[0.002s][info][gc,init] CardTable entry size: 512
[0.002s][info][gc     ] Using G1
[0.009s][info][gc,init] Version: 24-internal-adhoc.thomas.source (release)
[0.009s][info][gc,init] CPUs: 8 total, 6 available
[0.009s][info][gc,init] Memory: 15662M
[0.009s][info][gc,init] Large Page Support: Disabled
[0.009s][info][gc,init] NUMA Support: Disabled
[0.009s][info][gc,init] Compressed Oops: Enabled (Zero based)
[0.009s][info][gc,init] Heap Region Size: 2M
[0.009s][info][gc,init] Heap Min Capacity: 4G
[0.009s][info][gc,init] Heap Initial Capacity: 4G
[0.009s][info][gc,init] Heap Max Capacity: 4G
[0.009s][info][gc,init] Pre-touch: Disabled
[0.009s][info][gc,init] Parallel Workers: 6
[0.009s][info][gc,init] Concurrent Workers: 2
[0.009s][info][gc,init] Concurrent Refinement Workers: 6
[0.009s][info][gc,init] Periodic GC: Disabled
[0.009s][info][gc,metaspace] CDS archive(s) not mapped
[0.009s][info][gc,metaspace] Compressed class space mapped at: 0x00000000a4000000-0x00000000e4000000, reserved size: 1073741824
[0.009s][info][gc,metaspace] UseCompressedClassPointers 1, UseCompactObjectHeaders 1, narrow klass pointer bits 22, max shift 10
[0.009s][info][gc,metaspace] Narrow klass base: 0x00000000a4000000, Narrow klass shift: 9, Narrow klass range: 0x40000000

SPECjbb2015 Java Business Benchmark
 (c) Standard Performance Evaluation Corporation, 2015

Preparing to launch All-in-one SPECjbb2015.

Reading property file: /shared/projects/openjdk/analysis/lilliput-benefits/specjbb/results-COH-ON-G1-with-perf-0/./config/specjbb2015.props

     0s: Enumerating plugins...
     0s:    Connectivity:
     0s:             HTTP_Grizzly: Grizzly HTTP server, JDK HTTP client
     0s:              NIO_Grizzly: Grizzly NIO server, Grizzly NIO client
     0s:               HTTP_Jetty: Jetty HTTP server, JDK HTTP client
     0s:    Snapshot:
     0s:                 InMemory: Stores snapshots in heap memory
     0s:    Data Writers:
     0s:                     Demo: Send all frame to listener
     0s:                   InFile: Writing Data into file
     0s:                   Silent: Drop all frames
     0s: 
     0s: Kit validation is skipped.
     0s: Tests are skipped.
     0s: 
     0s: [1.052s][info][gc,start    ] GC(0) Pause Young (Normal) (G1 Evacuation Pause)
[1.053s][info][gc,task     ] GC(0) Using 6 workers of 6 for evacuation
[1.058s][info][gc,phases   ] GC(0)   Pre Evacuate Collection Set: 0.29ms
[1.058s][info][gc,phases   ] GC(0)   Merge Heap Roots: 0.07ms
[1.058s][info][gc,phases   ] GC(0)   Evacuate Collection Set: 4.21ms
[1.058s][info][gc,phases   ] GC(0)   Post Evacuate Collection Set: 0.51ms
[1.058s][info][gc,phases   ] GC(0)   Other: 0.46ms
[1.058s][info][gc,heap     ] GC(0) Eden regions: 102->0(99)
[1.058s][info][gc,heap     ] GC(0) Survivor regions: 0->3(13)
[1.058s][info][gc,heap     ] GC(0) Old regions: 0->0
[1.058s][info][gc,heap     ] GC(0) Humongous regions: 0->0
[1.058s][info][gc,metaspace] GC(0) Metaspace: 21094K(21312K)->21094K(21312K) NonClass: 17094K(17216K)->17094K(17216K) Class: 3999K(4096K)->3999K(4096K)
[1.058s][info][gc          ] GC(0) Pause Young (Normal) (G1 Evacuation Pause) 204M->4M(4096M) 5.711ms
[1.058s][info][gc,cpu      ] GC(0) User=0.02s Sys=0.00s Real=0.00s
[1.214s][info][gc,start    ] GC(1) Pause Young (Concurrent Start) (Metadata GC Threshold)
[1.214s][info][gc,task     ] GC(1) Using 6 workers of 6 for evacuation
[1.217s][info][gc,phases   ] GC(1)   Pre Evacuate Collection Set: 0.33ms
[1.217s][info][gc,phases   ] GC(1)   Merge Heap Roots: 0.05ms
[1.217s][info][gc,phases   ] GC(1)   Evacuate Collection Set: 2.23ms
[1.217s][info][gc,phases   ] GC(1)   Post Evacuate Collection Set: 0.31ms
[1.217s][info][gc,phases   ] GC(1)   Other: 0.07ms
[1.217s][info][gc,heap     ] GC(1) Eden regions: 47->0(99)
[1.217s][info][gc,heap     ] GC(1) Survivor regions: 3->3(13)
[1.217s][info][gc,heap     ] GC(1) Old regions: 0->0
[1.217s][info][gc,heap     ] GC(1) Humongous regions: 0->0
[1.217s][info][gc,metaspace] GC(1) Metaspace: 21414K(21504K)->21414K(21504K) NonClass: 17385K(17408K)->17385K(17408K) Class: 4029K(4096K)->4029K(4096K)
[1.217s][info][gc          ] GC(1) Pause Young (Concurrent Start) (Metadata GC Threshold) 98M->5M(4096M) 3.100ms
[1.217s][info][gc,cpu      ] GC(1) User=0.01s Sys=0.00s Real=0.00s
[1.217s][info][gc          ] GC(2) Concurrent Mark Cycle
[1.217s][info][gc,marking  ] GC(2) Concurrent Scan Root Regions
[1.219s][info][gc,marking  ] GC(2) Concurrent Scan Root Regions 1.342ms
[1.219s][info][gc,marking  ] GC(2) Concurrent Mark
[1.219s][info][gc,marking  ] GC(2) Concurrent Mark From Roots
[1.219s][info][gc,task     ] GC(2) Using 2 workers of 2 for marking
[1.219s][info][gc,marking  ] GC(2) Concurrent Mark From Roots 0.652ms
[1.219s][info][gc,marking  ] GC(2) Concurrent Preclean
[1.219s][info][gc,marking  ] GC(2) Concurrent Preclean 0.005ms
[1.219s][info][gc,start    ] GC(2) Pause Remark
[1.220s][info][gc          ] GC(2) Pause Remark 6M->6M(4096M) 0.837ms
[1.220s][info][gc,cpu      ] GC(2) User=0.00s Sys=0.00s Real=0.00s
[1.220s][info][gc,marking  ] GC(2) Concurrent Mark 1.588ms
[1.220s][info][gc,marking  ] GC(2) Concurrent Rebuild Remembered Sets and Scrub Regions
[1.220s][info][gc,marking  ] GC(2) Concurrent Rebuild Remembered Sets and Scrub Regions 0.082ms
[1.220s][info][gc,start    ] GC(2) Pause Cleanup
[1.220s][info][gc          ] GC(2) Pause Cleanup 6M->6M(4096M) 0.013ms
[1.220s][info][gc,cpu      ] GC(2) User=0.00s Sys=0.00s Real=0.00s
[1.220s][info][gc,marking  ] GC(2) Concurrent Clear Claimed Marks
[1.221s][info][gc,marking  ] GC(2) Concurrent Clear Claimed Marks 0.009ms
[1.221s][info][gc,marking  ] GC(2) Concurrent Cleanup for Next Mark
[1.226s][info][gc,marking  ] GC(2) Concurrent Cleanup for Next Mark 5.928ms
[1.226s][info][gc          ] GC(2) Concurrent Mark Cycle 9.141ms
Ladies and gentlemen, this is your Controller speaking.
     0s: We are delighted in having you for benchmark run today.
     0s: 
     0s: Binary log file is ./specjbb2015-C-20240906-00001.data.gz
     0s: 
     0s: Performing handshake with all agents ...
     0s: 
     0s:  Agent Group1.TxInjector.CompositeTxInjector has attached to Controller
     0s:  Agent Group1.Backend.CompositeBackend has attached to Controller
     0s: 
     0s: All agents have connected.
     0s: 
     0s: Attached agents info:

Group "Group1"
    TxInjectors:
        CompositeTxInjector, includes { Driver } @ [local in-Java link]
    Backends:
        CompositeBackend, includes { SM(2),SP(2) } @ [local in-Java link]

     0s: Initializing... (init[1.425s][info][gc,start    ] GC(3) Pause Young (Normal) (G1 Evacuation Pause)
[1.425s][info][gc,task     ] GC(3) Using 6 workers of 6 for evacuation
[1.489s][info][gc,phases   ] GC(3)   Pre Evacuate Collection Set: 0.29ms
[1.489s][info][gc,phases   ] GC(3)   Merge Heap Roots: 0.07ms
[1.489s][info][gc,phases   ] GC(3)   Evacuate Collection Set: 63.25ms
[1.489s][info][gc,phases   ] GC(3)   Post Evacuate Collection Set: 0.63ms
[1.489s][info][gc,phases   ] GC(3)   Other: 0.06ms
[1.489s][info][gc,heap     ] GC(3) Eden regions: 99->0(89)
[1.489s][info][gc,heap     ] GC(3) Survivor regions: 3->13(13)
[1.489s][info][gc,heap     ] GC(3) Old regions: 0->53
[1.489s][info][gc,heap     ] GC(3) Humongous regions: 15->15
[1.489s][info][gc,metaspace] GC(3) Metaspace: 22669K(22848K)->22669K(22848K) NonClass: 18407K(18496K)->18407K(18496K) Class: 4261K(4352K)->4261K(4352K)
[1.489s][info][gc          ] GC(3) Pause Young (Normal) (G1 Evacuation Pause) 233M->161M(4096M) 64.444ms
[1.489s][info][gc,cpu      ] GC(3) User=0.32s Sys=0.06s Real=0.06s
[1.594s][info][gc,start    ] GC(4) Pause Young (Normal) (G1 Evacuation Pause)
[1.594s][info][gc,task     ] GC(4) Using 6 workers of 6 for evacuation
[1.667s][info][gc,phases   ] GC(4)   Pre Evacuate Collection Set: 0.32ms
[1.668s][info][gc,phases   ] GC(4)   Merge Heap Roots: 0.24ms
[1.668s][info][gc,phases   ] GC(4)   Evacuate Collection Set: 72.67ms
[1.668s][info][gc,phases   ] GC(4)   Post Evacuate Collection Set: 0.50ms
[1.668s][info][gc,phases   ] GC(4)   Other: 0.05ms
[1.668s][info][gc,heap     ] GC(4) Eden regions: 89->0(89)
[1.668s][info][gc,heap     ] GC(4) Survivor regions: 13->13(13)
[1.668s][info][gc,heap     ] GC(4) Old regions: 53->120
[1.668s][info][gc,heap     ] GC(4) Humongous regions: 15->15
[1.668s][info][gc,metaspace] GC(4) Metaspace: 22713K(22912K)->22713K(22912K) NonClass: 18451K(18560K)->18451K(18560K) Class: 4261K(4352K)->4261K(4352K)
[1.668s][info][gc          ] GC(4) Pause Young (Normal) (G1 Evacuation Pause) 339M->296M(4096M) 73.908ms
[1.668s][info][gc,cpu      ] GC(4) User=0.40s Sys=0.04s Real=0.07s
[1.763s][info][gc,start    ] GC(5) Pause Young (Normal) (G1 Evacuation Pause)
[1.763s][info][gc,task     ] GC(5) Using 6 workers of 6 for evacuation
[1.839s][info][gc,phases   ] GC(5)   Pre Evacuate Collection Set: 0.37ms
[1.840s][info][gc,phases   ] GC(5)   Merge Heap Roots: 0.14ms
[1.840s][info][gc,phases   ] GC(5)   Evacuate Collection Set: 75.73ms
[1.840s][info][gc,phases   ] GC(5)   Post Evacuate Collection Set: 0.28ms
[1.840s][info][gc,phases   ] GC(5)   Other: 0.05ms
[1.840s][info][gc,heap     ] GC(5) Eden regions: 89->0(89)
[1.840s][info][gc,heap     ] GC(5) Survivor regions: 13->13(13)
[1.840s][info][gc,heap     ] GC(5) Old regions: 120->194
[1.840s][info][gc,heap     ] GC(5) Humongous regions: 19->19
[1.840s][info][gc,metaspace] GC(5) Metaspace: 22713K(22912K)->22713K(22912K) NonClass: 18451K(18560K)->18451K(18560K) Class: 4261K(4352K)->4261K(4352K)
[1.840s][info][gc          ] GC(5) Pause Young (Normal) (G1 Evacuation Pause) 482M->451M(4096M) 76.713ms
[1.840s][info][gc,cpu      ] GC(5) User=0.42s Sys=0.03s Real=0.07s
[1.913s][info][gc,start    ] GC(6) Pause Young (Normal) (G1 Evacuation Pause)
[1.913s][info][gc,task     ] GC(6) Using 6 workers of 6 for evacuation
[1.995s][info][gc,phases   ] GC(6)   Pre Evacuate Collection Set: 0.42ms
[1.995s][info][gc,phases   ] GC(6)   Merge Heap Roots: 0.13ms
[1.995s][info][gc,phases   ] GC(6)   Evacuate Collection Set: 81.01ms
[1.995s][info][gc,phases   ] GC(6)   Post Evacuate Collection Set: 0.22ms
[1.995s][info][gc,phases   ] GC(6)   Other: 0.06ms
[1.995s][info][gc,heap     ] GC(6) Eden regions: 89->0(89)
[1.995s][info][gc,heap     ] GC(6) Survivor regions: 13->13(13)
[1.995s][info][gc,heap     ] GC(6) Old regions: 194->271
[1.995s][info][gc,heap     ] GC(6) Humongous regions: 19->19
[1.995s][info][gc,metaspace] GC(6) Metaspace: 22716K(22912K)->22716K(22912K) NonClass: 18454K(18560K)->18454K(18560K) Class: 4261K(4352K)->4261K(4352K)
[1.995s][info][gc          ] GC(6) Pause Young (Normal) (G1 Evacuation Pause) 629M->606M(4096M) 81.992ms
[1.995s][info][gc,cpu      ] GC(6) User=0.46s Sys=0.02s Real=0.08s
[2.055s][info][gc,start    ] GC(7) Pause Young (Normal) (G1 Evacuation Pause)
[2.055s][info][gc,task     ] GC(7) Using 6 workers of 6 for evacuation
[2.133s][info][gc,phases   ] GC(7)   Pre Evacuate Collection Set: 0.30ms
[2.133s][info][gc,phases   ] GC(7)   Merge Heap Roots: 0.05ms
[2.133s][info][gc,phases   ] GC(7)   Evacuate Collection Set: 77.28ms
[2.133s][info][gc,phases   ] GC(7)   Post Evacuate Collection Set: 0.20ms
[2.133s][info][gc,phases   ] GC(7)   Other: 0.05ms
[2.133s][info][gc,heap     ] GC(7) Eden regions: 89->0(89)
[2.133s][info][gc,heap     ] GC(7) Survivor regions: 13->13(13)
[2.133s][info][gc,heap     ] GC(7) Old regions: 271->348
[2.133s][info][gc,heap     ] GC(7) Humongous regions: 19->19
[2.133s][info][gc,metaspace] GC(7) Metaspace: 22721K(22912K)->22721K(22912K) NonClass: 18460K(18560K)->18460K(18560K) Class: 4261K(4352K)->4261K(4352K)
[2.133s][info][gc          ] GC(7) Pause Young (Normal) (G1 Evacuation Pause) 784M->760M(4096M) 77.995ms
[2.133s][info][gc,cpu      ] GC(7) User=0.43s Sys=0.03s Real=0.08s
[2.362s][info][gc,start    ] GC(8) Pause Young (Normal) (G1 Evacuation Pause)
[2.362s][info][gc,task     ] GC(8) Using 6 workers of 6 for evacuation
[2.434s][info][gc,phases   ] GC(8)   Pre Evacuate Collection Set: 0.33ms
[2.434s][info][gc,phases   ] GC(8)   Merge Heap Roots: 0.10ms
[2.434s][info][gc,phases   ] GC(8)   Evacuate Collection Set: 71.19ms
[2.434s][info][gc,phases   ] GC(8)   Post Evacuate Collection Set: 0.23ms
[2.434s][info][gc,phases   ] GC(8)   Other: 0.05ms
[2.434s][info][gc,heap     ] GC(8) Eden regions: 89->0(89)
[2.434s][info][gc,heap     ] GC(8) Survivor regions: 13->13(13)
[2.434s][info][gc,heap     ] GC(8) Old regions: 348->401
[2.434s][info][gc,heap     ] GC(8) Humongous regions: 27->27
[2.434s][info][gc,metaspace] GC(8) Metaspace: 22771K(23040K)->22771K(23040K) NonClass: 18506K(18624K)->18506K(18624K) Class: 4264K(4416K)->4264K(4416K)
[2.434s][info][gc          ] GC(8) Pause Young (Normal) (G1 Evacuation Pause) 954M->882M(4096M) 72.056ms
[2.434s][info][gc,cpu      ] GC(8) User=0.41s Sys=0.02s Real=0.07s
[2.583s][info][gc,start    ] GC(9) Pause Young (Normal) (G1 Evacuation Pause)
[2.583s][info][gc,task     ] GC(9) Using 6 workers of 6 for evacuation
[2.661s][info][gc,phases   ] GC(9)   Pre Evacuate Collection Set: 0.35ms
[2.662s][info][gc,phases   ] GC(9)   Merge Heap Roots: 0.30ms
[2.662s][info][gc,phases   ] GC(9)   Evacuate Collection Set: 77.81ms
[2.662s][info][gc,phases   ] GC(9)   Post Evacuate Collection Set: 0.29ms
[2.662s][info][gc,phases   ] GC(9)   Other: 0.05ms
[2.662s][info][gc,heap     ] GC(9) Eden regions: 89->0(89)
[2.662s][info][gc,heap     ] GC(9) Survivor regions: 13->13(13)
[2.662s][info][gc,heap     ] GC(9) Old regions: 401->460
[2.662s][info][gc,heap     ] GC(9) Humongous regions: 36->36
[2.662s][info][gc,metaspace] GC(9) Metaspace: 22802K(23040K)->22802K(23040K) NonClass: 18536K(18624K)->18536K(18624K) Class: 4266K(4416K)->4266K(4416K)
[2.662s][info][gc          ] GC(9) Pause Young (Normal) (G1 Evacuation Pause) 1078M->1018M(4096M) 78.937ms
[2.662s][info][gc,cpu      ] GC(9) User=0.44s Sys=0.03s Real=0.07s
) OK
     2s: 
     2s: Check whether properties are compliant
     2s: (validation=PASSED) Property settings are COMPLIANT.
     2s: 
     2s: Searching for high-bound for max-jOPS possible for this system
     2s: Searching from base IR = 100
     2s:       rampup IR =      0 [reconfig (term) [2.935s][info][gc,start    ] GC(10) Pause Full (System.gc())
[2.935s][info][gc,task     ] GC(10) Using 6 workers of 6 for full compaction
[2.935s][info][gc,phases,start] GC(10) Phase 1: Mark live objects
[2.969s][info][gc,phases      ] GC(10) Phase 1: Mark live objects 34.259ms
[2.969s][info][gc,phases,start] GC(10) Phase 2: Prepare compaction
[2.978s][info][gc,phases      ] GC(10) Phase 2: Prepare compaction 8.814ms
[2.978s][info][gc,phases,start] GC(10) Phase 3: Adjust pointers
[2.986s][info][gc,phases      ] GC(10) Phase 3: Adjust pointers 7.739ms
[2.986s][info][gc,phases,start] GC(10) Phase 4: Compact heap
[2.995s][info][gc,phases      ] GC(10) Phase 4: Compact heap 9.018ms
[2.995s][info][gc,phases,start] GC(10) Phase 5: Reset Metadata
[2.997s][info][gc,phases      ] GC(10) Phase 5: Reset Metadata 1.774ms
[3.002s][info][gc,heap        ] GC(10) Eden regions: 62->0(102)
[3.002s][info][gc,heap        ] GC(10) Survivor regions: 13->0(13)
[3.002s][info][gc,heap        ] GC(10) Old regions: 460->34
[3.002s][info][gc,heap        ] GC(10) Humongous regions: 46->13
[3.002s][info][gc,metaspace   ] GC(10) Metaspace: 23063K(23232K)->23063K(23232K) NonClass: 18755K(18816K)->18755K(18816K) Class: 4307K(4416K)->4307K(4416K)
[3.002s][info][gc             ] GC(10) Pause Full (System.gc()) 1160M->86M(4096M) 67.097ms
[3.002s][info][gc,cpu         ] GC(10) User=0.28s Sys=0.00s Real=0.06s
(init[3.317s][info][gc,start       ] GC(11) Pause Young (Normal) (G1 Evacuation Pause)
[3.317s][info][gc,task        ] GC(11) Using 6 workers of 6 for evacuation
[3.371s][info][gc,phases      ] GC(11)   Pre Evacuate Collection Set: 0.31ms
[3.371s][info][gc,phases      ] GC(11)   Merge Heap Roots: 0.05ms
[3.371s][info][gc,phases      ] GC(11)   Evacuate Collection Set: 53.17ms
[3.371s][info][gc,phases      ] GC(11)   Post Evacuate Collection Set: 0.35ms
[3.371s][info][gc,phases      ] GC(11)   Other: 0.05ms
[3.371s][info][gc,heap        ] GC(11) Eden regions: 102->0(89)
[3.371s][info][gc,heap        ] GC(11) Survivor regions: 0->13(13)
[3.371s][info][gc,heap        ] GC(11) Old regions: 34->90
[3.371s][info][gc,heap        ] GC(11) Humongous regions: 15->15
[3.371s][info][gc,metaspace   ] GC(11) Metaspace: 23070K(23232K)->23070K(23232K) NonClass: 18762K(18816K)->18762K(18816K) Class: 4307K(4416K)->4307K(4416K)
[3.371s][info][gc             ] GC(11) Pause Young (Normal) (G1 Evacuation Pause) 294M->228M(4096M) 54.081ms
[3.371s][info][gc,cpu         ] GC(11) User=0.31s Sys=0.00s Real=0.05s
[3.401s][info][gc,start       ] GC(12) Pause Young (Normal) (G1 Evacuation Pause)
[3.401s][info][gc,task        ] GC(12) Using 6 workers of 6 for evacuation
[3.469s][info][gc,phases      ] GC(12)   Pre Evacuate Collection Set: 0.33ms
[3.469s][info][gc,phases      ] GC(12)   Merge Heap Roots: 0.17ms
[3.469s][info][gc,phases      ] GC(12)   Evacuate Collection Set: 67.45ms
[3.469s][info][gc,phases      ] GC(12)   Post Evacuate Collection Set: 0.22ms
[3.469s][info][gc,phases      ] GC(12)   Other: 0.05ms
[3.469s][info][gc,heap        ] GC(12) Eden regions: 89->0(89)
[3.469s][info][gc,heap        ] GC(12) Survivor regions: 13->13(13)
[3.469s][info][gc,heap        ] GC(12) Old regions: 90->165
[3.469s][info][gc,heap        ] GC(12) Humongous regions: 15->15
[3.469s][info][gc,metaspace   ] GC(12) Metaspace: 23070K(23232K)->23070K(23232K) NonClass: 18762K(18816K)->18762K(18816K) Class: 4307K(4416K)->4307K(4416K)
[3.469s][info][gc             ] GC(12) Pause Young (Normal) (G1 Evacuation Pause) 406M->378M(4096M) 68.362ms
[3.469s][info][gc,cpu         ] GC(12) User=0.40s Sys=0.00s Real=0.07s
[3.555s][info][gc,start       ] GC(13) Pause Young (Normal) (G1 Evacuation Pause)
[3.555s][info][gc,task        ] GC(13) Using 6 workers of 6 for evacuation
[3.616s][info][gc,phases      ] GC(13)   Pre Evacuate Collection Set: 0.32ms
[3.616s][info][gc,phases      ] GC(13)   Merge Heap Roots: 0.09ms
[3.616s][info][gc,phases      ] GC(13)   Evacuate Collection Set: 60.39ms
[3.616s][info][gc,phases      ] GC(13)   Post Evacuate Collection Set: 0.23ms
[3.616s][info][gc,phases      ] GC(13)   Other: 0.05ms
[3.616s][info][gc,heap        ] GC(13) Eden regions: 89->0(89)
[3.616s][info][gc,heap        ] GC(13) Survivor regions: 13->13(13)
[3.616s][info][gc,heap        ] GC(13) Old regions: 165->238
[3.616s][info][gc,heap        ] GC(13) Humongous regions: 15->15
[3.616s][info][gc,metaspace   ] GC(13) Metaspace: 23071K(23232K)->23071K(23232K) NonClass: 18763K(18816K)->18763K(18816K) Class: 4307K(4416K)->4307K(4416K)
[3.616s][info][gc             ] GC(13) Pause Young (Normal) (G1 Evacuation Pause) 556M->524M(4096M) 61.196ms
[3.616s][info][gc,cpu         ] GC(13) User=0.36s Sys=0.00s Real=0.06s
[3.691s][info][gc,start       ] GC(14) Pause Young (Normal) (G1 Evacuation Pause)
[3.691s][info][gc,task        ] GC(14) Using 6 workers of 6 for evacuation
[3.754s][info][gc,phases      ] GC(14)   Pre Evacuate Collection Set: 0.31ms
[3.754s][info][gc,phases      ] GC(14)   Merge Heap Roots: 0.09ms
[3.754s][info][gc,phases      ] GC(14)   Evacuate Collection Set: 61.70ms
[3.754s][info][gc,phases      ] GC(14)   Post Evacuate Collection Set: 0.23ms
[3.754s][info][gc,phases      ] GC(14)   Other: 0.05ms
[3.754s][info][gc,heap        ] GC(14) Eden regions: 89->0(89)
[3.754s][info][gc,heap        ] GC(14) Survivor regions: 13->13(13)
[3.754s][info][gc,heap        ] GC(14) Old regions: 238->312
[3.754s][info][gc,heap        ] GC(14) Humongous regions: 17->17
[3.754s][info][gc,metaspace   ] GC(14) Metaspace: 23074K(23296K)->23074K(23296K) NonClass: 18766K(18880K)->18766K(18880K) Class: 4307K(4416K)->4307K(4416K)
[3.754s][info][gc             ] GC(14) Pause Young (Normal) (G1 Evacuation Pause) 706M->676M(4096M) 62.515ms
[3.754s][info][gc,cpu         ] GC(14) User=0.37s Sys=0.00s Real=0.07s
[3.900s][info][gc,start       ] GC(15) Pause Young (Normal) (G1 Evacuation Pause)
[3.900s][info][gc,task        ] GC(15) Using 6 workers of 6 for evacuation
[3.973s][info][gc,phases      ] GC(15)   Pre Evacuate Collection Set: 0.29ms
[3.973s][info][gc,phases      ] GC(15)   Merge Heap Roots: 0.13ms
[3.973s][info][gc,phases      ] GC(15)   Evacuate Collection Set: 72.69ms
[3.973s][info][gc,phases      ] GC(15)   Post Evacuate Collection Set: 0.25ms
[3.973s][info][gc,phases      ] GC(15)   Other: 0.05ms
[3.973s][info][gc,heap        ] GC(15) Eden regions: 93->0(103)
[3.973s][info][gc,heap        ] GC(15) Survivor regions: 13->14(14)
[3.973s][info][gc,heap        ] GC(15) Old regions: 312->377
[3.973s][info][gc,heap        ] GC(15) Humongous regions: 25->25
[3.973s][info][gc,metaspace   ] GC(15) Metaspace: 23085K(23296K)->23085K(23296K) NonClass: 18778K(18880K)->18778K(18880K) Class: 4307K(4416K)->4307K(4416K)
[3.973s][info][gc             ] GC(15) Pause Young (Normal) (G1 Evacuation Pause) 878M->823M(4096M) 73.552ms
[3.973s][info][gc,cpu         ] GC(15) User=0.44s Sys=0.00s Real=0.08s
[4.131s][info][gc,start       ] GC(16) Pause Young (Normal) (G1 Evacuation Pause)
[4.131s][info][gc,task        ] GC(16) Using 6 workers of 6 for evacuation
[4.203s][info][gc,phases      ] GC(16)   Pre Evacuate Collection Set: 0.30ms
[4.203s][info][gc,phases      ] GC(16)   Merge Heap Roots: 0.21ms
[4.203s][info][gc,phases      ] GC(16)   Evacuate Collection Set: 70.50ms
[4.203s][info][gc,phases      ] GC(16)   Post Evacuate Collection Set: 0.31ms
[4.203s][info][gc,phases      ] GC(16)   Other: 0.05ms
[4.203s][info][gc,heap        ] GC(16) Eden regions: 88->0(110)
[4.203s][info][gc,heap        ] GC(16) Survivor regions: 14->13(13)
[4.203s][info][gc,heap        ] GC(16) Old regions: 377->425
[4.203s][info][gc,heap        ] GC(16) Humongous regions: 34->34
[4.203s][info][gc,metaspace   ] GC(16) Metaspace: 23086K(23296K)->23086K(23296K) NonClass: 18779K(18880K)->18779K(18880K) Class: 4307K(4416K)->4307K(4416K)
[4.203s][info][gc             ] GC(16) Pause Young (Normal) (G1 Evacuation Pause) 1017M->935M(4096M) 71.493ms
[4.203s][info][gc,cpu         ] GC(16) User=0.42s Sys=0.00s Real=0.08s
[4.523s][info][gc,start       ] GC(17) Pause Young (Normal) (G1 Evacuation Pause)
[4.523s][info][gc,task        ] GC(17) Using 6 workers of 6 for evacuation
[4.608s][info][gc,phases      ] GC(17)   Pre Evacuate Collection Set: 0.29ms
[4.608s][info][gc,phases      ] GC(17)   Merge Heap Roots: 0.22ms
[4.608s][info][gc,phases      ] GC(17)   Evacuate Collection Set: 83.72ms
[4.608s][info][gc,phases      ] GC(17)   Post Evacuate Collection Set: 0.28ms
[4.608s][info][gc,phases      ] GC(17)   Other: 0.05ms
[4.608s][info][gc,heap        ] GC(17) Eden regions: 100->0(120)
[4.608s][info][gc,heap        ] GC(17) Survivor regions: 13->15(15)
[4.608s][info][gc,heap        ] GC(17) Old regions: 425->484
[4.608s][info][gc,heap        ] GC(17) Humongous regions: 45->45
[4.608s][info][gc,metaspace   ] GC(17) Metaspace: 23087K(23296K)->23087K(23296K) NonClass: 18779K(18880K)->18779K(18880K) Class: 4307K(4416K)->4307K(4416K)
[4.608s][info][gc             ] GC(17) Pause Young (Normal) (G1 Evacuation Pause) 1157M->1080M(4096M) 84.716ms
[4.608s][info][gc,cpu         ] GC(17) User=0.49s Sys=0.01s Real=0.08s
) ] ... (rIR:aIR:PR = 0:0:0) (tPR = 0) [OK] 
     7s:       rampup IR =     10 ... (rIR:aIR:PR = 10:8:8) (tPR = 571) [OK] 
    10s:       rampup IR =     20 ... (rIR:aIR:PR = 20:20:20) (tPR = 1695) [OK] 
    13s:       rampup IR =     30 .... (rIR:aIR:PR = 30:27:27) (tPR = 2291) [OK] 
    17s:       rampup IR =     40 .... (rIR:aIR:PR = 40:38:38) (tPR = 2568) [OK] 
    21s:       rampup IR =     50 .... (rIR:aIR:PR = 50:51:51) (tPR = 3944) [OK] 
    25s:       rampup IR =     60 .... (rIR:aIR:PR = 60:62:60) (tPR = 3674) [OK] 
    29s:       rampup IR =     70 [30.254s][info][gc,start       ] GC(18) Pause Young (Normal) (G1 Evacuation Pause)
[30.254s][info][gc,task        ] GC(18) Using 6 workers of 6 for evacuation
[30.281s][info][gc,phases      ] GC(18)   Pre Evacuate Collection Set: 0.35ms
[30.281s][info][gc,phases      ] GC(18)   Merge Heap Roots: 0.18ms
[30.281s][info][gc,phases      ] GC(18)   Evacuate Collection Set: 26.47ms
[30.281s][info][gc,phases      ] GC(18)   Post Evacuate Collection Set: 0.33ms
[30.281s][info][gc,phases      ] GC(18)   Other: 0.07ms
[30.281s][info][gc,heap        ] GC(18) Eden regions: 131->0(177)
[30.281s][info][gc,heap        ] GC(18) Survivor regions: 15->7(19)
[30.281s][info][gc,heap        ] GC(18) Old regions: 484->500
[30.281s][info][gc,heap        ] GC(18) Humongous regions: 46->46
[30.281s][info][gc,metaspace   ] GC(18) Metaspace: 25127K(25280K)->25127K(25280K) NonClass: 20641K(20736K)->20641K(20736K) Class: 4486K(4544K)->4486K(4544K)
[30.281s][info][gc             ] GC(18) Pause Young (Normal) (G1 Evacuation Pause) 1344M->1098M(4096M) 27.561ms
[30.281s][info][gc,cpu         ] GC(18) User=0.14s Sys=0.01s Real=0.02s
.... (rIR:aIR:PR = 70:74:72) (tPR = 4059) [OK] 
    33s:       rampup IR =     80 .... (rIR:aIR:PR = 80:79:77) (tPR = 4152) [OK] 
    37s:       rampup IR =     90 .... (rIR:aIR:PR = 90:91:89) (tPR = 4169) [OK] 
    41s:       rampup IR =    100 .... (rIR:aIR:PR = 100:97:95) (tPR = 4402) [OK] 
    45s:    snapshot, IR =    100 ....|..[52.492s][info][gc,start       ] GC(19) Pause Young (Normal) (G1 Evacuation Pause)
[52.492s][info][gc,task        ] GC(19) Using 6 workers of 6 for evacuation
[52.515s][info][gc,phases      ] GC(19)   Pre Evacuate Collection Set: 0.35ms
[52.515s][info][gc,phases      ] GC(19)   Merge Heap Roots: 0.20ms
[52.515s][info][gc,phases      ] GC(19)   Evacuate Collection Set: 21.67ms
[52.515s][info][gc,phases      ] GC(19)   Post Evacuate Collection Set: 0.39ms
[52.515s][info][gc,phases      ] GC(19)   Other: 0.07ms
[52.515s][info][gc,heap        ] GC(19) Eden regions: 189->0(225)
[52.515s][info][gc,heap        ] GC(19) Survivor regions: 7->18(25)
[52.515s][info][gc,heap        ] GC(19) Old regions: 500->500
[52.515s][info][gc,heap        ] GC(19) Humongous regions: 46->46
[52.515s][info][gc,metaspace   ] GC(19) Metaspace: 25261K(25408K)->25261K(25408K) NonClass: 20772K(20864K)->20772K(20864K) Class: 4488K(4544K)->4488K(4544K)
[52.515s][info][gc             ] GC(19) Pause Young (Normal) (G1 Evacuation Pause) 1476M->1120M(4096M) 22.799ms
[52.515s][info][gc,cpu         ] GC(19) User=0.13s Sys=0.01s Real=0.02s
.........................[77.656s][info][gc,start       ] GC(20) Pause Young (Normal) (G1 Evacuation Pause)
[77.656s][info][gc,task        ] GC(20) Using 6 workers of 6 for evacuation
[77.691s][info][gc,phases      ] GC(20)   Pre Evacuate Collection Set: 0.35ms
[77.691s][info][gc,phases      ] GC(20)   Merge Heap Roots: 0.23ms
[77.691s][info][gc,phases      ] GC(20)   Evacuate Collection Set: 33.70ms
[77.691s][info][gc,phases      ] GC(20)   Post Evacuate Collection Set: 0.46ms
[77.691s][info][gc,phases      ] GC(20)   Other: 0.08ms
[77.691s][info][gc,heap        ] GC(20) Eden regions: 235->0(276)
[77.691s][info][gc,heap        ] GC(20) Survivor regions: 18->25(32)
[77.691s][info][gc,heap        ] GC(20) Old regions: 500->506
[77.691s][info][gc,heap        ] GC(20) Humongous regions: 46->46
[77.691s][info][gc,metaspace   ] GC(20) Metaspace: 27227K(27520K)->27227K(27520K) NonClass: 22416K(22592K)->22416K(22592K) Class: 4811K(4928K)->4811K(4928K)
[77.691s][info][gc             ] GC(20) Pause Young (Normal) (G1 Evacuation Pause) 1590M->1146M(4096M) 34.961ms
[77.691s][info][gc,cpu         ] GC(20) User=0.18s Sys=0.02s Real=0.03s
... (rIR:aIR:PR = 100:100:98) (tPR = 3166) [OK] 
    79s: Performing snapshot: (quiescence.....) (stop TxI) (stop BE) (saving... 103379 Kb) (term) [86.814s][info][gc,start       ] GC(21) Pause Full (System.gc())
[86.814s][info][gc,task        ] GC(21) Using 6 workers of 6 for full compaction
[86.814s][info][gc,phases,start] GC(21) Phase 1: Mark live objects
[86.829s][info][gc,phases      ] GC(21) Phase 1: Mark live objects 14.639ms
[86.829s][info][gc,phases,start] GC(21) Phase 2: Prepare compaction
[86.831s][info][gc,phases      ] GC(21) Phase 2: Prepare compaction 2.149ms
[86.831s][info][gc,phases,start] GC(21) Phase 3: Adjust pointers
[86.837s][info][gc,phases      ] GC(21) Phase 3: Adjust pointers 6.337ms
[86.837s][info][gc,phases,start] GC(21) Phase 4: Compact heap
[86.839s][info][gc,phases      ] GC(21) Phase 4: Compact heap 1.918ms
[86.839s][info][gc,phases,start] GC(21) Phase 5: Reset Metadata
[86.844s][info][gc,phases      ] GC(21) Phase 5: Reset Metadata 4.421ms
[86.849s][info][gc,heap        ] GC(21) Eden regions: 117->0(321)
[86.849s][info][gc,heap        ] GC(21) Survivor regions: 25->0(32)
[86.849s][info][gc,heap        ] GC(21) Old regions: 506->36
[86.849s][info][gc,heap        ] GC(21) Humongous regions: 331->66
[86.849s][info][gc,metaspace   ] GC(21) Metaspace: 27390K(27584K)->27390K(27584K) NonClass: 22570K(22656K)->22570K(22656K) Class: 4819K(4928K)->4819K(4928K)
[86.849s][info][gc             ] GC(21) Pause Full (System.gc()) 1948M->193M(4096M) 35.908ms
[86.849s][info][gc,cpu         ] GC(21) User=0.18s Sys=0.01s Real=0.03s
(init[87.529s][info][gc,start       ] GC(22) Pause Young (Normal) (G1 Evacuation Pause)
[87.530s][info][gc,task        ] GC(22) Using 6 workers of 6 for evacuation
[87.729s][info][gc,phases      ] GC(22)   Pre Evacuate Collection Set: 0.33ms
[87.729s][info][gc,phases      ] GC(22)   Merge Heap Roots: 0.53ms
[87.729s][info][gc,phases      ] GC(22)   Evacuate Collection Set: 197.96ms
[87.729s][info][gc,phases      ] GC(22)   Post Evacuate Collection Set: 0.47ms
[87.729s][info][gc,phases      ] GC(22)   Other: 0.09ms
[87.729s][info][gc,heap        ] GC(22) Eden regions: 294->0(215)
[87.729s][info][gc,heap        ] GC(22) Survivor regions: 0->37(37)
[87.729s][info][gc,heap        ] GC(22) Old regions: 36->103
[87.729s][info][gc,heap        ] GC(22) Humongous regions: 121->120
[87.729s][info][gc,metaspace   ] GC(22) Metaspace: 27481K(27712K)->27481K(27712K) NonClass: 22652K(22784K)->22652K(22784K) Class: 4828K(4928K)->4828K(4928K)
[87.729s][info][gc             ] GC(22) Pause Young (Normal) (G1 Evacuation Pause) 891M->509M(4096M) 199.525ms
[87.729s][info][gc,cpu         ] GC(22) User=1.15s Sys=0.02s Real=0.20s
[87.946s][info][gc,start       ] GC(23) Pause Young (Normal) (G1 Evacuation Pause)
[87.947s][info][gc,task        ] GC(23) Using 6 workers of 6 for evacuation
[88.098s][info][gc,phases      ] GC(23)   Pre Evacuate Collection Set: 0.28ms
[88.098s][info][gc,phases      ] GC(23)   Merge Heap Roots: 0.39ms
[88.098s][info][gc,phases      ] GC(23)   Evacuate Collection Set: 150.54ms
[88.098s][info][gc,phases      ] GC(23)   Post Evacuate Collection Set: 0.35ms
[88.098s][info][gc,phases      ] GC(23)   Other: 0.06ms
[88.098s][info][gc,heap        ] GC(23) Eden regions: 191->0(195)
[88.098s][info][gc,heap        ] GC(23) Survivor regions: 37->29(29)
[88.098s][info][gc,heap        ] GC(23) Old regions: 103->217
[88.098s][info][gc,heap        ] GC(23) Humongous regions: 123->123
[88.098s][info][gc,metaspace   ] GC(23) Metaspace: 27499K(27712K)->27499K(27712K) NonClass: 22668K(22784K)->22668K(22784K) Class: 4831K(4928K)->4831K(4928K)
[88.098s][info][gc             ] GC(23) Pause Young (Normal) (G1 Evacuation Pause) 897M->726M(4096M) 151.749ms
[88.098s][info][gc,cpu         ] GC(23) User=0.90s Sys=0.00s Real=0.15s
[88.592s][info][gc,start       ] GC(24) Pause Young (Normal) (G1 Evacuation Pause)
[88.592s][info][gc,task        ] GC(24) Using 6 workers of 6 for evacuation
[88.702s][info][gc,phases      ] GC(24)   Pre Evacuate Collection Set: 0.30ms
[88.702s][info][gc,phases      ] GC(24)   Merge Heap Roots: 0.39ms
[88.702s][info][gc,phases      ] GC(24)   Evacuate Collection Set: 108.25ms
[88.702s][info][gc,phases      ] GC(24)   Post Evacuate Collection Set: 0.39ms
[88.702s][info][gc,phases      ] GC(24)   Other: 0.06ms
[88.702s][info][gc,heap        ] GC(24) Eden regions: 189->0(216)
[88.702s][info][gc,heap        ] GC(24) Survivor regions: 29->28(28)
[88.702s][info][gc,heap        ] GC(24) Old regions: 217->282
[88.702s][info][gc,heap        ] GC(24) Humongous regions: 162->160
[88.702s][info][gc,metaspace   ] GC(24) Metaspace: 27509K(27712K)->27509K(27712K) NonClass: 22676K(22784K)->22676K(22784K) Class: 4832K(4928K)->4832K(4928K)
[88.702s][info][gc             ] GC(24) Pause Young (Normal) (G1 Evacuation Pause) 1182M->929M(4096M) 109.514ms
[88.702s][info][gc,cpu         ] GC(24) User=0.64s Sys=0.00s Real=0.10s
[88.761s][info][gc,start       ] GC(25) Pause Young (Normal) (G1 Evacuation Pause)
[88.761s][info][gc,task        ] GC(25) Using 6 workers of 6 for evacuation
[88.968s][info][gc,mmu         ] GC(25) MMU target violated: 201.0ms (200.0ms/201.0ms)
[88.968s][info][gc,phases      ] GC(25)   Pre Evacuate Collection Set: 0.30ms
[88.968s][info][gc,phases      ] GC(25)   Merge Heap Roots: 0.26ms
[88.968s][info][gc,phases      ] GC(25)   Evacuate Collection Set: 205.90ms
[88.968s][info][gc,phases      ] GC(25)   Post Evacuate Collection Set: 0.39ms
[88.968s][info][gc,phases      ] GC(25)   Other: 0.13ms
[88.969s][info][gc,heap        ] GC(25) Eden regions: 238->0(177)
[88.969s][info][gc,heap        ] GC(25) Survivor regions: 28->34(34)
[88.969s][info][gc,heap        ] GC(25) Old regions: 282->482
[88.969s][info][gc,heap        ] GC(25) Humongous regions: 160->160
[88.969s][info][gc,metaspace   ] GC(25) Metaspace: 27509K(27712K)->27509K(27712K) NonClass: 22676K(22784K)->22676K(22784K) Class: 4832K(4928K)->4832K(4928K)
[88.969s][info][gc             ] GC(25) Pause Young (Normal) (G1 Evacuation Pause) 1405M->1341M(4096M) 207.146ms
[88.969s][info][gc,cpu         ] GC(25) User=1.06s Sys=0.00s Real=0.21s
) ...
    91s:       rampup IR =      0 ... (rIR:aIR:PR = 0:0:0) (tPR = 0) [OK] 
    94s:       rampup IR =     10 ... (rIR:aIR:PR = 10:11:11) (tPR = 439) [OK] 
    97s:       rampup IR =     20 ... (rIR:aIR:PR = 20:18:18) (tPR = 670) [OK] 
   100s:       rampup IR =     30 .... (rIR:aIR:PR = 30:30:30) (tPR = 808) [OK] 
   104s:       rampup IR =     40 .... (rIR:aIR:PR = 40:38:38) (tPR = 973) [OK] 
   108s:       rampup IR =     50 .... (rIR:aIR:PR = 50:48:46) (tPR = 1109) [OK] 
   112s:       rampup IR =     60 .... (rIR:aIR:PR = 60:62:60) (tPR = 1157) [OK] 
   116s:       rampup IR =     70 .... (rIR:aIR:PR = 70:69:68) (tPR = 1586) [OK] 
   120s:       rampup IR =     80 .... (rIR:aIR:PR = 80:83:82) (tPR = 1760) [OK] 
   124s:       rampup IR =     90 .... (rIR:aIR:PR = 90:89:86) (tPR = 1877) [OK] 
   128s:       rampup IR =    100 .... (rIR:aIR:PR = 100:101:98) (tPR = 2168) [OK] 
   132s:       trying IR =    200 .[134.190s][info][gc,start       ] GC(26) Pause Young (Normal) (G1 Evacuation Pause)
[134.190s][info][gc,task        ] GC(26) Using 6 workers of 6 for evacuation
[134.261s][info][gc,phases      ] GC(26)   Pre Evacuate Collection Set: 0.37ms
[134.261s][info][gc,phases      ] GC(26)   Merge Heap Roots: 0.44ms
[134.261s][info][gc,phases      ] GC(26)   Evacuate Collection Set: 69.24ms
[134.261s][info][gc,phases      ] GC(26)   Post Evacuate Collection Set: 0.45ms
[134.261s][info][gc,phases      ] GC(26)   Other: 0.07ms
[134.261s][info][gc,heap        ] GC(26) Eden regions: 187->0(223)
[134.261s][info][gc,heap        ] GC(26) Survivor regions: 34->28(28)
[134.261s][info][gc,heap        ] GC(26) Old regions: 482->542
[134.261s][info][gc,heap        ] GC(26) Humongous regions: 160->160
[134.261s][info][gc,metaspace   ] GC(26) Metaspace: 27646K(27840K)->27646K(27840K) NonClass: 22808K(22912K)->22808K(22912K) Class: 4837K(4928K)->4837K(4928K)
[134.261s][info][gc             ] GC(26) Pause Young (Normal) (G1 Evacuation Pause) 1715M->1448M(4096M) 70.687ms
[134.261s][info][gc,cpu         ] GC(26) User=0.42s Sys=0.00s Real=0.07s
... (rIR:aIR:PR = 200:198:193) (tPR = 3916) [OK] 
   136s:       trying IR =    220 .... (rIR:aIR:PR = 220:216:211) (tPR = 4243) [OK] 
   140s:       trying IR =    244 .... (rIR:aIR:PR = 244:244:239) (tPR = 4973) [OK] 
   144s:       trying IR =    273 .... (rIR:aIR:PR = 273:276:270) (tPR = 5460) [OK] 
   148s:       trying IR =    307 [149.223s][info][gc,start       ] GC(27) Pause Young (Normal) (G1 Evacuation Pause)
[149.223s][info][gc,task        ] GC(27) Using 6 workers of 6 for evacuation
[149.268s][info][gc,phases      ] GC(27)   Pre Evacuate Collection Set: 0.36ms
[149.268s][info][gc,phases      ] GC(27)   Merge Heap Roots: 0.50ms
[149.268s][info][gc,phases      ] GC(27)   Evacuate Collection Set: 43.62ms
[149.268s][info][gc,phases      ] GC(27)   Post Evacuate Collection Set: 0.48ms
[149.268s][info][gc,phases      ] GC(27)   Other: 0.06ms
[149.268s][info][gc,heap        ] GC(27) Eden regions: 220->0(297)
[149.268s][info][gc,heap        ] GC(27) Survivor regions: 28->17(31)
[149.268s][info][gc,heap        ] GC(27) Old regions: 542->570
[149.268s][info][gc,heap        ] GC(27) Humongous regions: 160->160
[149.268s][info][gc,metaspace   ] GC(27) Metaspace: 27754K(27968K)->27754K(27968K) NonClass: 22915K(23040K)->22915K(23040K) Class: 4839K(4928K)->4839K(4928K)
[149.268s][info][gc             ] GC(27) Pause Young (Normal) (G1 Evacuation Pause) 1888M->1483M(4096M) 45.166ms
[149.268s][info][gc,cpu         ] GC(27) User=0.26s Sys=0.01s Real=0.04s
.... (rIR:aIR:PR = 307:305:300) (tPR = 6011) [OK] 
   152s:       trying IR =    349 .... (rIR:aIR:PR = 349:356:347) (tPR = 6396) [OK] 
   156s:       trying IR =    399 ...[160.132s][info][gc,start       ] GC(28) Pause Young (Normal) (G1 Evacuation Pause)
[160.132s][info][gc,task        ] GC(28) Using 6 workers of 6 for evacuation
[160.170s][info][gc,phases      ] GC(28)   Pre Evacuate Collection Set: 0.39ms
[160.171s][info][gc,phases      ] GC(28)   Merge Heap Roots: 0.44ms
[160.171s][info][gc,phases      ] GC(28)   Evacuate Collection Set: 36.84ms
[160.171s][info][gc,phases      ] GC(28)   Post Evacuate Collection Set: 0.47ms
[160.171s][info][gc,phases      ] GC(28)   Other: 0.07ms
[160.171s][info][gc,heap        ] GC(28) Eden regions: 302->0(345)
[160.171s][info][gc,heap        ] GC(28) Survivor regions: 17->33(40)
[160.171s][info][gc,heap        ] GC(28) Old regions: 570->570
[160.171s][info][gc,heap        ] GC(28) Humongous regions: 160->160
[160.171s][info][gc,metaspace   ] GC(28) Metaspace: 27801K(27968K)->27801K(27968K) NonClass: 22962K(23040K)->22962K(23040K) Class: 4839K(4928K)->4839K(4928K)
[160.171s][info][gc             ] GC(28) Pause Young (Normal) (G1 Evacuation Pause) 2087M->1514M(4096M) 38.335ms
[160.171s][info][gc,cpu         ] GC(28) User=0.22s Sys=0.01s Real=0.03s
. (rIR:aIR:PR = 399:395:387) (tPR = 6752) [OK] 
   160s:       trying IR =    458 .... (rIR:aIR:PR = 458:457:449) (tPR = 8698) [OK] 
   164s:       trying IR =    530 ...[168.870s][info][gc,start       ] GC(29) Pause Young (Normal) (G1 Evacuation Pause)
[168.870s][info][gc,task        ] GC(29) Using 6 workers of 6 for evacuation
[168.925s][info][gc,phases      ] GC(29)   Pre Evacuate Collection Set: 0.36ms
[168.925s][info][gc,phases      ] GC(29)   Merge Heap Roots: 0.42ms
[168.925s][info][gc,phases      ] GC(29)   Evacuate Collection Set: 54.16ms
[168.925s][info][gc,phases      ] GC(29)   Post Evacuate Collection Set: 0.50ms
[168.925s][info][gc,phases      ] GC(29)   Other: 0.07ms
[168.925s][info][gc,heap        ] GC(29) Eden regions: 346->0(396)
[168.925s][info][gc,heap        ] GC(29) Survivor regions: 33->37(48)
[168.925s][info][gc,heap        ] GC(29) Old regions: 570->584
[168.925s][info][gc,heap        ] GC(29) Humongous regions: 160->160
[168.925s][info][gc,metaspace   ] GC(29) Metaspace: 27851K(28096K)->27851K(28096K) NonClass: 23009K(23168K)->23009K(23168K) Class: 4841K(4928K)->4841K(4928K)
[168.926s][info][gc             ] GC(29) Pause Young (Normal) (G1 Evacuation Pause) 2206M->1551M(4096M) 55.662ms
[168.926s][info][gc,cpu         ] GC(29) User=0.32s Sys=0.01s Real=0.06s
.. (rIR:aIR:PR = 530:530:519) (tPR = 9658) [OK] 
   169s:       trying IR =    616 .... (rIR:aIR:PR = 616:611:598) (tPR = 10817) [OK] 
   173s:       trying IR =    719 ..[176.383s][info][gc,start       ] GC(30) Pause Young (Normal) (G1 Evacuation Pause)
[176.383s][info][gc,task        ] GC(30) Using 6 workers of 6 for evacuation
[176.441s][info][gc,phases      ] GC(30)   Pre Evacuate Collection Set: 0.36ms
[176.441s][info][gc,phases      ] GC(30)   Merge Heap Roots: 0.34ms
[176.441s][info][gc,phases      ] GC(30)   Evacuate Collection Set: 56.39ms
[176.441s][info][gc,phases      ] GC(30)   Post Evacuate Collection Set: 0.55ms
[176.441s][info][gc,phases      ] GC(30)   Other: 0.07ms
[176.441s][info][gc,heap        ] GC(30) Eden regions: 408->0(453)
[176.441s][info][gc,heap        ] GC(30) Survivor regions: 37->43(56)
[176.441s][info][gc,heap        ] GC(30) Old regions: 584->600
[176.441s][info][gc,heap        ] GC(30) Humongous regions: 160->160
[176.441s][info][gc,metaspace   ] GC(30) Metaspace: 27890K(28096K)->27890K(28096K) NonClass: 23047K(23168K)->23047K(23168K) Class: 4842K(4928K)->4842K(4928K)
[176.441s][info][gc             ] GC(30) Pause Young (Normal) (G1 Evacuation Pause) 2367M->1593M(4096M) 57.872ms
[176.441s][info][gc,cpu         ] GC(30) User=0.33s Sys=0.01s Real=0.05s
... (rIR:aIR:PR = 719:713:698) (tPR = 12585) [OK] 
   178s:       trying IR =    843 .... (rIR:aIR:PR = 843:838:818) (tPR = 13995) [OK] 
   182s:       trying IR =    992 [183.472s][info][gc,start       ] GC(31) Pause Young (Normal) (G1 Evacuation Pause)
[183.473s][info][gc,task        ] GC(31) Using 6 workers of 6 for evacuation
[183.532s][info][gc,phases      ] GC(31)   Pre Evacuate Collection Set: 0.37ms
[183.532s][info][gc,phases      ] GC(31)   Merge Heap Roots: 0.32ms
[183.532s][info][gc,phases      ] GC(31)   Evacuate Collection Set: 58.58ms
[183.532s][info][gc,phases      ] GC(31)   Post Evacuate Collection Set: 0.59ms
[183.533s][info][gc,phases      ] GC(31)   Other: 0.07ms
[183.533s][info][gc,heap        ] GC(31) Eden regions: 466->0(520)
[183.533s][info][gc,heap        ] GC(31) Survivor regions: 43->45(64)
[183.533s][info][gc,heap        ] GC(31) Old regions: 600->617
[183.533s][info][gc,heap        ] GC(31) Humongous regions: 160->160
[183.533s][info][gc,metaspace   ] GC(31) Metaspace: 27941K(28160K)->27941K(28160K) NonClass: 23097K(23232K)->23097K(23232K) Class: 4844K(4928K)->4844K(4928K)
[183.533s][info][gc             ] GC(31) Pause Young (Normal) (G1 Evacuation Pause) 2525M->1633M(4096M) 60.068ms
[183.533s][info][gc,cpu         ] GC(31) User=0.34s Sys=0.02s Real=0.06s
.... (rIR:aIR:PR = 992:991:969) (tPR = 16962) [OK] 
   186s:       trying IR =   1170 ..[189.419s][info][gc,start       ] GC(32) Pause Young (Normal) (G1 Evacuation Pause)
[189.419s][info][gc,task        ] GC(32) Using 6 workers of 6 for evacuation
[189.486s][info][gc,phases      ] GC(32)   Pre Evacuate Collection Set: 0.36ms
[189.486s][info][gc,phases      ] GC(32)   Merge Heap Roots: 0.36ms
[189.486s][info][gc,phases      ] GC(32)   Evacuate Collection Set: 65.25ms
[189.486s][info][gc,phases      ] GC(32)   Post Evacuate Collection Set: 0.56ms
[189.486s][info][gc,phases      ] GC(32)   Other: 0.08ms
[189.486s][info][gc,heap        ] GC(32) Eden regions: 529->0(569)
[189.486s][info][gc,heap        ] GC(32) Survivor regions: 45->52(72)
[189.486s][info][gc,heap        ] GC(32) Old regions: 617->636
[189.486s][info][gc,heap        ] GC(32) Humongous regions: 160->160
[189.486s][info][gc,metaspace   ] GC(32) Metaspace: 27969K(28160K)->27969K(28160K) NonClass: 23125K(23232K)->23125K(23232K) Class: 4844K(4928K)->4844K(4928K)
[189.486s][info][gc             ] GC(32) Pause Young (Normal) (G1 Evacuation Pause) 2691M->1684M(4096M) 66.766ms
[189.486s][info][gc,cpu         ] GC(32) User=0.38s Sys=0.01s Real=0.07s
.. (rIR:aIR:PR = 1170:1151:1137) (tPR = 19234) [OK] 
   190s:       trying IR =   1384 ...[194.749s][info][gc,start       ] GC(33) Pause Young (Normal) (G1 Evacuation Pause)
[194.749s][info][gc,task        ] GC(33) Using 6 workers of 6 for evacuation
[194.820s][info][gc,phases      ] GC(33)   Pre Evacuate Collection Set: 0.40ms
[194.820s][info][gc,phases      ] GC(33)   Merge Heap Roots: 0.30ms
[194.820s][info][gc,phases      ] GC(33)   Evacuate Collection Set: 69.32ms
[194.820s][info][gc,phases      ] GC(33)   Post Evacuate Collection Set: 0.61ms
[194.820s][info][gc,phases      ] GC(33)   Other: 0.08ms
[194.820s][info][gc,heap        ] GC(33) Eden regions: 579->0(628)
[194.820s][info][gc,heap        ] GC(33) Survivor regions: 52->57(79)
[194.820s][info][gc,heap        ] GC(33) Old regions: 636->656
[194.820s][info][gc,heap        ] GC(33) Humongous regions: 160->160
[194.820s][info][gc,metaspace   ] GC(33) Metaspace: 28085K(28352K)->28085K(28352K) NonClass: 23225K(23360K)->23225K(23360K) Class: 4860K(4992K)->4860K(4992K)
[194.820s][info][gc             ] GC(33) Pause Young (Normal) (G1 Evacuation Pause) 2842M->1734M(4096M) 70.845ms
[194.820s][info][gc,cpu         ] GC(33) User=0.41s Sys=0.02s Real=0.07s
. (rIR:aIR:PR = 1384:1360:1355) (tPR = 23071) [OK] 
   194s:       trying IR =   1641 .... (rIR:aIR:PR = 1641:1652:1652) (tPR = 27210) [OK] 
   198s:       trying IR =   1949 [199.463s][info][gc,start       ] GC(34) Pause Young (Normal) (G1 Evacuation Pause)
[199.463s][info][gc,task        ] GC(34) Using 6 workers of 6 for evacuation
[199.540s][info][gc,phases      ] GC(34)   Pre Evacuate Collection Set: 0.39ms
[199.540s][info][gc,phases      ] GC(34)   Merge Heap Roots: 0.30ms
[199.540s][info][gc,phases      ] GC(34)   Evacuate Collection Set: 75.61ms
[199.540s][info][gc,phases      ] GC(34)   Post Evacuate Collection Set: 0.68ms
[199.540s][info][gc,phases      ] GC(34)   Other: 0.07ms
[199.540s][info][gc,heap        ] GC(34) Eden regions: 636->0(681)
[199.540s][info][gc,heap        ] GC(34) Survivor regions: 57->61(87)
[199.540s][info][gc,heap        ] GC(34) Old regions: 656->680
[199.540s][info][gc,heap        ] GC(34) Humongous regions: 162->162
[199.540s][info][gc,metaspace   ] GC(34) Metaspace: 28116K(28352K)->28116K(28352K) NonClass: 23256K(23360K)->23256K(23360K) Class: 4860K(4992K)->4860K(4992K)
[199.540s][info][gc             ] GC(34) Pause Young (Normal) (G1 Evacuation Pause) 3010M->1795M(4096M) 77.192ms
[199.541s][info][gc,cpu         ] GC(34) User=0.44s Sys=0.02s Real=0.07s
....[203.661s][info][gc,start       ] GC(35) Pause Young (Normal) (G1 Evacuation Pause)
[203.661s][info][gc,task        ] GC(35) Using 6 workers of 6 for evacuation
[203.746s][info][gc,phases      ] GC(35)   Pre Evacuate Collection Set: 0.36ms
[203.746s][info][gc,phases      ] GC(35)   Merge Heap Roots: 0.32ms
[203.746s][info][gc,phases      ] GC(35)   Evacuate Collection Set: 83.35ms
[203.746s][info][gc,phases      ] GC(35)   Post Evacuate Collection Set: 0.65ms
[203.746s][info][gc,phases      ] GC(35)   Other: 0.08ms
[203.746s][info][gc,heap        ] GC(35) Eden regions: 684->0(725)
[203.746s][info][gc,heap        ] GC(35) Survivor regions: 61->67(94)
[203.746s][info][gc,heap        ] GC(35) Old regions: 680->704
[203.746s][info][gc,heap        ] GC(35) Humongous regions: 162->162
[203.746s][info][gc,metaspace   ] GC(35) Metaspace: 28137K(28352K)->28137K(28352K) NonClass: 23277K(23360K)->23277K(23360K) Class: 4860K(4992K)->4860K(4992K)
[203.746s][info][gc             ] GC(35) Pause Young (Normal) (G1 Evacuation Pause) 3163M->1855M(4096M) 84.890ms
[203.746s][info][gc,cpu         ] GC(35) User=0.48s Sys=0.02s Real=0.09s
. (rIR:aIR:PR = 1949:1943:1943) (tPR = 33493) [OK] 
   203s:       trying IR =   2319 ...[207.747s][info][gc,start       ] GC(36) Pause Young (Normal) (G1 Evacuation Pause)
[207.747s][info][gc,task        ] GC(36) Using 6 workers of 6 for evacuation
[207.836s][info][gc,phases      ] GC(36)   Pre Evacuate Collection Set: 0.36ms
[207.836s][info][gc,phases      ] GC(36)   Merge Heap Roots: 0.33ms
[207.836s][info][gc,phases      ] GC(36)   Evacuate Collection Set: 87.58ms
[207.836s][info][gc,phases      ] GC(36)   Post Evacuate Collection Set: 0.75ms
[207.836s][info][gc,phases      ] GC(36)   Other: 0.09ms
[207.836s][info][gc,heap        ] GC(36) Eden regions: 728->0(758)
[207.836s][info][gc,heap        ] GC(36) Survivor regions: 67->72(100)
[207.836s][info][gc,heap        ] GC(36) Old regions: 704->730
[207.836s][info][gc,heap        ] GC(36) Humongous regions: 162->162
[207.836s][info][gc,metaspace   ] GC(36) Metaspace: 28199K(28480K)->28199K(28480K) NonClass: 23334K(23488K)->23334K(23488K) Class: 4865K(4992K)->4865K(4992K)
[207.836s][info][gc             ] GC(36) Pause Young (Normal) (G1 Evacuation Pause) 3311M->1917M(4096M) 89.250ms
[207.836s][info][gc,cpu         ] GC(36) User=0.51s Sys=0.02s Real=0.09s
. (rIR:aIR:PR = 2319:2332:2332) (tPR = 38638) [OK] 
   207s:       trying IR =   2762 ...[211.773s][info][gc,start       ] GC(37) Pause Young (Normal) (G1 Evacuation Pause)
[211.773s][info][gc,task        ] GC(37) Using 6 workers of 6 for evacuation
[211.868s][info][gc,phases      ] GC(37)   Pre Evacuate Collection Set: 0.40ms
[211.868s][info][gc,phases      ] GC(37)   Merge Heap Roots: 0.40ms
[211.868s][info][gc,phases      ] GC(37)   Evacuate Collection Set: 93.09ms
[211.868s][info][gc,phases      ] GC(37)   Post Evacuate Collection Set: 0.77ms
[211.868s][info][gc,phases      ] GC(37)   Other: 0.10ms
[211.868s][info][gc,heap        ] GC(37) Eden regions: 758->0(767)
[211.868s][info][gc,heap        ] GC(37) Survivor regions: 72->77(104)
[211.868s][info][gc,heap        ] GC(37) Old regions: 730->757
[211.868s][info][gc,heap        ] GC(37) Humongous regions: 162->162
[211.868s][info][gc,metaspace   ] GC(37) Metaspace: 28273K(28544K)->28273K(28544K) NonClass: 23406K(23552K)->23406K(23552K) Class: 4866K(4992K)->4866K(4992K)
[211.868s][info][gc             ] GC(37) Pause Young (Normal) (G1 Evacuation Pause) 3433M->1980M(4096M) 94.930ms
[211.868s][info][gc,cpu         ] GC(37) User=0.55s Sys=0.01s Real=0.09s
. (rIR:aIR:PR = 2762:2782:2782) (tPR = 42597) [OK] 
   211s:       trying IR =   3295 ...[215.362s][info][gc,start       ] GC(38) Pause Young (Normal) (G1 Evacuation Pause)
[215.362s][info][gc,task        ] GC(38) Using 6 workers of 6 for evacuation
[215.458s][info][gc,phases      ] GC(38)   Pre Evacuate Collection Set: 0.34ms
[215.458s][info][gc,phases      ] GC(38)   Merge Heap Roots: 0.41ms
[215.458s][info][gc,phases      ] GC(38)   Evacuate Collection Set: 94.42ms
[215.458s][info][gc,phases      ] GC(38)   Post Evacuate Collection Set: 0.88ms
[215.458s][info][gc,phases      ] GC(38)   Other: 0.07ms
[215.458s][info][gc,heap        ] GC(38) Eden regions: 767->0(770)
[215.458s][info][gc,heap        ] GC(38) Survivor regions: 77->83(106)
[215.458s][info][gc,heap        ] GC(38) Old regions: 757->785
[215.458s][info][gc,heap        ] GC(38) Humongous regions: 162->162
[215.458s][info][gc,metaspace   ] GC(38) Metaspace: 28570K(28864K)->28570K(28864K) NonClass: 23688K(23808K)->23688K(23808K) Class: 4881K(5056K)->4881K(5056K)
[215.458s][info][gc             ] GC(38) Pause Young (Normal) (G1 Evacuation Pause) 3514M->2048M(4096M) 96.268ms
[215.458s][info][gc,cpu         ] GC(38) User=0.55s Sys=0.01s Real=0.09s
. (rIR:aIR:PR = 3295:3293:3294) (tPR = 51068) [OK] 
   215s:       trying IR =   3934 ..[218.518s][info][gc,start       ] GC(39) Pause Young (Concurrent Start) (G1 Evacuation Pause)
[218.518s][info][gc,task        ] GC(39) Using 6 workers of 6 for evacuation
[218.617s][info][gc,phases      ] GC(39)   Pre Evacuate Collection Set: 0.44ms
[218.617s][info][gc,phases      ] GC(39)   Merge Heap Roots: 0.48ms
[218.617s][info][gc,phases      ] GC(39)   Evacuate Collection Set: 96.94ms
[218.617s][info][gc,phases      ] GC(39)   Post Evacuate Collection Set: 0.77ms
[218.617s][info][gc,phases      ] GC(39)   Other: 0.13ms
[218.617s][info][gc,heap        ] GC(39) Eden regions: 770->0(770)
[218.617s][info][gc,heap        ] GC(39) Survivor regions: 83->84(107)
[218.617s][info][gc,heap        ] GC(39) Old regions: 785->815
[218.617s][info][gc,heap        ] GC(39) Humongous regions: 162->162
[218.617s][info][gc,metaspace   ] GC(39) Metaspace: 28646K(28928K)->28646K(28928K) NonClass: 23764K(23872K)->23764K(23872K) Class: 4881K(5056K)->4881K(5056K)
[218.617s][info][gc             ] GC(39) Pause Young (Concurrent Start) (G1 Evacuation Pause) 3588M->2109M(4096M) 98.912ms
[218.617s][info][gc             ] GC(40) Concurrent Mark Cycle
[218.617s][info][gc,marking     ] GC(40) Concurrent Scan Root Regions
[218.617s][info][gc,cpu         ] GC(39) User=0.58s Sys=0.01s Real=0.10s
[218.719s][info][gc,marking     ] GC(40) Concurrent Scan Root Regions 101.984ms
[218.719s][info][gc,marking     ] GC(40) Concurrent Mark
[218.719s][info][gc,marking     ] GC(40) Concurrent Mark From Roots
[218.719s][info][gc,task        ] GC(40) Using 2 workers of 2 for marking
.[219.327s][info][gc,marking     ] GC(40) Concurrent Mark From Roots 608.031ms
[219.327s][info][gc,marking     ] GC(40) Concurrent Preclean
[219.327s][info][gc,marking     ] GC(40) Concurrent Preclean 0.091ms
[219.330s][info][gc,start       ] GC(40) Pause Remark
[219.335s][info][gc             ] GC(40) Pause Remark 2521M->2187M(4096M) 4.727ms
[219.335s][info][gc,cpu         ] GC(40) User=0.02s Sys=0.00s Real=0.01s
[219.335s][info][gc,marking     ] GC(40) Concurrent Mark 615.775ms
[219.335s][info][gc,marking     ] GC(40) Concurrent Rebuild Remembered Sets and Scrub Regions
[219.554s][info][gc,marking     ] GC(40) Concurrent Rebuild Remembered Sets and Scrub Regions 219.424ms
[219.555s][info][gc,start       ] GC(40) Pause Cleanup
[219.555s][info][gc             ] GC(40) Pause Cleanup 2317M->2317M(4096M) 0.254ms
[219.555s][info][gc,cpu         ] GC(40) User=0.00s Sys=0.00s Real=0.00s
[219.555s][info][gc,marking     ] GC(40) Concurrent Clear Claimed Marks
[219.555s][info][gc,marking     ] GC(40) Concurrent Clear Claimed Marks 0.030ms
[219.555s][info][gc,marking     ] GC(40) Concurrent Cleanup for Next Mark
[219.558s][info][gc,marking     ] GC(40) Concurrent Cleanup for Next Mark 3.417ms
[219.558s][info][gc             ] GC(40) Concurrent Mark Cycle 941.239ms
. (rIR:aIR:PR = 3934:3939:3940) (tPR = 58788) [OK] 
   219s:       trying IR =   4701 .[221.405s][info][gc,start       ] GC(41) Pause Young (Prepare Mixed) (G1 Evacuation Pause)
[221.405s][info][gc,task        ] GC(41) Using 6 workers of 6 for evacuation
[221.520s][info][gc,phases      ] GC(41)   Pre Evacuate Collection Set: 0.38ms
[221.520s][info][gc,phases      ] GC(41)   Merge Heap Roots: 0.52ms
[221.520s][info][gc,phases      ] GC(41)   Evacuate Collection Set: 112.54ms
[221.520s][info][gc,phases      ] GC(41)   Post Evacuate Collection Set: 0.93ms
[221.520s][info][gc,phases      ] GC(41)   Other: 0.10ms
[221.520s][info][gc,heap        ] GC(41) Eden regions: 770->0(820)
[221.520s][info][gc,heap        ] GC(41) Survivor regions: 84->87(107)
[221.520s][info][gc,heap        ] GC(41) Old regions: 733->763
[221.520s][info][gc,heap        ] GC(41) Humongous regions: 77->77
[221.520s][info][gc,metaspace   ] GC(41) Metaspace: 28660K(28928K)->28660K(28928K) NonClass: 23778K(23872K)->23778K(23872K) Class: 4881K(5056K)->4881K(5056K)
[221.520s][info][gc             ] GC(41) Pause Young (Prepare Mixed) (G1 Evacuation Pause) 3315M->1841M(4096M) 114.616ms
[221.520s][info][gc,cpu         ] GC(41) User=0.68s Sys=0.00s Real=0.11s
... (rIR:aIR:PR = 4701:4690:4689) (tPR = 71096) [OK] 
   223s:       trying IR =   5621 [224.250s][info][gc,start       ] GC(42) Pause Young (Mixed) (G1 Evacuation Pause)
[224.250s][info][gc,task        ] GC(42) Using 6 workers of 6 for evacuation
[224.358s][info][gc,phases      ] GC(42)   Pre Evacuate Collection Set: 0.40ms
[224.358s][info][gc,phases      ] GC(42)   Merge Heap Roots: 0.65ms
[224.358s][info][gc,phases      ] GC(42)   Evacuate Collection Set: 105.18ms
[224.358s][info][gc,phases      ] GC(42)   Post Evacuate Collection Set: 1.06ms
[224.358s][info][gc,phases      ] GC(42)   Other: 0.11ms
[224.358s][info][gc,heap        ] GC(42) Eden regions: 805->0(849)
[224.358s][info][gc,heap        ] GC(42) Survivor regions: 87->86(112)
[224.358s][info][gc,heap        ] GC(42) Old regions: 763->748
[224.358s][info][gc,heap        ] GC(42) Humongous regions: 77->77
[224.358s][info][gc,metaspace   ] GC(42) Metaspace: 28661K(28928K)->28661K(28928K) NonClass: 23778K(23872K)->23778K(23872K) Class: 4882K(5056K)->4882K(5056K)
[224.358s][info][gc             ] GC(42) Pause Young (Mixed) (G1 Evacuation Pause) 3451M->1816M(4096M) 107.537ms
[224.358s][info][gc,cpu         ] GC(42) User=0.62s Sys=0.01s Real=0.11s
..[226.673s][info][gc,start       ] GC(43) Pause Young (Mixed) (G1 Evacuation Pause)
[226.673s][info][gc,task        ] GC(43) Using 6 workers of 6 for evacuation
[226.783s][info][gc,phases      ] GC(43)   Pre Evacuate Collection Set: 0.40ms
[226.783s][info][gc,phases      ] GC(43)   Merge Heap Roots: 0.56ms
[226.783s][info][gc,phases      ] GC(43)   Evacuate Collection Set: 107.91ms
[226.783s][info][gc,phases      ] GC(43)   Merge Optional Heap Roots: 0.02ms
[226.783s][info][gc,phases      ] GC(43)   Evacuate Optional Collection Set: 0.23ms
[226.783s][info][gc,phases      ] GC(43)   Post Evacuate Collection Set: 1.04ms
[226.783s][info][gc,phases      ] GC(43)   Other: 0.11ms
[226.783s][info][gc,heap        ] GC(43) Eden regions: 831->0(877)
[226.783s][info][gc,heap        ] GC(43) Survivor regions: 86->90(115)
[226.783s][info][gc,heap        ] GC(43) Old regions: 748->730
[226.783s][info][gc,heap        ] GC(43) Humongous regions: 77->77
[226.783s][info][gc,metaspace   ] GC(43) Metaspace: 28680K(29056K)->28680K(29056K) NonClass: 23797K(24000K)->23797K(24000K) Class: 4882K(5056K)->4882K(5056K)
[226.783s][info][gc             ] GC(43) Pause Young (Mixed) (G1 Evacuation Pause) 3478M->1789M(4096M) 110.417ms
[226.784s][info][gc,cpu         ] GC(43) User=0.64s Sys=0.01s Real=0.11s
.. (rIR:aIR:PR = 5621:5625:5625) (tPR = 85288) [OK] 
   227s:       trying IR =   6725 [229.085s][info][gc,start       ] GC(44) Pause Young (Mixed) (G1 Evacuation Pause)
[229.085s][info][gc,task        ] GC(44) Using 6 workers of 6 for evacuation
[229.200s][info][gc,phases      ] GC(44)   Pre Evacuate Collection Set: 0.35ms
[229.200s][info][gc,phases      ] GC(44)   Merge Heap Roots: 0.59ms
[229.200s][info][gc,phases      ] GC(44)   Evacuate Collection Set: 112.55ms
[229.200s][info][gc,phases      ] GC(44)   Merge Optional Heap Roots: 0.04ms
[229.200s][info][gc,phases      ] GC(44)   Evacuate Optional Collection Set: 0.33ms
[229.200s][info][gc,phases      ] GC(44)   Post Evacuate Collection Set: 1.03ms
[229.200s][info][gc,phases      ] GC(44)   Other: 0.12ms
[229.200s][info][gc,heap        ] GC(44) Eden regions: 864->0(579)
[229.200s][info][gc,heap        ] GC(44) Survivor regions: 90->91(120)
[229.200s][info][gc,heap        ] GC(44) Old regions: 730->709
[229.200s][info][gc,heap        ] GC(44) Humongous regions: 77->77
[229.200s][info][gc,metaspace   ] GC(44) Metaspace: 28685K(29056K)->28685K(29056K) NonClass: 23802K(24000K)->23802K(24000K) Class: 4882K(5056K)->4882K(5056K)
[229.200s][info][gc             ] GC(44) Pause Young (Mixed) (G1 Evacuation Pause) 3517M->1749M(4096M) 115.146ms
[229.200s][info][gc,cpu         ] GC(44) User=0.67s Sys=0.01s Real=0.11s
..[230.606s][info][gc,start       ] GC(45) Pause Young (Mixed) (G1 Evacuation Pause)
[230.606s][info][gc,task        ] GC(45) Using 6 workers of 6 for evacuation
[230.711s][info][gc,phases      ] GC(45)   Pre Evacuate Collection Set: 0.37ms
[230.711s][info][gc,phases      ] GC(45)   Merge Heap Roots: 0.58ms
[230.711s][info][gc,phases      ] GC(45)   Evacuate Collection Set: 103.09ms
[230.711s][info][gc,phases      ] GC(45)   Post Evacuate Collection Set: 0.97ms
[230.711s][info][gc,phases      ] GC(45)   Other: 0.08ms
[230.711s][info][gc,heap        ] GC(45) Eden regions: 627->0(909)
[230.711s][info][gc,heap        ] GC(45) Survivor regions: 91->42(90)
[230.711s][info][gc,heap        ] GC(45) Old regions: 709->739
[230.711s][info][gc,heap        ] GC(45) Humongous regions: 77->77
[230.711s][info][gc,metaspace   ] GC(45) Metaspace: 28715K(29056K)->28715K(29056K) NonClass: 23832K(24000K)->23832K(24000K) Class: 4882K(5056K)->4882K(5056K)
[230.711s][info][gc             ] GC(45) Pause Young (Mixed) (G1 Evacuation Pause) 3003M->1711M(4096M) 105.220ms
[230.711s][info][gc,cpu         ] GC(45) User=0.62s Sys=0.00s Real=0.10s
..[232.913s][info][gc,start       ] GC(46) Pause Young (Mixed) (G1 Evacuation Pause)
[232.913s][info][gc,task        ] GC(46) Using 6 workers of 6 for evacuation
[233.004s][info][gc,phases      ] GC(46)   Pre Evacuate Collection Set: 0.42ms
[233.004s][info][gc,phases      ] GC(46)   Merge Heap Roots: 0.65ms
[233.004s][info][gc,phases      ] GC(46)   Evacuate Collection Set: 88.16ms
[233.004s][info][gc,phases      ] GC(46)   Merge Optional Heap Roots: 0.05ms
[233.004s][info][gc,phases      ] GC(46)   Evacuate Optional Collection Set: 0.85ms
[233.004s][info][gc,phases      ] GC(46)   Post Evacuate Collection Set: 0.98ms
[233.004s][info][gc,phases      ] GC(46)   Other: 0.10ms
[233.004s][info][gc,heap        ] GC(46) Eden regions: 908->0(928)
[233.004s][info][gc,heap        ] GC(46) Survivor regions: 42->86(119)
[233.004s][info][gc,heap        ] GC(46) Old regions: 739->682
[233.004s][info][gc,heap        ] GC(46) Humongous regions: 77->77
[233.004s][info][gc,metaspace   ] GC(46) Metaspace: 28716K(29056K)->28716K(29056K) NonClass: 23833K(24000K)->23833K(24000K) Class: 4882K(5056K)->4882K(5056K)
[233.005s][info][gc             ] GC(46) Pause Young (Mixed) (G1 Evacuation Pause) 3527M->1685M(4096M) 91.336ms
[233.005s][info][gc,cpu         ] GC(46) User=0.54s Sys=0.00s Real=0.09s
.. (rIR:aIR:PR = 6725:6862:6863) (tPR = 104019) [OK] 
   233s:       trying IR =   8050 [235.030s][info][gc,start       ] GC(47) Pause Young (Mixed) (G1 Evacuation Pause)
[235.030s][info][gc,task        ] GC(47) Using 6 workers of 6 for evacuation
[235.162s][info][gc,phases      ] GC(47)   Pre Evacuate Collection Set: 0.39ms
[235.162s][info][gc,phases      ] GC(47)   Merge Heap Roots: 0.78ms
[235.162s][info][gc,phases      ] GC(47)   Evacuate Collection Set: 122.85ms
[235.162s][info][gc,phases      ] GC(47)   Merge Optional Heap Roots: 0.14ms
[235.162s][info][gc,phases      ] GC(47)   Evacuate Optional Collection Set: 5.95ms
[235.162s][info][gc,phases      ] GC(47)   Post Evacuate Collection Set: 1.12ms
[235.162s][info][gc,phases      ] GC(47)   Other: 0.10ms
[235.162s][info][gc,heap        ] GC(47) Eden regions: 928->0(963)
[235.162s][info][gc,heap        ] GC(47) Survivor regions: 86->97(127)
[235.162s][info][gc,heap        ] GC(47) Old regions: 682->629
[235.162s][info][gc,heap        ] GC(47) Humongous regions: 77->77
[235.162s][info][gc,metaspace   ] GC(47) Metaspace: 28725K(29056K)->28725K(29056K) NonClass: 23842K(24000K)->23842K(24000K) Class: 4882K(5056K)->4882K(5056K)
[235.162s][info][gc             ] GC(47) Pause Young (Mixed) (G1 Evacuation Pause) 3541M->1604M(4096M) 131.462ms
[235.162s][info][gc,cpu         ] GC(47) User=0.76s Sys=0.02s Real=0.14s
..[237.097s][info][gc,start       ] GC(48) Pause Young (Mixed) (G1 Evacuation Pause)
[237.097s][info][gc,task        ] GC(48) Using 6 workers of 6 for evacuation
[237.216s][info][gc,phases      ] GC(48)   Pre Evacuate Collection Set: 0.38ms
[237.216s][info][gc,phases      ] GC(48)   Merge Heap Roots: 0.77ms
[237.216s][info][gc,phases      ] GC(48)   Evacuate Collection Set: 117.11ms
[237.216s][info][gc,phases      ] GC(48)   Post Evacuate Collection Set: 0.90ms
[237.216s][info][gc,phases      ] GC(48)   Other: 0.10ms
[237.216s][info][gc,heap        ] GC(48) Eden regions: 963->0(972)
[237.216s][info][gc,heap        ] GC(48) Survivor regions: 97->96(133)
[237.216s][info][gc,heap        ] GC(48) Old regions: 629->639
[237.216s][info][gc,heap        ] GC(48) Humongous regions: 77->77
[237.216s][info][gc,metaspace   ] GC(48) Metaspace: 28725K(29056K)->28725K(29056K) NonClass: 23842K(24000K)->23842K(24000K) Class: 4882K(5056K)->4882K(5056K)
[237.216s][info][gc             ] GC(48) Pause Young (Mixed) (G1 Evacuation Pause) 3530M->1621M(4096M) 119.424ms
[237.217s][info][gc,cpu         ] GC(48) User=0.71s Sys=0.00s Real=0.12s
.. (rIR:aIR:PR = 8050:8205:8193) (tPR = 118338) [OK] 
   238s:       trying IR =   9640 [239.024s][info][gc,start       ] GC(49) Pause Young (Normal) (G1 Evacuation Pause)
[239.024s][info][gc,task        ] GC(49) Using 6 workers of 6 for evacuation
[239.131s][info][gc,phases      ] GC(49)   Pre Evacuate Collection Set: 0.37ms
[239.131s][info][gc,phases      ] GC(49)   Merge Heap Roots: 0.42ms
[239.131s][info][gc,phases      ] GC(49)   Evacuate Collection Set: 105.41ms
[239.131s][info][gc,phases      ] GC(49)   Post Evacuate Collection Set: 0.91ms
[239.131s][info][gc,phases      ] GC(49)   Other: 0.09ms
[239.131s][info][gc,heap        ] GC(49) Eden regions: 972->0(971)
[239.131s][info][gc,heap        ] GC(49) Survivor regions: 96->99(134)
[239.131s][info][gc,heap        ] GC(49) Old regions: 639->669
[239.131s][info][gc,heap        ] GC(49) Humongous regions: 77->77
[239.131s][info][gc,metaspace   ] GC(49) Metaspace: 28726K(29056K)->28726K(29056K) NonClass: 23843K(24000K)->23843K(24000K) Class: 4882K(5056K)->4882K(5056K)
[239.131s][info][gc             ] GC(49) Pause Young (Normal) (G1 Evacuation Pause) 3565M->1688M(4096M) 107.331ms
[239.131s][info][gc,cpu         ] GC(49) User=0.64s Sys=0.00s Real=0.10s
..[240.663s][info][gc,start       ] GC(50) Pause Young (Normal) (G1 Evacuation Pause)
[240.664s][info][gc,task        ] GC(50) Using 6 workers of 6 for evacuation
[240.773s][info][gc,phases      ] GC(50)   Pre Evacuate Collection Set: 0.36ms
[240.773s][info][gc,phases      ] GC(50)   Merge Heap Roots: 0.42ms
[240.773s][info][gc,phases      ] GC(50)   Evacuate Collection Set: 107.81ms
[240.773s][info][gc,phases      ] GC(50)   Post Evacuate Collection Set: 0.88ms
[240.773s][info][gc,phases      ] GC(50)   Other: 0.08ms
[240.773s][info][gc,heap        ] GC(50) Eden regions: 971->0(964)
[240.773s][info][gc,heap        ] GC(50) Survivor regions: 99->102(134)
[240.773s][info][gc,heap        ] GC(50) Old regions: 669->700
[240.773s][info][gc,heap        ] GC(50) Humongous regions: 77->77
[240.773s][info][gc,metaspace   ] GC(50) Metaspace: 28727K(29056K)->28727K(29056K) NonClass: 23844K(24000K)->23844K(24000K) Class: 4882K(5056K)->4882K(5056K)
[240.773s][info][gc             ] GC(50) Pause Young (Normal) (G1 Evacuation Pause) 3630M->1756M(4096M) 109.696ms
[240.773s][info][gc,cpu         ] GC(50) User=0.65s Sys=0.00s Real=0.11s
..[242.449s][info][gc,start       ] GC(51) Pause Young (Normal) (G1 Evacuation Pause)
[242.449s][info][gc,task        ] GC(51) Using 6 workers of 6 for evacuation
[242.558s][info][gc,phases      ] GC(51)   Pre Evacuate Collection Set: 0.35ms
[242.558s][info][gc,phases      ] GC(51)   Merge Heap Roots: 0.44ms
[242.558s][info][gc,phases      ] GC(51)   Evacuate Collection Set: 106.82ms
[242.558s][info][gc,phases      ] GC(51)   Post Evacuate Collection Set: 0.85ms
[242.558s][info][gc,phases      ] GC(51)   Other: 0.08ms
[242.558s][info][gc,heap        ] GC(51) Eden regions: 964->0(937)
[242.558s][info][gc,heap        ] GC(51) Survivor regions: 102->99(134)
[242.558s][info][gc,heap        ] GC(51) Old regions: 700->733
[242.558s][info][gc,heap        ] GC(51) Humongous regions: 77->77
[242.558s][info][gc,metaspace   ] GC(51) Metaspace: 28757K(29056K)->28757K(29056K) NonClass: 23873K(24000K)->23873K(24000K) Class: 4883K(5056K)->4883K(5056K)
[242.558s][info][gc             ] GC(51) Pause Young (Normal) (G1 Evacuation Pause) 3684M->1816M(4096M) 108.663ms
[242.558s][info][gc,cpu         ] GC(51) User=0.65s Sys=0.00s Real=0.11s
. (rIR:aIR:PR = 9640:9492:9491) (tPR = 142731) [OK] 
   243s:       trying IR =  11548 [244.009s][info][gc,start       ] GC(52) Pause Young (Normal) (G1 Evacuation Pause)
[244.009s][info][gc,task        ] GC(52) Using 6 workers of 6 for evacuation
[244.131s][info][gc,phases      ] GC(52)   Pre Evacuate Collection Set: 0.34ms
[244.131s][info][gc,phases      ] GC(52)   Merge Heap Roots: 0.40ms
[244.131s][info][gc,phases      ] GC(52)   Evacuate Collection Set: 119.87ms
[244.131s][info][gc,phases      ] GC(52)   Post Evacuate Collection Set: 0.83ms
[244.131s][info][gc,phases      ] GC(52)   Other: 0.09ms
[244.131s][info][gc,heap        ] GC(52) Eden regions: 937->0(881)
[244.131s][info][gc,heap        ] GC(52) Survivor regions: 99->111(130)
[244.131s][info][gc,heap        ] GC(52) Old regions: 733->765
[244.131s][info][gc,heap        ] GC(52) Humongous regions: 77->77
[244.131s][info][gc,metaspace   ] GC(52) Metaspace: 28764K(29056K)->28764K(29056K) NonClass: 23881K(24000K)->23881K(24000K) Class: 4883K(5056K)->4883K(5056K)
[244.131s][info][gc             ] GC(52) Pause Young (Normal) (G1 Evacuation Pause) 3690M->1904M(4096M) 121.659ms
[244.131s][info][gc,cpu         ] GC(52) User=0.72s Sys=0.00s Real=0.12s
.[245.323s][info][gc,start       ] GC(53) Pause Young (Normal) (G1 Evacuation Pause)
[245.323s][info][gc,task        ] GC(53) Using 6 workers of 6 for evacuation
[245.432s][info][gc,phases      ] GC(53)   Pre Evacuate Collection Set: 0.37ms
[245.432s][info][gc,phases      ] GC(53)   Merge Heap Roots: 0.43ms
[245.432s][info][gc,phases      ] GC(53)   Evacuate Collection Set: 106.92ms
[245.432s][info][gc,phases      ] GC(53)   Post Evacuate Collection Set: 0.77ms
[245.432s][info][gc,phases      ] GC(53)   Other: 0.08ms
[245.432s][info][gc,heap        ] GC(53) Eden regions: 881->0(907)
[245.432s][info][gc,heap        ] GC(53) Survivor regions: 111->58(124)
[245.432s][info][gc,heap        ] GC(53) Old regions: 765->837
[245.432s][info][gc,heap        ] GC(53) Humongous regions: 77->77
[245.432s][info][gc,metaspace   ] GC(53) Metaspace: 28764K(29056K)->28764K(29056K) NonClass: 23881K(24000K)->23881K(24000K) Class: 4883K(5056K)->4883K(5056K)
[245.432s][info][gc             ] GC(53) Pause Young (Normal) (G1 Evacuation Pause) 3666M->1942M(4096M) 108.735ms
[245.432s][info][gc,cpu         ] GC(53) User=0.64s Sys=0.00s Real=0.10s
..[246.695s][info][gc,start       ] GC(54) Pause Young (Normal) (G1 Evacuation Pause)
[246.695s][info][gc,task        ] GC(54) Using 6 workers of 6 for evacuation
[246.785s][info][gc,phases      ] GC(54)   Pre Evacuate Collection Set: 0.36ms
[246.785s][info][gc,phases      ] GC(54)   Merge Heap Roots: 0.41ms
[246.785s][info][gc,phases      ] GC(54)   Evacuate Collection Set: 88.22ms
[246.785s][info][gc,phases      ] GC(54)   Post Evacuate Collection Set: 0.78ms
[246.785s][info][gc,phases      ] GC(54)   Other: 0.08ms
[246.785s][info][gc,heap        ] GC(54) Eden regions: 907->0(827)
[246.785s][info][gc,heap        ] GC(54) Survivor regions: 58->102(121)
[246.785s][info][gc,heap        ] GC(54) Old regions: 837->837
[246.785s][info][gc,heap        ] GC(54) Humongous regions: 77->77
[246.785s][info][gc,metaspace   ] GC(54) Metaspace: 28764K(29056K)->28764K(29056K) NonClass: 23881K(24000K)->23881K(24000K) Class: 4883K(5056K)->4883K(5056K)
[246.785s][info][gc             ] GC(54) Pause Young (Normal) (G1 Evacuation Pause) 3756M->2030M(4096M) 89.987ms
[246.785s][info][gc,cpu         ] GC(54) User=0.53s Sys=0.00s Real=0.09s
.[247.910s][info][gc,start       ] GC(55) Pause Young (Normal) (G1 Evacuation Pause)
[247.910s][info][gc,task        ] GC(55) Using 6 workers of 6 for evacuation
[248.055s][info][gc,phases      ] GC(55)   Pre Evacuate Collection Set: 0.34ms
[248.055s][info][gc,phases      ] GC(55)   Merge Heap Roots: 0.40ms
[248.055s][info][gc,phases      ] GC(55)   Evacuate Collection Set: 143.10ms
[248.055s][info][gc,phases      ] GC(55)   Post Evacuate Collection Set: 0.75ms
[248.055s][info][gc,phases      ] GC(55)   Other: 0.07ms
[248.055s][info][gc,heap        ] GC(55) Eden regions: 827->0(845)
[248.055s][info][gc,heap        ] GC(55) Survivor regions: 102->58(117)
[248.055s][info][gc,heap        ] GC(55) Old regions: 837->907
[248.055s][info][gc,heap        ] GC(55) Humongous regions: 77->77
[248.055s][info][gc,metaspace   ] GC(55) Metaspace: 28768K(29056K)->28768K(29056K) NonClass: 23885K(24000K)->23885K(24000K) Class: 4883K(5056K)->4883K(5056K)
[248.055s][info][gc             ] GC(55) Pause Young (Normal) (G1 Evacuation Pause) 3684M->2083M(4096M) 144.793ms
[248.055s][info][gc,cpu         ] GC(55) User=0.62s Sys=0.00s Real=0.15s
. (rIR:aIR:PR = 11548:11374:11165) (tPR = 166075) [OK] 
   248s:       trying IR =  13837 [249.264s][info][gc,start       ] GC(56) Pause Young (Concurrent Start) (G1 Evacuation Pause)
[249.264s][info][gc,task        ] GC(56) Using 6 workers of 6 for evacuation
[249.342s][info][gc,phases      ] GC(56)   Pre Evacuate Collection Set: 0.42ms
[249.342s][info][gc,phases      ] GC(56)   Merge Heap Roots: 0.37ms
[249.342s][info][gc,phases      ] GC(56)   Evacuate Collection Set: 76.84ms
[249.342s][info][gc,phases      ] GC(56)   Post Evacuate Collection Set: 0.75ms
[249.342s][info][gc,phases      ] GC(56)   Other: 0.08ms
[249.342s][info][gc,heap        ] GC(56) Eden regions: 845->0(813)
[249.342s][info][gc,heap        ] GC(56) Survivor regions: 58->54(113)
[249.342s][info][gc,heap        ] GC(56) Old regions: 907->947
[249.342s][info][gc,heap        ] GC(56) Humongous regions: 77->77
[249.342s][info][gc,metaspace   ] GC(56) Metaspace: 28768K(29056K)->28768K(29056K) NonClass: 23885K(24000K)->23885K(24000K) Class: 4883K(5056K)->4883K(5056K)
[249.342s][info][gc             ] GC(56) Pause Young (Concurrent Start) (G1 Evacuation Pause) 3773M->2154M(4096M) 78.597ms
[249.342s][info][gc             ] GC(57) Concurrent Mark Cycle
[249.342s][info][gc,marking     ] GC(57) Concurrent Scan Root Regions
[249.342s][info][gc,cpu         ] GC(56) User=0.46s Sys=0.00s Real=0.08s
[249.441s][info][gc,marking     ] GC(57) Concurrent Scan Root Regions 98.856ms
[249.441s][info][gc,marking     ] GC(57) Concurrent Mark
[249.441s][info][gc,marking     ] GC(57) Concurrent Mark From Roots
[249.441s][info][gc,task        ] GC(57) Using 2 workers of 2 for marking
.[250.320s][info][gc,marking     ] GC(57) Concurrent Mark From Roots 878.724ms
[250.320s][info][gc,marking     ] GC(57) Concurrent Preclean
[250.320s][info][gc,marking     ] GC(57) Concurrent Preclean 0.277ms
[250.321s][info][gc,start       ] GC(57) Pause Remark
[250.328s][info][gc             ] GC(57) Pause Remark 3079M->3041M(4096M) 7.147ms
[250.328s][info][gc,cpu         ] GC(57) User=0.04s Sys=0.00s Real=0.01s
[250.332s][info][gc,marking     ] GC(57) Concurrent Mark 890.264ms
[250.332s][info][gc,marking     ] GC(57) Concurrent Rebuild Remembered Sets and Scrub Regions
[250.689s][info][gc,marking     ] GC(57) Concurrent Rebuild Remembered Sets and Scrub Regions 356.994ms
[250.692s][info][gc,start       ] GC(57) Pause Cleanup
[250.692s][info][gc             ] GC(57) Pause Cleanup 3374M->3374M(4096M) 0.382ms
[250.692s][info][gc,cpu         ] GC(57) User=0.00s Sys=0.00s Real=0.01s
[250.692s][info][gc,marking     ] GC(57) Concurrent Clear Claimed Marks
[250.692s][info][gc,marking     ] GC(57) Concurrent Clear Claimed Marks 0.038ms
[250.692s][info][gc,marking     ] GC(57) Concurrent Cleanup for Next Mark
[250.721s][info][gc,marking     ] GC(57) Concurrent Cleanup for Next Mark 28.524ms
[250.721s][info][gc             ] GC(57) Concurrent Mark Cycle 1378.641ms
[250.924s][info][gc,start       ] GC(58) Pause Young (Prepare Mixed) (G1 Evacuation Pause)
[250.924s][info][gc,task        ] GC(58) Using 6 workers of 6 for evacuation
[251.050s][info][gc,phases      ] GC(58)   Pre Evacuate Collection Set: 0.36ms
[251.050s][info][gc,phases      ] GC(58)   Merge Heap Roots: 0.40ms
[251.050s][info][gc,phases      ] GC(58)   Evacuate Collection Set: 125.10ms
[251.050s][info][gc,phases      ] GC(58)   Post Evacuate Collection Set: 0.91ms
[251.050s][info][gc,phases      ] GC(58)   Other: 0.09ms
[251.050s][info][gc,heap        ] GC(58) Eden regions: 813->0(740)
[251.050s][info][gc,heap        ] GC(58) Survivor regions: 54->100(109)
[251.050s][info][gc,heap        ] GC(58) Old regions: 928->928
[251.050s][info][gc,heap        ] GC(58) Humongous regions: 77->77
[251.050s][info][gc,metaspace   ] GC(58) Metaspace: 28768K(29056K)->28768K(29056K) NonClass: 23885K(24000K)->23885K(24000K) Class: 4883K(5056K)->4883K(5056K)
[251.051s][info][gc             ] GC(58) Pause Young (Prepare Mixed) (G1 Evacuation Pause) 3742M->2208M(4096M) 126.991ms
[251.051s][info][gc,cpu         ] GC(58) User=0.53s Sys=0.00s Real=0.12s
.[252.101s][info][gc,start       ] GC(59) Pause Young (Mixed) (G1 Evacuation Pause)
[252.101s][info][gc,task        ] GC(59) Using 6 workers of 6 for evacuation
[252.213s][info][gc,phases      ] GC(59)   Pre Evacuate Collection Set: 0.37ms
[252.213s][info][gc,phases      ] GC(59)   Merge Heap Roots: 0.48ms
[252.213s][info][gc,phases      ] GC(59)   Evacuate Collection Set: 110.37ms
[252.213s][info][gc,phases      ] GC(59)   Post Evacuate Collection Set: 0.94ms
[252.214s][info][gc,phases      ] GC(59)   Other: 0.10ms
[252.214s][info][gc,heap        ] GC(59) Eden regions: 740->0(937)
[252.214s][info][gc,heap        ] GC(59) Survivor regions: 100->57(105)
[252.214s][info][gc,heap        ] GC(59) Old regions: 928->800
[252.214s][info][gc,heap        ] GC(59) Humongous regions: 77->77
[252.214s][info][gc,metaspace   ] GC(59) Metaspace: 28769K(29056K)->28769K(29056K) NonClass: 23886K(24000K)->23886K(24000K) Class: 4883K(5056K)->4883K(5056K)
[252.214s][info][gc             ] GC(59) Pause Young (Mixed) (G1 Evacuation Pause) 3688M->1865M(4096M) 112.393ms
[252.214s][info][gc,cpu         ] GC(59) User=0.67s Sys=0.00s Real=0.12s
.[253.489s][info][gc,start       ] GC(60) Pause Young (Mixed) (G1 Evacuation Pause)
[253.489s][info][gc,task        ] GC(60) Using 6 workers of 6 for evacuation
[253.595s][info][gc,phases      ] GC(60)   Pre Evacuate Collection Set: 0.43ms
[253.595s][info][gc,phases      ] GC(60)   Merge Heap Roots: 0.77ms
[253.595s][info][gc,phases      ] GC(60)   Evacuate Collection Set: 103.12ms
[253.595s][info][gc,phases      ] GC(60)   Post Evacuate Collection Set: 1.12ms
[253.595s][info][gc,phases      ] GC(60)   Other: 0.85ms
[253.595s][info][gc,heap        ] GC(60) Eden regions: 937->0(1060)
[253.595s][info][gc,heap        ] GC(60) Survivor regions: 57->97(125)
[253.595s][info][gc,heap        ] GC(60) Old regions: 800->611
[253.595s][info][gc,heap        ] GC(60) Humongous regions: 77->77
[253.595s][info][gc,metaspace   ] GC(60) Metaspace: 28769K(29056K)->28769K(29056K) NonClass: 23886K(24000K)->23886K(24000K) Class: 4883K(5056K)->4883K(5056K)
[253.595s][info][gc             ] GC(60) Pause Young (Mixed) (G1 Evacuation Pause) 3739M->1569M(4096M) 106.442ms
[253.595s][info][gc,cpu         ] GC(60) User=0.62s Sys=0.01s Real=0.11s
..[255.173s][info][gc,start       ] GC(61) Pause Young (Mixed) (G1 Evacuation Pause)
[255.173s][info][gc,task        ] GC(61) Using 6 workers of 6 for evacuation
[255.322s][info][gc,phases      ] GC(61)   Pre Evacuate Collection Set: 0.40ms
[255.322s][info][gc,phases      ] GC(61)   Merge Heap Roots: 0.83ms
[255.322s][info][gc,phases      ] GC(61)   Evacuate Collection Set: 139.47ms
[255.322s][info][gc,phases      ] GC(61)   Merge Optional Heap Roots: 0.13ms
[255.322s][info][gc,phases      ] GC(61)   Evacuate Optional Collection Set: 6.29ms
[255.322s][info][gc,phases      ] GC(61)   Post Evacuate Collection Set: 1.25ms
[255.322s][info][gc,phases      ] GC(61)   Other: 0.16ms
[255.322s][info][gc,heap        ] GC(61) Eden regions: 1060->0(1033)
[255.322s][info][gc,heap        ] GC(61) Survivor regions: 97->115(145)
[255.322s][info][gc,heap        ] GC(61) Old regions: 611->567
[255.322s][info][gc,heap        ] GC(61) Humongous regions: 77->77
[255.322s][info][gc,metaspace   ] GC(61) Metaspace: 28769K(29056K)->28769K(29056K) NonClass: 23886K(24000K)->23886K(24000K) Class: 4883K(5056K)->4883K(5056K)
[255.322s][info][gc             ] GC(61) Pause Young (Mixed) (G1 Evacuation Pause) 3689M->1515M(4096M) 148.664ms
[255.322s][info][gc,cpu         ] GC(61) User=0.88s Sys=0.00s Real=0.14s
.[256.753s][info][gc,start       ] GC(62) Pause Young (Mixed) (G1 Evacuation Pause)
[256.753s][info][gc,task        ] GC(62) Using 6 workers of 6 for evacuation
[256.898s][info][gc,phases      ] GC(62)   Pre Evacuate Collection Set: 0.33ms
[256.898s][info][gc,phases      ] GC(62)   Merge Heap Roots: 1.10ms
[256.898s][info][gc,phases      ] GC(62)   Evacuate Collection Set: 141.92ms
[256.898s][info][gc,phases      ] GC(62)   Post Evacuate Collection Set: 0.94ms
[256.898s][info][gc,phases      ] GC(62)   Other: 0.08ms
[256.898s][info][gc,heap        ] GC(62) Eden regions: 1028->0(1045)
[256.898s][info][gc,heap        ] GC(62) Survivor regions: 115->66(143)
[256.898s][info][gc,heap        ] GC(62) Old regions: 567->618
[256.898s][info][gc,heap        ] GC(62) Humongous regions: 77->77
[256.898s][info][gc,metaspace   ] GC(62) Metaspace: 28769K(29056K)->28769K(29056K) NonClass: 23886K(24000K)->23886K(24000K) Class: 4883K(5056K)->4883K(5056K)
[256.898s][info][gc             ] GC(62) Pause Young (Mixed) (G1 Evacuation Pause) 3571M->1520M(4096M) 144.495ms
[256.898s][info][gc,cpu         ] GC(62) User=0.86s Sys=0.00s Real=0.14s
.[258.268s][info][gc,start       ] GC(63) Pause Young (Normal) (G1 Evacuation Pause)
[258.268s][info][gc,task        ] GC(63) Using 6 workers of 6 for evacuation
[258.372s][info][gc,phases      ] GC(63)   Pre Evacuate Collection Set: 0.36ms
[258.372s][info][gc,phases      ] GC(63)   Merge Heap Roots: 0.42ms
[258.372s][info][gc,phases      ] GC(63)   Evacuate Collection Set: 102.59ms
[258.372s][info][gc,phases      ] GC(63)   Post Evacuate Collection Set: 0.85ms
[258.372s][info][gc,phases      ] GC(63)   Other: 0.08ms
[258.372s][info][gc,heap        ] GC(63) Eden regions: 1045->0(1012)
[258.372s][info][gc,heap        ] GC(63) Survivor regions: 66->119(139)
[258.372s][info][gc,heap        ] GC(63) Old regions: 618->618
[258.372s][info][gc,heap        ] GC(63) Humongous regions: 77->77
[258.372s][info][gc,metaspace   ] GC(63) Metaspace: 28770K(29056K)->28770K(29056K) NonClass: 23886K(24000K)->23886K(24000K) Class: 4883K(5056K)->4883K(5056K)
[258.372s][info][gc             ] GC(63) Pause Young (Normal) (G1 Evacuation Pause) 3610M->1626M(4096M) 104.441ms
[258.372s][info][gc,cpu         ] GC(63) User=0.62s Sys=0.00s Real=0.11s
.[259.715s][info][gc,start       ] GC(64) Pause Young (Normal) (G1 Evacuation Pause)
[259.715s][info][gc,task        ] GC(64) Using 6 workers of 6 for evacuation
[259.835s][info][gc,phases      ] GC(64)   Pre Evacuate Collection Set: 0.35ms
[259.835s][info][gc,phases      ] GC(64)   Merge Heap Roots: 0.46ms
[259.835s][info][gc,phases      ] GC(64)   Evacuate Collection Set: 118.31ms
[259.835s][info][gc,phases      ] GC(64)   Post Evacuate Collection Set: 0.87ms
[259.835s][info][gc,phases      ] GC(64)   Other: 0.08ms
[259.835s][info][gc,heap        ] GC(64) Eden regions: 1012->0(1009)
[259.835s][info][gc,heap        ] GC(64) Survivor regions: 119->68(142)
[259.835s][info][gc,heap        ] GC(64) Old regions: 618->694
[259.835s][info][gc,heap        ] GC(64) Humongous regions: 77->77
[259.835s][info][gc,metaspace   ] GC(64) Metaspace: 28771K(29056K)->28771K(29056K) NonClass: 23888K(24000K)->23888K(24000K) Class: 4883K(5056K)->4883K(5056K)
[259.835s][info][gc             ] GC(64) Pause Young (Normal) (G1 Evacuation Pause) 3650M->1675M(4096M) 120.202ms
[259.835s][info][gc,cpu         ] GC(64) User=0.71s Sys=0.00s Real=0.12s
.[261.300s][info][gc,start       ] GC(65) Pause Young (Normal) (G1 Evacuation Pause)
[261.300s][info][gc,task        ] GC(65) Using 6 workers of 6 for evacuation
[261.406s][info][gc,phases      ] GC(65)   Pre Evacuate Collection Set: 0.36ms
[261.406s][info][gc,phases      ] GC(65)   Merge Heap Roots: 0.39ms
[261.406s][info][gc,phases      ] GC(65)   Evacuate Collection Set: 103.97ms
[261.406s][info][gc,phases      ] GC(65)   Post Evacuate Collection Set: 0.88ms
[261.406s][info][gc,phases      ] GC(65)   Other: 0.07ms
[261.406s][info][gc,heap        ] GC(65) Eden regions: 1009->0(934)
[261.406s][info][gc,heap        ] GC(65) Survivor regions: 68->120(135)
[261.406s][info][gc,heap        ] GC(65) Old regions: 694->694
[261.406s][info][gc,heap        ] GC(65) Humongous regions: 77->77
[261.406s][info][gc,metaspace   ] GC(65) Metaspace: 28779K(29120K)->28779K(29120K) NonClass: 23896K(24064K)->23896K(24064K) Class: 4883K(5056K)->4883K(5056K)
[261.406s][info][gc             ] GC(65) Pause Young (Normal) (G1 Evacuation Pause) 3693M->1779M(4096M) 105.800ms
[261.406s][info][gc,cpu         ] GC(65) User=0.63s Sys=0.00s Real=0.11s
.[262.596s][info][gc,start       ] GC(66) Pause Young (Normal) (G1 Evacuation Pause)
[262.596s][info][gc,task        ] GC(66) Using 6 workers of 6 for evacuation
[262.721s][info][gc,phases      ] GC(66)   Pre Evacuate Collection Set: 0.32ms
[262.721s][info][gc,phases      ] GC(66)   Merge Heap Roots: 0.41ms
[262.721s][info][gc,phases      ] GC(66)   Evacuate Collection Set: 123.69ms
[262.721s][info][gc,phases      ] GC(66)   Post Evacuate Collection Set: 0.80ms
[262.721s][info][gc,phases      ] GC(66)   Other: 0.09ms
[262.721s][info][gc,heap        ] GC(66) Eden regions: 934->0(943)
[262.721s][info][gc,heap        ] GC(66) Survivor regions: 120->74(132)
[262.721s][info][gc,heap        ] GC(66) Old regions: 694->771
[262.721s][info][gc,heap        ] GC(66) Humongous regions: 77->77
[262.721s][info][gc,metaspace   ] GC(66) Metaspace: 28779K(29120K)->28779K(29120K) NonClass: 23896K(24064K)->23896K(24064K) Class: 4883K(5056K)->4883K(5056K)
[262.721s][info][gc             ] GC(66) Pause Young (Normal) (G1 Evacuation Pause) 3647M->1843M(4096M) 125.447ms
[262.721s][info][gc,cpu         ] GC(66) User=0.75s Sys=0.00s Real=0.12s
..[264.112s][info][gc,start       ] GC(67) Pause Young (Normal) (G1 Evacuation Pause)
[264.112s][info][gc,task        ] GC(67) Using 6 workers of 6 for evacuation
[264.201s][info][gc,phases      ] GC(67)   Pre Evacuate Collection Set: 0.35ms
[264.201s][info][gc,phases      ] GC(67)   Merge Heap Roots: 0.46ms
[264.201s][info][gc,phases      ] GC(67)   Evacuate Collection Set: 86.77ms
[264.201s][info][gc,phases      ] GC(67)   Post Evacuate Collection Set: 0.80ms
[264.201s][info][gc,phases      ] GC(67)   Other: 0.07ms
[264.201s][info][gc,heap        ] GC(67) Eden regions: 943->0(924)
[264.201s][info][gc,heap        ] GC(67) Survivor regions: 74->59(128)
[264.201s][info][gc,heap        ] GC(67) Old regions: 771->816
[264.201s][info][gc,heap        ] GC(67) Humongous regions: 77->77
[264.201s][info][gc,metaspace   ] GC(67) Metaspace: 28779K(29120K)->28779K(29120K) NonClass: 23896K(24064K)->23896K(24064K) Class: 4883K(5056K)->4883K(5056K)
[264.201s][info][gc             ] GC(67) Pause Young (Normal) (G1 Evacuation Pause) 3729M->1902M(4096M) 88.594ms
[264.201s][info][gc,cpu         ] GC(67) User=0.52s Sys=0.00s Real=0.08s
.[265.484s][info][gc,start       ] GC(68) Pause Young (Normal) (G1 Evacuation Pause)
[265.484s][info][gc,task        ] GC(68) Using 6 workers of 6 for evacuation
[265.580s][info][gc,phases      ] GC(68)   Pre Evacuate Collection Set: 0.37ms
[265.580s][info][gc,phases      ] GC(68)   Merge Heap Roots: 0.41ms
[265.580s][info][gc,phases      ] GC(68)   Evacuate Collection Set: 95.09ms
[265.580s][info][gc,phases      ] GC(68)   Post Evacuate Collection Set: 0.84ms
[265.580s][info][gc,phases      ] GC(68)   Other: 0.07ms
[265.580s][info][gc,heap        ] GC(68) Eden regions: 924->0(834)
[265.580s][info][gc,heap        ] GC(68) Survivor regions: 59->109(123)
[265.580s][info][gc,heap        ] GC(68) Old regions: 816->816
[265.580s][info][gc,heap        ] GC(68) Humongous regions: 77->77
[265.580s][info][gc,metaspace   ] GC(68) Metaspace: 28780K(29120K)->28780K(29120K) NonClass: 23897K(24064K)->23897K(24064K) Class: 4883K(5056K)->4883K(5056K)
[265.580s][info][gc             ] GC(68) Pause Young (Normal) (G1 Evacuation Pause) 3750M->2002M(4096M) 96.907ms
[265.580s][info][gc,cpu         ] GC(68) User=0.57s Sys=0.00s Real=0.09s
.[266.746s][info][gc,start       ] GC(69) Pause Young (Normal) (G1 Evacuation Pause)
[266.746s][info][gc,task        ] GC(69) Using 6 workers of 6 for evacuation
[266.855s][info][gc,phases      ] GC(69)   Pre Evacuate Collection Set: 0.33ms
[266.855s][info][gc,phases      ] GC(69)   Merge Heap Roots: 0.43ms
[266.855s][info][gc,phases      ] GC(69)   Evacuate Collection Set: 107.48ms
[266.855s][info][gc,phases      ] GC(69)   Post Evacuate Collection Set: 0.74ms
[266.855s][info][gc,phases      ] GC(69)   Other: 0.07ms
[266.855s][info][gc,heap        ] GC(69) Eden regions: 834->0(859)
[266.855s][info][gc,heap        ] GC(69) Survivor regions: 109->60(118)
[266.855s][info][gc,heap        ] GC(69) Old regions: 816->888
[266.855s][info][gc,heap        ] GC(69) Humongous regions: 77->77
[266.855s][info][gc,metaspace   ] GC(69) Metaspace: 28780K(29120K)->28780K(29120K) NonClass: 23897K(24064K)->23897K(24064K) Class: 4883K(5056K)->4883K(5056K)
[266.855s][info][gc             ] GC(69) Pause Young (Normal) (G1 Evacuation Pause) 3670M->2048M(4096M) 109.164ms
[266.855s][info][gc,cpu         ] GC(69) User=0.64s Sys=0.00s Real=0.11s
.[267.917s][info][gc,start       ] GC(70) Pause Young (Concurrent Start) (G1 Evacuation Pause)
[267.917s][info][gc,task        ] GC(70) Using 6 workers of 6 for evacuation
[268.049s][info][gc,phases      ] GC(70)   Pre Evacuate Collection Set: 0.38ms
[268.049s][info][gc,phases      ] GC(70)   Merge Heap Roots: 0.41ms
[268.049s][info][gc,phases      ] GC(70)   Evacuate Collection Set: 129.75ms
[268.049s][info][gc,phases      ] GC(70)   Post Evacuate Collection Set: 0.76ms
[268.049s][info][gc,phases      ] GC(70)   Other: 0.10ms
[268.049s][info][gc,heap        ] GC(70) Eden regions: 859->0(804)
[268.049s][info][gc,heap        ] GC(70) Survivor regions: 60->68(115)
[268.049s][info][gc,heap        ] GC(70) Old regions: 888->928
[268.049s][info][gc,heap        ] GC(70) Humongous regions: 77->77
[268.049s][info][gc,metaspace   ] GC(70) Metaspace: 28781K(29120K)->28781K(29120K) NonClass: 23897K(24064K)->23897K(24064K) Class: 4883K(5056K)->4883K(5056K)
[268.049s][info][gc             ] GC(70) Pause Young (Concurrent Start) (G1 Evacuation Pause) 3766M->2143M(4096M) 131.552ms
[268.049s][info][gc             ] GC(71) Concurrent Mark Cycle
[268.049s][info][gc,marking     ] GC(71) Concurrent Scan Root Regions
[268.049s][info][gc,cpu         ] GC(70) User=0.54s Sys=0.00s Real=0.13s
[268.176s][info][gc,marking     ] GC(71) Concurrent Scan Root Regions 127.709ms
[268.177s][info][gc,marking     ] GC(71) Concurrent Mark
[268.177s][info][gc,marking     ] GC(71) Concurrent Mark From Roots
[268.177s][info][gc,task        ] GC(71) Using 2 workers of 2 for marking
.[269.723s][info][gc,start       ] GC(72) Pause Young (Normal) (G1 Evacuation Pause)
[269.723s][info][gc,task        ] GC(72) Using 6 workers of 6 for evacuation
[269.809s][info][gc,phases      ] GC(72)   Pre Evacuate Collection Set: 0.31ms
[269.809s][info][gc,phases      ] GC(72)   Merge Heap Roots: 0.42ms
[269.809s][info][gc,phases      ] GC(72)   Evacuate Collection Set: 84.24ms
[269.809s][info][gc,phases      ] GC(72)   Post Evacuate Collection Set: 0.71ms
[269.809s][info][gc,phases      ] GC(72)   Other: 0.07ms
[269.809s][info][gc,heap        ] GC(72) Eden regions: 804->0(787)
[269.809s][info][gc,heap        ] GC(72) Survivor regions: 68->54(109)
[269.809s][info][gc,heap        ] GC(72) Old regions: 928->973
[269.809s][info][gc,heap        ] GC(72) Humongous regions: 77->77
[269.809s][info][gc,metaspace   ] GC(72) Metaspace: 28781K(29120K)->28781K(29120K) NonClass: 23897K(24064K)->23897K(24064K) Class: 4883K(5056K)->4883K(5056K)
[269.809s][info][gc             ] GC(72) Pause Young (Normal) (G1 Evacuation Pause) 3751M->2207M(4096M) 85.873ms
[269.809s][info][gc,cpu         ] GC(72) User=0.50s Sys=0.00s Real=0.08s
[270.107s][info][gc,marking     ] GC(71) Concurrent Mark From Roots 1930.042ms
[270.107s][info][gc,marking     ] GC(71) Concurrent Preclean
[270.107s][info][gc,marking     ] GC(71) Concurrent Preclean 0.112ms
[270.110s][info][gc,start       ] GC(71) Pause Remark
[270.114s][info][gc             ] GC(71) Pause Remark 2495M->2479M(4096M) 3.614ms
[270.114s][info][gc,cpu         ] GC(71) User=0.01s Sys=0.00s Real=0.01s
[270.114s][info][gc,marking     ] GC(71) Concurrent Mark 1937.450ms
[270.114s][info][gc,marking     ] GC(71) Concurrent Rebuild Remembered Sets and Scrub Regions
[270.505s][info][gc,marking     ] GC(71) Concurrent Rebuild Remembered Sets and Scrub Regions 391.256ms
[270.507s][info][gc,start       ] GC(71) Pause Cleanup
[270.507s][info][gc             ] GC(71) Pause Cleanup 2895M->2895M(4096M) 0.353ms
[270.507s][info][gc,cpu         ] GC(71) User=0.00s Sys=0.00s Real=0.00s
[270.507s][info][gc,marking     ] GC(71) Concurrent Clear Claimed Marks
[270.507s][info][gc,marking     ] GC(71) Concurrent Clear Claimed Marks 0.036ms
[270.507s][info][gc,marking     ] GC(71) Concurrent Cleanup for Next Mark
[270.515s][info][gc,marking     ] GC(71) Concurrent Cleanup for Next Mark 8.041ms
[270.515s][info][gc             ] GC(71) Concurrent Mark Cycle 2466.596ms
.[271.131s][info][gc,start       ] GC(73) Pause Young (Prepare Mixed) (G1 Evacuation Pause)
[271.131s][info][gc,task        ] GC(73) Using 6 workers of 6 for evacuation
[271.206s][info][gc,phases      ] GC(73)   Pre Evacuate Collection Set: 0.35ms
[271.206s][info][gc,phases      ] GC(73)   Merge Heap Roots: 0.41ms
[271.206s][info][gc,phases      ] GC(73)   Evacuate Collection Set: 74.14ms
[271.206s][info][gc,phases      ] GC(73)   Post Evacuate Collection Set: 0.83ms
[271.206s][info][gc,phases      ] GC(73)   Other: 0.09ms
[271.206s][info][gc,heap        ] GC(73) Eden regions: 787->0(731)
[271.206s][info][gc,heap        ] GC(73) Survivor regions: 54->86(106)
[271.206s][info][gc,heap        ] GC(73) Old regions: 965->965
[271.206s][info][gc,heap        ] GC(73) Humongous regions: 77->77
[271.206s][info][gc,metaspace   ] GC(73) Metaspace: 28784K(29120K)->28784K(29120K) NonClass: 23900K(24064K)->23900K(24064K) Class: 4883K(5056K)->4883K(5056K)
[271.206s][info][gc             ] GC(73) Pause Young (Prepare Mixed) (G1 Evacuation Pause) 3765M->2255M(4096M) 75.945ms
[271.207s][info][gc,cpu         ] GC(73) User=0.45s Sys=0.00s Real=0.08s
.[272.141s][info][gc,start       ] GC(74) Pause Young (Mixed) (G1 Evacuation Pause)
[272.142s][info][gc,task        ] GC(74) Using 6 workers of 6 for evacuation
[272.247s][info][gc,phases      ] GC(74)   Pre Evacuate Collection Set: 0.43ms
[272.247s][info][gc,phases      ] GC(74)   Merge Heap Roots: 0.41ms
[272.247s][info][gc,phases      ] GC(74)   Evacuate Collection Set: 103.22ms
[272.247s][info][gc,phases      ] GC(74)   Post Evacuate Collection Set: 0.86ms
[272.247s][info][gc,phases      ] GC(74)   Other: 0.10ms
[272.247s][info][gc,heap        ] GC(74) Eden regions: 731->0(882)
[272.247s][info][gc,heap        ] GC(74) Survivor regions: 86->97(103)
[272.247s][info][gc,heap        ] GC(74) Old regions: 965->792
[272.247s][info][gc,heap        ] GC(74) Humongous regions: 77->77
[272.247s][info][gc,metaspace   ] GC(74) Metaspace: 28788K(29120K)->28788K(29120K) NonClass: 23905K(24064K)->23905K(24064K) Class: 4883K(5056K)->4883K(5056K)
[272.247s][info][gc             ] GC(74) Pause Young (Mixed) (G1 Evacuation Pause) 3717M->1929M(4096M) 105.198ms
[272.247s][info][gc,cpu         ] GC(74) User=0.62s Sys=0.00s Real=0.11s
.[273.360s][info][gc,start       ] GC(75) Pause Young (Mixed) (G1 Evacuation Pause)
[273.360s][info][gc,task        ] GC(75) Using 6 workers of 6 for evacuation
[273.487s][info][gc,phases      ] GC(75)   Pre Evacuate Collection Set: 0.45ms
[273.487s][info][gc,phases      ] GC(75)   Merge Heap Roots: 0.54ms
[273.487s][info][gc,phases      ] GC(75)   Evacuate Collection Set: 125.31ms
[273.487s][info][gc,phases      ] GC(75)   Post Evacuate Collection Set: 0.98ms
[273.487s][info][gc,phases      ] GC(75)   Other: 0.11ms
[273.487s][info][gc,heap        ] GC(75) Eden regions: 882->0(1021)
[273.487s][info][gc,heap        ] GC(75) Survivor regions: 97->110(123)
[273.487s][info][gc,heap        ] GC(75) Old regions: 792->627
[273.487s][info][gc,heap        ] GC(75) Humongous regions: 77->77
[273.487s][info][gc,metaspace   ] GC(75) Metaspace: 28788K(29120K)->28788K(29120K) NonClass: 23905K(24064K)->23905K(24064K) Class: 4883K(5056K)->4883K(5056K)
[273.487s][info][gc             ] GC(75) Pause Young (Mixed) (G1 Evacuation Pause) 3693M->1626M(4096M) 127.517ms
[273.487s][info][gc,cpu         ] GC(75) User=0.75s Sys=0.00s Real=0.13s
.[275.001s][info][gc,start       ] GC(76) Pause Young (Mixed) (G1 Evacuation Pause)
[275.001s][info][gc,task        ] GC(76) Using 6 workers of 6 for evacuation
[275.147s][info][gc,phases      ] GC(76)   Pre Evacuate Collection Set: 0.37ms
[275.147s][info][gc,phases      ] GC(76)   Merge Heap Roots: 0.85ms
[275.147s][info][gc,phases      ] GC(76)   Evacuate Collection Set: 143.55ms
[275.147s][info][gc,phases      ] GC(76)   Post Evacuate Collection Set: 0.90ms
[275.147s][info][gc,phases      ] GC(76)   Other: 0.09ms
[275.147s][info][gc,heap        ] GC(76) Eden regions: 1021->0(1041)
[275.147s][info][gc,heap        ] GC(76) Survivor regions: 110->121(142)
[275.147s][info][gc,heap        ] GC(76) Old regions: 627->585
[275.147s][info][gc,heap        ] GC(76) Humongous regions: 77->77
[275.147s][info][gc,metaspace   ] GC(76) Metaspace: 28788K(29120K)->28788K(29120K) NonClass: 23905K(24064K)->23905K(24064K) Class: 4883K(5056K)->4883K(5056K)
[275.147s][info][gc             ] GC(76) Pause Young (Mixed) (G1 Evacuation Pause) 3668M->1565M(4096M) 145.890ms
[275.147s][info][gc,cpu         ] GC(76) User=0.86s Sys=0.00s Real=0.15s
.[276.589s][info][gc,start       ] GC(77) Pause Young (Concurrent Start) (G1 Evacuation Pause)
[276.589s][info][gc,task        ] GC(77) Using 6 workers of 6 for evacuation
[276.727s][info][gc,phases      ] GC(77)   Pre Evacuate Collection Set: 0.39ms
[276.727s][info][gc,phases      ] GC(77)   Merge Heap Roots: 0.43ms
[276.727s][info][gc,phases      ] GC(77)   Evacuate Collection Set: 136.49ms
[276.727s][info][gc,phases      ] GC(77)   Post Evacuate Collection Set: 0.88ms
[276.727s][info][gc,phases      ] GC(77)   Other: 0.13ms
[276.727s][info][gc,heap        ] GC(77) Eden regions: 1041->0(985)
[276.727s][info][gc,heap        ] GC(77) Survivor regions: 121->130(146)
[276.727s][info][gc,heap        ] GC(77) Old regions: 585->623
[276.727s][info][gc,heap        ] GC(77) Humongous regions: 77->77
[276.727s][info][gc,metaspace   ] GC(77) Metaspace: 28788K(29120K)->28788K(29120K) NonClass: 23905K(24064K)->23905K(24064K) Class: 4883K(5056K)->4883K(5056K)
[276.727s][info][gc             ] GC(77) Pause Young (Concurrent Start) (G1 Evacuation Pause) 3647M->1658M(4096M) 138.467ms
[276.727s][info][gc             ] GC(78) Concurrent Mark Cycle
[276.727s][info][gc,marking     ] GC(78) Concurrent Scan Root Regions
[276.727s][info][gc,cpu         ] GC(77) User=0.81s Sys=0.00s Real=0.14s
[276.992s][info][gc,marking     ] GC(78) Concurrent Scan Root Regions 265.368ms
[276.993s][info][gc,marking     ] GC(78) Concurrent Mark
[276.993s][info][gc,marking     ] GC(78) Concurrent Mark From Roots
[276.993s][info][gc,task        ] GC(78) Using 2 workers of 2 for marking
?.[278.435s][info][gc,start       ] GC(79) Pause Young (Normal) (G1 Evacuation Pause)
[278.435s][info][gc,task        ] GC(79) Using 6 workers of 6 for evacuation
[278.583s][info][gc,phases      ] GC(79)   Pre Evacuate Collection Set: 0.38ms
[278.583s][info][gc,phases      ] GC(79)   Merge Heap Roots: 0.54ms
[278.583s][info][gc,phases      ] GC(79)   Evacuate Collection Set: 145.57ms
[278.583s][info][gc,phases      ] GC(79)   Post Evacuate Collection Set: 0.83ms
[278.583s][info][gc,phases      ] GC(79)   Other: 0.07ms
[278.583s][info][gc,heap        ] GC(79) Eden regions: 985->0(973)
[278.583s][info][gc,heap        ] GC(79) Survivor regions: 130->81(140)
[278.583s][info][gc,heap        ] GC(79) Old regions: 623->727
[278.583s][info][gc,heap        ] GC(79) Humongous regions: 77->77
[278.583s][info][gc,metaspace   ] GC(79) Metaspace: 28788K(29120K)->28788K(29120K) NonClass: 23905K(24064K)->23905K(24064K) Class: 4883K(5056K)->4883K(5056K)
[278.583s][info][gc             ] GC(79) Pause Young (Normal) (G1 Evacuation Pause) 3628M->1767M(4096M) 147.525ms
[278.583s][info][gc,cpu         ] GC(79) User=0.87s Sys=0.00s Real=0.15s
[278.756s][info][gc,marking     ] GC(78) Concurrent Mark From Roots 1763.036ms
[278.756s][info][gc,marking     ] GC(78) Concurrent Preclean
[278.756s][info][gc,marking     ] GC(78) Concurrent Preclean 0.113ms
[278.758s][info][gc,start       ] GC(78) Pause Remark
[278.762s][info][gc             ] GC(78) Pause Remark 1991M->1991M(4096M) 4.199ms
[278.762s][info][gc,cpu         ] GC(78) User=0.02s Sys=0.00s Real=0.01s
[278.762s][info][gc,marking     ] GC(78) Concurrent Mark 1769.455ms
[278.762s][info][gc,marking     ] GC(78) Concurrent Rebuild Remembered Sets and Scrub Regions
. (rIR:aIR:PR = 13837:12675:11087) (tPR = 166351) [IR is under limit] [PR is under limit] 
   278s: Re-initializing (term[279.455s][info][gc,marking     ] GC(78) Concurrent Rebuild Remembered Sets and Scrub Regions 693.385ms
[279.457s][info][gc,start       ] GC(78) Pause Cleanup
[279.458s][info][gc             ] GC(78) Pause Cleanup 2635M->2635M(4096M) 0.196ms
[279.458s][info][gc,cpu         ] GC(78) User=0.00s Sys=0.00s Real=0.00s
[279.458s][info][gc,marking     ] GC(78) Concurrent Clear Claimed Marks
[279.458s][info][gc,marking     ] GC(78) Concurrent Clear Claimed Marks 0.039ms
[279.458s][info][gc,marking     ] GC(78) Concurrent Cleanup for Next Mark
[279.463s][info][gc,marking     ] GC(78) Concurrent Cleanup for Next Mark 5.133ms
[279.463s][info][gc             ] GC(78) Concurrent Mark Cycle 2735.987ms
[280.098s][info][gc,start       ] GC(80) Pause Young (Prepare Mixed) (G1 Evacuation Pause)
[280.098s][info][gc,task        ] GC(80) Using 6 workers of 6 for evacuation
[280.219s][info][gc,phases      ] GC(80)   Pre Evacuate Collection Set: 0.31ms
[280.220s][info][gc,phases      ] GC(80)   Merge Heap Roots: 0.51ms
[280.220s][info][gc,phases      ] GC(80)   Evacuate Collection Set: 118.65ms
[280.220s][info][gc,phases      ] GC(80)   Post Evacuate Collection Set: 0.86ms
[280.220s][info][gc,phases      ] GC(80)   Other: 0.81ms
[280.220s][info][gc,heap        ] GC(80) Eden regions: 973->0(918)
[280.220s][info][gc,heap        ] GC(80) Survivor regions: 81->80(132)
[280.220s][info][gc,heap        ] GC(80) Old regions: 727->785
[280.220s][info][gc,heap        ] GC(80) Humongous regions: 77->77
[280.220s][info][gc,metaspace   ] GC(80) Metaspace: 28788K(29120K)->28788K(29120K) NonClass: 23905K(24064K)->23905K(24064K) Class: 4883K(5056K)->4883K(5056K)
[280.220s][info][gc             ] GC(80) Pause Young (Prepare Mixed) (G1 Evacuation Pause) 3713M->1882M(4096M) 121.283ms
[280.220s][info][gc,cpu         ] GC(80) User=0.71s Sys=0.00s Real=0.12s
[281.558s][info][gc,start       ] GC(81) Pause Young (Mixed) (G1 Evacuation Pause)
[281.558s][info][gc,task        ] GC(81) Using 6 workers of 6 for evacuation
[281.674s][info][gc,phases      ] GC(81)   Pre Evacuate Collection Set: 0.42ms
[281.674s][info][gc,phases      ] GC(81)   Merge Heap Roots: 0.58ms
[281.674s][info][gc,phases      ] GC(81)   Evacuate Collection Set: 114.26ms
[281.674s][info][gc,phases      ] GC(81)   Post Evacuate Collection Set: 1.01ms
[281.674s][info][gc,phases      ] GC(81)   Other: 0.09ms
[281.674s][info][gc,heap        ] GC(81) Eden regions: 918->0(1046)
[281.674s][info][gc,heap        ] GC(81) Survivor regions: 80->67(125)
[281.674s][info][gc,heap        ] GC(81) Old regions: 785->650
[281.674s][info][gc,heap        ] GC(81) Humongous regions: 77->77
[281.674s][info][gc,metaspace   ] GC(81) Metaspace: 28789K(29120K)->28789K(29120K) NonClass: 23906K(24064K)->23906K(24064K) Class: 4883K(5056K)->4883K(5056K)
[281.674s][info][gc             ] GC(81) Pause Young (Mixed) (G1 Evacuation Pause) 3718M->1585M(4096M) 116.491ms
[281.675s][info][gc,cpu         ] GC(81) User=0.69s Sys=0.00s Real=0.12s
) [283.060s][info][gc,start       ] GC(82) Pause Full (System.gc())
[283.060s][info][gc,task        ] GC(82) Using 6 workers of 6 for full compaction
[283.061s][info][gc,phases,start] GC(82) Phase 1: Mark live objects
[283.076s][info][gc,phases      ] GC(82) Phase 1: Mark live objects 14.626ms
[283.076s][info][gc,phases,start] GC(82) Phase 2: Prepare compaction
[283.079s][info][gc,phases      ] GC(82) Phase 2: Prepare compaction 3.596ms
[283.079s][info][gc,phases,start] GC(82) Phase 3: Adjust pointers
[283.087s][info][gc,phases      ] GC(82) Phase 3: Adjust pointers 8.032ms
[283.087s][info][gc,phases,start] GC(82) Phase 4: Compact heap
[283.091s][info][gc,phases      ] GC(82) Phase 4: Compact heap 3.646ms
[283.091s][info][gc,phases,start] GC(82) Phase 5: Reset Metadata
[283.096s][info][gc,phases      ] GC(82) Phase 5: Reset Metadata 4.614ms
[283.102s][info][gc,heap        ] GC(82) Eden regions: 972->0(1228)
[283.102s][info][gc,heap        ] GC(82) Survivor regions: 67->0(125)
[283.102s][info][gc,heap        ] GC(82) Old regions: 650->36
[283.102s][info][gc,heap        ] GC(82) Humongous regions: 77->66
[283.102s][info][gc,metaspace   ] GC(82) Metaspace: 28793K(29120K)->28793K(29120K) NonClass: 23909K(24064K)->23909K(24064K) Class: 4883K(5056K)->4883K(5056K)
[283.102s][info][gc             ] GC(82) Pause Full (System.gc()) 3529M->194M(4096M) 41.684ms
[283.102s][info][gc,cpu         ] GC(82) User=0.22s Sys=0.00s Real=0.05s
(init[283.342s][info][gc,start       ] GC(83) Pause Young (Concurrent Start) (G1 Humongous Allocation)
[283.342s][info][gc,task        ] GC(83) Using 6 workers of 6 for evacuation
[283.355s][info][gc,phases      ] GC(83)   Pre Evacuate Collection Set: 0.35ms
[283.355s][info][gc,phases      ] GC(83)   Merge Heap Roots: 0.04ms
[283.355s][info][gc,phases      ] GC(83)   Evacuate Collection Set: 12.06ms
[283.355s][info][gc,phases      ] GC(83)   Post Evacuate Collection Set: 0.27ms
[283.355s][info][gc,phases      ] GC(83)   Other: 0.11ms
[283.355s][info][gc,heap        ] GC(83) Eden regions: 45->0(1215)
[283.355s][info][gc,heap        ] GC(83) Survivor regions: 0->13(154)
[283.355s][info][gc,heap        ] GC(83) Old regions: 36->36
[283.355s][info][gc,heap        ] GC(83) Humongous regions: 66->66
[283.355s][info][gc,metaspace   ] GC(83) Metaspace: 28802K(29120K)->28802K(29120K) NonClass: 23919K(24064K)->23919K(24064K) Class: 4883K(5056K)->4883K(5056K)
[283.355s][info][gc             ] GC(83) Pause Young (Concurrent Start) (G1 Humongous Allocation) 283M->219M(4096M) 12.957ms
[283.355s][info][gc             ] GC(84) Concurrent Mark Cycle
[283.355s][info][gc,marking     ] GC(84) Concurrent Scan Root Regions
[283.355s][info][gc,cpu         ] GC(83) User=0.08s Sys=0.00s Real=0.02s
[283.365s][info][gc,marking     ] GC(84) Concurrent Scan Root Regions 10.231ms
[283.365s][info][gc,marking     ] GC(84) Concurrent Mark
[283.365s][info][gc,marking     ] GC(84) Concurrent Mark From Roots
[283.365s][info][gc,task        ] GC(84) Using 2 workers of 2 for marking
[283.416s][info][gc,marking     ] GC(84) Concurrent Mark From Roots 50.723ms
[283.416s][info][gc,marking     ] GC(84) Concurrent Preclean
[283.416s][info][gc,marking     ] GC(84) Concurrent Preclean 0.087ms
[283.416s][info][gc,start       ] GC(84) Pause Remark
[283.418s][info][gc             ] GC(84) Pause Remark 360M->360M(4096M) 1.936ms
[283.418s][info][gc,cpu         ] GC(84) User=0.01s Sys=0.00s Real=0.00s
[283.418s][info][gc,marking     ] GC(84) Concurrent Mark 52.967ms
[283.418s][info][gc,marking     ] GC(84) Concurrent Rebuild Remembered Sets and Scrub Regions
[283.454s][info][gc,marking     ] GC(84) Concurrent Rebuild Remembered Sets and Scrub Regions 36.244ms
[283.454s][info][gc,start       ] GC(84) Pause Cleanup
[283.454s][info][gc             ] GC(84) Pause Cleanup 455M->455M(4096M) 0.064ms
[283.454s][info][gc,cpu         ] GC(84) User=0.00s Sys=0.00s Real=0.00s
[283.454s][info][gc,marking     ] GC(84) Concurrent Clear Claimed Marks
[283.454s][info][gc,marking     ] GC(84) Concurrent Clear Claimed Marks 0.029ms
[283.454s][info][gc,marking     ] GC(84) Concurrent Cleanup for Next Mark
[283.459s][info][gc,marking     ] GC(84) Concurrent Cleanup for Next Mark 5.013ms
[283.459s][info][gc             ] GC(84) Concurrent Mark Cycle 104.799ms
) ... OK
   287s: Searching from base IR = 11548
   287s:       rampup IR =      0 ... (rIR:aIR:PR = 0:0:0) (tPR = 0) [OK] 
   290s:       rampup IR =   1155 ...[293.855s][info][gc,start       ] GC(85) Pause Young (Prepare Mixed) (G1 Evacuation Pause)
[293.855s][info][gc,task        ] GC(85) Using 6 workers of 6 for evacuation
[294.336s][info][gc,mmu         ] GC(85) MMU target violated: 201.0ms (200.0ms/201.0ms)
[294.336s][info][gc,phases      ] GC(85)   Pre Evacuate Collection Set: 0.32ms
[294.336s][info][gc,phases      ] GC(85)   Merge Heap Roots: 0.54ms
[294.336s][info][gc,phases      ] GC(85)   Evacuate Collection Set: 479.10ms
[294.336s][info][gc,phases      ] GC(85)   Post Evacuate Collection Set: 1.27ms
[294.336s][info][gc,phases      ] GC(85)   Other: 0.15ms
[294.336s][info][gc,heap        ] GC(85) Eden regions: 1215->0(487)
[294.336s][info][gc,heap        ] GC(85) Survivor regions: 13->154(154)
[294.336s][info][gc,heap        ] GC(85) Old regions: 36->346
[294.336s][info][gc,heap        ] GC(85) Humongous regions: 163->155
[294.336s][info][gc,metaspace   ] GC(85) Metaspace: 28813K(29120K)->28813K(29120K) NonClass: 23929K(24064K)->23929K(24064K) Class: 4883K(5056K)->4883K(5056K)
[294.336s][info][gc             ] GC(85) Pause Young (Prepare Mixed) (G1 Evacuation Pause) 2843M->1300M(4096M) 481.482ms
[294.336s][info][gc,cpu         ] GC(85) User=2.85s Sys=0.00s Real=0.48s
. (rIR:aIR:PR = 1155:1171:1148) (tPR = 22887) [OK] 
   294s:       rampup IR =   2310 ..[296.768s][info][gc,start       ] GC(86) Pause Young (Mixed) (G1 Evacuation Pause)
[296.768s][info][gc,task        ] GC(86) Using 6 workers of 6 for evacuation
[296.957s][info][gc,phases      ] GC(86)   Pre Evacuate Collection Set: 0.38ms
[296.957s][info][gc,phases      ] GC(86)   Merge Heap Roots: 0.60ms
[296.957s][info][gc,phases      ] GC(86)   Evacuate Collection Set: 187.58ms
[296.957s][info][gc,phases      ] GC(86)   Post Evacuate Collection Set: 0.66ms
[296.957s][info][gc,phases      ] GC(86)   Other: 0.07ms
[296.957s][info][gc,heap        ] GC(86) Eden regions: 478->0(657)
[296.957s][info][gc,heap        ] GC(86) Survivor regions: 154->30(79)
[296.957s][info][gc,heap        ] GC(86) Old regions: 346->497
[296.957s][info][gc,heap        ] GC(86) Humongous regions: 155->155
[296.957s][info][gc,metaspace   ] GC(86) Metaspace: 28813K(29120K)->28813K(29120K) NonClass: 23929K(24064K)->23929K(24064K) Class: 4883K(5056K)->4883K(5056K)
[296.957s][info][gc             ] GC(86) Pause Young (Mixed) (G1 Evacuation Pause) 2256M->1355M(4096M) 189.413ms
[296.957s][info][gc,cpu         ] GC(86) User=1.12s Sys=0.00s Real=0.19s
.. (rIR:aIR:PR = 2310:2309:2255) (tPR = 41894) [OK] 
   298s:       rampup IR =   3464 .[299.698s][info][gc,start       ] GC(87) Pause Young (Concurrent Start) (G1 Evacuation Pause)
[299.698s][info][gc,task        ] GC(87) Using 6 workers of 6 for evacuation
[299.761s][info][gc,phases      ] GC(87)   Pre Evacuate Collection Set: 0.40ms
[299.761s][info][gc,phases      ] GC(87)   Merge Heap Roots: 0.41ms
[299.761s][info][gc,phases      ] GC(87)   Evacuate Collection Set: 60.80ms
[299.761s][info][gc,phases      ] GC(87)   Post Evacuate Collection Set: 0.70ms
[299.761s][info][gc,phases      ] GC(87)   Other: 0.10ms
[299.761s][info][gc,heap        ] GC(87) Eden regions: 685->0(684)
[299.761s][info][gc,heap        ] GC(87) Survivor regions: 30->62(90)
[299.761s][info][gc,heap        ] GC(87) Old regions: 497->497
[299.761s][info][gc,heap        ] GC(87) Humongous regions: 155->155
[299.761s][info][gc,metaspace   ] GC(87) Metaspace: 28813K(29120K)->28813K(29120K) NonClass: 23929K(24064K)->23929K(24064K) Class: 4883K(5056K)->4883K(5056K)
[299.761s][info][gc             ] GC(87) Pause Young (Concurrent Start) (G1 Evacuation Pause) 2725M->1420M(4096M) 62.548ms
[299.761s][info][gc             ] GC(88) Concurrent Mark Cycle
[299.761s][info][gc,marking     ] GC(88) Concurrent Scan Root Regions
[299.761s][info][gc,cpu         ] GC(87) User=0.36s Sys=0.00s Real=0.06s
[299.851s][info][gc,marking     ] GC(88) Concurrent Scan Root Regions 89.565ms
[299.851s][info][gc,marking     ] GC(88) Concurrent Mark
[299.851s][info][gc,marking     ] GC(88) Concurrent Mark From Roots
[299.851s][info][gc,task        ] GC(88) Using 2 workers of 2 for marking
.[300.799s][info][gc,marking     ] GC(88) Concurrent Mark From Roots 948.072ms
[300.799s][info][gc,marking     ] GC(88) Concurrent Preclean
[300.799s][info][gc,marking     ] GC(88) Concurrent Preclean 0.062ms
[300.799s][info][gc,start       ] GC(88) Pause Remark
[300.808s][info][gc             ] GC(88) Pause Remark 2078M->1856M(4096M) 9.292ms
[300.808s][info][gc,cpu         ] GC(88) User=0.05s Sys=0.00s Real=0.01s
[300.808s][info][gc,marking     ] GC(88) Concurrent Mark 957.711ms
[300.808s][info][gc,marking     ] GC(88) Concurrent Rebuild Remembered Sets and Scrub Regions
[301.058s][info][gc,marking     ] GC(88) Concurrent Rebuild Remembered Sets and Scrub Regions 249.721ms
[301.059s][info][gc,start       ] GC(88) Pause Cleanup
[301.059s][info][gc             ] GC(88) Pause Cleanup 2024M->2024M(4096M) 0.099ms
[301.059s][info][gc,cpu         ] GC(88) User=0.00s Sys=0.00s Real=0.00s
[301.060s][info][gc,marking     ] GC(88) Concurrent Clear Claimed Marks
[301.060s][info][gc,marking     ] GC(88) Concurrent Clear Claimed Marks 0.040ms
[301.060s][info][gc,marking     ] GC(88) Concurrent Cleanup for Next Mark
[301.065s][info][gc,marking     ] GC(88) Concurrent Cleanup for Next Mark 5.811ms
[301.066s][info][gc             ] GC(88) Concurrent Mark Cycle 1304.537ms
.[302.002s][info][gc,start       ] GC(89) Pause Young (Prepare Mixed) (G1 Evacuation Pause)
[302.003s][info][gc,task        ] GC(89) Using 6 workers of 6 for evacuation
[302.084s][info][gc,phases      ] GC(89)   Pre Evacuate Collection Set: 0.39ms
[302.084s][info][gc,phases      ] GC(89)   Merge Heap Roots: 0.52ms
[302.084s][info][gc,phases      ] GC(89)   Evacuate Collection Set: 79.59ms
[302.084s][info][gc,phases      ] GC(89)   Post Evacuate Collection Set: 0.71ms
[302.084s][info][gc,phases      ] GC(89)   Other: 0.07ms
[302.084s][info][gc,heap        ] GC(89) Eden regions: 673->0(979)
[302.084s][info][gc,heap        ] GC(89) Survivor regions: 62->68(92)
[302.084s][info][gc,heap        ] GC(89) Old regions: 466->489
[302.084s][info][gc,heap        ] GC(89) Humongous regions: 75->75
[302.084s][info][gc,metaspace   ] GC(89) Metaspace: 28813K(29120K)->28813K(29120K) NonClass: 23929K(24064K)->23929K(24064K) Class: 4883K(5056K)->4883K(5056K)
[302.084s][info][gc             ] GC(89) Pause Young (Prepare Mixed) (G1 Evacuation Pause) 2544M->1255M(4096M) 81.421ms
[302.084s][info][gc,cpu         ] GC(89) User=0.48s Sys=0.00s Real=0.08s
. (rIR:aIR:PR = 3464:3462:3383) (tPR = 59507) [OK] 
   302s:       rampup IR =   4619 ..[304.827s][info][gc,start       ] GC(90) Pause Young (Mixed) (G1 Evacuation Pause)
[304.827s][info][gc,task        ] GC(90) Using 6 workers of 6 for evacuation
[304.922s][info][gc,phases      ] GC(90)   Pre Evacuate Collection Set: 0.37ms
[304.922s][info][gc,phases      ] GC(90)   Merge Heap Roots: 0.38ms
[304.922s][info][gc,phases      ] GC(90)   Evacuate Collection Set: 93.49ms
[304.922s][info][gc,phases      ] GC(90)   Merge Optional Heap Roots: 0.02ms
[304.922s][info][gc,phases      ] GC(90)   Evacuate Optional Collection Set: 0.15ms
[304.922s][info][gc,phases      ] GC(90)   Post Evacuate Collection Set: 0.93ms
[304.922s][info][gc,phases      ] GC(90)   Other: 0.09ms
[304.922s][info][gc,heap        ] GC(90) Eden regions: 1051->0(924)
[304.922s][info][gc,heap        ] GC(90) Survivor regions: 68->108(140)
[304.922s][info][gc,heap        ] GC(90) Old regions: 489->479
[304.922s][info][gc,heap        ] GC(90) Humongous regions: 75->75
[304.922s][info][gc,metaspace   ] GC(90) Metaspace: 28813K(29120K)->28813K(29120K) NonClass: 23929K(24064K)->23929K(24064K) Class: 4883K(5056K)->4883K(5056K)
[304.922s][info][gc             ] GC(90) Pause Young (Mixed) (G1 Evacuation Pause) 3357M->1317M(4096M) 95.579ms
[304.922s][info][gc,cpu         ] GC(90) User=0.56s Sys=0.00s Real=0.10s
.. (rIR:aIR:PR = 4619:4603:4534) (tPR = 78486) [OK] 
   306s:       rampup IR =   5774 [307.235s][info][gc,start       ] GC(91) Pause Young (Mixed) (G1 Evacuation Pause)
[307.235s][info][gc,task        ] GC(91) Using 6 workers of 6 for evacuation
[307.360s][info][gc,phases      ] GC(91)   Pre Evacuate Collection Set: 0.35ms
[307.360s][info][gc,phases      ] GC(91)   Merge Heap Roots: 0.41ms
[307.360s][info][gc,phases      ] GC(91)   Evacuate Collection Set: 122.58ms
[307.360s][info][gc,phases      ] GC(91)   Post Evacuate Collection Set: 1.00ms
[307.360s][info][gc,phases      ] GC(91)   Other: 0.08ms
[307.360s][info][gc,heap        ] GC(91) Eden regions: 994->0(1066)
[307.360s][info][gc,heap        ] GC(91) Survivor regions: 108->98(138)
[307.360s][info][gc,heap        ] GC(91) Old regions: 479->520
[307.360s][info][gc,heap        ] GC(91) Humongous regions: 77->77
[307.360s][info][gc,metaspace   ] GC(91) Metaspace: 28817K(29120K)->28817K(29120K) NonClass: 23933K(24064K)->23933K(24064K) Class: 4883K(5056K)->4883K(5056K)
[307.360s][info][gc             ] GC(91) Pause Young (Mixed) (G1 Evacuation Pause) 3309M->1384M(4096M) 124.548ms
[307.360s][info][gc,cpu         ] GC(91) User=0.74s Sys=0.00s Real=0.12s
...[309.568s][info][gc,start       ] GC(92) Pause Young (Mixed) (G1 Evacuation Pause)
[309.568s][info][gc,task        ] GC(92) Using 6 workers of 6 for evacuation
[309.683s][info][gc,phases      ] GC(92)   Pre Evacuate Collection Set: 0.38ms
[309.683s][info][gc,phases      ] GC(92)   Merge Heap Roots: 0.44ms
[309.683s][info][gc,phases      ] GC(92)   Evacuate Collection Set: 113.70ms
[309.683s][info][gc,phases      ] GC(92)   Post Evacuate Collection Set: 1.04ms
[309.683s][info][gc,phases      ] GC(92)   Other: 0.09ms
[309.683s][info][gc,heap        ] GC(92) Eden regions: 1066->0(1075)
[309.683s][info][gc,heap        ] GC(92) Survivor regions: 98->97(146)
[309.683s][info][gc,heap        ] GC(92) Old regions: 520->537
[309.683s][info][gc,heap        ] GC(92) Humongous regions: 77->77
[309.683s][info][gc,metaspace   ] GC(92) Metaspace: 28821K(29120K)->28821K(29120K) NonClass: 23937K(24064K)->23937K(24064K) Class: 4883K(5056K)->4883K(5056K)
[309.683s][info][gc             ] GC(92) Pause Young (Mixed) (G1 Evacuation Pause) 3516M->1419M(4096M) 115.788ms
[309.683s][info][gc,cpu         ] GC(92) User=0.68s Sys=0.00s Real=0.12s
. (rIR:aIR:PR = 5774:5800:5796) (tPR = 93825) [OK] 
   310s:       rampup IR =   6929 .[311.959s][info][gc,start       ] GC(93) Pause Young (Concurrent Start) (G1 Evacuation Pause)
[311.959s][info][gc,task        ] GC(93) Using 6 workers of 6 for evacuation
[312.078s][info][gc,phases      ] GC(93)   Pre Evacuate Collection Set: 0.44ms
[312.078s][info][gc,phases      ] GC(93)   Merge Heap Roots: 0.43ms
[312.078s][info][gc,phases      ] GC(93)   Evacuate Collection Set: 116.67ms
[312.078s][info][gc,phases      ] GC(93)   Post Evacuate Collection Set: 0.96ms
[312.078s][info][gc,phases      ] GC(93)   Other: 0.14ms
[312.078s][info][gc,heap        ] GC(93) Eden regions: 1075->0(1060)
[312.078s][info][gc,heap        ] GC(93) Survivor regions: 97->108(147)
[312.078s][info][gc,heap        ] GC(93) Old regions: 537->569
[312.078s][info][gc,heap        ] GC(93) Humongous regions: 77->77
[312.078s][info][gc,metaspace   ] GC(93) Metaspace: 28823K(29184K)->28823K(29184K) NonClass: 23939K(24128K)->23939K(24128K) Class: 4883K(5056K)->4883K(5056K)
[312.078s][info][gc             ] GC(93) Pause Young (Concurrent Start) (G1 Evacuation Pause) 3569M->1506M(4096M) 118.767ms
[312.078s][info][gc             ] GC(94) Concurrent Mark Cycle
[312.078s][info][gc,marking     ] GC(94) Concurrent Scan Root Regions
[312.078s][info][gc,cpu         ] GC(93) User=0.70s Sys=0.00s Real=0.12s
[312.301s][info][gc,marking     ] GC(94) Concurrent Scan Root Regions 222.755ms
[312.301s][info][gc,marking     ] GC(94) Concurrent Mark
[312.301s][info][gc,marking     ] GC(94) Concurrent Mark From Roots
[312.301s][info][gc,task        ] GC(94) Using 2 workers of 2 for marking
.[313.171s][info][gc,marking     ] GC(94) Concurrent Mark From Roots 870.354ms
[313.171s][info][gc,marking     ] GC(94) Concurrent Preclean
[313.172s][info][gc,marking     ] GC(94) Concurrent Preclean 0.079ms
[313.172s][info][gc,start       ] GC(94) Pause Remark
[313.178s][info][gc             ] GC(94) Pause Remark 2572M->2572M(4096M) 6.277ms
[313.178s][info][gc,cpu         ] GC(94) User=0.03s Sys=0.00s Real=0.01s
[313.178s][info][gc,marking     ] GC(94) Concurrent Mark 877.081ms
[313.178s][info][gc,marking     ] GC(94) Concurrent Rebuild Remembered Sets and Scrub Regions
[313.432s][info][gc,marking     ] GC(94) Concurrent Rebuild Remembered Sets and Scrub Regions 254.176ms
[313.432s][info][gc,start       ] GC(94) Pause Cleanup
[313.433s][info][gc             ] GC(94) Pause Cleanup 2779M->2779M(4096M) 0.175ms
[313.433s][info][gc,cpu         ] GC(94) User=0.00s Sys=0.00s Real=0.00s
[313.433s][info][gc,marking     ] GC(94) Concurrent Clear Claimed Marks
[313.433s][info][gc,marking     ] GC(94) Concurrent Clear Claimed Marks 0.032ms
[313.433s][info][gc,marking     ] GC(94) Concurrent Cleanup for Next Mark
[313.438s][info][gc,marking     ] GC(94) Concurrent Cleanup for Next Mark 4.678ms
[313.438s][info][gc             ] GC(94) Concurrent Mark Cycle 1359.398ms
.[314.361s][info][gc,start       ] GC(95) Pause Young (Prepare Mixed) (G1 Evacuation Pause)
[314.361s][info][gc,task        ] GC(95) Using 6 workers of 6 for evacuation
[314.480s][info][gc,phases      ] GC(95)   Pre Evacuate Collection Set: 0.36ms
[314.480s][info][gc,phases      ] GC(95)   Merge Heap Roots: 0.43ms
[314.480s][info][gc,phases      ] GC(95)   Evacuate Collection Set: 116.86ms
[314.480s][info][gc,phases      ] GC(95)   Post Evacuate Collection Set: 0.95ms
[314.480s][info][gc,phases      ] GC(95)   Other: 0.08ms
[314.480s][info][gc,heap        ] GC(95) Eden regions: 1060->0(1043)
[314.480s][info][gc,heap        ] GC(95) Survivor regions: 108->108(146)
[314.480s][info][gc,heap        ] GC(95) Old regions: 569->605
[314.480s][info][gc,heap        ] GC(95) Humongous regions: 77->77
[314.480s][info][gc,metaspace   ] GC(95) Metaspace: 28823K(29184K)->28823K(29184K) NonClass: 23939K(24128K)->23939K(24128K) Class: 4883K(5056K)->4883K(5056K)
[314.480s][info][gc             ] GC(95) Pause Young (Prepare Mixed) (G1 Evacuation Pause) 3626M->1578M(4096M) 118.829ms
[314.480s][info][gc,cpu         ] GC(95) User=0.70s Sys=0.00s Real=0.12s
.. (rIR:aIR:PR = 6929:6880:6879) (tPR = 104029) [OK] 
   315s:       rampup IR =   8084 .[316.645s][info][gc,start       ] GC(96) Pause Young (Mixed) (G1 Evacuation Pause)
[316.645s][info][gc,task        ] GC(96) Using 6 workers of 6 for evacuation
[316.775s][info][gc,phases      ] GC(96)   Pre Evacuate Collection Set: 0.42ms
[316.775s][info][gc,phases      ] GC(96)   Merge Heap Roots: 0.51ms
[316.776s][info][gc,phases      ] GC(96)   Evacuate Collection Set: 125.53ms
[316.776s][info][gc,phases      ] GC(96)   Merge Optional Heap Roots: 0.04ms
[316.776s][info][gc,phases      ] GC(96)   Evacuate Optional Collection Set: 2.65ms
[316.776s][info][gc,phases      ] GC(96)   Post Evacuate Collection Set: 1.18ms
[316.776s][info][gc,phases      ] GC(96)   Other: 0.11ms
[316.776s][info][gc,heap        ] GC(96) Eden regions: 1043->0(1122)
[316.776s][info][gc,heap        ] GC(96) Survivor regions: 108->106(144)
[316.776s][info][gc,heap        ] GC(96) Old regions: 605->468
[316.776s][info][gc,heap        ] GC(96) Humongous regions: 77->77
[316.776s][info][gc,metaspace   ] GC(96) Metaspace: 28823K(29184K)->28823K(29184K) NonClass: 23939K(24128K)->23939K(24128K) Class: 4883K(5056K)->4883K(5056K)
[316.776s][info][gc             ] GC(96) Pause Young (Mixed) (G1 Evacuation Pause) 3664M->1301M(4096M) 130.605ms
[316.776s][info][gc,cpu         ] GC(96) User=0.77s Sys=0.00s Real=0.13s
..[318.972s][info][gc,start       ] GC(97) Pause Young (Mixed) (G1 Evacuation Pause)
[318.972s][info][gc,task        ] GC(97) Using 6 workers of 6 for evacuation
[319.094s][info][gc,phases      ] GC(97)   Pre Evacuate Collection Set: 0.39ms
[319.094s][info][gc,phases      ] GC(97)   Merge Heap Roots: 0.46ms
[319.094s][info][gc,phases      ] GC(97)   Evacuate Collection Set: 119.79ms
[319.094s][info][gc,phases      ] GC(97)   Post Evacuate Collection Set: 0.97ms
[319.094s][info][gc,phases      ] GC(97)   Other: 0.08ms
[319.094s][info][gc,heap        ] GC(97) Eden regions: 1122->0(1118)
[319.094s][info][gc,heap        ] GC(97) Survivor regions: 106->110(154)
[319.094s][info][gc,heap        ] GC(97) Old regions: 468->492
[319.094s][info][gc,heap        ] GC(97) Humongous regions: 77->77
[319.094s][info][gc,metaspace   ] GC(97) Metaspace: 28825K(29184K)->28825K(29184K) NonClass: 23941K(24128K)->23941K(24128K) Class: 4883K(5056K)->4883K(5056K)
[319.094s][info][gc             ] GC(97) Pause Young (Mixed) (G1 Evacuation Pause) 3545M->1357M(4096M) 121.823ms
[319.094s][info][gc,cpu         ] GC(97) User=0.72s Sys=0.00s Real=0.12s
. (rIR:aIR:PR = 8084:8018:8018) (tPR = 116183) [OK] 
   319s:       rampup IR =   9238 .[321.015s][info][gc,start       ] GC(98) Pause Young (Concurrent Start) (G1 Evacuation Pause)
[321.015s][info][gc,task        ] GC(98) Using 6 workers of 6 for evacuation
[321.142s][info][gc,phases      ] GC(98)   Pre Evacuate Collection Set: 0.41ms
[321.142s][info][gc,phases      ] GC(98)   Merge Heap Roots: 0.43ms
[321.142s][info][gc,phases      ] GC(98)   Evacuate Collection Set: 125.16ms
[321.142s][info][gc,phases      ] GC(98)   Post Evacuate Collection Set: 0.99ms
[321.142s][info][gc,phases      ] GC(98)   Other: 0.13ms
[321.142s][info][gc,heap        ] GC(98) Eden regions: 1118->0(1109)
[321.142s][info][gc,heap        ] GC(98) Survivor regions: 110->117(154)
[321.142s][info][gc,heap        ] GC(98) Old regions: 492->525
[321.142s][info][gc,heap        ] GC(98) Humongous regions: 77->77
[321.142s][info][gc,metaspace   ] GC(98) Metaspace: 28825K(29184K)->28825K(29184K) NonClass: 23941K(24128K)->23941K(24128K) Class: 4883K(5056K)->4883K(5056K)
[321.142s][info][gc             ] GC(98) Pause Young (Concurrent Start) (G1 Evacuation Pause) 3593M->1436M(4096M) 127.266ms
[321.142s][info][gc             ] GC(99) Concurrent Mark Cycle
[321.142s][info][gc,marking     ] GC(99) Concurrent Scan Root Regions
[321.142s][info][gc,cpu         ] GC(98) User=0.75s Sys=0.00s Real=0.13s
[321.338s][info][gc,marking     ] GC(99) Concurrent Scan Root Regions 195.620ms
[321.338s][info][gc,marking     ] GC(99) Concurrent Mark
[321.338s][info][gc,marking     ] GC(99) Concurrent Mark From Roots
[321.338s][info][gc,task        ] GC(99) Using 2 workers of 2 for marking
.[322.305s][info][gc,marking     ] GC(99) Concurrent Mark From Roots 967.192ms
[322.305s][info][gc,marking     ] GC(99) Concurrent Preclean
[322.305s][info][gc,marking     ] GC(99) Concurrent Preclean 0.126ms
[322.307s][info][gc,start       ] GC(99) Pause Remark
[322.311s][info][gc             ] GC(99) Pause Remark 2526M->2526M(4096M) 3.675ms
[322.311s][info][gc,cpu         ] GC(99) User=0.02s Sys=0.00s Real=0.00s
[322.311s][info][gc,marking     ] GC(99) Concurrent Mark 973.467ms
[322.311s][info][gc,marking     ] GC(99) Concurrent Rebuild Remembered Sets and Scrub Regions
[322.766s][info][gc,marking     ] GC(99) Concurrent Rebuild Remembered Sets and Scrub Regions 454.849ms
[322.768s][info][gc,start       ] GC(99) Pause Cleanup
[322.768s][info][gc             ] GC(99) Pause Cleanup 3034M->3034M(4096M) 0.162ms
[322.768s][info][gc,cpu         ] GC(99) User=0.00s Sys=0.00s Real=0.00s
[322.768s][info][gc,marking     ] GC(99) Concurrent Clear Claimed Marks
[322.768s][info][gc,marking     ] GC(99) Concurrent Clear Claimed Marks 0.045ms
[322.768s][info][gc,marking     ] GC(99) Concurrent Cleanup for Next Mark
[322.773s][info][gc,marking     ] GC(99) Concurrent Cleanup for Next Mark 5.009ms
[322.774s][info][gc             ] GC(99) Concurrent Mark Cycle 1631.243ms
.[323.174s][info][gc,start       ] GC(100) Pause Young (Prepare Mixed) (G1 Evacuation Pause)
[323.174s][info][gc,task        ] GC(100) Using 6 workers of 6 for evacuation
[323.299s][info][gc,phases      ] GC(100)   Pre Evacuate Collection Set: 0.35ms
[323.299s][info][gc,phases      ] GC(100)   Merge Heap Roots: 0.47ms
[323.299s][info][gc,phases      ] GC(100)   Evacuate Collection Set: 123.53ms
[323.299s][info][gc,phases      ] GC(100)   Post Evacuate Collection Set: 0.96ms
[323.299s][info][gc,phases      ] GC(100)   Other: 0.10ms
[323.299s][info][gc,heap        ] GC(100) Eden regions: 1109->0(1076)
[323.299s][info][gc,heap        ] GC(100) Survivor regions: 117->116(154)
[323.299s][info][gc,heap        ] GC(100) Old regions: 525->560
[323.299s][info][gc,heap        ] GC(100) Humongous regions: 77->77
[323.299s][info][gc,metaspace   ] GC(100) Metaspace: 28825K(29184K)->28825K(29184K) NonClass: 23941K(24128K)->23941K(24128K) Class: 4883K(5056K)->4883K(5056K)
[323.299s][info][gc             ] GC(100) Pause Young (Prepare Mixed) (G1 Evacuation Pause) 3654M->1504M(4096M) 125.555ms
[323.299s][info][gc,cpu         ] GC(100) User=0.75s Sys=0.00s Real=0.12s
..[324.967s][info][gc,start       ] GC(101) Pause Young (Mixed) (G1 Evacuation Pause)
[324.967s][info][gc,task        ] GC(101) Using 6 workers of 6 for evacuation
[325.097s][info][gc,phases      ] GC(101)   Pre Evacuate Collection Set: 0.40ms
[325.097s][info][gc,phases      ] GC(101)   Merge Heap Roots: 0.52ms
[325.097s][info][gc,phases      ] GC(101)   Evacuate Collection Set: 127.96ms
[325.097s][info][gc,phases      ] GC(101)   Post Evacuate Collection Set: 0.99ms
[325.097s][info][gc,phases      ] GC(101)   Other: 0.09ms
[325.097s][info][gc,heap        ] GC(101) Eden regions: 1076->0(1119)
[325.097s][info][gc,heap        ] GC(101) Survivor regions: 116->109(149)
[325.097s][info][gc,heap        ] GC(101) Old regions: 560->466
[325.097s][info][gc,heap        ] GC(101) Humongous regions: 77->77
[325.097s][info][gc,metaspace   ] GC(101) Metaspace: 28825K(29184K)->28825K(29184K) NonClass: 23941K(24128K)->23941K(24128K) Class: 4883K(5056K)->4883K(5056K)
[325.097s][info][gc             ] GC(101) Pause Young (Mixed) (G1 Evacuation Pause) 3656M->1302M(4096M) 130.079ms
[325.097s][info][gc,cpu         ] GC(101) User=0.77s Sys=0.00s Real=0.13s
. (rIR:aIR:PR = 9238:9161:9160) (tPR = 138381) [OK] 
   325s:       rampup IR =  10393 .[326.938s][info][gc,start       ] GC(102) Pause Young (Concurrent Start) (G1 Evacuation Pause)
[326.938s][info][gc,task        ] GC(102) Using 6 workers of 6 for evacuation
[327.060s][info][gc,phases      ] GC(102)   Pre Evacuate Collection Set: 0.39ms
[327.060s][info][gc,phases      ] GC(102)   Merge Heap Roots: 0.45ms
[327.060s][info][gc,phases      ] GC(102)   Evacuate Collection Set: 119.37ms
[327.060s][info][gc,phases      ] GC(102)   Post Evacuate Collection Set: 1.02ms
[327.060s][info][gc,phases      ] GC(102)   Other: 0.11ms
[327.060s][info][gc,heap        ] GC(102) Eden regions: 1119->0(1117)
[327.060s][info][gc,heap        ] GC(102) Survivor regions: 109->111(154)
[327.060s][info][gc,heap        ] GC(102) Old regions: 466->499
[327.060s][info][gc,heap        ] GC(102) Humongous regions: 77->77
[327.060s][info][gc,metaspace   ] GC(102) Metaspace: 28828K(29184K)->28828K(29184K) NonClass: 23945K(24128K)->23945K(24128K) Class: 4883K(5056K)->4883K(5056K)
[327.060s][info][gc             ] GC(102) Pause Young (Concurrent Start) (G1 Evacuation Pause) 3540M->1373M(4096M) 121.475ms
[327.060s][info][gc             ] GC(103) Concurrent Mark Cycle
[327.060s][info][gc,marking     ] GC(103) Concurrent Scan Root Regions
[327.060s][info][gc,cpu         ] GC(102) User=0.72s Sys=0.00s Real=0.12s
[327.293s][info][gc,marking     ] GC(103) Concurrent Scan Root Regions 232.773ms
[327.293s][info][gc,marking     ] GC(103) Concurrent Mark
[327.293s][info][gc,marking     ] GC(103) Concurrent Mark From Roots
[327.293s][info][gc,task        ] GC(103) Using 2 workers of 2 for marking
.[328.287s][info][gc,marking     ] GC(103) Concurrent Mark From Roots 994.475ms
[328.287s][info][gc,marking     ] GC(103) Concurrent Preclean
[328.288s][info][gc,marking     ] GC(103) Concurrent Preclean 0.144ms
[328.289s][info][gc,start       ] GC(103) Pause Remark
[328.294s][info][gc             ] GC(103) Pause Remark 2547M->2547M(4096M) 4.754ms
[328.294s][info][gc,cpu         ] GC(103) User=0.03s Sys=0.00s Real=0.01s
[328.294s][info][gc,marking     ] GC(103) Concurrent Mark 1001.299ms
[328.294s][info][gc,marking     ] GC(103) Concurrent Rebuild Remembered Sets and Scrub Regions
[328.646s][info][gc,marking     ] GC(103) Concurrent Rebuild Remembered Sets and Scrub Regions 351.581ms
[328.646s][info][gc,start       ] GC(103) Pause Cleanup
[328.646s][info][gc             ] GC(103) Pause Cleanup 2914M->2914M(4096M) 0.132ms
[328.646s][info][gc,cpu         ] GC(103) User=0.00s Sys=0.00s Real=0.00s
[328.646s][info][gc,marking     ] GC(103) Concurrent Clear Claimed Marks
[328.646s][info][gc,marking     ] GC(103) Concurrent Clear Claimed Marks 0.033ms
[328.646s][info][gc,marking     ] GC(103) Concurrent Cleanup for Next Mark
[328.651s][info][gc,marking     ] GC(103) Concurrent Cleanup for Next Mark 5.005ms
[328.651s][info][gc             ] GC(103) Concurrent Mark Cycle 1591.317ms
[329.179s][info][gc,start       ] GC(104) Pause Young (Prepare Mixed) (G1 Evacuation Pause)
[329.179s][info][gc,task        ] GC(104) Using 6 workers of 6 for evacuation
[329.305s][info][gc,phases      ] GC(104)   Pre Evacuate Collection Set: 0.33ms
[329.305s][info][gc,phases      ] GC(104)   Merge Heap Roots: 0.48ms
[329.305s][info][gc,phases      ] GC(104)   Evacuate Collection Set: 124.78ms
[329.305s][info][gc,phases      ] GC(104)   Post Evacuate Collection Set: 1.05ms
[329.305s][info][gc,phases      ] GC(104)   Other: 0.09ms
[329.305s][info][gc,heap        ] GC(104) Eden regions: 1117->0(1100)
[329.305s][info][gc,heap        ] GC(104) Survivor regions: 111->119(154)
[329.306s][info][gc,heap        ] GC(104) Old regions: 499->530
[329.306s][info][gc,heap        ] GC(104) Humongous regions: 77->77
[329.306s][info][gc,metaspace   ] GC(104) Metaspace: 28828K(29184K)->28828K(29184K) NonClass: 23945K(24128K)->23945K(24128K) Class: 4883K(5056K)->4883K(5056K)
[329.306s][info][gc             ] GC(104) Pause Young (Prepare Mixed) (G1 Evacuation Pause) 3607M->1450M(4096M) 126.869ms
[329.306s][info][gc,cpu         ] GC(104) User=0.75s Sys=0.00s Real=0.13s
..[330.776s][info][gc,start       ] GC(105) Pause Young (Mixed) (G1 Evacuation Pause)
[330.776s][info][gc,task        ] GC(105) Using 6 workers of 6 for evacuation
[330.921s][info][gc,phases      ] GC(105)   Pre Evacuate Collection Set: 0.40ms
[330.921s][info][gc,phases      ] GC(105)   Merge Heap Roots: 0.66ms
[330.921s][info][gc,phases      ] GC(105)   Evacuate Collection Set: 142.78ms
[330.921s][info][gc,phases      ] GC(105)   Post Evacuate Collection Set: 0.99ms
[330.921s][info][gc,phases      ] GC(105)   Other: 0.09ms
[330.921s][info][gc,heap        ] GC(105) Eden regions: 1100->0(1115)
[330.921s][info][gc,heap        ] GC(105) Survivor regions: 119->113(153)
[330.921s][info][gc,heap        ] GC(105) Old regions: 530->464
[330.921s][info][gc,heap        ] GC(105) Humongous regions: 77->77
[330.921s][info][gc,metaspace   ] GC(105) Metaspace: 28828K(29184K)->28828K(29184K) NonClass: 23945K(24128K)->23945K(24128K) Class: 4883K(5056K)->4883K(5056K)
[330.921s][info][gc             ] GC(105) Pause Young (Mixed) (G1 Evacuation Pause) 3650M->1306M(4096M) 145.077ms
[330.921s][info][gc,cpu         ] GC(105) User=0.85s Sys=0.00s Real=0.14s
..[332.506s][info][gc,start       ] GC(106) Pause Young (Concurrent Start) (G1 Evacuation Pause)
[332.506s][info][gc,task        ] GC(106) Using 6 workers of 6 for evacuation
[332.627s][info][gc,phases      ] GC(106)   Pre Evacuate Collection Set: 0.38ms
[332.627s][info][gc,phases      ] GC(106)   Merge Heap Roots: 0.46ms
[332.627s][info][gc,phases      ] GC(106)   Evacuate Collection Set: 118.79ms
[332.627s][info][gc,phases      ] GC(106)   Post Evacuate Collection Set: 0.96ms
[332.627s][info][gc,phases      ] GC(106)   Other: 0.11ms
[332.627s][info][gc,heap        ] GC(106) Eden regions: 1115->0(1116)
[332.627s][info][gc,heap        ] GC(106) Survivor regions: 113->112(154)
[332.627s][info][gc,heap        ] GC(106) Old regions: 464->495
[332.627s][info][gc,heap        ] GC(106) Humongous regions: 77->77
[332.627s][info][gc,metaspace   ] GC(106) Metaspace: 28828K(29184K)->28828K(29184K) NonClass: 23945K(24128K)->23945K(24128K) Class: 4883K(5056K)->4883K(5056K)
[332.627s][info][gc             ] GC(106) Pause Young (Concurrent Start) (G1 Evacuation Pause) 3536M->1366M(4096M) 120.847ms
[332.627s][info][gc             ] GC(107) Concurrent Mark Cycle
[332.627s][info][gc,marking     ] GC(107) Concurrent Scan Root Regions
[332.627s][info][gc,cpu         ] GC(106) User=0.71s Sys=0.00s Real=0.12s
[332.815s][info][gc,marking     ] GC(107) Concurrent Scan Root Regions 188.221ms
[332.815s][info][gc,marking     ] GC(107) Concurrent Mark
[332.815s][info][gc,marking     ] GC(107) Concurrent Mark From Roots
[332.815s][info][gc,task        ] GC(107) Using 2 workers of 2 for marking
.[333.735s][info][gc,marking     ] GC(107) Concurrent Mark From Roots 919.993ms
[333.735s][info][gc,marking     ] GC(107) Concurrent Preclean
[333.735s][info][gc,marking     ] GC(107) Concurrent Preclean 0.088ms
[333.738s][info][gc,start       ] GC(107) Pause Remark
[333.743s][info][gc             ] GC(107) Pause Remark 2426M->2426M(4096M) 5.589ms
[333.743s][info][gc,cpu         ] GC(107) User=0.03s Sys=0.00s Real=0.01s
[333.744s][info][gc,marking     ] GC(107) Concurrent Mark 928.520ms
[333.744s][info][gc,marking     ] GC(107) Concurrent Rebuild Remembered Sets and Scrub Regions
[334.098s][info][gc,marking     ] GC(107) Concurrent Rebuild Remembered Sets and Scrub Regions 354.395ms
[334.099s][info][gc,start       ] GC(107) Pause Cleanup
[334.099s][info][gc             ] GC(107) Pause Cleanup 2712M->2712M(4096M) 0.152ms
[334.099s][info][gc,cpu         ] GC(107) User=0.00s Sys=0.00s Real=0.00s
[334.101s][info][gc,marking     ] GC(107) Concurrent Clear Claimed Marks
[334.101s][info][gc,marking     ] GC(107) Concurrent Clear Claimed Marks 0.062ms
[334.101s][info][gc,marking     ] GC(107) Concurrent Cleanup for Next Mark
[334.303s][info][gc,marking     ] GC(107) Concurrent Cleanup for Next Mark 201.584ms
[334.303s][info][gc             ] GC(107) Concurrent Mark Cycle 1676.220ms
.[334.673s][info][gc,start       ] GC(108) Pause Young (Prepare Mixed) (G1 Evacuation Pause)
[334.673s][info][gc,task        ] GC(108) Using 6 workers of 6 for evacuation
[334.795s][info][gc,phases      ] GC(108)   Pre Evacuate Collection Set: 0.37ms
[334.795s][info][gc,phases      ] GC(108)   Merge Heap Roots: 0.47ms
[334.795s][info][gc,phases      ] GC(108)   Evacuate Collection Set: 119.67ms
[334.795s][info][gc,phases      ] GC(108)   Post Evacuate Collection Set: 0.97ms
[334.795s][info][gc,phases      ] GC(108)   Other: 0.09ms
[334.795s][info][gc,heap        ] GC(108) Eden regions: 1116->0(1116)
[334.795s][info][gc,heap        ] GC(108) Survivor regions: 112->112(154)
[334.795s][info][gc,heap        ] GC(108) Old regions: 495->528
[334.795s][info][gc,heap        ] GC(108) Humongous regions: 77->77
[334.795s][info][gc,metaspace   ] GC(108) Metaspace: 28828K(29184K)->28828K(29184K) NonClass: 23945K(24128K)->23945K(24128K) Class: 4883K(5056K)->4883K(5056K)
[334.795s][info][gc             ] GC(108) Pause Young (Prepare Mixed) (G1 Evacuation Pause) 3598M->1433M(4096M) 121.696ms
[334.795s][info][gc,cpu         ] GC(108) User=0.72s Sys=0.00s Real=0.12s
.[336.345s][info][gc,start       ] GC(109) Pause Young (Mixed) (G1 Evacuation Pause)
[336.346s][info][gc,task        ] GC(109) Using 6 workers of 6 for evacuation
[336.483s][info][gc,phases      ] GC(109)   Pre Evacuate Collection Set: 0.41ms
[336.483s][info][gc,phases      ] GC(109)   Merge Heap Roots: 0.64ms
[336.483s][info][gc,phases      ] GC(109)   Evacuate Collection Set: 134.45ms
[336.483s][info][gc,phases      ] GC(109)   Post Evacuate Collection Set: 0.99ms
[336.483s][info][gc,phases      ] GC(109)   Other: 0.84ms
[336.483s][info][gc,heap        ] GC(109) Eden regions: 1116->0(1114)
[336.483s][info][gc,heap        ] GC(109) Survivor regions: 112->114(154)
[336.483s][info][gc,heap        ] GC(109) Old regions: 528->464
[336.483s][info][gc,heap        ] GC(109) Humongous regions: 77->77
[336.483s][info][gc,metaspace   ] GC(109) Metaspace: 28828K(29184K)->28828K(29184K) NonClass: 23945K(24128K)->23945K(24128K) Class: 4883K(5056K)->4883K(5056K)
[336.483s][info][gc             ] GC(109) Pause Young (Mixed) (G1 Evacuation Pause) 3665M->1309M(4096M) 137.465ms
[336.483s][info][gc,cpu         ] GC(109) User=0.81s Sys=0.00s Real=0.14s
..[338.053s][info][gc,start       ] GC(110) Pause Young (Concurrent Start) (G1 Evacuation Pause)
[338.053s][info][gc,task        ] GC(110) Using 6 workers of 6 for evacuation
[338.178s][info][gc,phases      ] GC(110)   Pre Evacuate Collection Set: 0.41ms
[338.178s][info][gc,phases      ] GC(110)   Merge Heap Roots: 0.46ms
[338.178s][info][gc,phases      ] GC(110)   Evacuate Collection Set: 122.45ms
[338.178s][info][gc,phases      ] GC(110)   Post Evacuate Collection Set: 0.93ms
[338.178s][info][gc,phases      ] GC(110)   Other: 0.11ms
[338.178s][info][gc,heap        ] GC(110) Eden regions: 1114->0(1113)
[338.178s][info][gc,heap        ] GC(110) Survivor regions: 114->115(154)
[338.178s][info][gc,heap        ] GC(110) Old regions: 464->497
[338.178s][info][gc,heap        ] GC(110) Humongous regions: 77->77
[338.178s][info][gc,metaspace   ] GC(110) Metaspace: 28828K(29184K)->28828K(29184K) NonClass: 23945K(24128K)->23945K(24128K) Class: 4883K(5056K)->4883K(5056K)
[338.178s][info][gc             ] GC(110) Pause Young (Concurrent Start) (G1 Evacuation Pause) 3537M->1375M(4096M) 124.488ms
[338.178s][info][gc             ] GC(111) Concurrent Mark Cycle
[338.178s][info][gc,marking     ] GC(111) Concurrent Scan Root Regions
[338.178s][info][gc,cpu         ] GC(110) User=0.74s Sys=0.00s Real=0.12s
[338.401s][info][gc,marking     ] GC(111) Concurrent Scan Root Regions 222.715ms
[338.401s][info][gc,marking     ] GC(111) Concurrent Mark
[338.401s][info][gc,marking     ] GC(111) Concurrent Mark From Roots
[338.401s][info][gc,task        ] GC(111) Using 2 workers of 2 for marking
.[339.629s][info][gc,marking     ] GC(111) Concurrent Mark From Roots 1228.518ms
[339.629s][info][gc,marking     ] GC(111) Concurrent Preclean
[339.629s][info][gc,marking     ] GC(111) Concurrent Preclean 0.061ms
[339.634s][info][gc,start       ] GC(111) Pause Remark
[339.639s][info][gc             ] GC(111) Pause Remark 2865M->2865M(4096M) 5.338ms
[339.639s][info][gc,cpu         ] GC(111) User=0.03s Sys=0.00s Real=0.00s
[339.639s][info][gc,marking     ] GC(111) Concurrent Mark 1238.606ms
[339.639s][info][gc,marking     ] GC(111) Concurrent Rebuild Remembered Sets and Scrub Regions
.[340.011s][info][gc,marking     ] GC(111) Concurrent Rebuild Remembered Sets and Scrub Regions 371.688ms
[340.011s][info][gc,start       ] GC(111) Pause Cleanup
[340.011s][info][gc             ] GC(111) Pause Cleanup 3241M->3241M(4096M) 0.135ms
[340.011s][info][gc,cpu         ] GC(111) User=0.00s Sys=0.00s Real=0.00s
[340.012s][info][gc,marking     ] GC(111) Concurrent Clear Claimed Marks
[340.012s][info][gc,marking     ] GC(111) Concurrent Clear Claimed Marks 0.038ms
[340.012s][info][gc,marking     ] GC(111) Concurrent Cleanup for Next Mark
[340.017s][info][gc,marking     ] GC(111) Concurrent Cleanup for Next Mark 5.243ms
[340.017s][info][gc             ] GC(111) Concurrent Mark Cycle 1839.022ms
[340.269s][info][gc,start       ] GC(112) Pause Young (Prepare Mixed) (G1 Evacuation Pause)
[340.269s][info][gc,task        ] GC(112) Using 6 workers of 6 for evacuation
[340.396s][info][gc,phases      ] GC(112)   Pre Evacuate Collection Set: 0.35ms
[340.396s][info][gc,phases      ] GC(112)   Merge Heap Roots: 0.48ms
[340.396s][info][gc,phases      ] GC(112)   Evacuate Collection Set: 124.28ms
[340.396s][info][gc,phases      ] GC(112)   Post Evacuate Collection Set: 0.94ms
[340.396s][info][gc,phases      ] GC(112)   Other: 0.09ms
[340.396s][info][gc,heap        ] GC(112) Eden regions: 1113->0(1104)
[340.396s][info][gc,heap        ] GC(112) Survivor regions: 115->118(154)
[340.396s][info][gc,heap        ] GC(112) Old regions: 497->528
[340.396s][info][gc,heap        ] GC(112) Humongous regions: 77->77
[340.396s][info][gc,metaspace   ] GC(112) Metaspace: 28828K(29184K)->28828K(29184K) NonClass: 23945K(24128K)->23945K(24128K) Class: 4883K(5056K)->4883K(5056K)
[340.396s][info][gc             ] GC(112) Pause Young (Prepare Mixed) (G1 Evacuation Pause) 3601M->1444M(4096M) 126.261ms
[340.396s][info][gc,cpu         ] GC(112) User=0.75s Sys=0.00s Real=0.13s
.[341.912s][info][gc,start       ] GC(113) Pause Young (Mixed) (G1 Evacuation Pause)
[341.912s][info][gc,task        ] GC(113) Using 6 workers of 6 for evacuation
[342.094s][info][gc,phases      ] GC(113)   Pre Evacuate Collection Set: 0.36ms
[342.094s][info][gc,phases      ] GC(113)   Merge Heap Roots: 0.65ms
[342.094s][info][gc,phases      ] GC(113)   Evacuate Collection Set: 179.94ms
[342.094s][info][gc,phases      ] GC(113)   Post Evacuate Collection Set: 1.01ms
[342.094s][info][gc,phases      ] GC(113)   Other: 0.10ms
[342.094s][info][gc,heap        ] GC(113) Eden regions: 1104->0(1111)
[342.094s][info][gc,heap        ] GC(113) Survivor regions: 118->117(153)
[342.094s][info][gc,heap        ] GC(113) Old regions: 528->464
[342.094s][info][gc,heap        ] GC(113) Humongous regions: 77->77
[342.094s][info][gc,metaspace   ] GC(113) Metaspace: 28828K(29184K)->28828K(29184K) NonClass: 23945K(24128K)->23945K(24128K) Class: 4883K(5056K)->4883K(5056K)
[342.094s][info][gc             ] GC(113) Pause Young (Mixed) (G1 Evacuation Pause) 3652M->1314M(4096M) 182.197ms
[342.094s][info][gc,cpu         ] GC(113) User=0.84s Sys=0.00s Real=0.18s
..[343.630s][info][gc,start       ] GC(114) Pause Young (Concurrent Start) (G1 Evacuation Pause)
[343.630s][info][gc,task        ] GC(114) Using 6 workers of 6 for evacuation
[343.756s][info][gc,phases      ] GC(114)   Pre Evacuate Collection Set: 0.41ms
[343.756s][info][gc,phases      ] GC(114)   Merge Heap Roots: 0.47ms
[343.756s][info][gc,phases      ] GC(114)   Evacuate Collection Set: 124.06ms
[343.756s][info][gc,phases      ] GC(114)   Post Evacuate Collection Set: 0.95ms
[343.756s][info][gc,phases      ] GC(114)   Other: 0.12ms
[343.756s][info][gc,heap        ] GC(114) Eden regions: 1111->0(1113)
[343.756s][info][gc,heap        ] GC(114) Survivor regions: 117->115(154)
[343.756s][info][gc,heap        ] GC(114) Old regions: 464->497
[343.756s][info][gc,heap        ] GC(114) Humongous regions: 77->77
[343.756s][info][gc,metaspace   ] GC(114) Metaspace: 28828K(29184K)->28828K(29184K) NonClass: 23945K(24128K)->23945K(24128K) Class: 4883K(5056K)->4883K(5056K)
[343.756s][info][gc             ] GC(114) Pause Young (Concurrent Start) (G1 Evacuation Pause) 3536M->1375M(4096M) 126.175ms
[343.756s][info][gc             ] GC(115) Concurrent Mark Cycle
[343.756s][info][gc,marking     ] GC(115) Concurrent Scan Root Regions
[343.756s][info][gc,cpu         ] GC(114) User=0.75s Sys=0.00s Real=0.13s
[344.003s][info][gc,marking     ] GC(115) Concurrent Scan Root Regions 247.066ms
[344.004s][info][gc,marking     ] GC(115) Concurrent Mark
[344.004s][info][gc,marking     ] GC(115) Concurrent Mark From Roots
[344.004s][info][gc,task        ] GC(115) Using 2 workers of 2 for marking
.[344.921s][info][gc,marking     ] GC(115) Concurrent Mark From Roots 917.743ms
[344.921s][info][gc,marking     ] GC(115) Concurrent Preclean
[344.921s][info][gc,marking     ] GC(115) Concurrent Preclean 0.103ms
[344.925s][info][gc,start       ] GC(115) Pause Remark
[344.971s][info][gc             ] GC(115) Pause Remark 2503M->2503M(4096M) 45.942ms
[344.971s][info][gc,cpu         ] GC(115) User=0.02s Sys=0.00s Real=0.04s
[344.972s][info][gc,marking     ] GC(115) Concurrent Mark 968.618ms
[344.972s][info][gc,marking     ] GC(115) Concurrent Rebuild Remembered Sets and Scrub Regions
[345.437s][info][gc,marking     ] GC(115) Concurrent Rebuild Remembered Sets and Scrub Regions 464.764ms
[345.438s][info][gc,start       ] GC(115) Pause Cleanup
[345.438s][info][gc             ] GC(115) Pause Cleanup 3029M->3029M(4096M) 0.136ms
[345.438s][info][gc,cpu         ] GC(115) User=0.00s Sys=0.00s Real=0.00s
[345.439s][info][gc,marking     ] GC(115) Concurrent Clear Claimed Marks
[345.439s][info][gc,marking     ] GC(115) Concurrent Clear Claimed Marks 0.037ms
[345.439s][info][gc,marking     ] GC(115) Concurrent Cleanup for Next Mark
[345.444s][info][gc,marking     ] GC(115) Concurrent Cleanup for Next Mark 5.150ms
[345.444s][info][gc             ] GC(115) Concurrent Mark Cycle 1687.593ms
.[345.789s][info][gc,start       ] GC(116) Pause Young (Prepare Mixed) (G1 Evacuation Pause)
[345.789s][info][gc,task        ] GC(116) Using 6 workers of 6 for evacuation
[345.910s][info][gc,phases      ] GC(116)   Pre Evacuate Collection Set: 0.34ms
[345.910s][info][gc,phases      ] GC(116)   Merge Heap Roots: 0.45ms
[345.910s][info][gc,phases      ] GC(116)   Evacuate Collection Set: 118.78ms
[345.910s][info][gc,phases      ] GC(116)   Post Evacuate Collection Set: 0.94ms
[345.910s][info][gc,phases      ] GC(116)   Other: 0.09ms
[345.910s][info][gc,heap        ] GC(116) Eden regions: 1113->0(1112)
[345.910s][info][gc,heap        ] GC(116) Survivor regions: 115->114(154)
[345.910s][info][gc,heap        ] GC(116) Old regions: 497->528
[345.910s][info][gc,heap        ] GC(116) Humongous regions: 77->77
[345.910s][info][gc,metaspace   ] GC(116) Metaspace: 28833K(29184K)->28833K(29184K) NonClass: 23949K(24128K)->23949K(24128K) Class: 4883K(5056K)->4883K(5056K)
[345.910s][info][gc             ] GC(116) Pause Young (Prepare Mixed) (G1 Evacuation Pause) 3601M->1436M(4096M) 120.744ms
[345.910s][info][gc,cpu         ] GC(116) User=0.71s Sys=0.01s Real=0.12s
.[347.460s][info][gc,start       ] GC(117) Pause Young (Mixed) (G1 Evacuation Pause)
[347.460s][info][gc,task        ] GC(117) Using 6 workers of 6 for evacuation
[347.601s][info][gc,phases      ] GC(117)   Pre Evacuate Collection Set: 0.44ms
[347.601s][info][gc,phases      ] GC(117)   Merge Heap Roots: 0.67ms
[347.601s][info][gc,phases      ] GC(117)   Evacuate Collection Set: 138.36ms
[347.601s][info][gc,phases      ] GC(117)   Post Evacuate Collection Set: 1.00ms
[347.601s][info][gc,phases      ] GC(117)   Other: 0.86ms
[347.601s][info][gc,heap        ] GC(117) Eden regions: 1112->0(1110)
[347.601s][info][gc,heap        ] GC(117) Survivor regions: 114->118(154)
[347.601s][info][gc,heap        ] GC(117) Old regions: 528->466
[347.601s][info][gc,heap        ] GC(117) Humongous regions: 77->77
[347.601s][info][gc,metaspace   ] GC(117) Metaspace: 28833K(29184K)->28833K(29184K) NonClass: 23949K(24128K)->23949K(24128K) Class: 4883K(5056K)->4883K(5056K)
[347.601s][info][gc             ] GC(117) Pause Young (Mixed) (G1 Evacuation Pause) 3660M->1320M(4096M) 141.474ms
[347.601s][info][gc,cpu         ] GC(117) User=0.83s Sys=0.00s Real=0.14s
.. (rIR:aIR:PR = 10393:10120:10120) (tPR = 151110) [OK] 
   348s:       rampup IR =  11548 [349.203s][info][gc,start       ] GC(118) Pause Young (Concurrent Start) (G1 Evacuation Pause)
[349.203s][info][gc,task        ] GC(118) Using 6 workers of 6 for evacuation
[349.330s][info][gc,phases      ] GC(118)   Pre Evacuate Collection Set: 0.41ms
[349.330s][info][gc,phases      ] GC(118)   Merge Heap Roots: 0.49ms
[349.330s][info][gc,phases      ] GC(118)   Evacuate Collection Set: 124.65ms
[349.330s][info][gc,phases      ] GC(118)   Post Evacuate Collection Set: 0.93ms
[349.330s][info][gc,phases      ] GC(118)   Other: 0.13ms
[349.330s][info][gc,heap        ] GC(118) Eden regions: 1110->0(1112)
[349.330s][info][gc,heap        ] GC(118) Survivor regions: 118->116(154)
[349.330s][info][gc,heap        ] GC(118) Old regions: 466->500
[349.330s][info][gc,heap        ] GC(118) Humongous regions: 77->77
[349.330s][info][gc,metaspace   ] GC(118) Metaspace: 28836K(29184K)->28836K(29184K) NonClass: 23953K(24128K)->23953K(24128K) Class: 4883K(5056K)->4883K(5056K)
[349.330s][info][gc             ] GC(118) Pause Young (Concurrent Start) (G1 Evacuation Pause) 3540M->1384M(4096M) 126.764ms
[349.330s][info][gc             ] GC(119) Concurrent Mark Cycle
[349.330s][info][gc,marking     ] GC(119) Concurrent Scan Root Regions
[349.330s][info][gc,cpu         ] GC(118) User=0.75s Sys=0.00s Real=0.12s
[349.551s][info][gc,marking     ] GC(119) Concurrent Scan Root Regions 220.654ms
[349.551s][info][gc,marking     ] GC(119) Concurrent Mark
[349.551s][info][gc,marking     ] GC(119) Concurrent Mark From Roots
[349.551s][info][gc,task        ] GC(119) Using 2 workers of 2 for marking
.[350.525s][info][gc,marking     ] GC(119) Concurrent Mark From Roots 974.347ms
[350.525s][info][gc,marking     ] GC(119) Concurrent Preclean
[350.525s][info][gc,marking     ] GC(119) Concurrent Preclean 0.113ms
[350.528s][info][gc,start       ] GC(119) Pause Remark
[350.533s][info][gc             ] GC(119) Pause Remark 2366M->2366M(4096M) 5.238ms
[350.533s][info][gc,cpu         ] GC(119) User=0.03s Sys=0.00s Real=0.01s
[350.533s][info][gc,marking     ] GC(119) Concurrent Mark 982.558ms
[350.533s][info][gc,marking     ] GC(119) Concurrent Rebuild Remembered Sets and Scrub Regions
[350.887s][info][gc,marking     ] GC(119) Concurrent Rebuild Remembered Sets and Scrub Regions 353.598ms
[350.889s][info][gc,start       ] GC(119) Pause Cleanup
[350.889s][info][gc             ] GC(119) Pause Cleanup 2762M->2762M(4096M) 0.140ms
[350.889s][info][gc,cpu         ] GC(119) User=0.00s Sys=0.00s Real=0.00s
[350.890s][info][gc,marking     ] GC(119) Concurrent Clear Claimed Marks
[350.890s][info][gc,marking     ] GC(119) Concurrent Clear Claimed Marks 0.043ms
[350.890s][info][gc,marking     ] GC(119) Concurrent Cleanup for Next Mark
.[350.895s][info][gc,marking     ] GC(119) Concurrent Cleanup for Next Mark 5.110ms
[350.895s][info][gc             ] GC(119) Concurrent Mark Cycle 1565.287ms
[351.336s][info][gc,start       ] GC(120) Pause Young (Prepare Mixed) (G1 Evacuation Pause)
[351.336s][info][gc,task        ] GC(120) Using 6 workers of 6 for evacuation
[351.470s][info][gc,phases      ] GC(120)   Pre Evacuate Collection Set: 0.36ms
[351.470s][info][gc,phases      ] GC(120)   Merge Heap Roots: 0.51ms
[351.470s][info][gc,phases      ] GC(120)   Evacuate Collection Set: 132.26ms
[351.470s][info][gc,phases      ] GC(120)   Post Evacuate Collection Set: 0.87ms
[351.470s][info][gc,phases      ] GC(120)   Other: 0.09ms
[351.470s][info][gc,heap        ] GC(120) Eden regions: 1112->0(1081)
[351.470s][info][gc,heap        ] GC(120) Survivor regions: 116->127(154)
[351.470s][info][gc,heap        ] GC(120) Old regions: 500->533
[351.470s][info][gc,heap        ] GC(120) Humongous regions: 77->77
[351.470s][info][gc,metaspace   ] GC(120) Metaspace: 28836K(29184K)->28836K(29184K) NonClass: 23953K(24128K)->23953K(24128K) Class: 4883K(5056K)->4883K(5056K)
[351.470s][info][gc             ] GC(120) Pause Young (Prepare Mixed) (G1 Evacuation Pause) 3608M->1472M(4096M) 134.240ms
[351.470s][info][gc,cpu         ] GC(120) User=0.79s Sys=0.00s Real=0.13s
.[352.891s][info][gc,start       ] GC(121) Pause Young (Mixed) (G1 Evacuation Pause)
[352.891s][info][gc,task        ] GC(121) Using 6 workers of 6 for evacuation
[353.073s][info][gc,phases      ] GC(121)   Pre Evacuate Collection Set: 0.42ms
[353.073s][info][gc,phases      ] GC(121)   Merge Heap Roots: 0.64ms
[353.073s][info][gc,phases      ] GC(121)   Evacuate Collection Set: 173.69ms
[353.073s][info][gc,phases      ] GC(121)   Merge Optional Heap Roots: 0.16ms
[353.073s][info][gc,phases      ] GC(121)   Evacuate Optional Collection Set: 5.28ms
[353.073s][info][gc,phases      ] GC(121)   Post Evacuate Collection Set: 1.03ms
[353.073s][info][gc,phases      ] GC(121)   Other: 0.73ms
[353.073s][info][gc,heap        ] GC(121) Eden regions: 1081->0(1158)
[353.073s][info][gc,heap        ] GC(121) Survivor regions: 127->70(151)
[353.073s][info][gc,heap        ] GC(121) Old regions: 533->518
[353.073s][info][gc,heap        ] GC(121) Humongous regions: 77->77
[353.073s][info][gc,metaspace   ] GC(121) Metaspace: 28841K(29184K)->28841K(29184K) NonClass: 23957K(24128K)->23957K(24128K) Class: 4883K(5056K)->4883K(5056K)
[353.073s][info][gc             ] GC(121) Pause Young (Mixed) (G1 Evacuation Pause) 3634M->1328M(4096M) 182.093ms
[353.073s][info][gc,cpu         ] GC(121) User=0.84s Sys=0.00s Real=0.19s
..[354.615s][info][gc,start       ] GC(122) Pause Young (Mixed) (G1 Evacuation Pause)
[354.616s][info][gc,task        ] GC(122) Using 6 workers of 6 for evacuation
[354.713s][info][gc,phases      ] GC(122)   Pre Evacuate Collection Set: 0.38ms
[354.713s][info][gc,phases      ] GC(122)   Merge Heap Roots: 0.49ms
[354.713s][info][gc,phases      ] GC(122)   Evacuate Collection Set: 95.55ms
[354.713s][info][gc,phases      ] GC(122)   Post Evacuate Collection Set: 0.93ms
[354.713s][info][gc,phases      ] GC(122)   Other: 0.09ms
[354.713s][info][gc,heap        ] GC(122) Eden regions: 1158->0(1119)
[354.713s][info][gc,heap        ] GC(122) Survivor regions: 70->109(154)
[354.713s][info][gc,heap        ] GC(122) Old regions: 518->520
[354.713s][info][gc,heap        ] GC(122) Humongous regions: 77->77
[354.713s][info][gc,metaspace   ] GC(122) Metaspace: 28842K(29184K)->28842K(29184K) NonClass: 23958K(24128K)->23958K(24128K) Class: 4883K(5056K)->4883K(5056K)
[354.713s][info][gc             ] GC(122) Pause Young (Mixed) (G1 Evacuation Pause) 3644M->1411M(4096M) 97.553ms
[354.713s][info][gc,cpu         ] GC(122) User=0.57s Sys=0.00s Real=0.10s
.[356.273s][info][gc,start       ] GC(123) Pause Young (Concurrent Start) (G1 Evacuation Pause)
[356.273s][info][gc,task        ] GC(123) Using 6 workers of 6 for evacuation
[356.394s][info][gc,phases      ] GC(123)   Pre Evacuate Collection Set: 0.40ms
[356.394s][info][gc,phases      ] GC(123)   Merge Heap Roots: 0.45ms
[356.394s][info][gc,phases      ] GC(123)   Evacuate Collection Set: 119.61ms
[356.394s][info][gc,phases      ] GC(123)   Post Evacuate Collection Set: 0.80ms
[356.394s][info][gc,phases      ] GC(123)   Other: 0.11ms
[356.394s][info][gc,heap        ] GC(123) Eden regions: 1119->0(1091)
[356.394s][info][gc,heap        ] GC(123) Survivor regions: 109->113(154)
[356.394s][info][gc,heap        ] GC(123) Old regions: 520->551
[356.394s][info][gc,heap        ] GC(123) Humongous regions: 77->77
[356.394s][info][gc,metaspace   ] GC(123) Metaspace: 28846K(29184K)->28846K(29184K) NonClass: 23962K(24128K)->23962K(24128K) Class: 4883K(5056K)->4883K(5056K)
[356.394s][info][gc             ] GC(123) Pause Young (Concurrent Start) (G1 Evacuation Pause) 3649M->1481M(4096M) 121.518ms
[356.394s][info][gc             ] GC(124) Concurrent Mark Cycle
[356.395s][info][gc,marking     ] GC(124) Concurrent Scan Root Regions
[356.395s][info][gc,cpu         ] GC(123) User=0.72s Sys=0.00s Real=0.12s
. (rIR:aIR:PR = 11548:11485:11221) (tPR = 170928) [OK] 
   356s:    snapshot, IR =  11548 [356.622s][info][gc,marking     ] GC(124) Concurrent Scan Root Regions 226.998ms
[356.622s][info][gc,marking     ] GC(124) Concurrent Mark
[356.622s][info][gc,marking     ] GC(124) Concurrent Mark From Roots
[356.622s][info][gc,task        ] GC(124) Using 2 workers of 2 for marking
.[357.813s][info][gc,marking     ] GC(124) Concurrent Mark From Roots 1191.426ms
[357.813s][info][gc,marking     ] GC(124) Concurrent Preclean
[357.813s][info][gc,marking     ] GC(124) Concurrent Preclean 0.100ms
[357.815s][info][gc,start       ] GC(124) Pause Remark
[357.819s][info][gc             ] GC(124) Pause Remark 2891M->2891M(4096M) 4.060ms
[357.819s][info][gc,cpu         ] GC(124) User=0.02s Sys=0.01s Real=0.00s
[357.819s][info][gc,marking     ] GC(124) Concurrent Mark 1197.614ms
[357.819s][info][gc,marking     ] GC(124) Concurrent Rebuild Remembered Sets and Scrub Regions
[358.405s][info][gc,start       ] GC(125) Pause Young (Normal) (G1 Evacuation Pause)
[358.405s][info][gc,task        ] GC(125) Using 6 workers of 6 for evacuation
[358.532s][info][gc,phases      ] GC(125)   Pre Evacuate Collection Set: 0.37ms
[358.532s][info][gc,phases      ] GC(125)   Merge Heap Roots: 0.52ms
[358.532s][info][gc,phases      ] GC(125)   Evacuate Collection Set: 124.80ms
[358.532s][info][gc,phases      ] GC(125)   Post Evacuate Collection Set: 1.06ms
[358.533s][info][gc,phases      ] GC(125)   Other: 0.85ms
[358.533s][info][gc,heap        ] GC(125) Eden regions: 1091->0(1048)
[358.533s][info][gc,heap        ] GC(125) Survivor regions: 113->118(151)
[358.533s][info][gc,heap        ] GC(125) Old regions: 551->584
[358.533s][info][gc,heap        ] GC(125) Humongous regions: 77->77
[358.533s][info][gc,metaspace   ] GC(125) Metaspace: 28846K(29184K)->28846K(29184K) NonClass: 23962K(24128K)->23962K(24128K) Class: 4883K(5056K)->4883K(5056K)
[358.533s][info][gc             ] GC(125) Pause Young (Normal) (G1 Evacuation Pause) 3663M->1555M(4096M) 127.747ms
[358.533s][info][gc,cpu         ] GC(125) User=0.75s Sys=0.00s Real=0.13s
[358.574s][info][gc,marking     ] GC(124) Concurrent Rebuild Remembered Sets and Scrub Regions 754.884ms
[358.574s][info][gc,start       ] GC(124) Pause Cleanup
[358.574s][info][gc             ] GC(124) Pause Cleanup 1603M->1603M(4096M) 0.143ms
[358.574s][info][gc,cpu         ] GC(124) User=0.00s Sys=0.00s Real=0.00s
[358.574s][info][gc,marking     ] GC(124) Concurrent Clear Claimed Marks
[358.574s][info][gc,marking     ] GC(124) Concurrent Clear Claimed Marks 0.032ms
[358.574s][info][gc,marking     ] GC(124) Concurrent Cleanup for Next Mark
[358.580s][info][gc,marking     ] GC(124) Concurrent Cleanup for Next Mark 5.237ms
[358.580s][info][gc             ] GC(124) Concurrent Mark Cycle 2185.244ms
.[360.055s][info][gc,start       ] GC(126) Pause Young (Prepare Mixed) (G1 Evacuation Pause)
[360.055s][info][gc,task        ] GC(126) Using 6 workers of 6 for evacuation
[360.178s][info][gc,phases      ] GC(126)   Pre Evacuate Collection Set: 0.36ms
[360.178s][info][gc,phases      ] GC(126)   Merge Heap Roots: 0.53ms
[360.178s][info][gc,phases      ] GC(126)   Evacuate Collection Set: 120.37ms
[360.178s][info][gc,phases      ] GC(126)   Post Evacuate Collection Set: 1.09ms
[360.178s][info][gc,phases      ] GC(126)   Other: 0.09ms
[360.178s][info][gc,heap        ] GC(126) Eden regions: 1048->0(1058)
[360.178s][info][gc,heap        ] GC(126) Survivor regions: 118->67(146)
[360.178s][info][gc,heap        ] GC(126) Old regions: 584->663
[360.178s][info][gc,heap        ] GC(126) Humongous regions: 77->77
[360.178s][info][gc,metaspace   ] GC(126) Metaspace: 28846K(29184K)->28846K(29184K) NonClass: 23962K(24128K)->23962K(24128K) Class: 4883K(5056K)->4883K(5056K)
[360.178s][info][gc             ] GC(126) Pause Young (Prepare Mixed) (G1 Evacuation Pause) 3651M->1612M(4096M) 122.594ms
[360.178s][info][gc,cpu         ] GC(126) User=0.73s Sys=0.00s Real=0.12s
..[361.529s][info][gc,start       ] GC(127) Pause Young (Mixed) (G1 Evacuation Pause)
[361.529s][info][gc,task        ] GC(127) Using 6 workers of 6 for evacuation
[361.677s][info][gc,phases      ] GC(127)   Pre Evacuate Collection Set: 0.42ms
[361.677s][info][gc,phases      ] GC(127)   Merge Heap Roots: 0.80ms
[361.677s][info][gc,phases      ] GC(127)   Evacuate Collection Set: 126.67ms
[361.677s][info][gc,phases      ] GC(127)   Merge Optional Heap Roots: 0.32ms
[361.677s][info][gc,phases      ] GC(127)   Evacuate Optional Collection Set: 18.24ms
[361.677s][info][gc,phases      ] GC(127)   Post Evacuate Collection Set: 1.35ms
[361.677s][info][gc,phases      ] GC(127)   Other: 0.09ms
[361.677s][info][gc,heap        ] GC(127) Eden regions: 1058->0(1113)
[361.677s][info][gc,heap        ] GC(127) Survivor regions: 67->115(141)
[361.677s][info][gc,heap        ] GC(127) Old regions: 663->509
[361.677s][info][gc,heap        ] GC(127) Humongous regions: 77->77
[361.677s][info][gc,metaspace   ] GC(127) Metaspace: 28846K(29184K)->28846K(29184K) NonClass: 23962K(24128K)->23962K(24128K) Class: 4883K(5056K)->4883K(5056K)
[361.677s][info][gc             ] GC(127) Pause Young (Mixed) (G1 Evacuation Pause) 3728M->1400M(4096M) 148.028ms
[361.677s][info][gc,cpu         ] GC(127) User=0.87s Sys=0.01s Real=0.15s
.[363.247s][info][gc,start       ] GC(128) Pause Young (Concurrent Start) (G1 Evacuation Pause)
[363.247s][info][gc,task        ] GC(128) Using 6 workers of 6 for evacuation
[363.378s][info][gc,phases      ] GC(128)   Pre Evacuate Collection Set: 0.38ms
[363.378s][info][gc,phases      ] GC(128)   Merge Heap Roots: 0.59ms
[363.378s][info][gc,phases      ] GC(128)   Evacuate Collection Set: 129.54ms
[363.378s][info][gc,phases      ] GC(128)   Post Evacuate Collection Set: 0.97ms
[363.378s][info][gc,phases      ] GC(128)   Other: 0.11ms
[363.378s][info][gc,heap        ] GC(128) Eden regions: 1113->0(1090)
[363.378s][info][gc,heap        ] GC(128) Survivor regions: 115->119(154)
[363.378s][info][gc,heap        ] GC(128) Old regions: 509->540
[363.378s][info][gc,heap        ] GC(128) Humongous regions: 77->77
[363.378s][info][gc,metaspace   ] GC(128) Metaspace: 28846K(29184K)->28846K(29184K) NonClass: 23962K(24128K)->23962K(24128K) Class: 4883K(5056K)->4883K(5056K)
[363.378s][info][gc             ] GC(128) Pause Young (Concurrent Start) (G1 Evacuation Pause) 3626M->1470M(4096M) 131.727ms
[363.378s][info][gc             ] GC(129) Concurrent Mark Cycle
[363.378s][info][gc,marking     ] GC(129) Concurrent Scan Root Regions
[363.378s][info][gc,cpu         ] GC(128) User=0.77s Sys=0.00s Real=0.13s
.[363.529s][info][gc,marking     ] GC(129) Concurrent Scan Root Regions 151.108ms
[363.529s][info][gc,marking     ] GC(129) Concurrent Mark
[363.529s][info][gc,marking     ] GC(129) Concurrent Mark From Roots
[363.530s][info][gc,task        ] GC(129) Using 2 workers of 2 for marking
[364.252s][info][gc,marking     ] GC(129) Concurrent Mark From Roots 722.546ms
[364.252s][info][gc,marking     ] GC(129) Concurrent Preclean
[364.252s][info][gc,marking     ] GC(129) Concurrent Preclean 0.075ms
[364.252s][info][gc,start       ] GC(129) Pause Remark
[364.255s][info][gc             ] GC(129) Pause Remark 2062M->2062M(4096M) 2.955ms
[364.255s][info][gc,cpu         ] GC(129) User=0.02s Sys=0.00s Real=0.00s
[364.256s][info][gc,marking     ] GC(129) Concurrent Mark 726.730ms
[364.256s][info][gc,marking     ] GC(129) Concurrent Rebuild Remembered Sets and Scrub Regions
[364.525s][info][gc,marking     ] GC(129) Concurrent Rebuild Remembered Sets and Scrub Regions 268.444ms
[364.525s][info][gc,start       ] GC(129) Pause Cleanup
[364.525s][info][gc             ] GC(129) Pause Cleanup 2328M->2328M(4096M) 0.161ms
[364.525s][info][gc,cpu         ] GC(129) User=0.00s Sys=0.00s Real=0.00s
[364.525s][info][gc,marking     ] GC(129) Concurrent Clear Claimed Marks
[364.525s][info][gc,marking     ] GC(129) Concurrent Clear Claimed Marks 0.028ms
[364.526s][info][gc,marking     ] GC(129) Concurrent Cleanup for Next Mark
.[364.531s][info][gc,marking     ] GC(129) Concurrent Cleanup for Next Mark 5.646ms
[364.531s][info][gc             ] GC(129) Concurrent Mark Cycle 1152.884ms
[365.281s][info][gc,start       ] GC(130) Pause Young (Prepare Mixed) (G1 Evacuation Pause)
[365.281s][info][gc,task        ] GC(130) Using 6 workers of 6 for evacuation
[365.407s][info][gc,phases      ] GC(130)   Pre Evacuate Collection Set: 0.38ms
[365.407s][info][gc,phases      ] GC(130)   Merge Heap Roots: 0.47ms
[365.407s][info][gc,phases      ] GC(130)   Evacuate Collection Set: 124.05ms
[365.407s][info][gc,phases      ] GC(130)   Post Evacuate Collection Set: 0.99ms
[365.407s][info][gc,phases      ] GC(130)   Other: 0.08ms
[365.407s][info][gc,heap        ] GC(130) Eden regions: 1090->0(1055)
[365.407s][info][gc,heap        ] GC(130) Survivor regions: 119->120(152)
[365.407s][info][gc,heap        ] GC(130) Old regions: 540->573
[365.407s][info][gc,heap        ] GC(130) Humongous regions: 77->77
[365.407s][info][gc,metaspace   ] GC(130) Metaspace: 28847K(29184K)->28847K(29184K) NonClass: 23963K(24128K)->23963K(24128K) Class: 4883K(5056K)->4883K(5056K)
[365.407s][info][gc             ] GC(130) Pause Young (Prepare Mixed) (G1 Evacuation Pause) 3650M->1538M(4096M) 126.126ms
[365.407s][info][gc,cpu         ] GC(130) User=0.75s Sys=0.00s Real=0.13s
..[366.813s][info][gc,start       ] GC(131) Pause Young (Mixed) (G1 Evacuation Pause)
[366.813s][info][gc,task        ] GC(131) Using 6 workers of 6 for evacuation
[366.996s][info][gc,phases      ] GC(131)   Pre Evacuate Collection Set: 0.39ms
[366.997s][info][gc,phases      ] GC(131)   Merge Heap Roots: 0.57ms
[366.997s][info][gc,phases      ] GC(131)   Evacuate Collection Set: 175.36ms
[366.997s][info][gc,phases      ] GC(131)   Merge Optional Heap Roots: 0.16ms
[366.997s][info][gc,phases      ] GC(131)   Evacuate Optional Collection Set: 5.66ms
[366.997s][info][gc,phases      ] GC(131)   Post Evacuate Collection Set: 1.10ms
[366.997s][info][gc,phases      ] GC(131)   Other: 0.10ms
[366.997s][info][gc,heap        ] GC(131) Eden regions: 1055->0(1156)
[366.997s][info][gc,heap        ] GC(131) Survivor regions: 120->72(147)
[366.997s][info][gc,heap        ] GC(131) Old regions: 573->518
[366.997s][info][gc,heap        ] GC(131) Humongous regions: 77->77
[366.997s][info][gc,metaspace   ] GC(131) Metaspace: 28847K(29184K)->28847K(29184K) NonClass: 23963K(24128K)->23963K(24128K) Class: 4883K(5056K)->4883K(5056K)
[366.997s][info][gc             ] GC(131) Pause Young (Mixed) (G1 Evacuation Pause) 3648M->1332M(4096M) 183.455ms
[366.997s][info][gc,cpu         ] GC(131) User=0.85s Sys=0.00s Real=0.18s
.[368.543s][info][gc,start       ] GC(132) Pause Young (Mixed) (G1 Evacuation Pause)
[368.543s][info][gc,task        ] GC(132) Using 6 workers of 6 for evacuation
[368.652s][info][gc,phases      ] GC(132)   Pre Evacuate Collection Set: 0.35ms
[368.652s][info][gc,phases      ] GC(132)   Merge Heap Roots: 0.58ms
[368.652s][info][gc,phases      ] GC(132)   Evacuate Collection Set: 106.00ms
[368.652s][info][gc,phases      ] GC(132)   Post Evacuate Collection Set: 0.84ms
[368.652s][info][gc,phases      ] GC(132)   Other: 0.84ms
[368.652s][info][gc,heap        ] GC(132) Eden regions: 1156->0(1111)
[368.652s][info][gc,heap        ] GC(132) Survivor regions: 72->117(154)
[368.652s][info][gc,heap        ] GC(132) Old regions: 518->516
[368.652s][info][gc,heap        ] GC(132) Humongous regions: 77->77
[368.652s][info][gc,metaspace   ] GC(132) Metaspace: 28847K(29184K)->28847K(29184K) NonClass: 23963K(24128K)->23963K(24128K) Class: 4883K(5056K)->4883K(5056K)
[368.652s][info][gc             ] GC(132) Pause Young (Mixed) (G1 Evacuation Pause) 3644M->1418M(4096M) 108.744ms
[368.652s][info][gc,cpu         ] GC(132) User=0.64s Sys=0.00s Real=0.10s
.[370.182s][info][gc,start       ] GC(133) Pause Young (Concurrent Start) (G1 Evacuation Pause)
[370.182s][info][gc,task        ] GC(133) Using 6 workers of 6 for evacuation
[370.308s][info][gc,phases      ] GC(133)   Pre Evacuate Collection Set: 0.37ms
[370.308s][info][gc,phases      ] GC(133)   Merge Heap Roots: 0.43ms
[370.308s][info][gc,phases      ] GC(133)   Evacuate Collection Set: 124.12ms
[370.308s][info][gc,phases      ] GC(133)   Post Evacuate Collection Set: 0.92ms
[370.308s][info][gc,phases      ] GC(133)   Other: 0.11ms
[370.308s][info][gc,heap        ] GC(133) Eden regions: 1111->0(1083)
[370.308s][info][gc,heap        ] GC(133) Survivor regions: 117->120(154)
[370.308s][info][gc,heap        ] GC(133) Old regions: 516->545
[370.308s][info][gc,heap        ] GC(133) Humongous regions: 77->77
[370.308s][info][gc,metaspace   ] GC(133) Metaspace: 28853K(29184K)->28853K(29184K) NonClass: 23969K(24128K)->23969K(24128K) Class: 4883K(5056K)->4883K(5056K)
[370.308s][info][gc             ] GC(133) Pause Young (Concurrent Start) (G1 Evacuation Pause) 3640M->1482M(4096M) 126.115ms
[370.308s][info][gc             ] GC(134) Concurrent Mark Cycle
[370.308s][info][gc,marking     ] GC(134) Concurrent Scan Root Regions
[370.308s][info][gc,cpu         ] GC(133) User=0.74s Sys=0.00s Real=0.13s
.[370.503s][info][gc,marking     ] GC(134) Concurrent Scan Root Regions 195.038ms
[370.503s][info][gc,marking     ] GC(134) Concurrent Mark
[370.503s][info][gc,marking     ] GC(134) Concurrent Mark From Roots
[370.503s][info][gc,task        ] GC(134) Using 2 workers of 2 for marking
[371.490s][info][gc,marking     ] GC(134) Concurrent Mark From Roots 987.268ms
[371.490s][info][gc,marking     ] GC(134) Concurrent Preclean
[371.491s][info][gc,marking     ] GC(134) Concurrent Preclean 0.071ms
[371.491s][info][gc,start       ] GC(134) Pause Remark
[371.496s][info][gc             ] GC(134) Pause Remark 2645M->2645M(4096M) 5.211ms
[371.496s][info][gc,cpu         ] GC(134) User=0.03s Sys=0.00s Real=0.01s
[371.496s][info][gc,marking     ] GC(134) Concurrent Mark 992.929ms
[371.496s][info][gc,marking     ] GC(134) Concurrent Rebuild Remembered Sets and Scrub Regions
.[371.982s][info][gc,marking     ] GC(134) Concurrent Rebuild Remembered Sets and Scrub Regions 485.939ms
[371.982s][info][gc,start       ] GC(134) Pause Cleanup
[371.982s][info][gc             ] GC(134) Pause Cleanup 3224M->3224M(4096M) 0.149ms
[371.982s][info][gc,cpu         ] GC(134) User=0.00s Sys=0.00s Real=0.00s
[371.983s][info][gc,marking     ] GC(134) Concurrent Clear Claimed Marks
[371.983s][info][gc,marking     ] GC(134) Concurrent Clear Claimed Marks 0.040ms
[371.983s][info][gc,marking     ] GC(134) Concurrent Cleanup for Next Mark
[371.988s][info][gc,marking     ] GC(134) Concurrent Cleanup for Next Mark 4.545ms
[371.988s][info][gc             ] GC(134) Concurrent Mark Cycle 1679.781ms
[372.269s][info][gc,start       ] GC(135) Pause Young (Prepare Mixed) (G1 Evacuation Pause)
[372.269s][info][gc,task        ] GC(135) Using 6 workers of 6 for evacuation
[372.395s][info][gc,phases      ] GC(135)   Pre Evacuate Collection Set: 0.36ms
[372.395s][info][gc,phases      ] GC(135)   Merge Heap Roots: 0.50ms
[372.395s][info][gc,phases      ] GC(135)   Evacuate Collection Set: 124.21ms
[372.395s][info][gc,phases      ] GC(135)   Post Evacuate Collection Set: 1.00ms
[372.395s][info][gc,phases      ] GC(135)   Other: 0.11ms
[372.395s][info][gc,heap        ] GC(135) Eden regions: 1083->0(1054)
[372.395s][info][gc,heap        ] GC(135) Survivor regions: 120->118(151)
[372.395s][info][gc,heap        ] GC(135) Old regions: 545->578
[372.395s][info][gc,heap        ] GC(135) Humongous regions: 77->77
[372.395s][info][gc,metaspace   ] GC(135) Metaspace: 28854K(29184K)->28854K(29184K) NonClass: 23970K(24128K)->23970K(24128K) Class: 4883K(5056K)->4883K(5056K)
[372.395s][info][gc             ] GC(135) Pause Young (Prepare Mixed) (G1 Evacuation Pause) 3648M->1544M(4096M) 126.324ms
[372.395s][info][gc,cpu         ] GC(135) User=0.75s Sys=0.00s Real=0.13s
.[373.813s][info][gc,start       ] GC(136) Pause Young (Mixed) (G1 Evacuation Pause)
[373.813s][info][gc,task        ] GC(136) Using 6 workers of 6 for evacuation
[373.994s][info][gc,phases      ] GC(136)   Pre Evacuate Collection Set: 0.42ms
[373.994s][info][gc,phases      ] GC(136)   Merge Heap Roots: 0.62ms
[373.994s][info][gc,phases      ] GC(136)   Evacuate Collection Set: 173.87ms
[373.994s][info][gc,phases      ] GC(136)   Merge Optional Heap Roots: 0.08ms
[373.994s][info][gc,phases      ] GC(136)   Evacuate Optional Collection Set: 3.61ms
[373.994s][info][gc,phases      ] GC(136)   Post Evacuate Collection Set: 1.13ms
[373.994s][info][gc,phases      ] GC(136)   Other: 0.84ms
[373.994s][info][gc,heap        ] GC(136) Eden regions: 1054->0(1157)
[373.994s][info][gc,heap        ] GC(136) Survivor regions: 118->71(147)
[373.994s][info][gc,heap        ] GC(136) Old regions: 578->524
[373.994s][info][gc,heap        ] GC(136) Humongous regions: 77->77
[373.994s][info][gc,metaspace   ] GC(136) Metaspace: 28854K(29184K)->28854K(29184K) NonClass: 23970K(24128K)->23970K(24128K) Class: 4883K(5056K)->4883K(5056K)
[373.994s][info][gc             ] GC(136) Pause Young (Mixed) (G1 Evacuation Pause) 3652M->1343M(4096M) 180.724ms
[373.994s][info][gc,cpu         ] GC(136) User=0.83s Sys=0.01s Real=0.18s
.[375.525s][info][gc,start       ] GC(137) Pause Young (Mixed) (G1 Evacuation Pause)
[375.526s][info][gc,task        ] GC(137) Using 6 workers of 6 for evacuation
[375.655s][info][gc,phases      ] GC(137)   Pre Evacuate Collection Set: 0.34ms
[375.655s][info][gc,phases      ] GC(137)   Merge Heap Roots: 0.74ms
[375.655s][info][gc,phases      ] GC(137)   Evacuate Collection Set: 126.96ms
[375.655s][info][gc,phases      ] GC(137)   Post Evacuate Collection Set: 1.01ms
[375.655s][info][gc,phases      ] GC(137)   Other: 0.09ms
[375.655s][info][gc,heap        ] GC(137) Eden regions: 1157->0(1097)
[375.655s][info][gc,heap        ] GC(137) Survivor regions: 71->129(154)
[375.655s][info][gc,heap        ] GC(137) Old regions: 524->513
[375.655s][info][gc,heap        ] GC(137) Humongous regions: 77->77
[375.655s][info][gc,metaspace   ] GC(137) Metaspace: 28854K(29184K)->28854K(29184K) NonClass: 23970K(24128K)->23970K(24128K) Class: 4883K(5056K)->4883K(5056K)
[375.655s][info][gc             ] GC(137) Pause Young (Mixed) (G1 Evacuation Pause) 3657M->1435M(4096M) 129.269ms
[375.655s][info][gc,cpu         ] GC(137) User=0.76s Sys=0.00s Real=0.13s
.[377.040s][info][gc,start       ] GC(138) Pause Young (Concurrent Start) (G1 Evacuation Pause)
[377.040s][info][gc,task        ] GC(138) Using 6 workers of 6 for evacuation
[377.163s][info][gc,phases      ] GC(138)   Pre Evacuate Collection Set: 0.43ms
[377.163s][info][gc,phases      ] GC(138)   Merge Heap Roots: 0.46ms
[377.163s][info][gc,phases      ] GC(138)   Evacuate Collection Set: 120.91ms
[377.163s][info][gc,phases      ] GC(138)   Post Evacuate Collection Set: 0.89ms
[377.163s][info][gc,phases      ] GC(138)   Other: 0.12ms
[377.163s][info][gc,heap        ] GC(138) Eden regions: 1097->0(1109)
[377.163s][info][gc,heap        ] GC(138) Survivor regions: 129->74(154)
[377.163s][info][gc,heap        ] GC(138) Old regions: 513->587
[377.163s][info][gc,heap        ] GC(138) Humongous regions: 77->77
[377.163s][info][gc,metaspace   ] GC(138) Metaspace: 28854K(29184K)->28854K(29184K) NonClass: 23970K(24128K)->23970K(24128K) Class: 4883K(5056K)->4883K(5056K)
[377.163s][info][gc             ] GC(138) Pause Young (Concurrent Start) (G1 Evacuation Pause) 3629M->1474M(4096M) 122.964ms
[377.163s][info][gc             ] GC(139) Concurrent Mark Cycle
[377.163s][info][gc,marking     ] GC(139) Concurrent Scan Root Regions
[377.163s][info][gc,cpu         ] GC(138) User=0.73s Sys=0.00s Real=0.13s
[377.353s][info][gc,marking     ] GC(139) Concurrent Scan Root Regions 189.791ms
[377.353s][info][gc,marking     ] GC(139) Concurrent Mark
[377.353s][info][gc,marking     ] GC(139) Concurrent Mark From Roots
[377.353s][info][gc,task        ] GC(139) Using 2 workers of 2 for marking
..[379.178s][info][gc,start       ] GC(140) Pause Young (Normal) (G1 Evacuation Pause)
[379.178s][info][gc,task        ] GC(140) Using 6 workers of 6 for evacuation
[379.277s][info][gc,phases      ] GC(140)   Pre Evacuate Collection Set: 0.34ms
[379.277s][info][gc,phases      ] GC(140)   Merge Heap Roots: 0.44ms
[379.277s][info][gc,phases      ] GC(140)   Evacuate Collection Set: 97.22ms
[379.277s][info][gc,phases      ] GC(140)   Post Evacuate Collection Set: 0.85ms
[379.277s][info][gc,phases      ] GC(140)   Other: 0.08ms
[379.277s][info][gc,heap        ] GC(140) Eden regions: 1109->0(1051)
[379.277s][info][gc,heap        ] GC(140) Survivor regions: 74->115(148)
[379.277s][info][gc,heap        ] GC(140) Old regions: 587->587
[379.277s][info][gc,heap        ] GC(140) Humongous regions: 77->77
[379.277s][info][gc,metaspace   ] GC(140) Metaspace: 28854K(29184K)->28854K(29184K) NonClass: 23970K(24128K)->23970K(24128K) Class: 4883K(5056K)->4883K(5056K)
[379.277s][info][gc             ] GC(140) Pause Young (Normal) (G1 Evacuation Pause) 3692M->1556M(4096M) 99.055ms
[379.277s][info][gc,cpu         ] GC(140) User=0.58s Sys=0.00s Real=0.10s
[379.503s][info][gc,marking     ] GC(139) Concurrent Mark From Roots 2149.570ms
[379.503s][info][gc,marking     ] GC(139) Concurrent Preclean
[379.503s][info][gc,marking     ] GC(139) Concurrent Preclean 0.067ms
[379.504s][info][gc,start       ] GC(139) Pause Remark
[379.507s][info][gc             ] GC(139) Pause Remark 1776M->1776M(4096M) 2.123ms
[379.507s][info][gc,cpu         ] GC(139) User=0.01s Sys=0.00s Real=0.00s
[379.509s][info][gc,marking     ] GC(139) Concurrent Mark 2155.455ms
[379.509s][info][gc,marking     ] GC(139) Concurrent Rebuild Remembered Sets and Scrub Regions
[379.880s][info][gc,marking     ] GC(139) Concurrent Rebuild Remembered Sets and Scrub Regions 370.905ms
[379.880s][info][gc,start       ] GC(139) Pause Cleanup
[379.880s][info][gc             ] GC(139) Pause Cleanup 2264M->2264M(4096M) 0.171ms
[379.880s][info][gc,cpu         ] GC(139) User=0.00s Sys=0.00s Real=0.00s
[379.881s][info][gc,marking     ] GC(139) Concurrent Clear Claimed Marks
[379.881s][info][gc,marking     ] GC(139) Concurrent Clear Claimed Marks 0.035ms
[379.881s][info][gc,marking     ] GC(139) Concurrent Cleanup for Next Mark
[379.890s][info][gc,marking     ] GC(139) Concurrent Cleanup for Next Mark 8.731ms
[379.890s][info][gc             ] GC(139) Concurrent Mark Cycle 2726.240ms
.[381.016s][info][gc,start       ] GC(141) Pause Young (Prepare Mixed) (G1 Evacuation Pause)
[381.016s][info][gc,task        ] GC(141) Using 6 workers of 6 for evacuation
[381.138s][info][gc,phases      ] GC(141)   Pre Evacuate Collection Set: 0.37ms
[381.138s][info][gc,phases      ] GC(141)   Merge Heap Roots: 0.49ms
[381.138s][info][gc,phases      ] GC(141)   Evacuate Collection Set: 120.08ms
[381.138s][info][gc,phases      ] GC(141)   Post Evacuate Collection Set: 0.91ms
[381.138s][info][gc,phases      ] GC(141)   Other: 0.09ms
[381.138s][info][gc,heap        ] GC(141) Eden regions: 1051->0(1023)
[381.138s][info][gc,heap        ] GC(141) Survivor regions: 115->111(146)
[381.138s][info][gc,heap        ] GC(141) Old regions: 587->623
[381.138s][info][gc,heap        ] GC(141) Humongous regions: 77->77
[381.138s][info][gc,metaspace   ] GC(141) Metaspace: 28854K(29184K)->28854K(29184K) NonClass: 23970K(24128K)->23970K(24128K) Class: 4883K(5056K)->4883K(5056K)
[381.138s][info][gc             ] GC(141) Pause Young (Prepare Mixed) (G1 Evacuation Pause) 3658M->1619M(4096M) 122.079ms
[381.138s][info][gc,cpu         ] GC(141) User=0.72s Sys=0.00s Real=0.12s
.[382.436s][info][gc,start       ] GC(142) Pause Young (Mixed) (G1 Evacuation Pause)
[382.436s][info][gc,task        ] GC(142) Using 6 workers of 6 for evacuation
[382.571s][info][gc,phases      ] GC(142)   Pre Evacuate Collection Set: 0.40ms
[382.571s][info][gc,phases      ] GC(142)   Merge Heap Roots: 0.52ms
[382.571s][info][gc,phases      ] GC(142)   Evacuate Collection Set: 127.59ms
[382.571s][info][gc,phases      ] GC(142)   Merge Optional Heap Roots: 0.13ms
[382.571s][info][gc,phases      ] GC(142)   Evacuate Optional Collection Set: 5.53ms
[382.571s][info][gc,phases      ] GC(142)   Post Evacuate Collection Set: 1.02ms
[382.571s][info][gc,phases      ] GC(142)   Other: 0.10ms
[382.571s][info][gc,heap        ] GC(142) Eden regions: 1023->0(1118)
[382.571s][info][gc,heap        ] GC(142) Survivor regions: 111->110(142)
[382.571s][info][gc,heap        ] GC(142) Old regions: 623->509
[382.571s][info][gc,heap        ] GC(142) Humongous regions: 77->77
[382.571s][info][gc,metaspace   ] GC(142) Metaspace: 28857K(29184K)->28857K(29184K) NonClass: 23973K(24128K)->23973K(24128K) Class: 4883K(5056K)->4883K(5056K)
[382.571s][info][gc             ] GC(142) Pause Young (Mixed) (G1 Evacuation Pause) 3665M->1390M(4096M) 135.434ms
[382.571s][info][gc,cpu         ] GC(142) User=0.80s Sys=0.00s Real=0.13s
..[384.140s][info][gc,start       ] GC(143) Pause Young (Mixed) (G1 Evacuation Pause)
[384.140s][info][gc,task        ] GC(143) Using 6 workers of 6 for evacuation
[384.272s][info][gc,phases      ] GC(143)   Pre Evacuate Collection Set: 0.39ms
[384.272s][info][gc,phases      ] GC(143)   Merge Heap Roots: 0.62ms
[384.272s][info][gc,phases      ] GC(143)   Evacuate Collection Set: 129.97ms
[384.272s][info][gc,phases      ] GC(143)   Post Evacuate Collection Set: 0.94ms
[384.272s][info][gc,phases      ] GC(143)   Other: 0.84ms
[384.272s][info][gc,heap        ] GC(143) Eden regions: 1118->0(1087)
[384.272s][info][gc,heap        ] GC(143) Survivor regions: 110->122(154)
[384.272s][info][gc,heap        ] GC(143) Old regions: 509->537
[384.272s][info][gc,heap        ] GC(143) Humongous regions: 77->77
[384.272s][info][gc,metaspace   ] GC(143) Metaspace: 28857K(29184K)->28857K(29184K) NonClass: 23973K(24128K)->23973K(24128K) Class: 4883K(5056K)->4883K(5056K)
[384.272s][info][gc             ] GC(143) Pause Young (Mixed) (G1 Evacuation Pause) 3626M->1470M(4096M) 132.894ms
[384.272s][info][gc,cpu         ] GC(143) User=0.78s Sys=0.00s Real=0.14s
.[385.706s][info][gc,start       ] GC(144) Pause Young (Concurrent Start) (G1 Evacuation Pause)
[385.706s][info][gc,task        ] GC(144) Using 6 workers of 6 for evacuation
[385.834s][info][gc,phases      ] GC(144)   Pre Evacuate Collection Set: 0.41ms
[385.834s][info][gc,phases      ] GC(144)   Merge Heap Roots: 0.51ms
[385.834s][info][gc,phases      ] GC(144)   Evacuate Collection Set: 126.14ms
[385.834s][info][gc,phases      ] GC(144)   Post Evacuate Collection Set: 0.89ms
[385.834s][info][gc,phases      ] GC(144)   Other: 0.13ms
[385.834s][info][gc,heap        ] GC(144) Eden regions: 1087->0(1061)
[385.834s][info][gc,heap        ] GC(144) Survivor regions: 122->118(152)
[385.834s][info][gc,heap        ] GC(144) Old regions: 537->571
[385.834s][info][gc,heap        ] GC(144) Humongous regions: 77->77
[385.834s][info][gc,metaspace   ] GC(144) Metaspace: 28857K(29184K)->28857K(29184K) NonClass: 23973K(24128K)->23973K(24128K) Class: 4883K(5056K)->4883K(5056K)
[385.834s][info][gc             ] GC(144) Pause Young (Concurrent Start) (G1 Evacuation Pause) 3644M->1530M(4096M) 128.200ms
[385.834s][info][gc             ] GC(145) Concurrent Mark Cycle
[385.834s][info][gc,marking     ] GC(145) Concurrent Scan Root Regions
[385.834s][info][gc,cpu         ] GC(144) User=0.76s Sys=0.00s Real=0.13s
[386.066s][info][gc,marking     ] GC(145) Concurrent Scan Root Regions 231.671ms
[386.066s][info][gc,marking     ] GC(145) Concurrent Mark
[386.066s][info][gc,marking     ] GC(145) Concurrent Mark From Roots
[386.066s][info][gc,task        ] GC(145) Using 2 workers of 2 for marking
.[387.442s][info][gc,marking     ] GC(145) Concurrent Mark From Roots 1376.381ms
[387.443s][info][gc,marking     ] GC(145) Concurrent Preclean
[387.443s][info][gc,marking     ] GC(145) Concurrent Preclean 0.078ms
[387.446s][info][gc,start       ] GC(145) Pause Remark
[387.449s][info][gc             ] GC(145) Pause Remark 3162M->3162M(4096M) 2.623ms
[387.449s][info][gc,cpu         ] GC(145) User=0.01s Sys=0.00s Real=0.00s
[387.449s][info][gc,marking     ] GC(145) Concurrent Mark 1383.035ms
[387.449s][info][gc,marking     ] GC(145) Concurrent Rebuild Remembered Sets and Scrub Regions
. (rIR:aIR:PR = 11548:10782:10806) (tPR = 161253) [IR is under limit] [PR is under limit] 
   387s: Re-initializing (term[387.855s][info][gc,marking     ] GC(145) Concurrent Rebuild Remembered Sets and Scrub Regions 406.041ms
[387.856s][info][gc,start       ] GC(145) Pause Cleanup
[387.856s][info][gc             ] GC(145) Pause Cleanup 3536M->3536M(4096M) 0.188ms
[387.856s][info][gc,cpu         ] GC(145) User=0.00s Sys=0.00s Real=0.00s
[387.859s][info][gc,marking     ] GC(145) Concurrent Clear Claimed Marks
[387.859s][info][gc,marking     ] GC(145) Concurrent Clear Claimed Marks 0.087ms
[387.859s][info][gc,marking     ] GC(145) Concurrent Cleanup for Next Mark
[387.864s][info][gc,marking     ] GC(145) Concurrent Cleanup for Next Mark 4.931ms
[387.864s][info][gc             ] GC(145) Concurrent Mark Cycle 2029.944ms
[387.998s][info][gc,start       ] GC(146) Pause Young (Prepare Mixed) (G1 Evacuation Pause)
[387.998s][info][gc,task        ] GC(146) Using 6 workers of 6 for evacuation
[388.117s][info][gc,phases      ] GC(146)   Pre Evacuate Collection Set: 0.32ms
[388.117s][info][gc,phases      ] GC(146)   Merge Heap Roots: 0.49ms
[388.117s][info][gc,phases      ] GC(146)   Evacuate Collection Set: 116.73ms
[388.117s][info][gc,phases      ] GC(146)   Post Evacuate Collection Set: 0.95ms
[388.117s][info][gc,phases      ] GC(146)   Other: 0.10ms
[388.117s][info][gc,heap        ] GC(146) Eden regions: 1061->0(1043)
[388.117s][info][gc,heap        ] GC(146) Survivor regions: 118->111(148)
[388.117s][info][gc,heap        ] GC(146) Old regions: 571->603
[388.117s][info][gc,heap        ] GC(146) Humongous regions: 77->77
[388.117s][info][gc,metaspace   ] GC(146) Metaspace: 28857K(29184K)->28857K(29184K) NonClass: 23974K(24128K)->23974K(24128K) Class: 4883K(5056K)->4883K(5056K)
[388.117s][info][gc             ] GC(146) Pause Young (Prepare Mixed) (G1 Evacuation Pause) 3652M->1581M(4096M) 118.731ms
[388.117s][info][gc,cpu         ] GC(146) User=0.71s Sys=0.01s Real=0.12s
) [388.154s][info][gc,start       ] GC(147) Pause Full (System.gc())
[388.154s][info][gc,task        ] GC(147) Using 6 workers of 6 for full compaction
[388.155s][info][gc,phases,start] GC(147) Phase 1: Mark live objects
[388.170s][info][gc,phases      ] GC(147) Phase 1: Mark live objects 14.784ms
[388.170s][info][gc,phases,start] GC(147) Phase 2: Prepare compaction
[388.171s][info][gc,phases      ] GC(147) Phase 2: Prepare compaction 1.673ms
[388.171s][info][gc,phases,start] GC(147) Phase 3: Adjust pointers
[388.177s][info][gc,phases      ] GC(147) Phase 3: Adjust pointers 6.149ms
[388.177s][info][gc,phases,start] GC(147) Phase 4: Compact heap
[388.179s][info][gc,phases      ] GC(147) Phase 4: Compact heap 1.756ms
[388.179s][info][gc,phases,start] GC(147) Phase 5: Reset Metadata
[388.184s][info][gc,phases      ] GC(147) Phase 5: Reset Metadata 4.483ms
[388.190s][info][gc,heap        ] GC(147) Eden regions: 14->0(1228)
[388.190s][info][gc,heap        ] GC(147) Survivor regions: 111->0(148)
[388.190s][info][gc,heap        ] GC(147) Old regions: 603->36
[388.190s][info][gc,heap        ] GC(147) Humongous regions: 77->66
[388.190s][info][gc,metaspace   ] GC(147) Metaspace: 28857K(29184K)->28857K(29184K) NonClass: 23974K(24128K)->23974K(24128K) Class: 4883K(5056K)->4883K(5056K)
[388.190s][info][gc             ] GC(147) Pause Full (System.gc()) 1608M->194M(4096M) 35.412ms
[388.190s][info][gc,cpu         ] GC(147) User=0.18s Sys=0.00s Real=0.03s
(init[388.426s][info][gc,start       ] GC(148) Pause Young (Concurrent Start) (G1 Humongous Allocation)
[388.426s][info][gc,task        ] GC(148) Using 6 workers of 6 for evacuation
[388.435s][info][gc,phases      ] GC(148)   Pre Evacuate Collection Set: 0.33ms
[388.435s][info][gc,phases      ] GC(148)   Merge Heap Roots: 0.04ms
[388.435s][info][gc,phases      ] GC(148)   Evacuate Collection Set: 8.01ms
[388.435s][info][gc,phases      ] GC(148)   Post Evacuate Collection Set: 0.25ms
[388.435s][info][gc,phases      ] GC(148)   Other: 0.09ms
[388.435s][info][gc,heap        ] GC(148) Eden regions: 31->0(1219)
[388.435s][info][gc,heap        ] GC(148) Survivor regions: 0->9(154)
[388.435s][info][gc,heap        ] GC(148) Old regions: 36->36
[388.435s][info][gc,heap        ] GC(148) Humongous regions: 66->66
[388.435s][info][gc,metaspace   ] GC(148) Metaspace: 28857K(29184K)->28857K(29184K) NonClass: 23974K(24128K)->23974K(24128K) Class: 4883K(5056K)->4883K(5056K)
[388.435s][info][gc             ] GC(148) Pause Young (Concurrent Start) (G1 Humongous Allocation) 255M->212M(4096M) 8.845ms
[388.435s][info][gc             ] GC(149) Concurrent Mark Cycle
[388.435s][info][gc,marking     ] GC(149) Concurrent Scan Root Regions
[388.435s][info][gc,cpu         ] GC(148) User=0.05s Sys=0.00s Real=0.01s
[388.441s][info][gc,marking     ] GC(149) Concurrent Scan Root Regions 6.275ms
[388.441s][info][gc,marking     ] GC(149) Concurrent Mark
[388.441s][info][gc,marking     ] GC(149) Concurrent Mark From Roots
[388.441s][info][gc,task        ] GC(149) Using 2 workers of 2 for marking
[388.502s][info][gc,marking     ] GC(149) Concurrent Mark From Roots 60.410ms
[388.502s][info][gc,marking     ] GC(149) Concurrent Preclean
[388.502s][info][gc,marking     ] GC(149) Concurrent Preclean 0.088ms
[388.502s][info][gc,start       ] GC(149) Pause Remark
[388.504s][info][gc             ] GC(149) Pause Remark 338M->338M(4096M) 1.795ms
[388.504s][info][gc,cpu         ] GC(149) User=0.00s Sys=0.00s Real=0.00s
[388.504s][info][gc,marking     ] GC(149) Concurrent Mark 62.517ms
[388.504s][info][gc,marking     ] GC(149) Concurrent Rebuild Remembered Sets and Scrub Regions
[388.522s][info][gc,marking     ] GC(149) Concurrent Rebuild Remembered Sets and Scrub Regions 18.651ms
[388.523s][info][gc,start       ] GC(149) Pause Cleanup
[388.523s][info][gc             ] GC(149) Pause Cleanup 367M->367M(4096M) 0.079ms
[388.523s][info][gc,cpu         ] GC(149) User=0.00s Sys=0.00s Real=0.00s
[388.523s][info][gc,marking     ] GC(149) Concurrent Clear Claimed Marks
[388.523s][info][gc,marking     ] GC(149) Concurrent Clear Claimed Marks 0.030ms
[388.523s][info][gc,marking     ] GC(149) Concurrent Cleanup for Next Mark
[388.527s][info][gc,marking     ] GC(149) Concurrent Cleanup for Next Mark 4.169ms
[388.527s][info][gc             ] GC(149) Concurrent Mark Cycle 91.978ms
) ... OK
   392s: high-bound for max-jOPS is measured to be 13837
   392s: 
   392s: Restarting (term) [392.678s][info][gc,start       ] GC(150) Pause Full (System.gc())
[392.678s][info][gc,task        ] GC(150) Using 6 workers of 6 for full compaction
[392.679s][info][gc,phases,start] GC(150) Phase 1: Mark live objects
[392.693s][info][gc,phases      ] GC(150) Phase 1: Mark live objects 14.418ms
[392.693s][info][gc,phases,start] GC(150) Phase 2: Prepare compaction
[392.695s][info][gc,phases      ] GC(150) Phase 2: Prepare compaction 2.027ms
[392.695s][info][gc,phases,start] GC(150) Phase 3: Adjust pointers
[392.702s][info][gc,phases      ] GC(150) Phase 3: Adjust pointers 6.641ms
[392.702s][info][gc,phases,start] GC(150) Phase 4: Compact heap
[392.704s][info][gc,phases      ] GC(150) Phase 4: Compact heap 2.005ms
[392.704s][info][gc,phases,start] GC(150) Phase 5: Reset Metadata
[392.708s][info][gc,phases      ] GC(150) Phase 5: Reset Metadata 4.512ms
[392.714s][info][gc,heap        ] GC(150) Eden regions: 929->0(1228)
[392.714s][info][gc,heap        ] GC(150) Survivor regions: 9->0(154)
[392.714s][info][gc,heap        ] GC(150) Old regions: 36->36
[392.714s][info][gc,heap        ] GC(150) Humongous regions: 163->66
[392.714s][info][gc,metaspace   ] GC(150) Metaspace: 28864K(29184K)->28864K(29184K) NonClass: 23980K(24128K)->23980K(24128K) Class: 4883K(5056K)->4883K(5056K)
[392.715s][info][gc             ] GC(150) Pause Full (System.gc()) 2263M->193M(4096M) 36.300ms
[392.715s][info][gc,cpu         ] GC(150) User=0.18s Sys=0.00s Real=0.04s
(init[392.952s][info][gc,start       ] GC(151) Pause Young (Concurrent Start) (G1 Humongous Allocation)
[392.952s][info][gc,task        ] GC(151) Using 6 workers of 6 for evacuation
[392.967s][info][gc,phases      ] GC(151)   Pre Evacuate Collection Set: 0.32ms
[392.967s][info][gc,phases      ] GC(151)   Merge Heap Roots: 0.04ms
[392.967s][info][gc,phases      ] GC(151)   Evacuate Collection Set: 13.90ms
[392.967s][info][gc,phases      ] GC(151)   Post Evacuate Collection Set: 0.28ms
[392.967s][info][gc,phases      ] GC(151)   Other: 0.09ms
[392.967s][info][gc,heap        ] GC(151) Eden regions: 49->0(1213)
[392.967s][info][gc,heap        ] GC(151) Survivor regions: 0->15(154)
[392.967s][info][gc,heap        ] GC(151) Old regions: 36->36
[392.967s][info][gc,heap        ] GC(151) Humongous regions: 66->66
[392.967s][info][gc,metaspace   ] GC(151) Metaspace: 28864K(29184K)->28864K(29184K) NonClass: 23980K(24128K)->23980K(24128K) Class: 4883K(5056K)->4883K(5056K)
[392.967s][info][gc             ] GC(151) Pause Young (Concurrent Start) (G1 Humongous Allocation) 291M->222M(4096M) 14.762ms
[392.967s][info][gc             ] GC(152) Concurrent Mark Cycle
[392.967s][info][gc,marking     ] GC(152) Concurrent Scan Root Regions
[392.967s][info][gc,cpu         ] GC(151) User=0.08s Sys=0.00s Real=0.01s
[392.976s][info][gc,marking     ] GC(152) Concurrent Scan Root Regions 8.865ms
[392.976s][info][gc,marking     ] GC(152) Concurrent Mark
[392.976s][info][gc,marking     ] GC(152) Concurrent Mark From Roots
[392.976s][info][gc,task        ] GC(152) Using 2 workers of 2 for marking
[393.022s][info][gc,marking     ] GC(152) Concurrent Mark From Roots 46.251ms
[393.022s][info][gc,marking     ] GC(152) Concurrent Preclean
[393.022s][info][gc,marking     ] GC(152) Concurrent Preclean 0.082ms
[393.022s][info][gc,start       ] GC(152) Pause Remark
[393.024s][info][gc             ] GC(152) Pause Remark 300M->300M(4096M) 1.743ms
[393.024s][info][gc,cpu         ] GC(152) User=0.00s Sys=0.00s Real=0.00s
[393.024s][info][gc,marking     ] GC(152) Concurrent Mark 48.248ms
[393.024s][info][gc,marking     ] GC(152) Concurrent Rebuild Remembered Sets and Scrub Regions
[393.045s][info][gc,marking     ] GC(152) Concurrent Rebuild Remembered Sets and Scrub Regions 21.161ms
[393.045s][info][gc,start       ] GC(152) Pause Cleanup
[393.046s][info][gc             ] GC(152) Pause Cleanup 350M->350M(4096M) 0.083ms
[393.046s][info][gc,cpu         ] GC(152) User=0.00s Sys=0.00s Real=0.00s
[393.046s][info][gc,marking     ] GC(152) Concurrent Clear Claimed Marks
[393.046s][info][gc,marking     ] GC(152) Concurrent Clear Claimed Marks 0.037ms
[393.046s][info][gc,marking     ] GC(152) Concurrent Cleanup for Next Mark
[393.050s][info][gc,marking     ] GC(152) Concurrent Cleanup for Next Mark 4.212ms
[393.050s][info][gc             ] GC(152) Concurrent Mark Cycle 82.892ms
) ... OK
   396s: 
   396s: Warmup for building throughput-responsetime curve
   396s: (10%)   IR =   1384 ...[400.084s][info][gc,start       ] GC(153) Pause Young (Prepare Mixed) (G1 Evacuation Pause)
[400.084s][info][gc,task        ] GC(153) Using 6 workers of 6 for evacuation
[400.567s][info][gc,mmu         ] GC(153) MMU target violated: 201.0ms (200.0ms/201.0ms)
[400.567s][info][gc,phases      ] GC(153)   Pre Evacuate Collection Set: 0.36ms
[400.567s][info][gc,phases      ] GC(153)   Merge Heap Roots: 0.64ms
[400.567s][info][gc,phases      ] GC(153)   Evacuate Collection Set: 481.14ms
[400.567s][info][gc,phases      ] GC(153)   Post Evacuate Collection Set: 1.31ms
[400.567s][info][gc,phases      ] GC(153)   Other: 0.12ms
[400.567s][info][gc,heap        ] GC(153) Eden regions: 1213->0(440)
[400.567s][info][gc,heap        ] GC(153) Survivor regions: 15->154(154)
[400.567s][info][gc,heap        ] GC(153) Old regions: 36->345
[400.567s][info][gc,heap        ] GC(153) Humongous regions: 163->155
[400.567s][info][gc,metaspace   ] GC(153) Metaspace: 28874K(29184K)->28874K(29184K) NonClass: 23990K(24128K)->23990K(24128K) Class: 4883K(5056K)->4883K(5056K)
[400.567s][info][gc             ] GC(153) Pause Young (Prepare Mixed) (G1 Evacuation Pause) 2842M->1297M(4096M) 483.658ms
[400.567s][info][gc,cpu         ] GC(153) User=2.86s Sys=0.00s Real=0.48s
...[403.832s][info][gc,start       ] GC(154) Pause Young (Mixed) (G1 Evacuation Pause)
[403.832s][info][gc,task        ] GC(154) Using 6 workers of 6 for evacuation
[404.032s][info][gc,mmu         ] GC(154) MMU target violated: 200.4ms (200.0ms/201.0ms)
[404.032s][info][gc,phases      ] GC(154)   Pre Evacuate Collection Set: 0.35ms
[404.032s][info][gc,phases      ] GC(154)   Merge Heap Roots: 0.56ms
[404.032s][info][gc,phases      ] GC(154)   Evacuate Collection Set: 198.84ms
[404.032s][info][gc,phases      ] GC(154)   Post Evacuate Collection Set: 0.57ms
[404.032s][info][gc,phases      ] GC(154)   Other: 0.10ms
[404.032s][info][gc,heap        ] GC(154) Eden regions: 428->0(635)
[404.032s][info][gc,heap        ] GC(154) Survivor regions: 154->26(73)
[404.032s][info][gc,heap        ] GC(154) Old regions: 345->499
[404.032s][info][gc,heap        ] GC(154) Humongous regions: 155->155
[404.032s][info][gc,metaspace   ] GC(154) Metaspace: 28874K(29184K)->28874K(29184K) NonClass: 23990K(24128K)->23990K(24128K) Class: 4883K(5056K)->4883K(5056K)
[404.032s][info][gc             ] GC(154) Pause Young (Mixed) (G1 Evacuation Pause) 2153M->1349M(4096M) 200.513ms
[404.032s][info][gc,cpu         ] GC(154) User=1.18s Sys=0.00s Real=0.21s
......[409.490s][info][gc,start       ] GC(155) Pause Young (Concurrent Start) (G1 Evacuation Pause)
[409.490s][info][gc,task        ] GC(155) Using 6 workers of 6 for evacuation
[409.550s][info][gc,phases      ] GC(155)   Pre Evacuate Collection Set: 0.42ms
[409.550s][info][gc,phases      ] GC(155)   Merge Heap Roots: 0.48ms
[409.550s][info][gc,phases      ] GC(155)   Evacuate Collection Set: 58.27ms
[409.550s][info][gc,phases      ] GC(155)   Post Evacuate Collection Set: 0.74ms
[409.550s][info][gc,phases      ] GC(155)   Other: 0.11ms
[409.550s][info][gc,heap        ] GC(155) Eden regions: 667->0(661)
[409.550s][info][gc,heap        ] GC(155) Survivor regions: 26->58(87)
[409.550s][info][gc,heap        ] GC(155) Old regions: 499->499
[409.550s][info][gc,heap        ] GC(155) Humongous regions: 155->155
[409.550s][info][gc,metaspace   ] GC(155) Metaspace: 28874K(29184K)->28874K(29184K) NonClass: 23990K(24128K)->23990K(24128K) Class: 4883K(5056K)->4883K(5056K)
[409.550s][info][gc             ] GC(155) Pause Young (Concurrent Start) (G1 Evacuation Pause) 2683M->1414M(4096M) 60.151ms
[409.550s][info][gc             ] GC(156) Concurrent Mark Cycle
[409.550s][info][gc,marking     ] GC(156) Concurrent Scan Root Regions
[409.550s][info][gc,cpu         ] GC(155) User=0.36s Sys=0.00s Real=0.06s
[409.610s][info][gc,marking     ] GC(156) Concurrent Scan Root Regions 60.191ms
[409.610s][info][gc,marking     ] GC(156) Concurrent Mark
[409.610s][info][gc,marking     ] GC(156) Concurrent Mark From Roots
[409.610s][info][gc,task        ] GC(156) Using 2 workers of 2 for marking
.[410.214s][info][gc,marking     ] GC(156) Concurrent Mark From Roots 603.884ms
[410.214s][info][gc,marking     ] GC(156) Concurrent Preclean
[410.214s][info][gc,marking     ] GC(156) Concurrent Preclean 0.062ms
[410.215s][info][gc,start       ] GC(156) Pause Remark
[410.218s][info][gc             ] GC(156) Pause Remark 1613M->1393M(4096M) 3.761ms
[410.218s][info][gc,cpu         ] GC(156) User=0.02s Sys=0.00s Real=0.00s
[410.219s][info][gc,marking     ] GC(156) Concurrent Mark 608.232ms
[410.219s][info][gc,marking     ] GC(156) Concurrent Rebuild Remembered Sets and Scrub Regions
[410.415s][info][gc,marking     ] GC(156) Concurrent Rebuild Remembered Sets and Scrub Regions 196.525ms
[410.415s][info][gc,start       ] GC(156) Pause Cleanup
[410.415s][info][gc             ] GC(156) Pause Cleanup 1441M->1441M(4096M) 0.085ms
[410.415s][info][gc,cpu         ] GC(156) User=0.00s Sys=0.00s Real=0.00s
[410.415s][info][gc,marking     ] GC(156) Concurrent Clear Claimed Marks
[410.415s][info][gc,marking     ] GC(156) Concurrent Clear Claimed Marks 0.026ms
[410.415s][info][gc,marking     ] GC(156) Concurrent Cleanup for Next Mark
[410.419s][info][gc,marking     ] GC(156) Concurrent Cleanup for Next Mark 3.712ms
[410.419s][info][gc             ] GC(156) Concurrent Mark Cycle 869.127ms
....[415.014s][info][gc,start       ] GC(157) Pause Young (Prepare Mixed) (G1 Evacuation Pause)
[415.014s][info][gc,task        ] GC(157) Using 6 workers of 6 for evacuation
[415.090s][info][gc,phases      ] GC(157)   Pre Evacuate Collection Set: 0.37ms
[415.090s][info][gc,phases      ] GC(157)   Merge Heap Roots: 0.58ms
[415.090s][info][gc,phases      ] GC(157)   Evacuate Collection Set: 74.00ms
[415.090s][info][gc,phases      ] GC(157)   Post Evacuate Collection Set: 0.73ms
[415.090s][info][gc,phases      ] GC(157)   Other: 0.08ms
[415.090s][info][gc,heap        ] GC(157) Eden regions: 658->0(932)
[415.090s][info][gc,heap        ] GC(157) Survivor regions: 58->65(90)
[415.090s][info][gc,heap        ] GC(157) Old regions: 469->488
[415.090s][info][gc,heap        ] GC(157) Humongous regions: 75->75
[415.090s][info][gc,metaspace   ] GC(157) Metaspace: 28875K(29184K)->28875K(29184K) NonClass: 23991K(24128K)->23991K(24128K) Class: 4883K(5056K)->4883K(5056K)
[415.090s][info][gc             ] GC(157) Pause Young (Prepare Mixed) (G1 Evacuation Pause) 2510M->1246M(4096M) 75.910ms
[415.090s][info][gc,cpu         ] GC(157) User=0.45s Sys=0.00s Real=0.07s
.........[423.777s][info][gc,start       ] GC(158) Pause Young (Mixed) (G1 Evacuation Pause)
[423.777s][info][gc,task        ] GC(158) Using 6 workers of 6 for evacuation
[423.872s][info][gc,phases      ] GC(158)   Pre Evacuate Collection Set: 0.35ms
[423.872s][info][gc,phases      ] GC(158)   Merge Heap Roots: 0.49ms
[423.872s][info][gc,phases      ] GC(158)   Evacuate Collection Set: 93.19ms
[423.872s][info][gc,phases      ] GC(158)   Post Evacuate Collection Set: 0.85ms
[423.872s][info][gc,phases      ] GC(158)   Other: 0.10ms
[423.872s][info][gc,heap        ] GC(158) Eden regions: 1002->0(873)
[423.872s][info][gc,heap        ] GC(158) Survivor regions: 65->105(134)
[423.872s][info][gc,heap        ] GC(158) Old regions: 488->484
[423.872s][info][gc,heap        ] GC(158) Humongous regions: 75->75
[423.872s][info][gc,metaspace   ] GC(158) Metaspace: 28878K(29184K)->28878K(29184K) NonClass: 23994K(24128K)->23994K(24128K) Class: 4883K(5056K)->4883K(5056K)
[423.872s][info][gc             ] GC(158) Pause Young (Mixed) (G1 Evacuation Pause) 3250M->1322M(4096M) 95.114ms
[423.872s][info][gc,cpu         ] GC(158) User=0.56s Sys=0.00s Real=0.10s
........[431.808s][info][gc,start       ] GC(159) Pause Young (Mixed) (G1 Evacuation Pause)
[431.808s][info][gc,task        ] GC(159) Using 6 workers of 6 for evacuation
[431.921s][info][gc,phases      ] GC(159)   Pre Evacuate Collection Set: 0.38ms
[431.922s][info][gc,phases      ] GC(159)   Merge Heap Roots: 0.40ms
[431.922s][info][gc,phases      ] GC(159)   Evacuate Collection Set: 111.96ms
[431.922s][info][gc,phases      ] GC(159)   Post Evacuate Collection Set: 0.84ms
[431.922s][info][gc,phases      ] GC(159)   Other: 0.08ms
[431.922s][info][gc,heap        ] GC(159) Eden regions: 933->0(1074)
[431.922s][info][gc,heap        ] GC(159) Survivor regions: 105->90(130)
[431.922s][info][gc,heap        ] GC(159) Old regions: 484->523
[431.922s][info][gc,heap        ] GC(159) Humongous regions: 77->77
[431.922s][info][gc,metaspace   ] GC(159) Metaspace: 28882K(29184K)->28882K(29184K) NonClass: 23999K(24128K)->23999K(24128K) Class: 4883K(5056K)->4883K(5056K)
[431.922s][info][gc             ] GC(159) Pause Young (Mixed) (G1 Evacuation Pause) 3192M->1376M(4096M) 113.790ms
[431.922s][info][gc,cpu         ] GC(159) User=0.67s Sys=0.00s Real=0.11s
..........[441.444s][info][gc,start       ] GC(160) Pause Young (Mixed) (G1 Evacuation Pause)
[441.444s][info][gc,task        ] GC(160) Using 6 workers of 6 for evacuation
[441.561s][info][gc,phases      ] GC(160)   Pre Evacuate Collection Set: 0.39ms
[441.561s][info][gc,phases      ] GC(160)   Merge Heap Roots: 0.47ms
[441.561s][info][gc,phases      ] GC(160)   Evacuate Collection Set: 115.01ms
[441.561s][info][gc,phases      ] GC(160)   Post Evacuate Collection Set: 0.91ms
[441.561s][info][gc,phases      ] GC(160)   Other: 0.08ms
[441.561s][info][gc,heap        ] GC(160) Eden regions: 1074->0(1069)
[441.561s][info][gc,heap        ] GC(160) Survivor regions: 90->94(146)
[441.561s][info][gc,heap        ] GC(160) Old regions: 523->533
[441.561s][info][gc,heap        ] GC(160) Humongous regions: 77->77
[441.561s][info][gc,metaspace   ] GC(160) Metaspace: 28883K(29184K)->28883K(29184K) NonClass: 23999K(24128K)->23999K(24128K) Class: 4883K(5056K)->4883K(5056K)
[441.561s][info][gc             ] GC(160) Pause Young (Mixed) (G1 Evacuation Pause) 3524M->1405M(4096M) 116.992ms
[441.561s][info][gc,cpu         ] GC(160) User=0.70s Sys=0.00s Real=0.11s
...........[452.509s][info][gc,start       ] GC(161) Pause Young (Concurrent Start) (G1 Evacuation Pause)
[452.509s][info][gc,task        ] GC(161) Using 6 workers of 6 for evacuation
[452.621s][info][gc,phases      ] GC(161)   Pre Evacuate Collection Set: 0.41ms
[452.621s][info][gc,phases      ] GC(161)   Merge Heap Roots: 0.40ms
[452.621s][info][gc,phases      ] GC(161)   Evacuate Collection Set: 110.19ms
[452.621s][info][gc,phases      ] GC(161)   Post Evacuate Collection Set: 0.92ms
[452.621s][info][gc,phases      ] GC(161)   Other: 0.11ms
[452.621s][info][gc,heap        ] GC(161) Eden regions: 1086->0(1073)
[452.621s][info][gc,heap        ] GC(161) Survivor regions: 94->103(148)
[452.621s][info][gc,heap        ] GC(161) Old regions: 533->564
[452.621s][info][gc,heap        ] GC(161) Humongous regions: 77->77
[452.621s][info][gc,metaspace   ] GC(161) Metaspace: 28883K(29184K)->28883K(29184K) NonClass: 23999K(24128K)->23999K(24128K) Class: 4883K(5056K)->4883K(5056K)
[452.621s][info][gc             ] GC(161) Pause Young (Concurrent Start) (G1 Evacuation Pause) 3577M->1484M(4096M) 112.177ms
[452.621s][info][gc             ] GC(162) Concurrent Mark Cycle
[452.621s][info][gc,marking     ] GC(162) Concurrent Scan Root Regions
[452.621s][info][gc,cpu         ] GC(161) User=0.66s Sys=0.00s Real=0.11s
[452.734s][info][gc,marking     ] GC(162) Concurrent Scan Root Regions 112.847ms
[452.734s][info][gc,marking     ] GC(162) Concurrent Mark
[452.734s][info][gc,marking     ] GC(162) Concurrent Mark From Roots
[452.734s][info][gc,task        ] GC(162) Using 2 workers of 2 for marking
.[453.206s][info][gc,marking     ] GC(162) Concurrent Mark From Roots 471.740ms
[453.206s][info][gc,marking     ] GC(162) Concurrent Preclean
[453.206s][info][gc,marking     ] GC(162) Concurrent Preclean 0.091ms
[453.206s][info][gc,start       ] GC(162) Pause Remark
[453.209s][info][gc             ] GC(162) Pause Remark 1618M->1618M(4096M) 3.160ms
[453.210s][info][gc,cpu         ] GC(162) User=0.01s Sys=0.00s Real=0.00s
[453.210s][info][gc,marking     ] GC(162) Concurrent Mark 475.715ms
[453.210s][info][gc,marking     ] GC(162) Concurrent Rebuild Remembered Sets and Scrub Regions
[453.397s][info][gc,marking     ] GC(162) Concurrent Rebuild Remembered Sets and Scrub Regions 187.290ms
[453.397s][info][gc,start       ] GC(162) Pause Cleanup
[453.398s][info][gc             ] GC(162) Pause Cleanup 1651M->1651M(4096M) 0.197ms
[453.398s][info][gc,cpu         ] GC(162) User=0.00s Sys=0.00s Real=0.00s
[453.398s][info][gc,marking     ] GC(162) Concurrent Clear Claimed Marks
[453.398s][info][gc,marking     ] GC(162) Concurrent Clear Claimed Marks 0.031ms
[453.398s][info][gc,marking     ] GC(162) Concurrent Cleanup for Next Mark
[453.401s][info][gc,marking     ] GC(162) Concurrent Cleanup for Next Mark 3.225ms
[453.401s][info][gc             ] GC(162) Concurrent Mark Cycle 779.704ms
...........[464.450s][info][gc,start       ] GC(163) Pause Young (Prepare Mixed) (G1 Evacuation Pause)
[464.450s][info][gc,task        ] GC(163) Using 6 workers of 6 for evacuation
[464.567s][info][gc,phases      ] GC(163)   Pre Evacuate Collection Set: 0.39ms
[464.567s][info][gc,phases      ] GC(163)   Merge Heap Roots: 0.46ms
[464.567s][info][gc,phases      ] GC(163)   Evacuate Collection Set: 114.29ms
[464.567s][info][gc,phases      ] GC(163)   Post Evacuate Collection Set: 0.95ms
[464.567s][info][gc,phases      ] GC(163)   Other: 0.10ms
[464.567s][info][gc,heap        ] GC(163) Eden regions: 1073->0(1055)
[464.567s][info][gc,heap        ] GC(163) Survivor regions: 103->106(147)
[464.567s][info][gc,heap        ] GC(163) Old regions: 564->599
[464.567s][info][gc,heap        ] GC(163) Humongous regions: 77->77
[464.567s][info][gc,metaspace   ] GC(163) Metaspace: 28890K(29184K)->28890K(29184K) NonClass: 24006K(24128K)->24006K(24128K) Class: 4883K(5056K)->4883K(5056K)
[464.567s][info][gc             ] GC(163) Pause Young (Prepare Mixed) (G1 Evacuation Pause) 3630M->1562M(4096M) 116.325ms
[464.567s][info][gc,cpu         ] GC(163) User=0.69s Sys=0.00s Real=0.12s
............[476.838s][info][gc,start       ] GC(164) Pause Young (Mixed) (G1 Evacuation Pause)
[476.838s][info][gc,task        ] GC(164) Using 6 workers of 6 for evacuation
[476.971s][info][gc,phases      ] GC(164)   Pre Evacuate Collection Set: 0.44ms
[476.971s][info][gc,phases      ] GC(164)   Merge Heap Roots: 0.57ms
[476.971s][info][gc,phases      ] GC(164)   Evacuate Collection Set: 127.77ms
[476.971s][info][gc,phases      ] GC(164)   Merge Optional Heap Roots: 0.05ms
[476.971s][info][gc,phases      ] GC(164)   Evacuate Optional Collection Set: 2.40ms
[476.971s][info][gc,phases      ] GC(164)   Post Evacuate Collection Set: 1.13ms
[476.971s][info][gc,phases      ] GC(164)   Other: 0.11ms
[476.971s][info][gc,heap        ] GC(164) Eden regions: 1055->0(1122)
[476.971s][info][gc,heap        ] GC(164) Survivor regions: 106->106(146)
[476.971s][info][gc,heap        ] GC(164) Old regions: 599->505
[476.971s][info][gc,heap        ] GC(164) Humongous regions: 77->77
[476.971s][info][gc,metaspace   ] GC(164) Metaspace: 28890K(29184K)->28890K(29184K) NonClass: 24006K(24128K)->24006K(24128K) Class: 4883K(5056K)->4883K(5056K)
[476.971s][info][gc             ] GC(164) Pause Young (Mixed) (G1 Evacuation Pause) 3672M->1372M(4096M) 132.633ms
[476.971s][info][gc,cpu         ] GC(164) User=0.78s Sys=0.00s Real=0.13s
.............[490.087s][info][gc,start       ] GC(165) Pause Young (Mixed) (G1 Evacuation Pause)
[490.087s][info][gc,task        ] GC(165) Using 6 workers of 6 for evacuation
[490.215s][info][gc,phases      ] GC(165)   Pre Evacuate Collection Set: 0.43ms
[490.215s][info][gc,phases      ] GC(165)   Merge Heap Roots: 0.69ms
[490.215s][info][gc,phases      ] GC(165)   Evacuate Collection Set: 126.39ms
[490.215s][info][gc,phases      ] GC(165)   Post Evacuate Collection Set: 0.99ms
[490.215s][info][gc,phases      ] GC(165)   Other: 0.09ms
[490.215s][info][gc,heap        ] GC(165) Eden regions: 1122->0(1121)
[490.215s][info][gc,heap        ] GC(165) Survivor regions: 106->107(154)
[490.215s][info][gc,heap        ] GC(165) Old regions: 505->489
[490.215s][info][gc,heap        ] GC(165) Humongous regions: 77->77
[490.215s][info][gc,metaspace   ] GC(165) Metaspace: 28890K(29184K)->28890K(29184K) NonClass: 24006K(24128K)->24006K(24128K) Class: 4883K(5056K)->4883K(5056K)
[490.215s][info][gc             ] GC(165) Pause Young (Mixed) (G1 Evacuation Pause) 3616M->1343M(4096M) 128.736ms
[490.215s][info][gc,cpu         ] GC(165) User=0.77s Sys=0.00s Real=0.13s
..............[503.352s][info][gc,start       ] GC(166) Pause Young (Concurrent Start) (G1 Evacuation Pause)
[503.352s][info][gc,task        ] GC(166) Using 6 workers of 6 for evacuation
[503.470s][info][gc,phases      ] GC(166)   Pre Evacuate Collection Set: 0.40ms
[503.470s][info][gc,phases      ] GC(166)   Merge Heap Roots: 0.46ms
[503.470s][info][gc,phases      ] GC(166)   Evacuate Collection Set: 116.45ms
[503.470s][info][gc,phases      ] GC(166)   Post Evacuate Collection Set: 0.98ms
[503.470s][info][gc,phases      ] GC(166)   Other: 0.09ms
[503.470s][info][gc,heap        ] GC(166) Eden regions: 1121->0(1119)
[503.470s][info][gc,heap        ] GC(166) Survivor regions: 107->109(154)
[503.470s][info][gc,heap        ] GC(166) Old regions: 489->521
[503.470s][info][gc,heap        ] GC(166) Humongous regions: 77->77
[503.470s][info][gc,metaspace   ] GC(166) Metaspace: 28890K(29184K)->28890K(29184K) NonClass: 24006K(24128K)->24006K(24128K) Class: 4883K(5056K)->4883K(5056K)
[503.470s][info][gc             ] GC(166) Pause Young (Concurrent Start) (G1 Evacuation Pause) 3585M->1411M(4096M) 118.532ms
[503.470s][info][gc             ] GC(167) Concurrent Mark Cycle
[503.470s][info][gc,marking     ] GC(167) Concurrent Scan Root Regions
[503.470s][info][gc,cpu         ] GC(166) User=0.69s Sys=0.00s Real=0.12s
[503.580s][info][gc,marking     ] GC(167) Concurrent Scan Root Regions 109.261ms
[503.580s][info][gc,marking     ] GC(167) Concurrent Mark
[503.580s][info][gc,marking     ] GC(167) Concurrent Mark From Roots
[503.580s][info][gc,task        ] GC(167) Using 2 workers of 2 for marking
[504.085s][info][gc,marking     ] GC(167) Concurrent Mark From Roots 505.737ms
[504.085s][info][gc,marking     ] GC(167) Concurrent Preclean
[504.086s][info][gc,marking     ] GC(167) Concurrent Preclean 0.058ms
[504.086s][info][gc,start       ] GC(167) Pause Remark
[504.088s][info][gc             ] GC(167) Pause Remark 1539M->1539M(4096M) 2.421ms
[504.088s][info][gc,cpu         ] GC(167) User=0.01s Sys=0.00s Real=0.00s
[504.088s][info][gc,marking     ] GC(167) Concurrent Mark 508.468ms
[504.088s][info][gc,marking     ] GC(167) Concurrent Rebuild Remembered Sets and Scrub Regions
.[504.276s][info][gc,marking     ] GC(167) Concurrent Rebuild Remembered Sets and Scrub Regions 187.461ms
[504.276s][info][gc,start       ] GC(167) Pause Cleanup
[504.276s][info][gc             ] GC(167) Pause Cleanup 1563M->1563M(4096M) 0.136ms
[504.276s][info][gc,cpu         ] GC(167) User=0.00s Sys=0.00s Real=0.00s
[504.276s][info][gc,marking     ] GC(167) Concurrent Clear Claimed Marks
[504.276s][info][gc,marking     ] GC(167) Concurrent Clear Claimed Marks 0.025ms
[504.276s][info][gc,marking     ] GC(167) Concurrent Cleanup for Next Mark
[504.280s][info][gc,marking     ] GC(167) Concurrent Cleanup for Next Mark 3.455ms
[504.280s][info][gc             ] GC(167) Concurrent Mark Cycle 809.160ms
............[516.706s][info][gc,start       ] GC(168) Pause Young (Prepare Mixed) (G1 Evacuation Pause)
[516.706s][info][gc,task        ] GC(168) Using 6 workers of 6 for evacuation
[516.826s][info][gc,phases      ] GC(168)   Pre Evacuate Collection Set: 0.36ms
[516.826s][info][gc,phases      ] GC(168)   Merge Heap Roots: 0.53ms
[516.826s][info][gc,phases      ] GC(168)   Evacuate Collection Set: 117.75ms
[516.826s][info][gc,phases      ] GC(168)   Post Evacuate Collection Set: 1.00ms
[516.826s][info][gc,phases      ] GC(168)   Other: 0.09ms
[516.826s][info][gc,heap        ] GC(168) Eden regions: 1119->0(1095)
[516.826s][info][gc,heap        ] GC(168) Survivor regions: 109->109(154)
[516.826s][info][gc,heap        ] GC(168) Old regions: 521->555
[516.826s][info][gc,heap        ] GC(168) Humongous regions: 77->77
[516.826s][info][gc,metaspace   ] GC(168) Metaspace: 28891K(29184K)->28891K(29184K) NonClass: 24007K(24128K)->24007K(24128K) Class: 4883K(5056K)->4883K(5056K)
[516.826s][info][gc             ] GC(168) Pause Young (Prepare Mixed) (G1 Evacuation Pause) 3649M->1478M(4096M) 119.860ms
[516.826s][info][gc,cpu         ] GC(168) User=0.71s Sys=0.00s Real=0.12s
.............[529.781s][info][gc,start       ] GC(169) Pause Young (Mixed) (G1 Evacuation Pause)
[529.782s][info][gc,task        ] GC(169) Using 6 workers of 6 for evacuation
[529.914s][info][gc,phases      ] GC(169)   Pre Evacuate Collection Set: 0.44ms
[529.914s][info][gc,phases      ] GC(169)   Merge Heap Roots: 0.69ms
[529.914s][info][gc,phases      ] GC(169)   Evacuate Collection Set: 130.31ms
[529.914s][info][gc,phases      ] GC(169)   Post Evacuate Collection Set: 1.00ms
[529.914s][info][gc,phases      ] GC(169)   Other: 0.09ms
[529.914s][info][gc,heap        ] GC(169) Eden regions: 1095->0(1120)
[529.914s][info][gc,heap        ] GC(169) Survivor regions: 109->108(151)
[529.914s][info][gc,heap        ] GC(169) Old regions: 555->463
[529.914s][info][gc,heap        ] GC(169) Humongous regions: 77->77
[529.914s][info][gc,metaspace   ] GC(169) Metaspace: 28895K(29184K)->28895K(29184K) NonClass: 24011K(24128K)->24011K(24128K) Class: 4883K(5056K)->4883K(5056K)
[529.914s][info][gc             ] GC(169) Pause Young (Mixed) (G1 Evacuation Pause) 3668M->1293M(4096M) 132.670ms
[529.914s][info][gc,cpu         ] GC(169) User=0.78s Sys=0.00s Real=0.14s
.............[543.151s][info][gc,start       ] GC(170) Pause Young (Concurrent Start) (G1 Evacuation Pause)
[543.151s][info][gc,task        ] GC(170) Using 6 workers of 6 for evacuation
[543.269s][info][gc,phases      ] GC(170)   Pre Evacuate Collection Set: 0.41ms
[543.269s][info][gc,phases      ] GC(170)   Merge Heap Roots: 0.47ms
[543.269s][info][gc,phases      ] GC(170)   Evacuate Collection Set: 116.27ms
[543.269s][info][gc,phases      ] GC(170)   Post Evacuate Collection Set: 0.88ms
[543.269s][info][gc,phases      ] GC(170)   Other: 0.09ms
[543.269s][info][gc,heap        ] GC(170) Eden regions: 1120->0(1121)
[543.269s][info][gc,heap        ] GC(170) Survivor regions: 108->107(154)
[543.269s][info][gc,heap        ] GC(170) Old regions: 463->496
[543.269s][info][gc,heap        ] GC(170) Humongous regions: 77->77
[543.269s][info][gc,metaspace   ] GC(170) Metaspace: 28895K(29184K)->28895K(29184K) NonClass: 24011K(24128K)->24011K(24128K) Class: 4883K(5056K)->4883K(5056K)
[543.269s][info][gc             ] GC(170) Pause Young (Concurrent Start) (G1 Evacuation Pause) 3533M->1358M(4096M) 118.279ms
[543.269s][info][gc             ] GC(171) Concurrent Mark Cycle
[543.269s][info][gc,marking     ] GC(171) Concurrent Scan Root Regions
[543.269s][info][gc,cpu         ] GC(170) User=0.70s Sys=0.00s Real=0.12s
.[543.385s][info][gc,marking     ] GC(171) Concurrent Scan Root Regions 115.359ms
[543.385s][info][gc,marking     ] GC(171) Concurrent Mark
[543.385s][info][gc,marking     ] GC(171) Concurrent Mark From Roots
[543.385s][info][gc,task        ] GC(171) Using 2 workers of 2 for marking
[543.895s][info][gc,marking     ] GC(171) Concurrent Mark From Roots 510.630ms
[543.895s][info][gc,marking     ] GC(171) Concurrent Preclean
[543.895s][info][gc,marking     ] GC(171) Concurrent Preclean 0.059ms
[543.896s][info][gc,start       ] GC(171) Pause Remark
[543.898s][info][gc             ] GC(171) Pause Remark 1470M->1470M(4096M) 2.230ms
[543.898s][info][gc,cpu         ] GC(171) User=0.01s Sys=0.00s Real=0.00s
[543.898s][info][gc,marking     ] GC(171) Concurrent Mark 513.163ms
[543.898s][info][gc,marking     ] GC(171) Concurrent Rebuild Remembered Sets and Scrub Regions
[544.097s][info][gc,marking     ] GC(171) Concurrent Rebuild Remembered Sets and Scrub Regions 199.165ms
[544.097s][info][gc,start       ] GC(171) Pause Cleanup
[544.097s][info][gc             ] GC(171) Pause Cleanup 1504M->1504M(4096M) 0.123ms
[544.097s][info][gc,cpu         ] GC(171) User=0.00s Sys=0.00s Real=0.00s
[544.097s][info][gc,marking     ] GC(171) Concurrent Clear Claimed Marks
[544.097s][info][gc,marking     ] GC(171) Concurrent Clear Claimed Marks 0.031ms
[544.097s][info][gc,marking     ] GC(171) Concurrent Cleanup for Next Mark
[544.101s][info][gc,marking     ] GC(171) Concurrent Cleanup for Next Mark 3.237ms
[544.101s][info][gc             ] GC(171) Concurrent Mark Cycle 831.410ms
.............[556.747s][info][gc,start       ] GC(172) Pause Young (Prepare Mixed) (G1 Evacuation Pause)
[556.747s][info][gc,task        ] GC(172) Using 6 workers of 6 for evacuation
[556.864s][info][gc,phases      ] GC(172)   Pre Evacuate Collection Set: 0.39ms
[556.864s][info][gc,phases      ] GC(172)   Merge Heap Roots: 0.50ms
[556.864s][info][gc,phases      ] GC(172)   Evacuate Collection Set: 114.49ms
[556.864s][info][gc,phases      ] GC(172)   Post Evacuate Collection Set: 0.94ms
[556.864s][info][gc,phases      ] GC(172)   Other: 0.08ms
[556.864s][info][gc,heap        ] GC(172) Eden regions: 1121->0(1119)
[556.864s][info][gc,heap        ] GC(172) Survivor regions: 107->109(154)
[556.864s][info][gc,heap        ] GC(172) Old regions: 496->528
[556.864s][info][gc,heap        ] GC(172) Humongous regions: 77->77
[556.864s][info][gc,metaspace   ] GC(172) Metaspace: 28895K(29184K)->28895K(29184K) NonClass: 24011K(24128K)->24011K(24128K) Class: 4883K(5056K)->4883K(5056K)
[556.864s][info][gc             ] GC(172) Pause Young (Prepare Mixed) (G1 Evacuation Pause) 3600M->1425M(4096M) 116.536ms
[556.864s][info][gc,cpu         ] GC(172) User=0.69s Sys=0.00s Real=0.12s
..............[570.381s][info][gc,start       ] GC(173) Pause Young (Mixed) (G1 Evacuation Pause)
[570.381s][info][gc,task        ] GC(173) Using 6 workers of 6 for evacuation
[570.510s][info][gc,phases      ] GC(173)   Pre Evacuate Collection Set: 0.44ms
[570.510s][info][gc,phases      ] GC(173)   Merge Heap Roots: 0.64ms
[570.510s][info][gc,phases      ] GC(173)   Evacuate Collection Set: 127.26ms
[570.510s][info][gc,phases      ] GC(173)   Post Evacuate Collection Set: 0.97ms
[570.510s][info][gc,phases      ] GC(173)   Other: 0.10ms
[570.510s][info][gc,heap        ] GC(173) Eden regions: 1119->0(1119)
[570.510s][info][gc,heap        ] GC(173) Survivor regions: 109->109(154)
[570.510s][info][gc,heap        ] GC(173) Old regions: 528->462
[570.510s][info][gc,heap        ] GC(173) Humongous regions: 77->77
[570.510s][info][gc,metaspace   ] GC(173) Metaspace: 28895K(29184K)->28895K(29184K) NonClass: 24011K(24128K)->24011K(24128K) Class: 4883K(5056K)->4883K(5056K)
[570.510s][info][gc             ] GC(173) Pause Young (Mixed) (G1 Evacuation Pause) 3663M->1293M(4096M) 129.554ms
[570.510s][info][gc,cpu         ] GC(173) User=0.77s Sys=0.00s Real=0.13s
....... (rIR:aIR:PR = 1384:1384:1384) (tPR = 21388) [OK] 
   577s: 
   577s: Building throughput-responsetime curve
   577s: ( 0%)   IR =      0 ...|............................................................ (rIR:aIR:PR = 0:0:0) (tPR = 0) [OK] 
   640s: Performance info:
         Transaction,    Success,    Partial,     Failed,   Receipts, AvgBarcode, 
         Response times:
             Request,    Success,    Partial,     Failed,   SkipFail,     Probes,    Samples,      min,      p50,      p90,      p95,      p99,      max, 

   640s: ( 1%)   IR =    138 ....|...........................................................[703.787s][info][gc,start       ] GC(174) Pause Young (Concurrent Start) (G1 Evacuation Pause)
[703.787s][info][gc,task        ] GC(174) Using 6 workers of 6 for evacuation
[703.904s][info][gc,phases      ] GC(174)   Pre Evacuate Collection Set: 0.41ms
[703.904s][info][gc,phases      ] GC(174)   Merge Heap Roots: 0.55ms
[703.904s][info][gc,phases      ] GC(174)   Evacuate Collection Set: 114.91ms
[703.904s][info][gc,phases      ] GC(174)   Post Evacuate Collection Set: 0.94ms
[703.904s][info][gc,phases      ] GC(174)   Other: 0.13ms
[703.904s][info][gc,heap        ] GC(174) Eden regions: 1119->0(1121)
[703.904s][info][gc,heap        ] GC(174) Survivor regions: 109->107(154)
[703.904s][info][gc,heap        ] GC(174) Old regions: 462->495
[703.904s][info][gc,heap        ] GC(174) Humongous regions: 77->77
[703.904s][info][gc,metaspace   ] GC(174) Metaspace: 28908K(29184K)->28908K(29184K) NonClass: 24024K(24128K)->24024K(24128K) Class: 4883K(5056K)->4883K(5056K)
[703.904s][info][gc             ] GC(174) Pause Young (Concurrent Start) (G1 Evacuation Pause) 3531M->1355M(4096M) 117.075ms
[703.904s][info][gc             ] GC(175) Concurrent Mark Cycle
[703.904s][info][gc,marking     ] GC(175) Concurrent Scan Root Regions
[703.904s][info][gc,cpu         ] GC(174) User=0.69s Sys=0.00s Real=0.12s
[704.005s][info][gc,marking     ] GC(175) Concurrent Scan Root Regions 101.207ms
[704.006s][info][gc,marking     ] GC(175) Concurrent Mark
[704.006s][info][gc,marking     ] GC(175) Concurrent Mark From Roots
[704.006s][info][gc,task        ] GC(175) Using 2 workers of 2 for marking
. (rIR:aIR:PR = 138:138:138) (tPR = 2112) [OK] 
   704s: Performance info:
         Transaction,    Success,    Partial,     Failed,   Receipts, AvgBarcode, 
             Overall,       8288,          0,          0,       7870,      59.45, 
         Response times:
             Request,    Success,    Partial,     Failed,   SkipFail,     Probes,    Samples,      min,      p50,      p90,      p95,      p99,      max, 
       TotalPurchase,       7870,          0,          0,          0,       7204,       8222,      300,      400,      600,      600,      800,   119000,
     InStorePurchase,       4138,          0,          0,          0,       3873,       4389,      300,      400,      500,      600,      800,     1700,
      OnlinePurchase,       2901,          0,          0,          0,       2629,       2986,      300,      500,      600,      700,      800,   119000,
        InstPurchase,        831,          0,          0,          0,        702,        847,      400,      500,      600,      700,      900,     1800,
          AssocOfCat,          9,          0,          0,          0,          7,          8,    21000,    24000,    37000,    37000,    37000,    37000,
      AssocOfProduct,         84,          0,          0,          0,         79,         88,      500,      600,      700,      800,      900,      900,
      BusinessReport,         22,          0,          0,          0,         20,         20,    23000,    25500,    32500,    33000,    33000,    33000,
          CustBuyBeh,         83,          0,          0,          0,         80,         88,      200,      300,      400,      500,     1500,     1500,
       ProductReturn,        220,          0,          0,          0,        167,        246,      200,      300,      300,      400,      653,      900,

   704s: ( 2%)   IR =    277 [704.478s][info][gc,marking     ] GC(175) Concurrent Mark From Roots 472.856ms
[704.478s][info][gc,marking     ] GC(175) Concurrent Preclean
[704.478s][info][gc,marking     ] GC(175) Concurrent Preclean 0.065ms
[704.479s][info][gc,start       ] GC(175) Pause Remark
[704.481s][info][gc             ] GC(175) Pause Remark 1369M->1369M(4096M) 2.013ms
[704.481s][info][gc,cpu         ] GC(175) User=0.01s Sys=0.00s Real=0.00s
[704.481s][info][gc,marking     ] GC(175) Concurrent Mark 475.177ms
[704.481s][info][gc,marking     ] GC(175) Concurrent Rebuild Remembered Sets and Scrub Regions
[704.672s][info][gc,marking     ] GC(175) Concurrent Rebuild Remembered Sets and Scrub Regions 191.142ms
[704.672s][info][gc,start       ] GC(175) Pause Cleanup
[704.672s][info][gc             ] GC(175) Pause Cleanup 1377M->1377M(4096M) 0.133ms
[704.672s][info][gc,cpu         ] GC(175) User=0.00s Sys=0.00s Real=0.00s
[704.672s][info][gc,marking     ] GC(175) Concurrent Clear Claimed Marks
[704.672s][info][gc,marking     ] GC(175) Concurrent Clear Claimed Marks 0.037ms
[704.672s][info][gc,marking     ] GC(175) Concurrent Cleanup for Next Mark
[704.676s][info][gc,marking     ] GC(175) Concurrent Cleanup for Next Mark 3.500ms
[704.676s][info][gc             ] GC(175) Concurrent Mark Cycle 771.561ms
.....|............................................................ (rIR:aIR:PR = 277:277:277) (tPR = 4115) [OK] 
   769s: Performance info:
         Transaction,    Success,    Partial,     Failed,   Receipts, AvgBarcode, 
             Overall,      16642,          0,          0,      15806,      59.49, 
         Response times:
             Request,    Success,    Partial,     Failed,   SkipFail,     Probes,    Samples,      min,      p50,      p90,      p95,      p99,      max, 
       TotalPurchase,      15806,          0,          0,          0,      14908,      16900,      300,      500,      800,      800,     1000,     1500,
     InStorePurchase,       8324,          0,          0,          0,       7929,       8915,      300,      500,      700,      800,     1000,     1500,
      OnlinePurchase,       5817,          0,          0,          0,       5508,       6205,      300,      500,      800,      900,     1000,     1500,
        InstPurchase,       1665,          0,          0,          0,       1471,       1780,      400,      500,      700,      800,     1000,     1200,
          AssocOfCat,         18,          0,          0,          0,         17,         17,    19500,    24000,    27600,    30000,    30000,    30000,
      AssocOfProduct,        165,          0,          0,          0,        113,        168,      400,      800,     1000,     1100,     1200,     1200,
      BusinessReport,         43,          0,          0,          0,         39,         44,    21000,    27000,    31500,    35750,    45000,    45000,
          CustBuyBeh,        166,          0,          0,          0,        119,        176,      200,      400,      700,      800,     1038,     1500,
       ProductReturn,        444,          0,          0,          0,        358,        457,      200,      300,      600,      700,      800,      800,

   769s: ( 3%)   IR =    415 .[770.975s][info][gc,start       ] GC(176) Pause Young (Prepare Mixed) (G1 Evacuation Pause)
[770.975s][info][gc,task        ] GC(176) Using 6 workers of 6 for evacuation
[771.094s][info][gc,phases      ] GC(176)   Pre Evacuate Collection Set: 0.37ms
[771.094s][info][gc,phases      ] GC(176)   Merge Heap Roots: 0.62ms
[771.094s][info][gc,phases      ] GC(176)   Evacuate Collection Set: 116.52ms
[771.094s][info][gc,phases      ] GC(176)   Post Evacuate Collection Set: 1.01ms
[771.094s][info][gc,phases      ] GC(176)   Other: 0.09ms
[771.094s][info][gc,heap        ] GC(176) Eden regions: 1121->0(1121)
[771.094s][info][gc,heap        ] GC(176) Survivor regions: 107->107(154)
[771.094s][info][gc,heap        ] GC(176) Old regions: 495->527
[771.094s][info][gc,heap        ] GC(176) Humongous regions: 77->77
[771.094s][info][gc,metaspace   ] GC(176) Metaspace: 28911K(29184K)->28911K(29184K) NonClass: 24027K(24128K)->24027K(24128K) Class: 4883K(5056K)->4883K(5056K)
[771.094s][info][gc             ] GC(176) Pause Young (Prepare Mixed) (G1 Evacuation Pause) 3597M->1419M(4096M) 118.751ms
[771.094s][info][gc,cpu         ] GC(176) User=0.70s Sys=0.00s Real=0.12s
...|..........................................[815.755s][info][gc,start       ] GC(177) Pause Young (Mixed) (G1 Evacuation Pause)
[815.755s][info][gc,task        ] GC(177) Using 6 workers of 6 for evacuation
[815.888s][info][gc,phases      ] GC(177)   Pre Evacuate Collection Set: 0.43ms
[815.888s][info][gc,phases      ] GC(177)   Merge Heap Roots: 0.74ms
[815.888s][info][gc,phases      ] GC(177)   Evacuate Collection Set: 131.00ms
[815.888s][info][gc,phases      ] GC(177)   Post Evacuate Collection Set: 1.02ms
[815.888s][info][gc,phases      ] GC(177)   Other: 0.10ms
[815.888s][info][gc,heap        ] GC(177) Eden regions: 1121->0(1120)
[815.888s][info][gc,heap        ] GC(177) Survivor regions: 107->108(154)
[815.888s][info][gc,heap        ] GC(177) Old regions: 527->462
[815.888s][info][gc,heap        ] GC(177) Humongous regions: 77->77
[815.888s][info][gc,metaspace   ] GC(177) Metaspace: 28915K(29184K)->28915K(29184K) NonClass: 24031K(24128K)->24031K(24128K) Class: 4883K(5056K)->4883K(5056K)
[815.888s][info][gc             ] GC(177) Pause Young (Mixed) (G1 Evacuation Pause) 3661M->1292M(4096M) 133.430ms
[815.888s][info][gc,cpu         ] GC(177) User=0.79s Sys=0.00s Real=0.13s
.................. (rIR:aIR:PR = 415:415:415) (tPR = 6229) [OK] 
   833s: Performance info:
         Transaction,    Success,    Partial,     Failed,   Receipts, AvgBarcode, 
             Overall,      24935,          0,          0,      23687,      59.50, 
         Response times:
             Request,    Success,    Partial,     Failed,   SkipFail,     Probes,    Samples,      min,      p50,      p90,      p95,      p99,      max, 
       TotalPurchase,      23687,          0,          0,          0,      22593,      25137,      300,      600,     1000,     1100,     1300,   120000,
     InStorePurchase,      12482,          0,          0,          0,      12038,      13193,      300,      600,     1000,     1100,     1300,     4000,
      OnlinePurchase,       8712,          0,          0,          0,       8277,       9343,      300,      600,      900,     1000,     1200,   120000,
        InstPurchase,       2493,          0,          0,          0,       2278,       2601,      400,      700,     1000,     1100,     1398,   120000,
          AssocOfCat,         27,          0,          0,          0,         22,         26,    17600,    22000,    25300,    26000,    26000,    26000,
      AssocOfProduct,        250,          0,          0,          0,        195,        264,      500,      900,     1200,     1300,     2435,     4000,
      BusinessReport,         62,          0,          0,          0,         58,         65,    18700,    25000,    30000,    31700,    39000,    39000,
          CustBuyBeh,        249,          0,          0,          0,        199,        280,      200,      600,      900,     1000,     1200,     1300,
       ProductReturn,        660,          0,          0,          0,        571,        710,      200,      600,      900,     1000,     1300,     3100,

   833s: ( 4%)   IR =    553 ......|..............[854.142s][info][gc,start       ] GC(178) Pause Young (Concurrent Start) (G1 Evacuation Pause)
[854.142s][info][gc,task        ] GC(178) Using 6 workers of 6 for evacuation
[854.260s][info][gc,phases      ] GC(178)   Pre Evacuate Collection Set: 0.43ms
[854.260s][info][gc,phases      ] GC(178)   Merge Heap Roots: 0.49ms
[854.260s][info][gc,phases      ] GC(178)   Evacuate Collection Set: 115.80ms
[854.260s][info][gc,phases      ] GC(178)   Post Evacuate Collection Set: 0.94ms
[854.260s][info][gc,phases      ] GC(178)   Other: 0.12ms
[854.260s][info][gc,heap        ] GC(178) Eden regions: 1120->0(1120)
[854.260s][info][gc,heap        ] GC(178) Survivor regions: 108->108(154)
[854.260s][info][gc,heap        ] GC(178) Old regions: 462->495
[854.260s][info][gc,heap        ] GC(178) Humongous regions: 77->77
[854.260s][info][gc,metaspace   ] GC(178) Metaspace: 28917K(29184K)->28917K(29184K) NonClass: 24034K(24128K)->24034K(24128K) Class: 4883K(5056K)->4883K(5056K)
[854.260s][info][gc             ] GC(178) Pause Young (Concurrent Start) (G1 Evacuation Pause) 3532M->1358M(4096M) 117.925ms
[854.260s][info][gc             ] GC(179) Concurrent Mark Cycle
[854.260s][info][gc,marking     ] GC(179) Concurrent Scan Root Regions
[854.260s][info][gc,cpu         ] GC(178) User=0.70s Sys=0.00s Real=0.11s
[854.366s][info][gc,marking     ] GC(179) Concurrent Scan Root Regions 106.286ms
[854.366s][info][gc,marking     ] GC(179) Concurrent Mark
[854.366s][info][gc,marking     ] GC(179) Concurrent Mark From Roots
[854.366s][info][gc,task        ] GC(179) Using 2 workers of 2 for marking
.[854.852s][info][gc,marking     ] GC(179) Concurrent Mark From Roots 486.131ms
[854.853s][info][gc,marking     ] GC(179) Concurrent Preclean
[854.853s][info][gc,marking     ] GC(179) Concurrent Preclean 0.053ms
[854.853s][info][gc,start       ] GC(179) Pause Remark
[854.855s][info][gc             ] GC(179) Pause Remark 1400M->1400M(4096M) 2.156ms
[854.855s][info][gc,cpu         ] GC(179) User=0.01s Sys=0.00s Real=0.00s
[854.855s][info][gc,marking     ] GC(179) Concurrent Mark 488.609ms
[854.855s][info][gc,marking     ] GC(179) Concurrent Rebuild Remembered Sets and Scrub Regions
[855.053s][info][gc,marking     ] GC(179) Concurrent Rebuild Remembered Sets and Scrub Regions 198.407ms
[855.054s][info][gc,start       ] GC(179) Pause Cleanup
[855.054s][info][gc             ] GC(179) Pause Cleanup 1413M->1413M(4096M) 0.115ms
[855.054s][info][gc,cpu         ] GC(179) User=0.00s Sys=0.00s Real=0.00s
[855.054s][info][gc,marking     ] GC(179) Concurrent Clear Claimed Marks
[855.054s][info][gc,marking     ] GC(179) Concurrent Clear Claimed Marks 0.029ms
[855.054s][info][gc,marking     ] GC(179) Concurrent Cleanup for Next Mark
[855.057s][info][gc,marking     ] GC(179) Concurrent Cleanup for Next Mark 3.298ms
[855.057s][info][gc             ] GC(179) Concurrent Mark Cycle 797.072ms
.................................[888.199s][info][gc,start       ] GC(180) Pause Young (Prepare Mixed) (G1 Evacuation Pause)
[888.199s][info][gc,task        ] GC(180) Using 6 workers of 6 for evacuation
[888.315s][info][gc,phases      ] GC(180)   Pre Evacuate Collection Set: 0.38ms
[888.315s][info][gc,phases      ] GC(180)   Merge Heap Roots: 0.57ms
[888.315s][info][gc,phases      ] GC(180)   Evacuate Collection Set: 114.81ms
[888.315s][info][gc,phases      ] GC(180)   Post Evacuate Collection Set: 0.98ms
[888.315s][info][gc,phases      ] GC(180)   Other: 0.09ms
[888.315s][info][gc,heap        ] GC(180) Eden regions: 1120->0(1120)
[888.315s][info][gc,heap        ] GC(180) Survivor regions: 108->108(154)
[888.315s][info][gc,heap        ] GC(180) Old regions: 495->526
[888.315s][info][gc,heap        ] GC(180) Humongous regions: 77->77
[888.315s][info][gc,metaspace   ] GC(180) Metaspace: 28920K(29184K)->28920K(29184K) NonClass: 24036K(24128K)->24036K(24128K) Class: 4883K(5056K)->4883K(5056K)
[888.316s][info][gc             ] GC(180) Pause Young (Prepare Mixed) (G1 Evacuation Pause) 3598M->1420M(4096M) 116.966ms
[888.316s][info][gc,cpu         ] GC(180) User=0.69s Sys=0.00s Real=0.12s
............ (rIR:aIR:PR = 553:553:553) (tPR = 8235) [OK] 
   899s: Performance info:
         Transaction,    Success,    Partial,     Failed,   Receipts, AvgBarcode, 
             Overall,      33210,          0,          0,      31551,      59.48, 
         Response times:
             Request,    Success,    Partial,     Failed,   SkipFail,     Probes,    Samples,      min,      p50,      p90,      p95,      p99,      max, 
       TotalPurchase,      31551,          0,          0,          0,      30205,      34108,      300,      800,     1100,     1200,     1600,   119000,
     InStorePurchase,      16607,          0,          0,          0,      16083,      18100,      300,      700,     1100,     1200,     1500,     5800,
      OnlinePurchase,      11633,          0,          0,          0,      11038,      12404,      300,      800,     1100,     1200,     1600,   119000,
        InstPurchase,       3311,          0,          0,          0,       3084,       3604,      400,      800,     1100,     1300,     1600,     5500,
          AssocOfCat,         35,          0,          0,          0,         32,         36,    17400,    23000,    28300,    29750,    34000,    34000,
      AssocOfProduct,        333,          0,          0,          0,        249,        350,      500,      900,     1200,     1300,     3713,   119000,
      BusinessReport,         82,          0,          0,          0,         80,         90,    19400,    25000,    30000,    32000,    33000,    33000,
          CustBuyBeh,        330,          0,          0,          0,        256,        369,      200,      800,     1100,     1200,     1330,     1500,
       ProductReturn,        879,          0,          0,          0,        784,       1000,      200,      800,     1100,     1200,     1699,     4300,

   899s: ( 5%)   IR =    692 ....|..............[917.897s][info][gc,start       ] GC(181) Pause Young (Mixed) (G1 Evacuation Pause)
[917.897s][info][gc,task        ] GC(181) Using 6 workers of 6 for evacuation
[918.031s][info][gc,phases      ] GC(181)   Pre Evacuate Collection Set: 0.44ms
[918.031s][info][gc,phases      ] GC(181)   Merge Heap Roots: 0.77ms
[918.031s][info][gc,phases      ] GC(181)   Evacuate Collection Set: 131.52ms
[918.031s][info][gc,phases      ] GC(181)   Post Evacuate Collection Set: 1.01ms
[918.031s][info][gc,phases      ] GC(181)   Other: 0.10ms
[918.031s][info][gc,heap        ] GC(181) Eden regions: 1120->0(1120)
[918.031s][info][gc,heap        ] GC(181) Survivor regions: 108->108(154)
[918.031s][info][gc,heap        ] GC(181) Old regions: 526->461
[918.031s][info][gc,heap        ] GC(181) Humongous regions: 77->77
[918.031s][info][gc,metaspace   ] GC(181) Metaspace: 28924K(29184K)->28924K(29184K) NonClass: 24040K(24128K)->24040K(24128K) Class: 4883K(5056K)->4883K(5056K)
[918.031s][info][gc             ] GC(181) Pause Young (Mixed) (G1 Evacuation Pause) 3660M->1289M(4096M) 133.970ms
[918.031s][info][gc,cpu         ] GC(181) User=0.79s Sys=0.00s Real=0.13s
...........................[945.281s][info][gc,start       ] GC(182) Pause Young (Concurrent Start) (G1 Evacuation Pause)
[945.281s][info][gc,task        ] GC(182) Using 6 workers of 6 for evacuation
[945.399s][info][gc,phases      ] GC(182)   Pre Evacuate Collection Set: 0.45ms
[945.399s][info][gc,phases      ] GC(182)   Merge Heap Roots: 0.50ms
[945.399s][info][gc,phases      ] GC(182)   Evacuate Collection Set: 115.84ms
[945.399s][info][gc,phases      ] GC(182)   Post Evacuate Collection Set: 0.92ms
[945.399s][info][gc,phases      ] GC(182)   Other: 0.12ms
[945.399s][info][gc,heap        ] GC(182) Eden regions: 1120->0(1119)
[945.399s][info][gc,heap        ] GC(182) Survivor regions: 108->109(154)
[945.399s][info][gc,heap        ] GC(182) Old regions: 461->493
[945.399s][info][gc,heap        ] GC(182) Humongous regions: 77->77
[945.399s][info][gc,metaspace   ] GC(182) Metaspace: 28925K(29184K)->28925K(29184K) NonClass: 24042K(24128K)->24042K(24128K) Class: 4883K(5056K)->4883K(5056K)
[945.399s][info][gc             ] GC(182) Pause Young (Concurrent Start) (G1 Evacuation Pause) 3529M->1355M(4096M) 117.953ms
[945.399s][info][gc             ] GC(183) Concurrent Mark Cycle
[945.399s][info][gc,marking     ] GC(183) Concurrent Scan Root Regions
[945.399s][info][gc,cpu         ] GC(182) User=0.70s Sys=0.00s Real=0.12s
[945.506s][info][gc,marking     ] GC(183) Concurrent Scan Root Regions 107.449ms
[945.506s][info][gc,marking     ] GC(183) Concurrent Mark
[945.506s][info][gc,marking     ] GC(183) Concurrent Mark From Roots
[945.506s][info][gc,task        ] GC(183) Using 2 workers of 2 for marking
.[946.017s][info][gc,marking     ] GC(183) Concurrent Mark From Roots 510.740ms
[946.017s][info][gc,marking     ] GC(183) Concurrent Preclean
[946.017s][info][gc,marking     ] GC(183) Concurrent Preclean 0.058ms
[946.017s][info][gc,start       ] GC(183) Pause Remark
[946.019s][info][gc             ] GC(183) Pause Remark 1430M->1430M(4096M) 2.211ms
[946.019s][info][gc,cpu         ] GC(183) User=0.01s Sys=0.00s Real=0.00s
[946.019s][info][gc,marking     ] GC(183) Concurrent Mark 513.287ms
[946.019s][info][gc,marking     ] GC(183) Concurrent Rebuild Remembered Sets and Scrub Regions
[946.215s][info][gc,marking     ] GC(183) Concurrent Rebuild Remembered Sets and Scrub Regions 195.570ms
[946.215s][info][gc,start       ] GC(183) Pause Cleanup
[946.215s][info][gc             ] GC(183) Pause Cleanup 1443M->1443M(4096M) 0.126ms
[946.215s][info][gc,cpu         ] GC(183) User=0.00s Sys=0.00s Real=0.00s
[946.215s][info][gc,marking     ] GC(183) Concurrent Clear Claimed Marks
[946.215s][info][gc,marking     ] GC(183) Concurrent Clear Claimed Marks 0.034ms
[946.215s][info][gc,marking     ] GC(183) Concurrent Cleanup for Next Mark
[946.219s][info][gc,marking     ] GC(183) Concurrent Cleanup for Next Mark 3.222ms
[946.219s][info][gc             ] GC(183) Concurrent Mark Cycle 820.037ms
.................. (rIR:aIR:PR = 692:692:692) (tPR = 10166) [OK] 
   963s: Performance info:
         Transaction,    Success,    Partial,     Failed,   Receipts, AvgBarcode, 
             Overall,      41533,          0,          0,      39457,      59.46, 
         Response times:
             Request,    Success,    Partial,     Failed,   SkipFail,     Probes,    Samples,      min,      p50,      p90,      p95,      p99,      max, 
       TotalPurchase,      39457,          0,          0,          0,      37835,      41388,      300,      900,     1300,     1400,     1800,   137000,
     InStorePurchase,      20775,          0,          0,          0,      20105,      21934,      300,      800,     1300,     1400,     1800,   137000,
      OnlinePurchase,      14527,          0,          0,          0,      13867,      15116,      300,      900,     1300,     1400,     1800,   136000,
        InstPurchase,       4155,          0,          0,          0,       3863,       4338,      400,      900,     1300,     1400,     1800,   136000,
          AssocOfCat,         43,          0,          0,          0,         41,         44,    18000,    23000,    26500,    31750,    56000,    56000,
      AssocOfProduct,        412,          0,          0,          0,        349,        451,      500,     1000,     1400,     1540,     1900,     2700,
      BusinessReport,        105,          0,          0,          0,         99,        110,    19500,    25000,    30000,    32450,    61020,    63000,
          CustBuyBeh,        417,          0,          0,          0,        341,        437,      200,      600,     1100,     1200,     1500,     4100,
       ProductReturn,       1099,          0,          0,          0,        946,       1112,      200,      900,     1300,     1400,     1700,     5400,

   963s: ( 6%)   IR =    830 .....|..[971.231s][info][gc,start       ] GC(184) Pause Young (Prepare Mixed) (G1 Evacuation Pause)
[971.231s][info][gc,task        ] GC(184) Using 6 workers of 6 for evacuation
[971.348s][info][gc,phases      ] GC(184)   Pre Evacuate Collection Set: 0.34ms
[971.349s][info][gc,phases      ] GC(184)   Merge Heap Roots: 0.51ms
[971.349s][info][gc,phases      ] GC(184)   Evacuate Collection Set: 115.67ms
[971.349s][info][gc,phases      ] GC(184)   Post Evacuate Collection Set: 0.96ms
[971.349s][info][gc,phases      ] GC(184)   Other: 0.09ms
[971.349s][info][gc,heap        ] GC(184) Eden regions: 1119->0(1118)
[971.349s][info][gc,heap        ] GC(184) Survivor regions: 109->110(154)
[971.349s][info][gc,heap        ] GC(184) Old regions: 493->524
[971.349s][info][gc,heap        ] GC(184) Humongous regions: 77->77
[971.349s][info][gc,metaspace   ] GC(184) Metaspace: 28930K(29184K)->28930K(29184K) NonClass: 24046K(24128K)->24046K(24128K) Class: 4883K(5056K)->4883K(5056K)
[971.349s][info][gc             ] GC(184) Pause Young (Prepare Mixed) (G1 Evacuation Pause) 3593M->1420M(4096M) 117.700ms
[971.349s][info][gc,cpu         ] GC(184) User=0.70s Sys=0.00s Real=0.12s
.......................[994.163s][info][gc,start       ] GC(185) Pause Young (Mixed) (G1 Evacuation Pause)
[994.163s][info][gc,task        ] GC(185) Using 6 workers of 6 for evacuation
[994.297s][info][gc,phases      ] GC(185)   Pre Evacuate Collection Set: 0.43ms
[994.297s][info][gc,phases      ] GC(185)   Merge Heap Roots: 0.67ms
[994.297s][info][gc,phases      ] GC(185)   Evacuate Collection Set: 131.76ms
[994.297s][info][gc,phases      ] GC(185)   Post Evacuate Collection Set: 1.04ms
[994.297s][info][gc,phases      ] GC(185)   Other: 0.09ms
[994.297s][info][gc,heap        ] GC(185) Eden regions: 1118->0(1118)
[994.297s][info][gc,heap        ] GC(185) Survivor regions: 110->110(154)
[994.297s][info][gc,heap        ] GC(185) Old regions: 524->462
[994.297s][info][gc,heap        ] GC(185) Humongous regions: 77->77
[994.297s][info][gc,metaspace   ] GC(185) Metaspace: 28934K(29184K)->28934K(29184K) NonClass: 24051K(24128K)->24051K(24128K) Class: 4883K(5056K)->4883K(5056K)
[994.297s][info][gc             ] GC(185) Pause Young (Mixed) (G1 Evacuation Pause) 3656M->1294M(4096M) 134.136ms
[994.297s][info][gc,cpu         ] GC(185) User=0.79s Sys=0.00s Real=0.13s
.......................[1017.272s][info][gc,start       ] GC(186) Pause Young (Concurrent Start) (G1 Evacuation Pause)
[1017.272s][info][gc,task        ] GC(186) Using 6 workers of 6 for evacuation
[1017.392s][info][gc,phases      ] GC(186)   Pre Evacuate Collection Set: 0.42ms
[1017.392s][info][gc,phases      ] GC(186)   Merge Heap Roots: 0.49ms
[1017.392s][info][gc,phases      ] GC(186)   Evacuate Collection Set: 117.93ms
[1017.392s][info][gc,phases      ] GC(186)   Post Evacuate Collection Set: 0.94ms
[1017.392s][info][gc,phases      ] GC(186)   Other: 0.11ms
[1017.392s][info][gc,heap        ] GC(186) Eden regions: 1118->0(1118)
[1017.392s][info][gc,heap        ] GC(186) Survivor regions: 110->110(154)
[1017.392s][info][gc,heap        ] GC(186) Old regions: 462->494
[1017.392s][info][gc,heap        ] GC(186) Humongous regions: 77->77
[1017.392s][info][gc,metaspace   ] GC(186) Metaspace: 28934K(29184K)->28934K(29184K) NonClass: 24051K(24128K)->24051K(24128K) Class: 4883K(5056K)->4883K(5056K)
[1017.392s][info][gc             ] GC(186) Pause Young (Concurrent Start) (G1 Evacuation Pause) 3530M->1359M(4096M) 120.028ms
[1017.392s][info][gc             ] GC(187) Concurrent Mark Cycle
[1017.392s][info][gc,marking     ] GC(187) Concurrent Scan Root Regions
[1017.392s][info][gc,cpu         ] GC(186) User=0.70s Sys=0.00s Real=0.12s
[1017.503s][info][gc,marking     ] GC(187) Concurrent Scan Root Regions 111.238ms
[1017.503s][info][gc,marking     ] GC(187) Concurrent Mark
[1017.503s][info][gc,marking     ] GC(187) Concurrent Mark From Roots
[1017.503s][info][gc,task        ] GC(187) Using 2 workers of 2 for marking
.[1018.013s][info][gc,marking     ] GC(187) Concurrent Mark From Roots 509.519ms
[1018.013s][info][gc,marking     ] GC(187) Concurrent Preclean
[1018.013s][info][gc,marking     ] GC(187) Concurrent Preclean 0.065ms
[1018.013s][info][gc,start       ] GC(187) Pause Remark
[1018.015s][info][gc             ] GC(187) Pause Remark 1428M->1428M(4096M) 2.344ms
[1018.015s][info][gc,cpu         ] GC(187) User=0.00s Sys=0.00s Real=0.00s
[1018.015s][info][gc,marking     ] GC(187) Concurrent Mark 512.228ms
[1018.015s][info][gc,marking     ] GC(187) Concurrent Rebuild Remembered Sets and Scrub Regions
[1018.210s][info][gc,marking     ] GC(187) Concurrent Rebuild Remembered Sets and Scrub Regions 194.355ms
[1018.210s][info][gc,start       ] GC(187) Pause Cleanup
[1018.210s][info][gc             ] GC(187) Pause Cleanup 1444M->1444M(4096M) 0.111ms
[1018.210s][info][gc,cpu         ] GC(187) User=0.00s Sys=0.00s Real=0.00s
[1018.210s][info][gc,marking     ] GC(187) Concurrent Clear Claimed Marks
[1018.210s][info][gc,marking     ] GC(187) Concurrent Clear Claimed Marks 0.028ms
[1018.210s][info][gc,marking     ] GC(187) Concurrent Cleanup for Next Mark
[1018.213s][info][gc,marking     ] GC(187) Concurrent Cleanup for Next Mark 3.404ms
[1018.213s][info][gc             ] GC(187) Concurrent Mark Cycle 821.684ms
........... (rIR:aIR:PR = 830:829:829) (tPR = 12124) [OK] 
  1028s: Performance info:
         Transaction,    Success,    Partial,     Failed,   Receipts, AvgBarcode, 
             Overall,      49794,          0,          0,      47309,      59.47, 
         Response times:
             Request,    Success,    Partial,     Failed,   SkipFail,     Probes,    Samples,      min,      p50,      p90,      p95,      p99,      max, 
       TotalPurchase,      47309,          0,          0,          0,      45549,      50554,      300,     1000,     1400,     1600,     2100,   137000,
     InStorePurchase,      24914,          0,          0,          0,      24207,      26735,      300,      900,     1400,     1500,     2000,   137000,
      OnlinePurchase,      17404,          0,          0,          0,      16725,      18568,      300,     1000,     1500,     1600,     2200,   137000,
        InstPurchase,       4991,          0,          0,          0,       4617,       5251,      400,     1100,     1600,     1700,     2300,   137000,
          AssocOfCat,         50,          0,          0,          0,         47,         54,    17900,    22000,    25500,    28250,    32000,    32000,
      AssocOfProduct,        494,          0,          0,          0,        414,        538,      500,     1100,     1500,     1700,     4598,     7500,
      BusinessReport,        123,          0,          0,          0,         95,        151,    19200,    26000,    31000,    32000,    36960,    38000,
          CustBuyBeh,        500,          0,          0,          0,        409,        516,      200,      800,     1300,     1400,     2200,   135000,
       ProductReturn,       1318,          0,          0,          0,       1167,       1385,      200,      800,     1300,     1400,     1914,   122000,

  1028s: ( 7%)   IR =    969 .....|....[1038.541s][info][gc,start       ] GC(188) Pause Young (Prepare Mixed) (G1 Evacuation Pause)
[1038.541s][info][gc,task        ] GC(188) Using 6 workers of 6 for evacuation
[1038.657s][info][gc,phases      ] GC(188)   Pre Evacuate Collection Set: 0.38ms
[1038.657s][info][gc,phases      ] GC(188)   Merge Heap Roots: 0.53ms
[1038.657s][info][gc,phases      ] GC(188)   Evacuate Collection Set: 114.60ms
[1038.657s][info][gc,phases      ] GC(188)   Post Evacuate Collection Set: 0.99ms
[1038.657s][info][gc,phases      ] GC(188)   Other: 0.10ms
[1038.657s][info][gc,heap        ] GC(188) Eden regions: 1118->0(1120)
[1038.657s][info][gc,heap        ] GC(188) Survivor regions: 110->108(154)
[1038.657s][info][gc,heap        ] GC(188) Old regions: 494->527
[1038.657s][info][gc,heap        ] GC(188) Humongous regions: 77->77
[1038.657s][info][gc,metaspace   ] GC(188) Metaspace: 28936K(29248K)->28936K(29248K) NonClass: 24052K(24192K)->24052K(24192K) Class: 4883K(5056K)->4883K(5056K)
[1038.657s][info][gc             ] GC(188) Pause Young (Prepare Mixed) (G1 Evacuation Pause) 3595M->1421M(4096M) 116.733ms
[1038.657s][info][gc,cpu         ] GC(188) User=0.69s Sys=0.00s Real=0.12s
....................[1058.339s][info][gc,start       ] GC(189) Pause Young (Mixed) (G1 Evacuation Pause)
[1058.339s][info][gc,task        ] GC(189) Using 6 workers of 6 for evacuation
[1058.470s][info][gc,phases      ] GC(189)   Pre Evacuate Collection Set: 0.44ms
[1058.470s][info][gc,phases      ] GC(189)   Merge Heap Roots: 0.62ms
[1058.470s][info][gc,phases      ] GC(189)   Evacuate Collection Set: 128.52ms
[1058.470s][info][gc,phases      ] GC(189)   Post Evacuate Collection Set: 0.96ms
[1058.470s][info][gc,phases      ] GC(189)   Other: 0.09ms
[1058.470s][info][gc,heap        ] GC(189) Eden regions: 1120->0(1119)
[1058.470s][info][gc,heap        ] GC(189) Survivor regions: 108->109(154)
[1058.470s][info][gc,heap        ] GC(189) Old regions: 527->465
[1058.470s][info][gc,heap        ] GC(189) Humongous regions: 77->77
[1058.470s][info][gc,metaspace   ] GC(189) Metaspace: 28936K(29248K)->28936K(29248K) NonClass: 24052K(24192K)->24052K(24192K) Class: 4883K(5056K)->4883K(5056K)
[1058.470s][info][gc             ] GC(189) Pause Young (Mixed) (G1 Evacuation Pause) 3661M->1299M(4096M) 130.792ms
[1058.470s][info][gc,cpu         ] GC(189) User=0.78s Sys=0.00s Real=0.13s
....................[1078.071s][info][gc,start       ] GC(190) Pause Young (Concurrent Start) (G1 Evacuation Pause)
[1078.071s][info][gc,task        ] GC(190) Using 6 workers of 6 for evacuation
[1078.187s][info][gc,phases      ] GC(190)   Pre Evacuate Collection Set: 0.38ms
[1078.187s][info][gc,phases      ] GC(190)   Merge Heap Roots: 0.46ms
[1078.187s][info][gc,phases      ] GC(190)   Evacuate Collection Set: 113.92ms
[1078.187s][info][gc,phases      ] GC(190)   Post Evacuate Collection Set: 0.90ms
[1078.187s][info][gc,phases      ] GC(190)   Other: 0.10ms
[1078.187s][info][gc,heap        ] GC(190) Eden regions: 1119->0(1119)
[1078.187s][info][gc,heap        ] GC(190) Survivor regions: 109->109(154)
[1078.187s][info][gc,heap        ] GC(190) Old regions: 465->497
[1078.187s][info][gc,heap        ] GC(190) Humongous regions: 77->77
[1078.187s][info][gc,metaspace   ] GC(190) Metaspace: 28936K(29248K)->28936K(29248K) NonClass: 24052K(24192K)->24052K(24192K) Class: 4883K(5056K)->4883K(5056K)
[1078.187s][info][gc             ] GC(190) Pause Young (Concurrent Start) (G1 Evacuation Pause) 3537M->1362M(4096M) 115.878ms
[1078.187s][info][gc             ] GC(191) Concurrent Mark Cycle
[1078.187s][info][gc,marking     ] GC(191) Concurrent Scan Root Regions
[1078.187s][info][gc,cpu         ] GC(190) User=0.68s Sys=0.00s Real=0.12s
[1078.313s][info][gc,marking     ] GC(191) Concurrent Scan Root Regions 126.373ms
[1078.313s][info][gc,marking     ] GC(191) Concurrent Mark
[1078.313s][info][gc,marking     ] GC(191) Concurrent Mark From Roots
[1078.313s][info][gc,task        ] GC(191) Using 2 workers of 2 for marking
.[1078.817s][info][gc,marking     ] GC(191) Concurrent Mark From Roots 504.294ms
[1078.817s][info][gc,marking     ] GC(191) Concurrent Preclean
[1078.818s][info][gc,marking     ] GC(191) Concurrent Preclean 0.056ms
[1078.818s][info][gc,start       ] GC(191) Pause Remark
[1078.820s][info][gc             ] GC(191) Pause Remark 1441M->1441M(4096M) 2.356ms
[1078.820s][info][gc,cpu         ] GC(191) User=0.01s Sys=0.00s Real=0.00s
[1078.820s][info][gc,marking     ] GC(191) Concurrent Mark 506.977ms
[1078.820s][info][gc,marking     ] GC(191) Concurrent Rebuild Remembered Sets and Scrub Regions
[1079.015s][info][gc,marking     ] GC(191) Concurrent Rebuild Remembered Sets and Scrub Regions 194.959ms
[1079.015s][info][gc,start       ] GC(191) Pause Cleanup
[1079.015s][info][gc             ] GC(191) Pause Cleanup 1462M->1462M(4096M) 0.107ms
[1079.015s][info][gc,cpu         ] GC(191) User=0.00s Sys=0.00s Real=0.00s
[1079.015s][info][gc,marking     ] GC(191) Concurrent Clear Claimed Marks
[1079.015s][info][gc,marking     ] GC(191) Concurrent Clear Claimed Marks 0.033ms
[1079.015s][info][gc,marking     ] GC(191) Concurrent Cleanup for Next Mark
[1079.019s][info][gc,marking     ] GC(191) Concurrent Cleanup for Next Mark 3.176ms
[1079.019s][info][gc             ] GC(191) Concurrent Mark Cycle 831.973ms
............... (rIR:aIR:PR = 969:969:969) (tPR = 14510) [OK] 
  1093s: Performance info:
         Transaction,    Success,    Partial,     Failed,   Receipts, AvgBarcode, 
             Overall,      58276,          0,          0,      55362,      59.48, 
         Response times:
             Request,    Success,    Partial,     Failed,   SkipFail,     Probes,    Samples,      min,      p50,      p90,      p95,      p99,      max, 
       TotalPurchase,      55362,          0,          0,          0,      53615,      59435,      300,     1100,     1600,     1800,     2300,   134000,
     InStorePurchase,      29153,          0,          0,          0,      28251,      31102,      300,     1100,     1600,     1800,     2300,   134000,
      OnlinePurchase,      20389,          0,          0,          0,      19849,      22017,      300,     1100,     1600,     1800,     2300,   132000,
        InstPurchase,       5820,          0,          0,          0,       5515,       6316,      400,     1100,     1600,     1800,     2400,   134000,
          AssocOfCat,         58,          0,          0,          0,         56,         62,    17300,    23000,    26000,    27000,    61000,    61000,
      AssocOfProduct,        582,          0,          0,          0,        498,        630,      500,     1200,     1600,     1845,     4383,    11200,
      BusinessReport,        145,          0,          0,          0,        106,        157,    18500,    26000,    31000,    33100,    41940,    46000,
          CustBuyBeh,        581,          0,          0,          0,        490,        662,      200,      700,     1300,     1400,     2337,   118000,
       ProductReturn,       1547,          0,          0,          0,       1365,       1605,      200,      700,     1300,     1500,     2094,     3100,

  1093s: ( 8%)   IR =   1107 ...[1097.317s][info][gc,start       ] GC(192) Pause Young (Prepare Mixed) (G1 Evacuation Pause)
[1097.317s][info][gc,task        ] GC(192) Using 6 workers of 6 for evacuation
[1097.434s][info][gc,phases      ] GC(192)   Pre Evacuate Collection Set: 0.35ms
[1097.434s][info][gc,phases      ] GC(192)   Merge Heap Roots: 0.50ms
[1097.434s][info][gc,phases      ] GC(192)   Evacuate Collection Set: 114.67ms
[1097.434s][info][gc,phases      ] GC(192)   Post Evacuate Collection Set: 0.96ms
[1097.434s][info][gc,phases      ] GC(192)   Other: 0.08ms
[1097.434s][info][gc,heap        ] GC(192) Eden regions: 1119->0(1119)
[1097.434s][info][gc,heap        ] GC(192) Survivor regions: 109->109(154)
[1097.434s][info][gc,heap        ] GC(192) Old regions: 497->529
[1097.434s][info][gc,heap        ] GC(192) Humongous regions: 77->77
[1097.434s][info][gc,metaspace   ] GC(192) Metaspace: 28937K(29248K)->28937K(29248K) NonClass: 24053K(24192K)->24053K(24192K) Class: 4883K(5056K)->4883K(5056K)
[1097.434s][info][gc             ] GC(192) Pause Young (Prepare Mixed) (G1 Evacuation Pause) 3600M->1427M(4096M) 116.698ms
[1097.434s][info][gc,cpu         ] GC(192) User=0.69s Sys=0.00s Real=0.12s
....|.............[1114.486s][info][gc,start       ] GC(193) Pause Young (Mixed) (G1 Evacuation Pause)
[1114.486s][info][gc,task        ] GC(193) Using 6 workers of 6 for evacuation
[1114.621s][info][gc,phases      ] GC(193)   Pre Evacuate Collection Set: 0.38ms
[1114.621s][info][gc,phases      ] GC(193)   Merge Heap Roots: 0.73ms
[1114.621s][info][gc,phases      ] GC(193)   Evacuate Collection Set: 132.84ms
[1114.621s][info][gc,phases      ] GC(193)   Post Evacuate Collection Set: 0.98ms
[1114.621s][info][gc,phases      ] GC(193)   Other: 0.08ms
[1114.621s][info][gc,heap        ] GC(193) Eden regions: 1119->0(1120)
[1114.621s][info][gc,heap        ] GC(193) Survivor regions: 109->108(154)
[1114.621s][info][gc,heap        ] GC(193) Old regions: 529->463
[1114.621s][info][gc,heap        ] GC(193) Humongous regions: 77->77
[1114.621s][info][gc,metaspace   ] GC(193) Metaspace: 28937K(29248K)->28937K(29248K) NonClass: 24053K(24192K)->24053K(24192K) Class: 4883K(5056K)->4883K(5056K)
[1114.621s][info][gc             ] GC(193) Pause Young (Mixed) (G1 Evacuation Pause) 3665M->1294M(4096M) 135.143ms
[1114.621s][info][gc,cpu         ] GC(193) User=0.79s Sys=0.00s Real=0.13s
..................[1131.833s][info][gc,start       ] GC(194) Pause Young (Concurrent Start) (G1 Evacuation Pause)
[1131.833s][info][gc,task        ] GC(194) Using 6 workers of 6 for evacuation
[1131.951s][info][gc,phases      ] GC(194)   Pre Evacuate Collection Set: 0.39ms
[1131.951s][info][gc,phases      ] GC(194)   Merge Heap Roots: 0.47ms
[1131.951s][info][gc,phases      ] GC(194)   Evacuate Collection Set: 115.43ms
[1131.951s][info][gc,phases      ] GC(194)   Post Evacuate Collection Set: 0.93ms
[1131.951s][info][gc,phases      ] GC(194)   Other: 0.12ms
[1131.951s][info][gc,heap        ] GC(194) Eden regions: 1120->0(1119)
[1131.951s][info][gc,heap        ] GC(194) Survivor regions: 108->109(154)
[1131.951s][info][gc,heap        ] GC(194) Old regions: 463->496
[1131.951s][info][gc,heap        ] GC(194) Humongous regions: 77->77
[1131.951s][info][gc,metaspace   ] GC(194) Metaspace: 28937K(29248K)->28937K(29248K) NonClass: 24053K(24192K)->24053K(24192K) Class: 4883K(5056K)->4883K(5056K)
[1131.951s][info][gc             ] GC(194) Pause Young (Concurrent Start) (G1 Evacuation Pause) 3534M->1360M(4096M) 117.517ms
[1131.951s][info][gc             ] GC(195) Concurrent Mark Cycle
[1131.951s][info][gc,marking     ] GC(195) Concurrent Scan Root Regions
[1131.951s][info][gc,cpu         ] GC(194) User=0.70s Sys=0.00s Real=0.11s
[1132.059s][info][gc,marking     ] GC(195) Concurrent Scan Root Regions 107.834ms
[1132.059s][info][gc,marking     ] GC(195) Concurrent Mark
[1132.059s][info][gc,marking     ] GC(195) Concurrent Mark From Roots
[1132.059s][info][gc,task        ] GC(195) Using 2 workers of 2 for marking
[1132.556s][info][gc,marking     ] GC(195) Concurrent Mark From Roots 496.961ms
[1132.556s][info][gc,marking     ] GC(195) Concurrent Preclean
[1132.556s][info][gc,marking     ] GC(195) Concurrent Preclean 0.064ms
[1132.556s][info][gc,start       ] GC(195) Pause Remark
[1132.558s][info][gc             ] GC(195) Pause Remark 1447M->1447M(4096M) 2.305ms
[1132.558s][info][gc,cpu         ] GC(195) User=0.01s Sys=0.00s Real=0.00s
[1132.558s][info][gc,marking     ] GC(195) Concurrent Mark 499.578ms
[1132.558s][info][gc,marking     ] GC(195) Concurrent Rebuild Remembered Sets and Scrub Regions
.[1132.752s][info][gc,marking     ] GC(195) Concurrent Rebuild Remembered Sets and Scrub Regions 193.412ms
[1132.752s][info][gc,start       ] GC(195) Pause Cleanup
[1132.752s][info][gc             ] GC(195) Pause Cleanup 1464M->1464M(4096M) 0.106ms
[1132.752s][info][gc,cpu         ] GC(195) User=0.00s Sys=0.00s Real=0.00s
[1132.752s][info][gc,marking     ] GC(195) Concurrent Clear Claimed Marks
[1132.752s][info][gc,marking     ] GC(195) Concurrent Clear Claimed Marks 0.031ms
[1132.752s][info][gc,marking     ] GC(195) Concurrent Cleanup for Next Mark
[1132.756s][info][gc,marking     ] GC(195) Concurrent Cleanup for Next Mark 3.753ms
[1132.756s][info][gc             ] GC(195) Concurrent Mark Cycle 805.031ms
................[1149.223s][info][gc,start       ] GC(196) Pause Young (Prepare Mixed) (G1 Evacuation Pause)
[1149.223s][info][gc,task        ] GC(196) Using 6 workers of 6 for evacuation
[1149.340s][info][gc,phases      ] GC(196)   Pre Evacuate Collection Set: 0.39ms
[1149.340s][info][gc,phases      ] GC(196)   Merge Heap Roots: 0.55ms
[1149.340s][info][gc,phases      ] GC(196)   Evacuate Collection Set: 115.12ms
[1149.340s][info][gc,phases      ] GC(196)   Post Evacuate Collection Set: 0.93ms
[1149.340s][info][gc,phases      ] GC(196)   Other: 0.10ms
[1149.340s][info][gc,heap        ] GC(196) Eden regions: 1119->0(1119)
[1149.340s][info][gc,heap        ] GC(196) Survivor regions: 109->109(154)
[1149.340s][info][gc,heap        ] GC(196) Old regions: 496->528
[1149.340s][info][gc,heap        ] GC(196) Humongous regions: 77->77
[1149.340s][info][gc,metaspace   ] GC(196) Metaspace: 28937K(29248K)->28937K(29248K) NonClass: 24053K(24192K)->24053K(24192K) Class: 4883K(5056K)->4883K(5056K)
[1149.340s][info][gc             ] GC(196) Pause Young (Prepare Mixed) (G1 Evacuation Pause) 3598M->1424M(4096M) 117.225ms
[1149.340s][info][gc,cpu         ] GC(196) User=0.69s Sys=0.00s Real=0.11s
............ (rIR:aIR:PR = 1107:1108:1108) (tPR = 16531) [OK] 
  1160s: Performance info:
         Transaction,    Success,    Partial,     Failed,   Receipts, AvgBarcode, 
             Overall,      66505,          0,          0,      63186,      59.48, 
         Response times:
             Request,    Success,    Partial,     Failed,   SkipFail,     Probes,    Samples,      min,      p50,      p90,      p95,      p99,      max, 
       TotalPurchase,      63186,          0,          0,          0,      61014,      69252,      300,     1200,     1800,     1900,     2700,   138000,
     InStorePurchase,      33256,          0,          0,          0,      32225,      36410,      300,     1200,     1700,     1900,     2700,   138000,
      OnlinePurchase,      23279,          0,          0,          0,      22422,      25430,      300,     1200,     1800,     1900,     2700,   138000,
        InstPurchase,       6651,          0,          0,          0,       6367,       7412,      400,     1300,     1800,     2000,     2800,   138000,
          AssocOfCat,         68,          0,          0,          0,         63,         73,    17900,    23000,    27200,    29000,    31000,    31000,
      AssocOfProduct,        666,          0,          0,          0,        542,        735,      400,     1400,     1900,     2100,     2800,    10300,
      BusinessReport,        165,          0,          0,          0,        123,        204,    19900,    26000,    31000,    33000,    36950,    42000,
          CustBuyBeh,        664,          0,          0,          0,        546,        726,      200,     1100,     1600,     1800,     3430,    12400,
       ProductReturn,       1756,          0,          0,          0,       1607,       2002,      200,     1000,     1700,     1800,     2697,    12100,

  1160s: ( 9%)   IR =   1245 .....[1165.970s][info][gc,start       ] GC(197) Pause Young (Mixed) (G1 Evacuation Pause)
[1165.970s][info][gc,task        ] GC(197) Using 6 workers of 6 for evacuation
[1166.099s][info][gc,phases      ] GC(197)   Pre Evacuate Collection Set: 0.41ms
[1166.099s][info][gc,phases      ] GC(197)   Merge Heap Roots: 0.58ms
[1166.099s][info][gc,phases      ] GC(197)   Evacuate Collection Set: 126.81ms
[1166.099s][info][gc,phases      ] GC(197)   Post Evacuate Collection Set: 1.02ms
[1166.099s][info][gc,phases      ] GC(197)   Other: 0.08ms
[1166.099s][info][gc,heap        ] GC(197) Eden regions: 1119->0(1119)
[1166.099s][info][gc,heap        ] GC(197) Survivor regions: 109->109(154)
[1166.099s][info][gc,heap        ] GC(197) Old regions: 528->465
[1166.099s][info][gc,heap        ] GC(197) Humongous regions: 77->77
[1166.099s][info][gc,metaspace   ] GC(197) Metaspace: 28939K(29248K)->28939K(29248K) NonClass: 24055K(24192K)->24055K(24192K) Class: 4883K(5056K)->4883K(5056K)
[1166.099s][info][gc             ] GC(197) Pause Young (Mixed) (G1 Evacuation Pause) 3662M->1299M(4096M) 129.028ms
[1166.099s][info][gc,cpu         ] GC(197) User=0.77s Sys=0.00s Real=0.13s
.|..............[1181.302s][info][gc,start       ] GC(198) Pause Young (Concurrent Start) (G1 Evacuation Pause)
[1181.302s][info][gc,task        ] GC(198) Using 6 workers of 6 for evacuation
[1181.419s][info][gc,phases      ] GC(198)   Pre Evacuate Collection Set: 0.44ms
[1181.419s][info][gc,phases      ] GC(198)   Merge Heap Roots: 0.51ms
[1181.419s][info][gc,phases      ] GC(198)   Evacuate Collection Set: 114.51ms
[1181.419s][info][gc,phases      ] GC(198)   Post Evacuate Collection Set: 0.89ms
[1181.419s][info][gc,phases      ] GC(198)   Other: 0.13ms
[1181.419s][info][gc,heap        ] GC(198) Eden regions: 1119->0(1119)
[1181.419s][info][gc,heap        ] GC(198) Survivor regions: 109->109(154)
[1181.419s][info][gc,heap        ] GC(198) Old regions: 465->496
[1181.419s][info][gc,heap        ] GC(198) Humongous regions: 77->77
[1181.419s][info][gc,metaspace   ] GC(198) Metaspace: 28943K(29248K)->28943K(29248K) NonClass: 24059K(24192K)->24059K(24192K) Class: 4883K(5056K)->4883K(5056K)
[1181.419s][info][gc             ] GC(198) Pause Young (Concurrent Start) (G1 Evacuation Pause) 3537M->1360M(4096M) 116.604ms
[1181.419s][info][gc             ] GC(199) Concurrent Mark Cycle
[1181.419s][info][gc,marking     ] GC(199) Concurrent Scan Root Regions
[1181.419s][info][gc,cpu         ] GC(198) User=0.69s Sys=0.00s Real=0.11s
[1181.543s][info][gc,marking     ] GC(199) Concurrent Scan Root Regions 124.174ms
[1181.543s][info][gc,marking     ] GC(199) Concurrent Mark
[1181.543s][info][gc,marking     ] GC(199) Concurrent Mark From Roots
[1181.543s][info][gc,task        ] GC(199) Using 2 workers of 2 for marking
.[1182.055s][info][gc,marking     ] GC(199) Concurrent Mark From Roots 512.111ms
[1182.055s][info][gc,marking     ] GC(199) Concurrent Preclean
[1182.056s][info][gc,marking     ] GC(199) Concurrent Preclean 0.063ms
[1182.056s][info][gc,start       ] GC(199) Pause Remark
[1182.058s][info][gc             ] GC(199) Pause Remark 1475M->1475M(4096M) 2.538ms
[1182.058s][info][gc,cpu         ] GC(199) User=0.02s Sys=0.00s Real=0.00s
[1182.058s][info][gc,marking     ] GC(199) Concurrent Mark 514.988ms
[1182.058s][info][gc,marking     ] GC(199) Concurrent Rebuild Remembered Sets and Scrub Regions
[1182.269s][info][gc,marking     ] GC(199) Concurrent Rebuild Remembered Sets and Scrub Regions 210.258ms
[1182.269s][info][gc,start       ] GC(199) Pause Cleanup
[1182.269s][info][gc             ] GC(199) Pause Cleanup 1516M->1516M(4096M) 0.116ms
[1182.269s][info][gc,cpu         ] GC(199) User=0.00s Sys=0.00s Real=0.00s
[1182.269s][info][gc,marking     ] GC(199) Concurrent Clear Claimed Marks
[1182.269s][info][gc,marking     ] GC(199) Concurrent Clear Claimed Marks 0.032ms
[1182.269s][info][gc,marking     ] GC(199) Concurrent Cleanup for Next Mark
[1182.272s][info][gc,marking     ] GC(199) Concurrent Cleanup for Next Mark 3.454ms
[1182.272s][info][gc             ] GC(199) Concurrent Mark Cycle 853.372ms
...............[1196.781s][info][gc,start       ] GC(200) Pause Young (Prepare Mixed) (G1 Evacuation Pause)
[1196.781s][info][gc,task        ] GC(200) Using 6 workers of 6 for evacuation
[1196.897s][info][gc,phases      ] GC(200)   Pre Evacuate Collection Set: 0.36ms
[1196.897s][info][gc,phases      ] GC(200)   Merge Heap Roots: 0.51ms
[1196.897s][info][gc,phases      ] GC(200)   Evacuate Collection Set: 113.91ms
[1196.897s][info][gc,phases      ] GC(200)   Post Evacuate Collection Set: 0.95ms
[1196.897s][info][gc,phases      ] GC(200)   Other: 0.10ms
[1196.897s][info][gc,heap        ] GC(200) Eden regions: 1119->0(1119)
[1196.897s][info][gc,heap        ] GC(200) Survivor regions: 109->109(154)
[1196.897s][info][gc,heap        ] GC(200) Old regions: 496->528
[1196.897s][info][gc,heap        ] GC(200) Humongous regions: 77->77
[1196.897s][info][gc,metaspace   ] GC(200) Metaspace: 28943K(29248K)->28943K(29248K) NonClass: 24059K(24192K)->24059K(24192K) Class: 4883K(5056K)->4883K(5056K)
[1196.897s][info][gc             ] GC(200) Pause Young (Prepare Mixed) (G1 Evacuation Pause) 3598M->1425M(4096M) 115.960ms
[1196.897s][info][gc,cpu         ] GC(200) User=0.69s Sys=0.00s Real=0.12s
...............[1212.072s][info][gc,start       ] GC(201) Pause Young (Mixed) (G1 Evacuation Pause)
[1212.072s][info][gc,task        ] GC(201) Using 6 workers of 6 for evacuation
[1212.205s][info][gc,phases      ] GC(201)   Pre Evacuate Collection Set: 0.43ms
[1212.205s][info][gc,phases      ] GC(201)   Merge Heap Roots: 0.71ms
[1212.205s][info][gc,phases      ] GC(201)   Evacuate Collection Set: 130.77ms
[1212.205s][info][gc,phases      ] GC(201)   Post Evacuate Collection Set: 0.98ms
[1212.205s][info][gc,phases      ] GC(201)   Other: 0.10ms
[1212.205s][info][gc,heap        ] GC(201) Eden regions: 1119->0(1117)
[1212.205s][info][gc,heap        ] GC(201) Survivor regions: 109->111(154)
[1212.205s][info][gc,heap        ] GC(201) Old regions: 528->463
[1212.205s][info][gc,heap        ] GC(201) Humongous regions: 77->77
[1212.205s][info][gc,metaspace   ] GC(201) Metaspace: 28943K(29248K)->28943K(29248K) NonClass: 24059K(24192K)->24059K(24192K) Class: 4883K(5056K)->4883K(5056K)
[1212.205s][info][gc             ] GC(201) Pause Young (Mixed) (G1 Evacuation Pause) 3663M->1300M(4096M) 133.114ms
[1212.205s][info][gc,cpu         ] GC(201) User=0.79s Sys=0.00s Real=0.14s
............... (rIR:aIR:PR = 1245:1246:1246) (tPR = 18540) [OK] 
  1226s: Performance info:
         Transaction,    Success,    Partial,     Failed,   Receipts, AvgBarcode, 
             Overall,      74818,          0,          0,      71080,      59.49, 
         Response times:
             Request,    Success,    Partial,     Failed,   SkipFail,     Probes,    Samples,      min,      p50,      p90,      p95,      p99,      max, 
       TotalPurchase,      71080,          0,          0,          0,      69045,      76915,      300,     1300,     1900,     2100,     2900,   132000,
     InStorePurchase,      37438,          0,          0,          0,      36397,      40342,      300,     1300,     1900,     2100,     3200,   132000,
      OnlinePurchase,      26173,          0,          0,          0,      25531,      28470,      300,     1300,     1900,     2100,     2700,   132000,
        InstPurchase,       7469,          0,          0,          0,       7117,       8103,      400,     1200,     1900,     2100,     2900,   131000,
          AssocOfCat,         76,          0,          0,          0,         76,         82,    17900,    24000,    28000,    28850,    53000,    53000,
      AssocOfProduct,        749,          0,          0,          0,        638,        783,      500,     1400,     2000,     2200,     2500,    13900,
      BusinessReport,        187,          0,          0,          0,        122,        181,    19900,    27000,    34000,    39600,   166000,   166000,
          CustBuyBeh,        746,          0,          0,          0,        643,        836,      200,     1200,     1800,     2000,     2926,     8800,
       ProductReturn,       1980,          0,          0,          0,       1796,       2150,      300,     1300,     1900,     2100,     2749,    19100,

  1226s: (10%)   IR =   1384 [1227.349s][info][gc,start       ] GC(202) Pause Young (Concurrent Start) (G1 Evacuation Pause)
[1227.349s][info][gc,task        ] GC(202) Using 6 workers of 6 for evacuation
[1227.465s][info][gc,phases      ] GC(202)   Pre Evacuate Collection Set: 0.41ms
[1227.465s][info][gc,phases      ] GC(202)   Merge Heap Roots: 0.47ms
[1227.465s][info][gc,phases      ] GC(202)   Evacuate Collection Set: 114.10ms
[1227.465s][info][gc,phases      ] GC(202)   Post Evacuate Collection Set: 0.94ms
[1227.465s][info][gc,phases      ] GC(202)   Other: 0.11ms
[1227.465s][info][gc,heap        ] GC(202) Eden regions: 1117->0(1120)
[1227.465s][info][gc,heap        ] GC(202) Survivor regions: 111->108(154)
[1227.465s][info][gc,heap        ] GC(202) Old regions: 463->495
[1227.465s][info][gc,heap        ] GC(202) Humongous regions: 77->77
[1227.465s][info][gc,metaspace   ] GC(202) Metaspace: 28943K(29248K)->28943K(29248K) NonClass: 24059K(24192K)->24059K(24192K) Class: 4883K(5056K)->4883K(5056K)
[1227.465s][info][gc             ] GC(202) Pause Young (Concurrent Start) (G1 Evacuation Pause) 3534M->1358M(4096M) 116.160ms
[1227.465s][info][gc             ] GC(203) Concurrent Mark Cycle
[1227.465s][info][gc,marking     ] GC(203) Concurrent Scan Root Regions
[1227.465s][info][gc,cpu         ] GC(202) User=0.69s Sys=0.00s Real=0.12s
[1227.579s][info][gc,marking     ] GC(203) Concurrent Scan Root Regions 113.844ms
[1227.579s][info][gc,marking     ] GC(203) Concurrent Mark
[1227.579s][info][gc,marking     ] GC(203) Concurrent Mark From Roots
[1227.579s][info][gc,task        ] GC(203) Using 2 workers of 2 for marking
.[1228.128s][info][gc,marking     ] GC(203) Concurrent Mark From Roots 548.302ms
[1228.128s][info][gc,marking     ] GC(203) Concurrent Preclean
[1228.128s][info][gc,marking     ] GC(203) Concurrent Preclean 0.065ms
[1228.128s][info][gc,start       ] GC(203) Pause Remark
[1228.130s][info][gc             ] GC(203) Pause Remark 1485M->1485M(4096M) 2.469ms
[1228.130s][info][gc,cpu         ] GC(203) User=0.01s Sys=0.01s Real=0.00s
[1228.130s][info][gc,marking     ] GC(203) Concurrent Mark 551.081ms
[1228.130s][info][gc,marking     ] GC(203) Concurrent Rebuild Remembered Sets and Scrub Regions
[1228.336s][info][gc,marking     ] GC(203) Concurrent Rebuild Remembered Sets and Scrub Regions 205.993ms
[1228.337s][info][gc,start       ] GC(203) Pause Cleanup
[1228.337s][info][gc             ] GC(203) Pause Cleanup 1529M->1529M(4096M) 0.134ms
[1228.337s][info][gc,cpu         ] GC(203) User=0.00s Sys=0.00s Real=0.00s
[1228.337s][info][gc,marking     ] GC(203) Concurrent Clear Claimed Marks
[1228.337s][info][gc,marking     ] GC(203) Concurrent Clear Claimed Marks 0.028ms
[1228.337s][info][gc,marking     ] GC(203) Concurrent Cleanup for Next Mark
[1228.340s][info][gc,marking     ] GC(203) Concurrent Cleanup for Next Mark 3.485ms
[1228.340s][info][gc             ] GC(203) Concurrent Mark Cycle 874.907ms
...|..........[1241.146s][info][gc,start       ] GC(204) Pause Young (Prepare Mixed) (G1 Evacuation Pause)
[1241.146s][info][gc,task        ] GC(204) Using 6 workers of 6 for evacuation
[1241.266s][info][gc,phases      ] GC(204)   Pre Evacuate Collection Set: 0.37ms
[1241.266s][info][gc,phases      ] GC(204)   Merge Heap Roots: 0.51ms
[1241.266s][info][gc,phases      ] GC(204)   Evacuate Collection Set: 117.48ms
[1241.266s][info][gc,phases      ] GC(204)   Post Evacuate Collection Set: 0.95ms
[1241.266s][info][gc,phases      ] GC(204)   Other: 0.09ms
[1241.266s][info][gc,heap        ] GC(204) Eden regions: 1120->0(1116)
[1241.266s][info][gc,heap        ] GC(204) Survivor regions: 108->112(154)
[1241.266s][info][gc,heap        ] GC(204) Old regions: 495->527
[1241.266s][info][gc,heap        ] GC(204) Humongous regions: 77->77
[1241.266s][info][gc,metaspace   ] GC(204) Metaspace: 28943K(29248K)->28943K(29248K) NonClass: 24059K(24192K)->24059K(24192K) Class: 4883K(5056K)->4883K(5056K)
[1241.266s][info][gc             ] GC(204) Pause Young (Prepare Mixed) (G1 Evacuation Pause) 3598M->1428M(4096M) 119.535ms
[1241.266s][info][gc,cpu         ] GC(204) User=0.71s Sys=0.00s Real=0.12s
..............[1254.986s][info][gc,start       ] GC(205) Pause Young (Mixed) (G1 Evacuation Pause)
[1254.986s][info][gc,task        ] GC(205) Using 6 workers of 6 for evacuation
[1255.116s][info][gc,phases      ] GC(205)   Pre Evacuate Collection Set: 0.43ms
[1255.116s][info][gc,phases      ] GC(205)   Merge Heap Roots: 0.55ms
[1255.116s][info][gc,phases      ] GC(205)   Evacuate Collection Set: 127.27ms
[1255.116s][info][gc,phases      ] GC(205)   Post Evacuate Collection Set: 0.96ms
[1255.116s][info][gc,phases      ] GC(205)   Other: 0.08ms
[1255.116s][info][gc,heap        ] GC(205) Eden regions: 1116->0(1119)
[1255.116s][info][gc,heap        ] GC(205) Survivor regions: 112->109(154)
[1255.116s][info][gc,heap        ] GC(205) Old regions: 527->464
[1255.116s][info][gc,heap        ] GC(205) Humongous regions: 77->77
[1255.116s][info][gc,metaspace   ] GC(205) Metaspace: 28944K(29248K)->28944K(29248K) NonClass: 24060K(24192K)->24060K(24192K) Class: 4883K(5056K)->4883K(5056K)
[1255.116s][info][gc             ] GC(205) Pause Young (Mixed) (G1 Evacuation Pause) 3660M->1297M(4096M) 129.438ms
[1255.116s][info][gc,cpu         ] GC(205) User=0.77s Sys=0.00s Real=0.13s
.............[1268.763s][info][gc,start       ] GC(206) Pause Young (Concurrent Start) (G1 Evacuation Pause)
[1268.763s][info][gc,task        ] GC(206) Using 6 workers of 6 for evacuation
[1268.882s][info][gc,phases      ] GC(206)   Pre Evacuate Collection Set: 0.44ms
[1268.882s][info][gc,phases      ] GC(206)   Merge Heap Roots: 0.49ms
[1268.882s][info][gc,phases      ] GC(206)   Evacuate Collection Set: 117.13ms
[1268.882s][info][gc,phases      ] GC(206)   Post Evacuate Collection Set: 0.89ms
[1268.882s][info][gc,phases      ] GC(206)   Other: 0.10ms
[1268.882s][info][gc,heap        ] GC(206) Eden regions: 1119->0(1117)
[1268.882s][info][gc,heap        ] GC(206) Survivor regions: 109->111(154)
[1268.882s][info][gc,heap        ] GC(206) Old regions: 464->497
[1268.882s][info][gc,heap        ] GC(206) Humongous regions: 77->77
[1268.882s][info][gc,metaspace   ] GC(206) Metaspace: 28944K(29248K)->28944K(29248K) NonClass: 24060K(24192K)->24060K(24192K) Class: 4883K(5056K)->4883K(5056K)
[1268.882s][info][gc             ] GC(206) Pause Young (Concurrent Start) (G1 Evacuation Pause) 3535M->1367M(4096M) 119.198ms
[1268.882s][info][gc             ] GC(207) Concurrent Mark Cycle
[1268.882s][info][gc,marking     ] GC(207) Concurrent Scan Root Regions
[1268.882s][info][gc,cpu         ] GC(206) User=0.70s Sys=0.00s Real=0.12s
.[1269.054s][info][gc,marking     ] GC(207) Concurrent Scan Root Regions 172.409ms
[1269.055s][info][gc,marking     ] GC(207) Concurrent Mark
[1269.055s][info][gc,marking     ] GC(207) Concurrent Mark From Roots
[1269.055s][info][gc,task        ] GC(207) Using 2 workers of 2 for marking
.[1269.912s][info][gc,marking     ] GC(207) Concurrent Mark From Roots 857.829ms
[1269.912s][info][gc,marking     ] GC(207) Concurrent Preclean
[1269.912s][info][gc,marking     ] GC(207) Concurrent Preclean 0.054ms
[1269.913s][info][gc,start       ] GC(207) Pause Remark
[1269.915s][info][gc             ] GC(207) Pause Remark 1553M->1553M(4096M) 2.790ms
[1269.915s][info][gc,cpu         ] GC(207) User=0.01s Sys=0.00s Real=0.00s
[1269.915s][info][gc,marking     ] GC(207) Concurrent Mark 860.927ms
[1269.915s][info][gc,marking     ] GC(207) Concurrent Rebuild Remembered Sets and Scrub Regions
[1270.290s][info][gc,marking     ] GC(207) Concurrent Rebuild Remembered Sets and Scrub Regions 374.150ms
[1270.290s][info][gc,start       ] GC(207) Pause Cleanup
[1270.290s][info][gc             ] GC(207) Pause Cleanup 1608M->1608M(4096M) 0.121ms
[1270.290s][info][gc,cpu         ] GC(207) User=0.00s Sys=0.00s Real=0.00s
[1270.290s][info][gc,marking     ] GC(207) Concurrent Clear Claimed Marks
[1270.290s][info][gc,marking     ] GC(207) Concurrent Clear Claimed Marks 0.036ms
[1270.290s][info][gc,marking     ] GC(207) Concurrent Cleanup for Next Mark
[1270.293s][info][gc,marking     ] GC(207) Concurrent Cleanup for Next Mark 3.308ms
[1270.293s][info][gc             ] GC(207) Concurrent Mark Cycle 1411.349ms
............[1282.476s][info][gc,start       ] GC(208) Pause Young (Prepare Mixed) (G1 Evacuation Pause)
[1282.476s][info][gc,task        ] GC(208) Using 6 workers of 6 for evacuation
[1282.595s][info][gc,phases      ] GC(208)   Pre Evacuate Collection Set: 0.35ms
[1282.595s][info][gc,phases      ] GC(208)   Merge Heap Roots: 0.53ms
[1282.595s][info][gc,phases      ] GC(208)   Evacuate Collection Set: 116.93ms
[1282.595s][info][gc,phases      ] GC(208)   Post Evacuate Collection Set: 0.92ms
[1282.595s][info][gc,phases      ] GC(208)   Other: 0.09ms
[1282.595s][info][gc,heap        ] GC(208) Eden regions: 1117->0(1118)
[1282.595s][info][gc,heap        ] GC(208) Survivor regions: 111->110(154)
[1282.595s][info][gc,heap        ] GC(208) Old regions: 497->529
[1282.595s][info][gc,heap        ] GC(208) Humongous regions: 77->77
[1282.595s][info][gc,metaspace   ] GC(208) Metaspace: 28944K(29248K)->28944K(29248K) NonClass: 24061K(24192K)->24061K(24192K) Class: 4883K(5056K)->4883K(5056K)
[1282.595s][info][gc             ] GC(208) Pause Young (Prepare Mixed) (G1 Evacuation Pause) 3601M->1429M(4096M) 118.949ms
[1282.595s][info][gc,cpu         ] GC(208) User=0.70s Sys=0.01s Real=0.12s
......... (rIR:aIR:PR = 1384:1384:1384) (tPR = 20605) [OK] 
  1290s: Performance info:
         Transaction,    Success,    Partial,     Failed,   Receipts, AvgBarcode, 
             Overall,      83205,          0,          0,      79040,      59.48, 
         Response times:
             Request,    Success,    Partial,     Failed,   SkipFail,     Probes,    Samples,      min,      p50,      p90,      p95,      p99,      max, 
       TotalPurchase,      79040,          0,          0,          0,      76532,      82977,      300,     1400,     2100,     2300,     3322,   135000,
     InStorePurchase,      41609,          0,          0,          0,      40509,      43768,      300,     1400,     2100,     2300,     3300,   135000,
      OnlinePurchase,      29121,          0,          0,          0,      28171,      30488,      300,     1400,     2100,     2300,     3300,   134000,
        InstPurchase,       8310,          0,          0,          0,       7852,       8721,      400,     1500,     2100,     2300,     3500,    19100,
          AssocOfCat,         83,          0,          0,          0,         79,         88,    18000,    24000,    28100,    31100,    35000,    35000,
      AssocOfProduct,        837,          0,          0,          0,        714,        871,      500,     1600,     2400,     2600,     3228,    19800,
      BusinessReport,        210,          0,          0,          0,        148,        200,    19600,    27000,    35900,    42000,   180680,   181000,
          CustBuyBeh,        835,          0,          0,          0,        716,        880,      300,     1300,     1800,     2000,     3219,    12700,
       ProductReturn,       2200,          0,          0,          0,       1968,       2278,      300,     1400,     2100,     2300,     3521,   134000,

  1290s: (11%)   IR =   1522 ....|[1295.832s][info][gc,start       ] GC(209) Pause Young (Mixed) (G1 Evacuation Pause)
[1295.832s][info][gc,task        ] GC(209) Using 6 workers of 6 for evacuation
[1295.965s][info][gc,phases      ] GC(209)   Pre Evacuate Collection Set: 0.40ms
[1295.965s][info][gc,phases      ] GC(209)   Merge Heap Roots: 0.67ms
[1295.965s][info][gc,phases      ] GC(209)   Evacuate Collection Set: 130.65ms
[1295.965s][info][gc,phases      ] GC(209)   Post Evacuate Collection Set: 0.98ms
[1295.965s][info][gc,phases      ] GC(209)   Other: 0.09ms
[1295.965s][info][gc,heap        ] GC(209) Eden regions: 1118->0(1119)
[1295.965s][info][gc,heap        ] GC(209) Survivor regions: 110->109(154)
[1295.965s][info][gc,heap        ] GC(209) Old regions: 529->466
[1295.965s][info][gc,heap        ] GC(209) Humongous regions: 77->77
[1295.965s][info][gc,metaspace   ] GC(209) Metaspace: 28946K(29248K)->28946K(29248K) NonClass: 24062K(24192K)->24062K(24192K) Class: 4883K(5056K)->4883K(5056K)
[1295.965s][info][gc             ] GC(209) Pause Young (Mixed) (G1 Evacuation Pause) 3665M->1301M(4096M) 132.944ms
[1295.965s][info][gc,cpu         ] GC(209) User=0.79s Sys=0.00s Real=0.14s
.............[1308.419s][info][gc,start       ] GC(210) Pause Young (Concurrent Start) (G1 Evacuation Pause)
[1308.419s][info][gc,task        ] GC(210) Using 6 workers of 6 for evacuation
[1308.536s][info][gc,phases      ] GC(210)   Pre Evacuate Collection Set: 0.42ms
[1308.536s][info][gc,phases      ] GC(210)   Merge Heap Roots: 0.50ms
[1308.536s][info][gc,phases      ] GC(210)   Evacuate Collection Set: 114.92ms
[1308.536s][info][gc,phases      ] GC(210)   Post Evacuate Collection Set: 0.93ms
[1308.536s][info][gc,phases      ] GC(210)   Other: 0.10ms
[1308.536s][info][gc,heap        ] GC(210) Eden regions: 1119->0(1119)
[1308.536s][info][gc,heap        ] GC(210) Survivor regions: 109->109(154)
[1308.536s][info][gc,heap        ] GC(210) Old regions: 466->498
[1308.536s][info][gc,heap        ] GC(210) Humongous regions: 77->77
[1308.536s][info][gc,metaspace   ] GC(210) Metaspace: 28946K(29248K)->28946K(29248K) NonClass: 24062K(24192K)->24062K(24192K) Class: 4883K(5056K)->4883K(5056K)
[1308.536s][info][gc             ] GC(210) Pause Young (Concurrent Start) (G1 Evacuation Pause) 3539M->1364M(4096M) 116.995ms
[1308.536s][info][gc             ] GC(211) Concurrent Mark Cycle
[1308.536s][info][gc,marking     ] GC(211) Concurrent Scan Root Regions
[1308.536s][info][gc,cpu         ] GC(210) User=0.69s Sys=0.00s Real=0.12s
[1308.646s][info][gc,marking     ] GC(211) Concurrent Scan Root Regions 110.045ms
[1308.646s][info][gc,marking     ] GC(211) Concurrent Mark
[1308.646s][info][gc,marking     ] GC(211) Concurrent Mark From Roots
[1308.646s][info][gc,task        ] GC(211) Using 2 workers of 2 for marking
.[1309.170s][info][gc,marking     ] GC(211) Concurrent Mark From Roots 524.188ms
[1309.170s][info][gc,marking     ] GC(211) Concurrent Preclean
[1309.170s][info][gc,marking     ] GC(211) Concurrent Preclean 0.070ms
[1309.170s][info][gc,start       ] GC(211) Pause Remark
[1309.173s][info][gc             ] GC(211) Pause Remark 1492M->1492M(4096M) 2.388ms
[1309.173s][info][gc,cpu         ] GC(211) User=0.01s Sys=0.00s Real=0.01s
[1309.173s][info][gc,marking     ] GC(211) Concurrent Mark 526.914ms
[1309.173s][info][gc,marking     ] GC(211) Concurrent Rebuild Remembered Sets and Scrub Regions
[1309.370s][info][gc,marking     ] GC(211) Concurrent Rebuild Remembered Sets and Scrub Regions 197.386ms
[1309.370s][info][gc,start       ] GC(211) Pause Cleanup
[1309.371s][info][gc             ] GC(211) Pause Cleanup 1522M->1522M(4096M) 0.115ms
[1309.371s][info][gc,cpu         ] GC(211) User=0.00s Sys=0.00s Real=0.00s
[1309.371s][info][gc,marking     ] GC(211) Concurrent Clear Claimed Marks
[1309.371s][info][gc,marking     ] GC(211) Concurrent Clear Claimed Marks 0.032ms
[1309.371s][info][gc,marking     ] GC(211) Concurrent Cleanup for Next Mark
[1309.374s][info][gc,marking     ] GC(211) Concurrent Cleanup for Next Mark 3.253ms
[1309.374s][info][gc             ] GC(211) Concurrent Mark Cycle 838.141ms
............[1320.988s][info][gc,start       ] GC(212) Pause Young (Prepare Mixed) (G1 Evacuation Pause)
[1320.988s][info][gc,task        ] GC(212) Using 6 workers of 6 for evacuation
[1321.105s][info][gc,phases      ] GC(212)   Pre Evacuate Collection Set: 0.38ms
[1321.105s][info][gc,phases      ] GC(212)   Merge Heap Roots: 0.51ms
[1321.105s][info][gc,phases      ] GC(212)   Evacuate Collection Set: 115.36ms
[1321.105s][info][gc,phases      ] GC(212)   Post Evacuate Collection Set: 0.96ms
[1321.105s][info][gc,phases      ] GC(212)   Other: 0.09ms
[1321.105s][info][gc,heap        ] GC(212) Eden regions: 1119->0(1119)
[1321.105s][info][gc,heap        ] GC(212) Survivor regions: 109->109(154)
[1321.105s][info][gc,heap        ] GC(212) Old regions: 498->530
[1321.105s][info][gc,heap        ] GC(212) Humongous regions: 77->77
[1321.105s][info][gc,metaspace   ] GC(212) Metaspace: 28946K(29248K)->28946K(29248K) NonClass: 24062K(24192K)->24062K(24192K) Class: 4883K(5056K)->4883K(5056K)
[1321.105s][info][gc             ] GC(212) Pause Young (Prepare Mixed) (G1 Evacuation Pause) 3602M->1428M(4096M) 117.438ms
[1321.105s][info][gc,cpu         ] GC(212) User=0.69s Sys=0.00s Real=0.12s
............[1333.477s][info][gc,start       ] GC(213) Pause Young (Mixed) (G1 Evacuation Pause)
[1333.477s][info][gc,task        ] GC(213) Using 6 workers of 6 for evacuation
[1333.606s][info][gc,phases      ] GC(213)   Pre Evacuate Collection Set: 0.42ms
[1333.606s][info][gc,phases      ] GC(213)   Merge Heap Roots: 0.68ms
[1333.606s][info][gc,phases      ] GC(213)   Evacuate Collection Set: 126.58ms
[1333.606s][info][gc,phases      ] GC(213)   Post Evacuate Collection Set: 0.96ms
[1333.606s][info][gc,phases      ] GC(213)   Other: 0.09ms
[1333.606s][info][gc,heap        ] GC(213) Eden regions: 1119->0(1121)
[1333.606s][info][gc,heap        ] GC(213) Survivor regions: 109->107(154)
[1333.606s][info][gc,heap        ] GC(213) Old regions: 530->465
[1333.606s][info][gc,heap        ] GC(213) Humongous regions: 77->77
[1333.606s][info][gc,metaspace   ] GC(213) Metaspace: 28946K(29248K)->28946K(29248K) NonClass: 24062K(24192K)->24062K(24192K) Class: 4883K(5056K)->4883K(5056K)
[1333.606s][info][gc             ] GC(213) Pause Young (Mixed) (G1 Evacuation Pause) 3666M->1296M(4096M) 128.880ms
[1333.606s][info][gc,cpu         ] GC(213) User=0.76s Sys=0.00s Real=0.13s
.............[1346.020s][info][gc,start       ] GC(214) Pause Young (Concurrent Start) (G1 Evacuation Pause)
[1346.020s][info][gc,task        ] GC(214) Using 6 workers of 6 for evacuation
[1346.137s][info][gc,phases      ] GC(214)   Pre Evacuate Collection Set: 0.38ms
[1346.137s][info][gc,phases      ] GC(214)   Merge Heap Roots: 0.49ms
[1346.137s][info][gc,phases      ] GC(214)   Evacuate Collection Set: 114.56ms
[1346.137s][info][gc,phases      ] GC(214)   Post Evacuate Collection Set: 0.93ms
[1346.137s][info][gc,phases      ] GC(214)   Other: 0.12ms
[1346.137s][info][gc,heap        ] GC(214) Eden regions: 1121->0(1120)
[1346.137s][info][gc,heap        ] GC(214) Survivor regions: 107->108(154)
[1346.137s][info][gc,heap        ] GC(214) Old regions: 465->498
[1346.137s][info][gc,heap        ] GC(214) Humongous regions: 77->77
[1346.137s][info][gc,metaspace   ] GC(214) Metaspace: 28946K(29248K)->28946K(29248K) NonClass: 24062K(24192K)->24062K(24192K) Class: 4883K(5056K)->4883K(5056K)
[1346.137s][info][gc             ] GC(214) Pause Young (Concurrent Start) (G1 Evacuation Pause) 3538M->1363M(4096M) 116.601ms
[1346.137s][info][gc             ] GC(215) Concurrent Mark Cycle
[1346.137s][info][gc,marking     ] GC(215) Concurrent Scan Root Regions
[1346.137s][info][gc,cpu         ] GC(214) User=0.69s Sys=0.00s Real=0.12s
[1346.249s][info][gc,marking     ] GC(215) Concurrent Scan Root Regions 112.401ms
[1346.250s][info][gc,marking     ] GC(215) Concurrent Mark
[1346.250s][info][gc,marking     ] GC(215) Concurrent Mark From Roots
[1346.250s][info][gc,task        ] GC(215) Using 2 workers of 2 for marking
[1346.757s][info][gc,marking     ] GC(215) Concurrent Mark From Roots 507.313ms
[1346.757s][info][gc,marking     ] GC(215) Concurrent Preclean
[1346.757s][info][gc,marking     ] GC(215) Concurrent Preclean 0.058ms
[1346.757s][info][gc,start       ] GC(215) Pause Remark
[1346.759s][info][gc             ] GC(215) Pause Remark 1487M->1487M(4096M) 2.271ms
[1346.759s][info][gc,cpu         ] GC(215) User=0.01s Sys=0.00s Real=0.00s
[1346.759s][info][gc,marking     ] GC(215) Concurrent Mark 509.900ms
[1346.759s][info][gc,marking     ] GC(215) Concurrent Rebuild Remembered Sets and Scrub Regions
[1346.957s][info][gc,marking     ] GC(215) Concurrent Rebuild Remembered Sets and Scrub Regions 197.596ms
[1346.957s][info][gc,start       ] GC(215) Pause Cleanup
[1346.957s][info][gc             ] GC(215) Pause Cleanup 1514M->1514M(4096M) 0.110ms
[1346.957s][info][gc,cpu         ] GC(215) User=0.00s Sys=0.00s Real=0.00s
[1346.957s][info][gc,marking     ] GC(215) Concurrent Clear Claimed Marks
[1346.957s][info][gc,marking     ] GC(215) Concurrent Clear Claimed Marks 0.031ms
[1346.957s][info][gc,marking     ] GC(215) Concurrent Cleanup for Next Mark
[1346.968s][info][gc,marking     ] GC(215) Concurrent Cleanup for Next Mark 10.614ms
[1346.968s][info][gc             ] GC(215) Concurrent Mark Cycle 830.996ms
......... (rIR:aIR:PR = 1522:1523:1523) (tPR = 22419) [OK] 
  1354s: Performance info:
         Transaction,    Success,    Partial,     Failed,   Receipts, AvgBarcode, 
             Overall,      91493,          0,          0,      86917,      59.47, 
         Response times:
             Request,    Success,    Partial,     Failed,   SkipFail,     Probes,    Samples,      min,      p50,      p90,      p95,      p99,      max, 
       TotalPurchase,      86917,          0,          0,          0,      84278,      90997,      300,     1500,     2300,     2500,     3500,   135000,
     InStorePurchase,      45722,          0,          0,          0,      44567,      47966,      300,     1400,     2200,     2500,     3500,   133000,
      OnlinePurchase,      32038,          0,          0,          0,      31044,      33467,      300,     1600,     2300,     2500,     3500,   133000,
        InstPurchase,       9157,          0,          0,          0,       8667,       9564,      400,     1700,     2400,     2600,     3900,   135000,
          AssocOfCat,         92,          0,          0,          0,         87,         96,    18000,    24000,    28300,    31300,   141000,   141000,
      AssocOfProduct,        915,          0,          0,          0,        787,        976,      700,     1700,     2200,     2500,     7184,    14400,
      BusinessReport,        228,          0,          0,          0,        171,        241,    19200,    27000,    32000,    33900,    37160,   170000,
          CustBuyBeh,        915,          0,          0,          0,        817,        987,      200,      900,     1700,     2000,     2712,    12900,
       ProductReturn,       2426,          0,          0,          0,       2246,       2550,      200,     1000,     1600,     1800,     2600,   119000,

  1354s: (12%)   IR =   1660 ...[1358.389s][info][gc,start       ] GC(216) Pause Young (Prepare Mixed) (G1 Evacuation Pause)
[1358.389s][info][gc,task        ] GC(216) Using 6 workers of 6 for evacuation
[1358.505s][info][gc,phases      ] GC(216)   Pre Evacuate Collection Set: 0.37ms
[1358.505s][info][gc,phases      ] GC(216)   Merge Heap Roots: 0.54ms
[1358.505s][info][gc,phases      ] GC(216)   Evacuate Collection Set: 114.13ms
[1358.505s][info][gc,phases      ] GC(216)   Post Evacuate Collection Set: 0.95ms
[1358.505s][info][gc,phases      ] GC(216)   Other: 0.08ms
[1358.505s][info][gc,heap        ] GC(216) Eden regions: 1120->0(1120)
[1358.505s][info][gc,heap        ] GC(216) Survivor regions: 108->108(154)
[1358.505s][info][gc,heap        ] GC(216) Old regions: 498->529
[1358.505s][info][gc,heap        ] GC(216) Humongous regions: 77->77
[1358.505s][info][gc,metaspace   ] GC(216) Metaspace: 28946K(29248K)->28946K(29248K) NonClass: 24062K(24192K)->24062K(24192K) Class: 4883K(5056K)->4883K(5056K)
[1358.505s][info][gc             ] GC(216) Pause Young (Prepare Mixed) (G1 Evacuation Pause) 3603M->1426M(4096M) 116.228ms
[1358.505s][info][gc,cpu         ] GC(216) User=0.68s Sys=0.00s Real=0.12s
.|..........[1369.978s][info][gc,start       ] GC(217) Pause Young (Mixed) (G1 Evacuation Pause)
[1369.978s][info][gc,task        ] GC(217) Using 6 workers of 6 for evacuation
[1370.109s][info][gc,phases      ] GC(217)   Pre Evacuate Collection Set: 0.35ms
[1370.110s][info][gc,phases      ] GC(217)   Merge Heap Roots: 0.67ms
[1370.110s][info][gc,phases      ] GC(217)   Evacuate Collection Set: 129.09ms
[1370.110s][info][gc,phases      ] GC(217)   Post Evacuate Collection Set: 0.97ms
[1370.110s][info][gc,phases      ] GC(217)   Other: 0.09ms
[1370.110s][info][gc,heap        ] GC(217) Eden regions: 1120->0(1118)
[1370.110s][info][gc,heap        ] GC(217) Survivor regions: 108->110(154)
[1370.110s][info][gc,heap        ] GC(217) Old regions: 529->467
[1370.110s][info][gc,heap        ] GC(217) Humongous regions: 77->77
[1370.110s][info][gc,metaspace   ] GC(217) Metaspace: 28946K(29248K)->28946K(29248K) NonClass: 24062K(24192K)->24062K(24192K) Class: 4883K(5056K)->4883K(5056K)
[1370.110s][info][gc             ] GC(217) Pause Young (Mixed) (G1 Evacuation Pause) 3666M->1304M(4096M) 131.301ms
[1370.110s][info][gc,cpu         ] GC(217) User=0.77s Sys=0.00s Real=0.13s
............[1381.399s][info][gc,start       ] GC(218) Pause Young (Concurrent Start) (G1 Evacuation Pause)
[1381.399s][info][gc,task        ] GC(218) Using 6 workers of 6 for evacuation
[1381.516s][info][gc,phases      ] GC(218)   Pre Evacuate Collection Set: 0.40ms
[1381.516s][info][gc,phases      ] GC(218)   Merge Heap Roots: 0.49ms
[1381.516s][info][gc,phases      ] GC(218)   Evacuate Collection Set: 114.52ms
[1381.516s][info][gc,phases      ] GC(218)   Post Evacuate Collection Set: 0.90ms
[1381.516s][info][gc,phases      ] GC(218)   Other: 0.11ms
[1381.516s][info][gc,heap        ] GC(218) Eden regions: 1118->0(1119)
[1381.516s][info][gc,heap        ] GC(218) Survivor regions: 110->109(154)
[1381.516s][info][gc,heap        ] GC(218) Old regions: 467->499
[1381.516s][info][gc,heap        ] GC(218) Humongous regions: 77->77
[1381.516s][info][gc,metaspace   ] GC(218) Metaspace: 28946K(29248K)->28946K(29248K) NonClass: 24062K(24192K)->24062K(24192K) Class: 4883K(5056K)->4883K(5056K)
[1381.516s][info][gc             ] GC(218) Pause Young (Concurrent Start) (G1 Evacuation Pause) 3540M->1367M(4096M) 116.561ms
[1381.516s][info][gc             ] GC(219) Concurrent Mark Cycle
[1381.516s][info][gc,marking     ] GC(219) Concurrent Scan Root Regions
[1381.516s][info][gc,cpu         ] GC(218) User=0.68s Sys=0.00s Real=0.12s
[1381.628s][info][gc,marking     ] GC(219) Concurrent Scan Root Regions 111.741ms
[1381.628s][info][gc,marking     ] GC(219) Concurrent Mark
[1381.628s][info][gc,marking     ] GC(219) Concurrent Mark From Roots
[1381.628s][info][gc,task        ] GC(219) Using 2 workers of 2 for marking
.[1382.160s][info][gc,marking     ] GC(219) Concurrent Mark From Roots 531.887ms
[1382.160s][info][gc,marking     ] GC(219) Concurrent Preclean
[1382.160s][info][gc,marking     ] GC(219) Concurrent Preclean 0.060ms
[1382.160s][info][gc,start       ] GC(219) Pause Remark
[1382.162s][info][gc             ] GC(219) Pause Remark 1519M->1519M(4096M) 2.325ms
[1382.162s][info][gc,cpu         ] GC(219) User=0.01s Sys=0.00s Real=0.01s
[1382.162s][info][gc,marking     ] GC(219) Concurrent Mark 534.573ms
[1382.162s][info][gc,marking     ] GC(219) Concurrent Rebuild Remembered Sets and Scrub Regions
[1382.361s][info][gc,marking     ] GC(219) Concurrent Rebuild Remembered Sets and Scrub Regions 198.718ms
[1382.361s][info][gc,start       ] GC(219) Pause Cleanup
[1382.361s][info][gc             ] GC(219) Pause Cleanup 1550M->1550M(4096M) 0.122ms
[1382.361s][info][gc,cpu         ] GC(219) User=0.00s Sys=0.00s Real=0.00s
[1382.362s][info][gc,marking     ] GC(219) Concurrent Clear Claimed Marks
[1382.362s][info][gc,marking     ] GC(219) Concurrent Clear Claimed Marks 0.049ms
[1382.362s][info][gc,marking     ] GC(219) Concurrent Cleanup for Next Mark
[1382.366s][info][gc,marking     ] GC(219) Concurrent Cleanup for Next Mark 4.336ms
[1382.366s][info][gc             ] GC(219) Concurrent Mark Cycle 850.150ms
..........[1392.884s][info][gc,start       ] GC(220) Pause Young (Prepare Mixed) (G1 Evacuation Pause)
[1392.884s][info][gc,task        ] GC(220) Using 6 workers of 6 for evacuation
[1393.000s][info][gc,phases      ] GC(220)   Pre Evacuate Collection Set: 0.39ms
[1393.000s][info][gc,phases      ] GC(220)   Merge Heap Roots: 0.49ms
[1393.000s][info][gc,phases      ] GC(220)   Evacuate Collection Set: 113.79ms
[1393.000s][info][gc,phases      ] GC(220)   Post Evacuate Collection Set: 0.95ms
[1393.000s][info][gc,phases      ] GC(220)   Other: 0.10ms
[1393.000s][info][gc,heap        ] GC(220) Eden regions: 1119->0(1118)
[1393.000s][info][gc,heap        ] GC(220) Survivor regions: 109->109(154)
[1393.000s][info][gc,heap        ] GC(220) Old regions: 499->532
[1393.000s][info][gc,heap        ] GC(220) Humongous regions: 77->77
[1393.000s][info][gc,metaspace   ] GC(220) Metaspace: 28946K(29248K)->28946K(29248K) NonClass: 24062K(24192K)->24062K(24192K) Class: 4883K(5056K)->4883K(5056K)
[1393.000s][info][gc             ] GC(220) Pause Young (Prepare Mixed) (G1 Evacuation Pause) 3605M->1433M(4096M) 115.848ms
[1393.000s][info][gc,cpu         ] GC(220) User=0.69s Sys=0.00s Real=0.11s
............[1404.429s][info][gc,start       ] GC(221) Pause Young (Mixed) (G1 Evacuation Pause)
[1404.429s][info][gc,task        ] GC(221) Using 6 workers of 6 for evacuation
[1404.557s][info][gc,phases      ] GC(221)   Pre Evacuate Collection Set: 0.43ms
[1404.557s][info][gc,phases      ] GC(221)   Merge Heap Roots: 0.70ms
[1404.557s][info][gc,phases      ] GC(221)   Evacuate Collection Set: 125.89ms
[1404.557s][info][gc,phases      ] GC(221)   Post Evacuate Collection Set: 0.98ms
[1404.557s][info][gc,phases      ] GC(221)   Other: 0.57ms
[1404.557s][info][gc,heap        ] GC(221) Eden regions: 1118->0(1120)
[1404.557s][info][gc,heap        ] GC(221) Survivor regions: 109->108(154)
[1404.557s][info][gc,heap        ] GC(221) Old regions: 532->467
[1404.557s][info][gc,heap        ] GC(221) Humongous regions: 77->77
[1404.557s][info][gc,metaspace   ] GC(221) Metaspace: 28946K(29248K)->28946K(29248K) NonClass: 24062K(24192K)->24062K(24192K) Class: 4883K(5056K)->4883K(5056K)
[1404.557s][info][gc             ] GC(221) Pause Young (Mixed) (G1 Evacuation Pause) 3669M->1300M(4096M) 128.692ms
[1404.558s][info][gc,cpu         ] GC(221) User=0.76s Sys=0.00s Real=0.13s
...........[1415.933s][info][gc,start       ] GC(222) Pause Young (Concurrent Start) (G1 Evacuation Pause)
[1415.933s][info][gc,task        ] GC(222) Using 6 workers of 6 for evacuation
[1416.053s][info][gc,phases      ] GC(222)   Pre Evacuate Collection Set: 0.40ms
[1416.053s][info][gc,phases      ] GC(222)   Merge Heap Roots: 0.48ms
[1416.053s][info][gc,phases      ] GC(222)   Evacuate Collection Set: 118.56ms
[1416.053s][info][gc,phases      ] GC(222)   Post Evacuate Collection Set: 0.90ms
[1416.053s][info][gc,phases      ] GC(222)   Other: 0.12ms
[1416.053s][info][gc,heap        ] GC(222) Eden regions: 1120->0(1116)
[1416.053s][info][gc,heap        ] GC(222) Survivor regions: 108->112(154)
[1416.053s][info][gc,heap        ] GC(222) Old regions: 467->499
[1416.053s][info][gc,heap        ] GC(222) Humongous regions: 77->77
[1416.053s][info][gc,metaspace   ] GC(222) Metaspace: 28948K(29312K)->28948K(29312K) NonClass: 24064K(24256K)->24064K(24256K) Class: 4883K(5056K)->4883K(5056K)
[1416.053s][info][gc             ] GC(222) Pause Young (Concurrent Start) (G1 Evacuation Pause) 3540M->1374M(4096M) 120.612ms
[1416.053s][info][gc             ] GC(223) Concurrent Mark Cycle
[1416.053s][info][gc,marking     ] GC(223) Concurrent Scan Root Regions
[1416.053s][info][gc,cpu         ] GC(222) User=0.71s Sys=0.00s Real=0.12s
.[1416.224s][info][gc,marking     ] GC(223) Concurrent Scan Root Regions 170.468ms
[1416.224s][info][gc,marking     ] GC(223) Concurrent Mark
[1416.224s][info][gc,marking     ] GC(223) Concurrent Mark From Roots
[1416.224s][info][gc,task        ] GC(223) Using 2 workers of 2 for marking
[1417.128s][info][gc,marking     ] GC(223) Concurrent Mark From Roots 904.016ms
[1417.128s][info][gc,marking     ] GC(223) Concurrent Preclean
[1417.128s][info][gc,marking     ] GC(223) Concurrent Preclean 0.064ms
[1417.128s][info][gc,start       ] GC(223) Pause Remark
[1417.131s][info][gc             ] GC(223) Pause Remark 1594M->1594M(4096M) 2.894ms
[1417.131s][info][gc,cpu         ] GC(223) User=0.01s Sys=0.00s Real=0.00s
[1417.131s][info][gc,marking     ] GC(223) Concurrent Mark 907.245ms
[1417.131s][info][gc,marking     ] GC(223) Concurrent Rebuild Remembered Sets and Scrub Regions
.[1417.462s][info][gc,marking     ] GC(223) Concurrent Rebuild Remembered Sets and Scrub Regions 330.790ms
[1417.462s][info][gc,start       ] GC(223) Pause Cleanup
[1417.462s][info][gc             ] GC(223) Pause Cleanup 1684M->1684M(4096M) 0.114ms
[1417.462s][info][gc,cpu         ] GC(223) User=0.00s Sys=0.00s Real=0.00s
[1417.462s][info][gc,marking     ] GC(223) Concurrent Clear Claimed Marks
[1417.462s][info][gc,marking     ] GC(223) Concurrent Clear Claimed Marks 0.027ms
[1417.462s][info][gc,marking     ] GC(223) Concurrent Cleanup for Next Mark
[1417.466s][info][gc,marking     ] GC(223) Concurrent Cleanup for Next Mark 3.346ms
[1417.466s][info][gc             ] GC(223) Concurrent Mark Cycle 1412.325ms
.. (rIR:aIR:PR = 1660:1660:1660) (tPR = 24757) [OK] 
  1418s: Performance info:
         Transaction,    Success,    Partial,     Failed,   Receipts, AvgBarcode, 
             Overall,      99807,          0,          0,      94815,      59.47, 
         Response times:
             Request,    Success,    Partial,     Failed,   SkipFail,     Probes,    Samples,      min,      p50,      p90,      p95,      p99,      max, 
       TotalPurchase,      94815,          0,          0,          0,      92236,      99778,      300,     1600,     2400,     2700,     4900,   133000,
     InStorePurchase,      49950,          0,          0,          0,      48848,      52691,      300,     1600,     2400,     2700,     4700,   133000,
      OnlinePurchase,      34901,          0,          0,          0,      33800,      36509,      300,     1700,     2400,     2700,     4900,   132000,
        InstPurchase,       9964,          0,          0,          0,       9588,      10578,      400,     1500,     2500,     2800,     5400,   131000,
          AssocOfCat,        101,          0,          0,          0,         99,        107,    18400,    24000,    29000,    30600,    39600,    40000,
      AssocOfProduct,       1000,          0,          0,          0,        862,       1030,      400,     1700,     2500,     2800,     5038,   132000,
      BusinessReport,        250,          0,          0,          0,        206,        263,    19500,    27000,    34000,    38000,   155520,   163000,
          CustBuyBeh,        998,          0,          0,          0,        878,       1049,      200,     1600,     2400,     2900,     4450,   119000,
       ProductReturn,       2643,          0,          0,          0,       2425,       2790,      200,     1800,     2500,     2800,     5227,   120000,

  1418s: (13%)   IR =   1799 ....|...[1426.719s][info][gc,start       ] GC(224) Pause Young (Prepare Mixed) (G1 Evacuation Pause)
[1426.719s][info][gc,task        ] GC(224) Using 6 workers of 6 for evacuation
[1426.834s][info][gc,phases      ] GC(224)   Pre Evacuate Collection Set: 0.42ms
[1426.834s][info][gc,phases      ] GC(224)   Merge Heap Roots: 0.55ms
[1426.834s][info][gc,phases      ] GC(224)   Evacuate Collection Set: 113.53ms
[1426.834s][info][gc,phases      ] GC(224)   Post Evacuate Collection Set: 0.95ms
[1426.834s][info][gc,phases      ] GC(224)   Other: 0.08ms
[1426.834s][info][gc,heap        ] GC(224) Eden regions: 1116->0(1120)
[1426.834s][info][gc,heap        ] GC(224) Survivor regions: 112->108(154)
[1426.834s][info][gc,heap        ] GC(224) Old regions: 499->532
[1426.835s][info][gc,heap        ] GC(224) Humongous regions: 77->77
[1426.835s][info][gc,metaspace   ] GC(224) Metaspace: 28950K(29312K)->28950K(29312K) NonClass: 24066K(24256K)->24066K(24256K) Class: 4883K(5056K)->4883K(5056K)
[1426.835s][info][gc             ] GC(224) Pause Young (Prepare Mixed) (G1 Evacuation Pause) 3606M->1431M(4096M) 115.691ms
[1426.835s][info][gc,cpu         ] GC(224) User=0.68s Sys=0.00s Real=0.12s
...........[1437.380s][info][gc,start       ] GC(225) Pause Young (Mixed) (G1 Evacuation Pause)
[1437.380s][info][gc,task        ] GC(225) Using 6 workers of 6 for evacuation
[1437.509s][info][gc,phases      ] GC(225)   Pre Evacuate Collection Set: 0.41ms
[1437.509s][info][gc,phases      ] GC(225)   Merge Heap Roots: 0.62ms
[1437.509s][info][gc,phases      ] GC(225)   Evacuate Collection Set: 127.32ms
[1437.509s][info][gc,phases      ] GC(225)   Post Evacuate Collection Set: 0.97ms
[1437.509s][info][gc,phases      ] GC(225)   Other: 0.09ms
[1437.509s][info][gc,heap        ] GC(225) Eden regions: 1120->0(1120)
[1437.509s][info][gc,heap        ] GC(225) Survivor regions: 108->108(154)
[1437.509s][info][gc,heap        ] GC(225) Old regions: 532->467
[1437.509s][info][gc,heap        ] GC(225) Humongous regions: 77->77
[1437.509s][info][gc,metaspace   ] GC(225) Metaspace: 28950K(29312K)->28950K(29312K) NonClass: 24067K(24256K)->24067K(24256K) Class: 4883K(5056K)->4883K(5056K)
[1437.509s][info][gc             ] GC(225) Pause Young (Mixed) (G1 Evacuation Pause) 3671M->1302M(4096M) 129.534ms
[1437.509s][info][gc,cpu         ] GC(225) User=0.77s Sys=0.00s Real=0.13s
..........[1447.885s][info][gc,start       ] GC(226) Pause Young (Concurrent Start) (G1 Evacuation Pause)
[1447.885s][info][gc,task        ] GC(226) Using 6 workers of 6 for evacuation
[1448.004s][info][gc,phases      ] GC(226)   Pre Evacuate Collection Set: 0.35ms
[1448.004s][info][gc,phases      ] GC(226)   Merge Heap Roots: 0.47ms
[1448.004s][info][gc,phases      ] GC(226)   Evacuate Collection Set: 116.91ms
[1448.004s][info][gc,phases      ] GC(226)   Post Evacuate Collection Set: 0.94ms
[1448.004s][info][gc,phases      ] GC(226)   Other: 0.10ms
[1448.004s][info][gc,heap        ] GC(226) Eden regions: 1120->0(1118)
[1448.004s][info][gc,heap        ] GC(226) Survivor regions: 108->110(154)
[1448.004s][info][gc,heap        ] GC(226) Old regions: 467->499
[1448.004s][info][gc,heap        ] GC(226) Humongous regions: 77->77
[1448.004s][info][gc,metaspace   ] GC(226) Metaspace: 28950K(29312K)->28950K(29312K) NonClass: 24067K(24256K)->24067K(24256K) Class: 4883K(5056K)->4883K(5056K)
[1448.004s][info][gc             ] GC(226) Pause Young (Concurrent Start) (G1 Evacuation Pause) 3542M->1369M(4096M) 118.901ms
[1448.004s][info][gc             ] GC(227) Concurrent Mark Cycle
[1448.004s][info][gc,marking     ] GC(227) Concurrent Scan Root Regions
[1448.004s][info][gc,cpu         ] GC(226) User=0.70s Sys=0.00s Real=0.12s
[1448.119s][info][gc,marking     ] GC(227) Concurrent Scan Root Regions 114.746ms
[1448.119s][info][gc,marking     ] GC(227) Concurrent Mark
[1448.119s][info][gc,marking     ] GC(227) Concurrent Mark From Roots
[1448.119s][info][gc,task        ] GC(227) Using 2 workers of 2 for marking
.[1448.648s][info][gc,marking     ] GC(227) Concurrent Mark From Roots 528.802ms
[1448.648s][info][gc,marking     ] GC(227) Concurrent Preclean
[1448.648s][info][gc,marking     ] GC(227) Concurrent Preclean 0.071ms
[1448.648s][info][gc,start       ] GC(227) Pause Remark
[1448.651s][info][gc             ] GC(227) Pause Remark 1521M->1521M(4096M) 2.383ms
[1448.651s][info][gc,cpu         ] GC(227) User=0.01s Sys=0.00s Real=0.00s
[1448.651s][info][gc,marking     ] GC(227) Concurrent Mark 531.585ms
[1448.651s][info][gc,marking     ] GC(227) Concurrent Rebuild Remembered Sets and Scrub Regions
[1448.851s][info][gc,marking     ] GC(227) Concurrent Rebuild Remembered Sets and Scrub Regions 200.493ms
[1448.851s][info][gc,start       ] GC(227) Pause Cleanup
[1448.851s][info][gc             ] GC(227) Pause Cleanup 1561M->1561M(4096M) 0.115ms
[1448.851s][info][gc,cpu         ] GC(227) User=0.00s Sys=0.00s Real=0.00s
[1448.851s][info][gc,marking     ] GC(227) Concurrent Clear Claimed Marks
[1448.851s][info][gc,marking     ] GC(227) Concurrent Clear Claimed Marks 0.032ms
[1448.851s][info][gc,marking     ] GC(227) Concurrent Cleanup for Next Mark
[1448.855s][info][gc,marking     ] GC(227) Concurrent Cleanup for Next Mark 3.497ms
[1448.855s][info][gc             ] GC(227) Concurrent Mark Cycle 850.827ms
..........[1458.589s][info][gc,start       ] GC(228) Pause Young (Prepare Mixed) (G1 Evacuation Pause)
[1458.589s][info][gc,task        ] GC(228) Using 6 workers of 6 for evacuation
[1458.705s][info][gc,phases      ] GC(228)   Pre Evacuate Collection Set: 0.37ms
[1458.705s][info][gc,phases      ] GC(228)   Merge Heap Roots: 0.53ms
[1458.705s][info][gc,phases      ] GC(228)   Evacuate Collection Set: 113.89ms
[1458.705s][info][gc,phases      ] GC(228)   Post Evacuate Collection Set: 0.94ms
[1458.705s][info][gc,phases      ] GC(228)   Other: 0.08ms
[1458.705s][info][gc,heap        ] GC(228) Eden regions: 1118->0(1120)
[1458.705s][info][gc,heap        ] GC(228) Survivor regions: 110->108(154)
[1458.705s][info][gc,heap        ] GC(228) Old regions: 499->531
[1458.705s][info][gc,heap        ] GC(228) Humongous regions: 77->77
[1458.705s][info][gc,metaspace   ] GC(228) Metaspace: 28950K(29312K)->28950K(29312K) NonClass: 24067K(24256K)->24067K(24256K) Class: 4883K(5056K)->4883K(5056K)
[1458.705s][info][gc             ] GC(228) Pause Young (Prepare Mixed) (G1 Evacuation Pause) 3605M->1430M(4096M) 115.948ms
[1458.705s][info][gc,cpu         ] GC(228) User=0.69s Sys=0.00s Real=0.12s
..........[1469.171s][info][gc,start       ] GC(229) Pause Young (Mixed) (G1 Evacuation Pause)
[1469.171s][info][gc,task        ] GC(229) Using 6 workers of 6 for evacuation
[1469.300s][info][gc,phases      ] GC(229)   Pre Evacuate Collection Set: 0.40ms
[1469.300s][info][gc,phases      ] GC(229)   Merge Heap Roots: 0.60ms
[1469.300s][info][gc,phases      ] GC(229)   Evacuate Collection Set: 127.47ms
[1469.300s][info][gc,phases      ] GC(229)   Post Evacuate Collection Set: 0.97ms
[1469.300s][info][gc,phases      ] GC(229)   Other: 0.11ms
[1469.300s][info][gc,heap        ] GC(229) Eden regions: 1120->0(1119)
[1469.300s][info][gc,heap        ] GC(229) Survivor regions: 108->109(154)
[1469.300s][info][gc,heap        ] GC(229) Old regions: 531->467
[1469.300s][info][gc,heap        ] GC(229) Humongous regions: 77->77
[1469.300s][info][gc,metaspace   ] GC(229) Metaspace: 28950K(29312K)->28950K(29312K) NonClass: 24067K(24256K)->24067K(24256K) Class: 4883K(5056K)->4883K(5056K)
[1469.300s][info][gc             ] GC(229) Pause Young (Mixed) (G1 Evacuation Pause) 3670M->1304M(4096M) 129.694ms
[1469.300s][info][gc,cpu         ] GC(229) User=0.77s Sys=0.00s Real=0.13s
...........[1479.746s][info][gc,start       ] GC(230) Pause Young (Concurrent Start) (G1 Evacuation Pause)
[1479.746s][info][gc,task        ] GC(230) Using 6 workers of 6 for evacuation
[1479.864s][info][gc,phases      ] GC(230)   Pre Evacuate Collection Set: 0.39ms
[1479.864s][info][gc,phases      ] GC(230)   Merge Heap Roots: 0.45ms
[1479.864s][info][gc,phases      ] GC(230)   Evacuate Collection Set: 115.76ms
[1479.864s][info][gc,phases      ] GC(230)   Post Evacuate Collection Set: 0.89ms
[1479.864s][info][gc,phases      ] GC(230)   Other: 0.09ms
[1479.864s][info][gc,heap        ] GC(230) Eden regions: 1119->0(1119)
[1479.864s][info][gc,heap        ] GC(230) Survivor regions: 109->109(154)
[1479.864s][info][gc,heap        ] GC(230) Old regions: 467->500
[1479.864s][info][gc,heap        ] GC(230) Humongous regions: 77->77
[1479.864s][info][gc,metaspace   ] GC(230) Metaspace: 28950K(29312K)->28950K(29312K) NonClass: 24067K(24256K)->24067K(24256K) Class: 4883K(5056K)->4883K(5056K)
[1479.864s][info][gc             ] GC(230) Pause Young (Concurrent Start) (G1 Evacuation Pause) 3542M->1368M(4096M) 117.712ms
[1479.864s][info][gc             ] GC(231) Concurrent Mark Cycle
[1479.864s][info][gc,marking     ] GC(231) Concurrent Scan Root Regions
[1479.864s][info][gc,cpu         ] GC(230) User=0.69s Sys=0.00s Real=0.12s
[1479.988s][info][gc,marking     ] GC(231) Concurrent Scan Root Regions 123.856ms
[1479.988s][info][gc,marking     ] GC(231) Concurrent Mark
[1479.988s][info][gc,marking     ] GC(231) Concurrent Mark From Roots
[1479.988s][info][gc,task        ] GC(231) Using 2 workers of 2 for marking
.[1480.519s][info][gc,marking     ] GC(231) Concurrent Mark From Roots 530.611ms
[1480.519s][info][gc,marking     ] GC(231) Concurrent Preclean
[1480.519s][info][gc,marking     ] GC(231) Concurrent Preclean 0.056ms
[1480.519s][info][gc,start       ] GC(231) Pause Remark
[1480.521s][info][gc             ] GC(231) Pause Remark 1533M->1533M(4096M) 2.554ms
[1480.521s][info][gc,cpu         ] GC(231) User=0.01s Sys=0.00s Real=0.00s
[1480.521s][info][gc,marking     ] GC(231) Concurrent Mark 533.471ms
[1480.521s][info][gc,marking     ] GC(231) Concurrent Rebuild Remembered Sets and Scrub Regions
[1480.730s][info][gc,marking     ] GC(231) Concurrent Rebuild Remembered Sets and Scrub Regions 208.886ms
[1480.730s][info][gc,start       ] GC(231) Pause Cleanup
[1480.731s][info][gc             ] GC(231) Pause Cleanup 1593M->1593M(4096M) 0.110ms
[1480.731s][info][gc,cpu         ] GC(231) User=0.00s Sys=0.00s Real=0.00s
[1480.731s][info][gc,marking     ] GC(231) Concurrent Clear Claimed Marks
[1480.731s][info][gc,marking     ] GC(231) Concurrent Clear Claimed Marks 0.032ms
[1480.731s][info][gc,marking     ] GC(231) Concurrent Cleanup for Next Mark
[1480.734s][info][gc,marking     ] GC(231) Concurrent Cleanup for Next Mark 3.649ms
[1480.734s][info][gc             ] GC(231) Concurrent Mark Cycle 870.359ms
... (rIR:aIR:PR = 1799:1800:1800) (tPR = 26703) [OK] 
  1483s: Performance info:
         Transaction,    Success,    Partial,     Failed,   Receipts, AvgBarcode, 
             Overall,     108258,          0,          0,     102839,      59.47, 
         Response times:
             Request,    Success,    Partial,     Failed,   SkipFail,     Probes,    Samples,      min,      p50,      p90,      p95,      p99,      max, 
       TotalPurchase,     102839,          0,          0,          0,     100159,     108320,      300,     1700,     2600,     2900,     7400,   134000,
     InStorePurchase,      54136,          0,          0,          0,      52897,      56863,      300,     1700,     2600,     2900,     6500,   134000,
      OnlinePurchase,      37867,          0,          0,          0,      36901,      39968,      300,     1700,     2600,     2900,     9100,   134000,
        InstPurchase,      10836,          0,          0,          0,      10361,      11489,      400,     1600,     2600,     3000,     9000,   133000,
          AssocOfCat,        109,          0,          0,          0,        105,        115,    18200,    25000,    29000,    36400,   143560,   157000,
      AssocOfProduct,       1089,          0,          0,          0,        960,       1128,      900,     2200,     2900,     3200,     5839,    32000,
      BusinessReport,        271,          0,          0,          0,        231,        311,    21000,    27000,    34000,    37400,    88040,   168000,
          CustBuyBeh,       1085,          0,          0,          0,        961,       1144,      300,     1400,     2150,     2400,     6775,   132000,
       ProductReturn,       2865,          0,          0,          0,       2664,       3104,      200,     1800,     2500,     2800,     9065,   134000,

  1483s: (14%)   IR =   1937 .....|.[1489.858s][info][gc,start       ] GC(232) Pause Young (Prepare Mixed) (G1 Evacuation Pause)
[1489.858s][info][gc,task        ] GC(232) Using 6 workers of 6 for evacuation
[1489.978s][info][gc,phases      ] GC(232)   Pre Evacuate Collection Set: 0.36ms
[1489.978s][info][gc,phases      ] GC(232)   Merge Heap Roots: 0.51ms
[1489.978s][info][gc,phases      ] GC(232)   Evacuate Collection Set: 118.87ms
[1489.978s][info][gc,phases      ] GC(232)   Post Evacuate Collection Set: 0.95ms
[1489.978s][info][gc,phases      ] GC(232)   Other: 0.08ms
[1489.978s][info][gc,heap        ] GC(232) Eden regions: 1119->0(1111)
[1489.978s][info][gc,heap        ] GC(232) Survivor regions: 109->111(154)
[1489.979s][info][gc,heap        ] GC(232) Old regions: 500->532
[1489.979s][info][gc,heap        ] GC(232) Humongous regions: 80->80
[1489.979s][info][gc,metaspace   ] GC(232) Metaspace: 28951K(29312K)->28951K(29312K) NonClass: 24067K(24256K)->24067K(24256K) Class: 4883K(5056K)->4883K(5056K)
[1489.979s][info][gc             ] GC(232) Pause Young (Prepare Mixed) (G1 Evacuation Pause) 3612M->1443M(4096M) 120.920ms
[1489.979s][info][gc,cpu         ] GC(232) User=0.71s Sys=0.00s Real=0.12s
..........[1499.601s][info][gc,start       ] GC(233) Pause Young (Mixed) (G1 Evacuation Pause)
[1499.601s][info][gc,task        ] GC(233) Using 6 workers of 6 for evacuation
[1499.739s][info][gc,phases      ] GC(233)   Pre Evacuate Collection Set: 0.40ms
[1499.739s][info][gc,phases      ] GC(233)   Merge Heap Roots: 0.68ms
[1499.739s][info][gc,phases      ] GC(233)   Evacuate Collection Set: 135.50ms
[1499.739s][info][gc,phases      ] GC(233)   Post Evacuate Collection Set: 1.06ms
[1499.739s][info][gc,phases      ] GC(233)   Other: 0.09ms
[1499.739s][info][gc,heap        ] GC(233) Eden regions: 1111->0(1115)
[1499.739s][info][gc,heap        ] GC(233) Survivor regions: 111->113(153)
[1499.739s][info][gc,heap        ] GC(233) Old regions: 532->468
[1499.739s][info][gc,heap        ] GC(233) Humongous regions: 80->80
[1499.739s][info][gc,metaspace   ] GC(233) Metaspace: 28951K(29312K)->28951K(29312K) NonClass: 24067K(24256K)->24067K(24256K) Class: 4883K(5056K)->4883K(5056K)
[1499.739s][info][gc             ] GC(233) Pause Young (Mixed) (G1 Evacuation Pause) 3665M->1320M(4096M) 137.860ms
[1499.739s][info][gc,cpu         ] GC(233) User=0.81s Sys=0.00s Real=0.14s
..........[1509.462s][info][gc,start       ] GC(234) Pause Young (Concurrent Start) (G1 Evacuation Pause)
[1509.462s][info][gc,task        ] GC(234) Using 6 workers of 6 for evacuation
[1509.581s][info][gc,phases      ] GC(234)   Pre Evacuate Collection Set: 0.41ms
[1509.581s][info][gc,phases      ] GC(234)   Merge Heap Roots: 0.49ms
[1509.581s][info][gc,phases      ] GC(234)   Evacuate Collection Set: 117.25ms
[1509.581s][info][gc,phases      ] GC(234)   Post Evacuate Collection Set: 0.90ms
[1509.581s][info][gc,phases      ] GC(234)   Other: 0.09ms
[1509.581s][info][gc,heap        ] GC(234) Eden regions: 1115->0(1120)
[1509.581s][info][gc,heap        ] GC(234) Survivor regions: 113->108(154)
[1509.581s][info][gc,heap        ] GC(234) Old regions: 468->501
[1509.581s][info][gc,heap        ] GC(234) Humongous regions: 80->80
[1509.581s][info][gc,metaspace   ] GC(234) Metaspace: 28951K(29312K)->28951K(29312K) NonClass: 24067K(24256K)->24067K(24256K) Class: 4883K(5056K)->4883K(5056K)
[1509.581s][info][gc             ] GC(234) Pause Young (Concurrent Start) (G1 Evacuation Pause) 3550M->1375M(4096M) 119.277ms
[1509.581s][info][gc             ] GC(235) Concurrent Mark Cycle
[1509.581s][info][gc,marking     ] GC(235) Concurrent Scan Root Regions
[1509.581s][info][gc,cpu         ] GC(234) User=0.71s Sys=0.00s Real=0.11s
[1509.704s][info][gc,marking     ] GC(235) Concurrent Scan Root Regions 122.529ms
[1509.704s][info][gc,marking     ] GC(235) Concurrent Mark
[1509.704s][info][gc,marking     ] GC(235) Concurrent Mark From Roots
[1509.704s][info][gc,task        ] GC(235) Using 2 workers of 2 for marking
[1510.210s][info][gc,marking     ] GC(235) Concurrent Mark From Roots 506.340ms
[1510.210s][info][gc,marking     ] GC(235) Concurrent Preclean
[1510.210s][info][gc,marking     ] GC(235) Concurrent Preclean 0.059ms
[1510.210s][info][gc,start       ] GC(235) Pause Remark
[1510.213s][info][gc             ] GC(235) Pause Remark 1537M->1537M(4096M) 2.605ms
[1510.213s][info][gc,cpu         ] GC(235) User=0.01s Sys=0.00s Real=0.01s
[1510.213s][info][gc,marking     ] GC(235) Concurrent Mark 509.240ms
[1510.213s][info][gc,marking     ] GC(235) Concurrent Rebuild Remembered Sets and Scrub Regions
.[1510.419s][info][gc,marking     ] GC(235) Concurrent Rebuild Remembered Sets and Scrub Regions 205.811ms
[1510.419s][info][gc,start       ] GC(235) Pause Cleanup
[1510.419s][info][gc             ] GC(235) Pause Cleanup 1588M->1588M(4096M) 0.120ms
[1510.419s][info][gc,cpu         ] GC(235) User=0.00s Sys=0.00s Real=0.00s
[1510.419s][info][gc,marking     ] GC(235) Concurrent Clear Claimed Marks
[1510.419s][info][gc,marking     ] GC(235) Concurrent Clear Claimed Marks 0.033ms
[1510.419s][info][gc,marking     ] GC(235) Concurrent Cleanup for Next Mark
[1510.423s][info][gc,marking     ] GC(235) Concurrent Cleanup for Next Mark 3.459ms
[1510.423s][info][gc             ] GC(235) Concurrent Mark Cycle 841.543ms
........[1519.265s][info][gc,start       ] GC(236) Pause Young (Prepare Mixed) (G1 Evacuation Pause)
[1519.265s][info][gc,task        ] GC(236) Using 6 workers of 6 for evacuation
[1519.382s][info][gc,phases      ] GC(236)   Pre Evacuate Collection Set: 0.37ms
[1519.382s][info][gc,phases      ] GC(236)   Merge Heap Roots: 0.50ms
[1519.382s][info][gc,phases      ] GC(236)   Evacuate Collection Set: 115.09ms
[1519.382s][info][gc,phases      ] GC(236)   Post Evacuate Collection Set: 0.94ms
[1519.382s][info][gc,phases      ] GC(236)   Other: 0.08ms
[1519.382s][info][gc,heap        ] GC(236) Eden regions: 1120->0(1116)
[1519.382s][info][gc,heap        ] GC(236) Survivor regions: 108->108(154)
[1519.382s][info][gc,heap        ] GC(236) Old regions: 501->533
[1519.382s][info][gc,heap        ] GC(236) Humongous regions: 80->80
[1519.382s][info][gc,metaspace   ] GC(236) Metaspace: 28951K(29312K)->28951K(29312K) NonClass: 24067K(24256K)->24067K(24256K) Class: 4883K(5056K)->4883K(5056K)
[1519.382s][info][gc             ] GC(236) Pause Young (Prepare Mixed) (G1 Evacuation Pause) 3615M->1439M(4096M) 117.137ms
[1519.382s][info][gc,cpu         ] GC(236) User=0.69s Sys=0.00s Real=0.11s
..........[1529.065s][info][gc,start       ] GC(237) Pause Young (Mixed) (G1 Evacuation Pause)
[1529.065s][info][gc,task        ] GC(237) Using 6 workers of 6 for evacuation
[1529.196s][info][gc,phases      ] GC(237)   Pre Evacuate Collection Set: 0.38ms
[1529.196s][info][gc,phases      ] GC(237)   Merge Heap Roots: 0.68ms
[1529.196s][info][gc,phases      ] GC(237)   Evacuate Collection Set: 128.82ms
[1529.196s][info][gc,phases      ] GC(237)   Post Evacuate Collection Set: 0.96ms
[1529.196s][info][gc,phases      ] GC(237)   Other: 0.09ms
[1529.196s][info][gc,heap        ] GC(237) Eden regions: 1116->0(1120)
[1529.196s][info][gc,heap        ] GC(237) Survivor regions: 108->108(153)
[1529.196s][info][gc,heap        ] GC(237) Old regions: 533->465
[1529.196s][info][gc,heap        ] GC(237) Humongous regions: 80->80
[1529.196s][info][gc,metaspace   ] GC(237) Metaspace: 28951K(29312K)->28951K(29312K) NonClass: 24067K(24256K)->24067K(24256K) Class: 4883K(5056K)->4883K(5056K)
[1529.196s][info][gc             ] GC(237) Pause Young (Mixed) (G1 Evacuation Pause) 3671M->1304M(4096M) 131.059ms
[1529.196s][info][gc,cpu         ] GC(237) User=0.77s Sys=0.00s Real=0.13s
..........[1538.899s][info][gc,start       ] GC(238) Pause Young (Concurrent Start) (G1 Evacuation Pause)
[1538.899s][info][gc,task        ] GC(238) Using 6 workers of 6 for evacuation
[1539.015s][info][gc,phases      ] GC(238)   Pre Evacuate Collection Set: 0.40ms
[1539.015s][info][gc,phases      ] GC(238)   Merge Heap Roots: 0.47ms
[1539.015s][info][gc,phases      ] GC(238)   Evacuate Collection Set: 113.96ms
[1539.015s][info][gc,phases      ] GC(238)   Post Evacuate Collection Set: 0.92ms
[1539.015s][info][gc,phases      ] GC(238)   Other: 0.10ms
[1539.015s][info][gc,heap        ] GC(238) Eden regions: 1120->0(1120)
[1539.015s][info][gc,heap        ] GC(238) Survivor regions: 108->108(154)
[1539.015s][info][gc,heap        ] GC(238) Old regions: 465->497
[1539.015s][info][gc,heap        ] GC(238) Humongous regions: 80->80
[1539.015s][info][gc,metaspace   ] GC(238) Metaspace: 28951K(29312K)->28951K(29312K) NonClass: 24067K(24256K)->24067K(24256K) Class: 4883K(5056K)->4883K(5056K)
[1539.015s][info][gc             ] GC(238) Pause Young (Concurrent Start) (G1 Evacuation Pause) 3544M->1367M(4096M) 115.988ms
[1539.015s][info][gc             ] GC(239) Concurrent Mark Cycle
[1539.015s][info][gc,marking     ] GC(239) Concurrent Scan Root Regions
[1539.015s][info][gc,cpu         ] GC(238) User=0.69s Sys=0.00s Real=0.12s
[1539.124s][info][gc,marking     ] GC(239) Concurrent Scan Root Regions 108.309ms
[1539.124s][info][gc,marking     ] GC(239) Concurrent Mark
[1539.124s][info][gc,marking     ] GC(239) Concurrent Mark From Roots
[1539.124s][info][gc,task        ] GC(239) Using 2 workers of 2 for marking
.[1539.631s][info][gc,marking     ] GC(239) Concurrent Mark From Roots 507.095ms
[1539.631s][info][gc,marking     ] GC(239) Concurrent Preclean
[1539.631s][info][gc,marking     ] GC(239) Concurrent Preclean 0.057ms
[1539.631s][info][gc,start       ] GC(239) Pause Remark
[1539.633s][info][gc             ] GC(239) Pause Remark 1560M->1560M(4096M) 2.542ms
[1539.634s][info][gc,cpu         ] GC(239) User=0.01s Sys=0.00s Real=0.01s
[1539.634s][info][gc,marking     ] GC(239) Concurrent Mark 509.955ms
[1539.634s][info][gc,marking     ] GC(239) Concurrent Rebuild Remembered Sets and Scrub Regions
[1539.828s][info][gc,marking     ] GC(239) Concurrent Rebuild Remembered Sets and Scrub Regions 194.289ms
[1539.828s][info][gc,start       ] GC(239) Pause Cleanup
[1539.828s][info][gc             ] GC(239) Pause Cleanup 1602M->1602M(4096M) 0.115ms
[1539.828s][info][gc,cpu         ] GC(239) User=0.00s Sys=0.00s Real=0.00s
[1539.828s][info][gc,marking     ] GC(239) Concurrent Clear Claimed Marks
[1539.828s][info][gc,marking     ] GC(239) Concurrent Clear Claimed Marks 0.028ms
[1539.828s][info][gc,marking     ] GC(239) Concurrent Cleanup for Next Mark
[1539.831s][info][gc,marking     ] GC(239) Concurrent Cleanup for Next Mark 3.294ms
[1539.832s][info][gc             ] GC(239) Concurrent Mark Cycle 816.339ms
......... (rIR:aIR:PR = 1937:1938:1938) (tPR = 28792) [OK] 
  1548s: Performance info:
         Transaction,    Success,    Partial,     Failed,   Receipts, AvgBarcode, 
             Overall,     116417,          0,          0,     110591,      59.48, 
         Response times:
             Request,    Success,    Partial,     Failed,   SkipFail,     Probes,    Samples,      min,      p50,      p90,      p95,      p99,      max, 
       TotalPurchase,     110591,          0,          0,          0,     108102,     118525,      300,     1800,     2700,     3000,     6100,   158000,
     InStorePurchase,      58234,          0,          0,          0,      57208,      62475,      300,     1700,     2700,     3000,     5500,   158000,
      OnlinePurchase,      40738,          0,          0,          0,      39870,      43798,      400,     1800,     2700,     3000,     8000,   158000,
        InstPurchase,      11619,          0,          0,          0,      11024,      12252,      400,     1900,     2700,     3100,     6147,   142000,
          AssocOfCat,        117,          0,          0,          0,        114,        122,    18200,    25000,    32000,    37000,   125000,   148000,
      AssocOfProduct,       1164,          0,          0,          0,       1006,       1226,      600,     2300,     3100,     3500,    14146,    29000,
      BusinessReport,        290,          0,          0,          0,        215,        293,    22000,    29000,    36600,    40300,   139520,   179000,
          CustBuyBeh,       1160,          0,          0,          0,       1013,       1254,      600,     1800,     2500,     2725,     4990,   123000,
       ProductReturn,       3095,          0,          0,          0,       2825,       3254,      200,     2000,     2800,     3100,     8675,   142000,

  1548s: (15%)   IR =   2076 [1548.739s][info][gc,start       ] GC(240) Pause Young (Prepare Mixed) (G1 Evacuation Pause)
[1548.739s][info][gc,task        ] GC(240) Using 6 workers of 6 for evacuation
[1548.856s][info][gc,phases      ] GC(240)   Pre Evacuate Collection Set: 0.36ms
[1548.856s][info][gc,phases      ] GC(240)   Merge Heap Roots: 0.52ms
[1548.856s][info][gc,phases      ] GC(240)   Evacuate Collection Set: 114.84ms
[1548.856s][info][gc,phases      ] GC(240)   Post Evacuate Collection Set: 0.95ms
[1548.856s][info][gc,phases      ] GC(240)   Other: 0.09ms
[1548.856s][info][gc,heap        ] GC(240) Eden regions: 1120->0(1120)
[1548.856s][info][gc,heap        ] GC(240) Survivor regions: 108->108(154)
[1548.856s][info][gc,heap        ] GC(240) Old regions: 497->529
[1548.856s][info][gc,heap        ] GC(240) Humongous regions: 80->80
[1548.856s][info][gc,metaspace   ] GC(240) Metaspace: 28954K(29312K)->28954K(29312K) NonClass: 24070K(24256K)->24070K(24256K) Class: 4883K(5056K)->4883K(5056K)
[1548.856s][info][gc             ] GC(240) Pause Young (Prepare Mixed) (G1 Evacuation Pause) 3607M->1432M(4096M) 116.929ms
[1548.856s][info][gc,cpu         ] GC(240) User=0.69s Sys=0.00s Real=0.12s
......|...[1557.916s][info][gc,start       ] GC(241) Pause Young (Mixed) (G1 Evacuation Pause)
[1557.916s][info][gc,task        ] GC(241) Using 6 workers of 6 for evacuation
[1558.050s][info][gc,phases      ] GC(241)   Pre Evacuate Collection Set: 0.39ms
[1558.050s][info][gc,phases      ] GC(241)   Merge Heap Roots: 0.68ms
[1558.050s][info][gc,phases      ] GC(241)   Evacuate Collection Set: 131.75ms
[1558.050s][info][gc,phases      ] GC(241)   Post Evacuate Collection Set: 1.02ms
[1558.050s][info][gc,phases      ] GC(241)   Other: 0.62ms
[1558.050s][info][gc,heap        ] GC(241) Eden regions: 1120->0(1119)
[1558.050s][info][gc,heap        ] GC(241) Survivor regions: 108->109(154)
[1558.050s][info][gc,heap        ] GC(241) Old regions: 529->467
[1558.050s][info][gc,heap        ] GC(241) Humongous regions: 80->80
[1558.050s][info][gc,metaspace   ] GC(241) Metaspace: 28954K(29312K)->28954K(29312K) NonClass: 24070K(24256K)->24070K(24256K) Class: 4883K(5056K)->4883K(5056K)
[1558.050s][info][gc             ] GC(241) Pause Young (Mixed) (G1 Evacuation Pause) 3672M->1308M(4096M) 134.581ms
[1558.050s][info][gc,cpu         ] GC(241) User=0.80s Sys=0.00s Real=0.13s
.........[1567.150s][info][gc,start       ] GC(242) Pause Young (Concurrent Start) (G1 Evacuation Pause)
[1567.150s][info][gc,task        ] GC(242) Using 6 workers of 6 for evacuation
[1567.266s][info][gc,phases      ] GC(242)   Pre Evacuate Collection Set: 0.44ms
[1567.266s][info][gc,phases      ] GC(242)   Merge Heap Roots: 0.50ms
[1567.266s][info][gc,phases      ] GC(242)   Evacuate Collection Set: 114.01ms
[1567.266s][info][gc,phases      ] GC(242)   Post Evacuate Collection Set: 0.91ms
[1567.266s][info][gc,phases      ] GC(242)   Other: 0.14ms
[1567.266s][info][gc,heap        ] GC(242) Eden regions: 1119->0(1119)
[1567.266s][info][gc,heap        ] GC(242) Survivor regions: 109->109(154)
[1567.266s][info][gc,heap        ] GC(242) Old regions: 467->498
[1567.266s][info][gc,heap        ] GC(242) Humongous regions: 80->80
[1567.266s][info][gc,metaspace   ] GC(242) Metaspace: 28954K(29312K)->28954K(29312K) NonClass: 24070K(24256K)->24070K(24256K) Class: 4883K(5056K)->4883K(5056K)
[1567.266s][info][gc             ] GC(242) Pause Young (Concurrent Start) (G1 Evacuation Pause) 3546M->1372M(4096M) 116.142ms
[1567.266s][info][gc             ] GC(243) Concurrent Mark Cycle
[1567.266s][info][gc,marking     ] GC(243) Concurrent Scan Root Regions
[1567.266s][info][gc,cpu         ] GC(242) User=0.69s Sys=0.00s Real=0.12s
[1567.384s][info][gc,marking     ] GC(243) Concurrent Scan Root Regions 117.948ms
[1567.384s][info][gc,marking     ] GC(243) Concurrent Mark
[1567.384s][info][gc,marking     ] GC(243) Concurrent Mark From Roots
[1567.384s][info][gc,task        ] GC(243) Using 2 workers of 2 for marking
.[1567.916s][info][gc,marking     ] GC(243) Concurrent Mark From Roots 531.867ms
[1567.916s][info][gc,marking     ] GC(243) Concurrent Preclean
[1567.916s][info][gc,marking     ] GC(243) Concurrent Preclean 0.057ms
[1567.917s][info][gc,start       ] GC(243) Pause Remark
[1567.919s][info][gc             ] GC(243) Pause Remark 1548M->1548M(4096M) 2.601ms
[1567.919s][info][gc,cpu         ] GC(243) User=0.01s Sys=0.00s Real=0.00s
[1567.919s][info][gc,marking     ] GC(243) Concurrent Mark 534.795ms
[1567.919s][info][gc,marking     ] GC(243) Concurrent Rebuild Remembered Sets and Scrub Regions
[1568.129s][info][gc,marking     ] GC(243) Concurrent Rebuild Remembered Sets and Scrub Regions 209.525ms
[1568.129s][info][gc,start       ] GC(243) Pause Cleanup
[1568.129s][info][gc             ] GC(243) Pause Cleanup 1598M->1598M(4096M) 0.114ms
[1568.129s][info][gc,cpu         ] GC(243) User=0.00s Sys=0.00s Real=0.00s
[1568.129s][info][gc,marking     ] GC(243) Concurrent Clear Claimed Marks
[1568.129s][info][gc,marking     ] GC(243) Concurrent Clear Claimed Marks 0.029ms
[1568.129s][info][gc,marking     ] GC(243) Concurrent Cleanup for Next Mark
[1568.133s][info][gc,marking     ] GC(243) Concurrent Cleanup for Next Mark 3.716ms
[1568.133s][info][gc             ] GC(243) Concurrent Mark Cycle 866.476ms
........[1576.288s][info][gc,start       ] GC(244) Pause Young (Prepare Mixed) (G1 Evacuation Pause)
[1576.288s][info][gc,task        ] GC(244) Using 6 workers of 6 for evacuation
[1576.403s][info][gc,phases      ] GC(244)   Pre Evacuate Collection Set: 0.37ms
[1576.403s][info][gc,phases      ] GC(244)   Merge Heap Roots: 0.51ms
[1576.403s][info][gc,phases      ] GC(244)   Evacuate Collection Set: 113.37ms
[1576.403s][info][gc,phases      ] GC(244)   Post Evacuate Collection Set: 0.97ms
[1576.403s][info][gc,phases      ] GC(244)   Other: 0.09ms
[1576.403s][info][gc,heap        ] GC(244) Eden regions: 1119->0(1118)
[1576.403s][info][gc,heap        ] GC(244) Survivor regions: 109->108(154)
[1576.403s][info][gc,heap        ] GC(244) Old regions: 498->531
[1576.403s][info][gc,heap        ] GC(244) Humongous regions: 80->80
[1576.403s][info][gc,metaspace   ] GC(244) Metaspace: 28954K(29312K)->28954K(29312K) NonClass: 24070K(24256K)->24070K(24256K) Class: 4883K(5056K)->4883K(5056K)
[1576.403s][info][gc             ] GC(244) Pause Young (Prepare Mixed) (G1 Evacuation Pause) 3610M->1435M(4096M) 115.437ms
[1576.403s][info][gc,cpu         ] GC(244) User=0.68s Sys=0.00s Real=0.12s
..........[1585.483s][info][gc,start       ] GC(245) Pause Young (Mixed) (G1 Evacuation Pause)
[1585.483s][info][gc,task        ] GC(245) Using 6 workers of 6 for evacuation
[1585.621s][info][gc,phases      ] GC(245)   Pre Evacuate Collection Set: 0.41ms
[1585.621s][info][gc,phases      ] GC(245)   Merge Heap Roots: 0.73ms
[1585.621s][info][gc,phases      ] GC(245)   Evacuate Collection Set: 136.04ms
[1585.621s][info][gc,phases      ] GC(245)   Post Evacuate Collection Set: 0.98ms
[1585.621s][info][gc,phases      ] GC(245)   Other: 0.10ms
[1585.621s][info][gc,heap        ] GC(245) Eden regions: 1118->0(1114)
[1585.621s][info][gc,heap        ] GC(245) Survivor regions: 108->114(154)
[1585.621s][info][gc,heap        ] GC(245) Old regions: 531->468
[1585.621s][info][gc,heap        ] GC(245) Humongous regions: 80->80
[1585.621s][info][gc,metaspace   ] GC(245) Metaspace: 28954K(29312K)->28954K(29312K) NonClass: 24070K(24256K)->24070K(24256K) Class: 4883K(5056K)->4883K(5056K)
[1585.621s][info][gc             ] GC(245) Pause Young (Mixed) (G1 Evacuation Pause) 3671M->1322M(4096M) 138.374ms
[1585.622s][info][gc,cpu         ] GC(245) User=0.81s Sys=0.00s Real=0.13s
.........[1594.701s][info][gc,start       ] GC(246) Pause Young (Concurrent Start) (G1 Evacuation Pause)
[1594.701s][info][gc,task        ] GC(246) Using 6 workers of 6 for evacuation
[1594.821s][info][gc,phases      ] GC(246)   Pre Evacuate Collection Set: 0.41ms
[1594.821s][info][gc,phases      ] GC(246)   Merge Heap Roots: 0.47ms
[1594.821s][info][gc,phases      ] GC(246)   Evacuate Collection Set: 118.07ms
[1594.821s][info][gc,phases      ] GC(246)   Post Evacuate Collection Set: 0.89ms
[1594.821s][info][gc,phases      ] GC(246)   Other: 0.11ms
[1594.821s][info][gc,heap        ] GC(246) Eden regions: 1114->0(1116)
[1594.821s][info][gc,heap        ] GC(246) Survivor regions: 114->112(154)
[1594.821s][info][gc,heap        ] GC(246) Old regions: 468->500
[1594.821s][info][gc,heap        ] GC(246) Humongous regions: 80->80
[1594.821s][info][gc,metaspace   ] GC(246) Metaspace: 28954K(29312K)->28954K(29312K) NonClass: 24070K(24256K)->24070K(24256K) Class: 4883K(5056K)->4883K(5056K)
[1594.821s][info][gc             ] GC(246) Pause Young (Concurrent Start) (G1 Evacuation Pause) 3550M->1381M(4096M) 120.100ms
[1594.821s][info][gc             ] GC(247) Concurrent Mark Cycle
[1594.821s][info][gc,marking     ] GC(247) Concurrent Scan Root Regions
[1594.821s][info][gc,cpu         ] GC(246) User=0.71s Sys=0.00s Real=0.12s
[1594.960s][info][gc,marking     ] GC(247) Concurrent Scan Root Regions 138.707ms
[1594.960s][info][gc,marking     ] GC(247) Concurrent Mark
[1594.960s][info][gc,marking     ] GC(247) Concurrent Mark From Roots
[1594.960s][info][gc,task        ] GC(247) Using 2 workers of 2 for marking
.[1595.550s][info][gc,marking     ] GC(247) Concurrent Mark From Roots 590.028ms
[1595.550s][info][gc,marking     ] GC(247) Concurrent Preclean
[1595.550s][info][gc,marking     ] GC(247) Concurrent Preclean 0.070ms
[1595.550s][info][gc,start       ] GC(247) Pause Remark
[1595.553s][info][gc             ] GC(247) Pause Remark 1617M->1617M(4096M) 2.836ms
[1595.553s][info][gc,cpu         ] GC(247) User=0.02s Sys=0.00s Real=0.01s
[1595.553s][info][gc,marking     ] GC(247) Concurrent Mark 593.238ms
[1595.553s][info][gc,marking     ] GC(247) Concurrent Rebuild Remembered Sets and Scrub Regions
[1595.760s][info][gc,marking     ] GC(247) Concurrent Rebuild Remembered Sets and Scrub Regions 206.589ms
[1595.760s][info][gc,start       ] GC(247) Pause Cleanup
[1595.760s][info][gc             ] GC(247) Pause Cleanup 1661M->1661M(4096M) 0.124ms
[1595.760s][info][gc,cpu         ] GC(247) User=0.00s Sys=0.00s Real=0.00s
[1595.760s][info][gc,marking     ] GC(247) Concurrent Clear Claimed Marks
[1595.760s][info][gc,marking     ] GC(247) Concurrent Clear Claimed Marks 0.030ms
[1595.760s][info][gc,marking     ] GC(247) Concurrent Cleanup for Next Mark
[1595.764s][info][gc,marking     ] GC(247) Concurrent Cleanup for Next Mark 3.255ms
[1595.764s][info][gc             ] GC(247) Concurrent Mark Cycle 942.289ms
........[1603.829s][info][gc,start       ] GC(248) Pause Young (Prepare Mixed) (G1 Evacuation Pause)
[1603.829s][info][gc,task        ] GC(248) Using 6 workers of 6 for evacuation
[1603.945s][info][gc,phases      ] GC(248)   Pre Evacuate Collection Set: 0.37ms
[1603.945s][info][gc,phases      ] GC(248)   Merge Heap Roots: 0.51ms
[1603.945s][info][gc,phases      ] GC(248)   Evacuate Collection Set: 113.42ms
[1603.945s][info][gc,phases      ] GC(248)   Post Evacuate Collection Set: 0.93ms
[1603.945s][info][gc,phases      ] GC(248)   Other: 0.10ms
[1603.945s][info][gc,heap        ] GC(248) Eden regions: 1116->0(1115)
[1603.945s][info][gc,heap        ] GC(248) Survivor regions: 112->109(154)
[1603.945s][info][gc,heap        ] GC(248) Old regions: 500->532
[1603.945s][info][gc,heap        ] GC(248) Humongous regions: 80->80
[1603.945s][info][gc,metaspace   ] GC(248) Metaspace: 28954K(29312K)->28954K(29312K) NonClass: 24070K(24256K)->24070K(24256K) Class: 4883K(5056K)->4883K(5056K)
[1603.945s][info][gc             ] GC(248) Pause Young (Prepare Mixed) (G1 Evacuation Pause) 3613M->1438M(4096M) 115.480ms
[1603.945s][info][gc,cpu         ] GC(248) User=0.68s Sys=0.00s Real=0.12s
.........[1612.904s][info][gc,start       ] GC(249) Pause Young (Mixed) (G1 Evacuation Pause)
[1612.904s][info][gc,task        ] GC(249) Using 6 workers of 6 for evacuation
[1613.035s][info][gc,phases      ] GC(249)   Pre Evacuate Collection Set: 0.39ms
[1613.035s][info][gc,phases      ] GC(249)   Merge Heap Roots: 0.67ms
[1613.035s][info][gc,phases      ] GC(249)   Evacuate Collection Set: 128.43ms
[1613.035s][info][gc,phases      ] GC(249)   Post Evacuate Collection Set: 1.04ms
[1613.035s][info][gc,phases      ] GC(249)   Other: 0.10ms
[1613.035s][info][gc,heap        ] GC(249) Eden regions: 1115->0(1120)
[1613.035s][info][gc,heap        ] GC(249) Survivor regions: 109->108(153)
[1613.035s][info][gc,heap        ] GC(249) Old regions: 532->467
[1613.035s][info][gc,heap        ] GC(249) Humongous regions: 80->80
[1613.035s][info][gc,metaspace   ] GC(249) Metaspace: 28954K(29312K)->28954K(29312K) NonClass: 24070K(24256K)->24070K(24256K) Class: 4883K(5056K)->4883K(5056K)
[1613.035s][info][gc             ] GC(249) Pause Young (Mixed) (G1 Evacuation Pause) 3668M->1308M(4096M) 130.781ms
[1613.035s][info][gc,cpu         ] GC(249) User=0.77s Sys=0.01s Real=0.13s
.. (rIR:aIR:PR = 2076:2076:2076) (tPR = 30652) [OK] 
  1614s: Performance info:
         Transaction,    Success,    Partial,     Failed,   Receipts, AvgBarcode, 
             Overall,     124626,          0,          0,     118400,      59.48, 
         Response times:
             Request,    Success,    Partial,     Failed,   SkipFail,     Probes,    Samples,      min,      p50,      p90,      p95,      p99,      max, 
       TotalPurchase,     118400,          0,          0,          0,     116125,     128822,      300,     1900,     2900,     3300,    12400,   166000,
     InStorePurchase,      62303,          0,          0,          0,      61341,      67864,      300,     1800,     2900,     3200,    11600,   166000,
      OnlinePurchase,      43625,          0,          0,          0,      42795,      47517,      300,     2000,     2900,     3300,    13282,   151000,
        InstPurchase,      12472,          0,          0,          0,      11989,      13441,      400,     2100,     3000,     3390,    11058,   139000,
          AssocOfCat,        124,          0,          0,          0,         92,        139,    18600,    26000,    30000,    34000,    70200,    91000,
      AssocOfProduct,       1243,          0,          0,          0,       1122,       1350,      600,     1800,     2900,     3200,     6578,   119000,
      BusinessReport,        311,          0,          0,          0,        241,        337,    21000,    28000,    36000,    43200,    95420,   187000,
          CustBuyBeh,       1245,          0,          0,          0,       1114,       1359,      200,     1500,     2300,     2700,     9900,    16000,
       ProductReturn,       3303,          0,          0,          0,       3090,       3663,      200,     1200,     2200,     2500,     8600,   146000,

  1614s: (16%)   IR =   2214 .....|..[1621.712s][info][gc,start       ] GC(250) Pause Young (Concurrent Start) (G1 Evacuation Pause)
[1621.712s][info][gc,task        ] GC(250) Using 6 workers of 6 for evacuation
[1621.830s][info][gc,phases      ] GC(250)   Pre Evacuate Collection Set: 0.44ms
[1621.830s][info][gc,phases      ] GC(250)   Merge Heap Roots: 0.54ms
[1621.830s][info][gc,phases      ] GC(250)   Evacuate Collection Set: 115.48ms
[1621.830s][info][gc,phases      ] GC(250)   Post Evacuate Collection Set: 0.92ms
[1621.830s][info][gc,phases      ] GC(250)   Other: 0.17ms
[1621.830s][info][gc,heap        ] GC(250) Eden regions: 1120->0(1119)
[1621.830s][info][gc,heap        ] GC(250) Survivor regions: 108->109(154)
[1621.830s][info][gc,heap        ] GC(250) Old regions: 467->500
[1621.830s][info][gc,heap        ] GC(250) Humongous regions: 80->80
[1621.830s][info][gc,metaspace   ] GC(250) Metaspace: 28956K(29312K)->28956K(29312K) NonClass: 24072K(24256K)->24072K(24256K) Class: 4883K(5056K)->4883K(5056K)
[1621.830s][info][gc             ] GC(250) Pause Young (Concurrent Start) (G1 Evacuation Pause) 3548M->1375M(4096M) 117.668ms
[1621.830s][info][gc             ] GC(251) Concurrent Mark Cycle
[1621.830s][info][gc,marking     ] GC(251) Concurrent Scan Root Regions
[1621.830s][info][gc,cpu         ] GC(250) User=0.70s Sys=0.00s Real=0.11s
[1621.967s][info][gc,marking     ] GC(251) Concurrent Scan Root Regions 137.649ms
[1621.967s][info][gc,marking     ] GC(251) Concurrent Mark
[1621.967s][info][gc,marking     ] GC(251) Concurrent Mark From Roots
[1621.967s][info][gc,task        ] GC(251) Using 2 workers of 2 for marking
.[1622.534s][info][gc,marking     ] GC(251) Concurrent Mark From Roots 566.796ms
[1622.534s][info][gc,marking     ] GC(251) Concurrent Preclean
[1622.534s][info][gc,marking     ] GC(251) Concurrent Preclean 0.072ms
[1622.534s][info][gc,start       ] GC(251) Pause Remark
[1622.537s][info][gc             ] GC(251) Pause Remark 1592M->1592M(4096M) 2.900ms
[1622.537s][info][gc,cpu         ] GC(251) User=0.02s Sys=0.00s Real=0.00s
[1622.538s][info][gc,marking     ] GC(251) Concurrent Mark 570.061ms
[1622.538s][info][gc,marking     ] GC(251) Concurrent Rebuild Remembered Sets and Scrub Regions
[1622.750s][info][gc,marking     ] GC(251) Concurrent Rebuild Remembered Sets and Scrub Regions 212.583ms
[1622.750s][info][gc,start       ] GC(251) Pause Cleanup
[1622.750s][info][gc             ] GC(251) Pause Cleanup 1636M->1636M(4096M) 0.114ms
[1622.750s][info][gc,cpu         ] GC(251) User=0.00s Sys=0.00s Real=0.00s
[1622.750s][info][gc,marking     ] GC(251) Concurrent Clear Claimed Marks
[1622.750s][info][gc,marking     ] GC(251) Concurrent Clear Claimed Marks 0.032ms
[1622.750s][info][gc,marking     ] GC(251) Concurrent Cleanup for Next Mark
[1622.754s][info][gc,marking     ] GC(251) Concurrent Cleanup for Next Mark 3.191ms
[1622.754s][info][gc             ] GC(251) Concurrent Mark Cycle 923.982ms
.......[1630.332s][info][gc,start       ] GC(252) Pause Young (Prepare Mixed) (G1 Evacuation Pause)
[1630.332s][info][gc,task        ] GC(252) Using 6 workers of 6 for evacuation
[1630.451s][info][gc,phases      ] GC(252)   Pre Evacuate Collection Set: 0.40ms
[1630.451s][info][gc,phases      ] GC(252)   Merge Heap Roots: 0.53ms
[1630.451s][info][gc,phases      ] GC(252)   Evacuate Collection Set: 116.60ms
[1630.451s][info][gc,phases      ] GC(252)   Post Evacuate Collection Set: 0.93ms
[1630.451s][info][gc,phases      ] GC(252)   Other: 0.09ms
[1630.451s][info][gc,heap        ] GC(252) Eden regions: 1119->0(1114)
[1630.451s][info][gc,heap        ] GC(252) Survivor regions: 109->110(154)
[1630.451s][info][gc,heap        ] GC(252) Old regions: 500->531
[1630.451s][info][gc,heap        ] GC(252) Humongous regions: 80->80
[1630.451s][info][gc,metaspace   ] GC(252) Metaspace: 28956K(29312K)->28956K(29312K) NonClass: 24072K(24256K)->24072K(24256K) Class: 4883K(5056K)->4883K(5056K)
[1630.451s][info][gc             ] GC(252) Pause Young (Prepare Mixed) (G1 Evacuation Pause) 3613M->1440M(4096M) 118.683ms
[1630.451s][info][gc,cpu         ] GC(252) User=0.70s Sys=0.00s Real=0.11s
.........[1638.907s][info][gc,start       ] GC(253) Pause Young (Mixed) (G1 Evacuation Pause)
[1638.907s][info][gc,task        ] GC(253) Using 6 workers of 6 for evacuation
[1639.037s][info][gc,phases      ] GC(253)   Pre Evacuate Collection Set: 0.41ms
[1639.037s][info][gc,phases      ] GC(253)   Merge Heap Roots: 0.64ms
[1639.037s][info][gc,phases      ] GC(253)   Evacuate Collection Set: 128.19ms
[1639.037s][info][gc,phases      ] GC(253)   Post Evacuate Collection Set: 0.99ms
[1639.037s][info][gc,phases      ] GC(253)   Other: 0.10ms
[1639.037s][info][gc,heap        ] GC(253) Eden regions: 1114->0(1119)
[1639.037s][info][gc,heap        ] GC(253) Survivor regions: 110->109(153)
[1639.037s][info][gc,heap        ] GC(253) Old regions: 531->467
[1639.037s][info][gc,heap        ] GC(253) Humongous regions: 80->80
[1639.037s][info][gc,metaspace   ] GC(253) Metaspace: 28956K(29312K)->28956K(29312K) NonClass: 24072K(24256K)->24072K(24256K) Class: 4883K(5056K)->4883K(5056K)
[1639.037s][info][gc             ] GC(253) Pause Young (Mixed) (G1 Evacuation Pause) 3668M->1309M(4096M) 130.468ms
[1639.037s][info][gc,cpu         ] GC(253) User=0.77s Sys=0.00s Real=0.13s
.........[1647.533s][info][gc,start       ] GC(254) Pause Young (Concurrent Start) (G1 Evacuation Pause)
[1647.533s][info][gc,task        ] GC(254) Using 6 workers of 6 for evacuation
[1647.649s][info][gc,phases      ] GC(254)   Pre Evacuate Collection Set: 0.42ms
[1647.649s][info][gc,phases      ] GC(254)   Merge Heap Roots: 0.48ms
[1647.649s][info][gc,phases      ] GC(254)   Evacuate Collection Set: 113.71ms
[1647.649s][info][gc,phases      ] GC(254)   Post Evacuate Collection Set: 0.93ms
[1647.649s][info][gc,phases      ] GC(254)   Other: 0.14ms
[1647.649s][info][gc,heap        ] GC(254) Eden regions: 1119->0(1120)
[1647.649s][info][gc,heap        ] GC(254) Survivor regions: 109->108(154)
[1647.649s][info][gc,heap        ] GC(254) Old regions: 467->499
[1647.649s][info][gc,heap        ] GC(254) Humongous regions: 80->80
[1647.649s][info][gc,metaspace   ] GC(254) Metaspace: 28956K(29312K)->28956K(29312K) NonClass: 24072K(24256K)->24072K(24256K) Class: 4883K(5056K)->4883K(5056K)
[1647.649s][info][gc             ] GC(254) Pause Young (Concurrent Start) (G1 Evacuation Pause) 3547M->1372M(4096M) 115.836ms
[1647.649s][info][gc             ] GC(255) Concurrent Mark Cycle
[1647.649s][info][gc,marking     ] GC(255) Concurrent Scan Root Regions
[1647.649s][info][gc,cpu         ] GC(254) User=0.68s Sys=0.00s Real=0.11s
[1647.777s][info][gc,marking     ] GC(255) Concurrent Scan Root Regions 127.987ms
[1647.777s][info][gc,marking     ] GC(255) Concurrent Mark
[1647.777s][info][gc,marking     ] GC(255) Concurrent Mark From Roots
[1647.777s][info][gc,task        ] GC(255) Using 2 workers of 2 for marking
[1648.376s][info][gc,marking     ] GC(255) Concurrent Mark From Roots 598.271ms
[1648.376s][info][gc,marking     ] GC(255) Concurrent Preclean
[1648.376s][info][gc,marking     ] GC(255) Concurrent Preclean 0.076ms
[1648.376s][info][gc,start       ] GC(255) Pause Remark
[1648.379s][info][gc             ] GC(255) Pause Remark 1596M->1596M(4096M) 2.709ms
[1648.379s][info][gc,cpu         ] GC(255) User=0.02s Sys=0.00s Real=0.00s
[1648.380s][info][gc,marking     ] GC(255) Concurrent Mark 602.333ms
[1648.380s][info][gc,marking     ] GC(255) Concurrent Rebuild Remembered Sets and Scrub Regions
.[1648.587s][info][gc,marking     ] GC(255) Concurrent Rebuild Remembered Sets and Scrub Regions 207.664ms
[1648.587s][info][gc,start       ] GC(255) Pause Cleanup
[1648.588s][info][gc             ] GC(255) Pause Cleanup 1644M->1644M(4096M) 0.124ms
[1648.588s][info][gc,cpu         ] GC(255) User=0.00s Sys=0.00s Real=0.00s
[1648.588s][info][gc,marking     ] GC(255) Concurrent Clear Claimed Marks
[1648.588s][info][gc,marking     ] GC(255) Concurrent Clear Claimed Marks 0.030ms
[1648.588s][info][gc,marking     ] GC(255) Concurrent Cleanup for Next Mark
[1648.591s][info][gc,marking     ] GC(255) Concurrent Cleanup for Next Mark 3.198ms
[1648.591s][info][gc             ] GC(255) Concurrent Mark Cycle 941.706ms
.......[1656.105s][info][gc,start       ] GC(256) Pause Young (Prepare Mixed) (G1 Evacuation Pause)
[1656.105s][info][gc,task        ] GC(256) Using 6 workers of 6 for evacuation
[1656.223s][info][gc,phases      ] GC(256)   Pre Evacuate Collection Set: 0.36ms
[1656.223s][info][gc,phases      ] GC(256)   Merge Heap Roots: 0.53ms
[1656.223s][info][gc,phases      ] GC(256)   Evacuate Collection Set: 115.70ms
[1656.223s][info][gc,phases      ] GC(256)   Post Evacuate Collection Set: 0.95ms
[1656.223s][info][gc,phases      ] GC(256)   Other: 0.09ms
[1656.223s][info][gc,heap        ] GC(256) Eden regions: 1120->0(1115)
[1656.223s][info][gc,heap        ] GC(256) Survivor regions: 108->110(154)
[1656.223s][info][gc,heap        ] GC(256) Old regions: 499->530
[1656.223s][info][gc,heap        ] GC(256) Humongous regions: 80->80
[1656.223s][info][gc,metaspace   ] GC(256) Metaspace: 28956K(29312K)->28956K(29312K) NonClass: 24072K(24256K)->24072K(24256K) Class: 4883K(5056K)->4883K(5056K)
[1656.223s][info][gc             ] GC(256) Pause Young (Prepare Mixed) (G1 Evacuation Pause) 3612M->1439M(4096M) 117.754ms
[1656.223s][info][gc,cpu         ] GC(256) User=0.69s Sys=0.00s Real=0.12s
.........[1664.721s][info][gc,start       ] GC(257) Pause Young (Mixed) (G1 Evacuation Pause)
[1664.721s][info][gc,task        ] GC(257) Using 6 workers of 6 for evacuation
[1664.853s][info][gc,phases      ] GC(257)   Pre Evacuate Collection Set: 0.38ms
[1664.853s][info][gc,phases      ] GC(257)   Merge Heap Roots: 0.67ms
[1664.853s][info][gc,phases      ] GC(257)   Evacuate Collection Set: 129.90ms
[1664.853s][info][gc,phases      ] GC(257)   Post Evacuate Collection Set: 0.95ms
[1664.853s][info][gc,phases      ] GC(257)   Other: 0.09ms
[1664.853s][info][gc,heap        ] GC(257) Eden regions: 1115->0(1120)
[1664.853s][info][gc,heap        ] GC(257) Survivor regions: 110->108(154)
[1664.853s][info][gc,heap        ] GC(257) Old regions: 530->466
[1664.853s][info][gc,heap        ] GC(257) Humongous regions: 80->80
[1664.853s][info][gc,metaspace   ] GC(257) Metaspace: 28956K(29312K)->28956K(29312K) NonClass: 24072K(24256K)->24072K(24256K) Class: 4883K(5056K)->4883K(5056K)
[1664.853s][info][gc             ] GC(257) Pause Young (Mixed) (G1 Evacuation Pause) 3669M->1306M(4096M) 132.154ms
[1664.853s][info][gc,cpu         ] GC(257) User=0.78s Sys=0.00s Real=0.14s
........[1673.351s][info][gc,start       ] GC(258) Pause Young (Concurrent Start) (G1 Evacuation Pause)
[1673.351s][info][gc,task        ] GC(258) Using 6 workers of 6 for evacuation
[1673.467s][info][gc,phases      ] GC(258)   Pre Evacuate Collection Set: 0.40ms
[1673.467s][info][gc,phases      ] GC(258)   Merge Heap Roots: 0.49ms
[1673.467s][info][gc,phases      ] GC(258)   Evacuate Collection Set: 114.43ms
[1673.467s][info][gc,phases      ] GC(258)   Post Evacuate Collection Set: 0.90ms
[1673.467s][info][gc,phases      ] GC(258)   Other: 0.12ms
[1673.467s][info][gc,heap        ] GC(258) Eden regions: 1120->0(1120)
[1673.467s][info][gc,heap        ] GC(258) Survivor regions: 108->108(154)
[1673.467s][info][gc,heap        ] GC(258) Old regions: 466->499
[1673.467s][info][gc,heap        ] GC(258) Humongous regions: 80->80
[1673.467s][info][gc,metaspace   ] GC(258) Metaspace: 28956K(29312K)->28956K(29312K) NonClass: 24072K(24256K)->24072K(24256K) Class: 4883K(5056K)->4883K(5056K)
[1673.467s][info][gc             ] GC(258) Pause Young (Concurrent Start) (G1 Evacuation Pause) 3546M->1371M(4096M) 116.489ms
[1673.467s][info][gc             ] GC(259) Concurrent Mark Cycle
[1673.467s][info][gc,marking     ] GC(259) Concurrent Scan Root Regions
[1673.468s][info][gc,cpu         ] GC(258) User=0.69s Sys=0.00s Real=0.12s
.[1673.592s][info][gc,marking     ] GC(259) Concurrent Scan Root Regions 124.934ms
[1673.592s][info][gc,marking     ] GC(259) Concurrent Mark
[1673.592s][info][gc,marking     ] GC(259) Concurrent Mark From Roots
[1673.593s][info][gc,task        ] GC(259) Using 2 workers of 2 for marking
[1674.186s][info][gc,marking     ] GC(259) Concurrent Mark From Roots 593.148ms
[1674.186s][info][gc,marking     ] GC(259) Concurrent Preclean
[1674.186s][info][gc,marking     ] GC(259) Concurrent Preclean 0.053ms
[1674.186s][info][gc,start       ] GC(259) Pause Remark
[1674.189s][info][gc             ] GC(259) Pause Remark 1587M->1587M(4096M) 2.877ms
[1674.189s][info][gc,cpu         ] GC(259) User=0.01s Sys=0.00s Real=0.00s
[1674.189s][info][gc,marking     ] GC(259) Concurrent Mark 596.352ms
[1674.189s][info][gc,marking     ] GC(259) Concurrent Rebuild Remembered Sets and Scrub Regions
[1674.419s][info][gc,marking     ] GC(259) Concurrent Rebuild Remembered Sets and Scrub Regions 230.556ms
[1674.420s][info][gc,start       ] GC(259) Pause Cleanup
[1674.420s][info][gc             ] GC(259) Pause Cleanup 1653M->1653M(4096M) 0.123ms
[1674.420s][info][gc,cpu         ] GC(259) User=0.00s Sys=0.00s Real=0.00s
[1674.420s][info][gc,marking     ] GC(259) Concurrent Clear Claimed Marks
[1674.420s][info][gc,marking     ] GC(259) Concurrent Clear Claimed Marks 0.025ms
[1674.420s][info][gc,marking     ] GC(259) Concurrent Cleanup for Next Mark
[1674.423s][info][gc,marking     ] GC(259) Concurrent Cleanup for Next Mark 3.304ms
[1674.423s][info][gc             ] GC(259) Concurrent Mark Cycle 955.608ms
...... (rIR:aIR:PR = 2214:2214:2213) (tPR = 32715) [OK] 
  1679s: Performance info:
         Transaction,    Success,    Partial,     Failed,   Receipts, AvgBarcode, 
             Overall,     132942,          0,          0,     126300,      59.48, 
         Response times:
             Request,    Success,    Partial,     Failed,   SkipFail,     Probes,    Samples,      min,      p50,      p90,      p95,      p99,      max, 
       TotalPurchase,     126300,          0,          0,          0,     123310,     134803,      300,     2000,     3100,     3500,    11300,   156000,
     InStorePurchase,      66463,          0,          0,          0,      64987,      70894,      300,     2000,     3100,     3500,    11300,   156000,
      OnlinePurchase,      46546,          0,          0,          0,      45434,      49538,      300,     2000,     3000,     3500,    11500,   154000,
        InstPurchase,      13291,          0,          0,          0,      12889,      14371,      400,     1900,     3100,     3500,    10700,   154000,
          AssocOfCat,        132,          0,          0,          0,         88,        125,    18800,    26000,    30000,    33000,    41960,    43000,
      AssocOfProduct,       1327,          0,          0,          0,       1178,       1389,      400,     2400,     3200,     3700,    17100,   135000,
      BusinessReport,        330,          0,          0,          0,        266,        364,    21000,    28000,    35000,    43500,    67100,   168000,
          CustBuyBeh,       1330,          0,          0,          0,       1188,       1446,      200,     1800,     3000,     3400,    14307,   125000,
       ProductReturn,       3527,          0,          0,          0,       3208,       3602,      300,     1900,     3000,     3400,    12685,   132000,

  1679s: (17%)   IR =   2352 ..[1681.713s][info][gc,start       ] GC(260) Pause Young (Prepare Mixed) (G1 Evacuation Pause)
[1681.713s][info][gc,task        ] GC(260) Using 6 workers of 6 for evacuation
[1681.829s][info][gc,phases      ] GC(260)   Pre Evacuate Collection Set: 0.38ms
[1681.829s][info][gc,phases      ] GC(260)   Merge Heap Roots: 0.51ms
[1681.829s][info][gc,phases      ] GC(260)   Evacuate Collection Set: 114.12ms
[1681.829s][info][gc,phases      ] GC(260)   Post Evacuate Collection Set: 0.96ms
[1681.829s][info][gc,phases      ] GC(260)   Other: 0.09ms
[1681.829s][info][gc,heap        ] GC(260) Eden regions: 1120->0(1118)
[1681.829s][info][gc,heap        ] GC(260) Survivor regions: 108->108(154)
[1681.829s][info][gc,heap        ] GC(260) Old regions: 499->531
[1681.829s][info][gc,heap        ] GC(260) Humongous regions: 80->80
[1681.829s][info][gc,metaspace   ] GC(260) Metaspace: 28956K(29312K)->28956K(29312K) NonClass: 24072K(24256K)->24072K(24256K) Class: 4883K(5056K)->4883K(5056K)
[1681.829s][info][gc             ] GC(260) Pause Young (Prepare Mixed) (G1 Evacuation Pause) 3611M->1435M(4096M) 116.174ms
[1681.829s][info][gc,cpu         ] GC(260) User=0.69s Sys=0.00s Real=0.11s
...|.....[1689.847s][info][gc,start       ] GC(261) Pause Young (Mixed) (G1 Evacuation Pause)
[1689.847s][info][gc,task        ] GC(261) Using 6 workers of 6 for evacuation
[1689.977s][info][gc,phases      ] GC(261)   Pre Evacuate Collection Set: 0.42ms
[1689.977s][info][gc,phases      ] GC(261)   Merge Heap Roots: 0.61ms
[1689.977s][info][gc,phases      ] GC(261)   Evacuate Collection Set: 128.25ms
[1689.977s][info][gc,phases      ] GC(261)   Post Evacuate Collection Set: 0.96ms
[1689.977s][info][gc,phases      ] GC(261)   Other: 0.09ms
[1689.977s][info][gc,heap        ] GC(261) Eden regions: 1118->0(1119)
[1689.977s][info][gc,heap        ] GC(261) Survivor regions: 108->109(154)
[1689.977s][info][gc,heap        ] GC(261) Old regions: 531->469
[1689.977s][info][gc,heap        ] GC(261) Humongous regions: 80->80
[1689.977s][info][gc,metaspace   ] GC(261) Metaspace: 28956K(29312K)->28956K(29312K) NonClass: 24072K(24256K)->24072K(24256K) Class: 4883K(5056K)->4883K(5056K)
[1689.977s][info][gc             ] GC(261) Pause Young (Mixed) (G1 Evacuation Pause) 3671M->1313M(4096M) 130.479ms
[1689.977s][info][gc,cpu         ] GC(261) User=0.77s Sys=0.00s Real=0.13s
........[1697.933s][info][gc,start       ] GC(262) Pause Young (Concurrent Start) (G1 Evacuation Pause)
[1697.934s][info][gc,task        ] GC(262) Using 6 workers of 6 for evacuation
[1698.049s][info][gc,phases      ] GC(262)   Pre Evacuate Collection Set: 0.40ms
[1698.049s][info][gc,phases      ] GC(262)   Merge Heap Roots: 0.46ms
[1698.049s][info][gc,phases      ] GC(262)   Evacuate Collection Set: 113.84ms
[1698.049s][info][gc,phases      ] GC(262)   Post Evacuate Collection Set: 0.94ms
[1698.049s][info][gc,phases      ] GC(262)   Other: 0.10ms
[1698.049s][info][gc,heap        ] GC(262) Eden regions: 1119->0(1120)
[1698.049s][info][gc,heap        ] GC(262) Survivor regions: 109->108(154)
[1698.049s][info][gc,heap        ] GC(262) Old regions: 469->500
[1698.049s][info][gc,heap        ] GC(262) Humongous regions: 80->80
[1698.049s][info][gc,metaspace   ] GC(262) Metaspace: 28956K(29312K)->28956K(29312K) NonClass: 24072K(24256K)->24072K(24256K) Class: 4883K(5056K)->4883K(5056K)
[1698.049s][info][gc             ] GC(262) Pause Young (Concurrent Start) (G1 Evacuation Pause) 3551M->1375M(4096M) 115.884ms
[1698.049s][info][gc             ] GC(263) Concurrent Mark Cycle
[1698.049s][info][gc,marking     ] GC(263) Concurrent Scan Root Regions
[1698.049s][info][gc,cpu         ] GC(262) User=0.69s Sys=0.00s Real=0.11s
[1698.170s][info][gc,marking     ] GC(263) Concurrent Scan Root Regions 120.841ms
[1698.170s][info][gc,marking     ] GC(263) Concurrent Mark
[1698.170s][info][gc,marking     ] GC(263) Concurrent Mark From Roots
[1698.170s][info][gc,task        ] GC(263) Using 2 workers of 2 for marking
.[1698.745s][info][gc,marking     ] GC(263) Concurrent Mark From Roots 574.348ms
[1698.745s][info][gc,marking     ] GC(263) Concurrent Preclean
[1698.745s][info][gc,marking     ] GC(263) Concurrent Preclean 0.062ms
[1698.745s][info][gc,start       ] GC(263) Pause Remark
[1698.748s][info][gc             ] GC(263) Pause Remark 1581M->1581M(4096M) 2.753ms
[1698.748s][info][gc,cpu         ] GC(263) User=0.01s Sys=0.00s Real=0.00s
[1698.748s][info][gc,marking     ] GC(263) Concurrent Mark 577.440ms
[1698.748s][info][gc,marking     ] GC(263) Concurrent Rebuild Remembered Sets and Scrub Regions
[1699.010s][info][gc,marking     ] GC(263) Concurrent Rebuild Remembered Sets and Scrub Regions 262.080ms
[1699.010s][info][gc,start       ] GC(263) Pause Cleanup
[1699.010s][info][gc             ] GC(263) Pause Cleanup 1648M->1648M(4096M) 0.120ms
[1699.010s][info][gc,cpu         ] GC(263) User=0.00s Sys=0.00s Real=0.00s
[1699.010s][info][gc,marking     ] GC(263) Concurrent Clear Claimed Marks
[1699.010s][info][gc,marking     ] GC(263) Concurrent Clear Claimed Marks 0.032ms
[1699.010s][info][gc,marking     ] GC(263) Concurrent Cleanup for Next Mark
[1699.014s][info][gc,marking     ] GC(263) Concurrent Cleanup for Next Mark 3.518ms
[1699.014s][info][gc             ] GC(263) Concurrent Mark Cycle 964.389ms
.......[1706.087s][info][gc,start       ] GC(264) Pause Young (Prepare Mixed) (G1 Evacuation Pause)
[1706.087s][info][gc,task        ] GC(264) Using 6 workers of 6 for evacuation
[1706.204s][info][gc,phases      ] GC(264)   Pre Evacuate Collection Set: 0.35ms
[1706.204s][info][gc,phases      ] GC(264)   Merge Heap Roots: 0.52ms
[1706.204s][info][gc,phases      ] GC(264)   Evacuate Collection Set: 114.85ms
[1706.204s][info][gc,phases      ] GC(264)   Post Evacuate Collection Set: 0.91ms
[1706.204s][info][gc,phases      ] GC(264)   Other: 0.09ms
[1706.204s][info][gc,heap        ] GC(264) Eden regions: 1120->0(1115)
[1706.204s][info][gc,heap        ] GC(264) Survivor regions: 108->109(154)
[1706.204s][info][gc,heap        ] GC(264) Old regions: 500->532
[1706.204s][info][gc,heap        ] GC(264) Humongous regions: 80->80
[1706.204s][info][gc,metaspace   ] GC(264) Metaspace: 28956K(29312K)->28956K(29312K) NonClass: 24072K(24256K)->24072K(24256K) Class: 4883K(5056K)->4883K(5056K)
[1706.204s][info][gc             ] GC(264) Pause Young (Prepare Mixed) (G1 Evacuation Pause) 3615M->1440M(4096M) 116.863ms
[1706.204s][info][gc,cpu         ] GC(264) User=0.69s Sys=0.00s Real=0.12s
........[1714.077s][info][gc,start       ] GC(265) Pause Young (Mixed) (G1 Evacuation Pause)
[1714.077s][info][gc,task        ] GC(265) Using 6 workers of 6 for evacuation
[1714.208s][info][gc,phases      ] GC(265)   Pre Evacuate Collection Set: 0.39ms
[1714.208s][info][gc,phases      ] GC(265)   Merge Heap Roots: 0.69ms
[1714.208s][info][gc,phases      ] GC(265)   Evacuate Collection Set: 128.67ms
[1714.208s][info][gc,phases      ] GC(265)   Post Evacuate Collection Set: 0.98ms
[1714.208s][info][gc,phases      ] GC(265)   Other: 0.10ms
[1714.208s][info][gc,heap        ] GC(265) Eden regions: 1115->0(1120)
[1714.208s][info][gc,heap        ] GC(265) Survivor regions: 109->108(153)
[1714.208s][info][gc,heap        ] GC(265) Old regions: 532->467
[1714.208s][info][gc,heap        ] GC(265) Humongous regions: 80->80
[1714.208s][info][gc,metaspace   ] GC(265) Metaspace: 28956K(29312K)->28956K(29312K) NonClass: 24072K(24256K)->24072K(24256K) Class: 4883K(5056K)->4883K(5056K)
[1714.208s][info][gc             ] GC(265) Pause Young (Mixed) (G1 Evacuation Pause) 3670M->1309M(4096M) 130.984ms
[1714.208s][info][gc,cpu         ] GC(265) User=0.78s Sys=0.00s Real=0.13s
........[1722.213s][info][gc,start       ] GC(266) Pause Young (Concurrent Start) (G1 Evacuation Pause)
[1722.213s][info][gc,task        ] GC(266) Using 6 workers of 6 for evacuation
[1722.331s][info][gc,phases      ] GC(266)   Pre Evacuate Collection Set: 0.43ms
[1722.331s][info][gc,phases      ] GC(266)   Merge Heap Roots: 0.48ms
[1722.331s][info][gc,phases      ] GC(266)   Evacuate Collection Set: 115.66ms
[1722.331s][info][gc,phases      ] GC(266)   Post Evacuate Collection Set: 0.91ms
[1722.331s][info][gc,phases      ] GC(266)   Other: 0.12ms
[1722.331s][info][gc,heap        ] GC(266) Eden regions: 1120->0(1118)
[1722.331s][info][gc,heap        ] GC(266) Survivor regions: 108->110(154)
[1722.331s][info][gc,heap        ] GC(266) Old regions: 467->500
[1722.331s][info][gc,heap        ] GC(266) Humongous regions: 80->80
[1722.331s][info][gc,metaspace   ] GC(266) Metaspace: 28956K(29312K)->28956K(29312K) NonClass: 24072K(24256K)->24072K(24256K) Class: 4883K(5056K)->4883K(5056K)
[1722.331s][info][gc             ] GC(266) Pause Young (Concurrent Start) (G1 Evacuation Pause) 3549M->1378M(4096M) 117.739ms
[1722.331s][info][gc             ] GC(267) Concurrent Mark Cycle
[1722.331s][info][gc,marking     ] GC(267) Concurrent Scan Root Regions
[1722.331s][info][gc,cpu         ] GC(266) User=0.69s Sys=0.00s Real=0.11s
[1722.466s][info][gc,marking     ] GC(267) Concurrent Scan Root Regions 134.403ms
[1722.466s][info][gc,marking     ] GC(267) Concurrent Mark
[1722.466s][info][gc,marking     ] GC(267) Concurrent Mark From Roots
[1722.466s][info][gc,task        ] GC(267) Using 2 workers of 2 for marking
.[1723.062s][info][gc,marking     ] GC(267) Concurrent Mark From Roots 596.163ms
[1723.062s][info][gc,marking     ] GC(267) Concurrent Preclean
[1723.062s][info][gc,marking     ] GC(267) Concurrent Preclean 0.058ms
[1723.062s][info][gc,start       ] GC(267) Pause Remark
[1723.065s][info][gc             ] GC(267) Pause Remark 1619M->1619M(4096M) 2.704ms
[1723.065s][info][gc,cpu         ] GC(267) User=0.02s Sys=0.00s Real=0.00s
[1723.065s][info][gc,marking     ] GC(267) Concurrent Mark 599.206ms
[1723.065s][info][gc,marking     ] GC(267) Concurrent Rebuild Remembered Sets and Scrub Regions
[1723.405s][info][gc,marking     ] GC(267) Concurrent Rebuild Remembered Sets and Scrub Regions 340.106ms
[1723.405s][info][gc,start       ] GC(267) Pause Cleanup
[1723.405s][info][gc             ] GC(267) Pause Cleanup 1711M->1711M(4096M) 0.125ms
[1723.405s][info][gc,cpu         ] GC(267) User=0.00s Sys=0.00s Real=0.00s
[1723.405s][info][gc,marking     ] GC(267) Concurrent Clear Claimed Marks
[1723.405s][info][gc,marking     ] GC(267) Concurrent Clear Claimed Marks 0.030ms
[1723.405s][info][gc,marking     ] GC(267) Concurrent Cleanup for Next Mark
[1723.409s][info][gc,marking     ] GC(267) Concurrent Cleanup for Next Mark 3.349ms
[1723.409s][info][gc             ] GC(267) Concurrent Mark Cycle 1077.567ms
.......[1730.328s][info][gc,start       ] GC(268) Pause Young (Prepare Mixed) (G1 Evacuation Pause)
[1730.328s][info][gc,task        ] GC(268) Using 6 workers of 6 for evacuation
[1730.445s][info][gc,phases      ] GC(268)   Pre Evacuate Collection Set: 0.34ms
[1730.446s][info][gc,phases      ] GC(268)   Merge Heap Roots: 0.53ms
[1730.446s][info][gc,phases      ] GC(268)   Evacuate Collection Set: 115.37ms
[1730.446s][info][gc,phases      ] GC(268)   Post Evacuate Collection Set: 0.95ms
[1730.446s][info][gc,phases      ] GC(268)   Other: 0.10ms
[1730.446s][info][gc,heap        ] GC(268) Eden regions: 1118->0(1114)
[1730.446s][info][gc,heap        ] GC(268) Survivor regions: 110->110(154)
[1730.446s][info][gc,heap        ] GC(268) Old regions: 500->531
[1730.446s][info][gc,heap        ] GC(268) Humongous regions: 80->80
[1730.446s][info][gc,metaspace   ] GC(268) Metaspace: 28956K(29312K)->28956K(29312K) NonClass: 24072K(24256K)->24072K(24256K) Class: 4883K(5056K)->4883K(5056K)
[1730.446s][info][gc             ] GC(268) Pause Young (Prepare Mixed) (G1 Evacuation Pause) 3614M->1440M(4096M) 117.451ms
[1730.446s][info][gc,cpu         ] GC(268) User=0.70s Sys=0.00s Real=0.12s
........[1738.362s][info][gc,start       ] GC(269) Pause Young (Mixed) (G1 Evacuation Pause)
[1738.362s][info][gc,task        ] GC(269) Using 6 workers of 6 for evacuation
[1738.493s][info][gc,phases      ] GC(269)   Pre Evacuate Collection Set: 0.42ms
[1738.493s][info][gc,phases      ] GC(269)   Merge Heap Roots: 0.65ms
[1738.493s][info][gc,phases      ] GC(269)   Evacuate Collection Set: 128.67ms
[1738.493s][info][gc,phases      ] GC(269)   Post Evacuate Collection Set: 0.96ms
[1738.493s][info][gc,phases      ] GC(269)   Other: 0.09ms
[1738.493s][info][gc,heap        ] GC(269) Eden regions: 1114->0(1119)
[1738.493s][info][gc,heap        ] GC(269) Survivor regions: 110->109(153)
[1738.493s][info][gc,heap        ] GC(269) Old regions: 531->468
[1738.493s][info][gc,heap        ] GC(269) Humongous regions: 80->80
[1738.493s][info][gc,metaspace   ] GC(269) Metaspace: 28956K(29312K)->28956K(29312K) NonClass: 24072K(24256K)->24072K(24256K) Class: 4883K(5056K)->4883K(5056K)
[1738.493s][info][gc             ] GC(269) Pause Young (Mixed) (G1 Evacuation Pause) 3668M->1313M(4096M) 130.920ms
[1738.493s][info][gc,cpu         ] GC(269) User=0.77s Sys=0.01s Real=0.13s
....... (rIR:aIR:PR = 2352:2351:2351) (tPR = 35419) [OK] 
  1744s: Performance info:
         Transaction,    Success,    Partial,     Failed,   Receipts, AvgBarcode, 
             Overall,     141162,          0,          0,     134103,      59.48, 
         Response times:
             Request,    Success,    Partial,     Failed,   SkipFail,     Probes,    Samples,      min,      p50,      p90,      p95,      p99,      max, 
       TotalPurchase,     134102,          0,          0,          0,     130721,     143049,      300,     2100,     3200,     3700,    13000,   148000,
     InStorePurchase,      70547,          0,          0,          0,      68964,      75218,      300,     2000,     3200,     3700,    13000,   148000,
      OnlinePurchase,      49425,          0,          0,          0,      48063,      52621,      300,     2100,     3200,     3700,    12500,   143000,
        InstPurchase,      14130,          0,          0,          0,      13694,      15210,      400,     2300,     3400,     3900,    14789,   138000,
          AssocOfCat,        142,          0,          0,          0,        101,        163,    19600,    26000,    32000,    33000,    38720,    40000,
      AssocOfProduct,       1417,          0,          0,          0,       1252,       1508,      400,     1600,     2800,     3200,     6573,    13700,
      BusinessReport,        352,          0,          0,          0,        270,        373,    21000,    28000,    37000,    41300,   151260,   179000,
          CustBuyBeh,       1411,          0,          0,          0,       1284,       1542,      200,     1200,     2500,     2985,     7971,    25000,
       ProductReturn,       3737,          0,          0,          0,       3512,       4049,      200,     1900,     3000,     3500,     9000,   121000,

  1744s: (18%)   IR =   2491 .[1746.329s][info][gc,start       ] GC(270) Pause Young (Concurrent Start) (G1 Evacuation Pause)
[1746.329s][info][gc,task        ] GC(270) Using 6 workers of 6 for evacuation
[1746.445s][info][gc,phases      ] GC(270)   Pre Evacuate Collection Set: 0.42ms
[1746.445s][info][gc,phases      ] GC(270)   Merge Heap Roots: 0.49ms
[1746.445s][info][gc,phases      ] GC(270)   Evacuate Collection Set: 114.38ms
[1746.445s][info][gc,phases      ] GC(270)   Post Evacuate Collection Set: 0.92ms
[1746.445s][info][gc,phases      ] GC(270)   Other: 0.11ms
[1746.445s][info][gc,heap        ] GC(270) Eden regions: 1119->0(1119)
[1746.445s][info][gc,heap        ] GC(270) Survivor regions: 109->109(154)
[1746.445s][info][gc,heap        ] GC(270) Old regions: 468->500
[1746.445s][info][gc,heap        ] GC(270) Humongous regions: 80->80
[1746.445s][info][gc,metaspace   ] GC(270) Metaspace: 28956K(29312K)->28956K(29312K) NonClass: 24072K(24256K)->24072K(24256K) Class: 4883K(5056K)->4883K(5056K)
[1746.445s][info][gc             ] GC(270) Pause Young (Concurrent Start) (G1 Evacuation Pause) 3551M->1375M(4096M) 116.462ms
[1746.445s][info][gc             ] GC(271) Concurrent Mark Cycle
[1746.445s][info][gc,marking     ] GC(271) Concurrent Scan Root Regions
[1746.445s][info][gc,cpu         ] GC(270) User=0.69s Sys=0.00s Real=0.12s
.[1746.617s][info][gc,marking     ] GC(271) Concurrent Scan Root Regions 171.577ms
[1746.617s][info][gc,marking     ] GC(271) Concurrent Mark
[1746.617s][info][gc,marking     ] GC(271) Concurrent Mark From Roots
[1746.617s][info][gc,task        ] GC(271) Using 2 workers of 2 for marking
[1747.503s][info][gc,marking     ] GC(271) Concurrent Mark From Roots 886.105ms
[1747.503s][info][gc,marking     ] GC(271) Concurrent Preclean
[1747.503s][info][gc,marking     ] GC(271) Concurrent Preclean 0.060ms
[1747.503s][info][gc,start       ] GC(271) Pause Remark
[1747.506s][info][gc             ] GC(271) Pause Remark 1715M->1715M(4096M) 3.357ms
[1747.507s][info][gc,cpu         ] GC(271) User=0.02s Sys=0.00s Real=0.00s
[1747.507s][info][gc,marking     ] GC(271) Concurrent Mark 889.797ms
[1747.507s][info][gc,marking     ] GC(271) Concurrent Rebuild Remembered Sets and Scrub Regions
.[1747.849s][info][gc,marking     ] GC(271) Concurrent Rebuild Remembered Sets and Scrub Regions 342.202ms
[1747.849s][info][gc,start       ] GC(271) Pause Cleanup
[1747.849s][info][gc             ] GC(271) Pause Cleanup 1805M->1805M(4096M) 0.120ms
[1747.849s][info][gc,cpu         ] GC(271) User=0.00s Sys=0.00s Real=0.00s
[1747.849s][info][gc,marking     ] GC(271) Concurrent Clear Claimed Marks
[1747.849s][info][gc,marking     ] GC(271) Concurrent Clear Claimed Marks 0.029ms
[1747.849s][info][gc,marking     ] GC(271) Concurrent Cleanup for Next Mark
[1747.854s][info][gc,marking     ] GC(271) Concurrent Cleanup for Next Mark 4.833ms
[1747.854s][info][gc             ] GC(271) Concurrent Mark Cycle 1408.902ms
.....|.[1753.963s][info][gc,start       ] GC(272) Pause Young (Prepare Mixed) (G1 Evacuation Pause)
[1753.963s][info][gc,task        ] GC(272) Using 6 workers of 6 for evacuation
[1754.081s][info][gc,phases      ] GC(272)   Pre Evacuate Collection Set: 0.36ms
[1754.081s][info][gc,phases      ] GC(272)   Merge Heap Roots: 0.52ms
[1754.081s][info][gc,phases      ] GC(272)   Evacuate Collection Set: 116.29ms
[1754.081s][info][gc,phases      ] GC(272)   Post Evacuate Collection Set: 0.96ms
[1754.081s][info][gc,phases      ] GC(272)   Other: 0.09ms
[1754.081s][info][gc,heap        ] GC(272) Eden regions: 1119->0(1113)
[1754.081s][info][gc,heap        ] GC(272) Survivor regions: 109->110(154)
[1754.081s][info][gc,heap        ] GC(272) Old regions: 500->532
[1754.081s][info][gc,heap        ] GC(272) Humongous regions: 80->80
[1754.081s][info][gc,metaspace   ] GC(272) Metaspace: 28956K(29312K)->28956K(29312K) NonClass: 24072K(24256K)->24072K(24256K) Class: 4883K(5056K)->4883K(5056K)
[1754.081s][info][gc             ] GC(272) Pause Young (Prepare Mixed) (G1 Evacuation Pause) 3613M->1442M(4096M) 118.371ms
[1754.081s][info][gc,cpu         ] GC(272) User=0.70s Sys=0.00s Real=0.11s
........[1761.654s][info][gc,start       ] GC(273) Pause Young (Mixed) (G1 Evacuation Pause)
[1761.654s][info][gc,task        ] GC(273) Using 6 workers of 6 for evacuation
[1761.786s][info][gc,phases      ] GC(273)   Pre Evacuate Collection Set: 0.40ms
[1761.786s][info][gc,phases      ] GC(273)   Merge Heap Roots: 0.69ms
[1761.786s][info][gc,phases      ] GC(273)   Evacuate Collection Set: 129.85ms
[1761.786s][info][gc,phases      ] GC(273)   Post Evacuate Collection Set: 0.97ms
[1761.786s][info][gc,phases      ] GC(273)   Other: 0.09ms
[1761.786s][info][gc,heap        ] GC(273) Eden regions: 1113->0(1120)
[1761.786s][info][gc,heap        ] GC(273) Survivor regions: 110->108(153)
[1761.786s][info][gc,heap        ] GC(273) Old regions: 532->466
[1761.786s][info][gc,heap        ] GC(273) Humongous regions: 80->80
[1761.786s][info][gc,metaspace   ] GC(273) Metaspace: 28956K(29312K)->28956K(29312K) NonClass: 24072K(24256K)->24072K(24256K) Class: 4883K(5056K)->4883K(5056K)
[1761.786s][info][gc             ] GC(273) Pause Young (Mixed) (G1 Evacuation Pause) 3668M->1307M(4096M) 132.142ms
[1761.786s][info][gc,cpu         ] GC(273) User=0.78s Sys=0.00s Real=0.13s
.......[1769.199s][info][gc,start       ] GC(274) Pause Young (Concurrent Start) (G1 Evacuation Pause)
[1769.199s][info][gc,task        ] GC(274) Using 6 workers of 6 for evacuation
[1769.315s][info][gc,phases      ] GC(274)   Pre Evacuate Collection Set: 0.43ms
[1769.315s][info][gc,phases      ] GC(274)   Merge Heap Roots: 0.44ms
[1769.315s][info][gc,phases      ] GC(274)   Evacuate Collection Set: 114.17ms
[1769.315s][info][gc,phases      ] GC(274)   Post Evacuate Collection Set: 0.91ms
[1769.315s][info][gc,phases      ] GC(274)   Other: 0.10ms
[1769.315s][info][gc,heap        ] GC(274) Eden regions: 1120->0(1118)
[1769.315s][info][gc,heap        ] GC(274) Survivor regions: 108->110(154)
[1769.315s][info][gc,heap        ] GC(274) Old regions: 466->498
[1769.315s][info][gc,heap        ] GC(274) Humongous regions: 80->80
[1769.315s][info][gc,metaspace   ] GC(274) Metaspace: 28956K(29312K)->28956K(29312K) NonClass: 24072K(24256K)->24072K(24256K) Class: 4883K(5056K)->4883K(5056K)
[1769.315s][info][gc             ] GC(274) Pause Young (Concurrent Start) (G1 Evacuation Pause) 3547M->1374M(4096M) 116.172ms
[1769.315s][info][gc             ] GC(275) Concurrent Mark Cycle
[1769.315s][info][gc,marking     ] GC(275) Concurrent Scan Root Regions
[1769.315s][info][gc,cpu         ] GC(274) User=0.69s Sys=0.00s Real=0.12s
[1769.490s][info][gc,marking     ] GC(275) Concurrent Scan Root Regions 175.049ms
[1769.490s][info][gc,marking     ] GC(275) Concurrent Mark
[1769.490s][info][gc,marking     ] GC(275) Concurrent Mark From Roots
[1769.490s][info][gc,task        ] GC(275) Using 2 workers of 2 for marking
.[1770.376s][info][gc,marking     ] GC(275) Concurrent Mark From Roots 885.429ms
[1770.376s][info][gc,marking     ] GC(275) Concurrent Preclean
[1770.376s][info][gc,marking     ] GC(275) Concurrent Preclean 0.057ms
[1770.376s][info][gc,start       ] GC(275) Pause Remark
[1770.379s][info][gc             ] GC(275) Pause Remark 1718M->1718M(4096M) 3.020ms
[1770.379s][info][gc,cpu         ] GC(275) User=0.02s Sys=0.00s Real=0.00s
[1770.379s][info][gc,marking     ] GC(275) Concurrent Mark 888.774ms
[1770.379s][info][gc,marking     ] GC(275) Concurrent Rebuild Remembered Sets and Scrub Regions
.[1770.721s][info][gc,marking     ] GC(275) Concurrent Rebuild Remembered Sets and Scrub Regions 342.423ms
[1770.721s][info][gc,start       ] GC(275) Pause Cleanup
[1770.722s][info][gc             ] GC(275) Pause Cleanup 1802M->1802M(4096M) 0.104ms
[1770.722s][info][gc,cpu         ] GC(275) User=0.00s Sys=0.00s Real=0.00s
[1770.722s][info][gc,marking     ] GC(275) Concurrent Clear Claimed Marks
[1770.722s][info][gc,marking     ] GC(275) Concurrent Clear Claimed Marks 0.029ms
[1770.722s][info][gc,marking     ] GC(275) Concurrent Cleanup for Next Mark
[1770.726s][info][gc,marking     ] GC(275) Concurrent Cleanup for Next Mark 3.957ms
[1770.726s][info][gc             ] GC(275) Concurrent Mark Cycle 1410.668ms
......[1776.893s][info][gc,start       ] GC(276) Pause Young (Prepare Mixed) (G1 Evacuation Pause)
[1776.893s][info][gc,task        ] GC(276) Using 6 workers of 6 for evacuation
[1777.008s][info][gc,phases      ] GC(276)   Pre Evacuate Collection Set: 0.38ms
[1777.008s][info][gc,phases      ] GC(276)   Merge Heap Roots: 0.55ms
[1777.008s][info][gc,phases      ] GC(276)   Evacuate Collection Set: 113.71ms
[1777.008s][info][gc,phases      ] GC(276)   Post Evacuate Collection Set: 0.93ms
[1777.008s][info][gc,phases      ] GC(276)   Other: 0.10ms
[1777.009s][info][gc,heap        ] GC(276) Eden regions: 1118->0(1119)
[1777.009s][info][gc,heap        ] GC(276) Survivor regions: 110->108(154)
[1777.009s][info][gc,heap        ] GC(276) Old regions: 498->530
[1777.009s][info][gc,heap        ] GC(276) Humongous regions: 80->80
[1777.009s][info][gc,metaspace   ] GC(276) Metaspace: 28956K(29312K)->28956K(29312K) NonClass: 24072K(24256K)->24072K(24256K) Class: 4883K(5056K)->4883K(5056K)
[1777.009s][info][gc             ] GC(276) Pause Young (Prepare Mixed) (G1 Evacuation Pause) 3610M->1434M(4096M) 115.836ms
[1777.009s][info][gc,cpu         ] GC(276) User=0.69s Sys=0.00s Real=0.11s
.......[1784.543s][info][gc,start       ] GC(277) Pause Young (Mixed) (G1 Evacuation Pause)
[1784.543s][info][gc,task        ] GC(277) Using 6 workers of 6 for evacuation
[1784.674s][info][gc,phases      ] GC(277)   Pre Evacuate Collection Set: 0.39ms
[1784.674s][info][gc,phases      ] GC(277)   Merge Heap Roots: 0.65ms
[1784.674s][info][gc,phases      ] GC(277)   Evacuate Collection Set: 129.17ms
[1784.674s][info][gc,phases      ] GC(277)   Post Evacuate Collection Set: 0.99ms
[1784.674s][info][gc,phases      ] GC(277)   Other: 0.09ms
[1784.674s][info][gc,heap        ] GC(277) Eden regions: 1119->0(1120)
[1784.674s][info][gc,heap        ] GC(277) Survivor regions: 108->108(154)
[1784.674s][info][gc,heap        ] GC(277) Old regions: 530->469
[1784.674s][info][gc,heap        ] GC(277) Humongous regions: 80->80
[1784.674s][info][gc,metaspace   ] GC(277) Metaspace: 28957K(29312K)->28957K(29312K) NonClass: 24073K(24256K)->24073K(24256K) Class: 4883K(5056K)->4883K(5056K)
[1784.674s][info][gc             ] GC(277) Pause Young (Mixed) (G1 Evacuation Pause) 3672M->1312M(4096M) 131.439ms
[1784.674s][info][gc,cpu         ] GC(277) User=0.78s Sys=0.00s Real=0.13s
........[1792.187s][info][gc,start       ] GC(278) Pause Young (Concurrent Start) (G1 Evacuation Pause)
[1792.187s][info][gc,task        ] GC(278) Using 6 workers of 6 for evacuation
[1792.303s][info][gc,phases      ] GC(278)   Pre Evacuate Collection Set: 0.43ms
[1792.303s][info][gc,phases      ] GC(278)   Merge Heap Roots: 0.53ms
[1792.303s][info][gc,phases      ] GC(278)   Evacuate Collection Set: 114.14ms
[1792.303s][info][gc,phases      ] GC(278)   Post Evacuate Collection Set: 0.92ms
[1792.303s][info][gc,phases      ] GC(278)   Other: 0.13ms
[1792.303s][info][gc,heap        ] GC(278) Eden regions: 1120->0(1119)
[1792.303s][info][gc,heap        ] GC(278) Survivor regions: 108->109(154)
[1792.303s][info][gc,heap        ] GC(278) Old regions: 469->501
[1792.303s][info][gc,heap        ] GC(278) Humongous regions: 80->80
[1792.303s][info][gc,metaspace   ] GC(278) Metaspace: 28958K(29312K)->28958K(29312K) NonClass: 24074K(24256K)->24074K(24256K) Class: 4883K(5056K)->4883K(5056K)
[1792.303s][info][gc             ] GC(278) Pause Young (Concurrent Start) (G1 Evacuation Pause) 3552M->1379M(4096M) 116.282ms
[1792.303s][info][gc             ] GC(279) Concurrent Mark Cycle
[1792.303s][info][gc,marking     ] GC(279) Concurrent Scan Root Regions
[1792.303s][info][gc,cpu         ] GC(278) User=0.69s Sys=0.00s Real=0.12s
[1792.476s][info][gc,marking     ] GC(279) Concurrent Scan Root Regions 173.623ms
[1792.477s][info][gc,marking     ] GC(279) Concurrent Mark
[1792.477s][info][gc,marking     ] GC(279) Concurrent Mark From Roots
[1792.477s][info][gc,task        ] GC(279) Using 2 workers of 2 for marking
.[1793.368s][info][gc,marking     ] GC(279) Concurrent Mark From Roots 891.517ms
[1793.368s][info][gc,marking     ] GC(279) Concurrent Preclean
[1793.368s][info][gc,marking     ] GC(279) Concurrent Preclean 0.049ms
[1793.368s][info][gc,start       ] GC(279) Pause Remark
[1793.372s][info][gc             ] GC(279) Pause Remark 1734M->1734M(4096M) 3.290ms
[1793.372s][info][gc,cpu         ] GC(279) User=0.02s Sys=0.00s Real=0.00s
[1793.372s][info][gc,marking     ] GC(279) Concurrent Mark 895.117ms
[1793.372s][info][gc,marking     ] GC(279) Concurrent Rebuild Remembered Sets and Scrub Regions
.[1793.713s][info][gc,marking     ] GC(279) Concurrent Rebuild Remembered Sets and Scrub Regions 341.133ms
[1793.713s][info][gc,start       ] GC(279) Pause Cleanup
[1793.713s][info][gc             ] GC(279) Pause Cleanup 1837M->1837M(4096M) 0.106ms
[1793.713s][info][gc,cpu         ] GC(279) User=0.00s Sys=0.00s Real=0.00s
[1793.713s][info][gc,marking     ] GC(279) Concurrent Clear Claimed Marks
[1793.713s][info][gc,marking     ] GC(279) Concurrent Clear Claimed Marks 0.035ms
[1793.713s][info][gc,marking     ] GC(279) Concurrent Cleanup for Next Mark
[1793.718s][info][gc,marking     ] GC(279) Concurrent Cleanup for Next Mark 4.632ms
[1793.718s][info][gc             ] GC(279) Concurrent Mark Cycle 1414.986ms
......[1799.760s][info][gc,start       ] GC(280) Pause Young (Prepare Mixed) (G1 Evacuation Pause)
[1799.760s][info][gc,task        ] GC(280) Using 6 workers of 6 for evacuation
[1799.876s][info][gc,phases      ] GC(280)   Pre Evacuate Collection Set: 0.37ms
[1799.876s][info][gc,phases      ] GC(280)   Merge Heap Roots: 0.52ms
[1799.876s][info][gc,phases      ] GC(280)   Evacuate Collection Set: 113.69ms
[1799.876s][info][gc,phases      ] GC(280)   Post Evacuate Collection Set: 0.93ms
[1799.876s][info][gc,phases      ] GC(280)   Other: 0.09ms
[1799.876s][info][gc,heap        ] GC(280) Eden regions: 1119->0(1116)
[1799.876s][info][gc,heap        ] GC(280) Survivor regions: 109->108(154)
[1799.876s][info][gc,heap        ] GC(280) Old regions: 501->533
[1799.876s][info][gc,heap        ] GC(280) Humongous regions: 80->80
[1799.876s][info][gc,metaspace   ] GC(280) Metaspace: 28960K(29312K)->28960K(29312K) NonClass: 24077K(24256K)->24077K(24256K) Class: 4883K(5056K)->4883K(5056K)
[1799.876s][info][gc             ] GC(280) Pause Young (Prepare Mixed) (G1 Evacuation Pause) 3617M->1440M(4096M) 115.724ms
[1799.876s][info][gc,cpu         ] GC(280) User=0.68s Sys=0.00s Real=0.12s
.......[1807.409s][info][gc,start       ] GC(281) Pause Young (Mixed) (G1 Evacuation Pause)
[1807.409s][info][gc,task        ] GC(281) Using 6 workers of 6 for evacuation
[1807.538s][info][gc,phases      ] GC(281)   Pre Evacuate Collection Set: 0.42ms
[1807.538s][info][gc,phases      ] GC(281)   Merge Heap Roots: 0.61ms
[1807.538s][info][gc,phases      ] GC(281)   Evacuate Collection Set: 126.85ms
[1807.538s][info][gc,phases      ] GC(281)   Post Evacuate Collection Set: 0.98ms
[1807.538s][info][gc,phases      ] GC(281)   Other: 0.09ms
[1807.538s][info][gc,heap        ] GC(281) Eden regions: 1116->0(1120)
[1807.538s][info][gc,heap        ] GC(281) Survivor regions: 108->108(153)
[1807.538s][info][gc,heap        ] GC(281) Old regions: 533->468
[1807.538s][info][gc,heap        ] GC(281) Humongous regions: 80->80
[1807.538s][info][gc,metaspace   ] GC(281) Metaspace: 28961K(29312K)->28961K(29312K) NonClass: 24077K(24256K)->24077K(24256K) Class: 4883K(5056K)->4883K(5056K)
[1807.538s][info][gc             ] GC(281) Pause Young (Mixed) (G1 Evacuation Pause) 3672M->1311M(4096M) 129.078ms
[1807.538s][info][gc,cpu         ] GC(281) User=0.77s Sys=0.00s Real=0.13s
...... (rIR:aIR:PR = 2491:2491:2491) (tPR = 36896) [OK] 
  1812s: Performance info:
         Transaction,    Success,    Partial,     Failed,   Receipts, AvgBarcode, 
             Overall,     149743,          0,          0,     142257,      59.48, 
         Response times:
             Request,    Success,    Partial,     Failed,   SkipFail,     Probes,    Samples,      min,      p50,      p90,      p95,      p99,      max, 
       TotalPurchase,     142256,          0,          0,          0,     138973,     159177,      300,     2200,     3500,     4100,    17200,   204000,
     InStorePurchase,      74905,          0,          0,          0,      73425,      83920,      300,     2200,     3500,     4100,    16900,   204000,
      OnlinePurchase,      52398,          0,          0,          0,      51182,      58524,      400,     2200,     3500,     4100,    17400,   198000,
        InstPurchase,      14953,          0,          0,          0,      14366,      16733,      400,     2200,     3500,     4100,    17900,   134000,
          AssocOfCat,        149,          0,          0,          0,        100,        152,    18500,    26000,    32700,    35350,    71580,    79000,
      AssocOfProduct,       1496,          0,          0,          0,       1339,       1659,      600,     2900,     3900,     4600,    30000,   120000,
      BusinessReport,        375,          0,          0,          0,        313,        427,    21000,    30000,    41000,    49000,    99600,   238000,
          CustBuyBeh,       1498,          0,          0,          0,       1323,       1648,      200,     1600,     2700,     3200,    13700,    62000,
       ProductReturn,       3961,          0,          0,          0,       3637,       4286,      200,     1400,     2600,     3000,     9765,   198000,

  1812s: (19%)   IR =   2629 ..[1814.951s][info][gc,start       ] GC(282) Pause Young (Concurrent Start) (G1 Evacuation Pause)
[1814.951s][info][gc,task        ] GC(282) Using 6 workers of 6 for evacuation
[1815.066s][info][gc,phases      ] GC(282)   Pre Evacuate Collection Set: 0.42ms
[1815.066s][info][gc,phases      ] GC(282)   Merge Heap Roots: 0.46ms
[1815.066s][info][gc,phases      ] GC(282)   Evacuate Collection Set: 113.86ms
[1815.066s][info][gc,phases      ] GC(282)   Post Evacuate Collection Set: 0.90ms
[1815.066s][info][gc,phases      ] GC(282)   Other: 0.10ms
[1815.066s][info][gc,heap        ] GC(282) Eden regions: 1120->0(1119)
[1815.066s][info][gc,heap        ] GC(282) Survivor regions: 108->109(154)
[1815.066s][info][gc,heap        ] GC(282) Old regions: 468->500
[1815.066s][info][gc,heap        ] GC(282) Humongous regions: 80->80
[1815.066s][info][gc,metaspace   ] GC(282) Metaspace: 28964K(29312K)->28964K(29312K) NonClass: 24080K(24256K)->24080K(24256K) Class: 4883K(5056K)->4883K(5056K)
[1815.066s][info][gc             ] GC(282) Pause Young (Concurrent Start) (G1 Evacuation Pause) 3551M->1377M(4096M) 115.883ms
[1815.067s][info][gc             ] GC(283) Concurrent Mark Cycle
[1815.067s][info][gc,marking     ] GC(283) Concurrent Scan Root Regions
[1815.067s][info][gc,cpu         ] GC(282) User=0.69s Sys=0.00s Real=0.12s
[1815.240s][info][gc,marking     ] GC(283) Concurrent Scan Root Regions 173.477ms
[1815.240s][info][gc,marking     ] GC(283) Concurrent Mark
[1815.240s][info][gc,marking     ] GC(283) Concurrent Mark From Roots
[1815.240s][info][gc,task        ] GC(283) Using 2 workers of 2 for marking
.[1816.176s][info][gc,marking     ] GC(283) Concurrent Mark From Roots 935.657ms
[1816.176s][info][gc,marking     ] GC(283) Concurrent Preclean
[1816.176s][info][gc,marking     ] GC(283) Concurrent Preclean 0.088ms
[1816.176s][info][gc,start       ] GC(283) Pause Remark
[1816.179s][info][gc             ] GC(283) Pause Remark 1757M->1757M(4096M) 3.321ms
[1816.179s][info][gc,cpu         ] GC(283) User=0.01s Sys=0.00s Real=0.00s
[1816.180s][info][gc,marking     ] GC(283) Concurrent Mark 939.709ms
[1816.180s][info][gc,marking     ] GC(283) Concurrent Rebuild Remembered Sets and Scrub Regions
[1816.521s][info][gc,marking     ] GC(283) Concurrent Rebuild Remembered Sets and Scrub Regions 341.522ms
[1816.521s][info][gc,start       ] GC(283) Pause Cleanup
[1816.522s][info][gc             ] GC(283) Pause Cleanup 1872M->1872M(4096M) 0.128ms
[1816.522s][info][gc,cpu         ] GC(283) User=0.00s Sys=0.00s Real=0.00s
[1816.522s][info][gc,marking     ] GC(283) Concurrent Clear Claimed Marks
[1816.522s][info][gc,marking     ] GC(283) Concurrent Clear Claimed Marks 0.028ms
[1816.522s][info][gc,marking     ] GC(283) Concurrent Cleanup for Next Mark
[1816.525s][info][gc,marking     ] GC(283) Concurrent Cleanup for Next Mark 3.395ms
[1816.525s][info][gc             ] GC(283) Concurrent Mark Cycle 1458.618ms
..|....[1822.157s][info][gc,start       ] GC(284) Pause Young (Prepare Mixed) (G1 Evacuation Pause)
[1822.157s][info][gc,task        ] GC(284) Using 6 workers of 6 for evacuation
[1822.278s][info][gc,phases      ] GC(284)   Pre Evacuate Collection Set: 0.37ms
[1822.278s][info][gc,phases      ] GC(284)   Merge Heap Roots: 0.56ms
[1822.278s][info][gc,phases      ] GC(284)   Evacuate Collection Set: 118.58ms
[1822.278s][info][gc,phases      ] GC(284)   Post Evacuate Collection Set: 0.93ms
[1822.278s][info][gc,phases      ] GC(284)   Other: 0.09ms
[1822.278s][info][gc,heap        ] GC(284) Eden regions: 1119->0(1111)
[1822.278s][info][gc,heap        ] GC(284) Survivor regions: 109->111(154)
[1822.278s][info][gc,heap        ] GC(284) Old regions: 500->532
[1822.278s][info][gc,heap        ] GC(284) Humongous regions: 80->80
[1822.278s][info][gc,metaspace   ] GC(284) Metaspace: 28965K(29312K)->28965K(29312K) NonClass: 24081K(24256K)->24081K(24256K) Class: 4883K(5056K)->4883K(5056K)
[1822.278s][info][gc             ] GC(284) Pause Young (Prepare Mixed) (G1 Evacuation Pause) 3615M->1444M(4096M) 120.691ms
[1822.278s][info][gc,cpu         ] GC(284) User=0.71s Sys=0.00s Real=0.12s
.......[1829.349s][info][gc,start       ] GC(285) Pause Young (Mixed) (G1 Evacuation Pause)
[1829.349s][info][gc,task        ] GC(285) Using 6 workers of 6 for evacuation
[1829.479s][info][gc,phases      ] GC(285)   Pre Evacuate Collection Set: 0.43ms
[1829.479s][info][gc,phases      ] GC(285)   Merge Heap Roots: 0.64ms
[1829.479s][info][gc,phases      ] GC(285)   Evacuate Collection Set: 128.02ms
[1829.479s][info][gc,phases      ] GC(285)   Post Evacuate Collection Set: 0.97ms
[1829.479s][info][gc,phases      ] GC(285)   Other: 0.11ms
[1829.479s][info][gc,heap        ] GC(285) Eden regions: 1111->0(1120)
[1829.479s][info][gc,heap        ] GC(285) Survivor regions: 111->108(153)
[1829.479s][info][gc,heap        ] GC(285) Old regions: 532->467
[1829.479s][info][gc,heap        ] GC(285) Humongous regions: 80->80
[1829.479s][info][gc,metaspace   ] GC(285) Metaspace: 28965K(29312K)->28965K(29312K) NonClass: 24081K(24256K)->24081K(24256K) Class: 4883K(5056K)->4883K(5056K)
[1829.479s][info][gc             ] GC(285) Pause Young (Mixed) (G1 Evacuation Pause) 3666M->1307M(4096M) 130.292ms
[1829.479s][info][gc,cpu         ] GC(285) User=0.77s Sys=0.00s Real=0.13s
.......[1836.633s][info][gc,start       ] GC(286) Pause Young (Concurrent Start) (G1 Evacuation Pause)
[1836.633s][info][gc,task        ] GC(286) Using 6 workers of 6 for evacuation
[1836.749s][info][gc,phases      ] GC(286)   Pre Evacuate Collection Set: 0.41ms
[1836.749s][info][gc,phases      ] GC(286)   Merge Heap Roots: 0.47ms
[1836.749s][info][gc,phases      ] GC(286)   Evacuate Collection Set: 113.84ms
[1836.749s][info][gc,phases      ] GC(286)   Post Evacuate Collection Set: 0.89ms
[1836.749s][info][gc,phases      ] GC(286)   Other: 0.10ms
[1836.749s][info][gc,heap        ] GC(286) Eden regions: 1120->0(1120)
[1836.749s][info][gc,heap        ] GC(286) Survivor regions: 108->108(154)
[1836.749s][info][gc,heap        ] GC(286) Old regions: 467->499
[1836.749s][info][gc,heap        ] GC(286) Humongous regions: 80->80
[1836.749s][info][gc,metaspace   ] GC(286) Metaspace: 28965K(29312K)->28965K(29312K) NonClass: 24081K(24256K)->24081K(24256K) Class: 4883K(5056K)->4883K(5056K)
[1836.749s][info][gc             ] GC(286) Pause Young (Concurrent Start) (G1 Evacuation Pause) 3547M->1372M(4096M) 115.851ms
[1836.749s][info][gc             ] GC(287) Concurrent Mark Cycle
[1836.749s][info][gc,marking     ] GC(287) Concurrent Scan Root Regions
[1836.749s][info][gc,cpu         ] GC(286) User=0.69s Sys=0.00s Real=0.11s
.[1836.887s][info][gc,marking     ] GC(287) Concurrent Scan Root Regions 138.166ms
[1836.887s][info][gc,marking     ] GC(287) Concurrent Mark
[1836.887s][info][gc,marking     ] GC(287) Concurrent Mark From Roots
[1836.887s][info][gc,task        ] GC(287) Using 2 workers of 2 for marking
[1837.489s][info][gc,marking     ] GC(287) Concurrent Mark From Roots 602.261ms
[1837.489s][info][gc,marking     ] GC(287) Concurrent Preclean
[1837.489s][info][gc,marking     ] GC(287) Concurrent Preclean 0.057ms
[1837.490s][info][gc,start       ] GC(287) Pause Remark
[1837.493s][info][gc             ] GC(287) Pause Remark 1634M->1634M(4096M) 2.989ms
[1837.493s][info][gc,cpu         ] GC(287) User=0.01s Sys=0.00s Real=0.01s
[1837.493s][info][gc,marking     ] GC(287) Concurrent Mark 605.565ms
[1837.493s][info][gc,marking     ] GC(287) Concurrent Rebuild Remembered Sets and Scrub Regions
[1837.717s][info][gc,marking     ] GC(287) Concurrent Rebuild Remembered Sets and Scrub Regions 224.367ms
[1837.717s][info][gc,start       ] GC(287) Pause Cleanup
[1837.717s][info][gc             ] GC(287) Pause Cleanup 1709M->1709M(4096M) 0.126ms
[1837.717s][info][gc,cpu         ] GC(287) User=0.00s Sys=0.00s Real=0.00s
[1837.718s][info][gc,marking     ] GC(287) Concurrent Clear Claimed Marks
[1837.718s][info][gc,marking     ] GC(287) Concurrent Clear Claimed Marks 0.034ms
[1837.718s][info][gc,marking     ] GC(287) Concurrent Cleanup for Next Mark
[1837.721s][info][gc,marking     ] GC(287) Concurrent Cleanup for Next Mark 3.561ms
[1837.721s][info][gc             ] GC(287) Concurrent Mark Cycle 972.400ms
.......[1843.840s][info][gc,start       ] GC(288) Pause Young (Prepare Mixed) (G1 Evacuation Pause)
[1843.840s][info][gc,task        ] GC(288) Using 6 workers of 6 for evacuation
[1843.957s][info][gc,phases      ] GC(288)   Pre Evacuate Collection Set: 0.38ms
[1843.957s][info][gc,phases      ] GC(288)   Merge Heap Roots: 0.51ms
[1843.957s][info][gc,phases      ] GC(288)   Evacuate Collection Set: 114.94ms
[1843.957s][info][gc,phases      ] GC(288)   Post Evacuate Collection Set: 0.92ms
[1843.957s][info][gc,phases      ] GC(288)   Other: 0.09ms
[1843.957s][info][gc,heap        ] GC(288) Eden regions: 1120->0(1118)
[1843.957s][info][gc,heap        ] GC(288) Survivor regions: 108->108(154)
[1843.957s][info][gc,heap        ] GC(288) Old regions: 499->531
[1843.957s][info][gc,heap        ] GC(288) Humongous regions: 80->80
[1843.957s][info][gc,metaspace   ] GC(288) Metaspace: 28965K(29312K)->28965K(29312K) NonClass: 24081K(24256K)->24081K(24256K) Class: 4883K(5056K)->4883K(5056K)
[1843.957s][info][gc             ] GC(288) Pause Young (Prepare Mixed) (G1 Evacuation Pause) 3612M->1436M(4096M) 116.981ms
[1843.957s][info][gc,cpu         ] GC(288) User=0.69s Sys=0.00s Real=0.12s
.......[1851.111s][info][gc,start       ] GC(289) Pause Young (Mixed) (G1 Evacuation Pause)
[1851.111s][info][gc,task        ] GC(289) Using 6 workers of 6 for evacuation
[1851.244s][info][gc,phases      ] GC(289)   Pre Evacuate Collection Set: 0.39ms
[1851.244s][info][gc,phases      ] GC(289)   Merge Heap Roots: 0.72ms
[1851.244s][info][gc,phases      ] GC(289)   Evacuate Collection Set: 130.49ms
[1851.244s][info][gc,phases      ] GC(289)   Post Evacuate Collection Set: 0.99ms
[1851.244s][info][gc,phases      ] GC(289)   Other: 0.09ms
[1851.244s][info][gc,heap        ] GC(289) Eden regions: 1118->0(1119)
[1851.244s][info][gc,heap        ] GC(289) Survivor regions: 108->109(154)
[1851.244s][info][gc,heap        ] GC(289) Old regions: 531->469
[1851.244s][info][gc,heap        ] GC(289) Humongous regions: 80->80
[1851.244s][info][gc,metaspace   ] GC(289) Metaspace: 28965K(29312K)->28965K(29312K) NonClass: 24081K(24256K)->24081K(24256K) Class: 4883K(5056K)->4883K(5056K)
[1851.244s][info][gc             ] GC(289) Pause Young (Mixed) (G1 Evacuation Pause) 3672M->1314M(4096M) 132.843ms
[1851.244s][info][gc,cpu         ] GC(289) User=0.78s Sys=0.00s Real=0.14s
.......[1858.375s][info][gc,start       ] GC(290) Pause Young (Concurrent Start) (G1 Evacuation Pause)
[1858.375s][info][gc,task        ] GC(290) Using 6 workers of 6 for evacuation
[1858.491s][info][gc,phases      ] GC(290)   Pre Evacuate Collection Set: 0.41ms
[1858.491s][info][gc,phases      ] GC(290)   Merge Heap Roots: 0.48ms
[1858.491s][info][gc,phases      ] GC(290)   Evacuate Collection Set: 113.55ms
[1858.491s][info][gc,phases      ] GC(290)   Post Evacuate Collection Set: 0.91ms
[1858.491s][info][gc,phases      ] GC(290)   Other: 0.13ms
[1858.491s][info][gc,heap        ] GC(290) Eden regions: 1119->0(1120)
[1858.491s][info][gc,heap        ] GC(290) Survivor regions: 109->108(154)
[1858.491s][info][gc,heap        ] GC(290) Old regions: 469->501
[1858.491s][info][gc,heap        ] GC(290) Humongous regions: 80->80
[1858.491s][info][gc,metaspace   ] GC(290) Metaspace: 28965K(29312K)->28965K(29312K) NonClass: 24081K(24256K)->24081K(24256K) Class: 4883K(5056K)->4883K(5056K)
[1858.491s][info][gc             ] GC(290) Pause Young (Concurrent Start) (G1 Evacuation Pause) 3552M->1376M(4096M) 115.634ms
[1858.491s][info][gc             ] GC(291) Concurrent Mark Cycle
[1858.491s][info][gc,marking     ] GC(291) Concurrent Scan Root Regions
[1858.491s][info][gc,cpu         ] GC(290) User=0.68s Sys=0.00s Real=0.11s
[1858.636s][info][gc,marking     ] GC(291) Concurrent Scan Root Regions 145.160ms
[1858.636s][info][gc,marking     ] GC(291) Concurrent Mark
[1858.636s][info][gc,marking     ] GC(291) Concurrent Mark From Roots
[1858.636s][info][gc,task        ] GC(291) Using 2 workers of 2 for marking
.[1859.239s][info][gc,marking     ] GC(291) Concurrent Mark From Roots 603.068ms
[1859.239s][info][gc,marking     ] GC(291) Concurrent Preclean
[1859.239s][info][gc,marking     ] GC(291) Concurrent Preclean 0.089ms
[1859.240s][info][gc,start       ] GC(291) Pause Remark
[1859.244s][info][gc             ] GC(291) Pause Remark 1659M->1659M(4096M) 3.316ms
[1859.244s][info][gc,cpu         ] GC(291) User=0.02s Sys=0.00s Real=0.01s
[1859.244s][info][gc,marking     ] GC(291) Concurrent Mark 607.714ms
[1859.244s][info][gc,marking     ] GC(291) Concurrent Rebuild Remembered Sets and Scrub Regions
[1859.475s][info][gc,marking     ] GC(291) Concurrent Rebuild Remembered Sets and Scrub Regions 230.689ms
[1859.475s][info][gc,start       ] GC(291) Pause Cleanup
[1859.475s][info][gc             ] GC(291) Pause Cleanup 1733M->1733M(4096M) 0.109ms
[1859.475s][info][gc,cpu         ] GC(291) User=0.00s Sys=0.00s Real=0.00s
[1859.475s][info][gc,marking     ] GC(291) Concurrent Clear Claimed Marks
[1859.475s][info][gc,marking     ] GC(291) Concurrent Clear Claimed Marks 0.033ms
[1859.475s][info][gc,marking     ] GC(291) Concurrent Cleanup for Next Mark
[1859.480s][info][gc,marking     ] GC(291) Concurrent Cleanup for Next Mark 4.602ms
[1859.480s][info][gc             ] GC(291) Concurrent Mark Cycle 988.652ms
......[1865.643s][info][gc,start       ] GC(292) Pause Young (Prepare Mixed) (G1 Evacuation Pause)
[1865.643s][info][gc,task        ] GC(292) Using 6 workers of 6 for evacuation
[1865.760s][info][gc,phases      ] GC(292)   Pre Evacuate Collection Set: 0.37ms
[1865.760s][info][gc,phases      ] GC(292)   Merge Heap Roots: 0.52ms
[1865.760s][info][gc,phases      ] GC(292)   Evacuate Collection Set: 115.18ms
[1865.760s][info][gc,phases      ] GC(292)   Post Evacuate Collection Set: 0.97ms
[1865.760s][info][gc,phases      ] GC(292)   Other: 0.09ms
[1865.760s][info][gc,heap        ] GC(292) Eden regions: 1120->0(1116)
[1865.760s][info][gc,heap        ] GC(292) Survivor regions: 108->108(154)
[1865.760s][info][gc,heap        ] GC(292) Old regions: 501->533
[1865.760s][info][gc,heap        ] GC(292) Humongous regions: 80->80
[1865.760s][info][gc,metaspace   ] GC(292) Metaspace: 28965K(29312K)->28965K(29312K) NonClass: 24081K(24256K)->24081K(24256K) Class: 4883K(5056K)->4883K(5056K)
[1865.760s][info][gc             ] GC(292) Pause Young (Prepare Mixed) (G1 Evacuation Pause) 3616M->1441M(4096M) 117.249ms
[1865.760s][info][gc,cpu         ] GC(292) User=0.69s Sys=0.00s Real=0.11s
........[1872.811s][info][gc,start       ] GC(293) Pause Young (Mixed) (G1 Evacuation Pause)
[1872.811s][info][gc,task        ] GC(293) Using 6 workers of 6 for evacuation
[1872.942s][info][gc,phases      ] GC(293)   Pre Evacuate Collection Set: 0.41ms
[1872.942s][info][gc,phases      ] GC(293)   Merge Heap Roots: 0.64ms
[1872.942s][info][gc,phases      ] GC(293)   Evacuate Collection Set: 128.09ms
[1872.942s][info][gc,phases      ] GC(293)   Post Evacuate Collection Set: 0.95ms
[1872.942s][info][gc,phases      ] GC(293)   Other: 0.09ms
[1872.942s][info][gc,heap        ] GC(293) Eden regions: 1116->0(1120)
[1872.942s][info][gc,heap        ] GC(293) Survivor regions: 108->108(153)
[1872.942s][info][gc,heap        ] GC(293) Old regions: 533->469
[1872.942s][info][gc,heap        ] GC(293) Humongous regions: 80->80
[1872.942s][info][gc,metaspace   ] GC(293) Metaspace: 28965K(29312K)->28965K(29312K) NonClass: 24081K(24256K)->24081K(24256K) Class: 4883K(5056K)->4883K(5056K)
[1872.942s][info][gc             ] GC(293) Pause Young (Mixed) (G1 Evacuation Pause) 3673M->1312M(4096M) 130.316ms
[1872.942s][info][gc,cpu         ] GC(293) User=0.77s Sys=0.00s Real=0.13s
..... (rIR:aIR:PR = 2629:2629:2629) (tPR = 39020) [OK] 
  1877s: Performance info:
         Transaction,    Success,    Partial,     Failed,   Receipts, AvgBarcode, 
             Overall,     157956,          0,          0,     150062,      59.47, 
         Response times:
             Request,    Success,    Partial,     Failed,   SkipFail,     Probes,    Samples,      min,      p50,      p90,      p95,      p99,      max, 
       TotalPurchase,     150062,          0,          0,          0,     146979,     160835,      300,     2300,     3600,     4200,    14700,   195000,
     InStorePurchase,      78953,          0,          0,          0,      77576,      84602,      300,     2300,     3600,     4200,    15200,   147000,
      OnlinePurchase,      55305,          0,          0,          0,      54156,      59283,      300,     2200,     3600,     4200,    13400,   195000,
        InstPurchase,      15804,          0,          0,          0,      15247,      16950,      400,     2300,     3500,     4100,    16547,   136000,
          AssocOfCat,        156,          0,          0,          0,        125,        198,    19000,    27000,    35000,    39000,    58060,    64000,
      AssocOfProduct,       1577,          0,          0,          0,       1430,       1694,      600,     2900,     4100,     4925,    17315,   133000,
      BusinessReport,        394,          0,          0,          0,        308,        397,    22000,    30000,    41200,    49200,   135340,   187000,
          CustBuyBeh,       1582,          0,          0,          0,       1421,       1697,      200,     2500,     3600,     4100,    19002,   134000,
       ProductReturn,       4185,          0,          0,          0,       3867,       4458,      300,     2700,     3800,     4800,    19500,   137000,

  1877s: (20%)   IR =   2767 ..[1880.013s][info][gc,start       ] GC(294) Pause Young (Concurrent Start) (G1 Evacuation Pause)
[1880.013s][info][gc,task        ] GC(294) Using 6 workers of 6 for evacuation
[1880.130s][info][gc,phases      ] GC(294)   Pre Evacuate Collection Set: 0.38ms
[1880.130s][info][gc,phases      ] GC(294)   Merge Heap Roots: 0.48ms
[1880.130s][info][gc,phases      ] GC(294)   Evacuate Collection Set: 114.71ms
[1880.130s][info][gc,phases      ] GC(294)   Post Evacuate Collection Set: 0.95ms
[1880.130s][info][gc,phases      ] GC(294)   Other: 0.11ms
[1880.130s][info][gc,heap        ] GC(294) Eden regions: 1120->0(1120)
[1880.130s][info][gc,heap        ] GC(294) Survivor regions: 108->108(154)
[1880.130s][info][gc,heap        ] GC(294) Old regions: 469->502
[1880.130s][info][gc,heap        ] GC(294) Humongous regions: 80->80
[1880.130s][info][gc,metaspace   ] GC(294) Metaspace: 28965K(29312K)->28965K(29312K) NonClass: 24081K(24256K)->24081K(24256K) Class: 4883K(5056K)->4883K(5056K)
[1880.130s][info][gc             ] GC(294) Pause Young (Concurrent Start) (G1 Evacuation Pause) 3552M->1378M(4096M) 116.784ms
[1880.130s][info][gc             ] GC(295) Concurrent Mark Cycle
[1880.130s][info][gc,marking     ] GC(295) Concurrent Scan Root Regions
[1880.130s][info][gc,cpu         ] GC(294) User=0.69s Sys=0.00s Real=0.11s
[1880.249s][info][gc,marking     ] GC(295) Concurrent Scan Root Regions 119.110ms
[1880.249s][info][gc,marking     ] GC(295) Concurrent Mark
[1880.249s][info][gc,marking     ] GC(295) Concurrent Mark From Roots
[1880.249s][info][gc,task        ] GC(295) Using 2 workers of 2 for marking
[1880.814s][info][gc,marking     ] GC(295) Concurrent Mark From Roots 564.771ms
[1880.814s][info][gc,marking     ] GC(295) Concurrent Preclean
[1880.814s][info][gc,marking     ] GC(295) Concurrent Preclean 0.069ms
[1880.814s][info][gc,start       ] GC(295) Pause Remark
[1880.817s][info][gc             ] GC(295) Pause Remark 1645M->1645M(4096M) 3.163ms
[1880.817s][info][gc,cpu         ] GC(295) User=0.01s Sys=0.00s Real=0.00s
[1880.817s][info][gc,marking     ] GC(295) Concurrent Mark 568.251ms
[1880.817s][info][gc,marking     ] GC(295) Concurrent Rebuild Remembered Sets and Scrub Regions
.[1881.048s][info][gc,marking     ] GC(295) Concurrent Rebuild Remembered Sets and Scrub Regions 230.889ms
[1881.049s][info][gc,start       ] GC(295) Pause Cleanup
[1881.049s][info][gc             ] GC(295) Pause Cleanup 1714M->1714M(4096M) 0.115ms
[1881.049s][info][gc,cpu         ] GC(295) User=0.00s Sys=0.00s Real=0.00s
[1881.049s][info][gc,marking     ] GC(295) Concurrent Clear Claimed Marks
[1881.049s][info][gc,marking     ] GC(295) Concurrent Clear Claimed Marks 0.046ms
[1881.049s][info][gc,marking     ] GC(295) Concurrent Cleanup for Next Mark
[1881.054s][info][gc,marking     ] GC(295) Concurrent Cleanup for Next Mark 5.251ms
[1881.055s][info][gc             ] GC(295) Concurrent Mark Cycle 924.536ms
...|..[1886.819s][info][gc,start       ] GC(296) Pause Young (Prepare Mixed) (G1 Evacuation Pause)
[1886.819s][info][gc,task        ] GC(296) Using 6 workers of 6 for evacuation
[1886.935s][info][gc,phases      ] GC(296)   Pre Evacuate Collection Set: 0.36ms
[1886.935s][info][gc,phases      ] GC(296)   Merge Heap Roots: 0.53ms
[1886.935s][info][gc,phases      ] GC(296)   Evacuate Collection Set: 114.94ms
[1886.935s][info][gc,phases      ] GC(296)   Post Evacuate Collection Set: 0.95ms
[1886.935s][info][gc,phases      ] GC(296)   Other: 0.09ms
[1886.935s][info][gc,heap        ] GC(296) Eden regions: 1120->0(1112)
[1886.935s][info][gc,heap        ] GC(296) Survivor regions: 108->110(154)
[1886.935s][info][gc,heap        ] GC(296) Old regions: 502->533
[1886.935s][info][gc,heap        ] GC(296) Humongous regions: 80->80
[1886.935s][info][gc,metaspace   ] GC(296) Metaspace: 28965K(29312K)->28965K(29312K) NonClass: 24081K(24256K)->24081K(24256K) Class: 4883K(5056K)->4883K(5056K)
[1886.935s][info][gc             ] GC(296) Pause Young (Prepare Mixed) (G1 Evacuation Pause) 3618M->1445M(4096M) 116.998ms
[1886.936s][info][gc,cpu         ] GC(296) User=0.70s Sys=0.00s Real=0.12s
.......[1893.708s][info][gc,start       ] GC(297) Pause Young (Mixed) (G1 Evacuation Pause)
[1893.708s][info][gc,task        ] GC(297) Using 6 workers of 6 for evacuation
[1893.840s][info][gc,phases      ] GC(297)   Pre Evacuate Collection Set: 0.44ms
[1893.840s][info][gc,phases      ] GC(297)   Merge Heap Roots: 0.74ms
[1893.840s][info][gc,phases      ] GC(297)   Evacuate Collection Set: 129.69ms
[1893.840s][info][gc,phases      ] GC(297)   Post Evacuate Collection Set: 0.97ms
[1893.840s][info][gc,phases      ] GC(297)   Other: 0.09ms
[1893.840s][info][gc,heap        ] GC(297) Eden regions: 1112->0(1120)
[1893.840s][info][gc,heap        ] GC(297) Survivor regions: 110->108(153)
[1893.840s][info][gc,heap        ] GC(297) Old regions: 533->469
[1893.840s][info][gc,heap        ] GC(297) Humongous regions: 80->80
[1893.840s][info][gc,metaspace   ] GC(297) Metaspace: 28965K(29312K)->28965K(29312K) NonClass: 24081K(24256K)->24081K(24256K) Class: 4883K(5056K)->4883K(5056K)
[1893.840s][info][gc             ] GC(297) Pause Young (Mixed) (G1 Evacuation Pause) 3669M->1311M(4096M) 132.049ms
[1893.840s][info][gc,cpu         ] GC(297) User=0.78s Sys=0.00s Real=0.13s
.......[1900.611s][info][gc,start       ] GC(298) Pause Young (Concurrent Start) (G1 Evacuation Pause)
[1900.611s][info][gc,task        ] GC(298) Using 6 workers of 6 for evacuation
[1900.726s][info][gc,phases      ] GC(298)   Pre Evacuate Collection Set: 0.42ms
[1900.726s][info][gc,phases      ] GC(298)   Merge Heap Roots: 0.49ms
[1900.726s][info][gc,phases      ] GC(298)   Evacuate Collection Set: 112.83ms
[1900.726s][info][gc,phases      ] GC(298)   Post Evacuate Collection Set: 0.90ms
[1900.726s][info][gc,phases      ] GC(298)   Other: 0.12ms
[1900.726s][info][gc,heap        ] GC(298) Eden regions: 1120->0(1120)
[1900.726s][info][gc,heap        ] GC(298) Survivor regions: 108->108(154)
[1900.726s][info][gc,heap        ] GC(298) Old regions: 469->500
[1900.726s][info][gc,heap        ] GC(298) Humongous regions: 80->80
[1900.726s][info][gc,metaspace   ] GC(298) Metaspace: 28965K(29312K)->28965K(29312K) NonClass: 24081K(24256K)->24081K(24256K) Class: 4883K(5056K)->4883K(5056K)
[1900.726s][info][gc             ] GC(298) Pause Young (Concurrent Start) (G1 Evacuation Pause) 3551M->1375M(4096M) 114.922ms
[1900.726s][info][gc             ] GC(299) Concurrent Mark Cycle
[1900.726s][info][gc,marking     ] GC(299) Concurrent Scan Root Regions
[1900.726s][info][gc,cpu         ] GC(298) User=0.68s Sys=0.00s Real=0.12s
[1900.850s][info][gc,marking     ] GC(299) Concurrent Scan Root Regions 123.549ms
[1900.850s][info][gc,marking     ] GC(299) Concurrent Mark
[1900.850s][info][gc,marking     ] GC(299) Concurrent Mark From Roots
[1900.850s][info][gc,task        ] GC(299) Using 2 workers of 2 for marking
.[1901.429s][info][gc,marking     ] GC(299) Concurrent Mark From Roots 579.091ms
[1901.429s][info][gc,marking     ] GC(299) Concurrent Preclean
[1901.429s][info][gc,marking     ] GC(299) Concurrent Preclean 0.055ms
[1901.429s][info][gc,start       ] GC(299) Pause Remark
[1901.433s][info][gc             ] GC(299) Pause Remark 1668M->1668M(4096M) 3.491ms
[1901.433s][info][gc,cpu         ] GC(299) User=0.02s Sys=0.00s Real=0.01s
[1901.434s][info][gc,marking     ] GC(299) Concurrent Mark 584.294ms
[1901.434s][info][gc,marking     ] GC(299) Concurrent Rebuild Remembered Sets and Scrub Regions
[1901.660s][info][gc,marking     ] GC(299) Concurrent Rebuild Remembered Sets and Scrub Regions 226.316ms
[1901.660s][info][gc,start       ] GC(299) Pause Cleanup
[1901.661s][info][gc             ] GC(299) Pause Cleanup 1747M->1747M(4096M) 0.110ms
[1901.661s][info][gc,cpu         ] GC(299) User=0.00s Sys=0.00s Real=0.00s
[1901.661s][info][gc,marking     ] GC(299) Concurrent Clear Claimed Marks
[1901.661s][info][gc,marking     ] GC(299) Concurrent Clear Claimed Marks 0.029ms
[1901.661s][info][gc,marking     ] GC(299) Concurrent Cleanup for Next Mark
[1901.664s][info][gc,marking     ] GC(299) Concurrent Cleanup for Next Mark 3.209ms
[1901.664s][info][gc             ] GC(299) Concurrent Mark Cycle 937.876ms
......[1907.410s][info][gc,start       ] GC(300) Pause Young (Prepare Mixed) (G1 Evacuation Pause)
[1907.410s][info][gc,task        ] GC(300) Using 6 workers of 6 for evacuation
[1907.525s][info][gc,phases      ] GC(300)   Pre Evacuate Collection Set: 0.37ms
[1907.525s][info][gc,phases      ] GC(300)   Merge Heap Roots: 0.54ms
[1907.525s][info][gc,phases      ] GC(300)   Evacuate Collection Set: 113.38ms
[1907.525s][info][gc,phases      ] GC(300)   Post Evacuate Collection Set: 0.93ms
[1907.525s][info][gc,phases      ] GC(300)   Other: 0.08ms
[1907.526s][info][gc,heap        ] GC(300) Eden regions: 1120->0(1117)
[1907.526s][info][gc,heap        ] GC(300) Survivor regions: 108->108(154)
[1907.526s][info][gc,heap        ] GC(300) Old regions: 500->532
[1907.526s][info][gc,heap        ] GC(300) Humongous regions: 80->80
[1907.526s][info][gc,metaspace   ] GC(300) Metaspace: 28965K(29312K)->28965K(29312K) NonClass: 24081K(24256K)->24081K(24256K) Class: 4883K(5056K)->4883K(5056K)
[1907.526s][info][gc             ] GC(300) Pause Young (Prepare Mixed) (G1 Evacuation Pause) 3615M->1438M(4096M) 115.423ms
[1907.526s][info][gc,cpu         ] GC(300) User=0.68s Sys=0.00s Real=0.12s
.......[1914.357s][info][gc,start       ] GC(301) Pause Young (Mixed) (G1 Evacuation Pause)
[1914.357s][info][gc,task        ] GC(301) Using 6 workers of 6 for evacuation
[1914.488s][info][gc,phases      ] GC(301)   Pre Evacuate Collection Set: 0.38ms
[1914.488s][info][gc,phases      ] GC(301)   Merge Heap Roots: 0.63ms
[1914.488s][info][gc,phases      ] GC(301)   Evacuate Collection Set: 128.70ms
[1914.488s][info][gc,phases      ] GC(301)   Post Evacuate Collection Set: 0.97ms
[1914.488s][info][gc,phases      ] GC(301)   Other: 0.09ms
[1914.488s][info][gc,heap        ] GC(301) Eden regions: 1117->0(1120)
[1914.488s][info][gc,heap        ] GC(301) Survivor regions: 108->108(154)
[1914.488s][info][gc,heap        ] GC(301) Old regions: 532->468
[1914.488s][info][gc,heap        ] GC(301) Humongous regions: 80->80
[1914.488s][info][gc,metaspace   ] GC(301) Metaspace: 28965K(29312K)->28965K(29312K) NonClass: 24081K(24256K)->24081K(24256K) Class: 4883K(5056K)->4883K(5056K)
[1914.488s][info][gc             ] GC(301) Pause Young (Mixed) (G1 Evacuation Pause) 3672M->1309M(4096M) 130.944ms
[1914.488s][info][gc,cpu         ] GC(301) User=0.77s Sys=0.00s Real=0.13s
.......[1921.259s][info][gc,start       ] GC(302) Pause Young (Concurrent Start) (G1 Evacuation Pause)
[1921.259s][info][gc,task        ] GC(302) Using 6 workers of 6 for evacuation
[1921.379s][info][gc,phases      ] GC(302)   Pre Evacuate Collection Set: 0.40ms
[1921.379s][info][gc,phases      ] GC(302)   Merge Heap Roots: 0.48ms
[1921.379s][info][gc,phases      ] GC(302)   Evacuate Collection Set: 117.68ms
[1921.379s][info][gc,phases      ] GC(302)   Post Evacuate Collection Set: 0.90ms
[1921.379s][info][gc,phases      ] GC(302)   Other: 0.12ms
[1921.379s][info][gc,heap        ] GC(302) Eden regions: 1120->0(1116)
[1921.379s][info][gc,heap        ] GC(302) Survivor regions: 108->112(154)
[1921.379s][info][gc,heap        ] GC(302) Old regions: 468->499
[1921.379s][info][gc,heap        ] GC(302) Humongous regions: 80->80
[1921.379s][info][gc,metaspace   ] GC(302) Metaspace: 28965K(29312K)->28965K(29312K) NonClass: 24081K(24256K)->24081K(24256K) Class: 4883K(5056K)->4883K(5056K)
[1921.379s][info][gc             ] GC(302) Pause Young (Concurrent Start) (G1 Evacuation Pause) 3549M->1381M(4096M) 119.707ms
[1921.379s][info][gc             ] GC(303) Concurrent Mark Cycle
[1921.379s][info][gc,marking     ] GC(303) Concurrent Scan Root Regions
[1921.379s][info][gc,cpu         ] GC(302) User=0.71s Sys=0.00s Real=0.12s
[1921.515s][info][gc,marking     ] GC(303) Concurrent Scan Root Regions 136.584ms
[1921.515s][info][gc,marking     ] GC(303) Concurrent Mark
[1921.515s][info][gc,marking     ] GC(303) Concurrent Mark From Roots
[1921.515s][info][gc,task        ] GC(303) Using 2 workers of 2 for marking
.[1922.113s][info][gc,marking     ] GC(303) Concurrent Mark From Roots 597.153ms
[1922.113s][info][gc,marking     ] GC(303) Concurrent Preclean
[1922.113s][info][gc,marking     ] GC(303) Concurrent Preclean 0.055ms
[1922.113s][info][gc,start       ] GC(303) Pause Remark
[1922.116s][info][gc             ] GC(303) Pause Remark 1697M->1697M(4096M) 3.061ms
[1922.116s][info][gc,cpu         ] GC(303) User=0.01s Sys=0.00s Real=0.00s
[1922.116s][info][gc,marking     ] GC(303) Concurrent Mark 600.507ms
[1922.116s][info][gc,marking     ] GC(303) Concurrent Rebuild Remembered Sets and Scrub Regions
[1922.331s][info][gc,marking     ] GC(303) Concurrent Rebuild Remembered Sets and Scrub Regions 215.410ms
[1922.331s][info][gc,start       ] GC(303) Pause Cleanup
[1922.332s][info][gc             ] GC(303) Pause Cleanup 1772M->1772M(4096M) 0.110ms
[1922.332s][info][gc,cpu         ] GC(303) User=0.00s Sys=0.00s Real=0.00s
[1922.332s][info][gc,marking     ] GC(303) Concurrent Clear Claimed Marks
[1922.332s][info][gc,marking     ] GC(303) Concurrent Clear Claimed Marks 0.034ms
[1922.332s][info][gc,marking     ] GC(303) Concurrent Cleanup for Next Mark
[1922.335s][info][gc,marking     ] GC(303) Concurrent Cleanup for Next Mark 3.364ms
[1922.335s][info][gc             ] GC(303) Concurrent Mark Cycle 956.342ms
......[1928.015s][info][gc,start       ] GC(304) Pause Young (Prepare Mixed) (G1 Evacuation Pause)
[1928.015s][info][gc,task        ] GC(304) Using 6 workers of 6 for evacuation
[1928.132s][info][gc,phases      ] GC(304)   Pre Evacuate Collection Set: 0.37ms
[1928.132s][info][gc,phases      ] GC(304)   Merge Heap Roots: 0.62ms
[1928.132s][info][gc,phases      ] GC(304)   Evacuate Collection Set: 115.06ms
[1928.132s][info][gc,phases      ] GC(304)   Post Evacuate Collection Set: 0.95ms
[1928.132s][info][gc,phases      ] GC(304)   Other: 0.10ms
[1928.132s][info][gc,heap        ] GC(304) Eden regions: 1116->0(1117)
[1928.132s][info][gc,heap        ] GC(304) Survivor regions: 112->108(154)
[1928.132s][info][gc,heap        ] GC(304) Old regions: 499->532
[1928.132s][info][gc,heap        ] GC(304) Humongous regions: 80->80
[1928.132s][info][gc,metaspace   ] GC(304) Metaspace: 28965K(29312K)->28965K(29312K) NonClass: 24081K(24256K)->24081K(24256K) Class: 4883K(5056K)->4883K(5056K)
[1928.132s][info][gc             ] GC(304) Pause Young (Prepare Mixed) (G1 Evacuation Pause) 3613M->1437M(4096M) 117.245ms
[1928.132s][info][gc,cpu         ] GC(304) User=0.70s Sys=0.00s Real=0.12s
......[1934.881s][info][gc,start       ] GC(305) Pause Young (Mixed) (G1 Evacuation Pause)
[1934.881s][info][gc,task        ] GC(305) Using 6 workers of 6 for evacuation
[1935.011s][info][gc,phases      ] GC(305)   Pre Evacuate Collection Set: 0.37ms
[1935.011s][info][gc,phases      ] GC(305)   Merge Heap Roots: 0.76ms
[1935.011s][info][gc,phases      ] GC(305)   Evacuate Collection Set: 128.13ms
[1935.011s][info][gc,phases      ] GC(305)   Post Evacuate Collection Set: 0.96ms
[1935.011s][info][gc,phases      ] GC(305)   Other: 0.10ms
[1935.011s][info][gc,heap        ] GC(305) Eden regions: 1117->0(1120)
[1935.011s][info][gc,heap        ] GC(305) Survivor regions: 108->108(154)
[1935.011s][info][gc,heap        ] GC(305) Old regions: 532->469
[1935.011s][info][gc,heap        ] GC(305) Humongous regions: 80->80
[1935.011s][info][gc,metaspace   ] GC(305) Metaspace: 28965K(29312K)->28965K(29312K) NonClass: 24081K(24256K)->24081K(24256K) Class: 4883K(5056K)->4883K(5056K)
[1935.011s][info][gc             ] GC(305) Pause Young (Mixed) (G1 Evacuation Pause) 3671M->1312M(4096M) 130.448ms
[1935.011s][info][gc,cpu         ] GC(305) User=0.77s Sys=0.00s Real=0.13s
.......[1941.836s][info][gc,start       ] GC(306) Pause Young (Concurrent Start) (G1 Evacuation Pause)
[1941.836s][info][gc,task        ] GC(306) Using 6 workers of 6 for evacuation
[1941.955s][info][gc,phases      ] GC(306)   Pre Evacuate Collection Set: 0.41ms
[1941.955s][info][gc,phases      ] GC(306)   Merge Heap Roots: 0.55ms
[1941.955s][info][gc,phases      ] GC(306)   Evacuate Collection Set: 116.60ms
[1941.955s][info][gc,phases      ] GC(306)   Post Evacuate Collection Set: 0.91ms
[1941.955s][info][gc,phases      ] GC(306)   Other: 0.12ms
[1941.955s][info][gc,heap        ] GC(306) Eden regions: 1120->0(1117)
[1941.955s][info][gc,heap        ] GC(306) Survivor regions: 108->111(154)
[1941.955s][info][gc,heap        ] GC(306) Old regions: 469->501
[1941.955s][info][gc,heap        ] GC(306) Humongous regions: 80->80
[1941.955s][info][gc,metaspace   ] GC(306) Metaspace: 28965K(29312K)->28965K(29312K) NonClass: 24081K(24256K)->24081K(24256K) Class: 4883K(5056K)->4883K(5056K)
[1941.955s][info][gc             ] GC(306) Pause Young (Concurrent Start) (G1 Evacuation Pause) 3552M->1382M(4096M) 118.743ms
[1941.955s][info][gc             ] GC(307) Concurrent Mark Cycle
[1941.955s][info][gc,marking     ] GC(307) Concurrent Scan Root Regions
[1941.955s][info][gc,cpu         ] GC(306) User=0.69s Sys=0.00s Real=0.12s
.[1942.125s][info][gc,marking     ] GC(307) Concurrent Scan Root Regions 170.085ms
[1942.125s][info][gc,marking     ] GC(307) Concurrent Mark
[1942.125s][info][gc,marking     ] GC(307) Concurrent Mark From Roots
[1942.125s][info][gc,task        ] GC(307) Using 2 workers of 2 for marking
.[1943.065s][info][gc,marking     ] GC(307) Concurrent Mark From Roots 939.900ms
[1943.065s][info][gc,marking     ] GC(307) Concurrent Preclean
[1943.065s][info][gc,marking     ] GC(307) Concurrent Preclean 0.055ms
[1943.065s][info][gc,start       ] GC(307) Pause Remark
[1943.069s][info][gc             ] GC(307) Pause Remark 1779M->1779M(4096M) 3.288ms
[1943.069s][info][gc,cpu         ] GC(307) User=0.02s Sys=0.00s Real=0.00s
[1943.069s][info][gc,marking     ] GC(307) Concurrent Mark 943.511ms
[1943.069s][info][gc,marking     ] GC(307) Concurrent Rebuild Remembered Sets and Scrub Regions
[1943.411s][info][gc,marking     ] GC(307) Concurrent Rebuild Remembered Sets and Scrub Regions 342.384ms
[1943.411s][info][gc,start       ] GC(307) Pause Cleanup
[1943.411s][info][gc             ] GC(307) Pause Cleanup 1893M->1893M(4096M) 0.116ms
[1943.411s][info][gc,cpu         ] GC(307) User=0.00s Sys=0.00s Real=0.00s
[1943.411s][info][gc,marking     ] GC(307) Concurrent Clear Claimed Marks
[1943.411s][info][gc,marking     ] GC(307) Concurrent Clear Claimed Marks 0.032ms
[1943.411s][info][gc,marking     ] GC(307) Concurrent Cleanup for Next Mark
[1943.415s][info][gc,marking     ] GC(307) Concurrent Cleanup for Next Mark 3.918ms
[1943.415s][info][gc             ] GC(307) Concurrent Mark Cycle 1460.402ms
. (rIR:aIR:PR = 2767:2768:2768) (tPR = 41202) [OK] 
  1943s: Performance info:
         Transaction,    Success,    Partial,     Failed,   Receipts, AvgBarcode, 
             Overall,     166616,          0,          0,     158299,      59.48, 
         Response times:
             Request,    Success,    Partial,     Failed,   SkipFail,     Probes,    Samples,      min,      p50,      p90,      p95,      p99,      max, 
       TotalPurchase,     158299,          0,          0,          0,     153965,     171085,      300,     2400,     3800,     4700,    18000,   197000,
     InStorePurchase,      83328,          0,          0,          0,      81227,      90033,      300,     2300,     3800,     4700,    17300,   197000,
      OnlinePurchase,      58287,          0,          0,          0,      56775,      63116,      300,     2400,     3800,     4700,    19000,   197000,
        InstPurchase,      16684,          0,          0,          0,      15963,      17936,      400,     2500,     3900,     4700,    18000,   197000,
          AssocOfCat,        165,          0,          0,          0,        119,        173,    19300,    27000,    33000,    45200,    63860,    72000,
      AssocOfProduct,       1664,          0,          0,          0,       1486,       1784,      500,     2000,     4000,     5050,    16390,   135000,
      BusinessReport,        417,          0,          0,          0,        338,        442,    22000,    30000,    41700,    51000,    94570,   162000,
          CustBuyBeh,       1661,          0,          0,          0,       1488,       1760,      300,     2900,     4200,     5100,    22390,   137000,
       ProductReturn,       4410,          0,          0,          0,       4146,       4809,      200,     2400,     3600,     4300,    16680,   137000,

  1943s: (21%)   IR =   2906 ....|[1948.486s][info][gc,start       ] GC(308) Pause Young (Prepare Mixed) (G1 Evacuation Pause)
[1948.486s][info][gc,task        ] GC(308) Using 6 workers of 6 for evacuation
[1948.605s][info][gc,phases      ] GC(308)   Pre Evacuate Collection Set: 0.36ms
[1948.605s][info][gc,phases      ] GC(308)   Merge Heap Roots: 0.54ms
[1948.605s][info][gc,phases      ] GC(308)   Evacuate Collection Set: 116.41ms
[1948.605s][info][gc,phases      ] GC(308)   Post Evacuate Collection Set: 0.93ms
[1948.605s][info][gc,phases      ] GC(308)   Other: 0.08ms
[1948.605s][info][gc,heap        ] GC(308) Eden regions: 1117->0(1114)
[1948.605s][info][gc,heap        ] GC(308) Survivor regions: 111->109(154)
[1948.605s][info][gc,heap        ] GC(308) Old regions: 501->533
[1948.605s][info][gc,heap        ] GC(308) Humongous regions: 80->80
[1948.605s][info][gc,metaspace   ] GC(308) Metaspace: 28965K(29312K)->28965K(29312K) NonClass: 24081K(24256K)->24081K(24256K) Class: 4883K(5056K)->4883K(5056K)
[1948.605s][info][gc             ] GC(308) Pause Young (Prepare Mixed) (G1 Evacuation Pause) 3616M->1443M(4096M) 118.449ms
[1948.605s][info][gc,cpu         ] GC(308) User=0.70s Sys=0.00s Real=0.12s
......[1954.973s][info][gc,start       ] GC(309) Pause Young (Mixed) (G1 Evacuation Pause)
[1954.973s][info][gc,task        ] GC(309) Using 6 workers of 6 for evacuation
[1955.101s][info][gc,phases      ] GC(309)   Pre Evacuate Collection Set: 0.39ms
[1955.101s][info][gc,phases      ] GC(309)   Merge Heap Roots: 0.60ms
[1955.101s][info][gc,phases      ] GC(309)   Evacuate Collection Set: 126.45ms
[1955.101s][info][gc,phases      ] GC(309)   Post Evacuate Collection Set: 1.01ms
[1955.101s][info][gc,phases      ] GC(309)   Other: 0.10ms
[1955.101s][info][gc,heap        ] GC(309) Eden regions: 1114->0(1119)
[1955.101s][info][gc,heap        ] GC(309) Survivor regions: 109->109(153)
[1955.101s][info][gc,heap        ] GC(309) Old regions: 533->469
[1955.101s][info][gc,heap        ] GC(309) Humongous regions: 80->80
[1955.101s][info][gc,metaspace   ] GC(309) Metaspace: 28965K(29312K)->28965K(29312K) NonClass: 24081K(24256K)->24081K(24256K) Class: 4883K(5056K)->4883K(5056K)
[1955.101s][info][gc             ] GC(309) Pause Young (Mixed) (G1 Evacuation Pause) 3671M->1314M(4096M) 128.687ms
[1955.101s][info][gc,cpu         ] GC(309) User=0.76s Sys=0.00s Real=0.12s
.......[1961.551s][info][gc,start       ] GC(310) Pause Young (Concurrent Start) (G1 Evacuation Pause)
[1961.551s][info][gc,task        ] GC(310) Using 6 workers of 6 for evacuation
[1961.667s][info][gc,phases      ] GC(310)   Pre Evacuate Collection Set: 0.45ms
[1961.667s][info][gc,phases      ] GC(310)   Merge Heap Roots: 0.52ms
[1961.667s][info][gc,phases      ] GC(310)   Evacuate Collection Set: 114.68ms
[1961.667s][info][gc,phases      ] GC(310)   Post Evacuate Collection Set: 0.91ms
[1961.667s][info][gc,phases      ] GC(310)   Other: 0.12ms
[1961.667s][info][gc,heap        ] GC(310) Eden regions: 1119->0(1120)
[1961.667s][info][gc,heap        ] GC(310) Survivor regions: 109->108(154)
[1961.667s][info][gc,heap        ] GC(310) Old regions: 469->501
[1961.667s][info][gc,heap        ] GC(310) Humongous regions: 80->80
[1961.667s][info][gc,metaspace   ] GC(310) Metaspace: 28965K(29312K)->28965K(29312K) NonClass: 24081K(24256K)->24081K(24256K) Class: 4883K(5056K)->4883K(5056K)
[1961.668s][info][gc             ] GC(310) Pause Young (Concurrent Start) (G1 Evacuation Pause) 3552M->1377M(4096M) 116.821ms
[1961.668s][info][gc             ] GC(311) Concurrent Mark Cycle
[1961.668s][info][gc,marking     ] GC(311) Concurrent Scan Root Regions
[1961.668s][info][gc,cpu         ] GC(310) User=0.69s Sys=0.00s Real=0.12s
[1961.819s][info][gc,marking     ] GC(311) Concurrent Scan Root Regions 151.406ms
[1961.819s][info][gc,marking     ] GC(311) Concurrent Mark
[1961.819s][info][gc,marking     ] GC(311) Concurrent Mark From Roots
[1961.819s][info][gc,task        ] GC(311) Using 2 workers of 2 for marking
.[1962.391s][info][gc,marking     ] GC(311) Concurrent Mark From Roots 571.782ms
[1962.391s][info][gc,marking     ] GC(311) Concurrent Preclean
[1962.391s][info][gc,marking     ] GC(311) Concurrent Preclean 0.063ms
[1962.391s][info][gc,start       ] GC(311) Pause Remark
[1962.394s][info][gc             ] GC(311) Pause Remark 1676M->1676M(4096M) 2.935ms
[1962.394s][info][gc,cpu         ] GC(311) User=0.02s Sys=0.00s Real=0.01s
[1962.394s][info][gc,marking     ] GC(311) Concurrent Mark 575.032ms
[1962.394s][info][gc,marking     ] GC(311) Concurrent Rebuild Remembered Sets and Scrub Regions
[1962.616s][info][gc,marking     ] GC(311) Concurrent Rebuild Remembered Sets and Scrub Regions 221.557ms
[1962.616s][info][gc,start       ] GC(311) Pause Cleanup
[1962.616s][info][gc             ] GC(311) Pause Cleanup 1753M->1753M(4096M) 0.110ms
[1962.616s][info][gc,cpu         ] GC(311) User=0.00s Sys=0.00s Real=0.00s
[1962.616s][info][gc,marking     ] GC(311) Concurrent Clear Claimed Marks
[1962.616s][info][gc,marking     ] GC(311) Concurrent Clear Claimed Marks 0.029ms
[1962.616s][info][gc,marking     ] GC(311) Concurrent Cleanup for Next Mark
[1962.619s][info][gc,marking     ] GC(311) Concurrent Cleanup for Next Mark 3.250ms
[1962.619s][info][gc             ] GC(311) Concurrent Mark Cycle 951.710ms
.....[1968.072s][info][gc,start       ] GC(312) Pause Young (Prepare Mixed) (G1 Evacuation Pause)
[1968.072s][info][gc,task        ] GC(312) Using 6 workers of 6 for evacuation
[1968.191s][info][gc,phases      ] GC(312)   Pre Evacuate Collection Set: 0.34ms
[1968.191s][info][gc,phases      ] GC(312)   Merge Heap Roots: 0.52ms
[1968.191s][info][gc,phases      ] GC(312)   Evacuate Collection Set: 116.44ms
[1968.191s][info][gc,phases      ] GC(312)   Post Evacuate Collection Set: 0.94ms
[1968.191s][info][gc,phases      ] GC(312)   Other: 0.09ms
[1968.191s][info][gc,heap        ] GC(312) Eden regions: 1120->0(1113)
[1968.191s][info][gc,heap        ] GC(312) Survivor regions: 108->110(154)
[1968.191s][info][gc,heap        ] GC(312) Old regions: 501->532
[1968.191s][info][gc,heap        ] GC(312) Humongous regions: 80->80
[1968.191s][info][gc,metaspace   ] GC(312) Metaspace: 28965K(29312K)->28965K(29312K) NonClass: 24081K(24256K)->24081K(24256K) Class: 4883K(5056K)->4883K(5056K)
[1968.191s][info][gc             ] GC(312) Pause Young (Prepare Mixed) (G1 Evacuation Pause) 3617M->1442M(4096M) 118.489ms
[1968.191s][info][gc,cpu         ] GC(312) User=0.70s Sys=0.00s Real=0.11s
.......[1974.600s][info][gc,start       ] GC(313) Pause Young (Mixed) (G1 Evacuation Pause)
[1974.600s][info][gc,task        ] GC(313) Using 6 workers of 6 for evacuation
[1974.732s][info][gc,phases      ] GC(313)   Pre Evacuate Collection Set: 0.38ms
[1974.732s][info][gc,phases      ] GC(313)   Merge Heap Roots: 0.68ms
[1974.732s][info][gc,phases      ] GC(313)   Evacuate Collection Set: 130.38ms
[1974.732s][info][gc,phases      ] GC(313)   Post Evacuate Collection Set: 0.99ms
[1974.732s][info][gc,phases      ] GC(313)   Other: 0.10ms
[1974.732s][info][gc,heap        ] GC(313) Eden regions: 1113->0(1121)
[1974.732s][info][gc,heap        ] GC(313) Survivor regions: 110->107(153)
[1974.732s][info][gc,heap        ] GC(313) Old regions: 532->469
[1974.732s][info][gc,heap        ] GC(313) Humongous regions: 80->80
[1974.732s][info][gc,metaspace   ] GC(313) Metaspace: 28965K(29312K)->28965K(29312K) NonClass: 24081K(24256K)->24081K(24256K) Class: 4883K(5056K)->4883K(5056K)
[1974.732s][info][gc             ] GC(313) Pause Young (Mixed) (G1 Evacuation Pause) 3668M->1311M(4096M) 132.682ms
[1974.732s][info][gc,cpu         ] GC(313) User=0.78s Sys=0.00s Real=0.14s
......[1981.142s][info][gc,start       ] GC(314) Pause Young (Concurrent Start) (G1 Evacuation Pause)
[1981.142s][info][gc,task        ] GC(314) Using 6 workers of 6 for evacuation
[1981.259s][info][gc,phases      ] GC(314)   Pre Evacuate Collection Set: 0.41ms
[1981.259s][info][gc,phases      ] GC(314)   Merge Heap Roots: 0.47ms
[1981.259s][info][gc,phases      ] GC(314)   Evacuate Collection Set: 115.66ms
[1981.259s][info][gc,phases      ] GC(314)   Post Evacuate Collection Set: 0.92ms
[1981.259s][info][gc,phases      ] GC(314)   Other: 0.11ms
[1981.259s][info][gc,heap        ] GC(314) Eden regions: 1121->0(1119)
[1981.259s][info][gc,heap        ] GC(314) Survivor regions: 107->109(154)
[1981.259s][info][gc,heap        ] GC(314) Old regions: 469->500
[1981.259s][info][gc,heap        ] GC(314) Humongous regions: 80->80
[1981.260s][info][gc,metaspace   ] GC(314) Metaspace: 28965K(29312K)->28965K(29312K) NonClass: 24081K(24256K)->24081K(24256K) Class: 4883K(5056K)->4883K(5056K)
[1981.260s][info][gc             ] GC(314) Pause Young (Concurrent Start) (G1 Evacuation Pause) 3553M->1377M(4096M) 117.685ms
[1981.260s][info][gc             ] GC(315) Concurrent Mark Cycle
[1981.260s][info][gc,marking     ] GC(315) Concurrent Scan Root Regions
[1981.260s][info][gc,cpu         ] GC(314) User=0.69s Sys=0.00s Real=0.12s
.[1981.385s][info][gc,marking     ] GC(315) Concurrent Scan Root Regions 125.628ms
[1981.385s][info][gc,marking     ] GC(315) Concurrent Mark
[1981.385s][info][gc,marking     ] GC(315) Concurrent Mark From Roots
[1981.385s][info][gc,task        ] GC(315) Using 2 workers of 2 for marking
[1981.971s][info][gc,marking     ] GC(315) Concurrent Mark From Roots 585.852ms
[1981.971s][info][gc,marking     ] GC(315) Concurrent Preclean
[1981.971s][info][gc,marking     ] GC(315) Concurrent Preclean 0.055ms
[1981.971s][info][gc,start       ] GC(315) Pause Remark
[1981.974s][info][gc             ] GC(315) Pause Remark 1658M->1658M(4096M) 3.125ms
[1981.975s][info][gc,cpu         ] GC(315) User=0.02s Sys=0.00s Real=0.01s
[1981.975s][info][gc,marking     ] GC(315) Concurrent Mark 589.289ms
[1981.975s][info][gc,marking     ] GC(315) Concurrent Rebuild Remembered Sets and Scrub Regions
[1982.198s][info][gc,marking     ] GC(315) Concurrent Rebuild Remembered Sets and Scrub Regions 223.257ms
[1982.198s][info][gc,start       ] GC(315) Pause Cleanup
[1982.198s][info][gc             ] GC(315) Pause Cleanup 1727M->1727M(4096M) 0.114ms
[1982.198s][info][gc,cpu         ] GC(315) User=0.00s Sys=0.00s Real=0.00s
[1982.198s][info][gc,marking     ] GC(315) Concurrent Clear Claimed Marks
[1982.198s][info][gc,marking     ] GC(315) Concurrent Clear Claimed Marks 0.037ms
[1982.198s][info][gc,marking     ] GC(315) Concurrent Cleanup for Next Mark
[1982.201s][info][gc,marking     ] GC(315) Concurrent Cleanup for Next Mark 3.279ms
[1982.202s][info][gc             ] GC(315) Concurrent Mark Cycle 941.969ms
......[1987.649s][info][gc,start       ] GC(316) Pause Young (Prepare Mixed) (G1 Evacuation Pause)
[1987.649s][info][gc,task        ] GC(316) Using 6 workers of 6 for evacuation
[1987.765s][info][gc,phases      ] GC(316)   Pre Evacuate Collection Set: 0.34ms
[1987.765s][info][gc,phases      ] GC(316)   Merge Heap Roots: 0.53ms
[1987.765s][info][gc,phases      ] GC(316)   Evacuate Collection Set: 113.80ms
[1987.765s][info][gc,phases      ] GC(316)   Post Evacuate Collection Set: 0.92ms
[1987.765s][info][gc,phases      ] GC(316)   Other: 0.10ms
[1987.765s][info][gc,heap        ] GC(316) Eden regions: 1119->0(1114)
[1987.765s][info][gc,heap        ] GC(316) Survivor regions: 109->109(154)
[1987.765s][info][gc,heap        ] GC(316) Old regions: 500->533
[1987.765s][info][gc,heap        ] GC(316) Humongous regions: 80->80
[1987.765s][info][gc,metaspace   ] GC(316) Metaspace: 28965K(29312K)->28965K(29312K) NonClass: 24081K(24256K)->24081K(24256K) Class: 4883K(5056K)->4883K(5056K)
[1987.765s][info][gc             ] GC(316) Pause Young (Prepare Mixed) (G1 Evacuation Pause) 3615M->1441M(4096M) 115.824ms
[1987.765s][info][gc,cpu         ] GC(316) User=0.68s Sys=0.00s Real=0.12s
......[1994.213s][info][gc,start       ] GC(317) Pause Young (Mixed) (G1 Evacuation Pause)
[1994.213s][info][gc,task        ] GC(317) Using 6 workers of 6 for evacuation
[1994.345s][info][gc,phases      ] GC(317)   Pre Evacuate Collection Set: 0.42ms
[1994.345s][info][gc,phases      ] GC(317)   Merge Heap Roots: 0.67ms
[1994.345s][info][gc,phases      ] GC(317)   Evacuate Collection Set: 129.63ms
[1994.345s][info][gc,phases      ] GC(317)   Post Evacuate Collection Set: 0.99ms
[1994.345s][info][gc,phases      ] GC(317)   Other: 0.09ms
[1994.345s][info][gc,heap        ] GC(317) Eden regions: 1114->0(1117)
[1994.345s][info][gc,heap        ] GC(317) Survivor regions: 109->111(153)
[1994.345s][info][gc,heap        ] GC(317) Old regions: 533->469
[1994.345s][info][gc,heap        ] GC(317) Humongous regions: 80->80
[1994.345s][info][gc,metaspace   ] GC(317) Metaspace: 28965K(29312K)->28965K(29312K) NonClass: 24081K(24256K)->24081K(24256K) Class: 4883K(5056K)->4883K(5056K)
[1994.345s][info][gc             ] GC(317) Pause Young (Mixed) (G1 Evacuation Pause) 3669M->1318M(4096M) 131.946ms
[1994.345s][info][gc,cpu         ] GC(317) User=0.78s Sys=0.00s Real=0.13s
.......[2000.655s][info][gc,start       ] GC(318) Pause Young (Concurrent Start) (G1 Evacuation Pause)
[2000.655s][info][gc,task        ] GC(318) Using 6 workers of 6 for evacuation
[2000.771s][info][gc,phases      ] GC(318)   Pre Evacuate Collection Set: 0.41ms
[2000.771s][info][gc,phases      ] GC(318)   Merge Heap Roots: 0.46ms
[2000.771s][info][gc,phases      ] GC(318)   Evacuate Collection Set: 114.69ms
[2000.771s][info][gc,phases      ] GC(318)   Post Evacuate Collection Set: 0.92ms
[2000.771s][info][gc,phases      ] GC(318)   Other: 0.10ms
[2000.771s][info][gc,heap        ] GC(318) Eden regions: 1117->0(1119)
[2000.771s][info][gc,heap        ] GC(318) Survivor regions: 111->109(154)
[2000.771s][info][gc,heap        ] GC(318) Old regions: 469->501
[2000.771s][info][gc,heap        ] GC(318) Humongous regions: 80->80
[2000.771s][info][gc,metaspace   ] GC(318) Metaspace: 28965K(29312K)->28965K(29312K) NonClass: 24081K(24256K)->24081K(24256K) Class: 4883K(5056K)->4883K(5056K)
[2000.772s][info][gc             ] GC(318) Pause Young (Concurrent Start) (G1 Evacuation Pause) 3552M->1378M(4096M) 116.715ms
[2000.772s][info][gc             ] GC(319) Concurrent Mark Cycle
[2000.772s][info][gc,marking     ] GC(319) Concurrent Scan Root Regions
[2000.772s][info][gc,cpu         ] GC(318) User=0.69s Sys=0.00s Real=0.11s
[2000.923s][info][gc,marking     ] GC(319) Concurrent Scan Root Regions 151.687ms
[2000.923s][info][gc,marking     ] GC(319) Concurrent Mark
[2000.923s][info][gc,marking     ] GC(319) Concurrent Mark From Roots
[2000.923s][info][gc,task        ] GC(319) Using 2 workers of 2 for marking
.[2001.521s][info][gc,marking     ] GC(319) Concurrent Mark From Roots 597.638ms
[2001.521s][info][gc,marking     ] GC(319) Concurrent Preclean
[2001.521s][info][gc,marking     ] GC(319) Concurrent Preclean 0.049ms
[2001.521s][info][gc,start       ] GC(319) Pause Remark
[2001.524s][info][gc             ] GC(319) Pause Remark 1651M->1651M(4096M) 2.895ms
[2001.524s][info][gc,cpu         ] GC(319) User=0.02s Sys=0.01s Real=0.01s
[2001.524s][info][gc,marking     ] GC(319) Concurrent Mark 600.837ms
[2001.524s][info][gc,marking     ] GC(319) Concurrent Rebuild Remembered Sets and Scrub Regions
[2001.759s][info][gc,marking     ] GC(319) Concurrent Rebuild Remembered Sets and Scrub Regions 235.029ms
[2001.759s][info][gc,start       ] GC(319) Pause Cleanup
[2001.759s][info][gc             ] GC(319) Pause Cleanup 1736M->1736M(4096M) 0.108ms
[2001.759s][info][gc,cpu         ] GC(319) User=0.00s Sys=0.00s Real=0.00s
[2001.759s][info][gc,marking     ] GC(319) Concurrent Clear Claimed Marks
[2001.759s][info][gc,marking     ] GC(319) Concurrent Clear Claimed Marks 0.029ms
[2001.759s][info][gc,marking     ] GC(319) Concurrent Cleanup for Next Mark
[2001.763s][info][gc,marking     ] GC(319) Concurrent Cleanup for Next Mark 3.627ms
[2001.763s][info][gc             ] GC(319) Concurrent Mark Cycle 991.629ms
.....[2007.292s][info][gc,start       ] GC(320) Pause Young (Prepare Mixed) (G1 Evacuation Pause)
[2007.292s][info][gc,task        ] GC(320) Using 6 workers of 6 for evacuation
[2007.409s][info][gc,phases      ] GC(320)   Pre Evacuate Collection Set: 0.36ms
[2007.409s][info][gc,phases      ] GC(320)   Merge Heap Roots: 0.51ms
[2007.409s][info][gc,phases      ] GC(320)   Evacuate Collection Set: 115.67ms
[2007.409s][info][gc,phases      ] GC(320)   Post Evacuate Collection Set: 0.98ms
[2007.409s][info][gc,phases      ] GC(320)   Other: 0.09ms
[2007.410s][info][gc,heap        ] GC(320) Eden regions: 1119->0(1111)
[2007.410s][info][gc,heap        ] GC(320) Survivor regions: 109->110(154)
[2007.410s][info][gc,heap        ] GC(320) Old regions: 501->534
[2007.410s][info][gc,heap        ] GC(320) Humongous regions: 80->80
[2007.410s][info][gc,metaspace   ] GC(320) Metaspace: 28965K(29312K)->28965K(29312K) NonClass: 24081K(24256K)->24081K(24256K) Class: 4883K(5056K)->4883K(5056K)
[2007.410s][info][gc             ] GC(320) Pause Young (Prepare Mixed) (G1 Evacuation Pause) 3616M->1445M(4096M) 117.752ms
[2007.410s][info][gc,cpu         ] GC(320) User=0.70s Sys=0.00s Real=0.12s
.. (rIR:aIR:PR = 2906:2905:2905) (tPR = 43067) [OK] 
  2008s: Performance info:
         Transaction,    Success,    Partial,     Failed,   Receipts, AvgBarcode, 
             Overall,     175360,          0,          0,     166592,      59.47, 
         Response times:
             Request,    Success,    Partial,     Failed,   SkipFail,     Probes,    Samples,      min,      p50,      p90,      p95,      p99,      max, 
       TotalPurchase,     166592,          0,          0,          0,     163531,     175720,      300,     2500,     4000,     4700,    18800,   159000,
     InStorePurchase,      87654,          0,          0,          0,      86279,      92366,      300,     2600,     4000,     4800,    20000,   157000,
      OnlinePurchase,      61396,          0,          0,          0,      60331,      64866,      300,     2300,     3800,     4600,    17100,   159000,
        InstPurchase,      17542,          0,          0,          0,      16921,      18488,      400,     2800,     4200,     5000,    23000,   157000,
          AssocOfCat,        175,          0,          0,          0,        123,        166,    18300,    27000,    32000,    35650,    58660,    60000,
      AssocOfProduct,       1761,          0,          0,          0,       1591,       1850,      500,     1500,     2400,     2900,     8398,   134000,
      BusinessReport,        443,          0,          0,          0,        352,        447,    21000,    30000,    39000,    49000,   160640,   171000,
          CustBuyBeh,       1753,          0,          0,          0,       1572,       1853,      300,     1700,     3500,     4100,    10646,   130000,
       ProductReturn,       4636,          0,          0,          0,       4356,       4869,      300,     2800,     4100,     4900,    19830,   138000,

  2008s: (22%)   IR =   3044 .....|[2013.543s][info][gc,start       ] GC(321) Pause Young (Mixed) (G1 Evacuation Pause)
[2013.543s][info][gc,task        ] GC(321) Using 6 workers of 6 for evacuation
[2013.677s][info][gc,phases      ] GC(321)   Pre Evacuate Collection Set: 0.43ms
[2013.677s][info][gc,phases      ] GC(321)   Merge Heap Roots: 0.81ms
[2013.677s][info][gc,phases      ] GC(321)   Evacuate Collection Set: 131.86ms
[2013.677s][info][gc,phases      ] GC(321)   Post Evacuate Collection Set: 1.02ms
[2013.677s][info][gc,phases      ] GC(321)   Other: 0.11ms
[2013.677s][info][gc,heap        ] GC(321) Eden regions: 1111->0(1120)
[2013.677s][info][gc,heap        ] GC(321) Survivor regions: 110->108(153)
[2013.677s][info][gc,heap        ] GC(321) Old regions: 534->470
[2013.677s][info][gc,heap        ] GC(321) Humongous regions: 80->80
[2013.677s][info][gc,metaspace   ] GC(321) Metaspace: 28965K(29312K)->28965K(29312K) NonClass: 24081K(24256K)->24081K(24256K) Class: 4883K(5056K)->4883K(5056K)
[2013.678s][info][gc             ] GC(321) Pause Young (Mixed) (G1 Evacuation Pause) 3667M->1315M(4096M) 134.361ms
[2013.678s][info][gc,cpu         ] GC(321) User=0.79s Sys=0.00s Real=0.13s
......[2019.785s][info][gc,start       ] GC(322) Pause Young (Concurrent Start) (G1 Evacuation Pause)
[2019.785s][info][gc,task        ] GC(322) Using 6 workers of 6 for evacuation
[2019.900s][info][gc,phases      ] GC(322)   Pre Evacuate Collection Set: 0.42ms
[2019.900s][info][gc,phases      ] GC(322)   Merge Heap Roots: 0.45ms
[2019.900s][info][gc,phases      ] GC(322)   Evacuate Collection Set: 113.85ms
[2019.900s][info][gc,phases      ] GC(322)   Post Evacuate Collection Set: 0.90ms
[2019.900s][info][gc,phases      ] GC(322)   Other: 0.09ms
[2019.900s][info][gc,heap        ] GC(322) Eden regions: 1120->0(1119)
[2019.900s][info][gc,heap        ] GC(322) Survivor regions: 108->109(154)
[2019.900s][info][gc,heap        ] GC(322) Old regions: 470->503
[2019.900s][info][gc,heap        ] GC(322) Humongous regions: 80->80
[2019.900s][info][gc,metaspace   ] GC(322) Metaspace: 28965K(29312K)->28965K(29312K) NonClass: 24081K(24256K)->24081K(24256K) Class: 4883K(5056K)->4883K(5056K)
[2019.900s][info][gc             ] GC(322) Pause Young (Concurrent Start) (G1 Evacuation Pause) 3555M->1381M(4096M) 115.831ms
[2019.900s][info][gc             ] GC(323) Concurrent Mark Cycle
[2019.900s][info][gc,marking     ] GC(323) Concurrent Scan Root Regions
[2019.900s][info][gc,cpu         ] GC(322) User=0.68s Sys=0.00s Real=0.11s
[2020.045s][info][gc,marking     ] GC(323) Concurrent Scan Root Regions 144.898ms
[2020.045s][info][gc,marking     ] GC(323) Concurrent Mark
[2020.045s][info][gc,marking     ] GC(323) Concurrent Mark From Roots
[2020.045s][info][gc,task        ] GC(323) Using 2 workers of 2 for marking
.[2020.681s][info][gc,marking     ] GC(323) Concurrent Mark From Roots 635.127ms
[2020.681s][info][gc,marking     ] GC(323) Concurrent Preclean
[2020.681s][info][gc,marking     ] GC(323) Concurrent Preclean 0.063ms
[2020.681s][info][gc,start       ] GC(323) Pause Remark
[2020.685s][info][gc             ] GC(323) Pause Remark 1707M->1707M(4096M) 3.880ms
[2020.685s][info][gc,cpu         ] GC(323) User=0.01s Sys=0.01s Real=0.01s
[2020.685s][info][gc,marking     ] GC(323) Concurrent Mark 639.369ms
[2020.685s][info][gc,marking     ] GC(323) Concurrent Rebuild Remembered Sets and Scrub Regions
[2020.925s][info][gc,marking     ] GC(323) Concurrent Rebuild Remembered Sets and Scrub Regions 240.259ms
[2020.925s][info][gc,start       ] GC(323) Pause Cleanup
[2020.925s][info][gc             ] GC(323) Pause Cleanup 1799M->1799M(4096M) 0.120ms
[2020.925s][info][gc,cpu         ] GC(323) User=0.00s Sys=0.00s Real=0.00s
[2020.925s][info][gc,marking     ] GC(323) Concurrent Clear Claimed Marks
[2020.925s][info][gc,marking     ] GC(323) Concurrent Clear Claimed Marks 0.029ms
[2020.925s][info][gc,marking     ] GC(323) Concurrent Cleanup for Next Mark
[2020.970s][info][gc,marking     ] GC(323) Concurrent Cleanup for Next Mark 44.275ms
[2020.970s][info][gc             ] GC(323) Concurrent Mark Cycle 1069.377ms
.....[2025.988s][info][gc,start       ] GC(324) Pause Young (Prepare Mixed) (G1 Evacuation Pause)
[2025.988s][info][gc,task        ] GC(324) Using 6 workers of 6 for evacuation
[2026.103s][info][gc,phases      ] GC(324)   Pre Evacuate Collection Set: 0.36ms
[2026.103s][info][gc,phases      ] GC(324)   Merge Heap Roots: 0.51ms
[2026.103s][info][gc,phases      ] GC(324)   Evacuate Collection Set: 113.64ms
[2026.103s][info][gc,phases      ] GC(324)   Post Evacuate Collection Set: 0.95ms
[2026.103s][info][gc,phases      ] GC(324)   Other: 0.09ms
[2026.103s][info][gc,heap        ] GC(324) Eden regions: 1119->0(1114)
[2026.103s][info][gc,heap        ] GC(324) Survivor regions: 109->108(154)
[2026.103s][info][gc,heap        ] GC(324) Old regions: 503->535
[2026.103s][info][gc,heap        ] GC(324) Humongous regions: 80->80
[2026.103s][info][gc,metaspace   ] GC(324) Metaspace: 28965K(29312K)->28965K(29312K) NonClass: 24081K(24256K)->24081K(24256K) Class: 4883K(5056K)->4883K(5056K)
[2026.103s][info][gc             ] GC(324) Pause Young (Prepare Mixed) (G1 Evacuation Pause) 3619M->1444M(4096M) 115.675ms
[2026.103s][info][gc,cpu         ] GC(324) User=0.68s Sys=0.00s Real=0.12s
......[2032.271s][info][gc,start       ] GC(325) Pause Young (Mixed) (G1 Evacuation Pause)
[2032.271s][info][gc,task        ] GC(325) Using 6 workers of 6 for evacuation
[2032.405s][info][gc,phases      ] GC(325)   Pre Evacuate Collection Set: 0.41ms
[2032.405s][info][gc,phases      ] GC(325)   Merge Heap Roots: 0.67ms
[2032.405s][info][gc,phases      ] GC(325)   Evacuate Collection Set: 131.58ms
[2032.405s][info][gc,phases      ] GC(325)   Post Evacuate Collection Set: 1.06ms
[2032.405s][info][gc,phases      ] GC(325)   Other: 0.10ms
[2032.405s][info][gc,heap        ] GC(325) Eden regions: 1114->0(1116)
[2032.405s][info][gc,heap        ] GC(325) Survivor regions: 108->112(153)
[2032.405s][info][gc,heap        ] GC(325) Old regions: 535->471
[2032.405s][info][gc,heap        ] GC(325) Humongous regions: 80->80
[2032.405s][info][gc,metaspace   ] GC(325) Metaspace: 28965K(29312K)->28965K(29312K) NonClass: 24081K(24256K)->24081K(24256K) Class: 4883K(5056K)->4883K(5056K)
[2032.405s][info][gc             ] GC(325) Pause Young (Mixed) (G1 Evacuation Pause) 3672M->1323M(4096M) 133.970ms
[2032.405s][info][gc,cpu         ] GC(325) User=0.80s Sys=0.00s Real=0.14s
.......[2038.462s][info][gc,start       ] GC(326) Pause Young (Concurrent Start) (G1 Evacuation Pause)
[2038.462s][info][gc,task        ] GC(326) Using 6 workers of 6 for evacuation
[2038.578s][info][gc,phases      ] GC(326)   Pre Evacuate Collection Set: 0.40ms
[2038.578s][info][gc,phases      ] GC(326)   Merge Heap Roots: 0.48ms
[2038.578s][info][gc,phases      ] GC(326)   Evacuate Collection Set: 113.68ms
[2038.578s][info][gc,phases      ] GC(326)   Post Evacuate Collection Set: 0.92ms
[2038.578s][info][gc,phases      ] GC(326)   Other: 0.13ms
[2038.578s][info][gc,heap        ] GC(326) Eden regions: 1116->0(1120)
[2038.578s][info][gc,heap        ] GC(326) Survivor regions: 112->108(154)
[2038.578s][info][gc,heap        ] GC(326) Old regions: 471->503
[2038.578s][info][gc,heap        ] GC(326) Humongous regions: 80->80
[2038.578s][info][gc,metaspace   ] GC(326) Metaspace: 28965K(29312K)->28965K(29312K) NonClass: 24081K(24256K)->24081K(24256K) Class: 4883K(5056K)->4883K(5056K)
[2038.578s][info][gc             ] GC(326) Pause Young (Concurrent Start) (G1 Evacuation Pause) 3555M->1379M(4096M) 115.742ms
[2038.578s][info][gc             ] GC(327) Concurrent Mark Cycle
[2038.578s][info][gc,marking     ] GC(327) Concurrent Scan Root Regions
[2038.578s][info][gc,cpu         ] GC(326) User=0.68s Sys=0.00s Real=0.11s
[2038.727s][info][gc,marking     ] GC(327) Concurrent Scan Root Regions 148.711ms
[2038.727s][info][gc,marking     ] GC(327) Concurrent Mark
[2038.727s][info][gc,marking     ] GC(327) Concurrent Mark From Roots
[2038.727s][info][gc,task        ] GC(327) Using 2 workers of 2 for marking
[2039.349s][info][gc,marking     ] GC(327) Concurrent Mark From Roots 622.347ms
[2039.349s][info][gc,marking     ] GC(327) Concurrent Preclean
[2039.349s][info][gc,marking     ] GC(327) Concurrent Preclean 0.058ms
[2039.349s][info][gc,start       ] GC(327) Pause Remark
[2039.352s][info][gc             ] GC(327) Pause Remark 1712M->1712M(4096M) 2.925ms
[2039.352s][info][gc,cpu         ] GC(327) User=0.02s Sys=0.00s Real=0.01s
[2039.352s][info][gc,marking     ] GC(327) Concurrent Mark 625.633ms
[2039.352s][info][gc,marking     ] GC(327) Concurrent Rebuild Remembered Sets and Scrub Regions
.[2039.598s][info][gc,marking     ] GC(327) Concurrent Rebuild Remembered Sets and Scrub Regions 246.060ms
[2039.598s][info][gc,start       ] GC(327) Pause Cleanup
[2039.599s][info][gc             ] GC(327) Pause Cleanup 1817M->1817M(4096M) 0.131ms
[2039.599s][info][gc,cpu         ] GC(327) User=0.00s Sys=0.00s Real=0.00s
[2039.599s][info][gc,marking     ] GC(327) Concurrent Clear Claimed Marks
[2039.599s][info][gc,marking     ] GC(327) Concurrent Clear Claimed Marks 0.026ms
[2039.599s][info][gc,marking     ] GC(327) Concurrent Cleanup for Next Mark
[2039.602s][info][gc,marking     ] GC(327) Concurrent Cleanup for Next Mark 3.286ms
[2039.602s][info][gc             ] GC(327) Concurrent Mark Cycle 1024.134ms
.....[2044.637s][info][gc,start       ] GC(328) Pause Young (Prepare Mixed) (G1 Evacuation Pause)
[2044.637s][info][gc,task        ] GC(328) Using 6 workers of 6 for evacuation
[2044.759s][info][gc,phases      ] GC(328)   Pre Evacuate Collection Set: 0.37ms
[2044.759s][info][gc,phases      ] GC(328)   Merge Heap Roots: 0.52ms
[2044.759s][info][gc,phases      ] GC(328)   Evacuate Collection Set: 119.58ms
[2044.759s][info][gc,phases      ] GC(328)   Post Evacuate Collection Set: 0.99ms
[2044.759s][info][gc,phases      ] GC(328)   Other: 0.09ms
[2044.759s][info][gc,heap        ] GC(328) Eden regions: 1120->0(1106)
[2044.759s][info][gc,heap        ] GC(328) Survivor regions: 108->112(154)
[2044.759s][info][gc,heap        ] GC(328) Old regions: 503->535
[2044.759s][info][gc,heap        ] GC(328) Humongous regions: 80->80
[2044.759s][info][gc,metaspace   ] GC(328) Metaspace: 28965K(29312K)->28965K(29312K) NonClass: 24081K(24256K)->24081K(24256K) Class: 4883K(5056K)->4883K(5056K)
[2044.759s][info][gc             ] GC(328) Pause Young (Prepare Mixed) (G1 Evacuation Pause) 3619M->1452M(4096M) 121.704ms
[2044.759s][info][gc,cpu         ] GC(328) User=0.72s Sys=0.00s Real=0.12s
......[2050.839s][info][gc,start       ] GC(329) Pause Young (Mixed) (G1 Evacuation Pause)
[2050.839s][info][gc,task        ] GC(329) Using 6 workers of 6 for evacuation
[2050.972s][info][gc,phases      ] GC(329)   Pre Evacuate Collection Set: 0.40ms
[2050.972s][info][gc,phases      ] GC(329)   Merge Heap Roots: 0.66ms
[2050.972s][info][gc,phases      ] GC(329)   Evacuate Collection Set: 130.88ms
[2050.972s][info][gc,phases      ] GC(329)   Post Evacuate Collection Set: 0.96ms
[2050.972s][info][gc,phases      ] GC(329)   Other: 0.09ms
[2050.972s][info][gc,heap        ] GC(329) Eden regions: 1106->0(1117)
[2050.972s][info][gc,heap        ] GC(329) Survivor regions: 112->111(153)
[2050.972s][info][gc,heap        ] GC(329) Old regions: 535->471
[2050.972s][info][gc,heap        ] GC(329) Humongous regions: 80->80
[2050.972s][info][gc,metaspace   ] GC(329) Metaspace: 28965K(29312K)->28965K(29312K) NonClass: 24081K(24256K)->24081K(24256K) Class: 4883K(5056K)->4883K(5056K)
[2050.972s][info][gc             ] GC(329) Pause Young (Mixed) (G1 Evacuation Pause) 3664M->1321M(4096M) 133.134ms
[2050.972s][info][gc,cpu         ] GC(329) User=0.79s Sys=0.00s Real=0.13s
......[2057.099s][info][gc,start       ] GC(330) Pause Young (Concurrent Start) (G1 Evacuation Pause)
[2057.099s][info][gc,task        ] GC(330) Using 6 workers of 6 for evacuation
[2057.216s][info][gc,phases      ] GC(330)   Pre Evacuate Collection Set: 0.44ms
[2057.216s][info][gc,phases      ] GC(330)   Merge Heap Roots: 0.48ms
[2057.216s][info][gc,phases      ] GC(330)   Evacuate Collection Set: 114.55ms
[2057.216s][info][gc,phases      ] GC(330)   Post Evacuate Collection Set: 0.90ms
[2057.216s][info][gc,phases      ] GC(330)   Other: 0.13ms
[2057.216s][info][gc,heap        ] GC(330) Eden regions: 1117->0(1120)
[2057.216s][info][gc,heap        ] GC(330) Survivor regions: 111->108(154)
[2057.216s][info][gc,heap        ] GC(330) Old regions: 471->503
[2057.216s][info][gc,heap        ] GC(330) Humongous regions: 80->80
[2057.216s][info][gc,metaspace   ] GC(330) Metaspace: 28965K(29312K)->28965K(29312K) NonClass: 24081K(24256K)->24081K(24256K) Class: 4883K(5056K)->4883K(5056K)
[2057.216s][info][gc             ] GC(330) Pause Young (Concurrent Start) (G1 Evacuation Pause) 3555M->1380M(4096M) 116.649ms
[2057.216s][info][gc             ] GC(331) Concurrent Mark Cycle
[2057.216s][info][gc,marking     ] GC(331) Concurrent Scan Root Regions
[2057.216s][info][gc,cpu         ] GC(330) User=0.69s Sys=0.00s Real=0.12s
[2057.361s][info][gc,marking     ] GC(331) Concurrent Scan Root Regions 145.297ms
[2057.361s][info][gc,marking     ] GC(331) Concurrent Mark
[2057.361s][info][gc,marking     ] GC(331) Concurrent Mark From Roots
[2057.361s][info][gc,task        ] GC(331) Using 2 workers of 2 for marking
.[2057.972s][info][gc,marking     ] GC(331) Concurrent Mark From Roots 610.495ms
[2057.972s][info][gc,marking     ] GC(331) Concurrent Preclean
[2057.972s][info][gc,marking     ] GC(331) Concurrent Preclean 0.050ms
[2057.972s][info][gc,start       ] GC(331) Pause Remark
[2057.975s][info][gc             ] GC(331) Pause Remark 1689M->1689M(4096M) 3.092ms
[2057.975s][info][gc,cpu         ] GC(331) User=0.02s Sys=0.00s Real=0.00s
[2057.975s][info][gc,marking     ] GC(331) Concurrent Mark 613.893ms
[2057.975s][info][gc,marking     ] GC(331) Concurrent Rebuild Remembered Sets and Scrub Regions
[2058.218s][info][gc,marking     ] GC(331) Concurrent Rebuild Remembered Sets and Scrub Regions 242.652ms
[2058.218s][info][gc,start       ] GC(331) Pause Cleanup
[2058.218s][info][gc             ] GC(331) Pause Cleanup 1778M->1778M(4096M) 0.127ms
[2058.218s][info][gc,cpu         ] GC(331) User=0.00s Sys=0.00s Real=0.00s
[2058.218s][info][gc,marking     ] GC(331) Concurrent Clear Claimed Marks
[2058.218s][info][gc,marking     ] GC(331) Concurrent Clear Claimed Marks 0.033ms
[2058.218s][info][gc,marking     ] GC(331) Concurrent Cleanup for Next Mark
[2058.222s][info][gc,marking     ] GC(331) Concurrent Cleanup for Next Mark 3.194ms
[2058.222s][info][gc             ] GC(331) Concurrent Mark Cycle 1005.552ms
.....[2063.346s][info][gc,start       ] GC(332) Pause Young (Prepare Mixed) (G1 Evacuation Pause)
[2063.346s][info][gc,task        ] GC(332) Using 6 workers of 6 for evacuation
[2063.463s][info][gc,phases      ] GC(332)   Pre Evacuate Collection Set: 0.36ms
[2063.463s][info][gc,phases      ] GC(332)   Merge Heap Roots: 0.54ms
[2063.463s][info][gc,phases      ] GC(332)   Evacuate Collection Set: 115.49ms
[2063.463s][info][gc,phases      ] GC(332)   Post Evacuate Collection Set: 0.95ms
[2063.463s][info][gc,phases      ] GC(332)   Other: 0.09ms
[2063.463s][info][gc,heap        ] GC(332) Eden regions: 1120->0(1111)
[2063.463s][info][gc,heap        ] GC(332) Survivor regions: 108->110(154)
[2063.463s][info][gc,heap        ] GC(332) Old regions: 503->534
[2063.463s][info][gc,heap        ] GC(332) Humongous regions: 80->80
[2063.463s][info][gc,metaspace   ] GC(332) Metaspace: 28965K(29312K)->28965K(29312K) NonClass: 24081K(24256K)->24081K(24256K) Class: 4883K(5056K)->4883K(5056K)
[2063.463s][info][gc             ] GC(332) Pause Young (Prepare Mixed) (G1 Evacuation Pause) 3620M->1445M(4096M) 117.567ms
[2063.463s][info][gc,cpu         ] GC(332) User=0.70s Sys=0.01s Real=0.12s
.......[2069.518s][info][gc,start       ] GC(333) Pause Young (Mixed) (G1 Evacuation Pause)
[2069.519s][info][gc,task        ] GC(333) Using 6 workers of 6 for evacuation
[2069.650s][info][gc,phases      ] GC(333)   Pre Evacuate Collection Set: 0.40ms
[2069.650s][info][gc,phases      ] GC(333)   Merge Heap Roots: 0.64ms
[2069.650s][info][gc,phases      ] GC(333)   Evacuate Collection Set: 129.37ms
[2069.650s][info][gc,phases      ] GC(333)   Post Evacuate Collection Set: 1.00ms
[2069.650s][info][gc,phases      ] GC(333)   Other: 0.09ms
[2069.650s][info][gc,heap        ] GC(333) Eden regions: 1111->0(1120)
[2069.650s][info][gc,heap        ] GC(333) Survivor regions: 110->108(153)
[2069.650s][info][gc,heap        ] GC(333) Old regions: 534->469
[2069.650s][info][gc,heap        ] GC(333) Humongous regions: 80->80
[2069.650s][info][gc,metaspace   ] GC(333) Metaspace: 28965K(29312K)->28965K(29312K) NonClass: 24081K(24256K)->24081K(24256K) Class: 4883K(5056K)->4883K(5056K)
[2069.650s][info][gc             ] GC(333) Pause Young (Mixed) (G1 Evacuation Pause) 3667M->1313M(4096M) 131.632ms
[2069.650s][info][gc,cpu         ] GC(333) User=0.78s Sys=0.00s Real=0.13s
.... (rIR:aIR:PR = 3044:3045:3045) (tPR = 45337) [OK] 
  2073s: Performance info:
         Transaction,    Success,    Partial,     Failed,   Receipts, AvgBarcode, 
             Overall,     182888,          0,          0,     173751,      59.48, 
         Response times:
             Request,    Success,    Partial,     Failed,   SkipFail,     Probes,    Samples,      min,      p50,      p90,      p95,      p99,      max, 
       TotalPurchase,     173751,          0,          0,          0,     169712,     185102,      300,     2600,     4100,     4900,    19100,   165000,
     InStorePurchase,      91393,          0,          0,          0,      89431,      97385,      300,     2500,     4100,     4900,    18800,   165000,
      OnlinePurchase,      64063,          0,          0,          0,      62685,      68402,      300,     2600,     4100,     4900,    19897,   165000,
        InstPurchase,      18295,          0,          0,          0,      17596,      19315,      300,     2700,     4200,     5000,    18500,   141000,
          AssocOfCat,        184,          0,          0,          0,        133,        192,    19600,    28000,    34000,    37000,    47420,    53000,
      AssocOfProduct,       1832,          0,          0,          0,       1664,       1948,      400,     2400,     3700,     4300,    14800,   137000,
      BusinessReport,        457,          0,          0,          0,        390,        509,    22000,    31000,    40000,    51000,    94500,   165000,
          CustBuyBeh,       1820,          0,          0,          0,       1661,       1981,      100,     2100,     3800,     4500,    17700,   124000,
       ProductReturn,       4844,          0,          0,          0,       4524,       5095,      200,     2500,     4000,     5000,    17404,   139000,

  2073s: (23%)   IR =   3183 ..[2075.639s][info][gc,start       ] GC(334) Pause Young (Concurrent Start) (G1 Evacuation Pause)
[2075.639s][info][gc,task        ] GC(334) Using 6 workers of 6 for evacuation
[2075.755s][info][gc,phases      ] GC(334)   Pre Evacuate Collection Set: 0.39ms
[2075.755s][info][gc,phases      ] GC(334)   Merge Heap Roots: 0.47ms
[2075.755s][info][gc,phases      ] GC(334)   Evacuate Collection Set: 113.62ms
[2075.755s][info][gc,phases      ] GC(334)   Post Evacuate Collection Set: 0.95ms
[2075.755s][info][gc,phases      ] GC(334)   Other: 0.11ms
[2075.755s][info][gc,heap        ] GC(334) Eden regions: 1120->0(1121)
[2075.755s][info][gc,heap        ] GC(334) Survivor regions: 108->107(154)
[2075.755s][info][gc,heap        ] GC(334) Old regions: 469->501
[2075.755s][info][gc,heap        ] GC(334) Humongous regions: 80->80
[2075.755s][info][gc,metaspace   ] GC(334) Metaspace: 28966K(29312K)->28966K(29312K) NonClass: 24082K(24256K)->24082K(24256K) Class: 4883K(5056K)->4883K(5056K)
[2075.755s][info][gc             ] GC(334) Pause Young (Concurrent Start) (G1 Evacuation Pause) 3553M->1374M(4096M) 115.692ms
[2075.755s][info][gc             ] GC(335) Concurrent Mark Cycle
[2075.755s][info][gc,marking     ] GC(335) Concurrent Scan Root Regions
[2075.755s][info][gc,cpu         ] GC(334) User=0.68s Sys=0.01s Real=0.12s
[2075.898s][info][gc,marking     ] GC(335) Concurrent Scan Root Regions 143.541ms
[2075.899s][info][gc,marking     ] GC(335) Concurrent Mark
[2075.899s][info][gc,marking     ] GC(335) Concurrent Mark From Roots
[2075.899s][info][gc,task        ] GC(335) Using 2 workers of 2 for marking
.[2076.810s][info][gc,marking     ] GC(335) Concurrent Mark From Roots 911.601ms
[2076.810s][info][gc,marking     ] GC(335) Concurrent Preclean
[2076.810s][info][gc,marking     ] GC(335) Concurrent Preclean 0.071ms
[2076.810s][info][gc,start       ] GC(335) Pause Remark
[2076.815s][info][gc             ] GC(335) Pause Remark 1800M->1800M(4096M) 4.538ms
[2076.815s][info][gc,cpu         ] GC(335) User=0.02s Sys=0.00s Real=0.01s
[2076.815s][info][gc,marking     ] GC(335) Concurrent Mark 916.479ms
[2076.815s][info][gc,marking     ] GC(335) Concurrent Rebuild Remembered Sets and Scrub Regions
[2077.205s][info][gc,marking     ] GC(335) Concurrent Rebuild Remembered Sets and Scrub Regions 390.089ms
[2077.205s][info][gc,start       ] GC(335) Pause Cleanup
[2077.205s][info][gc             ] GC(335) Pause Cleanup 1953M->1953M(4096M) 0.120ms
[2077.205s][info][gc,cpu         ] GC(335) User=0.00s Sys=0.00s Real=0.00s
[2077.205s][info][gc,marking     ] GC(335) Concurrent Clear Claimed Marks
[2077.205s][info][gc,marking     ] GC(335) Concurrent Clear Claimed Marks 0.035ms
[2077.205s][info][gc,marking     ] GC(335) Concurrent Cleanup for Next Mark
[2077.210s][info][gc,marking     ] GC(335) Concurrent Cleanup for Next Mark 4.773ms
[2077.210s][info][gc             ] GC(335) Concurrent Mark Cycle 1455.446ms
...|..[2081.726s][info][gc,start       ] GC(336) Pause Young (Prepare Mixed) (G1 Evacuation Pause)
[2081.726s][info][gc,task        ] GC(336) Using 6 workers of 6 for evacuation
[2081.842s][info][gc,phases      ] GC(336)   Pre Evacuate Collection Set: 0.35ms
[2081.842s][info][gc,phases      ] GC(336)   Merge Heap Roots: 0.52ms
[2081.842s][info][gc,phases      ] GC(336)   Evacuate Collection Set: 113.83ms
[2081.842s][info][gc,phases      ] GC(336)   Post Evacuate Collection Set: 0.99ms
[2081.842s][info][gc,phases      ] GC(336)   Other: 0.10ms
[2081.842s][info][gc,heap        ] GC(336) Eden regions: 1121->0(1114)
[2081.842s][info][gc,heap        ] GC(336) Survivor regions: 107->109(154)
[2081.842s][info][gc,heap        ] GC(336) Old regions: 501->533
[2081.842s][info][gc,heap        ] GC(336) Humongous regions: 80->80
[2081.842s][info][gc,metaspace   ] GC(336) Metaspace: 28966K(29312K)->28966K(29312K) NonClass: 24082K(24256K)->24082K(24256K) Class: 4883K(5056K)->4883K(5056K)
[2081.842s][info][gc             ] GC(336) Pause Young (Prepare Mixed) (G1 Evacuation Pause) 3616M->1442M(4096M) 115.930ms
[2081.842s][info][gc,cpu         ] GC(336) User=0.68s Sys=0.01s Real=0.12s
......[2087.567s][info][gc,start       ] GC(337) Pause Young (Mixed) (G1 Evacuation Pause)
[2087.567s][info][gc,task        ] GC(337) Using 6 workers of 6 for evacuation
[2087.699s][info][gc,phases      ] GC(337)   Pre Evacuate Collection Set: 0.38ms
[2087.699s][info][gc,phases      ] GC(337)   Merge Heap Roots: 0.76ms
[2087.699s][info][gc,phases      ] GC(337)   Evacuate Collection Set: 129.34ms
[2087.699s][info][gc,phases      ] GC(337)   Post Evacuate Collection Set: 0.96ms
[2087.699s][info][gc,phases      ] GC(337)   Other: 0.10ms
[2087.699s][info][gc,heap        ] GC(337) Eden regions: 1114->0(1120)
[2087.699s][info][gc,heap        ] GC(337) Survivor regions: 109->108(153)
[2087.699s][info][gc,heap        ] GC(337) Old regions: 533->468
[2087.699s][info][gc,heap        ] GC(337) Humongous regions: 80->80
[2087.699s][info][gc,metaspace   ] GC(337) Metaspace: 28966K(29312K)->28966K(29312K) NonClass: 24082K(24256K)->24082K(24256K) Class: 4883K(5056K)->4883K(5056K)
[2087.699s][info][gc             ] GC(337) Pause Young (Mixed) (G1 Evacuation Pause) 3670M->1310M(4096M) 131.683ms
[2087.699s][info][gc,cpu         ] GC(337) User=0.77s Sys=0.00s Real=0.13s
.....[2093.466s][info][gc,start       ] GC(338) Pause Young (Concurrent Start) (G1 Evacuation Pause)
[2093.466s][info][gc,task        ] GC(338) Using 6 workers of 6 for evacuation
[2093.581s][info][gc,phases      ] GC(338)   Pre Evacuate Collection Set: 0.39ms
[2093.581s][info][gc,phases      ] GC(338)   Merge Heap Roots: 0.48ms
[2093.581s][info][gc,phases      ] GC(338)   Evacuate Collection Set: 113.50ms
[2093.581s][info][gc,phases      ] GC(338)   Post Evacuate Collection Set: 0.91ms
[2093.581s][info][gc,phases      ] GC(338)   Other: 0.09ms
[2093.581s][info][gc,heap        ] GC(338) Eden regions: 1120->0(1121)
[2093.581s][info][gc,heap        ] GC(338) Survivor regions: 108->107(154)
[2093.581s][info][gc,heap        ] GC(338) Old regions: 468->501
[2093.581s][info][gc,heap        ] GC(338) Humongous regions: 80->80
[2093.581s][info][gc,metaspace   ] GC(338) Metaspace: 28966K(29312K)->28966K(29312K) NonClass: 24082K(24256K)->24082K(24256K) Class: 4883K(5056K)->4883K(5056K)
[2093.581s][info][gc             ] GC(338) Pause Young (Concurrent Start) (G1 Evacuation Pause) 3550M->1374M(4096M) 115.507ms
[2093.581s][info][gc             ] GC(339) Concurrent Mark Cycle
[2093.581s][info][gc,marking     ] GC(339) Concurrent Scan Root Regions
[2093.581s][info][gc,cpu         ] GC(338) User=0.68s Sys=0.00s Real=0.11s
.[2093.747s][info][gc,marking     ] GC(339) Concurrent Scan Root Regions 165.686ms
[2093.747s][info][gc,marking     ] GC(339) Concurrent Mark
[2093.747s][info][gc,marking     ] GC(339) Concurrent Mark From Roots
[2093.747s][info][gc,task        ] GC(339) Using 2 workers of 2 for marking
.[2094.667s][info][gc,marking     ] GC(339) Concurrent Mark From Roots 919.872ms
[2094.667s][info][gc,marking     ] GC(339) Concurrent Preclean
[2094.667s][info][gc,marking     ] GC(339) Concurrent Preclean 0.082ms
[2094.667s][info][gc,start       ] GC(339) Pause Remark
[2094.671s][info][gc             ] GC(339) Pause Remark 1790M->1790M(4096M) 3.637ms
[2094.671s][info][gc,cpu         ] GC(339) User=0.02s Sys=0.00s Real=0.00s
[2094.671s][info][gc,marking     ] GC(339) Concurrent Mark 923.873ms
[2094.671s][info][gc,marking     ] GC(339) Concurrent Rebuild Remembered Sets and Scrub Regions
[2095.062s][info][gc,marking     ] GC(339) Concurrent Rebuild Remembered Sets and Scrub Regions 390.909ms
[2095.062s][info][gc,start       ] GC(339) Pause Cleanup
[2095.062s][info][gc             ] GC(339) Pause Cleanup 1934M->1934M(4096M) 0.124ms
[2095.062s][info][gc,cpu         ] GC(339) User=0.00s Sys=0.00s Real=0.00s
[2095.062s][info][gc,marking     ] GC(339) Concurrent Clear Claimed Marks
[2095.062s][info][gc,marking     ] GC(339) Concurrent Clear Claimed Marks 0.029ms
[2095.062s][info][gc,marking     ] GC(339) Concurrent Cleanup for Next Mark
[2095.066s][info][gc,marking     ] GC(339) Concurrent Cleanup for Next Mark 3.952ms
[2095.066s][info][gc             ] GC(339) Concurrent Mark Cycle 1484.886ms
....[2099.530s][info][gc,start       ] GC(340) Pause Young (Prepare Mixed) (G1 Evacuation Pause)
[2099.530s][info][gc,task        ] GC(340) Using 6 workers of 6 for evacuation
[2099.646s][info][gc,phases      ] GC(340)   Pre Evacuate Collection Set: 0.34ms
[2099.646s][info][gc,phases      ] GC(340)   Merge Heap Roots: 0.52ms
[2099.646s][info][gc,phases      ] GC(340)   Evacuate Collection Set: 113.59ms
[2099.646s][info][gc,phases      ] GC(340)   Post Evacuate Collection Set: 0.97ms
[2099.646s][info][gc,phases      ] GC(340)   Other: 0.08ms
[2099.646s][info][gc,heap        ] GC(340) Eden regions: 1121->0(1116)
[2099.646s][info][gc,heap        ] GC(340) Survivor regions: 107->108(154)
[2099.646s][info][gc,heap        ] GC(340) Old regions: 501->533
[2099.646s][info][gc,heap        ] GC(340) Humongous regions: 80->80
[2099.646s][info][gc,metaspace   ] GC(340) Metaspace: 28966K(29312K)->28966K(29312K) NonClass: 24082K(24256K)->24082K(24256K) Class: 4883K(5056K)->4883K(5056K)
[2099.646s][info][gc             ] GC(340) Pause Young (Prepare Mixed) (G1 Evacuation Pause) 3616M->1440M(4096M) 115.660ms
[2099.646s][info][gc,cpu         ] GC(340) User=0.68s Sys=0.00s Real=0.12s
......[2105.415s][info][gc,start       ] GC(341) Pause Young (Mixed) (G1 Evacuation Pause)
[2105.415s][info][gc,task        ] GC(341) Using 6 workers of 6 for evacuation
[2105.549s][info][gc,phases      ] GC(341)   Pre Evacuate Collection Set: 0.42ms
[2105.549s][info][gc,phases      ] GC(341)   Merge Heap Roots: 0.67ms
[2105.549s][info][gc,phases      ] GC(341)   Evacuate Collection Set: 132.12ms
[2105.549s][info][gc,phases      ] GC(341)   Post Evacuate Collection Set: 0.95ms
[2105.549s][info][gc,phases      ] GC(341)   Other: 0.09ms
[2105.549s][info][gc,heap        ] GC(341) Eden regions: 1116->0(1119)
[2105.549s][info][gc,heap        ] GC(341) Survivor regions: 108->109(153)
[2105.549s][info][gc,heap        ] GC(341) Old regions: 533->472
[2105.549s][info][gc,heap        ] GC(341) Humongous regions: 80->80
[2105.549s][info][gc,metaspace   ] GC(341) Metaspace: 28966K(29312K)->28966K(29312K) NonClass: 24082K(24256K)->24082K(24256K) Class: 4883K(5056K)->4883K(5056K)
[2105.549s][info][gc             ] GC(341) Pause Young (Mixed) (G1 Evacuation Pause) 3672M->1320M(4096M) 134.378ms
[2105.549s][info][gc,cpu         ] GC(341) User=0.79s Sys=0.00s Real=0.13s
......[2111.417s][info][gc,start       ] GC(342) Pause Young (Concurrent Start) (G1 Evacuation Pause)
[2111.417s][info][gc,task        ] GC(342) Using 6 workers of 6 for evacuation
[2111.531s][info][gc,phases      ] GC(342)   Pre Evacuate Collection Set: 0.41ms
[2111.531s][info][gc,phases      ] GC(342)   Merge Heap Roots: 0.48ms
[2111.531s][info][gc,phases      ] GC(342)   Evacuate Collection Set: 112.11ms
[2111.531s][info][gc,phases      ] GC(342)   Post Evacuate Collection Set: 0.89ms
[2111.531s][info][gc,phases      ] GC(342)   Other: 0.13ms
[2111.531s][info][gc,heap        ] GC(342) Eden regions: 1119->0(1120)
[2111.531s][info][gc,heap        ] GC(342) Survivor regions: 109->108(154)
[2111.531s][info][gc,heap        ] GC(342) Old regions: 472->504
[2111.531s][info][gc,heap        ] GC(342) Humongous regions: 80->80
[2111.531s][info][gc,metaspace   ] GC(342) Metaspace: 28966K(29312K)->28966K(29312K) NonClass: 24082K(24256K)->24082K(24256K) Class: 4883K(5056K)->4883K(5056K)
[2111.531s][info][gc             ] GC(342) Pause Young (Concurrent Start) (G1 Evacuation Pause) 3558M->1382M(4096M) 114.144ms
[2111.531s][info][gc             ] GC(343) Concurrent Mark Cycle
[2111.531s][info][gc,marking     ] GC(343) Concurrent Scan Root Regions
[2111.531s][info][gc,cpu         ] GC(342) User=0.68s Sys=0.00s Real=0.11s
[2111.650s][info][gc,marking     ] GC(343) Concurrent Scan Root Regions 118.284ms
[2111.650s][info][gc,marking     ] GC(343) Concurrent Mark
[2111.650s][info][gc,marking     ] GC(343) Concurrent Mark From Roots
[2111.650s][info][gc,task        ] GC(343) Using 2 workers of 2 for marking
.[2112.245s][info][gc,marking     ] GC(343) Concurrent Mark From Roots 595.690ms
[2112.245s][info][gc,marking     ] GC(343) Concurrent Preclean
[2112.246s][info][gc,marking     ] GC(343) Concurrent Preclean 0.055ms
[2112.246s][info][gc,start       ] GC(343) Pause Remark
[2112.249s][info][gc             ] GC(343) Pause Remark 1706M->1706M(4096M) 3.767ms
[2112.249s][info][gc,cpu         ] GC(343) User=0.02s Sys=0.00s Real=0.00s
[2112.249s][info][gc,marking     ] GC(343) Concurrent Mark 599.752ms
[2112.250s][info][gc,marking     ] GC(343) Concurrent Rebuild Remembered Sets and Scrub Regions
[2112.465s][info][gc,marking     ] GC(343) Concurrent Rebuild Remembered Sets and Scrub Regions 215.694ms
[2112.465s][info][gc,start       ] GC(343) Pause Cleanup
[2112.465s][info][gc             ] GC(343) Pause Cleanup 1782M->1782M(4096M) 0.106ms
[2112.465s][info][gc,cpu         ] GC(343) User=0.00s Sys=0.00s Real=0.00s
[2112.465s][info][gc,marking     ] GC(343) Concurrent Clear Claimed Marks
[2112.466s][info][gc,marking     ] GC(343) Concurrent Clear Claimed Marks 0.029ms
[2112.466s][info][gc,marking     ] GC(343) Concurrent Cleanup for Next Mark
[2112.469s][info][gc,marking     ] GC(343) Concurrent Cleanup for Next Mark 3.209ms
[2112.469s][info][gc             ] GC(343) Concurrent Mark Cycle 937.395ms
.....[2117.382s][info][gc,start       ] GC(344) Pause Young (Prepare Mixed) (G1 Evacuation Pause)
[2117.382s][info][gc,task        ] GC(344) Using 6 workers of 6 for evacuation
[2117.499s][info][gc,phases      ] GC(344)   Pre Evacuate Collection Set: 0.35ms
[2117.499s][info][gc,phases      ] GC(344)   Merge Heap Roots: 0.54ms
[2117.499s][info][gc,phases      ] GC(344)   Evacuate Collection Set: 115.59ms
[2117.499s][info][gc,phases      ] GC(344)   Post Evacuate Collection Set: 0.94ms
[2117.499s][info][gc,phases      ] GC(344)   Other: 0.09ms
[2117.499s][info][gc,heap        ] GC(344) Eden regions: 1120->0(1111)
[2117.499s][info][gc,heap        ] GC(344) Survivor regions: 108->109(154)
[2117.499s][info][gc,heap        ] GC(344) Old regions: 504->536
[2117.499s][info][gc,heap        ] GC(344) Humongous regions: 80->80
[2117.499s][info][gc,metaspace   ] GC(344) Metaspace: 28966K(29312K)->28966K(29312K) NonClass: 24082K(24256K)->24082K(24256K) Class: 4883K(5056K)->4883K(5056K)
[2117.499s][info][gc             ] GC(344) Pause Young (Prepare Mixed) (G1 Evacuation Pause) 3622M->1449M(4096M) 117.665ms
[2117.499s][info][gc,cpu         ] GC(344) User=0.69s Sys=0.00s Real=0.12s
......[2123.307s][info][gc,start       ] GC(345) Pause Young (Mixed) (G1 Evacuation Pause)
[2123.307s][info][gc,task        ] GC(345) Using 6 workers of 6 for evacuation
[2123.438s][info][gc,phases      ] GC(345)   Pre Evacuate Collection Set: 0.44ms
[2123.438s][info][gc,phases      ] GC(345)   Merge Heap Roots: 0.62ms
[2123.438s][info][gc,phases      ] GC(345)   Evacuate Collection Set: 128.33ms
[2123.438s][info][gc,phases      ] GC(345)   Post Evacuate Collection Set: 0.98ms
[2123.438s][info][gc,phases      ] GC(345)   Other: 0.09ms
[2123.438s][info][gc,heap        ] GC(345) Eden regions: 1111->0(1119)
[2123.438s][info][gc,heap        ] GC(345) Survivor regions: 109->109(153)
[2123.438s][info][gc,heap        ] GC(345) Old regions: 536->471
[2123.438s][info][gc,heap        ] GC(345) Humongous regions: 80->80
[2123.438s][info][gc,metaspace   ] GC(345) Metaspace: 28966K(29312K)->28966K(29312K) NonClass: 24082K(24256K)->24082K(24256K) Class: 4883K(5056K)->4883K(5056K)
[2123.438s][info][gc             ] GC(345) Pause Young (Mixed) (G1 Evacuation Pause) 3671M->1318M(4096M) 130.595ms
[2123.438s][info][gc,cpu         ] GC(345) User=0.78s Sys=0.00s Real=0.13s
......[2129.286s][info][gc,start       ] GC(346) Pause Young (Concurrent Start) (G1 Evacuation Pause)
[2129.286s][info][gc,task        ] GC(346) Using 6 workers of 6 for evacuation
[2129.401s][info][gc,phases      ] GC(346)   Pre Evacuate Collection Set: 0.43ms
[2129.401s][info][gc,phases      ] GC(346)   Merge Heap Roots: 0.49ms
[2129.401s][info][gc,phases      ] GC(346)   Evacuate Collection Set: 113.51ms
[2129.401s][info][gc,phases      ] GC(346)   Post Evacuate Collection Set: 0.91ms
[2129.401s][info][gc,phases      ] GC(346)   Other: 0.10ms
[2129.401s][info][gc,heap        ] GC(346) Eden regions: 1119->0(1120)
[2129.401s][info][gc,heap        ] GC(346) Survivor regions: 109->108(154)
[2129.401s][info][gc,heap        ] GC(346) Old regions: 471->504
[2129.401s][info][gc,heap        ] GC(346) Humongous regions: 80->80
[2129.401s][info][gc,metaspace   ] GC(346) Metaspace: 28966K(29312K)->28966K(29312K) NonClass: 24082K(24256K)->24082K(24256K) Class: 4883K(5056K)->4883K(5056K)
[2129.401s][info][gc             ] GC(346) Pause Young (Concurrent Start) (G1 Evacuation Pause) 3556M->1382M(4096M) 115.601ms
[2129.401s][info][gc             ] GC(347) Concurrent Mark Cycle
[2129.401s][info][gc,marking     ] GC(347) Concurrent Scan Root Regions
[2129.401s][info][gc,cpu         ] GC(346) User=0.69s Sys=0.00s Real=0.11s
[2129.540s][info][gc,marking     ] GC(347) Concurrent Scan Root Regions 138.172ms
[2129.540s][info][gc,marking     ] GC(347) Concurrent Mark
[2129.540s][info][gc,marking     ] GC(347) Concurrent Mark From Roots
[2129.540s][info][gc,task        ] GC(347) Using 2 workers of 2 for marking
.[2130.101s][info][gc,marking     ] GC(347) Concurrent Mark From Roots 561.744ms
[2130.101s][info][gc,marking     ] GC(347) Concurrent Preclean
[2130.102s][info][gc,marking     ] GC(347) Concurrent Preclean 0.063ms
[2130.102s][info][gc,start       ] GC(347) Pause Remark
[2130.105s][info][gc             ] GC(347) Pause Remark 1675M->1675M(4096M) 2.928ms
[2130.105s][info][gc,cpu         ] GC(347) User=0.02s Sys=0.00s Real=0.01s
[2130.105s][info][gc,marking     ] GC(347) Concurrent Mark 565.006ms
[2130.105s][info][gc,marking     ] GC(347) Concurrent Rebuild Remembered Sets and Scrub Regions
[2130.330s][info][gc,marking     ] GC(347) Concurrent Rebuild Remembered Sets and Scrub Regions 224.905ms
[2130.330s][info][gc,start       ] GC(347) Pause Cleanup
[2130.330s][info][gc             ] GC(347) Pause Cleanup 1766M->1766M(4096M) 0.119ms
[2130.330s][info][gc,cpu         ] GC(347) User=0.00s Sys=0.00s Real=0.00s
[2130.330s][info][gc,marking     ] GC(347) Concurrent Clear Claimed Marks
[2130.330s][info][gc,marking     ] GC(347) Concurrent Clear Claimed Marks 0.027ms
[2130.330s][info][gc,marking     ] GC(347) Concurrent Cleanup for Next Mark
[2130.334s][info][gc,marking     ] GC(347) Concurrent Cleanup for Next Mark 3.911ms
[2130.334s][info][gc             ] GC(347) Concurrent Mark Cycle 932.507ms
.....[2135.256s][info][gc,start       ] GC(348) Pause Young (Prepare Mixed) (G1 Evacuation Pause)
[2135.256s][info][gc,task        ] GC(348) Using 6 workers of 6 for evacuation
[2135.375s][info][gc,phases      ] GC(348)   Pre Evacuate Collection Set: 0.36ms
[2135.375s][info][gc,phases      ] GC(348)   Merge Heap Roots: 0.50ms
[2135.375s][info][gc,phases      ] GC(348)   Evacuate Collection Set: 117.03ms
[2135.375s][info][gc,phases      ] GC(348)   Post Evacuate Collection Set: 0.97ms
[2135.375s][info][gc,phases      ] GC(348)   Other: 0.09ms
[2135.375s][info][gc,heap        ] GC(348) Eden regions: 1120->0(1106)
[2135.375s][info][gc,heap        ] GC(348) Survivor regions: 108->112(154)
[2135.375s][info][gc,heap        ] GC(348) Old regions: 504->535
[2135.375s][info][gc,heap        ] GC(348) Humongous regions: 80->80
[2135.375s][info][gc,metaspace   ] GC(348) Metaspace: 28966K(29312K)->28966K(29312K) NonClass: 24082K(24256K)->24082K(24256K) Class: 4883K(5056K)->4883K(5056K)
[2135.375s][info][gc             ] GC(348) Pause Young (Prepare Mixed) (G1 Evacuation Pause) 3622M->1452M(4096M) 119.068ms
[2135.375s][info][gc,cpu         ] GC(348) User=0.70s Sys=0.00s Real=0.12s
..... (rIR:aIR:PR = 3183:3185:3185) (tPR = 47345) [OK] 
  2139s: Performance info:
         Transaction,    Success,    Partial,     Failed,   Receipts, AvgBarcode, 
             Overall,     191586,          0,          0,     182006,      59.48, 
         Response times:
             Request,    Success,    Partial,     Failed,   SkipFail,     Probes,    Samples,      min,      p50,      p90,      p95,      p99,      max, 
       TotalPurchase,     182000,          0,          0,          0,     177688,     197106,      300,     2700,     4400,     5400,    17800,   146000,
     InStorePurchase,      95850,          0,          0,          0,      93520,     103595,      300,     2600,     4400,     5300,    17500,   143000,
      OnlinePurchase,      67011,          0,          0,          0,      65601,      72636,      300,     2700,     4400,     5500,    18400,   146000,
        InstPurchase,      19139,          0,          0,          0,      18567,      20875,      400,     2600,     4400,     5300,    17024,   146000,
          AssocOfCat,        191,          0,          0,          0,        130,        202,    19300,    28000,    36700,    39850,    84610,   152000,
      AssocOfProduct,       1919,          0,          0,          0,       1706,       2024,      700,     3200,     4400,     5475,    19075,   124000,
      BusinessReport,        481,          0,          0,          0,        385,        518,    25000,    32000,    46100,    53000,    87000,   170000,
          CustBuyBeh,       1912,          0,          0,          0,       1742,       2109,      200,     2300,     4000,     5000,    14300,   117000,
       ProductReturn,       5077,          0,          0,          0,       4772,       5454,      200,     2200,     4000,     4800,    13200,   121000,

  2139s: (24%)   IR =   3321 .[2141.100s][info][gc,start       ] GC(349) Pause Young (Mixed) (G1 Evacuation Pause)
[2141.100s][info][gc,task        ] GC(349) Using 6 workers of 6 for evacuation
[2141.233s][info][gc,phases      ] GC(349)   Pre Evacuate Collection Set: 0.38ms
[2141.233s][info][gc,phases      ] GC(349)   Merge Heap Roots: 0.69ms
[2141.233s][info][gc,phases      ] GC(349)   Evacuate Collection Set: 130.90ms
[2141.233s][info][gc,phases      ] GC(349)   Post Evacuate Collection Set: 1.01ms
[2141.233s][info][gc,phases      ] GC(349)   Other: 0.09ms
[2141.233s][info][gc,heap        ] GC(349) Eden regions: 1106->0(1118)
[2141.233s][info][gc,heap        ] GC(349) Survivor regions: 112->110(153)
[2141.233s][info][gc,heap        ] GC(349) Old regions: 535->470
[2141.233s][info][gc,heap        ] GC(349) Humongous regions: 80->80
[2141.233s][info][gc,metaspace   ] GC(349) Metaspace: 28973K(29312K)->28973K(29312K) NonClass: 24089K(24256K)->24089K(24256K) Class: 4883K(5056K)->4883K(5056K)
[2141.233s][info][gc             ] GC(349) Pause Young (Mixed) (G1 Evacuation Pause) 3664M->1318M(4096M) 133.211ms
[2141.233s][info][gc,cpu         ] GC(349) User=0.79s Sys=0.00s Real=0.14s
...|...[2146.842s][info][gc,start       ] GC(350) Pause Young (Concurrent Start) (G1 Evacuation Pause)
[2146.842s][info][gc,task        ] GC(350) Using 6 workers of 6 for evacuation
[2146.958s][info][gc,phases      ] GC(350)   Pre Evacuate Collection Set: 0.41ms
[2146.958s][info][gc,phases      ] GC(350)   Merge Heap Roots: 0.48ms
[2146.958s][info][gc,phases      ] GC(350)   Evacuate Collection Set: 113.96ms
[2146.958s][info][gc,phases      ] GC(350)   Post Evacuate Collection Set: 0.89ms
[2146.958s][info][gc,phases      ] GC(350)   Other: 0.10ms
[2146.958s][info][gc,heap        ] GC(350) Eden regions: 1118->0(1120)
[2146.958s][info][gc,heap        ] GC(350) Survivor regions: 110->108(154)
[2146.958s][info][gc,heap        ] GC(350) Old regions: 470->501
[2146.958s][info][gc,heap        ] GC(350) Humongous regions: 80->80
[2146.958s][info][gc,metaspace   ] GC(350) Metaspace: 28973K(29312K)->28973K(29312K) NonClass: 24089K(24256K)->24089K(24256K) Class: 4883K(5056K)->4883K(5056K)
[2146.958s][info][gc             ] GC(350) Pause Young (Concurrent Start) (G1 Evacuation Pause) 3554M->1377M(4096M) 115.986ms
[2146.958s][info][gc             ] GC(351) Concurrent Mark Cycle
[2146.958s][info][gc,marking     ] GC(351) Concurrent Scan Root Regions
[2146.958s][info][gc,cpu         ] GC(350) User=0.69s Sys=0.00s Real=0.12s
[2147.135s][info][gc,marking     ] GC(351) Concurrent Scan Root Regions 176.995ms
[2147.135s][info][gc,marking     ] GC(351) Concurrent Mark
[2147.135s][info][gc,marking     ] GC(351) Concurrent Mark From Roots
[2147.135s][info][gc,task        ] GC(351) Using 2 workers of 2 for marking
.[2148.081s][info][gc,marking     ] GC(351) Concurrent Mark From Roots 946.463ms
[2148.081s][info][gc,marking     ] GC(351) Concurrent Preclean
[2148.081s][info][gc,marking     ] GC(351) Concurrent Preclean 0.073ms
[2148.082s][info][gc,start       ] GC(351) Pause Remark
[2148.085s][info][gc             ] GC(351) Pause Remark 1886M->1886M(4096M) 3.682ms
[2148.085s][info][gc,cpu         ] GC(351) User=0.02s Sys=0.00s Real=0.01s
[2148.085s][info][gc,marking     ] GC(351) Concurrent Mark 950.517ms
[2148.085s][info][gc,marking     ] GC(351) Concurrent Rebuild Remembered Sets and Scrub Regions
[2148.433s][info][gc,marking     ] GC(351) Concurrent Rebuild Remembered Sets and Scrub Regions 347.389ms
[2148.433s][info][gc,start       ] GC(351) Pause Cleanup
[2148.433s][info][gc             ] GC(351) Pause Cleanup 2020M->2020M(4096M) 0.121ms
[2148.433s][info][gc,cpu         ] GC(351) User=0.00s Sys=0.00s Real=0.00s
[2148.433s][info][gc,marking     ] GC(351) Concurrent Clear Claimed Marks
[2148.433s][info][gc,marking     ] GC(351) Concurrent Clear Claimed Marks 0.046ms
[2148.433s][info][gc,marking     ] GC(351) Concurrent Cleanup for Next Mark
[2148.438s][info][gc,marking     ] GC(351) Concurrent Cleanup for Next Mark 4.992ms
[2148.438s][info][gc             ] GC(351) Concurrent Mark Cycle 1480.408ms
....[2152.555s][info][gc,start       ] GC(352) Pause Young (Prepare Mixed) (G1 Evacuation Pause)
[2152.555s][info][gc,task        ] GC(352) Using 6 workers of 6 for evacuation
[2152.670s][info][gc,phases      ] GC(352)   Pre Evacuate Collection Set: 0.36ms
[2152.670s][info][gc,phases      ] GC(352)   Merge Heap Roots: 0.49ms
[2152.670s][info][gc,phases      ] GC(352)   Evacuate Collection Set: 112.98ms
[2152.670s][info][gc,phases      ] GC(352)   Post Evacuate Collection Set: 0.95ms
[2152.670s][info][gc,phases      ] GC(352)   Other: 0.08ms
[2152.670s][info][gc,heap        ] GC(352) Eden regions: 1120->0(1114)
[2152.670s][info][gc,heap        ] GC(352) Survivor regions: 108->109(154)
[2152.670s][info][gc,heap        ] GC(352) Old regions: 501->533
[2152.670s][info][gc,heap        ] GC(352) Humongous regions: 80->80
[2152.670s][info][gc,metaspace   ] GC(352) Metaspace: 28973K(29312K)->28973K(29312K) NonClass: 24089K(24256K)->24089K(24256K) Class: 4883K(5056K)->4883K(5056K)
[2152.670s][info][gc             ] GC(352) Pause Young (Prepare Mixed) (G1 Evacuation Pause) 3617M->1442M(4096M) 114.986ms
[2152.670s][info][gc,cpu         ] GC(352) User=0.68s Sys=0.00s Real=0.11s
......[2158.237s][info][gc,start       ] GC(353) Pause Young (Mixed) (G1 Evacuation Pause)
[2158.237s][info][gc,task        ] GC(353) Using 6 workers of 6 for evacuation
[2158.370s][info][gc,phases      ] GC(353)   Pre Evacuate Collection Set: 0.42ms
[2158.370s][info][gc,phases      ] GC(353)   Merge Heap Roots: 0.63ms
[2158.370s][info][gc,phases      ] GC(353)   Evacuate Collection Set: 130.25ms
[2158.370s][info][gc,phases      ] GC(353)   Post Evacuate Collection Set: 0.95ms
[2158.370s][info][gc,phases      ] GC(353)   Other: 0.09ms
[2158.370s][info][gc,heap        ] GC(353) Eden regions: 1114->0(1118)
[2158.370s][info][gc,heap        ] GC(353) Survivor regions: 109->110(153)
[2158.370s][info][gc,heap        ] GC(353) Old regions: 533->470
[2158.370s][info][gc,heap        ] GC(353) Humongous regions: 80->80
[2158.370s][info][gc,metaspace   ] GC(353) Metaspace: 28973K(29312K)->28973K(29312K) NonClass: 24089K(24256K)->24089K(24256K) Class: 4883K(5056K)->4883K(5056K)
[2158.370s][info][gc             ] GC(353) Pause Young (Mixed) (G1 Evacuation Pause) 3670M->1318M(4096M) 132.469ms
[2158.370s][info][gc,cpu         ] GC(353) User=0.78s Sys=0.00s Real=0.13s
......[2163.935s][info][gc,start       ] GC(354) Pause Young (Concurrent Start) (G1 Evacuation Pause)
[2163.935s][info][gc,task        ] GC(354) Using 6 workers of 6 for evacuation
[2164.054s][info][gc,phases      ] GC(354)   Pre Evacuate Collection Set: 0.42ms
[2164.054s][info][gc,phases      ] GC(354)   Merge Heap Roots: 0.48ms
[2164.054s][info][gc,phases      ] GC(354)   Evacuate Collection Set: 116.79ms
[2164.054s][info][gc,phases      ] GC(354)   Post Evacuate Collection Set: 0.92ms
[2164.054s][info][gc,phases      ] GC(354)   Other: 0.13ms
[2164.054s][info][gc,heap        ] GC(354) Eden regions: 1118->0(1118)
[2164.054s][info][gc,heap        ] GC(354) Survivor regions: 110->110(154)
[2164.054s][info][gc,heap        ] GC(354) Old regions: 470->502
[2164.054s][info][gc,heap        ] GC(354) Humongous regions: 80->80
[2164.054s][info][gc,metaspace   ] GC(354) Metaspace: 28973K(29312K)->28973K(29312K) NonClass: 24089K(24256K)->24089K(24256K) Class: 4883K(5056K)->4883K(5056K)
[2164.054s][info][gc             ] GC(354) Pause Young (Concurrent Start) (G1 Evacuation Pause) 3554M->1382M(4096M) 118.874ms
[2164.054s][info][gc             ] GC(355) Concurrent Mark Cycle
[2164.054s][info][gc,marking     ] GC(355) Concurrent Scan Root Regions
[2164.054s][info][gc,cpu         ] GC(354) User=0.70s Sys=0.00s Real=0.12s
[2164.231s][info][gc,marking     ] GC(355) Concurrent Scan Root Regions 176.787ms
[2164.231s][info][gc,marking     ] GC(355) Concurrent Mark
[2164.231s][info][gc,marking     ] GC(355) Concurrent Mark From Roots
[2164.231s][info][gc,task        ] GC(355) Using 2 workers of 2 for marking
.[2165.176s][info][gc,marking     ] GC(355) Concurrent Mark From Roots 945.182ms
[2165.176s][info][gc,marking     ] GC(355) Concurrent Preclean
[2165.176s][info][gc,marking     ] GC(355) Concurrent Preclean 0.063ms
[2165.177s][info][gc,start       ] GC(355) Pause Remark
[2165.180s][info][gc             ] GC(355) Pause Remark 1855M->1855M(4096M) 3.679ms
[2165.180s][info][gc,cpu         ] GC(355) User=0.02s Sys=0.00s Real=0.00s
[2165.180s][info][gc,marking     ] GC(355) Concurrent Mark 949.229ms
[2165.180s][info][gc,marking     ] GC(355) Concurrent Rebuild Remembered Sets and Scrub Regions
[2165.530s][info][gc,marking     ] GC(355) Concurrent Rebuild Remembered Sets and Scrub Regions 349.874ms
[2165.530s][info][gc,start       ] GC(355) Pause Cleanup
[2165.531s][info][gc             ] GC(355) Pause Cleanup 2006M->2006M(4096M) 0.129ms
[2165.531s][info][gc,cpu         ] GC(355) User=0.00s Sys=0.00s Real=0.00s
[2165.531s][info][gc,marking     ] GC(355) Concurrent Clear Claimed Marks
[2165.531s][info][gc,marking     ] GC(355) Concurrent Clear Claimed Marks 0.027ms
[2165.531s][info][gc,marking     ] GC(355) Concurrent Cleanup for Next Mark
[2165.534s][info][gc,marking     ] GC(355) Concurrent Cleanup for Next Mark 3.718ms
[2165.535s][info][gc             ] GC(355) Concurrent Mark Cycle 1480.168ms
....[2169.666s][info][gc,start       ] GC(356) Pause Young (Prepare Mixed) (G1 Evacuation Pause)
[2169.666s][info][gc,task        ] GC(356) Using 6 workers of 6 for evacuation
[2169.782s][info][gc,phases      ] GC(356)   Pre Evacuate Collection Set: 0.36ms
[2169.783s][info][gc,phases      ] GC(356)   Merge Heap Roots: 0.53ms
[2169.783s][info][gc,phases      ] GC(356)   Evacuate Collection Set: 114.66ms
[2169.783s][info][gc,phases      ] GC(356)   Post Evacuate Collection Set: 0.94ms
[2169.783s][info][gc,phases      ] GC(356)   Other: 0.09ms
[2169.783s][info][gc,heap        ] GC(356) Eden regions: 1118->0(1115)
[2169.783s][info][gc,heap        ] GC(356) Survivor regions: 110->108(154)
[2169.783s][info][gc,heap        ] GC(356) Old regions: 502->534
[2169.783s][info][gc,heap        ] GC(356) Humongous regions: 80->80
[2169.783s][info][gc,metaspace   ] GC(356) Metaspace: 28973K(29312K)->28973K(29312K) NonClass: 24089K(24256K)->24089K(24256K) Class: 4883K(5056K)->4883K(5056K)
[2169.783s][info][gc             ] GC(356) Pause Young (Prepare Mixed) (G1 Evacuation Pause) 3618M->1442M(4096M) 116.712ms
[2169.783s][info][gc,cpu         ] GC(356) User=0.69s Sys=0.00s Real=0.12s
......[2175.456s][info][gc,start       ] GC(357) Pause Young (Mixed) (G1 Evacuation Pause)
[2175.456s][info][gc,task        ] GC(357) Using 6 workers of 6 for evacuation
[2175.591s][info][gc,phases      ] GC(357)   Pre Evacuate Collection Set: 0.39ms
[2175.591s][info][gc,phases      ] GC(357)   Merge Heap Roots: 0.70ms
[2175.591s][info][gc,phases      ] GC(357)   Evacuate Collection Set: 133.04ms
[2175.591s][info][gc,phases      ] GC(357)   Post Evacuate Collection Set: 0.96ms
[2175.591s][info][gc,phases      ] GC(357)   Other: 0.10ms
[2175.591s][info][gc,heap        ] GC(357) Eden regions: 1115->0(1116)
[2175.591s][info][gc,heap        ] GC(357) Survivor regions: 108->112(153)
[2175.591s][info][gc,heap        ] GC(357) Old regions: 534->468
[2175.591s][info][gc,heap        ] GC(357) Humongous regions: 80->80
[2175.591s][info][gc,metaspace   ] GC(357) Metaspace: 28973K(29312K)->28973K(29312K) NonClass: 24089K(24256K)->24089K(24256K) Class: 4883K(5056K)->4883K(5056K)
[2175.591s][info][gc             ] GC(357) Pause Young (Mixed) (G1 Evacuation Pause) 3672M->1319M(4096M) 135.339ms
[2175.591s][info][gc,cpu         ] GC(357) User=0.80s Sys=0.00s Real=0.13s
......[2181.038s][info][gc,start       ] GC(358) Pause Young (Concurrent Start) (G1 Evacuation Pause)
[2181.038s][info][gc,task        ] GC(358) Using 6 workers of 6 for evacuation
[2181.154s][info][gc,phases      ] GC(358)   Pre Evacuate Collection Set: 0.42ms
[2181.154s][info][gc,phases      ] GC(358)   Merge Heap Roots: 0.48ms
[2181.154s][info][gc,phases      ] GC(358)   Evacuate Collection Set: 114.50ms
[2181.154s][info][gc,phases      ] GC(358)   Post Evacuate Collection Set: 0.91ms
[2181.154s][info][gc,phases      ] GC(358)   Other: 0.12ms
[2181.154s][info][gc,heap        ] GC(358) Eden regions: 1116->0(1119)
[2181.154s][info][gc,heap        ] GC(358) Survivor regions: 112->109(154)
[2181.154s][info][gc,heap        ] GC(358) Old regions: 468->501
[2181.154s][info][gc,heap        ] GC(358) Humongous regions: 80->80
[2181.154s][info][gc,metaspace   ] GC(358) Metaspace: 28973K(29312K)->28973K(29312K) NonClass: 24089K(24256K)->24089K(24256K) Class: 4883K(5056K)->4883K(5056K)
[2181.155s][info][gc             ] GC(358) Pause Young (Concurrent Start) (G1 Evacuation Pause) 3551M->1377M(4096M) 116.565ms
[2181.155s][info][gc             ] GC(359) Concurrent Mark Cycle
[2181.155s][info][gc,marking     ] GC(359) Concurrent Scan Root Regions
[2181.155s][info][gc,cpu         ] GC(358) User=0.69s Sys=0.00s Real=0.12s
[2181.285s][info][gc,marking     ] GC(359) Concurrent Scan Root Regions 130.669ms
[2181.285s][info][gc,marking     ] GC(359) Concurrent Mark
[2181.285s][info][gc,marking     ] GC(359) Concurrent Mark From Roots
[2181.285s][info][gc,task        ] GC(359) Using 2 workers of 2 for marking
.[2181.866s][info][gc,marking     ] GC(359) Concurrent Mark From Roots 580.262ms
[2181.866s][info][gc,marking     ] GC(359) Concurrent Preclean
[2181.866s][info][gc,marking     ] GC(359) Concurrent Preclean 0.078ms
[2181.866s][info][gc,start       ] GC(359) Pause Remark
[2181.869s][info][gc             ] GC(359) Pause Remark 1682M->1682M(4096M) 3.321ms
[2181.869s][info][gc,cpu         ] GC(359) User=0.02s Sys=0.00s Real=0.00s
[2181.870s][info][gc,marking     ] GC(359) Concurrent Mark 584.644ms
[2181.870s][info][gc,marking     ] GC(359) Concurrent Rebuild Remembered Sets and Scrub Regions
[2182.101s][info][gc,marking     ] GC(359) Concurrent Rebuild Remembered Sets and Scrub Regions 230.615ms
[2182.101s][info][gc,start       ] GC(359) Pause Cleanup
[2182.101s][info][gc             ] GC(359) Pause Cleanup 1793M->1793M(4096M) 0.121ms
[2182.101s][info][gc,cpu         ] GC(359) User=0.00s Sys=0.00s Real=0.00s
[2182.101s][info][gc,marking     ] GC(359) Concurrent Clear Claimed Marks
[2182.101s][info][gc,marking     ] GC(359) Concurrent Clear Claimed Marks 0.035ms
[2182.101s][info][gc,marking     ] GC(359) Concurrent Cleanup for Next Mark
[2182.106s][info][gc,marking     ] GC(359) Concurrent Cleanup for Next Mark 4.718ms
[2182.106s][info][gc             ] GC(359) Concurrent Mark Cycle 951.497ms
....[2186.799s][info][gc,start       ] GC(360) Pause Young (Prepare Mixed) (G1 Evacuation Pause)
[2186.799s][info][gc,task        ] GC(360) Using 6 workers of 6 for evacuation
[2186.915s][info][gc,phases      ] GC(360)   Pre Evacuate Collection Set: 0.38ms
[2186.915s][info][gc,phases      ] GC(360)   Merge Heap Roots: 0.55ms
[2186.915s][info][gc,phases      ] GC(360)   Evacuate Collection Set: 114.23ms
[2186.915s][info][gc,phases      ] GC(360)   Post Evacuate Collection Set: 0.97ms
[2186.915s][info][gc,phases      ] GC(360)   Other: 0.10ms
[2186.916s][info][gc,heap        ] GC(360) Eden regions: 1119->0(1114)
[2186.916s][info][gc,heap        ] GC(360) Survivor regions: 109->109(154)
[2186.916s][info][gc,heap        ] GC(360) Old regions: 501->533
[2186.916s][info][gc,heap        ] GC(360) Humongous regions: 80->80
[2186.916s][info][gc,metaspace   ] GC(360) Metaspace: 28973K(29312K)->28973K(29312K) NonClass: 24089K(24256K)->24089K(24256K) Class: 4883K(5056K)->4883K(5056K)
[2186.916s][info][gc             ] GC(360) Pause Young (Prepare Mixed) (G1 Evacuation Pause) 3615M->1441M(4096M) 116.368ms
[2186.916s][info][gc,cpu         ] GC(360) User=0.68s Sys=0.00s Real=0.12s
......[2192.383s][info][gc,start       ] GC(361) Pause Young (Mixed) (G1 Evacuation Pause)
[2192.383s][info][gc,task        ] GC(361) Using 6 workers of 6 for evacuation
[2192.515s][info][gc,phases      ] GC(361)   Pre Evacuate Collection Set: 0.36ms
[2192.515s][info][gc,phases      ] GC(361)   Merge Heap Roots: 0.69ms
[2192.515s][info][gc,phases      ] GC(361)   Evacuate Collection Set: 129.41ms
[2192.515s][info][gc,phases      ] GC(361)   Post Evacuate Collection Set: 0.99ms
[2192.515s][info][gc,phases      ] GC(361)   Other: 0.09ms
[2192.515s][info][gc,heap        ] GC(361) Eden regions: 1114->0(1121)
[2192.515s][info][gc,heap        ] GC(361) Survivor regions: 109->107(153)
[2192.515s][info][gc,heap        ] GC(361) Old regions: 533->470
[2192.515s][info][gc,heap        ] GC(361) Humongous regions: 80->80
[2192.515s][info][gc,metaspace   ] GC(361) Metaspace: 28973K(29312K)->28973K(29312K) NonClass: 24089K(24256K)->24089K(24256K) Class: 4883K(5056K)->4883K(5056K)
[2192.515s][info][gc             ] GC(361) Pause Young (Mixed) (G1 Evacuation Pause) 3669M->1311M(4096M) 131.700ms
[2192.515s][info][gc,cpu         ] GC(361) User=0.78s Sys=0.00s Real=0.13s
......[2198.102s][info][gc,start       ] GC(362) Pause Young (Concurrent Start) (G1 Evacuation Pause)
[2198.102s][info][gc,task        ] GC(362) Using 6 workers of 6 for evacuation
[2198.217s][info][gc,phases      ] GC(362)   Pre Evacuate Collection Set: 0.40ms
[2198.217s][info][gc,phases      ] GC(362)   Merge Heap Roots: 0.47ms
[2198.217s][info][gc,phases      ] GC(362)   Evacuate Collection Set: 113.64ms
[2198.217s][info][gc,phases      ] GC(362)   Post Evacuate Collection Set: 0.91ms
[2198.217s][info][gc,phases      ] GC(362)   Other: 0.11ms
[2198.217s][info][gc,heap        ] GC(362) Eden regions: 1121->0(1120)
[2198.217s][info][gc,heap        ] GC(362) Survivor regions: 107->108(154)
[2198.217s][info][gc,heap        ] GC(362) Old regions: 470->502
[2198.217s][info][gc,heap        ] GC(362) Humongous regions: 80->80
[2198.217s][info][gc,metaspace   ] GC(362) Metaspace: 28973K(29312K)->28973K(29312K) NonClass: 24089K(24256K)->24089K(24256K) Class: 4883K(5056K)->4883K(5056K)
[2198.217s][info][gc             ] GC(362) Pause Young (Concurrent Start) (G1 Evacuation Pause) 3553M->1378M(4096M) 115.656ms
[2198.218s][info][gc             ] GC(363) Concurrent Mark Cycle
[2198.218s][info][gc,marking     ] GC(363) Concurrent Scan Root Regions
[2198.218s][info][gc,cpu         ] GC(362) User=0.68s Sys=0.00s Real=0.12s
[2198.356s][info][gc,marking     ] GC(363) Concurrent Scan Root Regions 138.301ms
[2198.356s][info][gc,marking     ] GC(363) Concurrent Mark
[2198.356s][info][gc,marking     ] GC(363) Concurrent Mark From Roots
[2198.356s][info][gc,task        ] GC(363) Using 2 workers of 2 for marking
.[2199.266s][info][gc,marking     ] GC(363) Concurrent Mark From Roots 910.542ms
[2199.266s][info][gc,marking     ] GC(363) Concurrent Preclean
[2199.267s][info][gc,marking     ] GC(363) Concurrent Preclean 0.100ms
[2199.267s][info][gc,start       ] GC(363) Pause Remark
[2199.270s][info][gc             ] GC(363) Pause Remark 1861M->1861M(4096M) 3.532ms
[2199.270s][info][gc,cpu         ] GC(363) User=0.02s Sys=0.00s Real=0.00s
[2199.271s][info][gc,marking     ] GC(363) Concurrent Mark 914.840ms
[2199.271s][info][gc,marking     ] GC(363) Concurrent Rebuild Remembered Sets and Scrub Regions
[2199.520s][info][gc,marking     ] GC(363) Concurrent Rebuild Remembered Sets and Scrub Regions 249.556ms
[2199.520s][info][gc,start       ] GC(363) Pause Cleanup
[2199.521s][info][gc             ] GC(363) Pause Cleanup 1954M->1954M(4096M) 0.112ms
[2199.521s][info][gc,cpu         ] GC(363) User=0.00s Sys=0.00s Real=0.00s
[2199.521s][info][gc,marking     ] GC(363) Concurrent Clear Claimed Marks
[2199.521s][info][gc,marking     ] GC(363) Concurrent Clear Claimed Marks 0.028ms
[2199.521s][info][gc,marking     ] GC(363) Concurrent Cleanup for Next Mark
[2199.524s][info][gc,marking     ] GC(363) Concurrent Cleanup for Next Mark 3.172ms
[2199.524s][info][gc             ] GC(363) Concurrent Mark Cycle 1306.325ms
....[2203.826s][info][gc,start       ] GC(364) Pause Young (Prepare Mixed) (G1 Evacuation Pause)
[2203.826s][info][gc,task        ] GC(364) Using 6 workers of 6 for evacuation
[2203.946s][info][gc,phases      ] GC(364)   Pre Evacuate Collection Set: 0.35ms
[2203.946s][info][gc,phases      ] GC(364)   Merge Heap Roots: 0.49ms
[2203.946s][info][gc,phases      ] GC(364)   Evacuate Collection Set: 118.00ms
[2203.946s][info][gc,phases      ] GC(364)   Post Evacuate Collection Set: 0.97ms
[2203.946s][info][gc,phases      ] GC(364)   Other: 0.09ms
[2203.946s][info][gc,heap        ] GC(364) Eden regions: 1120->0(1108)
[2203.946s][info][gc,heap        ] GC(364) Survivor regions: 108->112(154)
[2203.946s][info][gc,heap        ] GC(364) Old regions: 502->533
[2203.946s][info][gc,heap        ] GC(364) Humongous regions: 80->80
[2203.946s][info][gc,metaspace   ] GC(364) Metaspace: 28978K(29312K)->28978K(29312K) NonClass: 24094K(24256K)->24094K(24256K) Class: 4883K(5056K)->4883K(5056K)
[2203.946s][info][gc             ] GC(364) Pause Young (Prepare Mixed) (G1 Evacuation Pause) 3618M->1448M(4096M) 120.036ms
[2203.946s][info][gc,cpu         ] GC(364) User=0.70s Sys=0.00s Real=0.12s
. (rIR:aIR:PR = 3321:3315:3315) (tPR = 49315) [OK] 
  2203s: Performance info:
         Transaction,    Success,    Partial,     Failed,   Receipts, AvgBarcode, 
             Overall,     199718,          0,          0,     189728,      59.48, 
         Response times:
             Request,    Success,    Partial,     Failed,   SkipFail,     Probes,    Samples,      min,      p50,      p90,      p95,      p99,      max, 
       TotalPurchase,     189731,          0,          0,          0,     185722,     198700,      300,     2800,     4600,     5900,    25000,   194000,
     InStorePurchase,      99859,          0,          0,          0,      97942,     104721,      300,     2700,     4600,     5800,    25000,   194000,
      OnlinePurchase,      69900,          0,          0,          0,      68539,      73157,      300,     2800,     4600,     5900,    25000,   194000,
        InstPurchase,      19972,          0,          0,          0,      19241,      20822,      400,     2700,     4600,     5900,    25000,   139000,
          AssocOfCat,        201,          0,          0,          0,        141,        197,    21000,    29000,    39000,    44100,   100100,   105000,
      AssocOfProduct,       2001,          0,          0,          0,       1806,       2089,      400,     3100,     4700,     6500,    34000,   139000,
      BusinessReport,        499,          0,          0,          0,        423,        560,    24000,    33000,    48000,    53950,   130510,   200000,
          CustBuyBeh,       2000,          0,          0,          0,       1798,       2057,      200,     2000,     4100,     5200,    15500,   138000,
       ProductReturn,       5289,          0,          0,          0,       5023,       5564,      200,     2600,     4200,     5300,    23000,   144000,

  2203s: (25%)   IR =   3459 .....|[2209.321s][info][gc,start       ] GC(365) Pause Young (Mixed) (G1 Evacuation Pause)
[2209.321s][info][gc,task        ] GC(365) Using 6 workers of 6 for evacuation
[2209.459s][info][gc,phases      ] GC(365)   Pre Evacuate Collection Set: 0.38ms
[2209.459s][info][gc,phases      ] GC(365)   Merge Heap Roots: 0.88ms
[2209.459s][info][gc,phases      ] GC(365)   Evacuate Collection Set: 135.73ms
[2209.459s][info][gc,phases      ] GC(365)   Post Evacuate Collection Set: 0.97ms
[2209.459s][info][gc,phases      ] GC(365)   Other: 0.09ms
[2209.459s][info][gc,heap        ] GC(365) Eden regions: 1108->0(1117)
[2209.459s][info][gc,heap        ] GC(365) Survivor regions: 112->111(153)
[2209.459s][info][gc,heap        ] GC(365) Old regions: 533->470
[2209.459s][info][gc,heap        ] GC(365) Humongous regions: 80->80
[2209.459s][info][gc,metaspace   ] GC(365) Metaspace: 28978K(29312K)->28978K(29312K) NonClass: 24094K(24256K)->24094K(24256K) Class: 4883K(5056K)->4883K(5056K)
[2209.459s][info][gc             ] GC(365) Pause Young (Mixed) (G1 Evacuation Pause) 3664M->1320M(4096M) 138.204ms
[2209.459s][info][gc,cpu         ] GC(365) User=0.82s Sys=0.00s Real=0.14s
.....[2214.727s][info][gc,start       ] GC(366) Pause Young (Concurrent Start) (G1 Evacuation Pause)
[2214.727s][info][gc,task        ] GC(366) Using 6 workers of 6 for evacuation
[2214.849s][info][gc,phases      ] GC(366)   Pre Evacuate Collection Set: 0.39ms
[2214.849s][info][gc,phases      ] GC(366)   Merge Heap Roots: 0.48ms
[2214.849s][info][gc,phases      ] GC(366)   Evacuate Collection Set: 120.28ms
[2214.849s][info][gc,phases      ] GC(366)   Post Evacuate Collection Set: 0.92ms
[2214.849s][info][gc,phases      ] GC(366)   Other: 0.11ms
[2214.849s][info][gc,heap        ] GC(366) Eden regions: 1117->0(1115)
[2214.849s][info][gc,heap        ] GC(366) Survivor regions: 111->113(154)
[2214.849s][info][gc,heap        ] GC(366) Old regions: 470->502
[2214.849s][info][gc,heap        ] GC(366) Humongous regions: 80->80
[2214.849s][info][gc,metaspace   ] GC(366) Metaspace: 28978K(29312K)->28978K(29312K) NonClass: 24094K(24256K)->24094K(24256K) Class: 4883K(5056K)->4883K(5056K)
[2214.849s][info][gc             ] GC(366) Pause Young (Concurrent Start) (G1 Evacuation Pause) 3554M->1387M(4096M) 122.301ms
[2214.849s][info][gc             ] GC(367) Concurrent Mark Cycle
[2214.849s][info][gc,marking     ] GC(367) Concurrent Scan Root Regions
[2214.849s][info][gc,cpu         ] GC(366) User=0.73s Sys=0.00s Real=0.12s
.[2215.027s][info][gc,marking     ] GC(367) Concurrent Scan Root Regions 178.257ms
[2215.027s][info][gc,marking     ] GC(367) Concurrent Mark
[2215.027s][info][gc,marking     ] GC(367) Concurrent Mark From Roots
[2215.027s][info][gc,task        ] GC(367) Using 2 workers of 2 for marking
[2215.976s][info][gc,marking     ] GC(367) Concurrent Mark From Roots 948.677ms
[2215.976s][info][gc,marking     ] GC(367) Concurrent Preclean
[2215.976s][info][gc,marking     ] GC(367) Concurrent Preclean 0.083ms
[2215.976s][info][gc,start       ] GC(367) Pause Remark
[2215.980s][info][gc             ] GC(367) Pause Remark 1874M->1874M(4096M) 4.097ms
[2215.981s][info][gc,cpu         ] GC(367) User=0.02s Sys=0.00s Real=0.00s
[2215.981s][info][gc,marking     ] GC(367) Concurrent Mark 953.125ms
[2215.981s][info][gc,marking     ] GC(367) Concurrent Rebuild Remembered Sets and Scrub Regions
.[2216.329s][info][gc,marking     ] GC(367) Concurrent Rebuild Remembered Sets and Scrub Regions 347.974ms
[2216.329s][info][gc,start       ] GC(367) Pause Cleanup
[2216.329s][info][gc             ] GC(367) Pause Cleanup 1995M->1995M(4096M) 0.122ms
[2216.329s][info][gc,cpu         ] GC(367) User=0.00s Sys=0.00s Real=0.00s
[2216.329s][info][gc,marking     ] GC(367) Concurrent Clear Claimed Marks
[2216.329s][info][gc,marking     ] GC(367) Concurrent Clear Claimed Marks 0.029ms
[2216.329s][info][gc,marking     ] GC(367) Concurrent Cleanup for Next Mark
[2216.333s][info][gc,marking     ] GC(367) Concurrent Cleanup for Next Mark 3.950ms
[2216.333s][info][gc             ] GC(367) Concurrent Mark Cycle 1483.797ms
....[2220.299s][info][gc,start       ] GC(368) Pause Young (Prepare Mixed) (G1 Evacuation Pause)
[2220.299s][info][gc,task        ] GC(368) Using 6 workers of 6 for evacuation
[2220.421s][info][gc,phases      ] GC(368)   Pre Evacuate Collection Set: 0.34ms
[2220.421s][info][gc,phases      ] GC(368)   Merge Heap Roots: 0.51ms
[2220.421s][info][gc,phases      ] GC(368)   Evacuate Collection Set: 120.15ms
[2220.421s][info][gc,phases      ] GC(368)   Post Evacuate Collection Set: 0.93ms
[2220.421s][info][gc,phases      ] GC(368)   Other: 0.09ms
[2220.421s][info][gc,heap        ] GC(368) Eden regions: 1115->0(1103)
[2220.421s][info][gc,heap        ] GC(368) Survivor regions: 113->114(154)
[2220.421s][info][gc,heap        ] GC(368) Old regions: 502->534
[2220.421s][info][gc,heap        ] GC(368) Humongous regions: 80->80
[2220.421s][info][gc,metaspace   ] GC(368) Metaspace: 28978K(29312K)->28978K(29312K) NonClass: 24094K(24256K)->24094K(24256K) Class: 4883K(5056K)->4883K(5056K)
[2220.421s][info][gc             ] GC(368) Pause Young (Prepare Mixed) (G1 Evacuation Pause) 3617M->1453M(4096M) 122.170ms
[2220.421s][info][gc,cpu         ] GC(368) User=0.73s Sys=0.00s Real=0.12s
.....[2225.640s][info][gc,start       ] GC(369) Pause Young (Mixed) (G1 Evacuation Pause)
[2225.641s][info][gc,task        ] GC(369) Using 6 workers of 6 for evacuation
[2225.771s][info][gc,phases      ] GC(369)   Pre Evacuate Collection Set: 0.43ms
[2225.771s][info][gc,phases      ] GC(369)   Merge Heap Roots: 0.64ms
[2225.771s][info][gc,phases      ] GC(369)   Evacuate Collection Set: 128.65ms
[2225.771s][info][gc,phases      ] GC(369)   Post Evacuate Collection Set: 1.00ms
[2225.771s][info][gc,phases      ] GC(369)   Other: 0.09ms
[2225.771s][info][gc,heap        ] GC(369) Eden regions: 1103->0(1120)
[2225.771s][info][gc,heap        ] GC(369) Survivor regions: 114->108(153)
[2225.771s][info][gc,heap        ] GC(369) Old regions: 534->471
[2225.771s][info][gc,heap        ] GC(369) Humongous regions: 80->80
[2225.771s][info][gc,metaspace   ] GC(369) Metaspace: 28978K(29312K)->28978K(29312K) NonClass: 24094K(24256K)->24094K(24256K) Class: 4883K(5056K)->4883K(5056K)
[2225.771s][info][gc             ] GC(369) Pause Young (Mixed) (G1 Evacuation Pause) 3659M->1316M(4096M) 130.941ms
[2225.771s][info][gc,cpu         ] GC(369) User=0.77s Sys=0.00s Real=0.13s
......[2231.180s][info][gc,start       ] GC(370) Pause Young (Concurrent Start) (G1 Evacuation Pause)
[2231.180s][info][gc,task        ] GC(370) Using 6 workers of 6 for evacuation
[2231.298s][info][gc,phases      ] GC(370)   Pre Evacuate Collection Set: 0.41ms
[2231.298s][info][gc,phases      ] GC(370)   Merge Heap Roots: 0.49ms
[2231.298s][info][gc,phases      ] GC(370)   Evacuate Collection Set: 116.36ms
[2231.298s][info][gc,phases      ] GC(370)   Post Evacuate Collection Set: 0.91ms
[2231.298s][info][gc,phases      ] GC(370)   Other: 0.10ms
[2231.298s][info][gc,heap        ] GC(370) Eden regions: 1120->0(1119)
[2231.298s][info][gc,heap        ] GC(370) Survivor regions: 108->109(154)
[2231.298s][info][gc,heap        ] GC(370) Old regions: 471->503
[2231.298s][info][gc,heap        ] GC(370) Humongous regions: 80->80
[2231.298s][info][gc,metaspace   ] GC(370) Metaspace: 28978K(29312K)->28978K(29312K) NonClass: 24094K(24256K)->24094K(24256K) Class: 4883K(5056K)->4883K(5056K)
[2231.298s][info][gc             ] GC(370) Pause Young (Concurrent Start) (G1 Evacuation Pause) 3556M->1381M(4096M) 118.401ms
[2231.298s][info][gc             ] GC(371) Concurrent Mark Cycle
[2231.298s][info][gc,marking     ] GC(371) Concurrent Scan Root Regions
[2231.298s][info][gc,cpu         ] GC(370) User=0.70s Sys=0.00s Real=0.12s
[2231.457s][info][gc,marking     ] GC(371) Concurrent Scan Root Regions 158.707ms
[2231.457s][info][gc,marking     ] GC(371) Concurrent Mark
[2231.457s][info][gc,marking     ] GC(371) Concurrent Mark From Roots
[2231.457s][info][gc,task        ] GC(371) Using 2 workers of 2 for marking
.[2232.108s][info][gc,marking     ] GC(371) Concurrent Mark From Roots 650.750ms
[2232.108s][info][gc,marking     ] GC(371) Concurrent Preclean
[2232.108s][info][gc,marking     ] GC(371) Concurrent Preclean 0.053ms
[2232.108s][info][gc,start       ] GC(371) Pause Remark
[2232.111s][info][gc             ] GC(371) Pause Remark 1763M->1763M(4096M) 2.700ms
[2232.111s][info][gc,cpu         ] GC(371) User=0.01s Sys=0.00s Real=0.00s
[2232.111s][info][gc,marking     ] GC(371) Concurrent Mark 653.741ms
[2232.111s][info][gc,marking     ] GC(371) Concurrent Rebuild Remembered Sets and Scrub Regions
[2232.371s][info][gc,marking     ] GC(371) Concurrent Rebuild Remembered Sets and Scrub Regions 259.683ms
[2232.371s][info][gc,start       ] GC(371) Pause Cleanup
[2232.371s][info][gc             ] GC(371) Pause Cleanup 1896M->1896M(4096M) 0.111ms
[2232.371s][info][gc,cpu         ] GC(371) User=0.00s Sys=0.00s Real=0.00s
[2232.371s][info][gc,marking     ] GC(371) Concurrent Clear Claimed Marks
[2232.371s][info][gc,marking     ] GC(371) Concurrent Clear Claimed Marks 0.030ms
[2232.371s][info][gc,marking     ] GC(371) Concurrent Cleanup for Next Mark
[2232.375s][info][gc,marking     ] GC(371) Concurrent Cleanup for Next Mark 4.144ms
[2232.375s][info][gc             ] GC(371) Concurrent Mark Cycle 1076.858ms
....[2236.672s][info][gc,start       ] GC(372) Pause Young (Prepare Mixed) (G1 Evacuation Pause)
[2236.672s][info][gc,task        ] GC(372) Using 6 workers of 6 for evacuation
[2236.787s][info][gc,phases      ] GC(372)   Pre Evacuate Collection Set: 0.36ms
[2236.787s][info][gc,phases      ] GC(372)   Merge Heap Roots: 0.49ms
[2236.787s][info][gc,phases      ] GC(372)   Evacuate Collection Set: 113.82ms
[2236.787s][info][gc,phases      ] GC(372)   Post Evacuate Collection Set: 0.94ms
[2236.787s][info][gc,phases      ] GC(372)   Other: 0.09ms
[2236.787s][info][gc,heap        ] GC(372) Eden regions: 1119->0(1112)
[2236.787s][info][gc,heap        ] GC(372) Survivor regions: 109->109(154)
[2236.787s][info][gc,heap        ] GC(372) Old regions: 503->535
[2236.787s][info][gc,heap        ] GC(372) Humongous regions: 80->80
[2236.787s][info][gc,metaspace   ] GC(372) Metaspace: 28978K(29312K)->28978K(29312K) NonClass: 24094K(24256K)->24094K(24256K) Class: 4883K(5056K)->4883K(5056K)
[2236.787s][info][gc             ] GC(372) Pause Young (Prepare Mixed) (G1 Evacuation Pause) 3619M->1445M(4096M) 115.842ms
[2236.787s][info][gc,cpu         ] GC(372) User=0.68s Sys=0.00s Real=0.12s
......[2242.112s][info][gc,start       ] GC(373) Pause Young (Mixed) (G1 Evacuation Pause)
[2242.112s][info][gc,task        ] GC(373) Using 6 workers of 6 for evacuation
[2242.247s][info][gc,phases      ] GC(373)   Pre Evacuate Collection Set: 0.43ms
[2242.247s][info][gc,phases      ] GC(373)   Merge Heap Roots: 0.69ms
[2242.247s][info][gc,phases      ] GC(373)   Evacuate Collection Set: 132.99ms
[2242.247s][info][gc,phases      ] GC(373)   Post Evacuate Collection Set: 1.01ms
[2242.247s][info][gc,phases      ] GC(373)   Other: 0.09ms
[2242.247s][info][gc,heap        ] GC(373) Eden regions: 1112->0(1119)
[2242.247s][info][gc,heap        ] GC(373) Survivor regions: 109->109(153)
[2242.247s][info][gc,heap        ] GC(373) Old regions: 535->471
[2242.247s][info][gc,heap        ] GC(373) Humongous regions: 80->80
[2242.247s][info][gc,metaspace   ] GC(373) Metaspace: 28978K(29312K)->28978K(29312K) NonClass: 24094K(24256K)->24094K(24256K) Class: 4883K(5056K)->4883K(5056K)
[2242.247s][info][gc             ] GC(373) Pause Young (Mixed) (G1 Evacuation Pause) 3669M->1317M(4096M) 135.340ms
[2242.247s][info][gc,cpu         ] GC(373) User=0.80s Sys=0.00s Real=0.14s
.....[2247.576s][info][gc,start       ] GC(374) Pause Young (Concurrent Start) (G1 Evacuation Pause)
[2247.576s][info][gc,task        ] GC(374) Using 6 workers of 6 for evacuation
[2247.693s][info][gc,phases      ] GC(374)   Pre Evacuate Collection Set: 0.40ms
[2247.693s][info][gc,phases      ] GC(374)   Merge Heap Roots: 0.48ms
[2247.693s][info][gc,phases      ] GC(374)   Evacuate Collection Set: 115.04ms
[2247.693s][info][gc,phases      ] GC(374)   Post Evacuate Collection Set: 0.93ms
[2247.693s][info][gc,phases      ] GC(374)   Other: 0.11ms
[2247.693s][info][gc,heap        ] GC(374) Eden regions: 1119->0(1121)
[2247.693s][info][gc,heap        ] GC(374) Survivor regions: 109->107(154)
[2247.693s][info][gc,heap        ] GC(374) Old regions: 471->503
[2247.693s][info][gc,heap        ] GC(374) Humongous regions: 80->80
[2247.693s][info][gc,metaspace   ] GC(374) Metaspace: 28978K(29312K)->28978K(29312K) NonClass: 24094K(24256K)->24094K(24256K) Class: 4883K(5056K)->4883K(5056K)
[2247.693s][info][gc             ] GC(374) Pause Young (Concurrent Start) (G1 Evacuation Pause) 3555M->1378M(4096M) 117.076ms
[2247.693s][info][gc             ] GC(375) Concurrent Mark Cycle
[2247.693s][info][gc,marking     ] GC(375) Concurrent Scan Root Regions
[2247.693s][info][gc,cpu         ] GC(374) User=0.69s Sys=0.00s Real=0.12s
[2247.830s][info][gc,marking     ] GC(375) Concurrent Scan Root Regions 137.583ms
[2247.830s][info][gc,marking     ] GC(375) Concurrent Mark
[2247.830s][info][gc,marking     ] GC(375) Concurrent Mark From Roots
[2247.830s][info][gc,task        ] GC(375) Using 2 workers of 2 for marking
.[2248.652s][info][gc,marking     ] GC(375) Concurrent Mark From Roots 821.253ms
[2248.652s][info][gc,marking     ] GC(375) Concurrent Preclean
[2248.652s][info][gc,marking     ] GC(375) Concurrent Preclean 0.096ms
[2248.653s][info][gc,start       ] GC(375) Pause Remark
[2248.658s][info][gc             ] GC(375) Pause Remark 1830M->1830M(4096M) 4.639ms
[2248.658s][info][gc,cpu         ] GC(375) User=0.03s Sys=0.00s Real=0.00s
[2248.658s][info][gc,marking     ] GC(375) Concurrent Mark 827.480ms
[2248.658s][info][gc,marking     ] GC(375) Concurrent Rebuild Remembered Sets and Scrub Regions
[2249.016s][info][gc,marking     ] GC(375) Concurrent Rebuild Remembered Sets and Scrub Regions 357.605ms
[2249.016s][info][gc,start       ] GC(375) Pause Cleanup
[2249.016s][info][gc             ] GC(375) Pause Cleanup 1968M->1968M(4096M) 0.135ms
[2249.016s][info][gc,cpu         ] GC(375) User=0.00s Sys=0.00s Real=0.00s
[2249.016s][info][gc,marking     ] GC(375) Concurrent Clear Claimed Marks
[2249.016s][info][gc,marking     ] GC(375) Concurrent Clear Claimed Marks 0.028ms
[2249.016s][info][gc,marking     ] GC(375) Concurrent Cleanup for Next Mark
[2249.019s][info][gc,marking     ] GC(375) Concurrent Cleanup for Next Mark 3.408ms
[2249.019s][info][gc             ] GC(375) Concurrent Mark Cycle 1326.570ms
....[2253.012s][info][gc,start       ] GC(376) Pause Young (Prepare Mixed) (G1 Evacuation Pause)
[2253.012s][info][gc,task        ] GC(376) Using 6 workers of 6 for evacuation
[2253.130s][info][gc,phases      ] GC(376)   Pre Evacuate Collection Set: 0.36ms
[2253.130s][info][gc,phases      ] GC(376)   Merge Heap Roots: 0.58ms
[2253.130s][info][gc,phases      ] GC(376)   Evacuate Collection Set: 115.88ms
[2253.130s][info][gc,phases      ] GC(376)   Post Evacuate Collection Set: 0.93ms
[2253.130s][info][gc,phases      ] GC(376)   Other: 0.09ms
[2253.130s][info][gc,heap        ] GC(376) Eden regions: 1121->0(1112)
[2253.130s][info][gc,heap        ] GC(376) Survivor regions: 107->109(154)
[2253.130s][info][gc,heap        ] GC(376) Old regions: 503->535
[2253.130s][info][gc,heap        ] GC(376) Humongous regions: 80->80
[2253.130s][info][gc,metaspace   ] GC(376) Metaspace: 28978K(29312K)->28978K(29312K) NonClass: 24094K(24256K)->24094K(24256K) Class: 4883K(5056K)->4883K(5056K)
[2253.130s][info][gc             ] GC(376) Pause Young (Prepare Mixed) (G1 Evacuation Pause) 3620M->1446M(4096M) 118.004ms
[2253.130s][info][gc,cpu         ] GC(376) User=0.70s Sys=0.00s Real=0.11s
......[2258.456s][info][gc,start       ] GC(377) Pause Young (Mixed) (G1 Evacuation Pause)
[2258.456s][info][gc,task        ] GC(377) Using 6 workers of 6 for evacuation
[2258.591s][info][gc,phases      ] GC(377)   Pre Evacuate Collection Set: 0.40ms
[2258.591s][info][gc,phases      ] GC(377)   Merge Heap Roots: 0.72ms
[2258.591s][info][gc,phases      ] GC(377)   Evacuate Collection Set: 132.06ms
[2258.591s][info][gc,phases      ] GC(377)   Post Evacuate Collection Set: 0.96ms
[2258.591s][info][gc,phases      ] GC(377)   Other: 0.09ms
[2258.591s][info][gc,heap        ] GC(377) Eden regions: 1112->0(1120)
[2258.591s][info][gc,heap        ] GC(377) Survivor regions: 109->108(153)
[2258.591s][info][gc,heap        ] GC(377) Old regions: 535->471
[2258.591s][info][gc,heap        ] GC(377) Humongous regions: 80->80
[2258.591s][info][gc,metaspace   ] GC(377) Metaspace: 28978K(29312K)->28978K(29312K) NonClass: 24094K(24256K)->24094K(24256K) Class: 4883K(5056K)->4883K(5056K)
[2258.591s][info][gc             ] GC(377) Pause Young (Mixed) (G1 Evacuation Pause) 3670M->1316M(4096M) 134.365ms
[2258.591s][info][gc,cpu         ] GC(377) User=0.80s Sys=0.00s Real=0.13s
.....[2264.034s][info][gc,start       ] GC(378) Pause Young (Concurrent Start) (G1 Evacuation Pause)
[2264.034s][info][gc,task        ] GC(378) Using 6 workers of 6 for evacuation
[2264.151s][info][gc,phases      ] GC(378)   Pre Evacuate Collection Set: 0.39ms
[2264.151s][info][gc,phases      ] GC(378)   Merge Heap Roots: 0.46ms
[2264.151s][info][gc,phases      ] GC(378)   Evacuate Collection Set: 114.71ms
[2264.151s][info][gc,phases      ] GC(378)   Post Evacuate Collection Set: 0.93ms
[2264.151s][info][gc,phases      ] GC(378)   Other: 0.12ms
[2264.151s][info][gc,heap        ] GC(378) Eden regions: 1120->0(1119)
[2264.151s][info][gc,heap        ] GC(378) Survivor regions: 108->109(154)
[2264.151s][info][gc,heap        ] GC(378) Old regions: 471->502
[2264.151s][info][gc,heap        ] GC(378) Humongous regions: 80->80
[2264.151s][info][gc,metaspace   ] GC(378) Metaspace: 28978K(29312K)->28978K(29312K) NonClass: 24094K(24256K)->24094K(24256K) Class: 4883K(5056K)->4883K(5056K)
[2264.151s][info][gc             ] GC(378) Pause Young (Concurrent Start) (G1 Evacuation Pause) 3556M->1381M(4096M) 116.772ms
[2264.151s][info][gc             ] GC(379) Concurrent Mark Cycle
[2264.151s][info][gc,marking     ] GC(379) Concurrent Scan Root Regions
[2264.151s][info][gc,cpu         ] GC(378) User=0.69s Sys=0.00s Real=0.11s
.[2264.325s][info][gc,marking     ] GC(379) Concurrent Scan Root Regions 173.375ms
[2264.325s][info][gc,marking     ] GC(379) Concurrent Mark
[2264.325s][info][gc,marking     ] GC(379) Concurrent Mark From Roots
[2264.325s][info][gc,task        ] GC(379) Using 2 workers of 2 for marking
.[2265.232s][info][gc,marking     ] GC(379) Concurrent Mark From Roots 907.714ms
[2265.232s][info][gc,marking     ] GC(379) Concurrent Preclean
[2265.232s][info][gc,marking     ] GC(379) Concurrent Preclean 0.056ms
[2265.233s][info][gc,start       ] GC(379) Pause Remark
[2265.236s][info][gc             ] GC(379) Pause Remark 1879M->1879M(4096M) 3.752ms
[2265.236s][info][gc,cpu         ] GC(379) User=0.02s Sys=0.00s Real=0.00s
[2265.236s][info][gc,marking     ] GC(379) Concurrent Mark 911.769ms
[2265.236s][info][gc,marking     ] GC(379) Concurrent Rebuild Remembered Sets and Scrub Regions
[2265.585s][info][gc,marking     ] GC(379) Concurrent Rebuild Remembered Sets and Scrub Regions 348.838ms
[2265.585s][info][gc,start       ] GC(379) Pause Cleanup
[2265.586s][info][gc             ] GC(379) Pause Cleanup 2049M->2049M(4096M) 0.117ms
[2265.586s][info][gc,cpu         ] GC(379) User=0.00s Sys=0.00s Real=0.00s
[2265.587s][info][gc,marking     ] GC(379) Concurrent Clear Claimed Marks
[2265.587s][info][gc,marking     ] GC(379) Concurrent Clear Claimed Marks 0.046ms
[2265.587s][info][gc,marking     ] GC(379) Concurrent Cleanup for Next Mark
[2265.592s][info][gc,marking     ] GC(379) Concurrent Cleanup for Next Mark 5.371ms
[2265.592s][info][gc             ] GC(379) Concurrent Mark Cycle 1441.122ms
.... (rIR:aIR:PR = 3459:3460:3460) (tPR = 51521) [OK] 
  2268s: Performance info:
         Transaction,    Success,    Partial,     Failed,   Receipts, AvgBarcode, 
             Overall,     208253,          0,          0,     197830,      59.47, 
         Response times:
             Request,    Success,    Partial,     Failed,   SkipFail,     Probes,    Samples,      min,      p50,      p90,      p95,      p99,      max, 
       TotalPurchase,     197826,          0,          0,          0,     194023,     210873,      300,     2900,     4800,     6300,    25000,   179000,
     InStorePurchase,     104116,          0,          0,          0,     102431,     110902,      300,     2900,     4800,     6400,    26000,   171000,
      OnlinePurchase,      72890,          0,          0,          0,      71281,      77604,      300,     2800,     4800,     6200,    25000,   157000,
        InstPurchase,      20820,          0,          0,          0,      20311,      22367,      400,     3000,     4900,     6400,    26000,   179000,
          AssocOfCat,        207,          0,          0,          0,        166,        250,    19500,    29000,    36900,    42000,    51980,   162000,
      AssocOfProduct,       2087,          0,          0,          0,       1922,       2258,      700,     2100,     3300,     4000,    13523,   145000,
      BusinessReport,        523,          0,          0,          0,        423,        523,    22000,    32000,    45600,    53600,    98360,   193000,
          CustBuyBeh,       2090,          0,          0,          0,       1902,       2240,      200,     2900,     4600,     5800,    22590,   150000,
       ProductReturn,       5518,          0,          0,          0,       5218,       5907,      200,     2700,     4500,     5900,    25000,   153000,

  2268s: (26%)   IR =   3598 [2269.448s][info][gc,start       ] GC(380) Pause Young (Prepare Mixed) (G1 Evacuation Pause)
[2269.448s][info][gc,task        ] GC(380) Using 6 workers of 6 for evacuation
[2269.567s][info][gc,phases      ] GC(380)   Pre Evacuate Collection Set: 0.34ms
[2269.567s][info][gc,phases      ] GC(380)   Merge Heap Roots: 0.50ms
[2269.567s][info][gc,phases      ] GC(380)   Evacuate Collection Set: 116.38ms
[2269.567s][info][gc,phases      ] GC(380)   Post Evacuate Collection Set: 0.97ms
[2269.567s][info][gc,phases      ] GC(380)   Other: 0.09ms
[2269.567s][info][gc,heap        ] GC(380) Eden regions: 1119->0(1115)
[2269.567s][info][gc,heap        ] GC(380) Survivor regions: 109->108(154)
[2269.567s][info][gc,heap        ] GC(380) Old regions: 502->534
[2269.567s][info][gc,heap        ] GC(380) Humongous regions: 80->80
[2269.567s][info][gc,metaspace   ] GC(380) Metaspace: 28978K(29312K)->28978K(29312K) NonClass: 24094K(24256K)->24094K(24256K) Class: 4883K(5056K)->4883K(5056K)
[2269.567s][info][gc             ] GC(380) Pause Young (Prepare Mixed) (G1 Evacuation Pause) 3619M->1443M(4096M) 118.420ms
[2269.567s][info][gc,cpu         ] GC(380) User=0.70s Sys=0.00s Real=0.12s
.....[2274.680s][info][gc,start       ] GC(381) Pause Young (Mixed) (G1 Evacuation Pause)
[2274.680s][info][gc,task        ] GC(381) Using 6 workers of 6 for evacuation
[2274.810s][info][gc,phases      ] GC(381)   Pre Evacuate Collection Set: 0.42ms
[2274.810s][info][gc,phases      ] GC(381)   Merge Heap Roots: 0.66ms
[2274.810s][info][gc,phases      ] GC(381)   Evacuate Collection Set: 127.06ms
[2274.810s][info][gc,phases      ] GC(381)   Post Evacuate Collection Set: 0.99ms
[2274.810s][info][gc,phases      ] GC(381)   Other: 0.09ms
[2274.810s][info][gc,heap        ] GC(381) Eden regions: 1115->0(1120)
[2274.810s][info][gc,heap        ] GC(381) Survivor regions: 108->108(153)
[2274.810s][info][gc,heap        ] GC(381) Old regions: 534->471
[2274.810s][info][gc,heap        ] GC(381) Humongous regions: 80->80
[2274.810s][info][gc,metaspace   ] GC(381) Metaspace: 28978K(29312K)->28978K(29312K) NonClass: 24094K(24256K)->24094K(24256K) Class: 4883K(5056K)->4883K(5056K)
[2274.810s][info][gc             ] GC(381) Pause Young (Mixed) (G1 Evacuation Pause) 3673M->1316M(4096M) 129.361ms
[2274.810s][info][gc,cpu         ] GC(381) User=0.77s Sys=0.01s Real=0.13s
..|...[2279.893s][info][gc,start       ] GC(382) Pause Young (Concurrent Start) (G1 Evacuation Pause)
[2279.893s][info][gc,task        ] GC(382) Using 6 workers of 6 for evacuation
[2280.008s][info][gc,phases      ] GC(382)   Pre Evacuate Collection Set: 0.39ms
[2280.008s][info][gc,phases      ] GC(382)   Merge Heap Roots: 0.48ms
[2280.008s][info][gc,phases      ] GC(382)   Evacuate Collection Set: 113.02ms
[2280.008s][info][gc,phases      ] GC(382)   Post Evacuate Collection Set: 0.89ms
[2280.008s][info][gc,phases      ] GC(382)   Other: 0.11ms
[2280.008s][info][gc,heap        ] GC(382) Eden regions: 1120->0(1120)
[2280.008s][info][gc,heap        ] GC(382) Survivor regions: 108->108(154)
[2280.008s][info][gc,heap        ] GC(382) Old regions: 471->502
[2280.008s][info][gc,heap        ] GC(382) Humongous regions: 80->80
[2280.008s][info][gc,metaspace   ] GC(382) Metaspace: 28978K(29312K)->28978K(29312K) NonClass: 24094K(24256K)->24094K(24256K) Class: 4883K(5056K)->4883K(5056K)
[2280.008s][info][gc             ] GC(382) Pause Young (Concurrent Start) (G1 Evacuation Pause) 3556M->1379M(4096M) 115.024ms
[2280.008s][info][gc             ] GC(383) Concurrent Mark Cycle
[2280.008s][info][gc,marking     ] GC(383) Concurrent Scan Root Regions
[2280.008s][info][gc,cpu         ] GC(382) User=0.68s Sys=0.00s Real=0.11s
[2280.180s][info][gc,marking     ] GC(383) Concurrent Scan Root Regions 171.884ms
[2280.180s][info][gc,marking     ] GC(383) Concurrent Mark
[2280.180s][info][gc,marking     ] GC(383) Concurrent Mark From Roots
[2280.180s][info][gc,task        ] GC(383) Using 2 workers of 2 for marking
.[2281.142s][info][gc,marking     ] GC(383) Concurrent Mark From Roots 962.216ms
[2281.143s][info][gc,marking     ] GC(383) Concurrent Preclean
[2281.143s][info][gc,marking     ] GC(383) Concurrent Preclean 0.091ms
[2281.143s][info][gc,start       ] GC(383) Pause Remark
[2281.147s][info][gc             ] GC(383) Pause Remark 1877M->1877M(4096M) 3.752ms
[2281.147s][info][gc,cpu         ] GC(383) User=0.02s Sys=0.00s Real=0.00s
[2281.147s][info][gc,marking     ] GC(383) Concurrent Mark 966.737ms
[2281.147s][info][gc,marking     ] GC(383) Concurrent Rebuild Remembered Sets and Scrub Regions
.[2281.501s][info][gc,marking     ] GC(383) Concurrent Rebuild Remembered Sets and Scrub Regions 354.122ms
[2281.501s][info][gc,start       ] GC(383) Pause Cleanup
[2281.501s][info][gc             ] GC(383) Pause Cleanup 2035M->2035M(4096M) 0.107ms
[2281.501s][info][gc,cpu         ] GC(383) User=0.00s Sys=0.00s Real=0.00s
[2281.501s][info][gc,marking     ] GC(383) Concurrent Clear Claimed Marks
[2281.501s][info][gc,marking     ] GC(383) Concurrent Clear Claimed Marks 0.033ms
[2281.501s][info][gc,marking     ] GC(383) Concurrent Cleanup for Next Mark
[2281.506s][info][gc,marking     ] GC(383) Concurrent Cleanup for Next Mark 4.341ms
[2281.506s][info][gc             ] GC(383) Concurrent Mark Cycle 1497.596ms
....[2285.222s][info][gc,start       ] GC(384) Pause Young (Prepare Mixed) (G1 Evacuation Pause)
[2285.222s][info][gc,task        ] GC(384) Using 6 workers of 6 for evacuation
[2285.341s][info][gc,phases      ] GC(384)   Pre Evacuate Collection Set: 0.36ms
[2285.341s][info][gc,phases      ] GC(384)   Merge Heap Roots: 0.53ms
[2285.341s][info][gc,phases      ] GC(384)   Evacuate Collection Set: 117.32ms
[2285.341s][info][gc,phases      ] GC(384)   Post Evacuate Collection Set: 0.95ms
[2285.341s][info][gc,phases      ] GC(384)   Other: 0.08ms
[2285.341s][info][gc,heap        ] GC(384) Eden regions: 1120->0(1112)
[2285.341s][info][gc,heap        ] GC(384) Survivor regions: 108->110(154)
[2285.341s][info][gc,heap        ] GC(384) Old regions: 502->533
[2285.341s][info][gc,heap        ] GC(384) Humongous regions: 80->80
[2285.341s][info][gc,metaspace   ] GC(384) Metaspace: 28978K(29312K)->28978K(29312K) NonClass: 24094K(24256K)->24094K(24256K) Class: 4883K(5056K)->4883K(5056K)
[2285.341s][info][gc             ] GC(384) Pause Young (Prepare Mixed) (G1 Evacuation Pause) 3619M->1445M(4096M) 119.368ms
[2285.341s][info][gc,cpu         ] GC(384) User=0.70s Sys=0.00s Real=0.12s
.....[2290.467s][info][gc,start       ] GC(385) Pause Young (Mixed) (G1 Evacuation Pause)
[2290.467s][info][gc,task        ] GC(385) Using 6 workers of 6 for evacuation
[2290.601s][info][gc,phases      ] GC(385)   Pre Evacuate Collection Set: 0.38ms
[2290.601s][info][gc,phases      ] GC(385)   Merge Heap Roots: 0.74ms
[2290.601s][info][gc,phases      ] GC(385)   Evacuate Collection Set: 131.59ms
[2290.601s][info][gc,phases      ] GC(385)   Post Evacuate Collection Set: 0.98ms
[2290.601s][info][gc,phases      ] GC(385)   Other: 0.09ms
[2290.601s][info][gc,heap        ] GC(385) Eden regions: 1112->0(1120)
[2290.601s][info][gc,heap        ] GC(385) Survivor regions: 110->108(153)
[2290.601s][info][gc,heap        ] GC(385) Old regions: 533->470
[2290.601s][info][gc,heap        ] GC(385) Humongous regions: 80->80
[2290.601s][info][gc,metaspace   ] GC(385) Metaspace: 28978K(29312K)->28978K(29312K) NonClass: 24094K(24256K)->24094K(24256K) Class: 4883K(5056K)->4883K(5056K)
[2290.601s][info][gc             ] GC(385) Pause Young (Mixed) (G1 Evacuation Pause) 3669M->1315M(4096M) 133.919ms
[2290.601s][info][gc,cpu         ] GC(385) User=0.79s Sys=0.00s Real=0.13s
.....[2295.747s][info][gc,start       ] GC(386) Pause Young (Concurrent Start) (G1 Evacuation Pause)
[2295.747s][info][gc,task        ] GC(386) Using 6 workers of 6 for evacuation
[2295.864s][info][gc,phases      ] GC(386)   Pre Evacuate Collection Set: 0.39ms
[2295.864s][info][gc,phases      ] GC(386)   Merge Heap Roots: 0.46ms
[2295.864s][info][gc,phases      ] GC(386)   Evacuate Collection Set: 115.18ms
[2295.864s][info][gc,phases      ] GC(386)   Post Evacuate Collection Set: 0.92ms
[2295.864s][info][gc,phases      ] GC(386)   Other: 0.09ms
[2295.864s][info][gc,heap        ] GC(386) Eden regions: 1120->0(1118)
[2295.864s][info][gc,heap        ] GC(386) Survivor regions: 108->110(154)
[2295.864s][info][gc,heap        ] GC(386) Old regions: 470->502
[2295.864s][info][gc,heap        ] GC(386) Humongous regions: 80->80
[2295.864s][info][gc,metaspace   ] GC(386) Metaspace: 28978K(29312K)->28978K(29312K) NonClass: 24094K(24256K)->24094K(24256K) Class: 4883K(5056K)->4883K(5056K)
[2295.864s][info][gc             ] GC(386) Pause Young (Concurrent Start) (G1 Evacuation Pause) 3555M->1382M(4096M) 117.198ms
[2295.864s][info][gc             ] GC(387) Concurrent Mark Cycle
[2295.864s][info][gc,marking     ] GC(387) Concurrent Scan Root Regions
[2295.864s][info][gc,cpu         ] GC(386) User=0.69s Sys=0.00s Real=0.12s
[2296.040s][info][gc,marking     ] GC(387) Concurrent Scan Root Regions 175.421ms
[2296.040s][info][gc,marking     ] GC(387) Concurrent Mark
[2296.040s][info][gc,marking     ] GC(387) Concurrent Mark From Roots
[2296.040s][info][gc,task        ] GC(387) Using 2 workers of 2 for marking
.[2296.984s][info][gc,marking     ] GC(387) Concurrent Mark From Roots 944.420ms
[2296.984s][info][gc,marking     ] GC(387) Concurrent Preclean
[2296.984s][info][gc,marking     ] GC(387) Concurrent Preclean 0.067ms
[2296.984s][info][gc,start       ] GC(387) Pause Remark
[2296.988s][info][gc             ] GC(387) Pause Remark 1907M->1907M(4096M) 3.826ms
[2296.988s][info][gc,cpu         ] GC(387) User=0.02s Sys=0.00s Real=0.00s
[2296.988s][info][gc,marking     ] GC(387) Concurrent Mark 948.585ms
[2296.988s][info][gc,marking     ] GC(387) Concurrent Rebuild Remembered Sets and Scrub Regions
.[2297.336s][info][gc,marking     ] GC(387) Concurrent Rebuild Remembered Sets and Scrub Regions 347.901ms
[2297.337s][info][gc,start       ] GC(387) Pause Cleanup
[2297.337s][info][gc             ] GC(387) Pause Cleanup 2076M->2076M(4096M) 0.139ms
[2297.337s][info][gc,cpu         ] GC(387) User=0.00s Sys=0.00s Real=0.00s
[2297.338s][info][gc,marking     ] GC(387) Concurrent Clear Claimed Marks
[2297.338s][info][gc,marking     ] GC(387) Concurrent Clear Claimed Marks 0.038ms
[2297.338s][info][gc,marking     ] GC(387) Concurrent Cleanup for Next Mark
[2297.342s][info][gc,marking     ] GC(387) Concurrent Cleanup for Next Mark 3.994ms
[2297.342s][info][gc             ] GC(387) Concurrent Mark Cycle 1477.884ms
...[2300.973s][info][gc,start       ] GC(388) Pause Young (Prepare Mixed) (G1 Evacuation Pause)
[2300.973s][info][gc,task        ] GC(388) Using 6 workers of 6 for evacuation
[2301.090s][info][gc,phases      ] GC(388)   Pre Evacuate Collection Set: 0.36ms
[2301.090s][info][gc,phases      ] GC(388)   Merge Heap Roots: 0.53ms
[2301.090s][info][gc,phases      ] GC(388)   Evacuate Collection Set: 115.02ms
[2301.090s][info][gc,phases      ] GC(388)   Post Evacuate Collection Set: 0.96ms
[2301.090s][info][gc,phases      ] GC(388)   Other: 0.09ms
[2301.090s][info][gc,heap        ] GC(388) Eden regions: 1118->0(1113)
[2301.090s][info][gc,heap        ] GC(388) Survivor regions: 110->109(154)
[2301.090s][info][gc,heap        ] GC(388) Old regions: 502->534
[2301.090s][info][gc,heap        ] GC(388) Humongous regions: 80->80
[2301.090s][info][gc,metaspace   ] GC(388) Metaspace: 28978K(29312K)->28978K(29312K) NonClass: 24094K(24256K)->24094K(24256K) Class: 4883K(5056K)->4883K(5056K)
[2301.090s][info][gc             ] GC(388) Pause Young (Prepare Mixed) (G1 Evacuation Pause) 3618M->1444M(4096M) 117.108ms
[2301.090s][info][gc,cpu         ] GC(388) User=0.69s Sys=0.00s Real=0.11s
.....[2306.216s][info][gc,start       ] GC(389) Pause Young (Mixed) (G1 Evacuation Pause)
[2306.216s][info][gc,task        ] GC(389) Using 6 workers of 6 for evacuation
[2306.352s][info][gc,phases      ] GC(389)   Pre Evacuate Collection Set: 0.38ms
[2306.352s][info][gc,phases      ] GC(389)   Merge Heap Roots: 0.62ms
[2306.352s][info][gc,phases      ] GC(389)   Evacuate Collection Set: 133.65ms
[2306.352s][info][gc,phases      ] GC(389)   Post Evacuate Collection Set: 0.97ms
[2306.352s][info][gc,phases      ] GC(389)   Other: 0.10ms
[2306.352s][info][gc,heap        ] GC(389) Eden regions: 1113->0(1115)
[2306.352s][info][gc,heap        ] GC(389) Survivor regions: 109->113(153)
[2306.352s][info][gc,heap        ] GC(389) Old regions: 534->471
[2306.352s][info][gc,heap        ] GC(389) Humongous regions: 80->80
[2306.352s][info][gc,metaspace   ] GC(389) Metaspace: 28978K(29312K)->28978K(29312K) NonClass: 24094K(24256K)->24094K(24256K) Class: 4883K(5056K)->4883K(5056K)
[2306.352s][info][gc             ] GC(389) Pause Young (Mixed) (G1 Evacuation Pause) 3670M->1326M(4096M) 135.852ms
[2306.352s][info][gc,cpu         ] GC(389) User=0.81s Sys=0.00s Real=0.13s
......[2311.517s][info][gc,start       ] GC(390) Pause Young (Concurrent Start) (G1 Evacuation Pause)
[2311.517s][info][gc,task        ] GC(390) Using 6 workers of 6 for evacuation
[2311.631s][info][gc,phases      ] GC(390)   Pre Evacuate Collection Set: 0.41ms
[2311.631s][info][gc,phases      ] GC(390)   Merge Heap Roots: 0.46ms
[2311.631s][info][gc,phases      ] GC(390)   Evacuate Collection Set: 112.72ms
[2311.631s][info][gc,phases      ] GC(390)   Post Evacuate Collection Set: 0.92ms
[2311.631s][info][gc,phases      ] GC(390)   Other: 0.10ms
[2311.631s][info][gc,heap        ] GC(390) Eden regions: 1115->0(1120)
[2311.631s][info][gc,heap        ] GC(390) Survivor regions: 113->108(154)
[2311.631s][info][gc,heap        ] GC(390) Old regions: 471->503
[2311.631s][info][gc,heap        ] GC(390) Humongous regions: 80->80
[2311.631s][info][gc,metaspace   ] GC(390) Metaspace: 28978K(29312K)->28978K(29312K) NonClass: 24094K(24256K)->24094K(24256K) Class: 4883K(5056K)->4883K(5056K)
[2311.631s][info][gc             ] GC(390) Pause Young (Concurrent Start) (G1 Evacuation Pause) 3556M->1379M(4096M) 114.744ms
[2311.631s][info][gc             ] GC(391) Concurrent Mark Cycle
[2311.631s][info][gc,marking     ] GC(391) Concurrent Scan Root Regions
[2311.631s][info][gc,cpu         ] GC(390) User=0.68s Sys=0.00s Real=0.11s
[2311.807s][info][gc,marking     ] GC(391) Concurrent Scan Root Regions 175.935ms
[2311.807s][info][gc,marking     ] GC(391) Concurrent Mark
[2311.807s][info][gc,marking     ] GC(391) Concurrent Mark From Roots
[2311.807s][info][gc,task        ] GC(391) Using 2 workers of 2 for marking
.[2312.716s][info][gc,marking     ] GC(391) Concurrent Mark From Roots 908.507ms
[2312.716s][info][gc,marking     ] GC(391) Concurrent Preclean
[2312.716s][info][gc,marking     ] GC(391) Concurrent Preclean 0.081ms
[2312.716s][info][gc,start       ] GC(391) Pause Remark
[2312.720s][info][gc             ] GC(391) Pause Remark 1902M->1902M(4096M) 3.453ms
[2312.720s][info][gc,cpu         ] GC(391) User=0.02s Sys=0.00s Real=0.00s
[2312.720s][info][gc,marking     ] GC(391) Concurrent Mark 912.407ms
[2312.720s][info][gc,marking     ] GC(391) Concurrent Rebuild Remembered Sets and Scrub Regions
[2313.122s][info][gc,marking     ] GC(391) Concurrent Rebuild Remembered Sets and Scrub Regions 402.115ms
[2313.122s][info][gc,start       ] GC(391) Pause Cleanup
[2313.122s][info][gc             ] GC(391) Pause Cleanup 2086M->2086M(4096M) 0.127ms
[2313.122s][info][gc,cpu         ] GC(391) User=0.00s Sys=0.00s Real=0.00s
[2313.123s][info][gc,marking     ] GC(391) Concurrent Clear Claimed Marks
[2313.123s][info][gc,marking     ] GC(391) Concurrent Clear Claimed Marks 0.037ms
[2313.123s][info][gc,marking     ] GC(391) Concurrent Cleanup for Next Mark
[2313.126s][info][gc,marking     ] GC(391) Concurrent Cleanup for Next Mark 3.423ms
[2313.126s][info][gc             ] GC(391) Concurrent Mark Cycle 1494.971ms
....[2316.695s][info][gc,start       ] GC(392) Pause Young (Prepare Mixed) (G1 Evacuation Pause)
[2316.695s][info][gc,task        ] GC(392) Using 6 workers of 6 for evacuation
[2316.809s][info][gc,phases      ] GC(392)   Pre Evacuate Collection Set: 0.36ms
[2316.809s][info][gc,phases      ] GC(392)   Merge Heap Roots: 0.52ms
[2316.809s][info][gc,phases      ] GC(392)   Evacuate Collection Set: 112.83ms
[2316.809s][info][gc,phases      ] GC(392)   Post Evacuate Collection Set: 0.95ms
[2316.809s][info][gc,phases      ] GC(392)   Other: 0.08ms
[2316.809s][info][gc,heap        ] GC(392) Eden regions: 1120->0(1115)
[2316.809s][info][gc,heap        ] GC(392) Survivor regions: 108->108(154)
[2316.809s][info][gc,heap        ] GC(392) Old regions: 503->534
[2316.809s][info][gc,heap        ] GC(392) Humongous regions: 80->80
[2316.809s][info][gc,metaspace   ] GC(392) Metaspace: 28978K(29312K)->28978K(29312K) NonClass: 24094K(24256K)->24094K(24256K) Class: 4883K(5056K)->4883K(5056K)
[2316.809s][info][gc             ] GC(392) Pause Young (Prepare Mixed) (G1 Evacuation Pause) 3619M->1443M(4096M) 114.878ms
[2316.809s][info][gc,cpu         ] GC(392) User=0.68s Sys=0.00s Real=0.11s
.....[2321.972s][info][gc,start       ] GC(393) Pause Young (Mixed) (G1 Evacuation Pause)
[2321.972s][info][gc,task        ] GC(393) Using 6 workers of 6 for evacuation
[2322.109s][info][gc,phases      ] GC(393)   Pre Evacuate Collection Set: 0.39ms
[2322.109s][info][gc,phases      ] GC(393)   Merge Heap Roots: 0.85ms
[2322.109s][info][gc,phases      ] GC(393)   Evacuate Collection Set: 134.48ms
[2322.109s][info][gc,phases      ] GC(393)   Post Evacuate Collection Set: 0.97ms
[2322.109s][info][gc,phases      ] GC(393)   Other: 0.09ms
[2322.109s][info][gc,heap        ] GC(393) Eden regions: 1115->0(1120)
[2322.109s][info][gc,heap        ] GC(393) Survivor regions: 108->108(153)
[2322.109s][info][gc,heap        ] GC(393) Old regions: 534->472
[2322.109s][info][gc,heap        ] GC(393) Humongous regions: 80->80
[2322.109s][info][gc,metaspace   ] GC(393) Metaspace: 28978K(29312K)->28978K(29312K) NonClass: 24094K(24256K)->24094K(24256K) Class: 4883K(5056K)->4883K(5056K)
[2322.109s][info][gc             ] GC(393) Pause Young (Mixed) (G1 Evacuation Pause) 3673M->1317M(4096M) 136.909ms
[2322.109s][info][gc,cpu         ] GC(393) User=0.82s Sys=0.00s Real=0.13s
.....[2327.275s][info][gc,start       ] GC(394) Pause Young (Concurrent Start) (G1 Evacuation Pause)
[2327.275s][info][gc,task        ] GC(394) Using 6 workers of 6 for evacuation
[2327.393s][info][gc,phases      ] GC(394)   Pre Evacuate Collection Set: 0.41ms
[2327.393s][info][gc,phases      ] GC(394)   Merge Heap Roots: 0.48ms
[2327.393s][info][gc,phases      ] GC(394)   Evacuate Collection Set: 116.92ms
[2327.393s][info][gc,phases      ] GC(394)   Post Evacuate Collection Set: 0.93ms
[2327.393s][info][gc,phases      ] GC(394)   Other: 0.10ms
[2327.393s][info][gc,heap        ] GC(394) Eden regions: 1120->0(1118)
[2327.393s][info][gc,heap        ] GC(394) Survivor regions: 108->110(154)
[2327.393s][info][gc,heap        ] GC(394) Old regions: 472->503
[2327.394s][info][gc,heap        ] GC(394) Humongous regions: 80->80
[2327.394s][info][gc,metaspace   ] GC(394) Metaspace: 28978K(29312K)->28978K(29312K) NonClass: 24094K(24256K)->24094K(24256K) Class: 4883K(5056K)->4883K(5056K)
[2327.394s][info][gc             ] GC(394) Pause Young (Concurrent Start) (G1 Evacuation Pause) 3557M->1384M(4096M) 118.985ms
[2327.394s][info][gc             ] GC(395) Concurrent Mark Cycle
[2327.394s][info][gc,marking     ] GC(395) Concurrent Scan Root Regions
[2327.394s][info][gc,cpu         ] GC(394) User=0.70s Sys=0.00s Real=0.12s
.[2327.545s][info][gc,marking     ] GC(395) Concurrent Scan Root Regions 151.308ms
[2327.545s][info][gc,marking     ] GC(395) Concurrent Mark
[2327.545s][info][gc,marking     ] GC(395) Concurrent Mark From Roots
[2327.545s][info][gc,task        ] GC(395) Using 2 workers of 2 for marking
[2328.472s][info][gc,marking     ] GC(395) Concurrent Mark From Roots 926.716ms
[2328.472s][info][gc,marking     ] GC(395) Concurrent Preclean
[2328.472s][info][gc,marking     ] GC(395) Concurrent Preclean 0.084ms
[2328.472s][info][gc,start       ] GC(395) Pause Remark
[2328.476s][info][gc             ] GC(395) Pause Remark 1886M->1886M(4096M) 3.776ms
[2328.476s][info][gc,cpu         ] GC(395) User=0.02s Sys=0.00s Real=0.00s
[2328.477s][info][gc,marking     ] GC(395) Concurrent Mark 931.572ms
[2328.477s][info][gc,marking     ] GC(395) Concurrent Rebuild Remembered Sets and Scrub Regions
.[2328.828s][info][gc,marking     ] GC(395) Concurrent Rebuild Remembered Sets and Scrub Regions 351.036ms
[2328.828s][info][gc,start       ] GC(395) Pause Cleanup
[2328.828s][info][gc             ] GC(395) Pause Cleanup 2028M->2028M(4096M) 0.119ms
[2328.828s][info][gc,cpu         ] GC(395) User=0.00s Sys=0.00s Real=0.00s
[2328.828s][info][gc,marking     ] GC(395) Concurrent Clear Claimed Marks
[2328.828s][info][gc,marking     ] GC(395) Concurrent Clear Claimed Marks 0.031ms
[2328.828s][info][gc,marking     ] GC(395) Concurrent Cleanup for Next Mark
[2328.831s][info][gc,marking     ] GC(395) Concurrent Cleanup for Next Mark 3.418ms
[2328.831s][info][gc             ] GC(395) Concurrent Mark Cycle 1437.862ms
....[2332.549s][info][gc,start       ] GC(396) Pause Young (Prepare Mixed) (G1 Evacuation Pause)
[2332.549s][info][gc,task        ] GC(396) Using 6 workers of 6 for evacuation
[2332.665s][info][gc,phases      ] GC(396)   Pre Evacuate Collection Set: 0.36ms
[2332.665s][info][gc,phases      ] GC(396)   Merge Heap Roots: 0.59ms
[2332.665s][info][gc,phases      ] GC(396)   Evacuate Collection Set: 114.43ms
[2332.665s][info][gc,phases      ] GC(396)   Post Evacuate Collection Set: 0.94ms
[2332.665s][info][gc,phases      ] GC(396)   Other: 0.09ms
[2332.665s][info][gc,heap        ] GC(396) Eden regions: 1118->0(1114)
[2332.665s][info][gc,heap        ] GC(396) Survivor regions: 110->108(154)
[2332.665s][info][gc,heap        ] GC(396) Old regions: 503->535
[2332.665s][info][gc,heap        ] GC(396) Humongous regions: 80->80
[2332.665s][info][gc,metaspace   ] GC(396) Metaspace: 28978K(29312K)->28978K(29312K) NonClass: 24094K(24256K)->24094K(24256K) Class: 4883K(5056K)->4883K(5056K)
[2332.665s][info][gc             ] GC(396) Pause Young (Prepare Mixed) (G1 Evacuation Pause) 3620M->1443M(4096M) 116.555ms
[2332.665s][info][gc,cpu         ] GC(396) User=0.69s Sys=0.00s Real=0.12s
.... (rIR:aIR:PR = 3598:3598:3598) (tPR = 53680) [OK] 
  2336s: Performance info:
         Transaction,    Success,    Partial,     Failed,   Receipts, AvgBarcode, 
             Overall,     216962,          0,          0,     206103,      59.47, 
         Response times:
             Request,    Success,    Partial,     Failed,   SkipFail,     Probes,    Samples,      min,      p50,      p90,      p95,      p99,      max, 
       TotalPurchase,     206100,          0,          0,          0,     202393,     226890,      300,     3100,     5300,     7000,    34000,   208000,
     InStorePurchase,     108494,          0,          0,          0,     106780,     119277,      300,     3000,     5200,     6900,    33000,   208000,
      OnlinePurchase,      75907,          0,          0,          0,      74509,      83577,      300,     3100,     5300,     7200,    35000,   193000,
        InstPurchase,      21699,          0,          0,          0,      21104,      24036,      300,     3300,     5500,     7200,    36000,   193000,
          AssocOfCat,        216,          0,          0,          0,        155,        224,    18400,    28500,    39500,    49500,   135750,   180000,
      AssocOfProduct,       2179,          0,          0,          0,       1976,       2357,     1000,     3500,     5300,     7010,    28000,   192000,
      BusinessReport,        543,          0,          0,          0,        462,        598,    21000,    32000,    44000,    52000,    98080,   198000,
          CustBuyBeh,       2170,          0,          0,          0,       2013,       2395,      300,     2200,     4900,     6720,    32120,   140000,
       ProductReturn,       5752,          0,          0,          0,       5387,       6242,      200,     1100,     4200,     5300,    23000,   141000,

  2336s: (27%)   IR =   3736 .[2337.727s][info][gc,start       ] GC(397) Pause Young (Mixed) (G1 Evacuation Pause)
[2337.727s][info][gc,task        ] GC(397) Using 6 workers of 6 for evacuation
[2337.856s][info][gc,phases      ] GC(397)   Pre Evacuate Collection Set: 0.38ms
[2337.856s][info][gc,phases      ] GC(397)   Merge Heap Roots: 0.61ms
[2337.856s][info][gc,phases      ] GC(397)   Evacuate Collection Set: 126.62ms
[2337.856s][info][gc,phases      ] GC(397)   Post Evacuate Collection Set: 0.95ms
[2337.856s][info][gc,phases      ] GC(397)   Other: 0.09ms
[2337.856s][info][gc,heap        ] GC(397) Eden regions: 1114->0(1119)
[2337.856s][info][gc,heap        ] GC(397) Survivor regions: 108->109(153)
[2337.856s][info][gc,heap        ] GC(397) Old regions: 535->472
[2337.856s][info][gc,heap        ] GC(397) Humongous regions: 80->80
[2337.856s][info][gc,metaspace   ] GC(397) Metaspace: 28979K(29312K)->28979K(29312K) NonClass: 24095K(24256K)->24095K(24256K) Class: 4883K(5056K)->4883K(5056K)
[2337.856s][info][gc             ] GC(397) Pause Young (Mixed) (G1 Evacuation Pause) 3671M->1319M(4096M) 128.791ms
[2337.856s][info][gc,cpu         ] GC(397) User=0.76s Sys=0.00s Real=0.13s
.....[2342.831s][info][gc,start       ] GC(398) Pause Young (Concurrent Start) (G1 Evacuation Pause)
[2342.831s][info][gc,task        ] GC(398) Using 6 workers of 6 for evacuation
[2342.948s][info][gc,phases      ] GC(398)   Pre Evacuate Collection Set: 0.41ms
[2342.948s][info][gc,phases      ] GC(398)   Merge Heap Roots: 0.61ms
[2342.948s][info][gc,phases      ] GC(398)   Evacuate Collection Set: 114.75ms
[2342.948s][info][gc,phases      ] GC(398)   Post Evacuate Collection Set: 0.94ms
[2342.948s][info][gc,phases      ] GC(398)   Other: 0.10ms
[2342.948s][info][gc,heap        ] GC(398) Eden regions: 1119->0(1118)
[2342.948s][info][gc,heap        ] GC(398) Survivor regions: 109->110(154)
[2342.948s][info][gc,heap        ] GC(398) Old regions: 472->503
[2342.948s][info][gc,heap        ] GC(398) Humongous regions: 80->80
[2342.948s][info][gc,metaspace   ] GC(398) Metaspace: 28979K(29312K)->28979K(29312K) NonClass: 24095K(24256K)->24095K(24256K) Class: 4883K(5056K)->4883K(5056K)
[2342.948s][info][gc             ] GC(398) Pause Young (Concurrent Start) (G1 Evacuation Pause) 3557M->1384M(4096M) 116.947ms
[2342.948s][info][gc             ] GC(399) Concurrent Mark Cycle
[2342.948s][info][gc,marking     ] GC(399) Concurrent Scan Root Regions
[2342.948s][info][gc,cpu         ] GC(398) User=0.69s Sys=0.00s Real=0.12s
[2343.122s][info][gc,marking     ] GC(399) Concurrent Scan Root Regions 174.000ms
[2343.122s][info][gc,marking     ] GC(399) Concurrent Mark
[2343.122s][info][gc,marking     ] GC(399) Concurrent Mark From Roots
[2343.122s][info][gc,task        ] GC(399) Using 2 workers of 2 for marking
.[2344.074s][info][gc,marking     ] GC(399) Concurrent Mark From Roots 951.830ms
[2344.074s][info][gc,marking     ] GC(399) Concurrent Preclean
[2344.074s][info][gc,marking     ] GC(399) Concurrent Preclean 0.075ms
[2344.074s][info][gc,start       ] GC(399) Pause Remark
[2344.078s][info][gc             ] GC(399) Pause Remark 1937M->1937M(4096M) 3.648ms
[2344.078s][info][gc,cpu         ] GC(399) User=0.02s Sys=0.00s Real=0.00s
[2344.078s][info][gc,marking     ] GC(399) Concurrent Mark 955.850ms
[2344.078s][info][gc,marking     ] GC(399) Concurrent Rebuild Remembered Sets and Scrub Regions
[2344.328s][info][gc,marking     ] GC(399) Concurrent Rebuild Remembered Sets and Scrub Regions 250.284ms
[2344.328s][info][gc,start       ] GC(399) Pause Cleanup
[2344.328s][info][gc             ] GC(399) Pause Cleanup 2060M->2060M(4096M) 0.118ms
[2344.328s][info][gc,cpu         ] GC(399) User=0.00s Sys=0.00s Real=0.00s
[2344.328s][info][gc,marking     ] GC(399) Concurrent Clear Claimed Marks
[2344.328s][info][gc,marking     ] GC(399) Concurrent Clear Claimed Marks 0.036ms
[2344.328s][info][gc,marking     ] GC(399) Concurrent Cleanup for Next Mark
[2344.332s][info][gc,marking     ] GC(399) Concurrent Cleanup for Next Mark 3.789ms
[2344.332s][info][gc             ] GC(399) Concurrent Mark Cycle 1384.453ms
.|...[2347.875s][info][gc,start       ] GC(400) Pause Young (Prepare Mixed) (G1 Evacuation Pause)
[2347.875s][info][gc,task        ] GC(400) Using 6 workers of 6 for evacuation
[2347.991s][info][gc,phases      ] GC(400)   Pre Evacuate Collection Set: 0.35ms
[2347.991s][info][gc,phases      ] GC(400)   Merge Heap Roots: 0.51ms
[2347.991s][info][gc,phases      ] GC(400)   Evacuate Collection Set: 114.09ms
[2347.991s][info][gc,phases      ] GC(400)   Post Evacuate Collection Set: 0.95ms
[2347.991s][info][gc,phases      ] GC(400)   Other: 0.10ms
[2347.991s][info][gc,heap        ] GC(400) Eden regions: 1118->0(1112)
[2347.991s][info][gc,heap        ] GC(400) Survivor regions: 110->109(154)
[2347.991s][info][gc,heap        ] GC(400) Old regions: 503->535
[2347.991s][info][gc,heap        ] GC(400) Humongous regions: 80->80
[2347.991s][info][gc,metaspace   ] GC(400) Metaspace: 28979K(29312K)->28979K(29312K) NonClass: 24095K(24256K)->24095K(24256K) Class: 4883K(5056K)->4883K(5056K)
[2347.991s][info][gc             ] GC(400) Pause Young (Prepare Mixed) (G1 Evacuation Pause) 3620M->1446M(4096M) 116.155ms
[2347.991s][info][gc,cpu         ] GC(400) User=0.69s Sys=0.00s Real=0.11s
.....[2352.894s][info][gc,start       ] GC(401) Pause Young (Mixed) (G1 Evacuation Pause)
[2352.894s][info][gc,task        ] GC(401) Using 6 workers of 6 for evacuation
[2353.026s][info][gc,phases      ] GC(401)   Pre Evacuate Collection Set: 0.39ms
[2353.026s][info][gc,phases      ] GC(401)   Merge Heap Roots: 0.67ms
[2353.026s][info][gc,phases      ] GC(401)   Evacuate Collection Set: 129.88ms
[2353.026s][info][gc,phases      ] GC(401)   Post Evacuate Collection Set: 0.96ms
[2353.026s][info][gc,phases      ] GC(401)   Other: 0.09ms
[2353.026s][info][gc,heap        ] GC(401) Eden regions: 1112->0(1120)
[2353.026s][info][gc,heap        ] GC(401) Survivor regions: 109->108(153)
[2353.026s][info][gc,heap        ] GC(401) Old regions: 535->471
[2353.026s][info][gc,heap        ] GC(401) Humongous regions: 80->80
[2353.026s][info][gc,metaspace   ] GC(401) Metaspace: 28979K(29312K)->28979K(29312K) NonClass: 24095K(24256K)->24095K(24256K) Class: 4883K(5056K)->4883K(5056K)
[2353.026s][info][gc             ] GC(401) Pause Young (Mixed) (G1 Evacuation Pause) 3670M->1316M(4096M) 132.146ms
[2353.026s][info][gc,cpu         ] GC(401) User=0.78s Sys=0.00s Real=0.13s
.....[2357.952s][info][gc,start       ] GC(402) Pause Young (Concurrent Start) (G1 Evacuation Pause)
[2357.952s][info][gc,task        ] GC(402) Using 6 workers of 6 for evacuation
[2358.068s][info][gc,phases      ] GC(402)   Pre Evacuate Collection Set: 0.40ms
[2358.068s][info][gc,phases      ] GC(402)   Merge Heap Roots: 0.48ms
[2358.068s][info][gc,phases      ] GC(402)   Evacuate Collection Set: 113.64ms
[2358.068s][info][gc,phases      ] GC(402)   Post Evacuate Collection Set: 0.89ms
[2358.068s][info][gc,phases      ] GC(402)   Other: 0.10ms
[2358.068s][info][gc,heap        ] GC(402) Eden regions: 1120->0(1120)
[2358.068s][info][gc,heap        ] GC(402) Survivor regions: 108->108(154)
[2358.068s][info][gc,heap        ] GC(402) Old regions: 471->503
[2358.068s][info][gc,heap        ] GC(402) Humongous regions: 80->80
[2358.068s][info][gc,metaspace   ] GC(402) Metaspace: 28979K(29312K)->28979K(29312K) NonClass: 24095K(24256K)->24095K(24256K) Class: 4883K(5056K)->4883K(5056K)
[2358.068s][info][gc             ] GC(402) Pause Young (Concurrent Start) (G1 Evacuation Pause) 3556M->1380M(4096M) 115.648ms
[2358.068s][info][gc             ] GC(403) Concurrent Mark Cycle
[2358.068s][info][gc,marking     ] GC(403) Concurrent Scan Root Regions
[2358.068s][info][gc,cpu         ] GC(402) User=0.68s Sys=0.00s Real=0.11s
[2358.206s][info][gc,marking     ] GC(403) Concurrent Scan Root Regions 137.759ms
[2358.206s][info][gc,marking     ] GC(403) Concurrent Mark
[2358.206s][info][gc,marking     ] GC(403) Concurrent Mark From Roots
[2358.206s][info][gc,task        ] GC(403) Using 2 workers of 2 for marking
.[2358.822s][info][gc,marking     ] GC(403) Concurrent Mark From Roots 616.372ms
[2358.822s][info][gc,marking     ] GC(403) Concurrent Preclean
[2358.822s][info][gc,marking     ] GC(403) Concurrent Preclean 0.055ms
[2358.822s][info][gc,start       ] GC(403) Pause Remark
[2358.826s][info][gc             ] GC(403) Pause Remark 1796M->1796M(4096M) 3.444ms
[2358.826s][info][gc,cpu         ] GC(403) User=0.02s Sys=0.00s Real=0.00s
[2358.826s][info][gc,marking     ] GC(403) Concurrent Mark 620.123ms
[2358.826s][info][gc,marking     ] GC(403) Concurrent Rebuild Remembered Sets and Scrub Regions
[2359.075s][info][gc,marking     ] GC(403) Concurrent Rebuild Remembered Sets and Scrub Regions 249.011ms
[2359.075s][info][gc,start       ] GC(403) Pause Cleanup
[2359.075s][info][gc             ] GC(403) Pause Cleanup 1903M->1903M(4096M) 0.113ms
[2359.075s][info][gc,cpu         ] GC(403) User=0.00s Sys=0.00s Real=0.00s
[2359.076s][info][gc,marking     ] GC(403) Concurrent Clear Claimed Marks
[2359.076s][info][gc,marking     ] GC(403) Concurrent Clear Claimed Marks 0.037ms
[2359.076s][info][gc,marking     ] GC(403) Concurrent Cleanup for Next Mark
[2359.080s][info][gc,marking     ] GC(403) Concurrent Cleanup for Next Mark 4.713ms
[2359.080s][info][gc             ] GC(403) Concurrent Mark Cycle 1012.445ms
....[2362.989s][info][gc,start       ] GC(404) Pause Young (Prepare Mixed) (G1 Evacuation Pause)
[2362.989s][info][gc,task        ] GC(404) Using 6 workers of 6 for evacuation
[2363.106s][info][gc,phases      ] GC(404)   Pre Evacuate Collection Set: 0.35ms
[2363.106s][info][gc,phases      ] GC(404)   Merge Heap Roots: 0.51ms
[2363.106s][info][gc,phases      ] GC(404)   Evacuate Collection Set: 115.61ms
[2363.106s][info][gc,phases      ] GC(404)   Post Evacuate Collection Set: 0.93ms
[2363.106s][info][gc,phases      ] GC(404)   Other: 0.10ms
[2363.106s][info][gc,heap        ] GC(404) Eden regions: 1120->0(1110)
[2363.106s][info][gc,heap        ] GC(404) Survivor regions: 108->110(154)
[2363.106s][info][gc,heap        ] GC(404) Old regions: 503->535
[2363.106s][info][gc,heap        ] GC(404) Humongous regions: 80->80
[2363.106s][info][gc,metaspace   ] GC(404) Metaspace: 28979K(29312K)->28979K(29312K) NonClass: 24095K(24256K)->24095K(24256K) Class: 4883K(5056K)->4883K(5056K)
[2363.106s][info][gc             ] GC(404) Pause Young (Prepare Mixed) (G1 Evacuation Pause) 3620M->1447M(4096M) 117.635ms
[2363.106s][info][gc,cpu         ] GC(404) User=0.70s Sys=0.00s Real=0.12s
.....[2367.947s][info][gc,start       ] GC(405) Pause Young (Mixed) (G1 Evacuation Pause)
[2367.947s][info][gc,task        ] GC(405) Using 6 workers of 6 for evacuation
[2368.077s][info][gc,phases      ] GC(405)   Pre Evacuate Collection Set: 0.41ms
[2368.077s][info][gc,phases      ] GC(405)   Merge Heap Roots: 0.65ms
[2368.077s][info][gc,phases      ] GC(405)   Evacuate Collection Set: 127.80ms
[2368.077s][info][gc,phases      ] GC(405)   Post Evacuate Collection Set: 0.98ms
[2368.077s][info][gc,phases      ] GC(405)   Other: 0.09ms
[2368.077s][info][gc,heap        ] GC(405) Eden regions: 1110->0(1121)
[2368.077s][info][gc,heap        ] GC(405) Survivor regions: 110->107(153)
[2368.077s][info][gc,heap        ] GC(405) Old regions: 535->473
[2368.077s][info][gc,heap        ] GC(405) Humongous regions: 80->80
[2368.077s][info][gc,metaspace   ] GC(405) Metaspace: 28979K(29312K)->28979K(29312K) NonClass: 24095K(24256K)->24095K(24256K) Class: 4883K(5056K)->4883K(5056K)
[2368.077s][info][gc             ] GC(405) Pause Young (Mixed) (G1 Evacuation Pause) 3667M->1318M(4096M) 130.047ms
[2368.077s][info][gc,cpu         ] GC(405) User=0.77s Sys=0.00s Real=0.13s
.....[2373.085s][info][gc,start       ] GC(406) Pause Young (Concurrent Start) (G1 Evacuation Pause)
[2373.085s][info][gc,task        ] GC(406) Using 6 workers of 6 for evacuation
[2373.201s][info][gc,phases      ] GC(406)   Pre Evacuate Collection Set: 0.40ms
[2373.201s][info][gc,phases      ] GC(406)   Merge Heap Roots: 0.50ms
[2373.201s][info][gc,phases      ] GC(406)   Evacuate Collection Set: 114.03ms
[2373.201s][info][gc,phases      ] GC(406)   Post Evacuate Collection Set: 0.90ms
[2373.201s][info][gc,phases      ] GC(406)   Other: 0.10ms
[2373.201s][info][gc,heap        ] GC(406) Eden regions: 1121->0(1118)
[2373.201s][info][gc,heap        ] GC(406) Survivor regions: 107->110(154)
[2373.201s][info][gc,heap        ] GC(406) Old regions: 473->504
[2373.201s][info][gc,heap        ] GC(406) Humongous regions: 80->80
[2373.201s][info][gc,metaspace   ] GC(406) Metaspace: 28979K(29312K)->28979K(29312K) NonClass: 24095K(24256K)->24095K(24256K) Class: 4883K(5056K)->4883K(5056K)
[2373.201s][info][gc             ] GC(406) Pause Young (Concurrent Start) (G1 Evacuation Pause) 3560M->1385M(4096M) 116.079ms
[2373.201s][info][gc             ] GC(407) Concurrent Mark Cycle
[2373.201s][info][gc,marking     ] GC(407) Concurrent Scan Root Regions
[2373.201s][info][gc,cpu         ] GC(406) User=0.68s Sys=0.00s Real=0.11s
[2373.376s][info][gc,marking     ] GC(407) Concurrent Scan Root Regions 174.594ms
[2373.376s][info][gc,marking     ] GC(407) Concurrent Mark
[2373.376s][info][gc,marking     ] GC(407) Concurrent Mark From Roots
[2373.376s][info][gc,task        ] GC(407) Using 2 workers of 2 for marking
.[2374.297s][info][gc,marking     ] GC(407) Concurrent Mark From Roots 921.262ms
[2374.297s][info][gc,marking     ] GC(407) Concurrent Preclean
[2374.297s][info][gc,marking     ] GC(407) Concurrent Preclean 0.101ms
[2374.297s][info][gc,start       ] GC(407) Pause Remark
[2374.301s][info][gc             ] GC(407) Pause Remark 1947M->1947M(4096M) 3.767ms
[2374.301s][info][gc,cpu         ] GC(407) User=0.01s Sys=0.00s Real=0.00s
[2374.301s][info][gc,marking     ] GC(407) Concurrent Mark 925.439ms
[2374.301s][info][gc,marking     ] GC(407) Concurrent Rebuild Remembered Sets and Scrub Regions
.[2374.654s][info][gc,marking     ] GC(407) Concurrent Rebuild Remembered Sets and Scrub Regions 352.515ms
[2374.654s][info][gc,start       ] GC(407) Pause Cleanup
[2374.654s][info][gc             ] GC(407) Pause Cleanup 2095M->2095M(4096M) 0.119ms
[2374.654s][info][gc,cpu         ] GC(407) User=0.00s Sys=0.00s Real=0.00s
[2374.654s][info][gc,marking     ] GC(407) Concurrent Clear Claimed Marks
[2374.654s][info][gc,marking     ] GC(407) Concurrent Clear Claimed Marks 0.029ms
[2374.654s][info][gc,marking     ] GC(407) Concurrent Cleanup for Next Mark
[2374.659s][info][gc,marking     ] GC(407) Concurrent Cleanup for Next Mark 4.568ms
[2374.659s][info][gc             ] GC(407) Concurrent Mark Cycle 1457.590ms
...[2378.192s][info][gc,start       ] GC(408) Pause Young (Prepare Mixed) (G1 Evacuation Pause)
[2378.192s][info][gc,task        ] GC(408) Using 6 workers of 6 for evacuation
[2378.307s][info][gc,phases      ] GC(408)   Pre Evacuate Collection Set: 0.35ms
[2378.307s][info][gc,phases      ] GC(408)   Merge Heap Roots: 0.50ms
[2378.307s][info][gc,phases      ] GC(408)   Evacuate Collection Set: 113.62ms
[2378.307s][info][gc,phases      ] GC(408)   Post Evacuate Collection Set: 0.97ms
[2378.307s][info][gc,phases      ] GC(408)   Other: 0.09ms
[2378.307s][info][gc,heap        ] GC(408) Eden regions: 1118->0(1110)
[2378.307s][info][gc,heap        ] GC(408) Survivor regions: 110->110(154)
[2378.307s][info][gc,heap        ] GC(408) Old regions: 504->535
[2378.307s][info][gc,heap        ] GC(408) Humongous regions: 80->80
[2378.307s][info][gc,metaspace   ] GC(408) Metaspace: 28979K(29312K)->28979K(29312K) NonClass: 24095K(24256K)->24095K(24256K) Class: 4883K(5056K)->4883K(5056K)
[2378.307s][info][gc             ] GC(408) Pause Young (Prepare Mixed) (G1 Evacuation Pause) 3621M->1448M(4096M) 115.653ms
[2378.307s][info][gc,cpu         ] GC(408) User=0.68s Sys=0.00s Real=0.12s
.....[2383.088s][info][gc,start       ] GC(409) Pause Young (Mixed) (G1 Evacuation Pause)
[2383.088s][info][gc,task        ] GC(409) Using 6 workers of 6 for evacuation
[2383.219s][info][gc,phases      ] GC(409)   Pre Evacuate Collection Set: 0.38ms
[2383.219s][info][gc,phases      ] GC(409)   Merge Heap Roots: 0.65ms
[2383.219s][info][gc,phases      ] GC(409)   Evacuate Collection Set: 129.28ms
[2383.219s][info][gc,phases      ] GC(409)   Post Evacuate Collection Set: 0.98ms
[2383.219s][info][gc,phases      ] GC(409)   Other: 0.08ms
[2383.219s][info][gc,heap        ] GC(409) Eden regions: 1110->0(1120)
[2383.219s][info][gc,heap        ] GC(409) Survivor regions: 110->108(153)
[2383.219s][info][gc,heap        ] GC(409) Old regions: 535->470
[2383.219s][info][gc,heap        ] GC(409) Humongous regions: 80->80
[2383.219s][info][gc,metaspace   ] GC(409) Metaspace: 28979K(29312K)->28979K(29312K) NonClass: 24095K(24256K)->24095K(24256K) Class: 4883K(5056K)->4883K(5056K)
[2383.219s][info][gc             ] GC(409) Pause Young (Mixed) (G1 Evacuation Pause) 3668M->1315M(4096M) 131.528ms
[2383.219s][info][gc,cpu         ] GC(409) User=0.78s Sys=0.00s Real=0.13s
.....[2388.143s][info][gc,start       ] GC(410) Pause Young (Concurrent Start) (G1 Evacuation Pause)
[2388.143s][info][gc,task        ] GC(410) Using 6 workers of 6 for evacuation
[2388.263s][info][gc,phases      ] GC(410)   Pre Evacuate Collection Set: 0.40ms
[2388.263s][info][gc,phases      ] GC(410)   Merge Heap Roots: 0.51ms
[2388.263s][info][gc,phases      ] GC(410)   Evacuate Collection Set: 117.45ms
[2388.263s][info][gc,phases      ] GC(410)   Post Evacuate Collection Set: 0.89ms
[2388.263s][info][gc,phases      ] GC(410)   Other: 0.11ms
[2388.263s][info][gc,heap        ] GC(410) Eden regions: 1120->0(1118)
[2388.263s][info][gc,heap        ] GC(410) Survivor regions: 108->110(154)
[2388.263s][info][gc,heap        ] GC(410) Old regions: 470->502
[2388.263s][info][gc,heap        ] GC(410) Humongous regions: 80->80
[2388.263s][info][gc,metaspace   ] GC(410) Metaspace: 28979K(29312K)->28979K(29312K) NonClass: 24095K(24256K)->24095K(24256K) Class: 4883K(5056K)->4883K(5056K)
[2388.263s][info][gc             ] GC(410) Pause Young (Concurrent Start) (G1 Evacuation Pause) 3555M->1383M(4096M) 119.500ms
[2388.263s][info][gc             ] GC(411) Concurrent Mark Cycle
[2388.263s][info][gc,marking     ] GC(411) Concurrent Scan Root Regions
[2388.263s][info][gc,cpu         ] GC(410) User=0.70s Sys=0.00s Real=0.12s
[2388.378s][info][gc,marking     ] GC(411) Concurrent Scan Root Regions 115.070ms
[2388.378s][info][gc,marking     ] GC(411) Concurrent Mark
[2388.378s][info][gc,marking     ] GC(411) Concurrent Mark From Roots
[2388.378s][info][gc,task        ] GC(411) Using 2 workers of 2 for marking
.[2388.909s][info][gc,marking     ] GC(411) Concurrent Mark From Roots 530.490ms
[2388.909s][info][gc,marking     ] GC(411) Concurrent Preclean
[2388.909s][info][gc,marking     ] GC(411) Concurrent Preclean 0.077ms
[2388.909s][info][gc,start       ] GC(411) Pause Remark
[2388.912s][info][gc             ] GC(411) Pause Remark 1699M->1699M(4096M) 3.171ms
[2388.912s][info][gc,cpu         ] GC(411) User=0.01s Sys=0.00s Real=0.01s
[2388.912s][info][gc,marking     ] GC(411) Concurrent Mark 534.004ms
[2388.912s][info][gc,marking     ] GC(411) Concurrent Rebuild Remembered Sets and Scrub Regions
[2389.119s][info][gc,marking     ] GC(411) Concurrent Rebuild Remembered Sets and Scrub Regions 206.455ms
[2389.119s][info][gc,start       ] GC(411) Pause Cleanup
[2389.119s][info][gc             ] GC(411) Pause Cleanup 1789M->1789M(4096M) 0.122ms
[2389.119s][info][gc,cpu         ] GC(411) User=0.00s Sys=0.00s Real=0.00s
[2389.119s][info][gc,marking     ] GC(411) Concurrent Clear Claimed Marks
[2389.119s][info][gc,marking     ] GC(411) Concurrent Clear Claimed Marks 0.037ms
[2389.119s][info][gc,marking     ] GC(411) Concurrent Cleanup for Next Mark
[2389.125s][info][gc,marking     ] GC(411) Concurrent Cleanup for Next Mark 6.132ms
[2389.125s][info][gc             ] GC(411) Concurrent Mark Cycle 862.441ms
....[2393.191s][info][gc,start       ] GC(412) Pause Young (Prepare Mixed) (G1 Evacuation Pause)
[2393.191s][info][gc,task        ] GC(412) Using 6 workers of 6 for evacuation
[2393.307s][info][gc,phases      ] GC(412)   Pre Evacuate Collection Set: 0.36ms
[2393.307s][info][gc,phases      ] GC(412)   Merge Heap Roots: 0.51ms
[2393.307s][info][gc,phases      ] GC(412)   Evacuate Collection Set: 114.05ms
[2393.307s][info][gc,phases      ] GC(412)   Post Evacuate Collection Set: 0.95ms
[2393.307s][info][gc,phases      ] GC(412)   Other: 0.09ms
[2393.307s][info][gc,heap        ] GC(412) Eden regions: 1118->0(1113)
[2393.307s][info][gc,heap        ] GC(412) Survivor regions: 110->109(154)
[2393.307s][info][gc,heap        ] GC(412) Old regions: 502->534
[2393.307s][info][gc,heap        ] GC(412) Humongous regions: 80->80
[2393.307s][info][gc,metaspace   ] GC(412) Metaspace: 28979K(29312K)->28979K(29312K) NonClass: 24095K(24256K)->24095K(24256K) Class: 4883K(5056K)->4883K(5056K)
[2393.307s][info][gc             ] GC(412) Pause Young (Prepare Mixed) (G1 Evacuation Pause) 3619M->1444M(4096M) 116.121ms
[2393.307s][info][gc,cpu         ] GC(412) User=0.69s Sys=0.00s Real=0.12s
.....[2398.251s][info][gc,start       ] GC(413) Pause Young (Mixed) (G1 Evacuation Pause)
[2398.251s][info][gc,task        ] GC(413) Using 6 workers of 6 for evacuation
[2398.387s][info][gc,phases      ] GC(413)   Pre Evacuate Collection Set: 0.42ms
[2398.387s][info][gc,phases      ] GC(413)   Merge Heap Roots: 0.68ms
[2398.387s][info][gc,phases      ] GC(413)   Evacuate Collection Set: 133.78ms
[2398.387s][info][gc,phases      ] GC(413)   Post Evacuate Collection Set: 0.98ms
[2398.387s][info][gc,phases      ] GC(413)   Other: 0.09ms
[2398.387s][info][gc,heap        ] GC(413) Eden regions: 1113->0(1116)
[2398.387s][info][gc,heap        ] GC(413) Survivor regions: 109->112(153)
[2398.387s][info][gc,heap        ] GC(413) Old regions: 534->471
[2398.387s][info][gc,heap        ] GC(413) Humongous regions: 80->80
[2398.387s][info][gc,metaspace   ] GC(413) Metaspace: 28979K(29312K)->28979K(29312K) NonClass: 24095K(24256K)->24095K(24256K) Class: 4883K(5056K)->4883K(5056K)
[2398.387s][info][gc             ] GC(413) Pause Young (Mixed) (G1 Evacuation Pause) 3670M->1324M(4096M) 136.087ms
[2398.387s][info][gc,cpu         ] GC(413) User=0.81s Sys=0.00s Real=0.14s
.....[2403.254s][info][gc,start       ] GC(414) Pause Young (Concurrent Start) (G1 Evacuation Pause)
[2403.254s][info][gc,task        ] GC(414) Using 6 workers of 6 for evacuation
[2403.375s][info][gc,phases      ] GC(414)   Pre Evacuate Collection Set: 0.41ms
[2403.375s][info][gc,phases      ] GC(414)   Merge Heap Roots: 0.52ms
[2403.375s][info][gc,phases      ] GC(414)   Evacuate Collection Set: 119.34ms
[2403.375s][info][gc,phases      ] GC(414)   Post Evacuate Collection Set: 0.93ms
[2403.375s][info][gc,phases      ] GC(414)   Other: 0.11ms
[2403.375s][info][gc,heap        ] GC(414) Eden regions: 1116->0(1117)
[2403.375s][info][gc,heap        ] GC(414) Survivor regions: 112->111(154)
[2403.375s][info][gc,heap        ] GC(414) Old regions: 471->503
[2403.375s][info][gc,heap        ] GC(414) Humongous regions: 80->80
[2403.375s][info][gc,metaspace   ] GC(414) Metaspace: 28979K(29312K)->28979K(29312K) NonClass: 24095K(24256K)->24095K(24256K) Class: 4883K(5056K)->4883K(5056K)
[2403.375s][info][gc             ] GC(414) Pause Young (Concurrent Start) (G1 Evacuation Pause) 3556M->1387M(4096M) 121.446ms
[2403.375s][info][gc             ] GC(415) Concurrent Mark Cycle
[2403.375s][info][gc,marking     ] GC(415) Concurrent Scan Root Regions
[2403.375s][info][gc,cpu         ] GC(414) User=0.72s Sys=0.00s Real=0.12s
[2403.491s][info][gc,marking     ] GC(415) Concurrent Scan Root Regions 115.858ms
[2403.491s][info][gc,marking     ] GC(415) Concurrent Mark
[2403.491s][info][gc,marking     ] GC(415) Concurrent Mark From Roots
[2403.491s][info][gc,task        ] GC(415) Using 2 workers of 2 for marking
.[2404.022s][info][gc,marking     ] GC(415) Concurrent Mark From Roots 530.969ms
[2404.022s][info][gc,marking     ] GC(415) Concurrent Preclean
[2404.022s][info][gc,marking     ] GC(415) Concurrent Preclean 0.085ms
[2404.023s][info][gc,start       ] GC(415) Pause Remark
[2404.026s][info][gc             ] GC(415) Pause Remark 1704M->1704M(4096M) 2.996ms
[2404.026s][info][gc,cpu         ] GC(415) User=0.02s Sys=0.00s Real=0.00s
[2404.026s][info][gc,marking     ] GC(415) Concurrent Mark 534.318ms
[2404.026s][info][gc,marking     ] GC(415) Concurrent Rebuild Remembered Sets and Scrub Regions
[2404.265s][info][gc,marking     ] GC(415) Concurrent Rebuild Remembered Sets and Scrub Regions 239.789ms
[2404.266s][info][gc,start       ] GC(415) Pause Cleanup
[2404.266s][info][gc             ] GC(415) Pause Cleanup 1838M->1838M(4096M) 0.133ms
[2404.266s][info][gc,cpu         ] GC(415) User=0.00s Sys=0.00s Real=0.00s
[2404.266s][info][gc,marking     ] GC(415) Concurrent Clear Claimed Marks
[2404.266s][info][gc,marking     ] GC(415) Concurrent Clear Claimed Marks 0.031ms
[2404.266s][info][gc,marking     ] GC(415) Concurrent Cleanup for Next Mark
[2404.270s][info][gc,marking     ] GC(415) Concurrent Cleanup for Next Mark 4.579ms
[2404.271s][info][gc             ] GC(415) Concurrent Mark Cycle 895.123ms
. (rIR:aIR:PR = 3736:3736:3736) (tPR = 55741) [OK] 
  2404s: Performance info:
         Transaction,    Success,    Partial,     Failed,   Receipts, AvgBarcode, 
             Overall,     224315,          0,          0,     213085,      59.47, 
         Response times:
             Request,    Success,    Partial,     Failed,   SkipFail,     Probes,    Samples,      min,      p50,      p90,      p95,      p99,      max, 
       TotalPurchase,     213097,          0,          0,          0,     209765,     238537,      300,     3100,     5400,     7800,    38000,   200000,
     InStorePurchase,     112142,          0,          0,          0,     110520,     125407,      300,     3100,     5500,     7900,    38000,   200000,
      OnlinePurchase,      78508,          0,          0,          0,      77411,      88081,      300,     3300,     5500,     7900,    39000,   196000,
        InstPurchase,      22447,          0,          0,          0,      21834,      25049,      400,     2700,     5100,     7200,    35000,   199000,
          AssocOfCat,        224,          0,          0,          0,        163,        229,    19400,    29000,    39000,    50500,    94500,   147000,
      AssocOfProduct,       2244,          0,          0,          0,       2042,       2498,      600,     3800,     6100,    10505,    46020,   137000,
      BusinessReport,        562,          0,          0,          0,        444,        579,    21000,    31000,    49000,    59000,   130800,   238000,
          CustBuyBeh,       2243,          0,          0,          0,       2079,       2572,      200,     2000,     4100,     5600,    24000,   141000,
       ProductReturn,       5956,          0,          0,          0,       5680,       6648,      200,     2500,     4900,     6600,    33000,   144000,

  2404s: (28%)   IR =   3874 ...[2408.067s][info][gc,start       ] GC(416) Pause Young (Prepare Mixed) (G1 Evacuation Pause)
[2408.067s][info][gc,task        ] GC(416) Using 6 workers of 6 for evacuation
[2408.184s][info][gc,phases      ] GC(416)   Pre Evacuate Collection Set: 0.38ms
[2408.184s][info][gc,phases      ] GC(416)   Merge Heap Roots: 0.58ms
[2408.184s][info][gc,phases      ] GC(416)   Evacuate Collection Set: 114.87ms
[2408.184s][info][gc,phases      ] GC(416)   Post Evacuate Collection Set: 0.94ms
[2408.184s][info][gc,phases      ] GC(416)   Other: 0.10ms
[2408.184s][info][gc,heap        ] GC(416) Eden regions: 1117->0(1114)
[2408.184s][info][gc,heap        ] GC(416) Survivor regions: 111->108(154)
[2408.184s][info][gc,heap        ] GC(416) Old regions: 503->535
[2408.184s][info][gc,heap        ] GC(416) Humongous regions: 80->80
[2408.184s][info][gc,metaspace   ] GC(416) Metaspace: 28979K(29312K)->28979K(29312K) NonClass: 24095K(24256K)->24095K(24256K) Class: 4883K(5056K)->4883K(5056K)
[2408.184s][info][gc             ] GC(416) Pause Young (Prepare Mixed) (G1 Evacuation Pause) 3621M->1444M(4096M) 117.011ms
[2408.184s][info][gc,cpu         ] GC(416) User=0.68s Sys=0.01s Real=0.12s
.|....[2412.956s][info][gc,start       ] GC(417) Pause Young (Mixed) (G1 Evacuation Pause)
[2412.956s][info][gc,task        ] GC(417) Using 6 workers of 6 for evacuation
[2413.086s][info][gc,phases      ] GC(417)   Pre Evacuate Collection Set: 0.44ms
[2413.086s][info][gc,phases      ] GC(417)   Merge Heap Roots: 0.65ms
[2413.086s][info][gc,phases      ] GC(417)   Evacuate Collection Set: 127.26ms
[2413.086s][info][gc,phases      ] GC(417)   Post Evacuate Collection Set: 0.96ms
[2413.086s][info][gc,phases      ] GC(417)   Other: 0.09ms
[2413.086s][info][gc,heap        ] GC(417) Eden regions: 1114->0(1120)
[2413.086s][info][gc,heap        ] GC(417) Survivor regions: 108->108(153)
[2413.086s][info][gc,heap        ] GC(417) Old regions: 535->471
[2413.086s][info][gc,heap        ] GC(417) Humongous regions: 80->80
[2413.086s][info][gc,metaspace   ] GC(417) Metaspace: 28979K(29312K)->28979K(29312K) NonClass: 24095K(24256K)->24095K(24256K) Class: 4883K(5056K)->4883K(5056K)
[2413.086s][info][gc             ] GC(417) Pause Young (Mixed) (G1 Evacuation Pause) 3672M->1316M(4096M) 129.550ms
[2413.086s][info][gc,cpu         ] GC(417) User=0.76s Sys=0.00s Real=0.13s
.....[2417.830s][info][gc,start       ] GC(418) Pause Young (Concurrent Start) (G1 Evacuation Pause)
[2417.830s][info][gc,task        ] GC(418) Using 6 workers of 6 for evacuation
[2417.947s][info][gc,phases      ] GC(418)   Pre Evacuate Collection Set: 0.43ms
[2417.947s][info][gc,phases      ] GC(418)   Merge Heap Roots: 0.51ms
[2417.947s][info][gc,phases      ] GC(418)   Evacuate Collection Set: 114.70ms
[2417.947s][info][gc,phases      ] GC(418)   Post Evacuate Collection Set: 0.91ms
[2417.947s][info][gc,phases      ] GC(418)   Other: 0.12ms
[2417.947s][info][gc,heap        ] GC(418) Eden regions: 1120->0(1120)
[2417.947s][info][gc,heap        ] GC(418) Survivor regions: 108->108(154)
[2417.947s][info][gc,heap        ] GC(418) Old regions: 471->503
[2417.947s][info][gc,heap        ] GC(418) Humongous regions: 80->80
[2417.947s][info][gc,metaspace   ] GC(418) Metaspace: 28980K(29312K)->28980K(29312K) NonClass: 24096K(24256K)->24096K(24256K) Class: 4883K(5056K)->4883K(5056K)
[2417.947s][info][gc             ] GC(418) Pause Young (Concurrent Start) (G1 Evacuation Pause) 3556M->1379M(4096M) 116.796ms
[2417.947s][info][gc             ] GC(419) Concurrent Mark Cycle
[2417.947s][info][gc,marking     ] GC(419) Concurrent Scan Root Regions
[2417.947s][info][gc,cpu         ] GC(418) User=0.68s Sys=0.01s Real=0.12s
[2418.096s][info][gc,marking     ] GC(419) Concurrent Scan Root Regions 148.766ms
[2418.096s][info][gc,marking     ] GC(419) Concurrent Mark
[2418.096s][info][gc,marking     ] GC(419) Concurrent Mark From Roots
[2418.096s][info][gc,task        ] GC(419) Using 2 workers of 2 for marking
.[2418.764s][info][gc,marking     ] GC(419) Concurrent Mark From Roots 667.758ms
[2418.764s][info][gc,marking     ] GC(419) Concurrent Preclean
[2418.764s][info][gc,marking     ] GC(419) Concurrent Preclean 0.101ms
[2418.765s][info][gc,start       ] GC(419) Pause Remark
[2418.769s][info][gc             ] GC(419) Pause Remark 1792M->1792M(4096M) 3.473ms
[2418.769s][info][gc,cpu         ] GC(419) User=0.01s Sys=0.00s Real=0.00s
[2418.769s][info][gc,marking     ] GC(419) Concurrent Mark 672.961ms
[2418.769s][info][gc,marking     ] GC(419) Concurrent Rebuild Remembered Sets and Scrub Regions
[2419.018s][info][gc,marking     ] GC(419) Concurrent Rebuild Remembered Sets and Scrub Regions 249.299ms
[2419.018s][info][gc,start       ] GC(419) Pause Cleanup
[2419.018s][info][gc             ] GC(419) Pause Cleanup 1929M->1929M(4096M) 0.122ms
[2419.018s][info][gc,cpu         ] GC(419) User=0.00s Sys=0.00s Real=0.00s
[2419.018s][info][gc,marking     ] GC(419) Concurrent Clear Claimed Marks
[2419.018s][info][gc,marking     ] GC(419) Concurrent Clear Claimed Marks 0.027ms
[2419.018s][info][gc,marking     ] GC(419) Concurrent Cleanup for Next Mark
[2419.022s][info][gc,marking     ] GC(419) Concurrent Cleanup for Next Mark 3.383ms
[2419.022s][info][gc             ] GC(419) Concurrent Mark Cycle 1074.863ms
....[2422.734s][info][gc,start       ] GC(420) Pause Young (Prepare Mixed) (G1 Evacuation Pause)
[2422.734s][info][gc,task        ] GC(420) Using 6 workers of 6 for evacuation
[2422.851s][info][gc,phases      ] GC(420)   Pre Evacuate Collection Set: 0.33ms
[2422.851s][info][gc,phases      ] GC(420)   Merge Heap Roots: 0.59ms
[2422.851s][info][gc,phases      ] GC(420)   Evacuate Collection Set: 115.17ms
[2422.851s][info][gc,phases      ] GC(420)   Post Evacuate Collection Set: 0.95ms
[2422.851s][info][gc,phases      ] GC(420)   Other: 0.10ms
[2422.851s][info][gc,heap        ] GC(420) Eden regions: 1120->0(1112)
[2422.851s][info][gc,heap        ] GC(420) Survivor regions: 108->109(154)
[2422.851s][info][gc,heap        ] GC(420) Old regions: 503->535
[2422.851s][info][gc,heap        ] GC(420) Humongous regions: 80->80
[2422.851s][info][gc,metaspace   ] GC(420) Metaspace: 28980K(29312K)->28980K(29312K) NonClass: 24096K(24256K)->24096K(24256K) Class: 4883K(5056K)->4883K(5056K)
[2422.851s][info][gc             ] GC(420) Pause Young (Prepare Mixed) (G1 Evacuation Pause) 3619M->1445M(4096M) 117.281ms
[2422.851s][info][gc,cpu         ] GC(420) User=0.70s Sys=0.00s Real=0.11s
....[2427.588s][info][gc,start       ] GC(421) Pause Young (Mixed) (G1 Evacuation Pause)
[2427.588s][info][gc,task        ] GC(421) Using 6 workers of 6 for evacuation
[2427.716s][info][gc,phases      ] GC(421)   Pre Evacuate Collection Set: 0.40ms
[2427.717s][info][gc,phases      ] GC(421)   Merge Heap Roots: 0.64ms
[2427.717s][info][gc,phases      ] GC(421)   Evacuate Collection Set: 126.05ms
[2427.717s][info][gc,phases      ] GC(421)   Post Evacuate Collection Set: 0.98ms
[2427.717s][info][gc,phases      ] GC(421)   Other: 0.09ms
[2427.717s][info][gc,heap        ] GC(421) Eden regions: 1112->0(1120)
[2427.717s][info][gc,heap        ] GC(421) Survivor regions: 109->108(153)
[2427.717s][info][gc,heap        ] GC(421) Old regions: 535->471
[2427.717s][info][gc,heap        ] GC(421) Humongous regions: 80->80
[2427.717s][info][gc,metaspace   ] GC(421) Metaspace: 28980K(29312K)->28980K(29312K) NonClass: 24096K(24256K)->24096K(24256K) Class: 4883K(5056K)->4883K(5056K)
[2427.717s][info][gc             ] GC(421) Pause Young (Mixed) (G1 Evacuation Pause) 3669M->1316M(4096M) 128.294ms
[2427.717s][info][gc,cpu         ] GC(421) User=0.76s Sys=0.00s Real=0.13s
.....[2432.419s][info][gc,start       ] GC(422) Pause Young (Concurrent Start) (G1 Evacuation Pause)
[2432.419s][info][gc,task        ] GC(422) Using 6 workers of 6 for evacuation
[2432.533s][info][gc,phases      ] GC(422)   Pre Evacuate Collection Set: 0.43ms
[2432.533s][info][gc,phases      ] GC(422)   Merge Heap Roots: 0.49ms
[2432.533s][info][gc,phases      ] GC(422)   Evacuate Collection Set: 111.75ms
[2432.533s][info][gc,phases      ] GC(422)   Post Evacuate Collection Set: 0.90ms
[2432.533s][info][gc,phases      ] GC(422)   Other: 0.13ms
[2432.533s][info][gc,heap        ] GC(422) Eden regions: 1120->0(1121)
[2432.533s][info][gc,heap        ] GC(422) Survivor regions: 108->107(154)
[2432.533s][info][gc,heap        ] GC(422) Old regions: 471->502
[2432.533s][info][gc,heap        ] GC(422) Humongous regions: 80->80
[2432.533s][info][gc,metaspace   ] GC(422) Metaspace: 28980K(29312K)->28980K(29312K) NonClass: 24096K(24256K)->24096K(24256K) Class: 4883K(5056K)->4883K(5056K)
[2432.533s][info][gc             ] GC(422) Pause Young (Concurrent Start) (G1 Evacuation Pause) 3556M->1376M(4096M) 113.824ms
[2432.533s][info][gc             ] GC(423) Concurrent Mark Cycle
[2432.533s][info][gc,marking     ] GC(423) Concurrent Scan Root Regions
[2432.533s][info][gc,cpu         ] GC(422) User=0.67s Sys=0.00s Real=0.12s
[2432.702s][info][gc,marking     ] GC(423) Concurrent Scan Root Regions 168.883ms
[2432.702s][info][gc,marking     ] GC(423) Concurrent Mark
[2432.702s][info][gc,marking     ] GC(423) Concurrent Mark From Roots
[2432.702s][info][gc,task        ] GC(423) Using 2 workers of 2 for marking
.[2433.628s][info][gc,marking     ] GC(423) Concurrent Mark From Roots 926.122ms
[2433.628s][info][gc,marking     ] GC(423) Concurrent Preclean
[2433.628s][info][gc,marking     ] GC(423) Concurrent Preclean 0.052ms
[2433.628s][info][gc,start       ] GC(423) Pause Remark
[2433.632s][info][gc             ] GC(423) Pause Remark 1929M->1929M(4096M) 4.048ms
[2433.632s][info][gc,cpu         ] GC(423) User=0.02s Sys=0.00s Real=0.01s
[2433.632s][info][gc,marking     ] GC(423) Concurrent Mark 930.477ms
[2433.632s][info][gc,marking     ] GC(423) Concurrent Rebuild Remembered Sets and Scrub Regions
.[2433.868s][info][gc,marking     ] GC(423) Concurrent Rebuild Remembered Sets and Scrub Regions 235.568ms
[2433.868s][info][gc,start       ] GC(423) Pause Cleanup
[2433.868s][info][gc             ] GC(423) Pause Cleanup 2044M->2044M(4096M) 0.134ms
[2433.868s][info][gc,cpu         ] GC(423) User=0.00s Sys=0.00s Real=0.00s
[2433.868s][info][gc,marking     ] GC(423) Concurrent Clear Claimed Marks
[2433.868s][info][gc,marking     ] GC(423) Concurrent Clear Claimed Marks 0.050ms
[2433.868s][info][gc,marking     ] GC(423) Concurrent Cleanup for Next Mark
[2433.872s][info][gc,marking     ] GC(423) Concurrent Cleanup for Next Mark 4.019ms
[2433.872s][info][gc             ] GC(423) Concurrent Mark Cycle 1339.507ms
...[2437.294s][info][gc,start       ] GC(424) Pause Young (Prepare Mixed) (G1 Evacuation Pause)
[2437.294s][info][gc,task        ] GC(424) Using 6 workers of 6 for evacuation
[2437.418s][info][gc,phases      ] GC(424)   Pre Evacuate Collection Set: 0.35ms
[2437.418s][info][gc,phases      ] GC(424)   Merge Heap Roots: 0.58ms
[2437.418s][info][gc,phases      ] GC(424)   Evacuate Collection Set: 121.81ms
[2437.418s][info][gc,phases      ] GC(424)   Post Evacuate Collection Set: 0.95ms
[2437.418s][info][gc,phases      ] GC(424)   Other: 0.09ms
[2437.418s][info][gc,heap        ] GC(424) Eden regions: 1121->0(1100)
[2437.418s][info][gc,heap        ] GC(424) Survivor regions: 107->115(154)
[2437.418s][info][gc,heap        ] GC(424) Old regions: 502->535
[2437.418s][info][gc,heap        ] GC(424) Humongous regions: 80->80
[2437.418s][info][gc,metaspace   ] GC(424) Metaspace: 28980K(29312K)->28980K(29312K) NonClass: 24096K(24256K)->24096K(24256K) Class: 4883K(5056K)->4883K(5056K)
[2437.418s][info][gc             ] GC(424) Pause Young (Prepare Mixed) (G1 Evacuation Pause) 3618M->1457M(4096M) 123.928ms
[2437.418s][info][gc,cpu         ] GC(424) User=0.73s Sys=0.00s Real=0.12s
.....[2442.061s][info][gc,start       ] GC(425) Pause Young (Mixed) (G1 Evacuation Pause)
[2442.061s][info][gc,task        ] GC(425) Using 6 workers of 6 for evacuation
[2442.195s][info][gc,phases      ] GC(425)   Pre Evacuate Collection Set: 0.38ms
[2442.195s][info][gc,phases      ] GC(425)   Merge Heap Roots: 0.64ms
[2442.195s][info][gc,phases      ] GC(425)   Evacuate Collection Set: 132.60ms
[2442.195s][info][gc,phases      ] GC(425)   Post Evacuate Collection Set: 0.96ms
[2442.195s][info][gc,phases      ] GC(425)   Other: 0.08ms
[2442.195s][info][gc,heap        ] GC(425) Eden regions: 1100->0(1117)
[2442.196s][info][gc,heap        ] GC(425) Survivor regions: 115->111(152)
[2442.196s][info][gc,heap        ] GC(425) Old regions: 535->472
[2442.196s][info][gc,heap        ] GC(425) Humongous regions: 80->80
[2442.196s][info][gc,metaspace   ] GC(425) Metaspace: 28980K(29312K)->28980K(29312K) NonClass: 24096K(24256K)->24096K(24256K) Class: 4883K(5056K)->4883K(5056K)
[2442.196s][info][gc             ] GC(425) Pause Young (Mixed) (G1 Evacuation Pause) 3657M->1323M(4096M) 134.797ms
[2442.196s][info][gc,cpu         ] GC(425) User=0.80s Sys=0.00s Real=0.14s
.....[2446.905s][info][gc,start       ] GC(426) Pause Young (Concurrent Start) (G1 Evacuation Pause)
[2446.905s][info][gc,task        ] GC(426) Using 6 workers of 6 for evacuation
[2447.021s][info][gc,phases      ] GC(426)   Pre Evacuate Collection Set: 0.38ms
[2447.021s][info][gc,phases      ] GC(426)   Merge Heap Roots: 0.48ms
[2447.021s][info][gc,phases      ] GC(426)   Evacuate Collection Set: 114.61ms
[2447.021s][info][gc,phases      ] GC(426)   Post Evacuate Collection Set: 0.91ms
[2447.021s][info][gc,phases      ] GC(426)   Other: 0.11ms
[2447.021s][info][gc,heap        ] GC(426) Eden regions: 1117->0(1120)
[2447.022s][info][gc,heap        ] GC(426) Survivor regions: 111->108(154)
[2447.022s][info][gc,heap        ] GC(426) Old regions: 472->504
[2447.022s][info][gc,heap        ] GC(426) Humongous regions: 80->80
[2447.022s][info][gc,metaspace   ] GC(426) Metaspace: 28980K(29312K)->28980K(29312K) NonClass: 24096K(24256K)->24096K(24256K) Class: 4883K(5056K)->4883K(5056K)
[2447.022s][info][gc             ] GC(426) Pause Young (Concurrent Start) (G1 Evacuation Pause) 3557M->1382M(4096M) 116.630ms
[2447.022s][info][gc             ] GC(427) Concurrent Mark Cycle
[2447.022s][info][gc,marking     ] GC(427) Concurrent Scan Root Regions
[2447.022s][info][gc,cpu         ] GC(426) User=0.69s Sys=0.01s Real=0.11s
[2447.154s][info][gc,marking     ] GC(427) Concurrent Scan Root Regions 132.401ms
[2447.154s][info][gc,marking     ] GC(427) Concurrent Mark
[2447.154s][info][gc,marking     ] GC(427) Concurrent Mark From Roots
[2447.154s][info][gc,task        ] GC(427) Using 2 workers of 2 for marking
.[2447.774s][info][gc,marking     ] GC(427) Concurrent Mark From Roots 619.962ms
[2447.774s][info][gc,marking     ] GC(427) Concurrent Preclean
[2447.774s][info][gc,marking     ] GC(427) Concurrent Preclean 0.068ms
[2447.774s][info][gc,start       ] GC(427) Pause Remark
[2447.777s][info][gc             ] GC(427) Pause Remark 1775M->1775M(4096M) 2.960ms
[2447.777s][info][gc,cpu         ] GC(427) User=0.01s Sys=0.00s Real=0.00s
[2447.777s][info][gc,marking     ] GC(427) Concurrent Mark 623.303ms
[2447.777s][info][gc,marking     ] GC(427) Concurrent Rebuild Remembered Sets and Scrub Regions
[2448.136s][info][gc,marking     ] GC(427) Concurrent Rebuild Remembered Sets and Scrub Regions 358.723ms
[2448.136s][info][gc,start       ] GC(427) Pause Cleanup
[2448.136s][info][gc             ] GC(427) Pause Cleanup 1928M->1928M(4096M) 0.118ms
[2448.136s][info][gc,cpu         ] GC(427) User=0.00s Sys=0.00s Real=0.00s
[2448.136s][info][gc,marking     ] GC(427) Concurrent Clear Claimed Marks
[2448.136s][info][gc,marking     ] GC(427) Concurrent Clear Claimed Marks 0.033ms
[2448.136s][info][gc,marking     ] GC(427) Concurrent Cleanup for Next Mark
[2448.140s][info][gc,marking     ] GC(427) Concurrent Cleanup for Next Mark 3.787ms
[2448.140s][info][gc             ] GC(427) Concurrent Mark Cycle 1118.710ms
....[2451.855s][info][gc,start       ] GC(428) Pause Young (Prepare Mixed) (G1 Evacuation Pause)
[2451.855s][info][gc,task        ] GC(428) Using 6 workers of 6 for evacuation
[2451.973s][info][gc,phases      ] GC(428)   Pre Evacuate Collection Set: 0.33ms
[2451.973s][info][gc,phases      ] GC(428)   Merge Heap Roots: 0.58ms
[2451.973s][info][gc,phases      ] GC(428)   Evacuate Collection Set: 116.01ms
[2451.973s][info][gc,phases      ] GC(428)   Post Evacuate Collection Set: 1.00ms
[2451.973s][info][gc,phases      ] GC(428)   Other: 0.10ms
[2451.973s][info][gc,heap        ] GC(428) Eden regions: 1120->0(1108)
[2451.973s][info][gc,heap        ] GC(428) Survivor regions: 108->111(154)
[2451.973s][info][gc,heap        ] GC(428) Old regions: 504->535
[2451.973s][info][gc,heap        ] GC(428) Humongous regions: 80->80
[2451.973s][info][gc,metaspace   ] GC(428) Metaspace: 28980K(29312K)->28980K(29312K) NonClass: 24096K(24256K)->24096K(24256K) Class: 4883K(5056K)->4883K(5056K)
[2451.973s][info][gc             ] GC(428) Pause Young (Prepare Mixed) (G1 Evacuation Pause) 3622M->1451M(4096M) 118.148ms
[2451.973s][info][gc,cpu         ] GC(428) User=0.70s Sys=0.00s Real=0.12s
....[2456.657s][info][gc,start       ] GC(429) Pause Young (Mixed) (G1 Evacuation Pause)
[2456.657s][info][gc,task        ] GC(429) Using 6 workers of 6 for evacuation
[2456.787s][info][gc,phases      ] GC(429)   Pre Evacuate Collection Set: 0.41ms
[2456.787s][info][gc,phases      ] GC(429)   Merge Heap Roots: 0.69ms
[2456.787s][info][gc,phases      ] GC(429)   Evacuate Collection Set: 128.49ms
[2456.787s][info][gc,phases      ] GC(429)   Post Evacuate Collection Set: 0.96ms
[2456.787s][info][gc,phases      ] GC(429)   Other: 0.09ms
[2456.787s][info][gc,heap        ] GC(429) Eden regions: 1108->0(1121)
[2456.787s][info][gc,heap        ] GC(429) Survivor regions: 111->107(153)
[2456.787s][info][gc,heap        ] GC(429) Old regions: 535->472
[2456.787s][info][gc,heap        ] GC(429) Humongous regions: 80->80
[2456.787s][info][gc,metaspace   ] GC(429) Metaspace: 28980K(29312K)->28980K(29312K) NonClass: 24096K(24256K)->24096K(24256K) Class: 4883K(5056K)->4883K(5056K)
[2456.787s][info][gc             ] GC(429) Pause Young (Mixed) (G1 Evacuation Pause) 3667M->1317M(4096M) 130.771ms
[2456.788s][info][gc,cpu         ] GC(429) User=0.77s Sys=0.00s Real=0.13s
.....[2461.651s][info][gc,start       ] GC(430) Pause Young (Concurrent Start) (G1 Evacuation Pause)
[2461.651s][info][gc,task        ] GC(430) Using 6 workers of 6 for evacuation
[2461.766s][info][gc,phases      ] GC(430)   Pre Evacuate Collection Set: 0.40ms
[2461.766s][info][gc,phases      ] GC(430)   Merge Heap Roots: 0.46ms
[2461.766s][info][gc,phases      ] GC(430)   Evacuate Collection Set: 113.07ms
[2461.766s][info][gc,phases      ] GC(430)   Post Evacuate Collection Set: 0.92ms
[2461.766s][info][gc,phases      ] GC(430)   Other: 0.11ms
[2461.766s][info][gc,heap        ] GC(430) Eden regions: 1121->0(1120)
[2461.766s][info][gc,heap        ] GC(430) Survivor regions: 107->108(154)
[2461.766s][info][gc,heap        ] GC(430) Old regions: 472->504
[2461.766s][info][gc,heap        ] GC(430) Humongous regions: 80->80
[2461.766s][info][gc,metaspace   ] GC(430) Metaspace: 28980K(29312K)->28980K(29312K) NonClass: 24096K(24256K)->24096K(24256K) Class: 4883K(5056K)->4883K(5056K)
[2461.766s][info][gc             ] GC(430) Pause Young (Concurrent Start) (G1 Evacuation Pause) 3559M->1383M(4096M) 115.088ms
[2461.766s][info][gc             ] GC(431) Concurrent Mark Cycle
[2461.766s][info][gc,marking     ] GC(431) Concurrent Scan Root Regions
[2461.766s][info][gc,cpu         ] GC(430) User=0.68s Sys=0.00s Real=0.12s
.[2461.902s][info][gc,marking     ] GC(431) Concurrent Scan Root Regions 136.589ms
[2461.902s][info][gc,marking     ] GC(431) Concurrent Mark
[2461.902s][info][gc,marking     ] GC(431) Concurrent Mark From Roots
[2461.902s][info][gc,task        ] GC(431) Using 2 workers of 2 for marking
[2462.550s][info][gc,marking     ] GC(431) Concurrent Mark From Roots 647.444ms
[2462.550s][info][gc,marking     ] GC(431) Concurrent Preclean
[2462.550s][info][gc,marking     ] GC(431) Concurrent Preclean 0.079ms
[2462.550s][info][gc,start       ] GC(431) Pause Remark
[2462.553s][info][gc             ] GC(431) Pause Remark 1853M->1853M(4096M) 3.279ms
[2462.553s][info][gc,cpu         ] GC(431) User=0.02s Sys=0.00s Real=0.01s
[2462.553s][info][gc,marking     ] GC(431) Concurrent Mark 651.068ms
[2462.553s][info][gc,marking     ] GC(431) Concurrent Rebuild Remembered Sets and Scrub Regions
[2462.757s][info][gc,marking     ] GC(431) Concurrent Rebuild Remembered Sets and Scrub Regions 203.262ms
[2462.757s][info][gc,start       ] GC(431) Pause Cleanup
[2462.757s][info][gc             ] GC(431) Pause Cleanup 1939M->1939M(4096M) 0.115ms
[2462.757s][info][gc,cpu         ] GC(431) User=0.00s Sys=0.00s Real=0.00s
[2462.757s][info][gc,marking     ] GC(431) Concurrent Clear Claimed Marks
[2462.757s][info][gc,marking     ] GC(431) Concurrent Clear Claimed Marks 0.025ms
[2462.757s][info][gc,marking     ] GC(431) Concurrent Cleanup for Next Mark
[2462.762s][info][gc,marking     ] GC(431) Concurrent Cleanup for Next Mark 5.185ms
[2462.762s][info][gc             ] GC(431) Concurrent Mark Cycle 996.633ms
....[2466.470s][info][gc,start       ] GC(432) Pause Young (Prepare Mixed) (G1 Evacuation Pause)
[2466.470s][info][gc,task        ] GC(432) Using 6 workers of 6 for evacuation
[2466.585s][info][gc,phases      ] GC(432)   Pre Evacuate Collection Set: 0.36ms
[2466.585s][info][gc,phases      ] GC(432)   Merge Heap Roots: 0.53ms
[2466.585s][info][gc,phases      ] GC(432)   Evacuate Collection Set: 112.34ms
[2466.585s][info][gc,phases      ] GC(432)   Post Evacuate Collection Set: 0.95ms
[2466.585s][info][gc,phases      ] GC(432)   Other: 0.09ms
[2466.585s][info][gc,heap        ] GC(432) Eden regions: 1120->0(1111)
[2466.585s][info][gc,heap        ] GC(432) Survivor regions: 108->109(154)
[2466.585s][info][gc,heap        ] GC(432) Old regions: 504->536
[2466.585s][info][gc,heap        ] GC(432) Humongous regions: 80->80
[2466.585s][info][gc,metaspace   ] GC(432) Metaspace: 28980K(29312K)->28980K(29312K) NonClass: 24096K(24256K)->24096K(24256K) Class: 4883K(5056K)->4883K(5056K)
[2466.585s][info][gc             ] GC(432) Pause Young (Prepare Mixed) (G1 Evacuation Pause) 3623M->1447M(4096M) 114.401ms
[2466.585s][info][gc,cpu         ] GC(432) User=0.67s Sys=0.00s Real=0.12s
... (rIR:aIR:PR = 3874:3874:3874) (tPR = 57469) [OK] 
  2468s: Performance info:
         Transaction,    Success,    Partial,     Failed,   Receipts, AvgBarcode, 
             Overall,     233321,          0,          0,     221657,      59.48, 
         Response times:
             Request,    Success,    Partial,     Failed,   SkipFail,     Probes,    Samples,      min,      p50,      p90,      p95,      p99,      max, 
       TotalPurchase,     221657,          0,          0,          0,     217548,     233049,      300,     3200,     5500,     7700,    38000,   233000,
     InStorePurchase,     116692,          0,          0,          0,     114915,     123008,      300,     3200,     5500,     7600,    37000,   233000,
      OnlinePurchase,      81621,          0,          0,          0,      80136,      85624,      300,     3300,     5600,     7800,    39000,   233000,
        InstPurchase,      23344,          0,          0,          0,      22497,      24417,      400,     2800,     5500,     7500,    40000,   194000,
          AssocOfCat,        232,          0,          0,          0,        176,        242,    19600,    30000,    38000,    46850,   137310,   179000,
      AssocOfProduct,       2337,          0,          0,          0,       2142,       2501,      700,     4500,     6500,     8700,    49860,   191000,
      BusinessReport,        583,          0,          0,          0,        492,        611,    21000,    31000,    44800,    54400,   170160,   262000,
          CustBuyBeh,       2330,          0,          0,          0,       2158,       2463,      300,     3400,     6260,     9200,    45520,   138000,
       ProductReturn,       6182,          0,          0,          0,       5796,       6385,      200,     3200,     5600,     8000,    40140,   189000,

  2468s: (29%)   IR =   4013 ..[2471.187s][info][gc,start       ] GC(433) Pause Young (Mixed) (G1 Evacuation Pause)
[2471.187s][info][gc,task        ] GC(433) Using 6 workers of 6 for evacuation
[2471.317s][info][gc,phases      ] GC(433)   Pre Evacuate Collection Set: 0.37ms
[2471.317s][info][gc,phases      ] GC(433)   Merge Heap Roots: 0.59ms
[2471.317s][info][gc,phases      ] GC(433)   Evacuate Collection Set: 127.85ms
[2471.317s][info][gc,phases      ] GC(433)   Post Evacuate Collection Set: 0.96ms
[2471.317s][info][gc,phases      ] GC(433)   Other: 0.09ms
[2471.317s][info][gc,heap        ] GC(433) Eden regions: 1111->0(1119)
[2471.317s][info][gc,heap        ] GC(433) Survivor regions: 109->109(153)
[2471.317s][info][gc,heap        ] GC(433) Old regions: 536->472
[2471.317s][info][gc,heap        ] GC(433) Humongous regions: 80->80
[2471.317s][info][gc,metaspace   ] GC(433) Metaspace: 28980K(29312K)->28980K(29312K) NonClass: 24096K(24256K)->24096K(24256K) Class: 4883K(5056K)->4883K(5056K)
[2471.317s][info][gc             ] GC(433) Pause Young (Mixed) (G1 Evacuation Pause) 3669M->1319M(4096M) 129.996ms
[2471.317s][info][gc,cpu         ] GC(433) User=0.77s Sys=0.00s Real=0.13s
....|[2475.798s][info][gc,start       ] GC(434) Pause Young (Concurrent Start) (G1 Evacuation Pause)
[2475.798s][info][gc,task        ] GC(434) Using 6 workers of 6 for evacuation
[2475.912s][info][gc,phases      ] GC(434)   Pre Evacuate Collection Set: 0.41ms
[2475.912s][info][gc,phases      ] GC(434)   Merge Heap Roots: 0.47ms
[2475.912s][info][gc,phases      ] GC(434)   Evacuate Collection Set: 112.69ms
[2475.912s][info][gc,phases      ] GC(434)   Post Evacuate Collection Set: 0.94ms
[2475.912s][info][gc,phases      ] GC(434)   Other: 0.12ms
[2475.912s][info][gc,heap        ] GC(434) Eden regions: 1119->0(1121)
[2475.912s][info][gc,heap        ] GC(434) Survivor regions: 109->107(154)
[2475.912s][info][gc,heap        ] GC(434) Old regions: 472->503
[2475.912s][info][gc,heap        ] GC(434) Humongous regions: 80->80
[2475.912s][info][gc,metaspace   ] GC(434) Metaspace: 28980K(29312K)->28980K(29312K) NonClass: 24096K(24256K)->24096K(24256K) Class: 4883K(5056K)->4883K(5056K)
[2475.912s][info][gc             ] GC(434) Pause Young (Concurrent Start) (G1 Evacuation Pause) 3557M->1379M(4096M) 114.770ms
[2475.912s][info][gc             ] GC(435) Concurrent Mark Cycle
[2475.912s][info][gc,marking     ] GC(435) Concurrent Scan Root Regions
[2475.912s][info][gc,cpu         ] GC(434) User=0.68s Sys=0.00s Real=0.12s
.[2476.043s][info][gc,marking     ] GC(435) Concurrent Scan Root Regions 130.113ms
[2476.043s][info][gc,marking     ] GC(435) Concurrent Mark
[2476.043s][info][gc,marking     ] GC(435) Concurrent Mark From Roots
[2476.043s][info][gc,task        ] GC(435) Using 2 workers of 2 for marking
[2476.600s][info][gc,marking     ] GC(435) Concurrent Mark From Roots 557.390ms
[2476.600s][info][gc,marking     ] GC(435) Concurrent Preclean
[2476.600s][info][gc,marking     ] GC(435) Concurrent Preclean 0.069ms
[2476.601s][info][gc,start       ] GC(435) Pause Remark
[2476.605s][info][gc             ] GC(435) Pause Remark 1782M->1782M(4096M) 4.004ms
[2476.605s][info][gc,cpu         ] GC(435) User=0.03s Sys=0.00s Real=0.01s
[2476.605s][info][gc,marking     ] GC(435) Concurrent Mark 562.312ms
[2476.605s][info][gc,marking     ] GC(435) Concurrent Rebuild Remembered Sets and Scrub Regions
[2476.813s][info][gc,marking     ] GC(435) Concurrent Rebuild Remembered Sets and Scrub Regions 208.402ms
[2476.813s][info][gc,start       ] GC(435) Pause Cleanup
[2476.814s][info][gc             ] GC(435) Pause Cleanup 1889M->1889M(4096M) 0.111ms
[2476.814s][info][gc,cpu         ] GC(435) User=0.00s Sys=0.00s Real=0.00s
[2476.814s][info][gc,marking     ] GC(435) Concurrent Clear Claimed Marks
[2476.814s][info][gc,marking     ] GC(435) Concurrent Clear Claimed Marks 0.027ms
[2476.814s][info][gc,marking     ] GC(435) Concurrent Cleanup for Next Mark
[2476.817s][info][gc,marking     ] GC(435) Concurrent Cleanup for Next Mark 3.206ms
[2476.817s][info][gc             ] GC(435) Concurrent Mark Cycle 904.520ms
....[2480.560s][info][gc,start       ] GC(436) Pause Young (Prepare Mixed) (G1 Evacuation Pause)
[2480.560s][info][gc,task        ] GC(436) Using 6 workers of 6 for evacuation
[2480.679s][info][gc,phases      ] GC(436)   Pre Evacuate Collection Set: 0.33ms
[2480.679s][info][gc,phases      ] GC(436)   Merge Heap Roots: 0.52ms
[2480.679s][info][gc,phases      ] GC(436)   Evacuate Collection Set: 116.30ms
[2480.679s][info][gc,phases      ] GC(436)   Post Evacuate Collection Set: 0.93ms
[2480.679s][info][gc,phases      ] GC(436)   Other: 0.09ms
[2480.679s][info][gc,heap        ] GC(436) Eden regions: 1121->0(1114)
[2480.679s][info][gc,heap        ] GC(436) Survivor regions: 107->108(154)
[2480.679s][info][gc,heap        ] GC(436) Old regions: 503->535
[2480.679s][info][gc,heap        ] GC(436) Humongous regions: 80->80
[2480.679s][info][gc,metaspace   ] GC(436) Metaspace: 28980K(29312K)->28980K(29312K) NonClass: 24096K(24256K)->24096K(24256K) Class: 4883K(5056K)->4883K(5056K)
[2480.679s][info][gc             ] GC(436) Pause Young (Prepare Mixed) (G1 Evacuation Pause) 3621M->1443M(4096M) 118.310ms
[2480.679s][info][gc,cpu         ] GC(436) User=0.70s Sys=0.00s Real=0.12s
.....[2485.264s][info][gc,start       ] GC(437) Pause Young (Mixed) (G1 Evacuation Pause)
[2485.264s][info][gc,task        ] GC(437) Using 6 workers of 6 for evacuation
[2485.398s][info][gc,phases      ] GC(437)   Pre Evacuate Collection Set: 0.41ms
[2485.398s][info][gc,phases      ] GC(437)   Merge Heap Roots: 0.72ms
[2485.398s][info][gc,phases      ] GC(437)   Evacuate Collection Set: 132.12ms
[2485.398s][info][gc,phases      ] GC(437)   Post Evacuate Collection Set: 1.00ms
[2485.398s][info][gc,phases      ] GC(437)   Other: 0.09ms
[2485.398s][info][gc,heap        ] GC(437) Eden regions: 1114->0(1118)
[2485.398s][info][gc,heap        ] GC(437) Survivor regions: 108->110(153)
[2485.398s][info][gc,heap        ] GC(437) Old regions: 535->471
[2485.398s][info][gc,heap        ] GC(437) Humongous regions: 80->80
[2485.398s][info][gc,metaspace   ] GC(437) Metaspace: 28980K(29312K)->28980K(29312K) NonClass: 24096K(24256K)->24096K(24256K) Class: 4883K(5056K)->4883K(5056K)
[2485.398s][info][gc             ] GC(437) Pause Young (Mixed) (G1 Evacuation Pause) 3671M->1321M(4096M) 134.471ms
[2485.398s][info][gc,cpu         ] GC(437) User=0.79s Sys=0.00s Real=0.13s
....[2489.963s][info][gc,start       ] GC(438) Pause Young (Concurrent Start) (G1 Evacuation Pause)
[2489.963s][info][gc,task        ] GC(438) Using 6 workers of 6 for evacuation
[2490.080s][info][gc,phases      ] GC(438)   Pre Evacuate Collection Set: 0.42ms
[2490.080s][info][gc,phases      ] GC(438)   Merge Heap Roots: 0.48ms
[2490.080s][info][gc,phases      ] GC(438)   Evacuate Collection Set: 115.18ms
[2490.080s][info][gc,phases      ] GC(438)   Post Evacuate Collection Set: 0.89ms
[2490.080s][info][gc,phases      ] GC(438)   Other: 0.12ms
[2490.080s][info][gc,heap        ] GC(438) Eden regions: 1118->0(1120)
[2490.080s][info][gc,heap        ] GC(438) Survivor regions: 110->108(154)
[2490.080s][info][gc,heap        ] GC(438) Old regions: 471->504
[2490.080s][info][gc,heap        ] GC(438) Humongous regions: 80->80
[2490.080s][info][gc,metaspace   ] GC(438) Metaspace: 28980K(29312K)->28980K(29312K) NonClass: 24096K(24256K)->24096K(24256K) Class: 4883K(5056K)->4883K(5056K)
[2490.080s][info][gc             ] GC(438) Pause Young (Concurrent Start) (G1 Evacuation Pause) 3557M->1382M(4096M) 117.231ms
[2490.080s][info][gc             ] GC(439) Concurrent Mark Cycle
[2490.080s][info][gc,marking     ] GC(439) Concurrent Scan Root Regions
[2490.080s][info][gc,cpu         ] GC(438) User=0.69s Sys=0.00s Real=0.11s
.[2490.244s][info][gc,marking     ] GC(439) Concurrent Scan Root Regions 163.690ms
[2490.244s][info][gc,marking     ] GC(439) Concurrent Mark
[2490.244s][info][gc,marking     ] GC(439) Concurrent Mark From Roots
[2490.244s][info][gc,task        ] GC(439) Using 2 workers of 2 for marking
[2490.913s][info][gc,marking     ] GC(439) Concurrent Mark From Roots 669.592ms
[2490.913s][info][gc,marking     ] GC(439) Concurrent Preclean
[2490.914s][info][gc,marking     ] GC(439) Concurrent Preclean 0.080ms
[2490.914s][info][gc,start       ] GC(439) Pause Remark
[2490.917s][info][gc             ] GC(439) Pause Remark 1842M->1842M(4096M) 3.727ms
[2490.917s][info][gc,cpu         ] GC(439) User=0.02s Sys=0.00s Real=0.00s
[2490.918s][info][gc,marking     ] GC(439) Concurrent Mark 673.756ms
[2490.918s][info][gc,marking     ] GC(439) Concurrent Rebuild Remembered Sets and Scrub Regions
.[2491.153s][info][gc,marking     ] GC(439) Concurrent Rebuild Remembered Sets and Scrub Regions 235.872ms
[2491.154s][info][gc,start       ] GC(439) Pause Cleanup
[2491.154s][info][gc             ] GC(439) Pause Cleanup 1949M->1949M(4096M) 0.121ms
[2491.154s][info][gc,cpu         ] GC(439) User=0.00s Sys=0.00s Real=0.00s
[2491.154s][info][gc,marking     ] GC(439) Concurrent Clear Claimed Marks
[2491.154s][info][gc,marking     ] GC(439) Concurrent Clear Claimed Marks 0.026ms
[2491.154s][info][gc,marking     ] GC(439) Concurrent Cleanup for Next Mark
[2491.157s][info][gc,marking     ] GC(439) Concurrent Cleanup for Next Mark 3.613ms
[2491.157s][info][gc             ] GC(439) Concurrent Mark Cycle 1077.376ms
...[2494.685s][info][gc,start       ] GC(440) Pause Young (Prepare Mixed) (G1 Evacuation Pause)
[2494.685s][info][gc,task        ] GC(440) Using 6 workers of 6 for evacuation
[2494.801s][info][gc,phases      ] GC(440)   Pre Evacuate Collection Set: 0.38ms
[2494.801s][info][gc,phases      ] GC(440)   Merge Heap Roots: 0.53ms
[2494.801s][info][gc,phases      ] GC(440)   Evacuate Collection Set: 114.28ms
[2494.801s][info][gc,phases      ] GC(440)   Post Evacuate Collection Set: 0.93ms
[2494.801s][info][gc,phases      ] GC(440)   Other: 0.09ms
[2494.801s][info][gc,heap        ] GC(440) Eden regions: 1120->0(1114)
[2494.801s][info][gc,heap        ] GC(440) Survivor regions: 108->108(154)
[2494.801s][info][gc,heap        ] GC(440) Old regions: 504->535
[2494.801s][info][gc,heap        ] GC(440) Humongous regions: 80->80
[2494.801s][info][gc,metaspace   ] GC(440) Metaspace: 28980K(29312K)->28980K(29312K) NonClass: 24096K(24256K)->24096K(24256K) Class: 4883K(5056K)->4883K(5056K)
[2494.801s][info][gc             ] GC(440) Pause Young (Prepare Mixed) (G1 Evacuation Pause) 3622M->1445M(4096M) 116.337ms
[2494.801s][info][gc,cpu         ] GC(440) User=0.69s Sys=0.00s Real=0.11s
.....[2499.310s][info][gc,start       ] GC(441) Pause Young (Mixed) (G1 Evacuation Pause)
[2499.310s][info][gc,task        ] GC(441) Using 6 workers of 6 for evacuation
[2499.440s][info][gc,phases      ] GC(441)   Pre Evacuate Collection Set: 0.39ms
[2499.440s][info][gc,phases      ] GC(441)   Merge Heap Roots: 0.62ms
[2499.440s][info][gc,phases      ] GC(441)   Evacuate Collection Set: 128.44ms
[2499.440s][info][gc,phases      ] GC(441)   Post Evacuate Collection Set: 1.01ms
[2499.440s][info][gc,phases      ] GC(441)   Other: 0.09ms
[2499.440s][info][gc,heap        ] GC(441) Eden regions: 1114->0(1118)
[2499.440s][info][gc,heap        ] GC(441) Survivor regions: 108->110(153)
[2499.440s][info][gc,heap        ] GC(441) Old regions: 535->471
[2499.440s][info][gc,heap        ] GC(441) Humongous regions: 80->80
[2499.440s][info][gc,metaspace   ] GC(441) Metaspace: 28980K(29312K)->28980K(29312K) NonClass: 24096K(24256K)->24096K(24256K) Class: 4883K(5056K)->4883K(5056K)
[2499.440s][info][gc             ] GC(441) Pause Young (Mixed) (G1 Evacuation Pause) 3673M->1320M(4096M) 130.695ms
[2499.440s][info][gc,cpu         ] GC(441) User=0.77s Sys=0.00s Real=0.13s
....[2504.046s][info][gc,start       ] GC(442) Pause Young (Concurrent Start) (G1 Evacuation Pause)
[2504.046s][info][gc,task        ] GC(442) Using 6 workers of 6 for evacuation
[2504.162s][info][gc,phases      ] GC(442)   Pre Evacuate Collection Set: 0.43ms
[2504.162s][info][gc,phases      ] GC(442)   Merge Heap Roots: 0.49ms
[2504.162s][info][gc,phases      ] GC(442)   Evacuate Collection Set: 114.27ms
[2504.162s][info][gc,phases      ] GC(442)   Post Evacuate Collection Set: 0.89ms
[2504.162s][info][gc,phases      ] GC(442)   Other: 0.13ms
[2504.162s][info][gc,heap        ] GC(442) Eden regions: 1118->0(1120)
[2504.162s][info][gc,heap        ] GC(442) Survivor regions: 110->108(154)
[2504.162s][info][gc,heap        ] GC(442) Old regions: 471->503
[2504.162s][info][gc,heap        ] GC(442) Humongous regions: 80->80
[2504.162s][info][gc,metaspace   ] GC(442) Metaspace: 28980K(29312K)->28980K(29312K) NonClass: 24096K(24256K)->24096K(24256K) Class: 4883K(5056K)->4883K(5056K)
[2504.162s][info][gc             ] GC(442) Pause Young (Concurrent Start) (G1 Evacuation Pause) 3556M->1381M(4096M) 116.347ms
[2504.162s][info][gc             ] GC(443) Concurrent Mark Cycle
[2504.162s][info][gc,marking     ] GC(443) Concurrent Scan Root Regions
[2504.162s][info][gc,cpu         ] GC(442) User=0.68s Sys=0.00s Real=0.12s
.[2504.337s][info][gc,marking     ] GC(443) Concurrent Scan Root Regions 175.488ms
[2504.337s][info][gc,marking     ] GC(443) Concurrent Mark
[2504.337s][info][gc,marking     ] GC(443) Concurrent Mark From Roots
[2504.337s][info][gc,task        ] GC(443) Using 2 workers of 2 for marking
.[2505.174s][info][gc,marking     ] GC(443) Concurrent Mark From Roots 836.386ms
[2505.174s][info][gc,marking     ] GC(443) Concurrent Preclean
[2505.174s][info][gc,marking     ] GC(443) Concurrent Preclean 0.084ms
[2505.174s][info][gc,start       ] GC(443) Pause Remark
[2505.177s][info][gc             ] GC(443) Pause Remark 1915M->1915M(4096M) 2.963ms
[2505.177s][info][gc,cpu         ] GC(443) User=0.02s Sys=0.00s Real=0.00s
[2505.177s][info][gc,marking     ] GC(443) Concurrent Mark 839.732ms
[2505.177s][info][gc,marking     ] GC(443) Concurrent Rebuild Remembered Sets and Scrub Regions
[2505.417s][info][gc,marking     ] GC(443) Concurrent Rebuild Remembered Sets and Scrub Regions 240.181ms
[2505.418s][info][gc,start       ] GC(443) Pause Cleanup
[2505.418s][info][gc             ] GC(443) Pause Cleanup 2049M->2049M(4096M) 0.130ms
[2505.418s][info][gc,cpu         ] GC(443) User=0.00s Sys=0.00s Real=0.00s
[2505.418s][info][gc,marking     ] GC(443) Concurrent Clear Claimed Marks
[2505.418s][info][gc,marking     ] GC(443) Concurrent Clear Claimed Marks 0.032ms
[2505.418s][info][gc,marking     ] GC(443) Concurrent Cleanup for Next Mark
[2505.422s][info][gc,marking     ] GC(443) Concurrent Cleanup for Next Mark 3.438ms
[2505.422s][info][gc             ] GC(443) Concurrent Mark Cycle 1259.727ms
...[2508.737s][info][gc,start       ] GC(444) Pause Young (Prepare Mixed) (G1 Evacuation Pause)
[2508.737s][info][gc,task        ] GC(444) Using 6 workers of 6 for evacuation
[2508.856s][info][gc,phases      ] GC(444)   Pre Evacuate Collection Set: 0.37ms
[2508.856s][info][gc,phases      ] GC(444)   Merge Heap Roots: 0.55ms
[2508.856s][info][gc,phases      ] GC(444)   Evacuate Collection Set: 116.92ms
[2508.856s][info][gc,phases      ] GC(444)   Post Evacuate Collection Set: 0.96ms
[2508.856s][info][gc,phases      ] GC(444)   Other: 0.09ms
[2508.856s][info][gc,heap        ] GC(444) Eden regions: 1120->0(1110)
[2508.856s][info][gc,heap        ] GC(444) Survivor regions: 108->110(154)
[2508.856s][info][gc,heap        ] GC(444) Old regions: 503->535
[2508.856s][info][gc,heap        ] GC(444) Humongous regions: 80->80
[2508.856s][info][gc,metaspace   ] GC(444) Metaspace: 28980K(29312K)->28980K(29312K) NonClass: 24096K(24256K)->24096K(24256K) Class: 4883K(5056K)->4883K(5056K)
[2508.856s][info][gc             ] GC(444) Pause Young (Prepare Mixed) (G1 Evacuation Pause) 3621M->1448M(4096M) 119.057ms
[2508.856s][info][gc,cpu         ] GC(444) User=0.71s Sys=0.00s Real=0.12s
.....[2513.403s][info][gc,start       ] GC(445) Pause Young (Mixed) (G1 Evacuation Pause)
[2513.403s][info][gc,task        ] GC(445) Using 6 workers of 6 for evacuation
[2513.542s][info][gc,phases      ] GC(445)   Pre Evacuate Collection Set: 0.39ms
[2513.542s][info][gc,phases      ] GC(445)   Merge Heap Roots: 0.70ms
[2513.542s][info][gc,phases      ] GC(445)   Evacuate Collection Set: 137.62ms
[2513.542s][info][gc,phases      ] GC(445)   Post Evacuate Collection Set: 1.02ms
[2513.543s][info][gc,phases      ] GC(445)   Other: 0.09ms
[2513.543s][info][gc,heap        ] GC(445) Eden regions: 1110->0(1116)
[2513.543s][info][gc,heap        ] GC(445) Survivor regions: 110->112(153)
[2513.543s][info][gc,heap        ] GC(445) Old regions: 535->472
[2513.543s][info][gc,heap        ] GC(445) Humongous regions: 80->80
[2513.543s][info][gc,metaspace   ] GC(445) Metaspace: 28980K(29312K)->28980K(29312K) NonClass: 24096K(24256K)->24096K(24256K) Class: 4883K(5056K)->4883K(5056K)
[2513.543s][info][gc             ] GC(445) Pause Young (Mixed) (G1 Evacuation Pause) 3668M->1326M(4096M) 139.959ms
[2513.543s][info][gc,cpu         ] GC(445) User=0.83s Sys=0.00s Real=0.14s
....[2518.154s][info][gc,start       ] GC(446) Pause Young (Concurrent Start) (G1 Evacuation Pause)
[2518.154s][info][gc,task        ] GC(446) Using 6 workers of 6 for evacuation
[2518.274s][info][gc,phases      ] GC(446)   Pre Evacuate Collection Set: 0.42ms
[2518.274s][info][gc,phases      ] GC(446)   Merge Heap Roots: 0.46ms
[2518.274s][info][gc,phases      ] GC(446)   Evacuate Collection Set: 117.77ms
[2518.274s][info][gc,phases      ] GC(446)   Post Evacuate Collection Set: 0.91ms
[2518.274s][info][gc,phases      ] GC(446)   Other: 0.13ms
[2518.274s][info][gc,heap        ] GC(446) Eden regions: 1116->0(1117)
[2518.274s][info][gc,heap        ] GC(446) Survivor regions: 112->111(154)
[2518.274s][info][gc,heap        ] GC(446) Old regions: 472->505
[2518.274s][info][gc,heap        ] GC(446) Humongous regions: 80->80
[2518.274s][info][gc,metaspace   ] GC(446) Metaspace: 28980K(29312K)->28980K(29312K) NonClass: 24096K(24256K)->24096K(24256K) Class: 4883K(5056K)->4883K(5056K)
[2518.274s][info][gc             ] GC(446) Pause Young (Concurrent Start) (G1 Evacuation Pause) 3558M->1389M(4096M) 119.823ms
[2518.274s][info][gc             ] GC(447) Concurrent Mark Cycle
[2518.274s][info][gc,marking     ] GC(447) Concurrent Scan Root Regions
[2518.274s][info][gc,cpu         ] GC(446) User=0.71s Sys=0.00s Real=0.12s
.[2518.456s][info][gc,marking     ] GC(447) Concurrent Scan Root Regions 181.773ms
[2518.456s][info][gc,marking     ] GC(447) Concurrent Mark
[2518.456s][info][gc,marking     ] GC(447) Concurrent Mark From Roots
[2518.456s][info][gc,task        ] GC(447) Using 2 workers of 2 for marking
.[2519.385s][info][gc,marking     ] GC(447) Concurrent Mark From Roots 929.307ms
[2519.385s][info][gc,marking     ] GC(447) Concurrent Preclean
[2519.386s][info][gc,marking     ] GC(447) Concurrent Preclean 0.108ms
[2519.386s][info][gc,start       ] GC(447) Pause Remark
[2519.391s][info][gc             ] GC(447) Pause Remark 2017M->2017M(4096M) 4.457ms
[2519.391s][info][gc,cpu         ] GC(447) User=0.03s Sys=0.00s Real=0.00s
[2519.391s][info][gc,marking     ] GC(447) Concurrent Mark 934.958ms
[2519.391s][info][gc,marking     ] GC(447) Concurrent Rebuild Remembered Sets and Scrub Regions
[2519.624s][info][gc,marking     ] GC(447) Concurrent Rebuild Remembered Sets and Scrub Regions 233.082ms
[2519.624s][info][gc,start       ] GC(447) Pause Cleanup
[2519.624s][info][gc             ] GC(447) Pause Cleanup 2135M->2135M(4096M) 0.118ms
[2519.624s][info][gc,cpu         ] GC(447) User=0.00s Sys=0.00s Real=0.00s
[2519.624s][info][gc,marking     ] GC(447) Concurrent Clear Claimed Marks
[2519.625s][info][gc,marking     ] GC(447) Concurrent Clear Claimed Marks 0.033ms
[2519.625s][info][gc,marking     ] GC(447) Concurrent Cleanup for Next Mark
[2519.628s][info][gc,marking     ] GC(447) Concurrent Cleanup for Next Mark 3.326ms
[2519.628s][info][gc             ] GC(447) Concurrent Mark Cycle 1353.704ms
...[2522.821s][info][gc,start       ] GC(448) Pause Young (Prepare Mixed) (G1 Evacuation Pause)
[2522.821s][info][gc,task        ] GC(448) Using 6 workers of 6 for evacuation
[2522.940s][info][gc,phases      ] GC(448)   Pre Evacuate Collection Set: 0.35ms
[2522.940s][info][gc,phases      ] GC(448)   Merge Heap Roots: 0.50ms
[2522.940s][info][gc,phases      ] GC(448)   Evacuate Collection Set: 117.69ms
[2522.940s][info][gc,phases      ] GC(448)   Post Evacuate Collection Set: 0.95ms
[2522.940s][info][gc,phases      ] GC(448)   Other: 0.08ms
[2522.940s][info][gc,heap        ] GC(448) Eden regions: 1117->0(1108)
[2522.940s][info][gc,heap        ] GC(448) Survivor regions: 111->111(154)
[2522.940s][info][gc,heap        ] GC(448) Old regions: 505->535
[2522.940s][info][gc,heap        ] GC(448) Humongous regions: 80->80
[2522.940s][info][gc,metaspace   ] GC(448) Metaspace: 28980K(29312K)->28980K(29312K) NonClass: 24096K(24256K)->24096K(24256K) Class: 4883K(5056K)->4883K(5056K)
[2522.940s][info][gc             ] GC(448) Pause Young (Prepare Mixed) (G1 Evacuation Pause) 3623M->1450M(4096M) 119.706ms
[2522.940s][info][gc,cpu         ] GC(448) User=0.71s Sys=0.00s Real=0.12s
.....[2527.534s][info][gc,start       ] GC(449) Pause Young (Mixed) (G1 Evacuation Pause)
[2527.534s][info][gc,task        ] GC(449) Using 6 workers of 6 for evacuation
[2527.665s][info][gc,phases      ] GC(449)   Pre Evacuate Collection Set: 0.42ms
[2527.665s][info][gc,phases      ] GC(449)   Merge Heap Roots: 0.76ms
[2527.665s][info][gc,phases      ] GC(449)   Evacuate Collection Set: 128.92ms
[2527.665s][info][gc,phases      ] GC(449)   Post Evacuate Collection Set: 1.01ms
[2527.665s][info][gc,phases      ] GC(449)   Other: 0.10ms
[2527.665s][info][gc,heap        ] GC(449) Eden regions: 1108->0(1120)
[2527.665s][info][gc,heap        ] GC(449) Survivor regions: 111->108(153)
[2527.665s][info][gc,heap        ] GC(449) Old regions: 535->472
[2527.665s][info][gc,heap        ] GC(449) Humongous regions: 80->80
[2527.665s][info][gc,metaspace   ] GC(449) Metaspace: 28980K(29312K)->28980K(29312K) NonClass: 24096K(24256K)->24096K(24256K) Class: 4883K(5056K)->4883K(5056K)
[2527.665s][info][gc             ] GC(449) Pause Young (Mixed) (G1 Evacuation Pause) 3666M->1317M(4096M) 131.359ms
[2527.665s][info][gc,cpu         ] GC(449) User=0.77s Sys=0.00s Real=0.13s
....[2532.167s][info][gc,start       ] GC(450) Pause Young (Concurrent Start) (G1 Evacuation Pause)
[2532.167s][info][gc,task        ] GC(450) Using 6 workers of 6 for evacuation
[2532.285s][info][gc,phases      ] GC(450)   Pre Evacuate Collection Set: 0.41ms
[2532.285s][info][gc,phases      ] GC(450)   Merge Heap Roots: 0.49ms
[2532.285s][info][gc,phases      ] GC(450)   Evacuate Collection Set: 116.22ms
[2532.285s][info][gc,phases      ] GC(450)   Post Evacuate Collection Set: 0.90ms
[2532.285s][info][gc,phases      ] GC(450)   Other: 0.09ms
[2532.285s][info][gc,heap        ] GC(450) Eden regions: 1120->0(1119)
[2532.285s][info][gc,heap        ] GC(450) Survivor regions: 108->109(154)
[2532.285s][info][gc,heap        ] GC(450) Old regions: 472->504
[2532.285s][info][gc,heap        ] GC(450) Humongous regions: 80->80
[2532.285s][info][gc,metaspace   ] GC(450) Metaspace: 28980K(29312K)->28980K(29312K) NonClass: 24096K(24256K)->24096K(24256K) Class: 4883K(5056K)->4883K(5056K)
[2532.285s][info][gc             ] GC(450) Pause Young (Concurrent Start) (G1 Evacuation Pause) 3557M->1384M(4096M) 118.262ms
[2532.285s][info][gc             ] GC(451) Concurrent Mark Cycle
[2532.285s][info][gc,marking     ] GC(451) Concurrent Scan Root Regions
[2532.285s][info][gc,cpu         ] GC(450) User=0.70s Sys=0.00s Real=0.12s
.[2532.449s][info][gc,marking     ] GC(451) Concurrent Scan Root Regions 164.146ms
[2532.449s][info][gc,marking     ] GC(451) Concurrent Mark
[2532.449s][info][gc,marking     ] GC(451) Concurrent Mark From Roots
[2532.449s][info][gc,task        ] GC(451) Using 2 workers of 2 for marking
[2533.105s][info][gc,marking     ] GC(451) Concurrent Mark From Roots 655.907ms
[2533.105s][info][gc,marking     ] GC(451) Concurrent Preclean
[2533.105s][info][gc,marking     ] GC(451) Concurrent Preclean 0.080ms
[2533.105s][info][gc,start       ] GC(451) Pause Remark
[2533.109s][info][gc             ] GC(451) Pause Remark 1798M->1798M(4096M) 4.092ms
[2533.110s][info][gc,cpu         ] GC(451) User=0.02s Sys=0.00s Real=0.00s
[2533.110s][info][gc,marking     ] GC(451) Concurrent Mark 660.315ms
[2533.110s][info][gc,marking     ] GC(451) Concurrent Rebuild Remembered Sets and Scrub Regions
.[2533.387s][info][gc,marking     ] GC(451) Concurrent Rebuild Remembered Sets and Scrub Regions 277.785ms
[2533.387s][info][gc,start       ] GC(451) Pause Cleanup
[2533.388s][info][gc             ] GC(451) Pause Cleanup 1950M->1950M(4096M) 0.112ms
[2533.388s][info][gc,cpu         ] GC(451) User=0.00s Sys=0.00s Real=0.00s
[2533.388s][info][gc,marking     ] GC(451) Concurrent Clear Claimed Marks
[2533.388s][info][gc,marking     ] GC(451) Concurrent Clear Claimed Marks 0.028ms
[2533.388s][info][gc,marking     ] GC(451) Concurrent Cleanup for Next Mark
[2533.391s][info][gc,marking     ] GC(451) Concurrent Cleanup for Next Mark 3.702ms
[2533.391s][info][gc             ] GC(451) Concurrent Mark Cycle 1106.432ms
.. (rIR:aIR:PR = 4013:4012:4012) (tPR = 59062) [OK] 
  2535s: Performance info:
         Transaction,    Success,    Partial,     Failed,   Receipts, AvgBarcode, 
             Overall,     242675,          0,          0,     230551,      59.48, 
         Response times:
             Request,    Success,    Partial,     Failed,   SkipFail,     Probes,    Samples,      min,      p50,      p90,      p95,      p99,      max, 
       TotalPurchase,     230573,          0,          0,          0,     226346,     249960,      300,     3400,     6100,     9400,    41000,   188000,
     InStorePurchase,     121371,          0,          0,          0,     119236,     131289,      300,     3300,     6100,     9300,    41000,   188000,
      OnlinePurchase,      84928,          0,          0,          0,      83358,      92158,      300,     3300,     6100,     9200,    41000,   188000,
        InstPurchase,      24274,          0,          0,          0,      23752,      26513,      400,     3700,     6400,    10500,    46000,   183000,
          AssocOfCat,        242,          0,          0,          0,        192,        279,    19500,    29000,    41000,    51000,   166600,   181000,
      AssocOfProduct,       2419,          0,          0,          0,       2233,       2629,     1000,     4000,     6700,    10250,    41000,   141000,
      BusinessReport,        607,          0,          0,          0,        533,        650,    19700,    31000,    48000,    57450,    97450,   194000,
          CustBuyBeh,       2429,          0,          0,          0,       2201,       2574,      200,     3600,     6300,    11100,    57000,   138000,
       ProductReturn,       6424,          0,          0,          0,       6090,       6975,      200,     2100,     4900,     6700,    27000,   137000,

  2535s: (30%)   IR =   4151 .[2536.894s][info][gc,start       ] GC(452) Pause Young (Prepare Mixed) (G1 Evacuation Pause)
[2536.894s][info][gc,task        ] GC(452) Using 6 workers of 6 for evacuation
[2537.018s][info][gc,phases      ] GC(452)   Pre Evacuate Collection Set: 0.40ms
[2537.018s][info][gc,phases      ] GC(452)   Merge Heap Roots: 0.55ms
[2537.018s][info][gc,phases      ] GC(452)   Evacuate Collection Set: 121.19ms
[2537.018s][info][gc,phases      ] GC(452)   Post Evacuate Collection Set: 1.01ms
[2537.018s][info][gc,phases      ] GC(452)   Other: 0.09ms
[2537.018s][info][gc,heap        ] GC(452) Eden regions: 1119->0(1104)
[2537.018s][info][gc,heap        ] GC(452) Survivor regions: 109->113(154)
[2537.018s][info][gc,heap        ] GC(452) Old regions: 504->535
[2537.018s][info][gc,heap        ] GC(452) Humongous regions: 80->80
[2537.018s][info][gc,metaspace   ] GC(452) Metaspace: 28980K(29312K)->28980K(29312K) NonClass: 24096K(24256K)->24096K(24256K) Class: 4883K(5056K)->4883K(5056K)
[2537.018s][info][gc             ] GC(452) Pause Young (Prepare Mixed) (G1 Evacuation Pause) 3622M->1453M(4096M) 123.369ms
[2537.018s][info][gc,cpu         ] GC(452) User=0.73s Sys=0.00s Real=0.12s
...|.[2541.436s][info][gc,start       ] GC(453) Pause Young (Mixed) (G1 Evacuation Pause)
[2541.437s][info][gc,task        ] GC(453) Using 6 workers of 6 for evacuation
[2541.570s][info][gc,phases      ] GC(453)   Pre Evacuate Collection Set: 0.38ms
[2541.570s][info][gc,phases      ] GC(453)   Merge Heap Roots: 0.64ms
[2541.570s][info][gc,phases      ] GC(453)   Evacuate Collection Set: 131.01ms
[2541.570s][info][gc,phases      ] GC(453)   Post Evacuate Collection Set: 0.99ms
[2541.570s][info][gc,phases      ] GC(453)   Other: 0.09ms
[2541.570s][info][gc,heap        ] GC(453) Eden regions: 1104->0(1118)
[2541.570s][info][gc,heap        ] GC(453) Survivor regions: 113->110(153)
[2541.570s][info][gc,heap        ] GC(453) Old regions: 535->471
[2541.570s][info][gc,heap        ] GC(453) Humongous regions: 80->80
[2541.570s][info][gc,metaspace   ] GC(453) Metaspace: 28980K(29312K)->28980K(29312K) NonClass: 24096K(24256K)->24096K(24256K) Class: 4883K(5056K)->4883K(5056K)
[2541.570s][info][gc             ] GC(453) Pause Young (Mixed) (G1 Evacuation Pause) 3661M->1320M(4096M) 133.241ms
[2541.570s][info][gc,cpu         ] GC(453) User=0.79s Sys=0.00s Real=0.13s
.....[2545.977s][info][gc,start       ] GC(454) Pause Young (Concurrent Start) (G1 Evacuation Pause)
[2545.977s][info][gc,task        ] GC(454) Using 6 workers of 6 for evacuation
[2546.095s][info][gc,phases      ] GC(454)   Pre Evacuate Collection Set: 0.44ms
[2546.095s][info][gc,phases      ] GC(454)   Merge Heap Roots: 0.49ms
[2546.095s][info][gc,phases      ] GC(454)   Evacuate Collection Set: 116.10ms
[2546.095s][info][gc,phases      ] GC(454)   Post Evacuate Collection Set: 0.89ms
[2546.095s][info][gc,phases      ] GC(454)   Other: 0.09ms
[2546.095s][info][gc,heap        ] GC(454) Eden regions: 1118->0(1119)
[2546.095s][info][gc,heap        ] GC(454) Survivor regions: 110->109(154)
[2546.095s][info][gc,heap        ] GC(454) Old regions: 471->503
[2546.095s][info][gc,heap        ] GC(454) Humongous regions: 80->80
[2546.095s][info][gc,metaspace   ] GC(454) Metaspace: 28980K(29312K)->28980K(29312K) NonClass: 24096K(24256K)->24096K(24256K) Class: 4883K(5056K)->4883K(5056K)
[2546.095s][info][gc             ] GC(454) Pause Young (Concurrent Start) (G1 Evacuation Pause) 3556M->1382M(4096M) 118.132ms
[2546.095s][info][gc             ] GC(455) Concurrent Mark Cycle
[2546.095s][info][gc,marking     ] GC(455) Concurrent Scan Root Regions
[2546.095s][info][gc,cpu         ] GC(454) User=0.70s Sys=0.00s Real=0.12s
[2546.251s][info][gc,marking     ] GC(455) Concurrent Scan Root Regions 156.111ms
[2546.251s][info][gc,marking     ] GC(455) Concurrent Mark
[2546.251s][info][gc,marking     ] GC(455) Concurrent Mark From Roots
[2546.251s][info][gc,task        ] GC(455) Using 2 workers of 2 for marking
.[2546.927s][info][gc,marking     ] GC(455) Concurrent Mark From Roots 675.681ms
[2546.927s][info][gc,marking     ] GC(455) Concurrent Preclean
[2546.927s][info][gc,marking     ] GC(455) Concurrent Preclean 0.104ms
[2546.927s][info][gc,start       ] GC(455) Pause Remark
[2546.931s][info][gc             ] GC(455) Pause Remark 1832M->1832M(4096M) 3.632ms
[2546.931s][info][gc,cpu         ] GC(455) User=0.02s Sys=0.00s Real=0.00s
[2546.932s][info][gc,marking     ] GC(455) Concurrent Mark 680.467ms
[2546.932s][info][gc,marking     ] GC(455) Concurrent Rebuild Remembered Sets and Scrub Regions
[2547.292s][info][gc,marking     ] GC(455) Concurrent Rebuild Remembered Sets and Scrub Regions 360.560ms
[2547.293s][info][gc,start       ] GC(455) Pause Cleanup
[2547.293s][info][gc             ] GC(455) Pause Cleanup 2026M->2026M(4096M) 0.143ms
[2547.293s][info][gc,cpu         ] GC(455) User=0.00s Sys=0.00s Real=0.00s
[2547.293s][info][gc,marking     ] GC(455) Concurrent Clear Claimed Marks
[2547.294s][info][gc,marking     ] GC(455) Concurrent Clear Claimed Marks 0.034ms
[2547.294s][info][gc,marking     ] GC(455) Concurrent Cleanup for Next Mark
[2547.298s][info][gc,marking     ] GC(455) Concurrent Cleanup for Next Mark 4.557ms
[2547.298s][info][gc             ] GC(455) Concurrent Mark Cycle 1203.260ms
...[2550.485s][info][gc,start       ] GC(456) Pause Young (Prepare Mixed) (G1 Evacuation Pause)
[2550.485s][info][gc,task        ] GC(456) Using 6 workers of 6 for evacuation
[2550.600s][info][gc,phases      ] GC(456)   Pre Evacuate Collection Set: 0.37ms
[2550.600s][info][gc,phases      ] GC(456)   Merge Heap Roots: 0.50ms
[2550.600s][info][gc,phases      ] GC(456)   Evacuate Collection Set: 113.60ms
[2550.600s][info][gc,phases      ] GC(456)   Post Evacuate Collection Set: 0.98ms
[2550.600s][info][gc,phases      ] GC(456)   Other: 0.09ms
[2550.600s][info][gc,heap        ] GC(456) Eden regions: 1119->0(1114)
[2550.600s][info][gc,heap        ] GC(456) Survivor regions: 109->108(154)
[2550.600s][info][gc,heap        ] GC(456) Old regions: 503->535
[2550.600s][info][gc,heap        ] GC(456) Humongous regions: 80->80
[2550.600s][info][gc,metaspace   ] GC(456) Metaspace: 28980K(29312K)->28980K(29312K) NonClass: 24096K(24256K)->24096K(24256K) Class: 4883K(5056K)->4883K(5056K)
[2550.600s][info][gc             ] GC(456) Pause Young (Prepare Mixed) (G1 Evacuation Pause) 3620M->1444M(4096M) 115.682ms
[2550.600s][info][gc,cpu         ] GC(456) User=0.68s Sys=0.00s Real=0.11s
.....[2554.991s][info][gc,start       ] GC(457) Pause Young (Mixed) (G1 Evacuation Pause)
[2554.991s][info][gc,task        ] GC(457) Using 6 workers of 6 for evacuation
[2555.124s][info][gc,phases      ] GC(457)   Pre Evacuate Collection Set: 0.39ms
[2555.124s][info][gc,phases      ] GC(457)   Merge Heap Roots: 0.72ms
[2555.124s][info][gc,phases      ] GC(457)   Evacuate Collection Set: 130.57ms
[2555.124s][info][gc,phases      ] GC(457)   Post Evacuate Collection Set: 0.96ms
[2555.124s][info][gc,phases      ] GC(457)   Other: 0.09ms
[2555.124s][info][gc,heap        ] GC(457) Eden regions: 1114->0(1120)
[2555.124s][info][gc,heap        ] GC(457) Survivor regions: 108->108(153)
[2555.124s][info][gc,heap        ] GC(457) Old regions: 535->473
[2555.124s][info][gc,heap        ] GC(457) Humongous regions: 80->80
[2555.124s][info][gc,metaspace   ] GC(457) Metaspace: 28980K(29312K)->28980K(29312K) NonClass: 24096K(24256K)->24096K(24256K) Class: 4883K(5056K)->4883K(5056K)
[2555.124s][info][gc             ] GC(457) Pause Young (Mixed) (G1 Evacuation Pause) 3672M->1321M(4096M) 132.866ms
[2555.124s][info][gc,cpu         ] GC(457) User=0.78s Sys=0.00s Real=0.14s
....[2559.625s][info][gc,start       ] GC(458) Pause Young (Concurrent Start) (G1 Evacuation Pause)
[2559.625s][info][gc,task        ] GC(458) Using 6 workers of 6 for evacuation
[2559.741s][info][gc,phases      ] GC(458)   Pre Evacuate Collection Set: 0.42ms
[2559.741s][info][gc,phases      ] GC(458)   Merge Heap Roots: 0.52ms
[2559.741s][info][gc,phases      ] GC(458)   Evacuate Collection Set: 113.50ms
[2559.741s][info][gc,phases      ] GC(458)   Post Evacuate Collection Set: 0.90ms
[2559.741s][info][gc,phases      ] GC(458)   Other: 0.11ms
[2559.741s][info][gc,heap        ] GC(458) Eden regions: 1120->0(1120)
[2559.741s][info][gc,heap        ] GC(458) Survivor regions: 108->108(154)
[2559.741s][info][gc,heap        ] GC(458) Old regions: 473->505
[2559.741s][info][gc,heap        ] GC(458) Humongous regions: 80->80
[2559.741s][info][gc,metaspace   ] GC(458) Metaspace: 28980K(29312K)->28980K(29312K) NonClass: 24096K(24256K)->24096K(24256K) Class: 4883K(5056K)->4883K(5056K)
[2559.741s][info][gc             ] GC(458) Pause Young (Concurrent Start) (G1 Evacuation Pause) 3561M->1385M(4096M) 115.583ms
[2559.741s][info][gc             ] GC(459) Concurrent Mark Cycle
[2559.741s][info][gc,marking     ] GC(459) Concurrent Scan Root Regions
[2559.741s][info][gc,cpu         ] GC(458) User=0.68s Sys=0.00s Real=0.11s
.[2559.912s][info][gc,marking     ] GC(459) Concurrent Scan Root Regions 171.620ms
[2559.913s][info][gc,marking     ] GC(459) Concurrent Mark
[2559.913s][info][gc,marking     ] GC(459) Concurrent Mark From Roots
[2559.913s][info][gc,task        ] GC(459) Using 2 workers of 2 for marking
[2560.549s][info][gc,marking     ] GC(459) Concurrent Mark From Roots 636.729ms
[2560.549s][info][gc,marking     ] GC(459) Concurrent Preclean
[2560.549s][info][gc,marking     ] GC(459) Concurrent Preclean 0.081ms
[2560.550s][info][gc,start       ] GC(459) Pause Remark
[2560.554s][info][gc             ] GC(459) Pause Remark 1849M->1849M(4096M) 4.257ms
[2560.554s][info][gc,cpu         ] GC(459) User=0.02s Sys=0.00s Real=0.01s
[2560.554s][info][gc,marking     ] GC(459) Concurrent Mark 641.513ms
[2560.554s][info][gc,marking     ] GC(459) Concurrent Rebuild Remembered Sets and Scrub Regions
.[2560.781s][info][gc,marking     ] GC(459) Concurrent Rebuild Remembered Sets and Scrub Regions 226.663ms
[2560.781s][info][gc,start       ] GC(459) Pause Cleanup
[2560.781s][info][gc             ] GC(459) Pause Cleanup 1962M->1962M(4096M) 0.125ms
[2560.781s][info][gc,cpu         ] GC(459) User=0.00s Sys=0.00s Real=0.00s
[2560.781s][info][gc,marking     ] GC(459) Concurrent Clear Claimed Marks
[2560.781s][info][gc,marking     ] GC(459) Concurrent Clear Claimed Marks 0.031ms
[2560.781s][info][gc,marking     ] GC(459) Concurrent Cleanup for Next Mark
[2560.785s][info][gc,marking     ] GC(459) Concurrent Cleanup for Next Mark 4.035ms
[2560.785s][info][gc             ] GC(459) Concurrent Mark Cycle 1044.330ms
...[2564.089s][info][gc,start       ] GC(460) Pause Young (Prepare Mixed) (G1 Evacuation Pause)
[2564.089s][info][gc,task        ] GC(460) Using 6 workers of 6 for evacuation
[2564.205s][info][gc,phases      ] GC(460)   Pre Evacuate Collection Set: 0.37ms
[2564.205s][info][gc,phases      ] GC(460)   Merge Heap Roots: 0.51ms
[2564.205s][info][gc,phases      ] GC(460)   Evacuate Collection Set: 114.05ms
[2564.205s][info][gc,phases      ] GC(460)   Post Evacuate Collection Set: 0.93ms
[2564.205s][info][gc,phases      ] GC(460)   Other: 0.09ms
[2564.205s][info][gc,heap        ] GC(460) Eden regions: 1120->0(1110)
[2564.205s][info][gc,heap        ] GC(460) Survivor regions: 108->109(154)
[2564.205s][info][gc,heap        ] GC(460) Old regions: 505->537
[2564.205s][info][gc,heap        ] GC(460) Humongous regions: 80->80
[2564.205s][info][gc,metaspace   ] GC(460) Metaspace: 28980K(29312K)->28980K(29312K) NonClass: 24096K(24256K)->24096K(24256K) Class: 4883K(5056K)->4883K(5056K)
[2564.205s][info][gc             ] GC(460) Pause Young (Prepare Mixed) (G1 Evacuation Pause) 3625M->1449M(4096M) 116.071ms
[2564.205s][info][gc,cpu         ] GC(460) User=0.69s Sys=0.00s Real=0.12s
....[2568.646s][info][gc,start       ] GC(461) Pause Young (Mixed) (G1 Evacuation Pause)
[2568.646s][info][gc,task        ] GC(461) Using 6 workers of 6 for evacuation
[2568.774s][info][gc,phases      ] GC(461)   Pre Evacuate Collection Set: 0.39ms
[2568.774s][info][gc,phases      ] GC(461)   Merge Heap Roots: 0.59ms
[2568.774s][info][gc,phases      ] GC(461)   Evacuate Collection Set: 126.23ms
[2568.774s][info][gc,phases      ] GC(461)   Post Evacuate Collection Set: 0.99ms
[2568.774s][info][gc,phases      ] GC(461)   Other: 0.09ms
[2568.774s][info][gc,heap        ] GC(461) Eden regions: 1110->0(1121)
[2568.774s][info][gc,heap        ] GC(461) Survivor regions: 109->107(153)
[2568.774s][info][gc,heap        ] GC(461) Old regions: 537->472
[2568.774s][info][gc,heap        ] GC(461) Humongous regions: 80->80
[2568.774s][info][gc,metaspace   ] GC(461) Metaspace: 28980K(29312K)->28980K(29312K) NonClass: 24096K(24256K)->24096K(24256K) Class: 4883K(5056K)->4883K(5056K)
[2568.774s][info][gc             ] GC(461) Pause Young (Mixed) (G1 Evacuation Pause) 3669M->1316M(4096M) 128.444ms
[2568.774s][info][gc,cpu         ] GC(461) User=0.76s Sys=0.00s Real=0.13s
.....[2573.215s][info][gc,start       ] GC(462) Pause Young (Concurrent Start) (G1 Evacuation Pause)
[2573.215s][info][gc,task        ] GC(462) Using 6 workers of 6 for evacuation
[2573.337s][info][gc,phases      ] GC(462)   Pre Evacuate Collection Set: 0.40ms
[2573.337s][info][gc,phases      ] GC(462)   Merge Heap Roots: 0.47ms
[2573.337s][info][gc,phases      ] GC(462)   Evacuate Collection Set: 119.44ms
[2573.337s][info][gc,phases      ] GC(462)   Post Evacuate Collection Set: 0.90ms
[2573.337s][info][gc,phases      ] GC(462)   Other: 0.10ms
[2573.337s][info][gc,heap        ] GC(462) Eden regions: 1121->0(1115)
[2573.337s][info][gc,heap        ] GC(462) Survivor regions: 107->113(154)
[2573.337s][info][gc,heap        ] GC(462) Old regions: 472->504
[2573.337s][info][gc,heap        ] GC(462) Humongous regions: 80->80
[2573.337s][info][gc,metaspace   ] GC(462) Metaspace: 28980K(29312K)->28980K(29312K) NonClass: 24096K(24256K)->24096K(24256K) Class: 4883K(5056K)->4883K(5056K)
[2573.337s][info][gc             ] GC(462) Pause Young (Concurrent Start) (G1 Evacuation Pause) 3558M->1391M(4096M) 121.435ms
[2573.337s][info][gc             ] GC(463) Concurrent Mark Cycle
[2573.337s][info][gc,marking     ] GC(463) Concurrent Scan Root Regions
[2573.337s][info][gc,cpu         ] GC(462) User=0.72s Sys=0.00s Real=0.12s
[2573.481s][info][gc,marking     ] GC(463) Concurrent Scan Root Regions 144.182ms
[2573.481s][info][gc,marking     ] GC(463) Concurrent Mark
[2573.481s][info][gc,marking     ] GC(463) Concurrent Mark From Roots
[2573.481s][info][gc,task        ] GC(463) Using 2 workers of 2 for marking
.[2574.132s][info][gc,marking     ] GC(463) Concurrent Mark From Roots 651.041ms
[2574.132s][info][gc,marking     ] GC(463) Concurrent Preclean
[2574.132s][info][gc,marking     ] GC(463) Concurrent Preclean 0.054ms
[2574.133s][info][gc,start       ] GC(463) Pause Remark
[2574.138s][info][gc             ] GC(463) Pause Remark 1867M->1867M(4096M) 4.263ms
[2574.138s][info][gc,cpu         ] GC(463) User=0.03s Sys=0.00s Real=0.00s
[2574.138s][info][gc,marking     ] GC(463) Concurrent Mark 657.327ms
[2574.138s][info][gc,marking     ] GC(463) Concurrent Rebuild Remembered Sets and Scrub Regions
[2574.370s][info][gc,marking     ] GC(463) Concurrent Rebuild Remembered Sets and Scrub Regions 231.879ms
[2574.370s][info][gc,start       ] GC(463) Pause Cleanup
[2574.370s][info][gc             ] GC(463) Pause Cleanup 1977M->1977M(4096M) 0.117ms
[2574.371s][info][gc,cpu         ] GC(463) User=0.01s Sys=0.00s Real=0.00s
[2574.371s][info][gc,marking     ] GC(463) Concurrent Clear Claimed Marks
[2574.371s][info][gc,marking     ] GC(463) Concurrent Clear Claimed Marks 0.033ms
[2574.371s][info][gc,marking     ] GC(463) Concurrent Cleanup for Next Mark
[2574.375s][info][gc,marking     ] GC(463) Concurrent Cleanup for Next Mark 4.239ms
[2574.375s][info][gc             ] GC(463) Concurrent Mark Cycle 1038.350ms
...[2577.664s][info][gc,start       ] GC(464) Pause Young (Prepare Mixed) (G1 Evacuation Pause)
[2577.664s][info][gc,task        ] GC(464) Using 6 workers of 6 for evacuation
[2577.779s][info][gc,phases      ] GC(464)   Pre Evacuate Collection Set: 0.35ms
[2577.779s][info][gc,phases      ] GC(464)   Merge Heap Roots: 0.52ms
[2577.779s][info][gc,phases      ] GC(464)   Evacuate Collection Set: 113.23ms
[2577.779s][info][gc,phases      ] GC(464)   Post Evacuate Collection Set: 0.94ms
[2577.779s][info][gc,phases      ] GC(464)   Other: 0.09ms
[2577.779s][info][gc,heap        ] GC(464) Eden regions: 1115->0(1115)
[2577.779s][info][gc,heap        ] GC(464) Survivor regions: 113->108(154)
[2577.779s][info][gc,heap        ] GC(464) Old regions: 504->534
[2577.779s][info][gc,heap        ] GC(464) Humongous regions: 80->80
[2577.779s][info][gc,metaspace   ] GC(464) Metaspace: 28982K(29312K)->28982K(29312K) NonClass: 24098K(24256K)->24098K(24256K) Class: 4883K(5056K)->4883K(5056K)
[2577.779s][info][gc             ] GC(464) Pause Young (Prepare Mixed) (G1 Evacuation Pause) 3621M->1442M(4096M) 115.274ms
[2577.779s][info][gc,cpu         ] GC(464) User=0.68s Sys=0.00s Real=0.11s
.....[2582.323s][info][gc,start       ] GC(465) Pause Young (Mixed) (G1 Evacuation Pause)
[2582.323s][info][gc,task        ] GC(465) Using 6 workers of 6 for evacuation
[2582.456s][info][gc,phases      ] GC(465)   Pre Evacuate Collection Set: 0.41ms
[2582.456s][info][gc,phases      ] GC(465)   Merge Heap Roots: 0.68ms
[2582.456s][info][gc,phases      ] GC(465)   Evacuate Collection Set: 130.98ms
[2582.456s][info][gc,phases      ] GC(465)   Post Evacuate Collection Set: 0.99ms
[2582.456s][info][gc,phases      ] GC(465)   Other: 0.10ms
[2582.456s][info][gc,heap        ] GC(465) Eden regions: 1115->0(1118)
[2582.456s][info][gc,heap        ] GC(465) Survivor regions: 108->110(153)
[2582.456s][info][gc,heap        ] GC(465) Old regions: 534->471
[2582.456s][info][gc,heap        ] GC(465) Humongous regions: 80->80
[2582.456s][info][gc,metaspace   ] GC(465) Metaspace: 28982K(29312K)->28982K(29312K) NonClass: 24098K(24256K)->24098K(24256K) Class: 4883K(5056K)->4883K(5056K)
[2582.456s][info][gc             ] GC(465) Pause Young (Mixed) (G1 Evacuation Pause) 3672M->1319M(4096M) 133.271ms
[2582.456s][info][gc,cpu         ] GC(465) User=0.78s Sys=0.00s Real=0.13s
.....[2586.822s][info][gc,start       ] GC(466) Pause Young (Concurrent Start) (G1 Evacuation Pause)
[2586.822s][info][gc,task        ] GC(466) Using 6 workers of 6 for evacuation
[2586.939s][info][gc,phases      ] GC(466)   Pre Evacuate Collection Set: 0.40ms
[2586.939s][info][gc,phases      ] GC(466)   Merge Heap Roots: 0.47ms
[2586.939s][info][gc,phases      ] GC(466)   Evacuate Collection Set: 115.19ms
[2586.939s][info][gc,phases      ] GC(466)   Post Evacuate Collection Set: 0.91ms
[2586.939s][info][gc,phases      ] GC(466)   Other: 0.13ms
[2586.939s][info][gc,heap        ] GC(466) Eden regions: 1118->0(1119)
[2586.939s][info][gc,heap        ] GC(466) Survivor regions: 110->109(154)
[2586.939s][info][gc,heap        ] GC(466) Old regions: 471->502
[2586.939s][info][gc,heap        ] GC(466) Humongous regions: 80->80
[2586.939s][info][gc,metaspace   ] GC(466) Metaspace: 28984K(29312K)->28984K(29312K) NonClass: 24101K(24256K)->24101K(24256K) Class: 4883K(5056K)->4883K(5056K)
[2586.939s][info][gc             ] GC(466) Pause Young (Concurrent Start) (G1 Evacuation Pause) 3555M->1381M(4096M) 117.267ms
[2586.939s][info][gc             ] GC(467) Concurrent Mark Cycle
[2586.939s][info][gc,marking     ] GC(467) Concurrent Scan Root Regions
[2586.939s][info][gc,cpu         ] GC(466) User=0.70s Sys=0.00s Real=0.12s
[2587.079s][info][gc,marking     ] GC(467) Concurrent Scan Root Regions 140.243ms
[2587.079s][info][gc,marking     ] GC(467) Concurrent Mark
[2587.079s][info][gc,marking     ] GC(467) Concurrent Mark From Roots
[2587.079s][info][gc,task        ] GC(467) Using 2 workers of 2 for marking
[2587.705s][info][gc,marking     ] GC(467) Concurrent Mark From Roots 625.849ms
[2587.705s][info][gc,marking     ] GC(467) Concurrent Preclean
[2587.705s][info][gc,marking     ] GC(467) Concurrent Preclean 0.087ms
[2587.706s][info][gc,start       ] GC(467) Pause Remark
[2587.709s][info][gc             ] GC(467) Pause Remark 1823M->1823M(4096M) 3.214ms
[2587.709s][info][gc,cpu         ] GC(467) User=0.02s Sys=0.00s Real=0.00s
[2587.710s][info][gc,marking     ] GC(467) Concurrent Mark 630.557ms
[2587.710s][info][gc,marking     ] GC(467) Concurrent Rebuild Remembered Sets and Scrub Regions
.[2588.069s][info][gc,marking     ] GC(467) Concurrent Rebuild Remembered Sets and Scrub Regions 358.850ms
[2588.069s][info][gc,start       ] GC(467) Pause Cleanup
[2588.069s][info][gc             ] GC(467) Pause Cleanup 1995M->1995M(4096M) 0.119ms
[2588.069s][info][gc,cpu         ] GC(467) User=0.00s Sys=0.00s Real=0.00s
[2588.069s][info][gc,marking     ] GC(467) Concurrent Clear Claimed Marks
[2588.069s][info][gc,marking     ] GC(467) Concurrent Clear Claimed Marks 0.025ms
[2588.069s][info][gc,marking     ] GC(467) Concurrent Cleanup for Next Mark
[2588.073s][info][gc,marking     ] GC(467) Concurrent Cleanup for Next Mark 3.410ms
[2588.073s][info][gc             ] GC(467) Concurrent Mark Cycle 1133.602ms
...[2591.336s][info][gc,start       ] GC(468) Pause Young (Prepare Mixed) (G1 Evacuation Pause)
[2591.336s][info][gc,task        ] GC(468) Using 6 workers of 6 for evacuation
[2591.455s][info][gc,phases      ] GC(468)   Pre Evacuate Collection Set: 0.35ms
[2591.455s][info][gc,phases      ] GC(468)   Merge Heap Roots: 0.53ms
[2591.455s][info][gc,phases      ] GC(468)   Evacuate Collection Set: 117.29ms
[2591.455s][info][gc,phases      ] GC(468)   Post Evacuate Collection Set: 0.93ms
[2591.455s][info][gc,phases      ] GC(468)   Other: 0.10ms
[2591.455s][info][gc,heap        ] GC(468) Eden regions: 1119->0(1108)
[2591.455s][info][gc,heap        ] GC(468) Survivor regions: 109->111(154)
[2591.455s][info][gc,heap        ] GC(468) Old regions: 502->535
[2591.455s][info][gc,heap        ] GC(468) Humongous regions: 80->80
[2591.455s][info][gc,metaspace   ] GC(468) Metaspace: 28984K(29312K)->28984K(29312K) NonClass: 24101K(24256K)->24101K(24256K) Class: 4883K(5056K)->4883K(5056K)
[2591.455s][info][gc             ] GC(468) Pause Young (Prepare Mixed) (G1 Evacuation Pause) 3619M->1450M(4096M) 119.329ms
[2591.455s][info][gc,cpu         ] GC(468) User=0.70s Sys=0.01s Real=0.12s
....[2595.802s][info][gc,start       ] GC(469) Pause Young (Mixed) (G1 Evacuation Pause)
[2595.802s][info][gc,task        ] GC(469) Using 6 workers of 6 for evacuation
[2595.933s][info][gc,phases      ] GC(469)   Pre Evacuate Collection Set: 0.38ms
[2595.933s][info][gc,phases      ] GC(469)   Merge Heap Roots: 0.66ms
[2595.933s][info][gc,phases      ] GC(469)   Evacuate Collection Set: 129.22ms
[2595.933s][info][gc,phases      ] GC(469)   Post Evacuate Collection Set: 0.99ms
[2595.933s][info][gc,phases      ] GC(469)   Other: 0.09ms
[2595.933s][info][gc,heap        ] GC(469) Eden regions: 1108->0(1121)
[2595.933s][info][gc,heap        ] GC(469) Survivor regions: 111->107(153)
[2595.933s][info][gc,heap        ] GC(469) Old regions: 535->472
[2595.933s][info][gc,heap        ] GC(469) Humongous regions: 80->80
[2595.933s][info][gc,metaspace   ] GC(469) Metaspace: 28984K(29312K)->28984K(29312K) NonClass: 24101K(24256K)->24101K(24256K) Class: 4883K(5056K)->4883K(5056K)
[2595.933s][info][gc             ] GC(469) Pause Young (Mixed) (G1 Evacuation Pause) 3666M->1317M(4096M) 131.472ms
[2595.933s][info][gc,cpu         ] GC(469) User=0.77s Sys=0.00s Real=0.14s
..... (rIR:aIR:PR = 4151:4151:4151) (tPR = 62012) [OK] 
  2599s: Performance info:
         Transaction,    Success,    Partial,     Failed,   Receipts, AvgBarcode, 
             Overall,     251227,          0,          0,     238684,      59.48, 
         Response times:
             Request,    Success,    Partial,     Failed,   SkipFail,     Probes,    Samples,      min,      p50,      p90,      p95,      p99,      max, 
       TotalPurchase,     238675,          0,          0,          0,     233562,     250286,      300,     3400,     6000,     9000,    40000,   181000,
     InStorePurchase,     125587,          0,          0,          0,     123135,     131711,      300,     3400,     6000,     9000,    40000,   181000,
      OnlinePurchase,      88000,          0,          0,          0,      86022,      92244,      300,     3400,     6100,     9200,    40000,   154000,
        InstPurchase,      25088,          0,          0,          0,      24405,      26331,      400,     3300,     6000,     8600,    41000,   181000,
          AssocOfCat,        247,          0,          0,          0,        189,        256,    20000,    30000,    42300,    58150,   151880,   164000,
      AssocOfProduct,       2515,          0,          0,          0,       2339,       2738,      700,     3300,     6100,     8905,    40000,   136000,
      BusinessReport,        626,          0,          0,          0,        536,        668,    23000,    32000,    47000,    61000,   100930,   220000,
          CustBuyBeh,       2511,          0,          0,          0,       2289,       2634,      300,     2700,     4700,     6625,    31650,   137000,
       ProductReturn,       6653,          0,          0,          0,       6297,       7000,      200,     2900,     5590,     8100,    34000,   138000,

  2599s: (31%)   IR =   4289 [2600.433s][info][gc,start       ] GC(470) Pause Young (Concurrent Start) (G1 Evacuation Pause)
[2600.433s][info][gc,task        ] GC(470) Using 6 workers of 6 for evacuation
[2600.549s][info][gc,phases      ] GC(470)   Pre Evacuate Collection Set: 0.40ms
[2600.549s][info][gc,phases      ] GC(470)   Merge Heap Roots: 0.52ms
[2600.549s][info][gc,phases      ] GC(470)   Evacuate Collection Set: 114.10ms
[2600.549s][info][gc,phases      ] GC(470)   Post Evacuate Collection Set: 0.93ms
[2600.549s][info][gc,phases      ] GC(470)   Other: 0.10ms
[2600.549s][info][gc,heap        ] GC(470) Eden regions: 1121->0(1120)
[2600.549s][info][gc,heap        ] GC(470) Survivor regions: 107->108(154)
[2600.549s][info][gc,heap        ] GC(470) Old regions: 472->503
[2600.549s][info][gc,heap        ] GC(470) Humongous regions: 80->80
[2600.549s][info][gc,metaspace   ] GC(470) Metaspace: 28984K(29312K)->28984K(29312K) NonClass: 24101K(24256K)->24101K(24256K) Class: 4883K(5056K)->4883K(5056K)
[2600.549s][info][gc             ] GC(470) Pause Young (Concurrent Start) (G1 Evacuation Pause) 3559M->1381M(4096M) 116.178ms
[2600.549s][info][gc             ] GC(471) Concurrent Mark Cycle
[2600.549s][info][gc,marking     ] GC(471) Concurrent Scan Root Regions
[2600.549s][info][gc,cpu         ] GC(470) User=0.68s Sys=0.00s Real=0.11s
[2600.683s][info][gc,marking     ] GC(471) Concurrent Scan Root Regions 134.333ms
[2600.683s][info][gc,marking     ] GC(471) Concurrent Mark
[2600.683s][info][gc,marking     ] GC(471) Concurrent Mark From Roots
[2600.683s][info][gc,task        ] GC(471) Using 2 workers of 2 for marking
.[2601.304s][info][gc,marking     ] GC(471) Concurrent Mark From Roots 620.303ms
[2601.304s][info][gc,marking     ] GC(471) Concurrent Preclean
[2601.304s][info][gc,marking     ] GC(471) Concurrent Preclean 0.071ms
[2601.304s][info][gc,start       ] GC(471) Pause Remark
[2601.308s][info][gc             ] GC(471) Pause Remark 1813M->1813M(4096M) 3.576ms
[2601.308s][info][gc,cpu         ] GC(471) User=0.02s Sys=0.00s Real=0.00s
[2601.308s][info][gc,marking     ] GC(471) Concurrent Mark 624.442ms
[2601.308s][info][gc,marking     ] GC(471) Concurrent Rebuild Remembered Sets and Scrub Regions
[2601.539s][info][gc,marking     ] GC(471) Concurrent Rebuild Remembered Sets and Scrub Regions 231.609ms
[2601.539s][info][gc,start       ] GC(471) Pause Cleanup
[2601.540s][info][gc             ] GC(471) Pause Cleanup 1935M->1935M(4096M) 0.113ms
[2601.540s][info][gc,cpu         ] GC(471) User=0.00s Sys=0.00s Real=0.00s
[2601.540s][info][gc,marking     ] GC(471) Concurrent Clear Claimed Marks
[2601.540s][info][gc,marking     ] GC(471) Concurrent Clear Claimed Marks 0.038ms
[2601.540s][info][gc,marking     ] GC(471) Concurrent Cleanup for Next Mark
[2601.545s][info][gc,marking     ] GC(471) Concurrent Cleanup for Next Mark 4.577ms
[2601.545s][info][gc             ] GC(471) Concurrent Mark Cycle 995.693ms
...|[2604.872s][info][gc,start       ] GC(472) Pause Young (Prepare Mixed) (G1 Evacuation Pause)
[2604.872s][info][gc,task        ] GC(472) Using 6 workers of 6 for evacuation
[2604.993s][info][gc,phases      ] GC(472)   Pre Evacuate Collection Set: 0.37ms
[2604.993s][info][gc,phases      ] GC(472)   Merge Heap Roots: 0.51ms
[2604.993s][info][gc,phases      ] GC(472)   Evacuate Collection Set: 118.55ms
[2604.993s][info][gc,phases      ] GC(472)   Post Evacuate Collection Set: 0.96ms
[2604.993s][info][gc,phases      ] GC(472)   Other: 0.09ms
[2604.993s][info][gc,heap        ] GC(472) Eden regions: 1120->0(1106)
[2604.993s][info][gc,heap        ] GC(472) Survivor regions: 108->112(154)
[2604.993s][info][gc,heap        ] GC(472) Old regions: 503->535
[2604.993s][info][gc,heap        ] GC(472) Humongous regions: 80->80
[2604.993s][info][gc,metaspace   ] GC(472) Metaspace: 28986K(29312K)->28986K(29312K) NonClass: 24102K(24256K)->24102K(24256K) Class: 4883K(5056K)->4883K(5056K)
[2604.993s][info][gc             ] GC(472) Pause Young (Prepare Mixed) (G1 Evacuation Pause) 3621M->1452M(4096M) 120.639ms
[2604.993s][info][gc,cpu         ] GC(472) User=0.71s Sys=0.00s Real=0.12s
.....[2609.199s][info][gc,start       ] GC(473) Pause Young (Mixed) (G1 Evacuation Pause)
[2609.200s][info][gc,task        ] GC(473) Using 6 workers of 6 for evacuation
[2609.335s][info][gc,phases      ] GC(473)   Pre Evacuate Collection Set: 0.38ms
[2609.335s][info][gc,phases      ] GC(473)   Merge Heap Roots: 0.78ms
[2609.335s][info][gc,phases      ] GC(473)   Evacuate Collection Set: 132.90ms
[2609.335s][info][gc,phases      ] GC(473)   Post Evacuate Collection Set: 1.00ms
[2609.335s][info][gc,phases      ] GC(473)   Other: 0.09ms
[2609.335s][info][gc,heap        ] GC(473) Eden regions: 1106->0(1118)
[2609.335s][info][gc,heap        ] GC(473) Survivor regions: 112->110(153)
[2609.335s][info][gc,heap        ] GC(473) Old regions: 535->472
[2609.335s][info][gc,heap        ] GC(473) Humongous regions: 80->80
[2609.335s][info][gc,metaspace   ] GC(473) Metaspace: 28986K(29312K)->28986K(29312K) NonClass: 24102K(24256K)->24102K(24256K) Class: 4883K(5056K)->4883K(5056K)
[2609.335s][info][gc             ] GC(473) Pause Young (Mixed) (G1 Evacuation Pause) 3664M->1323M(4096M) 135.310ms
[2609.335s][info][gc,cpu         ] GC(473) User=0.80s Sys=0.00s Real=0.14s
....[2613.556s][info][gc,start       ] GC(474) Pause Young (Concurrent Start) (G1 Evacuation Pause)
[2613.556s][info][gc,task        ] GC(474) Using 6 workers of 6 for evacuation
[2613.671s][info][gc,phases      ] GC(474)   Pre Evacuate Collection Set: 0.41ms
[2613.671s][info][gc,phases      ] GC(474)   Merge Heap Roots: 0.59ms
[2613.671s][info][gc,phases      ] GC(474)   Evacuate Collection Set: 113.28ms
[2613.671s][info][gc,phases      ] GC(474)   Post Evacuate Collection Set: 0.90ms
[2613.671s][info][gc,phases      ] GC(474)   Other: 0.13ms
[2613.671s][info][gc,heap        ] GC(474) Eden regions: 1118->0(1120)
[2613.671s][info][gc,heap        ] GC(474) Survivor regions: 110->108(154)
[2613.671s][info][gc,heap        ] GC(474) Old regions: 472->504
[2613.671s][info][gc,heap        ] GC(474) Humongous regions: 80->80
[2613.671s][info][gc,metaspace   ] GC(474) Metaspace: 28986K(29312K)->28986K(29312K) NonClass: 24102K(24256K)->24102K(24256K) Class: 4883K(5056K)->4883K(5056K)
[2613.671s][info][gc             ] GC(474) Pause Young (Concurrent Start) (G1 Evacuation Pause) 3559M->1382M(4096M) 115.427ms
[2613.672s][info][gc             ] GC(475) Concurrent Mark Cycle
[2613.672s][info][gc,marking     ] GC(475) Concurrent Scan Root Regions
[2613.672s][info][gc,cpu         ] GC(474) User=0.68s Sys=0.00s Real=0.11s
[2613.800s][info][gc,marking     ] GC(475) Concurrent Scan Root Regions 128.022ms
[2613.800s][info][gc,marking     ] GC(475) Concurrent Mark
[2613.800s][info][gc,marking     ] GC(475) Concurrent Mark From Roots
[2613.800s][info][gc,task        ] GC(475) Using 2 workers of 2 for marking
.[2614.415s][info][gc,marking     ] GC(475) Concurrent Mark From Roots 615.240ms
[2614.415s][info][gc,marking     ] GC(475) Concurrent Preclean
[2614.415s][info][gc,marking     ] GC(475) Concurrent Preclean 0.058ms
[2614.415s][info][gc,start       ] GC(475) Pause Remark
[2614.419s][info][gc             ] GC(475) Pause Remark 1800M->1800M(4096M) 4.169ms
[2614.419s][info][gc,cpu         ] GC(475) User=0.02s Sys=0.00s Real=0.00s
[2614.419s][info][gc,marking     ] GC(475) Concurrent Mark 619.743ms
[2614.419s][info][gc,marking     ] GC(475) Concurrent Rebuild Remembered Sets and Scrub Regions
[2614.655s][info][gc,marking     ] GC(475) Concurrent Rebuild Remembered Sets and Scrub Regions 235.814ms
[2614.655s][info][gc,start       ] GC(475) Pause Cleanup
[2614.655s][info][gc             ] GC(475) Pause Cleanup 1932M->1932M(4096M) 0.106ms
[2614.655s][info][gc,cpu         ] GC(475) User=0.00s Sys=0.00s Real=0.00s
[2614.655s][info][gc,marking     ] GC(475) Concurrent Clear Claimed Marks
[2614.656s][info][gc,marking     ] GC(475) Concurrent Clear Claimed Marks 0.033ms
[2614.656s][info][gc,marking     ] GC(475) Concurrent Cleanup for Next Mark
[2614.659s][info][gc,marking     ] GC(475) Concurrent Cleanup for Next Mark 3.647ms
[2614.659s][info][gc             ] GC(475) Concurrent Mark Cycle 987.741ms
...[2617.998s][info][gc,start       ] GC(476) Pause Young (Prepare Mixed) (G1 Evacuation Pause)
[2617.998s][info][gc,task        ] GC(476) Using 6 workers of 6 for evacuation
[2618.114s][info][gc,phases      ] GC(476)   Pre Evacuate Collection Set: 0.36ms
[2618.114s][info][gc,phases      ] GC(476)   Merge Heap Roots: 0.49ms
[2618.114s][info][gc,phases      ] GC(476)   Evacuate Collection Set: 113.59ms
[2618.114s][info][gc,phases      ] GC(476)   Post Evacuate Collection Set: 0.96ms
[2618.114s][info][gc,phases      ] GC(476)   Other: 0.09ms
[2618.114s][info][gc,heap        ] GC(476) Eden regions: 1120->0(1112)
[2618.114s][info][gc,heap        ] GC(476) Survivor regions: 108->109(154)
[2618.114s][info][gc,heap        ] GC(476) Old regions: 504->535
[2618.114s][info][gc,heap        ] GC(476) Humongous regions: 80->80
[2618.114s][info][gc,metaspace   ] GC(476) Metaspace: 28986K(29312K)->28986K(29312K) NonClass: 24102K(24256K)->24102K(24256K) Class: 4883K(5056K)->4883K(5056K)
[2618.114s][info][gc             ] GC(476) Pause Young (Prepare Mixed) (G1 Evacuation Pause) 3622M->1446M(4096M) 115.647ms
[2618.114s][info][gc,cpu         ] GC(476) User=0.68s Sys=0.00s Real=0.12s
.....[2622.375s][info][gc,start       ] GC(477) Pause Young (Mixed) (G1 Evacuation Pause)
[2622.375s][info][gc,task        ] GC(477) Using 6 workers of 6 for evacuation
[2622.510s][info][gc,phases      ] GC(477)   Pre Evacuate Collection Set: 0.38ms
[2622.510s][info][gc,phases      ] GC(477)   Merge Heap Roots: 0.69ms
[2622.510s][info][gc,phases      ] GC(477)   Evacuate Collection Set: 132.46ms
[2622.510s][info][gc,phases      ] GC(477)   Post Evacuate Collection Set: 0.98ms
[2622.510s][info][gc,phases      ] GC(477)   Other: 0.09ms
[2622.510s][info][gc,heap        ] GC(477) Eden regions: 1112->0(1118)
[2622.510s][info][gc,heap        ] GC(477) Survivor regions: 109->110(153)
[2622.510s][info][gc,heap        ] GC(477) Old regions: 535->472
[2622.510s][info][gc,heap        ] GC(477) Humongous regions: 80->80
[2622.510s][info][gc,metaspace   ] GC(477) Metaspace: 28986K(29312K)->28986K(29312K) NonClass: 24102K(24256K)->24102K(24256K) Class: 4883K(5056K)->4883K(5056K)
[2622.510s][info][gc             ] GC(477) Pause Young (Mixed) (G1 Evacuation Pause) 3670M->1322M(4096M) 134.717ms
[2622.510s][info][gc,cpu         ] GC(477) User=0.80s Sys=0.00s Real=0.13s
....[2626.751s][info][gc,start       ] GC(478) Pause Young (Concurrent Start) (G1 Evacuation Pause)
[2626.751s][info][gc,task        ] GC(478) Using 6 workers of 6 for evacuation
[2626.867s][info][gc,phases      ] GC(478)   Pre Evacuate Collection Set: 0.42ms
[2626.867s][info][gc,phases      ] GC(478)   Merge Heap Roots: 0.49ms
[2626.867s][info][gc,phases      ] GC(478)   Evacuate Collection Set: 113.86ms
[2626.867s][info][gc,phases      ] GC(478)   Post Evacuate Collection Set: 0.92ms
[2626.867s][info][gc,phases      ] GC(478)   Other: 0.11ms
[2626.867s][info][gc,heap        ] GC(478) Eden regions: 1118->0(1121)
[2626.867s][info][gc,heap        ] GC(478) Survivor regions: 110->107(154)
[2626.867s][info][gc,heap        ] GC(478) Old regions: 472->505
[2626.867s][info][gc,heap        ] GC(478) Humongous regions: 80->80
[2626.867s][info][gc,metaspace   ] GC(478) Metaspace: 28986K(29312K)->28986K(29312K) NonClass: 24102K(24256K)->24102K(24256K) Class: 4883K(5056K)->4883K(5056K)
[2626.867s][info][gc             ] GC(478) Pause Young (Concurrent Start) (G1 Evacuation Pause) 3558M->1382M(4096M) 115.940ms
[2626.867s][info][gc             ] GC(479) Concurrent Mark Cycle
[2626.867s][info][gc,marking     ] GC(479) Concurrent Scan Root Regions
[2626.867s][info][gc,cpu         ] GC(478) User=0.69s Sys=0.00s Real=0.12s
[2627.038s][info][gc,marking     ] GC(479) Concurrent Scan Root Regions 171.015ms
[2627.038s][info][gc,marking     ] GC(479) Concurrent Mark
[2627.038s][info][gc,marking     ] GC(479) Concurrent Mark From Roots
[2627.038s][info][gc,task        ] GC(479) Using 2 workers of 2 for marking
.[2627.729s][info][gc,marking     ] GC(479) Concurrent Mark From Roots 690.818ms
[2627.729s][info][gc,marking     ] GC(479) Concurrent Preclean
[2627.729s][info][gc,marking     ] GC(479) Concurrent Preclean 0.081ms
[2627.729s][info][gc,start       ] GC(479) Pause Remark
[2627.733s][info][gc             ] GC(479) Pause Remark 1870M->1870M(4096M) 3.648ms
[2627.733s][info][gc,cpu         ] GC(479) User=0.02s Sys=0.00s Real=0.01s
[2627.733s][info][gc,marking     ] GC(479) Concurrent Mark 695.033ms
[2627.733s][info][gc,marking     ] GC(479) Concurrent Rebuild Remembered Sets and Scrub Regions
[2627.982s][info][gc,marking     ] GC(479) Concurrent Rebuild Remembered Sets and Scrub Regions 249.603ms
[2627.983s][info][gc,start       ] GC(479) Pause Cleanup
[2627.983s][info][gc             ] GC(479) Pause Cleanup 2002M->2002M(4096M) 0.111ms
[2627.983s][info][gc,cpu         ] GC(479) User=0.00s Sys=0.00s Real=0.00s
[2627.983s][info][gc,marking     ] GC(479) Concurrent Clear Claimed Marks
[2627.983s][info][gc,marking     ] GC(479) Concurrent Clear Claimed Marks 0.031ms
[2627.983s][info][gc,marking     ] GC(479) Concurrent Cleanup for Next Mark
[2627.986s][info][gc,marking     ] GC(479) Concurrent Cleanup for Next Mark 3.584ms
[2627.986s][info][gc             ] GC(479) Concurrent Mark Cycle 1119.725ms
....[2631.164s][info][gc,start       ] GC(480) Pause Young (Prepare Mixed) (G1 Evacuation Pause)
[2631.164s][info][gc,task        ] GC(480) Using 6 workers of 6 for evacuation
[2631.282s][info][gc,phases      ] GC(480)   Pre Evacuate Collection Set: 0.37ms
[2631.282s][info][gc,phases      ] GC(480)   Merge Heap Roots: 0.50ms
[2631.282s][info][gc,phases      ] GC(480)   Evacuate Collection Set: 116.47ms
[2631.282s][info][gc,phases      ] GC(480)   Post Evacuate Collection Set: 0.95ms
[2631.282s][info][gc,phases      ] GC(480)   Other: 0.09ms
[2631.282s][info][gc,heap        ] GC(480) Eden regions: 1121->0(1106)
[2631.282s][info][gc,heap        ] GC(480) Survivor regions: 107->112(154)
[2631.282s][info][gc,heap        ] GC(480) Old regions: 505->535
[2631.282s][info][gc,heap        ] GC(480) Humongous regions: 80->80
[2631.282s][info][gc,metaspace   ] GC(480) Metaspace: 28986K(29312K)->28986K(29312K) NonClass: 24102K(24256K)->24102K(24256K) Class: 4883K(5056K)->4883K(5056K)
[2631.282s][info][gc             ] GC(480) Pause Young (Prepare Mixed) (G1 Evacuation Pause) 3624M->1452M(4096M) 118.505ms
[2631.282s][info][gc,cpu         ] GC(480) User=0.70s Sys=0.00s Real=0.12s
....[2635.565s][info][gc,start       ] GC(481) Pause Young (Mixed) (G1 Evacuation Pause)
[2635.565s][info][gc,task        ] GC(481) Using 6 workers of 6 for evacuation
[2635.695s][info][gc,phases      ] GC(481)   Pre Evacuate Collection Set: 0.40ms
[2635.695s][info][gc,phases      ] GC(481)   Merge Heap Roots: 0.62ms
[2635.695s][info][gc,phases      ] GC(481)   Evacuate Collection Set: 127.97ms
[2635.695s][info][gc,phases      ] GC(481)   Post Evacuate Collection Set: 0.98ms
[2635.695s][info][gc,phases      ] GC(481)   Other: 0.09ms
[2635.695s][info][gc,heap        ] GC(481) Eden regions: 1106->0(1119)
[2635.695s][info][gc,heap        ] GC(481) Survivor regions: 112->109(153)
[2635.695s][info][gc,heap        ] GC(481) Old regions: 535->472
[2635.695s][info][gc,heap        ] GC(481) Humongous regions: 80->80
[2635.695s][info][gc,metaspace   ] GC(481) Metaspace: 28986K(29312K)->28986K(29312K) NonClass: 24102K(24256K)->24102K(24256K) Class: 4883K(5056K)->4883K(5056K)
[2635.695s][info][gc             ] GC(481) Pause Young (Mixed) (G1 Evacuation Pause) 3664M->1320M(4096M) 130.203ms
[2635.695s][info][gc,cpu         ] GC(481) User=0.77s Sys=0.00s Real=0.13s
....[2639.896s][info][gc,start       ] GC(482) Pause Young (Concurrent Start) (G1 Evacuation Pause)
[2639.897s][info][gc,task        ] GC(482) Using 6 workers of 6 for evacuation
[2640.013s][info][gc,phases      ] GC(482)   Pre Evacuate Collection Set: 0.42ms
[2640.013s][info][gc,phases      ] GC(482)   Merge Heap Roots: 0.48ms
[2640.013s][info][gc,phases      ] GC(482)   Evacuate Collection Set: 114.24ms
[2640.013s][info][gc,phases      ] GC(482)   Post Evacuate Collection Set: 0.91ms
[2640.013s][info][gc,phases      ] GC(482)   Other: 0.12ms
[2640.013s][info][gc,heap        ] GC(482) Eden regions: 1119->0(1121)
[2640.013s][info][gc,heap        ] GC(482) Survivor regions: 109->107(154)
[2640.013s][info][gc,heap        ] GC(482) Old regions: 472->504
[2640.013s][info][gc,heap        ] GC(482) Humongous regions: 80->80
[2640.013s][info][gc,metaspace   ] GC(482) Metaspace: 28986K(29312K)->28986K(29312K) NonClass: 24102K(24256K)->24102K(24256K) Class: 4883K(5056K)->4883K(5056K)
[2640.013s][info][gc             ] GC(482) Pause Young (Concurrent Start) (G1 Evacuation Pause) 3558M->1381M(4096M) 116.306ms
[2640.013s][info][gc             ] GC(483) Concurrent Mark Cycle
[2640.013s][info][gc,marking     ] GC(483) Concurrent Scan Root Regions
[2640.013s][info][gc,cpu         ] GC(482) User=0.69s Sys=0.00s Real=0.12s
.[2640.148s][info][gc,marking     ] GC(483) Concurrent Scan Root Regions 135.553ms
[2640.148s][info][gc,marking     ] GC(483) Concurrent Mark
[2640.148s][info][gc,marking     ] GC(483) Concurrent Mark From Roots
[2640.148s][info][gc,task        ] GC(483) Using 2 workers of 2 for marking
[2640.804s][info][gc,marking     ] GC(483) Concurrent Mark From Roots 655.363ms
[2640.804s][info][gc,marking     ] GC(483) Concurrent Preclean
[2640.804s][info][gc,marking     ] GC(483) Concurrent Preclean 0.084ms
[2640.804s][info][gc,start       ] GC(483) Pause Remark
[2640.808s][info][gc             ] GC(483) Pause Remark 1829M->1829M(4096M) 3.259ms
[2640.808s][info][gc,cpu         ] GC(483) User=0.02s Sys=0.00s Real=0.00s
[2640.808s][info][gc,marking     ] GC(483) Concurrent Mark 659.246ms
[2640.808s][info][gc,marking     ] GC(483) Concurrent Rebuild Remembered Sets and Scrub Regions
[2641.079s][info][gc,marking     ] GC(483) Concurrent Rebuild Remembered Sets and Scrub Regions 270.879ms
[2641.079s][info][gc,start       ] GC(483) Pause Cleanup
[2641.079s][info][gc             ] GC(483) Pause Cleanup 1987M->1987M(4096M) 0.126ms
[2641.079s][info][gc,cpu         ] GC(483) User=0.00s Sys=0.00s Real=0.00s
[2641.079s][info][gc,marking     ] GC(483) Concurrent Clear Claimed Marks
[2641.079s][info][gc,marking     ] GC(483) Concurrent Clear Claimed Marks 0.027ms
[2641.079s][info][gc,marking     ] GC(483) Concurrent Cleanup for Next Mark
[2641.083s][info][gc,marking     ] GC(483) Concurrent Cleanup for Next Mark 4.476ms
[2641.084s][info][gc             ] GC(483) Concurrent Mark Cycle 1070.683ms
....[2644.359s][info][gc,start       ] GC(484) Pause Young (Prepare Mixed) (G1 Evacuation Pause)
[2644.359s][info][gc,task        ] GC(484) Using 6 workers of 6 for evacuation
[2644.476s][info][gc,phases      ] GC(484)   Pre Evacuate Collection Set: 0.36ms
[2644.476s][info][gc,phases      ] GC(484)   Merge Heap Roots: 0.50ms
[2644.476s][info][gc,phases      ] GC(484)   Evacuate Collection Set: 115.21ms
[2644.476s][info][gc,phases      ] GC(484)   Post Evacuate Collection Set: 0.96ms
[2644.476s][info][gc,phases      ] GC(484)   Other: 0.11ms
[2644.476s][info][gc,heap        ] GC(484) Eden regions: 1121->0(1113)
[2644.476s][info][gc,heap        ] GC(484) Survivor regions: 107->108(154)
[2644.476s][info][gc,heap        ] GC(484) Old regions: 504->536
[2644.476s][info][gc,heap        ] GC(484) Humongous regions: 80->80
[2644.476s][info][gc,metaspace   ] GC(484) Metaspace: 28986K(29312K)->28986K(29312K) NonClass: 24102K(24256K)->24102K(24256K) Class: 4883K(5056K)->4883K(5056K)
[2644.476s][info][gc             ] GC(484) Pause Young (Prepare Mixed) (G1 Evacuation Pause) 3623M->1446M(4096M) 117.312ms
[2644.476s][info][gc,cpu         ] GC(484) User=0.69s Sys=0.00s Real=0.12s
....[2648.709s][info][gc,start       ] GC(485) Pause Young (Mixed) (G1 Evacuation Pause)
[2648.709s][info][gc,task        ] GC(485) Using 6 workers of 6 for evacuation
[2648.842s][info][gc,phases      ] GC(485)   Pre Evacuate Collection Set: 0.40ms
[2648.842s][info][gc,phases      ] GC(485)   Merge Heap Roots: 0.68ms
[2648.842s][info][gc,phases      ] GC(485)   Evacuate Collection Set: 130.37ms
[2648.842s][info][gc,phases      ] GC(485)   Post Evacuate Collection Set: 0.95ms
[2648.842s][info][gc,phases      ] GC(485)   Other: 0.09ms
[2648.842s][info][gc,heap        ] GC(485) Eden regions: 1113->0(1119)
[2648.842s][info][gc,heap        ] GC(485) Survivor regions: 108->109(153)
[2648.842s][info][gc,heap        ] GC(485) Old regions: 536->472
[2648.842s][info][gc,heap        ] GC(485) Humongous regions: 80->80
[2648.842s][info][gc,metaspace   ] GC(485) Metaspace: 28986K(29312K)->28986K(29312K) NonClass: 24102K(24256K)->24102K(24256K) Class: 4883K(5056K)->4883K(5056K)
[2648.842s][info][gc             ] GC(485) Pause Young (Mixed) (G1 Evacuation Pause) 3672M->1320M(4096M) 132.643ms
[2648.842s][info][gc,cpu         ] GC(485) User=0.79s Sys=0.00s Real=0.13s
....[2653.123s][info][gc,start       ] GC(486) Pause Young (Concurrent Start) (G1 Evacuation Pause)
[2653.123s][info][gc,task        ] GC(486) Using 6 workers of 6 for evacuation
[2653.240s][info][gc,phases      ] GC(486)   Pre Evacuate Collection Set: 0.39ms
[2653.240s][info][gc,phases      ] GC(486)   Merge Heap Roots: 0.47ms
[2653.240s][info][gc,phases      ] GC(486)   Evacuate Collection Set: 114.51ms
[2653.240s][info][gc,phases      ] GC(486)   Post Evacuate Collection Set: 0.90ms
[2653.240s][info][gc,phases      ] GC(486)   Other: 0.13ms
[2653.240s][info][gc,heap        ] GC(486) Eden regions: 1119->0(1119)
[2653.240s][info][gc,heap        ] GC(486) Survivor regions: 109->109(154)
[2653.240s][info][gc,heap        ] GC(486) Old regions: 472->504
[2653.240s][info][gc,heap        ] GC(486) Humongous regions: 80->80
[2653.240s][info][gc,metaspace   ] GC(486) Metaspace: 28986K(29312K)->28986K(29312K) NonClass: 24102K(24256K)->24102K(24256K) Class: 4883K(5056K)->4883K(5056K)
[2653.240s][info][gc             ] GC(486) Pause Young (Concurrent Start) (G1 Evacuation Pause) 3558M->1385M(4096M) 116.531ms
[2653.240s][info][gc             ] GC(487) Concurrent Mark Cycle
[2653.240s][info][gc,marking     ] GC(487) Concurrent Scan Root Regions
[2653.240s][info][gc,cpu         ] GC(486) User=0.69s Sys=0.00s Real=0.11s
.[2653.420s][info][gc,marking     ] GC(487) Concurrent Scan Root Regions 179.947ms
[2653.420s][info][gc,marking     ] GC(487) Concurrent Mark
[2653.420s][info][gc,marking     ] GC(487) Concurrent Mark From Roots
[2653.420s][info][gc,task        ] GC(487) Using 2 workers of 2 for marking
.[2654.342s][info][gc,marking     ] GC(487) Concurrent Mark From Roots 921.962ms
[2654.342s][info][gc,marking     ] GC(487) Concurrent Preclean
[2654.342s][info][gc,marking     ] GC(487) Concurrent Preclean 0.057ms
[2654.342s][info][gc,start       ] GC(487) Pause Remark
[2654.346s][info][gc             ] GC(487) Pause Remark 2031M->2031M(4096M) 4.275ms
[2654.347s][info][gc,cpu         ] GC(487) User=0.02s Sys=0.00s Real=0.00s
[2654.347s][info][gc,marking     ] GC(487) Concurrent Mark 926.573ms
[2654.347s][info][gc,marking     ] GC(487) Concurrent Rebuild Remembered Sets and Scrub Regions
[2654.700s][info][gc,marking     ] GC(487) Concurrent Rebuild Remembered Sets and Scrub Regions 353.686ms
[2654.700s][info][gc,start       ] GC(487) Pause Cleanup
[2654.701s][info][gc             ] GC(487) Pause Cleanup 2198M->2198M(4096M) 0.125ms
[2654.701s][info][gc,cpu         ] GC(487) User=0.00s Sys=0.00s Real=0.00s
[2654.701s][info][gc,marking     ] GC(487) Concurrent Clear Claimed Marks
[2654.701s][info][gc,marking     ] GC(487) Concurrent Clear Claimed Marks 0.025ms
[2654.701s][info][gc,marking     ] GC(487) Concurrent Cleanup for Next Mark
[2654.704s][info][gc,marking     ] GC(487) Concurrent Cleanup for Next Mark 3.739ms
[2654.704s][info][gc             ] GC(487) Concurrent Mark Cycle 1464.474ms
...[2657.484s][info][gc,start       ] GC(488) Pause Young (Prepare Mixed) (G1 Evacuation Pause)
[2657.484s][info][gc,task        ] GC(488) Using 6 workers of 6 for evacuation
[2657.600s][info][gc,phases      ] GC(488)   Pre Evacuate Collection Set: 0.36ms
[2657.600s][info][gc,phases      ] GC(488)   Merge Heap Roots: 0.53ms
[2657.600s][info][gc,phases      ] GC(488)   Evacuate Collection Set: 113.56ms
[2657.600s][info][gc,phases      ] GC(488)   Post Evacuate Collection Set: 0.96ms
[2657.600s][info][gc,phases      ] GC(488)   Other: 0.09ms
[2657.600s][info][gc,heap        ] GC(488) Eden regions: 1119->0(1113)
[2657.600s][info][gc,heap        ] GC(488) Survivor regions: 109->108(154)
[2657.600s][info][gc,heap        ] GC(488) Old regions: 504->536
[2657.600s][info][gc,heap        ] GC(488) Humongous regions: 80->80
[2657.600s][info][gc,metaspace   ] GC(488) Metaspace: 28986K(29312K)->28986K(29312K) NonClass: 24102K(24256K)->24102K(24256K) Class: 4883K(5056K)->4883K(5056K)
[2657.600s][info][gc             ] GC(488) Pause Young (Prepare Mixed) (G1 Evacuation Pause) 3623M->1445M(4096M) 115.646ms
[2657.600s][info][gc,cpu         ] GC(488) User=0.69s Sys=0.00s Real=0.11s
....[2661.835s][info][gc,start       ] GC(489) Pause Young (Mixed) (G1 Evacuation Pause)
[2661.835s][info][gc,task        ] GC(489) Using 6 workers of 6 for evacuation
[2661.968s][info][gc,phases      ] GC(489)   Pre Evacuate Collection Set: 0.38ms
[2661.968s][info][gc,phases      ] GC(489)   Merge Heap Roots: 0.66ms
[2661.968s][info][gc,phases      ] GC(489)   Evacuate Collection Set: 130.01ms
[2661.968s][info][gc,phases      ] GC(489)   Post Evacuate Collection Set: 1.00ms
[2661.968s][info][gc,phases      ] GC(489)   Other: 0.09ms
[2661.968s][info][gc,heap        ] GC(489) Eden regions: 1113->0(1120)
[2661.968s][info][gc,heap        ] GC(489) Survivor regions: 108->108(153)
[2661.968s][info][gc,heap        ] GC(489) Old regions: 536->472
[2661.968s][info][gc,heap        ] GC(489) Humongous regions: 80->80
[2661.968s][info][gc,metaspace   ] GC(489) Metaspace: 28986K(29312K)->28986K(29312K) NonClass: 24102K(24256K)->24102K(24256K) Class: 4883K(5056K)->4883K(5056K)
[2661.968s][info][gc             ] GC(489) Pause Young (Mixed) (G1 Evacuation Pause) 3671M->1318M(4096M) 132.268ms
[2661.968s][info][gc,cpu         ] GC(489) User=0.78s Sys=0.00s Real=0.13s
... (rIR:aIR:PR = 4289:4288:4288) (tPR = 63662) [OK] 
  2664s: Performance info:
         Transaction,    Success,    Partial,     Failed,   Receipts, AvgBarcode, 
             Overall,     258558,          0,          0,     245639,      59.47, 
         Response times:
             Request,    Success,    Partial,     Failed,   SkipFail,     Probes,    Samples,      min,      p50,      p90,      p95,      p99,      max, 
       TotalPurchase,     245626,          0,          0,          0,     240560,     258340,      300,     3600,     6500,    10100,    49000,   171000,
     InStorePurchase,     129252,          0,          0,          0,     126703,     135854,      300,     3600,     6500,    10200,    49000,   171000,
      OnlinePurchase,      90507,          0,          0,          0,      88804,      95460,      300,     3600,     6500,    10200,    49000,   163000,
        InstPurchase,      25867,          0,          0,          0,      25053,      27026,      400,     3100,     5900,     8800,    42730,   171000,
          AssocOfCat,        256,          0,          0,          0,        205,        262,    19000,    32000,    48700,    62950,   150920,   163000,
      AssocOfProduct,       2573,          0,          0,          0,       2386,       2767,      400,     3000,     6600,     9600,    37000,   126000,
      BusinessReport,        651,          0,          0,          0,        567,        705,    20000,    31000,    47000,    61700,   161760,   189000,
          CustBuyBeh,       2592,          0,          0,          0,       2366,       2707,      200,     2400,     5700,     7600,    38920,   126000,
       ProductReturn,       6850,          0,          0,          0,       6437,       7119,      200,     2900,     6000,     9000,    45800,   137000,

  2664s: (32%)   IR =   4428 .[2666.169s][info][gc,start       ] GC(490) Pause Young (Concurrent Start) (G1 Evacuation Pause)
[2666.169s][info][gc,task        ] GC(490) Using 6 workers of 6 for evacuation
[2666.286s][info][gc,phases      ] GC(490)   Pre Evacuate Collection Set: 0.38ms
[2666.286s][info][gc,phases      ] GC(490)   Merge Heap Roots: 0.48ms
[2666.286s][info][gc,phases      ] GC(490)   Evacuate Collection Set: 115.17ms
[2666.286s][info][gc,phases      ] GC(490)   Post Evacuate Collection Set: 0.90ms
[2666.286s][info][gc,phases      ] GC(490)   Other: 0.11ms
[2666.286s][info][gc,heap        ] GC(490) Eden regions: 1120->0(1120)
[2666.286s][info][gc,heap        ] GC(490) Survivor regions: 108->108(154)
[2666.286s][info][gc,heap        ] GC(490) Old regions: 472->505
[2666.286s][info][gc,heap        ] GC(490) Humongous regions: 80->80
[2666.286s][info][gc,metaspace   ] GC(490) Metaspace: 28986K(29312K)->28986K(29312K) NonClass: 24102K(24256K)->24102K(24256K) Class: 4883K(5056K)->4883K(5056K)
[2666.286s][info][gc             ] GC(490) Pause Young (Concurrent Start) (G1 Evacuation Pause) 3558M->1383M(4096M) 117.179ms
[2666.286s][info][gc             ] GC(491) Concurrent Mark Cycle
[2666.287s][info][gc,marking     ] GC(491) Concurrent Scan Root Regions
[2666.287s][info][gc,cpu         ] GC(490) User=0.70s Sys=0.00s Real=0.12s
.[2666.460s][info][gc,marking     ] GC(491) Concurrent Scan Root Regions 173.165ms
[2666.460s][info][gc,marking     ] GC(491) Concurrent Mark
[2666.460s][info][gc,marking     ] GC(491) Concurrent Mark From Roots
[2666.460s][info][gc,task        ] GC(491) Using 2 workers of 2 for marking
.[2667.389s][info][gc,marking     ] GC(491) Concurrent Mark From Roots 929.617ms
[2667.389s][info][gc,marking     ] GC(491) Concurrent Preclean
[2667.389s][info][gc,marking     ] GC(491) Concurrent Preclean 0.081ms
[2667.390s][info][gc,start       ] GC(491) Pause Remark
[2667.394s][info][gc             ] GC(491) Pause Remark 2004M->2004M(4096M) 4.369ms
[2667.394s][info][gc,cpu         ] GC(491) User=0.03s Sys=0.00s Real=0.01s
[2667.394s][info][gc,marking     ] GC(491) Concurrent Mark 934.338ms
[2667.394s][info][gc,marking     ] GC(491) Concurrent Rebuild Remembered Sets and Scrub Regions
[2667.749s][info][gc,marking     ] GC(491) Concurrent Rebuild Remembered Sets and Scrub Regions 355.246ms
[2667.749s][info][gc,start       ] GC(491) Pause Cleanup
[2667.750s][info][gc             ] GC(491) Pause Cleanup 2189M->2189M(4096M) 0.120ms
[2667.750s][info][gc,cpu         ] GC(491) User=0.00s Sys=0.00s Real=0.00s
[2667.750s][info][gc,marking     ] GC(491) Concurrent Clear Claimed Marks
[2667.750s][info][gc,marking     ] GC(491) Concurrent Clear Claimed Marks 0.026ms
[2667.750s][info][gc,marking     ] GC(491) Concurrent Cleanup for Next Mark
[2667.753s][info][gc,marking     ] GC(491) Concurrent Cleanup for Next Mark 3.343ms
[2667.753s][info][gc             ] GC(491) Concurrent Mark Cycle 1466.579ms
..|.[2670.414s][info][gc,start       ] GC(492) Pause Young (Prepare Mixed) (G1 Evacuation Pause)
[2670.414s][info][gc,task        ] GC(492) Using 6 workers of 6 for evacuation
[2670.528s][info][gc,phases      ] GC(492)   Pre Evacuate Collection Set: 0.38ms
[2670.528s][info][gc,phases      ] GC(492)   Merge Heap Roots: 0.50ms
[2670.528s][info][gc,phases      ] GC(492)   Evacuate Collection Set: 111.97ms
[2670.528s][info][gc,phases      ] GC(492)   Post Evacuate Collection Set: 1.01ms
[2670.528s][info][gc,phases      ] GC(492)   Other: 0.09ms
[2670.528s][info][gc,heap        ] GC(492) Eden regions: 1120->0(1115)
[2670.528s][info][gc,heap        ] GC(492) Survivor regions: 108->107(154)
[2670.528s][info][gc,heap        ] GC(492) Old regions: 505->536
[2670.528s][info][gc,heap        ] GC(492) Humongous regions: 80->80
[2670.528s][info][gc,metaspace   ] GC(492) Metaspace: 28986K(29312K)->28986K(29312K) NonClass: 24102K(24256K)->24102K(24256K) Class: 4883K(5056K)->4883K(5056K)
[2670.528s][info][gc             ] GC(492) Pause Young (Prepare Mixed) (G1 Evacuation Pause) 3623M->1443M(4096M) 114.097ms
[2670.528s][info][gc,cpu         ] GC(492) User=0.67s Sys=0.00s Real=0.11s
....[2674.650s][info][gc,start       ] GC(493) Pause Young (Mixed) (G1 Evacuation Pause)
[2674.650s][info][gc,task        ] GC(493) Using 6 workers of 6 for evacuation
[2674.780s][info][gc,phases      ] GC(493)   Pre Evacuate Collection Set: 0.36ms
[2674.780s][info][gc,phases      ] GC(493)   Merge Heap Roots: 0.67ms
[2674.780s][info][gc,phases      ] GC(493)   Evacuate Collection Set: 127.53ms
[2674.780s][info][gc,phases      ] GC(493)   Post Evacuate Collection Set: 0.93ms
[2674.780s][info][gc,phases      ] GC(493)   Other: 0.09ms
[2674.780s][info][gc,heap        ] GC(493) Eden regions: 1115->0(1120)
[2674.780s][info][gc,heap        ] GC(493) Survivor regions: 107->108(153)
[2674.780s][info][gc,heap        ] GC(493) Old regions: 536->472
[2674.780s][info][gc,heap        ] GC(493) Humongous regions: 80->80
[2674.780s][info][gc,metaspace   ] GC(493) Metaspace: 28986K(29312K)->28986K(29312K) NonClass: 24102K(24256K)->24102K(24256K) Class: 4883K(5056K)->4883K(5056K)
[2674.780s][info][gc             ] GC(493) Pause Young (Mixed) (G1 Evacuation Pause) 3673M->1317M(4096M) 129.709ms
[2674.780s][info][gc,cpu         ] GC(493) User=0.77s Sys=0.00s Real=0.13s
....[2678.962s][info][gc,start       ] GC(494) Pause Young (Concurrent Start) (G1 Evacuation Pause)
[2678.962s][info][gc,task        ] GC(494) Using 6 workers of 6 for evacuation
[2679.077s][info][gc,phases      ] GC(494)   Pre Evacuate Collection Set: 0.43ms
[2679.077s][info][gc,phases      ] GC(494)   Merge Heap Roots: 0.45ms
[2679.077s][info][gc,phases      ] GC(494)   Evacuate Collection Set: 112.97ms
[2679.077s][info][gc,phases      ] GC(494)   Post Evacuate Collection Set: 0.92ms
[2679.077s][info][gc,phases      ] GC(494)   Other: 0.11ms
[2679.077s][info][gc,heap        ] GC(494) Eden regions: 1120->0(1119)
[2679.077s][info][gc,heap        ] GC(494) Survivor regions: 108->109(154)
[2679.077s][info][gc,heap        ] GC(494) Old regions: 472->504
[2679.077s][info][gc,heap        ] GC(494) Humongous regions: 80->80
[2679.077s][info][gc,metaspace   ] GC(494) Metaspace: 28986K(29312K)->28986K(29312K) NonClass: 24102K(24256K)->24102K(24256K) Class: 4883K(5056K)->4883K(5056K)
[2679.077s][info][gc             ] GC(494) Pause Young (Concurrent Start) (G1 Evacuation Pause) 3557M->1383M(4096M) 115.007ms
[2679.077s][info][gc             ] GC(495) Concurrent Mark Cycle
[2679.077s][info][gc,marking     ] GC(495) Concurrent Scan Root Regions
[2679.077s][info][gc,cpu         ] GC(494) User=0.68s Sys=0.00s Real=0.12s
[2679.252s][info][gc,marking     ] GC(495) Concurrent Scan Root Regions 175.105ms
[2679.252s][info][gc,marking     ] GC(495) Concurrent Mark
[2679.252s][info][gc,marking     ] GC(495) Concurrent Mark From Roots
[2679.252s][info][gc,task        ] GC(495) Using 2 workers of 2 for marking
.[2680.220s][info][gc,marking     ] GC(495) Concurrent Mark From Roots 967.826ms
[2680.220s][info][gc,marking     ] GC(495) Concurrent Preclean
[2680.220s][info][gc,marking     ] GC(495) Concurrent Preclean 0.076ms
[2680.221s][info][gc,start       ] GC(495) Pause Remark
[2680.225s][info][gc             ] GC(495) Pause Remark 2043M->2043M(4096M) 4.613ms
[2680.225s][info][gc,cpu         ] GC(495) User=0.02s Sys=0.00s Real=0.01s
[2680.226s][info][gc,marking     ] GC(495) Concurrent Mark 973.736ms
[2680.226s][info][gc,marking     ] GC(495) Concurrent Rebuild Remembered Sets and Scrub Regions
.[2680.581s][info][gc,marking     ] GC(495) Concurrent Rebuild Remembered Sets and Scrub Regions 355.131ms
[2680.581s][info][gc,start       ] GC(495) Pause Cleanup
[2680.581s][info][gc             ] GC(495) Pause Cleanup 2232M->2232M(4096M) 0.122ms
[2680.581s][info][gc,cpu         ] GC(495) User=0.00s Sys=0.00s Real=0.00s
[2680.581s][info][gc,marking     ] GC(495) Concurrent Clear Claimed Marks
[2680.581s][info][gc,marking     ] GC(495) Concurrent Clear Claimed Marks 0.041ms
[2680.581s][info][gc,marking     ] GC(495) Concurrent Cleanup for Next Mark
[2680.586s][info][gc,marking     ] GC(495) Concurrent Cleanup for Next Mark 5.360ms
[2680.586s][info][gc             ] GC(495) Concurrent Mark Cycle 1509.850ms
..[2683.234s][info][gc,start       ] GC(496) Pause Young (Prepare Mixed) (G1 Evacuation Pause)
[2683.234s][info][gc,task        ] GC(496) Using 6 workers of 6 for evacuation
[2683.352s][info][gc,phases      ] GC(496)   Pre Evacuate Collection Set: 0.35ms
[2683.352s][info][gc,phases      ] GC(496)   Merge Heap Roots: 0.53ms
[2683.352s][info][gc,phases      ] GC(496)   Evacuate Collection Set: 115.92ms
[2683.352s][info][gc,phases      ] GC(496)   Post Evacuate Collection Set: 0.94ms
[2683.352s][info][gc,phases      ] GC(496)   Other: 0.10ms
[2683.352s][info][gc,heap        ] GC(496) Eden regions: 1119->0(1109)
[2683.352s][info][gc,heap        ] GC(496) Survivor regions: 109->110(154)
[2683.352s][info][gc,heap        ] GC(496) Old regions: 504->536
[2683.352s][info][gc,heap        ] GC(496) Humongous regions: 80->80
[2683.352s][info][gc,metaspace   ] GC(496) Metaspace: 28986K(29312K)->28986K(29312K) NonClass: 24102K(24256K)->24102K(24256K) Class: 4883K(5056K)->4883K(5056K)
[2683.352s][info][gc             ] GC(496) Pause Young (Prepare Mixed) (G1 Evacuation Pause) 3621M->1450M(4096M) 117.982ms
[2683.352s][info][gc,cpu         ] GC(496) User=0.70s Sys=0.00s Real=0.12s
.....[2687.409s][info][gc,start       ] GC(497) Pause Young (Mixed) (G1 Evacuation Pause)
[2687.409s][info][gc,task        ] GC(497) Using 6 workers of 6 for evacuation
[2687.543s][info][gc,phases      ] GC(497)   Pre Evacuate Collection Set: 0.39ms
[2687.543s][info][gc,phases      ] GC(497)   Merge Heap Roots: 0.70ms
[2687.543s][info][gc,phases      ] GC(497)   Evacuate Collection Set: 131.71ms
[2687.543s][info][gc,phases      ] GC(497)   Post Evacuate Collection Set: 0.95ms
[2687.543s][info][gc,phases      ] GC(497)   Other: 0.09ms
[2687.543s][info][gc,heap        ] GC(497) Eden regions: 1109->0(1118)
[2687.543s][info][gc,heap        ] GC(497) Survivor regions: 110->110(153)
[2687.543s][info][gc,heap        ] GC(497) Old regions: 536->473
[2687.543s][info][gc,heap        ] GC(497) Humongous regions: 80->80
[2687.543s][info][gc,metaspace   ] GC(497) Metaspace: 28986K(29312K)->28986K(29312K) NonClass: 24102K(24256K)->24102K(24256K) Class: 4883K(5056K)->4883K(5056K)
[2687.543s][info][gc             ] GC(497) Pause Young (Mixed) (G1 Evacuation Pause) 3668M->1325M(4096M) 133.961ms
[2687.543s][info][gc,cpu         ] GC(497) User=0.79s Sys=0.00s Real=0.14s
....[2691.655s][info][gc,start       ] GC(498) Pause Young (Concurrent Start) (G1 Evacuation Pause)
[2691.655s][info][gc,task        ] GC(498) Using 6 workers of 6 for evacuation
[2691.774s][info][gc,phases      ] GC(498)   Pre Evacuate Collection Set: 0.39ms
[2691.774s][info][gc,phases      ] GC(498)   Merge Heap Roots: 0.48ms
[2691.774s][info][gc,phases      ] GC(498)   Evacuate Collection Set: 116.68ms
[2691.774s][info][gc,phases      ] GC(498)   Post Evacuate Collection Set: 0.92ms
[2691.774s][info][gc,phases      ] GC(498)   Other: 0.10ms
[2691.774s][info][gc,heap        ] GC(498) Eden regions: 1118->0(1119)
[2691.774s][info][gc,heap        ] GC(498) Survivor regions: 110->109(154)
[2691.774s][info][gc,heap        ] GC(498) Old regions: 473->506
[2691.774s][info][gc,heap        ] GC(498) Humongous regions: 80->80
[2691.774s][info][gc,metaspace   ] GC(498) Metaspace: 28986K(29312K)->28986K(29312K) NonClass: 24102K(24256K)->24102K(24256K) Class: 4883K(5056K)->4883K(5056K)
[2691.774s][info][gc             ] GC(498) Pause Young (Concurrent Start) (G1 Evacuation Pause) 3561M->1388M(4096M) 118.716ms
[2691.774s][info][gc             ] GC(499) Concurrent Mark Cycle
[2691.774s][info][gc,marking     ] GC(499) Concurrent Scan Root Regions
[2691.774s][info][gc,cpu         ] GC(498) User=0.70s Sys=0.00s Real=0.12s
[2691.947s][info][gc,marking     ] GC(499) Concurrent Scan Root Regions 173.284ms
[2691.947s][info][gc,marking     ] GC(499) Concurrent Mark
[2691.947s][info][gc,marking     ] GC(499) Concurrent Mark From Roots
[2691.947s][info][gc,task        ] GC(499) Using 2 workers of 2 for marking
.[2692.877s][info][gc,marking     ] GC(499) Concurrent Mark From Roots 929.592ms
[2692.877s][info][gc,marking     ] GC(499) Concurrent Preclean
[2692.877s][info][gc,marking     ] GC(499) Concurrent Preclean 0.092ms
[2692.877s][info][gc,start       ] GC(499) Pause Remark
[2692.881s][info][gc             ] GC(499) Pause Remark 1998M->1998M(4096M) 3.928ms
[2692.881s][info][gc,cpu         ] GC(499) User=0.02s Sys=0.00s Real=0.00s
[2692.881s][info][gc,marking     ] GC(499) Concurrent Mark 933.962ms
[2692.881s][info][gc,marking     ] GC(499) Concurrent Rebuild Remembered Sets and Scrub Regions
[2693.281s][info][gc,marking     ] GC(499) Concurrent Rebuild Remembered Sets and Scrub Regions 399.479ms
[2693.281s][info][gc,start       ] GC(499) Pause Cleanup
[2693.281s][info][gc             ] GC(499) Pause Cleanup 2228M->2228M(4096M) 0.123ms
[2693.281s][info][gc,cpu         ] GC(499) User=0.00s Sys=0.00s Real=0.00s
[2693.281s][info][gc,marking     ] GC(499) Concurrent Clear Claimed Marks
[2693.281s][info][gc,marking     ] GC(499) Concurrent Clear Claimed Marks 0.030ms
[2693.281s][info][gc,marking     ] GC(499) Concurrent Cleanup for Next Mark
[2693.284s][info][gc,marking     ] GC(499) Concurrent Cleanup for Next Mark 3.310ms
[2693.284s][info][gc             ] GC(499) Concurrent Mark Cycle 1510.518ms
...[2695.947s][info][gc,start       ] GC(500) Pause Young (Prepare Mixed) (G1 Evacuation Pause)
[2695.947s][info][gc,task        ] GC(500) Using 6 workers of 6 for evacuation
[2696.063s][info][gc,phases      ] GC(500)   Pre Evacuate Collection Set: 0.34ms
[2696.063s][info][gc,phases      ] GC(500)   Merge Heap Roots: 0.53ms
[2696.063s][info][gc,phases      ] GC(500)   Evacuate Collection Set: 114.08ms
[2696.063s][info][gc,phases      ] GC(500)   Post Evacuate Collection Set: 0.95ms
[2696.063s][info][gc,phases      ] GC(500)   Other: 0.08ms
[2696.063s][info][gc,heap        ] GC(500) Eden regions: 1119->0(1110)
[2696.063s][info][gc,heap        ] GC(500) Survivor regions: 109->109(154)
[2696.063s][info][gc,heap        ] GC(500) Old regions: 506->537
[2696.063s][info][gc,heap        ] GC(500) Humongous regions: 80->80
[2696.063s][info][gc,metaspace   ] GC(500) Metaspace: 28986K(29312K)->28986K(29312K) NonClass: 24102K(24256K)->24102K(24256K) Class: 4883K(5056K)->4883K(5056K)
[2696.063s][info][gc             ] GC(500) Pause Young (Prepare Mixed) (G1 Evacuation Pause) 3626M->1450M(4096M) 116.107ms
[2696.063s][info][gc,cpu         ] GC(500) User=0.69s Sys=0.00s Real=0.12s
....[2700.187s][info][gc,start       ] GC(501) Pause Young (Mixed) (G1 Evacuation Pause)
[2700.187s][info][gc,task        ] GC(501) Using 6 workers of 6 for evacuation
[2700.322s][info][gc,phases      ] GC(501)   Pre Evacuate Collection Set: 0.39ms
[2700.322s][info][gc,phases      ] GC(501)   Merge Heap Roots: 0.70ms
[2700.322s][info][gc,phases      ] GC(501)   Evacuate Collection Set: 132.53ms
[2700.322s][info][gc,phases      ] GC(501)   Post Evacuate Collection Set: 0.93ms
[2700.322s][info][gc,phases      ] GC(501)   Other: 0.09ms
[2700.322s][info][gc,heap        ] GC(501) Eden regions: 1110->0(1116)
[2700.322s][info][gc,heap        ] GC(501) Survivor regions: 109->112(153)
[2700.322s][info][gc,heap        ] GC(501) Old regions: 537->473
[2700.322s][info][gc,heap        ] GC(501) Humongous regions: 80->80
[2700.322s][info][gc,metaspace   ] GC(501) Metaspace: 28986K(29312K)->28986K(29312K) NonClass: 24102K(24256K)->24102K(24256K) Class: 4883K(5056K)->4883K(5056K)
[2700.322s][info][gc             ] GC(501) Pause Young (Mixed) (G1 Evacuation Pause) 3670M->1328M(4096M) 134.764ms
[2700.322s][info][gc,cpu         ] GC(501) User=0.79s Sys=0.00s Real=0.13s
.....[2704.427s][info][gc,start       ] GC(502) Pause Young (Concurrent Start) (G1 Evacuation Pause)
[2704.427s][info][gc,task        ] GC(502) Using 6 workers of 6 for evacuation
[2704.544s][info][gc,phases      ] GC(502)   Pre Evacuate Collection Set: 0.43ms
[2704.544s][info][gc,phases      ] GC(502)   Merge Heap Roots: 0.50ms
[2704.544s][info][gc,phases      ] GC(502)   Evacuate Collection Set: 114.09ms
[2704.544s][info][gc,phases      ] GC(502)   Post Evacuate Collection Set: 0.91ms
[2704.544s][info][gc,phases      ] GC(502)   Other: 0.13ms
[2704.544s][info][gc,heap        ] GC(502) Eden regions: 1116->0(1121)
[2704.544s][info][gc,heap        ] GC(502) Survivor regions: 112->107(154)
[2704.544s][info][gc,heap        ] GC(502) Old regions: 473->505
[2704.544s][info][gc,heap        ] GC(502) Humongous regions: 80->80
[2704.544s][info][gc,metaspace   ] GC(502) Metaspace: 28986K(29312K)->28986K(29312K) NonClass: 24102K(24256K)->24102K(24256K) Class: 4883K(5056K)->4883K(5056K)
[2704.544s][info][gc             ] GC(502) Pause Young (Concurrent Start) (G1 Evacuation Pause) 3560M->1383M(4096M) 116.202ms
[2704.544s][info][gc             ] GC(503) Concurrent Mark Cycle
[2704.544s][info][gc,marking     ] GC(503) Concurrent Scan Root Regions
[2704.544s][info][gc,cpu         ] GC(502) User=0.69s Sys=0.00s Real=0.12s
[2704.716s][info][gc,marking     ] GC(503) Concurrent Scan Root Regions 172.522ms
[2704.716s][info][gc,marking     ] GC(503) Concurrent Mark
[2704.716s][info][gc,marking     ] GC(503) Concurrent Mark From Roots
[2704.716s][info][gc,task        ] GC(503) Using 2 workers of 2 for marking
.[2705.430s][info][gc,marking     ] GC(503) Concurrent Mark From Roots 714.055ms
[2705.430s][info][gc,marking     ] GC(503) Concurrent Preclean
[2705.430s][info][gc,marking     ] GC(503) Concurrent Preclean 0.072ms
[2705.431s][info][gc,start       ] GC(503) Pause Remark
[2705.435s][info][gc             ] GC(503) Pause Remark 1911M->1911M(4096M) 3.895ms
[2705.435s][info][gc,cpu         ] GC(503) User=0.02s Sys=0.00s Real=0.01s
[2705.435s][info][gc,marking     ] GC(503) Concurrent Mark 719.212ms
[2705.435s][info][gc,marking     ] GC(503) Concurrent Rebuild Remembered Sets and Scrub Regions
[2705.702s][info][gc,marking     ] GC(503) Concurrent Rebuild Remembered Sets and Scrub Regions 266.786ms
[2705.702s][info][gc,start       ] GC(503) Pause Cleanup
[2705.703s][info][gc             ] GC(503) Pause Cleanup 2062M->2062M(4096M) 0.115ms
[2705.703s][info][gc,cpu         ] GC(503) User=0.00s Sys=0.00s Real=0.00s
[2705.703s][info][gc,marking     ] GC(503) Concurrent Clear Claimed Marks
[2705.703s][info][gc,marking     ] GC(503) Concurrent Clear Claimed Marks 0.029ms
[2705.703s][info][gc,marking     ] GC(503) Concurrent Cleanup for Next Mark
[2705.706s][info][gc,marking     ] GC(503) Concurrent Cleanup for Next Mark 3.722ms
[2705.706s][info][gc             ] GC(503) Concurrent Mark Cycle 1162.748ms
...[2708.762s][info][gc,start       ] GC(504) Pause Young (Prepare Mixed) (G1 Evacuation Pause)
[2708.762s][info][gc,task        ] GC(504) Using 6 workers of 6 for evacuation
[2708.878s][info][gc,phases      ] GC(504)   Pre Evacuate Collection Set: 0.36ms
[2708.878s][info][gc,phases      ] GC(504)   Merge Heap Roots: 0.53ms
[2708.878s][info][gc,phases      ] GC(504)   Evacuate Collection Set: 114.22ms
[2708.878s][info][gc,phases      ] GC(504)   Post Evacuate Collection Set: 0.95ms
[2708.878s][info][gc,phases      ] GC(504)   Other: 0.10ms
[2708.878s][info][gc,heap        ] GC(504) Eden regions: 1121->0(1111)
[2708.878s][info][gc,heap        ] GC(504) Survivor regions: 107->108(154)
[2708.878s][info][gc,heap        ] GC(504) Old regions: 505->538
[2708.878s][info][gc,heap        ] GC(504) Humongous regions: 80->80
[2708.879s][info][gc,metaspace   ] GC(504) Metaspace: 28986K(29312K)->28986K(29312K) NonClass: 24102K(24256K)->24102K(24256K) Class: 4883K(5056K)->4883K(5056K)
[2708.879s][info][gc             ] GC(504) Pause Young (Prepare Mixed) (G1 Evacuation Pause) 3625M->1450M(4096M) 116.294ms
[2708.879s][info][gc,cpu         ] GC(504) User=0.68s Sys=0.00s Real=0.11s
....[2712.988s][info][gc,start       ] GC(505) Pause Young (Mixed) (G1 Evacuation Pause)
[2712.988s][info][gc,task        ] GC(505) Using 6 workers of 6 for evacuation
[2713.119s][info][gc,phases      ] GC(505)   Pre Evacuate Collection Set: 0.37ms
[2713.119s][info][gc,phases      ] GC(505)   Merge Heap Roots: 0.62ms
[2713.119s][info][gc,phases      ] GC(505)   Evacuate Collection Set: 129.48ms
[2713.119s][info][gc,phases      ] GC(505)   Post Evacuate Collection Set: 0.97ms
[2713.119s][info][gc,phases      ] GC(505)   Other: 0.10ms
[2713.120s][info][gc,heap        ] GC(505) Eden regions: 1111->0(1118)
[2713.120s][info][gc,heap        ] GC(505) Survivor regions: 108->110(153)
[2713.120s][info][gc,heap        ] GC(505) Old regions: 538->472
[2713.120s][info][gc,heap        ] GC(505) Humongous regions: 80->80
[2713.120s][info][gc,metaspace   ] GC(505) Metaspace: 28986K(29312K)->28986K(29312K) NonClass: 24102K(24256K)->24102K(24256K) Class: 4883K(5056K)->4883K(5056K)
[2713.120s][info][gc             ] GC(505) Pause Young (Mixed) (G1 Evacuation Pause) 3672M->1322M(4096M) 131.684ms
[2713.120s][info][gc,cpu         ] GC(505) User=0.77s Sys=0.00s Real=0.13s
....[2717.164s][info][gc,start       ] GC(506) Pause Young (Concurrent Start) (G1 Evacuation Pause)
[2717.164s][info][gc,task        ] GC(506) Using 6 workers of 6 for evacuation
[2717.283s][info][gc,phases      ] GC(506)   Pre Evacuate Collection Set: 0.37ms
[2717.283s][info][gc,phases      ] GC(506)   Merge Heap Roots: 0.47ms
[2717.283s][info][gc,phases      ] GC(506)   Evacuate Collection Set: 116.82ms
[2717.283s][info][gc,phases      ] GC(506)   Post Evacuate Collection Set: 0.87ms
[2717.283s][info][gc,phases      ] GC(506)   Other: 0.11ms
[2717.283s][info][gc,heap        ] GC(506) Eden regions: 1118->0(1117)
[2717.283s][info][gc,heap        ] GC(506) Survivor regions: 110->111(154)
[2717.283s][info][gc,heap        ] GC(506) Old regions: 472->505
[2717.283s][info][gc,heap        ] GC(506) Humongous regions: 80->80
[2717.283s][info][gc,metaspace   ] GC(506) Metaspace: 28986K(29312K)->28986K(29312K) NonClass: 24102K(24256K)->24102K(24256K) Class: 4883K(5056K)->4883K(5056K)
[2717.283s][info][gc             ] GC(506) Pause Young (Concurrent Start) (G1 Evacuation Pause) 3558M->1390M(4096M) 118.772ms
[2717.283s][info][gc             ] GC(507) Concurrent Mark Cycle
[2717.283s][info][gc,marking     ] GC(507) Concurrent Scan Root Regions
[2717.283s][info][gc,cpu         ] GC(506) User=0.70s Sys=0.00s Real=0.12s
.[2717.462s][info][gc,marking     ] GC(507) Concurrent Scan Root Regions 179.602ms
[2717.462s][info][gc,marking     ] GC(507) Concurrent Mark
[2717.462s][info][gc,marking     ] GC(507) Concurrent Mark From Roots
[2717.462s][info][gc,task        ] GC(507) Using 2 workers of 2 for marking
[2718.387s][info][gc,marking     ] GC(507) Concurrent Mark From Roots 924.323ms
[2718.387s][info][gc,marking     ] GC(507) Concurrent Preclean
[2718.387s][info][gc,marking     ] GC(507) Concurrent Preclean 0.143ms
[2718.387s][info][gc,start       ] GC(507) Pause Remark
[2718.393s][info][gc             ] GC(507) Pause Remark 2004M->2004M(4096M) 5.788ms
[2718.393s][info][gc,cpu         ] GC(507) User=0.04s Sys=0.00s Real=0.01s
[2718.393s][info][gc,marking     ] GC(507) Concurrent Mark 930.551ms
[2718.393s][info][gc,marking     ] GC(507) Concurrent Rebuild Remembered Sets and Scrub Regions
.[2718.708s][info][gc,marking     ] GC(507) Concurrent Rebuild Remembered Sets and Scrub Regions 315.245ms
[2718.708s][info][gc,start       ] GC(507) Pause Cleanup
[2718.709s][info][gc             ] GC(507) Pause Cleanup 2195M->2195M(4096M) 0.114ms
[2718.709s][info][gc,cpu         ] GC(507) User=0.00s Sys=0.00s Real=0.00s
[2718.709s][info][gc,marking     ] GC(507) Concurrent Clear Claimed Marks
[2718.709s][info][gc,marking     ] GC(507) Concurrent Clear Claimed Marks 0.025ms
[2718.709s][info][gc,marking     ] GC(507) Concurrent Cleanup for Next Mark
[2718.712s][info][gc,marking     ] GC(507) Concurrent Cleanup for Next Mark 3.886ms
[2718.713s][info][gc             ] GC(507) Concurrent Mark Cycle 1429.761ms
..[2721.411s][info][gc,start       ] GC(508) Pause Young (Prepare Mixed) (G1 Evacuation Pause)
[2721.412s][info][gc,task        ] GC(508) Using 6 workers of 6 for evacuation
[2721.528s][info][gc,phases      ] GC(508)   Pre Evacuate Collection Set: 0.35ms
[2721.528s][info][gc,phases      ] GC(508)   Merge Heap Roots: 0.49ms
[2721.528s][info][gc,phases      ] GC(508)   Evacuate Collection Set: 115.02ms
[2721.528s][info][gc,phases      ] GC(508)   Post Evacuate Collection Set: 0.96ms
[2721.528s][info][gc,phases      ] GC(508)   Other: 0.11ms
[2721.528s][info][gc,heap        ] GC(508) Eden regions: 1117->0(1112)
[2721.529s][info][gc,heap        ] GC(508) Survivor regions: 111->108(154)
[2721.529s][info][gc,heap        ] GC(508) Old regions: 505->537
[2721.529s][info][gc,heap        ] GC(508) Humongous regions: 80->80
[2721.529s][info][gc,metaspace   ] GC(508) Metaspace: 28977K(29312K)->28977K(29312K) NonClass: 24096K(24256K)->24096K(24256K) Class: 4880K(5056K)->4880K(5056K)
[2721.529s][info][gc             ] GC(508) Pause Young (Prepare Mixed) (G1 Evacuation Pause) 3624M->1448M(4096M) 117.054ms
[2721.529s][info][gc,cpu         ] GC(508) User=0.69s Sys=0.00s Real=0.12s
.....[2725.693s][info][gc,start       ] GC(509) Pause Young (Mixed) (G1 Evacuation Pause)
[2725.693s][info][gc,task        ] GC(509) Using 6 workers of 6 for evacuation
[2725.831s][info][gc,phases      ] GC(509)   Pre Evacuate Collection Set: 0.41ms
[2725.831s][info][gc,phases      ] GC(509)   Merge Heap Roots: 0.69ms
[2725.831s][info][gc,phases      ] GC(509)   Evacuate Collection Set: 135.35ms
[2725.831s][info][gc,phases      ] GC(509)   Post Evacuate Collection Set: 0.85ms
[2725.831s][info][gc,phases      ] GC(509)   Other: 0.09ms
[2725.831s][info][gc,heap        ] GC(509) Eden regions: 1112->0(1117)
[2725.831s][info][gc,heap        ] GC(509) Survivor regions: 108->111(153)
[2725.831s][info][gc,heap        ] GC(509) Old regions: 537->472
[2725.831s][info][gc,heap        ] GC(509) Humongous regions: 80->80
[2725.831s][info][gc,metaspace   ] GC(509) Metaspace: 28977K(29312K)->28977K(29312K) NonClass: 24096K(24256K)->24096K(24256K) Class: 4880K(5056K)->4880K(5056K)
[2725.831s][info][gc             ] GC(509) Pause Young (Mixed) (G1 Evacuation Pause) 3672M->1325M(4096M) 137.522ms
[2725.831s][info][gc,cpu         ] GC(509) User=0.81s Sys=0.00s Real=0.13s
.... (rIR:aIR:PR = 4428:4429:4429) (tPR = 65155) [OK] 
  2729s: Performance info:
         Transaction,    Success,    Partial,     Failed,   Receipts, AvgBarcode, 
             Overall,     266772,          0,          0,     253433,      59.47, 
         Response times:
             Request,    Success,    Partial,     Failed,   SkipFail,     Probes,    Samples,      min,      p50,      p90,      p95,      p99,      max, 
       TotalPurchase,     253444,          0,          0,          0,     248764,     271304,      300,     3600,     6600,    10200,    45000,   180000,
     InStorePurchase,     133371,          0,          0,          0,     131091,     142658,      300,     3400,     6500,     9900,    44000,   172000,
      OnlinePurchase,      93399,          0,          0,          0,      91763,     100332,      300,     3700,     6770,    10500,    47000,   180000,
        InstPurchase,      26674,          0,          0,          0,      25910,      28314,      400,     3500,     6500,    10200,    45000,   172000,
          AssocOfCat,        269,          0,          0,          0,        218,        288,    22000,    32000,    45100,    68650,   164990,   187000,
      AssocOfProduct,       2664,          0,          0,          0,       2439,       2875,      400,     4900,     7900,    11920,    40000,   141000,
      BusinessReport,        669,          0,          0,          0,        582,        750,    21000,    33000,    52000,    66000,   152450,   186000,
          CustBuyBeh,       2659,          0,          0,          0,       2414,       2811,      300,     4500,     7500,    11040,    51000,   142000,
       ProductReturn,       7073,          0,          0,          0,       6728,       7496,      300,     3800,     6830,    12315,    47000,   143000,

  2729s: (33%)   IR =   4566 [2729.934s][info][gc,start       ] GC(510) Pause Young (Concurrent Start) (G1 Evacuation Pause)
[2729.934s][info][gc,task        ] GC(510) Using 6 workers of 6 for evacuation
[2730.051s][info][gc,phases      ] GC(510)   Pre Evacuate Collection Set: 0.38ms
[2730.051s][info][gc,phases      ] GC(510)   Merge Heap Roots: 0.49ms
[2730.051s][info][gc,phases      ] GC(510)   Evacuate Collection Set: 114.61ms
[2730.051s][info][gc,phases      ] GC(510)   Post Evacuate Collection Set: 0.92ms
[2730.051s][info][gc,phases      ] GC(510)   Other: 0.12ms
[2730.051s][info][gc,heap        ] GC(510) Eden regions: 1117->0(1119)
[2730.051s][info][gc,heap        ] GC(510) Survivor regions: 111->109(154)
[2730.051s][info][gc,heap        ] GC(510) Old regions: 472->504
[2730.051s][info][gc,heap        ] GC(510) Humongous regions: 80->80
[2730.051s][info][gc,metaspace   ] GC(510) Metaspace: 28977K(29312K)->28977K(29312K) NonClass: 24096K(24256K)->24096K(24256K) Class: 4880K(5056K)->4880K(5056K)
[2730.051s][info][gc             ] GC(510) Pause Young (Concurrent Start) (G1 Evacuation Pause) 3559M->1383M(4096M) 116.664ms
[2730.051s][info][gc             ] GC(511) Concurrent Mark Cycle
[2730.051s][info][gc,marking     ] GC(511) Concurrent Scan Root Regions
[2730.051s][info][gc,cpu         ] GC(510) User=0.69s Sys=0.00s Real=0.11s
[2730.230s][info][gc,marking     ] GC(511) Concurrent Scan Root Regions 178.712ms
[2730.230s][info][gc,marking     ] GC(511) Concurrent Mark
[2730.230s][info][gc,marking     ] GC(511) Concurrent Mark From Roots
[2730.230s][info][gc,task        ] GC(511) Using 2 workers of 2 for marking
.[2731.199s][info][gc,marking     ] GC(511) Concurrent Mark From Roots 968.957ms
[2731.199s][info][gc,marking     ] GC(511) Concurrent Preclean
[2731.199s][info][gc,marking     ] GC(511) Concurrent Preclean 0.195ms
[2731.199s][info][gc,start       ] GC(511) Pause Remark
[2731.204s][info][gc             ] GC(511) Pause Remark 2080M->2080M(4096M) 4.903ms
[2731.204s][info][gc,cpu         ] GC(511) User=0.02s Sys=0.00s Real=0.01s
[2731.205s][info][gc,marking     ] GC(511) Concurrent Mark 975.241ms
[2731.205s][info][gc,marking     ] GC(511) Concurrent Rebuild Remembered Sets and Scrub Regions
[2731.460s][info][gc,marking     ] GC(511) Concurrent Rebuild Remembered Sets and Scrub Regions 255.459ms
[2731.461s][info][gc,start       ] GC(511) Pause Cleanup
[2731.461s][info][gc             ] GC(511) Pause Cleanup 2229M->2229M(4096M) 0.122ms
[2731.461s][info][gc,cpu         ] GC(511) User=0.00s Sys=0.00s Real=0.00s
[2731.461s][info][gc,marking     ] GC(511) Concurrent Clear Claimed Marks
[2731.461s][info][gc,marking     ] GC(511) Concurrent Clear Claimed Marks 0.026ms
[2731.461s][info][gc,marking     ] GC(511) Concurrent Cleanup for Next Mark
[2731.466s][info][gc,marking     ] GC(511) Concurrent Cleanup for Next Mark 4.735ms
[2731.466s][info][gc             ] GC(511) Concurrent Mark Cycle 1414.654ms
...[2734.055s][info][gc,start       ] GC(512) Pause Young (Prepare Mixed) (G1 Evacuation Pause)
[2734.055s][info][gc,task        ] GC(512) Using 6 workers of 6 for evacuation
[2734.173s][info][gc,phases      ] GC(512)   Pre Evacuate Collection Set: 0.38ms
[2734.173s][info][gc,phases      ] GC(512)   Merge Heap Roots: 0.53ms
[2734.173s][info][gc,phases      ] GC(512)   Evacuate Collection Set: 116.74ms
[2734.173s][info][gc,phases      ] GC(512)   Post Evacuate Collection Set: 0.97ms
[2734.173s][info][gc,phases      ] GC(512)   Other: 0.09ms
[2734.173s][info][gc,heap        ] GC(512) Eden regions: 1119->0(1109)
[2734.173s][info][gc,heap        ] GC(512) Survivor regions: 109->110(154)
[2734.173s][info][gc,heap        ] GC(512) Old regions: 504->536
[2734.173s][info][gc,heap        ] GC(512) Humongous regions: 80->80
[2734.173s][info][gc,metaspace   ] GC(512) Metaspace: 28977K(29312K)->28977K(29312K) NonClass: 24096K(24256K)->24096K(24256K) Class: 4880K(5056K)->4880K(5056K)
[2734.174s][info][gc             ] GC(512) Pause Young (Prepare Mixed) (G1 Evacuation Pause) 3621M->1449M(4096M) 118.843ms
[2734.174s][info][gc,cpu         ] GC(512) User=0.70s Sys=0.00s Real=0.12s
.|...[2738.116s][info][gc,start       ] GC(513) Pause Young (Mixed) (G1 Evacuation Pause)
[2738.116s][info][gc,task        ] GC(513) Using 6 workers of 6 for evacuation
[2738.249s][info][gc,phases      ] GC(513)   Pre Evacuate Collection Set: 0.39ms
[2738.249s][info][gc,phases      ] GC(513)   Merge Heap Roots: 0.62ms
[2738.249s][info][gc,phases      ] GC(513)   Evacuate Collection Set: 131.19ms
[2738.249s][info][gc,phases      ] GC(513)   Post Evacuate Collection Set: 0.98ms
[2738.249s][info][gc,phases      ] GC(513)   Other: 0.09ms
[2738.249s][info][gc,heap        ] GC(513) Eden regions: 1109->0(1118)
[2738.249s][info][gc,heap        ] GC(513) Survivor regions: 110->110(153)
[2738.249s][info][gc,heap        ] GC(513) Old regions: 536->473
[2738.249s][info][gc,heap        ] GC(513) Humongous regions: 80->80
[2738.249s][info][gc,metaspace   ] GC(513) Metaspace: 28977K(29312K)->28977K(29312K) NonClass: 24096K(24256K)->24096K(24256K) Class: 4880K(5056K)->4880K(5056K)
[2738.249s][info][gc             ] GC(513) Pause Young (Mixed) (G1 Evacuation Pause) 3667M->1325M(4096M) 133.409ms
[2738.249s][info][gc,cpu         ] GC(513) User=0.79s Sys=0.00s Real=0.13s
....[2742.272s][info][gc,start       ] GC(514) Pause Young (Concurrent Start) (G1 Evacuation Pause)
[2742.272s][info][gc,task        ] GC(514) Using 6 workers of 6 for evacuation
[2742.388s][info][gc,phases      ] GC(514)   Pre Evacuate Collection Set: 0.42ms
[2742.388s][info][gc,phases      ] GC(514)   Merge Heap Roots: 0.49ms
[2742.388s][info][gc,phases      ] GC(514)   Evacuate Collection Set: 114.77ms
[2742.388s][info][gc,phases      ] GC(514)   Post Evacuate Collection Set: 0.93ms
[2742.388s][info][gc,phases      ] GC(514)   Other: 0.11ms
[2742.388s][info][gc,heap        ] GC(514) Eden regions: 1118->0(1119)
[2742.388s][info][gc,heap        ] GC(514) Survivor regions: 110->109(154)
[2742.388s][info][gc,heap        ] GC(514) Old regions: 473->505
[2742.388s][info][gc,heap        ] GC(514) Humongous regions: 80->80
[2742.388s][info][gc,metaspace   ] GC(514) Metaspace: 28977K(29312K)->28977K(29312K) NonClass: 24096K(24256K)->24096K(24256K) Class: 4880K(5056K)->4880K(5056K)
[2742.388s][info][gc             ] GC(514) Pause Young (Concurrent Start) (G1 Evacuation Pause) 3561M->1387M(4096M) 116.846ms
[2742.388s][info][gc             ] GC(515) Concurrent Mark Cycle
[2742.388s][info][gc,marking     ] GC(515) Concurrent Scan Root Regions
[2742.388s][info][gc,cpu         ] GC(514) User=0.69s Sys=0.00s Real=0.12s
[2742.527s][info][gc,marking     ] GC(515) Concurrent Scan Root Regions 138.383ms
[2742.527s][info][gc,marking     ] GC(515) Concurrent Mark
[2742.527s][info][gc,marking     ] GC(515) Concurrent Mark From Roots
[2742.527s][info][gc,task        ] GC(515) Using 2 workers of 2 for marking
.[2743.181s][info][gc,marking     ] GC(515) Concurrent Mark From Roots 653.606ms
[2743.181s][info][gc,marking     ] GC(515) Concurrent Preclean
[2743.181s][info][gc,marking     ] GC(515) Concurrent Preclean 0.117ms
[2743.181s][info][gc,start       ] GC(515) Pause Remark
[2743.184s][info][gc             ] GC(515) Pause Remark 1884M->1884M(4096M) 3.498ms
[2743.184s][info][gc,cpu         ] GC(515) User=0.01s Sys=0.00s Real=0.01s
[2743.184s][info][gc,marking     ] GC(515) Concurrent Mark 657.490ms
[2743.184s][info][gc,marking     ] GC(515) Concurrent Rebuild Remembered Sets and Scrub Regions
[2743.420s][info][gc,marking     ] GC(515) Concurrent Rebuild Remembered Sets and Scrub Regions 235.460ms
[2743.420s][info][gc,start       ] GC(515) Pause Cleanup
[2743.420s][info][gc             ] GC(515) Pause Cleanup 2017M->2017M(4096M) 0.121ms
[2743.420s][info][gc,cpu         ] GC(515) User=0.00s Sys=0.00s Real=0.00s
[2743.420s][info][gc,marking     ] GC(515) Concurrent Clear Claimed Marks
[2743.420s][info][gc,marking     ] GC(515) Concurrent Clear Claimed Marks 0.027ms
[2743.420s][info][gc,marking     ] GC(515) Concurrent Cleanup for Next Mark
[2743.424s][info][gc,marking     ] GC(515) Concurrent Cleanup for Next Mark 3.862ms
[2743.424s][info][gc             ] GC(515) Concurrent Mark Cycle 1035.696ms
...[2746.400s][info][gc,start       ] GC(516) Pause Young (Prepare Mixed) (G1 Evacuation Pause)
[2746.401s][info][gc,task        ] GC(516) Using 6 workers of 6 for evacuation
[2746.520s][info][gc,phases      ] GC(516)   Pre Evacuate Collection Set: 0.36ms
[2746.520s][info][gc,phases      ] GC(516)   Merge Heap Roots: 0.49ms
[2746.520s][info][gc,phases      ] GC(516)   Evacuate Collection Set: 117.31ms
[2746.520s][info][gc,phases      ] GC(516)   Post Evacuate Collection Set: 0.93ms
[2746.520s][info][gc,phases      ] GC(516)   Other: 0.09ms
[2746.520s][info][gc,heap        ] GC(516) Eden regions: 1119->0(1110)
[2746.520s][info][gc,heap        ] GC(516) Survivor regions: 109->109(154)
[2746.520s][info][gc,heap        ] GC(516) Old regions: 505->537
[2746.520s][info][gc,heap        ] GC(516) Humongous regions: 80->80
[2746.520s][info][gc,metaspace   ] GC(516) Metaspace: 28977K(29312K)->28977K(29312K) NonClass: 24096K(24256K)->24096K(24256K) Class: 4880K(5056K)->4880K(5056K)
[2746.520s][info][gc             ] GC(516) Pause Young (Prepare Mixed) (G1 Evacuation Pause) 3625M->1450M(4096M) 119.304ms
[2746.520s][info][gc,cpu         ] GC(516) User=0.70s Sys=0.00s Real=0.12s
....[2750.460s][info][gc,start       ] GC(517) Pause Young (Mixed) (G1 Evacuation Pause)
[2750.460s][info][gc,task        ] GC(517) Using 6 workers of 6 for evacuation
[2750.591s][info][gc,phases      ] GC(517)   Pre Evacuate Collection Set: 0.39ms
[2750.591s][info][gc,phases      ] GC(517)   Merge Heap Roots: 0.71ms
[2750.591s][info][gc,phases      ] GC(517)   Evacuate Collection Set: 128.73ms
[2750.591s][info][gc,phases      ] GC(517)   Post Evacuate Collection Set: 0.97ms
[2750.591s][info][gc,phases      ] GC(517)   Other: 0.09ms
[2750.591s][info][gc,heap        ] GC(517) Eden regions: 1110->0(1121)
[2750.591s][info][gc,heap        ] GC(517) Survivor regions: 109->107(153)
[2750.591s][info][gc,heap        ] GC(517) Old regions: 537->473
[2750.591s][info][gc,heap        ] GC(517) Humongous regions: 80->80
[2750.591s][info][gc,metaspace   ] GC(517) Metaspace: 28977K(29312K)->28977K(29312K) NonClass: 24096K(24256K)->24096K(24256K) Class: 4880K(5056K)->4880K(5056K)
[2750.591s][info][gc             ] GC(517) Pause Young (Mixed) (G1 Evacuation Pause) 3670M->1318M(4096M) 131.070ms
[2750.591s][info][gc,cpu         ] GC(517) User=0.77s Sys=0.00s Real=0.13s
....[2754.551s][info][gc,start       ] GC(518) Pause Young (Concurrent Start) (G1 Evacuation Pause)
[2754.551s][info][gc,task        ] GC(518) Using 6 workers of 6 for evacuation
[2754.665s][info][gc,phases      ] GC(518)   Pre Evacuate Collection Set: 0.46ms
[2754.665s][info][gc,phases      ] GC(518)   Merge Heap Roots: 0.48ms
[2754.665s][info][gc,phases      ] GC(518)   Evacuate Collection Set: 111.59ms
[2754.665s][info][gc,phases      ] GC(518)   Post Evacuate Collection Set: 0.92ms
[2754.665s][info][gc,phases      ] GC(518)   Other: 0.13ms
[2754.665s][info][gc,heap        ] GC(518) Eden regions: 1121->0(1122)
[2754.665s][info][gc,heap        ] GC(518) Survivor regions: 107->106(154)
[2754.665s][info][gc,heap        ] GC(518) Old regions: 473->505
[2754.665s][info][gc,heap        ] GC(518) Humongous regions: 80->80
[2754.665s][info][gc,metaspace   ] GC(518) Metaspace: 28977K(29312K)->28977K(29312K) NonClass: 24096K(24256K)->24096K(24256K) Class: 4880K(5056K)->4880K(5056K)
[2754.665s][info][gc             ] GC(518) Pause Young (Concurrent Start) (G1 Evacuation Pause) 3560M->1381M(4096M) 113.716ms
[2754.665s][info][gc             ] GC(519) Concurrent Mark Cycle
[2754.665s][info][gc,marking     ] GC(519) Concurrent Scan Root Regions
[2754.665s][info][gc,cpu         ] GC(518) User=0.67s Sys=0.00s Real=0.12s
.[2754.799s][info][gc,marking     ] GC(519) Concurrent Scan Root Regions 133.753ms
[2754.799s][info][gc,marking     ] GC(519) Concurrent Mark
[2754.799s][info][gc,marking     ] GC(519) Concurrent Mark From Roots
[2754.799s][info][gc,task        ] GC(519) Using 2 workers of 2 for marking
[2755.424s][info][gc,marking     ] GC(519) Concurrent Mark From Roots 625.035ms
[2755.424s][info][gc,marking     ] GC(519) Concurrent Preclean
[2755.424s][info][gc,marking     ] GC(519) Concurrent Preclean 0.154ms
[2755.424s][info][gc,start       ] GC(519) Pause Remark
[2755.428s][info][gc             ] GC(519) Pause Remark 1854M->1854M(4096M) 3.715ms
[2755.428s][info][gc,cpu         ] GC(519) User=0.02s Sys=0.00s Real=0.00s
[2755.428s][info][gc,marking     ] GC(519) Concurrent Mark 629.213ms
[2755.428s][info][gc,marking     ] GC(519) Concurrent Rebuild Remembered Sets and Scrub Regions
[2755.653s][info][gc,marking     ] GC(519) Concurrent Rebuild Remembered Sets and Scrub Regions 225.314ms
[2755.654s][info][gc,start       ] GC(519) Pause Cleanup
[2755.654s][info][gc             ] GC(519) Pause Cleanup 1935M->1935M(4096M) 0.119ms
[2755.654s][info][gc,cpu         ] GC(519) User=0.00s Sys=0.00s Real=0.00s
[2755.654s][info][gc,marking     ] GC(519) Concurrent Clear Claimed Marks
[2755.654s][info][gc,marking     ] GC(519) Concurrent Clear Claimed Marks 0.042ms
[2755.654s][info][gc,marking     ] GC(519) Concurrent Cleanup for Next Mark
[2755.659s][info][gc,marking     ] GC(519) Concurrent Cleanup for Next Mark 4.786ms
[2755.659s][info][gc             ] GC(519) Concurrent Mark Cycle 994.132ms
....[2758.728s][info][gc,start       ] GC(520) Pause Young (Prepare Mixed) (G1 Evacuation Pause)
[2758.728s][info][gc,task        ] GC(520) Using 6 workers of 6 for evacuation
[2758.842s][info][gc,phases      ] GC(520)   Pre Evacuate Collection Set: 0.38ms
[2758.842s][info][gc,phases      ] GC(520)   Merge Heap Roots: 0.49ms
[2758.842s][info][gc,phases      ] GC(520)   Evacuate Collection Set: 112.61ms
[2758.842s][info][gc,phases      ] GC(520)   Post Evacuate Collection Set: 0.98ms
[2758.842s][info][gc,phases      ] GC(520)   Other: 0.09ms
[2758.842s][info][gc,heap        ] GC(520) Eden regions: 1122->0(1112)
[2758.842s][info][gc,heap        ] GC(520) Survivor regions: 106->108(154)
[2758.842s][info][gc,heap        ] GC(520) Old regions: 505->537
[2758.842s][info][gc,heap        ] GC(520) Humongous regions: 80->80
[2758.842s][info][gc,metaspace   ] GC(520) Metaspace: 28977K(29312K)->28977K(29312K) NonClass: 24096K(24256K)->24096K(24256K) Class: 4880K(5056K)->4880K(5056K)
[2758.842s][info][gc             ] GC(520) Pause Young (Prepare Mixed) (G1 Evacuation Pause) 3625M->1447M(4096M) 114.691ms
[2758.842s][info][gc,cpu         ] GC(520) User=0.67s Sys=0.00s Real=0.12s
....[2762.844s][info][gc,start       ] GC(521) Pause Young (Mixed) (G1 Evacuation Pause)
[2762.844s][info][gc,task        ] GC(521) Using 6 workers of 6 for evacuation
[2762.978s][info][gc,phases      ] GC(521)   Pre Evacuate Collection Set: 0.41ms
[2762.978s][info][gc,phases      ] GC(521)   Merge Heap Roots: 0.66ms
[2762.978s][info][gc,phases      ] GC(521)   Evacuate Collection Set: 132.29ms
[2762.978s][info][gc,phases      ] GC(521)   Post Evacuate Collection Set: 0.96ms
[2762.978s][info][gc,phases      ] GC(521)   Other: 0.09ms
[2762.978s][info][gc,heap        ] GC(521) Eden regions: 1112->0(1118)
[2762.978s][info][gc,heap        ] GC(521) Survivor regions: 108->110(153)
[2762.978s][info][gc,heap        ] GC(521) Old regions: 537->473
[2762.978s][info][gc,heap        ] GC(521) Humongous regions: 80->80
[2762.978s][info][gc,metaspace   ] GC(521) Metaspace: 28977K(29312K)->28977K(29312K) NonClass: 24096K(24256K)->24096K(24256K) Class: 4880K(5056K)->4880K(5056K)
[2762.978s][info][gc             ] GC(521) Pause Young (Mixed) (G1 Evacuation Pause) 3671M->1323M(4096M) 134.541ms
[2762.978s][info][gc,cpu         ] GC(521) User=0.79s Sys=0.00s Real=0.13s
....[2766.981s][info][gc,start       ] GC(522) Pause Young (Concurrent Start) (G1 Evacuation Pause)
[2766.981s][info][gc,task        ] GC(522) Using 6 workers of 6 for evacuation
[2767.097s][info][gc,phases      ] GC(522)   Pre Evacuate Collection Set: 0.40ms
[2767.097s][info][gc,phases      ] GC(522)   Merge Heap Roots: 0.46ms
[2767.097s][info][gc,phases      ] GC(522)   Evacuate Collection Set: 114.10ms
[2767.097s][info][gc,phases      ] GC(522)   Post Evacuate Collection Set: 0.90ms
[2767.097s][info][gc,phases      ] GC(522)   Other: 0.11ms
[2767.097s][info][gc,heap        ] GC(522) Eden regions: 1118->0(1120)
[2767.097s][info][gc,heap        ] GC(522) Survivor regions: 110->108(154)
[2767.097s][info][gc,heap        ] GC(522) Old regions: 473->505
[2767.097s][info][gc,heap        ] GC(522) Humongous regions: 80->80
[2767.097s][info][gc,metaspace   ] GC(522) Metaspace: 28977K(29312K)->28977K(29312K) NonClass: 24096K(24256K)->24096K(24256K) Class: 4880K(5056K)->4880K(5056K)
[2767.097s][info][gc             ] GC(522) Pause Young (Concurrent Start) (G1 Evacuation Pause) 3559M->1384M(4096M) 116.106ms
[2767.097s][info][gc             ] GC(523) Concurrent Mark Cycle
[2767.097s][info][gc,marking     ] GC(523) Concurrent Scan Root Regions
[2767.097s][info][gc,cpu         ] GC(522) User=0.69s Sys=0.00s Real=0.12s
[2767.210s][info][gc,marking     ] GC(523) Concurrent Scan Root Regions 112.875ms
[2767.210s][info][gc,marking     ] GC(523) Concurrent Mark
[2767.210s][info][gc,marking     ] GC(523) Concurrent Mark From Roots
[2767.210s][info][gc,task        ] GC(523) Using 2 workers of 2 for marking
.[2767.749s][info][gc,marking     ] GC(523) Concurrent Mark From Roots 539.204ms
[2767.749s][info][gc,marking     ] GC(523) Concurrent Preclean
[2767.749s][info][gc,marking     ] GC(523) Concurrent Preclean 0.148ms
[2767.750s][info][gc,start       ] GC(523) Pause Remark
[2767.754s][info][gc             ] GC(523) Pause Remark 1780M->1780M(4096M) 4.701ms
[2767.754s][info][gc,cpu         ] GC(523) User=0.03s Sys=0.00s Real=0.01s
[2767.754s][info][gc,marking     ] GC(523) Concurrent Mark 544.376ms
[2767.754s][info][gc,marking     ] GC(523) Concurrent Rebuild Remembered Sets and Scrub Regions
[2768.020s][info][gc,marking     ] GC(523) Concurrent Rebuild Remembered Sets and Scrub Regions 266.080ms
[2768.021s][info][gc,start       ] GC(523) Pause Cleanup
[2768.021s][info][gc             ] GC(523) Pause Cleanup 1947M->1947M(4096M) 0.121ms
[2768.021s][info][gc,cpu         ] GC(523) User=0.00s Sys=0.00s Real=0.00s
[2768.021s][info][gc,marking     ] GC(523) Concurrent Clear Claimed Marks
[2768.021s][info][gc,marking     ] GC(523) Concurrent Clear Claimed Marks 0.037ms
[2768.021s][info][gc,marking     ] GC(523) Concurrent Cleanup for Next Mark
[2768.026s][info][gc,marking     ] GC(523) Concurrent Cleanup for Next Mark 5.048ms
[2768.026s][info][gc             ] GC(523) Concurrent Mark Cycle 929.135ms
...[2771.114s][info][gc,start       ] GC(524) Pause Young (Prepare Mixed) (G1 Evacuation Pause)
[2771.114s][info][gc,task        ] GC(524) Using 6 workers of 6 for evacuation
[2771.230s][info][gc,phases      ] GC(524)   Pre Evacuate Collection Set: 0.34ms
[2771.230s][info][gc,phases      ] GC(524)   Merge Heap Roots: 0.50ms
[2771.230s][info][gc,phases      ] GC(524)   Evacuate Collection Set: 114.16ms
[2771.230s][info][gc,phases      ] GC(524)   Post Evacuate Collection Set: 0.96ms
[2771.230s][info][gc,phases      ] GC(524)   Other: 0.09ms
[2771.230s][info][gc,heap        ] GC(524) Eden regions: 1120->0(1111)
[2771.230s][info][gc,heap        ] GC(524) Survivor regions: 108->109(154)
[2771.230s][info][gc,heap        ] GC(524) Old regions: 505->536
[2771.230s][info][gc,heap        ] GC(524) Humongous regions: 80->80
[2771.230s][info][gc,metaspace   ] GC(524) Metaspace: 28974K(29312K)->28974K(29312K) NonClass: 24094K(24256K)->24094K(24256K) Class: 4879K(5056K)->4879K(5056K)
[2771.230s][info][gc             ] GC(524) Pause Young (Prepare Mixed) (G1 Evacuation Pause) 3624M->1448M(4096M) 116.195ms
[2771.230s][info][gc,cpu         ] GC(524) User=0.68s Sys=0.00s Real=0.11s
....[2775.230s][info][gc,start       ] GC(525) Pause Young (Mixed) (G1 Evacuation Pause)
[2775.230s][info][gc,task        ] GC(525) Using 6 workers of 6 for evacuation
[2775.365s][info][gc,phases      ] GC(525)   Pre Evacuate Collection Set: 0.40ms
[2775.365s][info][gc,phases      ] GC(525)   Merge Heap Roots: 0.70ms
[2775.365s][info][gc,phases      ] GC(525)   Evacuate Collection Set: 132.82ms
[2775.365s][info][gc,phases      ] GC(525)   Post Evacuate Collection Set: 0.97ms
[2775.365s][info][gc,phases      ] GC(525)   Other: 0.09ms
[2775.365s][info][gc,heap        ] GC(525) Eden regions: 1111->0(1117)
[2775.365s][info][gc,heap        ] GC(525) Survivor regions: 109->111(153)
[2775.365s][info][gc,heap        ] GC(525) Old regions: 536->473
[2775.365s][info][gc,heap        ] GC(525) Humongous regions: 80->80
[2775.365s][info][gc,metaspace   ] GC(525) Metaspace: 28974K(29312K)->28974K(29312K) NonClass: 24094K(24256K)->24094K(24256K) Class: 4879K(5056K)->4879K(5056K)
[2775.365s][info][gc             ] GC(525) Pause Young (Mixed) (G1 Evacuation Pause) 3670M->1326M(4096M) 135.109ms
[2775.365s][info][gc,cpu         ] GC(525) User=0.80s Sys=0.00s Real=0.14s
....[2779.391s][info][gc,start       ] GC(526) Pause Young (Concurrent Start) (G1 Evacuation Pause)
[2779.391s][info][gc,task        ] GC(526) Using 6 workers of 6 for evacuation
[2779.508s][info][gc,phases      ] GC(526)   Pre Evacuate Collection Set: 0.40ms
[2779.508s][info][gc,phases      ] GC(526)   Merge Heap Roots: 0.44ms
[2779.508s][info][gc,phases      ] GC(526)   Evacuate Collection Set: 115.94ms
[2779.508s][info][gc,phases      ] GC(526)   Post Evacuate Collection Set: 0.92ms
[2779.508s][info][gc,phases      ] GC(526)   Other: 0.10ms
[2779.508s][info][gc,heap        ] GC(526) Eden regions: 1117->0(1119)
[2779.508s][info][gc,heap        ] GC(526) Survivor regions: 111->109(154)
[2779.508s][info][gc,heap        ] GC(526) Old regions: 473->505
[2779.508s][info][gc,heap        ] GC(526) Humongous regions: 80->80
[2779.508s][info][gc,metaspace   ] GC(526) Metaspace: 28974K(29312K)->28974K(29312K) NonClass: 24094K(24256K)->24094K(24256K) Class: 4879K(5056K)->4879K(5056K)
[2779.509s][info][gc             ] GC(526) Pause Young (Concurrent Start) (G1 Evacuation Pause) 3560M->1387M(4096M) 117.933ms
[2779.509s][info][gc             ] GC(527) Concurrent Mark Cycle
[2779.509s][info][gc,marking     ] GC(527) Concurrent Scan Root Regions
[2779.509s][info][gc,cpu         ] GC(526) User=0.70s Sys=0.00s Real=0.12s
[2779.649s][info][gc,marking     ] GC(527) Concurrent Scan Root Regions 140.746ms
[2779.649s][info][gc,marking     ] GC(527) Concurrent Mark
[2779.649s][info][gc,marking     ] GC(527) Concurrent Mark From Roots
[2779.649s][info][gc,task        ] GC(527) Using 2 workers of 2 for marking
.[2780.273s][info][gc,marking     ] GC(527) Concurrent Mark From Roots 624.063ms
[2780.274s][info][gc,marking     ] GC(527) Concurrent Preclean
[2780.274s][info][gc,marking     ] GC(527) Concurrent Preclean 0.174ms
[2780.274s][info][gc,start       ] GC(527) Pause Remark
[2780.278s][info][gc             ] GC(527) Pause Remark 1849M->1849M(4096M) 3.828ms
[2780.278s][info][gc,cpu         ] GC(527) User=0.02s Sys=0.00s Real=0.00s
[2780.279s][info][gc,marking     ] GC(527) Concurrent Mark 629.599ms
[2780.279s][info][gc,marking     ] GC(527) Concurrent Rebuild Remembered Sets and Scrub Regions
[2780.529s][info][gc,marking     ] GC(527) Concurrent Rebuild Remembered Sets and Scrub Regions 250.245ms
[2780.529s][info][gc,start       ] GC(527) Pause Cleanup
[2780.530s][info][gc             ] GC(527) Pause Cleanup 2020M->2020M(4096M) 0.111ms
[2780.530s][info][gc,cpu         ] GC(527) User=0.00s Sys=0.00s Real=0.00s
[2780.530s][info][gc,marking     ] GC(527) Concurrent Clear Claimed Marks
[2780.530s][info][gc,marking     ] GC(527) Concurrent Clear Claimed Marks 0.027ms
[2780.530s][info][gc,marking     ] GC(527) Concurrent Cleanup for Next Mark
[2780.534s][info][gc,marking     ] GC(527) Concurrent Cleanup for Next Mark 4.604ms
[2780.534s][info][gc             ] GC(527) Concurrent Mark Cycle 1025.691ms
...[2783.485s][info][gc,start       ] GC(528) Pause Young (Prepare Mixed) (G1 Evacuation Pause)
[2783.485s][info][gc,task        ] GC(528) Using 6 workers of 6 for evacuation
[2783.600s][info][gc,phases      ] GC(528)   Pre Evacuate Collection Set: 0.35ms
[2783.600s][info][gc,phases      ] GC(528)   Merge Heap Roots: 0.53ms
[2783.600s][info][gc,phases      ] GC(528)   Evacuate Collection Set: 112.89ms
[2783.600s][info][gc,phases      ] GC(528)   Post Evacuate Collection Set: 0.96ms
[2783.600s][info][gc,phases      ] GC(528)   Other: 0.09ms
[2783.600s][info][gc,heap        ] GC(528) Eden regions: 1119->0(1114)
[2783.600s][info][gc,heap        ] GC(528) Survivor regions: 109->107(154)
[2783.600s][info][gc,heap        ] GC(528) Old regions: 505->537
[2783.600s][info][gc,heap        ] GC(528) Humongous regions: 80->80
[2783.600s][info][gc,metaspace   ] GC(528) Metaspace: 28974K(29312K)->28974K(29312K) NonClass: 24094K(24256K)->24094K(24256K) Class: 4879K(5056K)->4879K(5056K)
[2783.600s][info][gc             ] GC(528) Pause Young (Prepare Mixed) (G1 Evacuation Pause) 3625M->1447M(4096M) 114.962ms
[2783.600s][info][gc,cpu         ] GC(528) User=0.68s Sys=0.00s Real=0.11s
....[2787.584s][info][gc,start       ] GC(529) Pause Young (Mixed) (G1 Evacuation Pause)
[2787.584s][info][gc,task        ] GC(529) Using 6 workers of 6 for evacuation
[2787.718s][info][gc,phases      ] GC(529)   Pre Evacuate Collection Set: 0.40ms
[2787.718s][info][gc,phases      ] GC(529)   Merge Heap Roots: 0.66ms
[2787.718s][info][gc,phases      ] GC(529)   Evacuate Collection Set: 131.10ms
[2787.718s][info][gc,phases      ] GC(529)   Post Evacuate Collection Set: 0.98ms
[2787.718s][info][gc,phases      ] GC(529)   Other: 0.08ms
[2787.718s][info][gc,heap        ] GC(529) Eden regions: 1114->0(1118)
[2787.718s][info][gc,heap        ] GC(529) Survivor regions: 107->110(153)
[2787.718s][info][gc,heap        ] GC(529) Old regions: 537->475
[2787.718s][info][gc,heap        ] GC(529) Humongous regions: 80->80
[2787.718s][info][gc,metaspace   ] GC(529) Metaspace: 28974K(29312K)->28974K(29312K) NonClass: 24094K(24256K)->24094K(24256K) Class: 4879K(5056K)->4879K(5056K)
[2787.718s][info][gc             ] GC(529) Pause Young (Mixed) (G1 Evacuation Pause) 3675M->1328M(4096M) 133.355ms
[2787.718s][info][gc,cpu         ] GC(529) User=0.79s Sys=0.00s Real=0.13s
.....[2791.738s][info][gc,start       ] GC(530) Pause Young (Concurrent Start) (G1 Evacuation Pause)
[2791.738s][info][gc,task        ] GC(530) Using 6 workers of 6 for evacuation
[2791.855s][info][gc,phases      ] GC(530)   Pre Evacuate Collection Set: 0.40ms
[2791.855s][info][gc,phases      ] GC(530)   Merge Heap Roots: 0.51ms
[2791.855s][info][gc,phases      ] GC(530)   Evacuate Collection Set: 114.51ms
[2791.855s][info][gc,phases      ] GC(530)   Post Evacuate Collection Set: 0.92ms
[2791.855s][info][gc,phases      ] GC(530)   Other: 0.11ms
[2791.855s][info][gc,heap        ] GC(530) Eden regions: 1118->0(1119)
[2791.855s][info][gc,heap        ] GC(530) Survivor regions: 110->109(154)
[2791.855s][info][gc,heap        ] GC(530) Old regions: 475->507
[2791.855s][info][gc,heap        ] GC(530) Humongous regions: 80->80
[2791.855s][info][gc,metaspace   ] GC(530) Metaspace: 28974K(29312K)->28974K(29312K) NonClass: 24094K(24256K)->24094K(24256K) Class: 4879K(5056K)->4879K(5056K)
[2791.855s][info][gc             ] GC(530) Pause Young (Concurrent Start) (G1 Evacuation Pause) 3564M->1389M(4096M) 116.581ms
[2791.855s][info][gc             ] GC(531) Concurrent Mark Cycle
[2791.855s][info][gc,marking     ] GC(531) Concurrent Scan Root Regions
[2791.855s][info][gc,cpu         ] GC(530) User=0.69s Sys=0.00s Real=0.12s
[2792.031s][info][gc,marking     ] GC(531) Concurrent Scan Root Regions 175.879ms
[2792.031s][info][gc,marking     ] GC(531) Concurrent Mark
[2792.031s][info][gc,marking     ] GC(531) Concurrent Mark From Roots
[2792.031s][info][gc,task        ] GC(531) Using 2 workers of 2 for marking
.[2792.997s][info][gc,marking     ] GC(531) Concurrent Mark From Roots 966.786ms
[2792.998s][info][gc,marking     ] GC(531) Concurrent Preclean
[2792.998s][info][gc,marking     ] GC(531) Concurrent Preclean 0.148ms
[2792.998s][info][gc,start       ] GC(531) Pause Remark
[2793.003s][info][gc             ] GC(531) Pause Remark 2070M->2070M(4096M) 5.492ms
[2793.003s][info][gc,cpu         ] GC(531) User=0.03s Sys=0.00s Real=0.01s
[2793.003s][info][gc,marking     ] GC(531) Concurrent Mark 972.748ms
[2793.003s][info][gc,marking     ] GC(531) Concurrent Rebuild Remembered Sets and Scrub Regions
[2793.350s][info][gc,marking     ] GC(531) Concurrent Rebuild Remembered Sets and Scrub Regions 346.128ms
[2793.350s][info][gc,start       ] GC(531) Pause Cleanup
[2793.350s][info][gc             ] GC(531) Pause Cleanup 2263M->2263M(4096M) 0.131ms
[2793.350s][info][gc,cpu         ] GC(531) User=0.00s Sys=0.00s Real=0.00s
[2793.350s][info][gc,marking     ] GC(531) Concurrent Clear Claimed Marks
[2793.350s][info][gc,marking     ] GC(531) Concurrent Clear Claimed Marks 0.029ms
[2793.350s][info][gc,marking     ] GC(531) Concurrent Cleanup for Next Mark
[2793.355s][info][gc,marking     ] GC(531) Concurrent Cleanup for Next Mark 4.575ms
[2793.355s][info][gc             ] GC(531) Concurrent Mark Cycle 1500.055ms
.. (rIR:aIR:PR = 4566:4566:4566) (tPR = 67791) [OK] 
  2794s: Performance info:
         Transaction,    Success,    Partial,     Failed,   Receipts, AvgBarcode, 
             Overall,     274578,          0,          0,     260844,      59.47, 
         Response times:
             Request,    Success,    Partial,     Failed,   SkipFail,     Probes,    Samples,      min,      p50,      p90,      p95,      p99,      max, 
       TotalPurchase,     260844,          0,          0,          0,     255767,     278665,      300,     3800,     7100,    12000,    48000,   252000,
     InStorePurchase,     137273,          0,          0,          0,     134879,     146907,      300,     3700,     7100,    12000,    48000,   249000,
      OnlinePurchase,      96091,          0,          0,          0,      94277,     102641,      300,     3800,     7200,    12100,    48000,   252000,
        InstPurchase,      27480,          0,          0,          0,      26611,      29117,      400,     3900,     7100,    11800,    47000,   212000,
          AssocOfCat,        275,          0,          0,          0,        208,        273,    21000,    30000,    52000,    61000,   156860,   208000,
      AssocOfProduct,       2757,          0,          0,          0,       2530,       2975,      700,     4200,     7400,    13600,    49240,   144000,
      BusinessReport,        683,          0,          0,          0,        564,        703,    22000,    32000,    48600,    59000,   123720,   179000,
          CustBuyBeh,       2753,          0,          0,          0,       2533,       2893,      200,     3600,     6860,    11490,    46000,   139000,
       ProductReturn,       7266,          0,          0,          0,       6973,       7833,      200,     4500,     7700,    12700,    52000,   212000,

  2794s: (34%)   IR =   4705 .[2795.903s][info][gc,start       ] GC(532) Pause Young (Prepare Mixed) (G1 Evacuation Pause)
[2795.903s][info][gc,task        ] GC(532) Using 6 workers of 6 for evacuation
[2796.020s][info][gc,phases      ] GC(532)   Pre Evacuate Collection Set: 0.33ms
[2796.020s][info][gc,phases      ] GC(532)   Merge Heap Roots: 0.52ms
[2796.020s][info][gc,phases      ] GC(532)   Evacuate Collection Set: 114.91ms
[2796.020s][info][gc,phases      ] GC(532)   Post Evacuate Collection Set: 0.95ms
[2796.020s][info][gc,phases      ] GC(532)   Other: 0.08ms
[2796.020s][info][gc,heap        ] GC(532) Eden regions: 1119->0(1107)
[2796.020s][info][gc,heap        ] GC(532) Survivor regions: 109->110(154)
[2796.020s][info][gc,heap        ] GC(532) Old regions: 507->538
[2796.020s][info][gc,heap        ] GC(532) Humongous regions: 80->80
[2796.020s][info][gc,metaspace   ] GC(532) Metaspace: 28972K(29312K)->28972K(29312K) NonClass: 24093K(24256K)->24093K(24256K) Class: 4879K(5056K)->4879K(5056K)
[2796.020s][info][gc             ] GC(532) Pause Young (Prepare Mixed) (G1 Evacuation Pause) 3627M->1453M(4096M) 116.920ms
[2796.020s][info][gc,cpu         ] GC(532) User=0.69s Sys=0.00s Real=0.11s
....[2799.890s][info][gc,start       ] GC(533) Pause Young (Mixed) (G1 Evacuation Pause)
[2799.890s][info][gc,task        ] GC(533) Using 6 workers of 6 for evacuation
[2800.022s][info][gc,phases      ] GC(533)   Pre Evacuate Collection Set: 0.36ms
[2800.022s][info][gc,phases      ] GC(533)   Merge Heap Roots: 0.69ms
[2800.022s][info][gc,phases      ] GC(533)   Evacuate Collection Set: 129.64ms
[2800.022s][info][gc,phases      ] GC(533)   Post Evacuate Collection Set: 0.99ms
[2800.022s][info][gc,phases      ] GC(533)   Other: 0.09ms
[2800.022s][info][gc,heap        ] GC(533) Eden regions: 1107->0(1119)
[2800.022s][info][gc,heap        ] GC(533) Survivor regions: 110->109(153)
[2800.022s][info][gc,heap        ] GC(533) Old regions: 538->472
[2800.022s][info][gc,heap        ] GC(533) Humongous regions: 80->80
[2800.022s][info][gc,metaspace   ] GC(533) Metaspace: 28972K(29312K)->28972K(29312K) NonClass: 24093K(24256K)->24093K(24256K) Class: 4879K(5056K)->4879K(5056K)
[2800.022s][info][gc             ] GC(533) Pause Young (Mixed) (G1 Evacuation Pause) 3667M->1320M(4096M) 131.907ms
[2800.022s][info][gc,cpu         ] GC(533) User=0.78s Sys=0.00s Real=0.14s
..|..[2803.848s][info][gc,start       ] GC(534) Pause Young (Concurrent Start) (G1 Evacuation Pause)
[2803.848s][info][gc,task        ] GC(534) Using 6 workers of 6 for evacuation
[2803.965s][info][gc,phases      ] GC(534)   Pre Evacuate Collection Set: 0.38ms
[2803.966s][info][gc,phases      ] GC(534)   Merge Heap Roots: 0.44ms
[2803.966s][info][gc,phases      ] GC(534)   Evacuate Collection Set: 115.41ms
[2803.966s][info][gc,phases      ] GC(534)   Post Evacuate Collection Set: 0.90ms
[2803.966s][info][gc,phases      ] GC(534)   Other: 0.11ms
[2803.966s][info][gc,heap        ] GC(534) Eden regions: 1119->0(1119)
[2803.966s][info][gc,heap        ] GC(534) Survivor regions: 109->109(154)
[2803.966s][info][gc,heap        ] GC(534) Old regions: 472->504
[2803.966s][info][gc,heap        ] GC(534) Humongous regions: 80->80
[2803.966s][info][gc,metaspace   ] GC(534) Metaspace: 28972K(29312K)->28972K(29312K) NonClass: 24093K(24256K)->24093K(24256K) Class: 4879K(5056K)->4879K(5056K)
[2803.966s][info][gc             ] GC(534) Pause Young (Concurrent Start) (G1 Evacuation Pause) 3558M->1383M(4096M) 117.381ms
[2803.966s][info][gc             ] GC(535) Concurrent Mark Cycle
[2803.966s][info][gc,marking     ] GC(535) Concurrent Scan Root Regions
[2803.966s][info][gc,cpu         ] GC(534) User=0.70s Sys=0.00s Real=0.12s
[2804.143s][info][gc,marking     ] GC(535) Concurrent Scan Root Regions 177.677ms
[2804.143s][info][gc,marking     ] GC(535) Concurrent Mark
[2804.143s][info][gc,marking     ] GC(535) Concurrent Mark From Roots
[2804.143s][info][gc,task        ] GC(535) Using 2 workers of 2 for marking
.[2805.114s][info][gc,marking     ] GC(535) Concurrent Mark From Roots 970.811ms
[2805.114s][info][gc,marking     ] GC(535) Concurrent Preclean
[2805.114s][info][gc,marking     ] GC(535) Concurrent Preclean 0.196ms
[2805.115s][info][gc,start       ] GC(535) Pause Remark
[2805.119s][info][gc             ] GC(535) Pause Remark 2077M->2077M(4096M) 4.161ms
[2805.119s][info][gc,cpu         ] GC(535) User=0.03s Sys=0.00s Real=0.00s
[2805.119s][info][gc,marking     ] GC(535) Concurrent Mark 976.107ms
[2805.119s][info][gc,marking     ] GC(535) Concurrent Rebuild Remembered Sets and Scrub Regions
[2805.356s][info][gc,marking     ] GC(535) Concurrent Rebuild Remembered Sets and Scrub Regions 236.557ms
[2805.357s][info][gc,start       ] GC(535) Pause Cleanup
[2805.357s][info][gc             ] GC(535) Pause Cleanup 2235M->2235M(4096M) 0.126ms
[2805.357s][info][gc,cpu         ] GC(535) User=0.00s Sys=0.00s Real=0.00s
[2805.357s][info][gc,marking     ] GC(535) Concurrent Clear Claimed Marks
[2805.357s][info][gc,marking     ] GC(535) Concurrent Clear Claimed Marks 0.027ms
[2805.357s][info][gc,marking     ] GC(535) Concurrent Cleanup for Next Mark
[2805.362s][info][gc,marking     ] GC(535) Concurrent Cleanup for Next Mark 4.334ms
[2805.362s][info][gc             ] GC(535) Concurrent Mark Cycle 1396.164ms
...[2807.877s][info][gc,start       ] GC(536) Pause Young (Prepare Mixed) (G1 Evacuation Pause)
[2807.877s][info][gc,task        ] GC(536) Using 6 workers of 6 for evacuation
[2807.993s][info][gc,phases      ] GC(536)   Pre Evacuate Collection Set: 0.35ms
[2807.993s][info][gc,phases      ] GC(536)   Merge Heap Roots: 0.50ms
[2807.993s][info][gc,phases      ] GC(536)   Evacuate Collection Set: 113.98ms
[2807.993s][info][gc,phases      ] GC(536)   Post Evacuate Collection Set: 0.92ms
[2807.993s][info][gc,phases      ] GC(536)   Other: 0.08ms
[2807.993s][info][gc,heap        ] GC(536) Eden regions: 1119->0(1113)
[2807.993s][info][gc,heap        ] GC(536) Survivor regions: 109->108(154)
[2807.993s][info][gc,heap        ] GC(536) Old regions: 504->536
[2807.993s][info][gc,heap        ] GC(536) Humongous regions: 80->80
[2807.993s][info][gc,metaspace   ] GC(536) Metaspace: 28972K(29312K)->28972K(29312K) NonClass: 24093K(24256K)->24093K(24256K) Class: 4879K(5056K)->4879K(5056K)
[2807.993s][info][gc             ] GC(536) Pause Young (Prepare Mixed) (G1 Evacuation Pause) 3621M->1446M(4096M) 115.963ms
[2807.993s][info][gc,cpu         ] GC(536) User=0.69s Sys=0.00s Real=0.12s
....[2811.811s][info][gc,start       ] GC(537) Pause Young (Mixed) (G1 Evacuation Pause)
[2811.811s][info][gc,task        ] GC(537) Using 6 workers of 6 for evacuation
[2811.941s][info][gc,phases      ] GC(537)   Pre Evacuate Collection Set: 0.38ms
[2811.941s][info][gc,phases      ] GC(537)   Merge Heap Roots: 0.61ms
[2811.941s][info][gc,phases      ] GC(537)   Evacuate Collection Set: 127.74ms
[2811.941s][info][gc,phases      ] GC(537)   Post Evacuate Collection Set: 0.94ms
[2811.941s][info][gc,phases      ] GC(537)   Other: 0.09ms
[2811.941s][info][gc,heap        ] GC(537) Eden regions: 1113->0(1120)
[2811.941s][info][gc,heap        ] GC(537) Survivor regions: 108->108(153)
[2811.941s][info][gc,heap        ] GC(537) Old regions: 536->471
[2811.941s][info][gc,heap        ] GC(537) Humongous regions: 80->80
[2811.941s][info][gc,metaspace   ] GC(537) Metaspace: 28972K(29312K)->28972K(29312K) NonClass: 24093K(24256K)->24093K(24256K) Class: 4879K(5056K)->4879K(5056K)
[2811.941s][info][gc             ] GC(537) Pause Young (Mixed) (G1 Evacuation Pause) 3672M->1317M(4096M) 129.899ms
[2811.941s][info][gc,cpu         ] GC(537) User=0.77s Sys=0.00s Real=0.13s
....[2815.829s][info][gc,start       ] GC(538) Pause Young (Concurrent Start) (G1 Evacuation Pause)
[2815.829s][info][gc,task        ] GC(538) Using 6 workers of 6 for evacuation
[2815.948s][info][gc,phases      ] GC(538)   Pre Evacuate Collection Set: 0.38ms
[2815.948s][info][gc,phases      ] GC(538)   Merge Heap Roots: 0.47ms
[2815.948s][info][gc,phases      ] GC(538)   Evacuate Collection Set: 116.41ms
[2815.948s][info][gc,phases      ] GC(538)   Post Evacuate Collection Set: 0.91ms
[2815.948s][info][gc,phases      ] GC(538)   Other: 0.11ms
[2815.948s][info][gc,heap        ] GC(538) Eden regions: 1120->0(1120)
[2815.948s][info][gc,heap        ] GC(538) Survivor regions: 108->108(154)
[2815.948s][info][gc,heap        ] GC(538) Old regions: 471->504
[2815.948s][info][gc,heap        ] GC(538) Humongous regions: 80->80
[2815.948s][info][gc,metaspace   ] GC(538) Metaspace: 28972K(29312K)->28972K(29312K) NonClass: 24093K(24256K)->24093K(24256K) Class: 4879K(5056K)->4879K(5056K)
[2815.948s][info][gc             ] GC(538) Pause Young (Concurrent Start) (G1 Evacuation Pause) 3557M->1381M(4096M) 118.414ms
[2815.948s][info][gc             ] GC(539) Concurrent Mark Cycle
[2815.948s][info][gc,marking     ] GC(539) Concurrent Scan Root Regions
[2815.948s][info][gc,cpu         ] GC(538) User=0.70s Sys=0.01s Real=0.12s
[2816.082s][info][gc,marking     ] GC(539) Concurrent Scan Root Regions 134.020ms
[2816.082s][info][gc,marking     ] GC(539) Concurrent Mark
[2816.082s][info][gc,marking     ] GC(539) Concurrent Mark From Roots
[2816.082s][info][gc,task        ] GC(539) Using 2 workers of 2 for marking
[2816.696s][info][gc,marking     ] GC(539) Concurrent Mark From Roots 614.318ms
[2816.696s][info][gc,marking     ] GC(539) Concurrent Preclean
[2816.697s][info][gc,marking     ] GC(539) Concurrent Preclean 0.156ms
[2816.697s][info][gc,start       ] GC(539) Pause Remark
[2816.700s][info][gc             ] GC(539) Pause Remark 1829M->1829M(4096M) 3.535ms
[2816.700s][info][gc,cpu         ] GC(539) User=0.02s Sys=0.00s Real=0.00s
[2816.700s][info][gc,marking     ] GC(539) Concurrent Mark 618.270ms
[2816.700s][info][gc,marking     ] GC(539) Concurrent Rebuild Remembered Sets and Scrub Regions
.[2816.963s][info][gc,marking     ] GC(539) Concurrent Rebuild Remembered Sets and Scrub Regions 263.076ms
[2816.964s][info][gc,start       ] GC(539) Pause Cleanup
[2816.964s][info][gc             ] GC(539) Pause Cleanup 1978M->1978M(4096M) 0.106ms
[2816.964s][info][gc,cpu         ] GC(539) User=0.00s Sys=0.00s Real=0.00s
[2816.964s][info][gc,marking     ] GC(539) Concurrent Clear Claimed Marks
[2816.964s][info][gc,marking     ] GC(539) Concurrent Clear Claimed Marks 0.025ms
[2816.964s][info][gc,marking     ] GC(539) Concurrent Cleanup for Next Mark
[2816.967s][info][gc,marking     ] GC(539) Concurrent Cleanup for Next Mark 3.177ms
[2816.967s][info][gc             ] GC(539) Concurrent Mark Cycle 1019.014ms
...[2819.795s][info][gc,start       ] GC(540) Pause Young (Prepare Mixed) (G1 Evacuation Pause)
[2819.795s][info][gc,task        ] GC(540) Using 6 workers of 6 for evacuation
[2819.914s][info][gc,phases      ] GC(540)   Pre Evacuate Collection Set: 0.31ms
[2819.914s][info][gc,phases      ] GC(540)   Merge Heap Roots: 0.51ms
[2819.914s][info][gc,phases      ] GC(540)   Evacuate Collection Set: 116.66ms
[2819.914s][info][gc,phases      ] GC(540)   Post Evacuate Collection Set: 0.93ms
[2819.914s][info][gc,phases      ] GC(540)   Other: 0.08ms
[2819.914s][info][gc,heap        ] GC(540) Eden regions: 1120->0(1108)
[2819.914s][info][gc,heap        ] GC(540) Survivor regions: 108->111(154)
[2819.914s][info][gc,heap        ] GC(540) Old regions: 504->535
[2819.914s][info][gc,heap        ] GC(540) Humongous regions: 80->80
[2819.914s][info][gc,metaspace   ] GC(540) Metaspace: 28972K(29312K)->28972K(29312K) NonClass: 24093K(24256K)->24093K(24256K) Class: 4879K(5056K)->4879K(5056K)
[2819.914s][info][gc             ] GC(540) Pause Young (Prepare Mixed) (G1 Evacuation Pause) 3621M->1450M(4096M) 118.629ms
[2819.914s][info][gc,cpu         ] GC(540) User=0.70s Sys=0.00s Real=0.12s
....[2823.865s][info][gc,start       ] GC(541) Pause Young (Mixed) (G1 Evacuation Pause)
[2823.865s][info][gc,task        ] GC(541) Using 6 workers of 6 for evacuation
[2824.001s][info][gc,phases      ] GC(541)   Pre Evacuate Collection Set: 0.38ms
[2824.001s][info][gc,phases      ] GC(541)   Merge Heap Roots: 0.71ms
[2824.001s][info][gc,phases      ] GC(541)   Evacuate Collection Set: 134.17ms
[2824.001s][info][gc,phases      ] GC(541)   Post Evacuate Collection Set: 0.94ms
[2824.001s][info][gc,phases      ] GC(541)   Other: 0.09ms
[2824.001s][info][gc,heap        ] GC(541) Eden regions: 1108->0(1118)
[2824.001s][info][gc,heap        ] GC(541) Survivor regions: 111->110(153)
[2824.001s][info][gc,heap        ] GC(541) Old regions: 535->474
[2824.001s][info][gc,heap        ] GC(541) Humongous regions: 80->80
[2824.001s][info][gc,metaspace   ] GC(541) Metaspace: 28972K(29312K)->28972K(29312K) NonClass: 24093K(24256K)->24093K(24256K) Class: 4879K(5056K)->4879K(5056K)
[2824.001s][info][gc             ] GC(541) Pause Young (Mixed) (G1 Evacuation Pause) 3666M->1325M(4096M) 136.435ms
[2824.001s][info][gc,cpu         ] GC(541) User=0.80s Sys=0.00s Real=0.13s
....[2827.849s][info][gc,start       ] GC(542) Pause Young (Concurrent Start) (G1 Evacuation Pause)
[2827.849s][info][gc,task        ] GC(542) Using 6 workers of 6 for evacuation
[2827.967s][info][gc,phases      ] GC(542)   Pre Evacuate Collection Set: 0.38ms
[2827.967s][info][gc,phases      ] GC(542)   Merge Heap Roots: 0.44ms
[2827.967s][info][gc,phases      ] GC(542)   Evacuate Collection Set: 116.14ms
[2827.967s][info][gc,phases      ] GC(542)   Post Evacuate Collection Set: 0.88ms
[2827.967s][info][gc,phases      ] GC(542)   Other: 0.10ms
[2827.967s][info][gc,heap        ] GC(542) Eden regions: 1118->0(1117)
[2827.967s][info][gc,heap        ] GC(542) Survivor regions: 110->111(154)
[2827.967s][info][gc,heap        ] GC(542) Old regions: 474->505
[2827.967s][info][gc,heap        ] GC(542) Humongous regions: 80->80
[2827.967s][info][gc,metaspace   ] GC(542) Metaspace: 28972K(29312K)->28972K(29312K) NonClass: 24093K(24256K)->24093K(24256K) Class: 4879K(5056K)->4879K(5056K)
[2827.967s][info][gc             ] GC(542) Pause Young (Concurrent Start) (G1 Evacuation Pause) 3561M->1390M(4096M) 118.074ms
[2827.967s][info][gc             ] GC(543) Concurrent Mark Cycle
[2827.967s][info][gc,marking     ] GC(543) Concurrent Scan Root Regions
[2827.967s][info][gc,cpu         ] GC(542) User=0.70s Sys=0.00s Real=0.12s
[2828.144s][info][gc,marking     ] GC(543) Concurrent Scan Root Regions 177.292ms
[2828.144s][info][gc,marking     ] GC(543) Concurrent Mark
[2828.144s][info][gc,marking     ] GC(543) Concurrent Mark From Roots
[2828.144s][info][gc,task        ] GC(543) Using 2 workers of 2 for marking
.[2828.798s][info][gc,marking     ] GC(543) Concurrent Mark From Roots 654.070ms
[2828.798s][info][gc,marking     ] GC(543) Concurrent Preclean
[2828.799s][info][gc,marking     ] GC(543) Concurrent Preclean 0.166ms
[2828.799s][info][gc,start       ] GC(543) Pause Remark
[2828.804s][info][gc             ] GC(543) Pause Remark 1931M->1931M(4096M) 4.940ms
[2828.804s][info][gc,cpu         ] GC(543) User=0.03s Sys=0.00s Real=0.01s
[2828.804s][info][gc,marking     ] GC(543) Concurrent Mark 659.612ms
[2828.804s][info][gc,marking     ] GC(543) Concurrent Rebuild Remembered Sets and Scrub Regions
[2829.068s][info][gc,marking     ] GC(543) Concurrent Rebuild Remembered Sets and Scrub Regions 264.424ms
[2829.069s][info][gc,start       ] GC(543) Pause Cleanup
[2829.069s][info][gc             ] GC(543) Pause Cleanup 2080M->2080M(4096M) 0.104ms
[2829.069s][info][gc,cpu         ] GC(543) User=0.00s Sys=0.00s Real=0.00s
[2829.069s][info][gc,marking     ] GC(543) Concurrent Clear Claimed Marks
[2829.069s][info][gc,marking     ] GC(543) Concurrent Clear Claimed Marks 0.024ms
[2829.069s][info][gc,marking     ] GC(543) Concurrent Cleanup for Next Mark
[2829.072s][info][gc,marking     ] GC(543) Concurrent Cleanup for Next Mark 3.207ms
[2829.072s][info][gc             ] GC(543) Concurrent Mark Cycle 1104.980ms
...[2831.870s][info][gc,start       ] GC(544) Pause Young (Prepare Mixed) (G1 Evacuation Pause)
[2831.870s][info][gc,task        ] GC(544) Using 6 workers of 6 for evacuation
[2831.989s][info][gc,phases      ] GC(544)   Pre Evacuate Collection Set: 0.33ms
[2831.989s][info][gc,phases      ] GC(544)   Merge Heap Roots: 0.48ms
[2831.989s][info][gc,phases      ] GC(544)   Evacuate Collection Set: 116.81ms
[2831.989s][info][gc,phases      ] GC(544)   Post Evacuate Collection Set: 0.92ms
[2831.989s][info][gc,phases      ] GC(544)   Other: 0.09ms
[2831.989s][info][gc,heap        ] GC(544) Eden regions: 1117->0(1110)
[2831.989s][info][gc,heap        ] GC(544) Survivor regions: 111->109(154)
[2831.989s][info][gc,heap        ] GC(544) Old regions: 505->537
[2831.989s][info][gc,heap        ] GC(544) Humongous regions: 80->80
[2831.989s][info][gc,metaspace   ] GC(544) Metaspace: 28972K(29312K)->28972K(29312K) NonClass: 24093K(24256K)->24093K(24256K) Class: 4879K(5056K)->4879K(5056K)
[2831.989s][info][gc             ] GC(544) Pause Young (Prepare Mixed) (G1 Evacuation Pause) 3624M->1450M(4096M) 118.758ms
[2831.989s][info][gc,cpu         ] GC(544) User=0.70s Sys=0.00s Real=0.12s
....[2835.843s][info][gc,start       ] GC(545) Pause Young (Mixed) (G1 Evacuation Pause)
[2835.843s][info][gc,task        ] GC(545) Using 6 workers of 6 for evacuation
[2835.976s][info][gc,phases      ] GC(545)   Pre Evacuate Collection Set: 0.35ms
[2835.976s][info][gc,phases      ] GC(545)   Merge Heap Roots: 0.67ms
[2835.976s][info][gc,phases      ] GC(545)   Evacuate Collection Set: 131.44ms
[2835.976s][info][gc,phases      ] GC(545)   Post Evacuate Collection Set: 0.96ms
[2835.976s][info][gc,phases      ] GC(545)   Other: 0.09ms
[2835.976s][info][gc,heap        ] GC(545) Eden regions: 1110->0(1118)
[2835.976s][info][gc,heap        ] GC(545) Survivor regions: 109->110(153)
[2835.976s][info][gc,heap        ] GC(545) Old regions: 537->474
[2835.976s][info][gc,heap        ] GC(545) Humongous regions: 80->80
[2835.976s][info][gc,metaspace   ] GC(545) Metaspace: 28972K(29312K)->28972K(29312K) NonClass: 24093K(24256K)->24093K(24256K) Class: 4879K(5056K)->4879K(5056K)
[2835.976s][info][gc             ] GC(545) Pause Young (Mixed) (G1 Evacuation Pause) 3670M->1326M(4096M) 133.651ms
[2835.976s][info][gc,cpu         ] GC(545) User=0.79s Sys=0.00s Real=0.13s
....[2839.819s][info][gc,start       ] GC(546) Pause Young (Concurrent Start) (G1 Evacuation Pause)
[2839.819s][info][gc,task        ] GC(546) Using 6 workers of 6 for evacuation
[2839.937s][info][gc,phases      ] GC(546)   Pre Evacuate Collection Set: 0.35ms
[2839.937s][info][gc,phases      ] GC(546)   Merge Heap Roots: 0.46ms
[2839.937s][info][gc,phases      ] GC(546)   Evacuate Collection Set: 115.70ms
[2839.937s][info][gc,phases      ] GC(546)   Post Evacuate Collection Set: 0.88ms
[2839.937s][info][gc,phases      ] GC(546)   Other: 0.11ms
[2839.937s][info][gc,heap        ] GC(546) Eden regions: 1118->0(1120)
[2839.937s][info][gc,heap        ] GC(546) Survivor regions: 110->108(154)
[2839.937s][info][gc,heap        ] GC(546) Old regions: 474->507
[2839.937s][info][gc,heap        ] GC(546) Humongous regions: 80->80
[2839.937s][info][gc,metaspace   ] GC(546) Metaspace: 28972K(29312K)->28972K(29312K) NonClass: 24093K(24256K)->24093K(24256K) Class: 4879K(5056K)->4879K(5056K)
[2839.937s][info][gc             ] GC(546) Pause Young (Concurrent Start) (G1 Evacuation Pause) 3562M->1388M(4096M) 117.624ms
[2839.937s][info][gc             ] GC(547) Concurrent Mark Cycle
[2839.937s][info][gc,marking     ] GC(547) Concurrent Scan Root Regions
[2839.937s][info][gc,cpu         ] GC(546) User=0.69s Sys=0.00s Real=0.12s
[2840.075s][info][gc,marking     ] GC(547) Concurrent Scan Root Regions 137.712ms
[2840.075s][info][gc,marking     ] GC(547) Concurrent Mark
[2840.075s][info][gc,marking     ] GC(547) Concurrent Mark From Roots
[2840.075s][info][gc,task        ] GC(547) Using 2 workers of 2 for marking
.[2841.041s][info][gc,marking     ] GC(547) Concurrent Mark From Roots 966.546ms
[2841.041s][info][gc,marking     ] GC(547) Concurrent Preclean
[2841.042s][info][gc,marking     ] GC(547) Concurrent Preclean 0.127ms
[2841.042s][info][gc,start       ] GC(547) Pause Remark
[2841.046s][info][gc             ] GC(547) Pause Remark 2048M->2048M(4096M) 4.662ms
[2841.046s][info][gc,cpu         ] GC(547) User=0.03s Sys=0.00s Real=0.01s
[2841.046s][info][gc,marking     ] GC(547) Concurrent Mark 971.595ms
[2841.046s][info][gc,marking     ] GC(547) Concurrent Rebuild Remembered Sets and Scrub Regions
[2841.394s][info][gc,marking     ] GC(547) Concurrent Rebuild Remembered Sets and Scrub Regions 347.179ms
[2841.394s][info][gc,start       ] GC(547) Pause Cleanup
[2841.394s][info][gc             ] GC(547) Pause Cleanup 2268M->2268M(4096M) 0.110ms
[2841.394s][info][gc,cpu         ] GC(547) User=0.00s Sys=0.00s Real=0.00s
[2841.394s][info][gc,marking     ] GC(547) Concurrent Clear Claimed Marks
[2841.394s][info][gc,marking     ] GC(547) Concurrent Clear Claimed Marks 0.034ms
[2841.394s][info][gc,marking     ] GC(547) Concurrent Cleanup for Next Mark
[2841.400s][info][gc,marking     ] GC(547) Concurrent Cleanup for Next Mark 5.503ms
[2841.400s][info][gc             ] GC(547) Concurrent Mark Cycle 1462.613ms
...[2843.857s][info][gc,start       ] GC(548) Pause Young (Prepare Mixed) (G1 Evacuation Pause)
[2843.857s][info][gc,task        ] GC(548) Using 6 workers of 6 for evacuation
[2843.975s][info][gc,phases      ] GC(548)   Pre Evacuate Collection Set: 0.33ms
[2843.975s][info][gc,phases      ] GC(548)   Merge Heap Roots: 0.58ms
[2843.975s][info][gc,phases      ] GC(548)   Evacuate Collection Set: 116.11ms
[2843.975s][info][gc,phases      ] GC(548)   Post Evacuate Collection Set: 0.91ms
[2843.975s][info][gc,phases      ] GC(548)   Other: 0.09ms
[2843.975s][info][gc,heap        ] GC(548) Eden regions: 1120->0(1109)
[2843.975s][info][gc,heap        ] GC(548) Survivor regions: 108->109(154)
[2843.975s][info][gc,heap        ] GC(548) Old regions: 507->538
[2843.975s][info][gc,heap        ] GC(548) Humongous regions: 80->80
[2843.975s][info][gc,metaspace   ] GC(548) Metaspace: 28972K(29312K)->28972K(29312K) NonClass: 24093K(24256K)->24093K(24256K) Class: 4879K(5056K)->4879K(5056K)
[2843.975s][info][gc             ] GC(548) Pause Young (Prepare Mixed) (G1 Evacuation Pause) 3628M->1453M(4096M) 118.152ms
[2843.975s][info][gc,cpu         ] GC(548) User=0.69s Sys=0.00s Real=0.12s
...[2847.811s][info][gc,start       ] GC(549) Pause Young (Mixed) (G1 Evacuation Pause)
[2847.811s][info][gc,task        ] GC(549) Using 6 workers of 6 for evacuation
[2847.945s][info][gc,phases      ] GC(549)   Pre Evacuate Collection Set: 0.41ms
[2847.945s][info][gc,phases      ] GC(549)   Merge Heap Roots: 0.57ms
[2847.945s][info][gc,phases      ] GC(549)   Evacuate Collection Set: 132.03ms
[2847.945s][info][gc,phases      ] GC(549)   Post Evacuate Collection Set: 0.95ms
[2847.946s][info][gc,phases      ] GC(549)   Other: 0.09ms
[2847.946s][info][gc,heap        ] GC(549) Eden regions: 1109->0(1118)
[2847.946s][info][gc,heap        ] GC(549) Survivor regions: 109->110(153)
[2847.946s][info][gc,heap        ] GC(549) Old regions: 538->472
[2847.946s][info][gc,heap        ] GC(549) Humongous regions: 80->80
[2847.946s][info][gc,metaspace   ] GC(549) Metaspace: 28972K(29312K)->28972K(29312K) NonClass: 24093K(24256K)->24093K(24256K) Class: 4879K(5056K)->4879K(5056K)
[2847.946s][info][gc             ] GC(549) Pause Young (Mixed) (G1 Evacuation Pause) 3671M->1323M(4096M) 134.183ms
[2847.946s][info][gc,cpu         ] GC(549) User=0.79s Sys=0.01s Real=0.14s
....[2851.878s][info][gc,start       ] GC(550) Pause Young (Concurrent Start) (G1 Evacuation Pause)
[2851.878s][info][gc,task        ] GC(550) Using 6 workers of 6 for evacuation
[2851.994s][info][gc,phases      ] GC(550)   Pre Evacuate Collection Set: 0.38ms
[2851.994s][info][gc,phases      ] GC(550)   Merge Heap Roots: 0.45ms
[2851.994s][info][gc,phases      ] GC(550)   Evacuate Collection Set: 114.37ms
[2851.994s][info][gc,phases      ] GC(550)   Post Evacuate Collection Set: 0.90ms
[2851.994s][info][gc,phases      ] GC(550)   Other: 0.10ms
[2851.994s][info][gc,heap        ] GC(550) Eden regions: 1118->0(1119)
[2851.994s][info][gc,heap        ] GC(550) Survivor regions: 110->109(154)
[2851.994s][info][gc,heap        ] GC(550) Old regions: 472->504
[2851.994s][info][gc,heap        ] GC(550) Humongous regions: 80->80
[2851.994s][info][gc,metaspace   ] GC(550) Metaspace: 28972K(29312K)->28972K(29312K) NonClass: 24093K(24256K)->24093K(24256K) Class: 4879K(5056K)->4879K(5056K)
[2851.994s][info][gc             ] GC(550) Pause Young (Concurrent Start) (G1 Evacuation Pause) 3559M->1385M(4096M) 116.335ms
[2851.994s][info][gc             ] GC(551) Concurrent Mark Cycle
[2851.994s][info][gc,marking     ] GC(551) Concurrent Scan Root Regions
[2851.994s][info][gc,cpu         ] GC(550) User=0.68s Sys=0.00s Real=0.12s
.[2852.172s][info][gc,marking     ] GC(551) Concurrent Scan Root Regions 177.961ms
[2852.172s][info][gc,marking     ] GC(551) Concurrent Mark
[2852.172s][info][gc,marking     ] GC(551) Concurrent Mark From Roots
[2852.172s][info][gc,task        ] GC(551) Using 2 workers of 2 for marking
[2852.971s][info][gc,marking     ] GC(551) Concurrent Mark From Roots 798.762ms
[2852.971s][info][gc,marking     ] GC(551) Concurrent Preclean
[2852.971s][info][gc,marking     ] GC(551) Concurrent Preclean 0.120ms
[2852.971s][info][gc,start       ] GC(551) Pause Remark
[2852.976s][info][gc             ] GC(551) Pause Remark 2030M->2030M(4096M) 4.446ms
[2852.976s][info][gc,cpu         ] GC(551) User=0.02s Sys=0.00s Real=0.01s
[2852.976s][info][gc,marking     ] GC(551) Concurrent Mark 803.595ms
[2852.976s][info][gc,marking     ] GC(551) Concurrent Rebuild Remembered Sets and Scrub Regions
.[2853.327s][info][gc,marking     ] GC(551) Concurrent Rebuild Remembered Sets and Scrub Regions 351.464ms
[2853.327s][info][gc,start       ] GC(551) Pause Cleanup
[2853.327s][info][gc             ] GC(551) Pause Cleanup 2257M->2257M(4096M) 0.115ms
[2853.327s][info][gc,cpu         ] GC(551) User=0.00s Sys=0.00s Real=0.00s
[2853.328s][info][gc,marking     ] GC(551) Concurrent Clear Claimed Marks
[2853.328s][info][gc,marking     ] GC(551) Concurrent Clear Claimed Marks 0.026ms
[2853.328s][info][gc,marking     ] GC(551) Concurrent Cleanup for Next Mark
[2853.331s][info][gc,marking     ] GC(551) Concurrent Cleanup for Next Mark 3.335ms
[2853.331s][info][gc             ] GC(551) Concurrent Mark Cycle 1336.863ms
..[2855.929s][info][gc,start       ] GC(552) Pause Young (Prepare Mixed) (G1 Evacuation Pause)
[2855.929s][info][gc,task        ] GC(552) Using 6 workers of 6 for evacuation
[2856.046s][info][gc,phases      ] GC(552)   Pre Evacuate Collection Set: 0.34ms
[2856.046s][info][gc,phases      ] GC(552)   Merge Heap Roots: 0.50ms
[2856.046s][info][gc,phases      ] GC(552)   Evacuate Collection Set: 115.84ms
[2856.046s][info][gc,phases      ] GC(552)   Post Evacuate Collection Set: 0.94ms
[2856.046s][info][gc,phases      ] GC(552)   Other: 0.09ms
[2856.046s][info][gc,heap        ] GC(552) Eden regions: 1119->0(1110)
[2856.046s][info][gc,heap        ] GC(552) Survivor regions: 109->110(154)
[2856.046s][info][gc,heap        ] GC(552) Old regions: 504->535
[2856.046s][info][gc,heap        ] GC(552) Humongous regions: 80->80
[2856.046s][info][gc,metaspace   ] GC(552) Metaspace: 28972K(29312K)->28972K(29312K) NonClass: 24093K(24256K)->24093K(24256K) Class: 4879K(5056K)->4879K(5056K)
[2856.046s][info][gc             ] GC(552) Pause Young (Prepare Mixed) (G1 Evacuation Pause) 3623M->1448M(4096M) 117.859ms
[2856.046s][info][gc,cpu         ] GC(552) User=0.70s Sys=0.00s Real=0.12s
....[2859.821s][info][gc,start       ] GC(553) Pause Young (Mixed) (G1 Evacuation Pause)
[2859.821s][info][gc,task        ] GC(553) Using 6 workers of 6 for evacuation
[2859.955s][info][gc,phases      ] GC(553)   Pre Evacuate Collection Set: 0.42ms
[2859.955s][info][gc,phases      ] GC(553)   Merge Heap Roots: 0.69ms
[2859.955s][info][gc,phases      ] GC(553)   Evacuate Collection Set: 131.21ms
[2859.955s][info][gc,phases      ] GC(553)   Post Evacuate Collection Set: 0.94ms
[2859.955s][info][gc,phases      ] GC(553)   Other: 0.10ms
[2859.955s][info][gc,heap        ] GC(553) Eden regions: 1110->0(1120)
[2859.955s][info][gc,heap        ] GC(553) Survivor regions: 110->108(153)
[2859.955s][info][gc,heap        ] GC(553) Old regions: 535->472
[2859.955s][info][gc,heap        ] GC(553) Humongous regions: 80->80
[2859.955s][info][gc,metaspace   ] GC(553) Metaspace: 28972K(29312K)->28972K(29312K) NonClass: 24093K(24256K)->24093K(24256K) Class: 4879K(5056K)->4879K(5056K)
[2859.955s][info][gc             ] GC(553) Pause Young (Mixed) (G1 Evacuation Pause) 3668M->1318M(4096M) 133.493ms
[2859.955s][info][gc,cpu         ] GC(553) User=0.79s Sys=0.00s Real=0.14s
... (rIR:aIR:PR = 4705:4707:4707) (tPR = 69772) [OK] 
  2861s: Performance info:
         Transaction,    Success,    Partial,     Failed,   Receipts, AvgBarcode, 
             Overall,     284353,          0,          0,     270145,      59.48, 
         Response times:
             Request,    Success,    Partial,     Failed,   SkipFail,     Probes,    Samples,      min,      p50,      p90,      p95,      p99,      max, 
       TotalPurchase,     270114,          0,          0,          0,     265918,     296676,      300,     3800,     7200,    13000,    51000,   194000,
     InStorePurchase,     142186,          0,          0,          0,     140253,     155847,      300,     3600,     7000,    12400,    50000,   168000,
      OnlinePurchase,      99506,          0,          0,          0,      98268,     109529,      300,     4000,     7500,    13900,    53000,   194000,
        InstPurchase,      28422,          0,          0,          0,      27397,      31300,      400,     3900,     7100,    12700,    49000,   139000,
          AssocOfCat,        285,          0,          0,          0,        233,        327,    21000,    32000,    52000,    65800,   155600,   225000,
      AssocOfProduct,       2849,          0,          0,          0,       2607,       3102,      800,     3300,     6000,    14155,    40000,   123000,
      BusinessReport,        709,          0,          0,          0,        600,        781,    23000,    34000,    53000,    71000,   161900,   261000,
          CustBuyBeh,       2835,          0,          0,          0,       2588,       3100,      100,     4500,     7990,    16500,    58000,   128000,
       ProductReturn,       7532,          0,          0,          0,       7151,       8252,      300,     4000,     7670,    14000,    54000,   144000,

  2861s: (35%)   IR =   4843 .[2863.804s][info][gc,start       ] GC(554) Pause Young (Concurrent Start) (G1 Evacuation Pause)
[2863.804s][info][gc,task        ] GC(554) Using 6 workers of 6 for evacuation
[2863.921s][info][gc,phases      ] GC(554)   Pre Evacuate Collection Set: 0.39ms
[2863.921s][info][gc,phases      ] GC(554)   Merge Heap Roots: 0.46ms
[2863.921s][info][gc,phases      ] GC(554)   Evacuate Collection Set: 115.51ms
[2863.921s][info][gc,phases      ] GC(554)   Post Evacuate Collection Set: 0.90ms
[2863.921s][info][gc,phases      ] GC(554)   Other: 0.09ms
[2863.921s][info][gc,heap        ] GC(554) Eden regions: 1120->0(1118)
[2863.921s][info][gc,heap        ] GC(554) Survivor regions: 108->110(154)
[2863.921s][info][gc,heap        ] GC(554) Old regions: 472->504
[2863.921s][info][gc,heap        ] GC(554) Humongous regions: 80->80
[2863.921s][info][gc,metaspace   ] GC(554) Metaspace: 28972K(29312K)->28972K(29312K) NonClass: 24093K(24256K)->24093K(24256K) Class: 4879K(5056K)->4879K(5056K)
[2863.921s][info][gc             ] GC(554) Pause Young (Concurrent Start) (G1 Evacuation Pause) 3558M->1386M(4096M) 117.485ms
[2863.921s][info][gc             ] GC(555) Concurrent Mark Cycle
[2863.921s][info][gc,marking     ] GC(555) Concurrent Scan Root Regions
[2863.921s][info][gc,cpu         ] GC(554) User=0.69s Sys=0.00s Real=0.11s
[2864.101s][info][gc,marking     ] GC(555) Concurrent Scan Root Regions 179.915ms
[2864.101s][info][gc,marking     ] GC(555) Concurrent Mark
[2864.101s][info][gc,marking     ] GC(555) Concurrent Mark From Roots
[2864.101s][info][gc,task        ] GC(555) Using 2 workers of 2 for marking
.[2864.844s][info][gc,marking     ] GC(555) Concurrent Mark From Roots 742.866ms
[2864.844s][info][gc,marking     ] GC(555) Concurrent Preclean
[2864.845s][info][gc,marking     ] GC(555) Concurrent Preclean 0.181ms
[2864.845s][info][gc,start       ] GC(555) Pause Remark
[2864.849s][info][gc             ] GC(555) Pause Remark 1989M->1989M(4096M) 3.820ms
[2864.849s][info][gc,cpu         ] GC(555) User=0.02s Sys=0.00s Real=0.00s
[2864.849s][info][gc,marking     ] GC(555) Concurrent Mark 747.202ms
[2864.849s][info][gc,marking     ] GC(555) Concurrent Rebuild Remembered Sets and Scrub Regions
[2865.182s][info][gc,marking     ] GC(555) Concurrent Rebuild Remembered Sets and Scrub Regions 333.473ms
[2865.182s][info][gc,start       ] GC(555) Pause Cleanup
[2865.182s][info][gc             ] GC(555) Pause Cleanup 2218M->2218M(4096M) 0.098ms
[2865.182s][info][gc,cpu         ] GC(555) User=0.00s Sys=0.00s Real=0.00s
[2865.182s][info][gc,marking     ] GC(555) Concurrent Clear Claimed Marks
[2865.182s][info][gc,marking     ] GC(555) Concurrent Clear Claimed Marks 0.025ms
[2865.182s][info][gc,marking     ] GC(555) Concurrent Cleanup for Next Mark
[2865.186s][info][gc,marking     ] GC(555) Concurrent Cleanup for Next Mark 3.188ms
[2865.186s][info][gc             ] GC(555) Concurrent Mark Cycle 1264.219ms
..|.[2867.704s][info][gc,start       ] GC(556) Pause Young (Prepare Mixed) (G1 Evacuation Pause)
[2867.704s][info][gc,task        ] GC(556) Using 6 workers of 6 for evacuation
[2867.821s][info][gc,phases      ] GC(556)   Pre Evacuate Collection Set: 0.33ms
[2867.821s][info][gc,phases      ] GC(556)   Merge Heap Roots: 0.52ms
[2867.821s][info][gc,phases      ] GC(556)   Evacuate Collection Set: 115.01ms
[2867.821s][info][gc,phases      ] GC(556)   Post Evacuate Collection Set: 0.95ms
[2867.821s][info][gc,phases      ] GC(556)   Other: 0.08ms
[2867.821s][info][gc,heap        ] GC(556) Eden regions: 1118->0(1111)
[2867.821s][info][gc,heap        ] GC(556) Survivor regions: 110->109(154)
[2867.821s][info][gc,heap        ] GC(556) Old regions: 504->536
[2867.821s][info][gc,heap        ] GC(556) Humongous regions: 80->80
[2867.821s][info][gc,metaspace   ] GC(556) Metaspace: 28972K(29312K)->28972K(29312K) NonClass: 24093K(24256K)->24093K(24256K) Class: 4879K(5056K)->4879K(5056K)
[2867.821s][info][gc             ] GC(556) Pause Young (Prepare Mixed) (G1 Evacuation Pause) 3622M->1449M(4096M) 117.045ms
[2867.821s][info][gc,cpu         ] GC(556) User=0.69s Sys=0.00s Real=0.11s
....[2871.506s][info][gc,start       ] GC(557) Pause Young (Mixed) (G1 Evacuation Pause)
[2871.506s][info][gc,task        ] GC(557) Using 6 workers of 6 for evacuation
[2871.642s][info][gc,phases      ] GC(557)   Pre Evacuate Collection Set: 0.38ms
[2871.642s][info][gc,phases      ] GC(557)   Merge Heap Roots: 0.64ms
[2871.642s][info][gc,phases      ] GC(557)   Evacuate Collection Set: 133.63ms
[2871.642s][info][gc,phases      ] GC(557)   Post Evacuate Collection Set: 0.93ms
[2871.642s][info][gc,phases      ] GC(557)   Other: 0.09ms
[2871.642s][info][gc,heap        ] GC(557) Eden regions: 1111->0(1117)
[2871.642s][info][gc,heap        ] GC(557) Survivor regions: 109->111(153)
[2871.642s][info][gc,heap        ] GC(557) Old regions: 536->474
[2871.642s][info][gc,heap        ] GC(557) Humongous regions: 80->80
[2871.642s][info][gc,metaspace   ] GC(557) Metaspace: 28972K(29312K)->28972K(29312K) NonClass: 24093K(24256K)->24093K(24256K) Class: 4879K(5056K)->4879K(5056K)
[2871.642s][info][gc             ] GC(557) Pause Young (Mixed) (G1 Evacuation Pause) 3671M->1328M(4096M) 135.809ms
[2871.642s][info][gc,cpu         ] GC(557) User=0.80s Sys=0.00s Real=0.14s
....[2875.402s][info][gc,start       ] GC(558) Pause Young (Concurrent Start) (G1 Evacuation Pause)
[2875.402s][info][gc,task        ] GC(558) Using 6 workers of 6 for evacuation
[2875.518s][info][gc,phases      ] GC(558)   Pre Evacuate Collection Set: 0.47ms
[2875.518s][info][gc,phases      ] GC(558)   Merge Heap Roots: 0.49ms
[2875.518s][info][gc,phases      ] GC(558)   Evacuate Collection Set: 113.47ms
[2875.518s][info][gc,phases      ] GC(558)   Post Evacuate Collection Set: 0.89ms
[2875.518s][info][gc,phases      ] GC(558)   Other: 0.14ms
[2875.518s][info][gc,heap        ] GC(558) Eden regions: 1117->0(1122)
[2875.518s][info][gc,heap        ] GC(558) Survivor regions: 111->106(154)
[2875.518s][info][gc,heap        ] GC(558) Old regions: 474->506
[2875.518s][info][gc,heap        ] GC(558) Humongous regions: 80->80
[2875.518s][info][gc,metaspace   ] GC(558) Metaspace: 28972K(29312K)->28972K(29312K) NonClass: 24093K(24256K)->24093K(24256K) Class: 4879K(5056K)->4879K(5056K)
[2875.518s][info][gc             ] GC(558) Pause Young (Concurrent Start) (G1 Evacuation Pause) 3562M->1382M(4096M) 115.608ms
[2875.518s][info][gc             ] GC(559) Concurrent Mark Cycle
[2875.518s][info][gc,marking     ] GC(559) Concurrent Scan Root Regions
[2875.518s][info][gc,cpu         ] GC(558) User=0.68s Sys=0.00s Real=0.11s
[2875.700s][info][gc,marking     ] GC(559) Concurrent Scan Root Regions 182.269ms
[2875.700s][info][gc,marking     ] GC(559) Concurrent Mark
[2875.700s][info][gc,marking     ] GC(559) Concurrent Mark From Roots
[2875.700s][info][gc,task        ] GC(559) Using 2 workers of 2 for marking
.[2876.468s][info][gc,marking     ] GC(559) Concurrent Mark From Roots 767.475ms
[2876.468s][info][gc,marking     ] GC(559) Concurrent Preclean
[2876.468s][info][gc,marking     ] GC(559) Concurrent Preclean 0.139ms
[2876.468s][info][gc,start       ] GC(559) Pause Remark
[2876.473s][info][gc             ] GC(559) Pause Remark 2025M->2025M(4096M) 4.617ms
[2876.473s][info][gc,cpu         ] GC(559) User=0.02s Sys=0.00s Real=0.01s
[2876.473s][info][gc,marking     ] GC(559) Concurrent Mark 772.514ms
[2876.473s][info][gc,marking     ] GC(559) Concurrent Rebuild Remembered Sets and Scrub Regions
[2876.710s][info][gc,marking     ] GC(559) Concurrent Rebuild Remembered Sets and Scrub Regions 237.046ms
[2876.710s][info][gc,start       ] GC(559) Pause Cleanup
[2876.710s][info][gc             ] GC(559) Pause Cleanup 2167M->2167M(4096M) 0.119ms
[2876.710s][info][gc,cpu         ] GC(559) User=0.00s Sys=0.00s Real=0.00s
[2876.710s][info][gc,marking     ] GC(559) Concurrent Clear Claimed Marks
[2876.710s][info][gc,marking     ] GC(559) Concurrent Clear Claimed Marks 0.025ms
[2876.710s][info][gc,marking     ] GC(559) Concurrent Cleanup for Next Mark
[2876.714s][info][gc,marking     ] GC(559) Concurrent Cleanup for Next Mark 3.484ms
[2876.714s][info][gc             ] GC(559) Concurrent Mark Cycle 1195.795ms
...[2879.311s][info][gc,start       ] GC(560) Pause Young (Prepare Mixed) (G1 Evacuation Pause)
[2879.311s][info][gc,task        ] GC(560) Using 6 workers of 6 for evacuation
[2879.427s][info][gc,phases      ] GC(560)   Pre Evacuate Collection Set: 0.34ms
[2879.427s][info][gc,phases      ] GC(560)   Merge Heap Roots: 0.48ms
[2879.427s][info][gc,phases      ] GC(560)   Evacuate Collection Set: 114.04ms
[2879.427s][info][gc,phases      ] GC(560)   Post Evacuate Collection Set: 0.92ms
[2879.427s][info][gc,phases      ] GC(560)   Other: 0.10ms
[2879.427s][info][gc,heap        ] GC(560) Eden regions: 1122->0(1108)
[2879.427s][info][gc,heap        ] GC(560) Survivor regions: 106->110(154)
[2879.427s][info][gc,heap        ] GC(560) Old regions: 506->537
[2879.427s][info][gc,heap        ] GC(560) Humongous regions: 80->80
[2879.427s][info][gc,metaspace   ] GC(560) Metaspace: 28972K(29312K)->28972K(29312K) NonClass: 24093K(24256K)->24093K(24256K) Class: 4879K(5056K)->4879K(5056K)
[2879.427s][info][gc             ] GC(560) Pause Young (Prepare Mixed) (G1 Evacuation Pause) 3626M->1452M(4096M) 116.013ms
[2879.427s][info][gc,cpu         ] GC(560) User=0.69s Sys=0.00s Real=0.12s
...[2883.174s][info][gc,start       ] GC(561) Pause Young (Mixed) (G1 Evacuation Pause)
[2883.174s][info][gc,task        ] GC(561) Using 6 workers of 6 for evacuation
[2883.309s][info][gc,phases      ] GC(561)   Pre Evacuate Collection Set: 0.36ms
[2883.309s][info][gc,phases      ] GC(561)   Merge Heap Roots: 0.67ms
[2883.309s][info][gc,phases      ] GC(561)   Evacuate Collection Set: 132.63ms
[2883.309s][info][gc,phases      ] GC(561)   Post Evacuate Collection Set: 0.93ms
[2883.309s][info][gc,phases      ] GC(561)   Other: 0.09ms
[2883.309s][info][gc,heap        ] GC(561) Eden regions: 1108->0(1119)
[2883.309s][info][gc,heap        ] GC(561) Survivor regions: 110->109(153)
[2883.309s][info][gc,heap        ] GC(561) Old regions: 537->473
[2883.309s][info][gc,heap        ] GC(561) Humongous regions: 80->80
[2883.309s][info][gc,metaspace   ] GC(561) Metaspace: 28972K(29312K)->28972K(29312K) NonClass: 24093K(24256K)->24093K(24256K) Class: 4879K(5056K)->4879K(5056K)
[2883.309s][info][gc             ] GC(561) Pause Young (Mixed) (G1 Evacuation Pause) 3668M->1322M(4096M) 134.806ms
[2883.309s][info][gc,cpu         ] GC(561) User=0.79s Sys=0.00s Real=0.13s
....[2887.046s][info][gc,start       ] GC(562) Pause Young (Concurrent Start) (G1 Evacuation Pause)
[2887.046s][info][gc,task        ] GC(562) Using 6 workers of 6 for evacuation
[2887.166s][info][gc,phases      ] GC(562)   Pre Evacuate Collection Set: 0.38ms
[2887.166s][info][gc,phases      ] GC(562)   Merge Heap Roots: 0.44ms
[2887.166s][info][gc,phases      ] GC(562)   Evacuate Collection Set: 118.10ms
[2887.166s][info][gc,phases      ] GC(562)   Post Evacuate Collection Set: 0.88ms
[2887.166s][info][gc,phases      ] GC(562)   Other: 0.13ms
[2887.166s][info][gc,heap        ] GC(562) Eden regions: 1119->0(1118)
[2887.166s][info][gc,heap        ] GC(562) Survivor regions: 109->110(154)
[2887.166s][info][gc,heap        ] GC(562) Old regions: 473->506
[2887.166s][info][gc,heap        ] GC(562) Humongous regions: 80->80
[2887.166s][info][gc,metaspace   ] GC(562) Metaspace: 28972K(29312K)->28972K(29312K) NonClass: 24093K(24256K)->24093K(24256K) Class: 4879K(5056K)->4879K(5056K)
[2887.166s][info][gc             ] GC(562) Pause Young (Concurrent Start) (G1 Evacuation Pause) 3560M->1390M(4096M) 120.069ms
[2887.166s][info][gc             ] GC(563) Concurrent Mark Cycle
[2887.166s][info][gc,marking     ] GC(563) Concurrent Scan Root Regions
[2887.166s][info][gc,cpu         ] GC(562) User=0.71s Sys=0.00s Real=0.12s
.[2887.353s][info][gc,marking     ] GC(563) Concurrent Scan Root Regions 187.168ms
[2887.353s][info][gc,marking     ] GC(563) Concurrent Mark
[2887.353s][info][gc,marking     ] GC(563) Concurrent Mark From Roots
[2887.353s][info][gc,task        ] GC(563) Using 2 workers of 2 for marking
[2888.024s][info][gc,marking     ] GC(563) Concurrent Mark From Roots 670.858ms
[2888.024s][info][gc,marking     ] GC(563) Concurrent Preclean
[2888.024s][info][gc,marking     ] GC(563) Concurrent Preclean 0.146ms
[2888.025s][info][gc,start       ] GC(563) Pause Remark
[2888.029s][info][gc             ] GC(563) Pause Remark 1984M->1984M(4096M) 3.982ms
[2888.029s][info][gc,cpu         ] GC(563) User=0.02s Sys=0.00s Real=0.00s
[2888.029s][info][gc,marking     ] GC(563) Concurrent Mark 675.938ms
[2888.029s][info][gc,marking     ] GC(563) Concurrent Rebuild Remembered Sets and Scrub Regions
[2888.261s][info][gc,marking     ] GC(563) Concurrent Rebuild Remembered Sets and Scrub Regions 231.171ms
[2888.261s][info][gc,start       ] GC(563) Pause Cleanup
[2888.261s][info][gc             ] GC(563) Pause Cleanup 2114M->2114M(4096M) 0.102ms
[2888.261s][info][gc,cpu         ] GC(563) User=0.00s Sys=0.00s Real=0.00s
[2888.262s][info][gc,marking     ] GC(563) Concurrent Clear Claimed Marks
[2888.262s][info][gc,marking     ] GC(563) Concurrent Clear Claimed Marks 0.038ms
[2888.262s][info][gc,marking     ] GC(563) Concurrent Cleanup for Next Mark
[2888.268s][info][gc,marking     ] GC(563) Concurrent Cleanup for Next Mark 5.582ms
[2888.268s][info][gc             ] GC(563) Concurrent Mark Cycle 1101.798ms
...[2890.930s][info][gc,start       ] GC(564) Pause Young (Prepare Mixed) (G1 Evacuation Pause)
[2890.930s][info][gc,task        ] GC(564) Using 6 workers of 6 for evacuation
[2891.047s][info][gc,phases      ] GC(564)   Pre Evacuate Collection Set: 0.36ms
[2891.047s][info][gc,phases      ] GC(564)   Merge Heap Roots: 0.49ms
[2891.047s][info][gc,phases      ] GC(564)   Evacuate Collection Set: 114.40ms
[2891.047s][info][gc,phases      ] GC(564)   Post Evacuate Collection Set: 0.94ms
[2891.047s][info][gc,phases      ] GC(564)   Other: 0.10ms
[2891.047s][info][gc,heap        ] GC(564) Eden regions: 1118->0(1111)
[2891.047s][info][gc,heap        ] GC(564) Survivor regions: 110->108(154)
[2891.047s][info][gc,heap        ] GC(564) Old regions: 506->538
[2891.047s][info][gc,heap        ] GC(564) Humongous regions: 80->80
[2891.047s][info][gc,metaspace   ] GC(564) Metaspace: 28975K(29312K)->28975K(29312K) NonClass: 24095K(24256K)->24095K(24256K) Class: 4879K(5056K)->4879K(5056K)
[2891.047s][info][gc             ] GC(564) Pause Young (Prepare Mixed) (G1 Evacuation Pause) 3626M->1450M(4096M) 116.413ms
[2891.047s][info][gc,cpu         ] GC(564) User=0.68s Sys=0.00s Real=0.12s
....[2894.790s][info][gc,start       ] GC(565) Pause Young (Mixed) (G1 Evacuation Pause)
[2894.790s][info][gc,task        ] GC(565) Using 6 workers of 6 for evacuation
[2894.920s][info][gc,phases      ] GC(565)   Pre Evacuate Collection Set: 0.39ms
[2894.920s][info][gc,phases      ] GC(565)   Merge Heap Roots: 0.59ms
[2894.920s][info][gc,phases      ] GC(565)   Evacuate Collection Set: 127.40ms
[2894.920s][info][gc,phases      ] GC(565)   Post Evacuate Collection Set: 0.94ms
[2894.920s][info][gc,phases      ] GC(565)   Other: 0.09ms
[2894.920s][info][gc,heap        ] GC(565) Eden regions: 1111->0(1120)
[2894.920s][info][gc,heap        ] GC(565) Survivor regions: 108->108(153)
[2894.920s][info][gc,heap        ] GC(565) Old regions: 538->473
[2894.920s][info][gc,heap        ] GC(565) Humongous regions: 80->80
[2894.920s][info][gc,metaspace   ] GC(565) Metaspace: 28975K(29312K)->28975K(29312K) NonClass: 24095K(24256K)->24095K(24256K) Class: 4879K(5056K)->4879K(5056K)
[2894.920s][info][gc             ] GC(565) Pause Young (Mixed) (G1 Evacuation Pause) 3672M->1321M(4096M) 129.551ms
[2894.920s][info][gc,cpu         ] GC(565) User=0.77s Sys=0.00s Real=0.13s
....[2898.658s][info][gc,start       ] GC(566) Pause Young (Concurrent Start) (G1 Evacuation Pause)
[2898.658s][info][gc,task        ] GC(566) Using 6 workers of 6 for evacuation
[2898.776s][info][gc,phases      ] GC(566)   Pre Evacuate Collection Set: 0.36ms
[2898.776s][info][gc,phases      ] GC(566)   Merge Heap Roots: 0.44ms
[2898.776s][info][gc,phases      ] GC(566)   Evacuate Collection Set: 116.08ms
[2898.776s][info][gc,phases      ] GC(566)   Post Evacuate Collection Set: 0.87ms
[2898.776s][info][gc,phases      ] GC(566)   Other: 0.12ms
[2898.776s][info][gc,heap        ] GC(566) Eden regions: 1120->0(1119)
[2898.776s][info][gc,heap        ] GC(566) Survivor regions: 108->109(154)
[2898.776s][info][gc,heap        ] GC(566) Old regions: 473->506
[2898.776s][info][gc,heap        ] GC(566) Humongous regions: 80->80
[2898.776s][info][gc,metaspace   ] GC(566) Metaspace: 28975K(29312K)->28975K(29312K) NonClass: 24095K(24256K)->24095K(24256K) Class: 4879K(5056K)->4879K(5056K)
[2898.776s][info][gc             ] GC(566) Pause Young (Concurrent Start) (G1 Evacuation Pause) 3561M->1388M(4096M) 118.007ms
[2898.776s][info][gc             ] GC(567) Concurrent Mark Cycle
[2898.776s][info][gc,marking     ] GC(567) Concurrent Scan Root Regions
[2898.776s][info][gc,cpu         ] GC(566) User=0.70s Sys=0.00s Real=0.12s
[2898.916s][info][gc,marking     ] GC(567) Concurrent Scan Root Regions 140.265ms
[2898.916s][info][gc,marking     ] GC(567) Concurrent Mark
[2898.916s][info][gc,marking     ] GC(567) Concurrent Mark From Roots
[2898.916s][info][gc,task        ] GC(567) Using 2 workers of 2 for marking
.[2899.553s][info][gc,marking     ] GC(567) Concurrent Mark From Roots 636.488ms
[2899.553s][info][gc,marking     ] GC(567) Concurrent Preclean
[2899.553s][info][gc,marking     ] GC(567) Concurrent Preclean 0.117ms
[2899.553s][info][gc,start       ] GC(567) Pause Remark
[2899.557s][info][gc             ] GC(567) Pause Remark 1894M->1894M(4096M) 3.537ms
[2899.557s][info][gc,cpu         ] GC(567) User=0.02s Sys=0.00s Real=0.00s
[2899.557s][info][gc,marking     ] GC(567) Concurrent Mark 640.395ms
[2899.557s][info][gc,marking     ] GC(567) Concurrent Rebuild Remembered Sets and Scrub Regions
[2899.782s][info][gc,marking     ] GC(567) Concurrent Rebuild Remembered Sets and Scrub Regions 225.105ms
[2899.782s][info][gc,start       ] GC(567) Pause Cleanup
[2899.782s][info][gc             ] GC(567) Pause Cleanup 2005M->2005M(4096M) 0.118ms
[2899.782s][info][gc,cpu         ] GC(567) User=0.00s Sys=0.00s Real=0.00s
[2899.782s][info][gc,marking     ] GC(567) Concurrent Clear Claimed Marks
[2899.782s][info][gc,marking     ] GC(567) Concurrent Clear Claimed Marks 0.030ms
[2899.782s][info][gc,marking     ] GC(567) Concurrent Cleanup for Next Mark
[2899.787s][info][gc,marking     ] GC(567) Concurrent Cleanup for Next Mark 4.557ms
[2899.787s][info][gc             ] GC(567) Concurrent Mark Cycle 1010.862ms
...[2902.618s][info][gc,start       ] GC(568) Pause Young (Prepare Mixed) (G1 Evacuation Pause)
[2902.618s][info][gc,task        ] GC(568) Using 6 workers of 6 for evacuation
[2902.733s][info][gc,phases      ] GC(568)   Pre Evacuate Collection Set: 0.31ms
[2902.733s][info][gc,phases      ] GC(568)   Merge Heap Roots: 0.44ms
[2902.733s][info][gc,phases      ] GC(568)   Evacuate Collection Set: 113.65ms
[2902.733s][info][gc,phases      ] GC(568)   Post Evacuate Collection Set: 0.88ms
[2902.733s][info][gc,phases      ] GC(568)   Other: 0.09ms
[2902.733s][info][gc,heap        ] GC(568) Eden regions: 1119->0(1111)
[2902.733s][info][gc,heap        ] GC(568) Survivor regions: 109->108(154)
[2902.733s][info][gc,heap        ] GC(568) Old regions: 506->538
[2902.733s][info][gc,heap        ] GC(568) Humongous regions: 80->80
[2902.733s][info][gc,metaspace   ] GC(568) Metaspace: 28975K(29312K)->28975K(29312K) NonClass: 24095K(24256K)->24095K(24256K) Class: 4879K(5056K)->4879K(5056K)
[2902.733s][info][gc             ] GC(568) Pause Young (Prepare Mixed) (G1 Evacuation Pause) 3626M->1450M(4096M) 115.514ms
[2902.733s][info][gc,cpu         ] GC(568) User=0.68s Sys=0.00s Real=0.12s
....[2906.454s][info][gc,start       ] GC(569) Pause Young (Mixed) (G1 Evacuation Pause)
[2906.454s][info][gc,task        ] GC(569) Using 6 workers of 6 for evacuation
[2906.585s][info][gc,phases      ] GC(569)   Pre Evacuate Collection Set: 0.40ms
[2906.585s][info][gc,phases      ] GC(569)   Merge Heap Roots: 0.67ms
[2906.585s][info][gc,phases      ] GC(569)   Evacuate Collection Set: 129.05ms
[2906.585s][info][gc,phases      ] GC(569)   Post Evacuate Collection Set: 0.94ms
[2906.585s][info][gc,phases      ] GC(569)   Other: 0.08ms
[2906.585s][info][gc,heap        ] GC(569) Eden regions: 1111->0(1120)
[2906.585s][info][gc,heap        ] GC(569) Survivor regions: 108->108(153)
[2906.585s][info][gc,heap        ] GC(569) Old regions: 538->472
[2906.585s][info][gc,heap        ] GC(569) Humongous regions: 80->80
[2906.585s][info][gc,metaspace   ] GC(569) Metaspace: 28975K(29312K)->28975K(29312K) NonClass: 24095K(24256K)->24095K(24256K) Class: 4879K(5056K)->4879K(5056K)
[2906.585s][info][gc             ] GC(569) Pause Young (Mixed) (G1 Evacuation Pause) 3672M->1319M(4096M) 131.284ms
[2906.585s][info][gc,cpu         ] GC(569) User=0.77s Sys=0.00s Real=0.13s
...[2910.335s][info][gc,start       ] GC(570) Pause Young (Concurrent Start) (G1 Evacuation Pause)
[2910.335s][info][gc,task        ] GC(570) Using 6 workers of 6 for evacuation
[2910.452s][info][gc,phases      ] GC(570)   Pre Evacuate Collection Set: 0.36ms
[2910.452s][info][gc,phases      ] GC(570)   Merge Heap Roots: 0.45ms
[2910.452s][info][gc,phases      ] GC(570)   Evacuate Collection Set: 114.61ms
[2910.452s][info][gc,phases      ] GC(570)   Post Evacuate Collection Set: 0.89ms
[2910.452s][info][gc,phases      ] GC(570)   Other: 0.14ms
[2910.452s][info][gc,heap        ] GC(570) Eden regions: 1120->0(1118)
[2910.452s][info][gc,heap        ] GC(570) Survivor regions: 108->110(154)
[2910.452s][info][gc,heap        ] GC(570) Old regions: 472->505
[2910.452s][info][gc,heap        ] GC(570) Humongous regions: 80->80
[2910.452s][info][gc,metaspace   ] GC(570) Metaspace: 28975K(29312K)->28975K(29312K) NonClass: 24095K(24256K)->24095K(24256K) Class: 4879K(5056K)->4879K(5056K)
[2910.452s][info][gc             ] GC(570) Pause Young (Concurrent Start) (G1 Evacuation Pause) 3559M->1387M(4096M) 116.599ms
[2910.452s][info][gc             ] GC(571) Concurrent Mark Cycle
[2910.452s][info][gc,marking     ] GC(571) Concurrent Scan Root Regions
[2910.452s][info][gc,cpu         ] GC(570) User=0.69s Sys=0.00s Real=0.11s
.[2910.591s][info][gc,marking     ] GC(571) Concurrent Scan Root Regions 139.771ms
[2910.591s][info][gc,marking     ] GC(571) Concurrent Mark
[2910.591s][info][gc,marking     ] GC(571) Concurrent Mark From Roots
[2910.591s][info][gc,task        ] GC(571) Using 2 workers of 2 for marking
[2911.248s][info][gc,marking     ] GC(571) Concurrent Mark From Roots 656.307ms
[2911.248s][info][gc,marking     ] GC(571) Concurrent Preclean
[2911.248s][info][gc,marking     ] GC(571) Concurrent Preclean 0.179ms
[2911.249s][info][gc,start       ] GC(571) Pause Remark
[2911.252s][info][gc             ] GC(571) Pause Remark 1921M->1921M(4096M) 3.517ms
[2911.252s][info][gc,cpu         ] GC(571) User=0.02s Sys=0.00s Real=0.01s
[2911.253s][info][gc,marking     ] GC(571) Concurrent Mark 661.110ms
[2911.253s][info][gc,marking     ] GC(571) Concurrent Rebuild Remembered Sets and Scrub Regions
.[2911.602s][info][gc,marking     ] GC(571) Concurrent Rebuild Remembered Sets and Scrub Regions 349.168ms
[2911.602s][info][gc,start       ] GC(571) Pause Cleanup
[2911.602s][info][gc             ] GC(571) Pause Cleanup 2128M->2128M(4096M) 0.103ms
[2911.602s][info][gc,cpu         ] GC(571) User=0.00s Sys=0.00s Real=0.00s
[2911.602s][info][gc,marking     ] GC(571) Concurrent Clear Claimed Marks
[2911.602s][info][gc,marking     ] GC(571) Concurrent Clear Claimed Marks 0.024ms
[2911.602s][info][gc,marking     ] GC(571) Concurrent Cleanup for Next Mark
[2911.606s][info][gc,marking     ] GC(571) Concurrent Cleanup for Next Mark 3.445ms
[2911.606s][info][gc             ] GC(571) Concurrent Mark Cycle 1153.975ms
..[2914.263s][info][gc,start       ] GC(572) Pause Young (Prepare Mixed) (G1 Evacuation Pause)
[2914.263s][info][gc,task        ] GC(572) Using 6 workers of 6 for evacuation
[2914.385s][info][gc,phases      ] GC(572)   Pre Evacuate Collection Set: 0.32ms
[2914.385s][info][gc,phases      ] GC(572)   Merge Heap Roots: 0.49ms
[2914.385s][info][gc,phases      ] GC(572)   Evacuate Collection Set: 120.11ms
[2914.385s][info][gc,phases      ] GC(572)   Post Evacuate Collection Set: 0.92ms
[2914.385s][info][gc,phases      ] GC(572)   Other: 0.09ms
[2914.385s][info][gc,heap        ] GC(572) Eden regions: 1118->0(1103)
[2914.385s][info][gc,heap        ] GC(572) Survivor regions: 110->113(154)
[2914.385s][info][gc,heap        ] GC(572) Old regions: 505->536
[2914.385s][info][gc,heap        ] GC(572) Humongous regions: 80->80
[2914.385s][info][gc,metaspace   ] GC(572) Metaspace: 28975K(29312K)->28975K(29312K) NonClass: 24095K(24256K)->24095K(24256K) Class: 4879K(5056K)->4879K(5056K)
[2914.385s][info][gc             ] GC(572) Pause Young (Prepare Mixed) (G1 Evacuation Pause) 3623M->1456M(4096M) 122.082ms
[2914.385s][info][gc,cpu         ] GC(572) User=0.72s Sys=0.00s Real=0.12s
....[2918.081s][info][gc,start       ] GC(573) Pause Young (Mixed) (G1 Evacuation Pause)
[2918.081s][info][gc,task        ] GC(573) Using 6 workers of 6 for evacuation
[2918.215s][info][gc,phases      ] GC(573)   Pre Evacuate Collection Set: 0.36ms
[2918.215s][info][gc,phases      ] GC(573)   Merge Heap Roots: 0.61ms
[2918.215s][info][gc,phases      ] GC(573)   Evacuate Collection Set: 131.45ms
[2918.215s][info][gc,phases      ] GC(573)   Post Evacuate Collection Set: 0.96ms
[2918.215s][info][gc,phases      ] GC(573)   Other: 0.08ms
[2918.215s][info][gc,heap        ] GC(573) Eden regions: 1103->0(1117)
[2918.215s][info][gc,heap        ] GC(573) Survivor regions: 113->111(152)
[2918.215s][info][gc,heap        ] GC(573) Old regions: 536->473
[2918.215s][info][gc,heap        ] GC(573) Humongous regions: 80->80
[2918.215s][info][gc,metaspace   ] GC(573) Metaspace: 28975K(29312K)->28975K(29312K) NonClass: 24095K(24256K)->24095K(24256K) Class: 4879K(5056K)->4879K(5056K)
[2918.215s][info][gc             ] GC(573) Pause Young (Mixed) (G1 Evacuation Pause) 3662M->1326M(4096M) 133.591ms
[2918.215s][info][gc,cpu         ] GC(573) User=0.79s Sys=0.00s Real=0.14s
....[2921.996s][info][gc,start       ] GC(574) Pause Young (Concurrent Start) (G1 Evacuation Pause)
[2921.996s][info][gc,task        ] GC(574) Using 6 workers of 6 for evacuation
[2922.113s][info][gc,phases      ] GC(574)   Pre Evacuate Collection Set: 0.42ms
[2922.113s][info][gc,phases      ] GC(574)   Merge Heap Roots: 0.43ms
[2922.113s][info][gc,phases      ] GC(574)   Evacuate Collection Set: 115.21ms
[2922.113s][info][gc,phases      ] GC(574)   Post Evacuate Collection Set: 0.90ms
[2922.113s][info][gc,phases      ] GC(574)   Other: 0.10ms
[2922.113s][info][gc,heap        ] GC(574) Eden regions: 1117->0(1120)
[2922.113s][info][gc,heap        ] GC(574) Survivor regions: 111->108(154)
[2922.113s][info][gc,heap        ] GC(574) Old regions: 473->505
[2922.113s][info][gc,heap        ] GC(574) Humongous regions: 80->80
[2922.113s][info][gc,metaspace   ] GC(574) Metaspace: 28975K(29312K)->28975K(29312K) NonClass: 24095K(24256K)->24095K(24256K) Class: 4879K(5056K)->4879K(5056K)
[2922.113s][info][gc             ] GC(574) Pause Young (Concurrent Start) (G1 Evacuation Pause) 3560M->1385M(4096M) 117.183ms
[2922.113s][info][gc             ] GC(575) Concurrent Mark Cycle
[2922.113s][info][gc,marking     ] GC(575) Concurrent Scan Root Regions
[2922.113s][info][gc,cpu         ] GC(574) User=0.69s Sys=0.00s Real=0.12s
[2922.293s][info][gc,marking     ] GC(575) Concurrent Scan Root Regions 180.353ms
[2922.293s][info][gc,marking     ] GC(575) Concurrent Mark
[2922.293s][info][gc,marking     ] GC(575) Concurrent Mark From Roots
[2922.293s][info][gc,task        ] GC(575) Using 2 workers of 2 for marking
.[2922.979s][info][gc,marking     ] GC(575) Concurrent Mark From Roots 685.376ms
[2922.979s][info][gc,marking     ] GC(575) Concurrent Preclean
[2922.979s][info][gc,marking     ] GC(575) Concurrent Preclean 0.174ms
[2922.979s][info][gc,start       ] GC(575) Pause Remark
[2922.985s][info][gc             ] GC(575) Pause Remark 1992M->1992M(4096M) 5.737ms
[2922.985s][info][gc,cpu         ] GC(575) User=0.03s Sys=0.00s Real=0.01s
[2922.985s][info][gc,marking     ] GC(575) Concurrent Mark 691.578ms
[2922.985s][info][gc,marking     ] GC(575) Concurrent Rebuild Remembered Sets and Scrub Regions
[2923.239s][info][gc,marking     ] GC(575) Concurrent Rebuild Remembered Sets and Scrub Regions 253.894ms
[2923.239s][info][gc,start       ] GC(575) Pause Cleanup
[2923.239s][info][gc             ] GC(575) Pause Cleanup 2131M->2131M(4096M) 0.111ms
[2923.239s][info][gc,cpu         ] GC(575) User=0.00s Sys=0.00s Real=0.00s
[2923.239s][info][gc,marking     ] GC(575) Concurrent Clear Claimed Marks
[2923.239s][info][gc,marking     ] GC(575) Concurrent Clear Claimed Marks 0.026ms
[2923.239s][info][gc,marking     ] GC(575) Concurrent Cleanup for Next Mark
[2923.242s][info][gc,marking     ] GC(575) Concurrent Cleanup for Next Mark 3.217ms
[2923.242s][info][gc             ] GC(575) Concurrent Mark Cycle 1129.558ms
...[2925.839s][info][gc,start       ] GC(576) Pause Young (Prepare Mixed) (G1 Evacuation Pause)
[2925.839s][info][gc,task        ] GC(576) Using 6 workers of 6 for evacuation
[2925.956s][info][gc,phases      ] GC(576)   Pre Evacuate Collection Set: 0.34ms
[2925.956s][info][gc,phases      ] GC(576)   Merge Heap Roots: 0.46ms
[2925.956s][info][gc,phases      ] GC(576)   Evacuate Collection Set: 114.40ms
[2925.956s][info][gc,phases      ] GC(576)   Post Evacuate Collection Set: 0.95ms
[2925.956s][info][gc,phases      ] GC(576)   Other: 0.09ms
[2925.956s][info][gc,heap        ] GC(576) Eden regions: 1120->0(1111)
[2925.956s][info][gc,heap        ] GC(576) Survivor regions: 108->109(154)
[2925.956s][info][gc,heap        ] GC(576) Old regions: 505->536
[2925.956s][info][gc,heap        ] GC(576) Humongous regions: 80->80
[2925.956s][info][gc,metaspace   ] GC(576) Metaspace: 28971K(29312K)->28971K(29312K) NonClass: 24093K(24256K)->24093K(24256K) Class: 4878K(5056K)->4878K(5056K)
[2925.956s][info][gc             ] GC(576) Pause Young (Prepare Mixed) (G1 Evacuation Pause) 3625M->1447M(4096M) 116.360ms
[2925.956s][info][gc,cpu         ] GC(576) User=0.69s Sys=0.00s Real=0.12s
. (rIR:aIR:PR = 4843:4843:4843) (tPR = 72005) [OK] 
  2926s: Performance info:
         Transaction,    Success,    Partial,     Failed,   Receipts, AvgBarcode, 
             Overall,     291837,          0,          0,     277249,      59.47, 
         Response times:
             Request,    Success,    Partial,     Failed,   SkipFail,     Probes,    Samples,      min,      p50,      p90,      p95,      p99,      max, 
       TotalPurchase,     277249,          0,          0,          0,     272213,     291867,      300,     3900,     8400,    21000,    69000,   238000,
     InStorePurchase,     145910,          0,          0,          0,     143427,     153674,      300,     3700,     8200,    19700,    68000,   210000,
      OnlinePurchase,     102166,          0,          0,          0,     100467,     107624,      300,     4200,     8800,    23000,    75000,   238000,
        InstPurchase,      29173,          0,          0,          0,      28319,      30569,      400,     3700,     8200,    19500,    69000,   210000,
          AssocOfCat,        290,          0,          0,          0,        220,        299,    18700,    30000,    46000,    54000,    88000,   173000,
      AssocOfProduct,       2920,          0,          0,          0,       2702,       3088,      400,     2800,     7000,    15900,    66110,   180000,
      BusinessReport,        727,          0,          0,          0,        627,        754,    21000,    34000,    68500,    93000,   168450,   215000,
          CustBuyBeh,       2921,          0,          0,          0,       2721,       3119,      200,     3200,     7800,    21000,    74800,   134000,
       ProductReturn,       7730,          0,          0,          0,       7317,       8079,      200,     3900,     8100,    21000,    67200,   184000,

  2926s: (36%)   IR =   4981 ...[2929.617s][info][gc,start       ] GC(577) Pause Young (Mixed) (G1 Evacuation Pause)
[2929.617s][info][gc,task        ] GC(577) Using 6 workers of 6 for evacuation
[2929.750s][info][gc,phases      ] GC(577)   Pre Evacuate Collection Set: 0.37ms
[2929.750s][info][gc,phases      ] GC(577)   Merge Heap Roots: 0.71ms
[2929.750s][info][gc,phases      ] GC(577)   Evacuate Collection Set: 130.63ms
[2929.750s][info][gc,phases      ] GC(577)   Post Evacuate Collection Set: 0.98ms
[2929.750s][info][gc,phases      ] GC(577)   Other: 0.08ms
[2929.750s][info][gc,heap        ] GC(577) Eden regions: 1111->0(1121)
[2929.750s][info][gc,heap        ] GC(577) Survivor regions: 109->107(153)
[2929.750s][info][gc,heap        ] GC(577) Old regions: 536->473
[2929.750s][info][gc,heap        ] GC(577) Humongous regions: 80->80
[2929.750s][info][gc,metaspace   ] GC(577) Metaspace: 28971K(29312K)->28971K(29312K) NonClass: 24093K(24256K)->24093K(24256K) Class: 4878K(5056K)->4878K(5056K)
[2929.750s][info][gc             ] GC(577) Pause Young (Mixed) (G1 Evacuation Pause) 3669M->1318M(4096M) 132.924ms
[2929.750s][info][gc,cpu         ] GC(577) User=0.79s Sys=0.00s Real=0.13s
..|.[2933.435s][info][gc,start       ] GC(578) Pause Young (Concurrent Start) (G1 Evacuation Pause)
[2933.435s][info][gc,task        ] GC(578) Using 6 workers of 6 for evacuation
[2933.553s][info][gc,phases      ] GC(578)   Pre Evacuate Collection Set: 0.35ms
[2933.553s][info][gc,phases      ] GC(578)   Merge Heap Roots: 0.42ms
[2933.553s][info][gc,phases      ] GC(578)   Evacuate Collection Set: 116.47ms
[2933.553s][info][gc,phases      ] GC(578)   Post Evacuate Collection Set: 0.95ms
[2933.553s][info][gc,phases      ] GC(578)   Other: 0.11ms
[2933.553s][info][gc,heap        ] GC(578) Eden regions: 1121->0(1118)
[2933.553s][info][gc,heap        ] GC(578) Survivor regions: 107->110(154)
[2933.553s][info][gc,heap        ] GC(578) Old regions: 473->505
[2933.553s][info][gc,heap        ] GC(578) Humongous regions: 80->80
[2933.553s][info][gc,metaspace   ] GC(578) Metaspace: 28971K(29312K)->28971K(29312K) NonClass: 24093K(24256K)->24093K(24256K) Class: 4878K(5056K)->4878K(5056K)
[2933.553s][info][gc             ] GC(578) Pause Young (Concurrent Start) (G1 Evacuation Pause) 3560M->1389M(4096M) 118.432ms
[2933.553s][info][gc             ] GC(579) Concurrent Mark Cycle
[2933.553s][info][gc,marking     ] GC(579) Concurrent Scan Root Regions
[2933.553s][info][gc,cpu         ] GC(578) User=0.70s Sys=0.00s Real=0.12s
.[2933.698s][info][gc,marking     ] GC(579) Concurrent Scan Root Regions 145.149ms
[2933.698s][info][gc,marking     ] GC(579) Concurrent Mark
[2933.698s][info][gc,marking     ] GC(579) Concurrent Mark From Roots
[2933.698s][info][gc,task        ] GC(579) Using 2 workers of 2 for marking
[2934.356s][info][gc,marking     ] GC(579) Concurrent Mark From Roots 657.653ms
[2934.356s][info][gc,marking     ] GC(579) Concurrent Preclean
[2934.356s][info][gc,marking     ] GC(579) Concurrent Preclean 0.148ms
[2934.357s][info][gc,start       ] GC(579) Pause Remark
[2934.361s][info][gc             ] GC(579) Pause Remark 1954M->1954M(4096M) 4.129ms
[2934.361s][info][gc,cpu         ] GC(579) User=0.02s Sys=0.00s Real=0.00s
[2934.361s][info][gc,marking     ] GC(579) Concurrent Mark 663.243ms
[2934.361s][info][gc,marking     ] GC(579) Concurrent Rebuild Remembered Sets and Scrub Regions
.[2934.590s][info][gc,marking     ] GC(579) Concurrent Rebuild Remembered Sets and Scrub Regions 228.344ms
[2934.590s][info][gc,start       ] GC(579) Pause Cleanup
[2934.590s][info][gc             ] GC(579) Pause Cleanup 2060M->2060M(4096M) 0.110ms
[2934.590s][info][gc,cpu         ] GC(579) User=0.00s Sys=0.00s Real=0.00s
[2934.590s][info][gc,marking     ] GC(579) Concurrent Clear Claimed Marks
[2934.590s][info][gc,marking     ] GC(579) Concurrent Clear Claimed Marks 0.029ms
[2934.590s][info][gc,marking     ] GC(579) Concurrent Cleanup for Next Mark
[2934.593s][info][gc,marking     ] GC(579) Concurrent Cleanup for Next Mark 3.216ms
[2934.593s][info][gc             ] GC(579) Concurrent Mark Cycle 1040.451ms
..[2937.231s][info][gc,start       ] GC(580) Pause Young (Prepare Mixed) (G1 Evacuation Pause)
[2937.231s][info][gc,task        ] GC(580) Using 6 workers of 6 for evacuation
[2937.349s][info][gc,phases      ] GC(580)   Pre Evacuate Collection Set: 0.35ms
[2937.349s][info][gc,phases      ] GC(580)   Merge Heap Roots: 0.54ms
[2937.349s][info][gc,phases      ] GC(580)   Evacuate Collection Set: 115.64ms
[2937.349s][info][gc,phases      ] GC(580)   Post Evacuate Collection Set: 0.89ms
[2937.349s][info][gc,phases      ] GC(580)   Other: 0.09ms
[2937.349s][info][gc,heap        ] GC(580) Eden regions: 1118->0(1108)
[2937.349s][info][gc,heap        ] GC(580) Survivor regions: 110->110(154)
[2937.349s][info][gc,heap        ] GC(580) Old regions: 505->537
[2937.349s][info][gc,heap        ] GC(580) Humongous regions: 80->80
[2937.349s][info][gc,metaspace   ] GC(580) Metaspace: 28971K(29312K)->28971K(29312K) NonClass: 24093K(24256K)->24093K(24256K) Class: 4878K(5056K)->4878K(5056K)
[2937.349s][info][gc             ] GC(580) Pause Young (Prepare Mixed) (G1 Evacuation Pause) 3625M->1452M(4096M) 117.650ms
[2937.349s][info][gc,cpu         ] GC(580) User=0.70s Sys=0.00s Real=0.12s
....[2940.969s][info][gc,start       ] GC(581) Pause Young (Mixed) (G1 Evacuation Pause)
[2940.969s][info][gc,task        ] GC(581) Using 6 workers of 6 for evacuation
[2941.100s][info][gc,phases      ] GC(581)   Pre Evacuate Collection Set: 0.39ms
[2941.100s][info][gc,phases      ] GC(581)   Merge Heap Roots: 0.63ms
[2941.100s][info][gc,phases      ] GC(581)   Evacuate Collection Set: 128.30ms
[2941.100s][info][gc,phases      ] GC(581)   Post Evacuate Collection Set: 0.94ms
[2941.100s][info][gc,phases      ] GC(581)   Other: 0.09ms
[2941.100s][info][gc,heap        ] GC(581) Eden regions: 1108->0(1120)
[2941.100s][info][gc,heap        ] GC(581) Survivor regions: 110->108(153)
[2941.100s][info][gc,heap        ] GC(581) Old regions: 537->474
[2941.100s][info][gc,heap        ] GC(581) Humongous regions: 80->80
[2941.100s][info][gc,metaspace   ] GC(581) Metaspace: 28971K(29312K)->28971K(29312K) NonClass: 24093K(24256K)->24093K(24256K) Class: 4878K(5056K)->4878K(5056K)
[2941.100s][info][gc             ] GC(581) Pause Young (Mixed) (G1 Evacuation Pause) 3668M->1322M(4096M) 130.475ms
[2941.100s][info][gc,cpu         ] GC(581) User=0.77s Sys=0.00s Real=0.13s
....[2944.765s][info][gc,start       ] GC(582) Pause Young (Concurrent Start) (G1 Evacuation Pause)
[2944.765s][info][gc,task        ] GC(582) Using 6 workers of 6 for evacuation
[2944.882s][info][gc,phases      ] GC(582)   Pre Evacuate Collection Set: 0.33ms
[2944.882s][info][gc,phases      ] GC(582)   Merge Heap Roots: 0.46ms
[2944.882s][info][gc,phases      ] GC(582)   Evacuate Collection Set: 115.00ms
[2944.882s][info][gc,phases      ] GC(582)   Post Evacuate Collection Set: 0.85ms
[2944.882s][info][gc,phases      ] GC(582)   Other: 0.10ms
[2944.882s][info][gc,heap        ] GC(582) Eden regions: 1120->0(1118)
[2944.882s][info][gc,heap        ] GC(582) Survivor regions: 108->110(154)
[2944.882s][info][gc,heap        ] GC(582) Old regions: 474->505
[2944.882s][info][gc,heap        ] GC(582) Humongous regions: 80->80
[2944.882s][info][gc,metaspace   ] GC(582) Metaspace: 28971K(29312K)->28971K(29312K) NonClass: 24093K(24256K)->24093K(24256K) Class: 4878K(5056K)->4878K(5056K)
[2944.882s][info][gc             ] GC(582) Pause Young (Concurrent Start) (G1 Evacuation Pause) 3562M->1388M(4096M) 116.880ms
[2944.882s][info][gc             ] GC(583) Concurrent Mark Cycle
[2944.882s][info][gc,marking     ] GC(583) Concurrent Scan Root Regions
[2944.882s][info][gc,cpu         ] GC(582) User=0.70s Sys=0.00s Real=0.12s
[2945.060s][info][gc,marking     ] GC(583) Concurrent Scan Root Regions 177.884ms
[2945.060s][info][gc,marking     ] GC(583) Concurrent Mark
[2945.060s][info][gc,marking     ] GC(583) Concurrent Mark From Roots
[2945.060s][info][gc,task        ] GC(583) Using 2 workers of 2 for marking
.[2945.770s][info][gc,marking     ] GC(583) Concurrent Mark From Roots 710.024ms
[2945.770s][info][gc,marking     ] GC(583) Concurrent Preclean
[2945.770s][info][gc,marking     ] GC(583) Concurrent Preclean 0.175ms
[2945.770s][info][gc,start       ] GC(583) Pause Remark
[2945.775s][info][gc             ] GC(583) Pause Remark 1952M->1952M(4096M) 4.139ms
[2945.775s][info][gc,cpu         ] GC(583) User=0.02s Sys=0.00s Real=0.01s
[2945.775s][info][gc,marking     ] GC(583) Concurrent Mark 714.658ms
[2945.775s][info][gc,marking     ] GC(583) Concurrent Rebuild Remembered Sets and Scrub Regions
[2946.063s][info][gc,marking     ] GC(583) Concurrent Rebuild Remembered Sets and Scrub Regions 288.713ms
[2946.064s][info][gc,start       ] GC(583) Pause Cleanup
[2946.064s][info][gc             ] GC(583) Pause Cleanup 2150M->2150M(4096M) 0.114ms
[2946.064s][info][gc,cpu         ] GC(583) User=0.00s Sys=0.00s Real=0.00s
[2946.064s][info][gc,marking     ] GC(583) Concurrent Clear Claimed Marks
[2946.064s][info][gc,marking     ] GC(583) Concurrent Clear Claimed Marks 0.030ms
[2946.064s][info][gc,marking     ] GC(583) Concurrent Cleanup for Next Mark
[2946.068s][info][gc,marking     ] GC(583) Concurrent Cleanup for Next Mark 4.086ms
[2946.068s][info][gc             ] GC(583) Concurrent Mark Cycle 1185.838ms
..[2948.487s][info][gc,start       ] GC(584) Pause Young (Prepare Mixed) (G1 Evacuation Pause)
[2948.487s][info][gc,task        ] GC(584) Using 6 workers of 6 for evacuation
[2948.603s][info][gc,phases      ] GC(584)   Pre Evacuate Collection Set: 0.33ms
[2948.603s][info][gc,phases      ] GC(584)   Merge Heap Roots: 0.49ms
[2948.603s][info][gc,phases      ] GC(584)   Evacuate Collection Set: 113.77ms
[2948.603s][info][gc,phases      ] GC(584)   Post Evacuate Collection Set: 0.92ms
[2948.603s][info][gc,phases      ] GC(584)   Other: 0.09ms
[2948.603s][info][gc,heap        ] GC(584) Eden regions: 1118->0(1114)
[2948.603s][info][gc,heap        ] GC(584) Survivor regions: 110->107(154)
[2948.603s][info][gc,heap        ] GC(584) Old regions: 505->537
[2948.603s][info][gc,heap        ] GC(584) Humongous regions: 80->80
[2948.603s][info][gc,metaspace   ] GC(584) Metaspace: 28971K(29312K)->28971K(29312K) NonClass: 24093K(24256K)->24093K(24256K) Class: 4878K(5056K)->4878K(5056K)
[2948.603s][info][gc             ] GC(584) Pause Young (Prepare Mixed) (G1 Evacuation Pause) 3624M->1446M(4096M) 115.733ms
[2948.603s][info][gc,cpu         ] GC(584) User=0.68s Sys=0.00s Real=0.12s
....[2952.284s][info][gc,start       ] GC(585) Pause Young (Mixed) (G1 Evacuation Pause)
[2952.284s][info][gc,task        ] GC(585) Using 6 workers of 6 for evacuation
[2952.417s][info][gc,phases      ] GC(585)   Pre Evacuate Collection Set: 0.40ms
[2952.417s][info][gc,phases      ] GC(585)   Merge Heap Roots: 0.59ms
[2952.417s][info][gc,phases      ] GC(585)   Evacuate Collection Set: 130.95ms
[2952.417s][info][gc,phases      ] GC(585)   Post Evacuate Collection Set: 0.94ms
[2952.417s][info][gc,phases      ] GC(585)   Other: 0.09ms
[2952.417s][info][gc,heap        ] GC(585) Eden regions: 1114->0(1119)
[2952.417s][info][gc,heap        ] GC(585) Survivor regions: 107->109(153)
[2952.417s][info][gc,heap        ] GC(585) Old regions: 537->473
[2952.417s][info][gc,heap        ] GC(585) Humongous regions: 80->80
[2952.417s][info][gc,metaspace   ] GC(585) Metaspace: 28971K(29312K)->28971K(29312K) NonClass: 24093K(24256K)->24093K(24256K) Class: 4878K(5056K)->4878K(5056K)
[2952.418s][info][gc             ] GC(585) Pause Young (Mixed) (G1 Evacuation Pause) 3674M->1322M(4096M) 133.113ms
[2952.418s][info][gc,cpu         ] GC(585) User=0.79s Sys=0.00s Real=0.13s
....[2956.097s][info][gc,start       ] GC(586) Pause Young (Concurrent Start) (G1 Evacuation Pause)
[2956.097s][info][gc,task        ] GC(586) Using 6 workers of 6 for evacuation
[2956.216s][info][gc,phases      ] GC(586)   Pre Evacuate Collection Set: 0.40ms
[2956.216s][info][gc,phases      ] GC(586)   Merge Heap Roots: 0.48ms
[2956.216s][info][gc,phases      ] GC(586)   Evacuate Collection Set: 116.47ms
[2956.216s][info][gc,phases      ] GC(586)   Post Evacuate Collection Set: 0.88ms
[2956.216s][info][gc,phases      ] GC(586)   Other: 0.12ms
[2956.216s][info][gc,heap        ] GC(586) Eden regions: 1119->0(1119)
[2956.216s][info][gc,heap        ] GC(586) Survivor regions: 109->109(154)
[2956.216s][info][gc,heap        ] GC(586) Old regions: 473->505
[2956.216s][info][gc,heap        ] GC(586) Humongous regions: 80->80
[2956.216s][info][gc,metaspace   ] GC(586) Metaspace: 28971K(29312K)->28971K(29312K) NonClass: 24093K(24256K)->24093K(24256K) Class: 4878K(5056K)->4878K(5056K)
[2956.216s][info][gc             ] GC(586) Pause Young (Concurrent Start) (G1 Evacuation Pause) 3560M->1386M(4096M) 118.483ms
[2956.216s][info][gc             ] GC(587) Concurrent Mark Cycle
[2956.216s][info][gc,marking     ] GC(587) Concurrent Scan Root Regions
[2956.216s][info][gc,cpu         ] GC(586) User=0.70s Sys=0.00s Real=0.12s
[2956.392s][info][gc,marking     ] GC(587) Concurrent Scan Root Regions 176.291ms
[2956.392s][info][gc,marking     ] GC(587) Concurrent Mark
[2956.392s][info][gc,marking     ] GC(587) Concurrent Mark From Roots
[2956.392s][info][gc,task        ] GC(587) Using 2 workers of 2 for marking
.[2957.161s][info][gc,marking     ] GC(587) Concurrent Mark From Roots 768.702ms
[2957.161s][info][gc,marking     ] GC(587) Concurrent Preclean
[2957.161s][info][gc,marking     ] GC(587) Concurrent Preclean 0.169ms
[2957.162s][info][gc,start       ] GC(587) Pause Remark
[2957.166s][info][gc             ] GC(587) Pause Remark 2024M->2024M(4096M) 4.020ms
[2957.166s][info][gc,cpu         ] GC(587) User=0.01s Sys=0.00s Real=0.00s
[2957.166s][info][gc,marking     ] GC(587) Concurrent Mark 774.082ms
[2957.166s][info][gc,marking     ] GC(587) Concurrent Rebuild Remembered Sets and Scrub Regions
[2957.406s][info][gc,marking     ] GC(587) Concurrent Rebuild Remembered Sets and Scrub Regions 240.064ms
[2957.407s][info][gc,start       ] GC(587) Pause Cleanup
[2957.407s][info][gc             ] GC(587) Pause Cleanup 2169M->2169M(4096M) 0.112ms
[2957.407s][info][gc,cpu         ] GC(587) User=0.00s Sys=0.00s Real=0.00s
[2957.407s][info][gc,marking     ] GC(587) Concurrent Clear Claimed Marks
[2957.407s][info][gc,marking     ] GC(587) Concurrent Clear Claimed Marks 0.025ms
[2957.407s][info][gc,marking     ] GC(587) Concurrent Cleanup for Next Mark
[2957.411s][info][gc,marking     ] GC(587) Concurrent Cleanup for Next Mark 4.536ms
[2957.411s][info][gc             ] GC(587) Concurrent Mark Cycle 1195.445ms
...[2959.941s][info][gc,start       ] GC(588) Pause Young (Prepare Mixed) (G1 Evacuation Pause)
[2959.941s][info][gc,task        ] GC(588) Using 6 workers of 6 for evacuation
[2960.060s][info][gc,phases      ] GC(588)   Pre Evacuate Collection Set: 0.36ms
[2960.060s][info][gc,phases      ] GC(588)   Merge Heap Roots: 0.47ms
[2960.060s][info][gc,phases      ] GC(588)   Evacuate Collection Set: 117.13ms
[2960.060s][info][gc,phases      ] GC(588)   Post Evacuate Collection Set: 0.94ms
[2960.060s][info][gc,phases      ] GC(588)   Other: 0.08ms
[2960.060s][info][gc,heap        ] GC(588) Eden regions: 1119->0(1105)
[2960.060s][info][gc,heap        ] GC(588) Survivor regions: 109->112(154)
[2960.060s][info][gc,heap        ] GC(588) Old regions: 505->536
[2960.060s][info][gc,heap        ] GC(588) Humongous regions: 80->80
[2960.060s][info][gc,metaspace   ] GC(588) Metaspace: 28971K(29312K)->28971K(29312K) NonClass: 24093K(24256K)->24093K(24256K) Class: 4878K(5056K)->4878K(5056K)
[2960.060s][info][gc             ] GC(588) Pause Young (Prepare Mixed) (G1 Evacuation Pause) 3624M->1453M(4096M) 119.120ms
[2960.060s][info][gc,cpu         ] GC(588) User=0.70s Sys=0.00s Real=0.12s
....[2963.668s][info][gc,start       ] GC(589) Pause Young (Mixed) (G1 Evacuation Pause)
[2963.668s][info][gc,task        ] GC(589) Using 6 workers of 6 for evacuation
[2963.800s][info][gc,phases      ] GC(589)   Pre Evacuate Collection Set: 0.38ms
[2963.800s][info][gc,phases      ] GC(589)   Merge Heap Roots: 0.69ms
[2963.800s][info][gc,phases      ] GC(589)   Evacuate Collection Set: 130.43ms
[2963.800s][info][gc,phases      ] GC(589)   Post Evacuate Collection Set: 0.93ms
[2963.800s][info][gc,phases      ] GC(589)   Other: 0.09ms
[2963.800s][info][gc,heap        ] GC(589) Eden regions: 1105->0(1120)
[2963.800s][info][gc,heap        ] GC(589) Survivor regions: 112->108(153)
[2963.800s][info][gc,heap        ] GC(589) Old regions: 536->471
[2963.800s][info][gc,heap        ] GC(589) Humongous regions: 80->80
[2963.800s][info][gc,metaspace   ] GC(589) Metaspace: 28971K(29312K)->28971K(29312K) NonClass: 24093K(24256K)->24093K(24256K) Class: 4878K(5056K)->4878K(5056K)
[2963.800s][info][gc             ] GC(589) Pause Young (Mixed) (G1 Evacuation Pause) 3663M->1317M(4096M) 132.657ms
[2963.800s][info][gc,cpu         ] GC(589) User=0.79s Sys=0.00s Real=0.13s
...[2967.414s][info][gc,start       ] GC(590) Pause Young (Concurrent Start) (G1 Evacuation Pause)
[2967.414s][info][gc,task        ] GC(590) Using 6 workers of 6 for evacuation
[2967.529s][info][gc,phases      ] GC(590)   Pre Evacuate Collection Set: 0.40ms
[2967.529s][info][gc,phases      ] GC(590)   Merge Heap Roots: 0.46ms
[2967.529s][info][gc,phases      ] GC(590)   Evacuate Collection Set: 113.67ms
[2967.529s][info][gc,phases      ] GC(590)   Post Evacuate Collection Set: 0.89ms
[2967.529s][info][gc,phases      ] GC(590)   Other: 0.10ms
[2967.529s][info][gc,heap        ] GC(590) Eden regions: 1120->0(1121)
[2967.529s][info][gc,heap        ] GC(590) Survivor regions: 108->107(154)
[2967.529s][info][gc,heap        ] GC(590) Old regions: 471->503
[2967.529s][info][gc,heap        ] GC(590) Humongous regions: 80->80
[2967.529s][info][gc,metaspace   ] GC(590) Metaspace: 28971K(29312K)->28971K(29312K) NonClass: 24093K(24256K)->24093K(24256K) Class: 4878K(5056K)->4878K(5056K)
[2967.529s][info][gc             ] GC(590) Pause Young (Concurrent Start) (G1 Evacuation Pause) 3557M->1378M(4096M) 115.645ms
[2967.530s][info][gc             ] GC(591) Concurrent Mark Cycle
[2967.530s][info][gc,marking     ] GC(591) Concurrent Scan Root Regions
[2967.530s][info][gc,cpu         ] GC(590) User=0.68s Sys=0.00s Real=0.11s
.[2967.707s][info][gc,marking     ] GC(591) Concurrent Scan Root Regions 177.031ms
[2967.707s][info][gc,marking     ] GC(591) Concurrent Mark
[2967.707s][info][gc,marking     ] GC(591) Concurrent Mark From Roots
[2967.707s][info][gc,task        ] GC(591) Using 2 workers of 2 for marking
[2968.443s][info][gc,marking     ] GC(591) Concurrent Mark From Roots 735.986ms
[2968.443s][info][gc,marking     ] GC(591) Concurrent Preclean
[2968.443s][info][gc,marking     ] GC(591) Concurrent Preclean 0.122ms
[2968.443s][info][gc,start       ] GC(591) Pause Remark
[2968.447s][info][gc             ] GC(591) Pause Remark 1970M->1970M(4096M) 4.576ms
[2968.448s][info][gc,cpu         ] GC(591) User=0.03s Sys=0.00s Real=0.00s
[2968.448s][info][gc,marking     ] GC(591) Concurrent Mark 740.995ms
[2968.448s][info][gc,marking     ] GC(591) Concurrent Rebuild Remembered Sets and Scrub Regions
.[2968.686s][info][gc,marking     ] GC(591) Concurrent Rebuild Remembered Sets and Scrub Regions 238.779ms
[2968.687s][info][gc,start       ] GC(591) Pause Cleanup
[2968.687s][info][gc             ] GC(591) Pause Cleanup 2125M->2125M(4096M) 0.116ms
[2968.687s][info][gc,cpu         ] GC(591) User=0.00s Sys=0.00s Real=0.00s
[2968.687s][info][gc,marking     ] GC(591) Concurrent Clear Claimed Marks
[2968.687s][info][gc,marking     ] GC(591) Concurrent Clear Claimed Marks 0.042ms
[2968.687s][info][gc,marking     ] GC(591) Concurrent Cleanup for Next Mark
[2968.695s][info][gc,marking     ] GC(591) Concurrent Cleanup for Next Mark 8.390ms
[2968.696s][info][gc             ] GC(591) Concurrent Mark Cycle 1166.067ms
..[2971.221s][info][gc,start       ] GC(592) Pause Young (Prepare Mixed) (G1 Evacuation Pause)
[2971.221s][info][gc,task        ] GC(592) Using 6 workers of 6 for evacuation
[2971.340s][info][gc,phases      ] GC(592)   Pre Evacuate Collection Set: 0.33ms
[2971.340s][info][gc,phases      ] GC(592)   Merge Heap Roots: 0.50ms
[2971.340s][info][gc,phases      ] GC(592)   Evacuate Collection Set: 117.53ms
[2971.340s][info][gc,phases      ] GC(592)   Post Evacuate Collection Set: 0.93ms
[2971.340s][info][gc,phases      ] GC(592)   Other: 0.10ms
[2971.340s][info][gc,heap        ] GC(592) Eden regions: 1121->0(1112)
[2971.340s][info][gc,heap        ] GC(592) Survivor regions: 107->109(154)
[2971.340s][info][gc,heap        ] GC(592) Old regions: 503->535
[2971.340s][info][gc,heap        ] GC(592) Humongous regions: 80->80
[2971.340s][info][gc,metaspace   ] GC(592) Metaspace: 28971K(29312K)->28971K(29312K) NonClass: 24093K(24256K)->24093K(24256K) Class: 4878K(5056K)->4878K(5056K)
[2971.340s][info][gc             ] GC(592) Pause Young (Prepare Mixed) (G1 Evacuation Pause) 3620M->1446M(4096M) 119.531ms
[2971.340s][info][gc,cpu         ] GC(592) User=0.70s Sys=0.00s Real=0.12s
....[2974.940s][info][gc,start       ] GC(593) Pause Young (Mixed) (G1 Evacuation Pause)
[2974.940s][info][gc,task        ] GC(593) Using 6 workers of 6 for evacuation
[2975.075s][info][gc,phases      ] GC(593)   Pre Evacuate Collection Set: 0.39ms
[2975.075s][info][gc,phases      ] GC(593)   Merge Heap Roots: 0.69ms
[2975.075s][info][gc,phases      ] GC(593)   Evacuate Collection Set: 132.42ms
[2975.075s][info][gc,phases      ] GC(593)   Post Evacuate Collection Set: 0.93ms
[2975.075s][info][gc,phases      ] GC(593)   Other: 0.09ms
[2975.075s][info][gc,heap        ] GC(593) Eden regions: 1112->0(1118)
[2975.075s][info][gc,heap        ] GC(593) Survivor regions: 109->110(153)
[2975.075s][info][gc,heap        ] GC(593) Old regions: 535->473
[2975.075s][info][gc,heap        ] GC(593) Humongous regions: 80->80
[2975.075s][info][gc,metaspace   ] GC(593) Metaspace: 28971K(29312K)->28971K(29312K) NonClass: 24093K(24256K)->24093K(24256K) Class: 4878K(5056K)->4878K(5056K)
[2975.075s][info][gc             ] GC(593) Pause Young (Mixed) (G1 Evacuation Pause) 3670M->1325M(4096M) 134.656ms
[2975.075s][info][gc,cpu         ] GC(593) User=0.79s Sys=0.00s Real=0.14s
....[2978.777s][info][gc,start       ] GC(594) Pause Young (Concurrent Start) (G1 Evacuation Pause)
[2978.777s][info][gc,task        ] GC(594) Using 6 workers of 6 for evacuation
[2978.893s][info][gc,phases      ] GC(594)   Pre Evacuate Collection Set: 0.41ms
[2978.893s][info][gc,phases      ] GC(594)   Merge Heap Roots: 0.46ms
[2978.893s][info][gc,phases      ] GC(594)   Evacuate Collection Set: 113.54ms
[2978.893s][info][gc,phases      ] GC(594)   Post Evacuate Collection Set: 0.88ms
[2978.893s][info][gc,phases      ] GC(594)   Other: 0.12ms
[2978.893s][info][gc,heap        ] GC(594) Eden regions: 1118->0(1118)
[2978.893s][info][gc,heap        ] GC(594) Survivor regions: 110->110(154)
[2978.893s][info][gc,heap        ] GC(594) Old regions: 473->505
[2978.893s][info][gc,heap        ] GC(594) Humongous regions: 80->80
[2978.893s][info][gc,metaspace   ] GC(594) Metaspace: 28971K(29312K)->28971K(29312K) NonClass: 24093K(24256K)->24093K(24256K) Class: 4878K(5056K)->4878K(5056K)
[2978.893s][info][gc             ] GC(594) Pause Young (Concurrent Start) (G1 Evacuation Pause) 3561M->1387M(4096M) 115.534ms
[2978.893s][info][gc             ] GC(595) Concurrent Mark Cycle
[2978.893s][info][gc,marking     ] GC(595) Concurrent Scan Root Regions
[2978.893s][info][gc,cpu         ] GC(594) User=0.68s Sys=0.01s Real=0.12s
[2979.063s][info][gc,marking     ] GC(595) Concurrent Scan Root Regions 170.077ms
[2979.063s][info][gc,marking     ] GC(595) Concurrent Mark
[2979.063s][info][gc,marking     ] GC(595) Concurrent Mark From Roots
[2979.063s][info][gc,task        ] GC(595) Using 2 workers of 2 for marking
.[2979.696s][info][gc,marking     ] GC(595) Concurrent Mark From Roots 633.304ms
[2979.696s][info][gc,marking     ] GC(595) Concurrent Preclean
[2979.697s][info][gc,marking     ] GC(595) Concurrent Preclean 0.122ms
[2979.697s][info][gc,start       ] GC(595) Pause Remark
[2979.700s][info][gc             ] GC(595) Pause Remark 1926M->1926M(4096M) 3.734ms
[2979.700s][info][gc,cpu         ] GC(595) User=0.02s Sys=0.00s Real=0.00s
[2979.700s][info][gc,marking     ] GC(595) Concurrent Mark 637.390ms
[2979.700s][info][gc,marking     ] GC(595) Concurrent Rebuild Remembered Sets and Scrub Regions
[2979.964s][info][gc,marking     ] GC(595) Concurrent Rebuild Remembered Sets and Scrub Regions 263.817ms
[2979.964s][info][gc,start       ] GC(595) Pause Cleanup
[2979.965s][info][gc             ] GC(595) Pause Cleanup 2075M->2075M(4096M) 0.117ms
[2979.965s][info][gc,cpu         ] GC(595) User=0.00s Sys=0.00s Real=0.00s
[2979.965s][info][gc,marking     ] GC(595) Concurrent Clear Claimed Marks
[2979.965s][info][gc,marking     ] GC(595) Concurrent Clear Claimed Marks 0.029ms
[2979.965s][info][gc,marking     ] GC(595) Concurrent Cleanup for Next Mark
[2979.970s][info][gc,marking     ] GC(595) Concurrent Cleanup for Next Mark 4.819ms
[2979.970s][info][gc             ] GC(595) Concurrent Mark Cycle 1077.207ms
..[2982.555s][info][gc,start       ] GC(596) Pause Young (Prepare Mixed) (G1 Evacuation Pause)
[2982.555s][info][gc,task        ] GC(596) Using 6 workers of 6 for evacuation
[2982.670s][info][gc,phases      ] GC(596)   Pre Evacuate Collection Set: 0.35ms
[2982.670s][info][gc,phases      ] GC(596)   Merge Heap Roots: 0.48ms
[2982.670s][info][gc,phases      ] GC(596)   Evacuate Collection Set: 113.50ms
[2982.670s][info][gc,phases      ] GC(596)   Post Evacuate Collection Set: 0.90ms
[2982.670s][info][gc,phases      ] GC(596)   Other: 0.09ms
[2982.670s][info][gc,heap        ] GC(596) Eden regions: 1118->0(1112)
[2982.670s][info][gc,heap        ] GC(596) Survivor regions: 110->108(154)
[2982.670s][info][gc,heap        ] GC(596) Old regions: 505->537
[2982.670s][info][gc,heap        ] GC(596) Humongous regions: 80->80
[2982.670s][info][gc,metaspace   ] GC(596) Metaspace: 28971K(29312K)->28971K(29312K) NonClass: 24093K(24256K)->24093K(24256K) Class: 4878K(5056K)->4878K(5056K)
[2982.670s][info][gc             ] GC(596) Pause Young (Prepare Mixed) (G1 Evacuation Pause) 3623M->1448M(4096M) 115.449ms
[2982.670s][info][gc,cpu         ] GC(596) User=0.68s Sys=0.00s Real=0.11s
....[2986.289s][info][gc,start       ] GC(597) Pause Young (Mixed) (G1 Evacuation Pause)
[2986.289s][info][gc,task        ] GC(597) Using 6 workers of 6 for evacuation
[2986.425s][info][gc,phases      ] GC(597)   Pre Evacuate Collection Set: 0.40ms
[2986.425s][info][gc,phases      ] GC(597)   Merge Heap Roots: 0.70ms
[2986.425s][info][gc,phases      ] GC(597)   Evacuate Collection Set: 133.58ms
[2986.425s][info][gc,phases      ] GC(597)   Post Evacuate Collection Set: 0.94ms
[2986.425s][info][gc,phases      ] GC(597)   Other: 0.10ms
[2986.425s][info][gc,heap        ] GC(597) Eden regions: 1112->0(1118)
[2986.425s][info][gc,heap        ] GC(597) Survivor regions: 108->110(153)
[2986.425s][info][gc,heap        ] GC(597) Old regions: 537->472
[2986.425s][info][gc,heap        ] GC(597) Humongous regions: 80->80
[2986.425s][info][gc,metaspace   ] GC(597) Metaspace: 28971K(29312K)->28971K(29312K) NonClass: 24093K(24256K)->24093K(24256K) Class: 4878K(5056K)->4878K(5056K)
[2986.425s][info][gc             ] GC(597) Pause Young (Mixed) (G1 Evacuation Pause) 3672M->1323M(4096M) 135.856ms
[2986.425s][info][gc,cpu         ] GC(597) User=0.81s Sys=0.00s Real=0.14s
....[2990.050s][info][gc,start       ] GC(598) Pause Young (Concurrent Start) (G1 Evacuation Pause)
[2990.050s][info][gc,task        ] GC(598) Using 6 workers of 6 for evacuation
[2990.165s][info][gc,phases      ] GC(598)   Pre Evacuate Collection Set: 0.37ms
[2990.165s][info][gc,phases      ] GC(598)   Merge Heap Roots: 0.44ms
[2990.165s][info][gc,phases      ] GC(598)   Evacuate Collection Set: 113.62ms
[2990.165s][info][gc,phases      ] GC(598)   Post Evacuate Collection Set: 0.91ms
[2990.165s][info][gc,phases      ] GC(598)   Other: 0.11ms
[2990.165s][info][gc,heap        ] GC(598) Eden regions: 1118->0(1119)
[2990.165s][info][gc,heap        ] GC(598) Survivor regions: 110->109(154)
[2990.165s][info][gc,heap        ] GC(598) Old regions: 472->505
[2990.165s][info][gc,heap        ] GC(598) Humongous regions: 80->80
[2990.165s][info][gc,metaspace   ] GC(598) Metaspace: 28971K(29312K)->28971K(29312K) NonClass: 24093K(24256K)->24093K(24256K) Class: 4878K(5056K)->4878K(5056K)
[2990.165s][info][gc             ] GC(598) Pause Young (Concurrent Start) (G1 Evacuation Pause) 3559M->1385M(4096M) 115.575ms
[2990.165s][info][gc             ] GC(599) Concurrent Mark Cycle
[2990.165s][info][gc,marking     ] GC(599) Concurrent Scan Root Regions
[2990.165s][info][gc,cpu         ] GC(598) User=0.68s Sys=0.00s Real=0.12s
[2990.342s][info][gc,marking     ] GC(599) Concurrent Scan Root Regions 176.381ms
[2990.342s][info][gc,marking     ] GC(599) Concurrent Mark
[2990.342s][info][gc,marking     ] GC(599) Concurrent Mark From Roots
[2990.342s][info][gc,task        ] GC(599) Using 2 workers of 2 for marking
.[2991.090s][info][gc,marking     ] GC(599) Concurrent Mark From Roots 748.835ms
[2991.090s][info][gc,marking     ] GC(599) Concurrent Preclean
[2991.091s][info][gc,marking     ] GC(599) Concurrent Preclean 0.128ms
[2991.091s][info][gc,start       ] GC(599) Pause Remark
[2991.095s][info][gc             ] GC(599) Pause Remark 1990M->1990M(4096M) 3.855ms
[2991.095s][info][gc,cpu         ] GC(599) User=0.02s Sys=0.00s Real=0.01s
[2991.095s][info][gc,marking     ] GC(599) Concurrent Mark 753.099ms
[2991.095s][info][gc,marking     ] GC(599) Concurrent Rebuild Remembered Sets and Scrub Regions
[2991.340s][info][gc,marking     ] GC(599) Concurrent Rebuild Remembered Sets and Scrub Regions 245.152ms
[2991.340s][info][gc,start       ] GC(599) Pause Cleanup
[2991.340s][info][gc             ] GC(599) Pause Cleanup 2149M->2149M(4096M) 0.113ms
[2991.340s][info][gc,cpu         ] GC(599) User=0.00s Sys=0.00s Real=0.00s
[2991.340s][info][gc,marking     ] GC(599) Concurrent Clear Claimed Marks
[2991.340s][info][gc,marking     ] GC(599) Concurrent Clear Claimed Marks 0.027ms
[2991.340s][info][gc,marking     ] GC(599) Concurrent Cleanup for Next Mark
[2991.344s][info][gc,marking     ] GC(599) Concurrent Cleanup for Next Mark 3.433ms
[2991.344s][info][gc             ] GC(599) Concurrent Mark Cycle 1178.570ms
. (rIR:aIR:PR = 4981:4982:4982) (tPR = 73735) [OK] 
  2991s: Performance info:
         Transaction,    Success,    Partial,     Failed,   Receipts, AvgBarcode, 
             Overall,     299787,          0,          0,     284791,      59.48, 
         Response times:
             Request,    Success,    Partial,     Failed,   SkipFail,     Probes,    Samples,      min,      p50,      p90,      p95,      p99,      max, 
       TotalPurchase,     284791,          0,          0,          0,     278851,     303684,      300,     4100,     8300,    16600,    58000,   270000,
     InStorePurchase,     149881,          0,          0,          0,     147004,     160089,      300,     4100,     8300,    17300,    59000,   213000,
      OnlinePurchase,     104886,          0,          0,          0,     102765,     111858,      300,     4100,     8200,    15900,    57000,   270000,
        InstPurchase,      30024,          0,          0,          0,      29082,      31737,      400,     4100,     8300,    15900,    59000,   146000,
          AssocOfCat,        299,          0,          0,          0,        232,        317,    23000,    33000,    56000,    67200,   146920,   175000,
      AssocOfProduct,       2999,          0,          0,          0,       2817,       3237,      300,     3600,     7300,    14400,    53620,   138000,
      BusinessReport,        749,          0,          0,          0,        643,        807,    23000,    34000,    54000,    69000,   104000,   189000,
          CustBuyBeh,       2998,          0,          0,          0,       2801,       3247,      300,     5300,    10200,    33000,    80520,   143000,
       ProductReturn,       7951,          0,          0,          0,       7562,       8448,      200,     3100,     6900,    12555,    48000,   127000,

  2991s: (37%)   IR =   5120 ..[2993.861s][info][gc,start       ] GC(600) Pause Young (Prepare Mixed) (G1 Evacuation Pause)
[2993.861s][info][gc,task        ] GC(600) Using 6 workers of 6 for evacuation
[2993.981s][info][gc,phases      ] GC(600)   Pre Evacuate Collection Set: 0.34ms
[2993.981s][info][gc,phases      ] GC(600)   Merge Heap Roots: 0.57ms
[2993.981s][info][gc,phases      ] GC(600)   Evacuate Collection Set: 118.33ms
[2993.981s][info][gc,phases      ] GC(600)   Post Evacuate Collection Set: 0.95ms
[2993.981s][info][gc,phases      ] GC(600)   Other: 0.10ms
[2993.981s][info][gc,heap        ] GC(600) Eden regions: 1119->0(1107)
[2993.981s][info][gc,heap        ] GC(600) Survivor regions: 109->111(154)
[2993.981s][info][gc,heap        ] GC(600) Old regions: 505->536
[2993.981s][info][gc,heap        ] GC(600) Humongous regions: 80->80
[2993.981s][info][gc,metaspace   ] GC(600) Metaspace: 28971K(29312K)->28971K(29312K) NonClass: 24093K(24256K)->24093K(24256K) Class: 4878K(5056K)->4878K(5056K)
[2993.981s][info][gc             ] GC(600) Pause Young (Prepare Mixed) (G1 Evacuation Pause) 3623M->1453M(4096M) 120.427ms
[2993.981s][info][gc,cpu         ] GC(600) User=0.71s Sys=0.00s Real=0.12s
..|.[2997.430s][info][gc,start       ] GC(601) Pause Young (Mixed) (G1 Evacuation Pause)
[2997.430s][info][gc,task        ] GC(601) Using 6 workers of 6 for evacuation
[2997.564s][info][gc,phases      ] GC(601)   Pre Evacuate Collection Set: 0.38ms
[2997.564s][info][gc,phases      ] GC(601)   Merge Heap Roots: 0.77ms
[2997.564s][info][gc,phases      ] GC(601)   Evacuate Collection Set: 131.68ms
[2997.564s][info][gc,phases      ] GC(601)   Post Evacuate Collection Set: 1.02ms
[2997.564s][info][gc,phases      ] GC(601)   Other: 0.09ms
[2997.564s][info][gc,heap        ] GC(601) Eden regions: 1107->0(1118)
[2997.564s][info][gc,heap        ] GC(601) Survivor regions: 111->110(153)
[2997.564s][info][gc,heap        ] GC(601) Old regions: 536->474
[2997.564s][info][gc,heap        ] GC(601) Humongous regions: 80->80
[2997.564s][info][gc,metaspace   ] GC(601) Metaspace: 28971K(29312K)->28971K(29312K) NonClass: 24093K(24256K)->24093K(24256K) Class: 4878K(5056K)->4878K(5056K)
[2997.564s][info][gc             ] GC(601) Pause Young (Mixed) (G1 Evacuation Pause) 3667M->1325M(4096M) 134.084ms
[2997.564s][info][gc,cpu         ] GC(601) User=0.79s Sys=0.00s Real=0.14s
....[3001.127s][info][gc,start       ] GC(602) Pause Young (Concurrent Start) (G1 Evacuation Pause)
[3001.127s][info][gc,task        ] GC(602) Using 6 workers of 6 for evacuation
[3001.245s][info][gc,phases      ] GC(602)   Pre Evacuate Collection Set: 0.35ms
[3001.245s][info][gc,phases      ] GC(602)   Merge Heap Roots: 0.45ms
[3001.245s][info][gc,phases      ] GC(602)   Evacuate Collection Set: 115.46ms
[3001.245s][info][gc,phases      ] GC(602)   Post Evacuate Collection Set: 0.90ms
[3001.245s][info][gc,phases      ] GC(602)   Other: 0.12ms
[3001.245s][info][gc,heap        ] GC(602) Eden regions: 1118->0(1119)
[3001.245s][info][gc,heap        ] GC(602) Survivor regions: 110->109(154)
[3001.245s][info][gc,heap        ] GC(602) Old regions: 474->507
[3001.245s][info][gc,heap        ] GC(602) Humongous regions: 80->80
[3001.245s][info][gc,metaspace   ] GC(602) Metaspace: 28971K(29312K)->28971K(29312K) NonClass: 24093K(24256K)->24093K(24256K) Class: 4878K(5056K)->4878K(5056K)
[3001.245s][info][gc             ] GC(602) Pause Young (Concurrent Start) (G1 Evacuation Pause) 3561M->1390M(4096M) 117.419ms
[3001.245s][info][gc             ] GC(603) Concurrent Mark Cycle
[3001.245s][info][gc,marking     ] GC(603) Concurrent Scan Root Regions
[3001.245s][info][gc,cpu         ] GC(602) User=0.69s Sys=0.00s Real=0.12s
[3001.384s][info][gc,marking     ] GC(603) Concurrent Scan Root Regions 139.640ms
[3001.384s][info][gc,marking     ] GC(603) Concurrent Mark
[3001.384s][info][gc,marking     ] GC(603) Concurrent Mark From Roots
[3001.384s][info][gc,task        ] GC(603) Using 2 workers of 2 for marking
.[3002.051s][info][gc,marking     ] GC(603) Concurrent Mark From Roots 666.178ms
[3002.051s][info][gc,marking     ] GC(603) Concurrent Preclean
[3002.051s][info][gc,marking     ] GC(603) Concurrent Preclean 0.154ms
[3002.051s][info][gc,start       ] GC(603) Pause Remark
[3002.055s][info][gc             ] GC(603) Pause Remark 1952M->1952M(4096M) 3.858ms
[3002.055s][info][gc,cpu         ] GC(603) User=0.02s Sys=0.00s Real=0.01s
[3002.055s][info][gc,marking     ] GC(603) Concurrent Mark 670.454ms
[3002.055s][info][gc,marking     ] GC(603) Concurrent Rebuild Remembered Sets and Scrub Regions
[3002.266s][info][gc,marking     ] GC(603) Concurrent Rebuild Remembered Sets and Scrub Regions 211.173ms
[3002.267s][info][gc,start       ] GC(603) Pause Cleanup
[3002.267s][info][gc             ] GC(603) Pause Cleanup 2088M->2088M(4096M) 0.121ms
[3002.267s][info][gc,cpu         ] GC(603) User=0.00s Sys=0.00s Real=0.00s
[3002.267s][info][gc,marking     ] GC(603) Concurrent Clear Claimed Marks
[3002.267s][info][gc,marking     ] GC(603) Concurrent Clear Claimed Marks 0.034ms
[3002.267s][info][gc,marking     ] GC(603) Concurrent Cleanup for Next Mark
[3002.271s][info][gc,marking     ] GC(603) Concurrent Cleanup for Next Mark 3.586ms
[3002.271s][info][gc             ] GC(603) Concurrent Mark Cycle 1025.945ms
...[3004.796s][info][gc,start       ] GC(604) Pause Young (Prepare Mixed) (G1 Evacuation Pause)
[3004.796s][info][gc,task        ] GC(604) Using 6 workers of 6 for evacuation
[3004.911s][info][gc,phases      ] GC(604)   Pre Evacuate Collection Set: 0.35ms
[3004.911s][info][gc,phases      ] GC(604)   Merge Heap Roots: 0.54ms
[3004.911s][info][gc,phases      ] GC(604)   Evacuate Collection Set: 113.02ms
[3004.911s][info][gc,phases      ] GC(604)   Post Evacuate Collection Set: 0.95ms
[3004.911s][info][gc,phases      ] GC(604)   Other: 0.09ms
[3004.911s][info][gc,heap        ] GC(604) Eden regions: 1119->0(1111)
[3004.911s][info][gc,heap        ] GC(604) Survivor regions: 109->108(154)
[3004.911s][info][gc,heap        ] GC(604) Old regions: 507->538
[3004.911s][info][gc,heap        ] GC(604) Humongous regions: 80->80
[3004.911s][info][gc,metaspace   ] GC(604) Metaspace: 28971K(29312K)->28971K(29312K) NonClass: 24093K(24256K)->24093K(24256K) Class: 4878K(5056K)->4878K(5056K)
[3004.911s][info][gc             ] GC(604) Pause Young (Prepare Mixed) (G1 Evacuation Pause) 3628M->1451M(4096M) 115.085ms
[3004.912s][info][gc,cpu         ] GC(604) User=0.68s Sys=0.00s Real=0.11s
...[3008.429s][info][gc,start       ] GC(605) Pause Young (Mixed) (G1 Evacuation Pause)
[3008.429s][info][gc,task        ] GC(605) Using 6 workers of 6 for evacuation
[3008.564s][info][gc,phases      ] GC(605)   Pre Evacuate Collection Set: 0.38ms
[3008.564s][info][gc,phases      ] GC(605)   Merge Heap Roots: 0.79ms
[3008.564s][info][gc,phases      ] GC(605)   Evacuate Collection Set: 133.03ms
[3008.564s][info][gc,phases      ] GC(605)   Post Evacuate Collection Set: 0.96ms
[3008.564s][info][gc,phases      ] GC(605)   Other: 0.09ms
[3008.564s][info][gc,heap        ] GC(605) Eden regions: 1111->0(1119)
[3008.564s][info][gc,heap        ] GC(605) Survivor regions: 108->109(153)
[3008.564s][info][gc,heap        ] GC(605) Old regions: 538->474
[3008.564s][info][gc,heap        ] GC(605) Humongous regions: 80->80
[3008.564s][info][gc,metaspace   ] GC(605) Metaspace: 28973K(29312K)->28973K(29312K) NonClass: 24094K(24256K)->24094K(24256K) Class: 4878K(5056K)->4878K(5056K)
[3008.564s][info][gc             ] GC(605) Pause Young (Mixed) (G1 Evacuation Pause) 3673M->1325M(4096M) 135.410ms
[3008.564s][info][gc,cpu         ] GC(605) User=0.80s Sys=0.00s Real=0.14s
....[3012.110s][info][gc,start       ] GC(606) Pause Young (Concurrent Start) (G1 Evacuation Pause)
[3012.110s][info][gc,task        ] GC(606) Using 6 workers of 6 for evacuation
[3012.227s][info][gc,phases      ] GC(606)   Pre Evacuate Collection Set: 0.36ms
[3012.227s][info][gc,phases      ] GC(606)   Merge Heap Roots: 0.47ms
[3012.227s][info][gc,phases      ] GC(606)   Evacuate Collection Set: 114.59ms
[3012.227s][info][gc,phases      ] GC(606)   Post Evacuate Collection Set: 0.90ms
[3012.227s][info][gc,phases      ] GC(606)   Other: 0.11ms
[3012.227s][info][gc,heap        ] GC(606) Eden regions: 1119->0(1119)
[3012.227s][info][gc,heap        ] GC(606) Survivor regions: 109->109(154)
[3012.227s][info][gc,heap        ] GC(606) Old regions: 474->506
[3012.227s][info][gc,heap        ] GC(606) Humongous regions: 80->80
[3012.227s][info][gc,metaspace   ] GC(606) Metaspace: 28973K(29312K)->28973K(29312K) NonClass: 24094K(24256K)->24094K(24256K) Class: 4878K(5056K)->4878K(5056K)
[3012.227s][info][gc             ] GC(606) Pause Young (Concurrent Start) (G1 Evacuation Pause) 3563M->1388M(4096M) 116.544ms
[3012.227s][info][gc             ] GC(607) Concurrent Mark Cycle
[3012.227s][info][gc,marking     ] GC(607) Concurrent Scan Root Regions
[3012.227s][info][gc,cpu         ] GC(606) User=0.69s Sys=0.00s Real=0.12s
[3012.404s][info][gc,marking     ] GC(607) Concurrent Scan Root Regions 176.740ms
[3012.404s][info][gc,marking     ] GC(607) Concurrent Mark
[3012.404s][info][gc,marking     ] GC(607) Concurrent Mark From Roots
[3012.404s][info][gc,task        ] GC(607) Using 2 workers of 2 for marking
.[3013.346s][info][gc,marking     ] GC(607) Concurrent Mark From Roots 941.938ms
[3013.346s][info][gc,marking     ] GC(607) Concurrent Preclean
[3013.346s][info][gc,marking     ] GC(607) Concurrent Preclean 0.186ms
[3013.346s][info][gc,start       ] GC(607) Pause Remark
[3013.353s][info][gc             ] GC(607) Pause Remark 2126M->2126M(4096M) 6.201ms
[3013.353s][info][gc,cpu         ] GC(607) User=0.03s Sys=0.00s Real=0.01s
[3013.353s][info][gc,marking     ] GC(607) Concurrent Mark 949.556ms
[3013.353s][info][gc,marking     ] GC(607) Concurrent Rebuild Remembered Sets and Scrub Regions
[3013.703s][info][gc,marking     ] GC(607) Concurrent Rebuild Remembered Sets and Scrub Regions 349.322ms
[3013.703s][info][gc,start       ] GC(607) Pause Cleanup
[3013.703s][info][gc             ] GC(607) Pause Cleanup 2342M->2342M(4096M) 0.109ms
[3013.703s][info][gc,cpu         ] GC(607) User=0.00s Sys=0.00s Real=0.00s
[3013.703s][info][gc,marking     ] GC(607) Concurrent Clear Claimed Marks
[3013.703s][info][gc,marking     ] GC(607) Concurrent Clear Claimed Marks 0.027ms
[3013.703s][info][gc,marking     ] GC(607) Concurrent Cleanup for Next Mark
[3013.707s][info][gc,marking     ] GC(607) Concurrent Cleanup for Next Mark 4.400ms
[3013.707s][info][gc             ] GC(607) Concurrent Mark Cycle 1480.522ms
...[3015.879s][info][gc,start       ] GC(608) Pause Young (Prepare Mixed) (G1 Evacuation Pause)
[3015.879s][info][gc,task        ] GC(608) Using 6 workers of 6 for evacuation
[3015.997s][info][gc,phases      ] GC(608)   Pre Evacuate Collection Set: 0.33ms
[3015.997s][info][gc,phases      ] GC(608)   Merge Heap Roots: 0.48ms
[3015.997s][info][gc,phases      ] GC(608)   Evacuate Collection Set: 116.20ms
[3015.997s][info][gc,phases      ] GC(608)   Post Evacuate Collection Set: 0.90ms
[3015.997s][info][gc,phases      ] GC(608)   Other: 0.09ms
[3015.997s][info][gc,heap        ] GC(608) Eden regions: 1119->0(1104)
[3015.997s][info][gc,heap        ] GC(608) Survivor regions: 109->112(154)
[3015.997s][info][gc,heap        ] GC(608) Old regions: 506->537
[3015.997s][info][gc,heap        ] GC(608) Humongous regions: 80->80
[3015.997s][info][gc,metaspace   ] GC(608) Metaspace: 28973K(29312K)->28973K(29312K) NonClass: 24094K(24256K)->24094K(24256K) Class: 4878K(5056K)->4878K(5056K)
[3015.997s][info][gc             ] GC(608) Pause Young (Prepare Mixed) (G1 Evacuation Pause) 3626M->1455M(4096M) 118.138ms
[3015.997s][info][gc,cpu         ] GC(608) User=0.70s Sys=0.01s Real=0.12s
...[3019.459s][info][gc,start       ] GC(609) Pause Young (Mixed) (G1 Evacuation Pause)
[3019.459s][info][gc,task        ] GC(609) Using 6 workers of 6 for evacuation
[3019.588s][info][gc,phases      ] GC(609)   Pre Evacuate Collection Set: 0.40ms
[3019.588s][info][gc,phases      ] GC(609)   Merge Heap Roots: 0.58ms
[3019.588s][info][gc,phases      ] GC(609)   Evacuate Collection Set: 126.82ms
[3019.588s][info][gc,phases      ] GC(609)   Post Evacuate Collection Set: 0.92ms
[3019.588s][info][gc,phases      ] GC(609)   Other: 0.09ms
[3019.588s][info][gc,heap        ] GC(609) Eden regions: 1104->0(1120)
[3019.588s][info][gc,heap        ] GC(609) Survivor regions: 112->108(152)
[3019.588s][info][gc,heap        ] GC(609) Old regions: 537->473
[3019.588s][info][gc,heap        ] GC(609) Humongous regions: 80->80
[3019.588s][info][gc,metaspace   ] GC(609) Metaspace: 28973K(29312K)->28973K(29312K) NonClass: 24095K(24256K)->24095K(24256K) Class: 4878K(5056K)->4878K(5056K)
[3019.588s][info][gc             ] GC(609) Pause Young (Mixed) (G1 Evacuation Pause) 3663M->1319M(4096M) 128.934ms
[3019.588s][info][gc,cpu         ] GC(609) User=0.76s Sys=0.00s Real=0.13s
....[3023.107s][info][gc,start       ] GC(610) Pause Young (Concurrent Start) (G1 Evacuation Pause)
[3023.107s][info][gc,task        ] GC(610) Using 6 workers of 6 for evacuation
[3023.222s][info][gc,phases      ] GC(610)   Pre Evacuate Collection Set: 0.39ms
[3023.222s][info][gc,phases      ] GC(610)   Merge Heap Roots: 0.44ms
[3023.222s][info][gc,phases      ] GC(610)   Evacuate Collection Set: 112.92ms
[3023.222s][info][gc,phases      ] GC(610)   Post Evacuate Collection Set: 0.89ms
[3023.222s][info][gc,phases      ] GC(610)   Other: 0.10ms
[3023.222s][info][gc,heap        ] GC(610) Eden regions: 1120->0(1120)
[3023.222s][info][gc,heap        ] GC(610) Survivor regions: 108->108(154)
[3023.222s][info][gc,heap        ] GC(610) Old regions: 473->505
[3023.222s][info][gc,heap        ] GC(610) Humongous regions: 80->80
[3023.222s][info][gc,metaspace   ] GC(610) Metaspace: 28973K(29312K)->28973K(29312K) NonClass: 24095K(24256K)->24095K(24256K) Class: 4878K(5056K)->4878K(5056K)
[3023.222s][info][gc             ] GC(610) Pause Young (Concurrent Start) (G1 Evacuation Pause) 3559M->1385M(4096M) 114.877ms
[3023.222s][info][gc             ] GC(611) Concurrent Mark Cycle
[3023.222s][info][gc,marking     ] GC(611) Concurrent Scan Root Regions
[3023.222s][info][gc,cpu         ] GC(610) User=0.67s Sys=0.00s Real=0.12s
[3023.375s][info][gc,marking     ] GC(611) Concurrent Scan Root Regions 152.524ms
[3023.375s][info][gc,marking     ] GC(611) Concurrent Mark
[3023.375s][info][gc,marking     ] GC(611) Concurrent Mark From Roots
[3023.375s][info][gc,task        ] GC(611) Using 2 workers of 2 for marking
.[3024.137s][info][gc,marking     ] GC(611) Concurrent Mark From Roots 761.899ms
[3024.137s][info][gc,marking     ] GC(611) Concurrent Preclean
[3024.137s][info][gc,marking     ] GC(611) Concurrent Preclean 0.140ms
[3024.137s][info][gc,start       ] GC(611) Pause Remark
[3024.141s][info][gc             ] GC(611) Pause Remark 1995M->1995M(4096M) 4.186ms
[3024.141s][info][gc,cpu         ] GC(611) User=0.02s Sys=0.00s Real=0.00s
[3024.141s][info][gc,marking     ] GC(611) Concurrent Mark 766.501ms
[3024.141s][info][gc,marking     ] GC(611) Concurrent Rebuild Remembered Sets and Scrub Regions
[3024.413s][info][gc,marking     ] GC(611) Concurrent Rebuild Remembered Sets and Scrub Regions 271.625ms
[3024.413s][info][gc,start       ] GC(611) Pause Cleanup
[3024.413s][info][gc             ] GC(611) Pause Cleanup 2166M->2166M(4096M) 0.100ms
[3024.413s][info][gc,cpu         ] GC(611) User=0.00s Sys=0.00s Real=0.00s
[3024.413s][info][gc,marking     ] GC(611) Concurrent Clear Claimed Marks
[3024.413s][info][gc,marking     ] GC(611) Concurrent Clear Claimed Marks 0.027ms
[3024.413s][info][gc,marking     ] GC(611) Concurrent Cleanup for Next Mark
[3024.417s][info][gc,marking     ] GC(611) Concurrent Cleanup for Next Mark 4.104ms
[3024.418s][info][gc             ] GC(611) Concurrent Mark Cycle 1195.214ms
...[3026.855s][info][gc,start       ] GC(612) Pause Young (Prepare Mixed) (G1 Evacuation Pause)
[3026.855s][info][gc,task        ] GC(612) Using 6 workers of 6 for evacuation
[3026.980s][info][gc,phases      ] GC(612)   Pre Evacuate Collection Set: 0.30ms
[3026.980s][info][gc,phases      ] GC(612)   Merge Heap Roots: 0.56ms
[3026.980s][info][gc,phases      ] GC(612)   Evacuate Collection Set: 122.75ms
[3026.980s][info][gc,phases      ] GC(612)   Post Evacuate Collection Set: 0.94ms
[3026.980s][info][gc,phases      ] GC(612)   Other: 0.09ms
[3026.980s][info][gc,heap        ] GC(612) Eden regions: 1120->0(1096)
[3026.980s][info][gc,heap        ] GC(612) Survivor regions: 108->116(154)
[3026.980s][info][gc,heap        ] GC(612) Old regions: 505->537
[3026.980s][info][gc,heap        ] GC(612) Humongous regions: 80->80
[3026.980s][info][gc,metaspace   ] GC(612) Metaspace: 28973K(29312K)->28973K(29312K) NonClass: 24095K(24256K)->24095K(24256K) Class: 4878K(5056K)->4878K(5056K)
[3026.980s][info][gc             ] GC(612) Pause Young (Prepare Mixed) (G1 Evacuation Pause) 3625M->1463M(4096M) 124.767ms
[3026.980s][info][gc,cpu         ] GC(612) User=0.74s Sys=0.00s Real=0.12s
...[3030.472s][info][gc,start       ] GC(613) Pause Young (Mixed) (G1 Evacuation Pause)
[3030.473s][info][gc,task        ] GC(613) Using 6 workers of 6 for evacuation
[3030.610s][info][gc,phases      ] GC(613)   Pre Evacuate Collection Set: 0.39ms
[3030.610s][info][gc,phases      ] GC(613)   Merge Heap Roots: 0.73ms
[3030.610s][info][gc,phases      ] GC(613)   Evacuate Collection Set: 135.39ms
[3030.610s][info][gc,phases      ] GC(613)   Post Evacuate Collection Set: 0.97ms
[3030.610s][info][gc,phases      ] GC(613)   Other: 0.09ms
[3030.610s][info][gc,heap        ] GC(613) Eden regions: 1096->0(1118)
[3030.610s][info][gc,heap        ] GC(613) Survivor regions: 116->110(152)
[3030.610s][info][gc,heap        ] GC(613) Old regions: 537->474
[3030.610s][info][gc,heap        ] GC(613) Humongous regions: 80->80
[3030.610s][info][gc,metaspace   ] GC(613) Metaspace: 28973K(29312K)->28973K(29312K) NonClass: 24095K(24256K)->24095K(24256K) Class: 4878K(5056K)->4878K(5056K)
[3030.610s][info][gc             ] GC(613) Pause Young (Mixed) (G1 Evacuation Pause) 3655M->1327M(4096M) 137.727ms
[3030.610s][info][gc,cpu         ] GC(613) User=0.81s Sys=0.00s Real=0.13s
....[3034.195s][info][gc,start       ] GC(614) Pause Young (Concurrent Start) (G1 Evacuation Pause)
[3034.195s][info][gc,task        ] GC(614) Using 6 workers of 6 for evacuation
[3034.312s][info][gc,phases      ] GC(614)   Pre Evacuate Collection Set: 0.42ms
[3034.312s][info][gc,phases      ] GC(614)   Merge Heap Roots: 0.47ms
[3034.312s][info][gc,phases      ] GC(614)   Evacuate Collection Set: 115.15ms
[3034.312s][info][gc,phases      ] GC(614)   Post Evacuate Collection Set: 0.90ms
[3034.312s][info][gc,phases      ] GC(614)   Other: 0.12ms
[3034.312s][info][gc,heap        ] GC(614) Eden regions: 1118->0(1118)
[3034.312s][info][gc,heap        ] GC(614) Survivor regions: 110->110(154)
[3034.312s][info][gc,heap        ] GC(614) Old regions: 474->506
[3034.312s][info][gc,heap        ] GC(614) Humongous regions: 80->80
[3034.312s][info][gc,metaspace   ] GC(614) Metaspace: 28974K(29312K)->28974K(29312K) NonClass: 24096K(24256K)->24096K(24256K) Class: 4878K(5056K)->4878K(5056K)
[3034.312s][info][gc             ] GC(614) Pause Young (Concurrent Start) (G1 Evacuation Pause) 3563M->1390M(4096M) 117.192ms
[3034.312s][info][gc             ] GC(615) Concurrent Mark Cycle
[3034.312s][info][gc,marking     ] GC(615) Concurrent Scan Root Regions
[3034.312s][info][gc,cpu         ] GC(614) User=0.69s Sys=0.00s Real=0.12s
[3034.492s][info][gc,marking     ] GC(615) Concurrent Scan Root Regions 179.597ms
[3034.492s][info][gc,marking     ] GC(615) Concurrent Mark
[3034.492s][info][gc,marking     ] GC(615) Concurrent Mark From Roots
[3034.492s][info][gc,task        ] GC(615) Using 2 workers of 2 for marking
.[3035.262s][info][gc,marking     ] GC(615) Concurrent Mark From Roots 770.125ms
[3035.262s][info][gc,marking     ] GC(615) Concurrent Preclean
[3035.262s][info][gc,marking     ] GC(615) Concurrent Preclean 0.121ms
[3035.262s][info][gc,start       ] GC(615) Pause Remark
[3035.267s][info][gc             ] GC(615) Pause Remark 2061M->2061M(4096M) 4.176ms
[3035.267s][info][gc,cpu         ] GC(615) User=0.02s Sys=0.00s Real=0.00s
[3035.267s][info][gc,marking     ] GC(615) Concurrent Mark 774.695ms
[3035.267s][info][gc,marking     ] GC(615) Concurrent Rebuild Remembered Sets and Scrub Regions
[3035.556s][info][gc,marking     ] GC(615) Concurrent Rebuild Remembered Sets and Scrub Regions 289.682ms
[3035.557s][info][gc,start       ] GC(615) Pause Cleanup
[3035.557s][info][gc             ] GC(615) Pause Cleanup 2258M->2258M(4096M) 0.117ms
[3035.557s][info][gc,cpu         ] GC(615) User=0.00s Sys=0.00s Real=0.00s
[3035.557s][info][gc,marking     ] GC(615) Concurrent Clear Claimed Marks
[3035.557s][info][gc,marking     ] GC(615) Concurrent Clear Claimed Marks 0.031ms
[3035.557s][info][gc,marking     ] GC(615) Concurrent Cleanup for Next Mark
[3035.562s][info][gc,marking     ] GC(615) Concurrent Cleanup for Next Mark 5.604ms
[3035.563s][info][gc             ] GC(615) Concurrent Mark Cycle 1250.139ms
..[3037.794s][info][gc,start       ] GC(616) Pause Young (Prepare Mixed) (G1 Evacuation Pause)
[3037.794s][info][gc,task        ] GC(616) Using 6 workers of 6 for evacuation
[3037.911s][info][gc,phases      ] GC(616)   Pre Evacuate Collection Set: 0.34ms
[3037.911s][info][gc,phases      ] GC(616)   Merge Heap Roots: 0.53ms
[3037.911s][info][gc,phases      ] GC(616)   Evacuate Collection Set: 115.46ms
[3037.911s][info][gc,phases      ] GC(616)   Post Evacuate Collection Set: 0.92ms
[3037.911s][info][gc,phases      ] GC(616)   Other: 0.10ms
[3037.911s][info][gc,heap        ] GC(616) Eden regions: 1118->0(1110)
[3037.911s][info][gc,heap        ] GC(616) Survivor regions: 110->109(154)
[3037.911s][info][gc,heap        ] GC(616) Old regions: 506->537
[3037.911s][info][gc,heap        ] GC(616) Humongous regions: 80->80
[3037.911s][info][gc,metaspace   ] GC(616) Metaspace: 28974K(29312K)->28974K(29312K) NonClass: 24096K(24256K)->24096K(24256K) Class: 4878K(5056K)->4878K(5056K)
[3037.911s][info][gc             ] GC(616) Pause Young (Prepare Mixed) (G1 Evacuation Pause) 3626M->1451M(4096M) 117.489ms
[3037.911s][info][gc,cpu         ] GC(616) User=0.70s Sys=0.00s Real=0.11s
....[3041.380s][info][gc,start       ] GC(617) Pause Young (Mixed) (G1 Evacuation Pause)
[3041.380s][info][gc,task        ] GC(617) Using 6 workers of 6 for evacuation
[3041.508s][info][gc,phases      ] GC(617)   Pre Evacuate Collection Set: 0.39ms
[3041.508s][info][gc,phases      ] GC(617)   Merge Heap Roots: 0.66ms
[3041.508s][info][gc,phases      ] GC(617)   Evacuate Collection Set: 126.68ms
[3041.509s][info][gc,phases      ] GC(617)   Post Evacuate Collection Set: 0.98ms
[3041.509s][info][gc,phases      ] GC(617)   Other: 0.09ms
[3041.509s][info][gc,heap        ] GC(617) Eden regions: 1110->0(1122)
[3041.509s][info][gc,heap        ] GC(617) Survivor regions: 109->106(153)
[3041.509s][info][gc,heap        ] GC(617) Old regions: 537->473
[3041.509s][info][gc,heap        ] GC(617) Humongous regions: 80->80
[3041.509s][info][gc,metaspace   ] GC(617) Metaspace: 28974K(29312K)->28974K(29312K) NonClass: 24096K(24256K)->24096K(24256K) Class: 4878K(5056K)->4878K(5056K)
[3041.509s][info][gc             ] GC(617) Pause Young (Mixed) (G1 Evacuation Pause) 3671M->1317M(4096M) 128.953ms
[3041.509s][info][gc,cpu         ] GC(617) User=0.76s Sys=0.00s Real=0.13s
....[3045.169s][info][gc,start       ] GC(618) Pause Young (Concurrent Start) (G1 Evacuation Pause)
[3045.169s][info][gc,task        ] GC(618) Using 6 workers of 6 for evacuation
[3045.285s][info][gc,phases      ] GC(618)   Pre Evacuate Collection Set: 0.38ms
[3045.285s][info][gc,phases      ] GC(618)   Merge Heap Roots: 0.47ms
[3045.285s][info][gc,phases      ] GC(618)   Evacuate Collection Set: 114.04ms
[3045.285s][info][gc,phases      ] GC(618)   Post Evacuate Collection Set: 0.86ms
[3045.285s][info][gc,phases      ] GC(618)   Other: 0.11ms
[3045.285s][info][gc,heap        ] GC(618) Eden regions: 1122->0(1118)
[3045.285s][info][gc,heap        ] GC(618) Survivor regions: 106->110(154)
[3045.285s][info][gc,heap        ] GC(618) Old regions: 473->504
[3045.285s][info][gc,heap        ] GC(618) Humongous regions: 80->80
[3045.285s][info][gc,metaspace   ] GC(618) Metaspace: 28974K(29312K)->28974K(29312K) NonClass: 24096K(24256K)->24096K(24256K) Class: 4878K(5056K)->4878K(5056K)
[3045.285s][info][gc             ] GC(618) Pause Young (Concurrent Start) (G1 Evacuation Pause) 3561M->1387M(4096M) 115.995ms
[3045.285s][info][gc             ] GC(619) Concurrent Mark Cycle
[3045.285s][info][gc,marking     ] GC(619) Concurrent Scan Root Regions
[3045.285s][info][gc,cpu         ] GC(618) User=0.68s Sys=0.00s Real=0.12s
[3045.463s][info][gc,marking     ] GC(619) Concurrent Scan Root Regions 178.248ms
[3045.463s][info][gc,marking     ] GC(619) Concurrent Mark
[3045.463s][info][gc,marking     ] GC(619) Concurrent Mark From Roots
[3045.463s][info][gc,task        ] GC(619) Using 2 workers of 2 for marking
.[3046.399s][info][gc,marking     ] GC(619) Concurrent Mark From Roots 935.318ms
[3046.399s][info][gc,marking     ] GC(619) Concurrent Preclean
[3046.399s][info][gc,marking     ] GC(619) Concurrent Preclean 0.175ms
[3046.399s][info][gc,start       ] GC(619) Pause Remark
[3046.404s][info][gc             ] GC(619) Pause Remark 2160M->2160M(4096M) 4.999ms
[3046.404s][info][gc,cpu         ] GC(619) User=0.03s Sys=0.00s Real=0.01s
[3046.404s][info][gc,marking     ] GC(619) Concurrent Mark 940.925ms
[3046.404s][info][gc,marking     ] GC(619) Concurrent Rebuild Remembered Sets and Scrub Regions
[3046.752s][info][gc,marking     ] GC(619) Concurrent Rebuild Remembered Sets and Scrub Regions 348.161ms
[3046.753s][info][gc,start       ] GC(619) Pause Cleanup
[3046.753s][info][gc             ] GC(619) Pause Cleanup 2353M->2353M(4096M) 0.100ms
[3046.753s][info][gc,cpu         ] GC(619) User=0.00s Sys=0.00s Real=0.00s
[3046.753s][info][gc,marking     ] GC(619) Concurrent Clear Claimed Marks
[3046.753s][info][gc,marking     ] GC(619) Concurrent Clear Claimed Marks 0.026ms
[3046.753s][info][gc,marking     ] GC(619) Concurrent Cleanup for Next Mark
[3046.757s][info][gc,marking     ] GC(619) Concurrent Cleanup for Next Mark 4.528ms
[3046.757s][info][gc             ] GC(619) Concurrent Mark Cycle 1472.362ms
..[3048.848s][info][gc,start       ] GC(620) Pause Young (Prepare Mixed) (G1 Evacuation Pause)
[3048.848s][info][gc,task        ] GC(620) Using 6 workers of 6 for evacuation
[3048.964s][info][gc,phases      ] GC(620)   Pre Evacuate Collection Set: 0.33ms
[3048.964s][info][gc,phases      ] GC(620)   Merge Heap Roots: 0.49ms
[3048.964s][info][gc,phases      ] GC(620)   Evacuate Collection Set: 114.69ms
[3048.964s][info][gc,phases      ] GC(620)   Post Evacuate Collection Set: 0.94ms
[3048.964s][info][gc,phases      ] GC(620)   Other: 0.09ms
[3048.964s][info][gc,heap        ] GC(620) Eden regions: 1118->0(1110)
[3048.964s][info][gc,heap        ] GC(620) Survivor regions: 110->110(154)
[3048.964s][info][gc,heap        ] GC(620) Old regions: 504->535
[3048.964s][info][gc,heap        ] GC(620) Humongous regions: 80->80
[3048.964s][info][gc,metaspace   ] GC(620) Metaspace: 28974K(29312K)->28974K(29312K) NonClass: 24096K(24256K)->24096K(24256K) Class: 4878K(5056K)->4878K(5056K)
[3048.964s][info][gc             ] GC(620) Pause Young (Prepare Mixed) (G1 Evacuation Pause) 3623M->1449M(4096M) 116.665ms
[3048.964s][info][gc,cpu         ] GC(620) User=0.69s Sys=0.00s Real=0.12s
....[3052.437s][info][gc,start       ] GC(621) Pause Young (Mixed) (G1 Evacuation Pause)
[3052.437s][info][gc,task        ] GC(621) Using 6 workers of 6 for evacuation
[3052.567s][info][gc,phases      ] GC(621)   Pre Evacuate Collection Set: 0.39ms
[3052.567s][info][gc,phases      ] GC(621)   Merge Heap Roots: 0.56ms
[3052.567s][info][gc,phases      ] GC(621)   Evacuate Collection Set: 127.05ms
[3052.567s][info][gc,phases      ] GC(621)   Post Evacuate Collection Set: 0.96ms
[3052.567s][info][gc,phases      ] GC(621)   Other: 0.09ms
[3052.567s][info][gc,heap        ] GC(621) Eden regions: 1110->0(1122)
[3052.567s][info][gc,heap        ] GC(621) Survivor regions: 110->106(153)
[3052.567s][info][gc,heap        ] GC(621) Old regions: 535->472
[3052.567s][info][gc,heap        ] GC(621) Humongous regions: 80->80
[3052.567s][info][gc,metaspace   ] GC(621) Metaspace: 28974K(29312K)->28974K(29312K) NonClass: 24096K(24256K)->24096K(24256K) Class: 4878K(5056K)->4878K(5056K)
[3052.567s][info][gc             ] GC(621) Pause Young (Mixed) (G1 Evacuation Pause) 3669M->1315M(4096M) 129.176ms
[3052.567s][info][gc,cpu         ] GC(621) User=0.76s Sys=0.00s Real=0.13s
.... (rIR:aIR:PR = 5120:5119:5119) (tPR = 75968) [OK] 
  3055s: Performance info:
         Transaction,    Success,    Partial,     Failed,   Receipts, AvgBarcode, 
             Overall,     308337,          0,          0,     292907,      59.48, 
         Response times:
             Request,    Success,    Partial,     Failed,   SkipFail,     Probes,    Samples,      min,      p50,      p90,      p95,      p99,      max, 
       TotalPurchase,     292907,          0,          0,          0,     288596,     307868,      300,     4100,     8400,    17800,    63000,   299000,
     InStorePurchase,     154163,          0,          0,          0,     152125,     161966,      300,     4000,     8300,    16800,    62000,   299000,
      OnlinePurchase,     107912,          0,          0,          0,     106400,     113527,      300,     4300,     8700,    19100,    64000,   299000,
        InstPurchase,      30832,          0,          0,          0,      30071,      32375,      400,     4100,     8300,    17620,    61000,   213000,
          AssocOfCat,        307,          0,          0,          0,        212,        285,    27000,    35000,    58400,    88400,   127940,   166000,
      AssocOfProduct,       3092,          0,          0,          0,       2824,       3243,      400,     3900,     8400,    18680,    63120,   134000,
      BusinessReport,        774,          0,          0,          0,        650,        777,    21000,    34000,    57000,    74000,   164520,   199000,
          CustBuyBeh,       3082,          0,          0,          0,       2868,       3280,      200,     4900,     9700,    27000,    69190,   213000,
       ProductReturn,       8175,          0,          0,          0,       7788,       8638,      200,     4000,     8200,    17600,    61000,   179000,

  3055s: (38%)   IR =   5258 [3056.156s][info][gc,start       ] GC(622) Pause Young (Concurrent Start) (G1 Evacuation Pause)
[3056.156s][info][gc,task        ] GC(622) Using 6 workers of 6 for evacuation
[3056.273s][info][gc,phases      ] GC(622)   Pre Evacuate Collection Set: 0.42ms
[3056.273s][info][gc,phases      ] GC(622)   Merge Heap Roots: 0.47ms
[3056.273s][info][gc,phases      ] GC(622)   Evacuate Collection Set: 115.10ms
[3056.273s][info][gc,phases      ] GC(622)   Post Evacuate Collection Set: 0.94ms
[3056.273s][info][gc,phases      ] GC(622)   Other: 0.12ms
[3056.273s][info][gc,heap        ] GC(622) Eden regions: 1122->0(1120)
[3056.273s][info][gc,heap        ] GC(622) Survivor regions: 106->108(154)
[3056.273s][info][gc,heap        ] GC(622) Old regions: 472->505
[3056.273s][info][gc,heap        ] GC(622) Humongous regions: 80->80
[3056.273s][info][gc,metaspace   ] GC(622) Metaspace: 28974K(29312K)->28974K(29312K) NonClass: 24096K(24256K)->24096K(24256K) Class: 4878K(5056K)->4878K(5056K)
[3056.273s][info][gc             ] GC(622) Pause Young (Concurrent Start) (G1 Evacuation Pause) 3559M->1383M(4096M) 117.180ms
[3056.273s][info][gc             ] GC(623) Concurrent Mark Cycle
[3056.273s][info][gc,marking     ] GC(623) Concurrent Scan Root Regions
[3056.273s][info][gc,cpu         ] GC(622) User=0.69s Sys=0.00s Real=0.12s
[3056.452s][info][gc,marking     ] GC(623) Concurrent Scan Root Regions 179.145ms
[3056.452s][info][gc,marking     ] GC(623) Concurrent Mark
[3056.452s][info][gc,marking     ] GC(623) Concurrent Mark From Roots
[3056.452s][info][gc,task        ] GC(623) Using 2 workers of 2 for marking
.[3057.385s][info][gc,marking     ] GC(623) Concurrent Mark From Roots 932.985ms
[3057.385s][info][gc,marking     ] GC(623) Concurrent Preclean
[3057.386s][info][gc,marking     ] GC(623) Concurrent Preclean 0.193ms
[3057.386s][info][gc,start       ] GC(623) Pause Remark
[3057.391s][info][gc             ] GC(623) Pause Remark 2153M->2153M(4096M) 5.072ms
[3057.391s][info][gc,cpu         ] GC(623) User=0.03s Sys=0.00s Real=0.00s
[3057.391s][info][gc,marking     ] GC(623) Concurrent Mark 938.573ms
[3057.391s][info][gc,marking     ] GC(623) Concurrent Rebuild Remembered Sets and Scrub Regions
[3057.639s][info][gc,marking     ] GC(623) Concurrent Rebuild Remembered Sets and Scrub Regions 247.601ms
[3057.639s][info][gc,start       ] GC(623) Pause Cleanup
[3057.639s][info][gc             ] GC(623) Pause Cleanup 2322M->2322M(4096M) 0.116ms
[3057.639s][info][gc,cpu         ] GC(623) User=0.00s Sys=0.00s Real=0.00s
[3057.639s][info][gc,marking     ] GC(623) Concurrent Clear Claimed Marks
[3057.639s][info][gc,marking     ] GC(623) Concurrent Clear Claimed Marks 0.029ms
[3057.639s][info][gc,marking     ] GC(623) Concurrent Cleanup for Next Mark
[3057.644s][info][gc,marking     ] GC(623) Concurrent Cleanup for Next Mark 4.602ms
[3057.644s][info][gc             ] GC(623) Concurrent Mark Cycle 1370.540ms
..[3059.733s][info][gc,start       ] GC(624) Pause Young (Prepare Mixed) (G1 Evacuation Pause)
[3059.733s][info][gc,task        ] GC(624) Using 6 workers of 6 for evacuation
[3059.849s][info][gc,phases      ] GC(624)   Pre Evacuate Collection Set: 0.34ms
[3059.849s][info][gc,phases      ] GC(624)   Merge Heap Roots: 0.53ms
[3059.849s][info][gc,phases      ] GC(624)   Evacuate Collection Set: 113.86ms
[3059.849s][info][gc,phases      ] GC(624)   Post Evacuate Collection Set: 0.95ms
[3059.849s][info][gc,phases      ] GC(624)   Other: 0.09ms
[3059.849s][info][gc,heap        ] GC(624) Eden regions: 1120->0(1111)
[3059.849s][info][gc,heap        ] GC(624) Survivor regions: 108->109(154)
[3059.849s][info][gc,heap        ] GC(624) Old regions: 505->536
[3059.849s][info][gc,heap        ] GC(624) Humongous regions: 80->80
[3059.849s][info][gc,metaspace   ] GC(624) Metaspace: 28974K(29312K)->28974K(29312K) NonClass: 24096K(24256K)->24096K(24256K) Class: 4878K(5056K)->4878K(5056K)
[3059.849s][info][gc             ] GC(624) Pause Young (Prepare Mixed) (G1 Evacuation Pause) 3623M->1447M(4096M) 115.916ms
[3059.849s][info][gc,cpu         ] GC(624) User=0.69s Sys=0.00s Real=0.11s
..|..[3063.300s][info][gc,start       ] GC(625) Pause Young (Mixed) (G1 Evacuation Pause)
[3063.300s][info][gc,task        ] GC(625) Using 6 workers of 6 for evacuation
[3063.432s][info][gc,phases      ] GC(625)   Pre Evacuate Collection Set: 0.38ms
[3063.432s][info][gc,phases      ] GC(625)   Merge Heap Roots: 0.64ms
[3063.432s][info][gc,phases      ] GC(625)   Evacuate Collection Set: 130.71ms
[3063.432s][info][gc,phases      ] GC(625)   Post Evacuate Collection Set: 0.95ms
[3063.432s][info][gc,phases      ] GC(625)   Other: 0.09ms
[3063.432s][info][gc,heap        ] GC(625) Eden regions: 1111->0(1118)
[3063.432s][info][gc,heap        ] GC(625) Survivor regions: 109->110(153)
[3063.432s][info][gc,heap        ] GC(625) Old regions: 536->474
[3063.432s][info][gc,heap        ] GC(625) Humongous regions: 80->80
[3063.432s][info][gc,metaspace   ] GC(625) Metaspace: 28974K(29312K)->28974K(29312K) NonClass: 24096K(24256K)->24096K(24256K) Class: 4878K(5056K)->4878K(5056K)
[3063.433s][info][gc             ] GC(625) Pause Young (Mixed) (G1 Evacuation Pause) 3669M->1326M(4096M) 132.927ms
[3063.433s][info][gc,cpu         ] GC(625) User=0.79s Sys=0.00s Real=0.14s
...[3066.877s][info][gc,start       ] GC(626) Pause Young (Concurrent Start) (G1 Evacuation Pause)
[3066.877s][info][gc,task        ] GC(626) Using 6 workers of 6 for evacuation
[3066.993s][info][gc,phases      ] GC(626)   Pre Evacuate Collection Set: 0.37ms
[3066.993s][info][gc,phases      ] GC(626)   Merge Heap Roots: 0.48ms
[3066.993s][info][gc,phases      ] GC(626)   Evacuate Collection Set: 114.58ms
[3066.993s][info][gc,phases      ] GC(626)   Post Evacuate Collection Set: 0.90ms
[3066.993s][info][gc,phases      ] GC(626)   Other: 0.11ms
[3066.993s][info][gc,heap        ] GC(626) Eden regions: 1118->0(1120)
[3066.993s][info][gc,heap        ] GC(626) Survivor regions: 110->108(154)
[3066.993s][info][gc,heap        ] GC(626) Old regions: 474->507
[3066.993s][info][gc,heap        ] GC(626) Humongous regions: 80->80
[3066.993s][info][gc,metaspace   ] GC(626) Metaspace: 28974K(29312K)->28974K(29312K) NonClass: 24096K(24256K)->24096K(24256K) Class: 4878K(5056K)->4878K(5056K)
[3066.993s][info][gc             ] GC(626) Pause Young (Concurrent Start) (G1 Evacuation Pause) 3562M->1388M(4096M) 116.555ms
[3066.993s][info][gc             ] GC(627) Concurrent Mark Cycle
[3066.993s][info][gc,marking     ] GC(627) Concurrent Scan Root Regions
[3066.993s][info][gc,cpu         ] GC(626) User=0.69s Sys=0.00s Real=0.12s
.[3067.104s][info][gc,marking     ] GC(627) Concurrent Scan Root Regions 111.006ms
[3067.104s][info][gc,marking     ] GC(627) Concurrent Mark
[3067.104s][info][gc,marking     ] GC(627) Concurrent Mark From Roots
[3067.104s][info][gc,task        ] GC(627) Using 2 workers of 2 for marking
[3067.659s][info][gc,marking     ] GC(627) Concurrent Mark From Roots 554.862ms
[3067.659s][info][gc,marking     ] GC(627) Concurrent Preclean
[3067.659s][info][gc,marking     ] GC(627) Concurrent Preclean 0.187ms
[3067.660s][info][gc,start       ] GC(627) Pause Remark
[3067.663s][info][gc             ] GC(627) Pause Remark 1842M->1842M(4096M) 3.785ms
[3067.663s][info][gc,cpu         ] GC(627) User=0.02s Sys=0.00s Real=0.01s
[3067.666s][info][gc,marking     ] GC(627) Concurrent Mark 561.339ms
[3067.666s][info][gc,marking     ] GC(627) Concurrent Rebuild Remembered Sets and Scrub Regions
[3067.870s][info][gc,marking     ] GC(627) Concurrent Rebuild Remembered Sets and Scrub Regions 204.197ms
[3067.870s][info][gc,start       ] GC(627) Pause Cleanup
[3067.870s][info][gc             ] GC(627) Pause Cleanup 1962M->1962M(4096M) 0.114ms
[3067.870s][info][gc,cpu         ] GC(627) User=0.00s Sys=0.00s Real=0.00s
[3067.870s][info][gc,marking     ] GC(627) Concurrent Clear Claimed Marks
[3067.870s][info][gc,marking     ] GC(627) Concurrent Clear Claimed Marks 0.026ms
[3067.870s][info][gc,marking     ] GC(627) Concurrent Cleanup for Next Mark
[3067.877s][info][gc,marking     ] GC(627) Concurrent Cleanup for Next Mark 6.570ms
[3067.877s][info][gc             ] GC(627) Concurrent Mark Cycle 883.901ms
...[3070.447s][info][gc,start       ] GC(628) Pause Young (Prepare Mixed) (G1 Evacuation Pause)
[3070.447s][info][gc,task        ] GC(628) Using 6 workers of 6 for evacuation
[3070.565s][info][gc,phases      ] GC(628)   Pre Evacuate Collection Set: 0.33ms
[3070.565s][info][gc,phases      ] GC(628)   Merge Heap Roots: 0.48ms
[3070.565s][info][gc,phases      ] GC(628)   Evacuate Collection Set: 116.46ms
[3070.565s][info][gc,phases      ] GC(628)   Post Evacuate Collection Set: 0.93ms
[3070.565s][info][gc,phases      ] GC(628)   Other: 0.09ms
[3070.565s][info][gc,heap        ] GC(628) Eden regions: 1120->0(1106)
[3070.565s][info][gc,heap        ] GC(628) Survivor regions: 108->110(154)
[3070.565s][info][gc,heap        ] GC(628) Old regions: 507->539
[3070.565s][info][gc,heap        ] GC(628) Humongous regions: 80->80
[3070.565s][info][gc,metaspace   ] GC(628) Metaspace: 28974K(29312K)->28974K(29312K) NonClass: 24096K(24256K)->24096K(24256K) Class: 4878K(5056K)->4878K(5056K)
[3070.565s][info][gc             ] GC(628) Pause Young (Prepare Mixed) (G1 Evacuation Pause) 3628M->1455M(4096M) 118.421ms
[3070.565s][info][gc,cpu         ] GC(628) User=0.70s Sys=0.00s Real=0.12s
...[3074.065s][info][gc,start       ] GC(629) Pause Young (Mixed) (G1 Evacuation Pause)
[3074.065s][info][gc,task        ] GC(629) Using 6 workers of 6 for evacuation
[3074.196s][info][gc,phases      ] GC(629)   Pre Evacuate Collection Set: 0.36ms
[3074.196s][info][gc,phases      ] GC(629)   Merge Heap Roots: 0.59ms
[3074.196s][info][gc,phases      ] GC(629)   Evacuate Collection Set: 128.85ms
[3074.196s][info][gc,phases      ] GC(629)   Post Evacuate Collection Set: 0.99ms
[3074.196s][info][gc,phases      ] GC(629)   Other: 0.09ms
[3074.196s][info][gc,heap        ] GC(629) Eden regions: 1106->0(1119)
[3074.196s][info][gc,heap        ] GC(629) Survivor regions: 110->109(152)
[3074.196s][info][gc,heap        ] GC(629) Old regions: 539->475
[3074.196s][info][gc,heap        ] GC(629) Humongous regions: 80->80
[3074.196s][info][gc,metaspace   ] GC(629) Metaspace: 28974K(29312K)->28974K(29312K) NonClass: 24096K(24256K)->24096K(24256K) Class: 4878K(5056K)->4878K(5056K)
[3074.196s][info][gc             ] GC(629) Pause Young (Mixed) (G1 Evacuation Pause) 3667M->1327M(4096M) 131.013ms
[3074.196s][info][gc,cpu         ] GC(629) User=0.78s Sys=0.00s Real=0.13s
....[3077.573s][info][gc,start       ] GC(630) Pause Young (Concurrent Start) (G1 Evacuation Pause)
[3077.573s][info][gc,task        ] GC(630) Using 6 workers of 6 for evacuation
[3077.687s][info][gc,phases      ] GC(630)   Pre Evacuate Collection Set: 0.41ms
[3077.687s][info][gc,phases      ] GC(630)   Merge Heap Roots: 0.46ms
[3077.687s][info][gc,phases      ] GC(630)   Evacuate Collection Set: 112.67ms
[3077.687s][info][gc,phases      ] GC(630)   Post Evacuate Collection Set: 0.92ms
[3077.687s][info][gc,phases      ] GC(630)   Other: 0.11ms
[3077.687s][info][gc,heap        ] GC(630) Eden regions: 1119->0(1119)
[3077.687s][info][gc,heap        ] GC(630) Survivor regions: 109->109(154)
[3077.687s][info][gc,heap        ] GC(630) Old regions: 475->507
[3077.687s][info][gc,heap        ] GC(630) Humongous regions: 80->80
[3077.687s][info][gc,metaspace   ] GC(630) Metaspace: 28974K(29312K)->28974K(29312K) NonClass: 24096K(24256K)->24096K(24256K) Class: 4878K(5056K)->4878K(5056K)
[3077.687s][info][gc             ] GC(630) Pause Young (Concurrent Start) (G1 Evacuation Pause) 3565M->1390M(4096M) 114.719ms
[3077.687s][info][gc             ] GC(631) Concurrent Mark Cycle
[3077.687s][info][gc,marking     ] GC(631) Concurrent Scan Root Regions
[3077.688s][info][gc,cpu         ] GC(630) User=0.67s Sys=0.00s Real=0.11s
[3077.859s][info][gc,marking     ] GC(631) Concurrent Scan Root Regions 171.004ms
[3077.859s][info][gc,marking     ] GC(631) Concurrent Mark
[3077.859s][info][gc,marking     ] GC(631) Concurrent Mark From Roots
[3077.859s][info][gc,task        ] GC(631) Using 2 workers of 2 for marking
.[3078.521s][info][gc,marking     ] GC(631) Concurrent Mark From Roots 662.314ms
[3078.521s][info][gc,marking     ] GC(631) Concurrent Preclean
[3078.521s][info][gc,marking     ] GC(631) Concurrent Preclean 0.129ms
[3078.523s][info][gc,start       ] GC(631) Pause Remark
[3078.527s][info][gc             ] GC(631) Pause Remark 1980M->1980M(4096M) 4.189ms
[3078.527s][info][gc,cpu         ] GC(631) User=0.02s Sys=0.00s Real=0.00s
[3078.527s][info][gc,marking     ] GC(631) Concurrent Mark 668.623ms
[3078.527s][info][gc,marking     ] GC(631) Concurrent Rebuild Remembered Sets and Scrub Regions
[3078.767s][info][gc,marking     ] GC(631) Concurrent Rebuild Remembered Sets and Scrub Regions 240.102ms
[3078.767s][info][gc,start       ] GC(631) Pause Cleanup
[3078.768s][info][gc             ] GC(631) Pause Cleanup 2144M->2144M(4096M) 0.101ms
[3078.768s][info][gc,cpu         ] GC(631) User=0.00s Sys=0.00s Real=0.00s
[3078.768s][info][gc,marking     ] GC(631) Concurrent Clear Claimed Marks
[3078.768s][info][gc,marking     ] GC(631) Concurrent Clear Claimed Marks 0.027ms
[3078.768s][info][gc,marking     ] GC(631) Concurrent Cleanup for Next Mark
[3078.772s][info][gc,marking     ] GC(631) Concurrent Cleanup for Next Mark 4.363ms
[3078.772s][info][gc             ] GC(631) Concurrent Mark Cycle 1084.572ms
...[3081.215s][info][gc,start       ] GC(632) Pause Young (Prepare Mixed) (G1 Evacuation Pause)
[3081.215s][info][gc,task        ] GC(632) Using 6 workers of 6 for evacuation
[3081.332s][info][gc,phases      ] GC(632)   Pre Evacuate Collection Set: 0.34ms
[3081.332s][info][gc,phases      ] GC(632)   Merge Heap Roots: 0.49ms
[3081.332s][info][gc,phases      ] GC(632)   Evacuate Collection Set: 115.34ms
[3081.332s][info][gc,phases      ] GC(632)   Post Evacuate Collection Set: 0.92ms
[3081.332s][info][gc,phases      ] GC(632)   Other: 0.09ms
[3081.332s][info][gc,heap        ] GC(632) Eden regions: 1119->0(1108)
[3081.332s][info][gc,heap        ] GC(632) Survivor regions: 109->109(154)
[3081.332s][info][gc,heap        ] GC(632) Old regions: 507->539
[3081.332s][info][gc,heap        ] GC(632) Humongous regions: 80->80
[3081.332s][info][gc,metaspace   ] GC(632) Metaspace: 28974K(29312K)->28974K(29312K) NonClass: 24096K(24256K)->24096K(24256K) Class: 4878K(5056K)->4878K(5056K)
[3081.332s][info][gc             ] GC(632) Pause Young (Prepare Mixed) (G1 Evacuation Pause) 3628M->1455M(4096M) 117.316ms
[3081.332s][info][gc,cpu         ] GC(632) User=0.69s Sys=0.00s Real=0.12s
...[3084.754s][info][gc,start       ] GC(633) Pause Young (Mixed) (G1 Evacuation Pause)
[3084.754s][info][gc,task        ] GC(633) Using 6 workers of 6 for evacuation
[3084.886s][info][gc,phases      ] GC(633)   Pre Evacuate Collection Set: 0.39ms
[3084.886s][info][gc,phases      ] GC(633)   Merge Heap Roots: 0.64ms
[3084.886s][info][gc,phases      ] GC(633)   Evacuate Collection Set: 129.38ms
[3084.886s][info][gc,phases      ] GC(633)   Post Evacuate Collection Set: 0.93ms
[3084.886s][info][gc,phases      ] GC(633)   Other: 0.09ms
[3084.886s][info][gc,heap        ] GC(633) Eden regions: 1108->0(1119)
[3084.886s][info][gc,heap        ] GC(633) Survivor regions: 109->109(153)
[3084.886s][info][gc,heap        ] GC(633) Old regions: 539->473
[3084.886s][info][gc,heap        ] GC(633) Humongous regions: 80->80
[3084.886s][info][gc,metaspace   ] GC(633) Metaspace: 28974K(29312K)->28974K(29312K) NonClass: 24096K(24256K)->24096K(24256K) Class: 4878K(5056K)->4878K(5056K)
[3084.886s][info][gc             ] GC(633) Pause Young (Mixed) (G1 Evacuation Pause) 3671M->1322M(4096M) 131.571ms
[3084.886s][info][gc,cpu         ] GC(633) User=0.78s Sys=0.00s Real=0.13s
....[3088.302s][info][gc,start       ] GC(634) Pause Young (Concurrent Start) (G1 Evacuation Pause)
[3088.302s][info][gc,task        ] GC(634) Using 6 workers of 6 for evacuation
[3088.420s][info][gc,phases      ] GC(634)   Pre Evacuate Collection Set: 0.39ms
[3088.420s][info][gc,phases      ] GC(634)   Merge Heap Roots: 0.47ms
[3088.420s][info][gc,phases      ] GC(634)   Evacuate Collection Set: 116.16ms
[3088.420s][info][gc,phases      ] GC(634)   Post Evacuate Collection Set: 0.89ms
[3088.420s][info][gc,phases      ] GC(634)   Other: 0.12ms
[3088.420s][info][gc,heap        ] GC(634) Eden regions: 1119->0(1117)
[3088.420s][info][gc,heap        ] GC(634) Survivor regions: 109->111(154)
[3088.420s][info][gc,heap        ] GC(634) Old regions: 473->506
[3088.420s][info][gc,heap        ] GC(634) Humongous regions: 80->80
[3088.420s][info][gc,metaspace   ] GC(634) Metaspace: 28974K(29312K)->28974K(29312K) NonClass: 24096K(24256K)->24096K(24256K) Class: 4878K(5056K)->4878K(5056K)
[3088.420s][info][gc             ] GC(634) Pause Young (Concurrent Start) (G1 Evacuation Pause) 3560M->1391M(4096M) 118.167ms
[3088.420s][info][gc             ] GC(635) Concurrent Mark Cycle
[3088.420s][info][gc,marking     ] GC(635) Concurrent Scan Root Regions
[3088.420s][info][gc,cpu         ] GC(634) User=0.70s Sys=0.00s Real=0.11s
[3088.560s][info][gc,marking     ] GC(635) Concurrent Scan Root Regions 139.572ms
[3088.560s][info][gc,marking     ] GC(635) Concurrent Mark
[3088.560s][info][gc,marking     ] GC(635) Concurrent Mark From Roots
[3088.560s][info][gc,task        ] GC(635) Using 2 workers of 2 for marking
.[3089.225s][info][gc,marking     ] GC(635) Concurrent Mark From Roots 665.245ms
[3089.225s][info][gc,marking     ] GC(635) Concurrent Preclean
[3089.225s][info][gc,marking     ] GC(635) Concurrent Preclean 0.166ms
[3089.226s][info][gc,start       ] GC(635) Pause Remark
[3089.229s][info][gc             ] GC(635) Pause Remark 1957M->1957M(4096M) 3.625ms
[3089.229s][info][gc,cpu         ] GC(635) User=0.02s Sys=0.00s Real=0.00s
[3089.230s][info][gc,marking     ] GC(635) Concurrent Mark 670.050ms
[3089.230s][info][gc,marking     ] GC(635) Concurrent Rebuild Remembered Sets and Scrub Regions
[3089.491s][info][gc,marking     ] GC(635) Concurrent Rebuild Remembered Sets and Scrub Regions 260.701ms
[3089.491s][info][gc,start       ] GC(635) Pause Cleanup
[3089.491s][info][gc             ] GC(635) Pause Cleanup 2160M->2160M(4096M) 0.104ms
[3089.491s][info][gc,cpu         ] GC(635) User=0.00s Sys=0.00s Real=0.00s
[3089.491s][info][gc,marking     ] GC(635) Concurrent Clear Claimed Marks
[3089.491s][info][gc,marking     ] GC(635) Concurrent Clear Claimed Marks 0.024ms
[3089.491s][info][gc,marking     ] GC(635) Concurrent Cleanup for Next Mark
[3089.496s][info][gc,marking     ] GC(635) Concurrent Cleanup for Next Mark 4.489ms
[3089.496s][info][gc             ] GC(635) Concurrent Mark Cycle 1075.296ms
..[3091.886s][info][gc,start       ] GC(636) Pause Young (Prepare Mixed) (G1 Evacuation Pause)
[3091.886s][info][gc,task        ] GC(636) Using 6 workers of 6 for evacuation
[3092.001s][info][gc,phases      ] GC(636)   Pre Evacuate Collection Set: 0.35ms
[3092.001s][info][gc,phases      ] GC(636)   Merge Heap Roots: 0.50ms
[3092.001s][info][gc,phases      ] GC(636)   Evacuate Collection Set: 112.97ms
[3092.001s][info][gc,phases      ] GC(636)   Post Evacuate Collection Set: 0.95ms
[3092.001s][info][gc,phases      ] GC(636)   Other: 0.09ms
[3092.001s][info][gc,heap        ] GC(636) Eden regions: 1117->0(1112)
[3092.001s][info][gc,heap        ] GC(636) Survivor regions: 111->108(154)
[3092.001s][info][gc,heap        ] GC(636) Old regions: 506->537
[3092.001s][info][gc,heap        ] GC(636) Humongous regions: 80->80
[3092.001s][info][gc,metaspace   ] GC(636) Metaspace: 28974K(29312K)->28974K(29312K) NonClass: 24096K(24256K)->24096K(24256K) Class: 4878K(5056K)->4878K(5056K)
[3092.001s][info][gc             ] GC(636) Pause Young (Prepare Mixed) (G1 Evacuation Pause) 3625M->1449M(4096M) 114.999ms
[3092.001s][info][gc,cpu         ] GC(636) User=0.68s Sys=0.00s Real=0.11s
....[3095.480s][info][gc,start       ] GC(637) Pause Young (Mixed) (G1 Evacuation Pause)
[3095.480s][info][gc,task        ] GC(637) Using 6 workers of 6 for evacuation
[3095.612s][info][gc,phases      ] GC(637)   Pre Evacuate Collection Set: 0.37ms
[3095.612s][info][gc,phases      ] GC(637)   Merge Heap Roots: 0.66ms
[3095.612s][info][gc,phases      ] GC(637)   Evacuate Collection Set: 129.32ms
[3095.612s][info][gc,phases      ] GC(637)   Post Evacuate Collection Set: 0.94ms
[3095.612s][info][gc,phases      ] GC(637)   Other: 0.09ms
[3095.612s][info][gc,heap        ] GC(637) Eden regions: 1112->0(1120)
[3095.612s][info][gc,heap        ] GC(637) Survivor regions: 108->108(153)
[3095.612s][info][gc,heap        ] GC(637) Old regions: 537->474
[3095.612s][info][gc,heap        ] GC(637) Humongous regions: 80->80
[3095.612s][info][gc,metaspace   ] GC(637) Metaspace: 28974K(29312K)->28974K(29312K) NonClass: 24096K(24256K)->24096K(24256K) Class: 4878K(5056K)->4878K(5056K)
[3095.612s][info][gc             ] GC(637) Pause Young (Mixed) (G1 Evacuation Pause) 3673M->1322M(4096M) 131.503ms
[3095.612s][info][gc,cpu         ] GC(637) User=0.78s Sys=0.00s Real=0.13s
...[3099.073s][info][gc,start       ] GC(638) Pause Young (Concurrent Start) (G1 Evacuation Pause)
[3099.073s][info][gc,task        ] GC(638) Using 6 workers of 6 for evacuation
[3099.190s][info][gc,phases      ] GC(638)   Pre Evacuate Collection Set: 0.35ms
[3099.190s][info][gc,phases      ] GC(638)   Merge Heap Roots: 0.43ms
[3099.190s][info][gc,phases      ] GC(638)   Evacuate Collection Set: 115.38ms
[3099.190s][info][gc,phases      ] GC(638)   Post Evacuate Collection Set: 0.89ms
[3099.190s][info][gc,phases      ] GC(638)   Other: 0.12ms
[3099.190s][info][gc,heap        ] GC(638) Eden regions: 1120->0(1118)
[3099.190s][info][gc,heap        ] GC(638) Survivor regions: 108->110(154)
[3099.190s][info][gc,heap        ] GC(638) Old regions: 474->506
[3099.191s][info][gc,heap        ] GC(638) Humongous regions: 80->80
[3099.191s][info][gc,metaspace   ] GC(638) Metaspace: 28974K(29312K)->28974K(29312K) NonClass: 24096K(24256K)->24096K(24256K) Class: 4878K(5056K)->4878K(5056K)
[3099.191s][info][gc             ] GC(638) Pause Young (Concurrent Start) (G1 Evacuation Pause) 3562M->1390M(4096M) 117.313ms
[3099.191s][info][gc             ] GC(639) Concurrent Mark Cycle
[3099.191s][info][gc,marking     ] GC(639) Concurrent Scan Root Regions
[3099.191s][info][gc,cpu         ] GC(638) User=0.70s Sys=0.00s Real=0.11s
.[3099.329s][info][gc,marking     ] GC(639) Concurrent Scan Root Regions 138.226ms
[3099.329s][info][gc,marking     ] GC(639) Concurrent Mark
[3099.329s][info][gc,marking     ] GC(639) Concurrent Mark From Roots
[3099.329s][info][gc,task        ] GC(639) Using 2 workers of 2 for marking
[3100.004s][info][gc,marking     ] GC(639) Concurrent Mark From Roots 675.313ms
[3100.004s][info][gc,marking     ] GC(639) Concurrent Preclean
[3100.004s][info][gc,marking     ] GC(639) Concurrent Preclean 0.140ms
[3100.004s][info][gc,start       ] GC(639) Pause Remark
[3100.010s][info][gc             ] GC(639) Pause Remark 1960M->1960M(4096M) 5.267ms
[3100.010s][info][gc,cpu         ] GC(639) User=0.03s Sys=0.00s Real=0.00s
[3100.010s][info][gc,marking     ] GC(639) Concurrent Mark 681.028ms
[3100.010s][info][gc,marking     ] GC(639) Concurrent Rebuild Remembered Sets and Scrub Regions
[3100.262s][info][gc,marking     ] GC(639) Concurrent Rebuild Remembered Sets and Scrub Regions 252.213ms
[3100.264s][info][gc,start       ] GC(639) Pause Cleanup
[3100.264s][info][gc             ] GC(639) Pause Cleanup 2134M->2134M(4096M) 0.123ms
[3100.264s][info][gc,cpu         ] GC(639) User=0.00s Sys=0.00s Real=0.00s
[3100.264s][info][gc,marking     ] GC(639) Concurrent Clear Claimed Marks
[3100.264s][info][gc,marking     ] GC(639) Concurrent Clear Claimed Marks 0.033ms
[3100.264s][info][gc,marking     ] GC(639) Concurrent Cleanup for Next Mark
[3100.269s][info][gc,marking     ] GC(639) Concurrent Cleanup for Next Mark 4.614ms
[3100.269s][info][gc             ] GC(639) Concurrent Mark Cycle 1078.206ms
...[3102.585s][info][gc,start       ] GC(640) Pause Young (Prepare Mixed) (G1 Evacuation Pause)
[3102.585s][info][gc,task        ] GC(640) Using 6 workers of 6 for evacuation
[3102.700s][info][gc,phases      ] GC(640)   Pre Evacuate Collection Set: 0.35ms
[3102.700s][info][gc,phases      ] GC(640)   Merge Heap Roots: 0.48ms
[3102.700s][info][gc,phases      ] GC(640)   Evacuate Collection Set: 112.62ms
[3102.700s][info][gc,phases      ] GC(640)   Post Evacuate Collection Set: 0.94ms
[3102.700s][info][gc,phases      ] GC(640)   Other: 0.09ms
[3102.700s][info][gc,heap        ] GC(640) Eden regions: 1118->0(1113)
[3102.700s][info][gc,heap        ] GC(640) Survivor regions: 110->107(154)
[3102.700s][info][gc,heap        ] GC(640) Old regions: 506->538
[3102.700s][info][gc,heap        ] GC(640) Humongous regions: 80->80
[3102.700s][info][gc,metaspace   ] GC(640) Metaspace: 28916K(29312K)->28916K(29312K) NonClass: 24047K(24256K)->24047K(24256K) Class: 4868K(5056K)->4868K(5056K)
[3102.700s][info][gc             ] GC(640) Pause Young (Prepare Mixed) (G1 Evacuation Pause) 3626M->1448M(4096M) 114.624ms
[3102.700s][info][gc,cpu         ] GC(640) User=0.67s Sys=0.00s Real=0.11s
...[3106.195s][info][gc,start       ] GC(641) Pause Young (Mixed) (G1 Evacuation Pause)
[3106.196s][info][gc,task        ] GC(641) Using 6 workers of 6 for evacuation
[3106.331s][info][gc,phases      ] GC(641)   Pre Evacuate Collection Set: 0.37ms
[3106.331s][info][gc,phases      ] GC(641)   Merge Heap Roots: 0.77ms
[3106.331s][info][gc,phases      ] GC(641)   Evacuate Collection Set: 133.41ms
[3106.331s][info][gc,phases      ] GC(641)   Post Evacuate Collection Set: 0.98ms
[3106.331s][info][gc,phases      ] GC(641)   Other: 0.10ms
[3106.331s][info][gc,heap        ] GC(641) Eden regions: 1113->0(1116)
[3106.331s][info][gc,heap        ] GC(641) Survivor regions: 107->112(153)
[3106.331s][info][gc,heap        ] GC(641) Old regions: 538->473
[3106.331s][info][gc,heap        ] GC(641) Humongous regions: 80->80
[3106.331s][info][gc,metaspace   ] GC(641) Metaspace: 28916K(29312K)->28916K(29312K) NonClass: 24047K(24256K)->24047K(24256K) Class: 4868K(5056K)->4868K(5056K)
[3106.331s][info][gc             ] GC(641) Pause Young (Mixed) (G1 Evacuation Pause) 3674M->1327M(4096M) 135.771ms
[3106.331s][info][gc,cpu         ] GC(641) User=0.81s Sys=0.00s Real=0.13s
....[3109.779s][info][gc,start       ] GC(642) Pause Young (Concurrent Start) (G1 Evacuation Pause)
[3109.779s][info][gc,task        ] GC(642) Using 6 workers of 6 for evacuation
[3109.894s][info][gc,phases      ] GC(642)   Pre Evacuate Collection Set: 0.36ms
[3109.894s][info][gc,phases      ] GC(642)   Merge Heap Roots: 0.46ms
[3109.894s][info][gc,phases      ] GC(642)   Evacuate Collection Set: 113.56ms
[3109.894s][info][gc,phases      ] GC(642)   Post Evacuate Collection Set: 0.89ms
[3109.894s][info][gc,phases      ] GC(642)   Other: 0.10ms
[3109.894s][info][gc,heap        ] GC(642) Eden regions: 1116->0(1119)
[3109.894s][info][gc,heap        ] GC(642) Survivor regions: 112->109(154)
[3109.894s][info][gc,heap        ] GC(642) Old regions: 473->504
[3109.894s][info][gc,heap        ] GC(642) Humongous regions: 80->80
[3109.894s][info][gc,metaspace   ] GC(642) Metaspace: 28916K(29312K)->28916K(29312K) NonClass: 24047K(24256K)->24047K(24256K) Class: 4868K(5056K)->4868K(5056K)
[3109.894s][info][gc             ] GC(642) Pause Young (Concurrent Start) (G1 Evacuation Pause) 3559M->1383M(4096M) 115.503ms
[3109.894s][info][gc             ] GC(643) Concurrent Mark Cycle
[3109.894s][info][gc,marking     ] GC(643) Concurrent Scan Root Regions
[3109.894s][info][gc,cpu         ] GC(642) User=0.68s Sys=0.00s Real=0.12s
[3110.032s][info][gc,marking     ] GC(643) Concurrent Scan Root Regions 137.524ms
[3110.032s][info][gc,marking     ] GC(643) Concurrent Mark
[3110.032s][info][gc,marking     ] GC(643) Concurrent Mark From Roots
[3110.032s][info][gc,task        ] GC(643) Using 2 workers of 2 for marking
.[3110.718s][info][gc,marking     ] GC(643) Concurrent Mark From Roots 685.974ms
[3110.718s][info][gc,marking     ] GC(643) Concurrent Preclean
[3110.718s][info][gc,marking     ] GC(643) Concurrent Preclean 0.132ms
[3110.718s][info][gc,start       ] GC(643) Pause Remark
[3110.722s][info][gc             ] GC(643) Pause Remark 1990M->1990M(4096M) 3.918ms
[3110.722s][info][gc,cpu         ] GC(643) User=0.02s Sys=0.00s Real=0.01s
[3110.722s][info][gc,marking     ] GC(643) Concurrent Mark 690.605ms
[3110.722s][info][gc,marking     ] GC(643) Concurrent Rebuild Remembered Sets and Scrub Regions
[3111.010s][info][gc,marking     ] GC(643) Concurrent Rebuild Remembered Sets and Scrub Regions 287.883ms
[3111.011s][info][gc,start       ] GC(643) Pause Cleanup
[3111.011s][info][gc             ] GC(643) Pause Cleanup 2197M->2197M(4096M) 0.115ms
[3111.011s][info][gc,cpu         ] GC(643) User=0.00s Sys=0.00s Real=0.00s
[3111.011s][info][gc,marking     ] GC(643) Concurrent Clear Claimed Marks
[3111.011s][info][gc,marking     ] GC(643) Concurrent Clear Claimed Marks 0.020ms
[3111.011s][info][gc,marking     ] GC(643) Concurrent Cleanup for Next Mark
[3111.014s][info][gc,marking     ] GC(643) Concurrent Cleanup for Next Mark 3.252ms
[3111.014s][info][gc             ] GC(643) Concurrent Mark Cycle 1119.730ms
..[3113.317s][info][gc,start       ] GC(644) Pause Young (Prepare Mixed) (G1 Evacuation Pause)
[3113.317s][info][gc,task        ] GC(644) Using 6 workers of 6 for evacuation
[3113.435s][info][gc,phases      ] GC(644)   Pre Evacuate Collection Set: 0.34ms
[3113.435s][info][gc,phases      ] GC(644)   Merge Heap Roots: 0.51ms
[3113.435s][info][gc,phases      ] GC(644)   Evacuate Collection Set: 116.16ms
[3113.435s][info][gc,phases      ] GC(644)   Post Evacuate Collection Set: 0.94ms
[3113.435s][info][gc,phases      ] GC(644)   Other: 0.10ms
[3113.435s][info][gc,heap        ] GC(644) Eden regions: 1119->0(1109)
[3113.435s][info][gc,heap        ] GC(644) Survivor regions: 109->110(154)
[3113.435s][info][gc,heap        ] GC(644) Old regions: 504->536
[3113.435s][info][gc,heap        ] GC(644) Humongous regions: 80->80
[3113.435s][info][gc,metaspace   ] GC(644) Metaspace: 28916K(29312K)->28916K(29312K) NonClass: 24047K(24256K)->24047K(24256K) Class: 4868K(5056K)->4868K(5056K)
[3113.435s][info][gc             ] GC(644) Pause Young (Prepare Mixed) (G1 Evacuation Pause) 3621M->1450M(4096M) 118.200ms
[3113.435s][info][gc,cpu         ] GC(644) User=0.70s Sys=0.00s Real=0.12s
....[3116.915s][info][gc,start       ] GC(645) Pause Young (Mixed) (G1 Evacuation Pause)
[3116.915s][info][gc,task        ] GC(645) Using 6 workers of 6 for evacuation
[3117.047s][info][gc,phases      ] GC(645)   Pre Evacuate Collection Set: 0.37ms
[3117.047s][info][gc,phases      ] GC(645)   Merge Heap Roots: 0.63ms
[3117.047s][info][gc,phases      ] GC(645)   Evacuate Collection Set: 130.35ms
[3117.047s][info][gc,phases      ] GC(645)   Post Evacuate Collection Set: 0.96ms
[3117.047s][info][gc,phases      ] GC(645)   Other: 0.09ms
[3117.047s][info][gc,heap        ] GC(645) Eden regions: 1109->0(1119)
[3117.047s][info][gc,heap        ] GC(645) Survivor regions: 110->109(153)
[3117.047s][info][gc,heap        ] GC(645) Old regions: 536->474
[3117.047s][info][gc,heap        ] GC(645) Humongous regions: 80->80
[3117.047s][info][gc,metaspace   ] GC(645) Metaspace: 28916K(29312K)->28916K(29312K) NonClass: 24047K(24256K)->24047K(24256K) Class: 4868K(5056K)->4868K(5056K)
[3117.047s][info][gc             ] GC(645) Pause Young (Mixed) (G1 Evacuation Pause) 3668M->1324M(4096M) 132.527ms
[3117.048s][info][gc,cpu         ] GC(645) User=0.78s Sys=0.00s Real=0.13s
....[3120.496s][info][gc,start       ] GC(646) Pause Young (Concurrent Start) (G1 Evacuation Pause)
[3120.496s][info][gc,task        ] GC(646) Using 6 workers of 6 for evacuation
[3120.610s][info][gc,phases      ] GC(646)   Pre Evacuate Collection Set: 0.38ms
[3120.610s][info][gc,phases      ] GC(646)   Merge Heap Roots: 0.48ms
[3120.610s][info][gc,phases      ] GC(646)   Evacuate Collection Set: 112.57ms
[3120.610s][info][gc,phases      ] GC(646)   Post Evacuate Collection Set: 0.90ms
[3120.610s][info][gc,phases      ] GC(646)   Other: 0.10ms
[3120.610s][info][gc,heap        ] GC(646) Eden regions: 1119->0(1121)
[3120.610s][info][gc,heap        ] GC(646) Survivor regions: 109->107(154)
[3120.610s][info][gc,heap        ] GC(646) Old regions: 474->505
[3120.610s][info][gc,heap        ] GC(646) Humongous regions: 80->80
[3120.610s][info][gc,metaspace   ] GC(646) Metaspace: 28916K(29312K)->28916K(29312K) NonClass: 24047K(24256K)->24047K(24256K) Class: 4868K(5056K)->4868K(5056K)
[3120.610s][info][gc             ] GC(646) Pause Young (Concurrent Start) (G1 Evacuation Pause) 3562M->1383M(4096M) 114.573ms
[3120.610s][info][gc             ] GC(647) Concurrent Mark Cycle
[3120.610s][info][gc,marking     ] GC(647) Concurrent Scan Root Regions
[3120.611s][info][gc,cpu         ] GC(646) User=0.68s Sys=0.00s Real=0.11s
[3120.747s][info][gc,marking     ] GC(647) Concurrent Scan Root Regions 136.922ms
[3120.747s][info][gc,marking     ] GC(647) Concurrent Mark
[3120.747s][info][gc,marking     ] GC(647) Concurrent Mark From Roots
[3120.747s][info][gc,task        ] GC(647) Using 2 workers of 2 for marking
[3121.399s][info][gc,marking     ] GC(647) Concurrent Mark From Roots 651.061ms
[3121.399s][info][gc,marking     ] GC(647) Concurrent Preclean
[3121.400s][info][gc,marking     ] GC(647) Concurrent Preclean 0.944ms
[3121.400s][info][gc,start       ] GC(647) Pause Remark
[3121.404s][info][gc             ] GC(647) Pause Remark 1924M->1924M(4096M) 4.548ms
[3121.404s][info][gc,cpu         ] GC(647) User=0.02s Sys=0.00s Real=0.01s
[3121.405s][info][gc,marking     ] GC(647) Concurrent Mark 657.145ms
[3121.405s][info][gc,marking     ] GC(647) Concurrent Rebuild Remembered Sets and Scrub Regions
. (rIR:aIR:PR = 5258:5255:5255) (tPR = 78533) [OK] 
  3121s: Performance info:
         Transaction,    Success,    Partial,     Failed,   Receipts, AvgBarcode, 
             Overall,     317538,          0,          0,     301679,      59.48, 
         Response times:
             Request,    Success,    Partial,     Failed,   SkipFail,     Probes,    Samples,      min,      p50,      p90,      p95,      p99,      max, 
       TotalPurchase,     301678,          0,          0,          0,     295453,     321575,      300,     4300,     9700,    23000,    69000,   313000,
     InStorePurchase,     158755,          0,          0,          0,     156070,     169425,      300,     4400,     9900,    24000,    68000,   313000,
      OnlinePurchase,     111176,          0,          0,          0,     108536,     117942,      300,     4100,     9400,    22000,    72000,   259000,
        InstPurchase,      31747,          0,          0,          0,      30847,      34208,      400,     4600,    10000,    24000,    68000,   255000,
          AssocOfCat,        315,          0,          0,          0,        253,        351,    21000,    33000,    58400,    86200,   157480,   181000,
      AssocOfProduct,       3177,          0,          0,          0,       2944,       3386,      500,     3400,     7900,    18000,    58000,   231000,
      BusinessReport,        787,          0,          0,          0,        632,        812,    24000,    35000,    66000,    89350,   167310,   201000,
          CustBuyBeh,       3167,          0,          0,          0,       2934,       3381,      200,     2500,     7280,    18690,    63720,   149000,
       ProductReturn,       8413,          0,          0,          0,       7974,       8943,      200,     3700,     8500,    19400,    59000,   241000,

  3121s: (39%)   IR =   5396 [3121.698s][info][gc,marking     ] GC(647) Concurrent Rebuild Remembered Sets and Scrub Regions 293.800ms
[3121.699s][info][gc,start       ] GC(647) Pause Cleanup
[3121.699s][info][gc             ] GC(647) Pause Cleanup 2109M->2109M(4096M) 0.095ms
[3121.699s][info][gc,cpu         ] GC(647) User=0.00s Sys=0.00s Real=0.00s
[3121.699s][info][gc,marking     ] GC(647) Concurrent Clear Claimed Marks
[3121.699s][info][gc,marking     ] GC(647) Concurrent Clear Claimed Marks 0.022ms
[3121.699s][info][gc,marking     ] GC(647) Concurrent Cleanup for Next Mark
[3121.702s][info][gc,marking     ] GC(647) Concurrent Cleanup for Next Mark 3.172ms
[3121.702s][info][gc             ] GC(647) Concurrent Mark Cycle 1091.487ms
..[3123.977s][info][gc,start       ] GC(648) Pause Young (Prepare Mixed) (G1 Evacuation Pause)
[3123.977s][info][gc,task        ] GC(648) Using 6 workers of 6 for evacuation
[3124.097s][info][gc,phases      ] GC(648)   Pre Evacuate Collection Set: 0.35ms
[3124.097s][info][gc,phases      ] GC(648)   Merge Heap Roots: 0.51ms
[3124.097s][info][gc,phases      ] GC(648)   Evacuate Collection Set: 117.66ms
[3124.097s][info][gc,phases      ] GC(648)   Post Evacuate Collection Set: 0.94ms
[3124.097s][info][gc,phases      ] GC(648)   Other: 0.08ms
[3124.097s][info][gc,heap        ] GC(648) Eden regions: 1121->0(1106)
[3124.097s][info][gc,heap        ] GC(648) Survivor regions: 107->111(154)
[3124.097s][info][gc,heap        ] GC(648) Old regions: 505->537
[3124.097s][info][gc,heap        ] GC(648) Humongous regions: 80->80
[3124.097s][info][gc,metaspace   ] GC(648) Metaspace: 28916K(29312K)->28916K(29312K) NonClass: 24047K(24256K)->24047K(24256K) Class: 4868K(5056K)->4868K(5056K)
[3124.097s][info][gc             ] GC(648) Pause Young (Prepare Mixed) (G1 Evacuation Pause) 3625M->1454M(4096M) 119.662ms
[3124.097s][info][gc,cpu         ] GC(648) User=0.70s Sys=0.00s Real=0.12s
...|.[3127.559s][info][gc,start       ] GC(649) Pause Young (Mixed) (G1 Evacuation Pause)
[3127.559s][info][gc,task        ] GC(649) Using 6 workers of 6 for evacuation
[3127.692s][info][gc,phases      ] GC(649)   Pre Evacuate Collection Set: 0.37ms
[3127.692s][info][gc,phases      ] GC(649)   Merge Heap Roots: 0.68ms
[3127.692s][info][gc,phases      ] GC(649)   Evacuate Collection Set: 131.00ms
[3127.692s][info][gc,phases      ] GC(649)   Post Evacuate Collection Set: 1.00ms
[3127.692s][info][gc,phases      ] GC(649)   Other: 0.08ms
[3127.692s][info][gc,heap        ] GC(649) Eden regions: 1106->0(1120)
[3127.692s][info][gc,heap        ] GC(649) Survivor regions: 111->108(153)
[3127.692s][info][gc,heap        ] GC(649) Old regions: 537->472
[3127.692s][info][gc,heap        ] GC(649) Humongous regions: 80->80
[3127.692s][info][gc,metaspace   ] GC(649) Metaspace: 28916K(29312K)->28916K(29312K) NonClass: 24047K(24256K)->24047K(24256K) Class: 4868K(5056K)->4868K(5056K)
[3127.692s][info][gc             ] GC(649) Pause Young (Mixed) (G1 Evacuation Pause) 3666M->1319M(4096M) 133.257ms
[3127.692s][info][gc,cpu         ] GC(649) User=0.79s Sys=0.00s Real=0.14s
...[3131.033s][info][gc,start       ] GC(650) Pause Young (Concurrent Start) (G1 Evacuation Pause)
[3131.033s][info][gc,task        ] GC(650) Using 6 workers of 6 for evacuation
[3131.149s][info][gc,phases      ] GC(650)   Pre Evacuate Collection Set: 0.40ms
[3131.149s][info][gc,phases      ] GC(650)   Merge Heap Roots: 0.46ms
[3131.149s][info][gc,phases      ] GC(650)   Evacuate Collection Set: 113.95ms
[3131.149s][info][gc,phases      ] GC(650)   Post Evacuate Collection Set: 0.90ms
[3131.149s][info][gc,phases      ] GC(650)   Other: 0.12ms
[3131.149s][info][gc,heap        ] GC(650) Eden regions: 1120->0(1118)
[3131.149s][info][gc,heap        ] GC(650) Survivor regions: 108->110(154)
[3131.149s][info][gc,heap        ] GC(650) Old regions: 472->505
[3131.149s][info][gc,heap        ] GC(650) Humongous regions: 80->80
[3131.149s][info][gc,metaspace   ] GC(650) Metaspace: 28916K(29312K)->28916K(29312K) NonClass: 24047K(24256K)->24047K(24256K) Class: 4868K(5056K)->4868K(5056K)
[3131.149s][info][gc             ] GC(650) Pause Young (Concurrent Start) (G1 Evacuation Pause) 3559M->1387M(4096M) 115.981ms
[3131.149s][info][gc             ] GC(651) Concurrent Mark Cycle
[3131.149s][info][gc,marking     ] GC(651) Concurrent Scan Root Regions
[3131.149s][info][gc,cpu         ] GC(650) User=0.69s Sys=0.00s Real=0.11s
[3131.345s][info][gc,marking     ] GC(651) Concurrent Scan Root Regions 196.255ms
[3131.345s][info][gc,marking     ] GC(651) Concurrent Mark
[3131.345s][info][gc,marking     ] GC(651) Concurrent Mark From Roots
[3131.345s][info][gc,task        ] GC(651) Using 2 workers of 2 for marking
.[3132.279s][info][gc,marking     ] GC(651) Concurrent Mark From Roots 933.502ms
[3132.279s][info][gc,marking     ] GC(651) Concurrent Preclean
[3132.280s][info][gc,marking     ] GC(651) Concurrent Preclean 1.776ms
[3132.281s][info][gc,start       ] GC(651) Pause Remark
[3132.288s][info][gc             ] GC(651) Pause Remark 2173M->2173M(4096M) 6.145ms
[3132.288s][info][gc,cpu         ] GC(651) User=0.03s Sys=0.00s Real=0.01s
[3132.288s][info][gc,marking     ] GC(651) Concurrent Mark 942.707ms
[3132.288s][info][gc,marking     ] GC(651) Concurrent Rebuild Remembered Sets and Scrub Regions
.[3132.640s][info][gc,marking     ] GC(651) Concurrent Rebuild Remembered Sets and Scrub Regions 352.119ms
[3132.640s][info][gc,start       ] GC(651) Pause Cleanup
[3132.640s][info][gc             ] GC(651) Pause Cleanup 2374M->2374M(4096M) 0.112ms
[3132.640s][info][gc,cpu         ] GC(651) User=0.00s Sys=0.00s Real=0.00s
[3132.640s][info][gc,marking     ] GC(651) Concurrent Clear Claimed Marks
[3132.640s][info][gc,marking     ] GC(651) Concurrent Clear Claimed Marks 0.028ms
[3132.640s][info][gc,marking     ] GC(651) Concurrent Cleanup for Next Mark
[3132.647s][info][gc,marking     ] GC(651) Concurrent Cleanup for Next Mark 6.922ms
[3132.647s][info][gc             ] GC(651) Concurrent Mark Cycle 1498.604ms
..[3134.546s][info][gc,start       ] GC(652) Pause Young (Prepare Mixed) (G1 Evacuation Pause)
[3134.546s][info][gc,task        ] GC(652) Using 6 workers of 6 for evacuation
[3134.666s][info][gc,phases      ] GC(652)   Pre Evacuate Collection Set: 0.33ms
[3134.666s][info][gc,phases      ] GC(652)   Merge Heap Roots: 0.52ms
[3134.666s][info][gc,phases      ] GC(652)   Evacuate Collection Set: 118.02ms
[3134.666s][info][gc,phases      ] GC(652)   Post Evacuate Collection Set: 0.94ms
[3134.666s][info][gc,phases      ] GC(652)   Other: 0.09ms
[3134.666s][info][gc,heap        ] GC(652) Eden regions: 1118->0(1108)
[3134.666s][info][gc,heap        ] GC(652) Survivor regions: 110->110(154)
[3134.666s][info][gc,heap        ] GC(652) Old regions: 505->537
[3134.666s][info][gc,heap        ] GC(652) Humongous regions: 80->80
[3134.666s][info][gc,metaspace   ] GC(652) Metaspace: 28916K(29312K)->28916K(29312K) NonClass: 24047K(24256K)->24047K(24256K) Class: 4868K(5056K)->4868K(5056K)
[3134.666s][info][gc             ] GC(652) Pause Young (Prepare Mixed) (G1 Evacuation Pause) 3623M->1452M(4096M) 120.025ms
[3134.666s][info][gc,cpu         ] GC(652) User=0.71s Sys=0.00s Real=0.12s
...[3137.925s][info][gc,start       ] GC(653) Pause Young (Mixed) (G1 Evacuation Pause)
[3137.925s][info][gc,task        ] GC(653) Using 6 workers of 6 for evacuation
[3138.057s][info][gc,phases      ] GC(653)   Pre Evacuate Collection Set: 0.40ms
[3138.057s][info][gc,phases      ] GC(653)   Merge Heap Roots: 0.66ms
[3138.057s][info][gc,phases      ] GC(653)   Evacuate Collection Set: 129.46ms
[3138.057s][info][gc,phases      ] GC(653)   Post Evacuate Collection Set: 0.94ms
[3138.057s][info][gc,phases      ] GC(653)   Other: 0.09ms
[3138.057s][info][gc,heap        ] GC(653) Eden regions: 1108->0(1120)
[3138.057s][info][gc,heap        ] GC(653) Survivor regions: 110->108(153)
[3138.057s][info][gc,heap        ] GC(653) Old regions: 537->475
[3138.057s][info][gc,heap        ] GC(653) Humongous regions: 80->80
[3138.057s][info][gc,metaspace   ] GC(653) Metaspace: 28916K(29312K)->28916K(29312K) NonClass: 24047K(24256K)->24047K(24256K) Class: 4868K(5056K)->4868K(5056K)
[3138.057s][info][gc             ] GC(653) Pause Young (Mixed) (G1 Evacuation Pause) 3668M->1323M(4096M) 131.683ms
[3138.057s][info][gc,cpu         ] GC(653) User=0.78s Sys=0.00s Real=0.13s
...[3141.473s][info][gc,start       ] GC(654) Pause Young (Concurrent Start) (G1 Evacuation Pause)
[3141.473s][info][gc,task        ] GC(654) Using 6 workers of 6 for evacuation
[3141.589s][info][gc,phases      ] GC(654)   Pre Evacuate Collection Set: 0.40ms
[3141.589s][info][gc,phases      ] GC(654)   Merge Heap Roots: 0.47ms
[3141.589s][info][gc,phases      ] GC(654)   Evacuate Collection Set: 114.00ms
[3141.589s][info][gc,phases      ] GC(654)   Post Evacuate Collection Set: 0.90ms
[3141.589s][info][gc,phases      ] GC(654)   Other: 0.14ms
[3141.589s][info][gc,heap        ] GC(654) Eden regions: 1120->0(1122)
[3141.589s][info][gc,heap        ] GC(654) Survivor regions: 108->106(154)
[3141.589s][info][gc,heap        ] GC(654) Old regions: 475->507
[3141.589s][info][gc,heap        ] GC(654) Humongous regions: 80->80
[3141.589s][info][gc,metaspace   ] GC(654) Metaspace: 28916K(29312K)->28916K(29312K) NonClass: 24047K(24256K)->24047K(24256K) Class: 4868K(5056K)->4868K(5056K)
[3141.589s][info][gc             ] GC(654) Pause Young (Concurrent Start) (G1 Evacuation Pause) 3563M->1384M(4096M) 116.064ms
[3141.589s][info][gc             ] GC(655) Concurrent Mark Cycle
[3141.589s][info][gc,marking     ] GC(655) Concurrent Scan Root Regions
[3141.589s][info][gc,cpu         ] GC(654) User=0.68s Sys=0.00s Real=0.11s
.[3141.763s][info][gc,marking     ] GC(655) Concurrent Scan Root Regions 173.440ms
[3141.763s][info][gc,marking     ] GC(655) Concurrent Mark
[3141.763s][info][gc,marking     ] GC(655) Concurrent Mark From Roots
[3141.763s][info][gc,task        ] GC(655) Using 2 workers of 2 for marking
[3142.522s][info][gc,marking     ] GC(655) Concurrent Mark From Roots 759.709ms
[3142.523s][info][gc,marking     ] GC(655) Concurrent Preclean
[3142.524s][info][gc,marking     ] GC(655) Concurrent Preclean 0.986ms
[3142.524s][info][gc,start       ] GC(655) Pause Remark
[3142.529s][info][gc             ] GC(655) Pause Remark 1994M->1994M(4096M) 5.145ms
[3142.529s][info][gc,cpu         ] GC(655) User=0.03s Sys=0.00s Real=0.00s
[3142.530s][info][gc,marking     ] GC(655) Concurrent Mark 766.848ms
[3142.530s][info][gc,marking     ] GC(655) Concurrent Rebuild Remembered Sets and Scrub Regions
.[3142.852s][info][gc,marking     ] GC(655) Concurrent Rebuild Remembered Sets and Scrub Regions 322.091ms
[3142.852s][info][gc,start       ] GC(655) Pause Cleanup
[3142.852s][info][gc             ] GC(655) Pause Cleanup 2283M->2283M(4096M) 0.114ms
[3142.852s][info][gc,cpu         ] GC(655) User=0.00s Sys=0.00s Real=0.01s
[3142.852s][info][gc,marking     ] GC(655) Concurrent Clear Claimed Marks
[3142.852s][info][gc,marking     ] GC(655) Concurrent Clear Claimed Marks 0.030ms
[3142.852s][info][gc,marking     ] GC(655) Concurrent Cleanup for Next Mark
[3142.856s][info][gc,marking     ] GC(655) Concurrent Cleanup for Next Mark 4.166ms
[3142.856s][info][gc             ] GC(655) Concurrent Mark Cycle 1267.049ms
..[3144.951s][info][gc,start       ] GC(656) Pause Young (Prepare Mixed) (G1 Evacuation Pause)
[3144.951s][info][gc,task        ] GC(656) Using 6 workers of 6 for evacuation
[3145.070s][info][gc,phases      ] GC(656)   Pre Evacuate Collection Set: 0.33ms
[3145.070s][info][gc,phases      ] GC(656)   Merge Heap Roots: 0.51ms
[3145.070s][info][gc,phases      ] GC(656)   Evacuate Collection Set: 117.13ms
[3145.070s][info][gc,phases      ] GC(656)   Post Evacuate Collection Set: 0.93ms
[3145.070s][info][gc,phases      ] GC(656)   Other: 0.09ms
[3145.070s][info][gc,heap        ] GC(656) Eden regions: 1122->0(1106)
[3145.070s][info][gc,heap        ] GC(656) Survivor regions: 106->111(154)
[3145.070s][info][gc,heap        ] GC(656) Old regions: 507->537
[3145.070s][info][gc,heap        ] GC(656) Humongous regions: 80->80
[3145.070s][info][gc,metaspace   ] GC(656) Metaspace: 28916K(29312K)->28916K(29312K) NonClass: 24047K(24256K)->24047K(24256K) Class: 4868K(5056K)->4868K(5056K)
[3145.070s][info][gc             ] GC(656) Pause Young (Prepare Mixed) (G1 Evacuation Pause) 3628M->1455M(4096M) 119.134ms
[3145.070s][info][gc,cpu         ] GC(656) User=0.71s Sys=0.00s Real=0.12s
...[3148.409s][info][gc,start       ] GC(657) Pause Young (Mixed) (G1 Evacuation Pause)
[3148.409s][info][gc,task        ] GC(657) Using 6 workers of 6 for evacuation
[3148.539s][info][gc,phases      ] GC(657)   Pre Evacuate Collection Set: 0.37ms
[3148.539s][info][gc,phases      ] GC(657)   Merge Heap Roots: 0.63ms
[3148.539s][info][gc,phases      ] GC(657)   Evacuate Collection Set: 128.39ms
[3148.539s][info][gc,phases      ] GC(657)   Post Evacuate Collection Set: 0.97ms
[3148.539s][info][gc,phases      ] GC(657)   Other: 0.09ms
[3148.539s][info][gc,heap        ] GC(657) Eden regions: 1106->0(1121)
[3148.539s][info][gc,heap        ] GC(657) Survivor regions: 111->107(153)
[3148.539s][info][gc,heap        ] GC(657) Old regions: 537->471
[3148.539s][info][gc,heap        ] GC(657) Humongous regions: 80->80
[3148.539s][info][gc,metaspace   ] GC(657) Metaspace: 28916K(29312K)->28916K(29312K) NonClass: 24047K(24256K)->24047K(24256K) Class: 4868K(5056K)->4868K(5056K)
[3148.539s][info][gc             ] GC(657) Pause Young (Mixed) (G1 Evacuation Pause) 3667M->1314M(4096M) 130.602ms
[3148.539s][info][gc,cpu         ] GC(657) User=0.77s Sys=0.00s Real=0.13s
....[3151.909s][info][gc,start       ] GC(658) Pause Young (Concurrent Start) (G1 Evacuation Pause)
[3151.909s][info][gc,task        ] GC(658) Using 6 workers of 6 for evacuation
[3152.027s][info][gc,phases      ] GC(658)   Pre Evacuate Collection Set: 0.41ms
[3152.027s][info][gc,phases      ] GC(658)   Merge Heap Roots: 0.45ms
[3152.027s][info][gc,phases      ] GC(658)   Evacuate Collection Set: 115.59ms
[3152.027s][info][gc,phases      ] GC(658)   Post Evacuate Collection Set: 0.90ms
[3152.027s][info][gc,phases      ] GC(658)   Other: 0.12ms
[3152.027s][info][gc,heap        ] GC(658) Eden regions: 1121->0(1120)
[3152.027s][info][gc,heap        ] GC(658) Survivor regions: 107->108(154)
[3152.027s][info][gc,heap        ] GC(658) Old regions: 471->503
[3152.027s][info][gc,heap        ] GC(658) Humongous regions: 80->80
[3152.027s][info][gc,metaspace   ] GC(658) Metaspace: 28916K(29312K)->28916K(29312K) NonClass: 24047K(24256K)->24047K(24256K) Class: 4868K(5056K)->4868K(5056K)
[3152.027s][info][gc             ] GC(658) Pause Young (Concurrent Start) (G1 Evacuation Pause) 3556M->1380M(4096M) 117.606ms
[3152.027s][info][gc             ] GC(659) Concurrent Mark Cycle
[3152.027s][info][gc,marking     ] GC(659) Concurrent Scan Root Regions
[3152.027s][info][gc,cpu         ] GC(658) User=0.70s Sys=0.00s Real=0.12s
[3152.166s][info][gc,marking     ] GC(659) Concurrent Scan Root Regions 138.681ms
[3152.166s][info][gc,marking     ] GC(659) Concurrent Mark
[3152.166s][info][gc,marking     ] GC(659) Concurrent Mark From Roots
[3152.166s][info][gc,task        ] GC(659) Using 2 workers of 2 for marking
.[3152.821s][info][gc,marking     ] GC(659) Concurrent Mark From Roots 655.169ms
[3152.821s][info][gc,marking     ] GC(659) Concurrent Preclean
[3152.821s][info][gc,marking     ] GC(659) Concurrent Preclean 0.550ms
[3152.822s][info][gc,start       ] GC(659) Pause Remark
[3152.826s][info][gc             ] GC(659) Pause Remark 1942M->1942M(4096M) 4.399ms
[3152.826s][info][gc,cpu         ] GC(659) User=0.02s Sys=0.00s Real=0.00s
[3152.826s][info][gc,marking     ] GC(659) Concurrent Mark 660.844ms
[3152.826s][info][gc,marking     ] GC(659) Concurrent Rebuild Remembered Sets and Scrub Regions
[3153.110s][info][gc,marking     ] GC(659) Concurrent Rebuild Remembered Sets and Scrub Regions 283.657ms
[3153.111s][info][gc,start       ] GC(659) Pause Cleanup
[3153.111s][info][gc             ] GC(659) Pause Cleanup 2150M->2150M(4096M) 0.115ms
[3153.111s][info][gc,cpu         ] GC(659) User=0.00s Sys=0.00s Real=0.00s
[3153.111s][info][gc,marking     ] GC(659) Concurrent Clear Claimed Marks
[3153.111s][info][gc,marking     ] GC(659) Concurrent Clear Claimed Marks 0.031ms
[3153.111s][info][gc,marking     ] GC(659) Concurrent Cleanup for Next Mark
[3153.115s][info][gc,marking     ] GC(659) Concurrent Cleanup for Next Mark 3.729ms
[3153.115s][info][gc             ] GC(659) Concurrent Mark Cycle 1088.441ms
..[3155.403s][info][gc,start       ] GC(660) Pause Young (Prepare Mixed) (G1 Evacuation Pause)
[3155.403s][info][gc,task        ] GC(660) Using 6 workers of 6 for evacuation
[3155.517s][info][gc,phases      ] GC(660)   Pre Evacuate Collection Set: 0.33ms
[3155.517s][info][gc,phases      ] GC(660)   Merge Heap Roots: 0.47ms
[3155.517s][info][gc,phases      ] GC(660)   Evacuate Collection Set: 112.39ms
[3155.517s][info][gc,phases      ] GC(660)   Post Evacuate Collection Set: 0.91ms
[3155.517s][info][gc,phases      ] GC(660)   Other: 0.09ms
[3155.517s][info][gc,heap        ] GC(660) Eden regions: 1120->0(1116)
[3155.517s][info][gc,heap        ] GC(660) Survivor regions: 108->107(154)
[3155.517s][info][gc,heap        ] GC(660) Old regions: 503->535
[3155.517s][info][gc,heap        ] GC(660) Humongous regions: 80->80
[3155.517s][info][gc,metaspace   ] GC(660) Metaspace: 28916K(29312K)->28916K(29312K) NonClass: 24047K(24256K)->24047K(24256K) Class: 4868K(5056K)->4868K(5056K)
[3155.517s][info][gc             ] GC(660) Pause Young (Prepare Mixed) (G1 Evacuation Pause) 3620M->1442M(4096M) 114.329ms
[3155.517s][info][gc,cpu         ] GC(660) User=0.68s Sys=0.00s Real=0.11s
....[3158.871s][info][gc,start       ] GC(661) Pause Young (Mixed) (G1 Evacuation Pause)
[3158.871s][info][gc,task        ] GC(661) Using 6 workers of 6 for evacuation
[3159.007s][info][gc,phases      ] GC(661)   Pre Evacuate Collection Set: 0.37ms
[3159.007s][info][gc,phases      ] GC(661)   Merge Heap Roots: 0.67ms
[3159.007s][info][gc,phases      ] GC(661)   Evacuate Collection Set: 134.14ms
[3159.007s][info][gc,phases      ] GC(661)   Post Evacuate Collection Set: 0.86ms
[3159.007s][info][gc,phases      ] GC(661)   Other: 0.09ms
[3159.007s][info][gc,heap        ] GC(661) Eden regions: 1116->0(1116)
[3159.007s][info][gc,heap        ] GC(661) Survivor regions: 107->112(153)
[3159.007s][info][gc,heap        ] GC(661) Old regions: 535->473
[3159.007s][info][gc,heap        ] GC(661) Humongous regions: 80->80
[3159.007s][info][gc,metaspace   ] GC(661) Metaspace: 28916K(29312K)->28916K(29312K) NonClass: 24047K(24256K)->24047K(24256K) Class: 4868K(5056K)->4868K(5056K)
[3159.007s][info][gc             ] GC(661) Pause Young (Mixed) (G1 Evacuation Pause) 3674M->1328M(4096M) 136.260ms
[3159.007s][info][gc,cpu         ] GC(661) User=0.81s Sys=0.00s Real=0.14s
...[3162.359s][info][gc,start       ] GC(662) Pause Young (Concurrent Start) (G1 Evacuation Pause)
[3162.359s][info][gc,task        ] GC(662) Using 6 workers of 6 for evacuation
[3162.475s][info][gc,phases      ] GC(662)   Pre Evacuate Collection Set: 0.36ms
[3162.475s][info][gc,phases      ] GC(662)   Merge Heap Roots: 0.48ms
[3162.475s][info][gc,phases      ] GC(662)   Evacuate Collection Set: 113.62ms
[3162.475s][info][gc,phases      ] GC(662)   Post Evacuate Collection Set: 0.89ms
[3162.475s][info][gc,phases      ] GC(662)   Other: 0.12ms
[3162.475s][info][gc,heap        ] GC(662) Eden regions: 1116->0(1121)
[3162.475s][info][gc,heap        ] GC(662) Survivor regions: 112->107(154)
[3162.475s][info][gc,heap        ] GC(662) Old regions: 473->505
[3162.475s][info][gc,heap        ] GC(662) Humongous regions: 80->80
[3162.475s][info][gc,metaspace   ] GC(662) Metaspace: 28916K(29312K)->28916K(29312K) NonClass: 24047K(24256K)->24047K(24256K) Class: 4868K(5056K)->4868K(5056K)
[3162.475s][info][gc             ] GC(662) Pause Young (Concurrent Start) (G1 Evacuation Pause) 3560M->1382M(4096M) 115.627ms
[3162.475s][info][gc             ] GC(663) Concurrent Mark Cycle
[3162.475s][info][gc,marking     ] GC(663) Concurrent Scan Root Regions
[3162.475s][info][gc,cpu         ] GC(662) User=0.69s Sys=0.00s Real=0.12s
.[3162.646s][info][gc,marking     ] GC(663) Concurrent Scan Root Regions 171.060ms
[3162.646s][info][gc,marking     ] GC(663) Concurrent Mark
[3162.646s][info][gc,marking     ] GC(663) Concurrent Mark From Roots
[3162.646s][info][gc,task        ] GC(663) Using 2 workers of 2 for marking
[3163.285s][info][gc,marking     ] GC(663) Concurrent Mark From Roots 639.545ms
[3163.285s][info][gc,marking     ] GC(663) Concurrent Preclean
[3163.286s][info][gc,marking     ] GC(663) Concurrent Preclean 0.677ms
[3163.286s][info][gc,start       ] GC(663) Pause Remark
[3163.291s][info][gc             ] GC(663) Pause Remark 1950M->1950M(4096M) 4.361ms
[3163.291s][info][gc,cpu         ] GC(663) User=0.03s Sys=0.00s Real=0.00s
[3163.292s][info][gc,marking     ] GC(663) Concurrent Mark 645.765ms
[3163.292s][info][gc,marking     ] GC(663) Concurrent Rebuild Remembered Sets and Scrub Regions
[3163.544s][info][gc,marking     ] GC(663) Concurrent Rebuild Remembered Sets and Scrub Regions 252.727ms
[3163.544s][info][gc,start       ] GC(663) Pause Cleanup
[3163.545s][info][gc             ] GC(663) Pause Cleanup 2156M->2156M(4096M) 0.102ms
[3163.545s][info][gc,cpu         ] GC(663) User=0.00s Sys=0.00s Real=0.00s
[3163.545s][info][gc,marking     ] GC(663) Concurrent Clear Claimed Marks
[3163.545s][info][gc,marking     ] GC(663) Concurrent Clear Claimed Marks 0.025ms
[3163.545s][info][gc,marking     ] GC(663) Concurrent Cleanup for Next Mark
[3163.549s][info][gc,marking     ] GC(663) Concurrent Cleanup for Next Mark 4.368ms
[3163.549s][info][gc             ] GC(663) Concurrent Mark Cycle 1074.376ms
...[3165.899s][info][gc,start       ] GC(664) Pause Young (Prepare Mixed) (G1 Evacuation Pause)
[3165.899s][info][gc,task        ] GC(664) Using 6 workers of 6 for evacuation
[3166.018s][info][gc,phases      ] GC(664)   Pre Evacuate Collection Set: 0.34ms
[3166.018s][info][gc,phases      ] GC(664)   Merge Heap Roots: 0.45ms
[3166.018s][info][gc,phases      ] GC(664)   Evacuate Collection Set: 117.62ms
[3166.018s][info][gc,phases      ] GC(664)   Post Evacuate Collection Set: 0.92ms
[3166.018s][info][gc,phases      ] GC(664)   Other: 0.08ms
[3166.018s][info][gc,heap        ] GC(664) Eden regions: 1121->0(1107)
[3166.018s][info][gc,heap        ] GC(664) Survivor regions: 107->111(154)
[3166.018s][info][gc,heap        ] GC(664) Old regions: 505->536
[3166.018s][info][gc,heap        ] GC(664) Humongous regions: 80->80
[3166.018s][info][gc,metaspace   ] GC(664) Metaspace: 28916K(29312K)->28916K(29312K) NonClass: 24047K(24256K)->24047K(24256K) Class: 4868K(5056K)->4868K(5056K)
[3166.018s][info][gc             ] GC(664) Pause Young (Prepare Mixed) (G1 Evacuation Pause) 3624M->1452M(4096M) 119.526ms
[3166.018s][info][gc,cpu         ] GC(664) User=0.71s Sys=0.00s Real=0.12s
...[3169.349s][info][gc,start       ] GC(665) Pause Young (Mixed) (G1 Evacuation Pause)
[3169.349s][info][gc,task        ] GC(665) Using 6 workers of 6 for evacuation
[3169.482s][info][gc,phases      ] GC(665)   Pre Evacuate Collection Set: 0.39ms
[3169.482s][info][gc,phases      ] GC(665)   Merge Heap Roots: 0.62ms
[3169.482s][info][gc,phases      ] GC(665)   Evacuate Collection Set: 130.08ms
[3169.482s][info][gc,phases      ] GC(665)   Post Evacuate Collection Set: 0.95ms
[3169.482s][info][gc,phases      ] GC(665)   Other: 0.09ms
[3169.482s][info][gc,heap        ] GC(665) Eden regions: 1107->0(1118)
[3169.482s][info][gc,heap        ] GC(665) Survivor regions: 111->110(153)
[3169.482s][info][gc,heap        ] GC(665) Old regions: 536->471
[3169.482s][info][gc,heap        ] GC(665) Humongous regions: 80->80
[3169.482s][info][gc,metaspace   ] GC(665) Metaspace: 28916K(29312K)->28916K(29312K) NonClass: 24047K(24256K)->24047K(24256K) Class: 4868K(5056K)->4868K(5056K)
[3169.482s][info][gc             ] GC(665) Pause Young (Mixed) (G1 Evacuation Pause) 3666M->1320M(4096M) 132.270ms
[3169.482s][info][gc,cpu         ] GC(665) User=0.79s Sys=0.00s Real=0.13s
....[3172.810s][info][gc,start       ] GC(666) Pause Young (Concurrent Start) (G1 Evacuation Pause)
[3172.810s][info][gc,task        ] GC(666) Using 6 workers of 6 for evacuation
[3172.925s][info][gc,phases      ] GC(666)   Pre Evacuate Collection Set: 0.36ms
[3172.925s][info][gc,phases      ] GC(666)   Merge Heap Roots: 0.46ms
[3172.925s][info][gc,phases      ] GC(666)   Evacuate Collection Set: 113.38ms
[3172.925s][info][gc,phases      ] GC(666)   Post Evacuate Collection Set: 0.89ms
[3172.925s][info][gc,phases      ] GC(666)   Other: 0.11ms
[3172.925s][info][gc,heap        ] GC(666) Eden regions: 1118->0(1120)
[3172.925s][info][gc,heap        ] GC(666) Survivor regions: 110->108(154)
[3172.925s][info][gc,heap        ] GC(666) Old regions: 471->503
[3172.925s][info][gc,heap        ] GC(666) Humongous regions: 80->80
[3172.925s][info][gc,metaspace   ] GC(666) Metaspace: 28916K(29312K)->28916K(29312K) NonClass: 24047K(24256K)->24047K(24256K) Class: 4868K(5056K)->4868K(5056K)
[3172.925s][info][gc             ] GC(666) Pause Young (Concurrent Start) (G1 Evacuation Pause) 3556M->1380M(4096M) 115.348ms
[3172.925s][info][gc             ] GC(667) Concurrent Mark Cycle
[3172.925s][info][gc,marking     ] GC(667) Concurrent Scan Root Regions
[3172.925s][info][gc,cpu         ] GC(666) User=0.68s Sys=0.00s Real=0.12s
[3173.109s][info][gc,marking     ] GC(667) Concurrent Scan Root Regions 183.663ms
[3173.109s][info][gc,marking     ] GC(667) Concurrent Mark
[3173.109s][info][gc,marking     ] GC(667) Concurrent Mark From Roots
[3173.109s][info][gc,task        ] GC(667) Using 2 workers of 2 for marking
.[3174.075s][info][gc,marking     ] GC(667) Concurrent Mark From Roots 966.421ms
[3174.075s][info][gc,marking     ] GC(667) Concurrent Preclean
[3174.076s][info][gc,marking     ] GC(667) Concurrent Preclean 0.638ms
[3174.076s][info][gc,start       ] GC(667) Pause Remark
[3174.082s][info][gc             ] GC(667) Pause Remark 2190M->2190M(4096M) 5.617ms
[3174.082s][info][gc,cpu         ] GC(667) User=0.03s Sys=0.00s Real=0.00s
[3174.082s][info][gc,marking     ] GC(667) Concurrent Mark 973.193ms
[3174.082s][info][gc,marking     ] GC(667) Concurrent Rebuild Remembered Sets and Scrub Regions
[3174.439s][info][gc,marking     ] GC(667) Concurrent Rebuild Remembered Sets and Scrub Regions 357.460ms
[3174.440s][info][gc,start       ] GC(667) Pause Cleanup
[3174.440s][info][gc             ] GC(667) Pause Cleanup 2430M->2430M(4096M) 0.105ms
[3174.440s][info][gc,cpu         ] GC(667) User=0.00s Sys=0.00s Real=0.00s
[3174.440s][info][gc,marking     ] GC(667) Concurrent Clear Claimed Marks
[3174.440s][info][gc,marking     ] GC(667) Concurrent Clear Claimed Marks 0.024ms
[3174.440s][info][gc,marking     ] GC(667) Concurrent Cleanup for Next Mark
[3174.445s][info][gc,marking     ] GC(667) Concurrent Cleanup for Next Mark 4.735ms
[3174.445s][info][gc             ] GC(667) Concurrent Mark Cycle 1519.561ms
..[3176.323s][info][gc,start       ] GC(668) Pause Young (Prepare Mixed) (G1 Evacuation Pause)
[3176.323s][info][gc,task        ] GC(668) Using 6 workers of 6 for evacuation
[3176.443s][info][gc,phases      ] GC(668)   Pre Evacuate Collection Set: 0.34ms
[3176.443s][info][gc,phases      ] GC(668)   Merge Heap Roots: 0.51ms
[3176.443s][info][gc,phases      ] GC(668)   Evacuate Collection Set: 118.47ms
[3176.443s][info][gc,phases      ] GC(668)   Post Evacuate Collection Set: 0.93ms
[3176.443s][info][gc,phases      ] GC(668)   Other: 0.08ms
[3176.443s][info][gc,heap        ] GC(668) Eden regions: 1120->0(1107)
[3176.443s][info][gc,heap        ] GC(668) Survivor regions: 108->112(154)
[3176.443s][info][gc,heap        ] GC(668) Old regions: 503->534
[3176.443s][info][gc,heap        ] GC(668) Humongous regions: 80->80
[3176.443s][info][gc,metaspace   ] GC(668) Metaspace: 28916K(29312K)->28916K(29312K) NonClass: 24047K(24256K)->24047K(24256K) Class: 4868K(5056K)->4868K(5056K)
[3176.444s][info][gc             ] GC(668) Pause Young (Prepare Mixed) (G1 Evacuation Pause) 3620M->1451M(4096M) 120.478ms
[3176.444s][info][gc,cpu         ] GC(668) User=0.71s Sys=0.00s Real=0.12s
....[3179.771s][info][gc,start       ] GC(669) Pause Young (Mixed) (G1 Evacuation Pause)
[3179.771s][info][gc,task        ] GC(669) Using 6 workers of 6 for evacuation
[3179.907s][info][gc,phases      ] GC(669)   Pre Evacuate Collection Set: 0.40ms
[3179.907s][info][gc,phases      ] GC(669)   Merge Heap Roots: 0.78ms
[3179.907s][info][gc,phases      ] GC(669)   Evacuate Collection Set: 134.43ms
[3179.907s][info][gc,phases      ] GC(669)   Post Evacuate Collection Set: 1.05ms
[3179.907s][info][gc,phases      ] GC(669)   Other: 0.09ms
[3179.907s][info][gc,heap        ] GC(669) Eden regions: 1107->0(1118)
[3179.907s][info][gc,heap        ] GC(669) Survivor regions: 112->110(153)
[3179.907s][info][gc,heap        ] GC(669) Old regions: 534->472
[3179.907s][info][gc,heap        ] GC(669) Humongous regions: 80->80
[3179.907s][info][gc,metaspace   ] GC(669) Metaspace: 28916K(29312K)->28916K(29312K) NonClass: 24047K(24256K)->24047K(24256K) Class: 4868K(5056K)->4868K(5056K)
[3179.907s][info][gc             ] GC(669) Pause Young (Mixed) (G1 Evacuation Pause) 3665M->1322M(4096M) 136.913ms
[3179.908s][info][gc,cpu         ] GC(669) User=0.81s Sys=0.00s Real=0.14s
...[3183.227s][info][gc,start       ] GC(670) Pause Young (Concurrent Start) (G1 Evacuation Pause)
[3183.227s][info][gc,task        ] GC(670) Using 6 workers of 6 for evacuation
[3183.343s][info][gc,phases      ] GC(670)   Pre Evacuate Collection Set: 0.38ms
[3183.343s][info][gc,phases      ] GC(670)   Merge Heap Roots: 0.46ms
[3183.343s][info][gc,phases      ] GC(670)   Evacuate Collection Set: 114.22ms
[3183.343s][info][gc,phases      ] GC(670)   Post Evacuate Collection Set: 0.90ms
[3183.343s][info][gc,phases      ] GC(670)   Other: 0.11ms
[3183.343s][info][gc,heap        ] GC(670) Eden regions: 1118->0(1119)
[3183.343s][info][gc,heap        ] GC(670) Survivor regions: 110->109(154)
[3183.343s][info][gc,heap        ] GC(670) Old regions: 472->503
[3183.343s][info][gc,heap        ] GC(670) Humongous regions: 80->80
[3183.343s][info][gc,metaspace   ] GC(670) Metaspace: 28916K(29312K)->28916K(29312K) NonClass: 24047K(24256K)->24047K(24256K) Class: 4868K(5056K)->4868K(5056K)
[3183.343s][info][gc             ] GC(670) Pause Young (Concurrent Start) (G1 Evacuation Pause) 3558M->1382M(4096M) 116.223ms
[3183.343s][info][gc             ] GC(671) Concurrent Mark Cycle
[3183.343s][info][gc,marking     ] GC(671) Concurrent Scan Root Regions
[3183.343s][info][gc,cpu         ] GC(670) User=0.69s Sys=0.00s Real=0.12s
[3183.466s][info][gc,marking     ] GC(671) Concurrent Scan Root Regions 122.927ms
[3183.466s][info][gc,marking     ] GC(671) Concurrent Mark
[3183.466s][info][gc,marking     ] GC(671) Concurrent Mark From Roots
[3183.466s][info][gc,task        ] GC(671) Using 2 workers of 2 for marking
.[3184.037s][info][gc,marking     ] GC(671) Concurrent Mark From Roots 570.157ms
[3184.037s][info][gc,marking     ] GC(671) Concurrent Preclean
[3184.037s][info][gc,marking     ] GC(671) Concurrent Preclean 0.503ms
[3184.037s][info][gc,start       ] GC(671) Pause Remark
[3184.041s][info][gc             ] GC(671) Pause Remark 1913M->1913M(4096M) 4.155ms
[3184.042s][info][gc,cpu         ] GC(671) User=0.02s Sys=0.00s Real=0.00s
[3184.042s][info][gc,marking     ] GC(671) Concurrent Mark 575.156ms
[3184.042s][info][gc,marking     ] GC(671) Concurrent Rebuild Remembered Sets and Scrub Regions
[3184.255s][info][gc,marking     ] GC(671) Concurrent Rebuild Remembered Sets and Scrub Regions 213.245ms
[3184.255s][info][gc,start       ] GC(671) Pause Cleanup
[3184.255s][info][gc             ] GC(671) Pause Cleanup 2068M->2068M(4096M) 0.120ms
[3184.255s][info][gc,cpu         ] GC(671) User=0.00s Sys=0.00s Real=0.00s
[3184.255s][info][gc,marking     ] GC(671) Concurrent Clear Claimed Marks
[3184.255s][info][gc,marking     ] GC(671) Concurrent Clear Claimed Marks 0.025ms
[3184.255s][info][gc,marking     ] GC(671) Concurrent Cleanup for Next Mark
[3184.260s][info][gc,marking     ] GC(671) Concurrent Cleanup for Next Mark 4.789ms
[3184.260s][info][gc             ] GC(671) Concurrent Mark Cycle 916.673ms
... (rIR:aIR:PR = 5396:5397:5397) (tPR = 79992) [OK] 
  3186s: Performance info:
         Transaction,    Success,    Partial,     Failed,   Receipts, AvgBarcode, 
             Overall,     324915,          0,          0,     308651,      59.48, 
         Response times:
             Request,    Success,    Partial,     Failed,   SkipFail,     Probes,    Samples,      min,      p50,      p90,      p95,      p99,      max, 
       TotalPurchase,     308651,          0,          0,          0,     302070,     328619,      300,     4300,     9700,    22000,    65000,   234000,
     InStorePurchase,     162466,          0,          0,          0,     159209,     172894,      300,     4200,     9600,    22000,    61000,   203000,
      OnlinePurchase,     113677,          0,          0,          0,     111371,     121160,      300,     4600,    10000,    23000,    70000,   234000,
        InstPurchase,      32508,          0,          0,          0,      31490,      34565,      400,     4100,     9400,    22000,    67000,   178000,
          AssocOfCat,        323,          0,          0,          0,        254,        353,    22000,    34000,    59000,    77600,   141120,   186000,
      AssocOfProduct,       3250,          0,          0,          0,       3013,       3488,     2200,     5800,    12310,    32000,    89110,   181000,
      BusinessReport,        813,          0,          0,          0,        682,        840,    25000,    35000,    65000,    84850,   150590,   233000,
          CustBuyBeh,       3250,          0,          0,          0,       2990,       3393,      300,     3400,     8000,    16900,    52000,   136000,
       ProductReturn,       8628,          0,          0,          0,       8317,       9388,      300,     3600,     9200,    21000,    70330,   202000,

  3186s: (40%)   IR =   5535 [3186.744s][info][gc,start       ] GC(672) Pause Young (Prepare Mixed) (G1 Evacuation Pause)
[3186.744s][info][gc,task        ] GC(672) Using 6 workers of 6 for evacuation
[3186.861s][info][gc,phases      ] GC(672)   Pre Evacuate Collection Set: 0.36ms
[3186.861s][info][gc,phases      ] GC(672)   Merge Heap Roots: 0.55ms
[3186.861s][info][gc,phases      ] GC(672)   Evacuate Collection Set: 115.23ms
[3186.861s][info][gc,phases      ] GC(672)   Post Evacuate Collection Set: 0.92ms
[3186.861s][info][gc,phases      ] GC(672)   Other: 0.08ms
[3186.861s][info][gc,heap        ] GC(672) Eden regions: 1119->0(1112)
[3186.861s][info][gc,heap        ] GC(672) Survivor regions: 109->109(154)
[3186.861s][info][gc,heap        ] GC(672) Old regions: 503->535
[3186.861s][info][gc,heap        ] GC(672) Humongous regions: 80->80
[3186.861s][info][gc,metaspace   ] GC(672) Metaspace: 28916K(29312K)->28916K(29312K) NonClass: 24047K(24256K)->24047K(24256K) Class: 4868K(5056K)->4868K(5056K)
[3186.861s][info][gc             ] GC(672) Pause Young (Prepare Mixed) (G1 Evacuation Pause) 3620M->1447M(4096M) 117.256ms
[3186.862s][info][gc,cpu         ] GC(672) User=0.69s Sys=0.00s Real=0.11s
...[3190.257s][info][gc,start       ] GC(673) Pause Young (Mixed) (G1 Evacuation Pause)
[3190.257s][info][gc,task        ] GC(673) Using 6 workers of 6 for evacuation
[3190.393s][info][gc,phases      ] GC(673)   Pre Evacuate Collection Set: 0.36ms
[3190.393s][info][gc,phases      ] GC(673)   Merge Heap Roots: 0.56ms
[3190.393s][info][gc,phases      ] GC(673)   Evacuate Collection Set: 133.13ms
[3190.393s][info][gc,phases      ] GC(673)   Post Evacuate Collection Set: 1.01ms
[3190.393s][info][gc,phases      ] GC(673)   Other: 0.09ms
[3190.393s][info][gc,heap        ] GC(673) Eden regions: 1112->0(1116)
[3190.393s][info][gc,heap        ] GC(673) Survivor regions: 109->112(153)
[3190.393s][info][gc,heap        ] GC(673) Old regions: 535->471
[3190.393s][info][gc,heap        ] GC(673) Humongous regions: 80->80
[3190.393s][info][gc,metaspace   ] GC(673) Metaspace: 28916K(29312K)->28916K(29312K) NonClass: 24047K(24256K)->24047K(24256K) Class: 4868K(5056K)->4868K(5056K)
[3190.393s][info][gc             ] GC(673) Pause Young (Mixed) (G1 Evacuation Pause) 3671M->1324M(4096M) 135.292ms
[3190.393s][info][gc,cpu         ] GC(673) User=0.80s Sys=0.00s Real=0.14s
...[3193.634s][info][gc,start       ] GC(674) Pause Young (Concurrent Start) (G1 Evacuation Pause)
[3193.634s][info][gc,task        ] GC(674) Using 6 workers of 6 for evacuation
[3193.753s][info][gc,phases      ] GC(674)   Pre Evacuate Collection Set: 0.36ms
[3193.753s][info][gc,phases      ] GC(674)   Merge Heap Roots: 0.45ms
[3193.753s][info][gc,phases      ] GC(674)   Evacuate Collection Set: 117.13ms
[3193.753s][info][gc,phases      ] GC(674)   Post Evacuate Collection Set: 0.90ms
[3193.753s][info][gc,phases      ] GC(674)   Other: 0.13ms
[3193.753s][info][gc,heap        ] GC(674) Eden regions: 1116->0(1118)
[3193.753s][info][gc,heap        ] GC(674) Survivor regions: 112->110(154)
[3193.753s][info][gc,heap        ] GC(674) Old regions: 471->503
[3193.753s][info][gc,heap        ] GC(674) Humongous regions: 80->80
[3193.753s][info][gc,metaspace   ] GC(674) Metaspace: 28916K(29312K)->28916K(29312K) NonClass: 24047K(24256K)->24047K(24256K) Class: 4868K(5056K)->4868K(5056K)
[3193.753s][info][gc             ] GC(674) Pause Young (Concurrent Start) (G1 Evacuation Pause) 3556M->1384M(4096M) 119.131ms
[3193.753s][info][gc             ] GC(675) Concurrent Mark Cycle
[3193.753s][info][gc,marking     ] GC(675) Concurrent Scan Root Regions
[3193.753s][info][gc,cpu         ] GC(674) User=0.70s Sys=0.00s Real=0.12s
.|[3193.927s][info][gc,marking     ] GC(675) Concurrent Scan Root Regions 173.493ms
[3193.927s][info][gc,marking     ] GC(675) Concurrent Mark
[3193.927s][info][gc,marking     ] GC(675) Concurrent Mark From Roots
[3193.927s][info][gc,task        ] GC(675) Using 2 workers of 2 for marking
[3194.702s][info][gc,marking     ] GC(675) Concurrent Mark From Roots 775.001ms
[3194.702s][info][gc,marking     ] GC(675) Concurrent Preclean
[3194.703s][info][gc,marking     ] GC(675) Concurrent Preclean 0.517ms
[3194.703s][info][gc,start       ] GC(675) Pause Remark
[3194.708s][info][gc             ] GC(675) Pause Remark 2056M->2056M(4096M) 4.777ms
[3194.708s][info][gc,cpu         ] GC(675) User=0.02s Sys=0.00s Real=0.00s
[3194.708s][info][gc,marking     ] GC(675) Concurrent Mark 781.421ms
[3194.708s][info][gc,marking     ] GC(675) Concurrent Rebuild Remembered Sets and Scrub Regions
.[3194.973s][info][gc,marking     ] GC(675) Concurrent Rebuild Remembered Sets and Scrub Regions 264.338ms
[3194.973s][info][gc,start       ] GC(675) Pause Cleanup
[3194.973s][info][gc             ] GC(675) Pause Cleanup 2243M->2243M(4096M) 0.108ms
[3194.973s][info][gc,cpu         ] GC(675) User=0.00s Sys=0.00s Real=0.00s
[3194.973s][info][gc,marking     ] GC(675) Concurrent Clear Claimed Marks
[3194.973s][info][gc,marking     ] GC(675) Concurrent Clear Claimed Marks 0.021ms
[3194.973s][info][gc,marking     ] GC(675) Concurrent Cleanup for Next Mark
[3194.976s][info][gc,marking     ] GC(675) Concurrent Cleanup for Next Mark 3.222ms
[3194.976s][info][gc             ] GC(675) Concurrent Mark Cycle 1222.882ms
..[3197.055s][info][gc,start       ] GC(676) Pause Young (Prepare Mixed) (G1 Evacuation Pause)
[3197.055s][info][gc,task        ] GC(676) Using 6 workers of 6 for evacuation
[3197.172s][info][gc,phases      ] GC(676)   Pre Evacuate Collection Set: 0.34ms
[3197.172s][info][gc,phases      ] GC(676)   Merge Heap Roots: 0.49ms
[3197.172s][info][gc,phases      ] GC(676)   Evacuate Collection Set: 114.94ms
[3197.172s][info][gc,phases      ] GC(676)   Post Evacuate Collection Set: 0.90ms
[3197.172s][info][gc,phases      ] GC(676)   Other: 0.09ms
[3197.172s][info][gc,heap        ] GC(676) Eden regions: 1118->0(1112)
[3197.172s][info][gc,heap        ] GC(676) Survivor regions: 110->109(154)
[3197.172s][info][gc,heap        ] GC(676) Old regions: 503->535
[3197.172s][info][gc,heap        ] GC(676) Humongous regions: 80->80
[3197.172s][info][gc,metaspace   ] GC(676) Metaspace: 28916K(29312K)->28916K(29312K) NonClass: 24047K(24256K)->24047K(24256K) Class: 4868K(5056K)->4868K(5056K)
[3197.172s][info][gc             ] GC(676) Pause Young (Prepare Mixed) (G1 Evacuation Pause) 3620M->1446M(4096M) 116.886ms
[3197.172s][info][gc,cpu         ] GC(676) User=0.69s Sys=0.00s Real=0.11s
...[3200.416s][info][gc,start       ] GC(677) Pause Young (Mixed) (G1 Evacuation Pause)
[3200.416s][info][gc,task        ] GC(677) Using 6 workers of 6 for evacuation
[3200.552s][info][gc,phases      ] GC(677)   Pre Evacuate Collection Set: 0.37ms
[3200.552s][info][gc,phases      ] GC(677)   Merge Heap Roots: 0.64ms
[3200.552s][info][gc,phases      ] GC(677)   Evacuate Collection Set: 134.78ms
[3200.552s][info][gc,phases      ] GC(677)   Post Evacuate Collection Set: 0.97ms
[3200.553s][info][gc,phases      ] GC(677)   Other: 0.09ms
[3200.553s][info][gc,heap        ] GC(677) Eden regions: 1112->0(1117)
[3200.553s][info][gc,heap        ] GC(677) Survivor regions: 109->111(153)
[3200.553s][info][gc,heap        ] GC(677) Old regions: 535->472
[3200.553s][info][gc,heap        ] GC(677) Humongous regions: 80->80
[3200.553s][info][gc,metaspace   ] GC(677) Metaspace: 28916K(29312K)->28916K(29312K) NonClass: 24047K(24256K)->24047K(24256K) Class: 4868K(5056K)->4868K(5056K)
[3200.553s][info][gc             ] GC(677) Pause Young (Mixed) (G1 Evacuation Pause) 3670M->1324M(4096M) 136.985ms
[3200.553s][info][gc,cpu         ] GC(677) User=0.81s Sys=0.00s Real=0.14s
....[3203.910s][info][gc,start       ] GC(678) Pause Young (Concurrent Start) (G1 Evacuation Pause)
[3203.910s][info][gc,task        ] GC(678) Using 6 workers of 6 for evacuation
[3204.025s][info][gc,phases      ] GC(678)   Pre Evacuate Collection Set: 0.41ms
[3204.025s][info][gc,phases      ] GC(678)   Merge Heap Roots: 0.48ms
[3204.025s][info][gc,phases      ] GC(678)   Evacuate Collection Set: 113.31ms
[3204.025s][info][gc,phases      ] GC(678)   Post Evacuate Collection Set: 0.90ms
[3204.025s][info][gc,phases      ] GC(678)   Other: 0.12ms
[3204.025s][info][gc,heap        ] GC(678) Eden regions: 1117->0(1120)
[3204.025s][info][gc,heap        ] GC(678) Survivor regions: 111->108(154)
[3204.025s][info][gc,heap        ] GC(678) Old regions: 472->504
[3204.025s][info][gc,heap        ] GC(678) Humongous regions: 80->80
[3204.025s][info][gc,metaspace   ] GC(678) Metaspace: 28916K(29312K)->28916K(29312K) NonClass: 24047K(24256K)->24047K(24256K) Class: 4868K(5056K)->4868K(5056K)
[3204.025s][info][gc             ] GC(678) Pause Young (Concurrent Start) (G1 Evacuation Pause) 3558M->1382M(4096M) 115.356ms
[3204.025s][info][gc             ] GC(679) Concurrent Mark Cycle
[3204.025s][info][gc,marking     ] GC(679) Concurrent Scan Root Regions
[3204.025s][info][gc,cpu         ] GC(678) User=0.69s Sys=0.00s Real=0.12s
[3204.204s][info][gc,marking     ] GC(679) Concurrent Scan Root Regions 178.523ms
[3204.204s][info][gc,marking     ] GC(679) Concurrent Mark
[3204.204s][info][gc,marking     ] GC(679) Concurrent Mark From Roots
[3204.204s][info][gc,task        ] GC(679) Using 2 workers of 2 for marking
.[3205.180s][info][gc,marking     ] GC(679) Concurrent Mark From Roots 975.990ms
[3205.180s][info][gc,marking     ] GC(679) Concurrent Preclean
[3205.180s][info][gc,marking     ] GC(679) Concurrent Preclean 0.366ms
[3205.181s][info][gc,start       ] GC(679) Pause Remark
[3205.186s][info][gc             ] GC(679) Pause Remark 2244M->2244M(4096M) 5.055ms
[3205.186s][info][gc,cpu         ] GC(679) User=0.03s Sys=0.00s Real=0.01s
[3205.186s][info][gc,marking     ] GC(679) Concurrent Mark 982.053ms
[3205.186s][info][gc,marking     ] GC(679) Concurrent Rebuild Remembered Sets and Scrub Regions
[3205.455s][info][gc,marking     ] GC(679) Concurrent Rebuild Remembered Sets and Scrub Regions 269.138ms
[3205.455s][info][gc,start       ] GC(679) Pause Cleanup
[3205.455s][info][gc             ] GC(679) Pause Cleanup 2448M->2448M(4096M) 0.116ms
[3205.455s][info][gc,cpu         ] GC(679) User=0.00s Sys=0.00s Real=0.00s
[3205.455s][info][gc,marking     ] GC(679) Concurrent Clear Claimed Marks
[3205.455s][info][gc,marking     ] GC(679) Concurrent Clear Claimed Marks 0.023ms
[3205.455s][info][gc,marking     ] GC(679) Concurrent Cleanup for Next Mark
[3205.459s][info][gc,marking     ] GC(679) Concurrent Cleanup for Next Mark 3.821ms
[3205.459s][info][gc             ] GC(679) Concurrent Mark Cycle 1434.017ms
..[3207.275s][info][gc,start       ] GC(680) Pause Young (Prepare Mixed) (G1 Evacuation Pause)
[3207.275s][info][gc,task        ] GC(680) Using 6 workers of 6 for evacuation
[3207.396s][info][gc,phases      ] GC(680)   Pre Evacuate Collection Set: 0.33ms
[3207.396s][info][gc,phases      ] GC(680)   Merge Heap Roots: 0.52ms
[3207.396s][info][gc,phases      ] GC(680)   Evacuate Collection Set: 118.56ms
[3207.396s][info][gc,phases      ] GC(680)   Post Evacuate Collection Set: 0.93ms
[3207.396s][info][gc,phases      ] GC(680)   Other: 0.08ms
[3207.396s][info][gc,heap        ] GC(680) Eden regions: 1120->0(1106)
[3207.396s][info][gc,heap        ] GC(680) Survivor regions: 108->112(154)
[3207.396s][info][gc,heap        ] GC(680) Old regions: 504->535
[3207.396s][info][gc,heap        ] GC(680) Humongous regions: 80->80
[3207.396s][info][gc,metaspace   ] GC(680) Metaspace: 28916K(29312K)->28916K(29312K) NonClass: 24047K(24256K)->24047K(24256K) Class: 4868K(5056K)->4868K(5056K)
[3207.396s][info][gc             ] GC(680) Pause Young (Prepare Mixed) (G1 Evacuation Pause) 3622M->1451M(4096M) 120.563ms
[3207.396s][info][gc,cpu         ] GC(680) User=0.71s Sys=0.00s Real=0.12s
...[3210.665s][info][gc,start       ] GC(681) Pause Young (Mixed) (G1 Evacuation Pause)
[3210.665s][info][gc,task        ] GC(681) Using 6 workers of 6 for evacuation
[3210.798s][info][gc,phases      ] GC(681)   Pre Evacuate Collection Set: 0.37ms
[3210.798s][info][gc,phases      ] GC(681)   Merge Heap Roots: 0.73ms
[3210.798s][info][gc,phases      ] GC(681)   Evacuate Collection Set: 130.87ms
[3210.798s][info][gc,phases      ] GC(681)   Post Evacuate Collection Set: 0.95ms
[3210.798s][info][gc,phases      ] GC(681)   Other: 0.09ms
[3210.798s][info][gc,heap        ] GC(681) Eden regions: 1106->0(1119)
[3210.798s][info][gc,heap        ] GC(681) Survivor regions: 112->109(153)
[3210.798s][info][gc,heap        ] GC(681) Old regions: 535->472
[3210.798s][info][gc,heap        ] GC(681) Humongous regions: 80->80
[3210.798s][info][gc,metaspace   ] GC(681) Metaspace: 28916K(29312K)->28916K(29312K) NonClass: 24047K(24256K)->24047K(24256K) Class: 4868K(5056K)->4868K(5056K)
[3210.798s][info][gc             ] GC(681) Pause Young (Mixed) (G1 Evacuation Pause) 3663M->1321M(4096M) 133.175ms
[3210.798s][info][gc,cpu         ] GC(681) User=0.79s Sys=0.00s Real=0.13s
....[3214.080s][info][gc,start       ] GC(682) Pause Young (Concurrent Start) (G1 Evacuation Pause)
[3214.080s][info][gc,task        ] GC(682) Using 6 workers of 6 for evacuation
[3214.198s][info][gc,phases      ] GC(682)   Pre Evacuate Collection Set: 0.38ms
[3214.198s][info][gc,phases      ] GC(682)   Merge Heap Roots: 0.46ms
[3214.198s][info][gc,phases      ] GC(682)   Evacuate Collection Set: 115.79ms
[3214.198s][info][gc,phases      ] GC(682)   Post Evacuate Collection Set: 0.89ms
[3214.198s][info][gc,phases      ] GC(682)   Other: 0.11ms
[3214.198s][info][gc,heap        ] GC(682) Eden regions: 1119->0(1119)
[3214.198s][info][gc,heap        ] GC(682) Survivor regions: 109->109(154)
[3214.198s][info][gc,heap        ] GC(682) Old regions: 472->504
[3214.198s][info][gc,heap        ] GC(682) Humongous regions: 80->80
[3214.198s][info][gc,metaspace   ] GC(682) Metaspace: 28916K(29312K)->28916K(29312K) NonClass: 24047K(24256K)->24047K(24256K) Class: 4868K(5056K)->4868K(5056K)
[3214.198s][info][gc             ] GC(682) Pause Young (Concurrent Start) (G1 Evacuation Pause) 3559M->1384M(4096M) 117.753ms
[3214.198s][info][gc             ] GC(683) Concurrent Mark Cycle
[3214.198s][info][gc,marking     ] GC(683) Concurrent Scan Root Regions
[3214.198s][info][gc,cpu         ] GC(682) User=0.70s Sys=0.00s Real=0.12s
[3214.383s][info][gc,marking     ] GC(683) Concurrent Scan Root Regions 185.222ms
[3214.383s][info][gc,marking     ] GC(683) Concurrent Mark
[3214.383s][info][gc,marking     ] GC(683) Concurrent Mark From Roots
[3214.383s][info][gc,task        ] GC(683) Using 2 workers of 2 for marking
.[3215.175s][info][gc,marking     ] GC(683) Concurrent Mark From Roots 792.328ms
[3215.175s][info][gc,marking     ] GC(683) Concurrent Preclean
[3215.175s][info][gc,marking     ] GC(683) Concurrent Preclean 0.103ms
[3215.176s][info][gc,start       ] GC(683) Pause Remark
[3215.181s][info][gc             ] GC(683) Pause Remark 2108M->2108M(4096M) 5.648ms
[3215.181s][info][gc,cpu         ] GC(683) User=0.03s Sys=0.01s Real=0.00s
[3215.181s][info][gc,marking     ] GC(683) Concurrent Mark 798.333ms
[3215.181s][info][gc,marking     ] GC(683) Concurrent Rebuild Remembered Sets and Scrub Regions
[3215.506s][info][gc,marking     ] GC(683) Concurrent Rebuild Remembered Sets and Scrub Regions 324.270ms
[3215.506s][info][gc,start       ] GC(683) Pause Cleanup
[3215.506s][info][gc             ] GC(683) Pause Cleanup 2381M->2381M(4096M) 0.127ms
[3215.506s][info][gc,cpu         ] GC(683) User=0.00s Sys=0.00s Real=0.00s
[3215.506s][info][gc,marking     ] GC(683) Concurrent Clear Claimed Marks
[3215.506s][info][gc,marking     ] GC(683) Concurrent Clear Claimed Marks 0.032ms
[3215.506s][info][gc,marking     ] GC(683) Concurrent Cleanup for Next Mark
[3215.511s][info][gc,marking     ] GC(683) Concurrent Cleanup for Next Mark 4.934ms
[3215.511s][info][gc             ] GC(683) Concurrent Mark Cycle 1313.603ms
..[3217.434s][info][gc,start       ] GC(684) Pause Young (Prepare Mixed) (G1 Evacuation Pause)
[3217.434s][info][gc,task        ] GC(684) Using 6 workers of 6 for evacuation
[3217.550s][info][gc,phases      ] GC(684)   Pre Evacuate Collection Set: 0.35ms
[3217.550s][info][gc,phases      ] GC(684)   Merge Heap Roots: 0.49ms
[3217.550s][info][gc,phases      ] GC(684)   Evacuate Collection Set: 114.10ms
[3217.550s][info][gc,phases      ] GC(684)   Post Evacuate Collection Set: 0.94ms
[3217.550s][info][gc,phases      ] GC(684)   Other: 0.09ms
[3217.550s][info][gc,heap        ] GC(684) Eden regions: 1119->0(1115)
[3217.550s][info][gc,heap        ] GC(684) Survivor regions: 109->107(154)
[3217.550s][info][gc,heap        ] GC(684) Old regions: 504->536
[3217.550s][info][gc,heap        ] GC(684) Humongous regions: 80->80
[3217.550s][info][gc,metaspace   ] GC(684) Metaspace: 28916K(29312K)->28916K(29312K) NonClass: 24047K(24256K)->24047K(24256K) Class: 4868K(5056K)->4868K(5056K)
[3217.550s][info][gc             ] GC(684) Pause Young (Prepare Mixed) (G1 Evacuation Pause) 3622M->1445M(4096M) 116.086ms
[3217.550s][info][gc,cpu         ] GC(684) User=0.69s Sys=0.00s Real=0.11s
...[3220.851s][info][gc,start       ] GC(685) Pause Young (Mixed) (G1 Evacuation Pause)
[3220.851s][info][gc,task        ] GC(685) Using 6 workers of 6 for evacuation
[3220.983s][info][gc,phases      ] GC(685)   Pre Evacuate Collection Set: 0.38ms
[3220.983s][info][gc,phases      ] GC(685)   Merge Heap Roots: 0.64ms
[3220.983s][info][gc,phases      ] GC(685)   Evacuate Collection Set: 129.98ms
[3220.983s][info][gc,phases      ] GC(685)   Post Evacuate Collection Set: 0.99ms
[3220.983s][info][gc,phases      ] GC(685)   Other: 0.09ms
[3220.983s][info][gc,heap        ] GC(685) Eden regions: 1115->0(1119)
[3220.983s][info][gc,heap        ] GC(685) Survivor regions: 107->109(153)
[3220.983s][info][gc,heap        ] GC(685) Old regions: 536->472
[3220.983s][info][gc,heap        ] GC(685) Humongous regions: 80->80
[3220.983s][info][gc,metaspace   ] GC(685) Metaspace: 28916K(29312K)->28916K(29312K) NonClass: 24047K(24256K)->24047K(24256K) Class: 4868K(5056K)->4868K(5056K)
[3220.983s][info][gc             ] GC(685) Pause Young (Mixed) (G1 Evacuation Pause) 3675M->1319M(4096M) 132.214ms
[3220.983s][info][gc,cpu         ] GC(685) User=0.78s Sys=0.00s Real=0.14s
....[3224.250s][info][gc,start       ] GC(686) Pause Young (Concurrent Start) (G1 Evacuation Pause)
[3224.250s][info][gc,task        ] GC(686) Using 6 workers of 6 for evacuation
[3224.372s][info][gc,phases      ] GC(686)   Pre Evacuate Collection Set: 0.38ms
[3224.373s][info][gc,phases      ] GC(686)   Merge Heap Roots: 0.44ms
[3224.373s][info][gc,phases      ] GC(686)   Evacuate Collection Set: 120.16ms
[3224.373s][info][gc,phases      ] GC(686)   Post Evacuate Collection Set: 0.91ms
[3224.373s][info][gc,phases      ] GC(686)   Other: 0.11ms
[3224.373s][info][gc,heap        ] GC(686) Eden regions: 1119->0(1114)
[3224.373s][info][gc,heap        ] GC(686) Survivor regions: 109->114(154)
[3224.373s][info][gc,heap        ] GC(686) Old regions: 472->503
[3224.373s][info][gc,heap        ] GC(686) Humongous regions: 80->80
[3224.373s][info][gc,metaspace   ] GC(686) Metaspace: 28916K(29312K)->28916K(29312K) NonClass: 24047K(24256K)->24047K(24256K) Class: 4868K(5056K)->4868K(5056K)
[3224.373s][info][gc             ] GC(686) Pause Young (Concurrent Start) (G1 Evacuation Pause) 3557M->1392M(4096M) 122.149ms
[3224.373s][info][gc             ] GC(687) Concurrent Mark Cycle
[3224.373s][info][gc,marking     ] GC(687) Concurrent Scan Root Regions
[3224.373s][info][gc,cpu         ] GC(686) User=0.72s Sys=0.00s Real=0.13s
[3224.563s][info][gc,marking     ] GC(687) Concurrent Scan Root Regions 190.835ms
[3224.564s][info][gc,marking     ] GC(687) Concurrent Mark
[3224.564s][info][gc,marking     ] GC(687) Concurrent Mark From Roots
[3224.564s][info][gc,task        ] GC(687) Using 2 workers of 2 for marking
.[3225.499s][info][gc,marking     ] GC(687) Concurrent Mark From Roots 935.253ms
[3225.499s][info][gc,marking     ] GC(687) Concurrent Preclean
[3225.499s][info][gc,marking     ] GC(687) Concurrent Preclean 0.413ms
[3225.499s][info][gc,start       ] GC(687) Pause Remark
[3225.505s][info][gc             ] GC(687) Pause Remark 2208M->2208M(4096M) 5.355ms
[3225.505s][info][gc,cpu         ] GC(687) User=0.03s Sys=0.00s Real=0.01s
[3225.505s][info][gc,marking     ] GC(687) Concurrent Mark 941.311ms
[3225.505s][info][gc,marking     ] GC(687) Concurrent Rebuild Remembered Sets and Scrub Regions
[3225.857s][info][gc,marking     ] GC(687) Concurrent Rebuild Remembered Sets and Scrub Regions 352.550ms
[3225.858s][info][gc,start       ] GC(687) Pause Cleanup
[3225.858s][info][gc             ] GC(687) Pause Cleanup 2432M->2432M(4096M) 0.109ms
[3225.858s][info][gc,cpu         ] GC(687) User=0.00s Sys=0.00s Real=0.00s
[3225.858s][info][gc,marking     ] GC(687) Concurrent Clear Claimed Marks
[3225.858s][info][gc,marking     ] GC(687) Concurrent Clear Claimed Marks 0.032ms
[3225.858s][info][gc,marking     ] GC(687) Concurrent Cleanup for Next Mark
[3225.863s][info][gc,marking     ] GC(687) Concurrent Cleanup for Next Mark 4.986ms
[3225.863s][info][gc             ] GC(687) Concurrent Mark Cycle 1490.290ms
..[3227.640s][info][gc,start       ] GC(688) Pause Young (Prepare Mixed) (G1 Evacuation Pause)
[3227.640s][info][gc,task        ] GC(688) Using 6 workers of 6 for evacuation
[3227.757s][info][gc,phases      ] GC(688)   Pre Evacuate Collection Set: 0.35ms
[3227.757s][info][gc,phases      ] GC(688)   Merge Heap Roots: 0.53ms
[3227.757s][info][gc,phases      ] GC(688)   Evacuate Collection Set: 115.05ms
[3227.757s][info][gc,phases      ] GC(688)   Post Evacuate Collection Set: 0.92ms
[3227.757s][info][gc,phases      ] GC(688)   Other: 0.09ms
[3227.757s][info][gc,heap        ] GC(688) Eden regions: 1114->0(1113)
[3227.757s][info][gc,heap        ] GC(688) Survivor regions: 114->109(154)
[3227.757s][info][gc,heap        ] GC(688) Old regions: 503->534
[3227.757s][info][gc,heap        ] GC(688) Humongous regions: 80->80
[3227.757s][info][gc,metaspace   ] GC(688) Metaspace: 28916K(29312K)->28916K(29312K) NonClass: 24047K(24256K)->24047K(24256K) Class: 4868K(5056K)->4868K(5056K)
[3227.757s][info][gc             ] GC(688) Pause Young (Prepare Mixed) (G1 Evacuation Pause) 3620M->1445M(4096M) 117.071ms
[3227.757s][info][gc,cpu         ] GC(688) User=0.69s Sys=0.00s Real=0.12s
...[3230.999s][info][gc,start       ] GC(689) Pause Young (Mixed) (G1 Evacuation Pause)
[3230.999s][info][gc,task        ] GC(689) Using 6 workers of 6 for evacuation
[3231.131s][info][gc,phases      ] GC(689)   Pre Evacuate Collection Set: 0.37ms
[3231.131s][info][gc,phases      ] GC(689)   Merge Heap Roots: 0.58ms
[3231.131s][info][gc,phases      ] GC(689)   Evacuate Collection Set: 130.21ms
[3231.131s][info][gc,phases      ] GC(689)   Post Evacuate Collection Set: 1.00ms
[3231.131s][info][gc,phases      ] GC(689)   Other: 0.09ms
[3231.131s][info][gc,heap        ] GC(689) Eden regions: 1113->0(1119)
[3231.131s][info][gc,heap        ] GC(689) Survivor regions: 109->109(153)
[3231.131s][info][gc,heap        ] GC(689) Old regions: 534->471
[3231.131s][info][gc,heap        ] GC(689) Humongous regions: 80->80
[3231.131s][info][gc,metaspace   ] GC(689) Metaspace: 28916K(29312K)->28916K(29312K) NonClass: 24047K(24256K)->24047K(24256K) Class: 4868K(5056K)->4868K(5056K)
[3231.131s][info][gc             ] GC(689) Pause Young (Mixed) (G1 Evacuation Pause) 3671M->1318M(4096M) 132.402ms
[3231.131s][info][gc,cpu         ] GC(689) User=0.79s Sys=0.00s Real=0.13s
....[3234.429s][info][gc,start       ] GC(690) Pause Young (Concurrent Start) (G1 Evacuation Pause)
[3234.430s][info][gc,task        ] GC(690) Using 6 workers of 6 for evacuation
[3234.548s][info][gc,phases      ] GC(690)   Pre Evacuate Collection Set: 0.41ms
[3234.548s][info][gc,phases      ] GC(690)   Merge Heap Roots: 0.52ms
[3234.548s][info][gc,phases      ] GC(690)   Evacuate Collection Set: 116.42ms
[3234.548s][info][gc,phases      ] GC(690)   Post Evacuate Collection Set: 0.89ms
[3234.548s][info][gc,phases      ] GC(690)   Other: 0.13ms
[3234.548s][info][gc,heap        ] GC(690) Eden regions: 1119->0(1119)
[3234.548s][info][gc,heap        ] GC(690) Survivor regions: 109->109(154)
[3234.548s][info][gc,heap        ] GC(690) Old regions: 471->502
[3234.548s][info][gc,heap        ] GC(690) Humongous regions: 80->80
[3234.548s][info][gc,metaspace   ] GC(690) Metaspace: 28916K(29312K)->28916K(29312K) NonClass: 24047K(24256K)->24047K(24256K) Class: 4868K(5056K)->4868K(5056K)
[3234.548s][info][gc             ] GC(690) Pause Young (Concurrent Start) (G1 Evacuation Pause) 3556M->1381M(4096M) 118.527ms
[3234.548s][info][gc             ] GC(691) Concurrent Mark Cycle
[3234.548s][info][gc,marking     ] GC(691) Concurrent Scan Root Regions
[3234.548s][info][gc,cpu         ] GC(690) User=0.70s Sys=0.00s Real=0.12s
[3234.738s][info][gc,marking     ] GC(691) Concurrent Scan Root Regions 189.522ms
[3234.738s][info][gc,marking     ] GC(691) Concurrent Mark
[3234.738s][info][gc,marking     ] GC(691) Concurrent Mark From Roots
[3234.738s][info][gc,task        ] GC(691) Using 2 workers of 2 for marking
.[3235.535s][info][gc,marking     ] GC(691) Concurrent Mark From Roots 796.983ms
[3235.535s][info][gc,marking     ] GC(691) Concurrent Preclean
[3235.535s][info][gc,marking     ] GC(691) Concurrent Preclean 0.196ms
[3235.535s][info][gc,start       ] GC(691) Pause Remark
[3235.540s][info][gc             ] GC(691) Pause Remark 2106M->2106M(4096M) 4.652ms
[3235.540s][info][gc,cpu         ] GC(691) User=0.03s Sys=0.00s Real=0.00s
[3235.540s][info][gc,marking     ] GC(691) Concurrent Mark 802.109ms
[3235.540s][info][gc,marking     ] GC(691) Concurrent Rebuild Remembered Sets and Scrub Regions
[3235.839s][info][gc,marking     ] GC(691) Concurrent Rebuild Remembered Sets and Scrub Regions 299.648ms
[3235.840s][info][gc,start       ] GC(691) Pause Cleanup
[3235.840s][info][gc             ] GC(691) Pause Cleanup 2319M->2319M(4096M) 0.115ms
[3235.840s][info][gc,cpu         ] GC(691) User=0.00s Sys=0.00s Real=0.00s
[3235.840s][info][gc,marking     ] GC(691) Concurrent Clear Claimed Marks
[3235.840s][info][gc,marking     ] GC(691) Concurrent Clear Claimed Marks 0.030ms
[3235.840s][info][gc,marking     ] GC(691) Concurrent Cleanup for Next Mark
[3235.846s][info][gc,marking     ] GC(691) Concurrent Cleanup for Next Mark 5.680ms
[3235.846s][info][gc             ] GC(691) Concurrent Mark Cycle 1298.030ms
..[3237.785s][info][gc,start       ] GC(692) Pause Young (Prepare Mixed) (G1 Evacuation Pause)
[3237.785s][info][gc,task        ] GC(692) Using 6 workers of 6 for evacuation
[3237.904s][info][gc,phases      ] GC(692)   Pre Evacuate Collection Set: 0.32ms
[3237.904s][info][gc,phases      ] GC(692)   Merge Heap Roots: 0.49ms
[3237.904s][info][gc,phases      ] GC(692)   Evacuate Collection Set: 117.33ms
[3237.904s][info][gc,phases      ] GC(692)   Post Evacuate Collection Set: 0.93ms
[3237.904s][info][gc,phases      ] GC(692)   Other: 0.09ms
[3237.904s][info][gc,heap        ] GC(692) Eden regions: 1119->0(1109)
[3237.904s][info][gc,heap        ] GC(692) Survivor regions: 109->111(154)
[3237.904s][info][gc,heap        ] GC(692) Old regions: 502->534
[3237.904s][info][gc,heap        ] GC(692) Humongous regions: 80->80
[3237.904s][info][gc,metaspace   ] GC(692) Metaspace: 28916K(29312K)->28916K(29312K) NonClass: 24047K(24256K)->24047K(24256K) Class: 4868K(5056K)->4868K(5056K)
[3237.904s][info][gc             ] GC(692) Pause Young (Prepare Mixed) (G1 Evacuation Pause) 3619M->1447M(4096M) 119.307ms
[3237.904s][info][gc,cpu         ] GC(692) User=0.71s Sys=0.00s Real=0.12s
....[3241.207s][info][gc,start       ] GC(693) Pause Young (Mixed) (G1 Evacuation Pause)
[3241.207s][info][gc,task        ] GC(693) Using 6 workers of 6 for evacuation
[3241.344s][info][gc,phases      ] GC(693)   Pre Evacuate Collection Set: 0.37ms
[3241.344s][info][gc,phases      ] GC(693)   Merge Heap Roots: 0.67ms
[3241.344s][info][gc,phases      ] GC(693)   Evacuate Collection Set: 134.72ms
[3241.344s][info][gc,phases      ] GC(693)   Post Evacuate Collection Set: 0.99ms
[3241.344s][info][gc,phases      ] GC(693)   Other: 0.09ms
[3241.344s][info][gc,heap        ] GC(693) Eden regions: 1109->0(1116)
[3241.344s][info][gc,heap        ] GC(693) Survivor regions: 111->112(153)
[3241.344s][info][gc,heap        ] GC(693) Old regions: 534->472
[3241.344s][info][gc,heap        ] GC(693) Humongous regions: 80->80
[3241.344s][info][gc,metaspace   ] GC(693) Metaspace: 28916K(29312K)->28916K(29312K) NonClass: 24047K(24256K)->24047K(24256K) Class: 4868K(5056K)->4868K(5056K)
[3241.344s][info][gc             ] GC(693) Pause Young (Mixed) (G1 Evacuation Pause) 3665M->1327M(4096M) 136.983ms
[3241.344s][info][gc,cpu         ] GC(693) User=0.81s Sys=0.00s Real=0.14s
...[3244.603s][info][gc,start       ] GC(694) Pause Young (Concurrent Start) (G1 Evacuation Pause)
[3244.603s][info][gc,task        ] GC(694) Using 6 workers of 6 for evacuation
[3244.719s][info][gc,phases      ] GC(694)   Pre Evacuate Collection Set: 0.35ms
[3244.719s][info][gc,phases      ] GC(694)   Merge Heap Roots: 0.44ms
[3244.719s][info][gc,phases      ] GC(694)   Evacuate Collection Set: 114.01ms
[3244.719s][info][gc,phases      ] GC(694)   Post Evacuate Collection Set: 0.92ms
[3244.719s][info][gc,phases      ] GC(694)   Other: 0.11ms
[3244.719s][info][gc,heap        ] GC(694) Eden regions: 1116->0(1118)
[3244.719s][info][gc,heap        ] GC(694) Survivor regions: 112->110(154)
[3244.719s][info][gc,heap        ] GC(694) Old regions: 472->503
[3244.719s][info][gc,heap        ] GC(694) Humongous regions: 80->80
[3244.719s][info][gc,metaspace   ] GC(694) Metaspace: 28916K(29312K)->28916K(29312K) NonClass: 24047K(24256K)->24047K(24256K) Class: 4868K(5056K)->4868K(5056K)
[3244.719s][info][gc             ] GC(694) Pause Young (Concurrent Start) (G1 Evacuation Pause) 3559M->1384M(4096M) 115.963ms
[3244.719s][info][gc             ] GC(695) Concurrent Mark Cycle
[3244.719s][info][gc,marking     ] GC(695) Concurrent Scan Root Regions
[3244.719s][info][gc,cpu         ] GC(694) User=0.69s Sys=0.00s Real=0.11s
[3244.899s][info][gc,marking     ] GC(695) Concurrent Scan Root Regions 179.289ms
[3244.899s][info][gc,marking     ] GC(695) Concurrent Mark
[3244.899s][info][gc,marking     ] GC(695) Concurrent Mark From Roots
[3244.899s][info][gc,task        ] GC(695) Using 2 workers of 2 for marking
.[3245.579s][info][gc,marking     ] GC(695) Concurrent Mark From Roots 680.442ms
[3245.579s][info][gc,marking     ] GC(695) Concurrent Preclean
[3245.579s][info][gc,marking     ] GC(695) Concurrent Preclean 0.248ms
[3245.579s][info][gc,start       ] GC(695) Pause Remark
[3245.584s][info][gc             ] GC(695) Pause Remark 2018M->2018M(4096M) 4.145ms
[3245.584s][info][gc,cpu         ] GC(695) User=0.02s Sys=0.00s Real=0.01s
[3245.584s][info][gc,marking     ] GC(695) Concurrent Mark 685.213ms
[3245.584s][info][gc,marking     ] GC(695) Concurrent Rebuild Remembered Sets and Scrub Regions
[3245.795s][info][gc,marking     ] GC(695) Concurrent Rebuild Remembered Sets and Scrub Regions 211.640ms
[3245.796s][info][gc,start       ] GC(695) Pause Cleanup
[3245.796s][info][gc             ] GC(695) Pause Cleanup 2174M->2174M(4096M) 0.114ms
[3245.796s][info][gc,cpu         ] GC(695) User=0.00s Sys=0.00s Real=0.00s
[3245.796s][info][gc,marking     ] GC(695) Concurrent Clear Claimed Marks
[3245.796s][info][gc,marking     ] GC(695) Concurrent Clear Claimed Marks 0.023ms
[3245.796s][info][gc,marking     ] GC(695) Concurrent Cleanup for Next Mark
[3245.800s][info][gc,marking     ] GC(695) Concurrent Cleanup for Next Mark 4.425ms
[3245.800s][info][gc             ] GC(695) Concurrent Mark Cycle 1081.061ms
..[3247.949s][info][gc,start       ] GC(696) Pause Young (Prepare Mixed) (G1 Evacuation Pause)
[3247.949s][info][gc,task        ] GC(696) Using 6 workers of 6 for evacuation
[3248.065s][info][gc,phases      ] GC(696)   Pre Evacuate Collection Set: 0.34ms
[3248.065s][info][gc,phases      ] GC(696)   Merge Heap Roots: 0.49ms
[3248.065s][info][gc,phases      ] GC(696)   Evacuate Collection Set: 114.31ms
[3248.065s][info][gc,phases      ] GC(696)   Post Evacuate Collection Set: 0.93ms
[3248.065s][info][gc,phases      ] GC(696)   Other: 0.09ms
[3248.065s][info][gc,heap        ] GC(696) Eden regions: 1118->0(1114)
[3248.065s][info][gc,heap        ] GC(696) Survivor regions: 110->108(154)
[3248.065s][info][gc,heap        ] GC(696) Old regions: 503->535
[3248.065s][info][gc,heap        ] GC(696) Humongous regions: 80->80
[3248.065s][info][gc,metaspace   ] GC(696) Metaspace: 28916K(29312K)->28916K(29312K) NonClass: 24047K(24256K)->24047K(24256K) Class: 4868K(5056K)->4868K(5056K)
[3248.065s][info][gc             ] GC(696) Pause Young (Prepare Mixed) (G1 Evacuation Pause) 3620M->1444M(4096M) 116.284ms
[3248.065s][info][gc,cpu         ] GC(696) User=0.69s Sys=0.00s Real=0.12s
....[3251.371s][info][gc,start       ] GC(697) Pause Young (Mixed) (G1 Evacuation Pause)
[3251.371s][info][gc,task        ] GC(697) Using 6 workers of 6 for evacuation
[3251.508s][info][gc,phases      ] GC(697)   Pre Evacuate Collection Set: 0.36ms
[3251.508s][info][gc,phases      ] GC(697)   Merge Heap Roots: 0.61ms
[3251.508s][info][gc,phases      ] GC(697)   Evacuate Collection Set: 135.51ms
[3251.508s][info][gc,phases      ] GC(697)   Post Evacuate Collection Set: 0.95ms
[3251.508s][info][gc,phases      ] GC(697)   Other: 0.08ms
[3251.508s][info][gc,heap        ] GC(697) Eden regions: 1114->0(1118)
[3251.508s][info][gc,heap        ] GC(697) Survivor regions: 108->110(153)
[3251.508s][info][gc,heap        ] GC(697) Old regions: 535->471
[3251.508s][info][gc,heap        ] GC(697) Humongous regions: 80->80
[3251.508s][info][gc,metaspace   ] GC(697) Metaspace: 28916K(29312K)->28916K(29312K) NonClass: 24047K(24256K)->24047K(24256K) Class: 4868K(5056K)->4868K(5056K)
[3251.508s][info][gc             ] GC(697) Pause Young (Mixed) (G1 Evacuation Pause) 3672M->1320M(4096M) 137.630ms
[3251.508s][info][gc,cpu         ] GC(697) User=0.82s Sys=0.00s Real=0.14s
... (rIR:aIR:PR = 5535:5540:5540) (tPR = 82317) [OK] 
  3253s: Performance info:
         Transaction,    Success,    Partial,     Failed,   Receipts, AvgBarcode, 
             Overall,     334120,          0,          0,     317444,      59.47, 
         Response times:
             Request,    Success,    Partial,     Failed,   SkipFail,     Probes,    Samples,      min,      p50,      p90,      p95,      p99,      max, 
       TotalPurchase,     317416,          0,          0,          0,     311584,     348815,      300,     4600,    10900,    28000,    86000,   219000,
     InStorePurchase,     167015,          0,          0,          0,     164400,     183590,      300,     4400,    10800,    27000,    85000,   211000,
      OnlinePurchase,     116983,          0,          0,          0,     114819,     128571,      300,     4600,    11000,    28000,    87000,   219000,
        InstPurchase,      33418,          0,          0,          0,      32365,      36654,      400,     5000,    11300,    30000,    89000,   192000,
          AssocOfCat,        333,          0,          0,          0,        254,        368,    21000,    33500,    60100,    76200,   142850,   216000,
      AssocOfProduct,       3341,          0,          0,          0,       3111,       3722,      500,     2800,     7200,    19600,    66540,   158000,
      BusinessReport,        831,          0,          0,          0,        712,        929,    19400,    36000,    64000,    93000,   179400,   213000,
          CustBuyBeh,       3335,          0,          0,          0,       3108,       3681,      200,     3900,     9400,    27000,    80180,   178000,
       ProductReturn,       8845,          0,          0,          0,       8365,       9636,      300,     3400,     9400,    21000,    78000,   198000,

  3253s: (41%)   IR =   5673 [3254.792s][info][gc,start       ] GC(698) Pause Young (Concurrent Start) (G1 Evacuation Pause)
[3254.792s][info][gc,task        ] GC(698) Using 6 workers of 6 for evacuation
[3254.911s][info][gc,phases      ] GC(698)   Pre Evacuate Collection Set: 0.37ms
[3254.911s][info][gc,phases      ] GC(698)   Merge Heap Roots: 0.44ms
[3254.911s][info][gc,phases      ] GC(698)   Evacuate Collection Set: 116.77ms
[3254.911s][info][gc,phases      ] GC(698)   Post Evacuate Collection Set: 0.94ms
[3254.911s][info][gc,phases      ] GC(698)   Other: 0.11ms
[3254.911s][info][gc,heap        ] GC(698) Eden regions: 1118->0(1117)
[3254.911s][info][gc,heap        ] GC(698) Survivor regions: 110->111(154)
[3254.911s][info][gc,heap        ] GC(698) Old regions: 471->503
[3254.911s][info][gc,heap        ] GC(698) Humongous regions: 80->80
[3254.911s][info][gc,metaspace   ] GC(698) Metaspace: 28916K(29312K)->28916K(29312K) NonClass: 24047K(24256K)->24047K(24256K) Class: 4868K(5056K)->4868K(5056K)
[3254.911s][info][gc             ] GC(698) Pause Young (Concurrent Start) (G1 Evacuation Pause) 3556M->1385M(4096M) 118.743ms
[3254.911s][info][gc             ] GC(699) Concurrent Mark Cycle
[3254.911s][info][gc,marking     ] GC(699) Concurrent Scan Root Regions
[3254.911s][info][gc,cpu         ] GC(698) User=0.71s Sys=0.00s Real=0.11s
[3255.053s][info][gc,marking     ] GC(699) Concurrent Scan Root Regions 142.162ms
[3255.053s][info][gc,marking     ] GC(699) Concurrent Mark
[3255.053s][info][gc,marking     ] GC(699) Concurrent Mark From Roots
[3255.053s][info][gc,task        ] GC(699) Using 2 workers of 2 for marking
.[3255.745s][info][gc,marking     ] GC(699) Concurrent Mark From Roots 692.100ms
[3255.745s][info][gc,marking     ] GC(699) Concurrent Preclean
[3255.746s][info][gc,marking     ] GC(699) Concurrent Preclean 0.196ms
[3255.746s][info][gc,start       ] GC(699) Pause Remark
[3255.750s][info][gc             ] GC(699) Pause Remark 2020M->2020M(4096M) 4.256ms
[3255.750s][info][gc,cpu         ] GC(699) User=0.02s Sys=0.00s Real=0.00s
[3255.750s][info][gc,marking     ] GC(699) Concurrent Mark 696.792ms
[3255.750s][info][gc,marking     ] GC(699) Concurrent Rebuild Remembered Sets and Scrub Regions
[3255.979s][info][gc,marking     ] GC(699) Concurrent Rebuild Remembered Sets and Scrub Regions 228.382ms
[3255.979s][info][gc,start       ] GC(699) Pause Cleanup
[3255.979s][info][gc             ] GC(699) Pause Cleanup 2161M->2161M(4096M) 0.124ms
[3255.979s][info][gc,cpu         ] GC(699) User=0.00s Sys=0.00s Real=0.00s
[3255.979s][info][gc,marking     ] GC(699) Concurrent Clear Claimed Marks
[3255.979s][info][gc,marking     ] GC(699) Concurrent Clear Claimed Marks 0.023ms
[3255.979s][info][gc,marking     ] GC(699) Concurrent Cleanup for Next Mark
[3255.984s][info][gc,marking     ] GC(699) Concurrent Cleanup for Next Mark 4.555ms
[3255.984s][info][gc             ] GC(699) Concurrent Mark Cycle 1072.691ms
..[3258.088s][info][gc,start       ] GC(700) Pause Young (Prepare Mixed) (G1 Evacuation Pause)
[3258.088s][info][gc,task        ] GC(700) Using 6 workers of 6 for evacuation
[3258.204s][info][gc,phases      ] GC(700)   Pre Evacuate Collection Set: 0.36ms
[3258.204s][info][gc,phases      ] GC(700)   Merge Heap Roots: 0.44ms
[3258.204s][info][gc,phases      ] GC(700)   Evacuate Collection Set: 114.21ms
[3258.204s][info][gc,phases      ] GC(700)   Post Evacuate Collection Set: 0.93ms
[3258.204s][info][gc,phases      ] GC(700)   Other: 0.10ms
[3258.204s][info][gc,heap        ] GC(700) Eden regions: 1117->0(1111)
[3258.204s][info][gc,heap        ] GC(700) Survivor regions: 111->110(154)
[3258.204s][info][gc,heap        ] GC(700) Old regions: 503->534
[3258.204s][info][gc,heap        ] GC(700) Humongous regions: 80->80
[3258.204s][info][gc,metaspace   ] GC(700) Metaspace: 28916K(29312K)->28916K(29312K) NonClass: 24047K(24256K)->24047K(24256K) Class: 4868K(5056K)->4868K(5056K)
[3258.204s][info][gc             ] GC(700) Pause Young (Prepare Mixed) (G1 Evacuation Pause) 3619M->1446M(4096M) 116.196ms
[3258.204s][info][gc,cpu         ] GC(700) User=0.69s Sys=0.00s Real=0.12s
....[3261.384s][info][gc,start       ] GC(701) Pause Young (Mixed) (G1 Evacuation Pause)
[3261.384s][info][gc,task        ] GC(701) Using 6 workers of 6 for evacuation
[3261.519s][info][gc,phases      ] GC(701)   Pre Evacuate Collection Set: 0.37ms
[3261.519s][info][gc,phases      ] GC(701)   Merge Heap Roots: 0.65ms
[3261.519s][info][gc,phases      ] GC(701)   Evacuate Collection Set: 132.74ms
[3261.519s][info][gc,phases      ] GC(701)   Post Evacuate Collection Set: 1.02ms
[3261.519s][info][gc,phases      ] GC(701)   Other: 0.09ms
[3261.519s][info][gc,heap        ] GC(701) Eden regions: 1111->0(1117)
[3261.519s][info][gc,heap        ] GC(701) Survivor regions: 110->111(153)
[3261.519s][info][gc,heap        ] GC(701) Old regions: 534->472
[3261.519s][info][gc,heap        ] GC(701) Humongous regions: 80->80
[3261.519s][info][gc,metaspace   ] GC(701) Metaspace: 28916K(29312K)->28916K(29312K) NonClass: 24047K(24256K)->24047K(24256K) Class: 4868K(5056K)->4868K(5056K)
[3261.519s][info][gc             ] GC(701) Pause Young (Mixed) (G1 Evacuation Pause) 3668M->1323M(4096M) 135.009ms
[3261.519s][info][gc,cpu         ] GC(701) User=0.80s Sys=0.00s Real=0.13s
..|.[3264.753s][info][gc,start       ] GC(702) Pause Young (Concurrent Start) (G1 Evacuation Pause)
[3264.753s][info][gc,task        ] GC(702) Using 6 workers of 6 for evacuation
[3264.875s][info][gc,phases      ] GC(702)   Pre Evacuate Collection Set: 0.34ms
[3264.875s][info][gc,phases      ] GC(702)   Merge Heap Roots: 0.45ms
[3264.875s][info][gc,phases      ] GC(702)   Evacuate Collection Set: 119.65ms
[3264.875s][info][gc,phases      ] GC(702)   Post Evacuate Collection Set: 0.96ms
[3264.875s][info][gc,phases      ] GC(702)   Other: 0.11ms
[3264.875s][info][gc,heap        ] GC(702) Eden regions: 1117->0(1116)
[3264.875s][info][gc,heap        ] GC(702) Survivor regions: 111->112(154)
[3264.875s][info][gc,heap        ] GC(702) Old regions: 472->504
[3264.875s][info][gc,heap        ] GC(702) Humongous regions: 80->80
[3264.875s][info][gc,metaspace   ] GC(702) Metaspace: 28916K(29312K)->28916K(29312K) NonClass: 24047K(24256K)->24047K(24256K) Class: 4868K(5056K)->4868K(5056K)
[3264.875s][info][gc             ] GC(702) Pause Young (Concurrent Start) (G1 Evacuation Pause) 3557M->1390M(4096M) 121.638ms
[3264.875s][info][gc             ] GC(703) Concurrent Mark Cycle
[3264.875s][info][gc,marking     ] GC(703) Concurrent Scan Root Regions
[3264.875s][info][gc,cpu         ] GC(702) User=0.72s Sys=0.00s Real=0.12s
[3265.031s][info][gc,marking     ] GC(703) Concurrent Scan Root Regions 156.378ms
[3265.031s][info][gc,marking     ] GC(703) Concurrent Mark
[3265.031s][info][gc,marking     ] GC(703) Concurrent Mark From Roots
[3265.031s][info][gc,task        ] GC(703) Using 2 workers of 2 for marking
.[3265.716s][info][gc,marking     ] GC(703) Concurrent Mark From Roots 684.737ms
[3265.716s][info][gc,marking     ] GC(703) Concurrent Preclean
[3265.716s][info][gc,marking     ] GC(703) Concurrent Preclean 0.184ms
[3265.717s][info][gc,start       ] GC(703) Pause Remark
[3265.721s][info][gc             ] GC(703) Pause Remark 2046M->2046M(4096M) 4.605ms
[3265.721s][info][gc,cpu         ] GC(703) User=0.02s Sys=0.00s Real=0.00s
[3265.721s][info][gc,marking     ] GC(703) Concurrent Mark 690.307ms
[3265.721s][info][gc,marking     ] GC(703) Concurrent Rebuild Remembered Sets and Scrub Regions
[3265.988s][info][gc,marking     ] GC(703) Concurrent Rebuild Remembered Sets and Scrub Regions 266.856ms
[3265.988s][info][gc,start       ] GC(703) Pause Cleanup
[3265.989s][info][gc             ] GC(703) Pause Cleanup 2226M->2226M(4096M) 0.099ms
[3265.989s][info][gc,cpu         ] GC(703) User=0.00s Sys=0.00s Real=0.00s
[3265.989s][info][gc,marking     ] GC(703) Concurrent Clear Claimed Marks
[3265.989s][info][gc,marking     ] GC(703) Concurrent Clear Claimed Marks 0.024ms
[3265.989s][info][gc,marking     ] GC(703) Concurrent Cleanup for Next Mark
[3265.992s][info][gc,marking     ] GC(703) Concurrent Cleanup for Next Mark 3.675ms
[3265.992s][info][gc             ] GC(703) Concurrent Mark Cycle 1117.688ms
..[3268.034s][info][gc,start       ] GC(704) Pause Young (Prepare Mixed) (G1 Evacuation Pause)
[3268.034s][info][gc,task        ] GC(704) Using 6 workers of 6 for evacuation
[3268.152s][info][gc,phases      ] GC(704)   Pre Evacuate Collection Set: 0.32ms
[3268.152s][info][gc,phases      ] GC(704)   Merge Heap Roots: 0.53ms
[3268.152s][info][gc,phases      ] GC(704)   Evacuate Collection Set: 116.58ms
[3268.152s][info][gc,phases      ] GC(704)   Post Evacuate Collection Set: 0.92ms
[3268.152s][info][gc,phases      ] GC(704)   Other: 0.09ms
[3268.152s][info][gc,heap        ] GC(704) Eden regions: 1116->0(1110)
[3268.152s][info][gc,heap        ] GC(704) Survivor regions: 112->110(154)
[3268.152s][info][gc,heap        ] GC(704) Old regions: 504->535
[3268.152s][info][gc,heap        ] GC(704) Humongous regions: 80->80
[3268.152s][info][gc,metaspace   ] GC(704) Metaspace: 28916K(29312K)->28916K(29312K) NonClass: 24047K(24256K)->24047K(24256K) Class: 4868K(5056K)->4868K(5056K)
[3268.152s][info][gc             ] GC(704) Pause Young (Prepare Mixed) (G1 Evacuation Pause) 3622M->1449M(4096M) 118.562ms
[3268.152s][info][gc,cpu         ] GC(704) User=0.70s Sys=0.00s Real=0.12s
....[3271.308s][info][gc,start       ] GC(705) Pause Young (Mixed) (G1 Evacuation Pause)
[3271.308s][info][gc,task        ] GC(705) Using 6 workers of 6 for evacuation
[3271.444s][info][gc,phases      ] GC(705)   Pre Evacuate Collection Set: 0.35ms
[3271.444s][info][gc,phases      ] GC(705)   Merge Heap Roots: 0.64ms
[3271.444s][info][gc,phases      ] GC(705)   Evacuate Collection Set: 133.89ms
[3271.444s][info][gc,phases      ] GC(705)   Post Evacuate Collection Set: 0.96ms
[3271.444s][info][gc,phases      ] GC(705)   Other: 0.09ms
[3271.444s][info][gc,heap        ] GC(705) Eden regions: 1110->0(1116)
[3271.444s][info][gc,heap        ] GC(705) Survivor regions: 110->112(153)
[3271.444s][info][gc,heap        ] GC(705) Old regions: 535->473
[3271.444s][info][gc,heap        ] GC(705) Humongous regions: 80->80
[3271.444s][info][gc,metaspace   ] GC(705) Metaspace: 28916K(29312K)->28916K(29312K) NonClass: 24047K(24256K)->24047K(24256K) Class: 4868K(5056K)->4868K(5056K)
[3271.444s][info][gc             ] GC(705) Pause Young (Mixed) (G1 Evacuation Pause) 3669M->1328M(4096M) 136.065ms
[3271.444s][info][gc,cpu         ] GC(705) User=0.81s Sys=0.00s Real=0.14s
...[3274.646s][info][gc,start       ] GC(706) Pause Young (Concurrent Start) (G1 Evacuation Pause)
[3274.646s][info][gc,task        ] GC(706) Using 6 workers of 6 for evacuation
[3274.761s][info][gc,phases      ] GC(706)   Pre Evacuate Collection Set: 0.37ms
[3274.761s][info][gc,phases      ] GC(706)   Merge Heap Roots: 0.44ms
[3274.761s][info][gc,phases      ] GC(706)   Evacuate Collection Set: 113.10ms
[3274.761s][info][gc,phases      ] GC(706)   Post Evacuate Collection Set: 0.90ms
[3274.761s][info][gc,phases      ] GC(706)   Other: 0.11ms
[3274.761s][info][gc,heap        ] GC(706) Eden regions: 1116->0(1120)
[3274.761s][info][gc,heap        ] GC(706) Survivor regions: 112->108(154)
[3274.761s][info][gc,heap        ] GC(706) Old regions: 473->504
[3274.761s][info][gc,heap        ] GC(706) Humongous regions: 80->80
[3274.761s][info][gc,metaspace   ] GC(706) Metaspace: 28916K(29312K)->28916K(29312K) NonClass: 24047K(24256K)->24047K(24256K) Class: 4868K(5056K)->4868K(5056K)
[3274.761s][info][gc             ] GC(706) Pause Young (Concurrent Start) (G1 Evacuation Pause) 3560M->1382M(4096M) 115.049ms
[3274.761s][info][gc             ] GC(707) Concurrent Mark Cycle
[3274.761s][info][gc,marking     ] GC(707) Concurrent Scan Root Regions
[3274.761s][info][gc,cpu         ] GC(706) User=0.68s Sys=0.00s Real=0.11s
[3274.898s][info][gc,marking     ] GC(707) Concurrent Scan Root Regions 136.223ms
[3274.898s][info][gc,marking     ] GC(707) Concurrent Mark
[3274.898s][info][gc,marking     ] GC(707) Concurrent Mark From Roots
[3274.898s][info][gc,task        ] GC(707) Using 2 workers of 2 for marking
.[3275.573s][info][gc,marking     ] GC(707) Concurrent Mark From Roots 675.240ms
[3275.573s][info][gc,marking     ] GC(707) Concurrent Preclean
[3275.573s][info][gc,marking     ] GC(707) Concurrent Preclean 0.110ms
[3275.573s][info][gc,start       ] GC(707) Pause Remark
[3275.579s][info][gc             ] GC(707) Pause Remark 2017M->2017M(4096M) 5.233ms
[3275.579s][info][gc,cpu         ] GC(707) User=0.03s Sys=0.00s Real=0.00s
[3275.579s][info][gc,marking     ] GC(707) Concurrent Mark 680.852ms
[3275.579s][info][gc,marking     ] GC(707) Concurrent Rebuild Remembered Sets and Scrub Regions
[3275.817s][info][gc,marking     ] GC(707) Concurrent Rebuild Remembered Sets and Scrub Regions 237.934ms
[3275.817s][info][gc,start       ] GC(707) Pause Cleanup
[3275.817s][info][gc             ] GC(707) Pause Cleanup 2165M->2165M(4096M) 0.113ms
[3275.817s][info][gc,cpu         ] GC(707) User=0.00s Sys=0.00s Real=0.00s
[3275.817s][info][gc,marking     ] GC(707) Concurrent Clear Claimed Marks
[3275.817s][info][gc,marking     ] GC(707) Concurrent Clear Claimed Marks 0.031ms
[3275.817s][info][gc,marking     ] GC(707) Concurrent Cleanup for Next Mark
[3275.820s][info][gc,marking     ] GC(707) Concurrent Cleanup for Next Mark 3.475ms
[3275.820s][info][gc             ] GC(707) Concurrent Mark Cycle 1059.025ms
..[3277.994s][info][gc,start       ] GC(708) Pause Young (Prepare Mixed) (G1 Evacuation Pause)
[3277.994s][info][gc,task        ] GC(708) Using 6 workers of 6 for evacuation
[3278.111s][info][gc,phases      ] GC(708)   Pre Evacuate Collection Set: 0.34ms
[3278.111s][info][gc,phases      ] GC(708)   Merge Heap Roots: 0.46ms
[3278.111s][info][gc,phases      ] GC(708)   Evacuate Collection Set: 114.47ms
[3278.111s][info][gc,phases      ] GC(708)   Post Evacuate Collection Set: 0.92ms
[3278.111s][info][gc,phases      ] GC(708)   Other: 0.08ms
[3278.111s][info][gc,heap        ] GC(708) Eden regions: 1120->0(1110)
[3278.111s][info][gc,heap        ] GC(708) Survivor regions: 108->110(154)
[3278.111s][info][gc,heap        ] GC(708) Old regions: 504->535
[3278.111s][info][gc,heap        ] GC(708) Humongous regions: 80->80
[3278.111s][info][gc,metaspace   ] GC(708) Metaspace: 28916K(29312K)->28916K(29312K) NonClass: 24047K(24256K)->24047K(24256K) Class: 4868K(5056K)->4868K(5056K)
[3278.111s][info][gc             ] GC(708) Pause Young (Prepare Mixed) (G1 Evacuation Pause) 3622M->1449M(4096M) 116.425ms
[3278.111s][info][gc,cpu         ] GC(708) User=0.69s Sys=0.01s Real=0.11s
...[3281.266s][info][gc,start       ] GC(709) Pause Young (Mixed) (G1 Evacuation Pause)
[3281.266s][info][gc,task        ] GC(709) Using 6 workers of 6 for evacuation
[3281.401s][info][gc,phases      ] GC(709)   Pre Evacuate Collection Set: 0.38ms
[3281.401s][info][gc,phases      ] GC(709)   Merge Heap Roots: 0.66ms
[3281.401s][info][gc,phases      ] GC(709)   Evacuate Collection Set: 132.13ms
[3281.401s][info][gc,phases      ] GC(709)   Post Evacuate Collection Set: 0.96ms
[3281.401s][info][gc,phases      ] GC(709)   Other: 0.09ms
[3281.401s][info][gc,heap        ] GC(709) Eden regions: 1110->0(1118)
[3281.401s][info][gc,heap        ] GC(709) Survivor regions: 110->110(153)
[3281.401s][info][gc,heap        ] GC(709) Old regions: 535->472
[3281.401s][info][gc,heap        ] GC(709) Humongous regions: 80->80
[3281.401s][info][gc,metaspace   ] GC(709) Metaspace: 28916K(29312K)->28916K(29312K) NonClass: 24047K(24256K)->24047K(24256K) Class: 4868K(5056K)->4868K(5056K)
[3281.401s][info][gc             ] GC(709) Pause Young (Mixed) (G1 Evacuation Pause) 3669M->1322M(4096M) 134.345ms
[3281.401s][info][gc,cpu         ] GC(709) User=0.79s Sys=0.01s Real=0.13s
....[3284.574s][info][gc,start       ] GC(710) Pause Young (Concurrent Start) (G1 Evacuation Pause)
[3284.574s][info][gc,task        ] GC(710) Using 6 workers of 6 for evacuation
[3284.692s][info][gc,phases      ] GC(710)   Pre Evacuate Collection Set: 0.39ms
[3284.692s][info][gc,phases      ] GC(710)   Merge Heap Roots: 0.43ms
[3284.692s][info][gc,phases      ] GC(710)   Evacuate Collection Set: 116.15ms
[3284.692s][info][gc,phases      ] GC(710)   Post Evacuate Collection Set: 0.89ms
[3284.692s][info][gc,phases      ] GC(710)   Other: 0.11ms
[3284.692s][info][gc,heap        ] GC(710) Eden regions: 1118->0(1118)
[3284.692s][info][gc,heap        ] GC(710) Survivor regions: 110->110(154)
[3284.692s][info][gc,heap        ] GC(710) Old regions: 472->504
[3284.692s][info][gc,heap        ] GC(710) Humongous regions: 80->80
[3284.692s][info][gc,metaspace   ] GC(710) Metaspace: 28916K(29312K)->28916K(29312K) NonClass: 24047K(24256K)->24047K(24256K) Class: 4868K(5056K)->4868K(5056K)
[3284.692s][info][gc             ] GC(710) Pause Young (Concurrent Start) (G1 Evacuation Pause) 3558M->1386M(4096M) 118.124ms
[3284.692s][info][gc             ] GC(711) Concurrent Mark Cycle
[3284.692s][info][gc,marking     ] GC(711) Concurrent Scan Root Regions
[3284.692s][info][gc,cpu         ] GC(710) User=0.69s Sys=0.00s Real=0.11s
[3284.875s][info][gc,marking     ] GC(711) Concurrent Scan Root Regions 182.758ms
[3284.875s][info][gc,marking     ] GC(711) Concurrent Mark
[3284.875s][info][gc,marking     ] GC(711) Concurrent Mark From Roots
[3284.875s][info][gc,task        ] GC(711) Using 2 workers of 2 for marking
.[3285.693s][info][gc,marking     ] GC(711) Concurrent Mark From Roots 818.791ms
[3285.693s][info][gc,marking     ] GC(711) Concurrent Preclean
[3285.694s][info][gc,marking     ] GC(711) Concurrent Preclean 0.178ms
[3285.694s][info][gc,start       ] GC(711) Pause Remark
[3285.699s][info][gc             ] GC(711) Pause Remark 2141M->2141M(4096M) 4.870ms
[3285.699s][info][gc,cpu         ] GC(711) User=0.03s Sys=0.00s Real=0.00s
[3285.699s][info][gc,marking     ] GC(711) Concurrent Mark 824.123ms
[3285.699s][info][gc,marking     ] GC(711) Concurrent Rebuild Remembered Sets and Scrub Regions
[3285.969s][info][gc,marking     ] GC(711) Concurrent Rebuild Remembered Sets and Scrub Regions 269.783ms
[3285.969s][info][gc,start       ] GC(711) Pause Cleanup
[3285.969s][info][gc             ] GC(711) Pause Cleanup 2314M->2314M(4096M) 0.114ms
[3285.969s][info][gc,cpu         ] GC(711) User=0.00s Sys=0.00s Real=0.00s
[3285.969s][info][gc,marking     ] GC(711) Concurrent Clear Claimed Marks
[3285.969s][info][gc,marking     ] GC(711) Concurrent Clear Claimed Marks 0.020ms
[3285.969s][info][gc,marking     ] GC(711) Concurrent Cleanup for Next Mark
[3285.972s][info][gc,marking     ] GC(711) Concurrent Cleanup for Next Mark 3.277ms
[3285.972s][info][gc             ] GC(711) Concurrent Mark Cycle 1280.384ms
..[3287.891s][info][gc,start       ] GC(712) Pause Young (Prepare Mixed) (G1 Evacuation Pause)
[3287.892s][info][gc,task        ] GC(712) Using 6 workers of 6 for evacuation
[3288.008s][info][gc,phases      ] GC(712)   Pre Evacuate Collection Set: 0.36ms
[3288.008s][info][gc,phases      ] GC(712)   Merge Heap Roots: 0.47ms
[3288.008s][info][gc,phases      ] GC(712)   Evacuate Collection Set: 114.24ms
[3288.008s][info][gc,phases      ] GC(712)   Post Evacuate Collection Set: 0.94ms
[3288.008s][info][gc,phases      ] GC(712)   Other: 0.08ms
[3288.008s][info][gc,heap        ] GC(712) Eden regions: 1118->0(1112)
[3288.008s][info][gc,heap        ] GC(712) Survivor regions: 110->109(154)
[3288.008s][info][gc,heap        ] GC(712) Old regions: 504->535
[3288.008s][info][gc,heap        ] GC(712) Humongous regions: 80->80
[3288.008s][info][gc,metaspace   ] GC(712) Metaspace: 28916K(29312K)->28916K(29312K) NonClass: 24047K(24256K)->24047K(24256K) Class: 4868K(5056K)->4868K(5056K)
[3288.008s][info][gc             ] GC(712) Pause Young (Prepare Mixed) (G1 Evacuation Pause) 3622M->1447M(4096M) 116.216ms
[3288.008s][info][gc,cpu         ] GC(712) User=0.69s Sys=0.00s Real=0.12s
...[3291.243s][info][gc,start       ] GC(713) Pause Young (Mixed) (G1 Evacuation Pause)
[3291.243s][info][gc,task        ] GC(713) Using 6 workers of 6 for evacuation
[3291.376s][info][gc,phases      ] GC(713)   Pre Evacuate Collection Set: 0.39ms
[3291.376s][info][gc,phases      ] GC(713)   Merge Heap Roots: 0.70ms
[3291.376s][info][gc,phases      ] GC(713)   Evacuate Collection Set: 130.80ms
[3291.376s][info][gc,phases      ] GC(713)   Post Evacuate Collection Set: 0.92ms
[3291.376s][info][gc,phases      ] GC(713)   Other: 0.10ms
[3291.376s][info][gc,heap        ] GC(713) Eden regions: 1112->0(1119)
[3291.376s][info][gc,heap        ] GC(713) Survivor regions: 109->109(153)
[3291.376s][info][gc,heap        ] GC(713) Old regions: 535->473
[3291.376s][info][gc,heap        ] GC(713) Humongous regions: 80->80
[3291.376s][info][gc,metaspace   ] GC(713) Metaspace: 28916K(29312K)->28916K(29312K) NonClass: 24047K(24256K)->24047K(24256K) Class: 4868K(5056K)->4868K(5056K)
[3291.376s][info][gc             ] GC(713) Pause Young (Mixed) (G1 Evacuation Pause) 3671M->1323M(4096M) 133.047ms
[3291.376s][info][gc,cpu         ] GC(713) User=0.78s Sys=0.00s Real=0.13s
....[3294.493s][info][gc,start       ] GC(714) Pause Young (Concurrent Start) (G1 Evacuation Pause)
[3294.493s][info][gc,task        ] GC(714) Using 6 workers of 6 for evacuation
[3294.611s][info][gc,phases      ] GC(714)   Pre Evacuate Collection Set: 0.39ms
[3294.611s][info][gc,phases      ] GC(714)   Merge Heap Roots: 0.47ms
[3294.611s][info][gc,phases      ] GC(714)   Evacuate Collection Set: 115.68ms
[3294.611s][info][gc,phases      ] GC(714)   Post Evacuate Collection Set: 0.89ms
[3294.611s][info][gc,phases      ] GC(714)   Other: 0.12ms
[3294.611s][info][gc,heap        ] GC(714) Eden regions: 1119->0(1120)
[3294.611s][info][gc,heap        ] GC(714) Survivor regions: 109->108(154)
[3294.611s][info][gc,heap        ] GC(714) Old regions: 473->505
[3294.611s][info][gc,heap        ] GC(714) Humongous regions: 80->80
[3294.611s][info][gc,metaspace   ] GC(714) Metaspace: 28916K(29312K)->28916K(29312K) NonClass: 24047K(24256K)->24047K(24256K) Class: 4868K(5056K)->4868K(5056K)
[3294.611s][info][gc             ] GC(714) Pause Young (Concurrent Start) (G1 Evacuation Pause) 3561M->1384M(4096M) 117.687ms
[3294.611s][info][gc             ] GC(715) Concurrent Mark Cycle
[3294.611s][info][gc,marking     ] GC(715) Concurrent Scan Root Regions
[3294.611s][info][gc,cpu         ] GC(714) User=0.70s Sys=0.00s Real=0.11s
[3294.771s][info][gc,marking     ] GC(715) Concurrent Scan Root Regions 159.617ms
[3294.771s][info][gc,marking     ] GC(715) Concurrent Mark
[3294.771s][info][gc,marking     ] GC(715) Concurrent Mark From Roots
[3294.771s][info][gc,task        ] GC(715) Using 2 workers of 2 for marking
[3295.446s][info][gc,marking     ] GC(715) Concurrent Mark From Roots 675.475ms
[3295.446s][info][gc,marking     ] GC(715) Concurrent Preclean
[3295.447s][info][gc,marking     ] GC(715) Concurrent Preclean 0.178ms
[3295.447s][info][gc,start       ] GC(715) Pause Remark
[3295.451s][info][gc             ] GC(715) Pause Remark 1985M->1985M(4096M) 4.279ms
[3295.451s][info][gc,cpu         ] GC(715) User=0.03s Sys=0.00s Real=0.00s
[3295.454s][info][gc,marking     ] GC(715) Concurrent Mark 682.900ms
[3295.454s][info][gc,marking     ] GC(715) Concurrent Rebuild Remembered Sets and Scrub Regions
.[3295.660s][info][gc,marking     ] GC(715) Concurrent Rebuild Remembered Sets and Scrub Regions 206.305ms
[3295.661s][info][gc,start       ] GC(715) Pause Cleanup
[3295.661s][info][gc             ] GC(715) Pause Cleanup 2144M->2144M(4096M) 0.112ms
[3295.661s][info][gc,cpu         ] GC(715) User=0.00s Sys=0.00s Real=0.00s
[3295.661s][info][gc,marking     ] GC(715) Concurrent Clear Claimed Marks
[3295.661s][info][gc,marking     ] GC(715) Concurrent Clear Claimed Marks 0.032ms
[3295.661s][info][gc,marking     ] GC(715) Concurrent Cleanup for Next Mark
[3295.666s][info][gc,marking     ] GC(715) Concurrent Cleanup for Next Mark 5.337ms
[3295.666s][info][gc             ] GC(715) Concurrent Mark Cycle 1055.281ms
..[3297.909s][info][gc,start       ] GC(716) Pause Young (Prepare Mixed) (G1 Evacuation Pause)
[3297.909s][info][gc,task        ] GC(716) Using 6 workers of 6 for evacuation
[3298.028s][info][gc,phases      ] GC(716)   Pre Evacuate Collection Set: 0.30ms
[3298.028s][info][gc,phases      ] GC(716)   Merge Heap Roots: 0.55ms
[3298.028s][info][gc,phases      ] GC(716)   Evacuate Collection Set: 116.96ms
[3298.028s][info][gc,phases      ] GC(716)   Post Evacuate Collection Set: 0.88ms
[3298.028s][info][gc,phases      ] GC(716)   Other: 0.09ms
[3298.028s][info][gc,heap        ] GC(716) Eden regions: 1120->0(1109)
[3298.028s][info][gc,heap        ] GC(716) Survivor regions: 108->110(154)
[3298.028s][info][gc,heap        ] GC(716) Old regions: 505->536
[3298.028s][info][gc,heap        ] GC(716) Humongous regions: 80->80
[3298.028s][info][gc,metaspace   ] GC(716) Metaspace: 28916K(29312K)->28916K(29312K) NonClass: 24047K(24256K)->24047K(24256K) Class: 4868K(5056K)->4868K(5056K)
[3298.028s][info][gc             ] GC(716) Pause Young (Prepare Mixed) (G1 Evacuation Pause) 3624M->1451M(4096M) 118.924ms
[3298.028s][info][gc,cpu         ] GC(716) User=0.71s Sys=0.00s Real=0.12s
...[3301.127s][info][gc,start       ] GC(717) Pause Young (Mixed) (G1 Evacuation Pause)
[3301.127s][info][gc,task        ] GC(717) Using 6 workers of 6 for evacuation
[3301.258s][info][gc,phases      ] GC(717)   Pre Evacuate Collection Set: 0.39ms
[3301.258s][info][gc,phases      ] GC(717)   Merge Heap Roots: 0.64ms
[3301.258s][info][gc,phases      ] GC(717)   Evacuate Collection Set: 129.67ms
[3301.258s][info][gc,phases      ] GC(717)   Post Evacuate Collection Set: 0.95ms
[3301.258s][info][gc,phases      ] GC(717)   Other: 0.10ms
[3301.258s][info][gc,heap        ] GC(717) Eden regions: 1109->0(1118)
[3301.258s][info][gc,heap        ] GC(717) Survivor regions: 110->110(153)
[3301.258s][info][gc,heap        ] GC(717) Old regions: 536->471
[3301.258s][info][gc,heap        ] GC(717) Humongous regions: 80->80
[3301.258s][info][gc,metaspace   ] GC(717) Metaspace: 28916K(29312K)->28916K(29312K) NonClass: 24047K(24256K)->24047K(24256K) Class: 4868K(5056K)->4868K(5056K)
[3301.259s][info][gc             ] GC(717) Pause Young (Mixed) (G1 Evacuation Pause) 3669M->1319M(4096M) 131.861ms
[3301.259s][info][gc,cpu         ] GC(717) User=0.78s Sys=0.00s Real=0.13s
...[3304.362s][info][gc,start       ] GC(718) Pause Young (Concurrent Start) (G1 Evacuation Pause)
[3304.362s][info][gc,task        ] GC(718) Using 6 workers of 6 for evacuation
[3304.479s][info][gc,phases      ] GC(718)   Pre Evacuate Collection Set: 0.35ms
[3304.479s][info][gc,phases      ] GC(718)   Merge Heap Roots: 0.44ms
[3304.479s][info][gc,phases      ] GC(718)   Evacuate Collection Set: 115.29ms
[3304.479s][info][gc,phases      ] GC(718)   Post Evacuate Collection Set: 0.89ms
[3304.479s][info][gc,phases      ] GC(718)   Other: 0.10ms
[3304.479s][info][gc,heap        ] GC(718) Eden regions: 1118->0(1121)
[3304.479s][info][gc,heap        ] GC(718) Survivor regions: 110->107(154)
[3304.479s][info][gc,heap        ] GC(718) Old regions: 471->504
[3304.479s][info][gc,heap        ] GC(718) Humongous regions: 80->80
[3304.479s][info][gc,metaspace   ] GC(718) Metaspace: 28916K(29312K)->28916K(29312K) NonClass: 24047K(24256K)->24047K(24256K) Class: 4868K(5056K)->4868K(5056K)
[3304.479s][info][gc             ] GC(718) Pause Young (Concurrent Start) (G1 Evacuation Pause) 3555M->1380M(4096M) 117.211ms
[3304.479s][info][gc             ] GC(719) Concurrent Mark Cycle
[3304.479s][info][gc,marking     ] GC(719) Concurrent Scan Root Regions
[3304.479s][info][gc,cpu         ] GC(718) User=0.69s Sys=0.00s Real=0.12s
.[3304.650s][info][gc,marking     ] GC(719) Concurrent Scan Root Regions 171.288ms
[3304.650s][info][gc,marking     ] GC(719) Concurrent Mark
[3304.650s][info][gc,marking     ] GC(719) Concurrent Mark From Roots
[3304.650s][info][gc,task        ] GC(719) Using 2 workers of 2 for marking
[3305.375s][info][gc,marking     ] GC(719) Concurrent Mark From Roots 724.500ms
[3305.375s][info][gc,marking     ] GC(719) Concurrent Preclean
[3305.375s][info][gc,marking     ] GC(719) Concurrent Preclean 0.125ms
[3305.375s][info][gc,start       ] GC(719) Pause Remark
[3305.380s][info][gc             ] GC(719) Pause Remark 1988M->1988M(4096M) 4.297ms
[3305.380s][info][gc,cpu         ] GC(719) User=0.02s Sys=0.00s Real=0.00s
[3305.380s][info][gc,marking     ] GC(719) Concurrent Mark 729.173ms
[3305.380s][info][gc,marking     ] GC(719) Concurrent Rebuild Remembered Sets and Scrub Regions
.[3305.619s][info][gc,marking     ] GC(719) Concurrent Rebuild Remembered Sets and Scrub Regions 239.221ms
[3305.619s][info][gc,start       ] GC(719) Pause Cleanup
[3305.619s][info][gc             ] GC(719) Pause Cleanup 2141M->2141M(4096M) 0.107ms
[3305.619s][info][gc,cpu         ] GC(719) User=0.00s Sys=0.00s Real=0.00s
[3305.619s][info][gc,marking     ] GC(719) Concurrent Clear Claimed Marks
[3305.619s][info][gc,marking     ] GC(719) Concurrent Clear Claimed Marks 0.023ms
[3305.619s][info][gc,marking     ] GC(719) Concurrent Cleanup for Next Mark
[3305.624s][info][gc,marking     ] GC(719) Concurrent Cleanup for Next Mark 4.714ms
[3305.624s][info][gc             ] GC(719) Concurrent Mark Cycle 1144.889ms
..[3307.773s][info][gc,start       ] GC(720) Pause Young (Prepare Mixed) (G1 Evacuation Pause)
[3307.773s][info][gc,task        ] GC(720) Using 6 workers of 6 for evacuation
[3307.891s][info][gc,phases      ] GC(720)   Pre Evacuate Collection Set: 0.32ms
[3307.891s][info][gc,phases      ] GC(720)   Merge Heap Roots: 0.47ms
[3307.891s][info][gc,phases      ] GC(720)   Evacuate Collection Set: 115.51ms
[3307.891s][info][gc,phases      ] GC(720)   Post Evacuate Collection Set: 0.92ms
[3307.891s][info][gc,phases      ] GC(720)   Other: 0.09ms
[3307.891s][info][gc,heap        ] GC(720) Eden regions: 1121->0(1108)
[3307.891s][info][gc,heap        ] GC(720) Survivor regions: 107->111(154)
[3307.891s][info][gc,heap        ] GC(720) Old regions: 504->535
[3307.891s][info][gc,heap        ] GC(720) Humongous regions: 80->80
[3307.891s][info][gc,metaspace   ] GC(720) Metaspace: 28916K(29312K)->28916K(29312K) NonClass: 24047K(24256K)->24047K(24256K) Class: 4868K(5056K)->4868K(5056K)
[3307.891s][info][gc             ] GC(720) Pause Young (Prepare Mixed) (G1 Evacuation Pause) 3622M->1450M(4096M) 117.441ms
[3307.891s][info][gc,cpu         ] GC(720) User=0.69s Sys=0.00s Real=0.11s
...[3311.071s][info][gc,start       ] GC(721) Pause Young (Mixed) (G1 Evacuation Pause)
[3311.071s][info][gc,task        ] GC(721) Using 6 workers of 6 for evacuation
[3311.203s][info][gc,phases      ] GC(721)   Pre Evacuate Collection Set: 0.36ms
[3311.203s][info][gc,phases      ] GC(721)   Merge Heap Roots: 0.84ms
[3311.203s][info][gc,phases      ] GC(721)   Evacuate Collection Set: 129.99ms
[3311.203s][info][gc,phases      ] GC(721)   Post Evacuate Collection Set: 0.94ms
[3311.203s][info][gc,phases      ] GC(721)   Other: 0.09ms
[3311.203s][info][gc,heap        ] GC(721) Eden regions: 1108->0(1118)
[3311.203s][info][gc,heap        ] GC(721) Survivor regions: 111->110(153)
[3311.203s][info][gc,heap        ] GC(721) Old regions: 535->471
[3311.203s][info][gc,heap        ] GC(721) Humongous regions: 80->80
[3311.203s][info][gc,metaspace   ] GC(721) Metaspace: 28916K(29312K)->28916K(29312K) NonClass: 24047K(24256K)->24047K(24256K) Class: 4868K(5056K)->4868K(5056K)
[3311.203s][info][gc             ] GC(721) Pause Young (Mixed) (G1 Evacuation Pause) 3666M->1320M(4096M) 132.360ms
[3311.203s][info][gc,cpu         ] GC(721) User=0.78s Sys=0.00s Real=0.14s
...[3314.466s][info][gc,start       ] GC(722) Pause Young (Concurrent Start) (G1 Evacuation Pause)
[3314.466s][info][gc,task        ] GC(722) Using 6 workers of 6 for evacuation
[3314.582s][info][gc,phases      ] GC(722)   Pre Evacuate Collection Set: 0.38ms
[3314.582s][info][gc,phases      ] GC(722)   Merge Heap Roots: 0.47ms
[3314.582s][info][gc,phases      ] GC(722)   Evacuate Collection Set: 114.33ms
[3314.582s][info][gc,phases      ] GC(722)   Post Evacuate Collection Set: 0.89ms
[3314.582s][info][gc,phases      ] GC(722)   Other: 0.09ms
[3314.582s][info][gc,heap        ] GC(722) Eden regions: 1118->0(1120)
[3314.582s][info][gc,heap        ] GC(722) Survivor regions: 110->108(154)
[3314.582s][info][gc,heap        ] GC(722) Old regions: 471->503
[3314.582s][info][gc,heap        ] GC(722) Humongous regions: 80->80
[3314.582s][info][gc,metaspace   ] GC(722) Metaspace: 28916K(29312K)->28916K(29312K) NonClass: 24047K(24256K)->24047K(24256K) Class: 4868K(5056K)->4868K(5056K)
[3314.582s][info][gc             ] GC(722) Pause Young (Concurrent Start) (G1 Evacuation Pause) 3556M->1380M(4096M) 116.321ms
[3314.582s][info][gc             ] GC(723) Concurrent Mark Cycle
[3314.582s][info][gc,marking     ] GC(723) Concurrent Scan Root Regions
[3314.582s][info][gc,cpu         ] GC(722) User=0.69s Sys=0.00s Real=0.12s
.[3314.764s][info][gc,marking     ] GC(723) Concurrent Scan Root Regions 182.011ms
[3314.764s][info][gc,marking     ] GC(723) Concurrent Mark
[3314.764s][info][gc,marking     ] GC(723) Concurrent Mark From Roots
[3314.764s][info][gc,task        ] GC(723) Using 2 workers of 2 for marking
.[3315.709s][info][gc,marking     ] GC(723) Concurrent Mark From Roots 944.884ms
[3315.709s][info][gc,marking     ] GC(723) Concurrent Preclean
[3315.709s][info][gc,marking     ] GC(723) Concurrent Preclean 0.145ms
[3315.710s][info][gc,start       ] GC(723) Pause Remark
[3315.716s][info][gc             ] GC(723) Pause Remark 2234M->2234M(4096M) 6.826ms
[3315.716s][info][gc,cpu         ] GC(723) User=0.04s Sys=0.00s Real=0.01s
[3315.716s][info][gc,marking     ] GC(723) Concurrent Mark 952.098ms
[3315.716s][info][gc,marking     ] GC(723) Concurrent Rebuild Remembered Sets and Scrub Regions
[3315.975s][info][gc,marking     ] GC(723) Concurrent Rebuild Remembered Sets and Scrub Regions 258.519ms
[3315.975s][info][gc,start       ] GC(723) Pause Cleanup
[3315.975s][info][gc             ] GC(723) Pause Cleanup 2418M->2418M(4096M) 0.111ms
[3315.975s][info][gc,cpu         ] GC(723) User=0.00s Sys=0.00s Real=0.00s
[3315.976s][info][gc,marking     ] GC(723) Concurrent Clear Claimed Marks
[3315.976s][info][gc,marking     ] GC(723) Concurrent Clear Claimed Marks 0.028ms
[3315.976s][info][gc,marking     ] GC(723) Concurrent Cleanup for Next Mark
[3315.981s][info][gc,marking     ] GC(723) Concurrent Cleanup for Next Mark 5.132ms
[3315.981s][info][gc             ] GC(723) Concurrent Mark Cycle 1398.494ms
..[3317.713s][info][gc,start       ] GC(724) Pause Young (Prepare Mixed) (G1 Evacuation Pause)
[3317.713s][info][gc,task        ] GC(724) Using 6 workers of 6 for evacuation
[3317.831s][info][gc,phases      ] GC(724)   Pre Evacuate Collection Set: 0.37ms
[3317.831s][info][gc,phases      ] GC(724)   Merge Heap Roots: 0.51ms
[3317.831s][info][gc,phases      ] GC(724)   Evacuate Collection Set: 115.78ms
[3317.831s][info][gc,phases      ] GC(724)   Post Evacuate Collection Set: 0.91ms
[3317.831s][info][gc,phases      ] GC(724)   Other: 0.09ms
[3317.831s][info][gc,heap        ] GC(724) Eden regions: 1120->0(1108)
[3317.831s][info][gc,heap        ] GC(724) Survivor regions: 108->111(154)
[3317.831s][info][gc,heap        ] GC(724) Old regions: 503->535
[3317.831s][info][gc,heap        ] GC(724) Humongous regions: 80->80
[3317.831s][info][gc,metaspace   ] GC(724) Metaspace: 28916K(29312K)->28916K(29312K) NonClass: 24047K(24256K)->24047K(24256K) Class: 4868K(5056K)->4868K(5056K)
[3317.831s][info][gc             ] GC(724) Pause Young (Prepare Mixed) (G1 Evacuation Pause) 3620M->1450M(4096M) 117.796ms
[3317.831s][info][gc,cpu         ] GC(724) User=0.69s Sys=0.00s Real=0.11s
...[3321.075s][info][gc,start       ] GC(725) Pause Young (Mixed) (G1 Evacuation Pause)
[3321.076s][info][gc,task        ] GC(725) Using 6 workers of 6 for evacuation
[3321.213s][info][gc,phases      ] GC(725)   Pre Evacuate Collection Set: 0.37ms
[3321.213s][info][gc,phases      ] GC(725)   Merge Heap Roots: 0.67ms
[3321.213s][info][gc,phases      ] GC(725)   Evacuate Collection Set: 135.16ms
[3321.213s][info][gc,phases      ] GC(725)   Post Evacuate Collection Set: 0.96ms
[3321.213s][info][gc,phases      ] GC(725)   Other: 0.09ms
[3321.213s][info][gc,heap        ] GC(725) Eden regions: 1108->0(1116)
[3321.213s][info][gc,heap        ] GC(725) Survivor regions: 111->112(153)
[3321.213s][info][gc,heap        ] GC(725) Old regions: 535->473
[3321.213s][info][gc,heap        ] GC(725) Humongous regions: 80->80
[3321.213s][info][gc,metaspace   ] GC(725) Metaspace: 28916K(29312K)->28916K(29312K) NonClass: 24047K(24256K)->24047K(24256K) Class: 4868K(5056K)->4868K(5056K)
[3321.213s][info][gc             ] GC(725) Pause Young (Mixed) (G1 Evacuation Pause) 3666M->1327M(4096M) 137.385ms
[3321.213s][info][gc,cpu         ] GC(725) User=0.81s Sys=0.00s Real=0.14s
... (rIR:aIR:PR = 5673:5675:5675) (tPR = 83551) [OK] 
  3323s: Performance info:
         Transaction,    Success,    Partial,     Failed,   Receipts, AvgBarcode, 
             Overall,     342841,          0,          0,     325704,      59.47, 
         Response times:
             Request,    Success,    Partial,     Failed,   SkipFail,     Probes,    Samples,      min,      p50,      p90,      p95,      p99,      max, 
       TotalPurchase,     325700,          0,          0,          0,     319764,     369554,      300,     4600,    11300,    30000,    84000,   238000,
     InStorePurchase,     171411,          0,          0,          0,     168446,     194395,      300,     4600,    11400,    30000,    84000,   238000,
      OnlinePurchase,     119993,          0,          0,          0,     117878,     136374,      300,     4600,    11200,    29000,    84000,   238000,
        InstPurchase,      34296,          0,          0,          0,      33440,      38785,      400,     4700,    11100,    30000,    84000,   219000,
          AssocOfCat,        345,          0,          0,          0,        268,        378,    22000,    35000,    60100,    83000,   161630,   192000,
      AssocOfProduct,       3425,          0,          0,          0,       3173,       3884,     1300,     4400,    10800,    26000,    66600,   154000,
      BusinessReport,        857,          0,          0,          0,        756,       1005,    25000,    36000,    68000,   103500,   174000,   238000,
          CustBuyBeh,       3429,          0,          0,          0,       3173,       3879,      300,     4700,    11700,    27000,    73200,   143000,
       ProductReturn,       9082,          0,          0,          0,       8671,      10404,      200,     4400,    10400,    26000,    83950,   219000,

  3323s: (42%)   IR =   5812 [3324.384s][info][gc,start       ] GC(726) Pause Young (Concurrent Start) (G1 Evacuation Pause)
[3324.385s][info][gc,task        ] GC(726) Using 6 workers of 6 for evacuation
[3324.502s][info][gc,phases      ] GC(726)   Pre Evacuate Collection Set: 0.36ms
[3324.502s][info][gc,phases      ] GC(726)   Merge Heap Roots: 0.45ms
[3324.502s][info][gc,phases      ] GC(726)   Evacuate Collection Set: 115.85ms
[3324.502s][info][gc,phases      ] GC(726)   Post Evacuate Collection Set: 0.95ms
[3324.502s][info][gc,phases      ] GC(726)   Other: 0.10ms
[3324.502s][info][gc,heap        ] GC(726) Eden regions: 1116->0(1117)
[3324.502s][info][gc,heap        ] GC(726) Survivor regions: 112->111(154)
[3324.502s][info][gc,heap        ] GC(726) Old regions: 473->504
[3324.502s][info][gc,heap        ] GC(726) Humongous regions: 80->80
[3324.502s][info][gc,metaspace   ] GC(726) Metaspace: 28916K(29312K)->28916K(29312K) NonClass: 24047K(24256K)->24047K(24256K) Class: 4868K(5056K)->4868K(5056K)
[3324.502s][info][gc             ] GC(726) Pause Young (Concurrent Start) (G1 Evacuation Pause) 3559M->1387M(4096M) 117.836ms
[3324.502s][info][gc             ] GC(727) Concurrent Mark Cycle
[3324.502s][info][gc,marking     ] GC(727) Concurrent Scan Root Regions
[3324.502s][info][gc,cpu         ] GC(726) User=0.69s Sys=0.00s Real=0.12s
[3324.698s][info][gc,marking     ] GC(727) Concurrent Scan Root Regions 195.246ms
[3324.698s][info][gc,marking     ] GC(727) Concurrent Mark
[3324.698s][info][gc,marking     ] GC(727) Concurrent Mark From Roots
[3324.698s][info][gc,task        ] GC(727) Using 2 workers of 2 for marking
.[3325.520s][info][gc,marking     ] GC(727) Concurrent Mark From Roots 822.577ms
[3325.520s][info][gc,marking     ] GC(727) Concurrent Preclean
[3325.521s][info][gc,marking     ] GC(727) Concurrent Preclean 0.176ms
[3325.521s][info][gc,start       ] GC(727) Pause Remark
[3325.526s][info][gc             ] GC(727) Pause Remark 2169M->2169M(4096M) 4.924ms
[3325.526s][info][gc,cpu         ] GC(727) User=0.02s Sys=0.00s Real=0.01s
[3325.526s][info][gc,marking     ] GC(727) Concurrent Mark 828.635ms
[3325.526s][info][gc,marking     ] GC(727) Concurrent Rebuild Remembered Sets and Scrub Regions
.[3325.792s][info][gc,marking     ] GC(727) Concurrent Rebuild Remembered Sets and Scrub Regions 265.303ms
[3325.792s][info][gc,start       ] GC(727) Pause Cleanup
[3325.792s][info][gc             ] GC(727) Pause Cleanup 2327M->2327M(4096M) 0.104ms
[3325.792s][info][gc,cpu         ] GC(727) User=0.00s Sys=0.00s Real=0.00s
[3325.792s][info][gc,marking     ] GC(727) Concurrent Clear Claimed Marks
[3325.792s][info][gc,marking     ] GC(727) Concurrent Clear Claimed Marks 0.028ms
[3325.792s][info][gc,marking     ] GC(727) Concurrent Cleanup for Next Mark
[3325.795s][info][gc,marking     ] GC(727) Concurrent Cleanup for Next Mark 3.568ms
[3325.796s][info][gc             ] GC(727) Concurrent Mark Cycle 1293.206ms
.[3327.572s][info][gc,start       ] GC(728) Pause Young (Prepare Mixed) (G1 Evacuation Pause)
[3327.573s][info][gc,task        ] GC(728) Using 6 workers of 6 for evacuation
[3327.688s][info][gc,phases      ] GC(728)   Pre Evacuate Collection Set: 0.35ms
[3327.688s][info][gc,phases      ] GC(728)   Merge Heap Roots: 0.49ms
[3327.688s][info][gc,phases      ] GC(728)   Evacuate Collection Set: 113.36ms
[3327.688s][info][gc,phases      ] GC(728)   Post Evacuate Collection Set: 0.92ms
[3327.688s][info][gc,phases      ] GC(728)   Other: 0.08ms
[3327.688s][info][gc,heap        ] GC(728) Eden regions: 1117->0(1114)
[3327.688s][info][gc,heap        ] GC(728) Survivor regions: 111->108(154)
[3327.688s][info][gc,heap        ] GC(728) Old regions: 504->535
[3327.688s][info][gc,heap        ] GC(728) Humongous regions: 80->80
[3327.688s][info][gc,metaspace   ] GC(728) Metaspace: 28916K(29312K)->28916K(29312K) NonClass: 24047K(24256K)->24047K(24256K) Class: 4868K(5056K)->4868K(5056K)
[3327.688s][info][gc             ] GC(728) Pause Young (Prepare Mixed) (G1 Evacuation Pause) 3621M->1444M(4096M) 115.333ms
[3327.688s][info][gc,cpu         ] GC(728) User=0.68s Sys=0.01s Real=0.11s
.|...[3330.877s][info][gc,start       ] GC(729) Pause Young (Mixed) (G1 Evacuation Pause)
[3330.877s][info][gc,task        ] GC(729) Using 6 workers of 6 for evacuation
[3331.012s][info][gc,phases      ] GC(729)   Pre Evacuate Collection Set: 0.36ms
[3331.012s][info][gc,phases      ] GC(729)   Merge Heap Roots: 0.81ms
[3331.012s][info][gc,phases      ] GC(729)   Evacuate Collection Set: 132.50ms
[3331.012s][info][gc,phases      ] GC(729)   Post Evacuate Collection Set: 0.94ms
[3331.012s][info][gc,phases      ] GC(729)   Other: 0.09ms
[3331.012s][info][gc,heap        ] GC(729) Eden regions: 1114->0(1116)
[3331.012s][info][gc,heap        ] GC(729) Survivor regions: 108->112(153)
[3331.012s][info][gc,heap        ] GC(729) Old regions: 535->471
[3331.012s][info][gc,heap        ] GC(729) Humongous regions: 80->80
[3331.012s][info][gc,metaspace   ] GC(729) Metaspace: 28916K(29312K)->28916K(29312K) NonClass: 24047K(24256K)->24047K(24256K) Class: 4868K(5056K)->4868K(5056K)
[3331.012s][info][gc             ] GC(729) Pause Young (Mixed) (G1 Evacuation Pause) 3672M->1324M(4096M) 134.828ms
[3331.012s][info][gc,cpu         ] GC(729) User=0.80s Sys=0.00s Real=0.14s
...[3334.096s][info][gc,start       ] GC(730) Pause Young (Concurrent Start) (G1 Evacuation Pause)
[3334.096s][info][gc,task        ] GC(730) Using 6 workers of 6 for evacuation
[3334.214s][info][gc,phases      ] GC(730)   Pre Evacuate Collection Set: 0.39ms
[3334.215s][info][gc,phases      ] GC(730)   Merge Heap Roots: 0.46ms
[3334.215s][info][gc,phases      ] GC(730)   Evacuate Collection Set: 116.33ms
[3334.215s][info][gc,phases      ] GC(730)   Post Evacuate Collection Set: 0.89ms
[3334.215s][info][gc,phases      ] GC(730)   Other: 0.10ms
[3334.215s][info][gc,heap        ] GC(730) Eden regions: 1116->0(1117)
[3334.215s][info][gc,heap        ] GC(730) Survivor regions: 112->111(154)
[3334.215s][info][gc,heap        ] GC(730) Old regions: 471->503
[3334.215s][info][gc,heap        ] GC(730) Humongous regions: 80->80
[3334.215s][info][gc,metaspace   ] GC(730) Metaspace: 28916K(29312K)->28916K(29312K) NonClass: 24047K(24256K)->24047K(24256K) Class: 4868K(5056K)->4868K(5056K)
[3334.215s][info][gc             ] GC(730) Pause Young (Concurrent Start) (G1 Evacuation Pause) 3556M->1385M(4096M) 118.324ms
[3334.215s][info][gc             ] GC(731) Concurrent Mark Cycle
[3334.215s][info][gc,marking     ] GC(731) Concurrent Scan Root Regions
[3334.215s][info][gc,cpu         ] GC(730) User=0.70s Sys=0.00s Real=0.12s
[3334.405s][info][gc,marking     ] GC(731) Concurrent Scan Root Regions 190.576ms
[3334.405s][info][gc,marking     ] GC(731) Concurrent Mark
[3334.405s][info][gc,marking     ] GC(731) Concurrent Mark From Roots
[3334.405s][info][gc,task        ] GC(731) Using 2 workers of 2 for marking
.[3335.223s][info][gc,marking     ] GC(731) Concurrent Mark From Roots 817.726ms
[3335.223s][info][gc,marking     ] GC(731) Concurrent Preclean
[3335.223s][info][gc,marking     ] GC(731) Concurrent Preclean 0.166ms
[3335.223s][info][gc,start       ] GC(731) Pause Remark
[3335.230s][info][gc             ] GC(731) Pause Remark 2145M->2145M(4096M) 6.342ms
[3335.230s][info][gc,cpu         ] GC(731) User=0.03s Sys=0.00s Real=0.00s
[3335.230s][info][gc,marking     ] GC(731) Concurrent Mark 824.620ms
[3335.230s][info][gc,marking     ] GC(731) Concurrent Rebuild Remembered Sets and Scrub Regions
[3335.526s][info][gc,marking     ] GC(731) Concurrent Rebuild Remembered Sets and Scrub Regions 296.440ms
[3335.527s][info][gc,start       ] GC(731) Pause Cleanup
[3335.527s][info][gc             ] GC(731) Pause Cleanup 2361M->2361M(4096M) 0.104ms
[3335.527s][info][gc,cpu         ] GC(731) User=0.00s Sys=0.00s Real=0.00s
[3335.527s][info][gc,marking     ] GC(731) Concurrent Clear Claimed Marks
[3335.527s][info][gc,marking     ] GC(731) Concurrent Clear Claimed Marks 0.030ms
[3335.527s][info][gc,marking     ] GC(731) Concurrent Cleanup for Next Mark
[3335.533s][info][gc,marking     ] GC(731) Concurrent Cleanup for Next Mark 5.217ms
[3335.533s][info][gc             ] GC(731) Concurrent Mark Cycle 1318.068ms
..[3337.259s][info][gc,start       ] GC(732) Pause Young (Prepare Mixed) (G1 Evacuation Pause)
[3337.259s][info][gc,task        ] GC(732) Using 6 workers of 6 for evacuation
[3337.377s][info][gc,phases      ] GC(732)   Pre Evacuate Collection Set: 0.34ms
[3337.377s][info][gc,phases      ] GC(732)   Merge Heap Roots: 0.48ms
[3337.377s][info][gc,phases      ] GC(732)   Evacuate Collection Set: 116.22ms
[3337.377s][info][gc,phases      ] GC(732)   Post Evacuate Collection Set: 0.92ms
[3337.377s][info][gc,phases      ] GC(732)   Other: 0.09ms
[3337.377s][info][gc,heap        ] GC(732) Eden regions: 1117->0(1108)
[3337.377s][info][gc,heap        ] GC(732) Survivor regions: 111->111(154)
[3337.377s][info][gc,heap        ] GC(732) Old regions: 503->535
[3337.377s][info][gc,heap        ] GC(732) Humongous regions: 80->80
[3337.377s][info][gc,metaspace   ] GC(732) Metaspace: 28916K(29312K)->28916K(29312K) NonClass: 24047K(24256K)->24047K(24256K) Class: 4868K(5056K)->4868K(5056K)
[3337.377s][info][gc             ] GC(732) Pause Young (Prepare Mixed) (G1 Evacuation Pause) 3619M->1449M(4096M) 118.183ms
[3337.377s][info][gc,cpu         ] GC(732) User=0.70s Sys=0.00s Real=0.12s
...[3340.478s][info][gc,start       ] GC(733) Pause Young (Mixed) (G1 Evacuation Pause)
[3340.478s][info][gc,task        ] GC(733) Using 6 workers of 6 for evacuation
[3340.610s][info][gc,phases      ] GC(733)   Pre Evacuate Collection Set: 0.36ms
[3340.610s][info][gc,phases      ] GC(733)   Merge Heap Roots: 0.69ms
[3340.610s][info][gc,phases      ] GC(733)   Evacuate Collection Set: 129.58ms
[3340.610s][info][gc,phases      ] GC(733)   Post Evacuate Collection Set: 0.97ms
[3340.610s][info][gc,phases      ] GC(733)   Other: 0.09ms
[3340.610s][info][gc,heap        ] GC(733) Eden regions: 1108->0(1121)
[3340.610s][info][gc,heap        ] GC(733) Survivor regions: 111->107(153)
[3340.610s][info][gc,heap        ] GC(733) Old regions: 535->472
[3340.610s][info][gc,heap        ] GC(733) Humongous regions: 80->80
[3340.610s][info][gc,metaspace   ] GC(733) Metaspace: 28916K(29312K)->28916K(29312K) NonClass: 24047K(24256K)->24047K(24256K) Class: 4868K(5056K)->4868K(5056K)
[3340.610s][info][gc             ] GC(733) Pause Young (Mixed) (G1 Evacuation Pause) 3665M->1317M(4096M) 131.835ms
[3340.610s][info][gc,cpu         ] GC(733) User=0.78s Sys=0.00s Real=0.13s
...[3343.772s][info][gc,start       ] GC(734) Pause Young (Concurrent Start) (G1 Evacuation Pause)
[3343.772s][info][gc,task        ] GC(734) Using 6 workers of 6 for evacuation
[3343.887s][info][gc,phases      ] GC(734)   Pre Evacuate Collection Set: 0.36ms
[3343.887s][info][gc,phases      ] GC(734)   Merge Heap Roots: 0.45ms
[3343.887s][info][gc,phases      ] GC(734)   Evacuate Collection Set: 113.15ms
[3343.887s][info][gc,phases      ] GC(734)   Post Evacuate Collection Set: 0.89ms
[3343.887s][info][gc,phases      ] GC(734)   Other: 0.11ms
[3343.887s][info][gc,heap        ] GC(734) Eden regions: 1121->0(1119)
[3343.887s][info][gc,heap        ] GC(734) Survivor regions: 107->109(154)
[3343.887s][info][gc,heap        ] GC(734) Old regions: 472->504
[3343.887s][info][gc,heap        ] GC(734) Humongous regions: 80->80
[3343.887s][info][gc,metaspace   ] GC(734) Metaspace: 28916K(29312K)->28916K(29312K) NonClass: 24047K(24256K)->24047K(24256K) Class: 4868K(5056K)->4868K(5056K)
[3343.887s][info][gc             ] GC(734) Pause Young (Concurrent Start) (G1 Evacuation Pause) 3559M->1383M(4096M) 115.122ms
[3343.887s][info][gc             ] GC(735) Concurrent Mark Cycle
[3343.887s][info][gc,marking     ] GC(735) Concurrent Scan Root Regions
[3343.887s][info][gc,cpu         ] GC(734) User=0.68s Sys=0.00s Real=0.11s
.[3344.066s][info][gc,marking     ] GC(735) Concurrent Scan Root Regions 178.316ms
[3344.066s][info][gc,marking     ] GC(735) Concurrent Mark
[3344.066s][info][gc,marking     ] GC(735) Concurrent Mark From Roots
[3344.066s][info][gc,task        ] GC(735) Using 2 workers of 2 for marking
[3344.873s][info][gc,marking     ] GC(735) Concurrent Mark From Roots 807.066ms
[3344.873s][info][gc,marking     ] GC(735) Concurrent Preclean
[3344.873s][info][gc,marking     ] GC(735) Concurrent Preclean 0.151ms
[3344.873s][info][gc,start       ] GC(735) Pause Remark
[3344.878s][info][gc             ] GC(735) Pause Remark 2111M->2111M(4096M) 5.114ms
[3344.878s][info][gc,cpu         ] GC(735) User=0.03s Sys=0.00s Real=0.00s
[3344.879s][info][gc,marking     ] GC(735) Concurrent Mark 813.267ms
[3344.879s][info][gc,marking     ] GC(735) Concurrent Rebuild Remembered Sets and Scrub Regions
.[3345.240s][info][gc,marking     ] GC(735) Concurrent Rebuild Remembered Sets and Scrub Regions 361.463ms
[3345.240s][info][gc,start       ] GC(735) Pause Cleanup
[3345.241s][info][gc             ] GC(735) Pause Cleanup 2404M->2404M(4096M) 0.095ms
[3345.241s][info][gc,cpu         ] GC(735) User=0.00s Sys=0.00s Real=0.00s
[3345.241s][info][gc,marking     ] GC(735) Concurrent Clear Claimed Marks
[3345.241s][info][gc,marking     ] GC(735) Concurrent Clear Claimed Marks 0.022ms
[3345.241s][info][gc,marking     ] GC(735) Concurrent Cleanup for Next Mark
[3345.244s][info][gc,marking     ] GC(735) Concurrent Cleanup for Next Mark 3.746ms
[3345.244s][info][gc             ] GC(735) Concurrent Mark Cycle 1357.271ms
..[3347.057s][info][gc,start       ] GC(736) Pause Young (Prepare Mixed) (G1 Evacuation Pause)
[3347.057s][info][gc,task        ] GC(736) Using 6 workers of 6 for evacuation
[3347.178s][info][gc,phases      ] GC(736)   Pre Evacuate Collection Set: 0.35ms
[3347.178s][info][gc,phases      ] GC(736)   Merge Heap Roots: 0.48ms
[3347.178s][info][gc,phases      ] GC(736)   Evacuate Collection Set: 118.87ms
[3347.178s][info][gc,phases      ] GC(736)   Post Evacuate Collection Set: 0.91ms
[3347.178s][info][gc,phases      ] GC(736)   Other: 0.08ms
[3347.178s][info][gc,heap        ] GC(736) Eden regions: 1119->0(1102)
[3347.178s][info][gc,heap        ] GC(736) Survivor regions: 109->114(154)
[3347.178s][info][gc,heap        ] GC(736) Old regions: 504->535
[3347.178s][info][gc,heap        ] GC(736) Humongous regions: 80->80
[3347.178s][info][gc,metaspace   ] GC(736) Metaspace: 28916K(29312K)->28916K(29312K) NonClass: 24047K(24256K)->24047K(24256K) Class: 4868K(5056K)->4868K(5056K)
[3347.178s][info][gc             ] GC(736) Pause Young (Prepare Mixed) (G1 Evacuation Pause) 3621M->1456M(4096M) 120.837ms
[3347.178s][info][gc,cpu         ] GC(736) User=0.71s Sys=0.00s Real=0.12s
...[3350.250s][info][gc,start       ] GC(737) Pause Young (Mixed) (G1 Evacuation Pause)
[3350.250s][info][gc,task        ] GC(737) Using 6 workers of 6 for evacuation
[3350.387s][info][gc,phases      ] GC(737)   Pre Evacuate Collection Set: 0.35ms
[3350.387s][info][gc,phases      ] GC(737)   Merge Heap Roots: 0.63ms
[3350.387s][info][gc,phases      ] GC(737)   Evacuate Collection Set: 134.71ms
[3350.387s][info][gc,phases      ] GC(737)   Post Evacuate Collection Set: 0.94ms
[3350.387s][info][gc,phases      ] GC(737)   Other: 0.09ms
[3350.387s][info][gc,heap        ] GC(737) Eden regions: 1102->0(1116)
[3350.387s][info][gc,heap        ] GC(737) Survivor regions: 114->112(152)
[3350.387s][info][gc,heap        ] GC(737) Old regions: 535->472
[3350.387s][info][gc,heap        ] GC(737) Humongous regions: 80->80
[3350.387s][info][gc,metaspace   ] GC(737) Metaspace: 28916K(29312K)->28916K(29312K) NonClass: 24047K(24256K)->24047K(24256K) Class: 4868K(5056K)->4868K(5056K)
[3350.387s][info][gc             ] GC(737) Pause Young (Mixed) (G1 Evacuation Pause) 3660M->1325M(4096M) 136.855ms
[3350.387s][info][gc,cpu         ] GC(737) User=0.81s Sys=0.00s Real=0.14s
...[3353.447s][info][gc,start       ] GC(738) Pause Young (Concurrent Start) (G1 Evacuation Pause)
[3353.447s][info][gc,task        ] GC(738) Using 6 workers of 6 for evacuation
[3353.561s][info][gc,phases      ] GC(738)   Pre Evacuate Collection Set: 0.38ms
[3353.561s][info][gc,phases      ] GC(738)   Merge Heap Roots: 0.45ms
[3353.561s][info][gc,phases      ] GC(738)   Evacuate Collection Set: 111.73ms
[3353.561s][info][gc,phases      ] GC(738)   Post Evacuate Collection Set: 0.88ms
[3353.561s][info][gc,phases      ] GC(738)   Other: 0.11ms
[3353.561s][info][gc,heap        ] GC(738) Eden regions: 1116->0(1121)
[3353.561s][info][gc,heap        ] GC(738) Survivor regions: 112->107(154)
[3353.561s][info][gc,heap        ] GC(738) Old regions: 472->504
[3353.561s][info][gc,heap        ] GC(738) Humongous regions: 80->80
[3353.561s][info][gc,metaspace   ] GC(738) Metaspace: 28916K(29312K)->28916K(29312K) NonClass: 24047K(24256K)->24047K(24256K) Class: 4868K(5056K)->4868K(5056K)
[3353.561s][info][gc             ] GC(738) Pause Young (Concurrent Start) (G1 Evacuation Pause) 3557M->1379M(4096M) 113.684ms
[3353.561s][info][gc             ] GC(739) Concurrent Mark Cycle
[3353.561s][info][gc,marking     ] GC(739) Concurrent Scan Root Regions
[3353.561s][info][gc,cpu         ] GC(738) User=0.67s Sys=0.00s Real=0.11s
[3353.765s][info][gc,marking     ] GC(739) Concurrent Scan Root Regions 204.193ms
[3353.765s][info][gc,marking     ] GC(739) Concurrent Mark
[3353.765s][info][gc,marking     ] GC(739) Concurrent Mark From Roots
[3353.765s][info][gc,task        ] GC(739) Using 2 workers of 2 for marking
.[3354.399s][info][gc,marking     ] GC(739) Concurrent Mark From Roots 634.312ms
[3354.399s][info][gc,marking     ] GC(739) Concurrent Preclean
[3354.400s][info][gc,marking     ] GC(739) Concurrent Preclean 0.144ms
[3354.400s][info][gc,start       ] GC(739) Pause Remark
[3354.404s][info][gc             ] GC(739) Pause Remark 1997M->1997M(4096M) 4.133ms
[3354.404s][info][gc,cpu         ] GC(739) User=0.02s Sys=0.00s Real=0.01s
[3354.404s][info][gc,marking     ] GC(739) Concurrent Mark 638.852ms
[3354.404s][info][gc,marking     ] GC(739) Concurrent Rebuild Remembered Sets and Scrub Regions
[3354.648s][info][gc,marking     ] GC(739) Concurrent Rebuild Remembered Sets and Scrub Regions 244.060ms
[3354.648s][info][gc,start       ] GC(739) Pause Cleanup
[3354.648s][info][gc             ] GC(739) Pause Cleanup 2172M->2172M(4096M) 0.120ms
[3354.648s][info][gc,cpu         ] GC(739) User=0.00s Sys=0.00s Real=0.00s
[3354.648s][info][gc,marking     ] GC(739) Concurrent Clear Claimed Marks
[3354.648s][info][gc,marking     ] GC(739) Concurrent Clear Claimed Marks 0.026ms
[3354.648s][info][gc,marking     ] GC(739) Concurrent Cleanup for Next Mark
[3354.653s][info][gc,marking     ] GC(739) Concurrent Cleanup for Next Mark 4.586ms
[3354.653s][info][gc             ] GC(739) Concurrent Mark Cycle 1092.238ms
..[3356.643s][info][gc,start       ] GC(740) Pause Young (Prepare Mixed) (G1 Evacuation Pause)
[3356.644s][info][gc,task        ] GC(740) Using 6 workers of 6 for evacuation
[3356.758s][info][gc,phases      ] GC(740)   Pre Evacuate Collection Set: 0.32ms
[3356.758s][info][gc,phases      ] GC(740)   Merge Heap Roots: 0.46ms
[3356.758s][info][gc,phases      ] GC(740)   Evacuate Collection Set: 112.69ms
[3356.758s][info][gc,phases      ] GC(740)   Post Evacuate Collection Set: 0.92ms
[3356.758s][info][gc,phases      ] GC(740)   Other: 0.09ms
[3356.758s][info][gc,heap        ] GC(740) Eden regions: 1121->0(1114)
[3356.758s][info][gc,heap        ] GC(740) Survivor regions: 107->108(154)
[3356.758s][info][gc,heap        ] GC(740) Old regions: 504->535
[3356.758s][info][gc,heap        ] GC(740) Humongous regions: 80->80
[3356.758s][info][gc,metaspace   ] GC(740) Metaspace: 28916K(29312K)->28916K(29312K) NonClass: 24047K(24256K)->24047K(24256K) Class: 4868K(5056K)->4868K(5056K)
[3356.758s][info][gc             ] GC(740) Pause Young (Prepare Mixed) (G1 Evacuation Pause) 3621M->1444M(4096M) 114.613ms
[3356.758s][info][gc,cpu         ] GC(740) User=0.68s Sys=0.00s Real=0.11s
...[3359.921s][info][gc,start       ] GC(741) Pause Young (Mixed) (G1 Evacuation Pause)
[3359.921s][info][gc,task        ] GC(741) Using 6 workers of 6 for evacuation
[3360.055s][info][gc,phases      ] GC(741)   Pre Evacuate Collection Set: 0.39ms
[3360.055s][info][gc,phases      ] GC(741)   Merge Heap Roots: 0.77ms
[3360.055s][info][gc,phases      ] GC(741)   Evacuate Collection Set: 131.90ms
[3360.055s][info][gc,phases      ] GC(741)   Post Evacuate Collection Set: 0.99ms
[3360.055s][info][gc,phases      ] GC(741)   Other: 0.10ms
[3360.055s][info][gc,heap        ] GC(741) Eden regions: 1114->0(1118)
[3360.055s][info][gc,heap        ] GC(741) Survivor regions: 108->110(153)
[3360.055s][info][gc,heap        ] GC(741) Old regions: 535->473
[3360.055s][info][gc,heap        ] GC(741) Humongous regions: 80->80
[3360.055s][info][gc,metaspace   ] GC(741) Metaspace: 28916K(29312K)->28916K(29312K) NonClass: 24047K(24256K)->24047K(24256K) Class: 4868K(5056K)->4868K(5056K)
[3360.055s][info][gc             ] GC(741) Pause Young (Mixed) (G1 Evacuation Pause) 3672M->1323M(4096M) 134.307ms
[3360.055s][info][gc,cpu         ] GC(741) User=0.79s Sys=0.00s Real=0.14s
....[3363.193s][info][gc,start       ] GC(742) Pause Young (Concurrent Start) (G1 Evacuation Pause)
[3363.194s][info][gc,task        ] GC(742) Using 6 workers of 6 for evacuation
[3363.310s][info][gc,phases      ] GC(742)   Pre Evacuate Collection Set: 0.36ms
[3363.310s][info][gc,phases      ] GC(742)   Merge Heap Roots: 0.44ms
[3363.310s][info][gc,phases      ] GC(742)   Evacuate Collection Set: 114.65ms
[3363.310s][info][gc,phases      ] GC(742)   Post Evacuate Collection Set: 0.88ms
[3363.310s][info][gc,phases      ] GC(742)   Other: 0.11ms
[3363.310s][info][gc,heap        ] GC(742) Eden regions: 1118->0(1117)
[3363.310s][info][gc,heap        ] GC(742) Survivor regions: 110->111(154)
[3363.310s][info][gc,heap        ] GC(742) Old regions: 473->504
[3363.310s][info][gc,heap        ] GC(742) Humongous regions: 80->80
[3363.310s][info][gc,metaspace   ] GC(742) Metaspace: 28916K(29312K)->28916K(29312K) NonClass: 24047K(24256K)->24047K(24256K) Class: 4868K(5056K)->4868K(5056K)
[3363.310s][info][gc             ] GC(742) Pause Young (Concurrent Start) (G1 Evacuation Pause) 3559M->1389M(4096M) 116.568ms
[3363.310s][info][gc             ] GC(743) Concurrent Mark Cycle
[3363.310s][info][gc,marking     ] GC(743) Concurrent Scan Root Regions
[3363.310s][info][gc,cpu         ] GC(742) User=0.69s Sys=0.00s Real=0.11s
[3363.452s][info][gc,marking     ] GC(743) Concurrent Scan Root Regions 141.712ms
[3363.452s][info][gc,marking     ] GC(743) Concurrent Mark
[3363.452s][info][gc,marking     ] GC(743) Concurrent Mark From Roots
[3363.452s][info][gc,task        ] GC(743) Using 2 workers of 2 for marking
.[3364.157s][info][gc,marking     ] GC(743) Concurrent Mark From Roots 705.090ms
[3364.157s][info][gc,marking     ] GC(743) Concurrent Preclean
[3364.157s][info][gc,marking     ] GC(743) Concurrent Preclean 0.137ms
[3364.157s][info][gc,start       ] GC(743) Pause Remark
[3364.161s][info][gc             ] GC(743) Pause Remark 2072M->2072M(4096M) 4.106ms
[3364.161s][info][gc,cpu         ] GC(743) User=0.02s Sys=0.00s Real=0.00s
[3364.161s][info][gc,marking     ] GC(743) Concurrent Mark 709.580ms
[3364.161s][info][gc,marking     ] GC(743) Concurrent Rebuild Remembered Sets and Scrub Regions
[3364.409s][info][gc,marking     ] GC(743) Concurrent Rebuild Remembered Sets and Scrub Regions 247.078ms
[3364.409s][info][gc,start       ] GC(743) Pause Cleanup
[3364.409s][info][gc             ] GC(743) Pause Cleanup 2243M->2243M(4096M) 0.112ms
[3364.409s][info][gc,cpu         ] GC(743) User=0.00s Sys=0.00s Real=0.00s
[3364.409s][info][gc,marking     ] GC(743) Concurrent Clear Claimed Marks
[3364.409s][info][gc,marking     ] GC(743) Concurrent Clear Claimed Marks 0.032ms
[3364.409s][info][gc,marking     ] GC(743) Concurrent Cleanup for Next Mark
[3364.415s][info][gc,marking     ] GC(743) Concurrent Cleanup for Next Mark 5.503ms
[3364.415s][info][gc             ] GC(743) Concurrent Mark Cycle 1104.628ms
..[3366.399s][info][gc,start       ] GC(744) Pause Young (Prepare Mixed) (G1 Evacuation Pause)
[3366.399s][info][gc,task        ] GC(744) Using 6 workers of 6 for evacuation
[3366.516s][info][gc,phases      ] GC(744)   Pre Evacuate Collection Set: 0.33ms
[3366.516s][info][gc,phases      ] GC(744)   Merge Heap Roots: 0.48ms
[3366.516s][info][gc,phases      ] GC(744)   Evacuate Collection Set: 115.37ms
[3366.516s][info][gc,phases      ] GC(744)   Post Evacuate Collection Set: 0.95ms
[3366.516s][info][gc,phases      ] GC(744)   Other: 0.09ms
[3366.516s][info][gc,heap        ] GC(744) Eden regions: 1117->0(1110)
[3366.516s][info][gc,heap        ] GC(744) Survivor regions: 111->110(154)
[3366.516s][info][gc,heap        ] GC(744) Old regions: 504->535
[3366.516s][info][gc,heap        ] GC(744) Humongous regions: 80->80
[3366.516s][info][gc,metaspace   ] GC(744) Metaspace: 28916K(29312K)->28916K(29312K) NonClass: 24047K(24256K)->24047K(24256K) Class: 4868K(5056K)->4868K(5056K)
[3366.516s][info][gc             ] GC(744) Pause Young (Prepare Mixed) (G1 Evacuation Pause) 3623M->1449M(4096M) 117.359ms
[3366.516s][info][gc,cpu         ] GC(744) User=0.70s Sys=0.00s Real=0.12s
...[3369.579s][info][gc,start       ] GC(745) Pause Young (Mixed) (G1 Evacuation Pause)
[3369.579s][info][gc,task        ] GC(745) Using 6 workers of 6 for evacuation
[3369.712s][info][gc,phases      ] GC(745)   Pre Evacuate Collection Set: 0.39ms
[3369.712s][info][gc,phases      ] GC(745)   Merge Heap Roots: 0.61ms
[3369.712s][info][gc,phases      ] GC(745)   Evacuate Collection Set: 130.56ms
[3369.712s][info][gc,phases      ] GC(745)   Post Evacuate Collection Set: 0.94ms
[3369.712s][info][gc,phases      ] GC(745)   Other: 0.09ms
[3369.712s][info][gc,heap        ] GC(745) Eden regions: 1110->0(1120)
[3369.712s][info][gc,heap        ] GC(745) Survivor regions: 110->108(153)
[3369.712s][info][gc,heap        ] GC(745) Old regions: 535->472
[3369.712s][info][gc,heap        ] GC(745) Humongous regions: 80->80
[3369.712s][info][gc,metaspace   ] GC(745) Metaspace: 28916K(29312K)->28916K(29312K) NonClass: 24047K(24256K)->24047K(24256K) Class: 4868K(5056K)->4868K(5056K)
[3369.712s][info][gc             ] GC(745) Pause Young (Mixed) (G1 Evacuation Pause) 3669M->1319M(4096M) 132.719ms
[3369.712s][info][gc,cpu         ] GC(745) User=0.79s Sys=0.00s Real=0.14s
...[3372.832s][info][gc,start       ] GC(746) Pause Young (Concurrent Start) (G1 Evacuation Pause)
[3372.832s][info][gc,task        ] GC(746) Using 6 workers of 6 for evacuation
[3372.947s][info][gc,phases      ] GC(746)   Pre Evacuate Collection Set: 0.41ms
[3372.947s][info][gc,phases      ] GC(746)   Merge Heap Roots: 0.42ms
[3372.947s][info][gc,phases      ] GC(746)   Evacuate Collection Set: 112.57ms
[3372.947s][info][gc,phases      ] GC(746)   Post Evacuate Collection Set: 0.87ms
[3372.947s][info][gc,phases      ] GC(746)   Other: 0.12ms
[3372.947s][info][gc,heap        ] GC(746) Eden regions: 1120->0(1120)
[3372.947s][info][gc,heap        ] GC(746) Survivor regions: 108->108(154)
[3372.947s][info][gc,heap        ] GC(746) Old regions: 472->504
[3372.947s][info][gc,heap        ] GC(746) Humongous regions: 80->80
[3372.947s][info][gc,metaspace   ] GC(746) Metaspace: 28916K(29312K)->28916K(29312K) NonClass: 24047K(24256K)->24047K(24256K) Class: 4868K(5056K)->4868K(5056K)
[3372.947s][info][gc             ] GC(746) Pause Young (Concurrent Start) (G1 Evacuation Pause) 3559M->1383M(4096M) 114.547ms
[3372.947s][info][gc             ] GC(747) Concurrent Mark Cycle
[3372.947s][info][gc,marking     ] GC(747) Concurrent Scan Root Regions
[3372.947s][info][gc,cpu         ] GC(746) User=0.67s Sys=0.00s Real=0.11s
[3373.095s][info][gc,marking     ] GC(747) Concurrent Scan Root Regions 147.541ms
[3373.095s][info][gc,marking     ] GC(747) Concurrent Mark
[3373.095s][info][gc,marking     ] GC(747) Concurrent Mark From Roots
[3373.095s][info][gc,task        ] GC(747) Using 2 workers of 2 for marking
.[3373.769s][info][gc,marking     ] GC(747) Concurrent Mark From Roots 674.684ms
[3373.769s][info][gc,marking     ] GC(747) Concurrent Preclean
[3373.769s][info][gc,marking     ] GC(747) Concurrent Preclean 0.130ms
[3373.770s][info][gc,start       ] GC(747) Pause Remark
[3373.774s][info][gc             ] GC(747) Pause Remark 1998M->1998M(4096M) 4.249ms
[3373.774s][info][gc,cpu         ] GC(747) User=0.02s Sys=0.00s Real=0.01s
[3373.774s][info][gc,marking     ] GC(747) Concurrent Mark 679.305ms
[3373.774s][info][gc,marking     ] GC(747) Concurrent Rebuild Remembered Sets and Scrub Regions
[3374.127s][info][gc,marking     ] GC(747) Concurrent Rebuild Remembered Sets and Scrub Regions 353.328ms
[3374.128s][info][gc,start       ] GC(747) Pause Cleanup
[3374.128s][info][gc             ] GC(747) Pause Cleanup 2237M->2237M(4096M) 0.112ms
[3374.128s][info][gc,cpu         ] GC(747) User=0.00s Sys=0.00s Real=0.00s
[3374.128s][info][gc,marking     ] GC(747) Concurrent Clear Claimed Marks
[3374.128s][info][gc,marking     ] GC(747) Concurrent Clear Claimed Marks 0.026ms
[3374.128s][info][gc,marking     ] GC(747) Concurrent Cleanup for Next Mark
[3374.132s][info][gc,marking     ] GC(747) Concurrent Cleanup for Next Mark 3.403ms
[3374.132s][info][gc             ] GC(747) Concurrent Mark Cycle 1184.843ms
..[3376.134s][info][gc,start       ] GC(748) Pause Young (Prepare Mixed) (G1 Evacuation Pause)
[3376.134s][info][gc,task        ] GC(748) Using 6 workers of 6 for evacuation
[3376.250s][info][gc,phases      ] GC(748)   Pre Evacuate Collection Set: 0.36ms
[3376.250s][info][gc,phases      ] GC(748)   Merge Heap Roots: 0.48ms
[3376.250s][info][gc,phases      ] GC(748)   Evacuate Collection Set: 114.28ms
[3376.250s][info][gc,phases      ] GC(748)   Post Evacuate Collection Set: 0.93ms
[3376.250s][info][gc,phases      ] GC(748)   Other: 0.08ms
[3376.250s][info][gc,heap        ] GC(748) Eden regions: 1120->0(1108)
[3376.250s][info][gc,heap        ] GC(748) Survivor regions: 108->111(154)
[3376.250s][info][gc,heap        ] GC(748) Old regions: 504->535
[3376.250s][info][gc,heap        ] GC(748) Humongous regions: 80->80
[3376.250s][info][gc,metaspace   ] GC(748) Metaspace: 28916K(29312K)->28916K(29312K) NonClass: 24047K(24256K)->24047K(24256K) Class: 4868K(5056K)->4868K(5056K)
[3376.250s][info][gc             ] GC(748) Pause Young (Prepare Mixed) (G1 Evacuation Pause) 3623M->1451M(4096M) 116.261ms
[3376.250s][info][gc,cpu         ] GC(748) User=0.69s Sys=0.00s Real=0.11s
....[3379.342s][info][gc,start       ] GC(749) Pause Young (Mixed) (G1 Evacuation Pause)
[3379.342s][info][gc,task        ] GC(749) Using 6 workers of 6 for evacuation
[3379.474s][info][gc,phases      ] GC(749)   Pre Evacuate Collection Set: 0.40ms
[3379.474s][info][gc,phases      ] GC(749)   Merge Heap Roots: 0.61ms
[3379.474s][info][gc,phases      ] GC(749)   Evacuate Collection Set: 130.23ms
[3379.474s][info][gc,phases      ] GC(749)   Post Evacuate Collection Set: 0.94ms
[3379.474s][info][gc,phases      ] GC(749)   Other: 0.09ms
[3379.474s][info][gc,heap        ] GC(749) Eden regions: 1108->0(1117)
[3379.474s][info][gc,heap        ] GC(749) Survivor regions: 111->111(153)
[3379.474s][info][gc,heap        ] GC(749) Old regions: 535->473
[3379.474s][info][gc,heap        ] GC(749) Humongous regions: 80->80
[3379.474s][info][gc,metaspace   ] GC(749) Metaspace: 28916K(29312K)->28916K(29312K) NonClass: 24047K(24256K)->24047K(24256K) Class: 4868K(5056K)->4868K(5056K)
[3379.474s][info][gc             ] GC(749) Pause Young (Mixed) (G1 Evacuation Pause) 3667M->1326M(4096M) 132.413ms
[3379.474s][info][gc,cpu         ] GC(749) User=0.79s Sys=0.00s Real=0.14s
...[3382.556s][info][gc,start       ] GC(750) Pause Young (Concurrent Start) (G1 Evacuation Pause)
[3382.556s][info][gc,task        ] GC(750) Using 6 workers of 6 for evacuation
[3382.672s][info][gc,phases      ] GC(750)   Pre Evacuate Collection Set: 0.43ms
[3382.672s][info][gc,phases      ] GC(750)   Merge Heap Roots: 0.45ms
[3382.672s][info][gc,phases      ] GC(750)   Evacuate Collection Set: 113.67ms
[3382.672s][info][gc,phases      ] GC(750)   Post Evacuate Collection Set: 0.89ms
[3382.672s][info][gc,phases      ] GC(750)   Other: 0.13ms
[3382.672s][info][gc,heap        ] GC(750) Eden regions: 1117->0(1121)
[3382.672s][info][gc,heap        ] GC(750) Survivor regions: 111->107(154)
[3382.672s][info][gc,heap        ] GC(750) Old regions: 473->505
[3382.672s][info][gc,heap        ] GC(750) Humongous regions: 80->80
[3382.672s][info][gc,metaspace   ] GC(750) Metaspace: 28916K(29312K)->28916K(29312K) NonClass: 24047K(24256K)->24047K(24256K) Class: 4868K(5056K)->4868K(5056K)
[3382.672s][info][gc             ] GC(750) Pause Young (Concurrent Start) (G1 Evacuation Pause) 3560M->1381M(4096M) 115.691ms
[3382.672s][info][gc             ] GC(751) Concurrent Mark Cycle
[3382.672s][info][gc,marking     ] GC(751) Concurrent Scan Root Regions
[3382.672s][info][gc,cpu         ] GC(750) User=0.68s Sys=0.00s Real=0.11s
[3382.845s][info][gc,marking     ] GC(751) Concurrent Scan Root Regions 173.605ms
[3382.846s][info][gc,marking     ] GC(751) Concurrent Mark
[3382.846s][info][gc,marking     ] GC(751) Concurrent Mark From Roots
[3382.846s][info][gc,task        ] GC(751) Using 2 workers of 2 for marking
.[3383.787s][info][gc,marking     ] GC(751) Concurrent Mark From Roots 941.570ms
[3383.787s][info][gc,marking     ] GC(751) Concurrent Preclean
[3383.787s][info][gc,marking     ] GC(751) Concurrent Preclean 0.194ms
[3383.788s][info][gc,start       ] GC(751) Pause Remark
[3383.794s][info][gc             ] GC(751) Pause Remark 2241M->2241M(4096M) 6.364ms
[3383.794s][info][gc,cpu         ] GC(751) User=0.04s Sys=0.00s Real=0.01s
[3383.794s][info][gc,marking     ] GC(751) Concurrent Mark 948.854ms
[3383.794s][info][gc,marking     ] GC(751) Concurrent Rebuild Remembered Sets and Scrub Regions
[3384.108s][info][gc,marking     ] GC(751) Concurrent Rebuild Remembered Sets and Scrub Regions 314.064ms
[3384.109s][info][gc,start       ] GC(751) Pause Cleanup
[3384.109s][info][gc             ] GC(751) Pause Cleanup 2465M->2465M(4096M) 0.103ms
[3384.109s][info][gc,cpu         ] GC(751) User=0.00s Sys=0.00s Real=0.00s
[3384.109s][info][gc,marking     ] GC(751) Concurrent Clear Claimed Marks
[3384.109s][info][gc,marking     ] GC(751) Concurrent Clear Claimed Marks 0.023ms
[3384.109s][info][gc,marking     ] GC(751) Concurrent Cleanup for Next Mark
[3384.112s][info][gc,marking     ] GC(751) Concurrent Cleanup for Next Mark 3.346ms
[3384.112s][info][gc             ] GC(751) Concurrent Mark Cycle 1440.333ms
..[3385.768s][info][gc,start       ] GC(752) Pause Young (Prepare Mixed) (G1 Evacuation Pause)
[3385.768s][info][gc,task        ] GC(752) Using 6 workers of 6 for evacuation
[3385.887s][info][gc,phases      ] GC(752)   Pre Evacuate Collection Set: 0.34ms
[3385.887s][info][gc,phases      ] GC(752)   Merge Heap Roots: 0.47ms
[3385.887s][info][gc,phases      ] GC(752)   Evacuate Collection Set: 117.21ms
[3385.887s][info][gc,phases      ] GC(752)   Post Evacuate Collection Set: 0.91ms
[3385.887s][info][gc,phases      ] GC(752)   Other: 0.08ms
[3385.887s][info][gc,heap        ] GC(752) Eden regions: 1121->0(1107)
[3385.887s][info][gc,heap        ] GC(752) Survivor regions: 107->111(154)
[3385.887s][info][gc,heap        ] GC(752) Old regions: 505->536
[3385.887s][info][gc,heap        ] GC(752) Humongous regions: 80->80
[3385.887s][info][gc,metaspace   ] GC(752) Metaspace: 28916K(29312K)->28916K(29312K) NonClass: 24047K(24256K)->24047K(24256K) Class: 4868K(5056K)->4868K(5056K)
[3385.887s][info][gc             ] GC(752) Pause Young (Prepare Mixed) (G1 Evacuation Pause) 3623M->1452M(4096M) 119.161ms
[3385.887s][info][gc,cpu         ] GC(752) User=0.71s Sys=0.00s Real=0.12s
... (rIR:aIR:PR = 5812:5811:5811) (tPR = 86167) [OK] 
  3388s: Performance info:
         Transaction,    Success,    Partial,     Failed,   Receipts, AvgBarcode, 
             Overall,     351583,          0,          0,     333986,      59.47, 
         Response times:
             Request,    Success,    Partial,     Failed,   SkipFail,     Probes,    Samples,      min,      p50,      p90,      p95,      p99,      max, 
       TotalPurchase,     333986,          0,          0,          0,     328752,     351295,      300,     4900,    12600,    33000,    82000,   216000,
     InStorePurchase,     175809,          0,          0,          0,     173385,     184529,      300,     4600,    12100,    32000,    81000,   199000,
      OnlinePurchase,     123024,          0,          0,          0,     120936,     129479,      300,     5200,    13000,    35000,    85000,   204000,
        InstPurchase,      35153,          0,          0,          0,      34431,      37287,      500,     4700,    12700,    32000,    80000,   216000,
          AssocOfCat,        351,          0,          0,          0,        269,        364,    26000,    37000,    70000,    91250,   148550,   177000,
      AssocOfProduct,       3526,          0,          0,          0,       3273,       3685,      500,     4100,    11200,    28000,    79140,   145000,
      BusinessReport,        880,          0,          0,          0,        743,        871,    23000,    36000,    66000,    84400,   170560,   250000,
          CustBuyBeh,       3523,          0,          0,          0,       3253,       3611,      300,     3600,     9680,    25000,    69000,   139000,
       ProductReturn,       9317,          0,          0,          0,       8905,       9839,      200,     4900,    13200,    34000,    83000,   195000,

  3388s: (43%)   IR =   5950 [3389.012s][info][gc,start       ] GC(753) Pause Young (Mixed) (G1 Evacuation Pause)
[3389.012s][info][gc,task        ] GC(753) Using 6 workers of 6 for evacuation
[3389.145s][info][gc,phases      ] GC(753)   Pre Evacuate Collection Set: 0.37ms
[3389.145s][info][gc,phases      ] GC(753)   Merge Heap Roots: 0.58ms
[3389.145s][info][gc,phases      ] GC(753)   Evacuate Collection Set: 131.32ms
[3389.145s][info][gc,phases      ] GC(753)   Post Evacuate Collection Set: 0.94ms
[3389.145s][info][gc,phases      ] GC(753)   Other: 0.09ms
[3389.145s][info][gc,heap        ] GC(753) Eden regions: 1107->0(1118)
[3389.145s][info][gc,heap        ] GC(753) Survivor regions: 111->110(153)
[3389.145s][info][gc,heap        ] GC(753) Old regions: 536->472
[3389.145s][info][gc,heap        ] GC(753) Humongous regions: 80->80
[3389.145s][info][gc,metaspace   ] GC(753) Metaspace: 28916K(29312K)->28916K(29312K) NonClass: 24047K(24256K)->24047K(24256K) Class: 4868K(5056K)->4868K(5056K)
[3389.145s][info][gc             ] GC(753) Pause Young (Mixed) (G1 Evacuation Pause) 3666M->1322M(4096M) 133.433ms
[3389.145s][info][gc,cpu         ] GC(753) User=0.79s Sys=0.00s Real=0.14s
...[3392.154s][info][gc,start       ] GC(754) Pause Young (Concurrent Start) (G1 Evacuation Pause)
[3392.154s][info][gc,task        ] GC(754) Using 6 workers of 6 for evacuation
[3392.277s][info][gc,phases      ] GC(754)   Pre Evacuate Collection Set: 0.35ms
[3392.277s][info][gc,phases      ] GC(754)   Merge Heap Roots: 0.50ms
[3392.277s][info][gc,phases      ] GC(754)   Evacuate Collection Set: 121.41ms
[3392.277s][info][gc,phases      ] GC(754)   Post Evacuate Collection Set: 0.89ms
[3392.277s][info][gc,phases      ] GC(754)   Other: 0.12ms
[3392.277s][info][gc,heap        ] GC(754) Eden regions: 1118->0(1114)
[3392.277s][info][gc,heap        ] GC(754) Survivor regions: 110->114(154)
[3392.277s][info][gc,heap        ] GC(754) Old regions: 472->503
[3392.277s][info][gc,heap        ] GC(754) Humongous regions: 80->80
[3392.277s][info][gc,metaspace   ] GC(754) Metaspace: 28916K(29312K)->28916K(29312K) NonClass: 24047K(24256K)->24047K(24256K) Class: 4868K(5056K)->4868K(5056K)
[3392.277s][info][gc             ] GC(754) Pause Young (Concurrent Start) (G1 Evacuation Pause) 3558M->1392M(4096M) 123.400ms
[3392.277s][info][gc             ] GC(755) Concurrent Mark Cycle
[3392.277s][info][gc,marking     ] GC(755) Concurrent Scan Root Regions
[3392.277s][info][gc,cpu         ] GC(754) User=0.73s Sys=0.00s Real=0.12s
.[3392.467s][info][gc,marking     ] GC(755) Concurrent Scan Root Regions 190.234ms
[3392.467s][info][gc,marking     ] GC(755) Concurrent Mark
[3392.467s][info][gc,marking     ] GC(755) Concurrent Mark From Roots
[3392.467s][info][gc,task        ] GC(755) Using 2 workers of 2 for marking
[3393.133s][info][gc,marking     ] GC(755) Concurrent Mark From Roots 666.023ms
[3393.133s][info][gc,marking     ] GC(755) Concurrent Preclean
[3393.134s][info][gc,marking     ] GC(755) Concurrent Preclean 0.139ms
[3393.134s][info][gc,start       ] GC(755) Pause Remark
[3393.138s][info][gc             ] GC(755) Pause Remark 2027M->2027M(4096M) 4.698ms
[3393.138s][info][gc,cpu         ] GC(755) User=0.02s Sys=0.00s Real=0.00s
[3393.138s][info][gc,marking     ] GC(755) Concurrent Mark 671.105ms
[3393.138s][info][gc,marking     ] GC(755) Concurrent Rebuild Remembered Sets and Scrub Regions
[3393.375s][info][gc,marking     ] GC(755) Concurrent Rebuild Remembered Sets and Scrub Regions 236.842ms
[3393.377s][info][gc,start       ] GC(755) Pause Cleanup
[3393.377s][info][gc             ] GC(755) Pause Cleanup 2176M->2176M(4096M) 0.128ms
[3393.377s][info][gc,cpu         ] GC(755) User=0.00s Sys=0.00s Real=0.00s
[3393.377s][info][gc,marking     ] GC(755) Concurrent Clear Claimed Marks
[3393.377s][info][gc,marking     ] GC(755) Concurrent Clear Claimed Marks 0.040ms
[3393.377s][info][gc,marking     ] GC(755) Concurrent Cleanup for Next Mark
.[3393.383s][info][gc,marking     ] GC(755) Concurrent Cleanup for Next Mark 5.531ms
[3393.383s][info][gc             ] GC(755) Concurrent Mark Cycle 1105.600ms
.[3395.378s][info][gc,start       ] GC(756) Pause Young (Prepare Mixed) (G1 Evacuation Pause)
[3395.378s][info][gc,task        ] GC(756) Using 6 workers of 6 for evacuation
[3395.493s][info][gc,phases      ] GC(756)   Pre Evacuate Collection Set: 0.35ms
[3395.493s][info][gc,phases      ] GC(756)   Merge Heap Roots: 0.47ms
[3395.493s][info][gc,phases      ] GC(756)   Evacuate Collection Set: 112.67ms
[3395.493s][info][gc,phases      ] GC(756)   Post Evacuate Collection Set: 0.91ms
[3395.493s][info][gc,phases      ] GC(756)   Other: 0.08ms
[3395.493s][info][gc,heap        ] GC(756) Eden regions: 1114->0(1117)
[3395.493s][info][gc,heap        ] GC(756) Survivor regions: 114->107(154)
[3395.493s][info][gc,heap        ] GC(756) Old regions: 503->534
[3395.493s][info][gc,heap        ] GC(756) Humongous regions: 80->80
[3395.493s][info][gc,metaspace   ] GC(756) Metaspace: 28916K(29312K)->28916K(29312K) NonClass: 24047K(24256K)->24047K(24256K) Class: 4868K(5056K)->4868K(5056K)
[3395.493s][info][gc             ] GC(756) Pause Young (Prepare Mixed) (G1 Evacuation Pause) 3620M->1441M(4096M) 114.628ms
[3395.493s][info][gc,cpu         ] GC(756) User=0.68s Sys=0.00s Real=0.12s
...[3398.491s][info][gc,start       ] GC(757) Pause Young (Mixed) (G1 Evacuation Pause)
[3398.491s][info][gc,task        ] GC(757) Using 6 workers of 6 for evacuation
[3398.623s][info][gc,phases      ] GC(757)   Pre Evacuate Collection Set: 0.42ms
[3398.623s][info][gc,phases      ] GC(757)   Merge Heap Roots: 0.61ms
[3398.623s][info][gc,phases      ] GC(757)   Evacuate Collection Set: 129.76ms
[3398.623s][info][gc,phases      ] GC(757)   Post Evacuate Collection Set: 0.94ms
[3398.623s][info][gc,phases      ] GC(757)   Other: 0.09ms
[3398.623s][info][gc,heap        ] GC(757) Eden regions: 1117->0(1120)
[3398.623s][info][gc,heap        ] GC(757) Survivor regions: 107->108(153)
[3398.623s][info][gc,heap        ] GC(757) Old regions: 534->470
[3398.623s][info][gc,heap        ] GC(757) Humongous regions: 80->80
[3398.623s][info][gc,metaspace   ] GC(757) Metaspace: 28916K(29312K)->28916K(29312K) NonClass: 24047K(24256K)->24047K(24256K) Class: 4868K(5056K)->4868K(5056K)
[3398.623s][info][gc             ] GC(757) Pause Young (Mixed) (G1 Evacuation Pause) 3675M->1313M(4096M) 131.953ms
[3398.623s][info][gc,cpu         ] GC(757) User=0.78s Sys=0.00s Real=0.14s
....|[3401.662s][info][gc,start       ] GC(758) Pause Young (Concurrent Start) (G1 Evacuation Pause)
[3401.662s][info][gc,task        ] GC(758) Using 6 workers of 6 for evacuation
[3401.777s][info][gc,phases      ] GC(758)   Pre Evacuate Collection Set: 0.40ms
[3401.777s][info][gc,phases      ] GC(758)   Merge Heap Roots: 0.42ms
[3401.777s][info][gc,phases      ] GC(758)   Evacuate Collection Set: 113.75ms
[3401.777s][info][gc,phases      ] GC(758)   Post Evacuate Collection Set: 0.89ms
[3401.777s][info][gc,phases      ] GC(758)   Other: 0.11ms
[3401.777s][info][gc,heap        ] GC(758) Eden regions: 1120->0(1120)
[3401.777s][info][gc,heap        ] GC(758) Survivor regions: 108->108(154)
[3401.777s][info][gc,heap        ] GC(758) Old regions: 470->502
[3401.777s][info][gc,heap        ] GC(758) Humongous regions: 80->80
[3401.777s][info][gc,metaspace   ] GC(758) Metaspace: 28916K(29312K)->28916K(29312K) NonClass: 24047K(24256K)->24047K(24256K) Class: 4868K(5056K)->4868K(5056K)
[3401.777s][info][gc             ] GC(758) Pause Young (Concurrent Start) (G1 Evacuation Pause) 3553M->1378M(4096M) 115.697ms
[3401.777s][info][gc             ] GC(759) Concurrent Mark Cycle
[3401.777s][info][gc,marking     ] GC(759) Concurrent Scan Root Regions
[3401.777s][info][gc,cpu         ] GC(758) User=0.68s Sys=0.00s Real=0.12s
[3401.958s][info][gc,marking     ] GC(759) Concurrent Scan Root Regions 180.473ms
[3401.958s][info][gc,marking     ] GC(759) Concurrent Mark
[3401.958s][info][gc,marking     ] GC(759) Concurrent Mark From Roots
[3401.958s][info][gc,task        ] GC(759) Using 2 workers of 2 for marking
.[3402.805s][info][gc,marking     ] GC(759) Concurrent Mark From Roots 846.600ms
[3402.805s][info][gc,marking     ] GC(759) Concurrent Preclean
[3402.805s][info][gc,marking     ] GC(759) Concurrent Preclean 0.180ms
[3402.807s][info][gc,start       ] GC(759) Pause Remark
[3402.812s][info][gc             ] GC(759) Pause Remark 2188M->2188M(4096M) 5.227ms
[3402.812s][info][gc,cpu         ] GC(759) User=0.03s Sys=0.00s Real=0.00s
[3402.812s][info][gc,marking     ] GC(759) Concurrent Mark 853.919ms
[3402.812s][info][gc,marking     ] GC(759) Concurrent Rebuild Remembered Sets and Scrub Regions
[3403.145s][info][gc,marking     ] GC(759) Concurrent Rebuild Remembered Sets and Scrub Regions 333.499ms
[3403.146s][info][gc,start       ] GC(759) Pause Cleanup
[3403.146s][info][gc             ] GC(759) Pause Cleanup 2423M->2423M(4096M) 0.104ms
[3403.146s][info][gc,cpu         ] GC(759) User=0.00s Sys=0.00s Real=0.00s
[3403.147s][info][gc,marking     ] GC(759) Concurrent Clear Claimed Marks
[3403.147s][info][gc,marking     ] GC(759) Concurrent Clear Claimed Marks 0.042ms
[3403.147s][info][gc,marking     ] GC(759) Concurrent Cleanup for Next Mark
[3403.153s][info][gc,marking     ] GC(759) Concurrent Cleanup for Next Mark 5.918ms
[3403.153s][info][gc             ] GC(759) Concurrent Mark Cycle 1375.698ms
..[3404.777s][info][gc,start       ] GC(760) Pause Young (Prepare Mixed) (G1 Evacuation Pause)
[3404.777s][info][gc,task        ] GC(760) Using 6 workers of 6 for evacuation
[3404.894s][info][gc,phases      ] GC(760)   Pre Evacuate Collection Set: 0.35ms
[3404.894s][info][gc,phases      ] GC(760)   Merge Heap Roots: 0.52ms
[3404.894s][info][gc,phases      ] GC(760)   Evacuate Collection Set: 114.48ms
[3404.894s][info][gc,phases      ] GC(760)   Post Evacuate Collection Set: 0.93ms
[3404.894s][info][gc,phases      ] GC(760)   Other: 0.09ms
[3404.894s][info][gc,heap        ] GC(760) Eden regions: 1120->0(1114)
[3404.894s][info][gc,heap        ] GC(760) Survivor regions: 108->109(154)
[3404.894s][info][gc,heap        ] GC(760) Old regions: 502->533
[3404.894s][info][gc,heap        ] GC(760) Humongous regions: 80->80
[3404.894s][info][gc,metaspace   ] GC(760) Metaspace: 28916K(29312K)->28916K(29312K) NonClass: 24047K(24256K)->24047K(24256K) Class: 4868K(5056K)->4868K(5056K)
[3404.894s][info][gc             ] GC(760) Pause Young (Prepare Mixed) (G1 Evacuation Pause) 3618M->1442M(4096M) 116.538ms
[3404.894s][info][gc,cpu         ] GC(760) User=0.69s Sys=0.00s Real=0.12s
...[3407.951s][info][gc,start       ] GC(761) Pause Young (Mixed) (G1 Evacuation Pause)
[3407.951s][info][gc,task        ] GC(761) Using 6 workers of 6 for evacuation
[3408.087s][info][gc,phases      ] GC(761)   Pre Evacuate Collection Set: 0.35ms
[3408.087s][info][gc,phases      ] GC(761)   Merge Heap Roots: 0.65ms
[3408.087s][info][gc,phases      ] GC(761)   Evacuate Collection Set: 134.06ms
[3408.087s][info][gc,phases      ] GC(761)   Post Evacuate Collection Set: 0.98ms
[3408.087s][info][gc,phases      ] GC(761)   Other: 0.09ms
[3408.087s][info][gc,heap        ] GC(761) Eden regions: 1114->0(1116)
[3408.087s][info][gc,heap        ] GC(761) Survivor regions: 109->112(153)
[3408.087s][info][gc,heap        ] GC(761) Old regions: 533->472
[3408.087s][info][gc,heap        ] GC(761) Humongous regions: 80->80
[3408.087s][info][gc,metaspace   ] GC(761) Metaspace: 28917K(29312K)->28917K(29312K) NonClass: 24049K(24256K)->24049K(24256K) Class: 4868K(5056K)->4868K(5056K)
[3408.087s][info][gc             ] GC(761) Pause Young (Mixed) (G1 Evacuation Pause) 3670M->1327M(4096M) 136.262ms
[3408.087s][info][gc,cpu         ] GC(761) User=0.81s Sys=0.00s Real=0.14s
...[3411.145s][info][gc,start       ] GC(762) Pause Young (Concurrent Start) (G1 Evacuation Pause)
[3411.145s][info][gc,task        ] GC(762) Using 6 workers of 6 for evacuation
[3411.273s][info][gc,phases      ] GC(762)   Pre Evacuate Collection Set: 0.34ms
[3411.273s][info][gc,phases      ] GC(762)   Merge Heap Roots: 0.46ms
[3411.273s][info][gc,phases      ] GC(762)   Evacuate Collection Set: 125.94ms
[3411.273s][info][gc,phases      ] GC(762)   Post Evacuate Collection Set: 0.88ms
[3411.273s][info][gc,phases      ] GC(762)   Other: 0.13ms
[3411.273s][info][gc,heap        ] GC(762) Eden regions: 1116->0(1110)
[3411.273s][info][gc,heap        ] GC(762) Survivor regions: 112->118(154)
[3411.273s][info][gc,heap        ] GC(762) Old regions: 472->504
[3411.273s][info][gc,heap        ] GC(762) Humongous regions: 80->80
[3411.273s][info][gc,metaspace   ] GC(762) Metaspace: 28917K(29312K)->28917K(29312K) NonClass: 24049K(24256K)->24049K(24256K) Class: 4868K(5056K)->4868K(5056K)
[3411.273s][info][gc             ] GC(762) Pause Young (Concurrent Start) (G1 Evacuation Pause) 3559M->1401M(4096M) 127.885ms
[3411.273s][info][gc             ] GC(763) Concurrent Mark Cycle
[3411.273s][info][gc,marking     ] GC(763) Concurrent Scan Root Regions
[3411.273s][info][gc,cpu         ] GC(762) User=0.76s Sys=0.00s Real=0.13s
[3411.462s][info][gc,marking     ] GC(763) Concurrent Scan Root Regions 189.000ms
[3411.462s][info][gc,marking     ] GC(763) Concurrent Mark
[3411.462s][info][gc,marking     ] GC(763) Concurrent Mark From Roots
[3411.462s][info][gc,task        ] GC(763) Using 2 workers of 2 for marking
.[3412.399s][info][gc,marking     ] GC(763) Concurrent Mark From Roots 937.037ms
[3412.399s][info][gc,marking     ] GC(763) Concurrent Preclean
[3412.399s][info][gc,marking     ] GC(763) Concurrent Preclean 0.265ms
[3412.401s][info][gc,start       ] GC(763) Pause Remark
[3412.406s][info][gc             ] GC(763) Pause Remark 2271M->2271M(4096M) 4.836ms
[3412.406s][info][gc,cpu         ] GC(763) User=0.02s Sys=0.00s Real=0.01s
[3412.406s][info][gc,marking     ] GC(763) Concurrent Mark 944.179ms
[3412.406s][info][gc,marking     ] GC(763) Concurrent Rebuild Remembered Sets and Scrub Regions
.[3412.708s][info][gc,marking     ] GC(763) Concurrent Rebuild Remembered Sets and Scrub Regions 301.261ms
[3412.708s][info][gc,start       ] GC(763) Pause Cleanup
[3412.708s][info][gc             ] GC(763) Pause Cleanup 2503M->2503M(4096M) 0.119ms
[3412.708s][info][gc,cpu         ] GC(763) User=0.00s Sys=0.00s Real=0.00s
[3412.708s][info][gc,marking     ] GC(763) Concurrent Clear Claimed Marks
[3412.708s][info][gc,marking     ] GC(763) Concurrent Clear Claimed Marks 0.031ms
[3412.708s][info][gc,marking     ] GC(763) Concurrent Cleanup for Next Mark
[3412.713s][info][gc,marking     ] GC(763) Concurrent Cleanup for Next Mark 4.835ms
[3412.713s][info][gc             ] GC(763) Concurrent Mark Cycle 1440.298ms
.[3414.367s][info][gc,start       ] GC(764) Pause Young (Prepare Mixed) (G1 Evacuation Pause)
[3414.367s][info][gc,task        ] GC(764) Using 6 workers of 6 for evacuation
[3414.486s][info][gc,phases      ] GC(764)   Pre Evacuate Collection Set: 0.33ms
[3414.486s][info][gc,phases      ] GC(764)   Merge Heap Roots: 0.53ms
[3414.486s][info][gc,phases      ] GC(764)   Evacuate Collection Set: 117.19ms
[3414.486s][info][gc,phases      ] GC(764)   Post Evacuate Collection Set: 0.93ms
[3414.486s][info][gc,phases      ] GC(764)   Other: 0.10ms
[3414.486s][info][gc,heap        ] GC(764) Eden regions: 1110->0(1110)
[3414.486s][info][gc,heap        ] GC(764) Survivor regions: 118->110(154)
[3414.486s][info][gc,heap        ] GC(764) Old regions: 504->535
[3414.486s][info][gc,heap        ] GC(764) Humongous regions: 80->80
[3414.486s][info][gc,metaspace   ] GC(764) Metaspace: 28917K(29312K)->28917K(29312K) NonClass: 24049K(24256K)->24049K(24256K) Class: 4868K(5056K)->4868K(5056K)
[3414.486s][info][gc             ] GC(764) Pause Young (Prepare Mixed) (G1 Evacuation Pause) 3621M->1449M(4096M) 119.218ms
[3414.486s][info][gc,cpu         ] GC(764) User=0.71s Sys=0.00s Real=0.12s
...[3417.410s][info][gc,start       ] GC(765) Pause Young (Mixed) (G1 Evacuation Pause)
[3417.410s][info][gc,task        ] GC(765) Using 6 workers of 6 for evacuation
[3417.540s][info][gc,phases      ] GC(765)   Pre Evacuate Collection Set: 0.39ms
[3417.540s][info][gc,phases      ] GC(765)   Merge Heap Roots: 0.61ms
[3417.540s][info][gc,phases      ] GC(765)   Evacuate Collection Set: 127.58ms
[3417.540s][info][gc,phases      ] GC(765)   Post Evacuate Collection Set: 0.94ms
[3417.540s][info][gc,phases      ] GC(765)   Other: 0.10ms
[3417.540s][info][gc,heap        ] GC(765) Eden regions: 1110->0(1120)
[3417.540s][info][gc,heap        ] GC(765) Survivor regions: 110->108(153)
[3417.540s][info][gc,heap        ] GC(765) Old regions: 535->471
[3417.540s][info][gc,heap        ] GC(765) Humongous regions: 80->80
[3417.540s][info][gc,metaspace   ] GC(765) Metaspace: 28917K(29312K)->28917K(29312K) NonClass: 24049K(24256K)->24049K(24256K) Class: 4868K(5056K)->4868K(5056K)
[3417.540s][info][gc             ] GC(765) Pause Young (Mixed) (G1 Evacuation Pause) 3669M->1317M(4096M) 129.750ms
[3417.540s][info][gc,cpu         ] GC(765) User=0.77s Sys=0.00s Real=0.13s
...[3420.624s][info][gc,start       ] GC(766) Pause Young (Concurrent Start) (G1 Evacuation Pause)
[3420.624s][info][gc,task        ] GC(766) Using 6 workers of 6 for evacuation
[3420.740s][info][gc,phases      ] GC(766)   Pre Evacuate Collection Set: 0.37ms
[3420.740s][info][gc,phases      ] GC(766)   Merge Heap Roots: 0.44ms
[3420.740s][info][gc,phases      ] GC(766)   Evacuate Collection Set: 114.68ms
[3420.740s][info][gc,phases      ] GC(766)   Post Evacuate Collection Set: 0.87ms
[3420.740s][info][gc,phases      ] GC(766)   Other: 0.10ms
[3420.740s][info][gc,heap        ] GC(766) Eden regions: 1120->0(1120)
[3420.740s][info][gc,heap        ] GC(766) Survivor regions: 108->108(154)
[3420.740s][info][gc,heap        ] GC(766) Old regions: 471->503
[3420.740s][info][gc,heap        ] GC(766) Humongous regions: 80->80
[3420.740s][info][gc,metaspace   ] GC(766) Metaspace: 28917K(29312K)->28917K(29312K) NonClass: 24049K(24256K)->24049K(24256K) Class: 4868K(5056K)->4868K(5056K)
[3420.740s][info][gc             ] GC(766) Pause Young (Concurrent Start) (G1 Evacuation Pause) 3557M->1381M(4096M) 116.617ms
[3420.740s][info][gc             ] GC(767) Concurrent Mark Cycle
[3420.740s][info][gc,marking     ] GC(767) Concurrent Scan Root Regions
[3420.740s][info][gc,cpu         ] GC(766) User=0.69s Sys=0.00s Real=0.11s
.[3420.917s][info][gc,marking     ] GC(767) Concurrent Scan Root Regions 176.697ms
[3420.917s][info][gc,marking     ] GC(767) Concurrent Mark
[3420.917s][info][gc,marking     ] GC(767) Concurrent Mark From Roots
[3420.917s][info][gc,task        ] GC(767) Using 2 workers of 2 for marking
[3421.856s][info][gc,marking     ] GC(767) Concurrent Mark From Roots 939.230ms
[3421.856s][info][gc,marking     ] GC(767) Concurrent Preclean
[3421.857s][info][gc,marking     ] GC(767) Concurrent Preclean 0.182ms
[3421.859s][info][gc,start       ] GC(767) Pause Remark
[3421.864s][info][gc             ] GC(767) Pause Remark 2261M->2261M(4096M) 5.615ms
[3421.864s][info][gc,cpu         ] GC(767) User=0.03s Sys=0.00s Real=0.01s
[3421.864s][info][gc,marking     ] GC(767) Concurrent Mark 947.310ms
[3421.864s][info][gc,marking     ] GC(767) Concurrent Rebuild Remembered Sets and Scrub Regions
.[3422.143s][info][gc,marking     ] GC(767) Concurrent Rebuild Remembered Sets and Scrub Regions 278.650ms
[3422.143s][info][gc,start       ] GC(767) Pause Cleanup
[3422.143s][info][gc             ] GC(767) Pause Cleanup 2481M->2481M(4096M) 0.105ms
[3422.143s][info][gc,cpu         ] GC(767) User=0.00s Sys=0.00s Real=0.00s
[3422.143s][info][gc,marking     ] GC(767) Concurrent Clear Claimed Marks
[3422.143s][info][gc,marking     ] GC(767) Concurrent Clear Claimed Marks 0.030ms
[3422.143s][info][gc,marking     ] GC(767) Concurrent Cleanup for Next Mark
[3422.148s][info][gc,marking     ] GC(767) Concurrent Cleanup for Next Mark 4.789ms
[3422.148s][info][gc             ] GC(767) Concurrent Mark Cycle 1407.967ms
.[3423.803s][info][gc,start       ] GC(768) Pause Young (Prepare Mixed) (G1 Evacuation Pause)
[3423.803s][info][gc,task        ] GC(768) Using 6 workers of 6 for evacuation
[3423.921s][info][gc,phases      ] GC(768)   Pre Evacuate Collection Set: 0.36ms
[3423.921s][info][gc,phases      ] GC(768)   Merge Heap Roots: 0.52ms
[3423.921s][info][gc,phases      ] GC(768)   Evacuate Collection Set: 116.20ms
[3423.921s][info][gc,phases      ] GC(768)   Post Evacuate Collection Set: 0.94ms
[3423.921s][info][gc,phases      ] GC(768)   Other: 0.09ms
[3423.921s][info][gc,heap        ] GC(768) Eden regions: 1120->0(1111)
[3423.921s][info][gc,heap        ] GC(768) Survivor regions: 108->110(154)
[3423.921s][info][gc,heap        ] GC(768) Old regions: 503->534
[3423.921s][info][gc,heap        ] GC(768) Humongous regions: 80->80
[3423.921s][info][gc,metaspace   ] GC(768) Metaspace: 28917K(29312K)->28917K(29312K) NonClass: 24049K(24256K)->24049K(24256K) Class: 4868K(5056K)->4868K(5056K)
[3423.922s][info][gc             ] GC(768) Pause Young (Prepare Mixed) (G1 Evacuation Pause) 3621M->1446M(4096M) 118.256ms
[3423.922s][info][gc,cpu         ] GC(768) User=0.70s Sys=0.00s Real=0.11s
...[3426.900s][info][gc,start       ] GC(769) Pause Young (Mixed) (G1 Evacuation Pause)
[3426.900s][info][gc,task        ] GC(769) Using 6 workers of 6 for evacuation
[3427.032s][info][gc,phases      ] GC(769)   Pre Evacuate Collection Set: 0.38ms
[3427.032s][info][gc,phases      ] GC(769)   Merge Heap Roots: 0.65ms
[3427.032s][info][gc,phases      ] GC(769)   Evacuate Collection Set: 130.28ms
[3427.032s][info][gc,phases      ] GC(769)   Post Evacuate Collection Set: 0.94ms
[3427.032s][info][gc,phases      ] GC(769)   Other: 0.09ms
[3427.032s][info][gc,heap        ] GC(769) Eden regions: 1111->0(1119)
[3427.032s][info][gc,heap        ] GC(769) Survivor regions: 110->109(153)
[3427.032s][info][gc,heap        ] GC(769) Old regions: 534->472
[3427.032s][info][gc,heap        ] GC(769) Humongous regions: 80->80
[3427.032s][info][gc,metaspace   ] GC(769) Metaspace: 28917K(29312K)->28917K(29312K) NonClass: 24049K(24256K)->24049K(24256K) Class: 4868K(5056K)->4868K(5056K)
[3427.032s][info][gc             ] GC(769) Pause Young (Mixed) (G1 Evacuation Pause) 3668M->1320M(4096M) 132.479ms
[3427.032s][info][gc,cpu         ] GC(769) User=0.78s Sys=0.00s Real=0.14s
....[3430.099s][info][gc,start       ] GC(770) Pause Young (Concurrent Start) (G1 Evacuation Pause)
[3430.099s][info][gc,task        ] GC(770) Using 6 workers of 6 for evacuation
[3430.220s][info][gc,phases      ] GC(770)   Pre Evacuate Collection Set: 0.39ms
[3430.220s][info][gc,phases      ] GC(770)   Merge Heap Roots: 0.45ms
[3430.220s][info][gc,phases      ] GC(770)   Evacuate Collection Set: 118.99ms
[3430.220s][info][gc,phases      ] GC(770)   Post Evacuate Collection Set: 0.89ms
[3430.220s][info][gc,phases      ] GC(770)   Other: 0.09ms
[3430.220s][info][gc,heap        ] GC(770) Eden regions: 1119->0(1115)
[3430.220s][info][gc,heap        ] GC(770) Survivor regions: 109->113(154)
[3430.220s][info][gc,heap        ] GC(770) Old regions: 472->504
[3430.220s][info][gc,heap        ] GC(770) Humongous regions: 80->80
[3430.220s][info][gc,metaspace   ] GC(770) Metaspace: 28917K(29312K)->28917K(29312K) NonClass: 24049K(24256K)->24049K(24256K) Class: 4868K(5056K)->4868K(5056K)
[3430.220s][info][gc             ] GC(770) Pause Young (Concurrent Start) (G1 Evacuation Pause) 3558M->1391M(4096M) 120.948ms
[3430.220s][info][gc             ] GC(771) Concurrent Mark Cycle
[3430.220s][info][gc,marking     ] GC(771) Concurrent Scan Root Regions
[3430.220s][info][gc,cpu         ] GC(770) User=0.72s Sys=0.00s Real=0.12s
[3430.363s][info][gc,marking     ] GC(771) Concurrent Scan Root Regions 143.061ms
[3430.363s][info][gc,marking     ] GC(771) Concurrent Mark
[3430.363s][info][gc,marking     ] GC(771) Concurrent Mark From Roots
[3430.363s][info][gc,task        ] GC(771) Using 2 workers of 2 for marking
[3431.079s][info][gc,marking     ] GC(771) Concurrent Mark From Roots 716.453ms
[3431.079s][info][gc,marking     ] GC(771) Concurrent Preclean
[3431.080s][info][gc,marking     ] GC(771) Concurrent Preclean 0.153ms
[3431.080s][info][gc,start       ] GC(771) Pause Remark
[3431.085s][info][gc             ] GC(771) Pause Remark 2083M->2083M(4096M) 5.073ms
[3431.085s][info][gc,cpu         ] GC(771) User=0.03s Sys=0.00s Real=0.01s
[3431.085s][info][gc,marking     ] GC(771) Concurrent Mark 722.274ms
[3431.085s][info][gc,marking     ] GC(771) Concurrent Rebuild Remembered Sets and Scrub Regions
.[3431.334s][info][gc,marking     ] GC(771) Concurrent Rebuild Remembered Sets and Scrub Regions 249.230ms
[3431.335s][info][gc,start       ] GC(771) Pause Cleanup
[3431.335s][info][gc             ] GC(771) Pause Cleanup 2267M->2267M(4096M) 0.116ms
[3431.335s][info][gc,cpu         ] GC(771) User=0.00s Sys=0.00s Real=0.00s
[3431.336s][info][gc,marking     ] GC(771) Concurrent Clear Claimed Marks
[3431.336s][info][gc,marking     ] GC(771) Concurrent Clear Claimed Marks 0.031ms
[3431.336s][info][gc,marking     ] GC(771) Concurrent Cleanup for Next Mark
[3431.341s][info][gc,marking     ] GC(771) Concurrent Cleanup for Next Mark 5.212ms
[3431.341s][info][gc             ] GC(771) Concurrent Mark Cycle 1121.357ms
..[3433.220s][info][gc,start       ] GC(772) Pause Young (Prepare Mixed) (G1 Evacuation Pause)
[3433.220s][info][gc,task        ] GC(772) Using 6 workers of 6 for evacuation
[3433.339s][info][gc,phases      ] GC(772)   Pre Evacuate Collection Set: 0.34ms
[3433.339s][info][gc,phases      ] GC(772)   Merge Heap Roots: 0.51ms
[3433.339s][info][gc,phases      ] GC(772)   Evacuate Collection Set: 116.70ms
[3433.339s][info][gc,phases      ] GC(772)   Post Evacuate Collection Set: 0.93ms
[3433.339s][info][gc,phases      ] GC(772)   Other: 0.09ms
[3433.339s][info][gc,heap        ] GC(772) Eden regions: 1115->0(1109)
[3433.339s][info][gc,heap        ] GC(772) Survivor regions: 113->110(154)
[3433.339s][info][gc,heap        ] GC(772) Old regions: 504->536
[3433.339s][info][gc,heap        ] GC(772) Humongous regions: 80->80
[3433.339s][info][gc,metaspace   ] GC(772) Metaspace: 28917K(29312K)->28917K(29312K) NonClass: 24049K(24256K)->24049K(24256K) Class: 4868K(5056K)->4868K(5056K)
[3433.339s][info][gc             ] GC(772) Pause Young (Prepare Mixed) (G1 Evacuation Pause) 3621M->1449M(4096M) 118.715ms
[3433.339s][info][gc,cpu         ] GC(772) User=0.70s Sys=0.00s Real=0.12s
...[3436.364s][info][gc,start       ] GC(773) Pause Young (Mixed) (G1 Evacuation Pause)
[3436.364s][info][gc,task        ] GC(773) Using 6 workers of 6 for evacuation
[3436.493s][info][gc,phases      ] GC(773)   Pre Evacuate Collection Set: 0.36ms
[3436.493s][info][gc,phases      ] GC(773)   Merge Heap Roots: 0.58ms
[3436.494s][info][gc,phases      ] GC(773)   Evacuate Collection Set: 127.54ms
[3436.494s][info][gc,phases      ] GC(773)   Post Evacuate Collection Set: 0.95ms
[3436.494s][info][gc,phases      ] GC(773)   Other: 0.08ms
[3436.494s][info][gc,heap        ] GC(773) Eden regions: 1109->0(1121)
[3436.494s][info][gc,heap        ] GC(773) Survivor regions: 110->107(153)
[3436.494s][info][gc,heap        ] GC(773) Old regions: 536->472
[3436.494s][info][gc,heap        ] GC(773) Humongous regions: 80->80
[3436.494s][info][gc,metaspace   ] GC(773) Metaspace: 28917K(29312K)->28917K(29312K) NonClass: 24049K(24256K)->24049K(24256K) Class: 4868K(5056K)->4868K(5056K)
[3436.494s][info][gc             ] GC(773) Pause Young (Mixed) (G1 Evacuation Pause) 3667M->1316M(4096M) 129.650ms
[3436.494s][info][gc,cpu         ] GC(773) User=0.77s Sys=0.01s Real=0.13s
...[3439.558s][info][gc,start       ] GC(774) Pause Young (Concurrent Start) (G1 Evacuation Pause)
[3439.558s][info][gc,task        ] GC(774) Using 6 workers of 6 for evacuation
[3439.673s][info][gc,phases      ] GC(774)   Pre Evacuate Collection Set: 0.40ms
[3439.673s][info][gc,phases      ] GC(774)   Merge Heap Roots: 0.45ms
[3439.673s][info][gc,phases      ] GC(774)   Evacuate Collection Set: 113.17ms
[3439.673s][info][gc,phases      ] GC(774)   Post Evacuate Collection Set: 0.89ms
[3439.673s][info][gc,phases      ] GC(774)   Other: 0.10ms
[3439.673s][info][gc,heap        ] GC(774) Eden regions: 1121->0(1120)
[3439.673s][info][gc,heap        ] GC(774) Survivor regions: 107->108(154)
[3439.673s][info][gc,heap        ] GC(774) Old regions: 472->503
[3439.673s][info][gc,heap        ] GC(774) Humongous regions: 80->80
[3439.673s][info][gc,metaspace   ] GC(774) Metaspace: 28917K(29312K)->28917K(29312K) NonClass: 24049K(24256K)->24049K(24256K) Class: 4868K(5056K)->4868K(5056K)
[3439.673s][info][gc             ] GC(774) Pause Young (Concurrent Start) (G1 Evacuation Pause) 3558M->1380M(4096M) 115.139ms
[3439.673s][info][gc             ] GC(775) Concurrent Mark Cycle
[3439.673s][info][gc,marking     ] GC(775) Concurrent Scan Root Regions
[3439.673s][info][gc,cpu         ] GC(774) User=0.69s Sys=0.00s Real=0.12s
[3439.811s][info][gc,marking     ] GC(775) Concurrent Scan Root Regions 137.682ms
[3439.811s][info][gc,marking     ] GC(775) Concurrent Mark
[3439.811s][info][gc,marking     ] GC(775) Concurrent Mark From Roots
[3439.811s][info][gc,task        ] GC(775) Using 2 workers of 2 for marking
.[3440.651s][info][gc,marking     ] GC(775) Concurrent Mark From Roots 840.565ms
[3440.651s][info][gc,marking     ] GC(775) Concurrent Preclean
[3440.652s][info][gc,marking     ] GC(775) Concurrent Preclean 0.181ms
[3440.652s][info][gc,start       ] GC(775) Pause Remark
[3440.656s][info][gc             ] GC(775) Pause Remark 2144M->2144M(4096M) 4.453ms
[3440.656s][info][gc,cpu         ] GC(775) User=0.03s Sys=0.00s Real=0.01s
[3440.657s][info][gc,marking     ] GC(775) Concurrent Mark 846.175ms
[3440.657s][info][gc,marking     ] GC(775) Concurrent Rebuild Remembered Sets and Scrub Regions
[3441.009s][info][gc,marking     ] GC(775) Concurrent Rebuild Remembered Sets and Scrub Regions 352.035ms
[3441.010s][info][gc,start       ] GC(775) Pause Cleanup
[3441.010s][info][gc             ] GC(775) Pause Cleanup 2402M->2402M(4096M) 0.113ms
[3441.010s][info][gc,cpu         ] GC(775) User=0.00s Sys=0.00s Real=0.00s
[3441.010s][info][gc,marking     ] GC(775) Concurrent Clear Claimed Marks
[3441.010s][info][gc,marking     ] GC(775) Concurrent Clear Claimed Marks 0.031ms
[3441.010s][info][gc,marking     ] GC(775) Concurrent Cleanup for Next Mark
[3441.015s][info][gc,marking     ] GC(775) Concurrent Cleanup for Next Mark 5.109ms
[3441.015s][info][gc             ] GC(775) Concurrent Mark Cycle 1342.062ms
..[3442.737s][info][gc,start       ] GC(776) Pause Young (Prepare Mixed) (G1 Evacuation Pause)
[3442.737s][info][gc,task        ] GC(776) Using 6 workers of 6 for evacuation
[3442.853s][info][gc,phases      ] GC(776)   Pre Evacuate Collection Set: 0.35ms
[3442.853s][info][gc,phases      ] GC(776)   Merge Heap Roots: 0.49ms
[3442.853s][info][gc,phases      ] GC(776)   Evacuate Collection Set: 113.98ms
[3442.853s][info][gc,phases      ] GC(776)   Post Evacuate Collection Set: 0.93ms
[3442.853s][info][gc,phases      ] GC(776)   Other: 0.09ms
[3442.853s][info][gc,heap        ] GC(776) Eden regions: 1120->0(1113)
[3442.853s][info][gc,heap        ] GC(776) Survivor regions: 108->109(154)
[3442.853s][info][gc,heap        ] GC(776) Old regions: 503->534
[3442.853s][info][gc,heap        ] GC(776) Humongous regions: 80->80
[3442.853s][info][gc,metaspace   ] GC(776) Metaspace: 28917K(29312K)->28917K(29312K) NonClass: 24049K(24256K)->24049K(24256K) Class: 4868K(5056K)->4868K(5056K)
[3442.853s][info][gc             ] GC(776) Pause Young (Prepare Mixed) (G1 Evacuation Pause) 3620M->1445M(4096M) 115.964ms
[3442.853s][info][gc,cpu         ] GC(776) User=0.68s Sys=0.00s Real=0.12s
...[3445.868s][info][gc,start       ] GC(777) Pause Young (Mixed) (G1 Evacuation Pause)
[3445.869s][info][gc,task        ] GC(777) Using 6 workers of 6 for evacuation
[3446.003s][info][gc,phases      ] GC(777)   Pre Evacuate Collection Set: 0.37ms
[3446.003s][info][gc,phases      ] GC(777)   Merge Heap Roots: 0.81ms
[3446.003s][info][gc,phases      ] GC(777)   Evacuate Collection Set: 132.25ms
[3446.003s][info][gc,phases      ] GC(777)   Post Evacuate Collection Set: 0.96ms
[3446.003s][info][gc,phases      ] GC(777)   Other: 0.09ms
[3446.003s][info][gc,heap        ] GC(777) Eden regions: 1113->0(1119)
[3446.003s][info][gc,heap        ] GC(777) Survivor regions: 109->109(153)
[3446.003s][info][gc,heap        ] GC(777) Old regions: 534->472
[3446.003s][info][gc,heap        ] GC(777) Humongous regions: 80->80
[3446.003s][info][gc,metaspace   ] GC(777) Metaspace: 28917K(29312K)->28917K(29312K) NonClass: 24049K(24256K)->24049K(24256K) Class: 4868K(5056K)->4868K(5056K)
[3446.003s][info][gc             ] GC(777) Pause Young (Mixed) (G1 Evacuation Pause) 3671M->1319M(4096M) 134.612ms
[3446.003s][info][gc,cpu         ] GC(777) User=0.80s Sys=0.00s Real=0.14s
...[3449.034s][info][gc,start       ] GC(778) Pause Young (Concurrent Start) (G1 Evacuation Pause)
[3449.034s][info][gc,task        ] GC(778) Using 6 workers of 6 for evacuation
[3449.153s][info][gc,phases      ] GC(778)   Pre Evacuate Collection Set: 0.35ms
[3449.153s][info][gc,phases      ] GC(778)   Merge Heap Roots: 0.45ms
[3449.153s][info][gc,phases      ] GC(778)   Evacuate Collection Set: 117.62ms
[3449.153s][info][gc,phases      ] GC(778)   Post Evacuate Collection Set: 0.89ms
[3449.153s][info][gc,phases      ] GC(778)   Other: 0.10ms
[3449.153s][info][gc,heap        ] GC(778) Eden regions: 1119->0(1116)
[3449.153s][info][gc,heap        ] GC(778) Survivor regions: 109->112(154)
[3449.153s][info][gc,heap        ] GC(778) Old regions: 472->504
[3449.153s][info][gc,heap        ] GC(778) Humongous regions: 80->80
[3449.153s][info][gc,metaspace   ] GC(778) Metaspace: 28917K(29312K)->28917K(29312K) NonClass: 24049K(24256K)->24049K(24256K) Class: 4868K(5056K)->4868K(5056K)
[3449.153s][info][gc             ] GC(778) Pause Young (Concurrent Start) (G1 Evacuation Pause) 3557M->1389M(4096M) 119.539ms
[3449.153s][info][gc             ] GC(779) Concurrent Mark Cycle
[3449.153s][info][gc,marking     ] GC(779) Concurrent Scan Root Regions
[3449.153s][info][gc,cpu         ] GC(778) User=0.70s Sys=0.00s Real=0.12s
.[3449.338s][info][gc,marking     ] GC(779) Concurrent Scan Root Regions 184.482ms
[3449.338s][info][gc,marking     ] GC(779) Concurrent Mark
[3449.338s][info][gc,marking     ] GC(779) Concurrent Mark From Roots
[3449.338s][info][gc,task        ] GC(779) Using 2 workers of 2 for marking
.[3450.279s][info][gc,marking     ] GC(779) Concurrent Mark From Roots 941.175ms
[3450.279s][info][gc,marking     ] GC(779) Concurrent Preclean
[3450.279s][info][gc,marking     ] GC(779) Concurrent Preclean 0.160ms
[3450.280s][info][gc,start       ] GC(779) Pause Remark
[3450.285s][info][gc             ] GC(779) Pause Remark 2253M->2253M(4096M) 4.746ms
[3450.285s][info][gc,cpu         ] GC(779) User=0.03s Sys=0.00s Real=0.01s
[3450.285s][info][gc,marking     ] GC(779) Concurrent Mark 947.473ms
[3450.285s][info][gc,marking     ] GC(779) Concurrent Rebuild Remembered Sets and Scrub Regions
[3450.590s][info][gc,marking     ] GC(779) Concurrent Rebuild Remembered Sets and Scrub Regions 304.550ms
[3450.590s][info][gc,start       ] GC(779) Pause Cleanup
[3450.590s][info][gc             ] GC(779) Pause Cleanup 2477M->2477M(4096M) 0.112ms
[3450.590s][info][gc,cpu         ] GC(779) User=0.00s Sys=0.00s Real=0.00s
[3450.590s][info][gc,marking     ] GC(779) Concurrent Clear Claimed Marks
[3450.590s][info][gc,marking     ] GC(779) Concurrent Clear Claimed Marks 0.022ms
[3450.590s][info][gc,marking     ] GC(779) Concurrent Cleanup for Next Mark
[3450.593s][info][gc,marking     ] GC(779) Concurrent Cleanup for Next Mark 3.205ms
[3450.593s][info][gc             ] GC(779) Concurrent Mark Cycle 1440.233ms
..[3452.219s][info][gc,start       ] GC(780) Pause Young (Prepare Mixed) (G1 Evacuation Pause)
[3452.219s][info][gc,task        ] GC(780) Using 6 workers of 6 for evacuation
[3452.338s][info][gc,phases      ] GC(780)   Pre Evacuate Collection Set: 0.33ms
[3452.338s][info][gc,phases      ] GC(780)   Merge Heap Roots: 0.48ms
[3452.338s][info][gc,phases      ] GC(780)   Evacuate Collection Set: 117.68ms
[3452.338s][info][gc,phases      ] GC(780)   Post Evacuate Collection Set: 0.80ms
[3452.338s][info][gc,phases      ] GC(780)   Other: 0.09ms
[3452.338s][info][gc,heap        ] GC(780) Eden regions: 1116->0(1104)
[3452.338s][info][gc,heap        ] GC(780) Survivor regions: 112->113(154)
[3452.338s][info][gc,heap        ] GC(780) Old regions: 504->535
[3452.338s][info][gc,heap        ] GC(780) Humongous regions: 80->80
[3452.338s][info][gc,metaspace   ] GC(780) Metaspace: 28917K(29312K)->28917K(29312K) NonClass: 24049K(24256K)->24049K(24256K) Class: 4868K(5056K)->4868K(5056K)
[3452.338s][info][gc             ] GC(780) Pause Young (Prepare Mixed) (G1 Evacuation Pause) 3621M->1454M(4096M) 119.523ms
[3452.338s][info][gc,cpu         ] GC(780) User=0.70s Sys=0.00s Real=0.12s
...[3455.324s][info][gc,start       ] GC(781) Pause Young (Mixed) (G1 Evacuation Pause)
[3455.324s][info][gc,task        ] GC(781) Using 6 workers of 6 for evacuation
[3455.458s][info][gc,phases      ] GC(781)   Pre Evacuate Collection Set: 0.44ms
[3455.458s][info][gc,phases      ] GC(781)   Merge Heap Roots: 0.68ms
[3455.458s][info][gc,phases      ] GC(781)   Evacuate Collection Set: 131.39ms
[3455.458s][info][gc,phases      ] GC(781)   Post Evacuate Collection Set: 0.93ms
[3455.458s][info][gc,phases      ] GC(781)   Other: 0.09ms
[3455.458s][info][gc,heap        ] GC(781) Eden regions: 1104->0(1118)
[3455.458s][info][gc,heap        ] GC(781) Survivor regions: 113->110(153)
[3455.458s][info][gc,heap        ] GC(781) Old regions: 535->473
[3455.458s][info][gc,heap        ] GC(781) Humongous regions: 80->80
[3455.458s][info][gc,metaspace   ] GC(781) Metaspace: 28917K(29312K)->28917K(29312K) NonClass: 24049K(24256K)->24049K(24256K) Class: 4868K(5056K)->4868K(5056K)
[3455.458s][info][gc             ] GC(781) Pause Young (Mixed) (G1 Evacuation Pause) 3662M->1324M(4096M) 133.682ms
[3455.458s][info][gc,cpu         ] GC(781) User=0.79s Sys=0.00s Real=0.13s
...[3458.454s][info][gc,start       ] GC(782) Pause Young (Concurrent Start) (G1 Evacuation Pause)
[3458.454s][info][gc,task        ] GC(782) Using 6 workers of 6 for evacuation
[3458.572s][info][gc,phases      ] GC(782)   Pre Evacuate Collection Set: 0.42ms
[3458.572s][info][gc,phases      ] GC(782)   Merge Heap Roots: 0.47ms
[3458.572s][info][gc,phases      ] GC(782)   Evacuate Collection Set: 116.13ms
[3458.572s][info][gc,phases      ] GC(782)   Post Evacuate Collection Set: 0.92ms
[3458.572s][info][gc,phases      ] GC(782)   Other: 0.14ms
[3458.572s][info][gc,heap        ] GC(782) Eden regions: 1118->0(1118)
[3458.572s][info][gc,heap        ] GC(782) Survivor regions: 110->110(154)
[3458.572s][info][gc,heap        ] GC(782) Old regions: 473->506
[3458.572s][info][gc,heap        ] GC(782) Humongous regions: 80->80
[3458.572s][info][gc,metaspace   ] GC(782) Metaspace: 28917K(29312K)->28917K(29312K) NonClass: 24049K(24256K)->24049K(24256K) Class: 4868K(5056K)->4868K(5056K)
[3458.573s][info][gc             ] GC(782) Pause Young (Concurrent Start) (G1 Evacuation Pause) 3560M->1389M(4096M) 118.227ms
[3458.573s][info][gc             ] GC(783) Concurrent Mark Cycle
[3458.573s][info][gc,marking     ] GC(783) Concurrent Scan Root Regions
[3458.573s][info][gc,cpu         ] GC(782) User=0.70s Sys=0.00s Real=0.12s
[3458.754s][info][gc,marking     ] GC(783) Concurrent Scan Root Regions 181.162ms
[3458.754s][info][gc,marking     ] GC(783) Concurrent Mark
[3458.754s][info][gc,marking     ] GC(783) Concurrent Mark From Roots
[3458.754s][info][gc,task        ] GC(783) Using 2 workers of 2 for marking
.[3459.692s][info][gc,marking     ] GC(783) Concurrent Mark From Roots 938.613ms
[3459.692s][info][gc,marking     ] GC(783) Concurrent Preclean
[3459.693s][info][gc,marking     ] GC(783) Concurrent Preclean 0.161ms
[3459.693s][info][gc,start       ] GC(783) Pause Remark
[3459.698s][info][gc             ] GC(783) Pause Remark 2269M->2269M(4096M) 5.559ms
[3459.699s][info][gc,cpu         ] GC(783) User=0.03s Sys=0.01s Real=0.00s
[3459.699s][info][gc,marking     ] GC(783) Concurrent Mark 945.106ms
[3459.699s][info][gc,marking     ] GC(783) Concurrent Rebuild Remembered Sets and Scrub Regions
[3460.094s][info][gc,marking     ] GC(783) Concurrent Rebuild Remembered Sets and Scrub Regions 395.515ms
[3460.095s][info][gc,start       ] GC(783) Pause Cleanup
[3460.095s][info][gc             ] GC(783) Pause Cleanup 2549M->2549M(4096M) 0.130ms
[3460.095s][info][gc,cpu         ] GC(783) User=0.00s Sys=0.00s Real=0.00s
[3460.095s][info][gc,marking     ] GC(783) Concurrent Clear Claimed Marks
[3460.095s][info][gc,marking     ] GC(783) Concurrent Clear Claimed Marks 0.026ms
[3460.095s][info][gc,marking     ] GC(783) Concurrent Cleanup for Next Mark
[3460.099s][info][gc,marking     ] GC(783) Concurrent Cleanup for Next Mark 3.544ms
[3460.099s][info][gc             ] GC(783) Concurrent Mark Cycle 1526.453ms
..[3461.679s][info][gc,start       ] GC(784) Pause Young (Prepare Mixed) (G1 Evacuation Pause)
[3461.679s][info][gc,task        ] GC(784) Using 6 workers of 6 for evacuation
[3461.795s][info][gc,phases      ] GC(784)   Pre Evacuate Collection Set: 0.36ms
[3461.795s][info][gc,phases      ] GC(784)   Merge Heap Roots: 0.52ms
[3461.795s][info][gc,phases      ] GC(784)   Evacuate Collection Set: 114.28ms
[3461.795s][info][gc,phases      ] GC(784)   Post Evacuate Collection Set: 0.92ms
[3461.795s][info][gc,phases      ] GC(784)   Other: 0.09ms
[3461.795s][info][gc,heap        ] GC(784) Eden regions: 1118->0(1110)
[3461.795s][info][gc,heap        ] GC(784) Survivor regions: 110->109(154)
[3461.795s][info][gc,heap        ] GC(784) Old regions: 506->537
[3461.795s][info][gc,heap        ] GC(784) Humongous regions: 80->80
[3461.795s][info][gc,metaspace   ] GC(784) Metaspace: 28917K(29312K)->28917K(29312K) NonClass: 24049K(24256K)->24049K(24256K) Class: 4868K(5056K)->4868K(5056K)
[3461.795s][info][gc             ] GC(784) Pause Young (Prepare Mixed) (G1 Evacuation Pause) 3625M->1450M(4096M) 116.309ms
[3461.795s][info][gc,cpu         ] GC(784) User=0.69s Sys=0.00s Real=0.12s
. (rIR:aIR:PR = 5950:5950:5950) (tPR = 88570) [OK] 
  3461s: Performance info:
         Transaction,    Success,    Partial,     Failed,   Receipts, AvgBarcode, 
             Overall,     360354,          0,          0,     342345,      59.48, 
         Response times:
             Request,    Success,    Partial,     Failed,   SkipFail,     Probes,    Samples,      min,      p50,      p90,      p95,      p99,      max, 
       TotalPurchase,     342345,          0,          0,          0,     336680,     412253,      300,     4900,    13900,    31000,    77000,   197000,
     InStorePurchase,     180208,          0,          0,          0,     177406,     216866,      300,     4700,    13400,    29000,    75000,   194000,
      OnlinePurchase,     126113,          0,          0,          0,     124109,     151895,      300,     5200,    14500,    32000,    80000,   197000,
        InstPurchase,      36024,          0,          0,          0,      35165,      43492,      400,     5200,    14300,    33000,    79000,   172000,
          AssocOfCat,        360,          0,          0,          0,        280,        420,    25000,    37000,    63800,    89950,   149060,   160000,
      AssocOfProduct,       3608,          0,          0,          0,       3336,       4331,      400,     3900,    13100,    28000,    74040,   141000,
      BusinessReport,        899,          0,          0,          0,        794,       1100,    24000,    37000,    66000,    84950,   185910,   242000,
          CustBuyBeh,       3606,          0,          0,          0,       3353,       4295,      900,     5700,    17540,    36000,    78000,   174000,
       ProductReturn,       9536,          0,          0,          0,       9070,      11476,      200,     4100,    11800,    29000,    63230,   153000,

  3461s: (44%)   IR =   6088 ..[3464.797s][info][gc,start       ] GC(785) Pause Young (Mixed) (G1 Evacuation Pause)
[3464.797s][info][gc,task        ] GC(785) Using 6 workers of 6 for evacuation
[3464.929s][info][gc,phases      ] GC(785)   Pre Evacuate Collection Set: 0.41ms
[3464.929s][info][gc,phases      ] GC(785)   Merge Heap Roots: 0.66ms
[3464.929s][info][gc,phases      ] GC(785)   Evacuate Collection Set: 129.72ms
[3464.929s][info][gc,phases      ] GC(785)   Post Evacuate Collection Set: 1.00ms
[3464.929s][info][gc,phases      ] GC(785)   Other: 0.10ms
[3464.929s][info][gc,heap        ] GC(785) Eden regions: 1110->0(1119)
[3464.929s][info][gc,heap        ] GC(785) Survivor regions: 109->109(153)
[3464.929s][info][gc,heap        ] GC(785) Old regions: 537->473
[3464.929s][info][gc,heap        ] GC(785) Humongous regions: 80->80
[3464.929s][info][gc,metaspace   ] GC(785) Metaspace: 28917K(29312K)->28917K(29312K) NonClass: 24049K(24256K)->24049K(24256K) Class: 4868K(5056K)->4868K(5056K)
[3464.929s][info][gc             ] GC(785) Pause Young (Mixed) (G1 Evacuation Pause) 3670M->1323M(4096M) 132.038ms
[3464.929s][info][gc,cpu         ] GC(785) User=0.78s Sys=0.00s Real=0.13s
..|.[3467.854s][info][gc,start       ] GC(786) Pause Young (Concurrent Start) (G1 Evacuation Pause)
[3467.854s][info][gc,task        ] GC(786) Using 6 workers of 6 for evacuation
[3467.971s][info][gc,phases      ] GC(786)   Pre Evacuate Collection Set: 0.35ms
[3467.971s][info][gc,phases      ] GC(786)   Merge Heap Roots: 0.42ms
[3467.971s][info][gc,phases      ] GC(786)   Evacuate Collection Set: 115.41ms
[3467.971s][info][gc,phases      ] GC(786)   Post Evacuate Collection Set: 0.89ms
[3467.971s][info][gc,phases      ] GC(786)   Other: 0.12ms
[3467.971s][info][gc,heap        ] GC(786) Eden regions: 1119->0(1119)
[3467.971s][info][gc,heap        ] GC(786) Survivor regions: 109->109(154)
[3467.971s][info][gc,heap        ] GC(786) Old regions: 473->506
[3467.971s][info][gc,heap        ] GC(786) Humongous regions: 80->80
[3467.971s][info][gc,metaspace   ] GC(786) Metaspace: 28917K(29312K)->28917K(29312K) NonClass: 24049K(24256K)->24049K(24256K) Class: 4868K(5056K)->4868K(5056K)
[3467.971s][info][gc             ] GC(786) Pause Young (Concurrent Start) (G1 Evacuation Pause) 3561M->1387M(4096M) 117.341ms
[3467.971s][info][gc             ] GC(787) Concurrent Mark Cycle
[3467.971s][info][gc,marking     ] GC(787) Concurrent Scan Root Regions
[3467.971s][info][gc,cpu         ] GC(786) User=0.70s Sys=0.00s Real=0.11s
[3468.152s][info][gc,marking     ] GC(787) Concurrent Scan Root Regions 181.525ms
[3468.153s][info][gc,marking     ] GC(787) Concurrent Mark
[3468.153s][info][gc,marking     ] GC(787) Concurrent Mark From Roots
[3468.153s][info][gc,task        ] GC(787) Using 2 workers of 2 for marking
.[3468.998s][info][gc,marking     ] GC(787) Concurrent Mark From Roots 845.000ms
[3468.998s][info][gc,marking     ] GC(787) Concurrent Preclean
[3468.998s][info][gc,marking     ] GC(787) Concurrent Preclean 0.152ms
[3468.998s][info][gc,start       ] GC(787) Pause Remark
[3469.003s][info][gc             ] GC(787) Pause Remark 2188M->2188M(4096M) 5.306ms
[3469.003s][info][gc,cpu         ] GC(787) User=0.03s Sys=0.00s Real=0.01s
[3469.003s][info][gc,marking     ] GC(787) Concurrent Mark 850.731ms
[3469.003s][info][gc,marking     ] GC(787) Concurrent Rebuild Remembered Sets and Scrub Regions
[3469.247s][info][gc,marking     ] GC(787) Concurrent Rebuild Remembered Sets and Scrub Regions 243.291ms
[3469.247s][info][gc,start       ] GC(787) Pause Cleanup
[3469.247s][info][gc             ] GC(787) Pause Cleanup 2361M->2361M(4096M) 0.119ms
[3469.247s][info][gc,cpu         ] GC(787) User=0.00s Sys=0.00s Real=0.00s
[3469.248s][info][gc,marking     ] GC(787) Concurrent Clear Claimed Marks
[3469.248s][info][gc,marking     ] GC(787) Concurrent Clear Claimed Marks 0.038ms
[3469.248s][info][gc,marking     ] GC(787) Concurrent Cleanup for Next Mark
[3469.254s][info][gc,marking     ] GC(787) Concurrent Cleanup for Next Mark 5.904ms
[3469.254s][info][gc             ] GC(787) Concurrent Mark Cycle 1283.065ms
..[3470.945s][info][gc,start       ] GC(788) Pause Young (Prepare Mixed) (G1 Evacuation Pause)
[3470.945s][info][gc,task        ] GC(788) Using 6 workers of 6 for evacuation
[3471.064s][info][gc,phases      ] GC(788)   Pre Evacuate Collection Set: 0.34ms
[3471.064s][info][gc,phases      ] GC(788)   Merge Heap Roots: 0.47ms
[3471.064s][info][gc,phases      ] GC(788)   Evacuate Collection Set: 117.29ms
[3471.064s][info][gc,phases      ] GC(788)   Post Evacuate Collection Set: 0.92ms
[3471.064s][info][gc,phases      ] GC(788)   Other: 0.08ms
[3471.064s][info][gc,heap        ] GC(788) Eden regions: 1119->0(1106)
[3471.064s][info][gc,heap        ] GC(788) Survivor regions: 109->111(154)
[3471.064s][info][gc,heap        ] GC(788) Old regions: 506->537
[3471.064s][info][gc,heap        ] GC(788) Humongous regions: 80->80
[3471.064s][info][gc,metaspace   ] GC(788) Metaspace: 28917K(29312K)->28917K(29312K) NonClass: 24049K(24256K)->24049K(24256K) Class: 4868K(5056K)->4868K(5056K)
[3471.064s][info][gc             ] GC(788) Pause Young (Prepare Mixed) (G1 Evacuation Pause) 3625M->1455M(4096M) 119.229ms
[3471.064s][info][gc,cpu         ] GC(788) User=0.70s Sys=0.00s Real=0.12s
...[3474.082s][info][gc,start       ] GC(789) Pause Young (Mixed) (G1 Evacuation Pause)
[3474.082s][info][gc,task        ] GC(789) Using 6 workers of 6 for evacuation
[3474.216s][info][gc,phases      ] GC(789)   Pre Evacuate Collection Set: 0.35ms
[3474.216s][info][gc,phases      ] GC(789)   Merge Heap Roots: 0.62ms
[3474.216s][info][gc,phases      ] GC(789)   Evacuate Collection Set: 132.17ms
[3474.216s][info][gc,phases      ] GC(789)   Post Evacuate Collection Set: 0.94ms
[3474.216s][info][gc,phases      ] GC(789)   Other: 0.09ms
[3474.216s][info][gc,heap        ] GC(789) Eden regions: 1106->0(1117)
[3474.216s][info][gc,heap        ] GC(789) Survivor regions: 111->111(153)
[3474.216s][info][gc,heap        ] GC(789) Old regions: 537->471
[3474.216s][info][gc,heap        ] GC(789) Humongous regions: 80->80
[3474.216s][info][gc,metaspace   ] GC(789) Metaspace: 28917K(29312K)->28917K(29312K) NonClass: 24049K(24256K)->24049K(24256K) Class: 4868K(5056K)->4868K(5056K)
[3474.216s][info][gc             ] GC(789) Pause Young (Mixed) (G1 Evacuation Pause) 3667M->1321M(4096M) 134.320ms
[3474.216s][info][gc,cpu         ] GC(789) User=0.79s Sys=0.00s Real=0.13s
...[3477.166s][info][gc,start       ] GC(790) Pause Young (Concurrent Start) (G1 Evacuation Pause)
[3477.166s][info][gc,task        ] GC(790) Using 6 workers of 6 for evacuation
[3477.284s][info][gc,phases      ] GC(790)   Pre Evacuate Collection Set: 0.38ms
[3477.285s][info][gc,phases      ] GC(790)   Merge Heap Roots: 0.54ms
[3477.285s][info][gc,phases      ] GC(790)   Evacuate Collection Set: 116.46ms
[3477.285s][info][gc,phases      ] GC(790)   Post Evacuate Collection Set: 0.89ms
[3477.285s][info][gc,phases      ] GC(790)   Other: 0.13ms
[3477.285s][info][gc,heap        ] GC(790) Eden regions: 1117->0(1117)
[3477.285s][info][gc,heap        ] GC(790) Survivor regions: 111->111(154)
[3477.285s][info][gc,heap        ] GC(790) Old regions: 471->502
[3477.285s][info][gc,heap        ] GC(790) Humongous regions: 80->80
[3477.285s][info][gc,metaspace   ] GC(790) Metaspace: 28917K(29312K)->28917K(29312K) NonClass: 24049K(24256K)->24049K(24256K) Class: 4868K(5056K)->4868K(5056K)
[3477.285s][info][gc             ] GC(790) Pause Young (Concurrent Start) (G1 Evacuation Pause) 3555M->1384M(4096M) 118.526ms
[3477.285s][info][gc             ] GC(791) Concurrent Mark Cycle
[3477.285s][info][gc,marking     ] GC(791) Concurrent Scan Root Regions
[3477.285s][info][gc,cpu         ] GC(790) User=0.70s Sys=0.00s Real=0.12s
.[3477.426s][info][gc,marking     ] GC(791) Concurrent Scan Root Regions 140.923ms
[3477.426s][info][gc,marking     ] GC(791) Concurrent Mark
[3477.426s][info][gc,marking     ] GC(791) Concurrent Mark From Roots
[3477.426s][info][gc,task        ] GC(791) Using 2 workers of 2 for marking
[3478.107s][info][gc,marking     ] GC(791) Concurrent Mark From Roots 681.546ms
[3478.107s][info][gc,marking     ] GC(791) Concurrent Preclean
[3478.107s][info][gc,marking     ] GC(791) Concurrent Preclean 0.129ms
[3478.108s][info][gc,start       ] GC(791) Pause Remark
[3478.113s][info][gc             ] GC(791) Pause Remark 2028M->2028M(4096M) 4.912ms
[3478.113s][info][gc,cpu         ] GC(791) User=0.03s Sys=0.01s Real=0.01s
[3478.113s][info][gc,marking     ] GC(791) Concurrent Mark 687.316ms
[3478.113s][info][gc,marking     ] GC(791) Concurrent Rebuild Remembered Sets and Scrub Regions
.[3478.324s][info][gc,marking     ] GC(791) Concurrent Rebuild Remembered Sets and Scrub Regions 211.404ms
[3478.325s][info][gc,start       ] GC(791) Pause Cleanup
[3478.326s][info][gc             ] GC(791) Pause Cleanup 2181M->2181M(4096M) 0.122ms
[3478.326s][info][gc,cpu         ] GC(791) User=0.00s Sys=0.00s Real=0.00s
[3478.326s][info][gc,marking     ] GC(791) Concurrent Clear Claimed Marks
[3478.326s][info][gc,marking     ] GC(791) Concurrent Clear Claimed Marks 0.039ms
[3478.326s][info][gc,marking     ] GC(791) Concurrent Cleanup for Next Mark
[3478.332s][info][gc,marking     ] GC(791) Concurrent Cleanup for Next Mark 5.825ms
[3478.332s][info][gc             ] GC(791) Concurrent Mark Cycle 1047.314ms
.[3480.282s][info][gc,start       ] GC(792) Pause Young (Prepare Mixed) (G1 Evacuation Pause)
[3480.282s][info][gc,task        ] GC(792) Using 6 workers of 6 for evacuation
[3480.407s][info][gc,phases      ] GC(792)   Pre Evacuate Collection Set: 0.38ms
[3480.407s][info][gc,phases      ] GC(792)   Merge Heap Roots: 0.58ms
[3480.407s][info][gc,phases      ] GC(792)   Evacuate Collection Set: 122.17ms
[3480.407s][info][gc,phases      ] GC(792)   Post Evacuate Collection Set: 0.93ms
[3480.407s][info][gc,phases      ] GC(792)   Other: 0.82ms
[3480.407s][info][gc,heap        ] GC(792) Eden regions: 1117->0(1102)
[3480.407s][info][gc,heap        ] GC(792) Survivor regions: 111->114(154)
[3480.407s][info][gc,heap        ] GC(792) Old regions: 502->535
[3480.407s][info][gc,heap        ] GC(792) Humongous regions: 80->80
[3480.407s][info][gc,metaspace   ] GC(792) Metaspace: 28917K(29312K)->28917K(29312K) NonClass: 24049K(24256K)->24049K(24256K) Class: 4868K(5056K)->4868K(5056K)
[3480.407s][info][gc             ] GC(792) Pause Young (Prepare Mixed) (G1 Evacuation Pause) 3618M->1457M(4096M) 125.034ms
[3480.407s][info][gc,cpu         ] GC(792) User=0.74s Sys=0.00s Real=0.12s
...[3483.243s][info][gc,start       ] GC(793) Pause Young (Mixed) (G1 Evacuation Pause)
[3483.243s][info][gc,task        ] GC(793) Using 6 workers of 6 for evacuation
[3483.377s][info][gc,phases      ] GC(793)   Pre Evacuate Collection Set: 0.38ms
[3483.377s][info][gc,phases      ] GC(793)   Merge Heap Roots: 0.67ms
[3483.377s][info][gc,phases      ] GC(793)   Evacuate Collection Set: 131.91ms
[3483.377s][info][gc,phases      ] GC(793)   Post Evacuate Collection Set: 0.95ms
[3483.377s][info][gc,phases      ] GC(793)   Other: 0.09ms
[3483.377s][info][gc,heap        ] GC(793) Eden regions: 1102->0(1119)
[3483.377s][info][gc,heap        ] GC(793) Survivor regions: 114->109(152)
[3483.377s][info][gc,heap        ] GC(793) Old regions: 535->473
[3483.377s][info][gc,heap        ] GC(793) Humongous regions: 80->80
[3483.377s][info][gc,metaspace   ] GC(793) Metaspace: 28917K(29312K)->28917K(29312K) NonClass: 24049K(24256K)->24049K(24256K) Class: 4868K(5056K)->4868K(5056K)
[3483.377s][info][gc             ] GC(793) Pause Young (Mixed) (G1 Evacuation Pause) 3661M->1323M(4096M) 134.142ms
[3483.377s][info][gc,cpu         ] GC(793) User=0.79s Sys=0.00s Real=0.13s
...[3486.345s][info][gc,start       ] GC(794) Pause Young (Concurrent Start) (G1 Evacuation Pause)
[3486.345s][info][gc,task        ] GC(794) Using 6 workers of 6 for evacuation
[3486.464s][info][gc,phases      ] GC(794)   Pre Evacuate Collection Set: 0.40ms
[3486.464s][info][gc,phases      ] GC(794)   Merge Heap Roots: 0.49ms
[3486.464s][info][gc,phases      ] GC(794)   Evacuate Collection Set: 117.34ms
[3486.464s][info][gc,phases      ] GC(794)   Post Evacuate Collection Set: 0.77ms
[3486.464s][info][gc,phases      ] GC(794)   Other: 0.12ms
[3486.464s][info][gc,heap        ] GC(794) Eden regions: 1119->0(1118)
[3486.464s][info][gc,heap        ] GC(794) Survivor regions: 109->110(154)
[3486.464s][info][gc,heap        ] GC(794) Old regions: 473->505
[3486.464s][info][gc,heap        ] GC(794) Humongous regions: 80->80
[3486.464s][info][gc,metaspace   ] GC(794) Metaspace: 28917K(29312K)->28917K(29312K) NonClass: 24049K(24256K)->24049K(24256K) Class: 4868K(5056K)->4868K(5056K)
[3486.464s][info][gc             ] GC(794) Pause Young (Concurrent Start) (G1 Evacuation Pause) 3561M->1389M(4096M) 119.253ms
[3486.464s][info][gc             ] GC(795) Concurrent Mark Cycle
[3486.464s][info][gc,marking     ] GC(795) Concurrent Scan Root Regions
[3486.464s][info][gc,cpu         ] GC(794) User=0.70s Sys=0.00s Real=0.12s
.[3486.609s][info][gc,marking     ] GC(795) Concurrent Scan Root Regions 144.645ms
[3486.609s][info][gc,marking     ] GC(795) Concurrent Mark
[3486.609s][info][gc,marking     ] GC(795) Concurrent Mark From Roots
[3486.609s][info][gc,task        ] GC(795) Using 2 workers of 2 for marking
[3487.308s][info][gc,marking     ] GC(795) Concurrent Mark From Roots 699.236ms
[3487.308s][info][gc,marking     ] GC(795) Concurrent Preclean
[3487.308s][info][gc,marking     ] GC(795) Concurrent Preclean 0.165ms
[3487.308s][info][gc,start       ] GC(795) Pause Remark
[3487.313s][info][gc             ] GC(795) Pause Remark 2069M->2069M(4096M) 4.733ms
[3487.313s][info][gc,cpu         ] GC(795) User=0.03s Sys=0.00s Real=0.01s
[3487.313s][info][gc,marking     ] GC(795) Concurrent Mark 704.391ms
[3487.313s][info][gc,marking     ] GC(795) Concurrent Rebuild Remembered Sets and Scrub Regions
.[3487.631s][info][gc,marking     ] GC(795) Concurrent Rebuild Remembered Sets and Scrub Regions 318.171ms
[3487.631s][info][gc,start       ] GC(795) Pause Cleanup
[3487.632s][info][gc             ] GC(795) Pause Cleanup 2318M->2318M(4096M) 0.117ms
[3487.632s][info][gc,cpu         ] GC(795) User=0.00s Sys=0.00s Real=0.00s
[3487.632s][info][gc,marking     ] GC(795) Concurrent Clear Claimed Marks
[3487.632s][info][gc,marking     ] GC(795) Concurrent Clear Claimed Marks 0.027ms
[3487.632s][info][gc,marking     ] GC(795) Concurrent Cleanup for Next Mark
[3487.637s][info][gc,marking     ] GC(795) Concurrent Cleanup for Next Mark 5.009ms
[3487.637s][info][gc             ] GC(795) Concurrent Mark Cycle 1172.863ms
..[3489.479s][info][gc,start       ] GC(796) Pause Young (Prepare Mixed) (G1 Evacuation Pause)
[3489.479s][info][gc,task        ] GC(796) Using 6 workers of 6 for evacuation
[3489.594s][info][gc,phases      ] GC(796)   Pre Evacuate Collection Set: 0.35ms
[3489.594s][info][gc,phases      ] GC(796)   Merge Heap Roots: 0.45ms
[3489.594s][info][gc,phases      ] GC(796)   Evacuate Collection Set: 112.99ms
[3489.594s][info][gc,phases      ] GC(796)   Post Evacuate Collection Set: 0.93ms
[3489.594s][info][gc,phases      ] GC(796)   Other: 0.08ms
[3489.594s][info][gc,heap        ] GC(796) Eden regions: 1118->0(1113)
[3489.594s][info][gc,heap        ] GC(796) Survivor regions: 110->108(154)
[3489.594s][info][gc,heap        ] GC(796) Old regions: 505->536
[3489.594s][info][gc,heap        ] GC(796) Humongous regions: 80->80
[3489.594s][info][gc,metaspace   ] GC(796) Metaspace: 28917K(29312K)->28917K(29312K) NonClass: 24049K(24256K)->24049K(24256K) Class: 4868K(5056K)->4868K(5056K)
[3489.594s][info][gc             ] GC(796) Pause Young (Prepare Mixed) (G1 Evacuation Pause) 3625M->1447M(4096M) 114.935ms
[3489.594s][info][gc,cpu         ] GC(796) User=0.68s Sys=0.00s Real=0.12s
..[3492.482s][info][gc,start       ] GC(797) Pause Young (Mixed) (G1 Evacuation Pause)
[3492.482s][info][gc,task        ] GC(797) Using 6 workers of 6 for evacuation
[3492.613s][info][gc,phases      ] GC(797)   Pre Evacuate Collection Set: 0.39ms
[3492.613s][info][gc,phases      ] GC(797)   Merge Heap Roots: 0.62ms
[3492.613s][info][gc,phases      ] GC(797)   Evacuate Collection Set: 129.43ms
[3492.613s][info][gc,phases      ] GC(797)   Post Evacuate Collection Set: 0.94ms
[3492.613s][info][gc,phases      ] GC(797)   Other: 0.09ms
[3492.613s][info][gc,heap        ] GC(797) Eden regions: 1113->0(1121)
[3492.613s][info][gc,heap        ] GC(797) Survivor regions: 108->107(153)
[3492.613s][info][gc,heap        ] GC(797) Old regions: 536->474
[3492.613s][info][gc,heap        ] GC(797) Humongous regions: 80->80
[3492.613s][info][gc,metaspace   ] GC(797) Metaspace: 28917K(29312K)->28917K(29312K) NonClass: 24049K(24256K)->24049K(24256K) Class: 4868K(5056K)->4868K(5056K)
[3492.613s][info][gc             ] GC(797) Pause Young (Mixed) (G1 Evacuation Pause) 3673M->1320M(4096M) 131.598ms
[3492.613s][info][gc,cpu         ] GC(797) User=0.78s Sys=0.00s Real=0.14s
....[3495.722s][info][gc,start       ] GC(798) Pause Young (Concurrent Start) (G1 Evacuation Pause)
[3495.722s][info][gc,task        ] GC(798) Using 6 workers of 6 for evacuation
[3495.840s][info][gc,phases      ] GC(798)   Pre Evacuate Collection Set: 0.34ms
[3495.840s][info][gc,phases      ] GC(798)   Merge Heap Roots: 0.42ms
[3495.840s][info][gc,phases      ] GC(798)   Evacuate Collection Set: 116.91ms
[3495.840s][info][gc,phases      ] GC(798)   Post Evacuate Collection Set: 0.88ms
[3495.840s][info][gc,phases      ] GC(798)   Other: 0.10ms
[3495.840s][info][gc,heap        ] GC(798) Eden regions: 1121->0(1118)
[3495.840s][info][gc,heap        ] GC(798) Survivor regions: 107->110(154)
[3495.840s][info][gc,heap        ] GC(798) Old regions: 474->507
[3495.840s][info][gc,heap        ] GC(798) Humongous regions: 80->80
[3495.840s][info][gc,metaspace   ] GC(798) Metaspace: 28917K(29312K)->28917K(29312K) NonClass: 24049K(24256K)->24049K(24256K) Class: 4868K(5056K)->4868K(5056K)
[3495.840s][info][gc             ] GC(798) Pause Young (Concurrent Start) (G1 Evacuation Pause) 3562M->1391M(4096M) 118.783ms
[3495.840s][info][gc             ] GC(799) Concurrent Mark Cycle
[3495.840s][info][gc,marking     ] GC(799) Concurrent Scan Root Regions
[3495.840s][info][gc,cpu         ] GC(798) User=0.70s Sys=0.01s Real=0.12s
[3496.032s][info][gc,marking     ] GC(799) Concurrent Scan Root Regions 191.925ms
[3496.032s][info][gc,marking     ] GC(799) Concurrent Mark
[3496.032s][info][gc,marking     ] GC(799) Concurrent Mark From Roots
[3496.032s][info][gc,task        ] GC(799) Using 2 workers of 2 for marking
.[3496.995s][info][gc,marking     ] GC(799) Concurrent Mark From Roots 962.303ms
[3496.995s][info][gc,marking     ] GC(799) Concurrent Preclean
[3496.995s][info][gc,marking     ] GC(799) Concurrent Preclean 0.159ms
[3496.995s][info][gc,start       ] GC(799) Pause Remark
[3497.002s][info][gc             ] GC(799) Pause Remark 2359M->2359M(4096M) 7.029ms
[3497.002s][info][gc,cpu         ] GC(799) User=0.04s Sys=0.00s Real=0.01s
[3497.003s][info][gc,marking     ] GC(799) Concurrent Mark 970.723ms
[3497.003s][info][gc,marking     ] GC(799) Concurrent Rebuild Remembered Sets and Scrub Regions
[3497.318s][info][gc,marking     ] GC(799) Concurrent Rebuild Remembered Sets and Scrub Regions 314.363ms
[3497.318s][info][gc,start       ] GC(799) Pause Cleanup
[3497.318s][info][gc             ] GC(799) Pause Cleanup 2608M->2608M(4096M) 0.109ms
[3497.318s][info][gc,cpu         ] GC(799) User=0.00s Sys=0.00s Real=0.00s
[3497.318s][info][gc,marking     ] GC(799) Concurrent Clear Claimed Marks
[3497.318s][info][gc,marking     ] GC(799) Concurrent Clear Claimed Marks 0.030ms
[3497.318s][info][gc,marking     ] GC(799) Concurrent Cleanup for Next Mark
[3497.324s][info][gc,marking     ] GC(799) Concurrent Cleanup for Next Mark 5.760ms
[3497.324s][info][gc             ] GC(799) Concurrent Mark Cycle 1483.887ms
.[3498.668s][info][gc,start       ] GC(800) Pause Young (Prepare Mixed) (G1 Evacuation Pause)
[3498.668s][info][gc,task        ] GC(800) Using 6 workers of 6 for evacuation
[3498.785s][info][gc,phases      ] GC(800)   Pre Evacuate Collection Set: 0.34ms
[3498.785s][info][gc,phases      ] GC(800)   Merge Heap Roots: 0.54ms
[3498.785s][info][gc,phases      ] GC(800)   Evacuate Collection Set: 114.96ms
[3498.785s][info][gc,phases      ] GC(800)   Post Evacuate Collection Set: 0.93ms
[3498.785s][info][gc,phases      ] GC(800)   Other: 0.09ms
[3498.785s][info][gc,heap        ] GC(800) Eden regions: 1118->0(1109)
[3498.785s][info][gc,heap        ] GC(800) Survivor regions: 110->109(154)
[3498.785s][info][gc,heap        ] GC(800) Old regions: 507->538
[3498.785s][info][gc,heap        ] GC(800) Humongous regions: 80->80
[3498.785s][info][gc,metaspace   ] GC(800) Metaspace: 28917K(29312K)->28917K(29312K) NonClass: 24049K(24256K)->24049K(24256K) Class: 4868K(5056K)->4868K(5056K)
[3498.785s][info][gc             ] GC(800) Pause Young (Prepare Mixed) (G1 Evacuation Pause) 3627M->1451M(4096M) 116.998ms
[3498.785s][info][gc,cpu         ] GC(800) User=0.69s Sys=0.00s Real=0.12s
...[3501.784s][info][gc,start       ] GC(801) Pause Young (Mixed) (G1 Evacuation Pause)
[3501.784s][info][gc,task        ] GC(801) Using 6 workers of 6 for evacuation
[3501.915s][info][gc,phases      ] GC(801)   Pre Evacuate Collection Set: 0.40ms
[3501.915s][info][gc,phases      ] GC(801)   Merge Heap Roots: 0.56ms
[3501.915s][info][gc,phases      ] GC(801)   Evacuate Collection Set: 129.32ms
[3501.915s][info][gc,phases      ] GC(801)   Post Evacuate Collection Set: 0.96ms
[3501.915s][info][gc,phases      ] GC(801)   Other: 0.09ms
[3501.915s][info][gc,heap        ] GC(801) Eden regions: 1109->0(1120)
[3501.915s][info][gc,heap        ] GC(801) Survivor regions: 109->108(153)
[3501.915s][info][gc,heap        ] GC(801) Old regions: 538->473
[3501.915s][info][gc,heap        ] GC(801) Humongous regions: 80->80
[3501.915s][info][gc,metaspace   ] GC(801) Metaspace: 28917K(29312K)->28917K(29312K) NonClass: 24049K(24256K)->24049K(24256K) Class: 4868K(5056K)->4868K(5056K)
[3501.915s][info][gc             ] GC(801) Pause Young (Mixed) (G1 Evacuation Pause) 3669M->1319M(4096M) 131.458ms
[3501.915s][info][gc,cpu         ] GC(801) User=0.78s Sys=0.00s Real=0.13s
...[3504.856s][info][gc,start       ] GC(802) Pause Young (Concurrent Start) (G1 Evacuation Pause)
[3504.856s][info][gc,task        ] GC(802) Using 6 workers of 6 for evacuation
[3504.972s][info][gc,phases      ] GC(802)   Pre Evacuate Collection Set: 0.41ms
[3504.972s][info][gc,phases      ] GC(802)   Merge Heap Roots: 0.46ms
[3504.972s][info][gc,phases      ] GC(802)   Evacuate Collection Set: 113.92ms
[3504.972s][info][gc,phases      ] GC(802)   Post Evacuate Collection Set: 0.89ms
[3504.972s][info][gc,phases      ] GC(802)   Other: 0.13ms
[3504.972s][info][gc,heap        ] GC(802) Eden regions: 1120->0(1119)
[3504.972s][info][gc,heap        ] GC(802) Survivor regions: 108->109(154)
[3504.972s][info][gc,heap        ] GC(802) Old regions: 473->504
[3504.972s][info][gc,heap        ] GC(802) Humongous regions: 80->80
[3504.972s][info][gc,metaspace   ] GC(802) Metaspace: 28917K(29312K)->28917K(29312K) NonClass: 24049K(24256K)->24049K(24256K) Class: 4868K(5056K)->4868K(5056K)
[3504.972s][info][gc             ] GC(802) Pause Young (Concurrent Start) (G1 Evacuation Pause) 3559M->1383M(4096M) 115.944ms
[3504.972s][info][gc             ] GC(803) Concurrent Mark Cycle
[3504.972s][info][gc,marking     ] GC(803) Concurrent Scan Root Regions
[3504.972s][info][gc,cpu         ] GC(802) User=0.68s Sys=0.00s Real=0.12s
.[3505.154s][info][gc,marking     ] GC(803) Concurrent Scan Root Regions 181.491ms
[3505.154s][info][gc,marking     ] GC(803) Concurrent Mark
[3505.154s][info][gc,marking     ] GC(803) Concurrent Mark From Roots
[3505.154s][info][gc,task        ] GC(803) Using 2 workers of 2 for marking
.[3505.998s][info][gc,marking     ] GC(803) Concurrent Mark From Roots 844.470ms
[3505.998s][info][gc,marking     ] GC(803) Concurrent Preclean
[3505.998s][info][gc,marking     ] GC(803) Concurrent Preclean 0.127ms
[3505.998s][info][gc,start       ] GC(803) Pause Remark
[3506.003s][info][gc             ] GC(803) Pause Remark 2169M->2169M(4096M) 4.776ms
[3506.003s][info][gc,cpu         ] GC(803) User=0.03s Sys=0.00s Real=0.01s
[3506.003s][info][gc,marking     ] GC(803) Concurrent Mark 849.622ms
[3506.003s][info][gc,marking     ] GC(803) Concurrent Rebuild Remembered Sets and Scrub Regions
[3506.272s][info][gc,marking     ] GC(803) Concurrent Rebuild Remembered Sets and Scrub Regions 269.015ms
[3506.273s][info][gc,start       ] GC(803) Pause Cleanup
[3506.273s][info][gc             ] GC(803) Pause Cleanup 2333M->2333M(4096M) 0.113ms
[3506.273s][info][gc,cpu         ] GC(803) User=0.00s Sys=0.00s Real=0.00s
[3506.274s][info][gc,marking     ] GC(803) Concurrent Clear Claimed Marks
[3506.274s][info][gc,marking     ] GC(803) Concurrent Clear Claimed Marks 0.032ms
[3506.274s][info][gc,marking     ] GC(803) Concurrent Cleanup for Next Mark
[3506.278s][info][gc,marking     ] GC(803) Concurrent Cleanup for Next Mark 4.638ms
[3506.278s][info][gc             ] GC(803) Concurrent Mark Cycle 1306.302ms
.[3507.965s][info][gc,start       ] GC(804) Pause Young (Prepare Mixed) (G1 Evacuation Pause)
[3507.965s][info][gc,task        ] GC(804) Using 6 workers of 6 for evacuation
[3508.081s][info][gc,phases      ] GC(804)   Pre Evacuate Collection Set: 0.33ms
[3508.081s][info][gc,phases      ] GC(804)   Merge Heap Roots: 0.48ms
[3508.081s][info][gc,phases      ] GC(804)   Evacuate Collection Set: 114.13ms
[3508.081s][info][gc,phases      ] GC(804)   Post Evacuate Collection Set: 0.91ms
[3508.081s][info][gc,phases      ] GC(804)   Other: 0.09ms
[3508.081s][info][gc,heap        ] GC(804) Eden regions: 1119->0(1109)
[3508.081s][info][gc,heap        ] GC(804) Survivor regions: 109->110(154)
[3508.081s][info][gc,heap        ] GC(804) Old regions: 504->536
[3508.081s][info][gc,heap        ] GC(804) Humongous regions: 80->80
[3508.081s][info][gc,metaspace   ] GC(804) Metaspace: 28918K(29312K)->28918K(29312K) NonClass: 24049K(24256K)->24049K(24256K) Class: 4868K(5056K)->4868K(5056K)
[3508.081s][info][gc             ] GC(804) Pause Young (Prepare Mixed) (G1 Evacuation Pause) 3621M->1450M(4096M) 116.070ms
[3508.081s][info][gc,cpu         ] GC(804) User=0.68s Sys=0.00s Real=0.11s
...[3511.036s][info][gc,start       ] GC(805) Pause Young (Mixed) (G1 Evacuation Pause)
[3511.037s][info][gc,task        ] GC(805) Using 6 workers of 6 for evacuation
[3511.172s][info][gc,phases      ] GC(805)   Pre Evacuate Collection Set: 0.41ms
[3511.172s][info][gc,phases      ] GC(805)   Merge Heap Roots: 0.73ms
[3511.172s][info][gc,phases      ] GC(805)   Evacuate Collection Set: 132.74ms
[3511.172s][info][gc,phases      ] GC(805)   Post Evacuate Collection Set: 0.94ms
[3511.172s][info][gc,phases      ] GC(805)   Other: 0.84ms
[3511.172s][info][gc,heap        ] GC(805) Eden regions: 1109->0(1118)
[3511.172s][info][gc,heap        ] GC(805) Survivor regions: 110->110(153)
[3511.172s][info][gc,heap        ] GC(805) Old regions: 536->472
[3511.172s][info][gc,heap        ] GC(805) Humongous regions: 80->80
[3511.172s][info][gc,metaspace   ] GC(805) Metaspace: 28918K(29312K)->28918K(29312K) NonClass: 24049K(24256K)->24049K(24256K) Class: 4868K(5056K)->4868K(5056K)
[3511.172s][info][gc             ] GC(805) Pause Young (Mixed) (G1 Evacuation Pause) 3668M->1322M(4096M) 135.798ms
[3511.172s][info][gc,cpu         ] GC(805) User=0.79s Sys=0.00s Real=0.14s
...[3514.119s][info][gc,start       ] GC(806) Pause Young (Concurrent Start) (G1 Evacuation Pause)
[3514.119s][info][gc,task        ] GC(806) Using 6 workers of 6 for evacuation
[3514.238s][info][gc,phases      ] GC(806)   Pre Evacuate Collection Set: 0.38ms
[3514.238s][info][gc,phases      ] GC(806)   Merge Heap Roots: 0.44ms
[3514.238s][info][gc,phases      ] GC(806)   Evacuate Collection Set: 117.11ms
[3514.238s][info][gc,phases      ] GC(806)   Post Evacuate Collection Set: 0.89ms
[3514.238s][info][gc,phases      ] GC(806)   Other: 0.10ms
[3514.238s][info][gc,heap        ] GC(806) Eden regions: 1118->0(1117)
[3514.238s][info][gc,heap        ] GC(806) Survivor regions: 110->111(154)
[3514.238s][info][gc,heap        ] GC(806) Old regions: 472->504
[3514.238s][info][gc,heap        ] GC(806) Humongous regions: 80->80
[3514.238s][info][gc,metaspace   ] GC(806) Metaspace: 28918K(29312K)->28918K(29312K) NonClass: 24049K(24256K)->24049K(24256K) Class: 4868K(5056K)->4868K(5056K)
[3514.238s][info][gc             ] GC(806) Pause Young (Concurrent Start) (G1 Evacuation Pause) 3558M->1389M(4096M) 119.049ms
[3514.238s][info][gc             ] GC(807) Concurrent Mark Cycle
[3514.238s][info][gc,marking     ] GC(807) Concurrent Scan Root Regions
[3514.238s][info][gc,cpu         ] GC(806) User=0.70s Sys=0.00s Real=0.12s
.[3514.426s][info][gc,marking     ] GC(807) Concurrent Scan Root Regions 188.039ms
[3514.426s][info][gc,marking     ] GC(807) Concurrent Mark
[3514.426s][info][gc,marking     ] GC(807) Concurrent Mark From Roots
[3514.426s][info][gc,task        ] GC(807) Using 2 workers of 2 for marking
[3515.247s][info][gc,marking     ] GC(807) Concurrent Mark From Roots 820.426ms
[3515.247s][info][gc,marking     ] GC(807) Concurrent Preclean
[3515.247s][info][gc,marking     ] GC(807) Concurrent Preclean 0.119ms
[3515.247s][info][gc,start       ] GC(807) Pause Remark
[3515.252s][info][gc             ] GC(807) Pause Remark 2157M->2157M(4096M) 5.534ms
[3515.253s][info][gc,cpu         ] GC(807) User=0.03s Sys=0.00s Real=0.01s
[3515.253s][info][gc,marking     ] GC(807) Concurrent Mark 826.313ms
[3515.253s][info][gc,marking     ] GC(807) Concurrent Rebuild Remembered Sets and Scrub Regions
.[3515.522s][info][gc,marking     ] GC(807) Concurrent Rebuild Remembered Sets and Scrub Regions 269.833ms
[3515.523s][info][gc,start       ] GC(807) Pause Cleanup
[3515.523s][info][gc             ] GC(807) Pause Cleanup 2384M->2384M(4096M) 0.109ms
[3515.523s][info][gc,cpu         ] GC(807) User=0.00s Sys=0.00s Real=0.00s
[3515.523s][info][gc,marking     ] GC(807) Concurrent Clear Claimed Marks
[3515.523s][info][gc,marking     ] GC(807) Concurrent Clear Claimed Marks 0.032ms
[3515.523s][info][gc,marking     ] GC(807) Concurrent Cleanup for Next Mark
[3515.528s][info][gc,marking     ] GC(807) Concurrent Cleanup for Next Mark 4.970ms
[3515.528s][info][gc             ] GC(807) Concurrent Mark Cycle 1289.810ms
.[3517.220s][info][gc,start       ] GC(808) Pause Young (Prepare Mixed) (G1 Evacuation Pause)
[3517.220s][info][gc,task        ] GC(808) Using 6 workers of 6 for evacuation
[3517.336s][info][gc,phases      ] GC(808)   Pre Evacuate Collection Set: 0.34ms
[3517.336s][info][gc,phases      ] GC(808)   Merge Heap Roots: 0.47ms
[3517.336s][info][gc,phases      ] GC(808)   Evacuate Collection Set: 114.92ms
[3517.336s][info][gc,phases      ] GC(808)   Post Evacuate Collection Set: 0.92ms
[3517.336s][info][gc,phases      ] GC(808)   Other: 0.10ms
[3517.336s][info][gc,heap        ] GC(808) Eden regions: 1117->0(1111)
[3517.336s][info][gc,heap        ] GC(808) Survivor regions: 111->109(154)
[3517.336s][info][gc,heap        ] GC(808) Old regions: 504->536
[3517.336s][info][gc,heap        ] GC(808) Humongous regions: 80->80
[3517.336s][info][gc,metaspace   ] GC(808) Metaspace: 28918K(29312K)->28918K(29312K) NonClass: 24049K(24256K)->24049K(24256K) Class: 4868K(5056K)->4868K(5056K)
[3517.336s][info][gc             ] GC(808) Pause Young (Prepare Mixed) (G1 Evacuation Pause) 3623M->1448M(4096M) 116.871ms
[3517.337s][info][gc,cpu         ] GC(808) User=0.69s Sys=0.00s Real=0.12s
...[3520.316s][info][gc,start       ] GC(809) Pause Young (Mixed) (G1 Evacuation Pause)
[3520.316s][info][gc,task        ] GC(809) Using 6 workers of 6 for evacuation
[3520.449s][info][gc,phases      ] GC(809)   Pre Evacuate Collection Set: 0.38ms
[3520.449s][info][gc,phases      ] GC(809)   Merge Heap Roots: 0.59ms
[3520.449s][info][gc,phases      ] GC(809)   Evacuate Collection Set: 131.11ms
[3520.449s][info][gc,phases      ] GC(809)   Post Evacuate Collection Set: 0.97ms
[3520.449s][info][gc,phases      ] GC(809)   Other: 0.09ms
[3520.449s][info][gc,heap        ] GC(809) Eden regions: 1111->0(1118)
[3520.449s][info][gc,heap        ] GC(809) Survivor regions: 109->110(153)
[3520.449s][info][gc,heap        ] GC(809) Old regions: 536->473
[3520.449s][info][gc,heap        ] GC(809) Humongous regions: 80->80
[3520.449s][info][gc,metaspace   ] GC(809) Metaspace: 28918K(29312K)->28918K(29312K) NonClass: 24049K(24256K)->24049K(24256K) Class: 4868K(5056K)->4868K(5056K)
[3520.449s][info][gc             ] GC(809) Pause Young (Mixed) (G1 Evacuation Pause) 3670M->1325M(4096M) 133.290ms
[3520.449s][info][gc,cpu         ] GC(809) User=0.79s Sys=0.00s Real=0.13s
...[3523.333s][info][gc,start       ] GC(810) Pause Young (Concurrent Start) (G1 Evacuation Pause)
[3523.333s][info][gc,task        ] GC(810) Using 6 workers of 6 for evacuation
[3523.449s][info][gc,phases      ] GC(810)   Pre Evacuate Collection Set: 0.36ms
[3523.449s][info][gc,phases      ] GC(810)   Merge Heap Roots: 0.42ms
[3523.449s][info][gc,phases      ] GC(810)   Evacuate Collection Set: 114.16ms
[3523.449s][info][gc,phases      ] GC(810)   Post Evacuate Collection Set: 0.88ms
[3523.449s][info][gc,phases      ] GC(810)   Other: 0.11ms
[3523.449s][info][gc,heap        ] GC(810) Eden regions: 1118->0(1118)
[3523.449s][info][gc,heap        ] GC(810) Survivor regions: 110->110(154)
[3523.449s][info][gc,heap        ] GC(810) Old regions: 473->505
[3523.449s][info][gc,heap        ] GC(810) Humongous regions: 80->80
[3523.449s][info][gc,metaspace   ] GC(810) Metaspace: 28918K(29312K)->28918K(29312K) NonClass: 24049K(24256K)->24049K(24256K) Class: 4868K(5056K)->4868K(5056K)
[3523.449s][info][gc             ] GC(810) Pause Young (Concurrent Start) (G1 Evacuation Pause) 3561M->1387M(4096M) 116.075ms
[3523.449s][info][gc             ] GC(811) Concurrent Mark Cycle
[3523.449s][info][gc,marking     ] GC(811) Concurrent Scan Root Regions
[3523.449s][info][gc,cpu         ] GC(810) User=0.69s Sys=0.00s Real=0.11s
.[3523.599s][info][gc,marking     ] GC(811) Concurrent Scan Root Regions 149.537ms
[3523.599s][info][gc,marking     ] GC(811) Concurrent Mark
[3523.599s][info][gc,marking     ] GC(811) Concurrent Mark From Roots
[3523.599s][info][gc,task        ] GC(811) Using 2 workers of 2 for marking
[3524.276s][info][gc,marking     ] GC(811) Concurrent Mark From Roots 676.697ms
[3524.276s][info][gc,marking     ] GC(811) Concurrent Preclean
[3524.276s][info][gc,marking     ] GC(811) Concurrent Preclean 0.133ms
[3524.276s][info][gc,start       ] GC(811) Pause Remark
[3524.281s][info][gc             ] GC(811) Pause Remark 2049M->2049M(4096M) 4.387ms
[3524.281s][info][gc,cpu         ] GC(811) User=0.03s Sys=0.00s Real=0.00s
[3524.281s][info][gc,marking     ] GC(811) Concurrent Mark 682.244ms
[3524.281s][info][gc,marking     ] GC(811) Concurrent Rebuild Remembered Sets and Scrub Regions
[3524.540s][info][gc,marking     ] GC(811) Concurrent Rebuild Remembered Sets and Scrub Regions 258.925ms
[3524.540s][info][gc,start       ] GC(811) Pause Cleanup
[3524.540s][info][gc             ] GC(811) Pause Cleanup 2270M->2270M(4096M) 0.118ms
[3524.540s][info][gc,cpu         ] GC(811) User=0.00s Sys=0.00s Real=0.00s
[3524.540s][info][gc,marking     ] GC(811) Concurrent Clear Claimed Marks
[3524.540s][info][gc,marking     ] GC(811) Concurrent Clear Claimed Marks 0.028ms
[3524.540s][info][gc,marking     ] GC(811) Concurrent Cleanup for Next Mark
[3524.545s][info][gc,marking     ] GC(811) Concurrent Cleanup for Next Mark 4.152ms
[3524.545s][info][gc             ] GC(811) Concurrent Mark Cycle 1095.332ms
..[3526.463s][info][gc,start       ] GC(812) Pause Young (Prepare Mixed) (G1 Evacuation Pause)
[3526.463s][info][gc,task        ] GC(812) Using 6 workers of 6 for evacuation
[3526.582s][info][gc,phases      ] GC(812)   Pre Evacuate Collection Set: 0.33ms
[3526.582s][info][gc,phases      ] GC(812)   Merge Heap Roots: 0.49ms
[3526.582s][info][gc,phases      ] GC(812)   Evacuate Collection Set: 117.11ms
[3526.582s][info][gc,phases      ] GC(812)   Post Evacuate Collection Set: 0.94ms
[3526.582s][info][gc,phases      ] GC(812)   Other: 0.09ms
[3526.582s][info][gc,heap        ] GC(812) Eden regions: 1118->0(1108)
[3526.582s][info][gc,heap        ] GC(812) Survivor regions: 110->110(154)
[3526.582s][info][gc,heap        ] GC(812) Old regions: 505->537
[3526.582s][info][gc,heap        ] GC(812) Humongous regions: 80->80
[3526.582s][info][gc,metaspace   ] GC(812) Metaspace: 28918K(29312K)->28918K(29312K) NonClass: 24049K(24256K)->24049K(24256K) Class: 4868K(5056K)->4868K(5056K)
[3526.582s][info][gc             ] GC(812) Pause Young (Prepare Mixed) (G1 Evacuation Pause) 3623M->1451M(4096M) 119.117ms
[3526.582s][info][gc,cpu         ] GC(812) User=0.71s Sys=0.00s Real=0.12s
. (rIR:aIR:PR = 6088:6076:6075) (tPR = 90567) [OK] 
  3526s: Performance info:
         Transaction,    Success,    Partial,     Failed,   Receipts, AvgBarcode, 
             Overall,     366632,          0,          0,     348293,      59.47, 
         Response times:
             Request,    Success,    Partial,     Failed,   SkipFail,     Probes,    Samples,      min,      p50,      p90,      p95,      p99,      max, 
       TotalPurchase,     348488,          0,          0,          0,     340790,     365790,      300,     5100,    17300,    43000,    91000,   278000,
     InStorePurchase,     183475,          0,          0,          0,     179840,     192699,      300,     5200,    18000,    44000,    90000,   278000,
      OnlinePurchase,     128352,          0,          0,          0,     125404,     134651,      300,     5000,    16400,    43000,    91000,   236000,
        InstPurchase,      36661,          0,          0,          0,      35546,      38440,      400,     5000,    16390,    42000,    90000,   235000,
          AssocOfCat,        366,          0,          0,          0,        298,        394,    21000,    36000,    62500,    83000,   148300,   320000,
      AssocOfProduct,       3672,          0,          0,          0,       3437,       3890,      500,     6400,    21900,    50000,    93000,   185000,
      BusinessReport,        912,          0,          0,          0,        749,        896,    27000,    40000,    93000,   128300,   170060,   193000,
          CustBuyBeh,       3678,          0,          0,          0,       3370,       3874,      300,     4400,    15800,    40000,    75250,   148000,
       ProductReturn,       9724,          0,          0,          0,       9293,      10238,      500,     4900,    17900,    45000,    89610,   175000,

  3526s: (45%)   IR =   6227 ..[3529.372s][info][gc,start       ] GC(813) Pause Young (Mixed) (G1 Evacuation Pause)
[3529.373s][info][gc,task        ] GC(813) Using 6 workers of 6 for evacuation
[3529.503s][info][gc,phases      ] GC(813)   Pre Evacuate Collection Set: 0.39ms
[3529.503s][info][gc,phases      ] GC(813)   Merge Heap Roots: 0.66ms
[3529.503s][info][gc,phases      ] GC(813)   Evacuate Collection Set: 128.32ms
[3529.503s][info][gc,phases      ] GC(813)   Post Evacuate Collection Set: 0.97ms
[3529.503s][info][gc,phases      ] GC(813)   Other: 0.09ms
[3529.503s][info][gc,heap        ] GC(813) Eden regions: 1108->0(1121)
[3529.503s][info][gc,heap        ] GC(813) Survivor regions: 110->107(153)
[3529.503s][info][gc,heap        ] GC(813) Old regions: 537->472
[3529.503s][info][gc,heap        ] GC(813) Humongous regions: 80->80
[3529.503s][info][gc,metaspace   ] GC(813) Metaspace: 28919K(29312K)->28919K(29312K) NonClass: 24051K(24256K)->24051K(24256K) Class: 4868K(5056K)->4868K(5056K)
[3529.503s][info][gc             ] GC(813) Pause Young (Mixed) (G1 Evacuation Pause) 3667M->1316M(4096M) 130.581ms
[3529.503s][info][gc,cpu         ] GC(813) User=0.77s Sys=0.00s Real=0.13s
...|[3532.434s][info][gc,start       ] GC(814) Pause Young (Concurrent Start) (G1 Evacuation Pause)
[3532.434s][info][gc,task        ] GC(814) Using 6 workers of 6 for evacuation
[3532.551s][info][gc,phases      ] GC(814)   Pre Evacuate Collection Set: 0.37ms
[3532.551s][info][gc,phases      ] GC(814)   Merge Heap Roots: 0.48ms
[3532.551s][info][gc,phases      ] GC(814)   Evacuate Collection Set: 115.53ms
[3532.551s][info][gc,phases      ] GC(814)   Post Evacuate Collection Set: 0.88ms
[3532.551s][info][gc,phases      ] GC(814)   Other: 0.12ms
[3532.551s][info][gc,heap        ] GC(814) Eden regions: 1121->0(1120)
[3532.551s][info][gc,heap        ] GC(814) Survivor regions: 107->108(154)
[3532.551s][info][gc,heap        ] GC(814) Old regions: 472->505
[3532.551s][info][gc,heap        ] GC(814) Humongous regions: 80->80
[3532.552s][info][gc,metaspace   ] GC(814) Metaspace: 28919K(29312K)->28919K(29312K) NonClass: 24051K(24256K)->24051K(24256K) Class: 4868K(5056K)->4868K(5056K)
[3532.552s][info][gc             ] GC(814) Pause Young (Concurrent Start) (G1 Evacuation Pause) 3558M->1384M(4096M) 117.502ms
[3532.552s][info][gc             ] GC(815) Concurrent Mark Cycle
[3532.552s][info][gc,marking     ] GC(815) Concurrent Scan Root Regions
[3532.552s][info][gc,cpu         ] GC(814) User=0.70s Sys=0.00s Real=0.11s
[3532.690s][info][gc,marking     ] GC(815) Concurrent Scan Root Regions 137.966ms
[3532.690s][info][gc,marking     ] GC(815) Concurrent Mark
[3532.690s][info][gc,marking     ] GC(815) Concurrent Mark From Roots
[3532.690s][info][gc,task        ] GC(815) Using 2 workers of 2 for marking
.[3533.328s][info][gc,marking     ] GC(815) Concurrent Mark From Roots 638.477ms
[3533.328s][info][gc,marking     ] GC(815) Concurrent Preclean
[3533.328s][info][gc,marking     ] GC(815) Concurrent Preclean 0.181ms
[3533.328s][info][gc,start       ] GC(815) Pause Remark
[3533.333s][info][gc             ] GC(815) Pause Remark 1924M->1924M(4096M) 4.357ms
[3533.333s][info][gc,cpu         ] GC(815) User=0.02s Sys=0.00s Real=0.01s
[3533.333s][info][gc,marking     ] GC(815) Concurrent Mark 643.289ms
[3533.333s][info][gc,marking     ] GC(815) Concurrent Rebuild Remembered Sets and Scrub Regions
[3533.592s][info][gc,marking     ] GC(815) Concurrent Rebuild Remembered Sets and Scrub Regions 258.745ms
[3533.592s][info][gc,start       ] GC(815) Pause Cleanup
[3533.592s][info][gc             ] GC(815) Pause Cleanup 2124M->2124M(4096M) 0.112ms
[3533.592s][info][gc,cpu         ] GC(815) User=0.00s Sys=0.00s Real=0.01s
[3533.592s][info][gc,marking     ] GC(815) Concurrent Clear Claimed Marks
[3533.592s][info][gc,marking     ] GC(815) Concurrent Clear Claimed Marks 0.023ms
[3533.592s][info][gc,marking     ] GC(815) Concurrent Cleanup for Next Mark
[3533.597s][info][gc,marking     ] GC(815) Concurrent Cleanup for Next Mark 5.358ms
[3533.597s][info][gc             ] GC(815) Concurrent Mark Cycle 1045.883ms
..[3535.471s][info][gc,start       ] GC(816) Pause Young (Prepare Mixed) (G1 Evacuation Pause)
[3535.471s][info][gc,task        ] GC(816) Using 6 workers of 6 for evacuation
[3535.594s][info][gc,phases      ] GC(816)   Pre Evacuate Collection Set: 0.38ms
[3535.594s][info][gc,phases      ] GC(816)   Merge Heap Roots: 0.56ms
[3535.594s][info][gc,phases      ] GC(816)   Evacuate Collection Set: 120.55ms
[3535.594s][info][gc,phases      ] GC(816)   Post Evacuate Collection Set: 0.93ms
[3535.594s][info][gc,phases      ] GC(816)   Other: 0.10ms
[3535.594s][info][gc,heap        ] GC(816) Eden regions: 1120->0(1101)
[3535.594s][info][gc,heap        ] GC(816) Survivor regions: 108->114(154)
[3535.594s][info][gc,heap        ] GC(816) Old regions: 505->536
[3535.594s][info][gc,heap        ] GC(816) Humongous regions: 80->80
[3535.594s][info][gc,metaspace   ] GC(816) Metaspace: 28919K(29312K)->28919K(29312K) NonClass: 24051K(24256K)->24051K(24256K) Class: 4868K(5056K)->4868K(5056K)
[3535.594s][info][gc             ] GC(816) Pause Young (Prepare Mixed) (G1 Evacuation Pause) 3624M->1458M(4096M) 122.644ms
[3535.594s][info][gc,cpu         ] GC(816) User=0.73s Sys=0.00s Real=0.13s
...[3538.530s][info][gc,start       ] GC(817) Pause Young (Mixed) (G1 Evacuation Pause)
[3538.530s][info][gc,task        ] GC(817) Using 6 workers of 6 for evacuation
[3538.662s][info][gc,phases      ] GC(817)   Pre Evacuate Collection Set: 0.36ms
[3538.662s][info][gc,phases      ] GC(817)   Merge Heap Roots: 0.61ms
[3538.662s][info][gc,phases      ] GC(817)   Evacuate Collection Set: 129.82ms
[3538.662s][info][gc,phases      ] GC(817)   Post Evacuate Collection Set: 0.93ms
[3538.662s][info][gc,phases      ] GC(817)   Other: 0.08ms
[3538.662s][info][gc,heap        ] GC(817) Eden regions: 1101->0(1119)
[3538.662s][info][gc,heap        ] GC(817) Survivor regions: 114->109(152)
[3538.662s][info][gc,heap        ] GC(817) Old regions: 536->472
[3538.662s][info][gc,heap        ] GC(817) Humongous regions: 80->80
[3538.662s][info][gc,metaspace   ] GC(817) Metaspace: 28919K(29312K)->28919K(29312K) NonClass: 24051K(24256K)->24051K(24256K) Class: 4868K(5056K)->4868K(5056K)
[3538.662s][info][gc             ] GC(817) Pause Young (Mixed) (G1 Evacuation Pause) 3660M->1320M(4096M) 131.928ms
[3538.662s][info][gc,cpu         ] GC(817) User=0.78s Sys=0.00s Real=0.13s
...[3541.517s][info][gc,start       ] GC(818) Pause Young (Concurrent Start) (G1 Evacuation Pause)
[3541.517s][info][gc,task        ] GC(818) Using 6 workers of 6 for evacuation
[3541.634s][info][gc,phases      ] GC(818)   Pre Evacuate Collection Set: 0.37ms
[3541.634s][info][gc,phases      ] GC(818)   Merge Heap Roots: 0.45ms
[3541.634s][info][gc,phases      ] GC(818)   Evacuate Collection Set: 115.17ms
[3541.634s][info][gc,phases      ] GC(818)   Post Evacuate Collection Set: 0.89ms
[3541.634s][info][gc,phases      ] GC(818)   Other: 0.10ms
[3541.634s][info][gc,heap        ] GC(818) Eden regions: 1119->0(1119)
[3541.634s][info][gc,heap        ] GC(818) Survivor regions: 109->109(154)
[3541.634s][info][gc,heap        ] GC(818) Old regions: 472->504
[3541.634s][info][gc,heap        ] GC(818) Humongous regions: 80->80
[3541.634s][info][gc,metaspace   ] GC(818) Metaspace: 28919K(29312K)->28919K(29312K) NonClass: 24051K(24256K)->24051K(24256K) Class: 4868K(5056K)->4868K(5056K)
[3541.634s][info][gc             ] GC(818) Pause Young (Concurrent Start) (G1 Evacuation Pause) 3558M->1385M(4096M) 117.109ms
[3541.634s][info][gc             ] GC(819) Concurrent Mark Cycle
[3541.634s][info][gc,marking     ] GC(819) Concurrent Scan Root Regions
[3541.634s][info][gc,cpu         ] GC(818) User=0.70s Sys=0.00s Real=0.12s
[3541.776s][info][gc,marking     ] GC(819) Concurrent Scan Root Regions 142.263ms
[3541.776s][info][gc,marking     ] GC(819) Concurrent Mark
[3541.776s][info][gc,marking     ] GC(819) Concurrent Mark From Roots
[3541.776s][info][gc,task        ] GC(819) Using 2 workers of 2 for marking
.[3542.477s][info][gc,marking     ] GC(819) Concurrent Mark From Roots 700.358ms
[3542.477s][info][gc,marking     ] GC(819) Concurrent Preclean
[3542.477s][info][gc,marking     ] GC(819) Concurrent Preclean 0.158ms
[3542.482s][info][gc,start       ] GC(819) Pause Remark
[3542.487s][info][gc             ] GC(819) Pause Remark 2057M->2057M(4096M) 4.845ms
[3542.487s][info][gc,cpu         ] GC(819) User=0.03s Sys=0.00s Real=0.00s
[3542.487s][info][gc,marking     ] GC(819) Concurrent Mark 710.768ms
[3542.487s][info][gc,marking     ] GC(819) Concurrent Rebuild Remembered Sets and Scrub Regions
[3542.746s][info][gc,marking     ] GC(819) Concurrent Rebuild Remembered Sets and Scrub Regions 258.834ms
[3542.746s][info][gc,start       ] GC(819) Pause Cleanup
[3542.746s][info][gc             ] GC(819) Pause Cleanup 2284M->2284M(4096M) 0.107ms
[3542.746s][info][gc,cpu         ] GC(819) User=0.00s Sys=0.00s Real=0.00s
[3542.747s][info][gc,marking     ] GC(819) Concurrent Clear Claimed Marks
[3542.747s][info][gc,marking     ] GC(819) Concurrent Clear Claimed Marks 0.037ms
[3542.747s][info][gc,marking     ] GC(819) Concurrent Cleanup for Next Mark
[3542.752s][info][gc,marking     ] GC(819) Concurrent Cleanup for Next Mark 5.154ms
[3542.752s][info][gc             ] GC(819) Concurrent Mark Cycle 1118.144ms
..[3544.489s][info][gc,start       ] GC(820) Pause Young (Prepare Mixed) (G1 Evacuation Pause)
[3544.489s][info][gc,task        ] GC(820) Using 6 workers of 6 for evacuation
[3544.604s][info][gc,phases      ] GC(820)   Pre Evacuate Collection Set: 0.34ms
[3544.604s][info][gc,phases      ] GC(820)   Merge Heap Roots: 0.50ms
[3544.604s][info][gc,phases      ] GC(820)   Evacuate Collection Set: 113.12ms
[3544.604s][info][gc,phases      ] GC(820)   Post Evacuate Collection Set: 0.92ms
[3544.604s][info][gc,phases      ] GC(820)   Other: 0.08ms
[3544.604s][info][gc,heap        ] GC(820) Eden regions: 1119->0(1115)
[3544.604s][info][gc,heap        ] GC(820) Survivor regions: 109->107(154)
[3544.604s][info][gc,heap        ] GC(820) Old regions: 504->536
[3544.604s][info][gc,heap        ] GC(820) Humongous regions: 80->80
[3544.604s][info][gc,metaspace   ] GC(820) Metaspace: 28919K(29312K)->28919K(29312K) NonClass: 24051K(24256K)->24051K(24256K) Class: 4868K(5056K)->4868K(5056K)
[3544.604s][info][gc             ] GC(820) Pause Young (Prepare Mixed) (G1 Evacuation Pause) 3623M->1445M(4096M) 115.087ms
[3544.604s][info][gc,cpu         ] GC(820) User=0.68s Sys=0.00s Real=0.12s
...[3547.588s][info][gc,start       ] GC(821) Pause Young (Mixed) (G1 Evacuation Pause)
[3547.588s][info][gc,task        ] GC(821) Using 6 workers of 6 for evacuation
[3547.720s][info][gc,phases      ] GC(821)   Pre Evacuate Collection Set: 0.37ms
[3547.720s][info][gc,phases      ] GC(821)   Merge Heap Roots: 0.65ms
[3547.720s][info][gc,phases      ] GC(821)   Evacuate Collection Set: 129.63ms
[3547.720s][info][gc,phases      ] GC(821)   Post Evacuate Collection Set: 0.95ms
[3547.720s][info][gc,phases      ] GC(821)   Other: 0.09ms
[3547.720s][info][gc,heap        ] GC(821) Eden regions: 1115->0(1121)
[3547.720s][info][gc,heap        ] GC(821) Survivor regions: 107->107(153)
[3547.720s][info][gc,heap        ] GC(821) Old regions: 536->473
[3547.720s][info][gc,heap        ] GC(821) Humongous regions: 80->80
[3547.720s][info][gc,metaspace   ] GC(821) Metaspace: 28919K(29312K)->28919K(29312K) NonClass: 24051K(24256K)->24051K(24256K) Class: 4868K(5056K)->4868K(5056K)
[3547.720s][info][gc             ] GC(821) Pause Young (Mixed) (G1 Evacuation Pause) 3675M->1319M(4096M) 131.811ms
[3547.720s][info][gc,cpu         ] GC(821) User=0.78s Sys=0.00s Real=0.13s
...[3550.577s][info][gc,start       ] GC(822) Pause Young (Concurrent Start) (G1 Evacuation Pause)
[3550.577s][info][gc,task        ] GC(822) Using 6 workers of 6 for evacuation
[3550.692s][info][gc,phases      ] GC(822)   Pre Evacuate Collection Set: 0.38ms
[3550.692s][info][gc,phases      ] GC(822)   Merge Heap Roots: 0.44ms
[3550.692s][info][gc,phases      ] GC(822)   Evacuate Collection Set: 113.16ms
[3550.692s][info][gc,phases      ] GC(822)   Post Evacuate Collection Set: 0.91ms
[3550.692s][info][gc,phases      ] GC(822)   Other: 0.10ms
[3550.692s][info][gc,heap        ] GC(822) Eden regions: 1121->0(1119)
[3550.692s][info][gc,heap        ] GC(822) Survivor regions: 107->109(154)
[3550.692s][info][gc,heap        ] GC(822) Old regions: 473->504
[3550.692s][info][gc,heap        ] GC(822) Humongous regions: 80->80
[3550.692s][info][gc,metaspace   ] GC(822) Metaspace: 28919K(29312K)->28919K(29312K) NonClass: 24051K(24256K)->24051K(24256K) Class: 4868K(5056K)->4868K(5056K)
[3550.692s][info][gc             ] GC(822) Pause Young (Concurrent Start) (G1 Evacuation Pause) 3561M->1383M(4096M) 115.124ms
[3550.692s][info][gc             ] GC(823) Concurrent Mark Cycle
[3550.692s][info][gc,marking     ] GC(823) Concurrent Scan Root Regions
[3550.692s][info][gc,cpu         ] GC(822) User=0.68s Sys=0.00s Real=0.12s
[3550.869s][info][gc,marking     ] GC(823) Concurrent Scan Root Regions 177.131ms
[3550.869s][info][gc,marking     ] GC(823) Concurrent Mark
[3550.869s][info][gc,marking     ] GC(823) Concurrent Mark From Roots
[3550.869s][info][gc,task        ] GC(823) Using 2 workers of 2 for marking
.[3551.801s][info][gc,marking     ] GC(823) Concurrent Mark From Roots 932.108ms
[3551.801s][info][gc,marking     ] GC(823) Concurrent Preclean
[3551.801s][info][gc,marking     ] GC(823) Concurrent Preclean 0.144ms
[3551.802s][info][gc,start       ] GC(823) Pause Remark
[3551.806s][info][gc             ] GC(823) Pause Remark 2259M->2259M(4096M) 4.922ms
[3551.807s][info][gc,cpu         ] GC(823) User=0.02s Sys=0.00s Real=0.01s
[3551.807s][info][gc,marking     ] GC(823) Concurrent Mark 937.463ms
[3551.807s][info][gc,marking     ] GC(823) Concurrent Rebuild Remembered Sets and Scrub Regions
.[3552.197s][info][gc,marking     ] GC(823) Concurrent Rebuild Remembered Sets and Scrub Regions 389.891ms
[3552.197s][info][gc,start       ] GC(823) Pause Cleanup
[3552.197s][info][gc             ] GC(823) Pause Cleanup 2571M->2571M(4096M) 0.099ms
[3552.197s][info][gc,cpu         ] GC(823) User=0.00s Sys=0.00s Real=0.00s
[3552.197s][info][gc,marking     ] GC(823) Concurrent Clear Claimed Marks
[3552.197s][info][gc,marking     ] GC(823) Concurrent Clear Claimed Marks 0.023ms
[3552.197s][info][gc,marking     ] GC(823) Concurrent Cleanup for Next Mark
[3552.201s][info][gc,marking     ] GC(823) Concurrent Cleanup for Next Mark 4.191ms
[3552.201s][info][gc             ] GC(823) Concurrent Mark Cycle 1509.155ms
.[3553.568s][info][gc,start       ] GC(824) Pause Young (Prepare Mixed) (G1 Evacuation Pause)
[3553.568s][info][gc,task        ] GC(824) Using 6 workers of 6 for evacuation
[3553.684s][info][gc,phases      ] GC(824)   Pre Evacuate Collection Set: 0.36ms
[3553.684s][info][gc,phases      ] GC(824)   Merge Heap Roots: 0.57ms
[3553.684s][info][gc,phases      ] GC(824)   Evacuate Collection Set: 113.58ms
[3553.684s][info][gc,phases      ] GC(824)   Post Evacuate Collection Set: 0.93ms
[3553.684s][info][gc,phases      ] GC(824)   Other: 0.09ms
[3553.684s][info][gc,heap        ] GC(824) Eden regions: 1119->0(1115)
[3553.684s][info][gc,heap        ] GC(824) Survivor regions: 109->107(154)
[3553.684s][info][gc,heap        ] GC(824) Old regions: 504->536
[3553.684s][info][gc,heap        ] GC(824) Humongous regions: 80->80
[3553.684s][info][gc,metaspace   ] GC(824) Metaspace: 28919K(29312K)->28919K(29312K) NonClass: 24051K(24256K)->24051K(24256K) Class: 4868K(5056K)->4868K(5056K)
[3553.684s][info][gc             ] GC(824) Pause Young (Prepare Mixed) (G1 Evacuation Pause) 3621M->1445M(4096M) 115.685ms
[3553.684s][info][gc,cpu         ] GC(824) User=0.68s Sys=0.00s Real=0.12s
...[3556.619s][info][gc,start       ] GC(825) Pause Young (Mixed) (G1 Evacuation Pause)
[3556.619s][info][gc,task        ] GC(825) Using 6 workers of 6 for evacuation
[3556.755s][info][gc,phases      ] GC(825)   Pre Evacuate Collection Set: 0.40ms
[3556.755s][info][gc,phases      ] GC(825)   Merge Heap Roots: 0.67ms
[3556.755s][info][gc,phases      ] GC(825)   Evacuate Collection Set: 133.32ms
[3556.755s][info][gc,phases      ] GC(825)   Post Evacuate Collection Set: 0.94ms
[3556.755s][info][gc,phases      ] GC(825)   Other: 0.09ms
[3556.755s][info][gc,heap        ] GC(825) Eden regions: 1115->0(1115)
[3556.755s][info][gc,heap        ] GC(825) Survivor regions: 107->113(153)
[3556.755s][info][gc,heap        ] GC(825) Old regions: 536->472
[3556.755s][info][gc,heap        ] GC(825) Humongous regions: 80->80
[3556.755s][info][gc,metaspace   ] GC(825) Metaspace: 28919K(29312K)->28919K(29312K) NonClass: 24051K(24256K)->24051K(24256K) Class: 4868K(5056K)->4868K(5056K)
[3556.755s][info][gc             ] GC(825) Pause Young (Mixed) (G1 Evacuation Pause) 3675M->1329M(4096M) 135.569ms
[3556.755s][info][gc,cpu         ] GC(825) User=0.80s Sys=0.00s Real=0.14s
...[3559.592s][info][gc,start       ] GC(826) Pause Young (Concurrent Start) (G1 Evacuation Pause)
[3559.592s][info][gc,task        ] GC(826) Using 6 workers of 6 for evacuation
[3559.709s][info][gc,phases      ] GC(826)   Pre Evacuate Collection Set: 0.38ms
[3559.709s][info][gc,phases      ] GC(826)   Merge Heap Roots: 0.48ms
[3559.709s][info][gc,phases      ] GC(826)   Evacuate Collection Set: 114.56ms
[3559.709s][info][gc,phases      ] GC(826)   Post Evacuate Collection Set: 0.89ms
[3559.709s][info][gc,phases      ] GC(826)   Other: 0.13ms
[3559.709s][info][gc,heap        ] GC(826) Eden regions: 1115->0(1120)
[3559.709s][info][gc,heap        ] GC(826) Survivor regions: 113->108(154)
[3559.709s][info][gc,heap        ] GC(826) Old regions: 472->503
[3559.709s][info][gc,heap        ] GC(826) Humongous regions: 80->80
[3559.709s][info][gc,metaspace   ] GC(826) Metaspace: 28919K(29312K)->28919K(29312K) NonClass: 24051K(24256K)->24051K(24256K) Class: 4868K(5056K)->4868K(5056K)
[3559.709s][info][gc             ] GC(826) Pause Young (Concurrent Start) (G1 Evacuation Pause) 3559M->1381M(4096M) 116.557ms
[3559.709s][info][gc             ] GC(827) Concurrent Mark Cycle
[3559.709s][info][gc,marking     ] GC(827) Concurrent Scan Root Regions
[3559.709s][info][gc,cpu         ] GC(826) User=0.69s Sys=0.00s Real=0.11s
[3559.885s][info][gc,marking     ] GC(827) Concurrent Scan Root Regions 176.298ms
[3559.885s][info][gc,marking     ] GC(827) Concurrent Mark
[3559.885s][info][gc,marking     ] GC(827) Concurrent Mark From Roots
[3559.885s][info][gc,task        ] GC(827) Using 2 workers of 2 for marking
.[3560.824s][info][gc,marking     ] GC(827) Concurrent Mark From Roots 938.963ms
[3560.824s][info][gc,marking     ] GC(827) Concurrent Preclean
[3560.824s][info][gc,marking     ] GC(827) Concurrent Preclean 0.193ms
[3560.825s][info][gc,start       ] GC(827) Pause Remark
[3560.830s][info][gc             ] GC(827) Pause Remark 2255M->2255M(4096M) 5.747ms
[3560.830s][info][gc,cpu         ] GC(827) User=0.03s Sys=0.00s Real=0.00s
[3560.831s][info][gc,marking     ] GC(827) Concurrent Mark 946.400ms
[3560.831s][info][gc,marking     ] GC(827) Concurrent Rebuild Remembered Sets and Scrub Regions
.[3561.228s][info][gc,marking     ] GC(827) Concurrent Rebuild Remembered Sets and Scrub Regions 396.429ms
[3561.229s][info][gc,start       ] GC(827) Pause Cleanup
[3561.229s][info][gc             ] GC(827) Pause Cleanup 2560M->2560M(4096M) 0.118ms
[3561.229s][info][gc,cpu         ] GC(827) User=0.00s Sys=0.00s Real=0.00s
[3561.230s][info][gc,marking     ] GC(827) Concurrent Clear Claimed Marks
[3561.230s][info][gc,marking     ] GC(827) Concurrent Clear Claimed Marks 0.035ms
[3561.230s][info][gc,marking     ] GC(827) Concurrent Cleanup for Next Mark
[3561.235s][info][gc,marking     ] GC(827) Concurrent Cleanup for Next Mark 4.670ms
[3561.235s][info][gc             ] GC(827) Concurrent Mark Cycle 1526.430ms
.[3562.616s][info][gc,start       ] GC(828) Pause Young (Prepare Mixed) (G1 Evacuation Pause)
[3562.617s][info][gc,task        ] GC(828) Using 6 workers of 6 for evacuation
[3562.731s][info][gc,phases      ] GC(828)   Pre Evacuate Collection Set: 0.33ms
[3562.731s][info][gc,phases      ] GC(828)   Merge Heap Roots: 0.49ms
[3562.731s][info][gc,phases      ] GC(828)   Evacuate Collection Set: 113.06ms
[3562.731s][info][gc,phases      ] GC(828)   Post Evacuate Collection Set: 0.92ms
[3562.731s][info][gc,phases      ] GC(828)   Other: 0.08ms
[3562.731s][info][gc,heap        ] GC(828) Eden regions: 1120->0(1115)
[3562.732s][info][gc,heap        ] GC(828) Survivor regions: 108->107(154)
[3562.732s][info][gc,heap        ] GC(828) Old regions: 503->536
[3562.732s][info][gc,heap        ] GC(828) Humongous regions: 80->80
[3562.732s][info][gc,metaspace   ] GC(828) Metaspace: 28919K(29312K)->28919K(29312K) NonClass: 24051K(24256K)->24051K(24256K) Class: 4868K(5056K)->4868K(5056K)
[3562.732s][info][gc             ] GC(828) Pause Young (Prepare Mixed) (G1 Evacuation Pause) 3621M->1443M(4096M) 115.037ms
[3562.732s][info][gc,cpu         ] GC(828) User=0.68s Sys=0.00s Real=0.11s
...[3565.668s][info][gc,start       ] GC(829) Pause Young (Mixed) (G1 Evacuation Pause)
[3565.668s][info][gc,task        ] GC(829) Using 6 workers of 6 for evacuation
[3565.803s][info][gc,phases      ] GC(829)   Pre Evacuate Collection Set: 0.37ms
[3565.803s][info][gc,phases      ] GC(829)   Merge Heap Roots: 0.64ms
[3565.803s][info][gc,phases      ] GC(829)   Evacuate Collection Set: 132.49ms
[3565.803s][info][gc,phases      ] GC(829)   Post Evacuate Collection Set: 0.94ms
[3565.803s][info][gc,phases      ] GC(829)   Other: 0.09ms
[3565.803s][info][gc,heap        ] GC(829) Eden regions: 1115->0(1118)
[3565.803s][info][gc,heap        ] GC(829) Survivor regions: 107->110(153)
[3565.803s][info][gc,heap        ] GC(829) Old regions: 536->472
[3565.803s][info][gc,heap        ] GC(829) Humongous regions: 80->80
[3565.803s][info][gc,metaspace   ] GC(829) Metaspace: 28919K(29312K)->28919K(29312K) NonClass: 24051K(24256K)->24051K(24256K) Class: 4868K(5056K)->4868K(5056K)
[3565.803s][info][gc             ] GC(829) Pause Young (Mixed) (G1 Evacuation Pause) 3673M->1322M(4096M) 134.660ms
[3565.803s][info][gc,cpu         ] GC(829) User=0.80s Sys=0.00s Real=0.14s
...[3568.635s][info][gc,start       ] GC(830) Pause Young (Concurrent Start) (G1 Evacuation Pause)
[3568.635s][info][gc,task        ] GC(830) Using 6 workers of 6 for evacuation
[3568.751s][info][gc,phases      ] GC(830)   Pre Evacuate Collection Set: 0.38ms
[3568.751s][info][gc,phases      ] GC(830)   Merge Heap Roots: 0.47ms
[3568.751s][info][gc,phases      ] GC(830)   Evacuate Collection Set: 114.34ms
[3568.751s][info][gc,phases      ] GC(830)   Post Evacuate Collection Set: 0.90ms
[3568.751s][info][gc,phases      ] GC(830)   Other: 0.13ms
[3568.751s][info][gc,heap        ] GC(830) Eden regions: 1118->0(1120)
[3568.751s][info][gc,heap        ] GC(830) Survivor regions: 110->108(154)
[3568.751s][info][gc,heap        ] GC(830) Old regions: 472->503
[3568.751s][info][gc,heap        ] GC(830) Humongous regions: 80->80
[3568.751s][info][gc,metaspace   ] GC(830) Metaspace: 28919K(29312K)->28919K(29312K) NonClass: 24051K(24256K)->24051K(24256K) Class: 4868K(5056K)->4868K(5056K)
[3568.751s][info][gc             ] GC(830) Pause Young (Concurrent Start) (G1 Evacuation Pause) 3558M->1380M(4096M) 116.360ms
[3568.752s][info][gc             ] GC(831) Concurrent Mark Cycle
[3568.752s][info][gc,marking     ] GC(831) Concurrent Scan Root Regions
[3568.752s][info][gc,cpu         ] GC(830) User=0.68s Sys=0.00s Real=0.11s
[3568.888s][info][gc,marking     ] GC(831) Concurrent Scan Root Regions 136.712ms
[3568.888s][info][gc,marking     ] GC(831) Concurrent Mark
[3568.888s][info][gc,marking     ] GC(831) Concurrent Mark From Roots
[3568.888s][info][gc,task        ] GC(831) Using 2 workers of 2 for marking
.[3569.617s][info][gc,marking     ] GC(831) Concurrent Mark From Roots 728.483ms
[3569.617s][info][gc,marking     ] GC(831) Concurrent Preclean
[3569.617s][info][gc,marking     ] GC(831) Concurrent Preclean 0.152ms
[3569.618s][info][gc,start       ] GC(831) Pause Remark
[3569.622s][info][gc             ] GC(831) Pause Remark 2150M->2150M(4096M) 4.554ms
[3569.623s][info][gc,cpu         ] GC(831) User=0.02s Sys=0.00s Real=0.01s
[3569.623s][info][gc,marking     ] GC(831) Concurrent Mark 734.408ms
[3569.623s][info][gc,marking     ] GC(831) Concurrent Rebuild Remembered Sets and Scrub Regions
[3569.866s][info][gc,marking     ] GC(831) Concurrent Rebuild Remembered Sets and Scrub Regions 243.287ms
[3569.867s][info][gc,start       ] GC(831) Pause Cleanup
[3569.867s][info][gc             ] GC(831) Pause Cleanup 2274M->2274M(4096M) 0.130ms
[3569.867s][info][gc,cpu         ] GC(831) User=0.00s Sys=0.00s Real=0.00s
[3569.867s][info][gc,marking     ] GC(831) Concurrent Clear Claimed Marks
[3569.867s][info][gc,marking     ] GC(831) Concurrent Clear Claimed Marks 0.029ms
[3569.867s][info][gc,marking     ] GC(831) Concurrent Cleanup for Next Mark
[3569.871s][info][gc,marking     ] GC(831) Concurrent Cleanup for Next Mark 3.892ms
[3569.871s][info][gc             ] GC(831) Concurrent Mark Cycle 1119.611ms
..[3571.713s][info][gc,start       ] GC(832) Pause Young (Prepare Mixed) (G1 Evacuation Pause)
[3571.713s][info][gc,task        ] GC(832) Using 6 workers of 6 for evacuation
[3571.830s][info][gc,phases      ] GC(832)   Pre Evacuate Collection Set: 0.33ms
[3571.830s][info][gc,phases      ] GC(832)   Merge Heap Roots: 0.50ms
[3571.830s][info][gc,phases      ] GC(832)   Evacuate Collection Set: 114.83ms
[3571.830s][info][gc,phases      ] GC(832)   Post Evacuate Collection Set: 0.95ms
[3571.830s][info][gc,phases      ] GC(832)   Other: 0.09ms
[3571.830s][info][gc,heap        ] GC(832) Eden regions: 1120->0(1113)
[3571.830s][info][gc,heap        ] GC(832) Survivor regions: 108->108(154)
[3571.830s][info][gc,heap        ] GC(832) Old regions: 503->536
[3571.830s][info][gc,heap        ] GC(832) Humongous regions: 80->80
[3571.830s][info][gc,metaspace   ] GC(832) Metaspace: 28919K(29312K)->28919K(29312K) NonClass: 24051K(24256K)->24051K(24256K) Class: 4868K(5056K)->4868K(5056K)
[3571.830s][info][gc             ] GC(832) Pause Young (Prepare Mixed) (G1 Evacuation Pause) 3620M->1446M(4096M) 116.833ms
[3571.830s][info][gc,cpu         ] GC(832) User=0.69s Sys=0.00s Real=0.11s
...[3574.698s][info][gc,start       ] GC(833) Pause Young (Mixed) (G1 Evacuation Pause)
[3574.698s][info][gc,task        ] GC(833) Using 6 workers of 6 for evacuation
[3574.831s][info][gc,phases      ] GC(833)   Pre Evacuate Collection Set: 0.36ms
[3574.831s][info][gc,phases      ] GC(833)   Merge Heap Roots: 0.69ms
[3574.831s][info][gc,phases      ] GC(833)   Evacuate Collection Set: 130.84ms
[3574.831s][info][gc,phases      ] GC(833)   Post Evacuate Collection Set: 0.80ms
[3574.831s][info][gc,phases      ] GC(833)   Other: 0.09ms
[3574.831s][info][gc,heap        ] GC(833) Eden regions: 1113->0(1120)
[3574.831s][info][gc,heap        ] GC(833) Survivor regions: 108->108(153)
[3574.831s][info][gc,heap        ] GC(833) Old regions: 536->472
[3574.831s][info][gc,heap        ] GC(833) Humongous regions: 80->80
[3574.831s][info][gc,metaspace   ] GC(833) Metaspace: 28919K(29312K)->28919K(29312K) NonClass: 24051K(24256K)->24051K(24256K) Class: 4868K(5056K)->4868K(5056K)
[3574.831s][info][gc             ] GC(833) Pause Young (Mixed) (G1 Evacuation Pause) 3672M->1318M(4096M) 132.914ms
[3574.831s][info][gc,cpu         ] GC(833) User=0.79s Sys=0.00s Real=0.13s
...[3577.727s][info][gc,start       ] GC(834) Pause Young (Concurrent Start) (G1 Evacuation Pause)
[3577.727s][info][gc,task        ] GC(834) Using 6 workers of 6 for evacuation
[3577.846s][info][gc,phases      ] GC(834)   Pre Evacuate Collection Set: 0.38ms
[3577.846s][info][gc,phases      ] GC(834)   Merge Heap Roots: 0.44ms
[3577.846s][info][gc,phases      ] GC(834)   Evacuate Collection Set: 116.79ms
[3577.846s][info][gc,phases      ] GC(834)   Post Evacuate Collection Set: 0.88ms
[3577.846s][info][gc,phases      ] GC(834)   Other: 0.11ms
[3577.846s][info][gc,heap        ] GC(834) Eden regions: 1120->0(1117)
[3577.846s][info][gc,heap        ] GC(834) Survivor regions: 108->111(154)
[3577.846s][info][gc,heap        ] GC(834) Old regions: 472->504
[3577.846s][info][gc,heap        ] GC(834) Humongous regions: 80->80
[3577.846s][info][gc,metaspace   ] GC(834) Metaspace: 28919K(29312K)->28919K(29312K) NonClass: 24051K(24256K)->24051K(24256K) Class: 4868K(5056K)->4868K(5056K)
[3577.846s][info][gc             ] GC(834) Pause Young (Concurrent Start) (G1 Evacuation Pause) 3558M->1387M(4096M) 118.745ms
[3577.846s][info][gc             ] GC(835) Concurrent Mark Cycle
[3577.846s][info][gc,marking     ] GC(835) Concurrent Scan Root Regions
[3577.846s][info][gc,cpu         ] GC(834) User=0.70s Sys=0.00s Real=0.12s
[3577.986s][info][gc,marking     ] GC(835) Concurrent Scan Root Regions 140.473ms
[3577.986s][info][gc,marking     ] GC(835) Concurrent Mark
[3577.986s][info][gc,marking     ] GC(835) Concurrent Mark From Roots
[3577.986s][info][gc,task        ] GC(835) Using 2 workers of 2 for marking
.[3578.664s][info][gc,marking     ] GC(835) Concurrent Mark From Roots 677.220ms
[3578.664s][info][gc,marking     ] GC(835) Concurrent Preclean
[3578.664s][info][gc,marking     ] GC(835) Concurrent Preclean 0.154ms
[3578.664s][info][gc,start       ] GC(835) Pause Remark
[3578.669s][info][gc             ] GC(835) Pause Remark 2088M->2088M(4096M) 4.540ms
[3578.669s][info][gc,cpu         ] GC(835) User=0.02s Sys=0.00s Real=0.00s
[3578.669s][info][gc,marking     ] GC(835) Concurrent Mark 682.562ms
[3578.669s][info][gc,marking     ] GC(835) Concurrent Rebuild Remembered Sets and Scrub Regions
[3578.911s][info][gc,marking     ] GC(835) Concurrent Rebuild Remembered Sets and Scrub Regions 241.625ms
[3578.911s][info][gc,start       ] GC(835) Pause Cleanup
[3578.911s][info][gc             ] GC(835) Pause Cleanup 2247M->2247M(4096M) 0.106ms
[3578.911s][info][gc,cpu         ] GC(835) User=0.00s Sys=0.00s Real=0.00s
[3578.911s][info][gc,marking     ] GC(835) Concurrent Clear Claimed Marks
[3578.911s][info][gc,marking     ] GC(835) Concurrent Clear Claimed Marks 0.027ms
[3578.911s][info][gc,marking     ] GC(835) Concurrent Cleanup for Next Mark
[3578.915s][info][gc,marking     ] GC(835) Concurrent Cleanup for Next Mark 4.383ms
[3578.915s][info][gc             ] GC(835) Concurrent Mark Cycle 1069.587ms
..[3580.759s][info][gc,start       ] GC(836) Pause Young (Prepare Mixed) (G1 Evacuation Pause)
[3580.759s][info][gc,task        ] GC(836) Using 6 workers of 6 for evacuation
[3580.877s][info][gc,phases      ] GC(836)   Pre Evacuate Collection Set: 0.34ms
[3580.877s][info][gc,phases      ] GC(836)   Merge Heap Roots: 0.47ms
[3580.877s][info][gc,phases      ] GC(836)   Evacuate Collection Set: 116.00ms
[3580.877s][info][gc,phases      ] GC(836)   Post Evacuate Collection Set: 0.92ms
[3580.877s][info][gc,phases      ] GC(836)   Other: 0.09ms
[3580.877s][info][gc,heap        ] GC(836) Eden regions: 1117->0(1110)
[3580.877s][info][gc,heap        ] GC(836) Survivor regions: 111->110(154)
[3580.877s][info][gc,heap        ] GC(836) Old regions: 504->535
[3580.877s][info][gc,heap        ] GC(836) Humongous regions: 80->80
[3580.877s][info][gc,metaspace   ] GC(836) Metaspace: 28919K(29312K)->28919K(29312K) NonClass: 24051K(24256K)->24051K(24256K) Class: 4868K(5056K)->4868K(5056K)
[3580.877s][info][gc             ] GC(836) Pause Young (Prepare Mixed) (G1 Evacuation Pause) 3621M->1448M(4096M) 117.933ms
[3580.877s][info][gc,cpu         ] GC(836) User=0.70s Sys=0.00s Real=0.12s
...[3583.716s][info][gc,start       ] GC(837) Pause Young (Mixed) (G1 Evacuation Pause)
[3583.716s][info][gc,task        ] GC(837) Using 6 workers of 6 for evacuation
[3583.851s][info][gc,phases      ] GC(837)   Pre Evacuate Collection Set: 0.38ms
[3583.851s][info][gc,phases      ] GC(837)   Merge Heap Roots: 0.63ms
[3583.851s][info][gc,phases      ] GC(837)   Evacuate Collection Set: 132.61ms
[3583.851s][info][gc,phases      ] GC(837)   Post Evacuate Collection Set: 0.97ms
[3583.851s][info][gc,phases      ] GC(837)   Other: 0.08ms
[3583.851s][info][gc,heap        ] GC(837) Eden regions: 1110->0(1117)
[3583.851s][info][gc,heap        ] GC(837) Survivor regions: 110->111(153)
[3583.851s][info][gc,heap        ] GC(837) Old regions: 535->473
[3583.851s][info][gc,heap        ] GC(837) Humongous regions: 80->80
[3583.851s][info][gc,metaspace   ] GC(837) Metaspace: 28919K(29312K)->28919K(29312K) NonClass: 24051K(24256K)->24051K(24256K) Class: 4868K(5056K)->4868K(5056K)
[3583.851s][info][gc             ] GC(837) Pause Young (Mixed) (G1 Evacuation Pause) 3668M->1325M(4096M) 134.795ms
[3583.851s][info][gc,cpu         ] GC(837) User=0.79s Sys=0.00s Real=0.13s
...[3586.696s][info][gc,start       ] GC(838) Pause Young (Concurrent Start) (G1 Evacuation Pause)
[3586.696s][info][gc,task        ] GC(838) Using 6 workers of 6 for evacuation
[3586.818s][info][gc,phases      ] GC(838)   Pre Evacuate Collection Set: 0.41ms
[3586.818s][info][gc,phases      ] GC(838)   Merge Heap Roots: 0.52ms
[3586.818s][info][gc,phases      ] GC(838)   Evacuate Collection Set: 120.02ms
[3586.818s][info][gc,phases      ] GC(838)   Post Evacuate Collection Set: 0.89ms
[3586.818s][info][gc,phases      ] GC(838)   Other: 0.11ms
[3586.818s][info][gc,heap        ] GC(838) Eden regions: 1117->0(1116)
[3586.818s][info][gc,heap        ] GC(838) Survivor regions: 111->112(154)
[3586.818s][info][gc,heap        ] GC(838) Old regions: 473->504
[3586.818s][info][gc,heap        ] GC(838) Humongous regions: 80->80
[3586.818s][info][gc,metaspace   ] GC(838) Metaspace: 28919K(29312K)->28919K(29312K) NonClass: 24051K(24256K)->24051K(24256K) Class: 4868K(5056K)->4868K(5056K)
[3586.818s][info][gc             ] GC(838) Pause Young (Concurrent Start) (G1 Evacuation Pause) 3559M->1390M(4096M) 122.079ms
[3586.819s][info][gc             ] GC(839) Concurrent Mark Cycle
[3586.819s][info][gc,marking     ] GC(839) Concurrent Scan Root Regions
[3586.819s][info][gc,cpu         ] GC(838) User=0.72s Sys=0.00s Real=0.12s
[3587.002s][info][gc,marking     ] GC(839) Concurrent Scan Root Regions 183.932ms
[3587.002s][info][gc,marking     ] GC(839) Concurrent Mark
[3587.003s][info][gc,marking     ] GC(839) Concurrent Mark From Roots
[3587.003s][info][gc,task        ] GC(839) Using 2 workers of 2 for marking
.[3587.978s][info][gc,marking     ] GC(839) Concurrent Mark From Roots 975.323ms
[3587.978s][info][gc,marking     ] GC(839) Concurrent Preclean
[3587.978s][info][gc,marking     ] GC(839) Concurrent Preclean 0.162ms
[3587.981s][info][gc,start       ] GC(839) Pause Remark
[3587.986s][info][gc             ] GC(839) Pause Remark 2270M->2270M(4096M) 5.176ms
[3587.986s][info][gc,cpu         ] GC(839) User=0.03s Sys=0.00s Real=0.01s
[3587.986s][info][gc,marking     ] GC(839) Concurrent Mark 983.771ms
[3587.986s][info][gc,marking     ] GC(839) Concurrent Rebuild Remembered Sets and Scrub Regions
.[3588.354s][info][gc,marking     ] GC(839) Concurrent Rebuild Remembered Sets and Scrub Regions 367.649ms
[3588.354s][info][gc,start       ] GC(839) Pause Cleanup
[3588.354s][info][gc             ] GC(839) Pause Cleanup 2589M->2589M(4096M) 0.099ms
[3588.354s][info][gc,cpu         ] GC(839) User=0.00s Sys=0.00s Real=0.00s
[3588.354s][info][gc,marking     ] GC(839) Concurrent Clear Claimed Marks
[3588.354s][info][gc,marking     ] GC(839) Concurrent Clear Claimed Marks 0.022ms
[3588.354s][info][gc,marking     ] GC(839) Concurrent Cleanup for Next Mark
[3588.359s][info][gc,marking     ] GC(839) Concurrent Cleanup for Next Mark 4.598ms
[3588.359s][info][gc             ] GC(839) Concurrent Mark Cycle 1540.389ms
.[3589.767s][info][gc,start       ] GC(840) Pause Young (Prepare Mixed) (G1 Evacuation Pause)
[3589.767s][info][gc,task        ] GC(840) Using 6 workers of 6 for evacuation
[3589.887s][info][gc,phases      ] GC(840)   Pre Evacuate Collection Set: 0.36ms
[3589.887s][info][gc,phases      ] GC(840)   Merge Heap Roots: 0.51ms
[3589.887s][info][gc,phases      ] GC(840)   Evacuate Collection Set: 117.68ms
[3589.887s][info][gc,phases      ] GC(840)   Post Evacuate Collection Set: 0.91ms
[3589.887s][info][gc,phases      ] GC(840)   Other: 0.09ms
[3589.887s][info][gc,heap        ] GC(840) Eden regions: 1116->0(1108)
[3589.887s][info][gc,heap        ] GC(840) Survivor regions: 112->111(154)
[3589.887s][info][gc,heap        ] GC(840) Old regions: 504->535
[3589.887s][info][gc,heap        ] GC(840) Humongous regions: 80->80
[3589.887s][info][gc,metaspace   ] GC(840) Metaspace: 28919K(29312K)->28919K(29312K) NonClass: 24051K(24256K)->24051K(24256K) Class: 4868K(5056K)->4868K(5056K)
[3589.887s][info][gc             ] GC(840) Pause Young (Prepare Mixed) (G1 Evacuation Pause) 3622M->1451M(4096M) 119.680ms
[3589.887s][info][gc,cpu         ] GC(840) User=0.70s Sys=0.01s Real=0.12s
... (rIR:aIR:PR = 6227:6227:6227) (tPR = 92329) [OK] 
  3591s: Performance info:
         Transaction,    Success,    Partial,     Failed,   Receipts, AvgBarcode, 
             Overall,     376559,          0,          0,     357717,      59.48, 
         Response times:
             Request,    Success,    Partial,     Failed,   SkipFail,     Probes,    Samples,      min,      p50,      p90,      p95,      p99,      max, 
       TotalPurchase,     357717,          0,          0,          0,     345763,     381624,      300,     5200,    17800,    38000,    90000,   246000,
     InStorePurchase,     188297,          0,          0,          0,     181779,     200377,      300,     5100,    17600,    38000,    92000,   246000,
      OnlinePurchase,     131742,          0,          0,          0,     127694,     140775,      300,     5200,    18000,    40000,    89000,   246000,
        InstPurchase,      37678,          0,          0,          0,      36290,      40472,      400,     5400,    18100,    38000,    89000,   246000,
          AssocOfCat,        378,          0,          0,          0,        282,        382,    18700,    38000,    80700,   107700,   173850,   216000,
      AssocOfProduct,       3769,          0,          0,          0,       3533,       4016,      700,     4700,    16300,    34000,    94000,   183000,
      BusinessReport,        946,          0,          0,          0,        810,        983,    27000,    39000,    83600,   118800,   174800,   268000,
          CustBuyBeh,       3758,          0,          0,          0,       3543,       4047,      300,     4500,    15020,    37000,    89000,   163000,
       ProductReturn,       9991,          0,          0,          0,       9504,      10639,      200,     4900,    17700,    40000,    93000,   183000,

  3591s: (46%)   IR =   6365 [3592.718s][info][gc,start       ] GC(841) Pause Young (Mixed) (G1 Evacuation Pause)
[3592.718s][info][gc,task        ] GC(841) Using 6 workers of 6 for evacuation
[3592.853s][info][gc,phases      ] GC(841)   Pre Evacuate Collection Set: 0.39ms
[3592.853s][info][gc,phases      ] GC(841)   Merge Heap Roots: 0.72ms
[3592.853s][info][gc,phases      ] GC(841)   Evacuate Collection Set: 132.03ms
[3592.853s][info][gc,phases      ] GC(841)   Post Evacuate Collection Set: 1.00ms
[3592.853s][info][gc,phases      ] GC(841)   Other: 0.09ms
[3592.853s][info][gc,heap        ] GC(841) Eden regions: 1108->0(1118)
[3592.853s][info][gc,heap        ] GC(841) Survivor regions: 111->110(153)
[3592.853s][info][gc,heap        ] GC(841) Old regions: 535->472
[3592.853s][info][gc,heap        ] GC(841) Humongous regions: 80->80
[3592.853s][info][gc,metaspace   ] GC(841) Metaspace: 28920K(29312K)->28920K(29312K) NonClass: 24052K(24256K)->24052K(24256K) Class: 4868K(5056K)->4868K(5056K)
[3592.853s][info][gc             ] GC(841) Pause Young (Mixed) (G1 Evacuation Pause) 3667M->1321M(4096M) 134.362ms
[3592.853s][info][gc,cpu         ] GC(841) User=0.80s Sys=0.00s Real=0.14s
...[3595.678s][info][gc,start       ] GC(842) Pause Young (Concurrent Start) (G1 Evacuation Pause)
[3595.678s][info][gc,task        ] GC(842) Using 6 workers of 6 for evacuation
[3595.794s][info][gc,phases      ] GC(842)   Pre Evacuate Collection Set: 0.40ms
[3595.794s][info][gc,phases      ] GC(842)   Merge Heap Roots: 0.44ms
[3595.794s][info][gc,phases      ] GC(842)   Evacuate Collection Set: 114.69ms
[3595.794s][info][gc,phases      ] GC(842)   Post Evacuate Collection Set: 0.88ms
[3595.794s][info][gc,phases      ] GC(842)   Other: 0.12ms
[3595.794s][info][gc,heap        ] GC(842) Eden regions: 1118->0(1120)
[3595.794s][info][gc,heap        ] GC(842) Survivor regions: 110->108(154)
[3595.794s][info][gc,heap        ] GC(842) Old regions: 472->504
[3595.794s][info][gc,heap        ] GC(842) Humongous regions: 80->80
[3595.794s][info][gc,metaspace   ] GC(842) Metaspace: 28920K(29312K)->28920K(29312K) NonClass: 24052K(24256K)->24052K(24256K) Class: 4868K(5056K)->4868K(5056K)
[3595.794s][info][gc             ] GC(842) Pause Young (Concurrent Start) (G1 Evacuation Pause) 3557M->1382M(4096M) 116.668ms
[3595.794s][info][gc             ] GC(843) Concurrent Mark Cycle
[3595.794s][info][gc,marking     ] GC(843) Concurrent Scan Root Regions
[3595.794s][info][gc,cpu         ] GC(842) User=0.69s Sys=0.01s Real=0.12s
[3595.973s][info][gc,marking     ] GC(843) Concurrent Scan Root Regions 178.500ms
[3595.973s][info][gc,marking     ] GC(843) Concurrent Mark
[3595.973s][info][gc,marking     ] GC(843) Concurrent Mark From Roots
[3595.973s][info][gc,task        ] GC(843) Using 2 workers of 2 for marking
.|[3596.781s][info][gc,marking     ] GC(843) Concurrent Mark From Roots 807.902ms
[3596.781s][info][gc,marking     ] GC(843) Concurrent Preclean
[3596.781s][info][gc,marking     ] GC(843) Concurrent Preclean 0.135ms
[3596.781s][info][gc,start       ] GC(843) Pause Remark
[3596.786s][info][gc             ] GC(843) Pause Remark 2163M->2163M(4096M) 4.414ms
[3596.786s][info][gc,cpu         ] GC(843) User=0.03s Sys=0.00s Real=0.01s
[3596.786s][info][gc,marking     ] GC(843) Concurrent Mark 812.725ms
[3596.786s][info][gc,marking     ] GC(843) Concurrent Rebuild Remembered Sets and Scrub Regions
[3597.105s][info][gc,marking     ] GC(843) Concurrent Rebuild Remembered Sets and Scrub Regions 319.425ms
[3597.105s][info][gc,start       ] GC(843) Pause Cleanup
[3597.105s][info][gc             ] GC(843) Pause Cleanup 2386M->2386M(4096M) 0.097ms
[3597.105s][info][gc,cpu         ] GC(843) User=0.00s Sys=0.00s Real=0.00s
[3597.105s][info][gc,marking     ] GC(843) Concurrent Clear Claimed Marks
[3597.105s][info][gc,marking     ] GC(843) Concurrent Clear Claimed Marks 0.023ms
[3597.105s][info][gc,marking     ] GC(843) Concurrent Cleanup for Next Mark
[3597.109s][info][gc,marking     ] GC(843) Concurrent Cleanup for Next Mark 3.886ms
[3597.109s][info][gc             ] GC(843) Concurrent Mark Cycle 1314.998ms
..[3598.667s][info][gc,start       ] GC(844) Pause Young (Prepare Mixed) (G1 Evacuation Pause)
[3598.667s][info][gc,task        ] GC(844) Using 6 workers of 6 for evacuation
[3598.785s][info][gc,phases      ] GC(844)   Pre Evacuate Collection Set: 0.34ms
[3598.785s][info][gc,phases      ] GC(844)   Merge Heap Roots: 0.46ms
[3598.785s][info][gc,phases      ] GC(844)   Evacuate Collection Set: 115.60ms
[3598.785s][info][gc,phases      ] GC(844)   Post Evacuate Collection Set: 0.91ms
[3598.785s][info][gc,phases      ] GC(844)   Other: 0.09ms
[3598.785s][info][gc,heap        ] GC(844) Eden regions: 1120->0(1112)
[3598.785s][info][gc,heap        ] GC(844) Survivor regions: 108->109(154)
[3598.785s][info][gc,heap        ] GC(844) Old regions: 504->535
[3598.785s][info][gc,heap        ] GC(844) Humongous regions: 80->80
[3598.785s][info][gc,metaspace   ] GC(844) Metaspace: 28920K(29312K)->28920K(29312K) NonClass: 24052K(24256K)->24052K(24256K) Class: 4868K(5056K)->4868K(5056K)
[3598.785s][info][gc             ] GC(844) Pause Young (Prepare Mixed) (G1 Evacuation Pause) 3622M->1446M(4096M) 117.536ms
[3598.785s][info][gc,cpu         ] GC(844) User=0.70s Sys=0.00s Real=0.12s
...[3601.613s][info][gc,start       ] GC(845) Pause Young (Mixed) (G1 Evacuation Pause)
[3601.613s][info][gc,task        ] GC(845) Using 6 workers of 6 for evacuation
[3601.749s][info][gc,phases      ] GC(845)   Pre Evacuate Collection Set: 0.36ms
[3601.749s][info][gc,phases      ] GC(845)   Merge Heap Roots: 0.67ms
[3601.749s][info][gc,phases      ] GC(845)   Evacuate Collection Set: 133.15ms
[3601.749s][info][gc,phases      ] GC(845)   Post Evacuate Collection Set: 0.96ms
[3601.749s][info][gc,phases      ] GC(845)   Other: 0.09ms
[3601.749s][info][gc,heap        ] GC(845) Eden regions: 1112->0(1117)
[3601.749s][info][gc,heap        ] GC(845) Survivor regions: 109->111(153)
[3601.749s][info][gc,heap        ] GC(845) Old regions: 535->473
[3601.749s][info][gc,heap        ] GC(845) Humongous regions: 80->80
[3601.749s][info][gc,metaspace   ] GC(845) Metaspace: 28920K(29312K)->28920K(29312K) NonClass: 24052K(24256K)->24052K(24256K) Class: 4868K(5056K)->4868K(5056K)
[3601.749s][info][gc             ] GC(845) Pause Young (Mixed) (G1 Evacuation Pause) 3670M->1325M(4096M) 135.387ms
[3601.749s][info][gc,cpu         ] GC(845) User=0.80s Sys=0.00s Real=0.13s
...[3604.575s][info][gc,start       ] GC(846) Pause Young (Concurrent Start) (G1 Evacuation Pause)
[3604.576s][info][gc,task        ] GC(846) Using 6 workers of 6 for evacuation
[3604.691s][info][gc,phases      ] GC(846)   Pre Evacuate Collection Set: 0.36ms
[3604.691s][info][gc,phases      ] GC(846)   Merge Heap Roots: 0.44ms
[3604.691s][info][gc,phases      ] GC(846)   Evacuate Collection Set: 113.67ms
[3604.691s][info][gc,phases      ] GC(846)   Post Evacuate Collection Set: 0.89ms
[3604.691s][info][gc,phases      ] GC(846)   Other: 0.11ms
[3604.691s][info][gc,heap        ] GC(846) Eden regions: 1117->0(1120)
[3604.691s][info][gc,heap        ] GC(846) Survivor regions: 111->108(154)
[3604.691s][info][gc,heap        ] GC(846) Old regions: 473->505
[3604.691s][info][gc,heap        ] GC(846) Humongous regions: 80->80
[3604.691s][info][gc,metaspace   ] GC(846) Metaspace: 28920K(29312K)->28920K(29312K) NonClass: 24052K(24256K)->24052K(24256K) Class: 4868K(5056K)->4868K(5056K)
[3604.691s][info][gc             ] GC(846) Pause Young (Concurrent Start) (G1 Evacuation Pause) 3559M->1383M(4096M) 115.596ms
[3604.691s][info][gc             ] GC(847) Concurrent Mark Cycle
[3604.691s][info][gc,marking     ] GC(847) Concurrent Scan Root Regions
[3604.691s][info][gc,cpu         ] GC(846) User=0.68s Sys=0.00s Real=0.11s
[3604.889s][info][gc,marking     ] GC(847) Concurrent Scan Root Regions 197.554ms
[3604.889s][info][gc,marking     ] GC(847) Concurrent Mark
[3604.889s][info][gc,marking     ] GC(847) Concurrent Mark From Roots
[3604.889s][info][gc,task        ] GC(847) Using 2 workers of 2 for marking
.[3605.478s][info][gc,marking     ] GC(847) Concurrent Mark From Roots 589.223ms
[3605.478s][info][gc,marking     ] GC(847) Concurrent Preclean
[3605.478s][info][gc,marking     ] GC(847) Concurrent Preclean 0.212ms
[3605.479s][info][gc,start       ] GC(847) Pause Remark
[3605.483s][info][gc             ] GC(847) Pause Remark 2005M->2005M(4096M) 3.985ms
[3605.483s][info][gc,cpu         ] GC(847) User=0.02s Sys=0.00s Real=0.01s
[3605.483s][info][gc,marking     ] GC(847) Concurrent Mark 594.581ms
[3605.483s][info][gc,marking     ] GC(847) Concurrent Rebuild Remembered Sets and Scrub Regions
[3605.710s][info][gc,marking     ] GC(847) Concurrent Rebuild Remembered Sets and Scrub Regions 226.479ms
[3605.710s][info][gc,start       ] GC(847) Pause Cleanup
[3605.710s][info][gc             ] GC(847) Pause Cleanup 2213M->2213M(4096M) 0.114ms
[3605.710s][info][gc,cpu         ] GC(847) User=0.00s Sys=0.00s Real=0.00s
[3605.710s][info][gc,marking     ] GC(847) Concurrent Clear Claimed Marks
[3605.710s][info][gc,marking     ] GC(847) Concurrent Clear Claimed Marks 0.031ms
[3605.710s][info][gc,marking     ] GC(847) Concurrent Cleanup for Next Mark
[3605.715s][info][gc,marking     ] GC(847) Concurrent Cleanup for Next Mark 4.921ms
[3605.715s][info][gc             ] GC(847) Concurrent Mark Cycle 1024.074ms
..[3607.515s][info][gc,start       ] GC(848) Pause Young (Prepare Mixed) (G1 Evacuation Pause)
[3607.515s][info][gc,task        ] GC(848) Using 6 workers of 6 for evacuation
[3607.630s][info][gc,phases      ] GC(848)   Pre Evacuate Collection Set: 0.33ms
[3607.630s][info][gc,phases      ] GC(848)   Merge Heap Roots: 0.68ms
[3607.630s][info][gc,phases      ] GC(848)   Evacuate Collection Set: 112.80ms
[3607.630s][info][gc,phases      ] GC(848)   Post Evacuate Collection Set: 0.92ms
[3607.630s][info][gc,phases      ] GC(848)   Other: 0.08ms
[3607.630s][info][gc,heap        ] GC(848) Eden regions: 1120->0(1111)
[3607.630s][info][gc,heap        ] GC(848) Survivor regions: 108->109(154)
[3607.630s][info][gc,heap        ] GC(848) Old regions: 505->536
[3607.630s][info][gc,heap        ] GC(848) Humongous regions: 80->80
[3607.630s][info][gc,metaspace   ] GC(848) Metaspace: 28920K(29312K)->28920K(29312K) NonClass: 24052K(24256K)->24052K(24256K) Class: 4868K(5056K)->4868K(5056K)
[3607.630s][info][gc             ] GC(848) Pause Young (Prepare Mixed) (G1 Evacuation Pause) 3623M->1448M(4096M) 114.956ms
[3607.630s][info][gc,cpu         ] GC(848) User=0.68s Sys=0.00s Real=0.11s
...[3610.457s][info][gc,start       ] GC(849) Pause Young (Mixed) (G1 Evacuation Pause)
[3610.457s][info][gc,task        ] GC(849) Using 6 workers of 6 for evacuation
[3610.587s][info][gc,phases      ] GC(849)   Pre Evacuate Collection Set: 0.40ms
[3610.587s][info][gc,phases      ] GC(849)   Merge Heap Roots: 0.62ms
[3610.587s][info][gc,phases      ] GC(849)   Evacuate Collection Set: 128.45ms
[3610.587s][info][gc,phases      ] GC(849)   Post Evacuate Collection Set: 0.99ms
[3610.587s][info][gc,phases      ] GC(849)   Other: 0.09ms
[3610.587s][info][gc,heap        ] GC(849) Eden regions: 1111->0(1121)
[3610.587s][info][gc,heap        ] GC(849) Survivor regions: 109->107(153)
[3610.587s][info][gc,heap        ] GC(849) Old regions: 536->473
[3610.587s][info][gc,heap        ] GC(849) Humongous regions: 80->80
[3610.587s][info][gc,metaspace   ] GC(849) Metaspace: 28920K(29312K)->28920K(29312K) NonClass: 24052K(24256K)->24052K(24256K) Class: 4868K(5056K)->4868K(5056K)
[3610.587s][info][gc             ] GC(849) Pause Young (Mixed) (G1 Evacuation Pause) 3670M->1318M(4096M) 130.676ms
[3610.587s][info][gc,cpu         ] GC(849) User=0.77s Sys=0.00s Real=0.13s
...[3613.456s][info][gc,start       ] GC(850) Pause Young (Concurrent Start) (G1 Evacuation Pause)
[3613.456s][info][gc,task        ] GC(850) Using 6 workers of 6 for evacuation
[3613.574s][info][gc,phases      ] GC(850)   Pre Evacuate Collection Set: 0.40ms
[3613.574s][info][gc,phases      ] GC(850)   Merge Heap Roots: 0.48ms
[3613.574s][info][gc,phases      ] GC(850)   Evacuate Collection Set: 115.72ms
[3613.574s][info][gc,phases      ] GC(850)   Post Evacuate Collection Set: 0.90ms
[3613.574s][info][gc,phases      ] GC(850)   Other: 0.15ms
[3613.574s][info][gc,heap        ] GC(850) Eden regions: 1121->0(1118)
[3613.574s][info][gc,heap        ] GC(850) Survivor regions: 107->110(154)
[3613.574s][info][gc,heap        ] GC(850) Old regions: 473->504
[3613.574s][info][gc,heap        ] GC(850) Humongous regions: 80->80
[3613.574s][info][gc,metaspace   ] GC(850) Metaspace: 28920K(29312K)->28920K(29312K) NonClass: 24052K(24256K)->24052K(24256K) Class: 4868K(5056K)->4868K(5056K)
[3613.574s][info][gc             ] GC(850) Pause Young (Concurrent Start) (G1 Evacuation Pause) 3560M->1386M(4096M) 117.772ms
[3613.574s][info][gc             ] GC(851) Concurrent Mark Cycle
[3613.574s][info][gc,marking     ] GC(851) Concurrent Scan Root Regions
[3613.574s][info][gc,cpu         ] GC(850) User=0.70s Sys=0.00s Real=0.12s
[3613.800s][info][gc,marking     ] GC(851) Concurrent Scan Root Regions 226.123ms
[3613.800s][info][gc,marking     ] GC(851) Concurrent Mark
[3613.800s][info][gc,marking     ] GC(851) Concurrent Mark From Roots
[3613.800s][info][gc,task        ] GC(851) Using 2 workers of 2 for marking
.[3614.642s][info][gc,marking     ] GC(851) Concurrent Mark From Roots 841.703ms
[3614.642s][info][gc,marking     ] GC(851) Concurrent Preclean
[3614.642s][info][gc,marking     ] GC(851) Concurrent Preclean 0.202ms
[3614.643s][info][gc,start       ] GC(851) Pause Remark
[3614.648s][info][gc             ] GC(851) Pause Remark 2296M->2296M(4096M) 5.566ms
[3614.648s][info][gc,cpu         ] GC(851) User=0.03s Sys=0.00s Real=0.00s
[3614.648s][info][gc,marking     ] GC(851) Concurrent Mark 848.313ms
[3614.648s][info][gc,marking     ] GC(851) Concurrent Rebuild Remembered Sets and Scrub Regions
[3615.023s][info][gc,marking     ] GC(851) Concurrent Rebuild Remembered Sets and Scrub Regions 374.440ms
[3615.025s][info][gc,start       ] GC(851) Pause Cleanup
[3615.025s][info][gc             ] GC(851) Pause Cleanup 2630M->2630M(4096M) 0.139ms
[3615.025s][info][gc,cpu         ] GC(851) User=0.00s Sys=0.00s Real=0.00s
[3615.025s][info][gc,marking     ] GC(851) Concurrent Clear Claimed Marks
[3615.025s][info][gc,marking     ] GC(851) Concurrent Clear Claimed Marks 0.031ms
[3615.025s][info][gc,marking     ] GC(851) Concurrent Cleanup for Next Mark
[3615.030s][info][gc,marking     ] GC(851) Concurrent Cleanup for Next Mark 4.948ms
[3615.030s][info][gc             ] GC(851) Concurrent Mark Cycle 1456.128ms
..[3616.401s][info][gc,start       ] GC(852) Pause Young (Prepare Mixed) (G1 Evacuation Pause)
[3616.402s][info][gc,task        ] GC(852) Using 6 workers of 6 for evacuation
[3616.520s][info][gc,phases      ] GC(852)   Pre Evacuate Collection Set: 0.36ms
[3616.520s][info][gc,phases      ] GC(852)   Merge Heap Roots: 0.49ms
[3616.520s][info][gc,phases      ] GC(852)   Evacuate Collection Set: 117.02ms
[3616.520s][info][gc,phases      ] GC(852)   Post Evacuate Collection Set: 0.95ms
[3616.520s][info][gc,phases      ] GC(852)   Other: 0.09ms
[3616.520s][info][gc,heap        ] GC(852) Eden regions: 1118->0(1109)
[3616.520s][info][gc,heap        ] GC(852) Survivor regions: 110->110(154)
[3616.521s][info][gc,heap        ] GC(852) Old regions: 504->536
[3616.521s][info][gc,heap        ] GC(852) Humongous regions: 80->80
[3616.521s][info][gc,metaspace   ] GC(852) Metaspace: 28920K(29312K)->28920K(29312K) NonClass: 24052K(24256K)->24052K(24256K) Class: 4868K(5056K)->4868K(5056K)
[3616.521s][info][gc             ] GC(852) Pause Young (Prepare Mixed) (G1 Evacuation Pause) 3622M->1450M(4096M) 119.031ms
[3616.521s][info][gc,cpu         ] GC(852) User=0.70s Sys=0.00s Real=0.12s
...[3619.315s][info][gc,start       ] GC(853) Pause Young (Mixed) (G1 Evacuation Pause)
[3619.315s][info][gc,task        ] GC(853) Using 6 workers of 6 for evacuation
[3619.452s][info][gc,phases      ] GC(853)   Pre Evacuate Collection Set: 0.36ms
[3619.452s][info][gc,phases      ] GC(853)   Merge Heap Roots: 0.64ms
[3619.452s][info][gc,phases      ] GC(853)   Evacuate Collection Set: 134.84ms
[3619.452s][info][gc,phases      ] GC(853)   Post Evacuate Collection Set: 0.96ms
[3619.452s][info][gc,phases      ] GC(853)   Other: 0.08ms
[3619.452s][info][gc,heap        ] GC(853) Eden regions: 1109->0(1116)
[3619.452s][info][gc,heap        ] GC(853) Survivor regions: 110->112(153)
[3619.452s][info][gc,heap        ] GC(853) Old regions: 536->472
[3619.452s][info][gc,heap        ] GC(853) Humongous regions: 80->80
[3619.452s][info][gc,metaspace   ] GC(853) Metaspace: 28920K(29312K)->28920K(29312K) NonClass: 24052K(24256K)->24052K(24256K) Class: 4868K(5056K)->4868K(5056K)
[3619.452s][info][gc             ] GC(853) Pause Young (Mixed) (G1 Evacuation Pause) 3668M->1327M(4096M) 137.007ms
[3619.452s][info][gc,cpu         ] GC(853) User=0.81s Sys=0.01s Real=0.13s
...[3622.287s][info][gc,start       ] GC(854) Pause Young (Concurrent Start) (G1 Evacuation Pause)
[3622.287s][info][gc,task        ] GC(854) Using 6 workers of 6 for evacuation
[3622.408s][info][gc,phases      ] GC(854)   Pre Evacuate Collection Set: 0.36ms
[3622.408s][info][gc,phases      ] GC(854)   Merge Heap Roots: 0.46ms
[3622.408s][info][gc,phases      ] GC(854)   Evacuate Collection Set: 119.23ms
[3622.408s][info][gc,phases      ] GC(854)   Post Evacuate Collection Set: 0.89ms
[3622.408s][info][gc,phases      ] GC(854)   Other: 0.11ms
[3622.408s][info][gc,heap        ] GC(854) Eden regions: 1116->0(1116)
[3622.408s][info][gc,heap        ] GC(854) Survivor regions: 112->112(154)
[3622.408s][info][gc,heap        ] GC(854) Old regions: 472->504
[3622.408s][info][gc,heap        ] GC(854) Humongous regions: 80->80
[3622.408s][info][gc,metaspace   ] GC(854) Metaspace: 28920K(29312K)->28920K(29312K) NonClass: 24052K(24256K)->24052K(24256K) Class: 4868K(5056K)->4868K(5056K)
[3622.408s][info][gc             ] GC(854) Pause Young (Concurrent Start) (G1 Evacuation Pause) 3559M->1390M(4096M) 121.197ms
[3622.408s][info][gc             ] GC(855) Concurrent Mark Cycle
[3622.408s][info][gc,marking     ] GC(855) Concurrent Scan Root Regions
[3622.408s][info][gc,cpu         ] GC(854) User=0.72s Sys=0.00s Real=0.12s
[3622.600s][info][gc,marking     ] GC(855) Concurrent Scan Root Regions 192.039ms
[3622.600s][info][gc,marking     ] GC(855) Concurrent Mark
[3622.600s][info][gc,marking     ] GC(855) Concurrent Mark From Roots
[3622.600s][info][gc,task        ] GC(855) Using 2 workers of 2 for marking
.[3623.458s][info][gc,marking     ] GC(855) Concurrent Mark From Roots 857.376ms
[3623.458s][info][gc,marking     ] GC(855) Concurrent Preclean
[3623.458s][info][gc,marking     ] GC(855) Concurrent Preclean 0.155ms
[3623.459s][info][gc,start       ] GC(855) Pause Remark
[3623.465s][info][gc             ] GC(855) Pause Remark 2268M->2268M(4096M) 5.628ms
[3623.465s][info][gc,cpu         ] GC(855) User=0.03s Sys=0.01s Real=0.01s
[3623.465s][info][gc,marking     ] GC(855) Concurrent Mark 864.235ms
[3623.465s][info][gc,marking     ] GC(855) Concurrent Rebuild Remembered Sets and Scrub Regions
[3623.740s][info][gc,marking     ] GC(855) Concurrent Rebuild Remembered Sets and Scrub Regions 275.311ms
[3623.740s][info][gc,start       ] GC(855) Pause Cleanup
[3623.740s][info][gc             ] GC(855) Pause Cleanup 2497M->2497M(4096M) 0.113ms
[3623.740s][info][gc,cpu         ] GC(855) User=0.00s Sys=0.00s Real=0.00s
[3623.742s][info][gc,marking     ] GC(855) Concurrent Clear Claimed Marks
[3623.742s][info][gc,marking     ] GC(855) Concurrent Clear Claimed Marks 0.035ms
[3623.742s][info][gc,marking     ] GC(855) Concurrent Cleanup for Next Mark
[3623.749s][info][gc,marking     ] GC(855) Concurrent Cleanup for Next Mark 6.997ms
[3623.749s][info][gc             ] GC(855) Concurrent Mark Cycle 1340.561ms
.[3625.196s][info][gc,start       ] GC(856) Pause Young (Prepare Mixed) (G1 Evacuation Pause)
[3625.196s][info][gc,task        ] GC(856) Using 6 workers of 6 for evacuation
[3625.316s][info][gc,phases      ] GC(856)   Pre Evacuate Collection Set: 0.32ms
[3625.316s][info][gc,phases      ] GC(856)   Merge Heap Roots: 0.49ms
[3625.316s][info][gc,phases      ] GC(856)   Evacuate Collection Set: 117.93ms
[3625.316s][info][gc,phases      ] GC(856)   Post Evacuate Collection Set: 0.92ms
[3625.316s][info][gc,phases      ] GC(856)   Other: 0.08ms
[3625.316s][info][gc,heap        ] GC(856) Eden regions: 1116->0(1107)
[3625.316s][info][gc,heap        ] GC(856) Survivor regions: 112->111(154)
[3625.316s][info][gc,heap        ] GC(856) Old regions: 504->536
[3625.316s][info][gc,heap        ] GC(856) Humongous regions: 80->80
[3625.316s][info][gc,metaspace   ] GC(856) Metaspace: 28920K(29312K)->28920K(29312K) NonClass: 24052K(24256K)->24052K(24256K) Class: 4868K(5056K)->4868K(5056K)
[3625.316s][info][gc             ] GC(856) Pause Young (Prepare Mixed) (G1 Evacuation Pause) 3622M->1451M(4096M) 119.876ms
[3625.316s][info][gc,cpu         ] GC(856) User=0.71s Sys=0.00s Real=0.12s
...[3628.108s][info][gc,start       ] GC(857) Pause Young (Mixed) (G1 Evacuation Pause)
[3628.108s][info][gc,task        ] GC(857) Using 6 workers of 6 for evacuation
[3628.241s][info][gc,phases      ] GC(857)   Pre Evacuate Collection Set: 0.38ms
[3628.241s][info][gc,phases      ] GC(857)   Merge Heap Roots: 0.66ms
[3628.241s][info][gc,phases      ] GC(857)   Evacuate Collection Set: 131.01ms
[3628.241s][info][gc,phases      ] GC(857)   Post Evacuate Collection Set: 0.95ms
[3628.241s][info][gc,phases      ] GC(857)   Other: 0.10ms
[3628.241s][info][gc,heap        ] GC(857) Eden regions: 1107->0(1120)
[3628.241s][info][gc,heap        ] GC(857) Survivor regions: 111->108(153)
[3628.241s][info][gc,heap        ] GC(857) Old regions: 536->474
[3628.241s][info][gc,heap        ] GC(857) Humongous regions: 80->80
[3628.241s][info][gc,metaspace   ] GC(857) Metaspace: 28920K(29312K)->28920K(29312K) NonClass: 24052K(24256K)->24052K(24256K) Class: 4868K(5056K)->4868K(5056K)
[3628.241s][info][gc             ] GC(857) Pause Young (Mixed) (G1 Evacuation Pause) 3665M->1323M(4096M) 133.221ms
[3628.241s][info][gc,cpu         ] GC(857) User=0.78s Sys=0.00s Real=0.13s
...[3631.146s][info][gc,start       ] GC(858) Pause Young (Concurrent Start) (G1 Evacuation Pause)
[3631.146s][info][gc,task        ] GC(858) Using 6 workers of 6 for evacuation
[3631.269s][info][gc,phases      ] GC(858)   Pre Evacuate Collection Set: 0.36ms
[3631.269s][info][gc,phases      ] GC(858)   Merge Heap Roots: 0.43ms
[3631.269s][info][gc,phases      ] GC(858)   Evacuate Collection Set: 121.34ms
[3631.269s][info][gc,phases      ] GC(858)   Post Evacuate Collection Set: 0.90ms
[3631.269s][info][gc,phases      ] GC(858)   Other: 0.11ms
[3631.269s][info][gc,heap        ] GC(858) Eden regions: 1120->0(1113)
[3631.269s][info][gc,heap        ] GC(858) Survivor regions: 108->115(154)
[3631.269s][info][gc,heap        ] GC(858) Old regions: 474->505
[3631.269s][info][gc,heap        ] GC(858) Humongous regions: 80->80
[3631.269s][info][gc,metaspace   ] GC(858) Metaspace: 28920K(29312K)->28920K(29312K) NonClass: 24052K(24256K)->24052K(24256K) Class: 4868K(5056K)->4868K(5056K)
[3631.269s][info][gc             ] GC(858) Pause Young (Concurrent Start) (G1 Evacuation Pause) 3563M->1398M(4096M) 123.279ms
[3631.269s][info][gc             ] GC(859) Concurrent Mark Cycle
[3631.269s][info][gc,marking     ] GC(859) Concurrent Scan Root Regions
[3631.269s][info][gc,cpu         ] GC(858) User=0.73s Sys=0.00s Real=0.12s
.[3631.452s][info][gc,marking     ] GC(859) Concurrent Scan Root Regions 183.299ms
[3631.452s][info][gc,marking     ] GC(859) Concurrent Mark
[3631.452s][info][gc,marking     ] GC(859) Concurrent Mark From Roots
[3631.452s][info][gc,task        ] GC(859) Using 2 workers of 2 for marking
[3632.404s][info][gc,marking     ] GC(859) Concurrent Mark From Roots 951.398ms
[3632.404s][info][gc,marking     ] GC(859) Concurrent Preclean
[3632.404s][info][gc,marking     ] GC(859) Concurrent Preclean 0.187ms
[3632.404s][info][gc,start       ] GC(859) Pause Remark
[3632.410s][info][gc             ] GC(859) Pause Remark 2379M->2379M(4096M) 5.803ms
[3632.410s][info][gc,cpu         ] GC(859) User=0.03s Sys=0.00s Real=0.00s
[3632.410s][info][gc,marking     ] GC(859) Concurrent Mark 957.914ms
[3632.410s][info][gc,marking     ] GC(859) Concurrent Rebuild Remembered Sets and Scrub Regions
.[3632.663s][info][gc,marking     ] GC(859) Concurrent Rebuild Remembered Sets and Scrub Regions 252.873ms
[3632.663s][info][gc,start       ] GC(859) Pause Cleanup
[3632.663s][info][gc             ] GC(859) Pause Cleanup 2582M->2582M(4096M) 0.114ms
[3632.663s][info][gc,cpu         ] GC(859) User=0.00s Sys=0.00s Real=0.00s
[3632.663s][info][gc,marking     ] GC(859) Concurrent Clear Claimed Marks
[3632.663s][info][gc,marking     ] GC(859) Concurrent Clear Claimed Marks 0.034ms
[3632.664s][info][gc,marking     ] GC(859) Concurrent Cleanup for Next Mark
[3632.667s][info][gc,marking     ] GC(859) Concurrent Cleanup for Next Mark 3.482ms
[3632.667s][info][gc             ] GC(859) Concurrent Mark Cycle 1398.160ms
.[3634.029s][info][gc,start       ] GC(860) Pause Young (Prepare Mixed) (G1 Evacuation Pause)
[3634.029s][info][gc,task        ] GC(860) Using 6 workers of 6 for evacuation
[3634.147s][info][gc,phases      ] GC(860)   Pre Evacuate Collection Set: 0.31ms
[3634.147s][info][gc,phases      ] GC(860)   Merge Heap Roots: 0.48ms
[3634.147s][info][gc,phases      ] GC(860)   Evacuate Collection Set: 116.02ms
[3634.147s][info][gc,phases      ] GC(860)   Post Evacuate Collection Set: 0.92ms
[3634.147s][info][gc,phases      ] GC(860)   Other: 0.09ms
[3634.147s][info][gc,heap        ] GC(860) Eden regions: 1113->0(1107)
[3634.147s][info][gc,heap        ] GC(860) Survivor regions: 115->111(154)
[3634.147s][info][gc,heap        ] GC(860) Old regions: 505->536
[3634.147s][info][gc,heap        ] GC(860) Humongous regions: 80->80
[3634.147s][info][gc,metaspace   ] GC(860) Metaspace: 28920K(29312K)->28920K(29312K) NonClass: 24052K(24256K)->24052K(24256K) Class: 4868K(5056K)->4868K(5056K)
[3634.147s][info][gc             ] GC(860) Pause Young (Prepare Mixed) (G1 Evacuation Pause) 3624M->1451M(4096M) 117.977ms
[3634.147s][info][gc,cpu         ] GC(860) User=0.70s Sys=0.00s Real=0.12s
...[3637.034s][info][gc,start       ] GC(861) Pause Young (Mixed) (G1 Evacuation Pause)
[3637.034s][info][gc,task        ] GC(861) Using 6 workers of 6 for evacuation
[3637.171s][info][gc,phases      ] GC(861)   Pre Evacuate Collection Set: 0.40ms
[3637.171s][info][gc,phases      ] GC(861)   Merge Heap Roots: 0.72ms
[3637.171s][info][gc,phases      ] GC(861)   Evacuate Collection Set: 134.67ms
[3637.171s][info][gc,phases      ] GC(861)   Post Evacuate Collection Set: 0.96ms
[3637.171s][info][gc,phases      ] GC(861)   Other: 0.09ms
[3637.171s][info][gc,heap        ] GC(861) Eden regions: 1107->0(1116)
[3637.171s][info][gc,heap        ] GC(861) Survivor regions: 111->112(153)
[3637.171s][info][gc,heap        ] GC(861) Old regions: 536->472
[3637.171s][info][gc,heap        ] GC(861) Humongous regions: 80->80
[3637.171s][info][gc,metaspace   ] GC(861) Metaspace: 28920K(29312K)->28920K(29312K) NonClass: 24052K(24256K)->24052K(24256K) Class: 4868K(5056K)->4868K(5056K)
[3637.171s][info][gc             ] GC(861) Pause Young (Mixed) (G1 Evacuation Pause) 3665M->1327M(4096M) 136.978ms
[3637.171s][info][gc,cpu         ] GC(861) User=0.81s Sys=0.00s Real=0.13s
...[3639.897s][info][gc,start       ] GC(862) Pause Young (Concurrent Start) (G1 Evacuation Pause)
[3639.897s][info][gc,task        ] GC(862) Using 6 workers of 6 for evacuation
[3640.021s][info][gc,phases      ] GC(862)   Pre Evacuate Collection Set: 0.37ms
[3640.021s][info][gc,phases      ] GC(862)   Merge Heap Roots: 0.44ms
[3640.021s][info][gc,phases      ] GC(862)   Evacuate Collection Set: 121.19ms
[3640.021s][info][gc,phases      ] GC(862)   Post Evacuate Collection Set: 0.94ms
[3640.021s][info][gc,phases      ] GC(862)   Other: 0.12ms
[3640.021s][info][gc,heap        ] GC(862) Eden regions: 1116->0(1114)
[3640.021s][info][gc,heap        ] GC(862) Survivor regions: 112->114(154)
[3640.021s][info][gc,heap        ] GC(862) Old regions: 472->504
[3640.021s][info][gc,heap        ] GC(862) Humongous regions: 80->80
[3640.021s][info][gc,metaspace   ] GC(862) Metaspace: 28920K(29312K)->28920K(29312K) NonClass: 24052K(24256K)->24052K(24256K) Class: 4868K(5056K)->4868K(5056K)
[3640.021s][info][gc             ] GC(862) Pause Young (Concurrent Start) (G1 Evacuation Pause) 3559M->1394M(4096M) 123.181ms
[3640.021s][info][gc             ] GC(863) Concurrent Mark Cycle
[3640.021s][info][gc,marking     ] GC(863) Concurrent Scan Root Regions
[3640.021s][info][gc,cpu         ] GC(862) User=0.72s Sys=0.00s Real=0.12s
[3640.199s][info][gc,marking     ] GC(863) Concurrent Scan Root Regions 178.090ms
[3640.199s][info][gc,marking     ] GC(863) Concurrent Mark
[3640.199s][info][gc,marking     ] GC(863) Concurrent Mark From Roots
[3640.199s][info][gc,task        ] GC(863) Using 2 workers of 2 for marking
.[3640.874s][info][gc,marking     ] GC(863) Concurrent Mark From Roots 675.107ms
[3640.874s][info][gc,marking     ] GC(863) Concurrent Preclean
[3640.874s][info][gc,marking     ] GC(863) Concurrent Preclean 0.159ms
[3640.875s][info][gc,start       ] GC(863) Pause Remark
[3640.879s][info][gc             ] GC(863) Pause Remark 2056M->2056M(4096M) 4.830ms
[3640.879s][info][gc,cpu         ] GC(863) User=0.02s Sys=0.00s Real=0.00s
[3640.879s][info][gc,marking     ] GC(863) Concurrent Mark 680.668ms
[3640.879s][info][gc,marking     ] GC(863) Concurrent Rebuild Remembered Sets and Scrub Regions
[3641.153s][info][gc,marking     ] GC(863) Concurrent Rebuild Remembered Sets and Scrub Regions 273.453ms
[3641.153s][info][gc,start       ] GC(863) Pause Cleanup
[3641.153s][info][gc             ] GC(863) Pause Cleanup 2274M->2274M(4096M) 0.100ms
[3641.153s][info][gc,cpu         ] GC(863) User=0.00s Sys=0.00s Real=0.00s
[3641.154s][info][gc,marking     ] GC(863) Concurrent Clear Claimed Marks
[3641.154s][info][gc,marking     ] GC(863) Concurrent Clear Claimed Marks 0.031ms
[3641.154s][info][gc,marking     ] GC(863) Concurrent Cleanup for Next Mark
[3641.159s][info][gc,marking     ] GC(863) Concurrent Cleanup for Next Mark 5.054ms
[3641.159s][info][gc             ] GC(863) Concurrent Mark Cycle 1138.117ms
..[3642.842s][info][gc,start       ] GC(864) Pause Young (Prepare Mixed) (G1 Evacuation Pause)
[3642.842s][info][gc,task        ] GC(864) Using 6 workers of 6 for evacuation
[3642.966s][info][gc,phases      ] GC(864)   Pre Evacuate Collection Set: 0.35ms
[3642.966s][info][gc,phases      ] GC(864)   Merge Heap Roots: 0.44ms
[3642.966s][info][gc,phases      ] GC(864)   Evacuate Collection Set: 122.79ms
[3642.966s][info][gc,phases      ] GC(864)   Post Evacuate Collection Set: 0.91ms
[3642.966s][info][gc,phases      ] GC(864)   Other: 0.09ms
[3642.966s][info][gc,heap        ] GC(864) Eden regions: 1114->0(1102)
[3642.966s][info][gc,heap        ] GC(864) Survivor regions: 114->113(154)
[3642.966s][info][gc,heap        ] GC(864) Old regions: 504->537
[3642.966s][info][gc,heap        ] GC(864) Humongous regions: 80->80
[3642.966s][info][gc,metaspace   ] GC(864) Metaspace: 28920K(29312K)->28920K(29312K) NonClass: 24052K(24256K)->24052K(24256K) Class: 4868K(5056K)->4868K(5056K)
[3642.966s][info][gc             ] GC(864) Pause Young (Prepare Mixed) (G1 Evacuation Pause) 3622M->1459M(4096M) 124.730ms
[3642.966s][info][gc,cpu         ] GC(864) User=0.74s Sys=0.00s Real=0.13s
...[3645.818s][info][gc,start       ] GC(865) Pause Young (Mixed) (G1 Evacuation Pause)
[3645.818s][info][gc,task        ] GC(865) Using 6 workers of 6 for evacuation
[3645.948s][info][gc,phases      ] GC(865)   Pre Evacuate Collection Set: 0.37ms
[3645.948s][info][gc,phases      ] GC(865)   Merge Heap Roots: 0.63ms
[3645.948s][info][gc,phases      ] GC(865)   Evacuate Collection Set: 128.39ms
[3645.949s][info][gc,phases      ] GC(865)   Post Evacuate Collection Set: 0.94ms
[3645.949s][info][gc,phases      ] GC(865)   Other: 0.09ms
[3645.949s][info][gc,heap        ] GC(865) Eden regions: 1102->0(1119)
[3645.949s][info][gc,heap        ] GC(865) Survivor regions: 113->109(152)
[3645.949s][info][gc,heap        ] GC(865) Old regions: 537->474
[3645.949s][info][gc,heap        ] GC(865) Humongous regions: 80->80
[3645.949s][info][gc,metaspace   ] GC(865) Metaspace: 28920K(29312K)->28920K(29312K) NonClass: 24052K(24256K)->24052K(24256K) Class: 4868K(5056K)->4868K(5056K)
[3645.949s][info][gc             ] GC(865) Pause Young (Mixed) (G1 Evacuation Pause) 3663M->1324M(4096M) 130.548ms
[3645.949s][info][gc,cpu         ] GC(865) User=0.78s Sys=0.00s Real=0.13s
...[3648.815s][info][gc,start       ] GC(866) Pause Young (Concurrent Start) (G1 Evacuation Pause)
[3648.815s][info][gc,task        ] GC(866) Using 6 workers of 6 for evacuation
[3648.933s][info][gc,phases      ] GC(866)   Pre Evacuate Collection Set: 0.35ms
[3648.933s][info][gc,phases      ] GC(866)   Merge Heap Roots: 0.42ms
[3648.933s][info][gc,phases      ] GC(866)   Evacuate Collection Set: 116.82ms
[3648.933s][info][gc,phases      ] GC(866)   Post Evacuate Collection Set: 0.89ms
[3648.933s][info][gc,phases      ] GC(866)   Other: 0.10ms
[3648.933s][info][gc,heap        ] GC(866) Eden regions: 1119->0(1116)
[3648.933s][info][gc,heap        ] GC(866) Survivor regions: 109->112(154)
[3648.933s][info][gc,heap        ] GC(866) Old regions: 474->506
[3648.933s][info][gc,heap        ] GC(866) Humongous regions: 80->80
[3648.933s][info][gc,metaspace   ] GC(866) Metaspace: 28920K(29312K)->28920K(29312K) NonClass: 24052K(24256K)->24052K(24256K) Class: 4868K(5056K)->4868K(5056K)
[3648.933s][info][gc             ] GC(866) Pause Young (Concurrent Start) (G1 Evacuation Pause) 3562M->1394M(4096M) 118.707ms
[3648.933s][info][gc             ] GC(867) Concurrent Mark Cycle
[3648.933s][info][gc,marking     ] GC(867) Concurrent Scan Root Regions
[3648.933s][info][gc,cpu         ] GC(866) User=0.70s Sys=0.00s Real=0.12s
[3649.115s][info][gc,marking     ] GC(867) Concurrent Scan Root Regions 181.888ms
[3649.115s][info][gc,marking     ] GC(867) Concurrent Mark
[3649.115s][info][gc,marking     ] GC(867) Concurrent Mark From Roots
[3649.115s][info][gc,task        ] GC(867) Using 2 workers of 2 for marking
.[3650.069s][info][gc,marking     ] GC(867) Concurrent Mark From Roots 953.995ms
[3650.069s][info][gc,marking     ] GC(867) Concurrent Preclean
[3650.070s][info][gc,marking     ] GC(867) Concurrent Preclean 0.121ms
[3650.070s][info][gc,start       ] GC(867) Pause Remark
[3650.076s][info][gc             ] GC(867) Pause Remark 2386M->2386M(4096M) 6.007ms
[3650.076s][info][gc,cpu         ] GC(867) User=0.03s Sys=0.00s Real=0.01s
[3650.076s][info][gc,marking     ] GC(867) Concurrent Mark 960.387ms
[3650.076s][info][gc,marking     ] GC(867) Concurrent Rebuild Remembered Sets and Scrub Regions
[3650.324s][info][gc,marking     ] GC(867) Concurrent Rebuild Remembered Sets and Scrub Regions 248.709ms
[3650.325s][info][gc,start       ] GC(867) Pause Cleanup
[3650.325s][info][gc             ] GC(867) Pause Cleanup 2576M->2576M(4096M) 0.113ms
[3650.325s][info][gc,cpu         ] GC(867) User=0.00s Sys=0.00s Real=0.00s
[3650.325s][info][gc,marking     ] GC(867) Concurrent Clear Claimed Marks
[3650.325s][info][gc,marking     ] GC(867) Concurrent Clear Claimed Marks 0.021ms
[3650.325s][info][gc,marking     ] GC(867) Concurrent Cleanup for Next Mark
[3650.329s][info][gc,marking     ] GC(867) Concurrent Cleanup for Next Mark 4.554ms
[3650.329s][info][gc             ] GC(867) Concurrent Mark Cycle 1396.069ms
..[3651.672s][info][gc,start       ] GC(868) Pause Young (Prepare Mixed) (G1 Evacuation Pause)
[3651.672s][info][gc,task        ] GC(868) Using 6 workers of 6 for evacuation
[3651.792s][info][gc,phases      ] GC(868)   Pre Evacuate Collection Set: 0.33ms
[3651.792s][info][gc,phases      ] GC(868)   Merge Heap Roots: 0.49ms
[3651.792s][info][gc,phases      ] GC(868)   Evacuate Collection Set: 117.97ms
[3651.792s][info][gc,phases      ] GC(868)   Post Evacuate Collection Set: 0.95ms
[3651.792s][info][gc,phases      ] GC(868)   Other: 0.09ms
[3651.792s][info][gc,heap        ] GC(868) Eden regions: 1116->0(1107)
[3651.792s][info][gc,heap        ] GC(868) Survivor regions: 112->110(154)
[3651.792s][info][gc,heap        ] GC(868) Old regions: 506->538
[3651.792s][info][gc,heap        ] GC(868) Humongous regions: 80->80
[3651.792s][info][gc,metaspace   ] GC(868) Metaspace: 28920K(29312K)->28920K(29312K) NonClass: 24052K(24256K)->24052K(24256K) Class: 4868K(5056K)->4868K(5056K)
[3651.792s][info][gc             ] GC(868) Pause Young (Prepare Mixed) (G1 Evacuation Pause) 3626M->1454M(4096M) 119.952ms
[3651.792s][info][gc,cpu         ] GC(868) User=0.71s Sys=0.00s Real=0.12s
...[3654.635s][info][gc,start       ] GC(869) Pause Young (Mixed) (G1 Evacuation Pause)
[3654.635s][info][gc,task        ] GC(869) Using 6 workers of 6 for evacuation
[3654.768s][info][gc,phases      ] GC(869)   Pre Evacuate Collection Set: 0.41ms
[3654.768s][info][gc,phases      ] GC(869)   Merge Heap Roots: 0.64ms
[3654.768s][info][gc,phases      ] GC(869)   Evacuate Collection Set: 130.58ms
[3654.768s][info][gc,phases      ] GC(869)   Post Evacuate Collection Set: 0.96ms
[3654.768s][info][gc,phases      ] GC(869)   Other: 0.09ms
[3654.768s][info][gc,heap        ] GC(869) Eden regions: 1107->0(1120)
[3654.768s][info][gc,heap        ] GC(869) Survivor regions: 110->108(153)
[3654.768s][info][gc,heap        ] GC(869) Old regions: 538->472
[3654.768s][info][gc,heap        ] GC(869) Humongous regions: 80->80
[3654.768s][info][gc,metaspace   ] GC(869) Metaspace: 28920K(29312K)->28920K(29312K) NonClass: 24052K(24256K)->24052K(24256K) Class: 4868K(5056K)->4868K(5056K)
[3654.768s][info][gc             ] GC(869) Pause Young (Mixed) (G1 Evacuation Pause) 3668M->1319M(4096M) 132.795ms
[3654.768s][info][gc,cpu         ] GC(869) User=0.79s Sys=0.00s Real=0.13s
.. (rIR:aIR:PR = 6365:6365:6365) (tPR = 94639) [OK] 
  3656s: Performance info:
         Transaction,    Success,    Partial,     Failed,   Receipts, AvgBarcode, 
             Overall,     383245,          0,          0,     364055,      59.47, 
         Response times:
             Request,    Success,    Partial,     Failed,   SkipFail,     Probes,    Samples,      min,      p50,      p90,      p95,      p99,      max, 
       TotalPurchase,     364054,          0,          0,          0,     357080,     383196,      300,     5400,    28000,    59000,   116000,   215000,
     InStorePurchase,     191609,          0,          0,          0,     188443,     201842,      300,     5600,    29000,    60000,   116000,   210000,
      OnlinePurchase,     134108,          0,          0,          0,     131325,     141195,      300,     5200,    28000,    58000,   115000,   215000,
        InstPurchase,      38337,          0,          0,          0,      37312,      40159,      400,     5400,    27000,    58000,   117000,   207000,
          AssocOfCat,        383,          0,          0,          0,        298,        384,    26000,    37000,    91500,   135000,   180150,   222000,
      AssocOfProduct,       3842,          0,          0,          0,       3580,       4061,      900,     5900,    31000,    58000,   113000,   198000,
      BusinessReport,        956,          0,          0,          0,        833,       1040,    24000,    39000,    96000,   133000,   186770,   269000,
          CustBuyBeh,       3841,          0,          0,          0,       3595,       4041,      800,     5400,    35000,    67000,   124000,   205000,
       ProductReturn,      10170,          0,          0,          0,       9837,      10846,      500,     6400,    35000,    64000,   115000,   199000,

  3656s: (47%)   IR =   6503 .[3657.624s][info][gc,start       ] GC(870) Pause Young (Concurrent Start) (G1 Evacuation Pause)
[3657.624s][info][gc,task        ] GC(870) Using 6 workers of 6 for evacuation
[3657.740s][info][gc,phases      ] GC(870)   Pre Evacuate Collection Set: 0.38ms
[3657.740s][info][gc,phases      ] GC(870)   Merge Heap Roots: 0.45ms
[3657.740s][info][gc,phases      ] GC(870)   Evacuate Collection Set: 113.82ms
[3657.740s][info][gc,phases      ] GC(870)   Post Evacuate Collection Set: 0.91ms
[3657.740s][info][gc,phases      ] GC(870)   Other: 0.10ms
[3657.740s][info][gc,heap        ] GC(870) Eden regions: 1120->0(1119)
[3657.740s][info][gc,heap        ] GC(870) Survivor regions: 108->109(154)
[3657.740s][info][gc,heap        ] GC(870) Old regions: 472->503
[3657.740s][info][gc,heap        ] GC(870) Humongous regions: 80->80
[3657.740s][info][gc,metaspace   ] GC(870) Metaspace: 28920K(29312K)->28920K(29312K) NonClass: 24052K(24256K)->24052K(24256K) Class: 4868K(5056K)->4868K(5056K)
[3657.740s][info][gc             ] GC(870) Pause Young (Concurrent Start) (G1 Evacuation Pause) 3559M->1383M(4096M) 115.794ms
[3657.740s][info][gc             ] GC(871) Concurrent Mark Cycle
[3657.740s][info][gc,marking     ] GC(871) Concurrent Scan Root Regions
[3657.740s][info][gc,cpu         ] GC(870) User=0.69s Sys=0.00s Real=0.11s
[3657.882s][info][gc,marking     ] GC(871) Concurrent Scan Root Regions 141.918ms
[3657.882s][info][gc,marking     ] GC(871) Concurrent Mark
[3657.882s][info][gc,marking     ] GC(871) Concurrent Mark From Roots
[3657.882s][info][gc,task        ] GC(871) Using 2 workers of 2 for marking
.[3658.844s][info][gc,marking     ] GC(871) Concurrent Mark From Roots 961.872ms
[3658.844s][info][gc,marking     ] GC(871) Concurrent Preclean
[3658.844s][info][gc,marking     ] GC(871) Concurrent Preclean 0.192ms
[3658.845s][info][gc,start       ] GC(871) Pause Remark
[3658.849s][info][gc             ] GC(871) Pause Remark 2337M->2337M(4096M) 3.401ms
[3658.849s][info][gc,cpu         ] GC(871) User=0.02s Sys=0.01s Real=0.00s
[3658.849s][info][gc,marking     ] GC(871) Concurrent Mark 967.184ms
[3658.849s][info][gc,marking     ] GC(871) Concurrent Rebuild Remembered Sets and Scrub Regions
[3659.248s][info][gc,marking     ] GC(871) Concurrent Rebuild Remembered Sets and Scrub Regions 399.260ms
[3659.248s][info][gc,start       ] GC(871) Pause Cleanup
[3659.248s][info][gc             ] GC(871) Pause Cleanup 2652M->2652M(4096M) 0.106ms
[3659.248s][info][gc,cpu         ] GC(871) User=0.00s Sys=0.00s Real=0.00s
[3659.249s][info][gc,marking     ] GC(871) Concurrent Clear Claimed Marks
[3659.249s][info][gc,marking     ] GC(871) Concurrent Clear Claimed Marks 0.029ms
[3659.249s][info][gc,marking     ] GC(871) Concurrent Cleanup for Next Mark
[3659.253s][info][gc,marking     ] GC(871) Concurrent Cleanup for Next Mark 4.350ms
[3659.253s][info][gc             ] GC(871) Concurrent Mark Cycle 1513.341ms
.[3660.507s][info][gc,start       ] GC(872) Pause Young (Prepare Mixed) (G1 Evacuation Pause)
[3660.507s][info][gc,task        ] GC(872) Using 6 workers of 6 for evacuation
[3660.623s][info][gc,phases      ] GC(872)   Pre Evacuate Collection Set: 0.34ms
[3660.623s][info][gc,phases      ] GC(872)   Merge Heap Roots: 0.52ms
[3660.623s][info][gc,phases      ] GC(872)   Evacuate Collection Set: 114.34ms
[3660.623s][info][gc,phases      ] GC(872)   Post Evacuate Collection Set: 0.93ms
[3660.623s][info][gc,phases      ] GC(872)   Other: 0.09ms
[3660.623s][info][gc,heap        ] GC(872) Eden regions: 1119->0(1114)
[3660.623s][info][gc,heap        ] GC(872) Survivor regions: 109->108(154)
[3660.623s][info][gc,heap        ] GC(872) Old regions: 503->535
[3660.623s][info][gc,heap        ] GC(872) Humongous regions: 80->80
[3660.623s][info][gc,metaspace   ] GC(872) Metaspace: 28920K(29312K)->28920K(29312K) NonClass: 24052K(24256K)->24052K(24256K) Class: 4868K(5056K)->4868K(5056K)
[3660.623s][info][gc             ] GC(872) Pause Young (Prepare Mixed) (G1 Evacuation Pause) 3621M->1444M(4096M) 116.361ms
[3660.623s][info][gc,cpu         ] GC(872) User=0.68s Sys=0.00s Real=0.12s
...[3663.436s][info][gc,start       ] GC(873) Pause Young (Mixed) (G1 Evacuation Pause)
[3663.436s][info][gc,task        ] GC(873) Using 6 workers of 6 for evacuation
[3663.572s][info][gc,phases      ] GC(873)   Pre Evacuate Collection Set: 0.37ms
[3663.572s][info][gc,phases      ] GC(873)   Merge Heap Roots: 0.71ms
[3663.572s][info][gc,phases      ] GC(873)   Evacuate Collection Set: 133.90ms
[3663.572s][info][gc,phases      ] GC(873)   Post Evacuate Collection Set: 0.95ms
[3663.572s][info][gc,phases      ] GC(873)   Other: 0.09ms
[3663.572s][info][gc,heap        ] GC(873) Eden regions: 1114->0(1117)
[3663.572s][info][gc,heap        ] GC(873) Survivor regions: 108->111(153)
[3663.572s][info][gc,heap        ] GC(873) Old regions: 535->473
[3663.572s][info][gc,heap        ] GC(873) Humongous regions: 80->80
[3663.572s][info][gc,metaspace   ] GC(873) Metaspace: 28920K(29312K)->28920K(29312K) NonClass: 24052K(24256K)->24052K(24256K) Class: 4868K(5056K)->4868K(5056K)
[3663.572s][info][gc             ] GC(873) Pause Young (Mixed) (G1 Evacuation Pause) 3672M->1326M(4096M) 136.164ms
[3663.572s][info][gc,cpu         ] GC(873) User=0.81s Sys=0.00s Real=0.13s
...[3666.283s][info][gc,start       ] GC(874) Pause Young (Concurrent Start) (G1 Evacuation Pause)
[3666.283s][info][gc,task        ] GC(874) Using 6 workers of 6 for evacuation
[3666.399s][info][gc,phases      ] GC(874)   Pre Evacuate Collection Set: 0.36ms
[3666.399s][info][gc,phases      ] GC(874)   Merge Heap Roots: 0.45ms
[3666.399s][info][gc,phases      ] GC(874)   Evacuate Collection Set: 114.57ms
[3666.399s][info][gc,phases      ] GC(874)   Post Evacuate Collection Set: 0.88ms
[3666.399s][info][gc,phases      ] GC(874)   Other: 0.10ms
[3666.399s][info][gc,heap        ] GC(874) Eden regions: 1117->0(1118)
[3666.399s][info][gc,heap        ] GC(874) Survivor regions: 111->110(154)
[3666.399s][info][gc,heap        ] GC(874) Old regions: 473->505
[3666.399s][info][gc,heap        ] GC(874) Humongous regions: 80->80
[3666.399s][info][gc,metaspace   ] GC(874) Metaspace: 28920K(29312K)->28920K(29312K) NonClass: 24052K(24256K)->24052K(24256K) Class: 4868K(5056K)->4868K(5056K)
[3666.399s][info][gc             ] GC(874) Pause Young (Concurrent Start) (G1 Evacuation Pause) 3560M->1388M(4096M) 116.498ms
[3666.399s][info][gc             ] GC(875) Concurrent Mark Cycle
[3666.399s][info][gc,marking     ] GC(875) Concurrent Scan Root Regions
[3666.399s][info][gc,cpu         ] GC(874) User=0.69s Sys=0.00s Real=0.11s
[3666.579s][info][gc,marking     ] GC(875) Concurrent Scan Root Regions 179.304ms
[3666.579s][info][gc,marking     ] GC(875) Concurrent Mark
[3666.579s][info][gc,marking     ] GC(875) Concurrent Mark From Roots
[3666.579s][info][gc,task        ] GC(875) Using 2 workers of 2 for marking
.|[3667.517s][info][gc,marking     ] GC(875) Concurrent Mark From Roots 938.100ms
[3667.517s][info][gc,marking     ] GC(875) Concurrent Preclean
[3667.517s][info][gc,marking     ] GC(875) Concurrent Preclean 0.150ms
[3667.520s][info][gc,start       ] GC(875) Pause Remark
[3667.525s][info][gc             ] GC(875) Pause Remark 2318M->2318M(4096M) 5.534ms
[3667.525s][info][gc,cpu         ] GC(875) User=0.03s Sys=0.00s Real=0.01s
[3667.525s][info][gc,marking     ] GC(875) Concurrent Mark 946.501ms
[3667.525s][info][gc,marking     ] GC(875) Concurrent Rebuild Remembered Sets and Scrub Regions
.[3667.883s][info][gc,marking     ] GC(875) Concurrent Rebuild Remembered Sets and Scrub Regions 357.534ms
[3667.883s][info][gc,start       ] GC(875) Pause Cleanup
[3667.883s][info][gc             ] GC(875) Pause Cleanup 2634M->2634M(4096M) 0.110ms
[3667.883s][info][gc,cpu         ] GC(875) User=0.00s Sys=0.00s Real=0.00s
[3667.883s][info][gc,marking     ] GC(875) Concurrent Clear Claimed Marks
[3667.883s][info][gc,marking     ] GC(875) Concurrent Clear Claimed Marks 0.025ms
[3667.883s][info][gc,marking     ] GC(875) Concurrent Cleanup for Next Mark
[3667.887s][info][gc,marking     ] GC(875) Concurrent Cleanup for Next Mark 4.037ms
[3667.887s][info][gc             ] GC(875) Concurrent Mark Cycle 1487.935ms
.[3669.187s][info][gc,start       ] GC(876) Pause Young (Prepare Mixed) (G1 Evacuation Pause)
[3669.187s][info][gc,task        ] GC(876) Using 6 workers of 6 for evacuation
[3669.309s][info][gc,phases      ] GC(876)   Pre Evacuate Collection Set: 0.32ms
[3669.309s][info][gc,phases      ] GC(876)   Merge Heap Roots: 0.50ms
[3669.309s][info][gc,phases      ] GC(876)   Evacuate Collection Set: 119.80ms
[3669.309s][info][gc,phases      ] GC(876)   Post Evacuate Collection Set: 0.90ms
[3669.309s][info][gc,phases      ] GC(876)   Other: 0.08ms
[3669.309s][info][gc,heap        ] GC(876) Eden regions: 1118->0(1102)
[3669.309s][info][gc,heap        ] GC(876) Survivor regions: 110->113(154)
[3669.309s][info][gc,heap        ] GC(876) Old regions: 505->537
[3669.309s][info][gc,heap        ] GC(876) Humongous regions: 80->80
[3669.309s][info][gc,metaspace   ] GC(876) Metaspace: 28920K(29312K)->28920K(29312K) NonClass: 24052K(24256K)->24052K(24256K) Class: 4868K(5056K)->4868K(5056K)
[3669.309s][info][gc             ] GC(876) Pause Young (Prepare Mixed) (G1 Evacuation Pause) 3624M->1459M(4096M) 121.729ms
[3669.309s][info][gc,cpu         ] GC(876) User=0.72s Sys=0.00s Real=0.12s
...[3672.060s][info][gc,start       ] GC(877) Pause Young (Mixed) (G1 Evacuation Pause)
[3672.060s][info][gc,task        ] GC(877) Using 6 workers of 6 for evacuation
[3672.198s][info][gc,phases      ] GC(877)   Pre Evacuate Collection Set: 0.37ms
[3672.198s][info][gc,phases      ] GC(877)   Merge Heap Roots: 0.72ms
[3672.198s][info][gc,phases      ] GC(877)   Evacuate Collection Set: 136.11ms
[3672.198s][info][gc,phases      ] GC(877)   Post Evacuate Collection Set: 0.95ms
[3672.198s][info][gc,phases      ] GC(877)   Other: 0.09ms
[3672.198s][info][gc,heap        ] GC(877) Eden regions: 1102->0(1113)
[3672.198s][info][gc,heap        ] GC(877) Survivor regions: 113->115(152)
[3672.198s][info][gc,heap        ] GC(877) Old regions: 537->475
[3672.198s][info][gc,heap        ] GC(877) Humongous regions: 80->80
[3672.198s][info][gc,metaspace   ] GC(877) Metaspace: 28920K(29312K)->28920K(29312K) NonClass: 24052K(24256K)->24052K(24256K) Class: 4868K(5056K)->4868K(5056K)
[3672.198s][info][gc             ] GC(877) Pause Young (Mixed) (G1 Evacuation Pause) 3663M->1337M(4096M) 138.385ms
[3672.198s][info][gc,cpu         ] GC(877) User=0.82s Sys=0.00s Real=0.14s
...[3674.882s][info][gc,start       ] GC(878) Pause Young (Concurrent Start) (G1 Evacuation Pause)
[3674.882s][info][gc,task        ] GC(878) Using 6 workers of 6 for evacuation
[3674.999s][info][gc,phases      ] GC(878)   Pre Evacuate Collection Set: 0.39ms
[3674.999s][info][gc,phases      ] GC(878)   Merge Heap Roots: 0.46ms
[3674.999s][info][gc,phases      ] GC(878)   Evacuate Collection Set: 115.07ms
[3674.999s][info][gc,phases      ] GC(878)   Post Evacuate Collection Set: 0.89ms
[3674.999s][info][gc,phases      ] GC(878)   Other: 0.11ms
[3674.999s][info][gc,heap        ] GC(878) Eden regions: 1113->0(1120)
[3674.999s][info][gc,heap        ] GC(878) Survivor regions: 115->108(154)
[3674.999s][info][gc,heap        ] GC(878) Old regions: 475->508
[3674.999s][info][gc,heap        ] GC(878) Humongous regions: 80->80
[3674.999s][info][gc,metaspace   ] GC(878) Metaspace: 28920K(29312K)->28920K(29312K) NonClass: 24052K(24256K)->24052K(24256K) Class: 4868K(5056K)->4868K(5056K)
[3674.999s][info][gc             ] GC(878) Pause Young (Concurrent Start) (G1 Evacuation Pause) 3563M->1390M(4096M) 117.090ms
[3674.999s][info][gc             ] GC(879) Concurrent Mark Cycle
[3674.999s][info][gc,marking     ] GC(879) Concurrent Scan Root Regions
[3674.999s][info][gc,cpu         ] GC(878) User=0.70s Sys=0.00s Real=0.11s
[3675.178s][info][gc,marking     ] GC(879) Concurrent Scan Root Regions 178.716ms
[3675.178s][info][gc,marking     ] GC(879) Concurrent Mark
[3675.178s][info][gc,marking     ] GC(879) Concurrent Mark From Roots
[3675.178s][info][gc,task        ] GC(879) Using 2 workers of 2 for marking
.[3676.163s][info][gc,marking     ] GC(879) Concurrent Mark From Roots 985.310ms
[3676.163s][info][gc,marking     ] GC(879) Concurrent Preclean
[3676.163s][info][gc,marking     ] GC(879) Concurrent Preclean 0.148ms
[3676.164s][info][gc,start       ] GC(879) Pause Remark
[3676.169s][info][gc             ] GC(879) Pause Remark 2329M->2329M(4096M) 5.306ms
[3676.169s][info][gc,cpu         ] GC(879) User=0.03s Sys=0.00s Real=0.00s
[3676.169s][info][gc,marking     ] GC(879) Concurrent Mark 991.468ms
[3676.169s][info][gc,marking     ] GC(879) Concurrent Rebuild Remembered Sets and Scrub Regions
[3676.530s][info][gc,marking     ] GC(879) Concurrent Rebuild Remembered Sets and Scrub Regions 360.470ms
[3676.530s][info][gc,start       ] GC(879) Pause Cleanup
[3676.530s][info][gc             ] GC(879) Pause Cleanup 2610M->2610M(4096M) 0.117ms
[3676.530s][info][gc,cpu         ] GC(879) User=0.00s Sys=0.00s Real=0.00s
[3676.530s][info][gc,marking     ] GC(879) Concurrent Clear Claimed Marks
[3676.530s][info][gc,marking     ] GC(879) Concurrent Clear Claimed Marks 0.034ms
[3676.530s][info][gc,marking     ] GC(879) Concurrent Cleanup for Next Mark
[3676.535s][info][gc,marking     ] GC(879) Concurrent Cleanup for Next Mark 5.047ms
[3676.535s][info][gc             ] GC(879) Concurrent Mark Cycle 1536.254ms
..[3677.793s][info][gc,start       ] GC(880) Pause Young (Prepare Mixed) (G1 Evacuation Pause)
[3677.793s][info][gc,task        ] GC(880) Using 6 workers of 6 for evacuation
[3677.909s][info][gc,phases      ] GC(880)   Pre Evacuate Collection Set: 0.35ms
[3677.909s][info][gc,phases      ] GC(880)   Merge Heap Roots: 0.56ms
[3677.909s][info][gc,phases      ] GC(880)   Evacuate Collection Set: 114.76ms
[3677.909s][info][gc,phases      ] GC(880)   Post Evacuate Collection Set: 0.94ms
[3677.909s][info][gc,phases      ] GC(880)   Other: 0.09ms
[3677.909s][info][gc,heap        ] GC(880) Eden regions: 1120->0(1108)
[3677.909s][info][gc,heap        ] GC(880) Survivor regions: 108->109(154)
[3677.909s][info][gc,heap        ] GC(880) Old regions: 508->539
[3677.909s][info][gc,heap        ] GC(880) Humongous regions: 80->80
[3677.909s][info][gc,metaspace   ] GC(880) Metaspace: 28920K(29312K)->28920K(29312K) NonClass: 24052K(24256K)->24052K(24256K) Class: 4868K(5056K)->4868K(5056K)
[3677.909s][info][gc             ] GC(880) Pause Young (Prepare Mixed) (G1 Evacuation Pause) 3630M->1454M(4096M) 116.825ms
[3677.910s][info][gc,cpu         ] GC(880) User=0.69s Sys=0.00s Real=0.11s
..[3680.706s][info][gc,start       ] GC(881) Pause Young (Mixed) (G1 Evacuation Pause)
[3680.706s][info][gc,task        ] GC(881) Using 6 workers of 6 for evacuation
[3680.838s][info][gc,phases      ] GC(881)   Pre Evacuate Collection Set: 0.38ms
[3680.838s][info][gc,phases      ] GC(881)   Merge Heap Roots: 0.64ms
[3680.838s][info][gc,phases      ] GC(881)   Evacuate Collection Set: 130.22ms
[3680.838s][info][gc,phases      ] GC(881)   Post Evacuate Collection Set: 0.94ms
[3680.838s][info][gc,phases      ] GC(881)   Other: 0.09ms
[3680.838s][info][gc,heap        ] GC(881) Eden regions: 1108->0(1119)
[3680.838s][info][gc,heap        ] GC(881) Survivor regions: 109->109(153)
[3680.838s][info][gc,heap        ] GC(881) Old regions: 539->473
[3680.838s][info][gc,heap        ] GC(881) Humongous regions: 80->80
[3680.838s][info][gc,metaspace   ] GC(881) Metaspace: 28920K(29312K)->28920K(29312K) NonClass: 24052K(24256K)->24052K(24256K) Class: 4868K(5056K)->4868K(5056K)
[3680.838s][info][gc             ] GC(881) Pause Young (Mixed) (G1 Evacuation Pause) 3670M->1323M(4096M) 132.413ms
[3680.838s][info][gc,cpu         ] GC(881) User=0.79s Sys=0.00s Real=0.13s
...[3683.541s][info][gc,start       ] GC(882) Pause Young (Concurrent Start) (G1 Evacuation Pause)
[3683.541s][info][gc,task        ] GC(882) Using 6 workers of 6 for evacuation
[3683.657s][info][gc,phases      ] GC(882)   Pre Evacuate Collection Set: 0.40ms
[3683.657s][info][gc,phases      ] GC(882)   Merge Heap Roots: 0.45ms
[3683.657s][info][gc,phases      ] GC(882)   Evacuate Collection Set: 114.59ms
[3683.657s][info][gc,phases      ] GC(882)   Post Evacuate Collection Set: 0.94ms
[3683.657s][info][gc,phases      ] GC(882)   Other: 0.09ms
[3683.657s][info][gc,heap        ] GC(882) Eden regions: 1119->0(1120)
[3683.657s][info][gc,heap        ] GC(882) Survivor regions: 109->108(154)
[3683.657s][info][gc,heap        ] GC(882) Old regions: 473->505
[3683.657s][info][gc,heap        ] GC(882) Humongous regions: 80->80
[3683.657s][info][gc,metaspace   ] GC(882) Metaspace: 28920K(29312K)->28920K(29312K) NonClass: 24052K(24256K)->24052K(24256K) Class: 4868K(5056K)->4868K(5056K)
[3683.657s][info][gc             ] GC(882) Pause Young (Concurrent Start) (G1 Evacuation Pause) 3561M->1385M(4096M) 116.602ms
[3683.657s][info][gc             ] GC(883) Concurrent Mark Cycle
[3683.657s][info][gc,marking     ] GC(883) Concurrent Scan Root Regions
[3683.658s][info][gc,cpu         ] GC(882) User=0.69s Sys=0.00s Real=0.12s
[3683.836s][info][gc,marking     ] GC(883) Concurrent Scan Root Regions 178.776ms
[3683.836s][info][gc,marking     ] GC(883) Concurrent Mark
[3683.836s][info][gc,marking     ] GC(883) Concurrent Mark From Roots
[3683.836s][info][gc,task        ] GC(883) Using 2 workers of 2 for marking
.[3684.775s][info][gc,marking     ] GC(883) Concurrent Mark From Roots 938.671ms
[3684.775s][info][gc,marking     ] GC(883) Concurrent Preclean
[3684.775s][info][gc,marking     ] GC(883) Concurrent Preclean 0.196ms
[3684.775s][info][gc,start       ] GC(883) Pause Remark
[3684.781s][info][gc             ] GC(883) Pause Remark 2319M->2319M(4096M) 5.922ms
[3684.781s][info][gc,cpu         ] GC(883) User=0.04s Sys=0.00s Real=0.00s
[3684.782s][info][gc,marking     ] GC(883) Concurrent Mark 945.188ms
[3684.782s][info][gc,marking     ] GC(883) Concurrent Rebuild Remembered Sets and Scrub Regions
.[3685.137s][info][gc,marking     ] GC(883) Concurrent Rebuild Remembered Sets and Scrub Regions 355.459ms
[3685.137s][info][gc,start       ] GC(883) Pause Cleanup
[3685.137s][info][gc             ] GC(883) Pause Cleanup 2631M->2631M(4096M) 0.101ms
[3685.137s][info][gc,cpu         ] GC(883) User=0.00s Sys=0.00s Real=0.00s
[3685.137s][info][gc,marking     ] GC(883) Concurrent Clear Claimed Marks
[3685.137s][info][gc,marking     ] GC(883) Concurrent Clear Claimed Marks 0.023ms
[3685.137s][info][gc,marking     ] GC(883) Concurrent Cleanup for Next Mark
[3685.141s][info][gc,marking     ] GC(883) Concurrent Cleanup for Next Mark 3.601ms
[3685.141s][info][gc             ] GC(883) Concurrent Mark Cycle 1483.488ms
.[3686.484s][info][gc,start       ] GC(884) Pause Young (Prepare Mixed) (G1 Evacuation Pause)
[3686.484s][info][gc,task        ] GC(884) Using 6 workers of 6 for evacuation
[3686.607s][info][gc,phases      ] GC(884)   Pre Evacuate Collection Set: 0.34ms
[3686.607s][info][gc,phases      ] GC(884)   Merge Heap Roots: 0.57ms
[3686.607s][info][gc,phases      ] GC(884)   Evacuate Collection Set: 121.62ms
[3686.607s][info][gc,phases      ] GC(884)   Post Evacuate Collection Set: 0.92ms
[3686.607s][info][gc,phases      ] GC(884)   Other: 0.08ms
[3686.607s][info][gc,heap        ] GC(884) Eden regions: 1120->0(1102)
[3686.607s][info][gc,heap        ] GC(884) Survivor regions: 108->113(154)
[3686.607s][info][gc,heap        ] GC(884) Old regions: 505->537
[3686.607s][info][gc,heap        ] GC(884) Humongous regions: 80->80
[3686.607s][info][gc,metaspace   ] GC(884) Metaspace: 28920K(29312K)->28920K(29312K) NonClass: 24052K(24256K)->24052K(24256K) Class: 4868K(5056K)->4868K(5056K)
[3686.607s][info][gc             ] GC(884) Pause Young (Prepare Mixed) (G1 Evacuation Pause) 3625M->1457M(4096M) 123.677ms
[3686.608s][info][gc,cpu         ] GC(884) User=0.74s Sys=0.00s Real=0.12s
...[3689.308s][info][gc,start       ] GC(885) Pause Young (Mixed) (G1 Evacuation Pause)
[3689.308s][info][gc,task        ] GC(885) Using 6 workers of 6 for evacuation
[3689.444s][info][gc,phases      ] GC(885)   Pre Evacuate Collection Set: 0.36ms
[3689.444s][info][gc,phases      ] GC(885)   Merge Heap Roots: 0.64ms
[3689.444s][info][gc,phases      ] GC(885)   Evacuate Collection Set: 133.39ms
[3689.444s][info][gc,phases      ] GC(885)   Post Evacuate Collection Set: 0.95ms
[3689.444s][info][gc,phases      ] GC(885)   Other: 0.09ms
[3689.444s][info][gc,heap        ] GC(885) Eden regions: 1102->0(1116)
[3689.444s][info][gc,heap        ] GC(885) Survivor regions: 113->112(152)
[3689.444s][info][gc,heap        ] GC(885) Old regions: 537->473
[3689.444s][info][gc,heap        ] GC(885) Humongous regions: 80->80
[3689.444s][info][gc,metaspace   ] GC(885) Metaspace: 28920K(29312K)->28920K(29312K) NonClass: 24052K(24256K)->24052K(24256K) Class: 4868K(5056K)->4868K(5056K)
[3689.444s][info][gc             ] GC(885) Pause Young (Mixed) (G1 Evacuation Pause) 3661M->1329M(4096M) 135.546ms
[3689.444s][info][gc,cpu         ] GC(885) User=0.80s Sys=0.00s Real=0.14s
...[3692.225s][info][gc,start       ] GC(886) Pause Young (Concurrent Start) (G1 Evacuation Pause)
[3692.225s][info][gc,task        ] GC(886) Using 6 workers of 6 for evacuation
[3692.345s][info][gc,phases      ] GC(886)   Pre Evacuate Collection Set: 0.40ms
[3692.345s][info][gc,phases      ] GC(886)   Merge Heap Roots: 0.46ms
[3692.345s][info][gc,phases      ] GC(886)   Evacuate Collection Set: 117.38ms
[3692.345s][info][gc,phases      ] GC(886)   Post Evacuate Collection Set: 0.89ms
[3692.345s][info][gc,phases      ] GC(886)   Other: 0.12ms
[3692.345s][info][gc,heap        ] GC(886) Eden regions: 1116->0(1118)
[3692.345s][info][gc,heap        ] GC(886) Survivor regions: 112->110(154)
[3692.345s][info][gc,heap        ] GC(886) Old regions: 473->505
[3692.345s][info][gc,heap        ] GC(886) Humongous regions: 80->80
[3692.345s][info][gc,metaspace   ] GC(886) Metaspace: 28920K(29312K)->28920K(29312K) NonClass: 24052K(24256K)->24052K(24256K) Class: 4868K(5056K)->4868K(5056K)
[3692.345s][info][gc             ] GC(886) Pause Young (Concurrent Start) (G1 Evacuation Pause) 3561M->1389M(4096M) 119.387ms
[3692.345s][info][gc             ] GC(887) Concurrent Mark Cycle
[3692.345s][info][gc,marking     ] GC(887) Concurrent Scan Root Regions
[3692.345s][info][gc,cpu         ] GC(886) User=0.70s Sys=0.00s Real=0.12s
[3692.562s][info][gc,marking     ] GC(887) Concurrent Scan Root Regions 217.560ms
[3692.562s][info][gc,marking     ] GC(887) Concurrent Mark
[3692.562s][info][gc,marking     ] GC(887) Concurrent Mark From Roots
[3692.562s][info][gc,task        ] GC(887) Using 2 workers of 2 for marking
.[3693.407s][info][gc,marking     ] GC(887) Concurrent Mark From Roots 844.487ms
[3693.407s][info][gc,marking     ] GC(887) Concurrent Preclean
[3693.407s][info][gc,marking     ] GC(887) Concurrent Preclean 0.198ms
[3693.407s][info][gc,start       ] GC(887) Pause Remark
[3693.412s][info][gc             ] GC(887) Pause Remark 2277M->2277M(4096M) 4.992ms
[3693.412s][info][gc,cpu         ] GC(887) User=0.03s Sys=0.00s Real=0.01s
[3693.412s][info][gc,marking     ] GC(887) Concurrent Mark 850.002ms
[3693.412s][info][gc,marking     ] GC(887) Concurrent Rebuild Remembered Sets and Scrub Regions
[3693.730s][info][gc,marking     ] GC(887) Concurrent Rebuild Remembered Sets and Scrub Regions 317.186ms
[3693.730s][info][gc,start       ] GC(887) Pause Cleanup
[3693.730s][info][gc             ] GC(887) Pause Cleanup 2561M->2561M(4096M) 0.118ms
[3693.730s][info][gc,cpu         ] GC(887) User=0.00s Sys=0.00s Real=0.00s
[3693.731s][info][gc,marking     ] GC(887) Concurrent Clear Claimed Marks
[3693.731s][info][gc,marking     ] GC(887) Concurrent Clear Claimed Marks 0.033ms
[3693.731s][info][gc,marking     ] GC(887) Concurrent Cleanup for Next Mark
[3693.737s][info][gc,marking     ] GC(887) Concurrent Cleanup for Next Mark 5.820ms
[3693.737s][info][gc             ] GC(887) Concurrent Mark Cycle 1391.910ms
..[3695.080s][info][gc,start       ] GC(888) Pause Young (Prepare Mixed) (G1 Evacuation Pause)
[3695.080s][info][gc,task        ] GC(888) Using 6 workers of 6 for evacuation
[3695.200s][info][gc,phases      ] GC(888)   Pre Evacuate Collection Set: 0.32ms
[3695.200s][info][gc,phases      ] GC(888)   Merge Heap Roots: 0.47ms
[3695.200s][info][gc,phases      ] GC(888)   Evacuate Collection Set: 117.55ms
[3695.200s][info][gc,phases      ] GC(888)   Post Evacuate Collection Set: 0.91ms
[3695.200s][info][gc,phases      ] GC(888)   Other: 0.09ms
[3695.200s][info][gc,heap        ] GC(888) Eden regions: 1118->0(1108)
[3695.200s][info][gc,heap        ] GC(888) Survivor regions: 110->110(154)
[3695.200s][info][gc,heap        ] GC(888) Old regions: 505->537
[3695.200s][info][gc,heap        ] GC(888) Humongous regions: 80->80
[3695.200s][info][gc,metaspace   ] GC(888) Metaspace: 28920K(29312K)->28920K(29312K) NonClass: 24052K(24256K)->24052K(24256K) Class: 4868K(5056K)->4868K(5056K)
[3695.200s][info][gc             ] GC(888) Pause Young (Prepare Mixed) (G1 Evacuation Pause) 3625M->1452M(4096M) 119.471ms
[3695.200s][info][gc,cpu         ] GC(888) User=0.70s Sys=0.01s Real=0.12s
..[3697.927s][info][gc,start       ] GC(889) Pause Young (Mixed) (G1 Evacuation Pause)
[3697.927s][info][gc,task        ] GC(889) Using 6 workers of 6 for evacuation
[3698.066s][info][gc,phases      ] GC(889)   Pre Evacuate Collection Set: 0.36ms
[3698.066s][info][gc,phases      ] GC(889)   Merge Heap Roots: 0.66ms
[3698.066s][info][gc,phases      ] GC(889)   Evacuate Collection Set: 136.49ms
[3698.066s][info][gc,phases      ] GC(889)   Post Evacuate Collection Set: 0.96ms
[3698.066s][info][gc,phases      ] GC(889)   Other: 0.09ms
[3698.066s][info][gc,heap        ] GC(889) Eden regions: 1108->0(1115)
[3698.066s][info][gc,heap        ] GC(889) Survivor regions: 110->113(153)
[3698.066s][info][gc,heap        ] GC(889) Old regions: 537->474
[3698.066s][info][gc,heap        ] GC(889) Humongous regions: 80->80
[3698.066s][info][gc,metaspace   ] GC(889) Metaspace: 28920K(29312K)->28920K(29312K) NonClass: 24052K(24256K)->24052K(24256K) Class: 4868K(5056K)->4868K(5056K)
[3698.066s][info][gc             ] GC(889) Pause Young (Mixed) (G1 Evacuation Pause) 3668M->1332M(4096M) 138.702ms
[3698.066s][info][gc,cpu         ] GC(889) User=0.82s Sys=0.00s Real=0.14s
...[3700.868s][info][gc,start       ] GC(890) Pause Young (Concurrent Start) (G1 Evacuation Pause)
[3700.868s][info][gc,task        ] GC(890) Using 6 workers of 6 for evacuation
[3700.987s][info][gc,phases      ] GC(890)   Pre Evacuate Collection Set: 0.36ms
[3700.987s][info][gc,phases      ] GC(890)   Merge Heap Roots: 0.46ms
[3700.987s][info][gc,phases      ] GC(890)   Evacuate Collection Set: 117.48ms
[3700.987s][info][gc,phases      ] GC(890)   Post Evacuate Collection Set: 0.88ms
[3700.987s][info][gc,phases      ] GC(890)   Other: 0.12ms
[3700.987s][info][gc,heap        ] GC(890) Eden regions: 1115->0(1118)
[3700.987s][info][gc,heap        ] GC(890) Survivor regions: 113->110(154)
[3700.987s][info][gc,heap        ] GC(890) Old regions: 474->506
[3700.987s][info][gc,heap        ] GC(890) Humongous regions: 80->80
[3700.987s][info][gc,metaspace   ] GC(890) Metaspace: 28920K(29312K)->28920K(29312K) NonClass: 24052K(24256K)->24052K(24256K) Class: 4868K(5056K)->4868K(5056K)
[3700.988s][info][gc             ] GC(890) Pause Young (Concurrent Start) (G1 Evacuation Pause) 3562M->1389M(4096M) 119.431ms
[3700.988s][info][gc             ] GC(891) Concurrent Mark Cycle
[3700.988s][info][gc,marking     ] GC(891) Concurrent Scan Root Regions
[3700.988s][info][gc,cpu         ] GC(890) User=0.70s Sys=0.00s Real=0.12s
.[3701.153s][info][gc,marking     ] GC(891) Concurrent Scan Root Regions 165.551ms
[3701.153s][info][gc,marking     ] GC(891) Concurrent Mark
[3701.153s][info][gc,marking     ] GC(891) Concurrent Mark From Roots
[3701.153s][info][gc,task        ] GC(891) Using 2 workers of 2 for marking
[3702.040s][info][gc,marking     ] GC(891) Concurrent Mark From Roots 886.934ms
[3702.040s][info][gc,marking     ] GC(891) Concurrent Preclean
[3702.040s][info][gc,marking     ] GC(891) Concurrent Preclean 0.201ms
[3702.041s][info][gc,start       ] GC(891) Pause Remark
[3702.045s][info][gc             ] GC(891) Pause Remark 2265M->2265M(4096M) 4.618ms
[3702.046s][info][gc,cpu         ] GC(891) User=0.03s Sys=0.00s Real=0.01s
[3702.046s][info][gc,marking     ] GC(891) Concurrent Mark 892.476ms
[3702.046s][info][gc,marking     ] GC(891) Concurrent Rebuild Remembered Sets and Scrub Regions
.[3702.417s][info][gc,marking     ] GC(891) Concurrent Rebuild Remembered Sets and Scrub Regions 371.328ms
[3702.417s][info][gc,start       ] GC(891) Pause Cleanup
[3702.417s][info][gc             ] GC(891) Pause Cleanup 2609M->2609M(4096M) 0.111ms
[3702.417s][info][gc,cpu         ] GC(891) User=0.00s Sys=0.00s Real=0.00s
[3702.419s][info][gc,marking     ] GC(891) Concurrent Clear Claimed Marks
[3702.419s][info][gc,marking     ] GC(891) Concurrent Clear Claimed Marks 0.042ms
[3702.419s][info][gc,marking     ] GC(891) Concurrent Cleanup for Next Mark
[3702.425s][info][gc,marking     ] GC(891) Concurrent Cleanup for Next Mark 6.151ms
[3702.425s][info][gc             ] GC(891) Concurrent Mark Cycle 1437.362ms
.[3703.720s][info][gc,start       ] GC(892) Pause Young (Prepare Mixed) (G1 Evacuation Pause)
[3703.720s][info][gc,task        ] GC(892) Using 6 workers of 6 for evacuation
[3703.840s][info][gc,phases      ] GC(892)   Pre Evacuate Collection Set: 0.33ms
[3703.840s][info][gc,phases      ] GC(892)   Merge Heap Roots: 0.52ms
[3703.840s][info][gc,phases      ] GC(892)   Evacuate Collection Set: 118.34ms
[3703.840s][info][gc,phases      ] GC(892)   Post Evacuate Collection Set: 0.93ms
[3703.840s][info][gc,phases      ] GC(892)   Other: 0.09ms
[3703.840s][info][gc,heap        ] GC(892) Eden regions: 1118->0(1108)
[3703.840s][info][gc,heap        ] GC(892) Survivor regions: 110->110(154)
[3703.840s][info][gc,heap        ] GC(892) Old regions: 506->537
[3703.840s][info][gc,heap        ] GC(892) Humongous regions: 80->80
[3703.840s][info][gc,metaspace   ] GC(892) Metaspace: 28920K(29312K)->28920K(29312K) NonClass: 24052K(24256K)->24052K(24256K) Class: 4868K(5056K)->4868K(5056K)
[3703.840s][info][gc             ] GC(892) Pause Young (Prepare Mixed) (G1 Evacuation Pause) 3625M->1453M(4096M) 120.349ms
[3703.840s][info][gc,cpu         ] GC(892) User=0.71s Sys=0.00s Real=0.12s
...[3706.605s][info][gc,start       ] GC(893) Pause Young (Mixed) (G1 Evacuation Pause)
[3706.605s][info][gc,task        ] GC(893) Using 6 workers of 6 for evacuation
[3706.736s][info][gc,phases      ] GC(893)   Pre Evacuate Collection Set: 0.39ms
[3706.736s][info][gc,phases      ] GC(893)   Merge Heap Roots: 0.61ms
[3706.736s][info][gc,phases      ] GC(893)   Evacuate Collection Set: 129.63ms
[3706.736s][info][gc,phases      ] GC(893)   Post Evacuate Collection Set: 0.96ms
[3706.736s][info][gc,phases      ] GC(893)   Other: 0.09ms
[3706.736s][info][gc,heap        ] GC(893) Eden regions: 1108->0(1120)
[3706.736s][info][gc,heap        ] GC(893) Survivor regions: 110->108(153)
[3706.736s][info][gc,heap        ] GC(893) Old regions: 537->472
[3706.736s][info][gc,heap        ] GC(893) Humongous regions: 80->80
[3706.736s][info][gc,metaspace   ] GC(893) Metaspace: 28920K(29312K)->28920K(29312K) NonClass: 24052K(24256K)->24052K(24256K) Class: 4868K(5056K)->4868K(5056K)
[3706.736s][info][gc             ] GC(893) Pause Young (Mixed) (G1 Evacuation Pause) 3669M->1319M(4096M) 131.793ms
[3706.736s][info][gc,cpu         ] GC(893) User=0.78s Sys=0.00s Real=0.13s
...[3709.492s][info][gc,start       ] GC(894) Pause Young (Concurrent Start) (G1 Evacuation Pause)
[3709.492s][info][gc,task        ] GC(894) Using 6 workers of 6 for evacuation
[3709.607s][info][gc,phases      ] GC(894)   Pre Evacuate Collection Set: 0.37ms
[3709.607s][info][gc,phases      ] GC(894)   Merge Heap Roots: 0.44ms
[3709.607s][info][gc,phases      ] GC(894)   Evacuate Collection Set: 113.24ms
[3709.607s][info][gc,phases      ] GC(894)   Post Evacuate Collection Set: 0.92ms
[3709.607s][info][gc,phases      ] GC(894)   Other: 0.11ms
[3709.607s][info][gc,heap        ] GC(894) Eden regions: 1120->0(1119)
[3709.607s][info][gc,heap        ] GC(894) Survivor regions: 108->109(154)
[3709.607s][info][gc,heap        ] GC(894) Old regions: 472->503
[3709.607s][info][gc,heap        ] GC(894) Humongous regions: 80->80
[3709.607s][info][gc,metaspace   ] GC(894) Metaspace: 28920K(29312K)->28920K(29312K) NonClass: 24052K(24256K)->24052K(24256K) Class: 4868K(5056K)->4868K(5056K)
[3709.607s][info][gc             ] GC(894) Pause Young (Concurrent Start) (G1 Evacuation Pause) 3559M->1382M(4096M) 115.214ms
[3709.607s][info][gc             ] GC(895) Concurrent Mark Cycle
[3709.607s][info][gc,marking     ] GC(895) Concurrent Scan Root Regions
[3709.607s][info][gc,cpu         ] GC(894) User=0.68s Sys=0.01s Real=0.12s
[3709.797s][info][gc,marking     ] GC(895) Concurrent Scan Root Regions 190.225ms
[3709.797s][info][gc,marking     ] GC(895) Concurrent Mark
[3709.797s][info][gc,marking     ] GC(895) Concurrent Mark From Roots
[3709.797s][info][gc,task        ] GC(895) Using 2 workers of 2 for marking
.[3710.526s][info][gc,marking     ] GC(895) Concurrent Mark From Roots 729.268ms
[3710.526s][info][gc,marking     ] GC(895) Concurrent Preclean
[3710.527s][info][gc,marking     ] GC(895) Concurrent Preclean 0.155ms
[3710.529s][info][gc,start       ] GC(895) Pause Remark
[3710.535s][info][gc             ] GC(895) Pause Remark 2184M->2184M(4096M) 5.956ms
[3710.535s][info][gc,cpu         ] GC(895) User=0.03s Sys=0.00s Real=0.01s
[3710.535s][info][gc,marking     ] GC(895) Concurrent Mark 738.228ms
[3710.535s][info][gc,marking     ] GC(895) Concurrent Rebuild Remembered Sets and Scrub Regions
[3710.784s][info][gc,marking     ] GC(895) Concurrent Rebuild Remembered Sets and Scrub Regions 248.701ms
[3710.784s][info][gc,start       ] GC(895) Pause Cleanup
[3710.784s][info][gc             ] GC(895) Pause Cleanup 2354M->2354M(4096M) 0.118ms
[3710.784s][info][gc,cpu         ] GC(895) User=0.00s Sys=0.00s Real=0.00s
[3710.785s][info][gc,marking     ] GC(895) Concurrent Clear Claimed Marks
[3710.785s][info][gc,marking     ] GC(895) Concurrent Clear Claimed Marks 0.029ms
[3710.785s][info][gc,marking     ] GC(895) Concurrent Cleanup for Next Mark
[3710.790s][info][gc,marking     ] GC(895) Concurrent Cleanup for Next Mark 5.638ms
[3710.790s][info][gc             ] GC(895) Concurrent Mark Cycle 1183.377ms
..[3712.398s][info][gc,start       ] GC(896) Pause Young (Prepare Mixed) (G1 Evacuation Pause)
[3712.398s][info][gc,task        ] GC(896) Using 6 workers of 6 for evacuation
[3712.514s][info][gc,phases      ] GC(896)   Pre Evacuate Collection Set: 0.34ms
[3712.514s][info][gc,phases      ] GC(896)   Merge Heap Roots: 0.51ms
[3712.514s][info][gc,phases      ] GC(896)   Evacuate Collection Set: 113.91ms
[3712.514s][info][gc,phases      ] GC(896)   Post Evacuate Collection Set: 0.93ms
[3712.514s][info][gc,phases      ] GC(896)   Other: 0.10ms
[3712.514s][info][gc,heap        ] GC(896) Eden regions: 1119->0(1116)
[3712.514s][info][gc,heap        ] GC(896) Survivor regions: 109->107(154)
[3712.514s][info][gc,heap        ] GC(896) Old regions: 503->535
[3712.514s][info][gc,heap        ] GC(896) Humongous regions: 80->80
[3712.514s][info][gc,metaspace   ] GC(896) Metaspace: 28920K(29312K)->28920K(29312K) NonClass: 24052K(24256K)->24052K(24256K) Class: 4868K(5056K)->4868K(5056K)
[3712.514s][info][gc             ] GC(896) Pause Young (Prepare Mixed) (G1 Evacuation Pause) 3620M->1442M(4096M) 115.931ms
[3712.514s][info][gc,cpu         ] GC(896) User=0.69s Sys=0.00s Real=0.12s
...[3715.315s][info][gc,start       ] GC(897) Pause Young (Mixed) (G1 Evacuation Pause)
[3715.315s][info][gc,task        ] GC(897) Using 6 workers of 6 for evacuation
[3715.453s][info][gc,phases      ] GC(897)   Pre Evacuate Collection Set: 0.37ms
[3715.453s][info][gc,phases      ] GC(897)   Merge Heap Roots: 0.69ms
[3715.453s][info][gc,phases      ] GC(897)   Evacuate Collection Set: 136.40ms
[3715.453s][info][gc,phases      ] GC(897)   Post Evacuate Collection Set: 0.95ms
[3715.453s][info][gc,phases      ] GC(897)   Other: 0.08ms
[3715.453s][info][gc,heap        ] GC(897) Eden regions: 1116->0(1116)
[3715.453s][info][gc,heap        ] GC(897) Survivor regions: 107->112(153)
[3715.453s][info][gc,heap        ] GC(897) Old regions: 535->471
[3715.453s][info][gc,heap        ] GC(897) Humongous regions: 80->80
[3715.453s][info][gc,metaspace   ] GC(897) Metaspace: 28920K(29312K)->28920K(29312K) NonClass: 24052K(24256K)->24052K(24256K) Class: 4868K(5056K)->4868K(5056K)
[3715.453s][info][gc             ] GC(897) Pause Young (Mixed) (G1 Evacuation Pause) 3674M->1325M(4096M) 138.627ms
[3715.453s][info][gc,cpu         ] GC(897) User=0.82s Sys=0.00s Real=0.14s
..[3718.199s][info][gc,start       ] GC(898) Pause Young (Concurrent Start) (G1 Evacuation Pause)
[3718.199s][info][gc,task        ] GC(898) Using 6 workers of 6 for evacuation
[3718.320s][info][gc,phases      ] GC(898)   Pre Evacuate Collection Set: 0.35ms
[3718.320s][info][gc,phases      ] GC(898)   Merge Heap Roots: 0.47ms
[3718.320s][info][gc,phases      ] GC(898)   Evacuate Collection Set: 119.16ms
[3718.320s][info][gc,phases      ] GC(898)   Post Evacuate Collection Set: 0.86ms
[3718.320s][info][gc,phases      ] GC(898)   Other: 0.12ms
[3718.320s][info][gc,heap        ] GC(898) Eden regions: 1116->0(1116)
[3718.320s][info][gc,heap        ] GC(898) Survivor regions: 112->112(154)
[3718.320s][info][gc,heap        ] GC(898) Old regions: 471->503
[3718.320s][info][gc,heap        ] GC(898) Humongous regions: 80->80
[3718.320s][info][gc,metaspace   ] GC(898) Metaspace: 28920K(29312K)->28920K(29312K) NonClass: 24052K(24256K)->24052K(24256K) Class: 4868K(5056K)->4868K(5056K)
[3718.320s][info][gc             ] GC(898) Pause Young (Concurrent Start) (G1 Evacuation Pause) 3557M->1389M(4096M) 121.113ms
[3718.320s][info][gc             ] GC(899) Concurrent Mark Cycle
[3718.320s][info][gc,marking     ] GC(899) Concurrent Scan Root Regions
[3718.320s][info][gc,cpu         ] GC(898) User=0.71s Sys=0.00s Real=0.12s
.[3718.503s][info][gc,marking     ] GC(899) Concurrent Scan Root Regions 182.429ms
[3718.503s][info][gc,marking     ] GC(899) Concurrent Mark
[3718.503s][info][gc,marking     ] GC(899) Concurrent Mark From Roots
[3718.503s][info][gc,task        ] GC(899) Using 2 workers of 2 for marking
.[3719.457s][info][gc,marking     ] GC(899) Concurrent Mark From Roots 953.709ms
[3719.457s][info][gc,marking     ] GC(899) Concurrent Preclean
[3719.457s][info][gc,marking     ] GC(899) Concurrent Preclean 0.186ms
[3719.458s][info][gc,start       ] GC(899) Pause Remark
[3719.464s][info][gc             ] GC(899) Pause Remark 2387M->2387M(4096M) 5.776ms
[3719.464s][info][gc,cpu         ] GC(899) User=0.03s Sys=0.00s Real=0.01s
[3719.464s][info][gc,marking     ] GC(899) Concurrent Mark 960.889ms
[3719.464s][info][gc,marking     ] GC(899) Concurrent Rebuild Remembered Sets and Scrub Regions
[3719.818s][info][gc,marking     ] GC(899) Concurrent Rebuild Remembered Sets and Scrub Regions 354.475ms
[3719.818s][info][gc,start       ] GC(899) Pause Cleanup
[3719.818s][info][gc             ] GC(899) Pause Cleanup 2674M->2674M(4096M) 0.103ms
[3719.818s][info][gc,cpu         ] GC(899) User=0.00s Sys=0.00s Real=0.00s
[3719.819s][info][gc,marking     ] GC(899) Concurrent Clear Claimed Marks
[3719.819s][info][gc,marking     ] GC(899) Concurrent Clear Claimed Marks 0.025ms
[3719.819s][info][gc,marking     ] GC(899) Concurrent Cleanup for Next Mark
[3719.824s][info][gc,marking     ] GC(899) Concurrent Cleanup for Next Mark 5.601ms
[3719.824s][info][gc             ] GC(899) Concurrent Mark Cycle 1503.941ms
.[3721.075s][info][gc,start       ] GC(900) Pause Young (Prepare Mixed) (G1 Evacuation Pause)
[3721.075s][info][gc,task        ] GC(900) Using 6 workers of 6 for evacuation
[3721.192s][info][gc,phases      ] GC(900)   Pre Evacuate Collection Set: 0.35ms
[3721.192s][info][gc,phases      ] GC(900)   Merge Heap Roots: 0.49ms
[3721.192s][info][gc,phases      ] GC(900)   Evacuate Collection Set: 115.06ms
[3721.192s][info][gc,phases      ] GC(900)   Post Evacuate Collection Set: 0.93ms
[3721.192s][info][gc,phases      ] GC(900)   Other: 0.09ms
[3721.192s][info][gc,heap        ] GC(900) Eden regions: 1116->0(1112)
[3721.192s][info][gc,heap        ] GC(900) Survivor regions: 112->109(154)
[3721.192s][info][gc,heap        ] GC(900) Old regions: 503->535
[3721.192s][info][gc,heap        ] GC(900) Humongous regions: 80->80
[3721.192s][info][gc,metaspace   ] GC(900) Metaspace: 28920K(29312K)->28920K(29312K) NonClass: 24052K(24256K)->24052K(24256K) Class: 4868K(5056K)->4868K(5056K)
[3721.192s][info][gc             ] GC(900) Pause Young (Prepare Mixed) (G1 Evacuation Pause) 3621M->1447M(4096M) 117.061ms
[3721.192s][info][gc,cpu         ] GC(900) User=0.69s Sys=0.00s Real=0.12s
...[3723.950s][info][gc,start       ] GC(901) Pause Young (Mixed) (G1 Evacuation Pause)
[3723.950s][info][gc,task        ] GC(901) Using 6 workers of 6 for evacuation
[3724.081s][info][gc,phases      ] GC(901)   Pre Evacuate Collection Set: 0.39ms
[3724.081s][info][gc,phases      ] GC(901)   Merge Heap Roots: 0.59ms
[3724.081s][info][gc,phases      ] GC(901)   Evacuate Collection Set: 128.22ms
[3724.081s][info][gc,phases      ] GC(901)   Post Evacuate Collection Set: 0.96ms
[3724.081s][info][gc,phases      ] GC(901)   Other: 0.09ms
[3724.081s][info][gc,heap        ] GC(901) Eden regions: 1112->0(1119)
[3724.081s][info][gc,heap        ] GC(901) Survivor regions: 109->109(153)
[3724.081s][info][gc,heap        ] GC(901) Old regions: 535->473
[3724.081s][info][gc,heap        ] GC(901) Humongous regions: 80->80
[3724.081s][info][gc,metaspace   ] GC(901) Metaspace: 28920K(29312K)->28920K(29312K) NonClass: 24052K(24256K)->24052K(24256K) Class: 4868K(5056K)->4868K(5056K)
[3724.081s][info][gc             ] GC(901) Pause Young (Mixed) (G1 Evacuation Pause) 3671M->1322M(4096M) 130.379ms
[3724.081s][info][gc,cpu         ] GC(901) User=0.77s Sys=0.00s Real=0.13s
...[3726.810s][info][gc,start       ] GC(902) Pause Young (Concurrent Start) (G1 Evacuation Pause)
[3726.810s][info][gc,task        ] GC(902) Using 6 workers of 6 for evacuation
[3726.926s][info][gc,phases      ] GC(902)   Pre Evacuate Collection Set: 0.38ms
[3726.926s][info][gc,phases      ] GC(902)   Merge Heap Roots: 0.44ms
[3726.926s][info][gc,phases      ] GC(902)   Evacuate Collection Set: 114.54ms
[3726.926s][info][gc,phases      ] GC(902)   Post Evacuate Collection Set: 0.90ms
[3726.926s][info][gc,phases      ] GC(902)   Other: 0.12ms
[3726.926s][info][gc,heap        ] GC(902) Eden regions: 1119->0(1119)
[3726.926s][info][gc,heap        ] GC(902) Survivor regions: 109->109(154)
[3726.926s][info][gc,heap        ] GC(902) Old regions: 473->505
[3726.926s][info][gc,heap        ] GC(902) Humongous regions: 80->80
[3726.926s][info][gc,metaspace   ] GC(902) Metaspace: 28920K(29312K)->28920K(29312K) NonClass: 24052K(24256K)->24052K(24256K) Class: 4868K(5056K)->4868K(5056K)
[3726.926s][info][gc             ] GC(902) Pause Young (Concurrent Start) (G1 Evacuation Pause) 3560M->1385M(4096M) 116.519ms
[3726.926s][info][gc             ] GC(903) Concurrent Mark Cycle
[3726.926s][info][gc,marking     ] GC(903) Concurrent Scan Root Regions
[3726.926s][info][gc,cpu         ] GC(902) User=0.69s Sys=0.00s Real=0.12s
[3727.103s][info][gc,marking     ] GC(903) Concurrent Scan Root Regions 177.004ms
[3727.103s][info][gc,marking     ] GC(903) Concurrent Mark
[3727.103s][info][gc,marking     ] GC(903) Concurrent Mark From Roots
[3727.103s][info][gc,task        ] GC(903) Using 2 workers of 2 for marking
. (rIR:aIR:PR = 6503:6512:6512) (tPR = 97212) [OK] 
  3727s: Performance info:
         Transaction,    Success,    Partial,     Failed,   Receipts, AvgBarcode, 
             Overall,     394958,          0,          0,     375209,      59.47, 
         Response times:
             Request,    Success,    Partial,     Failed,   SkipFail,     Probes,    Samples,      min,      p50,      p90,      p95,      p99,      max, 
       TotalPurchase,     375163,          0,          0,          0,     364421,     427900,      200,     5700,    35000,    62000,   117000,   304000,
     InStorePurchase,     197463,          0,          0,          0,     191038,     224291,      300,     5900,    36000,    63000,   119000,   304000,
      OnlinePurchase,     138208,          0,          0,          0,     134985,     158065,      200,     5400,    33000,    61000,   114000,   234000,
        InstPurchase,      39492,          0,          0,          0,      38398,      45544,      400,     5800,    35000,    61000,   117000,   219000,
          AssocOfCat,        394,          0,          0,          0,        297,        436,    26000,    38000,   105600,   138150,   179630,   209000,
      AssocOfProduct,       3956,          0,          0,          0,       3647,       4456,      500,     5300,    30000,    58150,   105860,   256000,
      BusinessReport,        986,          0,          0,          0,        870,       1144,    24000,    39000,    83500,   117750,   186550,   221000,
          CustBuyBeh,       3943,          0,          0,          0,       3669,       4595,      300,     6300,    38000,    64000,   115040,   201000,
       ProductReturn,      10458,          0,          0,          0,       9963,      12064,      200,     5600,    34000,    61000,   112000,   190000,

  3727s: (48%)   IR =   6642 [3728.089s][info][gc,marking     ] GC(903) Concurrent Mark From Roots 985.761ms
[3728.089s][info][gc,marking     ] GC(903) Concurrent Preclean
[3728.089s][info][gc,marking     ] GC(903) Concurrent Preclean 0.180ms
[3728.089s][info][gc,start       ] GC(903) Pause Remark
[3728.095s][info][gc             ] GC(903) Pause Remark 2315M->2315M(4096M) 5.200ms
[3728.095s][info][gc,cpu         ] GC(903) User=0.03s Sys=0.00s Real=0.01s
[3728.096s][info][gc,marking     ] GC(903) Concurrent Mark 993.104ms
[3728.096s][info][gc,marking     ] GC(903) Concurrent Rebuild Remembered Sets and Scrub Regions
.[3728.448s][info][gc,marking     ] GC(903) Concurrent Rebuild Remembered Sets and Scrub Regions 352.033ms
[3728.448s][info][gc,start       ] GC(903) Pause Cleanup
[3728.449s][info][gc             ] GC(903) Pause Cleanup 2572M->2572M(4096M) 0.108ms
[3728.449s][info][gc,cpu         ] GC(903) User=0.00s Sys=0.00s Real=0.00s
[3728.449s][info][gc,marking     ] GC(903) Concurrent Clear Claimed Marks
[3728.449s][info][gc,marking     ] GC(903) Concurrent Clear Claimed Marks 0.023ms
[3728.449s][info][gc,marking     ] GC(903) Concurrent Cleanup for Next Mark
[3728.453s][info][gc,marking     ] GC(903) Concurrent Cleanup for Next Mark 3.898ms
[3728.453s][info][gc             ] GC(903) Concurrent Mark Cycle 1526.526ms
.[3729.741s][info][gc,start       ] GC(904) Pause Young (Prepare Mixed) (G1 Evacuation Pause)
[3729.741s][info][gc,task        ] GC(904) Using 6 workers of 6 for evacuation
[3729.857s][info][gc,phases      ] GC(904)   Pre Evacuate Collection Set: 0.35ms
[3729.857s][info][gc,phases      ] GC(904)   Merge Heap Roots: 0.60ms
[3729.858s][info][gc,phases      ] GC(904)   Evacuate Collection Set: 114.63ms
[3729.858s][info][gc,phases      ] GC(904)   Post Evacuate Collection Set: 0.95ms
[3729.858s][info][gc,phases      ] GC(904)   Other: 0.09ms
[3729.858s][info][gc,heap        ] GC(904) Eden regions: 1119->0(1110)
[3729.858s][info][gc,heap        ] GC(904) Survivor regions: 109->109(154)
[3729.858s][info][gc,heap        ] GC(904) Old regions: 505->537
[3729.858s][info][gc,heap        ] GC(904) Humongous regions: 80->80
[3729.858s][info][gc,metaspace   ] GC(904) Metaspace: 28920K(29312K)->28920K(29312K) NonClass: 24052K(24256K)->24052K(24256K) Class: 4868K(5056K)->4868K(5056K)
[3729.858s][info][gc             ] GC(904) Pause Young (Prepare Mixed) (G1 Evacuation Pause) 3623M->1450M(4096M) 116.757ms
[3729.858s][info][gc,cpu         ] GC(904) User=0.69s Sys=0.00s Real=0.12s
...[3732.537s][info][gc,start       ] GC(905) Pause Young (Mixed) (G1 Evacuation Pause)
[3732.537s][info][gc,task        ] GC(905) Using 6 workers of 6 for evacuation
[3732.669s][info][gc,phases      ] GC(905)   Pre Evacuate Collection Set: 0.36ms
[3732.669s][info][gc,phases      ] GC(905)   Merge Heap Roots: 0.60ms
[3732.669s][info][gc,phases      ] GC(905)   Evacuate Collection Set: 130.20ms
[3732.669s][info][gc,phases      ] GC(905)   Post Evacuate Collection Set: 0.93ms
[3732.669s][info][gc,phases      ] GC(905)   Other: 0.11ms
[3732.669s][info][gc,heap        ] GC(905) Eden regions: 1110->0(1119)
[3732.669s][info][gc,heap        ] GC(905) Survivor regions: 109->109(153)
[3732.669s][info][gc,heap        ] GC(905) Old regions: 537->473
[3732.669s][info][gc,heap        ] GC(905) Humongous regions: 80->80
[3732.669s][info][gc,metaspace   ] GC(905) Metaspace: 28920K(29312K)->28920K(29312K) NonClass: 24052K(24256K)->24052K(24256K) Class: 4868K(5056K)->4868K(5056K)
[3732.669s][info][gc             ] GC(905) Pause Young (Mixed) (G1 Evacuation Pause) 3670M->1321M(4096M) 132.343ms
[3732.669s][info][gc,cpu         ] GC(905) User=0.79s Sys=0.01s Real=0.13s
..|[3735.343s][info][gc,start       ] GC(906) Pause Young (Concurrent Start) (G1 Evacuation Pause)
[3735.343s][info][gc,task        ] GC(906) Using 6 workers of 6 for evacuation
[3735.464s][info][gc,phases      ] GC(906)   Pre Evacuate Collection Set: 0.38ms
[3735.464s][info][gc,phases      ] GC(906)   Merge Heap Roots: 0.45ms
[3735.464s][info][gc,phases      ] GC(906)   Evacuate Collection Set: 119.09ms
[3735.464s][info][gc,phases      ] GC(906)   Post Evacuate Collection Set: 0.89ms
[3735.464s][info][gc,phases      ] GC(906)   Other: 0.10ms
[3735.464s][info][gc,heap        ] GC(906) Eden regions: 1119->0(1114)
[3735.464s][info][gc,heap        ] GC(906) Survivor regions: 109->114(154)
[3735.464s][info][gc,heap        ] GC(906) Old regions: 473->505
[3735.464s][info][gc,heap        ] GC(906) Humongous regions: 80->80
[3735.464s][info][gc,metaspace   ] GC(906) Metaspace: 28920K(29312K)->28920K(29312K) NonClass: 24052K(24256K)->24052K(24256K) Class: 4868K(5056K)->4868K(5056K)
[3735.464s][info][gc             ] GC(906) Pause Young (Concurrent Start) (G1 Evacuation Pause) 3559M->1395M(4096M) 121.042ms
[3735.464s][info][gc             ] GC(907) Concurrent Mark Cycle
[3735.464s][info][gc,marking     ] GC(907) Concurrent Scan Root Regions
[3735.464s][info][gc,cpu         ] GC(906) User=0.71s Sys=0.00s Real=0.12s
.[3735.606s][info][gc,marking     ] GC(907) Concurrent Scan Root Regions 141.922ms
[3735.606s][info][gc,marking     ] GC(907) Concurrent Mark
[3735.606s][info][gc,marking     ] GC(907) Concurrent Mark From Roots
[3735.606s][info][gc,task        ] GC(907) Using 2 workers of 2 for marking
[3736.289s][info][gc,marking     ] GC(907) Concurrent Mark From Roots 682.932ms
[3736.289s][info][gc,marking     ] GC(907) Concurrent Preclean
[3736.289s][info][gc,marking     ] GC(907) Concurrent Preclean 0.168ms
[3736.291s][info][gc,start       ] GC(907) Pause Remark
[3736.296s][info][gc             ] GC(907) Pause Remark 2047M->2047M(4096M) 4.546ms
[3736.296s][info][gc,cpu         ] GC(907) User=0.03s Sys=0.00s Real=0.01s
[3736.296s][info][gc,marking     ] GC(907) Concurrent Mark 690.071ms
[3736.296s][info][gc,marking     ] GC(907) Concurrent Rebuild Remembered Sets and Scrub Regions
.[3736.596s][info][gc,marking     ] GC(907) Concurrent Rebuild Remembered Sets and Scrub Regions 300.004ms
[3736.597s][info][gc,start       ] GC(907) Pause Cleanup
[3736.597s][info][gc             ] GC(907) Pause Cleanup 2315M->2315M(4096M) 0.120ms
[3736.597s][info][gc,cpu         ] GC(907) User=0.00s Sys=0.00s Real=0.00s
[3736.597s][info][gc,marking     ] GC(907) Concurrent Clear Claimed Marks
[3736.597s][info][gc,marking     ] GC(907) Concurrent Clear Claimed Marks 0.031ms
[3736.597s][info][gc,marking     ] GC(907) Concurrent Cleanup for Next Mark
[3736.601s][info][gc,marking     ] GC(907) Concurrent Cleanup for Next Mark 4.443ms
[3736.601s][info][gc             ] GC(907) Concurrent Mark Cycle 1137.334ms
.[3738.163s][info][gc,start       ] GC(908) Pause Young (Prepare Mixed) (G1 Evacuation Pause)
[3738.163s][info][gc,task        ] GC(908) Using 6 workers of 6 for evacuation
[3738.285s][info][gc,phases      ] GC(908)   Pre Evacuate Collection Set: 0.30ms
[3738.285s][info][gc,phases      ] GC(908)   Merge Heap Roots: 0.50ms
[3738.285s][info][gc,phases      ] GC(908)   Evacuate Collection Set: 120.30ms
[3738.286s][info][gc,phases      ] GC(908)   Post Evacuate Collection Set: 0.94ms
[3738.286s][info][gc,phases      ] GC(908)   Other: 0.10ms
[3738.286s][info][gc,heap        ] GC(908) Eden regions: 1114->0(1104)
[3738.286s][info][gc,heap        ] GC(908) Survivor regions: 114->113(154)
[3738.286s][info][gc,heap        ] GC(908) Old regions: 505->535
[3738.286s][info][gc,heap        ] GC(908) Humongous regions: 80->80
[3738.286s][info][gc,metaspace   ] GC(908) Metaspace: 28920K(29312K)->28920K(29312K) NonClass: 24052K(24256K)->24052K(24256K) Class: 4868K(5056K)->4868K(5056K)
[3738.286s][info][gc             ] GC(908) Pause Young (Prepare Mixed) (G1 Evacuation Pause) 3623M->1454M(4096M) 122.284ms
[3738.286s][info][gc,cpu         ] GC(908) User=0.72s Sys=0.00s Real=0.12s
...[3740.959s][info][gc,start       ] GC(909) Pause Young (Mixed) (G1 Evacuation Pause)
[3740.959s][info][gc,task        ] GC(909) Using 6 workers of 6 for evacuation
[3741.094s][info][gc,phases      ] GC(909)   Pre Evacuate Collection Set: 0.36ms
[3741.094s][info][gc,phases      ] GC(909)   Merge Heap Roots: 0.67ms
[3741.094s][info][gc,phases      ] GC(909)   Evacuate Collection Set: 133.36ms
[3741.094s][info][gc,phases      ] GC(909)   Post Evacuate Collection Set: 0.99ms
[3741.094s][info][gc,phases      ] GC(909)   Other: 0.09ms
[3741.094s][info][gc,heap        ] GC(909) Eden regions: 1104->0(1118)
[3741.094s][info][gc,heap        ] GC(909) Survivor regions: 113->110(153)
[3741.094s][info][gc,heap        ] GC(909) Old regions: 535->472
[3741.094s][info][gc,heap        ] GC(909) Humongous regions: 80->80
[3741.094s][info][gc,metaspace   ] GC(909) Metaspace: 28920K(29312K)->28920K(29312K) NonClass: 24052K(24256K)->24052K(24256K) Class: 4868K(5056K)->4868K(5056K)
[3741.095s][info][gc             ] GC(909) Pause Young (Mixed) (G1 Evacuation Pause) 3662M->1323M(4096M) 135.610ms
[3741.095s][info][gc,cpu         ] GC(909) User=0.80s Sys=0.00s Real=0.14s
...[3743.807s][info][gc,start       ] GC(910) Pause Young (Concurrent Start) (G1 Evacuation Pause)
[3743.807s][info][gc,task        ] GC(910) Using 6 workers of 6 for evacuation
[3743.924s][info][gc,phases      ] GC(910)   Pre Evacuate Collection Set: 0.35ms
[3743.924s][info][gc,phases      ] GC(910)   Merge Heap Roots: 0.50ms
[3743.924s][info][gc,phases      ] GC(910)   Evacuate Collection Set: 114.95ms
[3743.924s][info][gc,phases      ] GC(910)   Post Evacuate Collection Set: 0.84ms
[3743.924s][info][gc,phases      ] GC(910)   Other: 0.09ms
[3743.924s][info][gc,heap        ] GC(910) Eden regions: 1118->0(1119)
[3743.924s][info][gc,heap        ] GC(910) Survivor regions: 110->109(154)
[3743.924s][info][gc,heap        ] GC(910) Old regions: 472->504
[3743.924s][info][gc,heap        ] GC(910) Humongous regions: 80->80
[3743.924s][info][gc,metaspace   ] GC(910) Metaspace: 28920K(29312K)->28920K(29312K) NonClass: 24052K(24256K)->24052K(24256K) Class: 4868K(5056K)->4868K(5056K)
[3743.924s][info][gc             ] GC(910) Pause Young (Concurrent Start) (G1 Evacuation Pause) 3559M->1383M(4096M) 116.892ms
[3743.924s][info][gc             ] GC(911) Concurrent Mark Cycle
[3743.924s][info][gc,marking     ] GC(911) Concurrent Scan Root Regions
[3743.924s][info][gc,cpu         ] GC(910) User=0.69s Sys=0.00s Real=0.12s
[3744.064s][info][gc,marking     ] GC(911) Concurrent Scan Root Regions 139.778ms
[3744.064s][info][gc,marking     ] GC(911) Concurrent Mark
[3744.064s][info][gc,marking     ] GC(911) Concurrent Mark From Roots
[3744.064s][info][gc,task        ] GC(911) Using 2 workers of 2 for marking
.[3744.864s][info][gc,marking     ] GC(911) Concurrent Mark From Roots 800.476ms
[3744.864s][info][gc,marking     ] GC(911) Concurrent Preclean
[3744.864s][info][gc,marking     ] GC(911) Concurrent Preclean 0.153ms
[3744.865s][info][gc,start       ] GC(911) Pause Remark
[3744.869s][info][gc             ] GC(911) Pause Remark 2187M->2187M(4096M) 4.569ms
[3744.869s][info][gc,cpu         ] GC(911) User=0.02s Sys=0.00s Real=0.00s
[3744.869s][info][gc,marking     ] GC(911) Concurrent Mark 805.542ms
[3744.869s][info][gc,marking     ] GC(911) Concurrent Rebuild Remembered Sets and Scrub Regions
[3745.141s][info][gc,marking     ] GC(911) Concurrent Rebuild Remembered Sets and Scrub Regions 271.469ms
[3745.141s][info][gc,start       ] GC(911) Pause Cleanup
[3745.141s][info][gc             ] GC(911) Pause Cleanup 2385M->2385M(4096M) 0.106ms
[3745.141s][info][gc,cpu         ] GC(911) User=0.00s Sys=0.00s Real=0.00s
[3745.141s][info][gc,marking     ] GC(911) Concurrent Clear Claimed Marks
[3745.141s][info][gc,marking     ] GC(911) Concurrent Clear Claimed Marks 0.022ms
[3745.141s][info][gc,marking     ] GC(911) Concurrent Cleanup for Next Mark
[3745.145s][info][gc,marking     ] GC(911) Concurrent Cleanup for Next Mark 3.646ms
[3745.145s][info][gc             ] GC(911) Concurrent Mark Cycle 1220.911ms
..[3746.584s][info][gc,start       ] GC(912) Pause Young (Prepare Mixed) (G1 Evacuation Pause)
[3746.584s][info][gc,task        ] GC(912) Using 6 workers of 6 for evacuation
[3746.709s][info][gc,phases      ] GC(912)   Pre Evacuate Collection Set: 0.35ms
[3746.709s][info][gc,phases      ] GC(912)   Merge Heap Roots: 0.57ms
[3746.709s][info][gc,phases      ] GC(912)   Evacuate Collection Set: 122.86ms
[3746.709s][info][gc,phases      ] GC(912)   Post Evacuate Collection Set: 0.95ms
[3746.709s][info][gc,phases      ] GC(912)   Other: 0.09ms
[3746.709s][info][gc,heap        ] GC(912) Eden regions: 1119->0(1104)
[3746.709s][info][gc,heap        ] GC(912) Survivor regions: 109->113(154)
[3746.709s][info][gc,heap        ] GC(912) Old regions: 504->535
[3746.709s][info][gc,heap        ] GC(912) Humongous regions: 80->80
[3746.709s][info][gc,metaspace   ] GC(912) Metaspace: 28920K(29312K)->28920K(29312K) NonClass: 24052K(24256K)->24052K(24256K) Class: 4868K(5056K)->4868K(5056K)
[3746.709s][info][gc             ] GC(912) Pause Young (Prepare Mixed) (G1 Evacuation Pause) 3621M->1455M(4096M) 124.941ms
[3746.709s][info][gc,cpu         ] GC(912) User=0.73s Sys=0.01s Real=0.12s
..[3749.410s][info][gc,start       ] GC(913) Pause Young (Mixed) (G1 Evacuation Pause)
[3749.410s][info][gc,task        ] GC(913) Using 6 workers of 6 for evacuation
[3749.539s][info][gc,phases      ] GC(913)   Pre Evacuate Collection Set: 0.37ms
[3749.539s][info][gc,phases      ] GC(913)   Merge Heap Roots: 0.59ms
[3749.539s][info][gc,phases      ] GC(913)   Evacuate Collection Set: 126.68ms
[3749.539s][info][gc,phases      ] GC(913)   Post Evacuate Collection Set: 0.96ms
[3749.539s][info][gc,phases      ] GC(913)   Other: 0.09ms
[3749.539s][info][gc,heap        ] GC(913) Eden regions: 1104->0(1122)
[3749.539s][info][gc,heap        ] GC(913) Survivor regions: 113->106(153)
[3749.539s][info][gc,heap        ] GC(913) Old regions: 535->473
[3749.539s][info][gc,heap        ] GC(913) Humongous regions: 80->80
[3749.539s][info][gc,metaspace   ] GC(913) Metaspace: 28920K(29312K)->28920K(29312K) NonClass: 24052K(24256K)->24052K(24256K) Class: 4868K(5056K)->4868K(5056K)
[3749.539s][info][gc             ] GC(913) Pause Young (Mixed) (G1 Evacuation Pause) 3663M->1316M(4096M) 128.828ms
[3749.539s][info][gc,cpu         ] GC(913) User=0.76s Sys=0.00s Real=0.13s
...[3752.238s][info][gc,start       ] GC(914) Pause Young (Concurrent Start) (G1 Evacuation Pause)
[3752.239s][info][gc,task        ] GC(914) Using 6 workers of 6 for evacuation
[3752.355s][info][gc,phases      ] GC(914)   Pre Evacuate Collection Set: 0.41ms
[3752.355s][info][gc,phases      ] GC(914)   Merge Heap Roots: 0.43ms
[3752.355s][info][gc,phases      ] GC(914)   Evacuate Collection Set: 115.09ms
[3752.355s][info][gc,phases      ] GC(914)   Post Evacuate Collection Set: 0.90ms
[3752.355s][info][gc,phases      ] GC(914)   Other: 0.11ms
[3752.355s][info][gc,heap        ] GC(914) Eden regions: 1122->0(1118)
[3752.355s][info][gc,heap        ] GC(914) Survivor regions: 106->110(154)
[3752.355s][info][gc,heap        ] GC(914) Old regions: 473->504
[3752.356s][info][gc,heap        ] GC(914) Humongous regions: 80->80
[3752.356s][info][gc,metaspace   ] GC(914) Metaspace: 28920K(29312K)->28920K(29312K) NonClass: 24052K(24256K)->24052K(24256K) Class: 4868K(5056K)->4868K(5056K)
[3752.356s][info][gc             ] GC(914) Pause Young (Concurrent Start) (G1 Evacuation Pause) 3560M->1386M(4096M) 117.074ms
[3752.356s][info][gc             ] GC(915) Concurrent Mark Cycle
[3752.356s][info][gc,marking     ] GC(915) Concurrent Scan Root Regions
[3752.356s][info][gc,cpu         ] GC(914) User=0.69s Sys=0.00s Real=0.12s
[3752.496s][info][gc,marking     ] GC(915) Concurrent Scan Root Regions 140.692ms
[3752.496s][info][gc,marking     ] GC(915) Concurrent Mark
[3752.496s][info][gc,marking     ] GC(915) Concurrent Mark From Roots
[3752.496s][info][gc,task        ] GC(915) Using 2 workers of 2 for marking
.[3753.172s][info][gc,marking     ] GC(915) Concurrent Mark From Roots 675.860ms
[3753.172s][info][gc,marking     ] GC(915) Concurrent Preclean
[3753.172s][info][gc,marking     ] GC(915) Concurrent Preclean 0.183ms
[3753.174s][info][gc,start       ] GC(915) Pause Remark
[3753.179s][info][gc             ] GC(915) Pause Remark 2018M->2018M(4096M) 4.429ms
[3753.179s][info][gc,cpu         ] GC(915) User=0.02s Sys=0.00s Real=0.00s
[3753.179s][info][gc,marking     ] GC(915) Concurrent Mark 683.153ms
[3753.179s][info][gc,marking     ] GC(915) Concurrent Rebuild Remembered Sets and Scrub Regions
[3753.507s][info][gc,marking     ] GC(915) Concurrent Rebuild Remembered Sets and Scrub Regions 327.924ms
[3753.511s][info][gc,start       ] GC(915) Pause Cleanup
[3753.511s][info][gc             ] GC(915) Pause Cleanup 2296M->2296M(4096M) 0.152ms
[3753.511s][info][gc,cpu         ] GC(915) User=0.00s Sys=0.00s Real=0.00s
[3753.512s][info][gc,marking     ] GC(915) Concurrent Clear Claimed Marks
[3753.512s][info][gc,marking     ] GC(915) Concurrent Clear Claimed Marks 0.039ms
[3753.512s][info][gc,marking     ] GC(915) Concurrent Cleanup for Next Mark
[3753.533s][info][gc,marking     ] GC(915) Concurrent Cleanup for Next Mark 21.544ms
[3753.533s][info][gc             ] GC(915) Concurrent Mark Cycle 1177.739ms
..[3755.078s][info][gc,start       ] GC(916) Pause Young (Prepare Mixed) (G1 Evacuation Pause)
[3755.078s][info][gc,task        ] GC(916) Using 6 workers of 6 for evacuation
[3755.197s][info][gc,phases      ] GC(916)   Pre Evacuate Collection Set: 0.34ms
[3755.197s][info][gc,phases      ] GC(916)   Merge Heap Roots: 0.57ms
[3755.197s][info][gc,phases      ] GC(916)   Evacuate Collection Set: 116.29ms
[3755.197s][info][gc,phases      ] GC(916)   Post Evacuate Collection Set: 0.94ms
[3755.197s][info][gc,phases      ] GC(916)   Other: 0.09ms
[3755.197s][info][gc,heap        ] GC(916) Eden regions: 1118->0(1110)
[3755.197s][info][gc,heap        ] GC(916) Survivor regions: 110->110(154)
[3755.197s][info][gc,heap        ] GC(916) Old regions: 504->535
[3755.197s][info][gc,heap        ] GC(916) Humongous regions: 80->80
[3755.197s][info][gc,metaspace   ] GC(916) Metaspace: 28920K(29312K)->28920K(29312K) NonClass: 24052K(24256K)->24052K(24256K) Class: 4868K(5056K)->4868K(5056K)
[3755.197s][info][gc             ] GC(916) Pause Young (Prepare Mixed) (G1 Evacuation Pause) 3622M->1448M(4096M) 118.363ms
[3755.197s][info][gc,cpu         ] GC(916) User=0.70s Sys=0.00s Real=0.12s
...[3757.912s][info][gc,start       ] GC(917) Pause Young (Mixed) (G1 Evacuation Pause)
[3757.912s][info][gc,task        ] GC(917) Using 6 workers of 6 for evacuation
[3758.047s][info][gc,phases      ] GC(917)   Pre Evacuate Collection Set: 0.40ms
[3758.047s][info][gc,phases      ] GC(917)   Merge Heap Roots: 0.86ms
[3758.047s][info][gc,phases      ] GC(917)   Evacuate Collection Set: 132.91ms
[3758.047s][info][gc,phases      ] GC(917)   Post Evacuate Collection Set: 0.97ms
[3758.047s][info][gc,phases      ] GC(917)   Other: 0.09ms
[3758.047s][info][gc,heap        ] GC(917) Eden regions: 1110->0(1119)
[3758.047s][info][gc,heap        ] GC(917) Survivor regions: 110->109(153)
[3758.047s][info][gc,heap        ] GC(917) Old regions: 535->471
[3758.047s][info][gc,heap        ] GC(917) Humongous regions: 80->80
[3758.047s][info][gc,metaspace   ] GC(917) Metaspace: 28920K(29312K)->28920K(29312K) NonClass: 24052K(24256K)->24052K(24256K) Class: 4868K(5056K)->4868K(5056K)
[3758.047s][info][gc             ] GC(917) Pause Young (Mixed) (G1 Evacuation Pause) 3668M->1318M(4096M) 135.377ms
[3758.048s][info][gc,cpu         ] GC(917) User=0.80s Sys=0.00s Real=0.13s
...[3760.703s][info][gc,start       ] GC(918) Pause Young (Concurrent Start) (G1 Evacuation Pause)
[3760.703s][info][gc,task        ] GC(918) Using 6 workers of 6 for evacuation
[3760.822s][info][gc,phases      ] GC(918)   Pre Evacuate Collection Set: 0.36ms
[3760.822s][info][gc,phases      ] GC(918)   Merge Heap Roots: 0.43ms
[3760.822s][info][gc,phases      ] GC(918)   Evacuate Collection Set: 117.68ms
[3760.822s][info][gc,phases      ] GC(918)   Post Evacuate Collection Set: 0.95ms
[3760.822s][info][gc,phases      ] GC(918)   Other: 0.12ms
[3760.822s][info][gc,heap        ] GC(918) Eden regions: 1119->0(1117)
[3760.822s][info][gc,heap        ] GC(918) Survivor regions: 109->111(154)
[3760.822s][info][gc,heap        ] GC(918) Old regions: 471->503
[3760.822s][info][gc,heap        ] GC(918) Humongous regions: 80->80
[3760.822s][info][gc,metaspace   ] GC(918) Metaspace: 28920K(29312K)->28920K(29312K) NonClass: 24052K(24256K)->24052K(24256K) Class: 4868K(5056K)->4868K(5056K)
[3760.822s][info][gc             ] GC(918) Pause Young (Concurrent Start) (G1 Evacuation Pause) 3556M->1387M(4096M) 119.655ms
[3760.822s][info][gc             ] GC(919) Concurrent Mark Cycle
[3760.822s][info][gc,marking     ] GC(919) Concurrent Scan Root Regions
[3760.822s][info][gc,cpu         ] GC(918) User=0.70s Sys=0.00s Real=0.12s
[3761.009s][info][gc,marking     ] GC(919) Concurrent Scan Root Regions 186.610ms
[3761.009s][info][gc,marking     ] GC(919) Concurrent Mark
[3761.009s][info][gc,marking     ] GC(919) Concurrent Mark From Roots
[3761.009s][info][gc,task        ] GC(919) Using 2 workers of 2 for marking
.[3761.878s][info][gc,marking     ] GC(919) Concurrent Mark From Roots 868.817ms
[3761.878s][info][gc,marking     ] GC(919) Concurrent Preclean
[3761.878s][info][gc,marking     ] GC(919) Concurrent Preclean 0.159ms
[3761.878s][info][gc,start       ] GC(919) Pause Remark
[3761.883s][info][gc             ] GC(919) Pause Remark 2263M->2263M(4096M) 5.085ms
[3761.883s][info][gc,cpu         ] GC(919) User=0.03s Sys=0.00s Real=0.01s
[3761.883s][info][gc,marking     ] GC(919) Concurrent Mark 874.358ms
[3761.883s][info][gc,marking     ] GC(919) Concurrent Rebuild Remembered Sets and Scrub Regions
[3762.225s][info][gc,marking     ] GC(919) Concurrent Rebuild Remembered Sets and Scrub Regions 341.651ms
[3762.226s][info][gc,start       ] GC(919) Pause Cleanup
[3762.226s][info][gc             ] GC(919) Pause Cleanup 2542M->2542M(4096M) 0.113ms
[3762.226s][info][gc,cpu         ] GC(919) User=0.00s Sys=0.00s Real=0.00s
[3762.226s][info][gc,marking     ] GC(919) Concurrent Clear Claimed Marks
[3762.226s][info][gc,marking     ] GC(919) Concurrent Clear Claimed Marks 0.028ms
[3762.226s][info][gc,marking     ] GC(919) Concurrent Cleanup for Next Mark
[3762.231s][info][gc,marking     ] GC(919) Concurrent Cleanup for Next Mark 4.726ms
[3762.231s][info][gc             ] GC(919) Concurrent Mark Cycle 1408.799ms
.[3763.580s][info][gc,start       ] GC(920) Pause Young (Prepare Mixed) (G1 Evacuation Pause)
[3763.580s][info][gc,task        ] GC(920) Using 6 workers of 6 for evacuation
[3763.695s][info][gc,phases      ] GC(920)   Pre Evacuate Collection Set: 0.34ms
[3763.695s][info][gc,phases      ] GC(920)   Merge Heap Roots: 0.50ms
[3763.695s][info][gc,phases      ] GC(920)   Evacuate Collection Set: 113.04ms
[3763.695s][info][gc,phases      ] GC(920)   Post Evacuate Collection Set: 0.90ms
[3763.695s][info][gc,phases      ] GC(920)   Other: 0.09ms
[3763.695s][info][gc,heap        ] GC(920) Eden regions: 1117->0(1114)
[3763.695s][info][gc,heap        ] GC(920) Survivor regions: 111->108(154)
[3763.695s][info][gc,heap        ] GC(920) Old regions: 503->535
[3763.695s][info][gc,heap        ] GC(920) Humongous regions: 80->80
[3763.695s][info][gc,metaspace   ] GC(920) Metaspace: 28920K(29312K)->28920K(29312K) NonClass: 24052K(24256K)->24052K(24256K) Class: 4868K(5056K)->4868K(5056K)
[3763.695s][info][gc             ] GC(920) Pause Young (Prepare Mixed) (G1 Evacuation Pause) 3621M->1444M(4096M) 115.031ms
[3763.695s][info][gc,cpu         ] GC(920) User=0.68s Sys=0.00s Real=0.12s
...[3766.381s][info][gc,start       ] GC(921) Pause Young (Mixed) (G1 Evacuation Pause)
[3766.381s][info][gc,task        ] GC(921) Using 6 workers of 6 for evacuation
[3766.511s][info][gc,phases      ] GC(921)   Pre Evacuate Collection Set: 0.37ms
[3766.511s][info][gc,phases      ] GC(921)   Merge Heap Roots: 0.57ms
[3766.511s][info][gc,phases      ] GC(921)   Evacuate Collection Set: 127.84ms
[3766.511s][info][gc,phases      ] GC(921)   Post Evacuate Collection Set: 0.94ms
[3766.511s][info][gc,phases      ] GC(921)   Other: 0.09ms
[3766.511s][info][gc,heap        ] GC(921) Eden regions: 1114->0(1120)
[3766.511s][info][gc,heap        ] GC(921) Survivor regions: 108->108(153)
[3766.511s][info][gc,heap        ] GC(921) Old regions: 535->473
[3766.511s][info][gc,heap        ] GC(921) Humongous regions: 80->80
[3766.511s][info][gc,metaspace   ] GC(921) Metaspace: 28920K(29312K)->28920K(29312K) NonClass: 24052K(24256K)->24052K(24256K) Class: 4868K(5056K)->4868K(5056K)
[3766.511s][info][gc             ] GC(921) Pause Young (Mixed) (G1 Evacuation Pause) 3672M->1320M(4096M) 129.941ms
[3766.511s][info][gc,cpu         ] GC(921) User=0.76s Sys=0.01s Real=0.13s
...[3769.259s][info][gc,start       ] GC(922) Pause Young (Concurrent Start) (G1 Evacuation Pause)
[3769.260s][info][gc,task        ] GC(922) Using 6 workers of 6 for evacuation
[3769.379s][info][gc,phases      ] GC(922)   Pre Evacuate Collection Set: 0.38ms
[3769.379s][info][gc,phases      ] GC(922)   Merge Heap Roots: 0.46ms
[3769.379s][info][gc,phases      ] GC(922)   Evacuate Collection Set: 117.32ms
[3769.379s][info][gc,phases      ] GC(922)   Post Evacuate Collection Set: 0.86ms
[3769.379s][info][gc,phases      ] GC(922)   Other: 0.11ms
[3769.379s][info][gc,heap        ] GC(922) Eden regions: 1120->0(1117)
[3769.379s][info][gc,heap        ] GC(922) Survivor regions: 108->111(154)
[3769.379s][info][gc,heap        ] GC(922) Old regions: 473->506
[3769.379s][info][gc,heap        ] GC(922) Humongous regions: 80->80
[3769.379s][info][gc,metaspace   ] GC(922) Metaspace: 28920K(29312K)->28920K(29312K) NonClass: 24052K(24256K)->24052K(24256K) Class: 4868K(5056K)->4868K(5056K)
[3769.379s][info][gc             ] GC(922) Pause Young (Concurrent Start) (G1 Evacuation Pause) 3560M->1392M(4096M) 119.270ms
[3769.379s][info][gc             ] GC(923) Concurrent Mark Cycle
[3769.379s][info][gc,marking     ] GC(923) Concurrent Scan Root Regions
[3769.379s][info][gc,cpu         ] GC(922) User=0.70s Sys=0.00s Real=0.12s
[3769.578s][info][gc,marking     ] GC(923) Concurrent Scan Root Regions 199.051ms
[3769.578s][info][gc,marking     ] GC(923) Concurrent Mark
[3769.578s][info][gc,marking     ] GC(923) Concurrent Mark From Roots
[3769.578s][info][gc,task        ] GC(923) Using 2 workers of 2 for marking
.[3770.291s][info][gc,marking     ] GC(923) Concurrent Mark From Roots 713.368ms
[3770.291s][info][gc,marking     ] GC(923) Concurrent Preclean
[3770.291s][info][gc,marking     ] GC(923) Concurrent Preclean 0.149ms
[3770.292s][info][gc,start       ] GC(923) Pause Remark
[3770.296s][info][gc             ] GC(923) Pause Remark 2166M->2166M(4096M) 4.513ms
[3770.296s][info][gc,cpu         ] GC(923) User=0.03s Sys=0.00s Real=0.01s
[3770.296s][info][gc,marking     ] GC(923) Concurrent Mark 718.345ms
[3770.296s][info][gc,marking     ] GC(923) Concurrent Rebuild Remembered Sets and Scrub Regions
[3770.550s][info][gc,marking     ] GC(923) Concurrent Rebuild Remembered Sets and Scrub Regions 253.545ms
[3770.550s][info][gc,start       ] GC(923) Pause Cleanup
[3770.550s][info][gc             ] GC(923) Pause Cleanup 2376M->2376M(4096M) 0.111ms
[3770.550s][info][gc,cpu         ] GC(923) User=0.00s Sys=0.00s Real=0.00s
[3770.550s][info][gc,marking     ] GC(923) Concurrent Clear Claimed Marks
[3770.550s][info][gc,marking     ] GC(923) Concurrent Clear Claimed Marks 0.022ms
[3770.550s][info][gc,marking     ] GC(923) Concurrent Cleanup for Next Mark
[3770.555s][info][gc,marking     ] GC(923) Concurrent Cleanup for Next Mark 4.482ms
[3770.555s][info][gc             ] GC(923) Concurrent Mark Cycle 1175.902ms
..[3772.072s][info][gc,start       ] GC(924) Pause Young (Prepare Mixed) (G1 Evacuation Pause)
[3772.072s][info][gc,task        ] GC(924) Using 6 workers of 6 for evacuation
[3772.193s][info][gc,phases      ] GC(924)   Pre Evacuate Collection Set: 0.34ms
[3772.193s][info][gc,phases      ] GC(924)   Merge Heap Roots: 0.60ms
[3772.193s][info][gc,phases      ] GC(924)   Evacuate Collection Set: 118.92ms
[3772.193s][info][gc,phases      ] GC(924)   Post Evacuate Collection Set: 0.92ms
[3772.193s][info][gc,phases      ] GC(924)   Other: 0.09ms
[3772.193s][info][gc,heap        ] GC(924) Eden regions: 1117->0(1105)
[3772.193s][info][gc,heap        ] GC(924) Survivor regions: 111->111(154)
[3772.193s][info][gc,heap        ] GC(924) Old regions: 506->538
[3772.193s][info][gc,heap        ] GC(924) Humongous regions: 80->80
[3772.193s][info][gc,metaspace   ] GC(924) Metaspace: 28920K(29312K)->28920K(29312K) NonClass: 24052K(24256K)->24052K(24256K) Class: 4868K(5056K)->4868K(5056K)
[3772.193s][info][gc             ] GC(924) Pause Young (Prepare Mixed) (G1 Evacuation Pause) 3626M->1456M(4096M) 121.005ms
[3772.193s][info][gc,cpu         ] GC(924) User=0.71s Sys=0.00s Real=0.12s
...[3774.861s][info][gc,start       ] GC(925) Pause Young (Mixed) (G1 Evacuation Pause)
[3774.861s][info][gc,task        ] GC(925) Using 6 workers of 6 for evacuation
[3774.995s][info][gc,phases      ] GC(925)   Pre Evacuate Collection Set: 0.36ms
[3774.995s][info][gc,phases      ] GC(925)   Merge Heap Roots: 0.66ms
[3774.995s][info][gc,phases      ] GC(925)   Evacuate Collection Set: 131.90ms
[3774.995s][info][gc,phases      ] GC(925)   Post Evacuate Collection Set: 0.88ms
[3774.995s][info][gc,phases      ] GC(925)   Other: 0.09ms
[3774.995s][info][gc,heap        ] GC(925) Eden regions: 1105->0(1118)
[3774.995s][info][gc,heap        ] GC(925) Survivor regions: 111->110(152)
[3774.995s][info][gc,heap        ] GC(925) Old regions: 538->474
[3774.995s][info][gc,heap        ] GC(925) Humongous regions: 80->80
[3774.995s][info][gc,metaspace   ] GC(925) Metaspace: 28920K(29312K)->28920K(29312K) NonClass: 24052K(24256K)->24052K(24256K) Class: 4868K(5056K)->4868K(5056K)
[3774.995s][info][gc             ] GC(925) Pause Young (Mixed) (G1 Evacuation Pause) 3666M->1325M(4096M) 134.018ms
[3774.995s][info][gc,cpu         ] GC(925) User=0.80s Sys=0.00s Real=0.14s
..[3777.692s][info][gc,start       ] GC(926) Pause Young (Concurrent Start) (G1 Evacuation Pause)
[3777.692s][info][gc,task        ] GC(926) Using 6 workers of 6 for evacuation
[3777.806s][info][gc,phases      ] GC(926)   Pre Evacuate Collection Set: 0.36ms
[3777.806s][info][gc,phases      ] GC(926)   Merge Heap Roots: 0.43ms
[3777.806s][info][gc,phases      ] GC(926)   Evacuate Collection Set: 112.99ms
[3777.806s][info][gc,phases      ] GC(926)   Post Evacuate Collection Set: 0.87ms
[3777.807s][info][gc,phases      ] GC(926)   Other: 0.11ms
[3777.807s][info][gc,heap        ] GC(926) Eden regions: 1118->0(1120)
[3777.807s][info][gc,heap        ] GC(926) Survivor regions: 110->108(154)
[3777.807s][info][gc,heap        ] GC(926) Old regions: 474->505
[3777.807s][info][gc,heap        ] GC(926) Humongous regions: 80->80
[3777.807s][info][gc,metaspace   ] GC(926) Metaspace: 28920K(29312K)->28920K(29312K) NonClass: 24052K(24256K)->24052K(24256K) Class: 4868K(5056K)->4868K(5056K)
[3777.807s][info][gc             ] GC(926) Pause Young (Concurrent Start) (G1 Evacuation Pause) 3561M->1384M(4096M) 114.898ms
[3777.807s][info][gc             ] GC(927) Concurrent Mark Cycle
[3777.807s][info][gc,marking     ] GC(927) Concurrent Scan Root Regions
[3777.807s][info][gc,cpu         ] GC(926) User=0.68s Sys=0.00s Real=0.12s
.[3777.943s][info][gc,marking     ] GC(927) Concurrent Scan Root Regions 136.772ms
[3777.943s][info][gc,marking     ] GC(927) Concurrent Mark
[3777.943s][info][gc,marking     ] GC(927) Concurrent Mark From Roots
[3777.943s][info][gc,task        ] GC(927) Using 2 workers of 2 for marking
[3778.658s][info][gc,marking     ] GC(927) Concurrent Mark From Roots 715.001ms
[3778.659s][info][gc,marking     ] GC(927) Concurrent Preclean
[3778.659s][info][gc,marking     ] GC(927) Concurrent Preclean 0.164ms
[3778.659s][info][gc,start       ] GC(927) Pause Remark
[3778.664s][info][gc             ] GC(927) Pause Remark 2142M->2142M(4096M) 4.925ms
[3778.664s][info][gc,cpu         ] GC(927) User=0.02s Sys=0.00s Real=0.01s
[3778.666s][info][gc,marking     ] GC(927) Concurrent Mark 722.419ms
[3778.666s][info][gc,marking     ] GC(927) Concurrent Rebuild Remembered Sets and Scrub Regions
.[3778.912s][info][gc,marking     ] GC(927) Concurrent Rebuild Remembered Sets and Scrub Regions 245.932ms
[3778.913s][info][gc,start       ] GC(927) Pause Cleanup
[3778.913s][info][gc             ] GC(927) Pause Cleanup 2322M->2322M(4096M) 0.122ms
[3778.913s][info][gc,cpu         ] GC(927) User=0.00s Sys=0.00s Real=0.00s
[3778.913s][info][gc,marking     ] GC(927) Concurrent Clear Claimed Marks
[3778.913s][info][gc,marking     ] GC(927) Concurrent Clear Claimed Marks 0.029ms
[3778.913s][info][gc,marking     ] GC(927) Concurrent Cleanup for Next Mark
[3778.920s][info][gc,marking     ] GC(927) Concurrent Cleanup for Next Mark 7.247ms
[3778.920s][info][gc             ] GC(927) Concurrent Mark Cycle 1113.848ms
.[3780.585s][info][gc,start       ] GC(928) Pause Young (Prepare Mixed) (G1 Evacuation Pause)
[3780.585s][info][gc,task        ] GC(928) Using 6 workers of 6 for evacuation
[3780.705s][info][gc,phases      ] GC(928)   Pre Evacuate Collection Set: 0.32ms
[3780.705s][info][gc,phases      ] GC(928)   Merge Heap Roots: 0.58ms
[3780.705s][info][gc,phases      ] GC(928)   Evacuate Collection Set: 117.81ms
[3780.705s][info][gc,phases      ] GC(928)   Post Evacuate Collection Set: 0.93ms
[3780.705s][info][gc,phases      ] GC(928)   Other: 0.11ms
[3780.705s][info][gc,heap        ] GC(928) Eden regions: 1120->0(1107)
[3780.705s][info][gc,heap        ] GC(928) Survivor regions: 108->111(154)
[3780.705s][info][gc,heap        ] GC(928) Old regions: 505->536
[3780.705s][info][gc,heap        ] GC(928) Humongous regions: 80->80
[3780.705s][info][gc,metaspace   ] GC(928) Metaspace: 28920K(29312K)->28920K(29312K) NonClass: 24052K(24256K)->24052K(24256K) Class: 4868K(5056K)->4868K(5056K)
[3780.705s][info][gc             ] GC(928) Pause Young (Prepare Mixed) (G1 Evacuation Pause) 3624M->1453M(4096M) 119.874ms
[3780.705s][info][gc,cpu         ] GC(928) User=0.70s Sys=0.00s Real=0.12s
...[3783.381s][info][gc,start       ] GC(929) Pause Young (Mixed) (G1 Evacuation Pause)
[3783.381s][info][gc,task        ] GC(929) Using 6 workers of 6 for evacuation
[3783.514s][info][gc,phases      ] GC(929)   Pre Evacuate Collection Set: 0.40ms
[3783.514s][info][gc,phases      ] GC(929)   Merge Heap Roots: 0.70ms
[3783.514s][info][gc,phases      ] GC(929)   Evacuate Collection Set: 131.52ms
[3783.514s][info][gc,phases      ] GC(929)   Post Evacuate Collection Set: 1.01ms
[3783.514s][info][gc,phases      ] GC(929)   Other: 0.09ms
[3783.514s][info][gc,heap        ] GC(929) Eden regions: 1107->0(1120)
[3783.514s][info][gc,heap        ] GC(929) Survivor regions: 111->108(153)
[3783.514s][info][gc,heap        ] GC(929) Old regions: 536->473
[3783.514s][info][gc,heap        ] GC(929) Humongous regions: 80->80
[3783.514s][info][gc,metaspace   ] GC(929) Metaspace: 28920K(29312K)->28920K(29312K) NonClass: 24052K(24256K)->24052K(24256K) Class: 4868K(5056K)->4868K(5056K)
[3783.514s][info][gc             ] GC(929) Pause Young (Mixed) (G1 Evacuation Pause) 3667M->1320M(4096M) 133.846ms
[3783.514s][info][gc,cpu         ] GC(929) User=0.79s Sys=0.01s Real=0.14s
...[3786.220s][info][gc,start       ] GC(930) Pause Young (Concurrent Start) (G1 Evacuation Pause)
[3786.220s][info][gc,task        ] GC(930) Using 6 workers of 6 for evacuation
[3786.340s][info][gc,phases      ] GC(930)   Pre Evacuate Collection Set: 0.37ms
[3786.340s][info][gc,phases      ] GC(930)   Merge Heap Roots: 0.45ms
[3786.340s][info][gc,phases      ] GC(930)   Evacuate Collection Set: 117.60ms
[3786.340s][info][gc,phases      ] GC(930)   Post Evacuate Collection Set: 0.87ms
[3786.340s][info][gc,phases      ] GC(930)   Other: 0.13ms
[3786.340s][info][gc,heap        ] GC(930) Eden regions: 1120->0(1115)
[3786.340s][info][gc,heap        ] GC(930) Survivor regions: 108->113(154)
[3786.340s][info][gc,heap        ] GC(930) Old regions: 473->505
[3786.340s][info][gc,heap        ] GC(930) Humongous regions: 80->80
[3786.340s][info][gc,metaspace   ] GC(930) Metaspace: 28920K(29312K)->28920K(29312K) NonClass: 24052K(24256K)->24052K(24256K) Class: 4868K(5056K)->4868K(5056K)
[3786.340s][info][gc             ] GC(930) Pause Young (Concurrent Start) (G1 Evacuation Pause) 3560M->1393M(4096M) 119.567ms
[3786.340s][info][gc             ] GC(931) Concurrent Mark Cycle
[3786.340s][info][gc,marking     ] GC(931) Concurrent Scan Root Regions
[3786.340s][info][gc,cpu         ] GC(930) User=0.71s Sys=0.00s Real=0.12s
[3786.571s][info][gc,marking     ] GC(931) Concurrent Scan Root Regions 230.968ms
[3786.571s][info][gc,marking     ] GC(931) Concurrent Mark
[3786.571s][info][gc,marking     ] GC(931) Concurrent Mark From Roots
[3786.571s][info][gc,task        ] GC(931) Using 2 workers of 2 for marking
.[3787.331s][info][gc,marking     ] GC(931) Concurrent Mark From Roots 760.174ms
[3787.331s][info][gc,marking     ] GC(931) Concurrent Preclean
[3787.331s][info][gc,marking     ] GC(931) Concurrent Preclean 0.159ms
[3787.334s][info][gc,start       ] GC(931) Pause Remark
[3787.339s][info][gc             ] GC(931) Pause Remark 2239M->2239M(4096M) 5.577ms
[3787.339s][info][gc,cpu         ] GC(931) User=0.03s Sys=0.00s Real=0.00s
[3787.339s][info][gc,marking     ] GC(931) Concurrent Mark 768.624ms
[3787.339s][info][gc,marking     ] GC(931) Concurrent Rebuild Remembered Sets and Scrub Regions
[3787.611s][info][gc,marking     ] GC(931) Concurrent Rebuild Remembered Sets and Scrub Regions 271.505ms
[3787.612s][info][gc,start       ] GC(931) Pause Cleanup
[3787.612s][info][gc             ] GC(931) Pause Cleanup 2489M->2489M(4096M) 0.117ms
[3787.612s][info][gc,cpu         ] GC(931) User=0.00s Sys=0.00s Real=0.01s
[3787.613s][info][gc,marking     ] GC(931) Concurrent Clear Claimed Marks
[3787.613s][info][gc,marking     ] GC(931) Concurrent Clear Claimed Marks 0.031ms
[3787.613s][info][gc,marking     ] GC(931) Concurrent Cleanup for Next Mark
[3787.617s][info][gc,marking     ] GC(931) Concurrent Cleanup for Next Mark 4.521ms
[3787.617s][info][gc             ] GC(931) Concurrent Mark Cycle 1277.327ms
..[3789.031s][info][gc,start       ] GC(932) Pause Young (Prepare Mixed) (G1 Evacuation Pause)
[3789.031s][info][gc,task        ] GC(932) Using 6 workers of 6 for evacuation
[3789.149s][info][gc,phases      ] GC(932)   Pre Evacuate Collection Set: 0.30ms
[3789.149s][info][gc,phases      ] GC(932)   Merge Heap Roots: 0.54ms
[3789.149s][info][gc,phases      ] GC(932)   Evacuate Collection Set: 116.46ms
[3789.149s][info][gc,phases      ] GC(932)   Post Evacuate Collection Set: 0.87ms
[3789.149s][info][gc,phases      ] GC(932)   Other: 0.09ms
[3789.149s][info][gc,heap        ] GC(932) Eden regions: 1115->0(1109)
[3789.149s][info][gc,heap        ] GC(932) Survivor regions: 113->110(154)
[3789.149s][info][gc,heap        ] GC(932) Old regions: 505->536
[3789.149s][info][gc,heap        ] GC(932) Humongous regions: 80->80
[3789.149s][info][gc,metaspace   ] GC(932) Metaspace: 28920K(29312K)->28920K(29312K) NonClass: 24052K(24256K)->24052K(24256K) Class: 4868K(5056K)->4868K(5056K)
[3789.149s][info][gc             ] GC(932) Pause Young (Prepare Mixed) (G1 Evacuation Pause) 3623M->1450M(4096M) 118.388ms
[3789.149s][info][gc,cpu         ] GC(932) User=0.70s Sys=0.01s Real=0.12s
...[3791.860s][info][gc,start       ] GC(933) Pause Young (Mixed) (G1 Evacuation Pause)
[3791.860s][info][gc,task        ] GC(933) Using 6 workers of 6 for evacuation
[3791.995s][info][gc,phases      ] GC(933)   Pre Evacuate Collection Set: 0.40ms
[3791.995s][info][gc,phases      ] GC(933)   Merge Heap Roots: 0.77ms
[3791.995s][info][gc,phases      ] GC(933)   Evacuate Collection Set: 132.56ms
[3791.995s][info][gc,phases      ] GC(933)   Post Evacuate Collection Set: 0.98ms
[3791.995s][info][gc,phases      ] GC(933)   Other: 0.10ms
[3791.995s][info][gc,heap        ] GC(933) Eden regions: 1109->0(1120)
[3791.995s][info][gc,heap        ] GC(933) Survivor regions: 110->108(153)
[3791.995s][info][gc,heap        ] GC(933) Old regions: 536->474
[3791.995s][info][gc,heap        ] GC(933) Humongous regions: 80->80
[3791.995s][info][gc,metaspace   ] GC(933) Metaspace: 28920K(29312K)->28920K(29312K) NonClass: 24052K(24256K)->24052K(24256K) Class: 4868K(5056K)->4868K(5056K)
[3791.995s][info][gc             ] GC(933) Pause Young (Mixed) (G1 Evacuation Pause) 3668M->1323M(4096M) 134.940ms
[3791.995s][info][gc,cpu         ] GC(933) User=0.79s Sys=0.00s Real=0.14s
..[3794.718s][info][gc,start       ] GC(934) Pause Young (Concurrent Start) (G1 Evacuation Pause)
[3794.718s][info][gc,task        ] GC(934) Using 6 workers of 6 for evacuation
[3794.832s][info][gc,phases      ] GC(934)   Pre Evacuate Collection Set: 0.42ms
[3794.832s][info][gc,phases      ] GC(934)   Merge Heap Roots: 0.46ms
[3794.832s][info][gc,phases      ] GC(934)   Evacuate Collection Set: 112.44ms
[3794.832s][info][gc,phases      ] GC(934)   Post Evacuate Collection Set: 0.87ms
[3794.832s][info][gc,phases      ] GC(934)   Other: 0.14ms
[3794.832s][info][gc,heap        ] GC(934) Eden regions: 1120->0(1119)
[3794.832s][info][gc,heap        ] GC(934) Survivor regions: 108->109(154)
[3794.832s][info][gc,heap        ] GC(934) Old regions: 474->506
[3794.832s][info][gc,heap        ] GC(934) Humongous regions: 80->80
[3794.832s][info][gc,metaspace   ] GC(934) Metaspace: 28920K(29312K)->28920K(29312K) NonClass: 24052K(24256K)->24052K(24256K) Class: 4868K(5056K)->4868K(5056K)
[3794.832s][info][gc             ] GC(934) Pause Young (Concurrent Start) (G1 Evacuation Pause) 3563M->1389M(4096M) 114.457ms
[3794.833s][info][gc             ] GC(935) Concurrent Mark Cycle
[3794.833s][info][gc,marking     ] GC(935) Concurrent Scan Root Regions
[3794.833s][info][gc,cpu         ] GC(934) User=0.67s Sys=0.00s Real=0.12s
.[3795.036s][info][gc,marking     ] GC(935) Concurrent Scan Root Regions 203.690ms
[3795.036s][info][gc,marking     ] GC(935) Concurrent Mark
[3795.036s][info][gc,marking     ] GC(935) Concurrent Mark From Roots
[3795.036s][info][gc,task        ] GC(935) Using 2 workers of 2 for marking
 (rIR:aIR:PR = 6642:6627:6628) (tPR = 98590) [OK] 
  3794s: Performance info:
         Transaction,    Success,    Partial,     Failed,   Receipts, AvgBarcode, 
             Overall,     401011,          0,          0,     380994,      59.48, 
         Response times:
             Request,    Success,    Partial,     Failed,   SkipFail,     Probes,    Samples,      min,      p50,      p90,      p95,      p99,      max, 
       TotalPurchase,     381253,          0,          0,          0,     357106,     403929,      300,     5600,    25000,    50000,   105000,   245000,
     InStorePurchase,     200610,          0,          0,          0,     187580,     212110,      300,     5500,    24000,    50000,   104000,   245000,
      OnlinePurchase,     140547,          0,          0,          0,     131792,     149050,      300,     5700,    26000,    51000,   104000,   245000,
        InstPurchase,      40096,          0,          0,          0,      37734,      42769,      400,     6100,    27000,    52000,   108000,   245000,
          AssocOfCat,        400,          0,          0,          0,        330,        472,    23000,    38000,    77000,   107000,   176540,   189000,
      AssocOfProduct,       4010,          0,          0,          0,       3772,       4469,      800,     5000,    25000,    50000,   111000,   198000,
      BusinessReport,       1002,          0,          0,          0,        869,       1070,    25000,    39000,    75000,   109000,   173290,   208000,
          CustBuyBeh,       4005,          0,          0,          0,       3744,       4441,      200,     3900,    21000,    47000,   109000,   147000,
       ProductReturn,      10610,          0,          0,          0,      10101,      11770,      300,     5000,    24000,    49000,   103000,   192000,

  3794s: (49%)   IR =   6780 [3795.770s][info][gc,marking     ] GC(935) Concurrent Mark From Roots 733.669ms
[3795.770s][info][gc,marking     ] GC(935) Concurrent Preclean
[3795.770s][info][gc,marking     ] GC(935) Concurrent Preclean 0.130ms
[3795.771s][info][gc,start       ] GC(935) Pause Remark
[3795.777s][info][gc             ] GC(935) Pause Remark 2157M->2157M(4096M) 5.614ms
[3795.777s][info][gc,cpu         ] GC(935) User=0.02s Sys=0.00s Real=0.01s
[3795.777s][info][gc,marking     ] GC(935) Concurrent Mark 740.777ms
[3795.777s][info][gc,marking     ] GC(935) Concurrent Rebuild Remembered Sets and Scrub Regions
[3796.070s][info][gc,marking     ] GC(935) Concurrent Rebuild Remembered Sets and Scrub Regions 292.859ms
[3796.073s][info][gc,start       ] GC(935) Pause Cleanup
[3796.073s][info][gc             ] GC(935) Pause Cleanup 2407M->2407M(4096M) 0.135ms
[3796.073s][info][gc,cpu         ] GC(935) User=0.00s Sys=0.00s Real=0.00s
[3796.073s][info][gc,marking     ] GC(935) Concurrent Clear Claimed Marks
[3796.073s][info][gc,marking     ] GC(935) Concurrent Clear Claimed Marks 0.027ms
[3796.073s][info][gc,marking     ] GC(935) Concurrent Cleanup for Next Mark
[3796.079s][info][gc,marking     ] GC(935) Concurrent Cleanup for Next Mark 6.033ms
[3796.079s][info][gc             ] GC(935) Concurrent Mark Cycle 1246.838ms
..[3797.528s][info][gc,start       ] GC(936) Pause Young (Prepare Mixed) (G1 Evacuation Pause)
[3797.528s][info][gc,task        ] GC(936) Using 6 workers of 6 for evacuation
[3797.654s][info][gc,phases      ] GC(936)   Pre Evacuate Collection Set: 0.31ms
[3797.654s][info][gc,phases      ] GC(936)   Merge Heap Roots: 0.52ms
[3797.654s][info][gc,phases      ] GC(936)   Evacuate Collection Set: 124.43ms
[3797.654s][info][gc,phases      ] GC(936)   Post Evacuate Collection Set: 0.90ms
[3797.654s][info][gc,phases      ] GC(936)   Other: 0.09ms
[3797.654s][info][gc,heap        ] GC(936) Eden regions: 1119->0(1097)
[3797.654s][info][gc,heap        ] GC(936) Survivor regions: 109->115(154)
[3797.654s][info][gc,heap        ] GC(936) Old regions: 506->538
[3797.654s][info][gc,heap        ] GC(936) Humongous regions: 80->80
[3797.654s][info][gc,metaspace   ] GC(936) Metaspace: 28920K(29312K)->28920K(29312K) NonClass: 24052K(24256K)->24052K(24256K) Class: 4868K(5056K)->4868K(5056K)
[3797.654s][info][gc             ] GC(936) Pause Young (Prepare Mixed) (G1 Evacuation Pause) 3627M->1464M(4096M) 126.379ms
[3797.654s][info][gc,cpu         ] GC(936) User=0.74s Sys=0.00s Real=0.13s
...[3800.244s][info][gc,start       ] GC(937) Pause Young (Mixed) (G1 Evacuation Pause)
[3800.244s][info][gc,task        ] GC(937) Using 6 workers of 6 for evacuation
[3800.377s][info][gc,phases      ] GC(937)   Pre Evacuate Collection Set: 0.37ms
[3800.377s][info][gc,phases      ] GC(937)   Merge Heap Roots: 0.62ms
[3800.377s][info][gc,phases      ] GC(937)   Evacuate Collection Set: 130.62ms
[3800.377s][info][gc,phases      ] GC(937)   Post Evacuate Collection Set: 0.94ms
[3800.377s][info][gc,phases      ] GC(937)   Other: 0.09ms
[3800.377s][info][gc,heap        ] GC(937) Eden regions: 1097->0(1119)
[3800.377s][info][gc,heap        ] GC(937) Survivor regions: 115->109(152)
[3800.377s][info][gc,heap        ] GC(937) Old regions: 538->473
[3800.377s][info][gc,heap        ] GC(937) Humongous regions: 80->80
[3800.377s][info][gc,metaspace   ] GC(937) Metaspace: 28920K(29312K)->28920K(29312K) NonClass: 24052K(24256K)->24052K(24256K) Class: 4868K(5056K)->4868K(5056K)
[3800.377s][info][gc             ] GC(937) Pause Young (Mixed) (G1 Evacuation Pause) 3658M->1322M(4096M) 132.779ms
[3800.377s][info][gc,cpu         ] GC(937) User=0.78s Sys=0.00s Real=0.13s
..|[3803.072s][info][gc,start       ] GC(938) Pause Young (Concurrent Start) (G1 Evacuation Pause)
[3803.072s][info][gc,task        ] GC(938) Using 6 workers of 6 for evacuation
[3803.189s][info][gc,phases      ] GC(938)   Pre Evacuate Collection Set: 0.38ms
[3803.189s][info][gc,phases      ] GC(938)   Merge Heap Roots: 0.44ms
[3803.189s][info][gc,phases      ] GC(938)   Evacuate Collection Set: 114.95ms
[3803.189s][info][gc,phases      ] GC(938)   Post Evacuate Collection Set: 0.88ms
[3803.189s][info][gc,phases      ] GC(938)   Other: 0.12ms
[3803.189s][info][gc,heap        ] GC(938) Eden regions: 1119->0(1118)
[3803.189s][info][gc,heap        ] GC(938) Survivor regions: 109->110(154)
[3803.189s][info][gc,heap        ] GC(938) Old regions: 473->505
[3803.189s][info][gc,heap        ] GC(938) Humongous regions: 80->80
[3803.189s][info][gc,metaspace   ] GC(938) Metaspace: 28920K(29312K)->28920K(29312K) NonClass: 24052K(24256K)->24052K(24256K) Class: 4868K(5056K)->4868K(5056K)
[3803.189s][info][gc             ] GC(938) Pause Young (Concurrent Start) (G1 Evacuation Pause) 3560M->1387M(4096M) 116.915ms
[3803.189s][info][gc             ] GC(939) Concurrent Mark Cycle
[3803.189s][info][gc,marking     ] GC(939) Concurrent Scan Root Regions
[3803.189s][info][gc,cpu         ] GC(938) User=0.69s Sys=0.00s Real=0.11s
.[3803.348s][info][gc,marking     ] GC(939) Concurrent Scan Root Regions 158.717ms
[3803.348s][info][gc,marking     ] GC(939) Concurrent Mark
[3803.348s][info][gc,marking     ] GC(939) Concurrent Mark From Roots
[3803.348s][info][gc,task        ] GC(939) Using 2 workers of 2 for marking
[3804.061s][info][gc,marking     ] GC(939) Concurrent Mark From Roots 712.546ms
[3804.061s][info][gc,marking     ] GC(939) Concurrent Preclean
[3804.061s][info][gc,marking     ] GC(939) Concurrent Preclean 0.156ms
[3804.062s][info][gc,start       ] GC(939) Pause Remark
[3804.066s][info][gc             ] GC(939) Pause Remark 2107M->2107M(4096M) 4.389ms
[3804.066s][info][gc,cpu         ] GC(939) User=0.02s Sys=0.00s Real=0.01s
[3804.066s][info][gc,marking     ] GC(939) Concurrent Mark 717.958ms
[3804.066s][info][gc,marking     ] GC(939) Concurrent Rebuild Remembered Sets and Scrub Regions
.[3804.325s][info][gc,marking     ] GC(939) Concurrent Rebuild Remembered Sets and Scrub Regions 259.075ms
[3804.325s][info][gc,start       ] GC(939) Pause Cleanup
[3804.325s][info][gc             ] GC(939) Pause Cleanup 2371M->2371M(4096M) 0.119ms
[3804.325s][info][gc,cpu         ] GC(939) User=0.00s Sys=0.00s Real=0.00s
[3804.325s][info][gc,marking     ] GC(939) Concurrent Clear Claimed Marks
[3804.326s][info][gc,marking     ] GC(939) Concurrent Clear Claimed Marks 0.028ms
[3804.326s][info][gc,marking     ] GC(939) Concurrent Cleanup for Next Mark
[3804.330s][info][gc,marking     ] GC(939) Concurrent Cleanup for Next Mark 4.647ms
[3804.330s][info][gc             ] GC(939) Concurrent Mark Cycle 1140.921ms
.[3805.879s][info][gc,start       ] GC(940) Pause Young (Prepare Mixed) (G1 Evacuation Pause)
[3805.879s][info][gc,task        ] GC(940) Using 6 workers of 6 for evacuation
[3806.003s][info][gc,phases      ] GC(940)   Pre Evacuate Collection Set: 0.34ms
[3806.003s][info][gc,phases      ] GC(940)   Merge Heap Roots: 0.55ms
[3806.003s][info][gc,phases      ] GC(940)   Evacuate Collection Set: 121.49ms
[3806.003s][info][gc,phases      ] GC(940)   Post Evacuate Collection Set: 0.91ms
[3806.003s][info][gc,phases      ] GC(940)   Other: 0.09ms
[3806.003s][info][gc,heap        ] GC(940) Eden regions: 1118->0(1103)
[3806.003s][info][gc,heap        ] GC(940) Survivor regions: 110->113(154)
[3806.003s][info][gc,heap        ] GC(940) Old regions: 505->536
[3806.003s][info][gc,heap        ] GC(940) Humongous regions: 80->80
[3806.003s][info][gc,metaspace   ] GC(940) Metaspace: 28920K(29312K)->28920K(29312K) NonClass: 24052K(24256K)->24052K(24256K) Class: 4868K(5056K)->4868K(5056K)
[3806.003s][info][gc             ] GC(940) Pause Young (Prepare Mixed) (G1 Evacuation Pause) 3623M->1457M(4096M) 123.503ms
[3806.003s][info][gc,cpu         ] GC(940) User=0.73s Sys=0.00s Real=0.13s
...[3808.557s][info][gc,start       ] GC(941) Pause Young (Mixed) (G1 Evacuation Pause)
[3808.557s][info][gc,task        ] GC(941) Using 6 workers of 6 for evacuation
[3808.692s][info][gc,phases      ] GC(941)   Pre Evacuate Collection Set: 0.37ms
[3808.692s][info][gc,phases      ] GC(941)   Merge Heap Roots: 0.66ms
[3808.692s][info][gc,phases      ] GC(941)   Evacuate Collection Set: 132.09ms
[3808.692s][info][gc,phases      ] GC(941)   Post Evacuate Collection Set: 0.82ms
[3808.692s][info][gc,phases      ] GC(941)   Other: 0.09ms
[3808.692s][info][gc,heap        ] GC(941) Eden regions: 1103->0(1118)
[3808.692s][info][gc,heap        ] GC(941) Survivor regions: 113->110(152)
[3808.692s][info][gc,heap        ] GC(941) Old regions: 536->473
[3808.692s][info][gc,heap        ] GC(941) Humongous regions: 80->80
[3808.692s][info][gc,metaspace   ] GC(941) Metaspace: 28920K(29312K)->28920K(29312K) NonClass: 24052K(24256K)->24052K(24256K) Class: 4868K(5056K)->4868K(5056K)
[3808.692s][info][gc             ] GC(941) Pause Young (Mixed) (G1 Evacuation Pause) 3663M->1324M(4096M) 134.159ms
[3808.692s][info][gc,cpu         ] GC(941) User=0.79s Sys=0.00s Real=0.13s
...[3811.329s][info][gc,start       ] GC(942) Pause Young (Concurrent Start) (G1 Evacuation Pause)
[3811.329s][info][gc,task        ] GC(942) Using 6 workers of 6 for evacuation
[3811.451s][info][gc,phases      ] GC(942)   Pre Evacuate Collection Set: 0.36ms
[3811.451s][info][gc,phases      ] GC(942)   Merge Heap Roots: 0.47ms
[3811.451s][info][gc,phases      ] GC(942)   Evacuate Collection Set: 120.38ms
[3811.451s][info][gc,phases      ] GC(942)   Post Evacuate Collection Set: 0.92ms
[3811.451s][info][gc,phases      ] GC(942)   Other: 0.12ms
[3811.451s][info][gc,heap        ] GC(942) Eden regions: 1118->0(1114)
[3811.451s][info][gc,heap        ] GC(942) Survivor regions: 110->114(154)
[3811.451s][info][gc,heap        ] GC(942) Old regions: 473->506
[3811.451s][info][gc,heap        ] GC(942) Humongous regions: 80->80
[3811.451s][info][gc,metaspace   ] GC(942) Metaspace: 28920K(29312K)->28920K(29312K) NonClass: 24052K(24256K)->24052K(24256K) Class: 4868K(5056K)->4868K(5056K)
[3811.451s][info][gc             ] GC(942) Pause Young (Concurrent Start) (G1 Evacuation Pause) 3560M->1399M(4096M) 122.377ms
[3811.451s][info][gc             ] GC(943) Concurrent Mark Cycle
[3811.451s][info][gc,marking     ] GC(943) Concurrent Scan Root Regions
[3811.452s][info][gc,cpu         ] GC(942) User=0.73s Sys=0.00s Real=0.12s
[3811.597s][info][gc,marking     ] GC(943) Concurrent Scan Root Regions 145.479ms
[3811.597s][info][gc,marking     ] GC(943) Concurrent Mark
[3811.597s][info][gc,marking     ] GC(943) Concurrent Mark From Roots
[3811.597s][info][gc,task        ] GC(943) Using 2 workers of 2 for marking
.[3812.326s][info][gc,marking     ] GC(943) Concurrent Mark From Roots 729.398ms
[3812.326s][info][gc,marking     ] GC(943) Concurrent Preclean
[3812.327s][info][gc,marking     ] GC(943) Concurrent Preclean 0.160ms
[3812.327s][info][gc,start       ] GC(943) Pause Remark
[3812.332s][info][gc             ] GC(943) Pause Remark 2169M->2169M(4096M) 4.762ms
[3812.332s][info][gc,cpu         ] GC(943) User=0.02s Sys=0.00s Real=0.00s
[3812.333s][info][gc,marking     ] GC(943) Concurrent Mark 735.726ms
[3812.333s][info][gc,marking     ] GC(943) Concurrent Rebuild Remembered Sets and Scrub Regions
[3812.592s][info][gc,marking     ] GC(943) Concurrent Rebuild Remembered Sets and Scrub Regions 258.969ms
[3812.592s][info][gc,start       ] GC(943) Pause Cleanup
[3812.592s][info][gc             ] GC(943) Pause Cleanup 2391M->2391M(4096M) 0.121ms
[3812.592s][info][gc,cpu         ] GC(943) User=0.00s Sys=0.00s Real=0.00s
[3812.592s][info][gc,marking     ] GC(943) Concurrent Clear Claimed Marks
[3812.592s][info][gc,marking     ] GC(943) Concurrent Clear Claimed Marks 0.022ms
[3812.592s][info][gc,marking     ] GC(943) Concurrent Cleanup for Next Mark
[3812.597s][info][gc,marking     ] GC(943) Concurrent Cleanup for Next Mark 4.440ms
[3812.597s][info][gc             ] GC(943) Concurrent Mark Cycle 1145.139ms
.[3814.149s][info][gc,start       ] GC(944) Pause Young (Prepare Mixed) (G1 Evacuation Pause)
[3814.149s][info][gc,task        ] GC(944) Using 6 workers of 6 for evacuation
[3814.264s][info][gc,phases      ] GC(944)   Pre Evacuate Collection Set: 0.35ms
[3814.264s][info][gc,phases      ] GC(944)   Merge Heap Roots: 0.47ms
[3814.264s][info][gc,phases      ] GC(944)   Evacuate Collection Set: 113.82ms
[3814.264s][info][gc,phases      ] GC(944)   Post Evacuate Collection Set: 0.90ms
[3814.264s][info][gc,phases      ] GC(944)   Other: 0.08ms
[3814.264s][info][gc,heap        ] GC(944) Eden regions: 1114->0(1108)
[3814.264s][info][gc,heap        ] GC(944) Survivor regions: 114->110(154)
[3814.264s][info][gc,heap        ] GC(944) Old regions: 506->537
[3814.264s][info][gc,heap        ] GC(944) Humongous regions: 80->80
[3814.264s][info][gc,metaspace   ] GC(944) Metaspace: 28920K(29312K)->28920K(29312K) NonClass: 24052K(24256K)->24052K(24256K) Class: 4868K(5056K)->4868K(5056K)
[3814.264s][info][gc             ] GC(944) Pause Young (Prepare Mixed) (G1 Evacuation Pause) 3627M->1452M(4096M) 115.787ms
[3814.265s][info][gc,cpu         ] GC(944) User=0.69s Sys=0.00s Real=0.12s
...[3816.906s][info][gc,start       ] GC(945) Pause Young (Mixed) (G1 Evacuation Pause)
[3816.906s][info][gc,task        ] GC(945) Using 6 workers of 6 for evacuation
[3817.042s][info][gc,phases      ] GC(945)   Pre Evacuate Collection Set: 0.36ms
[3817.042s][info][gc,phases      ] GC(945)   Merge Heap Roots: 0.60ms
[3817.042s][info][gc,phases      ] GC(945)   Evacuate Collection Set: 133.99ms
[3817.042s][info][gc,phases      ] GC(945)   Post Evacuate Collection Set: 0.93ms
[3817.042s][info][gc,phases      ] GC(945)   Other: 0.09ms
[3817.042s][info][gc,heap        ] GC(945) Eden regions: 1108->0(1115)
[3817.042s][info][gc,heap        ] GC(945) Survivor regions: 110->113(153)
[3817.042s][info][gc,heap        ] GC(945) Old regions: 537->473
[3817.042s][info][gc,heap        ] GC(945) Humongous regions: 80->80
[3817.042s][info][gc,metaspace   ] GC(945) Metaspace: 28920K(29312K)->28920K(29312K) NonClass: 24052K(24256K)->24052K(24256K) Class: 4868K(5056K)->4868K(5056K)
[3817.042s][info][gc             ] GC(945) Pause Young (Mixed) (G1 Evacuation Pause) 3668M->1329M(4096M) 136.094ms
[3817.042s][info][gc,cpu         ] GC(945) User=0.81s Sys=0.00s Real=0.14s
...[3819.610s][info][gc,start       ] GC(946) Pause Young (Concurrent Start) (G1 Evacuation Pause)
[3819.610s][info][gc,task        ] GC(946) Using 6 workers of 6 for evacuation
[3819.730s][info][gc,phases      ] GC(946)   Pre Evacuate Collection Set: 0.39ms
[3819.730s][info][gc,phases      ] GC(946)   Merge Heap Roots: 0.47ms
[3819.730s][info][gc,phases      ] GC(946)   Evacuate Collection Set: 118.35ms
[3819.730s][info][gc,phases      ] GC(946)   Post Evacuate Collection Set: 0.91ms
[3819.730s][info][gc,phases      ] GC(946)   Other: 0.13ms
[3819.730s][info][gc,heap        ] GC(946) Eden regions: 1115->0(1117)
[3819.730s][info][gc,heap        ] GC(946) Survivor regions: 113->111(154)
[3819.730s][info][gc,heap        ] GC(946) Old regions: 473->505
[3819.730s][info][gc,heap        ] GC(946) Humongous regions: 80->80
[3819.730s][info][gc,metaspace   ] GC(946) Metaspace: 28920K(29312K)->28920K(29312K) NonClass: 24052K(24256K)->24052K(24256K) Class: 4868K(5056K)->4868K(5056K)
[3819.730s][info][gc             ] GC(946) Pause Young (Concurrent Start) (G1 Evacuation Pause) 3559M->1390M(4096M) 120.372ms
[3819.730s][info][gc             ] GC(947) Concurrent Mark Cycle
[3819.730s][info][gc,marking     ] GC(947) Concurrent Scan Root Regions
[3819.730s][info][gc,cpu         ] GC(946) User=0.71s Sys=0.00s Real=0.12s
[3819.942s][info][gc,marking     ] GC(947) Concurrent Scan Root Regions 211.642ms
[3819.942s][info][gc,marking     ] GC(947) Concurrent Mark
[3819.942s][info][gc,marking     ] GC(947) Concurrent Mark From Roots
[3819.942s][info][gc,task        ] GC(947) Using 2 workers of 2 for marking
.[3820.817s][info][gc,marking     ] GC(947) Concurrent Mark From Roots 875.114ms
[3820.817s][info][gc,marking     ] GC(947) Concurrent Preclean
[3820.817s][info][gc,marking     ] GC(947) Concurrent Preclean 0.227ms
[3820.818s][info][gc,start       ] GC(947) Pause Remark
[3820.823s][info][gc             ] GC(947) Pause Remark 2342M->2342M(4096M) 5.550ms
[3820.823s][info][gc,cpu         ] GC(947) User=0.03s Sys=0.00s Real=0.01s
[3820.823s][info][gc,marking     ] GC(947) Concurrent Mark 881.586ms
[3820.823s][info][gc,marking     ] GC(947) Concurrent Rebuild Remembered Sets and Scrub Regions
[3821.199s][info][gc,marking     ] GC(947) Concurrent Rebuild Remembered Sets and Scrub Regions 375.586ms
[3821.199s][info][gc,start       ] GC(947) Pause Cleanup
[3821.199s][info][gc             ] GC(947) Pause Cleanup 2670M->2670M(4096M) 0.110ms
[3821.199s][info][gc,cpu         ] GC(947) User=0.00s Sys=0.00s Real=0.00s
[3821.199s][info][gc,marking     ] GC(947) Concurrent Clear Claimed Marks
[3821.199s][info][gc,marking     ] GC(947) Concurrent Clear Claimed Marks 0.028ms
[3821.199s][info][gc,marking     ] GC(947) Concurrent Cleanup for Next Mark
[3821.205s][info][gc,marking     ] GC(947) Concurrent Cleanup for Next Mark 5.622ms
[3821.205s][info][gc             ] GC(947) Concurrent Mark Cycle 1475.090ms
.[3822.370s][info][gc,start       ] GC(948) Pause Young (Prepare Mixed) (G1 Evacuation Pause)
[3822.370s][info][gc,task        ] GC(948) Using 6 workers of 6 for evacuation
[3822.488s][info][gc,phases      ] GC(948)   Pre Evacuate Collection Set: 0.31ms
[3822.488s][info][gc,phases      ] GC(948)   Merge Heap Roots: 0.49ms
[3822.488s][info][gc,phases      ] GC(948)   Evacuate Collection Set: 115.73ms
[3822.488s][info][gc,phases      ] GC(948)   Post Evacuate Collection Set: 0.95ms
[3822.488s][info][gc,phases      ] GC(948)   Other: 0.09ms
[3822.488s][info][gc,heap        ] GC(948) Eden regions: 1117->0(1110)
[3822.488s][info][gc,heap        ] GC(948) Survivor regions: 111->109(154)
[3822.488s][info][gc,heap        ] GC(948) Old regions: 505->537
[3822.488s][info][gc,heap        ] GC(948) Humongous regions: 80->80
[3822.488s][info][gc,metaspace   ] GC(948) Metaspace: 28920K(29312K)->28920K(29312K) NonClass: 24052K(24256K)->24052K(24256K) Class: 4868K(5056K)->4868K(5056K)
[3822.488s][info][gc             ] GC(948) Pause Young (Prepare Mixed) (G1 Evacuation Pause) 3624M->1451M(4096M) 117.687ms
[3822.488s][info][gc,cpu         ] GC(948) User=0.70s Sys=0.01s Real=0.12s
...[3825.152s][info][gc,start       ] GC(949) Pause Young (Mixed) (G1 Evacuation Pause)
[3825.152s][info][gc,task        ] GC(949) Using 6 workers of 6 for evacuation
[3825.290s][info][gc,phases      ] GC(949)   Pre Evacuate Collection Set: 0.38ms
[3825.290s][info][gc,phases      ] GC(949)   Merge Heap Roots: 0.73ms
[3825.290s][info][gc,phases      ] GC(949)   Evacuate Collection Set: 135.69ms
[3825.290s][info][gc,phases      ] GC(949)   Post Evacuate Collection Set: 0.92ms
[3825.290s][info][gc,phases      ] GC(949)   Other: 0.09ms
[3825.290s][info][gc,heap        ] GC(949) Eden regions: 1110->0(1116)
[3825.290s][info][gc,heap        ] GC(949) Survivor regions: 109->112(153)
[3825.290s][info][gc,heap        ] GC(949) Old regions: 537->474
[3825.290s][info][gc,heap        ] GC(949) Humongous regions: 80->80
[3825.290s][info][gc,metaspace   ] GC(949) Metaspace: 28920K(29312K)->28920K(29312K) NonClass: 24052K(24256K)->24052K(24256K) Class: 4868K(5056K)->4868K(5056K)
[3825.290s][info][gc             ] GC(949) Pause Young (Mixed) (G1 Evacuation Pause) 3671M->1329M(4096M) 137.938ms
[3825.290s][info][gc,cpu         ] GC(949) User=0.82s Sys=0.00s Real=0.14s
...[3827.928s][info][gc,start       ] GC(950) Pause Young (Concurrent Start) (G1 Evacuation Pause)
[3827.928s][info][gc,task        ] GC(950) Using 6 workers of 6 for evacuation
[3828.044s][info][gc,phases      ] GC(950)   Pre Evacuate Collection Set: 0.37ms
[3828.044s][info][gc,phases      ] GC(950)   Merge Heap Roots: 0.44ms
[3828.044s][info][gc,phases      ] GC(950)   Evacuate Collection Set: 113.47ms
[3828.044s][info][gc,phases      ] GC(950)   Post Evacuate Collection Set: 0.87ms
[3828.044s][info][gc,phases      ] GC(950)   Other: 0.10ms
[3828.044s][info][gc,heap        ] GC(950) Eden regions: 1116->0(1119)
[3828.044s][info][gc,heap        ] GC(950) Survivor regions: 112->109(154)
[3828.044s][info][gc,heap        ] GC(950) Old regions: 474->505
[3828.044s][info][gc,heap        ] GC(950) Humongous regions: 80->80
[3828.044s][info][gc,metaspace   ] GC(950) Metaspace: 28920K(29312K)->28920K(29312K) NonClass: 24052K(24256K)->24052K(24256K) Class: 4868K(5056K)->4868K(5056K)
[3828.044s][info][gc             ] GC(950) Pause Young (Concurrent Start) (G1 Evacuation Pause) 3561M->1386M(4096M) 115.384ms
[3828.044s][info][gc             ] GC(951) Concurrent Mark Cycle
[3828.044s][info][gc,marking     ] GC(951) Concurrent Scan Root Regions
[3828.044s][info][gc,cpu         ] GC(950) User=0.68s Sys=0.00s Real=0.12s
[3828.221s][info][gc,marking     ] GC(951) Concurrent Scan Root Regions 177.357ms
[3828.221s][info][gc,marking     ] GC(951) Concurrent Mark
[3828.221s][info][gc,marking     ] GC(951) Concurrent Mark From Roots
[3828.221s][info][gc,task        ] GC(951) Using 2 workers of 2 for marking
.[3829.203s][info][gc,marking     ] GC(951) Concurrent Mark From Roots 982.036ms
[3829.203s][info][gc,marking     ] GC(951) Concurrent Preclean
[3829.203s][info][gc,marking     ] GC(951) Concurrent Preclean 0.156ms
[3829.204s][info][gc,start       ] GC(951) Pause Remark
[3829.210s][info][gc             ] GC(951) Pause Remark 2398M->2398M(4096M) 6.040ms
[3829.210s][info][gc,cpu         ] GC(951) User=0.03s Sys=0.00s Real=0.00s
[3829.211s][info][gc,marking     ] GC(951) Concurrent Mark 990.221ms
[3829.211s][info][gc,marking     ] GC(951) Concurrent Rebuild Remembered Sets and Scrub Regions
.[3829.566s][info][gc,marking     ] GC(951) Concurrent Rebuild Remembered Sets and Scrub Regions 354.255ms
[3829.566s][info][gc,start       ] GC(951) Pause Cleanup
[3829.566s][info][gc             ] GC(951) Pause Cleanup 2698M->2698M(4096M) 0.109ms
[3829.566s][info][gc,cpu         ] GC(951) User=0.00s Sys=0.00s Real=0.00s
[3829.566s][info][gc,marking     ] GC(951) Concurrent Clear Claimed Marks
[3829.566s][info][gc,marking     ] GC(951) Concurrent Clear Claimed Marks 0.025ms
[3829.566s][info][gc,marking     ] GC(951) Concurrent Cleanup for Next Mark
[3829.571s][info][gc,marking     ] GC(951) Concurrent Cleanup for Next Mark 5.261ms
[3829.571s][info][gc             ] GC(951) Concurrent Mark Cycle 1527.656ms
.[3830.730s][info][gc,start       ] GC(952) Pause Young (Prepare Mixed) (G1 Evacuation Pause)
[3830.730s][info][gc,task        ] GC(952) Using 6 workers of 6 for evacuation
[3830.847s][info][gc,phases      ] GC(952)   Pre Evacuate Collection Set: 0.33ms
[3830.847s][info][gc,phases      ] GC(952)   Merge Heap Roots: 0.48ms
[3830.847s][info][gc,phases      ] GC(952)   Evacuate Collection Set: 114.88ms
[3830.847s][info][gc,phases      ] GC(952)   Post Evacuate Collection Set: 0.90ms
[3830.847s][info][gc,phases      ] GC(952)   Other: 0.10ms
[3830.847s][info][gc,heap        ] GC(952) Eden regions: 1119->0(1111)
[3830.847s][info][gc,heap        ] GC(952) Survivor regions: 109->109(154)
[3830.847s][info][gc,heap        ] GC(952) Old regions: 505->536
[3830.847s][info][gc,heap        ] GC(952) Humongous regions: 80->80
[3830.847s][info][gc,metaspace   ] GC(952) Metaspace: 28920K(29312K)->28920K(29312K) NonClass: 24052K(24256K)->24052K(24256K) Class: 4868K(5056K)->4868K(5056K)
[3830.847s][info][gc             ] GC(952) Pause Young (Prepare Mixed) (G1 Evacuation Pause) 3624M->1449M(4096M) 116.814ms
[3830.847s][info][gc,cpu         ] GC(952) User=0.69s Sys=0.00s Real=0.12s
..[3833.430s][info][gc,start       ] GC(953) Pause Young (Mixed) (G1 Evacuation Pause)
[3833.430s][info][gc,task        ] GC(953) Using 6 workers of 6 for evacuation
[3833.560s][info][gc,phases      ] GC(953)   Pre Evacuate Collection Set: 0.35ms
[3833.560s][info][gc,phases      ] GC(953)   Merge Heap Roots: 0.60ms
[3833.560s][info][gc,phases      ] GC(953)   Evacuate Collection Set: 127.65ms
[3833.560s][info][gc,phases      ] GC(953)   Post Evacuate Collection Set: 0.94ms
[3833.560s][info][gc,phases      ] GC(953)   Other: 0.09ms
[3833.560s][info][gc,heap        ] GC(953) Eden regions: 1111->0(1122)
[3833.560s][info][gc,heap        ] GC(953) Survivor regions: 109->106(153)
[3833.560s][info][gc,heap        ] GC(953) Old regions: 536->473
[3833.560s][info][gc,heap        ] GC(953) Humongous regions: 80->80
[3833.560s][info][gc,metaspace   ] GC(953) Metaspace: 28920K(29312K)->28920K(29312K) NonClass: 24052K(24256K)->24052K(24256K) Class: 4868K(5056K)->4868K(5056K)
[3833.560s][info][gc             ] GC(953) Pause Young (Mixed) (G1 Evacuation Pause) 3671M->1317M(4096M) 129.775ms
[3833.560s][info][gc,cpu         ] GC(953) User=0.77s Sys=0.00s Real=0.13s
...[3836.308s][info][gc,start       ] GC(954) Pause Young (Concurrent Start) (G1 Evacuation Pause)
[3836.308s][info][gc,task        ] GC(954) Using 6 workers of 6 for evacuation
[3836.425s][info][gc,phases      ] GC(954)   Pre Evacuate Collection Set: 0.44ms
[3836.425s][info][gc,phases      ] GC(954)   Merge Heap Roots: 0.45ms
[3836.425s][info][gc,phases      ] GC(954)   Evacuate Collection Set: 115.52ms
[3836.425s][info][gc,phases      ] GC(954)   Post Evacuate Collection Set: 0.88ms
[3836.425s][info][gc,phases      ] GC(954)   Other: 0.10ms
[3836.425s][info][gc,heap        ] GC(954) Eden regions: 1122->0(1117)
[3836.425s][info][gc,heap        ] GC(954) Survivor regions: 106->111(154)
[3836.425s][info][gc,heap        ] GC(954) Old regions: 473->505
[3836.425s][info][gc,heap        ] GC(954) Humongous regions: 80->80
[3836.425s][info][gc,metaspace   ] GC(954) Metaspace: 28920K(29312K)->28920K(29312K) NonClass: 24052K(24256K)->24052K(24256K) Class: 4868K(5056K)->4868K(5056K)
[3836.425s][info][gc             ] GC(954) Pause Young (Concurrent Start) (G1 Evacuation Pause) 3561M->1389M(4096M) 117.523ms
[3836.425s][info][gc             ] GC(955) Concurrent Mark Cycle
[3836.425s][info][gc,marking     ] GC(955) Concurrent Scan Root Regions
[3836.425s][info][gc,cpu         ] GC(954) User=0.70s Sys=0.00s Real=0.12s
[3836.607s][info][gc,marking     ] GC(955) Concurrent Scan Root Regions 181.870ms
[3836.607s][info][gc,marking     ] GC(955) Concurrent Mark
[3836.607s][info][gc,marking     ] GC(955) Concurrent Mark From Roots
[3836.607s][info][gc,task        ] GC(955) Using 2 workers of 2 for marking
.[3837.539s][info][gc,marking     ] GC(955) Concurrent Mark From Roots 932.116ms
[3837.539s][info][gc,marking     ] GC(955) Concurrent Preclean
[3837.540s][info][gc,marking     ] GC(955) Concurrent Preclean 0.151ms
[3837.540s][info][gc,start       ] GC(955) Pause Remark
[3837.546s][info][gc             ] GC(955) Pause Remark 2385M->2385M(4096M) 5.248ms
[3837.546s][info][gc,cpu         ] GC(955) User=0.02s Sys=0.00s Real=0.01s
[3837.547s][info][gc,marking     ] GC(955) Concurrent Mark 939.351ms
[3837.547s][info][gc,marking     ] GC(955) Concurrent Rebuild Remembered Sets and Scrub Regions
.[3837.861s][info][gc,marking     ] GC(955) Concurrent Rebuild Remembered Sets and Scrub Regions 314.722ms
[3837.863s][info][gc,start       ] GC(955) Pause Cleanup
[3837.863s][info][gc             ] GC(955) Pause Cleanup 2655M->2655M(4096M) 0.130ms
[3837.863s][info][gc,cpu         ] GC(955) User=0.00s Sys=0.00s Real=0.00s
[3837.864s][info][gc,marking     ] GC(955) Concurrent Clear Claimed Marks
[3837.864s][info][gc,marking     ] GC(955) Concurrent Clear Claimed Marks 0.033ms
[3837.864s][info][gc,marking     ] GC(955) Concurrent Cleanup for Next Mark
[3837.869s][info][gc,marking     ] GC(955) Concurrent Cleanup for Next Mark 5.165ms
[3837.869s][info][gc             ] GC(955) Concurrent Mark Cycle 1443.704ms
.[3839.008s][info][gc,start       ] GC(956) Pause Young (Prepare Mixed) (G1 Evacuation Pause)
[3839.008s][info][gc,task        ] GC(956) Using 6 workers of 6 for evacuation
[3839.128s][info][gc,phases      ] GC(956)   Pre Evacuate Collection Set: 0.34ms
[3839.128s][info][gc,phases      ] GC(956)   Merge Heap Roots: 0.47ms
[3839.128s][info][gc,phases      ] GC(956)   Evacuate Collection Set: 117.70ms
[3839.128s][info][gc,phases      ] GC(956)   Post Evacuate Collection Set: 0.92ms
[3839.128s][info][gc,phases      ] GC(956)   Other: 0.08ms
[3839.128s][info][gc,heap        ] GC(956) Eden regions: 1117->0(1107)
[3839.128s][info][gc,heap        ] GC(956) Survivor regions: 111->111(154)
[3839.128s][info][gc,heap        ] GC(956) Old regions: 505->536
[3839.128s][info][gc,heap        ] GC(956) Humongous regions: 80->80
[3839.128s][info][gc,metaspace   ] GC(956) Metaspace: 28920K(29312K)->28920K(29312K) NonClass: 24052K(24256K)->24052K(24256K) Class: 4868K(5056K)->4868K(5056K)
[3839.128s][info][gc             ] GC(956) Pause Young (Prepare Mixed) (G1 Evacuation Pause) 3623M->1453M(4096M) 119.654ms
[3839.128s][info][gc,cpu         ] GC(956) User=0.71s Sys=0.00s Real=0.12s
...[3841.775s][info][gc,start       ] GC(957) Pause Young (Mixed) (G1 Evacuation Pause)
[3841.775s][info][gc,task        ] GC(957) Using 6 workers of 6 for evacuation
[3841.907s][info][gc,phases      ] GC(957)   Pre Evacuate Collection Set: 0.39ms
[3841.907s][info][gc,phases      ] GC(957)   Merge Heap Roots: 0.66ms
[3841.907s][info][gc,phases      ] GC(957)   Evacuate Collection Set: 129.80ms
[3841.907s][info][gc,phases      ] GC(957)   Post Evacuate Collection Set: 0.96ms
[3841.907s][info][gc,phases      ] GC(957)   Other: 0.09ms
[3841.907s][info][gc,heap        ] GC(957) Eden regions: 1107->0(1120)
[3841.907s][info][gc,heap        ] GC(957) Survivor regions: 111->108(153)
[3841.907s][info][gc,heap        ] GC(957) Old regions: 536->474
[3841.907s][info][gc,heap        ] GC(957) Humongous regions: 80->80
[3841.907s][info][gc,metaspace   ] GC(957) Metaspace: 28920K(29312K)->28920K(29312K) NonClass: 24052K(24256K)->24052K(24256K) Class: 4868K(5056K)->4868K(5056K)
[3841.907s][info][gc             ] GC(957) Pause Young (Mixed) (G1 Evacuation Pause) 3667M->1321M(4096M) 132.026ms
[3841.907s][info][gc,cpu         ] GC(957) User=0.78s Sys=0.00s Real=0.13s
..[3844.568s][info][gc,start       ] GC(958) Pause Young (Concurrent Start) (G1 Evacuation Pause)
[3844.568s][info][gc,task        ] GC(958) Using 6 workers of 6 for evacuation
[3844.682s][info][gc,phases      ] GC(958)   Pre Evacuate Collection Set: 0.39ms
[3844.682s][info][gc,phases      ] GC(958)   Merge Heap Roots: 0.47ms
[3844.682s][info][gc,phases      ] GC(958)   Evacuate Collection Set: 112.27ms
[3844.682s][info][gc,phases      ] GC(958)   Post Evacuate Collection Set: 0.89ms
[3844.682s][info][gc,phases      ] GC(958)   Other: 0.09ms
[3844.682s][info][gc,heap        ] GC(958) Eden regions: 1120->0(1120)
[3844.682s][info][gc,heap        ] GC(958) Survivor regions: 108->108(154)
[3844.682s][info][gc,heap        ] GC(958) Old regions: 474->505
[3844.682s][info][gc,heap        ] GC(958) Humongous regions: 80->80
[3844.682s][info][gc,metaspace   ] GC(958) Metaspace: 28920K(29312K)->28920K(29312K) NonClass: 24052K(24256K)->24052K(24256K) Class: 4868K(5056K)->4868K(5056K)
[3844.682s][info][gc             ] GC(958) Pause Young (Concurrent Start) (G1 Evacuation Pause) 3561M->1384M(4096M) 114.254ms
[3844.682s][info][gc             ] GC(959) Concurrent Mark Cycle
[3844.682s][info][gc,marking     ] GC(959) Concurrent Scan Root Regions
[3844.682s][info][gc,cpu         ] GC(958) User=0.68s Sys=0.00s Real=0.12s
.[3844.827s][info][gc,marking     ] GC(959) Concurrent Scan Root Regions 144.378ms
[3844.827s][info][gc,marking     ] GC(959) Concurrent Mark
[3844.827s][info][gc,marking     ] GC(959) Concurrent Mark From Roots
[3844.827s][info][gc,task        ] GC(959) Using 2 workers of 2 for marking
[3845.564s][info][gc,marking     ] GC(959) Concurrent Mark From Roots 737.346ms
[3845.564s][info][gc,marking     ] GC(959) Concurrent Preclean
[3845.564s][info][gc,marking     ] GC(959) Concurrent Preclean 0.180ms
[3845.567s][info][gc,start       ] GC(959) Pause Remark
[3845.571s][info][gc             ] GC(959) Pause Remark 2150M->2150M(4096M) 4.633ms
[3845.571s][info][gc,cpu         ] GC(959) User=0.02s Sys=0.00s Real=0.00s
[3845.571s][info][gc,marking     ] GC(959) Concurrent Mark 744.843ms
[3845.571s][info][gc,marking     ] GC(959) Concurrent Rebuild Remembered Sets and Scrub Regions
.[3845.819s][info][gc,marking     ] GC(959) Concurrent Rebuild Remembered Sets and Scrub Regions 247.566ms
[3845.819s][info][gc,start       ] GC(959) Pause Cleanup
[3845.819s][info][gc             ] GC(959) Pause Cleanup 2349M->2349M(4096M) 0.110ms
[3845.819s][info][gc,cpu         ] GC(959) User=0.00s Sys=0.00s Real=0.00s
[3845.819s][info][gc,marking     ] GC(959) Concurrent Clear Claimed Marks
[3845.819s][info][gc,marking     ] GC(959) Concurrent Clear Claimed Marks 0.024ms
[3845.819s][info][gc,marking     ] GC(959) Concurrent Cleanup for Next Mark
[3845.823s][info][gc,marking     ] GC(959) Concurrent Cleanup for Next Mark 4.115ms
[3845.824s][info][gc             ] GC(959) Concurrent Mark Cycle 1141.385ms
.[3847.361s][info][gc,start       ] GC(960) Pause Young (Prepare Mixed) (G1 Evacuation Pause)
[3847.361s][info][gc,task        ] GC(960) Using 6 workers of 6 for evacuation
[3847.475s][info][gc,phases      ] GC(960)   Pre Evacuate Collection Set: 0.36ms
[3847.475s][info][gc,phases      ] GC(960)   Merge Heap Roots: 0.48ms
[3847.475s][info][gc,phases      ] GC(960)   Evacuate Collection Set: 112.66ms
[3847.475s][info][gc,phases      ] GC(960)   Post Evacuate Collection Set: 0.93ms
[3847.475s][info][gc,phases      ] GC(960)   Other: 0.09ms
[3847.475s][info][gc,heap        ] GC(960) Eden regions: 1120->0(1114)
[3847.475s][info][gc,heap        ] GC(960) Survivor regions: 108->107(154)
[3847.475s][info][gc,heap        ] GC(960) Old regions: 505->537
[3847.475s][info][gc,heap        ] GC(960) Humongous regions: 80->80
[3847.475s][info][gc,metaspace   ] GC(960) Metaspace: 28920K(29312K)->28920K(29312K) NonClass: 24052K(24256K)->24052K(24256K) Class: 4868K(5056K)->4868K(5056K)
[3847.475s][info][gc             ] GC(960) Pause Young (Prepare Mixed) (G1 Evacuation Pause) 3624M->1446M(4096M) 114.656ms
[3847.475s][info][gc,cpu         ] GC(960) User=0.68s Sys=0.00s Real=0.12s
...[3850.131s][info][gc,start       ] GC(961) Pause Young (Mixed) (G1 Evacuation Pause)
[3850.131s][info][gc,task        ] GC(961) Using 6 workers of 6 for evacuation
[3850.266s][info][gc,phases      ] GC(961)   Pre Evacuate Collection Set: 0.35ms
[3850.266s][info][gc,phases      ] GC(961)   Merge Heap Roots: 0.64ms
[3850.266s][info][gc,phases      ] GC(961)   Evacuate Collection Set: 132.79ms
[3850.266s][info][gc,phases      ] GC(961)   Post Evacuate Collection Set: 0.93ms
[3850.266s][info][gc,phases      ] GC(961)   Other: 0.09ms
[3850.266s][info][gc,heap        ] GC(961) Eden regions: 1114->0(1115)
[3850.266s][info][gc,heap        ] GC(961) Survivor regions: 107->113(153)
[3850.266s][info][gc,heap        ] GC(961) Old regions: 537->474
[3850.266s][info][gc,heap        ] GC(961) Humongous regions: 80->80
[3850.266s][info][gc,metaspace   ] GC(961) Metaspace: 28920K(29312K)->28920K(29312K) NonClass: 24052K(24256K)->24052K(24256K) Class: 4868K(5056K)->4868K(5056K)
[3850.266s][info][gc             ] GC(961) Pause Young (Mixed) (G1 Evacuation Pause) 3674M->1331M(4096M) 134.962ms
[3850.266s][info][gc,cpu         ] GC(961) User=0.79s Sys=0.00s Real=0.14s
...[3852.891s][info][gc,start       ] GC(962) Pause Young (Concurrent Start) (G1 Evacuation Pause)
[3852.891s][info][gc,task        ] GC(962) Using 6 workers of 6 for evacuation
[3853.007s][info][gc,phases      ] GC(962)   Pre Evacuate Collection Set: 0.37ms
[3853.007s][info][gc,phases      ] GC(962)   Merge Heap Roots: 0.43ms
[3853.007s][info][gc,phases      ] GC(962)   Evacuate Collection Set: 114.44ms
[3853.007s][info][gc,phases      ] GC(962)   Post Evacuate Collection Set: 0.89ms
[3853.007s][info][gc,phases      ] GC(962)   Other: 0.11ms
[3853.007s][info][gc,heap        ] GC(962) Eden regions: 1115->0(1119)
[3853.007s][info][gc,heap        ] GC(962) Survivor regions: 113->109(154)
[3853.007s][info][gc,heap        ] GC(962) Old regions: 474->506
[3853.007s][info][gc,heap        ] GC(962) Humongous regions: 80->80
[3853.007s][info][gc,metaspace   ] GC(962) Metaspace: 28920K(29312K)->28920K(29312K) NonClass: 24052K(24256K)->24052K(24256K) Class: 4868K(5056K)->4868K(5056K)
[3853.007s][info][gc             ] GC(962) Pause Young (Concurrent Start) (G1 Evacuation Pause) 3561M->1387M(4096M) 116.363ms
[3853.007s][info][gc             ] GC(963) Concurrent Mark Cycle
[3853.007s][info][gc,marking     ] GC(963) Concurrent Scan Root Regions
[3853.007s][info][gc,cpu         ] GC(962) User=0.69s Sys=0.00s Real=0.12s
[3853.181s][info][gc,marking     ] GC(963) Concurrent Scan Root Regions 173.966ms
[3853.181s][info][gc,marking     ] GC(963) Concurrent Mark
[3853.181s][info][gc,marking     ] GC(963) Concurrent Mark From Roots
[3853.181s][info][gc,task        ] GC(963) Using 2 workers of 2 for marking
.[3853.910s][info][gc,marking     ] GC(963) Concurrent Mark From Roots 729.290ms
[3853.910s][info][gc,marking     ] GC(963) Concurrent Preclean
[3853.911s][info][gc,marking     ] GC(963) Concurrent Preclean 0.185ms
[3853.913s][info][gc,start       ] GC(963) Pause Remark
[3853.918s][info][gc             ] GC(963) Pause Remark 2191M->2191M(4096M) 5.258ms
[3853.918s][info][gc,cpu         ] GC(963) User=0.03s Sys=0.00s Real=0.00s
[3853.918s][info][gc,marking     ] GC(963) Concurrent Mark 737.193ms
[3853.918s][info][gc,marking     ] GC(963) Concurrent Rebuild Remembered Sets and Scrub Regions
[3854.212s][info][gc,marking     ] GC(963) Concurrent Rebuild Remembered Sets and Scrub Regions 293.312ms
[3854.212s][info][gc,start       ] GC(963) Pause Cleanup
[3854.212s][info][gc             ] GC(963) Pause Cleanup 2417M->2417M(4096M) 0.106ms
[3854.212s][info][gc,cpu         ] GC(963) User=0.00s Sys=0.00s Real=0.00s
[3854.212s][info][gc,marking     ] GC(963) Concurrent Clear Claimed Marks
[3854.212s][info][gc,marking     ] GC(963) Concurrent Clear Claimed Marks 0.023ms
[3854.212s][info][gc,marking     ] GC(963) Concurrent Cleanup for Next Mark
[3854.217s][info][gc,marking     ] GC(963) Concurrent Cleanup for Next Mark 5.161ms
[3854.217s][info][gc             ] GC(963) Concurrent Mark Cycle 1210.145ms
.[3855.685s][info][gc,start       ] GC(964) Pause Young (Prepare Mixed) (G1 Evacuation Pause)
[3855.685s][info][gc,task        ] GC(964) Using 6 workers of 6 for evacuation
[3855.808s][info][gc,phases      ] GC(964)   Pre Evacuate Collection Set: 0.35ms
[3855.808s][info][gc,phases      ] GC(964)   Merge Heap Roots: 0.52ms
[3855.808s][info][gc,phases      ] GC(964)   Evacuate Collection Set: 120.84ms
[3855.808s][info][gc,phases      ] GC(964)   Post Evacuate Collection Set: 0.91ms
[3855.808s][info][gc,phases      ] GC(964)   Other: 0.09ms
[3855.808s][info][gc,heap        ] GC(964) Eden regions: 1119->0(1103)
[3855.808s][info][gc,heap        ] GC(964) Survivor regions: 109->112(154)
[3855.808s][info][gc,heap        ] GC(964) Old regions: 506->538
[3855.808s][info][gc,heap        ] GC(964) Humongous regions: 80->80
[3855.808s][info][gc,metaspace   ] GC(964) Metaspace: 28920K(29312K)->28920K(29312K) NonClass: 24052K(24256K)->24052K(24256K) Class: 4868K(5056K)->4868K(5056K)
[3855.808s][info][gc             ] GC(964) Pause Young (Prepare Mixed) (G1 Evacuation Pause) 3625M->1459M(4096M) 122.840ms
[3855.808s][info][gc,cpu         ] GC(964) User=0.73s Sys=0.00s Real=0.12s
...[3858.370s][info][gc,start       ] GC(965) Pause Young (Mixed) (G1 Evacuation Pause)
[3858.370s][info][gc,task        ] GC(965) Using 6 workers of 6 for evacuation
[3858.502s][info][gc,phases      ] GC(965)   Pre Evacuate Collection Set: 0.37ms
[3858.502s][info][gc,phases      ] GC(965)   Merge Heap Roots: 0.74ms
[3858.502s][info][gc,phases      ] GC(965)   Evacuate Collection Set: 130.29ms
[3858.502s][info][gc,phases      ] GC(965)   Post Evacuate Collection Set: 0.99ms
[3858.502s][info][gc,phases      ] GC(965)   Other: 0.10ms
[3858.502s][info][gc,heap        ] GC(965) Eden regions: 1103->0(1120)
[3858.502s][info][gc,heap        ] GC(965) Survivor regions: 112->108(152)
[3858.502s][info][gc,heap        ] GC(965) Old regions: 538->475
[3858.502s][info][gc,heap        ] GC(965) Humongous regions: 80->80
[3858.502s][info][gc,metaspace   ] GC(965) Metaspace: 28920K(29312K)->28920K(29312K) NonClass: 24052K(24256K)->24052K(24256K) Class: 4868K(5056K)->4868K(5056K)
[3858.502s][info][gc             ] GC(965) Pause Young (Mixed) (G1 Evacuation Pause) 3665M->1323M(4096M) 132.606ms
[3858.502s][info][gc,cpu         ] GC(965) User=0.79s Sys=0.00s Real=0.14s
...[3861.177s][info][gc,start       ] GC(966) Pause Young (Concurrent Start) (G1 Evacuation Pause)
[3861.177s][info][gc,task        ] GC(966) Using 6 workers of 6 for evacuation
[3861.294s][info][gc,phases      ] GC(966)   Pre Evacuate Collection Set: 0.42ms
[3861.294s][info][gc,phases      ] GC(966)   Merge Heap Roots: 0.48ms
[3861.294s][info][gc,phases      ] GC(966)   Evacuate Collection Set: 115.01ms
[3861.294s][info][gc,phases      ] GC(966)   Post Evacuate Collection Set: 0.89ms
[3861.294s][info][gc,phases      ] GC(966)   Other: 0.13ms
[3861.294s][info][gc,heap        ] GC(966) Eden regions: 1120->0(1119)
[3861.294s][info][gc,heap        ] GC(966) Survivor regions: 108->109(154)
[3861.294s][info][gc,heap        ] GC(966) Old regions: 475->507
[3861.294s][info][gc,heap        ] GC(966) Humongous regions: 80->80
[3861.294s][info][gc,metaspace   ] GC(966) Metaspace: 28920K(29312K)->28920K(29312K) NonClass: 24052K(24256K)->24052K(24256K) Class: 4868K(5056K)->4868K(5056K)
[3861.294s][info][gc             ] GC(966) Pause Young (Concurrent Start) (G1 Evacuation Pause) 3563M->1390M(4096M) 117.062ms
[3861.294s][info][gc             ] GC(967) Concurrent Mark Cycle
[3861.294s][info][gc,marking     ] GC(967) Concurrent Scan Root Regions
[3861.294s][info][gc,cpu         ] GC(966) User=0.69s Sys=0.00s Real=0.12s
[3861.437s][info][gc,marking     ] GC(967) Concurrent Scan Root Regions 142.793ms
[3861.437s][info][gc,marking     ] GC(967) Concurrent Mark
[3861.437s][info][gc,marking     ] GC(967) Concurrent Mark From Roots
[3861.437s][info][gc,task        ] GC(967) Using 2 workers of 2 for marking
.[3862.166s][info][gc,marking     ] GC(967) Concurrent Mark From Roots 729.258ms
[3862.166s][info][gc,marking     ] GC(967) Concurrent Preclean
[3862.167s][info][gc,marking     ] GC(967) Concurrent Preclean 0.171ms
[3862.167s][info][gc,start       ] GC(967) Pause Remark
[3862.172s][info][gc             ] GC(967) Pause Remark 2172M->2172M(4096M) 5.264ms
[3862.172s][info][gc,cpu         ] GC(967) User=0.03s Sys=0.00s Real=0.01s
[3862.172s][info][gc,marking     ] GC(967) Concurrent Mark 734.959ms
[3862.172s][info][gc,marking     ] GC(967) Concurrent Rebuild Remembered Sets and Scrub Regions
[3862.379s][info][gc,marking     ] GC(967) Concurrent Rebuild Remembered Sets and Scrub Regions 206.581ms
[3862.380s][info][gc,start       ] GC(967) Pause Cleanup
[3862.381s][info][gc             ] GC(967) Pause Cleanup 2316M->2316M(4096M) 0.124ms
[3862.381s][info][gc,cpu         ] GC(967) User=0.00s Sys=0.00s Real=0.00s
[3862.381s][info][gc,marking     ] GC(967) Concurrent Clear Claimed Marks
[3862.381s][info][gc,marking     ] GC(967) Concurrent Clear Claimed Marks 0.024ms
[3862.381s][info][gc,marking     ] GC(967) Concurrent Cleanup for Next Mark
[3862.385s][info][gc,marking     ] GC(967) Concurrent Cleanup for Next Mark 4.638ms
[3862.385s][info][gc             ] GC(967) Concurrent Mark Cycle 1091.185ms
. (rIR:aIR:PR = 6780:6777:6777) (tPR = 100660) [OK] 
  3862s: Performance info:
         Transaction,    Success,    Partial,     Failed,   Receipts, AvgBarcode, 
             Overall,     412050,          0,          0,     391388,      59.48, 
         Response times:
             Request,    Success,    Partial,     Failed,   SkipFail,     Probes,    Samples,      min,      p50,      p90,      p95,      p99,      max, 
       TotalPurchase,     391388,          0,          0,          0,     363327,     408976,      300,     5700,    32000,    56000,   119000,   248000,
     InStorePurchase,     206153,          0,          0,          0,     190598,     214235,      300,     5900,    33000,    56000,   118000,   233000,
      OnlinePurchase,     144009,          0,          0,          0,     133997,     150747,      300,     5400,    32000,    55000,   118000,   248000,
        InstPurchase,      41226,          0,          0,          0,      38732,      43994,      400,     6100,    33000,    56000,   124000,   232000,
          AssocOfCat,        414,          0,          0,          0,        337,        473,    26000,    38000,    86000,   112000,   174260,   198000,
      AssocOfProduct,       4135,          0,          0,          0,       3871,       4516,     1100,     6000,    32000,    52000,   119830,   189000,
      BusinessReport,       1030,          0,          0,          0,        894,       1129,    27000,    43000,    97000,   132500,   194100,   334000,
          CustBuyBeh,       4126,          0,          0,          0,       3848,       4558,      300,     4500,    30000,    50000,   110410,   229000,
       ProductReturn,      10957,          0,          0,          0,      10240,      11647,      300,     6700,    38000,    61000,   129000,   204000,

  3862s: (50%)   IR =   6918 .[3863.984s][info][gc,start       ] GC(968) Pause Young (Prepare Mixed) (G1 Evacuation Pause)
[3863.984s][info][gc,task        ] GC(968) Using 6 workers of 6 for evacuation
[3864.105s][info][gc,phases      ] GC(968)   Pre Evacuate Collection Set: 0.34ms
[3864.105s][info][gc,phases      ] GC(968)   Merge Heap Roots: 0.55ms
[3864.105s][info][gc,phases      ] GC(968)   Evacuate Collection Set: 119.07ms
[3864.105s][info][gc,phases      ] GC(968)   Post Evacuate Collection Set: 0.94ms
[3864.105s][info][gc,phases      ] GC(968)   Other: 0.09ms
[3864.105s][info][gc,heap        ] GC(968) Eden regions: 1119->0(1101)
[3864.105s][info][gc,heap        ] GC(968) Survivor regions: 109->113(154)
[3864.105s][info][gc,heap        ] GC(968) Old regions: 507->538
[3864.105s][info][gc,heap        ] GC(968) Humongous regions: 80->80
[3864.105s][info][gc,metaspace   ] GC(968) Metaspace: 28920K(29312K)->28920K(29312K) NonClass: 24052K(24256K)->24052K(24256K) Class: 4868K(5056K)->4868K(5056K)
[3864.105s][info][gc             ] GC(968) Pause Young (Prepare Mixed) (G1 Evacuation Pause) 3628M->1459M(4096M) 121.116ms
[3864.105s][info][gc,cpu         ] GC(968) User=0.72s Sys=0.00s Real=0.12s
..[3866.652s][info][gc,start       ] GC(969) Pause Young (Mixed) (G1 Evacuation Pause)
[3866.652s][info][gc,task        ] GC(969) Using 6 workers of 6 for evacuation
[3866.782s][info][gc,phases      ] GC(969)   Pre Evacuate Collection Set: 0.37ms
[3866.782s][info][gc,phases      ] GC(969)   Merge Heap Roots: 0.53ms
[3866.782s][info][gc,phases      ] GC(969)   Evacuate Collection Set: 128.80ms
[3866.782s][info][gc,phases      ] GC(969)   Post Evacuate Collection Set: 0.95ms
[3866.782s][info][gc,phases      ] GC(969)   Other: 0.09ms
[3866.782s][info][gc,heap        ] GC(969) Eden regions: 1101->0(1118)
[3866.782s][info][gc,heap        ] GC(969) Survivor regions: 113->110(152)
[3866.782s][info][gc,heap        ] GC(969) Old regions: 538->474
[3866.782s][info][gc,heap        ] GC(969) Humongous regions: 80->80
[3866.782s][info][gc,metaspace   ] GC(969) Metaspace: 28920K(29312K)->28920K(29312K) NonClass: 24052K(24256K)->24052K(24256K) Class: 4868K(5056K)->4868K(5056K)
[3866.782s][info][gc             ] GC(969) Pause Young (Mixed) (G1 Evacuation Pause) 3661M->1325M(4096M) 130.863ms
[3866.782s][info][gc,cpu         ] GC(969) User=0.77s Sys=0.00s Real=0.14s
..|.[3869.381s][info][gc,start       ] GC(970) Pause Young (Concurrent Start) (G1 Evacuation Pause)
[3869.381s][info][gc,task        ] GC(970) Using 6 workers of 6 for evacuation
[3869.498s][info][gc,phases      ] GC(970)   Pre Evacuate Collection Set: 0.40ms
[3869.498s][info][gc,phases      ] GC(970)   Merge Heap Roots: 0.44ms
[3869.498s][info][gc,phases      ] GC(970)   Evacuate Collection Set: 114.85ms
[3869.498s][info][gc,phases      ] GC(970)   Post Evacuate Collection Set: 0.88ms
[3869.498s][info][gc,phases      ] GC(970)   Other: 0.12ms
[3869.498s][info][gc,heap        ] GC(970) Eden regions: 1118->0(1120)
[3869.498s][info][gc,heap        ] GC(970) Survivor regions: 110->108(154)
[3869.498s][info][gc,heap        ] GC(970) Old regions: 474->506
[3869.498s][info][gc,heap        ] GC(970) Humongous regions: 80->80
[3869.498s][info][gc,metaspace   ] GC(970) Metaspace: 28920K(29312K)->28920K(29312K) NonClass: 24052K(24256K)->24052K(24256K) Class: 4868K(5056K)->4868K(5056K)
[3869.498s][info][gc             ] GC(970) Pause Young (Concurrent Start) (G1 Evacuation Pause) 3561M->1387M(4096M) 116.798ms
[3869.498s][info][gc             ] GC(971) Concurrent Mark Cycle
[3869.498s][info][gc,marking     ] GC(971) Concurrent Scan Root Regions
[3869.498s][info][gc,cpu         ] GC(970) User=0.69s Sys=0.00s Real=0.12s
[3869.638s][info][gc,marking     ] GC(971) Concurrent Scan Root Regions 140.234ms
[3869.638s][info][gc,marking     ] GC(971) Concurrent Mark
[3869.638s][info][gc,marking     ] GC(971) Concurrent Mark From Roots
[3869.638s][info][gc,task        ] GC(971) Using 2 workers of 2 for marking
.[3870.342s][info][gc,marking     ] GC(971) Concurrent Mark From Roots 703.884ms
[3870.342s][info][gc,marking     ] GC(971) Concurrent Preclean
[3870.343s][info][gc,marking     ] GC(971) Concurrent Preclean 0.124ms
[3870.343s][info][gc,start       ] GC(971) Pause Remark
[3870.347s][info][gc             ] GC(971) Pause Remark 2098M->2098M(4096M) 4.828ms
[3870.347s][info][gc,cpu         ] GC(971) User=0.02s Sys=0.00s Real=0.00s
[3870.348s][info][gc,marking     ] GC(971) Concurrent Mark 709.076ms
[3870.348s][info][gc,marking     ] GC(971) Concurrent Rebuild Remembered Sets and Scrub Regions
[3870.597s][info][gc,marking     ] GC(971) Concurrent Rebuild Remembered Sets and Scrub Regions 249.042ms
[3870.597s][info][gc,start       ] GC(971) Pause Cleanup
[3870.597s][info][gc             ] GC(971) Pause Cleanup 2299M->2299M(4096M) 0.118ms
[3870.597s][info][gc,cpu         ] GC(971) User=0.00s Sys=0.00s Real=0.00s
[3870.598s][info][gc,marking     ] GC(971) Concurrent Clear Claimed Marks
[3870.598s][info][gc,marking     ] GC(971) Concurrent Clear Claimed Marks 0.031ms
[3870.598s][info][gc,marking     ] GC(971) Concurrent Cleanup for Next Mark
[3870.603s][info][gc,marking     ] GC(971) Concurrent Cleanup for Next Mark 5.518ms
[3870.603s][info][gc             ] GC(971) Concurrent Mark Cycle 1105.010ms
..[3872.135s][info][gc,start       ] GC(972) Pause Young (Prepare Mixed) (G1 Evacuation Pause)
[3872.135s][info][gc,task        ] GC(972) Using 6 workers of 6 for evacuation
[3872.254s][info][gc,phases      ] GC(972)   Pre Evacuate Collection Set: 0.32ms
[3872.254s][info][gc,phases      ] GC(972)   Merge Heap Roots: 0.50ms
[3872.254s][info][gc,phases      ] GC(972)   Evacuate Collection Set: 116.95ms
[3872.254s][info][gc,phases      ] GC(972)   Post Evacuate Collection Set: 0.96ms
[3872.254s][info][gc,phases      ] GC(972)   Other: 0.09ms
[3872.254s][info][gc,heap        ] GC(972) Eden regions: 1120->0(1103)
[3872.254s][info][gc,heap        ] GC(972) Survivor regions: 108->112(154)
[3872.254s][info][gc,heap        ] GC(972) Old regions: 506->538
[3872.254s][info][gc,heap        ] GC(972) Humongous regions: 80->80
[3872.254s][info][gc,metaspace   ] GC(972) Metaspace: 28920K(29312K)->28920K(29312K) NonClass: 24052K(24256K)->24052K(24256K) Class: 4868K(5056K)->4868K(5056K)
[3872.254s][info][gc             ] GC(972) Pause Young (Prepare Mixed) (G1 Evacuation Pause) 3627M->1459M(4096M) 118.959ms
[3872.254s][info][gc,cpu         ] GC(972) User=0.70s Sys=0.00s Real=0.12s
..[3874.807s][info][gc,start       ] GC(973) Pause Young (Mixed) (G1 Evacuation Pause)
[3874.807s][info][gc,task        ] GC(973) Using 6 workers of 6 for evacuation
[3874.947s][info][gc,phases      ] GC(973)   Pre Evacuate Collection Set: 0.37ms
[3874.947s][info][gc,phases      ] GC(973)   Merge Heap Roots: 0.69ms
[3874.947s][info][gc,phases      ] GC(973)   Evacuate Collection Set: 137.27ms
[3874.947s][info][gc,phases      ] GC(973)   Post Evacuate Collection Set: 0.96ms
[3874.947s][info][gc,phases      ] GC(973)   Other: 0.09ms
[3874.947s][info][gc,heap        ] GC(973) Eden regions: 1103->0(1116)
[3874.947s][info][gc,heap        ] GC(973) Survivor regions: 112->112(152)
[3874.947s][info][gc,heap        ] GC(973) Old regions: 538->474
[3874.947s][info][gc,heap        ] GC(973) Humongous regions: 80->80
[3874.947s][info][gc,metaspace   ] GC(973) Metaspace: 28920K(29312K)->28920K(29312K) NonClass: 24052K(24256K)->24052K(24256K) Class: 4868K(5056K)->4868K(5056K)
[3874.947s][info][gc             ] GC(973) Pause Young (Mixed) (G1 Evacuation Pause) 3665M->1331M(4096M) 139.502ms
[3874.947s][info][gc,cpu         ] GC(973) User=0.83s Sys=0.00s Real=0.14s
...[3877.553s][info][gc,start       ] GC(974) Pause Young (Concurrent Start) (G1 Evacuation Pause)
[3877.553s][info][gc,task        ] GC(974) Using 6 workers of 6 for evacuation
[3877.670s][info][gc,phases      ] GC(974)   Pre Evacuate Collection Set: 0.42ms
[3877.670s][info][gc,phases      ] GC(974)   Merge Heap Roots: 0.43ms
[3877.670s][info][gc,phases      ] GC(974)   Evacuate Collection Set: 114.73ms
[3877.670s][info][gc,phases      ] GC(974)   Post Evacuate Collection Set: 0.88ms
[3877.670s][info][gc,phases      ] GC(974)   Other: 0.12ms
[3877.670s][info][gc,heap        ] GC(974) Eden regions: 1116->0(1120)
[3877.670s][info][gc,heap        ] GC(974) Survivor regions: 112->108(154)
[3877.670s][info][gc,heap        ] GC(974) Old regions: 474->507
[3877.670s][info][gc,heap        ] GC(974) Humongous regions: 80->80
[3877.670s][info][gc,metaspace   ] GC(974) Metaspace: 28920K(29312K)->28920K(29312K) NonClass: 24052K(24256K)->24052K(24256K) Class: 4868K(5056K)->4868K(5056K)
[3877.670s][info][gc             ] GC(974) Pause Young (Concurrent Start) (G1 Evacuation Pause) 3563M->1387M(4096M) 116.710ms
[3877.670s][info][gc             ] GC(975) Concurrent Mark Cycle
[3877.670s][info][gc,marking     ] GC(975) Concurrent Scan Root Regions
[3877.670s][info][gc,cpu         ] GC(974) User=0.69s Sys=0.00s Real=0.11s
[3877.849s][info][gc,marking     ] GC(975) Concurrent Scan Root Regions 178.639ms
[3877.849s][info][gc,marking     ] GC(975) Concurrent Mark
[3877.849s][info][gc,marking     ] GC(975) Concurrent Mark From Roots
[3877.849s][info][gc,task        ] GC(975) Using 2 workers of 2 for marking
.[3878.796s][info][gc,marking     ] GC(975) Concurrent Mark From Roots 947.006ms
[3878.796s][info][gc,marking     ] GC(975) Concurrent Preclean
[3878.796s][info][gc,marking     ] GC(975) Concurrent Preclean 0.162ms
[3878.797s][info][gc,start       ] GC(975) Pause Remark
[3878.803s][info][gc             ] GC(975) Pause Remark 2418M->2418M(4096M) 5.898ms
[3878.803s][info][gc,cpu         ] GC(975) User=0.03s Sys=0.00s Real=0.01s
[3878.804s][info][gc,marking     ] GC(975) Concurrent Mark 954.664ms
[3878.804s][info][gc,marking     ] GC(975) Concurrent Rebuild Remembered Sets and Scrub Regions
[3879.087s][info][gc,marking     ] GC(975) Concurrent Rebuild Remembered Sets and Scrub Regions 283.814ms
[3879.088s][info][gc,start       ] GC(975) Pause Cleanup
[3879.088s][info][gc             ] GC(975) Pause Cleanup 2655M->2655M(4096M) 0.118ms
[3879.088s][info][gc,cpu         ] GC(975) User=0.00s Sys=0.00s Real=0.00s
[3879.088s][info][gc,marking     ] GC(975) Concurrent Clear Claimed Marks
[3879.088s][info][gc,marking     ] GC(975) Concurrent Clear Claimed Marks 0.030ms
[3879.088s][info][gc,marking     ] GC(975) Concurrent Cleanup for Next Mark
[3879.092s][info][gc,marking     ] GC(975) Concurrent Cleanup for Next Mark 3.969ms
[3879.092s][info][gc             ] GC(975) Concurrent Mark Cycle 1421.647ms
..[3880.235s][info][gc,start       ] GC(976) Pause Young (Prepare Mixed) (G1 Evacuation Pause)
[3880.235s][info][gc,task        ] GC(976) Using 6 workers of 6 for evacuation
[3880.352s][info][gc,phases      ] GC(976)   Pre Evacuate Collection Set: 0.31ms
[3880.352s][info][gc,phases      ] GC(976)   Merge Heap Roots: 0.55ms
[3880.352s][info][gc,phases      ] GC(976)   Evacuate Collection Set: 114.92ms
[3880.352s][info][gc,phases      ] GC(976)   Post Evacuate Collection Set: 0.91ms
[3880.352s][info][gc,phases      ] GC(976)   Other: 0.09ms
[3880.352s][info][gc,heap        ] GC(976) Eden regions: 1120->0(1105)
[3880.352s][info][gc,heap        ] GC(976) Survivor regions: 108->111(154)
[3880.352s][info][gc,heap        ] GC(976) Old regions: 507->538
[3880.352s][info][gc,heap        ] GC(976) Humongous regions: 80->80
[3880.352s][info][gc,metaspace   ] GC(976) Metaspace: 28920K(29312K)->28920K(29312K) NonClass: 24052K(24256K)->24052K(24256K) Class: 4868K(5056K)->4868K(5056K)
[3880.352s][info][gc             ] GC(976) Pause Young (Prepare Mixed) (G1 Evacuation Pause) 3627M->1455M(4096M) 116.917ms
[3880.352s][info][gc,cpu         ] GC(976) User=0.70s Sys=0.00s Real=0.12s
..[3882.871s][info][gc,start       ] GC(977) Pause Young (Mixed) (G1 Evacuation Pause)
[3882.871s][info][gc,task        ] GC(977) Using 6 workers of 6 for evacuation
[3883.004s][info][gc,phases      ] GC(977)   Pre Evacuate Collection Set: 0.36ms
[3883.004s][info][gc,phases      ] GC(977)   Merge Heap Roots: 0.62ms
[3883.004s][info][gc,phases      ] GC(977)   Evacuate Collection Set: 130.45ms
[3883.004s][info][gc,phases      ] GC(977)   Post Evacuate Collection Set: 0.95ms
[3883.004s][info][gc,phases      ] GC(977)   Other: 0.10ms
[3883.004s][info][gc,heap        ] GC(977) Eden regions: 1105->0(1118)
[3883.004s][info][gc,heap        ] GC(977) Survivor regions: 111->110(152)
[3883.004s][info][gc,heap        ] GC(977) Old regions: 538->475
[3883.004s][info][gc,heap        ] GC(977) Humongous regions: 80->80
[3883.004s][info][gc,metaspace   ] GC(977) Metaspace: 28920K(29312K)->28920K(29312K) NonClass: 24052K(24256K)->24052K(24256K) Class: 4868K(5056K)->4868K(5056K)
[3883.004s][info][gc             ] GC(977) Pause Young (Mixed) (G1 Evacuation Pause) 3665M->1329M(4096M) 132.599ms
[3883.004s][info][gc,cpu         ] GC(977) User=0.79s Sys=0.00s Real=0.14s
...[3885.623s][info][gc,start       ] GC(978) Pause Young (Concurrent Start) (G1 Evacuation Pause)
[3885.623s][info][gc,task        ] GC(978) Using 6 workers of 6 for evacuation
[3885.739s][info][gc,phases      ] GC(978)   Pre Evacuate Collection Set: 0.36ms
[3885.739s][info][gc,phases      ] GC(978)   Merge Heap Roots: 0.48ms
[3885.739s][info][gc,phases      ] GC(978)   Evacuate Collection Set: 113.41ms
[3885.739s][info][gc,phases      ] GC(978)   Post Evacuate Collection Set: 0.90ms
[3885.739s][info][gc,phases      ] GC(978)   Other: 0.11ms
[3885.739s][info][gc,heap        ] GC(978) Eden regions: 1118->0(1120)
[3885.739s][info][gc,heap        ] GC(978) Survivor regions: 110->108(154)
[3885.739s][info][gc,heap        ] GC(978) Old regions: 475->507
[3885.739s][info][gc,heap        ] GC(978) Humongous regions: 80->80
[3885.739s][info][gc,metaspace   ] GC(978) Metaspace: 28920K(29312K)->28920K(29312K) NonClass: 24052K(24256K)->24052K(24256K) Class: 4868K(5056K)->4868K(5056K)
[3885.739s][info][gc             ] GC(978) Pause Young (Concurrent Start) (G1 Evacuation Pause) 3565M->1387M(4096M) 115.385ms
[3885.739s][info][gc             ] GC(979) Concurrent Mark Cycle
[3885.739s][info][gc,marking     ] GC(979) Concurrent Scan Root Regions
[3885.739s][info][gc,cpu         ] GC(978) User=0.68s Sys=0.00s Real=0.11s
[3885.879s][info][gc,marking     ] GC(979) Concurrent Scan Root Regions 140.288ms
[3885.879s][info][gc,marking     ] GC(979) Concurrent Mark
[3885.879s][info][gc,marking     ] GC(979) Concurrent Mark From Roots
[3885.879s][info][gc,task        ] GC(979) Using 2 workers of 2 for marking
.[3886.594s][info][gc,marking     ] GC(979) Concurrent Mark From Roots 714.621ms
[3886.594s][info][gc,marking     ] GC(979) Concurrent Preclean
[3886.594s][info][gc,marking     ] GC(979) Concurrent Preclean 0.163ms
[3886.595s][info][gc,start       ] GC(979) Pause Remark
[3886.600s][info][gc             ] GC(979) Pause Remark 2127M->2127M(4096M) 4.164ms
[3886.600s][info][gc,cpu         ] GC(979) User=0.02s Sys=0.00s Real=0.00s
[3886.601s][info][gc,marking     ] GC(979) Concurrent Mark 721.451ms
[3886.601s][info][gc,marking     ] GC(979) Concurrent Rebuild Remembered Sets and Scrub Regions
[3886.861s][info][gc,marking     ] GC(979) Concurrent Rebuild Remembered Sets and Scrub Regions 260.381ms
[3886.861s][info][gc,start       ] GC(979) Pause Cleanup
[3886.861s][info][gc             ] GC(979) Pause Cleanup 2369M->2369M(4096M) 0.117ms
[3886.861s][info][gc,cpu         ] GC(979) User=0.00s Sys=0.00s Real=0.00s
[3886.863s][info][gc,marking     ] GC(979) Concurrent Clear Claimed Marks
[3886.863s][info][gc,marking     ] GC(979) Concurrent Clear Claimed Marks 0.036ms
[3886.863s][info][gc,marking     ] GC(979) Concurrent Cleanup for Next Mark
[3886.867s][info][gc,marking     ] GC(979) Concurrent Cleanup for Next Mark 4.312ms
[3886.867s][info][gc             ] GC(979) Concurrent Mark Cycle 1128.773ms
..[3888.394s][info][gc,start       ] GC(980) Pause Young (Prepare Mixed) (G1 Evacuation Pause)
[3888.394s][info][gc,task        ] GC(980) Using 6 workers of 6 for evacuation
[3888.512s][info][gc,phases      ] GC(980)   Pre Evacuate Collection Set: 0.33ms
[3888.513s][info][gc,phases      ] GC(980)   Merge Heap Roots: 0.48ms
[3888.513s][info][gc,phases      ] GC(980)   Evacuate Collection Set: 116.21ms
[3888.513s][info][gc,phases      ] GC(980)   Post Evacuate Collection Set: 0.96ms
[3888.513s][info][gc,phases      ] GC(980)   Other: 0.09ms
[3888.513s][info][gc,heap        ] GC(980) Eden regions: 1120->0(1107)
[3888.513s][info][gc,heap        ] GC(980) Survivor regions: 108->110(154)
[3888.513s][info][gc,heap        ] GC(980) Old regions: 507->538
[3888.513s][info][gc,heap        ] GC(980) Humongous regions: 80->80
[3888.513s][info][gc,metaspace   ] GC(980) Metaspace: 28920K(29312K)->28920K(29312K) NonClass: 24052K(24256K)->24052K(24256K) Class: 4868K(5056K)->4868K(5056K)
[3888.513s][info][gc             ] GC(980) Pause Young (Prepare Mixed) (G1 Evacuation Pause) 3627M->1454M(4096M) 118.190ms
[3888.513s][info][gc,cpu         ] GC(980) User=0.70s Sys=0.00s Real=0.12s
..[3891.073s][info][gc,start       ] GC(981) Pause Young (Mixed) (G1 Evacuation Pause)
[3891.073s][info][gc,task        ] GC(981) Using 6 workers of 6 for evacuation
[3891.206s][info][gc,phases      ] GC(981)   Pre Evacuate Collection Set: 0.38ms
[3891.207s][info][gc,phases      ] GC(981)   Merge Heap Roots: 0.62ms
[3891.207s][info][gc,phases      ] GC(981)   Evacuate Collection Set: 131.23ms
[3891.207s][info][gc,phases      ] GC(981)   Post Evacuate Collection Set: 0.98ms
[3891.207s][info][gc,phases      ] GC(981)   Other: 0.09ms
[3891.207s][info][gc,heap        ] GC(981) Eden regions: 1107->0(1118)
[3891.207s][info][gc,heap        ] GC(981) Survivor regions: 110->110(153)
[3891.207s][info][gc,heap        ] GC(981) Old regions: 538->472
[3891.207s][info][gc,heap        ] GC(981) Humongous regions: 80->80
[3891.207s][info][gc,metaspace   ] GC(981) Metaspace: 28920K(29312K)->28920K(29312K) NonClass: 24052K(24256K)->24052K(24256K) Class: 4868K(5056K)->4868K(5056K)
[3891.207s][info][gc             ] GC(981) Pause Young (Mixed) (G1 Evacuation Pause) 3668M->1322M(4096M) 133.437ms
[3891.207s][info][gc,cpu         ] GC(981) User=0.79s Sys=0.00s Real=0.13s
...[3893.793s][info][gc,start       ] GC(982) Pause Young (Concurrent Start) (G1 Evacuation Pause)
[3893.793s][info][gc,task        ] GC(982) Using 6 workers of 6 for evacuation
[3893.909s][info][gc,phases      ] GC(982)   Pre Evacuate Collection Set: 0.37ms
[3893.909s][info][gc,phases      ] GC(982)   Merge Heap Roots: 0.45ms
[3893.909s][info][gc,phases      ] GC(982)   Evacuate Collection Set: 113.67ms
[3893.909s][info][gc,phases      ] GC(982)   Post Evacuate Collection Set: 0.91ms
[3893.909s][info][gc,phases      ] GC(982)   Other: 0.13ms
[3893.909s][info][gc,heap        ] GC(982) Eden regions: 1118->0(1120)
[3893.909s][info][gc,heap        ] GC(982) Survivor regions: 110->108(154)
[3893.909s][info][gc,heap        ] GC(982) Old regions: 472->505
[3893.909s][info][gc,heap        ] GC(982) Humongous regions: 80->80
[3893.909s][info][gc,metaspace   ] GC(982) Metaspace: 28920K(29312K)->28920K(29312K) NonClass: 24052K(24256K)->24052K(24256K) Class: 4868K(5056K)->4868K(5056K)
[3893.909s][info][gc             ] GC(982) Pause Young (Concurrent Start) (G1 Evacuation Pause) 3558M->1384M(4096M) 115.655ms
[3893.909s][info][gc             ] GC(983) Concurrent Mark Cycle
[3893.909s][info][gc,marking     ] GC(983) Concurrent Scan Root Regions
[3893.909s][info][gc,cpu         ] GC(982) User=0.68s Sys=0.00s Real=0.11s
[3894.093s][info][gc,marking     ] GC(983) Concurrent Scan Root Regions 184.369ms
[3894.093s][info][gc,marking     ] GC(983) Concurrent Mark
[3894.093s][info][gc,marking     ] GC(983) Concurrent Mark From Roots
[3894.093s][info][gc,task        ] GC(983) Using 2 workers of 2 for marking
.[3894.815s][info][gc,marking     ] GC(983) Concurrent Mark From Roots 722.262ms
[3894.815s][info][gc,marking     ] GC(983) Concurrent Preclean
[3894.816s][info][gc,marking     ] GC(983) Concurrent Preclean 0.121ms
[3894.817s][info][gc,start       ] GC(983) Pause Remark
[3894.823s][info][gc             ] GC(983) Pause Remark 2176M->2176M(4096M) 5.680ms
[3894.823s][info][gc,cpu         ] GC(983) User=0.03s Sys=0.00s Real=0.01s
[3894.824s][info][gc,marking     ] GC(983) Concurrent Mark 730.612ms
[3894.824s][info][gc,marking     ] GC(983) Concurrent Rebuild Remembered Sets and Scrub Regions
[3895.129s][info][gc,marking     ] GC(983) Concurrent Rebuild Remembered Sets and Scrub Regions 304.921ms
[3895.129s][info][gc,start       ] GC(983) Pause Cleanup
[3895.129s][info][gc             ] GC(983) Pause Cleanup 2434M->2434M(4096M) 0.132ms
[3895.129s][info][gc,cpu         ] GC(983) User=0.00s Sys=0.00s Real=0.00s
[3895.130s][info][gc,marking     ] GC(983) Concurrent Clear Claimed Marks
[3895.130s][info][gc,marking     ] GC(983) Concurrent Clear Claimed Marks 0.035ms
[3895.130s][info][gc,marking     ] GC(983) Concurrent Cleanup for Next Mark
[3895.138s][info][gc,marking     ] GC(983) Concurrent Cleanup for Next Mark 8.261ms
[3895.138s][info][gc             ] GC(983) Concurrent Mark Cycle 1229.276ms
..[3896.505s][info][gc,start       ] GC(984) Pause Young (Prepare Mixed) (G1 Evacuation Pause)
[3896.505s][info][gc,task        ] GC(984) Using 6 workers of 6 for evacuation
[3896.620s][info][gc,phases      ] GC(984)   Pre Evacuate Collection Set: 0.36ms
[3896.620s][info][gc,phases      ] GC(984)   Merge Heap Roots: 0.53ms
[3896.620s][info][gc,phases      ] GC(984)   Evacuate Collection Set: 113.52ms
[3896.620s][info][gc,phases      ] GC(984)   Post Evacuate Collection Set: 0.94ms
[3896.620s][info][gc,phases      ] GC(984)   Other: 0.09ms
[3896.620s][info][gc,heap        ] GC(984) Eden regions: 1120->0(1113)
[3896.620s][info][gc,heap        ] GC(984) Survivor regions: 108->108(154)
[3896.620s][info][gc,heap        ] GC(984) Old regions: 505->536
[3896.620s][info][gc,heap        ] GC(984) Humongous regions: 80->80
[3896.620s][info][gc,metaspace   ] GC(984) Metaspace: 28920K(29312K)->28920K(29312K) NonClass: 24052K(24256K)->24052K(24256K) Class: 4868K(5056K)->4868K(5056K)
[3896.620s][info][gc             ] GC(984) Pause Young (Prepare Mixed) (G1 Evacuation Pause) 3624M->1446M(4096M) 115.570ms
[3896.620s][info][gc,cpu         ] GC(984) User=0.68s Sys=0.00s Real=0.11s
..[3899.212s][info][gc,start       ] GC(985) Pause Young (Mixed) (G1 Evacuation Pause)
[3899.212s][info][gc,task        ] GC(985) Using 6 workers of 6 for evacuation
[3899.354s][info][gc,phases      ] GC(985)   Pre Evacuate Collection Set: 0.41ms
[3899.354s][info][gc,phases      ] GC(985)   Merge Heap Roots: 0.74ms
[3899.354s][info][gc,phases      ] GC(985)   Evacuate Collection Set: 139.51ms
[3899.354s][info][gc,phases      ] GC(985)   Post Evacuate Collection Set: 0.96ms
[3899.354s][info][gc,phases      ] GC(985)   Other: 0.10ms
[3899.354s][info][gc,heap        ] GC(985) Eden regions: 1113->0(1113)
[3899.354s][info][gc,heap        ] GC(985) Survivor regions: 108->115(153)
[3899.354s][info][gc,heap        ] GC(985) Old regions: 536->473
[3899.354s][info][gc,heap        ] GC(985) Humongous regions: 80->80
[3899.354s][info][gc,metaspace   ] GC(985) Metaspace: 28920K(29312K)->28920K(29312K) NonClass: 24052K(24256K)->24052K(24256K) Class: 4868K(5056K)->4868K(5056K)
[3899.354s][info][gc             ] GC(985) Pause Young (Mixed) (G1 Evacuation Pause) 3672M->1334M(4096M) 141.854ms
[3899.354s][info][gc,cpu         ] GC(985) User=0.84s Sys=0.00s Real=0.14s
...[3901.946s][info][gc,start       ] GC(986) Pause Young (Concurrent Start) (G1 Evacuation Pause)
[3901.947s][info][gc,task        ] GC(986) Using 6 workers of 6 for evacuation
[3902.071s][info][gc,phases      ] GC(986)   Pre Evacuate Collection Set: 0.40ms
[3902.071s][info][gc,phases      ] GC(986)   Merge Heap Roots: 0.51ms
[3902.071s][info][gc,phases      ] GC(986)   Evacuate Collection Set: 122.37ms
[3902.071s][info][gc,phases      ] GC(986)   Post Evacuate Collection Set: 0.87ms
[3902.071s][info][gc,phases      ] GC(986)   Other: 0.14ms
[3902.071s][info][gc,heap        ] GC(986) Eden regions: 1113->0(1114)
[3902.071s][info][gc,heap        ] GC(986) Survivor regions: 115->114(154)
[3902.071s][info][gc,heap        ] GC(986) Old regions: 473->505
[3902.071s][info][gc,heap        ] GC(986) Humongous regions: 80->80
[3902.071s][info][gc,metaspace   ] GC(986) Metaspace: 28920K(29312K)->28920K(29312K) NonClass: 24052K(24256K)->24052K(24256K) Class: 4868K(5056K)->4868K(5056K)
[3902.071s][info][gc             ] GC(986) Pause Young (Concurrent Start) (G1 Evacuation Pause) 3560M->1395M(4096M) 124.441ms
[3902.071s][info][gc             ] GC(987) Concurrent Mark Cycle
[3902.071s][info][gc,marking     ] GC(987) Concurrent Scan Root Regions
[3902.071s][info][gc,cpu         ] GC(986) User=0.73s Sys=0.00s Real=0.12s
[3902.215s][info][gc,marking     ] GC(987) Concurrent Scan Root Regions 143.930ms
[3902.215s][info][gc,marking     ] GC(987) Concurrent Mark
[3902.215s][info][gc,marking     ] GC(987) Concurrent Mark From Roots
[3902.215s][info][gc,task        ] GC(987) Using 2 workers of 2 for marking
.[3902.985s][info][gc,marking     ] GC(987) Concurrent Mark From Roots 769.519ms
[3902.985s][info][gc,marking     ] GC(987) Concurrent Preclean
[3902.985s][info][gc,marking     ] GC(987) Concurrent Preclean 0.165ms
[3902.987s][info][gc,start       ] GC(987) Pause Remark
[3902.991s][info][gc             ] GC(987) Pause Remark 2091M->2091M(4096M) 3.419ms
[3902.991s][info][gc,cpu         ] GC(987) User=0.02s Sys=0.00s Real=0.00s
[3902.991s][info][gc,marking     ] GC(987) Concurrent Mark 776.010ms
[3902.991s][info][gc,marking     ] GC(987) Concurrent Rebuild Remembered Sets and Scrub Regions
[3903.354s][info][gc,marking     ] GC(987) Concurrent Rebuild Remembered Sets and Scrub Regions 363.243ms
[3903.354s][info][gc,start       ] GC(987) Pause Cleanup
[3903.355s][info][gc             ] GC(987) Pause Cleanup 2467M->2467M(4096M) 0.153ms
[3903.355s][info][gc,cpu         ] GC(987) User=0.00s Sys=0.00s Real=0.00s
[3903.355s][info][gc,marking     ] GC(987) Concurrent Clear Claimed Marks
[3903.355s][info][gc,marking     ] GC(987) Concurrent Clear Claimed Marks 0.028ms
[3903.355s][info][gc,marking     ] GC(987) Concurrent Cleanup for Next Mark
[3903.360s][info][gc,marking     ] GC(987) Concurrent Cleanup for Next Mark 5.278ms
[3903.360s][info][gc             ] GC(987) Concurrent Mark Cycle 1289.154ms
..[3904.714s][info][gc,start       ] GC(988) Pause Young (Prepare Mixed) (G1 Evacuation Pause)
[3904.714s][info][gc,task        ] GC(988) Using 6 workers of 6 for evacuation
[3904.831s][info][gc,phases      ] GC(988)   Pre Evacuate Collection Set: 0.36ms
[3904.831s][info][gc,phases      ] GC(988)   Merge Heap Roots: 0.50ms
[3904.831s][info][gc,phases      ] GC(988)   Evacuate Collection Set: 115.00ms
[3904.831s][info][gc,phases      ] GC(988)   Post Evacuate Collection Set: 0.92ms
[3904.831s][info][gc,phases      ] GC(988)   Other: 0.09ms
[3904.831s][info][gc,heap        ] GC(988) Eden regions: 1114->0(1111)
[3904.831s][info][gc,heap        ] GC(988) Survivor regions: 114->109(154)
[3904.831s][info][gc,heap        ] GC(988) Old regions: 505->536
[3904.831s][info][gc,heap        ] GC(988) Humongous regions: 80->80
[3904.831s][info][gc,metaspace   ] GC(988) Metaspace: 28920K(29312K)->28920K(29312K) NonClass: 24052K(24256K)->24052K(24256K) Class: 4868K(5056K)->4868K(5056K)
[3904.831s][info][gc             ] GC(988) Pause Young (Prepare Mixed) (G1 Evacuation Pause) 3623M->1448M(4096M) 117.020ms
[3904.831s][info][gc,cpu         ] GC(988) User=0.69s Sys=0.00s Real=0.11s
..[3907.373s][info][gc,start       ] GC(989) Pause Young (Mixed) (G1 Evacuation Pause)
[3907.373s][info][gc,task        ] GC(989) Using 6 workers of 6 for evacuation
[3907.504s][info][gc,phases      ] GC(989)   Pre Evacuate Collection Set: 0.36ms
[3907.504s][info][gc,phases      ] GC(989)   Merge Heap Roots: 0.66ms
[3907.504s][info][gc,phases      ] GC(989)   Evacuate Collection Set: 128.95ms
[3907.504s][info][gc,phases      ] GC(989)   Post Evacuate Collection Set: 0.93ms
[3907.504s][info][gc,phases      ] GC(989)   Other: 0.09ms
[3907.504s][info][gc,heap        ] GC(989) Eden regions: 1111->0(1120)
[3907.504s][info][gc,heap        ] GC(989) Survivor regions: 109->108(153)
[3907.504s][info][gc,heap        ] GC(989) Old regions: 536->473
[3907.504s][info][gc,heap        ] GC(989) Humongous regions: 80->80
[3907.504s][info][gc,metaspace   ] GC(989) Metaspace: 28920K(29312K)->28920K(29312K) NonClass: 24052K(24256K)->24052K(24256K) Class: 4868K(5056K)->4868K(5056K)
[3907.504s][info][gc             ] GC(989) Pause Young (Mixed) (G1 Evacuation Pause) 3670M->1321M(4096M) 131.136ms
[3907.504s][info][gc,cpu         ] GC(989) User=0.77s Sys=0.00s Real=0.13s
...[3910.104s][info][gc,start       ] GC(990) Pause Young (Concurrent Start) (G1 Evacuation Pause)
[3910.104s][info][gc,task        ] GC(990) Using 6 workers of 6 for evacuation
[3910.224s][info][gc,phases      ] GC(990)   Pre Evacuate Collection Set: 0.33ms
[3910.224s][info][gc,phases      ] GC(990)   Merge Heap Roots: 0.45ms
[3910.224s][info][gc,phases      ] GC(990)   Evacuate Collection Set: 117.60ms
[3910.224s][info][gc,phases      ] GC(990)   Post Evacuate Collection Set: 0.87ms
[3910.224s][info][gc,phases      ] GC(990)   Other: 0.11ms
[3910.224s][info][gc,heap        ] GC(990) Eden regions: 1120->0(1116)
[3910.224s][info][gc,heap        ] GC(990) Survivor regions: 108->112(154)
[3910.224s][info][gc,heap        ] GC(990) Old regions: 473->505
[3910.224s][info][gc,heap        ] GC(990) Humongous regions: 80->80
[3910.224s][info][gc,metaspace   ] GC(990) Metaspace: 28920K(29312K)->28920K(29312K) NonClass: 24052K(24256K)->24052K(24256K) Class: 4868K(5056K)->4868K(5056K)
[3910.224s][info][gc             ] GC(990) Pause Young (Concurrent Start) (G1 Evacuation Pause) 3561M->1392M(4096M) 119.490ms
[3910.224s][info][gc             ] GC(991) Concurrent Mark Cycle
[3910.224s][info][gc,marking     ] GC(991) Concurrent Scan Root Regions
[3910.224s][info][gc,cpu         ] GC(990) User=0.70s Sys=0.00s Real=0.12s
[3910.433s][info][gc,marking     ] GC(991) Concurrent Scan Root Regions 208.661ms
[3910.433s][info][gc,marking     ] GC(991) Concurrent Mark
[3910.433s][info][gc,marking     ] GC(991) Concurrent Mark From Roots
[3910.433s][info][gc,task        ] GC(991) Using 2 workers of 2 for marking
.[3911.390s][info][gc,marking     ] GC(991) Concurrent Mark From Roots 957.625ms
[3911.390s][info][gc,marking     ] GC(991) Concurrent Preclean
[3911.391s][info][gc,marking     ] GC(991) Concurrent Preclean 0.163ms
[3911.391s][info][gc,start       ] GC(991) Pause Remark
[3911.397s][info][gc             ] GC(991) Pause Remark 2466M->2466M(4096M) 6.197ms
[3911.397s][info][gc,cpu         ] GC(991) User=0.04s Sys=0.00s Real=0.01s
[3911.398s][info][gc,marking     ] GC(991) Concurrent Mark 965.001ms
[3911.398s][info][gc,marking     ] GC(991) Concurrent Rebuild Remembered Sets and Scrub Regions
.[3911.770s][info][gc,marking     ] GC(991) Concurrent Rebuild Remembered Sets and Scrub Regions 372.015ms
[3911.770s][info][gc,start       ] GC(991) Pause Cleanup
[3911.770s][info][gc             ] GC(991) Pause Cleanup 2768M->2768M(4096M) 0.111ms
[3911.770s][info][gc,cpu         ] GC(991) User=0.00s Sys=0.00s Real=0.00s
[3911.771s][info][gc,marking     ] GC(991) Concurrent Clear Claimed Marks
[3911.771s][info][gc,marking     ] GC(991) Concurrent Clear Claimed Marks 0.030ms
[3911.771s][info][gc,marking     ] GC(991) Concurrent Cleanup for Next Mark
[3911.776s][info][gc,marking     ] GC(991) Concurrent Cleanup for Next Mark 5.227ms
[3911.776s][info][gc             ] GC(991) Concurrent Mark Cycle 1552.226ms
.[3912.796s][info][gc,start       ] GC(992) Pause Young (Prepare Mixed) (G1 Evacuation Pause)
[3912.796s][info][gc,task        ] GC(992) Using 6 workers of 6 for evacuation
[3912.914s][info][gc,phases      ] GC(992)   Pre Evacuate Collection Set: 0.33ms
[3912.914s][info][gc,phases      ] GC(992)   Merge Heap Roots: 0.50ms
[3912.914s][info][gc,phases      ] GC(992)   Evacuate Collection Set: 116.09ms
[3912.914s][info][gc,phases      ] GC(992)   Post Evacuate Collection Set: 0.93ms
[3912.914s][info][gc,phases      ] GC(992)   Other: 0.09ms
[3912.914s][info][gc,heap        ] GC(992) Eden regions: 1116->0(1106)
[3912.914s][info][gc,heap        ] GC(992) Survivor regions: 112->111(154)
[3912.914s][info][gc,heap        ] GC(992) Old regions: 505->537
[3912.914s][info][gc,heap        ] GC(992) Humongous regions: 80->80
[3912.914s][info][gc,metaspace   ] GC(992) Metaspace: 28920K(29312K)->28920K(29312K) NonClass: 24052K(24256K)->24052K(24256K) Class: 4868K(5056K)->4868K(5056K)
[3912.914s][info][gc             ] GC(992) Pause Young (Prepare Mixed) (G1 Evacuation Pause) 3624M->1453M(4096M) 118.097ms
[3912.914s][info][gc,cpu         ] GC(992) User=0.70s Sys=0.00s Real=0.12s
..[3915.474s][info][gc,start       ] GC(993) Pause Young (Mixed) (G1 Evacuation Pause)
[3915.474s][info][gc,task        ] GC(993) Using 6 workers of 6 for evacuation
[3915.609s][info][gc,phases      ] GC(993)   Pre Evacuate Collection Set: 0.36ms
[3915.609s][info][gc,phases      ] GC(993)   Merge Heap Roots: 0.59ms
[3915.609s][info][gc,phases      ] GC(993)   Evacuate Collection Set: 132.34ms
[3915.609s][info][gc,phases      ] GC(993)   Post Evacuate Collection Set: 0.93ms
[3915.609s][info][gc,phases      ] GC(993)   Other: 0.09ms
[3915.609s][info][gc,heap        ] GC(993) Eden regions: 1106->0(1117)
[3915.609s][info][gc,heap        ] GC(993) Survivor regions: 111->111(153)
[3915.609s][info][gc,heap        ] GC(993) Old regions: 537->472
[3915.609s][info][gc,heap        ] GC(993) Humongous regions: 80->80
[3915.609s][info][gc,metaspace   ] GC(993) Metaspace: 28920K(29312K)->28920K(29312K) NonClass: 24052K(24256K)->24052K(24256K) Class: 4868K(5056K)->4868K(5056K)
[3915.609s][info][gc             ] GC(993) Pause Young (Mixed) (G1 Evacuation Pause) 3665M->1324M(4096M) 134.450ms
[3915.609s][info][gc,cpu         ] GC(993) User=0.79s Sys=0.00s Real=0.13s
...[3918.273s][info][gc,start       ] GC(994) Pause Young (Concurrent Start) (G1 Evacuation Pause)
[3918.273s][info][gc,task        ] GC(994) Using 6 workers of 6 for evacuation
[3918.395s][info][gc,phases      ] GC(994)   Pre Evacuate Collection Set: 0.39ms
[3918.395s][info][gc,phases      ] GC(994)   Merge Heap Roots: 0.46ms
[3918.395s][info][gc,phases      ] GC(994)   Evacuate Collection Set: 120.77ms
[3918.395s][info][gc,phases      ] GC(994)   Post Evacuate Collection Set: 0.94ms
[3918.395s][info][gc,phases      ] GC(994)   Other: 0.10ms
[3918.395s][info][gc,heap        ] GC(994) Eden regions: 1117->0(1113)
[3918.395s][info][gc,heap        ] GC(994) Survivor regions: 111->115(154)
[3918.395s][info][gc,heap        ] GC(994) Old regions: 472->505
[3918.395s][info][gc,heap        ] GC(994) Humongous regions: 80->80
[3918.396s][info][gc,metaspace   ] GC(994) Metaspace: 28920K(29312K)->28920K(29312K) NonClass: 24052K(24256K)->24052K(24256K) Class: 4868K(5056K)->4868K(5056K)
[3918.396s][info][gc             ] GC(994) Pause Young (Concurrent Start) (G1 Evacuation Pause) 3558M->1397M(4096M) 122.786ms
[3918.396s][info][gc             ] GC(995) Concurrent Mark Cycle
[3918.396s][info][gc,marking     ] GC(995) Concurrent Scan Root Regions
[3918.396s][info][gc,cpu         ] GC(994) User=0.73s Sys=0.00s Real=0.12s
[3918.589s][info][gc,marking     ] GC(995) Concurrent Scan Root Regions 192.989ms
[3918.589s][info][gc,marking     ] GC(995) Concurrent Mark
[3918.589s][info][gc,marking     ] GC(995) Concurrent Mark From Roots
[3918.589s][info][gc,task        ] GC(995) Using 2 workers of 2 for marking
.[3919.504s][info][gc,marking     ] GC(995) Concurrent Mark From Roots 915.809ms
[3919.505s][info][gc,marking     ] GC(995) Concurrent Preclean
[3919.505s][info][gc,marking     ] GC(995) Concurrent Preclean 0.151ms
[3919.505s][info][gc,start       ] GC(995) Pause Remark
[3919.511s][info][gc             ] GC(995) Pause Remark 2409M->2409M(4096M) 6.193ms
[3919.511s][info][gc,cpu         ] GC(995) User=0.03s Sys=0.00s Real=0.00s
[3919.512s][info][gc,marking     ] GC(995) Concurrent Mark 923.585ms
[3919.512s][info][gc,marking     ] GC(995) Concurrent Rebuild Remembered Sets and Scrub Regions
.[3919.872s][info][gc,marking     ] GC(995) Concurrent Rebuild Remembered Sets and Scrub Regions 359.564ms
[3919.872s][info][gc,start       ] GC(995) Pause Cleanup
[3919.872s][info][gc             ] GC(995) Pause Cleanup 2709M->2709M(4096M) 0.108ms
[3919.872s][info][gc,cpu         ] GC(995) User=0.00s Sys=0.00s Real=0.00s
[3919.872s][info][gc,marking     ] GC(995) Concurrent Clear Claimed Marks
[3919.872s][info][gc,marking     ] GC(995) Concurrent Clear Claimed Marks 0.033ms
[3919.872s][info][gc,marking     ] GC(995) Concurrent Cleanup for Next Mark
[3919.877s][info][gc,marking     ] GC(995) Concurrent Cleanup for Next Mark 5.227ms
[3919.878s][info][gc             ] GC(995) Concurrent Mark Cycle 1481.946ms
.[3920.923s][info][gc,start       ] GC(996) Pause Young (Prepare Mixed) (G1 Evacuation Pause)
[3920.923s][info][gc,task        ] GC(996) Using 6 workers of 6 for evacuation
[3921.043s][info][gc,phases      ] GC(996)   Pre Evacuate Collection Set: 0.33ms
[3921.043s][info][gc,phases      ] GC(996)   Merge Heap Roots: 0.49ms
[3921.043s][info][gc,phases      ] GC(996)   Evacuate Collection Set: 118.01ms
[3921.043s][info][gc,phases      ] GC(996)   Post Evacuate Collection Set: 0.90ms
[3921.043s][info][gc,phases      ] GC(996)   Other: 0.09ms
[3921.043s][info][gc,heap        ] GC(996) Eden regions: 1113->0(1104)
[3921.043s][info][gc,heap        ] GC(996) Survivor regions: 115->113(154)
[3921.043s][info][gc,heap        ] GC(996) Old regions: 505->535
[3921.043s][info][gc,heap        ] GC(996) Humongous regions: 80->80
[3921.043s][info][gc,metaspace   ] GC(996) Metaspace: 28920K(29312K)->28920K(29312K) NonClass: 24052K(24256K)->24052K(24256K) Class: 4868K(5056K)->4868K(5056K)
[3921.043s][info][gc             ] GC(996) Pause Young (Prepare Mixed) (G1 Evacuation Pause) 3623M->1454M(4096M) 119.959ms
[3921.043s][info][gc,cpu         ] GC(996) User=0.71s Sys=0.00s Real=0.12s
..[3923.569s][info][gc,start       ] GC(997) Pause Young (Mixed) (G1 Evacuation Pause)
[3923.569s][info][gc,task        ] GC(997) Using 6 workers of 6 for evacuation
[3923.704s][info][gc,phases      ] GC(997)   Pre Evacuate Collection Set: 0.36ms
[3923.704s][info][gc,phases      ] GC(997)   Merge Heap Roots: 0.69ms
[3923.704s][info][gc,phases      ] GC(997)   Evacuate Collection Set: 133.35ms
[3923.704s][info][gc,phases      ] GC(997)   Post Evacuate Collection Set: 0.95ms
[3923.704s][info][gc,phases      ] GC(997)   Other: 0.09ms
[3923.704s][info][gc,heap        ] GC(997) Eden regions: 1104->0(1119)
[3923.704s][info][gc,heap        ] GC(997) Survivor regions: 113->109(153)
[3923.704s][info][gc,heap        ] GC(997) Old regions: 535->473
[3923.704s][info][gc,heap        ] GC(997) Humongous regions: 80->80
[3923.704s][info][gc,metaspace   ] GC(997) Metaspace: 28920K(29312K)->28920K(29312K) NonClass: 24052K(24256K)->24052K(24256K) Class: 4868K(5056K)->4868K(5056K)
[3923.704s][info][gc             ] GC(997) Pause Young (Mixed) (G1 Evacuation Pause) 3662M->1321M(4096M) 135.565ms
[3923.704s][info][gc,cpu         ] GC(997) User=0.80s Sys=0.00s Real=0.14s
...[3926.290s][info][gc,start       ] GC(998) Pause Young (Concurrent Start) (G1 Evacuation Pause)
[3926.290s][info][gc,task        ] GC(998) Using 6 workers of 6 for evacuation
[3926.410s][info][gc,phases      ] GC(998)   Pre Evacuate Collection Set: 0.36ms
[3926.410s][info][gc,phases      ] GC(998)   Merge Heap Roots: 0.45ms
[3926.410s][info][gc,phases      ] GC(998)   Evacuate Collection Set: 117.69ms
[3926.410s][info][gc,phases      ] GC(998)   Post Evacuate Collection Set: 0.88ms
[3926.410s][info][gc,phases      ] GC(998)   Other: 0.11ms
[3926.410s][info][gc,heap        ] GC(998) Eden regions: 1119->0(1117)
[3926.410s][info][gc,heap        ] GC(998) Survivor regions: 109->111(154)
[3926.410s][info][gc,heap        ] GC(998) Old regions: 473->504
[3926.410s][info][gc,heap        ] GC(998) Humongous regions: 80->80
[3926.410s][info][gc,metaspace   ] GC(998) Metaspace: 28920K(29312K)->28920K(29312K) NonClass: 24052K(24256K)->24052K(24256K) Class: 4868K(5056K)->4868K(5056K)
[3926.410s][info][gc             ] GC(998) Pause Young (Concurrent Start) (G1 Evacuation Pause) 3559M->1388M(4096M) 119.639ms
[3926.410s][info][gc             ] GC(999) Concurrent Mark Cycle
[3926.410s][info][gc,marking     ] GC(999) Concurrent Scan Root Regions
[3926.410s][info][gc,cpu         ] GC(998) User=0.71s Sys=0.00s Real=0.12s
[3926.528s][info][gc,marking     ] GC(999) Concurrent Scan Root Regions 118.186ms
[3926.528s][info][gc,marking     ] GC(999) Concurrent Mark
[3926.528s][info][gc,marking     ] GC(999) Concurrent Mark From Roots
[3926.528s][info][gc,task        ] GC(999) Using 2 workers of 2 for marking
.[3927.103s][info][gc,marking     ] GC(999) Concurrent Mark From Roots 574.717ms
[3927.103s][info][gc,marking     ] GC(999) Concurrent Preclean
[3927.103s][info][gc,marking     ] GC(999) Concurrent Preclean 0.180ms
[3927.104s][info][gc,start       ] GC(999) Pause Remark
[3927.109s][info][gc             ] GC(999) Pause Remark 1912M->1912M(4096M) 4.233ms
[3927.109s][info][gc,cpu         ] GC(999) User=0.03s Sys=0.00s Real=0.00s
[3927.109s][info][gc,marking     ] GC(999) Concurrent Mark 580.590ms
[3927.109s][info][gc,marking     ] GC(999) Concurrent Rebuild Remembered Sets and Scrub Regions
[3927.440s][info][gc,marking     ] GC(999) Concurrent Rebuild Remembered Sets and Scrub Regions 331.046ms
[3927.442s][info][gc,start       ] GC(999) Pause Cleanup
[3927.442s][info][gc             ] GC(999) Pause Cleanup 2294M->2294M(4096M) 0.131ms
[3927.442s][info][gc,cpu         ] GC(999) User=0.00s Sys=0.00s Real=0.00s
[3927.442s][info][gc,marking     ] GC(999) Concurrent Clear Claimed Marks
[3927.442s][info][gc,marking     ] GC(999) Concurrent Clear Claimed Marks 0.029ms
[3927.442s][info][gc,marking     ] GC(999) Concurrent Cleanup for Next Mark
[3927.448s][info][gc,marking     ] GC(999) Concurrent Cleanup for Next Mark 5.656ms
[3927.448s][info][gc             ] GC(999) Concurrent Mark Cycle 1037.775ms
.. (rIR:aIR:PR = 6918:6917:6917) (tPR = 102920) [OK] 
  3928s: Performance info:
         Transaction,    Success,    Partial,     Failed,   Receipts, AvgBarcode, 
             Overall,     421542,          0,          0,     400449,      59.47, 
         Response times:
             Request,    Success,    Partial,     Failed,   SkipFail,     Probes,    Samples,      min,      p50,      p90,      p95,      p99,      max, 
       TotalPurchase,     400446,          0,          0,          0,     361357,     398019,      300,     6100,    54000,    93000,   170000,   530000,
     InStorePurchase,     210588,          0,          0,          0,     190594,     209595,      300,     6000,    54000,    93000,   174000,   466000,
      OnlinePurchase,     147725,          0,          0,          0,     132453,     145877,      300,     6400,    55000,    94000,   168000,   530000,
        InstPurchase,      42133,          0,          0,          0,      38310,      42547,      400,     6100,    53000,    91000,   160000,   530000,
          AssocOfCat,        420,          0,          0,          0,        340,        478,    26000,    40000,   122300,   163050,   241520,   320000,
      AssocOfProduct,       4211,          0,          0,          0,       3920,       4540,      400,     7100,    59000,    97000,   182000,   300000,
      BusinessReport,       1052,          0,          0,          0,        914,       1115,    25000,    40000,   112400,   165000,   232360,   522000,
          CustBuyBeh,       4225,          0,          0,          0,       3872,       4480,      200,     6100,    57000,    96950,   175570,   266000,
       ProductReturn,      11185,          0,          0,          0,       9530,      10669,      200,     5300,    53000,    84000,   173300,   501000,

  3928s: (51%)   IR =   7057 [3929.024s][info][gc,start       ] GC(1000) Pause Young (Prepare Mixed) (G1 Evacuation Pause)
[3929.024s][info][gc,task        ] GC(1000) Using 6 workers of 6 for evacuation
[3929.144s][info][gc,phases      ] GC(1000)   Pre Evacuate Collection Set: 0.33ms
[3929.144s][info][gc,phases      ] GC(1000)   Merge Heap Roots: 0.59ms
[3929.144s][info][gc,phases      ] GC(1000)   Evacuate Collection Set: 118.63ms
[3929.144s][info][gc,phases      ] GC(1000)   Post Evacuate Collection Set: 0.95ms
[3929.144s][info][gc,phases      ] GC(1000)   Other: 0.09ms
[3929.144s][info][gc,heap        ] GC(1000) Eden regions: 1117->0(1106)
[3929.144s][info][gc,heap        ] GC(1000) Survivor regions: 111->112(154)
[3929.144s][info][gc,heap        ] GC(1000) Old regions: 504->535
[3929.144s][info][gc,heap        ] GC(1000) Humongous regions: 80->80
[3929.144s][info][gc,metaspace   ] GC(1000) Metaspace: 28920K(29312K)->28920K(29312K) NonClass: 24052K(24256K)->24052K(24256K) Class: 4868K(5056K)->4868K(5056K)
[3929.145s][info][gc             ] GC(1000) Pause Young (Prepare Mixed) (G1 Evacuation Pause) 3622M->1452M(4096M) 120.729ms
[3929.145s][info][gc,cpu         ] GC(1000) User=0.71s Sys=0.00s Real=0.12s
..[3931.636s][info][gc,start       ] GC(1001) Pause Young (Mixed) (G1 Evacuation Pause)
[3931.636s][info][gc,task        ] GC(1001) Using 6 workers of 6 for evacuation
[3931.767s][info][gc,phases      ] GC(1001)   Pre Evacuate Collection Set: 0.39ms
[3931.767s][info][gc,phases      ] GC(1001)   Merge Heap Roots: 0.62ms
[3931.767s][info][gc,phases      ] GC(1001)   Evacuate Collection Set: 128.69ms
[3931.767s][info][gc,phases      ] GC(1001)   Post Evacuate Collection Set: 0.97ms
[3931.767s][info][gc,phases      ] GC(1001)   Other: 0.09ms
[3931.767s][info][gc,heap        ] GC(1001) Eden regions: 1106->0(1120)
[3931.767s][info][gc,heap        ] GC(1001) Survivor regions: 112->108(153)
[3931.767s][info][gc,heap        ] GC(1001) Old regions: 535->471
[3931.767s][info][gc,heap        ] GC(1001) Humongous regions: 80->80
[3931.767s][info][gc,metaspace   ] GC(1001) Metaspace: 28920K(29312K)->28920K(29312K) NonClass: 24052K(24256K)->24052K(24256K) Class: 4868K(5056K)->4868K(5056K)
[3931.767s][info][gc             ] GC(1001) Pause Young (Mixed) (G1 Evacuation Pause) 3664M->1316M(4096M) 130.908ms
[3931.767s][info][gc,cpu         ] GC(1001) User=0.78s Sys=0.00s Real=0.13s
..|.[3934.296s][info][gc,start       ] GC(1002) Pause Young (Concurrent Start) (G1 Evacuation Pause)
[3934.296s][info][gc,task        ] GC(1002) Using 6 workers of 6 for evacuation
[3934.414s][info][gc,phases      ] GC(1002)   Pre Evacuate Collection Set: 0.41ms
[3934.414s][info][gc,phases      ] GC(1002)   Merge Heap Roots: 0.43ms
[3934.414s][info][gc,phases      ] GC(1002)   Evacuate Collection Set: 115.99ms
[3934.414s][info][gc,phases      ] GC(1002)   Post Evacuate Collection Set: 0.87ms
[3934.414s][info][gc,phases      ] GC(1002)   Other: 0.14ms
[3934.414s][info][gc,heap        ] GC(1002) Eden regions: 1120->0(1118)
[3934.414s][info][gc,heap        ] GC(1002) Survivor regions: 108->110(154)
[3934.414s][info][gc,heap        ] GC(1002) Old regions: 471->503
[3934.414s][info][gc,heap        ] GC(1002) Humongous regions: 80->80
[3934.414s][info][gc,metaspace   ] GC(1002) Metaspace: 28920K(29312K)->28920K(29312K) NonClass: 24052K(24256K)->24052K(24256K) Class: 4868K(5056K)->4868K(5056K)
[3934.414s][info][gc             ] GC(1002) Pause Young (Concurrent Start) (G1 Evacuation Pause) 3556M->1384M(4096M) 117.945ms
[3934.414s][info][gc             ] GC(1003) Concurrent Mark Cycle
[3934.414s][info][gc,marking     ] GC(1003) Concurrent Scan Root Regions
[3934.414s][info][gc,cpu         ] GC(1002) User=0.70s Sys=0.00s Real=0.12s
[3934.528s][info][gc,marking     ] GC(1003) Concurrent Scan Root Regions 113.816ms
[3934.528s][info][gc,marking     ] GC(1003) Concurrent Mark
[3934.528s][info][gc,marking     ] GC(1003) Concurrent Mark From Roots
[3934.528s][info][gc,task        ] GC(1003) Using 2 workers of 2 for marking
[3935.110s][info][gc,marking     ] GC(1003) Concurrent Mark From Roots 581.741ms
[3935.110s][info][gc,marking     ] GC(1003) Concurrent Preclean
[3935.110s][info][gc,marking     ] GC(1003) Concurrent Preclean 0.195ms
[3935.110s][info][gc,start       ] GC(1003) Pause Remark
[3935.114s][info][gc             ] GC(1003) Pause Remark 1972M->1972M(4096M) 4.027ms
[3935.115s][info][gc,cpu         ] GC(1003) User=0.02s Sys=0.00s Real=0.01s
[3935.116s][info][gc,marking     ] GC(1003) Concurrent Mark 588.280ms
[3935.117s][info][gc,marking     ] GC(1003) Concurrent Rebuild Remembered Sets and Scrub Regions
.[3935.331s][info][gc,marking     ] GC(1003) Concurrent Rebuild Remembered Sets and Scrub Regions 214.708ms
[3935.332s][info][gc,start       ] GC(1003) Pause Cleanup
[3935.332s][info][gc             ] GC(1003) Pause Cleanup 2158M->2158M(4096M) 0.121ms
[3935.332s][info][gc,cpu         ] GC(1003) User=0.00s Sys=0.00s Real=0.00s
[3935.332s][info][gc,marking     ] GC(1003) Concurrent Clear Claimed Marks
[3935.332s][info][gc,marking     ] GC(1003) Concurrent Clear Claimed Marks 0.031ms
[3935.332s][info][gc,marking     ] GC(1003) Concurrent Cleanup for Next Mark
[3935.356s][info][gc,marking     ] GC(1003) Concurrent Cleanup for Next Mark 24.195ms
[3935.356s][info][gc             ] GC(1003) Concurrent Mark Cycle 941.808ms
.[3937.002s][info][gc,start       ] GC(1004) Pause Young (Prepare Mixed) (G1 Evacuation Pause)
[3937.002s][info][gc,task        ] GC(1004) Using 6 workers of 6 for evacuation
[3937.124s][info][gc,phases      ] GC(1004)   Pre Evacuate Collection Set: 0.34ms
[3937.124s][info][gc,phases      ] GC(1004)   Merge Heap Roots: 0.48ms
[3937.124s][info][gc,phases      ] GC(1004)   Evacuate Collection Set: 120.37ms
[3937.124s][info][gc,phases      ] GC(1004)   Post Evacuate Collection Set: 0.92ms
[3937.124s][info][gc,phases      ] GC(1004)   Other: 0.08ms
[3937.124s][info][gc,heap        ] GC(1004) Eden regions: 1118->0(1107)
[3937.124s][info][gc,heap        ] GC(1004) Survivor regions: 110->112(154)
[3937.124s][info][gc,heap        ] GC(1004) Old regions: 503->534
[3937.124s][info][gc,heap        ] GC(1004) Humongous regions: 80->80
[3937.124s][info][gc,metaspace   ] GC(1004) Metaspace: 28920K(29312K)->28920K(29312K) NonClass: 24052K(24256K)->24052K(24256K) Class: 4868K(5056K)->4868K(5056K)
[3937.124s][info][gc             ] GC(1004) Pause Young (Prepare Mixed) (G1 Evacuation Pause) 3620M->1450M(4096M) 122.329ms
[3937.124s][info][gc,cpu         ] GC(1004) User=0.73s Sys=0.00s Real=0.13s
...[3939.642s][info][gc,start       ] GC(1005) Pause Young (Mixed) (G1 Evacuation Pause)
[3939.642s][info][gc,task        ] GC(1005) Using 6 workers of 6 for evacuation
[3939.776s][info][gc,phases      ] GC(1005)   Pre Evacuate Collection Set: 0.37ms
[3939.776s][info][gc,phases      ] GC(1005)   Merge Heap Roots: 0.61ms
[3939.776s][info][gc,phases      ] GC(1005)   Evacuate Collection Set: 131.85ms
[3939.776s][info][gc,phases      ] GC(1005)   Post Evacuate Collection Set: 0.96ms
[3939.776s][info][gc,phases      ] GC(1005)   Other: 0.09ms
[3939.776s][info][gc,heap        ] GC(1005) Eden regions: 1107->0(1118)
[3939.776s][info][gc,heap        ] GC(1005) Survivor regions: 112->110(153)
[3939.776s][info][gc,heap        ] GC(1005) Old regions: 534->472
[3939.776s][info][gc,heap        ] GC(1005) Humongous regions: 80->80
[3939.776s][info][gc,metaspace   ] GC(1005) Metaspace: 28920K(29312K)->28920K(29312K) NonClass: 24052K(24256K)->24052K(24256K) Class: 4868K(5056K)->4868K(5056K)
[3939.776s][info][gc             ] GC(1005) Pause Young (Mixed) (G1 Evacuation Pause) 3664M->1322M(4096M) 133.996ms
[3939.776s][info][gc,cpu         ] GC(1005) User=0.79s Sys=0.00s Real=0.14s
...[3942.361s][info][gc,start       ] GC(1006) Pause Young (Concurrent Start) (G1 Evacuation Pause)
[3942.361s][info][gc,task        ] GC(1006) Using 6 workers of 6 for evacuation
[3942.478s][info][gc,phases      ] GC(1006)   Pre Evacuate Collection Set: 0.40ms
[3942.478s][info][gc,phases      ] GC(1006)   Merge Heap Roots: 0.43ms
[3942.478s][info][gc,phases      ] GC(1006)   Evacuate Collection Set: 114.96ms
[3942.478s][info][gc,phases      ] GC(1006)   Post Evacuate Collection Set: 0.88ms
[3942.478s][info][gc,phases      ] GC(1006)   Other: 0.10ms
[3942.478s][info][gc,heap        ] GC(1006) Eden regions: 1118->0(1120)
[3942.478s][info][gc,heap        ] GC(1006) Survivor regions: 110->108(154)
[3942.478s][info][gc,heap        ] GC(1006) Old regions: 472->504
[3942.478s][info][gc,heap        ] GC(1006) Humongous regions: 80->80
[3942.478s][info][gc,metaspace   ] GC(1006) Metaspace: 28920K(29312K)->28920K(29312K) NonClass: 24052K(24256K)->24052K(24256K) Class: 4868K(5056K)->4868K(5056K)
[3942.478s][info][gc             ] GC(1006) Pause Young (Concurrent Start) (G1 Evacuation Pause) 3558M->1382M(4096M) 116.921ms
[3942.478s][info][gc             ] GC(1007) Concurrent Mark Cycle
[3942.478s][info][gc,marking     ] GC(1007) Concurrent Scan Root Regions
[3942.478s][info][gc,cpu         ] GC(1006) User=0.68s Sys=0.00s Real=0.12s
[3942.617s][info][gc,marking     ] GC(1007) Concurrent Scan Root Regions 139.333ms
[3942.617s][info][gc,marking     ] GC(1007) Concurrent Mark
[3942.617s][info][gc,marking     ] GC(1007) Concurrent Mark From Roots
[3942.617s][info][gc,task        ] GC(1007) Using 2 workers of 2 for marking
.[3943.336s][info][gc,marking     ] GC(1007) Concurrent Mark From Roots 719.343ms
[3943.337s][info][gc,marking     ] GC(1007) Concurrent Preclean
[3943.337s][info][gc,marking     ] GC(1007) Concurrent Preclean 0.191ms
[3943.337s][info][gc,start       ] GC(1007) Pause Remark
[3943.342s][info][gc             ] GC(1007) Pause Remark 2144M->2144M(4096M) 4.593ms
[3943.342s][info][gc,cpu         ] GC(1007) User=0.03s Sys=0.00s Real=0.00s
[3943.342s][info][gc,marking     ] GC(1007) Concurrent Mark 724.546ms
[3943.342s][info][gc,marking     ] GC(1007) Concurrent Rebuild Remembered Sets and Scrub Regions
[3943.631s][info][gc,marking     ] GC(1007) Concurrent Rebuild Remembered Sets and Scrub Regions 289.367ms
[3943.631s][info][gc,start       ] GC(1007) Pause Cleanup
[3943.631s][info][gc             ] GC(1007) Pause Cleanup 2422M->2422M(4096M) 0.112ms
[3943.631s][info][gc,cpu         ] GC(1007) User=0.00s Sys=0.00s Real=0.00s
[3943.631s][info][gc,marking     ] GC(1007) Concurrent Clear Claimed Marks
[3943.631s][info][gc,marking     ] GC(1007) Concurrent Clear Claimed Marks 0.026ms
[3943.631s][info][gc,marking     ] GC(1007) Concurrent Cleanup for Next Mark
[3943.637s][info][gc,marking     ] GC(1007) Concurrent Cleanup for Next Mark 5.436ms
[3943.637s][info][gc             ] GC(1007) Concurrent Mark Cycle 1159.236ms
.[3944.970s][info][gc,start       ] GC(1008) Pause Young (Prepare Mixed) (G1 Evacuation Pause)
[3944.970s][info][gc,task        ] GC(1008) Using 6 workers of 6 for evacuation
[3945.086s][info][gc,phases      ] GC(1008)   Pre Evacuate Collection Set: 0.35ms
[3945.087s][info][gc,phases      ] GC(1008)   Merge Heap Roots: 0.49ms
[3945.087s][info][gc,phases      ] GC(1008)   Evacuate Collection Set: 114.35ms
[3945.087s][info][gc,phases      ] GC(1008)   Post Evacuate Collection Set: 0.93ms
[3945.087s][info][gc,phases      ] GC(1008)   Other: 0.09ms
[3945.087s][info][gc,heap        ] GC(1008) Eden regions: 1120->0(1112)
[3945.087s][info][gc,heap        ] GC(1008) Survivor regions: 108->109(154)
[3945.087s][info][gc,heap        ] GC(1008) Old regions: 504->535
[3945.087s][info][gc,heap        ] GC(1008) Humongous regions: 80->80
[3945.087s][info][gc,metaspace   ] GC(1008) Metaspace: 28920K(29312K)->28920K(29312K) NonClass: 24052K(24256K)->24052K(24256K) Class: 4868K(5056K)->4868K(5056K)
[3945.087s][info][gc             ] GC(1008) Pause Young (Prepare Mixed) (G1 Evacuation Pause) 3622M->1446M(4096M) 116.333ms
[3945.087s][info][gc,cpu         ] GC(1008) User=0.69s Sys=0.00s Real=0.12s
...[3947.643s][info][gc,start       ] GC(1009) Pause Young (Mixed) (G1 Evacuation Pause)
[3947.643s][info][gc,task        ] GC(1009) Using 6 workers of 6 for evacuation
[3947.780s][info][gc,phases      ] GC(1009)   Pre Evacuate Collection Set: 0.35ms
[3947.780s][info][gc,phases      ] GC(1009)   Merge Heap Roots: 0.64ms
[3947.780s][info][gc,phases      ] GC(1009)   Evacuate Collection Set: 134.68ms
[3947.780s][info][gc,phases      ] GC(1009)   Post Evacuate Collection Set: 0.97ms
[3947.780s][info][gc,phases      ] GC(1009)   Other: 0.09ms
[3947.780s][info][gc,heap        ] GC(1009) Eden regions: 1112->0(1116)
[3947.780s][info][gc,heap        ] GC(1009) Survivor regions: 109->112(153)
[3947.780s][info][gc,heap        ] GC(1009) Old regions: 535->472
[3947.780s][info][gc,heap        ] GC(1009) Humongous regions: 80->80
[3947.780s][info][gc,metaspace   ] GC(1009) Metaspace: 28920K(29312K)->28920K(29312K) NonClass: 24052K(24256K)->24052K(24256K) Class: 4868K(5056K)->4868K(5056K)
[3947.780s][info][gc             ] GC(1009) Pause Young (Mixed) (G1 Evacuation Pause) 3670M->1327M(4096M) 136.876ms
[3947.780s][info][gc,cpu         ] GC(1009) User=0.81s Sys=0.00s Real=0.13s
...[3950.337s][info][gc,start       ] GC(1010) Pause Young (Concurrent Start) (G1 Evacuation Pause)
[3950.337s][info][gc,task        ] GC(1010) Using 6 workers of 6 for evacuation
[3950.456s][info][gc,phases      ] GC(1010)   Pre Evacuate Collection Set: 0.35ms
[3950.456s][info][gc,phases      ] GC(1010)   Merge Heap Roots: 0.48ms
[3950.456s][info][gc,phases      ] GC(1010)   Evacuate Collection Set: 117.74ms
[3950.456s][info][gc,phases      ] GC(1010)   Post Evacuate Collection Set: 0.87ms
[3950.456s][info][gc,phases      ] GC(1010)   Other: 0.11ms
[3950.456s][info][gc,heap        ] GC(1010) Eden regions: 1116->0(1116)
[3950.456s][info][gc,heap        ] GC(1010) Survivor regions: 112->112(154)
[3950.456s][info][gc,heap        ] GC(1010) Old regions: 472->504
[3950.456s][info][gc,heap        ] GC(1010) Humongous regions: 80->80
[3950.456s][info][gc,metaspace   ] GC(1010) Metaspace: 28920K(29312K)->28920K(29312K) NonClass: 24052K(24256K)->24052K(24256K) Class: 4868K(5056K)->4868K(5056K)
[3950.456s][info][gc             ] GC(1010) Pause Young (Concurrent Start) (G1 Evacuation Pause) 3559M->1389M(4096M) 119.670ms
[3950.456s][info][gc             ] GC(1011) Concurrent Mark Cycle
[3950.456s][info][gc,marking     ] GC(1011) Concurrent Scan Root Regions
[3950.456s][info][gc,cpu         ] GC(1010) User=0.71s Sys=0.00s Real=0.12s
[3950.597s][info][gc,marking     ] GC(1011) Concurrent Scan Root Regions 141.082ms
[3950.597s][info][gc,marking     ] GC(1011) Concurrent Mark
[3950.597s][info][gc,marking     ] GC(1011) Concurrent Mark From Roots
[3950.597s][info][gc,task        ] GC(1011) Using 2 workers of 2 for marking
[3951.185s][info][gc,marking     ] GC(1011) Concurrent Mark From Roots 587.620ms
[3951.185s][info][gc,marking     ] GC(1011) Concurrent Preclean
[3951.185s][info][gc,marking     ] GC(1011) Concurrent Preclean 0.174ms
[3951.187s][info][gc,start       ] GC(1011) Pause Remark
[3951.191s][info][gc             ] GC(1011) Pause Remark 1983M->1983M(4096M) 4.176ms
[3951.191s][info][gc,cpu         ] GC(1011) User=0.02s Sys=0.00s Real=0.00s
[3951.192s][info][gc,marking     ] GC(1011) Concurrent Mark 594.780ms
[3951.192s][info][gc,marking     ] GC(1011) Concurrent Rebuild Remembered Sets and Scrub Regions
.[3951.413s][info][gc,marking     ] GC(1011) Concurrent Rebuild Remembered Sets and Scrub Regions 220.407ms
[3951.413s][info][gc,start       ] GC(1011) Pause Cleanup
[3951.413s][info][gc             ] GC(1011) Pause Cleanup 2195M->2195M(4096M) 0.119ms
[3951.413s][info][gc,cpu         ] GC(1011) User=0.01s Sys=0.00s Real=0.00s
[3951.415s][info][gc,marking     ] GC(1011) Concurrent Clear Claimed Marks
[3951.415s][info][gc,marking     ] GC(1011) Concurrent Clear Claimed Marks 0.040ms
[3951.415s][info][gc,marking     ] GC(1011) Concurrent Cleanup for Next Mark
[3951.419s][info][gc,marking     ] GC(1011) Concurrent Cleanup for Next Mark 4.641ms
[3951.419s][info][gc             ] GC(1011) Concurrent Mark Cycle 963.008ms
.[3952.992s][info][gc,start       ] GC(1012) Pause Young (Prepare Mixed) (G1 Evacuation Pause)
[3952.992s][info][gc,task        ] GC(1012) Using 6 workers of 6 for evacuation
[3953.116s][info][gc,phases      ] GC(1012)   Pre Evacuate Collection Set: 0.33ms
[3953.116s][info][gc,phases      ] GC(1012)   Merge Heap Roots: 0.49ms
[3953.116s][info][gc,phases      ] GC(1012)   Evacuate Collection Set: 122.36ms
[3953.116s][info][gc,phases      ] GC(1012)   Post Evacuate Collection Set: 0.91ms
[3953.116s][info][gc,phases      ] GC(1012)   Other: 0.08ms
[3953.116s][info][gc,heap        ] GC(1012) Eden regions: 1116->0(1102)
[3953.116s][info][gc,heap        ] GC(1012) Survivor regions: 112->114(154)
[3953.116s][info][gc,heap        ] GC(1012) Old regions: 504->535
[3953.116s][info][gc,heap        ] GC(1012) Humongous regions: 80->80
[3953.116s][info][gc,metaspace   ] GC(1012) Metaspace: 28920K(29312K)->28920K(29312K) NonClass: 24052K(24256K)->24052K(24256K) Class: 4868K(5056K)->4868K(5056K)
[3953.116s][info][gc             ] GC(1012) Pause Young (Prepare Mixed) (G1 Evacuation Pause) 3621M->1456M(4096M) 124.316ms
[3953.116s][info][gc,cpu         ] GC(1012) User=0.74s Sys=0.00s Real=0.13s
...[3955.685s][info][gc,start       ] GC(1013) Pause Young (Mixed) (G1 Evacuation Pause)
[3955.685s][info][gc,task        ] GC(1013) Using 6 workers of 6 for evacuation
[3955.823s][info][gc,phases      ] GC(1013)   Pre Evacuate Collection Set: 0.36ms
[3955.823s][info][gc,phases      ] GC(1013)   Merge Heap Roots: 0.68ms
[3955.823s][info][gc,phases      ] GC(1013)   Evacuate Collection Set: 136.19ms
[3955.823s][info][gc,phases      ] GC(1013)   Post Evacuate Collection Set: 0.95ms
[3955.823s][info][gc,phases      ] GC(1013)   Other: 0.09ms
[3955.823s][info][gc,heap        ] GC(1013) Eden regions: 1102->0(1115)
[3955.823s][info][gc,heap        ] GC(1013) Survivor regions: 114->113(152)
[3955.823s][info][gc,heap        ] GC(1013) Old regions: 535->473
[3955.823s][info][gc,heap        ] GC(1013) Humongous regions: 80->80
[3955.823s][info][gc,metaspace   ] GC(1013) Metaspace: 28920K(29312K)->28920K(29312K) NonClass: 24052K(24256K)->24052K(24256K) Class: 4868K(5056K)->4868K(5056K)
[3955.823s][info][gc             ] GC(1013) Pause Young (Mixed) (G1 Evacuation Pause) 3660M->1329M(4096M) 138.389ms
[3955.823s][info][gc,cpu         ] GC(1013) User=0.82s Sys=0.00s Real=0.14s
...[3958.351s][info][gc,start       ] GC(1014) Pause Young (Concurrent Start) (G1 Evacuation Pause)
[3958.351s][info][gc,task        ] GC(1014) Using 6 workers of 6 for evacuation
[3958.471s][info][gc,phases      ] GC(1014)   Pre Evacuate Collection Set: 0.40ms
[3958.471s][info][gc,phases      ] GC(1014)   Merge Heap Roots: 0.46ms
[3958.471s][info][gc,phases      ] GC(1014)   Evacuate Collection Set: 118.57ms
[3958.471s][info][gc,phases      ] GC(1014)   Post Evacuate Collection Set: 0.93ms
[3958.471s][info][gc,phases      ] GC(1014)   Other: 0.10ms
[3958.471s][info][gc,heap        ] GC(1014) Eden regions: 1115->0(1114)
[3958.471s][info][gc,heap        ] GC(1014) Survivor regions: 113->114(154)
[3958.471s][info][gc,heap        ] GC(1014) Old regions: 473->504
[3958.471s][info][gc,heap        ] GC(1014) Humongous regions: 80->80
[3958.471s][info][gc,metaspace   ] GC(1014) Metaspace: 28920K(29312K)->28920K(29312K) NonClass: 24052K(24256K)->24052K(24256K) Class: 4868K(5056K)->4868K(5056K)
[3958.471s][info][gc             ] GC(1014) Pause Young (Concurrent Start) (G1 Evacuation Pause) 3559M->1394M(4096M) 120.591ms
[3958.471s][info][gc             ] GC(1015) Concurrent Mark Cycle
[3958.471s][info][gc,marking     ] GC(1015) Concurrent Scan Root Regions
[3958.471s][info][gc,cpu         ] GC(1014) User=0.71s Sys=0.00s Real=0.12s
[3958.625s][info][gc,marking     ] GC(1015) Concurrent Scan Root Regions 153.678ms
[3958.625s][info][gc,marking     ] GC(1015) Concurrent Mark
[3958.625s][info][gc,marking     ] GC(1015) Concurrent Mark From Roots
[3958.625s][info][gc,task        ] GC(1015) Using 2 workers of 2 for marking
.[3959.348s][info][gc,marking     ] GC(1015) Concurrent Mark From Roots 723.124ms
[3959.348s][info][gc,marking     ] GC(1015) Concurrent Preclean
[3959.348s][info][gc,marking     ] GC(1015) Concurrent Preclean 0.125ms
[3959.348s][info][gc,start       ] GC(1015) Pause Remark
[3959.353s][info][gc             ] GC(1015) Pause Remark 2157M->2157M(4096M) 4.696ms
[3959.353s][info][gc,cpu         ] GC(1015) User=0.02s Sys=0.00s Real=0.01s
[3959.354s][info][gc,marking     ] GC(1015) Concurrent Mark 729.191ms
[3959.354s][info][gc,marking     ] GC(1015) Concurrent Rebuild Remembered Sets and Scrub Regions
[3959.612s][info][gc,marking     ] GC(1015) Concurrent Rebuild Remembered Sets and Scrub Regions 257.656ms
[3959.612s][info][gc,start       ] GC(1015) Pause Cleanup
[3959.612s][info][gc             ] GC(1015) Pause Cleanup 2401M->2401M(4096M) 0.140ms
[3959.612s][info][gc,cpu         ] GC(1015) User=0.00s Sys=0.00s Real=0.00s
[3959.613s][info][gc,marking     ] GC(1015) Concurrent Clear Claimed Marks
[3959.613s][info][gc,marking     ] GC(1015) Concurrent Clear Claimed Marks 0.037ms
[3959.613s][info][gc,marking     ] GC(1015) Concurrent Cleanup for Next Mark
[3959.620s][info][gc,marking     ] GC(1015) Concurrent Cleanup for Next Mark 6.934ms
[3959.620s][info][gc             ] GC(1015) Concurrent Mark Cycle 1148.779ms
.[3961.040s][info][gc,start       ] GC(1016) Pause Young (Prepare Mixed) (G1 Evacuation Pause)
[3961.040s][info][gc,task        ] GC(1016) Using 6 workers of 6 for evacuation
[3961.164s][info][gc,phases      ] GC(1016)   Pre Evacuate Collection Set: 0.31ms
[3961.164s][info][gc,phases      ] GC(1016)   Merge Heap Roots: 0.48ms
[3961.164s][info][gc,phases      ] GC(1016)   Evacuate Collection Set: 121.97ms
[3961.164s][info][gc,phases      ] GC(1016)   Post Evacuate Collection Set: 0.89ms
[3961.164s][info][gc,phases      ] GC(1016)   Other: 0.10ms
[3961.164s][info][gc,heap        ] GC(1016) Eden regions: 1114->0(1100)
[3961.164s][info][gc,heap        ] GC(1016) Survivor regions: 114->114(154)
[3961.164s][info][gc,heap        ] GC(1016) Old regions: 504->537
[3961.164s][info][gc,heap        ] GC(1016) Humongous regions: 80->80
[3961.164s][info][gc,metaspace   ] GC(1016) Metaspace: 28920K(29312K)->28920K(29312K) NonClass: 24052K(24256K)->24052K(24256K) Class: 4868K(5056K)->4868K(5056K)
[3961.164s][info][gc             ] GC(1016) Pause Young (Prepare Mixed) (G1 Evacuation Pause) 3622M->1459M(4096M) 123.881ms
[3961.164s][info][gc,cpu         ] GC(1016) User=0.74s Sys=0.00s Real=0.13s
...[3963.712s][info][gc,start       ] GC(1017) Pause Young (Mixed) (G1 Evacuation Pause)
[3963.712s][info][gc,task        ] GC(1017) Using 6 workers of 6 for evacuation
[3963.849s][info][gc,phases      ] GC(1017)   Pre Evacuate Collection Set: 0.37ms
[3963.849s][info][gc,phases      ] GC(1017)   Merge Heap Roots: 0.72ms
[3963.849s][info][gc,phases      ] GC(1017)   Evacuate Collection Set: 134.74ms
[3963.849s][info][gc,phases      ] GC(1017)   Post Evacuate Collection Set: 0.94ms
[3963.849s][info][gc,phases      ] GC(1017)   Other: 0.09ms
[3963.849s][info][gc,heap        ] GC(1017) Eden regions: 1100->0(1118)
[3963.849s][info][gc,heap        ] GC(1017) Survivor regions: 114->110(152)
[3963.849s][info][gc,heap        ] GC(1017) Old regions: 537->473
[3963.849s][info][gc,heap        ] GC(1017) Humongous regions: 80->80
[3963.849s][info][gc,metaspace   ] GC(1017) Metaspace: 28920K(29312K)->28920K(29312K) NonClass: 24052K(24256K)->24052K(24256K) Class: 4868K(5056K)->4868K(5056K)
[3963.849s][info][gc             ] GC(1017) Pause Young (Mixed) (G1 Evacuation Pause) 3659M->1324M(4096M) 137.010ms
[3963.849s][info][gc,cpu         ] GC(1017) User=0.81s Sys=0.00s Real=0.13s
...[3966.364s][info][gc,start       ] GC(1018) Pause Young (Concurrent Start) (G1 Evacuation Pause)
[3966.364s][info][gc,task        ] GC(1018) Using 6 workers of 6 for evacuation
[3966.480s][info][gc,phases      ] GC(1018)   Pre Evacuate Collection Set: 0.35ms
[3966.480s][info][gc,phases      ] GC(1018)   Merge Heap Roots: 0.44ms
[3966.480s][info][gc,phases      ] GC(1018)   Evacuate Collection Set: 114.20ms
[3966.480s][info][gc,phases      ] GC(1018)   Post Evacuate Collection Set: 0.80ms
[3966.480s][info][gc,phases      ] GC(1018)   Other: 0.12ms
[3966.480s][info][gc,heap        ] GC(1018) Eden regions: 1118->0(1119)
[3966.480s][info][gc,heap        ] GC(1018) Survivor regions: 110->109(154)
[3966.480s][info][gc,heap        ] GC(1018) Old regions: 473->505
[3966.480s][info][gc,heap        ] GC(1018) Humongous regions: 80->80
[3966.480s][info][gc,metaspace   ] GC(1018) Metaspace: 28920K(29312K)->28920K(29312K) NonClass: 24052K(24256K)->24052K(24256K) Class: 4868K(5056K)->4868K(5056K)
[3966.480s][info][gc             ] GC(1018) Pause Young (Concurrent Start) (G1 Evacuation Pause) 3560M->1386M(4096M) 116.030ms
[3966.480s][info][gc             ] GC(1019) Concurrent Mark Cycle
[3966.480s][info][gc,marking     ] GC(1019) Concurrent Scan Root Regions
[3966.480s][info][gc,cpu         ] GC(1018) User=0.68s Sys=0.00s Real=0.11s
[3966.687s][info][gc,marking     ] GC(1019) Concurrent Scan Root Regions 206.780ms
[3966.687s][info][gc,marking     ] GC(1019) Concurrent Mark
[3966.687s][info][gc,marking     ] GC(1019) Concurrent Mark From Roots
[3966.687s][info][gc,task        ] GC(1019) Using 2 workers of 2 for marking
.[3967.647s][info][gc,marking     ] GC(1019) Concurrent Mark From Roots 959.880ms
[3967.647s][info][gc,marking     ] GC(1019) Concurrent Preclean
[3967.647s][info][gc,marking     ] GC(1019) Concurrent Preclean 0.131ms
[3967.647s][info][gc,start       ] GC(1019) Pause Remark
[3967.653s][info][gc             ] GC(1019) Pause Remark 2475M->2475M(4096M) 5.255ms
[3967.653s][info][gc,cpu         ] GC(1019) User=0.03s Sys=0.00s Real=0.01s
[3967.653s][info][gc,marking     ] GC(1019) Concurrent Mark 965.547ms
[3967.653s][info][gc,marking     ] GC(1019) Concurrent Rebuild Remembered Sets and Scrub Regions
[3967.997s][info][gc,marking     ] GC(1019) Concurrent Rebuild Remembered Sets and Scrub Regions 344.191ms
[3967.997s][info][gc,start       ] GC(1019) Pause Cleanup
[3967.997s][info][gc             ] GC(1019) Pause Cleanup 2735M->2735M(4096M) 0.113ms
[3967.997s][info][gc,cpu         ] GC(1019) User=0.00s Sys=0.00s Real=0.00s
[3967.997s][info][gc,marking     ] GC(1019) Concurrent Clear Claimed Marks
[3967.997s][info][gc,marking     ] GC(1019) Concurrent Clear Claimed Marks 0.026ms
[3967.997s][info][gc,marking     ] GC(1019) Concurrent Cleanup for Next Mark
[3968.001s][info][gc,marking     ] GC(1019) Concurrent Cleanup for Next Mark 3.781ms
[3968.001s][info][gc             ] GC(1019) Concurrent Mark Cycle 1520.837ms
.[3969.010s][info][gc,start       ] GC(1020) Pause Young (Prepare Mixed) (G1 Evacuation Pause)
[3969.010s][info][gc,task        ] GC(1020) Using 6 workers of 6 for evacuation
[3969.131s][info][gc,phases      ] GC(1020)   Pre Evacuate Collection Set: 0.35ms
[3969.131s][info][gc,phases      ] GC(1020)   Merge Heap Roots: 0.51ms
[3969.131s][info][gc,phases      ] GC(1020)   Evacuate Collection Set: 118.79ms
[3969.131s][info][gc,phases      ] GC(1020)   Post Evacuate Collection Set: 0.94ms
[3969.131s][info][gc,phases      ] GC(1020)   Other: 0.09ms
[3969.131s][info][gc,heap        ] GC(1020) Eden regions: 1119->0(1106)
[3969.131s][info][gc,heap        ] GC(1020) Survivor regions: 109->111(154)
[3969.131s][info][gc,heap        ] GC(1020) Old regions: 505->537
[3969.131s][info][gc,heap        ] GC(1020) Humongous regions: 80->80
[3969.131s][info][gc,metaspace   ] GC(1020) Metaspace: 28920K(29312K)->28920K(29312K) NonClass: 24052K(24256K)->24052K(24256K) Class: 4868K(5056K)->4868K(5056K)
[3969.131s][info][gc             ] GC(1020) Pause Young (Prepare Mixed) (G1 Evacuation Pause) 3624M->1453M(4096M) 120.812ms
[3969.131s][info][gc,cpu         ] GC(1020) User=0.72s Sys=0.00s Real=0.12s
...[3971.711s][info][gc,start       ] GC(1021) Pause Young (Mixed) (G1 Evacuation Pause)
[3971.711s][info][gc,task        ] GC(1021) Using 6 workers of 6 for evacuation
[3971.845s][info][gc,phases      ] GC(1021)   Pre Evacuate Collection Set: 0.37ms
[3971.845s][info][gc,phases      ] GC(1021)   Merge Heap Roots: 0.71ms
[3971.845s][info][gc,phases      ] GC(1021)   Evacuate Collection Set: 132.17ms
[3971.845s][info][gc,phases      ] GC(1021)   Post Evacuate Collection Set: 0.94ms
[3971.845s][info][gc,phases      ] GC(1021)   Other: 0.09ms
[3971.845s][info][gc,heap        ] GC(1021) Eden regions: 1106->0(1119)
[3971.845s][info][gc,heap        ] GC(1021) Survivor regions: 111->109(153)
[3971.845s][info][gc,heap        ] GC(1021) Old regions: 537->473
[3971.845s][info][gc,heap        ] GC(1021) Humongous regions: 80->80
[3971.845s][info][gc,metaspace   ] GC(1021) Metaspace: 28920K(29312K)->28920K(29312K) NonClass: 24052K(24256K)->24052K(24256K) Class: 4868K(5056K)->4868K(5056K)
[3971.845s][info][gc             ] GC(1021) Pause Young (Mixed) (G1 Evacuation Pause) 3665M->1322M(4096M) 134.404ms
[3971.845s][info][gc,cpu         ] GC(1021) User=0.79s Sys=0.00s Real=0.14s
...[3974.351s][info][gc,start       ] GC(1022) Pause Young (Concurrent Start) (G1 Evacuation Pause)
[3974.351s][info][gc,task        ] GC(1022) Using 6 workers of 6 for evacuation
[3974.466s][info][gc,phases      ] GC(1022)   Pre Evacuate Collection Set: 0.35ms
[3974.466s][info][gc,phases      ] GC(1022)   Merge Heap Roots: 0.45ms
[3974.466s][info][gc,phases      ] GC(1022)   Evacuate Collection Set: 113.42ms
[3974.466s][info][gc,phases      ] GC(1022)   Post Evacuate Collection Set: 0.85ms
[3974.466s][info][gc,phases      ] GC(1022)   Other: 0.10ms
[3974.466s][info][gc,heap        ] GC(1022) Eden regions: 1119->0(1119)
[3974.466s][info][gc,heap        ] GC(1022) Survivor regions: 109->109(154)
[3974.466s][info][gc,heap        ] GC(1022) Old regions: 473->504
[3974.466s][info][gc,heap        ] GC(1022) Humongous regions: 80->80
[3974.466s][info][gc,metaspace   ] GC(1022) Metaspace: 28920K(29312K)->28920K(29312K) NonClass: 24052K(24256K)->24052K(24256K) Class: 4868K(5056K)->4868K(5056K)
[3974.466s][info][gc             ] GC(1022) Pause Young (Concurrent Start) (G1 Evacuation Pause) 3560M->1384M(4096M) 115.308ms
[3974.466s][info][gc             ] GC(1023) Concurrent Mark Cycle
[3974.466s][info][gc,marking     ] GC(1023) Concurrent Scan Root Regions
[3974.466s][info][gc,cpu         ] GC(1022) User=0.68s Sys=0.00s Real=0.12s
[3974.688s][info][gc,marking     ] GC(1023) Concurrent Scan Root Regions 221.932ms
[3974.688s][info][gc,marking     ] GC(1023) Concurrent Mark
[3974.688s][info][gc,marking     ] GC(1023) Concurrent Mark From Roots
[3974.688s][info][gc,task        ] GC(1023) Using 2 workers of 2 for marking
.[3975.646s][info][gc,marking     ] GC(1023) Concurrent Mark From Roots 957.854ms
[3975.646s][info][gc,marking     ] GC(1023) Concurrent Preclean
[3975.646s][info][gc,marking     ] GC(1023) Concurrent Preclean 0.151ms
[3975.647s][info][gc,start       ] GC(1023) Pause Remark
[3975.653s][info][gc             ] GC(1023) Pause Remark 2472M->2472M(4096M) 5.930ms
[3975.653s][info][gc,cpu         ] GC(1023) User=0.03s Sys=0.00s Real=0.01s
[3975.653s][info][gc,marking     ] GC(1023) Concurrent Mark 964.647ms
[3975.653s][info][gc,marking     ] GC(1023) Concurrent Rebuild Remembered Sets and Scrub Regions
[3975.980s][info][gc,marking     ] GC(1023) Concurrent Rebuild Remembered Sets and Scrub Regions 327.488ms
[3975.981s][info][gc,start       ] GC(1023) Pause Cleanup
[3975.981s][info][gc             ] GC(1023) Pause Cleanup 2724M->2724M(4096M) 0.125ms
[3975.981s][info][gc,cpu         ] GC(1023) User=0.00s Sys=0.00s Real=0.00s
[3975.982s][info][gc,marking     ] GC(1023) Concurrent Clear Claimed Marks
[3975.982s][info][gc,marking     ] GC(1023) Concurrent Clear Claimed Marks 0.030ms
[3975.982s][info][gc,marking     ] GC(1023) Concurrent Cleanup for Next Mark
[3975.988s][info][gc,marking     ] GC(1023) Concurrent Cleanup for Next Mark 6.367ms
[3975.988s][info][gc             ] GC(1023) Concurrent Mark Cycle 1522.162ms
.[3977.030s][info][gc,start       ] GC(1024) Pause Young (Prepare Mixed) (G1 Evacuation Pause)
[3977.030s][info][gc,task        ] GC(1024) Using 6 workers of 6 for evacuation
[3977.152s][info][gc,phases      ] GC(1024)   Pre Evacuate Collection Set: 0.33ms
[3977.152s][info][gc,phases      ] GC(1024)   Merge Heap Roots: 0.48ms
[3977.152s][info][gc,phases      ] GC(1024)   Evacuate Collection Set: 120.10ms
[3977.152s][info][gc,phases      ] GC(1024)   Post Evacuate Collection Set: 0.92ms
[3977.152s][info][gc,phases      ] GC(1024)   Other: 0.09ms
[3977.152s][info][gc,heap        ] GC(1024) Eden regions: 1119->0(1102)
[3977.152s][info][gc,heap        ] GC(1024) Survivor regions: 109->113(154)
[3977.152s][info][gc,heap        ] GC(1024) Old regions: 504->537
[3977.152s][info][gc,heap        ] GC(1024) Humongous regions: 80->80
[3977.152s][info][gc,metaspace   ] GC(1024) Metaspace: 28920K(29312K)->28920K(29312K) NonClass: 24052K(24256K)->24052K(24256K) Class: 4868K(5056K)->4868K(5056K)
[3977.152s][info][gc             ] GC(1024) Pause Young (Prepare Mixed) (G1 Evacuation Pause) 3622M->1458M(4096M) 122.051ms
[3977.152s][info][gc,cpu         ] GC(1024) User=0.72s Sys=0.00s Real=0.13s
...[3979.645s][info][gc,start       ] GC(1025) Pause Young (Mixed) (G1 Evacuation Pause)
[3979.645s][info][gc,task        ] GC(1025) Using 6 workers of 6 for evacuation
[3979.780s][info][gc,phases      ] GC(1025)   Pre Evacuate Collection Set: 0.37ms
[3979.781s][info][gc,phases      ] GC(1025)   Merge Heap Roots: 0.66ms
[3979.781s][info][gc,phases      ] GC(1025)   Evacuate Collection Set: 133.77ms
[3979.781s][info][gc,phases      ] GC(1025)   Post Evacuate Collection Set: 0.96ms
[3979.781s][info][gc,phases      ] GC(1025)   Other: 0.09ms
[3979.781s][info][gc,heap        ] GC(1025) Eden regions: 1102->0(1117)
[3979.781s][info][gc,heap        ] GC(1025) Survivor regions: 113->111(152)
[3979.781s][info][gc,heap        ] GC(1025) Old regions: 537->474
[3979.781s][info][gc,heap        ] GC(1025) Humongous regions: 80->80
[3979.781s][info][gc,metaspace   ] GC(1025) Metaspace: 28920K(29312K)->28920K(29312K) NonClass: 24052K(24256K)->24052K(24256K) Class: 4868K(5056K)->4868K(5056K)
[3979.781s][info][gc             ] GC(1025) Pause Young (Mixed) (G1 Evacuation Pause) 3662M->1329M(4096M) 135.976ms
[3979.781s][info][gc,cpu         ] GC(1025) User=0.80s Sys=0.00s Real=0.13s
..[3982.327s][info][gc,start       ] GC(1026) Pause Young (Concurrent Start) (G1 Evacuation Pause)
[3982.327s][info][gc,task        ] GC(1026) Using 6 workers of 6 for evacuation
[3982.447s][info][gc,phases      ] GC(1026)   Pre Evacuate Collection Set: 0.38ms
[3982.447s][info][gc,phases      ] GC(1026)   Merge Heap Roots: 0.47ms
[3982.447s][info][gc,phases      ] GC(1026)   Evacuate Collection Set: 118.82ms
[3982.447s][info][gc,phases      ] GC(1026)   Post Evacuate Collection Set: 0.87ms
[3982.447s][info][gc,phases      ] GC(1026)   Other: 0.10ms
[3982.447s][info][gc,heap        ] GC(1026) Eden regions: 1117->0(1115)
[3982.447s][info][gc,heap        ] GC(1026) Survivor regions: 111->113(154)
[3982.447s][info][gc,heap        ] GC(1026) Old regions: 474->507
[3982.447s][info][gc,heap        ] GC(1026) Humongous regions: 80->80
[3982.447s][info][gc,metaspace   ] GC(1026) Metaspace: 28920K(29312K)->28920K(29312K) NonClass: 24052K(24256K)->24052K(24256K) Class: 4868K(5056K)->4868K(5056K)
[3982.447s][info][gc             ] GC(1026) Pause Young (Concurrent Start) (G1 Evacuation Pause) 3563M->1398M(4096M) 120.772ms
[3982.448s][info][gc             ] GC(1027) Concurrent Mark Cycle
[3982.448s][info][gc,marking     ] GC(1027) Concurrent Scan Root Regions
[3982.448s][info][gc,cpu         ] GC(1026) User=0.71s Sys=0.00s Real=0.12s
.[3982.612s][info][gc,marking     ] GC(1027) Concurrent Scan Root Regions 164.467ms
[3982.612s][info][gc,marking     ] GC(1027) Concurrent Mark
[3982.612s][info][gc,marking     ] GC(1027) Concurrent Mark From Roots
[3982.612s][info][gc,task        ] GC(1027) Using 2 workers of 2 for marking
[3983.349s][info][gc,marking     ] GC(1027) Concurrent Mark From Roots 737.382ms
[3983.350s][info][gc,marking     ] GC(1027) Concurrent Preclean
[3983.350s][info][gc,marking     ] GC(1027) Concurrent Preclean 0.151ms
[3983.351s][info][gc,start       ] GC(1027) Pause Remark
[3983.356s][info][gc             ] GC(1027) Pause Remark 2212M->2212M(4096M) 5.231ms
[3983.356s][info][gc,cpu         ] GC(1027) User=0.03s Sys=0.00s Real=0.01s
[3983.356s][info][gc,marking     ] GC(1027) Concurrent Mark 744.014ms
[3983.356s][info][gc,marking     ] GC(1027) Concurrent Rebuild Remembered Sets and Scrub Regions
.[3983.698s][info][gc,marking     ] GC(1027) Concurrent Rebuild Remembered Sets and Scrub Regions 341.533ms
[3983.698s][info][gc,start       ] GC(1027) Pause Cleanup
[3983.698s][info][gc             ] GC(1027) Pause Cleanup 2541M->2541M(4096M) 0.117ms
[3983.698s][info][gc,cpu         ] GC(1027) User=0.00s Sys=0.00s Real=0.00s
[3983.698s][info][gc,marking     ] GC(1027) Concurrent Clear Claimed Marks
[3983.698s][info][gc,marking     ] GC(1027) Concurrent Clear Claimed Marks 0.035ms
[3983.698s][info][gc,marking     ] GC(1027) Concurrent Cleanup for Next Mark
[3983.703s][info][gc,marking     ] GC(1027) Concurrent Cleanup for Next Mark 4.551ms
[3983.703s][info][gc             ] GC(1027) Concurrent Mark Cycle 1255.391ms
.[3984.927s][info][gc,start       ] GC(1028) Pause Young (Prepare Mixed) (G1 Evacuation Pause)
[3984.927s][info][gc,task        ] GC(1028) Using 6 workers of 6 for evacuation
[3985.043s][info][gc,phases      ] GC(1028)   Pre Evacuate Collection Set: 0.33ms
[3985.043s][info][gc,phases      ] GC(1028)   Merge Heap Roots: 0.52ms
[3985.043s][info][gc,phases      ] GC(1028)   Evacuate Collection Set: 113.78ms
[3985.043s][info][gc,phases      ] GC(1028)   Post Evacuate Collection Set: 0.92ms
[3985.043s][info][gc,phases      ] GC(1028)   Other: 0.09ms
[3985.043s][info][gc,heap        ] GC(1028) Eden regions: 1115->0(1108)
[3985.043s][info][gc,heap        ] GC(1028) Survivor regions: 113->109(154)
[3985.043s][info][gc,heap        ] GC(1028) Old regions: 507->539
[3985.043s][info][gc,heap        ] GC(1028) Humongous regions: 80->80
[3985.043s][info][gc,metaspace   ] GC(1028) Metaspace: 28920K(29312K)->28920K(29312K) NonClass: 24052K(24256K)->24052K(24256K) Class: 4868K(5056K)->4868K(5056K)
[3985.043s][info][gc             ] GC(1028) Pause Young (Prepare Mixed) (G1 Evacuation Pause) 3628M->1455M(4096M) 115.783ms
[3985.043s][info][gc,cpu         ] GC(1028) User=0.68s Sys=0.00s Real=0.12s
...[3987.570s][info][gc,start       ] GC(1029) Pause Young (Mixed) (G1 Evacuation Pause)
[3987.570s][info][gc,task        ] GC(1029) Using 6 workers of 6 for evacuation
[3987.703s][info][gc,phases      ] GC(1029)   Pre Evacuate Collection Set: 0.38ms
[3987.703s][info][gc,phases      ] GC(1029)   Merge Heap Roots: 0.58ms
[3987.703s][info][gc,phases      ] GC(1029)   Evacuate Collection Set: 131.05ms
[3987.703s][info][gc,phases      ] GC(1029)   Post Evacuate Collection Set: 0.97ms
[3987.703s][info][gc,phases      ] GC(1029)   Other: 0.08ms
[3987.703s][info][gc,heap        ] GC(1029) Eden regions: 1108->0(1117)
[3987.703s][info][gc,heap        ] GC(1029) Survivor regions: 109->111(153)
[3987.703s][info][gc,heap        ] GC(1029) Old regions: 539->475
[3987.703s][info][gc,heap        ] GC(1029) Humongous regions: 80->80
[3987.703s][info][gc,metaspace   ] GC(1029) Metaspace: 28920K(29312K)->28920K(29312K) NonClass: 24052K(24256K)->24052K(24256K) Class: 4868K(5056K)->4868K(5056K)
[3987.703s][info][gc             ] GC(1029) Pause Young (Mixed) (G1 Evacuation Pause) 3671M->1329M(4096M) 133.195ms
[3987.703s][info][gc,cpu         ] GC(1029) User=0.79s Sys=0.00s Real=0.14s
..[3990.247s][info][gc,start       ] GC(1030) Pause Young (Concurrent Start) (G1 Evacuation Pause)
[3990.247s][info][gc,task        ] GC(1030) Using 6 workers of 6 for evacuation
[3990.369s][info][gc,phases      ] GC(1030)   Pre Evacuate Collection Set: 0.39ms
[3990.369s][info][gc,phases      ] GC(1030)   Merge Heap Roots: 0.48ms
[3990.369s][info][gc,phases      ] GC(1030)   Evacuate Collection Set: 119.47ms
[3990.369s][info][gc,phases      ] GC(1030)   Post Evacuate Collection Set: 0.89ms
[3990.369s][info][gc,phases      ] GC(1030)   Other: 0.13ms
[3990.369s][info][gc,heap        ] GC(1030) Eden regions: 1117->0(1116)
[3990.369s][info][gc,heap        ] GC(1030) Survivor regions: 111->112(154)
[3990.369s][info][gc,heap        ] GC(1030) Old regions: 475->507
[3990.369s][info][gc,heap        ] GC(1030) Humongous regions: 80->80
[3990.369s][info][gc,metaspace   ] GC(1030) Metaspace: 28920K(29312K)->28920K(29312K) NonClass: 24052K(24256K)->24052K(24256K) Class: 4868K(5056K)->4868K(5056K)
[3990.369s][info][gc             ] GC(1030) Pause Young (Concurrent Start) (G1 Evacuation Pause) 3563M->1396M(4096M) 121.505ms
[3990.369s][info][gc             ] GC(1031) Concurrent Mark Cycle
[3990.369s][info][gc,marking     ] GC(1031) Concurrent Scan Root Regions
[3990.369s][info][gc,cpu         ] GC(1030) User=0.72s Sys=0.00s Real=0.12s
.[3990.553s][info][gc,marking     ] GC(1031) Concurrent Scan Root Regions 184.141ms
[3990.553s][info][gc,marking     ] GC(1031) Concurrent Mark
[3990.553s][info][gc,marking     ] GC(1031) Concurrent Mark From Roots
[3990.553s][info][gc,task        ] GC(1031) Using 2 workers of 2 for marking
[3991.458s][info][gc,marking     ] GC(1031) Concurrent Mark From Roots 905.332ms
[3991.459s][info][gc,marking     ] GC(1031) Concurrent Preclean
[3991.459s][info][gc,marking     ] GC(1031) Concurrent Preclean 0.183ms
[3991.460s][info][gc,start       ] GC(1031) Pause Remark
[3991.464s][info][gc             ] GC(1031) Pause Remark 2360M->2360M(4096M) 4.423ms
[3991.464s][info][gc,cpu         ] GC(1031) User=0.02s Sys=0.00s Real=0.01s
[3991.464s][info][gc,marking     ] GC(1031) Concurrent Mark 910.999ms
[3991.464s][info][gc,marking     ] GC(1031) Concurrent Rebuild Remembered Sets and Scrub Regions
.[3991.728s][info][gc,marking     ] GC(1031) Concurrent Rebuild Remembered Sets and Scrub Regions 263.992ms
[3991.729s][info][gc,start       ] GC(1031) Pause Cleanup
[3991.729s][info][gc             ] GC(1031) Pause Cleanup 2566M->2566M(4096M) 0.119ms
[3991.729s][info][gc,cpu         ] GC(1031) User=0.00s Sys=0.00s Real=0.00s
[3991.730s][info][gc,marking     ] GC(1031) Concurrent Clear Claimed Marks
[3991.730s][info][gc,marking     ] GC(1031) Concurrent Clear Claimed Marks 0.039ms
[3991.730s][info][gc,marking     ] GC(1031) Concurrent Cleanup for Next Mark
[3991.735s][info][gc,marking     ] GC(1031) Concurrent Cleanup for Next Mark 5.611ms
[3991.735s][info][gc             ] GC(1031) Concurrent Mark Cycle 1366.329ms
.[3992.843s][info][gc,start       ] GC(1032) Pause Young (Prepare Mixed) (G1 Evacuation Pause)
[3992.843s][info][gc,task        ] GC(1032) Using 6 workers of 6 for evacuation
[3992.969s][info][gc,phases      ] GC(1032)   Pre Evacuate Collection Set: 0.35ms
[3992.969s][info][gc,phases      ] GC(1032)   Merge Heap Roots: 0.51ms
[3992.969s][info][gc,phases      ] GC(1032)   Evacuate Collection Set: 123.37ms
[3992.969s][info][gc,phases      ] GC(1032)   Post Evacuate Collection Set: 0.95ms
[3992.969s][info][gc,phases      ] GC(1032)   Other: 0.09ms
[3992.969s][info][gc,heap        ] GC(1032) Eden regions: 1116->0(1097)
[3992.969s][info][gc,heap        ] GC(1032) Survivor regions: 112->114(154)
[3992.969s][info][gc,heap        ] GC(1032) Old regions: 507->540
[3992.969s][info][gc,heap        ] GC(1032) Humongous regions: 80->80
[3992.969s][info][gc,metaspace   ] GC(1032) Metaspace: 28920K(29312K)->28920K(29312K) NonClass: 24052K(24256K)->24052K(24256K) Class: 4868K(5056K)->4868K(5056K)
[3992.969s][info][gc             ] GC(1032) Pause Young (Prepare Mixed) (G1 Evacuation Pause) 3628M->1466M(4096M) 125.401ms
[3992.969s][info][gc,cpu         ] GC(1032) User=0.75s Sys=0.00s Real=0.12s
. (rIR:aIR:PR = 7057:7041:7041) (tPR = 104444) [OK] 
  3993s: Performance info:
         Transaction,    Success,    Partial,     Failed,   Receipts, AvgBarcode, 
             Overall,     427829,          0,          0,     406289,      59.47, 
         Response times:
             Request,    Success,    Partial,     Failed,   SkipFail,     Probes,    Samples,      min,      p50,      p90,      p95,      p99,      max, 
       TotalPurchase,     406289,          0,          0,          0,     362204,     390240,      300,     6000,    61000,    92000,   142000,   305000,
     InStorePurchase,     213686,          0,          0,          0,     190744,     204592,      300,     5900,    60000,    91000,   141000,   305000,
      OnlinePurchase,     149922,          0,          0,          0,     133540,     144688,      300,     6000,    62000,    92000,   143000,   267000,
        InstPurchase,      42681,          0,          0,          0,      37920,      40960,      400,     6200,    62000,    92000,   143000,   249000,
          AssocOfCat,        431,          0,          0,          0,        354,        455,    25000,    39000,   120400,   151000,   217880,   228000,
      AssocOfProduct,       4294,          0,          0,          0,       4030,       4631,      600,     6600,    67000,    94400,   144680,   241000,
      BusinessReport,       1075,          0,          0,          0,        924,       1154,    24000,    42000,   122000,   163000,   206450,   354000,
          CustBuyBeh,       4297,          0,          0,          0,       3923,       4380,      600,     6300,    68000,    96000,   147000,   242000,
       ProductReturn,      11443,          0,          0,          0,       9671,      10672,      200,     6600,    63000,    95000,   143270,   247000,

  3993s: (52%)   IR =   7195 .[3995.512s][info][gc,start       ] GC(1033) Pause Young (Mixed) (G1 Evacuation Pause)
[3995.512s][info][gc,task        ] GC(1033) Using 6 workers of 6 for evacuation
[3995.645s][info][gc,phases      ] GC(1033)   Pre Evacuate Collection Set: 0.40ms
[3995.645s][info][gc,phases      ] GC(1033)   Merge Heap Roots: 0.67ms
[3995.645s][info][gc,phases      ] GC(1033)   Evacuate Collection Set: 131.17ms
[3995.645s][info][gc,phases      ] GC(1033)   Post Evacuate Collection Set: 0.96ms
[3995.645s][info][gc,phases      ] GC(1033)   Other: 0.09ms
[3995.645s][info][gc,heap        ] GC(1033) Eden regions: 1097->0(1121)
[3995.645s][info][gc,heap        ] GC(1033) Survivor regions: 114->107(152)
[3995.645s][info][gc,heap        ] GC(1033) Old regions: 540->474
[3995.645s][info][gc,heap        ] GC(1033) Humongous regions: 80->80
[3995.645s][info][gc,metaspace   ] GC(1033) Metaspace: 28921K(29312K)->28921K(29312K) NonClass: 24052K(24256K)->24052K(24256K) Class: 4868K(5056K)->4868K(5056K)
[3995.645s][info][gc             ] GC(1033) Pause Young (Mixed) (G1 Evacuation Pause) 3660M->1320M(4096M) 133.427ms
[3995.645s][info][gc,cpu         ] GC(1033) User=0.79s Sys=0.00s Real=0.13s
...[3998.169s][info][gc,start       ] GC(1034) Pause Young (Concurrent Start) (G1 Evacuation Pause)
[3998.169s][info][gc,task        ] GC(1034) Using 6 workers of 6 for evacuation
[3998.288s][info][gc,phases      ] GC(1034)   Pre Evacuate Collection Set: 0.39ms
[3998.288s][info][gc,phases      ] GC(1034)   Merge Heap Roots: 0.47ms
[3998.288s][info][gc,phases      ] GC(1034)   Evacuate Collection Set: 117.28ms
[3998.288s][info][gc,phases      ] GC(1034)   Post Evacuate Collection Set: 0.99ms
[3998.288s][info][gc,phases      ] GC(1034)   Other: 0.13ms
[3998.288s][info][gc,heap        ] GC(1034) Eden regions: 1121->0(1116)
[3998.288s][info][gc,heap        ] GC(1034) Survivor regions: 107->112(154)
[3998.288s][info][gc,heap        ] GC(1034) Old regions: 474->505
[3998.288s][info][gc,heap        ] GC(1034) Humongous regions: 80->80
[3998.288s][info][gc,metaspace   ] GC(1034) Metaspace: 28921K(29312K)->28921K(29312K) NonClass: 24052K(24256K)->24052K(24256K) Class: 4868K(5056K)->4868K(5056K)
[3998.288s][info][gc             ] GC(1034) Pause Young (Concurrent Start) (G1 Evacuation Pause) 3562M->1392M(4096M) 119.404ms
[3998.289s][info][gc             ] GC(1035) Concurrent Mark Cycle
[3998.289s][info][gc,marking     ] GC(1035) Concurrent Scan Root Regions
[3998.289s][info][gc,cpu         ] GC(1034) User=0.70s Sys=0.00s Real=0.12s
[3998.434s][info][gc,marking     ] GC(1035) Concurrent Scan Root Regions 145.141ms
[3998.434s][info][gc,marking     ] GC(1035) Concurrent Mark
[3998.434s][info][gc,marking     ] GC(1035) Concurrent Mark From Roots
[3998.434s][info][gc,task        ] GC(1035) Using 2 workers of 2 for marking
.[3999.171s][info][gc,marking     ] GC(1035) Concurrent Mark From Roots 737.267ms
[3999.171s][info][gc,marking     ] GC(1035) Concurrent Preclean
[3999.171s][info][gc,marking     ] GC(1035) Concurrent Preclean 0.191ms
[3999.172s][info][gc,start       ] GC(1035) Pause Remark
[3999.177s][info][gc             ] GC(1035) Pause Remark 2150M->2150M(4096M) 4.242ms
[3999.177s][info][gc,cpu         ] GC(1035) User=0.02s Sys=0.00s Real=0.00s
[3999.178s][info][gc,marking     ] GC(1035) Concurrent Mark 743.846ms
[3999.178s][info][gc,marking     ] GC(1035) Concurrent Rebuild Remembered Sets and Scrub Regions
[3999.391s][info][gc,marking     ] GC(1035) Concurrent Rebuild Remembered Sets and Scrub Regions 213.433ms
[3999.392s][info][gc,start       ] GC(1035) Pause Cleanup
[3999.392s][info][gc             ] GC(1035) Pause Cleanup 2322M->2322M(4096M) 0.120ms
[3999.392s][info][gc,cpu         ] GC(1035) User=0.00s Sys=0.00s Real=0.00s
[3999.393s][info][gc,marking     ] GC(1035) Concurrent Clear Claimed Marks
[3999.393s][info][gc,marking     ] GC(1035) Concurrent Clear Claimed Marks 0.029ms
[3999.393s][info][gc,marking     ] GC(1035) Concurrent Cleanup for Next Mark
[3999.398s][info][gc,marking     ] GC(1035) Concurrent Cleanup for Next Mark 4.996ms
[3999.398s][info][gc             ] GC(1035) Concurrent Mark Cycle 1109.200ms
.[4000.749s][info][gc,start       ] GC(1036) Pause Young (Prepare Mixed) (G1 Evacuation Pause)
[4000.749s][info][gc,task        ] GC(1036) Using 6 workers of 6 for evacuation
[4000.871s][info][gc,phases      ] GC(1036)   Pre Evacuate Collection Set: 0.37ms
[4000.871s][info][gc,phases      ] GC(1036)   Merge Heap Roots: 0.53ms
[4000.871s][info][gc,phases      ] GC(1036)   Evacuate Collection Set: 120.26ms
[4000.871s][info][gc,phases      ] GC(1036)   Post Evacuate Collection Set: 0.97ms
[4000.871s][info][gc,phases      ] GC(1036)   Other: 0.09ms
[4000.871s][info][gc,heap        ] GC(1036) Eden regions: 1116->0(1104)
[4000.871s][info][gc,heap        ] GC(1036) Survivor regions: 112->112(154)
[4000.871s][info][gc,heap        ] GC(1036) Old regions: 505->537
[4000.871s][info][gc,heap        ] GC(1036) Humongous regions: 80->80
[4000.871s][info][gc,metaspace   ] GC(1036) Metaspace: 28921K(29312K)->28921K(29312K) NonClass: 24052K(24256K)->24052K(24256K) Class: 4868K(5056K)->4868K(5056K)
[4000.871s][info][gc             ] GC(1036) Pause Young (Prepare Mixed) (G1 Evacuation Pause) 3624M->1457M(4096M) 122.346ms
[4000.871s][info][gc,cpu         ] GC(1036) User=0.72s Sys=0.00s Real=0.12s
...[4003.333s][info][gc,start       ] GC(1037) Pause Young (Mixed) (G1 Evacuation Pause)
[4003.333s][info][gc,task        ] GC(1037) Using 6 workers of 6 for evacuation
[4003.467s][info][gc,phases      ] GC(1037)   Pre Evacuate Collection Set: 0.38ms
[4003.467s][info][gc,phases      ] GC(1037)   Merge Heap Roots: 0.63ms
[4003.467s][info][gc,phases      ] GC(1037)   Evacuate Collection Set: 132.27ms
[4003.467s][info][gc,phases      ] GC(1037)   Post Evacuate Collection Set: 0.96ms
[4003.467s][info][gc,phases      ] GC(1037)   Other: 0.08ms
[4003.467s][info][gc,heap        ] GC(1037) Eden regions: 1104->0(1118)
[4003.467s][info][gc,heap        ] GC(1037) Survivor regions: 112->110(152)
[4003.467s][info][gc,heap        ] GC(1037) Old regions: 537->473
[4003.467s][info][gc,heap        ] GC(1037) Humongous regions: 80->80
[4003.467s][info][gc,metaspace   ] GC(1037) Metaspace: 28921K(29312K)->28921K(29312K) NonClass: 24052K(24256K)->24052K(24256K) Class: 4868K(5056K)->4868K(5056K)
[4003.467s][info][gc             ] GC(1037) Pause Young (Mixed) (G1 Evacuation Pause) 3665M->1323M(4096M) 134.455ms
[4003.467s][info][gc,cpu         ] GC(1037) User=0.80s Sys=0.00s Real=0.13s
.|..[4005.951s][info][gc,start       ] GC(1038) Pause Young (Concurrent Start) (G1 Evacuation Pause)
[4005.951s][info][gc,task        ] GC(1038) Using 6 workers of 6 for evacuation
[4006.068s][info][gc,phases      ] GC(1038)   Pre Evacuate Collection Set: 0.36ms
[4006.068s][info][gc,phases      ] GC(1038)   Merge Heap Roots: 0.46ms
[4006.068s][info][gc,phases      ] GC(1038)   Evacuate Collection Set: 115.16ms
[4006.068s][info][gc,phases      ] GC(1038)   Post Evacuate Collection Set: 0.91ms
[4006.068s][info][gc,phases      ] GC(1038)   Other: 0.11ms
[4006.068s][info][gc,heap        ] GC(1038) Eden regions: 1118->0(1119)
[4006.068s][info][gc,heap        ] GC(1038) Survivor regions: 110->109(154)
[4006.068s][info][gc,heap        ] GC(1038) Old regions: 473->504
[4006.068s][info][gc,heap        ] GC(1038) Humongous regions: 80->80
[4006.068s][info][gc,metaspace   ] GC(1038) Metaspace: 28921K(29312K)->28921K(29312K) NonClass: 24052K(24256K)->24052K(24256K) Class: 4868K(5056K)->4868K(5056K)
[4006.068s][info][gc             ] GC(1038) Pause Young (Concurrent Start) (G1 Evacuation Pause) 3559M->1385M(4096M) 117.124ms
[4006.068s][info][gc             ] GC(1039) Concurrent Mark Cycle
[4006.068s][info][gc,marking     ] GC(1039) Concurrent Scan Root Regions
[4006.068s][info][gc,cpu         ] GC(1038) User=0.69s Sys=0.00s Real=0.12s
[4006.249s][info][gc,marking     ] GC(1039) Concurrent Scan Root Regions 180.603ms
[4006.249s][info][gc,marking     ] GC(1039) Concurrent Mark
[4006.249s][info][gc,marking     ] GC(1039) Concurrent Mark From Roots
[4006.249s][info][gc,task        ] GC(1039) Using 2 workers of 2 for marking
.[4007.062s][info][gc,marking     ] GC(1039) Concurrent Mark From Roots 813.016ms
[4007.062s][info][gc,marking     ] GC(1039) Concurrent Preclean
[4007.062s][info][gc,marking     ] GC(1039) Concurrent Preclean 0.161ms
[4007.062s][info][gc,start       ] GC(1039) Pause Remark
[4007.065s][info][gc             ] GC(1039) Pause Remark 2240M->2240M(4096M) 2.615ms
[4007.065s][info][gc,cpu         ] GC(1039) User=0.01s Sys=0.00s Real=0.00s
[4007.065s][info][gc,marking     ] GC(1039) Concurrent Mark 816.159ms
[4007.065s][info][gc,marking     ] GC(1039) Concurrent Rebuild Remembered Sets and Scrub Regions
[4007.351s][info][gc,marking     ] GC(1039) Concurrent Rebuild Remembered Sets and Scrub Regions 286.435ms
[4007.352s][info][gc,start       ] GC(1039) Pause Cleanup
[4007.352s][info][gc             ] GC(1039) Pause Cleanup 2528M->2528M(4096M) 0.105ms
[4007.352s][info][gc,cpu         ] GC(1039) User=0.00s Sys=0.00s Real=0.00s
[4007.352s][info][gc,marking     ] GC(1039) Concurrent Clear Claimed Marks
[4007.352s][info][gc,marking     ] GC(1039) Concurrent Clear Claimed Marks 0.026ms
[4007.352s][info][gc,marking     ] GC(1039) Concurrent Cleanup for Next Mark
[4007.357s][info][gc,marking     ] GC(1039) Concurrent Cleanup for Next Mark 4.647ms
[4007.357s][info][gc             ] GC(1039) Concurrent Mark Cycle 1288.363ms
.[4008.511s][info][gc,start       ] GC(1040) Pause Young (Prepare Mixed) (G1 Evacuation Pause)
[4008.511s][info][gc,task        ] GC(1040) Using 6 workers of 6 for evacuation
[4008.627s][info][gc,phases      ] GC(1040)   Pre Evacuate Collection Set: 0.33ms
[4008.627s][info][gc,phases      ] GC(1040)   Merge Heap Roots: 0.48ms
[4008.627s][info][gc,phases      ] GC(1040)   Evacuate Collection Set: 114.19ms
[4008.627s][info][gc,phases      ] GC(1040)   Post Evacuate Collection Set: 0.92ms
[4008.627s][info][gc,phases      ] GC(1040)   Other: 0.08ms
[4008.627s][info][gc,heap        ] GC(1040) Eden regions: 1119->0(1115)
[4008.627s][info][gc,heap        ] GC(1040) Survivor regions: 109->107(154)
[4008.627s][info][gc,heap        ] GC(1040) Old regions: 504->536
[4008.627s][info][gc,heap        ] GC(1040) Humongous regions: 80->80
[4008.627s][info][gc,metaspace   ] GC(1040) Metaspace: 28921K(29312K)->28921K(29312K) NonClass: 24052K(24256K)->24052K(24256K) Class: 4868K(5056K)->4868K(5056K)
[4008.627s][info][gc             ] GC(1040) Pause Young (Prepare Mixed) (G1 Evacuation Pause) 3623M->1444M(4096M) 116.137ms
[4008.627s][info][gc,cpu         ] GC(1040) User=0.69s Sys=0.00s Real=0.12s
...[4011.094s][info][gc,start       ] GC(1041) Pause Young (Mixed) (G1 Evacuation Pause)
[4011.094s][info][gc,task        ] GC(1041) Using 6 workers of 6 for evacuation
[4011.233s][info][gc,phases      ] GC(1041)   Pre Evacuate Collection Set: 0.37ms
[4011.233s][info][gc,phases      ] GC(1041)   Merge Heap Roots: 0.69ms
[4011.233s][info][gc,phases      ] GC(1041)   Evacuate Collection Set: 137.03ms
[4011.233s][info][gc,phases      ] GC(1041)   Post Evacuate Collection Set: 0.96ms
[4011.233s][info][gc,phases      ] GC(1041)   Other: 0.09ms
[4011.233s][info][gc,heap        ] GC(1041) Eden regions: 1115->0(1116)
[4011.233s][info][gc,heap        ] GC(1041) Survivor regions: 107->112(153)
[4011.233s][info][gc,heap        ] GC(1041) Old regions: 536->475
[4011.233s][info][gc,heap        ] GC(1041) Humongous regions: 80->80
[4011.233s][info][gc,metaspace   ] GC(1041) Metaspace: 28921K(29312K)->28921K(29312K) NonClass: 24052K(24256K)->24052K(24256K) Class: 4868K(5056K)->4868K(5056K)
[4011.233s][info][gc             ] GC(1041) Pause Young (Mixed) (G1 Evacuation Pause) 3674M->1331M(4096M) 139.268ms
[4011.233s][info][gc,cpu         ] GC(1041) User=0.83s Sys=0.00s Real=0.14s
..[4013.747s][info][gc,start       ] GC(1042) Pause Young (Concurrent Start) (G1 Evacuation Pause)
[4013.747s][info][gc,task        ] GC(1042) Using 6 workers of 6 for evacuation
[4013.864s][info][gc,phases      ] GC(1042)   Pre Evacuate Collection Set: 0.39ms
[4013.864s][info][gc,phases      ] GC(1042)   Merge Heap Roots: 0.43ms
[4013.864s][info][gc,phases      ] GC(1042)   Evacuate Collection Set: 115.16ms
[4013.864s][info][gc,phases      ] GC(1042)   Post Evacuate Collection Set: 0.90ms
[4013.864s][info][gc,phases      ] GC(1042)   Other: 0.10ms
[4013.864s][info][gc,heap        ] GC(1042) Eden regions: 1116->0(1119)
[4013.864s][info][gc,heap        ] GC(1042) Survivor regions: 112->109(154)
[4013.864s][info][gc,heap        ] GC(1042) Old regions: 475->506
[4013.864s][info][gc,heap        ] GC(1042) Humongous regions: 80->80
[4013.864s][info][gc,metaspace   ] GC(1042) Metaspace: 28921K(29312K)->28921K(29312K) NonClass: 24052K(24256K)->24052K(24256K) Class: 4868K(5056K)->4868K(5056K)
[4013.864s][info][gc             ] GC(1042) Pause Young (Concurrent Start) (G1 Evacuation Pause) 3563M->1388M(4096M) 117.130ms
[4013.864s][info][gc             ] GC(1043) Concurrent Mark Cycle
[4013.864s][info][gc,marking     ] GC(1043) Concurrent Scan Root Regions
[4013.864s][info][gc,cpu         ] GC(1042) User=0.70s Sys=0.00s Real=0.12s
[4014.001s][info][gc,marking     ] GC(1043) Concurrent Scan Root Regions 137.068ms
[4014.001s][info][gc,marking     ] GC(1043) Concurrent Mark
[4014.001s][info][gc,marking     ] GC(1043) Concurrent Mark From Roots
[4014.001s][info][gc,task        ] GC(1043) Using 2 workers of 2 for marking
.[4014.566s][info][gc,marking     ] GC(1043) Concurrent Mark From Roots 565.245ms
[4014.566s][info][gc,marking     ] GC(1043) Concurrent Preclean
[4014.566s][info][gc,marking     ] GC(1043) Concurrent Preclean 0.150ms
[4014.567s][info][gc,start       ] GC(1043) Pause Remark
[4014.572s][info][gc             ] GC(1043) Pause Remark 1956M->1956M(4096M) 4.487ms
[4014.572s][info][gc,cpu         ] GC(1043) User=0.02s Sys=0.00s Real=0.00s
[4014.572s][info][gc,marking     ] GC(1043) Concurrent Mark 571.488ms
[4014.572s][info][gc,marking     ] GC(1043) Concurrent Rebuild Remembered Sets and Scrub Regions
[4014.793s][info][gc,marking     ] GC(1043) Concurrent Rebuild Remembered Sets and Scrub Regions 220.325ms
[4014.794s][info][gc,start       ] GC(1043) Pause Cleanup
[4014.795s][info][gc             ] GC(1043) Pause Cleanup 2146M->2146M(4096M) 0.138ms
[4014.795s][info][gc,cpu         ] GC(1043) User=0.00s Sys=0.00s Real=0.00s
[4014.796s][info][gc,marking     ] GC(1043) Concurrent Clear Claimed Marks
[4014.796s][info][gc,marking     ] GC(1043) Concurrent Clear Claimed Marks 0.043ms
[4014.796s][info][gc,marking     ] GC(1043) Concurrent Cleanup for Next Mark
[4014.805s][info][gc,marking     ] GC(1043) Concurrent Cleanup for Next Mark 9.005ms
[4014.805s][info][gc             ] GC(1043) Concurrent Mark Cycle 940.969ms
..[4016.450s][info][gc,start       ] GC(1044) Pause Young (Prepare Mixed) (G1 Evacuation Pause)
[4016.450s][info][gc,task        ] GC(1044) Using 6 workers of 6 for evacuation
[4016.567s][info][gc,phases      ] GC(1044)   Pre Evacuate Collection Set: 0.34ms
[4016.567s][info][gc,phases      ] GC(1044)   Merge Heap Roots: 0.47ms
[4016.567s][info][gc,phases      ] GC(1044)   Evacuate Collection Set: 115.77ms
[4016.567s][info][gc,phases      ] GC(1044)   Post Evacuate Collection Set: 0.94ms
[4016.567s][info][gc,phases      ] GC(1044)   Other: 0.09ms
[4016.567s][info][gc,heap        ] GC(1044) Eden regions: 1119->0(1109)
[4016.567s][info][gc,heap        ] GC(1044) Survivor regions: 109->109(154)
[4016.567s][info][gc,heap        ] GC(1044) Old regions: 506->538
[4016.567s][info][gc,heap        ] GC(1044) Humongous regions: 80->80
[4016.567s][info][gc,metaspace   ] GC(1044) Metaspace: 28921K(29312K)->28921K(29312K) NonClass: 24052K(24256K)->24052K(24256K) Class: 4868K(5056K)->4868K(5056K)
[4016.567s][info][gc             ] GC(1044) Pause Young (Prepare Mixed) (G1 Evacuation Pause) 3626M->1452M(4096M) 117.724ms
[4016.567s][info][gc,cpu         ] GC(1044) User=0.70s Sys=0.00s Real=0.12s
..[4018.988s][info][gc,start       ] GC(1045) Pause Young (Mixed) (G1 Evacuation Pause)
[4018.988s][info][gc,task        ] GC(1045) Using 6 workers of 6 for evacuation
[4019.126s][info][gc,phases      ] GC(1045)   Pre Evacuate Collection Set: 0.42ms
[4019.126s][info][gc,phases      ] GC(1045)   Merge Heap Roots: 0.73ms
[4019.126s][info][gc,phases      ] GC(1045)   Evacuate Collection Set: 136.12ms
[4019.126s][info][gc,phases      ] GC(1045)   Post Evacuate Collection Set: 0.97ms
[4019.126s][info][gc,phases      ] GC(1045)   Other: 0.09ms
[4019.126s][info][gc,heap        ] GC(1045) Eden regions: 1109->0(1117)
[4019.126s][info][gc,heap        ] GC(1045) Survivor regions: 109->111(153)
[4019.126s][info][gc,heap        ] GC(1045) Old regions: 538->475
[4019.126s][info][gc,heap        ] GC(1045) Humongous regions: 80->80
[4019.126s][info][gc,metaspace   ] GC(1045) Metaspace: 28921K(29312K)->28921K(29312K) NonClass: 24052K(24256K)->24052K(24256K) Class: 4868K(5056K)->4868K(5056K)
[4019.127s][info][gc             ] GC(1045) Pause Young (Mixed) (G1 Evacuation Pause) 3670M->1329M(4096M) 138.471ms
[4019.127s][info][gc,cpu         ] GC(1045) User=0.82s Sys=0.00s Real=0.14s
...[4021.597s][info][gc,start       ] GC(1046) Pause Young (Concurrent Start) (G1 Evacuation Pause)
[4021.597s][info][gc,task        ] GC(1046) Using 6 workers of 6 for evacuation
[4021.716s][info][gc,phases      ] GC(1046)   Pre Evacuate Collection Set: 0.36ms
[4021.716s][info][gc,phases      ] GC(1046)   Merge Heap Roots: 0.44ms
[4021.716s][info][gc,phases      ] GC(1046)   Evacuate Collection Set: 117.28ms
[4021.716s][info][gc,phases      ] GC(1046)   Post Evacuate Collection Set: 0.80ms
[4021.716s][info][gc,phases      ] GC(1046)   Other: 0.11ms
[4021.716s][info][gc,heap        ] GC(1046) Eden regions: 1117->0(1119)
[4021.716s][info][gc,heap        ] GC(1046) Survivor regions: 111->109(154)
[4021.716s][info][gc,heap        ] GC(1046) Old regions: 475->506
[4021.716s][info][gc,heap        ] GC(1046) Humongous regions: 80->80
[4021.716s][info][gc,metaspace   ] GC(1046) Metaspace: 28921K(29312K)->28921K(29312K) NonClass: 24052K(24256K)->24052K(24256K) Class: 4868K(5056K)->4868K(5056K)
[4021.716s][info][gc             ] GC(1046) Pause Young (Concurrent Start) (G1 Evacuation Pause) 3563M->1388M(4096M) 119.120ms
[4021.716s][info][gc             ] GC(1047) Concurrent Mark Cycle
[4021.717s][info][gc,marking     ] GC(1047) Concurrent Scan Root Regions
[4021.717s][info][gc,cpu         ] GC(1046) User=0.71s Sys=0.00s Real=0.12s
[4021.840s][info][gc,marking     ] GC(1047) Concurrent Scan Root Regions 123.031ms
[4021.840s][info][gc,marking     ] GC(1047) Concurrent Mark
[4021.840s][info][gc,marking     ] GC(1047) Concurrent Mark From Roots
[4021.840s][info][gc,task        ] GC(1047) Using 2 workers of 2 for marking
.[4022.600s][info][gc,marking     ] GC(1047) Concurrent Mark From Roots 760.302ms
[4022.600s][info][gc,marking     ] GC(1047) Concurrent Preclean
[4022.600s][info][gc,marking     ] GC(1047) Concurrent Preclean 0.148ms
[4022.602s][info][gc,start       ] GC(1047) Pause Remark
[4022.605s][info][gc             ] GC(1047) Pause Remark 2172M->2172M(4096M) 2.795ms
[4022.605s][info][gc,cpu         ] GC(1047) User=0.01s Sys=0.00s Real=0.00s
[4022.606s][info][gc,marking     ] GC(1047) Concurrent Mark 765.908ms
[4022.606s][info][gc,marking     ] GC(1047) Concurrent Rebuild Remembered Sets and Scrub Regions
[4022.866s][info][gc,marking     ] GC(1047) Concurrent Rebuild Remembered Sets and Scrub Regions 260.015ms
[4022.866s][info][gc,start       ] GC(1047) Pause Cleanup
[4022.866s][info][gc             ] GC(1047) Pause Cleanup 2423M->2423M(4096M) 0.119ms
[4022.866s][info][gc,cpu         ] GC(1047) User=0.00s Sys=0.00s Real=0.00s
[4022.866s][info][gc,marking     ] GC(1047) Concurrent Clear Claimed Marks
[4022.866s][info][gc,marking     ] GC(1047) Concurrent Clear Claimed Marks 0.023ms
[4022.866s][info][gc,marking     ] GC(1047) Concurrent Cleanup for Next Mark
[4022.874s][info][gc,marking     ] GC(1047) Concurrent Cleanup for Next Mark 7.868ms
[4022.874s][info][gc             ] GC(1047) Concurrent Mark Cycle 1157.426ms
..[4024.256s][info][gc,start       ] GC(1048) Pause Young (Prepare Mixed) (G1 Evacuation Pause)
[4024.256s][info][gc,task        ] GC(1048) Using 6 workers of 6 for evacuation
[4024.376s][info][gc,phases      ] GC(1048)   Pre Evacuate Collection Set: 0.32ms
[4024.376s][info][gc,phases      ] GC(1048)   Merge Heap Roots: 0.54ms
[4024.376s][info][gc,phases      ] GC(1048)   Evacuate Collection Set: 117.63ms
[4024.376s][info][gc,phases      ] GC(1048)   Post Evacuate Collection Set: 0.94ms
[4024.376s][info][gc,phases      ] GC(1048)   Other: 0.09ms
[4024.376s][info][gc,heap        ] GC(1048) Eden regions: 1119->0(1105)
[4024.376s][info][gc,heap        ] GC(1048) Survivor regions: 109->112(154)
[4024.376s][info][gc,heap        ] GC(1048) Old regions: 506->536
[4024.376s][info][gc,heap        ] GC(1048) Humongous regions: 80->80
[4024.376s][info][gc,metaspace   ] GC(1048) Metaspace: 28921K(29312K)->28921K(29312K) NonClass: 24052K(24256K)->24052K(24256K) Class: 4868K(5056K)->4868K(5056K)
[4024.376s][info][gc             ] GC(1048) Pause Young (Prepare Mixed) (G1 Evacuation Pause) 3626M->1454M(4096M) 119.645ms
[4024.376s][info][gc,cpu         ] GC(1048) User=0.71s Sys=0.00s Real=0.12s
..[4026.834s][info][gc,start       ] GC(1049) Pause Young (Mixed) (G1 Evacuation Pause)
[4026.834s][info][gc,task        ] GC(1049) Using 6 workers of 6 for evacuation
[4026.970s][info][gc,phases      ] GC(1049)   Pre Evacuate Collection Set: 0.36ms
[4026.970s][info][gc,phases      ] GC(1049)   Merge Heap Roots: 0.73ms
[4026.970s][info][gc,phases      ] GC(1049)   Evacuate Collection Set: 134.15ms
[4026.970s][info][gc,phases      ] GC(1049)   Post Evacuate Collection Set: 0.99ms
[4026.970s][info][gc,phases      ] GC(1049)   Other: 0.09ms
[4026.970s][info][gc,heap        ] GC(1049) Eden regions: 1105->0(1116)
[4026.970s][info][gc,heap        ] GC(1049) Survivor regions: 112->112(153)
[4026.970s][info][gc,heap        ] GC(1049) Old regions: 536->472
[4026.970s][info][gc,heap        ] GC(1049) Humongous regions: 80->80
[4026.970s][info][gc,metaspace   ] GC(1049) Metaspace: 28921K(29312K)->28921K(29312K) NonClass: 24052K(24256K)->24052K(24256K) Class: 4868K(5056K)->4868K(5056K)
[4026.970s][info][gc             ] GC(1049) Pause Young (Mixed) (G1 Evacuation Pause) 3664M->1326M(4096M) 136.450ms
[4026.970s][info][gc,cpu         ] GC(1049) User=0.81s Sys=0.00s Real=0.13s
...[4029.393s][info][gc,start       ] GC(1050) Pause Young (Concurrent Start) (G1 Evacuation Pause)
[4029.393s][info][gc,task        ] GC(1050) Using 6 workers of 6 for evacuation
[4029.508s][info][gc,phases      ] GC(1050)   Pre Evacuate Collection Set: 0.37ms
[4029.508s][info][gc,phases      ] GC(1050)   Merge Heap Roots: 0.45ms
[4029.508s][info][gc,phases      ] GC(1050)   Evacuate Collection Set: 113.20ms
[4029.508s][info][gc,phases      ] GC(1050)   Post Evacuate Collection Set: 0.89ms
[4029.508s][info][gc,phases      ] GC(1050)   Other: 0.10ms
[4029.508s][info][gc,heap        ] GC(1050) Eden regions: 1116->0(1123)
[4029.508s][info][gc,heap        ] GC(1050) Survivor regions: 112->105(154)
[4029.508s][info][gc,heap        ] GC(1050) Old regions: 472->505
[4029.508s][info][gc,heap        ] GC(1050) Humongous regions: 80->80
[4029.508s][info][gc,metaspace   ] GC(1050) Metaspace: 28921K(29312K)->28921K(29312K) NonClass: 24052K(24256K)->24052K(24256K) Class: 4868K(5056K)->4868K(5056K)
[4029.508s][info][gc             ] GC(1050) Pause Young (Concurrent Start) (G1 Evacuation Pause) 3558M->1378M(4096M) 115.145ms
[4029.508s][info][gc             ] GC(1051) Concurrent Mark Cycle
[4029.508s][info][gc,marking     ] GC(1051) Concurrent Scan Root Regions
[4029.508s][info][gc,cpu         ] GC(1050) User=0.68s Sys=0.01s Real=0.11s
[4029.714s][info][gc,marking     ] GC(1051) Concurrent Scan Root Regions 206.364ms
[4029.714s][info][gc,marking     ] GC(1051) Concurrent Mark
[4029.714s][info][gc,marking     ] GC(1051) Concurrent Mark From Roots
[4029.714s][info][gc,task        ] GC(1051) Using 2 workers of 2 for marking
.[4030.567s][info][gc,marking     ] GC(1051) Concurrent Mark From Roots 852.383ms
[4030.567s][info][gc,marking     ] GC(1051) Concurrent Preclean
[4030.567s][info][gc,marking     ] GC(1051) Concurrent Preclean 0.175ms
[4030.568s][info][gc,start       ] GC(1051) Pause Remark
[4030.574s][info][gc             ] GC(1051) Pause Remark 2304M->2304M(4096M) 5.942ms
[4030.574s][info][gc,cpu         ] GC(1051) User=0.03s Sys=0.00s Real=0.01s
[4030.574s][info][gc,marking     ] GC(1051) Concurrent Mark 860.044ms
[4030.574s][info][gc,marking     ] GC(1051) Concurrent Rebuild Remembered Sets and Scrub Regions
[4030.908s][info][gc,marking     ] GC(1051) Concurrent Rebuild Remembered Sets and Scrub Regions 333.801ms
[4030.909s][info][gc,start       ] GC(1051) Pause Cleanup
[4030.909s][info][gc             ] GC(1051) Pause Cleanup 2612M->2612M(4096M) 0.110ms
[4030.909s][info][gc,cpu         ] GC(1051) User=0.00s Sys=0.00s Real=0.00s
[4030.909s][info][gc,marking     ] GC(1051) Concurrent Clear Claimed Marks
[4030.909s][info][gc,marking     ] GC(1051) Concurrent Clear Claimed Marks 0.039ms
[4030.909s][info][gc,marking     ] GC(1051) Concurrent Cleanup for Next Mark
[4030.913s][info][gc,marking     ] GC(1051) Concurrent Cleanup for Next Mark 4.256ms
[4030.914s][info][gc             ] GC(1051) Concurrent Mark Cycle 1405.588ms
.[4032.086s][info][gc,start       ] GC(1052) Pause Young (Prepare Mixed) (G1 Evacuation Pause)
[4032.086s][info][gc,task        ] GC(1052) Using 6 workers of 6 for evacuation
[4032.204s][info][gc,phases      ] GC(1052)   Pre Evacuate Collection Set: 0.33ms
[4032.204s][info][gc,phases      ] GC(1052)   Merge Heap Roots: 0.47ms
[4032.204s][info][gc,phases      ] GC(1052)   Evacuate Collection Set: 116.03ms
[4032.204s][info][gc,phases      ] GC(1052)   Post Evacuate Collection Set: 0.94ms
[4032.204s][info][gc,phases      ] GC(1052)   Other: 0.09ms
[4032.204s][info][gc,heap        ] GC(1052) Eden regions: 1123->0(1108)
[4032.204s][info][gc,heap        ] GC(1052) Survivor regions: 105->110(154)
[4032.204s][info][gc,heap        ] GC(1052) Old regions: 505->537
[4032.204s][info][gc,heap        ] GC(1052) Humongous regions: 80->80
[4032.204s][info][gc,metaspace   ] GC(1052) Metaspace: 28921K(29312K)->28921K(29312K) NonClass: 24052K(24256K)->24052K(24256K) Class: 4868K(5056K)->4868K(5056K)
[4032.204s][info][gc             ] GC(1052) Pause Young (Prepare Mixed) (G1 Evacuation Pause) 3624M->1452M(4096M) 118.019ms
[4032.204s][info][gc,cpu         ] GC(1052) User=0.69s Sys=0.00s Real=0.12s
...[4034.705s][info][gc,start       ] GC(1053) Pause Young (Mixed) (G1 Evacuation Pause)
[4034.705s][info][gc,task        ] GC(1053) Using 6 workers of 6 for evacuation
[4034.836s][info][gc,phases      ] GC(1053)   Pre Evacuate Collection Set: 0.39ms
[4034.836s][info][gc,phases      ] GC(1053)   Merge Heap Roots: 0.72ms
[4034.836s][info][gc,phases      ] GC(1053)   Evacuate Collection Set: 128.75ms
[4034.836s][info][gc,phases      ] GC(1053)   Post Evacuate Collection Set: 0.95ms
[4034.836s][info][gc,phases      ] GC(1053)   Other: 0.10ms
[4034.836s][info][gc,heap        ] GC(1053) Eden regions: 1108->0(1118)
[4034.836s][info][gc,heap        ] GC(1053) Survivor regions: 110->110(153)
[4034.836s][info][gc,heap        ] GC(1053) Old regions: 537->475
[4034.836s][info][gc,heap        ] GC(1053) Humongous regions: 80->80
[4034.836s][info][gc,metaspace   ] GC(1053) Metaspace: 28921K(29312K)->28921K(29312K) NonClass: 24052K(24256K)->24052K(24256K) Class: 4868K(5056K)->4868K(5056K)
[4034.836s][info][gc             ] GC(1053) Pause Young (Mixed) (G1 Evacuation Pause) 3668M->1328M(4096M) 131.040ms
[4034.836s][info][gc,cpu         ] GC(1053) User=0.77s Sys=0.00s Real=0.13s
...[4037.321s][info][gc,start       ] GC(1054) Pause Young (Concurrent Start) (G1 Evacuation Pause)
[4037.321s][info][gc,task        ] GC(1054) Using 6 workers of 6 for evacuation
[4037.445s][info][gc,phases      ] GC(1054)   Pre Evacuate Collection Set: 0.36ms
[4037.445s][info][gc,phases      ] GC(1054)   Merge Heap Roots: 0.46ms
[4037.445s][info][gc,phases      ] GC(1054)   Evacuate Collection Set: 122.07ms
[4037.445s][info][gc,phases      ] GC(1054)   Post Evacuate Collection Set: 0.76ms
[4037.445s][info][gc,phases      ] GC(1054)   Other: 0.11ms
[4037.445s][info][gc,heap        ] GC(1054) Eden regions: 1118->0(1113)
[4037.445s][info][gc,heap        ] GC(1054) Survivor regions: 110->115(154)
[4037.445s][info][gc,heap        ] GC(1054) Old regions: 475->508
[4037.445s][info][gc,heap        ] GC(1054) Humongous regions: 80->80
[4037.445s][info][gc,metaspace   ] GC(1054) Metaspace: 28921K(29312K)->28921K(29312K) NonClass: 24052K(24256K)->24052K(24256K) Class: 4868K(5056K)->4868K(5056K)
[4037.445s][info][gc             ] GC(1054) Pause Young (Concurrent Start) (G1 Evacuation Pause) 3564M->1405M(4096M) 123.897ms
[4037.445s][info][gc             ] GC(1055) Concurrent Mark Cycle
[4037.445s][info][gc,marking     ] GC(1055) Concurrent Scan Root Regions
[4037.445s][info][gc,cpu         ] GC(1054) User=0.73s Sys=0.00s Real=0.13s
[4037.629s][info][gc,marking     ] GC(1055) Concurrent Scan Root Regions 184.245ms
[4037.629s][info][gc,marking     ] GC(1055) Concurrent Mark
[4037.629s][info][gc,marking     ] GC(1055) Concurrent Mark From Roots
[4037.630s][info][gc,task        ] GC(1055) Using 2 workers of 2 for marking
.[4038.577s][info][gc,marking     ] GC(1055) Concurrent Mark From Roots 947.662ms
[4038.577s][info][gc,marking     ] GC(1055) Concurrent Preclean
[4038.577s][info][gc,marking     ] GC(1055) Concurrent Preclean 0.179ms
[4038.578s][info][gc,start       ] GC(1055) Pause Remark
[4038.583s][info][gc             ] GC(1055) Pause Remark 2429M->2429M(4096M) 4.286ms
[4038.583s][info][gc,cpu         ] GC(1055) User=0.02s Sys=0.00s Real=0.01s
[4038.584s][info][gc,marking     ] GC(1055) Concurrent Mark 954.020ms
[4038.584s][info][gc,marking     ] GC(1055) Concurrent Rebuild Remembered Sets and Scrub Regions
[4038.861s][info][gc,marking     ] GC(1055) Concurrent Rebuild Remembered Sets and Scrub Regions 277.770ms
[4038.861s][info][gc,start       ] GC(1055) Pause Cleanup
[4038.862s][info][gc             ] GC(1055) Pause Cleanup 2709M->2709M(4096M) 0.121ms
[4038.862s][info][gc,cpu         ] GC(1055) User=0.00s Sys=0.00s Real=0.00s
[4038.862s][info][gc,marking     ] GC(1055) Concurrent Clear Claimed Marks
[4038.862s][info][gc,marking     ] GC(1055) Concurrent Clear Claimed Marks 0.036ms
[4038.862s][info][gc,marking     ] GC(1055) Concurrent Cleanup for Next Mark
[4038.868s][info][gc,marking     ] GC(1055) Concurrent Cleanup for Next Mark 6.305ms
[4038.868s][info][gc             ] GC(1055) Concurrent Mark Cycle 1422.922ms
.[4039.894s][info][gc,start       ] GC(1056) Pause Young (Prepare Mixed) (G1 Evacuation Pause)
[4039.894s][info][gc,task        ] GC(1056) Using 6 workers of 6 for evacuation
[4040.017s][info][gc,phases      ] GC(1056)   Pre Evacuate Collection Set: 0.32ms
[4040.017s][info][gc,phases      ] GC(1056)   Merge Heap Roots: 0.46ms
[4040.017s][info][gc,phases      ] GC(1056)   Evacuate Collection Set: 120.94ms
[4040.017s][info][gc,phases      ] GC(1056)   Post Evacuate Collection Set: 0.95ms
[4040.017s][info][gc,phases      ] GC(1056)   Other: 0.09ms
[4040.017s][info][gc,heap        ] GC(1056) Eden regions: 1113->0(1099)
[4040.017s][info][gc,heap        ] GC(1056) Survivor regions: 115->113(154)
[4040.017s][info][gc,heap        ] GC(1056) Old regions: 508->540
[4040.017s][info][gc,heap        ] GC(1056) Humongous regions: 80->80
[4040.017s][info][gc,metaspace   ] GC(1056) Metaspace: 28921K(29312K)->28921K(29312K) NonClass: 24052K(24256K)->24052K(24256K) Class: 4868K(5056K)->4868K(5056K)
[4040.017s][info][gc             ] GC(1056) Pause Young (Prepare Mixed) (G1 Evacuation Pause) 3631M->1465M(4096M) 122.914ms
[4040.017s][info][gc,cpu         ] GC(1056) User=0.73s Sys=0.00s Real=0.12s
...[4042.478s][info][gc,start       ] GC(1057) Pause Young (Mixed) (G1 Evacuation Pause)
[4042.479s][info][gc,task        ] GC(1057) Using 6 workers of 6 for evacuation
[4042.609s][info][gc,phases      ] GC(1057)   Pre Evacuate Collection Set: 0.40ms
[4042.609s][info][gc,phases      ] GC(1057)   Merge Heap Roots: 0.64ms
[4042.609s][info][gc,phases      ] GC(1057)   Evacuate Collection Set: 128.60ms
[4042.609s][info][gc,phases      ] GC(1057)   Post Evacuate Collection Set: 0.94ms
[4042.609s][info][gc,phases      ] GC(1057)   Other: 0.10ms
[4042.609s][info][gc,heap        ] GC(1057) Eden regions: 1099->0(1123)
[4042.609s][info][gc,heap        ] GC(1057) Survivor regions: 113->105(152)
[4042.609s][info][gc,heap        ] GC(1057) Old regions: 540->475
[4042.609s][info][gc,heap        ] GC(1057) Humongous regions: 80->80
[4042.609s][info][gc,metaspace   ] GC(1057) Metaspace: 28921K(29312K)->28921K(29312K) NonClass: 24052K(24256K)->24052K(24256K) Class: 4868K(5056K)->4868K(5056K)
[4042.609s][info][gc             ] GC(1057) Pause Young (Mixed) (G1 Evacuation Pause) 3663M->1318M(4096M) 130.823ms
[4042.609s][info][gc,cpu         ] GC(1057) User=0.78s Sys=0.00s Real=0.13s
..[4045.138s][info][gc,start       ] GC(1058) Pause Young (Concurrent Start) (G1 Evacuation Pause)
[4045.138s][info][gc,task        ] GC(1058) Using 6 workers of 6 for evacuation
[4045.258s][info][gc,phases      ] GC(1058)   Pre Evacuate Collection Set: 0.39ms
[4045.258s][info][gc,phases      ] GC(1058)   Merge Heap Roots: 0.48ms
[4045.258s][info][gc,phases      ] GC(1058)   Evacuate Collection Set: 118.16ms
[4045.258s][info][gc,phases      ] GC(1058)   Post Evacuate Collection Set: 0.88ms
[4045.258s][info][gc,phases      ] GC(1058)   Other: 0.11ms
[4045.258s][info][gc,heap        ] GC(1058) Eden regions: 1123->0(1117)
[4045.258s][info][gc,heap        ] GC(1058) Survivor regions: 105->111(154)
[4045.258s][info][gc,heap        ] GC(1058) Old regions: 475->506
[4045.258s][info][gc,heap        ] GC(1058) Humongous regions: 80->80
[4045.258s][info][gc,metaspace   ] GC(1058) Metaspace: 28921K(29312K)->28921K(29312K) NonClass: 24052K(24256K)->24052K(24256K) Class: 4868K(5056K)->4868K(5056K)
[4045.258s][info][gc             ] GC(1058) Pause Young (Concurrent Start) (G1 Evacuation Pause) 3564M->1392M(4096M) 120.151ms
[4045.258s][info][gc             ] GC(1059) Concurrent Mark Cycle
[4045.258s][info][gc,marking     ] GC(1059) Concurrent Scan Root Regions
[4045.258s][info][gc,cpu         ] GC(1058) User=0.71s Sys=0.00s Real=0.12s
.[4045.407s][info][gc,marking     ] GC(1059) Concurrent Scan Root Regions 149.294ms
[4045.407s][info][gc,marking     ] GC(1059) Concurrent Mark
[4045.407s][info][gc,marking     ] GC(1059) Concurrent Mark From Roots
[4045.407s][info][gc,task        ] GC(1059) Using 2 workers of 2 for marking
[4046.166s][info][gc,marking     ] GC(1059) Concurrent Mark From Roots 758.958ms
[4046.166s][info][gc,marking     ] GC(1059) Concurrent Preclean
[4046.166s][info][gc,marking     ] GC(1059) Concurrent Preclean 0.170ms
[4046.171s][info][gc,start       ] GC(1059) Pause Remark
[4046.175s][info][gc             ] GC(1059) Pause Remark 2206M->2206M(4096M) 3.647ms
[4046.175s][info][gc,cpu         ] GC(1059) User=0.02s Sys=0.00s Real=0.01s
[4046.175s][info][gc,marking     ] GC(1059) Concurrent Mark 767.654ms
[4046.175s][info][gc,marking     ] GC(1059) Concurrent Rebuild Remembered Sets and Scrub Regions
.[4046.470s][info][gc,marking     ] GC(1059) Concurrent Rebuild Remembered Sets and Scrub Regions 294.763ms
[4046.471s][info][gc,start       ] GC(1059) Pause Cleanup
[4046.471s][info][gc             ] GC(1059) Pause Cleanup 2482M->2482M(4096M) 0.133ms
[4046.472s][info][gc,cpu         ] GC(1059) User=0.00s Sys=0.00s Real=0.00s
[4046.472s][info][gc,marking     ] GC(1059) Concurrent Clear Claimed Marks
[4046.472s][info][gc,marking     ] GC(1059) Concurrent Clear Claimed Marks 0.026ms
[4046.472s][info][gc,marking     ] GC(1059) Concurrent Cleanup for Next Mark
[4046.476s][info][gc,marking     ] GC(1059) Concurrent Cleanup for Next Mark 4.699ms
[4046.476s][info][gc             ] GC(1059) Concurrent Mark Cycle 1218.605ms
.[4047.714s][info][gc,start       ] GC(1060) Pause Young (Prepare Mixed) (G1 Evacuation Pause)
[4047.714s][info][gc,task        ] GC(1060) Using 6 workers of 6 for evacuation
[4047.829s][info][gc,phases      ] GC(1060)   Pre Evacuate Collection Set: 0.34ms
[4047.829s][info][gc,phases      ] GC(1060)   Merge Heap Roots: 0.50ms
[4047.829s][info][gc,phases      ] GC(1060)   Evacuate Collection Set: 113.29ms
[4047.829s][info][gc,phases      ] GC(1060)   Post Evacuate Collection Set: 0.93ms
[4047.829s][info][gc,phases      ] GC(1060)   Other: 0.11ms
[4047.829s][info][gc,heap        ] GC(1060) Eden regions: 1117->0(1110)
[4047.829s][info][gc,heap        ] GC(1060) Survivor regions: 111->109(154)
[4047.829s][info][gc,heap        ] GC(1060) Old regions: 506->537
[4047.829s][info][gc,heap        ] GC(1060) Humongous regions: 80->80
[4047.829s][info][gc,metaspace   ] GC(1060) Metaspace: 28921K(29312K)->28921K(29312K) NonClass: 24052K(24256K)->24052K(24256K) Class: 4868K(5056K)->4868K(5056K)
[4047.829s][info][gc             ] GC(1060) Pause Young (Prepare Mixed) (G1 Evacuation Pause) 3626M->1449M(4096M) 115.328ms
[4047.829s][info][gc,cpu         ] GC(1060) User=0.68s Sys=0.00s Real=0.11s
..[4050.356s][info][gc,start       ] GC(1061) Pause Young (Mixed) (G1 Evacuation Pause)
[4050.356s][info][gc,task        ] GC(1061) Using 6 workers of 6 for evacuation
[4050.494s][info][gc,phases      ] GC(1061)   Pre Evacuate Collection Set: 0.37ms
[4050.494s][info][gc,phases      ] GC(1061)   Merge Heap Roots: 0.74ms
[4050.494s][info][gc,phases      ] GC(1061)   Evacuate Collection Set: 135.21ms
[4050.494s][info][gc,phases      ] GC(1061)   Post Evacuate Collection Set: 0.94ms
[4050.494s][info][gc,phases      ] GC(1061)   Other: 0.09ms
[4050.494s][info][gc,heap        ] GC(1061) Eden regions: 1110->0(1119)
[4050.494s][info][gc,heap        ] GC(1061) Survivor regions: 109->109(153)
[4050.494s][info][gc,heap        ] GC(1061) Old regions: 537->474
[4050.494s][info][gc,heap        ] GC(1061) Humongous regions: 80->80
[4050.494s][info][gc,metaspace   ] GC(1061) Metaspace: 28921K(29312K)->28921K(29312K) NonClass: 24052K(24256K)->24052K(24256K) Class: 4868K(5056K)->4868K(5056K)
[4050.494s][info][gc             ] GC(1061) Pause Young (Mixed) (G1 Evacuation Pause) 3669M->1324M(4096M) 137.478ms
[4050.494s][info][gc,cpu         ] GC(1061) User=0.82s Sys=0.00s Real=0.14s
...[4052.970s][info][gc,start       ] GC(1062) Pause Young (Concurrent Start) (G1 Evacuation Pause)
[4052.970s][info][gc,task        ] GC(1062) Using 6 workers of 6 for evacuation
[4053.089s][info][gc,phases      ] GC(1062)   Pre Evacuate Collection Set: 0.34ms
[4053.089s][info][gc,phases      ] GC(1062)   Merge Heap Roots: 0.46ms
[4053.089s][info][gc,phases      ] GC(1062)   Evacuate Collection Set: 117.42ms
[4053.089s][info][gc,phases      ] GC(1062)   Post Evacuate Collection Set: 0.77ms
[4053.089s][info][gc,phases      ] GC(1062)   Other: 0.11ms
[4053.089s][info][gc,heap        ] GC(1062) Eden regions: 1119->0(1118)
[4053.089s][info][gc,heap        ] GC(1062) Survivor regions: 109->110(154)
[4053.089s][info][gc,heap        ] GC(1062) Old regions: 474->505
[4053.089s][info][gc,heap        ] GC(1062) Humongous regions: 80->80
[4053.089s][info][gc,metaspace   ] GC(1062) Metaspace: 28921K(29312K)->28921K(29312K) NonClass: 24052K(24256K)->24052K(24256K) Class: 4868K(5056K)->4868K(5056K)
[4053.089s][info][gc             ] GC(1062) Pause Young (Concurrent Start) (G1 Evacuation Pause) 3562M->1389M(4096M) 119.229ms
[4053.089s][info][gc             ] GC(1063) Concurrent Mark Cycle
[4053.089s][info][gc,marking     ] GC(1063) Concurrent Scan Root Regions
[4053.089s][info][gc,cpu         ] GC(1062) User=0.70s Sys=0.00s Real=0.12s
[4053.280s][info][gc,marking     ] GC(1063) Concurrent Scan Root Regions 191.656ms
[4053.281s][info][gc,marking     ] GC(1063) Concurrent Mark
[4053.281s][info][gc,marking     ] GC(1063) Concurrent Mark From Roots
[4053.281s][info][gc,task        ] GC(1063) Using 2 workers of 2 for marking
.[4054.265s][info][gc,marking     ] GC(1063) Concurrent Mark From Roots 984.936ms
[4054.266s][info][gc,marking     ] GC(1063) Concurrent Preclean
[4054.266s][info][gc,marking     ] GC(1063) Concurrent Preclean 0.155ms
[4054.266s][info][gc,start       ] GC(1063) Pause Remark
[4054.273s][info][gc             ] GC(1063) Pause Remark 2503M->2503M(4096M) 6.775ms
[4054.273s][info][gc,cpu         ] GC(1063) User=0.04s Sys=0.00s Real=0.01s
[4054.274s][info][gc,marking     ] GC(1063) Concurrent Mark 993.412ms
[4054.274s][info][gc,marking     ] GC(1063) Concurrent Rebuild Remembered Sets and Scrub Regions
[4054.536s][info][gc,marking     ] GC(1063) Concurrent Rebuild Remembered Sets and Scrub Regions 262.443ms
[4054.537s][info][gc,start       ] GC(1063) Pause Cleanup
[4054.537s][info][gc             ] GC(1063) Pause Cleanup 2733M->2733M(4096M) 0.111ms
[4054.537s][info][gc,cpu         ] GC(1063) User=0.00s Sys=0.00s Real=0.00s
[4054.538s][info][gc,marking     ] GC(1063) Concurrent Clear Claimed Marks
[4054.538s][info][gc,marking     ] GC(1063) Concurrent Clear Claimed Marks 0.047ms
[4054.538s][info][gc,marking     ] GC(1063) Concurrent Cleanup for Next Mark
[4054.543s][info][gc,marking     ] GC(1063) Concurrent Cleanup for Next Mark 5.637ms
[4054.543s][info][gc             ] GC(1063) Concurrent Mark Cycle 1454.601ms
..[4055.598s][info][gc,start       ] GC(1064) Pause Young (Prepare Mixed) (G1 Evacuation Pause)
[4055.598s][info][gc,task        ] GC(1064) Using 6 workers of 6 for evacuation
[4055.716s][info][gc,phases      ] GC(1064)   Pre Evacuate Collection Set: 0.35ms
[4055.716s][info][gc,phases      ] GC(1064)   Merge Heap Roots: 0.47ms
[4055.716s][info][gc,phases      ] GC(1064)   Evacuate Collection Set: 116.55ms
[4055.716s][info][gc,phases      ] GC(1064)   Post Evacuate Collection Set: 0.92ms
[4055.716s][info][gc,phases      ] GC(1064)   Other: 0.09ms
[4055.716s][info][gc,heap        ] GC(1064) Eden regions: 1118->0(1110)
[4055.716s][info][gc,heap        ] GC(1064) Survivor regions: 110->109(154)
[4055.716s][info][gc,heap        ] GC(1064) Old regions: 505->537
[4055.716s][info][gc,heap        ] GC(1064) Humongous regions: 80->80
[4055.716s][info][gc,metaspace   ] GC(1064) Metaspace: 28921K(29312K)->28921K(29312K) NonClass: 24052K(24256K)->24052K(24256K) Class: 4868K(5056K)->4868K(5056K)
[4055.716s][info][gc             ] GC(1064) Pause Young (Prepare Mixed) (G1 Evacuation Pause) 3625M->1451M(4096M) 118.507ms
[4055.716s][info][gc,cpu         ] GC(1064) User=0.70s Sys=0.00s Real=0.12s
..[4058.218s][info][gc,start       ] GC(1065) Pause Young (Mixed) (G1 Evacuation Pause)
[4058.218s][info][gc,task        ] GC(1065) Using 6 workers of 6 for evacuation
[4058.355s][info][gc,phases      ] GC(1065)   Pre Evacuate Collection Set: 0.37ms
[4058.355s][info][gc,phases      ] GC(1065)   Merge Heap Roots: 0.62ms
[4058.355s][info][gc,phases      ] GC(1065)   Evacuate Collection Set: 134.38ms
[4058.355s][info][gc,phases      ] GC(1065)   Post Evacuate Collection Set: 0.95ms
[4058.355s][info][gc,phases      ] GC(1065)   Other: 0.09ms
[4058.355s][info][gc,heap        ] GC(1065) Eden regions: 1110->0(1115)
[4058.355s][info][gc,heap        ] GC(1065) Survivor regions: 109->113(153)
[4058.355s][info][gc,heap        ] GC(1065) Old regions: 537->475
[4058.355s][info][gc,heap        ] GC(1065) Humongous regions: 80->80
[4058.355s][info][gc,metaspace   ] GC(1065) Metaspace: 28921K(29312K)->28921K(29312K) NonClass: 24052K(24256K)->24052K(24256K) Class: 4868K(5056K)->4868K(5056K)
[4058.355s][info][gc             ] GC(1065) Pause Young (Mixed) (G1 Evacuation Pause) 3671M->1333M(4096M) 136.535ms
[4058.355s][info][gc,cpu         ] GC(1065) User=0.80s Sys=0.00s Real=0.14s
...[4060.788s][info][gc,start       ] GC(1066) Pause Young (Concurrent Start) (G1 Evacuation Pause)
[4060.788s][info][gc,task        ] GC(1066) Using 6 workers of 6 for evacuation
[4060.905s][info][gc,phases      ] GC(1066)   Pre Evacuate Collection Set: 0.37ms
[4060.905s][info][gc,phases      ] GC(1066)   Merge Heap Roots: 0.49ms
[4060.905s][info][gc,phases      ] GC(1066)   Evacuate Collection Set: 115.57ms
[4060.905s][info][gc,phases      ] GC(1066)   Post Evacuate Collection Set: 0.87ms
[4060.905s][info][gc,phases      ] GC(1066)   Other: 0.12ms
[4060.905s][info][gc,heap        ] GC(1066) Eden regions: 1115->0(1119)
[4060.905s][info][gc,heap        ] GC(1066) Survivor regions: 113->109(154)
[4060.905s][info][gc,heap        ] GC(1066) Old regions: 475->506
[4060.905s][info][gc,heap        ] GC(1066) Humongous regions: 80->80
[4060.905s][info][gc,metaspace   ] GC(1066) Metaspace: 28921K(29312K)->28921K(29312K) NonClass: 24052K(24256K)->24052K(24256K) Class: 4868K(5056K)->4868K(5056K)
[4060.905s][info][gc             ] GC(1066) Pause Young (Concurrent Start) (G1 Evacuation Pause) 3563M->1389M(4096M) 117.589ms
[4060.905s][info][gc             ] GC(1067) Concurrent Mark Cycle
[4060.905s][info][gc,marking     ] GC(1067) Concurrent Scan Root Regions
[4060.905s][info][gc,cpu         ] GC(1066) User=0.70s Sys=0.00s Real=0.12s
[4061.044s][info][gc,marking     ] GC(1067) Concurrent Scan Root Regions 139.001ms
[4061.044s][info][gc,marking     ] GC(1067) Concurrent Mark
[4061.044s][info][gc,marking     ] GC(1067) Concurrent Mark From Roots
[4061.044s][info][gc,task        ] GC(1067) Using 2 workers of 2 for marking
.[4061.764s][info][gc,marking     ] GC(1067) Concurrent Mark From Roots 719.320ms
[4061.764s][info][gc,marking     ] GC(1067) Concurrent Preclean
[4061.764s][info][gc,marking     ] GC(1067) Concurrent Preclean 0.123ms
[4061.764s][info][gc,start       ] GC(1067) Pause Remark
[4061.769s][info][gc             ] GC(1067) Pause Remark 2117M->2117M(4096M) 4.759ms
[4061.769s][info][gc,cpu         ] GC(1067) User=0.03s Sys=0.00s Real=0.00s
[4061.769s][info][gc,marking     ] GC(1067) Concurrent Mark 724.527ms
[4061.769s][info][gc,marking     ] GC(1067) Concurrent Rebuild Remembered Sets and Scrub Regions
[4062.089s][info][gc,marking     ] GC(1067) Concurrent Rebuild Remembered Sets and Scrub Regions 320.534ms
[4062.090s][info][gc,start       ] GC(1067) Pause Cleanup
[4062.090s][info][gc             ] GC(1067) Pause Cleanup 2421M->2421M(4096M) 0.130ms
[4062.090s][info][gc,cpu         ] GC(1067) User=0.00s Sys=0.00s Real=0.00s
[4062.090s][info][gc,marking     ] GC(1067) Concurrent Clear Claimed Marks
[4062.090s][info][gc,marking     ] GC(1067) Concurrent Clear Claimed Marks 0.035ms
[4062.090s][info][gc,marking     ] GC(1067) Concurrent Cleanup for Next Mark
[4062.096s][info][gc,marking     ] GC(1067) Concurrent Cleanup for Next Mark 5.323ms
[4062.096s][info][gc             ] GC(1067) Concurrent Mark Cycle 1190.340ms
.[4063.413s][info][gc,start       ] GC(1068) Pause Young (Prepare Mixed) (G1 Evacuation Pause)
[4063.413s][info][gc,task        ] GC(1068) Using 6 workers of 6 for evacuation
[4063.529s][info][gc,phases      ] GC(1068)   Pre Evacuate Collection Set: 0.33ms
[4063.529s][info][gc,phases      ] GC(1068)   Merge Heap Roots: 0.55ms
[4063.529s][info][gc,phases      ] GC(1068)   Evacuate Collection Set: 114.51ms
[4063.529s][info][gc,phases      ] GC(1068)   Post Evacuate Collection Set: 0.94ms
[4063.529s][info][gc,phases      ] GC(1068)   Other: 0.09ms
[4063.529s][info][gc,heap        ] GC(1068) Eden regions: 1119->0(1111)
[4063.529s][info][gc,heap        ] GC(1068) Survivor regions: 109->108(154)
[4063.529s][info][gc,heap        ] GC(1068) Old regions: 506->538
[4063.529s][info][gc,heap        ] GC(1068) Humongous regions: 80->80
[4063.529s][info][gc,metaspace   ] GC(1068) Metaspace: 28921K(29312K)->28921K(29312K) NonClass: 24052K(24256K)->24052K(24256K) Class: 4868K(5056K)->4868K(5056K)
[4063.529s][info][gc             ] GC(1068) Pause Young (Prepare Mixed) (G1 Evacuation Pause) 3627M->1450M(4096M) 116.557ms
[4063.530s][info][gc,cpu         ] GC(1068) User=0.69s Sys=0.00s Real=0.11s
.. (rIR:aIR:PR = 7195:7178:7178) (tPR = 106564) [OK] 
  4064s: Performance info:
         Transaction,    Success,    Partial,     Failed,   Receipts, AvgBarcode, 
             Overall,     436078,          0,          0,     414252,      59.48, 
         Response times:
             Request,    Success,    Partial,     Failed,   SkipFail,     Probes,    Samples,      min,      p50,      p90,      p95,      p99,      max, 
       TotalPurchase,     414246,          0,          0,          0,     361717,     429473,      200,     6300,    68000,   120000,   193000,   401000,
     InStorePurchase,     218170,          0,          0,          0,     189425,     225186,      300,     6400,    68000,   119000,   193000,   362000,
      OnlinePurchase,     152353,          0,          0,          0,     133580,     157909,      200,     6000,    67000,   120000,   191000,   401000,
        InstPurchase,      43723,          0,          0,          0,      38712,      46378,      400,     6600,    70000,   122000,   196000,   321000,
          AssocOfCat,        439,          0,          0,          0,        350,        543,    25000,    44000,   143600,   183400,   229680,   301000,
      AssocOfProduct,       4378,          0,          0,          0,       4063,       4954,      400,     7100,    73000,   128000,   194000,   332000,
      BusinessReport,       1090,          0,          0,          0,        973,       1280,    22000,    42000,   129000,   181000,   235190,   367000,
          CustBuyBeh,       4368,          0,          0,          0,       4084,       5083,      200,     6900,    72000,   126000,   194000,   273000,
       ProductReturn,      11550,          0,          0,          0,       9767,      11879,      200,     6400,    68000,   120000,   192000,   332000,

  4064s: (53%)   IR =   7334 .[4066.066s][info][gc,start       ] GC(1069) Pause Young (Mixed) (G1 Evacuation Pause)
[4066.066s][info][gc,task        ] GC(1069) Using 6 workers of 6 for evacuation
[4066.205s][info][gc,phases      ] GC(1069)   Pre Evacuate Collection Set: 0.37ms
[4066.205s][info][gc,phases      ] GC(1069)   Merge Heap Roots: 0.73ms
[4066.205s][info][gc,phases      ] GC(1069)   Evacuate Collection Set: 136.73ms
[4066.205s][info][gc,phases      ] GC(1069)   Post Evacuate Collection Set: 0.89ms
[4066.205s][info][gc,phases      ] GC(1069)   Other: 0.09ms
[4066.205s][info][gc,heap        ] GC(1069) Eden regions: 1111->0(1115)
[4066.205s][info][gc,heap        ] GC(1069) Survivor regions: 108->113(153)
[4066.205s][info][gc,heap        ] GC(1069) Old regions: 538->474
[4066.205s][info][gc,heap        ] GC(1069) Humongous regions: 80->80
[4066.205s][info][gc,metaspace   ] GC(1069) Metaspace: 28921K(29312K)->28921K(29312K) NonClass: 24052K(24256K)->24052K(24256K) Class: 4868K(5056K)->4868K(5056K)
[4066.205s][info][gc             ] GC(1069) Pause Young (Mixed) (G1 Evacuation Pause) 3672M->1332M(4096M) 138.941ms
[4066.205s][info][gc,cpu         ] GC(1069) User=0.82s Sys=0.00s Real=0.14s
..[4068.655s][info][gc,start       ] GC(1070) Pause Young (Concurrent Start) (G1 Evacuation Pause)
[4068.655s][info][gc,task        ] GC(1070) Using 6 workers of 6 for evacuation
[4068.776s][info][gc,phases      ] GC(1070)   Pre Evacuate Collection Set: 0.39ms
[4068.776s][info][gc,phases      ] GC(1070)   Merge Heap Roots: 0.46ms
[4068.776s][info][gc,phases      ] GC(1070)   Evacuate Collection Set: 119.43ms
[4068.776s][info][gc,phases      ] GC(1070)   Post Evacuate Collection Set: 0.91ms
[4068.776s][info][gc,phases      ] GC(1070)   Other: 0.10ms
[4068.776s][info][gc,heap        ] GC(1070) Eden regions: 1115->0(1116)
[4068.776s][info][gc,heap        ] GC(1070) Survivor regions: 113->112(154)
[4068.776s][info][gc,heap        ] GC(1070) Old regions: 474->505
[4068.776s][info][gc,heap        ] GC(1070) Humongous regions: 80->80
[4068.776s][info][gc,metaspace   ] GC(1070) Metaspace: 28921K(29312K)->28921K(29312K) NonClass: 24052K(24256K)->24052K(24256K) Class: 4868K(5056K)->4868K(5056K)
[4068.776s][info][gc             ] GC(1070) Pause Young (Concurrent Start) (G1 Evacuation Pause) 3562M->1393M(4096M) 121.422ms
[4068.776s][info][gc             ] GC(1071) Concurrent Mark Cycle
[4068.776s][info][gc,marking     ] GC(1071) Concurrent Scan Root Regions
[4068.776s][info][gc,cpu         ] GC(1070) User=0.72s Sys=0.00s Real=0.12s
.[4068.956s][info][gc,marking     ] GC(1071) Concurrent Scan Root Regions 179.646ms
[4068.956s][info][gc,marking     ] GC(1071) Concurrent Mark
[4068.956s][info][gc,marking     ] GC(1071) Concurrent Mark From Roots
[4068.956s][info][gc,task        ] GC(1071) Using 2 workers of 2 for marking
[4069.735s][info][gc,marking     ] GC(1071) Concurrent Mark From Roots 778.902ms
[4069.735s][info][gc,marking     ] GC(1071) Concurrent Preclean
[4069.735s][info][gc,marking     ] GC(1071) Concurrent Preclean 0.205ms
[4069.736s][info][gc,start       ] GC(1071) Pause Remark
[4069.741s][info][gc             ] GC(1071) Pause Remark 2260M->2260M(4096M) 4.437ms
[4069.741s][info][gc,cpu         ] GC(1071) User=0.03s Sys=0.00s Real=0.00s
[4069.743s][info][gc,marking     ] GC(1071) Concurrent Mark 786.421ms
[4069.743s][info][gc,marking     ] GC(1071) Concurrent Rebuild Remembered Sets and Scrub Regions
.[4070.141s][info][gc,marking     ] GC(1071) Concurrent Rebuild Remembered Sets and Scrub Regions 398.110ms
[4070.142s][info][gc,start       ] GC(1071) Pause Cleanup
[4070.142s][info][gc             ] GC(1071) Pause Cleanup 2661M->2661M(4096M) 0.119ms
[4070.142s][info][gc,cpu         ] GC(1071) User=0.00s Sys=0.00s Real=0.00s
[4070.142s][info][gc,marking     ] GC(1071) Concurrent Clear Claimed Marks
[4070.142s][info][gc,marking     ] GC(1071) Concurrent Clear Claimed Marks 0.030ms
[4070.142s][info][gc,marking     ] GC(1071) Concurrent Cleanup for Next Mark
[4070.148s][info][gc,marking     ] GC(1071) Concurrent Cleanup for Next Mark 5.479ms
[4070.148s][info][gc             ] GC(1071) Concurrent Mark Cycle 1371.536ms
.[4071.144s][info][gc,start       ] GC(1072) Pause Young (Prepare Mixed) (G1 Evacuation Pause)
[4071.144s][info][gc,task        ] GC(1072) Using 6 workers of 6 for evacuation
[4071.265s][info][gc,phases      ] GC(1072)   Pre Evacuate Collection Set: 0.33ms
[4071.265s][info][gc,phases      ] GC(1072)   Merge Heap Roots: 0.54ms
[4071.265s][info][gc,phases      ] GC(1072)   Evacuate Collection Set: 119.69ms
[4071.265s][info][gc,phases      ] GC(1072)   Post Evacuate Collection Set: 0.92ms
[4071.265s][info][gc,phases      ] GC(1072)   Other: 0.08ms
[4071.265s][info][gc,heap        ] GC(1072) Eden regions: 1116->0(1104)
[4071.265s][info][gc,heap        ] GC(1072) Survivor regions: 112->112(154)
[4071.265s][info][gc,heap        ] GC(1072) Old regions: 505->537
[4071.265s][info][gc,heap        ] GC(1072) Humongous regions: 80->80
[4071.265s][info][gc,metaspace   ] GC(1072) Metaspace: 28921K(29312K)->28921K(29312K) NonClass: 24052K(24256K)->24052K(24256K) Class: 4868K(5056K)->4868K(5056K)
[4071.265s][info][gc             ] GC(1072) Pause Young (Prepare Mixed) (G1 Evacuation Pause) 3625M->1456M(4096M) 121.680ms
[4071.265s][info][gc,cpu         ] GC(1072) User=0.72s Sys=0.00s Real=0.12s
..[4073.709s][info][gc,start       ] GC(1073) Pause Young (Mixed) (G1 Evacuation Pause)
[4073.709s][info][gc,task        ] GC(1073) Using 6 workers of 6 for evacuation
[4073.837s][info][gc,phases      ] GC(1073)   Pre Evacuate Collection Set: 0.41ms
[4073.837s][info][gc,phases      ] GC(1073)   Merge Heap Roots: 0.65ms
[4073.837s][info][gc,phases      ] GC(1073)   Evacuate Collection Set: 125.87ms
[4073.837s][info][gc,phases      ] GC(1073)   Post Evacuate Collection Set: 0.95ms
[4073.837s][info][gc,phases      ] GC(1073)   Other: 0.10ms
[4073.837s][info][gc,heap        ] GC(1073) Eden regions: 1104->0(1120)
[4073.837s][info][gc,heap        ] GC(1073) Survivor regions: 112->108(152)
[4073.837s][info][gc,heap        ] GC(1073) Old regions: 537->472
[4073.837s][info][gc,heap        ] GC(1073) Humongous regions: 80->80
[4073.837s][info][gc,metaspace   ] GC(1073) Metaspace: 28921K(29312K)->28921K(29312K) NonClass: 24052K(24256K)->24052K(24256K) Class: 4868K(5056K)->4868K(5056K)
[4073.837s][info][gc             ] GC(1073) Pause Young (Mixed) (G1 Evacuation Pause) 3664M->1318M(4096M) 128.111ms
[4073.837s][info][gc,cpu         ] GC(1073) User=0.76s Sys=0.00s Real=0.13s
...[4076.236s][info][gc,start       ] GC(1074) Pause Young (Concurrent Start) (G1 Evacuation Pause)
[4076.236s][info][gc,task        ] GC(1074) Using 6 workers of 6 for evacuation
[4076.358s][info][gc,phases      ] GC(1074)   Pre Evacuate Collection Set: 0.36ms
[4076.358s][info][gc,phases      ] GC(1074)   Merge Heap Roots: 0.47ms
[4076.358s][info][gc,phases      ] GC(1074)   Evacuate Collection Set: 120.11ms
[4076.358s][info][gc,phases      ] GC(1074)   Post Evacuate Collection Set: 0.90ms
[4076.358s][info][gc,phases      ] GC(1074)   Other: 0.10ms
[4076.358s][info][gc,heap        ] GC(1074) Eden regions: 1120->0(1114)
[4076.358s][info][gc,heap        ] GC(1074) Survivor regions: 108->114(154)
[4076.358s][info][gc,heap        ] GC(1074) Old regions: 472->504
[4076.358s][info][gc,heap        ] GC(1074) Humongous regions: 80->80
[4076.358s][info][gc,metaspace   ] GC(1074) Metaspace: 28921K(29312K)->28921K(29312K) NonClass: 24052K(24256K)->24052K(24256K) Class: 4868K(5056K)->4868K(5056K)
[4076.358s][info][gc             ] GC(1074) Pause Young (Concurrent Start) (G1 Evacuation Pause) 3558M->1394M(4096M) 122.091ms
[4076.358s][info][gc             ] GC(1075) Concurrent Mark Cycle
[4076.358s][info][gc,marking     ] GC(1075) Concurrent Scan Root Regions
[4076.358s][info][gc,cpu         ] GC(1074) User=0.72s Sys=0.00s Real=0.12s
[4076.499s][info][gc,marking     ] GC(1075) Concurrent Scan Root Regions 141.576ms
[4076.499s][info][gc,marking     ] GC(1075) Concurrent Mark
[4076.499s][info][gc,marking     ] GC(1075) Concurrent Mark From Roots
[4076.499s][info][gc,task        ] GC(1075) Using 2 workers of 2 for marking
.|[4077.292s][info][gc,marking     ] GC(1075) Concurrent Mark From Roots 792.519ms
[4077.292s][info][gc,marking     ] GC(1075) Concurrent Preclean
[4077.292s][info][gc,marking     ] GC(1075) Concurrent Preclean 0.146ms
[4077.293s][info][gc,start       ] GC(1075) Pause Remark
[4077.298s][info][gc             ] GC(1075) Pause Remark 2225M->2225M(4096M) 5.260ms
[4077.298s][info][gc,cpu         ] GC(1075) User=0.03s Sys=0.00s Real=0.00s
[4077.301s][info][gc,marking     ] GC(1075) Concurrent Mark 801.453ms
[4077.301s][info][gc,marking     ] GC(1075) Concurrent Rebuild Remembered Sets and Scrub Regions
[4077.572s][info][gc,marking     ] GC(1075) Concurrent Rebuild Remembered Sets and Scrub Regions 270.534ms
[4077.573s][info][gc,start       ] GC(1075) Pause Cleanup
[4077.573s][info][gc             ] GC(1075) Pause Cleanup 2480M->2480M(4096M) 0.141ms
[4077.573s][info][gc,cpu         ] GC(1075) User=0.00s Sys=0.00s Real=0.00s
[4077.573s][info][gc,marking     ] GC(1075) Concurrent Clear Claimed Marks
[4077.574s][info][gc,marking     ] GC(1075) Concurrent Clear Claimed Marks 0.033ms
[4077.574s][info][gc,marking     ] GC(1075) Concurrent Cleanup for Next Mark
[4077.579s][info][gc,marking     ] GC(1075) Concurrent Cleanup for Next Mark 5.562ms
[4077.579s][info][gc             ] GC(1075) Concurrent Mark Cycle 1221.280ms
.[4078.824s][info][gc,start       ] GC(1076) Pause Young (Prepare Mixed) (G1 Evacuation Pause)
[4078.824s][info][gc,task        ] GC(1076) Using 6 workers of 6 for evacuation
[4078.942s][info][gc,phases      ] GC(1076)   Pre Evacuate Collection Set: 0.35ms
[4078.942s][info][gc,phases      ] GC(1076)   Merge Heap Roots: 0.51ms
[4078.942s][info][gc,phases      ] GC(1076)   Evacuate Collection Set: 115.92ms
[4078.942s][info][gc,phases      ] GC(1076)   Post Evacuate Collection Set: 0.94ms
[4078.942s][info][gc,phases      ] GC(1076)   Other: 0.09ms
[4078.942s][info][gc,heap        ] GC(1076) Eden regions: 1114->0(1109)
[4078.942s][info][gc,heap        ] GC(1076) Survivor regions: 114->110(154)
[4078.942s][info][gc,heap        ] GC(1076) Old regions: 504->536
[4078.942s][info][gc,heap        ] GC(1076) Humongous regions: 80->80
[4078.942s][info][gc,metaspace   ] GC(1076) Metaspace: 28921K(29312K)->28921K(29312K) NonClass: 24052K(24256K)->24052K(24256K) Class: 4868K(5056K)->4868K(5056K)
[4078.942s][info][gc             ] GC(1076) Pause Young (Prepare Mixed) (G1 Evacuation Pause) 3622M->1449M(4096M) 117.951ms
[4078.942s][info][gc,cpu         ] GC(1076) User=0.70s Sys=0.00s Real=0.12s
...[4081.303s][info][gc,start       ] GC(1077) Pause Young (Mixed) (G1 Evacuation Pause)
[4081.303s][info][gc,task        ] GC(1077) Using 6 workers of 6 for evacuation
[4081.438s][info][gc,phases      ] GC(1077)   Pre Evacuate Collection Set: 0.38ms
[4081.438s][info][gc,phases      ] GC(1077)   Merge Heap Roots: 0.66ms
[4081.438s][info][gc,phases      ] GC(1077)   Evacuate Collection Set: 133.15ms
[4081.438s][info][gc,phases      ] GC(1077)   Post Evacuate Collection Set: 0.95ms
[4081.438s][info][gc,phases      ] GC(1077)   Other: 0.10ms
[4081.438s][info][gc,heap        ] GC(1077) Eden regions: 1109->0(1117)
[4081.438s][info][gc,heap        ] GC(1077) Survivor regions: 110->111(153)
[4081.438s][info][gc,heap        ] GC(1077) Old regions: 536->473
[4081.438s][info][gc,heap        ] GC(1077) Humongous regions: 80->80
[4081.438s][info][gc,metaspace   ] GC(1077) Metaspace: 28921K(29312K)->28921K(29312K) NonClass: 24052K(24256K)->24052K(24256K) Class: 4868K(5056K)->4868K(5056K)
[4081.438s][info][gc             ] GC(1077) Pause Young (Mixed) (G1 Evacuation Pause) 3667M->1327M(4096M) 135.381ms
[4081.438s][info][gc,cpu         ] GC(1077) User=0.80s Sys=0.00s Real=0.13s
..[4083.895s][info][gc,start       ] GC(1078) Pause Young (Concurrent Start) (G1 Evacuation Pause)
[4083.895s][info][gc,task        ] GC(1078) Using 6 workers of 6 for evacuation
[4084.015s][info][gc,phases      ] GC(1078)   Pre Evacuate Collection Set: 0.36ms
[4084.015s][info][gc,phases      ] GC(1078)   Merge Heap Roots: 0.45ms
[4084.015s][info][gc,phases      ] GC(1078)   Evacuate Collection Set: 117.80ms
[4084.015s][info][gc,phases      ] GC(1078)   Post Evacuate Collection Set: 0.88ms
[4084.015s][info][gc,phases      ] GC(1078)   Other: 0.10ms
[4084.015s][info][gc,heap        ] GC(1078) Eden regions: 1117->0(1117)
[4084.015s][info][gc,heap        ] GC(1078) Survivor regions: 111->111(154)
[4084.015s][info][gc,heap        ] GC(1078) Old regions: 473->505
[4084.015s][info][gc,heap        ] GC(1078) Humongous regions: 80->80
[4084.015s][info][gc,metaspace   ] GC(1078) Metaspace: 28921K(29312K)->28921K(29312K) NonClass: 24052K(24256K)->24052K(24256K) Class: 4868K(5056K)->4868K(5056K)
[4084.015s][info][gc             ] GC(1078) Pause Young (Concurrent Start) (G1 Evacuation Pause) 3561M->1390M(4096M) 119.721ms
[4084.015s][info][gc             ] GC(1079) Concurrent Mark Cycle
[4084.015s][info][gc,marking     ] GC(1079) Concurrent Scan Root Regions
[4084.015s][info][gc,cpu         ] GC(1078) User=0.71s Sys=0.00s Real=0.12s
.[4084.213s][info][gc,marking     ] GC(1079) Concurrent Scan Root Regions 198.415ms
[4084.213s][info][gc,marking     ] GC(1079) Concurrent Mark
[4084.213s][info][gc,marking     ] GC(1079) Concurrent Mark From Roots
[4084.213s][info][gc,task        ] GC(1079) Using 2 workers of 2 for marking
.[4085.306s][info][gc,marking     ] GC(1079) Concurrent Mark From Roots 1092.750ms
[4085.306s][info][gc,marking     ] GC(1079) Concurrent Preclean
[4085.306s][info][gc,marking     ] GC(1079) Concurrent Preclean 0.210ms
[4085.307s][info][gc,start       ] GC(1079) Pause Remark
[4085.313s][info][gc             ] GC(1079) Pause Remark 2625M->2625M(4096M) 6.637ms
[4085.313s][info][gc,cpu         ] GC(1079) User=0.04s Sys=0.00s Real=0.01s
[4085.314s][info][gc,marking     ] GC(1079) Concurrent Mark 1100.325ms
[4085.314s][info][gc,marking     ] GC(1079) Concurrent Rebuild Remembered Sets and Scrub Regions
[4085.650s][info][gc,marking     ] GC(1079) Concurrent Rebuild Remembered Sets and Scrub Regions 336.256ms
[4085.650s][info][gc,start       ] GC(1079) Pause Cleanup
[4085.650s][info][gc             ] GC(1079) Pause Cleanup 2948M->2948M(4096M) 0.116ms
[4085.650s][info][gc,cpu         ] GC(1079) User=0.00s Sys=0.00s Real=0.00s
[4085.650s][info][gc,marking     ] GC(1079) Concurrent Clear Claimed Marks
[4085.650s][info][gc,marking     ] GC(1079) Concurrent Clear Claimed Marks 0.026ms
[4085.650s][info][gc,marking     ] GC(1079) Concurrent Cleanup for Next Mark
[4085.655s][info][gc,marking     ] GC(1079) Concurrent Cleanup for Next Mark 5.180ms
[4085.656s][info][gc             ] GC(1079) Concurrent Mark Cycle 1640.795ms
.[4086.407s][info][gc,start       ] GC(1080) Pause Young (Prepare Mixed) (G1 Evacuation Pause)
[4086.407s][info][gc,task        ] GC(1080) Using 6 workers of 6 for evacuation
[4086.526s][info][gc,phases      ] GC(1080)   Pre Evacuate Collection Set: 0.32ms
[4086.526s][info][gc,phases      ] GC(1080)   Merge Heap Roots: 0.47ms
[4086.526s][info][gc,phases      ] GC(1080)   Evacuate Collection Set: 117.61ms
[4086.526s][info][gc,phases      ] GC(1080)   Post Evacuate Collection Set: 0.91ms
[4086.526s][info][gc,phases      ] GC(1080)   Other: 0.08ms
[4086.526s][info][gc,heap        ] GC(1080) Eden regions: 1117->0(1105)
[4086.526s][info][gc,heap        ] GC(1080) Survivor regions: 111->112(154)
[4086.526s][info][gc,heap        ] GC(1080) Old regions: 505->536
[4086.526s][info][gc,heap        ] GC(1080) Humongous regions: 80->80
[4086.526s][info][gc,metaspace   ] GC(1080) Metaspace: 28921K(29312K)->28921K(29312K) NonClass: 24052K(24256K)->24052K(24256K) Class: 4868K(5056K)->4868K(5056K)
[4086.526s][info][gc             ] GC(1080) Pause Young (Prepare Mixed) (G1 Evacuation Pause) 3624M->1455M(4096M) 119.546ms
[4086.526s][info][gc,cpu         ] GC(1080) User=0.71s Sys=0.00s Real=0.12s
..[4088.918s][info][gc,start       ] GC(1081) Pause Young (Mixed) (G1 Evacuation Pause)
[4088.918s][info][gc,task        ] GC(1081) Using 6 workers of 6 for evacuation
[4089.055s][info][gc,phases      ] GC(1081)   Pre Evacuate Collection Set: 0.36ms
[4089.055s][info][gc,phases      ] GC(1081)   Merge Heap Roots: 0.64ms
[4089.055s][info][gc,phases      ] GC(1081)   Evacuate Collection Set: 135.59ms
[4089.055s][info][gc,phases      ] GC(1081)   Post Evacuate Collection Set: 0.96ms
[4089.055s][info][gc,phases      ] GC(1081)   Other: 0.09ms
[4089.055s][info][gc,heap        ] GC(1081) Eden regions: 1105->0(1116)
[4089.055s][info][gc,heap        ] GC(1081) Survivor regions: 112->112(153)
[4089.055s][info][gc,heap        ] GC(1081) Old regions: 536->473
[4089.055s][info][gc,heap        ] GC(1081) Humongous regions: 80->80
[4089.055s][info][gc,metaspace   ] GC(1081) Metaspace: 28921K(29312K)->28921K(29312K) NonClass: 24052K(24256K)->24052K(24256K) Class: 4868K(5056K)->4868K(5056K)
[4089.055s][info][gc             ] GC(1081) Pause Young (Mixed) (G1 Evacuation Pause) 3665M->1328M(4096M) 137.775ms
[4089.055s][info][gc,cpu         ] GC(1081) User=0.82s Sys=0.00s Real=0.14s
...[4091.498s][info][gc,start       ] GC(1082) Pause Young (Concurrent Start) (G1 Evacuation Pause)
[4091.498s][info][gc,task        ] GC(1082) Using 6 workers of 6 for evacuation
[4091.617s][info][gc,phases      ] GC(1082)   Pre Evacuate Collection Set: 0.37ms
[4091.617s][info][gc,phases      ] GC(1082)   Merge Heap Roots: 0.48ms
[4091.617s][info][gc,phases      ] GC(1082)   Evacuate Collection Set: 116.62ms
[4091.617s][info][gc,phases      ] GC(1082)   Post Evacuate Collection Set: 0.90ms
[4091.617s][info][gc,phases      ] GC(1082)   Other: 0.10ms
[4091.617s][info][gc,heap        ] GC(1082) Eden regions: 1116->0(1119)
[4091.617s][info][gc,heap        ] GC(1082) Survivor regions: 112->109(154)
[4091.617s][info][gc,heap        ] GC(1082) Old regions: 473->505
[4091.617s][info][gc,heap        ] GC(1082) Humongous regions: 80->80
[4091.617s][info][gc,metaspace   ] GC(1082) Metaspace: 28921K(29312K)->28921K(29312K) NonClass: 24052K(24256K)->24052K(24256K) Class: 4868K(5056K)->4868K(5056K)
[4091.617s][info][gc             ] GC(1082) Pause Young (Concurrent Start) (G1 Evacuation Pause) 3560M->1385M(4096M) 118.613ms
[4091.617s][info][gc             ] GC(1083) Concurrent Mark Cycle
[4091.617s][info][gc,marking     ] GC(1083) Concurrent Scan Root Regions
[4091.617s][info][gc,cpu         ] GC(1082) User=0.70s Sys=0.00s Real=0.12s
[4091.796s][info][gc,marking     ] GC(1083) Concurrent Scan Root Regions 178.858ms
[4091.796s][info][gc,marking     ] GC(1083) Concurrent Mark
[4091.796s][info][gc,marking     ] GC(1083) Concurrent Mark From Roots
[4091.796s][info][gc,task        ] GC(1083) Using 2 workers of 2 for marking
.[4092.744s][info][gc,marking     ] GC(1083) Concurrent Mark From Roots 948.368ms
[4092.744s][info][gc,marking     ] GC(1083) Concurrent Preclean
[4092.745s][info][gc,marking     ] GC(1083) Concurrent Preclean 0.184ms
[4092.746s][info][gc,start       ] GC(1083) Pause Remark
[4092.752s][info][gc             ] GC(1083) Pause Remark 2431M->2431M(4096M) 5.590ms
[4092.752s][info][gc,cpu         ] GC(1083) User=0.03s Sys=0.00s Real=0.00s
[4092.752s][info][gc,marking     ] GC(1083) Concurrent Mark 955.881ms
[4092.752s][info][gc,marking     ] GC(1083) Concurrent Rebuild Remembered Sets and Scrub Regions
[4093.106s][info][gc,marking     ] GC(1083) Concurrent Rebuild Remembered Sets and Scrub Regions 354.275ms
[4093.108s][info][gc,start       ] GC(1083) Pause Cleanup
[4093.108s][info][gc             ] GC(1083) Pause Cleanup 2749M->2749M(4096M) 0.122ms
[4093.108s][info][gc,cpu         ] GC(1083) User=0.00s Sys=0.00s Real=0.00s
[4093.108s][info][gc,marking     ] GC(1083) Concurrent Clear Claimed Marks
[4093.108s][info][gc,marking     ] GC(1083) Concurrent Clear Claimed Marks 0.031ms
[4093.108s][info][gc,marking     ] GC(1083) Concurrent Cleanup for Next Mark
[4093.116s][info][gc,marking     ] GC(1083) Concurrent Cleanup for Next Mark 7.726ms
[4093.116s][info][gc             ] GC(1083) Concurrent Mark Cycle 1498.707ms
.[4094.056s][info][gc,start       ] GC(1084) Pause Young (Prepare Mixed) (G1 Evacuation Pause)
[4094.056s][info][gc,task        ] GC(1084) Using 6 workers of 6 for evacuation
[4094.174s][info][gc,phases      ] GC(1084)   Pre Evacuate Collection Set: 0.39ms
[4094.174s][info][gc,phases      ] GC(1084)   Merge Heap Roots: 0.57ms
[4094.174s][info][gc,phases      ] GC(1084)   Evacuate Collection Set: 116.05ms
[4094.174s][info][gc,phases      ] GC(1084)   Post Evacuate Collection Set: 0.93ms
[4094.174s][info][gc,phases      ] GC(1084)   Other: 0.09ms
[4094.174s][info][gc,heap        ] GC(1084) Eden regions: 1119->0(1106)
[4094.174s][info][gc,heap        ] GC(1084) Survivor regions: 109->111(154)
[4094.174s][info][gc,heap        ] GC(1084) Old regions: 505->537
[4094.174s][info][gc,heap        ] GC(1084) Humongous regions: 80->80
[4094.174s][info][gc,metaspace   ] GC(1084) Metaspace: 28921K(29312K)->28921K(29312K) NonClass: 24052K(24256K)->24052K(24256K) Class: 4868K(5056K)->4868K(5056K)
[4094.174s][info][gc             ] GC(1084) Pause Young (Prepare Mixed) (G1 Evacuation Pause) 3623M->1453M(4096M) 118.182ms
[4094.174s][info][gc,cpu         ] GC(1084) User=0.70s Sys=0.00s Real=0.12s
...[4096.632s][info][gc,start       ] GC(1085) Pause Young (Mixed) (G1 Evacuation Pause)
[4096.632s][info][gc,task        ] GC(1085) Using 6 workers of 6 for evacuation
[4096.767s][info][gc,phases      ] GC(1085)   Pre Evacuate Collection Set: 0.38ms
[4096.767s][info][gc,phases      ] GC(1085)   Merge Heap Roots: 0.75ms
[4096.767s][info][gc,phases      ] GC(1085)   Evacuate Collection Set: 132.92ms
[4096.767s][info][gc,phases      ] GC(1085)   Post Evacuate Collection Set: 0.94ms
[4096.767s][info][gc,phases      ] GC(1085)   Other: 0.09ms
[4096.767s][info][gc,heap        ] GC(1085) Eden regions: 1106->0(1117)
[4096.767s][info][gc,heap        ] GC(1085) Survivor regions: 111->111(153)
[4096.767s][info][gc,heap        ] GC(1085) Old regions: 537->474
[4096.767s][info][gc,heap        ] GC(1085) Humongous regions: 80->80
[4096.767s][info][gc,metaspace   ] GC(1085) Metaspace: 28921K(29312K)->28921K(29312K) NonClass: 24052K(24256K)->24052K(24256K) Class: 4868K(5056K)->4868K(5056K)
[4096.767s][info][gc             ] GC(1085) Pause Young (Mixed) (G1 Evacuation Pause) 3665M->1328M(4096M) 135.203ms
[4096.767s][info][gc,cpu         ] GC(1085) User=0.80s Sys=0.01s Real=0.14s
..[4099.193s][info][gc,start       ] GC(1086) Pause Young (Concurrent Start) (G1 Evacuation Pause)
[4099.193s][info][gc,task        ] GC(1086) Using 6 workers of 6 for evacuation
[4099.313s][info][gc,phases      ] GC(1086)   Pre Evacuate Collection Set: 0.39ms
[4099.313s][info][gc,phases      ] GC(1086)   Merge Heap Roots: 0.64ms
[4099.313s][info][gc,phases      ] GC(1086)   Evacuate Collection Set: 117.48ms
[4099.313s][info][gc,phases      ] GC(1086)   Post Evacuate Collection Set: 0.88ms
[4099.313s][info][gc,phases      ] GC(1086)   Other: 0.13ms
[4099.313s][info][gc,heap        ] GC(1086) Eden regions: 1117->0(1118)
[4099.313s][info][gc,heap        ] GC(1086) Survivor regions: 111->110(154)
[4099.313s][info][gc,heap        ] GC(1086) Old regions: 474->507
[4099.313s][info][gc,heap        ] GC(1086) Humongous regions: 80->80
[4099.313s][info][gc,metaspace   ] GC(1086) Metaspace: 28921K(29312K)->28921K(29312K) NonClass: 24052K(24256K)->24052K(24256K) Class: 4868K(5056K)->4868K(5056K)
[4099.313s][info][gc             ] GC(1086) Pause Young (Concurrent Start) (G1 Evacuation Pause) 3562M->1391M(4096M) 119.651ms
[4099.313s][info][gc             ] GC(1087) Concurrent Mark Cycle
[4099.313s][info][gc,marking     ] GC(1087) Concurrent Scan Root Regions
[4099.313s][info][gc,cpu         ] GC(1086) User=0.71s Sys=0.00s Real=0.12s
.[4099.498s][info][gc,marking     ] GC(1087) Concurrent Scan Root Regions 184.865ms
[4099.498s][info][gc,marking     ] GC(1087) Concurrent Mark
[4099.498s][info][gc,marking     ] GC(1087) Concurrent Mark From Roots
[4099.498s][info][gc,task        ] GC(1087) Using 2 workers of 2 for marking
.[4100.419s][info][gc,marking     ] GC(1087) Concurrent Mark From Roots 921.368ms
[4100.419s][info][gc,marking     ] GC(1087) Concurrent Preclean
[4100.419s][info][gc,marking     ] GC(1087) Concurrent Preclean 0.161ms
[4100.419s][info][gc,start       ] GC(1087) Pause Remark
[4100.425s][info][gc             ] GC(1087) Pause Remark 2407M->2407M(4096M) 5.929ms
[4100.425s][info][gc,cpu         ] GC(1087) User=0.04s Sys=0.00s Real=0.01s
[4100.425s][info][gc,marking     ] GC(1087) Concurrent Mark 927.692ms
[4100.425s][info][gc,marking     ] GC(1087) Concurrent Rebuild Remembered Sets and Scrub Regions
[4100.682s][info][gc,marking     ] GC(1087) Concurrent Rebuild Remembered Sets and Scrub Regions 256.480ms
[4100.682s][info][gc,start       ] GC(1087) Pause Cleanup
[4100.682s][info][gc             ] GC(1087) Pause Cleanup 2622M->2622M(4096M) 0.125ms
[4100.682s][info][gc,cpu         ] GC(1087) User=0.00s Sys=0.00s Real=0.00s
[4100.683s][info][gc,marking     ] GC(1087) Concurrent Clear Claimed Marks
[4100.683s][info][gc,marking     ] GC(1087) Concurrent Clear Claimed Marks 0.032ms
[4100.683s][info][gc,marking     ] GC(1087) Concurrent Cleanup for Next Mark
[4100.688s][info][gc,marking     ] GC(1087) Concurrent Cleanup for Next Mark 5.299ms
[4100.688s][info][gc             ] GC(1087) Concurrent Mark Cycle 1375.404ms
.[4101.767s][info][gc,start       ] GC(1088) Pause Young (Prepare Mixed) (G1 Evacuation Pause)
[4101.767s][info][gc,task        ] GC(1088) Using 6 workers of 6 for evacuation
[4101.884s][info][gc,phases      ] GC(1088)   Pre Evacuate Collection Set: 0.34ms
[4101.884s][info][gc,phases      ] GC(1088)   Merge Heap Roots: 0.52ms
[4101.884s][info][gc,phases      ] GC(1088)   Evacuate Collection Set: 114.89ms
[4101.884s][info][gc,phases      ] GC(1088)   Post Evacuate Collection Set: 0.91ms
[4101.884s][info][gc,phases      ] GC(1088)   Other: 0.09ms
[4101.884s][info][gc,heap        ] GC(1088) Eden regions: 1118->0(1106)
[4101.884s][info][gc,heap        ] GC(1088) Survivor regions: 110->110(154)
[4101.884s][info][gc,heap        ] GC(1088) Old regions: 507->539
[4101.884s][info][gc,heap        ] GC(1088) Humongous regions: 80->80
[4101.884s][info][gc,metaspace   ] GC(1088) Metaspace: 28921K(29312K)->28921K(29312K) NonClass: 24052K(24256K)->24052K(24256K) Class: 4868K(5056K)->4868K(5056K)
[4101.884s][info][gc             ] GC(1088) Pause Young (Prepare Mixed) (G1 Evacuation Pause) 3627M->1455M(4096M) 116.880ms
[4101.884s][info][gc,cpu         ] GC(1088) User=0.69s Sys=0.00s Real=0.12s
..[4104.331s][info][gc,start       ] GC(1089) Pause Young (Mixed) (G1 Evacuation Pause)
[4104.331s][info][gc,task        ] GC(1089) Using 6 workers of 6 for evacuation
[4104.464s][info][gc,phases      ] GC(1089)   Pre Evacuate Collection Set: 0.40ms
[4104.464s][info][gc,phases      ] GC(1089)   Merge Heap Roots: 0.63ms
[4104.464s][info][gc,phases      ] GC(1089)   Evacuate Collection Set: 130.92ms
[4104.464s][info][gc,phases      ] GC(1089)   Post Evacuate Collection Set: 0.95ms
[4104.464s][info][gc,phases      ] GC(1089)   Other: 0.09ms
[4104.464s][info][gc,heap        ] GC(1089) Eden regions: 1106->0(1118)
[4104.464s][info][gc,heap        ] GC(1089) Survivor regions: 110->110(152)
[4104.464s][info][gc,heap        ] GC(1089) Old regions: 539->474
[4104.464s][info][gc,heap        ] GC(1089) Humongous regions: 80->80
[4104.464s][info][gc,metaspace   ] GC(1089) Metaspace: 28921K(29312K)->28921K(29312K) NonClass: 24052K(24256K)->24052K(24256K) Class: 4868K(5056K)->4868K(5056K)
[4104.464s][info][gc             ] GC(1089) Pause Young (Mixed) (G1 Evacuation Pause) 3667M->1327M(4096M) 133.136ms
[4104.464s][info][gc,cpu         ] GC(1089) User=0.78s Sys=0.00s Real=0.14s
...[4106.866s][info][gc,start       ] GC(1090) Pause Young (Concurrent Start) (G1 Evacuation Pause)
[4106.866s][info][gc,task        ] GC(1090) Using 6 workers of 6 for evacuation
[4106.989s][info][gc,phases      ] GC(1090)   Pre Evacuate Collection Set: 0.38ms
[4106.989s][info][gc,phases      ] GC(1090)   Merge Heap Roots: 0.46ms
[4106.989s][info][gc,phases      ] GC(1090)   Evacuate Collection Set: 120.90ms
[4106.989s][info][gc,phases      ] GC(1090)   Post Evacuate Collection Set: 0.87ms
[4106.989s][info][gc,phases      ] GC(1090)   Other: 0.12ms
[4106.989s][info][gc,heap        ] GC(1090) Eden regions: 1118->0(1114)
[4106.989s][info][gc,heap        ] GC(1090) Survivor regions: 110->114(154)
[4106.989s][info][gc,heap        ] GC(1090) Old regions: 474->506
[4106.989s][info][gc,heap        ] GC(1090) Humongous regions: 80->80
[4106.989s][info][gc,metaspace   ] GC(1090) Metaspace: 28921K(29312K)->28921K(29312K) NonClass: 24052K(24256K)->24052K(24256K) Class: 4868K(5056K)->4868K(5056K)
[4106.989s][info][gc             ] GC(1090) Pause Young (Concurrent Start) (G1 Evacuation Pause) 3563M->1399M(4096M) 122.862ms
[4106.989s][info][gc             ] GC(1091) Concurrent Mark Cycle
[4106.989s][info][gc,marking     ] GC(1091) Concurrent Scan Root Regions
[4106.989s][info][gc,cpu         ] GC(1090) User=0.73s Sys=0.00s Real=0.12s
[4107.134s][info][gc,marking     ] GC(1091) Concurrent Scan Root Regions 145.172ms
[4107.134s][info][gc,marking     ] GC(1091) Concurrent Mark
[4107.134s][info][gc,marking     ] GC(1091) Concurrent Mark From Roots
[4107.134s][info][gc,task        ] GC(1091) Using 2 workers of 2 for marking
.[4107.854s][info][gc,marking     ] GC(1091) Concurrent Mark From Roots 719.819ms
[4107.854s][info][gc,marking     ] GC(1091) Concurrent Preclean
[4107.854s][info][gc,marking     ] GC(1091) Concurrent Preclean 0.157ms
[4107.855s][info][gc,start       ] GC(1091) Pause Remark
[4107.860s][info][gc             ] GC(1091) Pause Remark 2153M->2153M(4096M) 5.289ms
[4107.860s][info][gc,cpu         ] GC(1091) User=0.03s Sys=0.00s Real=0.00s
[4107.860s][info][gc,marking     ] GC(1091) Concurrent Mark 725.924ms
[4107.860s][info][gc,marking     ] GC(1091) Concurrent Rebuild Remembered Sets and Scrub Regions
[4108.166s][info][gc,marking     ] GC(1091) Concurrent Rebuild Remembered Sets and Scrub Regions 305.523ms
[4108.168s][info][gc,start       ] GC(1091) Pause Cleanup
[4108.168s][info][gc             ] GC(1091) Pause Cleanup 2437M->2437M(4096M) 0.138ms
[4108.168s][info][gc,cpu         ] GC(1091) User=0.00s Sys=0.00s Real=0.00s
[4108.168s][info][gc,marking     ] GC(1091) Concurrent Clear Claimed Marks
[4108.168s][info][gc,marking     ] GC(1091) Concurrent Clear Claimed Marks 0.034ms
[4108.168s][info][gc,marking     ] GC(1091) Concurrent Cleanup for Next Mark
[4108.173s][info][gc,marking     ] GC(1091) Concurrent Cleanup for Next Mark 5.106ms
[4108.173s][info][gc             ] GC(1091) Concurrent Mark Cycle 1184.207ms
.[4109.446s][info][gc,start       ] GC(1092) Pause Young (Prepare Mixed) (G1 Evacuation Pause)
[4109.446s][info][gc,task        ] GC(1092) Using 6 workers of 6 for evacuation
[4109.567s][info][gc,phases      ] GC(1092)   Pre Evacuate Collection Set: 0.35ms
[4109.567s][info][gc,phases      ] GC(1092)   Merge Heap Roots: 0.49ms
[4109.567s][info][gc,phases      ] GC(1092)   Evacuate Collection Set: 118.66ms
[4109.567s][info][gc,phases      ] GC(1092)   Post Evacuate Collection Set: 0.82ms
[4109.567s][info][gc,phases      ] GC(1092)   Other: 0.08ms
[4109.567s][info][gc,heap        ] GC(1092) Eden regions: 1114->0(1106)
[4109.567s][info][gc,heap        ] GC(1092) Survivor regions: 114->110(154)
[4109.567s][info][gc,heap        ] GC(1092) Old regions: 506->539
[4109.567s][info][gc,heap        ] GC(1092) Humongous regions: 80->80
[4109.567s][info][gc,metaspace   ] GC(1092) Metaspace: 28921K(29312K)->28921K(29312K) NonClass: 24052K(24256K)->24052K(24256K) Class: 4868K(5056K)->4868K(5056K)
[4109.567s][info][gc             ] GC(1092) Pause Young (Prepare Mixed) (G1 Evacuation Pause) 3627M->1456M(4096M) 120.538ms
[4109.567s][info][gc,cpu         ] GC(1092) User=0.71s Sys=0.00s Real=0.12s
...[4111.995s][info][gc,start       ] GC(1093) Pause Young (Mixed) (G1 Evacuation Pause)
[4111.995s][info][gc,task        ] GC(1093) Using 6 workers of 6 for evacuation
[4112.132s][info][gc,phases      ] GC(1093)   Pre Evacuate Collection Set: 0.36ms
[4112.132s][info][gc,phases      ] GC(1093)   Merge Heap Roots: 0.65ms
[4112.132s][info][gc,phases      ] GC(1093)   Evacuate Collection Set: 135.44ms
[4112.132s][info][gc,phases      ] GC(1093)   Post Evacuate Collection Set: 0.93ms
[4112.132s][info][gc,phases      ] GC(1093)   Other: 0.10ms
[4112.132s][info][gc,heap        ] GC(1093) Eden regions: 1106->0(1115)
[4112.132s][info][gc,heap        ] GC(1093) Survivor regions: 110->113(152)
[4112.132s][info][gc,heap        ] GC(1093) Old regions: 539->474
[4112.132s][info][gc,heap        ] GC(1093) Humongous regions: 80->80
[4112.132s][info][gc,metaspace   ] GC(1093) Metaspace: 28921K(29312K)->28921K(29312K) NonClass: 24052K(24256K)->24052K(24256K) Class: 4868K(5056K)->4868K(5056K)
[4112.132s][info][gc             ] GC(1093) Pause Young (Mixed) (G1 Evacuation Pause) 3668M->1331M(4096M) 137.607ms
[4112.132s][info][gc,cpu         ] GC(1093) User=0.82s Sys=0.00s Real=0.14s
..[4114.532s][info][gc,start       ] GC(1094) Pause Young (Concurrent Start) (G1 Evacuation Pause)
[4114.532s][info][gc,task        ] GC(1094) Using 6 workers of 6 for evacuation
[4114.650s][info][gc,phases      ] GC(1094)   Pre Evacuate Collection Set: 0.38ms
[4114.650s][info][gc,phases      ] GC(1094)   Merge Heap Roots: 0.48ms
[4114.650s][info][gc,phases      ] GC(1094)   Evacuate Collection Set: 116.85ms
[4114.650s][info][gc,phases      ] GC(1094)   Post Evacuate Collection Set: 0.86ms
[4114.650s][info][gc,phases      ] GC(1094)   Other: 0.09ms
[4114.650s][info][gc,heap        ] GC(1094) Eden regions: 1115->0(1118)
[4114.650s][info][gc,heap        ] GC(1094) Survivor regions: 113->110(154)
[4114.650s][info][gc,heap        ] GC(1094) Old regions: 474->505
[4114.650s][info][gc,heap        ] GC(1094) Humongous regions: 80->80
[4114.650s][info][gc,metaspace   ] GC(1094) Metaspace: 28921K(29312K)->28921K(29312K) NonClass: 24052K(24256K)->24052K(24256K) Class: 4868K(5056K)->4868K(5056K)
[4114.650s][info][gc             ] GC(1094) Pause Young (Concurrent Start) (G1 Evacuation Pause) 3561M->1388M(4096M) 118.792ms
[4114.651s][info][gc             ] GC(1095) Concurrent Mark Cycle
[4114.651s][info][gc,marking     ] GC(1095) Concurrent Scan Root Regions
[4114.651s][info][gc,cpu         ] GC(1094) User=0.71s Sys=0.00s Real=0.12s
.[4114.844s][info][gc,marking     ] GC(1095) Concurrent Scan Root Regions 193.546ms
[4114.844s][info][gc,marking     ] GC(1095) Concurrent Mark
[4114.844s][info][gc,marking     ] GC(1095) Concurrent Mark From Roots
[4114.844s][info][gc,task        ] GC(1095) Using 2 workers of 2 for marking
.[4115.798s][info][gc,marking     ] GC(1095) Concurrent Mark From Roots 953.751ms
[4115.798s][info][gc,marking     ] GC(1095) Concurrent Preclean
[4115.798s][info][gc,marking     ] GC(1095) Concurrent Preclean 0.188ms
[4115.800s][info][gc,start       ] GC(1095) Pause Remark
[4115.805s][info][gc             ] GC(1095) Pause Remark 2450M->2450M(4096M) 5.002ms
[4115.805s][info][gc,cpu         ] GC(1095) User=0.03s Sys=0.00s Real=0.01s
[4115.805s][info][gc,marking     ] GC(1095) Concurrent Mark 961.274ms
[4115.805s][info][gc,marking     ] GC(1095) Concurrent Rebuild Remembered Sets and Scrub Regions
[4116.165s][info][gc,marking     ] GC(1095) Concurrent Rebuild Remembered Sets and Scrub Regions 359.691ms
[4116.166s][info][gc,start       ] GC(1095) Pause Cleanup
[4116.166s][info][gc             ] GC(1095) Pause Cleanup 2767M->2767M(4096M) 0.122ms
[4116.166s][info][gc,cpu         ] GC(1095) User=0.00s Sys=0.00s Real=0.00s
[4116.168s][info][gc,marking     ] GC(1095) Concurrent Clear Claimed Marks
[4116.168s][info][gc,marking     ] GC(1095) Concurrent Clear Claimed Marks 0.040ms
[4116.168s][info][gc,marking     ] GC(1095) Concurrent Cleanup for Next Mark
[4116.175s][info][gc,marking     ] GC(1095) Concurrent Cleanup for Next Mark 7.285ms
[4116.175s][info][gc             ] GC(1095) Concurrent Mark Cycle 1524.490ms
.[4117.161s][info][gc,start       ] GC(1096) Pause Young (Prepare Mixed) (G1 Evacuation Pause)
[4117.161s][info][gc,task        ] GC(1096) Using 6 workers of 6 for evacuation
[4117.285s][info][gc,phases      ] GC(1096)   Pre Evacuate Collection Set: 0.30ms
[4117.285s][info][gc,phases      ] GC(1096)   Merge Heap Roots: 0.47ms
[4117.285s][info][gc,phases      ] GC(1096)   Evacuate Collection Set: 121.30ms
[4117.285s][info][gc,phases      ] GC(1096)   Post Evacuate Collection Set: 0.93ms
[4117.285s][info][gc,phases      ] GC(1096)   Other: 0.08ms
[4117.285s][info][gc,heap        ] GC(1096) Eden regions: 1118->0(1101)
[4117.285s][info][gc,heap        ] GC(1096) Survivor regions: 110->114(154)
[4117.285s][info][gc,heap        ] GC(1096) Old regions: 505->536
[4117.285s][info][gc,heap        ] GC(1096) Humongous regions: 80->80
[4117.285s][info][gc,metaspace   ] GC(1096) Metaspace: 28921K(29312K)->28921K(29312K) NonClass: 24052K(24256K)->24052K(24256K) Class: 4868K(5056K)->4868K(5056K)
[4117.285s][info][gc             ] GC(1096) Pause Young (Prepare Mixed) (G1 Evacuation Pause) 3624M->1458M(4096M) 123.217ms
[4117.285s][info][gc,cpu         ] GC(1096) User=0.73s Sys=0.00s Real=0.13s
..[4119.606s][info][gc,start       ] GC(1097) Pause Young (Mixed) (G1 Evacuation Pause)
[4119.606s][info][gc,task        ] GC(1097) Using 6 workers of 6 for evacuation
[4119.743s][info][gc,phases      ] GC(1097)   Pre Evacuate Collection Set: 0.39ms
[4119.744s][info][gc,phases      ] GC(1097)   Merge Heap Roots: 0.63ms
[4119.744s][info][gc,phases      ] GC(1097)   Evacuate Collection Set: 135.21ms
[4119.744s][info][gc,phases      ] GC(1097)   Post Evacuate Collection Set: 0.85ms
[4119.744s][info][gc,phases      ] GC(1097)   Other: 0.09ms
[4119.744s][info][gc,heap        ] GC(1097) Eden regions: 1101->0(1118)
[4119.744s][info][gc,heap        ] GC(1097) Survivor regions: 114->110(152)
[4119.744s][info][gc,heap        ] GC(1097) Old regions: 536->473
[4119.744s][info][gc,heap        ] GC(1097) Humongous regions: 80->80
[4119.744s][info][gc,metaspace   ] GC(1097) Metaspace: 28921K(29312K)->28921K(29312K) NonClass: 24052K(24256K)->24052K(24256K) Class: 4868K(5056K)->4868K(5056K)
[4119.744s][info][gc             ] GC(1097) Pause Young (Mixed) (G1 Evacuation Pause) 3660M->1323M(4096M) 137.301ms
[4119.744s][info][gc,cpu         ] GC(1097) User=0.81s Sys=0.00s Real=0.14s
...[4122.213s][info][gc,start       ] GC(1098) Pause Young (Concurrent Start) (G1 Evacuation Pause)
[4122.214s][info][gc,task        ] GC(1098) Using 6 workers of 6 for evacuation
[4122.332s][info][gc,phases      ] GC(1098)   Pre Evacuate Collection Set: 0.32ms
[4122.332s][info][gc,phases      ] GC(1098)   Merge Heap Roots: 0.48ms
[4122.332s][info][gc,phases      ] GC(1098)   Evacuate Collection Set: 116.77ms
[4122.332s][info][gc,phases      ] GC(1098)   Post Evacuate Collection Set: 0.78ms
[4122.332s][info][gc,phases      ] GC(1098)   Other: 0.11ms
[4122.332s][info][gc,heap        ] GC(1098) Eden regions: 1118->0(1117)
[4122.332s][info][gc,heap        ] GC(1098) Survivor regions: 110->111(154)
[4122.332s][info][gc,heap        ] GC(1098) Old regions: 473->505
[4122.332s][info][gc,heap        ] GC(1098) Humongous regions: 80->80
[4122.332s][info][gc,metaspace   ] GC(1098) Metaspace: 28921K(29312K)->28921K(29312K) NonClass: 24052K(24256K)->24052K(24256K) Class: 4868K(5056K)->4868K(5056K)
[4122.332s][info][gc             ] GC(1098) Pause Young (Concurrent Start) (G1 Evacuation Pause) 3559M->1389M(4096M) 118.590ms
[4122.332s][info][gc             ] GC(1099) Concurrent Mark Cycle
[4122.332s][info][gc,marking     ] GC(1099) Concurrent Scan Root Regions
[4122.332s][info][gc,cpu         ] GC(1098) User=0.70s Sys=0.00s Real=0.12s
[4122.514s][info][gc,marking     ] GC(1099) Concurrent Scan Root Regions 182.325ms
[4122.514s][info][gc,marking     ] GC(1099) Concurrent Mark
[4122.514s][info][gc,marking     ] GC(1099) Concurrent Mark From Roots
[4122.515s][info][gc,task        ] GC(1099) Using 2 workers of 2 for marking
.[4123.470s][info][gc,marking     ] GC(1099) Concurrent Mark From Roots 955.721ms
[4123.470s][info][gc,marking     ] GC(1099) Concurrent Preclean
[4123.470s][info][gc,marking     ] GC(1099) Concurrent Preclean 0.191ms
[4123.472s][info][gc,start       ] GC(1099) Pause Remark
[4123.478s][info][gc             ] GC(1099) Pause Remark 2469M->2469M(4096M) 5.775ms
[4123.478s][info][gc,cpu         ] GC(1099) User=0.03s Sys=0.00s Real=0.00s
[4123.479s][info][gc,marking     ] GC(1099) Concurrent Mark 964.237ms
[4123.479s][info][gc,marking     ] GC(1099) Concurrent Rebuild Remembered Sets and Scrub Regions
[4123.807s][info][gc,marking     ] GC(1099) Concurrent Rebuild Remembered Sets and Scrub Regions 328.160ms
[4123.807s][info][gc,start       ] GC(1099) Pause Cleanup
[4123.808s][info][gc             ] GC(1099) Pause Cleanup 2763M->2763M(4096M) 0.773ms
[4123.808s][info][gc,cpu         ] GC(1099) User=0.00s Sys=0.00s Real=0.00s
[4123.808s][info][gc,marking     ] GC(1099) Concurrent Clear Claimed Marks
[4123.808s][info][gc,marking     ] GC(1099) Concurrent Clear Claimed Marks 0.041ms
[4123.808s][info][gc,marking     ] GC(1099) Concurrent Cleanup for Next Mark
[4123.814s][info][gc,marking     ] GC(1099) Concurrent Cleanup for Next Mark 5.939ms
[4123.814s][info][gc             ] GC(1099) Concurrent Mark Cycle 1482.194ms
.[4124.784s][info][gc,start       ] GC(1100) Pause Young (Prepare Mixed) (G1 Evacuation Pause)
[4124.784s][info][gc,task        ] GC(1100) Using 6 workers of 6 for evacuation
[4124.907s][info][gc,phases      ] GC(1100)   Pre Evacuate Collection Set: 0.31ms
[4124.907s][info][gc,phases      ] GC(1100)   Merge Heap Roots: 0.51ms
[4124.907s][info][gc,phases      ] GC(1100)   Evacuate Collection Set: 121.22ms
[4124.907s][info][gc,phases      ] GC(1100)   Post Evacuate Collection Set: 0.91ms
[4124.907s][info][gc,phases      ] GC(1100)   Other: 0.09ms
[4124.907s][info][gc,heap        ] GC(1100) Eden regions: 1117->0(1098)
[4124.907s][info][gc,heap        ] GC(1100) Survivor regions: 111->116(154)
[4124.907s][info][gc,heap        ] GC(1100) Old regions: 505->535
[4124.907s][info][gc,heap        ] GC(1100) Humongous regions: 80->80
[4124.907s][info][gc,metaspace   ] GC(1100) Metaspace: 28921K(29312K)->28921K(29312K) NonClass: 24052K(24256K)->24052K(24256K) Class: 4868K(5056K)->4868K(5056K)
[4124.907s][info][gc             ] GC(1100) Pause Young (Prepare Mixed) (G1 Evacuation Pause) 3623M->1460M(4096M) 123.175ms
[4124.907s][info][gc,cpu         ] GC(1100) User=0.73s Sys=0.00s Real=0.12s
...[4127.352s][info][gc,start       ] GC(1101) Pause Young (Mixed) (G1 Evacuation Pause)
[4127.352s][info][gc,task        ] GC(1101) Using 6 workers of 6 for evacuation
[4127.483s][info][gc,phases      ] GC(1101)   Pre Evacuate Collection Set: 0.34ms
[4127.483s][info][gc,phases      ] GC(1101)   Merge Heap Roots: 0.61ms
[4127.483s][info][gc,phases      ] GC(1101)   Evacuate Collection Set: 129.06ms
[4127.483s][info][gc,phases      ] GC(1101)   Post Evacuate Collection Set: 0.94ms
[4127.483s][info][gc,phases      ] GC(1101)   Other: 0.09ms
[4127.483s][info][gc,heap        ] GC(1101) Eden regions: 1098->0(1119)
[4127.483s][info][gc,heap        ] GC(1101) Survivor regions: 116->109(152)
[4127.483s][info][gc,heap        ] GC(1101) Old regions: 535->474
[4127.483s][info][gc,heap        ] GC(1101) Humongous regions: 80->80
[4127.483s][info][gc,metaspace   ] GC(1101) Metaspace: 28921K(29312K)->28921K(29312K) NonClass: 24052K(24256K)->24052K(24256K) Class: 4868K(5056K)->4868K(5056K)
[4127.483s][info][gc             ] GC(1101) Pause Young (Mixed) (G1 Evacuation Pause) 3656M->1323M(4096M) 131.181ms
[4127.483s][info][gc,cpu         ] GC(1101) User=0.78s Sys=0.00s Real=0.14s
..[4129.874s][info][gc,start       ] GC(1102) Pause Young (Concurrent Start) (G1 Evacuation Pause)
[4129.875s][info][gc,task        ] GC(1102) Using 6 workers of 6 for evacuation
[4129.992s][info][gc,phases      ] GC(1102)   Pre Evacuate Collection Set: 0.38ms
[4129.992s][info][gc,phases      ] GC(1102)   Merge Heap Roots: 0.44ms
[4129.992s][info][gc,phases      ] GC(1102)   Evacuate Collection Set: 115.51ms
[4129.992s][info][gc,phases      ] GC(1102)   Post Evacuate Collection Set: 0.88ms
[4129.992s][info][gc,phases      ] GC(1102)   Other: 0.13ms
[4129.992s][info][gc,heap        ] GC(1102) Eden regions: 1119->0(1119)
[4129.992s][info][gc,heap        ] GC(1102) Survivor regions: 109->109(154)
[4129.992s][info][gc,heap        ] GC(1102) Old regions: 474->505
[4129.992s][info][gc,heap        ] GC(1102) Humongous regions: 80->80
[4129.992s][info][gc,metaspace   ] GC(1102) Metaspace: 28921K(29312K)->28921K(29312K) NonClass: 24052K(24256K)->24052K(24256K) Class: 4868K(5056K)->4868K(5056K)
[4129.992s][info][gc             ] GC(1102) Pause Young (Concurrent Start) (G1 Evacuation Pause) 3561M->1386M(4096M) 117.489ms
[4129.992s][info][gc             ] GC(1103) Concurrent Mark Cycle
[4129.992s][info][gc,marking     ] GC(1103) Concurrent Scan Root Regions
[4129.992s][info][gc,cpu         ] GC(1102) User=0.69s Sys=0.01s Real=0.12s
.[4130.176s][info][gc,marking     ] GC(1103) Concurrent Scan Root Regions 183.734ms
[4130.176s][info][gc,marking     ] GC(1103) Concurrent Mark
[4130.176s][info][gc,marking     ] GC(1103) Concurrent Mark From Roots
[4130.176s][info][gc,task        ] GC(1103) Using 2 workers of 2 for marking
.[4131.116s][info][gc,marking     ] GC(1103) Concurrent Mark From Roots 940.464ms
[4131.116s][info][gc,marking     ] GC(1103) Concurrent Preclean
[4131.116s][info][gc,marking     ] GC(1103) Concurrent Preclean 0.133ms
[4131.117s][info][gc,start       ] GC(1103) Pause Remark
[4131.122s][info][gc             ] GC(1103) Pause Remark 2392M->2392M(4096M) 5.401ms
[4131.122s][info][gc,cpu         ] GC(1103) User=0.03s Sys=0.00s Real=0.01s
[4131.122s][info][gc,marking     ] GC(1103) Concurrent Mark 946.255ms
[4131.122s][info][gc,marking     ] GC(1103) Concurrent Rebuild Remembered Sets and Scrub Regions
[4131.451s][info][gc,marking     ] GC(1103) Concurrent Rebuild Remembered Sets and Scrub Regions 329.426ms
[4131.452s][info][gc,start       ] GC(1103) Pause Cleanup
[4131.452s][info][gc             ] GC(1103) Pause Cleanup 2676M->2676M(4096M) 0.127ms
[4131.452s][info][gc,cpu         ] GC(1103) User=0.00s Sys=0.00s Real=0.00s
[4131.453s][info][gc,marking     ] GC(1103) Concurrent Clear Claimed Marks
[4131.453s][info][gc,marking     ] GC(1103) Concurrent Clear Claimed Marks 0.035ms
[4131.453s][info][gc,marking     ] GC(1103) Concurrent Cleanup for Next Mark
[4131.458s][info][gc,marking     ] GC(1103) Concurrent Cleanup for Next Mark 5.246ms
[4131.458s][info][gc             ] GC(1103) Concurrent Mark Cycle 1466.110ms
.[4132.421s][info][gc,start       ] GC(1104) Pause Young (Prepare Mixed) (G1 Evacuation Pause)
[4132.421s][info][gc,task        ] GC(1104) Using 6 workers of 6 for evacuation
[4132.540s][info][gc,phases      ] GC(1104)   Pre Evacuate Collection Set: 0.36ms
[4132.540s][info][gc,phases      ] GC(1104)   Merge Heap Roots: 0.54ms
[4132.540s][info][gc,phases      ] GC(1104)   Evacuate Collection Set: 117.06ms
[4132.540s][info][gc,phases      ] GC(1104)   Post Evacuate Collection Set: 0.93ms
[4132.540s][info][gc,phases      ] GC(1104)   Other: 0.09ms
[4132.540s][info][gc,heap        ] GC(1104) Eden regions: 1119->0(1112)
[4132.540s][info][gc,heap        ] GC(1104) Survivor regions: 109->108(154)
[4132.540s][info][gc,heap        ] GC(1104) Old regions: 505->537
[4132.540s][info][gc,heap        ] GC(1104) Humongous regions: 80->80
[4132.540s][info][gc,metaspace   ] GC(1104) Metaspace: 28921K(29312K)->28921K(29312K) NonClass: 24052K(24256K)->24052K(24256K) Class: 4868K(5056K)->4868K(5056K)
[4132.540s][info][gc             ] GC(1104) Pause Young (Prepare Mixed) (G1 Evacuation Pause) 3624M->1448M(4096M) 119.110ms
[4132.540s][info][gc,cpu         ] GC(1104) User=0.71s Sys=0.00s Real=0.12s
..[4134.942s][info][gc,start       ] GC(1105) Pause Young (Mixed) (G1 Evacuation Pause)
[4134.942s][info][gc,task        ] GC(1105) Using 6 workers of 6 for evacuation
[4135.083s][info][gc,phases      ] GC(1105)   Pre Evacuate Collection Set: 0.36ms
[4135.083s][info][gc,phases      ] GC(1105)   Merge Heap Roots: 0.85ms
[4135.083s][info][gc,phases      ] GC(1105)   Evacuate Collection Set: 138.46ms
[4135.083s][info][gc,phases      ] GC(1105)   Post Evacuate Collection Set: 0.96ms
[4135.083s][info][gc,phases      ] GC(1105)   Other: 0.09ms
[4135.083s][info][gc,heap        ] GC(1105) Eden regions: 1112->0(1116)
[4135.083s][info][gc,heap        ] GC(1105) Survivor regions: 108->112(153)
[4135.083s][info][gc,heap        ] GC(1105) Old regions: 537->473
[4135.083s][info][gc,heap        ] GC(1105) Humongous regions: 80->80
[4135.083s][info][gc,metaspace   ] GC(1105) Metaspace: 28921K(29312K)->28921K(29312K) NonClass: 24052K(24256K)->24052K(24256K) Class: 4868K(5056K)->4868K(5056K)
[4135.083s][info][gc             ] GC(1105) Pause Young (Mixed) (G1 Evacuation Pause) 3672M->1328M(4096M) 140.838ms
[4135.083s][info][gc,cpu         ] GC(1105) User=0.83s Sys=0.00s Real=0.14s
... (rIR:aIR:PR = 7334:7349:7349) (tPR = 108633) [OK] 
  4136s: Performance info:
         Transaction,    Success,    Partial,     Failed,   Receipts, AvgBarcode, 
             Overall,     442780,          0,          0,     420723,      59.48, 
         Response times:
             Request,    Success,    Partial,     Failed,   SkipFail,     Probes,    Samples,      min,      p50,      p90,      p95,      p99,      max, 
       TotalPurchase,     420703,          0,          0,          0,     360546,     436191,      300,     6300,    53000,    81000,   139000,   282000,
     InStorePurchase,     221783,          0,          0,          0,     189626,     229563,      300,     6100,    53000,    80000,   138000,   282000,
      OnlinePurchase,     154585,          0,          0,          0,     132650,     160086,      300,     6500,    54000,    82000,   140000,   282000,
        InstPurchase,      44335,          0,          0,          0,      38270,      46542,      400,     6200,    53000,    81850,   137000,   279000,
          AssocOfCat,        446,          0,          0,          0,        380,        569,    24000,    40000,   119000,   158500,   194000,   214000,
      AssocOfProduct,       4419,          0,          0,          0,       4110,       5203,      500,     6700,    57000,    85000,   139000,   212000,
      BusinessReport,       1105,          0,          0,          0,        986,       1344,    27000,    47000,   121000,   161000,   210650,   276000,
          CustBuyBeh,       4425,          0,          0,          0,       4099,       5150,      200,     7200,    55000,    85000,   140000,   218000,
       ProductReturn,      11678,          0,          0,          0,       9962,      12534,      200,     6600,    55000,    87000,   142000,   279000,

  4136s: (54%)   IR =   7472 [4137.521s][info][gc,start       ] GC(1106) Pause Young (Concurrent Start) (G1 Evacuation Pause)
[4137.521s][info][gc,task        ] GC(1106) Using 6 workers of 6 for evacuation
[4137.639s][info][gc,phases      ] GC(1106)   Pre Evacuate Collection Set: 0.38ms
[4137.639s][info][gc,phases      ] GC(1106)   Merge Heap Roots: 0.49ms
[4137.639s][info][gc,phases      ] GC(1106)   Evacuate Collection Set: 116.01ms
[4137.639s][info][gc,phases      ] GC(1106)   Post Evacuate Collection Set: 0.95ms
[4137.639s][info][gc,phases      ] GC(1106)   Other: 0.13ms
[4137.639s][info][gc,heap        ] GC(1106) Eden regions: 1116->0(1119)
[4137.639s][info][gc,heap        ] GC(1106) Survivor regions: 112->109(154)
[4137.639s][info][gc,heap        ] GC(1106) Old regions: 473->505
[4137.639s][info][gc,heap        ] GC(1106) Humongous regions: 80->80
[4137.639s][info][gc,metaspace   ] GC(1106) Metaspace: 28921K(29312K)->28921K(29312K) NonClass: 24052K(24256K)->24052K(24256K) Class: 4868K(5056K)->4868K(5056K)
[4137.639s][info][gc             ] GC(1106) Pause Young (Concurrent Start) (G1 Evacuation Pause) 3560M->1387M(4096M) 118.095ms
[4137.639s][info][gc             ] GC(1107) Concurrent Mark Cycle
[4137.639s][info][gc,marking     ] GC(1107) Concurrent Scan Root Regions
[4137.639s][info][gc,cpu         ] GC(1106) User=0.70s Sys=0.00s Real=0.12s
[4137.820s][info][gc,marking     ] GC(1107) Concurrent Scan Root Regions 180.149ms
[4137.820s][info][gc,marking     ] GC(1107) Concurrent Mark
[4137.820s][info][gc,marking     ] GC(1107) Concurrent Mark From Roots
[4137.820s][info][gc,task        ] GC(1107) Using 2 workers of 2 for marking
.[4138.627s][info][gc,marking     ] GC(1107) Concurrent Mark From Roots 806.950ms
[4138.627s][info][gc,marking     ] GC(1107) Concurrent Preclean
[4138.627s][info][gc,marking     ] GC(1107) Concurrent Preclean 0.146ms
[4138.627s][info][gc,start       ] GC(1107) Pause Remark
[4138.632s][info][gc             ] GC(1107) Pause Remark 2266M->2266M(4096M) 4.920ms
[4138.632s][info][gc,cpu         ] GC(1107) User=0.03s Sys=0.00s Real=0.01s
[4138.633s][info][gc,marking     ] GC(1107) Concurrent Mark 813.250ms
[4138.633s][info][gc,marking     ] GC(1107) Concurrent Rebuild Remembered Sets and Scrub Regions
[4138.905s][info][gc,marking     ] GC(1107) Concurrent Rebuild Remembered Sets and Scrub Regions 271.744ms
[4138.905s][info][gc,start       ] GC(1107) Pause Cleanup
[4138.905s][info][gc             ] GC(1107) Pause Cleanup 2525M->2525M(4096M) 0.135ms
[4138.905s][info][gc,cpu         ] GC(1107) User=0.00s Sys=0.00s Real=0.00s
[4138.907s][info][gc,marking     ] GC(1107) Concurrent Clear Claimed Marks
[4138.907s][info][gc,marking     ] GC(1107) Concurrent Clear Claimed Marks 0.041ms
[4138.907s][info][gc,marking     ] GC(1107) Concurrent Cleanup for Next Mark
[4138.912s][info][gc,marking     ] GC(1107) Concurrent Cleanup for Next Mark 4.495ms
[4138.912s][info][gc             ] GC(1107) Concurrent Mark Cycle 1272.467ms
.[4140.062s][info][gc,start       ] GC(1108) Pause Young (Prepare Mixed) (G1 Evacuation Pause)
[4140.062s][info][gc,task        ] GC(1108) Using 6 workers of 6 for evacuation
[4140.178s][info][gc,phases      ] GC(1108)   Pre Evacuate Collection Set: 0.34ms
[4140.178s][info][gc,phases      ] GC(1108)   Merge Heap Roots: 0.45ms
[4140.178s][info][gc,phases      ] GC(1108)   Evacuate Collection Set: 114.64ms
[4140.178s][info][gc,phases      ] GC(1108)   Post Evacuate Collection Set: 0.95ms
[4140.178s][info][gc,phases      ] GC(1108)   Other: 0.09ms
[4140.178s][info][gc,heap        ] GC(1108) Eden regions: 1119->0(1109)
[4140.178s][info][gc,heap        ] GC(1108) Survivor regions: 109->110(154)
[4140.178s][info][gc,heap        ] GC(1108) Old regions: 505->536
[4140.178s][info][gc,heap        ] GC(1108) Humongous regions: 80->80
[4140.178s][info][gc,metaspace   ] GC(1108) Metaspace: 28921K(29312K)->28921K(29312K) NonClass: 24052K(24256K)->24052K(24256K) Class: 4868K(5056K)->4868K(5056K)
[4140.178s][info][gc             ] GC(1108) Pause Young (Prepare Mixed) (G1 Evacuation Pause) 3625M->1450M(4096M) 116.591ms
[4140.178s][info][gc,cpu         ] GC(1108) User=0.69s Sys=0.00s Real=0.12s
...[4142.606s][info][gc,start       ] GC(1109) Pause Young (Mixed) (G1 Evacuation Pause)
[4142.606s][info][gc,task        ] GC(1109) Using 6 workers of 6 for evacuation
[4142.740s][info][gc,phases      ] GC(1109)   Pre Evacuate Collection Set: 0.36ms
[4142.740s][info][gc,phases      ] GC(1109)   Merge Heap Roots: 0.68ms
[4142.740s][info][gc,phases      ] GC(1109)   Evacuate Collection Set: 132.26ms
[4142.740s][info][gc,phases      ] GC(1109)   Post Evacuate Collection Set: 0.97ms
[4142.740s][info][gc,phases      ] GC(1109)   Other: 0.10ms
[4142.740s][info][gc,heap        ] GC(1109) Eden regions: 1109->0(1119)
[4142.740s][info][gc,heap        ] GC(1109) Survivor regions: 110->109(153)
[4142.740s][info][gc,heap        ] GC(1109) Old regions: 536->473
[4142.740s][info][gc,heap        ] GC(1109) Humongous regions: 80->80
[4142.740s][info][gc,metaspace   ] GC(1109) Metaspace: 28921K(29312K)->28921K(29312K) NonClass: 24052K(24256K)->24052K(24256K) Class: 4868K(5056K)->4868K(5056K)
[4142.740s][info][gc             ] GC(1109) Pause Young (Mixed) (G1 Evacuation Pause) 3668M->1322M(4096M) 134.509ms
[4142.740s][info][gc,cpu         ] GC(1109) User=0.79s Sys=0.01s Real=0.13s
..[4145.155s][info][gc,start       ] GC(1110) Pause Young (Concurrent Start) (G1 Evacuation Pause)
[4145.155s][info][gc,task        ] GC(1110) Using 6 workers of 6 for evacuation
[4145.275s][info][gc,phases      ] GC(1110)   Pre Evacuate Collection Set: 0.40ms
[4145.275s][info][gc,phases      ] GC(1110)   Merge Heap Roots: 0.50ms
[4145.275s][info][gc,phases      ] GC(1110)   Evacuate Collection Set: 117.63ms
[4145.275s][info][gc,phases      ] GC(1110)   Post Evacuate Collection Set: 0.89ms
[4145.275s][info][gc,phases      ] GC(1110)   Other: 0.11ms
[4145.275s][info][gc,heap        ] GC(1110) Eden regions: 1119->0(1118)
[4145.275s][info][gc,heap        ] GC(1110) Survivor regions: 109->110(154)
[4145.275s][info][gc,heap        ] GC(1110) Old regions: 473->505
[4145.275s][info][gc,heap        ] GC(1110) Humongous regions: 80->80
[4145.275s][info][gc,metaspace   ] GC(1110) Metaspace: 28921K(29312K)->28921K(29312K) NonClass: 24052K(24256K)->24052K(24256K) Class: 4868K(5056K)->4868K(5056K)
[4145.275s][info][gc             ] GC(1110) Pause Young (Concurrent Start) (G1 Evacuation Pause) 3560M->1389M(4096M) 119.673ms
[4145.275s][info][gc             ] GC(1111) Concurrent Mark Cycle
[4145.275s][info][gc,marking     ] GC(1111) Concurrent Scan Root Regions
[4145.275s][info][gc,cpu         ] GC(1110) User=0.70s Sys=0.01s Real=0.12s
.[4145.462s][info][gc,marking     ] GC(1111) Concurrent Scan Root Regions 186.657ms
[4145.462s][info][gc,marking     ] GC(1111) Concurrent Mark
[4145.462s][info][gc,marking     ] GC(1111) Concurrent Mark From Roots
[4145.462s][info][gc,task        ] GC(1111) Using 2 workers of 2 for marking
[4146.419s][info][gc,marking     ] GC(1111) Concurrent Mark From Roots 957.461ms
[4146.419s][info][gc,marking     ] GC(1111) Concurrent Preclean
.[4146.419s][info][gc,marking     ] GC(1111) Concurrent Preclean 0.156ms
[4146.422s][info][gc,start       ] GC(1111) Pause Remark
[4146.427s][info][gc             ] GC(1111) Pause Remark 2389M->2389M(4096M) 4.844ms
[4146.427s][info][gc,cpu         ] GC(1111) User=0.02s Sys=0.00s Real=0.00s
[4146.427s][info][gc,marking     ] GC(1111) Concurrent Mark 965.102ms
[4146.427s][info][gc,marking     ] GC(1111) Concurrent Rebuild Remembered Sets and Scrub Regions
[4146.756s][info][gc,marking     ] GC(1111) Concurrent Rebuild Remembered Sets and Scrub Regions 329.531ms
[4146.757s][info][gc,start       ] GC(1111) Pause Cleanup
[4146.757s][info][gc             ] GC(1111) Pause Cleanup 2765M->2765M(4096M) 0.123ms
[4146.757s][info][gc,cpu         ] GC(1111) User=0.00s Sys=0.00s Real=0.00s
[4146.757s][info][gc,marking     ] GC(1111) Concurrent Clear Claimed Marks
[4146.757s][info][gc,marking     ] GC(1111) Concurrent Clear Claimed Marks 0.037ms
[4146.757s][info][gc,marking     ] GC(1111) Concurrent Cleanup for Next Mark
[4146.766s][info][gc,marking     ] GC(1111) Concurrent Cleanup for Next Mark 8.813ms
[4146.766s][info][gc             ] GC(1111) Concurrent Mark Cycle 1491.215ms
.[4147.598s][info][gc,start       ] GC(1112) Pause Young (Prepare Mixed) (G1 Evacuation Pause)
[4147.598s][info][gc,task        ] GC(1112) Using 6 workers of 6 for evacuation
[4147.716s][info][gc,phases      ] GC(1112)   Pre Evacuate Collection Set: 0.34ms
[4147.716s][info][gc,phases      ] GC(1112)   Merge Heap Roots: 0.51ms
[4147.716s][info][gc,phases      ] GC(1112)   Evacuate Collection Set: 115.83ms
[4147.716s][info][gc,phases      ] GC(1112)   Post Evacuate Collection Set: 0.91ms
[4147.716s][info][gc,phases      ] GC(1112)   Other: 0.09ms
[4147.716s][info][gc,heap        ] GC(1112) Eden regions: 1118->0(1108)
[4147.716s][info][gc,heap        ] GC(1112) Survivor regions: 110->110(154)
[4147.716s][info][gc,heap        ] GC(1112) Old regions: 505->537
[4147.716s][info][gc,heap        ] GC(1112) Humongous regions: 80->80
[4147.716s][info][gc,metaspace   ] GC(1112) Metaspace: 28921K(29312K)->28921K(29312K) NonClass: 24052K(24256K)->24052K(24256K) Class: 4868K(5056K)->4868K(5056K)
[4147.716s][info][gc             ] GC(1112) Pause Young (Prepare Mixed) (G1 Evacuation Pause) 3625M->1452M(4096M) 117.826ms
[4147.716s][info][gc,cpu         ] GC(1112) User=0.69s Sys=0.00s Real=0.12s
..|[4150.123s][info][gc,start       ] GC(1113) Pause Young (Mixed) (G1 Evacuation Pause)
[4150.123s][info][gc,task        ] GC(1113) Using 6 workers of 6 for evacuation
[4150.263s][info][gc,phases      ] GC(1113)   Pre Evacuate Collection Set: 0.39ms
[4150.263s][info][gc,phases      ] GC(1113)   Merge Heap Roots: 0.64ms
[4150.263s][info][gc,phases      ] GC(1113)   Evacuate Collection Set: 137.66ms
[4150.263s][info][gc,phases      ] GC(1113)   Post Evacuate Collection Set: 0.97ms
[4150.263s][info][gc,phases      ] GC(1113)   Other: 0.09ms
[4150.263s][info][gc,heap        ] GC(1113) Eden regions: 1108->0(1114)
[4150.263s][info][gc,heap        ] GC(1113) Survivor regions: 110->114(153)
[4150.263s][info][gc,heap        ] GC(1113) Old regions: 537->475
[4150.263s][info][gc,heap        ] GC(1113) Humongous regions: 80->80
[4150.263s][info][gc,metaspace   ] GC(1113) Metaspace: 28921K(29312K)->28921K(29312K) NonClass: 24052K(24256K)->24052K(24256K) Class: 4868K(5056K)->4868K(5056K)
[4150.263s][info][gc             ] GC(1113) Pause Young (Mixed) (G1 Evacuation Pause) 3668M->1336M(4096M) 139.880ms
[4150.263s][info][gc,cpu         ] GC(1113) User=0.83s Sys=0.00s Real=0.14s
...[4152.637s][info][gc,start       ] GC(1114) Pause Young (Concurrent Start) (G1 Evacuation Pause)
[4152.637s][info][gc,task        ] GC(1114) Using 6 workers of 6 for evacuation
[4152.756s][info][gc,phases      ] GC(1114)   Pre Evacuate Collection Set: 0.41ms
[4152.756s][info][gc,phases      ] GC(1114)   Merge Heap Roots: 0.47ms
[4152.756s][info][gc,phases      ] GC(1114)   Evacuate Collection Set: 117.53ms
[4152.756s][info][gc,phases      ] GC(1114)   Post Evacuate Collection Set: 0.89ms
[4152.756s][info][gc,phases      ] GC(1114)   Other: 0.10ms
[4152.756s][info][gc,heap        ] GC(1114) Eden regions: 1114->0(1117)
[4152.756s][info][gc,heap        ] GC(1114) Survivor regions: 114->111(154)
[4152.756s][info][gc,heap        ] GC(1114) Old regions: 475->506
[4152.756s][info][gc,heap        ] GC(1114) Humongous regions: 80->80
[4152.756s][info][gc,metaspace   ] GC(1114) Metaspace: 28921K(29312K)->28921K(29312K) NonClass: 24052K(24256K)->24052K(24256K) Class: 4868K(5056K)->4868K(5056K)
[4152.756s][info][gc             ] GC(1114) Pause Young (Concurrent Start) (G1 Evacuation Pause) 3564M->1392M(4096M) 119.531ms
[4152.756s][info][gc             ] GC(1115) Concurrent Mark Cycle
[4152.756s][info][gc,marking     ] GC(1115) Concurrent Scan Root Regions
[4152.756s][info][gc,cpu         ] GC(1114) User=0.70s Sys=0.00s Real=0.12s
[4152.896s][info][gc,marking     ] GC(1115) Concurrent Scan Root Regions 139.983ms
[4152.896s][info][gc,marking     ] GC(1115) Concurrent Mark
[4152.896s][info][gc,marking     ] GC(1115) Concurrent Mark From Roots
[4152.896s][info][gc,task        ] GC(1115) Using 2 workers of 2 for marking
.[4153.593s][info][gc,marking     ] GC(1115) Concurrent Mark From Roots 696.660ms
[4153.593s][info][gc,marking     ] GC(1115) Concurrent Preclean
[4153.593s][info][gc,marking     ] GC(1115) Concurrent Preclean 0.167ms
[4153.594s][info][gc,start       ] GC(1115) Pause Remark
[4153.599s][info][gc             ] GC(1115) Pause Remark 2092M->2092M(4096M) 5.174ms
[4153.599s][info][gc,cpu         ] GC(1115) User=0.03s Sys=0.00s Real=0.00s
[4153.599s][info][gc,marking     ] GC(1115) Concurrent Mark 702.987ms
[4153.599s][info][gc,marking     ] GC(1115) Concurrent Rebuild Remembered Sets and Scrub Regions
[4154.010s][info][gc,marking     ] GC(1115) Concurrent Rebuild Remembered Sets and Scrub Regions 410.816ms
[4154.014s][info][gc,start       ] GC(1115) Pause Cleanup
[4154.014s][info][gc             ] GC(1115) Pause Cleanup 2492M->2492M(4096M) 0.132ms
[4154.014s][info][gc,cpu         ] GC(1115) User=0.00s Sys=0.00s Real=0.00s
[4154.014s][info][gc,marking     ] GC(1115) Concurrent Clear Claimed Marks
[4154.014s][info][gc,marking     ] GC(1115) Concurrent Clear Claimed Marks 0.042ms
[4154.014s][info][gc,marking     ] GC(1115) Concurrent Cleanup for Next Mark
[4154.019s][info][gc,marking     ] GC(1115) Concurrent Cleanup for Next Mark 4.512ms
[4154.019s][info][gc             ] GC(1115) Concurrent Mark Cycle 1262.447ms
.[4155.171s][info][gc,start       ] GC(1116) Pause Young (Prepare Mixed) (G1 Evacuation Pause)
[4155.171s][info][gc,task        ] GC(1116) Using 6 workers of 6 for evacuation
[4155.290s][info][gc,phases      ] GC(1116)   Pre Evacuate Collection Set: 0.32ms
[4155.290s][info][gc,phases      ] GC(1116)   Merge Heap Roots: 0.47ms
[4155.290s][info][gc,phases      ] GC(1116)   Evacuate Collection Set: 116.86ms
[4155.290s][info][gc,phases      ] GC(1116)   Post Evacuate Collection Set: 0.92ms
[4155.290s][info][gc,phases      ] GC(1116)   Other: 0.08ms
[4155.290s][info][gc,heap        ] GC(1116) Eden regions: 1117->0(1106)
[4155.290s][info][gc,heap        ] GC(1116) Survivor regions: 111->110(154)
[4155.290s][info][gc,heap        ] GC(1116) Old regions: 506->539
[4155.290s][info][gc,heap        ] GC(1116) Humongous regions: 80->80
[4155.290s][info][gc,metaspace   ] GC(1116) Metaspace: 28921K(29312K)->28921K(29312K) NonClass: 24052K(24256K)->24052K(24256K) Class: 4868K(5056K)->4868K(5056K)
[4155.290s][info][gc             ] GC(1116) Pause Young (Prepare Mixed) (G1 Evacuation Pause) 3626M->1457M(4096M) 118.791ms
[4155.290s][info][gc,cpu         ] GC(1116) User=0.70s Sys=0.01s Real=0.12s
...[4157.600s][info][gc,start       ] GC(1117) Pause Young (Mixed) (G1 Evacuation Pause)
[4157.600s][info][gc,task        ] GC(1117) Using 6 workers of 6 for evacuation
[4157.731s][info][gc,phases      ] GC(1117)   Pre Evacuate Collection Set: 0.37ms
[4157.731s][info][gc,phases      ] GC(1117)   Merge Heap Roots: 0.63ms
[4157.731s][info][gc,phases      ] GC(1117)   Evacuate Collection Set: 129.33ms
[4157.731s][info][gc,phases      ] GC(1117)   Post Evacuate Collection Set: 0.95ms
[4157.731s][info][gc,phases      ] GC(1117)   Other: 0.08ms
[4157.731s][info][gc,heap        ] GC(1117) Eden regions: 1106->0(1120)
[4157.731s][info][gc,heap        ] GC(1117) Survivor regions: 110->108(152)
[4157.731s][info][gc,heap        ] GC(1117) Old regions: 539->476
[4157.731s][info][gc,heap        ] GC(1117) Humongous regions: 80->80
[4157.731s][info][gc,metaspace   ] GC(1117) Metaspace: 28921K(29312K)->28921K(29312K) NonClass: 24052K(24256K)->24052K(24256K) Class: 4868K(5056K)->4868K(5056K)
[4157.731s][info][gc             ] GC(1117) Pause Young (Mixed) (G1 Evacuation Pause) 3669M->1325M(4096M) 131.492ms
[4157.731s][info][gc,cpu         ] GC(1117) User=0.78s Sys=0.00s Real=0.13s
..[4160.137s][info][gc,start       ] GC(1118) Pause Young (Concurrent Start) (G1 Evacuation Pause)
[4160.137s][info][gc,task        ] GC(1118) Using 6 workers of 6 for evacuation
[4160.256s][info][gc,phases      ] GC(1118)   Pre Evacuate Collection Set: 0.39ms
[4160.256s][info][gc,phases      ] GC(1118)   Merge Heap Roots: 0.44ms
[4160.256s][info][gc,phases      ] GC(1118)   Evacuate Collection Set: 116.63ms
[4160.256s][info][gc,phases      ] GC(1118)   Post Evacuate Collection Set: 0.89ms
[4160.256s][info][gc,phases      ] GC(1118)   Other: 0.12ms
[4160.256s][info][gc,heap        ] GC(1118) Eden regions: 1120->0(1117)
[4160.256s][info][gc,heap        ] GC(1118) Survivor regions: 108->111(154)
[4160.256s][info][gc,heap        ] GC(1118) Old regions: 476->509
[4160.256s][info][gc,heap        ] GC(1118) Humongous regions: 80->80
[4160.256s][info][gc,metaspace   ] GC(1118) Metaspace: 28921K(29312K)->28921K(29312K) NonClass: 24052K(24256K)->24052K(24256K) Class: 4868K(5056K)->4868K(5056K)
[4160.256s][info][gc             ] GC(1118) Pause Young (Concurrent Start) (G1 Evacuation Pause) 3565M->1398M(4096M) 118.606ms
[4160.256s][info][gc             ] GC(1119) Concurrent Mark Cycle
[4160.256s][info][gc,marking     ] GC(1119) Concurrent Scan Root Regions
[4160.256s][info][gc,cpu         ] GC(1118) User=0.71s Sys=0.00s Real=0.12s
[4160.446s][info][gc,marking     ] GC(1119) Concurrent Scan Root Regions 190.533ms
[4160.446s][info][gc,marking     ] GC(1119) Concurrent Mark
[4160.447s][info][gc,marking     ] GC(1119) Concurrent Mark From Roots
[4160.447s][info][gc,task        ] GC(1119) Using 2 workers of 2 for marking
.[4161.408s][info][gc,marking     ] GC(1119) Concurrent Mark From Roots 961.914ms
[4161.408s][info][gc,marking     ] GC(1119) Concurrent Preclean
[4161.409s][info][gc,marking     ] GC(1119) Concurrent Preclean 0.164ms
[4161.409s][info][gc,start       ] GC(1119) Pause Remark
[4161.415s][info][gc             ] GC(1119) Pause Remark 2466M->2466M(4096M) 5.995ms
[4161.415s][info][gc,cpu         ] GC(1119) User=0.03s Sys=0.00s Real=0.01s
[4161.417s][info][gc,marking     ] GC(1119) Concurrent Mark 970.749ms
[4161.417s][info][gc,marking     ] GC(1119) Concurrent Rebuild Remembered Sets and Scrub Regions
.[4161.706s][info][gc,marking     ] GC(1119) Concurrent Rebuild Remembered Sets and Scrub Regions 288.834ms
[4161.709s][info][gc,start       ] GC(1119) Pause Cleanup
[4161.709s][info][gc             ] GC(1119) Pause Cleanup 2752M->2752M(4096M) 0.137ms
[4161.709s][info][gc,cpu         ] GC(1119) User=0.00s Sys=0.00s Real=0.00s
[4161.709s][info][gc,marking     ] GC(1119) Concurrent Clear Claimed Marks
[4161.709s][info][gc,marking     ] GC(1119) Concurrent Clear Claimed Marks 0.034ms
[4161.709s][info][gc,marking     ] GC(1119) Concurrent Cleanup for Next Mark
[4161.716s][info][gc,marking     ] GC(1119) Concurrent Cleanup for Next Mark 6.917ms
[4161.716s][info][gc             ] GC(1119) Concurrent Mark Cycle 1459.995ms
.[4162.692s][info][gc,start       ] GC(1120) Pause Young (Prepare Mixed) (G1 Evacuation Pause)
[4162.692s][info][gc,task        ] GC(1120) Using 6 workers of 6 for evacuation
[4162.815s][info][gc,phases      ] GC(1120)   Pre Evacuate Collection Set: 0.34ms
[4162.815s][info][gc,phases      ] GC(1120)   Merge Heap Roots: 0.49ms
[4162.815s][info][gc,phases      ] GC(1120)   Evacuate Collection Set: 121.21ms
[4162.815s][info][gc,phases      ] GC(1120)   Post Evacuate Collection Set: 0.94ms
[4162.815s][info][gc,phases      ] GC(1120)   Other: 0.09ms
[4162.815s][info][gc,heap        ] GC(1120) Eden regions: 1117->0(1093)
[4162.815s][info][gc,heap        ] GC(1120) Survivor regions: 111->116(154)
[4162.815s][info][gc,heap        ] GC(1120) Old regions: 509->540
[4162.815s][info][gc,heap        ] GC(1120) Humongous regions: 80->80
[4162.815s][info][gc,metaspace   ] GC(1120) Metaspace: 28921K(29312K)->28921K(29312K) NonClass: 24052K(24256K)->24052K(24256K) Class: 4868K(5056K)->4868K(5056K)
[4162.815s][info][gc             ] GC(1120) Pause Young (Prepare Mixed) (G1 Evacuation Pause) 3632M->1469M(4096M) 123.201ms
[4162.815s][info][gc,cpu         ] GC(1120) User=0.73s Sys=0.00s Real=0.13s
..[4165.133s][info][gc,start       ] GC(1121) Pause Young (Mixed) (G1 Evacuation Pause)
[4165.133s][info][gc,task        ] GC(1121) Using 6 workers of 6 for evacuation
[4165.270s][info][gc,phases      ] GC(1121)   Pre Evacuate Collection Set: 0.37ms
[4165.270s][info][gc,phases      ] GC(1121)   Merge Heap Roots: 0.75ms
[4165.270s][info][gc,phases      ] GC(1121)   Evacuate Collection Set: 134.67ms
[4165.270s][info][gc,phases      ] GC(1121)   Post Evacuate Collection Set: 0.97ms
[4165.270s][info][gc,phases      ] GC(1121)   Other: 0.09ms
[4165.270s][info][gc,heap        ] GC(1121) Eden regions: 1093->0(1117)
[4165.270s][info][gc,heap        ] GC(1121) Survivor regions: 116->111(152)
[4165.270s][info][gc,heap        ] GC(1121) Old regions: 540->474
[4165.270s][info][gc,heap        ] GC(1121) Humongous regions: 80->80
[4165.270s][info][gc,metaspace   ] GC(1121) Metaspace: 28921K(29312K)->28921K(29312K) NonClass: 24052K(24256K)->24052K(24256K) Class: 4868K(5056K)->4868K(5056K)
[4165.270s][info][gc             ] GC(1121) Pause Young (Mixed) (G1 Evacuation Pause) 3655M->1328M(4096M) 136.970ms
[4165.270s][info][gc,cpu         ] GC(1121) User=0.81s Sys=0.00s Real=0.13s
...[4167.656s][info][gc,start       ] GC(1122) Pause Young (Concurrent Start) (G1 Evacuation Pause)
[4167.656s][info][gc,task        ] GC(1122) Using 6 workers of 6 for evacuation
[4167.773s][info][gc,phases      ] GC(1122)   Pre Evacuate Collection Set: 0.39ms
[4167.773s][info][gc,phases      ] GC(1122)   Merge Heap Roots: 0.47ms
[4167.773s][info][gc,phases      ] GC(1122)   Evacuate Collection Set: 115.92ms
[4167.773s][info][gc,phases      ] GC(1122)   Post Evacuate Collection Set: 0.87ms
[4167.773s][info][gc,phases      ] GC(1122)   Other: 0.12ms
[4167.774s][info][gc,heap        ] GC(1122) Eden regions: 1117->0(1120)
[4167.774s][info][gc,heap        ] GC(1122) Survivor regions: 111->108(154)
[4167.774s][info][gc,heap        ] GC(1122) Old regions: 474->507
[4167.774s][info][gc,heap        ] GC(1122) Humongous regions: 80->80
[4167.774s][info][gc,metaspace   ] GC(1122) Metaspace: 28921K(29312K)->28921K(29312K) NonClass: 24052K(24256K)->24052K(24256K) Class: 4868K(5056K)->4868K(5056K)
[4167.774s][info][gc             ] GC(1122) Pause Young (Concurrent Start) (G1 Evacuation Pause) 3562M->1389M(4096M) 117.900ms
[4167.774s][info][gc             ] GC(1123) Concurrent Mark Cycle
[4167.774s][info][gc,marking     ] GC(1123) Concurrent Scan Root Regions
[4167.774s][info][gc,cpu         ] GC(1122) User=0.69s Sys=0.01s Real=0.12s
[4167.912s][info][gc,marking     ] GC(1123) Concurrent Scan Root Regions 138.631ms
[4167.912s][info][gc,marking     ] GC(1123) Concurrent Mark
[4167.912s][info][gc,marking     ] GC(1123) Concurrent Mark From Roots
[4167.912s][info][gc,task        ] GC(1123) Using 2 workers of 2 for marking
.[4168.671s][info][gc,marking     ] GC(1123) Concurrent Mark From Roots 759.116ms
[4168.671s][info][gc,marking     ] GC(1123) Concurrent Preclean
[4168.672s][info][gc,marking     ] GC(1123) Concurrent Preclean 0.172ms
[4168.673s][info][gc,start       ] GC(1123) Pause Remark
[4168.677s][info][gc             ] GC(1123) Pause Remark 2185M->2185M(4096M) 4.398ms
[4168.677s][info][gc,cpu         ] GC(1123) User=0.02s Sys=0.00s Real=0.00s
[4168.678s][info][gc,marking     ] GC(1123) Concurrent Mark 765.941ms
[4168.678s][info][gc,marking     ] GC(1123) Concurrent Rebuild Remembered Sets and Scrub Regions
[4169.019s][info][gc,marking     ] GC(1123) Concurrent Rebuild Remembered Sets and Scrub Regions 340.291ms
[4169.020s][info][gc,start       ] GC(1123) Pause Cleanup
[4169.020s][info][gc             ] GC(1123) Pause Cleanup 2475M->2475M(4096M) 0.138ms
[4169.020s][info][gc,cpu         ] GC(1123) User=0.00s Sys=0.00s Real=0.00s
[4169.020s][info][gc,marking     ] GC(1123) Concurrent Clear Claimed Marks
[4169.020s][info][gc,marking     ] GC(1123) Concurrent Clear Claimed Marks 0.022ms
[4169.020s][info][gc,marking     ] GC(1123) Concurrent Cleanup for Next Mark
[4169.028s][info][gc,marking     ] GC(1123) Concurrent Cleanup for Next Mark 7.779ms
[4169.028s][info][gc             ] GC(1123) Concurrent Mark Cycle 1254.346ms
.[4170.141s][info][gc,start       ] GC(1124) Pause Young (Prepare Mixed) (G1 Evacuation Pause)
[4170.141s][info][gc,task        ] GC(1124) Using 6 workers of 6 for evacuation
[4170.259s][info][gc,phases      ] GC(1124)   Pre Evacuate Collection Set: 0.35ms
[4170.259s][info][gc,phases      ] GC(1124)   Merge Heap Roots: 0.49ms
[4170.259s][info][gc,phases      ] GC(1124)   Evacuate Collection Set: 115.52ms
[4170.259s][info][gc,phases      ] GC(1124)   Post Evacuate Collection Set: 0.93ms
[4170.259s][info][gc,phases      ] GC(1124)   Other: 0.09ms
[4170.259s][info][gc,heap        ] GC(1124) Eden regions: 1120->0(1107)
[4170.259s][info][gc,heap        ] GC(1124) Survivor regions: 108->110(154)
[4170.259s][info][gc,heap        ] GC(1124) Old regions: 507->538
[4170.259s][info][gc,heap        ] GC(1124) Humongous regions: 80->80
[4170.259s][info][gc,metaspace   ] GC(1124) Metaspace: 28921K(29312K)->28921K(29312K) NonClass: 24052K(24256K)->24052K(24256K) Class: 4868K(5056K)->4868K(5056K)
[4170.259s][info][gc             ] GC(1124) Pause Young (Prepare Mixed) (G1 Evacuation Pause) 3629M->1455M(4096M) 117.524ms
[4170.259s][info][gc,cpu         ] GC(1124) User=0.70s Sys=0.00s Real=0.12s
..[4172.643s][info][gc,start       ] GC(1125) Pause Young (Mixed) (G1 Evacuation Pause)
[4172.643s][info][gc,task        ] GC(1125) Using 6 workers of 6 for evacuation
[4172.777s][info][gc,phases      ] GC(1125)   Pre Evacuate Collection Set: 0.38ms
[4172.777s][info][gc,phases      ] GC(1125)   Merge Heap Roots: 0.69ms
[4172.777s][info][gc,phases      ] GC(1125)   Evacuate Collection Set: 132.60ms
[4172.777s][info][gc,phases      ] GC(1125)   Post Evacuate Collection Set: 0.93ms
[4172.777s][info][gc,phases      ] GC(1125)   Other: 0.10ms
[4172.777s][info][gc,heap        ] GC(1125) Eden regions: 1107->0(1120)
[4172.777s][info][gc,heap        ] GC(1125) Survivor regions: 110->108(153)
[4172.777s][info][gc,heap        ] GC(1125) Old regions: 538->475
[4172.777s][info][gc,heap        ] GC(1125) Humongous regions: 80->80
[4172.777s][info][gc,metaspace   ] GC(1125) Metaspace: 28921K(29312K)->28921K(29312K) NonClass: 24052K(24256K)->24052K(24256K) Class: 4868K(5056K)->4868K(5056K)
[4172.777s][info][gc             ] GC(1125) Pause Young (Mixed) (G1 Evacuation Pause) 3669M->1324M(4096M) 134.833ms
[4172.778s][info][gc,cpu         ] GC(1125) User=0.80s Sys=0.00s Real=0.13s
...[4175.205s][info][gc,start       ] GC(1126) Pause Young (Concurrent Start) (G1 Evacuation Pause)
[4175.205s][info][gc,task        ] GC(1126) Using 6 workers of 6 for evacuation
[4175.320s][info][gc,phases      ] GC(1126)   Pre Evacuate Collection Set: 0.39ms
[4175.320s][info][gc,phases      ] GC(1126)   Merge Heap Roots: 0.44ms
[4175.320s][info][gc,phases      ] GC(1126)   Evacuate Collection Set: 113.96ms
[4175.320s][info][gc,phases      ] GC(1126)   Post Evacuate Collection Set: 0.90ms
[4175.320s][info][gc,phases      ] GC(1126)   Other: 0.11ms
[4175.320s][info][gc,heap        ] GC(1126) Eden regions: 1120->0(1118)
[4175.320s][info][gc,heap        ] GC(1126) Survivor regions: 108->110(154)
[4175.320s][info][gc,heap        ] GC(1126) Old regions: 475->507
[4175.320s][info][gc,heap        ] GC(1126) Humongous regions: 80->80
[4175.320s][info][gc,metaspace   ] GC(1126) Metaspace: 28921K(29312K)->28921K(29312K) NonClass: 24052K(24256K)->24052K(24256K) Class: 4868K(5056K)->4868K(5056K)
[4175.320s][info][gc             ] GC(1126) Pause Young (Concurrent Start) (G1 Evacuation Pause) 3564M->1392M(4096M) 115.939ms
[4175.320s][info][gc             ] GC(1127) Concurrent Mark Cycle
[4175.321s][info][gc,marking     ] GC(1127) Concurrent Scan Root Regions
[4175.321s][info][gc,cpu         ] GC(1126) User=0.69s Sys=0.00s Real=0.11s
[4175.464s][info][gc,marking     ] GC(1127) Concurrent Scan Root Regions 143.840ms
[4175.464s][info][gc,marking     ] GC(1127) Concurrent Mark
[4175.464s][info][gc,marking     ] GC(1127) Concurrent Mark From Roots
[4175.464s][info][gc,task        ] GC(1127) Using 2 workers of 2 for marking
.[4176.370s][info][gc,marking     ] GC(1127) Concurrent Mark From Roots 905.466ms
[4176.370s][info][gc,marking     ] GC(1127) Concurrent Preclean
[4176.370s][info][gc,marking     ] GC(1127) Concurrent Preclean 0.152ms
[4176.370s][info][gc,start       ] GC(1127) Pause Remark
[4176.376s][info][gc             ] GC(1127) Pause Remark 2329M->2329M(4096M) 6.136ms
[4176.376s][info][gc,cpu         ] GC(1127) User=0.04s Sys=0.00s Real=0.01s
[4176.377s][info][gc,marking     ] GC(1127) Concurrent Mark 912.825ms
[4176.377s][info][gc,marking     ] GC(1127) Concurrent Rebuild Remembered Sets and Scrub Regions
[4176.761s][info][gc,marking     ] GC(1127) Concurrent Rebuild Remembered Sets and Scrub Regions 383.392ms
[4176.761s][info][gc,start       ] GC(1127) Pause Cleanup
[4176.761s][info][gc             ] GC(1127) Pause Cleanup 2762M->2762M(4096M) 0.109ms
[4176.761s][info][gc,cpu         ] GC(1127) User=0.00s Sys=0.00s Real=0.00s
[4176.761s][info][gc,marking     ] GC(1127) Concurrent Clear Claimed Marks
[4176.761s][info][gc,marking     ] GC(1127) Concurrent Clear Claimed Marks 0.022ms
[4176.761s][info][gc,marking     ] GC(1127) Concurrent Cleanup for Next Mark
[4176.764s][info][gc,marking     ] GC(1127) Concurrent Cleanup for Next Mark 3.200ms
[4176.764s][info][gc             ] GC(1127) Concurrent Mark Cycle 1443.725ms
.[4177.689s][info][gc,start       ] GC(1128) Pause Young (Prepare Mixed) (G1 Evacuation Pause)
[4177.689s][info][gc,task        ] GC(1128) Using 6 workers of 6 for evacuation
[4177.804s][info][gc,phases      ] GC(1128)   Pre Evacuate Collection Set: 0.35ms
[4177.804s][info][gc,phases      ] GC(1128)   Merge Heap Roots: 0.48ms
[4177.804s][info][gc,phases      ] GC(1128)   Evacuate Collection Set: 113.43ms
[4177.804s][info][gc,phases      ] GC(1128)   Post Evacuate Collection Set: 0.95ms
[4177.804s][info][gc,phases      ] GC(1128)   Other: 0.09ms
[4177.804s][info][gc,heap        ] GC(1128) Eden regions: 1118->0(1111)
[4177.804s][info][gc,heap        ] GC(1128) Survivor regions: 110->108(154)
[4177.804s][info][gc,heap        ] GC(1128) Old regions: 507->538
[4177.804s][info][gc,heap        ] GC(1128) Humongous regions: 80->80
[4177.804s][info][gc,metaspace   ] GC(1128) Metaspace: 28922K(29312K)->28922K(29312K) NonClass: 24053K(24256K)->24053K(24256K) Class: 4868K(5056K)->4868K(5056K)
[4177.804s][info][gc             ] GC(1128) Pause Young (Prepare Mixed) (G1 Evacuation Pause) 3628M->1451M(4096M) 115.441ms
[4177.804s][info][gc,cpu         ] GC(1128) User=0.68s Sys=0.00s Real=0.12s
...[4180.244s][info][gc,start       ] GC(1129) Pause Young (Mixed) (G1 Evacuation Pause)
[4180.244s][info][gc,task        ] GC(1129) Using 6 workers of 6 for evacuation
[4180.377s][info][gc,phases      ] GC(1129)   Pre Evacuate Collection Set: 0.35ms
[4180.377s][info][gc,phases      ] GC(1129)   Merge Heap Roots: 0.58ms
[4180.377s][info][gc,phases      ] GC(1129)   Evacuate Collection Set: 131.34ms
[4180.377s][info][gc,phases      ] GC(1129)   Post Evacuate Collection Set: 0.95ms
[4180.377s][info][gc,phases      ] GC(1129)   Other: 0.10ms
[4180.377s][info][gc,heap        ] GC(1129) Eden regions: 1111->0(1115)
[4180.377s][info][gc,heap        ] GC(1129) Survivor regions: 108->113(153)
[4180.377s][info][gc,heap        ] GC(1129) Old regions: 538->474
[4180.377s][info][gc,heap        ] GC(1129) Humongous regions: 80->80
[4180.377s][info][gc,metaspace   ] GC(1129) Metaspace: 28922K(29312K)->28922K(29312K) NonClass: 24053K(24256K)->24053K(24256K) Class: 4868K(5056K)->4868K(5056K)
[4180.377s][info][gc             ] GC(1129) Pause Young (Mixed) (G1 Evacuation Pause) 3673M->1332M(4096M) 133.453ms
[4180.377s][info][gc,cpu         ] GC(1129) User=0.79s Sys=0.00s Real=0.13s
..[4182.724s][info][gc,start       ] GC(1130) Pause Young (Concurrent Start) (G1 Evacuation Pause)
[4182.724s][info][gc,task        ] GC(1130) Using 6 workers of 6 for evacuation
[4182.843s][info][gc,phases      ] GC(1130)   Pre Evacuate Collection Set: 0.36ms
[4182.843s][info][gc,phases      ] GC(1130)   Merge Heap Roots: 0.46ms
[4182.843s][info][gc,phases      ] GC(1130)   Evacuate Collection Set: 116.70ms
[4182.843s][info][gc,phases      ] GC(1130)   Post Evacuate Collection Set: 0.89ms
[4182.843s][info][gc,phases      ] GC(1130)   Other: 0.11ms
[4182.843s][info][gc,heap        ] GC(1130) Eden regions: 1115->0(1117)
[4182.843s][info][gc,heap        ] GC(1130) Survivor regions: 113->111(154)
[4182.843s][info][gc,heap        ] GC(1130) Old regions: 474->506
[4182.843s][info][gc,heap        ] GC(1130) Humongous regions: 80->80
[4182.843s][info][gc,metaspace   ] GC(1130) Metaspace: 28922K(29312K)->28922K(29312K) NonClass: 24053K(24256K)->24053K(24256K) Class: 4868K(5056K)->4868K(5056K)
[4182.843s][info][gc             ] GC(1130) Pause Young (Concurrent Start) (G1 Evacuation Pause) 3562M->1393M(4096M) 118.641ms
[4182.843s][info][gc             ] GC(1131) Concurrent Mark Cycle
[4182.843s][info][gc,marking     ] GC(1131) Concurrent Scan Root Regions
[4182.843s][info][gc,cpu         ] GC(1130) User=0.70s Sys=0.00s Real=0.12s
.[4183.025s][info][gc,marking     ] GC(1131) Concurrent Scan Root Regions 182.394ms
[4183.025s][info][gc,marking     ] GC(1131) Concurrent Mark
[4183.025s][info][gc,marking     ] GC(1131) Concurrent Mark From Roots
[4183.025s][info][gc,task        ] GC(1131) Using 2 workers of 2 for marking
[4184.010s][info][gc,marking     ] GC(1131) Concurrent Mark From Roots 984.694ms
[4184.010s][info][gc,marking     ] GC(1131) Concurrent Preclean
[4184.010s][info][gc,marking     ] GC(1131) Concurrent Preclean 0.155ms
[4184.013s][info][gc,start       ] GC(1131) Pause Remark
[4184.018s][info][gc             ] GC(1131) Pause Remark 2445M->2445M(4096M) 5.373ms
[4184.018s][info][gc,cpu         ] GC(1131) User=0.03s Sys=0.00s Real=0.00s
[4184.018s][info][gc,marking     ] GC(1131) Concurrent Mark 992.799ms
[4184.018s][info][gc,marking     ] GC(1131) Concurrent Rebuild Remembered Sets and Scrub Regions
.[4184.379s][info][gc,marking     ] GC(1131) Concurrent Rebuild Remembered Sets and Scrub Regions 360.502ms
[4184.379s][info][gc,start       ] GC(1131) Pause Cleanup
[4184.379s][info][gc             ] GC(1131) Pause Cleanup 2811M->2811M(4096M) 0.102ms
[4184.379s][info][gc,cpu         ] GC(1131) User=0.00s Sys=0.00s Real=0.00s
[4184.379s][info][gc,marking     ] GC(1131) Concurrent Clear Claimed Marks
[4184.379s][info][gc,marking     ] GC(1131) Concurrent Clear Claimed Marks 0.027ms
[4184.379s][info][gc,marking     ] GC(1131) Concurrent Cleanup for Next Mark
[4184.385s][info][gc,marking     ] GC(1131) Concurrent Cleanup for Next Mark 5.417ms
[4184.385s][info][gc             ] GC(1131) Concurrent Mark Cycle 1541.693ms
.[4185.275s][info][gc,start       ] GC(1132) Pause Young (Prepare Mixed) (G1 Evacuation Pause)
[4185.275s][info][gc,task        ] GC(1132) Using 6 workers of 6 for evacuation
[4185.403s][info][gc,phases      ] GC(1132)   Pre Evacuate Collection Set: 0.32ms
[4185.403s][info][gc,phases      ] GC(1132)   Merge Heap Roots: 0.48ms
[4185.403s][info][gc,phases      ] GC(1132)   Evacuate Collection Set: 125.86ms
[4185.403s][info][gc,phases      ] GC(1132)   Post Evacuate Collection Set: 0.92ms
[4185.403s][info][gc,phases      ] GC(1132)   Other: 0.09ms
[4185.403s][info][gc,heap        ] GC(1132) Eden regions: 1117->0(1093)
[4185.403s][info][gc,heap        ] GC(1132) Survivor regions: 111->117(154)
[4185.403s][info][gc,heap        ] GC(1132) Old regions: 506->538
[4185.403s][info][gc,heap        ] GC(1132) Humongous regions: 80->80
[4185.403s][info][gc,metaspace   ] GC(1132) Metaspace: 28922K(29312K)->28922K(29312K) NonClass: 24053K(24256K)->24053K(24256K) Class: 4868K(5056K)->4868K(5056K)
[4185.403s][info][gc             ] GC(1132) Pause Young (Prepare Mixed) (G1 Evacuation Pause) 3627M->1469M(4096M) 127.792ms
[4185.403s][info][gc,cpu         ] GC(1132) User=0.76s Sys=0.00s Real=0.13s
..[4187.653s][info][gc,start       ] GC(1133) Pause Young (Mixed) (G1 Evacuation Pause)
[4187.653s][info][gc,task        ] GC(1133) Using 6 workers of 6 for evacuation
[4187.784s][info][gc,phases      ] GC(1133)   Pre Evacuate Collection Set: 0.41ms
[4187.784s][info][gc,phases      ] GC(1133)   Merge Heap Roots: 0.60ms
[4187.784s][info][gc,phases      ] GC(1133)   Evacuate Collection Set: 128.63ms
[4187.784s][info][gc,phases      ] GC(1133)   Post Evacuate Collection Set: 0.97ms
[4187.784s][info][gc,phases      ] GC(1133)   Other: 0.09ms
[4187.784s][info][gc,heap        ] GC(1133) Eden regions: 1093->0(1120)
[4187.784s][info][gc,heap        ] GC(1133) Survivor regions: 117->108(152)
[4187.784s][info][gc,heap        ] GC(1133) Old regions: 538->475
[4187.784s][info][gc,heap        ] GC(1133) Humongous regions: 80->80
[4187.784s][info][gc,metaspace   ] GC(1133) Metaspace: 28922K(29312K)->28922K(29312K) NonClass: 24053K(24256K)->24053K(24256K) Class: 4868K(5056K)->4868K(5056K)
[4187.784s][info][gc             ] GC(1133) Pause Young (Mixed) (G1 Evacuation Pause) 3655M->1323M(4096M) 130.829ms
[4187.784s][info][gc,cpu         ] GC(1133) User=0.77s Sys=0.00s Real=0.13s
..[4190.159s][info][gc,start       ] GC(1134) Pause Young (Concurrent Start) (G1 Evacuation Pause)
[4190.159s][info][gc,task        ] GC(1134) Using 6 workers of 6 for evacuation
[4190.279s][info][gc,phases      ] GC(1134)   Pre Evacuate Collection Set: 0.39ms
[4190.279s][info][gc,phases      ] GC(1134)   Merge Heap Roots: 0.42ms
[4190.279s][info][gc,phases      ] GC(1134)   Evacuate Collection Set: 117.36ms
[4190.279s][info][gc,phases      ] GC(1134)   Post Evacuate Collection Set: 0.90ms
[4190.279s][info][gc,phases      ] GC(1134)   Other: 0.13ms
[4190.279s][info][gc,heap        ] GC(1134) Eden regions: 1120->0(1119)
[4190.279s][info][gc,heap        ] GC(1134) Survivor regions: 108->109(154)
[4190.279s][info][gc,heap        ] GC(1134) Old regions: 475->508
[4190.279s][info][gc,heap        ] GC(1134) Humongous regions: 80->80
[4190.279s][info][gc,metaspace   ] GC(1134) Metaspace: 28922K(29312K)->28922K(29312K) NonClass: 24053K(24256K)->24053K(24256K) Class: 4868K(5056K)->4868K(5056K)
[4190.279s][info][gc             ] GC(1134) Pause Young (Concurrent Start) (G1 Evacuation Pause) 3563M->1392M(4096M) 119.372ms
[4190.279s][info][gc             ] GC(1135) Concurrent Mark Cycle
[4190.279s][info][gc,marking     ] GC(1135) Concurrent Scan Root Regions
[4190.279s][info][gc,cpu         ] GC(1134) User=0.71s Sys=0.00s Real=0.12s
.[4190.418s][info][gc,marking     ] GC(1135) Concurrent Scan Root Regions 138.679ms
[4190.418s][info][gc,marking     ] GC(1135) Concurrent Mark
[4190.418s][info][gc,marking     ] GC(1135) Concurrent Mark From Roots
[4190.418s][info][gc,task        ] GC(1135) Using 2 workers of 2 for marking
[4191.150s][info][gc,marking     ] GC(1135) Concurrent Mark From Roots 732.675ms
[4191.150s][info][gc,marking     ] GC(1135) Concurrent Preclean
[4191.151s][info][gc,marking     ] GC(1135) Concurrent Preclean 0.158ms
[4191.152s][info][gc,start       ] GC(1135) Pause Remark
[4191.157s][info][gc             ] GC(1135) Pause Remark 2164M->2164M(4096M) 5.426ms
[4191.157s][info][gc,cpu         ] GC(1135) User=0.03s Sys=0.00s Real=0.00s
[4191.158s][info][gc,marking     ] GC(1135) Concurrent Mark 739.964ms
[4191.158s][info][gc,marking     ] GC(1135) Concurrent Rebuild Remembered Sets and Scrub Regions
.[4191.425s][info][gc,marking     ] GC(1135) Concurrent Rebuild Remembered Sets and Scrub Regions 267.360ms
[4191.425s][info][gc,start       ] GC(1135) Pause Cleanup
[4191.425s][info][gc             ] GC(1135) Pause Cleanup 2435M->2435M(4096M) 0.124ms
[4191.425s][info][gc,cpu         ] GC(1135) User=0.00s Sys=0.00s Real=0.00s
[4191.425s][info][gc,marking     ] GC(1135) Concurrent Clear Claimed Marks
[4191.425s][info][gc,marking     ] GC(1135) Concurrent Clear Claimed Marks 0.023ms
[4191.425s][info][gc,marking     ] GC(1135) Concurrent Cleanup for Next Mark
[4191.429s][info][gc,marking     ] GC(1135) Concurrent Cleanup for Next Mark 3.448ms
[4191.429s][info][gc             ] GC(1135) Concurrent Mark Cycle 1149.971ms
.[4192.760s][info][gc,start       ] GC(1136) Pause Young (Prepare Mixed) (G1 Evacuation Pause)
[4192.760s][info][gc,task        ] GC(1136) Using 6 workers of 6 for evacuation
[4192.876s][info][gc,phases      ] GC(1136)   Pre Evacuate Collection Set: 0.34ms
[4192.876s][info][gc,phases      ] GC(1136)   Merge Heap Roots: 0.49ms
[4192.876s][info][gc,phases      ] GC(1136)   Evacuate Collection Set: 114.12ms
[4192.876s][info][gc,phases      ] GC(1136)   Post Evacuate Collection Set: 0.94ms
[4192.876s][info][gc,phases      ] GC(1136)   Other: 0.09ms
[4192.876s][info][gc,heap        ] GC(1136) Eden regions: 1119->0(1106)
[4192.876s][info][gc,heap        ] GC(1136) Survivor regions: 109->110(154)
[4192.876s][info][gc,heap        ] GC(1136) Old regions: 508->539
[4192.876s][info][gc,heap        ] GC(1136) Humongous regions: 80->80
[4192.876s][info][gc,metaspace   ] GC(1136) Metaspace: 28922K(29312K)->28922K(29312K) NonClass: 24053K(24256K)->24053K(24256K) Class: 4868K(5056K)->4868K(5056K)
[4192.876s][info][gc             ] GC(1136) Pause Young (Prepare Mixed) (G1 Evacuation Pause) 3630M->1455M(4096M) 116.108ms
[4192.876s][info][gc,cpu         ] GC(1136) User=0.69s Sys=0.00s Real=0.12s
..[4195.211s][info][gc,start       ] GC(1137) Pause Young (Mixed) (G1 Evacuation Pause)
[4195.211s][info][gc,task        ] GC(1137) Using 6 workers of 6 for evacuation
[4195.356s][info][gc,phases      ] GC(1137)   Pre Evacuate Collection Set: 0.39ms
[4195.356s][info][gc,phases      ] GC(1137)   Merge Heap Roots: 0.68ms
[4195.356s][info][gc,phases      ] GC(1137)   Evacuate Collection Set: 142.06ms
[4195.356s][info][gc,phases      ] GC(1137)   Post Evacuate Collection Set: 0.96ms
[4195.356s][info][gc,phases      ] GC(1137)   Other: 0.09ms
[4195.356s][info][gc,heap        ] GC(1137) Eden regions: 1106->0(1110)
[4195.356s][info][gc,heap        ] GC(1137) Survivor regions: 110->118(152)
[4195.356s][info][gc,heap        ] GC(1137) Old regions: 539->474
[4195.356s][info][gc,heap        ] GC(1137) Humongous regions: 80->80
[4195.356s][info][gc,metaspace   ] GC(1137) Metaspace: 28922K(29312K)->28922K(29312K) NonClass: 24053K(24256K)->24053K(24256K) Class: 4868K(5056K)->4868K(5056K)
[4195.356s][info][gc             ] GC(1137) Pause Young (Mixed) (G1 Evacuation Pause) 3667M->1343M(4096M) 144.336ms
[4195.356s][info][gc,cpu         ] GC(1137) User=0.85s Sys=0.00s Real=0.15s
...[4197.681s][info][gc,start       ] GC(1138) Pause Young (Concurrent Start) (G1 Evacuation Pause)
[4197.681s][info][gc,task        ] GC(1138) Using 6 workers of 6 for evacuation
[4197.798s][info][gc,phases      ] GC(1138)   Pre Evacuate Collection Set: 0.41ms
[4197.798s][info][gc,phases      ] GC(1138)   Merge Heap Roots: 0.46ms
[4197.798s][info][gc,phases      ] GC(1138)   Evacuate Collection Set: 115.45ms
[4197.798s][info][gc,phases      ] GC(1138)   Post Evacuate Collection Set: 0.88ms
[4197.798s][info][gc,phases      ] GC(1138)   Other: 0.10ms
[4197.798s][info][gc,heap        ] GC(1138) Eden regions: 1110->0(1119)
[4197.798s][info][gc,heap        ] GC(1138) Survivor regions: 118->109(154)
[4197.798s][info][gc,heap        ] GC(1138) Old regions: 474->506
[4197.798s][info][gc,heap        ] GC(1138) Humongous regions: 80->80
[4197.798s][info][gc,metaspace   ] GC(1138) Metaspace: 28922K(29312K)->28922K(29312K) NonClass: 24053K(24256K)->24053K(24256K) Class: 4868K(5056K)->4868K(5056K)
[4197.798s][info][gc             ] GC(1138) Pause Young (Concurrent Start) (G1 Evacuation Pause) 3563M->1388M(4096M) 117.424ms
[4197.798s][info][gc             ] GC(1139) Concurrent Mark Cycle
[4197.798s][info][gc,marking     ] GC(1139) Concurrent Scan Root Regions
[4197.798s][info][gc,cpu         ] GC(1138) User=0.70s Sys=0.00s Real=0.12s
[4197.975s][info][gc,marking     ] GC(1139) Concurrent Scan Root Regions 177.042ms
[4197.975s][info][gc,marking     ] GC(1139) Concurrent Mark
[4197.975s][info][gc,marking     ] GC(1139) Concurrent Mark From Roots
[4197.975s][info][gc,task        ] GC(1139) Using 2 workers of 2 for marking
.[4198.921s][info][gc,marking     ] GC(1139) Concurrent Mark From Roots 945.455ms
[4198.921s][info][gc,marking     ] GC(1139) Concurrent Preclean
[4198.921s][info][gc,marking     ] GC(1139) Concurrent Preclean 0.183ms
[4198.921s][info][gc,start       ] GC(1139) Pause Remark
[4198.927s][info][gc             ] GC(1139) Pause Remark 2451M->2451M(4096M) 5.286ms
[4198.927s][info][gc,cpu         ] GC(1139) User=0.03s Sys=0.00s Real=0.01s
[4198.928s][info][gc,marking     ] GC(1139) Concurrent Mark 952.325ms
[4198.928s][info][gc,marking     ] GC(1139) Concurrent Rebuild Remembered Sets and Scrub Regions
[4199.311s][info][gc,marking     ] GC(1139) Concurrent Rebuild Remembered Sets and Scrub Regions 382.962ms
[4199.311s][info][gc,start       ] GC(1139) Pause Cleanup
[4199.311s][info][gc             ] GC(1139) Pause Cleanup 2826M->2826M(4096M) 0.109ms
[4199.311s][info][gc,cpu         ] GC(1139) User=0.00s Sys=0.00s Real=0.00s
[4199.311s][info][gc,marking     ] GC(1139) Concurrent Clear Claimed Marks
[4199.311s][info][gc,marking     ] GC(1139) Concurrent Clear Claimed Marks 0.023ms
[4199.311s][info][gc,marking     ] GC(1139) Concurrent Cleanup for Next Mark
[4199.314s][info][gc,marking     ] GC(1139) Concurrent Cleanup for Next Mark 3.200ms
[4199.314s][info][gc             ] GC(1139) Concurrent Mark Cycle 1515.988ms
.[4200.200s][info][gc,start       ] GC(1140) Pause Young (Prepare Mixed) (G1 Evacuation Pause)
[4200.200s][info][gc,task        ] GC(1140) Using 6 workers of 6 for evacuation
[4200.320s][info][gc,phases      ] GC(1140)   Pre Evacuate Collection Set: 0.33ms
[4200.320s][info][gc,phases      ] GC(1140)   Merge Heap Roots: 0.53ms
[4200.320s][info][gc,phases      ] GC(1140)   Evacuate Collection Set: 117.83ms
[4200.320s][info][gc,phases      ] GC(1140)   Post Evacuate Collection Set: 0.92ms
[4200.320s][info][gc,phases      ] GC(1140)   Other: 0.09ms
[4200.320s][info][gc,heap        ] GC(1140) Eden regions: 1119->0(1107)
[4200.320s][info][gc,heap        ] GC(1140) Survivor regions: 109->110(154)
[4200.320s][info][gc,heap        ] GC(1140) Old regions: 506->538
[4200.320s][info][gc,heap        ] GC(1140) Humongous regions: 80->80
[4200.320s][info][gc,metaspace   ] GC(1140) Metaspace: 28922K(29312K)->28922K(29312K) NonClass: 24053K(24256K)->24053K(24256K) Class: 4868K(5056K)->4868K(5056K)
[4200.320s][info][gc             ] GC(1140) Pause Young (Prepare Mixed) (G1 Evacuation Pause) 3626M->1454M(4096M) 119.842ms
[4200.320s][info][gc,cpu         ] GC(1140) User=0.71s Sys=0.00s Real=0.12s
...[4202.691s][info][gc,start       ] GC(1141) Pause Young (Mixed) (G1 Evacuation Pause)
[4202.691s][info][gc,task        ] GC(1141) Using 6 workers of 6 for evacuation
[4202.827s][info][gc,phases      ] GC(1141)   Pre Evacuate Collection Set: 0.36ms
[4202.827s][info][gc,phases      ] GC(1141)   Merge Heap Roots: 0.59ms
[4202.827s][info][gc,phases      ] GC(1141)   Evacuate Collection Set: 134.72ms
[4202.827s][info][gc,phases      ] GC(1141)   Post Evacuate Collection Set: 0.91ms
[4202.827s][info][gc,phases      ] GC(1141)   Other: 0.09ms
[4202.827s][info][gc,heap        ] GC(1141) Eden regions: 1107->0(1114)
[4202.827s][info][gc,heap        ] GC(1141) Survivor regions: 110->114(153)
[4202.827s][info][gc,heap        ] GC(1141) Old regions: 538->473
[4202.827s][info][gc,heap        ] GC(1141) Humongous regions: 80->80
[4202.827s][info][gc,metaspace   ] GC(1141) Metaspace: 28922K(29312K)->28922K(29312K) NonClass: 24053K(24256K)->24053K(24256K) Class: 4868K(5056K)->4868K(5056K)
[4202.827s][info][gc             ] GC(1141) Pause Young (Mixed) (G1 Evacuation Pause) 3668M->1332M(4096M) 136.804ms
[4202.828s][info][gc,cpu         ] GC(1141) User=0.81s Sys=0.00s Real=0.14s
..[4205.212s][info][gc,start       ] GC(1142) Pause Young (Concurrent Start) (G1 Evacuation Pause)
[4205.212s][info][gc,task        ] GC(1142) Using 6 workers of 6 for evacuation
[4205.341s][info][gc,phases      ] GC(1142)   Pre Evacuate Collection Set: 0.39ms
[4205.341s][info][gc,phases      ] GC(1142)   Merge Heap Roots: 0.47ms
[4205.341s][info][gc,phases      ] GC(1142)   Evacuate Collection Set: 126.96ms
[4205.341s][info][gc,phases      ] GC(1142)   Post Evacuate Collection Set: 0.91ms
[4205.341s][info][gc,phases      ] GC(1142)   Other: 0.09ms
[4205.341s][info][gc,heap        ] GC(1142) Eden regions: 1114->0(1111)
[4205.341s][info][gc,heap        ] GC(1142) Survivor regions: 114->117(154)
[4205.341s][info][gc,heap        ] GC(1142) Old regions: 473->504
[4205.341s][info][gc,heap        ] GC(1142) Humongous regions: 80->80
[4205.341s][info][gc,metaspace   ] GC(1142) Metaspace: 28922K(29312K)->28922K(29312K) NonClass: 24053K(24256K)->24053K(24256K) Class: 4868K(5056K)->4868K(5056K)
[4205.341s][info][gc             ] GC(1142) Pause Young (Concurrent Start) (G1 Evacuation Pause) 3560M->1401M(4096M) 128.947ms
[4205.341s][info][gc             ] GC(1143) Concurrent Mark Cycle
[4205.341s][info][gc,marking     ] GC(1143) Concurrent Scan Root Regions
[4205.341s][info][gc,cpu         ] GC(1142) User=0.76s Sys=0.00s Real=0.13s
[4205.530s][info][gc,marking     ] GC(1143) Concurrent Scan Root Regions 189.019ms
[4205.530s][info][gc,marking     ] GC(1143) Concurrent Mark
[4205.530s][info][gc,marking     ] GC(1143) Concurrent Mark From Roots
[4205.530s][info][gc,task        ] GC(1143) Using 2 workers of 2 for marking
.[4206.497s][info][gc,marking     ] GC(1143) Concurrent Mark From Roots 966.742ms
[4206.497s][info][gc,marking     ] GC(1143) Concurrent Preclean
[4206.497s][info][gc,marking     ] GC(1143) Concurrent Preclean 0.177ms
[4206.498s][info][gc,start       ] GC(1143) Pause Remark
[4206.502s][info][gc             ] GC(1143) Pause Remark 2491M->2491M(4096M) 4.232ms
[4206.502s][info][gc,cpu         ] GC(1143) User=0.02s Sys=0.01s Real=0.01s
[4206.503s][info][gc,marking     ] GC(1143) Concurrent Mark 972.740ms
[4206.503s][info][gc,marking     ] GC(1143) Concurrent Rebuild Remembered Sets and Scrub Regions
.[4206.856s][info][gc,marking     ] GC(1143) Concurrent Rebuild Remembered Sets and Scrub Regions 352.955ms
[4206.856s][info][gc,start       ] GC(1143) Pause Cleanup
[4206.856s][info][gc             ] GC(1143) Pause Cleanup 2826M->2826M(4096M) 0.099ms
[4206.856s][info][gc,cpu         ] GC(1143) User=0.00s Sys=0.00s Real=0.00s
[4206.856s][info][gc,marking     ] GC(1143) Concurrent Clear Claimed Marks
[4206.856s][info][gc,marking     ] GC(1143) Concurrent Clear Claimed Marks 0.026ms
[4206.856s][info][gc,marking     ] GC(1143) Concurrent Cleanup for Next Mark
[4206.860s][info][gc,marking     ] GC(1143) Concurrent Cleanup for Next Mark 4.473ms
[4206.860s][info][gc             ] GC(1143) Concurrent Mark Cycle 1519.717ms
.[4207.662s][info][gc,start       ] GC(1144) Pause Young (Prepare Mixed) (G1 Evacuation Pause)
[4207.662s][info][gc,task        ] GC(1144) Using 6 workers of 6 for evacuation
[4207.779s][info][gc,phases      ] GC(1144)   Pre Evacuate Collection Set: 0.35ms
[4207.779s][info][gc,phases      ] GC(1144)   Merge Heap Roots: 0.48ms
[4207.779s][info][gc,phases      ] GC(1144)   Evacuate Collection Set: 114.49ms
[4207.779s][info][gc,phases      ] GC(1144)   Post Evacuate Collection Set: 0.91ms
[4207.779s][info][gc,phases      ] GC(1144)   Other: 0.11ms
[4207.779s][info][gc,heap        ] GC(1144) Eden regions: 1111->0(1113)
[4207.779s][info][gc,heap        ] GC(1144) Survivor regions: 117->108(154)
[4207.779s][info][gc,heap        ] GC(1144) Old regions: 504->536
[4207.779s][info][gc,heap        ] GC(1144) Humongous regions: 80->80
[4207.779s][info][gc,metaspace   ] GC(1144) Metaspace: 28922K(29312K)->28922K(29312K) NonClass: 24053K(24256K)->24053K(24256K) Class: 4868K(5056K)->4868K(5056K)
[4207.779s][info][gc             ] GC(1144) Pause Young (Prepare Mixed) (G1 Evacuation Pause) 3623M->1446M(4096M) 116.458ms
[4207.779s][info][gc,cpu         ] GC(1144) User=0.69s Sys=0.00s Real=0.11s
.. (rIR:aIR:PR = 7472:7481:7481) (tPR = 110925) [OK] 
  4209s: Performance info:
         Transaction,    Success,    Partial,     Failed,   Receipts, AvgBarcode, 
             Overall,     450410,          0,          0,     427958,      59.48, 
         Response times:
             Request,    Success,    Partial,     Failed,   SkipFail,     Probes,    Samples,      min,      p50,      p90,      p95,      p99,      max, 
       TotalPurchase,     427950,          0,          0,          0,     357585,     436813,      300,     6500,    72000,   103000,   152000,   388000,
     InStorePurchase,     225477,          0,          0,          0,     187559,     229220,      300,     6500,    72000,   103000,   151790,   388000,
      OnlinePurchase,     157481,          0,          0,          0,     132402,     161287,      300,     6500,    73000,   104000,   153000,   339000,
        InstPurchase,      44992,          0,          0,          0,      37624,      46306,      400,     6400,    69000,   101000,   154000,   345000,
          AssocOfCat,        450,          0,          0,          0,        361,        563,    28000,    47000,   145600,   178000,   229440,   281000,
      AssocOfProduct,       4497,          0,          0,          0,       4195,       5396,     1200,     6600,    76000,   104000,   156000,   227000,
      BusinessReport,       1128,          0,          0,          0,        987,       1351,    27000,    47000,   141000,   175000,   227400,   359000,
          CustBuyBeh,       4509,          0,          0,          0,       4225,       5387,      200,     6400,    72000,   105000,   157000,   248000,
       ProductReturn,      11868,          0,          0,          0,      10212,      12733,      300,     7300,    76000,   109300,   157000,   253000,

  4209s: (55%)   IR =   7610 [4210.168s][info][gc,start       ] GC(1145) Pause Young (Mixed) (G1 Evacuation Pause)
[4210.168s][info][gc,task        ] GC(1145) Using 6 workers of 6 for evacuation
[4210.304s][info][gc,phases      ] GC(1145)   Pre Evacuate Collection Set: 0.39ms
[4210.304s][info][gc,phases      ] GC(1145)   Merge Heap Roots: 0.72ms
[4210.304s][info][gc,phases      ] GC(1145)   Evacuate Collection Set: 134.19ms
[4210.304s][info][gc,phases      ] GC(1145)   Post Evacuate Collection Set: 0.97ms
[4210.304s][info][gc,phases      ] GC(1145)   Other: 0.09ms
[4210.304s][info][gc,heap        ] GC(1145) Eden regions: 1113->0(1117)
[4210.304s][info][gc,heap        ] GC(1145) Survivor regions: 108->111(153)
[4210.304s][info][gc,heap        ] GC(1145) Old regions: 536->473
[4210.304s][info][gc,heap        ] GC(1145) Humongous regions: 80->80
[4210.304s][info][gc,metaspace   ] GC(1145) Metaspace: 28922K(29312K)->28922K(29312K) NonClass: 24053K(24256K)->24053K(24256K) Class: 4868K(5056K)->4868K(5056K)
[4210.304s][info][gc             ] GC(1145) Pause Young (Mixed) (G1 Evacuation Pause) 3672M->1326M(4096M) 136.511ms
[4210.304s][info][gc,cpu         ] GC(1145) User=0.81s Sys=0.00s Real=0.14s
..[4212.688s][info][gc,start       ] GC(1146) Pause Young (Concurrent Start) (G1 Evacuation Pause)
[4212.688s][info][gc,task        ] GC(1146) Using 6 workers of 6 for evacuation
[4212.813s][info][gc,phases      ] GC(1146)   Pre Evacuate Collection Set: 0.37ms
[4212.813s][info][gc,phases      ] GC(1146)   Merge Heap Roots: 0.52ms
[4212.813s][info][gc,phases      ] GC(1146)   Evacuate Collection Set: 122.93ms
[4212.813s][info][gc,phases      ] GC(1146)   Post Evacuate Collection Set: 0.96ms
[4212.813s][info][gc,phases      ] GC(1146)   Other: 0.12ms
[4212.813s][info][gc,heap        ] GC(1146) Eden regions: 1117->0(1115)
[4212.813s][info][gc,heap        ] GC(1146) Survivor regions: 111->113(154)
[4212.813s][info][gc,heap        ] GC(1146) Old regions: 473->505
[4212.813s][info][gc,heap        ] GC(1146) Humongous regions: 80->80
[4212.813s][info][gc,metaspace   ] GC(1146) Metaspace: 28922K(29312K)->28922K(29312K) NonClass: 24053K(24256K)->24053K(24256K) Class: 4868K(5056K)->4868K(5056K)
[4212.813s][info][gc             ] GC(1146) Pause Young (Concurrent Start) (G1 Evacuation Pause) 3560M->1395M(4096M) 125.019ms
[4212.813s][info][gc             ] GC(1147) Concurrent Mark Cycle
[4212.813s][info][gc,marking     ] GC(1147) Concurrent Scan Root Regions
[4212.813s][info][gc,cpu         ] GC(1146) User=0.74s Sys=0.00s Real=0.13s
.[4213.014s][info][gc,marking     ] GC(1147) Concurrent Scan Root Regions 201.428ms
[4213.014s][info][gc,marking     ] GC(1147) Concurrent Mark
[4213.014s][info][gc,marking     ] GC(1147) Concurrent Mark From Roots
[4213.014s][info][gc,task        ] GC(1147) Using 2 workers of 2 for marking
[4213.775s][info][gc,marking     ] GC(1147) Concurrent Mark From Roots 761.037ms
[4213.776s][info][gc,marking     ] GC(1147) Concurrent Preclean
[4213.776s][info][gc,marking     ] GC(1147) Concurrent Preclean 0.185ms
[4213.777s][info][gc,start       ] GC(1147) Pause Remark
[4213.783s][info][gc             ] GC(1147) Pause Remark 2271M->2271M(4096M) 6.277ms
[4213.783s][info][gc,cpu         ] GC(1147) User=0.04s Sys=0.00s Real=0.01s
[4213.783s][info][gc,marking     ] GC(1147) Concurrent Mark 768.765ms
[4213.783s][info][gc,marking     ] GC(1147) Concurrent Rebuild Remembered Sets and Scrub Regions
.[4214.124s][info][gc,marking     ] GC(1147) Concurrent Rebuild Remembered Sets and Scrub Regions 340.696ms
[4214.124s][info][gc,start       ] GC(1147) Pause Cleanup
[4214.124s][info][gc             ] GC(1147) Pause Cleanup 2575M->2575M(4096M) 0.128ms
[4214.124s][info][gc,cpu         ] GC(1147) User=0.00s Sys=0.00s Real=0.00s
[4214.124s][info][gc,marking     ] GC(1147) Concurrent Clear Claimed Marks
[4214.124s][info][gc,marking     ] GC(1147) Concurrent Clear Claimed Marks 0.026ms
[4214.124s][info][gc,marking     ] GC(1147) Concurrent Cleanup for Next Mark
[4214.131s][info][gc,marking     ] GC(1147) Concurrent Cleanup for Next Mark 6.529ms
[4214.131s][info][gc             ] GC(1147) Concurrent Mark Cycle 1318.042ms
.[4215.146s][info][gc,start       ] GC(1148) Pause Young (Prepare Mixed) (G1 Evacuation Pause)
[4215.146s][info][gc,task        ] GC(1148) Using 6 workers of 6 for evacuation
[4215.265s][info][gc,phases      ] GC(1148)   Pre Evacuate Collection Set: 0.33ms
[4215.266s][info][gc,phases      ] GC(1148)   Merge Heap Roots: 0.49ms
[4215.266s][info][gc,phases      ] GC(1148)   Evacuate Collection Set: 117.80ms
[4215.266s][info][gc,phases      ] GC(1148)   Post Evacuate Collection Set: 0.95ms
[4215.266s][info][gc,phases      ] GC(1148)   Other: 0.09ms
[4215.266s][info][gc,heap        ] GC(1148) Eden regions: 1115->0(1104)
[4215.266s][info][gc,heap        ] GC(1148) Survivor regions: 113->112(154)
[4215.266s][info][gc,heap        ] GC(1148) Old regions: 505->537
[4215.266s][info][gc,heap        ] GC(1148) Humongous regions: 80->80
[4215.266s][info][gc,metaspace   ] GC(1148) Metaspace: 28922K(29312K)->28922K(29312K) NonClass: 24053K(24256K)->24053K(24256K) Class: 4868K(5056K)->4868K(5056K)
[4215.266s][info][gc             ] GC(1148) Pause Young (Prepare Mixed) (G1 Evacuation Pause) 3625M->1455M(4096M) 119.803ms
[4215.266s][info][gc,cpu         ] GC(1148) User=0.71s Sys=0.01s Real=0.12s
..|[4217.546s][info][gc,start       ] GC(1149) Pause Young (Mixed) (G1 Evacuation Pause)
[4217.546s][info][gc,task        ] GC(1149) Using 6 workers of 6 for evacuation
[4217.681s][info][gc,phases      ] GC(1149)   Pre Evacuate Collection Set: 0.38ms
[4217.681s][info][gc,phases      ] GC(1149)   Merge Heap Roots: 0.66ms
[4217.681s][info][gc,phases      ] GC(1149)   Evacuate Collection Set: 132.92ms
[4217.681s][info][gc,phases      ] GC(1149)   Post Evacuate Collection Set: 0.96ms
[4217.681s][info][gc,phases      ] GC(1149)   Other: 0.09ms
[4217.681s][info][gc,heap        ] GC(1149) Eden regions: 1104->0(1118)
[4217.681s][info][gc,heap        ] GC(1149) Survivor regions: 112->110(152)
[4217.681s][info][gc,heap        ] GC(1149) Old regions: 537->474
[4217.681s][info][gc,heap        ] GC(1149) Humongous regions: 80->80
[4217.681s][info][gc,metaspace   ] GC(1149) Metaspace: 28922K(29312K)->28922K(29312K) NonClass: 24053K(24256K)->24053K(24256K) Class: 4868K(5056K)->4868K(5056K)
[4217.681s][info][gc             ] GC(1149) Pause Young (Mixed) (G1 Evacuation Pause) 3663M->1326M(4096M) 135.140ms
[4217.681s][info][gc,cpu         ] GC(1149) User=0.80s Sys=0.00s Real=0.13s
...[4220.043s][info][gc,start       ] GC(1150) Pause Young (Concurrent Start) (G1 Evacuation Pause)
[4220.043s][info][gc,task        ] GC(1150) Using 6 workers of 6 for evacuation
[4220.161s][info][gc,phases      ] GC(1150)   Pre Evacuate Collection Set: 0.44ms
[4220.161s][info][gc,phases      ] GC(1150)   Merge Heap Roots: 0.49ms
[4220.161s][info][gc,phases      ] GC(1150)   Evacuate Collection Set: 116.23ms
[4220.161s][info][gc,phases      ] GC(1150)   Post Evacuate Collection Set: 0.88ms
[4220.161s][info][gc,phases      ] GC(1150)   Other: 0.13ms
[4220.161s][info][gc,heap        ] GC(1150) Eden regions: 1118->0(1118)
[4220.161s][info][gc,heap        ] GC(1150) Survivor regions: 110->110(154)
[4220.161s][info][gc,heap        ] GC(1150) Old regions: 474->506
[4220.161s][info][gc,heap        ] GC(1150) Humongous regions: 80->80
[4220.161s][info][gc,metaspace   ] GC(1150) Metaspace: 28922K(29312K)->28922K(29312K) NonClass: 24053K(24256K)->24053K(24256K) Class: 4868K(5056K)->4868K(5056K)
[4220.161s][info][gc             ] GC(1150) Pause Young (Concurrent Start) (G1 Evacuation Pause) 3562M->1389M(4096M) 118.304ms
[4220.162s][info][gc             ] GC(1151) Concurrent Mark Cycle
[4220.162s][info][gc,marking     ] GC(1151) Concurrent Scan Root Regions
[4220.162s][info][gc,cpu         ] GC(1150) User=0.70s Sys=0.00s Real=0.11s
[4220.341s][info][gc,marking     ] GC(1151) Concurrent Scan Root Regions 179.515ms
[4220.341s][info][gc,marking     ] GC(1151) Concurrent Mark
[4220.341s][info][gc,marking     ] GC(1151) Concurrent Mark From Roots
[4220.341s][info][gc,task        ] GC(1151) Using 2 workers of 2 for marking
.[4221.350s][info][gc,marking     ] GC(1151) Concurrent Mark From Roots 1009.152ms
[4221.350s][info][gc,marking     ] GC(1151) Concurrent Preclean
[4221.350s][info][gc,marking     ] GC(1151) Concurrent Preclean 0.170ms
[4221.351s][info][gc,start       ] GC(1151) Pause Remark
[4221.357s][info][gc             ] GC(1151) Pause Remark 2530M->2530M(4096M) 6.663ms
[4221.357s][info][gc,cpu         ] GC(1151) User=0.03s Sys=0.00s Real=0.01s
[4221.357s][info][gc,marking     ] GC(1151) Concurrent Mark 1016.333ms
[4221.357s][info][gc,marking     ] GC(1151) Concurrent Rebuild Remembered Sets and Scrub Regions
[4221.641s][info][gc,marking     ] GC(1151) Concurrent Rebuild Remembered Sets and Scrub Regions 283.081ms
[4221.641s][info][gc,start       ] GC(1151) Pause Cleanup
[4221.641s][info][gc             ] GC(1151) Pause Cleanup 2797M->2797M(4096M) 0.111ms
[4221.641s][info][gc,cpu         ] GC(1151) User=0.00s Sys=0.00s Real=0.00s
[4221.641s][info][gc,marking     ] GC(1151) Concurrent Clear Claimed Marks
[4221.641s][info][gc,marking     ] GC(1151) Concurrent Clear Claimed Marks 0.031ms
[4221.641s][info][gc,marking     ] GC(1151) Concurrent Cleanup for Next Mark
[4221.646s][info][gc,marking     ] GC(1151) Concurrent Cleanup for Next Mark 4.985ms
[4221.646s][info][gc             ] GC(1151) Concurrent Mark Cycle 1484.754ms
.[4222.547s][info][gc,start       ] GC(1152) Pause Young (Prepare Mixed) (G1 Evacuation Pause)
[4222.547s][info][gc,task        ] GC(1152) Using 6 workers of 6 for evacuation
[4222.665s][info][gc,phases      ] GC(1152)   Pre Evacuate Collection Set: 0.36ms
[4222.665s][info][gc,phases      ] GC(1152)   Merge Heap Roots: 0.49ms
[4222.665s][info][gc,phases      ] GC(1152)   Evacuate Collection Set: 115.87ms
[4222.665s][info][gc,phases      ] GC(1152)   Post Evacuate Collection Set: 0.96ms
[4222.665s][info][gc,phases      ] GC(1152)   Other: 0.09ms
[4222.665s][info][gc,heap        ] GC(1152) Eden regions: 1118->0(1106)
[4222.665s][info][gc,heap        ] GC(1152) Survivor regions: 110->111(154)
[4222.665s][info][gc,heap        ] GC(1152) Old regions: 506->537
[4222.665s][info][gc,heap        ] GC(1152) Humongous regions: 80->80
[4222.665s][info][gc,metaspace   ] GC(1152) Metaspace: 28922K(29312K)->28922K(29312K) NonClass: 24053K(24256K)->24053K(24256K) Class: 4868K(5056K)->4868K(5056K)
[4222.665s][info][gc             ] GC(1152) Pause Young (Prepare Mixed) (G1 Evacuation Pause) 3625M->1454M(4096M) 117.907ms
[4222.665s][info][gc,cpu         ] GC(1152) User=0.70s Sys=0.00s Real=0.12s
...[4224.949s][info][gc,start       ] GC(1153) Pause Young (Mixed) (G1 Evacuation Pause)
[4224.949s][info][gc,task        ] GC(1153) Using 6 workers of 6 for evacuation
[4225.086s][info][gc,phases      ] GC(1153)   Pre Evacuate Collection Set: 0.38ms
[4225.086s][info][gc,phases      ] GC(1153)   Merge Heap Roots: 0.68ms
[4225.086s][info][gc,phases      ] GC(1153)   Evacuate Collection Set: 134.73ms
[4225.086s][info][gc,phases      ] GC(1153)   Post Evacuate Collection Set: 0.97ms
[4225.086s][info][gc,phases      ] GC(1153)   Other: 0.09ms
[4225.086s][info][gc,heap        ] GC(1153) Eden regions: 1106->0(1116)
[4225.086s][info][gc,heap        ] GC(1153) Survivor regions: 111->112(153)
[4225.086s][info][gc,heap        ] GC(1153) Old regions: 537->475
[4225.086s][info][gc,heap        ] GC(1153) Humongous regions: 80->80
[4225.086s][info][gc,metaspace   ] GC(1153) Metaspace: 28922K(29312K)->28922K(29312K) NonClass: 24053K(24256K)->24053K(24256K) Class: 4868K(5056K)->4868K(5056K)
[4225.086s][info][gc             ] GC(1153) Pause Young (Mixed) (G1 Evacuation Pause) 3666M->1331M(4096M) 136.985ms
[4225.086s][info][gc,cpu         ] GC(1153) User=0.81s Sys=0.00s Real=0.14s
..[4227.497s][info][gc,start       ] GC(1154) Pause Young (Concurrent Start) (G1 Evacuation Pause)
[4227.497s][info][gc,task        ] GC(1154) Using 6 workers of 6 for evacuation
[4227.616s][info][gc,phases      ] GC(1154)   Pre Evacuate Collection Set: 0.39ms
[4227.616s][info][gc,phases      ] GC(1154)   Merge Heap Roots: 0.47ms
[4227.616s][info][gc,phases      ] GC(1154)   Evacuate Collection Set: 116.53ms
[4227.616s][info][gc,phases      ] GC(1154)   Post Evacuate Collection Set: 0.91ms
[4227.616s][info][gc,phases      ] GC(1154)   Other: 0.14ms
[4227.616s][info][gc,heap        ] GC(1154) Eden regions: 1116->0(1118)
[4227.616s][info][gc,heap        ] GC(1154) Survivor regions: 112->110(154)
[4227.616s][info][gc,heap        ] GC(1154) Old regions: 475->507
[4227.616s][info][gc,heap        ] GC(1154) Humongous regions: 80->80
[4227.616s][info][gc,metaspace   ] GC(1154) Metaspace: 28922K(29312K)->28922K(29312K) NonClass: 24053K(24256K)->24053K(24256K) Class: 4868K(5056K)->4868K(5056K)
[4227.616s][info][gc             ] GC(1154) Pause Young (Concurrent Start) (G1 Evacuation Pause) 3563M->1392M(4096M) 118.572ms
[4227.616s][info][gc             ] GC(1155) Concurrent Mark Cycle
[4227.616s][info][gc,marking     ] GC(1155) Concurrent Scan Root Regions
[4227.616s][info][gc,cpu         ] GC(1154) User=0.70s Sys=0.00s Real=0.12s
[4227.849s][info][gc,marking     ] GC(1155) Concurrent Scan Root Regions 233.427ms
[4227.849s][info][gc,marking     ] GC(1155) Concurrent Mark
[4227.849s][info][gc,marking     ] GC(1155) Concurrent Mark From Roots
[4227.849s][info][gc,task        ] GC(1155) Using 2 workers of 2 for marking
.[4228.808s][info][gc,marking     ] GC(1155) Concurrent Mark From Roots 958.407ms
[4228.808s][info][gc,marking     ] GC(1155) Concurrent Preclean
[4228.808s][info][gc,marking     ] GC(1155) Concurrent Preclean 0.186ms
[4228.809s][info][gc,start       ] GC(1155) Pause Remark
[4228.817s][info][gc             ] GC(1155) Pause Remark 2564M->2564M(4096M) 8.067ms
[4228.817s][info][gc,cpu         ] GC(1155) User=0.04s Sys=0.00s Real=0.01s
[4228.818s][info][gc,marking     ] GC(1155) Concurrent Mark 968.945ms
[4228.818s][info][gc,marking     ] GC(1155) Concurrent Rebuild Remembered Sets and Scrub Regions
.[4229.250s][info][gc,marking     ] GC(1155) Concurrent Rebuild Remembered Sets and Scrub Regions 431.542ms
[4229.250s][info][gc,start       ] GC(1155) Pause Cleanup
[4229.250s][info][gc             ] GC(1155) Pause Cleanup 2994M->2994M(4096M) 0.105ms
[4229.250s][info][gc,cpu         ] GC(1155) User=0.00s Sys=0.00s Real=0.00s
[4229.250s][info][gc,marking     ] GC(1155) Concurrent Clear Claimed Marks
[4229.251s][info][gc,marking     ] GC(1155) Concurrent Clear Claimed Marks 0.027ms
[4229.251s][info][gc,marking     ] GC(1155) Concurrent Cleanup for Next Mark
[4229.256s][info][gc,marking     ] GC(1155) Concurrent Cleanup for Next Mark 5.551ms
[4229.256s][info][gc             ] GC(1155) Concurrent Mark Cycle 1640.413ms
[4229.901s][info][gc,start       ] GC(1156) Pause Young (Prepare Mixed) (G1 Evacuation Pause)
[4229.901s][info][gc,task        ] GC(1156) Using 6 workers of 6 for evacuation
[4230.028s][info][gc,phases      ] GC(1156)   Pre Evacuate Collection Set: 0.32ms
[4230.028s][info][gc,phases      ] GC(1156)   Merge Heap Roots: 0.48ms
[4230.028s][info][gc,phases      ] GC(1156)   Evacuate Collection Set: 125.95ms
[4230.028s][info][gc,phases      ] GC(1156)   Post Evacuate Collection Set: 0.92ms
[4230.028s][info][gc,phases      ] GC(1156)   Other: 0.09ms
[4230.028s][info][gc,heap        ] GC(1156) Eden regions: 1118->0(1091)
[4230.029s][info][gc,heap        ] GC(1156) Survivor regions: 110->118(154)
[4230.029s][info][gc,heap        ] GC(1156) Old regions: 507->538
[4230.029s][info][gc,heap        ] GC(1156) Humongous regions: 80->80
[4230.029s][info][gc,metaspace   ] GC(1156) Metaspace: 28922K(29312K)->28922K(29312K) NonClass: 24053K(24256K)->24053K(24256K) Class: 4868K(5056K)->4868K(5056K)
[4230.029s][info][gc             ] GC(1156) Pause Young (Prepare Mixed) (G1 Evacuation Pause) 3628M->1471M(4096M) 127.897ms
[4230.029s][info][gc,cpu         ] GC(1156) User=0.76s Sys=0.00s Real=0.13s
...[4232.381s][info][gc,start       ] GC(1157) Pause Young (Mixed) (G1 Evacuation Pause)
[4232.381s][info][gc,task        ] GC(1157) Using 6 workers of 6 for evacuation
[4232.510s][info][gc,phases      ] GC(1157)   Pre Evacuate Collection Set: 0.39ms
[4232.510s][info][gc,phases      ] GC(1157)   Merge Heap Roots: 0.60ms
[4232.510s][info][gc,phases      ] GC(1157)   Evacuate Collection Set: 127.30ms
[4232.510s][info][gc,phases      ] GC(1157)   Post Evacuate Collection Set: 0.95ms
[4232.510s][info][gc,phases      ] GC(1157)   Other: 0.09ms
[4232.510s][info][gc,heap        ] GC(1157) Eden regions: 1091->0(1122)
[4232.510s][info][gc,heap        ] GC(1157) Survivor regions: 118->106(152)
[4232.510s][info][gc,heap        ] GC(1157) Old regions: 538->475
[4232.510s][info][gc,heap        ] GC(1157) Humongous regions: 80->80
[4232.510s][info][gc,metaspace   ] GC(1157) Metaspace: 28922K(29312K)->28922K(29312K) NonClass: 24053K(24256K)->24053K(24256K) Class: 4868K(5056K)->4868K(5056K)
[4232.510s][info][gc             ] GC(1157) Pause Young (Mixed) (G1 Evacuation Pause) 3653M->1321M(4096M) 129.467ms
[4232.510s][info][gc,cpu         ] GC(1157) User=0.76s Sys=0.00s Real=0.13s
..[4234.884s][info][gc,start       ] GC(1158) Pause Young (Concurrent Start) (G1 Evacuation Pause)
[4234.884s][info][gc,task        ] GC(1158) Using 6 workers of 6 for evacuation
[4235.000s][info][gc,phases      ] GC(1158)   Pre Evacuate Collection Set: 0.40ms
[4235.000s][info][gc,phases      ] GC(1158)   Merge Heap Roots: 0.46ms
[4235.000s][info][gc,phases      ] GC(1158)   Evacuate Collection Set: 114.23ms
[4235.000s][info][gc,phases      ] GC(1158)   Post Evacuate Collection Set: 0.91ms
[4235.000s][info][gc,phases      ] GC(1158)   Other: 0.12ms
[4235.000s][info][gc,heap        ] GC(1158) Eden regions: 1122->0(1119)
[4235.000s][info][gc,heap        ] GC(1158) Survivor regions: 106->109(154)
[4235.000s][info][gc,heap        ] GC(1158) Old regions: 475->507
[4235.000s][info][gc,heap        ] GC(1158) Humongous regions: 80->80
[4235.000s][info][gc,metaspace   ] GC(1158) Metaspace: 28922K(29312K)->28922K(29312K) NonClass: 24053K(24256K)->24053K(24256K) Class: 4868K(5056K)->4868K(5056K)
[4235.000s][info][gc             ] GC(1158) Pause Young (Concurrent Start) (G1 Evacuation Pause) 3565M->1390M(4096M) 116.253ms
[4235.000s][info][gc             ] GC(1159) Concurrent Mark Cycle
[4235.000s][info][gc,marking     ] GC(1159) Concurrent Scan Root Regions
[4235.000s][info][gc,cpu         ] GC(1158) User=0.69s Sys=0.00s Real=0.11s
.[4235.204s][info][gc,marking     ] GC(1159) Concurrent Scan Root Regions 204.313ms
[4235.204s][info][gc,marking     ] GC(1159) Concurrent Mark
[4235.204s][info][gc,marking     ] GC(1159) Concurrent Mark From Roots
[4235.204s][info][gc,task        ] GC(1159) Using 2 workers of 2 for marking
[4236.115s][info][gc,marking     ] GC(1159) Concurrent Mark From Roots 911.030ms
[4236.115s][info][gc,marking     ] GC(1159) Concurrent Preclean
[4236.116s][info][gc,marking     ] GC(1159) Concurrent Preclean 0.188ms
[4236.119s][info][gc,start       ] GC(1159) Pause Remark
[4236.126s][info][gc             ] GC(1159) Pause Remark 2436M->2436M(4096M) 6.547ms
[4236.126s][info][gc,cpu         ] GC(1159) User=0.03s Sys=0.00s Real=0.01s
[4236.127s][info][gc,marking     ] GC(1159) Concurrent Mark 922.411ms
[4236.127s][info][gc,marking     ] GC(1159) Concurrent Rebuild Remembered Sets and Scrub Regions
.[4236.402s][info][gc,marking     ] GC(1159) Concurrent Rebuild Remembered Sets and Scrub Regions 275.412ms
[4236.403s][info][gc,start       ] GC(1159) Pause Cleanup
[4236.403s][info][gc             ] GC(1159) Pause Cleanup 2668M->2668M(4096M) 0.130ms
[4236.403s][info][gc,cpu         ] GC(1159) User=0.00s Sys=0.00s Real=0.00s
[4236.403s][info][gc,marking     ] GC(1159) Concurrent Clear Claimed Marks
[4236.403s][info][gc,marking     ] GC(1159) Concurrent Clear Claimed Marks 0.029ms
[4236.403s][info][gc,marking     ] GC(1159) Concurrent Cleanup for Next Mark
[4236.438s][info][gc,marking     ] GC(1159) Concurrent Cleanup for Next Mark 35.213ms
[4236.438s][info][gc             ] GC(1159) Concurrent Mark Cycle 1438.483ms
.[4237.385s][info][gc,start       ] GC(1160) Pause Young (Prepare Mixed) (G1 Evacuation Pause)
[4237.385s][info][gc,task        ] GC(1160) Using 6 workers of 6 for evacuation
[4237.503s][info][gc,phases      ] GC(1160)   Pre Evacuate Collection Set: 0.33ms
[4237.503s][info][gc,phases      ] GC(1160)   Merge Heap Roots: 0.49ms
[4237.503s][info][gc,phases      ] GC(1160)   Evacuate Collection Set: 116.43ms
[4237.503s][info][gc,phases      ] GC(1160)   Post Evacuate Collection Set: 0.96ms
[4237.503s][info][gc,phases      ] GC(1160)   Other: 0.09ms
[4237.503s][info][gc,heap        ] GC(1160) Eden regions: 1119->0(1107)
[4237.503s][info][gc,heap        ] GC(1160) Survivor regions: 109->110(154)
[4237.503s][info][gc,heap        ] GC(1160) Old regions: 507->538
[4237.503s][info][gc,heap        ] GC(1160) Humongous regions: 80->80
[4237.503s][info][gc,metaspace   ] GC(1160) Metaspace: 28922K(29312K)->28922K(29312K) NonClass: 24053K(24256K)->24053K(24256K) Class: 4868K(5056K)->4868K(5056K)
[4237.503s][info][gc             ] GC(1160) Pause Young (Prepare Mixed) (G1 Evacuation Pause) 3628M->1454M(4096M) 118.445ms
[4237.503s][info][gc,cpu         ] GC(1160) User=0.70s Sys=0.01s Real=0.12s
..[4239.763s][info][gc,start       ] GC(1161) Pause Young (Mixed) (G1 Evacuation Pause)
[4239.763s][info][gc,task        ] GC(1161) Using 6 workers of 6 for evacuation
[4239.901s][info][gc,phases      ] GC(1161)   Pre Evacuate Collection Set: 0.37ms
[4239.901s][info][gc,phases      ] GC(1161)   Merge Heap Roots: 0.66ms
[4239.901s][info][gc,phases      ] GC(1161)   Evacuate Collection Set: 135.58ms
[4239.901s][info][gc,phases      ] GC(1161)   Post Evacuate Collection Set: 0.94ms
[4239.901s][info][gc,phases      ] GC(1161)   Other: 0.09ms
[4239.901s][info][gc,heap        ] GC(1161) Eden regions: 1107->0(1117)
[4239.901s][info][gc,heap        ] GC(1161) Survivor regions: 110->111(153)
[4239.901s][info][gc,heap        ] GC(1161) Old regions: 538->475
[4239.901s][info][gc,heap        ] GC(1161) Humongous regions: 80->80
[4239.901s][info][gc,metaspace   ] GC(1161) Metaspace: 28922K(29312K)->28922K(29312K) NonClass: 24053K(24256K)->24053K(24256K) Class: 4868K(5056K)->4868K(5056K)
[4239.901s][info][gc             ] GC(1161) Pause Young (Mixed) (G1 Evacuation Pause) 3668M->1329M(4096M) 137.770ms
[4239.901s][info][gc,cpu         ] GC(1161) User=0.81s Sys=0.00s Real=0.13s
...[4242.292s][info][gc,start       ] GC(1162) Pause Young (Concurrent Start) (G1 Evacuation Pause)
[4242.292s][info][gc,task        ] GC(1162) Using 6 workers of 6 for evacuation
[4242.412s][info][gc,phases      ] GC(1162)   Pre Evacuate Collection Set: 0.37ms
[4242.412s][info][gc,phases      ] GC(1162)   Merge Heap Roots: 0.46ms
[4242.412s][info][gc,phases      ] GC(1162)   Evacuate Collection Set: 118.20ms
[4242.412s][info][gc,phases      ] GC(1162)   Post Evacuate Collection Set: 0.87ms
[4242.412s][info][gc,phases      ] GC(1162)   Other: 0.12ms
[4242.412s][info][gc,heap        ] GC(1162) Eden regions: 1117->0(1116)
[4242.412s][info][gc,heap        ] GC(1162) Survivor regions: 111->112(154)
[4242.412s][info][gc,heap        ] GC(1162) Old regions: 475->507
[4242.412s][info][gc,heap        ] GC(1162) Humongous regions: 80->80
[4242.412s][info][gc,metaspace   ] GC(1162) Metaspace: 28922K(29312K)->28922K(29312K) NonClass: 24053K(24256K)->24053K(24256K) Class: 4868K(5056K)->4868K(5056K)
[4242.412s][info][gc             ] GC(1162) Pause Young (Concurrent Start) (G1 Evacuation Pause) 3563M->1396M(4096M) 120.139ms
[4242.412s][info][gc             ] GC(1163) Concurrent Mark Cycle
[4242.412s][info][gc,marking     ] GC(1163) Concurrent Scan Root Regions
[4242.412s][info][gc,cpu         ] GC(1162) User=0.71s Sys=0.00s Real=0.12s
[4242.557s][info][gc,marking     ] GC(1163) Concurrent Scan Root Regions 144.275ms
[4242.557s][info][gc,marking     ] GC(1163) Concurrent Mark
[4242.557s][info][gc,marking     ] GC(1163) Concurrent Mark From Roots
[4242.557s][info][gc,task        ] GC(1163) Using 2 workers of 2 for marking
[4243.290s][info][gc,marking     ] GC(1163) Concurrent Mark From Roots 733.336ms
[4243.290s][info][gc,marking     ] GC(1163) Concurrent Preclean
[4243.290s][info][gc,marking     ] GC(1163) Concurrent Preclean 0.135ms
[4243.290s][info][gc,start       ] GC(1163) Pause Remark
[4243.297s][info][gc             ] GC(1163) Pause Remark 2191M->2191M(4096M) 6.480ms
[4243.297s][info][gc,cpu         ] GC(1163) User=0.04s Sys=0.00s Real=0.01s
[4243.297s][info][gc,marking     ] GC(1163) Concurrent Mark 740.570ms
[4243.297s][info][gc,marking     ] GC(1163) Concurrent Rebuild Remembered Sets and Scrub Regions
.[4243.509s][info][gc,marking     ] GC(1163) Concurrent Rebuild Remembered Sets and Scrub Regions 211.842ms
[4243.511s][info][gc,start       ] GC(1163) Pause Cleanup
[4243.511s][info][gc             ] GC(1163) Pause Cleanup 2374M->2374M(4096M) 0.139ms
[4243.511s][info][gc,cpu         ] GC(1163) User=0.00s Sys=0.00s Real=0.00s
[4243.511s][info][gc,marking     ] GC(1163) Concurrent Clear Claimed Marks
[4243.511s][info][gc,marking     ] GC(1163) Concurrent Clear Claimed Marks 0.031ms
[4243.511s][info][gc,marking     ] GC(1163) Concurrent Cleanup for Next Mark
[4243.517s][info][gc,marking     ] GC(1163) Concurrent Cleanup for Next Mark 5.615ms
[4243.517s][info][gc             ] GC(1163) Concurrent Mark Cycle 1104.929ms
.[4244.731s][info][gc,start       ] GC(1164) Pause Young (Prepare Mixed) (G1 Evacuation Pause)
[4244.731s][info][gc,task        ] GC(1164) Using 6 workers of 6 for evacuation
[4244.849s][info][gc,phases      ] GC(1164)   Pre Evacuate Collection Set: 0.35ms
[4244.849s][info][gc,phases      ] GC(1164)   Merge Heap Roots: 0.49ms
[4244.849s][info][gc,phases      ] GC(1164)   Evacuate Collection Set: 116.31ms
[4244.849s][info][gc,phases      ] GC(1164)   Post Evacuate Collection Set: 0.91ms
[4244.849s][info][gc,phases      ] GC(1164)   Other: 0.08ms
[4244.849s][info][gc,heap        ] GC(1164) Eden regions: 1116->0(1104)
[4244.849s][info][gc,heap        ] GC(1164) Survivor regions: 112->112(154)
[4244.849s][info][gc,heap        ] GC(1164) Old regions: 507->537
[4244.849s][info][gc,heap        ] GC(1164) Humongous regions: 80->80
[4244.849s][info][gc,metaspace   ] GC(1164) Metaspace: 28922K(29312K)->28922K(29312K) NonClass: 24053K(24256K)->24053K(24256K) Class: 4868K(5056K)->4868K(5056K)
[4244.849s][info][gc             ] GC(1164) Pause Young (Prepare Mixed) (G1 Evacuation Pause) 3628M->1456M(4096M) 118.271ms
[4244.849s][info][gc,cpu         ] GC(1164) User=0.70s Sys=0.00s Real=0.12s
..[4247.104s][info][gc,start       ] GC(1165) Pause Young (Mixed) (G1 Evacuation Pause)
[4247.104s][info][gc,task        ] GC(1165) Using 6 workers of 6 for evacuation
[4247.240s][info][gc,phases      ] GC(1165)   Pre Evacuate Collection Set: 0.36ms
[4247.240s][info][gc,phases      ] GC(1165)   Merge Heap Roots: 0.69ms
[4247.240s][info][gc,phases      ] GC(1165)   Evacuate Collection Set: 134.31ms
[4247.240s][info][gc,phases      ] GC(1165)   Post Evacuate Collection Set: 0.95ms
[4247.240s][info][gc,phases      ] GC(1165)   Other: 0.09ms
[4247.240s][info][gc,heap        ] GC(1165) Eden regions: 1104->0(1117)
[4247.240s][info][gc,heap        ] GC(1165) Survivor regions: 112->111(152)
[4247.240s][info][gc,heap        ] GC(1165) Old regions: 537->473
[4247.240s][info][gc,heap        ] GC(1165) Humongous regions: 80->80
[4247.240s][info][gc,metaspace   ] GC(1165) Metaspace: 28922K(29312K)->28922K(29312K) NonClass: 24053K(24256K)->24053K(24256K) Class: 4868K(5056K)->4868K(5056K)
[4247.240s][info][gc             ] GC(1165) Pause Young (Mixed) (G1 Evacuation Pause) 3664M->1327M(4096M) 136.523ms
[4247.240s][info][gc,cpu         ] GC(1165) User=0.81s Sys=0.00s Real=0.13s
...[4249.655s][info][gc,start       ] GC(1166) Pause Young (Concurrent Start) (G1 Evacuation Pause)
[4249.655s][info][gc,task        ] GC(1166) Using 6 workers of 6 for evacuation
[4249.773s][info][gc,phases      ] GC(1166)   Pre Evacuate Collection Set: 0.37ms
[4249.773s][info][gc,phases      ] GC(1166)   Merge Heap Roots: 0.45ms
[4249.773s][info][gc,phases      ] GC(1166)   Evacuate Collection Set: 116.64ms
[4249.773s][info][gc,phases      ] GC(1166)   Post Evacuate Collection Set: 0.88ms
[4249.773s][info][gc,phases      ] GC(1166)   Other: 0.12ms
[4249.773s][info][gc,heap        ] GC(1166) Eden regions: 1117->0(1117)
[4249.773s][info][gc,heap        ] GC(1166) Survivor regions: 111->111(154)
[4249.773s][info][gc,heap        ] GC(1166) Old regions: 473->505
[4249.773s][info][gc,heap        ] GC(1166) Humongous regions: 80->80
[4249.773s][info][gc,metaspace   ] GC(1166) Metaspace: 28922K(29312K)->28922K(29312K) NonClass: 24053K(24256K)->24053K(24256K) Class: 4868K(5056K)->4868K(5056K)
[4249.773s][info][gc             ] GC(1166) Pause Young (Concurrent Start) (G1 Evacuation Pause) 3561M->1389M(4096M) 118.593ms
[4249.773s][info][gc             ] GC(1167) Concurrent Mark Cycle
[4249.773s][info][gc,marking     ] GC(1167) Concurrent Scan Root Regions
[4249.773s][info][gc,cpu         ] GC(1166) User=0.70s Sys=0.00s Real=0.12s
[4249.939s][info][gc,marking     ] GC(1167) Concurrent Scan Root Regions 165.439ms
[4249.939s][info][gc,marking     ] GC(1167) Concurrent Mark
[4249.939s][info][gc,marking     ] GC(1167) Concurrent Mark From Roots
[4249.939s][info][gc,task        ] GC(1167) Using 2 workers of 2 for marking
.[4250.745s][info][gc,marking     ] GC(1167) Concurrent Mark From Roots 805.791ms
[4250.745s][info][gc,marking     ] GC(1167) Concurrent Preclean
[4250.745s][info][gc,marking     ] GC(1167) Concurrent Preclean 0.189ms
[4250.747s][info][gc,start       ] GC(1167) Pause Remark
[4250.751s][info][gc             ] GC(1167) Pause Remark 2289M->2289M(4096M) 4.276ms
[4250.751s][info][gc,cpu         ] GC(1167) User=0.03s Sys=0.00s Real=0.00s
[4250.751s][info][gc,marking     ] GC(1167) Concurrent Mark 812.331ms
[4250.751s][info][gc,marking     ] GC(1167) Concurrent Rebuild Remembered Sets and Scrub Regions
[4251.095s][info][gc,marking     ] GC(1167) Concurrent Rebuild Remembered Sets and Scrub Regions 344.088ms
[4251.098s][info][gc,start       ] GC(1167) Pause Cleanup
[4251.098s][info][gc             ] GC(1167) Pause Cleanup 2599M->2599M(4096M) 0.133ms
[4251.098s][info][gc,cpu         ] GC(1167) User=0.00s Sys=0.00s Real=0.00s
[4251.098s][info][gc,marking     ] GC(1167) Concurrent Clear Claimed Marks
[4251.098s][info][gc,marking     ] GC(1167) Concurrent Clear Claimed Marks 0.024ms
[4251.098s][info][gc,marking     ] GC(1167) Concurrent Cleanup for Next Mark
[4251.132s][info][gc,marking     ] GC(1167) Concurrent Cleanup for Next Mark 33.950ms
[4251.132s][info][gc             ] GC(1167) Concurrent Mark Cycle 1359.025ms
.[4252.138s][info][gc,start       ] GC(1168) Pause Young (Prepare Mixed) (G1 Evacuation Pause)
[4252.138s][info][gc,task        ] GC(1168) Using 6 workers of 6 for evacuation
[4252.257s][info][gc,phases      ] GC(1168)   Pre Evacuate Collection Set: 0.36ms
[4252.257s][info][gc,phases      ] GC(1168)   Merge Heap Roots: 0.48ms
[4252.257s][info][gc,phases      ] GC(1168)   Evacuate Collection Set: 117.62ms
[4252.257s][info][gc,phases      ] GC(1168)   Post Evacuate Collection Set: 0.96ms
[4252.257s][info][gc,phases      ] GC(1168)   Other: 0.09ms
[4252.257s][info][gc,heap        ] GC(1168) Eden regions: 1117->0(1105)
[4252.257s][info][gc,heap        ] GC(1168) Survivor regions: 111->112(154)
[4252.257s][info][gc,heap        ] GC(1168) Old regions: 505->536
[4252.257s][info][gc,heap        ] GC(1168) Humongous regions: 80->80
[4252.257s][info][gc,metaspace   ] GC(1168) Metaspace: 28922K(29312K)->28922K(29312K) NonClass: 24053K(24256K)->24053K(24256K) Class: 4868K(5056K)->4868K(5056K)
[4252.257s][info][gc             ] GC(1168) Pause Young (Prepare Mixed) (G1 Evacuation Pause) 3623M->1453M(4096M) 119.634ms
[4252.257s][info][gc,cpu         ] GC(1168) User=0.71s Sys=0.00s Real=0.12s
...[4254.554s][info][gc,start       ] GC(1169) Pause Young (Mixed) (G1 Evacuation Pause)
[4254.554s][info][gc,task        ] GC(1169) Using 6 workers of 6 for evacuation
[4254.687s][info][gc,phases      ] GC(1169)   Pre Evacuate Collection Set: 0.36ms
[4254.687s][info][gc,phases      ] GC(1169)   Merge Heap Roots: 0.66ms
[4254.687s][info][gc,phases      ] GC(1169)   Evacuate Collection Set: 130.87ms
[4254.687s][info][gc,phases      ] GC(1169)   Post Evacuate Collection Set: 0.94ms
[4254.687s][info][gc,phases      ] GC(1169)   Other: 0.10ms
[4254.687s][info][gc,heap        ] GC(1169) Eden regions: 1105->0(1121)
[4254.687s][info][gc,heap        ] GC(1169) Survivor regions: 112->107(153)
[4254.687s][info][gc,heap        ] GC(1169) Old regions: 536->475
[4254.687s][info][gc,heap        ] GC(1169) Humongous regions: 80->80
[4254.687s][info][gc,metaspace   ] GC(1169) Metaspace: 28922K(29312K)->28922K(29312K) NonClass: 24053K(24256K)->24053K(24256K) Class: 4868K(5056K)->4868K(5056K)
[4254.687s][info][gc             ] GC(1169) Pause Young (Mixed) (G1 Evacuation Pause) 3663M->1322M(4096M) 133.075ms
[4254.687s][info][gc,cpu         ] GC(1169) User=0.78s Sys=0.00s Real=0.13s
..[4257.051s][info][gc,start       ] GC(1170) Pause Young (Concurrent Start) (G1 Evacuation Pause)
[4257.052s][info][gc,task        ] GC(1170) Using 6 workers of 6 for evacuation
[4257.169s][info][gc,phases      ] GC(1170)   Pre Evacuate Collection Set: 0.37ms
[4257.169s][info][gc,phases      ] GC(1170)   Merge Heap Roots: 0.44ms
[4257.169s][info][gc,phases      ] GC(1170)   Evacuate Collection Set: 115.53ms
[4257.169s][info][gc,phases      ] GC(1170)   Post Evacuate Collection Set: 0.90ms
[4257.169s][info][gc,phases      ] GC(1170)   Other: 0.12ms
[4257.169s][info][gc,heap        ] GC(1170) Eden regions: 1121->0(1118)
[4257.169s][info][gc,heap        ] GC(1170) Survivor regions: 107->110(154)
[4257.169s][info][gc,heap        ] GC(1170) Old regions: 475->507
[4257.169s][info][gc,heap        ] GC(1170) Humongous regions: 80->80
[4257.169s][info][gc,metaspace   ] GC(1170) Metaspace: 28922K(29312K)->28922K(29312K) NonClass: 24053K(24256K)->24053K(24256K) Class: 4868K(5056K)->4868K(5056K)
[4257.169s][info][gc             ] GC(1170) Pause Young (Concurrent Start) (G1 Evacuation Pause) 3564M->1391M(4096M) 117.490ms
[4257.169s][info][gc             ] GC(1171) Concurrent Mark Cycle
[4257.169s][info][gc,marking     ] GC(1171) Concurrent Scan Root Regions
[4257.169s][info][gc,cpu         ] GC(1170) User=0.69s Sys=0.00s Real=0.12s
[4257.319s][info][gc,marking     ] GC(1171) Concurrent Scan Root Regions 149.979ms
[4257.319s][info][gc,marking     ] GC(1171) Concurrent Mark
[4257.319s][info][gc,marking     ] GC(1171) Concurrent Mark From Roots
[4257.319s][info][gc,task        ] GC(1171) Using 2 workers of 2 for marking
.[4258.081s][info][gc,marking     ] GC(1171) Concurrent Mark From Roots 761.795ms
[4258.081s][info][gc,marking     ] GC(1171) Concurrent Preclean
[4258.081s][info][gc,marking     ] GC(1171) Concurrent Preclean 0.152ms
[4258.083s][info][gc,start       ] GC(1171) Pause Remark
[4258.089s][info][gc             ] GC(1171) Pause Remark 2169M->2169M(4096M) 5.508ms
[4258.089s][info][gc,cpu         ] GC(1171) User=0.03s Sys=0.00s Real=0.00s
[4258.089s][info][gc,marking     ] GC(1171) Concurrent Mark 769.749ms
[4258.089s][info][gc,marking     ] GC(1171) Concurrent Rebuild Remembered Sets and Scrub Regions
[4258.379s][info][gc,marking     ] GC(1171) Concurrent Rebuild Remembered Sets and Scrub Regions 290.141ms
[4258.380s][info][gc,start       ] GC(1171) Pause Cleanup
[4258.380s][info][gc             ] GC(1171) Pause Cleanup 2487M->2487M(4096M) 0.136ms
[4258.380s][info][gc,cpu         ] GC(1171) User=0.00s Sys=0.00s Real=0.00s
[4258.381s][info][gc,marking     ] GC(1171) Concurrent Clear Claimed Marks
[4258.381s][info][gc,marking     ] GC(1171) Concurrent Clear Claimed Marks 0.056ms
[4258.381s][info][gc,marking     ] GC(1171) Concurrent Cleanup for Next Mark
[4258.387s][info][gc,marking     ] GC(1171) Concurrent Cleanup for Next Mark 6.323ms
[4258.387s][info][gc             ] GC(1171) Concurrent Mark Cycle 1218.375ms
.[4259.513s][info][gc,start       ] GC(1172) Pause Young (Prepare Mixed) (G1 Evacuation Pause)
[4259.513s][info][gc,task        ] GC(1172) Using 6 workers of 6 for evacuation
[4259.633s][info][gc,phases      ] GC(1172)   Pre Evacuate Collection Set: 0.33ms
[4259.633s][info][gc,phases      ] GC(1172)   Merge Heap Roots: 0.51ms
[4259.633s][info][gc,phases      ] GC(1172)   Evacuate Collection Set: 118.16ms
[4259.633s][info][gc,phases      ] GC(1172)   Post Evacuate Collection Set: 0.94ms
[4259.633s][info][gc,phases      ] GC(1172)   Other: 0.09ms
[4259.633s][info][gc,heap        ] GC(1172) Eden regions: 1118->0(1104)
[4259.633s][info][gc,heap        ] GC(1172) Survivor regions: 110->111(154)
[4259.633s][info][gc,heap        ] GC(1172) Old regions: 507->539
[4259.633s][info][gc,heap        ] GC(1172) Humongous regions: 80->80
[4259.634s][info][gc,metaspace   ] GC(1172) Metaspace: 28922K(29312K)->28922K(29312K) NonClass: 24053K(24256K)->24053K(24256K) Class: 4868K(5056K)->4868K(5056K)
[4259.634s][info][gc             ] GC(1172) Pause Young (Prepare Mixed) (G1 Evacuation Pause) 3627M->1457M(4096M) 120.168ms
[4259.634s][info][gc,cpu         ] GC(1172) User=0.72s Sys=0.00s Real=0.12s
...[4261.992s][info][gc,start       ] GC(1173) Pause Young (Mixed) (G1 Evacuation Pause)
[4261.992s][info][gc,task        ] GC(1173) Using 6 workers of 6 for evacuation
[4262.127s][info][gc,phases      ] GC(1173)   Pre Evacuate Collection Set: 0.40ms
[4262.127s][info][gc,phases      ] GC(1173)   Merge Heap Roots: 0.72ms
[4262.127s][info][gc,phases      ] GC(1173)   Evacuate Collection Set: 132.97ms
[4262.127s][info][gc,phases      ] GC(1173)   Post Evacuate Collection Set: 0.93ms
[4262.127s][info][gc,phases      ] GC(1173)   Other: 0.09ms
[4262.127s][info][gc,heap        ] GC(1173) Eden regions: 1104->0(1118)
[4262.127s][info][gc,heap        ] GC(1173) Survivor regions: 111->110(152)
[4262.127s][info][gc,heap        ] GC(1173) Old regions: 539->475
[4262.127s][info][gc,heap        ] GC(1173) Humongous regions: 80->80
[4262.127s][info][gc,metaspace   ] GC(1173) Metaspace: 28922K(29312K)->28922K(29312K) NonClass: 24053K(24256K)->24053K(24256K) Class: 4868K(5056K)->4868K(5056K)
[4262.127s][info][gc             ] GC(1173) Pause Young (Mixed) (G1 Evacuation Pause) 3665M->1328M(4096M) 135.243ms
[4262.127s][info][gc,cpu         ] GC(1173) User=0.80s Sys=0.00s Real=0.14s
..[4264.401s][info][gc,start       ] GC(1174) Pause Young (Concurrent Start) (G1 Evacuation Pause)
[4264.401s][info][gc,task        ] GC(1174) Using 6 workers of 6 for evacuation
[4264.518s][info][gc,phases      ] GC(1174)   Pre Evacuate Collection Set: 0.36ms
[4264.518s][info][gc,phases      ] GC(1174)   Merge Heap Roots: 0.45ms
[4264.518s][info][gc,phases      ] GC(1174)   Evacuate Collection Set: 115.48ms
[4264.518s][info][gc,phases      ] GC(1174)   Post Evacuate Collection Set: 0.89ms
[4264.518s][info][gc,phases      ] GC(1174)   Other: 0.11ms
[4264.518s][info][gc,heap        ] GC(1174) Eden regions: 1118->0(1120)
[4264.518s][info][gc,heap        ] GC(1174) Survivor regions: 110->108(154)
[4264.518s][info][gc,heap        ] GC(1174) Old regions: 475->506
[4264.518s][info][gc,heap        ] GC(1174) Humongous regions: 80->80
[4264.518s][info][gc,metaspace   ] GC(1174) Metaspace: 28922K(29312K)->28922K(29312K) NonClass: 24053K(24256K)->24053K(24256K) Class: 4868K(5056K)->4868K(5056K)
[4264.518s][info][gc             ] GC(1174) Pause Young (Concurrent Start) (G1 Evacuation Pause) 3564M->1387M(4096M) 117.423ms
[4264.518s][info][gc             ] GC(1175) Concurrent Mark Cycle
[4264.518s][info][gc,marking     ] GC(1175) Concurrent Scan Root Regions
[4264.518s][info][gc,cpu         ] GC(1174) User=0.70s Sys=0.00s Real=0.12s
.[4264.658s][info][gc,marking     ] GC(1175) Concurrent Scan Root Regions 139.374ms
[4264.658s][info][gc,marking     ] GC(1175) Concurrent Mark
[4264.658s][info][gc,marking     ] GC(1175) Concurrent Mark From Roots
[4264.658s][info][gc,task        ] GC(1175) Using 2 workers of 2 for marking
[4265.365s][info][gc,marking     ] GC(1175) Concurrent Mark From Roots 707.474ms
[4265.365s][info][gc,marking     ] GC(1175) Concurrent Preclean
[4265.365s][info][gc,marking     ] GC(1175) Concurrent Preclean 0.187ms
[4265.366s][info][gc,start       ] GC(1175) Pause Remark
[4265.372s][info][gc             ] GC(1175) Pause Remark 2179M->2179M(4096M) 5.746ms
[4265.372s][info][gc,cpu         ] GC(1175) User=0.03s Sys=0.00s Real=0.01s
[4265.373s][info][gc,marking     ] GC(1175) Concurrent Mark 715.485ms
[4265.373s][info][gc,marking     ] GC(1175) Concurrent Rebuild Remembered Sets and Scrub Regions
[4265.735s][info][gc,marking     ] GC(1175) Concurrent Rebuild Remembered Sets and Scrub Regions 361.535ms
[4265.735s][info][gc,start       ] GC(1175) Pause Cleanup
[4265.735s][info][gc             ] GC(1175) Pause Cleanup 2516M->2516M(4096M) 0.117ms
[4265.735s][info][gc,cpu         ] GC(1175) User=0.00s Sys=0.00s Real=0.00s
[4265.735s][info][gc,marking     ] GC(1175) Concurrent Clear Claimed Marks
[4265.735s][info][gc,marking     ] GC(1175) Concurrent Clear Claimed Marks 0.029ms
[4265.735s][info][gc,marking     ] GC(1175) Concurrent Cleanup for Next Mark
[4265.741s][info][gc,marking     ] GC(1175) Concurrent Cleanup for Next Mark 6.071ms
[4265.741s][info][gc             ] GC(1175) Concurrent Mark Cycle 1223.083ms
..[4266.903s][info][gc,start       ] GC(1176) Pause Young (Prepare Mixed) (G1 Evacuation Pause)
[4266.903s][info][gc,task        ] GC(1176) Using 6 workers of 6 for evacuation
[4267.020s][info][gc,phases      ] GC(1176)   Pre Evacuate Collection Set: 0.35ms
[4267.020s][info][gc,phases      ] GC(1176)   Merge Heap Roots: 0.49ms
[4267.020s][info][gc,phases      ] GC(1176)   Evacuate Collection Set: 115.14ms
[4267.020s][info][gc,phases      ] GC(1176)   Post Evacuate Collection Set: 0.92ms
[4267.020s][info][gc,phases      ] GC(1176)   Other: 0.09ms
[4267.020s][info][gc,heap        ] GC(1176) Eden regions: 1120->0(1108)
[4267.020s][info][gc,heap        ] GC(1176) Survivor regions: 108->109(154)
[4267.020s][info][gc,heap        ] GC(1176) Old regions: 506->539
[4267.020s][info][gc,heap        ] GC(1176) Humongous regions: 80->80
[4267.020s][info][gc,metaspace   ] GC(1176) Metaspace: 28922K(29312K)->28922K(29312K) NonClass: 24053K(24256K)->24053K(24256K) Class: 4868K(5056K)->4868K(5056K)
[4267.020s][info][gc             ] GC(1176) Pause Young (Prepare Mixed) (G1 Evacuation Pause) 3627M->1453M(4096M) 117.118ms
[4267.020s][info][gc,cpu         ] GC(1176) User=0.69s Sys=0.00s Real=0.11s
..[4269.286s][info][gc,start       ] GC(1177) Pause Young (Mixed) (G1 Evacuation Pause)
[4269.286s][info][gc,task        ] GC(1177) Using 6 workers of 6 for evacuation
[4269.426s][info][gc,phases      ] GC(1177)   Pre Evacuate Collection Set: 0.40ms
[4269.426s][info][gc,phases      ] GC(1177)   Merge Heap Roots: 0.69ms
[4269.426s][info][gc,phases      ] GC(1177)   Evacuate Collection Set: 137.11ms
[4269.426s][info][gc,phases      ] GC(1177)   Post Evacuate Collection Set: 0.93ms
[4269.426s][info][gc,phases      ] GC(1177)   Other: 0.09ms
[4269.426s][info][gc,heap        ] GC(1177) Eden regions: 1108->0(1113)
[4269.426s][info][gc,heap        ] GC(1177) Survivor regions: 109->115(153)
[4269.426s][info][gc,heap        ] GC(1177) Old regions: 539->474
[4269.426s][info][gc,heap        ] GC(1177) Humongous regions: 80->80
[4269.426s][info][gc,metaspace   ] GC(1177) Metaspace: 28922K(29312K)->28922K(29312K) NonClass: 24053K(24256K)->24053K(24256K) Class: 4868K(5056K)->4868K(5056K)
[4269.426s][info][gc             ] GC(1177) Pause Young (Mixed) (G1 Evacuation Pause) 3669M->1336M(4096M) 139.344ms
[4269.426s][info][gc,cpu         ] GC(1177) User=0.83s Sys=0.00s Real=0.14s
...[4271.811s][info][gc,start       ] GC(1178) Pause Young (Concurrent Start) (G1 Evacuation Pause)
[4271.811s][info][gc,task        ] GC(1178) Using 6 workers of 6 for evacuation
[4271.927s][info][gc,phases      ] GC(1178)   Pre Evacuate Collection Set: 0.41ms
[4271.927s][info][gc,phases      ] GC(1178)   Merge Heap Roots: 0.46ms
[4271.927s][info][gc,phases      ] GC(1178)   Evacuate Collection Set: 113.97ms
[4271.927s][info][gc,phases      ] GC(1178)   Post Evacuate Collection Set: 0.88ms
[4271.927s][info][gc,phases      ] GC(1178)   Other: 0.12ms
[4271.927s][info][gc,heap        ] GC(1178) Eden regions: 1113->0(1121)
[4271.927s][info][gc,heap        ] GC(1178) Survivor regions: 115->107(154)
[4271.927s][info][gc,heap        ] GC(1178) Old regions: 474->506
[4271.927s][info][gc,heap        ] GC(1178) Humongous regions: 80->80
[4271.927s][info][gc,metaspace   ] GC(1178) Metaspace: 28922K(29312K)->28922K(29312K) NonClass: 24053K(24256K)->24053K(24256K) Class: 4868K(5056K)->4868K(5056K)
[4271.927s][info][gc             ] GC(1178) Pause Young (Concurrent Start) (G1 Evacuation Pause) 3562M->1384M(4096M) 115.988ms
[4271.927s][info][gc             ] GC(1179) Concurrent Mark Cycle
[4271.927s][info][gc,marking     ] GC(1179) Concurrent Scan Root Regions
[4271.927s][info][gc,cpu         ] GC(1178) User=0.69s Sys=0.01s Real=0.12s
[4272.067s][info][gc,marking     ] GC(1179) Concurrent Scan Root Regions 139.793ms
[4272.067s][info][gc,marking     ] GC(1179) Concurrent Mark
[4272.067s][info][gc,marking     ] GC(1179) Concurrent Mark From Roots
[4272.067s][info][gc,task        ] GC(1179) Using 2 workers of 2 for marking
.[4272.875s][info][gc,marking     ] GC(1179) Concurrent Mark From Roots 808.486ms
[4272.875s][info][gc,marking     ] GC(1179) Concurrent Preclean
[4272.876s][info][gc,marking     ] GC(1179) Concurrent Preclean 0.180ms
[4272.876s][info][gc,start       ] GC(1179) Pause Remark
[4272.881s][info][gc             ] GC(1179) Pause Remark 2290M->2290M(4096M) 4.739ms
[4272.881s][info][gc,cpu         ] GC(1179) User=0.03s Sys=0.00s Real=0.00s
[4272.883s][info][gc,marking     ] GC(1179) Concurrent Mark 816.107ms
[4272.883s][info][gc,marking     ] GC(1179) Concurrent Rebuild Remembered Sets and Scrub Regions
[4273.201s][info][gc,marking     ] GC(1179) Concurrent Rebuild Remembered Sets and Scrub Regions 317.830ms
[4273.202s][info][gc,start       ] GC(1179) Pause Cleanup
[4273.202s][info][gc             ] GC(1179) Pause Cleanup 2568M->2568M(4096M) 0.114ms
[4273.202s][info][gc,cpu         ] GC(1179) User=0.00s Sys=0.00s Real=0.00s
[4273.203s][info][gc,marking     ] GC(1179) Concurrent Clear Claimed Marks
[4273.203s][info][gc,marking     ] GC(1179) Concurrent Clear Claimed Marks 0.039ms
[4273.203s][info][gc,marking     ] GC(1179) Concurrent Cleanup for Next Mark
[4273.223s][info][gc,marking     ] GC(1179) Concurrent Cleanup for Next Mark 20.167ms
[4273.223s][info][gc             ] GC(1179) Concurrent Mark Cycle 1296.202ms
.[4274.232s][info][gc,start       ] GC(1180) Pause Young (Prepare Mixed) (G1 Evacuation Pause)
[4274.232s][info][gc,task        ] GC(1180) Using 6 workers of 6 for evacuation
[4274.357s][info][gc,phases      ] GC(1180)   Pre Evacuate Collection Set: 0.31ms
[4274.357s][info][gc,phases      ] GC(1180)   Merge Heap Roots: 0.45ms
[4274.357s][info][gc,phases      ] GC(1180)   Evacuate Collection Set: 122.84ms
[4274.357s][info][gc,phases      ] GC(1180)   Post Evacuate Collection Set: 0.93ms
[4274.357s][info][gc,phases      ] GC(1180)   Other: 0.09ms
[4274.357s][info][gc,heap        ] GC(1180) Eden regions: 1121->0(1093)
[4274.357s][info][gc,heap        ] GC(1180) Survivor regions: 107->117(154)
[4274.357s][info][gc,heap        ] GC(1180) Old regions: 506->538
[4274.357s][info][gc,heap        ] GC(1180) Humongous regions: 80->80
[4274.357s][info][gc,metaspace   ] GC(1180) Metaspace: 28922K(29312K)->28922K(29312K) NonClass: 24053K(24256K)->24053K(24256K) Class: 4868K(5056K)->4868K(5056K)
[4274.357s][info][gc             ] GC(1180) Pause Young (Prepare Mixed) (G1 Evacuation Pause) 3626M->1468M(4096M) 124.753ms
[4274.357s][info][gc,cpu         ] GC(1180) User=0.74s Sys=0.00s Real=0.12s
..[4276.749s][info][gc,start       ] GC(1181) Pause Young (Mixed) (G1 Evacuation Pause)
[4276.749s][info][gc,task        ] GC(1181) Using 6 workers of 6 for evacuation
[4276.883s][info][gc,phases      ] GC(1181)   Pre Evacuate Collection Set: 0.36ms
[4276.883s][info][gc,phases      ] GC(1181)   Merge Heap Roots: 0.70ms
[4276.883s][info][gc,phases      ] GC(1181)   Evacuate Collection Set: 132.12ms
[4276.883s][info][gc,phases      ] GC(1181)   Post Evacuate Collection Set: 0.99ms
[4276.883s][info][gc,phases      ] GC(1181)   Other: 0.08ms
[4276.883s][info][gc,heap        ] GC(1181) Eden regions: 1093->0(1117)
[4276.883s][info][gc,heap        ] GC(1181) Survivor regions: 117->111(152)
[4276.883s][info][gc,heap        ] GC(1181) Old regions: 538->476
[4276.883s][info][gc,heap        ] GC(1181) Humongous regions: 80->80
[4276.883s][info][gc,metaspace   ] GC(1181) Metaspace: 28922K(29312K)->28922K(29312K) NonClass: 24053K(24256K)->24053K(24256K) Class: 4868K(5056K)->4868K(5056K)
[4276.883s][info][gc             ] GC(1181) Pause Young (Mixed) (G1 Evacuation Pause) 3654M->1331M(4096M) 134.417ms
[4276.884s][info][gc,cpu         ] GC(1181) User=0.80s Sys=0.00s Real=0.14s
. (rIR:aIR:PR = 7610:7574:7572) (tPR = 111710) [OK] 
  4276s: Performance info:
         Transaction,    Success,    Partial,     Failed,   Receipts, AvgBarcode, 
             Overall,     454350,          0,          0,     431580,      59.47, 
         Response times:
             Request,    Success,    Partial,     Failed,   SkipFail,     Probes,    Samples,      min,      p50,      p90,      p95,      p99,      max, 
       TotalPurchase,     431717,          0,          0,          0,     350816,     401831,      200,     6900,    85000,   120000,   227000,   509000,
     InStorePurchase,     227332,          0,          0,          0,     185413,     212394,      200,     6700,    84000,   120000,   234000,   491000,
      OnlinePurchase,     158703,          0,          0,          0,     128713,     147458,      300,     7000,    85000,   119000,   223000,   509000,
        InstPurchase,      45682,          0,          0,          0,      36690,      41979,      400,     7400,    87000,   122000,   223200,   381000,
          AssocOfCat,        457,          0,          0,          0,        362,        477,    25000,    47000,   154000,   189000,   313440,   372000,
      AssocOfProduct,       4556,          0,          0,          0,       4291,       5123,      500,     6400,    77600,   113000,   235000,   446000,
      BusinessReport,       1136,          0,          0,          0,        991,       1266,    25000,    46000,   127300,   173650,   305640,   390000,
          CustBuyBeh,       4560,          0,          0,          0,       4219,       5076,      200,     7500,    88000,   126000,   250000,   401000,
       ProductReturn,      12068,          0,          0,          0,       9119,      10677,      300,     7000,    86000,   121000,   223320,   386000,

  4276s: (56%)   IR =   7749 ..[4279.265s][info][gc,start       ] GC(1182) Pause Young (Concurrent Start) (G1 Evacuation Pause)
[4279.265s][info][gc,task        ] GC(1182) Using 6 workers of 6 for evacuation
[4279.386s][info][gc,phases      ] GC(1182)   Pre Evacuate Collection Set: 0.38ms
[4279.386s][info][gc,phases      ] GC(1182)   Merge Heap Roots: 0.49ms
[4279.386s][info][gc,phases      ] GC(1182)   Evacuate Collection Set: 119.39ms
[4279.386s][info][gc,phases      ] GC(1182)   Post Evacuate Collection Set: 0.90ms
[4279.386s][info][gc,phases      ] GC(1182)   Other: 0.12ms
[4279.386s][info][gc,heap        ] GC(1182) Eden regions: 1117->0(1114)
[4279.386s][info][gc,heap        ] GC(1182) Survivor regions: 111->114(154)
[4279.386s][info][gc,heap        ] GC(1182) Old regions: 476->508
[4279.386s][info][gc,heap        ] GC(1182) Humongous regions: 80->80
[4279.386s][info][gc,metaspace   ] GC(1182) Metaspace: 28922K(29312K)->28922K(29312K) NonClass: 24053K(24256K)->24053K(24256K) Class: 4868K(5056K)->4868K(5056K)
[4279.386s][info][gc             ] GC(1182) Pause Young (Concurrent Start) (G1 Evacuation Pause) 3565M->1401M(4096M) 121.408ms
[4279.386s][info][gc             ] GC(1183) Concurrent Mark Cycle
[4279.386s][info][gc,marking     ] GC(1183) Concurrent Scan Root Regions
[4279.386s][info][gc,cpu         ] GC(1182) User=0.72s Sys=0.00s Real=0.12s
[4279.551s][info][gc,marking     ] GC(1183) Concurrent Scan Root Regions 164.748ms
[4279.551s][info][gc,marking     ] GC(1183) Concurrent Mark
[4279.551s][info][gc,marking     ] GC(1183) Concurrent Mark From Roots
[4279.551s][info][gc,task        ] GC(1183) Using 2 workers of 2 for marking
.[4280.319s][info][gc,marking     ] GC(1183) Concurrent Mark From Roots 767.974ms
[4280.319s][info][gc,marking     ] GC(1183) Concurrent Preclean
[4280.319s][info][gc,marking     ] GC(1183) Concurrent Preclean 0.185ms
[4280.320s][info][gc,start       ] GC(1183) Pause Remark
[4280.324s][info][gc             ] GC(1183) Pause Remark 2233M->2233M(4096M) 4.105ms
[4280.324s][info][gc,cpu         ] GC(1183) User=0.02s Sys=0.00s Real=0.01s
[4280.325s][info][gc,marking     ] GC(1183) Concurrent Mark 774.294ms
[4280.326s][info][gc,marking     ] GC(1183) Concurrent Rebuild Remembered Sets and Scrub Regions
[4280.595s][info][gc,marking     ] GC(1183) Concurrent Rebuild Remembered Sets and Scrub Regions 269.439ms
[4280.595s][info][gc,start       ] GC(1183) Pause Cleanup
[4280.596s][info][gc             ] GC(1183) Pause Cleanup 2533M->2533M(4096M) 0.110ms
[4280.596s][info][gc,cpu         ] GC(1183) User=0.00s Sys=0.00s Real=0.00s
[4280.596s][info][gc,marking     ] GC(1183) Concurrent Clear Claimed Marks
[4280.596s][info][gc,marking     ] GC(1183) Concurrent Clear Claimed Marks 0.029ms
[4280.596s][info][gc,marking     ] GC(1183) Concurrent Cleanup for Next Mark
[4280.601s][info][gc,marking     ] GC(1183) Concurrent Cleanup for Next Mark 4.764ms
[4280.601s][info][gc             ] GC(1183) Concurrent Mark Cycle 1214.324ms
.[4281.659s][info][gc,start       ] GC(1184) Pause Young (Prepare Mixed) (G1 Evacuation Pause)
[4281.659s][info][gc,task        ] GC(1184) Using 6 workers of 6 for evacuation
[4281.777s][info][gc,phases      ] GC(1184)   Pre Evacuate Collection Set: 0.35ms
[4281.777s][info][gc,phases      ] GC(1184)   Merge Heap Roots: 0.57ms
[4281.777s][info][gc,phases      ] GC(1184)   Evacuate Collection Set: 115.93ms
[4281.777s][info][gc,phases      ] GC(1184)   Post Evacuate Collection Set: 0.97ms
[4281.777s][info][gc,phases      ] GC(1184)   Other: 0.10ms
[4281.777s][info][gc,heap        ] GC(1184) Eden regions: 1114->0(1107)
[4281.777s][info][gc,heap        ] GC(1184) Survivor regions: 114->109(154)
[4281.777s][info][gc,heap        ] GC(1184) Old regions: 508->540
[4281.777s][info][gc,heap        ] GC(1184) Humongous regions: 80->80
[4281.777s][info][gc,metaspace   ] GC(1184) Metaspace: 28922K(29312K)->28922K(29312K) NonClass: 24053K(24256K)->24053K(24256K) Class: 4868K(5056K)->4868K(5056K)
[4281.777s][info][gc             ] GC(1184) Pause Young (Prepare Mixed) (G1 Evacuation Pause) 3629M->1456M(4096M) 118.059ms
[4281.777s][info][gc,cpu         ] GC(1184) User=0.70s Sys=0.00s Real=0.12s
..|[4284.084s][info][gc,start       ] GC(1185) Pause Young (Mixed) (G1 Evacuation Pause)
[4284.084s][info][gc,task        ] GC(1185) Using 6 workers of 6 for evacuation
[4284.221s][info][gc,phases      ] GC(1185)   Pre Evacuate Collection Set: 0.38ms
[4284.221s][info][gc,phases      ] GC(1185)   Merge Heap Roots: 0.68ms
[4284.221s][info][gc,phases      ] GC(1185)   Evacuate Collection Set: 135.16ms
[4284.221s][info][gc,phases      ] GC(1185)   Post Evacuate Collection Set: 0.96ms
[4284.221s][info][gc,phases      ] GC(1185)   Other: 0.09ms
[4284.221s][info][gc,heap        ] GC(1185) Eden regions: 1107->0(1117)
[4284.221s][info][gc,heap        ] GC(1185) Survivor regions: 109->111(152)
[4284.221s][info][gc,heap        ] GC(1185) Old regions: 540->474
[4284.221s][info][gc,heap        ] GC(1185) Humongous regions: 80->80
[4284.221s][info][gc,metaspace   ] GC(1185) Metaspace: 28922K(29312K)->28922K(29312K) NonClass: 24053K(24256K)->24053K(24256K) Class: 4868K(5056K)->4868K(5056K)
[4284.221s][info][gc             ] GC(1185) Pause Young (Mixed) (G1 Evacuation Pause) 3670M->1328M(4096M) 137.399ms
[4284.221s][info][gc,cpu         ] GC(1185) User=0.80s Sys=0.00s Real=0.13s
...[4286.560s][info][gc,start       ] GC(1186) Pause Young (Concurrent Start) (G1 Evacuation Pause)
[4286.560s][info][gc,task        ] GC(1186) Using 6 workers of 6 for evacuation
[4286.676s][info][gc,phases      ] GC(1186)   Pre Evacuate Collection Set: 0.36ms
[4286.676s][info][gc,phases      ] GC(1186)   Merge Heap Roots: 0.45ms
[4286.676s][info][gc,phases      ] GC(1186)   Evacuate Collection Set: 114.05ms
[4286.676s][info][gc,phases      ] GC(1186)   Post Evacuate Collection Set: 0.88ms
[4286.676s][info][gc,phases      ] GC(1186)   Other: 0.10ms
[4286.676s][info][gc,heap        ] GC(1186) Eden regions: 1117->0(1120)
[4286.676s][info][gc,heap        ] GC(1186) Survivor regions: 111->108(154)
[4286.676s][info][gc,heap        ] GC(1186) Old regions: 474->506
[4286.676s][info][gc,heap        ] GC(1186) Humongous regions: 80->80
[4286.676s][info][gc,metaspace   ] GC(1186) Metaspace: 28922K(29312K)->28922K(29312K) NonClass: 24053K(24256K)->24053K(24256K) Class: 4868K(5056K)->4868K(5056K)
[4286.676s][info][gc             ] GC(1186) Pause Young (Concurrent Start) (G1 Evacuation Pause) 3562M->1385M(4096M) 115.967ms
[4286.676s][info][gc             ] GC(1187) Concurrent Mark Cycle
[4286.676s][info][gc,marking     ] GC(1187) Concurrent Scan Root Regions
[4286.676s][info][gc,cpu         ] GC(1186) User=0.68s Sys=0.00s Real=0.12s
[4286.852s][info][gc,marking     ] GC(1187) Concurrent Scan Root Regions 176.540ms
[4286.852s][info][gc,marking     ] GC(1187) Concurrent Mark
[4286.852s][info][gc,marking     ] GC(1187) Concurrent Mark From Roots
[4286.853s][info][gc,task        ] GC(1187) Using 2 workers of 2 for marking
.[4287.787s][info][gc,marking     ] GC(1187) Concurrent Mark From Roots 934.675ms
[4287.787s][info][gc,marking     ] GC(1187) Concurrent Preclean
[4287.787s][info][gc,marking     ] GC(1187) Concurrent Preclean 0.169ms
[4287.788s][info][gc,start       ] GC(1187) Pause Remark
[4287.794s][info][gc             ] GC(1187) Pause Remark 2415M->2415M(4096M) 6.272ms
[4287.794s][info][gc,cpu         ] GC(1187) User=0.03s Sys=0.00s Real=0.01s
[4287.794s][info][gc,marking     ] GC(1187) Concurrent Mark 941.522ms
[4287.794s][info][gc,marking     ] GC(1187) Concurrent Rebuild Remembered Sets and Scrub Regions
[4288.186s][info][gc,marking     ] GC(1187) Concurrent Rebuild Remembered Sets and Scrub Regions 392.386ms
[4288.187s][info][gc,start       ] GC(1187) Pause Cleanup
[4288.187s][info][gc             ] GC(1187) Pause Cleanup 2810M->2810M(4096M) 0.101ms
[4288.187s][info][gc,cpu         ] GC(1187) User=0.00s Sys=0.00s Real=0.00s
[4288.187s][info][gc,marking     ] GC(1187) Concurrent Clear Claimed Marks
[4288.187s][info][gc,marking     ] GC(1187) Concurrent Clear Claimed Marks 0.023ms
[4288.187s][info][gc,marking     ] GC(1187) Concurrent Cleanup for Next Mark
[4288.190s][info][gc,marking     ] GC(1187) Concurrent Cleanup for Next Mark 3.293ms
[4288.190s][info][gc             ] GC(1187) Concurrent Mark Cycle 1514.209ms
.[4288.986s][info][gc,start       ] GC(1188) Pause Young (Prepare Mixed) (G1 Evacuation Pause)
[4288.986s][info][gc,task        ] GC(1188) Using 6 workers of 6 for evacuation
[4289.105s][info][gc,phases      ] GC(1188)   Pre Evacuate Collection Set: 0.31ms
[4289.105s][info][gc,phases      ] GC(1188)   Merge Heap Roots: 0.47ms
[4289.105s][info][gc,phases      ] GC(1188)   Evacuate Collection Set: 117.22ms
[4289.105s][info][gc,phases      ] GC(1188)   Post Evacuate Collection Set: 0.94ms
[4289.105s][info][gc,phases      ] GC(1188)   Other: 0.08ms
[4289.105s][info][gc,heap        ] GC(1188) Eden regions: 1120->0(1108)
[4289.105s][info][gc,heap        ] GC(1188) Survivor regions: 108->110(154)
[4289.105s][info][gc,heap        ] GC(1188) Old regions: 506->537
[4289.105s][info][gc,heap        ] GC(1188) Humongous regions: 80->80
[4289.105s][info][gc,metaspace   ] GC(1188) Metaspace: 28922K(29312K)->28922K(29312K) NonClass: 24053K(24256K)->24053K(24256K) Class: 4868K(5056K)->4868K(5056K)
[4289.105s][info][gc             ] GC(1188) Pause Young (Prepare Mixed) (G1 Evacuation Pause) 3625M->1453M(4096M) 119.145ms
[4289.105s][info][gc,cpu         ] GC(1188) User=0.71s Sys=0.00s Real=0.12s
...[4291.429s][info][gc,start       ] GC(1189) Pause Young (Mixed) (G1 Evacuation Pause)
[4291.429s][info][gc,task        ] GC(1189) Using 6 workers of 6 for evacuation
[4291.562s][info][gc,phases      ] GC(1189)   Pre Evacuate Collection Set: 0.38ms
[4291.562s][info][gc,phases      ] GC(1189)   Merge Heap Roots: 0.70ms
[4291.562s][info][gc,phases      ] GC(1189)   Evacuate Collection Set: 131.44ms
[4291.562s][info][gc,phases      ] GC(1189)   Post Evacuate Collection Set: 0.99ms
[4291.562s][info][gc,phases      ] GC(1189)   Other: 0.09ms
[4291.562s][info][gc,heap        ] GC(1189) Eden regions: 1108->0(1120)
[4291.562s][info][gc,heap        ] GC(1189) Survivor regions: 110->108(153)
[4291.562s][info][gc,heap        ] GC(1189) Old regions: 537->474
[4291.562s][info][gc,heap        ] GC(1189) Humongous regions: 80->80
[4291.562s][info][gc,metaspace   ] GC(1189) Metaspace: 28922K(29312K)->28922K(29312K) NonClass: 24053K(24256K)->24053K(24256K) Class: 4868K(5056K)->4868K(5056K)
[4291.562s][info][gc             ] GC(1189) Pause Young (Mixed) (G1 Evacuation Pause) 3669M->1321M(4096M) 133.726ms
[4291.562s][info][gc,cpu         ] GC(1189) User=0.79s Sys=0.01s Real=0.14s
..[4293.898s][info][gc,start       ] GC(1190) Pause Young (Concurrent Start) (G1 Evacuation Pause)
[4293.898s][info][gc,task        ] GC(1190) Using 6 workers of 6 for evacuation
[4294.015s][info][gc,phases      ] GC(1190)   Pre Evacuate Collection Set: 0.36ms
[4294.015s][info][gc,phases      ] GC(1190)   Merge Heap Roots: 0.51ms
[4294.015s][info][gc,phases      ] GC(1190)   Evacuate Collection Set: 114.99ms
[4294.015s][info][gc,phases      ] GC(1190)   Post Evacuate Collection Set: 0.89ms
[4294.015s][info][gc,phases      ] GC(1190)   Other: 0.10ms
[4294.015s][info][gc,heap        ] GC(1190) Eden regions: 1120->0(1117)
[4294.015s][info][gc,heap        ] GC(1190) Survivor regions: 108->111(154)
[4294.015s][info][gc,heap        ] GC(1190) Old regions: 474->505
[4294.015s][info][gc,heap        ] GC(1190) Humongous regions: 80->80
[4294.015s][info][gc,metaspace   ] GC(1190) Metaspace: 28922K(29312K)->28922K(29312K) NonClass: 24053K(24256K)->24053K(24256K) Class: 4868K(5056K)->4868K(5056K)
[4294.015s][info][gc             ] GC(1190) Pause Young (Concurrent Start) (G1 Evacuation Pause) 3561M->1391M(4096M) 117.005ms
[4294.015s][info][gc             ] GC(1191) Concurrent Mark Cycle
[4294.015s][info][gc,marking     ] GC(1191) Concurrent Scan Root Regions
[4294.015s][info][gc,cpu         ] GC(1190) User=0.69s Sys=0.01s Real=0.12s
[4294.199s][info][gc,marking     ] GC(1191) Concurrent Scan Root Regions 184.290ms
[4294.199s][info][gc,marking     ] GC(1191) Concurrent Mark
[4294.199s][info][gc,marking     ] GC(1191) Concurrent Mark From Roots
[4294.199s][info][gc,task        ] GC(1191) Using 2 workers of 2 for marking
.[4295.195s][info][gc,marking     ] GC(1191) Concurrent Mark From Roots 995.310ms
[4295.195s][info][gc,marking     ] GC(1191) Concurrent Preclean
[4295.195s][info][gc,marking     ] GC(1191) Concurrent Preclean 0.159ms
[4295.197s][info][gc,start       ] GC(1191) Pause Remark
[4295.203s][info][gc             ] GC(1191) Pause Remark 2477M->2477M(4096M) 5.847ms
[4295.203s][info][gc,cpu         ] GC(1191) User=0.03s Sys=0.00s Real=0.01s
[4295.203s][info][gc,marking     ] GC(1191) Concurrent Mark 1004.221ms
[4295.203s][info][gc,marking     ] GC(1191) Concurrent Rebuild Remembered Sets and Scrub Regions
.[4295.471s][info][gc,marking     ] GC(1191) Concurrent Rebuild Remembered Sets and Scrub Regions 267.277ms
[4295.471s][info][gc,start       ] GC(1191) Pause Cleanup
[4295.471s][info][gc             ] GC(1191) Pause Cleanup 2743M->2743M(4096M) 0.134ms
[4295.471s][info][gc,cpu         ] GC(1191) User=0.00s Sys=0.00s Real=0.00s
[4295.471s][info][gc,marking     ] GC(1191) Concurrent Clear Claimed Marks
[4295.471s][info][gc,marking     ] GC(1191) Concurrent Clear Claimed Marks 0.034ms
[4295.471s][info][gc,marking     ] GC(1191) Concurrent Cleanup for Next Mark
[4295.476s][info][gc,marking     ] GC(1191) Concurrent Cleanup for Next Mark 4.684ms
[4295.476s][info][gc             ] GC(1191) Concurrent Mark Cycle 1461.077ms
[4296.261s][info][gc,start       ] GC(1192) Pause Young (Prepare Mixed) (G1 Evacuation Pause)
[4296.261s][info][gc,task        ] GC(1192) Using 6 workers of 6 for evacuation
[4296.383s][info][gc,phases      ] GC(1192)   Pre Evacuate Collection Set: 0.34ms
[4296.383s][info][gc,phases      ] GC(1192)   Merge Heap Roots: 0.48ms
[4296.383s][info][gc,phases      ] GC(1192)   Evacuate Collection Set: 120.67ms
[4296.383s][info][gc,phases      ] GC(1192)   Post Evacuate Collection Set: 0.97ms
[4296.383s][info][gc,phases      ] GC(1192)   Other: 0.09ms
[4296.383s][info][gc,heap        ] GC(1192) Eden regions: 1117->0(1102)
[4296.383s][info][gc,heap        ] GC(1192) Survivor regions: 111->113(154)
[4296.383s][info][gc,heap        ] GC(1192) Old regions: 505->537
[4296.383s][info][gc,heap        ] GC(1192) Humongous regions: 80->80
[4296.383s][info][gc,metaspace   ] GC(1192) Metaspace: 28922K(29312K)->28922K(29312K) NonClass: 24053K(24256K)->24053K(24256K) Class: 4868K(5056K)->4868K(5056K)
[4296.383s][info][gc             ] GC(1192) Pause Young (Prepare Mixed) (G1 Evacuation Pause) 3625M->1458M(4096M) 122.693ms
[4296.383s][info][gc,cpu         ] GC(1192) User=0.73s Sys=0.00s Real=0.13s
...[4298.679s][info][gc,start       ] GC(1193) Pause Young (Mixed) (G1 Evacuation Pause)
[4298.679s][info][gc,task        ] GC(1193) Using 6 workers of 6 for evacuation
[4298.813s][info][gc,phases      ] GC(1193)   Pre Evacuate Collection Set: 0.40ms
[4298.813s][info][gc,phases      ] GC(1193)   Merge Heap Roots: 0.70ms
[4298.813s][info][gc,phases      ] GC(1193)   Evacuate Collection Set: 132.66ms
[4298.813s][info][gc,phases      ] GC(1193)   Post Evacuate Collection Set: 0.96ms
[4298.813s][info][gc,phases      ] GC(1193)   Other: 0.09ms
[4298.813s][info][gc,heap        ] GC(1193) Eden regions: 1102->0(1118)
[4298.813s][info][gc,heap        ] GC(1193) Survivor regions: 113->110(152)
[4298.813s][info][gc,heap        ] GC(1193) Old regions: 537->474
[4298.813s][info][gc,heap        ] GC(1193) Humongous regions: 80->80
[4298.813s][info][gc,metaspace   ] GC(1193) Metaspace: 28922K(29312K)->28922K(29312K) NonClass: 24053K(24256K)->24053K(24256K) Class: 4868K(5056K)->4868K(5056K)
[4298.813s][info][gc             ] GC(1193) Pause Young (Mixed) (G1 Evacuation Pause) 3662M->1327M(4096M) 134.950ms
[4298.814s][info][gc,cpu         ] GC(1193) User=0.80s Sys=0.00s Real=0.14s
..[4300.983s][info][gc,start       ] GC(1194) Pause Young (Concurrent Start) (G1 Evacuation Pause)
[4300.983s][info][gc,task        ] GC(1194) Using 6 workers of 6 for evacuation
[4301.099s][info][gc,phases      ] GC(1194)   Pre Evacuate Collection Set: 0.38ms
[4301.099s][info][gc,phases      ] GC(1194)   Merge Heap Roots: 0.45ms
[4301.099s][info][gc,phases      ] GC(1194)   Evacuate Collection Set: 114.69ms
[4301.099s][info][gc,phases      ] GC(1194)   Post Evacuate Collection Set: 0.88ms
[4301.099s][info][gc,phases      ] GC(1194)   Other: 0.10ms
[4301.099s][info][gc,heap        ] GC(1194) Eden regions: 1118->0(1117)
[4301.099s][info][gc,heap        ] GC(1194) Survivor regions: 110->111(154)
[4301.099s][info][gc,heap        ] GC(1194) Old regions: 474->506
[4301.099s][info][gc,heap        ] GC(1194) Humongous regions: 80->80
[4301.099s][info][gc,metaspace   ] GC(1194) Metaspace: 28922K(29312K)->28922K(29312K) NonClass: 24053K(24256K)->24053K(24256K) Class: 4868K(5056K)->4868K(5056K)
[4301.099s][info][gc             ] GC(1194) Pause Young (Concurrent Start) (G1 Evacuation Pause) 3563M->1391M(4096M) 116.622ms
[4301.099s][info][gc             ] GC(1195) Concurrent Mark Cycle
[4301.099s][info][gc,marking     ] GC(1195) Concurrent Scan Root Regions
[4301.099s][info][gc,cpu         ] GC(1194) User=0.69s Sys=0.00s Real=0.11s
[4301.311s][info][gc,marking     ] GC(1195) Concurrent Scan Root Regions 211.654ms
[4301.311s][info][gc,marking     ] GC(1195) Concurrent Mark
[4301.311s][info][gc,marking     ] GC(1195) Concurrent Mark From Roots
[4301.311s][info][gc,task        ] GC(1195) Using 2 workers of 2 for marking
.[4302.294s][info][gc,marking     ] GC(1195) Concurrent Mark From Roots 982.573ms
[4302.294s][info][gc,marking     ] GC(1195) Concurrent Preclean
[4302.294s][info][gc,marking     ] GC(1195) Concurrent Preclean 0.199ms
[4302.294s][info][gc,start       ] GC(1195) Pause Remark
[4302.300s][info][gc             ] GC(1195) Pause Remark 2473M->2473M(4096M) 6.222ms
[4302.300s][info][gc,cpu         ] GC(1195) User=0.03s Sys=0.00s Real=0.00s
[4302.301s][info][gc,marking     ] GC(1195) Concurrent Mark 989.407ms
[4302.301s][info][gc,marking     ] GC(1195) Concurrent Rebuild Remembered Sets and Scrub Regions
.[4302.670s][info][gc,marking     ] GC(1195) Concurrent Rebuild Remembered Sets and Scrub Regions 369.908ms
[4302.671s][info][gc,start       ] GC(1195) Pause Cleanup
[4302.671s][info][gc             ] GC(1195) Pause Cleanup 2877M->2877M(4096M) 0.106ms
[4302.671s][info][gc,cpu         ] GC(1195) User=0.00s Sys=0.00s Real=0.00s
[4302.671s][info][gc,marking     ] GC(1195) Concurrent Clear Claimed Marks
[4302.671s][info][gc,marking     ] GC(1195) Concurrent Clear Claimed Marks 0.025ms
[4302.671s][info][gc,marking     ] GC(1195) Concurrent Cleanup for Next Mark
[4302.679s][info][gc,marking     ] GC(1195) Concurrent Cleanup for Next Mark 7.548ms
[4302.679s][info][gc             ] GC(1195) Concurrent Mark Cycle 1579.249ms
[4303.441s][info][gc,start       ] GC(1196) Pause Young (Prepare Mixed) (G1 Evacuation Pause)
[4303.441s][info][gc,task        ] GC(1196) Using 6 workers of 6 for evacuation
[4303.555s][info][gc,phases      ] GC(1196)   Pre Evacuate Collection Set: 0.33ms
[4303.555s][info][gc,phases      ] GC(1196)   Merge Heap Roots: 0.48ms
[4303.555s][info][gc,phases      ] GC(1196)   Evacuate Collection Set: 112.42ms
[4303.555s][info][gc,phases      ] GC(1196)   Post Evacuate Collection Set: 0.92ms
[4303.555s][info][gc,phases      ] GC(1196)   Other: 0.08ms
[4303.555s][info][gc,heap        ] GC(1196) Eden regions: 1117->0(1115)
[4303.555s][info][gc,heap        ] GC(1196) Survivor regions: 111->106(154)
[4303.555s][info][gc,heap        ] GC(1196) Old regions: 506->538
[4303.555s][info][gc,heap        ] GC(1196) Humongous regions: 80->80
[4303.555s][info][gc,metaspace   ] GC(1196) Metaspace: 28922K(29312K)->28922K(29312K) NonClass: 24053K(24256K)->24053K(24256K) Class: 4868K(5056K)->4868K(5056K)
[4303.555s][info][gc             ] GC(1196) Pause Young (Prepare Mixed) (G1 Evacuation Pause) 3625M->1446M(4096M) 114.361ms
[4303.555s][info][gc,cpu         ] GC(1196) User=0.68s Sys=0.00s Real=0.12s
...[4305.889s][info][gc,start       ] GC(1197) Pause Young (Mixed) (G1 Evacuation Pause)
[4305.889s][info][gc,task        ] GC(1197) Using 6 workers of 6 for evacuation
[4306.021s][info][gc,phases      ] GC(1197)   Pre Evacuate Collection Set: 0.41ms
[4306.021s][info][gc,phases      ] GC(1197)   Merge Heap Roots: 0.69ms
[4306.021s][info][gc,phases      ] GC(1197)   Evacuate Collection Set: 130.00ms
[4306.021s][info][gc,phases      ] GC(1197)   Post Evacuate Collection Set: 0.94ms
[4306.021s][info][gc,phases      ] GC(1197)   Other: 0.09ms
[4306.021s][info][gc,heap        ] GC(1197) Eden regions: 1115->0(1119)
[4306.021s][info][gc,heap        ] GC(1197) Survivor regions: 106->109(153)
[4306.021s][info][gc,heap        ] GC(1197) Old regions: 538->474
[4306.021s][info][gc,heap        ] GC(1197) Humongous regions: 80->80
[4306.021s][info][gc,metaspace   ] GC(1197) Metaspace: 28922K(29312K)->28922K(29312K) NonClass: 24053K(24256K)->24053K(24256K) Class: 4868K(5056K)->4868K(5056K)
[4306.021s][info][gc             ] GC(1197) Pause Young (Mixed) (G1 Evacuation Pause) 3676M->1324M(4096M) 132.270ms
[4306.021s][info][gc,cpu         ] GC(1197) User=0.78s Sys=0.00s Real=0.13s
..[4308.302s][info][gc,start       ] GC(1198) Pause Young (Concurrent Start) (G1 Evacuation Pause)
[4308.302s][info][gc,task        ] GC(1198) Using 6 workers of 6 for evacuation
[4308.422s][info][gc,phases      ] GC(1198)   Pre Evacuate Collection Set: 0.40ms
[4308.422s][info][gc,phases      ] GC(1198)   Merge Heap Roots: 0.48ms
[4308.422s][info][gc,phases      ] GC(1198)   Evacuate Collection Set: 117.91ms
[4308.422s][info][gc,phases      ] GC(1198)   Post Evacuate Collection Set: 0.89ms
[4308.422s][info][gc,phases      ] GC(1198)   Other: 0.12ms
[4308.422s][info][gc,heap        ] GC(1198) Eden regions: 1119->0(1116)
[4308.422s][info][gc,heap        ] GC(1198) Survivor regions: 109->112(154)
[4308.422s][info][gc,heap        ] GC(1198) Old regions: 474->505
[4308.422s][info][gc,heap        ] GC(1198) Humongous regions: 80->80
[4308.422s][info][gc,metaspace   ] GC(1198) Metaspace: 28922K(29312K)->28922K(29312K) NonClass: 24053K(24256K)->24053K(24256K) Class: 4868K(5056K)->4868K(5056K)
[4308.422s][info][gc             ] GC(1198) Pause Young (Concurrent Start) (G1 Evacuation Pause) 3562M->1393M(4096M) 119.946ms
[4308.422s][info][gc             ] GC(1199) Concurrent Mark Cycle
[4308.422s][info][gc,marking     ] GC(1199) Concurrent Scan Root Regions
[4308.422s][info][gc,cpu         ] GC(1198) User=0.71s Sys=0.00s Real=0.12s
[4308.606s][info][gc,marking     ] GC(1199) Concurrent Scan Root Regions 183.639ms
[4308.606s][info][gc,marking     ] GC(1199) Concurrent Mark
[4308.606s][info][gc,marking     ] GC(1199) Concurrent Mark From Roots
[4308.606s][info][gc,task        ] GC(1199) Using 2 workers of 2 for marking
.[4309.554s][info][gc,marking     ] GC(1199) Concurrent Mark From Roots 948.785ms
[4309.555s][info][gc,marking     ] GC(1199) Concurrent Preclean
[4309.555s][info][gc,marking     ] GC(1199) Concurrent Preclean 0.132ms
[4309.555s][info][gc,start       ] GC(1199) Pause Remark
[4309.560s][info][gc             ] GC(1199) Pause Remark 2449M->2449M(4096M) 5.628ms
[4309.560s][info][gc,cpu         ] GC(1199) User=0.03s Sys=0.00s Real=0.00s
[4309.561s][info][gc,marking     ] GC(1199) Concurrent Mark 954.824ms
[4309.561s][info][gc,marking     ] GC(1199) Concurrent Rebuild Remembered Sets and Scrub Regions
.[4309.921s][info][gc,marking     ] GC(1199) Concurrent Rebuild Remembered Sets and Scrub Regions 360.822ms
[4309.922s][info][gc,start       ] GC(1199) Pause Cleanup
[4309.922s][info][gc             ] GC(1199) Pause Cleanup 2803M->2803M(4096M) 0.121ms
[4309.922s][info][gc,cpu         ] GC(1199) User=0.00s Sys=0.00s Real=0.00s
[4309.922s][info][gc,marking     ] GC(1199) Concurrent Clear Claimed Marks
[4309.922s][info][gc,marking     ] GC(1199) Concurrent Clear Claimed Marks 0.028ms
[4309.922s][info][gc,marking     ] GC(1199) Concurrent Cleanup for Next Mark
[4309.928s][info][gc,marking     ] GC(1199) Concurrent Cleanup for Next Mark 5.422ms
[4309.928s][info][gc             ] GC(1199) Concurrent Mark Cycle 1505.860ms
.[4310.699s][info][gc,start       ] GC(1200) Pause Young (Prepare Mixed) (G1 Evacuation Pause)
[4310.699s][info][gc,task        ] GC(1200) Using 6 workers of 6 for evacuation
[4310.816s][info][gc,phases      ] GC(1200)   Pre Evacuate Collection Set: 0.32ms
[4310.816s][info][gc,phases      ] GC(1200)   Merge Heap Roots: 0.51ms
[4310.816s][info][gc,phases      ] GC(1200)   Evacuate Collection Set: 115.16ms
[4310.816s][info][gc,phases      ] GC(1200)   Post Evacuate Collection Set: 0.93ms
[4310.816s][info][gc,phases      ] GC(1200)   Other: 0.09ms
[4310.816s][info][gc,heap        ] GC(1200) Eden regions: 1116->0(1107)
[4310.816s][info][gc,heap        ] GC(1200) Survivor regions: 112->110(154)
[4310.816s][info][gc,heap        ] GC(1200) Old regions: 505->538
[4310.816s][info][gc,heap        ] GC(1200) Humongous regions: 80->80
[4310.816s][info][gc,metaspace   ] GC(1200) Metaspace: 28922K(29312K)->28922K(29312K) NonClass: 24053K(24256K)->24053K(24256K) Class: 4868K(5056K)->4868K(5056K)
[4310.816s][info][gc             ] GC(1200) Pause Young (Prepare Mixed) (G1 Evacuation Pause) 3625M->1455M(4096M) 117.136ms
[4310.816s][info][gc,cpu         ] GC(1200) User=0.70s Sys=0.00s Real=0.12s
..[4313.091s][info][gc,start       ] GC(1201) Pause Young (Mixed) (G1 Evacuation Pause)
[4313.091s][info][gc,task        ] GC(1201) Using 6 workers of 6 for evacuation
[4313.225s][info][gc,phases      ] GC(1201)   Pre Evacuate Collection Set: 0.36ms
[4313.225s][info][gc,phases      ] GC(1201)   Merge Heap Roots: 0.67ms
[4313.225s][info][gc,phases      ] GC(1201)   Evacuate Collection Set: 132.14ms
[4313.225s][info][gc,phases      ] GC(1201)   Post Evacuate Collection Set: 0.94ms
[4313.225s][info][gc,phases      ] GC(1201)   Other: 0.09ms
[4313.225s][info][gc,heap        ] GC(1201) Eden regions: 1107->0(1118)
[4313.225s][info][gc,heap        ] GC(1201) Survivor regions: 110->110(153)
[4313.225s][info][gc,heap        ] GC(1201) Old regions: 538->474
[4313.225s][info][gc,heap        ] GC(1201) Humongous regions: 80->80
[4313.225s][info][gc,metaspace   ] GC(1201) Metaspace: 28922K(29312K)->28922K(29312K) NonClass: 24053K(24256K)->24053K(24256K) Class: 4868K(5056K)->4868K(5056K)
[4313.225s][info][gc             ] GC(1201) Pause Young (Mixed) (G1 Evacuation Pause) 3669M->1325M(4096M) 134.325ms
[4313.225s][info][gc,cpu         ] GC(1201) User=0.80s Sys=0.00s Real=0.14s
..[4315.462s][info][gc,start       ] GC(1202) Pause Young (Concurrent Start) (G1 Evacuation Pause)
[4315.462s][info][gc,task        ] GC(1202) Using 6 workers of 6 for evacuation
[4315.580s][info][gc,phases      ] GC(1202)   Pre Evacuate Collection Set: 0.40ms
[4315.580s][info][gc,phases      ] GC(1202)   Merge Heap Roots: 0.49ms
[4315.580s][info][gc,phases      ] GC(1202)   Evacuate Collection Set: 116.40ms
[4315.580s][info][gc,phases      ] GC(1202)   Post Evacuate Collection Set: 0.88ms
[4315.580s][info][gc,phases      ] GC(1202)   Other: 0.09ms
[4315.580s][info][gc,heap        ] GC(1202) Eden regions: 1118->0(1119)
[4315.580s][info][gc,heap        ] GC(1202) Survivor regions: 110->109(154)
[4315.580s][info][gc,heap        ] GC(1202) Old regions: 474->506
[4315.580s][info][gc,heap        ] GC(1202) Humongous regions: 80->80
[4315.580s][info][gc,metaspace   ] GC(1202) Metaspace: 28922K(29312K)->28922K(29312K) NonClass: 24053K(24256K)->24053K(24256K) Class: 4868K(5056K)->4868K(5056K)
[4315.580s][info][gc             ] GC(1202) Pause Young (Concurrent Start) (G1 Evacuation Pause) 3561M->1389M(4096M) 118.402ms
[4315.580s][info][gc             ] GC(1203) Concurrent Mark Cycle
[4315.580s][info][gc,marking     ] GC(1203) Concurrent Scan Root Regions
[4315.580s][info][gc,cpu         ] GC(1202) User=0.70s Sys=0.00s Real=0.12s
.[4315.722s][info][gc,marking     ] GC(1203) Concurrent Scan Root Regions 142.129ms
[4315.722s][info][gc,marking     ] GC(1203) Concurrent Mark
[4315.722s][info][gc,marking     ] GC(1203) Concurrent Mark From Roots
[4315.722s][info][gc,task        ] GC(1203) Using 2 workers of 2 for marking
[4316.618s][info][gc,marking     ] GC(1203) Concurrent Mark From Roots 895.644ms
[4316.618s][info][gc,marking     ] GC(1203) Concurrent Preclean
[4316.618s][info][gc,marking     ] GC(1203) Concurrent Preclean 0.195ms
[4316.620s][info][gc,start       ] GC(1203) Pause Remark
[4316.625s][info][gc             ] GC(1203) Pause Remark 2389M->2389M(4096M) 5.479ms
[4316.625s][info][gc,cpu         ] GC(1203) User=0.03s Sys=0.00s Real=0.01s
[4316.626s][info][gc,marking     ] GC(1203) Concurrent Mark 903.460ms
[4316.626s][info][gc,marking     ] GC(1203) Concurrent Rebuild Remembered Sets and Scrub Regions
.[4317.028s][info][gc,marking     ] GC(1203) Concurrent Rebuild Remembered Sets and Scrub Regions 402.307ms
[4317.028s][info][gc,start       ] GC(1203) Pause Cleanup
[4317.028s][info][gc             ] GC(1203) Pause Cleanup 2791M->2791M(4096M) 0.101ms
[4317.029s][info][gc,cpu         ] GC(1203) User=0.00s Sys=0.00s Real=0.00s
[4317.029s][info][gc,marking     ] GC(1203) Concurrent Clear Claimed Marks
[4317.029s][info][gc,marking     ] GC(1203) Concurrent Clear Claimed Marks 0.036ms
[4317.029s][info][gc,marking     ] GC(1203) Concurrent Cleanup for Next Mark
[4317.036s][info][gc,marking     ] GC(1203) Concurrent Cleanup for Next Mark 6.547ms
[4317.036s][info][gc             ] GC(1203) Concurrent Mark Cycle 1455.856ms
.[4317.889s][info][gc,start       ] GC(1204) Pause Young (Prepare Mixed) (G1 Evacuation Pause)
[4317.889s][info][gc,task        ] GC(1204) Using 6 workers of 6 for evacuation
[4318.006s][info][gc,phases      ] GC(1204)   Pre Evacuate Collection Set: 0.36ms
[4318.006s][info][gc,phases      ] GC(1204)   Merge Heap Roots: 0.49ms
[4318.006s][info][gc,phases      ] GC(1204)   Evacuate Collection Set: 115.16ms
[4318.006s][info][gc,phases      ] GC(1204)   Post Evacuate Collection Set: 0.92ms
[4318.006s][info][gc,phases      ] GC(1204)   Other: 0.09ms
[4318.006s][info][gc,heap        ] GC(1204) Eden regions: 1119->0(1107)
[4318.006s][info][gc,heap        ] GC(1204) Survivor regions: 109->110(154)
[4318.006s][info][gc,heap        ] GC(1204) Old regions: 506->538
[4318.006s][info][gc,heap        ] GC(1204) Humongous regions: 80->80
[4318.006s][info][gc,metaspace   ] GC(1204) Metaspace: 28922K(29312K)->28922K(29312K) NonClass: 24053K(24256K)->24053K(24256K) Class: 4868K(5056K)->4868K(5056K)
[4318.006s][info][gc             ] GC(1204) Pause Young (Prepare Mixed) (G1 Evacuation Pause) 3627M->1455M(4096M) 117.140ms
[4318.006s][info][gc,cpu         ] GC(1204) User=0.69s Sys=0.00s Real=0.12s
..[4320.247s][info][gc,start       ] GC(1205) Pause Young (Mixed) (G1 Evacuation Pause)
[4320.247s][info][gc,task        ] GC(1205) Using 6 workers of 6 for evacuation
[4320.382s][info][gc,phases      ] GC(1205)   Pre Evacuate Collection Set: 0.36ms
[4320.382s][info][gc,phases      ] GC(1205)   Merge Heap Roots: 0.62ms
[4320.382s][info][gc,phases      ] GC(1205)   Evacuate Collection Set: 132.86ms
[4320.382s][info][gc,phases      ] GC(1205)   Post Evacuate Collection Set: 0.97ms
[4320.382s][info][gc,phases      ] GC(1205)   Other: 0.10ms
[4320.382s][info][gc,heap        ] GC(1205) Eden regions: 1107->0(1115)
[4320.382s][info][gc,heap        ] GC(1205) Survivor regions: 110->113(153)
[4320.382s][info][gc,heap        ] GC(1205) Old regions: 538->475
[4320.382s][info][gc,heap        ] GC(1205) Humongous regions: 80->80
[4320.382s][info][gc,metaspace   ] GC(1205) Metaspace: 28922K(29312K)->28922K(29312K) NonClass: 24053K(24256K)->24053K(24256K) Class: 4868K(5056K)->4868K(5056K)
[4320.382s][info][gc             ] GC(1205) Pause Young (Mixed) (G1 Evacuation Pause) 3669M->1333M(4096M) 135.061ms
[4320.382s][info][gc,cpu         ] GC(1205) User=0.80s Sys=0.00s Real=0.14s
..[4322.682s][info][gc,start       ] GC(1206) Pause Young (Concurrent Start) (G1 Evacuation Pause)
[4322.682s][info][gc,task        ] GC(1206) Using 6 workers of 6 for evacuation
[4322.806s][info][gc,phases      ] GC(1206)   Pre Evacuate Collection Set: 0.37ms
[4322.806s][info][gc,phases      ] GC(1206)   Merge Heap Roots: 0.50ms
[4322.806s][info][gc,phases      ] GC(1206)   Evacuate Collection Set: 121.56ms
[4322.806s][info][gc,phases      ] GC(1206)   Post Evacuate Collection Set: 0.88ms
[4322.806s][info][gc,phases      ] GC(1206)   Other: 0.88ms
[4322.806s][info][gc,heap        ] GC(1206) Eden regions: 1115->0(1115)
[4322.806s][info][gc,heap        ] GC(1206) Survivor regions: 113->113(154)
[4322.806s][info][gc,heap        ] GC(1206) Old regions: 475->507
[4322.806s][info][gc,heap        ] GC(1206) Humongous regions: 80->80
[4322.806s][info][gc,metaspace   ] GC(1206) Metaspace: 28922K(29312K)->28922K(29312K) NonClass: 24053K(24256K)->24053K(24256K) Class: 4868K(5056K)->4868K(5056K)
[4322.806s][info][gc             ] GC(1206) Pause Young (Concurrent Start) (G1 Evacuation Pause) 3563M->1399M(4096M) 124.325ms
[4322.806s][info][gc             ] GC(1207) Concurrent Mark Cycle
[4322.806s][info][gc,marking     ] GC(1207) Concurrent Scan Root Regions
[4322.806s][info][gc,cpu         ] GC(1206) User=0.73s Sys=0.00s Real=0.13s
.[4322.952s][info][gc,marking     ] GC(1207) Concurrent Scan Root Regions 146.053ms
[4322.952s][info][gc,marking     ] GC(1207) Concurrent Mark
[4322.952s][info][gc,marking     ] GC(1207) Concurrent Mark From Roots
[4322.952s][info][gc,task        ] GC(1207) Using 2 workers of 2 for marking
[4323.680s][info][gc,marking     ] GC(1207) Concurrent Mark From Roots 727.908ms
[4323.680s][info][gc,marking     ] GC(1207) Concurrent Preclean
[4323.680s][info][gc,marking     ] GC(1207) Concurrent Preclean 0.193ms
[4323.684s][info][gc,start       ] GC(1207) Pause Remark
[4323.689s][info][gc             ] GC(1207) Pause Remark 2195M->2195M(4096M) 4.778ms
[4323.689s][info][gc,cpu         ] GC(1207) User=0.03s Sys=0.00s Real=0.00s
[4323.689s][info][gc,marking     ] GC(1207) Concurrent Mark 736.935ms
[4323.689s][info][gc,marking     ] GC(1207) Concurrent Rebuild Remembered Sets and Scrub Regions
.[4324.066s][info][gc,marking     ] GC(1207) Concurrent Rebuild Remembered Sets and Scrub Regions 376.714ms
[4324.067s][info][gc,start       ] GC(1207) Pause Cleanup
[4324.067s][info][gc             ] GC(1207) Pause Cleanup 2543M->2543M(4096M) 0.140ms
[4324.067s][info][gc,cpu         ] GC(1207) User=0.00s Sys=0.00s Real=0.00s
[4324.070s][info][gc,marking     ] GC(1207) Concurrent Clear Claimed Marks
[4324.070s][info][gc,marking     ] GC(1207) Concurrent Clear Claimed Marks 0.048ms
[4324.070s][info][gc,marking     ] GC(1207) Concurrent Cleanup for Next Mark
[4324.075s][info][gc,marking     ] GC(1207) Concurrent Cleanup for Next Mark 5.640ms
[4324.075s][info][gc             ] GC(1207) Concurrent Mark Cycle 1269.443ms
.[4325.134s][info][gc,start       ] GC(1208) Pause Young (Prepare Mixed) (G1 Evacuation Pause)
[4325.135s][info][gc,task        ] GC(1208) Using 6 workers of 6 for evacuation
[4325.257s][info][gc,phases      ] GC(1208)   Pre Evacuate Collection Set: 0.32ms
[4325.257s][info][gc,phases      ] GC(1208)   Merge Heap Roots: 0.50ms
[4325.257s][info][gc,phases      ] GC(1208)   Evacuate Collection Set: 120.28ms
[4325.257s][info][gc,phases      ] GC(1208)   Post Evacuate Collection Set: 0.92ms
[4325.257s][info][gc,phases      ] GC(1208)   Other: 0.09ms
[4325.257s][info][gc,heap        ] GC(1208) Eden regions: 1115->0(1096)
[4325.257s][info][gc,heap        ] GC(1208) Survivor regions: 113->115(154)
[4325.257s][info][gc,heap        ] GC(1208) Old regions: 507->539
[4325.257s][info][gc,heap        ] GC(1208) Humongous regions: 80->80
[4325.257s][info][gc,metaspace   ] GC(1208) Metaspace: 28922K(29312K)->28922K(29312K) NonClass: 24053K(24256K)->24053K(24256K) Class: 4868K(5056K)->4868K(5056K)
[4325.257s][info][gc             ] GC(1208) Pause Young (Prepare Mixed) (G1 Evacuation Pause) 3629M->1465M(4096M) 122.241ms
[4325.257s][info][gc,cpu         ] GC(1208) User=0.72s Sys=0.00s Real=0.12s
..[4327.451s][info][gc,start       ] GC(1209) Pause Young (Mixed) (G1 Evacuation Pause)
[4327.451s][info][gc,task        ] GC(1209) Using 6 workers of 6 for evacuation
[4327.584s][info][gc,phases      ] GC(1209)   Pre Evacuate Collection Set: 0.36ms
[4327.584s][info][gc,phases      ] GC(1209)   Merge Heap Roots: 0.61ms
[4327.584s][info][gc,phases      ] GC(1209)   Evacuate Collection Set: 131.36ms
[4327.584s][info][gc,phases      ] GC(1209)   Post Evacuate Collection Set: 0.92ms
[4327.584s][info][gc,phases      ] GC(1209)   Other: 0.09ms
[4327.584s][info][gc,heap        ] GC(1209) Eden regions: 1096->0(1120)
[4327.584s][info][gc,heap        ] GC(1209) Survivor regions: 115->108(152)
[4327.584s][info][gc,heap        ] GC(1209) Old regions: 539->474
[4327.584s][info][gc,heap        ] GC(1209) Humongous regions: 80->80
[4327.584s][info][gc,metaspace   ] GC(1209) Metaspace: 28922K(29312K)->28922K(29312K) NonClass: 24053K(24256K)->24053K(24256K) Class: 4868K(5056K)->4868K(5056K)
[4327.584s][info][gc             ] GC(1209) Pause Young (Mixed) (G1 Evacuation Pause) 3657M->1322M(4096M) 133.461ms
[4327.584s][info][gc,cpu         ] GC(1209) User=0.79s Sys=0.00s Real=0.14s
...[4329.892s][info][gc,start       ] GC(1210) Pause Young (Concurrent Start) (G1 Evacuation Pause)
[4329.892s][info][gc,task        ] GC(1210) Using 6 workers of 6 for evacuation
[4330.014s][info][gc,phases      ] GC(1210)   Pre Evacuate Collection Set: 0.41ms
[4330.014s][info][gc,phases      ] GC(1210)   Merge Heap Roots: 0.51ms
[4330.014s][info][gc,phases      ] GC(1210)   Evacuate Collection Set: 120.50ms
[4330.014s][info][gc,phases      ] GC(1210)   Post Evacuate Collection Set: 0.85ms
[4330.014s][info][gc,phases      ] GC(1210)   Other: 0.10ms
[4330.014s][info][gc,heap        ] GC(1210) Eden regions: 1120->0(1116)
[4330.014s][info][gc,heap        ] GC(1210) Survivor regions: 108->112(154)
[4330.014s][info][gc,heap        ] GC(1210) Old regions: 474->507
[4330.014s][info][gc,heap        ] GC(1210) Humongous regions: 80->80
[4330.014s][info][gc,metaspace   ] GC(1210) Metaspace: 28922K(29312K)->28922K(29312K) NonClass: 24053K(24256K)->24053K(24256K) Class: 4868K(5056K)->4868K(5056K)
[4330.014s][info][gc             ] GC(1210) Pause Young (Concurrent Start) (G1 Evacuation Pause) 3562M->1396M(4096M) 122.494ms
[4330.014s][info][gc             ] GC(1211) Concurrent Mark Cycle
[4330.014s][info][gc,marking     ] GC(1211) Concurrent Scan Root Regions
[4330.014s][info][gc,cpu         ] GC(1210) User=0.73s Sys=0.00s Real=0.13s
[4330.207s][info][gc,marking     ] GC(1211) Concurrent Scan Root Regions 192.474ms
[4330.207s][info][gc,marking     ] GC(1211) Concurrent Mark
[4330.207s][info][gc,marking     ] GC(1211) Concurrent Mark From Roots
[4330.207s][info][gc,task        ] GC(1211) Using 2 workers of 2 for marking
[4331.012s][info][gc,marking     ] GC(1211) Concurrent Mark From Roots 805.595ms
[4331.012s][info][gc,marking     ] GC(1211) Concurrent Preclean
[4331.013s][info][gc,marking     ] GC(1211) Concurrent Preclean 0.134ms
.[4331.013s][info][gc,start       ] GC(1211) Pause Remark
[4331.018s][info][gc             ] GC(1211) Pause Remark 2308M->2308M(4096M) 5.036ms
[4331.018s][info][gc,cpu         ] GC(1211) User=0.03s Sys=0.00s Real=0.00s
[4331.018s][info][gc,marking     ] GC(1211) Concurrent Mark 811.522ms
[4331.018s][info][gc,marking     ] GC(1211) Concurrent Rebuild Remembered Sets and Scrub Regions
[4331.322s][info][gc,marking     ] GC(1211) Concurrent Rebuild Remembered Sets and Scrub Regions 303.714ms
[4331.324s][info][gc,start       ] GC(1211) Pause Cleanup
[4331.324s][info][gc             ] GC(1211) Pause Cleanup 2584M->2584M(4096M) 0.127ms
[4331.324s][info][gc,cpu         ] GC(1211) User=0.00s Sys=0.01s Real=0.00s
[4331.324s][info][gc,marking     ] GC(1211) Concurrent Clear Claimed Marks
[4331.325s][info][gc,marking     ] GC(1211) Concurrent Clear Claimed Marks 0.032ms
[4331.325s][info][gc,marking     ] GC(1211) Concurrent Cleanup for Next Mark
[4331.332s][info][gc,marking     ] GC(1211) Concurrent Cleanup for Next Mark 7.936ms
[4331.333s][info][gc             ] GC(1211) Concurrent Mark Cycle 1318.242ms
.[4332.368s][info][gc,start       ] GC(1212) Pause Young (Prepare Mixed) (G1 Evacuation Pause)
[4332.369s][info][gc,task        ] GC(1212) Using 6 workers of 6 for evacuation
[4332.492s][info][gc,phases      ] GC(1212)   Pre Evacuate Collection Set: 0.35ms
[4332.492s][info][gc,phases      ] GC(1212)   Merge Heap Roots: 0.56ms
[4332.492s][info][gc,phases      ] GC(1212)   Evacuate Collection Set: 121.88ms
[4332.492s][info][gc,phases      ] GC(1212)   Post Evacuate Collection Set: 0.95ms
[4332.492s][info][gc,phases      ] GC(1212)   Other: 0.08ms
[4332.492s][info][gc,heap        ] GC(1212) Eden regions: 1116->0(1095)
[4332.492s][info][gc,heap        ] GC(1212) Survivor regions: 112->116(154)
[4332.492s][info][gc,heap        ] GC(1212) Old regions: 507->538
[4332.492s][info][gc,heap        ] GC(1212) Humongous regions: 80->80
[4332.492s][info][gc,metaspace   ] GC(1212) Metaspace: 28922K(29312K)->28922K(29312K) NonClass: 24053K(24256K)->24053K(24256K) Class: 4868K(5056K)->4868K(5056K)
[4332.492s][info][gc             ] GC(1212) Pause Young (Prepare Mixed) (G1 Evacuation Pause) 3628M->1465M(4096M) 123.956ms
[4332.492s][info][gc,cpu         ] GC(1212) User=0.73s Sys=0.00s Real=0.13s
..[4334.723s][info][gc,start       ] GC(1213) Pause Young (Mixed) (G1 Evacuation Pause)
[4334.723s][info][gc,task        ] GC(1213) Using 6 workers of 6 for evacuation
[4334.860s][info][gc,phases      ] GC(1213)   Pre Evacuate Collection Set: 0.35ms
[4334.860s][info][gc,phases      ] GC(1213)   Merge Heap Roots: 0.75ms
[4334.860s][info][gc,phases      ] GC(1213)   Evacuate Collection Set: 134.93ms
[4334.860s][info][gc,phases      ] GC(1213)   Post Evacuate Collection Set: 0.94ms
[4334.860s][info][gc,phases      ] GC(1213)   Other: 0.08ms
[4334.860s][info][gc,heap        ] GC(1213) Eden regions: 1095->0(1117)
[4334.860s][info][gc,heap        ] GC(1213) Survivor regions: 116->111(152)
[4334.860s][info][gc,heap        ] GC(1213) Old regions: 538->475
[4334.860s][info][gc,heap        ] GC(1213) Humongous regions: 80->80
[4334.860s][info][gc,metaspace   ] GC(1213) Metaspace: 28922K(29312K)->28922K(29312K) NonClass: 24053K(24256K)->24053K(24256K) Class: 4868K(5056K)->4868K(5056K)
[4334.860s][info][gc             ] GC(1213) Pause Young (Mixed) (G1 Evacuation Pause) 3655M->1329M(4096M) 137.192ms
[4334.860s][info][gc,cpu         ] GC(1213) User=0.81s Sys=0.00s Real=0.13s
...[4337.194s][info][gc,start       ] GC(1214) Pause Young (Concurrent Start) (G1 Evacuation Pause)
[4337.194s][info][gc,task        ] GC(1214) Using 6 workers of 6 for evacuation
[4337.314s][info][gc,phases      ] GC(1214)   Pre Evacuate Collection Set: 0.39ms
[4337.314s][info][gc,phases      ] GC(1214)   Merge Heap Roots: 0.51ms
[4337.314s][info][gc,phases      ] GC(1214)   Evacuate Collection Set: 118.19ms
[4337.314s][info][gc,phases      ] GC(1214)   Post Evacuate Collection Set: 0.87ms
[4337.314s][info][gc,phases      ] GC(1214)   Other: 0.13ms
[4337.314s][info][gc,heap        ] GC(1214) Eden regions: 1117->0(1117)
[4337.314s][info][gc,heap        ] GC(1214) Survivor regions: 111->111(154)
[4337.314s][info][gc,heap        ] GC(1214) Old regions: 475->507
[4337.314s][info][gc,heap        ] GC(1214) Humongous regions: 80->80
[4337.314s][info][gc,metaspace   ] GC(1214) Metaspace: 28922K(29312K)->28922K(29312K) NonClass: 24053K(24256K)->24053K(24256K) Class: 4868K(5056K)->4868K(5056K)
[4337.314s][info][gc             ] GC(1214) Pause Young (Concurrent Start) (G1 Evacuation Pause) 3563M->1394M(4096M) 120.237ms
[4337.314s][info][gc             ] GC(1215) Concurrent Mark Cycle
[4337.314s][info][gc,marking     ] GC(1215) Concurrent Scan Root Regions
[4337.314s][info][gc,cpu         ] GC(1214) User=0.72s Sys=0.00s Real=0.12s
[4337.480s][info][gc,marking     ] GC(1215) Concurrent Scan Root Regions 165.390ms
[4337.480s][info][gc,marking     ] GC(1215) Concurrent Mark
[4337.480s][info][gc,marking     ] GC(1215) Concurrent Mark From Roots
[4337.480s][info][gc,task        ] GC(1215) Using 2 workers of 2 for marking
.[4338.291s][info][gc,marking     ] GC(1215) Concurrent Mark From Roots 811.283ms
[4338.291s][info][gc,marking     ] GC(1215) Concurrent Preclean
[4338.291s][info][gc,marking     ] GC(1215) Concurrent Preclean 0.162ms
[4338.293s][info][gc,start       ] GC(1215) Pause Remark
[4338.298s][info][gc             ] GC(1215) Pause Remark 2296M->2296M(4096M) 5.461ms
[4338.298s][info][gc,cpu         ] GC(1215) User=0.03s Sys=0.01s Real=0.00s
[4338.300s][info][gc,marking     ] GC(1215) Concurrent Mark 820.317ms
[4338.300s][info][gc,marking     ] GC(1215) Concurrent Rebuild Remembered Sets and Scrub Regions
[4338.589s][info][gc,marking     ] GC(1215) Concurrent Rebuild Remembered Sets and Scrub Regions 289.386ms
[4338.591s][info][gc,start       ] GC(1215) Pause Cleanup
[4338.592s][info][gc             ] GC(1215) Pause Cleanup 2608M->2608M(4096M) 0.134ms
[4338.592s][info][gc,cpu         ] GC(1215) User=0.00s Sys=0.00s Real=0.00s
[4338.592s][info][gc,marking     ] GC(1215) Concurrent Clear Claimed Marks
[4338.592s][info][gc,marking     ] GC(1215) Concurrent Clear Claimed Marks 0.034ms
[4338.592s][info][gc,marking     ] GC(1215) Concurrent Cleanup for Next Mark
[4338.600s][info][gc,marking     ] GC(1215) Concurrent Cleanup for Next Mark 7.658ms
[4338.600s][info][gc             ] GC(1215) Concurrent Mark Cycle 1285.531ms
.[4339.600s][info][gc,start       ] GC(1216) Pause Young (Prepare Mixed) (G1 Evacuation Pause)
[4339.600s][info][gc,task        ] GC(1216) Using 6 workers of 6 for evacuation
[4339.719s][info][gc,phases      ] GC(1216)   Pre Evacuate Collection Set: 0.34ms
[4339.719s][info][gc,phases      ] GC(1216)   Merge Heap Roots: 0.51ms
[4339.719s][info][gc,phases      ] GC(1216)   Evacuate Collection Set: 116.94ms
[4339.719s][info][gc,phases      ] GC(1216)   Post Evacuate Collection Set: 0.93ms
[4339.719s][info][gc,phases      ] GC(1216)   Other: 0.09ms
[4339.719s][info][gc,heap        ] GC(1216) Eden regions: 1117->0(1104)
[4339.719s][info][gc,heap        ] GC(1216) Survivor regions: 111->112(154)
[4339.719s][info][gc,heap        ] GC(1216) Old regions: 507->537
[4339.719s][info][gc,heap        ] GC(1216) Humongous regions: 80->80
[4339.719s][info][gc,metaspace   ] GC(1216) Metaspace: 28922K(29312K)->28922K(29312K) NonClass: 24053K(24256K)->24053K(24256K) Class: 4868K(5056K)->4868K(5056K)
[4339.719s][info][gc             ] GC(1216) Pause Young (Prepare Mixed) (G1 Evacuation Pause) 3628M->1456M(4096M) 118.934ms
[4339.719s][info][gc,cpu         ] GC(1216) User=0.70s Sys=0.00s Real=0.12s
..[4341.945s][info][gc,start       ] GC(1217) Pause Young (Mixed) (G1 Evacuation Pause)
[4341.945s][info][gc,task        ] GC(1217) Using 6 workers of 6 for evacuation
[4342.080s][info][gc,phases      ] GC(1217)   Pre Evacuate Collection Set: 0.36ms
[4342.080s][info][gc,phases      ] GC(1217)   Merge Heap Roots: 0.67ms
[4342.080s][info][gc,phases      ] GC(1217)   Evacuate Collection Set: 133.27ms
[4342.080s][info][gc,phases      ] GC(1217)   Post Evacuate Collection Set: 0.94ms
[4342.080s][info][gc,phases      ] GC(1217)   Other: 0.09ms
[4342.080s][info][gc,heap        ] GC(1217) Eden regions: 1104->0(1119)
[4342.080s][info][gc,heap        ] GC(1217) Survivor regions: 112->109(152)
[4342.080s][info][gc,heap        ] GC(1217) Old regions: 537->474
[4342.080s][info][gc,heap        ] GC(1217) Humongous regions: 80->80
[4342.080s][info][gc,metaspace   ] GC(1217) Metaspace: 28922K(29312K)->28922K(29312K) NonClass: 24053K(24256K)->24053K(24256K) Class: 4868K(5056K)->4868K(5056K)
[4342.080s][info][gc             ] GC(1217) Pause Young (Mixed) (G1 Evacuation Pause) 3664M->1325M(4096M) 135.490ms
[4342.080s][info][gc,cpu         ] GC(1217) User=0.80s Sys=0.00s Real=0.13s
.. (rIR:aIR:PR = 7749:7771:7772) (tPR = 114848) [OK] 
  4343s: Performance info:
         Transaction,    Success,    Partial,     Failed,   Receipts, AvgBarcode, 
             Overall,     467205,          0,          0,     443889,      59.48, 
         Response times:
             Request,    Success,    Partial,     Failed,   SkipFail,     Probes,    Samples,      min,      p50,      p90,      p95,      p99,      max, 
       TotalPurchase,     443892,          0,          0,          0,     354484,     400582,      200,     6900,    73000,   123000,   188000,   424000,
     InStorePurchase,     234171,          0,          0,          0,     186206,     210276,      200,     6900,    73000,   124000,   188000,   376000,
      OnlinePurchase,     163365,          0,          0,          0,     130361,     147463,      300,     6800,    73000,   124000,   189000,   424000,
        InstPurchase,      46356,          0,          0,          0,      37917,      42843,      400,     6800,    71000,   119000,   185000,   347000,
          AssocOfCat,        468,          0,          0,          0,        379,        511,    27000,    49000,   148400,   206800,   292000,   331000,
      AssocOfProduct,       4660,          0,          0,          0,       4300,       5045,      800,     5200,    69000,   122000,   209620,   284000,
      BusinessReport,       1163,          0,          0,          0,       1015,       1251,    29000,    50000,   141800,   181000,   267400,   313000,
          CustBuyBeh,       4666,          0,          0,          0,       4330,       5070,      300,     7300,    71000,   118000,   193000,   269000,
       ProductReturn,      12359,          0,          0,          0,       9384,      10894,      200,     7200,    76000,   125000,   187050,   310000,

  4343s: (57%)   IR =   7887 .[4344.424s][info][gc,start       ] GC(1218) Pause Young (Concurrent Start) (G1 Evacuation Pause)
[4344.424s][info][gc,task        ] GC(1218) Using 6 workers of 6 for evacuation
[4344.546s][info][gc,phases      ] GC(1218)   Pre Evacuate Collection Set: 0.37ms
[4344.546s][info][gc,phases      ] GC(1218)   Merge Heap Roots: 0.46ms
[4344.546s][info][gc,phases      ] GC(1218)   Evacuate Collection Set: 120.29ms
[4344.546s][info][gc,phases      ] GC(1218)   Post Evacuate Collection Set: 0.92ms
[4344.547s][info][gc,phases      ] GC(1218)   Other: 0.12ms
[4344.547s][info][gc,heap        ] GC(1218) Eden regions: 1119->0(1114)
[4344.547s][info][gc,heap        ] GC(1218) Survivor regions: 109->114(154)
[4344.547s][info][gc,heap        ] GC(1218) Old regions: 474->505
[4344.547s][info][gc,heap        ] GC(1218) Humongous regions: 80->80
[4344.547s][info][gc,metaspace   ] GC(1218) Metaspace: 28922K(29312K)->28922K(29312K) NonClass: 24053K(24256K)->24053K(24256K) Class: 4868K(5056K)->4868K(5056K)
[4344.547s][info][gc             ] GC(1218) Pause Young (Concurrent Start) (G1 Evacuation Pause) 3563M->1396M(4096M) 122.283ms
[4344.547s][info][gc             ] GC(1219) Concurrent Mark Cycle
[4344.547s][info][gc,marking     ] GC(1219) Concurrent Scan Root Regions
[4344.547s][info][gc,cpu         ] GC(1218) User=0.72s Sys=0.00s Real=0.12s
[4344.734s][info][gc,marking     ] GC(1219) Concurrent Scan Root Regions 187.435ms
[4344.734s][info][gc,marking     ] GC(1219) Concurrent Mark
[4344.734s][info][gc,marking     ] GC(1219) Concurrent Mark From Roots
[4344.734s][info][gc,task        ] GC(1219) Using 2 workers of 2 for marking
.[4345.762s][info][gc,marking     ] GC(1219) Concurrent Mark From Roots 1027.831ms
[4345.762s][info][gc,marking     ] GC(1219) Concurrent Preclean
[4345.762s][info][gc,marking     ] GC(1219) Concurrent Preclean 0.186ms
[4345.765s][info][gc,start       ] GC(1219) Pause Remark
[4345.770s][info][gc             ] GC(1219) Pause Remark 2558M->2558M(4096M) 4.964ms
[4345.770s][info][gc,cpu         ] GC(1219) User=0.03s Sys=0.00s Real=0.00s
[4345.771s][info][gc,marking     ] GC(1219) Concurrent Mark 1037.132ms
[4345.771s][info][gc,marking     ] GC(1219) Concurrent Rebuild Remembered Sets and Scrub Regions
[4346.087s][info][gc,marking     ] GC(1219) Concurrent Rebuild Remembered Sets and Scrub Regions 315.409ms
[4346.087s][info][gc,start       ] GC(1219) Pause Cleanup
[4346.087s][info][gc             ] GC(1219) Pause Cleanup 2835M->2835M(4096M) 0.132ms
[4346.087s][info][gc,cpu         ] GC(1219) User=0.00s Sys=0.00s Real=0.00s
[4346.087s][info][gc,marking     ] GC(1219) Concurrent Clear Claimed Marks
[4346.087s][info][gc,marking     ] GC(1219) Concurrent Clear Claimed Marks 0.032ms
[4346.087s][info][gc,marking     ] GC(1219) Concurrent Cleanup for Next Mark
[4346.092s][info][gc,marking     ] GC(1219) Concurrent Cleanup for Next Mark 4.785ms
[4346.092s][info][gc             ] GC(1219) Concurrent Mark Cycle 1545.416ms
.[4346.802s][info][gc,start       ] GC(1220) Pause Young (Prepare Mixed) (G1 Evacuation Pause)
[4346.802s][info][gc,task        ] GC(1220) Using 6 workers of 6 for evacuation
[4346.922s][info][gc,phases      ] GC(1220)   Pre Evacuate Collection Set: 0.34ms
[4346.922s][info][gc,phases      ] GC(1220)   Merge Heap Roots: 0.46ms
[4346.922s][info][gc,phases      ] GC(1220)   Evacuate Collection Set: 118.10ms
[4346.922s][info][gc,phases      ] GC(1220)   Post Evacuate Collection Set: 0.92ms
[4346.922s][info][gc,phases      ] GC(1220)   Other: 0.09ms
[4346.922s][info][gc,heap        ] GC(1220) Eden regions: 1114->0(1102)
[4346.922s][info][gc,heap        ] GC(1220) Survivor regions: 114->113(154)
[4346.922s][info][gc,heap        ] GC(1220) Old regions: 505->537
[4346.922s][info][gc,heap        ] GC(1220) Humongous regions: 80->80
[4346.922s][info][gc,metaspace   ] GC(1220) Metaspace: 28922K(29312K)->28922K(29312K) NonClass: 24053K(24256K)->24053K(24256K) Class: 4868K(5056K)->4868K(5056K)
[4346.922s][info][gc             ] GC(1220) Pause Young (Prepare Mixed) (G1 Evacuation Pause) 3624M->1458M(4096M) 120.033ms
[4346.922s][info][gc,cpu         ] GC(1220) User=0.71s Sys=0.00s Real=0.12s
..[4349.141s][info][gc,start       ] GC(1221) Pause Young (Mixed) (G1 Evacuation Pause)
[4349.141s][info][gc,task        ] GC(1221) Using 6 workers of 6 for evacuation
[4349.279s][info][gc,phases      ] GC(1221)   Pre Evacuate Collection Set: 0.34ms
[4349.279s][info][gc,phases      ] GC(1221)   Merge Heap Roots: 0.63ms
[4349.279s][info][gc,phases      ] GC(1221)   Evacuate Collection Set: 135.77ms
[4349.279s][info][gc,phases      ] GC(1221)   Post Evacuate Collection Set: 0.97ms
[4349.279s][info][gc,phases      ] GC(1221)   Other: 0.09ms
[4349.279s][info][gc,heap        ] GC(1221) Eden regions: 1102->0(1116)
[4349.279s][info][gc,heap        ] GC(1221) Survivor regions: 113->112(152)
[4349.279s][info][gc,heap        ] GC(1221) Old regions: 537->474
[4349.279s][info][gc,heap        ] GC(1221) Humongous regions: 80->80
[4349.279s][info][gc,metaspace   ] GC(1221) Metaspace: 28922K(29312K)->28922K(29312K) NonClass: 24053K(24256K)->24053K(24256K) Class: 4868K(5056K)->4868K(5056K)
[4349.279s][info][gc             ] GC(1221) Pause Young (Mixed) (G1 Evacuation Pause) 3662M->1331M(4096M) 137.939ms
[4349.279s][info][gc,cpu         ] GC(1221) User=0.81s Sys=0.00s Real=0.14s
.|..[4351.534s][info][gc,start       ] GC(1222) Pause Young (Concurrent Start) (G1 Evacuation Pause)
[4351.534s][info][gc,task        ] GC(1222) Using 6 workers of 6 for evacuation
[4351.650s][info][gc,phases      ] GC(1222)   Pre Evacuate Collection Set: 0.38ms
[4351.650s][info][gc,phases      ] GC(1222)   Merge Heap Roots: 0.44ms
[4351.650s][info][gc,phases      ] GC(1222)   Evacuate Collection Set: 114.44ms
[4351.650s][info][gc,phases      ] GC(1222)   Post Evacuate Collection Set: 0.93ms
[4351.650s][info][gc,phases      ] GC(1222)   Other: 0.11ms
[4351.650s][info][gc,heap        ] GC(1222) Eden regions: 1116->0(1120)
[4351.650s][info][gc,heap        ] GC(1222) Survivor regions: 112->108(154)
[4351.650s][info][gc,heap        ] GC(1222) Old regions: 474->506
[4351.650s][info][gc,heap        ] GC(1222) Humongous regions: 80->80
[4351.650s][info][gc,metaspace   ] GC(1222) Metaspace: 28922K(29312K)->28922K(29312K) NonClass: 24053K(24256K)->24053K(24256K) Class: 4868K(5056K)->4868K(5056K)
[4351.650s][info][gc             ] GC(1222) Pause Young (Concurrent Start) (G1 Evacuation Pause) 3563M->1387M(4096M) 116.449ms
[4351.650s][info][gc             ] GC(1223) Concurrent Mark Cycle
[4351.650s][info][gc,marking     ] GC(1223) Concurrent Scan Root Regions
[4351.650s][info][gc,cpu         ] GC(1222) User=0.69s Sys=0.00s Real=0.11s
[4351.833s][info][gc,marking     ] GC(1223) Concurrent Scan Root Regions 182.265ms
[4351.833s][info][gc,marking     ] GC(1223) Concurrent Mark
[4351.833s][info][gc,marking     ] GC(1223) Concurrent Mark From Roots
[4351.833s][info][gc,task        ] GC(1223) Using 2 workers of 2 for marking
.[4352.808s][info][gc,marking     ] GC(1223) Concurrent Mark From Roots 975.445ms
[4352.808s][info][gc,marking     ] GC(1223) Concurrent Preclean
[4352.808s][info][gc,marking     ] GC(1223) Concurrent Preclean 0.202ms
[4352.811s][info][gc,start       ] GC(1223) Pause Remark
[4352.814s][info][gc             ] GC(1223) Pause Remark 2479M->2479M(4096M) 3.019ms
[4352.814s][info][gc,cpu         ] GC(1223) User=0.02s Sys=0.00s Real=0.01s
[4352.814s][info][gc,marking     ] GC(1223) Concurrent Mark 981.768ms
[4352.814s][info][gc,marking     ] GC(1223) Concurrent Rebuild Remembered Sets and Scrub Regions
[4353.208s][info][gc,marking     ] GC(1223) Concurrent Rebuild Remembered Sets and Scrub Regions 392.998ms
[4353.208s][info][gc,start       ] GC(1223) Pause Cleanup
[4353.208s][info][gc             ] GC(1223) Pause Cleanup 2849M->2849M(4096M) 0.120ms
[4353.208s][info][gc,cpu         ] GC(1223) User=0.00s Sys=0.00s Real=0.00s
[4353.210s][info][gc,marking     ] GC(1223) Concurrent Clear Claimed Marks
[4353.210s][info][gc,marking     ] GC(1223) Concurrent Clear Claimed Marks 0.036ms
[4353.210s][info][gc,marking     ] GC(1223) Concurrent Cleanup for Next Mark
[4353.216s][info][gc,marking     ] GC(1223) Concurrent Cleanup for Next Mark 6.170ms
[4353.216s][info][gc             ] GC(1223) Concurrent Mark Cycle 1565.509ms
.[4353.942s][info][gc,start       ] GC(1224) Pause Young (Prepare Mixed) (G1 Evacuation Pause)
[4353.942s][info][gc,task        ] GC(1224) Using 6 workers of 6 for evacuation
[4354.064s][info][gc,phases      ] GC(1224)   Pre Evacuate Collection Set: 0.33ms
[4354.064s][info][gc,phases      ] GC(1224)   Merge Heap Roots: 0.50ms
[4354.064s][info][gc,phases      ] GC(1224)   Evacuate Collection Set: 119.96ms
[4354.064s][info][gc,phases      ] GC(1224)   Post Evacuate Collection Set: 0.92ms
[4354.064s][info][gc,phases      ] GC(1224)   Other: 0.09ms
[4354.064s][info][gc,heap        ] GC(1224) Eden regions: 1120->0(1101)
[4354.064s][info][gc,heap        ] GC(1224) Survivor regions: 108->113(154)
[4354.064s][info][gc,heap        ] GC(1224) Old regions: 506->538
[4354.064s][info][gc,heap        ] GC(1224) Humongous regions: 80->80
[4354.064s][info][gc,metaspace   ] GC(1224) Metaspace: 28922K(29312K)->28922K(29312K) NonClass: 24053K(24256K)->24053K(24256K) Class: 4868K(5056K)->4868K(5056K)
[4354.064s][info][gc             ] GC(1224) Pause Young (Prepare Mixed) (G1 Evacuation Pause) 3627M->1460M(4096M) 121.936ms
[4354.064s][info][gc,cpu         ] GC(1224) User=0.72s Sys=0.00s Real=0.12s
..[4356.275s][info][gc,start       ] GC(1225) Pause Young (Mixed) (G1 Evacuation Pause)
[4356.275s][info][gc,task        ] GC(1225) Using 6 workers of 6 for evacuation
[4356.411s][info][gc,phases      ] GC(1225)   Pre Evacuate Collection Set: 0.37ms
[4356.411s][info][gc,phases      ] GC(1225)   Merge Heap Roots: 0.63ms
[4356.411s][info][gc,phases      ] GC(1225)   Evacuate Collection Set: 133.78ms
[4356.411s][info][gc,phases      ] GC(1225)   Post Evacuate Collection Set: 0.80ms
[4356.411s][info][gc,phases      ] GC(1225)   Other: 0.09ms
[4356.411s][info][gc,heap        ] GC(1225) Eden regions: 1101->0(1114)
[4356.411s][info][gc,heap        ] GC(1225) Survivor regions: 113->114(152)
[4356.411s][info][gc,heap        ] GC(1225) Old regions: 538->474
[4356.411s][info][gc,heap        ] GC(1225) Humongous regions: 80->80
[4356.411s][info][gc,metaspace   ] GC(1225) Metaspace: 28922K(29312K)->28922K(29312K) NonClass: 24053K(24256K)->24053K(24256K) Class: 4868K(5056K)->4868K(5056K)
[4356.411s][info][gc             ] GC(1225) Pause Young (Mixed) (G1 Evacuation Pause) 3662M->1334M(4096M) 135.833ms
[4356.411s][info][gc,cpu         ] GC(1225) User=0.81s Sys=0.00s Real=0.13s
...[4358.643s][info][gc,start       ] GC(1226) Pause Young (Concurrent Start) (G1 Evacuation Pause)
[4358.643s][info][gc,task        ] GC(1226) Using 6 workers of 6 for evacuation
[4358.758s][info][gc,phases      ] GC(1226)   Pre Evacuate Collection Set: 0.40ms
[4358.758s][info][gc,phases      ] GC(1226)   Merge Heap Roots: 0.44ms
[4358.758s][info][gc,phases      ] GC(1226)   Evacuate Collection Set: 113.13ms
[4358.758s][info][gc,phases      ] GC(1226)   Post Evacuate Collection Set: 0.87ms
[4358.758s][info][gc,phases      ] GC(1226)   Other: 0.12ms
[4358.758s][info][gc,heap        ] GC(1226) Eden regions: 1114->0(1120)
[4358.758s][info][gc,heap        ] GC(1226) Survivor regions: 114->108(154)
[4358.758s][info][gc,heap        ] GC(1226) Old regions: 474->506
[4358.758s][info][gc,heap        ] GC(1226) Humongous regions: 80->80
[4358.758s][info][gc,metaspace   ] GC(1226) Metaspace: 28922K(29312K)->28922K(29312K) NonClass: 24053K(24256K)->24053K(24256K) Class: 4868K(5056K)->4868K(5056K)
[4358.758s][info][gc             ] GC(1226) Pause Young (Concurrent Start) (G1 Evacuation Pause) 3562M->1385M(4096M) 115.121ms
[4358.758s][info][gc             ] GC(1227) Concurrent Mark Cycle
[4358.758s][info][gc,marking     ] GC(1227) Concurrent Scan Root Regions
[4358.758s][info][gc,cpu         ] GC(1226) User=0.68s Sys=0.00s Real=0.11s
[4358.944s][info][gc,marking     ] GC(1227) Concurrent Scan Root Regions 185.653ms
[4358.944s][info][gc,marking     ] GC(1227) Concurrent Mark
[4358.944s][info][gc,marking     ] GC(1227) Concurrent Mark From Roots
[4358.944s][info][gc,task        ] GC(1227) Using 2 workers of 2 for marking
.[4360.020s][info][gc,marking     ] GC(1227) Concurrent Mark From Roots 1075.457ms
[4360.020s][info][gc,marking     ] GC(1227) Concurrent Preclean
[4360.020s][info][gc,marking     ] GC(1227) Concurrent Preclean 0.183ms
[4360.021s][info][gc,start       ] GC(1227) Pause Remark
[4360.029s][info][gc             ] GC(1227) Pause Remark 2585M->2585M(4096M) 7.174ms
[4360.029s][info][gc,cpu         ] GC(1227) User=0.04s Sys=0.00s Real=0.01s
[4360.029s][info][gc,marking     ] GC(1227) Concurrent Mark 1084.573ms
[4360.029s][info][gc,marking     ] GC(1227) Concurrent Rebuild Remembered Sets and Scrub Regions
[4360.434s][info][gc,marking     ] GC(1227) Concurrent Rebuild Remembered Sets and Scrub Regions 405.331ms
[4360.435s][info][gc,start       ] GC(1227) Pause Cleanup
[4360.435s][info][gc             ] GC(1227) Pause Cleanup 3039M->3039M(4096M) 0.125ms
[4360.435s][info][gc,cpu         ] GC(1227) User=0.00s Sys=0.00s Real=0.00s
[4360.436s][info][gc,marking     ] GC(1227) Concurrent Clear Claimed Marks
[4360.436s][info][gc,marking     ] GC(1227) Concurrent Clear Claimed Marks 0.037ms
[4360.436s][info][gc,marking     ] GC(1227) Concurrent Cleanup for Next Mark
[4360.442s][info][gc,marking     ] GC(1227) Concurrent Cleanup for Next Mark 5.528ms
[4360.442s][info][gc             ] GC(1227) Concurrent Mark Cycle 1683.270ms
.[4361.046s][info][gc,start       ] GC(1228) Pause Young (Prepare Mixed) (G1 Evacuation Pause)
[4361.046s][info][gc,task        ] GC(1228) Using 6 workers of 6 for evacuation
[4361.168s][info][gc,phases      ] GC(1228)   Pre Evacuate Collection Set: 0.33ms
[4361.168s][info][gc,phases      ] GC(1228)   Merge Heap Roots: 0.50ms
[4361.168s][info][gc,phases      ] GC(1228)   Evacuate Collection Set: 120.39ms
[4361.168s][info][gc,phases      ] GC(1228)   Post Evacuate Collection Set: 0.91ms
[4361.168s][info][gc,phases      ] GC(1228)   Other: 0.09ms
[4361.168s][info][gc,heap        ] GC(1228) Eden regions: 1120->0(1100)
[4361.168s][info][gc,heap        ] GC(1228) Survivor regions: 108->114(154)
[4361.168s][info][gc,heap        ] GC(1228) Old regions: 506->537
[4361.168s][info][gc,heap        ] GC(1228) Humongous regions: 80->80
[4361.168s][info][gc,metaspace   ] GC(1228) Metaspace: 28922K(29312K)->28922K(29312K) NonClass: 24053K(24256K)->24053K(24256K) Class: 4868K(5056K)->4868K(5056K)
[4361.168s][info][gc             ] GC(1228) Pause Young (Prepare Mixed) (G1 Evacuation Pause) 3625M->1460M(4096M) 122.374ms
[4361.168s][info][gc,cpu         ] GC(1228) User=0.72s Sys=0.00s Real=0.12s
..[4363.412s][info][gc,start       ] GC(1229) Pause Young (Mixed) (G1 Evacuation Pause)
[4363.412s][info][gc,task        ] GC(1229) Using 6 workers of 6 for evacuation
[4363.542s][info][gc,phases      ] GC(1229)   Pre Evacuate Collection Set: 0.34ms
[4363.542s][info][gc,phases      ] GC(1229)   Merge Heap Roots: 0.62ms
[4363.542s][info][gc,phases      ] GC(1229)   Evacuate Collection Set: 128.76ms
[4363.542s][info][gc,phases      ] GC(1229)   Post Evacuate Collection Set: 0.97ms
[4363.542s][info][gc,phases      ] GC(1229)   Other: 0.09ms
[4363.543s][info][gc,heap        ] GC(1229) Eden regions: 1100->0(1122)
[4363.543s][info][gc,heap        ] GC(1229) Survivor regions: 114->106(152)
[4363.543s][info][gc,heap        ] GC(1229) Old regions: 537->474
[4363.543s][info][gc,heap        ] GC(1229) Humongous regions: 80->80
[4363.543s][info][gc,metaspace   ] GC(1229) Metaspace: 28922K(29312K)->28922K(29312K) NonClass: 24053K(24256K)->24053K(24256K) Class: 4868K(5056K)->4868K(5056K)
[4363.543s][info][gc             ] GC(1229) Pause Young (Mixed) (G1 Evacuation Pause) 3660M->1318M(4096M) 130.929ms
[4363.543s][info][gc,cpu         ] GC(1229) User=0.77s Sys=0.00s Real=0.14s
...[4365.818s][info][gc,start       ] GC(1230) Pause Young (Concurrent Start) (G1 Evacuation Pause)
[4365.818s][info][gc,task        ] GC(1230) Using 6 workers of 6 for evacuation
[4365.935s][info][gc,phases      ] GC(1230)   Pre Evacuate Collection Set: 0.40ms
[4365.935s][info][gc,phases      ] GC(1230)   Merge Heap Roots: 0.44ms
[4365.935s][info][gc,phases      ] GC(1230)   Evacuate Collection Set: 114.33ms
[4365.935s][info][gc,phases      ] GC(1230)   Post Evacuate Collection Set: 0.91ms
[4365.935s][info][gc,phases      ] GC(1230)   Other: 0.11ms
[4365.935s][info][gc,heap        ] GC(1230) Eden regions: 1122->0(1119)
[4365.935s][info][gc,heap        ] GC(1230) Survivor regions: 106->109(154)
[4365.935s][info][gc,heap        ] GC(1230) Old regions: 474->505
[4365.935s][info][gc,heap        ] GC(1230) Humongous regions: 80->80
[4365.935s][info][gc,metaspace   ] GC(1230) Metaspace: 28922K(29312K)->28922K(29312K) NonClass: 24053K(24256K)->24053K(24256K) Class: 4868K(5056K)->4868K(5056K)
[4365.935s][info][gc             ] GC(1230) Pause Young (Concurrent Start) (G1 Evacuation Pause) 3562M->1385M(4096M) 116.338ms
[4365.935s][info][gc             ] GC(1231) Concurrent Mark Cycle
[4365.935s][info][gc,marking     ] GC(1231) Concurrent Scan Root Regions
[4365.935s][info][gc,cpu         ] GC(1230) User=0.69s Sys=0.00s Real=0.12s
[4366.165s][info][gc,marking     ] GC(1231) Concurrent Scan Root Regions 230.193ms
[4366.165s][info][gc,marking     ] GC(1231) Concurrent Mark
[4366.165s][info][gc,marking     ] GC(1231) Concurrent Mark From Roots
[4366.165s][info][gc,task        ] GC(1231) Using 2 workers of 2 for marking
.[4367.198s][info][gc,marking     ] GC(1231) Concurrent Mark From Roots 1032.600ms
[4367.198s][info][gc,marking     ] GC(1231) Concurrent Preclean
[4367.198s][info][gc,marking     ] GC(1231) Concurrent Preclean 0.197ms
[4367.200s][info][gc,start       ] GC(1231) Pause Remark
[4367.207s][info][gc             ] GC(1231) Pause Remark 2585M->2585M(4096M) 6.702ms
[4367.207s][info][gc,cpu         ] GC(1231) User=0.04s Sys=0.00s Real=0.01s
[4367.208s][info][gc,marking     ] GC(1231) Concurrent Mark 1042.641ms
[4367.208s][info][gc,marking     ] GC(1231) Concurrent Rebuild Remembered Sets and Scrub Regions
[4367.566s][info][gc,marking     ] GC(1231) Concurrent Rebuild Remembered Sets and Scrub Regions 358.642ms
[4367.567s][info][gc,start       ] GC(1231) Pause Cleanup
[4367.567s][info][gc             ] GC(1231) Pause Cleanup 2982M->2982M(4096M) 0.093ms
[4367.567s][info][gc,cpu         ] GC(1231) User=0.00s Sys=0.00s Real=0.00s
[4367.567s][info][gc,marking     ] GC(1231) Concurrent Clear Claimed Marks
[4367.567s][info][gc,marking     ] GC(1231) Concurrent Clear Claimed Marks 0.022ms
[4367.567s][info][gc,marking     ] GC(1231) Concurrent Cleanup for Next Mark
[4367.570s][info][gc,marking     ] GC(1231) Concurrent Cleanup for Next Mark 3.191ms
[4367.570s][info][gc             ] GC(1231) Concurrent Mark Cycle 1635.107ms
.[4368.219s][info][gc,start       ] GC(1232) Pause Young (Prepare Mixed) (G1 Evacuation Pause)
[4368.219s][info][gc,task        ] GC(1232) Using 6 workers of 6 for evacuation
[4368.341s][info][gc,phases      ] GC(1232)   Pre Evacuate Collection Set: 0.33ms
[4368.341s][info][gc,phases      ] GC(1232)   Merge Heap Roots: 0.50ms
[4368.341s][info][gc,phases      ] GC(1232)   Evacuate Collection Set: 119.53ms
[4368.341s][info][gc,phases      ] GC(1232)   Post Evacuate Collection Set: 0.94ms
[4368.341s][info][gc,phases      ] GC(1232)   Other: 0.09ms
[4368.341s][info][gc,heap        ] GC(1232) Eden regions: 1119->0(1101)
[4368.341s][info][gc,heap        ] GC(1232) Survivor regions: 109->114(154)
[4368.341s][info][gc,heap        ] GC(1232) Old regions: 505->536
[4368.341s][info][gc,heap        ] GC(1232) Humongous regions: 80->80
[4368.341s][info][gc,metaspace   ] GC(1232) Metaspace: 28922K(29312K)->28922K(29312K) NonClass: 24053K(24256K)->24053K(24256K) Class: 4868K(5056K)->4868K(5056K)
[4368.341s][info][gc             ] GC(1232) Pause Young (Prepare Mixed) (G1 Evacuation Pause) 3623M->1457M(4096M) 121.513ms
[4368.341s][info][gc,cpu         ] GC(1232) User=0.72s Sys=0.00s Real=0.12s
..[4370.570s][info][gc,start       ] GC(1233) Pause Young (Mixed) (G1 Evacuation Pause)
[4370.570s][info][gc,task        ] GC(1233) Using 6 workers of 6 for evacuation
[4370.704s][info][gc,phases      ] GC(1233)   Pre Evacuate Collection Set: 0.39ms
[4370.704s][info][gc,phases      ] GC(1233)   Merge Heap Roots: 0.68ms
[4370.704s][info][gc,phases      ] GC(1233)   Evacuate Collection Set: 131.36ms
[4370.704s][info][gc,phases      ] GC(1233)   Post Evacuate Collection Set: 0.95ms
[4370.704s][info][gc,phases      ] GC(1233)   Other: 0.09ms
[4370.704s][info][gc,heap        ] GC(1233) Eden regions: 1101->0(1120)
[4370.704s][info][gc,heap        ] GC(1233) Survivor regions: 114->108(152)
[4370.704s][info][gc,heap        ] GC(1233) Old regions: 536->473
[4370.704s][info][gc,heap        ] GC(1233) Humongous regions: 80->80
[4370.704s][info][gc,metaspace   ] GC(1233) Metaspace: 28922K(29312K)->28922K(29312K) NonClass: 24053K(24256K)->24053K(24256K) Class: 4868K(5056K)->4868K(5056K)
[4370.704s][info][gc             ] GC(1233) Pause Young (Mixed) (G1 Evacuation Pause) 3659M->1319M(4096M) 133.601ms
[4370.704s][info][gc,cpu         ] GC(1233) User=0.79s Sys=0.00s Real=0.14s
...[4372.977s][info][gc,start       ] GC(1234) Pause Young (Concurrent Start) (G1 Evacuation Pause)
[4372.977s][info][gc,task        ] GC(1234) Using 6 workers of 6 for evacuation
[4373.094s][info][gc,phases      ] GC(1234)   Pre Evacuate Collection Set: 0.39ms
[4373.094s][info][gc,phases      ] GC(1234)   Merge Heap Roots: 0.50ms
[4373.094s][info][gc,phases      ] GC(1234)   Evacuate Collection Set: 115.19ms
[4373.094s][info][gc,phases      ] GC(1234)   Post Evacuate Collection Set: 0.90ms
[4373.094s][info][gc,phases      ] GC(1234)   Other: 0.12ms
[4373.094s][info][gc,heap        ] GC(1234) Eden regions: 1120->0(1117)
[4373.094s][info][gc,heap        ] GC(1234) Survivor regions: 108->111(154)
[4373.094s][info][gc,heap        ] GC(1234) Old regions: 473->504
[4373.094s][info][gc,heap        ] GC(1234) Humongous regions: 80->80
[4373.094s][info][gc,metaspace   ] GC(1234) Metaspace: 28922K(29312K)->28922K(29312K) NonClass: 24053K(24256K)->24053K(24256K) Class: 4868K(5056K)->4868K(5056K)
[4373.094s][info][gc             ] GC(1234) Pause Young (Concurrent Start) (G1 Evacuation Pause) 3559M->1388M(4096M) 117.239ms
[4373.094s][info][gc             ] GC(1235) Concurrent Mark Cycle
[4373.094s][info][gc,marking     ] GC(1235) Concurrent Scan Root Regions
[4373.094s][info][gc,cpu         ] GC(1234) User=0.70s Sys=0.00s Real=0.12s
[4373.242s][info][gc,marking     ] GC(1235) Concurrent Scan Root Regions 147.508ms
[4373.242s][info][gc,marking     ] GC(1235) Concurrent Mark
[4373.242s][info][gc,marking     ] GC(1235) Concurrent Mark From Roots
[4373.242s][info][gc,task        ] GC(1235) Using 2 workers of 2 for marking
.[4374.026s][info][gc,marking     ] GC(1235) Concurrent Mark From Roots 783.909ms
[4374.026s][info][gc,marking     ] GC(1235) Concurrent Preclean
[4374.026s][info][gc,marking     ] GC(1235) Concurrent Preclean 0.200ms
[4374.029s][info][gc,start       ] GC(1235) Pause Remark
[4374.033s][info][gc             ] GC(1235) Pause Remark 2224M->2224M(4096M) 4.693ms
[4374.033s][info][gc,cpu         ] GC(1235) User=0.03s Sys=0.00s Real=0.01s
[4374.034s][info][gc,marking     ] GC(1235) Concurrent Mark 792.327ms
[4374.034s][info][gc,marking     ] GC(1235) Concurrent Rebuild Remembered Sets and Scrub Regions
[4374.325s][info][gc,marking     ] GC(1235) Concurrent Rebuild Remembered Sets and Scrub Regions 290.950ms
[4374.326s][info][gc,start       ] GC(1235) Pause Cleanup
[4374.326s][info][gc             ] GC(1235) Pause Cleanup 2498M->2498M(4096M) 0.128ms
[4374.326s][info][gc,cpu         ] GC(1235) User=0.00s Sys=0.00s Real=0.00s
[4374.326s][info][gc,marking     ] GC(1235) Concurrent Clear Claimed Marks
[4374.326s][info][gc,marking     ] GC(1235) Concurrent Clear Claimed Marks 0.032ms
[4374.326s][info][gc,marking     ] GC(1235) Concurrent Cleanup for Next Mark
[4374.331s][info][gc,marking     ] GC(1235) Concurrent Cleanup for Next Mark 5.363ms
[4374.332s][info][gc             ] GC(1235) Concurrent Mark Cycle 1237.464ms
.[4375.283s][info][gc,start       ] GC(1236) Pause Young (Prepare Mixed) (G1 Evacuation Pause)
[4375.283s][info][gc,task        ] GC(1236) Using 6 workers of 6 for evacuation
[4375.405s][info][gc,phases      ] GC(1236)   Pre Evacuate Collection Set: 0.32ms
[4375.405s][info][gc,phases      ] GC(1236)   Merge Heap Roots: 0.47ms
[4375.405s][info][gc,phases      ] GC(1236)   Evacuate Collection Set: 120.95ms
[4375.405s][info][gc,phases      ] GC(1236)   Post Evacuate Collection Set: 0.93ms
[4375.405s][info][gc,phases      ] GC(1236)   Other: 0.08ms
[4375.405s][info][gc,heap        ] GC(1236) Eden regions: 1117->0(1100)
[4375.405s][info][gc,heap        ] GC(1236) Survivor regions: 111->114(154)
[4375.405s][info][gc,heap        ] GC(1236) Old regions: 504->537
[4375.405s][info][gc,heap        ] GC(1236) Humongous regions: 80->80
[4375.405s][info][gc,metaspace   ] GC(1236) Metaspace: 28922K(29312K)->28922K(29312K) NonClass: 24053K(24256K)->24053K(24256K) Class: 4868K(5056K)->4868K(5056K)
[4375.405s][info][gc             ] GC(1236) Pause Young (Prepare Mixed) (G1 Evacuation Pause) 3622M->1459M(4096M) 122.878ms
[4375.406s][info][gc,cpu         ] GC(1236) User=0.72s Sys=0.00s Real=0.12s
..[4377.656s][info][gc,start       ] GC(1237) Pause Young (Mixed) (G1 Evacuation Pause)
[4377.656s][info][gc,task        ] GC(1237) Using 6 workers of 6 for evacuation
[4377.784s][info][gc,phases      ] GC(1237)   Pre Evacuate Collection Set: 0.42ms
[4377.784s][info][gc,phases      ] GC(1237)   Merge Heap Roots: 0.55ms
[4377.784s][info][gc,phases      ] GC(1237)   Evacuate Collection Set: 126.48ms
[4377.784s][info][gc,phases      ] GC(1237)   Post Evacuate Collection Set: 0.95ms
[4377.784s][info][gc,phases      ] GC(1237)   Other: 0.09ms
[4377.784s][info][gc,heap        ] GC(1237) Eden regions: 1100->0(1121)
[4377.784s][info][gc,heap        ] GC(1237) Survivor regions: 114->107(152)
[4377.784s][info][gc,heap        ] GC(1237) Old regions: 537->474
[4377.784s][info][gc,heap        ] GC(1237) Humongous regions: 80->80
[4377.784s][info][gc,metaspace   ] GC(1237) Metaspace: 28922K(29312K)->28922K(29312K) NonClass: 24053K(24256K)->24053K(24256K) Class: 4868K(5056K)->4868K(5056K)
[4377.784s][info][gc             ] GC(1237) Pause Young (Mixed) (G1 Evacuation Pause) 3659M->1320M(4096M) 128.646ms
[4377.784s][info][gc,cpu         ] GC(1237) User=0.76s Sys=0.01s Real=0.13s
...[4380.058s][info][gc,start       ] GC(1238) Pause Young (Concurrent Start) (G1 Evacuation Pause)
[4380.058s][info][gc,task        ] GC(1238) Using 6 workers of 6 for evacuation
[4380.179s][info][gc,phases      ] GC(1238)   Pre Evacuate Collection Set: 0.37ms
[4380.179s][info][gc,phases      ] GC(1238)   Merge Heap Roots: 0.46ms
[4380.179s][info][gc,phases      ] GC(1238)   Evacuate Collection Set: 119.09ms
[4380.179s][info][gc,phases      ] GC(1238)   Post Evacuate Collection Set: 0.88ms
[4380.179s][info][gc,phases      ] GC(1238)   Other: 0.13ms
[4380.179s][info][gc,heap        ] GC(1238) Eden regions: 1121->0(1116)
[4380.179s][info][gc,heap        ] GC(1238) Survivor regions: 107->112(154)
[4380.179s][info][gc,heap        ] GC(1238) Old regions: 474->505
[4380.179s][info][gc,heap        ] GC(1238) Humongous regions: 80->80
[4380.179s][info][gc,metaspace   ] GC(1238) Metaspace: 28922K(29312K)->28922K(29312K) NonClass: 24053K(24256K)->24053K(24256K) Class: 4868K(5056K)->4868K(5056K)
[4380.179s][info][gc             ] GC(1238) Pause Young (Concurrent Start) (G1 Evacuation Pause) 3562M->1391M(4096M) 121.063ms
[4380.179s][info][gc             ] GC(1239) Concurrent Mark Cycle
[4380.179s][info][gc,marking     ] GC(1239) Concurrent Scan Root Regions
[4380.179s][info][gc,cpu         ] GC(1238) User=0.71s Sys=0.00s Real=0.12s
[4380.362s][info][gc,marking     ] GC(1239) Concurrent Scan Root Regions 182.996ms
[4380.362s][info][gc,marking     ] GC(1239) Concurrent Mark
[4380.362s][info][gc,marking     ] GC(1239) Concurrent Mark From Roots
[4380.362s][info][gc,task        ] GC(1239) Using 2 workers of 2 for marking
.[4381.342s][info][gc,marking     ] GC(1239) Concurrent Mark From Roots 979.674ms
[4381.342s][info][gc,marking     ] GC(1239) Concurrent Preclean
[4381.342s][info][gc,marking     ] GC(1239) Concurrent Preclean 0.213ms
[4381.345s][info][gc,start       ] GC(1239) Pause Remark
[4381.351s][info][gc             ] GC(1239) Pause Remark 2481M->2481M(4096M) 6.374ms
[4381.351s][info][gc,cpu         ] GC(1239) User=0.03s Sys=0.00s Real=0.00s
[4381.351s][info][gc,marking     ] GC(1239) Concurrent Mark 989.152ms
[4381.351s][info][gc,marking     ] GC(1239) Concurrent Rebuild Remembered Sets and Scrub Regions
[4381.685s][info][gc,marking     ] GC(1239) Concurrent Rebuild Remembered Sets and Scrub Regions 333.601ms
[4381.685s][info][gc,start       ] GC(1239) Pause Cleanup
[4381.685s][info][gc             ] GC(1239) Pause Cleanup 2791M->2791M(4096M) 0.128ms
[4381.685s][info][gc,cpu         ] GC(1239) User=0.00s Sys=0.00s Real=0.00s
[4381.685s][info][gc,marking     ] GC(1239) Concurrent Clear Claimed Marks
[4381.685s][info][gc,marking     ] GC(1239) Concurrent Clear Claimed Marks 0.027ms
[4381.685s][info][gc,marking     ] GC(1239) Concurrent Cleanup for Next Mark
[4381.690s][info][gc,marking     ] GC(1239) Concurrent Cleanup for Next Mark 4.699ms
[4381.690s][info][gc             ] GC(1239) Concurrent Mark Cycle 1511.051ms
.[4382.456s][info][gc,start       ] GC(1240) Pause Young (Prepare Mixed) (G1 Evacuation Pause)
[4382.456s][info][gc,task        ] GC(1240) Using 6 workers of 6 for evacuation
[4382.574s][info][gc,phases      ] GC(1240)   Pre Evacuate Collection Set: 0.34ms
[4382.574s][info][gc,phases      ] GC(1240)   Merge Heap Roots: 0.50ms
[4382.574s][info][gc,phases      ] GC(1240)   Evacuate Collection Set: 115.84ms
[4382.574s][info][gc,phases      ] GC(1240)   Post Evacuate Collection Set: 0.94ms
[4382.574s][info][gc,phases      ] GC(1240)   Other: 0.09ms
[4382.574s][info][gc,heap        ] GC(1240) Eden regions: 1116->0(1113)
[4382.574s][info][gc,heap        ] GC(1240) Survivor regions: 112->108(154)
[4382.574s][info][gc,heap        ] GC(1240) Old regions: 505->536
[4382.574s][info][gc,heap        ] GC(1240) Humongous regions: 80->80
[4382.574s][info][gc,metaspace   ] GC(1240) Metaspace: 28922K(29312K)->28922K(29312K) NonClass: 24053K(24256K)->24053K(24256K) Class: 4868K(5056K)->4868K(5056K)
[4382.574s][info][gc             ] GC(1240) Pause Young (Prepare Mixed) (G1 Evacuation Pause) 3623M->1446M(4096M) 117.891ms
[4382.574s][info][gc,cpu         ] GC(1240) User=0.69s Sys=0.00s Real=0.12s
..[4384.854s][info][gc,start       ] GC(1241) Pause Young (Mixed) (G1 Evacuation Pause)
[4384.854s][info][gc,task        ] GC(1241) Using 6 workers of 6 for evacuation
[4384.991s][info][gc,phases      ] GC(1241)   Pre Evacuate Collection Set: 0.39ms
[4384.991s][info][gc,phases      ] GC(1241)   Merge Heap Roots: 0.74ms
[4384.991s][info][gc,phases      ] GC(1241)   Evacuate Collection Set: 135.09ms
[4384.991s][info][gc,phases      ] GC(1241)   Post Evacuate Collection Set: 0.96ms
[4384.991s][info][gc,phases      ] GC(1241)   Other: 0.09ms
[4384.991s][info][gc,heap        ] GC(1241) Eden regions: 1113->0(1120)
[4384.991s][info][gc,heap        ] GC(1241) Survivor regions: 108->108(153)
[4384.991s][info][gc,heap        ] GC(1241) Old regions: 536->473
[4384.991s][info][gc,heap        ] GC(1241) Humongous regions: 80->80
[4384.991s][info][gc,metaspace   ] GC(1241) Metaspace: 28922K(29312K)->28922K(29312K) NonClass: 24053K(24256K)->24053K(24256K) Class: 4868K(5056K)->4868K(5056K)
[4384.991s][info][gc             ] GC(1241) Pause Young (Mixed) (G1 Evacuation Pause) 3672M->1320M(4096M) 137.422ms
[4384.991s][info][gc,cpu         ] GC(1241) User=0.81s Sys=0.00s Real=0.13s
...[4387.290s][info][gc,start       ] GC(1242) Pause Young (Concurrent Start) (G1 Evacuation Pause)
[4387.290s][info][gc,task        ] GC(1242) Using 6 workers of 6 for evacuation
[4387.415s][info][gc,phases      ] GC(1242)   Pre Evacuate Collection Set: 0.36ms
[4387.415s][info][gc,phases      ] GC(1242)   Merge Heap Roots: 0.49ms
[4387.415s][info][gc,phases      ] GC(1242)   Evacuate Collection Set: 123.05ms
[4387.415s][info][gc,phases      ] GC(1242)   Post Evacuate Collection Set: 0.87ms
[4387.415s][info][gc,phases      ] GC(1242)   Other: 0.11ms
[4387.415s][info][gc,heap        ] GC(1242) Eden regions: 1120->0(1113)
[4387.415s][info][gc,heap        ] GC(1242) Survivor regions: 108->115(154)
[4387.415s][info][gc,heap        ] GC(1242) Old regions: 473->504
[4387.415s][info][gc,heap        ] GC(1242) Humongous regions: 80->80
[4387.415s][info][gc,metaspace   ] GC(1242) Metaspace: 28922K(29312K)->28922K(29312K) NonClass: 24053K(24256K)->24053K(24256K) Class: 4868K(5056K)->4868K(5056K)
[4387.415s][info][gc             ] GC(1242) Pause Young (Concurrent Start) (G1 Evacuation Pause) 3560M->1396M(4096M) 124.999ms
[4387.415s][info][gc             ] GC(1243) Concurrent Mark Cycle
[4387.415s][info][gc,marking     ] GC(1243) Concurrent Scan Root Regions
[4387.415s][info][gc,cpu         ] GC(1242) User=0.74s Sys=0.00s Real=0.13s
[4387.562s][info][gc,marking     ] GC(1243) Concurrent Scan Root Regions 147.744ms
[4387.563s][info][gc,marking     ] GC(1243) Concurrent Mark
[4387.563s][info][gc,marking     ] GC(1243) Concurrent Mark From Roots
[4387.563s][info][gc,task        ] GC(1243) Using 2 workers of 2 for marking
.[4388.334s][info][gc,marking     ] GC(1243) Concurrent Mark From Roots 771.848ms
[4388.334s][info][gc,marking     ] GC(1243) Concurrent Preclean
[4388.335s][info][gc,marking     ] GC(1243) Concurrent Preclean 0.189ms
[4388.335s][info][gc,start       ] GC(1243) Pause Remark
[4388.340s][info][gc             ] GC(1243) Pause Remark 2248M->2248M(4096M) 4.815ms
[4388.340s][info][gc,cpu         ] GC(1243) User=0.02s Sys=0.00s Real=0.00s
[4388.342s][info][gc,marking     ] GC(1243) Concurrent Mark 779.032ms
[4388.342s][info][gc,marking     ] GC(1243) Concurrent Rebuild Remembered Sets and Scrub Regions
[4388.570s][info][gc,marking     ] GC(1243) Concurrent Rebuild Remembered Sets and Scrub Regions 228.170ms
[4388.573s][info][gc,start       ] GC(1243) Pause Cleanup
[4388.573s][info][gc             ] GC(1243) Pause Cleanup 2448M->2448M(4096M) 0.146ms
[4388.573s][info][gc,cpu         ] GC(1243) User=0.00s Sys=0.00s Real=0.00s
[4388.573s][info][gc,marking     ] GC(1243) Concurrent Clear Claimed Marks
[4388.574s][info][gc,marking     ] GC(1243) Concurrent Clear Claimed Marks 0.036ms
[4388.574s][info][gc,marking     ] GC(1243) Concurrent Cleanup for Next Mark
[4388.583s][info][gc,marking     ] GC(1243) Concurrent Cleanup for Next Mark 9.472ms
[4388.583s][info][gc             ] GC(1243) Concurrent Mark Cycle 1168.324ms
.[4389.646s][info][gc,start       ] GC(1244) Pause Young (Prepare Mixed) (G1 Evacuation Pause)
[4389.646s][info][gc,task        ] GC(1244) Using 6 workers of 6 for evacuation
[4389.763s][info][gc,phases      ] GC(1244)   Pre Evacuate Collection Set: 0.35ms
[4389.763s][info][gc,phases      ] GC(1244)   Merge Heap Roots: 0.50ms
[4389.763s][info][gc,phases      ] GC(1244)   Evacuate Collection Set: 114.40ms
[4389.763s][info][gc,phases      ] GC(1244)   Post Evacuate Collection Set: 0.94ms
[4389.763s][info][gc,phases      ] GC(1244)   Other: 0.09ms
[4389.763s][info][gc,heap        ] GC(1244) Eden regions: 1113->0(1113)
[4389.763s][info][gc,heap        ] GC(1244) Survivor regions: 115->108(154)
[4389.763s][info][gc,heap        ] GC(1244) Old regions: 504->536
[4389.763s][info][gc,heap        ] GC(1244) Humongous regions: 80->80
[4389.763s][info][gc,metaspace   ] GC(1244) Metaspace: 28922K(29312K)->28922K(29312K) NonClass: 24053K(24256K)->24053K(24256K) Class: 4868K(5056K)->4868K(5056K)
[4389.763s][info][gc             ] GC(1244) Pause Young (Prepare Mixed) (G1 Evacuation Pause) 3622M->1445M(4096M) 116.451ms
[4389.763s][info][gc,cpu         ] GC(1244) User=0.69s Sys=0.00s Real=0.12s
...[4392.059s][info][gc,start       ] GC(1245) Pause Young (Mixed) (G1 Evacuation Pause)
[4392.059s][info][gc,task        ] GC(1245) Using 6 workers of 6 for evacuation
[4392.195s][info][gc,phases      ] GC(1245)   Pre Evacuate Collection Set: 0.38ms
[4392.195s][info][gc,phases      ] GC(1245)   Merge Heap Roots: 0.69ms
[4392.195s][info][gc,phases      ] GC(1245)   Evacuate Collection Set: 134.31ms
[4392.195s][info][gc,phases      ] GC(1245)   Post Evacuate Collection Set: 0.98ms
[4392.195s][info][gc,phases      ] GC(1245)   Other: 0.09ms
[4392.195s][info][gc,heap        ] GC(1245) Eden regions: 1113->0(1117)
[4392.195s][info][gc,heap        ] GC(1245) Survivor regions: 108->111(153)
[4392.195s][info][gc,heap        ] GC(1245) Old regions: 536->473
[4392.195s][info][gc,heap        ] GC(1245) Humongous regions: 80->80
[4392.195s][info][gc,metaspace   ] GC(1245) Metaspace: 28922K(29312K)->28922K(29312K) NonClass: 24053K(24256K)->24053K(24256K) Class: 4868K(5056K)->4868K(5056K)
[4392.195s][info][gc             ] GC(1245) Pause Young (Mixed) (G1 Evacuation Pause) 3671M->1327M(4096M) 136.577ms
[4392.195s][info][gc,cpu         ] GC(1245) User=0.80s Sys=0.00s Real=0.14s
..[4394.440s][info][gc,start       ] GC(1246) Pause Young (Concurrent Start) (G1 Evacuation Pause)
[4394.440s][info][gc,task        ] GC(1246) Using 6 workers of 6 for evacuation
[4394.554s][info][gc,phases      ] GC(1246)   Pre Evacuate Collection Set: 0.46ms
[4394.554s][info][gc,phases      ] GC(1246)   Merge Heap Roots: 0.48ms
[4394.554s][info][gc,phases      ] GC(1246)   Evacuate Collection Set: 112.12ms
[4394.554s][info][gc,phases      ] GC(1246)   Post Evacuate Collection Set: 0.88ms
[4394.554s][info][gc,phases      ] GC(1246)   Other: 0.14ms
[4394.554s][info][gc,heap        ] GC(1246) Eden regions: 1117->0(1122)
[4394.554s][info][gc,heap        ] GC(1246) Survivor regions: 111->106(154)
[4394.554s][info][gc,heap        ] GC(1246) Old regions: 473->505
[4394.554s][info][gc,heap        ] GC(1246) Humongous regions: 80->80
[4394.554s][info][gc,metaspace   ] GC(1246) Metaspace: 28922K(29312K)->28922K(29312K) NonClass: 24053K(24256K)->24053K(24256K) Class: 4868K(5056K)->4868K(5056K)
[4394.554s][info][gc             ] GC(1246) Pause Young (Concurrent Start) (G1 Evacuation Pause) 3561M->1381M(4096M) 114.227ms
[4394.554s][info][gc             ] GC(1247) Concurrent Mark Cycle
[4394.554s][info][gc,marking     ] GC(1247) Concurrent Scan Root Regions
[4394.554s][info][gc,cpu         ] GC(1246) User=0.67s Sys=0.00s Real=0.12s
[4394.704s][info][gc,marking     ] GC(1247) Concurrent Scan Root Regions 149.562ms
[4394.704s][info][gc,marking     ] GC(1247) Concurrent Mark
[4394.704s][info][gc,marking     ] GC(1247) Concurrent Mark From Roots
[4394.704s][info][gc,task        ] GC(1247) Using 2 workers of 2 for marking
.[4395.403s][info][gc,marking     ] GC(1247) Concurrent Mark From Roots 699.250ms
[4395.403s][info][gc,marking     ] GC(1247) Concurrent Preclean
[4395.404s][info][gc,marking     ] GC(1247) Concurrent Preclean 0.176ms
[4395.406s][info][gc,start       ] GC(1247) Pause Remark
[4395.411s][info][gc             ] GC(1247) Pause Remark 2143M->2143M(4096M) 5.195ms
[4395.411s][info][gc,cpu         ] GC(1247) User=0.03s Sys=0.00s Real=0.00s
[4395.411s][info][gc,marking     ] GC(1247) Concurrent Mark 707.047ms
[4395.411s][info][gc,marking     ] GC(1247) Concurrent Rebuild Remembered Sets and Scrub Regions
[4395.785s][info][gc,marking     ] GC(1247) Concurrent Rebuild Remembered Sets and Scrub Regions 373.705ms
[4395.785s][info][gc,start       ] GC(1247) Pause Cleanup
[4395.785s][info][gc             ] GC(1247) Pause Cleanup 2565M->2565M(4096M) 0.175ms
[4395.785s][info][gc,cpu         ] GC(1247) User=0.00s Sys=0.00s Real=0.00s
[4395.785s][info][gc,marking     ] GC(1247) Concurrent Clear Claimed Marks
[4395.785s][info][gc,marking     ] GC(1247) Concurrent Clear Claimed Marks 0.026ms
[4395.785s][info][gc,marking     ] GC(1247) Concurrent Cleanup for Next Mark
[4395.791s][info][gc,marking     ] GC(1247) Concurrent Cleanup for Next Mark 5.194ms
[4395.791s][info][gc             ] GC(1247) Concurrent Mark Cycle 1236.164ms
.[4396.871s][info][gc,start       ] GC(1248) Pause Young (Prepare Mixed) (G1 Evacuation Pause)
[4396.871s][info][gc,task        ] GC(1248) Using 6 workers of 6 for evacuation
[4396.987s][info][gc,phases      ] GC(1248)   Pre Evacuate Collection Set: 0.35ms
[4396.987s][info][gc,phases      ] GC(1248)   Merge Heap Roots: 0.45ms
[4396.987s][info][gc,phases      ] GC(1248)   Evacuate Collection Set: 114.26ms
[4396.987s][info][gc,phases      ] GC(1248)   Post Evacuate Collection Set: 0.95ms
[4396.987s][info][gc,phases      ] GC(1248)   Other: 0.09ms
[4396.987s][info][gc,heap        ] GC(1248) Eden regions: 1122->0(1112)
[4396.987s][info][gc,heap        ] GC(1248) Survivor regions: 106->108(154)
[4396.987s][info][gc,heap        ] GC(1248) Old regions: 505->537
[4396.987s][info][gc,heap        ] GC(1248) Humongous regions: 80->80
[4396.987s][info][gc,metaspace   ] GC(1248) Metaspace: 28922K(29312K)->28922K(29312K) NonClass: 24053K(24256K)->24053K(24256K) Class: 4868K(5056K)->4868K(5056K)
[4396.987s][info][gc             ] GC(1248) Pause Young (Prepare Mixed) (G1 Evacuation Pause) 3625M->1449M(4096M) 116.231ms
[4396.987s][info][gc,cpu         ] GC(1248) User=0.69s Sys=0.00s Real=0.12s
...[4399.215s][info][gc,start       ] GC(1249) Pause Young (Mixed) (G1 Evacuation Pause)
[4399.215s][info][gc,task        ] GC(1249) Using 6 workers of 6 for evacuation
[4399.354s][info][gc,phases      ] GC(1249)   Pre Evacuate Collection Set: 0.37ms
[4399.354s][info][gc,phases      ] GC(1249)   Merge Heap Roots: 0.66ms
[4399.354s][info][gc,phases      ] GC(1249)   Evacuate Collection Set: 136.68ms
[4399.354s][info][gc,phases      ] GC(1249)   Post Evacuate Collection Set: 0.96ms
[4399.354s][info][gc,phases      ] GC(1249)   Other: 0.09ms
[4399.354s][info][gc,heap        ] GC(1249) Eden regions: 1112->0(1114)
[4399.354s][info][gc,heap        ] GC(1249) Survivor regions: 108->114(153)
[4399.354s][info][gc,heap        ] GC(1249) Old regions: 537->475
[4399.354s][info][gc,heap        ] GC(1249) Humongous regions: 80->80
[4399.354s][info][gc,metaspace   ] GC(1249) Metaspace: 28922K(29312K)->28922K(29312K) NonClass: 24053K(24256K)->24053K(24256K) Class: 4868K(5056K)->4868K(5056K)
[4399.354s][info][gc             ] GC(1249) Pause Young (Mixed) (G1 Evacuation Pause) 3673M->1336M(4096M) 138.892ms
[4399.354s][info][gc,cpu         ] GC(1249) User=0.82s Sys=0.00s Real=0.14s
..[4401.601s][info][gc,start       ] GC(1250) Pause Young (Concurrent Start) (G1 Evacuation Pause)
[4401.602s][info][gc,task        ] GC(1250) Using 6 workers of 6 for evacuation
[4401.720s][info][gc,phases      ] GC(1250)   Pre Evacuate Collection Set: 0.36ms
[4401.720s][info][gc,phases      ] GC(1250)   Merge Heap Roots: 0.45ms
[4401.720s][info][gc,phases      ] GC(1250)   Evacuate Collection Set: 116.56ms
[4401.720s][info][gc,phases      ] GC(1250)   Post Evacuate Collection Set: 0.90ms
[4401.720s][info][gc,phases      ] GC(1250)   Other: 0.11ms
[4401.720s][info][gc,heap        ] GC(1250) Eden regions: 1114->0(1117)
[4401.720s][info][gc,heap        ] GC(1250) Survivor regions: 114->111(154)
[4401.720s][info][gc,heap        ] GC(1250) Old regions: 475->507
[4401.720s][info][gc,heap        ] GC(1250) Humongous regions: 80->80
[4401.720s][info][gc,metaspace   ] GC(1250) Metaspace: 28922K(29312K)->28922K(29312K) NonClass: 24053K(24256K)->24053K(24256K) Class: 4868K(5056K)->4868K(5056K)
[4401.720s][info][gc             ] GC(1250) Pause Young (Concurrent Start) (G1 Evacuation Pause) 3564M->1394M(4096M) 118.511ms
[4401.720s][info][gc             ] GC(1251) Concurrent Mark Cycle
[4401.720s][info][gc,marking     ] GC(1251) Concurrent Scan Root Regions
[4401.720s][info][gc,cpu         ] GC(1250) User=0.70s Sys=0.00s Real=0.12s
[4401.906s][info][gc,marking     ] GC(1251) Concurrent Scan Root Regions 185.536ms
[4401.906s][info][gc,marking     ] GC(1251) Concurrent Mark
[4401.906s][info][gc,marking     ] GC(1251) Concurrent Mark From Roots
[4401.906s][info][gc,task        ] GC(1251) Using 2 workers of 2 for marking
.[4402.864s][info][gc,marking     ] GC(1251) Concurrent Mark From Roots 958.327ms
[4402.864s][info][gc,marking     ] GC(1251) Concurrent Preclean
[4402.864s][info][gc,marking     ] GC(1251) Concurrent Preclean 0.194ms
[4402.865s][info][gc,start       ] GC(1251) Pause Remark
[4402.868s][info][gc             ] GC(1251) Pause Remark 2478M->2478M(4096M) 3.181ms
[4402.868s][info][gc,cpu         ] GC(1251) User=0.02s Sys=0.00s Real=0.00s
[4402.868s][info][gc,marking     ] GC(1251) Concurrent Mark 962.763ms
[4402.868s][info][gc,marking     ] GC(1251) Concurrent Rebuild Remembered Sets and Scrub Regions
.[4403.178s][info][gc,marking     ] GC(1251) Concurrent Rebuild Remembered Sets and Scrub Regions 309.297ms
[4403.178s][info][gc,start       ] GC(1251) Pause Cleanup
[4403.178s][info][gc             ] GC(1251) Pause Cleanup 2742M->2742M(4096M) 0.118ms
[4403.178s][info][gc,cpu         ] GC(1251) User=0.00s Sys=0.00s Real=0.00s
[4403.178s][info][gc,marking     ] GC(1251) Concurrent Clear Claimed Marks
[4403.178s][info][gc,marking     ] GC(1251) Concurrent Clear Claimed Marks 0.036ms
[4403.178s][info][gc,marking     ] GC(1251) Concurrent Cleanup for Next Mark
[4403.184s][info][gc,marking     ] GC(1251) Concurrent Cleanup for Next Mark 5.217ms
[4403.184s][info][gc             ] GC(1251) Concurrent Mark Cycle 1463.613ms
[4403.928s][info][gc,start       ] GC(1252) Pause Young (Prepare Mixed) (G1 Evacuation Pause)
[4403.928s][info][gc,task        ] GC(1252) Using 6 workers of 6 for evacuation
[4404.045s][info][gc,phases      ] GC(1252)   Pre Evacuate Collection Set: 0.36ms
[4404.045s][info][gc,phases      ] GC(1252)   Merge Heap Roots: 0.53ms
[4404.045s][info][gc,phases      ] GC(1252)   Evacuate Collection Set: 115.06ms
[4404.045s][info][gc,phases      ] GC(1252)   Post Evacuate Collection Set: 0.96ms
[4404.045s][info][gc,phases      ] GC(1252)   Other: 0.09ms
[4404.045s][info][gc,heap        ] GC(1252) Eden regions: 1117->0(1108)
[4404.045s][info][gc,heap        ] GC(1252) Survivor regions: 111->109(154)
[4404.045s][info][gc,heap        ] GC(1252) Old regions: 507->539
[4404.045s][info][gc,heap        ] GC(1252) Humongous regions: 80->80
[4404.045s][info][gc,metaspace   ] GC(1252) Metaspace: 28922K(29312K)->28922K(29312K) NonClass: 24053K(24256K)->24053K(24256K) Class: 4868K(5056K)->4868K(5056K)
[4404.045s][info][gc             ] GC(1252) Pause Young (Prepare Mixed) (G1 Evacuation Pause) 3628M->1453M(4096M) 117.124ms
[4404.045s][info][gc,cpu         ] GC(1252) User=0.69s Sys=0.00s Real=0.12s
...[4406.360s][info][gc,start       ] GC(1253) Pause Young (Mixed) (G1 Evacuation Pause)
[4406.360s][info][gc,task        ] GC(1253) Using 6 workers of 6 for evacuation
[4406.491s][info][gc,phases      ] GC(1253)   Pre Evacuate Collection Set: 0.39ms
[4406.491s][info][gc,phases      ] GC(1253)   Merge Heap Roots: 0.67ms
[4406.491s][info][gc,phases      ] GC(1253)   Evacuate Collection Set: 128.23ms
[4406.491s][info][gc,phases      ] GC(1253)   Post Evacuate Collection Set: 0.95ms
[4406.491s][info][gc,phases      ] GC(1253)   Other: 0.09ms
[4406.491s][info][gc,heap        ] GC(1253) Eden regions: 1108->0(1121)
[4406.491s][info][gc,heap        ] GC(1253) Survivor regions: 109->107(153)
[4406.491s][info][gc,heap        ] GC(1253) Old regions: 539->474
[4406.491s][info][gc,heap        ] GC(1253) Humongous regions: 80->80
[4406.491s][info][gc,metaspace   ] GC(1253) Metaspace: 28922K(29312K)->28922K(29312K) NonClass: 24053K(24256K)->24053K(24256K) Class: 4868K(5056K)->4868K(5056K)
[4406.491s][info][gc             ] GC(1253) Pause Young (Mixed) (G1 Evacuation Pause) 3669M->1321M(4096M) 130.452ms
[4406.491s][info][gc,cpu         ] GC(1253) User=0.77s Sys=0.00s Real=0.13s
..[4408.706s][info][gc,start       ] GC(1254) Pause Young (Concurrent Start) (G1 Evacuation Pause)
[4408.706s][info][gc,task        ] GC(1254) Using 6 workers of 6 for evacuation
[4408.821s][info][gc,phases      ] GC(1254)   Pre Evacuate Collection Set: 0.38ms
[4408.821s][info][gc,phases      ] GC(1254)   Merge Heap Roots: 0.46ms
[4408.821s][info][gc,phases      ] GC(1254)   Evacuate Collection Set: 113.42ms
[4408.821s][info][gc,phases      ] GC(1254)   Post Evacuate Collection Set: 0.90ms
[4408.821s][info][gc,phases      ] GC(1254)   Other: 0.12ms
[4408.821s][info][gc,heap        ] GC(1254) Eden regions: 1121->0(1118)
[4408.821s][info][gc,heap        ] GC(1254) Survivor regions: 107->110(154)
[4408.821s][info][gc,heap        ] GC(1254) Old regions: 474->506
[4408.821s][info][gc,heap        ] GC(1254) Humongous regions: 80->80
[4408.821s][info][gc,metaspace   ] GC(1254) Metaspace: 28922K(29312K)->28922K(29312K) NonClass: 24053K(24256K)->24053K(24256K) Class: 4868K(5056K)->4868K(5056K)
[4408.821s][info][gc             ] GC(1254) Pause Young (Concurrent Start) (G1 Evacuation Pause) 3563M->1390M(4096M) 115.425ms
[4408.821s][info][gc             ] GC(1255) Concurrent Mark Cycle
[4408.821s][info][gc,marking     ] GC(1255) Concurrent Scan Root Regions
[4408.821s][info][gc,cpu         ] GC(1254) User=0.69s Sys=0.00s Real=0.11s
[4409.012s][info][gc,marking     ] GC(1255) Concurrent Scan Root Regions 190.833ms
[4409.012s][info][gc,marking     ] GC(1255) Concurrent Mark
[4409.012s][info][gc,marking     ] GC(1255) Concurrent Mark From Roots
[4409.012s][info][gc,task        ] GC(1255) Using 2 workers of 2 for marking
.[4410.048s][info][gc,marking     ] GC(1255) Concurrent Mark From Roots 1036.234ms
[4410.048s][info][gc,marking     ] GC(1255) Concurrent Preclean
[4410.048s][info][gc,marking     ] GC(1255) Concurrent Preclean 0.162ms
[4410.051s][info][gc,start       ] GC(1255) Pause Remark
[4410.057s][info][gc             ] GC(1255) Pause Remark 2562M->2562M(4096M) 6.197ms
[4410.057s][info][gc,cpu         ] GC(1255) User=0.04s Sys=0.00s Real=0.01s
[4410.057s][info][gc,marking     ] GC(1255) Concurrent Mark 1045.192ms
[4410.057s][info][gc,marking     ] GC(1255) Concurrent Rebuild Remembered Sets and Scrub Regions
. (rIR:aIR:PR = 7887:7858:7857) (tPR = 117485) [OK] 
  4409s: Performance info:
         Transaction,    Success,    Partial,     Failed,   Receipts, AvgBarcode, 
             Overall,     476668,          0,          0,     452823,      59.48, 
         Response times:
             Request,    Success,    Partial,     Failed,   SkipFail,     Probes,    Samples,      min,      p50,      p90,      p95,      p99,      max, 
       TotalPurchase,     452905,          0,          0,          0,     355037,     399984,      300,     7000,   102000,   139000,   199000,   404000,
     InStorePurchase,     237780,          0,          0,          0,     186683,     209667,      300,     7000,   102000,   139000,   200000,   404000,
      OnlinePurchase,     167508,          0,          0,          0,     130498,     147443,      300,     7100,   103000,   139000,   200000,   355000,
        InstPurchase,      47617,          0,          0,          0,      37856,      42874,      300,     6900,   102000,   138000,   195000,   348000,
          AssocOfCat,        478,          0,          0,          0,        407,        537,    24000,    47000,   159600,   195400,   224000,   290000,
      AssocOfProduct,       4776,          0,          0,          0,       4503,       5305,      500,     5200,    99000,   137700,   194000,   291000,
      BusinessReport,       1197,          0,          0,          0,       1041,       1248,    27000,    50000,   166000,   205650,   251020,   358000,
          CustBuyBeh,       4775,          0,          0,          0,       4495,       5197,      300,     7200,   109000,   146000,   208040,   341000,
       ProductReturn,      12615,          0,          0,          0,       9656,      11124,      200,     5500,   100000,   136000,   195000,   285000,

  4409s: (58%)   IR =   8025 [4410.328s][info][gc,marking     ] GC(1255) Concurrent Rebuild Remembered Sets and Scrub Regions 270.599ms
[4410.328s][info][gc,start       ] GC(1255) Pause Cleanup
[4410.328s][info][gc             ] GC(1255) Pause Cleanup 2793M->2793M(4096M) 0.114ms
[4410.328s][info][gc,cpu         ] GC(1255) User=0.00s Sys=0.00s Real=0.00s
[4410.328s][info][gc,marking     ] GC(1255) Concurrent Clear Claimed Marks
[4410.328s][info][gc,marking     ] GC(1255) Concurrent Clear Claimed Marks 0.021ms
[4410.328s][info][gc,marking     ] GC(1255) Concurrent Cleanup for Next Mark
[4410.333s][info][gc,marking     ] GC(1255) Concurrent Cleanup for Next Mark 4.881ms
[4410.333s][info][gc             ] GC(1255) Concurrent Mark Cycle 1511.994ms
[4411.229s][info][gc,start       ] GC(1256) Pause Young (Prepare Mixed) (G1 Evacuation Pause)
[4411.229s][info][gc,task        ] GC(1256) Using 6 workers of 6 for evacuation
[4411.350s][info][gc,phases      ] GC(1256)   Pre Evacuate Collection Set: 0.37ms
[4411.350s][info][gc,phases      ] GC(1256)   Merge Heap Roots: 0.50ms
[4411.350s][info][gc,phases      ] GC(1256)   Evacuate Collection Set: 118.81ms
[4411.350s][info][gc,phases      ] GC(1256)   Post Evacuate Collection Set: 0.94ms
[4411.350s][info][gc,phases      ] GC(1256)   Other: 0.09ms
[4411.350s][info][gc,heap        ] GC(1256) Eden regions: 1118->0(1102)
[4411.350s][info][gc,heap        ] GC(1256) Survivor regions: 110->113(154)
[4411.350s][info][gc,heap        ] GC(1256) Old regions: 506->537
[4411.350s][info][gc,heap        ] GC(1256) Humongous regions: 80->80
[4411.350s][info][gc,metaspace   ] GC(1256) Metaspace: 28923K(29312K)->28923K(29312K) NonClass: 24054K(24256K)->24054K(24256K) Class: 4868K(5056K)->4868K(5056K)
[4411.350s][info][gc             ] GC(1256) Pause Young (Prepare Mixed) (G1 Evacuation Pause) 3626M->1458M(4096M) 120.832ms
[4411.350s][info][gc,cpu         ] GC(1256) User=0.71s Sys=0.00s Real=0.12s
...[4413.567s][info][gc,start       ] GC(1257) Pause Young (Mixed) (G1 Evacuation Pause)
[4413.567s][info][gc,task        ] GC(1257) Using 6 workers of 6 for evacuation
[4413.705s][info][gc,phases      ] GC(1257)   Pre Evacuate Collection Set: 0.39ms
[4413.705s][info][gc,phases      ] GC(1257)   Merge Heap Roots: 0.66ms
[4413.705s][info][gc,phases      ] GC(1257)   Evacuate Collection Set: 135.27ms
[4413.705s][info][gc,phases      ] GC(1257)   Post Evacuate Collection Set: 0.95ms
[4413.705s][info][gc,phases      ] GC(1257)   Other: 0.09ms
[4413.705s][info][gc,heap        ] GC(1257) Eden regions: 1102->0(1115)
[4413.705s][info][gc,heap        ] GC(1257) Survivor regions: 113->113(152)
[4413.705s][info][gc,heap        ] GC(1257) Old regions: 537->474
[4413.705s][info][gc,heap        ] GC(1257) Humongous regions: 80->80
[4413.705s][info][gc,metaspace   ] GC(1257) Metaspace: 28923K(29312K)->28923K(29312K) NonClass: 24054K(24256K)->24054K(24256K) Class: 4868K(5056K)->4868K(5056K)
[4413.705s][info][gc             ] GC(1257) Pause Young (Mixed) (G1 Evacuation Pause) 3662M->1332M(4096M) 137.501ms
[4413.705s][info][gc,cpu         ] GC(1257) User=0.81s Sys=0.00s Real=0.14s
..[4415.887s][info][gc,start       ] GC(1258) Pause Young (Concurrent Start) (G1 Evacuation Pause)
[4415.887s][info][gc,task        ] GC(1258) Using 6 workers of 6 for evacuation
[4416.005s][info][gc,phases      ] GC(1258)   Pre Evacuate Collection Set: 0.39ms
[4416.005s][info][gc,phases      ] GC(1258)   Merge Heap Roots: 0.48ms
[4416.005s][info][gc,phases      ] GC(1258)   Evacuate Collection Set: 116.55ms
[4416.005s][info][gc,phases      ] GC(1258)   Post Evacuate Collection Set: 0.88ms
[4416.005s][info][gc,phases      ] GC(1258)   Other: 0.10ms
[4416.005s][info][gc,heap        ] GC(1258) Eden regions: 1115->0(1118)
[4416.005s][info][gc,heap        ] GC(1258) Survivor regions: 113->110(154)
[4416.005s][info][gc,heap        ] GC(1258) Old regions: 474->507
[4416.005s][info][gc,heap        ] GC(1258) Humongous regions: 80->80
[4416.005s][info][gc,metaspace   ] GC(1258) Metaspace: 28923K(29312K)->28923K(29312K) NonClass: 24054K(24256K)->24054K(24256K) Class: 4868K(5056K)->4868K(5056K)
[4416.005s][info][gc             ] GC(1258) Pause Young (Concurrent Start) (G1 Evacuation Pause) 3562M->1391M(4096M) 118.532ms
[4416.005s][info][gc             ] GC(1259) Concurrent Mark Cycle
[4416.006s][info][gc,marking     ] GC(1259) Concurrent Scan Root Regions
[4416.006s][info][gc,cpu         ] GC(1258) User=0.70s Sys=0.00s Real=0.12s
[4416.190s][info][gc,marking     ] GC(1259) Concurrent Scan Root Regions 184.268ms
[4416.190s][info][gc,marking     ] GC(1259) Concurrent Mark
[4416.190s][info][gc,marking     ] GC(1259) Concurrent Mark From Roots
[4416.190s][info][gc,task        ] GC(1259) Using 2 workers of 2 for marking
.[4417.204s][info][gc,marking     ] GC(1259) Concurrent Mark From Roots 1014.455ms
[4417.204s][info][gc,marking     ] GC(1259) Concurrent Preclean
[4417.205s][info][gc,marking     ] GC(1259) Concurrent Preclean 0.190ms
[4417.206s][info][gc,start       ] GC(1259) Pause Remark
[4417.211s][info][gc             ] GC(1259) Pause Remark 2467M->2467M(4096M) 5.064ms
[4417.211s][info][gc,cpu         ] GC(1259) User=0.03s Sys=0.00s Real=0.00s
[4417.211s][info][gc,marking     ] GC(1259) Concurrent Mark 1021.088ms
[4417.211s][info][gc,marking     ] GC(1259) Concurrent Rebuild Remembered Sets and Scrub Regions
.[4417.582s][info][gc,marking     ] GC(1259) Concurrent Rebuild Remembered Sets and Scrub Regions 370.559ms
[4417.585s][info][gc,start       ] GC(1259) Pause Cleanup
[4417.585s][info][gc             ] GC(1259) Pause Cleanup 2901M->2901M(4096M) 0.136ms
[4417.585s][info][gc,cpu         ] GC(1259) User=0.00s Sys=0.00s Real=0.00s
[4417.585s][info][gc,marking     ] GC(1259) Concurrent Clear Claimed Marks
[4417.585s][info][gc,marking     ] GC(1259) Concurrent Clear Claimed Marks 0.029ms
[4417.585s][info][gc,marking     ] GC(1259) Concurrent Cleanup for Next Mark
[4417.595s][info][gc,marking     ] GC(1259) Concurrent Cleanup for Next Mark 9.776ms
[4417.595s][info][gc             ] GC(1259) Concurrent Mark Cycle 1589.140ms
[4418.206s][info][gc,start       ] GC(1260) Pause Young (Prepare Mixed) (G1 Evacuation Pause)
[4418.206s][info][gc,task        ] GC(1260) Using 6 workers of 6 for evacuation
[4418.327s][info][gc,phases      ] GC(1260)   Pre Evacuate Collection Set: 0.33ms
[4418.327s][info][gc,phases      ] GC(1260)   Merge Heap Roots: 0.56ms
[4418.327s][info][gc,phases      ] GC(1260)   Evacuate Collection Set: 119.57ms
[4418.327s][info][gc,phases      ] GC(1260)   Post Evacuate Collection Set: 0.94ms
[4418.327s][info][gc,phases      ] GC(1260)   Other: 0.09ms
[4418.327s][info][gc,heap        ] GC(1260) Eden regions: 1118->0(1103)
[4418.327s][info][gc,heap        ] GC(1260) Survivor regions: 110->112(154)
[4418.327s][info][gc,heap        ] GC(1260) Old regions: 507->538
[4418.327s][info][gc,heap        ] GC(1260) Humongous regions: 80->80
[4418.327s][info][gc,metaspace   ] GC(1260) Metaspace: 28923K(29312K)->28923K(29312K) NonClass: 24054K(24256K)->24054K(24256K) Class: 4868K(5056K)->4868K(5056K)
[4418.327s][info][gc             ] GC(1260) Pause Young (Prepare Mixed) (G1 Evacuation Pause) 3627M->1459M(4096M) 121.657ms
[4418.327s][info][gc,cpu         ] GC(1260) User=0.72s Sys=0.00s Real=0.12s
..[4420.448s][info][gc,start       ] GC(1261) Pause Young (Mixed) (G1 Evacuation Pause)
[4420.448s][info][gc,task        ] GC(1261) Using 6 workers of 6 for evacuation
[4420.581s][info][gc,phases      ] GC(1261)   Pre Evacuate Collection Set: 0.38ms
[4420.581s][info][gc,phases      ] GC(1261)   Merge Heap Roots: 0.65ms
[4420.581s][info][gc,phases      ] GC(1261)   Evacuate Collection Set: 131.17ms
[4420.581s][info][gc,phases      ] GC(1261)   Post Evacuate Collection Set: 0.93ms
[4420.581s][info][gc,phases      ] GC(1261)   Other: 0.09ms
[4420.581s][info][gc,heap        ] GC(1261) Eden regions: 1103->0(1119)
[4420.581s][info][gc,heap        ] GC(1261) Survivor regions: 112->109(152)
[4420.581s][info][gc,heap        ] GC(1261) Old regions: 538->476
[4420.581s][info][gc,heap        ] GC(1261) Humongous regions: 80->80
[4420.581s][info][gc,metaspace   ] GC(1261) Metaspace: 28923K(29312K)->28923K(29312K) NonClass: 24054K(24256K)->24054K(24256K) Class: 4868K(5056K)->4868K(5056K)
[4420.581s][info][gc             ] GC(1261) Pause Young (Mixed) (G1 Evacuation Pause) 3665M->1327M(4096M) 133.344ms
[4420.581s][info][gc,cpu         ] GC(1261) User=0.79s Sys=0.00s Real=0.13s
...[4422.866s][info][gc,start       ] GC(1262) Pause Young (Concurrent Start) (G1 Evacuation Pause)
[4422.866s][info][gc,task        ] GC(1262) Using 6 workers of 6 for evacuation
[4422.986s][info][gc,phases      ] GC(1262)   Pre Evacuate Collection Set: 0.43ms
[4422.986s][info][gc,phases      ] GC(1262)   Merge Heap Roots: 0.45ms
[4422.986s][info][gc,phases      ] GC(1262)   Evacuate Collection Set: 117.87ms
[4422.986s][info][gc,phases      ] GC(1262)   Post Evacuate Collection Set: 0.90ms
[4422.986s][info][gc,phases      ] GC(1262)   Other: 0.11ms
[4422.986s][info][gc,heap        ] GC(1262) Eden regions: 1119->0(1116)
[4422.986s][info][gc,heap        ] GC(1262) Survivor regions: 109->112(154)
[4422.986s][info][gc,heap        ] GC(1262) Old regions: 476->508
[4422.986s][info][gc,heap        ] GC(1262) Humongous regions: 80->80
[4422.986s][info][gc,metaspace   ] GC(1262) Metaspace: 28923K(29312K)->28923K(29312K) NonClass: 24054K(24256K)->24054K(24256K) Class: 4868K(5056K)->4868K(5056K)
[4422.986s][info][gc             ] GC(1262) Pause Young (Concurrent Start) (G1 Evacuation Pause) 3565M->1398M(4096M) 119.882ms
[4422.986s][info][gc             ] GC(1263) Concurrent Mark Cycle
[4422.986s][info][gc,marking     ] GC(1263) Concurrent Scan Root Regions
[4422.986s][info][gc,cpu         ] GC(1262) User=0.71s Sys=0.00s Real=0.12s
[4423.178s][info][gc,marking     ] GC(1263) Concurrent Scan Root Regions 191.568ms
[4423.178s][info][gc,marking     ] GC(1263) Concurrent Mark
[4423.178s][info][gc,marking     ] GC(1263) Concurrent Mark From Roots
[4423.178s][info][gc,task        ] GC(1263) Using 2 workers of 2 for marking
.[4424.192s][info][gc,marking     ] GC(1263) Concurrent Mark From Roots 1013.492ms
[4424.192s][info][gc,marking     ] GC(1263) Concurrent Preclean
[4424.192s][info][gc,marking     ] GC(1263) Concurrent Preclean 0.192ms
[4424.192s][info][gc,start       ] GC(1263) Pause Remark
[4424.198s][info][gc             ] GC(1263) Pause Remark 2528M->2528M(4096M) 6.025ms
[4424.198s][info][gc,cpu         ] GC(1263) User=0.03s Sys=0.00s Real=0.01s
[4424.198s][info][gc,marking     ] GC(1263) Concurrent Mark 1020.047ms
[4424.198s][info][gc,marking     ] GC(1263) Concurrent Rebuild Remembered Sets and Scrub Regions
[4424.557s][info][gc,marking     ] GC(1263) Concurrent Rebuild Remembered Sets and Scrub Regions 359.163ms
[4424.557s][info][gc,start       ] GC(1263) Pause Cleanup
[4424.558s][info][gc             ] GC(1263) Pause Cleanup 2916M->2916M(4096M) 0.127ms
[4424.558s][info][gc,cpu         ] GC(1263) User=0.00s Sys=0.00s Real=0.00s
[4424.558s][info][gc,marking     ] GC(1263) Concurrent Clear Claimed Marks
[4424.558s][info][gc,marking     ] GC(1263) Concurrent Clear Claimed Marks 0.051ms
[4424.558s][info][gc,marking     ] GC(1263) Concurrent Cleanup for Next Mark
[4424.563s][info][gc,marking     ] GC(1263) Concurrent Cleanup for Next Mark 4.922ms
[4424.563s][info][gc             ] GC(1263) Concurrent Mark Cycle 1576.499ms
.[4425.283s][info][gc,start       ] GC(1264) Pause Young (Prepare Mixed) (G1 Evacuation Pause)
[4425.283s][info][gc,task        ] GC(1264) Using 6 workers of 6 for evacuation
[4425.402s][info][gc,phases      ] GC(1264)   Pre Evacuate Collection Set: 0.34ms
[4425.402s][info][gc,phases      ] GC(1264)   Merge Heap Roots: 0.50ms
[4425.402s][info][gc,phases      ] GC(1264)   Evacuate Collection Set: 117.04ms
[4425.402s][info][gc,phases      ] GC(1264)   Post Evacuate Collection Set: 0.95ms
[4425.402s][info][gc,phases      ] GC(1264)   Other: 0.09ms
[4425.402s][info][gc,heap        ] GC(1264) Eden regions: 1116->0(1102)
[4425.402s][info][gc,heap        ] GC(1264) Survivor regions: 112->112(154)
[4425.402s][info][gc,heap        ] GC(1264) Old regions: 508->539
[4425.402s][info][gc,heap        ] GC(1264) Humongous regions: 80->80
[4425.402s][info][gc,metaspace   ] GC(1264) Metaspace: 28923K(29312K)->28923K(29312K) NonClass: 24054K(24256K)->24054K(24256K) Class: 4868K(5056K)->4868K(5056K)
[4425.402s][info][gc             ] GC(1264) Pause Young (Prepare Mixed) (G1 Evacuation Pause) 3630M->1460M(4096M) 119.050ms
[4425.402s][info][gc,cpu         ] GC(1264) User=0.70s Sys=0.00s Real=0.11s
.|.[4427.571s][info][gc,start       ] GC(1265) Pause Young (Mixed) (G1 Evacuation Pause)
[4427.571s][info][gc,task        ] GC(1265) Using 6 workers of 6 for evacuation
[4427.705s][info][gc,phases      ] GC(1265)   Pre Evacuate Collection Set: 0.36ms
[4427.705s][info][gc,phases      ] GC(1265)   Merge Heap Roots: 0.59ms
[4427.705s][info][gc,phases      ] GC(1265)   Evacuate Collection Set: 131.68ms
[4427.705s][info][gc,phases      ] GC(1265)   Post Evacuate Collection Set: 0.95ms
[4427.705s][info][gc,phases      ] GC(1265)   Other: 0.13ms
[4427.705s][info][gc,heap        ] GC(1265) Eden regions: 1102->0(1119)
[4427.705s][info][gc,heap        ] GC(1265) Survivor regions: 112->109(152)
[4427.705s][info][gc,heap        ] GC(1265) Old regions: 539->475
[4427.705s][info][gc,heap        ] GC(1265) Humongous regions: 80->80
[4427.705s][info][gc,metaspace   ] GC(1265) Metaspace: 28923K(29312K)->28923K(29312K) NonClass: 24054K(24256K)->24054K(24256K) Class: 4868K(5056K)->4868K(5056K)
[4427.705s][info][gc             ] GC(1265) Pause Young (Mixed) (G1 Evacuation Pause) 3664M->1325M(4096M) 133.826ms
[4427.705s][info][gc,cpu         ] GC(1265) User=0.79s Sys=0.01s Real=0.14s
...[4429.946s][info][gc,start       ] GC(1266) Pause Young (Concurrent Start) (G1 Evacuation Pause)
[4429.946s][info][gc,task        ] GC(1266) Using 6 workers of 6 for evacuation
[4430.063s][info][gc,phases      ] GC(1266)   Pre Evacuate Collection Set: 0.39ms
[4430.063s][info][gc,phases      ] GC(1266)   Merge Heap Roots: 0.46ms
[4430.063s][info][gc,phases      ] GC(1266)   Evacuate Collection Set: 114.73ms
[4430.063s][info][gc,phases      ] GC(1266)   Post Evacuate Collection Set: 0.88ms
[4430.063s][info][gc,phases      ] GC(1266)   Other: 0.11ms
[4430.063s][info][gc,heap        ] GC(1266) Eden regions: 1119->0(1119)
[4430.063s][info][gc,heap        ] GC(1266) Survivor regions: 109->109(154)
[4430.063s][info][gc,heap        ] GC(1266) Old regions: 475->507
[4430.063s][info][gc,heap        ] GC(1266) Humongous regions: 80->80
[4430.063s][info][gc,metaspace   ] GC(1266) Metaspace: 28923K(29312K)->28923K(29312K) NonClass: 24054K(24256K)->24054K(24256K) Class: 4868K(5056K)->4868K(5056K)
[4430.063s][info][gc             ] GC(1266) Pause Young (Concurrent Start) (G1 Evacuation Pause) 3563M->1389M(4096M) 116.706ms
[4430.063s][info][gc             ] GC(1267) Concurrent Mark Cycle
[4430.063s][info][gc,marking     ] GC(1267) Concurrent Scan Root Regions
[4430.063s][info][gc,cpu         ] GC(1266) User=0.70s Sys=0.00s Real=0.12s
[4430.248s][info][gc,marking     ] GC(1267) Concurrent Scan Root Regions 185.415ms
[4430.249s][info][gc,marking     ] GC(1267) Concurrent Mark
[4430.249s][info][gc,marking     ] GC(1267) Concurrent Mark From Roots
[4430.249s][info][gc,task        ] GC(1267) Using 2 workers of 2 for marking
.[4431.232s][info][gc,marking     ] GC(1267) Concurrent Mark From Roots 982.972ms
[4431.232s][info][gc,marking     ] GC(1267) Concurrent Preclean
[4431.232s][info][gc,marking     ] GC(1267) Concurrent Preclean 0.196ms
[4431.234s][info][gc,start       ] GC(1267) Pause Remark
[4431.240s][info][gc             ] GC(1267) Pause Remark 2457M->2457M(4096M) 5.900ms
[4431.240s][info][gc,cpu         ] GC(1267) User=0.03s Sys=0.00s Real=0.00s
[4431.240s][info][gc,marking     ] GC(1267) Concurrent Mark 991.575ms
[4431.240s][info][gc,marking     ] GC(1267) Concurrent Rebuild Remembered Sets and Scrub Regions
[4431.625s][info][gc,marking     ] GC(1267) Concurrent Rebuild Remembered Sets and Scrub Regions 384.929ms
[4431.626s][info][gc,start       ] GC(1267) Pause Cleanup
[4431.626s][info][gc             ] GC(1267) Pause Cleanup 2895M->2895M(4096M) 0.120ms
[4431.626s][info][gc,cpu         ] GC(1267) User=0.00s Sys=0.00s Real=0.00s
[4431.628s][info][gc,marking     ] GC(1267) Concurrent Clear Claimed Marks
[4431.628s][info][gc,marking     ] GC(1267) Concurrent Clear Claimed Marks 0.047ms
[4431.628s][info][gc,marking     ] GC(1267) Concurrent Cleanup for Next Mark
[4431.667s][info][gc,marking     ] GC(1267) Concurrent Cleanup for Next Mark 39.175ms
[4431.667s][info][gc             ] GC(1267) Concurrent Mark Cycle 1604.321ms
.[4432.370s][info][gc,start       ] GC(1268) Pause Young (Prepare Mixed) (G1 Evacuation Pause)
[4432.370s][info][gc,task        ] GC(1268) Using 6 workers of 6 for evacuation
[4432.486s][info][gc,phases      ] GC(1268)   Pre Evacuate Collection Set: 0.34ms
[4432.486s][info][gc,phases      ] GC(1268)   Merge Heap Roots: 0.52ms
[4432.486s][info][gc,phases      ] GC(1268)   Evacuate Collection Set: 114.19ms
[4432.486s][info][gc,phases      ] GC(1268)   Post Evacuate Collection Set: 0.92ms
[4432.486s][info][gc,phases      ] GC(1268)   Other: 0.08ms
[4432.486s][info][gc,heap        ] GC(1268) Eden regions: 1119->0(1110)
[4432.486s][info][gc,heap        ] GC(1268) Survivor regions: 109->108(154)
[4432.486s][info][gc,heap        ] GC(1268) Old regions: 507->539
[4432.486s][info][gc,heap        ] GC(1268) Humongous regions: 80->80
[4432.486s][info][gc,metaspace   ] GC(1268) Metaspace: 28923K(29312K)->28923K(29312K) NonClass: 24054K(24256K)->24054K(24256K) Class: 4868K(5056K)->4868K(5056K)
[4432.486s][info][gc             ] GC(1268) Pause Young (Prepare Mixed) (G1 Evacuation Pause) 3627M->1452M(4096M) 116.182ms
[4432.486s][info][gc,cpu         ] GC(1268) User=0.68s Sys=0.00s Real=0.12s
..[4434.668s][info][gc,start       ] GC(1269) Pause Young (Mixed) (G1 Evacuation Pause)
[4434.668s][info][gc,task        ] GC(1269) Using 6 workers of 6 for evacuation
[4434.801s][info][gc,phases      ] GC(1269)   Pre Evacuate Collection Set: 0.39ms
[4434.801s][info][gc,phases      ] GC(1269)   Merge Heap Roots: 0.77ms
[4434.801s][info][gc,phases      ] GC(1269)   Evacuate Collection Set: 130.73ms
[4434.801s][info][gc,phases      ] GC(1269)   Post Evacuate Collection Set: 0.94ms
[4434.801s][info][gc,phases      ] GC(1269)   Other: 0.09ms
[4434.801s][info][gc,heap        ] GC(1269) Eden regions: 1110->0(1120)
[4434.801s][info][gc,heap        ] GC(1269) Survivor regions: 108->108(153)
[4434.801s][info][gc,heap        ] GC(1269) Old regions: 539->475
[4434.801s][info][gc,heap        ] GC(1269) Humongous regions: 80->80
[4434.801s][info][gc,metaspace   ] GC(1269) Metaspace: 28923K(29312K)->28923K(29312K) NonClass: 24054K(24256K)->24054K(24256K) Class: 4868K(5056K)->4868K(5056K)
[4434.801s][info][gc             ] GC(1269) Pause Young (Mixed) (G1 Evacuation Pause) 3672M->1324M(4096M) 133.062ms
[4434.801s][info][gc,cpu         ] GC(1269) User=0.79s Sys=0.00s Real=0.13s
...[4436.946s][info][gc,start       ] GC(1270) Pause Young (Concurrent Start) (G1 Evacuation Pause)
[4436.946s][info][gc,task        ] GC(1270) Using 6 workers of 6 for evacuation
[4437.067s][info][gc,phases      ] GC(1270)   Pre Evacuate Collection Set: 0.36ms
[4437.067s][info][gc,phases      ] GC(1270)   Merge Heap Roots: 0.44ms
[4437.067s][info][gc,phases      ] GC(1270)   Evacuate Collection Set: 118.32ms
[4437.067s][info][gc,phases      ] GC(1270)   Post Evacuate Collection Set: 0.92ms
[4437.067s][info][gc,phases      ] GC(1270)   Other: 0.11ms
[4437.067s][info][gc,heap        ] GC(1270) Eden regions: 1120->0(1117)
[4437.067s][info][gc,heap        ] GC(1270) Survivor regions: 108->111(154)
[4437.067s][info][gc,heap        ] GC(1270) Old regions: 475->507
[4437.067s][info][gc,heap        ] GC(1270) Humongous regions: 80->80
[4437.067s][info][gc,metaspace   ] GC(1270) Metaspace: 28923K(29312K)->28923K(29312K) NonClass: 24054K(24256K)->24054K(24256K) Class: 4868K(5056K)->4868K(5056K)
[4437.067s][info][gc             ] GC(1270) Pause Young (Concurrent Start) (G1 Evacuation Pause) 3564M->1395M(4096M) 120.302ms
[4437.067s][info][gc             ] GC(1271) Concurrent Mark Cycle
[4437.067s][info][gc,marking     ] GC(1271) Concurrent Scan Root Regions
[4437.067s][info][gc,cpu         ] GC(1270) User=0.72s Sys=0.00s Real=0.12s
[4437.256s][info][gc,marking     ] GC(1271) Concurrent Scan Root Regions 189.286ms
[4437.256s][info][gc,marking     ] GC(1271) Concurrent Mark
[4437.256s][info][gc,marking     ] GC(1271) Concurrent Mark From Roots
[4437.256s][info][gc,task        ] GC(1271) Using 2 workers of 2 for marking
.[4438.251s][info][gc,marking     ] GC(1271) Concurrent Mark From Roots 995.235ms
[4438.251s][info][gc,marking     ] GC(1271) Concurrent Preclean
[4438.251s][info][gc,marking     ] GC(1271) Concurrent Preclean 0.123ms
[4438.252s][info][gc,start       ] GC(1271) Pause Remark
[4438.259s][info][gc             ] GC(1271) Pause Remark 2547M->2547M(4096M) 7.036ms
[4438.259s][info][gc,cpu         ] GC(1271) User=0.04s Sys=0.00s Real=0.01s
[4438.259s][info][gc,marking     ] GC(1271) Concurrent Mark 1002.651ms
[4438.259s][info][gc,marking     ] GC(1271) Concurrent Rebuild Remembered Sets and Scrub Regions
[4438.525s][info][gc,marking     ] GC(1271) Concurrent Rebuild Remembered Sets and Scrub Regions 265.843ms
[4438.526s][info][gc,start       ] GC(1271) Pause Cleanup
[4438.527s][info][gc             ] GC(1271) Pause Cleanup 2775M->2775M(4096M) 0.121ms
[4438.527s][info][gc,cpu         ] GC(1271) User=0.00s Sys=0.00s Real=0.00s
[4438.527s][info][gc,marking     ] GC(1271) Concurrent Clear Claimed Marks
[4438.527s][info][gc,marking     ] GC(1271) Concurrent Clear Claimed Marks 0.036ms
[4438.527s][info][gc,marking     ] GC(1271) Concurrent Cleanup for Next Mark
[4438.532s][info][gc,marking     ] GC(1271) Concurrent Cleanup for Next Mark 5.214ms
[4438.532s][info][gc             ] GC(1271) Concurrent Mark Cycle 1465.313ms
.[4439.398s][info][gc,start       ] GC(1272) Pause Young (Prepare Mixed) (G1 Evacuation Pause)
[4439.398s][info][gc,task        ] GC(1272) Using 6 workers of 6 for evacuation
[4439.513s][info][gc,phases      ] GC(1272)   Pre Evacuate Collection Set: 0.36ms
[4439.513s][info][gc,phases      ] GC(1272)   Merge Heap Roots: 0.49ms
[4439.513s][info][gc,phases      ] GC(1272)   Evacuate Collection Set: 113.18ms
[4439.513s][info][gc,phases      ] GC(1272)   Post Evacuate Collection Set: 0.93ms
[4439.513s][info][gc,phases      ] GC(1272)   Other: 0.08ms
[4439.513s][info][gc,heap        ] GC(1272) Eden regions: 1117->0(1111)
[4439.513s][info][gc,heap        ] GC(1272) Survivor regions: 111->108(154)
[4439.513s][info][gc,heap        ] GC(1272) Old regions: 507->538
[4439.513s][info][gc,heap        ] GC(1272) Humongous regions: 80->80
[4439.513s][info][gc,metaspace   ] GC(1272) Metaspace: 28923K(29312K)->28923K(29312K) NonClass: 24054K(24256K)->24054K(24256K) Class: 4868K(5056K)->4868K(5056K)
[4439.513s][info][gc             ] GC(1272) Pause Young (Prepare Mixed) (G1 Evacuation Pause) 3629M->1450M(4096M) 115.195ms
[4439.514s][info][gc,cpu         ] GC(1272) User=0.68s Sys=0.00s Real=0.12s
..[4441.681s][info][gc,start       ] GC(1273) Pause Young (Mixed) (G1 Evacuation Pause)
[4441.681s][info][gc,task        ] GC(1273) Using 6 workers of 6 for evacuation
[4441.818s][info][gc,phases      ] GC(1273)   Pre Evacuate Collection Set: 0.40ms
[4441.818s][info][gc,phases      ] GC(1273)   Merge Heap Roots: 0.70ms
[4441.818s][info][gc,phases      ] GC(1273)   Evacuate Collection Set: 135.14ms
[4441.818s][info][gc,phases      ] GC(1273)   Post Evacuate Collection Set: 0.98ms
[4441.818s][info][gc,phases      ] GC(1273)   Other: 0.09ms
[4441.818s][info][gc,heap        ] GC(1273) Eden regions: 1111->0(1119)
[4441.818s][info][gc,heap        ] GC(1273) Survivor regions: 108->109(153)
[4441.818s][info][gc,heap        ] GC(1273) Old regions: 538->475
[4441.818s][info][gc,heap        ] GC(1273) Humongous regions: 80->80
[4441.818s][info][gc,metaspace   ] GC(1273) Metaspace: 28923K(29312K)->28923K(29312K) NonClass: 24054K(24256K)->24054K(24256K) Class: 4868K(5056K)->4868K(5056K)
[4441.818s][info][gc             ] GC(1273) Pause Young (Mixed) (G1 Evacuation Pause) 3672M->1326M(4096M) 137.445ms
[4441.818s][info][gc,cpu         ] GC(1273) User=0.81s Sys=0.00s Real=0.14s
...[4444.090s][info][gc,start       ] GC(1274) Pause Young (Concurrent Start) (G1 Evacuation Pause)
[4444.090s][info][gc,task        ] GC(1274) Using 6 workers of 6 for evacuation
[4444.208s][info][gc,phases      ] GC(1274)   Pre Evacuate Collection Set: 0.40ms
[4444.208s][info][gc,phases      ] GC(1274)   Merge Heap Roots: 0.50ms
[4444.208s][info][gc,phases      ] GC(1274)   Evacuate Collection Set: 116.08ms
[4444.208s][info][gc,phases      ] GC(1274)   Post Evacuate Collection Set: 0.87ms
[4444.208s][info][gc,phases      ] GC(1274)   Other: 0.10ms
[4444.208s][info][gc,heap        ] GC(1274) Eden regions: 1119->0(1119)
[4444.208s][info][gc,heap        ] GC(1274) Survivor regions: 109->109(154)
[4444.208s][info][gc,heap        ] GC(1274) Old regions: 475->507
[4444.208s][info][gc,heap        ] GC(1274) Humongous regions: 80->80
[4444.208s][info][gc,metaspace   ] GC(1274) Metaspace: 28923K(29312K)->28923K(29312K) NonClass: 24054K(24256K)->24054K(24256K) Class: 4868K(5056K)->4868K(5056K)
[4444.208s][info][gc             ] GC(1274) Pause Young (Concurrent Start) (G1 Evacuation Pause) 3564M->1391M(4096M) 118.088ms
[4444.208s][info][gc             ] GC(1275) Concurrent Mark Cycle
[4444.208s][info][gc,marking     ] GC(1275) Concurrent Scan Root Regions
[4444.208s][info][gc,cpu         ] GC(1274) User=0.70s Sys=0.00s Real=0.12s
[4444.380s][info][gc,marking     ] GC(1275) Concurrent Scan Root Regions 172.192ms
[4444.380s][info][gc,marking     ] GC(1275) Concurrent Mark
[4444.380s][info][gc,marking     ] GC(1275) Concurrent Mark From Roots
[4444.380s][info][gc,task        ] GC(1275) Using 2 workers of 2 for marking
.[4445.131s][info][gc,marking     ] GC(1275) Concurrent Mark From Roots 750.818ms
[4445.131s][info][gc,marking     ] GC(1275) Concurrent Preclean
[4445.131s][info][gc,marking     ] GC(1275) Concurrent Preclean 0.108ms
[4445.133s][info][gc,start       ] GC(1275) Pause Remark
[4445.138s][info][gc             ] GC(1275) Pause Remark 2216M->2216M(4096M) 5.751ms
[4445.138s][info][gc,cpu         ] GC(1275) User=0.04s Sys=0.00s Real=0.00s
[4445.139s][info][gc,marking     ] GC(1275) Concurrent Mark 758.885ms
[4445.139s][info][gc,marking     ] GC(1275) Concurrent Rebuild Remembered Sets and Scrub Regions
[4445.415s][info][gc,marking     ] GC(1275) Concurrent Rebuild Remembered Sets and Scrub Regions 275.953ms
[4445.416s][info][gc,start       ] GC(1275) Pause Cleanup
[4445.416s][info][gc             ] GC(1275) Pause Cleanup 2523M->2523M(4096M) 0.109ms
[4445.416s][info][gc,cpu         ] GC(1275) User=0.00s Sys=0.00s Real=0.00s
[4445.416s][info][gc,marking     ] GC(1275) Concurrent Clear Claimed Marks
[4445.416s][info][gc,marking     ] GC(1275) Concurrent Clear Claimed Marks 0.023ms
[4445.416s][info][gc,marking     ] GC(1275) Concurrent Cleanup for Next Mark
[4445.431s][info][gc,marking     ] GC(1275) Concurrent Cleanup for Next Mark 15.590ms
[4445.432s][info][gc             ] GC(1275) Concurrent Mark Cycle 1223.704ms
.[4446.373s][info][gc,start       ] GC(1276) Pause Young (Prepare Mixed) (G1 Evacuation Pause)
[4446.373s][info][gc,task        ] GC(1276) Using 6 workers of 6 for evacuation
[4446.491s][info][gc,phases      ] GC(1276)   Pre Evacuate Collection Set: 0.34ms
[4446.491s][info][gc,phases      ] GC(1276)   Merge Heap Roots: 0.50ms
[4446.491s][info][gc,phases      ] GC(1276)   Evacuate Collection Set: 116.48ms
[4446.491s][info][gc,phases      ] GC(1276)   Post Evacuate Collection Set: 0.91ms
[4446.491s][info][gc,phases      ] GC(1276)   Other: 0.09ms
[4446.491s][info][gc,heap        ] GC(1276) Eden regions: 1119->0(1109)
[4446.491s][info][gc,heap        ] GC(1276) Survivor regions: 109->109(154)
[4446.491s][info][gc,heap        ] GC(1276) Old regions: 507->538
[4446.491s][info][gc,heap        ] GC(1276) Humongous regions: 80->80
[4446.491s][info][gc,metaspace   ] GC(1276) Metaspace: 28923K(29312K)->28923K(29312K) NonClass: 24054K(24256K)->24054K(24256K) Class: 4868K(5056K)->4868K(5056K)
[4446.491s][info][gc             ] GC(1276) Pause Young (Prepare Mixed) (G1 Evacuation Pause) 3629M->1453M(4096M) 118.440ms
[4446.491s][info][gc,cpu         ] GC(1276) User=0.69s Sys=0.00s Real=0.11s
..[4448.741s][info][gc,start       ] GC(1277) Pause Young (Mixed) (G1 Evacuation Pause)
[4448.741s][info][gc,task        ] GC(1277) Using 6 workers of 6 for evacuation
[4448.871s][info][gc,phases      ] GC(1277)   Pre Evacuate Collection Set: 0.38ms
[4448.871s][info][gc,phases      ] GC(1277)   Merge Heap Roots: 0.59ms
[4448.871s][info][gc,phases      ] GC(1277)   Evacuate Collection Set: 127.73ms
[4448.871s][info][gc,phases      ] GC(1277)   Post Evacuate Collection Set: 0.94ms
[4448.871s][info][gc,phases      ] GC(1277)   Other: 0.09ms
[4448.871s][info][gc,heap        ] GC(1277) Eden regions: 1109->0(1118)
[4448.871s][info][gc,heap        ] GC(1277) Survivor regions: 109->110(153)
[4448.871s][info][gc,heap        ] GC(1277) Old regions: 538->474
[4448.871s][info][gc,heap        ] GC(1277) Humongous regions: 80->80
[4448.871s][info][gc,metaspace   ] GC(1277) Metaspace: 28923K(29312K)->28923K(29312K) NonClass: 24054K(24256K)->24054K(24256K) Class: 4868K(5056K)->4868K(5056K)
[4448.871s][info][gc             ] GC(1277) Pause Young (Mixed) (G1 Evacuation Pause) 3671M->1326M(4096M) 129.884ms
[4448.871s][info][gc,cpu         ] GC(1277) User=0.77s Sys=0.00s Real=0.13s
..[4451.089s][info][gc,start       ] GC(1278) Pause Young (Concurrent Start) (G1 Evacuation Pause)
[4451.089s][info][gc,task        ] GC(1278) Using 6 workers of 6 for evacuation
[4451.210s][info][gc,phases      ] GC(1278)   Pre Evacuate Collection Set: 0.38ms
[4451.210s][info][gc,phases      ] GC(1278)   Merge Heap Roots: 0.47ms
[4451.210s][info][gc,phases      ] GC(1278)   Evacuate Collection Set: 119.28ms
[4451.210s][info][gc,phases      ] GC(1278)   Post Evacuate Collection Set: 0.89ms
[4451.210s][info][gc,phases      ] GC(1278)   Other: 0.11ms
[4451.210s][info][gc,heap        ] GC(1278) Eden regions: 1118->0(1117)
[4451.210s][info][gc,heap        ] GC(1278) Survivor regions: 110->111(154)
[4451.210s][info][gc,heap        ] GC(1278) Old regions: 474->507
[4451.210s][info][gc,heap        ] GC(1278) Humongous regions: 80->80
[4451.210s][info][gc,metaspace   ] GC(1278) Metaspace: 28923K(29312K)->28923K(29312K) NonClass: 24054K(24256K)->24054K(24256K) Class: 4868K(5056K)->4868K(5056K)
[4451.210s][info][gc             ] GC(1278) Pause Young (Concurrent Start) (G1 Evacuation Pause) 3562M->1394M(4096M) 121.267ms
[4451.210s][info][gc             ] GC(1279) Concurrent Mark Cycle
[4451.210s][info][gc,marking     ] GC(1279) Concurrent Scan Root Regions
[4451.210s][info][gc,cpu         ] GC(1278) User=0.72s Sys=0.00s Real=0.12s
.[4451.391s][info][gc,marking     ] GC(1279) Concurrent Scan Root Regions 180.894ms
[4451.391s][info][gc,marking     ] GC(1279) Concurrent Mark
[4451.391s][info][gc,marking     ] GC(1279) Concurrent Mark From Roots
[4451.391s][info][gc,task        ] GC(1279) Using 2 workers of 2 for marking
.[4452.363s][info][gc,marking     ] GC(1279) Concurrent Mark From Roots 971.935ms
[4452.363s][info][gc,marking     ] GC(1279) Concurrent Preclean
[4452.363s][info][gc,marking     ] GC(1279) Concurrent Preclean 0.154ms
[4452.367s][info][gc,start       ] GC(1279) Pause Remark
[4452.373s][info][gc             ] GC(1279) Pause Remark 2494M->2494M(4096M) 5.785ms
[4452.373s][info][gc,cpu         ] GC(1279) User=0.04s Sys=0.00s Real=0.01s
[4452.373s][info][gc,marking     ] GC(1279) Concurrent Mark 982.102ms
[4452.373s][info][gc,marking     ] GC(1279) Concurrent Rebuild Remembered Sets and Scrub Regions
[4452.728s][info][gc,marking     ] GC(1279) Concurrent Rebuild Remembered Sets and Scrub Regions 355.177ms
[4452.730s][info][gc,start       ] GC(1279) Pause Cleanup
[4452.730s][info][gc             ] GC(1279) Pause Cleanup 2874M->2874M(4096M) 0.122ms
[4452.730s][info][gc,cpu         ] GC(1279) User=0.00s Sys=0.00s Real=0.00s
[4452.730s][info][gc,marking     ] GC(1279) Concurrent Clear Claimed Marks
[4452.730s][info][gc,marking     ] GC(1279) Concurrent Clear Claimed Marks 0.028ms
[4452.730s][info][gc,marking     ] GC(1279) Concurrent Cleanup for Next Mark
[4452.745s][info][gc,marking     ] GC(1279) Concurrent Cleanup for Next Mark 15.087ms
[4452.745s][info][gc             ] GC(1279) Concurrent Mark Cycle 1534.949ms
.[4453.480s][info][gc,start       ] GC(1280) Pause Young (Prepare Mixed) (G1 Evacuation Pause)
[4453.480s][info][gc,task        ] GC(1280) Using 6 workers of 6 for evacuation
[4453.596s][info][gc,phases      ] GC(1280)   Pre Evacuate Collection Set: 0.32ms
[4453.596s][info][gc,phases      ] GC(1280)   Merge Heap Roots: 0.49ms
[4453.596s][info][gc,phases      ] GC(1280)   Evacuate Collection Set: 114.00ms
[4453.596s][info][gc,phases      ] GC(1280)   Post Evacuate Collection Set: 0.90ms
[4453.596s][info][gc,phases      ] GC(1280)   Other: 0.08ms
[4453.596s][info][gc,heap        ] GC(1280) Eden regions: 1117->0(1108)
[4453.596s][info][gc,heap        ] GC(1280) Survivor regions: 111->109(154)
[4453.596s][info][gc,heap        ] GC(1280) Old regions: 507->539
[4453.596s][info][gc,heap        ] GC(1280) Humongous regions: 80->80
[4453.596s][info][gc,metaspace   ] GC(1280) Metaspace: 28923K(29312K)->28923K(29312K) NonClass: 24054K(24256K)->24054K(24256K) Class: 4868K(5056K)->4868K(5056K)
[4453.596s][info][gc             ] GC(1280) Pause Young (Prepare Mixed) (G1 Evacuation Pause) 3628M->1453M(4096M) 115.937ms
[4453.596s][info][gc,cpu         ] GC(1280) User=0.69s Sys=0.00s Real=0.12s
..[4455.748s][info][gc,start       ] GC(1281) Pause Young (Mixed) (G1 Evacuation Pause)
[4455.748s][info][gc,task        ] GC(1281) Using 6 workers of 6 for evacuation
[4455.884s][info][gc,phases      ] GC(1281)   Pre Evacuate Collection Set: 0.35ms
[4455.884s][info][gc,phases      ] GC(1281)   Merge Heap Roots: 0.64ms
[4455.884s][info][gc,phases      ] GC(1281)   Evacuate Collection Set: 133.91ms
[4455.884s][info][gc,phases      ] GC(1281)   Post Evacuate Collection Set: 0.94ms
[4455.884s][info][gc,phases      ] GC(1281)   Other: 0.09ms
[4455.884s][info][gc,heap        ] GC(1281) Eden regions: 1108->0(1118)
[4455.884s][info][gc,heap        ] GC(1281) Survivor regions: 109->110(153)
[4455.884s][info][gc,heap        ] GC(1281) Old regions: 539->474
[4455.884s][info][gc,heap        ] GC(1281) Humongous regions: 80->80
[4455.884s][info][gc,metaspace   ] GC(1281) Metaspace: 28923K(29312K)->28923K(29312K) NonClass: 24054K(24256K)->24054K(24256K) Class: 4868K(5056K)->4868K(5056K)
[4455.884s][info][gc             ] GC(1281) Pause Young (Mixed) (G1 Evacuation Pause) 3669M->1326M(4096M) 136.051ms
[4455.884s][info][gc,cpu         ] GC(1281) User=0.81s Sys=0.00s Real=0.14s
..[4458.089s][info][gc,start       ] GC(1282) Pause Young (Concurrent Start) (G1 Evacuation Pause)
[4458.089s][info][gc,task        ] GC(1282) Using 6 workers of 6 for evacuation
[4458.209s][info][gc,phases      ] GC(1282)   Pre Evacuate Collection Set: 0.40ms
[4458.209s][info][gc,phases      ] GC(1282)   Merge Heap Roots: 0.47ms
[4458.209s][info][gc,phases      ] GC(1282)   Evacuate Collection Set: 117.49ms
[4458.209s][info][gc,phases      ] GC(1282)   Post Evacuate Collection Set: 0.90ms
[4458.209s][info][gc,phases      ] GC(1282)   Other: 0.11ms
[4458.209s][info][gc,heap        ] GC(1282) Eden regions: 1118->0(1118)
[4458.209s][info][gc,heap        ] GC(1282) Survivor regions: 110->110(154)
[4458.209s][info][gc,heap        ] GC(1282) Old regions: 474->506
[4458.209s][info][gc,heap        ] GC(1282) Humongous regions: 80->80
[4458.209s][info][gc,metaspace   ] GC(1282) Metaspace: 28923K(29312K)->28923K(29312K) NonClass: 24054K(24256K)->24054K(24256K) Class: 4868K(5056K)->4868K(5056K)
[4458.209s][info][gc             ] GC(1282) Pause Young (Concurrent Start) (G1 Evacuation Pause) 3562M->1391M(4096M) 119.509ms
[4458.209s][info][gc             ] GC(1283) Concurrent Mark Cycle
[4458.209s][info][gc,marking     ] GC(1283) Concurrent Scan Root Regions
[4458.209s][info][gc,cpu         ] GC(1282) User=0.71s Sys=0.00s Real=0.12s
.[4458.363s][info][gc,marking     ] GC(1283) Concurrent Scan Root Regions 153.947ms
[4458.363s][info][gc,marking     ] GC(1283) Concurrent Mark
[4458.363s][info][gc,marking     ] GC(1283) Concurrent Mark From Roots
[4458.363s][info][gc,task        ] GC(1283) Using 2 workers of 2 for marking
[4459.147s][info][gc,marking     ] GC(1283) Concurrent Mark From Roots 784.374ms
[4459.147s][info][gc,marking     ] GC(1283) Concurrent Preclean
[4459.147s][info][gc,marking     ] GC(1283) Concurrent Preclean 0.164ms
[4459.149s][info][gc,start       ] GC(1283) Pause Remark
[4459.154s][info][gc             ] GC(1283) Pause Remark 2207M->2207M(4096M) 4.854ms
[4459.154s][info][gc,cpu         ] GC(1283) User=0.03s Sys=0.00s Real=0.01s
[4459.154s][info][gc,marking     ] GC(1283) Concurrent Mark 791.788ms
[4459.154s][info][gc,marking     ] GC(1283) Concurrent Rebuild Remembered Sets and Scrub Regions
.[4459.558s][info][gc,marking     ] GC(1283) Concurrent Rebuild Remembered Sets and Scrub Regions 403.699ms
[4459.560s][info][gc,start       ] GC(1283) Pause Cleanup
[4459.561s][info][gc             ] GC(1283) Pause Cleanup 2673M->2673M(4096M) 0.135ms
[4459.561s][info][gc,cpu         ] GC(1283) User=0.01s Sys=0.00s Real=0.00s
[4459.561s][info][gc,marking     ] GC(1283) Concurrent Clear Claimed Marks
[4459.561s][info][gc,marking     ] GC(1283) Concurrent Clear Claimed Marks 0.029ms
[4459.561s][info][gc,marking     ] GC(1283) Concurrent Cleanup for Next Mark
[4459.588s][info][gc,marking     ] GC(1283) Concurrent Cleanup for Next Mark 27.660ms
[4459.588s][info][gc             ] GC(1283) Concurrent Mark Cycle 1379.796ms
.[4460.397s][info][gc,start       ] GC(1284) Pause Young (Prepare Mixed) (G1 Evacuation Pause)
[4460.397s][info][gc,task        ] GC(1284) Using 6 workers of 6 for evacuation
[4460.516s][info][gc,phases      ] GC(1284)   Pre Evacuate Collection Set: 0.35ms
[4460.516s][info][gc,phases      ] GC(1284)   Merge Heap Roots: 0.52ms
[4460.516s][info][gc,phases      ] GC(1284)   Evacuate Collection Set: 117.40ms
[4460.516s][info][gc,phases      ] GC(1284)   Post Evacuate Collection Set: 0.94ms
[4460.516s][info][gc,phases      ] GC(1284)   Other: 0.08ms
[4460.516s][info][gc,heap        ] GC(1284) Eden regions: 1118->0(1106)
[4460.516s][info][gc,heap        ] GC(1284) Survivor regions: 110->111(154)
[4460.516s][info][gc,heap        ] GC(1284) Old regions: 506->537
[4460.516s][info][gc,heap        ] GC(1284) Humongous regions: 80->80
[4460.516s][info][gc,metaspace   ] GC(1284) Metaspace: 28923K(29312K)->28923K(29312K) NonClass: 24054K(24256K)->24054K(24256K) Class: 4868K(5056K)->4868K(5056K)
[4460.516s][info][gc             ] GC(1284) Pause Young (Prepare Mixed) (G1 Evacuation Pause) 3627M->1454M(4096M) 119.418ms
[4460.517s][info][gc,cpu         ] GC(1284) User=0.70s Sys=0.00s Real=0.12s
..[4462.727s][info][gc,start       ] GC(1285) Pause Young (Mixed) (G1 Evacuation Pause)
[4462.727s][info][gc,task        ] GC(1285) Using 6 workers of 6 for evacuation
[4462.864s][info][gc,phases      ] GC(1285)   Pre Evacuate Collection Set: 0.39ms
[4462.864s][info][gc,phases      ] GC(1285)   Merge Heap Roots: 0.77ms
[4462.864s][info][gc,phases      ] GC(1285)   Evacuate Collection Set: 134.34ms
[4462.864s][info][gc,phases      ] GC(1285)   Post Evacuate Collection Set: 0.95ms
[4462.864s][info][gc,phases      ] GC(1285)   Other: 0.09ms
[4462.864s][info][gc,heap        ] GC(1285) Eden regions: 1106->0(1119)
[4462.864s][info][gc,heap        ] GC(1285) Survivor regions: 111->109(153)
[4462.864s][info][gc,heap        ] GC(1285) Old regions: 537->475
[4462.864s][info][gc,heap        ] GC(1285) Humongous regions: 80->80
[4462.864s][info][gc,metaspace   ] GC(1285) Metaspace: 28923K(29312K)->28923K(29312K) NonClass: 24054K(24256K)->24054K(24256K) Class: 4868K(5056K)->4868K(5056K)
[4462.864s][info][gc             ] GC(1285) Pause Young (Mixed) (G1 Evacuation Pause) 3666M->1327M(4096M) 136.666ms
[4462.864s][info][gc,cpu         ] GC(1285) User=0.81s Sys=0.00s Real=0.14s
..[4465.073s][info][gc,start       ] GC(1286) Pause Young (Concurrent Start) (G1 Evacuation Pause)
[4465.073s][info][gc,task        ] GC(1286) Using 6 workers of 6 for evacuation
[4465.192s][info][gc,phases      ] GC(1286)   Pre Evacuate Collection Set: 0.41ms
[4465.192s][info][gc,phases      ] GC(1286)   Merge Heap Roots: 0.46ms
[4465.192s][info][gc,phases      ] GC(1286)   Evacuate Collection Set: 117.78ms
[4465.192s][info][gc,phases      ] GC(1286)   Post Evacuate Collection Set: 0.89ms
[4465.192s][info][gc,phases      ] GC(1286)   Other: 0.10ms
[4465.192s][info][gc,heap        ] GC(1286) Eden regions: 1119->0(1115)
[4465.192s][info][gc,heap        ] GC(1286) Survivor regions: 109->113(154)
[4465.192s][info][gc,heap        ] GC(1286) Old regions: 475->507
[4465.192s][info][gc,heap        ] GC(1286) Humongous regions: 80->80
[4465.192s][info][gc,metaspace   ] GC(1286) Metaspace: 28923K(29312K)->28923K(29312K) NonClass: 24054K(24256K)->24054K(24256K) Class: 4868K(5056K)->4868K(5056K)
[4465.192s][info][gc             ] GC(1286) Pause Young (Concurrent Start) (G1 Evacuation Pause) 3565M->1397M(4096M) 119.764ms
[4465.192s][info][gc             ] GC(1287) Concurrent Mark Cycle
[4465.192s][info][gc,marking     ] GC(1287) Concurrent Scan Root Regions
[4465.192s][info][gc,cpu         ] GC(1286) User=0.71s Sys=0.00s Real=0.12s
[4465.337s][info][gc,marking     ] GC(1287) Concurrent Scan Root Regions 144.533ms
[4465.337s][info][gc,marking     ] GC(1287) Concurrent Mark
[4465.337s][info][gc,marking     ] GC(1287) Concurrent Mark From Roots
[4465.337s][info][gc,task        ] GC(1287) Using 2 workers of 2 for marking
.[4466.080s][info][gc,marking     ] GC(1287) Concurrent Mark From Roots 742.460ms
[4466.080s][info][gc,marking     ] GC(1287) Concurrent Preclean
[4466.080s][info][gc,marking     ] GC(1287) Concurrent Preclean 0.153ms
[4466.080s][info][gc,start       ] GC(1287) Pause Remark
[4466.085s][info][gc             ] GC(1287) Pause Remark 2147M->2147M(4096M) 5.310ms
[4466.085s][info][gc,cpu         ] GC(1287) User=0.03s Sys=0.00s Real=0.01s
[4466.087s][info][gc,marking     ] GC(1287) Concurrent Mark 749.770ms
[4466.087s][info][gc,marking     ] GC(1287) Concurrent Rebuild Remembered Sets and Scrub Regions
[4466.377s][info][gc,marking     ] GC(1287) Concurrent Rebuild Remembered Sets and Scrub Regions 290.245ms
[4466.378s][info][gc,start       ] GC(1287) Pause Cleanup
[4466.378s][info][gc             ] GC(1287) Pause Cleanup 2461M->2461M(4096M) 0.120ms
[4466.378s][info][gc,cpu         ] GC(1287) User=0.00s Sys=0.00s Real=0.00s
[4466.379s][info][gc,marking     ] GC(1287) Concurrent Clear Claimed Marks
[4466.379s][info][gc,marking     ] GC(1287) Concurrent Clear Claimed Marks 0.025ms
[4466.379s][info][gc,marking     ] GC(1287) Concurrent Cleanup for Next Mark
[4466.391s][info][gc,marking     ] GC(1287) Concurrent Cleanup for Next Mark 12.820ms
[4466.391s][info][gc             ] GC(1287) Concurrent Mark Cycle 1199.009ms
.[4467.384s][info][gc,start       ] GC(1288) Pause Young (Prepare Mixed) (G1 Evacuation Pause)
[4467.384s][info][gc,task        ] GC(1288) Using 6 workers of 6 for evacuation
[4467.503s][info][gc,phases      ] GC(1288)   Pre Evacuate Collection Set: 0.34ms
[4467.503s][info][gc,phases      ] GC(1288)   Merge Heap Roots: 0.47ms
[4467.503s][info][gc,phases      ] GC(1288)   Evacuate Collection Set: 117.20ms
[4467.503s][info][gc,phases      ] GC(1288)   Post Evacuate Collection Set: 0.93ms
[4467.503s][info][gc,phases      ] GC(1288)   Other: 0.10ms
[4467.503s][info][gc,heap        ] GC(1288) Eden regions: 1115->0(1104)
[4467.503s][info][gc,heap        ] GC(1288) Survivor regions: 113->111(154)
[4467.503s][info][gc,heap        ] GC(1288) Old regions: 507->539
[4467.503s][info][gc,heap        ] GC(1288) Humongous regions: 80->80
[4467.503s][info][gc,metaspace   ] GC(1288) Metaspace: 28923K(29312K)->28923K(29312K) NonClass: 24054K(24256K)->24054K(24256K) Class: 4868K(5056K)->4868K(5056K)
[4467.503s][info][gc             ] GC(1288) Pause Young (Prepare Mixed) (G1 Evacuation Pause) 3627M->1457M(4096M) 119.173ms
[4467.503s][info][gc,cpu         ] GC(1288) User=0.70s Sys=0.00s Real=0.12s
...[4469.666s][info][gc,start       ] GC(1289) Pause Young (Mixed) (G1 Evacuation Pause)
[4469.666s][info][gc,task        ] GC(1289) Using 6 workers of 6 for evacuation
[4469.796s][info][gc,phases      ] GC(1289)   Pre Evacuate Collection Set: 0.39ms
[4469.796s][info][gc,phases      ] GC(1289)   Merge Heap Roots: 0.61ms
[4469.796s][info][gc,phases      ] GC(1289)   Evacuate Collection Set: 128.01ms
[4469.796s][info][gc,phases      ] GC(1289)   Post Evacuate Collection Set: 0.92ms
[4469.796s][info][gc,phases      ] GC(1289)   Other: 0.09ms
[4469.796s][info][gc,heap        ] GC(1289) Eden regions: 1104->0(1119)
[4469.796s][info][gc,heap        ] GC(1289) Survivor regions: 111->109(152)
[4469.796s][info][gc,heap        ] GC(1289) Old regions: 539->474
[4469.796s][info][gc,heap        ] GC(1289) Humongous regions: 80->80
[4469.797s][info][gc,metaspace   ] GC(1289) Metaspace: 28923K(29312K)->28923K(29312K) NonClass: 24054K(24256K)->24054K(24256K) Class: 4868K(5056K)->4868K(5056K)
[4469.797s][info][gc             ] GC(1289) Pause Young (Mixed) (G1 Evacuation Pause) 3665M->1325M(4096M) 130.168ms
[4469.797s][info][gc,cpu         ] GC(1289) User=0.77s Sys=0.00s Real=0.13s
..[4471.975s][info][gc,start       ] GC(1290) Pause Young (Concurrent Start) (G1 Evacuation Pause)
[4471.975s][info][gc,task        ] GC(1290) Using 6 workers of 6 for evacuation
[4472.094s][info][gc,phases      ] GC(1290)   Pre Evacuate Collection Set: 0.35ms
[4472.094s][info][gc,phases      ] GC(1290)   Merge Heap Roots: 0.48ms
[4472.094s][info][gc,phases      ] GC(1290)   Evacuate Collection Set: 117.08ms
[4472.094s][info][gc,phases      ] GC(1290)   Post Evacuate Collection Set: 0.90ms
[4472.094s][info][gc,phases      ] GC(1290)   Other: 0.12ms
[4472.094s][info][gc,heap        ] GC(1290) Eden regions: 1119->0(1118)
[4472.094s][info][gc,heap        ] GC(1290) Survivor regions: 109->110(154)
[4472.094s][info][gc,heap        ] GC(1290) Old regions: 474->507
[4472.094s][info][gc,heap        ] GC(1290) Humongous regions: 80->80
[4472.094s][info][gc,metaspace   ] GC(1290) Metaspace: 28923K(29312K)->28923K(29312K) NonClass: 24054K(24256K)->24054K(24256K) Class: 4868K(5056K)->4868K(5056K)
[4472.094s][info][gc             ] GC(1290) Pause Young (Concurrent Start) (G1 Evacuation Pause) 3563M->1391M(4096M) 119.058ms
[4472.094s][info][gc             ] GC(1291) Concurrent Mark Cycle
[4472.094s][info][gc,marking     ] GC(1291) Concurrent Scan Root Regions
[4472.094s][info][gc,cpu         ] GC(1290) User=0.71s Sys=0.00s Real=0.12s
[4472.243s][info][gc,marking     ] GC(1291) Concurrent Scan Root Regions 149.247ms
[4472.243s][info][gc,marking     ] GC(1291) Concurrent Mark
[4472.243s][info][gc,marking     ] GC(1291) Concurrent Mark From Roots
[4472.243s][info][gc,task        ] GC(1291) Using 2 workers of 2 for marking
.[4473.058s][info][gc,marking     ] GC(1291) Concurrent Mark From Roots 814.904ms
[4473.058s][info][gc,marking     ] GC(1291) Concurrent Preclean
[4473.058s][info][gc,marking     ] GC(1291) Concurrent Preclean 0.163ms
[4473.059s][info][gc,start       ] GC(1291) Pause Remark
[4473.064s][info][gc             ] GC(1291) Pause Remark 2271M->2271M(4096M) 5.056ms
[4473.064s][info][gc,cpu         ] GC(1291) User=0.03s Sys=0.00s Real=0.01s
[4473.064s][info][gc,marking     ] GC(1291) Concurrent Mark 821.162ms
[4473.064s][info][gc,marking     ] GC(1291) Concurrent Rebuild Remembered Sets and Scrub Regions
[4473.420s][info][gc,marking     ] GC(1291) Concurrent Rebuild Remembered Sets and Scrub Regions 355.502ms
[4473.420s][info][gc,start       ] GC(1291) Pause Cleanup
[4473.420s][info][gc             ] GC(1291) Pause Cleanup 2633M->2633M(4096M) 0.121ms
[4473.420s][info][gc,cpu         ] GC(1291) User=0.00s Sys=0.00s Real=0.00s
[4473.420s][info][gc,marking     ] GC(1291) Concurrent Clear Claimed Marks
[4473.420s][info][gc,marking     ] GC(1291) Concurrent Clear Claimed Marks 0.028ms
[4473.420s][info][gc,marking     ] GC(1291) Concurrent Cleanup for Next Mark
[4473.425s][info][gc,marking     ] GC(1291) Concurrent Cleanup for Next Mark 5.263ms
[4473.425s][info][gc             ] GC(1291) Concurrent Mark Cycle 1331.799ms
.[4474.308s][info][gc,start       ] GC(1292) Pause Young (Prepare Mixed) (G1 Evacuation Pause)
[4474.308s][info][gc,task        ] GC(1292) Using 6 workers of 6 for evacuation
[4474.430s][info][gc,phases      ] GC(1292)   Pre Evacuate Collection Set: 0.33ms
[4474.430s][info][gc,phases      ] GC(1292)   Merge Heap Roots: 0.53ms
[4474.430s][info][gc,phases      ] GC(1292)   Evacuate Collection Set: 119.31ms
[4474.430s][info][gc,phases      ] GC(1292)   Post Evacuate Collection Set: 0.91ms
[4474.430s][info][gc,phases      ] GC(1292)   Other: 0.09ms
[4474.430s][info][gc,heap        ] GC(1292) Eden regions: 1118->0(1100)
[4474.430s][info][gc,heap        ] GC(1292) Survivor regions: 110->114(154)
[4474.430s][info][gc,heap        ] GC(1292) Old regions: 507->537
[4474.430s][info][gc,heap        ] GC(1292) Humongous regions: 80->80
[4474.430s][info][gc,metaspace   ] GC(1292) Metaspace: 28923K(29312K)->28923K(29312K) NonClass: 24054K(24256K)->24054K(24256K) Class: 4868K(5056K)->4868K(5056K)
[4474.430s][info][gc             ] GC(1292) Pause Young (Prepare Mixed) (G1 Evacuation Pause) 3627M->1461M(4096M) 121.307ms
[4474.430s][info][gc,cpu         ] GC(1292) User=0.72s Sys=0.00s Real=0.12s
..[4476.576s][info][gc,start       ] GC(1293) Pause Young (Mixed) (G1 Evacuation Pause)
[4476.576s][info][gc,task        ] GC(1293) Using 6 workers of 6 for evacuation
[4476.710s][info][gc,phases      ] GC(1293)   Pre Evacuate Collection Set: 0.39ms
[4476.710s][info][gc,phases      ] GC(1293)   Merge Heap Roots: 0.71ms
[4476.710s][info][gc,phases      ] GC(1293)   Evacuate Collection Set: 131.98ms
[4476.710s][info][gc,phases      ] GC(1293)   Post Evacuate Collection Set: 0.95ms
[4476.710s][info][gc,phases      ] GC(1293)   Other: 0.09ms
[4476.710s][info][gc,heap        ] GC(1293) Eden regions: 1100->0(1120)
[4476.710s][info][gc,heap        ] GC(1293) Survivor regions: 114->108(152)
[4476.710s][info][gc,heap        ] GC(1293) Old regions: 537->474
[4476.710s][info][gc,heap        ] GC(1293) Humongous regions: 80->80
[4476.710s][info][gc,metaspace   ] GC(1293) Metaspace: 28923K(29312K)->28923K(29312K) NonClass: 24054K(24256K)->24054K(24256K) Class: 4868K(5056K)->4868K(5056K)
[4476.710s][info][gc             ] GC(1293) Pause Young (Mixed) (G1 Evacuation Pause) 3661M->1323M(4096M) 134.275ms
[4476.710s][info][gc,cpu         ] GC(1293) User=0.79s Sys=0.00s Real=0.13s
...[4478.989s][info][gc,start       ] GC(1294) Pause Young (Concurrent Start) (G1 Evacuation Pause)
[4478.989s][info][gc,task        ] GC(1294) Using 6 workers of 6 for evacuation
[4479.107s][info][gc,phases      ] GC(1294)   Pre Evacuate Collection Set: 0.37ms
[4479.107s][info][gc,phases      ] GC(1294)   Merge Heap Roots: 0.44ms
[4479.107s][info][gc,phases      ] GC(1294)   Evacuate Collection Set: 116.28ms
[4479.107s][info][gc,phases      ] GC(1294)   Post Evacuate Collection Set: 0.89ms
[4479.107s][info][gc,phases      ] GC(1294)   Other: 0.10ms
[4479.107s][info][gc,heap        ] GC(1294) Eden regions: 1120->0(1118)
[4479.107s][info][gc,heap        ] GC(1294) Survivor regions: 108->110(154)
[4479.107s][info][gc,heap        ] GC(1294) Old regions: 474->506
[4479.107s][info][gc,heap        ] GC(1294) Humongous regions: 80->80
[4479.107s][info][gc,metaspace   ] GC(1294) Metaspace: 28923K(29312K)->28923K(29312K) NonClass: 24054K(24256K)->24054K(24256K) Class: 4868K(5056K)->4868K(5056K)
[4479.107s][info][gc             ] GC(1294) Pause Young (Concurrent Start) (G1 Evacuation Pause) 3563M->1390M(4096M) 118.212ms
[4479.107s][info][gc             ] GC(1295) Concurrent Mark Cycle
[4479.107s][info][gc,marking     ] GC(1295) Concurrent Scan Root Regions
[4479.107s][info][gc,cpu         ] GC(1294) User=0.69s Sys=0.00s Real=0.12s
[4479.294s][info][gc,marking     ] GC(1295) Concurrent Scan Root Regions 186.932ms
[4479.294s][info][gc,marking     ] GC(1295) Concurrent Mark
[4479.294s][info][gc,marking     ] GC(1295) Concurrent Mark From Roots
[4479.294s][info][gc,task        ] GC(1295) Using 2 workers of 2 for marking
.[4480.312s][info][gc,marking     ] GC(1295) Concurrent Mark From Roots 1017.941ms
[4480.312s][info][gc,marking     ] GC(1295) Concurrent Preclean
[4480.312s][info][gc,marking     ] GC(1295) Concurrent Preclean 0.181ms
[4480.315s][info][gc,start       ] GC(1295) Pause Remark
[4480.320s][info][gc             ] GC(1295) Pause Remark 2524M->2524M(4096M) 5.092ms
[4480.320s][info][gc,cpu         ] GC(1295) User=0.03s Sys=0.00s Real=0.00s
[4480.320s][info][gc,marking     ] GC(1295) Concurrent Mark 1026.191ms
[4480.320s][info][gc,marking     ] GC(1295) Concurrent Rebuild Remembered Sets and Scrub Regions
[4480.591s][info][gc,marking     ] GC(1295) Concurrent Rebuild Remembered Sets and Scrub Regions 270.990ms
[4480.593s][info][gc,start       ] GC(1295) Pause Cleanup
[4480.593s][info][gc             ] GC(1295) Pause Cleanup 2858M->2858M(4096M) 0.133ms
[4480.593s][info][gc,cpu         ] GC(1295) User=0.00s Sys=0.00s Real=0.00s
[4480.593s][info][gc,marking     ] GC(1295) Concurrent Clear Claimed Marks
[4480.593s][info][gc,marking     ] GC(1295) Concurrent Clear Claimed Marks 0.034ms
[4480.593s][info][gc,marking     ] GC(1295) Concurrent Cleanup for Next Mark
[4480.599s][info][gc,marking     ] GC(1295) Concurrent Cleanup for Next Mark 5.773ms
[4480.599s][info][gc             ] GC(1295) Concurrent Mark Cycle 1492.506ms
.[4481.301s][info][gc,start       ] GC(1296) Pause Young (Prepare Mixed) (G1 Evacuation Pause)
[4481.301s][info][gc,task        ] GC(1296) Using 6 workers of 6 for evacuation
[4481.421s][info][gc,phases      ] GC(1296)   Pre Evacuate Collection Set: 0.34ms
[4481.421s][info][gc,phases      ] GC(1296)   Merge Heap Roots: 0.46ms
[4481.421s][info][gc,phases      ] GC(1296)   Evacuate Collection Set: 118.01ms
[4481.421s][info][gc,phases      ] GC(1296)   Post Evacuate Collection Set: 0.93ms
[4481.421s][info][gc,phases      ] GC(1296)   Other: 0.09ms
[4481.421s][info][gc,heap        ] GC(1296) Eden regions: 1118->0(1100)
[4481.421s][info][gc,heap        ] GC(1296) Survivor regions: 110->114(154)
[4481.421s][info][gc,heap        ] GC(1296) Old regions: 506->537
[4481.421s][info][gc,heap        ] GC(1296) Humongous regions: 80->80
[4481.421s][info][gc,metaspace   ] GC(1296) Metaspace: 28923K(29312K)->28923K(29312K) NonClass: 24054K(24256K)->24054K(24256K) Class: 4868K(5056K)->4868K(5056K)
[4481.421s][info][gc             ] GC(1296) Pause Young (Prepare Mixed) (G1 Evacuation Pause) 3626M->1461M(4096M) 119.958ms
[4481.421s][info][gc,cpu         ] GC(1296) User=0.71s Sys=0.00s Real=0.12s
..[4483.595s][info][gc,start       ] GC(1297) Pause Young (Mixed) (G1 Evacuation Pause)
[4483.595s][info][gc,task        ] GC(1297) Using 6 workers of 6 for evacuation
[4483.731s][info][gc,phases      ] GC(1297)   Pre Evacuate Collection Set: 0.38ms
[4483.731s][info][gc,phases      ] GC(1297)   Merge Heap Roots: 0.92ms
[4483.731s][info][gc,phases      ] GC(1297)   Evacuate Collection Set: 133.68ms
[4483.731s][info][gc,phases      ] GC(1297)   Post Evacuate Collection Set: 0.89ms
[4483.731s][info][gc,phases      ] GC(1297)   Other: 0.10ms
[4483.731s][info][gc,heap        ] GC(1297) Eden regions: 1100->0(1117)
[4483.731s][info][gc,heap        ] GC(1297) Survivor regions: 114->111(152)
[4483.731s][info][gc,heap        ] GC(1297) Old regions: 537->474
[4483.731s][info][gc,heap        ] GC(1297) Humongous regions: 80->80
[4483.731s][info][gc,metaspace   ] GC(1297) Metaspace: 28923K(29312K)->28923K(29312K) NonClass: 24054K(24256K)->24054K(24256K) Class: 4868K(5056K)->4868K(5056K)
[4483.731s][info][gc             ] GC(1297) Pause Young (Mixed) (G1 Evacuation Pause) 3661M->1328M(4096M) 136.109ms
[4483.731s][info][gc,cpu         ] GC(1297) User=0.81s Sys=0.00s Real=0.13s
... (rIR:aIR:PR = 8025:8038:8038) (tPR = 119528) [OK] 
  4485s: Performance info:
         Transaction,    Success,    Partial,     Failed,   Receipts, AvgBarcode, 
             Overall,     483462,          0,          0,     459280,      59.47, 
         Response times:
             Request,    Success,    Partial,     Failed,   SkipFail,     Probes,    Samples,      min,      p50,      p90,      p95,      p99,      max, 
       TotalPurchase,     459279,          0,          0,          0,     350517,     454996,      300,     7000,   101000,   146000,   242000,   501000,
     InStorePurchase,     242757,          0,          0,          0,     184421,     239683,      300,     7000,   100000,   146000,   242000,   501000,
      OnlinePurchase,     168228,          0,          0,          0,     129134,     167464,      300,     7000,   101000,   145000,   240000,   374000,
        InstPurchase,      48294,          0,          0,          0,      36962,      47849,      400,     7100,   103000,   148000,   243000,   457000,
          AssocOfCat,        481,          0,          0,          0,        417,        613,    26000,    48000,   173000,   204000,   262860,   318000,
      AssocOfProduct,       4835,          0,          0,          0,       3273,       4367,      400,     3600,    80000,   128000,   219320,   319000,
      BusinessReport,       1207,          0,          0,          0,       1063,       1507,    26000,    51000,   165000,   203200,   299760,   331000,
          CustBuyBeh,       4850,          0,          0,          0,       3266,       4421,      300,     7300,   100000,   142000,   245780,   317000,
       ProductReturn,      12809,          0,          0,          0,       9564,      12627,      300,     6900,    98000,   142000,   243000,   457000,

  4485s: (59%)   IR =   8164 [4485.948s][info][gc,start       ] GC(1298) Pause Young (Concurrent Start) (G1 Evacuation Pause)
[4485.948s][info][gc,task        ] GC(1298) Using 6 workers of 6 for evacuation
[4486.067s][info][gc,phases      ] GC(1298)   Pre Evacuate Collection Set: 0.37ms
[4486.068s][info][gc,phases      ] GC(1298)   Merge Heap Roots: 0.45ms
[4486.068s][info][gc,phases      ] GC(1298)   Evacuate Collection Set: 118.01ms
[4486.068s][info][gc,phases      ] GC(1298)   Post Evacuate Collection Set: 0.93ms
[4486.068s][info][gc,phases      ] GC(1298)   Other: 0.11ms
[4486.068s][info][gc,heap        ] GC(1298) Eden regions: 1117->0(1116)
[4486.068s][info][gc,heap        ] GC(1298) Survivor regions: 111->112(154)
[4486.068s][info][gc,heap        ] GC(1298) Old regions: 474->506
[4486.068s][info][gc,heap        ] GC(1298) Humongous regions: 80->80
[4486.068s][info][gc,metaspace   ] GC(1298) Metaspace: 28928K(29312K)->28928K(29312K) NonClass: 24059K(24256K)->24059K(24256K) Class: 4868K(5056K)->4868K(5056K)
[4486.068s][info][gc             ] GC(1298) Pause Young (Concurrent Start) (G1 Evacuation Pause) 3562M->1394M(4096M) 120.001ms
[4486.068s][info][gc             ] GC(1299) Concurrent Mark Cycle
[4486.068s][info][gc,marking     ] GC(1299) Concurrent Scan Root Regions
[4486.068s][info][gc,cpu         ] GC(1298) User=0.71s Sys=0.00s Real=0.12s
[4486.217s][info][gc,marking     ] GC(1299) Concurrent Scan Root Regions 149.612ms
[4486.217s][info][gc,marking     ] GC(1299) Concurrent Mark
[4486.217s][info][gc,marking     ] GC(1299) Concurrent Mark From Roots
[4486.217s][info][gc,task        ] GC(1299) Using 2 workers of 2 for marking
[4486.981s][info][gc,marking     ] GC(1299) Concurrent Mark From Roots 763.633ms
[4486.981s][info][gc,marking     ] GC(1299) Concurrent Preclean
[4486.981s][info][gc,marking     ] GC(1299) Concurrent Preclean 0.152ms
[4486.984s][info][gc,start       ] GC(1299) Pause Remark
[4486.989s][info][gc             ] GC(1299) Pause Remark 2180M->2180M(4096M) 5.148ms
[4486.990s][info][gc,cpu         ] GC(1299) User=0.03s Sys=0.00s Real=0.00s
[4486.990s][info][gc,marking     ] GC(1299) Concurrent Mark 772.308ms
[4486.990s][info][gc,marking     ] GC(1299) Concurrent Rebuild Remembered Sets and Scrub Regions
.[4487.255s][info][gc,marking     ] GC(1299) Concurrent Rebuild Remembered Sets and Scrub Regions 265.315ms
[4487.255s][info][gc,start       ] GC(1299) Pause Cleanup
[4487.255s][info][gc             ] GC(1299) Pause Cleanup 2472M->2472M(4096M) 0.114ms
[4487.255s][info][gc,cpu         ] GC(1299) User=0.00s Sys=0.00s Real=0.00s
[4487.255s][info][gc,marking     ] GC(1299) Concurrent Clear Claimed Marks
[4487.255s][info][gc,marking     ] GC(1299) Concurrent Clear Claimed Marks 0.025ms
[4487.255s][info][gc,marking     ] GC(1299) Concurrent Cleanup for Next Mark
[4487.260s][info][gc,marking     ] GC(1299) Concurrent Cleanup for Next Mark 4.998ms
[4487.260s][info][gc             ] GC(1299) Concurrent Mark Cycle 1192.775ms
.[4488.300s][info][gc,start       ] GC(1300) Pause Young (Prepare Mixed) (G1 Evacuation Pause)
[4488.301s][info][gc,task        ] GC(1300) Using 6 workers of 6 for evacuation
[4488.419s][info][gc,phases      ] GC(1300)   Pre Evacuate Collection Set: 0.33ms
[4488.419s][info][gc,phases      ] GC(1300)   Merge Heap Roots: 0.48ms
[4488.419s][info][gc,phases      ] GC(1300)   Evacuate Collection Set: 117.12ms
[4488.419s][info][gc,phases      ] GC(1300)   Post Evacuate Collection Set: 0.91ms
[4488.419s][info][gc,phases      ] GC(1300)   Other: 0.09ms
[4488.420s][info][gc,heap        ] GC(1300) Eden regions: 1116->0(1104)
[4488.420s][info][gc,heap        ] GC(1300) Survivor regions: 112->112(154)
[4488.420s][info][gc,heap        ] GC(1300) Old regions: 506->537
[4488.420s][info][gc,heap        ] GC(1300) Humongous regions: 80->80
[4488.420s][info][gc,metaspace   ] GC(1300) Metaspace: 28928K(29312K)->28928K(29312K) NonClass: 24059K(24256K)->24059K(24256K) Class: 4868K(5056K)->4868K(5056K)
[4488.420s][info][gc             ] GC(1300) Pause Young (Prepare Mixed) (G1 Evacuation Pause) 3626M->1457M(4096M) 119.068ms
[4488.420s][info][gc,cpu         ] GC(1300) User=0.70s Sys=0.00s Real=0.12s
..[4490.558s][info][gc,start       ] GC(1301) Pause Young (Mixed) (G1 Evacuation Pause)
[4490.558s][info][gc,task        ] GC(1301) Using 6 workers of 6 for evacuation
[4490.690s][info][gc,phases      ] GC(1301)   Pre Evacuate Collection Set: 0.40ms
[4490.690s][info][gc,phases      ] GC(1301)   Merge Heap Roots: 0.64ms
[4490.690s][info][gc,phases      ] GC(1301)   Evacuate Collection Set: 129.52ms
[4490.690s][info][gc,phases      ] GC(1301)   Post Evacuate Collection Set: 0.95ms
[4490.690s][info][gc,phases      ] GC(1301)   Other: 0.09ms
[4490.690s][info][gc,heap        ] GC(1301) Eden regions: 1104->0(1120)
[4490.690s][info][gc,heap        ] GC(1301) Survivor regions: 112->108(152)
[4490.690s][info][gc,heap        ] GC(1301) Old regions: 537->474
[4490.690s][info][gc,heap        ] GC(1301) Humongous regions: 80->80
[4490.690s][info][gc,metaspace   ] GC(1301) Metaspace: 28928K(29312K)->28928K(29312K) NonClass: 24059K(24256K)->24059K(24256K) Class: 4868K(5056K)->4868K(5056K)
[4490.690s][info][gc             ] GC(1301) Pause Young (Mixed) (G1 Evacuation Pause) 3665M->1321M(4096M) 131.733ms
[4490.690s][info][gc,cpu         ] GC(1301) User=0.78s Sys=0.00s Real=0.13s
..[4492.825s][info][gc,start       ] GC(1302) Pause Young (Concurrent Start) (G1 Evacuation Pause)
[4492.825s][info][gc,task        ] GC(1302) Using 6 workers of 6 for evacuation
[4492.944s][info][gc,phases      ] GC(1302)   Pre Evacuate Collection Set: 0.34ms
[4492.944s][info][gc,phases      ] GC(1302)   Merge Heap Roots: 0.44ms
[4492.944s][info][gc,phases      ] GC(1302)   Evacuate Collection Set: 117.32ms
[4492.944s][info][gc,phases      ] GC(1302)   Post Evacuate Collection Set: 0.88ms
[4492.944s][info][gc,phases      ] GC(1302)   Other: 0.11ms
[4492.944s][info][gc,heap        ] GC(1302) Eden regions: 1120->0(1118)
[4492.944s][info][gc,heap        ] GC(1302) Survivor regions: 108->110(154)
[4492.944s][info][gc,heap        ] GC(1302) Old regions: 474->506
[4492.944s][info][gc,heap        ] GC(1302) Humongous regions: 80->80
[4492.944s][info][gc,metaspace   ] GC(1302) Metaspace: 28928K(29312K)->28928K(29312K) NonClass: 24059K(24256K)->24059K(24256K) Class: 4868K(5056K)->4868K(5056K)
[4492.944s][info][gc             ] GC(1302) Pause Young (Concurrent Start) (G1 Evacuation Pause) 3561M->1391M(4096M) 119.228ms
[4492.944s][info][gc             ] GC(1303) Concurrent Mark Cycle
[4492.944s][info][gc,marking     ] GC(1303) Concurrent Scan Root Regions
[4492.944s][info][gc,cpu         ] GC(1302) User=0.70s Sys=0.00s Real=0.12s
[4493.093s][info][gc,marking     ] GC(1303) Concurrent Scan Root Regions 149.485ms
[4493.093s][info][gc,marking     ] GC(1303) Concurrent Mark
[4493.093s][info][gc,marking     ] GC(1303) Concurrent Mark From Roots
[4493.093s][info][gc,task        ] GC(1303) Using 2 workers of 2 for marking
.[4493.835s][info][gc,marking     ] GC(1303) Concurrent Mark From Roots 742.095ms
[4493.835s][info][gc,marking     ] GC(1303) Concurrent Preclean
[4493.836s][info][gc,marking     ] GC(1303) Concurrent Preclean 0.156ms
[4493.838s][info][gc,start       ] GC(1303) Pause Remark
[4493.842s][info][gc             ] GC(1303) Pause Remark 2215M->2215M(4096M) 4.263ms
[4493.842s][info][gc,cpu         ] GC(1303) User=0.02s Sys=0.00s Real=0.00s
[4493.842s][info][gc,marking     ] GC(1303) Concurrent Mark 749.075ms
[4493.842s][info][gc,marking     ] GC(1303) Concurrent Rebuild Remembered Sets and Scrub Regions
[4494.244s][info][gc,marking     ] GC(1303) Concurrent Rebuild Remembered Sets and Scrub Regions 401.663ms
[4494.245s][info][gc,start       ] GC(1303) Pause Cleanup
[4494.245s][info][gc             ] GC(1303) Pause Cleanup 2603M->2603M(4096M) 0.112ms
[4494.245s][info][gc,cpu         ] GC(1303) User=0.00s Sys=0.00s Real=0.00s
[4494.245s][info][gc,marking     ] GC(1303) Concurrent Clear Claimed Marks
[4494.245s][info][gc,marking     ] GC(1303) Concurrent Clear Claimed Marks 0.025ms
[4494.245s][info][gc,marking     ] GC(1303) Concurrent Cleanup for Next Mark
[4494.251s][info][gc,marking     ] GC(1303) Concurrent Cleanup for Next Mark 5.787ms
[4494.251s][info][gc             ] GC(1303) Concurrent Mark Cycle 1307.016ms
.[4495.171s][info][gc,start       ] GC(1304) Pause Young (Prepare Mixed) (G1 Evacuation Pause)
[4495.171s][info][gc,task        ] GC(1304) Using 6 workers of 6 for evacuation
[4495.294s][info][gc,phases      ] GC(1304)   Pre Evacuate Collection Set: 0.34ms
[4495.294s][info][gc,phases      ] GC(1304)   Merge Heap Roots: 0.49ms
[4495.294s][info][gc,phases      ] GC(1304)   Evacuate Collection Set: 120.49ms
[4495.294s][info][gc,phases      ] GC(1304)   Post Evacuate Collection Set: 0.92ms
[4495.294s][info][gc,phases      ] GC(1304)   Other: 0.09ms
[4495.294s][info][gc,heap        ] GC(1304) Eden regions: 1118->0(1100)
[4495.294s][info][gc,heap        ] GC(1304) Survivor regions: 110->114(154)
[4495.294s][info][gc,heap        ] GC(1304) Old regions: 506->537
[4495.294s][info][gc,heap        ] GC(1304) Humongous regions: 80->80
[4495.294s][info][gc,metaspace   ] GC(1304) Metaspace: 28928K(29312K)->28928K(29312K) NonClass: 24059K(24256K)->24059K(24256K) Class: 4868K(5056K)->4868K(5056K)
[4495.294s][info][gc             ] GC(1304) Pause Young (Prepare Mixed) (G1 Evacuation Pause) 3627M->1460M(4096M) 122.464ms
[4495.294s][info][gc,cpu         ] GC(1304) User=0.72s Sys=0.00s Real=0.13s
...[4497.393s][info][gc,start       ] GC(1305) Pause Young (Mixed) (G1 Evacuation Pause)
[4497.393s][info][gc,task        ] GC(1305) Using 6 workers of 6 for evacuation
[4497.529s][info][gc,phases      ] GC(1305)   Pre Evacuate Collection Set: 0.37ms
[4497.529s][info][gc,phases      ] GC(1305)   Merge Heap Roots: 0.68ms
[4497.529s][info][gc,phases      ] GC(1305)   Evacuate Collection Set: 133.30ms
[4497.529s][info][gc,phases      ] GC(1305)   Post Evacuate Collection Set: 0.94ms
[4497.529s][info][gc,phases      ] GC(1305)   Other: 0.09ms
[4497.529s][info][gc,heap        ] GC(1305) Eden regions: 1100->0(1118)
[4497.529s][info][gc,heap        ] GC(1305) Survivor regions: 114->110(152)
[4497.529s][info][gc,heap        ] GC(1305) Old regions: 537->475
[4497.529s][info][gc,heap        ] GC(1305) Humongous regions: 80->80
[4497.529s][info][gc,metaspace   ] GC(1305) Metaspace: 28928K(29312K)->28928K(29312K) NonClass: 24059K(24256K)->24059K(24256K) Class: 4868K(5056K)->4868K(5056K)
[4497.529s][info][gc             ] GC(1305) Pause Young (Mixed) (G1 Evacuation Pause) 3660M->1328M(4096M) 135.520ms
[4497.529s][info][gc,cpu         ] GC(1305) User=0.80s Sys=0.00s Real=0.13s
..[4499.745s][info][gc,start       ] GC(1306) Pause Young (Concurrent Start) (G1 Evacuation Pause)
[4499.745s][info][gc,task        ] GC(1306) Using 6 workers of 6 for evacuation
[4499.864s][info][gc,phases      ] GC(1306)   Pre Evacuate Collection Set: 0.39ms
[4499.864s][info][gc,phases      ] GC(1306)   Merge Heap Roots: 0.49ms
[4499.864s][info][gc,phases      ] GC(1306)   Evacuate Collection Set: 117.17ms
[4499.864s][info][gc,phases      ] GC(1306)   Post Evacuate Collection Set: 0.92ms
[4499.864s][info][gc,phases      ] GC(1306)   Other: 0.12ms
[4499.864s][info][gc,heap        ] GC(1306) Eden regions: 1118->0(1118)
[4499.864s][info][gc,heap        ] GC(1306) Survivor regions: 110->110(154)
[4499.864s][info][gc,heap        ] GC(1306) Old regions: 475->508
[4499.864s][info][gc,heap        ] GC(1306) Humongous regions: 80->80
[4499.864s][info][gc,metaspace   ] GC(1306) Metaspace: 28928K(29312K)->28928K(29312K) NonClass: 24059K(24256K)->24059K(24256K) Class: 4868K(5056K)->4868K(5056K)
[4499.864s][info][gc             ] GC(1306) Pause Young (Concurrent Start) (G1 Evacuation Pause) 3564M->1393M(4096M) 119.221ms
[4499.864s][info][gc             ] GC(1307) Concurrent Mark Cycle
[4499.864s][info][gc,marking     ] GC(1307) Concurrent Scan Root Regions
[4499.864s][info][gc,cpu         ] GC(1306) User=0.70s Sys=0.00s Real=0.12s
[4500.043s][info][gc,marking     ] GC(1307) Concurrent Scan Root Regions 179.191ms
[4500.043s][info][gc,marking     ] GC(1307) Concurrent Mark
[4500.043s][info][gc,marking     ] GC(1307) Concurrent Mark From Roots
[4500.043s][info][gc,task        ] GC(1307) Using 2 workers of 2 for marking
.[4501.051s][info][gc,marking     ] GC(1307) Concurrent Mark From Roots 1007.843ms
[4501.051s][info][gc,marking     ] GC(1307) Concurrent Preclean
[4501.051s][info][gc,marking     ] GC(1307) Concurrent Preclean 0.164ms
[4501.052s][info][gc,start       ] GC(1307) Pause Remark
[4501.060s][info][gc             ] GC(1307) Pause Remark 2497M->2497M(4096M) 8.262ms
[4501.060s][info][gc,cpu         ] GC(1307) User=0.04s Sys=0.00s Real=0.01s
[4501.060s][info][gc,marking     ] GC(1307) Concurrent Mark 1017.078ms
[4501.060s][info][gc,marking     ] GC(1307) Concurrent Rebuild Remembered Sets and Scrub Regions
.[4501.416s][info][gc,marking     ] GC(1307) Concurrent Rebuild Remembered Sets and Scrub Regions 356.191ms
[4501.417s][info][gc,start       ] GC(1307) Pause Cleanup
[4501.417s][info][gc             ] GC(1307) Pause Cleanup 2898M->2898M(4096M) 0.112ms
[4501.417s][info][gc,cpu         ] GC(1307) User=0.00s Sys=0.00s Real=0.00s
[4501.417s][info][gc,marking     ] GC(1307) Concurrent Clear Claimed Marks
[4501.417s][info][gc,marking     ] GC(1307) Concurrent Clear Claimed Marks 0.022ms
[4501.417s][info][gc,marking     ] GC(1307) Concurrent Cleanup for Next Mark
[4501.420s][info][gc,marking     ] GC(1307) Concurrent Cleanup for Next Mark 3.652ms
[4501.420s][info][gc             ] GC(1307) Concurrent Mark Cycle 1556.562ms
[4502.133s][info][gc,start       ] GC(1308) Pause Young (Prepare Mixed) (G1 Evacuation Pause)
[4502.133s][info][gc,task        ] GC(1308) Using 6 workers of 6 for evacuation
[4502.254s][info][gc,phases      ] GC(1308)   Pre Evacuate Collection Set: 0.35ms
[4502.254s][info][gc,phases      ] GC(1308)   Merge Heap Roots: 0.51ms
[4502.254s][info][gc,phases      ] GC(1308)   Evacuate Collection Set: 118.49ms
[4502.254s][info][gc,phases      ] GC(1308)   Post Evacuate Collection Set: 0.93ms
[4502.254s][info][gc,phases      ] GC(1308)   Other: 0.08ms
[4502.254s][info][gc,heap        ] GC(1308) Eden regions: 1118->0(1100)
[4502.254s][info][gc,heap        ] GC(1308) Survivor regions: 110->113(154)
[4502.254s][info][gc,heap        ] GC(1308) Old regions: 508->539
[4502.254s][info][gc,heap        ] GC(1308) Humongous regions: 80->80
[4502.254s][info][gc,metaspace   ] GC(1308) Metaspace: 28928K(29312K)->28928K(29312K) NonClass: 24059K(24256K)->24059K(24256K) Class: 4868K(5056K)->4868K(5056K)
[4502.254s][info][gc             ] GC(1308) Pause Young (Prepare Mixed) (G1 Evacuation Pause) 3629M->1461M(4096M) 120.488ms
[4502.254s][info][gc,cpu         ] GC(1308) User=0.71s Sys=0.00s Real=0.12s
.|.[4504.384s][info][gc,start       ] GC(1309) Pause Young (Mixed) (G1 Evacuation Pause)
[4504.384s][info][gc,task        ] GC(1309) Using 6 workers of 6 for evacuation
[4504.522s][info][gc,phases      ] GC(1309)   Pre Evacuate Collection Set: 0.38ms
[4504.522s][info][gc,phases      ] GC(1309)   Merge Heap Roots: 0.72ms
[4504.522s][info][gc,phases      ] GC(1309)   Evacuate Collection Set: 135.18ms
[4504.522s][info][gc,phases      ] GC(1309)   Post Evacuate Collection Set: 1.01ms
[4504.522s][info][gc,phases      ] GC(1309)   Other: 0.09ms
[4504.522s][info][gc,heap        ] GC(1309) Eden regions: 1100->0(1117)
[4504.522s][info][gc,heap        ] GC(1309) Survivor regions: 113->111(152)
[4504.522s][info][gc,heap        ] GC(1309) Old regions: 539->475
[4504.522s][info][gc,heap        ] GC(1309) Humongous regions: 80->80
[4504.522s][info][gc,metaspace   ] GC(1309) Metaspace: 28928K(29312K)->28928K(29312K) NonClass: 24059K(24256K)->24059K(24256K) Class: 4868K(5056K)->4868K(5056K)
[4504.522s][info][gc             ] GC(1309) Pause Young (Mixed) (G1 Evacuation Pause) 3661M->1330M(4096M) 137.506ms
[4504.522s][info][gc,cpu         ] GC(1309) User=0.82s Sys=0.00s Real=0.13s
...[4506.645s][info][gc,start       ] GC(1310) Pause Young (Concurrent Start) (G1 Evacuation Pause)
[4506.645s][info][gc,task        ] GC(1310) Using 6 workers of 6 for evacuation
[4506.761s][info][gc,phases      ] GC(1310)   Pre Evacuate Collection Set: 0.37ms
[4506.761s][info][gc,phases      ] GC(1310)   Merge Heap Roots: 0.44ms
[4506.761s][info][gc,phases      ] GC(1310)   Evacuate Collection Set: 113.90ms
[4506.761s][info][gc,phases      ] GC(1310)   Post Evacuate Collection Set: 0.88ms
[4506.761s][info][gc,phases      ] GC(1310)   Other: 0.10ms
[4506.761s][info][gc,heap        ] GC(1310) Eden regions: 1117->0(1120)
[4506.761s][info][gc,heap        ] GC(1310) Survivor regions: 111->108(154)
[4506.761s][info][gc,heap        ] GC(1310) Old regions: 475->508
[4506.761s][info][gc,heap        ] GC(1310) Humongous regions: 80->80
[4506.761s][info][gc,metaspace   ] GC(1310) Metaspace: 28928K(29312K)->28928K(29312K) NonClass: 24059K(24256K)->24059K(24256K) Class: 4868K(5056K)->4868K(5056K)
[4506.761s][info][gc             ] GC(1310) Pause Young (Concurrent Start) (G1 Evacuation Pause) 3564M->1389M(4096M) 115.815ms
[4506.761s][info][gc             ] GC(1311) Concurrent Mark Cycle
[4506.761s][info][gc,marking     ] GC(1311) Concurrent Scan Root Regions
[4506.761s][info][gc,cpu         ] GC(1310) User=0.68s Sys=0.00s Real=0.11s
[4506.943s][info][gc,marking     ] GC(1311) Concurrent Scan Root Regions 182.115ms
[4506.943s][info][gc,marking     ] GC(1311) Concurrent Mark
[4506.943s][info][gc,marking     ] GC(1311) Concurrent Mark From Roots
[4506.943s][info][gc,task        ] GC(1311) Using 2 workers of 2 for marking
.[4507.876s][info][gc,marking     ] GC(1311) Concurrent Mark From Roots 932.870ms
[4507.876s][info][gc,marking     ] GC(1311) Concurrent Preclean
[4507.876s][info][gc,marking     ] GC(1311) Concurrent Preclean 0.163ms
[4507.878s][info][gc,start       ] GC(1311) Pause Remark
[4507.884s][info][gc             ] GC(1311) Pause Remark 2427M->2427M(4096M) 5.300ms
[4507.884s][info][gc,cpu         ] GC(1311) User=0.03s Sys=0.00s Real=0.01s
[4507.884s][info][gc,marking     ] GC(1311) Concurrent Mark 940.909ms
[4507.884s][info][gc,marking     ] GC(1311) Concurrent Rebuild Remembered Sets and Scrub Regions
[4508.256s][info][gc,marking     ] GC(1311) Concurrent Rebuild Remembered Sets and Scrub Regions 372.277ms
[4508.256s][info][gc,start       ] GC(1311) Pause Cleanup
[4508.256s][info][gc             ] GC(1311) Pause Cleanup 2814M->2814M(4096M) 0.105ms
[4508.256s][info][gc,cpu         ] GC(1311) User=0.00s Sys=0.00s Real=0.00s
[4508.257s][info][gc,marking     ] GC(1311) Concurrent Clear Claimed Marks
[4508.257s][info][gc,marking     ] GC(1311) Concurrent Clear Claimed Marks 0.035ms
[4508.257s][info][gc,marking     ] GC(1311) Concurrent Cleanup for Next Mark
[4508.262s][info][gc,marking     ] GC(1311) Concurrent Cleanup for Next Mark 4.440ms
[4508.262s][info][gc             ] GC(1311) Concurrent Mark Cycle 1500.915ms
.[4509.073s][info][gc,start       ] GC(1312) Pause Young (Prepare Mixed) (G1 Evacuation Pause)
[4509.073s][info][gc,task        ] GC(1312) Using 6 workers of 6 for evacuation
[4509.198s][info][gc,phases      ] GC(1312)   Pre Evacuate Collection Set: 0.34ms
[4509.198s][info][gc,phases      ] GC(1312)   Merge Heap Roots: 0.49ms
[4509.198s][info][gc,phases      ] GC(1312)   Evacuate Collection Set: 123.49ms
[4509.198s][info][gc,phases      ] GC(1312)   Post Evacuate Collection Set: 0.79ms
[4509.198s][info][gc,phases      ] GC(1312)   Other: 0.08ms
[4509.198s][info][gc,heap        ] GC(1312) Eden regions: 1120->0(1094)
[4509.198s][info][gc,heap        ] GC(1312) Survivor regions: 108->116(154)
[4509.198s][info][gc,heap        ] GC(1312) Old regions: 508->539
[4509.198s][info][gc,heap        ] GC(1312) Humongous regions: 80->80
[4509.198s][info][gc,metaspace   ] GC(1312) Metaspace: 28928K(29312K)->28928K(29312K) NonClass: 24059K(24256K)->24059K(24256K) Class: 4868K(5056K)->4868K(5056K)
[4509.198s][info][gc             ] GC(1312) Pause Young (Prepare Mixed) (G1 Evacuation Pause) 3629M->1469M(4096M) 125.337ms
[4509.199s][info][gc,cpu         ] GC(1312) User=0.74s Sys=0.00s Real=0.12s
..[4511.333s][info][gc,start       ] GC(1313) Pause Young (Mixed) (G1 Evacuation Pause)
[4511.333s][info][gc,task        ] GC(1313) Using 6 workers of 6 for evacuation
[4511.472s][info][gc,phases      ] GC(1313)   Pre Evacuate Collection Set: 0.38ms
[4511.472s][info][gc,phases      ] GC(1313)   Merge Heap Roots: 0.78ms
[4511.472s][info][gc,phases      ] GC(1313)   Evacuate Collection Set: 136.29ms
[4511.472s][info][gc,phases      ] GC(1313)   Post Evacuate Collection Set: 0.99ms
[4511.472s][info][gc,phases      ] GC(1313)   Other: 0.09ms
[4511.472s][info][gc,heap        ] GC(1313) Eden regions: 1094->0(1117)
[4511.472s][info][gc,heap        ] GC(1313) Survivor regions: 116->111(152)
[4511.472s][info][gc,heap        ] GC(1313) Old regions: 539->475
[4511.472s][info][gc,heap        ] GC(1313) Humongous regions: 80->80
[4511.472s][info][gc,metaspace   ] GC(1313) Metaspace: 28928K(29312K)->28928K(29312K) NonClass: 24059K(24256K)->24059K(24256K) Class: 4868K(5056K)->4868K(5056K)
[4511.472s][info][gc             ] GC(1313) Pause Young (Mixed) (G1 Evacuation Pause) 3657M->1330M(4096M) 138.666ms
[4511.472s][info][gc,cpu         ] GC(1313) User=0.82s Sys=0.00s Real=0.13s
...[4513.578s][info][gc,start       ] GC(1314) Pause Young (Concurrent Start) (G1 Evacuation Pause)
[4513.578s][info][gc,task        ] GC(1314) Using 6 workers of 6 for evacuation
[4513.696s][info][gc,phases      ] GC(1314)   Pre Evacuate Collection Set: 0.38ms
[4513.696s][info][gc,phases      ] GC(1314)   Merge Heap Roots: 0.48ms
[4513.696s][info][gc,phases      ] GC(1314)   Evacuate Collection Set: 116.82ms
[4513.696s][info][gc,phases      ] GC(1314)   Post Evacuate Collection Set: 0.89ms
[4513.696s][info][gc,phases      ] GC(1314)   Other: 0.09ms
[4513.696s][info][gc,heap        ] GC(1314) Eden regions: 1117->0(1119)
[4513.696s][info][gc,heap        ] GC(1314) Survivor regions: 111->109(154)
[4513.696s][info][gc,heap        ] GC(1314) Old regions: 475->507
[4513.696s][info][gc,heap        ] GC(1314) Humongous regions: 80->80
[4513.696s][info][gc,metaspace   ] GC(1314) Metaspace: 28928K(29312K)->28928K(29312K) NonClass: 24059K(24256K)->24059K(24256K) Class: 4868K(5056K)->4868K(5056K)
[4513.696s][info][gc             ] GC(1314) Pause Young (Concurrent Start) (G1 Evacuation Pause) 3564M->1391M(4096M) 118.794ms
[4513.696s][info][gc             ] GC(1315) Concurrent Mark Cycle
[4513.697s][info][gc,marking     ] GC(1315) Concurrent Scan Root Regions
[4513.697s][info][gc,cpu         ] GC(1314) User=0.70s Sys=0.00s Real=0.12s
[4513.882s][info][gc,marking     ] GC(1315) Concurrent Scan Root Regions 185.676ms
[4513.882s][info][gc,marking     ] GC(1315) Concurrent Mark
[4513.882s][info][gc,marking     ] GC(1315) Concurrent Mark From Roots
[4513.882s][info][gc,task        ] GC(1315) Using 2 workers of 2 for marking
.[4514.844s][info][gc,marking     ] GC(1315) Concurrent Mark From Roots 961.421ms
[4514.844s][info][gc,marking     ] GC(1315) Concurrent Preclean
[4514.844s][info][gc,marking     ] GC(1315) Concurrent Preclean 0.167ms
[4514.846s][info][gc,start       ] GC(1315) Pause Remark
[4514.851s][info][gc             ] GC(1315) Pause Remark 2485M->2485M(4096M) 5.669ms
[4514.851s][info][gc,cpu         ] GC(1315) User=0.03s Sys=0.00s Real=0.00s
[4514.852s][info][gc,marking     ] GC(1315) Concurrent Mark 969.293ms
[4514.852s][info][gc,marking     ] GC(1315) Concurrent Rebuild Remembered Sets and Scrub Regions
[4515.249s][info][gc,marking     ] GC(1315) Concurrent Rebuild Remembered Sets and Scrub Regions 397.805ms
[4515.250s][info][gc,start       ] GC(1315) Pause Cleanup
[4515.250s][info][gc             ] GC(1315) Pause Cleanup 2855M->2855M(4096M) 0.105ms
[4515.250s][info][gc,cpu         ] GC(1315) User=0.00s Sys=0.00s Real=0.00s
[4515.250s][info][gc,marking     ] GC(1315) Concurrent Clear Claimed Marks
[4515.250s][info][gc,marking     ] GC(1315) Concurrent Clear Claimed Marks 0.026ms
[4515.250s][info][gc,marking     ] GC(1315) Concurrent Cleanup for Next Mark
[4515.267s][info][gc,marking     ] GC(1315) Concurrent Cleanup for Next Mark 16.964ms
[4515.267s][info][gc             ] GC(1315) Concurrent Mark Cycle 1570.276ms
.[4516.007s][info][gc,start       ] GC(1316) Pause Young (Prepare Mixed) (G1 Evacuation Pause)
[4516.007s][info][gc,task        ] GC(1316) Using 6 workers of 6 for evacuation
[4516.124s][info][gc,phases      ] GC(1316)   Pre Evacuate Collection Set: 0.35ms
[4516.124s][info][gc,phases      ] GC(1316)   Merge Heap Roots: 0.48ms
[4516.124s][info][gc,phases      ] GC(1316)   Evacuate Collection Set: 115.25ms
[4516.124s][info][gc,phases      ] GC(1316)   Post Evacuate Collection Set: 0.94ms
[4516.124s][info][gc,phases      ] GC(1316)   Other: 0.09ms
[4516.124s][info][gc,heap        ] GC(1316) Eden regions: 1119->0(1107)
[4516.124s][info][gc,heap        ] GC(1316) Survivor regions: 109->110(154)
[4516.124s][info][gc,heap        ] GC(1316) Old regions: 507->538
[4516.124s][info][gc,heap        ] GC(1316) Humongous regions: 80->80
[4516.124s][info][gc,metaspace   ] GC(1316) Metaspace: 28928K(29312K)->28928K(29312K) NonClass: 24059K(24256K)->24059K(24256K) Class: 4868K(5056K)->4868K(5056K)
[4516.124s][info][gc             ] GC(1316) Pause Young (Prepare Mixed) (G1 Evacuation Pause) 3629M->1454M(4096M) 117.239ms
[4516.124s][info][gc,cpu         ] GC(1316) User=0.69s Sys=0.00s Real=0.12s
..[4518.222s][info][gc,start       ] GC(1317) Pause Young (Mixed) (G1 Evacuation Pause)
[4518.222s][info][gc,task        ] GC(1317) Using 6 workers of 6 for evacuation
[4518.360s][info][gc,phases      ] GC(1317)   Pre Evacuate Collection Set: 0.38ms
[4518.360s][info][gc,phases      ] GC(1317)   Merge Heap Roots: 0.62ms
[4518.360s][info][gc,phases      ] GC(1317)   Evacuate Collection Set: 135.43ms
[4518.360s][info][gc,phases      ] GC(1317)   Post Evacuate Collection Set: 0.93ms
[4518.360s][info][gc,phases      ] GC(1317)   Other: 0.09ms
[4518.360s][info][gc,heap        ] GC(1317) Eden regions: 1107->0(1115)
[4518.360s][info][gc,heap        ] GC(1317) Survivor regions: 110->113(153)
[4518.360s][info][gc,heap        ] GC(1317) Old regions: 538->476
[4518.360s][info][gc,heap        ] GC(1317) Humongous regions: 80->80
[4518.360s][info][gc,metaspace   ] GC(1317) Metaspace: 28928K(29312K)->28928K(29312K) NonClass: 24059K(24256K)->24059K(24256K) Class: 4868K(5056K)->4868K(5056K)
[4518.360s][info][gc             ] GC(1317) Pause Young (Mixed) (G1 Evacuation Pause) 3668M->1336M(4096M) 137.606ms
[4518.360s][info][gc,cpu         ] GC(1317) User=0.81s Sys=0.00s Real=0.13s
..[4520.544s][info][gc,start       ] GC(1318) Pause Young (Concurrent Start) (G1 Evacuation Pause)
[4520.544s][info][gc,task        ] GC(1318) Using 6 workers of 6 for evacuation
[4520.661s][info][gc,phases      ] GC(1318)   Pre Evacuate Collection Set: 0.38ms
[4520.661s][info][gc,phases      ] GC(1318)   Merge Heap Roots: 0.46ms
[4520.661s][info][gc,phases      ] GC(1318)   Evacuate Collection Set: 115.45ms
[4520.661s][info][gc,phases      ] GC(1318)   Post Evacuate Collection Set: 0.90ms
[4520.661s][info][gc,phases      ] GC(1318)   Other: 0.11ms
[4520.661s][info][gc,heap        ] GC(1318) Eden regions: 1115->0(1120)
[4520.661s][info][gc,heap        ] GC(1318) Survivor regions: 113->108(154)
[4520.661s][info][gc,heap        ] GC(1318) Old regions: 476->508
[4520.661s][info][gc,heap        ] GC(1318) Humongous regions: 80->80
[4520.661s][info][gc,metaspace   ] GC(1318) Metaspace: 28928K(29312K)->28928K(29312K) NonClass: 24059K(24256K)->24059K(24256K) Class: 4868K(5056K)->4868K(5056K)
[4520.661s][info][gc             ] GC(1318) Pause Young (Concurrent Start) (G1 Evacuation Pause) 3566M->1391M(4096M) 117.427ms
[4520.661s][info][gc             ] GC(1319) Concurrent Mark Cycle
[4520.661s][info][gc,marking     ] GC(1319) Concurrent Scan Root Regions
[4520.661s][info][gc,cpu         ] GC(1318) User=0.70s Sys=0.00s Real=0.11s
.[4520.883s][info][gc,marking     ] GC(1319) Concurrent Scan Root Regions 221.964ms
[4520.883s][info][gc,marking     ] GC(1319) Concurrent Mark
[4520.883s][info][gc,marking     ] GC(1319) Concurrent Mark From Roots
[4520.883s][info][gc,task        ] GC(1319) Using 2 workers of 2 for marking
.[4521.922s][info][gc,marking     ] GC(1319) Concurrent Mark From Roots 1038.874ms
[4521.922s][info][gc,marking     ] GC(1319) Concurrent Preclean
[4521.922s][info][gc,marking     ] GC(1319) Concurrent Preclean 0.172ms
[4521.925s][info][gc,start       ] GC(1319) Pause Remark
[4521.974s][info][gc             ] GC(1319) Pause Remark 2675M->2675M(4096M) 49.584ms
[4521.974s][info][gc,cpu         ] GC(1319) User=0.05s Sys=0.00s Real=0.05s
[4521.975s][info][gc,marking     ] GC(1319) Concurrent Mark 1091.681ms
[4521.975s][info][gc,marking     ] GC(1319) Concurrent Rebuild Remembered Sets and Scrub Regions
[4522.339s][info][gc,marking     ] GC(1319) Concurrent Rebuild Remembered Sets and Scrub Regions 364.499ms
[4522.340s][info][gc,start       ] GC(1319) Pause Cleanup
[4522.340s][info][gc             ] GC(1319) Pause Cleanup 3024M->3024M(4096M) 0.116ms
[4522.340s][info][gc,cpu         ] GC(1319) User=0.00s Sys=0.00s Real=0.00s
[4522.340s][info][gc,marking     ] GC(1319) Concurrent Clear Claimed Marks
[4522.340s][info][gc,marking     ] GC(1319) Concurrent Clear Claimed Marks 0.027ms
[4522.340s][info][gc,marking     ] GC(1319) Concurrent Cleanup for Next Mark
[4522.345s][info][gc,marking     ] GC(1319) Concurrent Cleanup for Next Mark 5.285ms
[4522.345s][info][gc             ] GC(1319) Concurrent Mark Cycle 1684.019ms
.[4522.860s][info][gc,start       ] GC(1320) Pause Young (Prepare Mixed) (G1 Evacuation Pause)
[4522.860s][info][gc,task        ] GC(1320) Using 6 workers of 6 for evacuation
[4522.982s][info][gc,phases      ] GC(1320)   Pre Evacuate Collection Set: 0.33ms
[4522.982s][info][gc,phases      ] GC(1320)   Merge Heap Roots: 0.49ms
[4522.982s][info][gc,phases      ] GC(1320)   Evacuate Collection Set: 120.09ms
[4522.982s][info][gc,phases      ] GC(1320)   Post Evacuate Collection Set: 0.95ms
[4522.982s][info][gc,phases      ] GC(1320)   Other: 0.09ms
[4522.982s][info][gc,heap        ] GC(1320) Eden regions: 1120->0(1102)
[4522.982s][info][gc,heap        ] GC(1320) Survivor regions: 108->111(154)
[4522.982s][info][gc,heap        ] GC(1320) Old regions: 508->541
[4522.982s][info][gc,heap        ] GC(1320) Humongous regions: 80->80
[4522.982s][info][gc,metaspace   ] GC(1320) Metaspace: 28928K(29312K)->28928K(29312K) NonClass: 24059K(24256K)->24059K(24256K) Class: 4868K(5056K)->4868K(5056K)
[4522.982s][info][gc             ] GC(1320) Pause Young (Prepare Mixed) (G1 Evacuation Pause) 3631M->1462M(4096M) 122.090ms
[4522.982s][info][gc,cpu         ] GC(1320) User=0.72s Sys=0.00s Real=0.13s
..[4525.118s][info][gc,start       ] GC(1321) Pause Young (Mixed) (G1 Evacuation Pause)
[4525.118s][info][gc,task        ] GC(1321) Using 6 workers of 6 for evacuation
[4525.255s][info][gc,phases      ] GC(1321)   Pre Evacuate Collection Set: 0.38ms
[4525.255s][info][gc,phases      ] GC(1321)   Merge Heap Roots: 0.70ms
[4525.255s][info][gc,phases      ] GC(1321)   Evacuate Collection Set: 134.60ms
[4525.255s][info][gc,phases      ] GC(1321)   Post Evacuate Collection Set: 0.95ms
[4525.255s][info][gc,phases      ] GC(1321)   Other: 0.09ms
[4525.255s][info][gc,heap        ] GC(1321) Eden regions: 1102->0(1116)
[4525.255s][info][gc,heap        ] GC(1321) Survivor regions: 111->112(152)
[4525.255s][info][gc,heap        ] GC(1321) Old regions: 541->476
[4525.255s][info][gc,heap        ] GC(1321) Humongous regions: 80->80
[4525.255s][info][gc,metaspace   ] GC(1321) Metaspace: 28928K(29312K)->28928K(29312K) NonClass: 24059K(24256K)->24059K(24256K) Class: 4868K(5056K)->4868K(5056K)
[4525.255s][info][gc             ] GC(1321) Pause Young (Mixed) (G1 Evacuation Pause) 3666M->1333M(4096M) 136.846ms
[4525.255s][info][gc,cpu         ] GC(1321) User=0.81s Sys=0.00s Real=0.14s
..[4527.387s][info][gc,start       ] GC(1322) Pause Young (Concurrent Start) (G1 Evacuation Pause)
[4527.387s][info][gc,task        ] GC(1322) Using 6 workers of 6 for evacuation
[4527.502s][info][gc,phases      ] GC(1322)   Pre Evacuate Collection Set: 0.44ms
[4527.502s][info][gc,phases      ] GC(1322)   Merge Heap Roots: 0.49ms
[4527.502s][info][gc,phases      ] GC(1322)   Evacuate Collection Set: 112.37ms
[4527.502s][info][gc,phases      ] GC(1322)   Post Evacuate Collection Set: 0.90ms
[4527.502s][info][gc,phases      ] GC(1322)   Other: 0.15ms
[4527.502s][info][gc,heap        ] GC(1322) Eden regions: 1116->0(1122)
[4527.502s][info][gc,heap        ] GC(1322) Survivor regions: 112->106(154)
[4527.502s][info][gc,heap        ] GC(1322) Old regions: 476->507
[4527.502s][info][gc,heap        ] GC(1322) Humongous regions: 80->80
[4527.502s][info][gc,metaspace   ] GC(1322) Metaspace: 28928K(29312K)->28928K(29312K) NonClass: 24059K(24256K)->24059K(24256K) Class: 4868K(5056K)->4868K(5056K)
[4527.502s][info][gc             ] GC(1322) Pause Young (Concurrent Start) (G1 Evacuation Pause) 3565M->1384M(4096M) 114.488ms
[4527.502s][info][gc             ] GC(1323) Concurrent Mark Cycle
[4527.502s][info][gc,marking     ] GC(1323) Concurrent Scan Root Regions
[4527.502s][info][gc,cpu         ] GC(1322) User=0.67s Sys=0.00s Real=0.11s
[4527.681s][info][gc,marking     ] GC(1323) Concurrent Scan Root Regions 179.445ms
[4527.681s][info][gc,marking     ] GC(1323) Concurrent Mark
[4527.681s][info][gc,marking     ] GC(1323) Concurrent Mark From Roots
[4527.681s][info][gc,task        ] GC(1323) Using 2 workers of 2 for marking
.[4528.612s][info][gc,marking     ] GC(1323) Concurrent Mark From Roots 930.498ms
[4528.612s][info][gc,marking     ] GC(1323) Concurrent Preclean
[4528.612s][info][gc,marking     ] GC(1323) Concurrent Preclean 0.188ms
[4528.614s][info][gc,start       ] GC(1323) Pause Remark
[4528.620s][info][gc             ] GC(1323) Pause Remark 2436M->2436M(4096M) 6.512ms
[4528.620s][info][gc,cpu         ] GC(1323) User=0.04s Sys=0.00s Real=0.00s
[4528.620s][info][gc,marking     ] GC(1323) Concurrent Mark 939.126ms
[4528.620s][info][gc,marking     ] GC(1323) Concurrent Rebuild Remembered Sets and Scrub Regions
.[4528.925s][info][gc,marking     ] GC(1323) Concurrent Rebuild Remembered Sets and Scrub Regions 304.693ms
[4528.925s][info][gc,start       ] GC(1323) Pause Cleanup
[4528.925s][info][gc             ] GC(1323) Pause Cleanup 2739M->2739M(4096M) 0.108ms
[4528.925s][info][gc,cpu         ] GC(1323) User=0.00s Sys=0.00s Real=0.00s
[4528.927s][info][gc,marking     ] GC(1323) Concurrent Clear Claimed Marks
[4528.927s][info][gc,marking     ] GC(1323) Concurrent Clear Claimed Marks 0.039ms
[4528.927s][info][gc,marking     ] GC(1323) Concurrent Cleanup for Next Mark
[4528.969s][info][gc,marking     ] GC(1323) Concurrent Cleanup for Next Mark 41.920ms
[4528.969s][info][gc             ] GC(1323) Concurrent Mark Cycle 1466.919ms
[4529.798s][info][gc,start       ] GC(1324) Pause Young (Prepare Mixed) (G1 Evacuation Pause)
[4529.798s][info][gc,task        ] GC(1324) Using 6 workers of 6 for evacuation
[4529.918s][info][gc,phases      ] GC(1324)   Pre Evacuate Collection Set: 0.34ms
[4529.918s][info][gc,phases      ] GC(1324)   Merge Heap Roots: 0.58ms
[4529.918s][info][gc,phases      ] GC(1324)   Evacuate Collection Set: 118.39ms
[4529.918s][info][gc,phases      ] GC(1324)   Post Evacuate Collection Set: 0.95ms
[4529.918s][info][gc,phases      ] GC(1324)   Other: 0.09ms
[4529.918s][info][gc,heap        ] GC(1324) Eden regions: 1122->0(1104)
[4529.918s][info][gc,heap        ] GC(1324) Survivor regions: 106->111(154)
[4529.918s][info][gc,heap        ] GC(1324) Old regions: 507->539
[4529.918s][info][gc,heap        ] GC(1324) Humongous regions: 80->80
[4529.918s][info][gc,metaspace   ] GC(1324) Metaspace: 28928K(29312K)->28928K(29312K) NonClass: 24059K(24256K)->24059K(24256K) Class: 4868K(5056K)->4868K(5056K)
[4529.918s][info][gc             ] GC(1324) Pause Young (Prepare Mixed) (G1 Evacuation Pause) 3628M->1458M(4096M) 120.474ms
[4529.918s][info][gc,cpu         ] GC(1324) User=0.71s Sys=0.00s Real=0.12s
...[4532.175s][info][gc,start       ] GC(1325) Pause Young (Mixed) (G1 Evacuation Pause)
[4532.175s][info][gc,task        ] GC(1325) Using 6 workers of 6 for evacuation
[4532.312s][info][gc,phases      ] GC(1325)   Pre Evacuate Collection Set: 0.41ms
[4532.312s][info][gc,phases      ] GC(1325)   Merge Heap Roots: 0.67ms
[4532.312s][info][gc,phases      ] GC(1325)   Evacuate Collection Set: 135.09ms
[4532.312s][info][gc,phases      ] GC(1325)   Post Evacuate Collection Set: 0.95ms
[4532.312s][info][gc,phases      ] GC(1325)   Other: 0.09ms
[4532.312s][info][gc,heap        ] GC(1325) Eden regions: 1104->0(1115)
[4532.312s][info][gc,heap        ] GC(1325) Survivor regions: 111->113(152)
[4532.312s][info][gc,heap        ] GC(1325) Old regions: 539->474
[4532.312s][info][gc,heap        ] GC(1325) Humongous regions: 80->80
[4532.312s][info][gc,metaspace   ] GC(1325) Metaspace: 28928K(29312K)->28928K(29312K) NonClass: 24059K(24256K)->24059K(24256K) Class: 4868K(5056K)->4868K(5056K)
[4532.312s][info][gc             ] GC(1325) Pause Young (Mixed) (G1 Evacuation Pause) 3666M->1331M(4096M) 137.339ms
[4532.312s][info][gc,cpu         ] GC(1325) User=0.81s Sys=0.00s Real=0.14s
..[4534.445s][info][gc,start       ] GC(1326) Pause Young (Concurrent Start) (G1 Evacuation Pause)
[4534.445s][info][gc,task        ] GC(1326) Using 6 workers of 6 for evacuation
[4534.563s][info][gc,phases      ] GC(1326)   Pre Evacuate Collection Set: 0.37ms
[4534.563s][info][gc,phases      ] GC(1326)   Merge Heap Roots: 0.44ms
[4534.563s][info][gc,phases      ] GC(1326)   Evacuate Collection Set: 115.93ms
[4534.563s][info][gc,phases      ] GC(1326)   Post Evacuate Collection Set: 0.88ms
[4534.563s][info][gc,phases      ] GC(1326)   Other: 0.10ms
[4534.563s][info][gc,heap        ] GC(1326) Eden regions: 1115->0(1119)
[4534.563s][info][gc,heap        ] GC(1326) Survivor regions: 113->109(154)
[4534.563s][info][gc,heap        ] GC(1326) Old regions: 474->506
[4534.563s][info][gc,heap        ] GC(1326) Humongous regions: 80->80
[4534.563s][info][gc,metaspace   ] GC(1326) Metaspace: 28928K(29312K)->28928K(29312K) NonClass: 24059K(24256K)->24059K(24256K) Class: 4868K(5056K)->4868K(5056K)
[4534.563s][info][gc             ] GC(1326) Pause Young (Concurrent Start) (G1 Evacuation Pause) 3561M->1388M(4096M) 117.839ms
[4534.563s][info][gc             ] GC(1327) Concurrent Mark Cycle
[4534.563s][info][gc,marking     ] GC(1327) Concurrent Scan Root Regions
[4534.563s][info][gc,cpu         ] GC(1326) User=0.69s Sys=0.00s Real=0.12s
[4534.701s][info][gc,marking     ] GC(1327) Concurrent Scan Root Regions 137.652ms
[4534.701s][info][gc,marking     ] GC(1327) Concurrent Mark
[4534.701s][info][gc,marking     ] GC(1327) Concurrent Mark From Roots
[4534.701s][info][gc,task        ] GC(1327) Using 2 workers of 2 for marking
.[4535.440s][info][gc,marking     ] GC(1327) Concurrent Mark From Roots 739.065ms
[4535.440s][info][gc,marking     ] GC(1327) Concurrent Preclean
[4535.440s][info][gc,marking     ] GC(1327) Concurrent Preclean 0.144ms
[4535.442s][info][gc,start       ] GC(1327) Pause Remark
[4535.447s][info][gc             ] GC(1327) Pause Remark 2164M->2164M(4096M) 4.785ms
[4535.447s][info][gc,cpu         ] GC(1327) User=0.03s Sys=0.00s Real=0.00s
[4535.447s][info][gc,marking     ] GC(1327) Concurrent Mark 746.875ms
[4535.447s][info][gc,marking     ] GC(1327) Concurrent Rebuild Remembered Sets and Scrub Regions
[4535.732s][info][gc,marking     ] GC(1327) Concurrent Rebuild Remembered Sets and Scrub Regions 284.137ms
[4535.735s][info][gc,start       ] GC(1327) Pause Cleanup
[4535.735s][info][gc             ] GC(1327) Pause Cleanup 2430M->2430M(4096M) 0.139ms
[4535.735s][info][gc,cpu         ] GC(1327) User=0.00s Sys=0.00s Real=0.00s
[4535.735s][info][gc,marking     ] GC(1327) Concurrent Clear Claimed Marks
[4535.735s][info][gc,marking     ] GC(1327) Concurrent Clear Claimed Marks 0.033ms
[4535.735s][info][gc,marking     ] GC(1327) Concurrent Cleanup for Next Mark
[4535.741s][info][gc,marking     ] GC(1327) Concurrent Cleanup for Next Mark 5.997ms
[4535.741s][info][gc             ] GC(1327) Concurrent Mark Cycle 1178.649ms
.[4536.818s][info][gc,start       ] GC(1328) Pause Young (Prepare Mixed) (G1 Evacuation Pause)
[4536.818s][info][gc,task        ] GC(1328) Using 6 workers of 6 for evacuation
[4536.940s][info][gc,phases      ] GC(1328)   Pre Evacuate Collection Set: 0.33ms
[4536.940s][info][gc,phases      ] GC(1328)   Merge Heap Roots: 0.61ms
[4536.940s][info][gc,phases      ] GC(1328)   Evacuate Collection Set: 119.77ms
[4536.940s][info][gc,phases      ] GC(1328)   Post Evacuate Collection Set: 0.94ms
[4536.940s][info][gc,phases      ] GC(1328)   Other: 0.09ms
[4536.940s][info][gc,heap        ] GC(1328) Eden regions: 1119->0(1104)
[4536.940s][info][gc,heap        ] GC(1328) Survivor regions: 109->112(154)
[4536.940s][info][gc,heap        ] GC(1328) Old regions: 506->537
[4536.940s][info][gc,heap        ] GC(1328) Humongous regions: 80->80
[4536.940s][info][gc,metaspace   ] GC(1328) Metaspace: 28928K(29312K)->28928K(29312K) NonClass: 24059K(24256K)->24059K(24256K) Class: 4868K(5056K)->4868K(5056K)
[4536.940s][info][gc             ] GC(1328) Pause Young (Prepare Mixed) (G1 Evacuation Pause) 3626M->1456M(4096M) 121.876ms
[4536.940s][info][gc,cpu         ] GC(1328) User=0.72s Sys=0.00s Real=0.12s
..[4539.009s][info][gc,start       ] GC(1329) Pause Young (Mixed) (G1 Evacuation Pause)
[4539.009s][info][gc,task        ] GC(1329) Using 6 workers of 6 for evacuation
[4539.147s][info][gc,phases      ] GC(1329)   Pre Evacuate Collection Set: 0.38ms
[4539.147s][info][gc,phases      ] GC(1329)   Merge Heap Roots: 0.77ms
[4539.147s][info][gc,phases      ] GC(1329)   Evacuate Collection Set: 135.70ms
[4539.147s][info][gc,phases      ] GC(1329)   Post Evacuate Collection Set: 0.94ms
[4539.147s][info][gc,phases      ] GC(1329)   Other: 0.09ms
[4539.147s][info][gc,heap        ] GC(1329) Eden regions: 1104->0(1116)
[4539.147s][info][gc,heap        ] GC(1329) Survivor regions: 112->112(152)
[4539.147s][info][gc,heap        ] GC(1329) Old regions: 537->474
[4539.147s][info][gc,heap        ] GC(1329) Humongous regions: 80->80
[4539.147s][info][gc,metaspace   ] GC(1329) Metaspace: 28928K(29312K)->28928K(29312K) NonClass: 24059K(24256K)->24059K(24256K) Class: 4868K(5056K)->4868K(5056K)
[4539.147s][info][gc             ] GC(1329) Pause Young (Mixed) (G1 Evacuation Pause) 3664M->1330M(4096M) 137.998ms
[4539.147s][info][gc,cpu         ] GC(1329) User=0.82s Sys=0.00s Real=0.14s
...[4541.323s][info][gc,start       ] GC(1330) Pause Young (Concurrent Start) (G1 Evacuation Pause)
[4541.323s][info][gc,task        ] GC(1330) Using 6 workers of 6 for evacuation
[4541.442s][info][gc,phases      ] GC(1330)   Pre Evacuate Collection Set: 0.40ms
[4541.442s][info][gc,phases      ] GC(1330)   Merge Heap Roots: 0.51ms
[4541.442s][info][gc,phases      ] GC(1330)   Evacuate Collection Set: 116.76ms
[4541.442s][info][gc,phases      ] GC(1330)   Post Evacuate Collection Set: 0.88ms
[4541.442s][info][gc,phases      ] GC(1330)   Other: 0.14ms
[4541.442s][info][gc,heap        ] GC(1330) Eden regions: 1116->0(1117)
[4541.442s][info][gc,heap        ] GC(1330) Survivor regions: 112->111(154)
[4541.442s][info][gc,heap        ] GC(1330) Old regions: 474->506
[4541.442s][info][gc,heap        ] GC(1330) Humongous regions: 80->80
[4541.442s][info][gc,metaspace   ] GC(1330) Metaspace: 28928K(29312K)->28928K(29312K) NonClass: 24059K(24256K)->24059K(24256K) Class: 4868K(5056K)->4868K(5056K)
[4541.442s][info][gc             ] GC(1330) Pause Young (Concurrent Start) (G1 Evacuation Pause) 3562M->1391M(4096M) 118.831ms
[4541.442s][info][gc             ] GC(1331) Concurrent Mark Cycle
[4541.442s][info][gc,marking     ] GC(1331) Concurrent Scan Root Regions
[4541.442s][info][gc,cpu         ] GC(1330) User=0.69s Sys=0.00s Real=0.12s
[4541.637s][info][gc,marking     ] GC(1331) Concurrent Scan Root Regions 194.536ms
[4541.637s][info][gc,marking     ] GC(1331) Concurrent Mark
[4541.637s][info][gc,marking     ] GC(1331) Concurrent Mark From Roots
[4541.637s][info][gc,task        ] GC(1331) Using 2 workers of 2 for marking
.[4542.674s][info][gc,marking     ] GC(1331) Concurrent Mark From Roots 1037.110ms
[4542.674s][info][gc,marking     ] GC(1331) Concurrent Preclean
[4542.674s][info][gc,marking     ] GC(1331) Concurrent Preclean 0.146ms
[4542.676s][info][gc,start       ] GC(1331) Pause Remark
[4542.681s][info][gc             ] GC(1331) Pause Remark 2597M->2597M(4096M) 5.030ms
[4542.681s][info][gc,cpu         ] GC(1331) User=0.02s Sys=0.00s Real=0.00s
[4542.681s][info][gc,marking     ] GC(1331) Concurrent Mark 1044.278ms
[4542.681s][info][gc,marking     ] GC(1331) Concurrent Rebuild Remembered Sets and Scrub Regions
[4543.079s][info][gc,marking     ] GC(1331) Concurrent Rebuild Remembered Sets and Scrub Regions 397.600ms
[4543.080s][info][gc,start       ] GC(1331) Pause Cleanup
[4543.080s][info][gc             ] GC(1331) Pause Cleanup 2985M->2985M(4096M) 0.123ms
[4543.080s][info][gc,cpu         ] GC(1331) User=0.00s Sys=0.00s Real=0.00s
[4543.080s][info][gc,marking     ] GC(1331) Concurrent Clear Claimed Marks
[4543.080s][info][gc,marking     ] GC(1331) Concurrent Clear Claimed Marks 0.033ms
[4543.080s][info][gc,marking     ] GC(1331) Concurrent Cleanup for Next Mark
[4543.089s][info][gc,marking     ] GC(1331) Concurrent Cleanup for Next Mark 9.190ms
[4543.089s][info][gc             ] GC(1331) Concurrent Mark Cycle 1647.131ms
.[4543.708s][info][gc,start       ] GC(1332) Pause Young (Prepare Mixed) (G1 Evacuation Pause)
[4543.708s][info][gc,task        ] GC(1332) Using 6 workers of 6 for evacuation
[4543.825s][info][gc,phases      ] GC(1332)   Pre Evacuate Collection Set: 0.35ms
[4543.825s][info][gc,phases      ] GC(1332)   Merge Heap Roots: 0.51ms
[4543.825s][info][gc,phases      ] GC(1332)   Evacuate Collection Set: 115.63ms
[4543.825s][info][gc,phases      ] GC(1332)   Post Evacuate Collection Set: 0.94ms
[4543.825s][info][gc,phases      ] GC(1332)   Other: 0.09ms
[4543.825s][info][gc,heap        ] GC(1332) Eden regions: 1117->0(1108)
[4543.825s][info][gc,heap        ] GC(1332) Survivor regions: 111->110(154)
[4543.825s][info][gc,heap        ] GC(1332) Old regions: 506->537
[4543.825s][info][gc,heap        ] GC(1332) Humongous regions: 80->80
[4543.825s][info][gc,metaspace   ] GC(1332) Metaspace: 28928K(29312K)->28928K(29312K) NonClass: 24059K(24256K)->24059K(24256K) Class: 4868K(5056K)->4868K(5056K)
[4543.825s][info][gc             ] GC(1332) Pause Young (Prepare Mixed) (G1 Evacuation Pause) 3625M->1452M(4096M) 117.652ms
[4543.825s][info][gc,cpu         ] GC(1332) User=0.70s Sys=0.00s Real=0.12s
..[4545.937s][info][gc,start       ] GC(1333) Pause Young (Mixed) (G1 Evacuation Pause)
[4545.937s][info][gc,task        ] GC(1333) Using 6 workers of 6 for evacuation
[4546.070s][info][gc,phases      ] GC(1333)   Pre Evacuate Collection Set: 0.37ms
[4546.070s][info][gc,phases      ] GC(1333)   Merge Heap Roots: 0.65ms
[4546.070s][info][gc,phases      ] GC(1333)   Evacuate Collection Set: 131.54ms
[4546.070s][info][gc,phases      ] GC(1333)   Post Evacuate Collection Set: 0.93ms
[4546.070s][info][gc,phases      ] GC(1333)   Other: 0.08ms
[4546.070s][info][gc,heap        ] GC(1333) Eden regions: 1108->0(1118)
[4546.070s][info][gc,heap        ] GC(1333) Survivor regions: 110->110(153)
[4546.070s][info][gc,heap        ] GC(1333) Old regions: 537->475
[4546.070s][info][gc,heap        ] GC(1333) Humongous regions: 80->80
[4546.070s][info][gc,metaspace   ] GC(1333) Metaspace: 28928K(29312K)->28928K(29312K) NonClass: 24059K(24256K)->24059K(24256K) Class: 4868K(5056K)->4868K(5056K)
[4546.071s][info][gc             ] GC(1333) Pause Young (Mixed) (G1 Evacuation Pause) 3668M->1328M(4096M) 133.714ms
[4546.071s][info][gc,cpu         ] GC(1333) User=0.79s Sys=0.00s Real=0.13s
..[4548.166s][info][gc,start       ] GC(1334) Pause Young (Concurrent Start) (G1 Evacuation Pause)
[4548.166s][info][gc,task        ] GC(1334) Using 6 workers of 6 for evacuation
[4548.284s][info][gc,phases      ] GC(1334)   Pre Evacuate Collection Set: 0.41ms
[4548.284s][info][gc,phases      ] GC(1334)   Merge Heap Roots: 0.50ms
[4548.284s][info][gc,phases      ] GC(1334)   Evacuate Collection Set: 116.10ms
[4548.284s][info][gc,phases      ] GC(1334)   Post Evacuate Collection Set: 0.91ms
[4548.284s][info][gc,phases      ] GC(1334)   Other: 0.13ms
[4548.284s][info][gc,heap        ] GC(1334) Eden regions: 1118->0(1118)
[4548.284s][info][gc,heap        ] GC(1334) Survivor regions: 110->110(154)
[4548.284s][info][gc,heap        ] GC(1334) Old regions: 475->507
[4548.284s][info][gc,heap        ] GC(1334) Humongous regions: 80->80
[4548.284s][info][gc,metaspace   ] GC(1334) Metaspace: 28928K(29312K)->28928K(29312K) NonClass: 24059K(24256K)->24059K(24256K) Class: 4868K(5056K)->4868K(5056K)
[4548.284s][info][gc             ] GC(1334) Pause Young (Concurrent Start) (G1 Evacuation Pause) 3564M->1392M(4096M) 118.195ms
[4548.284s][info][gc             ] GC(1335) Concurrent Mark Cycle
[4548.284s][info][gc,marking     ] GC(1335) Concurrent Scan Root Regions
[4548.284s][info][gc,cpu         ] GC(1334) User=0.70s Sys=0.00s Real=0.12s
.[4548.484s][info][gc,marking     ] GC(1335) Concurrent Scan Root Regions 199.725ms
[4548.484s][info][gc,marking     ] GC(1335) Concurrent Mark
[4548.484s][info][gc,marking     ] GC(1335) Concurrent Mark From Roots
[4548.484s][info][gc,task        ] GC(1335) Using 2 workers of 2 for marking
[4549.455s][info][gc,marking     ] GC(1335) Concurrent Mark From Roots 970.866ms
[4549.455s][info][gc,marking     ] GC(1335) Concurrent Preclean
[4549.455s][info][gc,marking     ] GC(1335) Concurrent Preclean 0.164ms
[4549.455s][info][gc,start       ] GC(1335) Pause Remark
[4549.463s][info][gc             ] GC(1335) Pause Remark 2539M->2539M(4096M) 8.088ms
[4549.463s][info][gc,cpu         ] GC(1335) User=0.04s Sys=0.00s Real=0.01s
[4549.464s][info][gc,marking     ] GC(1335) Concurrent Mark 979.685ms
[4549.464s][info][gc,marking     ] GC(1335) Concurrent Rebuild Remembered Sets and Scrub Regions
.[4549.790s][info][gc,marking     ] GC(1335) Concurrent Rebuild Remembered Sets and Scrub Regions 326.014ms
[4549.790s][info][gc,start       ] GC(1335) Pause Cleanup
[4549.790s][info][gc             ] GC(1335) Pause Cleanup 2856M->2856M(4096M) 0.110ms
[4549.790s][info][gc,cpu         ] GC(1335) User=0.00s Sys=0.00s Real=0.00s
[4549.790s][info][gc,marking     ] GC(1335) Concurrent Clear Claimed Marks
[4549.790s][info][gc,marking     ] GC(1335) Concurrent Clear Claimed Marks 0.039ms
[4549.790s][info][gc,marking     ] GC(1335) Concurrent Cleanup for Next Mark
[4549.796s][info][gc,marking     ] GC(1335) Concurrent Cleanup for Next Mark 5.511ms
[4549.796s][info][gc             ] GC(1335) Concurrent Mark Cycle 1511.837ms
[4550.496s][info][gc,start       ] GC(1336) Pause Young (Prepare Mixed) (G1 Evacuation Pause)
[4550.496s][info][gc,task        ] GC(1336) Using 6 workers of 6 for evacuation
[4550.614s][info][gc,phases      ] GC(1336)   Pre Evacuate Collection Set: 0.33ms
[4550.614s][info][gc,phases      ] GC(1336)   Merge Heap Roots: 0.48ms
[4550.614s][info][gc,phases      ] GC(1336)   Evacuate Collection Set: 115.65ms
[4550.614s][info][gc,phases      ] GC(1336)   Post Evacuate Collection Set: 0.96ms
[4550.614s][info][gc,phases      ] GC(1336)   Other: 0.09ms
[4550.614s][info][gc,heap        ] GC(1336) Eden regions: 1118->0(1110)
[4550.614s][info][gc,heap        ] GC(1336) Survivor regions: 110->108(154)
[4550.614s][info][gc,heap        ] GC(1336) Old regions: 507->539
[4550.614s][info][gc,heap        ] GC(1336) Humongous regions: 80->80
[4550.614s][info][gc,metaspace   ] GC(1336) Metaspace: 28928K(29312K)->28928K(29312K) NonClass: 24059K(24256K)->24059K(24256K) Class: 4868K(5056K)->4868K(5056K)
[4550.614s][info][gc             ] GC(1336) Pause Young (Prepare Mixed) (G1 Evacuation Pause) 3628M->1452M(4096M) 117.655ms
[4550.614s][info][gc,cpu         ] GC(1336) User=0.69s Sys=0.01s Real=0.12s
...[4552.806s][info][gc,start       ] GC(1337) Pause Young (Mixed) (G1 Evacuation Pause)
[4552.806s][info][gc,task        ] GC(1337) Using 6 workers of 6 for evacuation
[4552.945s][info][gc,phases      ] GC(1337)   Pre Evacuate Collection Set: 0.37ms
[4552.945s][info][gc,phases      ] GC(1337)   Merge Heap Roots: 0.67ms
[4552.945s][info][gc,phases      ] GC(1337)   Evacuate Collection Set: 136.11ms
[4552.945s][info][gc,phases      ] GC(1337)   Post Evacuate Collection Set: 0.98ms
[4552.945s][info][gc,phases      ] GC(1337)   Other: 0.08ms
[4552.945s][info][gc,heap        ] GC(1337) Eden regions: 1110->0(1115)
[4552.945s][info][gc,heap        ] GC(1337) Survivor regions: 108->113(153)
[4552.945s][info][gc,heap        ] GC(1337) Old regions: 539->474
[4552.945s][info][gc,heap        ] GC(1337) Humongous regions: 80->80
[4552.945s][info][gc,metaspace   ] GC(1337) Metaspace: 28928K(29312K)->28928K(29312K) NonClass: 24059K(24256K)->24059K(24256K) Class: 4868K(5056K)->4868K(5056K)
[4552.945s][info][gc             ] GC(1337) Pause Young (Mixed) (G1 Evacuation Pause) 3672M->1333M(4096M) 138.335ms
[4552.945s][info][gc,cpu         ] GC(1337) User=0.82s Sys=0.00s Real=0.14s
..[4555.066s][info][gc,start       ] GC(1338) Pause Young (Concurrent Start) (G1 Evacuation Pause)
[4555.066s][info][gc,task        ] GC(1338) Using 6 workers of 6 for evacuation
[4555.187s][info][gc,phases      ] GC(1338)   Pre Evacuate Collection Set: 0.39ms
[4555.187s][info][gc,phases      ] GC(1338)   Merge Heap Roots: 0.46ms
[4555.187s][info][gc,phases      ] GC(1338)   Evacuate Collection Set: 118.88ms
[4555.187s][info][gc,phases      ] GC(1338)   Post Evacuate Collection Set: 0.88ms
[4555.187s][info][gc,phases      ] GC(1338)   Other: 0.11ms
[4555.187s][info][gc,heap        ] GC(1338) Eden regions: 1115->0(1117)
[4555.187s][info][gc,heap        ] GC(1338) Survivor regions: 113->111(154)
[4555.187s][info][gc,heap        ] GC(1338) Old regions: 474->506
[4555.187s][info][gc,heap        ] GC(1338) Humongous regions: 80->80
[4555.187s][info][gc,metaspace   ] GC(1338) Metaspace: 28928K(29312K)->28928K(29312K) NonClass: 24059K(24256K)->24059K(24256K) Class: 4868K(5056K)->4868K(5056K)
[4555.187s][info][gc             ] GC(1338) Pause Young (Concurrent Start) (G1 Evacuation Pause) 3563M->1393M(4096M) 120.851ms
[4555.187s][info][gc             ] GC(1339) Concurrent Mark Cycle
[4555.187s][info][gc,marking     ] GC(1339) Concurrent Scan Root Regions
[4555.187s][info][gc,cpu         ] GC(1338) User=0.71s Sys=0.00s Real=0.12s
[4555.428s][info][gc,marking     ] GC(1339) Concurrent Scan Root Regions 240.660ms
[4555.428s][info][gc,marking     ] GC(1339) Concurrent Mark
[4555.428s][info][gc,marking     ] GC(1339) Concurrent Mark From Roots
[4555.428s][info][gc,task        ] GC(1339) Using 2 workers of 2 for marking
.[4556.290s][info][gc,marking     ] GC(1339) Concurrent Mark From Roots 862.010ms
[4556.290s][info][gc,marking     ] GC(1339) Concurrent Preclean
[4556.290s][info][gc,marking     ] GC(1339) Concurrent Preclean 0.115ms
[4556.290s][info][gc,start       ] GC(1339) Pause Remark
[4556.296s][info][gc             ] GC(1339) Pause Remark 2449M->2449M(4096M) 6.050ms
[4556.296s][info][gc,cpu         ] GC(1339) User=0.03s Sys=0.00s Real=0.01s
[4556.297s][info][gc,marking     ] GC(1339) Concurrent Mark 869.586ms
[4556.297s][info][gc,marking     ] GC(1339) Concurrent Rebuild Remembered Sets and Scrub Regions
[4556.619s][info][gc,marking     ] GC(1339) Concurrent Rebuild Remembered Sets and Scrub Regions 321.813ms
[4556.621s][info][gc,start       ] GC(1339) Pause Cleanup
[4556.621s][info][gc             ] GC(1339) Pause Cleanup 2765M->2765M(4096M) 0.126ms
[4556.621s][info][gc,cpu         ] GC(1339) User=0.00s Sys=0.00s Real=0.00s
[4556.621s][info][gc,marking     ] GC(1339) Concurrent Clear Claimed Marks
[4556.621s][info][gc,marking     ] GC(1339) Concurrent Clear Claimed Marks 0.035ms
[4556.621s][info][gc,marking     ] GC(1339) Concurrent Cleanup for Next Mark
[4556.629s][info][gc,marking     ] GC(1339) Concurrent Cleanup for Next Mark 7.810ms
[4556.629s][info][gc             ] GC(1339) Concurrent Mark Cycle 1441.681ms
.[4557.379s][info][gc,start       ] GC(1340) Pause Young (Prepare Mixed) (G1 Evacuation Pause)
[4557.379s][info][gc,task        ] GC(1340) Using 6 workers of 6 for evacuation
[4557.495s][info][gc,phases      ] GC(1340)   Pre Evacuate Collection Set: 0.32ms
[4557.495s][info][gc,phases      ] GC(1340)   Merge Heap Roots: 0.51ms
[4557.495s][info][gc,phases      ] GC(1340)   Evacuate Collection Set: 114.22ms
[4557.495s][info][gc,phases      ] GC(1340)   Post Evacuate Collection Set: 0.94ms
[4557.495s][info][gc,phases      ] GC(1340)   Other: 0.09ms
[4557.495s][info][gc,heap        ] GC(1340) Eden regions: 1117->0(1113)
[4557.495s][info][gc,heap        ] GC(1340) Survivor regions: 111->107(154)
[4557.495s][info][gc,heap        ] GC(1340) Old regions: 506->538
[4557.495s][info][gc,heap        ] GC(1340) Humongous regions: 80->80
[4557.495s][info][gc,metaspace   ] GC(1340) Metaspace: 28928K(29312K)->28928K(29312K) NonClass: 24059K(24256K)->24059K(24256K) Class: 4868K(5056K)->4868K(5056K)
[4557.495s][info][gc             ] GC(1340) Pause Young (Prepare Mixed) (G1 Evacuation Pause) 3627M->1448M(4096M) 116.209ms
[4557.495s][info][gc,cpu         ] GC(1340) User=0.69s Sys=0.01s Real=0.12s
..[4559.630s][info][gc,start       ] GC(1341) Pause Young (Mixed) (G1 Evacuation Pause)
[4559.630s][info][gc,task        ] GC(1341) Using 6 workers of 6 for evacuation
[4559.766s][info][gc,phases      ] GC(1341)   Pre Evacuate Collection Set: 0.37ms
[4559.766s][info][gc,phases      ] GC(1341)   Merge Heap Roots: 0.74ms
[4559.766s][info][gc,phases      ] GC(1341)   Evacuate Collection Set: 133.96ms
[4559.766s][info][gc,phases      ] GC(1341)   Post Evacuate Collection Set: 0.98ms
[4559.766s][info][gc,phases      ] GC(1341)   Other: 0.09ms
[4559.766s][info][gc,heap        ] GC(1341) Eden regions: 1113->0(1118)
[4559.766s][info][gc,heap        ] GC(1341) Survivor regions: 107->110(153)
[4559.766s][info][gc,heap        ] GC(1341) Old regions: 538->475
[4559.766s][info][gc,heap        ] GC(1341) Humongous regions: 80->80
[4559.767s][info][gc,metaspace   ] GC(1341) Metaspace: 28928K(29312K)->28928K(29312K) NonClass: 24059K(24256K)->24059K(24256K) Class: 4868K(5056K)->4868K(5056K)
[4559.767s][info][gc             ] GC(1341) Pause Young (Mixed) (G1 Evacuation Pause) 3674M->1327M(4096M) 136.291ms
[4559.767s][info][gc,cpu         ] GC(1341) User=0.81s Sys=0.00s Real=0.14s
...[4561.911s][info][gc,start       ] GC(1342) Pause Young (Concurrent Start) (G1 Evacuation Pause)
[4561.911s][info][gc,task        ] GC(1342) Using 6 workers of 6 for evacuation
[4562.031s][info][gc,phases      ] GC(1342)   Pre Evacuate Collection Set: 0.37ms
[4562.031s][info][gc,phases      ] GC(1342)   Merge Heap Roots: 0.47ms
[4562.031s][info][gc,phases      ] GC(1342)   Evacuate Collection Set: 117.76ms
[4562.031s][info][gc,phases      ] GC(1342)   Post Evacuate Collection Set: 0.88ms
[4562.031s][info][gc,phases      ] GC(1342)   Other: 0.11ms
[4562.031s][info][gc,heap        ] GC(1342) Eden regions: 1118->0(1116)
[4562.031s][info][gc,heap        ] GC(1342) Survivor regions: 110->112(154)
[4562.031s][info][gc,heap        ] GC(1342) Old regions: 475->506
[4562.031s][info][gc,heap        ] GC(1342) Humongous regions: 80->80
[4562.031s][info][gc,metaspace   ] GC(1342) Metaspace: 28928K(29312K)->28928K(29312K) NonClass: 24059K(24256K)->24059K(24256K) Class: 4868K(5056K)->4868K(5056K)
[4562.031s][info][gc             ] GC(1342) Pause Young (Concurrent Start) (G1 Evacuation Pause) 3563M->1394M(4096M) 119.730ms
[4562.031s][info][gc             ] GC(1343) Concurrent Mark Cycle
[4562.031s][info][gc,marking     ] GC(1343) Concurrent Scan Root Regions
[4562.031s][info][gc,cpu         ] GC(1342) User=0.71s Sys=0.00s Real=0.12s
[4562.217s][info][gc,marking     ] GC(1343) Concurrent Scan Root Regions 185.592ms
[4562.217s][info][gc,marking     ] GC(1343) Concurrent Mark
[4562.217s][info][gc,marking     ] GC(1343) Concurrent Mark From Roots
[4562.217s][info][gc,task        ] GC(1343) Using 2 workers of 2 for marking
[4562.999s][info][gc,marking     ] GC(1343) Concurrent Mark From Roots 781.880ms
[4562.999s][info][gc,marking     ] GC(1343) Concurrent Preclean
[4563.004s][info][gc,marking     ] GC(1343) Concurrent Preclean 4.912ms
[4563.007s][info][gc,start       ] GC(1343) Pause Remark
[4563.012s][info][gc             ] GC(1343) Pause Remark 2238M->2238M(4096M) 5.529ms
[4563.012s][info][gc,cpu         ] GC(1343) User=0.03s Sys=0.00s Real=0.01s
[4563.012s][info][gc,marking     ] GC(1343) Concurrent Mark 795.761ms
[4563.013s][info][gc,marking     ] GC(1343) Concurrent Rebuild Remembered Sets and Scrub Regions
. (rIR:aIR:PR = 8164:8128:8118) (tPR = 120881) [OK] 
  4562s: Performance info:
         Transaction,    Success,    Partial,     Failed,   Receipts, AvgBarcode, 
             Overall,     491529,          0,          0,     467037,      59.47, 
         Response times:
             Request,    Success,    Partial,     Failed,   SkipFail,     Probes,    Samples,      min,      p50,      p90,      p95,      p99,      max, 
       TotalPurchase,     468007,          0,          0,          0,     354101,     463485,      300,     7700,   105000,   150000,   261000,   610000,
     InStorePurchase,     245396,          0,          0,          0,     185604,     242688,      300,     7700,   106000,   151000,   261000,   610000,
      OnlinePurchase,     173281,          0,          0,          0,     130924,     171282,      300,     7700,   105000,   150000,   264000,   427000,
        InstPurchase,      49330,          0,          0,          0,      37573,      49515,      400,     8100,   102000,   144000,   260000,   427000,
          AssocOfCat,        493,          0,          0,          0,        417,        659,    25000,    46000,   148000,   194000,   348400,   417000,
      AssocOfProduct,       4903,          0,          0,          0,       3413,       4658,      600,     9100,   105000,   148000,   260000,   383000,
      BusinessReport,       1232,          0,          0,          0,       1091,       1555,    27000,    50000,   148400,   188000,   292440,   363000,
          CustBuyBeh,       4973,          0,          0,          0,       3460,       4683,      300,     7900,   100000,   145000,   250320,   383000,
       ProductReturn,      12931,          0,          0,          0,      10048,      13550,      200,     7500,   100000,   142000,   244000,   700000,

  4562s: (60%)   IR =   8302 [4563.292s][info][gc,marking     ] GC(1343) Concurrent Rebuild Remembered Sets and Scrub Regions 279.650ms
[4563.292s][info][gc,start       ] GC(1343) Pause Cleanup
[4563.292s][info][gc             ] GC(1343) Pause Cleanup 2498M->2498M(4096M) 0.117ms
[4563.292s][info][gc,cpu         ] GC(1343) User=0.00s Sys=0.00s Real=0.00s
[4563.293s][info][gc,marking     ] GC(1343) Concurrent Clear Claimed Marks
[4563.293s][info][gc,marking     ] GC(1343) Concurrent Clear Claimed Marks 0.028ms
[4563.293s][info][gc,marking     ] GC(1343) Concurrent Cleanup for Next Mark
[4563.298s][info][gc,marking     ] GC(1343) Concurrent Cleanup for Next Mark 5.178ms
[4563.298s][info][gc             ] GC(1343) Concurrent Mark Cycle 1266.775ms
.[4564.338s][info][gc,start       ] GC(1344) Pause Young (Prepare Mixed) (G1 Evacuation Pause)
[4564.338s][info][gc,task        ] GC(1344) Using 6 workers of 6 for evacuation
[4564.463s][info][gc,phases      ] GC(1344)   Pre Evacuate Collection Set: 0.33ms
[4564.463s][info][gc,phases      ] GC(1344)   Merge Heap Roots: 0.48ms
[4564.463s][info][gc,phases      ] GC(1344)   Evacuate Collection Set: 122.22ms
[4564.463s][info][gc,phases      ] GC(1344)   Post Evacuate Collection Set: 0.91ms
[4564.463s][info][gc,phases      ] GC(1344)   Other: 0.09ms
[4564.463s][info][gc,heap        ] GC(1344) Eden regions: 1116->0(1095)
[4564.463s][info][gc,heap        ] GC(1344) Survivor regions: 112->116(154)
[4564.463s][info][gc,heap        ] GC(1344) Old regions: 506->538
[4564.463s][info][gc,heap        ] GC(1344) Humongous regions: 80->80
[4564.463s][info][gc,metaspace   ] GC(1344) Metaspace: 28928K(29312K)->28928K(29312K) NonClass: 24059K(24256K)->24059K(24256K) Class: 4868K(5056K)->4868K(5056K)
[4564.463s][info][gc             ] GC(1344) Pause Young (Prepare Mixed) (G1 Evacuation Pause) 3626M->1466M(4096M) 124.179ms
[4564.463s][info][gc,cpu         ] GC(1344) User=0.73s Sys=0.00s Real=0.13s
..[4566.486s][info][gc,start       ] GC(1345) Pause Young (Mixed) (G1 Evacuation Pause)
[4566.486s][info][gc,task        ] GC(1345) Using 6 workers of 6 for evacuation
[4566.622s][info][gc,phases      ] GC(1345)   Pre Evacuate Collection Set: 0.40ms
[4566.622s][info][gc,phases      ] GC(1345)   Merge Heap Roots: 0.68ms
[4566.622s][info][gc,phases      ] GC(1345)   Evacuate Collection Set: 133.71ms
[4566.622s][info][gc,phases      ] GC(1345)   Post Evacuate Collection Set: 0.96ms
[4566.622s][info][gc,phases      ] GC(1345)   Other: 0.08ms
[4566.622s][info][gc,heap        ] GC(1345) Eden regions: 1095->0(1117)
[4566.622s][info][gc,heap        ] GC(1345) Survivor regions: 116->111(152)
[4566.622s][info][gc,heap        ] GC(1345) Old regions: 538->474
[4566.622s][info][gc,heap        ] GC(1345) Humongous regions: 80->80
[4566.622s][info][gc,metaspace   ] GC(1345) Metaspace: 28928K(29312K)->28928K(29312K) NonClass: 24059K(24256K)->24059K(24256K) Class: 4868K(5056K)->4868K(5056K)
[4566.622s][info][gc             ] GC(1345) Pause Young (Mixed) (G1 Evacuation Pause) 3656M->1328M(4096M) 135.949ms
[4566.622s][info][gc,cpu         ] GC(1345) User=0.80s Sys=0.00s Real=0.14s
..[4568.690s][info][gc,start       ] GC(1346) Pause Young (Concurrent Start) (G1 Evacuation Pause)
[4568.690s][info][gc,task        ] GC(1346) Using 6 workers of 6 for evacuation
[4568.810s][info][gc,phases      ] GC(1346)   Pre Evacuate Collection Set: 0.40ms
[4568.810s][info][gc,phases      ] GC(1346)   Merge Heap Roots: 0.54ms
[4568.810s][info][gc,phases      ] GC(1346)   Evacuate Collection Set: 118.32ms
[4568.810s][info][gc,phases      ] GC(1346)   Post Evacuate Collection Set: 0.90ms
[4568.810s][info][gc,phases      ] GC(1346)   Other: 0.14ms
[4568.810s][info][gc,heap        ] GC(1346) Eden regions: 1117->0(1119)
[4568.810s][info][gc,heap        ] GC(1346) Survivor regions: 111->109(154)
[4568.810s][info][gc,heap        ] GC(1346) Old regions: 474->507
[4568.810s][info][gc,heap        ] GC(1346) Humongous regions: 80->80
[4568.810s][info][gc,metaspace   ] GC(1346) Metaspace: 28928K(29312K)->28928K(29312K) NonClass: 24059K(24256K)->24059K(24256K) Class: 4868K(5056K)->4868K(5056K)
[4568.810s][info][gc             ] GC(1346) Pause Young (Concurrent Start) (G1 Evacuation Pause) 3562M->1390M(4096M) 120.441ms
[4568.810s][info][gc             ] GC(1347) Concurrent Mark Cycle
[4568.810s][info][gc,marking     ] GC(1347) Concurrent Scan Root Regions
[4568.810s][info][gc,cpu         ] GC(1346) User=0.71s Sys=0.00s Real=0.12s
[4568.950s][info][gc,marking     ] GC(1347) Concurrent Scan Root Regions 139.360ms
[4568.950s][info][gc,marking     ] GC(1347) Concurrent Mark
[4568.950s][info][gc,marking     ] GC(1347) Concurrent Mark From Roots
[4568.950s][info][gc,task        ] GC(1347) Using 2 workers of 2 for marking
.[4569.665s][info][gc,marking     ] GC(1347) Concurrent Mark From Roots 715.716ms
[4569.665s][info][gc,marking     ] GC(1347) Concurrent Preclean
[4569.666s][info][gc,marking     ] GC(1347) Concurrent Preclean 0.135ms
[4569.671s][info][gc,start       ] GC(1347) Pause Remark
[4569.676s][info][gc             ] GC(1347) Pause Remark 2164M->2164M(4096M) 4.917ms
[4569.676s][info][gc,cpu         ] GC(1347) User=0.03s Sys=0.00s Real=0.01s
[4569.676s][info][gc,marking     ] GC(1347) Concurrent Mark 726.724ms
[4569.676s][info][gc,marking     ] GC(1347) Concurrent Rebuild Remembered Sets and Scrub Regions
[4570.080s][info][gc,marking     ] GC(1347) Concurrent Rebuild Remembered Sets and Scrub Regions 403.570ms
[4570.080s][info][gc,start       ] GC(1347) Pause Cleanup
[4570.080s][info][gc             ] GC(1347) Pause Cleanup 2570M->2570M(4096M) 0.129ms
[4570.080s][info][gc,cpu         ] GC(1347) User=0.00s Sys=0.00s Real=0.00s
[4570.080s][info][gc,marking     ] GC(1347) Concurrent Clear Claimed Marks
[4570.080s][info][gc,marking     ] GC(1347) Concurrent Clear Claimed Marks 0.028ms
[4570.080s][info][gc,marking     ] GC(1347) Concurrent Cleanup for Next Mark
[4570.086s][info][gc,marking     ] GC(1347) Concurrent Cleanup for Next Mark 5.085ms
[4570.086s][info][gc             ] GC(1347) Concurrent Mark Cycle 1275.404ms
.[4570.968s][info][gc,start       ] GC(1348) Pause Young (Prepare Mixed) (G1 Evacuation Pause)
[4570.968s][info][gc,task        ] GC(1348) Using 6 workers of 6 for evacuation
[4571.085s][info][gc,phases      ] GC(1348)   Pre Evacuate Collection Set: 0.35ms
[4571.085s][info][gc,phases      ] GC(1348)   Merge Heap Roots: 0.51ms
[4571.085s][info][gc,phases      ] GC(1348)   Evacuate Collection Set: 115.37ms
[4571.085s][info][gc,phases      ] GC(1348)   Post Evacuate Collection Set: 0.92ms
[4571.085s][info][gc,phases      ] GC(1348)   Other: 0.10ms
[4571.085s][info][gc,heap        ] GC(1348) Eden regions: 1119->0(1107)
[4571.085s][info][gc,heap        ] GC(1348) Survivor regions: 109->110(154)
[4571.085s][info][gc,heap        ] GC(1348) Old regions: 507->538
[4571.085s][info][gc,heap        ] GC(1348) Humongous regions: 80->80
[4571.085s][info][gc,metaspace   ] GC(1348) Metaspace: 28928K(29312K)->28928K(29312K) NonClass: 24059K(24256K)->24059K(24256K) Class: 4868K(5056K)->4868K(5056K)
[4571.085s][info][gc             ] GC(1348) Pause Young (Prepare Mixed) (G1 Evacuation Pause) 3628M->1454M(4096M) 117.380ms
[4571.085s][info][gc,cpu         ] GC(1348) User=0.69s Sys=0.00s Real=0.12s
..[4573.135s][info][gc,start       ] GC(1349) Pause Young (Mixed) (G1 Evacuation Pause)
[4573.135s][info][gc,task        ] GC(1349) Using 6 workers of 6 for evacuation
[4573.269s][info][gc,phases      ] GC(1349)   Pre Evacuate Collection Set: 0.39ms
[4573.269s][info][gc,phases      ] GC(1349)   Merge Heap Roots: 0.66ms
[4573.269s][info][gc,phases      ] GC(1349)   Evacuate Collection Set: 131.62ms
[4573.269s][info][gc,phases      ] GC(1349)   Post Evacuate Collection Set: 0.94ms
[4573.269s][info][gc,phases      ] GC(1349)   Other: 0.09ms
[4573.269s][info][gc,heap        ] GC(1349) Eden regions: 1107->0(1118)
[4573.269s][info][gc,heap        ] GC(1349) Survivor regions: 110->110(153)
[4573.269s][info][gc,heap        ] GC(1349) Old regions: 538->475
[4573.269s][info][gc,heap        ] GC(1349) Humongous regions: 80->80
[4573.269s][info][gc,metaspace   ] GC(1349) Metaspace: 28928K(29312K)->28928K(29312K) NonClass: 24059K(24256K)->24059K(24256K) Class: 4868K(5056K)->4868K(5056K)
[4573.269s][info][gc             ] GC(1349) Pause Young (Mixed) (G1 Evacuation Pause) 3668M->1329M(4096M) 133.846ms
[4573.269s][info][gc,cpu         ] GC(1349) User=0.79s Sys=0.00s Real=0.13s
...[4575.407s][info][gc,start       ] GC(1350) Pause Young (Concurrent Start) (G1 Evacuation Pause)
[4575.407s][info][gc,task        ] GC(1350) Using 6 workers of 6 for evacuation
[4575.526s][info][gc,phases      ] GC(1350)   Pre Evacuate Collection Set: 0.36ms
[4575.526s][info][gc,phases      ] GC(1350)   Merge Heap Roots: 0.42ms
[4575.526s][info][gc,phases      ] GC(1350)   Evacuate Collection Set: 117.68ms
[4575.526s][info][gc,phases      ] GC(1350)   Post Evacuate Collection Set: 0.89ms
[4575.526s][info][gc,phases      ] GC(1350)   Other: 0.10ms
[4575.526s][info][gc,heap        ] GC(1350) Eden regions: 1118->0(1118)
[4575.526s][info][gc,heap        ] GC(1350) Survivor regions: 110->110(154)
[4575.526s][info][gc,heap        ] GC(1350) Old regions: 475->507
[4575.526s][info][gc,heap        ] GC(1350) Humongous regions: 80->80
[4575.526s][info][gc,metaspace   ] GC(1350) Metaspace: 28928K(29312K)->28928K(29312K) NonClass: 24059K(24256K)->24059K(24256K) Class: 4868K(5056K)->4868K(5056K)
[4575.526s][info][gc             ] GC(1350) Pause Young (Concurrent Start) (G1 Evacuation Pause) 3565M->1393M(4096M) 119.592ms
[4575.526s][info][gc             ] GC(1351) Concurrent Mark Cycle
[4575.526s][info][gc,marking     ] GC(1351) Concurrent Scan Root Regions
[4575.526s][info][gc,cpu         ] GC(1350) User=0.71s Sys=0.00s Real=0.12s
[4575.707s][info][gc,marking     ] GC(1351) Concurrent Scan Root Regions 180.457ms
[4575.707s][info][gc,marking     ] GC(1351) Concurrent Mark
[4575.707s][info][gc,marking     ] GC(1351) Concurrent Mark From Roots
[4575.707s][info][gc,task        ] GC(1351) Using 2 workers of 2 for marking
.[4576.670s][info][gc,marking     ] GC(1351) Concurrent Mark From Roots 962.956ms
[4576.670s][info][gc,marking     ] GC(1351) Concurrent Preclean
[4576.670s][info][gc,marking     ] GC(1351) Concurrent Preclean 0.158ms
[4576.672s][info][gc,start       ] GC(1351) Pause Remark
[4576.678s][info][gc             ] GC(1351) Pause Remark 2523M->2523M(4096M) 5.640ms
[4576.678s][info][gc,cpu         ] GC(1351) User=0.04s Sys=0.00s Real=0.00s
[4576.678s][info][gc,marking     ] GC(1351) Concurrent Mark 971.321ms
[4576.678s][info][gc,marking     ] GC(1351) Concurrent Rebuild Remembered Sets and Scrub Regions
[4577.070s][info][gc,marking     ] GC(1351) Concurrent Rebuild Remembered Sets and Scrub Regions 391.974ms
[4577.071s][info][gc,start       ] GC(1351) Pause Cleanup
[4577.071s][info][gc             ] GC(1351) Pause Cleanup 2911M->2911M(4096M) 0.113ms
[4577.071s][info][gc,cpu         ] GC(1351) User=0.00s Sys=0.00s Real=0.00s
[4577.072s][info][gc,marking     ] GC(1351) Concurrent Clear Claimed Marks
[4577.072s][info][gc,marking     ] GC(1351) Concurrent Clear Claimed Marks 0.035ms
[4577.072s][info][gc,marking     ] GC(1351) Concurrent Cleanup for Next Mark
[4577.081s][info][gc,marking     ] GC(1351) Concurrent Cleanup for Next Mark 8.854ms
[4577.081s][info][gc             ] GC(1351) Concurrent Mark Cycle 1554.508ms
.[4577.721s][info][gc,start       ] GC(1352) Pause Young (Prepare Mixed) (G1 Evacuation Pause)
[4577.721s][info][gc,task        ] GC(1352) Using 6 workers of 6 for evacuation
[4577.842s][info][gc,phases      ] GC(1352)   Pre Evacuate Collection Set: 0.32ms
[4577.842s][info][gc,phases      ] GC(1352)   Merge Heap Roots: 0.49ms
[4577.842s][info][gc,phases      ] GC(1352)   Evacuate Collection Set: 118.92ms
[4577.842s][info][gc,phases      ] GC(1352)   Post Evacuate Collection Set: 0.94ms
[4577.842s][info][gc,phases      ] GC(1352)   Other: 0.09ms
[4577.842s][info][gc,heap        ] GC(1352) Eden regions: 1118->0(1100)
[4577.842s][info][gc,heap        ] GC(1352) Survivor regions: 110->113(154)
[4577.842s][info][gc,heap        ] GC(1352) Old regions: 507->539
[4577.842s][info][gc,heap        ] GC(1352) Humongous regions: 80->80
[4577.842s][info][gc,metaspace   ] GC(1352) Metaspace: 28928K(29312K)->28928K(29312K) NonClass: 24059K(24256K)->24059K(24256K) Class: 4868K(5056K)->4868K(5056K)
[4577.842s][info][gc             ] GC(1352) Pause Young (Prepare Mixed) (G1 Evacuation Pause) 3629M->1462M(4096M) 120.897ms
[4577.842s][info][gc,cpu         ] GC(1352) User=0.72s Sys=0.00s Real=0.12s
..[4579.934s][info][gc,start       ] GC(1353) Pause Young (Mixed) (G1 Evacuation Pause)
[4579.934s][info][gc,task        ] GC(1353) Using 6 workers of 6 for evacuation
[4580.074s][info][gc,phases      ] GC(1353)   Pre Evacuate Collection Set: 0.38ms
[4580.074s][info][gc,phases      ] GC(1353)   Merge Heap Roots: 0.70ms
[4580.074s][info][gc,phases      ] GC(1353)   Evacuate Collection Set: 137.34ms
[4580.074s][info][gc,phases      ] GC(1353)   Post Evacuate Collection Set: 0.94ms
[4580.074s][info][gc,phases      ] GC(1353)   Other: 0.10ms
[4580.074s][info][gc,heap        ] GC(1353) Eden regions: 1100->0(1114)
[4580.074s][info][gc,heap        ] GC(1353) Survivor regions: 113->114(152)
[4580.074s][info][gc,heap        ] GC(1353) Old regions: 539->475
[4580.074s][info][gc,heap        ] GC(1353) Humongous regions: 80->80
[4580.074s][info][gc,metaspace   ] GC(1353) Metaspace: 28928K(29312K)->28928K(29312K) NonClass: 24059K(24256K)->24059K(24256K) Class: 4868K(5056K)->4868K(5056K)
[4580.074s][info][gc             ] GC(1353) Pause Young (Mixed) (G1 Evacuation Pause) 3662M->1336M(4096M) 139.582ms
[4580.074s][info][gc,cpu         ] GC(1353) User=0.82s Sys=0.00s Real=0.14s
..[4582.113s][info][gc,start       ] GC(1354) Pause Young (Concurrent Start) (G1 Evacuation Pause)
[4582.113s][info][gc,task        ] GC(1354) Using 6 workers of 6 for evacuation
[4582.234s][info][gc,phases      ] GC(1354)   Pre Evacuate Collection Set: 0.38ms
[4582.234s][info][gc,phases      ] GC(1354)   Merge Heap Roots: 0.45ms
[4582.234s][info][gc,phases      ] GC(1354)   Evacuate Collection Set: 118.79ms
[4582.234s][info][gc,phases      ] GC(1354)   Post Evacuate Collection Set: 0.90ms
[4582.234s][info][gc,phases      ] GC(1354)   Other: 0.10ms
[4582.234s][info][gc,heap        ] GC(1354) Eden regions: 1114->0(1116)
[4582.234s][info][gc,heap        ] GC(1354) Survivor regions: 114->112(154)
[4582.234s][info][gc,heap        ] GC(1354) Old regions: 475->508
[4582.234s][info][gc,heap        ] GC(1354) Humongous regions: 80->80
[4582.234s][info][gc,metaspace   ] GC(1354) Metaspace: 28928K(29312K)->28928K(29312K) NonClass: 24059K(24256K)->24059K(24256K) Class: 4868K(5056K)->4868K(5056K)
[4582.234s][info][gc             ] GC(1354) Pause Young (Concurrent Start) (G1 Evacuation Pause) 3564M->1397M(4096M) 120.746ms
[4582.234s][info][gc             ] GC(1355) Concurrent Mark Cycle
[4582.234s][info][gc,marking     ] GC(1355) Concurrent Scan Root Regions
[4582.234s][info][gc,cpu         ] GC(1354) User=0.71s Sys=0.00s Real=0.12s
.[4582.438s][info][gc,marking     ] GC(1355) Concurrent Scan Root Regions 203.862ms
[4582.438s][info][gc,marking     ] GC(1355) Concurrent Mark
[4582.438s][info][gc,marking     ] GC(1355) Concurrent Mark From Roots
[4582.438s][info][gc,task        ] GC(1355) Using 2 workers of 2 for marking
[4583.182s][info][gc,marking     ] GC(1355) Concurrent Mark From Roots 744.530ms
[4583.182s][info][gc,marking     ] GC(1355) Concurrent Preclean
[4583.182s][info][gc,marking     ] GC(1355) Concurrent Preclean 0.153ms
[4583.186s][info][gc,start       ] GC(1355) Pause Remark
[4583.191s][info][gc             ] GC(1355) Pause Remark 2283M->2283M(4096M) 4.775ms
[4583.191s][info][gc,cpu         ] GC(1355) User=0.02s Sys=0.00s Real=0.00s
[4583.191s][info][gc,marking     ] GC(1355) Concurrent Mark 753.338ms
[4583.191s][info][gc,marking     ] GC(1355) Concurrent Rebuild Remembered Sets and Scrub Regions
.[4583.480s][info][gc,marking     ] GC(1355) Concurrent Rebuild Remembered Sets and Scrub Regions 288.965ms
[4583.480s][info][gc,start       ] GC(1355) Pause Cleanup
[4583.480s][info][gc             ] GC(1355) Pause Cleanup 2597M->2597M(4096M) 0.134ms
[4583.480s][info][gc,cpu         ] GC(1355) User=0.00s Sys=0.00s Real=0.00s
[4583.481s][info][gc,marking     ] GC(1355) Concurrent Clear Claimed Marks
[4583.481s][info][gc,marking     ] GC(1355) Concurrent Clear Claimed Marks 0.030ms
[4583.481s][info][gc,marking     ] GC(1355) Concurrent Cleanup for Next Mark
[4583.486s][info][gc,marking     ] GC(1355) Concurrent Cleanup for Next Mark 5.334ms
[4583.486s][info][gc             ] GC(1355) Concurrent Mark Cycle 1252.568ms
[4584.434s][info][gc,start       ] GC(1356) Pause Young (Prepare Mixed) (G1 Evacuation Pause)
[4584.434s][info][gc,task        ] GC(1356) Using 6 workers of 6 for evacuation
[4584.551s][info][gc,phases      ] GC(1356)   Pre Evacuate Collection Set: 0.33ms
[4584.552s][info][gc,phases      ] GC(1356)   Merge Heap Roots: 0.47ms
[4584.552s][info][gc,phases      ] GC(1356)   Evacuate Collection Set: 115.43ms
[4584.552s][info][gc,phases      ] GC(1356)   Post Evacuate Collection Set: 0.92ms
[4584.552s][info][gc,phases      ] GC(1356)   Other: 0.09ms
[4584.552s][info][gc,heap        ] GC(1356) Eden regions: 1116->0(1112)
[4584.552s][info][gc,heap        ] GC(1356) Survivor regions: 112->107(154)
[4584.552s][info][gc,heap        ] GC(1356) Old regions: 508->539
[4584.552s][info][gc,heap        ] GC(1356) Humongous regions: 80->80
[4584.552s][info][gc,metaspace   ] GC(1356) Metaspace: 28928K(29312K)->28928K(29312K) NonClass: 24059K(24256K)->24059K(24256K) Class: 4868K(5056K)->4868K(5056K)
[4584.552s][info][gc             ] GC(1356) Pause Young (Prepare Mixed) (G1 Evacuation Pause) 3629M->1451M(4096M) 117.364ms
[4584.552s][info][gc,cpu         ] GC(1356) User=0.70s Sys=0.00s Real=0.11s
...[4586.699s][info][gc,start       ] GC(1357) Pause Young (Mixed) (G1 Evacuation Pause)
[4586.699s][info][gc,task        ] GC(1357) Using 6 workers of 6 for evacuation
[4586.836s][info][gc,phases      ] GC(1357)   Pre Evacuate Collection Set: 0.39ms
[4586.836s][info][gc,phases      ] GC(1357)   Merge Heap Roots: 0.63ms
[4586.836s][info][gc,phases      ] GC(1357)   Evacuate Collection Set: 134.67ms
[4586.836s][info][gc,phases      ] GC(1357)   Post Evacuate Collection Set: 0.95ms
[4586.836s][info][gc,phases      ] GC(1357)   Other: 0.09ms
[4586.836s][info][gc,heap        ] GC(1357) Eden regions: 1112->0(1116)
[4586.836s][info][gc,heap        ] GC(1357) Survivor regions: 107->112(153)
[4586.836s][info][gc,heap        ] GC(1357) Old regions: 539->474
[4586.836s][info][gc,heap        ] GC(1357) Humongous regions: 80->80
[4586.836s][info][gc,metaspace   ] GC(1357) Metaspace: 28928K(29312K)->28928K(29312K) NonClass: 24059K(24256K)->24059K(24256K) Class: 4868K(5056K)->4868K(5056K)
[4586.836s][info][gc             ] GC(1357) Pause Young (Mixed) (G1 Evacuation Pause) 3675M->1331M(4096M) 136.854ms
[4586.836s][info][gc,cpu         ] GC(1357) User=0.81s Sys=0.00s Real=0.14s
..|[4588.953s][info][gc,start       ] GC(1358) Pause Young (Concurrent Start) (G1 Evacuation Pause)
[4588.953s][info][gc,task        ] GC(1358) Using 6 workers of 6 for evacuation
[4589.072s][info][gc,phases      ] GC(1358)   Pre Evacuate Collection Set: 0.37ms
[4589.072s][info][gc,phases      ] GC(1358)   Merge Heap Roots: 0.49ms
[4589.072s][info][gc,phases      ] GC(1358)   Evacuate Collection Set: 116.45ms
[4589.072s][info][gc,phases      ] GC(1358)   Post Evacuate Collection Set: 0.90ms
[4589.072s][info][gc,phases      ] GC(1358)   Other: 0.11ms
[4589.072s][info][gc,heap        ] GC(1358) Eden regions: 1116->0(1118)
[4589.072s][info][gc,heap        ] GC(1358) Survivor regions: 112->110(154)
[4589.072s][info][gc,heap        ] GC(1358) Old regions: 474->507
[4589.072s][info][gc,heap        ] GC(1358) Humongous regions: 80->80
[4589.072s][info][gc,metaspace   ] GC(1358) Metaspace: 28928K(29312K)->28928K(29312K) NonClass: 24059K(24256K)->24059K(24256K) Class: 4868K(5056K)->4868K(5056K)
[4589.072s][info][gc             ] GC(1358) Pause Young (Concurrent Start) (G1 Evacuation Pause) 3563M->1391M(4096M) 118.449ms
[4589.072s][info][gc             ] GC(1359) Concurrent Mark Cycle
[4589.072s][info][gc,marking     ] GC(1359) Concurrent Scan Root Regions
[4589.072s][info][gc,cpu         ] GC(1358) User=0.70s Sys=0.00s Real=0.11s
[4589.215s][info][gc,marking     ] GC(1359) Concurrent Scan Root Regions 143.283ms
[4589.215s][info][gc,marking     ] GC(1359) Concurrent Mark
[4589.215s][info][gc,marking     ] GC(1359) Concurrent Mark From Roots
[4589.215s][info][gc,task        ] GC(1359) Using 2 workers of 2 for marking
.[4590.043s][info][gc,marking     ] GC(1359) Concurrent Mark From Roots 828.298ms
[4590.044s][info][gc,marking     ] GC(1359) Concurrent Preclean
[4590.044s][info][gc,marking     ] GC(1359) Concurrent Preclean 0.162ms
[4590.044s][info][gc,start       ] GC(1359) Pause Remark
[4590.047s][info][gc             ] GC(1359) Pause Remark 2273M->2273M(4096M) 3.508ms
[4590.048s][info][gc,cpu         ] GC(1359) User=0.02s Sys=0.00s Real=0.00s
[4590.048s][info][gc,marking     ] GC(1359) Concurrent Mark 833.044ms
[4590.048s][info][gc,marking     ] GC(1359) Concurrent Rebuild Remembered Sets and Scrub Regions
[4590.424s][info][gc,marking     ] GC(1359) Concurrent Rebuild Remembered Sets and Scrub Regions 375.713ms
[4590.426s][info][gc,start       ] GC(1359) Pause Cleanup
[4590.426s][info][gc             ] GC(1359) Pause Cleanup 2677M->2677M(4096M) 0.137ms
[4590.426s][info][gc,cpu         ] GC(1359) User=0.00s Sys=0.00s Real=0.00s
[4590.427s][info][gc,marking     ] GC(1359) Concurrent Clear Claimed Marks
[4590.427s][info][gc,marking     ] GC(1359) Concurrent Clear Claimed Marks 0.031ms
[4590.427s][info][gc,marking     ] GC(1359) Concurrent Cleanup for Next Mark
[4590.432s][info][gc,marking     ] GC(1359) Concurrent Cleanup for Next Mark 4.929ms
[4590.432s][info][gc             ] GC(1359) Concurrent Mark Cycle 1359.992ms
.[4591.245s][info][gc,start       ] GC(1360) Pause Young (Prepare Mixed) (G1 Evacuation Pause)
[4591.245s][info][gc,task        ] GC(1360) Using 6 workers of 6 for evacuation
[4591.370s][info][gc,phases      ] GC(1360)   Pre Evacuate Collection Set: 0.32ms
[4591.370s][info][gc,phases      ] GC(1360)   Merge Heap Roots: 0.51ms
[4591.370s][info][gc,phases      ] GC(1360)   Evacuate Collection Set: 122.30ms
[4591.370s][info][gc,phases      ] GC(1360)   Post Evacuate Collection Set: 0.87ms
[4591.370s][info][gc,phases      ] GC(1360)   Other: 0.09ms
[4591.370s][info][gc,heap        ] GC(1360) Eden regions: 1118->0(1098)
[4591.370s][info][gc,heap        ] GC(1360) Survivor regions: 110->114(154)
[4591.370s][info][gc,heap        ] GC(1360) Old regions: 507->539
[4591.370s][info][gc,heap        ] GC(1360) Humongous regions: 80->80
[4591.370s][info][gc,metaspace   ] GC(1360) Metaspace: 28928K(29312K)->28928K(29312K) NonClass: 24059K(24256K)->24059K(24256K) Class: 4868K(5056K)->4868K(5056K)
[4591.370s][info][gc             ] GC(1360) Pause Young (Prepare Mixed) (G1 Evacuation Pause) 3627M->1463M(4096M) 124.222ms
[4591.370s][info][gc,cpu         ] GC(1360) User=0.73s Sys=0.00s Real=0.12s
..[4593.501s][info][gc,start       ] GC(1361) Pause Young (Mixed) (G1 Evacuation Pause)
[4593.501s][info][gc,task        ] GC(1361) Using 6 workers of 6 for evacuation
[4593.634s][info][gc,phases      ] GC(1361)   Pre Evacuate Collection Set: 0.37ms
[4593.634s][info][gc,phases      ] GC(1361)   Merge Heap Roots: 0.70ms
[4593.634s][info][gc,phases      ] GC(1361)   Evacuate Collection Set: 131.46ms
[4593.634s][info][gc,phases      ] GC(1361)   Post Evacuate Collection Set: 0.93ms
[4593.634s][info][gc,phases      ] GC(1361)   Other: 0.08ms
[4593.634s][info][gc,heap        ] GC(1361) Eden regions: 1098->0(1119)
[4593.634s][info][gc,heap        ] GC(1361) Survivor regions: 114->109(152)
[4593.634s][info][gc,heap        ] GC(1361) Old regions: 539->476
[4593.634s][info][gc,heap        ] GC(1361) Humongous regions: 80->80
[4593.634s][info][gc,metaspace   ] GC(1361) Metaspace: 28928K(29312K)->28928K(29312K) NonClass: 24059K(24256K)->24059K(24256K) Class: 4868K(5056K)->4868K(5056K)
[4593.634s][info][gc             ] GC(1361) Pause Young (Mixed) (G1 Evacuation Pause) 3659M->1327M(4096M) 133.692ms
[4593.634s][info][gc,cpu         ] GC(1361) User=0.79s Sys=0.00s Real=0.14s
..[4595.693s][info][gc,start       ] GC(1362) Pause Young (Concurrent Start) (G1 Evacuation Pause)
[4595.693s][info][gc,task        ] GC(1362) Using 6 workers of 6 for evacuation
[4595.810s][info][gc,phases      ] GC(1362)   Pre Evacuate Collection Set: 0.36ms
[4595.810s][info][gc,phases      ] GC(1362)   Merge Heap Roots: 0.44ms
[4595.810s][info][gc,phases      ] GC(1362)   Evacuate Collection Set: 115.62ms
[4595.810s][info][gc,phases      ] GC(1362)   Post Evacuate Collection Set: 0.90ms
[4595.810s][info][gc,phases      ] GC(1362)   Other: 0.10ms
[4595.810s][info][gc,heap        ] GC(1362) Eden regions: 1119->0(1118)
[4595.810s][info][gc,heap        ] GC(1362) Survivor regions: 109->110(154)
[4595.810s][info][gc,heap        ] GC(1362) Old regions: 476->507
[4595.810s][info][gc,heap        ] GC(1362) Humongous regions: 80->80
[4595.810s][info][gc,metaspace   ] GC(1362) Metaspace: 28928K(29312K)->28928K(29312K) NonClass: 24059K(24256K)->24059K(24256K) Class: 4868K(5056K)->4868K(5056K)
[4595.810s][info][gc             ] GC(1362) Pause Young (Concurrent Start) (G1 Evacuation Pause) 3565M->1393M(4096M) 117.561ms
[4595.810s][info][gc             ] GC(1363) Concurrent Mark Cycle
[4595.810s][info][gc,marking     ] GC(1363) Concurrent Scan Root Regions
[4595.810s][info][gc,cpu         ] GC(1362) User=0.70s Sys=0.00s Real=0.11s
.[4595.991s][info][gc,marking     ] GC(1363) Concurrent Scan Root Regions 180.813ms
[4595.991s][info][gc,marking     ] GC(1363) Concurrent Mark
[4595.991s][info][gc,marking     ] GC(1363) Concurrent Mark From Roots
[4595.991s][info][gc,task        ] GC(1363) Using 2 workers of 2 for marking
[4596.731s][info][gc,marking     ] GC(1363) Concurrent Mark From Roots 740.371ms
[4596.731s][info][gc,marking     ] GC(1363) Concurrent Preclean
[4596.732s][info][gc,marking     ] GC(1363) Concurrent Preclean 0.221ms
[4596.732s][info][gc,start       ] GC(1363) Pause Remark
[4596.736s][info][gc             ] GC(1363) Pause Remark 2259M->2259M(4096M) 4.642ms
[4596.737s][info][gc,cpu         ] GC(1363) User=0.03s Sys=0.00s Real=0.01s
[4596.737s][info][gc,marking     ] GC(1363) Concurrent Mark 745.608ms
[4596.737s][info][gc,marking     ] GC(1363) Concurrent Rebuild Remembered Sets and Scrub Regions
.[4597.159s][info][gc,marking     ] GC(1363) Concurrent Rebuild Remembered Sets and Scrub Regions 422.379ms
[4597.159s][info][gc,start       ] GC(1363) Pause Cleanup
[4597.160s][info][gc             ] GC(1363) Pause Cleanup 2695M->2695M(4096M) 0.116ms
[4597.160s][info][gc,cpu         ] GC(1363) User=0.00s Sys=0.00s Real=0.00s
[4597.160s][info][gc,marking     ] GC(1363) Concurrent Clear Claimed Marks
[4597.160s][info][gc,marking     ] GC(1363) Concurrent Clear Claimed Marks 0.026ms
[4597.160s][info][gc,marking     ] GC(1363) Concurrent Cleanup for Next Mark
[4597.165s][info][gc,marking     ] GC(1363) Concurrent Cleanup for Next Mark 5.277ms
[4597.165s][info][gc             ] GC(1363) Concurrent Mark Cycle 1354.870ms
[4597.987s][info][gc,start       ] GC(1364) Pause Young (Prepare Mixed) (G1 Evacuation Pause)
[4597.987s][info][gc,task        ] GC(1364) Using 6 workers of 6 for evacuation
[4598.112s][info][gc,phases      ] GC(1364)   Pre Evacuate Collection Set: 0.32ms
[4598.112s][info][gc,phases      ] GC(1364)   Merge Heap Roots: 0.46ms
[4598.112s][info][gc,phases      ] GC(1364)   Evacuate Collection Set: 123.44ms
[4598.112s][info][gc,phases      ] GC(1364)   Post Evacuate Collection Set: 0.83ms
[4598.112s][info][gc,phases      ] GC(1364)   Other: 0.09ms
[4598.112s][info][gc,heap        ] GC(1364) Eden regions: 1118->0(1094)
[4598.112s][info][gc,heap        ] GC(1364) Survivor regions: 110->116(154)
[4598.112s][info][gc,heap        ] GC(1364) Old regions: 507->539
[4598.112s][info][gc,heap        ] GC(1364) Humongous regions: 80->80
[4598.112s][info][gc,metaspace   ] GC(1364) Metaspace: 28928K(29312K)->28928K(29312K) NonClass: 24059K(24256K)->24059K(24256K) Class: 4868K(5056K)->4868K(5056K)
[4598.112s][info][gc             ] GC(1364) Pause Young (Prepare Mixed) (G1 Evacuation Pause) 3629M->1468M(4096M) 125.275ms
[4598.112s][info][gc,cpu         ] GC(1364) User=0.74s Sys=0.00s Real=0.13s
...[4600.239s][info][gc,start       ] GC(1365) Pause Young (Mixed) (G1 Evacuation Pause)
[4600.239s][info][gc,task        ] GC(1365) Using 6 workers of 6 for evacuation
[4600.374s][info][gc,phases      ] GC(1365)   Pre Evacuate Collection Set: 0.39ms
[4600.374s][info][gc,phases      ] GC(1365)   Merge Heap Roots: 0.64ms
[4600.374s][info][gc,phases      ] GC(1365)   Evacuate Collection Set: 133.16ms
[4600.374s][info][gc,phases      ] GC(1365)   Post Evacuate Collection Set: 0.94ms
[4600.374s][info][gc,phases      ] GC(1365)   Other: 0.10ms
[4600.374s][info][gc,heap        ] GC(1365) Eden regions: 1094->0(1117)
[4600.374s][info][gc,heap        ] GC(1365) Survivor regions: 116->111(152)
[4600.374s][info][gc,heap        ] GC(1365) Old regions: 539->474
[4600.374s][info][gc,heap        ] GC(1365) Humongous regions: 80->80
[4600.374s][info][gc,metaspace   ] GC(1365) Metaspace: 28928K(29312K)->28928K(29312K) NonClass: 24059K(24256K)->24059K(24256K) Class: 4868K(5056K)->4868K(5056K)
[4600.375s][info][gc             ] GC(1365) Pause Young (Mixed) (G1 Evacuation Pause) 3656M->1328M(4096M) 135.374ms
[4600.375s][info][gc,cpu         ] GC(1365) User=0.80s Sys=0.00s Real=0.14s
..[4602.466s][info][gc,start       ] GC(1366) Pause Young (Concurrent Start) (G1 Evacuation Pause)
[4602.466s][info][gc,task        ] GC(1366) Using 6 workers of 6 for evacuation
[4602.588s][info][gc,phases      ] GC(1366)   Pre Evacuate Collection Set: 0.33ms
[4602.588s][info][gc,phases      ] GC(1366)   Merge Heap Roots: 0.44ms
[4602.588s][info][gc,phases      ] GC(1366)   Evacuate Collection Set: 120.31ms
[4602.588s][info][gc,phases      ] GC(1366)   Post Evacuate Collection Set: 0.94ms
[4602.588s][info][gc,phases      ] GC(1366)   Other: 0.11ms
[4602.588s][info][gc,heap        ] GC(1366) Eden regions: 1117->0(1116)
[4602.588s][info][gc,heap        ] GC(1366) Survivor regions: 111->112(154)
[4602.588s][info][gc,heap        ] GC(1366) Old regions: 474->507
[4602.588s][info][gc,heap        ] GC(1366) Humongous regions: 80->80
[4602.588s][info][gc,metaspace   ] GC(1366) Metaspace: 28928K(29312K)->28928K(29312K) NonClass: 24059K(24256K)->24059K(24256K) Class: 4868K(5056K)->4868K(5056K)
[4602.588s][info][gc             ] GC(1366) Pause Young (Concurrent Start) (G1 Evacuation Pause) 3562M->1396M(4096M) 122.276ms
[4602.588s][info][gc             ] GC(1367) Concurrent Mark Cycle
[4602.588s][info][gc,marking     ] GC(1367) Concurrent Scan Root Regions
[4602.588s][info][gc,cpu         ] GC(1366) User=0.72s Sys=0.00s Real=0.12s
[4602.734s][info][gc,marking     ] GC(1367) Concurrent Scan Root Regions 145.851ms
[4602.734s][info][gc,marking     ] GC(1367) Concurrent Mark
[4602.734s][info][gc,marking     ] GC(1367) Concurrent Mark From Roots
[4602.734s][info][gc,task        ] GC(1367) Using 2 workers of 2 for marking
.[4603.493s][info][gc,marking     ] GC(1367) Concurrent Mark From Roots 759.222ms
[4603.493s][info][gc,marking     ] GC(1367) Concurrent Preclean
[4603.493s][info][gc,marking     ] GC(1367) Concurrent Preclean 0.189ms
[4603.497s][info][gc,start       ] GC(1367) Pause Remark
[4603.501s][info][gc             ] GC(1367) Pause Remark 2196M->2196M(4096M) 4.536ms
[4603.501s][info][gc,cpu         ] GC(1367) User=0.02s Sys=0.00s Real=0.00s
[4603.501s][info][gc,marking     ] GC(1367) Concurrent Mark 767.441ms
[4603.501s][info][gc,marking     ] GC(1367) Concurrent Rebuild Remembered Sets and Scrub Regions
[4603.777s][info][gc,marking     ] GC(1367) Concurrent Rebuild Remembered Sets and Scrub Regions 275.236ms
[4603.778s][info][gc,start       ] GC(1367) Pause Cleanup
[4603.778s][info][gc             ] GC(1367) Pause Cleanup 2528M->2528M(4096M) 0.160ms
[4603.778s][info][gc,cpu         ] GC(1367) User=0.00s Sys=0.00s Real=0.00s
[4603.778s][info][gc,marking     ] GC(1367) Concurrent Clear Claimed Marks
[4603.778s][info][gc,marking     ] GC(1367) Concurrent Clear Claimed Marks 0.030ms
[4603.778s][info][gc,marking     ] GC(1367) Concurrent Cleanup for Next Mark
[4603.786s][info][gc,marking     ] GC(1367) Concurrent Cleanup for Next Mark 7.868ms
[4603.786s][info][gc             ] GC(1367) Concurrent Mark Cycle 1198.442ms
.[4604.690s][info][gc,start       ] GC(1368) Pause Young (Prepare Mixed) (G1 Evacuation Pause)
[4604.690s][info][gc,task        ] GC(1368) Using 6 workers of 6 for evacuation
[4604.810s][info][gc,phases      ] GC(1368)   Pre Evacuate Collection Set: 0.35ms
[4604.810s][info][gc,phases      ] GC(1368)   Merge Heap Roots: 0.49ms
[4604.810s][info][gc,phases      ] GC(1368)   Evacuate Collection Set: 118.48ms
[4604.810s][info][gc,phases      ] GC(1368)   Post Evacuate Collection Set: 0.92ms
[4604.810s][info][gc,phases      ] GC(1368)   Other: 0.09ms
[4604.810s][info][gc,heap        ] GC(1368) Eden regions: 1116->0(1105)
[4604.810s][info][gc,heap        ] GC(1368) Survivor regions: 112->111(154)
[4604.810s][info][gc,heap        ] GC(1368) Old regions: 507->538
[4604.810s][info][gc,heap        ] GC(1368) Humongous regions: 80->80
[4604.810s][info][gc,metaspace   ] GC(1368) Metaspace: 28928K(29312K)->28928K(29312K) NonClass: 24059K(24256K)->24059K(24256K) Class: 4868K(5056K)->4868K(5056K)
[4604.810s][info][gc             ] GC(1368) Pause Young (Prepare Mixed) (G1 Evacuation Pause) 3628M->1456M(4096M) 120.464ms
[4604.810s][info][gc,cpu         ] GC(1368) User=0.72s Sys=0.00s Real=0.12s
..[4606.933s][info][gc,start       ] GC(1369) Pause Young (Mixed) (G1 Evacuation Pause)
[4606.933s][info][gc,task        ] GC(1369) Using 6 workers of 6 for evacuation
[4607.075s][info][gc,phases      ] GC(1369)   Pre Evacuate Collection Set: 0.36ms
[4607.075s][info][gc,phases      ] GC(1369)   Merge Heap Roots: 0.67ms
[4607.075s][info][gc,phases      ] GC(1369)   Evacuate Collection Set: 139.60ms
[4607.075s][info][gc,phases      ] GC(1369)   Post Evacuate Collection Set: 1.00ms
[4607.075s][info][gc,phases      ] GC(1369)   Other: 0.09ms
[4607.075s][info][gc,heap        ] GC(1369) Eden regions: 1105->0(1113)
[4607.075s][info][gc,heap        ] GC(1369) Survivor regions: 111->115(152)
[4607.075s][info][gc,heap        ] GC(1369) Old regions: 538->476
[4607.075s][info][gc,heap        ] GC(1369) Humongous regions: 80->80
[4607.075s][info][gc,metaspace   ] GC(1369) Metaspace: 28928K(29312K)->28928K(29312K) NonClass: 24059K(24256K)->24059K(24256K) Class: 4868K(5056K)->4868K(5056K)
[4607.075s][info][gc             ] GC(1369) Pause Young (Mixed) (G1 Evacuation Pause) 3666M->1339M(4096M) 141.849ms
[4607.075s][info][gc,cpu         ] GC(1369) User=0.84s Sys=0.00s Real=0.14s
...[4609.221s][info][gc,start       ] GC(1370) Pause Young (Concurrent Start) (G1 Evacuation Pause)
[4609.221s][info][gc,task        ] GC(1370) Using 6 workers of 6 for evacuation
[4609.337s][info][gc,phases      ] GC(1370)   Pre Evacuate Collection Set: 0.39ms
[4609.337s][info][gc,phases      ] GC(1370)   Merge Heap Roots: 0.45ms
[4609.337s][info][gc,phases      ] GC(1370)   Evacuate Collection Set: 114.24ms
[4609.337s][info][gc,phases      ] GC(1370)   Post Evacuate Collection Set: 0.89ms
[4609.337s][info][gc,phases      ] GC(1370)   Other: 0.13ms
[4609.337s][info][gc,heap        ] GC(1370) Eden regions: 1113->0(1117)
[4609.337s][info][gc,heap        ] GC(1370) Survivor regions: 115->111(154)
[4609.337s][info][gc,heap        ] GC(1370) Old regions: 476->508
[4609.337s][info][gc,heap        ] GC(1370) Humongous regions: 80->80
[4609.337s][info][gc,metaspace   ] GC(1370) Metaspace: 28928K(29312K)->28928K(29312K) NonClass: 24059K(24256K)->24059K(24256K) Class: 4868K(5056K)->4868K(5056K)
[4609.337s][info][gc             ] GC(1370) Pause Young (Concurrent Start) (G1 Evacuation Pause) 3565M->1395M(4096M) 116.242ms
[4609.337s][info][gc             ] GC(1371) Concurrent Mark Cycle
[4609.337s][info][gc,marking     ] GC(1371) Concurrent Scan Root Regions
[4609.337s][info][gc,cpu         ] GC(1370) User=0.68s Sys=0.00s Real=0.12s
[4609.520s][info][gc,marking     ] GC(1371) Concurrent Scan Root Regions 182.734ms
[4609.520s][info][gc,marking     ] GC(1371) Concurrent Mark
[4609.520s][info][gc,marking     ] GC(1371) Concurrent Mark From Roots
[4609.520s][info][gc,task        ] GC(1371) Using 2 workers of 2 for marking
.[4610.502s][info][gc,marking     ] GC(1371) Concurrent Mark From Roots 981.898ms
[4610.502s][info][gc,marking     ] GC(1371) Concurrent Preclean
[4610.502s][info][gc,marking     ] GC(1371) Concurrent Preclean 0.189ms
[4610.505s][info][gc,start       ] GC(1371) Pause Remark
[4610.510s][info][gc             ] GC(1371) Pause Remark 2525M->2525M(4096M) 5.276ms
[4610.510s][info][gc,cpu         ] GC(1371) User=0.03s Sys=0.00s Real=0.00s
[4610.511s][info][gc,marking     ] GC(1371) Concurrent Mark 990.822ms
[4610.511s][info][gc,marking     ] GC(1371) Concurrent Rebuild Remembered Sets and Scrub Regions
[4610.789s][info][gc,marking     ] GC(1371) Concurrent Rebuild Remembered Sets and Scrub Regions 278.303ms
[4610.789s][info][gc,start       ] GC(1371) Pause Cleanup
[4610.790s][info][gc             ] GC(1371) Pause Cleanup 2810M->2810M(4096M) 0.126ms
[4610.790s][info][gc,cpu         ] GC(1371) User=0.00s Sys=0.00s Real=0.00s
[4610.790s][info][gc,marking     ] GC(1371) Concurrent Clear Claimed Marks
[4610.790s][info][gc,marking     ] GC(1371) Concurrent Clear Claimed Marks 0.022ms
[4610.790s][info][gc,marking     ] GC(1371) Concurrent Cleanup for Next Mark
[4610.796s][info][gc,marking     ] GC(1371) Concurrent Cleanup for Next Mark 6.277ms
[4610.796s][info][gc             ] GC(1371) Concurrent Mark Cycle 1458.766ms
.[4611.495s][info][gc,start       ] GC(1372) Pause Young (Prepare Mixed) (G1 Evacuation Pause)
[4611.495s][info][gc,task        ] GC(1372) Using 6 workers of 6 for evacuation
[4611.617s][info][gc,phases      ] GC(1372)   Pre Evacuate Collection Set: 0.32ms
[4611.617s][info][gc,phases      ] GC(1372)   Merge Heap Roots: 0.53ms
[4611.617s][info][gc,phases      ] GC(1372)   Evacuate Collection Set: 119.69ms
[4611.617s][info][gc,phases      ] GC(1372)   Post Evacuate Collection Set: 0.92ms
[4611.617s][info][gc,phases      ] GC(1372)   Other: 0.09ms
[4611.617s][info][gc,heap        ] GC(1372) Eden regions: 1117->0(1104)
[4611.617s][info][gc,heap        ] GC(1372) Survivor regions: 111->111(154)
[4611.617s][info][gc,heap        ] GC(1372) Old regions: 508->539
[4611.617s][info][gc,heap        ] GC(1372) Humongous regions: 80->80
[4611.617s][info][gc,metaspace   ] GC(1372) Metaspace: 28928K(29312K)->28928K(29312K) NonClass: 24059K(24256K)->24059K(24256K) Class: 4868K(5056K)->4868K(5056K)
[4611.617s][info][gc             ] GC(1372) Pause Young (Prepare Mixed) (G1 Evacuation Pause) 3629M->1458M(4096M) 121.680ms
[4611.617s][info][gc,cpu         ] GC(1372) User=0.72s Sys=0.00s Real=0.12s
..[4613.715s][info][gc,start       ] GC(1373) Pause Young (Mixed) (G1 Evacuation Pause)
[4613.715s][info][gc,task        ] GC(1373) Using 6 workers of 6 for evacuation
[4613.849s][info][gc,phases      ] GC(1373)   Pre Evacuate Collection Set: 0.39ms
[4613.849s][info][gc,phases      ] GC(1373)   Merge Heap Roots: 0.63ms
[4613.849s][info][gc,phases      ] GC(1373)   Evacuate Collection Set: 132.53ms
[4613.849s][info][gc,phases      ] GC(1373)   Post Evacuate Collection Set: 0.95ms
[4613.849s][info][gc,phases      ] GC(1373)   Other: 0.09ms
[4613.849s][info][gc,heap        ] GC(1373) Eden regions: 1104->0(1117)
[4613.849s][info][gc,heap        ] GC(1373) Survivor regions: 111->111(152)
[4613.849s][info][gc,heap        ] GC(1373) Old regions: 539->475
[4613.849s][info][gc,heap        ] GC(1373) Humongous regions: 80->80
[4613.849s][info][gc,metaspace   ] GC(1373) Metaspace: 28928K(29312K)->28928K(29312K) NonClass: 24059K(24256K)->24059K(24256K) Class: 4868K(5056K)->4868K(5056K)
[4613.849s][info][gc             ] GC(1373) Pause Young (Mixed) (G1 Evacuation Pause) 3666M->1330M(4096M) 134.700ms
[4613.849s][info][gc,cpu         ] GC(1373) User=0.80s Sys=0.00s Real=0.13s
..[4615.968s][info][gc,start       ] GC(1374) Pause Young (Concurrent Start) (G1 Evacuation Pause)
[4615.968s][info][gc,task        ] GC(1374) Using 6 workers of 6 for evacuation
[4616.093s][info][gc,phases      ] GC(1374)   Pre Evacuate Collection Set: 0.38ms
[4616.093s][info][gc,phases      ] GC(1374)   Merge Heap Roots: 0.48ms
[4616.093s][info][gc,phases      ] GC(1374)   Evacuate Collection Set: 123.66ms
[4616.093s][info][gc,phases      ] GC(1374)   Post Evacuate Collection Set: 0.89ms
[4616.093s][info][gc,phases      ] GC(1374)   Other: 0.12ms
[4616.093s][info][gc,heap        ] GC(1374) Eden regions: 1117->0(1113)
[4616.093s][info][gc,heap        ] GC(1374) Survivor regions: 111->115(154)
[4616.093s][info][gc,heap        ] GC(1374) Old regions: 475->507
[4616.093s][info][gc,heap        ] GC(1374) Humongous regions: 80->80
[4616.093s][info][gc,metaspace   ] GC(1374) Metaspace: 28928K(29312K)->28928K(29312K) NonClass: 24059K(24256K)->24059K(24256K) Class: 4868K(5056K)->4868K(5056K)
[4616.093s][info][gc             ] GC(1374) Pause Young (Concurrent Start) (G1 Evacuation Pause) 3564M->1403M(4096M) 125.680ms
[4616.093s][info][gc             ] GC(1375) Concurrent Mark Cycle
[4616.093s][info][gc,marking     ] GC(1375) Concurrent Scan Root Regions
[4616.093s][info][gc,cpu         ] GC(1374) User=0.75s Sys=0.01s Real=0.13s
[4616.289s][info][gc,marking     ] GC(1375) Concurrent Scan Root Regions 196.046ms
[4616.290s][info][gc,marking     ] GC(1375) Concurrent Mark
[4616.290s][info][gc,marking     ] GC(1375) Concurrent Mark From Roots
[4616.290s][info][gc,task        ] GC(1375) Using 2 workers of 2 for marking
.[4617.358s][info][gc,marking     ] GC(1375) Concurrent Mark From Roots 1068.320ms
[4617.358s][info][gc,marking     ] GC(1375) Concurrent Preclean
[4617.358s][info][gc,marking     ] GC(1375) Concurrent Preclean 0.168ms
[4617.358s][info][gc,start       ] GC(1375) Pause Remark
[4617.365s][info][gc             ] GC(1375) Pause Remark 2614M->2614M(4096M) 6.894ms
[4617.365s][info][gc,cpu         ] GC(1375) User=0.04s Sys=0.00s Real=0.01s
[4617.368s][info][gc,marking     ] GC(1375) Concurrent Mark 1078.365ms
[4617.368s][info][gc,marking     ] GC(1375) Concurrent Rebuild Remembered Sets and Scrub Regions
.[4617.766s][info][gc,marking     ] GC(1375) Concurrent Rebuild Remembered Sets and Scrub Regions 398.256ms
[4617.768s][info][gc,start       ] GC(1375) Pause Cleanup
[4617.768s][info][gc             ] GC(1375) Pause Cleanup 3043M->3043M(4096M) 0.131ms
[4617.768s][info][gc,cpu         ] GC(1375) User=0.00s Sys=0.00s Real=0.00s
[4617.768s][info][gc,marking     ] GC(1375) Concurrent Clear Claimed Marks
[4617.768s][info][gc,marking     ] GC(1375) Concurrent Clear Claimed Marks 0.041ms
[4617.768s][info][gc,marking     ] GC(1375) Concurrent Cleanup for Next Mark
[4617.775s][info][gc,marking     ] GC(1375) Concurrent Cleanup for Next Mark 6.542ms
[4617.775s][info][gc             ] GC(1375) Concurrent Mark Cycle 1681.189ms
[4618.286s][info][gc,start       ] GC(1376) Pause Young (Prepare Mixed) (G1 Evacuation Pause)
[4618.286s][info][gc,task        ] GC(1376) Using 6 workers of 6 for evacuation
[4618.405s][info][gc,phases      ] GC(1376)   Pre Evacuate Collection Set: 0.33ms
[4618.405s][info][gc,phases      ] GC(1376)   Merge Heap Roots: 0.47ms
[4618.405s][info][gc,phases      ] GC(1376)   Evacuate Collection Set: 117.33ms
[4618.405s][info][gc,phases      ] GC(1376)   Post Evacuate Collection Set: 0.94ms
[4618.405s][info][gc,phases      ] GC(1376)   Other: 0.08ms
[4618.405s][info][gc,heap        ] GC(1376) Eden regions: 1113->0(1103)
[4618.405s][info][gc,heap        ] GC(1376) Survivor regions: 115->112(154)
[4618.405s][info][gc,heap        ] GC(1376) Old regions: 507->538
[4618.405s][info][gc,heap        ] GC(1376) Humongous regions: 80->80
[4618.405s][info][gc,metaspace   ] GC(1376) Metaspace: 28928K(29312K)->28928K(29312K) NonClass: 24059K(24256K)->24059K(24256K) Class: 4868K(5056K)->4868K(5056K)
[4618.405s][info][gc             ] GC(1376) Pause Young (Prepare Mixed) (G1 Evacuation Pause) 3629M->1458M(4096M) 119.293ms
[4618.405s][info][gc,cpu         ] GC(1376) User=0.71s Sys=0.00s Real=0.12s
..[4620.498s][info][gc,start       ] GC(1377) Pause Young (Mixed) (G1 Evacuation Pause)
[4620.498s][info][gc,task        ] GC(1377) Using 6 workers of 6 for evacuation
[4620.637s][info][gc,phases      ] GC(1377)   Pre Evacuate Collection Set: 0.36ms
[4620.637s][info][gc,phases      ] GC(1377)   Merge Heap Roots: 0.77ms
[4620.637s][info][gc,phases      ] GC(1377)   Evacuate Collection Set: 137.01ms
[4620.637s][info][gc,phases      ] GC(1377)   Post Evacuate Collection Set: 0.98ms
[4620.637s][info][gc,phases      ] GC(1377)   Other: 0.09ms
[4620.637s][info][gc,heap        ] GC(1377) Eden regions: 1103->0(1117)
[4620.637s][info][gc,heap        ] GC(1377) Survivor regions: 112->111(152)
[4620.637s][info][gc,heap        ] GC(1377) Old regions: 538->475
[4620.637s][info][gc,heap        ] GC(1377) Humongous regions: 80->80
[4620.637s][info][gc,metaspace   ] GC(1377) Metaspace: 28928K(29312K)->28928K(29312K) NonClass: 24059K(24256K)->24059K(24256K) Class: 4868K(5056K)->4868K(5056K)
[4620.637s][info][gc             ] GC(1377) Pause Young (Mixed) (G1 Evacuation Pause) 3664M->1330M(4096M) 139.359ms
[4620.637s][info][gc,cpu         ] GC(1377) User=0.82s Sys=0.00s Real=0.14s
..[4622.743s][info][gc,start       ] GC(1378) Pause Young (Concurrent Start) (G1 Evacuation Pause)
[4622.743s][info][gc,task        ] GC(1378) Using 6 workers of 6 for evacuation
[4622.862s][info][gc,phases      ] GC(1378)   Pre Evacuate Collection Set: 0.36ms
[4622.862s][info][gc,phases      ] GC(1378)   Merge Heap Roots: 0.46ms
[4622.862s][info][gc,phases      ] GC(1378)   Evacuate Collection Set: 117.16ms
[4622.862s][info][gc,phases      ] GC(1378)   Post Evacuate Collection Set: 0.88ms
[4622.862s][info][gc,phases      ] GC(1378)   Other: 0.11ms
[4622.862s][info][gc,heap        ] GC(1378) Eden regions: 1117->0(1118)
[4622.862s][info][gc,heap        ] GC(1378) Survivor regions: 111->110(154)
[4622.862s][info][gc,heap        ] GC(1378) Old regions: 475->506
[4622.862s][info][gc,heap        ] GC(1378) Humongous regions: 80->80
[4622.862s][info][gc,metaspace   ] GC(1378) Metaspace: 28928K(29312K)->28928K(29312K) NonClass: 24059K(24256K)->24059K(24256K) Class: 4868K(5056K)->4868K(5056K)
[4622.862s][info][gc             ] GC(1378) Pause Young (Concurrent Start) (G1 Evacuation Pause) 3564M->1390M(4096M) 119.094ms
[4622.862s][info][gc             ] GC(1379) Concurrent Mark Cycle
[4622.862s][info][gc,marking     ] GC(1379) Concurrent Scan Root Regions
[4622.862s][info][gc,cpu         ] GC(1378) User=0.70s Sys=0.00s Real=0.12s
.[4623.042s][info][gc,marking     ] GC(1379) Concurrent Scan Root Regions 179.961ms
[4623.042s][info][gc,marking     ] GC(1379) Concurrent Mark
[4623.042s][info][gc,marking     ] GC(1379) Concurrent Mark From Roots
[4623.042s][info][gc,task        ] GC(1379) Using 2 workers of 2 for marking
.[4624.043s][info][gc,marking     ] GC(1379) Concurrent Mark From Roots 1001.348ms
[4624.043s][info][gc,marking     ] GC(1379) Concurrent Preclean
[4624.044s][info][gc,marking     ] GC(1379) Concurrent Preclean 0.160ms
[4624.047s][info][gc,start       ] GC(1379) Pause Remark
[4624.052s][info][gc             ] GC(1379) Pause Remark 2468M->2468M(4096M) 5.264ms
[4624.052s][info][gc,cpu         ] GC(1379) User=0.03s Sys=0.00s Real=0.00s
[4624.052s][info][gc,marking     ] GC(1379) Concurrent Mark 1009.861ms
[4624.052s][info][gc,marking     ] GC(1379) Concurrent Rebuild Remembered Sets and Scrub Regions
[4624.428s][info][gc,marking     ] GC(1379) Concurrent Rebuild Remembered Sets and Scrub Regions 376.426ms
[4624.429s][info][gc,start       ] GC(1379) Pause Cleanup
[4624.430s][info][gc             ] GC(1379) Pause Cleanup 2884M->2884M(4096M) 0.125ms
[4624.430s][info][gc,cpu         ] GC(1379) User=0.00s Sys=0.00s Real=0.00s
[4624.431s][info][gc,marking     ] GC(1379) Concurrent Clear Claimed Marks
[4624.431s][info][gc,marking     ] GC(1379) Concurrent Clear Claimed Marks 0.039ms
[4624.431s][info][gc,marking     ] GC(1379) Concurrent Cleanup for Next Mark
[4624.461s][info][gc,marking     ] GC(1379) Concurrent Cleanup for Next Mark 30.255ms
[4624.461s][info][gc             ] GC(1379) Concurrent Mark Cycle 1599.255ms
.[4625.043s][info][gc,start       ] GC(1380) Pause Young (Prepare Mixed) (G1 Evacuation Pause)
[4625.043s][info][gc,task        ] GC(1380) Using 6 workers of 6 for evacuation
[4625.161s][info][gc,phases      ] GC(1380)   Pre Evacuate Collection Set: 0.37ms
[4625.161s][info][gc,phases      ] GC(1380)   Merge Heap Roots: 0.51ms
[4625.161s][info][gc,phases      ] GC(1380)   Evacuate Collection Set: 116.00ms
[4625.161s][info][gc,phases      ] GC(1380)   Post Evacuate Collection Set: 0.96ms
[4625.161s][info][gc,phases      ] GC(1380)   Other: 0.09ms
[4625.161s][info][gc,heap        ] GC(1380) Eden regions: 1118->0(1107)
[4625.161s][info][gc,heap        ] GC(1380) Survivor regions: 110->110(154)
[4625.161s][info][gc,heap        ] GC(1380) Old regions: 506->538
[4625.161s][info][gc,heap        ] GC(1380) Humongous regions: 80->80
[4625.161s][info][gc,metaspace   ] GC(1380) Metaspace: 28928K(29312K)->28928K(29312K) NonClass: 24059K(24256K)->24059K(24256K) Class: 4868K(5056K)->4868K(5056K)
[4625.161s][info][gc             ] GC(1380) Pause Young (Prepare Mixed) (G1 Evacuation Pause) 3626M->1454M(4096M) 118.072ms
[4625.161s][info][gc,cpu         ] GC(1380) User=0.70s Sys=0.00s Real=0.11s
..[4627.172s][info][gc,start       ] GC(1381) Pause Young (Mixed) (G1 Evacuation Pause)
[4627.172s][info][gc,task        ] GC(1381) Using 6 workers of 6 for evacuation
[4627.311s][info][gc,phases      ] GC(1381)   Pre Evacuate Collection Set: 0.35ms
[4627.311s][info][gc,phases      ] GC(1381)   Merge Heap Roots: 0.61ms
[4627.311s][info][gc,phases      ] GC(1381)   Evacuate Collection Set: 136.90ms
[4627.311s][info][gc,phases      ] GC(1381)   Post Evacuate Collection Set: 0.94ms
[4627.311s][info][gc,phases      ] GC(1381)   Other: 0.09ms
[4627.311s][info][gc,heap        ] GC(1381) Eden regions: 1107->0(1113)
[4627.311s][info][gc,heap        ] GC(1381) Survivor regions: 110->115(153)
[4627.311s][info][gc,heap        ] GC(1381) Old regions: 538->474
[4627.311s][info][gc,heap        ] GC(1381) Humongous regions: 80->80
[4627.311s][info][gc,metaspace   ] GC(1381) Metaspace: 28928K(29312K)->28928K(29312K) NonClass: 24059K(24256K)->24059K(24256K) Class: 4868K(5056K)->4868K(5056K)
[4627.311s][info][gc             ] GC(1381) Pause Young (Mixed) (G1 Evacuation Pause) 3668M->1335M(4096M) 139.012ms
[4627.311s][info][gc,cpu         ] GC(1381) User=0.82s Sys=0.00s Real=0.13s
..[4629.455s][info][gc,start       ] GC(1382) Pause Young (Concurrent Start) (G1 Evacuation Pause)
[4629.455s][info][gc,task        ] GC(1382) Using 6 workers of 6 for evacuation
[4629.574s][info][gc,phases      ] GC(1382)   Pre Evacuate Collection Set: 0.38ms
[4629.574s][info][gc,phases      ] GC(1382)   Merge Heap Roots: 0.51ms
[4629.574s][info][gc,phases      ] GC(1382)   Evacuate Collection Set: 117.91ms
[4629.574s][info][gc,phases      ] GC(1382)   Post Evacuate Collection Set: 0.92ms
[4629.574s][info][gc,phases      ] GC(1382)   Other: 0.13ms
[4629.575s][info][gc,heap        ] GC(1382) Eden regions: 1113->0(1119)
[4629.575s][info][gc,heap        ] GC(1382) Survivor regions: 115->109(154)
[4629.575s][info][gc,heap        ] GC(1382) Old regions: 474->505
[4629.575s][info][gc,heap        ] GC(1382) Humongous regions: 80->80
[4629.575s][info][gc,metaspace   ] GC(1382) Metaspace: 28928K(29312K)->28928K(29312K) NonClass: 24059K(24256K)->24059K(24256K) Class: 4868K(5056K)->4868K(5056K)
[4629.575s][info][gc             ] GC(1382) Pause Young (Concurrent Start) (G1 Evacuation Pause) 3561M->1387M(4096M) 119.989ms
[4629.575s][info][gc             ] GC(1383) Concurrent Mark Cycle
[4629.575s][info][gc,marking     ] GC(1383) Concurrent Scan Root Regions
[4629.575s][info][gc,cpu         ] GC(1382) User=0.71s Sys=0.01s Real=0.12s
[4629.753s][info][gc,marking     ] GC(1383) Concurrent Scan Root Regions 177.991ms
[4629.753s][info][gc,marking     ] GC(1383) Concurrent Mark
[4629.753s][info][gc,marking     ] GC(1383) Concurrent Mark From Roots
[4629.753s][info][gc,task        ] GC(1383) Using 2 workers of 2 for marking
.[4630.731s][info][gc,marking     ] GC(1383) Concurrent Mark From Roots 977.995ms
[4630.731s][info][gc,marking     ] GC(1383) Concurrent Preclean
[4630.731s][info][gc,marking     ] GC(1383) Concurrent Preclean 0.168ms
[4630.732s][info][gc,start       ] GC(1383) Pause Remark
[4630.737s][info][gc             ] GC(1383) Pause Remark 2515M->2515M(4096M) 5.533ms
[4630.737s][info][gc,cpu         ] GC(1383) User=0.03s Sys=0.00s Real=0.01s
[4630.737s][info][gc,marking     ] GC(1383) Concurrent Mark 984.532ms
[4630.737s][info][gc,marking     ] GC(1383) Concurrent Rebuild Remembered Sets and Scrub Regions
.[4631.155s][info][gc,marking     ] GC(1383) Concurrent Rebuild Remembered Sets and Scrub Regions 417.552ms
[4631.157s][info][gc,start       ] GC(1383) Pause Cleanup
[4631.157s][info][gc             ] GC(1383) Pause Cleanup 2919M->2919M(4096M) 0.137ms
[4631.157s][info][gc,cpu         ] GC(1383) User=0.00s Sys=0.00s Real=0.00s
[4631.157s][info][gc,marking     ] GC(1383) Concurrent Clear Claimed Marks
[4631.157s][info][gc,marking     ] GC(1383) Concurrent Clear Claimed Marks 0.048ms
[4631.157s][info][gc,marking     ] GC(1383) Concurrent Cleanup for Next Mark
[4631.163s][info][gc,marking     ] GC(1383) Concurrent Cleanup for Next Mark 5.851ms
[4631.163s][info][gc             ] GC(1383) Concurrent Mark Cycle 1588.484ms
[4631.722s][info][gc,start       ] GC(1384) Pause Young (Prepare Mixed) (G1 Evacuation Pause)
[4631.722s][info][gc,task        ] GC(1384) Using 6 workers of 6 for evacuation
[4631.840s][info][gc,phases      ] GC(1384)   Pre Evacuate Collection Set: 0.36ms
[4631.840s][info][gc,phases      ] GC(1384)   Merge Heap Roots: 0.55ms
[4631.840s][info][gc,phases      ] GC(1384)   Evacuate Collection Set: 115.91ms
[4631.840s][info][gc,phases      ] GC(1384)   Post Evacuate Collection Set: 0.93ms
[4631.840s][info][gc,phases      ] GC(1384)   Other: 0.09ms
[4631.840s][info][gc,heap        ] GC(1384) Eden regions: 1119->0(1109)
[4631.840s][info][gc,heap        ] GC(1384) Survivor regions: 109->110(154)
[4631.840s][info][gc,heap        ] GC(1384) Old regions: 505->536
[4631.840s][info][gc,heap        ] GC(1384) Humongous regions: 80->80
[4631.840s][info][gc,metaspace   ] GC(1384) Metaspace: 28928K(29312K)->28928K(29312K) NonClass: 24059K(24256K)->24059K(24256K) Class: 4868K(5056K)->4868K(5056K)
[4631.840s][info][gc             ] GC(1384) Pause Young (Prepare Mixed) (G1 Evacuation Pause) 3625M->1450M(4096M) 117.970ms
[4631.840s][info][gc,cpu         ] GC(1384) User=0.70s Sys=0.00s Real=0.11s
..[4633.943s][info][gc,start       ] GC(1385) Pause Young (Mixed) (G1 Evacuation Pause)
[4633.943s][info][gc,task        ] GC(1385) Using 6 workers of 6 for evacuation
[4634.081s][info][gc,phases      ] GC(1385)   Pre Evacuate Collection Set: 0.37ms
[4634.081s][info][gc,phases      ] GC(1385)   Merge Heap Roots: 0.76ms
[4634.081s][info][gc,phases      ] GC(1385)   Evacuate Collection Set: 136.73ms
[4634.081s][info][gc,phases      ] GC(1385)   Post Evacuate Collection Set: 0.95ms
[4634.081s][info][gc,phases      ] GC(1385)   Other: 0.09ms
[4634.082s][info][gc,heap        ] GC(1385) Eden regions: 1109->0(1116)
[4634.082s][info][gc,heap        ] GC(1385) Survivor regions: 110->112(153)
[4634.082s][info][gc,heap        ] GC(1385) Old regions: 536->473
[4634.082s][info][gc,heap        ] GC(1385) Humongous regions: 80->80
[4634.082s][info][gc,metaspace   ] GC(1385) Metaspace: 28928K(29312K)->28928K(29312K) NonClass: 24059K(24256K)->24059K(24256K) Class: 4868K(5056K)->4868K(5056K)
[4634.082s][info][gc             ] GC(1385) Pause Young (Mixed) (G1 Evacuation Pause) 3668M->1328M(4096M) 139.026ms
[4634.082s][info][gc,cpu         ] GC(1385) User=0.82s Sys=0.00s Real=0.13s
...[4636.248s][info][gc,start       ] GC(1386) Pause Young (Concurrent Start) (G1 Evacuation Pause)
[4636.248s][info][gc,task        ] GC(1386) Using 6 workers of 6 for evacuation
[4636.366s][info][gc,phases      ] GC(1386)   Pre Evacuate Collection Set: 0.40ms
[4636.366s][info][gc,phases      ] GC(1386)   Merge Heap Roots: 0.46ms
[4636.366s][info][gc,phases      ] GC(1386)   Evacuate Collection Set: 116.77ms
[4636.366s][info][gc,phases      ] GC(1386)   Post Evacuate Collection Set: 0.88ms
[4636.366s][info][gc,phases      ] GC(1386)   Other: 0.11ms
[4636.366s][info][gc,heap        ] GC(1386) Eden regions: 1116->0(1117)
[4636.366s][info][gc,heap        ] GC(1386) Survivor regions: 112->111(154)
[4636.366s][info][gc,heap        ] GC(1386) Old regions: 473->505
[4636.366s][info][gc,heap        ] GC(1386) Humongous regions: 80->80
[4636.366s][info][gc,metaspace   ] GC(1386) Metaspace: 28928K(29312K)->28928K(29312K) NonClass: 24059K(24256K)->24059K(24256K) Class: 4868K(5056K)->4868K(5056K)
[4636.366s][info][gc             ] GC(1386) Pause Young (Concurrent Start) (G1 Evacuation Pause) 3560M->1390M(4096M) 118.746ms
[4636.366s][info][gc             ] GC(1387) Concurrent Mark Cycle
[4636.366s][info][gc,marking     ] GC(1387) Concurrent Scan Root Regions
[4636.366s][info][gc,cpu         ] GC(1386) User=0.70s Sys=0.00s Real=0.12s
[4636.529s][info][gc,marking     ] GC(1387) Concurrent Scan Root Regions 162.525ms
[4636.529s][info][gc,marking     ] GC(1387) Concurrent Mark
[4636.529s][info][gc,marking     ] GC(1387) Concurrent Mark From Roots
[4636.529s][info][gc,task        ] GC(1387) Using 2 workers of 2 for marking
.[4637.316s][info][gc,marking     ] GC(1387) Concurrent Mark From Roots 786.961ms
[4637.316s][info][gc,marking     ] GC(1387) Concurrent Preclean
[4637.316s][info][gc,marking     ] GC(1387) Concurrent Preclean 0.200ms
[4637.318s][info][gc,start       ] GC(1387) Pause Remark
[4637.323s][info][gc             ] GC(1387) Pause Remark 2298M->2298M(4096M) 5.133ms
[4637.323s][info][gc,cpu         ] GC(1387) User=0.03s Sys=0.00s Real=0.01s
[4637.323s][info][gc,marking     ] GC(1387) Concurrent Mark 793.916ms
[4637.323s][info][gc,marking     ] GC(1387) Concurrent Rebuild Remembered Sets and Scrub Regions
[4637.603s][info][gc,marking     ] GC(1387) Concurrent Rebuild Remembered Sets and Scrub Regions 280.525ms
[4637.605s][info][gc,start       ] GC(1387) Pause Cleanup
[4637.606s][info][gc             ] GC(1387) Pause Cleanup 2578M->2578M(4096M) 0.126ms
[4637.606s][info][gc,cpu         ] GC(1387) User=0.00s Sys=0.00s Real=0.00s
[4637.606s][info][gc,marking     ] GC(1387) Concurrent Clear Claimed Marks
[4637.606s][info][gc,marking     ] GC(1387) Concurrent Clear Claimed Marks 0.030ms
[4637.606s][info][gc,marking     ] GC(1387) Concurrent Cleanup for Next Mark
[4637.618s][info][gc,marking     ] GC(1387) Concurrent Cleanup for Next Mark 12.126ms
[4637.618s][info][gc             ] GC(1387) Concurrent Mark Cycle 1251.432ms
.[4638.489s][info][gc,start       ] GC(1388) Pause Young (Prepare Mixed) (G1 Evacuation Pause)
[4638.489s][info][gc,task        ] GC(1388) Using 6 workers of 6 for evacuation
[4638.607s][info][gc,phases      ] GC(1388)   Pre Evacuate Collection Set: 0.35ms
[4638.607s][info][gc,phases      ] GC(1388)   Merge Heap Roots: 0.50ms
[4638.607s][info][gc,phases      ] GC(1388)   Evacuate Collection Set: 116.63ms
[4638.607s][info][gc,phases      ] GC(1388)   Post Evacuate Collection Set: 0.94ms
[4638.607s][info][gc,phases      ] GC(1388)   Other: 0.09ms
[4638.607s][info][gc,heap        ] GC(1388) Eden regions: 1117->0(1105)
[4638.607s][info][gc,heap        ] GC(1388) Survivor regions: 111->112(154)
[4638.607s][info][gc,heap        ] GC(1388) Old regions: 505->536
[4638.607s][info][gc,heap        ] GC(1388) Humongous regions: 80->80
[4638.607s][info][gc,metaspace   ] GC(1388) Metaspace: 28928K(29312K)->28928K(29312K) NonClass: 24059K(24256K)->24059K(24256K) Class: 4868K(5056K)->4868K(5056K)
[4638.607s][info][gc             ] GC(1388) Pause Young (Prepare Mixed) (G1 Evacuation Pause) 3624M->1454M(4096M) 118.637ms
[4638.607s][info][gc,cpu         ] GC(1388) User=0.71s Sys=0.00s Real=0.12s
..[4640.719s][info][gc,start       ] GC(1389) Pause Young (Mixed) (G1 Evacuation Pause)
[4640.719s][info][gc,task        ] GC(1389) Using 6 workers of 6 for evacuation
[4640.849s][info][gc,phases      ] GC(1389)   Pre Evacuate Collection Set: 0.36ms
[4640.849s][info][gc,phases      ] GC(1389)   Merge Heap Roots: 0.54ms
[4640.849s][info][gc,phases      ] GC(1389)   Evacuate Collection Set: 127.83ms
[4640.849s][info][gc,phases      ] GC(1389)   Post Evacuate Collection Set: 0.94ms
[4640.849s][info][gc,phases      ] GC(1389)   Other: 0.08ms
[4640.849s][info][gc,heap        ] GC(1389) Eden regions: 1105->0(1120)
[4640.849s][info][gc,heap        ] GC(1389) Survivor regions: 112->108(153)
[4640.849s][info][gc,heap        ] GC(1389) Old regions: 536->476
[4640.849s][info][gc,heap        ] GC(1389) Humongous regions: 80->80
[4640.849s][info][gc,metaspace   ] GC(1389) Metaspace: 28928K(29312K)->28928K(29312K) NonClass: 24059K(24256K)->24059K(24256K) Class: 4868K(5056K)->4868K(5056K)
[4640.849s][info][gc             ] GC(1389) Pause Young (Mixed) (G1 Evacuation Pause) 3664M->1327M(4096M) 129.888ms
[4640.849s][info][gc,cpu         ] GC(1389) User=0.77s Sys=0.00s Real=0.13s
..[4642.907s][info][gc,start       ] GC(1390) Pause Young (Concurrent Start) (G1 Evacuation Pause)
[4642.907s][info][gc,task        ] GC(1390) Using 6 workers of 6 for evacuation
[4643.026s][info][gc,phases      ] GC(1390)   Pre Evacuate Collection Set: 0.39ms
[4643.026s][info][gc,phases      ] GC(1390)   Merge Heap Roots: 0.45ms
[4643.026s][info][gc,phases      ] GC(1390)   Evacuate Collection Set: 116.48ms
[4643.026s][info][gc,phases      ] GC(1390)   Post Evacuate Collection Set: 0.87ms
[4643.026s][info][gc,phases      ] GC(1390)   Other: 0.13ms
[4643.026s][info][gc,heap        ] GC(1390) Eden regions: 1120->0(1117)
[4643.026s][info][gc,heap        ] GC(1390) Survivor regions: 108->111(154)
[4643.026s][info][gc,heap        ] GC(1390) Old regions: 476->509
[4643.026s][info][gc,heap        ] GC(1390) Humongous regions: 80->80
[4643.026s][info][gc,metaspace   ] GC(1390) Metaspace: 28928K(29312K)->28928K(29312K) NonClass: 24059K(24256K)->24059K(24256K) Class: 4868K(5056K)->4868K(5056K)
[4643.026s][info][gc             ] GC(1390) Pause Young (Concurrent Start) (G1 Evacuation Pause) 3567M->1397M(4096M) 118.457ms
[4643.026s][info][gc             ] GC(1391) Concurrent Mark Cycle
[4643.026s][info][gc,marking     ] GC(1391) Concurrent Scan Root Regions
[4643.026s][info][gc,cpu         ] GC(1390) User=0.69s Sys=0.01s Real=0.12s
.[4643.236s][info][gc,marking     ] GC(1391) Concurrent Scan Root Regions 210.137ms
[4643.236s][info][gc,marking     ] GC(1391) Concurrent Mark
[4643.236s][info][gc,marking     ] GC(1391) Concurrent Mark From Roots
[4643.236s][info][gc,task        ] GC(1391) Using 2 workers of 2 for marking
[4644.007s][info][gc,marking     ] GC(1391) Concurrent Mark From Roots 770.549ms
[4644.007s][info][gc,marking     ] GC(1391) Concurrent Preclean
[4644.007s][info][gc,marking     ] GC(1391) Concurrent Preclean 0.143ms
[4644.007s][info][gc,start       ] GC(1391) Pause Remark
[4644.011s][info][gc             ] GC(1391) Pause Remark 2312M->2312M(4096M) 3.814ms
[4644.011s][info][gc,cpu         ] GC(1391) User=0.02s Sys=0.01s Real=0.00s
[4644.012s][info][gc,marking     ] GC(1391) Concurrent Mark 775.683ms
[4644.012s][info][gc,marking     ] GC(1391) Concurrent Rebuild Remembered Sets and Scrub Regions
.[4644.291s][info][gc,marking     ] GC(1391) Concurrent Rebuild Remembered Sets and Scrub Regions 279.466ms
[4644.293s][info][gc,start       ] GC(1391) Pause Cleanup
[4644.294s][info][gc             ] GC(1391) Pause Cleanup 2597M->2597M(4096M) 0.133ms
[4644.294s][info][gc,cpu         ] GC(1391) User=0.00s Sys=0.00s Real=0.00s
[4644.294s][info][gc,marking     ] GC(1391) Concurrent Clear Claimed Marks
[4644.294s][info][gc,marking     ] GC(1391) Concurrent Clear Claimed Marks 0.034ms
[4644.294s][info][gc,marking     ] GC(1391) Concurrent Cleanup for Next Mark
[4644.303s][info][gc,marking     ] GC(1391) Concurrent Cleanup for Next Mark 9.101ms
[4644.303s][info][gc             ] GC(1391) Concurrent Mark Cycle 1277.222ms
[4645.195s][info][gc,start       ] GC(1392) Pause Young (Prepare Mixed) (G1 Evacuation Pause)
[4645.195s][info][gc,task        ] GC(1392) Using 6 workers of 6 for evacuation
[4645.315s][info][gc,phases      ] GC(1392)   Pre Evacuate Collection Set: 0.30ms
[4645.315s][info][gc,phases      ] GC(1392)   Merge Heap Roots: 0.52ms
[4645.315s][info][gc,phases      ] GC(1392)   Evacuate Collection Set: 117.73ms
[4645.315s][info][gc,phases      ] GC(1392)   Post Evacuate Collection Set: 0.94ms
[4645.315s][info][gc,phases      ] GC(1392)   Other: 0.16ms
[4645.315s][info][gc,heap        ] GC(1392) Eden regions: 1117->0(1101)
[4645.315s][info][gc,heap        ] GC(1392) Survivor regions: 111->112(154)
[4645.315s][info][gc,heap        ] GC(1392) Old regions: 509->540
[4645.315s][info][gc,heap        ] GC(1392) Humongous regions: 80->80
[4645.315s][info][gc,metaspace   ] GC(1392) Metaspace: 28928K(29312K)->28928K(29312K) NonClass: 24059K(24256K)->24059K(24256K) Class: 4868K(5056K)->4868K(5056K)
[4645.315s][info][gc             ] GC(1392) Pause Young (Prepare Mixed) (G1 Evacuation Pause) 3631M->1462M(4096M) 119.787ms
[4645.315s][info][gc,cpu         ] GC(1392) User=0.71s Sys=0.00s Real=0.12s
...[4647.444s][info][gc,start       ] GC(1393) Pause Young (Mixed) (G1 Evacuation Pause)
[4647.444s][info][gc,task        ] GC(1393) Using 6 workers of 6 for evacuation
[4647.579s][info][gc,phases      ] GC(1393)   Pre Evacuate Collection Set: 0.34ms
[4647.579s][info][gc,phases      ] GC(1393)   Merge Heap Roots: 0.70ms
[4647.579s][info][gc,phases      ] GC(1393)   Evacuate Collection Set: 132.83ms
[4647.579s][info][gc,phases      ] GC(1393)   Post Evacuate Collection Set: 0.96ms
[4647.579s][info][gc,phases      ] GC(1393)   Other: 0.08ms
[4647.579s][info][gc,heap        ] GC(1393) Eden regions: 1101->0(1119)
[4647.579s][info][gc,heap        ] GC(1393) Survivor regions: 112->109(152)
[4647.579s][info][gc,heap        ] GC(1393) Old regions: 540->476
[4647.579s][info][gc,heap        ] GC(1393) Humongous regions: 80->80
[4647.579s][info][gc,metaspace   ] GC(1393) Metaspace: 28928K(29312K)->28928K(29312K) NonClass: 24059K(24256K)->24059K(24256K) Class: 4868K(5056K)->4868K(5056K)
[4647.579s][info][gc             ] GC(1393) Pause Young (Mixed) (G1 Evacuation Pause) 3664M->1328M(4096M) 135.109ms
[4647.579s][info][gc,cpu         ] GC(1393) User=0.80s Sys=0.00s Real=0.13s
.. (rIR:aIR:PR = 8302:8322:8321) (tPR = 124144) [OK] 
  4649s: Performance info:
         Transaction,    Success,    Partial,     Failed,   Receipts, AvgBarcode, 
             Overall,     505175,          0,          0,     479981,      59.48, 
         Response times:
             Request,    Success,    Partial,     Failed,   SkipFail,     Probes,    Samples,      min,      p50,      p90,      p95,      p99,      max, 
       TotalPurchase,     479979,          0,          0,          0,     353797,     520818,      300,     8000,   122000,   171000,   254000,   504000,
     InStorePurchase,     252190,          0,          0,          0,     185969,     273639,      300,     7900,   122000,   171000,   251000,   504000,
      OnlinePurchase,     177433,          0,          0,          0,     130064,     191493,      300,     7900,   122000,   173000,   257000,   504000,
        InstPurchase,      50356,          0,          0,          0,      37764,      55686,      400,     8400,   124000,   175000,   258130,   486000,
          AssocOfCat,        510,          0,          0,          0,        416,        694,    28000,    55500,   190500,   252000,   310650,   371000,
      AssocOfProduct,       5095,          0,          0,          0,       3482,       5377,      700,     9000,   130000,   175000,   270220,   383000,
      BusinessReport,       1266,          0,          0,          0,       1120,       1776,    26000,    54000,   189000,   236150,   323460,   512000,
          CustBuyBeh,       5027,          0,          0,          0,       3510,       5305,      200,     7800,   123400,   172000,   250940,   453000,
       ProductReturn,      13262,          0,          0,          0,       9039,      13574,      200,     7900,   121000,   172250,   255250,   365000,

  4649s: (61%)   IR =   8441 [4649.745s][info][gc,start       ] GC(1394) Pause Young (Concurrent Start) (G1 Evacuation Pause)
[4649.745s][info][gc,task        ] GC(1394) Using 6 workers of 6 for evacuation
[4649.862s][info][gc,phases      ] GC(1394)   Pre Evacuate Collection Set: 0.37ms
[4649.862s][info][gc,phases      ] GC(1394)   Merge Heap Roots: 0.47ms
[4649.862s][info][gc,phases      ] GC(1394)   Evacuate Collection Set: 115.17ms
[4649.862s][info][gc,phases      ] GC(1394)   Post Evacuate Collection Set: 0.90ms
[4649.862s][info][gc,phases      ] GC(1394)   Other: 0.11ms
[4649.862s][info][gc,heap        ] GC(1394) Eden regions: 1119->0(1120)
[4649.862s][info][gc,heap        ] GC(1394) Survivor regions: 109->108(154)
[4649.862s][info][gc,heap        ] GC(1394) Old regions: 476->508
[4649.862s][info][gc,heap        ] GC(1394) Humongous regions: 80->80
[4649.862s][info][gc,metaspace   ] GC(1394) Metaspace: 28928K(29312K)->28928K(29312K) NonClass: 24059K(24256K)->24059K(24256K) Class: 4868K(5056K)->4868K(5056K)
[4649.862s][info][gc             ] GC(1394) Pause Young (Concurrent Start) (G1 Evacuation Pause) 3566M->1391M(4096M) 117.155ms
[4649.862s][info][gc             ] GC(1395) Concurrent Mark Cycle
[4649.862s][info][gc,marking     ] GC(1395) Concurrent Scan Root Regions
[4649.862s][info][gc,cpu         ] GC(1394) User=0.70s Sys=0.00s Real=0.12s
[4650.004s][info][gc,marking     ] GC(1395) Concurrent Scan Root Regions 141.468ms
[4650.004s][info][gc,marking     ] GC(1395) Concurrent Mark
[4650.004s][info][gc,marking     ] GC(1395) Concurrent Mark From Roots
[4650.004s][info][gc,task        ] GC(1395) Using 2 workers of 2 for marking
.[4650.754s][info][gc,marking     ] GC(1395) Concurrent Mark From Roots 750.559ms
[4650.754s][info][gc,marking     ] GC(1395) Concurrent Preclean
[4650.754s][info][gc,marking     ] GC(1395) Concurrent Preclean 0.194ms
[4650.755s][info][gc,start       ] GC(1395) Pause Remark
[4650.759s][info][gc             ] GC(1395) Pause Remark 2223M->2223M(4096M) 4.383ms
[4650.759s][info][gc,cpu         ] GC(1395) User=0.02s Sys=0.00s Real=0.00s
[4650.761s][info][gc,marking     ] GC(1395) Concurrent Mark 757.142ms
[4650.761s][info][gc,marking     ] GC(1395) Concurrent Rebuild Remembered Sets and Scrub Regions
[4651.078s][info][gc,marking     ] GC(1395) Concurrent Rebuild Remembered Sets and Scrub Regions 317.394ms
[4651.079s][info][gc,start       ] GC(1395) Pause Cleanup
[4651.079s][info][gc             ] GC(1395) Pause Cleanup 2507M->2507M(4096M) 0.116ms
[4651.079s][info][gc,cpu         ] GC(1395) User=0.00s Sys=0.00s Real=0.00s
[4651.079s][info][gc,marking     ] GC(1395) Concurrent Clear Claimed Marks
[4651.079s][info][gc,marking     ] GC(1395) Concurrent Clear Claimed Marks 0.027ms
[4651.079s][info][gc,marking     ] GC(1395) Concurrent Cleanup for Next Mark
[4651.083s][info][gc,marking     ] GC(1395) Concurrent Cleanup for Next Mark 4.649ms
[4651.083s][info][gc             ] GC(1395) Concurrent Mark Cycle 1221.467ms
.[4652.010s][info][gc,start       ] GC(1396) Pause Young (Prepare Mixed) (G1 Evacuation Pause)
[4652.010s][info][gc,task        ] GC(1396) Using 6 workers of 6 for evacuation
[4652.132s][info][gc,phases      ] GC(1396)   Pre Evacuate Collection Set: 0.34ms
[4652.132s][info][gc,phases      ] GC(1396)   Merge Heap Roots: 0.51ms
[4652.132s][info][gc,phases      ] GC(1396)   Evacuate Collection Set: 120.20ms
[4652.132s][info][gc,phases      ] GC(1396)   Post Evacuate Collection Set: 0.95ms
[4652.132s][info][gc,phases      ] GC(1396)   Other: 0.09ms
[4652.132s][info][gc,heap        ] GC(1396) Eden regions: 1120->0(1094)
[4652.132s][info][gc,heap        ] GC(1396) Survivor regions: 108->116(154)
[4652.132s][info][gc,heap        ] GC(1396) Old regions: 508->539
[4652.132s][info][gc,heap        ] GC(1396) Humongous regions: 80->80
[4652.132s][info][gc,metaspace   ] GC(1396) Metaspace: 28928K(29312K)->28928K(29312K) NonClass: 24059K(24256K)->24059K(24256K) Class: 4868K(5056K)->4868K(5056K)
[4652.132s][info][gc             ] GC(1396) Pause Young (Prepare Mixed) (G1 Evacuation Pause) 3631M->1467M(4096M) 122.237ms
[4652.132s][info][gc,cpu         ] GC(1396) User=0.73s Sys=0.00s Real=0.13s
..[4654.125s][info][gc,start       ] GC(1397) Pause Young (Mixed) (G1 Evacuation Pause)
[4654.125s][info][gc,task        ] GC(1397) Using 6 workers of 6 for evacuation
[4654.261s][info][gc,phases      ] GC(1397)   Pre Evacuate Collection Set: 0.39ms
[4654.261s][info][gc,phases      ] GC(1397)   Merge Heap Roots: 0.65ms
[4654.261s][info][gc,phases      ] GC(1397)   Evacuate Collection Set: 133.90ms
[4654.261s][info][gc,phases      ] GC(1397)   Post Evacuate Collection Set: 0.94ms
[4654.261s][info][gc,phases      ] GC(1397)   Other: 0.09ms
[4654.261s][info][gc,heap        ] GC(1397) Eden regions: 1094->0(1118)
[4654.261s][info][gc,heap        ] GC(1397) Survivor regions: 116->110(152)
[4654.261s][info][gc,heap        ] GC(1397) Old regions: 539->475
[4654.261s][info][gc,heap        ] GC(1397) Humongous regions: 80->80
[4654.261s][info][gc,metaspace   ] GC(1397) Metaspace: 28928K(29312K)->28928K(29312K) NonClass: 24059K(24256K)->24059K(24256K) Class: 4868K(5056K)->4868K(5056K)
[4654.261s][info][gc             ] GC(1397) Pause Young (Mixed) (G1 Evacuation Pause) 3655M->1327M(4096M) 136.096ms
[4654.261s][info][gc,cpu         ] GC(1397) User=0.80s Sys=0.00s Real=0.13s
..[4656.402s][info][gc,start       ] GC(1398) Pause Young (Concurrent Start) (G1 Evacuation Pause)
[4656.402s][info][gc,task        ] GC(1398) Using 6 workers of 6 for evacuation
[4656.521s][info][gc,phases      ] GC(1398)   Pre Evacuate Collection Set: 0.39ms
[4656.521s][info][gc,phases      ] GC(1398)   Merge Heap Roots: 0.46ms
[4656.521s][info][gc,phases      ] GC(1398)   Evacuate Collection Set: 116.93ms
[4656.521s][info][gc,phases      ] GC(1398)   Post Evacuate Collection Set: 0.90ms
[4656.521s][info][gc,phases      ] GC(1398)   Other: 0.10ms
[4656.521s][info][gc,heap        ] GC(1398) Eden regions: 1118->0(1118)
[4656.521s][info][gc,heap        ] GC(1398) Survivor regions: 110->110(154)
[4656.521s][info][gc,heap        ] GC(1398) Old regions: 475->508
[4656.521s][info][gc,heap        ] GC(1398) Humongous regions: 80->80
[4656.521s][info][gc,metaspace   ] GC(1398) Metaspace: 28928K(29312K)->28928K(29312K) NonClass: 24059K(24256K)->24059K(24256K) Class: 4868K(5056K)->4868K(5056K)
[4656.521s][info][gc             ] GC(1398) Pause Young (Concurrent Start) (G1 Evacuation Pause) 3563M->1394M(4096M) 118.913ms
[4656.521s][info][gc             ] GC(1399) Concurrent Mark Cycle
[4656.521s][info][gc,marking     ] GC(1399) Concurrent Scan Root Regions
[4656.521s][info][gc,cpu         ] GC(1398) User=0.71s Sys=0.00s Real=0.12s
.[4656.702s][info][gc,marking     ] GC(1399) Concurrent Scan Root Regions 181.115ms
[4656.702s][info][gc,marking     ] GC(1399) Concurrent Mark
[4656.702s][info][gc,marking     ] GC(1399) Concurrent Mark From Roots
[4656.702s][info][gc,task        ] GC(1399) Using 2 workers of 2 for marking
.[4657.666s][info][gc,marking     ] GC(1399) Concurrent Mark From Roots 964.074ms
[4657.666s][info][gc,marking     ] GC(1399) Concurrent Preclean
[4657.666s][info][gc,marking     ] GC(1399) Concurrent Preclean 0.162ms
[4657.667s][info][gc,start       ] GC(1399) Pause Remark
[4657.671s][info][gc             ] GC(1399) Pause Remark 2480M->2480M(4096M) 4.266ms
[4657.671s][info][gc,cpu         ] GC(1399) User=0.02s Sys=0.00s Real=0.00s
[4657.671s][info][gc,marking     ] GC(1399) Concurrent Mark 969.343ms
[4657.671s][info][gc,marking     ] GC(1399) Concurrent Rebuild Remembered Sets and Scrub Regions
[4658.081s][info][gc,marking     ] GC(1399) Concurrent Rebuild Remembered Sets and Scrub Regions 409.227ms
[4658.081s][info][gc,start       ] GC(1399) Pause Cleanup
[4658.081s][info][gc             ] GC(1399) Pause Cleanup 2900M->2900M(4096M) 0.110ms
[4658.081s][info][gc,cpu         ] GC(1399) User=0.00s Sys=0.00s Real=0.00s
[4658.081s][info][gc,marking     ] GC(1399) Concurrent Clear Claimed Marks
[4658.081s][info][gc,marking     ] GC(1399) Concurrent Clear Claimed Marks 0.040ms
[4658.081s][info][gc,marking     ] GC(1399) Concurrent Cleanup for Next Mark
[4658.093s][info][gc,marking     ] GC(1399) Concurrent Cleanup for Next Mark 11.771ms
[4658.093s][info][gc             ] GC(1399) Concurrent Mark Cycle 1572.591ms
.[4658.668s][info][gc,start       ] GC(1400) Pause Young (Prepare Mixed) (G1 Evacuation Pause)
[4658.668s][info][gc,task        ] GC(1400) Using 6 workers of 6 for evacuation
[4658.789s][info][gc,phases      ] GC(1400)   Pre Evacuate Collection Set: 0.31ms
[4658.789s][info][gc,phases      ] GC(1400)   Merge Heap Roots: 0.48ms
[4658.789s][info][gc,phases      ] GC(1400)   Evacuate Collection Set: 119.29ms
[4658.789s][info][gc,phases      ] GC(1400)   Post Evacuate Collection Set: 0.93ms
[4658.789s][info][gc,phases      ] GC(1400)   Other: 0.09ms
[4658.789s][info][gc,heap        ] GC(1400) Eden regions: 1118->0(1098)
[4658.789s][info][gc,heap        ] GC(1400) Survivor regions: 110->114(154)
[4658.789s][info][gc,heap        ] GC(1400) Old regions: 508->539
[4658.789s][info][gc,heap        ] GC(1400) Humongous regions: 80->80
[4658.789s][info][gc,metaspace   ] GC(1400) Metaspace: 28928K(29312K)->28928K(29312K) NonClass: 24059K(24256K)->24059K(24256K) Class: 4868K(5056K)->4868K(5056K)
[4658.789s][info][gc             ] GC(1400) Pause Young (Prepare Mixed) (G1 Evacuation Pause) 3630M->1463M(4096M) 121.255ms
[4658.789s][info][gc,cpu         ] GC(1400) User=0.71s Sys=0.00s Real=0.12s
..[4660.791s][info][gc,start       ] GC(1401) Pause Young (Mixed) (G1 Evacuation Pause)
[4660.791s][info][gc,task        ] GC(1401) Using 6 workers of 6 for evacuation
[4660.927s][info][gc,phases      ] GC(1401)   Pre Evacuate Collection Set: 0.37ms
[4660.927s][info][gc,phases      ] GC(1401)   Merge Heap Roots: 0.72ms
[4660.927s][info][gc,phases      ] GC(1401)   Evacuate Collection Set: 133.88ms
[4660.927s][info][gc,phases      ] GC(1401)   Post Evacuate Collection Set: 0.96ms
[4660.927s][info][gc,phases      ] GC(1401)   Other: 0.09ms
[4660.927s][info][gc,heap        ] GC(1401) Eden regions: 1098->0(1119)
[4660.927s][info][gc,heap        ] GC(1401) Survivor regions: 114->109(152)
[4660.927s][info][gc,heap        ] GC(1401) Old regions: 539->475
[4660.927s][info][gc,heap        ] GC(1401) Humongous regions: 80->80
[4660.927s][info][gc,metaspace   ] GC(1401) Metaspace: 28928K(29312K)->28928K(29312K) NonClass: 24059K(24256K)->24059K(24256K) Class: 4868K(5056K)->4868K(5056K)
[4660.927s][info][gc             ] GC(1401) Pause Young (Mixed) (G1 Evacuation Pause) 3659M->1327M(4096M) 136.170ms
[4660.927s][info][gc,cpu         ] GC(1401) User=0.81s Sys=0.00s Real=0.14s
..[4663.074s][info][gc,start       ] GC(1402) Pause Young (Concurrent Start) (G1 Evacuation Pause)
[4663.074s][info][gc,task        ] GC(1402) Using 6 workers of 6 for evacuation
[4663.199s][info][gc,phases      ] GC(1402)   Pre Evacuate Collection Set: 0.37ms
[4663.199s][info][gc,phases      ] GC(1402)   Merge Heap Roots: 0.49ms
[4663.199s][info][gc,phases      ] GC(1402)   Evacuate Collection Set: 122.27ms
[4663.199s][info][gc,phases      ] GC(1402)   Post Evacuate Collection Set: 0.90ms
[4663.199s][info][gc,phases      ] GC(1402)   Other: 0.12ms
[4663.199s][info][gc,heap        ] GC(1402) Eden regions: 1119->0(1114)
[4663.199s][info][gc,heap        ] GC(1402) Survivor regions: 109->114(154)
[4663.199s][info][gc,heap        ] GC(1402) Old regions: 475->507
[4663.199s][info][gc,heap        ] GC(1402) Humongous regions: 80->80
[4663.199s][info][gc,metaspace   ] GC(1402) Metaspace: 28928K(29312K)->28928K(29312K) NonClass: 24059K(24256K)->24059K(24256K) Class: 4868K(5056K)->4868K(5056K)
[4663.199s][info][gc             ] GC(1402) Pause Young (Concurrent Start) (G1 Evacuation Pause) 3565M->1399M(4096M) 124.291ms
[4663.199s][info][gc             ] GC(1403) Concurrent Mark Cycle
[4663.199s][info][gc,marking     ] GC(1403) Concurrent Scan Root Regions
[4663.199s][info][gc,cpu         ] GC(1402) User=0.73s Sys=0.01s Real=0.12s
[4663.353s][info][gc,marking     ] GC(1403) Concurrent Scan Root Regions 154.766ms
[4663.353s][info][gc,marking     ] GC(1403) Concurrent Mark
[4663.353s][info][gc,marking     ] GC(1403) Concurrent Mark From Roots
[4663.353s][info][gc,task        ] GC(1403) Using 2 workers of 2 for marking
.[4664.105s][info][gc,marking     ] GC(1403) Concurrent Mark From Roots 751.269ms
[4664.105s][info][gc,marking     ] GC(1403) Concurrent Preclean
[4664.105s][info][gc,marking     ] GC(1403) Concurrent Preclean 0.180ms
[4664.107s][info][gc,start       ] GC(1403) Pause Remark
[4664.113s][info][gc             ] GC(1403) Pause Remark 2193M->2193M(4096M) 5.896ms
[4664.113s][info][gc,cpu         ] GC(1403) User=0.03s Sys=0.00s Real=0.01s
[4664.113s][info][gc,marking     ] GC(1403) Concurrent Mark 759.957ms
[4664.113s][info][gc,marking     ] GC(1403) Concurrent Rebuild Remembered Sets and Scrub Regions
[4664.380s][info][gc,marking     ] GC(1403) Concurrent Rebuild Remembered Sets and Scrub Regions 266.862ms
[4664.380s][info][gc,start       ] GC(1403) Pause Cleanup
[4664.381s][info][gc             ] GC(1403) Pause Cleanup 2454M->2454M(4096M) 0.111ms
[4664.381s][info][gc,cpu         ] GC(1403) User=0.00s Sys=0.00s Real=0.00s
[4664.381s][info][gc,marking     ] GC(1403) Concurrent Clear Claimed Marks
[4664.381s][info][gc,marking     ] GC(1403) Concurrent Clear Claimed Marks 0.023ms
[4664.381s][info][gc,marking     ] GC(1403) Concurrent Cleanup for Next Mark
[4664.385s][info][gc,marking     ] GC(1403) Concurrent Cleanup for Next Mark 4.613ms
[4664.385s][info][gc             ] GC(1403) Concurrent Mark Cycle 1186.706ms
.|[4665.300s][info][gc,start       ] GC(1404) Pause Young (Prepare Mixed) (G1 Evacuation Pause)
[4665.300s][info][gc,task        ] GC(1404) Using 6 workers of 6 for evacuation
[4665.423s][info][gc,phases      ] GC(1404)   Pre Evacuate Collection Set: 0.31ms
[4665.423s][info][gc,phases      ] GC(1404)   Merge Heap Roots: 0.51ms
[4665.423s][info][gc,phases      ] GC(1404)   Evacuate Collection Set: 121.44ms
[4665.423s][info][gc,phases      ] GC(1404)   Post Evacuate Collection Set: 0.99ms
[4665.423s][info][gc,phases      ] GC(1404)   Other: 0.09ms
[4665.423s][info][gc,heap        ] GC(1404) Eden regions: 1114->0(1097)
[4665.423s][info][gc,heap        ] GC(1404) Survivor regions: 114->115(154)
[4665.423s][info][gc,heap        ] GC(1404) Old regions: 507->538
[4665.423s][info][gc,heap        ] GC(1404) Humongous regions: 80->80
[4665.423s][info][gc,metaspace   ] GC(1404) Metaspace: 28928K(29312K)->28928K(29312K) NonClass: 24059K(24256K)->24059K(24256K) Class: 4868K(5056K)->4868K(5056K)
[4665.423s][info][gc             ] GC(1404) Pause Young (Prepare Mixed) (G1 Evacuation Pause) 3627M->1465M(4096M) 123.473ms
[4665.423s][info][gc,cpu         ] GC(1404) User=0.73s Sys=0.00s Real=0.13s
..[4667.432s][info][gc,start       ] GC(1405) Pause Young (Mixed) (G1 Evacuation Pause)
[4667.433s][info][gc,task        ] GC(1405) Using 6 workers of 6 for evacuation
[4667.572s][info][gc,phases      ] GC(1405)   Pre Evacuate Collection Set: 0.36ms
[4667.572s][info][gc,phases      ] GC(1405)   Merge Heap Roots: 0.68ms
[4667.572s][info][gc,phases      ] GC(1405)   Evacuate Collection Set: 137.67ms
[4667.572s][info][gc,phases      ] GC(1405)   Post Evacuate Collection Set: 0.90ms
[4667.572s][info][gc,phases      ] GC(1405)   Other: 0.09ms
[4667.572s][info][gc,heap        ] GC(1405) Eden regions: 1097->0(1115)
[4667.572s][info][gc,heap        ] GC(1405) Survivor regions: 115->113(152)
[4667.572s][info][gc,heap        ] GC(1405) Old regions: 538->476
[4667.572s][info][gc,heap        ] GC(1405) Humongous regions: 80->80
[4667.572s][info][gc,metaspace   ] GC(1405) Metaspace: 28928K(29312K)->28928K(29312K) NonClass: 24059K(24256K)->24059K(24256K) Class: 4868K(5056K)->4868K(5056K)
[4667.572s][info][gc             ] GC(1405) Pause Young (Mixed) (G1 Evacuation Pause) 3659M->1336M(4096M) 139.831ms
[4667.572s][info][gc,cpu         ] GC(1405) User=0.83s Sys=0.00s Real=0.14s
..[4669.665s][info][gc,start       ] GC(1406) Pause Young (Concurrent Start) (G1 Evacuation Pause)
[4669.665s][info][gc,task        ] GC(1406) Using 6 workers of 6 for evacuation
[4669.786s][info][gc,phases      ] GC(1406)   Pre Evacuate Collection Set: 0.37ms
[4669.786s][info][gc,phases      ] GC(1406)   Merge Heap Roots: 0.45ms
[4669.786s][info][gc,phases      ] GC(1406)   Evacuate Collection Set: 118.76ms
[4669.786s][info][gc,phases      ] GC(1406)   Post Evacuate Collection Set: 0.87ms
[4669.786s][info][gc,phases      ] GC(1406)   Other: 0.11ms
[4669.786s][info][gc,heap        ] GC(1406) Eden regions: 1115->0(1117)
[4669.786s][info][gc,heap        ] GC(1406) Survivor regions: 113->111(154)
[4669.786s][info][gc,heap        ] GC(1406) Old regions: 476->508
[4669.786s][info][gc,heap        ] GC(1406) Humongous regions: 80->80
[4669.786s][info][gc,metaspace   ] GC(1406) Metaspace: 28928K(29312K)->28928K(29312K) NonClass: 24059K(24256K)->24059K(24256K) Class: 4868K(5056K)->4868K(5056K)
[4669.786s][info][gc             ] GC(1406) Pause Young (Concurrent Start) (G1 Evacuation Pause) 3566M->1395M(4096M) 120.685ms
[4669.786s][info][gc             ] GC(1407) Concurrent Mark Cycle
[4669.786s][info][gc,marking     ] GC(1407) Concurrent Scan Root Regions
[4669.786s][info][gc,cpu         ] GC(1406) User=0.71s Sys=0.00s Real=0.12s
.[4669.980s][info][gc,marking     ] GC(1407) Concurrent Scan Root Regions 193.950ms
[4669.980s][info][gc,marking     ] GC(1407) Concurrent Mark
[4669.980s][info][gc,marking     ] GC(1407) Concurrent Mark From Roots
[4669.980s][info][gc,task        ] GC(1407) Using 2 workers of 2 for marking
[4670.737s][info][gc,marking     ] GC(1407) Concurrent Mark From Roots 756.996ms
[4670.737s][info][gc,marking     ] GC(1407) Concurrent Preclean
[4670.737s][info][gc,marking     ] GC(1407) Concurrent Preclean 0.133ms
[4670.740s][info][gc,start       ] GC(1407) Pause Remark
[4670.745s][info][gc             ] GC(1407) Pause Remark 2295M->2295M(4096M) 5.118ms
[4670.745s][info][gc,cpu         ] GC(1407) User=0.03s Sys=0.01s Real=0.01s
[4670.745s][info][gc,marking     ] GC(1407) Concurrent Mark 765.626ms
[4670.745s][info][gc,marking     ] GC(1407) Concurrent Rebuild Remembered Sets and Scrub Regions
.[4671.065s][info][gc,marking     ] GC(1407) Concurrent Rebuild Remembered Sets and Scrub Regions 319.258ms
[4671.065s][info][gc,start       ] GC(1407) Pause Cleanup
[4671.065s][info][gc             ] GC(1407) Pause Cleanup 2585M->2585M(4096M) 0.113ms
[4671.065s][info][gc,cpu         ] GC(1407) User=0.00s Sys=0.00s Real=0.00s
[4671.066s][info][gc,marking     ] GC(1407) Concurrent Clear Claimed Marks
[4671.066s][info][gc,marking     ] GC(1407) Concurrent Clear Claimed Marks 0.030ms
[4671.066s][info][gc,marking     ] GC(1407) Concurrent Cleanup for Next Mark
[4671.070s][info][gc,marking     ] GC(1407) Concurrent Cleanup for Next Mark 4.376ms
[4671.070s][info][gc             ] GC(1407) Concurrent Mark Cycle 1284.660ms
[4671.923s][info][gc,start       ] GC(1408) Pause Young (Prepare Mixed) (G1 Evacuation Pause)
[4671.923s][info][gc,task        ] GC(1408) Using 6 workers of 6 for evacuation
[4672.041s][info][gc,phases      ] GC(1408)   Pre Evacuate Collection Set: 0.33ms
[4672.041s][info][gc,phases      ] GC(1408)   Merge Heap Roots: 0.45ms
[4672.041s][info][gc,phases      ] GC(1408)   Evacuate Collection Set: 116.28ms
[4672.041s][info][gc,phases      ] GC(1408)   Post Evacuate Collection Set: 0.90ms
[4672.041s][info][gc,phases      ] GC(1408)   Other: 0.09ms
[4672.041s][info][gc,heap        ] GC(1408) Eden regions: 1117->0(1106)
[4672.041s][info][gc,heap        ] GC(1408) Survivor regions: 111->110(154)
[4672.041s][info][gc,heap        ] GC(1408) Old regions: 508->539
[4672.041s][info][gc,heap        ] GC(1408) Humongous regions: 80->80
[4672.041s][info][gc,metaspace   ] GC(1408) Metaspace: 28928K(29312K)->28928K(29312K) NonClass: 24059K(24256K)->24059K(24256K) Class: 4868K(5056K)->4868K(5056K)
[4672.041s][info][gc             ] GC(1408) Pause Young (Prepare Mixed) (G1 Evacuation Pause) 3629M->1456M(4096M) 118.201ms
[4672.041s][info][gc,cpu         ] GC(1408) User=0.70s Sys=0.00s Real=0.11s
...[4674.201s][info][gc,start       ] GC(1409) Pause Young (Mixed) (G1 Evacuation Pause)
[4674.201s][info][gc,task        ] GC(1409) Using 6 workers of 6 for evacuation
[4674.335s][info][gc,phases      ] GC(1409)   Pre Evacuate Collection Set: 0.38ms
[4674.335s][info][gc,phases      ] GC(1409)   Merge Heap Roots: 0.68ms
[4674.335s][info][gc,phases      ] GC(1409)   Evacuate Collection Set: 131.98ms
[4674.335s][info][gc,phases      ] GC(1409)   Post Evacuate Collection Set: 0.93ms
[4674.335s][info][gc,phases      ] GC(1409)   Other: 0.09ms
[4674.335s][info][gc,heap        ] GC(1409) Eden regions: 1106->0(1117)
[4674.335s][info][gc,heap        ] GC(1409) Survivor regions: 110->111(152)
[4674.335s][info][gc,heap        ] GC(1409) Old regions: 539->474
[4674.335s][info][gc,heap        ] GC(1409) Humongous regions: 80->80
[4674.335s][info][gc,metaspace   ] GC(1409) Metaspace: 28928K(29312K)->28928K(29312K) NonClass: 24059K(24256K)->24059K(24256K) Class: 4868K(5056K)->4868K(5056K)
[4674.335s][info][gc             ] GC(1409) Pause Young (Mixed) (G1 Evacuation Pause) 3668M->1329M(4096M) 134.201ms
[4674.335s][info][gc,cpu         ] GC(1409) User=0.80s Sys=0.00s Real=0.14s
..[4676.454s][info][gc,start       ] GC(1410) Pause Young (Concurrent Start) (G1 Evacuation Pause)
[4676.454s][info][gc,task        ] GC(1410) Using 6 workers of 6 for evacuation
[4676.571s][info][gc,phases      ] GC(1410)   Pre Evacuate Collection Set: 0.38ms
[4676.572s][info][gc,phases      ] GC(1410)   Merge Heap Roots: 0.48ms
[4676.572s][info][gc,phases      ] GC(1410)   Evacuate Collection Set: 115.78ms
[4676.572s][info][gc,phases      ] GC(1410)   Post Evacuate Collection Set: 0.90ms
[4676.572s][info][gc,phases      ] GC(1410)   Other: 0.10ms
[4676.572s][info][gc,heap        ] GC(1410) Eden regions: 1117->0(1118)
[4676.572s][info][gc,heap        ] GC(1410) Survivor regions: 111->110(154)
[4676.572s][info][gc,heap        ] GC(1410) Old regions: 474->506
[4676.572s][info][gc,heap        ] GC(1410) Humongous regions: 80->80
[4676.572s][info][gc,metaspace   ] GC(1410) Metaspace: 28928K(29312K)->28928K(29312K) NonClass: 24059K(24256K)->24059K(24256K) Class: 4868K(5056K)->4868K(5056K)
[4676.572s][info][gc             ] GC(1410) Pause Young (Concurrent Start) (G1 Evacuation Pause) 3563M->1390M(4096M) 117.776ms
[4676.572s][info][gc             ] GC(1411) Concurrent Mark Cycle
[4676.572s][info][gc,marking     ] GC(1411) Concurrent Scan Root Regions
[4676.572s][info][gc,cpu         ] GC(1410) User=0.70s Sys=0.00s Real=0.11s
[4676.829s][info][gc,marking     ] GC(1411) Concurrent Scan Root Regions 257.829ms
[4676.829s][info][gc,marking     ] GC(1411) Concurrent Mark
[4676.829s][info][gc,marking     ] GC(1411) Concurrent Mark From Roots
[4676.830s][info][gc,task        ] GC(1411) Using 2 workers of 2 for marking
.[4677.995s][info][gc,marking     ] GC(1411) Concurrent Mark From Roots 1165.599ms
[4677.995s][info][gc,marking     ] GC(1411) Concurrent Preclean
[4677.995s][info][gc,marking     ] GC(1411) Concurrent Preclean 0.162ms
[4677.998s][info][gc,start       ] GC(1411) Pause Remark
[4678.002s][info][gc             ] GC(1411) Pause Remark 2836M->2836M(4096M) 4.250ms
[4678.002s][info][gc,cpu         ] GC(1411) User=0.02s Sys=0.00s Real=0.01s
[4678.002s][info][gc,marking     ] GC(1411) Concurrent Mark 1172.616ms
[4678.002s][info][gc,marking     ] GC(1411) Concurrent Rebuild Remembered Sets and Scrub Regions
.[4678.280s][info][gc,marking     ] GC(1411) Concurrent Rebuild Remembered Sets and Scrub Regions 277.495ms
[4678.280s][info][gc,start       ] GC(1411) Pause Cleanup
[4678.280s][info][gc             ] GC(1411) Pause Cleanup 3111M->3111M(4096M) 0.128ms
[4678.280s][info][gc,cpu         ] GC(1411) User=0.00s Sys=0.00s Real=0.00s
[4678.280s][info][gc,marking     ] GC(1411) Concurrent Clear Claimed Marks
[4678.280s][info][gc,marking     ] GC(1411) Concurrent Clear Claimed Marks 0.024ms
[4678.280s][info][gc,marking     ] GC(1411) Concurrent Cleanup for Next Mark
[4678.286s][info][gc,marking     ] GC(1411) Concurrent Cleanup for Next Mark 5.661ms
[4678.286s][info][gc             ] GC(1411) Concurrent Mark Cycle 1714.503ms
[4678.700s][info][gc,start       ] GC(1412) Pause Young (Prepare Mixed) (G1 Evacuation Pause)
[4678.700s][info][gc,task        ] GC(1412) Using 6 workers of 6 for evacuation
[4678.823s][info][gc,phases      ] GC(1412)   Pre Evacuate Collection Set: 0.33ms
[4678.824s][info][gc,phases      ] GC(1412)   Merge Heap Roots: 0.56ms
[4678.824s][info][gc,phases      ] GC(1412)   Evacuate Collection Set: 121.78ms
[4678.824s][info][gc,phases      ] GC(1412)   Post Evacuate Collection Set: 0.94ms
[4678.824s][info][gc,phases      ] GC(1412)   Other: 0.09ms
[4678.824s][info][gc,heap        ] GC(1412) Eden regions: 1118->0(1099)
[4678.824s][info][gc,heap        ] GC(1412) Survivor regions: 110->114(154)
[4678.824s][info][gc,heap        ] GC(1412) Old regions: 506->538
[4678.824s][info][gc,heap        ] GC(1412) Humongous regions: 80->80
[4678.824s][info][gc,metaspace   ] GC(1412) Metaspace: 28928K(29312K)->28928K(29312K) NonClass: 24059K(24256K)->24059K(24256K) Class: 4868K(5056K)->4868K(5056K)
[4678.824s][info][gc             ] GC(1412) Pause Young (Prepare Mixed) (G1 Evacuation Pause) 3626M->1461M(4096M) 123.825ms
[4678.824s][info][gc,cpu         ] GC(1412) User=0.74s Sys=0.00s Real=0.13s
..[4680.856s][info][gc,start       ] GC(1413) Pause Young (Mixed) (G1 Evacuation Pause)
[4680.856s][info][gc,task        ] GC(1413) Using 6 workers of 6 for evacuation
[4680.993s][info][gc,phases      ] GC(1413)   Pre Evacuate Collection Set: 0.36ms
[4680.993s][info][gc,phases      ] GC(1413)   Merge Heap Roots: 0.73ms
[4680.993s][info][gc,phases      ] GC(1413)   Evacuate Collection Set: 134.68ms
[4680.993s][info][gc,phases      ] GC(1413)   Post Evacuate Collection Set: 0.93ms
[4680.993s][info][gc,phases      ] GC(1413)   Other: 0.10ms
[4680.993s][info][gc,heap        ] GC(1413) Eden regions: 1099->0(1117)
[4680.993s][info][gc,heap        ] GC(1413) Survivor regions: 114->111(152)
[4680.993s][info][gc,heap        ] GC(1413) Old regions: 538->475
[4680.993s][info][gc,heap        ] GC(1413) Humongous regions: 80->80
[4680.993s][info][gc,metaspace   ] GC(1413) Metaspace: 28928K(29312K)->28928K(29312K) NonClass: 24059K(24256K)->24059K(24256K) Class: 4868K(5056K)->4868K(5056K)
[4680.993s][info][gc             ] GC(1413) Pause Young (Mixed) (G1 Evacuation Pause) 3659M->1330M(4096M) 136.937ms
[4680.993s][info][gc,cpu         ] GC(1413) User=0.81s Sys=0.00s Real=0.14s
..[4683.067s][info][gc,start       ] GC(1414) Pause Young (Concurrent Start) (G1 Evacuation Pause)
[4683.067s][info][gc,task        ] GC(1414) Using 6 workers of 6 for evacuation
[4683.189s][info][gc,phases      ] GC(1414)   Pre Evacuate Collection Set: 0.37ms
[4683.189s][info][gc,phases      ] GC(1414)   Merge Heap Roots: 0.46ms
[4683.189s][info][gc,phases      ] GC(1414)   Evacuate Collection Set: 120.13ms
[4683.189s][info][gc,phases      ] GC(1414)   Post Evacuate Collection Set: 0.89ms
[4683.189s][info][gc,phases      ] GC(1414)   Other: 0.11ms
[4683.189s][info][gc,heap        ] GC(1414) Eden regions: 1117->0(1116)
[4683.189s][info][gc,heap        ] GC(1414) Survivor regions: 111->112(154)
[4683.189s][info][gc,heap        ] GC(1414) Old regions: 475->507
[4683.189s][info][gc,heap        ] GC(1414) Humongous regions: 80->80
[4683.189s][info][gc,metaspace   ] GC(1414) Metaspace: 28928K(29312K)->28928K(29312K) NonClass: 24059K(24256K)->24059K(24256K) Class: 4868K(5056K)->4868K(5056K)
[4683.189s][info][gc             ] GC(1414) Pause Young (Concurrent Start) (G1 Evacuation Pause) 3564M->1397M(4096M) 122.094ms
[4683.189s][info][gc             ] GC(1415) Concurrent Mark Cycle
[4683.189s][info][gc,marking     ] GC(1415) Concurrent Scan Root Regions
[4683.189s][info][gc,cpu         ] GC(1414) User=0.72s Sys=0.00s Real=0.12s
.[4683.373s][info][gc,marking     ] GC(1415) Concurrent Scan Root Regions 183.498ms
[4683.373s][info][gc,marking     ] GC(1415) Concurrent Mark
[4683.373s][info][gc,marking     ] GC(1415) Concurrent Mark From Roots
[4683.373s][info][gc,task        ] GC(1415) Using 2 workers of 2 for marking
.[4684.386s][info][gc,marking     ] GC(1415) Concurrent Mark From Roots 1012.798ms
[4684.386s][info][gc,marking     ] GC(1415) Concurrent Preclean
[4684.386s][info][gc,marking     ] GC(1415) Concurrent Preclean 0.132ms
[4684.388s][info][gc,start       ] GC(1415) Pause Remark
[4684.395s][info][gc             ] GC(1415) Pause Remark 2551M->2551M(4096M) 6.559ms
[4684.395s][info][gc,cpu         ] GC(1415) User=0.04s Sys=0.00s Real=0.01s
[4684.396s][info][gc,marking     ] GC(1415) Concurrent Mark 1023.251ms
[4684.396s][info][gc,marking     ] GC(1415) Concurrent Rebuild Remembered Sets and Scrub Regions
[4684.671s][info][gc,marking     ] GC(1415) Concurrent Rebuild Remembered Sets and Scrub Regions 274.907ms
[4684.673s][info][gc,start       ] GC(1415) Pause Cleanup
[4684.673s][info][gc             ] GC(1415) Pause Cleanup 2841M->2841M(4096M) 0.125ms
[4684.673s][info][gc,cpu         ] GC(1415) User=0.00s Sys=0.00s Real=0.00s
[4684.673s][info][gc,marking     ] GC(1415) Concurrent Clear Claimed Marks
[4684.673s][info][gc,marking     ] GC(1415) Concurrent Clear Claimed Marks 0.028ms
[4684.673s][info][gc,marking     ] GC(1415) Concurrent Cleanup for Next Mark
[4684.684s][info][gc,marking     ] GC(1415) Concurrent Cleanup for Next Mark 10.862ms
[4684.684s][info][gc             ] GC(1415) Concurrent Mark Cycle 1494.631ms
.[4685.351s][info][gc,start       ] GC(1416) Pause Young (Prepare Mixed) (G1 Evacuation Pause)
[4685.351s][info][gc,task        ] GC(1416) Using 6 workers of 6 for evacuation
[4685.475s][info][gc,phases      ] GC(1416)   Pre Evacuate Collection Set: 0.33ms
[4685.475s][info][gc,phases      ] GC(1416)   Merge Heap Roots: 0.52ms
[4685.475s][info][gc,phases      ] GC(1416)   Evacuate Collection Set: 122.17ms
[4685.475s][info][gc,phases      ] GC(1416)   Post Evacuate Collection Set: 0.95ms
[4685.475s][info][gc,phases      ] GC(1416)   Other: 0.10ms
[4685.475s][info][gc,heap        ] GC(1416) Eden regions: 1116->0(1095)
[4685.475s][info][gc,heap        ] GC(1416) Survivor regions: 112->116(154)
[4685.475s][info][gc,heap        ] GC(1416) Old regions: 507->538
[4685.475s][info][gc,heap        ] GC(1416) Humongous regions: 80->80
[4685.475s][info][gc,metaspace   ] GC(1416) Metaspace: 28928K(29312K)->28928K(29312K) NonClass: 24059K(24256K)->24059K(24256K) Class: 4868K(5056K)->4868K(5056K)
[4685.475s][info][gc             ] GC(1416) Pause Young (Prepare Mixed) (G1 Evacuation Pause) 3629M->1466M(4096M) 124.205ms
[4685.475s][info][gc,cpu         ] GC(1416) User=0.73s Sys=0.00s Real=0.13s
..[4687.559s][info][gc,start       ] GC(1417) Pause Young (Mixed) (G1 Evacuation Pause)
[4687.559s][info][gc,task        ] GC(1417) Using 6 workers of 6 for evacuation
[4687.692s][info][gc,phases      ] GC(1417)   Pre Evacuate Collection Set: 0.39ms
[4687.692s][info][gc,phases      ] GC(1417)   Merge Heap Roots: 0.74ms
[4687.692s][info][gc,phases      ] GC(1417)   Evacuate Collection Set: 131.47ms
[4687.692s][info][gc,phases      ] GC(1417)   Post Evacuate Collection Set: 0.94ms
[4687.692s][info][gc,phases      ] GC(1417)   Other: 0.09ms
[4687.692s][info][gc,heap        ] GC(1417) Eden regions: 1095->0(1120)
[4687.692s][info][gc,heap        ] GC(1417) Survivor regions: 116->108(152)
[4687.692s][info][gc,heap        ] GC(1417) Old regions: 538->476
[4687.692s][info][gc,heap        ] GC(1417) Humongous regions: 80->80
[4687.692s][info][gc,metaspace   ] GC(1417) Metaspace: 28928K(29312K)->28928K(29312K) NonClass: 24059K(24256K)->24059K(24256K) Class: 4868K(5056K)->4868K(5056K)
[4687.693s][info][gc             ] GC(1417) Pause Young (Mixed) (G1 Evacuation Pause) 3656M->1326M(4096M) 133.757ms
[4687.693s][info][gc,cpu         ] GC(1417) User=0.79s Sys=0.00s Real=0.14s
..[4689.796s][info][gc,start       ] GC(1418) Pause Young (Concurrent Start) (G1 Evacuation Pause)
[4689.796s][info][gc,task        ] GC(1418) Using 6 workers of 6 for evacuation
[4689.915s][info][gc,phases      ] GC(1418)   Pre Evacuate Collection Set: 0.36ms
[4689.915s][info][gc,phases      ] GC(1418)   Merge Heap Roots: 0.44ms
[4689.915s][info][gc,phases      ] GC(1418)   Evacuate Collection Set: 117.24ms
[4689.915s][info][gc,phases      ] GC(1418)   Post Evacuate Collection Set: 0.91ms
[4689.915s][info][gc,phases      ] GC(1418)   Other: 0.10ms
[4689.915s][info][gc,heap        ] GC(1418) Eden regions: 1120->0(1116)
[4689.915s][info][gc,heap        ] GC(1418) Survivor regions: 108->112(154)
[4689.915s][info][gc,heap        ] GC(1418) Old regions: 476->507
[4689.915s][info][gc,heap        ] GC(1418) Humongous regions: 80->80
[4689.915s][info][gc,metaspace   ] GC(1418) Metaspace: 28928K(29312K)->28928K(29312K) NonClass: 24059K(24256K)->24059K(24256K) Class: 4868K(5056K)->4868K(5056K)
[4689.915s][info][gc             ] GC(1418) Pause Young (Concurrent Start) (G1 Evacuation Pause) 3566M->1396M(4096M) 119.187ms
[4689.915s][info][gc             ] GC(1419) Concurrent Mark Cycle
[4689.915s][info][gc,marking     ] GC(1419) Concurrent Scan Root Regions
[4689.915s][info][gc,cpu         ] GC(1418) User=0.71s Sys=0.00s Real=0.12s
[4690.102s][info][gc,marking     ] GC(1419) Concurrent Scan Root Regions 187.274ms
[4690.102s][info][gc,marking     ] GC(1419) Concurrent Mark
[4690.102s][info][gc,marking     ] GC(1419) Concurrent Mark From Roots
[4690.102s][info][gc,task        ] GC(1419) Using 2 workers of 2 for marking
.[4691.234s][info][gc,marking     ] GC(1419) Concurrent Mark From Roots 1131.406ms
[4691.234s][info][gc,marking     ] GC(1419) Concurrent Preclean
[4691.234s][info][gc,marking     ] GC(1419) Concurrent Preclean 0.138ms
[4691.236s][info][gc,start       ] GC(1419) Pause Remark
[4691.244s][info][gc             ] GC(1419) Pause Remark 2676M->2676M(4096M) 7.297ms
[4691.244s][info][gc,cpu         ] GC(1419) User=0.04s Sys=0.00s Real=0.01s
[4691.244s][info][gc,marking     ] GC(1419) Concurrent Mark 1141.452ms
[4691.244s][info][gc,marking     ] GC(1419) Concurrent Rebuild Remembered Sets and Scrub Regions
.[4691.608s][info][gc,marking     ] GC(1419) Concurrent Rebuild Remembered Sets and Scrub Regions 363.790ms
[4691.609s][info][gc,start       ] GC(1419) Pause Cleanup
[4691.610s][info][gc             ] GC(1419) Pause Cleanup 3020M->3020M(4096M) 0.131ms
[4691.610s][info][gc,cpu         ] GC(1419) User=0.00s Sys=0.00s Real=0.00s
[4691.610s][info][gc,marking     ] GC(1419) Concurrent Clear Claimed Marks
[4691.610s][info][gc,marking     ] GC(1419) Concurrent Clear Claimed Marks 0.025ms
[4691.610s][info][gc,marking     ] GC(1419) Concurrent Cleanup for Next Mark
[4691.614s][info][gc,marking     ] GC(1419) Concurrent Cleanup for Next Mark 4.688ms
[4691.614s][info][gc             ] GC(1419) Concurrent Mark Cycle 1699.538ms
[4692.032s][info][gc,start       ] GC(1420) Pause Young (Prepare Mixed) (G1 Evacuation Pause)
[4692.032s][info][gc,task        ] GC(1420) Using 6 workers of 6 for evacuation
[4692.152s][info][gc,phases      ] GC(1420)   Pre Evacuate Collection Set: 0.32ms
[4692.152s][info][gc,phases      ] GC(1420)   Merge Heap Roots: 0.49ms
[4692.152s][info][gc,phases      ] GC(1420)   Evacuate Collection Set: 118.39ms
[4692.152s][info][gc,phases      ] GC(1420)   Post Evacuate Collection Set: 0.93ms
[4692.152s][info][gc,phases      ] GC(1420)   Other: 0.10ms
[4692.152s][info][gc,heap        ] GC(1420) Eden regions: 1116->0(1102)
[4692.152s][info][gc,heap        ] GC(1420) Survivor regions: 112->112(154)
[4692.152s][info][gc,heap        ] GC(1420) Old regions: 507->539
[4692.152s][info][gc,heap        ] GC(1420) Humongous regions: 80->80
[4692.152s][info][gc,metaspace   ] GC(1420) Metaspace: 28928K(29312K)->28928K(29312K) NonClass: 24059K(24256K)->24059K(24256K) Class: 4868K(5056K)->4868K(5056K)
[4692.152s][info][gc             ] GC(1420) Pause Young (Prepare Mixed) (G1 Evacuation Pause) 3628M->1459M(4096M) 120.350ms
[4692.152s][info][gc,cpu         ] GC(1420) User=0.71s Sys=0.00s Real=0.13s
..[4694.214s][info][gc,start       ] GC(1421) Pause Young (Mixed) (G1 Evacuation Pause)
[4694.214s][info][gc,task        ] GC(1421) Using 6 workers of 6 for evacuation
[4694.350s][info][gc,phases      ] GC(1421)   Pre Evacuate Collection Set: 0.39ms
[4694.350s][info][gc,phases      ] GC(1421)   Merge Heap Roots: 0.66ms
[4694.350s][info][gc,phases      ] GC(1421)   Evacuate Collection Set: 133.61ms
[4694.350s][info][gc,phases      ] GC(1421)   Post Evacuate Collection Set: 0.95ms
[4694.350s][info][gc,phases      ] GC(1421)   Other: 0.09ms
[4694.350s][info][gc,heap        ] GC(1421) Eden regions: 1102->0(1118)
[4694.350s][info][gc,heap        ] GC(1421) Survivor regions: 112->110(152)
[4694.350s][info][gc,heap        ] GC(1421) Old regions: 539->474
[4694.350s][info][gc,heap        ] GC(1421) Humongous regions: 80->80
[4694.350s][info][gc,metaspace   ] GC(1421) Metaspace: 28928K(29312K)->28928K(29312K) NonClass: 24059K(24256K)->24059K(24256K) Class: 4868K(5056K)->4868K(5056K)
[4694.350s][info][gc             ] GC(1421) Pause Young (Mixed) (G1 Evacuation Pause) 3663M->1327M(4096M) 135.834ms
[4694.350s][info][gc,cpu         ] GC(1421) User=0.81s Sys=0.00s Real=0.13s
..[4696.471s][info][gc,start       ] GC(1422) Pause Young (Concurrent Start) (G1 Evacuation Pause)
[4696.471s][info][gc,task        ] GC(1422) Using 6 workers of 6 for evacuation
[4696.589s][info][gc,phases      ] GC(1422)   Pre Evacuate Collection Set: 0.42ms
[4696.589s][info][gc,phases      ] GC(1422)   Merge Heap Roots: 0.47ms
[4696.589s][info][gc,phases      ] GC(1422)   Evacuate Collection Set: 115.55ms
[4696.589s][info][gc,phases      ] GC(1422)   Post Evacuate Collection Set: 0.88ms
[4696.589s][info][gc,phases      ] GC(1422)   Other: 0.88ms
[4696.589s][info][gc,heap        ] GC(1422) Eden regions: 1118->0(1118)
[4696.589s][info][gc,heap        ] GC(1422) Survivor regions: 110->110(154)
[4696.589s][info][gc,heap        ] GC(1422) Old regions: 474->506
[4696.589s][info][gc,heap        ] GC(1422) Humongous regions: 80->80
[4696.589s][info][gc,metaspace   ] GC(1422) Metaspace: 28928K(29312K)->28928K(29312K) NonClass: 24059K(24256K)->24059K(24256K) Class: 4868K(5056K)->4868K(5056K)
[4696.589s][info][gc             ] GC(1422) Pause Young (Concurrent Start) (G1 Evacuation Pause) 3563M->1390M(4096M) 118.352ms
[4696.589s][info][gc             ] GC(1423) Concurrent Mark Cycle
[4696.589s][info][gc,marking     ] GC(1423) Concurrent Scan Root Regions
[4696.589s][info][gc,cpu         ] GC(1422) User=0.69s Sys=0.00s Real=0.12s
.[4696.729s][info][gc,marking     ] GC(1423) Concurrent Scan Root Regions 139.539ms
[4696.729s][info][gc,marking     ] GC(1423) Concurrent Mark
[4696.729s][info][gc,marking     ] GC(1423) Concurrent Mark From Roots
[4696.729s][info][gc,task        ] GC(1423) Using 2 workers of 2 for marking
[4697.566s][info][gc,marking     ] GC(1423) Concurrent Mark From Roots 837.737ms
[4697.567s][info][gc,marking     ] GC(1423) Concurrent Preclean
[4697.567s][info][gc,marking     ] GC(1423) Concurrent Preclean 0.159ms
[4697.569s][info][gc,start       ] GC(1423) Pause Remark
[4697.572s][info][gc             ] GC(1423) Pause Remark 2344M->2344M(4096M) 3.221ms
[4697.572s][info][gc,cpu         ] GC(1423) User=0.01s Sys=0.00s Real=0.01s
[4697.572s][info][gc,marking     ] GC(1423) Concurrent Mark 843.683ms
[4697.572s][info][gc,marking     ] GC(1423) Concurrent Rebuild Remembered Sets and Scrub Regions
.[4697.845s][info][gc,marking     ] GC(1423) Concurrent Rebuild Remembered Sets and Scrub Regions 272.585ms
[4697.845s][info][gc,start       ] GC(1423) Pause Cleanup
[4697.845s][info][gc             ] GC(1423) Pause Cleanup 2616M->2616M(4096M) 0.124ms
[4697.845s][info][gc,cpu         ] GC(1423) User=0.00s Sys=0.00s Real=0.00s
[4697.846s][info][gc,marking     ] GC(1423) Concurrent Clear Claimed Marks
[4697.846s][info][gc,marking     ] GC(1423) Concurrent Clear Claimed Marks 0.035ms
[4697.846s][info][gc,marking     ] GC(1423) Concurrent Cleanup for Next Mark
[4697.858s][info][gc,marking     ] GC(1423) Concurrent Cleanup for Next Mark 12.422ms
[4697.859s][info][gc             ] GC(1423) Concurrent Mark Cycle 1269.466ms
[4698.657s][info][gc,start       ] GC(1424) Pause Young (Prepare Mixed) (G1 Evacuation Pause)
[4698.657s][info][gc,task        ] GC(1424) Using 6 workers of 6 for evacuation
[4698.778s][info][gc,phases      ] GC(1424)   Pre Evacuate Collection Set: 0.32ms
[4698.778s][info][gc,phases      ] GC(1424)   Merge Heap Roots: 0.46ms
[4698.778s][info][gc,phases      ] GC(1424)   Evacuate Collection Set: 119.03ms
[4698.778s][info][gc,phases      ] GC(1424)   Post Evacuate Collection Set: 0.88ms
[4698.778s][info][gc,phases      ] GC(1424)   Other: 0.09ms
[4698.778s][info][gc,heap        ] GC(1424) Eden regions: 1118->0(1105)
[4698.778s][info][gc,heap        ] GC(1424) Survivor regions: 110->111(154)
[4698.778s][info][gc,heap        ] GC(1424) Old regions: 506->538
[4698.778s][info][gc,heap        ] GC(1424) Humongous regions: 80->80
[4698.778s][info][gc,metaspace   ] GC(1424) Metaspace: 28928K(29312K)->28928K(29312K) NonClass: 24059K(24256K)->24059K(24256K) Class: 4868K(5056K)->4868K(5056K)
[4698.778s][info][gc             ] GC(1424) Pause Young (Prepare Mixed) (G1 Evacuation Pause) 3626M->1455M(4096M) 120.913ms
[4698.778s][info][gc,cpu         ] GC(1424) User=0.72s Sys=0.00s Real=0.12s
...[4700.822s][info][gc,start       ] GC(1425) Pause Young (Mixed) (G1 Evacuation Pause)
[4700.822s][info][gc,task        ] GC(1425) Using 6 workers of 6 for evacuation
[4700.955s][info][gc,phases      ] GC(1425)   Pre Evacuate Collection Set: 0.37ms
[4700.955s][info][gc,phases      ] GC(1425)   Merge Heap Roots: 0.62ms
[4700.955s][info][gc,phases      ] GC(1425)   Evacuate Collection Set: 131.09ms
[4700.955s][info][gc,phases      ] GC(1425)   Post Evacuate Collection Set: 0.94ms
[4700.955s][info][gc,phases      ] GC(1425)   Other: 0.09ms
[4700.955s][info][gc,heap        ] GC(1425) Eden regions: 1105->0(1119)
[4700.955s][info][gc,heap        ] GC(1425) Survivor regions: 111->109(152)
[4700.955s][info][gc,heap        ] GC(1425) Old regions: 538->475
[4700.955s][info][gc,heap        ] GC(1425) Humongous regions: 80->80
[4700.955s][info][gc,metaspace   ] GC(1425) Metaspace: 28928K(29312K)->28928K(29312K) NonClass: 24059K(24256K)->24059K(24256K) Class: 4868K(5056K)->4868K(5056K)
[4700.955s][info][gc             ] GC(1425) Pause Young (Mixed) (G1 Evacuation Pause) 3665M->1326M(4096M) 133.271ms
[4700.955s][info][gc,cpu         ] GC(1425) User=0.79s Sys=0.00s Real=0.13s
..[4703.078s][info][gc,start       ] GC(1426) Pause Young (Concurrent Start) (G1 Evacuation Pause)
[4703.078s][info][gc,task        ] GC(1426) Using 6 workers of 6 for evacuation
[4703.198s][info][gc,phases      ] GC(1426)   Pre Evacuate Collection Set: 0.39ms
[4703.198s][info][gc,phases      ] GC(1426)   Merge Heap Roots: 0.44ms
[4703.198s][info][gc,phases      ] GC(1426)   Evacuate Collection Set: 118.61ms
[4703.198s][info][gc,phases      ] GC(1426)   Post Evacuate Collection Set: 0.89ms
[4703.198s][info][gc,phases      ] GC(1426)   Other: 0.11ms
[4703.198s][info][gc,heap        ] GC(1426) Eden regions: 1119->0(1115)
[4703.198s][info][gc,heap        ] GC(1426) Survivor regions: 109->113(154)
[4703.198s][info][gc,heap        ] GC(1426) Old regions: 475->506
[4703.198s][info][gc,heap        ] GC(1426) Humongous regions: 80->80
[4703.198s][info][gc,metaspace   ] GC(1426) Metaspace: 28928K(29312K)->28928K(29312K) NonClass: 24059K(24256K)->24059K(24256K) Class: 4868K(5056K)->4868K(5056K)
[4703.198s][info][gc             ] GC(1426) Pause Young (Concurrent Start) (G1 Evacuation Pause) 3564M->1395M(4096M) 120.578ms
[4703.198s][info][gc             ] GC(1427) Concurrent Mark Cycle
[4703.198s][info][gc,marking     ] GC(1427) Concurrent Scan Root Regions
[4703.198s][info][gc,cpu         ] GC(1426) User=0.71s Sys=0.00s Real=0.12s
[4703.356s][info][gc,marking     ] GC(1427) Concurrent Scan Root Regions 157.719ms
[4703.356s][info][gc,marking     ] GC(1427) Concurrent Mark
[4703.356s][info][gc,marking     ] GC(1427) Concurrent Mark From Roots
[4703.356s][info][gc,task        ] GC(1427) Using 2 workers of 2 for marking
.[4704.265s][info][gc,marking     ] GC(1427) Concurrent Mark From Roots 908.525ms
[4704.265s][info][gc,marking     ] GC(1427) Concurrent Preclean
[4704.265s][info][gc,marking     ] GC(1427) Concurrent Preclean 0.163ms
[4704.268s][info][gc,start       ] GC(1427) Pause Remark
[4704.273s][info][gc             ] GC(1427) Pause Remark 2393M->2393M(4096M) 4.847ms
[4704.273s][info][gc,cpu         ] GC(1427) User=0.03s Sys=0.00s Real=0.01s
[4704.273s][info][gc,marking     ] GC(1427) Concurrent Mark 916.709ms
[4704.273s][info][gc,marking     ] GC(1427) Concurrent Rebuild Remembered Sets and Scrub Regions
[4704.599s][info][gc,marking     ] GC(1427) Concurrent Rebuild Remembered Sets and Scrub Regions 326.294ms
[4704.599s][info][gc,start       ] GC(1427) Pause Cleanup
[4704.599s][info][gc             ] GC(1427) Pause Cleanup 2707M->2707M(4096M) 0.113ms
[4704.599s][info][gc,cpu         ] GC(1427) User=0.00s Sys=0.00s Real=0.00s
[4704.599s][info][gc,marking     ] GC(1427) Concurrent Clear Claimed Marks
[4704.599s][info][gc,marking     ] GC(1427) Concurrent Clear Claimed Marks 0.024ms
[4704.599s][info][gc,marking     ] GC(1427) Concurrent Cleanup for Next Mark
[4704.604s][info][gc,marking     ] GC(1427) Concurrent Cleanup for Next Mark 5.096ms
[4704.605s][info][gc             ] GC(1427) Concurrent Mark Cycle 1406.338ms
.[4705.194s][info][gc,start       ] GC(1428) Pause Young (Prepare Mixed) (G1 Evacuation Pause)
[4705.194s][info][gc,task        ] GC(1428) Using 6 workers of 6 for evacuation
[4705.317s][info][gc,phases      ] GC(1428)   Pre Evacuate Collection Set: 0.33ms
[4705.317s][info][gc,phases      ] GC(1428)   Merge Heap Roots: 0.49ms
[4705.317s][info][gc,phases      ] GC(1428)   Evacuate Collection Set: 121.32ms
[4705.317s][info][gc,phases      ] GC(1428)   Post Evacuate Collection Set: 0.93ms
[4705.318s][info][gc,phases      ] GC(1428)   Other: 0.08ms
[4705.318s][info][gc,heap        ] GC(1428) Eden regions: 1115->0(1099)
[4705.318s][info][gc,heap        ] GC(1428) Survivor regions: 113->114(154)
[4705.318s][info][gc,heap        ] GC(1428) Old regions: 506->538
[4705.318s][info][gc,heap        ] GC(1428) Humongous regions: 80->80
[4705.318s][info][gc,metaspace   ] GC(1428) Metaspace: 28928K(29312K)->28928K(29312K) NonClass: 24059K(24256K)->24059K(24256K) Class: 4868K(5056K)->4868K(5056K)
[4705.318s][info][gc             ] GC(1428) Pause Young (Prepare Mixed) (G1 Evacuation Pause) 3625M->1463M(4096M) 123.292ms
[4705.318s][info][gc,cpu         ] GC(1428) User=0.73s Sys=0.00s Real=0.12s
..[4707.511s][info][gc,start       ] GC(1429) Pause Young (Mixed) (G1 Evacuation Pause)
[4707.511s][info][gc,task        ] GC(1429) Using 6 workers of 6 for evacuation
[4707.645s][info][gc,phases      ] GC(1429)   Pre Evacuate Collection Set: 0.37ms
[4707.645s][info][gc,phases      ] GC(1429)   Merge Heap Roots: 0.69ms
[4707.645s][info][gc,phases      ] GC(1429)   Evacuate Collection Set: 131.38ms
