[0.002s][info][gc,init] CardTable entry size: 512
[0.002s][info][gc     ] Using G1
[0.009s][info][gc,init] Version: 24-internal-adhoc.thomas.source (release)
[0.009s][info][gc,init] CPUs: 8 total, 6 available
[0.009s][info][gc,init] Memory: 15662M
[0.009s][info][gc,init] Large Page Support: Disabled
[0.009s][info][gc,init] NUMA Support: Disabled
[0.009s][info][gc,init] Compressed Oops: Enabled (Zero based)
[0.009s][info][gc,init] Heap Region Size: 2M
[0.009s][info][gc,init] Heap Min Capacity: 4G
[0.009s][info][gc,init] Heap Initial Capacity: 4G
[0.009s][info][gc,init] Heap Max Capacity: 4G
[0.009s][info][gc,init] Pre-touch: Disabled
[0.009s][info][gc,init] Parallel Workers: 6
[0.009s][info][gc,init] Concurrent Workers: 2
[0.009s][info][gc,init] Concurrent Refinement Workers: 6
[0.009s][info][gc,init] Periodic GC: Disabled
[0.009s][info][gc,metaspace] CDS archive(s) not mapped
[0.009s][info][gc,metaspace] Compressed class space mapped at: 0x0000000048000000-0x0000000088000000, reserved size: 1073741824
[0.009s][info][gc,metaspace] UseCompressedClassPointers 1, UseCompactObjectHeaders 1, narrow klass pointer bits 22, max shift 10
[0.009s][info][gc,metaspace] Narrow klass base: 0x0000000048000000, Narrow klass shift: 9, Narrow klass range: 0x40000000

SPECjbb2015 Java Business Benchmark
 (c) Standard Performance Evaluation Corporation, 2015

Preparing to launch All-in-one SPECjbb2015.

Reading property file: /shared/projects/openjdk/analysis/lilliput-benefits/specjbb/results-COH-ON-G1-1/./config/specjbb2015.props

     0s: Enumerating plugins...
     0s:    Connectivity:
     0s:             HTTP_Grizzly: Grizzly HTTP server, JDK HTTP client
     0s:              NIO_Grizzly: Grizzly NIO server, Grizzly NIO client
     0s:               HTTP_Jetty: Jetty HTTP server, JDK HTTP client
     0s:    Snapshot:
     0s:                 InMemory: Stores snapshots in heap memory
     0s:    Data Writers:
     0s:                     Demo: Send all frame to listener
     0s:                   InFile: Writing Data into file
     0s:                   Silent: Drop all frames
     0s: 
     0s: Kit validation is skipped.
     0s: Tests are skipped.
     0s: 
     0s: [0.989s][info][gc,start    ] GC(0) Pause Young (Normal) (G1 Evacuation Pause)
[0.989s][info][gc,task     ] GC(0) Using 6 workers of 6 for evacuation
[0.994s][info][gc,phases   ] GC(0)   Pre Evacuate Collection Set: 0.30ms
[0.994s][info][gc,phases   ] GC(0)   Merge Heap Roots: 0.08ms
[0.994s][info][gc,phases   ] GC(0)   Evacuate Collection Set: 4.14ms
[0.994s][info][gc,phases   ] GC(0)   Post Evacuate Collection Set: 0.47ms
[0.994s][info][gc,phases   ] GC(0)   Other: 0.38ms
[0.994s][info][gc,heap     ] GC(0) Eden regions: 102->0(99)
[0.995s][info][gc,heap     ] GC(0) Survivor regions: 0->3(13)
[0.995s][info][gc,heap     ] GC(0) Old regions: 0->0
[0.995s][info][gc,heap     ] GC(0) Humongous regions: 0->0
[0.995s][info][gc,metaspace] GC(0) Metaspace: 21097K(21312K)->21097K(21312K) NonClass: 17097K(17216K)->17097K(17216K) Class: 3999K(4096K)->3999K(4096K)
[0.995s][info][gc          ] GC(0) Pause Young (Normal) (G1 Evacuation Pause) 204M->4M(4096M) 5.571ms
[0.995s][info][gc,cpu      ] GC(0) User=0.01s Sys=0.01s Real=0.01s
[1.146s][info][gc,start    ] GC(1) Pause Young (Concurrent Start) (Metadata GC Threshold)
[1.146s][info][gc,task     ] GC(1) Using 6 workers of 6 for evacuation
[1.148s][info][gc,phases   ] GC(1)   Pre Evacuate Collection Set: 0.27ms
[1.149s][info][gc,phases   ] GC(1)   Merge Heap Roots: 0.03ms
[1.149s][info][gc,phases   ] GC(1)   Evacuate Collection Set: 2.16ms
[1.149s][info][gc,phases   ] GC(1)   Post Evacuate Collection Set: 0.29ms
[1.149s][info][gc,phases   ] GC(1)   Other: 0.06ms
[1.149s][info][gc,heap     ] GC(1) Eden regions: 47->0(99)
[1.149s][info][gc,heap     ] GC(1) Survivor regions: 3->3(13)
[1.149s][info][gc,heap     ] GC(1) Old regions: 0->0
[1.149s][info][gc,heap     ] GC(1) Humongous regions: 0->0
[1.149s][info][gc,metaspace] GC(1) Metaspace: 21397K(21504K)->21397K(21504K) NonClass: 17366K(17408K)->17366K(17408K) Class: 4031K(4096K)->4031K(4096K)
[1.149s][info][gc          ] GC(1) Pause Young (Concurrent Start) (Metadata GC Threshold) 98M->5M(4096M) 2.927ms
[1.149s][info][gc,cpu      ] GC(1) User=0.02s Sys=0.00s Real=0.00s
[1.149s][info][gc          ] GC(2) Concurrent Mark Cycle
[1.149s][info][gc,marking  ] GC(2) Concurrent Scan Root Regions
[1.150s][info][gc,marking  ] GC(2) Concurrent Scan Root Regions 1.384ms
[1.150s][info][gc,marking  ] GC(2) Concurrent Mark
[1.150s][info][gc,marking  ] GC(2) Concurrent Mark From Roots
[1.150s][info][gc,task     ] GC(2) Using 2 workers of 2 for marking
[1.151s][info][gc,marking  ] GC(2) Concurrent Mark From Roots 0.658ms
[1.151s][info][gc,marking  ] GC(2) Concurrent Preclean
[1.151s][info][gc,marking  ] GC(2) Concurrent Preclean 0.005ms
[1.151s][info][gc,start    ] GC(2) Pause Remark
[1.151s][info][gc          ] GC(2) Pause Remark 6M->6M(4096M) 0.751ms
[1.151s][info][gc,cpu      ] GC(2) User=0.00s Sys=0.00s Real=0.00s
[1.152s][info][gc,marking  ] GC(2) Concurrent Mark 1.478ms
[1.152s][info][gc,marking  ] GC(2) Concurrent Rebuild Remembered Sets and Scrub Regions
[1.152s][info][gc,marking  ] GC(2) Concurrent Rebuild Remembered Sets and Scrub Regions 0.039ms
[1.152s][info][gc,start    ] GC(2) Pause Cleanup
[1.152s][info][gc          ] GC(2) Pause Cleanup 6M->6M(4096M) 0.010ms
[1.152s][info][gc,cpu      ] GC(2) User=0.00s Sys=0.00s Real=0.00s
[1.152s][info][gc,marking  ] GC(2) Concurrent Clear Claimed Marks
[1.152s][info][gc,marking  ] GC(2) Concurrent Clear Claimed Marks 0.006ms
[1.152s][info][gc,marking  ] GC(2) Concurrent Cleanup for Next Mark
[1.158s][info][gc,marking  ] GC(2) Concurrent Cleanup for Next Mark 5.984ms
[1.158s][info][gc          ] GC(2) Concurrent Mark Cycle 9.270ms
Ladies and gentlemen, this is your Controller speaking.
     0s: We are delighted in having you for benchmark run today.
     0s: 
     0s: Binary log file is ./specjbb2015-C-20240907-00001.data.gz
     0s: 
     0s: Performing handshake with all agents ...
     0s: 
     0s:  Agent Group1.TxInjector.CompositeTxInjector has attached to Controller
     0s:  Agent Group1.Backend.CompositeBackend has attached to Controller
     0s: 
     1s: All agents have connected.
     1s: 
     1s: Attached agents info:

Group "Group1"
    TxInjectors:
        CompositeTxInjector, includes { Driver } @ [local in-Java link]
    Backends:
        CompositeBackend, includes { SM(2),SP(2) } @ [local in-Java link]

     1s: Initializing... (init[1.323s][info][gc,start    ] GC(3) Pause Young (Normal) (G1 Evacuation Pause)
[1.323s][info][gc,task     ] GC(3) Using 6 workers of 6 for evacuation
[1.386s][info][gc,phases   ] GC(3)   Pre Evacuate Collection Set: 0.26ms
[1.386s][info][gc,phases   ] GC(3)   Merge Heap Roots: 0.07ms
[1.386s][info][gc,phases   ] GC(3)   Evacuate Collection Set: 62.29ms
[1.386s][info][gc,phases   ] GC(3)   Post Evacuate Collection Set: 0.64ms
[1.386s][info][gc,phases   ] GC(3)   Other: 0.06ms
[1.386s][info][gc,heap     ] GC(3) Eden regions: 99->0(89)
[1.386s][info][gc,heap     ] GC(3) Survivor regions: 3->13(13)
[1.386s][info][gc,heap     ] GC(3) Old regions: 0->52
[1.386s][info][gc,heap     ] GC(3) Humongous regions: 15->15
[1.386s][info][gc,metaspace] GC(3) Metaspace: 22633K(22848K)->22633K(22848K) NonClass: 18371K(18496K)->18371K(18496K) Class: 4261K(4352K)->4261K(4352K)
[1.386s][info][gc          ] GC(3) Pause Young (Normal) (G1 Evacuation Pause) 233M->160M(4096M) 63.439ms
[1.386s][info][gc,cpu      ] GC(3) User=0.33s Sys=0.06s Real=0.07s
[1.472s][info][gc,start    ] GC(4) Pause Young (Normal) (G1 Evacuation Pause)
[1.472s][info][gc,task     ] GC(4) Using 6 workers of 6 for evacuation
[1.545s][info][gc,phases   ] GC(4)   Pre Evacuate Collection Set: 0.30ms
[1.545s][info][gc,phases   ] GC(4)   Merge Heap Roots: 0.23ms
[1.545s][info][gc,phases   ] GC(4)   Evacuate Collection Set: 72.08ms
[1.545s][info][gc,phases   ] GC(4)   Post Evacuate Collection Set: 0.46ms
[1.545s][info][gc,phases   ] GC(4)   Other: 0.05ms
[1.545s][info][gc,heap     ] GC(4) Eden regions: 89->0(89)
[1.545s][info][gc,heap     ] GC(4) Survivor regions: 13->13(13)
[1.545s][info][gc,heap     ] GC(4) Old regions: 52->119
[1.545s][info][gc,heap     ] GC(4) Humongous regions: 15->15
[1.545s][info][gc,metaspace] GC(4) Metaspace: 22672K(22848K)->22672K(22848K) NonClass: 18410K(18496K)->18410K(18496K) Class: 4261K(4352K)->4261K(4352K)
[1.545s][info][gc          ] GC(4) Pause Young (Normal) (G1 Evacuation Pause) 338M->294M(4096M) 73.269ms
[1.545s][info][gc,cpu      ] GC(4) User=0.40s Sys=0.03s Real=0.08s
[1.671s][info][gc,start    ] GC(5) Pause Young (Normal) (G1 Evacuation Pause)
[1.671s][info][gc,task     ] GC(5) Using 6 workers of 6 for evacuation
[1.739s][info][gc,phases   ] GC(5)   Pre Evacuate Collection Set: 0.32ms
[1.739s][info][gc,phases   ] GC(5)   Merge Heap Roots: 0.15ms
[1.739s][info][gc,phases   ] GC(5)   Evacuate Collection Set: 67.09ms
[1.739s][info][gc,phases   ] GC(5)   Post Evacuate Collection Set: 0.22ms
[1.739s][info][gc,phases   ] GC(5)   Other: 0.06ms
[1.739s][info][gc,heap     ] GC(5) Eden regions: 89->0(89)
[1.739s][info][gc,heap     ] GC(5) Survivor regions: 13->13(13)
[1.739s][info][gc,heap     ] GC(5) Old regions: 119->192
[1.739s][info][gc,heap     ] GC(5) Humongous regions: 19->19
[1.739s][info][gc,metaspace] GC(5) Metaspace: 22673K(22848K)->22673K(22848K) NonClass: 18411K(18496K)->18411K(18496K) Class: 4261K(4352K)->4261K(4352K)
[1.739s][info][gc          ] GC(5) Pause Young (Normal) (G1 Evacuation Pause) 480M->448M(4096M) 67.961ms
[1.739s][info][gc,cpu      ] GC(5) User=0.39s Sys=0.02s Real=0.07s
[1.856s][info][gc,start    ] GC(6) Pause Young (Normal) (G1 Evacuation Pause)
[1.856s][info][gc,task     ] GC(6) Using 6 workers of 6 for evacuation
[1.933s][info][gc,phases   ] GC(6)   Pre Evacuate Collection Set: 0.31ms
[1.933s][info][gc,phases   ] GC(6)   Merge Heap Roots: 0.10ms
[1.933s][info][gc,phases   ] GC(6)   Evacuate Collection Set: 75.92ms
[1.933s][info][gc,phases   ] GC(6)   Post Evacuate Collection Set: 0.21ms
[1.933s][info][gc,phases   ] GC(6)   Other: 0.05ms
[1.933s][info][gc,heap     ] GC(6) Eden regions: 89->0(89)
[1.933s][info][gc,heap     ] GC(6) Survivor regions: 13->13(13)
[1.933s][info][gc,heap     ] GC(6) Old regions: 192->270
[1.933s][info][gc,heap     ] GC(6) Humongous regions: 19->19
[1.933s][info][gc,metaspace] GC(6) Metaspace: 22684K(22848K)->22684K(22848K) NonClass: 18422K(18496K)->18422K(18496K) Class: 4261K(4352K)->4261K(4352K)
[1.933s][info][gc          ] GC(6) Pause Young (Normal) (G1 Evacuation Pause) 626M->604M(4096M) 76.713ms
[1.933s][info][gc,cpu      ] GC(6) User=0.42s Sys=0.03s Real=0.07s
[2.045s][info][gc,start    ] GC(7) Pause Young (Normal) (G1 Evacuation Pause)
[2.045s][info][gc,task     ] GC(7) Using 6 workers of 6 for evacuation
[2.119s][info][gc,phases   ] GC(7)   Pre Evacuate Collection Set: 0.38ms
[2.119s][info][gc,phases   ] GC(7)   Merge Heap Roots: 0.05ms
[2.119s][info][gc,phases   ] GC(7)   Evacuate Collection Set: 73.25ms
[2.119s][info][gc,phases   ] GC(7)   Post Evacuate Collection Set: 0.21ms
[2.119s][info][gc,phases   ] GC(7)   Other: 0.06ms
[2.119s][info][gc,heap     ] GC(7) Eden regions: 89->0(89)
[2.119s][info][gc,heap     ] GC(7) Survivor regions: 13->13(13)
[2.119s][info][gc,heap     ] GC(7) Old regions: 270->343
[2.119s][info][gc,heap     ] GC(7) Humongous regions: 20->20
[2.119s][info][gc,metaspace] GC(7) Metaspace: 22697K(22976K)->22697K(22976K) NonClass: 18433K(18560K)->18433K(18560K) Class: 4263K(4416K)->4263K(4416K)
[2.120s][info][gc          ] GC(7) Pause Young (Normal) (G1 Evacuation Pause) 784M->751M(4096M) 74.101ms
[2.120s][info][gc,cpu      ] GC(7) User=0.42s Sys=0.01s Real=0.07s
[2.382s][info][gc,start    ] GC(8) Pause Young (Normal) (G1 Evacuation Pause)
[2.382s][info][gc,task     ] GC(8) Using 6 workers of 6 for evacuation
[2.459s][info][gc,phases   ] GC(8)   Pre Evacuate Collection Set: 0.31ms
[2.459s][info][gc,phases   ] GC(8)   Merge Heap Roots: 0.12ms
[2.459s][info][gc,phases   ] GC(8)   Evacuate Collection Set: 76.31ms
[2.459s][info][gc,phases   ] GC(8)   Post Evacuate Collection Set: 0.25ms
[2.459s][info][gc,phases   ] GC(8)   Other: 0.06ms
[2.459s][info][gc,heap     ] GC(8) Eden regions: 89->0(89)
[2.459s][info][gc,heap     ] GC(8) Survivor regions: 13->13(13)
[2.459s][info][gc,heap     ] GC(8) Old regions: 343->403
[2.459s][info][gc,heap     ] GC(8) Humongous regions: 29->29
[2.459s][info][gc,metaspace] GC(8) Metaspace: 22719K(22976K)->22719K(22976K) NonClass: 18454K(18560K)->18454K(18560K) Class: 4264K(4416K)->4264K(4416K)
[2.459s][info][gc          ] GC(8) Pause Young (Normal) (G1 Evacuation Pause) 947M->890M(4096M) 77.208ms
[2.459s][info][gc,cpu      ] GC(8) User=0.43s Sys=0.02s Real=0.08s
[2.643s][info][gc,start    ] GC(9) Pause Young (Normal) (G1 Evacuation Pause)
[2.643s][info][gc,task     ] GC(9) Using 6 workers of 6 for evacuation
[2.722s][info][gc,phases   ] GC(9)   Pre Evacuate Collection Set: 0.28ms
[2.722s][info][gc,phases   ] GC(9)   Merge Heap Roots: 0.23ms
[2.722s][info][gc,phases   ] GC(9)   Evacuate Collection Set: 77.67ms
[2.722s][info][gc,phases   ] GC(9)   Post Evacuate Collection Set: 0.27ms
[2.722s][info][gc,phases   ] GC(9)   Other: 0.05ms
[2.722s][info][gc,heap     ] GC(9) Eden regions: 89->0(89)
[2.722s][info][gc,heap     ] GC(9) Survivor regions: 13->13(13)
[2.722s][info][gc,heap     ] GC(9) Old regions: 403->454
[2.722s][info][gc,heap     ] GC(9) Humongous regions: 38->38
[2.722s][info][gc,metaspace] GC(9) Metaspace: 22763K(22976K)->22763K(22976K) NonClass: 18497K(18560K)->18497K(18560K) Class: 4266K(4416K)->4266K(4416K)
[2.722s][info][gc          ] GC(9) Pause Young (Normal) (G1 Evacuation Pause) 1086M->1009M(4096M) 78.637ms
[2.722s][info][gc,cpu      ] GC(9) User=0.45s Sys=0.02s Real=0.08s
) OK
     2s: 
     2s: Check whether properties are compliant
     2s: (validation=PASSED) Property settings are COMPLIANT.
     2s: 
     2s: Searching for high-bound for max-jOPS possible for this system
     2s: Searching from base IR = 100
     2s:       rampup IR =      0 [reconfig (term) [3.014s][info][gc,start    ] GC(10) Pause Full (System.gc())
[3.014s][info][gc,task     ] GC(10) Using 6 workers of 6 for full compaction
[3.015s][info][gc,phases,start] GC(10) Phase 1: Mark live objects
[3.033s][info][gc,phases      ] GC(10) Phase 1: Mark live objects 18.007ms
[3.033s][info][gc,phases,start] GC(10) Phase 2: Prepare compaction
[3.039s][info][gc,phases      ] GC(10) Phase 2: Prepare compaction 6.335ms
[3.039s][info][gc,phases,start] GC(10) Phase 3: Adjust pointers
[3.047s][info][gc,phases      ] GC(10) Phase 3: Adjust pointers 7.772ms
[3.047s][info][gc,phases,start] GC(10) Phase 4: Compact heap
[3.055s][info][gc,phases      ] GC(10) Phase 4: Compact heap 7.748ms
[3.055s][info][gc,phases,start] GC(10) Phase 5: Reset Metadata
[3.057s][info][gc,phases      ] GC(10) Phase 5: Reset Metadata 2.271ms
[3.061s][info][gc,heap        ] GC(10) Eden regions: 61->0(102)
[3.061s][info][gc,heap        ] GC(10) Survivor regions: 13->0(13)
[3.061s][info][gc,heap        ] GC(10) Old regions: 454->33
[3.061s][info][gc,heap        ] GC(10) Humongous regions: 46->13
[3.061s][info][gc,metaspace   ] GC(10) Metaspace: 23020K(23232K)->23020K(23232K) NonClass: 18712K(18816K)->18712K(18816K) Class: 4307K(4416K)->4307K(4416K)
[3.061s][info][gc             ] GC(10) Pause Full (System.gc()) 1146M->86M(4096M) 47.533ms
[3.062s][info][gc,cpu         ] GC(10) User=0.25s Sys=0.01s Real=0.05s
(init[3.352s][info][gc,start       ] GC(11) Pause Young (Normal) (G1 Evacuation Pause)
[3.352s][info][gc,task        ] GC(11) Using 6 workers of 6 for evacuation
[3.406s][info][gc,phases      ] GC(11)   Pre Evacuate Collection Set: 0.31ms
[3.406s][info][gc,phases      ] GC(11)   Merge Heap Roots: 0.06ms
[3.406s][info][gc,phases      ] GC(11)   Evacuate Collection Set: 53.49ms
[3.406s][info][gc,phases      ] GC(11)   Post Evacuate Collection Set: 0.33ms
[3.406s][info][gc,phases      ] GC(11)   Other: 0.06ms
[3.406s][info][gc,heap        ] GC(11) Eden regions: 102->0(89)
[3.406s][info][gc,heap        ] GC(11) Survivor regions: 0->13(13)
[3.406s][info][gc,heap        ] GC(11) Old regions: 33->91
[3.406s][info][gc,heap        ] GC(11) Humongous regions: 15->15
[3.406s][info][gc,metaspace   ] GC(11) Metaspace: 23025K(23232K)->23025K(23232K) NonClass: 18717K(18816K)->18717K(18816K) Class: 4307K(4416K)->4307K(4416K)
[3.406s][info][gc             ] GC(11) Pause Young (Normal) (G1 Evacuation Pause) 294M->232M(4096M) 54.386ms
[3.406s][info][gc,cpu         ] GC(11) User=0.33s Sys=0.00s Real=0.06s
[3.430s][info][gc,start       ] GC(12) Pause Young (Normal) (G1 Evacuation Pause)
[3.430s][info][gc,task        ] GC(12) Using 6 workers of 6 for evacuation
[3.499s][info][gc,phases      ] GC(12)   Pre Evacuate Collection Set: 0.30ms
[3.499s][info][gc,phases      ] GC(12)   Merge Heap Roots: 0.21ms
[3.499s][info][gc,phases      ] GC(12)   Evacuate Collection Set: 67.49ms
[3.499s][info][gc,phases      ] GC(12)   Post Evacuate Collection Set: 0.20ms
[3.499s][info][gc,phases      ] GC(12)   Other: 0.05ms
[3.499s][info][gc,heap        ] GC(12) Eden regions: 89->0(89)
[3.499s][info][gc,heap        ] GC(12) Survivor regions: 13->13(13)
[3.499s][info][gc,heap        ] GC(12) Old regions: 91->167
[3.499s][info][gc,heap        ] GC(12) Humongous regions: 15->15
[3.499s][info][gc,metaspace   ] GC(12) Metaspace: 23025K(23232K)->23025K(23232K) NonClass: 18717K(18816K)->18717K(18816K) Class: 4307K(4416K)->4307K(4416K)
[3.499s][info][gc             ] GC(12) Pause Young (Normal) (G1 Evacuation Pause) 410M->383M(4096M) 68.398ms
[3.499s][info][gc,cpu         ] GC(12) User=0.41s Sys=0.00s Real=0.07s
[3.531s][info][gc,start       ] GC(13) Pause Young (Normal) (G1 Evacuation Pause)
[3.531s][info][gc,task        ] GC(13) Using 6 workers of 6 for evacuation
[3.592s][info][gc,phases      ] GC(13)   Pre Evacuate Collection Set: 0.31ms
[3.592s][info][gc,phases      ] GC(13)   Merge Heap Roots: 0.05ms
[3.592s][info][gc,phases      ] GC(13)   Evacuate Collection Set: 60.71ms
[3.592s][info][gc,phases      ] GC(13)   Post Evacuate Collection Set: 0.19ms
[3.592s][info][gc,phases      ] GC(13)   Other: 0.05ms
[3.592s][info][gc,heap        ] GC(13) Eden regions: 89->0(89)
[3.592s][info][gc,heap        ] GC(13) Survivor regions: 13->13(13)
[3.592s][info][gc,heap        ] GC(13) Old regions: 167->244
[3.592s][info][gc,heap        ] GC(13) Humongous regions: 15->15
[3.592s][info][gc,metaspace   ] GC(13) Metaspace: 23025K(23232K)->23025K(23232K) NonClass: 18717K(18816K)->18717K(18816K) Class: 4307K(4416K)->4307K(4416K)
[3.592s][info][gc             ] GC(13) Pause Young (Normal) (G1 Evacuation Pause) 561M->537M(4096M) 61.454ms
[3.592s][info][gc,cpu         ] GC(13) User=0.36s Sys=0.00s Real=0.06s
[3.620s][info][gc,start       ] GC(14) Pause Young (Normal) (G1 Evacuation Pause)
[3.620s][info][gc,task        ] GC(14) Using 6 workers of 6 for evacuation
[3.686s][info][gc,phases      ] GC(14)   Pre Evacuate Collection Set: 0.33ms
[3.686s][info][gc,phases      ] GC(14)   Merge Heap Roots: 0.09ms
[3.686s][info][gc,phases      ] GC(14)   Evacuate Collection Set: 64.89ms
[3.686s][info][gc,phases      ] GC(14)   Post Evacuate Collection Set: 0.20ms
[3.686s][info][gc,phases      ] GC(14)   Other: 0.05ms
[3.686s][info][gc,heap        ] GC(14) Eden regions: 89->0(89)
[3.686s][info][gc,heap        ] GC(14) Survivor regions: 13->13(13)
[3.686s][info][gc,heap        ] GC(14) Old regions: 244->320
[3.686s][info][gc,heap        ] GC(14) Humongous regions: 15->15
[3.686s][info][gc,metaspace   ] GC(14) Metaspace: 23029K(23232K)->23029K(23232K) NonClass: 18721K(18816K)->18721K(18816K) Class: 4307K(4416K)->4307K(4416K)
[3.686s][info][gc             ] GC(14) Pause Young (Normal) (G1 Evacuation Pause) 715M->689M(4096M) 65.709ms
[3.686s][info][gc,cpu         ] GC(14) User=0.39s Sys=0.00s Real=0.07s
[3.862s][info][gc,start       ] GC(15) Pause Young (Normal) (G1 Evacuation Pause)
[3.862s][info][gc,task        ] GC(15) Using 6 workers of 6 for evacuation
[3.927s][info][gc,phases      ] GC(15)   Pre Evacuate Collection Set: 0.35ms
[3.927s][info][gc,phases      ] GC(15)   Merge Heap Roots: 0.14ms
[3.927s][info][gc,phases      ] GC(15)   Evacuate Collection Set: 64.55ms
[3.927s][info][gc,phases      ] GC(15)   Post Evacuate Collection Set: 0.21ms
[3.927s][info][gc,phases      ] GC(15)   Other: 0.05ms
[3.927s][info][gc,heap        ] GC(15) Eden regions: 92->0(108)
[3.927s][info][gc,heap        ] GC(15) Survivor regions: 13->14(14)
[3.927s][info][gc,heap        ] GC(15) Old regions: 320->380
[3.927s][info][gc,heap        ] GC(15) Humongous regions: 21->21
[3.927s][info][gc,metaspace   ] GC(15) Metaspace: 23035K(23232K)->23035K(23232K) NonClass: 18727K(18816K)->18727K(18816K) Class: 4307K(4416K)->4307K(4416K)
[3.927s][info][gc             ] GC(15) Pause Young (Normal) (G1 Evacuation Pause) 885M->823M(4096M) 65.466ms
[3.927s][info][gc,cpu         ] GC(15) User=0.39s Sys=0.00s Real=0.07s
[4.125s][info][gc,start       ] GC(16) Pause Young (Normal) (G1 Evacuation Pause)
[4.125s][info][gc,task        ] GC(16) Using 6 workers of 6 for evacuation
[4.209s][info][gc,phases      ] GC(16)   Pre Evacuate Collection Set: 0.33ms
[4.209s][info][gc,phases      ] GC(16)   Merge Heap Roots: 0.22ms
[4.209s][info][gc,phases      ] GC(16)   Evacuate Collection Set: 82.73ms
[4.209s][info][gc,phases      ] GC(16)   Post Evacuate Collection Set: 0.29ms
[4.209s][info][gc,phases      ] GC(16)   Other: 0.06ms
[4.209s][info][gc,heap        ] GC(16) Eden regions: 99->0(123)
[4.209s][info][gc,heap        ] GC(16) Survivor regions: 14->15(15)
[4.209s][info][gc,heap        ] GC(16) Old regions: 380->438
[4.209s][info][gc,heap        ] GC(16) Humongous regions: 30->30
[4.209s][info][gc,metaspace   ] GC(16) Metaspace: 23038K(23232K)->23038K(23232K) NonClass: 18730K(18816K)->18730K(18816K) Class: 4307K(4416K)->4307K(4416K)
[4.209s][info][gc             ] GC(16) Pause Young (Normal) (G1 Evacuation Pause) 1039M->959M(4096M) 83.783ms
[4.209s][info][gc,cpu         ] GC(16) User=0.50s Sys=0.00s Real=0.08s
) ] ... (rIR:aIR:PR = 0:0:0) (tPR = 0) [OK] 
     7s:       rampup IR =     10 .[8.506s][info][gc,start       ] GC(17) Pause Young (Normal) (G1 Evacuation Pause)
[8.506s][info][gc,task        ] GC(17) Using 6 workers of 6 for evacuation
[8.586s][info][gc,phases      ] GC(17)   Pre Evacuate Collection Set: 0.28ms
[8.586s][info][gc,phases      ] GC(17)   Merge Heap Roots: 0.24ms
[8.586s][info][gc,phases      ] GC(17)   Evacuate Collection Set: 79.09ms
[8.586s][info][gc,phases      ] GC(17)   Post Evacuate Collection Set: 0.28ms
[8.586s][info][gc,phases      ] GC(17)   Other: 0.07ms
[8.586s][info][gc,heap        ] GC(17) Eden regions: 109->0(125)
[8.586s][info][gc,heap        ] GC(17) Survivor regions: 15->16(16)
[8.586s][info][gc,heap        ] GC(17) Old regions: 438->480
[8.586s][info][gc,heap        ] GC(17) Humongous regions: 46->46
[8.586s][info][gc,metaspace   ] GC(17) Metaspace: 24103K(24256K)->24103K(24256K) NonClass: 19658K(19712K)->19658K(19712K) Class: 4444K(4544K)->4444K(4544K)
[8.587s][info][gc             ] GC(17) Pause Young (Normal) (G1 Evacuation Pause) 1209M->1078M(4096M) 80.077ms
[8.587s][info][gc,cpu         ] GC(17) User=0.47s Sys=0.01s Real=0.08s
.. (rIR:aIR:PR = 10:13:13) (tPR = 1039) [OK] 
    10s:       rampup IR =     20 ... (rIR:aIR:PR = 20:21:21) (tPR = 1567) [OK] 
    13s:       rampup IR =     30 .... (rIR:aIR:PR = 30:29:29) (tPR = 2361) [OK] 
    17s:       rampup IR =     40 .... (rIR:aIR:PR = 40:38:38) (tPR = 3070) [OK] 
    21s:       rampup IR =     50 .... (rIR:aIR:PR = 50:51:51) (tPR = 3447) [OK] 
    25s:       rampup IR =     60 .... (rIR:aIR:PR = 60:64:62) (tPR = 4153) [OK] 
    29s:       rampup IR =     70 .... (rIR:aIR:PR = 70:69:67) (tPR = 3717) [OK] 
    33s:       rampup IR =     80 ..[36.111s][info][gc,start       ] GC(18) Pause Young (Normal) (G1 Evacuation Pause)
[36.111s][info][gc,task        ] GC(18) Using 6 workers of 6 for evacuation
[36.143s][info][gc,phases      ] GC(18)   Pre Evacuate Collection Set: 0.33ms
[36.143s][info][gc,phases      ] GC(18)   Merge Heap Roots: 0.21ms
[36.143s][info][gc,phases      ] GC(18)   Evacuate Collection Set: 31.11ms
[36.143s][info][gc,phases      ] GC(18)   Post Evacuate Collection Set: 0.28ms
[36.143s][info][gc,phases      ] GC(18)   Other: 0.06ms
[36.143s][info][gc,heap        ] GC(18) Eden regions: 131->0(195)
[36.143s][info][gc,heap        ] GC(18) Survivor regions: 16->10(19)
[36.143s][info][gc,heap        ] GC(18) Old regions: 480->497
[36.143s][info][gc,heap        ] GC(18) Humongous regions: 46->46
[36.143s][info][gc,metaspace   ] GC(18) Metaspace: 25129K(25280K)->25129K(25280K) NonClass: 20642K(20736K)->20642K(20736K) Class: 4487K(4544K)->4487K(4544K)
[36.143s][info][gc             ] GC(18) Pause Young (Normal) (G1 Evacuation Pause) 1340M->1100M(4096M) 32.121ms
[36.143s][info][gc,cpu         ] GC(18) User=0.18s Sys=0.01s Real=0.03s
.. (rIR:aIR:PR = 80:81:79) (tPR = 4199) [OK] 
    37s:       rampup IR =     90 .... (rIR:aIR:PR = 90:95:92) (tPR = 4712) [OK] 
    41s:       rampup IR =    100 .... (rIR:aIR:PR = 100:103:100) (tPR = 4157) [OK] 
    45s:    snapshot, IR =    100 ....|...........[61.579s][info][gc,start       ] GC(19) Pause Young (Normal) (G1 Evacuation Pause)
[61.579s][info][gc,task        ] GC(19) Using 6 workers of 6 for evacuation
[61.606s][info][gc,phases      ] GC(19)   Pre Evacuate Collection Set: 0.36ms
[61.606s][info][gc,phases      ] GC(19)   Merge Heap Roots: 0.22ms
[61.606s][info][gc,phases      ] GC(19)   Evacuate Collection Set: 26.01ms
[61.606s][info][gc,phases      ] GC(19)   Post Evacuate Collection Set: 0.43ms
[61.606s][info][gc,phases      ] GC(19)   Other: 0.08ms
[61.606s][info][gc,heap        ] GC(19) Eden regions: 212->0(221)
[61.606s][info][gc,heap        ] GC(19) Survivor regions: 10->24(28)
[61.606s][info][gc,heap        ] GC(19) Old regions: 497->497
[61.606s][info][gc,heap        ] GC(19) Humongous regions: 46->46
[61.606s][info][gc,metaspace   ] GC(19) Metaspace: 27092K(27328K)->27092K(27328K) NonClass: 22281K(22400K)->22281K(22400K) Class: 4810K(4928K)->4810K(4928K)
[61.606s][info][gc             ] GC(19) Pause Young (Normal) (G1 Evacuation Pause) 1524M->1127M(4096M) 27.223ms
[61.606s][info][gc,cpu         ] GC(19) User=0.15s Sys=0.00s Real=0.03s
................... (rIR:aIR:PR = 100:100:98) (tPR = 3182) [OK] 
    79s: Performing snapshot: (quiescence.....) (stop TxI) (stop BE) (saving... [85.048s][info][gc,start       ] GC(20) Pause Young (Normal) (G1 Evacuation Pause)
[85.048s][info][gc,task        ] GC(20) Using 6 workers of 6 for evacuation
[85.102s][info][gc,phases      ] GC(20)   Pre Evacuate Collection Set: 0.28ms
[85.102s][info][gc,phases      ] GC(20)   Merge Heap Roots: 0.40ms
[85.102s][info][gc,phases      ] GC(20)   Evacuate Collection Set: 53.49ms
[85.102s][info][gc,phases      ] GC(20)   Post Evacuate Collection Set: 0.51ms
[85.102s][info][gc,phases      ] GC(20)   Other: 0.06ms
[85.103s][info][gc,heap        ] GC(20) Eden regions: 197->0(290)
[85.103s][info][gc,heap        ] GC(20) Survivor regions: 24->28(28)
[85.103s][info][gc,heap        ] GC(20) Old regions: 497->508
[85.103s][info][gc,heap        ] GC(20) Humongous regions: 145->103
[85.103s][info][gc,metaspace   ] GC(20) Metaspace: 27360K(27584K)->27360K(27584K) NonClass: 22540K(22656K)->22540K(22656K) Class: 4819K(4928K)->4819K(4928K)
[85.103s][info][gc             ] GC(20) Pause Young (Normal) (G1 Evacuation Pause) 1719M->1271M(4096M) 54.875ms
[85.103s][info][gc,cpu         ] GC(20) User=0.32s Sys=0.00s Real=0.05s
103308 Kb) (term) [86.704s][info][gc,start       ] GC(21) Pause Full (System.gc())
[86.704s][info][gc,task        ] GC(21) Using 6 workers of 6 for full compaction
[86.704s][info][gc,phases,start] GC(21) Phase 1: Mark live objects
[86.719s][info][gc,phases      ] GC(21) Phase 1: Mark live objects 14.333ms
[86.719s][info][gc,phases,start] GC(21) Phase 2: Prepare compaction
[86.721s][info][gc,phases      ] GC(21) Phase 2: Prepare compaction 2.335ms
[86.721s][info][gc,phases,start] GC(21) Phase 3: Adjust pointers
[86.727s][info][gc,phases      ] GC(21) Phase 3: Adjust pointers 6.184ms
[86.727s][info][gc,phases,start] GC(21) Phase 4: Compact heap
[86.730s][info][gc,phases      ] GC(21) Phase 4: Compact heap 2.192ms
[86.730s][info][gc,phases,start] GC(21) Phase 5: Reset Metadata
[86.734s][info][gc,phases      ] GC(21) Phase 5: Reset Metadata 4.076ms
[86.740s][info][gc,heap        ] GC(21) Eden regions: 37->0(370)
[86.740s][info][gc,heap        ] GC(21) Survivor regions: 28->0(28)
[86.740s][info][gc,heap        ] GC(21) Old regions: 508->34
[86.740s][info][gc,heap        ] GC(21) Humongous regions: 289->66
[86.740s][info][gc,metaspace   ] GC(21) Metaspace: 27369K(27584K)->27369K(27584K) NonClass: 22549K(22656K)->22549K(22656K) Class: 4819K(4928K)->4819K(4928K)
[86.740s][info][gc             ] GC(21) Pause Full (System.gc()) 1716M->193M(4096M) 36.350ms
[86.740s][info][gc,cpu         ] GC(21) User=0.19s Sys=0.00s Real=0.04s
(init[87.445s][info][gc,start       ] GC(22) Pause Young (Normal) (G1 Evacuation Pause)
[87.445s][info][gc,task        ] GC(22) Using 6 workers of 6 for evacuation
[87.645s][info][gc,mmu         ] GC(22) MMU target violated: 200.1ms (200.0ms/201.0ms)
[87.645s][info][gc,phases      ] GC(22)   Pre Evacuate Collection Set: 0.31ms
[87.645s][info][gc,phases      ] GC(22)   Merge Heap Roots: 0.38ms
[87.645s][info][gc,phases      ] GC(22)   Evacuate Collection Set: 198.84ms
[87.645s][info][gc,phases      ] GC(22)   Post Evacuate Collection Set: 0.48ms
[87.645s][info][gc,phases      ] GC(22)   Other: 0.12ms
[87.645s][info][gc,heap        ] GC(22) Eden regions: 334->0(209)
[87.645s][info][gc,heap        ] GC(22) Survivor regions: 0->42(42)
[87.645s][info][gc,heap        ] GC(22) Old regions: 34->117
[87.645s][info][gc,heap        ] GC(22) Humongous regions: 121->119
[87.645s][info][gc,metaspace   ] GC(22) Metaspace: 27454K(27712K)->27454K(27712K) NonClass: 22626K(22784K)->22626K(22784K) Class: 4828K(4928K)->4828K(4928K)
[87.645s][info][gc             ] GC(22) Pause Young (Normal) (G1 Evacuation Pause) 971M->549M(4096M) 200.234ms
[87.645s][info][gc,cpu         ] GC(22) User=1.19s Sys=0.00s Real=0.20s
[87.899s][info][gc,start       ] GC(23) Pause Young (Normal) (G1 Evacuation Pause)
[87.899s][info][gc,task        ] GC(23) Using 6 workers of 6 for evacuation
[88.047s][info][gc,phases      ] GC(23)   Pre Evacuate Collection Set: 0.31ms
[88.048s][info][gc,phases      ] GC(23)   Merge Heap Roots: 0.45ms
[88.048s][info][gc,phases      ] GC(23)   Evacuate Collection Set: 146.95ms
[88.048s][info][gc,phases      ] GC(23)   Post Evacuate Collection Set: 0.40ms
[88.048s][info][gc,phases      ] GC(23)   Other: 0.06ms
[88.048s][info][gc,heap        ] GC(23) Eden regions: 204->0(218)
[88.048s][info][gc,heap        ] GC(23) Survivor regions: 42->31(31)
[88.048s][info][gc,heap        ] GC(23) Old regions: 117->218
[88.048s][info][gc,heap        ] GC(23) Humongous regions: 124->124
[88.048s][info][gc,metaspace   ] GC(23) Metaspace: 27474K(27712K)->27474K(27712K) NonClass: 22643K(22784K)->22643K(22784K) Class: 4830K(4928K)->4830K(4928K)
[88.048s][info][gc             ] GC(23) Pause Young (Normal) (G1 Evacuation Pause) 967M->738M(4096M) 148.291ms
[88.048s][info][gc,cpu         ] GC(23) User=0.88s Sys=0.01s Real=0.15s
[88.497s][info][gc,start       ] GC(24) Pause Young (Normal) (G1 Evacuation Pause)
[88.497s][info][gc,task        ] GC(24) Using 6 workers of 6 for evacuation
[88.633s][info][gc,phases      ] GC(24)   Pre Evacuate Collection Set: 0.32ms
[88.633s][info][gc,phases      ] GC(24)   Merge Heap Roots: 0.36ms
[88.633s][info][gc,phases      ] GC(24)   Evacuate Collection Set: 135.01ms
[88.633s][info][gc,phases      ] GC(24)   Post Evacuate Collection Set: 0.42ms
[88.633s][info][gc,phases      ] GC(24)   Other: 0.06ms
[88.633s][info][gc,heap        ] GC(24) Eden regions: 219->0(215)
[88.633s][info][gc,heap        ] GC(24) Survivor regions: 31->32(32)
[88.633s][info][gc,heap        ] GC(24) Old regions: 218->335
[88.633s][info][gc,heap        ] GC(24) Humongous regions: 161->159
[88.633s][info][gc,metaspace   ] GC(24) Metaspace: 27484K(27712K)->27484K(27712K) NonClass: 22653K(22784K)->22653K(22784K) Class: 4831K(4928K)->4831K(4928K)
[88.633s][info][gc             ] GC(24) Pause Young (Normal) (G1 Evacuation Pause) 1250M->1045M(4096M) 136.301ms
[88.633s][info][gc,cpu         ] GC(24) User=0.81s Sys=0.00s Real=0.13s
) ...
    91s:       rampup IR =      0 ... (rIR:aIR:PR = 0:0:0) (tPR = 0) [OK] 
    94s:       rampup IR =     10 ... (rIR:aIR:PR = 10:10:10) (tPR = 282) [OK] 
    97s:       rampup IR =     20 ... (rIR:aIR:PR = 20:19:19) (tPR = 556) [OK] 
   100s:       rampup IR =     30 ...[104.698s][info][gc,start       ] GC(25) Pause Young (Normal) (G1 Evacuation Pause)
[104.698s][info][gc,task        ] GC(25) Using 6 workers of 6 for evacuation
[104.853s][info][gc,phases      ] GC(25)   Pre Evacuate Collection Set: 0.31ms
[104.853s][info][gc,phases      ] GC(25)   Merge Heap Roots: 0.29ms
[104.853s][info][gc,phases      ] GC(25)   Evacuate Collection Set: 154.27ms
[104.853s][info][gc,phases      ] GC(25)   Post Evacuate Collection Set: 0.36ms
[104.853s][info][gc,phases      ] GC(25)   Other: 0.06ms
[104.853s][info][gc,heap        ] GC(25) Eden regions: 245->0(197)
[104.853s][info][gc,heap        ] GC(25) Survivor regions: 32->35(35)
[104.853s][info][gc,heap        ] GC(25) Old regions: 335->508
[104.853s][info][gc,heap        ] GC(25) Humongous regions: 159->159
[104.853s][info][gc,metaspace   ] GC(25) Metaspace: 27537K(27776K)->27537K(27776K) NonClass: 22705K(22848K)->22705K(22848K) Class: 4831K(4928K)->4831K(4928K)
[104.853s][info][gc             ] GC(25) Pause Young (Normal) (G1 Evacuation Pause) 1535M->1397M(4096M) 155.432ms
[104.853s][info][gc,cpu         ] GC(25) User=0.93s Sys=0.00s Real=0.15s
. (rIR:aIR:PR = 30:28:28) (tPR = 604) [OK] 
   104s:       rampup IR =     40 .... (rIR:aIR:PR = 40:37:37) (tPR = 994) [OK] 
   108s:       rampup IR =     50 .... (rIR:aIR:PR = 50:48:47) (tPR = 1151) [OK] 
   112s:       rampup IR =     60 .... (rIR:aIR:PR = 60:64:62) (tPR = 1304) [OK] 
   116s:       rampup IR =     70 .... (rIR:aIR:PR = 70:72:70) (tPR = 1247) [OK] 
   120s:       rampup IR =     80 .... (rIR:aIR:PR = 80:82:81) (tPR = 1643) [OK] 
   124s:       rampup IR =     90 .... (rIR:aIR:PR = 90:92:90) (tPR = 2049) [OK] 
   128s:       rampup IR =    100 .... (rIR:aIR:PR = 100:103:100) (tPR = 2073) [OK] 
   132s:       trying IR =    200 .... (rIR:aIR:PR = 200:201:197) (tPR = 4546) [OK] 
   136s:       trying IR =    220 .... (rIR:aIR:PR = 220:211:206) (tPR = 3719) [OK] 
   140s:       trying IR =    244 .[142.113s][info][gc,start       ] GC(26) Pause Young (Normal) (G1 Evacuation Pause)
[142.113s][info][gc,task        ] GC(26) Using 6 workers of 6 for evacuation
[142.165s][info][gc,phases      ] GC(26)   Pre Evacuate Collection Set: 0.33ms
[142.165s][info][gc,phases      ] GC(26)   Merge Heap Roots: 0.53ms
[142.165s][info][gc,phases      ] GC(26)   Evacuate Collection Set: 50.13ms
[142.165s][info][gc,phases      ] GC(26)   Post Evacuate Collection Set: 0.46ms
[142.165s][info][gc,phases      ] GC(26)   Other: 0.06ms
[142.165s][info][gc,heap        ] GC(26) Eden regions: 198->0(294)
[142.165s][info][gc,heap        ] GC(26) Survivor regions: 35->19(30)
[142.165s][info][gc,heap        ] GC(26) Old regions: 508->545
[142.165s][info][gc,heap        ] GC(26) Humongous regions: 159->159
[142.165s][info][gc,metaspace   ] GC(26) Metaspace: 27684K(27904K)->27684K(27904K) NonClass: 22851K(22976K)->22851K(22976K) Class: 4833K(4928K)->4833K(4928K)
[142.165s][info][gc             ] GC(26) Pause Young (Normal) (G1 Evacuation Pause) 1793M->1438M(4096M) 51.645ms
[142.165s][info][gc,cpu         ] GC(26) User=0.30s Sys=0.00s Real=0.06s
... (rIR:aIR:PR = 244:248:242) (tPR = 4552) [OK] 
   144s:       trying IR =    273 .... (rIR:aIR:PR = 273:273:267) (tPR = 4745) [OK] 
   148s:       trying IR =    307 .... (rIR:aIR:PR = 307:309:302) (tPR = 5662) [OK] 
   152s:       trying IR =    349 ..[155.857s][info][gc,start       ] GC(27) Pause Young (Normal) (G1 Evacuation Pause)
[155.857s][info][gc,task        ] GC(27) Using 6 workers of 6 for evacuation
[155.899s][info][gc,phases      ] GC(27)   Pre Evacuate Collection Set: 0.37ms
[155.899s][info][gc,phases      ] GC(27)   Merge Heap Roots: 0.51ms
[155.899s][info][gc,phases      ] GC(27)   Evacuate Collection Set: 40.45ms
[155.899s][info][gc,phases      ] GC(27)   Post Evacuate Collection Set: 0.56ms
[155.899s][info][gc,phases      ] GC(27)   Other: 0.06ms
[155.899s][info][gc,heap        ] GC(27) Eden regions: 287->0(343)
[155.899s][info][gc,heap        ] GC(27) Survivor regions: 19->36(39)
[155.899s][info][gc,heap        ] GC(27) Old regions: 545->545
[155.899s][info][gc,heap        ] GC(27) Humongous regions: 159->159
[155.899s][info][gc,metaspace   ] GC(27) Metaspace: 27772K(27968K)->27772K(27968K) NonClass: 22938K(23040K)->22938K(23040K) Class: 4833K(4928K)->4833K(4928K)
[155.899s][info][gc             ] GC(27) Pause Young (Normal) (G1 Evacuation Pause) 2012M->1471M(4096M) 42.097ms
[155.899s][info][gc,cpu         ] GC(27) User=0.25s Sys=0.00s Real=0.04s
.. (rIR:aIR:PR = 349:354:346) (tPR = 6639) [OK] 
   156s:       trying IR =    399 ..... (rIR:aIR:PR = 399:392:384) (tPR = 6935) [OK] 
   161s:       trying IR =    458 ...[165.797s][info][gc,start       ] GC(28) Pause Young (Normal) (G1 Evacuation Pause)
[165.797s][info][gc,task        ] GC(28) Using 6 workers of 6 for evacuation
[165.853s][info][gc,phases      ] GC(28)   Pre Evacuate Collection Set: 0.35ms
[165.853s][info][gc,phases      ] GC(28)   Merge Heap Roots: 0.50ms
[165.853s][info][gc,phases      ] GC(28)   Evacuate Collection Set: 54.61ms
[165.853s][info][gc,phases      ] GC(28)   Post Evacuate Collection Set: 0.43ms
[165.853s][info][gc,phases      ] GC(28)   Other: 0.06ms
[165.853s][info][gc,heap        ] GC(28) Eden regions: 335->0(400)
[165.853s][info][gc,heap        ] GC(28) Survivor regions: 36->37(47)
[165.853s][info][gc,heap        ] GC(28) Old regions: 545->561
[165.853s][info][gc,heap        ] GC(28) Humongous regions: 159->159
[165.853s][info][gc,metaspace   ] GC(28) Metaspace: 27819K(28032K)->27819K(28032K) NonClass: 22983K(23104K)->22983K(23104K) Class: 4836K(4928K)->4836K(4928K)
[165.853s][info][gc             ] GC(28) Pause Young (Normal) (G1 Evacuation Pause) 2141M->1505M(4096M) 56.106ms
[165.853s][info][gc,cpu         ] GC(28) User=0.33s Sys=0.00s Real=0.05s
. (rIR:aIR:PR = 458:456:446) (tPR = 9146) [OK] 
   165s:       trying IR =    530 .... (rIR:aIR:PR = 530:528:516) (tPR = 9976) [OK] 
   169s:       trying IR =    616 .... (rIR:aIR:PR = 616:608:595) (tPR = 10460) [OK] 
   173s:       trying IR =    719 [174.426s][info][gc,start       ] GC(29) Pause Young (Normal) (G1 Evacuation Pause)
[174.426s][info][gc,task        ] GC(29) Using 6 workers of 6 for evacuation
[174.484s][info][gc,phases      ] GC(29)   Pre Evacuate Collection Set: 0.36ms
[174.484s][info][gc,phases      ] GC(29)   Merge Heap Roots: 0.38ms
[174.484s][info][gc,phases      ] GC(29)   Evacuate Collection Set: 56.08ms
[174.484s][info][gc,phases      ] GC(29)   Post Evacuate Collection Set: 0.54ms
[174.484s][info][gc,phases      ] GC(29)   Other: 0.07ms
[174.484s][info][gc,heap        ] GC(29) Eden regions: 412->0(448)
[174.484s][info][gc,heap        ] GC(29) Survivor regions: 37->41(57)
[174.484s][info][gc,heap        ] GC(29) Old regions: 561->577
[174.484s][info][gc,heap        ] GC(29) Humongous regions: 159->159
[174.484s][info][gc,metaspace   ] GC(29) Metaspace: 27857K(28096K)->27857K(28096K) NonClass: 23020K(23168K)->23020K(23168K) Class: 4837K(4928K)->4837K(4928K)
[174.484s][info][gc             ] GC(29) Pause Young (Normal) (G1 Evacuation Pause) 2329M->1546M(4096M) 57.553ms
[174.484s][info][gc,cpu         ] GC(29) User=0.33s Sys=0.02s Real=0.05s
.... (rIR:aIR:PR = 719:725:711) (tPR = 12786) [OK] 
   177s:       trying IR =    843 ...[181.512s][info][gc,start       ] GC(30) Pause Young (Normal) (G1 Evacuation Pause)
[181.512s][info][gc,task        ] GC(30) Using 6 workers of 6 for evacuation
[181.573s][info][gc,phases      ] GC(30)   Pre Evacuate Collection Set: 0.34ms
[181.573s][info][gc,phases      ] GC(30)   Merge Heap Roots: 0.35ms
[181.573s][info][gc,phases      ] GC(30)   Evacuate Collection Set: 59.39ms
[181.573s][info][gc,phases      ] GC(30)   Post Evacuate Collection Set: 0.54ms
[181.573s][info][gc,phases      ] GC(30)   Other: 0.07ms
[181.573s][info][gc,heap        ] GC(30) Eden regions: 464->0(512)
[181.573s][info][gc,heap        ] GC(30) Survivor regions: 41->47(64)
[181.573s][info][gc,heap        ] GC(30) Old regions: 577->594
[181.573s][info][gc,heap        ] GC(30) Humongous regions: 159->159
[181.573s][info][gc,metaspace   ] GC(30) Metaspace: 27897K(28096K)->27897K(28096K) NonClass: 23058K(23168K)->23058K(23168K) Class: 4838K(4928K)->4838K(4928K)
[181.573s][info][gc             ] GC(30) Pause Young (Normal) (G1 Evacuation Pause) 2474M->1591M(4096M) 60.836ms
[181.573s][info][gc,cpu         ] GC(30) User=0.35s Sys=0.01s Real=0.06s
.. (rIR:aIR:PR = 843:847:828) (tPR = 14668) [OK] 
   182s:       trying IR =    992 .... (rIR:aIR:PR = 992:993:971) (tPR = 15800) [OK] 
   186s:       trying IR =   1170 .[188.158s][info][gc,start       ] GC(31) Pause Young (Normal) (G1 Evacuation Pause)
[188.158s][info][gc,task        ] GC(31) Using 6 workers of 6 for evacuation
[188.227s][info][gc,phases      ] GC(31)   Pre Evacuate Collection Set: 0.38ms
[188.227s][info][gc,phases      ] GC(31)   Merge Heap Roots: 0.38ms
[188.227s][info][gc,phases      ] GC(31)   Evacuate Collection Set: 67.12ms
[188.227s][info][gc,phases      ] GC(31)   Post Evacuate Collection Set: 0.58ms
[188.227s][info][gc,phases      ] GC(31)   Other: 0.08ms
[188.227s][info][gc,heap        ] GC(31) Eden regions: 526->0(565)
[188.227s][info][gc,heap        ] GC(31) Survivor regions: 47->52(72)
[188.227s][info][gc,heap        ] GC(31) Old regions: 594->613
[188.227s][info][gc,heap        ] GC(31) Humongous regions: 159->159
[188.227s][info][gc,metaspace   ] GC(31) Metaspace: 27936K(28160K)->27936K(28160K) NonClass: 23097K(23232K)->23097K(23232K) Class: 4838K(4928K)->4838K(4928K)
[188.227s][info][gc             ] GC(31) Pause Young (Normal) (G1 Evacuation Pause) 2643M->1641M(4096M) 68.654ms
[188.227s][info][gc,cpu         ] GC(31) User=0.39s Sys=0.01s Real=0.07s
..... (rIR:aIR:PR = 1170:1169:1150) (tPR = 19942) [OK] 
   192s:       trying IR =   1384 [193.909s][info][gc,start       ] GC(32) Pause Young (Normal) (G1 Evacuation Pause)
[193.909s][info][gc,task        ] GC(32) Using 6 workers of 6 for evacuation
[193.982s][info][gc,phases      ] GC(32)   Pre Evacuate Collection Set: 0.36ms
[193.982s][info][gc,phases      ] GC(32)   Merge Heap Roots: 0.38ms
[193.982s][info][gc,phases      ] GC(32)   Evacuate Collection Set: 70.77ms
[193.982s][info][gc,phases      ] GC(32)   Post Evacuate Collection Set: 0.62ms
[193.982s][info][gc,phases      ] GC(32)   Other: 0.09ms
[193.982s][info][gc,heap        ] GC(32) Eden regions: 578->0(620)
[193.982s][info][gc,heap        ] GC(32) Survivor regions: 52->58(79)
[193.982s][info][gc,heap        ] GC(32) Old regions: 613->634
[193.982s][info][gc,heap        ] GC(32) Humongous regions: 159->159
[193.982s][info][gc,metaspace   ] GC(32) Metaspace: 28031K(28352K)->28031K(28352K) NonClass: 23176K(23360K)->23176K(23360K) Class: 4854K(4992K)->4854K(4992K)
[193.982s][info][gc             ] GC(32) Pause Young (Normal) (G1 Evacuation Pause) 2797M->1694M(4096M) 72.352ms
[193.982s][info][gc,cpu         ] GC(32) User=0.41s Sys=0.03s Real=0.07s
.... (rIR:aIR:PR = 1384:1405:1388) (tPR = 22749) [OK] 
   196s:       trying IR =   1641 .[198.924s][info][gc,start       ] GC(33) Pause Young (Normal) (G1 Evacuation Pause)
[198.924s][info][gc,task        ] GC(33) Using 6 workers of 6 for evacuation
[199.001s][info][gc,phases      ] GC(33)   Pre Evacuate Collection Set: 0.36ms
[199.001s][info][gc,phases      ] GC(33)   Merge Heap Roots: 0.34ms
[199.001s][info][gc,phases      ] GC(33)   Evacuate Collection Set: 76.19ms
[199.001s][info][gc,phases      ] GC(33)   Post Evacuate Collection Set: 0.67ms
[199.001s][info][gc,phases      ] GC(33)   Other: 0.08ms
[199.001s][info][gc,heap        ] GC(33) Eden regions: 630->0(678)
[199.001s][info][gc,heap        ] GC(33) Survivor regions: 58->60(86)
[199.001s][info][gc,heap        ] GC(33) Old regions: 634->659
[199.001s][info][gc,heap        ] GC(33) Humongous regions: 161->161
[199.001s][info][gc,metaspace   ] GC(33) Metaspace: 28048K(28352K)->28048K(28352K) NonClass: 23194K(23360K)->23194K(23360K) Class: 4854K(4992K)->4854K(4992K)
[199.001s][info][gc             ] GC(33) Pause Young (Normal) (G1 Evacuation Pause) 2958M->1752M(4096M) 77.791ms
[199.001s][info][gc,cpu         ] GC(33) User=0.45s Sys=0.02s Real=0.08s
.... (rIR:aIR:PR = 1641:1644:1644) (tPR = 27330) [OK] 
   201s:       trying IR =   1949 .[203.742s][info][gc,start       ] GC(34) Pause Young (Normal) (G1 Evacuation Pause)
[203.742s][info][gc,task        ] GC(34) Using 6 workers of 6 for evacuation
[203.826s][info][gc,phases      ] GC(34)   Pre Evacuate Collection Set: 0.35ms
[203.826s][info][gc,phases      ] GC(34)   Merge Heap Roots: 0.37ms
[203.826s][info][gc,phases      ] GC(34)   Evacuate Collection Set: 82.10ms
[203.826s][info][gc,phases      ] GC(34)   Post Evacuate Collection Set: 0.70ms
[203.826s][info][gc,phases      ] GC(34)   Other: 0.08ms
[203.826s][info][gc,heap        ] GC(34) Eden regions: 682->0(724)
[203.826s][info][gc,heap        ] GC(34) Survivor regions: 60->66(93)
[203.826s][info][gc,heap        ] GC(34) Old regions: 659->683
[203.826s][info][gc,heap        ] GC(34) Humongous regions: 161->161
[203.826s][info][gc,metaspace   ] GC(34) Metaspace: 28068K(28352K)->28068K(28352K) NonClass: 23213K(23360K)->23213K(23360K) Class: 4854K(4992K)->4854K(4992K)
[203.826s][info][gc             ] GC(34) Pause Young (Normal) (G1 Evacuation Pause) 3116M->1812M(4096M) 83.740ms
[203.826s][info][gc,cpu         ] GC(34) User=0.47s Sys=0.02s Real=0.09s
... (rIR:aIR:PR = 1949:1955:1955) (tPR = 32672) [OK] 
   205s:       trying IR =   2319 ..[208.065s][info][gc,start       ] GC(35) Pause Young (Normal) (G1 Evacuation Pause)
[208.065s][info][gc,task        ] GC(35) Using 6 workers of 6 for evacuation
[208.156s][info][gc,phases      ] GC(35)   Pre Evacuate Collection Set: 0.35ms
[208.156s][info][gc,phases      ] GC(35)   Merge Heap Roots: 0.35ms
[208.156s][info][gc,phases      ] GC(35)   Evacuate Collection Set: 89.72ms
[208.156s][info][gc,phases      ] GC(35)   Post Evacuate Collection Set: 0.72ms
[208.156s][info][gc,phases      ] GC(35)   Other: 0.08ms
[208.156s][info][gc,heap        ] GC(35) Eden regions: 728->0(760)
[208.156s][info][gc,heap        ] GC(35) Survivor regions: 66->73(100)
[208.156s][info][gc,heap        ] GC(35) Old regions: 683->708
[208.156s][info][gc,heap        ] GC(35) Humongous regions: 161->161
[208.156s][info][gc,metaspace   ] GC(35) Metaspace: 28153K(28416K)->28153K(28416K) NonClass: 23294K(23424K)->23294K(23424K) Class: 4859K(4992K)->4859K(4992K)
[208.156s][info][gc             ] GC(35) Pause Young (Normal) (G1 Evacuation Pause) 3268M->1876M(4096M) 91.344ms
[208.156s][info][gc,cpu         ] GC(35) User=0.52s Sys=0.02s Real=0.09s
.. (rIR:aIR:PR = 2319:2295:2295) (tPR = 38757) [OK] 
   209s:       trying IR =   2762 ..[212.336s][info][gc,start       ] GC(36) Pause Young (Normal) (G1 Evacuation Pause)
[212.336s][info][gc,task        ] GC(36) Using 6 workers of 6 for evacuation
[212.433s][info][gc,phases      ] GC(36)   Pre Evacuate Collection Set: 0.33ms
[212.433s][info][gc,phases      ] GC(36)   Merge Heap Roots: 0.35ms
[212.433s][info][gc,phases      ] GC(36)   Evacuate Collection Set: 95.16ms
[212.433s][info][gc,phases      ] GC(36)   Post Evacuate Collection Set: 0.76ms
[212.433s][info][gc,phases      ] GC(36)   Other: 0.08ms
[212.433s][info][gc,heap        ] GC(36) Eden regions: 765->0(777)
[212.433s][info][gc,heap        ] GC(36) Survivor regions: 73->79(105)
[212.433s][info][gc,heap        ] GC(36) Old regions: 708->736
[212.433s][info][gc,heap        ] GC(36) Humongous regions: 161->161
[212.433s][info][gc,metaspace   ] GC(36) Metaspace: 28229K(28544K)->28229K(28544K) NonClass: 23364K(23552K)->23364K(23552K) Class: 4865K(4992K)->4865K(4992K)
[212.433s][info][gc             ] GC(36) Pause Young (Normal) (G1 Evacuation Pause) 3406M->1944M(4096M) 96.825ms
[212.433s][info][gc,cpu         ] GC(36) User=0.55s Sys=0.02s Real=0.09s
.. (rIR:aIR:PR = 2762:2750:2750) (tPR = 41452) [OK] 
   213s:       trying IR =   3295 ..[216.146s][info][gc,start       ] GC(37) Pause Young (Normal) (G1 Evacuation Pause)
[216.146s][info][gc,task        ] GC(37) Using 6 workers of 6 for evacuation
[216.244s][info][gc,phases      ] GC(37)   Pre Evacuate Collection Set: 0.35ms
[216.245s][info][gc,phases      ] GC(37)   Merge Heap Roots: 0.42ms
[216.245s][info][gc,phases      ] GC(37)   Evacuate Collection Set: 96.91ms
[216.245s][info][gc,phases      ] GC(37)   Post Evacuate Collection Set: 0.87ms
[216.245s][info][gc,phases      ] GC(37)   Other: 0.08ms
[216.245s][info][gc,heap        ] GC(37) Eden regions: 777->0(782)
[216.245s][info][gc,heap        ] GC(37) Survivor regions: 79->83(107)
[216.245s][info][gc,heap        ] GC(37) Old regions: 736->765
[216.245s][info][gc,heap        ] GC(37) Humongous regions: 161->161
[216.245s][info][gc,metaspace   ] GC(37) Metaspace: 28534K(28864K)->28534K(28864K) NonClass: 23653K(23808K)->23653K(23808K) Class: 4881K(5056K)->4881K(5056K)
[216.245s][info][gc             ] GC(37) Pause Young (Normal) (G1 Evacuation Pause) 3498M->2009M(4096M) 98.771ms
[216.245s][info][gc,cpu         ] GC(37) User=0.56s Sys=0.01s Real=0.10s
.. (rIR:aIR:PR = 3295:3322:3324) (tPR = 53248) [OK] 
   217s:       trying IR =   3934 .[219.555s][info][gc,start       ] GC(38) Pause Young (Concurrent Start) (G1 Evacuation Pause)
[219.555s][info][gc,task        ] GC(38) Using 6 workers of 6 for evacuation
[219.656s][info][gc,phases      ] GC(38)   Pre Evacuate Collection Set: 0.39ms
[219.656s][info][gc,phases      ] GC(38)   Merge Heap Roots: 0.45ms
[219.656s][info][gc,phases      ] GC(38)   Evacuate Collection Set: 98.63ms
[219.656s][info][gc,phases      ] GC(38)   Post Evacuate Collection Set: 0.85ms
[219.656s][info][gc,phases      ] GC(38)   Other: 0.09ms
[219.656s][info][gc,heap        ] GC(38) Eden regions: 782->0(782)
[219.656s][info][gc,heap        ] GC(38) Survivor regions: 83->86(109)
[219.656s][info][gc,heap        ] GC(38) Old regions: 765->794
[219.656s][info][gc,heap        ] GC(38) Humongous regions: 161->161
[219.656s][info][gc,metaspace   ] GC(38) Metaspace: 28592K(28928K)->28592K(28928K) NonClass: 23711K(23872K)->23711K(23872K) Class: 4881K(5056K)->4881K(5056K)
[219.656s][info][gc             ] GC(38) Pause Young (Concurrent Start) (G1 Evacuation Pause) 3573M->2074M(4096M) 100.534ms
[219.656s][info][gc             ] GC(39) Concurrent Mark Cycle
[219.656s][info][gc,marking     ] GC(39) Concurrent Scan Root Regions
[219.656s][info][gc,cpu         ] GC(38) User=0.59s Sys=0.01s Real=0.10s
[219.814s][info][gc,marking     ] GC(39) Concurrent Scan Root Regions 157.933ms
[219.814s][info][gc,marking     ] GC(39) Concurrent Mark
[219.814s][info][gc,marking     ] GC(39) Concurrent Mark From Roots
[219.814s][info][gc,task        ] GC(39) Using 2 workers of 2 for marking
.[220.567s][info][gc,marking     ] GC(39) Concurrent Mark From Roots 753.621ms
[220.567s][info][gc,marking     ] GC(39) Concurrent Preclean
[220.568s][info][gc,marking     ] GC(39) Concurrent Preclean 0.074ms
[220.570s][info][gc,start       ] GC(39) Pause Remark
[220.575s][info][gc             ] GC(39) Pause Remark 2586M->2298M(4096M) 4.981ms
[220.575s][info][gc,cpu         ] GC(39) User=0.03s Sys=0.00s Real=0.01s
[220.576s][info][gc,marking     ] GC(39) Concurrent Mark 762.037ms
[220.576s][info][gc,marking     ] GC(39) Concurrent Rebuild Remembered Sets and Scrub Regions
[220.833s][info][gc,marking     ] GC(39) Concurrent Rebuild Remembered Sets and Scrub Regions 257.123ms
[220.833s][info][gc,start       ] GC(39) Pause Cleanup
[220.833s][info][gc             ] GC(39) Pause Cleanup 2425M->2425M(4096M) 0.275ms
[220.833s][info][gc,cpu         ] GC(39) User=0.00s Sys=0.00s Real=0.00s
[220.833s][info][gc,marking     ] GC(39) Concurrent Clear Claimed Marks
[220.833s][info][gc,marking     ] GC(39) Concurrent Clear Claimed Marks 0.039ms
[220.833s][info][gc,marking     ] GC(39) Concurrent Cleanup for Next Mark
[220.837s][info][gc,marking     ] GC(39) Concurrent Cleanup for Next Mark 3.196ms
[220.837s][info][gc             ] GC(39) Concurrent Mark Cycle 1180.967ms
.. (rIR:aIR:PR = 3934:3960:3960) (tPR = 60954) [OK] 
   221s:       trying IR =   4701 [222.649s][info][gc,start       ] GC(40) Pause Young (Prepare Mixed) (G1 Evacuation Pause)
[222.649s][info][gc,task        ] GC(40) Using 6 workers of 6 for evacuation
[222.746s][info][gc,phases      ] GC(40)   Pre Evacuate Collection Set: 0.33ms
[222.746s][info][gc,phases      ] GC(40)   Merge Heap Roots: 0.45ms
[222.746s][info][gc,phases      ] GC(40)   Evacuate Collection Set: 95.46ms
[222.746s][info][gc,phases      ] GC(40)   Post Evacuate Collection Set: 0.89ms
[222.746s][info][gc,phases      ] GC(40)   Other: 0.09ms
[222.746s][info][gc,heap        ] GC(40) Eden regions: 781->0(828)
[222.746s][info][gc,heap        ] GC(40) Survivor regions: 86->87(109)
[222.746s][info][gc,heap        ] GC(40) Old regions: 734->764
[222.746s][info][gc,heap        ] GC(40) Humongous regions: 77->77
[222.746s][info][gc,metaspace   ] GC(40) Metaspace: 28621K(28928K)->28621K(28928K) NonClass: 23740K(23872K)->23740K(23872K) Class: 4881K(5056K)->4881K(5056K)
[222.746s][info][gc             ] GC(40) Pause Young (Prepare Mixed) (G1 Evacuation Pause) 3348M->1847M(4096M) 97.345ms
[222.746s][info][gc,cpu         ] GC(40) User=0.58s Sys=0.00s Real=0.10s
...[225.443s][info][gc,start       ] GC(41) Pause Young (Mixed) (G1 Evacuation Pause)
[225.443s][info][gc,task        ] GC(41) Using 6 workers of 6 for evacuation
[225.552s][info][gc,phases      ] GC(41)   Pre Evacuate Collection Set: 0.37ms
[225.552s][info][gc,phases      ] GC(41)   Merge Heap Roots: 0.68ms
[225.552s][info][gc,phases      ] GC(41)   Evacuate Collection Set: 107.04ms
[225.552s][info][gc,phases      ] GC(41)   Post Evacuate Collection Set: 0.95ms
[225.552s][info][gc,phases      ] GC(41)   Other: 0.10ms
[225.552s][info][gc,heap        ] GC(41) Eden regions: 811->0(859)
[225.552s][info][gc,heap        ] GC(41) Survivor regions: 87->87(113)
[225.552s][info][gc,heap        ] GC(41) Old regions: 764->750
[225.552s][info][gc,heap        ] GC(41) Humongous regions: 77->77
[225.552s][info][gc,metaspace   ] GC(41) Metaspace: 28625K(28928K)->28625K(28928K) NonClass: 23743K(23872K)->23743K(23872K) Class: 4882K(5056K)->4882K(5056K)
[225.552s][info][gc             ] GC(41) Pause Young (Mixed) (G1 Evacuation Pause) 3469M->1822M(4096M) 109.275ms
[225.552s][info][gc,cpu         ] GC(41) User=0.64s Sys=0.01s Real=0.11s
. (rIR:aIR:PR = 4701:4689:4674) (tPR = 68278) [OK] 
   225s:       trying IR =   5621 .[228.026s][info][gc,start       ] GC(42) Pause Young (Mixed) (G1 Evacuation Pause)
[228.026s][info][gc,task        ] GC(42) Using 6 workers of 6 for evacuation
[228.140s][info][gc,phases      ] GC(42)   Pre Evacuate Collection Set: 0.38ms
[228.140s][info][gc,phases      ] GC(42)   Merge Heap Roots: 0.58ms
[228.140s][info][gc,phases      ] GC(42)   Evacuate Collection Set: 111.65ms
[228.140s][info][gc,phases      ] GC(42)   Merge Optional Heap Roots: 0.02ms
[228.140s][info][gc,phases      ] GC(42)   Evacuate Optional Collection Set: 0.19ms
[228.140s][info][gc,phases      ] GC(42)   Post Evacuate Collection Set: 1.00ms
[228.140s][info][gc,phases      ] GC(42)   Other: 0.11ms
[228.140s][info][gc,heap        ] GC(42) Eden regions: 840->0(878)
[228.140s][info][gc,heap        ] GC(42) Survivor regions: 87->91(116)
[228.140s][info][gc,heap        ] GC(42) Old regions: 750->732
[228.140s][info][gc,heap        ] GC(42) Humongous regions: 77->77
[228.140s][info][gc,metaspace   ] GC(42) Metaspace: 28645K(28928K)->28645K(28928K) NonClass: 23763K(23872K)->23763K(23872K) Class: 4882K(5056K)->4882K(5056K)
[228.140s][info][gc             ] GC(42) Pause Young (Mixed) (G1 Evacuation Pause) 3502M->1795M(4096M) 114.059ms
[228.140s][info][gc,cpu         ] GC(42) User=0.66s Sys=0.01s Real=0.11s
...[230.543s][info][gc,start       ] GC(43) Pause Young (Mixed) (G1 Evacuation Pause)
[230.543s][info][gc,task        ] GC(43) Using 6 workers of 6 for evacuation
[230.657s][info][gc,phases      ] GC(43)   Pre Evacuate Collection Set: 0.36ms
[230.657s][info][gc,phases      ] GC(43)   Merge Heap Roots: 0.64ms
[230.657s][info][gc,phases      ] GC(43)   Evacuate Collection Set: 111.27ms
[230.657s][info][gc,phases      ] GC(43)   Merge Optional Heap Roots: 0.02ms
[230.657s][info][gc,phases      ] GC(43)   Evacuate Optional Collection Set: 0.27ms
[230.657s][info][gc,phases      ] GC(43)   Post Evacuate Collection Set: 1.06ms
[230.657s][info][gc,phases      ] GC(43)   Other: 0.11ms
[230.657s][info][gc,heap        ] GC(43) Eden regions: 870->0(547)
[230.657s][info][gc,heap        ] GC(43) Survivor regions: 91->93(121)
[230.657s][info][gc,heap        ] GC(43) Old regions: 732->712
[230.657s][info][gc,heap        ] GC(43) Humongous regions: 77->77
[230.657s][info][gc,metaspace   ] GC(43) Metaspace: 28645K(28928K)->28645K(28928K) NonClass: 23763K(23872K)->23763K(23872K) Class: 4882K(5056K)->4882K(5056K)
[230.657s][info][gc             ] GC(43) Pause Young (Mixed) (G1 Evacuation Pause) 3535M->1758M(4096M) 113.899ms
[230.657s][info][gc,cpu         ] GC(43) User=0.66s Sys=0.00s Real=0.12s
. (rIR:aIR:PR = 5621:5633:5633) (tPR = 84508) [OK] 
   230s:       trying IR =   6725 .[232.213s][info][gc,start       ] GC(44) Pause Young (Mixed) (G1 Evacuation Pause)
[232.213s][info][gc,task        ] GC(44) Using 6 workers of 6 for evacuation
[232.322s][info][gc,phases      ] GC(44)   Pre Evacuate Collection Set: 0.39ms
[232.322s][info][gc,phases      ] GC(44)   Merge Heap Roots: 0.65ms
[232.322s][info][gc,phases      ] GC(44)   Evacuate Collection Set: 106.76ms
[232.322s][info][gc,phases      ] GC(44)   Post Evacuate Collection Set: 0.93ms
[232.322s][info][gc,phases      ] GC(44)   Other: 0.08ms
[232.322s][info][gc,heap        ] GC(44) Eden regions: 618->0(909)
[232.322s][info][gc,heap        ] GC(44) Survivor regions: 93->43(89)
[232.322s][info][gc,heap        ] GC(44) Old regions: 712->742
[232.322s][info][gc,heap        ] GC(44) Humongous regions: 77->77
[232.322s][info][gc,metaspace   ] GC(44) Metaspace: 28684K(28992K)->28684K(28992K) NonClass: 23802K(23936K)->23802K(23936K) Class: 4882K(5056K)->4882K(5056K)
[232.322s][info][gc             ] GC(44) Pause Young (Mixed) (G1 Evacuation Pause) 2994M->1719M(4096M) 108.930ms
[232.322s][info][gc,cpu         ] GC(44) User=0.65s Sys=0.00s Real=0.11s
..[234.452s][info][gc,start       ] GC(45) Pause Young (Mixed) (G1 Evacuation Pause)
[234.452s][info][gc,task        ] GC(45) Using 6 workers of 6 for evacuation
[234.548s][info][gc,phases      ] GC(45)   Pre Evacuate Collection Set: 0.35ms
[234.548s][info][gc,phases      ] GC(45)   Merge Heap Roots: 0.79ms
[234.548s][info][gc,phases      ] GC(45)   Evacuate Collection Set: 93.89ms
[234.548s][info][gc,phases      ] GC(45)   Merge Optional Heap Roots: 0.03ms
[234.548s][info][gc,phases      ] GC(45)   Evacuate Optional Collection Set: 0.36ms
[234.548s][info][gc,phases      ] GC(45)   Post Evacuate Collection Set: 1.07ms
[234.548s][info][gc,phases      ] GC(45)   Other: 0.12ms
[234.548s][info][gc,heap        ] GC(45) Eden regions: 909->0(928)
[234.548s][info][gc,heap        ] GC(45) Survivor regions: 43->90(119)
[234.548s][info][gc,heap        ] GC(45) Old regions: 742->679
[234.548s][info][gc,heap        ] GC(45) Humongous regions: 77->77
[234.548s][info][gc,metaspace   ] GC(45) Metaspace: 28685K(28992K)->28685K(28992K) NonClass: 23803K(23936K)->23803K(23936K) Class: 4882K(5056K)->4882K(5056K)
[234.548s][info][gc             ] GC(45) Pause Young (Mixed) (G1 Evacuation Pause) 3537M->1686M(4096M) 96.734ms
[234.549s][info][gc,cpu         ] GC(45) User=0.57s Sys=0.00s Real=0.10s
. (rIR:aIR:PR = 6725:6692:6692) (tPR = 101765) [OK] 
   234s:       trying IR =   8050 .[236.475s][info][gc,start       ] GC(46) Pause Young (Mixed) (G1 Evacuation Pause)
[236.475s][info][gc,task        ] GC(46) Using 6 workers of 6 for evacuation
[236.607s][info][gc,phases      ] GC(46)   Pre Evacuate Collection Set: 0.36ms
[236.607s][info][gc,phases      ] GC(46)   Merge Heap Roots: 0.80ms
[236.607s][info][gc,phases      ] GC(46)   Evacuate Collection Set: 120.61ms
[236.607s][info][gc,phases      ] GC(46)   Merge Optional Heap Roots: 0.19ms
[236.607s][info][gc,phases      ] GC(46)   Evacuate Optional Collection Set: 8.19ms
[236.607s][info][gc,phases      ] GC(46)   Post Evacuate Collection Set: 1.13ms
[236.607s][info][gc,phases      ] GC(46)   Other: 0.11ms
[236.607s][info][gc,heap        ] GC(46) Eden regions: 928->0(950)
[236.607s][info][gc,heap        ] GC(46) Survivor regions: 90->100(128)
[236.607s][info][gc,heap        ] GC(46) Old regions: 679->636
[236.607s][info][gc,heap        ] GC(46) Humongous regions: 77->77
[236.607s][info][gc,metaspace   ] GC(46) Metaspace: 28693K(29056K)->28693K(29056K) NonClass: 23811K(24000K)->23811K(24000K) Class: 4882K(5056K)->4882K(5056K)
[236.607s][info][gc             ] GC(46) Pause Young (Mixed) (G1 Evacuation Pause) 3542M->1621M(4096M) 131.544ms
[236.607s][info][gc,cpu         ] GC(46) User=0.78s Sys=0.01s Real=0.13s
..[238.456s][info][gc,start       ] GC(47) Pause Young (Mixed) (G1 Evacuation Pause)
[238.456s][info][gc,task        ] GC(47) Using 6 workers of 6 for evacuation
[238.585s][info][gc,phases      ] GC(47)   Pre Evacuate Collection Set: 0.34ms
[238.585s][info][gc,phases      ] GC(47)   Merge Heap Roots: 0.91ms
[238.585s][info][gc,phases      ] GC(47)   Evacuate Collection Set: 127.29ms
[238.585s][info][gc,phases      ] GC(47)   Post Evacuate Collection Set: 0.98ms
[238.585s][info][gc,phases      ] GC(47)   Other: 0.09ms
[238.585s][info][gc,heap        ] GC(47) Eden regions: 951->0(969)
[238.585s][info][gc,heap        ] GC(47) Survivor regions: 100->101(132)
[238.585s][info][gc,heap        ] GC(47) Old regions: 636->637
[238.585s][info][gc,heap        ] GC(47) Humongous regions: 77->77
[238.585s][info][gc,metaspace   ] GC(47) Metaspace: 28693K(29056K)->28693K(29056K) NonClass: 23811K(24000K)->23811K(24000K) Class: 4882K(5056K)->4882K(5056K)
[238.585s][info][gc             ] GC(47) Pause Young (Mixed) (G1 Evacuation Pause) 3523M->1627M(4096M) 129.741ms
[238.585s][info][gc,cpu         ] GC(47) User=0.77s Sys=0.01s Real=0.13s
. (rIR:aIR:PR = 8050:8009:8009) (tPR = 118214) [OK] 
   238s:       trying IR =   9640 .[240.287s][info][gc,start       ] GC(48) Pause Young (Normal) (G1 Evacuation Pause)
[240.287s][info][gc,task        ] GC(48) Using 6 workers of 6 for evacuation
[240.397s][info][gc,phases      ] GC(48)   Pre Evacuate Collection Set: 0.38ms
[240.397s][info][gc,phases      ] GC(48)   Merge Heap Roots: 0.45ms
[240.397s][info][gc,phases      ] GC(48)   Evacuate Collection Set: 108.27ms
[240.397s][info][gc,phases      ] GC(48)   Post Evacuate Collection Set: 0.95ms
[240.397s][info][gc,phases      ] GC(48)   Other: 0.09ms
[240.397s][info][gc,heap        ] GC(48) Eden regions: 969->0(967)
[240.397s][info][gc,heap        ] GC(48) Survivor regions: 101->101(134)
[240.397s][info][gc,heap        ] GC(48) Old regions: 637->667
[240.397s][info][gc,heap        ] GC(48) Humongous regions: 77->77
[240.397s][info][gc,metaspace   ] GC(48) Metaspace: 28694K(29056K)->28694K(29056K) NonClass: 23812K(24000K)->23812K(24000K) Class: 4882K(5056K)->4882K(5056K)
[240.397s][info][gc             ] GC(48) Pause Young (Normal) (G1 Evacuation Pause) 3565M->1688M(4096M) 110.275ms
[240.397s][info][gc,cpu         ] GC(48) User=0.66s Sys=0.00s Real=0.11s
.[241.978s][info][gc,start       ] GC(49) Pause Young (Normal) (G1 Evacuation Pause)
[241.978s][info][gc,task        ] GC(49) Using 6 workers of 6 for evacuation
[242.091s][info][gc,phases      ] GC(49)   Pre Evacuate Collection Set: 0.37ms
[242.091s][info][gc,phases      ] GC(49)   Merge Heap Roots: 0.45ms
[242.091s][info][gc,phases      ] GC(49)   Evacuate Collection Set: 110.92ms
[242.091s][info][gc,phases      ] GC(49)   Post Evacuate Collection Set: 0.90ms
[242.091s][info][gc,phases      ] GC(49)   Other: 0.08ms
[242.091s][info][gc,heap        ] GC(49) Eden regions: 967->0(960)
[242.091s][info][gc,heap        ] GC(49) Survivor regions: 101->102(134)
[242.091s][info][gc,heap        ] GC(49) Old regions: 667->699
[242.091s][info][gc,heap        ] GC(49) Humongous regions: 77->77
[242.091s][info][gc,metaspace   ] GC(49) Metaspace: 28695K(29056K)->28695K(29056K) NonClass: 23813K(24000K)->23813K(24000K) Class: 4882K(5056K)->4882K(5056K)
[242.091s][info][gc             ] GC(49) Pause Young (Normal) (G1 Evacuation Pause) 3622M->1752M(4096M) 112.844ms
[242.091s][info][gc,cpu         ] GC(49) User=0.67s Sys=0.00s Real=0.11s
.. (rIR:aIR:PR = 9640:9696:9696) (tPR = 148527) [OK] 
   243s:       trying IR =  11548 [243.564s][info][gc,start       ] GC(50) Pause Young (Normal) (G1 Evacuation Pause)
[243.564s][info][gc,task        ] GC(50) Using 6 workers of 6 for evacuation
[243.680s][info][gc,phases      ] GC(50)   Pre Evacuate Collection Set: 0.37ms
[243.680s][info][gc,phases      ] GC(50)   Merge Heap Roots: 0.48ms
[243.680s][info][gc,phases      ] GC(50)   Evacuate Collection Set: 114.84ms
[243.680s][info][gc,phases      ] GC(50)   Post Evacuate Collection Set: 0.85ms
[243.680s][info][gc,phases      ] GC(50)   Other: 0.08ms
[243.680s][info][gc,heap        ] GC(50) Eden regions: 960->0(926)
[243.680s][info][gc,heap        ] GC(50) Survivor regions: 102->106(133)
[243.680s][info][gc,heap        ] GC(50) Old regions: 699->730
[243.680s][info][gc,heap        ] GC(50) Humongous regions: 77->77
[243.680s][info][gc,metaspace   ] GC(50) Metaspace: 28717K(29056K)->28717K(29056K) NonClass: 23835K(24000K)->23835K(24000K) Class: 4882K(5056K)->4882K(5056K)
[243.680s][info][gc             ] GC(50) Pause Young (Normal) (G1 Evacuation Pause) 3672M->1823M(4096M) 116.760ms
[243.681s][info][gc,cpu         ] GC(50) User=0.69s Sys=0.00s Real=0.12s
.[244.929s][info][gc,start       ] GC(51) Pause Young (Normal) (G1 Evacuation Pause)
[244.929s][info][gc,task        ] GC(51) Using 6 workers of 6 for evacuation
[245.036s][info][gc,phases      ] GC(51)   Pre Evacuate Collection Set: 0.35ms
[245.036s][info][gc,phases      ] GC(51)   Merge Heap Roots: 0.48ms
[245.036s][info][gc,phases      ] GC(51)   Evacuate Collection Set: 105.27ms
[245.036s][info][gc,phases      ] GC(51)   Post Evacuate Collection Set: 0.82ms
[245.036s][info][gc,phases      ] GC(51)   Other: 0.08ms
[245.036s][info][gc,heap        ] GC(51) Eden regions: 926->0(911)
[245.036s][info][gc,heap        ] GC(51) Survivor regions: 106->97(129)
[245.036s][info][gc,heap        ] GC(51) Old regions: 730->763
[245.036s][info][gc,heap        ] GC(51) Humongous regions: 77->77
[245.036s][info][gc,metaspace   ] GC(51) Metaspace: 28727K(29056K)->28727K(29056K) NonClass: 23844K(24000K)->23844K(24000K) Class: 4882K(5056K)->4882K(5056K)
[245.036s][info][gc             ] GC(51) Pause Young (Normal) (G1 Evacuation Pause) 3675M->1871M(4096M) 107.111ms
[245.036s][info][gc,cpu         ] GC(51) User=0.63s Sys=0.00s Real=0.11s
.[246.253s][info][gc,start       ] GC(52) Pause Young (Normal) (G1 Evacuation Pause)
[246.253s][info][gc,task        ] GC(52) Using 6 workers of 6 for evacuation
[246.420s][info][gc,phases      ] GC(52)   Pre Evacuate Collection Set: 0.32ms
[246.420s][info][gc,phases      ] GC(52)   Merge Heap Roots: 0.48ms
[246.420s][info][gc,phases      ] GC(52)   Evacuate Collection Set: 164.65ms
[246.420s][info][gc,phases      ] GC(52)   Post Evacuate Collection Set: 0.79ms
[246.420s][info][gc,phases      ] GC(52)   Other: 0.09ms
[246.420s][info][gc,heap        ] GC(52) Eden regions: 911->0(859)
[246.420s][info][gc,heap        ] GC(52) Survivor regions: 97->107(126)
[246.420s][info][gc,heap        ] GC(52) Old regions: 763->795
[246.420s][info][gc,heap        ] GC(52) Humongous regions: 77->77
[246.420s][info][gc,metaspace   ] GC(52) Metaspace: 28729K(29056K)->28729K(29056K) NonClass: 23846K(24000K)->23846K(24000K) Class: 4882K(5056K)->4882K(5056K)
[246.420s][info][gc             ] GC(52) Pause Young (Normal) (G1 Evacuation Pause) 3693M->1955M(4096M) 166.458ms
[246.420s][info][gc,cpu         ] GC(52) User=0.71s Sys=0.00s Real=0.17s
..[247.526s][info][gc,start       ] GC(53) Pause Young (Normal) (G1 Evacuation Pause)
[247.526s][info][gc,task        ] GC(53) Using 6 workers of 6 for evacuation
[247.643s][info][gc,phases      ] GC(53)   Pre Evacuate Collection Set: 0.32ms
[247.643s][info][gc,phases      ] GC(53)   Merge Heap Roots: 0.42ms
[247.643s][info][gc,phases      ] GC(53)   Evacuate Collection Set: 115.40ms
[247.643s][info][gc,phases      ] GC(53)   Post Evacuate Collection Set: 0.73ms
[247.643s][info][gc,phases      ] GC(53)   Other: 0.07ms
[247.643s][info][gc,heap        ] GC(53) Eden regions: 859->0(871)
[247.643s][info][gc,heap        ] GC(53) Survivor regions: 107->66(121)
[247.643s][info][gc,heap        ] GC(53) Old regions: 795->865
[247.643s][info][gc,heap        ] GC(53) Humongous regions: 77->77
[247.643s][info][gc,metaspace   ] GC(53) Metaspace: 28729K(29056K)->28729K(29056K) NonClass: 23847K(24000K)->23847K(24000K) Class: 4882K(5056K)->4882K(5056K)
[247.643s][info][gc             ] GC(53) Pause Young (Normal) (G1 Evacuation Pause) 3673M->2014M(4096M) 117.092ms
[247.643s][info][gc,cpu         ] GC(53) User=0.70s Sys=0.00s Real=0.11s
.[248.818s][info][gc,start       ] GC(54) Pause Young (Concurrent Start) (G1 Evacuation Pause)
[248.818s][info][gc,task        ] GC(54) Using 6 workers of 6 for evacuation
[248.900s][info][gc,phases      ] GC(54)   Pre Evacuate Collection Set: 0.39ms
[248.900s][info][gc,phases      ] GC(54)   Merge Heap Roots: 0.44ms
[248.900s][info][gc,phases      ] GC(54)   Evacuate Collection Set: 80.64ms
[248.900s][info][gc,phases      ] GC(54)   Post Evacuate Collection Set: 0.72ms
[248.900s][info][gc,phases      ] GC(54)   Other: 0.09ms
[248.900s][info][gc,heap        ] GC(54) Eden regions: 871->0(852)
[248.900s][info][gc,heap        ] GC(54) Survivor regions: 66->55(118)
[248.900s][info][gc,heap        ] GC(54) Old regions: 865->906
[248.900s][info][gc,heap        ] GC(54) Humongous regions: 77->77
[248.900s][info][gc,metaspace   ] GC(54) Metaspace: 28736K(29056K)->28736K(29056K) NonClass: 23853K(24000K)->23853K(24000K) Class: 4882K(5056K)->4882K(5056K)
[248.900s][info][gc             ] GC(54) Pause Young (Concurrent Start) (G1 Evacuation Pause) 3756M->2074M(4096M) 82.430ms
[248.900s][info][gc             ] GC(55) Concurrent Mark Cycle
[248.900s][info][gc,marking     ] GC(55) Concurrent Scan Root Regions
[248.900s][info][gc,cpu         ] GC(54) User=0.49s Sys=0.00s Real=0.08s
[249.011s][info][gc,marking     ] GC(55) Concurrent Scan Root Regions 111.256ms
[249.011s][info][gc,marking     ] GC(55) Concurrent Mark
[249.011s][info][gc,marking     ] GC(55) Concurrent Mark From Roots
[249.011s][info][gc,task        ] GC(55) Using 2 workers of 2 for marking
.[250.351s][info][gc,marking     ] GC(55) Concurrent Mark From Roots 1339.716ms
[250.351s][info][gc,marking     ] GC(55) Concurrent Preclean
[250.426s][info][gc,marking     ] GC(55) Concurrent Preclean 75.095ms
[250.429s][info][gc,start       ] GC(55) Pause Remark
[250.434s][info][gc             ] GC(55) Pause Remark 3540M->3510M(4096M) 4.957ms
[250.434s][info][gc,cpu         ] GC(55) User=0.02s Sys=0.00s Real=0.00s
[250.434s][info][gc,marking     ] GC(55) Concurrent Mark 1422.802ms
[250.434s][info][gc,marking     ] GC(55) Concurrent Rebuild Remembered Sets and Scrub Regions
[250.658s][info][gc,start       ] GC(56) Pause Young (Normal) (G1 Evacuation Pause)
[250.658s][info][gc,task        ] GC(56) Using 6 workers of 6 for evacuation
[250.748s][info][gc,phases      ] GC(56)   Pre Evacuate Collection Set: 0.29ms
[250.748s][info][gc,phases      ] GC(56)   Merge Heap Roots: 0.38ms
[250.748s][info][gc,phases      ] GC(56)   Evacuate Collection Set: 88.28ms
[250.748s][info][gc,phases      ] GC(56)   Post Evacuate Collection Set: 0.87ms
[250.748s][info][gc,phases      ] GC(56)   Other: 0.10ms
[250.748s][info][gc,heap        ] GC(56) Eden regions: 852->0(779)
[250.748s][info][gc,heap        ] GC(56) Survivor regions: 55->99(114)
[250.748s][info][gc,heap        ] GC(56) Old regions: 891->891
[250.748s][info][gc,heap        ] GC(56) Humongous regions: 77->77
[250.748s][info][gc,metaspace   ] GC(56) Metaspace: 28736K(29056K)->28736K(29056K) NonClass: 23853K(24000K)->23853K(24000K) Class: 4882K(5056K)->4882K(5056K)
[250.748s][info][gc             ] GC(56) Pause Young (Normal) (G1 Evacuation Pause) 3748M->2132M(4096M) 90.079ms
[250.749s][info][gc,cpu         ] GC(56) User=0.53s Sys=0.00s Real=0.09s
.[251.148s][info][gc,marking     ] GC(55) Concurrent Rebuild Remembered Sets and Scrub Regions 714.032ms
[251.150s][info][gc,start       ] GC(55) Pause Cleanup
[251.150s][info][gc             ] GC(55) Pause Cleanup 2680M->2680M(4096M) 0.324ms
[251.150s][info][gc,cpu         ] GC(55) User=0.00s Sys=0.00s Real=0.00s
[251.151s][info][gc,marking     ] GC(55) Concurrent Clear Claimed Marks
[251.151s][info][gc,marking     ] GC(55) Concurrent Clear Claimed Marks 0.039ms
[251.151s][info][gc,marking     ] GC(55) Concurrent Cleanup for Next Mark
[251.158s][info][gc,marking     ] GC(55) Concurrent Cleanup for Next Mark 6.474ms
[251.158s][info][gc             ] GC(55) Concurrent Mark Cycle 2257.900ms
[251.866s][info][gc,start       ] GC(57) Pause Young (Prepare Mixed) (G1 Evacuation Pause)
[251.866s][info][gc,task        ] GC(57) Using 6 workers of 6 for evacuation
[251.971s][info][gc,phases      ] GC(57)   Pre Evacuate Collection Set: 0.33ms
[251.971s][info][gc,phases      ] GC(57)   Merge Heap Roots: 0.46ms
[251.971s][info][gc,phases      ] GC(57)   Evacuate Collection Set: 103.53ms
[251.971s][info][gc,phases      ] GC(57)   Post Evacuate Collection Set: 0.89ms
[251.971s][info][gc,phases      ] GC(57)   Other: 0.08ms
[251.971s][info][gc,heap        ] GC(57) Eden regions: 779->0(794)
[251.971s][info][gc,heap        ] GC(57) Survivor regions: 99->58(110)
[251.971s][info][gc,heap        ] GC(57) Old regions: 891->958
[251.971s][info][gc,heap        ] GC(57) Humongous regions: 77->77
[251.971s][info][gc,metaspace   ] GC(57) Metaspace: 28736K(29056K)->28736K(29056K) NonClass: 23853K(24000K)->23853K(24000K) Class: 4882K(5056K)->4882K(5056K)
[251.972s][info][gc             ] GC(57) Pause Young (Prepare Mixed) (G1 Evacuation Pause) 3690M->2183M(4096M) 105.420ms
[251.972s][info][gc,cpu         ] GC(57) User=0.63s Sys=0.00s Real=0.10s
.[253.009s][info][gc,start       ] GC(58) Pause Young (Mixed) (G1 Evacuation Pause)
[253.009s][info][gc,task        ] GC(58) Using 6 workers of 6 for evacuation
[253.107s][info][gc,phases      ] GC(58)   Pre Evacuate Collection Set: 0.36ms
[253.107s][info][gc,phases      ] GC(58)   Merge Heap Roots: 0.56ms
[253.107s][info][gc,phases      ] GC(58)   Evacuate Collection Set: 95.93ms
[253.107s][info][gc,phases      ] GC(58)   Post Evacuate Collection Set: 1.01ms
[253.107s][info][gc,phases      ] GC(58)   Other: 0.10ms
[253.107s][info][gc,heap        ] GC(58) Eden regions: 794->0(933)
[253.107s][info][gc,heap        ] GC(58) Survivor regions: 58->65(107)
[253.107s][info][gc,heap        ] GC(58) Old regions: 958->793
[253.107s][info][gc,heap        ] GC(58) Humongous regions: 77->77
[253.107s][info][gc,metaspace   ] GC(58) Metaspace: 28736K(29056K)->28736K(29056K) NonClass: 23854K(24000K)->23854K(24000K) Class: 4882K(5056K)->4882K(5056K)
[253.108s][info][gc             ] GC(58) Pause Young (Mixed) (G1 Evacuation Pause) 3771M->1866M(4096M) 98.091ms
[253.108s][info][gc,cpu         ] GC(58) User=0.58s Sys=0.00s Real=0.10s
.[254.332s][info][gc,start       ] GC(59) Pause Young (Mixed) (G1 Evacuation Pause)
[254.333s][info][gc,task        ] GC(59) Using 6 workers of 6 for evacuation
[254.445s][info][gc,phases      ] GC(59)   Pre Evacuate Collection Set: 0.39ms
[254.445s][info][gc,phases      ] GC(59)   Merge Heap Roots: 0.77ms
[254.445s][info][gc,phases      ] GC(59)   Evacuate Collection Set: 109.89ms
[254.445s][info][gc,phases      ] GC(59)   Post Evacuate Collection Set: 1.04ms
[254.445s][info][gc,phases      ] GC(59)   Other: 0.10ms
[254.445s][info][gc,heap        ] GC(59) Eden regions: 933->0(1062)
[254.445s][info][gc,heap        ] GC(59) Survivor regions: 65->64(125)
[254.445s][info][gc,heap        ] GC(59) Old regions: 793->641
[254.445s][info][gc,heap        ] GC(59) Humongous regions: 77->77
[254.445s][info][gc,metaspace   ] GC(59) Metaspace: 28736K(29056K)->28736K(29056K) NonClass: 23854K(24000K)->23854K(24000K) Class: 4882K(5056K)->4882K(5056K)
[254.445s][info][gc             ] GC(59) Pause Young (Mixed) (G1 Evacuation Pause) 3732M->1561M(4096M) 112.331ms
[254.445s][info][gc,cpu         ] GC(59) User=0.67s Sys=0.00s Real=0.12s
.[255.812s][info][gc,start       ] GC(60) Pause Young (Mixed) (G1 Evacuation Pause)
[255.812s][info][gc,task        ] GC(60) Using 6 workers of 6 for evacuation
[255.959s][info][gc,phases      ] GC(60)   Pre Evacuate Collection Set: 0.36ms
[255.959s][info][gc,phases      ] GC(60)   Merge Heap Roots: 1.09ms
[255.959s][info][gc,phases      ] GC(60)   Evacuate Collection Set: 129.70ms
[255.959s][info][gc,phases      ] GC(60)   Merge Optional Heap Roots: 0.36ms
[255.959s][info][gc,phases      ] GC(60)   Evacuate Optional Collection Set: 13.78ms
[255.959s][info][gc,phases      ] GC(60)   Post Evacuate Collection Set: 1.23ms
[255.959s][info][gc,phases      ] GC(60)   Other: 0.24ms
[255.959s][info][gc,heap        ] GC(60) Eden regions: 1062->0(1029)
[255.959s][info][gc,heap        ] GC(60) Survivor regions: 64->107(141)
[255.959s][info][gc,heap        ] GC(60) Old regions: 641->587
[255.959s][info][gc,heap        ] GC(60) Humongous regions: 77->77
[255.959s][info][gc,metaspace   ] GC(60) Metaspace: 28736K(29056K)->28736K(29056K) NonClass: 23854K(24000K)->23854K(24000K) Class: 4882K(5056K)->4882K(5056K)
[255.959s][info][gc             ] GC(60) Pause Young (Mixed) (G1 Evacuation Pause) 3685M->1538M(4096M) 146.911ms
[255.959s][info][gc,cpu         ] GC(60) User=0.86s Sys=0.00s Real=0.15s
..[257.425s][info][gc,start       ] GC(61) Pause Young (Mixed) (G1 Evacuation Pause)
[257.425s][info][gc,task        ] GC(61) Using 6 workers of 6 for evacuation
[257.560s][info][gc,phases      ] GC(61)   Pre Evacuate Collection Set: 0.32ms
[257.561s][info][gc,phases      ] GC(61)   Merge Heap Roots: 0.76ms
[257.561s][info][gc,phases      ] GC(61)   Evacuate Collection Set: 133.18ms
[257.561s][info][gc,phases      ] GC(61)   Post Evacuate Collection Set: 0.87ms
[257.561s][info][gc,phases      ] GC(61)   Other: 0.09ms
[257.561s][info][gc,heap        ] GC(61) Eden regions: 1029->0(1022)
[257.561s][info][gc,heap        ] GC(61) Survivor regions: 107->114(142)
[257.561s][info][gc,heap        ] GC(61) Old regions: 587->616
[257.561s][info][gc,heap        ] GC(61) Humongous regions: 77->77
[257.561s][info][gc,metaspace   ] GC(61) Metaspace: 28737K(29056K)->28737K(29056K) NonClass: 23854K(24000K)->23854K(24000K) Class: 4882K(5056K)->4882K(5056K)
[257.561s][info][gc             ] GC(61) Pause Young (Mixed) (G1 Evacuation Pause) 3596M->1611M(4096M) 135.356ms
[257.561s][info][gc,cpu         ] GC(61) User=0.80s Sys=0.00s Real=0.13s
.[259.009s][info][gc,start       ] GC(62) Pause Young (Normal) (G1 Evacuation Pause)
[259.009s][info][gc,task        ] GC(62) Using 6 workers of 6 for evacuation
[259.122s][info][gc,phases      ] GC(62)   Pre Evacuate Collection Set: 0.33ms
[259.122s][info][gc,phases      ] GC(62)   Merge Heap Roots: 0.45ms
[259.122s][info][gc,phases      ] GC(62)   Evacuate Collection Set: 111.12ms
[259.122s][info][gc,phases      ] GC(62)   Post Evacuate Collection Set: 0.84ms
[259.122s][info][gc,phases      ] GC(62)   Other: 0.08ms
[259.122s][info][gc,heap        ] GC(62) Eden regions: 1022->0(1013)
[259.122s][info][gc,heap        ] GC(62) Survivor regions: 114->102(142)
[259.122s][info][gc,heap        ] GC(62) Old regions: 616->651
[259.122s][info][gc,heap        ] GC(62) Humongous regions: 77->77
[259.122s][info][gc,metaspace   ] GC(62) Metaspace: 28739K(29056K)->28739K(29056K) NonClass: 23856K(24000K)->23856K(24000K) Class: 4882K(5056K)->4882K(5056K)
[259.122s][info][gc             ] GC(62) Pause Young (Normal) (G1 Evacuation Pause) 3655M->1656M(4096M) 112.952ms
[259.122s][info][gc,cpu         ] GC(62) User=0.67s Sys=0.00s Real=0.11s
.[260.471s][info][gc,start       ] GC(63) Pause Young (Normal) (G1 Evacuation Pause)
[260.471s][info][gc,task        ] GC(63) Using 6 workers of 6 for evacuation
[260.591s][info][gc,phases      ] GC(63)   Pre Evacuate Collection Set: 0.30ms
[260.591s][info][gc,phases      ] GC(63)   Merge Heap Roots: 0.45ms
[260.591s][info][gc,phases      ] GC(63)   Evacuate Collection Set: 117.86ms
[260.591s][info][gc,phases      ] GC(63)   Post Evacuate Collection Set: 0.88ms
[260.591s][info][gc,phases      ] GC(63)   Other: 0.08ms
[260.591s][info][gc,heap        ] GC(63) Eden regions: 1013->0(968)
[260.591s][info][gc,heap        ] GC(63) Survivor regions: 102->109(140)
[260.591s][info][gc,heap        ] GC(63) Old regions: 651->682
[260.591s][info][gc,heap        ] GC(63) Humongous regions: 77->77
[260.591s][info][gc,metaspace   ] GC(63) Metaspace: 28751K(29056K)->28751K(29056K) NonClass: 23868K(24000K)->23868K(24000K) Class: 4882K(5056K)->4882K(5056K)
[260.591s][info][gc             ] GC(63) Pause Young (Normal) (G1 Evacuation Pause) 3682M->1732M(4096M) 119.718ms
[260.591s][info][gc,cpu         ] GC(63) User=0.71s Sys=0.00s Real=0.12s
.[261.813s][info][gc,start       ] GC(64) Pause Young (Normal) (G1 Evacuation Pause)
[261.813s][info][gc,task        ] GC(64) Using 6 workers of 6 for evacuation
[261.930s][info][gc,phases      ] GC(64)   Pre Evacuate Collection Set: 0.34ms
[261.930s][info][gc,phases      ] GC(64)   Merge Heap Roots: 0.45ms
[261.930s][info][gc,phases      ] GC(64)   Evacuate Collection Set: 115.35ms
[261.930s][info][gc,phases      ] GC(64)   Post Evacuate Collection Set: 0.70ms
[261.930s][info][gc,phases      ] GC(64)   Other: 0.07ms
[261.930s][info][gc,heap        ] GC(64) Eden regions: 968->0(975)
[261.930s][info][gc,heap        ] GC(64) Survivor regions: 109->67(135)
[261.930s][info][gc,heap        ] GC(64) Old regions: 682->753
[261.930s][info][gc,heap        ] GC(64) Humongous regions: 77->77
[261.930s][info][gc,metaspace   ] GC(64) Metaspace: 28751K(29056K)->28751K(29056K) NonClass: 23868K(24000K)->23868K(24000K) Class: 4882K(5056K)->4882K(5056K)
[261.930s][info][gc             ] GC(64) Pause Young (Normal) (G1 Evacuation Pause) 3668M->1792M(4096M) 117.044ms
[261.930s][info][gc,cpu         ] GC(64) User=0.69s Sys=0.00s Real=0.12s
..[263.253s][info][gc,start       ] GC(65) Pause Young (Normal) (G1 Evacuation Pause)
[263.253s][info][gc,task        ] GC(65) Using 6 workers of 6 for evacuation
[263.399s][info][gc,phases      ] GC(65)   Pre Evacuate Collection Set: 0.34ms
[263.399s][info][gc,phases      ] GC(65)   Merge Heap Roots: 0.46ms
[263.399s][info][gc,phases      ] GC(65)   Evacuate Collection Set: 144.95ms
[263.399s][info][gc,phases      ] GC(65)   Post Evacuate Collection Set: 0.80ms
[263.399s][info][gc,phases      ] GC(65)   Other: 0.09ms
[263.399s][info][gc,heap        ] GC(65) Eden regions: 975->0(895)
[263.399s][info][gc,heap        ] GC(65) Survivor regions: 67->110(131)
[263.399s][info][gc,heap        ] GC(65) Old regions: 753->753
[263.399s][info][gc,heap        ] GC(65) Humongous regions: 77->77
[263.399s][info][gc,metaspace   ] GC(65) Metaspace: 28751K(29056K)->28751K(29056K) NonClass: 23868K(24000K)->23868K(24000K) Class: 4882K(5056K)->4882K(5056K)
[263.399s][info][gc             ] GC(65) Pause Young (Normal) (G1 Evacuation Pause) 3742M->1877M(4096M) 146.771ms
[263.400s][info][gc,cpu         ] GC(65) User=0.59s Sys=0.00s Real=0.15s
. (rIR:aIR:PR = 11548:11285:11287) (tPR = 169461) [OK] 
   264s:       trying IR =  13837 [264.585s][info][gc,start       ] GC(66) Pause Young (Normal) (G1 Evacuation Pause)
[264.585s][info][gc,task        ] GC(66) Using 6 workers of 6 for evacuation
[264.705s][info][gc,phases      ] GC(66)   Pre Evacuate Collection Set: 0.31ms
[264.705s][info][gc,phases      ] GC(66)   Merge Heap Roots: 0.44ms
[264.705s][info][gc,phases      ] GC(66)   Evacuate Collection Set: 117.42ms
[264.705s][info][gc,phases      ] GC(66)   Post Evacuate Collection Set: 0.83ms
[264.705s][info][gc,phases      ] GC(66)   Other: 0.07ms
[264.705s][info][gc,heap        ] GC(66) Eden regions: 895->0(908)
[264.705s][info][gc,heap        ] GC(66) Survivor regions: 110->66(126)
[264.705s][info][gc,heap        ] GC(66) Old regions: 753->828
[264.705s][info][gc,heap        ] GC(66) Humongous regions: 77->77
[264.705s][info][gc,metaspace   ] GC(66) Metaspace: 28751K(29056K)->28751K(29056K) NonClass: 23868K(24000K)->23868K(24000K) Class: 4882K(5056K)->4882K(5056K)
[264.705s][info][gc             ] GC(66) Pause Young (Normal) (G1 Evacuation Pause) 3667M->1940M(4096M) 119.185ms
[264.705s][info][gc,cpu         ] GC(66) User=0.71s Sys=0.00s Real=0.12s
.[265.863s][info][gc,start       ] GC(67) Pause Young (Normal) (G1 Evacuation Pause)
[265.863s][info][gc,task        ] GC(67) Using 6 workers of 6 for evacuation
[265.959s][info][gc,phases      ] GC(67)   Pre Evacuate Collection Set: 0.35ms
[265.959s][info][gc,phases      ] GC(67)   Merge Heap Roots: 0.44ms
[265.959s][info][gc,phases      ] GC(67)   Evacuate Collection Set: 93.93ms
[265.959s][info][gc,phases      ] GC(67)   Post Evacuate Collection Set: 0.77ms
[265.959s][info][gc,phases      ] GC(67)   Other: 0.08ms
[265.959s][info][gc,heap        ] GC(67) Eden regions: 908->0(863)
[265.959s][info][gc,heap        ] GC(67) Survivor regions: 66->68(122)
[265.959s][info][gc,heap        ] GC(67) Old regions: 828->869
[265.959s][info][gc,heap        ] GC(67) Humongous regions: 77->77
[265.959s][info][gc,metaspace   ] GC(67) Metaspace: 28751K(29056K)->28751K(29056K) NonClass: 23868K(24000K)->23868K(24000K) Class: 4882K(5056K)->4882K(5056K)
[265.959s][info][gc             ] GC(67) Pause Young (Normal) (G1 Evacuation Pause) 3756M->2025M(4096M) 95.719ms
[265.959s][info][gc,cpu         ] GC(67) User=0.57s Sys=0.00s Real=0.10s
.[267.093s][info][gc,start       ] GC(68) Pause Young (Concurrent Start) (G1 Evacuation Pause)
[267.093s][info][gc,task        ] GC(68) Using 6 workers of 6 for evacuation
[267.183s][info][gc,phases      ] GC(68)   Pre Evacuate Collection Set: 0.35ms
[267.183s][info][gc,phases      ] GC(68)   Merge Heap Roots: 0.40ms
[267.183s][info][gc,phases      ] GC(68)   Evacuate Collection Set: 88.13ms
[267.183s][info][gc,phases      ] GC(68)   Post Evacuate Collection Set: 0.70ms
[267.183s][info][gc,phases      ] GC(68)   Other: 0.10ms
[267.183s][info][gc,heap        ] GC(68) Eden regions: 863->0(832)
[267.183s][info][gc,heap        ] GC(68) Survivor regions: 68->61(117)
[267.183s][info][gc,heap        ] GC(68) Old regions: 869->914
[267.183s][info][gc,heap        ] GC(68) Humongous regions: 77->77
[267.183s][info][gc,metaspace   ] GC(68) Metaspace: 28751K(29056K)->28751K(29056K) NonClass: 23868K(24000K)->23868K(24000K) Class: 4882K(5056K)->4882K(5056K)
[267.183s][info][gc             ] GC(68) Pause Young (Concurrent Start) (G1 Evacuation Pause) 3751M->2101M(4096M) 89.809ms
[267.183s][info][gc             ] GC(69) Concurrent Mark Cycle
[267.183s][info][gc,marking     ] GC(69) Concurrent Scan Root Regions
[267.183s][info][gc,cpu         ] GC(68) User=0.53s Sys=0.00s Real=0.09s
[267.388s][info][gc,marking     ] GC(69) Concurrent Scan Root Regions 205.555ms
[267.388s][info][gc,marking     ] GC(69) Concurrent Mark
[267.388s][info][gc,marking     ] GC(69) Concurrent Mark From Roots
[267.388s][info][gc,task        ] GC(69) Using 2 workers of 2 for marking
.[268.725s][info][gc,marking     ] GC(69) Concurrent Mark From Roots 1336.799ms
[268.725s][info][gc,marking     ] GC(69) Concurrent Preclean
[268.725s][info][gc,marking     ] GC(69) Concurrent Preclean 0.090ms
[268.725s][info][gc,start       ] GC(69) Pause Remark
[268.732s][info][gc             ] GC(69) Pause Remark 3539M->3535M(4096M) 6.552ms
[268.732s][info][gc,cpu         ] GC(69) User=0.03s Sys=0.00s Real=0.00s
[268.733s][info][gc,marking     ] GC(69) Concurrent Mark 1344.764ms
[268.733s][info][gc,marking     ] GC(69) Concurrent Rebuild Remembered Sets and Scrub Regions
[268.894s][info][gc,start       ] GC(70) Pause Young (Normal) (G1 Evacuation Pause)
[268.894s][info][gc,task        ] GC(70) Using 6 workers of 6 for evacuation
[268.982s][info][gc,phases      ] GC(70)   Pre Evacuate Collection Set: 0.33ms
[268.982s][info][gc,phases      ] GC(70)   Merge Heap Roots: 0.42ms
[268.982s][info][gc,phases      ] GC(70)   Evacuate Collection Set: 86.38ms
[268.982s][info][gc,phases      ] GC(70)   Post Evacuate Collection Set: 0.78ms
[268.982s][info][gc,phases      ] GC(70)   Other: 0.10ms
[268.982s][info][gc,heap        ] GC(70) Eden regions: 832->0(799)
[268.982s][info][gc,heap        ] GC(70) Survivor regions: 61->58(112)
[268.982s][info][gc,heap        ] GC(70) Old regions: 912->953
[268.982s][info][gc,heap        ] GC(70) Humongous regions: 77->77
[268.982s][info][gc,metaspace   ] GC(70) Metaspace: 28751K(29056K)->28751K(29056K) NonClass: 23869K(24000K)->23869K(24000K) Class: 4882K(5056K)->4882K(5056K)
[268.982s][info][gc             ] GC(70) Pause Young (Normal) (G1 Evacuation Pause) 3761M->2172M(4096M) 88.150ms
[268.982s][info][gc,cpu         ] GC(70) User=0.52s Sys=0.00s Real=0.09s
[269.430s][info][gc,marking     ] GC(69) Concurrent Rebuild Remembered Sets and Scrub Regions 697.112ms
[269.432s][info][gc,start       ] GC(69) Pause Cleanup
[269.433s][info][gc             ] GC(69) Pause Cleanup 2676M->2676M(4096M) 0.329ms
[269.433s][info][gc,cpu         ] GC(69) User=0.00s Sys=0.00s Real=0.00s
[269.433s][info][gc,marking     ] GC(69) Concurrent Clear Claimed Marks
[269.433s][info][gc,marking     ] GC(69) Concurrent Clear Claimed Marks 0.038ms
[269.433s][info][gc,marking     ] GC(69) Concurrent Cleanup for Next Mark
[269.438s][info][gc,marking     ] GC(69) Concurrent Cleanup for Next Mark 4.841ms
[269.438s][info][gc             ] GC(69) Concurrent Mark Cycle 2255.536ms
.[270.094s][info][gc,start       ] GC(71) Pause Young (Prepare Mixed) (G1 Evacuation Pause)
[270.094s][info][gc,task        ] GC(71) Using 6 workers of 6 for evacuation
[270.176s][info][gc,phases      ] GC(71)   Pre Evacuate Collection Set: 0.32ms
[270.176s][info][gc,phases      ] GC(71)   Merge Heap Roots: 0.45ms
[270.176s][info][gc,phases      ] GC(71)   Evacuate Collection Set: 80.41ms
[270.176s][info][gc,phases      ] GC(71)   Post Evacuate Collection Set: 0.87ms
[270.176s][info][gc,phases      ] GC(71)   Other: 0.09ms
[270.176s][info][gc,heap        ] GC(71) Eden regions: 799->0(763)
[270.176s][info][gc,heap        ] GC(71) Survivor regions: 58->57(108)
[270.176s][info][gc,heap        ] GC(71) Old regions: 953->991
[270.176s][info][gc,heap        ] GC(71) Humongous regions: 77->77
[270.176s][info][gc,metaspace   ] GC(71) Metaspace: 28752K(29056K)->28752K(29056K) NonClass: 23869K(24000K)->23869K(24000K) Class: 4882K(5056K)->4882K(5056K)
[270.176s][info][gc             ] GC(71) Pause Young (Prepare Mixed) (G1 Evacuation Pause) 3770M->2246M(4096M) 82.264ms
[270.176s][info][gc,cpu         ] GC(71) User=0.49s Sys=0.00s Real=0.09s
.[271.139s][info][gc,start       ] GC(72) Pause Young (Mixed) (G1 Evacuation Pause)
[271.139s][info][gc,task        ] GC(72) Using 6 workers of 6 for evacuation
[271.225s][info][gc,phases      ] GC(72)   Pre Evacuate Collection Set: 0.42ms
[271.225s][info][gc,phases      ] GC(72)   Merge Heap Roots: 0.49ms
[271.225s][info][gc,phases      ] GC(72)   Evacuate Collection Set: 84.90ms
[271.225s][info][gc,phases      ] GC(72)   Post Evacuate Collection Set: 0.91ms
[271.225s][info][gc,phases      ] GC(72)   Other: 0.10ms
[271.225s][info][gc,heap        ] GC(72) Eden regions: 763->0(924)
[271.226s][info][gc,heap        ] GC(72) Survivor regions: 57->54(103)
[271.226s][info][gc,heap        ] GC(72) Old regions: 991->829
[271.226s][info][gc,heap        ] GC(72) Humongous regions: 77->77
[271.226s][info][gc,metaspace   ] GC(72) Metaspace: 28752K(29056K)->28752K(29056K) NonClass: 23870K(24000K)->23870K(24000K) Class: 4882K(5056K)->4882K(5056K)
[271.226s][info][gc             ] GC(72) Pause Young (Mixed) (G1 Evacuation Pause) 3772M->1917M(4096M) 86.939ms
[271.226s][info][gc,cpu         ] GC(72) User=0.51s Sys=0.00s Real=0.09s
.[272.543s][info][gc,start       ] GC(73) Pause Young (Mixed) (G1 Evacuation Pause)
[272.543s][info][gc,task        ] GC(73) Using 6 workers of 6 for evacuation
[272.648s][info][gc,phases      ] GC(73)   Pre Evacuate Collection Set: 0.39ms
[272.648s][info][gc,phases      ] GC(73)   Merge Heap Roots: 0.64ms
[272.648s][info][gc,phases      ] GC(73)   Evacuate Collection Set: 102.50ms
[272.648s][info][gc,phases      ] GC(73)   Post Evacuate Collection Set: 1.05ms
[272.648s][info][gc,phases      ] GC(73)   Other: 0.10ms
[272.648s][info][gc,heap        ] GC(73) Eden regions: 924->0(1026)
[272.648s][info][gc,heap        ] GC(73) Survivor regions: 54->102(123)
[272.648s][info][gc,heap        ] GC(73) Old regions: 829->638
[272.648s][info][gc,heap        ] GC(73) Humongous regions: 77->77
[272.648s][info][gc,metaspace   ] GC(73) Metaspace: 28754K(29056K)->28754K(29056K) NonClass: 23872K(24000K)->23872K(24000K) Class: 4882K(5056K)->4882K(5056K)
[272.648s][info][gc             ] GC(73) Pause Young (Mixed) (G1 Evacuation Pause) 3765M->1630M(4096M) 104.796ms
[272.648s][info][gc,cpu         ] GC(73) User=0.62s Sys=0.00s Real=0.11s
.[273.891s][info][gc,start       ] GC(74) Pause Young (Mixed) (G1 Evacuation Pause)
[273.891s][info][gc,task        ] GC(74) Using 6 workers of 6 for evacuation
[274.048s][info][gc,phases      ] GC(74)   Pre Evacuate Collection Set: 0.36ms
[274.048s][info][gc,phases      ] GC(74)   Merge Heap Roots: 1.13ms
[274.048s][info][gc,phases      ] GC(74)   Evacuate Collection Set: 154.02ms
[274.048s][info][gc,phases      ] GC(74)   Post Evacuate Collection Set: 0.90ms
[274.048s][info][gc,phases      ] GC(74)   Other: 0.09ms
[274.048s][info][gc,heap        ] GC(74) Eden regions: 1026->0(1037)
[274.048s][info][gc,heap        ] GC(74) Survivor regions: 102->117(141)
[274.048s][info][gc,heap        ] GC(74) Old regions: 638->597
[274.048s][info][gc,heap        ] GC(74) Humongous regions: 77->77
[274.048s][info][gc,metaspace   ] GC(74) Metaspace: 28754K(29056K)->28754K(29056K) NonClass: 23872K(24000K)->23872K(24000K) Class: 4882K(5056K)->4882K(5056K)
[274.048s][info][gc             ] GC(74) Pause Young (Mixed) (G1 Evacuation Pause) 3682M->1579M(4096M) 156.657ms
[274.048s][info][gc,cpu         ] GC(74) User=0.93s Sys=0.00s Real=0.16s
.[275.408s][info][gc,start       ] GC(75) Pause Young (Concurrent Start) (G1 Evacuation Pause)
[275.408s][info][gc,task        ] GC(75) Using 6 workers of 6 for evacuation
[275.528s][info][gc,phases      ] GC(75)   Pre Evacuate Collection Set: 0.38ms
[275.528s][info][gc,phases      ] GC(75)   Merge Heap Roots: 0.47ms
[275.528s][info][gc,phases      ] GC(75)   Evacuate Collection Set: 118.05ms
[275.528s][info][gc,phases      ] GC(75)   Post Evacuate Collection Set: 0.84ms
[275.528s][info][gc,phases      ] GC(75)   Other: 0.10ms
[275.528s][info][gc,heap        ] GC(75) Eden regions: 1037->0(1043)
[275.528s][info][gc,heap        ] GC(75) Survivor regions: 117->71(145)
[275.528s][info][gc,heap        ] GC(75) Old regions: 597->669
[275.528s][info][gc,heap        ] GC(75) Humongous regions: 77->77
[275.528s][info][gc,metaspace   ] GC(75) Metaspace: 28754K(29056K)->28754K(29056K) NonClass: 23872K(24000K)->23872K(24000K) Class: 4882K(5056K)->4882K(5056K)
[275.528s][info][gc             ] GC(75) Pause Young (Concurrent Start) (G1 Evacuation Pause) 3653M->1631M(4096M) 119.981ms
[275.528s][info][gc             ] GC(76) Concurrent Mark Cycle
[275.528s][info][gc,marking     ] GC(76) Concurrent Scan Root Regions
[275.528s][info][gc,cpu         ] GC(75) User=0.71s Sys=0.00s Real=0.12s
[275.724s][info][gc,marking     ] GC(76) Concurrent Scan Root Regions 195.372ms
[275.724s][info][gc,marking     ] GC(76) Concurrent Mark
[275.724s][info][gc,marking     ] GC(76) Concurrent Mark From Roots
[275.724s][info][gc,task        ] GC(76) Using 2 workers of 2 for marking
.[276.886s][info][gc,marking     ] GC(76) Concurrent Mark From Roots 1162.560ms
[276.886s][info][gc,marking     ] GC(76) Concurrent Preclean
[276.886s][info][gc,marking     ] GC(76) Concurrent Preclean 0.117ms
[276.889s][info][gc,start       ] GC(76) Pause Remark
[276.895s][info][gc             ] GC(76) Pause Remark 2901M->2901M(4096M) 5.908ms
[276.895s][info][gc,cpu         ] GC(76) User=0.04s Sys=0.00s Real=0.01s
[276.895s][info][gc,marking     ] GC(76) Concurrent Mark 1171.522ms
[276.895s][info][gc,marking     ] GC(76) Concurrent Rebuild Remembered Sets and Scrub Regions
.[277.334s][info][gc,marking     ] GC(76) Concurrent Rebuild Remembered Sets and Scrub Regions 439.014ms
[277.336s][info][gc,start       ] GC(76) Pause Cleanup
[277.336s][info][gc             ] GC(76) Pause Cleanup 3239M->3239M(4096M) 0.212ms
[277.336s][info][gc,cpu         ] GC(76) User=0.00s Sys=0.00s Real=0.00s
[277.336s][info][gc,marking     ] GC(76) Concurrent Clear Claimed Marks
[277.336s][info][gc,marking     ] GC(76) Concurrent Clear Claimed Marks 0.037ms
[277.336s][info][gc,marking     ] GC(76) Concurrent Cleanup for Next Mark
[277.342s][info][gc,marking     ] GC(76) Concurrent Cleanup for Next Mark 5.804ms
[277.342s][info][gc             ] GC(76) Concurrent Mark Cycle 1813.682ms
[277.677s][info][gc,start       ] GC(77) Pause Young (Prepare Mixed) (G1 Evacuation Pause)
[277.678s][info][gc,task        ] GC(77) Using 6 workers of 6 for evacuation
[277.777s][info][gc,phases      ] GC(77)   Pre Evacuate Collection Set: 0.35ms
[277.777s][info][gc,phases      ] GC(77)   Merge Heap Roots: 0.55ms
[277.777s][info][gc,phases      ] GC(77)   Evacuate Collection Set: 97.36ms
[277.777s][info][gc,phases      ] GC(77)   Post Evacuate Collection Set: 0.90ms
[277.777s][info][gc,phases      ] GC(77)   Other: 0.09ms
[277.777s][info][gc,heap        ] GC(77) Eden regions: 1043->0(981)
[277.777s][info][gc,heap        ] GC(77) Survivor regions: 71->109(140)
[277.777s][info][gc,heap        ] GC(77) Old regions: 669->669
[277.777s][info][gc,heap        ] GC(77) Humongous regions: 77->77
[277.777s][info][gc,metaspace   ] GC(77) Metaspace: 28754K(29056K)->28754K(29056K) NonClass: 23872K(24000K)->23872K(24000K) Class: 4882K(5056K)->4882K(5056K)
[277.777s][info][gc             ] GC(77) Pause Young (Prepare Mixed) (G1 Evacuation Pause) 3717M->1708M(4096M) 99.421ms
[277.777s][info][gc,cpu         ] GC(77) User=0.59s Sys=0.00s Real=0.10s
.[278.913s][info][gc,start       ] GC(78) Pause Young (Mixed) (G1 Evacuation Pause)
[278.913s][info][gc,task        ] GC(78) Using 6 workers of 6 for evacuation
[279.060s][info][gc,phases      ] GC(78)   Pre Evacuate Collection Set: 0.36ms
[279.060s][info][gc,phases      ] GC(78)   Merge Heap Roots: 0.57ms
[279.060s][info][gc,phases      ] GC(78)   Evacuate Collection Set: 145.05ms
[279.060s][info][gc,phases      ] GC(78)   Post Evacuate Collection Set: 1.01ms
[279.060s][info][gc,phases      ] GC(78)   Other: 0.10ms
[279.060s][info][gc,heap        ] GC(78) Eden regions: 981->0(1106)
[279.060s][info][gc,heap        ] GC(78) Survivor regions: 109->122(137)
[279.060s][info][gc,heap        ] GC(78) Old regions: 669->514
[279.060s][info][gc,heap        ] GC(78) Humongous regions: 77->77
[279.060s][info][gc,metaspace   ] GC(78) Metaspace: 28754K(29056K)->28754K(29056K) NonClass: 23872K(24000K)->23872K(24000K) Class: 4882K(5056K)->4882K(5056K)
[279.060s][info][gc             ] GC(78) Pause Young (Mixed) (G1 Evacuation Pause) 3670M->1423M(4096M) 147.242ms
[279.060s][info][gc,cpu         ] GC(78) User=0.87s Sys=0.00s Real=0.15s
.[280.729s][info][gc,start       ] GC(79) Pause Young (Mixed) (G1 Evacuation Pause)
[280.729s][info][gc,task        ] GC(79) Using 6 workers of 6 for evacuation
[280.875s][info][gc,phases      ] GC(79)   Pre Evacuate Collection Set: 0.36ms
[280.875s][info][gc,phases      ] GC(79)   Merge Heap Roots: 0.80ms
[280.875s][info][gc,phases      ] GC(79)   Evacuate Collection Set: 143.75ms
[280.875s][info][gc,phases      ] GC(79)   Post Evacuate Collection Set: 0.92ms
[280.875s][info][gc,phases      ] GC(79)   Other: 0.10ms
[280.875s][info][gc,heap        ] GC(79) Eden regions: 1106->0(1094)
[280.875s][info][gc,heap        ] GC(79) Survivor regions: 122->76(154)
[280.875s][info][gc,heap        ] GC(79) Old regions: 514->566
[280.875s][info][gc,heap        ] GC(79) Humongous regions: 77->77
[280.875s][info][gc,metaspace   ] GC(79) Metaspace: 28757K(29056K)->28757K(29056K) NonClass: 23875K(24000K)->23875K(24000K) Class: 4882K(5056K)->4882K(5056K)
[280.875s][info][gc             ] GC(79) Pause Young (Mixed) (G1 Evacuation Pause) 3635M->1435M(4096M) 146.038ms
[280.875s][info][gc,cpu         ] GC(79) User=0.87s Sys=0.00s Real=0.15s
..[282.356s][info][gc,start       ] GC(80) Pause Young (Concurrent Start) (G1 Evacuation Pause)
[282.356s][info][gc,task        ] GC(80) Using 6 workers of 6 for evacuation
[282.466s][info][gc,phases      ] GC(80)   Pre Evacuate Collection Set: 0.37ms
[282.466s][info][gc,phases      ] GC(80)   Merge Heap Roots: 0.50ms
[282.466s][info][gc,phases      ] GC(80)   Evacuate Collection Set: 107.90ms
[282.466s][info][gc,phases      ] GC(80)   Post Evacuate Collection Set: 0.86ms
[282.466s][info][gc,phases      ] GC(80)   Other: 0.10ms
[282.466s][info][gc,heap        ] GC(80) Eden regions: 1094->0(1073)
[282.466s][info][gc,heap        ] GC(80) Survivor regions: 76->82(147)
[282.466s][info][gc,heap        ] GC(80) Old regions: 566->606
[282.466s][info][gc,heap        ] GC(80) Humongous regions: 77->77
[282.466s][info][gc,metaspace   ] GC(80) Metaspace: 28762K(29056K)->28762K(29056K) NonClass: 23880K(24000K)->23880K(24000K) Class: 4882K(5056K)->4882K(5056K)
[282.466s][info][gc             ] GC(80) Pause Young (Concurrent Start) (G1 Evacuation Pause) 3623M->1527M(4096M) 109.873ms
[282.466s][info][gc             ] GC(81) Concurrent Mark Cycle
[282.466s][info][gc,marking     ] GC(81) Concurrent Scan Root Regions
[282.466s][info][gc,cpu         ] GC(80) User=0.65s Sys=0.00s Real=0.11s
[282.662s][info][gc,marking     ] GC(81) Concurrent Scan Root Regions 196.335ms
[282.662s][info][gc,marking     ] GC(81) Concurrent Mark
[282.662s][info][gc,marking     ] GC(81) Concurrent Mark From Roots
[282.662s][info][gc,task        ] GC(81) Using 2 workers of 2 for marking
.[284.077s][info][gc,marking     ] GC(81) Concurrent Mark From Roots 1415.148ms
[284.077s][info][gc,marking     ] GC(81) Concurrent Preclean
[284.078s][info][gc,marking     ] GC(81) Concurrent Preclean 0.064ms
[284.081s][info][gc,start       ] GC(81) Pause Remark
[284.088s][info][gc             ] GC(81) Pause Remark 3257M->3257M(4096M) 6.782ms
[284.088s][info][gc,cpu         ] GC(81) User=0.03s Sys=0.00s Real=0.01s
[284.088s][info][gc,marking     ] GC(81) Concurrent Mark 1425.715ms
[284.088s][info][gc,marking     ] GC(81) Concurrent Rebuild Remembered Sets and Scrub Regions
[284.490s][info][gc,start       ] GC(82) Pause Young (Normal) (G1 Evacuation Pause)
[284.490s][info][gc,task        ] GC(82) Using 6 workers of 6 for evacuation
[284.599s][info][gc,phases      ] GC(82)   Pre Evacuate Collection Set: 0.33ms
[284.599s][info][gc,phases      ] GC(82)   Merge Heap Roots: 0.56ms
[284.599s][info][gc,phases      ] GC(82)   Evacuate Collection Set: 107.22ms
[284.599s][info][gc,phases      ] GC(82)   Post Evacuate Collection Set: 0.98ms
[284.599s][info][gc,phases      ] GC(82)   Other: 0.09ms
[284.599s][info][gc,heap        ] GC(82) Eden regions: 1073->0(1043)
[284.599s][info][gc,heap        ] GC(82) Survivor regions: 82->78(145)
[284.599s][info][gc,heap        ] GC(82) Old regions: 606->651
[284.599s][info][gc,heap        ] GC(82) Humongous regions: 77->77
[284.599s][info][gc,metaspace   ] GC(82) Metaspace: 28763K(29056K)->28763K(29056K) NonClass: 23881K(24000K)->23881K(24000K) Class: 4882K(5056K)->4882K(5056K)
[284.599s][info][gc             ] GC(82) Pause Young (Normal) (G1 Evacuation Pause) 3673M->1609M(4096M) 109.309ms
[284.599s][info][gc,cpu         ] GC(82) User=0.65s Sys=0.00s Real=0.11s
[284.629s][info][gc,marking     ] GC(81) Concurrent Rebuild Remembered Sets and Scrub Regions 540.922ms
[284.629s][info][gc,start       ] GC(81) Pause Cleanup
[284.629s][info][gc             ] GC(81) Pause Cleanup 1652M->1652M(4096M) 0.172ms
[284.629s][info][gc,cpu         ] GC(81) User=0.00s Sys=0.00s Real=0.00s
[284.629s][info][gc,marking     ] GC(81) Concurrent Clear Claimed Marks
[284.629s][info][gc,marking     ] GC(81) Concurrent Clear Claimed Marks 0.028ms
[284.629s][info][gc,marking     ] GC(81) Concurrent Cleanup for Next Mark
[284.634s][info][gc,marking     ] GC(81) Concurrent Cleanup for Next Mark 4.794ms
[284.634s][info][gc             ] GC(81) Concurrent Mark Cycle 2168.475ms
.[285.976s][info][gc,start       ] GC(83) Pause Young (Prepare Mixed) (G1 Evacuation Pause)
[285.976s][info][gc,task        ] GC(83) Using 6 workers of 6 for evacuation
[286.079s][info][gc,phases      ] GC(83)   Pre Evacuate Collection Set: 0.33ms
[286.079s][info][gc,phases      ] GC(83)   Merge Heap Roots: 0.51ms
[286.079s][info][gc,phases      ] GC(83)   Evacuate Collection Set: 100.61ms
[286.079s][info][gc,phases      ] GC(83)   Post Evacuate Collection Set: 0.79ms
[286.079s][info][gc,phases      ] GC(83)   Other: 0.08ms
[286.079s][info][gc,heap        ] GC(83) Eden regions: 1043->0(1015)
[286.079s][info][gc,heap        ] GC(83) Survivor regions: 78->67(141)
[286.079s][info][gc,heap        ] GC(83) Old regions: 651->699
[286.079s][info][gc,heap        ] GC(83) Humongous regions: 77->77
[286.079s][info][gc,metaspace   ] GC(83) Metaspace: 28764K(29056K)->28764K(29056K) NonClass: 23881K(24000K)->23881K(24000K) Class: 4882K(5056K)->4882K(5056K)
[286.079s][info][gc             ] GC(83) Pause Young (Prepare Mixed) (G1 Evacuation Pause) 3695M->1683M(4096M) 102.440ms
[286.079s][info][gc,cpu         ] GC(83) User=0.61s Sys=0.00s Real=0.10s
..[287.384s][info][gc,start       ] GC(84) Pause Young (Mixed) (G1 Evacuation Pause)
[287.384s][info][gc,task        ] GC(84) Using 6 workers of 6 for evacuation
[287.510s][info][gc,phases      ] GC(84)   Pre Evacuate Collection Set: 0.43ms
[287.510s][info][gc,phases      ] GC(84)   Merge Heap Roots: 0.94ms
[287.510s][info][gc,phases      ] GC(84)   Evacuate Collection Set: 123.18ms
[287.510s][info][gc,phases      ] GC(84)   Post Evacuate Collection Set: 0.95ms
[287.510s][info][gc,phases      ] GC(84)   Other: 0.82ms
[287.510s][info][gc,heap        ] GC(84) Eden regions: 1015->0(1096)
[287.510s][info][gc,heap        ] GC(84) Survivor regions: 67->115(136)
[287.510s][info][gc,heap        ] GC(84) Old regions: 699->542
[287.510s][info][gc,heap        ] GC(84) Humongous regions: 77->77
[287.510s][info][gc,metaspace   ] GC(84) Metaspace: 28764K(29056K)->28764K(29056K) NonClass: 23881K(24000K)->23881K(24000K) Class: 4882K(5056K)->4882K(5056K)
[287.510s][info][gc             ] GC(84) Pause Young (Mixed) (G1 Evacuation Pause) 3713M->1466M(4096M) 126.450ms
[287.510s][info][gc,cpu         ] GC(84) User=0.75s Sys=0.00s Real=0.13s
.[288.967s][info][gc,start       ] GC(85) Pause Young (Concurrent Start) (G1 Evacuation Pause)
[288.967s][info][gc,task        ] GC(85) Using 6 workers of 6 for evacuation
[289.093s][info][gc,phases      ] GC(85)   Pre Evacuate Collection Set: 0.38ms
[289.093s][info][gc,phases      ] GC(85)   Merge Heap Roots: 0.47ms
[289.093s][info][gc,phases      ] GC(85)   Evacuate Collection Set: 123.97ms
[289.093s][info][gc,phases      ] GC(85)   Post Evacuate Collection Set: 0.87ms
[289.093s][info][gc,phases      ] GC(85)   Other: 0.13ms
[289.093s][info][gc,heap        ] GC(85) Eden regions: 1096->0(1057)
[289.093s][info][gc,heap        ] GC(85) Survivor regions: 115->118(152)
[289.093s][info][gc,heap        ] GC(85) Old regions: 542->575
[289.093s][info][gc,heap        ] GC(85) Humongous regions: 77->77
[289.093s][info][gc,metaspace   ] GC(85) Metaspace: 28764K(29056K)->28764K(29056K) NonClass: 23881K(24000K)->23881K(24000K) Class: 4882K(5056K)->4882K(5056K)
[289.093s][info][gc             ] GC(85) Pause Young (Concurrent Start) (G1 Evacuation Pause) 3658M->1538M(4096M) 125.955ms
[289.093s][info][gc             ] GC(86) Concurrent Mark Cycle
[289.093s][info][gc,marking     ] GC(86) Concurrent Scan Root Regions
[289.093s][info][gc,cpu         ] GC(85) User=0.75s Sys=0.00s Real=0.12s
[289.281s][info][gc,marking     ] GC(86) Concurrent Scan Root Regions 188.573ms
[289.281s][info][gc,marking     ] GC(86) Concurrent Mark
[289.281s][info][gc,marking     ] GC(86) Concurrent Mark From Roots
[289.281s][info][gc,task        ] GC(86) Using 2 workers of 2 for marking
.[290.705s][info][gc,start       ] GC(87) Pause Young (Normal) (G1 Evacuation Pause)
[290.705s][info][gc,task        ] GC(87) Using 6 workers of 6 for evacuation
[290.854s][info][gc,phases      ] GC(87)   Pre Evacuate Collection Set: 0.28ms
[290.854s][info][gc,phases      ] GC(87)   Merge Heap Roots: 0.48ms
[290.854s][info][gc,phases      ] GC(87)   Evacuate Collection Set: 147.25ms
[290.854s][info][gc,phases      ] GC(87)   Post Evacuate Collection Set: 0.88ms
[290.854s][info][gc,phases      ] GC(87)   Other: 0.08ms
[290.854s][info][gc,heap        ] GC(87) Eden regions: 1057->0(984)
[290.854s][info][gc,heap        ] GC(87) Survivor regions: 118->139(147)
[290.854s][info][gc,heap        ] GC(87) Old regions: 575->606
[290.854s][info][gc,heap        ] GC(87) Humongous regions: 77->77
[290.854s][info][gc,metaspace   ] GC(87) Metaspace: 28764K(29056K)->28764K(29056K) NonClass: 23881K(24000K)->23881K(24000K) Class: 4882K(5056K)->4882K(5056K)
[290.854s][info][gc             ] GC(87) Pause Young (Normal) (G1 Evacuation Pause) 3652M->1642M(4096M) 149.103ms
[290.854s][info][gc,cpu         ] GC(87) User=0.89s Sys=0.00s Real=0.14s
[291.352s][info][gc,marking     ] GC(86) Concurrent Mark From Roots 2071.090ms
[291.352s][info][gc,marking     ] GC(86) Concurrent Preclean
[291.353s][info][gc,marking     ] GC(86) Concurrent Preclean 0.069ms
.[291.355s][info][gc,start       ] GC(86) Pause Remark
[291.358s][info][gc             ] GC(86) Pause Remark 1918M->1918M(4096M) 3.375ms
[291.358s][info][gc,cpu         ] GC(86) User=0.02s Sys=0.00s Real=0.00s
[291.358s][info][gc,marking     ] GC(86) Concurrent Mark 2076.988ms
[291.358s][info][gc,marking     ] GC(86) Concurrent Rebuild Remembered Sets and Scrub Regions
[292.154s][info][gc,marking     ] GC(86) Concurrent Rebuild Remembered Sets and Scrub Regions 795.260ms
[292.155s][info][gc,start       ] GC(86) Pause Cleanup
[292.155s][info][gc             ] GC(86) Pause Cleanup 3254M->3254M(4096M) 0.171ms
[292.155s][info][gc,cpu         ] GC(86) User=0.00s Sys=0.00s Real=0.00s
[292.155s][info][gc,marking     ] GC(86) Concurrent Clear Claimed Marks
[292.155s][info][gc,marking     ] GC(86) Concurrent Clear Claimed Marks 0.033ms
[292.155s][info][gc,marking     ] GC(86) Concurrent Cleanup for Next Mark
[292.162s][info][gc,marking     ] GC(86) Concurrent Cleanup for Next Mark 6.600ms
[292.162s][info][gc             ] GC(86) Concurrent Mark Cycle 3068.985ms
.[292.554s][info][gc,start       ] GC(88) Pause Young (Prepare Mixed) (G1 Evacuation Pause)
[292.554s][info][gc,task        ] GC(88) Using 6 workers of 6 for evacuation
[292.691s][info][gc,phases      ] GC(88)   Pre Evacuate Collection Set: 0.32ms
[292.691s][info][gc,phases      ] GC(88)   Merge Heap Roots: 0.49ms
[292.691s][info][gc,phases      ] GC(88)   Evacuate Collection Set: 135.01ms
[292.691s][info][gc,phases      ] GC(88)   Post Evacuate Collection Set: 0.86ms
[292.691s][info][gc,phases      ] GC(88)   Other: 0.09ms
[292.691s][info][gc,heap        ] GC(88) Eden regions: 984->0(1001)
[292.691s][info][gc,heap        ] GC(88) Survivor regions: 139->64(141)
[292.691s][info][gc,heap        ] GC(88) Old regions: 606->713
[292.691s][info][gc,heap        ] GC(88) Humongous regions: 77->77
[292.691s][info][gc,metaspace   ] GC(88) Metaspace: 28764K(29056K)->28764K(29056K) NonClass: 23881K(24000K)->23881K(24000K) Class: 4882K(5056K)->4882K(5056K)
[292.691s][info][gc             ] GC(88) Pause Young (Prepare Mixed) (G1 Evacuation Pause) 3610M->1706M(4096M) 136.890ms
[292.691s][info][gc,cpu         ] GC(88) User=0.81s Sys=0.00s Real=0.14s
.[294.274s][info][gc,start       ] GC(89) Pause Young (Mixed) (G1 Evacuation Pause)
[294.274s][info][gc,task        ] GC(89) Using 6 workers of 6 for evacuation
[294.428s][info][gc,phases      ] GC(89)   Pre Evacuate Collection Set: 0.39ms
[294.428s][info][gc,phases      ] GC(89)   Merge Heap Roots: 0.63ms
[294.428s][info][gc,phases      ] GC(89)   Evacuate Collection Set: 151.96ms
[294.428s][info][gc,phases      ] GC(89)   Post Evacuate Collection Set: 0.90ms
[294.428s][info][gc,phases      ] GC(89)   Other: 0.09ms
[294.428s][info][gc,heap        ] GC(89) Eden regions: 1001->0(1108)
[294.428s][info][gc,heap        ] GC(89) Survivor regions: 64->104(134)
[294.428s][info][gc,heap        ] GC(89) Old regions: 713->548
[294.428s][info][gc,heap        ] GC(89) Humongous regions: 77->77
[294.428s][info][gc,metaspace   ] GC(89) Metaspace: 28764K(29056K)->28764K(29056K) NonClass: 23881K(24000K)->23881K(24000K) Class: 4882K(5056K)->4882K(5056K)
[294.429s][info][gc             ] GC(89) Pause Young (Mixed) (G1 Evacuation Pause) 3708M->1456M(4096M) 154.109ms
[294.429s][info][gc,cpu         ] GC(89) User=0.64s Sys=0.00s Real=0.15s
. (rIR:aIR:PR = 13837:11687:10811) (tPR = 160038) [IR is under limit] [PR is under limit] 
   294s: Re-initializing (term[295.917s][info][gc,start       ] GC(90) Pause Young (Concurrent Start) (G1 Evacuation Pause)
[295.917s][info][gc,task        ] GC(90) Using 6 workers of 6 for evacuation
[296.033s][info][gc,phases      ] GC(90)   Pre Evacuate Collection Set: 0.33ms
[296.033s][info][gc,phases      ] GC(90)   Merge Heap Roots: 0.47ms
[296.033s][info][gc,phases      ] GC(90)   Evacuate Collection Set: 114.19ms
[296.033s][info][gc,phases      ] GC(90)   Post Evacuate Collection Set: 0.89ms
[296.033s][info][gc,phases      ] GC(90)   Other: 0.10ms
[296.033s][info][gc,heap        ] GC(90) Eden regions: 1108->0(1077)
[296.033s][info][gc,heap        ] GC(90) Survivor regions: 104->107(152)
[296.033s][info][gc,heap        ] GC(90) Old regions: 548->577
[296.033s][info][gc,heap        ] GC(90) Humongous regions: 77->77
[296.033s][info][gc,metaspace   ] GC(90) Metaspace: 28770K(29056K)->28770K(29056K) NonClass: 23887K(24000K)->23887K(24000K) Class: 4882K(5056K)->4882K(5056K)
[296.033s][info][gc             ] GC(90) Pause Young (Concurrent Start) (G1 Evacuation Pause) 3672M->1519M(4096M) 116.123ms
[296.033s][info][gc             ] GC(91) Concurrent Mark Cycle
[296.033s][info][gc,marking     ] GC(91) Concurrent Scan Root Regions
[296.033s][info][gc,cpu         ] GC(90) User=0.69s Sys=0.00s Real=0.11s
[296.179s][info][gc,marking     ] GC(91) Concurrent Scan Root Regions 146.321ms
[296.179s][info][gc,marking     ] GC(91) Concurrent Mark
[296.179s][info][gc,marking     ] GC(91) Concurrent Mark From Roots
[296.179s][info][gc,task        ] GC(91) Using 2 workers of 2 for marking
[297.110s][info][gc,marking     ] GC(91) Concurrent Mark From Roots 930.850ms
[297.110s][info][gc,marking     ] GC(91) Concurrent Preclean
[297.110s][info][gc,marking     ] GC(91) Concurrent Preclean 0.071ms
[297.111s][info][gc,start       ] GC(91) Pause Remark
[297.116s][info][gc             ] GC(91) Pause Remark 2451M->2451M(4096M) 5.085ms
[297.116s][info][gc,cpu         ] GC(91) User=0.03s Sys=0.00s Real=0.01s
[297.116s][info][gc,marking     ] GC(91) Concurrent Mark 936.334ms
[297.116s][info][gc,marking     ] GC(91) Concurrent Rebuild Remembered Sets and Scrub Regions
) [297.266s][info][gc,start       ] GC(92) Pause Full (System.gc())
[297.266s][info][gc,task        ] GC(92) Using 6 workers of 6 for full compaction
[297.270s][info][gc,phases,start] GC(92) Phase 1: Mark live objects
[297.330s][info][gc,phases      ] GC(92) Phase 1: Mark live objects 60.425ms
[297.330s][info][gc,phases,start] GC(92) Phase 2: Prepare compaction
[297.334s][info][gc,phases      ] GC(92) Phase 2: Prepare compaction 3.053ms
[297.334s][info][gc,phases,start] GC(92) Phase 3: Adjust pointers
[297.341s][info][gc,phases      ] GC(92) Phase 3: Adjust pointers 7.316ms
[297.341s][info][gc,phases,start] GC(92) Phase 4: Compact heap
[297.344s][info][gc,phases      ] GC(92) Phase 4: Compact heap 3.064ms
[297.344s][info][gc,phases,start] GC(92) Phase 5: Reset Metadata
[297.348s][info][gc,phases      ] GC(92) Phase 5: Reset Metadata 4.313ms
[297.354s][info][gc,heap        ] GC(92) Eden regions: 546->0(1228)
[297.354s][info][gc,heap        ] GC(92) Survivor regions: 107->0(152)
[297.354s][info][gc,heap        ] GC(92) Old regions: 577->34
[297.354s][info][gc,heap        ] GC(92) Humongous regions: 77->66
[297.354s][info][gc,metaspace   ] GC(92) Metaspace: 28775K(29056K)->28775K(29056K) NonClass: 23893K(24000K)->23893K(24000K) Class: 4882K(5056K)->4882K(5056K)
[297.354s][info][gc             ] GC(92) Pause Full (System.gc()) 2610M->194M(4096M) 88.291ms
[297.354s][info][gc,cpu         ] GC(92) User=0.23s Sys=0.00s Real=0.09s
[297.355s][info][gc,marking     ] GC(91) Concurrent Rebuild Remembered Sets and Scrub Regions 238.673ms
[297.355s][info][gc,marking     ] GC(91) Concurrent Mark Abort
[297.355s][info][gc             ] GC(91) Concurrent Mark Cycle 1321.432ms
(init[297.593s][info][gc,start       ] GC(93) Pause Young (Concurrent Start) (G1 Humongous Allocation)
[297.594s][info][gc,task        ] GC(93) Using 6 workers of 6 for evacuation
[297.607s][info][gc,phases      ] GC(93)   Pre Evacuate Collection Set: 0.33ms
[297.607s][info][gc,phases      ] GC(93)   Merge Heap Roots: 0.03ms
[297.607s][info][gc,phases      ] GC(93)   Evacuate Collection Set: 12.74ms
[297.607s][info][gc,phases      ] GC(93)   Post Evacuate Collection Set: 0.25ms
[297.607s][info][gc,phases      ] GC(93)   Other: 0.06ms
[297.607s][info][gc,heap        ] GC(93) Eden regions: 46->0(1214)
[297.607s][info][gc,heap        ] GC(93) Survivor regions: 0->14(154)
[297.607s][info][gc,heap        ] GC(93) Old regions: 34->34
[297.607s][info][gc,heap        ] GC(93) Humongous regions: 66->66
[297.607s][info][gc,metaspace   ] GC(93) Metaspace: 28785K(29056K)->28785K(29056K) NonClass: 23902K(24000K)->23902K(24000K) Class: 4882K(5056K)->4882K(5056K)
[297.607s][info][gc             ] GC(93) Pause Young (Concurrent Start) (G1 Humongous Allocation) 285M->222M(4096M) 13.546ms
[297.607s][info][gc             ] GC(94) Concurrent Mark Cycle
[297.607s][info][gc,cpu         ] GC(93) User=0.08s Sys=0.00s Real=0.02s
[297.607s][info][gc,marking     ] GC(94) Concurrent Scan Root Regions
[297.619s][info][gc,marking     ] GC(94) Concurrent Scan Root Regions 11.458ms
[297.619s][info][gc,marking     ] GC(94) Concurrent Mark
[297.619s][info][gc,marking     ] GC(94) Concurrent Mark From Roots
[297.619s][info][gc,task        ] GC(94) Using 2 workers of 2 for marking
[297.678s][info][gc,marking     ] GC(94) Concurrent Mark From Roots 59.708ms
[297.678s][info][gc,marking     ] GC(94) Concurrent Preclean
[297.678s][info][gc,marking     ] GC(94) Concurrent Preclean 0.087ms
[297.678s][info][gc,start       ] GC(94) Pause Remark
[297.680s][info][gc             ] GC(94) Pause Remark 353M->353M(4096M) 1.706ms
[297.680s][info][gc,cpu         ] GC(94) User=0.01s Sys=0.00s Real=0.00s
[297.680s][info][gc,marking     ] GC(94) Concurrent Mark 61.677ms
[297.680s][info][gc,marking     ] GC(94) Concurrent Rebuild Remembered Sets and Scrub Regions
[297.704s][info][gc,marking     ] GC(94) Concurrent Rebuild Remembered Sets and Scrub Regions 23.995ms
[297.704s][info][gc,start       ] GC(94) Pause Cleanup
[297.704s][info][gc             ] GC(94) Pause Cleanup 416M->416M(4096M) 0.073ms
[297.704s][info][gc,cpu         ] GC(94) User=0.00s Sys=0.00s Real=0.01s
[297.704s][info][gc,marking     ] GC(94) Concurrent Clear Claimed Marks
[297.704s][info][gc,marking     ] GC(94) Concurrent Clear Claimed Marks 0.034ms
[297.704s][info][gc,marking     ] GC(94) Concurrent Cleanup for Next Mark
[297.709s][info][gc,marking     ] GC(94) Concurrent Cleanup for Next Mark 4.410ms
[297.709s][info][gc             ] GC(94) Concurrent Mark Cycle 101.923ms
) ... OK
   301s: Searching from base IR = 11548
   301s:       rampup IR =      0 ... (rIR:aIR:PR = 0:0:0) (tPR = 0) [OK] 
   304s:       rampup IR =   1155 ...[308.565s][info][gc,start       ] GC(95) Pause Young (Prepare Mixed) (G1 Evacuation Pause)
[308.565s][info][gc,task        ] GC(95) Using 6 workers of 6 for evacuation
[309.044s][info][gc,mmu         ] GC(95) MMU target violated: 201.0ms (200.0ms/201.0ms)
[309.044s][info][gc,phases      ] GC(95)   Pre Evacuate Collection Set: 0.34ms
[309.044s][info][gc,phases      ] GC(95)   Merge Heap Roots: 0.57ms
[309.044s][info][gc,phases      ] GC(95)   Evacuate Collection Set: 476.01ms
[309.044s][info][gc,phases      ] GC(95)   Post Evacuate Collection Set: 1.26ms
[309.044s][info][gc,phases      ] GC(95)   Other: 0.15ms
[309.044s][info][gc,heap        ] GC(95) Eden regions: 1214->0(393)
[309.044s][info][gc,heap        ] GC(95) Survivor regions: 14->154(154)
[309.044s][info][gc,heap        ] GC(95) Old regions: 34->343
[309.044s][info][gc,heap        ] GC(95) Humongous regions: 163->155
[309.044s][info][gc,metaspace   ] GC(95) Metaspace: 28793K(29056K)->28793K(29056K) NonClass: 23909K(24000K)->23909K(24000K) Class: 4883K(5056K)->4883K(5056K)
[309.044s][info][gc             ] GC(95) Pause Young (Prepare Mixed) (G1 Evacuation Pause) 2844M->1297M(4096M) 478.436ms
[309.044s][info][gc,cpu         ] GC(95) User=2.85s Sys=0.01s Real=0.47s
.... (rIR:aIR:PR = 1155:1155:1131) (tPR = 23469) [OK] 
   311s:       rampup IR =   2310 [312.239s][info][gc,start       ] GC(96) Pause Young (Mixed) (G1 Evacuation Pause)
[312.239s][info][gc,task        ] GC(96) Using 6 workers of 6 for evacuation
[312.424s][info][gc,phases      ] GC(96)   Pre Evacuate Collection Set: 0.37ms
[312.424s][info][gc,phases      ] GC(96)   Merge Heap Roots: 0.52ms
[312.424s][info][gc,phases      ] GC(96)   Evacuate Collection Set: 183.92ms
[312.424s][info][gc,phases      ] GC(96)   Post Evacuate Collection Set: 0.55ms
[312.424s][info][gc,phases      ] GC(96)   Other: 0.06ms
[312.424s][info][gc,heap        ] GC(96) Eden regions: 381->0(696)
[312.424s][info][gc,heap        ] GC(96) Survivor regions: 154->22(67)
[312.425s][info][gc,heap        ] GC(96) Old regions: 343->494
[312.425s][info][gc,heap        ] GC(96) Humongous regions: 155->155
[312.425s][info][gc,metaspace   ] GC(96) Metaspace: 28794K(29056K)->28794K(29056K) NonClass: 23910K(24000K)->23910K(24000K) Class: 4883K(5056K)->4883K(5056K)
[312.425s][info][gc             ] GC(96) Pause Young (Mixed) (G1 Evacuation Pause) 2059M->1336M(4096M) 185.586ms
[312.425s][info][gc,cpu         ] GC(96) User=1.10s Sys=0.00s Real=0.19s
...[316.022s][info][gc,start       ] GC(97) Pause Young (Concurrent Start) (G1 Evacuation Pause)
[316.022s][info][gc,task        ] GC(97) Using 6 workers of 6 for evacuation
[316.082s][info][gc,phases      ] GC(97)   Pre Evacuate Collection Set: 0.37ms
[316.082s][info][gc,phases      ] GC(97)   Merge Heap Roots: 0.45ms
[316.082s][info][gc,phases      ] GC(97)   Evacuate Collection Set: 57.84ms
[316.082s][info][gc,phases      ] GC(97)   Post Evacuate Collection Set: 0.70ms
[316.082s][info][gc,phases      ] GC(97)   Other: 0.09ms
[316.082s][info][gc,heap        ] GC(97) Eden regions: 720->0(712)
[316.082s][info][gc,heap        ] GC(97) Survivor regions: 22->57(93)
[316.082s][info][gc,heap        ] GC(97) Old regions: 494->494
[316.082s][info][gc,heap        ] GC(97) Humongous regions: 155->155
[316.082s][info][gc,metaspace   ] GC(97) Metaspace: 28800K(29056K)->28800K(29056K) NonClass: 23916K(24000K)->23916K(24000K) Class: 4883K(5056K)->4883K(5056K)
[316.082s][info][gc             ] GC(97) Pause Young (Concurrent Start) (G1 Evacuation Pause) 2776M->1407M(4096M) 59.580ms
[316.082s][info][gc             ] GC(98) Concurrent Mark Cycle
[316.082s][info][gc,marking     ] GC(98) Concurrent Scan Root Regions
[316.082s][info][gc,cpu         ] GC(97) User=0.35s Sys=0.00s Real=0.06s
. (rIR:aIR:PR = 2310:2257:2210) (tPR = 39041) [OK] 
   315s:       rampup IR =   3464 [316.137s][info][gc,marking     ] GC(98) Concurrent Scan Root Regions 54.921ms
[316.137s][info][gc,marking     ] GC(98) Concurrent Mark
[316.137s][info][gc,marking     ] GC(98) Concurrent Mark From Roots
[316.137s][info][gc,task        ] GC(98) Using 2 workers of 2 for marking
[316.876s][info][gc,marking     ] GC(98) Concurrent Mark From Roots 738.958ms
[316.876s][info][gc,marking     ] GC(98) Concurrent Preclean
[316.876s][info][gc,marking     ] GC(98) Concurrent Preclean 0.049ms
[316.876s][info][gc,start       ] GC(98) Pause Remark
[316.886s][info][gc             ] GC(98) Pause Remark 2012M->1800M(4096M) 9.769ms
[316.886s][info][gc,cpu         ] GC(98) User=0.06s Sys=0.00s Real=0.01s
[316.886s][info][gc,marking     ] GC(98) Concurrent Mark 749.011ms
[316.886s][info][gc,marking     ] GC(98) Concurrent Rebuild Remembered Sets and Scrub Regions
.[317.124s][info][gc,marking     ] GC(98) Concurrent Rebuild Remembered Sets and Scrub Regions 238.471ms
[317.124s][info][gc,start       ] GC(98) Pause Cleanup
[317.124s][info][gc             ] GC(98) Pause Cleanup 1949M->1949M(4096M) 0.104ms
[317.124s][info][gc,cpu         ] GC(98) User=0.00s Sys=0.00s Real=0.01s
[317.125s][info][gc,marking     ] GC(98) Concurrent Clear Claimed Marks
[317.125s][info][gc,marking     ] GC(98) Concurrent Clear Claimed Marks 0.030ms
[317.125s][info][gc,marking     ] GC(98) Concurrent Cleanup for Next Mark
[317.128s][info][gc,marking     ] GC(98) Concurrent Cleanup for Next Mark 3.343ms
[317.128s][info][gc             ] GC(98) Concurrent Mark Cycle 1046.220ms
[318.000s][info][gc,start       ] GC(99) Pause Young (Prepare Mixed) (G1 Evacuation Pause)
[318.000s][info][gc,task        ] GC(99) Using 6 workers of 6 for evacuation
[318.079s][info][gc,phases      ] GC(99)   Pre Evacuate Collection Set: 0.33ms
[318.079s][info][gc,phases      ] GC(99)   Merge Heap Roots: 0.52ms
[318.079s][info][gc,phases      ] GC(99)   Evacuate Collection Set: 77.54ms
[318.079s][info][gc,phases      ] GC(99)   Post Evacuate Collection Set: 0.75ms
[318.079s][info][gc,phases      ] GC(99)   Other: 0.07ms
[318.079s][info][gc,heap        ] GC(99) Eden regions: 702->0(724)
[318.079s][info][gc,heap        ] GC(99) Survivor regions: 57->72(95)
[318.079s][info][gc,heap        ] GC(99) Old regions: 468->484
[318.079s][info][gc,heap        ] GC(99) Humongous regions: 75->75
[318.079s][info][gc,metaspace   ] GC(99) Metaspace: 28800K(29056K)->28800K(29056K) NonClass: 23916K(24000K)->23916K(24000K) Class: 4883K(5056K)->4883K(5056K)
[318.079s][info][gc             ] GC(99) Pause Young (Prepare Mixed) (G1 Evacuation Pause) 2599M->1257M(4096M) 79.355ms
[318.079s][info][gc,cpu         ] GC(99) User=0.47s Sys=0.00s Real=0.08s
...[320.954s][info][gc,start       ] GC(100) Pause Young (Mixed) (G1 Evacuation Pause)
[320.954s][info][gc,task        ] GC(100) Using 6 workers of 6 for evacuation
[321.043s][info][gc,phases      ] GC(100)   Pre Evacuate Collection Set: 0.36ms
[321.043s][info][gc,phases      ] GC(100)   Merge Heap Roots: 0.40ms
[321.043s][info][gc,phases      ] GC(100)   Evacuate Collection Set: 87.84ms
[321.043s][info][gc,phases      ] GC(100)   Merge Optional Heap Roots: 0.05ms
[321.043s][info][gc,phases      ] GC(100)   Evacuate Optional Collection Set: 0.16ms
[321.043s][info][gc,phases      ] GC(100)   Post Evacuate Collection Set: 0.79ms
[321.043s][info][gc,phases      ] GC(100)   Other: 0.08ms
[321.043s][info][gc,heap        ] GC(100) Eden regions: 846->0(953)
[321.043s][info][gc,heap        ] GC(100) Survivor regions: 72->77(115)
[321.043s][info][gc,heap        ] GC(100) Old regions: 484->507
[321.043s][info][gc,heap        ] GC(100) Humongous regions: 75->75
[321.044s][info][gc,metaspace   ] GC(100) Metaspace: 28800K(29056K)->28800K(29056K) NonClass: 23916K(24000K)->23916K(24000K) Class: 4883K(5056K)->4883K(5056K)
[321.044s][info][gc             ] GC(100) Pause Young (Mixed) (G1 Evacuation Pause) 2949M->1313M(4096M) 89.808ms
[321.044s][info][gc,cpu         ] GC(100) User=0.53s Sys=0.01s Real=0.09s
... (rIR:aIR:PR = 3464:3563:3514) (tPR = 61202) [OK] 
   322s:       rampup IR =   4619 .[324.224s][info][gc,start       ] GC(101) Pause Young (Mixed) (G1 Evacuation Pause)
[324.224s][info][gc,task        ] GC(101) Using 6 workers of 6 for evacuation
[324.324s][info][gc,phases      ] GC(101)   Pre Evacuate Collection Set: 0.35ms
[324.324s][info][gc,phases      ] GC(101)   Merge Heap Roots: 0.41ms
[324.324s][info][gc,phases      ] GC(101)   Evacuate Collection Set: 97.90ms
[324.324s][info][gc,phases      ] GC(101)   Post Evacuate Collection Set: 0.90ms
[324.324s][info][gc,phases      ] GC(101)   Other: 0.08ms
[324.324s][info][gc,heap        ] GC(101) Eden regions: 1037->0(1062)
[324.324s][info][gc,heap        ] GC(101) Survivor regions: 77->89(140)
[324.324s][info][gc,heap        ] GC(101) Old regions: 507->529
[324.324s][info][gc,heap        ] GC(101) Humongous regions: 77->77
[324.324s][info][gc,metaspace   ] GC(101) Metaspace: 28800K(29056K)->28800K(29056K) NonClass: 23916K(24000K)->23916K(24000K) Class: 4883K(5056K)->4883K(5056K)
[324.324s][info][gc             ] GC(101) Pause Young (Mixed) (G1 Evacuation Pause) 3391M->1386M(4096M) 99.780ms
[324.324s][info][gc,cpu         ] GC(101) User=0.59s Sys=0.00s Real=0.10s
..[327.039s][info][gc,start       ] GC(102) Pause Young (Mixed) (G1 Evacuation Pause)
[327.039s][info][gc,task        ] GC(102) Using 6 workers of 6 for evacuation
[327.152s][info][gc,phases      ] GC(102)   Pre Evacuate Collection Set: 0.37ms
[327.152s][info][gc,phases      ] GC(102)   Merge Heap Roots: 0.46ms
[327.152s][info][gc,phases      ] GC(102)   Evacuate Collection Set: 110.26ms
[327.152s][info][gc,phases      ] GC(102)   Merge Optional Heap Roots: 0.02ms
[327.152s][info][gc,phases      ] GC(102)   Evacuate Optional Collection Set: 0.46ms
[327.152s][info][gc,phases      ] GC(102)   Post Evacuate Collection Set: 0.96ms
[327.152s][info][gc,phases      ] GC(102)   Other: 0.09ms
[327.152s][info][gc,heap        ] GC(102) Eden regions: 1062->0(1071)
[327.152s][info][gc,heap        ] GC(102) Survivor regions: 89->99(144)
[327.152s][info][gc,heap        ] GC(102) Old regions: 529->539
[327.152s][info][gc,heap        ] GC(102) Humongous regions: 77->77
[327.152s][info][gc,metaspace   ] GC(102) Metaspace: 28803K(29056K)->28803K(29056K) NonClass: 23919K(24000K)->23919K(24000K) Class: 4883K(5056K)->4883K(5056K)
[327.152s][info][gc             ] GC(102) Pause Young (Mixed) (G1 Evacuation Pause) 3510M->1426M(4096M) 112.770ms
[327.152s][info][gc,cpu         ] GC(102) User=0.67s Sys=0.00s Real=0.11s
. (rIR:aIR:PR = 4619:4486:4490) (tPR = 72953) [OK] 
   326s:       rampup IR =   5774 ..[329.672s][info][gc,start       ] GC(103) Pause Young (Mixed) (G1 Evacuation Pause)
[329.672s][info][gc,task        ] GC(103) Using 6 workers of 6 for evacuation
[329.791s][info][gc,phases      ] GC(103)   Pre Evacuate Collection Set: 0.35ms
[329.791s][info][gc,phases      ] GC(103)   Merge Heap Roots: 0.46ms
[329.791s][info][gc,phases      ] GC(103)   Evacuate Collection Set: 116.98ms
[329.791s][info][gc,phases      ] GC(103)   Post Evacuate Collection Set: 1.00ms
[329.791s][info][gc,phases      ] GC(103)   Other: 0.08ms
[329.791s][info][gc,heap        ] GC(103) Eden regions: 1071->0(1059)
[329.791s][info][gc,heap        ] GC(103) Survivor regions: 99->106(147)
[329.791s][info][gc,heap        ] GC(103) Old regions: 539->570
[329.791s][info][gc,heap        ] GC(103) Humongous regions: 77->77
[329.791s][info][gc,metaspace   ] GC(103) Metaspace: 28806K(29056K)->28806K(29056K) NonClass: 23923K(24000K)->23923K(24000K) Class: 4883K(5056K)->4883K(5056K)
[329.791s][info][gc             ] GC(103) Pause Young (Mixed) (G1 Evacuation Pause) 3568M->1502M(4096M) 119.005ms
[329.791s][info][gc,cpu         ] GC(103) User=0.71s Sys=0.00s Real=0.12s
.. (rIR:aIR:PR = 5774:5811:5814) (tPR = 90836) [OK] 
   331s:       rampup IR =   6929 .[332.350s][info][gc,start       ] GC(104) Pause Young (Concurrent Start) (G1 Evacuation Pause)
[332.350s][info][gc,task        ] GC(104) Using 6 workers of 6 for evacuation
[332.469s][info][gc,phases      ] GC(104)   Pre Evacuate Collection Set: 0.40ms
[332.469s][info][gc,phases      ] GC(104)   Merge Heap Roots: 0.44ms
[332.469s][info][gc,phases      ] GC(104)   Evacuate Collection Set: 116.61ms
[332.469s][info][gc,phases      ] GC(104)   Post Evacuate Collection Set: 1.01ms
[332.469s][info][gc,phases      ] GC(104)   Other: 0.12ms
[332.469s][info][gc,heap        ] GC(104) Eden regions: 1059->0(1043)
[332.469s][info][gc,heap        ] GC(104) Survivor regions: 106->107(146)
[332.469s][info][gc,heap        ] GC(104) Old regions: 570->605
[332.469s][info][gc,heap        ] GC(104) Humongous regions: 77->77
[332.469s][info][gc,metaspace   ] GC(104) Metaspace: 28806K(29056K)->28806K(29056K) NonClass: 23923K(24000K)->23923K(24000K) Class: 4883K(5056K)->4883K(5056K)
[332.469s][info][gc             ] GC(104) Pause Young (Concurrent Start) (G1 Evacuation Pause) 3620M->1575M(4096M) 118.716ms
[332.469s][info][gc             ] GC(105) Concurrent Mark Cycle
[332.469s][info][gc,marking     ] GC(105) Concurrent Scan Root Regions
[332.469s][info][gc,cpu         ] GC(104) User=0.70s Sys=0.00s Real=0.12s
[332.674s][info][gc,marking     ] GC(105) Concurrent Scan Root Regions 205.642ms
[332.675s][info][gc,marking     ] GC(105) Concurrent Mark
[332.675s][info][gc,marking     ] GC(105) Concurrent Mark From Roots
[332.675s][info][gc,task        ] GC(105) Using 2 workers of 2 for marking
.[333.547s][info][gc,marking     ] GC(105) Concurrent Mark From Roots 872.826ms
[333.547s][info][gc,marking     ] GC(105) Concurrent Preclean
[333.548s][info][gc,marking     ] GC(105) Concurrent Preclean 0.119ms
[333.551s][info][gc,start       ] GC(105) Pause Remark
[333.559s][info][gc             ] GC(105) Pause Remark 2587M->2587M(4096M) 8.081ms
[333.559s][info][gc,cpu         ] GC(105) User=0.05s Sys=0.01s Real=0.01s
[333.559s][info][gc,marking     ] GC(105) Concurrent Mark 884.281ms
[333.559s][info][gc,marking     ] GC(105) Concurrent Rebuild Remembered Sets and Scrub Regions
[333.887s][info][gc,marking     ] GC(105) Concurrent Rebuild Remembered Sets and Scrub Regions 328.167ms
[333.889s][info][gc,start       ] GC(105) Pause Cleanup
[333.889s][info][gc             ] GC(105) Pause Cleanup 2911M->2911M(4096M) 0.220ms
[333.889s][info][gc,cpu         ] GC(105) User=0.00s Sys=0.00s Real=0.00s
[333.889s][info][gc,marking     ] GC(105) Concurrent Clear Claimed Marks
[333.889s][info][gc,marking     ] GC(105) Concurrent Clear Claimed Marks 0.031ms
[333.889s][info][gc,marking     ] GC(105) Concurrent Cleanup for Next Mark
[333.900s][info][gc,marking     ] GC(105) Concurrent Cleanup for Next Mark 10.853ms
[333.900s][info][gc             ] GC(105) Concurrent Mark Cycle 1431.278ms
.[334.735s][info][gc,start       ] GC(106) Pause Young (Prepare Mixed) (G1 Evacuation Pause)
[334.735s][info][gc,task        ] GC(106) Using 6 workers of 6 for evacuation
[334.859s][info][gc,phases      ] GC(106)   Pre Evacuate Collection Set: 0.36ms
[334.859s][info][gc,phases      ] GC(106)   Merge Heap Roots: 0.57ms
[334.859s][info][gc,phases      ] GC(106)   Evacuate Collection Set: 121.86ms
[334.859s][info][gc,phases      ] GC(106)   Post Evacuate Collection Set: 1.01ms
[334.859s][info][gc,phases      ] GC(106)   Other: 0.10ms
[334.859s][info][gc,heap        ] GC(106) Eden regions: 1043->0(1009)
[334.859s][info][gc,heap        ] GC(106) Survivor regions: 107->110(144)
[334.859s][info][gc,heap        ] GC(106) Old regions: 605->639
[334.859s][info][gc,heap        ] GC(106) Humongous regions: 77->77
[334.859s][info][gc,metaspace   ] GC(106) Metaspace: 28806K(29056K)->28806K(29056K) NonClass: 23923K(24000K)->23923K(24000K) Class: 4883K(5056K)->4883K(5056K)
[334.859s][info][gc             ] GC(106) Pause Young (Prepare Mixed) (G1 Evacuation Pause) 3661M->1647M(4096M) 124.026ms
[334.859s][info][gc,cpu         ] GC(106) User=0.74s Sys=0.00s Real=0.12s
. (rIR:aIR:PR = 6929:6935:6930) (tPR = 104838) [OK] 
   335s:       rampup IR =   8084 .[336.871s][info][gc,start       ] GC(107) Pause Young (Mixed) (G1 Evacuation Pause)
[336.871s][info][gc,task        ] GC(107) Using 6 workers of 6 for evacuation
[336.999s][info][gc,phases      ] GC(107)   Pre Evacuate Collection Set: 0.42ms
[336.999s][info][gc,phases      ] GC(107)   Merge Heap Roots: 0.60ms
[336.999s][info][gc,phases      ] GC(107)   Evacuate Collection Set: 125.61ms
[336.999s][info][gc,phases      ] GC(107)   Post Evacuate Collection Set: 1.09ms
[336.999s][info][gc,phases      ] GC(107)   Other: 0.10ms
[336.999s][info][gc,heap        ] GC(107) Eden regions: 1009->0(1124)
[336.999s][info][gc,heap        ] GC(107) Survivor regions: 110->104(140)
[336.999s][info][gc,heap        ] GC(107) Old regions: 639->486
[336.999s][info][gc,heap        ] GC(107) Humongous regions: 77->77
[336.999s][info][gc,metaspace   ] GC(107) Metaspace: 28807K(29120K)->28807K(29120K) NonClass: 23924K(24064K)->23924K(24064K) Class: 4883K(5056K)->4883K(5056K)
[336.999s][info][gc             ] GC(107) Pause Young (Mixed) (G1 Evacuation Pause) 3665M->1330M(4096M) 127.956ms
[336.999s][info][gc,cpu         ] GC(107) User=0.76s Sys=0.00s Real=0.13s
..[339.125s][info][gc,start       ] GC(108) Pause Young (Mixed) (G1 Evacuation Pause)
[339.125s][info][gc,task        ] GC(108) Using 6 workers of 6 for evacuation
[339.250s][info][gc,phases      ] GC(108)   Pre Evacuate Collection Set: 0.36ms
[339.250s][info][gc,phases      ] GC(108)   Merge Heap Roots: 0.62ms
[339.250s][info][gc,phases      ] GC(108)   Evacuate Collection Set: 122.44ms
[339.250s][info][gc,phases      ] GC(108)   Post Evacuate Collection Set: 0.96ms
[339.250s][info][gc,phases      ] GC(108)   Other: 0.10ms
[339.250s][info][gc,heap        ] GC(108) Eden regions: 1124->0(1120)
[339.250s][info][gc,heap        ] GC(108) Survivor regions: 104->108(154)
[339.250s][info][gc,heap        ] GC(108) Old regions: 486->491
[339.250s][info][gc,heap        ] GC(108) Humongous regions: 77->77
[339.250s][info][gc,metaspace   ] GC(108) Metaspace: 28807K(29120K)->28807K(29120K) NonClass: 23924K(24064K)->23924K(24064K) Class: 4883K(5056K)->4883K(5056K)
[339.250s][info][gc             ] GC(108) Pause Young (Mixed) (G1 Evacuation Pause) 3578M->1349M(4096M) 124.611ms
[339.250s][info][gc,cpu         ] GC(108) User=0.75s Sys=0.00s Real=0.12s
. (rIR:aIR:PR = 8084:8121:7860) (tPR = 120545) [OK] 
   339s:       rampup IR =   9238 .[341.152s][info][gc,start       ] GC(109) Pause Young (Concurrent Start) (G1 Evacuation Pause)
[341.152s][info][gc,task        ] GC(109) Using 6 workers of 6 for evacuation
[341.272s][info][gc,phases      ] GC(109)   Pre Evacuate Collection Set: 0.40ms
[341.272s][info][gc,phases      ] GC(109)   Merge Heap Roots: 0.48ms
[341.272s][info][gc,phases      ] GC(109)   Evacuate Collection Set: 117.97ms
[341.272s][info][gc,phases      ] GC(109)   Post Evacuate Collection Set: 0.96ms
[341.272s][info][gc,phases      ] GC(109)   Other: 0.12ms
[341.272s][info][gc,heap        ] GC(109) Eden regions: 1120->0(1118)
[341.272s][info][gc,heap        ] GC(109) Survivor regions: 108->110(154)
[341.272s][info][gc,heap        ] GC(109) Old regions: 491->523
[341.272s][info][gc,heap        ] GC(109) Humongous regions: 77->77
[341.272s][info][gc,metaspace   ] GC(109) Metaspace: 28807K(29120K)->28807K(29120K) NonClass: 23924K(24064K)->23924K(24064K) Class: 4883K(5056K)->4883K(5056K)
[341.272s][info][gc             ] GC(109) Pause Young (Concurrent Start) (G1 Evacuation Pause) 3589M->1417M(4096M) 120.089ms
[341.272s][info][gc             ] GC(110) Concurrent Mark Cycle
[341.272s][info][gc,marking     ] GC(110) Concurrent Scan Root Regions
[341.272s][info][gc,cpu         ] GC(109) User=0.71s Sys=0.01s Real=0.12s
.[341.412s][info][gc,marking     ] GC(110) Concurrent Scan Root Regions 140.047ms
[341.412s][info][gc,marking     ] GC(110) Concurrent Mark
[341.412s][info][gc,marking     ] GC(110) Concurrent Mark From Roots
[341.412s][info][gc,task        ] GC(110) Using 2 workers of 2 for marking
[342.359s][info][gc,marking     ] GC(110) Concurrent Mark From Roots 946.948ms
[342.359s][info][gc,marking     ] GC(110) Concurrent Preclean
[342.360s][info][gc,marking     ] GC(110) Concurrent Preclean 0.098ms
[342.360s][info][gc,start       ] GC(110) Pause Remark
[342.365s][info][gc             ] GC(110) Pause Remark 2471M->2471M(4096M) 5.710ms
[342.365s][info][gc,cpu         ] GC(110) User=0.03s Sys=0.00s Real=0.01s
[342.366s][info][gc,marking     ] GC(110) Concurrent Mark 953.430ms
[342.366s][info][gc,marking     ] GC(110) Concurrent Rebuild Remembered Sets and Scrub Regions
.[342.747s][info][gc,marking     ] GC(110) Concurrent Rebuild Remembered Sets and Scrub Regions 380.979ms
[342.748s][info][gc,start       ] GC(110) Pause Cleanup
[342.748s][info][gc             ] GC(110) Pause Cleanup 2951M->2951M(4096M) 0.163ms
[342.748s][info][gc,cpu         ] GC(110) User=0.00s Sys=0.00s Real=0.00s
[342.748s][info][gc,marking     ] GC(110) Concurrent Clear Claimed Marks
[342.748s][info][gc,marking     ] GC(110) Concurrent Clear Claimed Marks 0.039ms
[342.748s][info][gc,marking     ] GC(110) Concurrent Cleanup for Next Mark
[342.755s][info][gc,marking     ] GC(110) Concurrent Cleanup for Next Mark 6.439ms
[342.755s][info][gc             ] GC(110) Concurrent Mark Cycle 1482.560ms
[343.213s][info][gc,start       ] GC(111) Pause Young (Prepare Mixed) (G1 Evacuation Pause)
[343.213s][info][gc,task        ] GC(111) Using 6 workers of 6 for evacuation
[343.386s][info][gc,phases      ] GC(111)   Pre Evacuate Collection Set: 0.32ms
[343.386s][info][gc,phases      ] GC(111)   Merge Heap Roots: 0.60ms
[343.386s][info][gc,phases      ] GC(111)   Evacuate Collection Set: 170.55ms
[343.386s][info][gc,phases      ] GC(111)   Post Evacuate Collection Set: 1.03ms
[343.386s][info][gc,phases      ] GC(111)   Other: 0.09ms
[343.386s][info][gc,heap        ] GC(111) Eden regions: 1118->0(1082)
[343.386s][info][gc,heap        ] GC(111) Survivor regions: 110->115(154)
[343.386s][info][gc,heap        ] GC(111) Old regions: 523->556
[343.386s][info][gc,heap        ] GC(111) Humongous regions: 77->77
[343.386s][info][gc,metaspace   ] GC(111) Metaspace: 28807K(29120K)->28807K(29120K) NonClass: 23924K(24064K)->23924K(24064K) Class: 4883K(5056K)->4883K(5056K)
[343.386s][info][gc             ] GC(111) Pause Young (Prepare Mixed) (G1 Evacuation Pause) 3653M->1492M(4096M) 172.731ms
[343.386s][info][gc,cpu         ] GC(111) User=0.76s Sys=0.00s Real=0.18s
..[345.145s][info][gc,start       ] GC(112) Pause Young (Mixed) (G1 Evacuation Pause)
[345.145s][info][gc,task        ] GC(112) Using 6 workers of 6 for evacuation
[345.293s][info][gc,phases      ] GC(112)   Pre Evacuate Collection Set: 0.37ms
[345.293s][info][gc,phases      ] GC(112)   Merge Heap Roots: 0.67ms
[345.293s][info][gc,phases      ] GC(112)   Evacuate Collection Set: 142.64ms
[345.293s][info][gc,phases      ] GC(112)   Merge Optional Heap Roots: 0.13ms
[345.293s][info][gc,phases      ] GC(112)   Evacuate Optional Collection Set: 2.78ms
[345.293s][info][gc,phases      ] GC(112)   Post Evacuate Collection Set: 1.07ms
[345.293s][info][gc,phases      ] GC(112)   Other: 0.11ms
[345.293s][info][gc,heap        ] GC(112) Eden regions: 1082->0(1116)
[345.293s][info][gc,heap        ] GC(112) Survivor regions: 115->112(150)
[345.293s][info][gc,heap        ] GC(112) Old regions: 556->462
[345.293s][info][gc,heap        ] GC(112) Humongous regions: 77->77
[345.293s][info][gc,metaspace   ] GC(112) Metaspace: 28809K(29120K)->28809K(29120K) NonClass: 23925K(24064K)->23925K(24064K) Class: 4883K(5056K)->4883K(5056K)
[345.293s][info][gc             ] GC(112) Pause Young (Mixed) (G1 Evacuation Pause) 3656M->1299M(4096M) 147.916ms
[345.293s][info][gc,cpu         ] GC(112) User=0.88s Sys=0.00s Real=0.14s
.. (rIR:aIR:PR = 9238:9124:9124) (tPR = 139128) [OK] 
   346s:       rampup IR =  10393 [347.175s][info][gc,start       ] GC(113) Pause Young (Concurrent Start) (G1 Evacuation Pause)
[347.175s][info][gc,task        ] GC(113) Using 6 workers of 6 for evacuation
[347.300s][info][gc,phases      ] GC(113)   Pre Evacuate Collection Set: 0.37ms
[347.300s][info][gc,phases      ] GC(113)   Merge Heap Roots: 0.51ms
[347.300s][info][gc,phases      ] GC(113)   Evacuate Collection Set: 123.54ms
[347.300s][info][gc,phases      ] GC(113)   Post Evacuate Collection Set: 0.94ms
[347.300s][info][gc,phases      ] GC(113)   Other: 0.11ms
[347.300s][info][gc,heap        ] GC(113) Eden regions: 1116->0(1116)
[347.300s][info][gc,heap        ] GC(113) Survivor regions: 112->112(154)
[347.300s][info][gc,heap        ] GC(113) Old regions: 462->496
[347.300s][info][gc,heap        ] GC(113) Humongous regions: 77->77
[347.300s][info][gc,metaspace   ] GC(113) Metaspace: 28812K(29120K)->28812K(29120K) NonClass: 23928K(24064K)->23928K(24064K) Class: 4883K(5056K)->4883K(5056K)
[347.300s][info][gc             ] GC(113) Pause Young (Concurrent Start) (G1 Evacuation Pause) 3531M->1367M(4096M) 125.597ms
[347.300s][info][gc             ] GC(114) Concurrent Mark Cycle
[347.300s][info][gc,marking     ] GC(114) Concurrent Scan Root Regions
[347.300s][info][gc,cpu         ] GC(113) User=0.75s Sys=0.00s Real=0.12s
[347.489s][info][gc,marking     ] GC(114) Concurrent Scan Root Regions 188.745ms
[347.489s][info][gc,marking     ] GC(114) Concurrent Mark
[347.489s][info][gc,marking     ] GC(114) Concurrent Mark From Roots
[347.489s][info][gc,task        ] GC(114) Using 2 workers of 2 for marking
.[348.481s][info][gc,marking     ] GC(114) Concurrent Mark From Roots 992.163ms
[348.481s][info][gc,marking     ] GC(114) Concurrent Preclean
[348.481s][info][gc,marking     ] GC(114) Concurrent Preclean 0.133ms
[348.483s][info][gc,start       ] GC(114) Pause Remark
[348.489s][info][gc             ] GC(114) Pause Remark 2533M->2533M(4096M) 6.472ms
[348.489s][info][gc,cpu         ] GC(114) User=0.04s Sys=0.00s Real=0.01s
[348.490s][info][gc,marking     ] GC(114) Concurrent Mark 1000.626ms
[348.490s][info][gc,marking     ] GC(114) Concurrent Rebuild Remembered Sets and Scrub Regions
[348.744s][info][gc,marking     ] GC(114) Concurrent Rebuild Remembered Sets and Scrub Regions 254.260ms
[348.746s][info][gc,start       ] GC(114) Pause Cleanup
[348.747s][info][gc             ] GC(114) Pause Cleanup 2801M->2801M(4096M) 0.149ms
[348.747s][info][gc,cpu         ] GC(114) User=0.00s Sys=0.00s Real=0.00s
[348.747s][info][gc,marking     ] GC(114) Concurrent Clear Claimed Marks
[348.747s][info][gc,marking     ] GC(114) Concurrent Clear Claimed Marks 0.030ms
[348.747s][info][gc,marking     ] GC(114) Concurrent Cleanup for Next Mark
.[348.853s][info][gc,marking     ] GC(114) Concurrent Cleanup for Next Mark 106.235ms
[348.853s][info][gc             ] GC(114) Concurrent Mark Cycle 1552.887ms
[349.267s][info][gc,start       ] GC(115) Pause Young (Prepare Mixed) (G1 Evacuation Pause)
[349.267s][info][gc,task        ] GC(115) Using 6 workers of 6 for evacuation
[349.440s][info][gc,phases      ] GC(115)   Pre Evacuate Collection Set: 0.35ms
[349.440s][info][gc,phases      ] GC(115)   Merge Heap Roots: 0.54ms
[349.440s][info][gc,phases      ] GC(115)   Evacuate Collection Set: 170.64ms
[349.440s][info][gc,phases      ] GC(115)   Post Evacuate Collection Set: 0.96ms
[349.440s][info][gc,phases      ] GC(115)   Other: 0.09ms
[349.440s][info][gc,heap        ] GC(115) Eden regions: 1116->0(1107)
[349.440s][info][gc,heap        ] GC(115) Survivor regions: 112->117(154)
[349.440s][info][gc,heap        ] GC(115) Old regions: 496->527
[349.440s][info][gc,heap        ] GC(115) Humongous regions: 77->77
[349.440s][info][gc,metaspace   ] GC(115) Metaspace: 28814K(29120K)->28814K(29120K) NonClass: 23930K(24064K)->23930K(24064K) Class: 4883K(5056K)->4883K(5056K)
[349.440s][info][gc             ] GC(115) Pause Young (Prepare Mixed) (G1 Evacuation Pause) 3599M->1439M(4096M) 172.708ms
[349.440s][info][gc,cpu         ] GC(115) User=0.76s Sys=0.00s Real=0.17s
.[350.862s][info][gc,start       ] GC(116) Pause Young (Mixed) (G1 Evacuation Pause)
[350.862s][info][gc,task        ] GC(116) Using 6 workers of 6 for evacuation
[351.003s][info][gc,phases      ] GC(116)   Pre Evacuate Collection Set: 0.37ms
[351.003s][info][gc,phases      ] GC(116)   Merge Heap Roots: 0.61ms
[351.003s][info][gc,phases      ] GC(116)   Evacuate Collection Set: 138.41ms
[351.003s][info][gc,phases      ] GC(116)   Post Evacuate Collection Set: 0.99ms
[351.003s][info][gc,phases      ] GC(116)   Other: 0.09ms
[351.003s][info][gc,heap        ] GC(116) Eden regions: 1107->0(1113)
[351.003s][info][gc,heap        ] GC(116) Survivor regions: 117->115(153)
[351.003s][info][gc,heap        ] GC(116) Old regions: 527->465
[351.003s][info][gc,heap        ] GC(116) Humongous regions: 77->77
[351.003s][info][gc,metaspace   ] GC(116) Metaspace: 28814K(29120K)->28814K(29120K) NonClass: 23930K(24064K)->23930K(24064K) Class: 4883K(5056K)->4883K(5056K)
[351.003s][info][gc             ] GC(116) Pause Young (Mixed) (G1 Evacuation Pause) 3653M->1311M(4096M) 140.604ms
[351.003s][info][gc,cpu         ] GC(116) User=0.84s Sys=0.00s Real=0.14s
..[352.545s][info][gc,start       ] GC(117) Pause Young (Concurrent Start) (G1 Evacuation Pause)
[352.545s][info][gc,task        ] GC(117) Using 6 workers of 6 for evacuation
[352.677s][info][gc,phases      ] GC(117)   Pre Evacuate Collection Set: 0.39ms
[352.677s][info][gc,phases      ] GC(117)   Merge Heap Roots: 0.54ms
[352.677s][info][gc,phases      ] GC(117)   Evacuate Collection Set: 129.39ms
[352.677s][info][gc,phases      ] GC(117)   Post Evacuate Collection Set: 0.91ms
[352.677s][info][gc,phases      ] GC(117)   Other: 0.12ms
[352.677s][info][gc,heap        ] GC(117) Eden regions: 1113->0(1111)
[352.677s][info][gc,heap        ] GC(117) Survivor regions: 115->117(154)
[352.677s][info][gc,heap        ] GC(117) Old regions: 465->498
[352.677s][info][gc,heap        ] GC(117) Humongous regions: 77->77
[352.677s][info][gc,metaspace   ] GC(117) Metaspace: 28814K(29120K)->28814K(29120K) NonClass: 23930K(24064K)->23930K(24064K) Class: 4883K(5056K)->4883K(5056K)
[352.677s][info][gc             ] GC(117) Pause Young (Concurrent Start) (G1 Evacuation Pause) 3537M->1381M(4096M) 131.482ms
[352.677s][info][gc             ] GC(118) Concurrent Mark Cycle
[352.677s][info][gc,marking     ] GC(118) Concurrent Scan Root Regions
[352.677s][info][gc,cpu         ] GC(117) User=0.78s Sys=0.00s Real=0.13s
[352.876s][info][gc,marking     ] GC(118) Concurrent Scan Root Regions 199.270ms
[352.876s][info][gc,marking     ] GC(118) Concurrent Mark
[352.876s][info][gc,marking     ] GC(118) Concurrent Mark From Roots
[352.876s][info][gc,task        ] GC(118) Using 2 workers of 2 for marking
. (rIR:aIR:PR = 10393:10154:10170) (tPR = 159452) [OK] 
   353s:       rampup IR =  11548 [353.841s][info][gc,marking     ] GC(118) Concurrent Mark From Roots 965.287ms
[353.841s][info][gc,marking     ] GC(118) Concurrent Preclean
[353.841s][info][gc,marking     ] GC(118) Concurrent Preclean 0.076ms
[353.843s][info][gc,start       ] GC(118) Pause Remark
[353.847s][info][gc             ] GC(118) Pause Remark 2425M->2425M(4096M) 3.882ms
[353.847s][info][gc,cpu         ] GC(118) User=0.02s Sys=0.00s Real=0.01s
[353.848s][info][gc,marking     ] GC(118) Concurrent Mark 972.007ms
[353.848s][info][gc,marking     ] GC(118) Concurrent Rebuild Remembered Sets and Scrub Regions
[354.481s][info][gc,marking     ] GC(118) Concurrent Rebuild Remembered Sets and Scrub Regions 633.105ms
[354.482s][info][gc,start       ] GC(118) Pause Cleanup
[354.483s][info][gc             ] GC(118) Pause Cleanup 3241M->3241M(4096M) 0.151ms
[354.483s][info][gc,cpu         ] GC(118) User=0.00s Sys=0.00s Real=0.00s
[354.483s][info][gc,marking     ] GC(118) Concurrent Clear Claimed Marks
[354.483s][info][gc,marking     ] GC(118) Concurrent Clear Claimed Marks 0.040ms
[354.483s][info][gc,marking     ] GC(118) Concurrent Cleanup for Next Mark
[354.496s][info][gc,marking     ] GC(118) Concurrent Cleanup for Next Mark 12.799ms
[354.496s][info][gc             ] GC(118) Concurrent Mark Cycle 1818.955ms
.[354.715s][info][gc,start       ] GC(119) Pause Young (Prepare Mixed) (G1 Evacuation Pause)
[354.715s][info][gc,task        ] GC(119) Using 6 workers of 6 for evacuation
[354.846s][info][gc,phases      ] GC(119)   Pre Evacuate Collection Set: 0.38ms
[354.846s][info][gc,phases      ] GC(119)   Merge Heap Roots: 0.55ms
[354.846s][info][gc,phases      ] GC(119)   Evacuate Collection Set: 128.95ms
[354.846s][info][gc,phases      ] GC(119)   Post Evacuate Collection Set: 0.99ms
[354.846s][info][gc,phases      ] GC(119)   Other: 0.09ms
[354.846s][info][gc,heap        ] GC(119) Eden regions: 1111->0(1100)
[354.846s][info][gc,heap        ] GC(119) Survivor regions: 117->119(154)
[354.846s][info][gc,heap        ] GC(119) Old regions: 498->530
[354.846s][info][gc,heap        ] GC(119) Humongous regions: 77->77
[354.846s][info][gc,metaspace   ] GC(119) Metaspace: 28815K(29120K)->28815K(29120K) NonClass: 23932K(24064K)->23932K(24064K) Class: 4883K(5056K)->4883K(5056K)
[354.846s][info][gc             ] GC(119) Pause Young (Prepare Mixed) (G1 Evacuation Pause) 3603M->1449M(4096M) 131.084ms
[354.846s][info][gc,cpu         ] GC(119) User=0.78s Sys=0.00s Real=0.13s
.[356.366s][info][gc,start       ] GC(120) Pause Young (Mixed) (G1 Evacuation Pause)
[356.366s][info][gc,task        ] GC(120) Using 6 workers of 6 for evacuation
[356.507s][info][gc,phases      ] GC(120)   Pre Evacuate Collection Set: 0.38ms
[356.508s][info][gc,phases      ] GC(120)   Merge Heap Roots: 0.75ms
[356.508s][info][gc,phases      ] GC(120)   Evacuate Collection Set: 139.38ms
[356.508s][info][gc,phases      ] GC(120)   Post Evacuate Collection Set: 1.00ms
[356.508s][info][gc,phases      ] GC(120)   Other: 0.09ms
[356.508s][info][gc,heap        ] GC(120) Eden regions: 1100->0(1115)
[356.508s][info][gc,heap        ] GC(120) Survivor regions: 119->113(153)
[356.508s][info][gc,heap        ] GC(120) Old regions: 530->466
[356.508s][info][gc,heap        ] GC(120) Humongous regions: 77->77
[356.508s][info][gc,metaspace   ] GC(120) Metaspace: 28818K(29120K)->28818K(29120K) NonClass: 23935K(24064K)->23935K(24064K) Class: 4883K(5056K)->4883K(5056K)
[356.508s][info][gc             ] GC(120) Pause Young (Mixed) (G1 Evacuation Pause) 3649M->1309M(4096M) 141.756ms
[356.508s][info][gc,cpu         ] GC(120) User=0.84s Sys=0.00s Real=0.14s
.. (rIR:aIR:PR = 11548:11779:11880) (tPR = 177713) [OK] 
   357s:    snapshot, IR =  11548 [357.957s][info][gc,start       ] GC(121) Pause Young (Concurrent Start) (G1 Evacuation Pause)
[357.957s][info][gc,task        ] GC(121) Using 6 workers of 6 for evacuation
[358.081s][info][gc,phases      ] GC(121)   Pre Evacuate Collection Set: 0.38ms
[358.081s][info][gc,phases      ] GC(121)   Merge Heap Roots: 0.49ms
[358.081s][info][gc,phases      ] GC(121)   Evacuate Collection Set: 121.81ms
[358.081s][info][gc,phases      ] GC(121)   Post Evacuate Collection Set: 0.93ms
[358.081s][info][gc,phases      ] GC(121)   Other: 0.11ms
[358.081s][info][gc,heap        ] GC(121) Eden regions: 1115->0(1116)
[358.081s][info][gc,heap        ] GC(121) Survivor regions: 113->112(154)
[358.081s][info][gc,heap        ] GC(121) Old regions: 466->498
[358.081s][info][gc,heap        ] GC(121) Humongous regions: 77->77
[358.081s][info][gc,metaspace   ] GC(121) Metaspace: 28822K(29184K)->28822K(29184K) NonClass: 23938K(24128K)->23938K(24128K) Class: 4883K(5056K)->4883K(5056K)
[358.081s][info][gc             ] GC(121) Pause Young (Concurrent Start) (G1 Evacuation Pause) 3539M->1372M(4096M) 123.876ms
[358.081s][info][gc             ] GC(122) Concurrent Mark Cycle
[358.081s][info][gc,marking     ] GC(122) Concurrent Scan Root Regions
[358.081s][info][gc,cpu         ] GC(121) User=0.74s Sys=0.00s Real=0.12s
[358.281s][info][gc,marking     ] GC(122) Concurrent Scan Root Regions 199.812ms
[358.281s][info][gc,marking     ] GC(122) Concurrent Mark
[358.281s][info][gc,marking     ] GC(122) Concurrent Mark From Roots
[358.281s][info][gc,task        ] GC(122) Using 2 workers of 2 for marking
.[359.456s][info][gc,marking     ] GC(122) Concurrent Mark From Roots 1174.874ms
[359.456s][info][gc,marking     ] GC(122) Concurrent Preclean
[359.456s][info][gc,marking     ] GC(122) Concurrent Preclean 0.089ms
[359.459s][info][gc,start       ] GC(122) Pause Remark
[359.465s][info][gc             ] GC(122) Pause Remark 2730M->2730M(4096M) 6.280ms
[359.465s][info][gc,cpu         ] GC(122) User=0.03s Sys=0.00s Real=0.01s
[359.465s][info][gc,marking     ] GC(122) Concurrent Mark 1184.126ms
[359.465s][info][gc,marking     ] GC(122) Concurrent Rebuild Remembered Sets and Scrub Regions
[359.848s][info][gc,marking     ] GC(122) Concurrent Rebuild Remembered Sets and Scrub Regions 382.612ms
[359.849s][info][gc,start       ] GC(122) Pause Cleanup
[359.849s][info][gc             ] GC(122) Pause Cleanup 3122M->3122M(4096M) 0.152ms
[359.849s][info][gc,cpu         ] GC(122) User=0.00s Sys=0.00s Real=0.00s
[359.849s][info][gc,marking     ] GC(122) Concurrent Clear Claimed Marks
[359.849s][info][gc,marking     ] GC(122) Concurrent Clear Claimed Marks 0.028ms
[359.849s][info][gc,marking     ] GC(122) Concurrent Cleanup for Next Mark
[359.854s][info][gc,marking     ] GC(122) Concurrent Cleanup for Next Mark 4.592ms
[359.854s][info][gc             ] GC(122) Concurrent Mark Cycle 1772.709ms
[360.253s][info][gc,start       ] GC(123) Pause Young (Prepare Mixed) (G1 Evacuation Pause)
[360.253s][info][gc,task        ] GC(123) Using 6 workers of 6 for evacuation
[360.424s][info][gc,phases      ] GC(123)   Pre Evacuate Collection Set: 0.31ms
[360.424s][info][gc,phases      ] GC(123)   Merge Heap Roots: 0.59ms
[360.424s][info][gc,phases      ] GC(123)   Evacuate Collection Set: 168.93ms
[360.424s][info][gc,phases      ] GC(123)   Post Evacuate Collection Set: 1.00ms
[360.424s][info][gc,phases      ] GC(123)   Other: 0.09ms
[360.424s][info][gc,heap        ] GC(123) Eden regions: 1116->0(1110)
[360.424s][info][gc,heap        ] GC(123) Survivor regions: 112->114(154)
[360.424s][info][gc,heap        ] GC(123) Old regions: 498->530
[360.424s][info][gc,heap        ] GC(123) Humongous regions: 77->77
[360.424s][info][gc,metaspace   ] GC(123) Metaspace: 28824K(29184K)->28824K(29184K) NonClass: 23940K(24128K)->23940K(24128K) Class: 4883K(5056K)->4883K(5056K)
[360.424s][info][gc             ] GC(123) Pause Young (Prepare Mixed) (G1 Evacuation Pause) 3604M->1439M(4096M) 171.040ms
[360.424s][info][gc,cpu         ] GC(123) User=0.74s Sys=0.00s Real=0.17s
..[361.769s][info][gc,start       ] GC(124) Pause Young (Mixed) (G1 Evacuation Pause)
[361.769s][info][gc,task        ] GC(124) Using 6 workers of 6 for evacuation
[361.917s][info][gc,phases      ] GC(124)   Pre Evacuate Collection Set: 0.36ms
[361.917s][info][gc,phases      ] GC(124)   Merge Heap Roots: 0.69ms
[361.917s][info][gc,phases      ] GC(124)   Evacuate Collection Set: 145.67ms
[361.917s][info][gc,phases      ] GC(124)   Post Evacuate Collection Set: 1.01ms
[361.917s][info][gc,phases      ] GC(124)   Other: 0.09ms
[361.917s][info][gc,heap        ] GC(124) Eden regions: 1110->0(1107)
[361.917s][info][gc,heap        ] GC(124) Survivor regions: 114->121(153)
[361.917s][info][gc,heap        ] GC(124) Old regions: 530->469
[361.917s][info][gc,heap        ] GC(124) Humongous regions: 77->77
[361.917s][info][gc,metaspace   ] GC(124) Metaspace: 28825K(29184K)->28825K(29184K) NonClass: 23941K(24128K)->23941K(24128K) Class: 4883K(5056K)->4883K(5056K)
[361.917s][info][gc             ] GC(124) Pause Young (Mixed) (G1 Evacuation Pause) 3659M->1330M(4096M) 147.960ms
[361.917s][info][gc,cpu         ] GC(124) User=0.88s Sys=0.00s Real=0.15s
.[363.475s][info][gc,start       ] GC(125) Pause Young (Concurrent Start) (G1 Evacuation Pause)
[363.475s][info][gc,task        ] GC(125) Using 6 workers of 6 for evacuation
[363.600s][info][gc,phases      ] GC(125)   Pre Evacuate Collection Set: 0.42ms
[363.600s][info][gc,phases      ] GC(125)   Merge Heap Roots: 0.48ms
[363.600s][info][gc,phases      ] GC(125)   Evacuate Collection Set: 123.23ms
[363.600s][info][gc,phases      ] GC(125)   Post Evacuate Collection Set: 0.77ms
[363.600s][info][gc,phases      ] GC(125)   Other: 0.13ms
[363.600s][info][gc,heap        ] GC(125) Eden regions: 1107->0(1155)
[363.600s][info][gc,heap        ] GC(125) Survivor regions: 121->71(154)
[363.600s][info][gc,heap        ] GC(125) Old regions: 469->547
[363.600s][info][gc,heap        ] GC(125) Humongous regions: 77->77
[363.600s][info][gc,metaspace   ] GC(125) Metaspace: 28825K(29184K)->28825K(29184K) NonClass: 23941K(24128K)->23941K(24128K) Class: 4883K(5056K)->4883K(5056K)
[363.600s][info][gc             ] GC(125) Pause Young (Concurrent Start) (G1 Evacuation Pause) 3544M->1387M(4096M) 125.167ms
[363.600s][info][gc             ] GC(126) Concurrent Mark Cycle
[363.600s][info][gc,marking     ] GC(126) Concurrent Scan Root Regions
[363.600s][info][gc,cpu         ] GC(125) User=0.75s Sys=0.00s Real=0.12s
.[363.941s][info][gc,marking     ] GC(126) Concurrent Scan Root Regions 340.672ms
[363.941s][info][gc,marking     ] GC(126) Concurrent Mark
[363.941s][info][gc,marking     ] GC(126) Concurrent Mark From Roots
[363.941s][info][gc,task        ] GC(126) Using 2 workers of 2 for marking
[365.103s][info][gc,marking     ] GC(126) Concurrent Mark From Roots 1162.736ms
[365.103s][info][gc,marking     ] GC(126) Concurrent Preclean
[365.104s][info][gc,marking     ] GC(126) Concurrent Preclean 0.103ms
[365.106s][info][gc,start       ] GC(126) Pause Remark
[365.111s][info][gc             ] GC(126) Pause Remark 2903M->2903M(4096M) 4.934ms
[365.111s][info][gc,cpu         ] GC(126) User=0.02s Sys=0.00s Real=0.00s
[365.111s][info][gc,marking     ] GC(126) Concurrent Mark 1170.399ms
[365.111s][info][gc,marking     ] GC(126) Concurrent Rebuild Remembered Sets and Scrub Regions
.[365.550s][info][gc,marking     ] GC(126) Concurrent Rebuild Remembered Sets and Scrub Regions 438.538ms
[365.551s][info][gc,start       ] GC(126) Pause Cleanup
[365.551s][info][gc             ] GC(126) Pause Cleanup 3447M->3447M(4096M) 0.143ms
[365.551s][info][gc,cpu         ] GC(126) User=0.00s Sys=0.00s Real=0.00s
[365.551s][info][gc,marking     ] GC(126) Concurrent Clear Claimed Marks
[365.551s][info][gc,marking     ] GC(126) Concurrent Clear Claimed Marks 0.039ms
[365.551s][info][gc,marking     ] GC(126) Concurrent Cleanup for Next Mark
[365.656s][info][gc,marking     ] GC(126) Concurrent Cleanup for Next Mark 104.958ms
[365.656s][info][gc             ] GC(126) Concurrent Mark Cycle 2056.615ms
[365.672s][info][gc,start       ] GC(127) Pause Young (Prepare Mixed) (G1 Evacuation Pause)
[365.672s][info][gc,task        ] GC(127) Using 6 workers of 6 for evacuation
[365.777s][info][gc,phases      ] GC(127)   Pre Evacuate Collection Set: 0.32ms
[365.777s][info][gc,phases      ] GC(127)   Merge Heap Roots: 0.51ms
[365.777s][info][gc,phases      ] GC(127)   Evacuate Collection Set: 102.66ms
[365.777s][info][gc,phases      ] GC(127)   Post Evacuate Collection Set: 0.95ms
[365.777s][info][gc,phases      ] GC(127)   Other: 0.09ms
[365.777s][info][gc,heap        ] GC(127) Eden regions: 1155->0(1083)
[365.777s][info][gc,heap        ] GC(127) Survivor regions: 71->119(154)
[365.777s][info][gc,heap        ] GC(127) Old regions: 547->547
[365.777s][info][gc,heap        ] GC(127) Humongous regions: 77->77
[365.777s][info][gc,metaspace   ] GC(127) Metaspace: 28825K(29184K)->28825K(29184K) NonClass: 23941K(24128K)->23941K(24128K) Class: 4883K(5056K)->4883K(5056K)
[365.777s][info][gc             ] GC(127) Pause Young (Prepare Mixed) (G1 Evacuation Pause) 3697M->1483M(4096M) 104.673ms
[365.777s][info][gc,cpu         ] GC(127) User=0.62s Sys=0.00s Real=0.11s
.[367.175s][info][gc,start       ] GC(128) Pause Young (Mixed) (G1 Evacuation Pause)
[367.175s][info][gc,task        ] GC(128) Using 6 workers of 6 for evacuation
[367.370s][info][gc,phases      ] GC(128)   Pre Evacuate Collection Set: 0.38ms
[367.370s][info][gc,phases      ] GC(128)   Merge Heap Roots: 0.69ms
[367.370s][info][gc,phases      ] GC(128)   Evacuate Collection Set: 192.53ms
[367.370s][info][gc,phases      ] GC(128)   Post Evacuate Collection Set: 0.99ms
[367.370s][info][gc,phases      ] GC(128)   Other: 0.08ms
[367.370s][info][gc,heap        ] GC(128) Eden regions: 1083->0(1102)
[367.370s][info][gc,heap        ] GC(128) Survivor regions: 119->126(151)
[367.370s][info][gc,heap        ] GC(128) Old regions: 547->484
[367.370s][info][gc,heap        ] GC(128) Humongous regions: 77->77
[367.370s][info][gc,metaspace   ] GC(128) Metaspace: 28825K(29184K)->28825K(29184K) NonClass: 23941K(24128K)->23941K(24128K) Class: 4883K(5056K)->4883K(5056K)
[367.370s][info][gc             ] GC(128) Pause Young (Mixed) (G1 Evacuation Pause) 3649M->1372M(4096M) 194.807ms
[367.370s][info][gc,cpu         ] GC(128) User=0.88s Sys=0.00s Real=0.19s
..[368.819s][info][gc,start       ] GC(129) Pause Young (Concurrent Start) (G1 Evacuation Pause)
[368.819s][info][gc,task        ] GC(129) Using 6 workers of 6 for evacuation
[368.948s][info][gc,phases      ] GC(129)   Pre Evacuate Collection Set: 0.36ms
[368.948s][info][gc,phases      ] GC(129)   Merge Heap Roots: 0.46ms
[368.948s][info][gc,phases      ] GC(129)   Evacuate Collection Set: 127.53ms
[368.948s][info][gc,phases      ] GC(129)   Post Evacuate Collection Set: 0.91ms
[368.948s][info][gc,phases      ] GC(129)   Other: 0.10ms
[368.948s][info][gc,heap        ] GC(129) Eden regions: 1102->0(1113)
[368.948s][info][gc,heap        ] GC(129) Survivor regions: 126->115(154)
[368.948s][info][gc,heap        ] GC(129) Old regions: 484->519
[368.948s][info][gc,heap        ] GC(129) Humongous regions: 77->77
[368.948s][info][gc,metaspace   ] GC(129) Metaspace: 28830K(29184K)->28830K(29184K) NonClass: 23947K(24128K)->23947K(24128K) Class: 4883K(5056K)->4883K(5056K)
[368.948s][info][gc             ] GC(129) Pause Young (Concurrent Start) (G1 Evacuation Pause) 3576M->1420M(4096M) 129.491ms
[368.948s][info][gc             ] GC(130) Concurrent Mark Cycle
[368.948s][info][gc,marking     ] GC(130) Concurrent Scan Root Regions
[368.948s][info][gc,cpu         ] GC(129) User=0.77s Sys=0.00s Real=0.13s
[369.099s][info][gc,marking     ] GC(130) Concurrent Scan Root Regions 150.924ms
[369.099s][info][gc,marking     ] GC(130) Concurrent Mark
[369.099s][info][gc,marking     ] GC(130) Concurrent Mark From Roots
[369.099s][info][gc,task        ] GC(130) Using 2 workers of 2 for marking
[369.901s][info][gc,marking     ] GC(130) Concurrent Mark From Roots 801.902ms
[369.901s][info][gc,marking     ] GC(130) Concurrent Preclean
[369.901s][info][gc,marking     ] GC(130) Concurrent Preclean 0.041ms
[369.905s][info][gc,start       ] GC(130) Pause Remark
[369.909s][info][gc             ] GC(130) Pause Remark 2290M->2290M(4096M) 3.759ms
[369.909s][info][gc,cpu         ] GC(130) User=0.01s Sys=0.01s Real=0.00s
[369.909s][info][gc,marking     ] GC(130) Concurrent Mark 809.435ms
[369.909s][info][gc,marking     ] GC(130) Concurrent Rebuild Remembered Sets and Scrub Regions
.[370.224s][info][gc,marking     ] GC(130) Concurrent Rebuild Remembered Sets and Scrub Regions 315.124ms
[370.242s][info][gc,start       ] GC(130) Pause Cleanup
[370.242s][info][gc             ] GC(130) Pause Cleanup 2744M->2744M(4096M) 0.160ms
[370.242s][info][gc,cpu         ] GC(130) User=0.00s Sys=0.00s Real=0.00s
[370.242s][info][gc,marking     ] GC(130) Concurrent Clear Claimed Marks
[370.242s][info][gc,marking     ] GC(130) Concurrent Clear Claimed Marks 0.040ms
[370.242s][info][gc,marking     ] GC(130) Concurrent Cleanup for Next Mark
[370.251s][info][gc,marking     ] GC(130) Concurrent Cleanup for Next Mark 8.534ms
[370.251s][info][gc             ] GC(130) Concurrent Mark Cycle 1302.355ms
[370.880s][info][gc,start       ] GC(131) Pause Young (Prepare Mixed) (G1 Evacuation Pause)
[370.880s][info][gc,task        ] GC(131) Using 6 workers of 6 for evacuation
[371.011s][info][gc,phases      ] GC(131)   Pre Evacuate Collection Set: 0.36ms
[371.011s][info][gc,phases      ] GC(131)   Merge Heap Roots: 0.58ms
[371.011s][info][gc,phases      ] GC(131)   Evacuate Collection Set: 129.10ms
[371.011s][info][gc,phases      ] GC(131)   Post Evacuate Collection Set: 0.96ms
[371.011s][info][gc,phases      ] GC(131)   Other: 0.09ms
[371.011s][info][gc,heap        ] GC(131) Eden regions: 1113->0(1074)
[371.011s][info][gc,heap        ] GC(131) Survivor regions: 115->122(154)
[371.011s][info][gc,heap        ] GC(131) Old regions: 519->550
[371.011s][info][gc,heap        ] GC(131) Humongous regions: 77->77
[371.011s][info][gc,metaspace   ] GC(131) Metaspace: 28830K(29184K)->28830K(29184K) NonClass: 23947K(24128K)->23947K(24128K) Class: 4883K(5056K)->4883K(5056K)
[371.012s][info][gc             ] GC(131) Pause Young (Prepare Mixed) (G1 Evacuation Pause) 3646M->1495M(4096M) 131.227ms
[371.012s][info][gc,cpu         ] GC(131) User=0.78s Sys=0.00s Real=0.13s
..[372.486s][info][gc,start       ] GC(132) Pause Young (Mixed) (G1 Evacuation Pause)
[372.486s][info][gc,task        ] GC(132) Using 6 workers of 6 for evacuation
[372.623s][info][gc,phases      ] GC(132)   Pre Evacuate Collection Set: 0.40ms
[372.623s][info][gc,phases      ] GC(132)   Merge Heap Roots: 0.55ms
[372.623s][info][gc,phases      ] GC(132)   Evacuate Collection Set: 132.86ms
[372.623s][info][gc,phases      ] GC(132)   Merge Optional Heap Roots: 0.04ms
[372.623s][info][gc,phases      ] GC(132)   Evacuate Optional Collection Set: 2.26ms
[372.623s][info][gc,phases      ] GC(132)   Post Evacuate Collection Set: 1.01ms
[372.623s][info][gc,phases      ] GC(132)   Other: 0.10ms
[372.623s][info][gc,heap        ] GC(132) Eden regions: 1074->0(1155)
[372.623s][info][gc,heap        ] GC(132) Survivor regions: 122->73(150)
[372.623s][info][gc,heap        ] GC(132) Old regions: 550->522
[372.623s][info][gc,heap        ] GC(132) Humongous regions: 77->77
[372.623s][info][gc,metaspace   ] GC(132) Metaspace: 28830K(29184K)->28830K(29184K) NonClass: 23947K(24128K)->23947K(24128K) Class: 4883K(5056K)->4883K(5056K)
[372.623s][info][gc             ] GC(132) Pause Young (Mixed) (G1 Evacuation Pause) 3643M->1340M(4096M) 137.355ms
[372.623s][info][gc,cpu         ] GC(132) User=0.81s Sys=0.00s Real=0.13s
.[374.156s][info][gc,start       ] GC(133) Pause Young (Mixed) (G1 Evacuation Pause)
[374.156s][info][gc,task        ] GC(133) Using 6 workers of 6 for evacuation
[374.260s][info][gc,phases      ] GC(133)   Pre Evacuate Collection Set: 0.35ms
[374.260s][info][gc,phases      ] GC(133)   Merge Heap Roots: 0.55ms
[374.260s][info][gc,phases      ] GC(133)   Evacuate Collection Set: 101.80ms
[374.260s][info][gc,phases      ] GC(133)   Post Evacuate Collection Set: 0.93ms
[374.260s][info][gc,phases      ] GC(133)   Other: 0.08ms
[374.260s][info][gc,heap        ] GC(133) Eden regions: 1155->0(1114)
[374.260s][info][gc,heap        ] GC(133) Survivor regions: 73->114(154)
[374.260s][info][gc,heap        ] GC(133) Old regions: 522->517
[374.260s][info][gc,heap        ] GC(133) Humongous regions: 77->77
[374.260s][info][gc,metaspace   ] GC(133) Metaspace: 28830K(29184K)->28830K(29184K) NonClass: 23947K(24128K)->23947K(24128K) Class: 4883K(5056K)->4883K(5056K)
[374.260s][info][gc             ] GC(133) Pause Young (Mixed) (G1 Evacuation Pause) 3650M->1413M(4096M) 103.854ms
[374.260s][info][gc,cpu         ] GC(133) User=0.61s Sys=0.00s Real=0.10s
.[375.816s][info][gc,start       ] GC(134) Pause Young (Concurrent Start) (G1 Evacuation Pause)
[375.816s][info][gc,task        ] GC(134) Using 6 workers of 6 for evacuation
[375.940s][info][gc,phases      ] GC(134)   Pre Evacuate Collection Set: 0.43ms
[375.940s][info][gc,phases      ] GC(134)   Merge Heap Roots: 0.54ms
[375.940s][info][gc,phases      ] GC(134)   Evacuate Collection Set: 121.28ms
[375.940s][info][gc,phases      ] GC(134)   Post Evacuate Collection Set: 0.93ms
[375.940s][info][gc,phases      ] GC(134)   Other: 0.88ms
[375.940s][info][gc,heap        ] GC(134) Eden regions: 1114->0(1089)
[375.940s][info][gc,heap        ] GC(134) Survivor regions: 114->116(154)
[375.940s][info][gc,heap        ] GC(134) Old regions: 517->547
[375.940s][info][gc,heap        ] GC(134) Humongous regions: 77->77
[375.940s][info][gc,metaspace   ] GC(134) Metaspace: 28830K(29184K)->28830K(29184K) NonClass: 23947K(24128K)->23947K(24128K) Class: 4883K(5056K)->4883K(5056K)
[375.940s][info][gc             ] GC(134) Pause Young (Concurrent Start) (G1 Evacuation Pause) 3641M->1477M(4096M) 124.204ms
[375.940s][info][gc             ] GC(135) Concurrent Mark Cycle
[375.940s][info][gc,marking     ] GC(135) Concurrent Scan Root Regions
[375.940s][info][gc,cpu         ] GC(134) User=0.73s Sys=0.00s Real=0.12s
.[376.136s][info][gc,marking     ] GC(135) Concurrent Scan Root Regions 196.054ms
[376.136s][info][gc,marking     ] GC(135) Concurrent Mark
[376.136s][info][gc,marking     ] GC(135) Concurrent Mark From Roots
[376.136s][info][gc,task        ] GC(135) Using 2 workers of 2 for marking
[377.529s][info][gc,marking     ] GC(135) Concurrent Mark From Roots 1393.307ms
.[377.530s][info][gc,marking     ] GC(135) Concurrent Preclean
[377.530s][info][gc,marking     ] GC(135) Concurrent Preclean 0.056ms
[377.532s][info][gc,start       ] GC(135) Pause Remark
[377.540s][info][gc             ] GC(135) Pause Remark 3285M->3285M(4096M) 7.403ms
[377.540s][info][gc,cpu         ] GC(135) User=0.04s Sys=0.00s Real=0.01s
[377.540s][info][gc,marking     ] GC(135) Concurrent Mark 1404.025ms
[377.540s][info][gc,marking     ] GC(135) Concurrent Rebuild Remembered Sets and Scrub Regions
[377.904s][info][gc,start       ] GC(136) Pause Young (Normal) (G1 Evacuation Pause)
[377.904s][info][gc,task        ] GC(136) Using 6 workers of 6 for evacuation
[378.035s][info][gc,phases      ] GC(136)   Pre Evacuate Collection Set: 0.29ms
[378.035s][info][gc,phases      ] GC(136)   Merge Heap Roots: 0.55ms
[378.035s][info][gc,phases      ] GC(136)   Evacuate Collection Set: 129.58ms
[378.035s][info][gc,phases      ] GC(136)   Post Evacuate Collection Set: 0.85ms
[378.035s][info][gc,phases      ] GC(136)   Other: 0.09ms
[378.035s][info][gc,heap        ] GC(136) Eden regions: 1089->0(1054)
[378.035s][info][gc,heap        ] GC(136) Survivor regions: 116->117(151)
[378.035s][info][gc,heap        ] GC(136) Old regions: 547->580
[378.035s][info][gc,heap        ] GC(136) Humongous regions: 77->77
[378.035s][info][gc,metaspace   ] GC(136) Metaspace: 28830K(29184K)->28830K(29184K) NonClass: 23947K(24128K)->23947K(24128K) Class: 4883K(5056K)->4883K(5056K)
[378.035s][info][gc             ] GC(136) Pause Young (Normal) (G1 Evacuation Pause) 3655M->1545M(4096M) 131.478ms
[378.035s][info][gc,cpu         ] GC(136) User=0.79s Sys=0.00s Real=0.14s
[378.077s][info][gc,marking     ] GC(135) Concurrent Rebuild Remembered Sets and Scrub Regions 536.635ms
[378.077s][info][gc,start       ] GC(135) Pause Cleanup
[378.077s][info][gc             ] GC(135) Pause Cleanup 1592M->1592M(4096M) 0.163ms
[378.077s][info][gc,cpu         ] GC(135) User=0.00s Sys=0.00s Real=0.00s
[378.077s][info][gc,marking     ] GC(135) Concurrent Clear Claimed Marks
[378.077s][info][gc,marking     ] GC(135) Concurrent Clear Claimed Marks 0.031ms
[378.077s][info][gc,marking     ] GC(135) Concurrent Cleanup for Next Mark
[378.082s][info][gc,marking     ] GC(135) Concurrent Cleanup for Next Mark 5.090ms
[378.082s][info][gc             ] GC(135) Concurrent Mark Cycle 2142.435ms
.[379.437s][info][gc,start       ] GC(137) Pause Young (Prepare Mixed) (G1 Evacuation Pause)
[379.437s][info][gc,task        ] GC(137) Using 6 workers of 6 for evacuation
[379.574s][info][gc,phases      ] GC(137)   Pre Evacuate Collection Set: 0.35ms
[379.574s][info][gc,phases      ] GC(137)   Merge Heap Roots: 0.58ms
[379.574s][info][gc,phases      ] GC(137)   Evacuate Collection Set: 134.62ms
[379.574s][info][gc,phases      ] GC(137)   Post Evacuate Collection Set: 1.06ms
[379.574s][info][gc,phases      ] GC(137)   Other: 0.09ms
[379.574s][info][gc,heap        ] GC(137) Eden regions: 1054->0(1037)
[379.574s][info][gc,heap        ] GC(137) Survivor regions: 117->82(147)
[379.574s][info][gc,heap        ] GC(137) Old regions: 580->658
[379.574s][info][gc,heap        ] GC(137) Humongous regions: 77->77
[379.574s][info][gc,metaspace   ] GC(137) Metaspace: 28830K(29184K)->28830K(29184K) NonClass: 23947K(24128K)->23947K(24128K) Class: 4883K(5056K)->4883K(5056K)
[379.574s][info][gc             ] GC(137) Pause Young (Prepare Mixed) (G1 Evacuation Pause) 3653M->1631M(4096M) 136.843ms
[379.574s][info][gc,cpu         ] GC(137) User=0.81s Sys=0.00s Real=0.13s
.[380.886s][info][gc,start       ] GC(138) Pause Young (Mixed) (G1 Evacuation Pause)
[380.886s][info][gc,task        ] GC(138) Using 6 workers of 6 for evacuation
[381.034s][info][gc,phases      ] GC(138)   Pre Evacuate Collection Set: 0.38ms
[381.034s][info][gc,phases      ] GC(138)   Merge Heap Roots: 0.95ms
[381.034s][info][gc,phases      ] GC(138)   Evacuate Collection Set: 134.06ms
[381.034s][info][gc,phases      ] GC(138)   Merge Optional Heap Roots: 0.20ms
[381.034s][info][gc,phases      ] GC(138)   Evacuate Optional Collection Set: 10.51ms
[381.034s][info][gc,phases      ] GC(138)   Post Evacuate Collection Set: 1.15ms
[381.034s][info][gc,phases      ] GC(138)   Other: 0.83ms
[381.034s][info][gc,heap        ] GC(138) Eden regions: 1037->0(1127)
[381.034s][info][gc,heap        ] GC(138) Survivor regions: 82->74(140)
[381.034s][info][gc,heap        ] GC(138) Old regions: 658->565
[381.034s][info][gc,heap        ] GC(138) Humongous regions: 77->77
[381.034s][info][gc,metaspace   ] GC(138) Metaspace: 28830K(29184K)->28830K(29184K) NonClass: 23947K(24128K)->23947K(24128K) Class: 4883K(5056K)->4883K(5056K)
[381.034s][info][gc             ] GC(138) Pause Young (Mixed) (G1 Evacuation Pause) 3705M->1430M(4096M) 148.223ms
[381.034s][info][gc,cpu         ] GC(138) User=0.88s Sys=0.00s Real=0.14s
..[382.664s][info][gc,start       ] GC(139) Pause Young (Concurrent Start) (G1 Evacuation Pause)
[382.664s][info][gc,task        ] GC(139) Using 6 workers of 6 for evacuation
[382.777s][info][gc,phases      ] GC(139)   Pre Evacuate Collection Set: 0.36ms
[382.777s][info][gc,phases      ] GC(139)   Merge Heap Roots: 0.57ms
[382.777s][info][gc,phases      ] GC(139)   Evacuate Collection Set: 110.63ms
[382.777s][info][gc,phases      ] GC(139)   Post Evacuate Collection Set: 0.89ms
[382.777s][info][gc,phases      ] GC(139)   Other: 0.12ms
[382.777s][info][gc,heap        ] GC(139) Eden regions: 1127->0(1063)
[382.777s][info][gc,heap        ] GC(139) Survivor regions: 74->120(151)
[382.777s][info][gc,heap        ] GC(139) Old regions: 565->565
[382.777s][info][gc,heap        ] GC(139) Humongous regions: 77->77
[382.777s][info][gc,metaspace   ] GC(139) Metaspace: 28830K(29184K)->28830K(29184K) NonClass: 23947K(24128K)->23947K(24128K) Class: 4883K(5056K)->4883K(5056K)
[382.777s][info][gc             ] GC(139) Pause Young (Concurrent Start) (G1 Evacuation Pause) 3684M->1521M(4096M) 112.696ms
[382.777s][info][gc             ] GC(140) Concurrent Mark Cycle
[382.777s][info][gc,marking     ] GC(140) Concurrent Scan Root Regions
[382.777s][info][gc,cpu         ] GC(139) User=0.67s Sys=0.00s Real=0.12s
[382.930s][info][gc,marking     ] GC(140) Concurrent Scan Root Regions 153.266ms
[382.930s][info][gc,marking     ] GC(140) Concurrent Mark
[382.930s][info][gc,marking     ] GC(140) Concurrent Mark From Roots
[382.930s][info][gc,task        ] GC(140) Using 2 workers of 2 for marking
.[384.185s][info][gc,marking     ] GC(140) Concurrent Mark From Roots 1254.910ms
[384.185s][info][gc,marking     ] GC(140) Concurrent Preclean
[384.185s][info][gc,marking     ] GC(140) Concurrent Preclean 0.084ms
[384.203s][info][gc,start       ] GC(140) Pause Remark
[384.209s][info][gc             ] GC(140) Pause Remark 3075M->3075M(4096M) 5.729ms
[384.209s][info][gc,cpu         ] GC(140) User=0.03s Sys=0.00s Real=0.01s
[384.209s][info][gc,marking     ] GC(140) Concurrent Mark 1278.652ms
[384.209s][info][gc,marking     ] GC(140) Concurrent Rebuild Remembered Sets and Scrub Regions
[384.792s][info][gc,start       ] GC(141) Pause Young (Normal) (G1 Evacuation Pause)
[384.792s][info][gc,task        ] GC(141) Using 6 workers of 6 for evacuation
[384.910s][info][gc,phases      ] GC(141)   Pre Evacuate Collection Set: 0.35ms
[384.910s][info][gc,phases      ] GC(141)   Merge Heap Roots: 0.55ms
[384.910s][info][gc,phases      ] GC(141)   Evacuate Collection Set: 115.80ms
[384.910s][info][gc,phases      ] GC(141)   Post Evacuate Collection Set: 0.93ms
[384.910s][info][gc,phases      ] GC(141)   Other: 0.09ms
[384.910s][info][gc,heap        ] GC(141) Eden regions: 1063->0(1070)
[384.910s][info][gc,heap        ] GC(141) Survivor regions: 120->68(148)
[384.910s][info][gc,heap        ] GC(141) Old regions: 565->638
[384.910s][info][gc,heap        ] GC(141) Humongous regions: 77->77
[384.910s][info][gc,metaspace   ] GC(141) Metaspace: 28830K(29184K)->28830K(29184K) NonClass: 23947K(24128K)->23947K(24128K) Class: 4883K(5056K)->4883K(5056K)
[384.910s][info][gc             ] GC(141) Pause Young (Normal) (G1 Evacuation Pause) 3647M->1563M(4096M) 117.852ms
[384.910s][info][gc,cpu         ] GC(141) User=0.70s Sys=0.00s Real=0.12s
[384.911s][info][gc,marking     ] GC(140) Concurrent Rebuild Remembered Sets and Scrub Regions 701.834ms
[384.911s][info][gc,start       ] GC(140) Pause Cleanup
[384.911s][info][gc             ] GC(140) Pause Cleanup 1567M->1567M(4096M) 0.127ms
[384.911s][info][gc,cpu         ] GC(140) User=0.00s Sys=0.00s Real=0.00s
[384.911s][info][gc,marking     ] GC(140) Concurrent Clear Claimed Marks
[384.911s][info][gc,marking     ] GC(140) Concurrent Clear Claimed Marks 0.028ms
[384.911s][info][gc,marking     ] GC(140) Concurrent Cleanup for Next Mark
[384.916s][info][gc,marking     ] GC(140) Concurrent Cleanup for Next Mark 4.893ms
[384.916s][info][gc             ] GC(140) Concurrent Mark Cycle 2139.155ms
..[386.223s][info][gc,start       ] GC(142) Pause Young (Prepare Mixed) (G1 Evacuation Pause)
[386.223s][info][gc,task        ] GC(142) Using 6 workers of 6 for evacuation
[386.372s][info][gc,phases      ] GC(142)   Pre Evacuate Collection Set: 0.32ms
[386.372s][info][gc,phases      ] GC(142)   Merge Heap Roots: 0.50ms
[386.372s][info][gc,phases      ] GC(142)   Evacuate Collection Set: 147.46ms
[386.372s][info][gc,phases      ] GC(142)   Post Evacuate Collection Set: 1.02ms
[386.372s][info][gc,phases      ] GC(142)   Other: 0.09ms
[386.372s][info][gc,heap        ] GC(142) Eden regions: 1070->0(1002)
[386.372s][info][gc,heap        ] GC(142) Survivor regions: 68->114(143)
[386.372s][info][gc,heap        ] GC(142) Old regions: 638->638
[386.372s][info][gc,heap        ] GC(142) Humongous regions: 77->77
[386.372s][info][gc,metaspace   ] GC(142) Metaspace: 28830K(29184K)->28830K(29184K) NonClass: 23947K(24128K)->23947K(24128K) Class: 4883K(5056K)->4883K(5056K)
[386.372s][info][gc             ] GC(142) Pause Young (Prepare Mixed) (G1 Evacuation Pause) 3703M->1655M(4096M) 149.515ms
[386.372s][info][gc,cpu         ] GC(142) User=0.61s Sys=0.00s Real=0.15s
[387.669s][info][gc,start       ] GC(143) Pause Young (Mixed) (G1 Evacuation Pause)
[387.669s][info][gc,task        ] GC(143) Using 6 workers of 6 for evacuation
[387.814s][info][gc,phases      ] GC(143)   Pre Evacuate Collection Set: 0.38ms
[387.814s][info][gc,phases      ] GC(143)   Merge Heap Roots: 0.65ms
[387.814s][info][gc,phases      ] GC(143)   Evacuate Collection Set: 139.14ms
[387.814s][info][gc,phases      ] GC(143)   Merge Optional Heap Roots: 0.12ms
[387.814s][info][gc,phases      ] GC(143)   Evacuate Optional Collection Set: 4.11ms
[387.814s][info][gc,phases      ] GC(143)   Post Evacuate Collection Set: 1.05ms
[387.814s][info][gc,phases      ] GC(143)   Other: 0.10ms
[387.814s][info][gc,heap        ] GC(143) Eden regions: 1002->0(1113)
[387.814s][info][gc,heap        ] GC(143) Survivor regions: 114->115(140)
[387.814s][info][gc,heap        ] GC(143) Old regions: 638->508
[387.814s][info][gc,heap        ] GC(143) Humongous regions: 77->77
[387.814s][info][gc,metaspace   ] GC(143) Metaspace: 28830K(29184K)->28830K(29184K) NonClass: 23947K(24128K)->23947K(24128K) Class: 4883K(5056K)->4883K(5056K)
[387.814s][info][gc             ] GC(143) Pause Young (Mixed) (G1 Evacuation Pause) 3659M->1398M(4096M) 145.695ms
[387.815s][info][gc,cpu         ] GC(143) User=0.87s Sys=0.00s Real=0.15s
.. (rIR:aIR:PR = 11548:11228:10988) (tPR = 164637) [PR is under limit] 
   388s: Re-initializing (term[389.280s][info][gc,start       ] GC(144) Pause Young (Concurrent Start) (G1 Evacuation Pause)
[389.280s][info][gc,task        ] GC(144) Using 6 workers of 6 for evacuation
[389.450s][info][gc,phases      ] GC(144)   Pre Evacuate Collection Set: 0.39ms
[389.450s][info][gc,phases      ] GC(144)   Merge Heap Roots: 0.74ms
[389.450s][info][gc,phases      ] GC(144)   Evacuate Collection Set: 168.29ms
[389.450s][info][gc,phases      ] GC(144)   Post Evacuate Collection Set: 0.92ms
[389.450s][info][gc,phases      ] GC(144)   Other: 0.10ms
[389.450s][info][gc,heap        ] GC(144) Eden regions: 1113->0(1105)
[389.450s][info][gc,heap        ] GC(144) Survivor regions: 115->111(154)
[389.450s][info][gc,heap        ] GC(144) Old regions: 508->541
[389.450s][info][gc,heap        ] GC(144) Humongous regions: 77->77
[389.450s][info][gc,metaspace   ] GC(144) Metaspace: 28830K(29184K)->28830K(29184K) NonClass: 23947K(24128K)->23947K(24128K) Class: 4883K(5056K)->4883K(5056K)
[389.450s][info][gc             ] GC(144) Pause Young (Concurrent Start) (G1 Evacuation Pause) 3624M->1455M(4096M) 170.576ms
[389.450s][info][gc             ] GC(145) Concurrent Mark Cycle
[389.450s][info][gc,marking     ] GC(145) Concurrent Scan Root Regions
[389.450s][info][gc,cpu         ] GC(144) User=0.74s Sys=0.00s Real=0.17s
[389.599s][info][gc,marking     ] GC(145) Concurrent Scan Root Regions 148.923ms
[389.599s][info][gc,marking     ] GC(145) Concurrent Mark
[389.599s][info][gc,marking     ] GC(145) Concurrent Mark From Roots
[389.599s][info][gc,task        ] GC(145) Using 2 workers of 2 for marking
[390.867s][info][gc,marking     ] GC(145) Concurrent Mark From Roots 1268.113ms
[390.867s][info][gc,marking     ] GC(145) Concurrent Preclean
[390.867s][info][gc,marking     ] GC(145) Concurrent Preclean 0.069ms
[390.869s][info][gc,start       ] GC(145) Pause Remark
[390.874s][info][gc             ] GC(145) Pause Remark 3015M->3015M(4096M) 4.432ms
[390.874s][info][gc,cpu         ] GC(145) User=0.02s Sys=0.00s Real=0.00s
[390.874s][info][gc,marking     ] GC(145) Concurrent Mark 1274.529ms
[390.874s][info][gc,marking     ] GC(145) Concurrent Rebuild Remembered Sets and Scrub Regions
[391.179s][info][gc,marking     ] GC(145) Concurrent Rebuild Remembered Sets and Scrub Regions 305.428ms
[391.181s][info][gc,start       ] GC(145) Pause Cleanup
[391.181s][info][gc             ] GC(145) Pause Cleanup 3447M->3447M(4096M) 0.165ms
[391.181s][info][gc,cpu         ] GC(145) User=0.00s Sys=0.00s Real=0.00s
[391.181s][info][gc,marking     ] GC(145) Concurrent Clear Claimed Marks
[391.181s][info][gc,marking     ] GC(145) Concurrent Clear Claimed Marks 0.042ms
[391.181s][info][gc,marking     ] GC(145) Concurrent Cleanup for Next Mark
[391.186s][info][gc,marking     ] GC(145) Concurrent Cleanup for Next Mark 4.218ms
[391.186s][info][gc             ] GC(145) Concurrent Mark Cycle 1735.469ms
[391.376s][info][gc,start       ] GC(146) Pause Young (Prepare Mixed) (G1 Evacuation Pause)
[391.376s][info][gc,task        ] GC(146) Using 6 workers of 6 for evacuation
[391.505s][info][gc,phases      ] GC(146)   Pre Evacuate Collection Set: 0.32ms
[391.505s][info][gc,phases      ] GC(146)   Merge Heap Roots: 0.57ms
[391.505s][info][gc,phases      ] GC(146)   Evacuate Collection Set: 126.91ms
[391.505s][info][gc,phases      ] GC(146)   Post Evacuate Collection Set: 0.93ms
[391.505s][info][gc,phases      ] GC(146)   Other: 0.10ms
[391.505s][info][gc,heap        ] GC(146) Eden regions: 1105->0(1054)
[391.505s][info][gc,heap        ] GC(146) Survivor regions: 111->122(152)
[391.505s][info][gc,heap        ] GC(146) Old regions: 541->570
[391.505s][info][gc,heap        ] GC(146) Humongous regions: 77->77
[391.505s][info][gc,metaspace   ] GC(146) Metaspace: 28831K(29184K)->28831K(29184K) NonClass: 23947K(24128K)->23947K(24128K) Class: 4883K(5056K)->4883K(5056K)
[391.505s][info][gc             ] GC(146) Pause Young (Prepare Mixed) (G1 Evacuation Pause) 3665M->1535M(4096M) 128.972ms
[391.505s][info][gc,cpu         ] GC(146) User=0.77s Sys=0.00s Real=0.13s
[393.034s][info][gc,start       ] GC(147) Pause Young (Mixed) (G1 Evacuation Pause)
[393.034s][info][gc,task        ] GC(147) Using 6 workers of 6 for evacuation
[393.184s][info][gc,phases      ] GC(147)   Pre Evacuate Collection Set: 0.36ms
[393.184s][info][gc,phases      ] GC(147)   Merge Heap Roots: 0.65ms
[393.184s][info][gc,phases      ] GC(147)   Evacuate Collection Set: 148.39ms
[393.184s][info][gc,phases      ] GC(147)   Post Evacuate Collection Set: 0.81ms
[393.184s][info][gc,phases      ] GC(147)   Other: 0.10ms
[393.184s][info][gc,heap        ] GC(147) Eden regions: 1054->0(1157)
[393.184s][info][gc,heap        ] GC(147) Survivor regions: 122->71(147)
[393.184s][info][gc,heap        ] GC(147) Old regions: 570->530
[393.184s][info][gc,heap        ] GC(147) Humongous regions: 77->77
[393.184s][info][gc,metaspace   ] GC(147) Metaspace: 28831K(29184K)->28831K(29184K) NonClass: 23947K(24128K)->23947K(24128K) Class: 4883K(5056K)->4883K(5056K)
[393.184s][info][gc             ] GC(147) Pause Young (Mixed) (G1 Evacuation Pause) 3643M->1353M(4096M) 150.440ms
[393.185s][info][gc,cpu         ] GC(147) User=0.89s Sys=0.00s Real=0.16s
) [393.231s][info][gc,start       ] GC(148) Pause Full (System.gc())
[393.231s][info][gc,task        ] GC(148) Using 6 workers of 6 for full compaction
[393.232s][info][gc,phases,start] GC(148) Phase 1: Mark live objects
[393.247s][info][gc,phases      ] GC(148) Phase 1: Mark live objects 14.825ms
[393.247s][info][gc,phases,start] GC(148) Phase 2: Prepare compaction
[393.249s][info][gc,phases      ] GC(148) Phase 2: Prepare compaction 1.831ms
[393.249s][info][gc,phases,start] GC(148) Phase 3: Adjust pointers
[393.255s][info][gc,phases      ] GC(148) Phase 3: Adjust pointers 6.131ms
[393.255s][info][gc,phases,start] GC(148) Phase 4: Compact heap
[393.257s][info][gc,phases      ] GC(148) Phase 4: Compact heap 1.844ms
[393.257s][info][gc,phases,start] GC(148) Phase 5: Reset Metadata
[393.261s][info][gc,phases      ] GC(148) Phase 5: Reset Metadata 4.242ms
[393.267s][info][gc,heap        ] GC(148) Eden regions: 34->0(1228)
[393.267s][info][gc,heap        ] GC(148) Survivor regions: 71->0(147)
[393.267s][info][gc,heap        ] GC(148) Old regions: 530->34
[393.267s][info][gc,heap        ] GC(148) Humongous regions: 77->66
[393.267s][info][gc,metaspace   ] GC(148) Metaspace: 28831K(29184K)->28831K(29184K) NonClass: 23947K(24128K)->23947K(24128K) Class: 4883K(5056K)->4883K(5056K)
[393.267s][info][gc             ] GC(148) Pause Full (System.gc()) 1420M->194M(4096M) 35.540ms
[393.267s][info][gc,cpu         ] GC(148) User=0.18s Sys=0.00s Real=0.04s
(init[393.503s][info][gc,start       ] GC(149) Pause Young (Concurrent Start) (G1 Humongous Allocation)
[393.503s][info][gc,task        ] GC(149) Using 6 workers of 6 for evacuation
[393.512s][info][gc,phases      ] GC(149)   Pre Evacuate Collection Set: 0.35ms
[393.512s][info][gc,phases      ] GC(149)   Merge Heap Roots: 0.03ms
[393.512s][info][gc,phases      ] GC(149)   Evacuate Collection Set: 8.25ms
[393.512s][info][gc,phases      ] GC(149)   Post Evacuate Collection Set: 0.25ms
[393.512s][info][gc,phases      ] GC(149)   Other: 0.06ms
[393.512s][info][gc,heap        ] GC(149) Eden regions: 31->0(1219)
[393.512s][info][gc,heap        ] GC(149) Survivor regions: 0->9(154)
[393.512s][info][gc,heap        ] GC(149) Old regions: 34->34
[393.512s][info][gc,heap        ] GC(149) Humongous regions: 66->66
[393.512s][info][gc,metaspace   ] GC(149) Metaspace: 28831K(29184K)->28831K(29184K) NonClass: 23947K(24128K)->23947K(24128K) Class: 4883K(5056K)->4883K(5056K)
[393.512s][info][gc             ] GC(149) Pause Young (Concurrent Start) (G1 Humongous Allocation) 255M->211M(4096M) 9.076ms
[393.513s][info][gc             ] GC(150) Concurrent Mark Cycle
[393.513s][info][gc,cpu         ] GC(149) User=0.05s Sys=0.00s Real=0.01s
[393.513s][info][gc,marking     ] GC(150) Concurrent Scan Root Regions
[393.517s][info][gc,marking     ] GC(150) Concurrent Scan Root Regions 4.864ms
[393.517s][info][gc,marking     ] GC(150) Concurrent Mark
[393.517s][info][gc,marking     ] GC(150) Concurrent Mark From Roots
[393.517s][info][gc,task        ] GC(150) Using 2 workers of 2 for marking
[393.576s][info][gc,marking     ] GC(150) Concurrent Mark From Roots 58.587ms
[393.576s][info][gc,marking     ] GC(150) Concurrent Preclean
[393.576s][info][gc,marking     ] GC(150) Concurrent Preclean 0.078ms
[393.576s][info][gc,start       ] GC(150) Pause Remark
[393.578s][info][gc             ] GC(150) Pause Remark 341M->341M(4096M) 1.817ms
[393.578s][info][gc,cpu         ] GC(150) User=0.00s Sys=0.00s Real=0.00s
[393.578s][info][gc,marking     ] GC(150) Concurrent Mark 60.658ms
[393.578s][info][gc,marking     ] GC(150) Concurrent Rebuild Remembered Sets and Scrub Regions
[393.604s][info][gc,marking     ] GC(150) Concurrent Rebuild Remembered Sets and Scrub Regions 25.417ms
[393.604s][info][gc,start       ] GC(150) Pause Cleanup
[393.604s][info][gc             ] GC(150) Pause Cleanup 409M->409M(4096M) 0.083ms
[393.604s][info][gc,cpu         ] GC(150) User=0.00s Sys=0.00s Real=0.00s
[393.604s][info][gc,marking     ] GC(150) Concurrent Clear Claimed Marks
[393.604s][info][gc,marking     ] GC(150) Concurrent Clear Claimed Marks 0.028ms
[393.604s][info][gc,marking     ] GC(150) Concurrent Cleanup for Next Mark
[393.608s][info][gc,marking     ] GC(150) Concurrent Cleanup for Next Mark 4.331ms
[393.608s][info][gc             ] GC(150) Concurrent Mark Cycle 95.629ms
) ... OK
   397s: high-bound for max-jOPS is measured to be 13837
   397s: 
   397s: Restarting (term) [397.548s][info][gc,start       ] GC(151) Pause Full (System.gc())
[397.548s][info][gc,task        ] GC(151) Using 6 workers of 6 for full compaction
[397.548s][info][gc,phases,start] GC(151) Phase 1: Mark live objects
[397.563s][info][gc,phases      ] GC(151) Phase 1: Mark live objects 14.532ms
[397.563s][info][gc,phases,start] GC(151) Phase 2: Prepare compaction
[397.565s][info][gc,phases      ] GC(151) Phase 2: Prepare compaction 2.255ms
[397.565s][info][gc,phases,start] GC(151) Phase 3: Adjust pointers
[397.572s][info][gc,phases      ] GC(151) Phase 3: Adjust pointers 6.833ms
[397.572s][info][gc,phases,start] GC(151) Phase 4: Compact heap
[397.574s][info][gc,phases      ] GC(151) Phase 4: Compact heap 2.238ms
[397.574s][info][gc,phases,start] GC(151) Phase 5: Reset Metadata
[397.578s][info][gc,phases      ] GC(151) Phase 5: Reset Metadata 4.207ms
[397.585s][info][gc,heap        ] GC(151) Eden regions: 929->0(1228)
[397.585s][info][gc,heap        ] GC(151) Survivor regions: 9->0(154)
[397.585s][info][gc,heap        ] GC(151) Old regions: 34->34
[397.585s][info][gc,heap        ] GC(151) Humongous regions: 163->66
[397.585s][info][gc,metaspace   ] GC(151) Metaspace: 28842K(29184K)->28842K(29184K) NonClass: 23958K(24128K)->23958K(24128K) Class: 4883K(5056K)->4883K(5056K)
[397.585s][info][gc             ] GC(151) Pause Full (System.gc()) 2261M->194M(4096M) 36.906ms
[397.585s][info][gc,cpu         ] GC(151) User=0.19s Sys=0.00s Real=0.04s
(init[397.821s][info][gc,start       ] GC(152) Pause Young (Concurrent Start) (G1 Humongous Allocation)
[397.821s][info][gc,task        ] GC(152) Using 6 workers of 6 for evacuation
[397.834s][info][gc,phases      ] GC(152)   Pre Evacuate Collection Set: 0.34ms
[397.834s][info][gc,phases      ] GC(152)   Merge Heap Roots: 0.03ms
[397.834s][info][gc,phases      ] GC(152)   Evacuate Collection Set: 12.89ms
[397.834s][info][gc,phases      ] GC(152)   Post Evacuate Collection Set: 0.27ms
[397.834s][info][gc,phases      ] GC(152)   Other: 0.09ms
[397.834s][info][gc,heap        ] GC(152) Eden regions: 47->0(1215)
[397.834s][info][gc,heap        ] GC(152) Survivor regions: 0->13(154)
[397.834s][info][gc,heap        ] GC(152) Old regions: 34->34
[397.834s][info][gc,heap        ] GC(152) Humongous regions: 66->66
[397.834s][info][gc,metaspace   ] GC(152) Metaspace: 28842K(29184K)->28842K(29184K) NonClass: 23959K(24128K)->23959K(24128K) Class: 4883K(5056K)->4883K(5056K)
[397.834s][info][gc             ] GC(152) Pause Young (Concurrent Start) (G1 Humongous Allocation) 288M->220M(4096M) 13.749ms
[397.834s][info][gc             ] GC(153) Concurrent Mark Cycle
[397.834s][info][gc,cpu         ] GC(152) User=0.08s Sys=0.00s Real=0.02s
[397.834s][info][gc,marking     ] GC(153) Concurrent Scan Root Regions
[397.843s][info][gc,marking     ] GC(153) Concurrent Scan Root Regions 8.629ms
[397.843s][info][gc,marking     ] GC(153) Concurrent Mark
[397.843s][info][gc,marking     ] GC(153) Concurrent Mark From Roots
[397.843s][info][gc,task        ] GC(153) Using 2 workers of 2 for marking
[397.904s][info][gc,marking     ] GC(153) Concurrent Mark From Roots 60.423ms
[397.904s][info][gc,marking     ] GC(153) Concurrent Preclean
[397.904s][info][gc,marking     ] GC(153) Concurrent Preclean 0.091ms
[397.904s][info][gc,start       ] GC(153) Pause Remark
[397.906s][info][gc             ] GC(153) Pause Remark 415M->415M(4096M) 1.690ms
[397.906s][info][gc,cpu         ] GC(153) User=0.01s Sys=0.00s Real=0.01s
[397.906s][info][gc,marking     ] GC(153) Concurrent Mark 62.380ms
[397.906s][info][gc,marking     ] GC(153) Concurrent Rebuild Remembered Sets and Scrub Regions
[397.948s][info][gc,marking     ] GC(153) Concurrent Rebuild Remembered Sets and Scrub Regions 42.155ms
[397.948s][info][gc,start       ] GC(153) Pause Cleanup
[397.948s][info][gc             ] GC(153) Pause Cleanup 530M->530M(4096M) 0.093ms
[397.948s][info][gc,cpu         ] GC(153) User=0.00s Sys=0.00s Real=0.00s
[397.948s][info][gc,marking     ] GC(153) Concurrent Clear Claimed Marks
[397.948s][info][gc,marking     ] GC(153) Concurrent Clear Claimed Marks 0.065ms
[397.948s][info][gc,marking     ] GC(153) Concurrent Cleanup for Next Mark
[397.955s][info][gc,marking     ] GC(153) Concurrent Cleanup for Next Mark 6.595ms
[397.955s][info][gc             ] GC(153) Concurrent Mark Cycle 120.418ms
) ... OK
   401s: 
   401s: Warmup for building throughput-responsetime curve
   401s: (10%)   IR =   1384 ..[404.792s][info][gc,start       ] GC(154) Pause Young (Prepare Mixed) (G1 Evacuation Pause)
[404.792s][info][gc,task        ] GC(154) Using 6 workers of 6 for evacuation
[405.273s][info][gc,mmu         ] GC(154) MMU target violated: 201.0ms (200.0ms/201.0ms)
[405.273s][info][gc,phases      ] GC(154)   Pre Evacuate Collection Set: 0.31ms
[405.273s][info][gc,phases      ] GC(154)   Merge Heap Roots: 0.61ms
[405.273s][info][gc,phases      ] GC(154)   Evacuate Collection Set: 478.70ms
[405.273s][info][gc,phases      ] GC(154)   Post Evacuate Collection Set: 1.28ms
[405.273s][info][gc,phases      ] GC(154)   Other: 0.11ms
[405.273s][info][gc,heap        ] GC(154) Eden regions: 1215->0(474)
[405.273s][info][gc,heap        ] GC(154) Survivor regions: 13->154(154)
[405.273s][info][gc,heap        ] GC(154) Old regions: 34->344
[405.273s][info][gc,heap        ] GC(154) Humongous regions: 163->155
[405.273s][info][gc,metaspace   ] GC(154) Metaspace: 28848K(29184K)->28848K(29184K) NonClass: 23964K(24128K)->23964K(24128K) Class: 4883K(5056K)->4883K(5056K)
[405.273s][info][gc             ] GC(154) Pause Young (Prepare Mixed) (G1 Evacuation Pause) 2844M->1300M(4096M) 481.107ms
[405.273s][info][gc,cpu         ] GC(154) User=2.87s Sys=0.00s Real=0.48s
....[408.952s][info][gc,start       ] GC(155) Pause Young (Mixed) (G1 Evacuation Pause)
[408.952s][info][gc,task        ] GC(155) Using 6 workers of 6 for evacuation
[409.151s][info][gc,phases      ] GC(155)   Pre Evacuate Collection Set: 0.34ms
[409.151s][info][gc,phases      ] GC(155)   Merge Heap Roots: 0.62ms
[409.151s][info][gc,phases      ] GC(155)   Evacuate Collection Set: 197.37ms
[409.151s][info][gc,phases      ] GC(155)   Post Evacuate Collection Set: 0.68ms
[409.151s][info][gc,phases      ] GC(155)   Other: 0.07ms
[409.151s][info][gc,heap        ] GC(155) Eden regions: 467->0(592)
[409.151s][info][gc,heap        ] GC(155) Survivor regions: 154->29(78)
[409.151s][info][gc,heap        ] GC(155) Old regions: 344->496
[409.151s][info][gc,heap        ] GC(155) Humongous regions: 155->155
[409.151s][info][gc,metaspace   ] GC(155) Metaspace: 28848K(29184K)->28848K(29184K) NonClass: 23964K(24128K)->23964K(24128K) Class: 4883K(5056K)->4883K(5056K)
[409.151s][info][gc             ] GC(155) Pause Young (Mixed) (G1 Evacuation Pause) 2234M->1354M(4096M) 199.245ms
[409.151s][info][gc,cpu         ] GC(155) User=1.18s Sys=0.00s Real=0.20s
......[414.398s][info][gc,start       ] GC(156) Pause Young (Concurrent Start) (G1 Evacuation Pause)
[414.398s][info][gc,task        ] GC(156) Using 6 workers of 6 for evacuation
[414.457s][info][gc,phases      ] GC(156)   Pre Evacuate Collection Set: 0.36ms
[414.457s][info][gc,phases      ] GC(156)   Merge Heap Roots: 0.41ms
[414.457s][info][gc,phases      ] GC(156)   Evacuate Collection Set: 57.18ms
[414.457s][info][gc,phases      ] GC(156)   Post Evacuate Collection Set: 0.66ms
[414.457s][info][gc,phases      ] GC(156)   Other: 0.09ms
[414.457s][info][gc,heap        ] GC(156) Eden regions: 649->0(650)
[414.457s][info][gc,heap        ] GC(156) Survivor regions: 29->59(85)
[414.457s][info][gc,heap        ] GC(156) Old regions: 496->496
[414.457s][info][gc,heap        ] GC(156) Humongous regions: 155->155
[414.457s][info][gc,metaspace   ] GC(156) Metaspace: 28849K(29184K)->28849K(29184K) NonClass: 23965K(24128K)->23965K(24128K) Class: 4883K(5056K)->4883K(5056K)
[414.457s][info][gc             ] GC(156) Pause Young (Concurrent Start) (G1 Evacuation Pause) 2652M->1414M(4096M) 58.841ms
[414.457s][info][gc             ] GC(157) Concurrent Mark Cycle
[414.457s][info][gc,marking     ] GC(157) Concurrent Scan Root Regions
[414.457s][info][gc,cpu         ] GC(156) User=0.34s Sys=0.00s Real=0.06s
[414.532s][info][gc,marking     ] GC(157) Concurrent Scan Root Regions 75.003ms
[414.532s][info][gc,marking     ] GC(157) Concurrent Mark
[414.532s][info][gc,marking     ] GC(157) Concurrent Mark From Roots
[414.532s][info][gc,task        ] GC(157) Using 2 workers of 2 for marking
.[415.469s][info][gc,marking     ] GC(157) Concurrent Mark From Roots 937.207ms
[415.469s][info][gc,marking     ] GC(157) Concurrent Preclean
[415.469s][info][gc,marking     ] GC(157) Concurrent Preclean 0.054ms
[415.469s][info][gc,start       ] GC(157) Pause Remark
[415.474s][info][gc             ] GC(157) Pause Remark 1695M->1487M(4096M) 4.692ms
[415.474s][info][gc,cpu         ] GC(157) User=0.03s Sys=0.00s Real=0.00s
[415.474s][info][gc,marking     ] GC(157) Concurrent Mark 942.214ms
[415.474s][info][gc,marking     ] GC(157) Concurrent Rebuild Remembered Sets and Scrub Regions
[415.799s][info][gc,marking     ] GC(157) Concurrent Rebuild Remembered Sets and Scrub Regions 325.404ms
[415.800s][info][gc,start       ] GC(157) Pause Cleanup
[415.800s][info][gc             ] GC(157) Pause Cleanup 1549M->1549M(4096M) 0.099ms
[415.800s][info][gc,cpu         ] GC(157) User=0.00s Sys=0.00s Real=0.00s
[415.800s][info][gc,marking     ] GC(157) Concurrent Clear Claimed Marks
[415.800s][info][gc,marking     ] GC(157) Concurrent Clear Claimed Marks 0.031ms
[415.800s][info][gc,marking     ] GC(157) Concurrent Cleanup for Next Mark
[415.803s][info][gc,marking     ] GC(157) Concurrent Cleanup for Next Mark 3.676ms
[415.804s][info][gc             ] GC(157) Concurrent Mark Cycle 1346.765ms
....[419.941s][info][gc,start       ] GC(158) Pause Young (Prepare Mixed) (G1 Evacuation Pause)
[419.941s][info][gc,task        ] GC(158) Using 6 workers of 6 for evacuation
[420.016s][info][gc,phases      ] GC(158)   Pre Evacuate Collection Set: 0.33ms
[420.016s][info][gc,phases      ] GC(158)   Merge Heap Roots: 0.53ms
[420.016s][info][gc,phases      ] GC(158)   Evacuate Collection Set: 73.72ms
[420.016s][info][gc,phases      ] GC(158)   Post Evacuate Collection Set: 0.66ms
[420.016s][info][gc,phases      ] GC(158)   Other: 0.07ms
[420.016s][info][gc,heap        ] GC(158) Eden regions: 648->0(1001)
[420.016s][info][gc,heap        ] GC(158) Survivor regions: 59->64(89)
[420.016s][info][gc,heap        ] GC(158) Old regions: 472->492
[420.016s][info][gc,heap        ] GC(158) Humongous regions: 75->75
[420.016s][info][gc,metaspace   ] GC(158) Metaspace: 28849K(29184K)->28849K(29184K) NonClass: 23965K(24128K)->23965K(24128K) Class: 4883K(5056K)->4883K(5056K)
[420.016s][info][gc             ] GC(158) Pause Young (Prepare Mixed) (G1 Evacuation Pause) 2502M->1257M(4096M) 75.443ms
[420.017s][info][gc,cpu         ] GC(158) User=0.44s Sys=0.00s Real=0.08s
.........[429.193s][info][gc,start       ] GC(159) Pause Young (Mixed) (G1 Evacuation Pause)
[429.193s][info][gc,task        ] GC(159) Using 6 workers of 6 for evacuation
[429.288s][info][gc,phases      ] GC(159)   Pre Evacuate Collection Set: 0.39ms
[429.288s][info][gc,phases      ] GC(159)   Merge Heap Roots: 0.51ms
[429.288s][info][gc,phases      ] GC(159)   Evacuate Collection Set: 92.69ms
[429.288s][info][gc,phases      ] GC(159)   Merge Optional Heap Roots: 0.02ms
[429.288s][info][gc,phases      ] GC(159)   Evacuate Optional Collection Set: 0.28ms
[429.288s][info][gc,phases      ] GC(159)   Post Evacuate Collection Set: 0.89ms
[429.288s][info][gc,phases      ] GC(159)   Other: 0.10ms
[429.288s][info][gc,heap        ] GC(159) Eden regions: 1065->0(958)
[429.288s][info][gc,heap        ] GC(159) Survivor regions: 64->105(142)
[429.288s][info][gc,heap        ] GC(159) Old regions: 492->471
[429.288s][info][gc,heap        ] GC(159) Humongous regions: 75->75
[429.288s][info][gc,metaspace   ] GC(159) Metaspace: 28856K(29184K)->28856K(29184K) NonClass: 23973K(24128K)->23973K(24128K) Class: 4883K(5056K)->4883K(5056K)
[429.288s][info][gc             ] GC(159) Pause Young (Mixed) (G1 Evacuation Pause) 3387M->1298M(4096M) 95.004ms
[429.288s][info][gc,cpu         ] GC(159) User=0.57s Sys=0.00s Real=0.10s
.........[437.923s][info][gc,start       ] GC(160) Pause Young (Mixed) (G1 Evacuation Pause)
[437.923s][info][gc,task        ] GC(160) Using 6 workers of 6 for evacuation
[438.039s][info][gc,phases      ] GC(160)   Pre Evacuate Collection Set: 0.31ms
[438.039s][info][gc,phases      ] GC(160)   Merge Heap Roots: 0.38ms
[438.039s][info][gc,phases      ] GC(160)   Evacuate Collection Set: 114.39ms
[438.039s][info][gc,phases      ] GC(160)   Post Evacuate Collection Set: 0.84ms
[438.039s][info][gc,phases      ] GC(160)   Other: 0.08ms
[438.039s][info][gc,heap        ] GC(160) Eden regions: 1021->0(1090)
[438.039s][info][gc,heap        ] GC(160) Survivor regions: 105->95(141)
[438.039s][info][gc,heap        ] GC(160) Old regions: 471->509
[438.039s][info][gc,heap        ] GC(160) Humongous regions: 77->77
[438.039s][info][gc,metaspace   ] GC(160) Metaspace: 28859K(29184K)->28859K(29184K) NonClass: 23975K(24128K)->23975K(24128K) Class: 4883K(5056K)->4883K(5056K)
[438.039s][info][gc             ] GC(160) Pause Young (Mixed) (G1 Evacuation Pause) 3344M->1358M(4096M) 116.112ms
[438.039s][info][gc,cpu         ] GC(160) User=0.69s Sys=0.00s Real=0.12s
..........[447.940s][info][gc,start       ] GC(161) Pause Young (Mixed) (G1 Evacuation Pause)
[447.940s][info][gc,task        ] GC(161) Using 6 workers of 6 for evacuation
[448.054s][info][gc,phases      ] GC(161)   Pre Evacuate Collection Set: 0.36ms
[448.054s][info][gc,phases      ] GC(161)   Merge Heap Roots: 0.49ms
[448.054s][info][gc,phases      ] GC(161)   Evacuate Collection Set: 112.36ms
[448.054s][info][gc,phases      ] GC(161)   Post Evacuate Collection Set: 0.97ms
[448.054s][info][gc,phases      ] GC(161)   Other: 0.09ms
[448.054s][info][gc,heap        ] GC(161) Eden regions: 1090->0(1040)
[448.054s][info][gc,heap        ] GC(161) Survivor regions: 95->99(149)
[448.054s][info][gc,heap        ] GC(161) Old regions: 509->536
[448.054s][info][gc,heap        ] GC(161) Humongous regions: 77->77
[448.054s][info][gc,metaspace   ] GC(161) Metaspace: 28859K(29184K)->28859K(29184K) NonClass: 23976K(24128K)->23976K(24128K) Class: 4883K(5056K)->4883K(5056K)
[448.054s][info][gc             ] GC(161) Pause Young (Mixed) (G1 Evacuation Pause) 3538M->1421M(4096M) 114.405ms
[448.054s][info][gc,cpu         ] GC(161) User=0.68s Sys=0.00s Real=0.11s
...........[459.118s][info][gc,start       ] GC(162) Pause Young (Concurrent Start) (G1 Evacuation Pause)
[459.118s][info][gc,task        ] GC(162) Using 6 workers of 6 for evacuation
[459.232s][info][gc,phases      ] GC(162)   Pre Evacuate Collection Set: 0.43ms
[459.232s][info][gc,phases      ] GC(162)   Merge Heap Roots: 0.46ms
[459.232s][info][gc,phases      ] GC(162)   Evacuate Collection Set: 111.96ms
[459.232s][info][gc,phases      ] GC(162)   Post Evacuate Collection Set: 0.86ms
[459.232s][info][gc,phases      ] GC(162)   Other: 0.12ms
[459.232s][info][gc,heap        ] GC(162) Eden regions: 1087->0(1074)
[459.232s][info][gc,heap        ] GC(162) Survivor regions: 99->104(149)
[459.232s][info][gc,heap        ] GC(162) Old regions: 536->568
[459.232s][info][gc,heap        ] GC(162) Humongous regions: 77->77
[459.232s][info][gc,metaspace   ] GC(162) Metaspace: 28859K(29184K)->28859K(29184K) NonClass: 23976K(24128K)->23976K(24128K) Class: 4883K(5056K)->4883K(5056K)
[459.232s][info][gc             ] GC(162) Pause Young (Concurrent Start) (G1 Evacuation Pause) 3595M->1495M(4096M) 113.953ms
[459.232s][info][gc             ] GC(163) Concurrent Mark Cycle
[459.232s][info][gc,marking     ] GC(163) Concurrent Scan Root Regions
[459.232s][info][gc,cpu         ] GC(162) User=0.68s Sys=0.00s Real=0.11s
.[459.400s][info][gc,marking     ] GC(163) Concurrent Scan Root Regions 167.526ms
[459.400s][info][gc,marking     ] GC(163) Concurrent Mark
[459.400s][info][gc,marking     ] GC(163) Concurrent Mark From Roots
[459.400s][info][gc,task        ] GC(163) Using 2 workers of 2 for marking
[460.184s][info][gc,marking     ] GC(163) Concurrent Mark From Roots 783.762ms
[460.184s][info][gc,marking     ] GC(163) Concurrent Preclean
[460.184s][info][gc,marking     ] GC(163) Concurrent Preclean 0.053ms
[460.184s][info][gc,start       ] GC(163) Pause Remark
[460.188s][info][gc             ] GC(163) Pause Remark 1701M->1701M(4096M) 3.758ms
[460.188s][info][gc,cpu         ] GC(163) User=0.02s Sys=0.00s Real=0.01s
[460.188s][info][gc,marking     ] GC(163) Concurrent Mark 787.823ms
[460.188s][info][gc,marking     ] GC(163) Concurrent Rebuild Remembered Sets and Scrub Regions
.[460.534s][info][gc,marking     ] GC(163) Concurrent Rebuild Remembered Sets and Scrub Regions 346.684ms
[460.534s][info][gc,start       ] GC(163) Pause Cleanup
[460.535s][info][gc             ] GC(163) Pause Cleanup 1755M->1755M(4096M) 0.171ms
[460.535s][info][gc,cpu         ] GC(163) User=0.00s Sys=0.00s Real=0.00s
[460.535s][info][gc,marking     ] GC(163) Concurrent Clear Claimed Marks
[460.535s][info][gc,marking     ] GC(163) Concurrent Clear Claimed Marks 0.030ms
[460.535s][info][gc,marking     ] GC(163) Concurrent Cleanup for Next Mark
[460.538s][info][gc,marking     ] GC(163) Concurrent Cleanup for Next Mark 3.629ms
[460.538s][info][gc             ] GC(163) Concurrent Mark Cycle 1306.233ms
..........[471.305s][info][gc,start       ] GC(164) Pause Young (Prepare Mixed) (G1 Evacuation Pause)
[471.305s][info][gc,task        ] GC(164) Using 6 workers of 6 for evacuation
[471.423s][info][gc,phases      ] GC(164)   Pre Evacuate Collection Set: 0.33ms
[471.423s][info][gc,phases      ] GC(164)   Merge Heap Roots: 0.53ms
[471.423s][info][gc,phases      ] GC(164)   Evacuate Collection Set: 116.29ms
[471.423s][info][gc,phases      ] GC(164)   Post Evacuate Collection Set: 0.92ms
[471.423s][info][gc,phases      ] GC(164)   Other: 0.09ms
[471.423s][info][gc,heap        ] GC(164) Eden regions: 1074->0(1050)
[471.423s][info][gc,heap        ] GC(164) Survivor regions: 104->107(148)
[471.423s][info][gc,heap        ] GC(164) Old regions: 568->604
[471.423s][info][gc,heap        ] GC(164) Humongous regions: 77->77
[471.423s][info][gc,metaspace   ] GC(164) Metaspace: 28860K(29184K)->28860K(29184K) NonClass: 23976K(24128K)->23976K(24128K) Class: 4883K(5056K)->4883K(5056K)
[471.424s][info][gc             ] GC(164) Pause Young (Prepare Mixed) (G1 Evacuation Pause) 3643M->1573M(4096M) 118.284ms
[471.424s][info][gc,cpu         ] GC(164) User=0.70s Sys=0.00s Real=0.11s
.............[483.451s][info][gc,start       ] GC(165) Pause Young (Mixed) (G1 Evacuation Pause)
[483.451s][info][gc,task        ] GC(165) Using 6 workers of 6 for evacuation
[483.583s][info][gc,phases      ] GC(165)   Pre Evacuate Collection Set: 0.45ms
[483.584s][info][gc,phases      ] GC(165)   Merge Heap Roots: 0.59ms
[483.584s][info][gc,phases      ] GC(165)   Evacuate Collection Set: 126.97ms
[483.584s][info][gc,phases      ] GC(165)   Merge Optional Heap Roots: 0.04ms
[483.584s][info][gc,phases      ] GC(165)   Evacuate Optional Collection Set: 3.04ms
[483.584s][info][gc,phases      ] GC(165)   Post Evacuate Collection Set: 1.13ms
[483.584s][info][gc,phases      ] GC(165)   Other: 0.11ms
[483.584s][info][gc,heap        ] GC(165) Eden regions: 1050->0(1122)
[483.584s][info][gc,heap        ] GC(165) Survivor regions: 107->106(145)
[483.584s][info][gc,heap        ] GC(165) Old regions: 604->466
[483.584s][info][gc,heap        ] GC(165) Humongous regions: 77->77
[483.584s][info][gc,metaspace   ] GC(165) Metaspace: 28863K(29184K)->28863K(29184K) NonClass: 23980K(24128K)->23980K(24128K) Class: 4883K(5056K)->4883K(5056K)
[483.584s][info][gc             ] GC(165) Pause Young (Mixed) (G1 Evacuation Pause) 3673M->1295M(4096M) 132.471ms
[483.584s][info][gc,cpu         ] GC(165) User=0.79s Sys=0.00s Real=0.13s
.............[496.835s][info][gc,start       ] GC(166) Pause Young (Mixed) (G1 Evacuation Pause)
[496.835s][info][gc,task        ] GC(166) Using 6 workers of 6 for evacuation
[496.956s][info][gc,phases      ] GC(166)   Pre Evacuate Collection Set: 0.38ms
[496.956s][info][gc,phases      ] GC(166)   Merge Heap Roots: 0.53ms
[496.956s][info][gc,phases      ] GC(166)   Evacuate Collection Set: 119.29ms
[496.956s][info][gc,phases      ] GC(166)   Post Evacuate Collection Set: 0.95ms
[496.956s][info][gc,phases      ] GC(166)   Other: 0.09ms
[496.956s][info][gc,heap        ] GC(166) Eden regions: 1122->0(1120)
[496.956s][info][gc,heap        ] GC(166) Survivor regions: 106->108(154)
[496.956s][info][gc,heap        ] GC(166) Old regions: 466->491
[496.956s][info][gc,heap        ] GC(166) Humongous regions: 77->77
[496.956s][info][gc,metaspace   ] GC(166) Metaspace: 28867K(29184K)->28867K(29184K) NonClass: 23983K(24128K)->23983K(24128K) Class: 4883K(5056K)->4883K(5056K)
[496.956s][info][gc             ] GC(166) Pause Young (Mixed) (G1 Evacuation Pause) 3539M->1350M(4096M) 121.355ms
[496.956s][info][gc,cpu         ] GC(166) User=0.72s Sys=0.00s Real=0.12s
.............[510.247s][info][gc,start       ] GC(167) Pause Young (Concurrent Start) (G1 Evacuation Pause)
[510.247s][info][gc,task        ] GC(167) Using 6 workers of 6 for evacuation
[510.366s][info][gc,phases      ] GC(167)   Pre Evacuate Collection Set: 0.46ms
[510.366s][info][gc,phases      ] GC(167)   Merge Heap Roots: 0.55ms
[510.366s][info][gc,phases      ] GC(167)   Evacuate Collection Set: 116.10ms
[510.366s][info][gc,phases      ] GC(167)   Post Evacuate Collection Set: 0.96ms
[510.366s][info][gc,phases      ] GC(167)   Other: 0.13ms
[510.366s][info][gc,heap        ] GC(167) Eden regions: 1120->0(1118)
[510.366s][info][gc,heap        ] GC(167) Survivor regions: 108->110(154)
[510.366s][info][gc,heap        ] GC(167) Old regions: 491->524
[510.366s][info][gc,heap        ] GC(167) Humongous regions: 77->77
[510.366s][info][gc,metaspace   ] GC(167) Metaspace: 28867K(29184K)->28867K(29184K) NonClass: 23983K(24128K)->23983K(24128K) Class: 4883K(5056K)->4883K(5056K)
[510.366s][info][gc             ] GC(167) Pause Young (Concurrent Start) (G1 Evacuation Pause) 3590M->1419M(4096M) 118.327ms
[510.366s][info][gc             ] GC(168) Concurrent Mark Cycle
[510.366s][info][gc,marking     ] GC(168) Concurrent Scan Root Regions
[510.366s][info][gc,cpu         ] GC(167) User=0.70s Sys=0.00s Real=0.12s
.[510.530s][info][gc,marking     ] GC(168) Concurrent Scan Root Regions 164.395ms
[510.530s][info][gc,marking     ] GC(168) Concurrent Mark
[510.530s][info][gc,marking     ] GC(168) Concurrent Mark From Roots
[510.530s][info][gc,task        ] GC(168) Using 2 workers of 2 for marking
[511.409s][info][gc,marking     ] GC(168) Concurrent Mark From Roots 879.133ms
[511.409s][info][gc,marking     ] GC(168) Concurrent Preclean
[511.409s][info][gc,marking     ] GC(168) Concurrent Preclean 0.058ms
[511.410s][info][gc,start       ] GC(168) Pause Remark
[511.412s][info][gc             ] GC(168) Pause Remark 1624M->1624M(4096M) 2.788ms
[511.412s][info][gc,cpu         ] GC(168) User=0.01s Sys=0.00s Real=0.00s
[511.412s][info][gc,marking     ] GC(168) Concurrent Mark 882.216ms
[511.412s][info][gc,marking     ] GC(168) Concurrent Rebuild Remembered Sets and Scrub Regions
.[511.604s][info][gc,marking     ] GC(168) Concurrent Rebuild Remembered Sets and Scrub Regions 191.900ms
[511.604s][info][gc,start       ] GC(168) Pause Cleanup
[511.605s][info][gc             ] GC(168) Pause Cleanup 1652M->1652M(4096M) 0.141ms
[511.605s][info][gc,cpu         ] GC(168) User=0.00s Sys=0.00s Real=0.00s
[511.605s][info][gc,marking     ] GC(168) Concurrent Clear Claimed Marks
[511.605s][info][gc,marking     ] GC(168) Concurrent Clear Claimed Marks 0.028ms
[511.605s][info][gc,marking     ] GC(168) Concurrent Cleanup for Next Mark
[511.608s][info][gc,marking     ] GC(168) Concurrent Cleanup for Next Mark 3.114ms
[511.608s][info][gc             ] GC(168) Concurrent Mark Cycle 1242.108ms
............[523.540s][info][gc,start       ] GC(169) Pause Young (Prepare Mixed) (G1 Evacuation Pause)
[523.540s][info][gc,task        ] GC(169) Using 6 workers of 6 for evacuation
[523.659s][info][gc,phases      ] GC(169)   Pre Evacuate Collection Set: 0.35ms
[523.659s][info][gc,phases      ] GC(169)   Merge Heap Roots: 0.53ms
[523.659s][info][gc,phases      ] GC(169)   Evacuate Collection Set: 116.78ms
[523.659s][info][gc,phases      ] GC(169)   Post Evacuate Collection Set: 0.96ms
[523.659s][info][gc,phases      ] GC(169)   Other: 0.09ms
[523.659s][info][gc,heap        ] GC(169) Eden regions: 1118->0(1090)
[523.659s][info][gc,heap        ] GC(169) Survivor regions: 110->110(154)
[523.659s][info][gc,heap        ] GC(169) Old regions: 524->558
[523.659s][info][gc,heap        ] GC(169) Humongous regions: 77->77
[523.659s][info][gc,metaspace   ] GC(169) Metaspace: 28868K(29184K)->28868K(29184K) NonClass: 23984K(24128K)->23984K(24128K) Class: 4883K(5056K)->4883K(5056K)
[523.659s][info][gc             ] GC(169) Pause Young (Prepare Mixed) (G1 Evacuation Pause) 3655M->1486M(4096M) 118.853ms
[523.659s][info][gc,cpu         ] GC(169) User=0.71s Sys=0.00s Real=0.12s
............[536.449s][info][gc,start       ] GC(170) Pause Young (Mixed) (G1 Evacuation Pause)
[536.449s][info][gc,task        ] GC(170) Using 6 workers of 6 for evacuation
[536.582s][info][gc,phases      ] GC(170)   Pre Evacuate Collection Set: 0.43ms
[536.582s][info][gc,phases      ] GC(170)   Merge Heap Roots: 0.65ms
[536.582s][info][gc,phases      ] GC(170)   Evacuate Collection Set: 130.82ms
[536.582s][info][gc,phases      ] GC(170)   Post Evacuate Collection Set: 1.01ms
[536.582s][info][gc,phases      ] GC(170)   Other: 0.09ms
[536.582s][info][gc,heap        ] GC(170) Eden regions: 1090->0(1121)
[536.582s][info][gc,heap        ] GC(170) Survivor regions: 110->107(150)
[536.582s][info][gc,heap        ] GC(170) Old regions: 558->462
[536.582s][info][gc,heap        ] GC(170) Humongous regions: 77->77
[536.582s][info][gc,metaspace   ] GC(170) Metaspace: 28870K(29184K)->28870K(29184K) NonClass: 23987K(24128K)->23987K(24128K) Class: 4883K(5056K)->4883K(5056K)
[536.582s][info][gc             ] GC(170) Pause Young (Mixed) (G1 Evacuation Pause) 3666M->1290M(4096M) 133.139ms
[536.582s][info][gc,cpu         ] GC(170) User=0.79s Sys=0.00s Real=0.13s
..............[549.872s][info][gc,start       ] GC(171) Pause Young (Concurrent Start) (G1 Evacuation Pause)
[549.873s][info][gc,task        ] GC(171) Using 6 workers of 6 for evacuation
[549.991s][info][gc,phases      ] GC(171)   Pre Evacuate Collection Set: 0.41ms
[549.991s][info][gc,phases      ] GC(171)   Merge Heap Roots: 0.51ms
[549.991s][info][gc,phases      ] GC(171)   Evacuate Collection Set: 116.78ms
[549.991s][info][gc,phases      ] GC(171)   Post Evacuate Collection Set: 0.88ms
[549.991s][info][gc,phases      ] GC(171)   Other: 0.13ms
[549.991s][info][gc,heap        ] GC(171) Eden regions: 1121->0(1119)
[549.991s][info][gc,heap        ] GC(171) Survivor regions: 107->109(154)
[549.991s][info][gc,heap        ] GC(171) Old regions: 462->495
[549.991s][info][gc,heap        ] GC(171) Humongous regions: 77->77
[549.991s][info][gc,metaspace   ] GC(171) Metaspace: 28870K(29184K)->28870K(29184K) NonClass: 23987K(24128K)->23987K(24128K) Class: 4883K(5056K)->4883K(5056K)
[549.991s][info][gc             ] GC(171) Pause Young (Concurrent Start) (G1 Evacuation Pause) 3532M->1360M(4096M) 118.830ms
[549.991s][info][gc             ] GC(172) Concurrent Mark Cycle
[549.991s][info][gc,marking     ] GC(172) Concurrent Scan Root Regions
[549.991s][info][gc,cpu         ] GC(171) User=0.71s Sys=0.00s Real=0.12s
[550.123s][info][gc,marking     ] GC(172) Concurrent Scan Root Regions 131.270ms
[550.123s][info][gc,marking     ] GC(172) Concurrent Mark
[550.123s][info][gc,marking     ] GC(172) Concurrent Mark From Roots
[550.123s][info][gc,task        ] GC(172) Using 2 workers of 2 for marking
.[550.623s][info][gc,marking     ] GC(172) Concurrent Mark From Roots 500.224ms
[550.623s][info][gc,marking     ] GC(172) Concurrent Preclean
[550.623s][info][gc,marking     ] GC(172) Concurrent Preclean 0.049ms
[550.623s][info][gc,start       ] GC(172) Pause Remark
[550.626s][info][gc             ] GC(172) Pause Remark 1492M->1492M(4096M) 2.440ms
[550.626s][info][gc,cpu         ] GC(172) User=0.02s Sys=0.00s Real=0.01s
[550.626s][info][gc,marking     ] GC(172) Concurrent Mark 502.956ms
[550.626s][info][gc,marking     ] GC(172) Concurrent Rebuild Remembered Sets and Scrub Regions
[550.819s][info][gc,marking     ] GC(172) Concurrent Rebuild Remembered Sets and Scrub Regions 193.644ms
[550.819s][info][gc,start       ] GC(172) Pause Cleanup
[550.820s][info][gc             ] GC(172) Pause Cleanup 1518M->1518M(4096M) 0.129ms
[550.820s][info][gc,cpu         ] GC(172) User=0.00s Sys=0.00s Real=0.00s
[550.820s][info][gc,marking     ] GC(172) Concurrent Clear Claimed Marks
[550.820s][info][gc,marking     ] GC(172) Concurrent Clear Claimed Marks 0.032ms
[550.820s][info][gc,marking     ] GC(172) Concurrent Cleanup for Next Mark
[550.823s][info][gc,marking     ] GC(172) Concurrent Cleanup for Next Mark 3.199ms
[550.823s][info][gc             ] GC(172) Concurrent Mark Cycle 831.601ms
............[563.320s][info][gc,start       ] GC(173) Pause Young (Prepare Mixed) (G1 Evacuation Pause)
[563.320s][info][gc,task        ] GC(173) Using 6 workers of 6 for evacuation
[563.438s][info][gc,phases      ] GC(173)   Pre Evacuate Collection Set: 0.32ms
[563.438s][info][gc,phases      ] GC(173)   Merge Heap Roots: 0.55ms
[563.438s][info][gc,phases      ] GC(173)   Evacuate Collection Set: 115.48ms
[563.438s][info][gc,phases      ] GC(173)   Post Evacuate Collection Set: 0.95ms
[563.438s][info][gc,phases      ] GC(173)   Other: 0.09ms
[563.438s][info][gc,heap        ] GC(173) Eden regions: 1119->0(1119)
[563.438s][info][gc,heap        ] GC(173) Survivor regions: 109->109(154)
[563.438s][info][gc,heap        ] GC(173) Old regions: 495->528
[563.438s][info][gc,heap        ] GC(173) Humongous regions: 77->77
[563.438s][info][gc,metaspace   ] GC(173) Metaspace: 28870K(29184K)->28870K(29184K) NonClass: 23987K(24128K)->23987K(24128K) Class: 4883K(5056K)->4883K(5056K)
[563.438s][info][gc             ] GC(173) Pause Young (Prepare Mixed) (G1 Evacuation Pause) 3598M->1424M(4096M) 117.505ms
[563.438s][info][gc,cpu         ] GC(173) User=0.70s Sys=0.00s Real=0.12s
..............[576.931s][info][gc,start       ] GC(174) Pause Young (Mixed) (G1 Evacuation Pause)
[576.931s][info][gc,task        ] GC(174) Using 6 workers of 6 for evacuation
[577.062s][info][gc,phases      ] GC(174)   Pre Evacuate Collection Set: 0.39ms
[577.062s][info][gc,phases      ] GC(174)   Merge Heap Roots: 0.68ms
[577.062s][info][gc,phases      ] GC(174)   Evacuate Collection Set: 129.39ms
[577.062s][info][gc,phases      ] GC(174)   Post Evacuate Collection Set: 0.93ms
[577.062s][info][gc,phases      ] GC(174)   Other: 0.10ms
[577.062s][info][gc,heap        ] GC(174) Eden regions: 1119->0(1119)
[577.062s][info][gc,heap        ] GC(174) Survivor regions: 109->109(154)
[577.062s][info][gc,heap        ] GC(174) Old regions: 528->463
[577.062s][info][gc,heap        ] GC(174) Humongous regions: 77->77
[577.062s][info][gc,metaspace   ] GC(174) Metaspace: 28871K(29184K)->28871K(29184K) NonClass: 23987K(24128K)->23987K(24128K) Class: 4883K(5056K)->4883K(5056K)
[577.062s][info][gc             ] GC(174) Pause Young (Mixed) (G1 Evacuation Pause) 3662M->1295M(4096M) 131.620ms
[577.062s][info][gc,cpu         ] GC(174) User=0.78s Sys=0.01s Real=0.13s
...... (rIR:aIR:PR = 1384:1384:1384) (tPR = 21214) [OK] 
   582s: 
   582s: Building throughput-responsetime curve
   582s: ( 0%)   IR =      0 ...|............................................................ (rIR:aIR:PR = 0:0:0) (tPR = 0) [OK] 
   645s: Performance info:
         Transaction,    Success,    Partial,     Failed,   Receipts, AvgBarcode, 
         Response times:
             Request,    Success,    Partial,     Failed,   SkipFail,     Probes,    Samples,      min,      p50,      p90,      p95,      p99,      max, 

   645s: ( 1%)   IR =    138 ....|............................................................ (rIR:aIR:PR = 138:138:138) (tPR = 2066) [OK] 
   709s: Performance info:
         Transaction,    Success,    Partial,     Failed,   Receipts, AvgBarcode, 
             Overall,       8298,          0,          0,       7880,      59.48, 
         Response times:
             Request,    Success,    Partial,     Failed,   SkipFail,     Probes,    Samples,      min,      p50,      p90,      p95,      p99,      max, 
       TotalPurchase,       7880,          0,          0,          0,       7328,       8426,      300,      400,      500,      600,      800,     1400,
     InStorePurchase,       4145,          0,          0,          0,       3887,       4414,      300,      400,      500,      600,      800,     1200,
      OnlinePurchase,       2905,          0,          0,          0,       2710,       3108,      300,      400,      600,      600,      800,     1400,
        InstPurchase,        830,          0,          0,          0,        731,        904,      300,      500,      600,      700,      900,     1000,
          AssocOfCat,          8,          0,          0,          0,          7,          8,    22000,    22500,    26000,    26000,    26000,    26000,
      AssocOfProduct,         83,          0,          0,          0,         82,         87,      500,      600,      700,      800,      800,      800,
      BusinessReport,         24,          0,          0,          0,         22,         22,    23000,    26000,    30100,    38650,    40000,    40000,
          CustBuyBeh,         83,          0,          0,          0,         81,         87,      200,      300,      300,      400,      700,      700,
       ProductReturn,        220,          0,          0,          0,        162,        245,      200,      300,      400,      500,      600,      600,

   709s: ( 2%)   IR =    277 ....|.[715.574s][info][gc,start       ] GC(175) Pause Young (Concurrent Start) (G1 Evacuation Pause)
[715.574s][info][gc,task        ] GC(175) Using 6 workers of 6 for evacuation
[715.691s][info][gc,phases      ] GC(175)   Pre Evacuate Collection Set: 0.40ms
[715.691s][info][gc,phases      ] GC(175)   Merge Heap Roots: 0.56ms
[715.691s][info][gc,phases      ] GC(175)   Evacuate Collection Set: 114.89ms
[715.691s][info][gc,phases      ] GC(175)   Post Evacuate Collection Set: 0.91ms
[715.691s][info][gc,phases      ] GC(175)   Other: 0.12ms
[715.691s][info][gc,heap        ] GC(175) Eden regions: 1119->0(1120)
[715.691s][info][gc,heap        ] GC(175) Survivor regions: 109->108(154)
[715.691s][info][gc,heap        ] GC(175) Old regions: 463->496
[715.691s][info][gc,heap        ] GC(175) Humongous regions: 77->77
[715.691s][info][gc,metaspace   ] GC(175) Metaspace: 28876K(29184K)->28876K(29184K) NonClass: 23993K(24128K)->23993K(24128K) Class: 4883K(5056K)->4883K(5056K)
[715.691s][info][gc             ] GC(175) Pause Young (Concurrent Start) (G1 Evacuation Pause) 3533M->1359M(4096M) 117.021ms
[715.691s][info][gc             ] GC(176) Concurrent Mark Cycle
[715.691s][info][gc,marking     ] GC(176) Concurrent Scan Root Regions
[715.691s][info][gc,cpu         ] GC(175) User=0.69s Sys=0.00s Real=0.12s
.[715.805s][info][gc,marking     ] GC(176) Concurrent Scan Root Regions 114.674ms
[715.805s][info][gc,marking     ] GC(176) Concurrent Mark
[715.805s][info][gc,marking     ] GC(176) Concurrent Mark From Roots
[715.805s][info][gc,task        ] GC(176) Using 2 workers of 2 for marking
[716.280s][info][gc,marking     ] GC(176) Concurrent Mark From Roots 474.115ms
[716.280s][info][gc,marking     ] GC(176) Concurrent Preclean
[716.280s][info][gc,marking     ] GC(176) Concurrent Preclean 0.052ms
[716.280s][info][gc,start       ] GC(176) Pause Remark
[716.282s][info][gc             ] GC(176) Pause Remark 1396M->1396M(4096M) 2.148ms
[716.282s][info][gc,cpu         ] GC(176) User=0.01s Sys=0.00s Real=0.00s
[716.282s][info][gc,marking     ] GC(176) Concurrent Mark 476.541ms
[716.282s][info][gc,marking     ] GC(176) Concurrent Rebuild Remembered Sets and Scrub Regions
[716.472s][info][gc,marking     ] GC(176) Concurrent Rebuild Remembered Sets and Scrub Regions 190.373ms
[716.473s][info][gc,start       ] GC(176) Pause Cleanup
[716.473s][info][gc             ] GC(176) Pause Cleanup 1399M->1399M(4096M) 0.115ms
[716.473s][info][gc,cpu         ] GC(176) User=0.00s Sys=0.00s Real=0.00s
[716.473s][info][gc,marking     ] GC(176) Concurrent Clear Claimed Marks
[716.473s][info][gc,marking     ] GC(176) Concurrent Clear Claimed Marks 0.026ms
[716.473s][info][gc,marking     ] GC(176) Concurrent Cleanup for Next Mark
[716.476s][info][gc,marking     ] GC(176) Concurrent Cleanup for Next Mark 3.553ms
[716.476s][info][gc             ] GC(176) Concurrent Mark Cycle 785.591ms
.......................................................... (rIR:aIR:PR = 277:277:277) (tPR = 4198) [OK] 
   773s: Performance info:
         Transaction,    Success,    Partial,     Failed,   Receipts, AvgBarcode, 
             Overall,      16636,          0,          0,      15804,      59.48, 
         Response times:
             Request,    Success,    Partial,     Failed,   SkipFail,     Probes,    Samples,      min,      p50,      p90,      p95,      p99,      max, 
       TotalPurchase,      15804,          0,          0,          0,      15010,      16712,      300,      500,      700,      800,     1000,   121000,
     InStorePurchase,       8317,          0,          0,          0,       7963,       8748,      300,      500,      700,      800,     1000,   121000,
      OnlinePurchase,       5824,          0,          0,          0,       5530,       6164,      300,      500,      700,      800,     1000,   118000,
        InstPurchase,       1663,          0,          0,          0,       1517,       1800,      400,      500,      800,      895,     1000,     6700,
          AssocOfCat,         17,          0,          0,          0,         16,         16,    17200,    22000,    24000,    24000,    24000,    24000,
      AssocOfProduct,        167,          0,          0,          0,        125,        194,      400,      700,     1000,     1100,     1215,     1500,
      BusinessReport,         42,          0,          0,          0,         37,         42,    19200,    25500,    31700,    33700,    45000,    45000,
          CustBuyBeh,        165,          0,          0,          0,        120,        170,      100,      300,      500,      600,     2177,     3100,
       ProductReturn,        441,          0,          0,          0,        358,        484,      200,      300,      600,      700,     2175,     3900,

   773s: ( 3%)   IR =    415 .....|[779.469s][info][gc,start       ] GC(177) Pause Young (Prepare Mixed) (G1 Evacuation Pause)
[779.469s][info][gc,task        ] GC(177) Using 6 workers of 6 for evacuation
[779.585s][info][gc,phases      ] GC(177)   Pre Evacuate Collection Set: 0.36ms
[779.585s][info][gc,phases      ] GC(177)   Merge Heap Roots: 0.53ms
[779.585s][info][gc,phases      ] GC(177)   Evacuate Collection Set: 113.90ms
[779.585s][info][gc,phases      ] GC(177)   Post Evacuate Collection Set: 0.94ms
[779.585s][info][gc,phases      ] GC(177)   Other: 0.09ms
[779.585s][info][gc,heap        ] GC(177) Eden regions: 1120->0(1120)
[779.585s][info][gc,heap        ] GC(177) Survivor regions: 108->108(154)
[779.585s][info][gc,heap        ] GC(177) Old regions: 496->528
[779.585s][info][gc,heap        ] GC(177) Humongous regions: 77->77
[779.585s][info][gc,metaspace   ] GC(177) Metaspace: 28882K(29184K)->28882K(29184K) NonClass: 23998K(24128K)->23998K(24128K) Class: 4883K(5056K)->4883K(5056K)
[779.585s][info][gc             ] GC(177) Pause Young (Prepare Mixed) (G1 Evacuation Pause) 3599M->1423M(4096M) 115.938ms
[779.585s][info][gc,cpu         ] GC(177) User=0.69s Sys=0.00s Real=0.12s
.............................................[824.472s][info][gc,start       ] GC(178) Pause Young (Mixed) (G1 Evacuation Pause)
[824.472s][info][gc,task        ] GC(178) Using 6 workers of 6 for evacuation
[824.605s][info][gc,phases      ] GC(178)   Pre Evacuate Collection Set: 0.39ms
[824.605s][info][gc,phases      ] GC(178)   Merge Heap Roots: 0.64ms
[824.605s][info][gc,phases      ] GC(178)   Evacuate Collection Set: 130.52ms
[824.605s][info][gc,phases      ] GC(178)   Post Evacuate Collection Set: 1.00ms
[824.605s][info][gc,phases      ] GC(178)   Other: 0.10ms
[824.605s][info][gc,heap        ] GC(178) Eden regions: 1120->0(1120)
[824.605s][info][gc,heap        ] GC(178) Survivor regions: 108->108(154)
[824.605s][info][gc,heap        ] GC(178) Old regions: 528->464
[824.605s][info][gc,heap        ] GC(178) Humongous regions: 77->77
[824.605s][info][gc,metaspace   ] GC(178) Metaspace: 28882K(29184K)->28882K(29184K) NonClass: 23998K(24128K)->23998K(24128K) Class: 4883K(5056K)->4883K(5056K)
[824.605s][info][gc             ] GC(178) Pause Young (Mixed) (G1 Evacuation Pause) 3663M->1294M(4096M) 132.775ms
[824.605s][info][gc,cpu         ] GC(178) User=0.79s Sys=0.00s Real=0.14s
............... (rIR:aIR:PR = 415:415:415) (tPR = 6265) [OK] 
   838s: Performance info:
         Transaction,    Success,    Partial,     Failed,   Receipts, AvgBarcode, 
             Overall,      24924,          0,          0,      23685,      59.48, 
         Response times:
             Request,    Success,    Partial,     Failed,   SkipFail,     Probes,    Samples,      min,      p50,      p90,      p95,      p99,      max, 
       TotalPurchase,      23685,          0,          0,          0,      22635,      25238,      300,      600,      900,     1000,     1300,   135000,
     InStorePurchase,      12460,          0,          0,          0,      11952,      13211,      300,      600,      900,     1000,     1300,   118000,
      OnlinePurchase,       8731,          0,          0,          0,       8368,       9376,      300,      600,      900,     1000,     1200,   135000,
        InstPurchase,       2494,          0,          0,          0,       2315,       2651,      400,      600,      900,     1000,     1300,   118000,
          AssocOfCat,         25,          0,          0,          0,         21,         26,    18300,    23000,    26000,    26650,    27000,    27000,
      AssocOfProduct,        249,          0,          0,          0,        189,        262,      400,      800,     1100,     1200,     1637,     3100,
      BusinessReport,         64,          0,          0,          0,         62,         67,    18700,    25000,    30000,    30000,    42000,    42000,
          CustBuyBeh,        245,          0,          0,          0,        197,        274,      200,      500,      800,      800,      900,     1000,
       ProductReturn,        656,          0,          0,          0,        560,        720,      200,      500,      790,      900,     1100,     3300,

   838s: ( 4%)   IR =    553 ......|.................[862.065s][info][gc,start       ] GC(179) Pause Young (Concurrent Start) (G1 Evacuation Pause)
[862.065s][info][gc,task        ] GC(179) Using 6 workers of 6 for evacuation
[862.180s][info][gc,phases      ] GC(179)   Pre Evacuate Collection Set: 0.40ms
[862.180s][info][gc,phases      ] GC(179)   Merge Heap Roots: 0.51ms
[862.180s][info][gc,phases      ] GC(179)   Evacuate Collection Set: 113.63ms
[862.180s][info][gc,phases      ] GC(179)   Post Evacuate Collection Set: 0.91ms
[862.180s][info][gc,phases      ] GC(179)   Other: 0.09ms
[862.180s][info][gc,heap        ] GC(179) Eden regions: 1120->0(1120)
[862.180s][info][gc,heap        ] GC(179) Survivor regions: 108->108(154)
[862.180s][info][gc,heap        ] GC(179) Old regions: 464->496
[862.180s][info][gc,heap        ] GC(179) Humongous regions: 77->77
[862.180s][info][gc,metaspace   ] GC(179) Metaspace: 28883K(29184K)->28883K(29184K) NonClass: 23999K(24128K)->23999K(24128K) Class: 4883K(5056K)->4883K(5056K)
[862.181s][info][gc             ] GC(179) Pause Young (Concurrent Start) (G1 Evacuation Pause) 3534M->1359M(4096M) 115.667ms
[862.181s][info][gc             ] GC(180) Concurrent Mark Cycle
[862.181s][info][gc,marking     ] GC(180) Concurrent Scan Root Regions
[862.181s][info][gc,cpu         ] GC(179) User=0.69s Sys=0.00s Real=0.11s
[862.294s][info][gc,marking     ] GC(180) Concurrent Scan Root Regions 113.267ms
[862.294s][info][gc,marking     ] GC(180) Concurrent Mark
[862.294s][info][gc,marking     ] GC(180) Concurrent Mark From Roots
[862.294s][info][gc,task        ] GC(180) Using 2 workers of 2 for marking
[862.786s][info][gc,marking     ] GC(180) Concurrent Mark From Roots 491.728ms
[862.786s][info][gc,marking     ] GC(180) Concurrent Preclean
[862.786s][info][gc,marking     ] GC(180) Concurrent Preclean 0.037ms
[862.786s][info][gc,start       ] GC(180) Pause Remark
[862.788s][info][gc             ] GC(180) Pause Remark 1417M->1417M(4096M) 2.161ms
[862.788s][info][gc,cpu         ] GC(180) User=0.01s Sys=0.00s Real=0.00s
[862.788s][info][gc,marking     ] GC(180) Concurrent Mark 494.152ms
[862.788s][info][gc,marking     ] GC(180) Concurrent Rebuild Remembered Sets and Scrub Regions
.[862.976s][info][gc,marking     ] GC(180) Concurrent Rebuild Remembered Sets and Scrub Regions 188.101ms
[862.976s][info][gc,start       ] GC(180) Pause Cleanup
[862.976s][info][gc             ] GC(180) Pause Cleanup 1426M->1426M(4096M) 0.125ms
[862.976s][info][gc,cpu         ] GC(180) User=0.00s Sys=0.00s Real=0.00s
[862.976s][info][gc,marking     ] GC(180) Concurrent Clear Claimed Marks
[862.976s][info][gc,marking     ] GC(180) Concurrent Clear Claimed Marks 0.030ms
[862.976s][info][gc,marking     ] GC(180) Concurrent Cleanup for Next Mark
[862.980s][info][gc,marking     ] GC(180) Concurrent Cleanup for Next Mark 3.207ms
[862.980s][info][gc             ] GC(180) Concurrent Mark Cycle 799.223ms
.................................[896.128s][info][gc,start       ] GC(181) Pause Young (Prepare Mixed) (G1 Evacuation Pause)
[896.128s][info][gc,task        ] GC(181) Using 6 workers of 6 for evacuation
[896.244s][info][gc,phases      ] GC(181)   Pre Evacuate Collection Set: 0.37ms
[896.244s][info][gc,phases      ] GC(181)   Merge Heap Roots: 0.52ms
[896.244s][info][gc,phases      ] GC(181)   Evacuate Collection Set: 114.57ms
[896.244s][info][gc,phases      ] GC(181)   Post Evacuate Collection Set: 0.94ms
[896.244s][info][gc,phases      ] GC(181)   Other: 0.10ms
[896.244s][info][gc,heap        ] GC(181) Eden regions: 1120->0(1120)
[896.244s][info][gc,heap        ] GC(181) Survivor regions: 108->108(154)
[896.244s][info][gc,heap        ] GC(181) Old regions: 496->529
[896.244s][info][gc,heap        ] GC(181) Humongous regions: 77->77
[896.244s][info][gc,metaspace   ] GC(181) Metaspace: 28890K(29184K)->28890K(29184K) NonClass: 24006K(24128K)->24006K(24128K) Class: 4883K(5056K)->4883K(5056K)
[896.244s][info][gc             ] GC(181) Pause Young (Prepare Mixed) (G1 Evacuation Pause) 3599M->1425M(4096M) 116.639ms
[896.244s][info][gc,cpu         ] GC(181) User=0.69s Sys=0.00s Real=0.11s
......... (rIR:aIR:PR = 553:553:553) (tPR = 8270) [OK] 
   904s: Performance info:
         Transaction,    Success,    Partial,     Failed,   Receipts, AvgBarcode, 
             Overall,      33220,          0,          0,      31558,      59.49, 
         Response times:
             Request,    Success,    Partial,     Failed,   SkipFail,     Probes,    Samples,      min,      p50,      p90,      p95,      p99,      max, 
       TotalPurchase,      31558,          0,          0,          0,      30281,      34293,      300,      700,     1100,     1200,     1500,   124000,
     InStorePurchase,      16609,          0,          0,          0,      15990,      18005,      300,      700,     1000,     1100,     1500,   121000,
      OnlinePurchase,      11626,          0,          0,          0,      11192,      12638,      300,      700,     1100,     1200,     1500,   124000,
        InstPurchase,       3323,          0,          0,          0,       3099,       3650,      400,      700,     1100,     1200,     1449,   119000,
          AssocOfCat,         35,          0,          0,          0,         31,         36,    17900,    23000,    24000,    26900,    32000,    32000,
      AssocOfProduct,        331,          0,          0,          0,        278,        418,      500,      900,     1200,     1300,     1600,     1800,
      BusinessReport,         82,          0,          0,          0,         81,         89,    19500,    25000,    31000,    35500,    65000,    65000,
          CustBuyBeh,        333,          0,          0,          0,        282,        370,      200,      700,     1000,     1100,     1700,     2000,
       ProductReturn,        881,          0,          0,          0,        767,        967,      200,      500,      900,     1000,     1300,   119000,

   904s: ( 5%)   IR =    692 ....|................[925.213s][info][gc,start       ] GC(182) Pause Young (Mixed) (G1 Evacuation Pause)
[925.213s][info][gc,task        ] GC(182) Using 6 workers of 6 for evacuation
[925.346s][info][gc,phases      ] GC(182)   Pre Evacuate Collection Set: 0.42ms
[925.346s][info][gc,phases      ] GC(182)   Merge Heap Roots: 0.74ms
[925.346s][info][gc,phases      ] GC(182)   Evacuate Collection Set: 130.93ms
[925.346s][info][gc,phases      ] GC(182)   Post Evacuate Collection Set: 0.97ms
[925.346s][info][gc,phases      ] GC(182)   Other: 0.09ms
[925.346s][info][gc,heap        ] GC(182) Eden regions: 1120->0(1119)
[925.346s][info][gc,heap        ] GC(182) Survivor regions: 108->109(154)
[925.346s][info][gc,heap        ] GC(182) Old regions: 529->465
[925.346s][info][gc,heap        ] GC(182) Humongous regions: 77->77
[925.346s][info][gc,metaspace   ] GC(182) Metaspace: 28894K(29184K)->28894K(29184K) NonClass: 24010K(24128K)->24010K(24128K) Class: 4883K(5056K)->4883K(5056K)
[925.346s][info][gc             ] GC(182) Pause Young (Mixed) (G1 Evacuation Pause) 3665M->1298M(4096M) 133.276ms
[925.346s][info][gc,cpu         ] GC(182) User=0.79s Sys=0.00s Real=0.14s
...........................[952.569s][info][gc,start       ] GC(183) Pause Young (Concurrent Start) (G1 Evacuation Pause)
[952.569s][info][gc,task        ] GC(183) Using 6 workers of 6 for evacuation
[952.686s][info][gc,phases      ] GC(183)   Pre Evacuate Collection Set: 0.42ms
[952.686s][info][gc,phases      ] GC(183)   Merge Heap Roots: 0.54ms
[952.686s][info][gc,phases      ] GC(183)   Evacuate Collection Set: 115.23ms
[952.686s][info][gc,phases      ] GC(183)   Post Evacuate Collection Set: 0.88ms
[952.686s][info][gc,phases      ] GC(183)   Other: 0.11ms
[952.686s][info][gc,heap        ] GC(183) Eden regions: 1119->0(1120)
[952.686s][info][gc,heap        ] GC(183) Survivor regions: 109->108(154)
[952.686s][info][gc,heap        ] GC(183) Old regions: 465->497
[952.686s][info][gc,heap        ] GC(183) Humongous regions: 77->77
[952.686s][info][gc,metaspace   ] GC(183) Metaspace: 28894K(29184K)->28894K(29184K) NonClass: 24010K(24128K)->24010K(24128K) Class: 4883K(5056K)->4883K(5056K)
[952.686s][info][gc             ] GC(183) Pause Young (Concurrent Start) (G1 Evacuation Pause) 3536M->1360M(4096M) 117.334ms
[952.686s][info][gc             ] GC(184) Concurrent Mark Cycle
[952.686s][info][gc,marking     ] GC(184) Concurrent Scan Root Regions
[952.686s][info][gc,cpu         ] GC(183) User=0.70s Sys=0.00s Real=0.12s
[952.793s][info][gc,marking     ] GC(184) Concurrent Scan Root Regions 107.130ms
[952.793s][info][gc,marking     ] GC(184) Concurrent Mark
[952.793s][info][gc,marking     ] GC(184) Concurrent Mark From Roots
[952.793s][info][gc,task        ] GC(184) Using 2 workers of 2 for marking
.[953.283s][info][gc,marking     ] GC(184) Concurrent Mark From Roots 489.895ms
[953.283s][info][gc,marking     ] GC(184) Concurrent Preclean
[953.283s][info][gc,marking     ] GC(184) Concurrent Preclean 0.045ms
[953.283s][info][gc,start       ] GC(184) Pause Remark
[953.286s][info][gc             ] GC(184) Pause Remark 1412M->1412M(4096M) 2.289ms
[953.286s][info][gc,cpu         ] GC(184) User=0.01s Sys=0.00s Real=0.01s
[953.286s][info][gc,marking     ] GC(184) Concurrent Mark 492.488ms
[953.286s][info][gc,marking     ] GC(184) Concurrent Rebuild Remembered Sets and Scrub Regions
[953.486s][info][gc,marking     ] GC(184) Concurrent Rebuild Remembered Sets and Scrub Regions 200.592ms
[953.487s][info][gc,start       ] GC(184) Pause Cleanup
[953.487s][info][gc             ] GC(184) Pause Cleanup 1426M->1426M(4096M) 0.118ms
[953.487s][info][gc,cpu         ] GC(184) User=0.00s Sys=0.00s Real=0.00s
[953.487s][info][gc,marking     ] GC(184) Concurrent Clear Claimed Marks
[953.487s][info][gc,marking     ] GC(184) Concurrent Clear Claimed Marks 0.027ms
[953.487s][info][gc,marking     ] GC(184) Concurrent Cleanup for Next Mark
[953.490s][info][gc,marking     ] GC(184) Concurrent Cleanup for Next Mark 3.195ms
[953.490s][info][gc             ] GC(184) Concurrent Mark Cycle 803.903ms
................ (rIR:aIR:PR = 692:692:692) (tPR = 10399) [OK] 
   968s: Performance info:
         Transaction,    Success,    Partial,     Failed,   Receipts, AvgBarcode, 
             Overall,      41558,          0,          0,      39477,      59.48, 
         Response times:
             Request,    Success,    Partial,     Failed,   SkipFail,     Probes,    Samples,      min,      p50,      p90,      p95,      p99,      max, 
       TotalPurchase,      39477,          0,          0,          0,      37896,      41259,      300,      800,     1200,     1400,     1700,   135000,
     InStorePurchase,      20762,          0,          0,          0,      20047,      21634,      300,      800,     1200,     1400,     1700,   126000,
      OnlinePurchase,      14543,          0,          0,          0,      13983,      15264,      300,      800,     1200,     1300,     1635,   135000,
        InstPurchase,       4172,          0,          0,          0,       3866,       4361,      400,      900,     1300,     1400,     1700,   119000,
          AssocOfCat,         41,          0,          0,          0,         39,         43,    17900,    23000,    26600,    27800,    29000,    29000,
      AssocOfProduct,        416,          0,          0,          0,        324,        417,      400,     1000,     1400,     1500,     1800,     6200,
      BusinessReport,        105,          0,          0,          0,         92,        110,    19100,    25000,    31000,    33000,    41890,    42000,
          CustBuyBeh,        420,          0,          0,          0,        330,        410,      200,      600,     1000,     1100,     1400,     2000,
       ProductReturn,       1099,          0,          0,          0,        945,       1108,      200,      800,     1200,     1300,     2082,     5900,

   968s: ( 6%)   IR =    830 ......|...[978.204s][info][gc,start       ] GC(185) Pause Young (Prepare Mixed) (G1 Evacuation Pause)
[978.204s][info][gc,task        ] GC(185) Using 6 workers of 6 for evacuation
[978.327s][info][gc,phases      ] GC(185)   Pre Evacuate Collection Set: 0.32ms
[978.328s][info][gc,phases      ] GC(185)   Merge Heap Roots: 0.53ms
[978.328s][info][gc,phases      ] GC(185)   Evacuate Collection Set: 121.85ms
[978.328s][info][gc,phases      ] GC(185)   Post Evacuate Collection Set: 0.94ms
[978.328s][info][gc,phases      ] GC(185)   Other: 0.08ms
[978.328s][info][gc,heap        ] GC(185) Eden regions: 1120->0(1118)
[978.328s][info][gc,heap        ] GC(185) Survivor regions: 108->110(154)
[978.328s][info][gc,heap        ] GC(185) Old regions: 497->529
[978.328s][info][gc,heap        ] GC(185) Humongous regions: 77->77
[978.328s][info][gc,metaspace   ] GC(185) Metaspace: 28899K(29184K)->28899K(29184K) NonClass: 24015K(24128K)->24015K(24128K) Class: 4883K(5056K)->4883K(5056K)
[978.328s][info][gc             ] GC(185) Pause Young (Prepare Mixed) (G1 Evacuation Pause) 3600M->1429M(4096M) 123.846ms
[978.328s][info][gc,cpu         ] GC(185) User=0.74s Sys=0.00s Real=0.13s
.......................[1001.053s][info][gc,start       ] GC(186) Pause Young (Mixed) (G1 Evacuation Pause)
[1001.053s][info][gc,task        ] GC(186) Using 6 workers of 6 for evacuation
[1001.188s][info][gc,phases      ] GC(186)   Pre Evacuate Collection Set: 0.41ms
[1001.188s][info][gc,phases      ] GC(186)   Merge Heap Roots: 0.86ms
[1001.188s][info][gc,phases      ] GC(186)   Evacuate Collection Set: 132.39ms
[1001.188s][info][gc,phases      ] GC(186)   Post Evacuate Collection Set: 0.95ms
[1001.188s][info][gc,phases      ] GC(186)   Other: 0.10ms
[1001.188s][info][gc,heap        ] GC(186) Eden regions: 1118->0(1119)
[1001.188s][info][gc,heap        ] GC(186) Survivor regions: 110->109(154)
[1001.188s][info][gc,heap        ] GC(186) Old regions: 529->466
[1001.188s][info][gc,heap        ] GC(186) Humongous regions: 77->77
[1001.188s][info][gc,metaspace   ] GC(186) Metaspace: 28900K(29184K)->28900K(29184K) NonClass: 24016K(24128K)->24016K(24128K) Class: 4883K(5056K)->4883K(5056K)
[1001.188s][info][gc             ] GC(186) Pause Young (Mixed) (G1 Evacuation Pause) 3665M->1301M(4096M) 134.839ms
[1001.188s][info][gc,cpu         ] GC(186) User=0.80s Sys=0.00s Real=0.14s
.......................[1024.075s][info][gc,start       ] GC(187) Pause Young (Concurrent Start) (G1 Evacuation Pause)
[1024.075s][info][gc,task        ] GC(187) Using 6 workers of 6 for evacuation
[1024.192s][info][gc,phases      ] GC(187)   Pre Evacuate Collection Set: 0.39ms
[1024.192s][info][gc,phases      ] GC(187)   Merge Heap Roots: 0.53ms
[1024.192s][info][gc,phases      ] GC(187)   Evacuate Collection Set: 114.68ms
[1024.192s][info][gc,phases      ] GC(187)   Post Evacuate Collection Set: 0.86ms
[1024.192s][info][gc,phases      ] GC(187)   Other: 0.15ms
[1024.192s][info][gc,heap        ] GC(187) Eden regions: 1119->0(1119)
[1024.192s][info][gc,heap        ] GC(187) Survivor regions: 109->109(154)
[1024.192s][info][gc,heap        ] GC(187) Old regions: 466->498
[1024.192s][info][gc,heap        ] GC(187) Humongous regions: 77->77
[1024.192s][info][gc,metaspace   ] GC(187) Metaspace: 28900K(29184K)->28900K(29184K) NonClass: 24016K(24128K)->24016K(24128K) Class: 4883K(5056K)->4883K(5056K)
[1024.192s][info][gc             ] GC(187) Pause Young (Concurrent Start) (G1 Evacuation Pause) 3539M->1365M(4096M) 116.742ms
[1024.192s][info][gc             ] GC(188) Concurrent Mark Cycle
[1024.192s][info][gc,marking     ] GC(188) Concurrent Scan Root Regions
[1024.192s][info][gc,cpu         ] GC(187) User=0.70s Sys=0.00s Real=0.11s
[1024.304s][info][gc,marking     ] GC(188) Concurrent Scan Root Regions 111.906ms
[1024.304s][info][gc,marking     ] GC(188) Concurrent Mark
[1024.304s][info][gc,marking     ] GC(188) Concurrent Mark From Roots
[1024.304s][info][gc,task        ] GC(188) Using 2 workers of 2 for marking
[1024.820s][info][gc,marking     ] GC(188) Concurrent Mark From Roots 516.073ms
[1024.820s][info][gc,marking     ] GC(188) Concurrent Preclean
[1024.820s][info][gc,marking     ] GC(188) Concurrent Preclean 0.050ms
[1024.820s][info][gc,start       ] GC(188) Pause Remark
[1024.823s][info][gc             ] GC(188) Pause Remark 1441M->1441M(4096M) 2.350ms
[1024.823s][info][gc,cpu         ] GC(188) User=0.01s Sys=0.00s Real=0.00s
[1024.823s][info][gc,marking     ] GC(188) Concurrent Mark 518.708ms
[1024.823s][info][gc,marking     ] GC(188) Concurrent Rebuild Remembered Sets and Scrub Regions
.[1025.019s][info][gc,marking     ] GC(188) Concurrent Rebuild Remembered Sets and Scrub Regions 196.423ms
[1025.019s][info][gc,start       ] GC(188) Pause Cleanup
[1025.019s][info][gc             ] GC(188) Pause Cleanup 1462M->1462M(4096M) 0.118ms
[1025.019s][info][gc,cpu         ] GC(188) User=0.00s Sys=0.00s Real=0.00s
[1025.019s][info][gc,marking     ] GC(188) Concurrent Clear Claimed Marks
[1025.019s][info][gc,marking     ] GC(188) Concurrent Clear Claimed Marks 0.035ms
[1025.019s][info][gc,marking     ] GC(188) Concurrent Cleanup for Next Mark
[1025.023s][info][gc,marking     ] GC(188) Concurrent Cleanup for Next Mark 3.152ms
[1025.023s][info][gc             ] GC(188) Concurrent Mark Cycle 830.667ms
.......... (rIR:aIR:PR = 830:829:829) (tPR = 12577) [OK] 
  1034s: Performance info:
         Transaction,    Success,    Partial,     Failed,   Receipts, AvgBarcode, 
             Overall,      49788,          0,          0,      47291,      59.47, 
         Response times:
             Request,    Success,    Partial,     Failed,   SkipFail,     Probes,    Samples,      min,      p50,      p90,      p95,      p99,      max, 
       TotalPurchase,      47291,          0,          0,          0,      45404,      50720,      300,     1000,     1400,     1500,     2000,   137000,
     InStorePurchase,      24888,          0,          0,          0,      23971,      26629,      300,      900,     1400,     1500,     2000,   137000,
      OnlinePurchase,      17427,          0,          0,          0,      16762,      18736,      300,     1000,     1400,     1600,     2000,   137000,
        InstPurchase,       4976,          0,          0,          0,       4671,       5355,      400,      900,     1400,     1500,     1900,    12000,
          AssocOfCat,         49,          0,          0,          0,         47,         54,    17200,    23000,    26000,    26000,    32000,    32000,
      AssocOfProduct,        500,          0,          0,          0,        402,        519,      500,     1300,     1700,     1800,     4640,    10300,
      BusinessReport,        123,          0,          0,          0,         94,        134,    19500,    25000,    31000,    33250,   118800,   151000,
          CustBuyBeh,        499,          0,          0,          0,        404,        530,      200,      800,     1290,     1400,     1700,     4100,
       ProductReturn,       1326,          0,          0,          0,       1175,       1457,      200,      900,     1300,     1400,     1942,     4800,

  1034s: ( 7%)   IR =    969 ....|......[1045.413s][info][gc,start       ] GC(189) Pause Young (Prepare Mixed) (G1 Evacuation Pause)
[1045.413s][info][gc,task        ] GC(189) Using 6 workers of 6 for evacuation
[1045.530s][info][gc,phases      ] GC(189)   Pre Evacuate Collection Set: 0.35ms
[1045.530s][info][gc,phases      ] GC(189)   Merge Heap Roots: 0.53ms
[1045.530s][info][gc,phases      ] GC(189)   Evacuate Collection Set: 115.27ms
[1045.530s][info][gc,phases      ] GC(189)   Post Evacuate Collection Set: 0.93ms
[1045.530s][info][gc,phases      ] GC(189)   Other: 0.09ms
[1045.530s][info][gc,heap        ] GC(189) Eden regions: 1119->0(1118)
[1045.530s][info][gc,heap        ] GC(189) Survivor regions: 109->110(154)
[1045.530s][info][gc,heap        ] GC(189) Old regions: 498->530
[1045.530s][info][gc,heap        ] GC(189) Humongous regions: 77->77
[1045.530s][info][gc,metaspace   ] GC(189) Metaspace: 28900K(29184K)->28900K(29184K) NonClass: 24017K(24128K)->24017K(24128K) Class: 4883K(5056K)->4883K(5056K)
[1045.530s][info][gc             ] GC(189) Pause Young (Prepare Mixed) (G1 Evacuation Pause) 3603M->1430M(4096M) 117.304ms
[1045.530s][info][gc,cpu         ] GC(189) User=0.70s Sys=0.00s Real=0.12s
....................[1065.205s][info][gc,start       ] GC(190) Pause Young (Mixed) (G1 Evacuation Pause)
[1065.205s][info][gc,task        ] GC(190) Using 6 workers of 6 for evacuation
[1065.335s][info][gc,phases      ] GC(190)   Pre Evacuate Collection Set: 0.36ms
[1065.335s][info][gc,phases      ] GC(190)   Merge Heap Roots: 0.61ms
[1065.335s][info][gc,phases      ] GC(190)   Evacuate Collection Set: 128.35ms
[1065.335s][info][gc,phases      ] GC(190)   Post Evacuate Collection Set: 0.95ms
[1065.335s][info][gc,phases      ] GC(190)   Other: 0.09ms
[1065.335s][info][gc,heap        ] GC(190) Eden regions: 1118->0(1119)
[1065.335s][info][gc,heap        ] GC(190) Survivor regions: 110->109(154)
[1065.335s][info][gc,heap        ] GC(190) Old regions: 530->466
[1065.335s][info][gc,heap        ] GC(190) Humongous regions: 77->77
[1065.335s][info][gc,metaspace   ] GC(190) Metaspace: 28900K(29184K)->28900K(29184K) NonClass: 24017K(24128K)->24017K(24128K) Class: 4883K(5056K)->4883K(5056K)
[1065.335s][info][gc             ] GC(190) Pause Young (Mixed) (G1 Evacuation Pause) 3666M->1301M(4096M) 130.468ms
[1065.335s][info][gc,cpu         ] GC(190) User=0.78s Sys=0.00s Real=0.13s
...................[1084.861s][info][gc,start       ] GC(191) Pause Young (Concurrent Start) (G1 Evacuation Pause)
[1084.861s][info][gc,task        ] GC(191) Using 6 workers of 6 for evacuation
[1084.980s][info][gc,phases      ] GC(191)   Pre Evacuate Collection Set: 0.40ms
[1084.980s][info][gc,phases      ] GC(191)   Merge Heap Roots: 0.49ms
[1084.980s][info][gc,phases      ] GC(191)   Evacuate Collection Set: 117.13ms
[1084.980s][info][gc,phases      ] GC(191)   Post Evacuate Collection Set: 0.90ms
[1084.980s][info][gc,phases      ] GC(191)   Other: 0.11ms
[1084.980s][info][gc,heap        ] GC(191) Eden regions: 1119->0(1118)
[1084.980s][info][gc,heap        ] GC(191) Survivor regions: 109->110(154)
[1084.980s][info][gc,heap        ] GC(191) Old regions: 466->498
[1084.980s][info][gc,heap        ] GC(191) Humongous regions: 77->77
[1084.980s][info][gc,metaspace   ] GC(191) Metaspace: 28900K(29184K)->28900K(29184K) NonClass: 24017K(24128K)->24017K(24128K) Class: 4883K(5056K)->4883K(5056K)
[1084.980s][info][gc             ] GC(191) Pause Young (Concurrent Start) (G1 Evacuation Pause) 3539M->1368M(4096M) 119.201ms
[1084.980s][info][gc             ] GC(192) Concurrent Mark Cycle
[1084.981s][info][gc,marking     ] GC(192) Concurrent Scan Root Regions
[1084.981s][info][gc,cpu         ] GC(191) User=0.71s Sys=0.01s Real=0.12s
.[1085.099s][info][gc,marking     ] GC(192) Concurrent Scan Root Regions 118.084ms
[1085.099s][info][gc,marking     ] GC(192) Concurrent Mark
[1085.099s][info][gc,marking     ] GC(192) Concurrent Mark From Roots
[1085.099s][info][gc,task        ] GC(192) Using 2 workers of 2 for marking
[1085.622s][info][gc,marking     ] GC(192) Concurrent Mark From Roots 523.264ms
[1085.622s][info][gc,marking     ] GC(192) Concurrent Preclean
[1085.622s][info][gc,marking     ] GC(192) Concurrent Preclean 0.049ms
[1085.622s][info][gc,start       ] GC(192) Pause Remark
[1085.625s][info][gc             ] GC(192) Pause Remark 1462M->1462M(4096M) 2.510ms
[1085.625s][info][gc,cpu         ] GC(192) User=0.02s Sys=0.01s Real=0.01s
[1085.625s][info][gc,marking     ] GC(192) Concurrent Mark 526.089ms
[1085.625s][info][gc,marking     ] GC(192) Concurrent Rebuild Remembered Sets and Scrub Regions
[1085.820s][info][gc,marking     ] GC(192) Concurrent Rebuild Remembered Sets and Scrub Regions 195.150ms
[1085.820s][info][gc,start       ] GC(192) Pause Cleanup
[1085.820s][info][gc             ] GC(192) Pause Cleanup 1482M->1482M(4096M) 0.121ms
[1085.820s][info][gc,cpu         ] GC(192) User=0.00s Sys=0.00s Real=0.00s
[1085.820s][info][gc,marking     ] GC(192) Concurrent Clear Claimed Marks
[1085.820s][info][gc,marking     ] GC(192) Concurrent Clear Claimed Marks 0.027ms
[1085.820s][info][gc,marking     ] GC(192) Concurrent Cleanup for Next Mark
[1085.823s][info][gc,marking     ] GC(192) Concurrent Cleanup for Next Mark 3.148ms
[1085.823s][info][gc             ] GC(192) Concurrent Mark Cycle 842.940ms
.............. (rIR:aIR:PR = 969:969:969) (tPR = 14350) [OK] 
  1098s: Performance info:
         Transaction,    Success,    Partial,     Failed,   Receipts, AvgBarcode, 
             Overall,      58234,          0,          0,      55322,      59.48, 
         Response times:
             Request,    Success,    Partial,     Failed,   SkipFail,     Probes,    Samples,      min,      p50,      p90,      p95,      p99,      max, 
       TotalPurchase,      55322,          0,          0,          0,      53441,      57763,      300,     1100,     1500,     1700,     2200,   132000,
     InStorePurchase,      29103,          0,          0,          0,      28282,      30425,      300,     1000,     1500,     1700,     2200,   132000,
      OnlinePurchase,      20384,          0,          0,          0,      19728,      21372,      300,     1100,     1500,     1700,     2200,   120000,
        InstPurchase,       5835,          0,          0,          0,       5431,       5966,      400,     1100,     1600,     1800,     2300,   132000,
          AssocOfCat,         58,          0,          0,          0,         54,         60,    17300,    24000,    27000,    27000,    37000,    37000,
      AssocOfProduct,        586,          0,          0,          0,        467,        580,      400,     1000,     1400,     1600,     2000,     2800,
      BusinessReport,        145,          0,          0,          0,        117,        163,    19100,    26000,    32600,    38800,    97360,   178000,
          CustBuyBeh,        583,          0,          0,          0,        509,        644,      200,      800,     1300,     1500,     1900,    11500,
       ProductReturn,       1540,          0,          0,          0,       1339,       1557,      200,      700,     1200,     1300,     1700,     4800,

  1098s: ( 8%)   IR =   1107 ....|[1103.945s][info][gc,start       ] GC(193) Pause Young (Prepare Mixed) (G1 Evacuation Pause)
[1103.945s][info][gc,task        ] GC(193) Using 6 workers of 6 for evacuation
[1104.064s][info][gc,phases      ] GC(193)   Pre Evacuate Collection Set: 0.36ms
[1104.064s][info][gc,phases      ] GC(193)   Merge Heap Roots: 0.57ms
[1104.064s][info][gc,phases      ] GC(193)   Evacuate Collection Set: 117.28ms
[1104.064s][info][gc,phases      ] GC(193)   Post Evacuate Collection Set: 0.92ms
[1104.064s][info][gc,phases      ] GC(193)   Other: 0.09ms
[1104.064s][info][gc,heap        ] GC(193) Eden regions: 1118->0(1113)
[1104.064s][info][gc,heap        ] GC(193) Survivor regions: 110->112(154)
[1104.064s][info][gc,heap        ] GC(193) Old regions: 498->531
[1104.064s][info][gc,heap        ] GC(193) Humongous regions: 77->77
[1104.064s][info][gc,metaspace   ] GC(193) Metaspace: 28901K(29184K)->28901K(29184K) NonClass: 24018K(24128K)->24018K(24128K) Class: 4883K(5056K)->4883K(5056K)
[1104.064s][info][gc             ] GC(193) Pause Young (Prepare Mixed) (G1 Evacuation Pause) 3604M->1436M(4096M) 119.377ms
[1104.064s][info][gc,cpu         ] GC(193) User=0.71s Sys=0.00s Real=0.11s
..................[1121.310s][info][gc,start       ] GC(194) Pause Young (Mixed) (G1 Evacuation Pause)
[1121.310s][info][gc,task        ] GC(194) Using 6 workers of 6 for evacuation
[1121.443s][info][gc,phases      ] GC(194)   Pre Evacuate Collection Set: 0.41ms
[1121.443s][info][gc,phases      ] GC(194)   Merge Heap Roots: 0.69ms
[1121.443s][info][gc,phases      ] GC(194)   Evacuate Collection Set: 130.70ms
[1121.443s][info][gc,phases      ] GC(194)   Post Evacuate Collection Set: 1.00ms
[1121.443s][info][gc,phases      ] GC(194)   Other: 0.10ms
[1121.443s][info][gc,heap        ] GC(194) Eden regions: 1113->0(1118)
[1121.443s][info][gc,heap        ] GC(194) Survivor regions: 112->110(154)
[1121.443s][info][gc,heap        ] GC(194) Old regions: 531->468
[1121.443s][info][gc,heap        ] GC(194) Humongous regions: 77->77
[1121.443s][info][gc,metaspace   ] GC(194) Metaspace: 28901K(29184K)->28901K(29184K) NonClass: 24018K(24128K)->24018K(24128K) Class: 4883K(5056K)->4883K(5056K)
[1121.443s][info][gc             ] GC(194) Pause Young (Mixed) (G1 Evacuation Pause) 3662M->1306M(4096M) 133.043ms
[1121.443s][info][gc,cpu         ] GC(194) User=0.79s Sys=0.00s Real=0.13s
.................[1138.650s][info][gc,start       ] GC(195) Pause Young (Concurrent Start) (G1 Evacuation Pause)
[1138.650s][info][gc,task        ] GC(195) Using 6 workers of 6 for evacuation
[1138.767s][info][gc,phases      ] GC(195)   Pre Evacuate Collection Set: 0.39ms
[1138.767s][info][gc,phases      ] GC(195)   Merge Heap Roots: 0.48ms
[1138.767s][info][gc,phases      ] GC(195)   Evacuate Collection Set: 115.41ms
[1138.767s][info][gc,phases      ] GC(195)   Post Evacuate Collection Set: 0.88ms
[1138.767s][info][gc,phases      ] GC(195)   Other: 0.11ms
[1138.767s][info][gc,heap        ] GC(195) Eden regions: 1118->0(1118)
[1138.767s][info][gc,heap        ] GC(195) Survivor regions: 110->110(154)
[1138.767s][info][gc,heap        ] GC(195) Old regions: 468->501
[1138.767s][info][gc,heap        ] GC(195) Humongous regions: 77->77
[1138.767s][info][gc,metaspace   ] GC(195) Metaspace: 28901K(29184K)->28901K(29184K) NonClass: 24018K(24128K)->24018K(24128K) Class: 4883K(5056K)->4883K(5056K)
[1138.767s][info][gc             ] GC(195) Pause Young (Concurrent Start) (G1 Evacuation Pause) 3542M->1373M(4096M) 117.411ms
[1138.767s][info][gc             ] GC(196) Concurrent Mark Cycle
[1138.767s][info][gc,marking     ] GC(196) Concurrent Scan Root Regions
[1138.767s][info][gc,cpu         ] GC(195) User=0.70s Sys=0.00s Real=0.12s
[1138.873s][info][gc,marking     ] GC(196) Concurrent Scan Root Regions 105.818ms
[1138.873s][info][gc,marking     ] GC(196) Concurrent Mark
[1138.873s][info][gc,marking     ] GC(196) Concurrent Mark From Roots
[1138.873s][info][gc,task        ] GC(196) Using 2 workers of 2 for marking
.[1139.366s][info][gc,marking     ] GC(196) Concurrent Mark From Roots 493.441ms
[1139.366s][info][gc,marking     ] GC(196) Concurrent Preclean
[1139.367s][info][gc,marking     ] GC(196) Concurrent Preclean 0.047ms
[1139.367s][info][gc,start       ] GC(196) Pause Remark
[1139.369s][info][gc             ] GC(196) Pause Remark 1479M->1479M(4096M) 2.357ms
[1139.369s][info][gc,cpu         ] GC(196) User=0.01s Sys=0.00s Real=0.00s
[1139.369s][info][gc,marking     ] GC(196) Concurrent Mark 496.076ms
[1139.369s][info][gc,marking     ] GC(196) Concurrent Rebuild Remembered Sets and Scrub Regions
[1139.566s][info][gc,marking     ] GC(196) Concurrent Rebuild Remembered Sets and Scrub Regions 197.275ms
[1139.566s][info][gc,start       ] GC(196) Pause Cleanup
[1139.567s][info][gc             ] GC(196) Pause Cleanup 1507M->1507M(4096M) 0.119ms
[1139.567s][info][gc,cpu         ] GC(196) User=0.00s Sys=0.00s Real=0.00s
[1139.567s][info][gc,marking     ] GC(196) Concurrent Clear Claimed Marks
[1139.567s][info][gc,marking     ] GC(196) Concurrent Clear Claimed Marks 0.027ms
[1139.567s][info][gc,marking     ] GC(196) Concurrent Cleanup for Next Mark
[1139.570s][info][gc,marking     ] GC(196) Concurrent Cleanup for Next Mark 3.462ms
[1139.570s][info][gc             ] GC(196) Concurrent Mark Cycle 803.087ms
................[1155.792s][info][gc,start       ] GC(197) Pause Young (Prepare Mixed) (G1 Evacuation Pause)
[1155.792s][info][gc,task        ] GC(197) Using 6 workers of 6 for evacuation
[1155.909s][info][gc,phases      ] GC(197)   Pre Evacuate Collection Set: 0.36ms
[1155.909s][info][gc,phases      ] GC(197)   Merge Heap Roots: 0.56ms
[1155.909s][info][gc,phases      ] GC(197)   Evacuate Collection Set: 114.74ms
[1155.909s][info][gc,phases      ] GC(197)   Post Evacuate Collection Set: 0.93ms
[1155.909s][info][gc,phases      ] GC(197)   Other: 0.08ms
[1155.909s][info][gc,heap        ] GC(197) Eden regions: 1118->0(1118)
[1155.909s][info][gc,heap        ] GC(197) Survivor regions: 110->109(154)
[1155.909s][info][gc,heap        ] GC(197) Old regions: 501->532
[1155.909s][info][gc,heap        ] GC(197) Humongous regions: 77->77
[1155.909s][info][gc,metaspace   ] GC(197) Metaspace: 28901K(29184K)->28901K(29184K) NonClass: 24018K(24128K)->24018K(24128K) Class: 4883K(5056K)->4883K(5056K)
[1155.909s][info][gc             ] GC(197) Pause Young (Prepare Mixed) (G1 Evacuation Pause) 3609M->1434M(4096M) 116.830ms
[1155.909s][info][gc,cpu         ] GC(197) User=0.69s Sys=0.00s Real=0.12s
........ (rIR:aIR:PR = 1107:1107:1107) (tPR = 16571) [OK] 
  1162s: Performance info:
         Transaction,    Success,    Partial,     Failed,   Receipts, AvgBarcode, 
             Overall,      66496,          0,          0,      63174,      59.47, 
         Response times:
             Request,    Success,    Partial,     Failed,   SkipFail,     Probes,    Samples,      min,      p50,      p90,      p95,      p99,      max, 
       TotalPurchase,      63174,          0,          0,          0,      60973,      66397,      300,     1200,     1700,     1900,     2700,   146000,
     InStorePurchase,      33247,          0,          0,          0,      32292,      34934,      300,     1200,     1700,     1900,     2700,   145000,
      OnlinePurchase,      23274,          0,          0,          0,      22458,      24539,      300,     1200,     1700,     1900,     2700,   146000,
        InstPurchase,       6653,          0,          0,          0,       6223,       6924,      400,     1200,     1700,     1800,     2600,   135000,
          AssocOfCat,         65,          0,          0,          0,         61,         70,    17700,    24000,    27000,    29350,    34000,    34000,
      AssocOfProduct,        664,          0,          0,          0,        570,        715,      500,      900,     1400,     1620,     2700,   135000,
      BusinessReport,        168,          0,          0,          0,        120,        172,    19000,    25000,    34000,    43050,   151290,   171000,
          CustBuyBeh,        666,          0,          0,          0,        554,        667,      200,      500,     1000,     1200,     1500,     1900,
       ProductReturn,       1759,          0,          0,          0,       1558,       1850,      200,     1000,     1500,     1700,     3000,   136000,

  1162s: ( 9%)   IR =   1245 .....|...[1171.991s][info][gc,start       ] GC(198) Pause Young (Mixed) (G1 Evacuation Pause)
[1171.991s][info][gc,task        ] GC(198) Using 6 workers of 6 for evacuation
[1172.123s][info][gc,phases      ] GC(198)   Pre Evacuate Collection Set: 0.38ms
[1172.123s][info][gc,phases      ] GC(198)   Merge Heap Roots: 0.79ms
[1172.123s][info][gc,phases      ] GC(198)   Evacuate Collection Set: 129.11ms
[1172.123s][info][gc,phases      ] GC(198)   Post Evacuate Collection Set: 0.95ms
[1172.123s][info][gc,phases      ] GC(198)   Other: 0.10ms
[1172.123s][info][gc,heap        ] GC(198) Eden regions: 1118->0(1119)
[1172.123s][info][gc,heap        ] GC(198) Survivor regions: 109->109(154)
[1172.123s][info][gc,heap        ] GC(198) Old regions: 532->466
[1172.123s][info][gc,heap        ] GC(198) Humongous regions: 77->77
[1172.123s][info][gc,metaspace   ] GC(198) Metaspace: 28904K(29184K)->28904K(29184K) NonClass: 24020K(24128K)->24020K(24128K) Class: 4883K(5056K)->4883K(5056K)
[1172.123s][info][gc             ] GC(198) Pause Young (Mixed) (G1 Evacuation Pause) 3670M->1301M(4096M) 131.457ms
[1172.123s][info][gc,cpu         ] GC(198) User=0.78s Sys=0.00s Real=0.13s
................[1187.242s][info][gc,start       ] GC(199) Pause Young (Concurrent Start) (G1 Evacuation Pause)
[1187.242s][info][gc,task        ] GC(199) Using 6 workers of 6 for evacuation
[1187.358s][info][gc,phases      ] GC(199)   Pre Evacuate Collection Set: 0.38ms
[1187.358s][info][gc,phases      ] GC(199)   Merge Heap Roots: 0.47ms
[1187.358s][info][gc,phases      ] GC(199)   Evacuate Collection Set: 114.41ms
[1187.358s][info][gc,phases      ] GC(199)   Post Evacuate Collection Set: 0.90ms
[1187.358s][info][gc,phases      ] GC(199)   Other: 0.10ms
[1187.358s][info][gc,heap        ] GC(199) Eden regions: 1119->0(1120)
[1187.358s][info][gc,heap        ] GC(199) Survivor regions: 109->108(154)
[1187.358s][info][gc,heap        ] GC(199) Old regions: 466->499
[1187.358s][info][gc,heap        ] GC(199) Humongous regions: 77->77
[1187.358s][info][gc,metaspace   ] GC(199) Metaspace: 28904K(29184K)->28904K(29184K) NonClass: 24020K(24128K)->24020K(24128K) Class: 4883K(5056K)->4883K(5056K)
[1187.358s][info][gc             ] GC(199) Pause Young (Concurrent Start) (G1 Evacuation Pause) 3539M->1365M(4096M) 116.408ms
[1187.358s][info][gc             ] GC(200) Concurrent Mark Cycle
[1187.358s][info][gc,marking     ] GC(200) Concurrent Scan Root Regions
[1187.358s][info][gc,cpu         ] GC(199) User=0.69s Sys=0.00s Real=0.12s
[1187.463s][info][gc,marking     ] GC(200) Concurrent Scan Root Regions 104.316ms
[1187.463s][info][gc,marking     ] GC(200) Concurrent Mark
[1187.463s][info][gc,marking     ] GC(200) Concurrent Mark From Roots
[1187.463s][info][gc,task        ] GC(200) Using 2 workers of 2 for marking
[1187.959s][info][gc,marking     ] GC(200) Concurrent Mark From Roots 496.441ms
[1187.959s][info][gc,marking     ] GC(200) Concurrent Preclean
[1187.959s][info][gc,marking     ] GC(200) Concurrent Preclean 0.050ms
[1187.959s][info][gc,start       ] GC(200) Pause Remark
[1187.962s][info][gc             ] GC(200) Pause Remark 1477M->1477M(4096M) 2.431ms
[1187.962s][info][gc,cpu         ] GC(200) User=0.01s Sys=0.00s Real=0.00s
[1187.962s][info][gc,marking     ] GC(200) Concurrent Mark 499.179ms
[1187.962s][info][gc,marking     ] GC(200) Concurrent Rebuild Remembered Sets and Scrub Regions
.[1188.151s][info][gc,marking     ] GC(200) Concurrent Rebuild Remembered Sets and Scrub Regions 189.485ms
[1188.151s][info][gc,start       ] GC(200) Pause Cleanup
[1188.152s][info][gc             ] GC(200) Pause Cleanup 1502M->1502M(4096M) 0.125ms
[1188.152s][info][gc,cpu         ] GC(200) User=0.00s Sys=0.00s Real=0.00s
[1188.152s][info][gc,marking     ] GC(200) Concurrent Clear Claimed Marks
[1188.152s][info][gc,marking     ] GC(200) Concurrent Clear Claimed Marks 0.033ms
[1188.152s][info][gc,marking     ] GC(200) Concurrent Cleanup for Next Mark
[1188.155s][info][gc,marking     ] GC(200) Concurrent Cleanup for Next Mark 3.552ms
[1188.155s][info][gc             ] GC(200) Concurrent Mark Cycle 797.071ms
..............[1202.739s][info][gc,start       ] GC(201) Pause Young (Prepare Mixed) (G1 Evacuation Pause)
[1202.739s][info][gc,task        ] GC(201) Using 6 workers of 6 for evacuation
[1202.855s][info][gc,phases      ] GC(201)   Pre Evacuate Collection Set: 0.34ms
[1202.855s][info][gc,phases      ] GC(201)   Merge Heap Roots: 0.52ms
[1202.855s][info][gc,phases      ] GC(201)   Evacuate Collection Set: 114.16ms
[1202.855s][info][gc,phases      ] GC(201)   Post Evacuate Collection Set: 0.92ms
[1202.855s][info][gc,phases      ] GC(201)   Other: 0.08ms
[1202.855s][info][gc,heap        ] GC(201) Eden regions: 1120->0(1121)
[1202.855s][info][gc,heap        ] GC(201) Survivor regions: 108->107(154)
[1202.855s][info][gc,heap        ] GC(201) Old regions: 499->531
[1202.855s][info][gc,heap        ] GC(201) Humongous regions: 77->77
[1202.855s][info][gc,metaspace   ] GC(201) Metaspace: 28904K(29184K)->28904K(29184K) NonClass: 24020K(24128K)->24020K(24128K) Class: 4883K(5056K)->4883K(5056K)
[1202.855s][info][gc             ] GC(201) Pause Young (Prepare Mixed) (G1 Evacuation Pause) 3605M->1427M(4096M) 116.168ms
[1202.855s][info][gc,cpu         ] GC(201) User=0.69s Sys=0.00s Real=0.12s
...............[1217.993s][info][gc,start       ] GC(202) Pause Young (Mixed) (G1 Evacuation Pause)
[1217.993s][info][gc,task        ] GC(202) Using 6 workers of 6 for evacuation
[1218.122s][info][gc,phases      ] GC(202)   Pre Evacuate Collection Set: 0.41ms
[1218.122s][info][gc,phases      ] GC(202)   Merge Heap Roots: 0.69ms
[1218.122s][info][gc,phases      ] GC(202)   Evacuate Collection Set: 126.69ms
[1218.122s][info][gc,phases      ] GC(202)   Post Evacuate Collection Set: 0.95ms
[1218.122s][info][gc,phases      ] GC(202)   Other: 0.09ms
[1218.122s][info][gc,heap        ] GC(202) Eden regions: 1121->0(1119)
[1218.122s][info][gc,heap        ] GC(202) Survivor regions: 107->109(154)
[1218.122s][info][gc,heap        ] GC(202) Old regions: 531->467
[1218.122s][info][gc,heap        ] GC(202) Humongous regions: 77->77
[1218.122s][info][gc,metaspace   ] GC(202) Metaspace: 28904K(29184K)->28904K(29184K) NonClass: 24020K(24128K)->24020K(24128K) Class: 4883K(5056K)->4883K(5056K)
[1218.122s][info][gc             ] GC(202) Pause Young (Mixed) (G1 Evacuation Pause) 3669M->1304M(4096M) 128.978ms
[1218.122s][info][gc,cpu         ] GC(202) User=0.77s Sys=0.00s Real=0.13s
........... (rIR:aIR:PR = 1245:1245:1245) (tPR = 18854) [OK] 
  1227s: Performance info:
         Transaction,    Success,    Partial,     Failed,   Receipts, AvgBarcode, 
             Overall,      74779,          0,          0,      71038,      59.48, 
         Response times:
             Request,    Success,    Partial,     Failed,   SkipFail,     Probes,    Samples,      min,      p50,      p90,      p95,      p99,      max, 
       TotalPurchase,      71038,          0,          0,          0,      68579,      75647,      300,     1300,     1900,     2100,     3000,   135000,
     InStorePurchase,      37381,          0,          0,          0,      36350,      40017,      300,     1300,     1900,     2100,     3000,   134000,
      OnlinePurchase,      26171,          0,          0,          0,      25218,      27754,      300,     1300,     1900,     2000,     2800,   135000,
        InstPurchase,       7486,          0,          0,          0,       7011,       7876,      400,     1400,     1900,     2100,     3400,   134000,
          AssocOfCat,         76,          0,          0,          0,         73,         80,    17700,    24500,    28900,    31000,   159000,   159000,
      AssocOfProduct,        751,          0,          0,          0,        636,        804,      500,     1500,     2100,     2300,     3000,    18700,
      BusinessReport,        190,          0,          0,          0,        134,        173,    19100,    27000,    33000,    35000,    46000,    46000,
          CustBuyBeh,        749,          0,          0,          0,        637,        784,      300,     1300,     1800,     2000,     2515,     6800,
       ProductReturn,       1975,          0,          0,          0,       1786,       2153,      300,     1500,     2000,     2200,     4514,   132000,

  1227s: (10%)   IR =   1384 ....|[1232.823s][info][gc,start       ] GC(203) Pause Young (Concurrent Start) (G1 Evacuation Pause)
[1232.823s][info][gc,task        ] GC(203) Using 6 workers of 6 for evacuation
[1232.943s][info][gc,phases      ] GC(203)   Pre Evacuate Collection Set: 0.41ms
[1232.943s][info][gc,phases      ] GC(203)   Merge Heap Roots: 0.54ms
[1232.943s][info][gc,phases      ] GC(203)   Evacuate Collection Set: 117.43ms
[1232.943s][info][gc,phases      ] GC(203)   Post Evacuate Collection Set: 0.91ms
[1232.943s][info][gc,phases      ] GC(203)   Other: 0.12ms
[1232.943s][info][gc,heap        ] GC(203) Eden regions: 1119->0(1117)
[1232.943s][info][gc,heap        ] GC(203) Survivor regions: 109->111(154)
[1232.943s][info][gc,heap        ] GC(203) Old regions: 467->500
[1232.943s][info][gc,heap        ] GC(203) Humongous regions: 77->77
[1232.943s][info][gc,metaspace   ] GC(203) Metaspace: 28904K(29184K)->28904K(29184K) NonClass: 24020K(24128K)->24020K(24128K) Class: 4883K(5056K)->4883K(5056K)
[1232.943s][info][gc             ] GC(203) Pause Young (Concurrent Start) (G1 Evacuation Pause) 3542M->1372M(4096M) 119.537ms
[1232.943s][info][gc             ] GC(204) Concurrent Mark Cycle
[1232.943s][info][gc,marking     ] GC(204) Concurrent Scan Root Regions
[1232.943s][info][gc,cpu         ] GC(203) User=0.72s Sys=0.00s Real=0.12s
[1233.063s][info][gc,marking     ] GC(204) Concurrent Scan Root Regions 120.063ms
[1233.063s][info][gc,marking     ] GC(204) Concurrent Mark
[1233.063s][info][gc,marking     ] GC(204) Concurrent Mark From Roots
[1233.063s][info][gc,task        ] GC(204) Using 2 workers of 2 for marking
.[1233.580s][info][gc,marking     ] GC(204) Concurrent Mark From Roots 516.549ms
[1233.580s][info][gc,marking     ] GC(204) Concurrent Preclean
[1233.580s][info][gc,marking     ] GC(204) Concurrent Preclean 0.052ms
[1233.580s][info][gc,start       ] GC(204) Pause Remark
[1233.582s][info][gc             ] GC(204) Pause Remark 1502M->1502M(4096M) 2.398ms
[1233.582s][info][gc,cpu         ] GC(204) User=0.02s Sys=0.00s Real=0.00s
[1233.582s][info][gc,marking     ] GC(204) Concurrent Mark 519.264ms
[1233.582s][info][gc,marking     ] GC(204) Concurrent Rebuild Remembered Sets and Scrub Regions
[1233.788s][info][gc,marking     ] GC(204) Concurrent Rebuild Remembered Sets and Scrub Regions 205.572ms
[1233.788s][info][gc,start       ] GC(204) Pause Cleanup
[1233.788s][info][gc             ] GC(204) Pause Cleanup 1541M->1541M(4096M) 0.141ms
[1233.788s][info][gc,cpu         ] GC(204) User=0.00s Sys=0.00s Real=0.00s
[1233.789s][info][gc,marking     ] GC(204) Concurrent Clear Claimed Marks
[1233.789s][info][gc,marking     ] GC(204) Concurrent Clear Claimed Marks 0.034ms
[1233.789s][info][gc,marking     ] GC(204) Concurrent Cleanup for Next Mark
[1233.792s][info][gc,marking     ] GC(204) Concurrent Cleanup for Next Mark 3.301ms
[1233.792s][info][gc             ] GC(204) Concurrent Mark Cycle 848.899ms
.............[1246.536s][info][gc,start       ] GC(205) Pause Young (Prepare Mixed) (G1 Evacuation Pause)
[1246.536s][info][gc,task        ] GC(205) Using 6 workers of 6 for evacuation
[1246.652s][info][gc,phases      ] GC(205)   Pre Evacuate Collection Set: 0.34ms
[1246.652s][info][gc,phases      ] GC(205)   Merge Heap Roots: 0.53ms
[1246.652s][info][gc,phases      ] GC(205)   Evacuate Collection Set: 114.18ms
[1246.652s][info][gc,phases      ] GC(205)   Post Evacuate Collection Set: 0.93ms
[1246.652s][info][gc,phases      ] GC(205)   Other: 0.10ms
[1246.652s][info][gc,heap        ] GC(205) Eden regions: 1117->0(1118)
[1246.652s][info][gc,heap        ] GC(205) Survivor regions: 111->109(154)
[1246.652s][info][gc,heap        ] GC(205) Old regions: 500->532
[1246.652s][info][gc,heap        ] GC(205) Humongous regions: 77->77
[1246.652s][info][gc,metaspace   ] GC(205) Metaspace: 28904K(29184K)->28904K(29184K) NonClass: 24021K(24128K)->24021K(24128K) Class: 4883K(5056K)->4883K(5056K)
[1246.652s][info][gc             ] GC(205) Pause Young (Prepare Mixed) (G1 Evacuation Pause) 3606M->1432M(4096M) 116.204ms
[1246.652s][info][gc,cpu         ] GC(205) User=0.69s Sys=0.00s Real=0.11s
..............[1260.446s][info][gc,start       ] GC(206) Pause Young (Mixed) (G1 Evacuation Pause)
[1260.446s][info][gc,task        ] GC(206) Using 6 workers of 6 for evacuation
[1260.580s][info][gc,phases      ] GC(206)   Pre Evacuate Collection Set: 0.38ms
[1260.580s][info][gc,phases      ] GC(206)   Merge Heap Roots: 0.73ms
[1260.580s][info][gc,phases      ] GC(206)   Evacuate Collection Set: 131.77ms
[1260.580s][info][gc,phases      ] GC(206)   Post Evacuate Collection Set: 0.98ms
[1260.580s][info][gc,phases      ] GC(206)   Other: 0.09ms
[1260.580s][info][gc,heap        ] GC(206) Eden regions: 1118->0(1118)
[1260.580s][info][gc,heap        ] GC(206) Survivor regions: 109->110(154)
[1260.580s][info][gc,heap        ] GC(206) Old regions: 532->468
[1260.580s][info][gc,heap        ] GC(206) Humongous regions: 77->77
[1260.580s][info][gc,metaspace   ] GC(206) Metaspace: 28904K(29184K)->28904K(29184K) NonClass: 24021K(24128K)->24021K(24128K) Class: 4883K(5056K)->4883K(5056K)
[1260.580s][info][gc             ] GC(206) Pause Young (Mixed) (G1 Evacuation Pause) 3668M->1307M(4096M) 134.092ms
[1260.580s][info][gc,cpu         ] GC(206) User=0.80s Sys=0.00s Real=0.13s
.............[1274.121s][info][gc,start       ] GC(207) Pause Young (Concurrent Start) (G1 Evacuation Pause)
[1274.121s][info][gc,task        ] GC(207) Using 6 workers of 6 for evacuation
[1274.238s][info][gc,phases      ] GC(207)   Pre Evacuate Collection Set: 0.37ms
[1274.238s][info][gc,phases      ] GC(207)   Merge Heap Roots: 0.48ms
[1274.238s][info][gc,phases      ] GC(207)   Evacuate Collection Set: 114.52ms
[1274.238s][info][gc,phases      ] GC(207)   Post Evacuate Collection Set: 0.88ms
[1274.238s][info][gc,phases      ] GC(207)   Other: 0.11ms
[1274.238s][info][gc,heap        ] GC(207) Eden regions: 1118->0(1120)
[1274.238s][info][gc,heap        ] GC(207) Survivor regions: 110->108(154)
[1274.238s][info][gc,heap        ] GC(207) Old regions: 468->500
[1274.238s][info][gc,heap        ] GC(207) Humongous regions: 77->77
[1274.238s][info][gc,metaspace   ] GC(207) Metaspace: 28904K(29184K)->28904K(29184K) NonClass: 24021K(24128K)->24021K(24128K) Class: 4883K(5056K)->4883K(5056K)
[1274.238s][info][gc             ] GC(207) Pause Young (Concurrent Start) (G1 Evacuation Pause) 3543M->1367M(4096M) 116.484ms
[1274.238s][info][gc             ] GC(208) Concurrent Mark Cycle
[1274.238s][info][gc,marking     ] GC(208) Concurrent Scan Root Regions
[1274.238s][info][gc,cpu         ] GC(207) User=0.69s Sys=0.00s Real=0.12s
.[1274.348s][info][gc,marking     ] GC(208) Concurrent Scan Root Regions 110.693ms
[1274.348s][info][gc,marking     ] GC(208) Concurrent Mark
[1274.348s][info][gc,marking     ] GC(208) Concurrent Mark From Roots
[1274.348s][info][gc,task        ] GC(208) Using 2 workers of 2 for marking
[1274.888s][info][gc,marking     ] GC(208) Concurrent Mark From Roots 539.905ms
[1274.888s][info][gc,marking     ] GC(208) Concurrent Preclean
[1274.888s][info][gc,marking     ] GC(208) Concurrent Preclean 0.046ms
[1274.889s][info][gc,start       ] GC(208) Pause Remark
[1274.891s][info][gc             ] GC(208) Pause Remark 1491M->1491M(4096M) 2.466ms
[1274.891s][info][gc,cpu         ] GC(208) User=0.01s Sys=0.00s Real=0.00s
[1274.891s][info][gc,marking     ] GC(208) Concurrent Mark 542.682ms
[1274.891s][info][gc,marking     ] GC(208) Concurrent Rebuild Remembered Sets and Scrub Regions
[1275.103s][info][gc,marking     ] GC(208) Concurrent Rebuild Remembered Sets and Scrub Regions 212.383ms
[1275.104s][info][gc,start       ] GC(208) Pause Cleanup
[1275.104s][info][gc             ] GC(208) Pause Cleanup 1530M->1530M(4096M) 0.124ms
[1275.104s][info][gc,cpu         ] GC(208) User=0.00s Sys=0.00s Real=0.00s
[1275.104s][info][gc,marking     ] GC(208) Concurrent Clear Claimed Marks
[1275.104s][info][gc,marking     ] GC(208) Concurrent Clear Claimed Marks 0.029ms
[1275.104s][info][gc,marking     ] GC(208) Concurrent Cleanup for Next Mark
[1275.107s][info][gc,marking     ] GC(208) Concurrent Cleanup for Next Mark 3.224ms
[1275.107s][info][gc             ] GC(208) Concurrent Mark Cycle 869.446ms
.............[1287.871s][info][gc,start       ] GC(209) Pause Young (Prepare Mixed) (G1 Evacuation Pause)
[1287.871s][info][gc,task        ] GC(209) Using 6 workers of 6 for evacuation
[1287.987s][info][gc,phases      ] GC(209)   Pre Evacuate Collection Set: 0.34ms
[1287.987s][info][gc,phases      ] GC(209)   Merge Heap Roots: 0.52ms
[1287.987s][info][gc,phases      ] GC(209)   Evacuate Collection Set: 114.15ms
[1287.987s][info][gc,phases      ] GC(209)   Post Evacuate Collection Set: 0.91ms
[1287.987s][info][gc,phases      ] GC(209)   Other: 0.09ms
[1287.987s][info][gc,heap        ] GC(209) Eden regions: 1120->0(1118)
[1287.987s][info][gc,heap        ] GC(209) Survivor regions: 108->109(154)
[1287.987s][info][gc,heap        ] GC(209) Old regions: 500->532
[1287.987s][info][gc,heap        ] GC(209) Humongous regions: 77->77
[1287.987s][info][gc,metaspace   ] GC(209) Metaspace: 28904K(29184K)->28904K(29184K) NonClass: 24021K(24128K)->24021K(24128K) Class: 4883K(5056K)->4883K(5056K)
[1287.987s][info][gc             ] GC(209) Pause Young (Prepare Mixed) (G1 Evacuation Pause) 3607M->1433M(4096M) 116.141ms
[1287.987s][info][gc,cpu         ] GC(209) User=0.69s Sys=0.00s Real=0.12s
..... (rIR:aIR:PR = 1384:1385:1385) (tPR = 20587) [OK] 
  1292s: Performance info:
         Transaction,    Success,    Partial,     Failed,   Receipts, AvgBarcode, 
             Overall,      83239,          0,          0,      79069,      59.47, 
         Response times:
             Request,    Success,    Partial,     Failed,   SkipFail,     Probes,    Samples,      min,      p50,      p90,      p95,      p99,      max, 
       TotalPurchase,      79069,          0,          0,          0,      76454,      82952,      300,     1400,     2000,     2300,     3500,   138000,
     InStorePurchase,      41633,          0,          0,          0,      40234,      43420,      300,     1300,     2000,     2200,     3400,   138000,
      OnlinePurchase,      29119,          0,          0,          0,      28317,      30845,      300,     1400,     2100,     2300,     4100,   138000,
        InstPurchase,       8317,          0,          0,          0,       7903,       8687,      400,     1500,     2100,     2300,     4524,   137000,
          AssocOfCat,         84,          0,          0,          0,         81,         87,    17700,    24000,    27000,    28000,    30000,    30000,
      AssocOfProduct,        838,          0,          0,          0,        725,        891,      400,     1000,     1600,     1800,     3008,     8000,
      BusinessReport,        209,          0,          0,          0,        145,        202,    19700,    27000,    32000,    34850,   168370,   182000,
          CustBuyBeh,        832,          0,          0,          0,        722,        888,      600,     1700,     2200,     2400,    12399,   118000,
       ProductReturn,       2207,          0,          0,          0,       2024,       2414,      200,     1300,     1900,     2100,     4870,   119000,

  1292s: (11%)   IR =   1522 ....|....[1300.824s][info][gc,start       ] GC(210) Pause Young (Mixed) (G1 Evacuation Pause)
[1300.824s][info][gc,task        ] GC(210) Using 6 workers of 6 for evacuation
[1300.955s][info][gc,phases      ] GC(210)   Pre Evacuate Collection Set: 0.36ms
[1300.956s][info][gc,phases      ] GC(210)   Merge Heap Roots: 0.72ms
[1300.956s][info][gc,phases      ] GC(210)   Evacuate Collection Set: 129.01ms
[1300.956s][info][gc,phases      ] GC(210)   Post Evacuate Collection Set: 0.95ms
[1300.956s][info][gc,phases      ] GC(210)   Other: 0.09ms
[1300.956s][info][gc,heap        ] GC(210) Eden regions: 1118->0(1117)
[1300.956s][info][gc,heap        ] GC(210) Survivor regions: 109->111(154)
[1300.956s][info][gc,heap        ] GC(210) Old regions: 532->468
[1300.956s][info][gc,heap        ] GC(210) Humongous regions: 77->77
[1300.956s][info][gc,metaspace   ] GC(210) Metaspace: 28908K(29184K)->28908K(29184K) NonClass: 24024K(24128K)->24024K(24128K) Class: 4883K(5056K)->4883K(5056K)
[1300.956s][info][gc             ] GC(210) Pause Young (Mixed) (G1 Evacuation Pause) 3669M->1308M(4096M) 131.248ms
[1300.956s][info][gc,cpu         ] GC(210) User=0.78s Sys=0.00s Real=0.14s
.............[1313.424s][info][gc,start       ] GC(211) Pause Young (Concurrent Start) (G1 Evacuation Pause)
[1313.424s][info][gc,task        ] GC(211) Using 6 workers of 6 for evacuation
[1313.541s][info][gc,phases      ] GC(211)   Pre Evacuate Collection Set: 0.41ms
[1313.541s][info][gc,phases      ] GC(211)   Merge Heap Roots: 0.52ms
[1313.541s][info][gc,phases      ] GC(211)   Evacuate Collection Set: 114.83ms
[1313.541s][info][gc,phases      ] GC(211)   Post Evacuate Collection Set: 0.89ms
[1313.541s][info][gc,phases      ] GC(211)   Other: 0.13ms
[1313.541s][info][gc,heap        ] GC(211) Eden regions: 1117->0(1118)
[1313.541s][info][gc,heap        ] GC(211) Survivor regions: 111->110(154)
[1313.541s][info][gc,heap        ] GC(211) Old regions: 468->500
[1313.541s][info][gc,heap        ] GC(211) Humongous regions: 77->77
[1313.541s][info][gc,metaspace   ] GC(211) Metaspace: 28908K(29184K)->28908K(29184K) NonClass: 24024K(24128K)->24024K(24128K) Class: 4883K(5056K)->4883K(5056K)
[1313.541s][info][gc             ] GC(211) Pause Young (Concurrent Start) (G1 Evacuation Pause) 3542M->1370M(4096M) 116.905ms
[1313.541s][info][gc             ] GC(212) Concurrent Mark Cycle
[1313.541s][info][gc,marking     ] GC(212) Concurrent Scan Root Regions
[1313.541s][info][gc,cpu         ] GC(211) User=0.69s Sys=0.00s Real=0.12s
[1313.671s][info][gc,marking     ] GC(212) Concurrent Scan Root Regions 130.101ms
[1313.671s][info][gc,marking     ] GC(212) Concurrent Mark
[1313.671s][info][gc,marking     ] GC(212) Concurrent Mark From Roots
[1313.671s][info][gc,task        ] GC(212) Using 2 workers of 2 for marking
[1314.228s][info][gc,marking     ] GC(212) Concurrent Mark From Roots 556.447ms
[1314.228s][info][gc,marking     ] GC(212) Concurrent Preclean
[1314.228s][info][gc,marking     ] GC(212) Concurrent Preclean 0.044ms
[1314.228s][info][gc,start       ] GC(212) Pause Remark
[1314.230s][info][gc             ] GC(212) Pause Remark 1540M->1540M(4096M) 2.482ms
[1314.230s][info][gc,cpu         ] GC(212) User=0.02s Sys=0.00s Real=0.00s
[1314.230s][info][gc,marking     ] GC(212) Concurrent Mark 559.227ms
[1314.230s][info][gc,marking     ] GC(212) Concurrent Rebuild Remembered Sets and Scrub Regions
.[1314.442s][info][gc,marking     ] GC(212) Concurrent Rebuild Remembered Sets and Scrub Regions 211.298ms
[1314.442s][info][gc,start       ] GC(212) Pause Cleanup
[1314.442s][info][gc             ] GC(212) Pause Cleanup 1575M->1575M(4096M) 0.126ms
[1314.442s][info][gc,cpu         ] GC(212) User=0.00s Sys=0.00s Real=0.00s
[1314.442s][info][gc,marking     ] GC(212) Concurrent Clear Claimed Marks
[1314.442s][info][gc,marking     ] GC(212) Concurrent Clear Claimed Marks 0.026ms
[1314.442s][info][gc,marking     ] GC(212) Concurrent Cleanup for Next Mark
[1314.446s][info][gc,marking     ] GC(212) Concurrent Cleanup for Next Mark 3.629ms
[1314.446s][info][gc             ] GC(212) Concurrent Mark Cycle 904.731ms
...........[1325.968s][info][gc,start       ] GC(213) Pause Young (Prepare Mixed) (G1 Evacuation Pause)
[1325.968s][info][gc,task        ] GC(213) Using 6 workers of 6 for evacuation
[1326.088s][info][gc,phases      ] GC(213)   Pre Evacuate Collection Set: 0.35ms
[1326.088s][info][gc,phases      ] GC(213)   Merge Heap Roots: 0.54ms
[1326.088s][info][gc,phases      ] GC(213)   Evacuate Collection Set: 117.99ms
[1326.088s][info][gc,phases      ] GC(213)   Post Evacuate Collection Set: 0.94ms
[1326.088s][info][gc,phases      ] GC(213)   Other: 0.09ms
[1326.088s][info][gc,heap        ] GC(213) Eden regions: 1118->0(1112)
[1326.088s][info][gc,heap        ] GC(213) Survivor regions: 110->112(154)
[1326.088s][info][gc,heap        ] GC(213) Old regions: 500->532
[1326.088s][info][gc,heap        ] GC(213) Humongous regions: 77->77
[1326.088s][info][gc,metaspace   ] GC(213) Metaspace: 28908K(29184K)->28908K(29184K) NonClass: 24024K(24128K)->24024K(24128K) Class: 4883K(5056K)->4883K(5056K)
[1326.088s][info][gc             ] GC(213) Pause Young (Prepare Mixed) (G1 Evacuation Pause) 3606M->1438M(4096M) 120.034ms
[1326.089s][info][gc,cpu         ] GC(213) User=0.72s Sys=0.00s Real=0.12s
.............[1338.397s][info][gc,start       ] GC(214) Pause Young (Mixed) (G1 Evacuation Pause)
[1338.397s][info][gc,task        ] GC(214) Using 6 workers of 6 for evacuation
[1338.530s][info][gc,phases      ] GC(214)   Pre Evacuate Collection Set: 0.38ms
[1338.530s][info][gc,phases      ] GC(214)   Merge Heap Roots: 0.72ms
[1338.530s][info][gc,phases      ] GC(214)   Evacuate Collection Set: 130.32ms
[1338.530s][info][gc,phases      ] GC(214)   Post Evacuate Collection Set: 0.94ms
[1338.530s][info][gc,phases      ] GC(214)   Other: 0.09ms
[1338.530s][info][gc,heap        ] GC(214) Eden regions: 1112->0(1119)
[1338.530s][info][gc,heap        ] GC(214) Survivor regions: 112->109(153)
[1338.530s][info][gc,heap        ] GC(214) Old regions: 532->467
[1338.530s][info][gc,heap        ] GC(214) Humongous regions: 77->77
[1338.530s][info][gc,metaspace   ] GC(214) Metaspace: 28908K(29184K)->28908K(29184K) NonClass: 24025K(24128K)->24025K(24128K) Class: 4883K(5056K)->4883K(5056K)
[1338.530s][info][gc             ] GC(214) Pause Young (Mixed) (G1 Evacuation Pause) 3662M->1303M(4096M) 132.591ms
[1338.530s][info][gc,cpu         ] GC(214) User=0.79s Sys=0.00s Real=0.13s
............[1350.958s][info][gc,start       ] GC(215) Pause Young (Concurrent Start) (G1 Evacuation Pause)
[1350.958s][info][gc,task        ] GC(215) Using 6 workers of 6 for evacuation
[1351.075s][info][gc,phases      ] GC(215)   Pre Evacuate Collection Set: 0.39ms
[1351.075s][info][gc,phases      ] GC(215)   Merge Heap Roots: 0.51ms
[1351.075s][info][gc,phases      ] GC(215)   Evacuate Collection Set: 114.82ms
[1351.075s][info][gc,phases      ] GC(215)   Post Evacuate Collection Set: 0.89ms
[1351.075s][info][gc,phases      ] GC(215)   Other: 0.12ms
[1351.075s][info][gc,heap        ] GC(215) Eden regions: 1119->0(1119)
[1351.075s][info][gc,heap        ] GC(215) Survivor regions: 109->109(154)
[1351.075s][info][gc,heap        ] GC(215) Old regions: 467->499
[1351.075s][info][gc,heap        ] GC(215) Humongous regions: 77->77
[1351.075s][info][gc,metaspace   ] GC(215) Metaspace: 28908K(29184K)->28908K(29184K) NonClass: 24025K(24128K)->24025K(24128K) Class: 4883K(5056K)->4883K(5056K)
[1351.075s][info][gc             ] GC(215) Pause Young (Concurrent Start) (G1 Evacuation Pause) 3541M->1367M(4096M) 116.883ms
[1351.075s][info][gc             ] GC(216) Concurrent Mark Cycle
[1351.075s][info][gc,marking     ] GC(216) Concurrent Scan Root Regions
[1351.075s][info][gc,cpu         ] GC(215) User=0.69s Sys=0.00s Real=0.12s
[1351.241s][info][gc,marking     ] GC(216) Concurrent Scan Root Regions 166.292ms
[1351.241s][info][gc,marking     ] GC(216) Concurrent Mark
[1351.241s][info][gc,marking     ] GC(216) Concurrent Mark From Roots
[1351.241s][info][gc,task        ] GC(216) Using 2 workers of 2 for marking
.[1352.122s][info][gc,marking     ] GC(216) Concurrent Mark From Roots 880.950ms
[1352.122s][info][gc,marking     ] GC(216) Concurrent Preclean
[1352.122s][info][gc,marking     ] GC(216) Concurrent Preclean 0.039ms
[1352.122s][info][gc,start       ] GC(216) Pause Remark
[1352.125s][info][gc             ] GC(216) Pause Remark 1578M->1578M(4096M) 2.733ms
[1352.125s][info][gc,cpu         ] GC(216) User=0.01s Sys=0.00s Real=0.01s
[1352.125s][info][gc,marking     ] GC(216) Concurrent Mark 883.949ms
[1352.125s][info][gc,marking     ] GC(216) Concurrent Rebuild Remembered Sets and Scrub Regions
.[1352.509s][info][gc,marking     ] GC(216) Concurrent Rebuild Remembered Sets and Scrub Regions 384.154ms
[1352.510s][info][gc,start       ] GC(216) Pause Cleanup
[1352.510s][info][gc             ] GC(216) Pause Cleanup 1664M->1664M(4096M) 0.110ms
[1352.510s][info][gc,cpu         ] GC(216) User=0.00s Sys=0.00s Real=0.00s
[1352.510s][info][gc,marking     ] GC(216) Concurrent Clear Claimed Marks
[1352.510s][info][gc,marking     ] GC(216) Concurrent Clear Claimed Marks 0.026ms
[1352.510s][info][gc,marking     ] GC(216) Concurrent Cleanup for Next Mark
[1352.513s][info][gc,marking     ] GC(216) Concurrent Cleanup for Next Mark 3.330ms
[1352.513s][info][gc             ] GC(216) Concurrent Mark Cycle 1438.161ms
.... (rIR:aIR:PR = 1522:1522:1522) (tPR = 22750) [OK] 
  1356s: Performance info:
         Transaction,    Success,    Partial,     Failed,   Receipts, AvgBarcode, 
             Overall,      91358,          0,          0,      86796,      59.47, 
         Response times:
             Request,    Success,    Partial,     Failed,   SkipFail,     Probes,    Samples,      min,      p50,      p90,      p95,      p99,      max, 
       TotalPurchase,      86797,          0,          0,          0,      84310,      91009,      300,     1500,     2200,     2400,     5400,   141000,
     InStorePurchase,      45714,          0,          0,          0,      44576,      47913,      300,     1500,     2200,     2400,     6700,   141000,
      OnlinePurchase,      31928,          0,          0,          0,      30946,      33455,      300,     1500,     2200,     2400,     5000,   139000,
        InstPurchase,       9155,          0,          0,          0,       8788,       9641,      400,     1500,     2200,     2400,     4700,   126000,
          AssocOfCat,         91,          0,          0,          0,         89,         96,    18600,    25000,    30000,    36450,    52000,    52000,
      AssocOfProduct,        909,          0,          0,          0,        789,        953,      600,     1900,     2500,     2700,     4414,    21000,
      BusinessReport,        229,          0,          0,          0,        156,        236,    21000,    28000,    36000,    45450,    78890,   171000,
          CustBuyBeh,        910,          0,          0,          0,        775,        915,      100,      800,     1600,     1900,     5252,    21000,
       ProductReturn,       2423,          0,          0,          0,       2237,       2600,      300,     1700,     2300,     2600,    10600,   126000,

  1356s: (12%)   IR =   1660 ......|[1362.862s][info][gc,start       ] GC(217) Pause Young (Prepare Mixed) (G1 Evacuation Pause)
[1362.862s][info][gc,task        ] GC(217) Using 6 workers of 6 for evacuation
[1362.979s][info][gc,phases      ] GC(217)   Pre Evacuate Collection Set: 0.36ms
[1362.979s][info][gc,phases      ] GC(217)   Merge Heap Roots: 0.59ms
[1362.979s][info][gc,phases      ] GC(217)   Evacuate Collection Set: 114.92ms
[1362.979s][info][gc,phases      ] GC(217)   Post Evacuate Collection Set: 0.94ms
[1362.979s][info][gc,phases      ] GC(217)   Other: 0.09ms
[1362.979s][info][gc,heap        ] GC(217) Eden regions: 1119->0(1118)
[1362.979s][info][gc,heap        ] GC(217) Survivor regions: 109->109(154)
[1362.979s][info][gc,heap        ] GC(217) Old regions: 499->532
[1362.979s][info][gc,heap        ] GC(217) Humongous regions: 77->77
[1362.979s][info][gc,metaspace   ] GC(217) Metaspace: 28908K(29184K)->28908K(29184K) NonClass: 24025K(24128K)->24025K(24128K) Class: 4883K(5056K)->4883K(5056K)
[1362.979s][info][gc             ] GC(217) Pause Young (Prepare Mixed) (G1 Evacuation Pause) 3605M->1433M(4096M) 117.019ms
[1362.979s][info][gc,cpu         ] GC(217) User=0.70s Sys=0.00s Real=0.12s
............[1374.446s][info][gc,start       ] GC(218) Pause Young (Mixed) (G1 Evacuation Pause)
[1374.446s][info][gc,task        ] GC(218) Using 6 workers of 6 for evacuation
[1374.579s][info][gc,phases      ] GC(218)   Pre Evacuate Collection Set: 0.37ms
[1374.579s][info][gc,phases      ] GC(218)   Merge Heap Roots: 0.70ms
[1374.579s][info][gc,phases      ] GC(218)   Evacuate Collection Set: 131.59ms
[1374.579s][info][gc,phases      ] GC(218)   Post Evacuate Collection Set: 0.95ms
[1374.579s][info][gc,phases      ] GC(218)   Other: 0.09ms
[1374.579s][info][gc,heap        ] GC(218) Eden regions: 1118->0(1119)
[1374.579s][info][gc,heap        ] GC(218) Survivor regions: 109->109(154)
[1374.579s][info][gc,heap        ] GC(218) Old regions: 532->469
[1374.579s][info][gc,heap        ] GC(218) Humongous regions: 77->77
[1374.579s][info][gc,metaspace   ] GC(218) Metaspace: 28908K(29184K)->28908K(29184K) NonClass: 24025K(24128K)->24025K(24128K) Class: 4883K(5056K)->4883K(5056K)
[1374.579s][info][gc             ] GC(218) Pause Young (Mixed) (G1 Evacuation Pause) 3669M->1308M(4096M) 133.833ms
[1374.579s][info][gc,cpu         ] GC(218) User=0.79s Sys=0.00s Real=0.13s
...........[1385.965s][info][gc,start       ] GC(219) Pause Young (Concurrent Start) (G1 Evacuation Pause)
[1385.965s][info][gc,task        ] GC(219) Using 6 workers of 6 for evacuation
[1386.081s][info][gc,phases      ] GC(219)   Pre Evacuate Collection Set: 0.39ms
[1386.081s][info][gc,phases      ] GC(219)   Merge Heap Roots: 0.48ms
[1386.081s][info][gc,phases      ] GC(219)   Evacuate Collection Set: 114.56ms
[1386.081s][info][gc,phases      ] GC(219)   Post Evacuate Collection Set: 0.87ms
[1386.081s][info][gc,phases      ] GC(219)   Other: 0.12ms
[1386.081s][info][gc,heap        ] GC(219) Eden regions: 1119->0(1120)
[1386.081s][info][gc,heap        ] GC(219) Survivor regions: 109->108(154)
[1386.081s][info][gc,heap        ] GC(219) Old regions: 469->501
[1386.081s][info][gc,heap        ] GC(219) Humongous regions: 77->77
[1386.081s][info][gc,metaspace   ] GC(219) Metaspace: 28908K(29184K)->28908K(29184K) NonClass: 24025K(24128K)->24025K(24128K) Class: 4883K(5056K)->4883K(5056K)
[1386.081s][info][gc             ] GC(219) Pause Young (Concurrent Start) (G1 Evacuation Pause) 3546M->1370M(4096M) 116.547ms
[1386.081s][info][gc             ] GC(220) Concurrent Mark Cycle
[1386.081s][info][gc,marking     ] GC(220) Concurrent Scan Root Regions
[1386.081s][info][gc,cpu         ] GC(219) User=0.69s Sys=0.00s Real=0.11s
[1386.243s][info][gc,marking     ] GC(220) Concurrent Scan Root Regions 161.884ms
[1386.243s][info][gc,marking     ] GC(220) Concurrent Mark
[1386.243s][info][gc,marking     ] GC(220) Concurrent Mark From Roots
[1386.243s][info][gc,task        ] GC(220) Using 2 workers of 2 for marking
.[1387.129s][info][gc,marking     ] GC(220) Concurrent Mark From Roots 885.883ms
[1387.129s][info][gc,marking     ] GC(220) Concurrent Preclean
[1387.129s][info][gc,marking     ] GC(220) Concurrent Preclean 0.065ms
[1387.129s][info][gc,start       ] GC(220) Pause Remark
[1387.132s][info][gc             ] GC(220) Pause Remark 1628M->1628M(4096M) 2.838ms
[1387.132s][info][gc,cpu         ] GC(220) User=0.01s Sys=0.00s Real=0.00s
[1387.132s][info][gc,marking     ] GC(220) Concurrent Mark 889.039ms
[1387.132s][info][gc,marking     ] GC(220) Concurrent Rebuild Remembered Sets and Scrub Regions
.[1387.515s][info][gc,marking     ] GC(220) Concurrent Rebuild Remembered Sets and Scrub Regions 382.844ms
[1387.515s][info][gc,start       ] GC(220) Pause Cleanup
[1387.515s][info][gc             ] GC(220) Pause Cleanup 1707M->1707M(4096M) 0.129ms
[1387.515s][info][gc,cpu         ] GC(220) User=0.00s Sys=0.00s Real=0.00s
[1387.515s][info][gc,marking     ] GC(220) Concurrent Clear Claimed Marks
[1387.515s][info][gc,marking     ] GC(220) Concurrent Clear Claimed Marks 0.031ms
[1387.515s][info][gc,marking     ] GC(220) Concurrent Cleanup for Next Mark
[1387.519s][info][gc,marking     ] GC(220) Concurrent Cleanup for Next Mark 3.744ms
[1387.519s][info][gc             ] GC(220) Concurrent Mark Cycle 1438.029ms
..........[1397.410s][info][gc,start       ] GC(221) Pause Young (Prepare Mixed) (G1 Evacuation Pause)
[1397.410s][info][gc,task        ] GC(221) Using 6 workers of 6 for evacuation
[1397.527s][info][gc,phases      ] GC(221)   Pre Evacuate Collection Set: 0.37ms
[1397.527s][info][gc,phases      ] GC(221)   Merge Heap Roots: 0.53ms
[1397.527s][info][gc,phases      ] GC(221)   Evacuate Collection Set: 115.59ms
[1397.527s][info][gc,phases      ] GC(221)   Post Evacuate Collection Set: 0.96ms
[1397.527s][info][gc,phases      ] GC(221)   Other: 0.09ms
[1397.527s][info][gc,heap        ] GC(221) Eden regions: 1120->0(1117)
[1397.527s][info][gc,heap        ] GC(221) Survivor regions: 108->109(154)
[1397.527s][info][gc,heap        ] GC(221) Old regions: 501->533
[1397.527s][info][gc,heap        ] GC(221) Humongous regions: 77->77
[1397.527s][info][gc,metaspace   ] GC(221) Metaspace: 28908K(29184K)->28908K(29184K) NonClass: 24025K(24128K)->24025K(24128K) Class: 4883K(5056K)->4883K(5056K)
[1397.527s][info][gc             ] GC(221) Pause Young (Prepare Mixed) (G1 Evacuation Pause) 3610M->1436M(4096M) 117.682ms
[1397.528s][info][gc,cpu         ] GC(221) User=0.69s Sys=0.01s Real=0.12s
...........[1408.883s][info][gc,start       ] GC(222) Pause Young (Mixed) (G1 Evacuation Pause)
[1408.883s][info][gc,task        ] GC(222) Using 6 workers of 6 for evacuation
[1409.016s][info][gc,phases      ] GC(222)   Pre Evacuate Collection Set: 0.42ms
[1409.016s][info][gc,phases      ] GC(222)   Merge Heap Roots: 0.67ms
[1409.016s][info][gc,phases      ] GC(222)   Evacuate Collection Set: 130.87ms
[1409.016s][info][gc,phases      ] GC(222)   Post Evacuate Collection Set: 0.98ms
[1409.016s][info][gc,phases      ] GC(222)   Other: 0.10ms
[1409.016s][info][gc,heap        ] GC(222) Eden regions: 1117->0(1117)
[1409.016s][info][gc,heap        ] GC(222) Survivor regions: 109->111(154)
[1409.016s][info][gc,heap        ] GC(222) Old regions: 533->470
[1409.016s][info][gc,heap        ] GC(222) Humongous regions: 77->77
[1409.016s][info][gc,metaspace   ] GC(222) Metaspace: 28908K(29184K)->28908K(29184K) NonClass: 24025K(24128K)->24025K(24128K) Class: 4883K(5056K)->4883K(5056K)
[1409.016s][info][gc             ] GC(222) Pause Young (Mixed) (G1 Evacuation Pause) 3670M->1313M(4096M) 133.184ms
[1409.017s][info][gc,cpu         ] GC(222) User=0.79s Sys=0.00s Real=0.14s
............[1420.401s][info][gc,start       ] GC(223) Pause Young (Concurrent Start) (G1 Evacuation Pause)
[1420.401s][info][gc,task        ] GC(223) Using 6 workers of 6 for evacuation
[1420.517s][info][gc,phases      ] GC(223)   Pre Evacuate Collection Set: 0.46ms
[1420.517s][info][gc,phases      ] GC(223)   Merge Heap Roots: 0.55ms
[1420.517s][info][gc,phases      ] GC(223)   Evacuate Collection Set: 114.30ms
[1420.517s][info][gc,phases      ] GC(223)   Post Evacuate Collection Set: 0.91ms
[1420.517s][info][gc,phases      ] GC(223)   Other: 0.15ms
[1420.517s][info][gc,heap        ] GC(223) Eden regions: 1117->0(1119)
[1420.517s][info][gc,heap        ] GC(223) Survivor regions: 111->109(154)
[1420.517s][info][gc,heap        ] GC(223) Old regions: 470->502
[1420.517s][info][gc,heap        ] GC(223) Humongous regions: 77->77
[1420.517s][info][gc,metaspace   ] GC(223) Metaspace: 28909K(29184K)->28909K(29184K) NonClass: 24026K(24128K)->24026K(24128K) Class: 4883K(5056K)->4883K(5056K)
[1420.517s][info][gc             ] GC(223) Pause Young (Concurrent Start) (G1 Evacuation Pause) 3547M->1374M(4096M) 116.499ms
[1420.517s][info][gc             ] GC(224) Concurrent Mark Cycle
[1420.517s][info][gc,marking     ] GC(224) Concurrent Scan Root Regions
[1420.517s][info][gc,cpu         ] GC(223) User=0.69s Sys=0.00s Real=0.12s
[1420.681s][info][gc,marking     ] GC(224) Concurrent Scan Root Regions 163.494ms
[1420.681s][info][gc,marking     ] GC(224) Concurrent Mark
[1420.681s][info][gc,marking     ] GC(224) Concurrent Mark From Roots
[1420.681s][info][gc,task        ] GC(224) Using 2 workers of 2 for marking
.[1421.570s][info][gc,marking     ] GC(224) Concurrent Mark From Roots 888.882ms
[1421.570s][info][gc,marking     ] GC(224) Concurrent Preclean
[1421.570s][info][gc,marking     ] GC(224) Concurrent Preclean 0.056ms
[1421.570s][info][gc,start       ] GC(224) Pause Remark
[1421.573s][info][gc             ] GC(224) Pause Remark 1592M->1592M(4096M) 2.857ms
[1421.573s][info][gc,cpu         ] GC(224) User=0.02s Sys=0.00s Real=0.00s
[1421.573s][info][gc,marking     ] GC(224) Concurrent Mark 892.091ms
[1421.573s][info][gc,marking     ] GC(224) Concurrent Rebuild Remembered Sets and Scrub Regions
[1421.912s][info][gc,marking     ] GC(224) Concurrent Rebuild Remembered Sets and Scrub Regions 338.924ms
[1421.912s][info][gc,start       ] GC(224) Pause Cleanup
[1421.912s][info][gc             ] GC(224) Pause Cleanup 1682M->1682M(4096M) 0.126ms
[1421.912s][info][gc,cpu         ] GC(224) User=0.00s Sys=0.00s Real=0.00s
[1421.912s][info][gc,marking     ] GC(224) Concurrent Clear Claimed Marks
[1421.912s][info][gc,marking     ] GC(224) Concurrent Clear Claimed Marks 0.031ms
[1421.912s][info][gc,marking     ] GC(224) Concurrent Cleanup for Next Mark
[1421.916s][info][gc,marking     ] GC(224) Concurrent Cleanup for Next Mark 3.241ms
[1421.916s][info][gc             ] GC(224) Concurrent Mark Cycle 1398.253ms
. (rIR:aIR:PR = 1660:1661:1661) (tPR = 24592) [OK] 
  1422s: Performance info:
         Transaction,    Success,    Partial,     Failed,   Receipts, AvgBarcode, 
             Overall,      99689,          0,          0,      94700,      59.48, 
         Response times:
             Request,    Success,    Partial,     Failed,   SkipFail,     Probes,    Samples,      min,      p50,      p90,      p95,      p99,      max, 
       TotalPurchase,      94700,          0,          0,          0,      91895,     102761,      300,     1600,     2400,     2700,     4700,   144000,
     InStorePurchase,      49828,          0,          0,          0,      48617,      54116,      300,     1500,     2300,     2700,     4500,   144000,
      OnlinePurchase,      34907,          0,          0,          0,      33780,      37855,      300,     1700,     2400,     2700,     4900,   144000,
        InstPurchase,       9965,          0,          0,          0,       9498,      10790,      400,     1700,     2400,     2700,     5209,   137000,
          AssocOfCat,         99,          0,          0,          0,         97,        109,    18500,    25000,    30000,    34500,    42700,    43000,
      AssocOfProduct,        997,          0,          0,          0,        860,       1050,      500,     1550,     2200,     2500,     4200,     9000,
      BusinessReport,        251,          0,          0,          0,        181,        235,    19300,    27000,    35000,    38000,    47280,   167000,
          CustBuyBeh,        993,          0,          0,          0,        882,       1103,      200,     1400,     2400,     2600,     3596,     8900,
       ProductReturn,       2649,          0,          0,          0,       2413,       2887,      200,     1600,     2400,     2700,     4224,   137000,

  1422s: (13%)   IR =   1799 .......|.[1431.160s][info][gc,start       ] GC(225) Pause Young (Prepare Mixed) (G1 Evacuation Pause)
[1431.160s][info][gc,task        ] GC(225) Using 6 workers of 6 for evacuation
[1431.276s][info][gc,phases      ] GC(225)   Pre Evacuate Collection Set: 0.33ms
[1431.276s][info][gc,phases      ] GC(225)   Merge Heap Roots: 0.52ms
[1431.276s][info][gc,phases      ] GC(225)   Evacuate Collection Set: 114.14ms
[1431.276s][info][gc,phases      ] GC(225)   Post Evacuate Collection Set: 0.95ms
[1431.276s][info][gc,phases      ] GC(225)   Other: 0.08ms
[1431.276s][info][gc,heap        ] GC(225) Eden regions: 1119->0(1116)
[1431.276s][info][gc,heap        ] GC(225) Survivor regions: 109->109(154)
[1431.276s][info][gc,heap        ] GC(225) Old regions: 502->534
[1431.276s][info][gc,heap        ] GC(225) Humongous regions: 77->77
[1431.276s][info][gc,metaspace   ] GC(225) Metaspace: 28911K(29184K)->28911K(29184K) NonClass: 24028K(24128K)->24028K(24128K) Class: 4883K(5056K)->4883K(5056K)
[1431.276s][info][gc             ] GC(225) Pause Young (Prepare Mixed) (G1 Evacuation Pause) 3612M->1437M(4096M) 116.150ms
[1431.276s][info][gc,cpu         ] GC(225) User=0.70s Sys=0.00s Real=0.12s
...........[1441.558s][info][gc,start       ] GC(226) Pause Young (Mixed) (G1 Evacuation Pause)
[1441.558s][info][gc,task        ] GC(226) Using 6 workers of 6 for evacuation
[1441.688s][info][gc,phases      ] GC(226)   Pre Evacuate Collection Set: 0.38ms
[1441.688s][info][gc,phases      ] GC(226)   Merge Heap Roots: 0.68ms
[1441.688s][info][gc,phases      ] GC(226)   Evacuate Collection Set: 128.02ms
[1441.688s][info][gc,phases      ] GC(226)   Post Evacuate Collection Set: 0.97ms
[1441.688s][info][gc,phases      ] GC(226)   Other: 0.09ms
[1441.688s][info][gc,heap        ] GC(226) Eden regions: 1116->0(1120)
[1441.688s][info][gc,heap        ] GC(226) Survivor regions: 109->108(154)
[1441.688s][info][gc,heap        ] GC(226) Old regions: 534->468
[1441.688s][info][gc,heap        ] GC(226) Humongous regions: 77->77
[1441.688s][info][gc,metaspace   ] GC(226) Metaspace: 28911K(29184K)->28911K(29184K) NonClass: 24028K(24128K)->24028K(24128K) Class: 4883K(5056K)->4883K(5056K)
[1441.688s][info][gc             ] GC(226) Pause Young (Mixed) (G1 Evacuation Pause) 3669M->1304M(4096M) 130.278ms
[1441.688s][info][gc,cpu         ] GC(226) User=0.78s Sys=0.00s Real=0.13s
..........[1452.229s][info][gc,start       ] GC(227) Pause Young (Concurrent Start) (G1 Evacuation Pause)
[1452.229s][info][gc,task        ] GC(227) Using 6 workers of 6 for evacuation
[1452.345s][info][gc,phases      ] GC(227)   Pre Evacuate Collection Set: 0.42ms
[1452.345s][info][gc,phases      ] GC(227)   Merge Heap Roots: 0.58ms
[1452.345s][info][gc,phases      ] GC(227)   Evacuate Collection Set: 113.43ms
[1452.345s][info][gc,phases      ] GC(227)   Post Evacuate Collection Set: 0.92ms
[1452.345s][info][gc,phases      ] GC(227)   Other: 0.59ms
[1452.345s][info][gc,heap        ] GC(227) Eden regions: 1120->0(1120)
[1452.345s][info][gc,heap        ] GC(227) Survivor regions: 108->108(154)
[1452.345s][info][gc,heap        ] GC(227) Old regions: 468->501
[1452.345s][info][gc,heap        ] GC(227) Humongous regions: 77->77
[1452.345s][info][gc,metaspace   ] GC(227) Metaspace: 28911K(29184K)->28911K(29184K) NonClass: 24028K(24128K)->24028K(24128K) Class: 4883K(5056K)->4883K(5056K)
[1452.345s][info][gc             ] GC(227) Pause Young (Concurrent Start) (G1 Evacuation Pause) 3544M->1370M(4096M) 116.084ms
[1452.345s][info][gc             ] GC(228) Concurrent Mark Cycle
[1452.345s][info][gc,marking     ] GC(228) Concurrent Scan Root Regions
[1452.346s][info][gc,cpu         ] GC(227) User=0.69s Sys=0.00s Real=0.12s
.[1452.481s][info][gc,marking     ] GC(228) Concurrent Scan Root Regions 135.685ms
[1452.481s][info][gc,marking     ] GC(228) Concurrent Mark
[1452.481s][info][gc,marking     ] GC(228) Concurrent Mark From Roots
[1452.481s][info][gc,task        ] GC(228) Using 2 workers of 2 for marking
[1453.006s][info][gc,marking     ] GC(228) Concurrent Mark From Roots 524.909ms
[1453.006s][info][gc,marking     ] GC(228) Concurrent Preclean
[1453.006s][info][gc,marking     ] GC(228) Concurrent Preclean 0.057ms
[1453.006s][info][gc,start       ] GC(228) Pause Remark
[1453.009s][info][gc             ] GC(228) Pause Remark 1525M->1525M(4096M) 2.595ms
[1453.009s][info][gc,cpu         ] GC(228) User=0.01s Sys=0.00s Real=0.00s
[1453.009s][info][gc,marking     ] GC(228) Concurrent Mark 527.805ms
[1453.009s][info][gc,marking     ] GC(228) Concurrent Rebuild Remembered Sets and Scrub Regions
[1453.213s][info][gc,marking     ] GC(228) Concurrent Rebuild Remembered Sets and Scrub Regions 203.906ms
[1453.213s][info][gc,start       ] GC(228) Pause Cleanup
[1453.213s][info][gc             ] GC(228) Pause Cleanup 1581M->1581M(4096M) 0.123ms
[1453.213s][info][gc,cpu         ] GC(228) User=0.00s Sys=0.00s Real=0.00s
[1453.213s][info][gc,marking     ] GC(228) Concurrent Clear Claimed Marks
[1453.213s][info][gc,marking     ] GC(228) Concurrent Clear Claimed Marks 0.023ms
[1453.213s][info][gc,marking     ] GC(228) Concurrent Cleanup for Next Mark
[1453.217s][info][gc,marking     ] GC(228) Concurrent Cleanup for Next Mark 3.241ms
[1453.217s][info][gc             ] GC(228) Concurrent Mark Cycle 871.092ms
..........[1462.948s][info][gc,start       ] GC(229) Pause Young (Prepare Mixed) (G1 Evacuation Pause)
[1462.948s][info][gc,task        ] GC(229) Using 6 workers of 6 for evacuation
[1463.065s][info][gc,phases      ] GC(229)   Pre Evacuate Collection Set: 0.38ms
[1463.065s][info][gc,phases      ] GC(229)   Merge Heap Roots: 0.58ms
[1463.065s][info][gc,phases      ] GC(229)   Evacuate Collection Set: 114.88ms
[1463.065s][info][gc,phases      ] GC(229)   Post Evacuate Collection Set: 0.94ms
[1463.065s][info][gc,phases      ] GC(229)   Other: 0.11ms
[1463.065s][info][gc,heap        ] GC(229) Eden regions: 1120->0(1117)
[1463.065s][info][gc,heap        ] GC(229) Survivor regions: 108->109(154)
[1463.065s][info][gc,heap        ] GC(229) Old regions: 501->533
[1463.065s][info][gc,heap        ] GC(229) Humongous regions: 77->77
[1463.065s][info][gc,metaspace   ] GC(229) Metaspace: 28911K(29184K)->28911K(29184K) NonClass: 24028K(24128K)->24028K(24128K) Class: 4883K(5056K)->4883K(5056K)
[1463.065s][info][gc             ] GC(229) Pause Young (Prepare Mixed) (G1 Evacuation Pause) 3610M->1434M(4096M) 117.018ms
[1463.065s][info][gc,cpu         ] GC(229) User=0.69s Sys=0.00s Real=0.12s
...........[1473.427s][info][gc,start       ] GC(230) Pause Young (Mixed) (G1 Evacuation Pause)
[1473.427s][info][gc,task        ] GC(230) Using 6 workers of 6 for evacuation
[1473.561s][info][gc,phases      ] GC(230)   Pre Evacuate Collection Set: 0.40ms
[1473.561s][info][gc,phases      ] GC(230)   Merge Heap Roots: 0.69ms
[1473.561s][info][gc,phases      ] GC(230)   Evacuate Collection Set: 132.38ms
[1473.561s][info][gc,phases      ] GC(230)   Post Evacuate Collection Set: 0.96ms
[1473.561s][info][gc,phases      ] GC(230)   Other: 0.09ms
[1473.561s][info][gc,heap        ] GC(230) Eden regions: 1117->0(1118)
[1473.561s][info][gc,heap        ] GC(230) Survivor regions: 109->110(154)
[1473.561s][info][gc,heap        ] GC(230) Old regions: 533->470
[1473.561s][info][gc,heap        ] GC(230) Humongous regions: 80->80
[1473.561s][info][gc,metaspace   ] GC(230) Metaspace: 28911K(29184K)->28911K(29184K) NonClass: 24028K(24128K)->24028K(24128K) Class: 4883K(5056K)->4883K(5056K)
[1473.561s][info][gc             ] GC(230) Pause Young (Mixed) (G1 Evacuation Pause) 3674M->1317M(4096M) 134.660ms
[1473.561s][info][gc,cpu         ] GC(230) User=0.80s Sys=0.00s Real=0.13s
..........[1484.004s][info][gc,start       ] GC(231) Pause Young (Concurrent Start) (G1 Evacuation Pause)
[1484.004s][info][gc,task        ] GC(231) Using 6 workers of 6 for evacuation
[1484.127s][info][gc,phases      ] GC(231)   Pre Evacuate Collection Set: 0.41ms
[1484.127s][info][gc,phases      ] GC(231)   Merge Heap Roots: 0.52ms
[1484.127s][info][gc,phases      ] GC(231)   Evacuate Collection Set: 120.77ms
[1484.127s][info][gc,phases      ] GC(231)   Post Evacuate Collection Set: 0.90ms
[1484.127s][info][gc,phases      ] GC(231)   Other: 0.13ms
[1484.127s][info][gc,heap        ] GC(231) Eden regions: 1118->0(1117)
[1484.127s][info][gc,heap        ] GC(231) Survivor regions: 110->111(154)
[1484.127s][info][gc,heap        ] GC(231) Old regions: 470->503
[1484.127s][info][gc,heap        ] GC(231) Humongous regions: 80->80
[1484.127s][info][gc,metaspace   ] GC(231) Metaspace: 28911K(29184K)->28911K(29184K) NonClass: 24028K(24128K)->24028K(24128K) Class: 4883K(5056K)->4883K(5056K)
[1484.127s][info][gc             ] GC(231) Pause Young (Concurrent Start) (G1 Evacuation Pause) 3553M->1384M(4096M) 122.861ms
[1484.127s][info][gc             ] GC(232) Concurrent Mark Cycle
[1484.127s][info][gc,marking     ] GC(232) Concurrent Scan Root Regions
[1484.127s][info][gc,cpu         ] GC(231) User=0.73s Sys=0.00s Real=0.13s
[1484.295s][info][gc,marking     ] GC(232) Concurrent Scan Root Regions 168.634ms
[1484.295s][info][gc,marking     ] GC(232) Concurrent Mark
[1484.295s][info][gc,marking     ] GC(232) Concurrent Mark From Roots
[1484.295s][info][gc,task        ] GC(232) Using 2 workers of 2 for marking
.[1485.182s][info][gc,marking     ] GC(232) Concurrent Mark From Roots 886.909ms
[1485.182s][info][gc,marking     ] GC(232) Concurrent Preclean
[1485.182s][info][gc,marking     ] GC(232) Concurrent Preclean 0.043ms
[1485.183s][info][gc,start       ] GC(232) Pause Remark
[1485.185s][info][gc             ] GC(232) Pause Remark 1626M->1626M(4096M) 2.902ms
[1485.185s][info][gc,cpu         ] GC(232) User=0.01s Sys=0.00s Real=0.01s
[1485.186s][info][gc,marking     ] GC(232) Concurrent Mark 890.130ms
[1485.186s][info][gc,marking     ] GC(232) Concurrent Rebuild Remembered Sets and Scrub Regions
.[1485.578s][info][gc,marking     ] GC(232) Concurrent Rebuild Remembered Sets and Scrub Regions 392.630ms
[1485.578s][info][gc,start       ] GC(232) Pause Cleanup
[1485.578s][info][gc             ] GC(232) Pause Cleanup 1711M->1711M(4096M) 0.129ms
[1485.578s][info][gc,cpu         ] GC(232) User=0.00s Sys=0.00s Real=0.00s
[1485.579s][info][gc,marking     ] GC(232) Concurrent Clear Claimed Marks
[1485.579s][info][gc,marking     ] GC(232) Concurrent Clear Claimed Marks 0.029ms
[1485.579s][info][gc,marking     ] GC(232) Concurrent Cleanup for Next Mark
[1485.582s][info][gc,marking     ] GC(232) Concurrent Cleanup for Next Mark 3.314ms
[1485.582s][info][gc             ] GC(232) Concurrent Mark Cycle 1455.158ms
.... (rIR:aIR:PR = 1799:1799:1799) (tPR = 26785) [OK] 
  1489s: Performance info:
         Transaction,    Success,    Partial,     Failed,   Receipts, AvgBarcode, 
             Overall,     108000,          0,          0,     102603,      59.48, 
         Response times:
             Request,    Success,    Partial,     Failed,   SkipFail,     Probes,    Samples,      min,      p50,      p90,      p95,      p99,      max, 
       TotalPurchase,     102603,          0,          0,          0,     100010,     113098,      300,     1700,     2500,     2800,     6200,   139000,
     InStorePurchase,      54019,          0,          0,          0,      52899,      59663,      300,     1800,     2600,     2900,     7800,   132000,
      OnlinePurchase,      37784,          0,          0,          0,      36787,      41610,      300,     1600,     2500,     2800,     5000,   139000,
        InstPurchase,      10800,          0,          0,          0,      10324,      11825,      400,     1400,     2400,     2700,     5000,   127000,
          AssocOfCat,        109,          0,          0,          0,        101,        119,    18500,    25000,    29000,    31000,   127000,   149000,
      AssocOfProduct,       1078,          0,          0,          0,        934,       1185,      500,     1500,     2100,     2400,     5000,     8000,
      BusinessReport,        269,          0,          0,          0,        216,        307,    19700,    27000,    34000,    38000,    55600,   155000,
          CustBuyBeh,       1080,          0,          0,          0,        957,       1231,      200,     1500,     2600,     2900,     5400,   119000,
       ProductReturn,       2860,          0,          0,          0,       2649,       3201,      200,     1200,     2000,     2300,     5594,   119000,

  1489s: (14%)   IR =   1937 ....[1494.149s][info][gc,start       ] GC(233) Pause Young (Prepare Mixed) (G1 Evacuation Pause)
[1494.149s][info][gc,task        ] GC(233) Using 6 workers of 6 for evacuation
[1494.265s][info][gc,phases      ] GC(233)   Pre Evacuate Collection Set: 0.37ms
[1494.265s][info][gc,phases      ] GC(233)   Merge Heap Roots: 0.57ms
[1494.265s][info][gc,phases      ] GC(233)   Evacuate Collection Set: 114.07ms
[1494.265s][info][gc,phases      ] GC(233)   Post Evacuate Collection Set: 0.94ms
[1494.265s][info][gc,phases      ] GC(233)   Other: 0.09ms
[1494.265s][info][gc,heap        ] GC(233) Eden regions: 1117->0(1111)
[1494.265s][info][gc,heap        ] GC(233) Survivor regions: 111->109(154)
[1494.265s][info][gc,heap        ] GC(233) Old regions: 503->536
[1494.265s][info][gc,heap        ] GC(233) Humongous regions: 80->80
[1494.265s][info][gc,metaspace   ] GC(233) Metaspace: 28912K(29184K)->28912K(29184K) NonClass: 24028K(24128K)->24028K(24128K) Class: 4883K(5056K)->4883K(5056K)
[1494.265s][info][gc             ] GC(233) Pause Young (Prepare Mixed) (G1 Evacuation Pause) 3618M->1446M(4096M) 116.169ms
[1494.265s][info][gc,cpu         ] GC(233) User=0.69s Sys=0.00s Real=0.12s
.|.........[1504.044s][info][gc,start       ] GC(234) Pause Young (Mixed) (G1 Evacuation Pause)
[1504.044s][info][gc,task        ] GC(234) Using 6 workers of 6 for evacuation
[1504.177s][info][gc,phases      ] GC(234)   Pre Evacuate Collection Set: 0.38ms
[1504.177s][info][gc,phases      ] GC(234)   Merge Heap Roots: 0.77ms
[1504.177s][info][gc,phases      ] GC(234)   Evacuate Collection Set: 131.19ms
[1504.177s][info][gc,phases      ] GC(234)   Post Evacuate Collection Set: 0.99ms
[1504.177s][info][gc,phases      ] GC(234)   Other: 0.09ms
[1504.177s][info][gc,heap        ] GC(234) Eden regions: 1111->0(1120)
[1504.177s][info][gc,heap        ] GC(234) Survivor regions: 109->108(153)
[1504.177s][info][gc,heap        ] GC(234) Old regions: 536->471
[1504.177s][info][gc,heap        ] GC(234) Humongous regions: 80->80
[1504.177s][info][gc,metaspace   ] GC(234) Metaspace: 28912K(29184K)->28912K(29184K) NonClass: 24028K(24128K)->24028K(24128K) Class: 4883K(5056K)->4883K(5056K)
[1504.177s][info][gc             ] GC(234) Pause Young (Mixed) (G1 Evacuation Pause) 3668M->1316M(4096M) 133.546ms
[1504.177s][info][gc,cpu         ] GC(234) User=0.79s Sys=0.00s Real=0.14s
..........[1513.735s][info][gc,start       ] GC(235) Pause Young (Concurrent Start) (G1 Evacuation Pause)
[1513.736s][info][gc,task        ] GC(235) Using 6 workers of 6 for evacuation
[1513.851s][info][gc,phases      ] GC(235)   Pre Evacuate Collection Set: 0.38ms
[1513.851s][info][gc,phases      ] GC(235)   Merge Heap Roots: 0.53ms
[1513.851s][info][gc,phases      ] GC(235)   Evacuate Collection Set: 112.70ms
[1513.851s][info][gc,phases      ] GC(235)   Post Evacuate Collection Set: 0.90ms
[1513.851s][info][gc,phases      ] GC(235)   Other: 0.60ms
[1513.851s][info][gc,heap        ] GC(235) Eden regions: 1120->0(1120)
[1513.851s][info][gc,heap        ] GC(235) Survivor regions: 108->108(154)
[1513.851s][info][gc,heap        ] GC(235) Old regions: 471->503
[1513.851s][info][gc,heap        ] GC(235) Humongous regions: 80->80
[1513.851s][info][gc,metaspace   ] GC(235) Metaspace: 28912K(29184K)->28912K(29184K) NonClass: 24028K(24128K)->24028K(24128K) Class: 4883K(5056K)->4883K(5056K)
[1513.851s][info][gc             ] GC(235) Pause Young (Concurrent Start) (G1 Evacuation Pause) 3556M->1378M(4096M) 115.245ms
[1513.851s][info][gc             ] GC(236) Concurrent Mark Cycle
[1513.851s][info][gc,marking     ] GC(236) Concurrent Scan Root Regions
[1513.851s][info][gc,cpu         ] GC(235) User=0.68s Sys=0.00s Real=0.11s
[1514.012s][info][gc,marking     ] GC(236) Concurrent Scan Root Regions 160.827ms
[1514.012s][info][gc,marking     ] GC(236) Concurrent Mark
[1514.012s][info][gc,marking     ] GC(236) Concurrent Mark From Roots
[1514.012s][info][gc,task        ] GC(236) Using 2 workers of 2 for marking
.[1514.911s][info][gc,marking     ] GC(236) Concurrent Mark From Roots 899.366ms
[1514.911s][info][gc,marking     ] GC(236) Concurrent Preclean
[1514.911s][info][gc,marking     ] GC(236) Concurrent Preclean 0.054ms
[1514.911s][info][gc,start       ] GC(236) Pause Remark
[1514.915s][info][gc             ] GC(236) Pause Remark 1628M->1628M(4096M) 3.421ms
[1514.915s][info][gc,cpu         ] GC(236) User=0.02s Sys=0.00s Real=0.01s
[1514.915s][info][gc,marking     ] GC(236) Concurrent Mark 903.109ms
[1514.915s][info][gc,marking     ] GC(236) Concurrent Rebuild Remembered Sets and Scrub Regions
[1515.256s][info][gc,marking     ] GC(236) Concurrent Rebuild Remembered Sets and Scrub Regions 341.039ms
[1515.256s][info][gc,start       ] GC(236) Pause Cleanup
[1515.256s][info][gc             ] GC(236) Pause Cleanup 1693M->1693M(4096M) 0.123ms
[1515.256s][info][gc,cpu         ] GC(236) User=0.00s Sys=0.00s Real=0.00s
[1515.256s][info][gc,marking     ] GC(236) Concurrent Clear Claimed Marks
[1515.256s][info][gc,marking     ] GC(236) Concurrent Clear Claimed Marks 0.043ms
[1515.256s][info][gc,marking     ] GC(236) Concurrent Cleanup for Next Mark
[1515.261s][info][gc,marking     ] GC(236) Concurrent Cleanup for Next Mark 4.980ms
[1515.261s][info][gc             ] GC(236) Concurrent Mark Cycle 1410.447ms
.........[1523.810s][info][gc,start       ] GC(237) Pause Young (Prepare Mixed) (G1 Evacuation Pause)
[1523.810s][info][gc,task        ] GC(237) Using 6 workers of 6 for evacuation
[1523.927s][info][gc,phases      ] GC(237)   Pre Evacuate Collection Set: 0.37ms
[1523.927s][info][gc,phases      ] GC(237)   Merge Heap Roots: 0.55ms
[1523.927s][info][gc,phases      ] GC(237)   Evacuate Collection Set: 114.89ms
[1523.927s][info][gc,phases      ] GC(237)   Post Evacuate Collection Set: 0.89ms
[1523.927s][info][gc,phases      ] GC(237)   Other: 0.09ms
[1523.927s][info][gc,heap        ] GC(237) Eden regions: 1120->0(1113)
[1523.927s][info][gc,heap        ] GC(237) Survivor regions: 108->109(154)
[1523.927s][info][gc,heap        ] GC(237) Old regions: 503->534
[1523.927s][info][gc,heap        ] GC(237) Humongous regions: 80->80
[1523.927s][info][gc,metaspace   ] GC(237) Metaspace: 28912K(29184K)->28912K(29184K) NonClass: 24028K(24128K)->24028K(24128K) Class: 4883K(5056K)->4883K(5056K)
[1523.927s][info][gc             ] GC(237) Pause Young (Prepare Mixed) (G1 Evacuation Pause) 3618M->1444M(4096M) 116.915ms
[1523.927s][info][gc,cpu         ] GC(237) User=0.69s Sys=0.00s Real=0.12s
..........[1533.464s][info][gc,start       ] GC(238) Pause Young (Mixed) (G1 Evacuation Pause)
[1533.464s][info][gc,task        ] GC(238) Using 6 workers of 6 for evacuation
[1533.598s][info][gc,phases      ] GC(238)   Pre Evacuate Collection Set: 0.38ms
[1533.598s][info][gc,phases      ] GC(238)   Merge Heap Roots: 0.72ms
[1533.598s][info][gc,phases      ] GC(238)   Evacuate Collection Set: 131.74ms
[1533.598s][info][gc,phases      ] GC(238)   Post Evacuate Collection Set: 1.00ms
[1533.598s][info][gc,phases      ] GC(238)   Other: 0.09ms
[1533.598s][info][gc,heap        ] GC(238) Eden regions: 1113->0(1117)
[1533.598s][info][gc,heap        ] GC(238) Survivor regions: 109->111(153)
[1533.598s][info][gc,heap        ] GC(238) Old regions: 534->468
[1533.598s][info][gc,heap        ] GC(238) Humongous regions: 80->80
[1533.598s][info][gc,metaspace   ] GC(238) Metaspace: 28912K(29184K)->28912K(29184K) NonClass: 24028K(24128K)->24028K(24128K) Class: 4883K(5056K)->4883K(5056K)
[1533.598s][info][gc             ] GC(238) Pause Young (Mixed) (G1 Evacuation Pause) 3670M->1315M(4096M) 134.069ms
[1533.598s][info][gc,cpu         ] GC(238) User=0.80s Sys=0.00s Real=0.14s
.........[1543.263s][info][gc,start       ] GC(239) Pause Young (Concurrent Start) (G1 Evacuation Pause)
[1543.263s][info][gc,task        ] GC(239) Using 6 workers of 6 for evacuation
[1543.381s][info][gc,phases      ] GC(239)   Pre Evacuate Collection Set: 0.39ms
[1543.381s][info][gc,phases      ] GC(239)   Merge Heap Roots: 0.53ms
[1543.381s][info][gc,phases      ] GC(239)   Evacuate Collection Set: 115.74ms
[1543.381s][info][gc,phases      ] GC(239)   Post Evacuate Collection Set: 0.89ms
[1543.381s][info][gc,phases      ] GC(239)   Other: 0.12ms
[1543.381s][info][gc,heap        ] GC(239) Eden regions: 1117->0(1119)
[1543.381s][info][gc,heap        ] GC(239) Survivor regions: 111->109(154)
[1543.381s][info][gc,heap        ] GC(239) Old regions: 468->501
[1543.381s][info][gc,heap        ] GC(239) Humongous regions: 80->80
[1543.381s][info][gc,metaspace   ] GC(239) Metaspace: 28912K(29184K)->28912K(29184K) NonClass: 24028K(24128K)->24028K(24128K) Class: 4883K(5056K)->4883K(5056K)
[1543.381s][info][gc             ] GC(239) Pause Young (Concurrent Start) (G1 Evacuation Pause) 3549M->1376M(4096M) 117.796ms
[1543.381s][info][gc             ] GC(240) Concurrent Mark Cycle
[1543.381s][info][gc,marking     ] GC(240) Concurrent Scan Root Regions
[1543.381s][info][gc,cpu         ] GC(239) User=0.70s Sys=0.00s Real=0.12s
.[1543.548s][info][gc,marking     ] GC(240) Concurrent Scan Root Regions 167.081ms
[1543.548s][info][gc,marking     ] GC(240) Concurrent Mark
[1543.548s][info][gc,marking     ] GC(240) Concurrent Mark From Roots
[1543.548s][info][gc,task        ] GC(240) Using 2 workers of 2 for marking
[1544.070s][info][gc,marking     ] GC(240) Concurrent Mark From Roots 521.496ms
[1544.070s][info][gc,marking     ] GC(240) Concurrent Preclean
[1544.070s][info][gc,marking     ] GC(240) Concurrent Preclean 0.046ms
[1544.070s][info][gc,start       ] GC(240) Pause Remark
[1544.072s][info][gc             ] GC(240) Pause Remark 1568M->1568M(4096M) 2.732ms
[1544.073s][info][gc,cpu         ] GC(240) User=0.02s Sys=0.00s Real=0.00s
[1544.073s][info][gc,marking     ] GC(240) Concurrent Mark 524.547ms
[1544.073s][info][gc,marking     ] GC(240) Concurrent Rebuild Remembered Sets and Scrub Regions
[1544.275s][info][gc,marking     ] GC(240) Concurrent Rebuild Remembered Sets and Scrub Regions 202.666ms
[1544.275s][info][gc,start       ] GC(240) Pause Cleanup
[1544.276s][info][gc             ] GC(240) Pause Cleanup 1613M->1613M(4096M) 0.121ms
[1544.276s][info][gc,cpu         ] GC(240) User=0.00s Sys=0.00s Real=0.00s
[1544.276s][info][gc,marking     ] GC(240) Concurrent Clear Claimed Marks
[1544.276s][info][gc,marking     ] GC(240) Concurrent Clear Claimed Marks 0.029ms
[1544.276s][info][gc,marking     ] GC(240) Concurrent Cleanup for Next Mark
[1544.279s][info][gc,marking     ] GC(240) Concurrent Cleanup for Next Mark 3.173ms
[1544.279s][info][gc             ] GC(240) Concurrent Mark Cycle 897.991ms
.........[1553.122s][info][gc,start       ] GC(241) Pause Young (Prepare Mixed) (G1 Evacuation Pause)
[1553.122s][info][gc,task        ] GC(241) Using 6 workers of 6 for evacuation
[1553.239s][info][gc,phases      ] GC(241)   Pre Evacuate Collection Set: 0.37ms
[1553.239s][info][gc,phases      ] GC(241)   Merge Heap Roots: 0.57ms
[1553.239s][info][gc,phases      ] GC(241)   Evacuate Collection Set: 114.51ms
[1553.239s][info][gc,phases      ] GC(241)   Post Evacuate Collection Set: 0.92ms
[1553.239s][info][gc,phases      ] GC(241)   Other: 0.09ms
[1553.239s][info][gc,heap        ] GC(241) Eden regions: 1119->0(1117)
[1553.239s][info][gc,heap        ] GC(241) Survivor regions: 109->108(154)
[1553.239s][info][gc,heap        ] GC(241) Old regions: 501->532
[1553.239s][info][gc,heap        ] GC(241) Humongous regions: 80->80
[1553.239s][info][gc,metaspace   ] GC(241) Metaspace: 28912K(29184K)->28912K(29184K) NonClass: 24028K(24128K)->24028K(24128K) Class: 4883K(5056K)->4883K(5056K)
[1553.239s][info][gc             ] GC(241) Pause Young (Prepare Mixed) (G1 Evacuation Pause) 3614M->1438M(4096M) 116.596ms
[1553.239s][info][gc,cpu         ] GC(241) User=0.70s Sys=0.00s Real=0.12s
.. (rIR:aIR:PR = 1937:1937:1937) (tPR = 28715) [OK] 
  1554s: Performance info:
         Transaction,    Success,    Partial,     Failed,   Receipts, AvgBarcode, 
             Overall,     116294,          0,          0,     110482,      59.48, 
         Response times:
             Request,    Success,    Partial,     Failed,   SkipFail,     Probes,    Samples,      min,      p50,      p90,      p95,      p99,      max, 
       TotalPurchase,     110482,          0,          0,          0,     107824,     118304,      300,     1700,     2600,     3000,     7800,   161000,
     InStorePurchase,      58151,          0,          0,          0,      56883,      62311,      300,     1700,     2600,     2900,     8500,   161000,
      OnlinePurchase,      40715,          0,          0,          0,      39834,      43694,      300,     1700,     2700,     3000,     6600,   139000,
        InstPurchase,      11616,          0,          0,          0,      11107,      12299,      400,     1900,     2700,     3000,    11000,   136000,
          AssocOfCat,        116,          0,          0,          0,        106,        123,    18200,    25000,    30000,    31800,   136320,   168000,
      AssocOfProduct,       1155,          0,          0,          0,       1026,       1250,      400,     2000,     2900,     3300,     6990,    40000,
      BusinessReport,        292,          0,          0,          0,        226,        322,    19600,    28000,    37400,    41850,   132670,   167000,
          CustBuyBeh,       1164,          0,          0,          0,       1034,       1254,      200,     2200,     2800,     3200,    15265,   120000,
       ProductReturn,       3085,          0,          0,          0,       2803,       3199,      200,     1500,     2500,     2800,     5600,   138000,

  1554s: (15%)   IR =   2076 .....|..[1562.256s][info][gc,start       ] GC(242) Pause Young (Mixed) (G1 Evacuation Pause)
[1562.256s][info][gc,task        ] GC(242) Using 6 workers of 6 for evacuation
[1562.391s][info][gc,phases      ] GC(242)   Pre Evacuate Collection Set: 0.38ms
[1562.391s][info][gc,phases      ] GC(242)   Merge Heap Roots: 0.76ms
[1562.391s][info][gc,phases      ] GC(242)   Evacuate Collection Set: 132.93ms
[1562.391s][info][gc,phases      ] GC(242)   Post Evacuate Collection Set: 0.96ms
[1562.391s][info][gc,phases      ] GC(242)   Other: 0.09ms
[1562.391s][info][gc,heap        ] GC(242) Eden regions: 1117->0(1119)
[1562.391s][info][gc,heap        ] GC(242) Survivor regions: 108->109(154)
[1562.391s][info][gc,heap        ] GC(242) Old regions: 532->470
[1562.391s][info][gc,heap        ] GC(242) Humongous regions: 80->80
[1562.391s][info][gc,metaspace   ] GC(242) Metaspace: 28914K(29184K)->28914K(29184K) NonClass: 24030K(24128K)->24030K(24128K) Class: 4883K(5056K)->4883K(5056K)
[1562.391s][info][gc             ] GC(242) Pause Young (Mixed) (G1 Evacuation Pause) 3672M->1315M(4096M) 135.258ms
[1562.391s][info][gc,cpu         ] GC(242) User=0.81s Sys=0.00s Real=0.13s
..........[1571.589s][info][gc,start       ] GC(243) Pause Young (Concurrent Start) (G1 Evacuation Pause)
[1571.589s][info][gc,task        ] GC(243) Using 6 workers of 6 for evacuation
[1571.705s][info][gc,phases      ] GC(243)   Pre Evacuate Collection Set: 0.40ms
[1571.705s][info][gc,phases      ] GC(243)   Merge Heap Roots: 0.50ms
[1571.705s][info][gc,phases      ] GC(243)   Evacuate Collection Set: 114.39ms
[1571.705s][info][gc,phases      ] GC(243)   Post Evacuate Collection Set: 0.90ms
[1571.705s][info][gc,phases      ] GC(243)   Other: 0.10ms
[1571.705s][info][gc,heap        ] GC(243) Eden regions: 1119->0(1118)
[1571.705s][info][gc,heap        ] GC(243) Survivor regions: 109->110(154)
[1571.705s][info][gc,heap        ] GC(243) Old regions: 470->502
[1571.705s][info][gc,heap        ] GC(243) Humongous regions: 80->80
[1571.705s][info][gc,metaspace   ] GC(243) Metaspace: 28914K(29184K)->28914K(29184K) NonClass: 24030K(24128K)->24030K(24128K) Class: 4883K(5056K)->4883K(5056K)
[1571.705s][info][gc             ] GC(243) Pause Young (Concurrent Start) (G1 Evacuation Pause) 3553M->1381M(4096M) 116.434ms
[1571.705s][info][gc             ] GC(244) Concurrent Mark Cycle
[1571.705s][info][gc,marking     ] GC(244) Concurrent Scan Root Regions
[1571.705s][info][gc,cpu         ] GC(243) User=0.70s Sys=0.00s Real=0.12s
[1571.821s][info][gc,marking     ] GC(244) Concurrent Scan Root Regions 115.896ms
[1571.821s][info][gc,marking     ] GC(244) Concurrent Mark
[1571.821s][info][gc,marking     ] GC(244) Concurrent Mark From Roots
[1571.821s][info][gc,task        ] GC(244) Using 2 workers of 2 for marking
[1572.366s][info][gc,marking     ] GC(244) Concurrent Mark From Roots 544.935ms
[1572.366s][info][gc,marking     ] GC(244) Concurrent Preclean
[1572.366s][info][gc,marking     ] GC(244) Concurrent Preclean 0.053ms
[1572.366s][info][gc,start       ] GC(244) Pause Remark
[1572.369s][info][gc             ] GC(244) Pause Remark 1589M->1589M(4096M) 2.699ms
[1572.369s][info][gc,cpu         ] GC(244) User=0.02s Sys=0.00s Real=0.00s
[1572.369s][info][gc,marking     ] GC(244) Concurrent Mark 547.938ms
[1572.369s][info][gc,marking     ] GC(244) Concurrent Rebuild Remembered Sets and Scrub Regions
.[1572.714s][info][gc,marking     ] GC(244) Concurrent Rebuild Remembered Sets and Scrub Regions 345.025ms
[1572.714s][info][gc,start       ] GC(244) Pause Cleanup
[1572.714s][info][gc             ] GC(244) Pause Cleanup 1672M->1672M(4096M) 0.131ms
[1572.714s][info][gc,cpu         ] GC(244) User=0.00s Sys=0.00s Real=0.00s
[1572.714s][info][gc,marking     ] GC(244) Concurrent Clear Claimed Marks
[1572.714s][info][gc,marking     ] GC(244) Concurrent Clear Claimed Marks 0.025ms
[1572.714s][info][gc,marking     ] GC(244) Concurrent Cleanup for Next Mark
[1572.718s][info][gc,marking     ] GC(244) Concurrent Cleanup for Next Mark 3.347ms
[1572.718s][info][gc             ] GC(244) Concurrent Mark Cycle 1012.677ms
........[1580.682s][info][gc,start       ] GC(245) Pause Young (Prepare Mixed) (G1 Evacuation Pause)
[1580.682s][info][gc,task        ] GC(245) Using 6 workers of 6 for evacuation
[1580.800s][info][gc,phases      ] GC(245)   Pre Evacuate Collection Set: 0.38ms
[1580.800s][info][gc,phases      ] GC(245)   Merge Heap Roots: 0.63ms
[1580.800s][info][gc,phases      ] GC(245)   Evacuate Collection Set: 115.70ms
[1580.800s][info][gc,phases      ] GC(245)   Post Evacuate Collection Set: 0.94ms
[1580.800s][info][gc,phases      ] GC(245)   Other: 0.09ms
[1580.800s][info][gc,heap        ] GC(245) Eden regions: 1118->0(1111)
[1580.800s][info][gc,heap        ] GC(245) Survivor regions: 110->110(154)
[1580.800s][info][gc,heap        ] GC(245) Old regions: 502->534
[1580.800s][info][gc,heap        ] GC(245) Humongous regions: 80->80
[1580.800s][info][gc,metaspace   ] GC(245) Metaspace: 28914K(29184K)->28914K(29184K) NonClass: 24030K(24128K)->24030K(24128K) Class: 4883K(5056K)->4883K(5056K)
[1580.800s][info][gc             ] GC(245) Pause Young (Prepare Mixed) (G1 Evacuation Pause) 3617M->1444M(4096M) 117.872ms
[1580.800s][info][gc,cpu         ] GC(245) User=0.70s Sys=0.00s Real=0.12s
.........[1589.716s][info][gc,start       ] GC(246) Pause Young (Mixed) (G1 Evacuation Pause)
[1589.716s][info][gc,task        ] GC(246) Using 6 workers of 6 for evacuation
[1589.847s][info][gc,phases      ] GC(246)   Pre Evacuate Collection Set: 0.40ms
[1589.847s][info][gc,phases      ] GC(246)   Merge Heap Roots: 0.72ms
[1589.847s][info][gc,phases      ] GC(246)   Evacuate Collection Set: 129.25ms
[1589.847s][info][gc,phases      ] GC(246)   Post Evacuate Collection Set: 0.95ms
[1589.847s][info][gc,phases      ] GC(246)   Other: 0.09ms
[1589.847s][info][gc,heap        ] GC(246) Eden regions: 1111->0(1120)
[1589.847s][info][gc,heap        ] GC(246) Survivor regions: 110->108(153)
[1589.847s][info][gc,heap        ] GC(246) Old regions: 534->469
[1589.847s][info][gc,heap        ] GC(246) Humongous regions: 80->80
[1589.847s][info][gc,metaspace   ] GC(246) Metaspace: 28914K(29184K)->28914K(29184K) NonClass: 24030K(24128K)->24030K(24128K) Class: 4883K(5056K)->4883K(5056K)
[1589.847s][info][gc             ] GC(246) Pause Young (Mixed) (G1 Evacuation Pause) 3666M->1310M(4096M) 131.548ms
[1589.847s][info][gc,cpu         ] GC(246) User=0.78s Sys=0.00s Real=0.13s
.........[1598.834s][info][gc,start       ] GC(247) Pause Young (Concurrent Start) (G1 Evacuation Pause)
[1598.834s][info][gc,task        ] GC(247) Using 6 workers of 6 for evacuation
[1598.951s][info][gc,phases      ] GC(247)   Pre Evacuate Collection Set: 0.37ms
[1598.951s][info][gc,phases      ] GC(247)   Merge Heap Roots: 0.50ms
[1598.951s][info][gc,phases      ] GC(247)   Evacuate Collection Set: 115.59ms
[1598.951s][info][gc,phases      ] GC(247)   Post Evacuate Collection Set: 0.91ms
[1598.951s][info][gc,phases      ] GC(247)   Other: 0.12ms
[1598.951s][info][gc,heap        ] GC(247) Eden regions: 1120->0(1120)
[1598.951s][info][gc,heap        ] GC(247) Survivor regions: 108->108(154)
[1598.951s][info][gc,heap        ] GC(247) Old regions: 469->501
[1598.951s][info][gc,heap        ] GC(247) Humongous regions: 80->80
[1598.951s][info][gc,metaspace   ] GC(247) Metaspace: 28914K(29184K)->28914K(29184K) NonClass: 24030K(24128K)->24030K(24128K) Class: 4883K(5056K)->4883K(5056K)
[1598.951s][info][gc             ] GC(247) Pause Young (Concurrent Start) (G1 Evacuation Pause) 3550M->1375M(4096M) 117.660ms
[1598.951s][info][gc             ] GC(248) Concurrent Mark Cycle
[1598.951s][info][gc,marking     ] GC(248) Concurrent Scan Root Regions
[1598.951s][info][gc,cpu         ] GC(247) User=0.70s Sys=0.00s Real=0.12s
[1599.075s][info][gc,marking     ] GC(248) Concurrent Scan Root Regions 123.068ms
[1599.075s][info][gc,marking     ] GC(248) Concurrent Mark
[1599.075s][info][gc,marking     ] GC(248) Concurrent Mark From Roots
[1599.075s][info][gc,task        ] GC(248) Using 2 workers of 2 for marking
.[1599.638s][info][gc,marking     ] GC(248) Concurrent Mark From Roots 562.942ms
[1599.638s][info][gc,marking     ] GC(248) Concurrent Preclean
[1599.638s][info][gc,marking     ] GC(248) Concurrent Preclean 0.038ms
[1599.638s][info][gc,start       ] GC(248) Pause Remark
[1599.641s][info][gc             ] GC(248) Pause Remark 1551M->1551M(4096M) 2.951ms
[1599.641s][info][gc,cpu         ] GC(248) User=0.02s Sys=0.00s Real=0.00s
[1599.641s][info][gc,marking     ] GC(248) Concurrent Mark 566.151ms
[1599.641s][info][gc,marking     ] GC(248) Concurrent Rebuild Remembered Sets and Scrub Regions
[1599.866s][info][gc,marking     ] GC(248) Concurrent Rebuild Remembered Sets and Scrub Regions 225.368ms
[1599.866s][info][gc,start       ] GC(248) Pause Cleanup
[1599.866s][info][gc             ] GC(248) Pause Cleanup 1612M->1612M(4096M) 0.126ms
[1599.866s][info][gc,cpu         ] GC(248) User=0.00s Sys=0.00s Real=0.00s
[1599.866s][info][gc,marking     ] GC(248) Concurrent Clear Claimed Marks
[1599.866s][info][gc,marking     ] GC(248) Concurrent Clear Claimed Marks 0.024ms
[1599.866s][info][gc,marking     ] GC(248) Concurrent Cleanup for Next Mark
[1599.870s][info][gc,marking     ] GC(248) Concurrent Cleanup for Next Mark 3.598ms
[1599.870s][info][gc             ] GC(248) Concurrent Mark Cycle 918.619ms
........[1608.073s][info][gc,start       ] GC(249) Pause Young (Prepare Mixed) (G1 Evacuation Pause)
[1608.073s][info][gc,task        ] GC(249) Using 6 workers of 6 for evacuation
[1608.188s][info][gc,phases      ] GC(249)   Pre Evacuate Collection Set: 0.32ms
[1608.188s][info][gc,phases      ] GC(249)   Merge Heap Roots: 0.52ms
[1608.188s][info][gc,phases      ] GC(249)   Evacuate Collection Set: 113.55ms
[1608.188s][info][gc,phases      ] GC(249)   Post Evacuate Collection Set: 0.93ms
[1608.188s][info][gc,phases      ] GC(249)   Other: 0.08ms
[1608.188s][info][gc,heap        ] GC(249) Eden regions: 1120->0(1115)
[1608.188s][info][gc,heap        ] GC(249) Survivor regions: 108->109(154)
[1608.188s][info][gc,heap        ] GC(249) Old regions: 501->532
[1608.188s][info][gc,heap        ] GC(249) Humongous regions: 80->80
[1608.188s][info][gc,metaspace   ] GC(249) Metaspace: 28914K(29184K)->28914K(29184K) NonClass: 24030K(24128K)->24030K(24128K) Class: 4883K(5056K)->4883K(5056K)
[1608.188s][info][gc             ] GC(249) Pause Young (Prepare Mixed) (G1 Evacuation Pause) 3615M->1439M(4096M) 115.543ms
[1608.188s][info][gc,cpu         ] GC(249) User=0.69s Sys=0.00s Real=0.12s
.........[1617.344s][info][gc,start       ] GC(250) Pause Young (Mixed) (G1 Evacuation Pause)
[1617.345s][info][gc,task        ] GC(250) Using 6 workers of 6 for evacuation
[1617.476s][info][gc,phases      ] GC(250)   Pre Evacuate Collection Set: 0.40ms
[1617.476s][info][gc,phases      ] GC(250)   Merge Heap Roots: 0.65ms
[1617.476s][info][gc,phases      ] GC(250)   Evacuate Collection Set: 129.44ms
[1617.476s][info][gc,phases      ] GC(250)   Post Evacuate Collection Set: 1.00ms
[1617.476s][info][gc,phases      ] GC(250)   Other: 0.09ms
[1617.476s][info][gc,heap        ] GC(250) Eden regions: 1115->0(1119)
[1617.476s][info][gc,heap        ] GC(250) Survivor regions: 109->109(153)
[1617.476s][info][gc,heap        ] GC(250) Old regions: 532->469
[1617.476s][info][gc,heap        ] GC(250) Humongous regions: 80->80
[1617.476s][info][gc,metaspace   ] GC(250) Metaspace: 28914K(29184K)->28914K(29184K) NonClass: 24030K(24128K)->24030K(24128K) Class: 4883K(5056K)->4883K(5056K)
[1617.476s][info][gc             ] GC(250) Pause Young (Mixed) (G1 Evacuation Pause) 3669M->1313M(4096M) 131.738ms
[1617.476s][info][gc,cpu         ] GC(250) User=0.78s Sys=0.00s Real=0.13s
... (rIR:aIR:PR = 2076:2075:2075) (tPR = 31195) [OK] 
  1619s: Performance info:
         Transaction,    Success,    Partial,     Failed,   Receipts, AvgBarcode, 
             Overall,     124581,          0,          0,     118354,      59.47, 
         Response times:
             Request,    Success,    Partial,     Failed,   SkipFail,     Probes,    Samples,      min,      p50,      p90,      p95,      p99,      max, 
       TotalPurchase,     118354,          0,          0,          0,     115561,     126382,      300,     1800,     2800,     3200,     8700,   140000,
     InStorePurchase,      62310,          0,          0,          0,      61095,      66726,      300,     1800,     2800,     3200,     9700,   140000,
      OnlinePurchase,      43592,          0,          0,          0,      42605,      46505,      300,     1800,     2800,     3100,     7700,   140000,
        InstPurchase,      12452,          0,          0,          0,      11861,      13151,      400,     2000,     2900,     3300,     9800,   140000,
          AssocOfCat,        122,          0,          0,          0,         89,        121,    18700,    26000,    31800,    34900,   139580,   164000,
      AssocOfProduct,       1251,          0,          0,          0,       1091,       1273,      500,     1700,     2600,     3000,     9138,   134000,
      BusinessReport,        313,          0,          0,          0,        240,        319,    21000,    28000,    35000,    40000,    62400,    68000,
          CustBuyBeh,       1237,          0,          0,          0,       1077,       1321,      300,     1700,     2500,     2900,    10112,   135000,
       ProductReturn,       3304,          0,          0,          0,       3052,       3557,      300,     1800,     2700,     3100,     8700,   134000,

  1619s: (16%)   IR =   2214 ....|..[1626.149s][info][gc,start       ] GC(251) Pause Young (Concurrent Start) (G1 Evacuation Pause)
[1626.149s][info][gc,task        ] GC(251) Using 6 workers of 6 for evacuation
[1626.269s][info][gc,phases      ] GC(251)   Pre Evacuate Collection Set: 0.42ms
[1626.269s][info][gc,phases      ] GC(251)   Merge Heap Roots: 0.52ms
[1626.269s][info][gc,phases      ] GC(251)   Evacuate Collection Set: 117.48ms
[1626.269s][info][gc,phases      ] GC(251)   Post Evacuate Collection Set: 0.90ms
[1626.269s][info][gc,phases      ] GC(251)   Other: 0.13ms
[1626.269s][info][gc,heap        ] GC(251) Eden regions: 1119->0(1117)
[1626.269s][info][gc,heap        ] GC(251) Survivor regions: 109->111(154)
[1626.269s][info][gc,heap        ] GC(251) Old regions: 469->501
[1626.269s][info][gc,heap        ] GC(251) Humongous regions: 80->80
[1626.269s][info][gc,metaspace   ] GC(251) Metaspace: 28916K(29184K)->28916K(29184K) NonClass: 24033K(24128K)->24033K(24128K) Class: 4883K(5056K)->4883K(5056K)
[1626.269s][info][gc             ] GC(251) Pause Young (Concurrent Start) (G1 Evacuation Pause) 3551M->1381M(4096M) 119.587ms
[1626.269s][info][gc             ] GC(252) Concurrent Mark Cycle
[1626.269s][info][gc,marking     ] GC(252) Concurrent Scan Root Regions
[1626.269s][info][gc,cpu         ] GC(251) User=0.71s Sys=0.00s Real=0.12s
[1626.408s][info][gc,marking     ] GC(252) Concurrent Scan Root Regions 138.796ms
[1626.408s][info][gc,marking     ] GC(252) Concurrent Mark
[1626.408s][info][gc,marking     ] GC(252) Concurrent Mark From Roots
[1626.408s][info][gc,task        ] GC(252) Using 2 workers of 2 for marking
.[1627.001s][info][gc,marking     ] GC(252) Concurrent Mark From Roots 593.112ms
[1627.001s][info][gc,marking     ] GC(252) Concurrent Preclean
[1627.001s][info][gc,marking     ] GC(252) Concurrent Preclean 0.046ms
[1627.001s][info][gc,start       ] GC(252) Pause Remark
[1627.004s][info][gc             ] GC(252) Pause Remark 1621M->1621M(4096M) 2.992ms
[1627.004s][info][gc,cpu         ] GC(252) User=0.02s Sys=0.00s Real=0.00s
[1627.004s][info][gc,marking     ] GC(252) Concurrent Mark 596.400ms
[1627.004s][info][gc,marking     ] GC(252) Concurrent Rebuild Remembered Sets and Scrub Regions
[1627.241s][info][gc,marking     ] GC(252) Concurrent Rebuild Remembered Sets and Scrub Regions 237.039ms
[1627.241s][info][gc,start       ] GC(252) Pause Cleanup
[1627.242s][info][gc             ] GC(252) Pause Cleanup 1699M->1699M(4096M) 0.130ms
[1627.242s][info][gc,cpu         ] GC(252) User=0.00s Sys=0.00s Real=0.00s
[1627.242s][info][gc,marking     ] GC(252) Concurrent Clear Claimed Marks
[1627.242s][info][gc,marking     ] GC(252) Concurrent Clear Claimed Marks 0.032ms
[1627.242s][info][gc,marking     ] GC(252) Concurrent Cleanup for Next Mark
[1627.245s][info][gc,marking     ] GC(252) Concurrent Cleanup for Next Mark 3.152ms
[1627.245s][info][gc             ] GC(252) Concurrent Mark Cycle 975.860ms
........[1634.742s][info][gc,start       ] GC(253) Pause Young (Prepare Mixed) (G1 Evacuation Pause)
[1634.742s][info][gc,task        ] GC(253) Using 6 workers of 6 for evacuation
[1634.858s][info][gc,phases      ] GC(253)   Pre Evacuate Collection Set: 0.38ms
[1634.858s][info][gc,phases      ] GC(253)   Merge Heap Roots: 0.53ms
[1634.858s][info][gc,phases      ] GC(253)   Evacuate Collection Set: 113.84ms
[1634.858s][info][gc,phases      ] GC(253)   Post Evacuate Collection Set: 0.95ms
[1634.858s][info][gc,phases      ] GC(253)   Other: 0.09ms
[1634.858s][info][gc,heap        ] GC(253) Eden regions: 1117->0(1114)
[1634.858s][info][gc,heap        ] GC(253) Survivor regions: 111->109(154)
[1634.858s][info][gc,heap        ] GC(253) Old regions: 501->533
[1634.858s][info][gc,heap        ] GC(253) Humongous regions: 80->80
[1634.858s][info][gc,metaspace   ] GC(253) Metaspace: 28916K(29184K)->28916K(29184K) NonClass: 24033K(24128K)->24033K(24128K) Class: 4883K(5056K)->4883K(5056K)
[1634.858s][info][gc             ] GC(253) Pause Young (Prepare Mixed) (G1 Evacuation Pause) 3615M->1440M(4096M) 115.908ms
[1634.858s][info][gc,cpu         ] GC(253) User=0.69s Sys=0.00s Real=0.12s
........[1643.251s][info][gc,start       ] GC(254) Pause Young (Mixed) (G1 Evacuation Pause)
[1643.251s][info][gc,task        ] GC(254) Using 6 workers of 6 for evacuation
[1643.383s][info][gc,phases      ] GC(254)   Pre Evacuate Collection Set: 0.39ms
[1643.383s][info][gc,phases      ] GC(254)   Merge Heap Roots: 0.69ms
[1643.383s][info][gc,phases      ] GC(254)   Evacuate Collection Set: 129.35ms
[1643.383s][info][gc,phases      ] GC(254)   Post Evacuate Collection Set: 0.97ms
[1643.383s][info][gc,phases      ] GC(254)   Other: 0.09ms
[1643.383s][info][gc,heap        ] GC(254) Eden regions: 1114->0(1119)
[1643.383s][info][gc,heap        ] GC(254) Survivor regions: 109->109(153)
[1643.383s][info][gc,heap        ] GC(254) Old regions: 533->468
[1643.383s][info][gc,heap        ] GC(254) Humongous regions: 80->80
[1643.383s][info][gc,metaspace   ] GC(254) Metaspace: 28916K(29184K)->28916K(29184K) NonClass: 24033K(24128K)->24033K(24128K) Class: 4883K(5056K)->4883K(5056K)
[1643.383s][info][gc             ] GC(254) Pause Young (Mixed) (G1 Evacuation Pause) 3668M->1310M(4096M) 131.642ms
[1643.383s][info][gc,cpu         ] GC(254) User=0.78s Sys=0.00s Real=0.13s
.........[1651.917s][info][gc,start       ] GC(255) Pause Young (Concurrent Start) (G1 Evacuation Pause)
[1651.917s][info][gc,task        ] GC(255) Using 6 workers of 6 for evacuation
[1652.035s][info][gc,phases      ] GC(255)   Pre Evacuate Collection Set: 0.41ms
[1652.035s][info][gc,phases      ] GC(255)   Merge Heap Roots: 0.57ms
[1652.035s][info][gc,phases      ] GC(255)   Evacuate Collection Set: 115.81ms
[1652.035s][info][gc,phases      ] GC(255)   Post Evacuate Collection Set: 0.85ms
[1652.035s][info][gc,phases      ] GC(255)   Other: 0.10ms
[1652.035s][info][gc,heap        ] GC(255) Eden regions: 1119->0(1120)
[1652.035s][info][gc,heap        ] GC(255) Survivor regions: 109->108(154)
[1652.035s][info][gc,heap        ] GC(255) Old regions: 468->501
[1652.035s][info][gc,heap        ] GC(255) Humongous regions: 80->80
[1652.035s][info][gc,metaspace   ] GC(255) Metaspace: 28916K(29184K)->28916K(29184K) NonClass: 24033K(24128K)->24033K(24128K) Class: 4883K(5056K)->4883K(5056K)
[1652.035s][info][gc             ] GC(255) Pause Young (Concurrent Start) (G1 Evacuation Pause) 3548M->1375M(4096M) 117.876ms
[1652.035s][info][gc             ] GC(256) Concurrent Mark Cycle
[1652.035s][info][gc,marking     ] GC(256) Concurrent Scan Root Regions
[1652.035s][info][gc,cpu         ] GC(255) User=0.71s Sys=0.00s Real=0.12s
[1652.175s][info][gc,marking     ] GC(256) Concurrent Scan Root Regions 140.318ms
[1652.175s][info][gc,marking     ] GC(256) Concurrent Mark
[1652.175s][info][gc,marking     ] GC(256) Concurrent Mark From Roots
[1652.175s][info][gc,task        ] GC(256) Using 2 workers of 2 for marking
.[1652.758s][info][gc,marking     ] GC(256) Concurrent Mark From Roots 582.777ms
[1652.758s][info][gc,marking     ] GC(256) Concurrent Preclean
[1652.758s][info][gc,marking     ] GC(256) Concurrent Preclean 0.044ms
[1652.758s][info][gc,start       ] GC(256) Pause Remark
[1652.761s][info][gc             ] GC(256) Pause Remark 1598M->1598M(4096M) 2.978ms
[1652.761s][info][gc,cpu         ] GC(256) User=0.02s Sys=0.00s Real=0.00s
[1652.761s][info][gc,marking     ] GC(256) Concurrent Mark 586.057ms
[1652.761s][info][gc,marking     ] GC(256) Concurrent Rebuild Remembered Sets and Scrub Regions
[1652.975s][info][gc,marking     ] GC(256) Concurrent Rebuild Remembered Sets and Scrub Regions 213.484ms
[1652.975s][info][gc,start       ] GC(256) Pause Cleanup
[1652.975s][info][gc             ] GC(256) Pause Cleanup 1651M->1651M(4096M) 0.139ms
[1652.975s][info][gc,cpu         ] GC(256) User=0.00s Sys=0.00s Real=0.00s
[1652.975s][info][gc,marking     ] GC(256) Concurrent Clear Claimed Marks
[1652.975s][info][gc,marking     ] GC(256) Concurrent Clear Claimed Marks 0.030ms
[1652.975s][info][gc,marking     ] GC(256) Concurrent Cleanup for Next Mark
[1652.978s][info][gc,marking     ] GC(256) Concurrent Cleanup for Next Mark 3.165ms
[1652.979s][info][gc             ] GC(256) Concurrent Mark Cycle 943.515ms
.......[1660.433s][info][gc,start       ] GC(257) Pause Young (Prepare Mixed) (G1 Evacuation Pause)
[1660.433s][info][gc,task        ] GC(257) Using 6 workers of 6 for evacuation
[1660.549s][info][gc,phases      ] GC(257)   Pre Evacuate Collection Set: 0.33ms
[1660.549s][info][gc,phases      ] GC(257)   Merge Heap Roots: 0.52ms
[1660.549s][info][gc,phases      ] GC(257)   Evacuate Collection Set: 114.60ms
[1660.549s][info][gc,phases      ] GC(257)   Post Evacuate Collection Set: 0.93ms
[1660.549s][info][gc,phases      ] GC(257)   Other: 0.09ms
[1660.549s][info][gc,heap        ] GC(257) Eden regions: 1120->0(1113)
[1660.549s][info][gc,heap        ] GC(257) Survivor regions: 108->110(154)
[1660.549s][info][gc,heap        ] GC(257) Old regions: 501->532
[1660.549s][info][gc,heap        ] GC(257) Humongous regions: 80->80
[1660.549s][info][gc,metaspace   ] GC(257) Metaspace: 28916K(29184K)->28916K(29184K) NonClass: 24033K(24128K)->24033K(24128K) Class: 4883K(5056K)->4883K(5056K)
[1660.549s][info][gc             ] GC(257) Pause Young (Prepare Mixed) (G1 Evacuation Pause) 3615M->1441M(4096M) 116.615ms
[1660.549s][info][gc,cpu         ] GC(257) User=0.69s Sys=0.00s Real=0.12s
.........[1669.059s][info][gc,start       ] GC(258) Pause Young (Mixed) (G1 Evacuation Pause)
[1669.059s][info][gc,task        ] GC(258) Using 6 workers of 6 for evacuation
[1669.196s][info][gc,phases      ] GC(258)   Pre Evacuate Collection Set: 0.37ms
[1669.197s][info][gc,phases      ] GC(258)   Merge Heap Roots: 0.72ms
[1669.197s][info][gc,phases      ] GC(258)   Evacuate Collection Set: 135.43ms
[1669.197s][info][gc,phases      ] GC(258)   Post Evacuate Collection Set: 0.96ms
[1669.197s][info][gc,phases      ] GC(258)   Other: 0.09ms
[1669.197s][info][gc,heap        ] GC(258) Eden regions: 1113->0(1117)
[1669.197s][info][gc,heap        ] GC(258) Survivor regions: 110->111(153)
[1669.197s][info][gc,heap        ] GC(258) Old regions: 532->468
[1669.197s][info][gc,heap        ] GC(258) Humongous regions: 80->80
[1669.197s][info][gc,metaspace   ] GC(258) Metaspace: 28916K(29184K)->28916K(29184K) NonClass: 24033K(24128K)->24033K(24128K) Class: 4883K(5056K)->4883K(5056K)
[1669.197s][info][gc             ] GC(258) Pause Young (Mixed) (G1 Evacuation Pause) 3667M->1316M(4096M) 137.687ms
[1669.197s][info][gc,cpu         ] GC(258) User=0.82s Sys=0.00s Real=0.14s
.........[1677.631s][info][gc,start       ] GC(259) Pause Young (Concurrent Start) (G1 Evacuation Pause)
[1677.631s][info][gc,task        ] GC(259) Using 6 workers of 6 for evacuation
[1677.749s][info][gc,phases      ] GC(259)   Pre Evacuate Collection Set: 0.42ms
[1677.749s][info][gc,phases      ] GC(259)   Merge Heap Roots: 0.51ms
[1677.749s][info][gc,phases      ] GC(259)   Evacuate Collection Set: 115.99ms
[1677.749s][info][gc,phases      ] GC(259)   Post Evacuate Collection Set: 0.93ms
[1677.749s][info][gc,phases      ] GC(259)   Other: 0.13ms
[1677.749s][info][gc,heap        ] GC(259) Eden regions: 1117->0(1118)
[1677.749s][info][gc,heap        ] GC(259) Survivor regions: 111->110(154)
[1677.749s][info][gc,heap        ] GC(259) Old regions: 468->500
[1677.749s][info][gc,heap        ] GC(259) Humongous regions: 80->80
[1677.749s][info][gc,metaspace   ] GC(259) Metaspace: 28916K(29184K)->28916K(29184K) NonClass: 24033K(24128K)->24033K(24128K) Class: 4883K(5056K)->4883K(5056K)
[1677.749s][info][gc             ] GC(259) Pause Young (Concurrent Start) (G1 Evacuation Pause) 3550M->1377M(4096M) 118.104ms
[1677.749s][info][gc             ] GC(260) Concurrent Mark Cycle
[1677.749s][info][gc,marking     ] GC(260) Concurrent Scan Root Regions
[1677.749s][info][gc,cpu         ] GC(259) User=0.70s Sys=0.00s Real=0.12s
[1677.877s][info][gc,marking     ] GC(260) Concurrent Scan Root Regions 127.966ms
[1677.877s][info][gc,marking     ] GC(260) Concurrent Mark
[1677.877s][info][gc,marking     ] GC(260) Concurrent Mark From Roots
[1677.877s][info][gc,task        ] GC(260) Using 2 workers of 2 for marking
[1678.450s][info][gc,marking     ] GC(260) Concurrent Mark From Roots 573.551ms
[1678.450s][info][gc,marking     ] GC(260) Concurrent Preclean
[1678.450s][info][gc,marking     ] GC(260) Concurrent Preclean 0.050ms
[1678.451s][info][gc,start       ] GC(260) Pause Remark
[1678.454s][info][gc             ] GC(260) Pause Remark 1625M->1625M(4096M) 2.969ms
[1678.454s][info][gc,cpu         ] GC(260) User=0.02s Sys=0.00s Real=0.00s
[1678.454s][info][gc,marking     ] GC(260) Concurrent Mark 576.834ms
[1678.454s][info][gc,marking     ] GC(260) Concurrent Rebuild Remembered Sets and Scrub Regions
.[1678.675s][info][gc,marking     ] GC(260) Concurrent Rebuild Remembered Sets and Scrub Regions 221.252ms
[1678.675s][info][gc,start       ] GC(260) Pause Cleanup
[1678.675s][info][gc             ] GC(260) Pause Cleanup 1678M->1678M(4096M) 0.149ms
[1678.675s][info][gc,cpu         ] GC(260) User=0.00s Sys=0.00s Real=0.00s
[1678.675s][info][gc,marking     ] GC(260) Concurrent Clear Claimed Marks
[1678.675s][info][gc,marking     ] GC(260) Concurrent Clear Claimed Marks 0.035ms
[1678.675s][info][gc,marking     ] GC(260) Concurrent Cleanup for Next Mark
[1678.680s][info][gc,marking     ] GC(260) Concurrent Cleanup for Next Mark 4.520ms
[1678.680s][info][gc             ] GC(260) Concurrent Mark Cycle 931.171ms
..... (rIR:aIR:PR = 2214:2214:2214) (tPR = 32744) [OK] 
  1683s: Performance info:
         Transaction,    Success,    Partial,     Failed,   Receipts, AvgBarcode, 
             Overall,     132959,          0,          0,     126303,      59.48, 
         Response times:
             Request,    Success,    Partial,     Failed,   SkipFail,     Probes,    Samples,      min,      p50,      p90,      p95,      p99,      max, 
       TotalPurchase,     126303,          0,          0,          0,     123598,     132807,      300,     1900,     2900,     3300,    11692,   139000,
     InStorePurchase,      66460,          0,          0,          0,      65250,      69919,      300,     2000,     3000,     3400,    12200,   139000,
      OnlinePurchase,      46545,          0,          0,          0,      45585,      49024,      300,     1800,     2900,     3300,    11075,   139000,
        InstPurchase,      13298,          0,          0,          0,      12763,      13864,      400,     1700,     2800,     3200,     9535,   132000,
          AssocOfCat,        133,          0,          0,          0,        101,        150,    19100,    26000,    32900,    38450,   121430,   176000,
      AssocOfProduct,       1332,          0,          0,          0,       1183,       1379,      500,     1400,     2200,     2700,     4900,   119000,
      BusinessReport,        333,          0,          0,          0,        262,        346,    19600,    28000,    37000,    46000,    96650,   175000,
          CustBuyBeh,       1333,          0,          0,          0,       1228,       1467,      300,     2100,     2900,     3300,    19912,   138000,
       ProductReturn,       3525,          0,          0,          0,       3284,       3699,      200,     2100,     2900,     3400,    14300,   152000,

  1683s: (17%)   IR =   2352 ..[1686.050s][info][gc,start       ] GC(261) Pause Young (Prepare Mixed) (G1 Evacuation Pause)
[1686.050s][info][gc,task        ] GC(261) Using 6 workers of 6 for evacuation
[1686.169s][info][gc,phases      ] GC(261)   Pre Evacuate Collection Set: 0.33ms
[1686.169s][info][gc,phases      ] GC(261)   Merge Heap Roots: 0.55ms
[1686.169s][info][gc,phases      ] GC(261)   Evacuate Collection Set: 117.00ms
[1686.169s][info][gc,phases      ] GC(261)   Post Evacuate Collection Set: 0.92ms
[1686.169s][info][gc,phases      ] GC(261)   Other: 0.08ms
[1686.169s][info][gc,heap        ] GC(261) Eden regions: 1118->0(1110)
[1686.169s][info][gc,heap        ] GC(261) Survivor regions: 110->111(154)
[1686.169s][info][gc,heap        ] GC(261) Old regions: 500->533
[1686.169s][info][gc,heap        ] GC(261) Humongous regions: 80->80
[1686.169s][info][gc,metaspace   ] GC(261) Metaspace: 28916K(29184K)->28916K(29184K) NonClass: 24033K(24128K)->24033K(24128K) Class: 4883K(5056K)->4883K(5056K)
[1686.169s][info][gc             ] GC(261) Pause Young (Prepare Mixed) (G1 Evacuation Pause) 3613M->1445M(4096M) 119.040ms
[1686.169s][info][gc,cpu         ] GC(261) User=0.71s Sys=0.00s Real=0.12s
......|..[1694.062s][info][gc,start       ] GC(262) Pause Young (Mixed) (G1 Evacuation Pause)
[1694.062s][info][gc,task        ] GC(262) Using 6 workers of 6 for evacuation
[1694.197s][info][gc,phases      ] GC(262)   Pre Evacuate Collection Set: 0.39ms
[1694.197s][info][gc,phases      ] GC(262)   Merge Heap Roots: 0.68ms
[1694.197s][info][gc,phases      ] GC(262)   Evacuate Collection Set: 132.22ms
[1694.197s][info][gc,phases      ] GC(262)   Post Evacuate Collection Set: 1.00ms
[1694.197s][info][gc,phases      ] GC(262)   Other: 0.10ms
[1694.197s][info][gc,heap        ] GC(262) Eden regions: 1110->0(1117)
[1694.197s][info][gc,heap        ] GC(262) Survivor regions: 111->111(153)
[1694.197s][info][gc,heap        ] GC(262) Old regions: 533->470
[1694.197s][info][gc,heap        ] GC(262) Humongous regions: 80->80
[1694.197s][info][gc,metaspace   ] GC(262) Metaspace: 28916K(29184K)->28916K(29184K) NonClass: 24033K(24128K)->24033K(24128K) Class: 4883K(5056K)->4883K(5056K)
[1694.197s][info][gc             ] GC(262) Pause Young (Mixed) (G1 Evacuation Pause) 3665M->1318M(4096M) 134.530ms
[1694.197s][info][gc,cpu         ] GC(262) User=0.80s Sys=0.00s Real=0.14s
........[1702.190s][info][gc,start       ] GC(263) Pause Young (Concurrent Start) (G1 Evacuation Pause)
[1702.190s][info][gc,task        ] GC(263) Using 6 workers of 6 for evacuation
[1702.306s][info][gc,phases      ] GC(263)   Pre Evacuate Collection Set: 0.43ms
[1702.306s][info][gc,phases      ] GC(263)   Merge Heap Roots: 0.52ms
[1702.306s][info][gc,phases      ] GC(263)   Evacuate Collection Set: 113.76ms
[1702.306s][info][gc,phases      ] GC(263)   Post Evacuate Collection Set: 0.88ms
[1702.306s][info][gc,phases      ] GC(263)   Other: 0.10ms
[1702.306s][info][gc,heap        ] GC(263) Eden regions: 1117->0(1120)
[1702.306s][info][gc,heap        ] GC(263) Survivor regions: 111->108(154)
[1702.306s][info][gc,heap        ] GC(263) Old regions: 470->502
[1702.306s][info][gc,heap        ] GC(263) Humongous regions: 80->80
[1702.306s][info][gc,metaspace   ] GC(263) Metaspace: 28916K(29184K)->28916K(29184K) NonClass: 24033K(24128K)->24033K(24128K) Class: 4883K(5056K)->4883K(5056K)
[1702.306s][info][gc             ] GC(263) Pause Young (Concurrent Start) (G1 Evacuation Pause) 3552M->1377M(4096M) 115.848ms
[1702.306s][info][gc             ] GC(264) Concurrent Mark Cycle
[1702.306s][info][gc,marking     ] GC(264) Concurrent Scan Root Regions
[1702.306s][info][gc,cpu         ] GC(263) User=0.69s Sys=0.00s Real=0.12s
[1702.428s][info][gc,marking     ] GC(264) Concurrent Scan Root Regions 122.480ms
[1702.428s][info][gc,marking     ] GC(264) Concurrent Mark
[1702.428s][info][gc,marking     ] GC(264) Concurrent Mark From Roots
[1702.428s][info][gc,task        ] GC(264) Using 2 workers of 2 for marking
.[1703.348s][info][gc,marking     ] GC(264) Concurrent Mark From Roots 919.278ms
[1703.348s][info][gc,marking     ] GC(264) Concurrent Preclean
[1703.348s][info][gc,marking     ] GC(264) Concurrent Preclean 0.059ms
[1703.348s][info][gc,start       ] GC(264) Pause Remark
[1703.352s][info][gc             ] GC(264) Pause Remark 1737M->1737M(4096M) 3.671ms
[1703.352s][info][gc,cpu         ] GC(264) User=0.02s Sys=0.00s Real=0.00s
[1703.352s][info][gc,marking     ] GC(264) Concurrent Mark 923.296ms
[1703.352s][info][gc,marking     ] GC(264) Concurrent Rebuild Remembered Sets and Scrub Regions
.[1703.706s][info][gc,marking     ] GC(264) Concurrent Rebuild Remembered Sets and Scrub Regions 354.277ms
[1703.706s][info][gc,start       ] GC(264) Pause Cleanup
[1703.706s][info][gc             ] GC(264) Pause Cleanup 1819M->1819M(4096M) 0.134ms
[1703.706s][info][gc,cpu         ] GC(264) User=0.00s Sys=0.00s Real=0.00s
[1703.706s][info][gc,marking     ] GC(264) Concurrent Clear Claimed Marks
[1703.706s][info][gc,marking     ] GC(264) Concurrent Clear Claimed Marks 0.031ms
[1703.706s][info][gc,marking     ] GC(264) Concurrent Cleanup for Next Mark
[1703.710s][info][gc,marking     ] GC(264) Concurrent Cleanup for Next Mark 3.259ms
[1703.710s][info][gc             ] GC(264) Concurrent Mark Cycle 1403.853ms
......[1710.300s][info][gc,start       ] GC(265) Pause Young (Prepare Mixed) (G1 Evacuation Pause)
[1710.300s][info][gc,task        ] GC(265) Using 6 workers of 6 for evacuation
[1710.415s][info][gc,phases      ] GC(265)   Pre Evacuate Collection Set: 0.34ms
[1710.415s][info][gc,phases      ] GC(265)   Merge Heap Roots: 0.52ms
[1710.415s][info][gc,phases      ] GC(265)   Evacuate Collection Set: 113.78ms
[1710.415s][info][gc,phases      ] GC(265)   Post Evacuate Collection Set: 0.94ms
[1710.415s][info][gc,phases      ] GC(265)   Other: 0.09ms
[1710.415s][info][gc,heap        ] GC(265) Eden regions: 1120->0(1114)
[1710.415s][info][gc,heap        ] GC(265) Survivor regions: 108->109(154)
[1710.415s][info][gc,heap        ] GC(265) Old regions: 502->533
[1710.415s][info][gc,heap        ] GC(265) Humongous regions: 80->80
[1710.415s][info][gc,metaspace   ] GC(265) Metaspace: 28916K(29184K)->28916K(29184K) NonClass: 24033K(24128K)->24033K(24128K) Class: 4883K(5056K)->4883K(5056K)
[1710.415s][info][gc             ] GC(265) Pause Young (Prepare Mixed) (G1 Evacuation Pause) 3617M->1441M(4096M) 115.814ms
[1710.415s][info][gc,cpu         ] GC(265) User=0.68s Sys=0.00s Real=0.12s
........[1718.374s][info][gc,start       ] GC(266) Pause Young (Mixed) (G1 Evacuation Pause)
[1718.374s][info][gc,task        ] GC(266) Using 6 workers of 6 for evacuation
[1718.513s][info][gc,phases      ] GC(266)   Pre Evacuate Collection Set: 0.43ms
[1718.513s][info][gc,phases      ] GC(266)   Merge Heap Roots: 0.90ms
[1718.513s][info][gc,phases      ] GC(266)   Evacuate Collection Set: 135.89ms
[1718.513s][info][gc,phases      ] GC(266)   Post Evacuate Collection Set: 0.98ms
[1718.513s][info][gc,phases      ] GC(266)   Other: 0.09ms
[1718.513s][info][gc,heap        ] GC(266) Eden regions: 1114->0(1118)
[1718.513s][info][gc,heap        ] GC(266) Survivor regions: 109->110(153)
[1718.513s][info][gc,heap        ] GC(266) Old regions: 533->469
[1718.513s][info][gc,heap        ] GC(266) Humongous regions: 80->80
[1718.513s][info][gc,metaspace   ] GC(266) Metaspace: 28916K(29184K)->28916K(29184K) NonClass: 24033K(24128K)->24033K(24128K) Class: 4883K(5056K)->4883K(5056K)
[1718.513s][info][gc             ] GC(266) Pause Young (Mixed) (G1 Evacuation Pause) 3669M->1316M(4096M) 138.418ms
[1718.513s][info][gc,cpu         ] GC(266) User=0.82s Sys=0.00s Real=0.14s
........[1726.352s][info][gc,start       ] GC(267) Pause Young (Concurrent Start) (G1 Evacuation Pause)
[1726.352s][info][gc,task        ] GC(267) Using 6 workers of 6 for evacuation
[1726.467s][info][gc,phases      ] GC(267)   Pre Evacuate Collection Set: 0.37ms
[1726.467s][info][gc,phases      ] GC(267)   Merge Heap Roots: 0.46ms
[1726.467s][info][gc,phases      ] GC(267)   Evacuate Collection Set: 113.56ms
[1726.467s][info][gc,phases      ] GC(267)   Post Evacuate Collection Set: 0.91ms
[1726.467s][info][gc,phases      ] GC(267)   Other: 0.10ms
[1726.467s][info][gc,heap        ] GC(267) Eden regions: 1118->0(1119)
[1726.467s][info][gc,heap        ] GC(267) Survivor regions: 110->109(154)
[1726.467s][info][gc,heap        ] GC(267) Old regions: 469->501
[1726.467s][info][gc,heap        ] GC(267) Humongous regions: 80->80
[1726.467s][info][gc,metaspace   ] GC(267) Metaspace: 28916K(29184K)->28916K(29184K) NonClass: 24033K(24128K)->24033K(24128K) Class: 4883K(5056K)->4883K(5056K)
[1726.467s][info][gc             ] GC(267) Pause Young (Concurrent Start) (G1 Evacuation Pause) 3552M->1377M(4096M) 115.526ms
[1726.467s][info][gc             ] GC(268) Concurrent Mark Cycle
[1726.467s][info][gc,marking     ] GC(268) Concurrent Scan Root Regions
[1726.467s][info][gc,cpu         ] GC(267) User=0.69s Sys=0.00s Real=0.12s
.[1726.630s][info][gc,marking     ] GC(268) Concurrent Scan Root Regions 162.980ms
[1726.630s][info][gc,marking     ] GC(268) Concurrent Mark
[1726.630s][info][gc,marking     ] GC(268) Concurrent Mark From Roots
[1726.630s][info][gc,task        ] GC(268) Using 2 workers of 2 for marking
[1727.204s][info][gc,marking     ] GC(268) Concurrent Mark From Roots 573.794ms
[1727.204s][info][gc,marking     ] GC(268) Concurrent Preclean
[1727.204s][info][gc,marking     ] GC(268) Concurrent Preclean 0.043ms
[1727.204s][info][gc,start       ] GC(268) Pause Remark
[1727.207s][info][gc             ] GC(268) Pause Remark 1606M->1606M(4096M) 2.994ms
[1727.207s][info][gc,cpu         ] GC(268) User=0.02s Sys=0.00s Real=0.01s
[1727.207s][info][gc,marking     ] GC(268) Concurrent Mark 577.089ms
[1727.207s][info][gc,marking     ] GC(268) Concurrent Rebuild Remembered Sets and Scrub Regions
[1727.437s][info][gc,marking     ] GC(268) Concurrent Rebuild Remembered Sets and Scrub Regions 229.803ms
[1727.437s][info][gc,start       ] GC(268) Pause Cleanup
[1727.438s][info][gc             ] GC(268) Pause Cleanup 1665M->1665M(4096M) 0.135ms
[1727.438s][info][gc,cpu         ] GC(268) User=0.00s Sys=0.00s Real=0.00s
[1727.438s][info][gc,marking     ] GC(268) Concurrent Clear Claimed Marks
[1727.438s][info][gc,marking     ] GC(268) Concurrent Clear Claimed Marks 0.030ms
[1727.438s][info][gc,marking     ] GC(268) Concurrent Cleanup for Next Mark
[1727.441s][info][gc,marking     ] GC(268) Concurrent Cleanup for Next Mark 3.237ms
[1727.441s][info][gc             ] GC(268) Concurrent Mark Cycle 973.580ms
.......[1734.540s][info][gc,start       ] GC(269) Pause Young (Prepare Mixed) (G1 Evacuation Pause)
[1734.540s][info][gc,task        ] GC(269) Using 6 workers of 6 for evacuation
[1734.657s][info][gc,phases      ] GC(269)   Pre Evacuate Collection Set: 0.33ms
[1734.657s][info][gc,phases      ] GC(269)   Merge Heap Roots: 0.53ms
[1734.657s][info][gc,phases      ] GC(269)   Evacuate Collection Set: 115.05ms
[1734.657s][info][gc,phases      ] GC(269)   Post Evacuate Collection Set: 0.94ms
[1734.657s][info][gc,phases      ] GC(269)   Other: 0.09ms
[1734.657s][info][gc,heap        ] GC(269) Eden regions: 1119->0(1114)
[1734.657s][info][gc,heap        ] GC(269) Survivor regions: 109->109(154)
[1734.657s][info][gc,heap        ] GC(269) Old regions: 501->533
[1734.657s][info][gc,heap        ] GC(269) Humongous regions: 80->80
[1734.657s][info][gc,metaspace   ] GC(269) Metaspace: 28916K(29184K)->28916K(29184K) NonClass: 24033K(24128K)->24033K(24128K) Class: 4883K(5056K)->4883K(5056K)
[1734.657s][info][gc             ] GC(269) Pause Young (Prepare Mixed) (G1 Evacuation Pause) 3615M->1442M(4096M) 117.068ms
[1734.657s][info][gc,cpu         ] GC(269) User=0.70s Sys=0.00s Real=0.12s
........[1742.508s][info][gc,start       ] GC(270) Pause Young (Mixed) (G1 Evacuation Pause)
[1742.508s][info][gc,task        ] GC(270) Using 6 workers of 6 for evacuation
[1742.640s][info][gc,phases      ] GC(270)   Pre Evacuate Collection Set: 0.39ms
[1742.641s][info][gc,phases      ] GC(270)   Merge Heap Roots: 0.74ms
[1742.641s][info][gc,phases      ] GC(270)   Evacuate Collection Set: 130.33ms
[1742.641s][info][gc,phases      ] GC(270)   Post Evacuate Collection Set: 0.96ms
[1742.641s][info][gc,phases      ] GC(270)   Other: 0.09ms
[1742.641s][info][gc,heap        ] GC(270) Eden regions: 1114->0(1119)
[1742.641s][info][gc,heap        ] GC(270) Survivor regions: 109->109(153)
[1742.641s][info][gc,heap        ] GC(270) Old regions: 533->470
[1742.641s][info][gc,heap        ] GC(270) Humongous regions: 80->80
[1742.641s][info][gc,metaspace   ] GC(270) Metaspace: 28916K(29184K)->28916K(29184K) NonClass: 24033K(24128K)->24033K(24128K) Class: 4883K(5056K)->4883K(5056K)
[1742.641s][info][gc             ] GC(270) Pause Young (Mixed) (G1 Evacuation Pause) 3670M->1315M(4096M) 132.645ms
[1742.641s][info][gc,cpu         ] GC(270) User=0.79s Sys=0.00s Real=0.13s
.........[1750.672s][info][gc,start       ] GC(271) Pause Young (Concurrent Start) (G1 Evacuation Pause)
[1750.672s][info][gc,task        ] GC(271) Using 6 workers of 6 for evacuation
[1750.790s][info][gc,phases      ] GC(271)   Pre Evacuate Collection Set: 0.42ms
[1750.790s][info][gc,phases      ] GC(271)   Merge Heap Roots: 0.53ms
[1750.790s][info][gc,phases      ] GC(271)   Evacuate Collection Set: 116.00ms
[1750.790s][info][gc,phases      ] GC(271)   Post Evacuate Collection Set: 0.90ms
[1750.790s][info][gc,phases      ] GC(271)   Other: 0.12ms
[1750.790s][info][gc,heap        ] GC(271) Eden regions: 1119->0(1120)
[1750.790s][info][gc,heap        ] GC(271) Survivor regions: 109->108(154)
[1750.790s][info][gc,heap        ] GC(271) Old regions: 470->503
[1750.790s][info][gc,heap        ] GC(271) Humongous regions: 80->80
[1750.790s][info][gc,metaspace   ] GC(271) Metaspace: 28916K(29184K)->28916K(29184K) NonClass: 24033K(24128K)->24033K(24128K) Class: 4883K(5056K)->4883K(5056K)
[1750.790s][info][gc             ] GC(271) Pause Young (Concurrent Start) (G1 Evacuation Pause) 3553M->1378M(4096M) 118.087ms
[1750.790s][info][gc             ] GC(272) Concurrent Mark Cycle
[1750.790s][info][gc,marking     ] GC(272) Concurrent Scan Root Regions
[1750.790s][info][gc,cpu         ] GC(271) User=0.70s Sys=0.00s Real=0.12s
[1750.906s][info][gc,marking     ] GC(272) Concurrent Scan Root Regions 116.305ms
[1750.906s][info][gc,marking     ] GC(272) Concurrent Mark
[1750.906s][info][gc,marking     ] GC(272) Concurrent Mark From Roots
[1750.906s][info][gc,task        ] GC(272) Using 2 workers of 2 for marking
[1751.466s][info][gc,marking     ] GC(272) Concurrent Mark From Roots 559.088ms
[1751.466s][info][gc,marking     ] GC(272) Concurrent Preclean
[1751.466s][info][gc,marking     ] GC(272) Concurrent Preclean 0.039ms
[1751.466s][info][gc,start       ] GC(272) Pause Remark
[1751.469s][info][gc             ] GC(272) Pause Remark 1590M->1590M(4096M) 3.072ms
[1751.469s][info][gc,cpu         ] GC(272) User=0.02s Sys=0.00s Real=0.00s
[1751.469s][info][gc,marking     ] GC(272) Concurrent Mark 562.428ms
[1751.469s][info][gc,marking     ] GC(272) Concurrent Rebuild Remembered Sets and Scrub Regions
. (rIR:aIR:PR = 2352:2350:2350) (tPR = 35180) [OK] 
  1751s: Performance info:
         Transaction,    Success,    Partial,     Failed,   Receipts, AvgBarcode, 
             Overall,     141212,          0,          0,     134131,      59.47, 
         Response times:
             Request,    Success,    Partial,     Failed,   SkipFail,     Probes,    Samples,      min,      p50,      p90,      p95,      p99,      max, 
       TotalPurchase,     134131,          0,          0,          0,     130924,     150132,      300,     2000,     3200,     3800,    16100,   178000,
     InStorePurchase,      70615,          0,          0,          0,      69301,      79335,      300,     2000,     3200,     3800,    16300,   139000,
      OnlinePurchase,      49382,          0,          0,          0,      48085,      55118,      300,     2000,     3200,     3800,    16300,   151000,
        InstPurchase,      14134,          0,          0,          0,      13538,      15679,      400,     2200,     3300,     3900,    11400,   178000,
          AssocOfCat,        142,          0,          0,          0,        100,        146,    18800,    26000,    34300,    37650,    52650,    55000,
      AssocOfProduct,       1424,          0,          0,          0,       1246,       1528,      600,     2500,     3700,     4355,    12923,   123000,
      BusinessReport,        354,          0,          0,          0,        269,        379,    21000,    28000,    39000,    46000,    65400,   149000,
          CustBuyBeh,       1413,          0,          0,          0,       1264,       1576,      100,     1400,     2800,     3200,     5500,   118000,
       ProductReturn,       3748,          0,          0,          0,       3544,       4301,      200,     1800,     3000,     3500,    13568,   136000,

  1751s: (18%)   IR =   2491 [1751.697s][info][gc,marking     ] GC(272) Concurrent Rebuild Remembered Sets and Scrub Regions 228.082ms
[1751.697s][info][gc,start       ] GC(272) Pause Cleanup
[1751.697s][info][gc             ] GC(272) Pause Cleanup 1663M->1663M(4096M) 0.126ms
[1751.697s][info][gc,cpu         ] GC(272) User=0.00s Sys=0.00s Real=0.00s
[1751.697s][info][gc,marking     ] GC(272) Concurrent Clear Claimed Marks
[1751.697s][info][gc,marking     ] GC(272) Concurrent Clear Claimed Marks 0.031ms
[1751.697s][info][gc,marking     ] GC(272) Concurrent Cleanup for Next Mark
[1751.700s][info][gc,marking     ] GC(272) Concurrent Cleanup for Next Mark 3.200ms
[1751.700s][info][gc             ] GC(272) Concurrent Mark Cycle 910.452ms
......[1758.421s][info][gc,start       ] GC(273) Pause Young (Prepare Mixed) (G1 Evacuation Pause)
[1758.421s][info][gc,task        ] GC(273) Using 6 workers of 6 for evacuation
[1758.539s][info][gc,phases      ] GC(273)   Pre Evacuate Collection Set: 0.34ms
[1758.539s][info][gc,phases      ] GC(273)   Merge Heap Roots: 0.54ms
[1758.539s][info][gc,phases      ] GC(273)   Evacuate Collection Set: 115.51ms
[1758.539s][info][gc,phases      ] GC(273)   Post Evacuate Collection Set: 0.94ms
[1758.539s][info][gc,phases      ] GC(273)   Other: 0.10ms
[1758.539s][info][gc,heap        ] GC(273) Eden regions: 1120->0(1112)
[1758.539s][info][gc,heap        ] GC(273) Survivor regions: 108->110(154)
[1758.539s][info][gc,heap        ] GC(273) Old regions: 503->533
[1758.539s][info][gc,heap        ] GC(273) Humongous regions: 80->80
[1758.539s][info][gc,metaspace   ] GC(273) Metaspace: 28916K(29184K)->28916K(29184K) NonClass: 24033K(24128K)->24033K(24128K) Class: 4883K(5056K)->4883K(5056K)
[1758.539s][info][gc             ] GC(273) Pause Young (Prepare Mixed) (G1 Evacuation Pause) 3618M->1443M(4096M) 117.557ms
[1758.539s][info][gc,cpu         ] GC(273) User=0.70s Sys=0.00s Real=0.12s
.|.......[1766.009s][info][gc,start       ] GC(274) Pause Young (Mixed) (G1 Evacuation Pause)
[1766.009s][info][gc,task        ] GC(274) Using 6 workers of 6 for evacuation
[1766.144s][info][gc,phases      ] GC(274)   Pre Evacuate Collection Set: 0.37ms
[1766.144s][info][gc,phases      ] GC(274)   Merge Heap Roots: 0.82ms
[1766.144s][info][gc,phases      ] GC(274)   Evacuate Collection Set: 132.89ms
[1766.144s][info][gc,phases      ] GC(274)   Post Evacuate Collection Set: 1.01ms
[1766.144s][info][gc,phases      ] GC(274)   Other: 0.09ms
[1766.144s][info][gc,heap        ] GC(274) Eden regions: 1112->0(1119)
[1766.144s][info][gc,heap        ] GC(274) Survivor regions: 110->109(153)
[1766.144s][info][gc,heap        ] GC(274) Old regions: 533->469
[1766.144s][info][gc,heap        ] GC(274) Humongous regions: 80->80
[1766.144s][info][gc,metaspace   ] GC(274) Metaspace: 28916K(29184K)->28916K(29184K) NonClass: 24033K(24128K)->24033K(24128K) Class: 4883K(5056K)->4883K(5056K)
[1766.144s][info][gc             ] GC(274) Pause Young (Mixed) (G1 Evacuation Pause) 3667M->1314M(4096M) 135.316ms
[1766.145s][info][gc,cpu         ] GC(274) User=0.80s Sys=0.00s Real=0.14s
.......[1773.668s][info][gc,start       ] GC(275) Pause Young (Concurrent Start) (G1 Evacuation Pause)
[1773.668s][info][gc,task        ] GC(275) Using 6 workers of 6 for evacuation
[1773.788s][info][gc,phases      ] GC(275)   Pre Evacuate Collection Set: 0.41ms
[1773.788s][info][gc,phases      ] GC(275)   Merge Heap Roots: 0.56ms
[1773.788s][info][gc,phases      ] GC(275)   Evacuate Collection Set: 117.10ms
[1773.788s][info][gc,phases      ] GC(275)   Post Evacuate Collection Set: 0.93ms
[1773.788s][info][gc,phases      ] GC(275)   Other: 0.14ms
[1773.788s][info][gc,heap        ] GC(275) Eden regions: 1119->0(1117)
[1773.788s][info][gc,heap        ] GC(275) Survivor regions: 109->111(154)
[1773.788s][info][gc,heap        ] GC(275) Old regions: 469->501
[1773.788s][info][gc,heap        ] GC(275) Humongous regions: 80->80
[1773.788s][info][gc,metaspace   ] GC(275) Metaspace: 28916K(29184K)->28916K(29184K) NonClass: 24033K(24128K)->24033K(24128K) Class: 4883K(5056K)->4883K(5056K)
[1773.788s][info][gc             ] GC(275) Pause Young (Concurrent Start) (G1 Evacuation Pause) 3552M->1381M(4096M) 119.320ms
[1773.788s][info][gc             ] GC(276) Concurrent Mark Cycle
[1773.788s][info][gc,marking     ] GC(276) Concurrent Scan Root Regions
[1773.788s][info][gc,cpu         ] GC(275) User=0.71s Sys=0.01s Real=0.12s
.[1773.914s][info][gc,marking     ] GC(276) Concurrent Scan Root Regions 126.596ms
[1773.914s][info][gc,marking     ] GC(276) Concurrent Mark
[1773.914s][info][gc,marking     ] GC(276) Concurrent Mark From Roots
[1773.914s][info][gc,task        ] GC(276) Using 2 workers of 2 for marking
[1774.466s][info][gc,marking     ] GC(276) Concurrent Mark From Roots 551.823ms
[1774.466s][info][gc,marking     ] GC(276) Concurrent Preclean
[1774.466s][info][gc,marking     ] GC(276) Concurrent Preclean 0.046ms
[1774.466s][info][gc,start       ] GC(276) Pause Remark
[1774.469s][info][gc             ] GC(276) Pause Remark 1623M->1623M(4096M) 2.879ms
[1774.469s][info][gc,cpu         ] GC(276) User=0.02s Sys=0.00s Real=0.00s
[1774.469s][info][gc,marking     ] GC(276) Concurrent Mark 554.980ms
[1774.469s][info][gc,marking     ] GC(276) Concurrent Rebuild Remembered Sets and Scrub Regions
[1774.688s][info][gc,marking     ] GC(276) Concurrent Rebuild Remembered Sets and Scrub Regions 218.252ms
[1774.688s][info][gc,start       ] GC(276) Pause Cleanup
[1774.688s][info][gc             ] GC(276) Pause Cleanup 1689M->1689M(4096M) 0.114ms
[1774.688s][info][gc,cpu         ] GC(276) User=0.00s Sys=0.00s Real=0.00s
[1774.688s][info][gc,marking     ] GC(276) Concurrent Clear Claimed Marks
[1774.688s][info][gc,marking     ] GC(276) Concurrent Clear Claimed Marks 0.026ms
[1774.688s][info][gc,marking     ] GC(276) Concurrent Cleanup for Next Mark
[1774.692s][info][gc,marking     ] GC(276) Concurrent Cleanup for Next Mark 4.034ms
[1774.692s][info][gc             ] GC(276) Concurrent Mark Cycle 904.346ms
.......[1781.316s][info][gc,start       ] GC(277) Pause Young (Prepare Mixed) (G1 Evacuation Pause)
[1781.316s][info][gc,task        ] GC(277) Using 6 workers of 6 for evacuation
[1781.436s][info][gc,phases      ] GC(277)   Pre Evacuate Collection Set: 0.32ms
[1781.436s][info][gc,phases      ] GC(277)   Merge Heap Roots: 0.52ms
[1781.436s][info][gc,phases      ] GC(277)   Evacuate Collection Set: 117.83ms
[1781.436s][info][gc,phases      ] GC(277)   Post Evacuate Collection Set: 0.95ms
[1781.436s][info][gc,phases      ] GC(277)   Other: 0.09ms
[1781.436s][info][gc,heap        ] GC(277) Eden regions: 1117->0(1110)
[1781.436s][info][gc,heap        ] GC(277) Survivor regions: 111->111(154)
[1781.436s][info][gc,heap        ] GC(277) Old regions: 501->533
[1781.436s][info][gc,heap        ] GC(277) Humongous regions: 80->80
[1781.436s][info][gc,metaspace   ] GC(277) Metaspace: 28916K(29184K)->28916K(29184K) NonClass: 24033K(24128K)->24033K(24128K) Class: 4883K(5056K)->4883K(5056K)
[1781.436s][info][gc             ] GC(277) Pause Young (Prepare Mixed) (G1 Evacuation Pause) 3615M->1445M(4096M) 119.846ms
[1781.436s][info][gc,cpu         ] GC(277) User=0.71s Sys=0.00s Real=0.12s
.......[1788.813s][info][gc,start       ] GC(278) Pause Young (Mixed) (G1 Evacuation Pause)
[1788.813s][info][gc,task        ] GC(278) Using 6 workers of 6 for evacuation
[1788.944s][info][gc,phases      ] GC(278)   Pre Evacuate Collection Set: 0.41ms
[1788.944s][info][gc,phases      ] GC(278)   Merge Heap Roots: 0.68ms
[1788.944s][info][gc,phases      ] GC(278)   Evacuate Collection Set: 128.87ms
[1788.944s][info][gc,phases      ] GC(278)   Post Evacuate Collection Set: 0.98ms
[1788.944s][info][gc,phases      ] GC(278)   Other: 0.09ms
[1788.944s][info][gc,heap        ] GC(278) Eden regions: 1110->0(1120)
[1788.944s][info][gc,heap        ] GC(278) Survivor regions: 111->108(153)
[1788.944s][info][gc,heap        ] GC(278) Old regions: 533->469
[1788.944s][info][gc,heap        ] GC(278) Humongous regions: 80->80
[1788.944s][info][gc,metaspace   ] GC(278) Metaspace: 28921K(29184K)->28921K(29184K) NonClass: 24037K(24128K)->24037K(24128K) Class: 4883K(5056K)->4883K(5056K)
[1788.944s][info][gc             ] GC(278) Pause Young (Mixed) (G1 Evacuation Pause) 3665M->1311M(4096M) 131.167ms
[1788.944s][info][gc,cpu         ] GC(278) User=0.78s Sys=0.00s Real=0.13s
........[1796.533s][info][gc,start       ] GC(279) Pause Young (Concurrent Start) (G1 Evacuation Pause)
[1796.534s][info][gc,task        ] GC(279) Using 6 workers of 6 for evacuation
[1796.653s][info][gc,phases      ] GC(279)   Pre Evacuate Collection Set: 0.34ms
[1796.653s][info][gc,phases      ] GC(279)   Merge Heap Roots: 0.57ms
[1796.653s][info][gc,phases      ] GC(279)   Evacuate Collection Set: 117.31ms
[1796.653s][info][gc,phases      ] GC(279)   Post Evacuate Collection Set: 0.89ms
[1796.653s][info][gc,phases      ] GC(279)   Other: 0.11ms
[1796.653s][info][gc,heap        ] GC(279) Eden regions: 1120->0(1118)
[1796.653s][info][gc,heap        ] GC(279) Survivor regions: 108->110(154)
[1796.653s][info][gc,heap        ] GC(279) Old regions: 469->500
[1796.653s][info][gc,heap        ] GC(279) Humongous regions: 80->80
[1796.653s][info][gc,metaspace   ] GC(279) Metaspace: 28921K(29184K)->28921K(29184K) NonClass: 24037K(24128K)->24037K(24128K) Class: 4883K(5056K)->4883K(5056K)
[1796.653s][info][gc             ] GC(279) Pause Young (Concurrent Start) (G1 Evacuation Pause) 3551M->1378M(4096M) 119.339ms
[1796.653s][info][gc             ] GC(280) Concurrent Mark Cycle
[1796.653s][info][gc,marking     ] GC(280) Concurrent Scan Root Regions
[1796.653s][info][gc,cpu         ] GC(279) User=0.71s Sys=0.00s Real=0.12s
[1796.770s][info][gc,marking     ] GC(280) Concurrent Scan Root Regions 116.844ms
[1796.770s][info][gc,marking     ] GC(280) Concurrent Mark
[1796.770s][info][gc,marking     ] GC(280) Concurrent Mark From Roots
[1796.770s][info][gc,task        ] GC(280) Using 2 workers of 2 for marking
.[1797.337s][info][gc,marking     ] GC(280) Concurrent Mark From Roots 567.442ms
[1797.337s][info][gc,marking     ] GC(280) Concurrent Preclean
[1797.337s][info][gc,marking     ] GC(280) Concurrent Preclean 0.043ms
[1797.337s][info][gc,start       ] GC(280) Pause Remark
[1797.341s][info][gc             ] GC(280) Pause Remark 1620M->1620M(4096M) 3.184ms
[1797.341s][info][gc,cpu         ] GC(280) User=0.01s Sys=0.00s Real=0.00s
[1797.341s][info][gc,marking     ] GC(280) Concurrent Mark 570.923ms
[1797.341s][info][gc,marking     ] GC(280) Concurrent Rebuild Remembered Sets and Scrub Regions
[1797.564s][info][gc,marking     ] GC(280) Concurrent Rebuild Remembered Sets and Scrub Regions 222.990ms
[1797.564s][info][gc,start       ] GC(280) Pause Cleanup
[1797.564s][info][gc             ] GC(280) Pause Cleanup 1684M->1684M(4096M) 0.133ms
[1797.564s][info][gc,cpu         ] GC(280) User=0.00s Sys=0.00s Real=0.00s
[1797.565s][info][gc,marking     ] GC(280) Concurrent Clear Claimed Marks
[1797.565s][info][gc,marking     ] GC(280) Concurrent Clear Claimed Marks 0.035ms
[1797.565s][info][gc,marking     ] GC(280) Concurrent Cleanup for Next Mark
[1797.569s][info][gc,marking     ] GC(280) Concurrent Cleanup for Next Mark 3.752ms
[1797.569s][info][gc             ] GC(280) Concurrent Mark Cycle 916.015ms
.......[1804.167s][info][gc,start       ] GC(281) Pause Young (Prepare Mixed) (G1 Evacuation Pause)
[1804.167s][info][gc,task        ] GC(281) Using 6 workers of 6 for evacuation
[1804.285s][info][gc,phases      ] GC(281)   Pre Evacuate Collection Set: 0.35ms
[1804.285s][info][gc,phases      ] GC(281)   Merge Heap Roots: 0.55ms
[1804.285s][info][gc,phases      ] GC(281)   Evacuate Collection Set: 116.52ms
[1804.285s][info][gc,phases      ] GC(281)   Post Evacuate Collection Set: 0.95ms
[1804.285s][info][gc,phases      ] GC(281)   Other: 0.09ms
[1804.285s][info][gc,heap        ] GC(281) Eden regions: 1118->0(1111)
[1804.285s][info][gc,heap        ] GC(281) Survivor regions: 110->111(154)
[1804.285s][info][gc,heap        ] GC(281) Old regions: 500->532
[1804.285s][info][gc,heap        ] GC(281) Humongous regions: 80->80
[1804.285s][info][gc,metaspace   ] GC(281) Metaspace: 28922K(29184K)->28922K(29184K) NonClass: 24038K(24128K)->24038K(24128K) Class: 4883K(5056K)->4883K(5056K)
[1804.285s][info][gc             ] GC(281) Pause Young (Prepare Mixed) (G1 Evacuation Pause) 3614M->1443M(4096M) 118.577ms
[1804.285s][info][gc,cpu         ] GC(281) User=0.71s Sys=0.00s Real=0.12s
.......[1811.733s][info][gc,start       ] GC(282) Pause Young (Mixed) (G1 Evacuation Pause)
[1811.733s][info][gc,task        ] GC(282) Using 6 workers of 6 for evacuation
[1811.867s][info][gc,phases      ] GC(282)   Pre Evacuate Collection Set: 0.34ms
[1811.867s][info][gc,phases      ] GC(282)   Merge Heap Roots: 0.67ms
[1811.867s][info][gc,phases      ] GC(282)   Evacuate Collection Set: 131.77ms
[1811.867s][info][gc,phases      ] GC(282)   Post Evacuate Collection Set: 0.99ms
[1811.867s][info][gc,phases      ] GC(282)   Other: 0.09ms
[1811.867s][info][gc,heap        ] GC(282) Eden regions: 1111->0(1120)
[1811.867s][info][gc,heap        ] GC(282) Survivor regions: 111->108(153)
[1811.867s][info][gc,heap        ] GC(282) Old regions: 532->470
[1811.867s][info][gc,heap        ] GC(282) Humongous regions: 80->80
[1811.867s][info][gc,metaspace   ] GC(282) Metaspace: 28922K(29184K)->28922K(29184K) NonClass: 24038K(24128K)->24038K(24128K) Class: 4883K(5056K)->4883K(5056K)
[1811.867s][info][gc             ] GC(282) Pause Young (Mixed) (G1 Evacuation Pause) 3665M->1314M(4096M) 134.009ms
[1811.867s][info][gc,cpu         ] GC(282) User=0.80s Sys=0.00s Real=0.14s
........ (rIR:aIR:PR = 2491:2490:2490) (tPR = 36695) [OK] 
  1818s: Performance info:
         Transaction,    Success,    Partial,     Failed,   Receipts, AvgBarcode, 
             Overall,     150057,          0,          0,     142555,      59.46, 
         Response times:
             Request,    Success,    Partial,     Failed,   SkipFail,     Probes,    Samples,      min,      p50,      p90,      p95,      p99,      max, 
       TotalPurchase,     142555,          0,          0,          0,     139281,     156843,      300,     2100,     3300,     3700,    11600,   168000,
     InStorePurchase,      74984,          0,          0,          0,      73524,      82554,      300,     2100,     3200,     3700,    10800,   168000,
      OnlinePurchase,      52538,          0,          0,          0,      51389,      57835,      300,     2200,     3300,     3800,    12700,   149000,
        InstPurchase,      15033,          0,          0,          0,      14368,      16454,      400,     2100,     3300,     3800,    11645,   140000,
          AssocOfCat,        148,          0,          0,          0,        113,        169,    19900,    28000,    39000,    51500,   161800,   166000,
      AssocOfProduct,       1507,          0,          0,          0,       1329,       1622,      600,     2100,     2900,     3300,     9377,   143000,
      BusinessReport,        376,          0,          0,          0,        305,        406,    21000,    31000,    38000,    42000,   124550,   174000,
          CustBuyBeh,       1498,          0,          0,          0,       1348,       1660,      200,     1700,     2900,     3395,    18300,   139000,
       ProductReturn,       3973,          0,          0,          0,       3740,       4451,      300,     2000,     3100,     3600,    11400,   135000,

  1818s: (19%)   IR =   2629 [1819.398s][info][gc,start       ] GC(283) Pause Young (Concurrent Start) (G1 Evacuation Pause)
[1819.398s][info][gc,task        ] GC(283) Using 6 workers of 6 for evacuation
[1819.516s][info][gc,phases      ] GC(283)   Pre Evacuate Collection Set: 0.42ms
[1819.516s][info][gc,phases      ] GC(283)   Merge Heap Roots: 0.54ms
[1819.516s][info][gc,phases      ] GC(283)   Evacuate Collection Set: 115.94ms
[1819.516s][info][gc,phases      ] GC(283)   Post Evacuate Collection Set: 0.90ms
[1819.516s][info][gc,phases      ] GC(283)   Other: 0.12ms
[1819.516s][info][gc,heap        ] GC(283) Eden regions: 1120->0(1119)
[1819.516s][info][gc,heap        ] GC(283) Survivor regions: 108->109(154)
[1819.516s][info][gc,heap        ] GC(283) Old regions: 470->503
[1819.516s][info][gc,heap        ] GC(283) Humongous regions: 80->80
[1819.516s][info][gc,metaspace   ] GC(283) Metaspace: 28922K(29184K)->28922K(29184K) NonClass: 24038K(24128K)->24038K(24128K) Class: 4883K(5056K)->4883K(5056K)
[1819.516s][info][gc             ] GC(283) Pause Young (Concurrent Start) (G1 Evacuation Pause) 3554M->1381M(4096M) 118.055ms
[1819.516s][info][gc             ] GC(284) Concurrent Mark Cycle
[1819.516s][info][gc,marking     ] GC(284) Concurrent Scan Root Regions
[1819.516s][info][gc,cpu         ] GC(283) User=0.70s Sys=0.00s Real=0.12s
[1819.670s][info][gc,marking     ] GC(284) Concurrent Scan Root Regions 153.903ms
[1819.670s][info][gc,marking     ] GC(284) Concurrent Mark
[1819.670s][info][gc,marking     ] GC(284) Concurrent Mark From Roots
[1819.670s][info][gc,task        ] GC(284) Using 2 workers of 2 for marking
.[1820.257s][info][gc,marking     ] GC(284) Concurrent Mark From Roots 587.752ms
[1820.258s][info][gc,marking     ] GC(284) Concurrent Preclean
[1820.258s][info][gc,marking     ] GC(284) Concurrent Preclean 0.049ms
[1820.258s][info][gc,start       ] GC(284) Pause Remark
[1820.261s][info][gc             ] GC(284) Pause Remark 1639M->1639M(4096M) 3.208ms
[1820.261s][info][gc,cpu         ] GC(284) User=0.02s Sys=0.00s Real=0.00s
[1820.261s][info][gc,marking     ] GC(284) Concurrent Mark 591.259ms
[1820.261s][info][gc,marking     ] GC(284) Concurrent Rebuild Remembered Sets and Scrub Regions
[1820.498s][info][gc,marking     ] GC(284) Concurrent Rebuild Remembered Sets and Scrub Regions 236.797ms
[1820.498s][info][gc,start       ] GC(284) Pause Cleanup
[1820.498s][info][gc             ] GC(284) Pause Cleanup 1727M->1727M(4096M) 0.127ms
[1820.498s][info][gc,cpu         ] GC(284) User=0.00s Sys=0.00s Real=0.00s
[1820.498s][info][gc,marking     ] GC(284) Concurrent Clear Claimed Marks
[1820.498s][info][gc,marking     ] GC(284) Concurrent Clear Claimed Marks 0.032ms
[1820.498s][info][gc,marking     ] GC(284) Concurrent Cleanup for Next Mark
[1820.501s][info][gc,marking     ] GC(284) Concurrent Cleanup for Next Mark 3.176ms
[1820.501s][info][gc             ] GC(284) Concurrent Mark Cycle 985.610ms
.....|.[1826.551s][info][gc,start       ] GC(285) Pause Young (Prepare Mixed) (G1 Evacuation Pause)
[1826.551s][info][gc,task        ] GC(285) Using 6 workers of 6 for evacuation
[1826.667s][info][gc,phases      ] GC(285)   Pre Evacuate Collection Set: 0.37ms
[1826.668s][info][gc,phases      ] GC(285)   Merge Heap Roots: 0.54ms
[1826.668s][info][gc,phases      ] GC(285)   Evacuate Collection Set: 114.62ms
[1826.668s][info][gc,phases      ] GC(285)   Post Evacuate Collection Set: 0.97ms
[1826.668s][info][gc,phases      ] GC(285)   Other: 0.09ms
[1826.668s][info][gc,heap        ] GC(285) Eden regions: 1119->0(1111)
[1826.668s][info][gc,heap        ] GC(285) Survivor regions: 109->110(154)
[1826.668s][info][gc,heap        ] GC(285) Old regions: 503->534
[1826.668s][info][gc,heap        ] GC(285) Humongous regions: 80->80
[1826.668s][info][gc,metaspace   ] GC(285) Metaspace: 28922K(29184K)->28922K(29184K) NonClass: 24038K(24128K)->24038K(24128K) Class: 4883K(5056K)->4883K(5056K)
[1826.668s][info][gc             ] GC(285) Pause Young (Prepare Mixed) (G1 Evacuation Pause) 3619M->1444M(4096M) 116.731ms
[1826.668s][info][gc,cpu         ] GC(285) User=0.69s Sys=0.00s Real=0.12s
.......[1833.757s][info][gc,start       ] GC(286) Pause Young (Mixed) (G1 Evacuation Pause)
[1833.757s][info][gc,task        ] GC(286) Using 6 workers of 6 for evacuation
[1833.888s][info][gc,phases      ] GC(286)   Pre Evacuate Collection Set: 0.37ms
[1833.888s][info][gc,phases      ] GC(286)   Merge Heap Roots: 0.70ms
[1833.888s][info][gc,phases      ] GC(286)   Evacuate Collection Set: 129.11ms
[1833.888s][info][gc,phases      ] GC(286)   Post Evacuate Collection Set: 0.98ms
[1833.888s][info][gc,phases      ] GC(286)   Other: 0.09ms
[1833.888s][info][gc,heap        ] GC(286) Eden regions: 1111->0(1120)
[1833.888s][info][gc,heap        ] GC(286) Survivor regions: 110->108(153)
[1833.888s][info][gc,heap        ] GC(286) Old regions: 534->469
[1833.888s][info][gc,heap        ] GC(286) Humongous regions: 80->80
[1833.888s][info][gc,metaspace   ] GC(286) Metaspace: 28924K(29184K)->28924K(29184K) NonClass: 24040K(24128K)->24040K(24128K) Class: 4883K(5056K)->4883K(5056K)
[1833.888s][info][gc             ] GC(286) Pause Young (Mixed) (G1 Evacuation Pause) 3666M->1312M(4096M) 131.389ms
[1833.888s][info][gc,cpu         ] GC(286) User=0.78s Sys=0.00s Real=0.13s
.......[1840.976s][info][gc,start       ] GC(287) Pause Young (Concurrent Start) (G1 Evacuation Pause)
[1840.976s][info][gc,task        ] GC(287) Using 6 workers of 6 for evacuation
[1841.092s][info][gc,phases      ] GC(287)   Pre Evacuate Collection Set: 0.40ms
[1841.092s][info][gc,phases      ] GC(287)   Merge Heap Roots: 0.49ms
[1841.092s][info][gc,phases      ] GC(287)   Evacuate Collection Set: 113.91ms
[1841.092s][info][gc,phases      ] GC(287)   Post Evacuate Collection Set: 0.90ms
[1841.092s][info][gc,phases      ] GC(287)   Other: 0.12ms
[1841.092s][info][gc,heap        ] GC(287) Eden regions: 1120->0(1120)
[1841.092s][info][gc,heap        ] GC(287) Survivor regions: 108->108(154)
[1841.092s][info][gc,heap        ] GC(287) Old regions: 469->501
[1841.092s][info][gc,heap        ] GC(287) Humongous regions: 80->80
[1841.092s][info][gc,metaspace   ] GC(287) Metaspace: 28924K(29184K)->28924K(29184K) NonClass: 24040K(24128K)->24040K(24128K) Class: 4883K(5056K)->4883K(5056K)
[1841.092s][info][gc             ] GC(287) Pause Young (Concurrent Start) (G1 Evacuation Pause) 3552M->1376M(4096M) 115.986ms
[1841.092s][info][gc             ] GC(288) Concurrent Mark Cycle
[1841.092s][info][gc,marking     ] GC(288) Concurrent Scan Root Regions
[1841.092s][info][gc,cpu         ] GC(287) User=0.69s Sys=0.00s Real=0.11s
.[1841.226s][info][gc,marking     ] GC(288) Concurrent Scan Root Regions 133.890ms
[1841.226s][info][gc,marking     ] GC(288) Concurrent Mark
[1841.226s][info][gc,marking     ] GC(288) Concurrent Mark From Roots
[1841.226s][info][gc,task        ] GC(288) Using 2 workers of 2 for marking
[1841.851s][info][gc,marking     ] GC(288) Concurrent Mark From Roots 625.452ms
[1841.851s][info][gc,marking     ] GC(288) Concurrent Preclean
[1841.851s][info][gc,marking     ] GC(288) Concurrent Preclean 0.061ms
[1841.852s][info][gc,start       ] GC(288) Pause Remark
[1841.855s][info][gc             ] GC(288) Pause Remark 1653M->1653M(4096M) 3.251ms
[1841.855s][info][gc,cpu         ] GC(288) User=0.02s Sys=0.00s Real=0.01s
[1841.855s][info][gc,marking     ] GC(288) Concurrent Mark 629.027ms
[1841.855s][info][gc,marking     ] GC(288) Concurrent Rebuild Remembered Sets and Scrub Regions
[1842.080s][info][gc,marking     ] GC(288) Concurrent Rebuild Remembered Sets and Scrub Regions 224.981ms
[1842.080s][info][gc,start       ] GC(288) Pause Cleanup
[1842.080s][info][gc             ] GC(288) Pause Cleanup 1707M->1707M(4096M) 0.113ms
[1842.080s][info][gc,cpu         ] GC(288) User=0.00s Sys=0.00s Real=0.00s
[1842.080s][info][gc,marking     ] GC(288) Concurrent Clear Claimed Marks
[1842.080s][info][gc,marking     ] GC(288) Concurrent Clear Claimed Marks 0.031ms
[1842.080s][info][gc,marking     ] GC(288) Concurrent Cleanup for Next Mark
[1842.084s][info][gc,marking     ] GC(288) Concurrent Cleanup for Next Mark 3.414ms
[1842.084s][info][gc             ] GC(288) Concurrent Mark Cycle 991.790ms
.......[1848.208s][info][gc,start       ] GC(289) Pause Young (Prepare Mixed) (G1 Evacuation Pause)
[1848.208s][info][gc,task        ] GC(289) Using 6 workers of 6 for evacuation
[1848.324s][info][gc,phases      ] GC(289)   Pre Evacuate Collection Set: 0.40ms
[1848.324s][info][gc,phases      ] GC(289)   Merge Heap Roots: 0.54ms
[1848.324s][info][gc,phases      ] GC(289)   Evacuate Collection Set: 113.83ms
[1848.324s][info][gc,phases      ] GC(289)   Post Evacuate Collection Set: 0.95ms
[1848.324s][info][gc,phases      ] GC(289)   Other: 0.09ms
[1848.324s][info][gc,heap        ] GC(289) Eden regions: 1120->0(1114)
[1848.324s][info][gc,heap        ] GC(289) Survivor regions: 108->109(154)
[1848.324s][info][gc,heap        ] GC(289) Old regions: 501->533
[1848.324s][info][gc,heap        ] GC(289) Humongous regions: 80->80
[1848.324s][info][gc,metaspace   ] GC(289) Metaspace: 28925K(29184K)->28925K(29184K) NonClass: 24041K(24128K)->24041K(24128K) Class: 4883K(5056K)->4883K(5056K)
[1848.324s][info][gc             ] GC(289) Pause Young (Prepare Mixed) (G1 Evacuation Pause) 3616M->1442M(4096M) 115.939ms
[1848.324s][info][gc,cpu         ] GC(289) User=0.69s Sys=0.00s Real=0.11s
.......[1855.374s][info][gc,start       ] GC(290) Pause Young (Mixed) (G1 Evacuation Pause)
[1855.374s][info][gc,task        ] GC(290) Using 6 workers of 6 for evacuation
[1855.508s][info][gc,phases      ] GC(290)   Pre Evacuate Collection Set: 0.36ms
[1855.508s][info][gc,phases      ] GC(290)   Merge Heap Roots: 0.83ms
[1855.508s][info][gc,phases      ] GC(290)   Evacuate Collection Set: 131.70ms
[1855.508s][info][gc,phases      ] GC(290)   Post Evacuate Collection Set: 0.94ms
[1855.508s][info][gc,phases      ] GC(290)   Other: 0.09ms
[1855.508s][info][gc,heap        ] GC(290) Eden regions: 1114->0(1119)
[1855.508s][info][gc,heap        ] GC(290) Survivor regions: 109->109(153)
[1855.508s][info][gc,heap        ] GC(290) Old regions: 533->471
[1855.508s][info][gc,heap        ] GC(290) Humongous regions: 80->80
[1855.508s][info][gc,metaspace   ] GC(290) Metaspace: 28925K(29184K)->28925K(29184K) NonClass: 24041K(24128K)->24041K(24128K) Class: 4883K(5056K)->4883K(5056K)
[1855.508s][info][gc             ] GC(290) Pause Young (Mixed) (G1 Evacuation Pause) 3670M->1317M(4096M) 134.067ms
[1855.508s][info][gc,cpu         ] GC(290) User=0.79s Sys=0.00s Real=0.14s
.......[1862.580s][info][gc,start       ] GC(291) Pause Young (Concurrent Start) (G1 Evacuation Pause)
[1862.580s][info][gc,task        ] GC(291) Using 6 workers of 6 for evacuation
[1862.702s][info][gc,phases      ] GC(291)   Pre Evacuate Collection Set: 0.43ms
[1862.702s][info][gc,phases      ] GC(291)   Merge Heap Roots: 0.54ms
[1862.702s][info][gc,phases      ] GC(291)   Evacuate Collection Set: 119.37ms
[1862.702s][info][gc,phases      ] GC(291)   Post Evacuate Collection Set: 0.91ms
[1862.702s][info][gc,phases      ] GC(291)   Other: 0.12ms
[1862.702s][info][gc,heap        ] GC(291) Eden regions: 1119->0(1115)
[1862.702s][info][gc,heap        ] GC(291) Survivor regions: 109->113(154)
[1862.702s][info][gc,heap        ] GC(291) Old regions: 471->503
[1862.702s][info][gc,heap        ] GC(291) Humongous regions: 80->80
[1862.702s][info][gc,metaspace   ] GC(291) Metaspace: 28925K(29184K)->28925K(29184K) NonClass: 24041K(24128K)->24041K(24128K) Class: 4883K(5056K)->4883K(5056K)
[1862.702s][info][gc             ] GC(291) Pause Young (Concurrent Start) (G1 Evacuation Pause) 3555M->1389M(4096M) 121.525ms
[1862.702s][info][gc             ] GC(292) Concurrent Mark Cycle
[1862.702s][info][gc,marking     ] GC(292) Concurrent Scan Root Regions
[1862.702s][info][gc,cpu         ] GC(291) User=0.73s Sys=0.00s Real=0.12s
[1862.826s][info][gc,marking     ] GC(292) Concurrent Scan Root Regions 123.911ms
[1862.826s][info][gc,marking     ] GC(292) Concurrent Mark
[1862.826s][info][gc,marking     ] GC(292) Concurrent Mark From Roots
[1862.826s][info][gc,task        ] GC(292) Using 2 workers of 2 for marking
.[1863.374s][info][gc,marking     ] GC(292) Concurrent Mark From Roots 548.420ms
[1863.374s][info][gc,marking     ] GC(292) Concurrent Preclean
[1863.374s][info][gc,marking     ] GC(292) Concurrent Preclean 0.045ms
[1863.374s][info][gc,start       ] GC(292) Pause Remark
[1863.377s][info][gc             ] GC(292) Pause Remark 1604M->1604M(4096M) 2.995ms
[1863.377s][info][gc,cpu         ] GC(292) User=0.01s Sys=0.00s Real=0.01s
[1863.377s][info][gc,marking     ] GC(292) Concurrent Mark 551.674ms
[1863.377s][info][gc,marking     ] GC(292) Concurrent Rebuild Remembered Sets and Scrub Regions
[1863.597s][info][gc,marking     ] GC(292) Concurrent Rebuild Remembered Sets and Scrub Regions 219.711ms
[1863.597s][info][gc,start       ] GC(292) Pause Cleanup
[1863.597s][info][gc             ] GC(292) Pause Cleanup 1667M->1667M(4096M) 0.126ms
[1863.597s][info][gc,cpu         ] GC(292) User=0.00s Sys=0.00s Real=0.00s
[1863.597s][info][gc,marking     ] GC(292) Concurrent Clear Claimed Marks
[1863.597s][info][gc,marking     ] GC(292) Concurrent Clear Claimed Marks 0.032ms
[1863.597s][info][gc,marking     ] GC(292) Concurrent Cleanup for Next Mark
[1863.601s][info][gc,marking     ] GC(292) Concurrent Cleanup for Next Mark 3.165ms
[1863.601s][info][gc             ] GC(292) Concurrent Mark Cycle 898.940ms
......[1869.788s][info][gc,start       ] GC(293) Pause Young (Prepare Mixed) (G1 Evacuation Pause)
[1869.788s][info][gc,task        ] GC(293) Using 6 workers of 6 for evacuation
[1869.905s][info][gc,phases      ] GC(293)   Pre Evacuate Collection Set: 0.33ms
[1869.905s][info][gc,phases      ] GC(293)   Merge Heap Roots: 0.56ms
[1869.905s][info][gc,phases      ] GC(293)   Evacuate Collection Set: 115.00ms
[1869.905s][info][gc,phases      ] GC(293)   Post Evacuate Collection Set: 0.96ms
[1869.905s][info][gc,phases      ] GC(293)   Other: 0.09ms
[1869.905s][info][gc,heap        ] GC(293) Eden regions: 1115->0(1112)
[1869.905s][info][gc,heap        ] GC(293) Survivor regions: 113->109(154)
[1869.905s][info][gc,heap        ] GC(293) Old regions: 503->535
[1869.905s][info][gc,heap        ] GC(293) Humongous regions: 80->80
[1869.905s][info][gc,metaspace   ] GC(293) Metaspace: 28925K(29184K)->28925K(29184K) NonClass: 24041K(24128K)->24041K(24128K) Class: 4883K(5056K)->4883K(5056K)
[1869.905s][info][gc             ] GC(293) Pause Young (Prepare Mixed) (G1 Evacuation Pause) 3619M->1444M(4096M) 117.093ms
[1869.905s][info][gc,cpu         ] GC(293) User=0.69s Sys=0.00s Real=0.12s
.......[1876.936s][info][gc,start       ] GC(294) Pause Young (Mixed) (G1 Evacuation Pause)
[1876.936s][info][gc,task        ] GC(294) Using 6 workers of 6 for evacuation
[1877.066s][info][gc,phases      ] GC(294)   Pre Evacuate Collection Set: 0.37ms
[1877.066s][info][gc,phases      ] GC(294)   Merge Heap Roots: 0.65ms
[1877.066s][info][gc,phases      ] GC(294)   Evacuate Collection Set: 127.27ms
[1877.066s][info][gc,phases      ] GC(294)   Post Evacuate Collection Set: 0.95ms
[1877.066s][info][gc,phases      ] GC(294)   Other: 0.09ms
[1877.066s][info][gc,heap        ] GC(294) Eden regions: 1112->0(1119)
[1877.066s][info][gc,heap        ] GC(294) Survivor regions: 109->109(153)
[1877.066s][info][gc,heap        ] GC(294) Old regions: 535->470
[1877.066s][info][gc,heap        ] GC(294) Humongous regions: 80->80
[1877.066s][info][gc,metaspace   ] GC(294) Metaspace: 28925K(29184K)->28925K(29184K) NonClass: 24041K(24128K)->24041K(24128K) Class: 4883K(5056K)->4883K(5056K)
[1877.066s][info][gc             ] GC(294) Pause Young (Mixed) (G1 Evacuation Pause) 3668M->1314M(4096M) 129.469ms
[1877.066s][info][gc,cpu         ] GC(294) User=0.77s Sys=0.00s Real=0.13s
........[1884.181s][info][gc,start       ] GC(295) Pause Young (Concurrent Start) (G1 Evacuation Pause)
[1884.181s][info][gc,task        ] GC(295) Using 6 workers of 6 for evacuation
[1884.298s][info][gc,phases      ] GC(295)   Pre Evacuate Collection Set: 0.38ms
[1884.298s][info][gc,phases      ] GC(295)   Merge Heap Roots: 0.49ms
[1884.298s][info][gc,phases      ] GC(295)   Evacuate Collection Set: 115.21ms
[1884.298s][info][gc,phases      ] GC(295)   Post Evacuate Collection Set: 0.92ms
[1884.298s][info][gc,phases      ] GC(295)   Other: 0.12ms
[1884.298s][info][gc,heap        ] GC(295) Eden regions: 1119->0(1120)
[1884.299s][info][gc,heap        ] GC(295) Survivor regions: 109->108(154)
[1884.299s][info][gc,heap        ] GC(295) Old regions: 470->502
[1884.299s][info][gc,heap        ] GC(295) Humongous regions: 80->80
[1884.299s][info][gc,metaspace   ] GC(295) Metaspace: 28925K(29184K)->28925K(29184K) NonClass: 24041K(24128K)->24041K(24128K) Class: 4883K(5056K)->4883K(5056K)
[1884.299s][info][gc             ] GC(295) Pause Young (Concurrent Start) (G1 Evacuation Pause) 3552M->1378M(4096M) 117.241ms
[1884.299s][info][gc             ] GC(296) Concurrent Mark Cycle
[1884.299s][info][gc,marking     ] GC(296) Concurrent Scan Root Regions
[1884.299s][info][gc,cpu         ] GC(295) User=0.69s Sys=0.00s Real=0.12s
[1884.413s][info][gc,marking     ] GC(296) Concurrent Scan Root Regions 114.328ms
[1884.413s][info][gc,marking     ] GC(296) Concurrent Mark
[1884.413s][info][gc,marking     ] GC(296) Concurrent Mark From Roots
[1884.413s][info][gc,task        ] GC(296) Using 2 workers of 2 for marking
[1884.966s][info][gc,marking     ] GC(296) Concurrent Mark From Roots 553.069ms
[1884.966s][info][gc,marking     ] GC(296) Concurrent Preclean
[1884.966s][info][gc,marking     ] GC(296) Concurrent Preclean 0.046ms
[1884.967s][info][gc,start       ] GC(296) Pause Remark
[1884.970s][info][gc             ] GC(296) Pause Remark 1619M->1619M(4096M) 3.051ms
[1884.970s][info][gc,cpu         ] GC(296) User=0.02s Sys=0.00s Real=0.00s
[1884.970s][info][gc,marking     ] GC(296) Concurrent Mark 557.036ms
[1884.970s][info][gc,marking     ] GC(296) Concurrent Rebuild Remembered Sets and Scrub Regions
. (rIR:aIR:PR = 2629:2627:2627) (tPR = 39083) [OK] 
  1884s: Performance info:
         Transaction,    Success,    Partial,     Failed,   Receipts, AvgBarcode, 
             Overall,     158015,          0,          0,     150108,      59.48, 
         Response times:
             Request,    Success,    Partial,     Failed,   SkipFail,     Probes,    Samples,      min,      p50,      p90,      p95,      p99,      max, 
       TotalPurchase,     150108,          0,          0,          0,     146999,     162934,      300,     2200,     3500,     4200,    16100,   142000,
     InStorePurchase,      78990,          0,          0,          0,      77465,      85450,      300,     2400,     3600,     4300,    17300,   142000,
      OnlinePurchase,      55297,          0,          0,          0,      54280,      60254,      300,     2000,     3400,     3900,    13290,   140000,
        InstPurchase,      15821,          0,          0,          0,      15254,      17230,      400,     2300,     3500,     4100,    17700,   138000,
          AssocOfCat,        157,          0,          0,          0,        114,        173,    18700,    27000,    35000,    38000,    48560,    53000,
      AssocOfProduct,       1581,          0,          0,          0,       1458,       1789,      400,     2500,     3600,     4200,    11250,    26000,
      BusinessReport,        398,          0,          0,          0,        339,        476,    19800,    30000,    39000,    45000,   113330,   207000,
          CustBuyBeh,       1577,          0,          0,          0,       1436,       1759,      200,     1100,     2300,     2800,     6100,   119000,
       ProductReturn,       4194,          0,          0,          0,       3947,       4557,      300,     1900,     3400,     4100,    14852,   123000,

  1884s: (20%)   IR =   2767 [1885.194s][info][gc,marking     ] GC(296) Concurrent Rebuild Remembered Sets and Scrub Regions 224.349ms
[1885.194s][info][gc,start       ] GC(296) Pause Cleanup
[1885.195s][info][gc             ] GC(296) Pause Cleanup 1691M->1691M(4096M) 0.119ms
[1885.195s][info][gc,cpu         ] GC(296) User=0.00s Sys=0.00s Real=0.00s
[1885.195s][info][gc,marking     ] GC(296) Concurrent Clear Claimed Marks
[1885.195s][info][gc,marking     ] GC(296) Concurrent Clear Claimed Marks 0.028ms
[1885.195s][info][gc,marking     ] GC(296) Concurrent Cleanup for Next Mark
[1885.198s][info][gc,marking     ] GC(296) Concurrent Cleanup for Next Mark 3.127ms
[1885.198s][info][gc             ] GC(296) Concurrent Mark Cycle 899.275ms
.....[1891.065s][info][gc,start       ] GC(297) Pause Young (Prepare Mixed) (G1 Evacuation Pause)
[1891.066s][info][gc,task        ] GC(297) Using 6 workers of 6 for evacuation
[1891.183s][info][gc,phases      ] GC(297)   Pre Evacuate Collection Set: 0.38ms
[1891.183s][info][gc,phases      ] GC(297)   Merge Heap Roots: 0.60ms
[1891.183s][info][gc,phases      ] GC(297)   Evacuate Collection Set: 115.60ms
[1891.183s][info][gc,phases      ] GC(297)   Post Evacuate Collection Set: 0.97ms
[1891.183s][info][gc,phases      ] GC(297)   Other: 0.09ms
[1891.183s][info][gc,heap        ] GC(297) Eden regions: 1120->0(1112)
[1891.183s][info][gc,heap        ] GC(297) Survivor regions: 108->109(154)
[1891.183s][info][gc,heap        ] GC(297) Old regions: 502->535
[1891.183s][info][gc,heap        ] GC(297) Humongous regions: 80->80
[1891.183s][info][gc,metaspace   ] GC(297) Metaspace: 28925K(29184K)->28925K(29184K) NonClass: 24041K(24128K)->24041K(24128K) Class: 4883K(5056K)->4883K(5056K)
[1891.183s][info][gc             ] GC(297) Pause Young (Prepare Mixed) (G1 Evacuation Pause) 3618M->1444M(4096M) 117.758ms
[1891.183s][info][gc,cpu         ] GC(297) User=0.70s Sys=0.00s Real=0.11s
...|....[1897.929s][info][gc,start       ] GC(298) Pause Young (Mixed) (G1 Evacuation Pause)
[1897.929s][info][gc,task        ] GC(298) Using 6 workers of 6 for evacuation
[1898.063s][info][gc,phases      ] GC(298)   Pre Evacuate Collection Set: 0.44ms
[1898.063s][info][gc,phases      ] GC(298)   Merge Heap Roots: 0.87ms
[1898.063s][info][gc,phases      ] GC(298)   Evacuate Collection Set: 131.38ms
[1898.063s][info][gc,phases      ] GC(298)   Post Evacuate Collection Set: 1.00ms
[1898.063s][info][gc,phases      ] GC(298)   Other: 0.11ms
[1898.063s][info][gc,heap        ] GC(298) Eden regions: 1112->0(1119)
[1898.063s][info][gc,heap        ] GC(298) Survivor regions: 109->109(153)
[1898.063s][info][gc,heap        ] GC(298) Old regions: 535->471
[1898.063s][info][gc,heap        ] GC(298) Humongous regions: 80->80
[1898.063s][info][gc,metaspace   ] GC(298) Metaspace: 28925K(29184K)->28925K(29184K) NonClass: 24041K(24128K)->24041K(24128K) Class: 4883K(5056K)->4883K(5056K)
[1898.063s][info][gc             ] GC(298) Pause Young (Mixed) (G1 Evacuation Pause) 3668M->1316M(4096M) 133.936ms
[1898.063s][info][gc,cpu         ] GC(298) User=0.80s Sys=0.00s Real=0.13s
.......[1904.750s][info][gc,start       ] GC(299) Pause Young (Concurrent Start) (G1 Evacuation Pause)
[1904.750s][info][gc,task        ] GC(299) Using 6 workers of 6 for evacuation
[1904.866s][info][gc,phases      ] GC(299)   Pre Evacuate Collection Set: 0.42ms
[1904.866s][info][gc,phases      ] GC(299)   Merge Heap Roots: 0.56ms
[1904.866s][info][gc,phases      ] GC(299)   Evacuate Collection Set: 113.46ms
[1904.866s][info][gc,phases      ] GC(299)   Post Evacuate Collection Set: 0.89ms
[1904.866s][info][gc,phases      ] GC(299)   Other: 0.12ms
[1904.866s][info][gc,heap        ] GC(299) Eden regions: 1119->0(1120)
[1904.866s][info][gc,heap        ] GC(299) Survivor regions: 109->108(154)
[1904.866s][info][gc,heap        ] GC(299) Old regions: 471->503
[1904.866s][info][gc,heap        ] GC(299) Humongous regions: 80->80
[1904.866s][info][gc,metaspace   ] GC(299) Metaspace: 28925K(29184K)->28925K(29184K) NonClass: 24041K(24128K)->24041K(24128K) Class: 4883K(5056K)->4883K(5056K)
[1904.866s][info][gc             ] GC(299) Pause Young (Concurrent Start) (G1 Evacuation Pause) 3554M->1378M(4096M) 115.604ms
[1904.866s][info][gc             ] GC(300) Concurrent Mark Cycle
[1904.866s][info][gc,marking     ] GC(300) Concurrent Scan Root Regions
[1904.866s][info][gc,cpu         ] GC(299) User=0.68s Sys=0.00s Real=0.12s
[1904.982s][info][gc,marking     ] GC(300) Concurrent Scan Root Regions 116.255ms
[1904.982s][info][gc,marking     ] GC(300) Concurrent Mark
[1904.982s][info][gc,marking     ] GC(300) Concurrent Mark From Roots
[1904.982s][info][gc,task        ] GC(300) Using 2 workers of 2 for marking
.[1905.541s][info][gc,marking     ] GC(300) Concurrent Mark From Roots 559.082ms
[1905.541s][info][gc,marking     ] GC(300) Concurrent Preclean
[1905.542s][info][gc,marking     ] GC(300) Concurrent Preclean 0.052ms
[1905.542s][info][gc,start       ] GC(300) Pause Remark
[1905.545s][info][gc             ] GC(300) Pause Remark 1614M->1614M(4096M) 3.067ms
[1905.545s][info][gc,cpu         ] GC(300) User=0.02s Sys=0.00s Real=0.01s
[1905.545s][info][gc,marking     ] GC(300) Concurrent Mark 562.444ms
[1905.545s][info][gc,marking     ] GC(300) Concurrent Rebuild Remembered Sets and Scrub Regions
[1905.769s][info][gc,marking     ] GC(300) Concurrent Rebuild Remembered Sets and Scrub Regions 224.021ms
[1905.769s][info][gc,start       ] GC(300) Pause Cleanup
[1905.769s][info][gc             ] GC(300) Pause Cleanup 1692M->1692M(4096M) 0.126ms
[1905.769s][info][gc,cpu         ] GC(300) User=0.00s Sys=0.00s Real=0.00s
[1905.769s][info][gc,marking     ] GC(300) Concurrent Clear Claimed Marks
[1905.769s][info][gc,marking     ] GC(300) Concurrent Clear Claimed Marks 0.031ms
[1905.769s][info][gc,marking     ] GC(300) Concurrent Cleanup for Next Mark
[1905.772s][info][gc,marking     ] GC(300) Concurrent Cleanup for Next Mark 3.169ms
[1905.772s][info][gc             ] GC(300) Concurrent Mark Cycle 906.374ms
......[1911.677s][info][gc,start       ] GC(301) Pause Young (Prepare Mixed) (G1 Evacuation Pause)
[1911.677s][info][gc,task        ] GC(301) Using 6 workers of 6 for evacuation
[1911.793s][info][gc,phases      ] GC(301)   Pre Evacuate Collection Set: 0.31ms
[1911.793s][info][gc,phases      ] GC(301)   Merge Heap Roots: 0.53ms
[1911.793s][info][gc,phases      ] GC(301)   Evacuate Collection Set: 114.49ms
[1911.793s][info][gc,phases      ] GC(301)   Post Evacuate Collection Set: 0.97ms
[1911.793s][info][gc,phases      ] GC(301)   Other: 0.09ms
[1911.793s][info][gc,heap        ] GC(301) Eden regions: 1120->0(1114)
[1911.793s][info][gc,heap        ] GC(301) Survivor regions: 108->108(154)
[1911.793s][info][gc,heap        ] GC(301) Old regions: 503->535
[1911.793s][info][gc,heap        ] GC(301) Humongous regions: 80->80
[1911.793s][info][gc,metaspace   ] GC(301) Metaspace: 28925K(29184K)->28925K(29184K) NonClass: 24041K(24128K)->24041K(24128K) Class: 4883K(5056K)->4883K(5056K)
[1911.793s][info][gc             ] GC(301) Pause Young (Prepare Mixed) (G1 Evacuation Pause) 3618M->1443M(4096M) 116.550ms
[1911.793s][info][gc,cpu         ] GC(301) User=0.70s Sys=0.00s Real=0.11s
.......[1918.562s][info][gc,start       ] GC(302) Pause Young (Mixed) (G1 Evacuation Pause)
[1918.562s][info][gc,task        ] GC(302) Using 6 workers of 6 for evacuation
[1918.697s][info][gc,phases      ] GC(302)   Pre Evacuate Collection Set: 0.41ms
[1918.697s][info][gc,phases      ] GC(302)   Merge Heap Roots: 0.75ms
[1918.697s][info][gc,phases      ] GC(302)   Evacuate Collection Set: 132.22ms
[1918.697s][info][gc,phases      ] GC(302)   Post Evacuate Collection Set: 0.97ms
[1918.697s][info][gc,phases      ] GC(302)   Other: 0.10ms
[1918.697s][info][gc,heap        ] GC(302) Eden regions: 1114->0(1117)
[1918.697s][info][gc,heap        ] GC(302) Survivor regions: 108->111(153)
[1918.697s][info][gc,heap        ] GC(302) Old regions: 535->470
[1918.697s][info][gc,heap        ] GC(302) Humongous regions: 80->80
[1918.697s][info][gc,metaspace   ] GC(302) Metaspace: 28925K(29184K)->28925K(29184K) NonClass: 24041K(24128K)->24041K(24128K) Class: 4883K(5056K)->4883K(5056K)
[1918.697s][info][gc             ] GC(302) Pause Young (Mixed) (G1 Evacuation Pause) 3671M->1319M(4096M) 134.571ms
[1918.697s][info][gc,cpu         ] GC(302) User=0.80s Sys=0.00s Real=0.14s
.......[1925.445s][info][gc,start       ] GC(303) Pause Young (Concurrent Start) (G1 Evacuation Pause)
[1925.446s][info][gc,task        ] GC(303) Using 6 workers of 6 for evacuation
[1925.563s][info][gc,phases      ] GC(303)   Pre Evacuate Collection Set: 0.42ms
[1925.564s][info][gc,phases      ] GC(303)   Merge Heap Roots: 0.50ms
[1925.564s][info][gc,phases      ] GC(303)   Evacuate Collection Set: 116.01ms
[1925.564s][info][gc,phases      ] GC(303)   Post Evacuate Collection Set: 0.91ms
[1925.564s][info][gc,phases      ] GC(303)   Other: 0.11ms
[1925.564s][info][gc,heap        ] GC(303) Eden regions: 1117->0(1118)
[1925.564s][info][gc,heap        ] GC(303) Survivor regions: 111->110(154)
[1925.564s][info][gc,heap        ] GC(303) Old regions: 470->503
[1925.564s][info][gc,heap        ] GC(303) Humongous regions: 80->80
[1925.564s][info][gc,metaspace   ] GC(303) Metaspace: 28925K(29184K)->28925K(29184K) NonClass: 24041K(24128K)->24041K(24128K) Class: 4883K(5056K)->4883K(5056K)
[1925.564s][info][gc             ] GC(303) Pause Young (Concurrent Start) (G1 Evacuation Pause) 3553M->1383M(4096M) 118.075ms
[1925.564s][info][gc             ] GC(304) Concurrent Mark Cycle
[1925.564s][info][gc,marking     ] GC(304) Concurrent Scan Root Regions
[1925.564s][info][gc,cpu         ] GC(303) User=0.70s Sys=0.00s Real=0.11s
[1925.684s][info][gc,marking     ] GC(304) Concurrent Scan Root Regions 120.380ms
[1925.684s][info][gc,marking     ] GC(304) Concurrent Mark
[1925.684s][info][gc,marking     ] GC(304) Concurrent Mark From Roots
[1925.684s][info][gc,task        ] GC(304) Using 2 workers of 2 for marking
.[1926.257s][info][gc,marking     ] GC(304) Concurrent Mark From Roots 572.508ms
[1926.257s][info][gc,marking     ] GC(304) Concurrent Preclean
[1926.257s][info][gc,marking     ] GC(304) Concurrent Preclean 0.042ms
[1926.257s][info][gc,start       ] GC(304) Pause Remark
[1926.260s][info][gc             ] GC(304) Pause Remark 1679M->1679M(4096M) 3.233ms
[1926.260s][info][gc,cpu         ] GC(304) User=0.02s Sys=0.00s Real=0.00s
[1926.260s][info][gc,marking     ] GC(304) Concurrent Mark 576.014ms
[1926.260s][info][gc,marking     ] GC(304) Concurrent Rebuild Remembered Sets and Scrub Regions
[1926.478s][info][gc,marking     ] GC(304) Concurrent Rebuild Remembered Sets and Scrub Regions 217.787ms
[1926.478s][info][gc,start       ] GC(304) Pause Cleanup
[1926.478s][info][gc             ] GC(304) Pause Cleanup 1759M->1759M(4096M) 0.127ms
[1926.478s][info][gc,cpu         ] GC(304) User=0.00s Sys=0.00s Real=0.00s
[1926.478s][info][gc,marking     ] GC(304) Concurrent Clear Claimed Marks
[1926.478s][info][gc,marking     ] GC(304) Concurrent Clear Claimed Marks 0.031ms
[1926.478s][info][gc,marking     ] GC(304) Concurrent Cleanup for Next Mark
[1926.481s][info][gc,marking     ] GC(304) Concurrent Cleanup for Next Mark 3.159ms
[1926.481s][info][gc             ] GC(304) Concurrent Mark Cycle 917.848ms
.....[1932.190s][info][gc,start       ] GC(305) Pause Young (Prepare Mixed) (G1 Evacuation Pause)
[1932.190s][info][gc,task        ] GC(305) Using 6 workers of 6 for evacuation
[1932.306s][info][gc,phases      ] GC(305)   Pre Evacuate Collection Set: 0.36ms
[1932.306s][info][gc,phases      ] GC(305)   Merge Heap Roots: 0.52ms
[1932.306s][info][gc,phases      ] GC(305)   Evacuate Collection Set: 113.79ms
[1932.306s][info][gc,phases      ] GC(305)   Post Evacuate Collection Set: 0.91ms
[1932.306s][info][gc,phases      ] GC(305)   Other: 0.09ms
[1932.306s][info][gc,heap        ] GC(305) Eden regions: 1118->0(1112)
[1932.306s][info][gc,heap        ] GC(305) Survivor regions: 110->109(154)
[1932.306s][info][gc,heap        ] GC(305) Old regions: 503->535
[1932.306s][info][gc,heap        ] GC(305) Humongous regions: 80->80
[1932.306s][info][gc,metaspace   ] GC(305) Metaspace: 28925K(29184K)->28925K(29184K) NonClass: 24041K(24128K)->24041K(24128K) Class: 4883K(5056K)->4883K(5056K)
[1932.306s][info][gc             ] GC(305) Pause Young (Prepare Mixed) (G1 Evacuation Pause) 3619M->1445M(4096M) 115.808ms
[1932.306s][info][gc,cpu         ] GC(305) User=0.69s Sys=0.00s Real=0.12s
.......[1939.054s][info][gc,start       ] GC(306) Pause Young (Mixed) (G1 Evacuation Pause)
[1939.054s][info][gc,task        ] GC(306) Using 6 workers of 6 for evacuation
[1939.186s][info][gc,phases      ] GC(306)   Pre Evacuate Collection Set: 0.39ms
[1939.186s][info][gc,phases      ] GC(306)   Merge Heap Roots: 0.70ms
[1939.186s][info][gc,phases      ] GC(306)   Evacuate Collection Set: 129.69ms
[1939.186s][info][gc,phases      ] GC(306)   Post Evacuate Collection Set: 0.98ms
[1939.186s][info][gc,phases      ] GC(306)   Other: 0.09ms
[1939.186s][info][gc,heap        ] GC(306) Eden regions: 1112->0(1120)
[1939.186s][info][gc,heap        ] GC(306) Survivor regions: 109->108(153)
[1939.186s][info][gc,heap        ] GC(306) Old regions: 535->471
[1939.186s][info][gc,heap        ] GC(306) Humongous regions: 80->80
[1939.186s][info][gc,metaspace   ] GC(306) Metaspace: 28925K(29184K)->28925K(29184K) NonClass: 24041K(24128K)->24041K(24128K) Class: 4883K(5056K)->4883K(5056K)
[1939.186s][info][gc             ] GC(306) Pause Young (Mixed) (G1 Evacuation Pause) 3669M->1315M(4096M) 131.980ms
[1939.186s][info][gc,cpu         ] GC(306) User=0.79s Sys=0.00s Real=0.13s
.......[1945.984s][info][gc,start       ] GC(307) Pause Young (Concurrent Start) (G1 Evacuation Pause)
[1945.984s][info][gc,task        ] GC(307) Using 6 workers of 6 for evacuation
[1946.104s][info][gc,phases      ] GC(307)   Pre Evacuate Collection Set: 0.40ms
[1946.104s][info][gc,phases      ] GC(307)   Merge Heap Roots: 0.55ms
[1946.104s][info][gc,phases      ] GC(307)   Evacuate Collection Set: 117.98ms
[1946.104s][info][gc,phases      ] GC(307)   Post Evacuate Collection Set: 0.92ms
[1946.104s][info][gc,phases      ] GC(307)   Other: 0.14ms
[1946.104s][info][gc,heap        ] GC(307) Eden regions: 1120->0(1116)
[1946.104s][info][gc,heap        ] GC(307) Survivor regions: 108->112(154)
[1946.104s][info][gc,heap        ] GC(307) Old regions: 471->502
[1946.104s][info][gc,heap        ] GC(307) Humongous regions: 80->80
[1946.104s][info][gc,metaspace   ] GC(307) Metaspace: 28925K(29184K)->28925K(29184K) NonClass: 24041K(24128K)->24041K(24128K) Class: 4883K(5056K)->4883K(5056K)
[1946.104s][info][gc             ] GC(307) Pause Young (Concurrent Start) (G1 Evacuation Pause) 3555M->1385M(4096M) 120.130ms
[1946.104s][info][gc             ] GC(308) Concurrent Mark Cycle
[1946.104s][info][gc,marking     ] GC(308) Concurrent Scan Root Regions
[1946.104s][info][gc,cpu         ] GC(307) User=0.71s Sys=0.01s Real=0.12s
[1946.236s][info][gc,marking     ] GC(308) Concurrent Scan Root Regions 131.674ms
[1946.236s][info][gc,marking     ] GC(308) Concurrent Mark
[1946.236s][info][gc,marking     ] GC(308) Concurrent Mark From Roots
[1946.236s][info][gc,task        ] GC(308) Using 2 workers of 2 for marking
.[1946.818s][info][gc,marking     ] GC(308) Concurrent Mark From Roots 581.717ms
[1946.818s][info][gc,marking     ] GC(308) Concurrent Preclean
[1946.818s][info][gc,marking     ] GC(308) Concurrent Preclean 0.043ms
[1946.818s][info][gc,start       ] GC(308) Pause Remark
[1946.821s][info][gc             ] GC(308) Pause Remark 1672M->1672M(4096M) 2.966ms
[1946.821s][info][gc,cpu         ] GC(308) User=0.01s Sys=0.00s Real=0.00s
[1946.821s][info][gc,marking     ] GC(308) Concurrent Mark 585.001ms
[1946.821s][info][gc,marking     ] GC(308) Concurrent Rebuild Remembered Sets and Scrub Regions
[1947.044s][info][gc,marking     ] GC(308) Concurrent Rebuild Remembered Sets and Scrub Regions 223.315ms
[1947.045s][info][gc,start       ] GC(308) Pause Cleanup
[1947.045s][info][gc             ] GC(308) Pause Cleanup 1740M->1740M(4096M) 0.135ms
[1947.045s][info][gc,cpu         ] GC(308) User=0.00s Sys=0.00s Real=0.00s
[1947.045s][info][gc,marking     ] GC(308) Concurrent Clear Claimed Marks
[1947.045s][info][gc,marking     ] GC(308) Concurrent Clear Claimed Marks 0.027ms
[1947.045s][info][gc,marking     ] GC(308) Concurrent Cleanup for Next Mark
[1947.048s][info][gc,marking     ] GC(308) Concurrent Cleanup for Next Mark 3.561ms
[1947.048s][info][gc             ] GC(308) Concurrent Mark Cycle 944.071ms
......[1952.745s][info][gc,start       ] GC(309) Pause Young (Prepare Mixed) (G1 Evacuation Pause)
[1952.745s][info][gc,task        ] GC(309) Using 6 workers of 6 for evacuation
[1952.863s][info][gc,phases      ] GC(309)   Pre Evacuate Collection Set: 0.37ms
[1952.864s][info][gc,phases      ] GC(309)   Merge Heap Roots: 0.67ms
[1952.864s][info][gc,phases      ] GC(309)   Evacuate Collection Set: 116.77ms
[1952.864s][info][gc,phases      ] GC(309)   Post Evacuate Collection Set: 0.97ms
[1952.864s][info][gc,phases      ] GC(309)   Other: 0.09ms
[1952.864s][info][gc,heap        ] GC(309) Eden regions: 1116->0(1111)
[1952.864s][info][gc,heap        ] GC(309) Survivor regions: 112->110(154)
[1952.864s][info][gc,heap        ] GC(309) Old regions: 502->534
[1952.864s][info][gc,heap        ] GC(309) Humongous regions: 80->80
[1952.864s][info][gc,metaspace   ] GC(309) Metaspace: 28925K(29184K)->28925K(29184K) NonClass: 24041K(24128K)->24041K(24128K) Class: 4883K(5056K)->4883K(5056K)
[1952.864s][info][gc             ] GC(309) Pause Young (Prepare Mixed) (G1 Evacuation Pause) 3617M->1446M(4096M) 119.003ms
[1952.864s][info][gc,cpu         ] GC(309) User=0.71s Sys=0.00s Real=0.11s
. (rIR:aIR:PR = 2767:2770:2770) (tPR = 40802) [OK] 
  1953s: Performance info:
         Transaction,    Success,    Partial,     Failed,   Receipts, AvgBarcode, 
             Overall,     166547,          0,          0,     158228,      59.47, 
         Response times:
             Request,    Success,    Partial,     Failed,   SkipFail,     Probes,    Samples,      min,      p50,      p90,      p95,      p99,      max, 
       TotalPurchase,     158228,          0,          0,          0,     154365,     176627,      300,     2300,     3600,     4300,    17500,   146000,
     InStorePurchase,      83275,          0,          0,          0,      81209,      92894,      300,     2200,     3600,     4300,    17400,   141000,
      OnlinePurchase,      58308,          0,          0,          0,      57005,      65107,      300,     2500,     3700,     4460,    17700,   146000,
        InstPurchase,      16645,          0,          0,          0,      16151,      18626,      300,     1900,     3400,     4000,    11973,   141000,
          AssocOfCat,        168,          0,          0,          0,        119,        179,    18800,    28000,    34000,    38000,    48400,    50000,
      AssocOfProduct,       1668,          0,          0,          0,       1490,       1873,      600,     2700,     3860,     4530,    18400,   124000,
      BusinessReport,        417,          0,          0,          0,        345,        481,    19800,    31000,    40000,    50800,   123920,   188000,
          CustBuyBeh,       1660,          0,          0,          0,       1511,       1884,      200,     2100,     3300,     3900,    16100,   136000,
       ProductReturn,       4406,          0,          0,          0,       4154,       4966,      200,     2500,     3800,     4765,    22000,   140000,

  1953s: (21%)   IR =   2906 .....[1959.312s][info][gc,start       ] GC(310) Pause Young (Mixed) (G1 Evacuation Pause)
[1959.312s][info][gc,task        ] GC(310) Using 6 workers of 6 for evacuation
[1959.445s][info][gc,phases      ] GC(310)   Pre Evacuate Collection Set: 0.38ms
[1959.445s][info][gc,phases      ] GC(310)   Merge Heap Roots: 0.69ms
[1959.445s][info][gc,phases      ] GC(310)   Evacuate Collection Set: 130.40ms
[1959.445s][info][gc,phases      ] GC(310)   Post Evacuate Collection Set: 0.96ms
[1959.445s][info][gc,phases      ] GC(310)   Other: 0.08ms
[1959.445s][info][gc,heap        ] GC(310) Eden regions: 1111->0(1119)
[1959.445s][info][gc,heap        ] GC(310) Survivor regions: 110->109(153)
[1959.445s][info][gc,heap        ] GC(310) Old regions: 534->469
[1959.445s][info][gc,heap        ] GC(310) Humongous regions: 80->80
[1959.445s][info][gc,metaspace   ] GC(310) Metaspace: 28925K(29184K)->28925K(29184K) NonClass: 24041K(24128K)->24041K(24128K) Class: 4883K(5056K)->4883K(5056K)
[1959.445s][info][gc             ] GC(310) Pause Young (Mixed) (G1 Evacuation Pause) 3668M->1312M(4096M) 132.669ms
[1959.445s][info][gc,cpu         ] GC(310) User=0.79s Sys=0.00s Real=0.14s
....|...[1965.871s][info][gc,start       ] GC(311) Pause Young (Concurrent Start) (G1 Evacuation Pause)
[1965.871s][info][gc,task        ] GC(311) Using 6 workers of 6 for evacuation
[1965.988s][info][gc,phases      ] GC(311)   Pre Evacuate Collection Set: 0.42ms
[1965.988s][info][gc,phases      ] GC(311)   Merge Heap Roots: 0.53ms
[1965.988s][info][gc,phases      ] GC(311)   Evacuate Collection Set: 114.82ms
[1965.988s][info][gc,phases      ] GC(311)   Post Evacuate Collection Set: 0.94ms
[1965.988s][info][gc,phases      ] GC(311)   Other: 0.13ms
[1965.988s][info][gc,heap        ] GC(311) Eden regions: 1119->0(1119)
[1965.988s][info][gc,heap        ] GC(311) Survivor regions: 109->109(154)
[1965.988s][info][gc,heap        ] GC(311) Old regions: 469->500
[1965.988s][info][gc,heap        ] GC(311) Humongous regions: 80->80
[1965.988s][info][gc,metaspace   ] GC(311) Metaspace: 28925K(29184K)->28925K(29184K) NonClass: 24041K(24128K)->24041K(24128K) Class: 4883K(5056K)->4883K(5056K)
[1965.988s][info][gc             ] GC(311) Pause Young (Concurrent Start) (G1 Evacuation Pause) 3550M->1375M(4096M) 116.978ms
[1965.988s][info][gc             ] GC(312) Concurrent Mark Cycle
[1965.988s][info][gc,marking     ] GC(312) Concurrent Scan Root Regions
[1965.988s][info][gc,cpu         ] GC(311) User=0.70s Sys=0.00s Real=0.12s
[1966.131s][info][gc,marking     ] GC(312) Concurrent Scan Root Regions 142.553ms
[1966.131s][info][gc,marking     ] GC(312) Concurrent Mark
[1966.131s][info][gc,marking     ] GC(312) Concurrent Mark From Roots
[1966.131s][info][gc,task        ] GC(312) Using 2 workers of 2 for marking
.[1966.762s][info][gc,marking     ] GC(312) Concurrent Mark From Roots 631.609ms
[1966.762s][info][gc,marking     ] GC(312) Concurrent Preclean
[1966.762s][info][gc,marking     ] GC(312) Concurrent Preclean 0.050ms
[1966.762s][info][gc,start       ] GC(312) Pause Remark
[1966.766s][info][gc             ] GC(312) Pause Remark 1689M->1689M(4096M) 3.277ms
[1966.766s][info][gc,cpu         ] GC(312) User=0.02s Sys=0.00s Real=0.01s
[1966.766s][info][gc,marking     ] GC(312) Concurrent Mark 635.188ms
[1966.766s][info][gc,marking     ] GC(312) Concurrent Rebuild Remembered Sets and Scrub Regions
[1966.990s][info][gc,marking     ] GC(312) Concurrent Rebuild Remembered Sets and Scrub Regions 224.631ms
[1966.991s][info][gc,start       ] GC(312) Pause Cleanup
[1966.991s][info][gc             ] GC(312) Pause Cleanup 1781M->1781M(4096M) 0.136ms
[1966.991s][info][gc,cpu         ] GC(312) User=0.00s Sys=0.00s Real=0.00s
[1966.991s][info][gc,marking     ] GC(312) Concurrent Clear Claimed Marks
[1966.991s][info][gc,marking     ] GC(312) Concurrent Clear Claimed Marks 0.032ms
[1966.991s][info][gc,marking     ] GC(312) Concurrent Cleanup for Next Mark
[1966.995s][info][gc,marking     ] GC(312) Concurrent Cleanup for Next Mark 4.385ms
[1966.995s][info][gc             ] GC(312) Concurrent Mark Cycle 1007.322ms
.....[1972.395s][info][gc,start       ] GC(313) Pause Young (Prepare Mixed) (G1 Evacuation Pause)
[1972.395s][info][gc,task        ] GC(313) Using 6 workers of 6 for evacuation
[1972.512s][info][gc,phases      ] GC(313)   Pre Evacuate Collection Set: 0.33ms
[1972.512s][info][gc,phases      ] GC(313)   Merge Heap Roots: 0.53ms
[1972.512s][info][gc,phases      ] GC(313)   Evacuate Collection Set: 115.19ms
[1972.512s][info][gc,phases      ] GC(313)   Post Evacuate Collection Set: 0.96ms
[1972.512s][info][gc,phases      ] GC(313)   Other: 0.09ms
[1972.512s][info][gc,heap        ] GC(313) Eden regions: 1119->0(1115)
[1972.512s][info][gc,heap        ] GC(313) Survivor regions: 109->109(154)
[1972.512s][info][gc,heap        ] GC(313) Old regions: 500->532
[1972.512s][info][gc,heap        ] GC(313) Humongous regions: 80->80
[1972.512s][info][gc,metaspace   ] GC(313) Metaspace: 28925K(29184K)->28925K(29184K) NonClass: 24041K(24128K)->24041K(24128K) Class: 4883K(5056K)->4883K(5056K)
[1972.512s][info][gc             ] GC(313) Pause Young (Prepare Mixed) (G1 Evacuation Pause) 3613M->1440M(4096M) 117.212ms
[1972.512s][info][gc,cpu         ] GC(313) User=0.70s Sys=0.00s Real=0.11s
.......[1978.928s][info][gc,start       ] GC(314) Pause Young (Mixed) (G1 Evacuation Pause)
[1978.928s][info][gc,task        ] GC(314) Using 6 workers of 6 for evacuation
[1979.061s][info][gc,phases      ] GC(314)   Pre Evacuate Collection Set: 0.37ms
[1979.061s][info][gc,phases      ] GC(314)   Merge Heap Roots: 0.75ms
[1979.061s][info][gc,phases      ] GC(314)   Evacuate Collection Set: 130.87ms
[1979.061s][info][gc,phases      ] GC(314)   Post Evacuate Collection Set: 0.96ms
[1979.061s][info][gc,phases      ] GC(314)   Other: 0.09ms
[1979.061s][info][gc,heap        ] GC(314) Eden regions: 1115->0(1118)
[1979.061s][info][gc,heap        ] GC(314) Survivor regions: 109->110(153)
[1979.061s][info][gc,heap        ] GC(314) Old regions: 532->469
[1979.061s][info][gc,heap        ] GC(314) Humongous regions: 80->80
[1979.061s][info][gc,metaspace   ] GC(314) Metaspace: 28925K(29184K)->28925K(29184K) NonClass: 24041K(24128K)->24041K(24128K) Class: 4883K(5056K)->4883K(5056K)
[1979.061s][info][gc             ] GC(314) Pause Young (Mixed) (G1 Evacuation Pause) 3670M->1315M(4096M) 133.184ms
[1979.061s][info][gc,cpu         ] GC(314) User=0.79s Sys=0.00s Real=0.13s
......[1985.470s][info][gc,start       ] GC(315) Pause Young (Concurrent Start) (G1 Evacuation Pause)
[1985.470s][info][gc,task        ] GC(315) Using 6 workers of 6 for evacuation
[1985.586s][info][gc,phases      ] GC(315)   Pre Evacuate Collection Set: 0.38ms
[1985.586s][info][gc,phases      ] GC(315)   Merge Heap Roots: 0.47ms
[1985.586s][info][gc,phases      ] GC(315)   Evacuate Collection Set: 114.55ms
[1985.586s][info][gc,phases      ] GC(315)   Post Evacuate Collection Set: 0.89ms
[1985.586s][info][gc,phases      ] GC(315)   Other: 0.09ms
[1985.586s][info][gc,heap        ] GC(315) Eden regions: 1118->0(1118)
[1985.586s][info][gc,heap        ] GC(315) Survivor regions: 110->110(154)
[1985.586s][info][gc,heap        ] GC(315) Old regions: 469->500
[1985.586s][info][gc,heap        ] GC(315) Humongous regions: 80->80
[1985.586s][info][gc,metaspace   ] GC(315) Metaspace: 28925K(29184K)->28925K(29184K) NonClass: 24041K(24128K)->24041K(24128K) Class: 4883K(5056K)->4883K(5056K)
[1985.586s][info][gc             ] GC(315) Pause Young (Concurrent Start) (G1 Evacuation Pause) 3551M->1377M(4096M) 116.514ms
[1985.586s][info][gc             ] GC(316) Concurrent Mark Cycle
[1985.586s][info][gc,marking     ] GC(316) Concurrent Scan Root Regions
[1985.586s][info][gc,cpu         ] GC(315) User=0.70s Sys=0.00s Real=0.12s
.[1985.754s][info][gc,marking     ] GC(316) Concurrent Scan Root Regions 167.437ms
[1985.754s][info][gc,marking     ] GC(316) Concurrent Mark
[1985.754s][info][gc,marking     ] GC(316) Concurrent Mark From Roots
[1985.754s][info][gc,task        ] GC(316) Using 2 workers of 2 for marking
.[1986.664s][info][gc,marking     ] GC(316) Concurrent Mark From Roots 909.782ms
[1986.664s][info][gc,marking     ] GC(316) Concurrent Preclean
[1986.664s][info][gc,marking     ] GC(316) Concurrent Preclean 0.043ms
[1986.664s][info][gc,start       ] GC(316) Pause Remark
[1986.667s][info][gc             ] GC(316) Pause Remark 1797M->1797M(4096M) 3.668ms
[1986.667s][info][gc,cpu         ] GC(316) User=0.02s Sys=0.00s Real=0.01s
[1986.667s][info][gc,marking     ] GC(316) Concurrent Mark 913.734ms
[1986.667s][info][gc,marking     ] GC(316) Concurrent Rebuild Remembered Sets and Scrub Regions
[1987.021s][info][gc,marking     ] GC(316) Concurrent Rebuild Remembered Sets and Scrub Regions 353.463ms
[1987.021s][info][gc,start       ] GC(316) Pause Cleanup
[1987.021s][info][gc             ] GC(316) Pause Cleanup 1935M->1935M(4096M) 0.117ms
[1987.021s][info][gc,cpu         ] GC(316) User=0.00s Sys=0.00s Real=0.00s
[1987.021s][info][gc,marking     ] GC(316) Concurrent Clear Claimed Marks
[1987.021s][info][gc,marking     ] GC(316) Concurrent Clear Claimed Marks 0.025ms
[1987.021s][info][gc,marking     ] GC(316) Concurrent Cleanup for Next Mark
[1987.025s][info][gc,marking     ] GC(316) Concurrent Cleanup for Next Mark 3.806ms
[1987.025s][info][gc             ] GC(316) Concurrent Mark Cycle 1438.908ms
.....[1992.008s][info][gc,start       ] GC(317) Pause Young (Prepare Mixed) (G1 Evacuation Pause)
[1992.008s][info][gc,task        ] GC(317) Using 6 workers of 6 for evacuation
[1992.129s][info][gc,phases      ] GC(317)   Pre Evacuate Collection Set: 0.32ms
[1992.129s][info][gc,phases      ] GC(317)   Merge Heap Roots: 0.55ms
[1992.129s][info][gc,phases      ] GC(317)   Evacuate Collection Set: 119.15ms
[1992.129s][info][gc,phases      ] GC(317)   Post Evacuate Collection Set: 0.94ms
[1992.129s][info][gc,phases      ] GC(317)   Other: 0.08ms
[1992.129s][info][gc,heap        ] GC(317) Eden regions: 1118->0(1111)
[1992.129s][info][gc,heap        ] GC(317) Survivor regions: 110->111(154)
[1992.129s][info][gc,heap        ] GC(317) Old regions: 500->532
[1992.129s][info][gc,heap        ] GC(317) Humongous regions: 80->80
[1992.129s][info][gc,metaspace   ] GC(317) Metaspace: 28925K(29184K)->28925K(29184K) NonClass: 24041K(24128K)->24041K(24128K) Class: 4883K(5056K)->4883K(5056K)
[1992.129s][info][gc             ] GC(317) Pause Young (Prepare Mixed) (G1 Evacuation Pause) 3613M->1444M(4096M) 121.161ms
[1992.129s][info][gc,cpu         ] GC(317) User=0.73s Sys=0.00s Real=0.12s
......[1998.598s][info][gc,start       ] GC(318) Pause Young (Mixed) (G1 Evacuation Pause)
[1998.598s][info][gc,task        ] GC(318) Using 6 workers of 6 for evacuation
[1998.732s][info][gc,phases      ] GC(318)   Pre Evacuate Collection Set: 0.38ms
[1998.732s][info][gc,phases      ] GC(318)   Merge Heap Roots: 0.76ms
[1998.732s][info][gc,phases      ] GC(318)   Evacuate Collection Set: 132.06ms
[1998.732s][info][gc,phases      ] GC(318)   Post Evacuate Collection Set: 0.94ms
[1998.733s][info][gc,phases      ] GC(318)   Other: 0.09ms
[1998.733s][info][gc,heap        ] GC(318) Eden regions: 1111->0(1118)
[1998.733s][info][gc,heap        ] GC(318) Survivor regions: 111->110(153)
[1998.733s][info][gc,heap        ] GC(318) Old regions: 532->469
[1998.733s][info][gc,heap        ] GC(318) Humongous regions: 80->80
[1998.733s][info][gc,metaspace   ] GC(318) Metaspace: 28925K(29184K)->28925K(29184K) NonClass: 24041K(24128K)->24041K(24128K) Class: 4883K(5056K)->4883K(5056K)
[1998.733s][info][gc             ] GC(318) Pause Young (Mixed) (G1 Evacuation Pause) 3666M->1314M(4096M) 134.355ms
[1998.733s][info][gc,cpu         ] GC(318) User=0.80s Sys=0.00s Real=0.13s
.......[2005.001s][info][gc,start       ] GC(319) Pause Young (Concurrent Start) (G1 Evacuation Pause)
[2005.001s][info][gc,task        ] GC(319) Using 6 workers of 6 for evacuation
[2005.117s][info][gc,phases      ] GC(319)   Pre Evacuate Collection Set: 0.35ms
[2005.117s][info][gc,phases      ] GC(319)   Merge Heap Roots: 0.48ms
[2005.117s][info][gc,phases      ] GC(319)   Evacuate Collection Set: 114.30ms
[2005.117s][info][gc,phases      ] GC(319)   Post Evacuate Collection Set: 0.87ms
[2005.117s][info][gc,phases      ] GC(319)   Other: 0.11ms
[2005.117s][info][gc,heap        ] GC(319) Eden regions: 1118->0(1120)
[2005.117s][info][gc,heap        ] GC(319) Survivor regions: 110->108(154)
[2005.117s][info][gc,heap        ] GC(319) Old regions: 469->501
[2005.117s][info][gc,heap        ] GC(319) Humongous regions: 80->80
[2005.117s][info][gc,metaspace   ] GC(319) Metaspace: 28925K(29184K)->28925K(29184K) NonClass: 24041K(24128K)->24041K(24128K) Class: 4883K(5056K)->4883K(5056K)
[2005.117s][info][gc             ] GC(319) Pause Young (Concurrent Start) (G1 Evacuation Pause) 3550M->1374M(4096M) 116.249ms
[2005.117s][info][gc             ] GC(320) Concurrent Mark Cycle
[2005.117s][info][gc,marking     ] GC(320) Concurrent Scan Root Regions
[2005.117s][info][gc,cpu         ] GC(319) User=0.69s Sys=0.00s Real=0.12s
[2005.256s][info][gc,marking     ] GC(320) Concurrent Scan Root Regions 138.627ms
[2005.256s][info][gc,marking     ] GC(320) Concurrent Mark
[2005.256s][info][gc,marking     ] GC(320) Concurrent Mark From Roots
[2005.256s][info][gc,task        ] GC(320) Using 2 workers of 2 for marking
.[2005.867s][info][gc,marking     ] GC(320) Concurrent Mark From Roots 610.545ms
[2005.867s][info][gc,marking     ] GC(320) Concurrent Preclean
[2005.867s][info][gc,marking     ] GC(320) Concurrent Preclean 0.040ms
[2005.867s][info][gc,start       ] GC(320) Pause Remark
[2005.870s][info][gc             ] GC(320) Pause Remark 1659M->1659M(4096M) 3.204ms
[2005.870s][info][gc,cpu         ] GC(320) User=0.02s Sys=0.00s Real=0.00s
[2005.870s][info][gc,marking     ] GC(320) Concurrent Mark 614.021ms
[2005.870s][info][gc,marking     ] GC(320) Concurrent Rebuild Remembered Sets and Scrub Regions
[2006.106s][info][gc,marking     ] GC(320) Concurrent Rebuild Remembered Sets and Scrub Regions 236.381ms
[2006.107s][info][gc,start       ] GC(320) Pause Cleanup
[2006.107s][info][gc             ] GC(320) Pause Cleanup 1733M->1733M(4096M) 0.130ms
[2006.107s][info][gc,cpu         ] GC(320) User=0.00s Sys=0.00s Real=0.00s
[2006.107s][info][gc,marking     ] GC(320) Concurrent Clear Claimed Marks
[2006.107s][info][gc,marking     ] GC(320) Concurrent Clear Claimed Marks 0.024ms
[2006.107s][info][gc,marking     ] GC(320) Concurrent Cleanup for Next Mark
[2006.110s][info][gc,marking     ] GC(320) Concurrent Cleanup for Next Mark 3.296ms
[2006.110s][info][gc             ] GC(320) Concurrent Mark Cycle 992.759ms
.....[2011.583s][info][gc,start       ] GC(321) Pause Young (Prepare Mixed) (G1 Evacuation Pause)
[2011.583s][info][gc,task        ] GC(321) Using 6 workers of 6 for evacuation
[2011.699s][info][gc,phases      ] GC(321)   Pre Evacuate Collection Set: 0.36ms
[2011.699s][info][gc,phases      ] GC(321)   Merge Heap Roots: 0.56ms
[2011.699s][info][gc,phases      ] GC(321)   Evacuate Collection Set: 114.47ms
[2011.699s][info][gc,phases      ] GC(321)   Post Evacuate Collection Set: 0.94ms
[2011.699s][info][gc,phases      ] GC(321)   Other: 0.09ms
[2011.699s][info][gc,heap        ] GC(321) Eden regions: 1120->0(1112)
[2011.699s][info][gc,heap        ] GC(321) Survivor regions: 108->110(154)
[2011.699s][info][gc,heap        ] GC(321) Old regions: 501->533
[2011.699s][info][gc,heap        ] GC(321) Humongous regions: 80->80
[2011.699s][info][gc,metaspace   ] GC(321) Metaspace: 28925K(29184K)->28925K(29184K) NonClass: 24041K(24128K)->24041K(24128K) Class: 4883K(5056K)->4883K(5056K)
[2011.699s][info][gc             ] GC(321) Pause Young (Prepare Mixed) (G1 Evacuation Pause) 3614M->1442M(4096M) 116.548ms
[2011.699s][info][gc,cpu         ] GC(321) User=0.69s Sys=0.01s Real=0.12s
.......[2018.125s][info][gc,start       ] GC(322) Pause Young (Mixed) (G1 Evacuation Pause)
[2018.125s][info][gc,task        ] GC(322) Using 6 workers of 6 for evacuation
[2018.258s][info][gc,phases      ] GC(322)   Pre Evacuate Collection Set: 0.41ms
[2018.258s][info][gc,phases      ] GC(322)   Merge Heap Roots: 0.78ms
[2018.258s][info][gc,phases      ] GC(322)   Evacuate Collection Set: 130.73ms
[2018.258s][info][gc,phases      ] GC(322)   Post Evacuate Collection Set: 0.96ms
[2018.258s][info][gc,phases      ] GC(322)   Other: 0.10ms
[2018.258s][info][gc,heap        ] GC(322) Eden regions: 1112->0(1120)
[2018.258s][info][gc,heap        ] GC(322) Survivor regions: 110->108(153)
[2018.258s][info][gc,heap        ] GC(322) Old regions: 533->471
[2018.258s][info][gc,heap        ] GC(322) Humongous regions: 80->80
[2018.258s][info][gc,metaspace   ] GC(322) Metaspace: 28925K(29184K)->28925K(29184K) NonClass: 24041K(24128K)->24041K(24128K) Class: 4883K(5056K)->4883K(5056K)
[2018.258s][info][gc             ] GC(322) Pause Young (Mixed) (G1 Evacuation Pause) 3666M->1315M(4096M) 133.119ms
[2018.258s][info][gc,cpu         ] GC(322) User=0.79s Sys=0.00s Real=0.13s
..... (rIR:aIR:PR = 2906:2908:2908) (tPR = 43138) [OK] 
  2022s: Performance info:
         Transaction,    Success,    Partial,     Failed,   Receipts, AvgBarcode, 
             Overall,     175489,          0,          0,     166711,      59.48, 
         Response times:
             Request,    Success,    Partial,     Failed,   SkipFail,     Probes,    Samples,      min,      p50,      p90,      p95,      p99,      max, 
       TotalPurchase,     166711,          0,          0,          0,     163422,     188941,      300,     2400,     3900,     4600,    19600,   176000,
     InStorePurchase,      87718,          0,          0,          0,      86461,      99738,      300,     2500,     3900,     4700,    21000,   171000,
      OnlinePurchase,      61424,          0,          0,          0,      60130,      69424,      300,     2400,     3800,     4500,    18575,   176000,
        InstPurchase,      17569,          0,          0,          0,      16831,      19779,      400,     2200,     3700,     4400,    19600,   158000,
          AssocOfCat,        178,          0,          0,          0,        126,        195,    19000,    27000,    37400,    40000,    69040,    70000,
      AssocOfProduct,       1752,          0,          0,          0,       1593,       2014,      500,     1400,     3400,     4000,     9600,   125000,
      BusinessReport,        437,          0,          0,          0,        370,        508,    21000,    31000,    40000,    46000,    65460,   156000,
          CustBuyBeh,       1761,          0,          0,          0,       1563,       1998,      200,     1400,     3400,     4100,    12401,   125000,
       ProductReturn,       4651,          0,          0,          0,       4348,       5299,      200,     2100,     3500,     4100,    16800,   135000,

  2022s: (22%)   IR =   3044 .[2024.444s][info][gc,start       ] GC(323) Pause Young (Concurrent Start) (G1 Evacuation Pause)
[2024.444s][info][gc,task        ] GC(323) Using 6 workers of 6 for evacuation
[2024.561s][info][gc,phases      ] GC(323)   Pre Evacuate Collection Set: 0.40ms
[2024.561s][info][gc,phases      ] GC(323)   Merge Heap Roots: 0.48ms
[2024.561s][info][gc,phases      ] GC(323)   Evacuate Collection Set: 114.63ms
[2024.561s][info][gc,phases      ] GC(323)   Post Evacuate Collection Set: 0.90ms
[2024.561s][info][gc,phases      ] GC(323)   Other: 0.13ms
[2024.561s][info][gc,heap        ] GC(323) Eden regions: 1120->0(1119)
[2024.561s][info][gc,heap        ] GC(323) Survivor regions: 108->109(154)
[2024.561s][info][gc,heap        ] GC(323) Old regions: 471->503
[2024.561s][info][gc,heap        ] GC(323) Humongous regions: 80->80
[2024.561s][info][gc,metaspace   ] GC(323) Metaspace: 28925K(29184K)->28925K(29184K) NonClass: 24041K(24128K)->24041K(24128K) Class: 4883K(5056K)->4883K(5056K)
[2024.561s][info][gc             ] GC(323) Pause Young (Concurrent Start) (G1 Evacuation Pause) 3555M->1382M(4096M) 116.661ms
[2024.561s][info][gc             ] GC(324) Concurrent Mark Cycle
[2024.561s][info][gc,marking     ] GC(324) Concurrent Scan Root Regions
[2024.561s][info][gc,cpu         ] GC(323) User=0.70s Sys=0.00s Real=0.12s
[2024.688s][info][gc,marking     ] GC(324) Concurrent Scan Root Regions 126.890ms
[2024.688s][info][gc,marking     ] GC(324) Concurrent Mark
[2024.688s][info][gc,marking     ] GC(324) Concurrent Mark From Roots
[2024.688s][info][gc,task        ] GC(324) Using 2 workers of 2 for marking
.[2025.603s][info][gc,marking     ] GC(324) Concurrent Mark From Roots 915.052ms
[2025.603s][info][gc,marking     ] GC(324) Concurrent Preclean
[2025.603s][info][gc,marking     ] GC(324) Concurrent Preclean 0.050ms
[2025.603s][info][gc,start       ] GC(324) Pause Remark
[2025.607s][info][gc             ] GC(324) Pause Remark 1763M->1763M(4096M) 4.136ms
[2025.607s][info][gc,cpu         ] GC(324) User=0.03s Sys=0.00s Real=0.01s
[2025.607s][info][gc,marking     ] GC(324) Concurrent Mark 919.476ms
[2025.607s][info][gc,marking     ] GC(324) Concurrent Rebuild Remembered Sets and Scrub Regions
[2025.831s][info][gc,marking     ] GC(324) Concurrent Rebuild Remembered Sets and Scrub Regions 223.276ms
[2025.831s][info][gc,start       ] GC(324) Pause Cleanup
[2025.831s][info][gc             ] GC(324) Pause Cleanup 1856M->1856M(4096M) 0.148ms
[2025.831s][info][gc,cpu         ] GC(324) User=0.00s Sys=0.00s Real=0.00s
[2025.832s][info][gc,marking     ] GC(324) Concurrent Clear Claimed Marks
[2025.832s][info][gc,marking     ] GC(324) Concurrent Clear Claimed Marks 0.036ms
[2025.832s][info][gc,marking     ] GC(324) Concurrent Cleanup for Next Mark
.[2025.836s][info][gc,marking     ] GC(324) Concurrent Cleanup for Next Mark 3.580ms
[2025.836s][info][gc             ] GC(324) Concurrent Mark Cycle 1274.656ms
..|..[2030.709s][info][gc,start       ] GC(325) Pause Young (Prepare Mixed) (G1 Evacuation Pause)
[2030.709s][info][gc,task        ] GC(325) Using 6 workers of 6 for evacuation
[2030.825s][info][gc,phases      ] GC(325)   Pre Evacuate Collection Set: 0.34ms
[2030.825s][info][gc,phases      ] GC(325)   Merge Heap Roots: 0.66ms
[2030.825s][info][gc,phases      ] GC(325)   Evacuate Collection Set: 113.84ms
[2030.825s][info][gc,phases      ] GC(325)   Post Evacuate Collection Set: 0.95ms
[2030.825s][info][gc,phases      ] GC(325)   Other: 0.08ms
[2030.825s][info][gc,heap        ] GC(325) Eden regions: 1119->0(1114)
[2030.825s][info][gc,heap        ] GC(325) Survivor regions: 109->108(154)
[2030.825s][info][gc,heap        ] GC(325) Old regions: 503->535
[2030.825s][info][gc,heap        ] GC(325) Humongous regions: 80->80
[2030.825s][info][gc,metaspace   ] GC(325) Metaspace: 28925K(29184K)->28925K(29184K) NonClass: 24041K(24128K)->24041K(24128K) Class: 4883K(5056K)->4883K(5056K)
[2030.825s][info][gc             ] GC(325) Pause Young (Prepare Mixed) (G1 Evacuation Pause) 3620M->1444M(4096M) 115.996ms
[2030.825s][info][gc,cpu         ] GC(325) User=0.69s Sys=0.00s Real=0.12s
.......[2036.971s][info][gc,start       ] GC(326) Pause Young (Mixed) (G1 Evacuation Pause)
[2036.971s][info][gc,task        ] GC(326) Using 6 workers of 6 for evacuation
[2037.103s][info][gc,phases      ] GC(326)   Pre Evacuate Collection Set: 0.38ms
[2037.103s][info][gc,phases      ] GC(326)   Merge Heap Roots: 0.71ms
[2037.103s][info][gc,phases      ] GC(326)   Evacuate Collection Set: 129.40ms
[2037.103s][info][gc,phases      ] GC(326)   Post Evacuate Collection Set: 1.00ms
[2037.103s][info][gc,phases      ] GC(326)   Other: 0.09ms
[2037.103s][info][gc,heap        ] GC(326) Eden regions: 1114->0(1120)
[2037.103s][info][gc,heap        ] GC(326) Survivor regions: 108->108(153)
[2037.103s][info][gc,heap        ] GC(326) Old regions: 535->470
[2037.103s][info][gc,heap        ] GC(326) Humongous regions: 80->80
[2037.103s][info][gc,metaspace   ] GC(326) Metaspace: 28925K(29184K)->28925K(29184K) NonClass: 24041K(24128K)->24041K(24128K) Class: 4883K(5056K)->4883K(5056K)
[2037.103s][info][gc             ] GC(326) Pause Young (Mixed) (G1 Evacuation Pause) 3672M->1314M(4096M) 131.710ms
[2037.103s][info][gc,cpu         ] GC(326) User=0.78s Sys=0.00s Real=0.13s
......[2043.270s][info][gc,start       ] GC(327) Pause Young (Concurrent Start) (G1 Evacuation Pause)
[2043.270s][info][gc,task        ] GC(327) Using 6 workers of 6 for evacuation
[2043.389s][info][gc,phases      ] GC(327)   Pre Evacuate Collection Set: 0.41ms
[2043.389s][info][gc,phases      ] GC(327)   Merge Heap Roots: 0.48ms
[2043.389s][info][gc,phases      ] GC(327)   Evacuate Collection Set: 117.14ms
[2043.389s][info][gc,phases      ] GC(327)   Post Evacuate Collection Set: 0.89ms
[2043.389s][info][gc,phases      ] GC(327)   Other: 0.13ms
[2043.389s][info][gc,heap        ] GC(327) Eden regions: 1120->0(1118)
[2043.389s][info][gc,heap        ] GC(327) Survivor regions: 108->110(154)
[2043.389s][info][gc,heap        ] GC(327) Old regions: 470->502
[2043.389s][info][gc,heap        ] GC(327) Humongous regions: 80->80
[2043.389s][info][gc,metaspace   ] GC(327) Metaspace: 28925K(29184K)->28925K(29184K) NonClass: 24041K(24128K)->24041K(24128K) Class: 4883K(5056K)->4883K(5056K)
[2043.389s][info][gc             ] GC(327) Pause Young (Concurrent Start) (G1 Evacuation Pause) 3554M->1380M(4096M) 119.172ms
[2043.389s][info][gc             ] GC(328) Concurrent Mark Cycle
[2043.389s][info][gc,marking     ] GC(328) Concurrent Scan Root Regions
[2043.389s][info][gc,cpu         ] GC(327) User=0.71s Sys=0.00s Real=0.12s
[2043.519s][info][gc,marking     ] GC(328) Concurrent Scan Root Regions 129.603ms
[2043.519s][info][gc,marking     ] GC(328) Concurrent Mark
[2043.519s][info][gc,marking     ] GC(328) Concurrent Mark From Roots
[2043.519s][info][gc,task        ] GC(328) Using 2 workers of 2 for marking
.[2044.094s][info][gc,marking     ] GC(328) Concurrent Mark From Roots 575.247ms
[2044.094s][info][gc,marking     ] GC(328) Concurrent Preclean
[2044.094s][info][gc,marking     ] GC(328) Concurrent Preclean 0.065ms
[2044.095s][info][gc,start       ] GC(328) Pause Remark
[2044.098s][info][gc             ] GC(328) Pause Remark 1681M->1681M(4096M) 3.136ms
[2044.098s][info][gc,cpu         ] GC(328) User=0.01s Sys=0.00s Real=0.00s
[2044.098s][info][gc,marking     ] GC(328) Concurrent Mark 578.986ms
[2044.098s][info][gc,marking     ] GC(328) Concurrent Rebuild Remembered Sets and Scrub Regions
[2044.392s][info][gc,marking     ] GC(328) Concurrent Rebuild Remembered Sets and Scrub Regions 294.294ms
[2044.392s][info][gc,start       ] GC(328) Pause Cleanup
[2044.392s][info][gc             ] GC(328) Pause Cleanup 1824M->1824M(4096M) 0.142ms
[2044.393s][info][gc,cpu         ] GC(328) User=0.00s Sys=0.00s Real=0.00s
[2044.393s][info][gc,marking     ] GC(328) Concurrent Clear Claimed Marks
[2044.393s][info][gc,marking     ] GC(328) Concurrent Clear Claimed Marks 0.024ms
[2044.393s][info][gc,marking     ] GC(328) Concurrent Cleanup for Next Mark
[2044.396s][info][gc,marking     ] GC(328) Concurrent Cleanup for Next Mark 3.319ms
[2044.396s][info][gc             ] GC(328) Concurrent Mark Cycle 1006.683ms
.....[2049.416s][info][gc,start       ] GC(329) Pause Young (Prepare Mixed) (G1 Evacuation Pause)
[2049.416s][info][gc,task        ] GC(329) Using 6 workers of 6 for evacuation
[2049.536s][info][gc,phases      ] GC(329)   Pre Evacuate Collection Set: 0.38ms
[2049.536s][info][gc,phases      ] GC(329)   Merge Heap Roots: 0.70ms
[2049.536s][info][gc,phases      ] GC(329)   Evacuate Collection Set: 117.08ms
[2049.536s][info][gc,phases      ] GC(329)   Post Evacuate Collection Set: 0.96ms
[2049.536s][info][gc,phases      ] GC(329)   Other: 0.09ms
[2049.536s][info][gc,heap        ] GC(329) Eden regions: 1118->0(1112)
[2049.536s][info][gc,heap        ] GC(329) Survivor regions: 110->110(154)
[2049.536s][info][gc,heap        ] GC(329) Old regions: 502->533
[2049.536s][info][gc,heap        ] GC(329) Humongous regions: 80->80
[2049.536s][info][gc,metaspace   ] GC(329) Metaspace: 28925K(29184K)->28925K(29184K) NonClass: 24041K(24128K)->24041K(24128K) Class: 4883K(5056K)->4883K(5056K)
[2049.536s][info][gc             ] GC(329) Pause Young (Prepare Mixed) (G1 Evacuation Pause) 3616M->1444M(4096M) 119.346ms
[2049.536s][info][gc,cpu         ] GC(329) User=0.71s Sys=0.00s Real=0.12s
......[2055.694s][info][gc,start       ] GC(330) Pause Young (Mixed) (G1 Evacuation Pause)
[2055.694s][info][gc,task        ] GC(330) Using 6 workers of 6 for evacuation
[2055.830s][info][gc,phases      ] GC(330)   Pre Evacuate Collection Set: 0.43ms
[2055.830s][info][gc,phases      ] GC(330)   Merge Heap Roots: 0.82ms
[2055.830s][info][gc,phases      ] GC(330)   Evacuate Collection Set: 133.60ms
[2055.830s][info][gc,phases      ] GC(330)   Post Evacuate Collection Set: 1.00ms
[2055.830s][info][gc,phases      ] GC(330)   Other: 0.09ms
[2055.830s][info][gc,heap        ] GC(330) Eden regions: 1112->0(1121)
[2055.830s][info][gc,heap        ] GC(330) Survivor regions: 110->107(153)
[2055.830s][info][gc,heap        ] GC(330) Old regions: 533->470
[2055.830s][info][gc,heap        ] GC(330) Humongous regions: 80->80
[2055.830s][info][gc,metaspace   ] GC(330) Metaspace: 28925K(29184K)->28925K(29184K) NonClass: 24041K(24128K)->24041K(24128K) Class: 4883K(5056K)->4883K(5056K)
[2055.830s][info][gc             ] GC(330) Pause Young (Mixed) (G1 Evacuation Pause) 3668M->1312M(4096M) 136.083ms
[2055.830s][info][gc,cpu         ] GC(330) User=0.81s Sys=0.00s Real=0.14s
.......[2061.903s][info][gc,start       ] GC(331) Pause Young (Concurrent Start) (G1 Evacuation Pause)
[2061.903s][info][gc,task        ] GC(331) Using 6 workers of 6 for evacuation
[2062.019s][info][gc,phases      ] GC(331)   Pre Evacuate Collection Set: 0.40ms
[2062.019s][info][gc,phases      ] GC(331)   Merge Heap Roots: 0.49ms
[2062.019s][info][gc,phases      ] GC(331)   Evacuate Collection Set: 114.46ms
[2062.019s][info][gc,phases      ] GC(331)   Post Evacuate Collection Set: 0.92ms
[2062.019s][info][gc,phases      ] GC(331)   Other: 0.12ms
[2062.019s][info][gc,heap        ] GC(331) Eden regions: 1121->0(1119)
[2062.019s][info][gc,heap        ] GC(331) Survivor regions: 107->109(154)
[2062.019s][info][gc,heap        ] GC(331) Old regions: 470->502
[2062.019s][info][gc,heap        ] GC(331) Humongous regions: 80->80
[2062.019s][info][gc,metaspace   ] GC(331) Metaspace: 28925K(29184K)->28925K(29184K) NonClass: 24041K(24128K)->24041K(24128K) Class: 4883K(5056K)->4883K(5056K)
[2062.019s][info][gc             ] GC(331) Pause Young (Concurrent Start) (G1 Evacuation Pause) 3554M->1379M(4096M) 116.508ms
[2062.019s][info][gc             ] GC(332) Concurrent Mark Cycle
[2062.019s][info][gc,marking     ] GC(332) Concurrent Scan Root Regions
[2062.019s][info][gc,cpu         ] GC(331) User=0.69s Sys=0.00s Real=0.12s
[2062.142s][info][gc,marking     ] GC(332) Concurrent Scan Root Regions 122.543ms
[2062.142s][info][gc,marking     ] GC(332) Concurrent Mark
[2062.142s][info][gc,marking     ] GC(332) Concurrent Mark From Roots
[2062.142s][info][gc,task        ] GC(332) Using 2 workers of 2 for marking
[2062.724s][info][gc,marking     ] GC(332) Concurrent Mark From Roots 581.862ms
[2062.724s][info][gc,marking     ] GC(332) Concurrent Preclean
[2062.724s][info][gc,marking     ] GC(332) Concurrent Preclean 0.046ms
[2062.724s][info][gc,start       ] GC(332) Pause Remark
[2062.727s][info][gc             ] GC(332) Pause Remark 1679M->1679M(4096M) 3.065ms
[2062.727s][info][gc,cpu         ] GC(332) User=0.02s Sys=0.00s Real=0.01s
[2062.727s][info][gc,marking     ] GC(332) Concurrent Mark 585.463ms
[2062.727s][info][gc,marking     ] GC(332) Concurrent Rebuild Remembered Sets and Scrub Regions
.[2062.953s][info][gc,marking     ] GC(332) Concurrent Rebuild Remembered Sets and Scrub Regions 225.508ms
[2062.953s][info][gc,start       ] GC(332) Pause Cleanup
[2062.953s][info][gc             ] GC(332) Pause Cleanup 1767M->1767M(4096M) 0.134ms
[2062.953s][info][gc,cpu         ] GC(332) User=0.00s Sys=0.00s Real=0.00s
[2062.953s][info][gc,marking     ] GC(332) Concurrent Clear Claimed Marks
[2062.953s][info][gc,marking     ] GC(332) Concurrent Clear Claimed Marks 0.031ms
[2062.953s][info][gc,marking     ] GC(332) Concurrent Cleanup for Next Mark
[2062.957s][info][gc,marking     ] GC(332) Concurrent Cleanup for Next Mark 3.463ms
[2062.957s][info][gc             ] GC(332) Concurrent Mark Cycle 937.477ms
.....[2068.184s][info][gc,start       ] GC(333) Pause Young (Prepare Mixed) (G1 Evacuation Pause)
[2068.184s][info][gc,task        ] GC(333) Using 6 workers of 6 for evacuation
[2068.301s][info][gc,phases      ] GC(333)   Pre Evacuate Collection Set: 0.36ms
[2068.301s][info][gc,phases      ] GC(333)   Merge Heap Roots: 0.51ms
[2068.301s][info][gc,phases      ] GC(333)   Evacuate Collection Set: 115.50ms
[2068.301s][info][gc,phases      ] GC(333)   Post Evacuate Collection Set: 0.94ms
[2068.301s][info][gc,phases      ] GC(333)   Other: 0.09ms
[2068.301s][info][gc,heap        ] GC(333) Eden regions: 1119->0(1113)
[2068.301s][info][gc,heap        ] GC(333) Survivor regions: 109->109(154)
[2068.301s][info][gc,heap        ] GC(333) Old regions: 502->534
[2068.301s][info][gc,heap        ] GC(333) Humongous regions: 80->80
[2068.301s][info][gc,metaspace   ] GC(333) Metaspace: 28925K(29184K)->28925K(29184K) NonClass: 24041K(24128K)->24041K(24128K) Class: 4883K(5056K)->4883K(5056K)
[2068.301s][info][gc             ] GC(333) Pause Young (Prepare Mixed) (G1 Evacuation Pause) 3617M->1443M(4096M) 117.524ms
[2068.301s][info][gc,cpu         ] GC(333) User=0.70s Sys=0.00s Real=0.12s
......[2074.325s][info][gc,start       ] GC(334) Pause Young (Mixed) (G1 Evacuation Pause)
[2074.325s][info][gc,task        ] GC(334) Using 6 workers of 6 for evacuation
[2074.455s][info][gc,phases      ] GC(334)   Pre Evacuate Collection Set: 0.41ms
[2074.455s][info][gc,phases      ] GC(334)   Merge Heap Roots: 0.72ms
[2074.455s][info][gc,phases      ] GC(334)   Evacuate Collection Set: 127.13ms
[2074.455s][info][gc,phases      ] GC(334)   Post Evacuate Collection Set: 0.98ms
[2074.455s][info][gc,phases      ] GC(334)   Other: 0.09ms
[2074.455s][info][gc,heap        ] GC(334) Eden regions: 1113->0(1120)
[2074.455s][info][gc,heap        ] GC(334) Survivor regions: 109->108(153)
[2074.455s][info][gc,heap        ] GC(334) Old regions: 534->471
[2074.455s][info][gc,heap        ] GC(334) Humongous regions: 80->80
[2074.455s][info][gc,metaspace   ] GC(334) Metaspace: 28925K(29184K)->28925K(29184K) NonClass: 24041K(24128K)->24041K(24128K) Class: 4883K(5056K)->4883K(5056K)
[2074.455s][info][gc             ] GC(334) Pause Young (Mixed) (G1 Evacuation Pause) 3669M->1315M(4096M) 129.475ms
[2074.455s][info][gc,cpu         ] GC(334) User=0.77s Sys=0.00s Real=0.13s
......[2080.583s][info][gc,start       ] GC(335) Pause Young (Concurrent Start) (G1 Evacuation Pause)
[2080.583s][info][gc,task        ] GC(335) Using 6 workers of 6 for evacuation
[2080.699s][info][gc,phases      ] GC(335)   Pre Evacuate Collection Set: 0.41ms
[2080.700s][info][gc,phases      ] GC(335)   Merge Heap Roots: 0.50ms
[2080.700s][info][gc,phases      ] GC(335)   Evacuate Collection Set: 114.89ms
[2080.700s][info][gc,phases      ] GC(335)   Post Evacuate Collection Set: 0.89ms
[2080.700s][info][gc,phases      ] GC(335)   Other: 0.11ms
[2080.700s][info][gc,heap        ] GC(335) Eden regions: 1120->0(1119)
[2080.700s][info][gc,heap        ] GC(335) Survivor regions: 108->109(154)
[2080.700s][info][gc,heap        ] GC(335) Old regions: 471->503
[2080.700s][info][gc,heap        ] GC(335) Humongous regions: 80->80
[2080.700s][info][gc,metaspace   ] GC(335) Metaspace: 28925K(29184K)->28925K(29184K) NonClass: 24041K(24128K)->24041K(24128K) Class: 4883K(5056K)->4883K(5056K)
[2080.700s][info][gc             ] GC(335) Pause Young (Concurrent Start) (G1 Evacuation Pause) 3555M->1382M(4096M) 116.922ms
[2080.700s][info][gc             ] GC(336) Concurrent Mark Cycle
[2080.700s][info][gc,marking     ] GC(336) Concurrent Scan Root Regions
[2080.700s][info][gc,cpu         ] GC(335) User=0.69s Sys=0.00s Real=0.12s
[2080.865s][info][gc,marking     ] GC(336) Concurrent Scan Root Regions 165.489ms
[2080.865s][info][gc,marking     ] GC(336) Concurrent Mark
[2080.865s][info][gc,marking     ] GC(336) Concurrent Mark From Roots
[2080.865s][info][gc,task        ] GC(336) Using 2 workers of 2 for marking
.[2081.437s][info][gc,marking     ] GC(336) Concurrent Mark From Roots 571.925ms
[2081.437s][info][gc,marking     ] GC(336) Concurrent Preclean
[2081.437s][info][gc,marking     ] GC(336) Concurrent Preclean 0.041ms
[2081.437s][info][gc,start       ] GC(336) Pause Remark
[2081.440s][info][gc             ] GC(336) Pause Remark 1682M->1682M(4096M) 3.239ms
[2081.441s][info][gc,cpu         ] GC(336) User=0.02s Sys=0.00s Real=0.00s
[2081.441s][info][gc,marking     ] GC(336) Concurrent Mark 575.450ms
[2081.441s][info][gc,marking     ] GC(336) Concurrent Rebuild Remembered Sets and Scrub Regions
[2081.656s][info][gc,marking     ] GC(336) Concurrent Rebuild Remembered Sets and Scrub Regions 215.792ms
[2081.657s][info][gc,start       ] GC(336) Pause Cleanup
[2081.657s][info][gc             ] GC(336) Pause Cleanup 1751M->1751M(4096M) 0.121ms
[2081.657s][info][gc,cpu         ] GC(336) User=0.00s Sys=0.00s Real=0.00s
[2081.657s][info][gc,marking     ] GC(336) Concurrent Clear Claimed Marks
[2081.657s][info][gc,marking     ] GC(336) Concurrent Clear Claimed Marks 0.040ms
[2081.657s][info][gc,marking     ] GC(336) Concurrent Cleanup for Next Mark
[2081.660s][info][gc,marking     ] GC(336) Concurrent Cleanup for Next Mark 3.338ms
[2081.660s][info][gc             ] GC(336) Concurrent Mark Cycle 960.538ms
.....[2086.805s][info][gc,start       ] GC(337) Pause Young (Prepare Mixed) (G1 Evacuation Pause)
[2086.805s][info][gc,task        ] GC(337) Using 6 workers of 6 for evacuation
[2086.922s][info][gc,phases      ] GC(337)   Pre Evacuate Collection Set: 0.33ms
[2086.922s][info][gc,phases      ] GC(337)   Merge Heap Roots: 0.52ms
[2086.922s][info][gc,phases      ] GC(337)   Evacuate Collection Set: 114.42ms
[2086.922s][info][gc,phases      ] GC(337)   Post Evacuate Collection Set: 0.93ms
[2086.922s][info][gc,phases      ] GC(337)   Other: 0.09ms
[2086.922s][info][gc,heap        ] GC(337) Eden regions: 1119->0(1114)
[2086.922s][info][gc,heap        ] GC(337) Survivor regions: 109->108(154)
[2086.922s][info][gc,heap        ] GC(337) Old regions: 503->535
[2086.922s][info][gc,heap        ] GC(337) Humongous regions: 80->80
[2086.922s][info][gc,metaspace   ] GC(337) Metaspace: 28925K(29184K)->28925K(29184K) NonClass: 24041K(24128K)->24041K(24128K) Class: 4883K(5056K)->4883K(5056K)
[2086.922s][info][gc             ] GC(337) Pause Young (Prepare Mixed) (G1 Evacuation Pause) 3620M->1443M(4096M) 116.425ms
[2086.922s][info][gc,cpu         ] GC(337) User=0.69s Sys=0.00s Real=0.11s
.. (rIR:aIR:PR = 3044:3040:3040) (tPR = 45497) [OK] 
  2087s: Performance info:
         Transaction,    Success,    Partial,     Failed,   Receipts, AvgBarcode, 
             Overall,     182690,          0,          0,     173550,      59.47, 
         Response times:
             Request,    Success,    Partial,     Failed,   SkipFail,     Probes,    Samples,      min,      p50,      p90,      p95,      p99,      max, 
       TotalPurchase,     173550,          0,          0,          0,     169987,     185462,      300,     2500,     4100,     5000,    18700,   156000,
     InStorePurchase,      91271,          0,          0,          0,      89575,      97346,      300,     2500,     4100,     5000,    19500,   145000,
      OnlinePurchase,      63999,          0,          0,          0,      62666,      68445,      300,     2500,     4000,     5000,    18600,   156000,
        InstPurchase,      18280,          0,          0,          0,      17746,      19671,      400,     2500,     4100,     5000,    16828,   136000,
          AssocOfCat,        184,          0,          0,          0,        144,        212,    19200,    28000,    36700,    41350,    55960,    59000,
      AssocOfProduct,       1825,          0,          0,          0,       1669,       1941,      400,     2700,     4000,     4890,    21000,   137000,
      BusinessReport,        455,          0,          0,          0,        359,        473,    22000,    32000,    46000,    50300,   102600,   208000,
          CustBuyBeh,       1832,          0,          0,          0,       1684,       2005,      300,     2400,     3700,     4600,    18088,    55000,
       ProductReturn,       4844,          0,          0,          0,       4487,       5109,      300,     2300,     3800,     4700,    19600,   136000,

  2087s: (23%)   IR =   3183 ....[2092.828s][info][gc,start       ] GC(338) Pause Young (Mixed) (G1 Evacuation Pause)
[2092.828s][info][gc,task        ] GC(338) Using 6 workers of 6 for evacuation
[2092.962s][info][gc,phases      ] GC(338)   Pre Evacuate Collection Set: 0.38ms
[2092.962s][info][gc,phases      ] GC(338)   Merge Heap Roots: 0.75ms
[2092.962s][info][gc,phases      ] GC(338)   Evacuate Collection Set: 131.16ms
[2092.962s][info][gc,phases      ] GC(338)   Post Evacuate Collection Set: 0.99ms
[2092.962s][info][gc,phases      ] GC(338)   Other: 0.10ms
[2092.962s][info][gc,heap        ] GC(338) Eden regions: 1114->0(1119)
[2092.962s][info][gc,heap        ] GC(338) Survivor regions: 108->109(153)
[2092.962s][info][gc,heap        ] GC(338) Old regions: 535->470
[2092.962s][info][gc,heap        ] GC(338) Humongous regions: 80->80
[2092.962s][info][gc,metaspace   ] GC(338) Metaspace: 28926K(29248K)->28926K(29248K) NonClass: 24042K(24192K)->24042K(24192K) Class: 4883K(5056K)->4883K(5056K)
[2092.962s][info][gc             ] GC(338) Pause Young (Mixed) (G1 Evacuation Pause) 3671M->1315M(4096M) 133.504ms
[2092.962s][info][gc,cpu         ] GC(338) User=0.79s Sys=0.00s Real=0.13s
....|..[2098.805s][info][gc,start       ] GC(339) Pause Young (Concurrent Start) (G1 Evacuation Pause)
[2098.805s][info][gc,task        ] GC(339) Using 6 workers of 6 for evacuation
[2098.923s][info][gc,phases      ] GC(339)   Pre Evacuate Collection Set: 0.40ms
[2098.923s][info][gc,phases      ] GC(339)   Merge Heap Roots: 0.51ms
[2098.923s][info][gc,phases      ] GC(339)   Evacuate Collection Set: 115.71ms
[2098.923s][info][gc,phases      ] GC(339)   Post Evacuate Collection Set: 0.96ms
[2098.923s][info][gc,phases      ] GC(339)   Other: 0.11ms
[2098.923s][info][gc,heap        ] GC(339) Eden regions: 1119->0(1119)
[2098.923s][info][gc,heap        ] GC(339) Survivor regions: 109->109(154)
[2098.923s][info][gc,heap        ] GC(339) Old regions: 470->502
[2098.923s][info][gc,heap        ] GC(339) Humongous regions: 80->80
[2098.923s][info][gc,metaspace   ] GC(339) Metaspace: 28926K(29248K)->28926K(29248K) NonClass: 24042K(24192K)->24042K(24192K) Class: 4883K(5056K)->4883K(5056K)
[2098.923s][info][gc             ] GC(339) Pause Young (Concurrent Start) (G1 Evacuation Pause) 3553M->1379M(4096M) 117.816ms
[2098.923s][info][gc             ] GC(340) Concurrent Mark Cycle
[2098.923s][info][gc,marking     ] GC(340) Concurrent Scan Root Regions
[2098.923s][info][gc,cpu         ] GC(339) User=0.70s Sys=0.00s Real=0.11s
.[2099.046s][info][gc,marking     ] GC(340) Concurrent Scan Root Regions 123.023ms
[2099.046s][info][gc,marking     ] GC(340) Concurrent Mark
[2099.046s][info][gc,marking     ] GC(340) Concurrent Mark From Roots
[2099.046s][info][gc,task        ] GC(340) Using 2 workers of 2 for marking
[2099.621s][info][gc,marking     ] GC(340) Concurrent Mark From Roots 575.392ms
[2099.621s][info][gc,marking     ] GC(340) Concurrent Preclean
[2099.621s][info][gc,marking     ] GC(340) Concurrent Preclean 0.069ms
[2099.622s][info][gc,start       ] GC(340) Pause Remark
[2099.625s][info][gc             ] GC(340) Pause Remark 1693M->1693M(4096M) 3.267ms
[2099.625s][info][gc,cpu         ] GC(340) User=0.02s Sys=0.00s Real=0.01s
[2099.625s][info][gc,marking     ] GC(340) Concurrent Mark 579.160ms
[2099.625s][info][gc,marking     ] GC(340) Concurrent Rebuild Remembered Sets and Scrub Regions
[2099.882s][info][gc,marking     ] GC(340) Concurrent Rebuild Remembered Sets and Scrub Regions 256.627ms
[2099.882s][info][gc,start       ] GC(340) Pause Cleanup
[2099.882s][info][gc             ] GC(340) Pause Cleanup 1799M->1799M(4096M) 0.130ms
[2099.882s][info][gc,cpu         ] GC(340) User=0.00s Sys=0.00s Real=0.00s
[2099.882s][info][gc,marking     ] GC(340) Concurrent Clear Claimed Marks
[2099.882s][info][gc,marking     ] GC(340) Concurrent Clear Claimed Marks 0.023ms
[2099.882s][info][gc,marking     ] GC(340) Concurrent Cleanup for Next Mark
[2099.885s][info][gc,marking     ] GC(340) Concurrent Cleanup for Next Mark 3.272ms
[2099.885s][info][gc             ] GC(340) Concurrent Mark Cycle 962.586ms
.....[2104.710s][info][gc,start       ] GC(341) Pause Young (Prepare Mixed) (G1 Evacuation Pause)
[2104.710s][info][gc,task        ] GC(341) Using 6 workers of 6 for evacuation
[2104.829s][info][gc,phases      ] GC(341)   Pre Evacuate Collection Set: 0.34ms
[2104.829s][info][gc,phases      ] GC(341)   Merge Heap Roots: 0.65ms
[2104.829s][info][gc,phases      ] GC(341)   Evacuate Collection Set: 116.45ms
[2104.829s][info][gc,phases      ] GC(341)   Post Evacuate Collection Set: 0.95ms
[2104.829s][info][gc,phases      ] GC(341)   Other: 0.09ms
[2104.829s][info][gc,heap        ] GC(341) Eden regions: 1119->0(1114)
[2104.829s][info][gc,heap        ] GC(341) Survivor regions: 109->108(154)
[2104.829s][info][gc,heap        ] GC(341) Old regions: 502->535
[2104.829s][info][gc,heap        ] GC(341) Humongous regions: 80->80
[2104.829s][info][gc,metaspace   ] GC(341) Metaspace: 28926K(29248K)->28926K(29248K) NonClass: 24042K(24192K)->24042K(24192K) Class: 4883K(5056K)->4883K(5056K)
[2104.829s][info][gc             ] GC(341) Pause Young (Prepare Mixed) (G1 Evacuation Pause) 3617M->1443M(4096M) 118.614ms
[2104.829s][info][gc,cpu         ] GC(341) User=0.71s Sys=0.00s Real=0.12s
......[2110.675s][info][gc,start       ] GC(342) Pause Young (Mixed) (G1 Evacuation Pause)
[2110.675s][info][gc,task        ] GC(342) Using 6 workers of 6 for evacuation
[2110.810s][info][gc,phases      ] GC(342)   Pre Evacuate Collection Set: 0.39ms
[2110.810s][info][gc,phases      ] GC(342)   Merge Heap Roots: 0.74ms
[2110.810s][info][gc,phases      ] GC(342)   Evacuate Collection Set: 132.89ms
[2110.810s][info][gc,phases      ] GC(342)   Post Evacuate Collection Set: 0.97ms
[2110.810s][info][gc,phases      ] GC(342)   Other: 0.09ms
[2110.810s][info][gc,heap        ] GC(342) Eden regions: 1114->0(1119)
[2110.810s][info][gc,heap        ] GC(342) Survivor regions: 108->109(153)
[2110.810s][info][gc,heap        ] GC(342) Old regions: 535->471
[2110.810s][info][gc,heap        ] GC(342) Humongous regions: 80->80
[2110.810s][info][gc,metaspace   ] GC(342) Metaspace: 28926K(29248K)->28926K(29248K) NonClass: 24042K(24192K)->24042K(24192K) Class: 4883K(5056K)->4883K(5056K)
[2110.810s][info][gc             ] GC(342) Pause Young (Mixed) (G1 Evacuation Pause) 3671M->1318M(4096M) 135.223ms
[2110.810s][info][gc,cpu         ] GC(342) User=0.81s Sys=0.01s Real=0.13s
......[2116.659s][info][gc,start       ] GC(343) Pause Young (Concurrent Start) (G1 Evacuation Pause)
[2116.660s][info][gc,task        ] GC(343) Using 6 workers of 6 for evacuation
[2116.779s][info][gc,phases      ] GC(343)   Pre Evacuate Collection Set: 0.36ms
[2116.779s][info][gc,phases      ] GC(343)   Merge Heap Roots: 0.50ms
[2116.779s][info][gc,phases      ] GC(343)   Evacuate Collection Set: 117.17ms
[2116.779s][info][gc,phases      ] GC(343)   Post Evacuate Collection Set: 0.90ms
[2116.779s][info][gc,phases      ] GC(343)   Other: 0.11ms
[2116.779s][info][gc,heap        ] GC(343) Eden regions: 1119->0(1117)
[2116.779s][info][gc,heap        ] GC(343) Survivor regions: 109->111(154)
[2116.779s][info][gc,heap        ] GC(343) Old regions: 471->503
[2116.779s][info][gc,heap        ] GC(343) Humongous regions: 80->80
[2116.779s][info][gc,metaspace   ] GC(343) Metaspace: 28926K(29248K)->28926K(29248K) NonClass: 24042K(24192K)->24042K(24192K) Class: 4883K(5056K)->4883K(5056K)
[2116.779s][info][gc             ] GC(343) Pause Young (Concurrent Start) (G1 Evacuation Pause) 3556M->1386M(4096M) 119.175ms
[2116.779s][info][gc             ] GC(344) Concurrent Mark Cycle
[2116.779s][info][gc,marking     ] GC(344) Concurrent Scan Root Regions
[2116.779s][info][gc,cpu         ] GC(343) User=0.70s Sys=0.00s Real=0.12s
[2116.918s][info][gc,marking     ] GC(344) Concurrent Scan Root Regions 139.592ms
[2116.918s][info][gc,marking     ] GC(344) Concurrent Mark
[2116.918s][info][gc,marking     ] GC(344) Concurrent Mark From Roots
[2116.918s][info][gc,task        ] GC(344) Using 2 workers of 2 for marking
.[2117.559s][info][gc,marking     ] GC(344) Concurrent Mark From Roots 640.812ms
[2117.559s][info][gc,marking     ] GC(344) Concurrent Preclean
[2117.559s][info][gc,marking     ] GC(344) Concurrent Preclean 0.053ms
[2117.559s][info][gc,start       ] GC(344) Pause Remark
[2117.563s][info][gc             ] GC(344) Pause Remark 1721M->1721M(4096M) 3.348ms
[2117.563s][info][gc,cpu         ] GC(344) User=0.01s Sys=0.00s Real=0.00s
[2117.563s][info][gc,marking     ] GC(344) Concurrent Mark 644.469ms
[2117.563s][info][gc,marking     ] GC(344) Concurrent Rebuild Remembered Sets and Scrub Regions
[2117.789s][info][gc,marking     ] GC(344) Concurrent Rebuild Remembered Sets and Scrub Regions 226.392ms
[2117.789s][info][gc,start       ] GC(344) Pause Cleanup
[2117.789s][info][gc             ] GC(344) Pause Cleanup 1808M->1808M(4096M) 0.137ms
[2117.790s][info][gc,cpu         ] GC(344) User=0.00s Sys=0.00s Real=0.00s
[2117.790s][info][gc,marking     ] GC(344) Concurrent Clear Claimed Marks
[2117.790s][info][gc,marking     ] GC(344) Concurrent Clear Claimed Marks 0.029ms
[2117.790s][info][gc,marking     ] GC(344) Concurrent Cleanup for Next Mark
[2117.794s][info][gc,marking     ] GC(344) Concurrent Cleanup for Next Mark 4.403ms
[2117.794s][info][gc             ] GC(344) Concurrent Mark Cycle 1015.373ms
.....[2122.565s][info][gc,start       ] GC(345) Pause Young (Prepare Mixed) (G1 Evacuation Pause)
[2122.565s][info][gc,task        ] GC(345) Using 6 workers of 6 for evacuation
[2122.683s][info][gc,phases      ] GC(345)   Pre Evacuate Collection Set: 0.35ms
[2122.683s][info][gc,phases      ] GC(345)   Merge Heap Roots: 0.52ms
[2122.683s][info][gc,phases      ] GC(345)   Evacuate Collection Set: 115.26ms
[2122.683s][info][gc,phases      ] GC(345)   Post Evacuate Collection Set: 0.97ms
[2122.683s][info][gc,phases      ] GC(345)   Other: 0.09ms
[2122.683s][info][gc,heap        ] GC(345) Eden regions: 1117->0(1111)
[2122.683s][info][gc,heap        ] GC(345) Survivor regions: 111->109(154)
[2122.683s][info][gc,heap        ] GC(345) Old regions: 503->536
[2122.683s][info][gc,heap        ] GC(345) Humongous regions: 80->80
[2122.683s][info][gc,metaspace   ] GC(345) Metaspace: 28926K(29248K)->28926K(29248K) NonClass: 24042K(24192K)->24042K(24192K) Class: 4883K(5056K)->4883K(5056K)
[2122.683s][info][gc             ] GC(345) Pause Young (Prepare Mixed) (G1 Evacuation Pause) 3620M->1446M(4096M) 117.327ms
[2122.683s][info][gc,cpu         ] GC(345) User=0.69s Sys=0.00s Real=0.11s
......[2128.532s][info][gc,start       ] GC(346) Pause Young (Mixed) (G1 Evacuation Pause)
[2128.532s][info][gc,task        ] GC(346) Using 6 workers of 6 for evacuation
[2128.665s][info][gc,phases      ] GC(346)   Pre Evacuate Collection Set: 0.36ms
[2128.665s][info][gc,phases      ] GC(346)   Merge Heap Roots: 0.71ms
[2128.665s][info][gc,phases      ] GC(346)   Evacuate Collection Set: 131.49ms
[2128.665s][info][gc,phases      ] GC(346)   Post Evacuate Collection Set: 0.97ms
[2128.665s][info][gc,phases      ] GC(346)   Other: 0.10ms
[2128.665s][info][gc,heap        ] GC(346) Eden regions: 1111->0(1120)
[2128.666s][info][gc,heap        ] GC(346) Survivor regions: 109->108(153)
[2128.666s][info][gc,heap        ] GC(346) Old regions: 536->472
[2128.666s][info][gc,heap        ] GC(346) Humongous regions: 80->80
[2128.666s][info][gc,metaspace   ] GC(346) Metaspace: 28926K(29248K)->28926K(29248K) NonClass: 24042K(24192K)->24042K(24192K) Class: 4883K(5056K)->4883K(5056K)
[2128.666s][info][gc             ] GC(346) Pause Young (Mixed) (G1 Evacuation Pause) 3668M->1318M(4096M) 133.742ms
[2128.666s][info][gc,cpu         ] GC(346) User=0.80s Sys=0.00s Real=0.14s
......[2134.533s][info][gc,start       ] GC(347) Pause Young (Concurrent Start) (G1 Evacuation Pause)
[2134.533s][info][gc,task        ] GC(347) Using 6 workers of 6 for evacuation
[2134.650s][info][gc,phases      ] GC(347)   Pre Evacuate Collection Set: 0.38ms
[2134.650s][info][gc,phases      ] GC(347)   Merge Heap Roots: 0.48ms
[2134.650s][info][gc,phases      ] GC(347)   Evacuate Collection Set: 114.89ms
[2134.650s][info][gc,phases      ] GC(347)   Post Evacuate Collection Set: 0.90ms
[2134.650s][info][gc,phases      ] GC(347)   Other: 0.10ms
[2134.650s][info][gc,heap        ] GC(347) Eden regions: 1120->0(1119)
[2134.650s][info][gc,heap        ] GC(347) Survivor regions: 108->109(154)
[2134.650s][info][gc,heap        ] GC(347) Old regions: 472->503
[2134.650s][info][gc,heap        ] GC(347) Humongous regions: 80->80
[2134.650s][info][gc,metaspace   ] GC(347) Metaspace: 28926K(29248K)->28926K(29248K) NonClass: 24042K(24192K)->24042K(24192K) Class: 4883K(5056K)->4883K(5056K)
[2134.650s][info][gc             ] GC(347) Pause Young (Concurrent Start) (G1 Evacuation Pause) 3558M->1382M(4096M) 116.891ms
[2134.650s][info][gc             ] GC(348) Concurrent Mark Cycle
[2134.650s][info][gc,marking     ] GC(348) Concurrent Scan Root Regions
[2134.650s][info][gc,cpu         ] GC(347) User=0.70s Sys=0.00s Real=0.12s
[2134.761s][info][gc,marking     ] GC(348) Concurrent Scan Root Regions 110.590ms
[2134.761s][info][gc,marking     ] GC(348) Concurrent Mark
[2134.761s][info][gc,marking     ] GC(348) Concurrent Mark From Roots
[2134.761s][info][gc,task        ] GC(348) Using 2 workers of 2 for marking
.[2135.286s][info][gc,marking     ] GC(348) Concurrent Mark From Roots 525.369ms
[2135.286s][info][gc,marking     ] GC(348) Concurrent Preclean
[2135.286s][info][gc,marking     ] GC(348) Concurrent Preclean 0.068ms
[2135.286s][info][gc,start       ] GC(348) Pause Remark
[2135.290s][info][gc             ] GC(348) Pause Remark 1671M->1671M(4096M) 3.318ms
[2135.290s][info][gc,cpu         ] GC(348) User=0.01s Sys=0.00s Real=0.00s
[2135.290s][info][gc,marking     ] GC(348) Concurrent Mark 529.022ms
[2135.290s][info][gc,marking     ] GC(348) Concurrent Rebuild Remembered Sets and Scrub Regions
[2135.496s][info][gc,marking     ] GC(348) Concurrent Rebuild Remembered Sets and Scrub Regions 205.926ms
[2135.496s][info][gc,start       ] GC(348) Pause Cleanup
[2135.496s][info][gc             ] GC(348) Pause Cleanup 1764M->1764M(4096M) 0.128ms
[2135.496s][info][gc,cpu         ] GC(348) User=0.00s Sys=0.00s Real=0.00s
[2135.496s][info][gc,marking     ] GC(348) Concurrent Clear Claimed Marks
[2135.496s][info][gc,marking     ] GC(348) Concurrent Clear Claimed Marks 0.032ms
[2135.496s][info][gc,marking     ] GC(348) Concurrent Cleanup for Next Mark
[2135.500s][info][gc,marking     ] GC(348) Concurrent Cleanup for Next Mark 4.416ms
[2135.501s][info][gc             ] GC(348) Concurrent Mark Cycle 850.479ms
.....[2140.490s][info][gc,start       ] GC(349) Pause Young (Prepare Mixed) (G1 Evacuation Pause)
[2140.490s][info][gc,task        ] GC(349) Using 6 workers of 6 for evacuation
[2140.611s][info][gc,phases      ] GC(349)   Pre Evacuate Collection Set: 0.36ms
[2140.611s][info][gc,phases      ] GC(349)   Merge Heap Roots: 0.58ms
[2140.611s][info][gc,phases      ] GC(349)   Evacuate Collection Set: 119.04ms
[2140.611s][info][gc,phases      ] GC(349)   Post Evacuate Collection Set: 1.02ms
[2140.611s][info][gc,phases      ] GC(349)   Other: 0.09ms
[2140.611s][info][gc,heap        ] GC(349) Eden regions: 1119->0(1105)
[2140.611s][info][gc,heap        ] GC(349) Survivor regions: 109->113(154)
[2140.611s][info][gc,heap        ] GC(349) Old regions: 503->534
[2140.611s][info][gc,heap        ] GC(349) Humongous regions: 80->80
[2140.611s][info][gc,metaspace   ] GC(349) Metaspace: 28926K(29248K)->28926K(29248K) NonClass: 24042K(24192K)->24042K(24192K) Class: 4883K(5056K)->4883K(5056K)
[2140.611s][info][gc             ] GC(349) Pause Young (Prepare Mixed) (G1 Evacuation Pause) 3620M->1451M(4096M) 121.255ms
[2140.611s][info][gc,cpu         ] GC(349) User=0.72s Sys=0.00s Real=0.12s
......[2146.328s][info][gc,start       ] GC(350) Pause Young (Mixed) (G1 Evacuation Pause)
[2146.328s][info][gc,task        ] GC(350) Using 6 workers of 6 for evacuation
[2146.461s][info][gc,phases      ] GC(350)   Pre Evacuate Collection Set: 0.42ms
[2146.461s][info][gc,phases      ] GC(350)   Merge Heap Roots: 0.69ms
[2146.461s][info][gc,phases      ] GC(350)   Evacuate Collection Set: 130.77ms
[2146.461s][info][gc,phases      ] GC(350)   Post Evacuate Collection Set: 0.95ms
[2146.461s][info][gc,phases      ] GC(350)   Other: 0.09ms
[2146.461s][info][gc,heap        ] GC(350) Eden regions: 1105->0(1119)
[2146.461s][info][gc,heap        ] GC(350) Survivor regions: 113->109(153)
[2146.461s][info][gc,heap        ] GC(350) Old regions: 534->470
[2146.461s][info][gc,heap        ] GC(350) Humongous regions: 80->80
[2146.461s][info][gc,metaspace   ] GC(350) Metaspace: 28926K(29248K)->28926K(29248K) NonClass: 24042K(24192K)->24042K(24192K) Class: 4883K(5056K)->4883K(5056K)
[2146.461s][info][gc             ] GC(350) Pause Young (Mixed) (G1 Evacuation Pause) 3661M->1314M(4096M) 133.078ms
[2146.461s][info][gc,cpu         ] GC(350) User=0.79s Sys=0.00s Real=0.13s
......[2152.299s][info][gc,start       ] GC(351) Pause Young (Concurrent Start) (G1 Evacuation Pause)
[2152.299s][info][gc,task        ] GC(351) Using 6 workers of 6 for evacuation
[2152.417s][info][gc,phases      ] GC(351)   Pre Evacuate Collection Set: 0.43ms
[2152.417s][info][gc,phases      ] GC(351)   Merge Heap Roots: 0.50ms
[2152.417s][info][gc,phases      ] GC(351)   Evacuate Collection Set: 116.11ms
[2152.417s][info][gc,phases      ] GC(351)   Post Evacuate Collection Set: 0.92ms
[2152.417s][info][gc,phases      ] GC(351)   Other: 0.10ms
[2152.417s][info][gc,heap        ] GC(351) Eden regions: 1119->0(1119)
[2152.417s][info][gc,heap        ] GC(351) Survivor regions: 109->109(154)
[2152.417s][info][gc,heap        ] GC(351) Old regions: 470->502
[2152.417s][info][gc,heap        ] GC(351) Humongous regions: 80->80
[2152.417s][info][gc,metaspace   ] GC(351) Metaspace: 28926K(29248K)->28926K(29248K) NonClass: 24042K(24192K)->24042K(24192K) Class: 4883K(5056K)->4883K(5056K)
[2152.417s][info][gc             ] GC(351) Pause Young (Concurrent Start) (G1 Evacuation Pause) 3552M->1378M(4096M) 118.190ms
[2152.417s][info][gc             ] GC(352) Concurrent Mark Cycle
[2152.417s][info][gc,marking     ] GC(352) Concurrent Scan Root Regions
[2152.417s][info][gc,cpu         ] GC(351) User=0.71s Sys=0.00s Real=0.12s
[2152.527s][info][gc,marking     ] GC(352) Concurrent Scan Root Regions 110.351ms
[2152.527s][info][gc,marking     ] GC(352) Concurrent Mark
[2152.527s][info][gc,marking     ] GC(352) Concurrent Mark From Roots
[2152.527s][info][gc,task        ] GC(352) Using 2 workers of 2 for marking
.[2153.047s][info][gc,marking     ] GC(352) Concurrent Mark From Roots 519.912ms
[2153.047s][info][gc,marking     ] GC(352) Concurrent Preclean
[2153.047s][info][gc,marking     ] GC(352) Concurrent Preclean 0.058ms
[2153.048s][info][gc,start       ] GC(352) Pause Remark
[2153.051s][info][gc             ] GC(352) Pause Remark 1654M->1654M(4096M) 3.225ms
[2153.051s][info][gc,cpu         ] GC(352) User=0.02s Sys=0.00s Real=0.00s
[2153.052s][info][gc,marking     ] GC(352) Concurrent Mark 524.458ms
[2153.052s][info][gc,marking     ] GC(352) Concurrent Rebuild Remembered Sets and Scrub Regions
[2153.256s][info][gc,marking     ] GC(352) Concurrent Rebuild Remembered Sets and Scrub Regions 204.217ms
[2153.256s][info][gc,start       ] GC(352) Pause Cleanup
[2153.256s][info][gc             ] GC(352) Pause Cleanup 1718M->1718M(4096M) 0.113ms
[2153.256s][info][gc,cpu         ] GC(352) User=0.00s Sys=0.00s Real=0.00s
[2153.256s][info][gc,marking     ] GC(352) Concurrent Clear Claimed Marks
[2153.256s][info][gc,marking     ] GC(352) Concurrent Clear Claimed Marks 0.025ms
[2153.256s][info][gc,marking     ] GC(352) Concurrent Cleanup for Next Mark
[2153.260s][info][gc,marking     ] GC(352) Concurrent Cleanup for Next Mark 3.229ms
[2153.260s][info][gc             ] GC(352) Concurrent Mark Cycle 842.710ms
... (rIR:aIR:PR = 3183:3184:3184) (tPR = 47230) [OK] 
  2155s: Performance info:
         Transaction,    Success,    Partial,     Failed,   Receipts, AvgBarcode, 
             Overall,     191190,          0,          0,     181622,      59.48, 
         Response times:
             Request,    Success,    Partial,     Failed,   SkipFail,     Probes,    Samples,      min,      p50,      p90,      p95,      p99,      max, 
       TotalPurchase,     181631,          0,          0,          0,     178179,     202841,      300,     2600,     4200,     5200,    26000,   183000,
     InStorePurchase,      95614,          0,          0,          0,      93981,     106627,      300,     2600,     4200,     5300,    26000,   183000,
      OnlinePurchase,      66912,          0,          0,          0,      65573,      74654,      300,     2500,     4100,     5100,    25000,   183000,
        InstPurchase,      19105,          0,          0,          0,      18625,      21560,      400,     2500,     4100,     5100,    24000,   183000,
          AssocOfCat,        192,          0,          0,          0,        132,        199,    22000,    28000,    39000,    55000,   152000,   153000,
      AssocOfProduct,       1913,          0,          0,          0,       1765,       2183,      700,     2700,     4100,     5200,    25000,   138000,
      BusinessReport,        479,          0,          0,          0,        398,        540,    24000,    31500,    45000,    56900,   122360,   163000,
          CustBuyBeh,       1918,          0,          0,          0,       1728,       2084,      200,     3200,     4700,     6400,    30000,   138000,
       ProductReturn,       5066,          0,          0,          0,       4772,       5649,      200,     3000,     4500,     5900,    34000,   138000,

  2155s: (24%)   IR =   3321 ..[2158.081s][info][gc,start       ] GC(353) Pause Young (Prepare Mixed) (G1 Evacuation Pause)
[2158.081s][info][gc,task        ] GC(353) Using 6 workers of 6 for evacuation
[2158.201s][info][gc,phases      ] GC(353)   Pre Evacuate Collection Set: 0.30ms
[2158.201s][info][gc,phases      ] GC(353)   Merge Heap Roots: 0.62ms
[2158.201s][info][gc,phases      ] GC(353)   Evacuate Collection Set: 117.39ms
[2158.201s][info][gc,phases      ] GC(353)   Post Evacuate Collection Set: 0.97ms
[2158.201s][info][gc,phases      ] GC(353)   Other: 0.09ms
[2158.201s][info][gc,heap        ] GC(353) Eden regions: 1119->0(1111)
[2158.201s][info][gc,heap        ] GC(353) Survivor regions: 109->110(154)
[2158.201s][info][gc,heap        ] GC(353) Old regions: 502->534
[2158.201s][info][gc,heap        ] GC(353) Humongous regions: 80->80
[2158.201s][info][gc,metaspace   ] GC(353) Metaspace: 28932K(29248K)->28932K(29248K) NonClass: 24049K(24192K)->24049K(24192K) Class: 4883K(5056K)->4883K(5056K)
[2158.201s][info][gc             ] GC(353) Pause Young (Prepare Mixed) (G1 Evacuation Pause) 3616M->1444M(4096M) 119.503ms
[2158.201s][info][gc,cpu         ] GC(353) User=0.71s Sys=0.00s Real=0.12s
....|.[2163.728s][info][gc,start       ] GC(354) Pause Young (Mixed) (G1 Evacuation Pause)
[2163.728s][info][gc,task        ] GC(354) Using 6 workers of 6 for evacuation
[2163.860s][info][gc,phases      ] GC(354)   Pre Evacuate Collection Set: 0.37ms
[2163.860s][info][gc,phases      ] GC(354)   Merge Heap Roots: 0.70ms
[2163.860s][info][gc,phases      ] GC(354)   Evacuate Collection Set: 130.08ms
[2163.860s][info][gc,phases      ] GC(354)   Post Evacuate Collection Set: 0.99ms
[2163.860s][info][gc,phases      ] GC(354)   Other: 0.08ms
[2163.860s][info][gc,heap        ] GC(354) Eden regions: 1111->0(1120)
[2163.860s][info][gc,heap        ] GC(354) Survivor regions: 110->108(153)
[2163.860s][info][gc,heap        ] GC(354) Old regions: 534->472
[2163.860s][info][gc,heap        ] GC(354) Humongous regions: 80->80
[2163.860s][info][gc,metaspace   ] GC(354) Metaspace: 28932K(29248K)->28932K(29248K) NonClass: 24049K(24192K)->24049K(24192K) Class: 4883K(5056K)->4883K(5056K)
[2163.860s][info][gc             ] GC(354) Pause Young (Mixed) (G1 Evacuation Pause) 3666M->1317M(4096M) 132.345ms
[2163.860s][info][gc,cpu         ] GC(354) User=0.79s Sys=0.00s Real=0.13s
......[2169.524s][info][gc,start       ] GC(355) Pause Young (Concurrent Start) (G1 Evacuation Pause)
[2169.524s][info][gc,task        ] GC(355) Using 6 workers of 6 for evacuation
[2169.642s][info][gc,phases      ] GC(355)   Pre Evacuate Collection Set: 0.41ms
[2169.642s][info][gc,phases      ] GC(355)   Merge Heap Roots: 0.52ms
[2169.642s][info][gc,phases      ] GC(355)   Evacuate Collection Set: 116.01ms
[2169.642s][info][gc,phases      ] GC(355)   Post Evacuate Collection Set: 0.89ms
[2169.642s][info][gc,phases      ] GC(355)   Other: 0.14ms
[2169.642s][info][gc,heap        ] GC(355) Eden regions: 1120->0(1118)
[2169.642s][info][gc,heap        ] GC(355) Survivor regions: 108->110(154)
[2169.642s][info][gc,heap        ] GC(355) Old regions: 472->504
[2169.642s][info][gc,heap        ] GC(355) Humongous regions: 80->80
[2169.642s][info][gc,metaspace   ] GC(355) Metaspace: 28932K(29248K)->28932K(29248K) NonClass: 24049K(24192K)->24049K(24192K) Class: 4883K(5056K)->4883K(5056K)
[2169.642s][info][gc             ] GC(355) Pause Young (Concurrent Start) (G1 Evacuation Pause) 3557M->1384M(4096M) 118.130ms
[2169.642s][info][gc             ] GC(356) Concurrent Mark Cycle
[2169.642s][info][gc,marking     ] GC(356) Concurrent Scan Root Regions
[2169.642s][info][gc,cpu         ] GC(355) User=0.71s Sys=0.00s Real=0.12s
[2169.773s][info][gc,marking     ] GC(356) Concurrent Scan Root Regions 130.908ms
[2169.773s][info][gc,marking     ] GC(356) Concurrent Mark
[2169.773s][info][gc,marking     ] GC(356) Concurrent Mark From Roots
[2169.773s][info][gc,task        ] GC(356) Using 2 workers of 2 for marking
.[2170.342s][info][gc,marking     ] GC(356) Concurrent Mark From Roots 569.296ms
[2170.342s][info][gc,marking     ] GC(356) Concurrent Preclean
[2170.342s][info][gc,marking     ] GC(356) Concurrent Preclean 0.063ms
[2170.342s][info][gc,start       ] GC(356) Pause Remark
[2170.345s][info][gc             ] GC(356) Pause Remark 1677M->1677M(4096M) 3.201ms
[2170.345s][info][gc,cpu         ] GC(356) User=0.01s Sys=0.00s Real=0.01s
[2170.345s][info][gc,marking     ] GC(356) Concurrent Mark 572.826ms
[2170.345s][info][gc,marking     ] GC(356) Concurrent Rebuild Remembered Sets and Scrub Regions
[2170.567s][info][gc,marking     ] GC(356) Concurrent Rebuild Remembered Sets and Scrub Regions 221.172ms
[2170.567s][info][gc,start       ] GC(356) Pause Cleanup
[2170.567s][info][gc             ] GC(356) Pause Cleanup 1771M->1771M(4096M) 0.137ms
[2170.567s][info][gc,cpu         ] GC(356) User=0.00s Sys=0.00s Real=0.00s
[2170.567s][info][gc,marking     ] GC(356) Concurrent Clear Claimed Marks
[2170.567s][info][gc,marking     ] GC(356) Concurrent Clear Claimed Marks 0.031ms
[2170.567s][info][gc,marking     ] GC(356) Concurrent Cleanup for Next Mark
[2170.571s][info][gc,marking     ] GC(356) Concurrent Cleanup for Next Mark 4.291ms
[2170.571s][info][gc             ] GC(356) Concurrent Mark Cycle 929.776ms
.....[2175.250s][info][gc,start       ] GC(357) Pause Young (Prepare Mixed) (G1 Evacuation Pause)
[2175.250s][info][gc,task        ] GC(357) Using 6 workers of 6 for evacuation
[2175.367s][info][gc,phases      ] GC(357)   Pre Evacuate Collection Set: 0.37ms
[2175.367s][info][gc,phases      ] GC(357)   Merge Heap Roots: 0.57ms
[2175.367s][info][gc,phases      ] GC(357)   Evacuate Collection Set: 115.02ms
[2175.367s][info][gc,phases      ] GC(357)   Post Evacuate Collection Set: 0.91ms
[2175.367s][info][gc,phases      ] GC(357)   Other: 0.09ms
[2175.367s][info][gc,heap        ] GC(357) Eden regions: 1118->0(1114)
[2175.367s][info][gc,heap        ] GC(357) Survivor regions: 110->108(154)
[2175.367s][info][gc,heap        ] GC(357) Old regions: 504->535
[2175.367s][info][gc,heap        ] GC(357) Humongous regions: 80->80
[2175.367s][info][gc,metaspace   ] GC(357) Metaspace: 28932K(29248K)->28932K(29248K) NonClass: 24049K(24192K)->24049K(24192K) Class: 4883K(5056K)->4883K(5056K)
[2175.367s][info][gc             ] GC(357) Pause Young (Prepare Mixed) (G1 Evacuation Pause) 3620M->1444M(4096M) 117.093ms
[2175.367s][info][gc,cpu         ] GC(357) User=0.70s Sys=0.00s Real=0.12s
.....[2180.855s][info][gc,start       ] GC(358) Pause Young (Mixed) (G1 Evacuation Pause)
[2180.856s][info][gc,task        ] GC(358) Using 6 workers of 6 for evacuation
[2180.986s][info][gc,phases      ] GC(358)   Pre Evacuate Collection Set: 0.35ms
[2180.986s][info][gc,phases      ] GC(358)   Merge Heap Roots: 0.67ms
[2180.986s][info][gc,phases      ] GC(358)   Evacuate Collection Set: 128.76ms
[2180.986s][info][gc,phases      ] GC(358)   Post Evacuate Collection Set: 0.95ms
[2180.986s][info][gc,phases      ] GC(358)   Other: 0.10ms
[2180.986s][info][gc,heap        ] GC(358) Eden regions: 1114->0(1119)
[2180.986s][info][gc,heap        ] GC(358) Survivor regions: 108->109(153)
[2180.986s][info][gc,heap        ] GC(358) Old regions: 535->471
[2180.986s][info][gc,heap        ] GC(358) Humongous regions: 80->80
[2180.986s][info][gc,metaspace   ] GC(358) Metaspace: 28932K(29248K)->28932K(29248K) NonClass: 24049K(24192K)->24049K(24192K) Class: 4883K(5056K)->4883K(5056K)
[2180.986s][info][gc             ] GC(358) Pause Young (Mixed) (G1 Evacuation Pause) 3672M->1316M(4096M) 130.972ms
[2180.986s][info][gc,cpu         ] GC(358) User=0.77s Sys=0.00s Real=0.13s
......[2186.610s][info][gc,start       ] GC(359) Pause Young (Concurrent Start) (G1 Evacuation Pause)
[2186.610s][info][gc,task        ] GC(359) Using 6 workers of 6 for evacuation
[2186.726s][info][gc,phases      ] GC(359)   Pre Evacuate Collection Set: 0.41ms
[2186.726s][info][gc,phases      ] GC(359)   Merge Heap Roots: 0.51ms
[2186.726s][info][gc,phases      ] GC(359)   Evacuate Collection Set: 114.29ms
[2186.726s][info][gc,phases      ] GC(359)   Post Evacuate Collection Set: 0.88ms
[2186.726s][info][gc,phases      ] GC(359)   Other: 0.13ms
[2186.726s][info][gc,heap        ] GC(359) Eden regions: 1119->0(1119)
[2186.726s][info][gc,heap        ] GC(359) Survivor regions: 109->109(154)
[2186.726s][info][gc,heap        ] GC(359) Old regions: 471->503
[2186.726s][info][gc,heap        ] GC(359) Humongous regions: 80->80
[2186.726s][info][gc,metaspace   ] GC(359) Metaspace: 28932K(29248K)->28932K(29248K) NonClass: 24049K(24192K)->24049K(24192K) Class: 4883K(5056K)->4883K(5056K)
[2186.726s][info][gc             ] GC(359) Pause Young (Concurrent Start) (G1 Evacuation Pause) 3554M->1382M(4096M) 116.341ms
[2186.727s][info][gc             ] GC(360) Concurrent Mark Cycle
[2186.727s][info][gc,marking     ] GC(360) Concurrent Scan Root Regions
[2186.727s][info][gc,cpu         ] GC(359) User=0.69s Sys=0.00s Real=0.12s
[2186.848s][info][gc,marking     ] GC(360) Concurrent Scan Root Regions 121.831ms
[2186.848s][info][gc,marking     ] GC(360) Concurrent Mark
[2186.848s][info][gc,marking     ] GC(360) Concurrent Mark From Roots
[2186.848s][info][gc,task        ] GC(360) Using 2 workers of 2 for marking
.[2187.434s][info][gc,marking     ] GC(360) Concurrent Mark From Roots 585.618ms
[2187.434s][info][gc,marking     ] GC(360) Concurrent Preclean
[2187.434s][info][gc,marking     ] GC(360) Concurrent Preclean 0.050ms
[2187.434s][info][gc,start       ] GC(360) Pause Remark
[2187.437s][info][gc             ] GC(360) Pause Remark 1694M->1694M(4096M) 3.122ms
[2187.437s][info][gc,cpu         ] GC(360) User=0.01s Sys=0.00s Real=0.01s
[2187.437s][info][gc,marking     ] GC(360) Concurrent Mark 589.027ms
[2187.437s][info][gc,marking     ] GC(360) Concurrent Rebuild Remembered Sets and Scrub Regions
[2187.675s][info][gc,marking     ] GC(360) Concurrent Rebuild Remembered Sets and Scrub Regions 237.064ms
[2187.675s][info][gc,start       ] GC(360) Pause Cleanup
[2187.675s][info][gc             ] GC(360) Pause Cleanup 1811M->1811M(4096M) 0.130ms
[2187.675s][info][gc,cpu         ] GC(360) User=0.00s Sys=0.00s Real=0.00s
[2187.675s][info][gc,marking     ] GC(360) Concurrent Clear Claimed Marks
[2187.675s][info][gc,marking     ] GC(360) Concurrent Clear Claimed Marks 0.031ms
[2187.675s][info][gc,marking     ] GC(360) Concurrent Cleanup for Next Mark
[2187.680s][info][gc,marking     ] GC(360) Concurrent Cleanup for Next Mark 4.938ms
[2187.680s][info][gc             ] GC(360) Concurrent Mark Cycle 953.756ms
.....[2192.374s][info][gc,start       ] GC(361) Pause Young (Prepare Mixed) (G1 Evacuation Pause)
[2192.374s][info][gc,task        ] GC(361) Using 6 workers of 6 for evacuation
[2192.496s][info][gc,phases      ] GC(361)   Pre Evacuate Collection Set: 0.37ms
[2192.496s][info][gc,phases      ] GC(361)   Merge Heap Roots: 0.57ms
[2192.496s][info][gc,phases      ] GC(361)   Evacuate Collection Set: 120.18ms
[2192.496s][info][gc,phases      ] GC(361)   Post Evacuate Collection Set: 0.93ms
[2192.496s][info][gc,phases      ] GC(361)   Other: 0.10ms
[2192.496s][info][gc,heap        ] GC(361) Eden regions: 1119->0(1104)
[2192.496s][info][gc,heap        ] GC(361) Survivor regions: 109->113(154)
[2192.496s][info][gc,heap        ] GC(361) Old regions: 503->535
[2192.496s][info][gc,heap        ] GC(361) Humongous regions: 80->80
[2192.496s][info][gc,metaspace   ] GC(361) Metaspace: 28932K(29248K)->28932K(29248K) NonClass: 24049K(24192K)->24049K(24192K) Class: 4883K(5056K)->4883K(5056K)
[2192.497s][info][gc             ] GC(361) Pause Young (Prepare Mixed) (G1 Evacuation Pause) 3620M->1452M(4096M) 122.277ms
[2192.497s][info][gc,cpu         ] GC(361) User=0.73s Sys=0.00s Real=0.13s
......[2198.082s][info][gc,start       ] GC(362) Pause Young (Mixed) (G1 Evacuation Pause)
[2198.082s][info][gc,task        ] GC(362) Using 6 workers of 6 for evacuation
[2198.217s][info][gc,phases      ] GC(362)   Pre Evacuate Collection Set: 0.37ms
[2198.217s][info][gc,phases      ] GC(362)   Merge Heap Roots: 0.79ms
[2198.217s][info][gc,phases      ] GC(362)   Evacuate Collection Set: 132.11ms
[2198.217s][info][gc,phases      ] GC(362)   Post Evacuate Collection Set: 0.96ms
[2198.217s][info][gc,phases      ] GC(362)   Other: 0.09ms
[2198.217s][info][gc,heap        ] GC(362) Eden regions: 1104->0(1118)
[2198.217s][info][gc,heap        ] GC(362) Survivor regions: 113->110(153)
[2198.217s][info][gc,heap        ] GC(362) Old regions: 535->470
[2198.217s][info][gc,heap        ] GC(362) Humongous regions: 80->80
[2198.217s][info][gc,metaspace   ] GC(362) Metaspace: 28932K(29248K)->28932K(29248K) NonClass: 24049K(24192K)->24049K(24192K) Class: 4883K(5056K)->4883K(5056K)
[2198.217s][info][gc             ] GC(362) Pause Young (Mixed) (G1 Evacuation Pause) 3660M->1317M(4096M) 134.441ms
[2198.217s][info][gc,cpu         ] GC(362) User=0.80s Sys=0.00s Real=0.14s
.....[2203.780s][info][gc,start       ] GC(363) Pause Young (Concurrent Start) (G1 Evacuation Pause)
[2203.780s][info][gc,task        ] GC(363) Using 6 workers of 6 for evacuation
[2203.895s][info][gc,phases      ] GC(363)   Pre Evacuate Collection Set: 0.37ms
[2203.895s][info][gc,phases      ] GC(363)   Merge Heap Roots: 0.50ms
[2203.895s][info][gc,phases      ] GC(363)   Evacuate Collection Set: 113.43ms
[2203.895s][info][gc,phases      ] GC(363)   Post Evacuate Collection Set: 0.87ms
[2203.895s][info][gc,phases      ] GC(363)   Other: 0.10ms
[2203.895s][info][gc,heap        ] GC(363) Eden regions: 1118->0(1120)
[2203.895s][info][gc,heap        ] GC(363) Survivor regions: 110->108(154)
[2203.895s][info][gc,heap        ] GC(363) Old regions: 470->502
[2203.895s][info][gc,heap        ] GC(363) Humongous regions: 80->80
[2203.895s][info][gc,metaspace   ] GC(363) Metaspace: 28932K(29248K)->28932K(29248K) NonClass: 24049K(24192K)->24049K(24192K) Class: 4883K(5056K)->4883K(5056K)
[2203.895s][info][gc             ] GC(363) Pause Young (Concurrent Start) (G1 Evacuation Pause) 3553M->1376M(4096M) 115.400ms
[2203.895s][info][gc             ] GC(364) Concurrent Mark Cycle
[2203.895s][info][gc,marking     ] GC(364) Concurrent Scan Root Regions
[2203.895s][info][gc,cpu         ] GC(363) User=0.68s Sys=0.00s Real=0.12s
[2204.062s][info][gc,marking     ] GC(364) Concurrent Scan Root Regions 166.534ms
[2204.062s][info][gc,marking     ] GC(364) Concurrent Mark
[2204.062s][info][gc,marking     ] GC(364) Concurrent Mark From Roots
[2204.062s][info][gc,task        ] GC(364) Using 2 workers of 2 for marking
.[2204.990s][info][gc,marking     ] GC(364) Concurrent Mark From Roots 928.115ms
[2204.990s][info][gc,marking     ] GC(364) Concurrent Preclean
[2204.990s][info][gc,marking     ] GC(364) Concurrent Preclean 0.053ms
[2204.990s][info][gc,start       ] GC(364) Pause Remark
[2204.994s][info][gc             ] GC(364) Pause Remark 1917M->1917M(4096M) 4.320ms
[2204.994s][info][gc,cpu         ] GC(364) User=0.02s Sys=0.00s Real=0.01s
[2204.994s][info][gc,marking     ] GC(364) Concurrent Mark 932.748ms
[2204.994s][info][gc,marking     ] GC(364) Concurrent Rebuild Remembered Sets and Scrub Regions
.[2205.396s][info][gc,marking     ] GC(364) Concurrent Rebuild Remembered Sets and Scrub Regions 401.869ms
[2205.397s][info][gc,start       ] GC(364) Pause Cleanup
[2205.397s][info][gc             ] GC(364) Pause Cleanup 2048M->2048M(4096M) 0.128ms
[2205.397s][info][gc,cpu         ] GC(364) User=0.00s Sys=0.00s Real=0.00s
[2205.397s][info][gc,marking     ] GC(364) Concurrent Clear Claimed Marks
[2205.397s][info][gc,marking     ] GC(364) Concurrent Clear Claimed Marks 0.032ms
[2205.397s][info][gc,marking     ] GC(364) Concurrent Cleanup for Next Mark
[2205.400s][info][gc,marking     ] GC(364) Concurrent Cleanup for Next Mark 3.514ms
[2205.400s][info][gc             ] GC(364) Concurrent Mark Cycle 1505.215ms
....[2209.420s][info][gc,start       ] GC(365) Pause Young (Prepare Mixed) (G1 Evacuation Pause)
[2209.420s][info][gc,task        ] GC(365) Using 6 workers of 6 for evacuation
[2209.537s][info][gc,phases      ] GC(365)   Pre Evacuate Collection Set: 0.34ms
[2209.537s][info][gc,phases      ] GC(365)   Merge Heap Roots: 0.56ms
[2209.537s][info][gc,phases      ] GC(365)   Evacuate Collection Set: 115.13ms
[2209.537s][info][gc,phases      ] GC(365)   Post Evacuate Collection Set: 0.93ms
[2209.537s][info][gc,phases      ] GC(365)   Other: 0.09ms
[2209.537s][info][gc,heap        ] GC(365) Eden regions: 1120->0(1113)
[2209.537s][info][gc,heap        ] GC(365) Survivor regions: 108->109(154)
[2209.537s][info][gc,heap        ] GC(365) Old regions: 502->534
[2209.537s][info][gc,heap        ] GC(365) Humongous regions: 80->80
[2209.537s][info][gc,metaspace   ] GC(365) Metaspace: 28938K(29248K)->28938K(29248K) NonClass: 24054K(24192K)->24054K(24192K) Class: 4883K(5056K)->4883K(5056K)
[2209.537s][info][gc             ] GC(365) Pause Young (Prepare Mixed) (G1 Evacuation Pause) 3616M->1443M(4096M) 117.185ms
[2209.537s][info][gc,cpu         ] GC(365) User=0.70s Sys=0.00s Real=0.12s
......[2215.104s][info][gc,start       ] GC(366) Pause Young (Mixed) (G1 Evacuation Pause)
[2215.104s][info][gc,task        ] GC(366) Using 6 workers of 6 for evacuation
[2215.238s][info][gc,phases      ] GC(366)   Pre Evacuate Collection Set: 0.42ms
[2215.238s][info][gc,phases      ] GC(366)   Merge Heap Roots: 0.71ms
[2215.238s][info][gc,phases      ] GC(366)   Evacuate Collection Set: 131.68ms
[2215.238s][info][gc,phases      ] GC(366)   Post Evacuate Collection Set: 0.97ms
[2215.238s][info][gc,phases      ] GC(366)   Other: 0.11ms
[2215.238s][info][gc,heap        ] GC(366) Eden regions: 1113->0(1119)
[2215.238s][info][gc,heap        ] GC(366) Survivor regions: 109->109(153)
[2215.238s][info][gc,heap        ] GC(366) Old regions: 534->471
[2215.238s][info][gc,heap        ] GC(366) Humongous regions: 80->80
[2215.238s][info][gc,metaspace   ] GC(366) Metaspace: 28938K(29248K)->28938K(29248K) NonClass: 24054K(24192K)->24054K(24192K) Class: 4883K(5056K)->4883K(5056K)
[2215.238s][info][gc             ] GC(366) Pause Young (Mixed) (G1 Evacuation Pause) 3669M->1316M(4096M) 134.008ms
[2215.238s][info][gc,cpu         ] GC(366) User=0.80s Sys=0.00s Real=0.14s
.....[2220.734s][info][gc,start       ] GC(367) Pause Young (Concurrent Start) (G1 Evacuation Pause)
[2220.734s][info][gc,task        ] GC(367) Using 6 workers of 6 for evacuation
[2220.853s][info][gc,phases      ] GC(367)   Pre Evacuate Collection Set: 0.38ms
[2220.853s][info][gc,phases      ] GC(367)   Merge Heap Roots: 0.51ms
[2220.853s][info][gc,phases      ] GC(367)   Evacuate Collection Set: 116.82ms
[2220.853s][info][gc,phases      ] GC(367)   Post Evacuate Collection Set: 0.87ms
[2220.853s][info][gc,phases      ] GC(367)   Other: 0.12ms
[2220.853s][info][gc,heap        ] GC(367) Eden regions: 1119->0(1119)
[2220.853s][info][gc,heap        ] GC(367) Survivor regions: 109->109(154)
[2220.853s][info][gc,heap        ] GC(367) Old regions: 471->504
[2220.853s][info][gc,heap        ] GC(367) Humongous regions: 80->80
[2220.853s][info][gc,metaspace   ] GC(367) Metaspace: 28938K(29248K)->28938K(29248K) NonClass: 24054K(24192K)->24054K(24192K) Class: 4883K(5056K)->4883K(5056K)
[2220.853s][info][gc             ] GC(367) Pause Young (Concurrent Start) (G1 Evacuation Pause) 3554M->1383M(4096M) 118.850ms
[2220.853s][info][gc             ] GC(368) Concurrent Mark Cycle
[2220.853s][info][gc,marking     ] GC(368) Concurrent Scan Root Regions
[2220.853s][info][gc,cpu         ] GC(367) User=0.71s Sys=0.00s Real=0.11s
[2221.019s][info][gc,marking     ] GC(368) Concurrent Scan Root Regions 165.430ms
[2221.019s][info][gc,marking     ] GC(368) Concurrent Mark
[2221.019s][info][gc,marking     ] GC(368) Concurrent Mark From Roots
[2221.019s][info][gc,task        ] GC(368) Using 2 workers of 2 for marking
.[2221.939s][info][gc,marking     ] GC(368) Concurrent Mark From Roots 919.787ms
[2221.939s][info][gc,marking     ] GC(368) Concurrent Preclean
[2221.939s][info][gc,marking     ] GC(368) Concurrent Preclean 0.053ms
[2221.939s][info][gc,start       ] GC(368) Pause Remark
[2221.943s][info][gc             ] GC(368) Pause Remark 1818M->1818M(4096M) 4.069ms
[2221.943s][info][gc,cpu         ] GC(368) User=0.02s Sys=0.00s Real=0.00s
[2221.943s][info][gc,marking     ] GC(368) Concurrent Mark 924.132ms
[2221.943s][info][gc,marking     ] GC(368) Concurrent Rebuild Remembered Sets and Scrub Regions
. (rIR:aIR:PR = 3321:3320:3321) (tPR = 49241) [OK] 
  2221s: Performance info:
         Transaction,    Success,    Partial,     Failed,   Receipts, AvgBarcode, 
             Overall,     199372,          0,          0,     189419,      59.46, 
         Response times:
             Request,    Success,    Partial,     Failed,   SkipFail,     Probes,    Samples,      min,      p50,      p90,      p95,      p99,      max, 
       TotalPurchase,     189414,          0,          0,          0,     185626,     205241,      300,     2700,     4600,     5900,    24000,   216000,
     InStorePurchase,      99674,          0,          0,          0,      97887,     108131,      300,     2600,     4500,     5800,    24000,   172000,
      OnlinePurchase,      69750,          0,          0,          0,      68461,      75619,      300,     2900,     4700,     6100,    25000,   216000,
        InstPurchase,      19990,          0,          0,          0,      19278,      21491,      400,     2900,     4700,     6100,    25000,   175000,
          AssocOfCat,        196,          0,          0,          0,        142,        219,    21000,    30000,    44000,    56000,   161000,   183000,
      AssocOfProduct,       1989,          0,          0,          0,       1795,       2108,      600,     1800,     4200,     5555,    21000,   137000,
      BusinessReport,        500,          0,          0,          0,        422,        555,    23000,    32000,    50000,    63000,   133000,   190000,
          CustBuyBeh,       1990,          0,          0,          0,       1814,       2156,      200,     2400,     4100,     5200,    18543,   128000,
       ProductReturn,       5278,          0,          0,          0,       4975,       5658,      200,     1400,     3900,     4900,    17364,   172000,

  2221s: (25%)   IR =   3459 [2222.347s][info][gc,marking     ] GC(368) Concurrent Rebuild Remembered Sets and Scrub Regions 403.914ms
[2222.347s][info][gc,start       ] GC(368) Pause Cleanup
[2222.347s][info][gc             ] GC(368) Pause Cleanup 1971M->1971M(4096M) 0.133ms
[2222.347s][info][gc,cpu         ] GC(368) User=0.00s Sys=0.00s Real=0.00s
[2222.347s][info][gc,marking     ] GC(368) Concurrent Clear Claimed Marks
[2222.347s][info][gc,marking     ] GC(368) Concurrent Clear Claimed Marks 0.032ms
[2222.347s][info][gc,marking     ] GC(368) Concurrent Cleanup for Next Mark
[2222.351s][info][gc,marking     ] GC(368) Concurrent Cleanup for Next Mark 3.971ms
[2222.351s][info][gc             ] GC(368) Concurrent Mark Cycle 1497.972ms
....|[2226.388s][info][gc,start       ] GC(369) Pause Young (Prepare Mixed) (G1 Evacuation Pause)
[2226.388s][info][gc,task        ] GC(369) Using 6 workers of 6 for evacuation
[2226.506s][info][gc,phases      ] GC(369)   Pre Evacuate Collection Set: 0.35ms
[2226.506s][info][gc,phases      ] GC(369)   Merge Heap Roots: 0.53ms
[2226.506s][info][gc,phases      ] GC(369)   Evacuate Collection Set: 116.19ms
[2226.506s][info][gc,phases      ] GC(369)   Post Evacuate Collection Set: 0.98ms
[2226.506s][info][gc,phases      ] GC(369)   Other: 0.09ms
[2226.506s][info][gc,heap        ] GC(369) Eden regions: 1119->0(1109)
[2226.506s][info][gc,heap        ] GC(369) Survivor regions: 109->110(154)
[2226.506s][info][gc,heap        ] GC(369) Old regions: 504->536
[2226.506s][info][gc,heap        ] GC(369) Humongous regions: 80->80
[2226.506s][info][gc,metaspace   ] GC(369) Metaspace: 28938K(29248K)->28938K(29248K) NonClass: 24054K(24192K)->24054K(24192K) Class: 4883K(5056K)->4883K(5056K)
[2226.506s][info][gc             ] GC(369) Pause Young (Prepare Mixed) (G1 Evacuation Pause) 3621M->1449M(4096M) 118.283ms
[2226.506s][info][gc,cpu         ] GC(369) User=0.71s Sys=0.00s Real=0.12s
.....[2231.848s][info][gc,start       ] GC(370) Pause Young (Mixed) (G1 Evacuation Pause)
[2231.848s][info][gc,task        ] GC(370) Using 6 workers of 6 for evacuation
[2231.982s][info][gc,phases      ] GC(370)   Pre Evacuate Collection Set: 0.42ms
[2231.982s][info][gc,phases      ] GC(370)   Merge Heap Roots: 0.80ms
[2231.982s][info][gc,phases      ] GC(370)   Evacuate Collection Set: 131.45ms
[2231.982s][info][gc,phases      ] GC(370)   Post Evacuate Collection Set: 0.99ms
[2231.982s][info][gc,phases      ] GC(370)   Other: 0.10ms
[2231.982s][info][gc,heap        ] GC(370) Eden regions: 1109->0(1119)
[2231.982s][info][gc,heap        ] GC(370) Survivor regions: 110->109(153)
[2231.982s][info][gc,heap        ] GC(370) Old regions: 536->472
[2231.982s][info][gc,heap        ] GC(370) Humongous regions: 80->80
[2231.982s][info][gc,metaspace   ] GC(370) Metaspace: 28938K(29248K)->28938K(29248K) NonClass: 24054K(24192K)->24054K(24192K) Class: 4883K(5056K)->4883K(5056K)
[2231.982s][info][gc             ] GC(370) Pause Young (Mixed) (G1 Evacuation Pause) 3667M->1319M(4096M) 133.889ms
[2231.982s][info][gc,cpu         ] GC(370) User=0.79s Sys=0.00s Real=0.13s
......[2237.311s][info][gc,start       ] GC(371) Pause Young (Concurrent Start) (G1 Evacuation Pause)
[2237.311s][info][gc,task        ] GC(371) Using 6 workers of 6 for evacuation
[2237.434s][info][gc,phases      ] GC(371)   Pre Evacuate Collection Set: 0.40ms
[2237.434s][info][gc,phases      ] GC(371)   Merge Heap Roots: 0.51ms
[2237.434s][info][gc,phases      ] GC(371)   Evacuate Collection Set: 121.16ms
[2237.434s][info][gc,phases      ] GC(371)   Post Evacuate Collection Set: 0.92ms
[2237.434s][info][gc,phases      ] GC(371)   Other: 0.11ms
[2237.434s][info][gc,heap        ] GC(371) Eden regions: 1119->0(1115)
[2237.434s][info][gc,heap        ] GC(371) Survivor regions: 109->113(154)
[2237.434s][info][gc,heap        ] GC(371) Old regions: 472->504
[2237.434s][info][gc,heap        ] GC(371) Humongous regions: 80->80
[2237.434s][info][gc,metaspace   ] GC(371) Metaspace: 28938K(29248K)->28938K(29248K) NonClass: 24054K(24192K)->24054K(24192K) Class: 4883K(5056K)->4883K(5056K)
[2237.434s][info][gc             ] GC(371) Pause Young (Concurrent Start) (G1 Evacuation Pause) 3557M->1391M(4096M) 123.251ms
[2237.434s][info][gc             ] GC(372) Concurrent Mark Cycle
[2237.434s][info][gc,marking     ] GC(372) Concurrent Scan Root Regions
[2237.434s][info][gc,cpu         ] GC(371) User=0.73s Sys=0.00s Real=0.12s
[2237.573s][info][gc,marking     ] GC(372) Concurrent Scan Root Regions 139.395ms
[2237.573s][info][gc,marking     ] GC(372) Concurrent Mark
[2237.573s][info][gc,marking     ] GC(372) Concurrent Mark From Roots
[2237.573s][info][gc,task        ] GC(372) Using 2 workers of 2 for marking
.[2238.159s][info][gc,marking     ] GC(372) Concurrent Mark From Roots 585.178ms
[2238.159s][info][gc,marking     ] GC(372) Concurrent Preclean
[2238.159s][info][gc,marking     ] GC(372) Concurrent Preclean 0.074ms
[2238.159s][info][gc,start       ] GC(372) Pause Remark
[2238.162s][info][gc             ] GC(372) Pause Remark 1735M->1735M(4096M) 3.050ms
[2238.162s][info][gc,cpu         ] GC(372) User=0.02s Sys=0.00s Real=0.00s
[2238.163s][info][gc,marking     ] GC(372) Concurrent Mark 589.349ms
[2238.163s][info][gc,marking     ] GC(372) Concurrent Rebuild Remembered Sets and Scrub Regions
[2238.433s][info][gc,marking     ] GC(372) Concurrent Rebuild Remembered Sets and Scrub Regions 270.224ms
[2238.433s][info][gc,start       ] GC(372) Pause Cleanup
[2238.433s][info][gc             ] GC(372) Pause Cleanup 1842M->1842M(4096M) 0.140ms
[2238.433s][info][gc,cpu         ] GC(372) User=0.00s Sys=0.00s Real=0.00s
[2238.433s][info][gc,marking     ] GC(372) Concurrent Clear Claimed Marks
[2238.433s][info][gc,marking     ] GC(372) Concurrent Clear Claimed Marks 0.031ms
[2238.433s][info][gc,marking     ] GC(372) Concurrent Cleanup for Next Mark
[2238.437s][info][gc,marking     ] GC(372) Concurrent Cleanup for Next Mark 3.369ms
[2238.437s][info][gc             ] GC(372) Concurrent Mark Cycle 1002.896ms
....[2242.898s][info][gc,start       ] GC(373) Pause Young (Prepare Mixed) (G1 Evacuation Pause)
[2242.898s][info][gc,task        ] GC(373) Using 6 workers of 6 for evacuation
[2243.015s][info][gc,phases      ] GC(373)   Pre Evacuate Collection Set: 0.34ms
[2243.015s][info][gc,phases      ] GC(373)   Merge Heap Roots: 0.58ms
[2243.015s][info][gc,phases      ] GC(373)   Evacuate Collection Set: 115.17ms
[2243.015s][info][gc,phases      ] GC(373)   Post Evacuate Collection Set: 0.94ms
[2243.015s][info][gc,phases      ] GC(373)   Other: 0.09ms
[2243.015s][info][gc,heap        ] GC(373) Eden regions: 1115->0(1111)
[2243.015s][info][gc,heap        ] GC(373) Survivor regions: 113->109(154)
[2243.015s][info][gc,heap        ] GC(373) Old regions: 504->536
[2243.015s][info][gc,heap        ] GC(373) Humongous regions: 80->80
[2243.015s][info][gc,metaspace   ] GC(373) Metaspace: 28938K(29248K)->28938K(29248K) NonClass: 24054K(24192K)->24054K(24192K) Class: 4883K(5056K)->4883K(5056K)
[2243.015s][info][gc             ] GC(373) Pause Young (Prepare Mixed) (G1 Evacuation Pause) 3621M->1447M(4096M) 117.257ms
[2243.015s][info][gc,cpu         ] GC(373) User=0.70s Sys=0.00s Real=0.12s
......[2248.239s][info][gc,start       ] GC(374) Pause Young (Mixed) (G1 Evacuation Pause)
[2248.239s][info][gc,task        ] GC(374) Using 6 workers of 6 for evacuation
[2248.369s][info][gc,phases      ] GC(374)   Pre Evacuate Collection Set: 0.37ms
[2248.369s][info][gc,phases      ] GC(374)   Merge Heap Roots: 0.68ms
[2248.369s][info][gc,phases      ] GC(374)   Evacuate Collection Set: 128.45ms
[2248.369s][info][gc,phases      ] GC(374)   Post Evacuate Collection Set: 0.95ms
[2248.369s][info][gc,phases      ] GC(374)   Other: 0.09ms
[2248.369s][info][gc,heap        ] GC(374) Eden regions: 1111->0(1119)
[2248.369s][info][gc,heap        ] GC(374) Survivor regions: 109->109(153)
[2248.369s][info][gc,heap        ] GC(374) Old regions: 536->471
[2248.369s][info][gc,heap        ] GC(374) Humongous regions: 80->80
[2248.369s][info][gc,metaspace   ] GC(374) Metaspace: 28938K(29248K)->28938K(29248K) NonClass: 24054K(24192K)->24054K(24192K) Class: 4883K(5056K)->4883K(5056K)
[2248.369s][info][gc             ] GC(374) Pause Young (Mixed) (G1 Evacuation Pause) 3669M->1317M(4096M) 130.656ms
[2248.369s][info][gc,cpu         ] GC(374) User=0.78s Sys=0.00s Real=0.13s
.....[2253.682s][info][gc,start       ] GC(375) Pause Young (Concurrent Start) (G1 Evacuation Pause)
[2253.682s][info][gc,task        ] GC(375) Using 6 workers of 6 for evacuation
[2253.802s][info][gc,phases      ] GC(375)   Pre Evacuate Collection Set: 0.38ms
[2253.802s][info][gc,phases      ] GC(375)   Merge Heap Roots: 0.54ms
[2253.802s][info][gc,phases      ] GC(375)   Evacuate Collection Set: 117.46ms
[2253.802s][info][gc,phases      ] GC(375)   Post Evacuate Collection Set: 0.93ms
[2253.802s][info][gc,phases      ] GC(375)   Other: 0.10ms
[2253.802s][info][gc,heap        ] GC(375) Eden regions: 1119->0(1120)
[2253.802s][info][gc,heap        ] GC(375) Survivor regions: 109->108(154)
[2253.802s][info][gc,heap        ] GC(375) Old regions: 471->504
[2253.802s][info][gc,heap        ] GC(375) Humongous regions: 80->80
[2253.802s][info][gc,metaspace   ] GC(375) Metaspace: 28938K(29248K)->28938K(29248K) NonClass: 24054K(24192K)->24054K(24192K) Class: 4883K(5056K)->4883K(5056K)
[2253.802s][info][gc             ] GC(375) Pause Young (Concurrent Start) (G1 Evacuation Pause) 3555M->1382M(4096M) 119.559ms
[2253.802s][info][gc             ] GC(376) Concurrent Mark Cycle
[2253.802s][info][gc,marking     ] GC(376) Concurrent Scan Root Regions
[2253.802s][info][gc,cpu         ] GC(375) User=0.71s Sys=0.00s Real=0.12s
[2253.936s][info][gc,marking     ] GC(376) Concurrent Scan Root Regions 133.822ms
[2253.936s][info][gc,marking     ] GC(376) Concurrent Mark
[2253.936s][info][gc,marking     ] GC(376) Concurrent Mark From Roots
[2253.936s][info][gc,task        ] GC(376) Using 2 workers of 2 for marking
.[2254.522s][info][gc,marking     ] GC(376) Concurrent Mark From Roots 585.918ms
[2254.522s][info][gc,marking     ] GC(376) Concurrent Preclean
[2254.522s][info][gc,marking     ] GC(376) Concurrent Preclean 0.071ms
[2254.522s][info][gc,start       ] GC(376) Pause Remark
[2254.525s][info][gc             ] GC(376) Pause Remark 1721M->1721M(4096M) 3.071ms
[2254.525s][info][gc,cpu         ] GC(376) User=0.02s Sys=0.00s Real=0.01s
[2254.525s][info][gc,marking     ] GC(376) Concurrent Mark 589.507ms
[2254.525s][info][gc,marking     ] GC(376) Concurrent Rebuild Remembered Sets and Scrub Regions
[2254.782s][info][gc,marking     ] GC(376) Concurrent Rebuild Remembered Sets and Scrub Regions 256.677ms
[2254.782s][info][gc,start       ] GC(376) Pause Cleanup
[2254.782s][info][gc             ] GC(376) Pause Cleanup 1834M->1834M(4096M) 0.132ms
[2254.782s][info][gc,cpu         ] GC(376) User=0.00s Sys=0.00s Real=0.00s
[2254.782s][info][gc,marking     ] GC(376) Concurrent Clear Claimed Marks
[2254.782s][info][gc,marking     ] GC(376) Concurrent Clear Claimed Marks 0.038ms
[2254.782s][info][gc,marking     ] GC(376) Concurrent Cleanup for Next Mark
[2254.786s][info][gc,marking     ] GC(376) Concurrent Cleanup for Next Mark 3.555ms
[2254.786s][info][gc             ] GC(376) Concurrent Mark Cycle 984.101ms
.....[2259.189s][info][gc,start       ] GC(377) Pause Young (Prepare Mixed) (G1 Evacuation Pause)
[2259.189s][info][gc,task        ] GC(377) Using 6 workers of 6 for evacuation
[2259.306s][info][gc,phases      ] GC(377)   Pre Evacuate Collection Set: 0.35ms
[2259.306s][info][gc,phases      ] GC(377)   Merge Heap Roots: 0.57ms
[2259.306s][info][gc,phases      ] GC(377)   Evacuate Collection Set: 115.27ms
[2259.306s][info][gc,phases      ] GC(377)   Post Evacuate Collection Set: 0.94ms
[2259.306s][info][gc,phases      ] GC(377)   Other: 0.08ms
[2259.306s][info][gc,heap        ] GC(377) Eden regions: 1120->0(1112)
[2259.306s][info][gc,heap        ] GC(377) Survivor regions: 108->109(154)
[2259.306s][info][gc,heap        ] GC(377) Old regions: 504->535
[2259.306s][info][gc,heap        ] GC(377) Humongous regions: 80->80
[2259.306s][info][gc,metaspace   ] GC(377) Metaspace: 28938K(29248K)->28938K(29248K) NonClass: 24054K(24192K)->24054K(24192K) Class: 4883K(5056K)->4883K(5056K)
[2259.306s][info][gc             ] GC(377) Pause Young (Prepare Mixed) (G1 Evacuation Pause) 3622M->1445M(4096M) 117.336ms
[2259.306s][info][gc,cpu         ] GC(377) User=0.70s Sys=0.00s Real=0.12s
.....[2264.687s][info][gc,start       ] GC(378) Pause Young (Mixed) (G1 Evacuation Pause)
[2264.687s][info][gc,task        ] GC(378) Using 6 workers of 6 for evacuation
[2264.818s][info][gc,phases      ] GC(378)   Pre Evacuate Collection Set: 0.36ms
[2264.818s][info][gc,phases      ] GC(378)   Merge Heap Roots: 0.66ms
[2264.818s][info][gc,phases      ] GC(378)   Evacuate Collection Set: 128.76ms
[2264.818s][info][gc,phases      ] GC(378)   Post Evacuate Collection Set: 0.97ms
[2264.818s][info][gc,phases      ] GC(378)   Other: 0.09ms
[2264.818s][info][gc,heap        ] GC(378) Eden regions: 1112->0(1120)
[2264.818s][info][gc,heap        ] GC(378) Survivor regions: 109->108(153)
[2264.818s][info][gc,heap        ] GC(378) Old regions: 535->472
[2264.818s][info][gc,heap        ] GC(378) Humongous regions: 80->80
[2264.818s][info][gc,metaspace   ] GC(378) Metaspace: 28938K(29248K)->28938K(29248K) NonClass: 24054K(24192K)->24054K(24192K) Class: 4883K(5056K)->4883K(5056K)
[2264.818s][info][gc             ] GC(378) Pause Young (Mixed) (G1 Evacuation Pause) 3669M->1316M(4096M) 131.008ms
[2264.818s][info][gc,cpu         ] GC(378) User=0.78s Sys=0.00s Real=0.13s
.....[2270.101s][info][gc,start       ] GC(379) Pause Young (Concurrent Start) (G1 Evacuation Pause)
[2270.101s][info][gc,task        ] GC(379) Using 6 workers of 6 for evacuation
[2270.219s][info][gc,phases      ] GC(379)   Pre Evacuate Collection Set: 0.39ms
[2270.219s][info][gc,phases      ] GC(379)   Merge Heap Roots: 0.49ms
[2270.219s][info][gc,phases      ] GC(379)   Evacuate Collection Set: 115.32ms
[2270.219s][info][gc,phases      ] GC(379)   Post Evacuate Collection Set: 0.89ms
[2270.219s][info][gc,phases      ] GC(379)   Other: 0.12ms
[2270.219s][info][gc,heap        ] GC(379) Eden regions: 1120->0(1119)
[2270.219s][info][gc,heap        ] GC(379) Survivor regions: 108->109(154)
[2270.219s][info][gc,heap        ] GC(379) Old regions: 472->504
[2270.219s][info][gc,heap        ] GC(379) Humongous regions: 80->80
[2270.219s][info][gc,metaspace   ] GC(379) Metaspace: 28938K(29248K)->28938K(29248K) NonClass: 24054K(24192K)->24054K(24192K) Class: 4883K(5056K)->4883K(5056K)
[2270.219s][info][gc             ] GC(379) Pause Young (Concurrent Start) (G1 Evacuation Pause) 3556M->1383M(4096M) 117.351ms
[2270.219s][info][gc             ] GC(380) Concurrent Mark Cycle
[2270.219s][info][gc,marking     ] GC(380) Concurrent Scan Root Regions
[2270.219s][info][gc,cpu         ] GC(379) User=0.70s Sys=0.00s Real=0.12s
.[2270.356s][info][gc,marking     ] GC(380) Concurrent Scan Root Regions 136.812ms
[2270.356s][info][gc,marking     ] GC(380) Concurrent Mark
[2270.356s][info][gc,marking     ] GC(380) Concurrent Mark From Roots
[2270.356s][info][gc,task        ] GC(380) Using 2 workers of 2 for marking
[2270.936s][info][gc,marking     ] GC(380) Concurrent Mark From Roots 579.886ms
[2270.936s][info][gc,marking     ] GC(380) Concurrent Preclean
[2270.936s][info][gc,marking     ] GC(380) Concurrent Preclean 0.073ms
[2270.936s][info][gc,start       ] GC(380) Pause Remark
[2270.940s][info][gc             ] GC(380) Pause Remark 1691M->1691M(4096M) 3.399ms
[2270.940s][info][gc,cpu         ] GC(380) User=0.02s Sys=0.00s Real=0.00s
[2270.941s][info][gc,marking     ] GC(380) Concurrent Mark 585.721ms
[2270.941s][info][gc,marking     ] GC(380) Concurrent Rebuild Remembered Sets and Scrub Regions
[2271.160s][info][gc,marking     ] GC(380) Concurrent Rebuild Remembered Sets and Scrub Regions 218.103ms
[2271.160s][info][gc,start       ] GC(380) Pause Cleanup
[2271.160s][info][gc             ] GC(380) Pause Cleanup 1768M->1768M(4096M) 0.139ms
[2271.160s][info][gc,cpu         ] GC(380) User=0.00s Sys=0.00s Real=0.00s
[2271.160s][info][gc,marking     ] GC(380) Concurrent Clear Claimed Marks
[2271.160s][info][gc,marking     ] GC(380) Concurrent Clear Claimed Marks 0.031ms
[2271.160s][info][gc,marking     ] GC(380) Concurrent Cleanup for Next Mark
[2271.164s][info][gc,marking     ] GC(380) Concurrent Cleanup for Next Mark 3.593ms
[2271.164s][info][gc             ] GC(380) Concurrent Mark Cycle 944.861ms
.....[2275.672s][info][gc,start       ] GC(381) Pause Young (Prepare Mixed) (G1 Evacuation Pause)
[2275.672s][info][gc,task        ] GC(381) Using 6 workers of 6 for evacuation
[2275.791s][info][gc,phases      ] GC(381)   Pre Evacuate Collection Set: 0.41ms
[2275.791s][info][gc,phases      ] GC(381)   Merge Heap Roots: 0.60ms
[2275.791s][info][gc,phases      ] GC(381)   Evacuate Collection Set: 116.82ms
[2275.791s][info][gc,phases      ] GC(381)   Post Evacuate Collection Set: 0.96ms
[2275.791s][info][gc,phases      ] GC(381)   Other: 0.09ms
[2275.791s][info][gc,heap        ] GC(381) Eden regions: 1119->0(1109)
[2275.791s][info][gc,heap        ] GC(381) Survivor regions: 109->110(154)
[2275.791s][info][gc,heap        ] GC(381) Old regions: 504->536
[2275.791s][info][gc,heap        ] GC(381) Humongous regions: 80->80
[2275.791s][info][gc,metaspace   ] GC(381) Metaspace: 28938K(29248K)->28938K(29248K) NonClass: 24054K(24192K)->24054K(24192K) Class: 4883K(5056K)->4883K(5056K)
[2275.791s][info][gc             ] GC(381) Pause Young (Prepare Mixed) (G1 Evacuation Pause) 3621M->1450M(4096M) 119.033ms
[2275.791s][info][gc,cpu         ] GC(381) User=0.71s Sys=0.00s Real=0.12s
.....[2281.095s][info][gc,start       ] GC(382) Pause Young (Mixed) (G1 Evacuation Pause)
[2281.095s][info][gc,task        ] GC(382) Using 6 workers of 6 for evacuation
[2281.228s][info][gc,phases      ] GC(382)   Pre Evacuate Collection Set: 0.41ms
[2281.228s][info][gc,phases      ] GC(382)   Merge Heap Roots: 0.66ms
[2281.228s][info][gc,phases      ] GC(382)   Evacuate Collection Set: 131.35ms
[2281.228s][info][gc,phases      ] GC(382)   Post Evacuate Collection Set: 0.96ms
[2281.228s][info][gc,phases      ] GC(382)   Other: 0.09ms
[2281.228s][info][gc,heap        ] GC(382) Eden regions: 1109->0(1117)
[2281.228s][info][gc,heap        ] GC(382) Survivor regions: 110->111(153)
[2281.228s][info][gc,heap        ] GC(382) Old regions: 536->472
[2281.228s][info][gc,heap        ] GC(382) Humongous regions: 80->80
[2281.228s][info][gc,metaspace   ] GC(382) Metaspace: 28938K(29248K)->28938K(29248K) NonClass: 24054K(24192K)->24054K(24192K) Class: 4883K(5056K)->4883K(5056K)
[2281.228s][info][gc             ] GC(382) Pause Young (Mixed) (G1 Evacuation Pause) 3668M->1323M(4096M) 133.609ms
[2281.228s][info][gc,cpu         ] GC(382) User=0.79s Sys=0.01s Real=0.13s
...... (rIR:aIR:PR = 3459:3458:3458) (tPR = 51490) [OK] 
  2286s: Performance info:
         Transaction,    Success,    Partial,     Failed,   Receipts, AvgBarcode, 
             Overall,     207917,          0,          0,     197505,      59.47, 
         Response times:
             Request,    Success,    Partial,     Failed,   SkipFail,     Probes,    Samples,      min,      p50,      p90,      p95,      p99,      max, 
       TotalPurchase,     197505,          0,          0,          0,     193516,     207431,      300,     2800,     4500,     5500,    28000,   180000,
     InStorePurchase,     103972,          0,          0,          0,     102281,     109314,      300,     2800,     4500,     5500,    29000,   180000,
      OnlinePurchase,      72722,          0,          0,          0,      71093,      76145,      300,     2600,     4400,     5400,    27540,   180000,
        InstPurchase,      20811,          0,          0,          0,      20142,      21972,      400,     3100,     4700,     5900,    28270,   180000,
          AssocOfCat,        207,          0,          0,          0,        145,        212,    21000,    29000,    35000,    39350,    58000,   109000,
      AssocOfProduct,       2091,          0,          0,          0,       1867,       2129,      200,     1700,     3000,     3500,    11980,   137000,
      BusinessReport,        517,          0,          0,          0,        431,        575,    24000,    34000,    47400,    62600,   172200,   200000,
          CustBuyBeh,       2076,          0,          0,          0,       1917,       2226,      300,     2300,     4300,     5165,    38920,   139000,
       ProductReturn,       5521,          0,          0,          0,       5229,       5835,      200,     3300,     4700,     5900,    22000,   139000,

  2286s: (26%)   IR =   3598 [2286.522s][info][gc,start       ] GC(383) Pause Young (Concurrent Start) (G1 Evacuation Pause)
[2286.522s][info][gc,task        ] GC(383) Using 6 workers of 6 for evacuation
[2286.642s][info][gc,phases      ] GC(383)   Pre Evacuate Collection Set: 0.46ms
[2286.642s][info][gc,phases      ] GC(383)   Merge Heap Roots: 0.52ms
[2286.642s][info][gc,phases      ] GC(383)   Evacuate Collection Set: 118.48ms
[2286.642s][info][gc,phases      ] GC(383)   Post Evacuate Collection Set: 0.92ms
[2286.642s][info][gc,phases      ] GC(383)   Other: 0.13ms
[2286.642s][info][gc,heap        ] GC(383) Eden regions: 1117->0(1117)
[2286.643s][info][gc,heap        ] GC(383) Survivor regions: 111->111(154)
[2286.643s][info][gc,heap        ] GC(383) Old regions: 472->506
[2286.643s][info][gc,heap        ] GC(383) Humongous regions: 80->80
[2286.643s][info][gc,metaspace   ] GC(383) Metaspace: 28938K(29248K)->28938K(29248K) NonClass: 24054K(24192K)->24054K(24192K) Class: 4883K(5056K)->4883K(5056K)
[2286.643s][info][gc             ] GC(383) Pause Young (Concurrent Start) (G1 Evacuation Pause) 3557M->1390M(4096M) 120.646ms
[2286.643s][info][gc             ] GC(384) Concurrent Mark Cycle
[2286.643s][info][gc,marking     ] GC(384) Concurrent Scan Root Regions
[2286.643s][info][gc,cpu         ] GC(383) User=0.72s Sys=0.00s Real=0.12s
[2286.780s][info][gc,marking     ] GC(384) Concurrent Scan Root Regions 136.988ms
[2286.780s][info][gc,marking     ] GC(384) Concurrent Mark
[2286.780s][info][gc,marking     ] GC(384) Concurrent Mark From Roots
[2286.780s][info][gc,task        ] GC(384) Using 2 workers of 2 for marking
.[2287.355s][info][gc,marking     ] GC(384) Concurrent Mark From Roots 574.983ms
[2287.355s][info][gc,marking     ] GC(384) Concurrent Preclean
[2287.355s][info][gc,marking     ] GC(384) Concurrent Preclean 0.057ms
[2287.355s][info][gc,start       ] GC(384) Pause Remark
[2287.358s][info][gc             ] GC(384) Pause Remark 1725M->1725M(4096M) 3.433ms
[2287.358s][info][gc,cpu         ] GC(384) User=0.02s Sys=0.00s Real=0.00s
[2287.358s][info][gc,marking     ] GC(384) Concurrent Mark 578.737ms
[2287.358s][info][gc,marking     ] GC(384) Concurrent Rebuild Remembered Sets and Scrub Regions
[2287.709s][info][gc,marking     ] GC(384) Concurrent Rebuild Remembered Sets and Scrub Regions 350.647ms
[2287.709s][info][gc,start       ] GC(384) Pause Cleanup
[2287.709s][info][gc             ] GC(384) Pause Cleanup 1864M->1864M(4096M) 0.141ms
[2287.709s][info][gc,cpu         ] GC(384) User=0.00s Sys=0.00s Real=0.00s
[2287.709s][info][gc,marking     ] GC(384) Concurrent Clear Claimed Marks
[2287.709s][info][gc,marking     ] GC(384) Concurrent Clear Claimed Marks 0.032ms
[2287.709s][info][gc,marking     ] GC(384) Concurrent Cleanup for Next Mark
[2287.714s][info][gc,marking     ] GC(384) Concurrent Cleanup for Next Mark 4.524ms
[2287.714s][info][gc             ] GC(384) Concurrent Mark Cycle 1071.457ms
....|[2291.887s][info][gc,start       ] GC(385) Pause Young (Prepare Mixed) (G1 Evacuation Pause)
[2291.887s][info][gc,task        ] GC(385) Using 6 workers of 6 for evacuation
[2292.007s][info][gc,phases      ] GC(385)   Pre Evacuate Collection Set: 0.33ms
[2292.007s][info][gc,phases      ] GC(385)   Merge Heap Roots: 0.58ms
[2292.007s][info][gc,phases      ] GC(385)   Evacuate Collection Set: 117.48ms
[2292.007s][info][gc,phases      ] GC(385)   Post Evacuate Collection Set: 0.97ms
[2292.007s][info][gc,phases      ] GC(385)   Other: 0.09ms
[2292.007s][info][gc,heap        ] GC(385) Eden regions: 1117->0(1105)
[2292.007s][info][gc,heap        ] GC(385) Survivor regions: 111->111(154)
[2292.007s][info][gc,heap        ] GC(385) Old regions: 506->538
[2292.007s][info][gc,heap        ] GC(385) Humongous regions: 80->80
[2292.007s][info][gc,metaspace   ] GC(385) Metaspace: 28938K(29248K)->28938K(29248K) NonClass: 24054K(24192K)->24054K(24192K) Class: 4883K(5056K)->4883K(5056K)
[2292.007s][info][gc             ] GC(385) Pause Young (Prepare Mixed) (G1 Evacuation Pause) 3624M->1454M(4096M) 119.582ms
[2292.007s][info][gc,cpu         ] GC(385) User=0.71s Sys=0.00s Real=0.12s
.....[2297.044s][info][gc,start       ] GC(386) Pause Young (Mixed) (G1 Evacuation Pause)
[2297.044s][info][gc,task        ] GC(386) Using 6 workers of 6 for evacuation
[2297.178s][info][gc,phases      ] GC(386)   Pre Evacuate Collection Set: 0.41ms
[2297.178s][info][gc,phases      ] GC(386)   Merge Heap Roots: 0.78ms
[2297.178s][info][gc,phases      ] GC(386)   Evacuate Collection Set: 131.60ms
[2297.178s][info][gc,phases      ] GC(386)   Post Evacuate Collection Set: 0.99ms
[2297.178s][info][gc,phases      ] GC(386)   Other: 0.10ms
[2297.178s][info][gc,heap        ] GC(386) Eden regions: 1105->0(1117)
[2297.178s][info][gc,heap        ] GC(386) Survivor regions: 111->111(152)
[2297.178s][info][gc,heap        ] GC(386) Old regions: 538->473
[2297.178s][info][gc,heap        ] GC(386) Humongous regions: 80->80
[2297.178s][info][gc,metaspace   ] GC(386) Metaspace: 28938K(29248K)->28938K(29248K) NonClass: 24054K(24192K)->24054K(24192K) Class: 4883K(5056K)->4883K(5056K)
[2297.178s][info][gc             ] GC(386) Pause Young (Mixed) (G1 Evacuation Pause) 3664M->1325M(4096M) 134.020ms
[2297.178s][info][gc,cpu         ] GC(386) User=0.80s Sys=0.00s Real=0.14s
......[2302.362s][info][gc,start       ] GC(387) Pause Young (Concurrent Start) (G1 Evacuation Pause)
[2302.362s][info][gc,task        ] GC(387) Using 6 workers of 6 for evacuation
[2302.479s][info][gc,phases      ] GC(387)   Pre Evacuate Collection Set: 0.43ms
[2302.479s][info][gc,phases      ] GC(387)   Merge Heap Roots: 0.51ms
[2302.479s][info][gc,phases      ] GC(387)   Evacuate Collection Set: 114.96ms
[2302.479s][info][gc,phases      ] GC(387)   Post Evacuate Collection Set: 0.93ms
[2302.479s][info][gc,phases      ] GC(387)   Other: 0.12ms
[2302.479s][info][gc,heap        ] GC(387) Eden regions: 1117->0(1119)
[2302.479s][info][gc,heap        ] GC(387) Survivor regions: 111->109(154)
[2302.479s][info][gc,heap        ] GC(387) Old regions: 473->506
[2302.479s][info][gc,heap        ] GC(387) Humongous regions: 80->80
[2302.479s][info][gc,metaspace   ] GC(387) Metaspace: 28948K(29248K)->28948K(29248K) NonClass: 24064K(24192K)->24064K(24192K) Class: 4883K(5056K)->4883K(5056K)
[2302.479s][info][gc             ] GC(387) Pause Young (Concurrent Start) (G1 Evacuation Pause) 3559M->1388M(4096M) 117.086ms
[2302.479s][info][gc             ] GC(388) Concurrent Mark Cycle
[2302.479s][info][gc,marking     ] GC(388) Concurrent Scan Root Regions
[2302.479s][info][gc,cpu         ] GC(387) User=0.70s Sys=0.00s Real=0.12s
[2302.617s][info][gc,marking     ] GC(388) Concurrent Scan Root Regions 137.834ms
[2302.617s][info][gc,marking     ] GC(388) Concurrent Mark
[2302.617s][info][gc,marking     ] GC(388) Concurrent Mark From Roots
[2302.617s][info][gc,task        ] GC(388) Using 2 workers of 2 for marking
[2303.213s][info][gc,marking     ] GC(388) Concurrent Mark From Roots 596.006ms
[2303.213s][info][gc,marking     ] GC(388) Concurrent Preclean
[2303.213s][info][gc,marking     ] GC(388) Concurrent Preclean 0.039ms
[2303.213s][info][gc,start       ] GC(388) Pause Remark
[2303.217s][info][gc             ] GC(388) Pause Remark 1764M->1764M(4096M) 3.546ms
[2303.217s][info][gc,cpu         ] GC(388) User=0.02s Sys=0.00s Real=0.01s
[2303.217s][info][gc,marking     ] GC(388) Concurrent Mark 599.828ms
[2303.217s][info][gc,marking     ] GC(388) Concurrent Rebuild Remembered Sets and Scrub Regions
.[2303.472s][info][gc,marking     ] GC(388) Concurrent Rebuild Remembered Sets and Scrub Regions 255.226ms
[2303.472s][info][gc,start       ] GC(388) Pause Cleanup
[2303.472s][info][gc             ] GC(388) Pause Cleanup 1886M->1886M(4096M) 0.125ms
[2303.472s][info][gc,cpu         ] GC(388) User=0.00s Sys=0.00s Real=0.00s
[2303.472s][info][gc,marking     ] GC(388) Concurrent Clear Claimed Marks
[2303.472s][info][gc,marking     ] GC(388) Concurrent Clear Claimed Marks 0.025ms
[2303.472s][info][gc,marking     ] GC(388) Concurrent Cleanup for Next Mark
[2303.476s][info][gc,marking     ] GC(388) Concurrent Cleanup for Next Mark 3.239ms
[2303.476s][info][gc             ] GC(388) Concurrent Mark Cycle 996.589ms
....[2307.567s][info][gc,start       ] GC(389) Pause Young (Prepare Mixed) (G1 Evacuation Pause)
[2307.567s][info][gc,task        ] GC(389) Using 6 workers of 6 for evacuation
[2307.684s][info][gc,phases      ] GC(389)   Pre Evacuate Collection Set: 0.34ms
[2307.684s][info][gc,phases      ] GC(389)   Merge Heap Roots: 0.57ms
[2307.684s][info][gc,phases      ] GC(389)   Evacuate Collection Set: 115.93ms
[2307.685s][info][gc,phases      ] GC(389)   Post Evacuate Collection Set: 0.94ms
[2307.685s][info][gc,phases      ] GC(389)   Other: 0.10ms
[2307.685s][info][gc,heap        ] GC(389) Eden regions: 1119->0(1109)
[2307.685s][info][gc,heap        ] GC(389) Survivor regions: 109->109(154)
[2307.685s][info][gc,heap        ] GC(389) Old regions: 506->538
[2307.685s][info][gc,heap        ] GC(389) Humongous regions: 80->80
[2307.685s][info][gc,metaspace   ] GC(389) Metaspace: 28948K(29248K)->28948K(29248K) NonClass: 24064K(24192K)->24064K(24192K) Class: 4883K(5056K)->4883K(5056K)
[2307.685s][info][gc             ] GC(389) Pause Young (Prepare Mixed) (G1 Evacuation Pause) 3626M->1451M(4096M) 118.006ms
[2307.685s][info][gc,cpu         ] GC(389) User=0.70s Sys=0.00s Real=0.12s
.....[2312.770s][info][gc,start       ] GC(390) Pause Young (Mixed) (G1 Evacuation Pause)
[2312.770s][info][gc,task        ] GC(390) Using 6 workers of 6 for evacuation
[2312.902s][info][gc,phases      ] GC(390)   Pre Evacuate Collection Set: 0.39ms
[2312.902s][info][gc,phases      ] GC(390)   Merge Heap Roots: 0.85ms
[2312.902s][info][gc,phases      ] GC(390)   Evacuate Collection Set: 130.23ms
[2312.902s][info][gc,phases      ] GC(390)   Post Evacuate Collection Set: 1.00ms
[2312.902s][info][gc,phases      ] GC(390)   Other: 0.10ms
[2312.902s][info][gc,heap        ] GC(390) Eden regions: 1109->0(1121)
[2312.902s][info][gc,heap        ] GC(390) Survivor regions: 109->107(153)
[2312.902s][info][gc,heap        ] GC(390) Old regions: 538->473
[2312.902s][info][gc,heap        ] GC(390) Humongous regions: 80->80
[2312.902s][info][gc,metaspace   ] GC(390) Metaspace: 28948K(29248K)->28948K(29248K) NonClass: 24064K(24192K)->24064K(24192K) Class: 4883K(5056K)->4883K(5056K)
[2312.902s][info][gc             ] GC(390) Pause Young (Mixed) (G1 Evacuation Pause) 3669M->1317M(4096M) 132.712ms
[2312.902s][info][gc,cpu         ] GC(390) User=0.79s Sys=0.00s Real=0.13s
.....[2318.024s][info][gc,start       ] GC(391) Pause Young (Concurrent Start) (G1 Evacuation Pause)
[2318.025s][info][gc,task        ] GC(391) Using 6 workers of 6 for evacuation
[2318.141s][info][gc,phases      ] GC(391)   Pre Evacuate Collection Set: 0.38ms
[2318.141s][info][gc,phases      ] GC(391)   Merge Heap Roots: 0.49ms
[2318.141s][info][gc,phases      ] GC(391)   Evacuate Collection Set: 114.17ms
[2318.141s][info][gc,phases      ] GC(391)   Post Evacuate Collection Set: 0.90ms
[2318.141s][info][gc,phases      ] GC(391)   Other: 0.11ms
[2318.141s][info][gc,heap        ] GC(391) Eden regions: 1121->0(1119)
[2318.141s][info][gc,heap        ] GC(391) Survivor regions: 107->109(154)
[2318.141s][info][gc,heap        ] GC(391) Old regions: 473->505
[2318.141s][info][gc,heap        ] GC(391) Humongous regions: 80->80
[2318.141s][info][gc,metaspace   ] GC(391) Metaspace: 28948K(29248K)->28948K(29248K) NonClass: 24064K(24192K)->24064K(24192K) Class: 4883K(5056K)->4883K(5056K)
[2318.141s][info][gc             ] GC(391) Pause Young (Concurrent Start) (G1 Evacuation Pause) 3559M->1384M(4096M) 116.182ms
[2318.141s][info][gc             ] GC(392) Concurrent Mark Cycle
[2318.141s][info][gc,marking     ] GC(392) Concurrent Scan Root Regions
[2318.141s][info][gc,cpu         ] GC(391) User=0.69s Sys=0.00s Real=0.11s
[2318.273s][info][gc,marking     ] GC(392) Concurrent Scan Root Regions 132.465ms
[2318.273s][info][gc,marking     ] GC(392) Concurrent Mark
[2318.273s][info][gc,marking     ] GC(392) Concurrent Mark From Roots
[2318.273s][info][gc,task        ] GC(392) Using 2 workers of 2 for marking
.[2318.859s][info][gc,marking     ] GC(392) Concurrent Mark From Roots 585.758ms
[2318.859s][info][gc,marking     ] GC(392) Concurrent Preclean
[2318.859s][info][gc,marking     ] GC(392) Concurrent Preclean 0.042ms
[2318.859s][info][gc,start       ] GC(392) Pause Remark
[2318.863s][info][gc             ] GC(392) Pause Remark 1735M->1735M(4096M) 3.566ms
[2318.863s][info][gc,cpu         ] GC(392) User=0.02s Sys=0.00s Real=0.00s
[2318.863s][info][gc,marking     ] GC(392) Concurrent Mark 589.617ms
[2318.863s][info][gc,marking     ] GC(392) Concurrent Rebuild Remembered Sets and Scrub Regions
[2319.084s][info][gc,marking     ] GC(392) Concurrent Rebuild Remembered Sets and Scrub Regions 220.976ms
[2319.084s][info][gc,start       ] GC(392) Pause Cleanup
[2319.084s][info][gc             ] GC(392) Pause Cleanup 1820M->1820M(4096M) 0.125ms
[2319.084s][info][gc,cpu         ] GC(392) User=0.00s Sys=0.00s Real=0.00s
[2319.084s][info][gc,marking     ] GC(392) Concurrent Clear Claimed Marks
[2319.084s][info][gc,marking     ] GC(392) Concurrent Clear Claimed Marks 0.034ms
[2319.084s][info][gc,marking     ] GC(392) Concurrent Cleanup for Next Mark
[2319.088s][info][gc,marking     ] GC(392) Concurrent Cleanup for Next Mark 3.563ms
[2319.088s][info][gc             ] GC(392) Concurrent Mark Cycle 947.121ms
.....[2323.312s][info][gc,start       ] GC(393) Pause Young (Prepare Mixed) (G1 Evacuation Pause)
[2323.312s][info][gc,task        ] GC(393) Using 6 workers of 6 for evacuation
[2323.430s][info][gc,phases      ] GC(393)   Pre Evacuate Collection Set: 0.37ms
[2323.430s][info][gc,phases      ] GC(393)   Merge Heap Roots: 0.62ms
[2323.430s][info][gc,phases      ] GC(393)   Evacuate Collection Set: 115.56ms
[2323.430s][info][gc,phases      ] GC(393)   Post Evacuate Collection Set: 0.94ms
[2323.430s][info][gc,phases      ] GC(393)   Other: 0.09ms
[2323.430s][info][gc,heap        ] GC(393) Eden regions: 1119->0(1111)
[2323.430s][info][gc,heap        ] GC(393) Survivor regions: 109->109(154)
[2323.430s][info][gc,heap        ] GC(393) Old regions: 505->536
[2323.430s][info][gc,heap        ] GC(393) Humongous regions: 80->80
[2323.430s][info][gc,metaspace   ] GC(393) Metaspace: 28948K(29248K)->28948K(29248K) NonClass: 24064K(24192K)->24064K(24192K) Class: 4883K(5056K)->4883K(5056K)
[2323.430s][info][gc             ] GC(393) Pause Young (Prepare Mixed) (G1 Evacuation Pause) 3622M->1447M(4096M) 117.707ms
[2323.430s][info][gc,cpu         ] GC(393) User=0.70s Sys=0.00s Real=0.12s
.....[2328.576s][info][gc,start       ] GC(394) Pause Young (Mixed) (G1 Evacuation Pause)
[2328.576s][info][gc,task        ] GC(394) Using 6 workers of 6 for evacuation
[2328.709s][info][gc,phases      ] GC(394)   Pre Evacuate Collection Set: 0.41ms
[2328.709s][info][gc,phases      ] GC(394)   Merge Heap Roots: 0.69ms
[2328.709s][info][gc,phases      ] GC(394)   Evacuate Collection Set: 131.02ms
[2328.709s][info][gc,phases      ] GC(394)   Post Evacuate Collection Set: 0.97ms
[2328.709s][info][gc,phases      ] GC(394)   Other: 0.09ms
[2328.709s][info][gc,heap        ] GC(394) Eden regions: 1111->0(1118)
[2328.709s][info][gc,heap        ] GC(394) Survivor regions: 109->110(153)
[2328.709s][info][gc,heap        ] GC(394) Old regions: 536->472
[2328.709s][info][gc,heap        ] GC(394) Humongous regions: 80->80
[2328.709s][info][gc,metaspace   ] GC(394) Metaspace: 28948K(29248K)->28948K(29248K) NonClass: 24064K(24192K)->24064K(24192K) Class: 4883K(5056K)->4883K(5056K)
[2328.709s][info][gc             ] GC(394) Pause Young (Mixed) (G1 Evacuation Pause) 3669M->1321M(4096M) 133.316ms
[2328.709s][info][gc,cpu         ] GC(394) User=0.79s Sys=0.00s Real=0.13s
.....[2333.876s][info][gc,start       ] GC(395) Pause Young (Concurrent Start) (G1 Evacuation Pause)
[2333.876s][info][gc,task        ] GC(395) Using 6 workers of 6 for evacuation
[2333.993s][info][gc,phases      ] GC(395)   Pre Evacuate Collection Set: 0.43ms
[2333.993s][info][gc,phases      ] GC(395)   Merge Heap Roots: 0.52ms
[2333.993s][info][gc,phases      ] GC(395)   Evacuate Collection Set: 114.16ms
[2333.993s][info][gc,phases      ] GC(395)   Post Evacuate Collection Set: 0.89ms
[2333.993s][info][gc,phases      ] GC(395)   Other: 0.13ms
[2333.993s][info][gc,heap        ] GC(395) Eden regions: 1118->0(1119)
[2333.993s][info][gc,heap        ] GC(395) Survivor regions: 110->109(154)
[2333.993s][info][gc,heap        ] GC(395) Old regions: 472->504
[2333.993s][info][gc,heap        ] GC(395) Humongous regions: 80->80
[2333.993s][info][gc,metaspace   ] GC(395) Metaspace: 28948K(29248K)->28948K(29248K) NonClass: 24064K(24192K)->24064K(24192K) Class: 4883K(5056K)->4883K(5056K)
[2333.993s][info][gc             ] GC(395) Pause Young (Concurrent Start) (G1 Evacuation Pause) 3557M->1383M(4096M) 116.258ms
[2333.993s][info][gc             ] GC(396) Concurrent Mark Cycle
[2333.993s][info][gc,marking     ] GC(396) Concurrent Scan Root Regions
[2333.993s][info][gc,cpu         ] GC(395) User=0.69s Sys=0.00s Real=0.11s
[2334.159s][info][gc,marking     ] GC(396) Concurrent Scan Root Regions 166.411ms
[2334.159s][info][gc,marking     ] GC(396) Concurrent Mark
[2334.159s][info][gc,marking     ] GC(396) Concurrent Mark From Roots
[2334.159s][info][gc,task        ] GC(396) Using 2 workers of 2 for marking
.[2335.084s][info][gc,marking     ] GC(396) Concurrent Mark From Roots 924.591ms
[2335.084s][info][gc,marking     ] GC(396) Concurrent Preclean
[2335.084s][info][gc,marking     ] GC(396) Concurrent Preclean 0.041ms
[2335.084s][info][gc,start       ] GC(396) Pause Remark
[2335.088s][info][gc             ] GC(396) Pause Remark 1881M->1881M(4096M) 4.184ms
[2335.088s][info][gc,cpu         ] GC(396) User=0.02s Sys=0.00s Real=0.01s
[2335.088s][info][gc,marking     ] GC(396) Concurrent Mark 929.085ms
[2335.088s][info][gc,marking     ] GC(396) Concurrent Rebuild Remembered Sets and Scrub Regions
.[2335.495s][info][gc,marking     ] GC(396) Concurrent Rebuild Remembered Sets and Scrub Regions 407.173ms
[2335.496s][info][gc,start       ] GC(396) Pause Cleanup
[2335.496s][info][gc             ] GC(396) Pause Cleanup 2073M->2073M(4096M) 0.135ms
[2335.496s][info][gc,cpu         ] GC(396) User=0.00s Sys=0.00s Real=0.00s
[2335.496s][info][gc,marking     ] GC(396) Concurrent Clear Claimed Marks
[2335.496s][info][gc,marking     ] GC(396) Concurrent Clear Claimed Marks 0.023ms
[2335.496s][info][gc,marking     ] GC(396) Concurrent Cleanup for Next Mark
[2335.499s][info][gc,marking     ] GC(396) Concurrent Cleanup for Next Mark 3.316ms
[2335.499s][info][gc             ] GC(396) Concurrent Mark Cycle 1506.495ms
...[2339.146s][info][gc,start       ] GC(397) Pause Young (Prepare Mixed) (G1 Evacuation Pause)
[2339.146s][info][gc,task        ] GC(397) Using 6 workers of 6 for evacuation
[2339.264s][info][gc,phases      ] GC(397)   Pre Evacuate Collection Set: 0.34ms
[2339.264s][info][gc,phases      ] GC(397)   Merge Heap Roots: 0.52ms
[2339.264s][info][gc,phases      ] GC(397)   Evacuate Collection Set: 115.84ms
[2339.264s][info][gc,phases      ] GC(397)   Post Evacuate Collection Set: 0.95ms
[2339.264s][info][gc,phases      ] GC(397)   Other: 0.08ms
[2339.264s][info][gc,heap        ] GC(397) Eden regions: 1119->0(1110)
[2339.264s][info][gc,heap        ] GC(397) Survivor regions: 109->109(154)
[2339.264s][info][gc,heap        ] GC(397) Old regions: 504->537
[2339.264s][info][gc,heap        ] GC(397) Humongous regions: 80->80
[2339.264s][info][gc,metaspace   ] GC(397) Metaspace: 28948K(29248K)->28948K(29248K) NonClass: 24064K(24192K)->24064K(24192K) Class: 4883K(5056K)->4883K(5056K)
[2339.264s][info][gc             ] GC(397) Pause Young (Prepare Mixed) (G1 Evacuation Pause) 3621M->1449M(4096M) 117.847ms
[2339.264s][info][gc,cpu         ] GC(397) User=0.70s Sys=0.00s Real=0.11s
......[2344.345s][info][gc,start       ] GC(398) Pause Young (Mixed) (G1 Evacuation Pause)
[2344.345s][info][gc,task        ] GC(398) Using 6 workers of 6 for evacuation
[2344.480s][info][gc,phases      ] GC(398)   Pre Evacuate Collection Set: 0.41ms
[2344.480s][info][gc,phases      ] GC(398)   Merge Heap Roots: 0.80ms
[2344.480s][info][gc,phases      ] GC(398)   Evacuate Collection Set: 132.46ms
[2344.480s][info][gc,phases      ] GC(398)   Post Evacuate Collection Set: 1.00ms
[2344.480s][info][gc,phases      ] GC(398)   Other: 0.10ms
[2344.480s][info][gc,heap        ] GC(398) Eden regions: 1110->0(1120)
[2344.480s][info][gc,heap        ] GC(398) Survivor regions: 109->108(153)
[2344.480s][info][gc,heap        ] GC(398) Old regions: 537->472
[2344.480s][info][gc,heap        ] GC(398) Humongous regions: 80->80
[2344.480s][info][gc,metaspace   ] GC(398) Metaspace: 28948K(29248K)->28948K(29248K) NonClass: 24064K(24192K)->24064K(24192K) Class: 4883K(5056K)->4883K(5056K)
[2344.480s][info][gc             ] GC(398) Pause Young (Mixed) (G1 Evacuation Pause) 3669M->1317M(4096M) 134.901ms
[2344.480s][info][gc,cpu         ] GC(398) User=0.80s Sys=0.00s Real=0.13s
.....[2349.665s][info][gc,start       ] GC(399) Pause Young (Concurrent Start) (G1 Evacuation Pause)
[2349.665s][info][gc,task        ] GC(399) Using 6 workers of 6 for evacuation
[2349.783s][info][gc,phases      ] GC(399)   Pre Evacuate Collection Set: 0.38ms
[2349.783s][info][gc,phases      ] GC(399)   Merge Heap Roots: 0.49ms
[2349.783s][info][gc,phases      ] GC(399)   Evacuate Collection Set: 115.61ms
[2349.783s][info][gc,phases      ] GC(399)   Post Evacuate Collection Set: 0.90ms
[2349.783s][info][gc,phases      ] GC(399)   Other: 0.09ms
[2349.783s][info][gc,heap        ] GC(399) Eden regions: 1120->0(1118)
[2349.783s][info][gc,heap        ] GC(399) Survivor regions: 108->110(154)
[2349.783s][info][gc,heap        ] GC(399) Old regions: 472->504
[2349.783s][info][gc,heap        ] GC(399) Humongous regions: 80->80
[2349.783s][info][gc,metaspace   ] GC(399) Metaspace: 28948K(29248K)->28948K(29248K) NonClass: 24064K(24192K)->24064K(24192K) Class: 4883K(5056K)->4883K(5056K)
[2349.783s][info][gc             ] GC(399) Pause Young (Concurrent Start) (G1 Evacuation Pause) 3557M->1385M(4096M) 117.600ms
[2349.783s][info][gc             ] GC(400) Concurrent Mark Cycle
[2349.783s][info][gc,marking     ] GC(400) Concurrent Scan Root Regions
[2349.783s][info][gc,cpu         ] GC(399) User=0.70s Sys=0.00s Real=0.11s
[2349.953s][info][gc,marking     ] GC(400) Concurrent Scan Root Regions 169.709ms
[2349.953s][info][gc,marking     ] GC(400) Concurrent Mark
[2349.953s][info][gc,marking     ] GC(400) Concurrent Mark From Roots
[2349.953s][info][gc,task        ] GC(400) Using 2 workers of 2 for marking
.[2350.874s][info][gc,marking     ] GC(400) Concurrent Mark From Roots 920.906ms
[2350.874s][info][gc,marking     ] GC(400) Concurrent Preclean
[2350.874s][info][gc,marking     ] GC(400) Concurrent Preclean 0.067ms
[2350.874s][info][gc,start       ] GC(400) Pause Remark
[2350.878s][info][gc             ] GC(400) Pause Remark 1897M->1897M(4096M) 4.190ms
[2350.878s][info][gc,cpu         ] GC(400) User=0.03s Sys=0.00s Real=0.01s
[2350.878s][info][gc,marking     ] GC(400) Concurrent Mark 925.440ms
[2350.878s][info][gc,marking     ] GC(400) Concurrent Rebuild Remembered Sets and Scrub Regions
[2351.232s][info][gc,marking     ] GC(400) Concurrent Rebuild Remembered Sets and Scrub Regions 354.030ms
[2351.232s][info][gc,start       ] GC(400) Pause Cleanup
[2351.232s][info][gc             ] GC(400) Pause Cleanup 2089M->2089M(4096M) 0.115ms
[2351.232s][info][gc,cpu         ] GC(400) User=0.00s Sys=0.00s Real=0.00s
[2351.232s][info][gc,marking     ] GC(400) Concurrent Clear Claimed Marks
[2351.232s][info][gc,marking     ] GC(400) Concurrent Clear Claimed Marks 0.028ms
[2351.232s][info][gc,marking     ] GC(400) Concurrent Cleanup for Next Mark
[2351.236s][info][gc,marking     ] GC(400) Concurrent Cleanup for Next Mark 3.914ms
[2351.236s][info][gc             ] GC(400) Concurrent Mark Cycle 1453.537ms
. (rIR:aIR:PR = 3598:3597:3597) (tPR = 53229) [OK] 
  2351s: Performance info:
         Transaction,    Success,    Partial,     Failed,   Receipts, AvgBarcode, 
             Overall,     216044,          0,          0,     205252,      59.47, 
         Response times:
             Request,    Success,    Partial,     Failed,   SkipFail,     Probes,    Samples,      min,      p50,      p90,      p95,      p99,      max, 
       TotalPurchase,     205256,          0,          0,          0,     201483,     219228,      300,     2900,     5000,     6700,    37000,   168000,
     InStorePurchase,     108043,          0,          0,          0,     106327,     115344,      300,     2700,     4900,     6500,    35000,   158000,
      OnlinePurchase,      75592,          0,          0,          0,      74184,      80852,      300,     3200,     5200,     7000,    39000,   168000,
        InstPurchase,      21621,          0,          0,          0,      20972,      23032,      400,     2900,     4900,     6400,    35000,   143000,
          AssocOfCat,        219,          0,          0,          0,        150,        218,    18800,    29000,    38100,    46000,   147160,   173000,
      AssocOfProduct,       2161,          0,          0,          0,       1973,       2362,      500,     3000,     5100,     6585,    51000,   127000,
      BusinessReport,        543,          0,          0,          0,        459,        598,    23000,    34000,    48000,    57100,   138040,   196000,
          CustBuyBeh,       2151,          0,          0,          0,       1943,       2262,      600,     3400,     5300,     7185,    49000,   139000,
       ProductReturn,       5717,          0,          0,          0,       5368,       6054,      200,     1700,     4700,     6000,    28000,   138000,

  2351s: (27%)   IR =   3736 ...[2354.699s][info][gc,start       ] GC(401) Pause Young (Prepare Mixed) (G1 Evacuation Pause)
[2354.699s][info][gc,task        ] GC(401) Using 6 workers of 6 for evacuation
[2354.814s][info][gc,phases      ] GC(401)   Pre Evacuate Collection Set: 0.34ms
[2354.814s][info][gc,phases      ] GC(401)   Merge Heap Roots: 0.55ms
[2354.814s][info][gc,phases      ] GC(401)   Evacuate Collection Set: 113.32ms
[2354.814s][info][gc,phases      ] GC(401)   Post Evacuate Collection Set: 0.98ms
[2354.814s][info][gc,phases      ] GC(401)   Other: 0.08ms
[2354.814s][info][gc,heap        ] GC(401) Eden regions: 1118->0(1114)
[2354.814s][info][gc,heap        ] GC(401) Survivor regions: 110->108(154)
[2354.814s][info][gc,heap        ] GC(401) Old regions: 504->535
[2354.814s][info][gc,heap        ] GC(401) Humongous regions: 80->80
[2354.814s][info][gc,metaspace   ] GC(401) Metaspace: 28948K(29248K)->28948K(29248K) NonClass: 24064K(24192K)->24064K(24192K) Class: 4883K(5056K)->4883K(5056K)
[2354.814s][info][gc             ] GC(401) Pause Young (Prepare Mixed) (G1 Evacuation Pause) 3621M->1443M(4096M) 115.397ms
[2354.814s][info][gc,cpu         ] GC(401) User=0.69s Sys=0.00s Real=0.11s
...|..[2359.739s][info][gc,start       ] GC(402) Pause Young (Mixed) (G1 Evacuation Pause)
[2359.739s][info][gc,task        ] GC(402) Using 6 workers of 6 for evacuation
[2359.875s][info][gc,phases      ] GC(402)   Pre Evacuate Collection Set: 0.38ms
[2359.875s][info][gc,phases      ] GC(402)   Merge Heap Roots: 0.71ms
[2359.876s][info][gc,phases      ] GC(402)   Evacuate Collection Set: 134.01ms
[2359.876s][info][gc,phases      ] GC(402)   Post Evacuate Collection Set: 0.97ms
[2359.876s][info][gc,phases      ] GC(402)   Other: 0.09ms
[2359.876s][info][gc,heap        ] GC(402) Eden regions: 1114->0(1116)
[2359.876s][info][gc,heap        ] GC(402) Survivor regions: 108->112(153)
[2359.876s][info][gc,heap        ] GC(402) Old regions: 535->472
[2359.876s][info][gc,heap        ] GC(402) Humongous regions: 80->80
[2359.876s][info][gc,metaspace   ] GC(402) Metaspace: 28948K(29248K)->28948K(29248K) NonClass: 24064K(24192K)->24064K(24192K) Class: 4883K(5056K)->4883K(5056K)
[2359.876s][info][gc             ] GC(402) Pause Young (Mixed) (G1 Evacuation Pause) 3671M->1326M(4096M) 136.278ms
[2359.876s][info][gc,cpu         ] GC(402) User=0.81s Sys=0.00s Real=0.14s
.....[2364.792s][info][gc,start       ] GC(403) Pause Young (Concurrent Start) (G1 Evacuation Pause)
[2364.792s][info][gc,task        ] GC(403) Using 6 workers of 6 for evacuation
[2364.910s][info][gc,phases      ] GC(403)   Pre Evacuate Collection Set: 0.37ms
[2364.910s][info][gc,phases      ] GC(403)   Merge Heap Roots: 0.48ms
[2364.910s][info][gc,phases      ] GC(403)   Evacuate Collection Set: 116.22ms
[2364.910s][info][gc,phases      ] GC(403)   Post Evacuate Collection Set: 0.90ms
[2364.910s][info][gc,phases      ] GC(403)   Other: 0.13ms
[2364.910s][info][gc,heap        ] GC(403) Eden regions: 1116->0(1119)
[2364.910s][info][gc,heap        ] GC(403) Survivor regions: 112->109(154)
[2364.910s][info][gc,heap        ] GC(403) Old regions: 472->504
[2364.910s][info][gc,heap        ] GC(403) Humongous regions: 80->80
[2364.910s][info][gc,metaspace   ] GC(403) Metaspace: 28948K(29248K)->28948K(29248K) NonClass: 24064K(24192K)->24064K(24192K) Class: 4883K(5056K)->4883K(5056K)
[2364.910s][info][gc             ] GC(403) Pause Young (Concurrent Start) (G1 Evacuation Pause) 3558M->1384M(4096M) 118.265ms
[2364.910s][info][gc             ] GC(404) Concurrent Mark Cycle
[2364.910s][info][gc,marking     ] GC(404) Concurrent Scan Root Regions
[2364.910s][info][gc,cpu         ] GC(403) User=0.70s Sys=0.00s Real=0.12s
[2365.080s][info][gc,marking     ] GC(404) Concurrent Scan Root Regions 169.823ms
[2365.080s][info][gc,marking     ] GC(404) Concurrent Mark
[2365.080s][info][gc,marking     ] GC(404) Concurrent Mark From Roots
[2365.080s][info][gc,task        ] GC(404) Using 2 workers of 2 for marking
.[2365.714s][info][gc,marking     ] GC(404) Concurrent Mark From Roots 633.618ms
[2365.714s][info][gc,marking     ] GC(404) Concurrent Preclean
[2365.714s][info][gc,marking     ] GC(404) Concurrent Preclean 0.052ms
[2365.714s][info][gc,start       ] GC(404) Pause Remark
[2365.717s][info][gc             ] GC(404) Pause Remark 1774M->1774M(4096M) 3.305ms
[2365.717s][info][gc,cpu         ] GC(404) User=0.02s Sys=0.00s Real=0.01s
[2365.717s][info][gc,marking     ] GC(404) Concurrent Mark 637.234ms
[2365.717s][info][gc,marking     ] GC(404) Concurrent Rebuild Remembered Sets and Scrub Regions
[2365.941s][info][gc,marking     ] GC(404) Concurrent Rebuild Remembered Sets and Scrub Regions 223.743ms
[2365.942s][info][gc,start       ] GC(404) Pause Cleanup
[2365.942s][info][gc             ] GC(404) Pause Cleanup 1864M->1864M(4096M) 0.137ms
[2365.942s][info][gc,cpu         ] GC(404) User=0.00s Sys=0.00s Real=0.00s
[2365.942s][info][gc,marking     ] GC(404) Concurrent Clear Claimed Marks
[2365.942s][info][gc,marking     ] GC(404) Concurrent Clear Claimed Marks 0.029ms
[2365.942s][info][gc,marking     ] GC(404) Concurrent Cleanup for Next Mark
[2365.946s][info][gc,marking     ] GC(404) Concurrent Cleanup for Next Mark 4.140ms
[2365.946s][info][gc             ] GC(404) Concurrent Mark Cycle 1035.765ms
....[2369.876s][info][gc,start       ] GC(405) Pause Young (Prepare Mixed) (G1 Evacuation Pause)
[2369.876s][info][gc,task        ] GC(405) Using 6 workers of 6 for evacuation
[2369.993s][info][gc,phases      ] GC(405)   Pre Evacuate Collection Set: 0.40ms
[2369.993s][info][gc,phases      ] GC(405)   Merge Heap Roots: 0.64ms
[2369.993s][info][gc,phases      ] GC(405)   Evacuate Collection Set: 114.93ms
[2369.993s][info][gc,phases      ] GC(405)   Post Evacuate Collection Set: 0.96ms
[2369.993s][info][gc,phases      ] GC(405)   Other: 0.10ms
[2369.993s][info][gc,heap        ] GC(405) Eden regions: 1119->0(1113)
[2369.993s][info][gc,heap        ] GC(405) Survivor regions: 109->108(154)
[2369.993s][info][gc,heap        ] GC(405) Old regions: 504->536
[2369.993s][info][gc,heap        ] GC(405) Humongous regions: 80->80
[2369.993s][info][gc,metaspace   ] GC(405) Metaspace: 28948K(29248K)->28948K(29248K) NonClass: 24064K(24192K)->24064K(24192K) Class: 4883K(5056K)->4883K(5056K)
[2369.993s][info][gc             ] GC(405) Pause Young (Prepare Mixed) (G1 Evacuation Pause) 3622M->1445M(4096M) 117.157ms
[2369.993s][info][gc,cpu         ] GC(405) User=0.70s Sys=0.00s Real=0.11s
.....[2374.935s][info][gc,start       ] GC(406) Pause Young (Mixed) (G1 Evacuation Pause)
[2374.935s][info][gc,task        ] GC(406) Using 6 workers of 6 for evacuation
[2375.067s][info][gc,phases      ] GC(406)   Pre Evacuate Collection Set: 0.37ms
[2375.067s][info][gc,phases      ] GC(406)   Merge Heap Roots: 0.70ms
[2375.067s][info][gc,phases      ] GC(406)   Evacuate Collection Set: 129.69ms
[2375.067s][info][gc,phases      ] GC(406)   Post Evacuate Collection Set: 0.97ms
[2375.067s][info][gc,phases      ] GC(406)   Other: 0.08ms
[2375.067s][info][gc,heap        ] GC(406) Eden regions: 1113->0(1119)
[2375.067s][info][gc,heap        ] GC(406) Survivor regions: 108->109(153)
[2375.067s][info][gc,heap        ] GC(406) Old regions: 536->471
[2375.067s][info][gc,heap        ] GC(406) Humongous regions: 80->80
[2375.067s][info][gc,metaspace   ] GC(406) Metaspace: 28948K(29248K)->28948K(29248K) NonClass: 24064K(24192K)->24064K(24192K) Class: 4883K(5056K)->4883K(5056K)
[2375.067s][info][gc             ] GC(406) Pause Young (Mixed) (G1 Evacuation Pause) 3671M->1318M(4096M) 131.979ms
[2375.067s][info][gc,cpu         ] GC(406) User=0.78s Sys=0.00s Real=0.13s
.....[2379.980s][info][gc,start       ] GC(407) Pause Young (Concurrent Start) (G1 Evacuation Pause)
[2379.980s][info][gc,task        ] GC(407) Using 6 workers of 6 for evacuation
[2380.096s][info][gc,phases      ] GC(407)   Pre Evacuate Collection Set: 0.38ms
[2380.096s][info][gc,phases      ] GC(407)   Merge Heap Roots: 0.51ms
[2380.096s][info][gc,phases      ] GC(407)   Evacuate Collection Set: 113.88ms
[2380.096s][info][gc,phases      ] GC(407)   Post Evacuate Collection Set: 0.91ms
[2380.096s][info][gc,phases      ] GC(407)   Other: 0.11ms
[2380.096s][info][gc,heap        ] GC(407) Eden regions: 1119->0(1120)
[2380.096s][info][gc,heap        ] GC(407) Survivor regions: 109->108(154)
[2380.096s][info][gc,heap        ] GC(407) Old regions: 471->503
[2380.096s][info][gc,heap        ] GC(407) Humongous regions: 80->80
[2380.096s][info][gc,metaspace   ] GC(407) Metaspace: 28948K(29248K)->28948K(29248K) NonClass: 24064K(24192K)->24064K(24192K) Class: 4883K(5056K)->4883K(5056K)
[2380.096s][info][gc             ] GC(407) Pause Young (Concurrent Start) (G1 Evacuation Pause) 3556M->1379M(4096M) 115.926ms
[2380.096s][info][gc             ] GC(408) Concurrent Mark Cycle
[2380.096s][info][gc,marking     ] GC(408) Concurrent Scan Root Regions
[2380.096s][info][gc,cpu         ] GC(407) User=0.69s Sys=0.00s Real=0.12s
[2380.263s][info][gc,marking     ] GC(408) Concurrent Scan Root Regions 166.246ms
[2380.263s][info][gc,marking     ] GC(408) Concurrent Mark
[2380.263s][info][gc,marking     ] GC(408) Concurrent Mark From Roots
[2380.263s][info][gc,task        ] GC(408) Using 2 workers of 2 for marking
.[2381.190s][info][gc,marking     ] GC(408) Concurrent Mark From Roots 927.612ms
[2381.190s][info][gc,marking     ] GC(408) Concurrent Preclean
[2381.190s][info][gc,marking     ] GC(408) Concurrent Preclean 0.053ms
[2381.190s][info][gc,start       ] GC(408) Pause Remark
[2381.195s][info][gc             ] GC(408) Pause Remark 1918M->1918M(4096M) 4.311ms
[2381.195s][info][gc,cpu         ] GC(408) User=0.03s Sys=0.01s Real=0.01s
[2381.195s][info][gc,marking     ] GC(408) Concurrent Mark 932.258ms
[2381.195s][info][gc,marking     ] GC(408) Concurrent Rebuild Remembered Sets and Scrub Regions
.[2381.595s][info][gc,marking     ] GC(408) Concurrent Rebuild Remembered Sets and Scrub Regions 400.394ms
[2381.595s][info][gc,start       ] GC(408) Pause Cleanup
[2381.596s][info][gc             ] GC(408) Pause Cleanup 2081M->2081M(4096M) 0.123ms
[2381.596s][info][gc,cpu         ] GC(408) User=0.00s Sys=0.00s Real=0.00s
[2381.596s][info][gc,marking     ] GC(408) Concurrent Clear Claimed Marks
[2381.596s][info][gc,marking     ] GC(408) Concurrent Clear Claimed Marks 0.035ms
[2381.596s][info][gc,marking     ] GC(408) Concurrent Cleanup for Next Mark
[2381.602s][info][gc,marking     ] GC(408) Concurrent Cleanup for Next Mark 5.900ms
[2381.602s][info][gc             ] GC(408) Concurrent Mark Cycle 1505.356ms
...[2385.043s][info][gc,start       ] GC(409) Pause Young (Prepare Mixed) (G1 Evacuation Pause)
[2385.043s][info][gc,task        ] GC(409) Using 6 workers of 6 for evacuation
[2385.161s][info][gc,phases      ] GC(409)   Pre Evacuate Collection Set: 0.32ms
[2385.161s][info][gc,phases      ] GC(409)   Merge Heap Roots: 0.56ms
[2385.161s][info][gc,phases      ] GC(409)   Evacuate Collection Set: 116.16ms
[2385.161s][info][gc,phases      ] GC(409)   Post Evacuate Collection Set: 0.98ms
[2385.161s][info][gc,phases      ] GC(409)   Other: 0.09ms
[2385.161s][info][gc,heap        ] GC(409) Eden regions: 1120->0(1108)
[2385.161s][info][gc,heap        ] GC(409) Survivor regions: 108->111(154)
[2385.161s][info][gc,heap        ] GC(409) Old regions: 503->535
[2385.161s][info][gc,heap        ] GC(409) Humongous regions: 80->80
[2385.161s][info][gc,metaspace   ] GC(409) Metaspace: 28948K(29248K)->28948K(29248K) NonClass: 24064K(24192K)->24064K(24192K) Class: 4883K(5056K)->4883K(5056K)
[2385.161s][info][gc             ] GC(409) Pause Young (Prepare Mixed) (G1 Evacuation Pause) 3619M->1449M(4096M) 118.254ms
[2385.161s][info][gc,cpu         ] GC(409) User=0.71s Sys=0.00s Real=0.12s
.....[2390.089s][info][gc,start       ] GC(410) Pause Young (Mixed) (G1 Evacuation Pause)
[2390.089s][info][gc,task        ] GC(410) Using 6 workers of 6 for evacuation
[2390.226s][info][gc,phases      ] GC(410)   Pre Evacuate Collection Set: 0.40ms
[2390.227s][info][gc,phases      ] GC(410)   Merge Heap Roots: 0.80ms
[2390.227s][info][gc,phases      ] GC(410)   Evacuate Collection Set: 135.22ms
[2390.227s][info][gc,phases      ] GC(410)   Post Evacuate Collection Set: 0.93ms
[2390.227s][info][gc,phases      ] GC(410)   Other: 0.09ms
[2390.227s][info][gc,heap        ] GC(410) Eden regions: 1108->0(1116)
[2390.227s][info][gc,heap        ] GC(410) Survivor regions: 111->112(153)
[2390.227s][info][gc,heap        ] GC(410) Old regions: 535->472
[2390.227s][info][gc,heap        ] GC(410) Humongous regions: 80->80
[2390.227s][info][gc,metaspace   ] GC(410) Metaspace: 28948K(29248K)->28948K(29248K) NonClass: 24064K(24192K)->24064K(24192K) Class: 4883K(5056K)->4883K(5056K)
[2390.227s][info][gc             ] GC(410) Pause Young (Mixed) (G1 Evacuation Pause) 3665M->1324M(4096M) 137.569ms
[2390.227s][info][gc,cpu         ] GC(410) User=0.82s Sys=0.00s Real=0.14s
.....[2395.175s][info][gc,start       ] GC(411) Pause Young (Concurrent Start) (G1 Evacuation Pause)
[2395.175s][info][gc,task        ] GC(411) Using 6 workers of 6 for evacuation
[2395.292s][info][gc,phases      ] GC(411)   Pre Evacuate Collection Set: 0.42ms
[2395.292s][info][gc,phases      ] GC(411)   Merge Heap Roots: 0.49ms
[2395.292s][info][gc,phases      ] GC(411)   Evacuate Collection Set: 115.39ms
[2395.292s][info][gc,phases      ] GC(411)   Post Evacuate Collection Set: 0.90ms
[2395.292s][info][gc,phases      ] GC(411)   Other: 0.11ms
[2395.292s][info][gc,heap        ] GC(411) Eden regions: 1116->0(1119)
[2395.292s][info][gc,heap        ] GC(411) Survivor regions: 112->109(154)
[2395.292s][info][gc,heap        ] GC(411) Old regions: 472->504
[2395.292s][info][gc,heap        ] GC(411) Humongous regions: 80->80
[2395.292s][info][gc,metaspace   ] GC(411) Metaspace: 28948K(29248K)->28948K(29248K) NonClass: 24064K(24192K)->24064K(24192K) Class: 4883K(5056K)->4883K(5056K)
[2395.292s][info][gc             ] GC(411) Pause Young (Concurrent Start) (G1 Evacuation Pause) 3556M->1384M(4096M) 117.445ms
[2395.292s][info][gc             ] GC(412) Concurrent Mark Cycle
[2395.292s][info][gc,marking     ] GC(412) Concurrent Scan Root Regions
[2395.292s][info][gc,cpu         ] GC(411) User=0.69s Sys=0.00s Real=0.11s
.[2395.462s][info][gc,marking     ] GC(412) Concurrent Scan Root Regions 169.914ms
[2395.462s][info][gc,marking     ] GC(412) Concurrent Mark
[2395.462s][info][gc,marking     ] GC(412) Concurrent Mark From Roots
[2395.462s][info][gc,task        ] GC(412) Using 2 workers of 2 for marking
[2396.442s][info][gc,marking     ] GC(412) Concurrent Mark From Roots 980.102ms
[2396.442s][info][gc,marking     ] GC(412) Concurrent Preclean
[2396.442s][info][gc,marking     ] GC(412) Concurrent Preclean 0.051ms
[2396.442s][info][gc,start       ] GC(412) Pause Remark
[2396.447s][info][gc             ] GC(412) Pause Remark 1938M->1938M(4096M) 4.453ms
[2396.447s][info][gc,cpu         ] GC(412) User=0.02s Sys=0.00s Real=0.01s
[2396.447s][info][gc,marking     ] GC(412) Concurrent Mark 984.925ms
[2396.447s][info][gc,marking     ] GC(412) Concurrent Rebuild Remembered Sets and Scrub Regions
.[2396.806s][info][gc,marking     ] GC(412) Concurrent Rebuild Remembered Sets and Scrub Regions 358.603ms
[2396.806s][info][gc,start       ] GC(412) Pause Cleanup
[2396.806s][info][gc             ] GC(412) Pause Cleanup 2123M->2123M(4096M) 0.143ms
[2396.806s][info][gc,cpu         ] GC(412) User=0.00s Sys=0.00s Real=0.00s
[2396.806s][info][gc,marking     ] GC(412) Concurrent Clear Claimed Marks
[2396.806s][info][gc,marking     ] GC(412) Concurrent Clear Claimed Marks 0.036ms
[2396.806s][info][gc,marking     ] GC(412) Concurrent Cleanup for Next Mark
[2396.811s][info][gc,marking     ] GC(412) Concurrent Cleanup for Next Mark 4.964ms
[2396.811s][info][gc             ] GC(412) Concurrent Mark Cycle 1519.349ms
...[2400.195s][info][gc,start       ] GC(413) Pause Young (Prepare Mixed) (G1 Evacuation Pause)
[2400.195s][info][gc,task        ] GC(413) Using 6 workers of 6 for evacuation
[2400.312s][info][gc,phases      ] GC(413)   Pre Evacuate Collection Set: 0.33ms
[2400.312s][info][gc,phases      ] GC(413)   Merge Heap Roots: 0.63ms
[2400.312s][info][gc,phases      ] GC(413)   Evacuate Collection Set: 114.96ms
[2400.312s][info][gc,phases      ] GC(413)   Post Evacuate Collection Set: 0.94ms
[2400.312s][info][gc,phases      ] GC(413)   Other: 0.08ms
[2400.312s][info][gc,heap        ] GC(413) Eden regions: 1119->0(1113)
[2400.312s][info][gc,heap        ] GC(413) Survivor regions: 109->108(154)
[2400.312s][info][gc,heap        ] GC(413) Old regions: 504->536
[2400.312s][info][gc,heap        ] GC(413) Humongous regions: 80->80
[2400.312s][info][gc,metaspace   ] GC(413) Metaspace: 28948K(29248K)->28948K(29248K) NonClass: 24064K(24192K)->24064K(24192K) Class: 4883K(5056K)->4883K(5056K)
[2400.312s][info][gc             ] GC(413) Pause Young (Prepare Mixed) (G1 Evacuation Pause) 3622M->1445M(4096M) 117.059ms
[2400.312s][info][gc,cpu         ] GC(413) User=0.70s Sys=0.00s Real=0.11s
.....[2405.314s][info][gc,start       ] GC(414) Pause Young (Mixed) (G1 Evacuation Pause)
[2405.314s][info][gc,task        ] GC(414) Using 6 workers of 6 for evacuation
[2405.448s][info][gc,phases      ] GC(414)   Pre Evacuate Collection Set: 0.44ms
[2405.448s][info][gc,phases      ] GC(414)   Merge Heap Roots: 0.75ms
[2405.448s][info][gc,phases      ] GC(414)   Evacuate Collection Set: 132.20ms
[2405.448s][info][gc,phases      ] GC(414)   Post Evacuate Collection Set: 0.96ms
[2405.448s][info][gc,phases      ] GC(414)   Other: 0.10ms
[2405.448s][info][gc,heap        ] GC(414) Eden regions: 1113->0(1119)
[2405.448s][info][gc,heap        ] GC(414) Survivor regions: 108->109(153)
[2405.448s][info][gc,heap        ] GC(414) Old regions: 536->471
[2405.448s][info][gc,heap        ] GC(414) Humongous regions: 80->80
[2405.448s][info][gc,metaspace   ] GC(414) Metaspace: 28948K(29248K)->28948K(29248K) NonClass: 24064K(24192K)->24064K(24192K) Class: 4883K(5056K)->4883K(5056K)
[2405.448s][info][gc             ] GC(414) Pause Young (Mixed) (G1 Evacuation Pause) 3671M->1317M(4096M) 134.598ms
[2405.448s][info][gc,cpu         ] GC(414) User=0.80s Sys=0.00s Real=0.14s
.....[2410.409s][info][gc,start       ] GC(415) Pause Young (Concurrent Start) (G1 Evacuation Pause)
[2410.409s][info][gc,task        ] GC(415) Using 6 workers of 6 for evacuation
[2410.525s][info][gc,phases      ] GC(415)   Pre Evacuate Collection Set: 0.37ms
[2410.525s][info][gc,phases      ] GC(415)   Merge Heap Roots: 0.49ms
[2410.525s][info][gc,phases      ] GC(415)   Evacuate Collection Set: 113.96ms
[2410.525s][info][gc,phases      ] GC(415)   Post Evacuate Collection Set: 0.90ms
[2410.525s][info][gc,phases      ] GC(415)   Other: 0.10ms
[2410.525s][info][gc,heap        ] GC(415) Eden regions: 1119->0(1119)
[2410.525s][info][gc,heap        ] GC(415) Survivor regions: 109->109(154)
[2410.525s][info][gc,heap        ] GC(415) Old regions: 471->502
[2410.525s][info][gc,heap        ] GC(415) Humongous regions: 80->80
[2410.525s][info][gc,metaspace   ] GC(415) Metaspace: 28948K(29248K)->28948K(29248K) NonClass: 24064K(24192K)->24064K(24192K) Class: 4883K(5056K)->4883K(5056K)
[2410.525s][info][gc             ] GC(415) Pause Young (Concurrent Start) (G1 Evacuation Pause) 3555M->1380M(4096M) 115.962ms
[2410.525s][info][gc             ] GC(416) Concurrent Mark Cycle
[2410.525s][info][gc,marking     ] GC(416) Concurrent Scan Root Regions
[2410.525s][info][gc,cpu         ] GC(415) User=0.68s Sys=0.00s Real=0.12s
.[2410.695s][info][gc,marking     ] GC(416) Concurrent Scan Root Regions 169.242ms
[2410.695s][info][gc,marking     ] GC(416) Concurrent Mark
[2410.695s][info][gc,marking     ] GC(416) Concurrent Mark From Roots
[2410.695s][info][gc,task        ] GC(416) Using 2 workers of 2 for marking
.[2411.624s][info][gc,marking     ] GC(416) Concurrent Mark From Roots 929.652ms
[2411.624s][info][gc,marking     ] GC(416) Concurrent Preclean
[2411.625s][info][gc,marking     ] GC(416) Concurrent Preclean 0.061ms
[2411.625s][info][gc,start       ] GC(416) Pause Remark
[2411.630s][info][gc             ] GC(416) Pause Remark 1944M->1944M(4096M) 4.243ms
[2411.630s][info][gc,cpu         ] GC(416) User=0.02s Sys=0.00s Real=0.00s
[2411.630s][info][gc,marking     ] GC(416) Concurrent Mark 934.969ms
[2411.630s][info][gc,marking     ] GC(416) Concurrent Rebuild Remembered Sets and Scrub Regions
[2411.881s][info][gc,marking     ] GC(416) Concurrent Rebuild Remembered Sets and Scrub Regions 251.568ms
[2411.881s][info][gc,start       ] GC(416) Pause Cleanup
[2411.882s][info][gc             ] GC(416) Pause Cleanup 2052M->2052M(4096M) 0.110ms
[2411.882s][info][gc,cpu         ] GC(416) User=0.00s Sys=0.00s Real=0.00s
[2411.882s][info][gc,marking     ] GC(416) Concurrent Clear Claimed Marks
[2411.882s][info][gc,marking     ] GC(416) Concurrent Clear Claimed Marks 0.026ms
[2411.882s][info][gc,marking     ] GC(416) Concurrent Cleanup for Next Mark
[2411.885s][info][gc,marking     ] GC(416) Concurrent Cleanup for Next Mark 3.188ms
[2411.885s][info][gc             ] GC(416) Concurrent Mark Cycle 1359.434ms
...[2415.441s][info][gc,start       ] GC(417) Pause Young (Prepare Mixed) (G1 Evacuation Pause)
[2415.441s][info][gc,task        ] GC(417) Using 6 workers of 6 for evacuation
[2415.560s][info][gc,phases      ] GC(417)   Pre Evacuate Collection Set: 0.35ms
[2415.560s][info][gc,phases      ] GC(417)   Merge Heap Roots: 0.59ms
[2415.560s][info][gc,phases      ] GC(417)   Evacuate Collection Set: 116.42ms
[2415.560s][info][gc,phases      ] GC(417)   Post Evacuate Collection Set: 0.96ms
[2415.560s][info][gc,phases      ] GC(417)   Other: 0.09ms
[2415.560s][info][gc,heap        ] GC(417) Eden regions: 1119->0(1111)
[2415.560s][info][gc,heap        ] GC(417) Survivor regions: 109->110(154)
[2415.560s][info][gc,heap        ] GC(417) Old regions: 502->534
[2415.560s][info][gc,heap        ] GC(417) Humongous regions: 80->80
[2415.560s][info][gc,metaspace   ] GC(417) Metaspace: 28948K(29248K)->28948K(29248K) NonClass: 24064K(24192K)->24064K(24192K) Class: 4883K(5056K)->4883K(5056K)
[2415.560s][info][gc             ] GC(417) Pause Young (Prepare Mixed) (G1 Evacuation Pause) 3618M->1445M(4096M) 118.545ms
[2415.560s][info][gc,cpu         ] GC(417) User=0.70s Sys=0.00s Real=0.12s
... (rIR:aIR:PR = 3736:3736:3736) (tPR = 55655) [OK] 
  2417s: Performance info:
         Transaction,    Success,    Partial,     Failed,   Receipts, AvgBarcode, 
             Overall,     224943,          0,          0,     213704,      59.48, 
         Response times:
             Request,    Success,    Partial,     Failed,   SkipFail,     Probes,    Samples,      min,      p50,      p90,      p95,      p99,      max, 
       TotalPurchase,     213704,          0,          0,          0,     209681,     232312,      300,     3100,     5400,     7400,    39000,   164000,
     InStorePurchase,     112504,          0,          0,          0,     110528,     122199,      300,     3100,     5400,     7400,    39000,   150000,
      OnlinePurchase,      78718,          0,          0,          0,      77190,      85623,      300,     3100,     5400,     7500,    39000,   164000,
        InstPurchase,      22482,          0,          0,          0,      21963,      24490,      400,     2800,     5300,     7200,    37000,   150000,
          AssocOfCat,        225,          0,          0,          0,        165,        231,    22000,    30000,    43000,    54000,   176640,   184000,
      AssocOfProduct,       2248,          0,          0,          0,       2092,       2460,      400,     2500,     4390,     5895,    27000,   138000,
      BusinessReport,        560,          0,          0,          0,        458,        590,    21000,    32000,    46900,    51450,    86270,   170000,
          CustBuyBeh,       2246,          0,          0,          0,       2082,       2496,      600,     3500,     5800,     8500,    50000,   145000,
       ProductReturn,       5960,          0,          0,          0,       5618,       6449,      200,     2900,     4900,     6700,    35000,   140000,

  2417s: (28%)   IR =   3874 ..[2420.402s][info][gc,start       ] GC(418) Pause Young (Mixed) (G1 Evacuation Pause)
[2420.402s][info][gc,task        ] GC(418) Using 6 workers of 6 for evacuation
[2420.535s][info][gc,phases      ] GC(418)   Pre Evacuate Collection Set: 0.37ms
[2420.535s][info][gc,phases      ] GC(418)   Merge Heap Roots: 0.73ms
[2420.535s][info][gc,phases      ] GC(418)   Evacuate Collection Set: 130.24ms
[2420.535s][info][gc,phases      ] GC(418)   Post Evacuate Collection Set: 0.95ms
[2420.535s][info][gc,phases      ] GC(418)   Other: 0.09ms
[2420.535s][info][gc,heap        ] GC(418) Eden regions: 1111->0(1119)
[2420.535s][info][gc,heap        ] GC(418) Survivor regions: 110->109(153)
[2420.535s][info][gc,heap        ] GC(418) Old regions: 534->472
[2420.535s][info][gc,heap        ] GC(418) Humongous regions: 80->80
[2420.535s][info][gc,metaspace   ] GC(418) Metaspace: 28951K(29248K)->28951K(29248K) NonClass: 24067K(24192K)->24067K(24192K) Class: 4883K(5056K)->4883K(5056K)
[2420.535s][info][gc             ] GC(418) Pause Young (Mixed) (G1 Evacuation Pause) 3667M->1318M(4096M) 132.508ms
[2420.535s][info][gc,cpu         ] GC(418) User=0.79s Sys=0.00s Real=0.14s
...|..[2425.158s][info][gc,start       ] GC(419) Pause Young (Concurrent Start) (G1 Evacuation Pause)
[2425.158s][info][gc,task        ] GC(419) Using 6 workers of 6 for evacuation
[2425.274s][info][gc,phases      ] GC(419)   Pre Evacuate Collection Set: 0.43ms
[2425.274s][info][gc,phases      ] GC(419)   Merge Heap Roots: 0.53ms
[2425.274s][info][gc,phases      ] GC(419)   Evacuate Collection Set: 114.28ms
[2425.274s][info][gc,phases      ] GC(419)   Post Evacuate Collection Set: 0.90ms
[2425.274s][info][gc,phases      ] GC(419)   Other: 0.10ms
[2425.274s][info][gc,heap        ] GC(419) Eden regions: 1119->0(1120)
[2425.274s][info][gc,heap        ] GC(419) Survivor regions: 109->108(154)
[2425.274s][info][gc,heap        ] GC(419) Old regions: 472->503
[2425.274s][info][gc,heap        ] GC(419) Humongous regions: 80->80
[2425.274s][info][gc,metaspace   ] GC(419) Metaspace: 28951K(29248K)->28951K(29248K) NonClass: 24067K(24192K)->24067K(24192K) Class: 4883K(5056K)->4883K(5056K)
[2425.274s][info][gc             ] GC(419) Pause Young (Concurrent Start) (G1 Evacuation Pause) 3556M->1380M(4096M) 116.397ms
[2425.274s][info][gc             ] GC(420) Concurrent Mark Cycle
[2425.274s][info][gc,marking     ] GC(420) Concurrent Scan Root Regions
[2425.275s][info][gc,cpu         ] GC(419) User=0.70s Sys=0.00s Real=0.12s
[2425.430s][info][gc,marking     ] GC(420) Concurrent Scan Root Regions 155.827ms
[2425.430s][info][gc,marking     ] GC(420) Concurrent Mark
[2425.430s][info][gc,marking     ] GC(420) Concurrent Mark From Roots
[2425.430s][info][gc,task        ] GC(420) Using 2 workers of 2 for marking
.[2426.062s][info][gc,marking     ] GC(420) Concurrent Mark From Roots 631.557ms
[2426.062s][info][gc,marking     ] GC(420) Concurrent Preclean
[2426.062s][info][gc,marking     ] GC(420) Concurrent Preclean 0.053ms
[2426.062s][info][gc,start       ] GC(420) Pause Remark
[2426.066s][info][gc             ] GC(420) Pause Remark 1753M->1753M(4096M) 3.533ms
[2426.066s][info][gc,cpu         ] GC(420) User=0.02s Sys=0.00s Real=0.01s
[2426.066s][info][gc,marking     ] GC(420) Concurrent Mark 635.416ms
[2426.066s][info][gc,marking     ] GC(420) Concurrent Rebuild Remembered Sets and Scrub Regions
[2426.345s][info][gc,marking     ] GC(420) Concurrent Rebuild Remembered Sets and Scrub Regions 279.017ms
[2426.345s][info][gc,start       ] GC(420) Pause Cleanup
[2426.345s][info][gc             ] GC(420) Pause Cleanup 1888M->1888M(4096M) 0.125ms
[2426.345s][info][gc,cpu         ] GC(420) User=0.00s Sys=0.00s Real=0.00s
[2426.345s][info][gc,marking     ] GC(420) Concurrent Clear Claimed Marks
[2426.345s][info][gc,marking     ] GC(420) Concurrent Clear Claimed Marks 0.025ms
[2426.345s][info][gc,marking     ] GC(420) Concurrent Cleanup for Next Mark
[2426.348s][info][gc,marking     ] GC(420) Concurrent Cleanup for Next Mark 3.156ms
[2426.348s][info][gc             ] GC(420) Concurrent Mark Cycle 1073.888ms
....[2430.108s][info][gc,start       ] GC(421) Pause Young (Prepare Mixed) (G1 Evacuation Pause)
[2430.108s][info][gc,task        ] GC(421) Using 6 workers of 6 for evacuation
[2430.226s][info][gc,phases      ] GC(421)   Pre Evacuate Collection Set: 0.34ms
[2430.226s][info][gc,phases      ] GC(421)   Merge Heap Roots: 0.53ms
[2430.226s][info][gc,phases      ] GC(421)   Evacuate Collection Set: 115.69ms
[2430.226s][info][gc,phases      ] GC(421)   Post Evacuate Collection Set: 0.92ms
[2430.226s][info][gc,phases      ] GC(421)   Other: 0.11ms
[2430.226s][info][gc,heap        ] GC(421) Eden regions: 1120->0(1108)
[2430.226s][info][gc,heap        ] GC(421) Survivor regions: 108->111(154)
[2430.226s][info][gc,heap        ] GC(421) Old regions: 503->535
[2430.226s][info][gc,heap        ] GC(421) Humongous regions: 80->80
[2430.226s][info][gc,metaspace   ] GC(421) Metaspace: 28951K(29248K)->28951K(29248K) NonClass: 24067K(24192K)->24067K(24192K) Class: 4883K(5056K)->4883K(5056K)
[2430.226s][info][gc             ] GC(421) Pause Young (Prepare Mixed) (G1 Evacuation Pause) 3620M->1448M(4096M) 117.700ms
[2430.226s][info][gc,cpu         ] GC(421) User=0.70s Sys=0.00s Real=0.12s
.....[2435.007s][info][gc,start       ] GC(422) Pause Young (Mixed) (G1 Evacuation Pause)
[2435.007s][info][gc,task        ] GC(422) Using 6 workers of 6 for evacuation
[2435.142s][info][gc,phases      ] GC(422)   Pre Evacuate Collection Set: 0.39ms
[2435.142s][info][gc,phases      ] GC(422)   Merge Heap Roots: 0.79ms
[2435.142s][info][gc,phases      ] GC(422)   Evacuate Collection Set: 132.60ms
[2435.142s][info][gc,phases      ] GC(422)   Post Evacuate Collection Set: 0.95ms
[2435.142s][info][gc,phases      ] GC(422)   Other: 0.09ms
[2435.142s][info][gc,heap        ] GC(422) Eden regions: 1108->0(1120)
[2435.142s][info][gc,heap        ] GC(422) Survivor regions: 111->108(153)
[2435.142s][info][gc,heap        ] GC(422) Old regions: 535->471
[2435.142s][info][gc,heap        ] GC(422) Humongous regions: 80->80
[2435.142s][info][gc,metaspace   ] GC(422) Metaspace: 28951K(29248K)->28951K(29248K) NonClass: 24067K(24192K)->24067K(24192K) Class: 4883K(5056K)->4883K(5056K)
[2435.142s][info][gc             ] GC(422) Pause Young (Mixed) (G1 Evacuation Pause) 3664M->1315M(4096M) 134.970ms
[2435.142s][info][gc,cpu         ] GC(422) User=0.80s Sys=0.00s Real=0.13s
.....[2439.841s][info][gc,start       ] GC(423) Pause Young (Concurrent Start) (G1 Evacuation Pause)
[2439.841s][info][gc,task        ] GC(423) Using 6 workers of 6 for evacuation
[2439.958s][info][gc,phases      ] GC(423)   Pre Evacuate Collection Set: 0.48ms
[2439.958s][info][gc,phases      ] GC(423)   Merge Heap Roots: 0.56ms
[2439.958s][info][gc,phases      ] GC(423)   Evacuate Collection Set: 114.33ms
[2439.958s][info][gc,phases      ] GC(423)   Post Evacuate Collection Set: 0.94ms
[2439.958s][info][gc,phases      ] GC(423)   Other: 0.14ms
[2439.958s][info][gc,heap        ] GC(423) Eden regions: 1120->0(1120)
[2439.958s][info][gc,heap        ] GC(423) Survivor regions: 108->108(154)
[2439.958s][info][gc,heap        ] GC(423) Old regions: 471->503
[2439.958s][info][gc,heap        ] GC(423) Humongous regions: 80->80
[2439.958s][info][gc,metaspace   ] GC(423) Metaspace: 28951K(29248K)->28951K(29248K) NonClass: 24067K(24192K)->24067K(24192K) Class: 4883K(5056K)->4883K(5056K)
[2439.958s][info][gc             ] GC(423) Pause Young (Concurrent Start) (G1 Evacuation Pause) 3555M->1379M(4096M) 116.579ms
[2439.958s][info][gc             ] GC(424) Concurrent Mark Cycle
[2439.958s][info][gc,marking     ] GC(424) Concurrent Scan Root Regions
[2439.958s][info][gc,cpu         ] GC(423) User=0.69s Sys=0.01s Real=0.12s
[2440.118s][info][gc,marking     ] GC(424) Concurrent Scan Root Regions 159.721ms
[2440.118s][info][gc,marking     ] GC(424) Concurrent Mark
[2440.118s][info][gc,marking     ] GC(424) Concurrent Mark From Roots
[2440.118s][info][gc,task        ] GC(424) Using 2 workers of 2 for marking
.[2440.804s][info][gc,marking     ] GC(424) Concurrent Mark From Roots 686.514ms
[2440.804s][info][gc,marking     ] GC(424) Concurrent Preclean
[2440.804s][info][gc,marking     ] GC(424) Concurrent Preclean 0.038ms
[2440.804s][info][gc,start       ] GC(424) Pause Remark
[2440.808s][info][gc             ] GC(424) Pause Remark 1821M->1821M(4096M) 3.867ms
[2440.808s][info][gc,cpu         ] GC(424) User=0.02s Sys=0.00s Real=0.00s
[2440.808s][info][gc,marking     ] GC(424) Concurrent Mark 690.668ms
[2440.808s][info][gc,marking     ] GC(424) Concurrent Rebuild Remembered Sets and Scrub Regions
[2441.060s][info][gc,marking     ] GC(424) Concurrent Rebuild Remembered Sets and Scrub Regions 251.969ms
[2441.060s][info][gc,start       ] GC(424) Pause Cleanup
[2441.061s][info][gc             ] GC(424) Pause Cleanup 1927M->1927M(4096M) 0.143ms
[2441.061s][info][gc,cpu         ] GC(424) User=0.00s Sys=0.00s Real=0.00s
[2441.061s][info][gc,marking     ] GC(424) Concurrent Clear Claimed Marks
[2441.061s][info][gc,marking     ] GC(424) Concurrent Clear Claimed Marks 0.026ms
[2441.061s][info][gc,marking     ] GC(424) Concurrent Cleanup for Next Mark
[2441.064s][info][gc,marking     ] GC(424) Concurrent Cleanup for Next Mark 3.668ms
[2441.064s][info][gc             ] GC(424) Concurrent Mark Cycle 1106.495ms
....[2444.768s][info][gc,start       ] GC(425) Pause Young (Prepare Mixed) (G1 Evacuation Pause)
[2444.768s][info][gc,task        ] GC(425) Using 6 workers of 6 for evacuation
[2444.884s][info][gc,phases      ] GC(425)   Pre Evacuate Collection Set: 0.37ms
[2444.884s][info][gc,phases      ] GC(425)   Merge Heap Roots: 0.63ms
[2444.884s][info][gc,phases      ] GC(425)   Evacuate Collection Set: 113.88ms
[2444.884s][info][gc,phases      ] GC(425)   Post Evacuate Collection Set: 0.98ms
[2444.884s][info][gc,phases      ] GC(425)   Other: 0.09ms
[2444.884s][info][gc,heap        ] GC(425) Eden regions: 1120->0(1114)
[2444.884s][info][gc,heap        ] GC(425) Survivor regions: 108->108(154)
[2444.884s][info][gc,heap        ] GC(425) Old regions: 503->535
[2444.884s][info][gc,heap        ] GC(425) Humongous regions: 80->80
[2444.884s][info][gc,metaspace   ] GC(425) Metaspace: 28951K(29248K)->28951K(29248K) NonClass: 24067K(24192K)->24067K(24192K) Class: 4883K(5056K)->4883K(5056K)
[2444.884s][info][gc             ] GC(425) Pause Young (Prepare Mixed) (G1 Evacuation Pause) 3619M->1443M(4096M) 116.090ms
[2444.884s][info][gc,cpu         ] GC(425) User=0.69s Sys=0.00s Real=0.11s
.....[2449.650s][info][gc,start       ] GC(426) Pause Young (Mixed) (G1 Evacuation Pause)
[2449.650s][info][gc,task        ] GC(426) Using 6 workers of 6 for evacuation
[2449.786s][info][gc,phases      ] GC(426)   Pre Evacuate Collection Set: 0.39ms
[2449.786s][info][gc,phases      ] GC(426)   Merge Heap Roots: 0.73ms
[2449.786s][info][gc,phases      ] GC(426)   Evacuate Collection Set: 133.78ms
[2449.786s][info][gc,phases      ] GC(426)   Post Evacuate Collection Set: 0.96ms
[2449.786s][info][gc,phases      ] GC(426)   Other: 0.09ms
[2449.786s][info][gc,heap        ] GC(426) Eden regions: 1114->0(1118)
[2449.786s][info][gc,heap        ] GC(426) Survivor regions: 108->110(153)
[2449.786s][info][gc,heap        ] GC(426) Old regions: 535->471
[2449.786s][info][gc,heap        ] GC(426) Humongous regions: 80->80
[2449.786s][info][gc,metaspace   ] GC(426) Metaspace: 28951K(29248K)->28951K(29248K) NonClass: 24067K(24192K)->24067K(24192K) Class: 4883K(5056K)->4883K(5056K)
[2449.786s][info][gc             ] GC(426) Pause Young (Mixed) (G1 Evacuation Pause) 3671M->1319M(4096M) 136.083ms
[2449.786s][info][gc,cpu         ] GC(426) User=0.81s Sys=0.00s Real=0.14s
....[2454.572s][info][gc,start       ] GC(427) Pause Young (Concurrent Start) (G1 Evacuation Pause)
[2454.572s][info][gc,task        ] GC(427) Using 6 workers of 6 for evacuation
[2454.691s][info][gc,phases      ] GC(427)   Pre Evacuate Collection Set: 0.39ms
[2454.691s][info][gc,phases      ] GC(427)   Merge Heap Roots: 0.51ms
[2454.691s][info][gc,phases      ] GC(427)   Evacuate Collection Set: 116.70ms
[2454.691s][info][gc,phases      ] GC(427)   Post Evacuate Collection Set: 0.91ms
[2454.691s][info][gc,phases      ] GC(427)   Other: 0.12ms
[2454.691s][info][gc,heap        ] GC(427) Eden regions: 1118->0(1118)
[2454.691s][info][gc,heap        ] GC(427) Survivor regions: 110->110(154)
[2454.691s][info][gc,heap        ] GC(427) Old regions: 471->503
[2454.691s][info][gc,heap        ] GC(427) Humongous regions: 80->80
[2454.691s][info][gc,metaspace   ] GC(427) Metaspace: 28951K(29248K)->28951K(29248K) NonClass: 24067K(24192K)->24067K(24192K) Class: 4883K(5056K)->4883K(5056K)
[2454.691s][info][gc             ] GC(427) Pause Young (Concurrent Start) (G1 Evacuation Pause) 3555M->1384M(4096M) 118.748ms
[2454.691s][info][gc             ] GC(428) Concurrent Mark Cycle
[2454.691s][info][gc,marking     ] GC(428) Concurrent Scan Root Regions
[2454.691s][info][gc,cpu         ] GC(427) User=0.70s Sys=0.00s Real=0.12s
.[2454.847s][info][gc,marking     ] GC(428) Concurrent Scan Root Regions 155.784ms
[2454.847s][info][gc,marking     ] GC(428) Concurrent Mark
[2454.847s][info][gc,marking     ] GC(428) Concurrent Mark From Roots
[2454.847s][info][gc,task        ] GC(428) Using 2 workers of 2 for marking
[2455.537s][info][gc,marking     ] GC(428) Concurrent Mark From Roots 690.830ms
[2455.537s][info][gc,marking     ] GC(428) Concurrent Preclean
[2455.537s][info][gc,marking     ] GC(428) Concurrent Preclean 0.040ms
[2455.538s][info][gc,start       ] GC(428) Pause Remark
[2455.541s][info][gc             ] GC(428) Pause Remark 1822M->1822M(4096M) 3.602ms
[2455.541s][info][gc,cpu         ] GC(428) User=0.02s Sys=0.00s Real=0.00s
[2455.541s][info][gc,marking     ] GC(428) Concurrent Mark 694.741ms
[2455.541s][info][gc,marking     ] GC(428) Concurrent Rebuild Remembered Sets and Scrub Regions
.[2455.813s][info][gc,marking     ] GC(428) Concurrent Rebuild Remembered Sets and Scrub Regions 271.492ms
[2455.813s][info][gc,start       ] GC(428) Pause Cleanup
[2455.813s][info][gc             ] GC(428) Pause Cleanup 1973M->1973M(4096M) 0.124ms
[2455.813s][info][gc,cpu         ] GC(428) User=0.00s Sys=0.00s Real=0.00s
[2455.813s][info][gc,marking     ] GC(428) Concurrent Clear Claimed Marks
[2455.813s][info][gc,marking     ] GC(428) Concurrent Clear Claimed Marks 0.031ms
[2455.813s][info][gc,marking     ] GC(428) Concurrent Cleanup for Next Mark
[2455.816s][info][gc,marking     ] GC(428) Concurrent Cleanup for Next Mark 3.311ms
[2455.817s][info][gc             ] GC(428) Concurrent Mark Cycle 1125.827ms
...[2459.395s][info][gc,start       ] GC(429) Pause Young (Prepare Mixed) (G1 Evacuation Pause)
[2459.395s][info][gc,task        ] GC(429) Using 6 workers of 6 for evacuation
[2459.516s][info][gc,phases      ] GC(429)   Pre Evacuate Collection Set: 0.34ms
[2459.516s][info][gc,phases      ] GC(429)   Merge Heap Roots: 0.56ms
[2459.516s][info][gc,phases      ] GC(429)   Evacuate Collection Set: 118.37ms
[2459.516s][info][gc,phases      ] GC(429)   Post Evacuate Collection Set: 0.99ms
[2459.516s][info][gc,phases      ] GC(429)   Other: 0.10ms
[2459.516s][info][gc,heap        ] GC(429) Eden regions: 1118->0(1106)
[2459.516s][info][gc,heap        ] GC(429) Survivor regions: 110->112(154)
[2459.516s][info][gc,heap        ] GC(429) Old regions: 503->535
[2459.516s][info][gc,heap        ] GC(429) Humongous regions: 80->80
[2459.516s][info][gc,metaspace   ] GC(429) Metaspace: 28951K(29248K)->28951K(29248K) NonClass: 24067K(24192K)->24067K(24192K) Class: 4883K(5056K)->4883K(5056K)
[2459.516s][info][gc             ] GC(429) Pause Young (Prepare Mixed) (G1 Evacuation Pause) 3620M->1451M(4096M) 120.481ms
[2459.516s][info][gc,cpu         ] GC(429) User=0.72s Sys=0.00s Real=0.12s
.....[2464.281s][info][gc,start       ] GC(430) Pause Young (Mixed) (G1 Evacuation Pause)
[2464.281s][info][gc,task        ] GC(430) Using 6 workers of 6 for evacuation
[2464.415s][info][gc,phases      ] GC(430)   Pre Evacuate Collection Set: 0.36ms
[2464.415s][info][gc,phases      ] GC(430)   Merge Heap Roots: 0.73ms
[2464.415s][info][gc,phases      ] GC(430)   Evacuate Collection Set: 131.86ms
[2464.415s][info][gc,phases      ] GC(430)   Post Evacuate Collection Set: 0.97ms
[2464.415s][info][gc,phases      ] GC(430)   Other: 0.10ms
[2464.415s][info][gc,heap        ] GC(430) Eden regions: 1106->0(1118)
[2464.415s][info][gc,heap        ] GC(430) Survivor regions: 112->110(153)
[2464.415s][info][gc,heap        ] GC(430) Old regions: 535->472
[2464.415s][info][gc,heap        ] GC(430) Humongous regions: 80->80
[2464.415s][info][gc,metaspace   ] GC(430) Metaspace: 28951K(29248K)->28951K(29248K) NonClass: 24067K(24192K)->24067K(24192K) Class: 4883K(5056K)->4883K(5056K)
[2464.415s][info][gc             ] GC(430) Pause Young (Mixed) (G1 Evacuation Pause) 3663M->1322M(4096M) 134.152ms
[2464.415s][info][gc,cpu         ] GC(430) User=0.80s Sys=0.00s Real=0.14s
.....[2469.136s][info][gc,start       ] GC(431) Pause Young (Concurrent Start) (G1 Evacuation Pause)
[2469.136s][info][gc,task        ] GC(431) Using 6 workers of 6 for evacuation
[2469.252s][info][gc,phases      ] GC(431)   Pre Evacuate Collection Set: 0.39ms
[2469.252s][info][gc,phases      ] GC(431)   Merge Heap Roots: 0.49ms
[2469.252s][info][gc,phases      ] GC(431)   Evacuate Collection Set: 114.42ms
[2469.253s][info][gc,phases      ] GC(431)   Post Evacuate Collection Set: 0.92ms
[2469.253s][info][gc,phases      ] GC(431)   Other: 0.10ms
[2469.253s][info][gc,heap        ] GC(431) Eden regions: 1118->0(1119)
[2469.253s][info][gc,heap        ] GC(431) Survivor regions: 110->109(154)
[2469.253s][info][gc,heap        ] GC(431) Old regions: 472->504
[2469.253s][info][gc,heap        ] GC(431) Humongous regions: 80->80
[2469.253s][info][gc,metaspace   ] GC(431) Metaspace: 28951K(29248K)->28951K(29248K) NonClass: 24067K(24192K)->24067K(24192K) Class: 4883K(5056K)->4883K(5056K)
[2469.253s][info][gc             ] GC(431) Pause Young (Concurrent Start) (G1 Evacuation Pause) 3558M->1382M(4096M) 116.457ms
[2469.253s][info][gc             ] GC(432) Concurrent Mark Cycle
[2469.253s][info][gc,marking     ] GC(432) Concurrent Scan Root Regions
[2469.253s][info][gc,cpu         ] GC(431) User=0.69s Sys=0.00s Real=0.11s
[2469.412s][info][gc,marking     ] GC(432) Concurrent Scan Root Regions 159.727ms
[2469.412s][info][gc,marking     ] GC(432) Concurrent Mark
[2469.412s][info][gc,marking     ] GC(432) Concurrent Mark From Roots
[2469.412s][info][gc,task        ] GC(432) Using 2 workers of 2 for marking
.[2470.075s][info][gc,marking     ] GC(432) Concurrent Mark From Roots 662.155ms
[2470.075s][info][gc,marking     ] GC(432) Concurrent Preclean
[2470.075s][info][gc,marking     ] GC(432) Concurrent Preclean 0.053ms
[2470.075s][info][gc,start       ] GC(432) Pause Remark
[2470.078s][info][gc             ] GC(432) Pause Remark 1805M->1805M(4096M) 3.141ms
[2470.078s][info][gc,cpu         ] GC(432) User=0.02s Sys=0.00s Real=0.00s
[2470.078s][info][gc,marking     ] GC(432) Concurrent Mark 665.597ms
[2470.078s][info][gc,marking     ] GC(432) Concurrent Rebuild Remembered Sets and Scrub Regions
[2470.383s][info][gc,marking     ] GC(432) Concurrent Rebuild Remembered Sets and Scrub Regions 305.257ms
[2470.384s][info][gc,start       ] GC(432) Pause Cleanup
[2470.384s][info][gc             ] GC(432) Pause Cleanup 1956M->1956M(4096M) 0.134ms
[2470.384s][info][gc,cpu         ] GC(432) User=0.00s Sys=0.00s Real=0.00s
[2470.384s][info][gc,marking     ] GC(432) Concurrent Clear Claimed Marks
[2470.384s][info][gc,marking     ] GC(432) Concurrent Clear Claimed Marks 0.031ms
[2470.384s][info][gc,marking     ] GC(432) Concurrent Cleanup for Next Mark
[2470.389s][info][gc,marking     ] GC(432) Concurrent Cleanup for Next Mark 4.375ms
[2470.389s][info][gc             ] GC(432) Concurrent Mark Cycle 1136.040ms
....[2474.075s][info][gc,start       ] GC(433) Pause Young (Prepare Mixed) (G1 Evacuation Pause)
[2474.076s][info][gc,task        ] GC(433) Using 6 workers of 6 for evacuation
[2474.192s][info][gc,phases      ] GC(433)   Pre Evacuate Collection Set: 0.32ms
[2474.192s][info][gc,phases      ] GC(433)   Merge Heap Roots: 0.55ms
[2474.192s][info][gc,phases      ] GC(433)   Evacuate Collection Set: 114.56ms
[2474.192s][info][gc,phases      ] GC(433)   Post Evacuate Collection Set: 0.94ms
[2474.192s][info][gc,phases      ] GC(433)   Other: 0.10ms
[2474.192s][info][gc,heap        ] GC(433) Eden regions: 1119->0(1113)
[2474.192s][info][gc,heap        ] GC(433) Survivor regions: 109->108(154)
[2474.192s][info][gc,heap        ] GC(433) Old regions: 504->536
[2474.192s][info][gc,heap        ] GC(433) Humongous regions: 80->80
[2474.192s][info][gc,metaspace   ] GC(433) Metaspace: 28951K(29248K)->28951K(29248K) NonClass: 24067K(24192K)->24067K(24192K) Class: 4883K(5056K)->4883K(5056K)
[2474.192s][info][gc             ] GC(433) Pause Young (Prepare Mixed) (G1 Evacuation Pause) 3620M->1445M(4096M) 116.594ms
[2474.192s][info][gc,cpu         ] GC(433) User=0.69s Sys=0.00s Real=0.11s
.....[2478.892s][info][gc,start       ] GC(434) Pause Young (Mixed) (G1 Evacuation Pause)
[2478.892s][info][gc,task        ] GC(434) Using 6 workers of 6 for evacuation
[2479.023s][info][gc,phases      ] GC(434)   Pre Evacuate Collection Set: 0.34ms
[2479.023s][info][gc,phases      ] GC(434)   Merge Heap Roots: 0.68ms
[2479.023s][info][gc,phases      ] GC(434)   Evacuate Collection Set: 128.75ms
[2479.023s][info][gc,phases      ] GC(434)   Post Evacuate Collection Set: 0.96ms
[2479.023s][info][gc,phases      ] GC(434)   Other: 0.09ms
[2479.023s][info][gc,heap        ] GC(434) Eden regions: 1113->0(1120)
[2479.023s][info][gc,heap        ] GC(434) Survivor regions: 108->108(153)
[2479.023s][info][gc,heap        ] GC(434) Old regions: 536->472
[2479.023s][info][gc,heap        ] GC(434) Humongous regions: 80->80
[2479.023s][info][gc,metaspace   ] GC(434) Metaspace: 28951K(29248K)->28951K(29248K) NonClass: 24067K(24192K)->24067K(24192K) Class: 4883K(5056K)->4883K(5056K)
[2479.023s][info][gc             ] GC(434) Pause Young (Mixed) (G1 Evacuation Pause) 3671M->1316M(4096M) 130.939ms
[2479.023s][info][gc,cpu         ] GC(434) User=0.78s Sys=0.00s Real=0.13s
.... (rIR:aIR:PR = 3874:3873:3873) (tPR = 57994) [OK] 
  2482s: Performance info:
         Transaction,    Success,    Partial,     Failed,   Receipts, AvgBarcode, 
             Overall,     232887,          0,          0,     221241,      59.47, 
         Response times:
             Request,    Success,    Partial,     Failed,   SkipFail,     Probes,    Samples,      min,      p50,      p90,      p95,      p99,      max, 
       TotalPurchase,     221241,          0,          0,          0,     217050,     235698,      300,     3100,     5300,     7200,    29000,   204000,
     InStorePurchase,     116433,          0,          0,          0,     114735,     124333,      300,     3100,     5300,     7200,    29000,   204000,
      OnlinePurchase,      81531,          0,          0,          0,      79820,      86549,      300,     3000,     5300,     7200,    29000,   204000,
        InstPurchase,      23277,          0,          0,          0,      22495,      24816,      400,     3100,     5300,     7200,    31000,   204000,
          AssocOfCat,        232,          0,          0,          0,        179,        271,    21000,    31000,    44000,    53000,    83520,   164000,
      AssocOfProduct,       2332,          0,          0,          0,       2130,       2480,     1600,     4000,     6290,     9095,    36190,   142000,
      BusinessReport,        584,          0,          0,          0,        495,        653,    24000,    34000,    50000,    61000,   133560,   210000,
          CustBuyBeh,       2324,          0,          0,          0,       2123,       2441,      900,     3900,     6100,     9280,    39000,   140000,
       ProductReturn,       6174,          0,          0,          0,       5815,       6570,      300,     3300,     5400,     8100,    31000,   166000,

  2482s: (29%)   IR =   4013 [2483.756s][info][gc,start       ] GC(435) Pause Young (Concurrent Start) (G1 Evacuation Pause)
[2483.756s][info][gc,task        ] GC(435) Using 6 workers of 6 for evacuation
[2483.875s][info][gc,phases      ] GC(435)   Pre Evacuate Collection Set: 0.41ms
[2483.875s][info][gc,phases      ] GC(435)   Merge Heap Roots: 0.55ms
[2483.875s][info][gc,phases      ] GC(435)   Evacuate Collection Set: 117.30ms
[2483.875s][info][gc,phases      ] GC(435)   Post Evacuate Collection Set: 1.03ms
[2483.875s][info][gc,phases      ] GC(435)   Other: 0.12ms
[2483.875s][info][gc,heap        ] GC(435) Eden regions: 1120->0(1118)
[2483.875s][info][gc,heap        ] GC(435) Survivor regions: 108->110(154)
[2483.875s][info][gc,heap        ] GC(435) Old regions: 472->504
[2483.875s][info][gc,heap        ] GC(435) Humongous regions: 80->80
[2483.875s][info][gc,metaspace   ] GC(435) Metaspace: 28951K(29248K)->28951K(29248K) NonClass: 24068K(24192K)->24068K(24192K) Class: 4883K(5056K)->4883K(5056K)
[2483.876s][info][gc             ] GC(435) Pause Young (Concurrent Start) (G1 Evacuation Pause) 3556M->1386M(4096M) 119.565ms
[2483.876s][info][gc             ] GC(436) Concurrent Mark Cycle
[2483.876s][info][gc,marking     ] GC(436) Concurrent Scan Root Regions
[2483.876s][info][gc,cpu         ] GC(435) User=0.71s Sys=0.00s Real=0.12s
.[2484.043s][info][gc,marking     ] GC(436) Concurrent Scan Root Regions 167.623ms
[2484.043s][info][gc,marking     ] GC(436) Concurrent Mark
[2484.043s][info][gc,marking     ] GC(436) Concurrent Mark From Roots
[2484.043s][info][gc,task        ] GC(436) Using 2 workers of 2 for marking
.[2484.975s][info][gc,marking     ] GC(436) Concurrent Mark From Roots 931.921ms
[2484.975s][info][gc,marking     ] GC(436) Concurrent Preclean
[2484.975s][info][gc,marking     ] GC(436) Concurrent Preclean 0.087ms
[2484.975s][info][gc,start       ] GC(436) Pause Remark
[2484.979s][info][gc             ] GC(436) Pause Remark 1943M->1943M(4096M) 4.025ms
[2484.979s][info][gc,cpu         ] GC(436) User=0.03s Sys=0.00s Real=0.00s
[2484.980s][info][gc,marking     ] GC(436) Concurrent Mark 936.290ms
[2484.980s][info][gc,marking     ] GC(436) Concurrent Rebuild Remembered Sets and Scrub Regions
[2485.217s][info][gc,marking     ] GC(436) Concurrent Rebuild Remembered Sets and Scrub Regions 237.256ms
[2485.217s][info][gc,start       ] GC(436) Pause Cleanup
[2485.217s][info][gc             ] GC(436) Pause Cleanup 2052M->2052M(4096M) 0.143ms
[2485.217s][info][gc,cpu         ] GC(436) User=0.00s Sys=0.00s Real=0.00s
[2485.217s][info][gc,marking     ] GC(436) Concurrent Clear Claimed Marks
[2485.217s][info][gc,marking     ] GC(436) Concurrent Clear Claimed Marks 0.027ms
[2485.217s][info][gc,marking     ] GC(436) Concurrent Cleanup for Next Mark
[2485.221s][info][gc,marking     ] GC(436) Concurrent Cleanup for Next Mark 3.805ms
[2485.221s][info][gc             ] GC(436) Concurrent Mark Cycle 1345.493ms
...[2488.502s][info][gc,start       ] GC(437) Pause Young (Prepare Mixed) (G1 Evacuation Pause)
[2488.502s][info][gc,task        ] GC(437) Using 6 workers of 6 for evacuation
[2488.623s][info][gc,phases      ] GC(437)   Pre Evacuate Collection Set: 0.38ms
[2488.623s][info][gc,phases      ] GC(437)   Merge Heap Roots: 0.62ms
[2488.623s][info][gc,phases      ] GC(437)   Evacuate Collection Set: 118.85ms
[2488.623s][info][gc,phases      ] GC(437)   Post Evacuate Collection Set: 1.04ms
[2488.623s][info][gc,phases      ] GC(437)   Other: 0.10ms
[2488.623s][info][gc,heap        ] GC(437) Eden regions: 1118->0(1107)
[2488.623s][info][gc,heap        ] GC(437) Survivor regions: 110->111(154)
[2488.623s][info][gc,heap        ] GC(437) Old regions: 504->536
[2488.623s][info][gc,heap        ] GC(437) Humongous regions: 80->80
[2488.623s][info][gc,metaspace   ] GC(437) Metaspace: 28951K(29248K)->28951K(29248K) NonClass: 24068K(24192K)->24068K(24192K) Class: 4883K(5056K)->4883K(5056K)
[2488.623s][info][gc             ] GC(437) Pause Young (Prepare Mixed) (G1 Evacuation Pause) 3622M->1451M(4096M) 121.108ms
[2488.623s][info][gc,cpu         ] GC(437) User=0.72s Sys=0.00s Real=0.12s
.....[2493.143s][info][gc,start       ] GC(438) Pause Young (Mixed) (G1 Evacuation Pause)
[2493.144s][info][gc,task        ] GC(438) Using 6 workers of 6 for evacuation
[2493.281s][info][gc,phases      ] GC(438)   Pre Evacuate Collection Set: 0.41ms
[2493.281s][info][gc,phases      ] GC(438)   Merge Heap Roots: 0.82ms
[2493.281s][info][gc,phases      ] GC(438)   Evacuate Collection Set: 134.75ms
[2493.281s][info][gc,phases      ] GC(438)   Post Evacuate Collection Set: 0.97ms
[2493.281s][info][gc,phases      ] GC(438)   Other: 0.10ms
[2493.281s][info][gc,heap        ] GC(438) Eden regions: 1107->0(1118)
[2493.281s][info][gc,heap        ] GC(438) Survivor regions: 111->110(153)
[2493.281s][info][gc,heap        ] GC(438) Old regions: 536->473
[2493.281s][info][gc,heap        ] GC(438) Humongous regions: 80->80
[2493.281s][info][gc,metaspace   ] GC(438) Metaspace: 28951K(29248K)->28951K(29248K) NonClass: 24068K(24192K)->24068K(24192K) Class: 4883K(5056K)->4883K(5056K)
[2493.281s][info][gc             ] GC(438) Pause Young (Mixed) (G1 Evacuation Pause) 3665M->1323M(4096M) 137.195ms
[2493.281s][info][gc,cpu         ] GC(438) User=0.81s Sys=0.00s Real=0.14s
...|..[2497.934s][info][gc,start       ] GC(439) Pause Young (Concurrent Start) (G1 Evacuation Pause)
[2497.934s][info][gc,task        ] GC(439) Using 6 workers of 6 for evacuation
[2498.050s][info][gc,phases      ] GC(439)   Pre Evacuate Collection Set: 0.45ms
[2498.050s][info][gc,phases      ] GC(439)   Merge Heap Roots: 0.55ms
[2498.050s][info][gc,phases      ] GC(439)   Evacuate Collection Set: 113.84ms
[2498.050s][info][gc,phases      ] GC(439)   Post Evacuate Collection Set: 0.88ms
[2498.050s][info][gc,phases      ] GC(439)   Other: 0.13ms
[2498.050s][info][gc,heap        ] GC(439) Eden regions: 1118->0(1120)
[2498.050s][info][gc,heap        ] GC(439) Survivor regions: 110->108(154)
[2498.050s][info][gc,heap        ] GC(439) Old regions: 473->504
[2498.050s][info][gc,heap        ] GC(439) Humongous regions: 80->80
[2498.050s][info][gc,metaspace   ] GC(439) Metaspace: 28951K(29248K)->28951K(29248K) NonClass: 24068K(24192K)->24068K(24192K) Class: 4883K(5056K)->4883K(5056K)
[2498.050s][info][gc             ] GC(439) Pause Young (Concurrent Start) (G1 Evacuation Pause) 3559M->1381M(4096M) 115.988ms
[2498.050s][info][gc             ] GC(440) Concurrent Mark Cycle
[2498.050s][info][gc,marking     ] GC(440) Concurrent Scan Root Regions
[2498.050s][info][gc,cpu         ] GC(439) User=0.69s Sys=0.00s Real=0.12s
[2498.219s][info][gc,marking     ] GC(440) Concurrent Scan Root Regions 169.574ms
[2498.220s][info][gc,marking     ] GC(440) Concurrent Mark
[2498.220s][info][gc,marking     ] GC(440) Concurrent Mark From Roots
[2498.220s][info][gc,task        ] GC(440) Using 2 workers of 2 for marking
[2498.841s][info][gc,marking     ] GC(440) Concurrent Mark From Roots 621.248ms
[2498.841s][info][gc,marking     ] GC(440) Concurrent Preclean
[2498.841s][info][gc,marking     ] GC(440) Concurrent Preclean 0.046ms
[2498.841s][info][gc,start       ] GC(440) Pause Remark
[2498.845s][info][gc             ] GC(440) Pause Remark 1851M->1851M(4096M) 3.785ms
[2498.845s][info][gc,cpu         ] GC(440) User=0.02s Sys=0.00s Real=0.01s
[2498.846s][info][gc,marking     ] GC(440) Concurrent Mark 626.427ms
[2498.846s][info][gc,marking     ] GC(440) Concurrent Rebuild Remembered Sets and Scrub Regions
.[2499.079s][info][gc,marking     ] GC(440) Concurrent Rebuild Remembered Sets and Scrub Regions 232.940ms
[2499.079s][info][gc,start       ] GC(440) Pause Cleanup
[2499.079s][info][gc             ] GC(440) Pause Cleanup 1961M->1961M(4096M) 0.134ms
[2499.079s][info][gc,cpu         ] GC(440) User=0.00s Sys=0.00s Real=0.00s
[2499.079s][info][gc,marking     ] GC(440) Concurrent Clear Claimed Marks
[2499.079s][info][gc,marking     ] GC(440) Concurrent Clear Claimed Marks 0.031ms
[2499.079s][info][gc,marking     ] GC(440) Concurrent Cleanup for Next Mark
[2499.085s][info][gc,marking     ] GC(440) Concurrent Cleanup for Next Mark 5.906ms
[2499.085s][info][gc             ] GC(440) Concurrent Mark Cycle 1035.418ms
...[2502.567s][info][gc,start       ] GC(441) Pause Young (Prepare Mixed) (G1 Evacuation Pause)
[2502.567s][info][gc,task        ] GC(441) Using 6 workers of 6 for evacuation
[2502.686s][info][gc,phases      ] GC(441)   Pre Evacuate Collection Set: 0.39ms
[2502.686s][info][gc,phases      ] GC(441)   Merge Heap Roots: 0.63ms
[2502.686s][info][gc,phases      ] GC(441)   Evacuate Collection Set: 116.90ms
[2502.686s][info][gc,phases      ] GC(441)   Post Evacuate Collection Set: 0.96ms
[2502.686s][info][gc,phases      ] GC(441)   Other: 0.10ms
[2502.686s][info][gc,heap        ] GC(441) Eden regions: 1120->0(1108)
[2502.686s][info][gc,heap        ] GC(441) Survivor regions: 108->111(154)
[2502.686s][info][gc,heap        ] GC(441) Old regions: 504->535
[2502.686s][info][gc,heap        ] GC(441) Humongous regions: 80->80
[2502.686s][info][gc,metaspace   ] GC(441) Metaspace: 28951K(29248K)->28951K(29248K) NonClass: 24068K(24192K)->24068K(24192K) Class: 4883K(5056K)->4883K(5056K)
[2502.686s][info][gc             ] GC(441) Pause Young (Prepare Mixed) (G1 Evacuation Pause) 3621M->1449M(4096M) 119.142ms
[2502.686s][info][gc,cpu         ] GC(441) User=0.71s Sys=0.00s Real=0.12s
.....[2507.289s][info][gc,start       ] GC(442) Pause Young (Mixed) (G1 Evacuation Pause)
[2507.289s][info][gc,task        ] GC(442) Using 6 workers of 6 for evacuation
[2507.419s][info][gc,phases      ] GC(442)   Pre Evacuate Collection Set: 0.37ms
[2507.419s][info][gc,phases      ] GC(442)   Merge Heap Roots: 0.63ms
[2507.419s][info][gc,phases      ] GC(442)   Evacuate Collection Set: 128.41ms
[2507.419s][info][gc,phases      ] GC(442)   Post Evacuate Collection Set: 0.98ms
[2507.419s][info][gc,phases      ] GC(442)   Other: 0.09ms
[2507.419s][info][gc,heap        ] GC(442) Eden regions: 1108->0(1120)
[2507.419s][info][gc,heap        ] GC(442) Survivor regions: 111->108(153)
[2507.419s][info][gc,heap        ] GC(442) Old regions: 535->472
[2507.419s][info][gc,heap        ] GC(442) Humongous regions: 80->80
[2507.419s][info][gc,metaspace   ] GC(442) Metaspace: 28951K(29248K)->28951K(29248K) NonClass: 24068K(24192K)->24068K(24192K) Class: 4883K(5056K)->4883K(5056K)
[2507.419s][info][gc             ] GC(442) Pause Young (Mixed) (G1 Evacuation Pause) 3665M->1317M(4096M) 130.614ms
[2507.419s][info][gc,cpu         ] GC(442) User=0.78s Sys=0.00s Real=0.13s
.....[2512.064s][info][gc,start       ] GC(443) Pause Young (Concurrent Start) (G1 Evacuation Pause)
[2512.064s][info][gc,task        ] GC(443) Using 6 workers of 6 for evacuation
[2512.180s][info][gc,phases      ] GC(443)   Pre Evacuate Collection Set: 0.40ms
[2512.180s][info][gc,phases      ] GC(443)   Merge Heap Roots: 0.51ms
[2512.180s][info][gc,phases      ] GC(443)   Evacuate Collection Set: 113.81ms
[2512.180s][info][gc,phases      ] GC(443)   Post Evacuate Collection Set: 0.91ms
[2512.180s][info][gc,phases      ] GC(443)   Other: 0.13ms
[2512.180s][info][gc,heap        ] GC(443) Eden regions: 1120->0(1119)
[2512.180s][info][gc,heap        ] GC(443) Survivor regions: 108->109(154)
[2512.180s][info][gc,heap        ] GC(443) Old regions: 472->503
[2512.180s][info][gc,heap        ] GC(443) Humongous regions: 80->80
[2512.180s][info][gc,metaspace   ] GC(443) Metaspace: 28951K(29248K)->28951K(29248K) NonClass: 24068K(24192K)->24068K(24192K) Class: 4883K(5056K)->4883K(5056K)
[2512.180s][info][gc             ] GC(443) Pause Young (Concurrent Start) (G1 Evacuation Pause) 3557M->1381M(4096M) 115.893ms
[2512.180s][info][gc             ] GC(444) Concurrent Mark Cycle
[2512.180s][info][gc,marking     ] GC(444) Concurrent Scan Root Regions
[2512.180s][info][gc,cpu         ] GC(443) User=0.69s Sys=0.00s Real=0.12s
[2512.311s][info][gc,marking     ] GC(444) Concurrent Scan Root Regions 130.694ms
[2512.311s][info][gc,marking     ] GC(444) Concurrent Mark
[2512.311s][info][gc,marking     ] GC(444) Concurrent Mark From Roots
[2512.311s][info][gc,task        ] GC(444) Using 2 workers of 2 for marking
[2512.903s][info][gc,marking     ] GC(444) Concurrent Mark From Roots 592.316ms
[2512.903s][info][gc,marking     ] GC(444) Concurrent Preclean
[2512.903s][info][gc,marking     ] GC(444) Concurrent Preclean 0.044ms
[2512.904s][info][gc,start       ] GC(444) Pause Remark
[2512.907s][info][gc             ] GC(444) Pause Remark 1766M->1766M(4096M) 3.646ms
[2512.907s][info][gc,cpu         ] GC(444) User=0.02s Sys=0.00s Real=0.01s
[2512.908s][info][gc,marking     ] GC(444) Concurrent Mark 596.951ms
[2512.908s][info][gc,marking     ] GC(444) Concurrent Rebuild Remembered Sets and Scrub Regions
.[2513.121s][info][gc,marking     ] GC(444) Concurrent Rebuild Remembered Sets and Scrub Regions 213.081ms
[2513.121s][info][gc,start       ] GC(444) Pause Cleanup
[2513.121s][info][gc             ] GC(444) Pause Cleanup 1886M->1886M(4096M) 0.137ms
[2513.121s][info][gc,cpu         ] GC(444) User=0.00s Sys=0.00s Real=0.00s
[2513.121s][info][gc,marking     ] GC(444) Concurrent Clear Claimed Marks
[2513.121s][info][gc,marking     ] GC(444) Concurrent Clear Claimed Marks 0.027ms
[2513.121s][info][gc,marking     ] GC(444) Concurrent Cleanup for Next Mark
[2513.126s][info][gc,marking     ] GC(444) Concurrent Cleanup for Next Mark 4.367ms
[2513.126s][info][gc             ] GC(444) Concurrent Mark Cycle 945.633ms
...[2516.739s][info][gc,start       ] GC(445) Pause Young (Prepare Mixed) (G1 Evacuation Pause)
[2516.740s][info][gc,task        ] GC(445) Using 6 workers of 6 for evacuation
[2516.856s][info][gc,phases      ] GC(445)   Pre Evacuate Collection Set: 0.37ms
[2516.856s][info][gc,phases      ] GC(445)   Merge Heap Roots: 0.61ms
[2516.856s][info][gc,phases      ] GC(445)   Evacuate Collection Set: 114.40ms
[2516.856s][info][gc,phases      ] GC(445)   Post Evacuate Collection Set: 0.96ms
[2516.856s][info][gc,phases      ] GC(445)   Other: 0.09ms
[2516.856s][info][gc,heap        ] GC(445) Eden regions: 1119->0(1114)
[2516.856s][info][gc,heap        ] GC(445) Survivor regions: 109->108(154)
[2516.856s][info][gc,heap        ] GC(445) Old regions: 503->535
[2516.856s][info][gc,heap        ] GC(445) Humongous regions: 80->80
[2516.856s][info][gc,metaspace   ] GC(445) Metaspace: 28951K(29248K)->28951K(29248K) NonClass: 24068K(24192K)->24068K(24192K) Class: 4883K(5056K)->4883K(5056K)
[2516.856s][info][gc             ] GC(445) Pause Young (Prepare Mixed) (G1 Evacuation Pause) 3619M->1443M(4096M) 116.553ms
[2516.856s][info][gc,cpu         ] GC(445) User=0.69s Sys=0.00s Real=0.12s
.....[2521.376s][info][gc,start       ] GC(446) Pause Young (Mixed) (G1 Evacuation Pause)
[2521.376s][info][gc,task        ] GC(446) Using 6 workers of 6 for evacuation
[2521.512s][info][gc,phases      ] GC(446)   Pre Evacuate Collection Set: 0.38ms
[2521.512s][info][gc,phases      ] GC(446)   Merge Heap Roots: 0.71ms
[2521.512s][info][gc,phases      ] GC(446)   Evacuate Collection Set: 133.62ms
[2521.512s][info][gc,phases      ] GC(446)   Post Evacuate Collection Set: 0.98ms
[2521.512s][info][gc,phases      ] GC(446)   Other: 0.09ms
[2521.512s][info][gc,heap        ] GC(446) Eden regions: 1114->0(1117)
[2521.512s][info][gc,heap        ] GC(446) Survivor regions: 108->111(153)
[2521.512s][info][gc,heap        ] GC(446) Old regions: 535->472
[2521.512s][info][gc,heap        ] GC(446) Humongous regions: 80->80
[2521.512s][info][gc,metaspace   ] GC(446) Metaspace: 28951K(29248K)->28951K(29248K) NonClass: 24068K(24192K)->24068K(24192K) Class: 4883K(5056K)->4883K(5056K)
[2521.512s][info][gc             ] GC(446) Pause Young (Mixed) (G1 Evacuation Pause) 3671M->1322M(4096M) 135.898ms
[2521.512s][info][gc,cpu         ] GC(446) User=0.81s Sys=0.00s Real=0.13s
.....[2526.139s][info][gc,start       ] GC(447) Pause Young (Concurrent Start) (G1 Evacuation Pause)
[2526.139s][info][gc,task        ] GC(447) Using 6 workers of 6 for evacuation
[2526.261s][info][gc,phases      ] GC(447)   Pre Evacuate Collection Set: 0.41ms
[2526.261s][info][gc,phases      ] GC(447)   Merge Heap Roots: 0.50ms
[2526.261s][info][gc,phases      ] GC(447)   Evacuate Collection Set: 120.52ms
[2526.261s][info][gc,phases      ] GC(447)   Post Evacuate Collection Set: 0.91ms
[2526.261s][info][gc,phases      ] GC(447)   Other: 0.13ms
[2526.261s][info][gc,heap        ] GC(447) Eden regions: 1117->0(1117)
[2526.261s][info][gc,heap        ] GC(447) Survivor regions: 111->111(154)
[2526.261s][info][gc,heap        ] GC(447) Old regions: 472->503
[2526.261s][info][gc,heap        ] GC(447) Humongous regions: 80->80
[2526.261s][info][gc,metaspace   ] GC(447) Metaspace: 28951K(29248K)->28951K(29248K) NonClass: 24068K(24192K)->24068K(24192K) Class: 4883K(5056K)->4883K(5056K)
[2526.261s][info][gc             ] GC(447) Pause Young (Concurrent Start) (G1 Evacuation Pause) 3556M->1386M(4096M) 122.610ms
[2526.261s][info][gc             ] GC(448) Concurrent Mark Cycle
[2526.261s][info][gc,marking     ] GC(448) Concurrent Scan Root Regions
[2526.261s][info][gc,cpu         ] GC(447) User=0.71s Sys=0.00s Real=0.12s
[2526.397s][info][gc,marking     ] GC(448) Concurrent Scan Root Regions 135.760ms
[2526.397s][info][gc,marking     ] GC(448) Concurrent Mark
[2526.397s][info][gc,marking     ] GC(448) Concurrent Mark From Roots
[2526.397s][info][gc,task        ] GC(448) Using 2 workers of 2 for marking
.[2527.010s][info][gc,marking     ] GC(448) Concurrent Mark From Roots 612.700ms
[2527.010s][info][gc,marking     ] GC(448) Concurrent Preclean
[2527.010s][info][gc,marking     ] GC(448) Concurrent Preclean 0.040ms
[2527.010s][info][gc,start       ] GC(448) Pause Remark
[2527.013s][info][gc             ] GC(448) Pause Remark 1798M->1798M(4096M) 3.591ms
[2527.014s][info][gc,cpu         ] GC(448) User=0.02s Sys=0.00s Real=0.00s
[2527.014s][info][gc,marking     ] GC(448) Concurrent Mark 616.573ms
[2527.014s][info][gc,marking     ] GC(448) Concurrent Rebuild Remembered Sets and Scrub Regions
[2527.245s][info][gc,marking     ] GC(448) Concurrent Rebuild Remembered Sets and Scrub Regions 231.097ms
[2527.245s][info][gc,start       ] GC(448) Pause Cleanup
[2527.245s][info][gc             ] GC(448) Pause Cleanup 1910M->1910M(4096M) 0.118ms
[2527.245s][info][gc,cpu         ] GC(448) User=0.00s Sys=0.00s Real=0.00s
[2527.245s][info][gc,marking     ] GC(448) Concurrent Clear Claimed Marks
[2527.245s][info][gc,marking     ] GC(448) Concurrent Clear Claimed Marks 0.030ms
[2527.245s][info][gc,marking     ] GC(448) Concurrent Cleanup for Next Mark
[2527.248s][info][gc,marking     ] GC(448) Concurrent Cleanup for Next Mark 3.143ms
[2527.248s][info][gc             ] GC(448) Concurrent Mark Cycle 987.094ms
...[2530.872s][info][gc,start       ] GC(449) Pause Young (Prepare Mixed) (G1 Evacuation Pause)
[2530.872s][info][gc,task        ] GC(449) Using 6 workers of 6 for evacuation
[2530.989s][info][gc,phases      ] GC(449)   Pre Evacuate Collection Set: 0.34ms
[2530.989s][info][gc,phases      ] GC(449)   Merge Heap Roots: 0.55ms
[2530.989s][info][gc,phases      ] GC(449)   Evacuate Collection Set: 114.91ms
[2530.989s][info][gc,phases      ] GC(449)   Post Evacuate Collection Set: 0.95ms
[2530.989s][info][gc,phases      ] GC(449)   Other: 0.09ms
[2530.989s][info][gc,heap        ] GC(449) Eden regions: 1117->0(1113)
[2530.989s][info][gc,heap        ] GC(449) Survivor regions: 111->109(154)
[2530.989s][info][gc,heap        ] GC(449) Old regions: 503->534
[2530.989s][info][gc,heap        ] GC(449) Humongous regions: 80->80
[2530.989s][info][gc,metaspace   ] GC(449) Metaspace: 28951K(29248K)->28951K(29248K) NonClass: 24068K(24192K)->24068K(24192K) Class: 4883K(5056K)->4883K(5056K)
[2530.989s][info][gc             ] GC(449) Pause Young (Prepare Mixed) (G1 Evacuation Pause) 3620M->1443M(4096M) 116.988ms
[2530.989s][info][gc,cpu         ] GC(449) User=0.70s Sys=0.00s Real=0.12s
.....[2535.590s][info][gc,start       ] GC(450) Pause Young (Mixed) (G1 Evacuation Pause)
[2535.590s][info][gc,task        ] GC(450) Using 6 workers of 6 for evacuation
[2535.724s][info][gc,phases      ] GC(450)   Pre Evacuate Collection Set: 0.40ms
[2535.724s][info][gc,phases      ] GC(450)   Merge Heap Roots: 0.77ms
[2535.724s][info][gc,phases      ] GC(450)   Evacuate Collection Set: 131.72ms
[2535.724s][info][gc,phases      ] GC(450)   Post Evacuate Collection Set: 0.97ms
[2535.724s][info][gc,phases      ] GC(450)   Other: 0.10ms
[2535.724s][info][gc,heap        ] GC(450) Eden regions: 1113->0(1118)
[2535.724s][info][gc,heap        ] GC(450) Survivor regions: 109->110(153)
[2535.724s][info][gc,heap        ] GC(450) Old regions: 534->471
[2535.724s][info][gc,heap        ] GC(450) Humongous regions: 80->80
[2535.724s][info][gc,metaspace   ] GC(450) Metaspace: 28951K(29248K)->28951K(29248K) NonClass: 24068K(24192K)->24068K(24192K) Class: 4883K(5056K)->4883K(5056K)
[2535.724s][info][gc             ] GC(450) Pause Young (Mixed) (G1 Evacuation Pause) 3669M->1318M(4096M) 134.101ms
[2535.724s][info][gc,cpu         ] GC(450) User=0.80s Sys=0.00s Real=0.13s
.....[2540.272s][info][gc,start       ] GC(451) Pause Young (Concurrent Start) (G1 Evacuation Pause)
[2540.272s][info][gc,task        ] GC(451) Using 6 workers of 6 for evacuation
[2540.390s][info][gc,phases      ] GC(451)   Pre Evacuate Collection Set: 0.39ms
[2540.390s][info][gc,phases      ] GC(451)   Merge Heap Roots: 0.47ms
[2540.390s][info][gc,phases      ] GC(451)   Evacuate Collection Set: 116.64ms
[2540.390s][info][gc,phases      ] GC(451)   Post Evacuate Collection Set: 0.91ms
[2540.390s][info][gc,phases      ] GC(451)   Other: 0.13ms
[2540.390s][info][gc,heap        ] GC(451) Eden regions: 1118->0(1120)
[2540.390s][info][gc,heap        ] GC(451) Survivor regions: 110->108(154)
[2540.390s][info][gc,heap        ] GC(451) Old regions: 471->503
[2540.390s][info][gc,heap        ] GC(451) Humongous regions: 80->80
[2540.390s][info][gc,metaspace   ] GC(451) Metaspace: 28951K(29248K)->28951K(29248K) NonClass: 24068K(24192K)->24068K(24192K) Class: 4883K(5056K)->4883K(5056K)
[2540.390s][info][gc             ] GC(451) Pause Young (Concurrent Start) (G1 Evacuation Pause) 3554M->1380M(4096M) 118.687ms
[2540.390s][info][gc             ] GC(452) Concurrent Mark Cycle
[2540.390s][info][gc,marking     ] GC(452) Concurrent Scan Root Regions
[2540.390s][info][gc,cpu         ] GC(451) User=0.70s Sys=0.00s Real=0.12s
[2540.516s][info][gc,marking     ] GC(452) Concurrent Scan Root Regions 125.847ms
[2540.516s][info][gc,marking     ] GC(452) Concurrent Mark
[2540.516s][info][gc,marking     ] GC(452) Concurrent Mark From Roots
[2540.516s][info][gc,task        ] GC(452) Using 2 workers of 2 for marking
.[2541.105s][info][gc,marking     ] GC(452) Concurrent Mark From Roots 588.966ms
[2541.105s][info][gc,marking     ] GC(452) Concurrent Preclean
[2541.105s][info][gc,marking     ] GC(452) Concurrent Preclean 0.045ms
[2541.106s][info][gc,start       ] GC(452) Pause Remark
[2541.110s][info][gc             ] GC(452) Pause Remark 1760M->1760M(4096M) 3.695ms
[2541.110s][info][gc,cpu         ] GC(452) User=0.02s Sys=0.00s Real=0.00s
[2541.110s][info][gc,marking     ] GC(452) Concurrent Mark 594.017ms
[2541.110s][info][gc,marking     ] GC(452) Concurrent Rebuild Remembered Sets and Scrub Regions
[2541.395s][info][gc,marking     ] GC(452) Concurrent Rebuild Remembered Sets and Scrub Regions 284.931ms
[2541.395s][info][gc,start       ] GC(452) Pause Cleanup
[2541.396s][info][gc             ] GC(452) Pause Cleanup 1896M->1896M(4096M) 0.117ms
[2541.396s][info][gc,cpu         ] GC(452) User=0.00s Sys=0.00s Real=0.00s
[2541.396s][info][gc,marking     ] GC(452) Concurrent Clear Claimed Marks
[2541.396s][info][gc,marking     ] GC(452) Concurrent Clear Claimed Marks 0.027ms
[2541.396s][info][gc,marking     ] GC(452) Concurrent Cleanup for Next Mark
[2541.399s][info][gc,marking     ] GC(452) Concurrent Cleanup for Next Mark 3.477ms
[2541.399s][info][gc             ] GC(452) Concurrent Mark Cycle 1008.735ms
....[2545.032s][info][gc,start       ] GC(453) Pause Young (Prepare Mixed) (G1 Evacuation Pause)
[2545.032s][info][gc,task        ] GC(453) Using 6 workers of 6 for evacuation
[2545.149s][info][gc,phases      ] GC(453)   Pre Evacuate Collection Set: 0.34ms
[2545.149s][info][gc,phases      ] GC(453)   Merge Heap Roots: 0.52ms
[2545.149s][info][gc,phases      ] GC(453)   Evacuate Collection Set: 115.26ms
[2545.149s][info][gc,phases      ] GC(453)   Post Evacuate Collection Set: 0.93ms
[2545.149s][info][gc,phases      ] GC(453)   Other: 0.09ms
[2545.149s][info][gc,heap        ] GC(453) Eden regions: 1120->0(1112)
[2545.149s][info][gc,heap        ] GC(453) Survivor regions: 108->109(154)
[2545.149s][info][gc,heap        ] GC(453) Old regions: 503->535
[2545.149s][info][gc,heap        ] GC(453) Humongous regions: 80->80
[2545.149s][info][gc,metaspace   ] GC(453) Metaspace: 28951K(29248K)->28951K(29248K) NonClass: 24068K(24192K)->24068K(24192K) Class: 4883K(5056K)->4883K(5056K)
[2545.149s][info][gc             ] GC(453) Pause Young (Prepare Mixed) (G1 Evacuation Pause) 3620M->1446M(4096M) 117.286ms
[2545.149s][info][gc,cpu         ] GC(453) User=0.70s Sys=0.00s Real=0.12s
....[2549.714s][info][gc,start       ] GC(454) Pause Young (Mixed) (G1 Evacuation Pause)
[2549.714s][info][gc,task        ] GC(454) Using 6 workers of 6 for evacuation
[2549.848s][info][gc,phases      ] GC(454)   Pre Evacuate Collection Set: 0.37ms
[2549.848s][info][gc,phases      ] GC(454)   Merge Heap Roots: 0.77ms
[2549.848s][info][gc,phases      ] GC(454)   Evacuate Collection Set: 131.32ms
[2549.848s][info][gc,phases      ] GC(454)   Post Evacuate Collection Set: 0.96ms
[2549.848s][info][gc,phases      ] GC(454)   Other: 0.09ms
[2549.848s][info][gc,heap        ] GC(454) Eden regions: 1112->0(1120)
[2549.848s][info][gc,heap        ] GC(454) Survivor regions: 109->108(153)
[2549.848s][info][gc,heap        ] GC(454) Old regions: 535->473
[2549.848s][info][gc,heap        ] GC(454) Humongous regions: 80->80
[2549.848s][info][gc,metaspace   ] GC(454) Metaspace: 28951K(29248K)->28951K(29248K) NonClass: 24068K(24192K)->24068K(24192K) Class: 4883K(5056K)->4883K(5056K)
[2549.848s][info][gc             ] GC(454) Pause Young (Mixed) (G1 Evacuation Pause) 3670M->1319M(4096M) 133.637ms
[2549.848s][info][gc,cpu         ] GC(454) User=0.80s Sys=0.00s Real=0.13s
.....[2554.431s][info][gc,start       ] GC(455) Pause Young (Concurrent Start) (G1 Evacuation Pause)
[2554.431s][info][gc,task        ] GC(455) Using 6 workers of 6 for evacuation
[2554.548s][info][gc,phases      ] GC(455)   Pre Evacuate Collection Set: 0.41ms
[2554.548s][info][gc,phases      ] GC(455)   Merge Heap Roots: 0.48ms
[2554.548s][info][gc,phases      ] GC(455)   Evacuate Collection Set: 115.71ms
[2554.548s][info][gc,phases      ] GC(455)   Post Evacuate Collection Set: 0.91ms
[2554.548s][info][gc,phases      ] GC(455)   Other: 0.10ms
[2554.548s][info][gc,heap        ] GC(455) Eden regions: 1120->0(1119)
[2554.548s][info][gc,heap        ] GC(455) Survivor regions: 108->109(154)
[2554.548s][info][gc,heap        ] GC(455) Old regions: 473->506
[2554.548s][info][gc,heap        ] GC(455) Humongous regions: 80->80
[2554.548s][info][gc,metaspace   ] GC(455) Metaspace: 28951K(29248K)->28951K(29248K) NonClass: 24068K(24192K)->24068K(24192K) Class: 4883K(5056K)->4883K(5056K)
[2554.548s][info][gc             ] GC(455) Pause Young (Concurrent Start) (G1 Evacuation Pause) 3559M->1387M(4096M) 117.724ms
[2554.548s][info][gc             ] GC(456) Concurrent Mark Cycle
[2554.548s][info][gc,marking     ] GC(456) Concurrent Scan Root Regions
[2554.549s][info][gc,cpu         ] GC(455) User=0.70s Sys=0.00s Real=0.12s
[2554.682s][info][gc,marking     ] GC(456) Concurrent Scan Root Regions 133.053ms
[2554.682s][info][gc,marking     ] GC(456) Concurrent Mark
[2554.682s][info][gc,marking     ] GC(456) Concurrent Mark From Roots
[2554.682s][info][gc,task        ] GC(456) Using 2 workers of 2 for marking
.[2555.274s][info][gc,marking     ] GC(456) Concurrent Mark From Roots 592.817ms
[2555.274s][info][gc,marking     ] GC(456) Concurrent Preclean
[2555.275s][info][gc,marking     ] GC(456) Concurrent Preclean 0.049ms
[2555.275s][info][gc,start       ] GC(456) Pause Remark
[2555.278s][info][gc             ] GC(456) Pause Remark 1776M->1776M(4096M) 3.524ms
[2555.278s][info][gc,cpu         ] GC(456) User=0.02s Sys=0.00s Real=0.00s
[2555.278s][info][gc,marking     ] GC(456) Concurrent Mark 596.709ms
[2555.278s][info][gc,marking     ] GC(456) Concurrent Rebuild Remembered Sets and Scrub Regions
[2555.505s][info][gc,marking     ] GC(456) Concurrent Rebuild Remembered Sets and Scrub Regions 226.712ms
[2555.505s][info][gc,start       ] GC(456) Pause Cleanup
[2555.505s][info][gc             ] GC(456) Pause Cleanup 1873M->1873M(4096M) 0.130ms
[2555.505s][info][gc,cpu         ] GC(456) User=0.00s Sys=0.00s Real=0.00s
[2555.506s][info][gc,marking     ] GC(456) Concurrent Clear Claimed Marks
[2555.506s][info][gc,marking     ] GC(456) Concurrent Clear Claimed Marks 0.030ms
[2555.506s][info][gc,marking     ] GC(456) Concurrent Cleanup for Next Mark
[2555.512s][info][gc,marking     ] GC(456) Concurrent Cleanup for Next Mark 6.342ms
[2555.512s][info][gc             ] GC(456) Concurrent Mark Cycle 963.691ms
. (rIR:aIR:PR = 4013:4012:4012) (tPR = 59766) [OK] 
  2555s: Performance info:
         Transaction,    Success,    Partial,     Failed,   Receipts, AvgBarcode, 
             Overall,     241190,          0,          0,     229137,      59.47, 
         Response times:
             Request,    Success,    Partial,     Failed,   SkipFail,     Probes,    Samples,      min,      p50,      p90,      p95,      p99,      max, 
       TotalPurchase,     229134,          0,          0,          0,     224508,     275920,      300,     3200,     5800,     8795,    39000,   259000,
     InStorePurchase,     120610,          0,          0,          0,     118519,     145375,      300,     3300,     5800,     8900,    39000,   171000,
      OnlinePurchase,      84381,          0,          0,          0,      82593,     101527,      300,     3100,     5700,     8600,    38000,   172000,
        InstPurchase,      24143,          0,          0,          0,      23396,      29018,      400,     3200,     5800,     8300,    39000,   259000,
          AssocOfCat,        237,          0,          0,          0,        187,        293,    19200,    29000,    42600,    52900,    71300,   150000,
      AssocOfProduct,       2414,          0,          0,          0,       2185,       2872,      600,     3900,     6600,    10500,    49000,   166000,
      BusinessReport,        605,          0,          0,          0,        525,        752,    23000,    34000,    53000,    61000,   111990,   202000,
          CustBuyBeh,       2404,          0,          0,          0,       2160,       2826,      200,     3000,     5500,     7500,    31000,   139000,
       ProductReturn,       6388,          0,          0,          0,       6049,       7705,      200,     2700,     5400,     8000,    36000,   141000,

  2555s: (30%)   IR =   4151 ...[2559.192s][info][gc,start       ] GC(457) Pause Young (Prepare Mixed) (G1 Evacuation Pause)
[2559.193s][info][gc,task        ] GC(457) Using 6 workers of 6 for evacuation
[2559.311s][info][gc,phases      ] GC(457)   Pre Evacuate Collection Set: 0.37ms
[2559.311s][info][gc,phases      ] GC(457)   Merge Heap Roots: 0.69ms
[2559.311s][info][gc,phases      ] GC(457)   Evacuate Collection Set: 115.86ms
[2559.311s][info][gc,phases      ] GC(457)   Post Evacuate Collection Set: 0.97ms
[2559.311s][info][gc,phases      ] GC(457)   Other: 0.09ms
[2559.311s][info][gc,heap        ] GC(457) Eden regions: 1119->0(1108)
[2559.311s][info][gc,heap        ] GC(457) Survivor regions: 109->110(154)
[2559.311s][info][gc,heap        ] GC(457) Old regions: 506->537
[2559.311s][info][gc,heap        ] GC(457) Humongous regions: 80->80
[2559.311s][info][gc,metaspace   ] GC(457) Metaspace: 28951K(29248K)->28951K(29248K) NonClass: 24068K(24192K)->24068K(24192K) Class: 4883K(5056K)->4883K(5056K)
[2559.311s][info][gc             ] GC(457) Pause Young (Prepare Mixed) (G1 Evacuation Pause) 3625M->1451M(4096M) 118.124ms
[2559.311s][info][gc,cpu         ] GC(457) User=0.70s Sys=0.00s Real=0.12s
.|...[2563.642s][info][gc,start       ] GC(458) Pause Young (Mixed) (G1 Evacuation Pause)
[2563.642s][info][gc,task        ] GC(458) Using 6 workers of 6 for evacuation
[2563.778s][info][gc,phases      ] GC(458)   Pre Evacuate Collection Set: 0.38ms
[2563.778s][info][gc,phases      ] GC(458)   Merge Heap Roots: 0.74ms
[2563.778s][info][gc,phases      ] GC(458)   Evacuate Collection Set: 133.40ms
[2563.778s][info][gc,phases      ] GC(458)   Post Evacuate Collection Set: 0.95ms
[2563.778s][info][gc,phases      ] GC(458)   Other: 0.09ms
[2563.778s][info][gc,heap        ] GC(458) Eden regions: 1108->0(1118)
[2563.778s][info][gc,heap        ] GC(458) Survivor regions: 110->110(153)
[2563.778s][info][gc,heap        ] GC(458) Old regions: 537->472
[2563.778s][info][gc,heap        ] GC(458) Humongous regions: 80->80
[2563.778s][info][gc,metaspace   ] GC(458) Metaspace: 28951K(29248K)->28951K(29248K) NonClass: 24068K(24192K)->24068K(24192K) Class: 4883K(5056K)->4883K(5056K)
[2563.778s][info][gc             ] GC(458) Pause Young (Mixed) (G1 Evacuation Pause) 3667M->1322M(4096M) 135.709ms
[2563.778s][info][gc,cpu         ] GC(458) User=0.81s Sys=0.00s Real=0.14s
.....[2568.163s][info][gc,start       ] GC(459) Pause Young (Concurrent Start) (G1 Evacuation Pause)
[2568.163s][info][gc,task        ] GC(459) Using 6 workers of 6 for evacuation
[2568.284s][info][gc,phases      ] GC(459)   Pre Evacuate Collection Set: 0.40ms
[2568.284s][info][gc,phases      ] GC(459)   Merge Heap Roots: 0.53ms
[2568.284s][info][gc,phases      ] GC(459)   Evacuate Collection Set: 119.19ms
[2568.284s][info][gc,phases      ] GC(459)   Post Evacuate Collection Set: 0.90ms
[2568.284s][info][gc,phases      ] GC(459)   Other: 0.12ms
[2568.284s][info][gc,heap        ] GC(459) Eden regions: 1118->0(1116)
[2568.284s][info][gc,heap        ] GC(459) Survivor regions: 110->112(154)
[2568.284s][info][gc,heap        ] GC(459) Old regions: 472->504
[2568.284s][info][gc,heap        ] GC(459) Humongous regions: 80->80
[2568.284s][info][gc,metaspace   ] GC(459) Metaspace: 28951K(29248K)->28951K(29248K) NonClass: 24068K(24192K)->24068K(24192K) Class: 4883K(5056K)->4883K(5056K)
[2568.284s][info][gc             ] GC(459) Pause Young (Concurrent Start) (G1 Evacuation Pause) 3558M->1389M(4096M) 121.251ms
[2568.284s][info][gc             ] GC(460) Concurrent Mark Cycle
[2568.284s][info][gc,marking     ] GC(460) Concurrent Scan Root Regions
[2568.284s][info][gc,cpu         ] GC(459) User=0.72s Sys=0.00s Real=0.13s
[2568.419s][info][gc,marking     ] GC(460) Concurrent Scan Root Regions 134.737ms
[2568.419s][info][gc,marking     ] GC(460) Concurrent Mark
[2568.419s][info][gc,marking     ] GC(460) Concurrent Mark From Roots
[2568.419s][info][gc,task        ] GC(460) Using 2 workers of 2 for marking
[2569.032s][info][gc,marking     ] GC(460) Concurrent Mark From Roots 612.833ms
[2569.032s][info][gc,marking     ] GC(460) Concurrent Preclean
[2569.032s][info][gc,marking     ] GC(460) Concurrent Preclean 0.063ms
[2569.032s][info][gc,start       ] GC(460) Pause Remark
[2569.036s][info][gc             ] GC(460) Pause Remark 1790M->1790M(4096M) 4.079ms
[2569.036s][info][gc,cpu         ] GC(460) User=0.02s Sys=0.00s Real=0.01s
[2569.036s][info][gc,marking     ] GC(460) Concurrent Mark 617.255ms
[2569.036s][info][gc,marking     ] GC(460) Concurrent Rebuild Remembered Sets and Scrub Regions
.[2569.268s][info][gc,marking     ] GC(460) Concurrent Rebuild Remembered Sets and Scrub Regions 231.881ms
[2569.269s][info][gc,start       ] GC(460) Pause Cleanup
[2569.269s][info][gc             ] GC(460) Pause Cleanup 1893M->1893M(4096M) 0.135ms
[2569.269s][info][gc,cpu         ] GC(460) User=0.00s Sys=0.00s Real=0.00s
[2569.269s][info][gc,marking     ] GC(460) Concurrent Clear Claimed Marks
[2569.269s][info][gc,marking     ] GC(460) Concurrent Clear Claimed Marks 0.037ms
[2569.269s][info][gc,marking     ] GC(460) Concurrent Cleanup for Next Mark
[2569.273s][info][gc,marking     ] GC(460) Concurrent Cleanup for Next Mark 3.886ms
[2569.273s][info][gc             ] GC(460) Concurrent Mark Cycle 988.563ms
...[2572.719s][info][gc,start       ] GC(461) Pause Young (Prepare Mixed) (G1 Evacuation Pause)
[2572.720s][info][gc,task        ] GC(461) Using 6 workers of 6 for evacuation
[2572.836s][info][gc,phases      ] GC(461)   Pre Evacuate Collection Set: 0.36ms
[2572.836s][info][gc,phases      ] GC(461)   Merge Heap Roots: 0.55ms
[2572.836s][info][gc,phases      ] GC(461)   Evacuate Collection Set: 114.31ms
[2572.836s][info][gc,phases      ] GC(461)   Post Evacuate Collection Set: 0.96ms
[2572.836s][info][gc,phases      ] GC(461)   Other: 0.08ms
[2572.836s][info][gc,heap        ] GC(461) Eden regions: 1116->0(1115)
[2572.836s][info][gc,heap        ] GC(461) Survivor regions: 112->107(154)
[2572.836s][info][gc,heap        ] GC(461) Old regions: 504->536
[2572.836s][info][gc,heap        ] GC(461) Humongous regions: 80->80
[2572.836s][info][gc,metaspace   ] GC(461) Metaspace: 28951K(29248K)->28951K(29248K) NonClass: 24068K(24192K)->24068K(24192K) Class: 4883K(5056K)->4883K(5056K)
[2572.836s][info][gc             ] GC(461) Pause Young (Prepare Mixed) (G1 Evacuation Pause) 3621M->1443M(4096M) 116.395ms
[2572.836s][info][gc,cpu         ] GC(461) User=0.69s Sys=0.00s Real=0.12s
.....[2577.380s][info][gc,start       ] GC(462) Pause Young (Mixed) (G1 Evacuation Pause)
[2577.380s][info][gc,task        ] GC(462) Using 6 workers of 6 for evacuation
[2577.516s][info][gc,phases      ] GC(462)   Pre Evacuate Collection Set: 0.37ms
[2577.516s][info][gc,phases      ] GC(462)   Merge Heap Roots: 0.76ms
[2577.516s][info][gc,phases      ] GC(462)   Evacuate Collection Set: 134.38ms
[2577.516s][info][gc,phases      ] GC(462)   Post Evacuate Collection Set: 0.96ms
[2577.516s][info][gc,phases      ] GC(462)   Other: 0.09ms
[2577.516s][info][gc,heap        ] GC(462) Eden regions: 1115->0(1117)
[2577.516s][info][gc,heap        ] GC(462) Survivor regions: 107->111(153)
[2577.516s][info][gc,heap        ] GC(462) Old regions: 536->472
[2577.516s][info][gc,heap        ] GC(462) Humongous regions: 80->80
[2577.516s][info][gc,metaspace   ] GC(462) Metaspace: 28951K(29248K)->28951K(29248K) NonClass: 24068K(24192K)->24068K(24192K) Class: 4883K(5056K)->4883K(5056K)
[2577.516s][info][gc             ] GC(462) Pause Young (Mixed) (G1 Evacuation Pause) 3673M->1323M(4096M) 136.700ms
[2577.516s][info][gc,cpu         ] GC(462) User=0.81s Sys=0.00s Real=0.14s
....[2581.821s][info][gc,start       ] GC(463) Pause Young (Concurrent Start) (G1 Evacuation Pause)
[2581.821s][info][gc,task        ] GC(463) Using 6 workers of 6 for evacuation
[2581.944s][info][gc,phases      ] GC(463)   Pre Evacuate Collection Set: 0.40ms
[2581.944s][info][gc,phases      ] GC(463)   Merge Heap Roots: 0.60ms
[2581.944s][info][gc,phases      ] GC(463)   Evacuate Collection Set: 121.30ms
[2581.944s][info][gc,phases      ] GC(463)   Post Evacuate Collection Set: 0.92ms
[2581.944s][info][gc,phases      ] GC(463)   Other: 0.12ms
[2581.944s][info][gc,heap        ] GC(463) Eden regions: 1117->0(1115)
[2581.944s][info][gc,heap        ] GC(463) Survivor regions: 111->113(154)
[2581.944s][info][gc,heap        ] GC(463) Old regions: 472->504
[2581.944s][info][gc,heap        ] GC(463) Humongous regions: 80->80
[2581.944s][info][gc,metaspace   ] GC(463) Metaspace: 28951K(29248K)->28951K(29248K) NonClass: 24068K(24192K)->24068K(24192K) Class: 4883K(5056K)->4883K(5056K)
[2581.944s][info][gc             ] GC(463) Pause Young (Concurrent Start) (G1 Evacuation Pause) 3557M->1391M(4096M) 123.466ms
[2581.944s][info][gc             ] GC(464) Concurrent Mark Cycle
[2581.944s][info][gc,marking     ] GC(464) Concurrent Scan Root Regions
[2581.944s][info][gc,cpu         ] GC(463) User=0.74s Sys=0.00s Real=0.12s
[2582.083s][info][gc,marking     ] GC(464) Concurrent Scan Root Regions 139.229ms
[2582.083s][info][gc,marking     ] GC(464) Concurrent Mark
[2582.083s][info][gc,marking     ] GC(464) Concurrent Mark From Roots
[2582.083s][info][gc,task        ] GC(464) Using 2 workers of 2 for marking
.[2582.761s][info][gc,marking     ] GC(464) Concurrent Mark From Roots 677.954ms
[2582.761s][info][gc,marking     ] GC(464) Concurrent Preclean
[2582.761s][info][gc,marking     ] GC(464) Concurrent Preclean 0.058ms
[2582.762s][info][gc,start       ] GC(464) Pause Remark
[2582.766s][info][gc             ] GC(464) Pause Remark 1827M->1827M(4096M) 4.086ms
[2582.766s][info][gc,cpu         ] GC(464) User=0.02s Sys=0.00s Real=0.01s
[2582.767s][info][gc,marking     ] GC(464) Concurrent Mark 683.112ms
[2582.767s][info][gc,marking     ] GC(464) Concurrent Rebuild Remembered Sets and Scrub Regions
[2583.027s][info][gc,marking     ] GC(464) Concurrent Rebuild Remembered Sets and Scrub Regions 260.094ms
[2583.027s][info][gc,start       ] GC(464) Pause Cleanup
[2583.027s][info][gc             ] GC(464) Pause Cleanup 1961M->1961M(4096M) 0.127ms
[2583.027s][info][gc,cpu         ] GC(464) User=0.00s Sys=0.00s Real=0.00s
[2583.027s][info][gc,marking     ] GC(464) Concurrent Clear Claimed Marks
[2583.027s][info][gc,marking     ] GC(464) Concurrent Clear Claimed Marks 0.026ms
[2583.027s][info][gc,marking     ] GC(464) Concurrent Cleanup for Next Mark
[2583.030s][info][gc,marking     ] GC(464) Concurrent Cleanup for Next Mark 3.243ms
[2583.030s][info][gc             ] GC(464) Concurrent Mark Cycle 1086.151ms
....[2586.457s][info][gc,start       ] GC(465) Pause Young (Prepare Mixed) (G1 Evacuation Pause)
[2586.457s][info][gc,task        ] GC(465) Using 6 workers of 6 for evacuation
[2586.577s][info][gc,phases      ] GC(465)   Pre Evacuate Collection Set: 0.33ms
[2586.577s][info][gc,phases      ] GC(465)   Merge Heap Roots: 0.67ms
[2586.577s][info][gc,phases      ] GC(465)   Evacuate Collection Set: 118.40ms
[2586.577s][info][gc,phases      ] GC(465)   Post Evacuate Collection Set: 0.95ms
[2586.577s][info][gc,phases      ] GC(465)   Other: 0.10ms
[2586.577s][info][gc,heap        ] GC(465) Eden regions: 1115->0(1106)
[2586.577s][info][gc,heap        ] GC(465) Survivor regions: 113->111(154)
[2586.577s][info][gc,heap        ] GC(465) Old regions: 504->537
[2586.577s][info][gc,heap        ] GC(465) Humongous regions: 80->80
[2586.577s][info][gc,metaspace   ] GC(465) Metaspace: 28951K(29248K)->28951K(29248K) NonClass: 24068K(24192K)->24068K(24192K) Class: 4883K(5056K)->4883K(5056K)
[2586.577s][info][gc             ] GC(465) Pause Young (Prepare Mixed) (G1 Evacuation Pause) 3621M->1452M(4096M) 120.565ms
[2586.578s][info][gc,cpu         ] GC(465) User=0.71s Sys=0.00s Real=0.12s
....[2591.008s][info][gc,start       ] GC(466) Pause Young (Mixed) (G1 Evacuation Pause)
[2591.008s][info][gc,task        ] GC(466) Using 6 workers of 6 for evacuation
[2591.144s][info][gc,phases      ] GC(466)   Pre Evacuate Collection Set: 0.38ms
[2591.144s][info][gc,phases      ] GC(466)   Merge Heap Roots: 0.88ms
[2591.144s][info][gc,phases      ] GC(466)   Evacuate Collection Set: 132.87ms
[2591.144s][info][gc,phases      ] GC(466)   Post Evacuate Collection Set: 1.01ms
[2591.144s][info][gc,phases      ] GC(466)   Other: 0.09ms
[2591.144s][info][gc,heap        ] GC(466) Eden regions: 1106->0(1119)
[2591.144s][info][gc,heap        ] GC(466) Survivor regions: 111->109(153)
[2591.144s][info][gc,heap        ] GC(466) Old regions: 537->472
[2591.144s][info][gc,heap        ] GC(466) Humongous regions: 80->80
[2591.144s][info][gc,metaspace   ] GC(466) Metaspace: 28951K(29248K)->28951K(29248K) NonClass: 24068K(24192K)->24068K(24192K) Class: 4883K(5056K)->4883K(5056K)
[2591.144s][info][gc             ] GC(466) Pause Young (Mixed) (G1 Evacuation Pause) 3664M->1319M(4096M) 135.387ms
[2591.144s][info][gc,cpu         ] GC(466) User=0.80s Sys=0.00s Real=0.13s
.....[2595.574s][info][gc,start       ] GC(467) Pause Young (Concurrent Start) (G1 Evacuation Pause)
[2595.574s][info][gc,task        ] GC(467) Using 6 workers of 6 for evacuation
[2595.693s][info][gc,phases      ] GC(467)   Pre Evacuate Collection Set: 0.40ms
[2595.693s][info][gc,phases      ] GC(467)   Merge Heap Roots: 0.57ms
[2595.693s][info][gc,phases      ] GC(467)   Evacuate Collection Set: 116.47ms
[2595.693s][info][gc,phases      ] GC(467)   Post Evacuate Collection Set: 0.90ms
[2595.693s][info][gc,phases      ] GC(467)   Other: 0.13ms
[2595.693s][info][gc,heap        ] GC(467) Eden regions: 1119->0(1117)
[2595.693s][info][gc,heap        ] GC(467) Survivor regions: 109->111(154)
[2595.693s][info][gc,heap        ] GC(467) Old regions: 472->504
[2595.693s][info][gc,heap        ] GC(467) Humongous regions: 80->80
[2595.693s][info][gc,metaspace   ] GC(467) Metaspace: 28951K(29248K)->28951K(29248K) NonClass: 24068K(24192K)->24068K(24192K) Class: 4883K(5056K)->4883K(5056K)
[2595.693s][info][gc             ] GC(467) Pause Young (Concurrent Start) (G1 Evacuation Pause) 3557M->1388M(4096M) 118.628ms
[2595.693s][info][gc             ] GC(468) Concurrent Mark Cycle
[2595.693s][info][gc,marking     ] GC(468) Concurrent Scan Root Regions
[2595.693s][info][gc,cpu         ] GC(467) User=0.71s Sys=0.01s Real=0.12s
[2595.828s][info][gc,marking     ] GC(468) Concurrent Scan Root Regions 134.560ms
[2595.828s][info][gc,marking     ] GC(468) Concurrent Mark
[2595.828s][info][gc,marking     ] GC(468) Concurrent Mark From Roots
[2595.828s][info][gc,task        ] GC(468) Using 2 workers of 2 for marking
.[2596.459s][info][gc,marking     ] GC(468) Concurrent Mark From Roots 631.144ms
[2596.459s][info][gc,marking     ] GC(468) Concurrent Preclean
[2596.459s][info][gc,marking     ] GC(468) Concurrent Preclean 0.064ms
[2596.459s][info][gc,start       ] GC(468) Pause Remark
[2596.463s][info][gc             ] GC(468) Pause Remark 1835M->1835M(4096M) 4.114ms
[2596.463s][info][gc,cpu         ] GC(468) User=0.02s Sys=0.00s Real=0.00s
[2596.463s][info][gc,marking     ] GC(468) Concurrent Mark 635.606ms
[2596.463s][info][gc,marking     ] GC(468) Concurrent Rebuild Remembered Sets and Scrub Regions
[2596.718s][info][gc,marking     ] GC(468) Concurrent Rebuild Remembered Sets and Scrub Regions 254.772ms
[2596.718s][info][gc,start       ] GC(468) Pause Cleanup
[2596.718s][info][gc             ] GC(468) Pause Cleanup 2008M->2008M(4096M) 0.134ms
[2596.718s][info][gc,cpu         ] GC(468) User=0.01s Sys=0.00s Real=0.00s
[2596.719s][info][gc,marking     ] GC(468) Concurrent Clear Claimed Marks
[2596.719s][info][gc,marking     ] GC(468) Concurrent Clear Claimed Marks 0.035ms
[2596.719s][info][gc,marking     ] GC(468) Concurrent Cleanup for Next Mark
[2596.724s][info][gc,marking     ] GC(468) Concurrent Cleanup for Next Mark 5.290ms
[2596.724s][info][gc             ] GC(468) Concurrent Mark Cycle 1031.327ms
...[2600.151s][info][gc,start       ] GC(469) Pause Young (Prepare Mixed) (G1 Evacuation Pause)
[2600.151s][info][gc,task        ] GC(469) Using 6 workers of 6 for evacuation
[2600.268s][info][gc,phases      ] GC(469)   Pre Evacuate Collection Set: 0.35ms
[2600.268s][info][gc,phases      ] GC(469)   Merge Heap Roots: 0.52ms
[2600.268s][info][gc,phases      ] GC(469)   Evacuate Collection Set: 114.56ms
[2600.268s][info][gc,phases      ] GC(469)   Post Evacuate Collection Set: 0.96ms
[2600.268s][info][gc,phases      ] GC(469)   Other: 0.09ms
[2600.268s][info][gc,heap        ] GC(469) Eden regions: 1117->0(1113)
[2600.268s][info][gc,heap        ] GC(469) Survivor regions: 111->108(154)
[2600.268s][info][gc,heap        ] GC(469) Old regions: 504->536
[2600.268s][info][gc,heap        ] GC(469) Humongous regions: 80->80
[2600.268s][info][gc,metaspace   ] GC(469) Metaspace: 28951K(29248K)->28951K(29248K) NonClass: 24068K(24192K)->24068K(24192K) Class: 4883K(5056K)->4883K(5056K)
[2600.268s][info][gc             ] GC(469) Pause Young (Prepare Mixed) (G1 Evacuation Pause) 3622M->1445M(4096M) 116.605ms
[2600.268s][info][gc,cpu         ] GC(469) User=0.69s Sys=0.00s Real=0.12s
.....[2604.655s][info][gc,start       ] GC(470) Pause Young (Mixed) (G1 Evacuation Pause)
[2604.655s][info][gc,task        ] GC(470) Using 6 workers of 6 for evacuation
[2604.793s][info][gc,phases      ] GC(470)   Pre Evacuate Collection Set: 0.37ms
[2604.793s][info][gc,phases      ] GC(470)   Merge Heap Roots: 0.79ms
[2604.793s][info][gc,phases      ] GC(470)   Evacuate Collection Set: 135.65ms
[2604.793s][info][gc,phases      ] GC(470)   Post Evacuate Collection Set: 0.96ms
[2604.793s][info][gc,phases      ] GC(470)   Other: 0.08ms
[2604.793s][info][gc,heap        ] GC(470) Eden regions: 1113->0(1116)
[2604.793s][info][gc,heap        ] GC(470) Survivor regions: 108->112(153)
[2604.793s][info][gc,heap        ] GC(470) Old regions: 536->473
[2604.793s][info][gc,heap        ] GC(470) Humongous regions: 80->80
[2604.793s][info][gc,metaspace   ] GC(470) Metaspace: 28952K(29248K)->28952K(29248K) NonClass: 24068K(24192K)->24068K(24192K) Class: 4883K(5056K)->4883K(5056K)
[2604.793s][info][gc             ] GC(470) Pause Young (Mixed) (G1 Evacuation Pause) 3671M->1327M(4096M) 137.981ms
[2604.793s][info][gc,cpu         ] GC(470) User=0.82s Sys=0.00s Real=0.13s
....[2609.140s][info][gc,start       ] GC(471) Pause Young (Concurrent Start) (G1 Evacuation Pause)
[2609.140s][info][gc,task        ] GC(471) Using 6 workers of 6 for evacuation
[2609.256s][info][gc,phases      ] GC(471)   Pre Evacuate Collection Set: 0.40ms
[2609.256s][info][gc,phases      ] GC(471)   Merge Heap Roots: 0.50ms
[2609.256s][info][gc,phases      ] GC(471)   Evacuate Collection Set: 113.67ms
[2609.256s][info][gc,phases      ] GC(471)   Post Evacuate Collection Set: 0.90ms
[2609.256s][info][gc,phases      ] GC(471)   Other: 0.10ms
[2609.256s][info][gc,heap        ] GC(471) Eden regions: 1116->0(1120)
[2609.256s][info][gc,heap        ] GC(471) Survivor regions: 112->108(154)
[2609.256s][info][gc,heap        ] GC(471) Old regions: 473->505
[2609.256s][info][gc,heap        ] GC(471) Humongous regions: 80->80
[2609.256s][info][gc,metaspace   ] GC(471) Metaspace: 28952K(29248K)->28952K(29248K) NonClass: 24068K(24192K)->24068K(24192K) Class: 4883K(5056K)->4883K(5056K)
[2609.256s][info][gc             ] GC(471) Pause Young (Concurrent Start) (G1 Evacuation Pause) 3559M->1383M(4096M) 115.697ms
[2609.256s][info][gc             ] GC(472) Concurrent Mark Cycle
[2609.256s][info][gc,marking     ] GC(472) Concurrent Scan Root Regions
[2609.256s][info][gc,cpu         ] GC(471) User=0.69s Sys=0.00s Real=0.12s
.[2609.407s][info][gc,marking     ] GC(472) Concurrent Scan Root Regions 151.040ms
[2609.407s][info][gc,marking     ] GC(472) Concurrent Mark
[2609.407s][info][gc,marking     ] GC(472) Concurrent Mark From Roots
[2609.407s][info][gc,task        ] GC(472) Using 2 workers of 2 for marking
[2610.130s][info][gc,marking     ] GC(472) Concurrent Mark From Roots 722.867ms
[2610.130s][info][gc,marking     ] GC(472) Concurrent Preclean
[2610.130s][info][gc,marking     ] GC(472) Concurrent Preclean 0.063ms
[2610.132s][info][gc,start       ] GC(472) Pause Remark
[2610.136s][info][gc             ] GC(472) Pause Remark 1885M->1885M(4096M) 4.023ms
[2610.136s][info][gc,cpu         ] GC(472) User=0.02s Sys=0.00s Real=0.01s
[2610.136s][info][gc,marking     ] GC(472) Concurrent Mark 728.880ms
[2610.136s][info][gc,marking     ] GC(472) Concurrent Rebuild Remembered Sets and Scrub Regions
.[2610.393s][info][gc,marking     ] GC(472) Concurrent Rebuild Remembered Sets and Scrub Regions 256.828ms
[2610.393s][info][gc,start       ] GC(472) Pause Cleanup
[2610.394s][info][gc             ] GC(472) Pause Cleanup 2013M->2013M(4096M) 0.138ms
[2610.394s][info][gc,cpu         ] GC(472) User=0.00s Sys=0.00s Real=0.00s
[2610.394s][info][gc,marking     ] GC(472) Concurrent Clear Claimed Marks
[2610.394s][info][gc,marking     ] GC(472) Concurrent Clear Claimed Marks 0.046ms
[2610.394s][info][gc,marking     ] GC(472) Concurrent Cleanup for Next Mark
[2610.397s][info][gc,marking     ] GC(472) Concurrent Cleanup for Next Mark 3.384ms
[2610.397s][info][gc             ] GC(472) Concurrent Mark Cycle 1141.317ms
...[2613.762s][info][gc,start       ] GC(473) Pause Young (Prepare Mixed) (G1 Evacuation Pause)
[2613.762s][info][gc,task        ] GC(473) Using 6 workers of 6 for evacuation
[2613.878s][info][gc,phases      ] GC(473)   Pre Evacuate Collection Set: 0.33ms
[2613.878s][info][gc,phases      ] GC(473)   Merge Heap Roots: 0.56ms
[2613.878s][info][gc,phases      ] GC(473)   Evacuate Collection Set: 114.16ms
[2613.878s][info][gc,phases      ] GC(473)   Post Evacuate Collection Set: 0.93ms
[2613.878s][info][gc,phases      ] GC(473)   Other: 0.08ms
[2613.878s][info][gc,heap        ] GC(473) Eden regions: 1120->0(1112)
[2613.878s][info][gc,heap        ] GC(473) Survivor regions: 108->108(154)
[2613.878s][info][gc,heap        ] GC(473) Old regions: 505->537
[2613.878s][info][gc,heap        ] GC(473) Humongous regions: 80->80
[2613.878s][info][gc,metaspace   ] GC(473) Metaspace: 28952K(29248K)->28952K(29248K) NonClass: 24068K(24192K)->24068K(24192K) Class: 4883K(5056K)->4883K(5056K)
[2613.878s][info][gc             ] GC(473) Pause Young (Prepare Mixed) (G1 Evacuation Pause) 3623M->1447M(4096M) 116.191ms
[2613.878s][info][gc,cpu         ] GC(473) User=0.69s Sys=0.00s Real=0.12s
.....[2618.298s][info][gc,start       ] GC(474) Pause Young (Mixed) (G1 Evacuation Pause)
[2618.298s][info][gc,task        ] GC(474) Using 6 workers of 6 for evacuation
[2618.431s][info][gc,phases      ] GC(474)   Pre Evacuate Collection Set: 0.38ms
[2618.431s][info][gc,phases      ] GC(474)   Merge Heap Roots: 0.73ms
[2618.431s][info][gc,phases      ] GC(474)   Evacuate Collection Set: 130.94ms
[2618.431s][info][gc,phases      ] GC(474)   Post Evacuate Collection Set: 0.98ms
[2618.431s][info][gc,phases      ] GC(474)   Other: 0.10ms
[2618.431s][info][gc,heap        ] GC(474) Eden regions: 1112->0(1118)
[2618.431s][info][gc,heap        ] GC(474) Survivor regions: 108->110(153)
[2618.431s][info][gc,heap        ] GC(474) Old regions: 537->473
[2618.431s][info][gc,heap        ] GC(474) Humongous regions: 80->80
[2618.431s][info][gc,metaspace   ] GC(474) Metaspace: 28952K(29248K)->28952K(29248K) NonClass: 24068K(24192K)->24068K(24192K) Class: 4883K(5056K)->4883K(5056K)
[2618.431s][info][gc             ] GC(474) Pause Young (Mixed) (G1 Evacuation Pause) 3671M->1323M(4096M) 133.270ms
[2618.431s][info][gc,cpu         ] GC(474) User=0.79s Sys=0.00s Real=0.13s
.. (rIR:aIR:PR = 4151:4153:4153) (tPR = 61555) [OK] 
  2620s: Performance info:
         Transaction,    Success,    Partial,     Failed,   Receipts, AvgBarcode, 
             Overall,     250217,          0,          0,     237711,      59.48, 
         Response times:
             Request,    Success,    Partial,     Failed,   SkipFail,     Probes,    Samples,      min,      p50,      p90,      p95,      p99,      max, 
       TotalPurchase,     237711,          0,          0,          0,     233355,     249574,      300,     3300,     5800,     8900,    51000,   206000,
     InStorePurchase,     125092,          0,          0,          0,     123114,     131118,      300,     3300,     5900,     9100,    51000,   206000,
      OnlinePurchase,      87614,          0,          0,          0,      85991,      92151,      300,     3300,     5800,     9100,    51000,   205000,
        InstPurchase,      25005,          0,          0,          0,      24250,      26305,      400,     2700,     5500,     7700,    43000,   169000,
          AssocOfCat,        251,          0,          0,          0,        191,        259,    21000,    31000,    45000,    52000,    73800,    75000,
      AssocOfProduct,       2498,          0,          0,          0,       2285,       2619,      600,     4500,     6900,    13200,    68800,   146000,
      BusinessReport,        626,          0,          0,          0,        550,        687,    21000,    34000,    51200,    67000,   178960,   222000,
          CustBuyBeh,       2504,          0,          0,          0,       2322,       2650,      400,     4000,     6500,    13700,    54490,   205000,
       ProductReturn,       6627,          0,          0,          0,       6325,       7004,      200,     3400,     5600,     8600,    57000,   146000,

  2620s: (31%)   IR =   4289 ..[2622.784s][info][gc,start       ] GC(475) Pause Young (Concurrent Start) (G1 Evacuation Pause)
[2622.784s][info][gc,task        ] GC(475) Using 6 workers of 6 for evacuation
[2622.906s][info][gc,phases      ] GC(475)   Pre Evacuate Collection Set: 0.38ms
[2622.906s][info][gc,phases      ] GC(475)   Merge Heap Roots: 0.50ms
[2622.906s][info][gc,phases      ] GC(475)   Evacuate Collection Set: 120.20ms
[2622.906s][info][gc,phases      ] GC(475)   Post Evacuate Collection Set: 0.90ms
[2622.906s][info][gc,phases      ] GC(475)   Other: 0.10ms
[2622.906s][info][gc,heap        ] GC(475) Eden regions: 1118->0(1116)
[2622.906s][info][gc,heap        ] GC(475) Survivor regions: 110->112(154)
[2622.906s][info][gc,heap        ] GC(475) Old regions: 473->506
[2622.906s][info][gc,heap        ] GC(475) Humongous regions: 80->80
[2622.906s][info][gc,metaspace   ] GC(475) Metaspace: 28952K(29248K)->28952K(29248K) NonClass: 24068K(24192K)->24068K(24192K) Class: 4883K(5056K)->4883K(5056K)
[2622.906s][info][gc             ] GC(475) Pause Young (Concurrent Start) (G1 Evacuation Pause) 3559M->1392M(4096M) 122.223ms
[2622.906s][info][gc             ] GC(476) Concurrent Mark Cycle
[2622.906s][info][gc,marking     ] GC(476) Concurrent Scan Root Regions
[2622.906s][info][gc,cpu         ] GC(475) User=0.73s Sys=0.00s Real=0.13s
[2623.077s][info][gc,marking     ] GC(476) Concurrent Scan Root Regions 171.236ms
[2623.077s][info][gc,marking     ] GC(476) Concurrent Mark
[2623.077s][info][gc,marking     ] GC(476) Concurrent Mark From Roots
[2623.077s][info][gc,task        ] GC(476) Using 2 workers of 2 for marking
.[2624.011s][info][gc,marking     ] GC(476) Concurrent Mark From Roots 933.637ms
[2624.011s][info][gc,marking     ] GC(476) Concurrent Preclean
[2624.011s][info][gc,marking     ] GC(476) Concurrent Preclean 0.085ms
[2624.011s][info][gc,start       ] GC(476) Pause Remark
[2624.016s][info][gc             ] GC(476) Pause Remark 2005M->2005M(4096M) 4.267ms
[2624.016s][info][gc,cpu         ] GC(476) User=0.02s Sys=0.00s Real=0.01s
[2624.016s][info][gc,marking     ] GC(476) Concurrent Mark 938.566ms
[2624.016s][info][gc,marking     ] GC(476) Concurrent Rebuild Remembered Sets and Scrub Regions
.|[2624.424s][info][gc,marking     ] GC(476) Concurrent Rebuild Remembered Sets and Scrub Regions 407.793ms
[2624.424s][info][gc,start       ] GC(476) Pause Cleanup
[2624.424s][info][gc             ] GC(476) Pause Cleanup 2206M->2206M(4096M) 0.127ms
[2624.424s][info][gc,cpu         ] GC(476) User=0.00s Sys=0.00s Real=0.00s
[2624.424s][info][gc,marking     ] GC(476) Concurrent Clear Claimed Marks
[2624.424s][info][gc,marking     ] GC(476) Concurrent Clear Claimed Marks 0.037ms
[2624.424s][info][gc,marking     ] GC(476) Concurrent Cleanup for Next Mark
[2624.430s][info][gc,marking     ] GC(476) Concurrent Cleanup for Next Mark 5.313ms
[2624.430s][info][gc             ] GC(476) Concurrent Mark Cycle 1523.746ms
..[2627.213s][info][gc,start       ] GC(477) Pause Young (Prepare Mixed) (G1 Evacuation Pause)
[2627.213s][info][gc,task        ] GC(477) Using 6 workers of 6 for evacuation
[2627.331s][info][gc,phases      ] GC(477)   Pre Evacuate Collection Set: 0.34ms
[2627.331s][info][gc,phases      ] GC(477)   Merge Heap Roots: 0.58ms
[2627.331s][info][gc,phases      ] GC(477)   Evacuate Collection Set: 115.82ms
[2627.331s][info][gc,phases      ] GC(477)   Post Evacuate Collection Set: 0.99ms
[2627.331s][info][gc,phases      ] GC(477)   Other: 0.09ms
[2627.331s][info][gc,heap        ] GC(477) Eden regions: 1116->0(1108)
[2627.331s][info][gc,heap        ] GC(477) Survivor regions: 112->110(154)
[2627.331s][info][gc,heap        ] GC(477) Old regions: 506->537
[2627.331s][info][gc,heap        ] GC(477) Humongous regions: 80->80
[2627.331s][info][gc,metaspace   ] GC(477) Metaspace: 28952K(29248K)->28952K(29248K) NonClass: 24068K(24192K)->24068K(24192K) Class: 4883K(5056K)->4883K(5056K)
[2627.331s][info][gc             ] GC(477) Pause Young (Prepare Mixed) (G1 Evacuation Pause) 3624M->1452M(4096M) 117.943ms
[2627.331s][info][gc,cpu         ] GC(477) User=0.70s Sys=0.00s Real=0.12s
.....[2631.544s][info][gc,start       ] GC(478) Pause Young (Mixed) (G1 Evacuation Pause)
[2631.544s][info][gc,task        ] GC(478) Using 6 workers of 6 for evacuation
[2631.681s][info][gc,phases      ] GC(478)   Pre Evacuate Collection Set: 0.37ms
[2631.681s][info][gc,phases      ] GC(478)   Merge Heap Roots: 0.77ms
[2631.681s][info][gc,phases      ] GC(478)   Evacuate Collection Set: 134.50ms
[2631.681s][info][gc,phases      ] GC(478)   Post Evacuate Collection Set: 0.95ms
[2631.681s][info][gc,phases      ] GC(478)   Other: 0.09ms
[2631.681s][info][gc,heap        ] GC(478) Eden regions: 1108->0(1117)
[2631.681s][info][gc,heap        ] GC(478) Survivor regions: 110->111(153)
[2631.681s][info][gc,heap        ] GC(478) Old regions: 537->473
[2631.681s][info][gc,heap        ] GC(478) Humongous regions: 80->80
[2631.681s][info][gc,metaspace   ] GC(478) Metaspace: 28952K(29248K)->28952K(29248K) NonClass: 24068K(24192K)->24068K(24192K) Class: 4883K(5056K)->4883K(5056K)
[2631.681s][info][gc             ] GC(478) Pause Young (Mixed) (G1 Evacuation Pause) 3668M->1325M(4096M) 136.816ms
[2631.681s][info][gc,cpu         ] GC(478) User=0.82s Sys=0.00s Real=0.14s
....[2635.965s][info][gc,start       ] GC(479) Pause Young (Concurrent Start) (G1 Evacuation Pause)
[2635.965s][info][gc,task        ] GC(479) Using 6 workers of 6 for evacuation
[2636.081s][info][gc,phases      ] GC(479)   Pre Evacuate Collection Set: 0.38ms
[2636.081s][info][gc,phases      ] GC(479)   Merge Heap Roots: 0.46ms
[2636.081s][info][gc,phases      ] GC(479)   Evacuate Collection Set: 114.24ms
[2636.081s][info][gc,phases      ] GC(479)   Post Evacuate Collection Set: 0.87ms
[2636.081s][info][gc,phases      ] GC(479)   Other: 0.11ms
[2636.081s][info][gc,heap        ] GC(479) Eden regions: 1117->0(1120)
[2636.081s][info][gc,heap        ] GC(479) Survivor regions: 111->108(154)
[2636.081s][info][gc,heap        ] GC(479) Old regions: 473->506
[2636.081s][info][gc,heap        ] GC(479) Humongous regions: 80->80
[2636.081s][info][gc,metaspace   ] GC(479) Metaspace: 28952K(29248K)->28952K(29248K) NonClass: 24068K(24192K)->24068K(24192K) Class: 4883K(5056K)->4883K(5056K)
[2636.081s][info][gc             ] GC(479) Pause Young (Concurrent Start) (G1 Evacuation Pause) 3559M->1384M(4096M) 116.209ms
[2636.081s][info][gc             ] GC(480) Concurrent Mark Cycle
[2636.081s][info][gc,marking     ] GC(480) Concurrent Scan Root Regions
[2636.082s][info][gc,cpu         ] GC(479) User=0.69s Sys=0.00s Real=0.11s
[2636.251s][info][gc,marking     ] GC(480) Concurrent Scan Root Regions 169.593ms
[2636.251s][info][gc,marking     ] GC(480) Concurrent Mark
[2636.251s][info][gc,marking     ] GC(480) Concurrent Mark From Roots
[2636.251s][info][gc,task        ] GC(480) Using 2 workers of 2 for marking
.[2636.926s][info][gc,marking     ] GC(480) Concurrent Mark From Roots 675.052ms
[2636.926s][info][gc,marking     ] GC(480) Concurrent Preclean
[2636.926s][info][gc,marking     ] GC(480) Concurrent Preclean 0.061ms
[2636.927s][info][gc,start       ] GC(480) Pause Remark
[2636.931s][info][gc             ] GC(480) Pause Remark 1842M->1842M(4096M) 3.695ms
[2636.931s][info][gc,cpu         ] GC(480) User=0.02s Sys=0.00s Real=0.00s
[2636.931s][info][gc,marking     ] GC(480) Concurrent Mark 679.710ms
[2636.931s][info][gc,marking     ] GC(480) Concurrent Rebuild Remembered Sets and Scrub Regions
[2637.204s][info][gc,marking     ] GC(480) Concurrent Rebuild Remembered Sets and Scrub Regions 273.408ms
[2637.204s][info][gc,start       ] GC(480) Pause Cleanup
[2637.205s][info][gc             ] GC(480) Pause Cleanup 2004M->2004M(4096M) 0.127ms
[2637.205s][info][gc,cpu         ] GC(480) User=0.00s Sys=0.00s Real=0.00s
[2637.205s][info][gc,marking     ] GC(480) Concurrent Clear Claimed Marks
[2637.205s][info][gc,marking     ] GC(480) Concurrent Clear Claimed Marks 0.026ms
[2637.205s][info][gc,marking     ] GC(480) Concurrent Cleanup for Next Mark
[2637.210s][info][gc,marking     ] GC(480) Concurrent Cleanup for Next Mark 4.963ms
[2637.210s][info][gc             ] GC(480) Concurrent Mark Cycle 1128.178ms
....[2640.428s][info][gc,start       ] GC(481) Pause Young (Prepare Mixed) (G1 Evacuation Pause)
[2640.428s][info][gc,task        ] GC(481) Using 6 workers of 6 for evacuation
[2640.544s][info][gc,phases      ] GC(481)   Pre Evacuate Collection Set: 0.33ms
[2640.544s][info][gc,phases      ] GC(481)   Merge Heap Roots: 0.53ms
[2640.544s][info][gc,phases      ] GC(481)   Evacuate Collection Set: 114.20ms
[2640.544s][info][gc,phases      ] GC(481)   Post Evacuate Collection Set: 0.96ms
[2640.544s][info][gc,phases      ] GC(481)   Other: 0.09ms
[2640.544s][info][gc,heap        ] GC(481) Eden regions: 1120->0(1110)
[2640.544s][info][gc,heap        ] GC(481) Survivor regions: 108->109(154)
[2640.544s][info][gc,heap        ] GC(481) Old regions: 506->537
[2640.544s][info][gc,heap        ] GC(481) Humongous regions: 80->80
[2640.544s][info][gc,metaspace   ] GC(481) Metaspace: 28952K(29248K)->28952K(29248K) NonClass: 24068K(24192K)->24068K(24192K) Class: 4883K(5056K)->4883K(5056K)
[2640.544s][info][gc             ] GC(481) Pause Young (Prepare Mixed) (G1 Evacuation Pause) 3624M->1449M(4096M) 116.241ms
[2640.544s][info][gc,cpu         ] GC(481) User=0.69s Sys=0.00s Real=0.11s
....[2644.783s][info][gc,start       ] GC(482) Pause Young (Mixed) (G1 Evacuation Pause)
[2644.784s][info][gc,task        ] GC(482) Using 6 workers of 6 for evacuation
[2644.916s][info][gc,phases      ] GC(482)   Pre Evacuate Collection Set: 0.41ms
[2644.916s][info][gc,phases      ] GC(482)   Merge Heap Roots: 0.70ms
[2644.916s][info][gc,phases      ] GC(482)   Evacuate Collection Set: 130.12ms
[2644.916s][info][gc,phases      ] GC(482)   Post Evacuate Collection Set: 0.98ms
[2644.916s][info][gc,phases      ] GC(482)   Other: 0.09ms
[2644.916s][info][gc,heap        ] GC(482) Eden regions: 1110->0(1121)
[2644.916s][info][gc,heap        ] GC(482) Survivor regions: 109->107(153)
[2644.916s][info][gc,heap        ] GC(482) Old regions: 537->472
[2644.916s][info][gc,heap        ] GC(482) Humongous regions: 80->80
[2644.916s][info][gc,metaspace   ] GC(482) Metaspace: 28952K(29248K)->28952K(29248K) NonClass: 24068K(24192K)->24068K(24192K) Class: 4883K(5056K)->4883K(5056K)
[2644.916s][info][gc             ] GC(482) Pause Young (Mixed) (G1 Evacuation Pause) 3669M->1315M(4096M) 132.440ms
[2644.916s][info][gc,cpu         ] GC(482) User=0.79s Sys=0.00s Real=0.14s
....[2649.178s][info][gc,start       ] GC(483) Pause Young (Concurrent Start) (G1 Evacuation Pause)
[2649.178s][info][gc,task        ] GC(483) Using 6 workers of 6 for evacuation
[2649.293s][info][gc,phases      ] GC(483)   Pre Evacuate Collection Set: 0.45ms
[2649.293s][info][gc,phases      ] GC(483)   Merge Heap Roots: 0.48ms
[2649.293s][info][gc,phases      ] GC(483)   Evacuate Collection Set: 113.17ms
[2649.293s][info][gc,phases      ] GC(483)   Post Evacuate Collection Set: 0.89ms
[2649.293s][info][gc,phases      ] GC(483)   Other: 0.13ms
[2649.293s][info][gc,heap        ] GC(483) Eden regions: 1121->0(1120)
[2649.293s][info][gc,heap        ] GC(483) Survivor regions: 107->108(154)
[2649.293s][info][gc,heap        ] GC(483) Old regions: 472->504
[2649.293s][info][gc,heap        ] GC(483) Humongous regions: 80->80
[2649.293s][info][gc,metaspace   ] GC(483) Metaspace: 28956K(29248K)->28956K(29248K) NonClass: 24072K(24192K)->24072K(24192K) Class: 4883K(5056K)->4883K(5056K)
[2649.293s][info][gc             ] GC(483) Pause Young (Concurrent Start) (G1 Evacuation Pause) 3557M->1382M(4096M) 115.232ms
[2649.293s][info][gc             ] GC(484) Concurrent Mark Cycle
[2649.294s][info][gc,marking     ] GC(484) Concurrent Scan Root Regions
[2649.294s][info][gc,cpu         ] GC(483) User=0.69s Sys=0.00s Real=0.11s
.[2649.457s][info][gc,marking     ] GC(484) Concurrent Scan Root Regions 163.808ms
[2649.457s][info][gc,marking     ] GC(484) Concurrent Mark
[2649.457s][info][gc,marking     ] GC(484) Concurrent Mark From Roots
[2649.457s][info][gc,task        ] GC(484) Using 2 workers of 2 for marking
.[2650.443s][info][gc,marking     ] GC(484) Concurrent Mark From Roots 985.531ms
[2650.443s][info][gc,marking     ] GC(484) Concurrent Preclean
[2650.443s][info][gc,marking     ] GC(484) Concurrent Preclean 0.057ms
[2650.444s][info][gc,start       ] GC(484) Pause Remark
[2650.449s][info][gc             ] GC(484) Pause Remark 1984M->1984M(4096M) 5.088ms
[2650.449s][info][gc,cpu         ] GC(484) User=0.03s Sys=0.00s Real=0.01s
[2650.449s][info][gc,marking     ] GC(484) Concurrent Mark 991.506ms
[2650.449s][info][gc,marking     ] GC(484) Concurrent Rebuild Remembered Sets and Scrub Regions
[2650.717s][info][gc,marking     ] GC(484) Concurrent Rebuild Remembered Sets and Scrub Regions 268.399ms
[2650.717s][info][gc,start       ] GC(484) Pause Cleanup
[2650.718s][info][gc             ] GC(484) Pause Cleanup 2130M->2130M(4096M) 0.115ms
[2650.718s][info][gc,cpu         ] GC(484) User=0.00s Sys=0.00s Real=0.00s
[2650.718s][info][gc,marking     ] GC(484) Concurrent Clear Claimed Marks
[2650.718s][info][gc,marking     ] GC(484) Concurrent Clear Claimed Marks 0.024ms
[2650.718s][info][gc,marking     ] GC(484) Concurrent Cleanup for Next Mark
[2650.721s][info][gc,marking     ] GC(484) Concurrent Cleanup for Next Mark 3.536ms
[2650.721s][info][gc             ] GC(484) Concurrent Mark Cycle 1427.740ms
...[2653.674s][info][gc,start       ] GC(485) Pause Young (Prepare Mixed) (G1 Evacuation Pause)
[2653.674s][info][gc,task        ] GC(485) Using 6 workers of 6 for evacuation
[2653.789s][info][gc,phases      ] GC(485)   Pre Evacuate Collection Set: 0.35ms
[2653.789s][info][gc,phases      ] GC(485)   Merge Heap Roots: 0.53ms
[2653.789s][info][gc,phases      ] GC(485)   Evacuate Collection Set: 113.39ms
[2653.789s][info][gc,phases      ] GC(485)   Post Evacuate Collection Set: 0.96ms
[2653.789s][info][gc,phases      ] GC(485)   Other: 0.09ms
[2653.789s][info][gc,heap        ] GC(485) Eden regions: 1120->0(1111)
[2653.789s][info][gc,heap        ] GC(485) Survivor regions: 108->109(154)
[2653.789s][info][gc,heap        ] GC(485) Old regions: 504->536
[2653.789s][info][gc,heap        ] GC(485) Humongous regions: 80->80
[2653.789s][info][gc,metaspace   ] GC(485) Metaspace: 28956K(29248K)->28956K(29248K) NonClass: 24072K(24192K)->24072K(24192K) Class: 4883K(5056K)->4883K(5056K)
[2653.789s][info][gc             ] GC(485) Pause Young (Prepare Mixed) (G1 Evacuation Pause) 3622M->1446M(4096M) 115.455ms
[2653.790s][info][gc,cpu         ] GC(485) User=0.69s Sys=0.00s Real=0.12s
....[2658.010s][info][gc,start       ] GC(486) Pause Young (Mixed) (G1 Evacuation Pause)
[2658.011s][info][gc,task        ] GC(486) Using 6 workers of 6 for evacuation
[2658.143s][info][gc,phases      ] GC(486)   Pre Evacuate Collection Set: 0.41ms
[2658.143s][info][gc,phases      ] GC(486)   Merge Heap Roots: 0.71ms
[2658.143s][info][gc,phases      ] GC(486)   Evacuate Collection Set: 129.97ms
[2658.143s][info][gc,phases      ] GC(486)   Post Evacuate Collection Set: 0.95ms
[2658.143s][info][gc,phases      ] GC(486)   Other: 0.09ms
[2658.143s][info][gc,heap        ] GC(486) Eden regions: 1111->0(1119)
[2658.143s][info][gc,heap        ] GC(486) Survivor regions: 109->109(153)
[2658.143s][info][gc,heap        ] GC(486) Old regions: 536->473
[2658.143s][info][gc,heap        ] GC(486) Humongous regions: 80->80
[2658.143s][info][gc,metaspace   ] GC(486) Metaspace: 28956K(29248K)->28956K(29248K) NonClass: 24072K(24192K)->24072K(24192K) Class: 4883K(5056K)->4883K(5056K)
[2658.143s][info][gc             ] GC(486) Pause Young (Mixed) (G1 Evacuation Pause) 3668M->1320M(4096M) 132.257ms
[2658.143s][info][gc,cpu         ] GC(486) User=0.79s Sys=0.00s Real=0.13s
.....[2662.483s][info][gc,start       ] GC(487) Pause Young (Concurrent Start) (G1 Evacuation Pause)
[2662.483s][info][gc,task        ] GC(487) Using 6 workers of 6 for evacuation
[2662.601s][info][gc,phases      ] GC(487)   Pre Evacuate Collection Set: 0.38ms
[2662.601s][info][gc,phases      ] GC(487)   Merge Heap Roots: 0.49ms
[2662.601s][info][gc,phases      ] GC(487)   Evacuate Collection Set: 116.33ms
[2662.601s][info][gc,phases      ] GC(487)   Post Evacuate Collection Set: 0.88ms
[2662.601s][info][gc,phases      ] GC(487)   Other: 0.10ms
[2662.601s][info][gc,heap        ] GC(487) Eden regions: 1119->0(1119)
[2662.601s][info][gc,heap        ] GC(487) Survivor regions: 109->109(154)
[2662.601s][info][gc,heap        ] GC(487) Old regions: 473->505
[2662.601s][info][gc,heap        ] GC(487) Humongous regions: 80->80
[2662.601s][info][gc,metaspace   ] GC(487) Metaspace: 28956K(29248K)->28956K(29248K) NonClass: 24072K(24192K)->24072K(24192K) Class: 4883K(5056K)->4883K(5056K)
[2662.601s][info][gc             ] GC(487) Pause Young (Concurrent Start) (G1 Evacuation Pause) 3558M->1386M(4096M) 118.305ms
[2662.601s][info][gc             ] GC(488) Concurrent Mark Cycle
[2662.601s][info][gc,marking     ] GC(488) Concurrent Scan Root Regions
[2662.601s][info][gc,cpu         ] GC(487) User=0.71s Sys=0.00s Real=0.12s
[2662.735s][info][gc,marking     ] GC(488) Concurrent Scan Root Regions 134.297ms
[2662.735s][info][gc,marking     ] GC(488) Concurrent Mark
[2662.735s][info][gc,marking     ] GC(488) Concurrent Mark From Roots
[2662.735s][info][gc,task        ] GC(488) Using 2 workers of 2 for marking
.[2663.377s][info][gc,marking     ] GC(488) Concurrent Mark From Roots 641.457ms
[2663.377s][info][gc,marking     ] GC(488) Concurrent Preclean
[2663.377s][info][gc,marking     ] GC(488) Concurrent Preclean 0.040ms
[2663.377s][info][gc,start       ] GC(488) Pause Remark
[2663.381s][info][gc             ] GC(488) Pause Remark 1875M->1875M(4096M) 4.073ms
[2663.381s][info][gc,cpu         ] GC(488) User=0.02s Sys=0.00s Real=0.00s
[2663.381s][info][gc,marking     ] GC(488) Concurrent Mark 645.813ms
[2663.381s][info][gc,marking     ] GC(488) Concurrent Rebuild Remembered Sets and Scrub Regions
[2663.616s][info][gc,marking     ] GC(488) Concurrent Rebuild Remembered Sets and Scrub Regions 234.737ms
[2663.616s][info][gc,start       ] GC(488) Pause Cleanup
[2663.616s][info][gc             ] GC(488) Pause Cleanup 1982M->1982M(4096M) 0.115ms
[2663.616s][info][gc,cpu         ] GC(488) User=0.00s Sys=0.00s Real=0.00s
[2663.616s][info][gc,marking     ] GC(488) Concurrent Clear Claimed Marks
[2663.616s][info][gc,marking     ] GC(488) Concurrent Clear Claimed Marks 0.026ms
[2663.616s][info][gc,marking     ] GC(488) Concurrent Cleanup for Next Mark
[2663.619s][info][gc,marking     ] GC(488) Concurrent Cleanup for Next Mark 3.151ms
[2663.619s][info][gc             ] GC(488) Concurrent Mark Cycle 1018.491ms
...[2666.859s][info][gc,start       ] GC(489) Pause Young (Prepare Mixed) (G1 Evacuation Pause)
[2666.859s][info][gc,task        ] GC(489) Using 6 workers of 6 for evacuation
[2666.975s][info][gc,phases      ] GC(489)   Pre Evacuate Collection Set: 0.36ms
[2666.975s][info][gc,phases      ] GC(489)   Merge Heap Roots: 0.53ms
[2666.975s][info][gc,phases      ] GC(489)   Evacuate Collection Set: 113.65ms
[2666.975s][info][gc,phases      ] GC(489)   Post Evacuate Collection Set: 0.97ms
[2666.975s][info][gc,phases      ] GC(489)   Other: 0.09ms
[2666.975s][info][gc,heap        ] GC(489) Eden regions: 1119->0(1112)
[2666.975s][info][gc,heap        ] GC(489) Survivor regions: 109->108(154)
[2666.975s][info][gc,heap        ] GC(489) Old regions: 505->537
[2666.975s][info][gc,heap        ] GC(489) Humongous regions: 80->80
[2666.975s][info][gc,metaspace   ] GC(489) Metaspace: 28956K(29248K)->28956K(29248K) NonClass: 24072K(24192K)->24072K(24192K) Class: 4883K(5056K)->4883K(5056K)
[2666.975s][info][gc             ] GC(489) Pause Young (Prepare Mixed) (G1 Evacuation Pause) 3624M->1447M(4096M) 115.725ms
[2666.975s][info][gc,cpu         ] GC(489) User=0.69s Sys=0.00s Real=0.12s
....[2671.236s][info][gc,start       ] GC(490) Pause Young (Mixed) (G1 Evacuation Pause)
[2671.236s][info][gc,task        ] GC(490) Using 6 workers of 6 for evacuation
[2671.368s][info][gc,phases      ] GC(490)   Pre Evacuate Collection Set: 0.40ms
[2671.368s][info][gc,phases      ] GC(490)   Merge Heap Roots: 0.72ms
[2671.368s][info][gc,phases      ] GC(490)   Evacuate Collection Set: 129.20ms
[2671.368s][info][gc,phases      ] GC(490)   Post Evacuate Collection Set: 0.97ms
[2671.368s][info][gc,phases      ] GC(490)   Other: 0.09ms
[2671.368s][info][gc,heap        ] GC(490) Eden regions: 1112->0(1119)
[2671.368s][info][gc,heap        ] GC(490) Survivor regions: 108->109(153)
[2671.368s][info][gc,heap        ] GC(490) Old regions: 537->472
[2671.368s][info][gc,heap        ] GC(490) Humongous regions: 80->80
[2671.368s][info][gc,metaspace   ] GC(490) Metaspace: 28956K(29248K)->28956K(29248K) NonClass: 24072K(24192K)->24072K(24192K) Class: 4883K(5056K)->4883K(5056K)
[2671.368s][info][gc             ] GC(490) Pause Young (Mixed) (G1 Evacuation Pause) 3671M->1319M(4096M) 131.512ms
[2671.368s][info][gc,cpu         ] GC(490) User=0.78s Sys=0.00s Real=0.13s
.....[2675.712s][info][gc,start       ] GC(491) Pause Young (Concurrent Start) (G1 Evacuation Pause)
[2675.712s][info][gc,task        ] GC(491) Using 6 workers of 6 for evacuation
[2675.827s][info][gc,phases      ] GC(491)   Pre Evacuate Collection Set: 0.44ms
[2675.827s][info][gc,phases      ] GC(491)   Merge Heap Roots: 0.52ms
[2675.827s][info][gc,phases      ] GC(491)   Evacuate Collection Set: 113.05ms
[2675.827s][info][gc,phases      ] GC(491)   Post Evacuate Collection Set: 0.90ms
[2675.827s][info][gc,phases      ] GC(491)   Other: 0.12ms
[2675.827s][info][gc,heap        ] GC(491) Eden regions: 1119->0(1120)
[2675.827s][info][gc,heap        ] GC(491) Survivor regions: 109->108(154)
[2675.827s][info][gc,heap        ] GC(491) Old regions: 472->504
[2675.827s][info][gc,heap        ] GC(491) Humongous regions: 80->80
[2675.827s][info][gc,metaspace   ] GC(491) Metaspace: 28956K(29248K)->28956K(29248K) NonClass: 24072K(24192K)->24072K(24192K) Class: 4883K(5056K)->4883K(5056K)
[2675.827s][info][gc             ] GC(491) Pause Young (Concurrent Start) (G1 Evacuation Pause) 3557M->1381M(4096M) 115.166ms
[2675.827s][info][gc             ] GC(492) Concurrent Mark Cycle
[2675.827s][info][gc,marking     ] GC(492) Concurrent Scan Root Regions
[2675.827s][info][gc,cpu         ] GC(491) User=0.68s Sys=0.00s Real=0.12s
[2675.990s][info][gc,marking     ] GC(492) Concurrent Scan Root Regions 162.075ms
[2675.990s][info][gc,marking     ] GC(492) Concurrent Mark
[2675.990s][info][gc,marking     ] GC(492) Concurrent Mark From Roots
[2675.990s][info][gc,task        ] GC(492) Using 2 workers of 2 for marking
.[2676.751s][info][gc,marking     ] GC(492) Concurrent Mark From Roots 761.408ms
[2676.751s][info][gc,marking     ] GC(492) Concurrent Preclean
[2676.751s][info][gc,marking     ] GC(492) Concurrent Preclean 0.057ms
[2676.752s][info][gc,start       ] GC(492) Pause Remark
[2676.756s][info][gc             ] GC(492) Pause Remark 1952M->1952M(4096M) 4.090ms
[2676.756s][info][gc,cpu         ] GC(492) User=0.02s Sys=0.00s Real=0.01s
[2676.756s][info][gc,marking     ] GC(492) Concurrent Mark 766.375ms
[2676.756s][info][gc,marking     ] GC(492) Concurrent Rebuild Remembered Sets and Scrub Regions
[2676.989s][info][gc,marking     ] GC(492) Concurrent Rebuild Remembered Sets and Scrub Regions 233.380ms
[2676.989s][info][gc,start       ] GC(492) Pause Cleanup
[2676.990s][info][gc             ] GC(492) Pause Cleanup 2066M->2066M(4096M) 0.134ms
[2676.990s][info][gc,cpu         ] GC(492) User=0.00s Sys=0.00s Real=0.00s
[2676.990s][info][gc,marking     ] GC(492) Concurrent Clear Claimed Marks
[2676.990s][info][gc,marking     ] GC(492) Concurrent Clear Claimed Marks 0.025ms
[2676.990s][info][gc,marking     ] GC(492) Concurrent Cleanup for Next Mark
[2676.994s][info][gc,marking     ] GC(492) Concurrent Cleanup for Next Mark 3.882ms
[2676.994s][info][gc             ] GC(492) Concurrent Mark Cycle 1166.153ms
...[2680.136s][info][gc,start       ] GC(493) Pause Young (Prepare Mixed) (G1 Evacuation Pause)
[2680.136s][info][gc,task        ] GC(493) Using 6 workers of 6 for evacuation
[2680.253s][info][gc,phases      ] GC(493)   Pre Evacuate Collection Set: 0.34ms
[2680.253s][info][gc,phases      ] GC(493)   Merge Heap Roots: 0.60ms
[2680.253s][info][gc,phases      ] GC(493)   Evacuate Collection Set: 115.05ms
[2680.253s][info][gc,phases      ] GC(493)   Post Evacuate Collection Set: 0.95ms
[2680.253s][info][gc,phases      ] GC(493)   Other: 0.09ms
[2680.253s][info][gc,heap        ] GC(493) Eden regions: 1120->0(1111)
[2680.253s][info][gc,heap        ] GC(493) Survivor regions: 108->109(154)
[2680.253s][info][gc,heap        ] GC(493) Old regions: 504->536
[2680.253s][info][gc,heap        ] GC(493) Humongous regions: 80->80
[2680.253s][info][gc,metaspace   ] GC(493) Metaspace: 28956K(29248K)->28956K(29248K) NonClass: 24072K(24192K)->24072K(24192K) Class: 4883K(5056K)->4883K(5056K)
[2680.253s][info][gc             ] GC(493) Pause Young (Prepare Mixed) (G1 Evacuation Pause) 3621M->1446M(4096M) 117.155ms
[2680.253s][info][gc,cpu         ] GC(493) User=0.70s Sys=0.00s Real=0.11s
..... (rIR:aIR:PR = 4289:4291:4291) (tPR = 63522) [OK] 
  2684s: Performance info:
         Transaction,    Success,    Partial,     Failed,   Receipts, AvgBarcode, 
             Overall,     257931,          0,          0,     245034,      59.48, 
         Response times:
             Request,    Success,    Partial,     Failed,   SkipFail,     Probes,    Samples,      min,      p50,      p90,      p95,      p99,      max, 
       TotalPurchase,     245031,          0,          0,          0,     240722,     257906,      300,     3400,     6200,     9500,    40000,   145000,
     InStorePurchase,     128987,          0,          0,          0,     127080,     135868,      300,     3300,     6200,     9300,    40000,   145000,
      OnlinePurchase,      90274,          0,          0,          0,      88683,      94950,      300,     3400,     6300,     9800,    40000,   143000,
        InstPurchase,      25770,          0,          0,          0,      24959,      27088,      400,     3500,     6200,     9600,    42000,   143000,
          AssocOfCat,        257,          0,          0,          0,        199,        276,    21000,    32000,    54200,    74000,   165910,   186000,
      AssocOfProduct,       2585,          0,          0,          0,       2366,       2663,      800,     3800,     6200,     8580,    30000,   143000,
      BusinessReport,        648,          0,          0,          0,        552,        678,    21000,    34000,    51000,    61000,   112630,   186000,
          CustBuyBeh,       2579,          0,          0,          0,       2368,       2703,      200,     2800,     5600,     7580,    36000,   141000,
       ProductReturn,       6825,          0,          0,          0,       6443,       7235,      200,     3300,     6000,     9200,    41640,   143000,

  2684s: (32%)   IR =   4428 [2684.551s][info][gc,start       ] GC(494) Pause Young (Mixed) (G1 Evacuation Pause)
[2684.551s][info][gc,task        ] GC(494) Using 6 workers of 6 for evacuation
[2684.687s][info][gc,phases      ] GC(494)   Pre Evacuate Collection Set: 0.40ms
[2684.687s][info][gc,phases      ] GC(494)   Merge Heap Roots: 0.67ms
[2684.687s][info][gc,phases      ] GC(494)   Evacuate Collection Set: 134.45ms
[2684.687s][info][gc,phases      ] GC(494)   Post Evacuate Collection Set: 1.02ms
[2684.687s][info][gc,phases      ] GC(494)   Other: 0.09ms
[2684.687s][info][gc,heap        ] GC(494) Eden regions: 1111->0(1116)
[2684.687s][info][gc,heap        ] GC(494) Survivor regions: 109->112(153)
[2684.687s][info][gc,heap        ] GC(494) Old regions: 536->473
[2684.687s][info][gc,heap        ] GC(494) Humongous regions: 80->80
[2684.687s][info][gc,metaspace   ] GC(494) Metaspace: 28956K(29248K)->28956K(29248K) NonClass: 24072K(24192K)->24072K(24192K) Class: 4883K(5056K)->4883K(5056K)
[2684.687s][info][gc             ] GC(494) Pause Young (Mixed) (G1 Evacuation Pause) 3668M->1327M(4096M) 136.767ms
[2684.687s][info][gc,cpu         ] GC(494) User=0.81s Sys=0.00s Real=0.14s
....[2688.834s][info][gc,start       ] GC(495) Pause Young (Concurrent Start) (G1 Evacuation Pause)
[2688.834s][info][gc,task        ] GC(495) Using 6 workers of 6 for evacuation
[2688.951s][info][gc,phases      ] GC(495)   Pre Evacuate Collection Set: 0.41ms
[2688.951s][info][gc,phases      ] GC(495)   Merge Heap Roots: 0.56ms
[2688.951s][info][gc,phases      ] GC(495)   Evacuate Collection Set: 114.88ms
[2688.951s][info][gc,phases      ] GC(495)   Post Evacuate Collection Set: 1.00ms
[2688.952s][info][gc,phases      ] GC(495)   Other: 0.11ms
[2688.952s][info][gc,heap        ] GC(495) Eden regions: 1116->0(1119)
[2688.952s][info][gc,heap        ] GC(495) Survivor regions: 112->109(154)
[2688.952s][info][gc,heap        ] GC(495) Old regions: 473->505
[2688.952s][info][gc,heap        ] GC(495) Humongous regions: 80->80
[2688.952s][info][gc,metaspace   ] GC(495) Metaspace: 28956K(29248K)->28956K(29248K) NonClass: 24072K(24192K)->24072K(24192K) Class: 4883K(5056K)->4883K(5056K)
[2688.952s][info][gc             ] GC(495) Pause Young (Concurrent Start) (G1 Evacuation Pause) 3559M->1385M(4096M) 117.096ms
[2688.952s][info][gc             ] GC(496) Concurrent Mark Cycle
[2688.952s][info][gc,marking     ] GC(496) Concurrent Scan Root Regions
[2688.952s][info][gc,cpu         ] GC(495) User=0.69s Sys=0.00s Real=0.11s
[2689.122s][info][gc,marking     ] GC(496) Concurrent Scan Root Regions 170.420ms
[2689.122s][info][gc,marking     ] GC(496) Concurrent Mark
[2689.122s][info][gc,marking     ] GC(496) Concurrent Mark From Roots
[2689.122s][info][gc,task        ] GC(496) Using 2 workers of 2 for marking
.|[2690.061s][info][gc,marking     ] GC(496) Concurrent Mark From Roots 938.863ms
[2690.061s][info][gc,marking     ] GC(496) Concurrent Preclean
[2690.061s][info][gc,marking     ] GC(496) Concurrent Preclean 0.081ms
[2690.062s][info][gc,start       ] GC(496) Pause Remark
[2690.066s][info][gc             ] GC(496) Pause Remark 2053M->2053M(4096M) 4.160ms
[2690.066s][info][gc,cpu         ] GC(496) User=0.02s Sys=0.00s Real=0.01s
[2690.067s][info][gc,marking     ] GC(496) Concurrent Mark 944.785ms
[2690.067s][info][gc,marking     ] GC(496) Concurrent Rebuild Remembered Sets and Scrub Regions
[2690.363s][info][gc,marking     ] GC(496) Concurrent Rebuild Remembered Sets and Scrub Regions 296.274ms
[2690.363s][info][gc,start       ] GC(496) Pause Cleanup
[2690.364s][info][gc             ] GC(496) Pause Cleanup 2219M->2219M(4096M) 0.140ms
[2690.364s][info][gc,cpu         ] GC(496) User=0.00s Sys=0.00s Real=0.00s
[2690.364s][info][gc,marking     ] GC(496) Concurrent Clear Claimed Marks
[2690.364s][info][gc,marking     ] GC(496) Concurrent Clear Claimed Marks 0.033ms
[2690.364s][info][gc,marking     ] GC(496) Concurrent Cleanup for Next Mark
[2690.367s][info][gc,marking     ] GC(496) Concurrent Cleanup for Next Mark 3.370ms
[2690.367s][info][gc             ] GC(496) Concurrent Mark Cycle 1415.564ms
...[2693.109s][info][gc,start       ] GC(497) Pause Young (Prepare Mixed) (G1 Evacuation Pause)
[2693.109s][info][gc,task        ] GC(497) Using 6 workers of 6 for evacuation
[2693.226s][info][gc,phases      ] GC(497)   Pre Evacuate Collection Set: 0.35ms
[2693.226s][info][gc,phases      ] GC(497)   Merge Heap Roots: 0.53ms
[2693.226s][info][gc,phases      ] GC(497)   Evacuate Collection Set: 114.81ms
[2693.226s][info][gc,phases      ] GC(497)   Post Evacuate Collection Set: 0.94ms
[2693.226s][info][gc,phases      ] GC(497)   Other: 0.09ms
[2693.226s][info][gc,heap        ] GC(497) Eden regions: 1119->0(1109)
[2693.226s][info][gc,heap        ] GC(497) Survivor regions: 109->110(154)
[2693.226s][info][gc,heap        ] GC(497) Old regions: 505->536
[2693.226s][info][gc,heap        ] GC(497) Humongous regions: 80->80
[2693.226s][info][gc,metaspace   ] GC(497) Metaspace: 28957K(29248K)->28957K(29248K) NonClass: 24074K(24192K)->24074K(24192K) Class: 4883K(5056K)->4883K(5056K)
[2693.226s][info][gc             ] GC(497) Pause Young (Prepare Mixed) (G1 Evacuation Pause) 3623M->1449M(4096M) 116.853ms
[2693.226s][info][gc,cpu         ] GC(497) User=0.69s Sys=0.00s Real=0.12s
....[2697.307s][info][gc,start       ] GC(498) Pause Young (Mixed) (G1 Evacuation Pause)
[2697.307s][info][gc,task        ] GC(498) Using 6 workers of 6 for evacuation
[2697.440s][info][gc,phases      ] GC(498)   Pre Evacuate Collection Set: 0.38ms
[2697.440s][info][gc,phases      ] GC(498)   Merge Heap Roots: 0.72ms
[2697.440s][info][gc,phases      ] GC(498)   Evacuate Collection Set: 130.53ms
[2697.440s][info][gc,phases      ] GC(498)   Post Evacuate Collection Set: 0.96ms
[2697.440s][info][gc,phases      ] GC(498)   Other: 0.09ms
[2697.440s][info][gc,heap        ] GC(498) Eden regions: 1109->0(1120)
[2697.440s][info][gc,heap        ] GC(498) Survivor regions: 110->108(153)
[2697.440s][info][gc,heap        ] GC(498) Old regions: 536->472
[2697.440s][info][gc,heap        ] GC(498) Humongous regions: 80->80
[2697.440s][info][gc,metaspace   ] GC(498) Metaspace: 28957K(29248K)->28957K(29248K) NonClass: 24074K(24192K)->24074K(24192K) Class: 4883K(5056K)->4883K(5056K)
[2697.440s][info][gc             ] GC(498) Pause Young (Mixed) (G1 Evacuation Pause) 3667M->1317M(4096M) 132.800ms
[2697.440s][info][gc,cpu         ] GC(498) User=0.79s Sys=0.00s Real=0.13s
.....[2701.581s][info][gc,start       ] GC(499) Pause Young (Concurrent Start) (G1 Evacuation Pause)
[2701.581s][info][gc,task        ] GC(499) Using 6 workers of 6 for evacuation
[2701.699s][info][gc,phases      ] GC(499)   Pre Evacuate Collection Set: 0.43ms
[2701.699s][info][gc,phases      ] GC(499)   Merge Heap Roots: 0.53ms
[2701.699s][info][gc,phases      ] GC(499)   Evacuate Collection Set: 116.08ms
[2701.699s][info][gc,phases      ] GC(499)   Post Evacuate Collection Set: 0.88ms
[2701.699s][info][gc,phases      ] GC(499)   Other: 0.13ms
[2701.699s][info][gc,heap        ] GC(499) Eden regions: 1120->0(1118)
[2701.699s][info][gc,heap        ] GC(499) Survivor regions: 108->110(154)
[2701.699s][info][gc,heap        ] GC(499) Old regions: 472->504
[2701.699s][info][gc,heap        ] GC(499) Humongous regions: 80->80
[2701.699s][info][gc,metaspace   ] GC(499) Metaspace: 28957K(29248K)->28957K(29248K) NonClass: 24074K(24192K)->24074K(24192K) Class: 4883K(5056K)->4883K(5056K)
[2701.699s][info][gc             ] GC(499) Pause Young (Concurrent Start) (G1 Evacuation Pause) 3557M->1385M(4096M) 118.169ms
[2701.699s][info][gc             ] GC(500) Concurrent Mark Cycle
[2701.699s][info][gc,marking     ] GC(500) Concurrent Scan Root Regions
[2701.699s][info][gc,cpu         ] GC(499) User=0.70s Sys=0.00s Real=0.12s
[2701.809s][info][gc,marking     ] GC(500) Concurrent Scan Root Regions 109.473ms
[2701.809s][info][gc,marking     ] GC(500) Concurrent Mark
[2701.809s][info][gc,marking     ] GC(500) Concurrent Mark From Roots
[2701.809s][info][gc,task        ] GC(500) Using 2 workers of 2 for marking
[2702.346s][info][gc,marking     ] GC(500) Concurrent Mark From Roots 536.719ms
[2702.346s][info][gc,marking     ] GC(500) Concurrent Preclean
[2702.346s][info][gc,marking     ] GC(500) Concurrent Preclean 0.041ms
[2702.346s][info][gc,start       ] GC(500) Pause Remark
[2702.350s][info][gc             ] GC(500) Pause Remark 1772M->1772M(4096M) 3.666ms
[2702.350s][info][gc,cpu         ] GC(500) User=0.02s Sys=0.00s Real=0.00s
[2702.350s][info][gc,marking     ] GC(500) Concurrent Mark 540.652ms
[2702.350s][info][gc,marking     ] GC(500) Concurrent Rebuild Remembered Sets and Scrub Regions
.[2702.561s][info][gc,marking     ] GC(500) Concurrent Rebuild Remembered Sets and Scrub Regions 211.669ms
[2702.561s][info][gc,start       ] GC(500) Pause Cleanup
[2702.562s][info][gc             ] GC(500) Pause Cleanup 1882M->1882M(4096M) 0.115ms
[2702.562s][info][gc,cpu         ] GC(500) User=0.00s Sys=0.00s Real=0.00s
[2702.562s][info][gc,marking     ] GC(500) Concurrent Clear Claimed Marks
[2702.562s][info][gc,marking     ] GC(500) Concurrent Clear Claimed Marks 0.024ms
[2702.562s][info][gc,marking     ] GC(500) Concurrent Cleanup for Next Mark
[2702.565s][info][gc,marking     ] GC(500) Concurrent Cleanup for Next Mark 3.214ms
[2702.565s][info][gc             ] GC(500) Concurrent Mark Cycle 865.443ms
...[2705.848s][info][gc,start       ] GC(501) Pause Young (Prepare Mixed) (G1 Evacuation Pause)
[2705.848s][info][gc,task        ] GC(501) Using 6 workers of 6 for evacuation
[2705.963s][info][gc,phases      ] GC(501)   Pre Evacuate Collection Set: 0.36ms
[2705.963s][info][gc,phases      ] GC(501)   Merge Heap Roots: 0.52ms
[2705.963s][info][gc,phases      ] GC(501)   Evacuate Collection Set: 112.77ms
[2705.963s][info][gc,phases      ] GC(501)   Post Evacuate Collection Set: 0.98ms
[2705.963s][info][gc,phases      ] GC(501)   Other: 0.09ms
[2705.963s][info][gc,heap        ] GC(501) Eden regions: 1118->0(1116)
[2705.963s][info][gc,heap        ] GC(501) Survivor regions: 110->107(154)
[2705.963s][info][gc,heap        ] GC(501) Old regions: 504->535
[2705.963s][info][gc,heap        ] GC(501) Humongous regions: 80->80
[2705.963s][info][gc,metaspace   ] GC(501) Metaspace: 28957K(29248K)->28957K(29248K) NonClass: 24074K(24192K)->24074K(24192K) Class: 4883K(5056K)->4883K(5056K)
[2705.963s][info][gc             ] GC(501) Pause Young (Prepare Mixed) (G1 Evacuation Pause) 3621M->1442M(4096M) 114.874ms
[2705.963s][info][gc,cpu         ] GC(501) User=0.68s Sys=0.00s Real=0.11s
....[2710.126s][info][gc,start       ] GC(502) Pause Young (Mixed) (G1 Evacuation Pause)
[2710.126s][info][gc,task        ] GC(502) Using 6 workers of 6 for evacuation
[2710.262s][info][gc,phases      ] GC(502)   Pre Evacuate Collection Set: 0.43ms
[2710.262s][info][gc,phases      ] GC(502)   Merge Heap Roots: 0.79ms
[2710.262s][info][gc,phases      ] GC(502)   Evacuate Collection Set: 133.54ms
[2710.262s][info][gc,phases      ] GC(502)   Post Evacuate Collection Set: 0.95ms
[2710.262s][info][gc,phases      ] GC(502)   Other: 0.10ms
[2710.262s][info][gc,heap        ] GC(502) Eden regions: 1116->0(1119)
[2710.262s][info][gc,heap        ] GC(502) Survivor regions: 107->109(153)
[2710.262s][info][gc,heap        ] GC(502) Old regions: 535->473
[2710.262s][info][gc,heap        ] GC(502) Humongous regions: 80->80
[2710.262s][info][gc,metaspace   ] GC(502) Metaspace: 28957K(29248K)->28957K(29248K) NonClass: 24074K(24192K)->24074K(24192K) Class: 4883K(5056K)->4883K(5056K)
[2710.262s][info][gc             ] GC(502) Pause Young (Mixed) (G1 Evacuation Pause) 3674M->1321M(4096M) 135.923ms
[2710.262s][info][gc,cpu         ] GC(502) User=0.81s Sys=0.00s Real=0.13s
....[2714.455s][info][gc,start       ] GC(503) Pause Young (Concurrent Start) (G1 Evacuation Pause)
[2714.455s][info][gc,task        ] GC(503) Using 6 workers of 6 for evacuation
[2714.574s][info][gc,phases      ] GC(503)   Pre Evacuate Collection Set: 0.37ms
[2714.574s][info][gc,phases      ] GC(503)   Merge Heap Roots: 0.52ms
[2714.574s][info][gc,phases      ] GC(503)   Evacuate Collection Set: 117.86ms
[2714.574s][info][gc,phases      ] GC(503)   Post Evacuate Collection Set: 0.81ms
[2714.574s][info][gc,phases      ] GC(503)   Other: 0.14ms
[2714.574s][info][gc,heap        ] GC(503) Eden regions: 1119->0(1117)
[2714.574s][info][gc,heap        ] GC(503) Survivor regions: 109->111(154)
[2714.574s][info][gc,heap        ] GC(503) Old regions: 473->504
[2714.574s][info][gc,heap        ] GC(503) Humongous regions: 80->80
[2714.574s][info][gc,metaspace   ] GC(503) Metaspace: 28957K(29248K)->28957K(29248K) NonClass: 24074K(24192K)->24074K(24192K) Class: 4883K(5056K)->4883K(5056K)
[2714.574s][info][gc             ] GC(503) Pause Young (Concurrent Start) (G1 Evacuation Pause) 3559M->1387M(4096M) 119.848ms
[2714.574s][info][gc             ] GC(504) Concurrent Mark Cycle
[2714.574s][info][gc,marking     ] GC(504) Concurrent Scan Root Regions
[2714.574s][info][gc,cpu         ] GC(503) User=0.71s Sys=0.00s Real=0.12s
.[2714.705s][info][gc,marking     ] GC(504) Concurrent Scan Root Regions 130.089ms
[2714.705s][info][gc,marking     ] GC(504) Concurrent Mark
[2714.705s][info][gc,marking     ] GC(504) Concurrent Mark From Roots
[2714.705s][info][gc,task        ] GC(504) Using 2 workers of 2 for marking
[2715.343s][info][gc,marking     ] GC(504) Concurrent Mark From Roots 638.674ms
[2715.343s][info][gc,marking     ] GC(504) Concurrent Preclean
[2715.343s][info][gc,marking     ] GC(504) Concurrent Preclean 0.109ms
[2715.343s][info][gc,start       ] GC(504) Pause Remark
[2715.349s][info][gc             ] GC(504) Pause Remark 1848M->1848M(4096M) 5.107ms
[2715.349s][info][gc,cpu         ] GC(504) User=0.02s Sys=0.01s Real=0.01s
[2715.349s][info][gc,marking     ] GC(504) Concurrent Mark 644.145ms
[2715.349s][info][gc,marking     ] GC(504) Concurrent Rebuild Remembered Sets and Scrub Regions
.[2715.595s][info][gc,marking     ] GC(504) Concurrent Rebuild Remembered Sets and Scrub Regions 246.040ms
[2715.595s][info][gc,start       ] GC(504) Pause Cleanup
[2715.595s][info][gc             ] GC(504) Pause Cleanup 1980M->1980M(4096M) 0.131ms
[2715.595s][info][gc,cpu         ] GC(504) User=0.00s Sys=0.00s Real=0.00s
[2715.595s][info][gc,marking     ] GC(504) Concurrent Clear Claimed Marks
[2715.595s][info][gc,marking     ] GC(504) Concurrent Clear Claimed Marks 0.028ms
[2715.595s][info][gc,marking     ] GC(504) Concurrent Cleanup for Next Mark
[2715.599s][info][gc,marking     ] GC(504) Concurrent Cleanup for Next Mark 4.321ms
[2715.600s][info][gc             ] GC(504) Concurrent Mark Cycle 1025.095ms
...[2718.705s][info][gc,start       ] GC(505) Pause Young (Prepare Mixed) (G1 Evacuation Pause)
[2718.705s][info][gc,task        ] GC(505) Using 6 workers of 6 for evacuation
[2718.823s][info][gc,phases      ] GC(505)   Pre Evacuate Collection Set: 0.35ms
[2718.823s][info][gc,phases      ] GC(505)   Merge Heap Roots: 0.53ms
[2718.823s][info][gc,phases      ] GC(505)   Evacuate Collection Set: 115.37ms
[2718.823s][info][gc,phases      ] GC(505)   Post Evacuate Collection Set: 0.94ms
[2718.823s][info][gc,phases      ] GC(505)   Other: 0.10ms
[2718.823s][info][gc,heap        ] GC(505) Eden regions: 1117->0(1110)
[2718.823s][info][gc,heap        ] GC(505) Survivor regions: 111->110(154)
[2718.823s][info][gc,heap        ] GC(505) Old regions: 504->535
[2718.823s][info][gc,heap        ] GC(505) Humongous regions: 80->80
[2718.823s][info][gc,metaspace   ] GC(505) Metaspace: 28950K(29312K)->28950K(29312K) NonClass: 24070K(24256K)->24070K(24256K) Class: 4880K(5056K)->4880K(5056K)
[2718.823s][info][gc             ] GC(505) Pause Young (Prepare Mixed) (G1 Evacuation Pause) 3621M->1448M(4096M) 117.441ms
[2718.823s][info][gc,cpu         ] GC(505) User=0.69s Sys=0.00s Real=0.11s
....[2722.864s][info][gc,start       ] GC(506) Pause Young (Mixed) (G1 Evacuation Pause)
[2722.864s][info][gc,task        ] GC(506) Using 6 workers of 6 for evacuation
[2722.994s][info][gc,phases      ] GC(506)   Pre Evacuate Collection Set: 0.39ms
[2722.995s][info][gc,phases      ] GC(506)   Merge Heap Roots: 0.69ms
[2722.995s][info][gc,phases      ] GC(506)   Evacuate Collection Set: 128.37ms
[2722.995s][info][gc,phases      ] GC(506)   Post Evacuate Collection Set: 0.96ms
[2722.995s][info][gc,phases      ] GC(506)   Other: 0.10ms
[2722.995s][info][gc,heap        ] GC(506) Eden regions: 1110->0(1120)
[2722.995s][info][gc,heap        ] GC(506) Survivor regions: 110->108(153)
[2722.995s][info][gc,heap        ] GC(506) Old regions: 535->471
[2722.995s][info][gc,heap        ] GC(506) Humongous regions: 80->80
[2722.995s][info][gc,metaspace   ] GC(506) Metaspace: 28950K(29312K)->28950K(29312K) NonClass: 24070K(24256K)->24070K(24256K) Class: 4880K(5056K)->4880K(5056K)
[2722.995s][info][gc             ] GC(506) Pause Young (Mixed) (G1 Evacuation Pause) 3668M->1315M(4096M) 130.642ms
[2722.995s][info][gc,cpu         ] GC(506) User=0.78s Sys=0.00s Real=0.14s
....[2727.217s][info][gc,start       ] GC(507) Pause Young (Concurrent Start) (G1 Evacuation Pause)
[2727.217s][info][gc,task        ] GC(507) Using 6 workers of 6 for evacuation
[2727.332s][info][gc,phases      ] GC(507)   Pre Evacuate Collection Set: 0.41ms
[2727.332s][info][gc,phases      ] GC(507)   Merge Heap Roots: 0.46ms
[2727.332s][info][gc,phases      ] GC(507)   Evacuate Collection Set: 113.44ms
[2727.332s][info][gc,phases      ] GC(507)   Post Evacuate Collection Set: 0.89ms
[2727.332s][info][gc,phases      ] GC(507)   Other: 0.13ms
[2727.332s][info][gc,heap        ] GC(507) Eden regions: 1120->0(1118)
[2727.332s][info][gc,heap        ] GC(507) Survivor regions: 108->110(154)
[2727.332s][info][gc,heap        ] GC(507) Old regions: 471->503
[2727.332s][info][gc,heap        ] GC(507) Humongous regions: 80->80
[2727.332s][info][gc,metaspace   ] GC(507) Metaspace: 28950K(29312K)->28950K(29312K) NonClass: 24070K(24256K)->24070K(24256K) Class: 4880K(5056K)->4880K(5056K)
[2727.332s][info][gc             ] GC(507) Pause Young (Concurrent Start) (G1 Evacuation Pause) 3555M->1383M(4096M) 115.473ms
[2727.332s][info][gc             ] GC(508) Concurrent Mark Cycle
[2727.332s][info][gc,marking     ] GC(508) Concurrent Scan Root Regions
[2727.332s][info][gc,cpu         ] GC(507) User=0.68s Sys=0.00s Real=0.11s
[2727.463s][info][gc,marking     ] GC(508) Concurrent Scan Root Regions 131.048ms
[2727.463s][info][gc,marking     ] GC(508) Concurrent Mark
[2727.463s][info][gc,marking     ] GC(508) Concurrent Mark From Roots
[2727.463s][info][gc,task        ] GC(508) Using 2 workers of 2 for marking
.[2728.104s][info][gc,marking     ] GC(508) Concurrent Mark From Roots 641.093ms
[2728.104s][info][gc,marking     ] GC(508) Concurrent Preclean
[2728.104s][info][gc,marking     ] GC(508) Concurrent Preclean 0.117ms
[2728.105s][info][gc,start       ] GC(508) Pause Remark
[2728.108s][info][gc             ] GC(508) Pause Remark 1845M->1845M(4096M) 3.869ms
[2728.109s][info][gc,cpu         ] GC(508) User=0.02s Sys=0.00s Real=0.00s
[2728.109s][info][gc,marking     ] GC(508) Concurrent Mark 645.469ms
[2728.109s][info][gc,marking     ] GC(508) Concurrent Rebuild Remembered Sets and Scrub Regions
[2728.401s][info][gc,marking     ] GC(508) Concurrent Rebuild Remembered Sets and Scrub Regions 292.035ms
[2728.401s][info][gc,start       ] GC(508) Pause Cleanup
[2728.401s][info][gc             ] GC(508) Pause Cleanup 2015M->2015M(4096M) 0.142ms
[2728.401s][info][gc,cpu         ] GC(508) User=0.00s Sys=0.00s Real=0.00s
[2728.401s][info][gc,marking     ] GC(508) Concurrent Clear Claimed Marks
[2728.401s][info][gc,marking     ] GC(508) Concurrent Clear Claimed Marks 0.028ms
[2728.401s][info][gc,marking     ] GC(508) Concurrent Cleanup for Next Mark
[2728.405s][info][gc,marking     ] GC(508) Concurrent Cleanup for Next Mark 4.002ms
[2728.405s][info][gc             ] GC(508) Concurrent Mark Cycle 1073.091ms
...[2731.455s][info][gc,start       ] GC(509) Pause Young (Prepare Mixed) (G1 Evacuation Pause)
[2731.456s][info][gc,task        ] GC(509) Using 6 workers of 6 for evacuation
[2731.576s][info][gc,phases      ] GC(509)   Pre Evacuate Collection Set: 0.36ms
[2731.576s][info][gc,phases      ] GC(509)   Merge Heap Roots: 0.58ms
[2731.576s][info][gc,phases      ] GC(509)   Evacuate Collection Set: 118.51ms
[2731.576s][info][gc,phases      ] GC(509)   Post Evacuate Collection Set: 0.94ms
[2731.576s][info][gc,phases      ] GC(509)   Other: 0.09ms
[2731.576s][info][gc,heap        ] GC(509) Eden regions: 1118->0(1104)
[2731.576s][info][gc,heap        ] GC(509) Survivor regions: 110->113(154)
[2731.576s][info][gc,heap        ] GC(509) Old regions: 503->535
[2731.576s][info][gc,heap        ] GC(509) Humongous regions: 80->80
[2731.576s][info][gc,metaspace   ] GC(509) Metaspace: 28950K(29312K)->28950K(29312K) NonClass: 24070K(24256K)->24070K(24256K) Class: 4880K(5056K)->4880K(5056K)
[2731.576s][info][gc             ] GC(509) Pause Young (Prepare Mixed) (G1 Evacuation Pause) 3619M->1452M(4096M) 120.604ms
[2731.576s][info][gc,cpu         ] GC(509) User=0.72s Sys=0.00s Real=0.12s
.....[2735.677s][info][gc,start       ] GC(510) Pause Young (Mixed) (G1 Evacuation Pause)
[2735.677s][info][gc,task        ] GC(510) Using 6 workers of 6 for evacuation
[2735.810s][info][gc,phases      ] GC(510)   Pre Evacuate Collection Set: 0.37ms
[2735.810s][info][gc,phases      ] GC(510)   Merge Heap Roots: 0.70ms
[2735.810s][info][gc,phases      ] GC(510)   Evacuate Collection Set: 130.23ms
[2735.810s][info][gc,phases      ] GC(510)   Post Evacuate Collection Set: 0.95ms
[2735.810s][info][gc,phases      ] GC(510)   Other: 0.08ms
[2735.810s][info][gc,heap        ] GC(510) Eden regions: 1104->0(1121)
[2735.810s][info][gc,heap        ] GC(510) Survivor regions: 113->107(153)
[2735.810s][info][gc,heap        ] GC(510) Old regions: 535->474
[2735.810s][info][gc,heap        ] GC(510) Humongous regions: 80->80
[2735.810s][info][gc,metaspace   ] GC(510) Metaspace: 28950K(29312K)->28950K(29312K) NonClass: 24070K(24256K)->24070K(24256K) Class: 4880K(5056K)->4880K(5056K)
[2735.810s][info][gc             ] GC(510) Pause Young (Mixed) (G1 Evacuation Pause) 3660M->1319M(4096M) 132.475ms
[2735.810s][info][gc,cpu         ] GC(510) User=0.79s Sys=0.00s Real=0.13s
....[2739.998s][info][gc,start       ] GC(511) Pause Young (Concurrent Start) (G1 Evacuation Pause)
[2739.998s][info][gc,task        ] GC(511) Using 6 workers of 6 for evacuation
[2740.115s][info][gc,phases      ] GC(511)   Pre Evacuate Collection Set: 0.39ms
[2740.116s][info][gc,phases      ] GC(511)   Merge Heap Roots: 0.52ms
[2740.116s][info][gc,phases      ] GC(511)   Evacuate Collection Set: 116.03ms
[2740.116s][info][gc,phases      ] GC(511)   Post Evacuate Collection Set: 0.89ms
[2740.116s][info][gc,phases      ] GC(511)   Other: 0.12ms
[2740.116s][info][gc,heap        ] GC(511) Eden regions: 1121->0(1118)
[2740.116s][info][gc,heap        ] GC(511) Survivor regions: 107->110(154)
[2740.116s][info][gc,heap        ] GC(511) Old regions: 474->506
[2740.116s][info][gc,heap        ] GC(511) Humongous regions: 80->80
[2740.116s][info][gc,metaspace   ] GC(511) Metaspace: 28950K(29312K)->28950K(29312K) NonClass: 24070K(24256K)->24070K(24256K) Class: 4880K(5056K)->4880K(5056K)
[2740.116s][info][gc             ] GC(511) Pause Young (Concurrent Start) (G1 Evacuation Pause) 3561M->1389M(4096M) 118.079ms
[2740.116s][info][gc             ] GC(512) Concurrent Mark Cycle
[2740.116s][info][gc,marking     ] GC(512) Concurrent Scan Root Regions
[2740.116s][info][gc,cpu         ] GC(511) User=0.71s Sys=0.00s Real=0.12s
[2740.250s][info][gc,marking     ] GC(512) Concurrent Scan Root Regions 134.002ms
[2740.250s][info][gc,marking     ] GC(512) Concurrent Mark
[2740.250s][info][gc,marking     ] GC(512) Concurrent Mark From Roots
[2740.250s][info][gc,task        ] GC(512) Using 2 workers of 2 for marking
.[2740.876s][info][gc,marking     ] GC(512) Concurrent Mark From Roots 626.052ms
[2740.876s][info][gc,marking     ] GC(512) Concurrent Preclean
[2740.876s][info][gc,marking     ] GC(512) Concurrent Preclean 0.098ms
[2740.876s][info][gc,start       ] GC(512) Pause Remark
[2740.880s][info][gc             ] GC(512) Pause Remark 1838M->1838M(4096M) 4.001ms
[2740.880s][info][gc,cpu         ] GC(512) User=0.02s Sys=0.00s Real=0.00s
[2740.880s][info][gc,marking     ] GC(512) Concurrent Mark 630.389ms
[2740.880s][info][gc,marking     ] GC(512) Concurrent Rebuild Remembered Sets and Scrub Regions
[2741.119s][info][gc,marking     ] GC(512) Concurrent Rebuild Remembered Sets and Scrub Regions 238.717ms
[2741.119s][info][gc,start       ] GC(512) Pause Cleanup
[2741.119s][info][gc             ] GC(512) Pause Cleanup 1976M->1976M(4096M) 0.140ms
[2741.119s][info][gc,cpu         ] GC(512) User=0.00s Sys=0.00s Real=0.00s
[2741.119s][info][gc,marking     ] GC(512) Concurrent Clear Claimed Marks
[2741.119s][info][gc,marking     ] GC(512) Concurrent Clear Claimed Marks 0.033ms
[2741.119s][info][gc,marking     ] GC(512) Concurrent Cleanup for Next Mark
[2741.123s][info][gc,marking     ] GC(512) Concurrent Cleanup for Next Mark 4.186ms
[2741.123s][info][gc             ] GC(512) Concurrent Mark Cycle 1007.769ms
...[2744.284s][info][gc,start       ] GC(513) Pause Young (Prepare Mixed) (G1 Evacuation Pause)
[2744.284s][info][gc,task        ] GC(513) Using 6 workers of 6 for evacuation
[2744.401s][info][gc,phases      ] GC(513)   Pre Evacuate Collection Set: 0.37ms
[2744.401s][info][gc,phases      ] GC(513)   Merge Heap Roots: 0.53ms
[2744.401s][info][gc,phases      ] GC(513)   Evacuate Collection Set: 115.15ms
[2744.401s][info][gc,phases      ] GC(513)   Post Evacuate Collection Set: 0.94ms
[2744.401s][info][gc,phases      ] GC(513)   Other: 0.09ms
[2744.401s][info][gc,heap        ] GC(513) Eden regions: 1118->0(1110)
[2744.401s][info][gc,heap        ] GC(513) Survivor regions: 110->109(154)
[2744.401s][info][gc,heap        ] GC(513) Old regions: 506->537
[2744.401s][info][gc,heap        ] GC(513) Humongous regions: 80->80
[2744.401s][info][gc,metaspace   ] GC(513) Metaspace: 28950K(29312K)->28950K(29312K) NonClass: 24070K(24256K)->24070K(24256K) Class: 4880K(5056K)->4880K(5056K)
[2744.401s][info][gc             ] GC(513) Pause Young (Prepare Mixed) (G1 Evacuation Pause) 3625M->1449M(4096M) 117.203ms
[2744.401s][info][gc,cpu         ] GC(513) User=0.70s Sys=0.00s Real=0.12s
....[2748.552s][info][gc,start       ] GC(514) Pause Young (Mixed) (G1 Evacuation Pause)
[2748.552s][info][gc,task        ] GC(514) Using 6 workers of 6 for evacuation
[2748.690s][info][gc,phases      ] GC(514)   Pre Evacuate Collection Set: 0.38ms
[2748.690s][info][gc,phases      ] GC(514)   Merge Heap Roots: 0.70ms
[2748.690s][info][gc,phases      ] GC(514)   Evacuate Collection Set: 136.15ms
[2748.690s][info][gc,phases      ] GC(514)   Post Evacuate Collection Set: 0.97ms
[2748.690s][info][gc,phases      ] GC(514)   Other: 0.08ms
[2748.690s][info][gc,heap        ] GC(514) Eden regions: 1110->0(1115)
[2748.690s][info][gc,heap        ] GC(514) Survivor regions: 109->113(153)
[2748.690s][info][gc,heap        ] GC(514) Old regions: 537->472
[2748.690s][info][gc,heap        ] GC(514) Humongous regions: 80->80
[2748.690s][info][gc,metaspace   ] GC(514) Metaspace: 28950K(29312K)->28950K(29312K) NonClass: 24070K(24256K)->24070K(24256K) Class: 4880K(5056K)->4880K(5056K)
[2748.690s][info][gc             ] GC(514) Pause Young (Mixed) (G1 Evacuation Pause) 3669M->1328M(4096M) 138.428ms
[2748.690s][info][gc,cpu         ] GC(514) User=0.83s Sys=0.00s Real=0.14s
.. (rIR:aIR:PR = 4428:4430:4430) (tPR = 66421) [OK] 
  2749s: Performance info:
         Transaction,    Success,    Partial,     Failed,   Receipts, AvgBarcode, 
             Overall,     266840,          0,          0,     253497,      59.48, 
         Response times:
             Request,    Success,    Partial,     Failed,   SkipFail,     Probes,    Samples,      min,      p50,      p90,      p95,      p99,      max, 
       TotalPurchase,     253497,          0,          0,          0,     248757,     271097,      300,     3600,     6700,    12000,    62000,   200000,
     InStorePurchase,     133400,          0,          0,          0,     130943,     142244,      300,     3700,     6900,    12475,    62000,   200000,
      OnlinePurchase,      93421,          0,          0,          0,      91797,     100206,      300,     3300,     6500,    11200,    60000,   193000,
        InstPurchase,      26676,          0,          0,          0,      26017,      28647,      400,     3900,     7100,    12300,    65000,   169000,
          AssocOfCat,        266,          0,          0,          0,        209,        282,    21000,    30000,    41700,    52850,   180360,   188000,
      AssocOfProduct,       2666,          0,          0,          0,       2435,       2805,      500,     1900,     4900,     7600,    47940,   125000,
      BusinessReport,        665,          0,          0,          0,        561,        738,    24000,    35000,    55100,    74150,   164420,   251000,
          CustBuyBeh,       2669,          0,          0,          0,       2478,       2807,      600,     3900,     7200,    13600,    59920,   174000,
       ProductReturn,       7077,          0,          0,          0,       6710,       7497,      300,     4000,     7100,    14000,    64020,   179000,

  2749s: (33%)   IR =   4566 ..[2752.679s][info][gc,start       ] GC(515) Pause Young (Concurrent Start) (G1 Evacuation Pause)
[2752.679s][info][gc,task        ] GC(515) Using 6 workers of 6 for evacuation
[2752.795s][info][gc,phases      ] GC(515)   Pre Evacuate Collection Set: 0.38ms
[2752.795s][info][gc,phases      ] GC(515)   Merge Heap Roots: 0.48ms
[2752.795s][info][gc,phases      ] GC(515)   Evacuate Collection Set: 114.07ms
[2752.795s][info][gc,phases      ] GC(515)   Post Evacuate Collection Set: 0.97ms
[2752.795s][info][gc,phases      ] GC(515)   Other: 0.11ms
[2752.795s][info][gc,heap        ] GC(515) Eden regions: 1115->0(1120)
[2752.795s][info][gc,heap        ] GC(515) Survivor regions: 113->108(154)
[2752.795s][info][gc,heap        ] GC(515) Old regions: 472->505
[2752.795s][info][gc,heap        ] GC(515) Humongous regions: 80->80
[2752.795s][info][gc,metaspace   ] GC(515) Metaspace: 28950K(29312K)->28950K(29312K) NonClass: 24070K(24256K)->24070K(24256K) Class: 4880K(5056K)->4880K(5056K)
[2752.795s][info][gc             ] GC(515) Pause Young (Concurrent Start) (G1 Evacuation Pause) 3558M->1383M(4096M) 116.152ms
[2752.795s][info][gc             ] GC(516) Concurrent Mark Cycle
[2752.795s][info][gc,marking     ] GC(516) Concurrent Scan Root Regions
[2752.795s][info][gc,cpu         ] GC(515) User=0.69s Sys=0.00s Real=0.12s
.[2752.944s][info][gc,marking     ] GC(516) Concurrent Scan Root Regions 148.483ms
[2752.944s][info][gc,marking     ] GC(516) Concurrent Mark
[2752.944s][info][gc,marking     ] GC(516) Concurrent Mark From Roots
[2752.944s][info][gc,task        ] GC(516) Using 2 workers of 2 for marking
[2753.657s][info][gc,marking     ] GC(516) Concurrent Mark From Roots 712.840ms
[2753.657s][info][gc,marking     ] GC(516) Concurrent Preclean
[2753.657s][info][gc,marking     ] GC(516) Concurrent Preclean 0.100ms
[2753.657s][info][gc,start       ] GC(516) Pause Remark
[2753.662s][info][gc             ] GC(516) Pause Remark 1862M->1862M(4096M) 5.176ms
[2753.662s][info][gc,cpu         ] GC(516) User=0.02s Sys=0.00s Real=0.00s
[2753.662s][info][gc,marking     ] GC(516) Concurrent Mark 718.415ms
[2753.662s][info][gc,marking     ] GC(516) Concurrent Rebuild Remembered Sets and Scrub Regions
.[2753.940s][info][gc,marking     ] GC(516) Concurrent Rebuild Remembered Sets and Scrub Regions 277.962ms
[2753.940s][info][gc,start       ] GC(516) Pause Cleanup
[2753.940s][info][gc             ] GC(516) Pause Cleanup 2035M->2035M(4096M) 0.116ms
[2753.940s][info][gc,cpu         ] GC(516) User=0.00s Sys=0.00s Real=0.00s
[2753.940s][info][gc,marking     ] GC(516) Concurrent Clear Claimed Marks
[2753.940s][info][gc,marking     ] GC(516) Concurrent Clear Claimed Marks 0.033ms
[2753.940s][info][gc,marking     ] GC(516) Concurrent Cleanup for Next Mark
[2753.944s][info][gc,marking     ] GC(516) Concurrent Cleanup for Next Mark 4.011ms
[2753.944s][info][gc             ] GC(516) Concurrent Mark Cycle 1149.380ms
...|[2756.880s][info][gc,start       ] GC(517) Pause Young (Prepare Mixed) (G1 Evacuation Pause)
[2756.880s][info][gc,task        ] GC(517) Using 6 workers of 6 for evacuation
[2756.998s][info][gc,phases      ] GC(517)   Pre Evacuate Collection Set: 0.37ms
[2756.998s][info][gc,phases      ] GC(517)   Merge Heap Roots: 0.58ms
[2756.998s][info][gc,phases      ] GC(517)   Evacuate Collection Set: 116.28ms
[2756.998s][info][gc,phases      ] GC(517)   Post Evacuate Collection Set: 0.99ms
[2756.998s][info][gc,phases      ] GC(517)   Other: 0.08ms
[2756.998s][info][gc,heap        ] GC(517) Eden regions: 1120->0(1108)
[2756.998s][info][gc,heap        ] GC(517) Survivor regions: 108->110(154)
[2756.998s][info][gc,heap        ] GC(517) Old regions: 505->537
[2756.998s][info][gc,heap        ] GC(517) Humongous regions: 80->80
[2756.998s][info][gc,metaspace   ] GC(517) Metaspace: 28947K(29312K)->28947K(29312K) NonClass: 24068K(24256K)->24068K(24256K) Class: 4879K(5056K)->4879K(5056K)
[2756.998s][info][gc             ] GC(517) Pause Young (Prepare Mixed) (G1 Evacuation Pause) 3623M->1451M(4096M) 118.429ms
[2756.998s][info][gc,cpu         ] GC(517) User=0.70s Sys=0.00s Real=0.12s
....[2760.960s][info][gc,start       ] GC(518) Pause Young (Mixed) (G1 Evacuation Pause)
[2760.960s][info][gc,task        ] GC(518) Using 6 workers of 6 for evacuation
[2761.095s][info][gc,phases      ] GC(518)   Pre Evacuate Collection Set: 0.40ms
[2761.095s][info][gc,phases      ] GC(518)   Merge Heap Roots: 0.75ms
[2761.095s][info][gc,phases      ] GC(518)   Evacuate Collection Set: 132.28ms
[2761.095s][info][gc,phases      ] GC(518)   Post Evacuate Collection Set: 0.94ms
[2761.095s][info][gc,phases      ] GC(518)   Other: 0.09ms
[2761.095s][info][gc,heap        ] GC(518) Eden regions: 1108->0(1120)
[2761.095s][info][gc,heap        ] GC(518) Survivor regions: 110->108(153)
[2761.095s][info][gc,heap        ] GC(518) Old regions: 537->475
[2761.095s][info][gc,heap        ] GC(518) Humongous regions: 80->80
[2761.095s][info][gc,metaspace   ] GC(518) Metaspace: 28948K(29312K)->28948K(29312K) NonClass: 24068K(24256K)->24068K(24256K) Class: 4879K(5056K)->4879K(5056K)
[2761.095s][info][gc             ] GC(518) Pause Young (Mixed) (G1 Evacuation Pause) 3667M->1324M(4096M) 134.590ms
[2761.095s][info][gc,cpu         ] GC(518) User=0.80s Sys=0.00s Real=0.14s
....[2765.136s][info][gc,start       ] GC(519) Pause Young (Concurrent Start) (G1 Evacuation Pause)
[2765.136s][info][gc,task        ] GC(519) Using 6 workers of 6 for evacuation
[2765.252s][info][gc,phases      ] GC(519)   Pre Evacuate Collection Set: 0.41ms
[2765.252s][info][gc,phases      ] GC(519)   Merge Heap Roots: 0.47ms
[2765.252s][info][gc,phases      ] GC(519)   Evacuate Collection Set: 113.89ms
[2765.252s][info][gc,phases      ] GC(519)   Post Evacuate Collection Set: 0.89ms
[2765.252s][info][gc,phases      ] GC(519)   Other: 0.12ms
[2765.252s][info][gc,heap        ] GC(519) Eden regions: 1120->0(1120)
[2765.252s][info][gc,heap        ] GC(519) Survivor regions: 108->108(154)
[2765.252s][info][gc,heap        ] GC(519) Old regions: 475->507
[2765.252s][info][gc,heap        ] GC(519) Humongous regions: 80->80
[2765.252s][info][gc,metaspace   ] GC(519) Metaspace: 28948K(29312K)->28948K(29312K) NonClass: 24068K(24256K)->24068K(24256K) Class: 4879K(5056K)->4879K(5056K)
[2765.252s][info][gc             ] GC(519) Pause Young (Concurrent Start) (G1 Evacuation Pause) 3564M->1388M(4096M) 115.929ms
[2765.252s][info][gc             ] GC(520) Concurrent Mark Cycle
[2765.252s][info][gc,marking     ] GC(520) Concurrent Scan Root Regions
[2765.252s][info][gc,cpu         ] GC(519) User=0.69s Sys=0.00s Real=0.11s
[2765.410s][info][gc,marking     ] GC(520) Concurrent Scan Root Regions 158.478ms
[2765.410s][info][gc,marking     ] GC(520) Concurrent Mark
[2765.410s][info][gc,marking     ] GC(520) Concurrent Mark From Roots
[2765.410s][info][gc,task        ] GC(520) Using 2 workers of 2 for marking
.[2766.104s][info][gc,marking     ] GC(520) Concurrent Mark From Roots 693.561ms
[2766.104s][info][gc,marking     ] GC(520) Concurrent Preclean
[2766.104s][info][gc,marking     ] GC(520) Concurrent Preclean 0.140ms
[2766.104s][info][gc,start       ] GC(520) Pause Remark
[2766.109s][info][gc             ] GC(520) Pause Remark 1887M->1887M(4096M) 4.272ms
[2766.109s][info][gc,cpu         ] GC(520) User=0.03s Sys=0.00s Real=0.01s
[2766.109s][info][gc,marking     ] GC(520) Concurrent Mark 698.326ms
[2766.109s][info][gc,marking     ] GC(520) Concurrent Rebuild Remembered Sets and Scrub Regions
[2766.401s][info][gc,marking     ] GC(520) Concurrent Rebuild Remembered Sets and Scrub Regions 292.637ms
[2766.404s][info][gc,start       ] GC(520) Pause Cleanup
[2766.404s][info][gc             ] GC(520) Pause Cleanup 2046M->2046M(4096M) 0.151ms
[2766.404s][info][gc,cpu         ] GC(520) User=0.00s Sys=0.00s Real=0.00s
[2766.404s][info][gc,marking     ] GC(520) Concurrent Clear Claimed Marks
[2766.404s][info][gc,marking     ] GC(520) Concurrent Clear Claimed Marks 0.034ms
[2766.404s][info][gc,marking     ] GC(520) Concurrent Cleanup for Next Mark
[2766.408s][info][gc,marking     ] GC(520) Concurrent Cleanup for Next Mark 4.538ms
[2766.408s][info][gc             ] GC(520) Concurrent Mark Cycle 1156.607ms
...[2769.254s][info][gc,start       ] GC(521) Pause Young (Prepare Mixed) (G1 Evacuation Pause)
[2769.254s][info][gc,task        ] GC(521) Using 6 workers of 6 for evacuation
[2769.372s][info][gc,phases      ] GC(521)   Pre Evacuate Collection Set: 0.32ms
[2769.372s][info][gc,phases      ] GC(521)   Merge Heap Roots: 0.54ms
[2769.372s][info][gc,phases      ] GC(521)   Evacuate Collection Set: 116.09ms
[2769.372s][info][gc,phases      ] GC(521)   Post Evacuate Collection Set: 0.93ms
[2769.372s][info][gc,phases      ] GC(521)   Other: 0.09ms
[2769.372s][info][gc,heap        ] GC(521) Eden regions: 1120->0(1106)
[2769.372s][info][gc,heap        ] GC(521) Survivor regions: 108->110(154)
[2769.372s][info][gc,heap        ] GC(521) Old regions: 507->539
[2769.372s][info][gc,heap        ] GC(521) Humongous regions: 80->80
[2769.372s][info][gc,metaspace   ] GC(521) Metaspace: 28948K(29312K)->28948K(29312K) NonClass: 24068K(24256K)->24068K(24256K) Class: 4879K(5056K)->4879K(5056K)
[2769.372s][info][gc             ] GC(521) Pause Young (Prepare Mixed) (G1 Evacuation Pause) 3628M->1454M(4096M) 118.085ms
[2769.372s][info][gc,cpu         ] GC(521) User=0.70s Sys=0.00s Real=0.12s
....[2773.341s][info][gc,start       ] GC(522) Pause Young (Mixed) (G1 Evacuation Pause)
[2773.341s][info][gc,task        ] GC(522) Using 6 workers of 6 for evacuation
[2773.476s][info][gc,phases      ] GC(522)   Pre Evacuate Collection Set: 0.36ms
[2773.476s][info][gc,phases      ] GC(522)   Merge Heap Roots: 0.75ms
[2773.476s][info][gc,phases      ] GC(522)   Evacuate Collection Set: 132.79ms
[2773.476s][info][gc,phases      ] GC(522)   Post Evacuate Collection Set: 0.96ms
[2773.476s][info][gc,phases      ] GC(522)   Other: 0.09ms
[2773.476s][info][gc,heap        ] GC(522) Eden regions: 1106->0(1119)
[2773.476s][info][gc,heap        ] GC(522) Survivor regions: 110->109(152)
[2773.476s][info][gc,heap        ] GC(522) Old regions: 539->474
[2773.476s][info][gc,heap        ] GC(522) Humongous regions: 80->80
[2773.476s][info][gc,metaspace   ] GC(522) Metaspace: 28948K(29312K)->28948K(29312K) NonClass: 24068K(24256K)->24068K(24256K) Class: 4879K(5056K)->4879K(5056K)
[2773.476s][info][gc             ] GC(522) Pause Young (Mixed) (G1 Evacuation Pause) 3666M->1323M(4096M) 135.117ms
[2773.476s][info][gc,cpu         ] GC(522) User=0.81s Sys=0.00s Real=0.14s
....[2777.500s][info][gc,start       ] GC(523) Pause Young (Concurrent Start) (G1 Evacuation Pause)
[2777.500s][info][gc,task        ] GC(523) Using 6 workers of 6 for evacuation
[2777.619s][info][gc,phases      ] GC(523)   Pre Evacuate Collection Set: 0.38ms
[2777.619s][info][gc,phases      ] GC(523)   Merge Heap Roots: 0.45ms
[2777.619s][info][gc,phases      ] GC(523)   Evacuate Collection Set: 117.27ms
[2777.619s][info][gc,phases      ] GC(523)   Post Evacuate Collection Set: 0.90ms
[2777.619s][info][gc,phases      ] GC(523)   Other: 0.12ms
[2777.619s][info][gc,heap        ] GC(523) Eden regions: 1119->0(1118)
[2777.619s][info][gc,heap        ] GC(523) Survivor regions: 109->110(154)
[2777.619s][info][gc,heap        ] GC(523) Old regions: 474->505
[2777.619s][info][gc,heap        ] GC(523) Humongous regions: 80->80
[2777.619s][info][gc,metaspace   ] GC(523) Metaspace: 28948K(29312K)->28948K(29312K) NonClass: 24068K(24256K)->24068K(24256K) Class: 4879K(5056K)->4879K(5056K)
[2777.619s][info][gc             ] GC(523) Pause Young (Concurrent Start) (G1 Evacuation Pause) 3561M->1386M(4096M) 119.244ms
[2777.619s][info][gc             ] GC(524) Concurrent Mark Cycle
[2777.619s][info][gc,marking     ] GC(524) Concurrent Scan Root Regions
[2777.619s][info][gc,cpu         ] GC(523) User=0.71s Sys=0.00s Real=0.12s
[2777.790s][info][gc,marking     ] GC(524) Concurrent Scan Root Regions 171.189ms
[2777.790s][info][gc,marking     ] GC(524) Concurrent Mark
[2777.790s][info][gc,marking     ] GC(524) Concurrent Mark From Roots
[2777.790s][info][gc,task        ] GC(524) Using 2 workers of 2 for marking
.[2778.416s][info][gc,marking     ] GC(524) Concurrent Mark From Roots 625.578ms
[2778.416s][info][gc,marking     ] GC(524) Concurrent Preclean
[2778.416s][info][gc,marking     ] GC(524) Concurrent Preclean 0.101ms
[2778.416s][info][gc,start       ] GC(524) Pause Remark
[2778.420s][info][gc             ] GC(524) Pause Remark 1875M->1875M(4096M) 3.752ms
[2778.420s][info][gc,cpu         ] GC(524) User=0.02s Sys=0.00s Real=0.00s
[2778.420s][info][gc,marking     ] GC(524) Concurrent Mark 629.677ms
[2778.420s][info][gc,marking     ] GC(524) Concurrent Rebuild Remembered Sets and Scrub Regions
[2778.653s][info][gc,marking     ] GC(524) Concurrent Rebuild Remembered Sets and Scrub Regions 233.454ms
[2778.655s][info][gc,start       ] GC(524) Pause Cleanup
[2778.655s][info][gc             ] GC(524) Pause Cleanup 2000M->2000M(4096M) 0.155ms
[2778.655s][info][gc,cpu         ] GC(524) User=0.00s Sys=0.00s Real=0.00s
[2778.655s][info][gc,marking     ] GC(524) Concurrent Clear Claimed Marks
[2778.655s][info][gc,marking     ] GC(524) Concurrent Clear Claimed Marks 0.032ms
[2778.655s][info][gc,marking     ] GC(524) Concurrent Cleanup for Next Mark
[2778.659s][info][gc,marking     ] GC(524) Concurrent Cleanup for Next Mark 4.260ms
[2778.659s][info][gc             ] GC(524) Concurrent Mark Cycle 1040.431ms
...[2781.680s][info][gc,start       ] GC(525) Pause Young (Prepare Mixed) (G1 Evacuation Pause)
[2781.680s][info][gc,task        ] GC(525) Using 6 workers of 6 for evacuation
[2781.800s][info][gc,phases      ] GC(525)   Pre Evacuate Collection Set: 0.34ms
[2781.800s][info][gc,phases      ] GC(525)   Merge Heap Roots: 0.54ms
[2781.800s][info][gc,phases      ] GC(525)   Evacuate Collection Set: 117.67ms
[2781.800s][info][gc,phases      ] GC(525)   Post Evacuate Collection Set: 0.95ms
[2781.800s][info][gc,phases      ] GC(525)   Other: 0.08ms
[2781.800s][info][gc,heap        ] GC(525) Eden regions: 1118->0(1107)
[2781.800s][info][gc,heap        ] GC(525) Survivor regions: 110->111(154)
[2781.800s][info][gc,heap        ] GC(525) Old regions: 505->536
[2781.800s][info][gc,heap        ] GC(525) Humongous regions: 80->80
[2781.800s][info][gc,metaspace   ] GC(525) Metaspace: 28948K(29312K)->28948K(29312K) NonClass: 24068K(24256K)->24068K(24256K) Class: 4879K(5056K)->4879K(5056K)
[2781.800s][info][gc             ] GC(525) Pause Young (Prepare Mixed) (G1 Evacuation Pause) 3622M->1452M(4096M) 119.711ms
[2781.800s][info][gc,cpu         ] GC(525) User=0.71s Sys=0.00s Real=0.12s
....[2785.780s][info][gc,start       ] GC(526) Pause Young (Mixed) (G1 Evacuation Pause)
[2785.780s][info][gc,task        ] GC(526) Using 6 workers of 6 for evacuation
[2785.917s][info][gc,phases      ] GC(526)   Pre Evacuate Collection Set: 0.39ms
[2785.917s][info][gc,phases      ] GC(526)   Merge Heap Roots: 0.74ms
[2785.917s][info][gc,phases      ] GC(526)   Evacuate Collection Set: 134.88ms
[2785.917s][info][gc,phases      ] GC(526)   Post Evacuate Collection Set: 0.98ms
[2785.917s][info][gc,phases      ] GC(526)   Other: 0.10ms
[2785.917s][info][gc,heap        ] GC(526) Eden regions: 1107->0(1117)
[2785.917s][info][gc,heap        ] GC(526) Survivor regions: 111->111(153)
[2785.917s][info][gc,heap        ] GC(526) Old regions: 536->473
[2785.917s][info][gc,heap        ] GC(526) Humongous regions: 80->80
[2785.917s][info][gc,metaspace   ] GC(526) Metaspace: 28948K(29312K)->28948K(29312K) NonClass: 24068K(24256K)->24068K(24256K) Class: 4879K(5056K)->4879K(5056K)
[2785.917s][info][gc             ] GC(526) Pause Young (Mixed) (G1 Evacuation Pause) 3666M->1326M(4096M) 137.221ms
[2785.917s][info][gc,cpu         ] GC(526) User=0.82s Sys=0.00s Real=0.14s
....[2789.897s][info][gc,start       ] GC(527) Pause Young (Concurrent Start) (G1 Evacuation Pause)
[2789.897s][info][gc,task        ] GC(527) Using 6 workers of 6 for evacuation
[2790.025s][info][gc,phases      ] GC(527)   Pre Evacuate Collection Set: 0.37ms
[2790.025s][info][gc,phases      ] GC(527)   Merge Heap Roots: 0.50ms
[2790.025s][info][gc,phases      ] GC(527)   Evacuate Collection Set: 125.40ms
[2790.025s][info][gc,phases      ] GC(527)   Post Evacuate Collection Set: 0.94ms
[2790.025s][info][gc,phases      ] GC(527)   Other: 0.11ms
[2790.025s][info][gc,heap        ] GC(527) Eden regions: 1117->0(1110)
[2790.025s][info][gc,heap        ] GC(527) Survivor regions: 111->118(154)
[2790.025s][info][gc,heap        ] GC(527) Old regions: 473->506
[2790.025s][info][gc,heap        ] GC(527) Humongous regions: 80->80
[2790.025s][info][gc,metaspace   ] GC(527) Metaspace: 28948K(29312K)->28948K(29312K) NonClass: 24068K(24256K)->24068K(24256K) Class: 4879K(5056K)->4879K(5056K)
[2790.025s][info][gc             ] GC(527) Pause Young (Concurrent Start) (G1 Evacuation Pause) 3560M->1404M(4096M) 127.446ms
[2790.025s][info][gc             ] GC(528) Concurrent Mark Cycle
[2790.025s][info][gc,marking     ] GC(528) Concurrent Scan Root Regions
[2790.025s][info][gc,cpu         ] GC(527) User=0.76s Sys=0.00s Real=0.13s
.[2790.233s][info][gc,marking     ] GC(528) Concurrent Scan Root Regions 207.893ms
[2790.233s][info][gc,marking     ] GC(528) Concurrent Mark
[2790.233s][info][gc,marking     ] GC(528) Concurrent Mark From Roots
[2790.233s][info][gc,task        ] GC(528) Using 2 workers of 2 for marking
[2790.940s][info][gc,marking     ] GC(528) Concurrent Mark From Roots 706.966ms
[2790.940s][info][gc,marking     ] GC(528) Concurrent Preclean
[2790.940s][info][gc,marking     ] GC(528) Concurrent Preclean 0.104ms
[2790.940s][info][gc,start       ] GC(528) Pause Remark
[2790.945s][info][gc             ] GC(528) Pause Remark 1947M->1947M(4096M) 4.786ms
[2790.945s][info][gc,cpu         ] GC(528) User=0.02s Sys=0.00s Real=0.01s
[2790.945s][info][gc,marking     ] GC(528) Concurrent Mark 712.141ms
[2790.945s][info][gc,marking     ] GC(528) Concurrent Rebuild Remembered Sets and Scrub Regions
.[2791.229s][info][gc,marking     ] GC(528) Concurrent Rebuild Remembered Sets and Scrub Regions 284.288ms
[2791.229s][info][gc,start       ] GC(528) Pause Cleanup
[2791.229s][info][gc             ] GC(528) Pause Cleanup 2126M->2126M(4096M) 0.135ms
[2791.229s][info][gc,cpu         ] GC(528) User=0.00s Sys=0.00s Real=0.00s
[2791.230s][info][gc,marking     ] GC(528) Concurrent Clear Claimed Marks
[2791.230s][info][gc,marking     ] GC(528) Concurrent Clear Claimed Marks 0.031ms
[2791.230s][info][gc,marking     ] GC(528) Concurrent Cleanup for Next Mark
[2791.235s][info][gc,marking     ] GC(528) Concurrent Cleanup for Next Mark 5.312ms
[2791.235s][info][gc             ] GC(528) Concurrent Mark Cycle 1210.286ms
...[2794.063s][info][gc,start       ] GC(529) Pause Young (Prepare Mixed) (G1 Evacuation Pause)
[2794.063s][info][gc,task        ] GC(529) Using 6 workers of 6 for evacuation
[2794.179s][info][gc,phases      ] GC(529)   Pre Evacuate Collection Set: 0.35ms
[2794.179s][info][gc,phases      ] GC(529)   Merge Heap Roots: 0.54ms
[2794.179s][info][gc,phases      ] GC(529)   Evacuate Collection Set: 114.69ms
[2794.179s][info][gc,phases      ] GC(529)   Post Evacuate Collection Set: 0.92ms
[2794.179s][info][gc,phases      ] GC(529)   Other: 0.08ms
[2794.179s][info][gc,heap        ] GC(529) Eden regions: 1110->0(1109)
[2794.179s][info][gc,heap        ] GC(529) Survivor regions: 118->109(154)
[2794.179s][info][gc,heap        ] GC(529) Old regions: 506->538
[2794.179s][info][gc,heap        ] GC(529) Humongous regions: 80->80
[2794.179s][info][gc,metaspace   ] GC(529) Metaspace: 28946K(29312K)->28946K(29312K) NonClass: 24067K(24256K)->24067K(24256K) Class: 4878K(5056K)->4878K(5056K)
[2794.179s][info][gc             ] GC(529) Pause Young (Prepare Mixed) (G1 Evacuation Pause) 3624M->1452M(4096M) 116.718ms
[2794.179s][info][gc,cpu         ] GC(529) User=0.69s Sys=0.01s Real=0.12s
....[2798.206s][info][gc,start       ] GC(530) Pause Young (Mixed) (G1 Evacuation Pause)
[2798.206s][info][gc,task        ] GC(530) Using 6 workers of 6 for evacuation
[2798.343s][info][gc,phases      ] GC(530)   Pre Evacuate Collection Set: 0.35ms
[2798.343s][info][gc,phases      ] GC(530)   Merge Heap Roots: 0.76ms
[2798.343s][info][gc,phases      ] GC(530)   Evacuate Collection Set: 134.39ms
[2798.343s][info][gc,phases      ] GC(530)   Post Evacuate Collection Set: 0.94ms
[2798.343s][info][gc,phases      ] GC(530)   Other: 0.09ms
[2798.343s][info][gc,heap        ] GC(530) Eden regions: 1109->0(1117)
[2798.343s][info][gc,heap        ] GC(530) Survivor regions: 109->111(153)
[2798.343s][info][gc,heap        ] GC(530) Old regions: 538->474
[2798.343s][info][gc,heap        ] GC(530) Humongous regions: 80->80
[2798.343s][info][gc,metaspace   ] GC(530) Metaspace: 28946K(29312K)->28946K(29312K) NonClass: 24067K(24256K)->24067K(24256K) Class: 4878K(5056K)->4878K(5056K)
[2798.343s][info][gc             ] GC(530) Pause Young (Mixed) (G1 Evacuation Pause) 3670M->1327M(4096M) 136.647ms
[2798.343s][info][gc,cpu         ] GC(530) User=0.81s Sys=0.00s Real=0.13s
....[2802.347s][info][gc,start       ] GC(531) Pause Young (Concurrent Start) (G1 Evacuation Pause)
[2802.347s][info][gc,task        ] GC(531) Using 6 workers of 6 for evacuation
[2802.466s][info][gc,phases      ] GC(531)   Pre Evacuate Collection Set: 0.34ms
[2802.466s][info][gc,phases      ] GC(531)   Merge Heap Roots: 0.48ms
[2802.466s][info][gc,phases      ] GC(531)   Evacuate Collection Set: 117.16ms
[2802.466s][info][gc,phases      ] GC(531)   Post Evacuate Collection Set: 0.93ms
[2802.466s][info][gc,phases      ] GC(531)   Other: 0.10ms
[2802.466s][info][gc,heap        ] GC(531) Eden regions: 1117->0(1117)
[2802.466s][info][gc,heap        ] GC(531) Survivor regions: 111->111(154)
[2802.466s][info][gc,heap        ] GC(531) Old regions: 474->506
[2802.466s][info][gc,heap        ] GC(531) Humongous regions: 80->80
[2802.466s][info][gc,metaspace   ] GC(531) Metaspace: 28946K(29312K)->28946K(29312K) NonClass: 24067K(24256K)->24067K(24256K) Class: 4878K(5056K)->4878K(5056K)
[2802.466s][info][gc             ] GC(531) Pause Young (Concurrent Start) (G1 Evacuation Pause) 3561M->1392M(4096M) 119.130ms
[2802.466s][info][gc             ] GC(532) Concurrent Mark Cycle
[2802.466s][info][gc,marking     ] GC(532) Concurrent Scan Root Regions
[2802.466s][info][gc,cpu         ] GC(531) User=0.71s Sys=0.00s Real=0.12s
[2802.640s][info][gc,marking     ] GC(532) Concurrent Scan Root Regions 174.478ms
[2802.641s][info][gc,marking     ] GC(532) Concurrent Mark
[2802.641s][info][gc,marking     ] GC(532) Concurrent Mark From Roots
[2802.641s][info][gc,task        ] GC(532) Using 2 workers of 2 for marking
.[2803.443s][info][gc,marking     ] GC(532) Concurrent Mark From Roots 802.761ms
[2803.443s][info][gc,marking     ] GC(532) Concurrent Preclean
[2803.443s][info][gc,marking     ] GC(532) Concurrent Preclean 0.121ms
[2803.444s][info][gc,start       ] GC(532) Pause Remark
[2803.449s][info][gc             ] GC(532) Pause Remark 2000M->2000M(4096M) 4.750ms
[2803.449s][info][gc,cpu         ] GC(532) User=0.03s Sys=0.00s Real=0.01s
[2803.449s][info][gc,marking     ] GC(532) Concurrent Mark 808.171ms
[2803.449s][info][gc,marking     ] GC(532) Concurrent Rebuild Remembered Sets and Scrub Regions
[2803.714s][info][gc,marking     ] GC(532) Concurrent Rebuild Remembered Sets and Scrub Regions 264.977ms
[2803.714s][info][gc,start       ] GC(532) Pause Cleanup
[2803.715s][info][gc             ] GC(532) Pause Cleanup 2141M->2141M(4096M) 0.126ms
[2803.715s][info][gc,cpu         ] GC(532) User=0.00s Sys=0.00s Real=0.00s
[2803.715s][info][gc,marking     ] GC(532) Concurrent Clear Claimed Marks
[2803.715s][info][gc,marking     ] GC(532) Concurrent Clear Claimed Marks 0.029ms
[2803.715s][info][gc,marking     ] GC(532) Concurrent Cleanup for Next Mark
[2803.720s][info][gc,marking     ] GC(532) Concurrent Cleanup for Next Mark 5.289ms
[2803.720s][info][gc             ] GC(532) Concurrent Mark Cycle 1254.067ms
...[2806.463s][info][gc,start       ] GC(533) Pause Young (Prepare Mixed) (G1 Evacuation Pause)
[2806.463s][info][gc,task        ] GC(533) Using 6 workers of 6 for evacuation
[2806.584s][info][gc,phases      ] GC(533)   Pre Evacuate Collection Set: 0.32ms
[2806.584s][info][gc,phases      ] GC(533)   Merge Heap Roots: 0.49ms
[2806.584s][info][gc,phases      ] GC(533)   Evacuate Collection Set: 118.93ms
[2806.584s][info][gc,phases      ] GC(533)   Post Evacuate Collection Set: 0.90ms
[2806.584s][info][gc,phases      ] GC(533)   Other: 0.08ms
[2806.584s][info][gc,heap        ] GC(533) Eden regions: 1117->0(1104)
[2806.584s][info][gc,heap        ] GC(533) Survivor regions: 111->111(154)
[2806.584s][info][gc,heap        ] GC(533) Old regions: 506->539
[2806.584s][info][gc,heap        ] GC(533) Humongous regions: 80->80
[2806.584s][info][gc,metaspace   ] GC(533) Metaspace: 28946K(29312K)->28946K(29312K) NonClass: 24067K(24256K)->24067K(24256K) Class: 4878K(5056K)->4878K(5056K)
[2806.584s][info][gc             ] GC(533) Pause Young (Prepare Mixed) (G1 Evacuation Pause) 3626M->1457M(4096M) 120.854ms
[2806.584s][info][gc,cpu         ] GC(533) User=0.72s Sys=0.00s Real=0.12s
....[2810.527s][info][gc,start       ] GC(534) Pause Young (Mixed) (G1 Evacuation Pause)
[2810.527s][info][gc,task        ] GC(534) Using 6 workers of 6 for evacuation
[2810.660s][info][gc,phases      ] GC(534)   Pre Evacuate Collection Set: 0.36ms
[2810.660s][info][gc,phases      ] GC(534)   Merge Heap Roots: 0.67ms
[2810.660s][info][gc,phases      ] GC(534)   Evacuate Collection Set: 131.13ms
[2810.660s][info][gc,phases      ] GC(534)   Post Evacuate Collection Set: 0.93ms
[2810.660s][info][gc,phases      ] GC(534)   Other: 0.09ms
[2810.660s][info][gc,heap        ] GC(534) Eden regions: 1104->0(1119)
[2810.660s][info][gc,heap        ] GC(534) Survivor regions: 111->109(152)
[2810.660s][info][gc,heap        ] GC(534) Old regions: 539->475
[2810.660s][info][gc,heap        ] GC(534) Humongous regions: 80->80
[2810.660s][info][gc,metaspace   ] GC(534) Metaspace: 28946K(29312K)->28946K(29312K) NonClass: 24067K(24256K)->24067K(24256K) Class: 4878K(5056K)->4878K(5056K)
[2810.660s][info][gc             ] GC(534) Pause Young (Mixed) (G1 Evacuation Pause) 3665M->1325M(4096M) 133.322ms
[2810.660s][info][gc,cpu         ] GC(534) User=0.79s Sys=0.00s Real=0.13s
....[2814.677s][info][gc,start       ] GC(535) Pause Young (Concurrent Start) (G1 Evacuation Pause)
[2814.677s][info][gc,task        ] GC(535) Using 6 workers of 6 for evacuation
[2814.791s][info][gc,phases      ] GC(535)   Pre Evacuate Collection Set: 0.41ms
[2814.791s][info][gc,phases      ] GC(535)   Merge Heap Roots: 0.47ms
[2814.791s][info][gc,phases      ] GC(535)   Evacuate Collection Set: 112.25ms
[2814.791s][info][gc,phases      ] GC(535)   Post Evacuate Collection Set: 0.85ms
[2814.791s][info][gc,phases      ] GC(535)   Other: 0.10ms
[2814.791s][info][gc,heap        ] GC(535) Eden regions: 1119->0(1121)
[2814.791s][info][gc,heap        ] GC(535) Survivor regions: 109->107(154)
[2814.791s][info][gc,heap        ] GC(535) Old regions: 475->507
[2814.791s][info][gc,heap        ] GC(535) Humongous regions: 80->80
[2814.791s][info][gc,metaspace   ] GC(535) Metaspace: 28946K(29312K)->28946K(29312K) NonClass: 24067K(24256K)->24067K(24256K) Class: 4878K(5056K)->4878K(5056K)
[2814.791s][info][gc             ] GC(535) Pause Young (Concurrent Start) (G1 Evacuation Pause) 3563M->1385M(4096M) 114.209ms
[2814.791s][info][gc             ] GC(536) Concurrent Mark Cycle
[2814.791s][info][gc,marking     ] GC(536) Concurrent Scan Root Regions
[2814.791s][info][gc,cpu         ] GC(535) User=0.68s Sys=0.00s Real=0.11s
[2814.926s][info][gc,marking     ] GC(536) Concurrent Scan Root Regions 134.539ms
[2814.926s][info][gc,marking     ] GC(536) Concurrent Mark
[2814.926s][info][gc,marking     ] GC(536) Concurrent Mark From Roots
[2814.926s][info][gc,task        ] GC(536) Using 2 workers of 2 for marking
.[2815.687s][info][gc,marking     ] GC(536) Concurrent Mark From Roots 761.162ms
[2815.687s][info][gc,marking     ] GC(536) Concurrent Preclean
[2815.687s][info][gc,marking     ] GC(536) Concurrent Preclean 0.100ms
[2815.687s][info][gc,start       ] GC(536) Pause Remark
[2815.692s][info][gc             ] GC(536) Pause Remark 1926M->1926M(4096M) 4.577ms
[2815.692s][info][gc,cpu         ] GC(536) User=0.02s Sys=0.00s Real=0.00s
[2815.692s][info][gc,marking     ] GC(536) Concurrent Mark 766.437ms
[2815.692s][info][gc,marking     ] GC(536) Concurrent Rebuild Remembered Sets and Scrub Regions
[2815.952s][info][gc,marking     ] GC(536) Concurrent Rebuild Remembered Sets and Scrub Regions 259.679ms
[2815.952s][info][gc,start       ] GC(536) Pause Cleanup
[2815.952s][info][gc             ] GC(536) Pause Cleanup 2062M->2062M(4096M) 0.119ms
[2815.952s][info][gc,cpu         ] GC(536) User=0.00s Sys=0.00s Real=0.00s
[2815.952s][info][gc,marking     ] GC(536) Concurrent Clear Claimed Marks
[2815.952s][info][gc,marking     ] GC(536) Concurrent Clear Claimed Marks 0.026ms
[2815.952s][info][gc,marking     ] GC(536) Concurrent Cleanup for Next Mark
[2815.956s][info][gc,marking     ] GC(536) Concurrent Cleanup for Next Mark 3.636ms
[2815.956s][info][gc             ] GC(536) Concurrent Mark Cycle 1164.760ms
.. (rIR:aIR:PR = 4566:4568:4568) (tPR = 67806) [OK] 
  2816s: Performance info:
         Transaction,    Success,    Partial,     Failed,   Receipts, AvgBarcode, 
             Overall,     275149,          0,          0,     261409,      59.48, 
         Response times:
             Request,    Success,    Partial,     Failed,   SkipFail,     Probes,    Samples,      min,      p50,      p90,      p95,      p99,      max, 
       TotalPurchase,     261409,          0,          0,          0,     256350,     287588,      300,     3600,     7000,    11700,    52000,   313000,
     InStorePurchase,     137550,          0,          0,          0,     135148,     151341,      300,     3600,     7000,    11600,    52000,   254000,
      OnlinePurchase,      96336,          0,          0,          0,      94347,     105776,      300,     3600,     7000,    11700,    52000,   313000,
        InstPurchase,      27523,          0,          0,          0,      26855,      30471,      400,     3700,     7200,    12700,    53000,   231000,
          AssocOfCat,        276,          0,          0,          0,        214,        309,    21000,    31000,    50000,    62000,   177800,   189000,
      AssocOfProduct,       2748,          0,          0,          0,       2583,       3150,      600,     4900,     8700,    14235,    58000,   129000,
      BusinessReport,        690,          0,          0,          0,        593,        753,    25000,    36000,    60000,    75300,   182220,   276000,
          CustBuyBeh,       2749,          0,          0,          0,       2555,       3111,      700,     3700,     7400,    17340,    50880,   148000,
       ProductReturn,       7283,          0,          0,          0,       6931,       7955,      200,     3300,     6400,    11720,    50440,   180000,

  2816s: (34%)   IR =   4705 .[2818.710s][info][gc,start       ] GC(537) Pause Young (Prepare Mixed) (G1 Evacuation Pause)
[2818.710s][info][gc,task        ] GC(537) Using 6 workers of 6 for evacuation
[2818.826s][info][gc,phases      ] GC(537)   Pre Evacuate Collection Set: 0.32ms
[2818.826s][info][gc,phases      ] GC(537)   Merge Heap Roots: 0.55ms
[2818.826s][info][gc,phases      ] GC(537)   Evacuate Collection Set: 113.51ms
[2818.826s][info][gc,phases      ] GC(537)   Post Evacuate Collection Set: 0.97ms
[2818.826s][info][gc,phases      ] GC(537)   Other: 0.09ms
[2818.826s][info][gc,heap        ] GC(537) Eden regions: 1121->0(1111)
[2818.826s][info][gc,heap        ] GC(537) Survivor regions: 107->108(154)
[2818.826s][info][gc,heap        ] GC(537) Old regions: 507->538
[2818.826s][info][gc,heap        ] GC(537) Humongous regions: 80->80
[2818.826s][info][gc,metaspace   ] GC(537) Metaspace: 28946K(29312K)->28946K(29312K) NonClass: 24067K(24256K)->24067K(24256K) Class: 4878K(5056K)->4878K(5056K)
[2818.826s][info][gc             ] GC(537) Pause Young (Prepare Mixed) (G1 Evacuation Pause) 3627M->1449M(4096M) 115.581ms
[2818.826s][info][gc,cpu         ] GC(537) User=0.69s Sys=0.00s Real=0.12s
....[2822.676s][info][gc,start       ] GC(538) Pause Young (Mixed) (G1 Evacuation Pause)
[2822.676s][info][gc,task        ] GC(538) Using 6 workers of 6 for evacuation
[2822.811s][info][gc,phases      ] GC(538)   Pre Evacuate Collection Set: 0.36ms
[2822.811s][info][gc,phases      ] GC(538)   Merge Heap Roots: 0.76ms
[2822.811s][info][gc,phases      ] GC(538)   Evacuate Collection Set: 133.25ms
[2822.811s][info][gc,phases      ] GC(538)   Post Evacuate Collection Set: 0.93ms
[2822.811s][info][gc,phases      ] GC(538)   Other: 0.09ms
[2822.811s][info][gc,heap        ] GC(538) Eden regions: 1111->0(1118)
[2822.811s][info][gc,heap        ] GC(538) Survivor regions: 108->110(153)
[2822.811s][info][gc,heap        ] GC(538) Old regions: 538->475
[2822.811s][info][gc,heap        ] GC(538) Humongous regions: 80->80
[2822.811s][info][gc,metaspace   ] GC(538) Metaspace: 28946K(29312K)->28946K(29312K) NonClass: 24067K(24256K)->24067K(24256K) Class: 4878K(5056K)->4878K(5056K)
[2822.811s][info][gc             ] GC(538) Pause Young (Mixed) (G1 Evacuation Pause) 3671M->1327M(4096M) 135.543ms
[2822.811s][info][gc,cpu         ] GC(538) User=0.81s Sys=0.00s Real=0.13s
...|.[2826.722s][info][gc,start       ] GC(539) Pause Young (Concurrent Start) (G1 Evacuation Pause)
[2826.722s][info][gc,task        ] GC(539) Using 6 workers of 6 for evacuation
[2826.837s][info][gc,phases      ] GC(539)   Pre Evacuate Collection Set: 0.34ms
[2826.837s][info][gc,phases      ] GC(539)   Merge Heap Roots: 0.46ms
[2826.837s][info][gc,phases      ] GC(539)   Evacuate Collection Set: 112.77ms
[2826.837s][info][gc,phases      ] GC(539)   Post Evacuate Collection Set: 0.84ms
[2826.837s][info][gc,phases      ] GC(539)   Other: 0.09ms
[2826.837s][info][gc,heap        ] GC(539) Eden regions: 1118->0(1121)
[2826.837s][info][gc,heap        ] GC(539) Survivor regions: 110->107(154)
[2826.837s][info][gc,heap        ] GC(539) Old regions: 475->507
[2826.837s][info][gc,heap        ] GC(539) Humongous regions: 80->80
[2826.837s][info][gc,metaspace   ] GC(539) Metaspace: 28946K(29312K)->28946K(29312K) NonClass: 24067K(24256K)->24067K(24256K) Class: 4878K(5056K)->4878K(5056K)
[2826.837s][info][gc             ] GC(539) Pause Young (Concurrent Start) (G1 Evacuation Pause) 3563M->1384M(4096M) 114.633ms
[2826.837s][info][gc             ] GC(540) Concurrent Mark Cycle
[2826.837s][info][gc,marking     ] GC(540) Concurrent Scan Root Regions
[2826.837s][info][gc,cpu         ] GC(539) User=0.68s Sys=0.00s Real=0.12s
[2827.012s][info][gc,marking     ] GC(540) Concurrent Scan Root Regions 175.468ms
[2827.012s][info][gc,marking     ] GC(540) Concurrent Mark
[2827.012s][info][gc,marking     ] GC(540) Concurrent Mark From Roots
[2827.012s][info][gc,task        ] GC(540) Using 2 workers of 2 for marking
.[2827.638s][info][gc,marking     ] GC(540) Concurrent Mark From Roots 626.277ms
[2827.639s][info][gc,marking     ] GC(540) Concurrent Preclean
[2827.639s][info][gc,marking     ] GC(540) Concurrent Preclean 0.126ms
[2827.639s][info][gc,start       ] GC(540) Pause Remark
[2827.643s][info][gc             ] GC(540) Pause Remark 1893M->1893M(4096M) 3.810ms
[2827.643s][info][gc,cpu         ] GC(540) User=0.02s Sys=0.00s Real=0.00s
[2827.643s][info][gc,marking     ] GC(540) Concurrent Mark 630.512ms
[2827.643s][info][gc,marking     ] GC(540) Concurrent Rebuild Remembered Sets and Scrub Regions
[2827.887s][info][gc,marking     ] GC(540) Concurrent Rebuild Remembered Sets and Scrub Regions 244.407ms
[2827.887s][info][gc,start       ] GC(540) Pause Cleanup
[2827.887s][info][gc             ] GC(540) Pause Cleanup 2055M->2055M(4096M) 0.121ms
[2827.887s][info][gc,cpu         ] GC(540) User=0.00s Sys=0.00s Real=0.00s
[2827.887s][info][gc,marking     ] GC(540) Concurrent Clear Claimed Marks
[2827.887s][info][gc,marking     ] GC(540) Concurrent Clear Claimed Marks 0.024ms
[2827.887s][info][gc,marking     ] GC(540) Concurrent Cleanup for Next Mark
[2827.891s][info][gc,marking     ] GC(540) Concurrent Cleanup for Next Mark 3.911ms
[2827.891s][info][gc             ] GC(540) Concurrent Mark Cycle 1054.824ms
...[2830.756s][info][gc,start       ] GC(541) Pause Young (Prepare Mixed) (G1 Evacuation Pause)
[2830.756s][info][gc,task        ] GC(541) Using 6 workers of 6 for evacuation
[2830.872s][info][gc,phases      ] GC(541)   Pre Evacuate Collection Set: 0.38ms
[2830.872s][info][gc,phases      ] GC(541)   Merge Heap Roots: 0.64ms
[2830.872s][info][gc,phases      ] GC(541)   Evacuate Collection Set: 113.84ms
[2830.872s][info][gc,phases      ] GC(541)   Post Evacuate Collection Set: 0.90ms
[2830.872s][info][gc,phases      ] GC(541)   Other: 0.10ms
[2830.872s][info][gc,heap        ] GC(541) Eden regions: 1121->0(1112)
[2830.872s][info][gc,heap        ] GC(541) Survivor regions: 107->107(154)
[2830.872s][info][gc,heap        ] GC(541) Old regions: 507->539
[2830.872s][info][gc,heap        ] GC(541) Humongous regions: 80->80
[2830.872s][info][gc,metaspace   ] GC(541) Metaspace: 28947K(29312K)->28947K(29312K) NonClass: 24068K(24256K)->24068K(24256K) Class: 4878K(5056K)->4878K(5056K)
[2830.872s][info][gc             ] GC(541) Pause Young (Prepare Mixed) (G1 Evacuation Pause) 3626M->1449M(4096M) 115.973ms
[2830.872s][info][gc,cpu         ] GC(541) User=0.69s Sys=0.00s Real=0.11s
....[2834.729s][info][gc,start       ] GC(542) Pause Young (Mixed) (G1 Evacuation Pause)
[2834.729s][info][gc,task        ] GC(542) Using 6 workers of 6 for evacuation
[2834.858s][info][gc,phases      ] GC(542)   Pre Evacuate Collection Set: 0.38ms
[2834.858s][info][gc,phases      ] GC(542)   Merge Heap Roots: 0.71ms
[2834.858s][info][gc,phases      ] GC(542)   Evacuate Collection Set: 126.54ms
[2834.858s][info][gc,phases      ] GC(542)   Post Evacuate Collection Set: 0.91ms
[2834.858s][info][gc,phases      ] GC(542)   Other: 0.09ms
[2834.858s][info][gc,heap        ] GC(542) Eden regions: 1112->0(1121)
[2834.858s][info][gc,heap        ] GC(542) Survivor regions: 107->107(153)
[2834.858s][info][gc,heap        ] GC(542) Old regions: 539->475
[2834.858s][info][gc,heap        ] GC(542) Humongous regions: 80->80
[2834.858s][info][gc,metaspace   ] GC(542) Metaspace: 28947K(29312K)->28947K(29312K) NonClass: 24068K(24256K)->24068K(24256K) Class: 4878K(5056K)->4878K(5056K)
[2834.858s][info][gc             ] GC(542) Pause Young (Mixed) (G1 Evacuation Pause) 3673M->1321M(4096M) 128.754ms
[2834.858s][info][gc,cpu         ] GC(542) User=0.77s Sys=0.00s Real=0.13s
....[2838.815s][info][gc,start       ] GC(543) Pause Young (Concurrent Start) (G1 Evacuation Pause)
[2838.815s][info][gc,task        ] GC(543) Using 6 workers of 6 for evacuation
[2838.931s][info][gc,phases      ] GC(543)   Pre Evacuate Collection Set: 0.32ms
[2838.931s][info][gc,phases      ] GC(543)   Merge Heap Roots: 0.46ms
[2838.931s][info][gc,phases      ] GC(543)   Evacuate Collection Set: 114.03ms
[2838.931s][info][gc,phases      ] GC(543)   Post Evacuate Collection Set: 0.86ms
[2838.931s][info][gc,phases      ] GC(543)   Other: 0.11ms
[2838.931s][info][gc,heap        ] GC(543) Eden regions: 1121->0(1120)
[2838.931s][info][gc,heap        ] GC(543) Survivor regions: 107->108(154)
[2838.931s][info][gc,heap        ] GC(543) Old regions: 475->507
[2838.931s][info][gc,heap        ] GC(543) Humongous regions: 80->80
[2838.931s][info][gc,metaspace   ] GC(543) Metaspace: 28947K(29312K)->28947K(29312K) NonClass: 24068K(24256K)->24068K(24256K) Class: 4878K(5056K)->4878K(5056K)
[2838.931s][info][gc             ] GC(543) Pause Young (Concurrent Start) (G1 Evacuation Pause) 3563M->1387M(4096M) 115.910ms
[2838.931s][info][gc             ] GC(544) Concurrent Mark Cycle
[2838.931s][info][gc,marking     ] GC(544) Concurrent Scan Root Regions
[2838.931s][info][gc,cpu         ] GC(543) User=0.69s Sys=0.00s Real=0.11s
[2839.095s][info][gc,marking     ] GC(544) Concurrent Scan Root Regions 163.876ms
[2839.095s][info][gc,marking     ] GC(544) Concurrent Mark
[2839.095s][info][gc,marking     ] GC(544) Concurrent Mark From Roots
[2839.095s][info][gc,task        ] GC(544) Using 2 workers of 2 for marking
.[2839.828s][info][gc,marking     ] GC(544) Concurrent Mark From Roots 733.716ms
[2839.829s][info][gc,marking     ] GC(544) Concurrent Preclean
[2839.829s][info][gc,marking     ] GC(544) Concurrent Preclean 0.108ms
[2839.829s][info][gc,start       ] GC(544) Pause Remark
[2839.833s][info][gc             ] GC(544) Pause Remark 1967M->1967M(4096M) 4.173ms
[2839.833s][info][gc,cpu         ] GC(544) User=0.02s Sys=0.00s Real=0.00s
[2839.834s][info][gc,marking     ] GC(544) Concurrent Mark 738.998ms
[2839.834s][info][gc,marking     ] GC(544) Concurrent Rebuild Remembered Sets and Scrub Regions
[2840.090s][info][gc,marking     ] GC(544) Concurrent Rebuild Remembered Sets and Scrub Regions 255.999ms
[2840.090s][info][gc,start       ] GC(544) Pause Cleanup
[2840.090s][info][gc             ] GC(544) Pause Cleanup 2104M->2104M(4096M) 0.123ms
[2840.090s][info][gc,cpu         ] GC(544) User=0.00s Sys=0.00s Real=0.00s
[2840.090s][info][gc,marking     ] GC(544) Concurrent Clear Claimed Marks
[2840.091s][info][gc,marking     ] GC(544) Concurrent Clear Claimed Marks 0.036ms
[2840.091s][info][gc,marking     ] GC(544) Concurrent Cleanup for Next Mark
[2840.094s][info][gc,marking     ] GC(544) Concurrent Cleanup for Next Mark 3.504ms
[2840.094s][info][gc             ] GC(544) Concurrent Mark Cycle 1163.296ms
...[2842.854s][info][gc,start       ] GC(545) Pause Young (Prepare Mixed) (G1 Evacuation Pause)
[2842.854s][info][gc,task        ] GC(545) Using 6 workers of 6 for evacuation
[2842.969s][info][gc,phases      ] GC(545)   Pre Evacuate Collection Set: 0.30ms
[2842.969s][info][gc,phases      ] GC(545)   Merge Heap Roots: 0.56ms
[2842.969s][info][gc,phases      ] GC(545)   Evacuate Collection Set: 113.40ms
[2842.969s][info][gc,phases      ] GC(545)   Post Evacuate Collection Set: 0.92ms
[2842.969s][info][gc,phases      ] GC(545)   Other: 0.09ms
[2842.969s][info][gc,heap        ] GC(545) Eden regions: 1120->0(1111)
[2842.969s][info][gc,heap        ] GC(545) Survivor regions: 108->108(154)
[2842.969s][info][gc,heap        ] GC(545) Old regions: 507->538
[2842.969s][info][gc,heap        ] GC(545) Humongous regions: 80->80
[2842.969s][info][gc,metaspace   ] GC(545) Metaspace: 28947K(29312K)->28947K(29312K) NonClass: 24068K(24256K)->24068K(24256K) Class: 4878K(5056K)->4878K(5056K)
[2842.969s][info][gc             ] GC(545) Pause Young (Prepare Mixed) (G1 Evacuation Pause) 3627M->1449M(4096M) 115.390ms
[2842.969s][info][gc,cpu         ] GC(545) User=0.69s Sys=0.00s Real=0.12s
....[2846.811s][info][gc,start       ] GC(546) Pause Young (Mixed) (G1 Evacuation Pause)
[2846.811s][info][gc,task        ] GC(546) Using 6 workers of 6 for evacuation
[2846.945s][info][gc,phases      ] GC(546)   Pre Evacuate Collection Set: 0.37ms
[2846.945s][info][gc,phases      ] GC(546)   Merge Heap Roots: 0.68ms
[2846.945s][info][gc,phases      ] GC(546)   Evacuate Collection Set: 132.41ms
[2846.945s][info][gc,phases      ] GC(546)   Post Evacuate Collection Set: 0.93ms
[2846.945s][info][gc,phases      ] GC(546)   Other: 0.09ms
[2846.945s][info][gc,heap        ] GC(546) Eden regions: 1111->0(1117)
[2846.945s][info][gc,heap        ] GC(546) Survivor regions: 108->111(153)
[2846.945s][info][gc,heap        ] GC(546) Old regions: 538->471
[2846.945s][info][gc,heap        ] GC(546) Humongous regions: 80->80
[2846.945s][info][gc,metaspace   ] GC(546) Metaspace: 28947K(29312K)->28947K(29312K) NonClass: 24068K(24256K)->24068K(24256K) Class: 4878K(5056K)->4878K(5056K)
[2846.945s][info][gc             ] GC(546) Pause Young (Mixed) (G1 Evacuation Pause) 3671M->1321M(4096M) 134.607ms
[2846.945s][info][gc,cpu         ] GC(546) User=0.80s Sys=0.00s Real=0.14s
....[2850.924s][info][gc,start       ] GC(547) Pause Young (Concurrent Start) (G1 Evacuation Pause)
[2850.924s][info][gc,task        ] GC(547) Using 6 workers of 6 for evacuation
[2851.039s][info][gc,phases      ] GC(547)   Pre Evacuate Collection Set: 0.39ms
[2851.039s][info][gc,phases      ] GC(547)   Merge Heap Roots: 0.47ms
[2851.039s][info][gc,phases      ] GC(547)   Evacuate Collection Set: 113.80ms
[2851.039s][info][gc,phases      ] GC(547)   Post Evacuate Collection Set: 0.88ms
[2851.039s][info][gc,phases      ] GC(547)   Other: 0.12ms
[2851.039s][info][gc,heap        ] GC(547) Eden regions: 1117->0(1120)
[2851.039s][info][gc,heap        ] GC(547) Survivor regions: 111->108(154)
[2851.039s][info][gc,heap        ] GC(547) Old regions: 471->504
[2851.039s][info][gc,heap        ] GC(547) Humongous regions: 80->80
[2851.040s][info][gc,metaspace   ] GC(547) Metaspace: 28947K(29312K)->28947K(29312K) NonClass: 24068K(24256K)->24068K(24256K) Class: 4878K(5056K)->4878K(5056K)
[2851.040s][info][gc             ] GC(547) Pause Young (Concurrent Start) (G1 Evacuation Pause) 3555M->1381M(4096M) 115.801ms
[2851.040s][info][gc             ] GC(548) Concurrent Mark Cycle
[2851.040s][info][gc,marking     ] GC(548) Concurrent Scan Root Regions
[2851.040s][info][gc,cpu         ] GC(547) User=0.68s Sys=0.00s Real=0.12s
.[2851.170s][info][gc,marking     ] GC(548) Concurrent Scan Root Regions 130.532ms
[2851.170s][info][gc,marking     ] GC(548) Concurrent Mark
[2851.170s][info][gc,marking     ] GC(548) Concurrent Mark From Roots
[2851.170s][info][gc,task        ] GC(548) Using 2 workers of 2 for marking
[2851.827s][info][gc,marking     ] GC(548) Concurrent Mark From Roots 657.145ms
[2851.827s][info][gc,marking     ] GC(548) Concurrent Preclean
[2851.828s][info][gc,marking     ] GC(548) Concurrent Preclean 0.164ms
[2851.828s][info][gc,start       ] GC(548) Pause Remark
[2851.833s][info][gc             ] GC(548) Pause Remark 1921M->1921M(4096M) 4.378ms
[2851.833s][info][gc,cpu         ] GC(548) User=0.02s Sys=0.00s Real=0.00s
[2851.833s][info][gc,marking     ] GC(548) Concurrent Mark 663.218ms
[2851.833s][info][gc,marking     ] GC(548) Concurrent Rebuild Remembered Sets and Scrub Regions
[2852.073s][info][gc,marking     ] GC(548) Concurrent Rebuild Remembered Sets and Scrub Regions 239.134ms
[2852.073s][info][gc,start       ] GC(548) Pause Cleanup
[2852.073s][info][gc             ] GC(548) Pause Cleanup 2053M->2053M(4096M) 0.121ms
[2852.073s][info][gc,cpu         ] GC(548) User=0.00s Sys=0.00s Real=0.00s
[2852.073s][info][gc,marking     ] GC(548) Concurrent Clear Claimed Marks
[2852.073s][info][gc,marking     ] GC(548) Concurrent Clear Claimed Marks 0.025ms
[2852.073s][info][gc,marking     ] GC(548) Concurrent Cleanup for Next Mark
[2852.077s][info][gc,marking     ] GC(548) Concurrent Cleanup for Next Mark 3.786ms
[2852.077s][info][gc             ] GC(548) Concurrent Mark Cycle 1037.294ms
...[2854.916s][info][gc,start       ] GC(549) Pause Young (Prepare Mixed) (G1 Evacuation Pause)
[2854.916s][info][gc,task        ] GC(549) Using 6 workers of 6 for evacuation
[2855.031s][info][gc,phases      ] GC(549)   Pre Evacuate Collection Set: 0.31ms
[2855.031s][info][gc,phases      ] GC(549)   Merge Heap Roots: 0.53ms
[2855.031s][info][gc,phases      ] GC(549)   Evacuate Collection Set: 113.04ms
[2855.031s][info][gc,phases      ] GC(549)   Post Evacuate Collection Set: 0.94ms
[2855.031s][info][gc,phases      ] GC(549)   Other: 0.07ms
[2855.031s][info][gc,heap        ] GC(549) Eden regions: 1120->0(1114)
[2855.031s][info][gc,heap        ] GC(549) Survivor regions: 108->108(154)
[2855.031s][info][gc,heap        ] GC(549) Old regions: 504->535
[2855.031s][info][gc,heap        ] GC(549) Humongous regions: 80->80
[2855.031s][info][gc,metaspace   ] GC(549) Metaspace: 28947K(29312K)->28947K(29312K) NonClass: 24068K(24256K)->24068K(24256K) Class: 4878K(5056K)->4878K(5056K)
[2855.031s][info][gc             ] GC(549) Pause Young (Prepare Mixed) (G1 Evacuation Pause) 3621M->1444M(4096M) 115.015ms
[2855.031s][info][gc,cpu         ] GC(549) User=0.69s Sys=0.00s Real=0.11s
....[2858.870s][info][gc,start       ] GC(550) Pause Young (Mixed) (G1 Evacuation Pause)
[2858.870s][info][gc,task        ] GC(550) Using 6 workers of 6 for evacuation
[2859.001s][info][gc,phases      ] GC(550)   Pre Evacuate Collection Set: 0.32ms
[2859.001s][info][gc,phases      ] GC(550)   Merge Heap Roots: 0.66ms
[2859.001s][info][gc,phases      ] GC(550)   Evacuate Collection Set: 129.21ms
[2859.001s][info][gc,phases      ] GC(550)   Post Evacuate Collection Set: 0.93ms
[2859.001s][info][gc,phases      ] GC(550)   Other: 0.09ms
[2859.001s][info][gc,heap        ] GC(550) Eden regions: 1114->0(1119)
[2859.001s][info][gc,heap        ] GC(550) Survivor regions: 108->109(153)
[2859.001s][info][gc,heap        ] GC(550) Old regions: 535->475
[2859.001s][info][gc,heap        ] GC(550) Humongous regions: 80->80
[2859.001s][info][gc,metaspace   ] GC(550) Metaspace: 28947K(29312K)->28947K(29312K) NonClass: 24068K(24256K)->24068K(24256K) Class: 4878K(5056K)->4878K(5056K)
[2859.001s][info][gc             ] GC(550) Pause Young (Mixed) (G1 Evacuation Pause) 3672M->1324M(4096M) 131.358ms
[2859.001s][info][gc,cpu         ] GC(550) User=0.78s Sys=0.00s Real=0.13s
....[2862.946s][info][gc,start       ] GC(551) Pause Young (Concurrent Start) (G1 Evacuation Pause)
[2862.946s][info][gc,task        ] GC(551) Using 6 workers of 6 for evacuation
[2863.061s][info][gc,phases      ] GC(551)   Pre Evacuate Collection Set: 0.38ms
[2863.061s][info][gc,phases      ] GC(551)   Merge Heap Roots: 0.44ms
[2863.061s][info][gc,phases      ] GC(551)   Evacuate Collection Set: 113.61ms
[2863.061s][info][gc,phases      ] GC(551)   Post Evacuate Collection Set: 0.87ms
[2863.061s][info][gc,phases      ] GC(551)   Other: 0.12ms
[2863.061s][info][gc,heap        ] GC(551) Eden regions: 1119->0(1119)
[2863.061s][info][gc,heap        ] GC(551) Survivor regions: 109->109(154)
[2863.061s][info][gc,heap        ] GC(551) Old regions: 475->506
[2863.061s][info][gc,heap        ] GC(551) Humongous regions: 80->80
[2863.061s][info][gc,metaspace   ] GC(551) Metaspace: 28947K(29312K)->28947K(29312K) NonClass: 24068K(24256K)->24068K(24256K) Class: 4878K(5056K)->4878K(5056K)
[2863.061s][info][gc             ] GC(551) Pause Young (Concurrent Start) (G1 Evacuation Pause) 3562M->1387M(4096M) 115.541ms
[2863.061s][info][gc             ] GC(552) Concurrent Mark Cycle
[2863.061s][info][gc,marking     ] GC(552) Concurrent Scan Root Regions
[2863.061s][info][gc,cpu         ] GC(551) User=0.69s Sys=0.00s Real=0.11s
.[2863.194s][info][gc,marking     ] GC(552) Concurrent Scan Root Regions 132.507ms
[2863.194s][info][gc,marking     ] GC(552) Concurrent Mark
[2863.194s][info][gc,marking     ] GC(552) Concurrent Mark From Roots
[2863.194s][info][gc,task        ] GC(552) Using 2 workers of 2 for marking
[2864.138s][info][gc,marking     ] GC(552) Concurrent Mark From Roots 943.965ms
[2864.138s][info][gc,marking     ] GC(552) Concurrent Preclean
[2864.138s][info][gc,marking     ] GC(552) Concurrent Preclean 0.157ms
[2864.139s][info][gc,start       ] GC(552) Pause Remark
[2864.144s][info][gc             ] GC(552) Pause Remark 2031M->2031M(4096M) 5.107ms
[2864.144s][info][gc,cpu         ] GC(552) User=0.03s Sys=0.00s Real=0.00s
[2864.144s][info][gc,marking     ] GC(552) Concurrent Mark 950.050ms
[2864.144s][info][gc,marking     ] GC(552) Concurrent Rebuild Remembered Sets and Scrub Regions
.[2864.416s][info][gc,marking     ] GC(552) Concurrent Rebuild Remembered Sets and Scrub Regions 272.257ms
[2864.416s][info][gc,start       ] GC(552) Pause Cleanup
[2864.416s][info][gc             ] GC(552) Pause Cleanup 2222M->2222M(4096M) 0.118ms
[2864.416s][info][gc,cpu         ] GC(552) User=0.00s Sys=0.00s Real=0.00s
[2864.416s][info][gc,marking     ] GC(552) Concurrent Clear Claimed Marks
[2864.416s][info][gc,marking     ] GC(552) Concurrent Clear Claimed Marks 0.028ms
[2864.416s][info][gc,marking     ] GC(552) Concurrent Cleanup for Next Mark
[2864.420s][info][gc,marking     ] GC(552) Concurrent Cleanup for Next Mark 3.582ms
[2864.420s][info][gc             ] GC(552) Concurrent Mark Cycle 1358.842ms
..[2866.935s][info][gc,start       ] GC(553) Pause Young (Prepare Mixed) (G1 Evacuation Pause)
[2866.935s][info][gc,task        ] GC(553) Using 6 workers of 6 for evacuation
[2867.053s][info][gc,phases      ] GC(553)   Pre Evacuate Collection Set: 0.36ms
[2867.053s][info][gc,phases      ] GC(553)   Merge Heap Roots: 0.55ms
[2867.053s][info][gc,phases      ] GC(553)   Evacuate Collection Set: 116.30ms
[2867.053s][info][gc,phases      ] GC(553)   Post Evacuate Collection Set: 0.92ms
[2867.053s][info][gc,phases      ] GC(553)   Other: 0.09ms
[2867.053s][info][gc,heap        ] GC(553) Eden regions: 1119->0(1103)
[2867.053s][info][gc,heap        ] GC(553) Survivor regions: 109->112(154)
[2867.053s][info][gc,heap        ] GC(553) Old regions: 506->538
[2867.053s][info][gc,heap        ] GC(553) Humongous regions: 80->80
[2867.053s][info][gc,metaspace   ] GC(553) Metaspace: 28947K(29312K)->28947K(29312K) NonClass: 24068K(24256K)->24068K(24256K) Class: 4878K(5056K)->4878K(5056K)
[2867.053s][info][gc             ] GC(553) Pause Young (Prepare Mixed) (G1 Evacuation Pause) 3625M->1457M(4096M) 118.341ms
[2867.053s][info][gc,cpu         ] GC(553) User=0.70s Sys=0.00s Real=0.11s
....[2870.921s][info][gc,start       ] GC(554) Pause Young (Mixed) (G1 Evacuation Pause)
[2870.921s][info][gc,task        ] GC(554) Using 6 workers of 6 for evacuation
[2871.054s][info][gc,phases      ] GC(554)   Pre Evacuate Collection Set: 0.35ms
[2871.054s][info][gc,phases      ] GC(554)   Merge Heap Roots: 0.71ms
[2871.054s][info][gc,phases      ] GC(554)   Evacuate Collection Set: 130.95ms
[2871.054s][info][gc,phases      ] GC(554)   Post Evacuate Collection Set: 0.94ms
[2871.054s][info][gc,phases      ] GC(554)   Other: 0.09ms
[2871.054s][info][gc,heap        ] GC(554) Eden regions: 1103->0(1120)
[2871.054s][info][gc,heap        ] GC(554) Survivor regions: 112->108(152)
[2871.054s][info][gc,heap        ] GC(554) Old regions: 538->474
[2871.054s][info][gc,heap        ] GC(554) Humongous regions: 80->80
[2871.054s][info][gc,metaspace   ] GC(554) Metaspace: 28947K(29312K)->28947K(29312K) NonClass: 24068K(24256K)->24068K(24256K) Class: 4878K(5056K)->4878K(5056K)
[2871.054s][info][gc             ] GC(554) Pause Young (Mixed) (G1 Evacuation Pause) 3663M->1321M(4096M) 133.171ms
[2871.054s][info][gc,cpu         ] GC(554) User=0.79s Sys=0.00s Real=0.13s
....[2875.018s][info][gc,start       ] GC(555) Pause Young (Concurrent Start) (G1 Evacuation Pause)
[2875.018s][info][gc,task        ] GC(555) Using 6 workers of 6 for evacuation
[2875.137s][info][gc,phases      ] GC(555)   Pre Evacuate Collection Set: 0.38ms
[2875.137s][info][gc,phases      ] GC(555)   Merge Heap Roots: 0.48ms
[2875.137s][info][gc,phases      ] GC(555)   Evacuate Collection Set: 116.93ms
[2875.137s][info][gc,phases      ] GC(555)   Post Evacuate Collection Set: 0.86ms
[2875.137s][info][gc,phases      ] GC(555)   Other: 0.11ms
[2875.137s][info][gc,heap        ] GC(555) Eden regions: 1120->0(1117)
[2875.137s][info][gc,heap        ] GC(555) Survivor regions: 108->111(154)
[2875.137s][info][gc,heap        ] GC(555) Old regions: 474->505
[2875.137s][info][gc,heap        ] GC(555) Humongous regions: 80->80
[2875.137s][info][gc,metaspace   ] GC(555) Metaspace: 28947K(29312K)->28947K(29312K) NonClass: 24068K(24256K)->24068K(24256K) Class: 4878K(5056K)->4878K(5056K)
[2875.137s][info][gc             ] GC(555) Pause Young (Concurrent Start) (G1 Evacuation Pause) 3561M->1390M(4096M) 118.893ms
[2875.137s][info][gc             ] GC(556) Concurrent Mark Cycle
[2875.137s][info][gc,marking     ] GC(556) Concurrent Scan Root Regions
[2875.137s][info][gc,cpu         ] GC(555) User=0.70s Sys=0.00s Real=0.12s
.[2875.268s][info][gc,marking     ] GC(556) Concurrent Scan Root Regions 130.990ms
[2875.268s][info][gc,marking     ] GC(556) Concurrent Mark
[2875.268s][info][gc,marking     ] GC(556) Concurrent Mark From Roots
[2875.268s][info][gc,task        ] GC(556) Using 2 workers of 2 for marking
[2875.925s][info][gc,marking     ] GC(556) Concurrent Mark From Roots 657.090ms
[2875.925s][info][gc,marking     ] GC(556) Concurrent Preclean
[2875.925s][info][gc,marking     ] GC(556) Concurrent Preclean 0.102ms
[2875.926s][info][gc,start       ] GC(556) Pause Remark
[2875.930s][info][gc             ] GC(556) Pause Remark 1929M->1929M(4096M) 4.003ms
[2875.930s][info][gc,cpu         ] GC(556) User=0.02s Sys=0.00s Real=0.00s
[2875.930s][info][gc,marking     ] GC(556) Concurrent Mark 661.427ms
[2875.930s][info][gc,marking     ] GC(556) Concurrent Rebuild Remembered Sets and Scrub Regions
[2876.155s][info][gc,marking     ] GC(556) Concurrent Rebuild Remembered Sets and Scrub Regions 225.150ms
[2876.155s][info][gc,start       ] GC(556) Pause Cleanup
[2876.155s][info][gc             ] GC(556) Pause Cleanup 2034M->2034M(4096M) 0.100ms
[2876.155s][info][gc,cpu         ] GC(556) User=0.00s Sys=0.00s Real=0.00s
[2876.155s][info][gc,marking     ] GC(556) Concurrent Clear Claimed Marks
[2876.155s][info][gc,marking     ] GC(556) Concurrent Clear Claimed Marks 0.026ms
[2876.155s][info][gc,marking     ] GC(556) Concurrent Cleanup for Next Mark
[2876.159s][info][gc,marking     ] GC(556) Concurrent Cleanup for Next Mark 4.299ms
[2876.159s][info][gc             ] GC(556) Concurrent Mark Cycle 1022.311ms
...[2878.933s][info][gc,start       ] GC(557) Pause Young (Prepare Mixed) (G1 Evacuation Pause)
[2878.933s][info][gc,task        ] GC(557) Using 6 workers of 6 for evacuation
[2879.049s][info][gc,phases      ] GC(557)   Pre Evacuate Collection Set: 0.33ms
[2879.049s][info][gc,phases      ] GC(557)   Merge Heap Roots: 0.52ms
[2879.049s][info][gc,phases      ] GC(557)   Evacuate Collection Set: 113.58ms
[2879.049s][info][gc,phases      ] GC(557)   Post Evacuate Collection Set: 0.93ms
[2879.049s][info][gc,phases      ] GC(557)   Other: 0.09ms
[2879.049s][info][gc,heap        ] GC(557) Eden regions: 1117->0(1110)
[2879.049s][info][gc,heap        ] GC(557) Survivor regions: 111->109(154)
[2879.049s][info][gc,heap        ] GC(557) Old regions: 505->537
[2879.049s][info][gc,heap        ] GC(557) Humongous regions: 80->80
[2879.049s][info][gc,metaspace   ] GC(557) Metaspace: 28947K(29312K)->28947K(29312K) NonClass: 24068K(24256K)->24068K(24256K) Class: 4878K(5056K)->4878K(5056K)
[2879.049s][info][gc             ] GC(557) Pause Young (Prepare Mixed) (G1 Evacuation Pause) 3624M->1450M(4096M) 115.587ms
[2879.049s][info][gc,cpu         ] GC(557) User=0.68s Sys=0.00s Real=0.12s
....[2883.002s][info][gc,start       ] GC(558) Pause Young (Mixed) (G1 Evacuation Pause)
[2883.002s][info][gc,task        ] GC(558) Using 6 workers of 6 for evacuation
[2883.133s][info][gc,phases      ] GC(558)   Pre Evacuate Collection Set: 0.40ms
[2883.133s][info][gc,phases      ] GC(558)   Merge Heap Roots: 0.70ms
[2883.133s][info][gc,phases      ] GC(558)   Evacuate Collection Set: 128.96ms
[2883.133s][info][gc,phases      ] GC(558)   Post Evacuate Collection Set: 0.96ms
[2883.133s][info][gc,phases      ] GC(558)   Other: 0.09ms
[2883.133s][info][gc,heap        ] GC(558) Eden regions: 1110->0(1120)
[2883.133s][info][gc,heap        ] GC(558) Survivor regions: 109->108(153)
[2883.133s][info][gc,heap        ] GC(558) Old regions: 537->475
[2883.133s][info][gc,heap        ] GC(558) Humongous regions: 80->80
[2883.133s][info][gc,metaspace   ] GC(558) Metaspace: 28947K(29312K)->28947K(29312K) NonClass: 24068K(24256K)->24068K(24256K) Class: 4878K(5056K)->4878K(5056K)
[2883.133s][info][gc             ] GC(558) Pause Young (Mixed) (G1 Evacuation Pause) 3670M->1323M(4096M) 131.257ms
[2883.133s][info][gc,cpu         ] GC(558) User=0.78s Sys=0.00s Real=0.13s
... (rIR:aIR:PR = 4705:4705:4705) (tPR = 69469) [OK] 
  2885s: Performance info:
         Transaction,    Success,    Partial,     Failed,   Receipts, AvgBarcode, 
             Overall,     282781,          0,          0,     268660,      59.47, 
         Response times:
             Request,    Success,    Partial,     Failed,   SkipFail,     Probes,    Samples,      min,      p50,      p90,      p95,      p99,      max, 
       TotalPurchase,     268657,          0,          0,          0,     264293,     299792,      300,     3600,     6800,    13500,    46000,   187000,
     InStorePurchase,     141366,          0,          0,          0,     139294,     157650,      300,     3600,     6900,    13500,    46000,   187000,
      OnlinePurchase,      98995,          0,          0,          0,      97449,     110606,      300,     3500,     6800,    13500,    46000,   187000,
        InstPurchase,      28296,          0,          0,          0,      27550,      31536,      400,     3800,     6900,    13000,    46000,   163000,
          AssocOfCat,        283,          0,          0,          0,        229,        341,    22000,    32000,    48800,    60900,    90060,   113000,
      AssocOfProduct,       2816,          0,          0,          0,       2582,       3113,     1100,     4800,     8900,    23000,    53000,   163000,
      BusinessReport,        709,          0,          0,          0,        612,        818,    25000,    35000,    58000,    76000,   177430,   226000,
          CustBuyBeh,       2832,          0,          0,          0,       2608,       3133,      300,     3600,     6860,    17600,    49640,   136000,
       ProductReturn,       7485,          0,          0,          0,       7103,       8323,      200,     3400,     6600,    13200,    45000,   171000,

  2885s: (35%)   IR =   4843 .[2887.016s][info][gc,start       ] GC(559) Pause Young (Concurrent Start) (G1 Evacuation Pause)
[2887.016s][info][gc,task        ] GC(559) Using 6 workers of 6 for evacuation
[2887.132s][info][gc,phases      ] GC(559)   Pre Evacuate Collection Set: 0.34ms
[2887.132s][info][gc,phases      ] GC(559)   Merge Heap Roots: 0.46ms
[2887.132s][info][gc,phases      ] GC(559)   Evacuate Collection Set: 114.00ms
[2887.132s][info][gc,phases      ] GC(559)   Post Evacuate Collection Set: 0.89ms
[2887.132s][info][gc,phases      ] GC(559)   Other: 0.11ms
[2887.132s][info][gc,heap        ] GC(559) Eden regions: 1120->0(1119)
[2887.132s][info][gc,heap        ] GC(559) Survivor regions: 108->109(154)
[2887.132s][info][gc,heap        ] GC(559) Old regions: 475->506
[2887.132s][info][gc,heap        ] GC(559) Humongous regions: 80->80
[2887.132s][info][gc,metaspace   ] GC(559) Metaspace: 28947K(29312K)->28947K(29312K) NonClass: 24068K(24256K)->24068K(24256K) Class: 4878K(5056K)->4878K(5056K)
[2887.132s][info][gc             ] GC(559) Pause Young (Concurrent Start) (G1 Evacuation Pause) 3563M->1388M(4096M) 115.920ms
[2887.132s][info][gc             ] GC(560) Concurrent Mark Cycle
[2887.132s][info][gc,marking     ] GC(560) Concurrent Scan Root Regions
[2887.132s][info][gc,cpu         ] GC(559) User=0.69s Sys=0.00s Real=0.11s
[2887.303s][info][gc,marking     ] GC(560) Concurrent Scan Root Regions 171.140ms
[2887.303s][info][gc,marking     ] GC(560) Concurrent Mark
[2887.303s][info][gc,marking     ] GC(560) Concurrent Mark From Roots
[2887.303s][info][gc,task        ] GC(560) Using 2 workers of 2 for marking
.[2888.048s][info][gc,marking     ] GC(560) Concurrent Mark From Roots 744.415ms
[2888.048s][info][gc,marking     ] GC(560) Concurrent Preclean
[2888.048s][info][gc,marking     ] GC(560) Concurrent Preclean 0.156ms
[2888.048s][info][gc,start       ] GC(560) Pause Remark
[2888.052s][info][gc             ] GC(560) Pause Remark 1983M->1983M(4096M) 4.303ms
[2888.053s][info][gc,cpu         ] GC(560) User=0.02s Sys=0.00s Real=0.00s
[2888.053s][info][gc,marking     ] GC(560) Concurrent Mark 749.246ms
[2888.053s][info][gc,marking     ] GC(560) Concurrent Rebuild Remembered Sets and Scrub Regions
.[2888.345s][info][gc,marking     ] GC(560) Concurrent Rebuild Remembered Sets and Scrub Regions 292.273ms
[2888.345s][info][gc,start       ] GC(560) Pause Cleanup
[2888.345s][info][gc             ] GC(560) Pause Cleanup 2167M->2167M(4096M) 0.118ms
[2888.345s][info][gc,cpu         ] GC(560) User=0.00s Sys=0.00s Real=0.00s
[2888.345s][info][gc,marking     ] GC(560) Concurrent Clear Claimed Marks
[2888.346s][info][gc,marking     ] GC(560) Concurrent Clear Claimed Marks 0.035ms
[2888.346s][info][gc,marking     ] GC(560) Concurrent Cleanup for Next Mark
[2888.350s][info][gc,marking     ] GC(560) Concurrent Cleanup for Next Mark 4.778ms
[2888.350s][info][gc             ] GC(560) Concurrent Mark Cycle 1218.213ms
..|[2890.977s][info][gc,start       ] GC(561) Pause Young (Prepare Mixed) (G1 Evacuation Pause)
[2890.977s][info][gc,task        ] GC(561) Using 6 workers of 6 for evacuation
[2891.094s][info][gc,phases      ] GC(561)   Pre Evacuate Collection Set: 0.35ms
[2891.094s][info][gc,phases      ] GC(561)   Merge Heap Roots: 0.53ms
[2891.094s][info][gc,phases      ] GC(561)   Evacuate Collection Set: 114.59ms
[2891.094s][info][gc,phases      ] GC(561)   Post Evacuate Collection Set: 0.94ms
[2891.094s][info][gc,phases      ] GC(561)   Other: 0.11ms
[2891.094s][info][gc,heap        ] GC(561) Eden regions: 1119->0(1107)
[2891.094s][info][gc,heap        ] GC(561) Survivor regions: 109->110(154)
[2891.094s][info][gc,heap        ] GC(561) Old regions: 506->538
[2891.094s][info][gc,heap        ] GC(561) Humongous regions: 80->80
[2891.094s][info][gc,metaspace   ] GC(561) Metaspace: 28947K(29312K)->28947K(29312K) NonClass: 24068K(24256K)->24068K(24256K) Class: 4878K(5056K)->4878K(5056K)
[2891.094s][info][gc             ] GC(561) Pause Young (Prepare Mixed) (G1 Evacuation Pause) 3626M->1452M(4096M) 116.655ms
[2891.094s][info][gc,cpu         ] GC(561) User=0.70s Sys=0.00s Real=0.11s
....[2894.813s][info][gc,start       ] GC(562) Pause Young (Mixed) (G1 Evacuation Pause)
[2894.813s][info][gc,task        ] GC(562) Using 6 workers of 6 for evacuation
[2894.944s][info][gc,phases      ] GC(562)   Pre Evacuate Collection Set: 0.34ms
[2894.944s][info][gc,phases      ] GC(562)   Merge Heap Roots: 0.70ms
[2894.944s][info][gc,phases      ] GC(562)   Evacuate Collection Set: 129.15ms
[2894.944s][info][gc,phases      ] GC(562)   Post Evacuate Collection Set: 0.94ms
[2894.944s][info][gc,phases      ] GC(562)   Other: 0.09ms
[2894.944s][info][gc,heap        ] GC(562) Eden regions: 1107->0(1120)
[2894.944s][info][gc,heap        ] GC(562) Survivor regions: 110->108(153)
[2894.944s][info][gc,heap        ] GC(562) Old regions: 538->471
[2894.944s][info][gc,heap        ] GC(562) Humongous regions: 80->80
[2894.944s][info][gc,metaspace   ] GC(562) Metaspace: 28947K(29312K)->28947K(29312K) NonClass: 24068K(24256K)->24068K(24256K) Class: 4878K(5056K)->4878K(5056K)
[2894.944s][info][gc             ] GC(562) Pause Young (Mixed) (G1 Evacuation Pause) 3666M->1314M(4096M) 131.355ms
[2894.944s][info][gc,cpu         ] GC(562) User=0.78s Sys=0.00s Real=0.13s
....[2898.702s][info][gc,start       ] GC(563) Pause Young (Concurrent Start) (G1 Evacuation Pause)
[2898.702s][info][gc,task        ] GC(563) Using 6 workers of 6 for evacuation
[2898.816s][info][gc,phases      ] GC(563)   Pre Evacuate Collection Set: 0.35ms
[2898.816s][info][gc,phases      ] GC(563)   Merge Heap Roots: 0.47ms
[2898.816s][info][gc,phases      ] GC(563)   Evacuate Collection Set: 112.17ms
[2898.816s][info][gc,phases      ] GC(563)   Post Evacuate Collection Set: 0.86ms
[2898.816s][info][gc,phases      ] GC(563)   Other: 0.11ms
[2898.816s][info][gc,heap        ] GC(563) Eden regions: 1120->0(1121)
[2898.816s][info][gc,heap        ] GC(563) Survivor regions: 108->107(154)
[2898.816s][info][gc,heap        ] GC(563) Old regions: 471->503
[2898.816s][info][gc,heap        ] GC(563) Humongous regions: 80->80
[2898.816s][info][gc,metaspace   ] GC(563) Metaspace: 28947K(29312K)->28947K(29312K) NonClass: 24068K(24256K)->24068K(24256K) Class: 4878K(5056K)->4878K(5056K)
[2898.816s][info][gc             ] GC(563) Pause Young (Concurrent Start) (G1 Evacuation Pause) 3554M->1377M(4096M) 114.112ms
[2898.816s][info][gc             ] GC(564) Concurrent Mark Cycle
[2898.816s][info][gc,marking     ] GC(564) Concurrent Scan Root Regions
[2898.816s][info][gc,cpu         ] GC(563) User=0.68s Sys=0.00s Real=0.12s
[2898.972s][info][gc,marking     ] GC(564) Concurrent Scan Root Regions 155.548ms
[2898.972s][info][gc,marking     ] GC(564) Concurrent Mark
[2898.972s][info][gc,marking     ] GC(564) Concurrent Mark From Roots
[2898.972s][info][gc,task        ] GC(564) Using 2 workers of 2 for marking
.[2899.638s][info][gc,marking     ] GC(564) Concurrent Mark From Roots 666.632ms
[2899.638s][info][gc,marking     ] GC(564) Concurrent Preclean
[2899.638s][info][gc,marking     ] GC(564) Concurrent Preclean 0.142ms
[2899.639s][info][gc,start       ] GC(564) Pause Remark
[2899.643s][info][gc             ] GC(564) Pause Remark 1969M->1969M(4096M) 4.037ms
[2899.643s][info][gc,cpu         ] GC(564) User=0.03s Sys=0.00s Real=0.00s
[2899.643s][info][gc,marking     ] GC(564) Concurrent Mark 671.091ms
[2899.643s][info][gc,marking     ] GC(564) Concurrent Rebuild Remembered Sets and Scrub Regions
[2899.877s][info][gc,marking     ] GC(564) Concurrent Rebuild Remembered Sets and Scrub Regions 233.976ms
[2899.877s][info][gc,start       ] GC(564) Pause Cleanup
[2899.877s][info][gc             ] GC(564) Pause Cleanup 2094M->2094M(4096M) 0.101ms
[2899.877s][info][gc,cpu         ] GC(564) User=0.00s Sys=0.00s Real=0.00s
[2899.877s][info][gc,marking     ] GC(564) Concurrent Clear Claimed Marks
[2899.877s][info][gc,marking     ] GC(564) Concurrent Clear Claimed Marks 0.028ms
[2899.877s][info][gc,marking     ] GC(564) Concurrent Cleanup for Next Mark
[2899.880s][info][gc,marking     ] GC(564) Concurrent Cleanup for Next Mark 3.152ms
[2899.880s][info][gc             ] GC(564) Concurrent Mark Cycle 1064.227ms
...[2902.637s][info][gc,start       ] GC(565) Pause Young (Prepare Mixed) (G1 Evacuation Pause)
[2902.637s][info][gc,task        ] GC(565) Using 6 workers of 6 for evacuation
[2902.755s][info][gc,phases      ] GC(565)   Pre Evacuate Collection Set: 0.31ms
[2902.755s][info][gc,phases      ] GC(565)   Merge Heap Roots: 0.50ms
[2902.755s][info][gc,phases      ] GC(565)   Evacuate Collection Set: 115.62ms
[2902.755s][info][gc,phases      ] GC(565)   Post Evacuate Collection Set: 0.93ms
[2902.755s][info][gc,phases      ] GC(565)   Other: 0.08ms
[2902.755s][info][gc,heap        ] GC(565) Eden regions: 1121->0(1111)
[2902.755s][info][gc,heap        ] GC(565) Survivor regions: 107->110(154)
[2902.755s][info][gc,heap        ] GC(565) Old regions: 503->534
[2902.755s][info][gc,heap        ] GC(565) Humongous regions: 80->80
[2902.755s][info][gc,metaspace   ] GC(565) Metaspace: 28947K(29312K)->28947K(29312K) NonClass: 24068K(24256K)->24068K(24256K) Class: 4878K(5056K)->4878K(5056K)
[2902.755s][info][gc             ] GC(565) Pause Young (Prepare Mixed) (G1 Evacuation Pause) 3619M->1445M(4096M) 117.581ms
[2902.755s][info][gc,cpu         ] GC(565) User=0.70s Sys=0.00s Real=0.12s
....[2906.481s][info][gc,start       ] GC(566) Pause Young (Mixed) (G1 Evacuation Pause)
[2906.481s][info][gc,task        ] GC(566) Using 6 workers of 6 for evacuation
[2906.617s][info][gc,phases      ] GC(566)   Pre Evacuate Collection Set: 0.34ms
[2906.617s][info][gc,phases      ] GC(566)   Merge Heap Roots: 0.77ms
[2906.617s][info][gc,phases      ] GC(566)   Evacuate Collection Set: 133.59ms
[2906.617s][info][gc,phases      ] GC(566)   Post Evacuate Collection Set: 0.97ms
[2906.617s][info][gc,phases      ] GC(566)   Other: 0.09ms
[2906.617s][info][gc,heap        ] GC(566) Eden regions: 1111->0(1119)
[2906.617s][info][gc,heap        ] GC(566) Survivor regions: 110->109(153)
[2906.617s][info][gc,heap        ] GC(566) Old regions: 534->472
[2906.617s][info][gc,heap        ] GC(566) Humongous regions: 80->80
[2906.617s][info][gc,metaspace   ] GC(566) Metaspace: 28947K(29312K)->28947K(29312K) NonClass: 24068K(24256K)->24068K(24256K) Class: 4878K(5056K)->4878K(5056K)
[2906.617s][info][gc             ] GC(566) Pause Young (Mixed) (G1 Evacuation Pause) 3667M->1320M(4096M) 135.898ms
[2906.617s][info][gc,cpu         ] GC(566) User=0.81s Sys=0.00s Real=0.14s
....[2910.496s][info][gc,start       ] GC(567) Pause Young (Concurrent Start) (G1 Evacuation Pause)
[2910.496s][info][gc,task        ] GC(567) Using 6 workers of 6 for evacuation
[2910.613s][info][gc,phases      ] GC(567)   Pre Evacuate Collection Set: 0.34ms
[2910.613s][info][gc,phases      ] GC(567)   Merge Heap Roots: 0.49ms
[2910.613s][info][gc,phases      ] GC(567)   Evacuate Collection Set: 115.03ms
[2910.613s][info][gc,phases      ] GC(567)   Post Evacuate Collection Set: 0.87ms
[2910.613s][info][gc,phases      ] GC(567)   Other: 0.10ms
[2910.613s][info][gc,heap        ] GC(567) Eden regions: 1119->0(1118)
[2910.613s][info][gc,heap        ] GC(567) Survivor regions: 109->110(154)
[2910.613s][info][gc,heap        ] GC(567) Old regions: 472->505
[2910.613s][info][gc,heap        ] GC(567) Humongous regions: 80->80
[2910.613s][info][gc,metaspace   ] GC(567) Metaspace: 28947K(29312K)->28947K(29312K) NonClass: 24068K(24256K)->24068K(24256K) Class: 4878K(5056K)->4878K(5056K)
[2910.613s][info][gc             ] GC(567) Pause Young (Concurrent Start) (G1 Evacuation Pause) 3558M->1386M(4096M) 116.963ms
[2910.613s][info][gc             ] GC(568) Concurrent Mark Cycle
[2910.613s][info][gc,marking     ] GC(568) Concurrent Scan Root Regions
[2910.613s][info][gc,cpu         ] GC(567) User=0.69s Sys=0.00s Real=0.11s
[2910.746s][info][gc,marking     ] GC(568) Concurrent Scan Root Regions 133.341ms
[2910.746s][info][gc,marking     ] GC(568) Concurrent Mark
[2910.746s][info][gc,marking     ] GC(568) Concurrent Mark From Roots
[2910.746s][info][gc,task        ] GC(568) Using 2 workers of 2 for marking
.[2911.412s][info][gc,marking     ] GC(568) Concurrent Mark From Roots 665.197ms
[2911.412s][info][gc,marking     ] GC(568) Concurrent Preclean
[2911.412s][info][gc,marking     ] GC(568) Concurrent Preclean 0.106ms
[2911.412s][info][gc,start       ] GC(568) Pause Remark
[2911.416s][info][gc             ] GC(568) Pause Remark 1958M->1958M(4096M) 4.380ms
[2911.416s][info][gc,cpu         ] GC(568) User=0.02s Sys=0.00s Real=0.01s
[2911.416s][info][gc,marking     ] GC(568) Concurrent Mark 670.015ms
[2911.416s][info][gc,marking     ] GC(568) Concurrent Rebuild Remembered Sets and Scrub Regions
[2911.662s][info][gc,marking     ] GC(568) Concurrent Rebuild Remembered Sets and Scrub Regions 245.929ms
[2911.662s][info][gc,start       ] GC(568) Pause Cleanup
[2911.662s][info][gc             ] GC(568) Pause Cleanup 2125M->2125M(4096M) 0.111ms
[2911.663s][info][gc,cpu         ] GC(568) User=0.00s Sys=0.00s Real=0.00s
[2911.663s][info][gc,marking     ] GC(568) Concurrent Clear Claimed Marks
[2911.663s][info][gc,marking     ] GC(568) Concurrent Clear Claimed Marks 0.027ms
[2911.663s][info][gc,marking     ] GC(568) Concurrent Cleanup for Next Mark
[2911.666s][info][gc,marking     ] GC(568) Concurrent Cleanup for Next Mark 3.406ms
[2911.666s][info][gc             ] GC(568) Concurrent Mark Cycle 1053.162ms
..[2914.322s][info][gc,start       ] GC(569) Pause Young (Prepare Mixed) (G1 Evacuation Pause)
[2914.322s][info][gc,task        ] GC(569) Using 6 workers of 6 for evacuation
[2914.442s][info][gc,phases      ] GC(569)   Pre Evacuate Collection Set: 0.36ms
[2914.442s][info][gc,phases      ] GC(569)   Merge Heap Roots: 0.61ms
[2914.442s][info][gc,phases      ] GC(569)   Evacuate Collection Set: 118.28ms
[2914.442s][info][gc,phases      ] GC(569)   Post Evacuate Collection Set: 0.90ms
[2914.442s][info][gc,phases      ] GC(569)   Other: 0.08ms
[2914.442s][info][gc,heap        ] GC(569) Eden regions: 1118->0(1105)
[2914.442s][info][gc,heap        ] GC(569) Survivor regions: 110->112(154)
[2914.442s][info][gc,heap        ] GC(569) Old regions: 505->536
[2914.442s][info][gc,heap        ] GC(569) Humongous regions: 80->80
[2914.442s][info][gc,metaspace   ] GC(569) Metaspace: 28947K(29312K)->28947K(29312K) NonClass: 24068K(24256K)->24068K(24256K) Class: 4878K(5056K)->4878K(5056K)
[2914.442s][info][gc             ] GC(569) Pause Young (Prepare Mixed) (G1 Evacuation Pause) 3622M->1452M(4096M) 120.371ms
[2914.442s][info][gc,cpu         ] GC(569) User=0.71s Sys=0.00s Real=0.12s
....[2918.174s][info][gc,start       ] GC(570) Pause Young (Mixed) (G1 Evacuation Pause)
[2918.174s][info][gc,task        ] GC(570) Using 6 workers of 6 for evacuation
[2918.303s][info][gc,phases      ] GC(570)   Pre Evacuate Collection Set: 0.39ms
[2918.303s][info][gc,phases      ] GC(570)   Merge Heap Roots: 0.67ms
[2918.303s][info][gc,phases      ] GC(570)   Evacuate Collection Set: 127.72ms
[2918.303s][info][gc,phases      ] GC(570)   Post Evacuate Collection Set: 0.97ms
[2918.303s][info][gc,phases      ] GC(570)   Other: 0.10ms
[2918.303s][info][gc,heap        ] GC(570) Eden regions: 1105->0(1120)
[2918.303s][info][gc,heap        ] GC(570) Survivor regions: 112->108(153)
[2918.303s][info][gc,heap        ] GC(570) Old regions: 536->473
[2918.303s][info][gc,heap        ] GC(570) Humongous regions: 80->80
[2918.303s][info][gc,metaspace   ] GC(570) Metaspace: 28947K(29312K)->28947K(29312K) NonClass: 24068K(24256K)->24068K(24256K) Class: 4878K(5056K)->4878K(5056K)
[2918.304s][info][gc             ] GC(570) Pause Young (Mixed) (G1 Evacuation Pause) 3662M->1319M(4096M) 129.993ms
[2918.304s][info][gc,cpu         ] GC(570) User=0.77s Sys=0.00s Real=0.13s
....[2922.120s][info][gc,start       ] GC(571) Pause Young (Concurrent Start) (G1 Evacuation Pause)
[2922.120s][info][gc,task        ] GC(571) Using 6 workers of 6 for evacuation
[2922.233s][info][gc,phases      ] GC(571)   Pre Evacuate Collection Set: 0.33ms
[2922.233s][info][gc,phases      ] GC(571)   Merge Heap Roots: 0.44ms
[2922.233s][info][gc,phases      ] GC(571)   Evacuate Collection Set: 111.84ms
[2922.233s][info][gc,phases      ] GC(571)   Post Evacuate Collection Set: 0.82ms
[2922.233s][info][gc,phases      ] GC(571)   Other: 0.10ms
[2922.233s][info][gc,heap        ] GC(571) Eden regions: 1120->0(1117)
[2922.233s][info][gc,heap        ] GC(571) Survivor regions: 108->111(154)
[2922.233s][info][gc,heap        ] GC(571) Old regions: 473->505
[2922.233s][info][gc,heap        ] GC(571) Humongous regions: 80->80
[2922.233s][info][gc,metaspace   ] GC(571) Metaspace: 28947K(29312K)->28947K(29312K) NonClass: 24068K(24256K)->24068K(24256K) Class: 4878K(5056K)->4878K(5056K)
[2922.233s][info][gc             ] GC(571) Pause Young (Concurrent Start) (G1 Evacuation Pause) 3559M->1389M(4096M) 113.649ms
[2922.233s][info][gc             ] GC(572) Concurrent Mark Cycle
[2922.233s][info][gc,marking     ] GC(572) Concurrent Scan Root Regions
[2922.233s][info][gc,cpu         ] GC(571) User=0.71s Sys=0.00s Real=0.11s
[2922.360s][info][gc,marking     ] GC(572) Concurrent Scan Root Regions 126.452ms
[2922.360s][info][gc,marking     ] GC(572) Concurrent Mark
[2922.360s][info][gc,marking     ] GC(572) Concurrent Mark From Roots
[2922.360s][info][gc,task        ] GC(572) Using 2 workers of 2 for marking
.[2922.979s][info][gc,marking     ] GC(572) Concurrent Mark From Roots 619.329ms
[2922.979s][info][gc,marking     ] GC(572) Concurrent Preclean
[2922.979s][info][gc,marking     ] GC(572) Concurrent Preclean 0.109ms
[2922.979s][info][gc,start       ] GC(572) Pause Remark
[2922.984s][info][gc             ] GC(572) Pause Remark 1884M->1884M(4096M) 4.778ms
[2922.984s][info][gc,cpu         ] GC(572) User=0.03s Sys=0.00s Real=0.00s
[2922.984s][info][gc,marking     ] GC(572) Concurrent Mark 624.477ms
[2922.984s][info][gc,marking     ] GC(572) Concurrent Rebuild Remembered Sets and Scrub Regions
[2923.218s][info][gc,marking     ] GC(572) Concurrent Rebuild Remembered Sets and Scrub Regions 233.514ms
[2923.218s][info][gc,start       ] GC(572) Pause Cleanup
[2923.219s][info][gc             ] GC(572) Pause Cleanup 2017M->2017M(4096M) 0.726ms
[2923.219s][info][gc,cpu         ] GC(572) User=0.00s Sys=0.00s Real=0.00s
[2923.219s][info][gc,marking     ] GC(572) Concurrent Clear Claimed Marks
[2923.219s][info][gc,marking     ] GC(572) Concurrent Clear Claimed Marks 0.027ms
[2923.219s][info][gc,marking     ] GC(572) Concurrent Cleanup for Next Mark
[2923.222s][info][gc,marking     ] GC(572) Concurrent Cleanup for Next Mark 3.024ms
[2923.222s][info][gc             ] GC(572) Concurrent Mark Cycle 988.579ms
...[2926.037s][info][gc,start       ] GC(573) Pause Young (Prepare Mixed) (G1 Evacuation Pause)
[2926.037s][info][gc,task        ] GC(573) Using 6 workers of 6 for evacuation
[2926.148s][info][gc,phases      ] GC(573)   Pre Evacuate Collection Set: 0.32ms
[2926.148s][info][gc,phases      ] GC(573)   Merge Heap Roots: 0.47ms
[2926.148s][info][gc,phases      ] GC(573)   Evacuate Collection Set: 109.77ms
[2926.148s][info][gc,phases      ] GC(573)   Post Evacuate Collection Set: 0.88ms
[2926.148s][info][gc,phases      ] GC(573)   Other: 0.08ms
[2926.148s][info][gc,heap        ] GC(573) Eden regions: 1117->0(1111)
[2926.148s][info][gc,heap        ] GC(573) Survivor regions: 111->109(154)
[2926.148s][info][gc,heap        ] GC(573) Old regions: 505->536
[2926.148s][info][gc,heap        ] GC(573) Humongous regions: 80->80
[2926.148s][info][gc,metaspace   ] GC(573) Metaspace: 28944K(29312K)->28944K(29312K) NonClass: 24066K(24256K)->24066K(24256K) Class: 4877K(5056K)->4877K(5056K)
[2926.148s][info][gc             ] GC(573) Pause Young (Prepare Mixed) (G1 Evacuation Pause) 3623M->1448M(4096M) 111.642ms
[2926.148s][info][gc,cpu         ] GC(573) User=0.69s Sys=0.00s Real=0.11s
....[2929.891s][info][gc,start       ] GC(574) Pause Young (Mixed) (G1 Evacuation Pause)
[2929.891s][info][gc,task        ] GC(574) Using 6 workers of 6 for evacuation
[2930.019s][info][gc,phases      ] GC(574)   Pre Evacuate Collection Set: 0.35ms
[2930.019s][info][gc,phases      ] GC(574)   Merge Heap Roots: 0.68ms
[2930.019s][info][gc,phases      ] GC(574)   Evacuate Collection Set: 125.43ms
[2930.019s][info][gc,phases      ] GC(574)   Post Evacuate Collection Set: 0.90ms
[2930.019s][info][gc,phases      ] GC(574)   Other: 0.09ms
[2930.019s][info][gc,heap        ] GC(574) Eden regions: 1111->0(1120)
[2930.019s][info][gc,heap        ] GC(574) Survivor regions: 109->108(153)
[2930.019s][info][gc,heap        ] GC(574) Old regions: 536->472
[2930.019s][info][gc,heap        ] GC(574) Humongous regions: 80->80
[2930.019s][info][gc,metaspace   ] GC(574) Metaspace: 28944K(29312K)->28944K(29312K) NonClass: 24066K(24256K)->24066K(24256K) Class: 4877K(5056K)->4877K(5056K)
[2930.019s][info][gc             ] GC(574) Pause Young (Mixed) (G1 Evacuation Pause) 3670M->1318M(4096M) 127.574ms
[2930.019s][info][gc,cpu         ] GC(574) User=0.79s Sys=0.00s Real=0.13s
....[2933.796s][info][gc,start       ] GC(575) Pause Young (Concurrent Start) (G1 Evacuation Pause)
[2933.796s][info][gc,task        ] GC(575) Using 6 workers of 6 for evacuation
[2933.907s][info][gc,phases      ] GC(575)   Pre Evacuate Collection Set: 0.36ms
[2933.907s][info][gc,phases      ] GC(575)   Merge Heap Roots: 0.43ms
[2933.907s][info][gc,phases      ] GC(575)   Evacuate Collection Set: 108.67ms
[2933.907s][info][gc,phases      ] GC(575)   Post Evacuate Collection Set: 0.83ms
[2933.907s][info][gc,phases      ] GC(575)   Other: 0.12ms
[2933.907s][info][gc,heap        ] GC(575) Eden regions: 1120->0(1120)
[2933.907s][info][gc,heap        ] GC(575) Survivor regions: 108->108(154)
[2933.907s][info][gc,heap        ] GC(575) Old regions: 472->505
[2933.907s][info][gc,heap        ] GC(575) Humongous regions: 80->80
[2933.907s][info][gc,metaspace   ] GC(575) Metaspace: 28944K(29312K)->28944K(29312K) NonClass: 24066K(24256K)->24066K(24256K) Class: 4877K(5056K)->4877K(5056K)
[2933.907s][info][gc             ] GC(575) Pause Young (Concurrent Start) (G1 Evacuation Pause) 3558M->1383M(4096M) 110.563ms
[2933.907s][info][gc             ] GC(576) Concurrent Mark Cycle
[2933.907s][info][gc,marking     ] GC(576) Concurrent Scan Root Regions
[2933.907s][info][gc,cpu         ] GC(575) User=0.69s Sys=0.00s Real=0.11s
[2934.031s][info][gc,marking     ] GC(576) Concurrent Scan Root Regions 123.867ms
[2934.031s][info][gc,marking     ] GC(576) Concurrent Mark
[2934.031s][info][gc,marking     ] GC(576) Concurrent Mark From Roots
[2934.031s][info][gc,task        ] GC(576) Using 2 workers of 2 for marking
.[2934.645s][info][gc,marking     ] GC(576) Concurrent Mark From Roots 614.483ms
[2934.645s][info][gc,marking     ] GC(576) Concurrent Preclean
[2934.645s][info][gc,marking     ] GC(576) Concurrent Preclean 0.094ms
[2934.646s][info][gc,start       ] GC(576) Pause Remark
[2934.649s][info][gc             ] GC(576) Pause Remark 1899M->1899M(4096M) 3.465ms
[2934.649s][info][gc,cpu         ] GC(576) User=0.02s Sys=0.00s Real=0.00s
[2934.649s][info][gc,marking     ] GC(576) Concurrent Mark 618.644ms
[2934.649s][info][gc,marking     ] GC(576) Concurrent Rebuild Remembered Sets and Scrub Regions
[2934.896s][info][gc,marking     ] GC(576) Concurrent Rebuild Remembered Sets and Scrub Regions 246.610ms
[2934.896s][info][gc,start       ] GC(576) Pause Cleanup
[2934.896s][info][gc             ] GC(576) Pause Cleanup 2019M->2019M(4096M) 0.111ms
[2934.896s][info][gc,cpu         ] GC(576) User=0.00s Sys=0.00s Real=0.00s
[2934.896s][info][gc,marking     ] GC(576) Concurrent Clear Claimed Marks
[2934.896s][info][gc,marking     ] GC(576) Concurrent Clear Claimed Marks 0.027ms
[2934.896s][info][gc,marking     ] GC(576) Concurrent Cleanup for Next Mark
[2934.901s][info][gc,marking     ] GC(576) Concurrent Cleanup for Next Mark 4.348ms
[2934.901s][info][gc             ] GC(576) Concurrent Mark Cycle 993.953ms
...[2937.685s][info][gc,start       ] GC(577) Pause Young (Prepare Mixed) (G1 Evacuation Pause)
[2937.685s][info][gc,task        ] GC(577) Using 6 workers of 6 for evacuation
[2937.795s][info][gc,phases      ] GC(577)   Pre Evacuate Collection Set: 0.33ms
[2937.795s][info][gc,phases      ] GC(577)   Merge Heap Roots: 0.49ms
[2937.795s][info][gc,phases      ] GC(577)   Evacuate Collection Set: 108.35ms
[2937.795s][info][gc,phases      ] GC(577)   Post Evacuate Collection Set: 0.87ms
[2937.795s][info][gc,phases      ] GC(577)   Other: 0.08ms
[2937.795s][info][gc,heap        ] GC(577) Eden regions: 1120->0(1113)
[2937.795s][info][gc,heap        ] GC(577) Survivor regions: 108->108(154)
[2937.795s][info][gc,heap        ] GC(577) Old regions: 505->536
[2937.795s][info][gc,heap        ] GC(577) Humongous regions: 80->80
[2937.795s][info][gc,metaspace   ] GC(577) Metaspace: 28944K(29312K)->28944K(29312K) NonClass: 24066K(24256K)->24066K(24256K) Class: 4877K(5056K)->4877K(5056K)
[2937.795s][info][gc             ] GC(577) Pause Young (Prepare Mixed) (G1 Evacuation Pause) 3623M->1445M(4096M) 110.244ms
[2937.795s][info][gc,cpu         ] GC(577) User=0.68s Sys=0.01s Real=0.11s
....[2941.533s][info][gc,start       ] GC(578) Pause Young (Mixed) (G1 Evacuation Pause)
[2941.533s][info][gc,task        ] GC(578) Using 6 workers of 6 for evacuation
[2941.663s][info][gc,phases      ] GC(578)   Pre Evacuate Collection Set: 0.37ms
[2941.663s][info][gc,phases      ] GC(578)   Merge Heap Roots: 0.76ms
[2941.663s][info][gc,phases      ] GC(578)   Evacuate Collection Set: 128.04ms
[2941.663s][info][gc,phases      ] GC(578)   Post Evacuate Collection Set: 0.91ms
[2941.663s][info][gc,phases      ] GC(578)   Other: 0.08ms
[2941.663s][info][gc,heap        ] GC(578) Eden regions: 1113->0(1119)
[2941.663s][info][gc,heap        ] GC(578) Survivor regions: 108->109(153)
[2941.663s][info][gc,heap        ] GC(578) Old regions: 536->473
[2941.663s][info][gc,heap        ] GC(578) Humongous regions: 80->80
[2941.663s][info][gc,metaspace   ] GC(578) Metaspace: 28944K(29312K)->28944K(29312K) NonClass: 24066K(24256K)->24066K(24256K) Class: 4877K(5056K)->4877K(5056K)
[2941.663s][info][gc             ] GC(578) Pause Young (Mixed) (G1 Evacuation Pause) 3671M->1321M(4096M) 130.288ms
[2941.663s][info][gc,cpu         ] GC(578) User=0.81s Sys=0.00s Real=0.13s
....[2945.503s][info][gc,start       ] GC(579) Pause Young (Concurrent Start) (G1 Evacuation Pause)
[2945.503s][info][gc,task        ] GC(579) Using 6 workers of 6 for evacuation
[2945.618s][info][gc,phases      ] GC(579)   Pre Evacuate Collection Set: 0.33ms
[2945.618s][info][gc,phases      ] GC(579)   Merge Heap Roots: 0.43ms
[2945.618s][info][gc,phases      ] GC(579)   Evacuate Collection Set: 112.96ms
[2945.618s][info][gc,phases      ] GC(579)   Post Evacuate Collection Set: 0.86ms
[2945.618s][info][gc,phases      ] GC(579)   Other: 0.11ms
[2945.618s][info][gc,heap        ] GC(579) Eden regions: 1119->0(1116)
[2945.618s][info][gc,heap        ] GC(579) Survivor regions: 109->112(154)
[2945.618s][info][gc,heap        ] GC(579) Old regions: 473->504
[2945.618s][info][gc,heap        ] GC(579) Humongous regions: 80->80
[2945.618s][info][gc,metaspace   ] GC(579) Metaspace: 28944K(29312K)->28944K(29312K) NonClass: 24066K(24256K)->24066K(24256K) Class: 4877K(5056K)->4877K(5056K)
[2945.618s][info][gc             ] GC(579) Pause Young (Concurrent Start) (G1 Evacuation Pause) 3559M->1390M(4096M) 114.823ms
[2945.618s][info][gc             ] GC(580) Concurrent Mark Cycle
[2945.618s][info][gc,marking     ] GC(580) Concurrent Scan Root Regions
[2945.618s][info][gc,cpu         ] GC(579) User=0.71s Sys=0.00s Real=0.12s
[2945.772s][info][gc,marking     ] GC(580) Concurrent Scan Root Regions 154.313ms
[2945.772s][info][gc,marking     ] GC(580) Concurrent Mark
[2945.772s][info][gc,marking     ] GC(580) Concurrent Mark From Roots
[2945.772s][info][gc,task        ] GC(580) Using 2 workers of 2 for marking
[2946.461s][info][gc,marking     ] GC(580) Concurrent Mark From Roots 689.107ms
[2946.461s][info][gc,marking     ] GC(580) Concurrent Preclean
[2946.461s][info][gc,marking     ] GC(580) Concurrent Preclean 0.112ms
[2946.461s][info][gc,start       ] GC(580) Pause Remark
[2946.466s][info][gc             ] GC(580) Pause Remark 1924M->1924M(4096M) 4.188ms
[2946.466s][info][gc,cpu         ] GC(580) User=0.03s Sys=0.00s Real=0.01s
[2946.466s][info][gc,marking     ] GC(580) Concurrent Mark 693.633ms
[2946.466s][info][gc,marking     ] GC(580) Concurrent Rebuild Remembered Sets and Scrub Regions
.[2946.718s][info][gc,marking     ] GC(580) Concurrent Rebuild Remembered Sets and Scrub Regions 252.281ms
[2946.718s][info][gc,start       ] GC(580) Pause Cleanup
[2946.718s][info][gc             ] GC(580) Pause Cleanup 2066M->2066M(4096M) 0.118ms
[2946.718s][info][gc,cpu         ] GC(580) User=0.00s Sys=0.00s Real=0.00s
[2946.718s][info][gc,marking     ] GC(580) Concurrent Clear Claimed Marks
[2946.718s][info][gc,marking     ] GC(580) Concurrent Clear Claimed Marks 0.029ms
[2946.718s][info][gc,marking     ] GC(580) Concurrent Cleanup for Next Mark
[2946.722s][info][gc,marking     ] GC(580) Concurrent Cleanup for Next Mark 3.214ms
[2946.722s][info][gc             ] GC(580) Concurrent Mark Cycle 1103.985ms
..[2949.384s][info][gc,start       ] GC(581) Pause Young (Prepare Mixed) (G1 Evacuation Pause)
[2949.384s][info][gc,task        ] GC(581) Using 6 workers of 6 for evacuation
[2949.497s][info][gc,phases      ] GC(581)   Pre Evacuate Collection Set: 0.32ms
[2949.497s][info][gc,phases      ] GC(581)   Merge Heap Roots: 0.48ms
[2949.497s][info][gc,phases      ] GC(581)   Evacuate Collection Set: 111.04ms
[2949.497s][info][gc,phases      ] GC(581)   Post Evacuate Collection Set: 0.90ms
[2949.497s][info][gc,phases      ] GC(581)   Other: 0.08ms
[2949.497s][info][gc,heap        ] GC(581) Eden regions: 1116->0(1109)
[2949.497s][info][gc,heap        ] GC(581) Survivor regions: 112->110(154)
[2949.497s][info][gc,heap        ] GC(581) Old regions: 504->536
[2949.497s][info][gc,heap        ] GC(581) Humongous regions: 80->80
[2949.497s][info][gc,metaspace   ] GC(581) Metaspace: 28944K(29312K)->28944K(29312K) NonClass: 24066K(24256K)->24066K(24256K) Class: 4877K(5056K)->4877K(5056K)
[2949.497s][info][gc             ] GC(581) Pause Young (Prepare Mixed) (G1 Evacuation Pause) 3622M->1450M(4096M) 112.951ms
[2949.497s][info][gc,cpu         ] GC(581) User=0.70s Sys=0.00s Real=0.12s
.. (rIR:aIR:PR = 4843:4843:4843) (tPR = 72245) [OK] 
  2950s: Performance info:
         Transaction,    Success,    Partial,     Failed,   Receipts, AvgBarcode, 
             Overall,     291515,          0,          0,     276942,      59.48, 
         Response times:
             Request,    Success,    Partial,     Failed,   SkipFail,     Probes,    Samples,      min,      p50,      p90,      p95,      p99,      max, 
       TotalPurchase,     276942,          0,          0,          0,     272270,     295660,      200,     3700,     7700,    18400,    58000,   175000,
     InStorePurchase,     145743,          0,          0,          0,     143606,     155705,      200,     3800,     7800,    18600,    59000,   175000,
      OnlinePurchase,     102061,          0,          0,          0,     100372,     108949,      300,     3700,     7700,    18300,    58000,   172000,
        InstPurchase,      29138,          0,          0,          0,      28292,      31006,      400,     3600,     7500,    18000,    56000,   160000,
          AssocOfCat,        291,          0,          0,          0,        218,        301,    22000,    32000,    47000,    57000,   107620,   143000,
      AssocOfProduct,       2911,          0,          0,          0,       2690,       3113,      400,     3000,     6460,    14450,    58000,   175000,
      BusinessReport,        731,          0,          0,          0,        640,        790,    23000,    37000,    64000,    87000,   160270,   224000,
          CustBuyBeh,       2912,          0,          0,          0,       2657,       3083,      100,     1700,     6460,    11680,    52320,   141000,
       ProductReturn,       7728,          0,          0,          0,       7375,       8239,      200,     4400,     8500,    23000,    64000,   163000,

  2950s: (36%)   IR =   4981 ..[2953.252s][info][gc,start       ] GC(582) Pause Young (Mixed) (G1 Evacuation Pause)
[2953.252s][info][gc,task        ] GC(582) Using 6 workers of 6 for evacuation
[2953.384s][info][gc,phases      ] GC(582)   Pre Evacuate Collection Set: 0.34ms
[2953.384s][info][gc,phases      ] GC(582)   Merge Heap Roots: 0.69ms
[2953.384s][info][gc,phases      ] GC(582)   Evacuate Collection Set: 130.06ms
[2953.384s][info][gc,phases      ] GC(582)   Post Evacuate Collection Set: 0.99ms
[2953.384s][info][gc,phases      ] GC(582)   Other: 0.09ms
[2953.384s][info][gc,heap        ] GC(582) Eden regions: 1109->0(1118)
[2953.384s][info][gc,heap        ] GC(582) Survivor regions: 110->110(153)
[2953.384s][info][gc,heap        ] GC(582) Old regions: 536->473
[2953.384s][info][gc,heap        ] GC(582) Humongous regions: 80->80
[2953.384s][info][gc,metaspace   ] GC(582) Metaspace: 28944K(29312K)->28944K(29312K) NonClass: 24066K(24256K)->24066K(24256K) Class: 4877K(5056K)->4877K(5056K)
[2953.384s][info][gc             ] GC(582) Pause Young (Mixed) (G1 Evacuation Pause) 3668M->1324M(4096M) 132.288ms
[2953.384s][info][gc,cpu         ] GC(582) User=0.82s Sys=0.00s Real=0.13s
....[2957.041s][info][gc,start       ] GC(583) Pause Young (Concurrent Start) (G1 Evacuation Pause)
[2957.041s][info][gc,task        ] GC(583) Using 6 workers of 6 for evacuation
[2957.152s][info][gc,phases      ] GC(583)   Pre Evacuate Collection Set: 0.35ms
[2957.152s][info][gc,phases      ] GC(583)   Merge Heap Roots: 0.50ms
[2957.152s][info][gc,phases      ] GC(583)   Evacuate Collection Set: 108.84ms
[2957.152s][info][gc,phases      ] GC(583)   Post Evacuate Collection Set: 0.83ms
[2957.152s][info][gc,phases      ] GC(583)   Other: 0.10ms
[2957.152s][info][gc,heap        ] GC(583) Eden regions: 1118->0(1118)
[2957.152s][info][gc,heap        ] GC(583) Survivor regions: 110->110(154)
[2957.152s][info][gc,heap        ] GC(583) Old regions: 473->505
[2957.152s][info][gc,heap        ] GC(583) Humongous regions: 80->80
[2957.152s][info][gc,metaspace   ] GC(583) Metaspace: 28944K(29312K)->28944K(29312K) NonClass: 24066K(24256K)->24066K(24256K) Class: 4877K(5056K)->4877K(5056K)
[2957.152s][info][gc             ] GC(583) Pause Young (Concurrent Start) (G1 Evacuation Pause) 3560M->1387M(4096M) 110.771ms
[2957.152s][info][gc             ] GC(584) Concurrent Mark Cycle
[2957.152s][info][gc,marking     ] GC(584) Concurrent Scan Root Regions
[2957.152s][info][gc,cpu         ] GC(583) User=0.68s Sys=0.00s Real=0.11s
[2957.277s][info][gc,marking     ] GC(584) Concurrent Scan Root Regions 125.062ms
[2957.277s][info][gc,marking     ] GC(584) Concurrent Mark
[2957.277s][info][gc,marking     ] GC(584) Concurrent Mark From Roots
[2957.277s][info][gc,task        ] GC(584) Using 2 workers of 2 for marking
.[2957.893s][info][gc,marking     ] GC(584) Concurrent Mark From Roots 615.471ms
[2957.893s][info][gc,marking     ] GC(584) Concurrent Preclean
[2957.893s][info][gc,marking     ] GC(584) Concurrent Preclean 0.148ms
[2957.893s][info][gc,start       ] GC(584) Pause Remark
[2957.897s][info][gc             ] GC(584) Pause Remark 1887M->1887M(4096M) 3.655ms
[2957.897s][info][gc,cpu         ] GC(584) User=0.02s Sys=0.00s Real=0.01s
[2957.897s][info][gc,marking     ] GC(584) Concurrent Mark 619.608ms
[2957.897s][info][gc,marking     ] GC(584) Concurrent Rebuild Remembered Sets and Scrub Regions
[2958.127s][info][gc,marking     ] GC(584) Concurrent Rebuild Remembered Sets and Scrub Regions 229.928ms
[2958.127s][info][gc,start       ] GC(584) Pause Cleanup
[2958.127s][info][gc             ] GC(584) Pause Cleanup 2031M->2031M(4096M) 0.101ms
[2958.127s][info][gc,cpu         ] GC(584) User=0.00s Sys=0.00s Real=0.00s
[2958.127s][info][gc,marking     ] GC(584) Concurrent Clear Claimed Marks
[2958.127s][info][gc,marking     ] GC(584) Concurrent Clear Claimed Marks 0.024ms
[2958.127s][info][gc,marking     ] GC(584) Concurrent Cleanup for Next Mark
[2958.131s][info][gc,marking     ] GC(584) Concurrent Cleanup for Next Mark 4.322ms
[2958.131s][info][gc             ] GC(584) Concurrent Mark Cycle 979.414ms
.|..[2960.837s][info][gc,start       ] GC(585) Pause Young (Prepare Mixed) (G1 Evacuation Pause)
[2960.837s][info][gc,task        ] GC(585) Using 6 workers of 6 for evacuation
[2960.947s][info][gc,phases      ] GC(585)   Pre Evacuate Collection Set: 0.31ms
[2960.947s][info][gc,phases      ] GC(585)   Merge Heap Roots: 0.48ms
[2960.947s][info][gc,phases      ] GC(585)   Evacuate Collection Set: 108.30ms
[2960.947s][info][gc,phases      ] GC(585)   Post Evacuate Collection Set: 0.89ms
[2960.947s][info][gc,phases      ] GC(585)   Other: 0.09ms
[2960.947s][info][gc,heap        ] GC(585) Eden regions: 1118->0(1110)
[2960.947s][info][gc,heap        ] GC(585) Survivor regions: 110->109(154)
[2960.947s][info][gc,heap        ] GC(585) Old regions: 505->537
[2960.947s][info][gc,heap        ] GC(585) Humongous regions: 80->80
[2960.948s][info][gc,metaspace   ] GC(585) Metaspace: 28944K(29312K)->28944K(29312K) NonClass: 24066K(24256K)->24066K(24256K) Class: 4877K(5056K)->4877K(5056K)
[2960.948s][info][gc             ] GC(585) Pause Young (Prepare Mixed) (G1 Evacuation Pause) 3623M->1449M(4096M) 110.213ms
[2960.948s][info][gc,cpu         ] GC(585) User=0.68s Sys=0.00s Real=0.11s
....[2964.600s][info][gc,start       ] GC(586) Pause Young (Mixed) (G1 Evacuation Pause)
[2964.600s][info][gc,task        ] GC(586) Using 6 workers of 6 for evacuation
[2964.728s][info][gc,phases      ] GC(586)   Pre Evacuate Collection Set: 0.37ms
[2964.728s][info][gc,phases      ] GC(586)   Merge Heap Roots: 0.70ms
[2964.728s][info][gc,phases      ] GC(586)   Evacuate Collection Set: 126.66ms
[2964.728s][info][gc,phases      ] GC(586)   Post Evacuate Collection Set: 0.88ms
[2964.728s][info][gc,phases      ] GC(586)   Other: 0.08ms
[2964.728s][info][gc,heap        ] GC(586) Eden regions: 1110->0(1118)
[2964.728s][info][gc,heap        ] GC(586) Survivor regions: 109->110(153)
[2964.728s][info][gc,heap        ] GC(586) Old regions: 537->474
[2964.728s][info][gc,heap        ] GC(586) Humongous regions: 80->80
[2964.728s][info][gc,metaspace   ] GC(586) Metaspace: 28944K(29312K)->28944K(29312K) NonClass: 24066K(24256K)->24066K(24256K) Class: 4877K(5056K)->4877K(5056K)
[2964.728s][info][gc             ] GC(586) Pause Young (Mixed) (G1 Evacuation Pause) 3669M->1324M(4096M) 128.828ms
[2964.728s][info][gc,cpu         ] GC(586) User=0.80s Sys=0.01s Real=0.13s
...[2968.444s][info][gc,start       ] GC(587) Pause Young (Concurrent Start) (G1 Evacuation Pause)
[2968.444s][info][gc,task        ] GC(587) Using 6 workers of 6 for evacuation
[2968.559s][info][gc,phases      ] GC(587)   Pre Evacuate Collection Set: 0.37ms
[2968.559s][info][gc,phases      ] GC(587)   Merge Heap Roots: 0.46ms
[2968.559s][info][gc,phases      ] GC(587)   Evacuate Collection Set: 113.51ms
[2968.559s][info][gc,phases      ] GC(587)   Post Evacuate Collection Set: 0.83ms
[2968.559s][info][gc,phases      ] GC(587)   Other: 0.10ms
[2968.559s][info][gc,heap        ] GC(587) Eden regions: 1118->0(1116)
[2968.559s][info][gc,heap        ] GC(587) Survivor regions: 110->112(154)
[2968.559s][info][gc,heap        ] GC(587) Old regions: 474->506
[2968.559s][info][gc,heap        ] GC(587) Humongous regions: 80->80
[2968.559s][info][gc,metaspace   ] GC(587) Metaspace: 28944K(29312K)->28944K(29312K) NonClass: 24066K(24256K)->24066K(24256K) Class: 4877K(5056K)->4877K(5056K)
[2968.559s][info][gc             ] GC(587) Pause Young (Concurrent Start) (G1 Evacuation Pause) 3560M->1393M(4096M) 115.415ms
[2968.559s][info][gc             ] GC(588) Concurrent Mark Cycle
[2968.559s][info][gc,marking     ] GC(588) Concurrent Scan Root Regions
[2968.559s][info][gc,cpu         ] GC(587) User=0.72s Sys=0.00s Real=0.12s
.[2968.727s][info][gc,marking     ] GC(588) Concurrent Scan Root Regions 167.841ms
[2968.727s][info][gc,marking     ] GC(588) Concurrent Mark
[2968.727s][info][gc,marking     ] GC(588) Concurrent Mark From Roots
[2968.727s][info][gc,task        ] GC(588) Using 2 workers of 2 for marking
[2969.471s][info][gc,marking     ] GC(588) Concurrent Mark From Roots 743.510ms
[2969.471s][info][gc,marking     ] GC(588) Concurrent Preclean
[2969.471s][info][gc,marking     ] GC(588) Concurrent Preclean 0.095ms
[2969.471s][info][gc,start       ] GC(588) Pause Remark
[2969.475s][info][gc             ] GC(588) Pause Remark 2049M->2049M(4096M) 4.139ms
[2969.475s][info][gc,cpu         ] GC(588) User=0.02s Sys=0.00s Real=0.01s
[2969.475s][info][gc,marking     ] GC(588) Concurrent Mark 747.991ms
[2969.475s][info][gc,marking     ] GC(588) Concurrent Rebuild Remembered Sets and Scrub Regions
.[2969.704s][info][gc,marking     ] GC(588) Concurrent Rebuild Remembered Sets and Scrub Regions 229.177ms
[2969.704s][info][gc,start       ] GC(588) Pause Cleanup
[2969.705s][info][gc             ] GC(588) Pause Cleanup 2133M->2133M(4096M) 0.107ms
[2969.705s][info][gc,cpu         ] GC(588) User=0.00s Sys=0.00s Real=0.00s
[2969.705s][info][gc,marking     ] GC(588) Concurrent Clear Claimed Marks
[2969.705s][info][gc,marking     ] GC(588) Concurrent Clear Claimed Marks 0.020ms
[2969.705s][info][gc,marking     ] GC(588) Concurrent Cleanup for Next Mark
[2969.708s][info][gc,marking     ] GC(588) Concurrent Cleanup for Next Mark 3.043ms
[2969.708s][info][gc             ] GC(588) Concurrent Mark Cycle 1148.469ms
..[2972.204s][info][gc,start       ] GC(589) Pause Young (Prepare Mixed) (G1 Evacuation Pause)
[2972.204s][info][gc,task        ] GC(589) Using 6 workers of 6 for evacuation
[2972.315s][info][gc,phases      ] GC(589)   Pre Evacuate Collection Set: 0.31ms
[2972.315s][info][gc,phases      ] GC(589)   Merge Heap Roots: 0.48ms
[2972.315s][info][gc,phases      ] GC(589)   Evacuate Collection Set: 109.69ms
[2972.315s][info][gc,phases      ] GC(589)   Post Evacuate Collection Set: 0.86ms
[2972.315s][info][gc,phases      ] GC(589)   Other: 0.08ms
[2972.316s][info][gc,heap        ] GC(589) Eden regions: 1116->0(1110)
[2972.316s][info][gc,heap        ] GC(589) Survivor regions: 112->109(154)
[2972.316s][info][gc,heap        ] GC(589) Old regions: 506->537
[2972.316s][info][gc,heap        ] GC(589) Humongous regions: 80->80
[2972.316s][info][gc,metaspace   ] GC(589) Metaspace: 28944K(29312K)->28944K(29312K) NonClass: 24066K(24256K)->24066K(24256K) Class: 4877K(5056K)->4877K(5056K)
[2972.316s][info][gc             ] GC(589) Pause Young (Prepare Mixed) (G1 Evacuation Pause) 3625M->1450M(4096M) 111.554ms
[2972.316s][info][gc,cpu         ] GC(589) User=0.69s Sys=0.00s Real=0.12s
....[2975.948s][info][gc,start       ] GC(590) Pause Young (Mixed) (G1 Evacuation Pause)
[2975.948s][info][gc,task        ] GC(590) Using 6 workers of 6 for evacuation
[2976.075s][info][gc,phases      ] GC(590)   Pre Evacuate Collection Set: 0.35ms
[2976.075s][info][gc,phases      ] GC(590)   Merge Heap Roots: 0.68ms
[2976.075s][info][gc,phases      ] GC(590)   Evacuate Collection Set: 124.41ms
[2976.075s][info][gc,phases      ] GC(590)   Post Evacuate Collection Set: 0.90ms
[2976.075s][info][gc,phases      ] GC(590)   Other: 0.08ms
[2976.075s][info][gc,heap        ] GC(590) Eden regions: 1110->0(1120)
[2976.075s][info][gc,heap        ] GC(590) Survivor regions: 109->108(153)
[2976.075s][info][gc,heap        ] GC(590) Old regions: 537->474
[2976.075s][info][gc,heap        ] GC(590) Humongous regions: 80->80
[2976.075s][info][gc,metaspace   ] GC(590) Metaspace: 28944K(29312K)->28944K(29312K) NonClass: 24066K(24256K)->24066K(24256K) Class: 4877K(5056K)->4877K(5056K)
[2976.075s][info][gc             ] GC(590) Pause Young (Mixed) (G1 Evacuation Pause) 3670M->1322M(4096M) 126.557ms
[2976.075s][info][gc,cpu         ] GC(590) User=0.79s Sys=0.00s Real=0.13s
....[2979.793s][info][gc,start       ] GC(591) Pause Young (Concurrent Start) (G1 Evacuation Pause)
[2979.793s][info][gc,task        ] GC(591) Using 6 workers of 6 for evacuation
[2979.908s][info][gc,phases      ] GC(591)   Pre Evacuate Collection Set: 0.37ms
[2979.908s][info][gc,phases      ] GC(591)   Merge Heap Roots: 0.44ms
[2979.908s][info][gc,phases      ] GC(591)   Evacuate Collection Set: 113.27ms
[2979.908s][info][gc,phases      ] GC(591)   Post Evacuate Collection Set: 0.83ms
[2979.908s][info][gc,phases      ] GC(591)   Other: 0.11ms
[2979.908s][info][gc,heap        ] GC(591) Eden regions: 1120->0(1116)
[2979.908s][info][gc,heap        ] GC(591) Survivor regions: 108->112(154)
[2979.908s][info][gc,heap        ] GC(591) Old regions: 474->507
[2979.908s][info][gc,heap        ] GC(591) Humongous regions: 80->80
[2979.908s][info][gc,metaspace   ] GC(591) Metaspace: 28944K(29312K)->28944K(29312K) NonClass: 24066K(24256K)->24066K(24256K) Class: 4877K(5056K)->4877K(5056K)
[2979.908s][info][gc             ] GC(591) Pause Young (Concurrent Start) (G1 Evacuation Pause) 3562M->1394M(4096M) 115.140ms
[2979.908s][info][gc             ] GC(592) Concurrent Mark Cycle
[2979.908s][info][gc,marking     ] GC(592) Concurrent Scan Root Regions
[2979.908s][info][gc,cpu         ] GC(591) User=0.72s Sys=0.00s Real=0.12s
[2980.070s][info][gc,marking     ] GC(592) Concurrent Scan Root Regions 161.936ms
[2980.070s][info][gc,marking     ] GC(592) Concurrent Mark
[2980.070s][info][gc,marking     ] GC(592) Concurrent Mark From Roots
[2980.070s][info][gc,task        ] GC(592) Using 2 workers of 2 for marking
.[2980.661s][info][gc,marking     ] GC(592) Concurrent Mark From Roots 591.115ms
[2980.661s][info][gc,marking     ] GC(592) Concurrent Preclean
[2980.661s][info][gc,marking     ] GC(592) Concurrent Preclean 0.141ms
[2980.662s][info][gc,start       ] GC(592) Pause Remark
[2980.666s][info][gc             ] GC(592) Pause Remark 1865M->1865M(4096M) 3.761ms
[2980.666s][info][gc,cpu         ] GC(592) User=0.02s Sys=0.00s Real=0.01s
[2980.666s][info][gc,marking     ] GC(592) Concurrent Mark 595.970ms
[2980.666s][info][gc,marking     ] GC(592) Concurrent Rebuild Remembered Sets and Scrub Regions
[2981.001s][info][gc,marking     ] GC(592) Concurrent Rebuild Remembered Sets and Scrub Regions 335.119ms
[2981.001s][info][gc,start       ] GC(592) Pause Cleanup
[2981.001s][info][gc             ] GC(592) Pause Cleanup 2081M->2081M(4096M) 0.098ms
[2981.001s][info][gc,cpu         ] GC(592) User=0.00s Sys=0.00s Real=0.00s
[2981.001s][info][gc,marking     ] GC(592) Concurrent Clear Claimed Marks
[2981.001s][info][gc,marking     ] GC(592) Concurrent Clear Claimed Marks 0.021ms
[2981.001s][info][gc,marking     ] GC(592) Concurrent Cleanup for Next Mark
[2981.004s][info][gc,marking     ] GC(592) Concurrent Cleanup for Next Mark 3.156ms
[2981.004s][info][gc             ] GC(592) Concurrent Mark Cycle 1096.625ms
..[2983.542s][info][gc,start       ] GC(593) Pause Young (Prepare Mixed) (G1 Evacuation Pause)
[2983.542s][info][gc,task        ] GC(593) Using 6 workers of 6 for evacuation
[2983.657s][info][gc,phases      ] GC(593)   Pre Evacuate Collection Set: 0.30ms
[2983.657s][info][gc,phases      ] GC(593)   Merge Heap Roots: 0.50ms
[2983.657s][info][gc,phases      ] GC(593)   Evacuate Collection Set: 113.65ms
[2983.657s][info][gc,phases      ] GC(593)   Post Evacuate Collection Set: 0.88ms
[2983.657s][info][gc,phases      ] GC(593)   Other: 0.09ms
[2983.657s][info][gc,heap        ] GC(593) Eden regions: 1116->0(1102)
[2983.657s][info][gc,heap        ] GC(593) Survivor regions: 112->112(154)
[2983.657s][info][gc,heap        ] GC(593) Old regions: 507->539
[2983.657s][info][gc,heap        ] GC(593) Humongous regions: 80->80
[2983.657s][info][gc,metaspace   ] GC(593) Metaspace: 28944K(29312K)->28944K(29312K) NonClass: 24066K(24256K)->24066K(24256K) Class: 4877K(5056K)->4877K(5056K)
[2983.657s][info][gc             ] GC(593) Pause Young (Prepare Mixed) (G1 Evacuation Pause) 3626M->1460M(4096M) 115.562ms
[2983.657s][info][gc,cpu         ] GC(593) User=0.72s Sys=0.00s Real=0.12s
....[2987.309s][info][gc,start       ] GC(594) Pause Young (Mixed) (G1 Evacuation Pause)
[2987.309s][info][gc,task        ] GC(594) Using 6 workers of 6 for evacuation
[2987.435s][info][gc,phases      ] GC(594)   Pre Evacuate Collection Set: 0.36ms
[2987.435s][info][gc,phases      ] GC(594)   Merge Heap Roots: 0.64ms
[2987.435s][info][gc,phases      ] GC(594)   Evacuate Collection Set: 123.31ms
[2987.435s][info][gc,phases      ] GC(594)   Post Evacuate Collection Set: 0.90ms
[2987.435s][info][gc,phases      ] GC(594)   Other: 0.08ms
[2987.435s][info][gc,heap        ] GC(594) Eden regions: 1102->0(1119)
[2987.435s][info][gc,heap        ] GC(594) Survivor regions: 112->109(152)
[2987.435s][info][gc,heap        ] GC(594) Old regions: 539->474
[2987.435s][info][gc,heap        ] GC(594) Humongous regions: 80->80
[2987.435s][info][gc,metaspace   ] GC(594) Metaspace: 28944K(29312K)->28944K(29312K) NonClass: 24066K(24256K)->24066K(24256K) Class: 4877K(5056K)->4877K(5056K)
[2987.435s][info][gc             ] GC(594) Pause Young (Mixed) (G1 Evacuation Pause) 3664M->1323M(4096M) 125.414ms
[2987.435s][info][gc,cpu         ] GC(594) User=0.77s Sys=0.00s Real=0.13s
....[2991.131s][info][gc,start       ] GC(595) Pause Young (Concurrent Start) (G1 Evacuation Pause)
[2991.131s][info][gc,task        ] GC(595) Using 6 workers of 6 for evacuation
[2991.243s][info][gc,phases      ] GC(595)   Pre Evacuate Collection Set: 0.39ms
[2991.243s][info][gc,phases      ] GC(595)   Merge Heap Roots: 0.48ms
[2991.243s][info][gc,phases      ] GC(595)   Evacuate Collection Set: 110.34ms
[2991.243s][info][gc,phases      ] GC(595)   Post Evacuate Collection Set: 0.83ms
[2991.243s][info][gc,phases      ] GC(595)   Other: 0.12ms
[2991.243s][info][gc,heap        ] GC(595) Eden regions: 1119->0(1119)
[2991.243s][info][gc,heap        ] GC(595) Survivor regions: 109->109(154)
[2991.243s][info][gc,heap        ] GC(595) Old regions: 474->505
[2991.243s][info][gc,heap        ] GC(595) Humongous regions: 80->80
[2991.243s][info][gc,metaspace   ] GC(595) Metaspace: 28944K(29312K)->28944K(29312K) NonClass: 24066K(24256K)->24066K(24256K) Class: 4877K(5056K)->4877K(5056K)
[2991.243s][info][gc             ] GC(595) Pause Young (Concurrent Start) (G1 Evacuation Pause) 3561M->1385M(4096M) 112.290ms
[2991.243s][info][gc             ] GC(596) Concurrent Mark Cycle
[2991.243s][info][gc,marking     ] GC(596) Concurrent Scan Root Regions
[2991.243s][info][gc,cpu         ] GC(595) User=0.69s Sys=0.00s Real=0.11s
[2991.395s][info][gc,marking     ] GC(596) Concurrent Scan Root Regions 151.363ms
[2991.395s][info][gc,marking     ] GC(596) Concurrent Mark
[2991.395s][info][gc,marking     ] GC(596) Concurrent Mark From Roots
[2991.395s][info][gc,task        ] GC(596) Using 2 workers of 2 for marking
.[2992.062s][info][gc,marking     ] GC(596) Concurrent Mark From Roots 667.418ms
[2992.062s][info][gc,marking     ] GC(596) Concurrent Preclean
[2992.062s][info][gc,marking     ] GC(596) Concurrent Preclean 0.086ms
[2992.062s][info][gc,start       ] GC(596) Pause Remark
[2992.066s][info][gc             ] GC(596) Pause Remark 1897M->1897M(4096M) 3.737ms
[2992.066s][info][gc,cpu         ] GC(596) User=0.02s Sys=0.00s Real=0.01s
[2992.066s][info][gc,marking     ] GC(596) Concurrent Mark 671.484ms
[2992.066s][info][gc,marking     ] GC(596) Concurrent Rebuild Remembered Sets and Scrub Regions
[2992.409s][info][gc,marking     ] GC(596) Concurrent Rebuild Remembered Sets and Scrub Regions 342.961ms
[2992.409s][info][gc,start       ] GC(596) Pause Cleanup
[2992.409s][info][gc             ] GC(596) Pause Cleanup 2113M->2113M(4096M) 0.101ms
[2992.409s][info][gc,cpu         ] GC(596) User=0.00s Sys=0.00s Real=0.00s
[2992.409s][info][gc,marking     ] GC(596) Concurrent Clear Claimed Marks
[2992.409s][info][gc,marking     ] GC(596) Concurrent Clear Claimed Marks 0.025ms
[2992.409s][info][gc,marking     ] GC(596) Concurrent Cleanup for Next Mark
[2992.414s][info][gc,marking     ] GC(596) Concurrent Cleanup for Next Mark 4.359ms
[2992.414s][info][gc             ] GC(596) Concurrent Mark Cycle 1170.658ms
...[2994.878s][info][gc,start       ] GC(597) Pause Young (Prepare Mixed) (G1 Evacuation Pause)
[2994.878s][info][gc,task        ] GC(597) Using 6 workers of 6 for evacuation
[2994.989s][info][gc,phases      ] GC(597)   Pre Evacuate Collection Set: 0.34ms
[2994.989s][info][gc,phases      ] GC(597)   Merge Heap Roots: 0.55ms
[2994.989s][info][gc,phases      ] GC(597)   Evacuate Collection Set: 108.90ms
[2994.989s][info][gc,phases      ] GC(597)   Post Evacuate Collection Set: 0.87ms
[2994.989s][info][gc,phases      ] GC(597)   Other: 0.09ms
[2994.989s][info][gc,heap        ] GC(597) Eden regions: 1119->0(1112)
[2994.989s][info][gc,heap        ] GC(597) Survivor regions: 109->108(154)
[2994.989s][info][gc,heap        ] GC(597) Old regions: 505->537
[2994.989s][info][gc,heap        ] GC(597) Humongous regions: 80->80
[2994.989s][info][gc,metaspace   ] GC(597) Metaspace: 28944K(29312K)->28944K(29312K) NonClass: 24066K(24256K)->24066K(24256K) Class: 4877K(5056K)->4877K(5056K)
[2994.989s][info][gc             ] GC(597) Pause Young (Prepare Mixed) (G1 Evacuation Pause) 3623M->1446M(4096M) 110.890ms
[2994.989s][info][gc,cpu         ] GC(597) User=0.69s Sys=0.01s Real=0.11s
....[2998.705s][info][gc,start       ] GC(598) Pause Young (Mixed) (G1 Evacuation Pause)
[2998.705s][info][gc,task        ] GC(598) Using 6 workers of 6 for evacuation
[2998.832s][info][gc,phases      ] GC(598)   Pre Evacuate Collection Set: 0.36ms
[2998.832s][info][gc,phases      ] GC(598)   Merge Heap Roots: 0.70ms
[2998.832s][info][gc,phases      ] GC(598)   Evacuate Collection Set: 124.87ms
[2998.832s][info][gc,phases      ] GC(598)   Post Evacuate Collection Set: 0.91ms
[2998.832s][info][gc,phases      ] GC(598)   Other: 0.08ms
[2998.832s][info][gc,heap        ] GC(598) Eden regions: 1112->0(1121)
[2998.832s][info][gc,heap        ] GC(598) Survivor regions: 108->107(153)
[2998.832s][info][gc,heap        ] GC(598) Old regions: 537->472
[2998.832s][info][gc,heap        ] GC(598) Humongous regions: 80->80
[2998.832s][info][gc,metaspace   ] GC(598) Metaspace: 28944K(29312K)->28944K(29312K) NonClass: 24066K(24256K)->24066K(24256K) Class: 4877K(5056K)->4877K(5056K)
[2998.832s][info][gc             ] GC(598) Pause Young (Mixed) (G1 Evacuation Pause) 3670M->1316M(4096M) 127.056ms
[2998.832s][info][gc,cpu         ] GC(598) User=0.79s Sys=0.00s Real=0.12s
...[3002.492s][info][gc,start       ] GC(599) Pause Young (Concurrent Start) (G1 Evacuation Pause)
[3002.492s][info][gc,task        ] GC(599) Using 6 workers of 6 for evacuation
[3002.605s][info][gc,phases      ] GC(599)   Pre Evacuate Collection Set: 0.37ms
[3002.605s][info][gc,phases      ] GC(599)   Merge Heap Roots: 0.48ms
[3002.605s][info][gc,phases      ] GC(599)   Evacuate Collection Set: 111.38ms
[3002.605s][info][gc,phases      ] GC(599)   Post Evacuate Collection Set: 0.85ms
[3002.605s][info][gc,phases      ] GC(599)   Other: 0.12ms
[3002.605s][info][gc,heap        ] GC(599) Eden regions: 1121->0(1117)
[3002.605s][info][gc,heap        ] GC(599) Survivor regions: 107->111(154)
[3002.605s][info][gc,heap        ] GC(599) Old regions: 472->503
[3002.605s][info][gc,heap        ] GC(599) Humongous regions: 80->80
[3002.605s][info][gc,metaspace   ] GC(599) Metaspace: 28944K(29312K)->28944K(29312K) NonClass: 24066K(24256K)->24066K(24256K) Class: 4877K(5056K)->4877K(5056K)
[3002.605s][info][gc             ] GC(599) Pause Young (Concurrent Start) (G1 Evacuation Pause) 3558M->1385M(4096M) 113.316ms
[3002.605s][info][gc             ] GC(600) Concurrent Mark Cycle
[3002.605s][info][gc,marking     ] GC(600) Concurrent Scan Root Regions
[3002.605s][info][gc,cpu         ] GC(599) User=0.71s Sys=0.00s Real=0.12s
.[3002.732s][info][gc,marking     ] GC(600) Concurrent Scan Root Regions 126.686ms
[3002.732s][info][gc,marking     ] GC(600) Concurrent Mark
[3002.732s][info][gc,marking     ] GC(600) Concurrent Mark From Roots
[3002.732s][info][gc,task        ] GC(600) Using 2 workers of 2 for marking
[3003.343s][info][gc,marking     ] GC(600) Concurrent Mark From Roots 610.857ms
[3003.343s][info][gc,marking     ] GC(600) Concurrent Preclean
[3003.343s][info][gc,marking     ] GC(600) Concurrent Preclean 0.081ms
[3003.344s][info][gc,start       ] GC(600) Pause Remark
[3003.348s][info][gc             ] GC(600) Pause Remark 1877M->1877M(4096M) 3.777ms
[3003.348s][info][gc,cpu         ] GC(600) User=0.02s Sys=0.00s Real=0.01s
[3003.348s][info][gc,marking     ] GC(600) Concurrent Mark 616.231ms
[3003.348s][info][gc,marking     ] GC(600) Concurrent Rebuild Remembered Sets and Scrub Regions
[3003.564s][info][gc,marking     ] GC(600) Concurrent Rebuild Remembered Sets and Scrub Regions 216.071ms
[3003.564s][info][gc,start       ] GC(600) Pause Cleanup
[3003.565s][info][gc             ] GC(600) Pause Cleanup 1979M->1979M(4096M) 0.109ms
[3003.565s][info][gc,cpu         ] GC(600) User=0.00s Sys=0.00s Real=0.00s
[3003.565s][info][gc,marking     ] GC(600) Concurrent Clear Claimed Marks
[3003.565s][info][gc,marking     ] GC(600) Concurrent Clear Claimed Marks 0.024ms
[3003.565s][info][gc,marking     ] GC(600) Concurrent Cleanup for Next Mark
[3003.568s][info][gc,marking     ] GC(600) Concurrent Cleanup for Next Mark 3.844ms
[3003.569s][info][gc             ] GC(600) Concurrent Mark Cycle 963.307ms
...[3006.274s][info][gc,start       ] GC(601) Pause Young (Prepare Mixed) (G1 Evacuation Pause)
[3006.274s][info][gc,task        ] GC(601) Using 6 workers of 6 for evacuation
[3006.386s][info][gc,phases      ] GC(601)   Pre Evacuate Collection Set: 0.34ms
[3006.386s][info][gc,phases      ] GC(601)   Merge Heap Roots: 0.51ms
[3006.386s][info][gc,phases      ] GC(601)   Evacuate Collection Set: 109.88ms
[3006.386s][info][gc,phases      ] GC(601)   Post Evacuate Collection Set: 0.89ms
[3006.386s][info][gc,phases      ] GC(601)   Other: 0.09ms
[3006.386s][info][gc,heap        ] GC(601) Eden regions: 1117->0(1112)
[3006.386s][info][gc,heap        ] GC(601) Survivor regions: 111->109(154)
[3006.386s][info][gc,heap        ] GC(601) Old regions: 503->535
[3006.386s][info][gc,heap        ] GC(601) Humongous regions: 80->80
[3006.386s][info][gc,metaspace   ] GC(601) Metaspace: 28944K(29312K)->28944K(29312K) NonClass: 24066K(24256K)->24066K(24256K) Class: 4877K(5056K)->4877K(5056K)
[3006.386s][info][gc             ] GC(601) Pause Young (Prepare Mixed) (G1 Evacuation Pause) 3619M->1444M(4096M) 111.819ms
[3006.386s][info][gc,cpu         ] GC(601) User=0.70s Sys=0.01s Real=0.12s
....[3010.131s][info][gc,start       ] GC(602) Pause Young (Mixed) (G1 Evacuation Pause)
[3010.131s][info][gc,task        ] GC(602) Using 6 workers of 6 for evacuation
[3010.259s][info][gc,phases      ] GC(602)   Pre Evacuate Collection Set: 0.40ms
[3010.259s][info][gc,phases      ] GC(602)   Merge Heap Roots: 0.70ms
[3010.259s][info][gc,phases      ] GC(602)   Evacuate Collection Set: 126.06ms
[3010.259s][info][gc,phases      ] GC(602)   Post Evacuate Collection Set: 0.90ms
[3010.259s][info][gc,phases      ] GC(602)   Other: 0.09ms
[3010.259s][info][gc,heap        ] GC(602) Eden regions: 1112->0(1119)
[3010.259s][info][gc,heap        ] GC(602) Survivor regions: 109->109(153)
[3010.259s][info][gc,heap        ] GC(602) Old regions: 535->472
[3010.259s][info][gc,heap        ] GC(602) Humongous regions: 80->80
[3010.259s][info][gc,metaspace   ] GC(602) Metaspace: 28944K(29312K)->28944K(29312K) NonClass: 24066K(24256K)->24066K(24256K) Class: 4877K(5056K)->4877K(5056K)
[3010.259s][info][gc             ] GC(602) Pause Young (Mixed) (G1 Evacuation Pause) 3668M->1320M(4096M) 128.287ms
[3010.259s][info][gc,cpu         ] GC(602) User=0.80s Sys=0.00s Real=0.13s
....[3013.899s][info][gc,start       ] GC(603) Pause Young (Concurrent Start) (G1 Evacuation Pause)
[3013.899s][info][gc,task        ] GC(603) Using 6 workers of 6 for evacuation
[3014.015s][info][gc,phases      ] GC(603)   Pre Evacuate Collection Set: 0.42ms
[3014.015s][info][gc,phases      ] GC(603)   Merge Heap Roots: 0.53ms
[3014.015s][info][gc,phases      ] GC(603)   Evacuate Collection Set: 114.20ms
[3014.015s][info][gc,phases      ] GC(603)   Post Evacuate Collection Set: 0.88ms
[3014.015s][info][gc,phases      ] GC(603)   Other: 0.13ms
[3014.015s][info][gc,heap        ] GC(603) Eden regions: 1119->0(1118)
[3014.015s][info][gc,heap        ] GC(603) Survivor regions: 109->110(154)
[3014.015s][info][gc,heap        ] GC(603) Old regions: 472->504
[3014.015s][info][gc,heap        ] GC(603) Humongous regions: 80->80
[3014.015s][info][gc,metaspace   ] GC(603) Metaspace: 28944K(29312K)->28944K(29312K) NonClass: 24066K(24256K)->24066K(24256K) Class: 4877K(5056K)->4877K(5056K)
[3014.015s][info][gc             ] GC(603) Pause Young (Concurrent Start) (G1 Evacuation Pause) 3558M->1385M(4096M) 116.307ms
[3014.015s][info][gc             ] GC(604) Concurrent Mark Cycle
[3014.016s][info][gc,marking     ] GC(604) Concurrent Scan Root Regions
[3014.016s][info][gc,cpu         ] GC(603) User=0.69s Sys=0.00s Real=0.12s
[3014.148s][info][gc,marking     ] GC(604) Concurrent Scan Root Regions 132.685ms
[3014.148s][info][gc,marking     ] GC(604) Concurrent Mark
[3014.148s][info][gc,marking     ] GC(604) Concurrent Mark From Roots
[3014.148s][info][gc,task        ] GC(604) Using 2 workers of 2 for marking
.[3014.785s][info][gc,marking     ] GC(604) Concurrent Mark From Roots 636.809ms
[3014.785s][info][gc,marking     ] GC(604) Concurrent Preclean
[3014.785s][info][gc,marking     ] GC(604) Concurrent Preclean 0.110ms
[3014.785s][info][gc,start       ] GC(604) Pause Remark
[3014.789s][info][gc             ] GC(604) Pause Remark 1905M->1905M(4096M) 3.888ms
[3014.789s][info][gc,cpu         ] GC(604) User=0.02s Sys=0.00s Real=0.00s
[3014.789s][info][gc,marking     ] GC(604) Concurrent Mark 641.062ms
[3014.789s][info][gc,marking     ] GC(604) Concurrent Rebuild Remembered Sets and Scrub Regions
[3015.030s][info][gc,marking     ] GC(604) Concurrent Rebuild Remembered Sets and Scrub Regions 240.431ms
[3015.030s][info][gc,start       ] GC(604) Pause Cleanup
[3015.030s][info][gc             ] GC(604) Pause Cleanup 2059M->2059M(4096M) 0.099ms
[3015.030s][info][gc,cpu         ] GC(604) User=0.00s Sys=0.00s Real=0.00s
[3015.030s][info][gc,marking     ] GC(604) Concurrent Clear Claimed Marks
[3015.030s][info][gc,marking     ] GC(604) Concurrent Clear Claimed Marks 0.020ms
[3015.030s][info][gc,marking     ] GC(604) Concurrent Cleanup for Next Mark
[3015.035s][info][gc,marking     ] GC(604) Concurrent Cleanup for Next Mark 4.647ms
[3015.035s][info][gc             ] GC(604) Concurrent Mark Cycle 1019.291ms
..[3017.670s][info][gc,start       ] GC(605) Pause Young (Prepare Mixed) (G1 Evacuation Pause)
[3017.670s][info][gc,task        ] GC(605) Using 6 workers of 6 for evacuation
[3017.789s][info][gc,phases      ] GC(605)   Pre Evacuate Collection Set: 0.32ms
[3017.789s][info][gc,phases      ] GC(605)   Merge Heap Roots: 0.57ms
[3017.789s][info][gc,phases      ] GC(605)   Evacuate Collection Set: 116.52ms
[3017.789s][info][gc,phases      ] GC(605)   Post Evacuate Collection Set: 0.93ms
[3017.789s][info][gc,phases      ] GC(605)   Other: 0.10ms
[3017.789s][info][gc,heap        ] GC(605) Eden regions: 1118->0(1109)
[3017.789s][info][gc,heap        ] GC(605) Survivor regions: 110->110(154)
[3017.789s][info][gc,heap        ] GC(605) Old regions: 504->536
[3017.789s][info][gc,heap        ] GC(605) Humongous regions: 80->80
[3017.789s][info][gc,metaspace   ] GC(605) Metaspace: 28944K(29312K)->28944K(29312K) NonClass: 24066K(24256K)->24066K(24256K) Class: 4877K(5056K)->4877K(5056K)
[3017.789s][info][gc             ] GC(605) Pause Young (Prepare Mixed) (G1 Evacuation Pause) 3621M->1448M(4096M) 118.562ms
[3017.789s][info][gc,cpu         ] GC(605) User=0.71s Sys=0.00s Real=0.12s
.. (rIR:aIR:PR = 4981:4979:4979) (tPR = 74014) [OK] 
  3018s: Performance info:
         Transaction,    Success,    Partial,     Failed,   Receipts, AvgBarcode, 
             Overall,     299976,          0,          0,     284973,      59.47, 
         Response times:
             Request,    Success,    Partial,     Failed,   SkipFail,     Probes,    Samples,      min,      p50,      p90,      p95,      p99,      max, 
       TotalPurchase,     284973,          0,          0,          0,     280396,     318770,      300,     3700,     7200,    11700,    50000,   193000,
     InStorePurchase,     149937,          0,          0,          0,     147973,     168277,      300,     3700,     7100,    11500,    50000,   171000,
      OnlinePurchase,     105037,          0,          0,          0,     103232,     117026,      300,     3800,     7300,    12300,    51000,   193000,
        InstPurchase,      29999,          0,          0,          0,      29191,      33467,      400,     3300,     6800,    11400,    44000,   147000,
          AssocOfCat,        299,          0,          0,          0,        215,        317,    22000,    33000,    52000,    60000,   159740,   170000,
      AssocOfProduct,       2999,          0,          0,          0,       2818,       3420,     1000,     4800,     8400,    15895,    55000,   195000,
      BusinessReport,        748,          0,          0,          0,        644,        827,    22000,    35000,    53200,    64600,   148120,   223000,
          CustBuyBeh,       3008,          0,          0,          0,       2783,       3345,      400,     3800,     7500,    14200,    58000,   139000,
       ProductReturn,       7949,          0,          0,          0,       7586,       8930,      200,     4300,     7700,    14235,    56000,   137000,

  3018s: (37%)   IR =   5120 ..[3021.488s][info][gc,start       ] GC(606) Pause Young (Mixed) (G1 Evacuation Pause)
[3021.488s][info][gc,task        ] GC(606) Using 6 workers of 6 for evacuation
[3021.620s][info][gc,phases      ] GC(606)   Pre Evacuate Collection Set: 0.35ms
[3021.620s][info][gc,phases      ] GC(606)   Merge Heap Roots: 0.68ms
[3021.620s][info][gc,phases      ] GC(606)   Evacuate Collection Set: 130.58ms
[3021.620s][info][gc,phases      ] GC(606)   Post Evacuate Collection Set: 0.91ms
[3021.620s][info][gc,phases      ] GC(606)   Other: 0.09ms
[3021.620s][info][gc,heap        ] GC(606) Eden regions: 1109->0(1118)
[3021.620s][info][gc,heap        ] GC(606) Survivor regions: 110->110(153)
[3021.620s][info][gc,heap        ] GC(606) Old regions: 536->473
[3021.620s][info][gc,heap        ] GC(606) Humongous regions: 80->80
[3021.620s][info][gc,metaspace   ] GC(606) Metaspace: 28944K(29312K)->28944K(29312K) NonClass: 24066K(24256K)->24066K(24256K) Class: 4877K(5056K)->4877K(5056K)
[3021.620s][info][gc             ] GC(606) Pause Young (Mixed) (G1 Evacuation Pause) 3666M->1322M(4096M) 132.744ms
[3021.620s][info][gc,cpu         ] GC(606) User=0.79s Sys=0.00s Real=0.13s
...|.[3025.257s][info][gc,start       ] GC(607) Pause Young (Concurrent Start) (G1 Evacuation Pause)
[3025.257s][info][gc,task        ] GC(607) Using 6 workers of 6 for evacuation
[3025.376s][info][gc,phases      ] GC(607)   Pre Evacuate Collection Set: 0.41ms
[3025.376s][info][gc,phases      ] GC(607)   Merge Heap Roots: 0.56ms
[3025.376s][info][gc,phases      ] GC(607)   Evacuate Collection Set: 117.03ms
[3025.376s][info][gc,phases      ] GC(607)   Post Evacuate Collection Set: 0.90ms
[3025.376s][info][gc,phases      ] GC(607)   Other: 0.12ms
[3025.376s][info][gc,heap        ] GC(607) Eden regions: 1118->0(1115)
[3025.376s][info][gc,heap        ] GC(607) Survivor regions: 110->113(154)
[3025.376s][info][gc,heap        ] GC(607) Old regions: 473->504
[3025.376s][info][gc,heap        ] GC(607) Humongous regions: 80->80
[3025.376s][info][gc,metaspace   ] GC(607) Metaspace: 28944K(29312K)->28944K(29312K) NonClass: 24066K(24256K)->24066K(24256K) Class: 4877K(5056K)->4877K(5056K)
[3025.376s][info][gc             ] GC(607) Pause Young (Concurrent Start) (G1 Evacuation Pause) 3558M->1390M(4096M) 119.161ms
[3025.376s][info][gc             ] GC(608) Concurrent Mark Cycle
[3025.376s][info][gc,marking     ] GC(608) Concurrent Scan Root Regions
[3025.377s][info][gc,cpu         ] GC(607) User=0.70s Sys=0.00s Real=0.12s
[3025.584s][info][gc,marking     ] GC(608) Concurrent Scan Root Regions 207.102ms
[3025.584s][info][gc,marking     ] GC(608) Concurrent Mark
[3025.584s][info][gc,marking     ] GC(608) Concurrent Mark From Roots
[3025.584s][info][gc,task        ] GC(608) Using 2 workers of 2 for marking
.[3026.420s][info][gc,marking     ] GC(608) Concurrent Mark From Roots 836.799ms
[3026.420s][info][gc,marking     ] GC(608) Concurrent Preclean
[3026.421s][info][gc,marking     ] GC(608) Concurrent Preclean 0.121ms
[3026.421s][info][gc,start       ] GC(608) Pause Remark
[3026.425s][info][gc             ] GC(608) Pause Remark 2130M->2130M(4096M) 4.753ms
[3026.426s][info][gc,cpu         ] GC(608) User=0.03s Sys=0.00s Real=0.01s
[3026.426s][info][gc,marking     ] GC(608) Concurrent Mark 841.947ms
[3026.426s][info][gc,marking     ] GC(608) Concurrent Rebuild Remembered Sets and Scrub Regions
[3026.671s][info][gc,marking     ] GC(608) Concurrent Rebuild Remembered Sets and Scrub Regions 245.582ms
[3026.672s][info][gc,start       ] GC(608) Pause Cleanup
[3026.672s][info][gc             ] GC(608) Pause Cleanup 2298M->2298M(4096M) 0.130ms
[3026.672s][info][gc,cpu         ] GC(608) User=0.00s Sys=0.00s Real=0.00s
[3026.672s][info][gc,marking     ] GC(608) Concurrent Clear Claimed Marks
[3026.672s][info][gc,marking     ] GC(608) Concurrent Clear Claimed Marks 0.033ms
[3026.672s][info][gc,marking     ] GC(608) Concurrent Cleanup for Next Mark
[3026.677s][info][gc,marking     ] GC(608) Concurrent Cleanup for Next Mark 4.878ms
[3026.677s][info][gc             ] GC(608) Concurrent Mark Cycle 1300.480ms
...[3028.876s][info][gc,start       ] GC(609) Pause Young (Prepare Mixed) (G1 Evacuation Pause)
[3028.876s][info][gc,task        ] GC(609) Using 6 workers of 6 for evacuation
[3028.991s][info][gc,phases      ] GC(609)   Pre Evacuate Collection Set: 0.39ms
[3028.991s][info][gc,phases      ] GC(609)   Merge Heap Roots: 0.53ms
[3028.991s][info][gc,phases      ] GC(609)   Evacuate Collection Set: 113.33ms
[3028.991s][info][gc,phases      ] GC(609)   Post Evacuate Collection Set: 0.93ms
[3028.991s][info][gc,phases      ] GC(609)   Other: 0.10ms
[3028.991s][info][gc,heap        ] GC(609) Eden regions: 1115->0(1111)
[3028.991s][info][gc,heap        ] GC(609) Survivor regions: 113->109(154)
[3028.991s][info][gc,heap        ] GC(609) Old regions: 504->536
[3028.991s][info][gc,heap        ] GC(609) Humongous regions: 80->80
[3028.991s][info][gc,metaspace   ] GC(609) Metaspace: 28944K(29312K)->28944K(29312K) NonClass: 24066K(24256K)->24066K(24256K) Class: 4877K(5056K)->4877K(5056K)
[3028.991s][info][gc             ] GC(609) Pause Young (Prepare Mixed) (G1 Evacuation Pause) 3620M->1447M(4096M) 115.405ms
[3028.991s][info][gc,cpu         ] GC(609) User=0.69s Sys=0.00s Real=0.11s
...[3032.570s][info][gc,start       ] GC(610) Pause Young (Mixed) (G1 Evacuation Pause)
[3032.570s][info][gc,task        ] GC(610) Using 6 workers of 6 for evacuation
[3032.704s][info][gc,phases      ] GC(610)   Pre Evacuate Collection Set: 0.37ms
[3032.704s][info][gc,phases      ] GC(610)   Merge Heap Roots: 0.74ms
[3032.704s][info][gc,phases      ] GC(610)   Evacuate Collection Set: 131.88ms
[3032.704s][info][gc,phases      ] GC(610)   Post Evacuate Collection Set: 0.94ms
[3032.704s][info][gc,phases      ] GC(610)   Other: 0.09ms
[3032.704s][info][gc,heap        ] GC(610) Eden regions: 1111->0(1118)
[3032.704s][info][gc,heap        ] GC(610) Survivor regions: 109->110(153)
[3032.704s][info][gc,heap        ] GC(610) Old regions: 536->472
[3032.704s][info][gc,heap        ] GC(610) Humongous regions: 80->80
[3032.704s][info][gc,metaspace   ] GC(610) Metaspace: 28944K(29312K)->28944K(29312K) NonClass: 24066K(24256K)->24066K(24256K) Class: 4877K(5056K)->4877K(5056K)
[3032.704s][info][gc             ] GC(610) Pause Young (Mixed) (G1 Evacuation Pause) 3669M->1321M(4096M) 134.165ms
[3032.704s][info][gc,cpu         ] GC(610) User=0.80s Sys=0.00s Real=0.13s
....[3036.207s][info][gc,start       ] GC(611) Pause Young (Concurrent Start) (G1 Evacuation Pause)
[3036.207s][info][gc,task        ] GC(611) Using 6 workers of 6 for evacuation
[3036.324s][info][gc,phases      ] GC(611)   Pre Evacuate Collection Set: 0.35ms
[3036.324s][info][gc,phases      ] GC(611)   Merge Heap Roots: 0.47ms
[3036.324s][info][gc,phases      ] GC(611)   Evacuate Collection Set: 115.66ms
[3036.324s][info][gc,phases      ] GC(611)   Post Evacuate Collection Set: 0.86ms
[3036.324s][info][gc,phases      ] GC(611)   Other: 0.11ms
[3036.324s][info][gc,heap        ] GC(611) Eden regions: 1118->0(1119)
[3036.324s][info][gc,heap        ] GC(611) Survivor regions: 110->109(154)
[3036.324s][info][gc,heap        ] GC(611) Old regions: 472->503
[3036.324s][info][gc,heap        ] GC(611) Humongous regions: 80->80
[3036.324s][info][gc,metaspace   ] GC(611) Metaspace: 28944K(29312K)->28944K(29312K) NonClass: 24066K(24256K)->24066K(24256K) Class: 4877K(5056K)->4877K(5056K)
[3036.324s][info][gc             ] GC(611) Pause Young (Concurrent Start) (G1 Evacuation Pause) 3557M->1381M(4096M) 117.579ms
[3036.325s][info][gc             ] GC(612) Concurrent Mark Cycle
[3036.325s][info][gc,marking     ] GC(612) Concurrent Scan Root Regions
[3036.325s][info][gc,cpu         ] GC(611) User=0.70s Sys=0.00s Real=0.12s
[3036.455s][info][gc,marking     ] GC(612) Concurrent Scan Root Regions 130.720ms
[3036.455s][info][gc,marking     ] GC(612) Concurrent Mark
[3036.455s][info][gc,marking     ] GC(612) Concurrent Mark From Roots
[3036.455s][info][gc,task        ] GC(612) Using 2 workers of 2 for marking
.[3037.108s][info][gc,marking     ] GC(612) Concurrent Mark From Roots 652.521ms
[3037.108s][info][gc,marking     ] GC(612) Concurrent Preclean
[3037.108s][info][gc,marking     ] GC(612) Concurrent Preclean 0.118ms
[3037.108s][info][gc,start       ] GC(612) Pause Remark
[3037.112s][info][gc             ] GC(612) Pause Remark 1922M->1922M(4096M) 4.025ms
[3037.112s][info][gc,cpu         ] GC(612) User=0.03s Sys=0.00s Real=0.00s
[3037.112s][info][gc,marking     ] GC(612) Concurrent Mark 656.920ms
[3037.112s][info][gc,marking     ] GC(612) Concurrent Rebuild Remembered Sets and Scrub Regions
[3037.395s][info][gc,marking     ] GC(612) Concurrent Rebuild Remembered Sets and Scrub Regions 282.810ms
[3037.395s][info][gc,start       ] GC(612) Pause Cleanup
[3037.395s][info][gc             ] GC(612) Pause Cleanup 2085M->2085M(4096M) 0.099ms
[3037.395s][info][gc,cpu         ] GC(612) User=0.00s Sys=0.00s Real=0.00s
[3037.395s][info][gc,marking     ] GC(612) Concurrent Clear Claimed Marks
[3037.395s][info][gc,marking     ] GC(612) Concurrent Clear Claimed Marks 0.021ms
[3037.395s][info][gc,marking     ] GC(612) Concurrent Cleanup for Next Mark
[3037.399s][info][gc,marking     ] GC(612) Concurrent Cleanup for Next Mark 4.043ms
[3037.399s][info][gc             ] GC(612) Concurrent Mark Cycle 1074.949ms
...[3039.947s][info][gc,start       ] GC(613) Pause Young (Prepare Mixed) (G1 Evacuation Pause)
[3039.947s][info][gc,task        ] GC(613) Using 6 workers of 6 for evacuation
[3040.069s][info][gc,phases      ] GC(613)   Pre Evacuate Collection Set: 0.31ms
[3040.069s][info][gc,phases      ] GC(613)   Merge Heap Roots: 0.54ms
[3040.069s][info][gc,phases      ] GC(613)   Evacuate Collection Set: 120.33ms
[3040.069s][info][gc,phases      ] GC(613)   Post Evacuate Collection Set: 0.94ms
[3040.069s][info][gc,phases      ] GC(613)   Other: 0.08ms
[3040.069s][info][gc,heap        ] GC(613) Eden regions: 1119->0(1104)
[3040.069s][info][gc,heap        ] GC(613) Survivor regions: 109->113(154)
[3040.069s][info][gc,heap        ] GC(613) Old regions: 503->535
[3040.069s][info][gc,heap        ] GC(613) Humongous regions: 80->80
[3040.069s][info][gc,metaspace   ] GC(613) Metaspace: 28944K(29312K)->28944K(29312K) NonClass: 24066K(24256K)->24066K(24256K) Class: 4877K(5056K)->4877K(5056K)
[3040.069s][info][gc             ] GC(613) Pause Young (Prepare Mixed) (G1 Evacuation Pause) 3619M->1453M(4096M) 122.336ms
[3040.069s][info][gc,cpu         ] GC(613) User=0.73s Sys=0.00s Real=0.12s
...[3043.608s][info][gc,start       ] GC(614) Pause Young (Mixed) (G1 Evacuation Pause)
[3043.608s][info][gc,task        ] GC(614) Using 6 workers of 6 for evacuation
[3043.745s][info][gc,phases      ] GC(614)   Pre Evacuate Collection Set: 0.33ms
[3043.745s][info][gc,phases      ] GC(614)   Merge Heap Roots: 0.69ms
[3043.745s][info][gc,phases      ] GC(614)   Evacuate Collection Set: 134.90ms
[3043.745s][info][gc,phases      ] GC(614)   Post Evacuate Collection Set: 0.93ms
[3043.745s][info][gc,phases      ] GC(614)   Other: 0.09ms
[3043.745s][info][gc,heap        ] GC(614) Eden regions: 1104->0(1116)
[3043.745s][info][gc,heap        ] GC(614) Survivor regions: 113->112(153)
[3043.745s][info][gc,heap        ] GC(614) Old regions: 535->473
[3043.745s][info][gc,heap        ] GC(614) Humongous regions: 80->80
[3043.745s][info][gc,metaspace   ] GC(614) Metaspace: 28944K(29312K)->28944K(29312K) NonClass: 24066K(24256K)->24066K(24256K) Class: 4877K(5056K)->4877K(5056K)
[3043.745s][info][gc             ] GC(614) Pause Young (Mixed) (G1 Evacuation Pause) 3661M->1327M(4096M) 137.068ms
[3043.745s][info][gc,cpu         ] GC(614) User=0.82s Sys=0.00s Real=0.14s
....[3047.312s][info][gc,start       ] GC(615) Pause Young (Concurrent Start) (G1 Evacuation Pause)
[3047.312s][info][gc,task        ] GC(615) Using 6 workers of 6 for evacuation
[3047.432s][info][gc,phases      ] GC(615)   Pre Evacuate Collection Set: 0.32ms
[3047.432s][info][gc,phases      ] GC(615)   Merge Heap Roots: 0.47ms
[3047.432s][info][gc,phases      ] GC(615)   Evacuate Collection Set: 119.02ms
[3047.432s][info][gc,phases      ] GC(615)   Post Evacuate Collection Set: 0.78ms
[3047.432s][info][gc,phases      ] GC(615)   Other: 0.13ms
[3047.432s][info][gc,heap        ] GC(615) Eden regions: 1116->0(1116)
[3047.432s][info][gc,heap        ] GC(615) Survivor regions: 112->112(154)
[3047.432s][info][gc,heap        ] GC(615) Old regions: 473->504
[3047.432s][info][gc,heap        ] GC(615) Humongous regions: 80->80
[3047.432s][info][gc,metaspace   ] GC(615) Metaspace: 28944K(29312K)->28944K(29312K) NonClass: 24066K(24256K)->24066K(24256K) Class: 4877K(5056K)->4877K(5056K)
[3047.432s][info][gc             ] GC(615) Pause Young (Concurrent Start) (G1 Evacuation Pause) 3559M->1389M(4096M) 120.842ms
[3047.432s][info][gc             ] GC(616) Concurrent Mark Cycle
[3047.432s][info][gc,marking     ] GC(616) Concurrent Scan Root Regions
[3047.432s][info][gc,cpu         ] GC(615) User=0.71s Sys=0.00s Real=0.12s
[3047.566s][info][gc,marking     ] GC(616) Concurrent Scan Root Regions 133.996ms
[3047.566s][info][gc,marking     ] GC(616) Concurrent Mark
[3047.566s][info][gc,marking     ] GC(616) Concurrent Mark From Roots
[3047.566s][info][gc,task        ] GC(616) Using 2 workers of 2 for marking
.[3048.208s][info][gc,marking     ] GC(616) Concurrent Mark From Roots 641.469ms
[3048.208s][info][gc,marking     ] GC(616) Concurrent Preclean
[3048.208s][info][gc,marking     ] GC(616) Concurrent Preclean 0.172ms
[3048.210s][info][gc,start       ] GC(616) Pause Remark
[3048.214s][info][gc             ] GC(616) Pause Remark 1933M->1933M(4096M) 4.334ms
[3048.214s][info][gc,cpu         ] GC(616) User=0.02s Sys=0.00s Real=0.00s
[3048.214s][info][gc,marking     ] GC(616) Concurrent Mark 647.920ms
[3048.214s][info][gc,marking     ] GC(616) Concurrent Rebuild Remembered Sets and Scrub Regions
[3048.566s][info][gc,marking     ] GC(616) Concurrent Rebuild Remembered Sets and Scrub Regions 351.448ms
[3048.566s][info][gc,start       ] GC(616) Pause Cleanup
[3048.566s][info][gc             ] GC(616) Pause Cleanup 2188M->2188M(4096M) 0.116ms
[3048.566s][info][gc,cpu         ] GC(616) User=0.00s Sys=0.00s Real=0.00s
[3048.566s][info][gc,marking     ] GC(616) Concurrent Clear Claimed Marks
[3048.566s][info][gc,marking     ] GC(616) Concurrent Clear Claimed Marks 0.029ms
[3048.566s][info][gc,marking     ] GC(616) Concurrent Cleanup for Next Mark
[3048.570s][info][gc,marking     ] GC(616) Concurrent Cleanup for Next Mark 3.336ms
[3048.570s][info][gc             ] GC(616) Concurrent Mark Cycle 1137.168ms
...[3050.998s][info][gc,start       ] GC(617) Pause Young (Prepare Mixed) (G1 Evacuation Pause)
[3050.998s][info][gc,task        ] GC(617) Using 6 workers of 6 for evacuation
[3051.125s][info][gc,phases      ] GC(617)   Pre Evacuate Collection Set: 0.34ms
[3051.125s][info][gc,phases      ] GC(617)   Merge Heap Roots: 0.56ms
[3051.125s][info][gc,phases      ] GC(617)   Evacuate Collection Set: 124.49ms
[3051.125s][info][gc,phases      ] GC(617)   Post Evacuate Collection Set: 0.98ms
[3051.125s][info][gc,phases      ] GC(617)   Other: 0.10ms
[3051.125s][info][gc,heap        ] GC(617) Eden regions: 1116->0(1111)
[3051.125s][info][gc,heap        ] GC(617) Survivor regions: 112->109(154)
[3051.125s][info][gc,heap        ] GC(617) Old regions: 504->536
[3051.125s][info][gc,heap        ] GC(617) Humongous regions: 80->80
[3051.125s][info][gc,metaspace   ] GC(617) Metaspace: 28944K(29312K)->28944K(29312K) NonClass: 24066K(24256K)->24066K(24256K) Class: 4877K(5056K)->4877K(5056K)
[3051.125s][info][gc             ] GC(617) Pause Young (Prepare Mixed) (G1 Evacuation Pause) 3621M->1448M(4096M) 126.606ms
[3051.125s][info][gc,cpu         ] GC(617) User=0.70s Sys=0.00s Real=0.13s
...[3054.654s][info][gc,start       ] GC(618) Pause Young (Mixed) (G1 Evacuation Pause)
[3054.654s][info][gc,task        ] GC(618) Using 6 workers of 6 for evacuation
[3054.802s][info][gc,phases      ] GC(618)   Pre Evacuate Collection Set: 0.41ms
[3054.802s][info][gc,phases      ] GC(618)   Merge Heap Roots: 0.83ms
[3054.802s][info][gc,phases      ] GC(618)   Evacuate Collection Set: 145.99ms
[3054.802s][info][gc,phases      ] GC(618)   Post Evacuate Collection Set: 1.00ms
[3054.802s][info][gc,phases      ] GC(618)   Other: 0.10ms
[3054.802s][info][gc,heap        ] GC(618) Eden regions: 1111->0(1119)
[3054.802s][info][gc,heap        ] GC(618) Survivor regions: 109->109(153)
[3054.802s][info][gc,heap        ] GC(618) Old regions: 536->472
[3054.802s][info][gc,heap        ] GC(618) Humongous regions: 80->80
[3054.802s][info][gc,metaspace   ] GC(618) Metaspace: 28944K(29312K)->28944K(29312K) NonClass: 24066K(24256K)->24066K(24256K) Class: 4877K(5056K)->4877K(5056K)
[3054.802s][info][gc             ] GC(618) Pause Young (Mixed) (G1 Evacuation Pause) 3670M->1320M(4096M) 148.455ms
[3054.802s][info][gc,cpu         ] GC(618) User=0.81s Sys=0.00s Real=0.15s
....[3058.358s][info][gc,start       ] GC(619) Pause Young (Concurrent Start) (G1 Evacuation Pause)
[3058.358s][info][gc,task        ] GC(619) Using 6 workers of 6 for evacuation
[3058.492s][info][gc,phases      ] GC(619)   Pre Evacuate Collection Set: 0.37ms
[3058.492s][info][gc,phases      ] GC(619)   Merge Heap Roots: 0.53ms
[3058.492s][info][gc,phases      ] GC(619)   Evacuate Collection Set: 132.49ms
[3058.492s][info][gc,phases      ] GC(619)   Post Evacuate Collection Set: 0.98ms
[3058.492s][info][gc,phases      ] GC(619)   Other: 0.12ms
[3058.492s][info][gc,heap        ] GC(619) Eden regions: 1119->0(1113)
[3058.492s][info][gc,heap        ] GC(619) Survivor regions: 109->115(154)
[3058.492s][info][gc,heap        ] GC(619) Old regions: 472->504
[3058.492s][info][gc,heap        ] GC(619) Humongous regions: 80->80
[3058.492s][info][gc,metaspace   ] GC(619) Metaspace: 28944K(29312K)->28944K(29312K) NonClass: 24066K(24256K)->24066K(24256K) Class: 4877K(5056K)->4877K(5056K)
[3058.492s][info][gc             ] GC(619) Pause Young (Concurrent Start) (G1 Evacuation Pause) 3558M->1395M(4096M) 134.631ms
[3058.492s][info][gc             ] GC(620) Concurrent Mark Cycle
[3058.492s][info][gc,marking     ] GC(620) Concurrent Scan Root Regions
[3058.492s][info][gc,cpu         ] GC(619) User=0.74s Sys=0.00s Real=0.13s
[3058.686s][info][gc,marking     ] GC(620) Concurrent Scan Root Regions 193.817ms
[3058.686s][info][gc,marking     ] GC(620) Concurrent Mark
[3058.686s][info][gc,marking     ] GC(620) Concurrent Mark From Roots
[3058.686s][info][gc,task        ] GC(620) Using 2 workers of 2 for marking
.[3059.593s][info][gc,marking     ] GC(620) Concurrent Mark From Roots 907.280ms
[3059.593s][info][gc,marking     ] GC(620) Concurrent Preclean
[3059.594s][info][gc,marking     ] GC(620) Concurrent Preclean 0.160ms
[3059.594s][info][gc,start       ] GC(620) Pause Remark
[3059.599s][info][gc             ] GC(620) Pause Remark 2158M->2158M(4096M) 4.926ms
[3059.599s][info][gc,cpu         ] GC(620) User=0.03s Sys=0.00s Real=0.01s
[3059.600s][info][gc,marking     ] GC(620) Concurrent Mark 913.516ms
[3059.600s][info][gc,marking     ] GC(620) Concurrent Rebuild Remembered Sets and Scrub Regions
.[3059.899s][info][gc,marking     ] GC(620) Concurrent Rebuild Remembered Sets and Scrub Regions 299.078ms
[3059.899s][info][gc,start       ] GC(620) Pause Cleanup
[3059.899s][info][gc             ] GC(620) Pause Cleanup 2333M->2333M(4096M) 0.116ms
[3059.899s][info][gc,cpu         ] GC(620) User=0.00s Sys=0.00s Real=0.00s
[3059.899s][info][gc,marking     ] GC(620) Concurrent Clear Claimed Marks
[3059.899s][info][gc,marking     ] GC(620) Concurrent Clear Claimed Marks 0.020ms
[3059.899s][info][gc,marking     ] GC(620) Concurrent Cleanup for Next Mark
[3059.903s][info][gc,marking     ] GC(620) Concurrent Cleanup for Next Mark 3.475ms
[3059.903s][info][gc             ] GC(620) Concurrent Mark Cycle 1410.336ms
..[3062.025s][info][gc,start       ] GC(621) Pause Young (Prepare Mixed) (G1 Evacuation Pause)
[3062.025s][info][gc,task        ] GC(621) Using 6 workers of 6 for evacuation
[3062.143s][info][gc,phases      ] GC(621)   Pre Evacuate Collection Set: 0.35ms
[3062.143s][info][gc,phases      ] GC(621)   Merge Heap Roots: 0.55ms
[3062.143s][info][gc,phases      ] GC(621)   Evacuate Collection Set: 115.75ms
[3062.143s][info][gc,phases      ] GC(621)   Post Evacuate Collection Set: 0.93ms
[3062.143s][info][gc,phases      ] GC(621)   Other: 0.08ms
[3062.143s][info][gc,heap        ] GC(621) Eden regions: 1113->0(1108)
[3062.143s][info][gc,heap        ] GC(621) Survivor regions: 115->111(154)
[3062.143s][info][gc,heap        ] GC(621) Old regions: 504->535
[3062.143s][info][gc,heap        ] GC(621) Humongous regions: 80->80
[3062.143s][info][gc,metaspace   ] GC(621) Metaspace: 28944K(29312K)->28944K(29312K) NonClass: 24066K(24256K)->24066K(24256K) Class: 4877K(5056K)->4877K(5056K)
[3062.143s][info][gc             ] GC(621) Pause Young (Prepare Mixed) (G1 Evacuation Pause) 3621M->1450M(4096M) 117.790ms
[3062.143s][info][gc,cpu         ] GC(621) User=0.70s Sys=0.00s Real=0.11s
...[3065.703s][info][gc,start       ] GC(622) Pause Young (Mixed) (G1 Evacuation Pause)
[3065.703s][info][gc,task        ] GC(622) Using 6 workers of 6 for evacuation
[3065.838s][info][gc,phases      ] GC(622)   Pre Evacuate Collection Set: 0.39ms
[3065.838s][info][gc,phases      ] GC(622)   Merge Heap Roots: 0.83ms
[3065.838s][info][gc,phases      ] GC(622)   Evacuate Collection Set: 133.14ms
[3065.838s][info][gc,phases      ] GC(622)   Post Evacuate Collection Set: 0.95ms
[3065.838s][info][gc,phases      ] GC(622)   Other: 0.09ms
[3065.838s][info][gc,heap        ] GC(622) Eden regions: 1108->0(1117)
[3065.838s][info][gc,heap        ] GC(622) Survivor regions: 111->111(153)
[3065.838s][info][gc,heap        ] GC(622) Old regions: 535->473
[3065.838s][info][gc,heap        ] GC(622) Humongous regions: 80->80
[3065.838s][info][gc,metaspace   ] GC(622) Metaspace: 28944K(29312K)->28944K(29312K) NonClass: 24066K(24256K)->24066K(24256K) Class: 4877K(5056K)->4877K(5056K)
[3065.838s][info][gc             ] GC(622) Pause Young (Mixed) (G1 Evacuation Pause) 3666M->1325M(4096M) 135.525ms
[3065.838s][info][gc,cpu         ] GC(622) User=0.80s Sys=0.00s Real=0.14s
....[3069.375s][info][gc,start       ] GC(623) Pause Young (Concurrent Start) (G1 Evacuation Pause)
[3069.375s][info][gc,task        ] GC(623) Using 6 workers of 6 for evacuation
[3069.492s][info][gc,phases      ] GC(623)   Pre Evacuate Collection Set: 0.37ms
[3069.492s][info][gc,phases      ] GC(623)   Merge Heap Roots: 0.47ms
[3069.492s][info][gc,phases      ] GC(623)   Evacuate Collection Set: 115.82ms
[3069.492s][info][gc,phases      ] GC(623)   Post Evacuate Collection Set: 0.87ms
[3069.492s][info][gc,phases      ] GC(623)   Other: 0.11ms
[3069.492s][info][gc,heap        ] GC(623) Eden regions: 1117->0(1118)
[3069.492s][info][gc,heap        ] GC(623) Survivor regions: 111->110(154)
[3069.492s][info][gc,heap        ] GC(623) Old regions: 473->506
[3069.492s][info][gc,heap        ] GC(623) Humongous regions: 80->80
[3069.492s][info][gc,metaspace   ] GC(623) Metaspace: 28944K(29312K)->28944K(29312K) NonClass: 24066K(24256K)->24066K(24256K) Class: 4877K(5056K)->4877K(5056K)
[3069.492s][info][gc             ] GC(623) Pause Young (Concurrent Start) (G1 Evacuation Pause) 3559M->1388M(4096M) 117.754ms
[3069.492s][info][gc             ] GC(624) Concurrent Mark Cycle
[3069.493s][info][gc,marking     ] GC(624) Concurrent Scan Root Regions
[3069.493s][info][gc,cpu         ] GC(623) User=0.70s Sys=0.00s Real=0.11s
[3069.653s][info][gc,marking     ] GC(624) Concurrent Scan Root Regions 160.611ms
[3069.653s][info][gc,marking     ] GC(624) Concurrent Mark
[3069.653s][info][gc,marking     ] GC(624) Concurrent Mark From Roots
[3069.653s][info][gc,task        ] GC(624) Using 2 workers of 2 for marking
.[3070.429s][info][gc,marking     ] GC(624) Concurrent Mark From Roots 775.944ms
[3070.429s][info][gc,marking     ] GC(624) Concurrent Preclean
[3070.429s][info][gc,marking     ] GC(624) Concurrent Preclean 0.142ms
[3070.429s][info][gc,start       ] GC(624) Pause Remark
[3070.434s][info][gc             ] GC(624) Pause Remark 2017M->2017M(4096M) 4.550ms
[3070.434s][info][gc,cpu         ] GC(624) User=0.02s Sys=0.00s Real=0.00s
[3070.434s][info][gc,marking     ] GC(624) Concurrent Mark 780.906ms
[3070.434s][info][gc,marking     ] GC(624) Concurrent Rebuild Remembered Sets and Scrub Regions
[3070.750s][info][gc,marking     ] GC(624) Concurrent Rebuild Remembered Sets and Scrub Regions 315.774ms
[3070.750s][info][gc,start       ] GC(624) Pause Cleanup
[3070.750s][info][gc             ] GC(624) Pause Cleanup 2245M->2245M(4096M) 0.113ms
[3070.750s][info][gc,cpu         ] GC(624) User=0.00s Sys=0.00s Real=0.00s
[3070.750s][info][gc,marking     ] GC(624) Concurrent Clear Claimed Marks
[3070.750s][info][gc,marking     ] GC(624) Concurrent Clear Claimed Marks 0.020ms
[3070.750s][info][gc,marking     ] GC(624) Concurrent Cleanup for Next Mark
[3070.753s][info][gc,marking     ] GC(624) Concurrent Cleanup for Next Mark 3.265ms
[3070.753s][info][gc             ] GC(624) Concurrent Mark Cycle 1260.984ms
...[3073.013s][info][gc,start       ] GC(625) Pause Young (Prepare Mixed) (G1 Evacuation Pause)
[3073.013s][info][gc,task        ] GC(625) Using 6 workers of 6 for evacuation
[3073.130s][info][gc,phases      ] GC(625)   Pre Evacuate Collection Set: 0.33ms
[3073.130s][info][gc,phases      ] GC(625)   Merge Heap Roots: 0.55ms
[3073.130s][info][gc,phases      ] GC(625)   Evacuate Collection Set: 114.82ms
[3073.130s][info][gc,phases      ] GC(625)   Post Evacuate Collection Set: 0.92ms
[3073.130s][info][gc,phases      ] GC(625)   Other: 0.09ms
[3073.130s][info][gc,heap        ] GC(625) Eden regions: 1118->0(1111)
[3073.130s][info][gc,heap        ] GC(625) Survivor regions: 110->108(154)
[3073.130s][info][gc,heap        ] GC(625) Old regions: 506->538
[3073.130s][info][gc,heap        ] GC(625) Humongous regions: 80->80
[3073.130s][info][gc,metaspace   ] GC(625) Metaspace: 28944K(29312K)->28944K(29312K) NonClass: 24066K(24256K)->24066K(24256K) Class: 4877K(5056K)->4877K(5056K)
[3073.130s][info][gc             ] GC(625) Pause Young (Prepare Mixed) (G1 Evacuation Pause) 3624M->1449M(4096M) 116.855ms
[3073.130s][info][gc,cpu         ] GC(625) User=0.70s Sys=0.00s Real=0.12s
...[3076.735s][info][gc,start       ] GC(626) Pause Young (Mixed) (G1 Evacuation Pause)
[3076.735s][info][gc,task        ] GC(626) Using 6 workers of 6 for evacuation
[3076.868s][info][gc,phases      ] GC(626)   Pre Evacuate Collection Set: 0.33ms
[3076.868s][info][gc,phases      ] GC(626)   Merge Heap Roots: 0.72ms
[3076.868s][info][gc,phases      ] GC(626)   Evacuate Collection Set: 130.45ms
[3076.868s][info][gc,phases      ] GC(626)   Post Evacuate Collection Set: 0.98ms
[3076.868s][info][gc,phases      ] GC(626)   Other: 0.09ms
[3076.868s][info][gc,heap        ] GC(626) Eden regions: 1111->0(1118)
[3076.868s][info][gc,heap        ] GC(626) Survivor regions: 108->110(153)
[3076.868s][info][gc,heap        ] GC(626) Old regions: 538->476
[3076.868s][info][gc,heap        ] GC(626) Humongous regions: 80->80
[3076.868s][info][gc,metaspace   ] GC(626) Metaspace: 28944K(29312K)->28944K(29312K) NonClass: 24066K(24256K)->24066K(24256K) Class: 4877K(5056K)->4877K(5056K)
[3076.868s][info][gc             ] GC(626) Pause Young (Mixed) (G1 Evacuation Pause) 3671M->1329M(4096M) 132.692ms
[3076.868s][info][gc,cpu         ] GC(626) User=0.79s Sys=0.00s Real=0.13s
....[3080.423s][info][gc,start       ] GC(627) Pause Young (Concurrent Start) (G1 Evacuation Pause)
[3080.423s][info][gc,task        ] GC(627) Using 6 workers of 6 for evacuation
[3080.540s][info][gc,phases      ] GC(627)   Pre Evacuate Collection Set: 0.38ms
[3080.540s][info][gc,phases      ] GC(627)   Merge Heap Roots: 0.50ms
[3080.540s][info][gc,phases      ] GC(627)   Evacuate Collection Set: 114.77ms
[3080.540s][info][gc,phases      ] GC(627)   Post Evacuate Collection Set: 0.88ms
[3080.540s][info][gc,phases      ] GC(627)   Other: 0.11ms
[3080.540s][info][gc,heap        ] GC(627) Eden regions: 1118->0(1118)
[3080.540s][info][gc,heap        ] GC(627) Survivor regions: 110->110(154)
[3080.540s][info][gc,heap        ] GC(627) Old regions: 476->508
[3080.540s][info][gc,heap        ] GC(627) Humongous regions: 80->80
[3080.540s][info][gc,metaspace   ] GC(627) Metaspace: 28944K(29312K)->28944K(29312K) NonClass: 24066K(24256K)->24066K(24256K) Class: 4877K(5056K)->4877K(5056K)
[3080.540s][info][gc             ] GC(627) Pause Young (Concurrent Start) (G1 Evacuation Pause) 3565M->1392M(4096M) 116.755ms
[3080.540s][info][gc             ] GC(628) Concurrent Mark Cycle
[3080.540s][info][gc,marking     ] GC(628) Concurrent Scan Root Regions
[3080.540s][info][gc,cpu         ] GC(627) User=0.69s Sys=0.00s Real=0.12s
[3080.700s][info][gc,marking     ] GC(628) Concurrent Scan Root Regions 160.426ms
[3080.701s][info][gc,marking     ] GC(628) Concurrent Mark
[3080.701s][info][gc,marking     ] GC(628) Concurrent Mark From Roots
[3080.701s][info][gc,task        ] GC(628) Using 2 workers of 2 for marking
.[3081.479s][info][gc,marking     ] GC(628) Concurrent Mark From Roots 777.983ms
[3081.479s][info][gc,marking     ] GC(628) Concurrent Preclean
[3081.479s][info][gc,marking     ] GC(628) Concurrent Preclean 0.147ms
[3081.479s][info][gc,start       ] GC(628) Pause Remark
[3081.483s][info][gc             ] GC(628) Pause Remark 2048M->2048M(4096M) 3.720ms
[3081.483s][info][gc,cpu         ] GC(628) User=0.02s Sys=0.00s Real=0.00s
[3081.483s][info][gc,marking     ] GC(628) Concurrent Mark 782.295ms
[3081.483s][info][gc,marking     ] GC(628) Concurrent Rebuild Remembered Sets and Scrub Regions
[3081.767s][info][gc,marking     ] GC(628) Concurrent Rebuild Remembered Sets and Scrub Regions 284.021ms
[3081.767s][info][gc,start       ] GC(628) Pause Cleanup
[3081.767s][info][gc             ] GC(628) Pause Cleanup 2232M->2232M(4096M) 0.107ms
[3081.767s][info][gc,cpu         ] GC(628) User=0.00s Sys=0.00s Real=0.00s
[3081.767s][info][gc,marking     ] GC(628) Concurrent Clear Claimed Marks
[3081.767s][info][gc,marking     ] GC(628) Concurrent Clear Claimed Marks 0.023ms
[3081.767s][info][gc,marking     ] GC(628) Concurrent Cleanup for Next Mark
[3081.771s][info][gc,marking     ] GC(628) Concurrent Cleanup for Next Mark 3.372ms
[3081.771s][info][gc             ] GC(628) Concurrent Mark Cycle 1230.607ms
... (rIR:aIR:PR = 5120:5121:5121) (tPR = 76260) [OK] 
  3083s: Performance info:
         Transaction,    Success,    Partial,     Failed,   Receipts, AvgBarcode, 
             Overall,     308033,          0,          0,     292658,      59.48, 
         Response times:
             Request,    Success,    Partial,     Failed,   SkipFail,     Probes,    Samples,      min,      p50,      p90,      p95,      p99,      max, 
       TotalPurchase,     292664,          0,          0,          0,     286875,     312242,      300,     4100,     9200,    22000,    70570,   217000,
     InStorePurchase,     154039,          0,          0,          0,     151139,     164396,      300,     4200,     9400,    23000,    72000,   217000,
      OnlinePurchase,     107811,          0,          0,          0,     105772,     114987,      300,     3800,     8800,    21000,    68000,   215000,
        InstPurchase,      30814,          0,          0,          0,      29964,      32859,      400,     4400,     9500,    24000,    75000,   215000,
          AssocOfCat,        309,          0,          0,          0,        244,        331,    26000,    36000,    63000,   101600,   169720,   238000,
      AssocOfProduct,       3080,          0,          0,          0,       2859,       3282,      500,     4300,     9700,    24000,    65170,   143000,
      BusinessReport,        764,          0,          0,          0,        629,        778,    25000,    38000,    68000,    83100,   171050,   209000,
          CustBuyBeh,       3079,          0,          0,          0,       2811,       3239,      200,     2300,     7400,    16900,    58000,   139000,
       ProductReturn,       8144,          0,          0,          0,       7824,       8839,      200,     5000,    11700,    32000,    85200,   155000,

  3083s: (38%)   IR =   5258 [3084.174s][info][gc,start       ] GC(629) Pause Young (Prepare Mixed) (G1 Evacuation Pause)
[3084.174s][info][gc,task        ] GC(629) Using 6 workers of 6 for evacuation
[3084.292s][info][gc,phases      ] GC(629)   Pre Evacuate Collection Set: 0.35ms
[3084.292s][info][gc,phases      ] GC(629)   Merge Heap Roots: 0.57ms
[3084.292s][info][gc,phases      ] GC(629)   Evacuate Collection Set: 115.36ms
[3084.292s][info][gc,phases      ] GC(629)   Post Evacuate Collection Set: 0.99ms
[3084.292s][info][gc,phases      ] GC(629)   Other: 0.09ms
[3084.292s][info][gc,heap        ] GC(629) Eden regions: 1118->0(1105)
[3084.292s][info][gc,heap        ] GC(629) Survivor regions: 110->110(154)
[3084.292s][info][gc,heap        ] GC(629) Old regions: 508->540
[3084.292s][info][gc,heap        ] GC(629) Humongous regions: 80->80
[3084.292s][info][gc,metaspace   ] GC(629) Metaspace: 28944K(29312K)->28944K(29312K) NonClass: 24066K(24256K)->24066K(24256K) Class: 4877K(5056K)->4877K(5056K)
[3084.292s][info][gc             ] GC(629) Pause Young (Prepare Mixed) (G1 Evacuation Pause) 3628M->1456M(4096M) 117.510ms
[3084.292s][info][gc,cpu         ] GC(629) User=0.69s Sys=0.00s Real=0.12s
...[3087.687s][info][gc,start       ] GC(630) Pause Young (Mixed) (G1 Evacuation Pause)
[3087.687s][info][gc,task        ] GC(630) Using 6 workers of 6 for evacuation
[3087.818s][info][gc,phases      ] GC(630)   Pre Evacuate Collection Set: 0.37ms
[3087.818s][info][gc,phases      ] GC(630)   Merge Heap Roots: 0.67ms
[3087.818s][info][gc,phases      ] GC(630)   Evacuate Collection Set: 128.48ms
[3087.818s][info][gc,phases      ] GC(630)   Post Evacuate Collection Set: 0.96ms
[3087.818s][info][gc,phases      ] GC(630)   Other: 0.09ms
[3087.818s][info][gc,heap        ] GC(630) Eden regions: 1105->0(1119)
[3087.818s][info][gc,heap        ] GC(630) Survivor regions: 110->109(152)
[3087.818s][info][gc,heap        ] GC(630) Old regions: 540->474
[3087.818s][info][gc,heap        ] GC(630) Humongous regions: 80->80
[3087.818s][info][gc,metaspace   ] GC(630) Metaspace: 28944K(29312K)->28944K(29312K) NonClass: 24066K(24256K)->24066K(24256K) Class: 4877K(5056K)->4877K(5056K)
[3087.818s][info][gc             ] GC(630) Pause Young (Mixed) (G1 Evacuation Pause) 3666M->1322M(4096M) 130.727ms
[3087.818s][info][gc,cpu         ] GC(630) User=0.78s Sys=0.00s Real=0.13s
....|[3091.325s][info][gc,start       ] GC(631) Pause Young (Concurrent Start) (G1 Evacuation Pause)
[3091.325s][info][gc,task        ] GC(631) Using 6 workers of 6 for evacuation
[3091.443s][info][gc,phases      ] GC(631)   Pre Evacuate Collection Set: 0.39ms
[3091.443s][info][gc,phases      ] GC(631)   Merge Heap Roots: 0.49ms
[3091.443s][info][gc,phases      ] GC(631)   Evacuate Collection Set: 116.04ms
[3091.443s][info][gc,phases      ] GC(631)   Post Evacuate Collection Set: 0.89ms
[3091.443s][info][gc,phases      ] GC(631)   Other: 0.11ms
[3091.443s][info][gc,heap        ] GC(631) Eden regions: 1119->0(1119)
[3091.443s][info][gc,heap        ] GC(631) Survivor regions: 109->109(154)
[3091.443s][info][gc,heap        ] GC(631) Old regions: 474->506
[3091.443s][info][gc,heap        ] GC(631) Humongous regions: 80->80
[3091.443s][info][gc,metaspace   ] GC(631) Metaspace: 28944K(29312K)->28944K(29312K) NonClass: 24066K(24256K)->24066K(24256K) Class: 4877K(5056K)->4877K(5056K)
[3091.443s][info][gc             ] GC(631) Pause Young (Concurrent Start) (G1 Evacuation Pause) 3560M->1387M(4096M) 118.071ms
[3091.443s][info][gc             ] GC(632) Concurrent Mark Cycle
[3091.443s][info][gc,marking     ] GC(632) Concurrent Scan Root Regions
[3091.443s][info][gc,cpu         ] GC(631) User=0.70s Sys=0.00s Real=0.11s
[3091.598s][info][gc,marking     ] GC(632) Concurrent Scan Root Regions 155.608ms
[3091.598s][info][gc,marking     ] GC(632) Concurrent Mark
[3091.598s][info][gc,marking     ] GC(632) Concurrent Mark From Roots
[3091.598s][info][gc,task        ] GC(632) Using 2 workers of 2 for marking
.[3092.410s][info][gc,marking     ] GC(632) Concurrent Mark From Roots 811.426ms
[3092.410s][info][gc,marking     ] GC(632) Concurrent Preclean
[3092.410s][info][gc,marking     ] GC(632) Concurrent Preclean 0.100ms
[3092.410s][info][gc,start       ] GC(632) Pause Remark
[3092.415s][info][gc             ] GC(632) Pause Remark 2040M->2040M(4096M) 5.039ms
[3092.415s][info][gc,cpu         ] GC(632) User=0.02s Sys=0.00s Real=0.01s
[3092.415s][info][gc,marking     ] GC(632) Concurrent Mark 816.816ms
[3092.415s][info][gc,marking     ] GC(632) Concurrent Rebuild Remembered Sets and Scrub Regions
[3092.662s][info][gc,marking     ] GC(632) Concurrent Rebuild Remembered Sets and Scrub Regions 247.070ms
[3092.663s][info][gc,start       ] GC(632) Pause Cleanup
[3092.663s][info][gc             ] GC(632) Pause Cleanup 2200M->2200M(4096M) 0.115ms
[3092.663s][info][gc,cpu         ] GC(632) User=0.00s Sys=0.00s Real=0.00s
[3092.663s][info][gc,marking     ] GC(632) Concurrent Clear Claimed Marks
[3092.663s][info][gc,marking     ] GC(632) Concurrent Clear Claimed Marks 0.022ms
[3092.663s][info][gc,marking     ] GC(632) Concurrent Cleanup for Next Mark
[3092.667s][info][gc,marking     ] GC(632) Concurrent Cleanup for Next Mark 4.448ms
[3092.667s][info][gc             ] GC(632) Concurrent Mark Cycle 1224.431ms
..[3094.943s][info][gc,start       ] GC(633) Pause Young (Prepare Mixed) (G1 Evacuation Pause)
[3094.943s][info][gc,task        ] GC(633) Using 6 workers of 6 for evacuation
[3095.070s][info][gc,phases      ] GC(633)   Pre Evacuate Collection Set: 0.31ms
[3095.070s][info][gc,phases      ] GC(633)   Merge Heap Roots: 0.51ms
[3095.070s][info][gc,phases      ] GC(633)   Evacuate Collection Set: 125.39ms
[3095.070s][info][gc,phases      ] GC(633)   Post Evacuate Collection Set: 0.94ms
[3095.070s][info][gc,phases      ] GC(633)   Other: 0.08ms
[3095.070s][info][gc,heap        ] GC(633) Eden regions: 1119->0(1091)
[3095.070s][info][gc,heap        ] GC(633) Survivor regions: 109->118(154)
[3095.070s][info][gc,heap        ] GC(633) Old regions: 506->538
[3095.070s][info][gc,heap        ] GC(633) Humongous regions: 80->80
[3095.070s][info][gc,metaspace   ] GC(633) Metaspace: 28944K(29312K)->28944K(29312K) NonClass: 24066K(24256K)->24066K(24256K) Class: 4877K(5056K)->4877K(5056K)
[3095.070s][info][gc             ] GC(633) Pause Young (Prepare Mixed) (G1 Evacuation Pause) 3625M->1468M(4096M) 127.371ms
[3095.070s][info][gc,cpu         ] GC(633) User=0.76s Sys=0.00s Real=0.13s
....[3098.434s][info][gc,start       ] GC(634) Pause Young (Mixed) (G1 Evacuation Pause)
[3098.434s][info][gc,task        ] GC(634) Using 6 workers of 6 for evacuation
[3098.568s][info][gc,phases      ] GC(634)   Pre Evacuate Collection Set: 0.38ms
[3098.568s][info][gc,phases      ] GC(634)   Merge Heap Roots: 0.73ms
[3098.568s][info][gc,phases      ] GC(634)   Evacuate Collection Set: 131.89ms
[3098.568s][info][gc,phases      ] GC(634)   Post Evacuate Collection Set: 0.91ms
[3098.568s][info][gc,phases      ] GC(634)   Other: 0.08ms
[3098.568s][info][gc,heap        ] GC(634) Eden regions: 1091->0(1119)
[3098.568s][info][gc,heap        ] GC(634) Survivor regions: 118->109(152)
[3098.568s][info][gc,heap        ] GC(634) Old regions: 538->473
[3098.568s][info][gc,heap        ] GC(634) Humongous regions: 80->80
[3098.568s][info][gc,metaspace   ] GC(634) Metaspace: 28944K(29312K)->28944K(29312K) NonClass: 24066K(24256K)->24066K(24256K) Class: 4877K(5056K)->4877K(5056K)
[3098.568s][info][gc             ] GC(634) Pause Young (Mixed) (G1 Evacuation Pause) 3650M->1320M(4096M) 134.112ms
[3098.568s][info][gc,cpu         ] GC(634) User=0.80s Sys=0.00s Real=0.14s
...[3102.086s][info][gc,start       ] GC(635) Pause Young (Concurrent Start) (G1 Evacuation Pause)
[3102.086s][info][gc,task        ] GC(635) Using 6 workers of 6 for evacuation
[3102.201s][info][gc,phases      ] GC(635)   Pre Evacuate Collection Set: 0.34ms
[3102.201s][info][gc,phases      ] GC(635)   Merge Heap Roots: 0.46ms
[3102.201s][info][gc,phases      ] GC(635)   Evacuate Collection Set: 113.53ms
[3102.201s][info][gc,phases      ] GC(635)   Post Evacuate Collection Set: 0.83ms
[3102.201s][info][gc,phases      ] GC(635)   Other: 0.10ms
[3102.201s][info][gc,heap        ] GC(635) Eden regions: 1119->0(1119)
[3102.201s][info][gc,heap        ] GC(635) Survivor regions: 109->109(154)
[3102.201s][info][gc,heap        ] GC(635) Old regions: 473->505
[3102.201s][info][gc,heap        ] GC(635) Humongous regions: 80->80
[3102.201s][info][gc,metaspace   ] GC(635) Metaspace: 28944K(29312K)->28944K(29312K) NonClass: 24066K(24256K)->24066K(24256K) Class: 4877K(5056K)->4877K(5056K)
[3102.201s][info][gc             ] GC(635) Pause Young (Concurrent Start) (G1 Evacuation Pause) 3558M->1384M(4096M) 115.388ms
[3102.201s][info][gc             ] GC(636) Concurrent Mark Cycle
[3102.201s][info][gc,marking     ] GC(636) Concurrent Scan Root Regions
[3102.201s][info][gc,cpu         ] GC(635) User=0.69s Sys=0.01s Real=0.11s
.[3102.334s][info][gc,marking     ] GC(636) Concurrent Scan Root Regions 132.478ms
[3102.334s][info][gc,marking     ] GC(636) Concurrent Mark
[3102.334s][info][gc,marking     ] GC(636) Concurrent Mark From Roots
[3102.334s][info][gc,task        ] GC(636) Using 2 workers of 2 for marking
[3103.013s][info][gc,marking     ] GC(636) Concurrent Mark From Roots 679.534ms
[3103.013s][info][gc,marking     ] GC(636) Concurrent Preclean
[3103.014s][info][gc,marking     ] GC(636) Concurrent Preclean 0.127ms
[3103.014s][info][gc,start       ] GC(636) Pause Remark
[3103.019s][info][gc             ] GC(636) Pause Remark 2015M->2015M(4096M) 5.105ms
[3103.019s][info][gc,cpu         ] GC(636) User=0.03s Sys=0.00s Real=0.01s
[3103.019s][info][gc,marking     ] GC(636) Concurrent Mark 685.030ms
[3103.019s][info][gc,marking     ] GC(636) Concurrent Rebuild Remembered Sets and Scrub Regions
.[3103.254s][info][gc,marking     ] GC(636) Concurrent Rebuild Remembered Sets and Scrub Regions 234.714ms
[3103.254s][info][gc,start       ] GC(636) Pause Cleanup
[3103.254s][info][gc             ] GC(636) Pause Cleanup 2128M->2128M(4096M) 0.110ms
[3103.254s][info][gc,cpu         ] GC(636) User=0.00s Sys=0.00s Real=0.00s
[3103.254s][info][gc,marking     ] GC(636) Concurrent Clear Claimed Marks
[3103.254s][info][gc,marking     ] GC(636) Concurrent Clear Claimed Marks 0.027ms
[3103.254s][info][gc,marking     ] GC(636) Concurrent Cleanup for Next Mark
[3103.257s][info][gc,marking     ] GC(636) Concurrent Cleanup for Next Mark 3.204ms
[3103.257s][info][gc             ] GC(636) Concurrent Mark Cycle 1055.903ms
..[3105.597s][info][gc,start       ] GC(637) Pause Young (Prepare Mixed) (G1 Evacuation Pause)
[3105.597s][info][gc,task        ] GC(637) Using 6 workers of 6 for evacuation
[3105.718s][info][gc,phases      ] GC(637)   Pre Evacuate Collection Set: 0.36ms
[3105.718s][info][gc,phases      ] GC(637)   Merge Heap Roots: 0.52ms
[3105.718s][info][gc,phases      ] GC(637)   Evacuate Collection Set: 118.89ms
[3105.718s][info][gc,phases      ] GC(637)   Post Evacuate Collection Set: 0.94ms
[3105.718s][info][gc,phases      ] GC(637)   Other: 0.09ms
[3105.718s][info][gc,heap        ] GC(637) Eden regions: 1119->0(1099)
[3105.718s][info][gc,heap        ] GC(637) Survivor regions: 109->115(154)
[3105.718s][info][gc,heap        ] GC(637) Old regions: 505->536
[3105.718s][info][gc,heap        ] GC(637) Humongous regions: 80->80
[3105.718s][info][gc,metaspace   ] GC(637) Metaspace: 28944K(29312K)->28944K(29312K) NonClass: 24066K(24256K)->24066K(24256K) Class: 4877K(5056K)->4877K(5056K)
[3105.718s][info][gc             ] GC(637) Pause Young (Prepare Mixed) (G1 Evacuation Pause) 3622M->1458M(4096M) 120.912ms
[3105.718s][info][gc,cpu         ] GC(637) User=0.72s Sys=0.00s Real=0.12s
...[3109.193s][info][gc,start       ] GC(638) Pause Young (Mixed) (G1 Evacuation Pause)
[3109.193s][info][gc,task        ] GC(638) Using 6 workers of 6 for evacuation
[3109.327s][info][gc,phases      ] GC(638)   Pre Evacuate Collection Set: 0.33ms
[3109.327s][info][gc,phases      ] GC(638)   Merge Heap Roots: 0.74ms
[3109.327s][info][gc,phases      ] GC(638)   Evacuate Collection Set: 131.21ms
[3109.327s][info][gc,phases      ] GC(638)   Post Evacuate Collection Set: 0.93ms
[3109.327s][info][gc,phases      ] GC(638)   Other: 0.09ms
[3109.327s][info][gc,heap        ] GC(638) Eden regions: 1099->0(1120)
[3109.327s][info][gc,heap        ] GC(638) Survivor regions: 115->108(152)
[3109.327s][info][gc,heap        ] GC(638) Old regions: 536->473
[3109.327s][info][gc,heap        ] GC(638) Humongous regions: 80->80
[3109.327s][info][gc,metaspace   ] GC(638) Metaspace: 28944K(29312K)->28944K(29312K) NonClass: 24066K(24256K)->24066K(24256K) Class: 4877K(5056K)->4877K(5056K)
[3109.327s][info][gc             ] GC(638) Pause Young (Mixed) (G1 Evacuation Pause) 3656M->1319M(4096M) 133.426ms
[3109.327s][info][gc,cpu         ] GC(638) User=0.79s Sys=0.00s Real=0.14s
....[3112.789s][info][gc,start       ] GC(639) Pause Young (Concurrent Start) (G1 Evacuation Pause)
[3112.789s][info][gc,task        ] GC(639) Using 6 workers of 6 for evacuation
[3112.906s][info][gc,phases      ] GC(639)   Pre Evacuate Collection Set: 0.36ms
[3112.906s][info][gc,phases      ] GC(639)   Merge Heap Roots: 0.50ms
[3112.906s][info][gc,phases      ] GC(639)   Evacuate Collection Set: 115.05ms
[3112.906s][info][gc,phases      ] GC(639)   Post Evacuate Collection Set: 0.86ms
[3112.906s][info][gc,phases      ] GC(639)   Other: 0.11ms
[3112.906s][info][gc,heap        ] GC(639) Eden regions: 1120->0(1118)
[3112.906s][info][gc,heap        ] GC(639) Survivor regions: 108->110(154)
[3112.906s][info][gc,heap        ] GC(639) Old regions: 473->505
[3112.906s][info][gc,heap        ] GC(639) Humongous regions: 80->80
[3112.906s][info][gc,metaspace   ] GC(639) Metaspace: 28944K(29312K)->28944K(29312K) NonClass: 24066K(24256K)->24066K(24256K) Class: 4877K(5056K)->4877K(5056K)
[3112.906s][info][gc             ] GC(639) Pause Young (Concurrent Start) (G1 Evacuation Pause) 3559M->1386M(4096M) 117.026ms
[3112.906s][info][gc             ] GC(640) Concurrent Mark Cycle
[3112.906s][info][gc,marking     ] GC(640) Concurrent Scan Root Regions
[3112.906s][info][gc,cpu         ] GC(639) User=0.69s Sys=0.00s Real=0.12s
[3113.051s][info][gc,marking     ] GC(640) Concurrent Scan Root Regions 144.930ms
[3113.051s][info][gc,marking     ] GC(640) Concurrent Mark
[3113.051s][info][gc,marking     ] GC(640) Concurrent Mark From Roots
[3113.051s][info][gc,task        ] GC(640) Using 2 workers of 2 for marking
.[3113.779s][info][gc,marking     ] GC(640) Concurrent Mark From Roots 727.695ms
[3113.779s][info][gc,marking     ] GC(640) Concurrent Preclean
[3113.779s][info][gc,marking     ] GC(640) Concurrent Preclean 0.165ms
[3113.780s][info][gc,start       ] GC(640) Pause Remark
[3113.786s][info][gc             ] GC(640) Pause Remark 1956M->1956M(4096M) 6.007ms
[3113.786s][info][gc,cpu         ] GC(640) User=0.03s Sys=0.00s Real=0.01s
[3113.789s][info][gc,marking     ] GC(640) Concurrent Mark 738.021ms
[3113.789s][info][gc,marking     ] GC(640) Concurrent Rebuild Remembered Sets and Scrub Regions
[3114.030s][info][gc,marking     ] GC(640) Concurrent Rebuild Remembered Sets and Scrub Regions 241.007ms
[3114.030s][info][gc,start       ] GC(640) Pause Cleanup
[3114.030s][info][gc             ] GC(640) Pause Cleanup 2110M->2110M(4096M) 0.115ms
[3114.030s][info][gc,cpu         ] GC(640) User=0.00s Sys=0.00s Real=0.00s
[3114.031s][info][gc,marking     ] GC(640) Concurrent Clear Claimed Marks
[3114.031s][info][gc,marking     ] GC(640) Concurrent Clear Claimed Marks 0.025ms
[3114.031s][info][gc,marking     ] GC(640) Concurrent Cleanup for Next Mark
[3114.035s][info][gc,marking     ] GC(640) Concurrent Cleanup for Next Mark 3.982ms
[3114.035s][info][gc             ] GC(640) Concurrent Mark Cycle 1128.464ms
...[3116.412s][info][gc,start       ] GC(641) Pause Young (Prepare Mixed) (G1 Evacuation Pause)
[3116.412s][info][gc,task        ] GC(641) Using 6 workers of 6 for evacuation
[3116.533s][info][gc,phases      ] GC(641)   Pre Evacuate Collection Set: 0.34ms
[3116.533s][info][gc,phases      ] GC(641)   Merge Heap Roots: 0.54ms
[3116.533s][info][gc,phases      ] GC(641)   Evacuate Collection Set: 118.85ms
[3116.533s][info][gc,phases      ] GC(641)   Post Evacuate Collection Set: 0.89ms
[3116.533s][info][gc,phases      ] GC(641)   Other: 0.09ms
[3116.533s][info][gc,heap        ] GC(641) Eden regions: 1118->0(1100)
[3116.533s][info][gc,heap        ] GC(641) Survivor regions: 110->114(154)
[3116.533s][info][gc,heap        ] GC(641) Old regions: 505->537
[3116.533s][info][gc,heap        ] GC(641) Humongous regions: 80->80
[3116.533s][info][gc,metaspace   ] GC(641) Metaspace: 28887K(29312K)->28887K(29312K) NonClass: 24019K(24256K)->24019K(24256K) Class: 4868K(5056K)->4868K(5056K)
[3116.533s][info][gc             ] GC(641) Pause Young (Prepare Mixed) (G1 Evacuation Pause) 3622M->1458M(4096M) 120.825ms
[3116.533s][info][gc,cpu         ] GC(641) User=0.72s Sys=0.00s Real=0.12s
...[3119.899s][info][gc,start       ] GC(642) Pause Young (Mixed) (G1 Evacuation Pause)
[3119.899s][info][gc,task        ] GC(642) Using 6 workers of 6 for evacuation
[3120.032s][info][gc,phases      ] GC(642)   Pre Evacuate Collection Set: 0.43ms
[3120.032s][info][gc,phases      ] GC(642)   Merge Heap Roots: 0.76ms
[3120.032s][info][gc,phases      ] GC(642)   Evacuate Collection Set: 130.64ms
[3120.032s][info][gc,phases      ] GC(642)   Post Evacuate Collection Set: 0.91ms
[3120.032s][info][gc,phases      ] GC(642)   Other: 0.09ms
[3120.032s][info][gc,heap        ] GC(642) Eden regions: 1100->0(1121)
[3120.032s][info][gc,heap        ] GC(642) Survivor regions: 114->107(152)
[3120.032s][info][gc,heap        ] GC(642) Old regions: 537->474
[3120.032s][info][gc,heap        ] GC(642) Humongous regions: 80->80
[3120.032s][info][gc,metaspace   ] GC(642) Metaspace: 28887K(29312K)->28887K(29312K) NonClass: 24019K(24256K)->24019K(24256K) Class: 4868K(5056K)->4868K(5056K)
[3120.032s][info][gc             ] GC(642) Pause Young (Mixed) (G1 Evacuation Pause) 3658M->1318M(4096M) 132.967ms
[3120.032s][info][gc,cpu         ] GC(642) User=0.79s Sys=0.00s Real=0.13s
....[3123.599s][info][gc,start       ] GC(643) Pause Young (Concurrent Start) (G1 Evacuation Pause)
[3123.600s][info][gc,task        ] GC(643) Using 6 workers of 6 for evacuation
[3123.725s][info][gc,phases      ] GC(643)   Pre Evacuate Collection Set: 0.35ms
[3123.725s][info][gc,phases      ] GC(643)   Merge Heap Roots: 0.54ms
[3123.725s][info][gc,phases      ] GC(643)   Evacuate Collection Set: 123.33ms
[3123.725s][info][gc,phases      ] GC(643)   Post Evacuate Collection Set: 0.87ms
[3123.725s][info][gc,phases      ] GC(643)   Other: 0.10ms
[3123.725s][info][gc,heap        ] GC(643) Eden regions: 1121->0(1113)
[3123.725s][info][gc,heap        ] GC(643) Survivor regions: 107->115(154)
[3123.725s][info][gc,heap        ] GC(643) Old regions: 474->506
[3123.725s][info][gc,heap        ] GC(643) Humongous regions: 80->80
[3123.725s][info][gc,metaspace   ] GC(643) Metaspace: 28887K(29312K)->28887K(29312K) NonClass: 24019K(24256K)->24019K(24256K) Class: 4868K(5056K)->4868K(5056K)
[3123.725s][info][gc             ] GC(643) Pause Young (Concurrent Start) (G1 Evacuation Pause) 3560M->1399M(4096M) 125.325ms
[3123.725s][info][gc             ] GC(644) Concurrent Mark Cycle
[3123.725s][info][gc,marking     ] GC(644) Concurrent Scan Root Regions
[3123.725s][info][gc,cpu         ] GC(643) User=0.74s Sys=0.00s Real=0.13s
[3123.913s][info][gc,marking     ] GC(644) Concurrent Scan Root Regions 188.532ms
[3123.913s][info][gc,marking     ] GC(644) Concurrent Mark
[3123.913s][info][gc,marking     ] GC(644) Concurrent Mark From Roots
[3123.913s][info][gc,task        ] GC(644) Using 2 workers of 2 for marking
.[3124.862s][info][gc,marking     ] GC(644) Concurrent Mark From Roots 948.761ms
[3124.862s][info][gc,marking     ] GC(644) Concurrent Preclean
[3124.864s][info][gc,marking     ] GC(644) Concurrent Preclean 1.288ms
[3124.864s][info][gc,start       ] GC(644) Pause Remark
[3124.871s][info][gc             ] GC(644) Pause Remark 2221M->2221M(4096M) 6.724ms
[3124.871s][info][gc,cpu         ] GC(644) User=0.03s Sys=0.00s Real=0.01s
[3124.871s][info][gc,marking     ] GC(644) Concurrent Mark 957.802ms
[3124.871s][info][gc,marking     ] GC(644) Concurrent Rebuild Remembered Sets and Scrub Regions
[3125.232s][info][gc,marking     ] GC(644) Concurrent Rebuild Remembered Sets and Scrub Regions 360.290ms
[3125.232s][info][gc,start       ] GC(644) Pause Cleanup
[3125.232s][info][gc             ] GC(644) Pause Cleanup 2428M->2428M(4096M) 0.109ms
[3125.232s][info][gc,cpu         ] GC(644) User=0.00s Sys=0.00s Real=0.00s
[3125.232s][info][gc,marking     ] GC(644) Concurrent Clear Claimed Marks
[3125.232s][info][gc,marking     ] GC(644) Concurrent Clear Claimed Marks 0.031ms
[3125.232s][info][gc,marking     ] GC(644) Concurrent Cleanup for Next Mark
[3125.236s][info][gc,marking     ] GC(644) Concurrent Cleanup for Next Mark 3.928ms
[3125.236s][info][gc             ] GC(644) Concurrent Mark Cycle 1511.123ms
..[3127.173s][info][gc,start       ] GC(645) Pause Young (Prepare Mixed) (G1 Evacuation Pause)
[3127.173s][info][gc,task        ] GC(645) Using 6 workers of 6 for evacuation
[3127.295s][info][gc,phases      ] GC(645)   Pre Evacuate Collection Set: 0.32ms
[3127.295s][info][gc,phases      ] GC(645)   Merge Heap Roots: 0.59ms
[3127.295s][info][gc,phases      ] GC(645)   Evacuate Collection Set: 120.00ms
[3127.295s][info][gc,phases      ] GC(645)   Post Evacuate Collection Set: 0.93ms
[3127.295s][info][gc,phases      ] GC(645)   Other: 0.09ms
[3127.295s][info][gc,heap        ] GC(645) Eden regions: 1113->0(1106)
[3127.295s][info][gc,heap        ] GC(645) Survivor regions: 115->111(154)
[3127.295s][info][gc,heap        ] GC(645) Old regions: 506->537
[3127.295s][info][gc,heap        ] GC(645) Humongous regions: 80->80
[3127.295s][info][gc,metaspace   ] GC(645) Metaspace: 28887K(29312K)->28887K(29312K) NonClass: 24019K(24256K)->24019K(24256K) Class: 4868K(5056K)->4868K(5056K)
[3127.295s][info][gc             ] GC(645) Pause Young (Prepare Mixed) (G1 Evacuation Pause) 3625M->1452M(4096M) 122.058ms
[3127.295s][info][gc,cpu         ] GC(645) User=0.71s Sys=0.00s Real=0.13s
....[3130.653s][info][gc,start       ] GC(646) Pause Young (Mixed) (G1 Evacuation Pause)
[3130.653s][info][gc,task        ] GC(646) Using 6 workers of 6 for evacuation
[3130.794s][info][gc,phases      ] GC(646)   Pre Evacuate Collection Set: 0.34ms
[3130.794s][info][gc,phases      ] GC(646)   Merge Heap Roots: 0.77ms
[3130.794s][info][gc,phases      ] GC(646)   Evacuate Collection Set: 138.87ms
[3130.794s][info][gc,phases      ] GC(646)   Post Evacuate Collection Set: 0.92ms
[3130.794s][info][gc,phases      ] GC(646)   Other: 0.09ms
[3130.794s][info][gc,heap        ] GC(646) Eden regions: 1106->0(1117)
[3130.794s][info][gc,heap        ] GC(646) Survivor regions: 111->111(153)
[3130.794s][info][gc,heap        ] GC(646) Old regions: 537->473
[3130.794s][info][gc,heap        ] GC(646) Humongous regions: 80->80
[3130.794s][info][gc,metaspace   ] GC(646) Metaspace: 28887K(29312K)->28887K(29312K) NonClass: 24019K(24256K)->24019K(24256K) Class: 4868K(5056K)->4868K(5056K)
[3130.794s][info][gc             ] GC(646) Pause Young (Mixed) (G1 Evacuation Pause) 3664M->1325M(4096M) 141.112ms
[3130.794s][info][gc,cpu         ] GC(646) User=0.84s Sys=0.00s Real=0.14s
...[3134.264s][info][gc,start       ] GC(647) Pause Young (Concurrent Start) (G1 Evacuation Pause)
[3134.264s][info][gc,task        ] GC(647) Using 6 workers of 6 for evacuation
[3134.379s][info][gc,phases      ] GC(647)   Pre Evacuate Collection Set: 0.38ms
[3134.379s][info][gc,phases      ] GC(647)   Merge Heap Roots: 0.47ms
[3134.379s][info][gc,phases      ] GC(647)   Evacuate Collection Set: 113.57ms
[3134.379s][info][gc,phases      ] GC(647)   Post Evacuate Collection Set: 0.86ms
[3134.379s][info][gc,phases      ] GC(647)   Other: 0.11ms
[3134.379s][info][gc,heap        ] GC(647) Eden regions: 1117->0(1120)
[3134.379s][info][gc,heap        ] GC(647) Survivor regions: 111->108(154)
[3134.380s][info][gc,heap        ] GC(647) Old regions: 473->505
[3134.380s][info][gc,heap        ] GC(647) Humongous regions: 80->80
[3134.380s][info][gc,metaspace   ] GC(647) Metaspace: 28887K(29312K)->28887K(29312K) NonClass: 24019K(24256K)->24019K(24256K) Class: 4868K(5056K)->4868K(5056K)
[3134.380s][info][gc             ] GC(647) Pause Young (Concurrent Start) (G1 Evacuation Pause) 3559M->1384M(4096M) 115.510ms
[3134.380s][info][gc             ] GC(648) Concurrent Mark Cycle
[3134.380s][info][gc,marking     ] GC(648) Concurrent Scan Root Regions
[3134.380s][info][gc,cpu         ] GC(647) User=0.69s Sys=0.00s Real=0.12s
.[3134.529s][info][gc,marking     ] GC(648) Concurrent Scan Root Regions 149.825ms
[3134.529s][info][gc,marking     ] GC(648) Concurrent Mark
[3134.529s][info][gc,marking     ] GC(648) Concurrent Mark From Roots
[3134.529s][info][gc,task        ] GC(648) Using 2 workers of 2 for marking
[3135.258s][info][gc,marking     ] GC(648) Concurrent Mark From Roots 728.827ms
[3135.258s][info][gc,marking     ] GC(648) Concurrent Preclean
[3135.258s][info][gc,marking     ] GC(648) Concurrent Preclean 0.170ms
[3135.259s][info][gc,start       ] GC(648) Pause Remark
[3135.262s][info][gc             ] GC(648) Pause Remark 1954M->1954M(4096M) 3.705ms
[3135.262s][info][gc,cpu         ] GC(648) User=0.02s Sys=0.00s Real=0.00s
[3135.262s][info][gc,marking     ] GC(648) Concurrent Mark 732.965ms
[3135.262s][info][gc,marking     ] GC(648) Concurrent Rebuild Remembered Sets and Scrub Regions
.[3135.592s][info][gc,marking     ] GC(648) Concurrent Rebuild Remembered Sets and Scrub Regions 329.888ms
[3135.592s][info][gc,start       ] GC(648) Pause Cleanup
[3135.593s][info][gc             ] GC(648) Pause Cleanup 2187M->2187M(4096M) 0.107ms
[3135.593s][info][gc,cpu         ] GC(648) User=0.00s Sys=0.00s Real=0.00s
[3135.593s][info][gc,marking     ] GC(648) Concurrent Clear Claimed Marks
[3135.593s][info][gc,marking     ] GC(648) Concurrent Clear Claimed Marks 0.031ms
[3135.593s][info][gc,marking     ] GC(648) Concurrent Cleanup for Next Mark
[3135.598s][info][gc,marking     ] GC(648) Concurrent Cleanup for Next Mark 5.042ms
[3135.598s][info][gc             ] GC(648) Concurrent Mark Cycle 1218.275ms
..[3137.861s][info][gc,start       ] GC(649) Pause Young (Prepare Mixed) (G1 Evacuation Pause)
[3137.861s][info][gc,task        ] GC(649) Using 6 workers of 6 for evacuation
[3137.976s][info][gc,phases      ] GC(649)   Pre Evacuate Collection Set: 0.35ms
[3137.976s][info][gc,phases      ] GC(649)   Merge Heap Roots: 0.53ms
[3137.976s][info][gc,phases      ] GC(649)   Evacuate Collection Set: 112.90ms
[3137.976s][info][gc,phases      ] GC(649)   Post Evacuate Collection Set: 0.94ms
[3137.976s][info][gc,phases      ] GC(649)   Other: 0.09ms
[3137.976s][info][gc,heap        ] GC(649) Eden regions: 1120->0(1115)
[3137.976s][info][gc,heap        ] GC(649) Survivor regions: 108->107(154)
[3137.976s][info][gc,heap        ] GC(649) Old regions: 505->536
[3137.976s][info][gc,heap        ] GC(649) Humongous regions: 80->80
[3137.976s][info][gc,metaspace   ] GC(649) Metaspace: 28887K(29312K)->28887K(29312K) NonClass: 24019K(24256K)->24019K(24256K) Class: 4868K(5056K)->4868K(5056K)
[3137.976s][info][gc             ] GC(649) Pause Young (Prepare Mixed) (G1 Evacuation Pause) 3624M->1444M(4096M) 114.935ms
[3137.976s][info][gc,cpu         ] GC(649) User=0.68s Sys=0.00s Real=0.12s
....[3141.475s][info][gc,start       ] GC(650) Pause Young (Mixed) (G1 Evacuation Pause)
[3141.475s][info][gc,task        ] GC(650) Using 6 workers of 6 for evacuation
[3141.612s][info][gc,phases      ] GC(650)   Pre Evacuate Collection Set: 0.35ms
[3141.612s][info][gc,phases      ] GC(650)   Merge Heap Roots: 0.69ms
[3141.612s][info][gc,phases      ] GC(650)   Evacuate Collection Set: 134.75ms
[3141.612s][info][gc,phases      ] GC(650)   Post Evacuate Collection Set: 0.91ms
[3141.612s][info][gc,phases      ] GC(650)   Other: 0.09ms
[3141.612s][info][gc,heap        ] GC(650) Eden regions: 1115->0(1116)
[3141.612s][info][gc,heap        ] GC(650) Survivor regions: 107->112(153)
[3141.612s][info][gc,heap        ] GC(650) Old regions: 536->473
[3141.612s][info][gc,heap        ] GC(650) Humongous regions: 80->80
[3141.612s][info][gc,metaspace   ] GC(650) Metaspace: 28887K(29312K)->28887K(29312K) NonClass: 24019K(24256K)->24019K(24256K) Class: 4868K(5056K)->4868K(5056K)
[3141.612s][info][gc             ] GC(650) Pause Young (Mixed) (G1 Evacuation Pause) 3674M->1326M(4096M) 136.908ms
[3141.612s][info][gc,cpu         ] GC(650) User=0.81s Sys=0.00s Real=0.13s
...[3145.056s][info][gc,start       ] GC(651) Pause Young (Concurrent Start) (G1 Evacuation Pause)
[3145.056s][info][gc,task        ] GC(651) Using 6 workers of 6 for evacuation
[3145.176s][info][gc,phases      ] GC(651)   Pre Evacuate Collection Set: 0.43ms
[3145.176s][info][gc,phases      ] GC(651)   Merge Heap Roots: 0.55ms
[3145.176s][info][gc,phases      ] GC(651)   Evacuate Collection Set: 118.26ms
[3145.176s][info][gc,phases      ] GC(651)   Post Evacuate Collection Set: 0.87ms
[3145.176s][info][gc,phases      ] GC(651)   Other: 0.13ms
[3145.176s][info][gc,heap        ] GC(651) Eden regions: 1116->0(1116)
[3145.176s][info][gc,heap        ] GC(651) Survivor regions: 112->112(154)
[3145.176s][info][gc,heap        ] GC(651) Old regions: 473->505
[3145.176s][info][gc,heap        ] GC(651) Humongous regions: 80->80
[3145.176s][info][gc,metaspace   ] GC(651) Metaspace: 28887K(29312K)->28887K(29312K) NonClass: 24019K(24256K)->24019K(24256K) Class: 4868K(5056K)->4868K(5056K)
[3145.176s][info][gc             ] GC(651) Pause Young (Concurrent Start) (G1 Evacuation Pause) 3558M->1391M(4096M) 120.384ms
[3145.176s][info][gc             ] GC(652) Concurrent Mark Cycle
[3145.176s][info][gc,marking     ] GC(652) Concurrent Scan Root Regions
[3145.176s][info][gc,cpu         ] GC(651) User=0.71s Sys=0.00s Real=0.12s
[3145.348s][info][gc,marking     ] GC(652) Concurrent Scan Root Regions 171.459ms
[3145.348s][info][gc,marking     ] GC(652) Concurrent Mark
[3145.348s][info][gc,marking     ] GC(652) Concurrent Mark From Roots
[3145.348s][info][gc,task        ] GC(652) Using 2 workers of 2 for marking
.[3146.122s][info][gc,marking     ] GC(652) Concurrent Mark From Roots 773.815ms
[3146.122s][info][gc,marking     ] GC(652) Concurrent Preclean
[3146.122s][info][gc,marking     ] GC(652) Concurrent Preclean 0.714ms
[3146.122s][info][gc,start       ] GC(652) Pause Remark
[3146.129s][info][gc             ] GC(652) Pause Remark 2056M->2056M(4096M) 6.325ms
[3146.129s][info][gc,cpu         ] GC(652) User=0.04s Sys=0.00s Real=0.01s
[3146.129s][info][gc,marking     ] GC(652) Concurrent Mark 781.116ms
[3146.129s][info][gc,marking     ] GC(652) Concurrent Rebuild Remembered Sets and Scrub Regions
.[3146.467s][info][gc,marking     ] GC(652) Concurrent Rebuild Remembered Sets and Scrub Regions 337.980ms
[3146.467s][info][gc,start       ] GC(652) Pause Cleanup
[3146.467s][info][gc             ] GC(652) Pause Cleanup 2284M->2284M(4096M) 0.109ms
[3146.467s][info][gc,cpu         ] GC(652) User=0.00s Sys=0.00s Real=0.00s
[3146.467s][info][gc,marking     ] GC(652) Concurrent Clear Claimed Marks
[3146.467s][info][gc,marking     ] GC(652) Concurrent Clear Claimed Marks 0.026ms
[3146.467s][info][gc,marking     ] GC(652) Concurrent Cleanup for Next Mark
[3146.470s][info][gc,marking     ] GC(652) Concurrent Cleanup for Next Mark 3.184ms
[3146.470s][info][gc             ] GC(652) Concurrent Mark Cycle 1294.200ms
..[3148.585s][info][gc,start       ] GC(653) Pause Young (Prepare Mixed) (G1 Evacuation Pause)
[3148.585s][info][gc,task        ] GC(653) Using 6 workers of 6 for evacuation
[3148.704s][info][gc,phases      ] GC(653)   Pre Evacuate Collection Set: 0.29ms
[3148.704s][info][gc,phases      ] GC(653)   Merge Heap Roots: 0.53ms
[3148.704s][info][gc,phases      ] GC(653)   Evacuate Collection Set: 116.92ms
[3148.704s][info][gc,phases      ] GC(653)   Post Evacuate Collection Set: 0.90ms
[3148.704s][info][gc,phases      ] GC(653)   Other: 0.09ms
[3148.704s][info][gc,heap        ] GC(653) Eden regions: 1116->0(1108)
[3148.704s][info][gc,heap        ] GC(653) Survivor regions: 112->110(154)
[3148.704s][info][gc,heap        ] GC(653) Old regions: 505->537
[3148.704s][info][gc,heap        ] GC(653) Humongous regions: 80->80
[3148.704s][info][gc,metaspace   ] GC(653) Metaspace: 28887K(29312K)->28887K(29312K) NonClass: 24019K(24256K)->24019K(24256K) Class: 4868K(5056K)->4868K(5056K)
[3148.704s][info][gc             ] GC(653) Pause Young (Prepare Mixed) (G1 Evacuation Pause) 3623M->1452M(4096M) 118.870ms
[3148.704s][info][gc,cpu         ] GC(653) User=0.71s Sys=0.00s Real=0.11s
... (rIR:aIR:PR = 5258:5258:5258) (tPR = 78413) [OK] 
  3151s: Performance info:
         Transaction,    Success,    Partial,     Failed,   Receipts, AvgBarcode, 
             Overall,     317636,          0,          0,     301740,      59.48, 
         Response times:
             Request,    Success,    Partial,     Failed,   SkipFail,     Probes,    Samples,      min,      p50,      p90,      p95,      p99,      max, 
       TotalPurchase,     301740,          0,          0,          0,     296221,     331217,      300,     4100,     8500,    21000,    67000,   199000,
     InStorePurchase,     158879,          0,          0,          0,     156033,     174222,      300,     4000,     8400,    19300,    64000,   199000,
      OnlinePurchase,     111139,          0,          0,          0,     109298,     122150,      300,     4400,     8900,    23000,    72000,   199000,
        InstPurchase,      31722,          0,          0,          0,      30890,      34845,      400,     3300,     7800,    17500,    62000,   199000,
          AssocOfCat,        316,          0,          0,          0,        258,        378,    24000,    34000,    57000,    65050,   159300,   247000,
      AssocOfProduct,       3175,          0,          0,          0,       2913,       3444,     1200,     4900,     9300,    19550,    81100,   149000,
      BusinessReport,        797,          0,          0,          0,        670,        867,    25000,    38000,    64000,    86600,   174960,   249000,
          CustBuyBeh,       3180,          0,          0,          0,       2905,       3377,      800,     4800,     9720,    26000,    76880,   144000,
       ProductReturn,       8428,          0,          0,          0,       8048,       9216,      200,     3300,     7830,    18700,    59000,   151000,

  3151s: (39%)   IR =   5396 [3152.205s][info][gc,start       ] GC(654) Pause Young (Mixed) (G1 Evacuation Pause)
[3152.205s][info][gc,task        ] GC(654) Using 6 workers of 6 for evacuation
[3152.342s][info][gc,phases      ] GC(654)   Pre Evacuate Collection Set: 0.34ms
[3152.342s][info][gc,phases      ] GC(654)   Merge Heap Roots: 0.77ms
[3152.342s][info][gc,phases      ] GC(654)   Evacuate Collection Set: 134.44ms
[3152.342s][info][gc,phases      ] GC(654)   Post Evacuate Collection Set: 1.01ms
[3152.342s][info][gc,phases      ] GC(654)   Other: 0.10ms
[3152.342s][info][gc,heap        ] GC(654) Eden regions: 1108->0(1119)
[3152.342s][info][gc,heap        ] GC(654) Survivor regions: 110->109(153)
[3152.342s][info][gc,heap        ] GC(654) Old regions: 537->473
[3152.342s][info][gc,heap        ] GC(654) Humongous regions: 80->80
[3152.342s][info][gc,metaspace   ] GC(654) Metaspace: 28887K(29312K)->28887K(29312K) NonClass: 24019K(24256K)->24019K(24256K) Class: 4868K(5056K)->4868K(5056K)
[3152.342s][info][gc             ] GC(654) Pause Young (Mixed) (G1 Evacuation Pause) 3668M->1322M(4096M) 136.803ms
[3152.342s][info][gc,cpu         ] GC(654) User=0.81s Sys=0.00s Real=0.13s
....|[3155.724s][info][gc,start       ] GC(655) Pause Young (Concurrent Start) (G1 Evacuation Pause)
[3155.724s][info][gc,task        ] GC(655) Using 6 workers of 6 for evacuation
[3155.839s][info][gc,phases      ] GC(655)   Pre Evacuate Collection Set: 0.34ms
[3155.839s][info][gc,phases      ] GC(655)   Merge Heap Roots: 0.47ms
[3155.839s][info][gc,phases      ] GC(655)   Evacuate Collection Set: 113.12ms
[3155.839s][info][gc,phases      ] GC(655)   Post Evacuate Collection Set: 0.93ms
[3155.839s][info][gc,phases      ] GC(655)   Other: 0.10ms
[3155.839s][info][gc,heap        ] GC(655) Eden regions: 1119->0(1120)
[3155.839s][info][gc,heap        ] GC(655) Survivor regions: 109->108(154)
[3155.839s][info][gc,heap        ] GC(655) Old regions: 473->504
[3155.839s][info][gc,heap        ] GC(655) Humongous regions: 80->80
[3155.839s][info][gc,metaspace   ] GC(655) Metaspace: 28887K(29312K)->28887K(29312K) NonClass: 24019K(24256K)->24019K(24256K) Class: 4868K(5056K)->4868K(5056K)
[3155.839s][info][gc             ] GC(655) Pause Young (Concurrent Start) (G1 Evacuation Pause) 3560M->1382M(4096M) 115.099ms
[3155.839s][info][gc             ] GC(656) Concurrent Mark Cycle
[3155.839s][info][gc,marking     ] GC(656) Concurrent Scan Root Regions
[3155.839s][info][gc,cpu         ] GC(655) User=0.68s Sys=0.00s Real=0.12s
[3156.006s][info][gc,marking     ] GC(656) Concurrent Scan Root Regions 167.496ms
[3156.006s][info][gc,marking     ] GC(656) Concurrent Mark
[3156.006s][info][gc,marking     ] GC(656) Concurrent Mark From Roots
[3156.006s][info][gc,task        ] GC(656) Using 2 workers of 2 for marking
.[3156.951s][info][gc,marking     ] GC(656) Concurrent Mark From Roots 944.496ms
[3156.951s][info][gc,marking     ] GC(656) Concurrent Preclean
[3156.951s][info][gc,marking     ] GC(656) Concurrent Preclean 0.143ms
[3156.954s][info][gc,start       ] GC(656) Pause Remark
[3156.959s][info][gc             ] GC(656) Pause Remark 2140M->2140M(4096M) 5.203ms
[3156.959s][info][gc,cpu         ] GC(656) User=0.02s Sys=0.00s Real=0.01s
[3156.959s][info][gc,marking     ] GC(656) Concurrent Mark 952.870ms
[3156.959s][info][gc,marking     ] GC(656) Concurrent Rebuild Remembered Sets and Scrub Regions
[3157.254s][info][gc,marking     ] GC(656) Concurrent Rebuild Remembered Sets and Scrub Regions 294.604ms
[3157.254s][info][gc,start       ] GC(656) Pause Cleanup
[3157.254s][info][gc             ] GC(656) Pause Cleanup 2356M->2356M(4096M) 0.123ms
[3157.255s][info][gc,cpu         ] GC(656) User=0.00s Sys=0.00s Real=0.01s
[3157.255s][info][gc,marking     ] GC(656) Concurrent Clear Claimed Marks
[3157.255s][info][gc,marking     ] GC(656) Concurrent Clear Claimed Marks 0.028ms
[3157.255s][info][gc,marking     ] GC(656) Concurrent Cleanup for Next Mark
[3157.260s][info][gc,marking     ] GC(656) Concurrent Cleanup for Next Mark 5.518ms
[3157.261s][info][gc             ] GC(656) Concurrent Mark Cycle 1421.631ms
..[3159.204s][info][gc,start       ] GC(657) Pause Young (Prepare Mixed) (G1 Evacuation Pause)
[3159.204s][info][gc,task        ] GC(657) Using 6 workers of 6 for evacuation
[3159.326s][info][gc,phases      ] GC(657)   Pre Evacuate Collection Set: 0.33ms
[3159.326s][info][gc,phases      ] GC(657)   Merge Heap Roots: 0.56ms
[3159.326s][info][gc,phases      ] GC(657)   Evacuate Collection Set: 119.67ms
[3159.326s][info][gc,phases      ] GC(657)   Post Evacuate Collection Set: 0.90ms
[3159.326s][info][gc,phases      ] GC(657)   Other: 0.08ms
[3159.326s][info][gc,heap        ] GC(657) Eden regions: 1120->0(1105)
[3159.326s][info][gc,heap        ] GC(657) Survivor regions: 108->112(154)
[3159.326s][info][gc,heap        ] GC(657) Old regions: 504->536
[3159.326s][info][gc,heap        ] GC(657) Humongous regions: 80->80
[3159.326s][info][gc,metaspace   ] GC(657) Metaspace: 28887K(29312K)->28887K(29312K) NonClass: 24019K(24256K)->24019K(24256K) Class: 4868K(5056K)->4868K(5056K)
[3159.326s][info][gc             ] GC(657) Pause Young (Prepare Mixed) (G1 Evacuation Pause) 3622M->1453M(4096M) 121.678ms
[3159.326s][info][gc,cpu         ] GC(657) User=0.73s Sys=0.00s Real=0.13s
....[3162.749s][info][gc,start       ] GC(658) Pause Young (Mixed) (G1 Evacuation Pause)
[3162.749s][info][gc,task        ] GC(658) Using 6 workers of 6 for evacuation
[3162.884s][info][gc,phases      ] GC(658)   Pre Evacuate Collection Set: 0.40ms
[3162.884s][info][gc,phases      ] GC(658)   Merge Heap Roots: 0.79ms
[3162.884s][info][gc,phases      ] GC(658)   Evacuate Collection Set: 132.00ms
[3162.884s][info][gc,phases      ] GC(658)   Post Evacuate Collection Set: 0.95ms
[3162.884s][info][gc,phases      ] GC(658)   Other: 0.09ms
[3162.884s][info][gc,heap        ] GC(658) Eden regions: 1105->0(1118)
[3162.884s][info][gc,heap        ] GC(658) Survivor regions: 112->110(153)
[3162.884s][info][gc,heap        ] GC(658) Old regions: 536->472
[3162.884s][info][gc,heap        ] GC(658) Humongous regions: 80->80
[3162.884s][info][gc,metaspace   ] GC(658) Metaspace: 28887K(29312K)->28887K(29312K) NonClass: 24019K(24256K)->24019K(24256K) Class: 4868K(5056K)->4868K(5056K)
[3162.884s][info][gc             ] GC(658) Pause Young (Mixed) (G1 Evacuation Pause) 3663M->1321M(4096M) 134.362ms
[3162.884s][info][gc,cpu         ] GC(658) User=0.80s Sys=0.00s Real=0.13s
...[3166.206s][info][gc,start       ] GC(659) Pause Young (Concurrent Start) (G1 Evacuation Pause)
[3166.207s][info][gc,task        ] GC(659) Using 6 workers of 6 for evacuation
[3166.326s][info][gc,phases      ] GC(659)   Pre Evacuate Collection Set: 0.40ms
[3166.327s][info][gc,phases      ] GC(659)   Merge Heap Roots: 0.49ms
[3166.327s][info][gc,phases      ] GC(659)   Evacuate Collection Set: 118.07ms
[3166.327s][info][gc,phases      ] GC(659)   Post Evacuate Collection Set: 0.88ms
[3166.327s][info][gc,phases      ] GC(659)   Other: 0.12ms
[3166.327s][info][gc,heap        ] GC(659) Eden regions: 1118->0(1117)
[3166.327s][info][gc,heap        ] GC(659) Survivor regions: 110->111(154)
[3166.327s][info][gc,heap        ] GC(659) Old regions: 472->504
[3166.327s][info][gc,heap        ] GC(659) Humongous regions: 80->80
[3166.327s][info][gc,metaspace   ] GC(659) Metaspace: 28887K(29312K)->28887K(29312K) NonClass: 24019K(24256K)->24019K(24256K) Class: 4868K(5056K)->4868K(5056K)
[3166.327s][info][gc             ] GC(659) Pause Young (Concurrent Start) (G1 Evacuation Pause) 3557M->1386M(4096M) 120.091ms
[3166.327s][info][gc             ] GC(660) Concurrent Mark Cycle
[3166.327s][info][gc,marking     ] GC(660) Concurrent Scan Root Regions
[3166.327s][info][gc,cpu         ] GC(659) User=0.71s Sys=0.00s Real=0.12s
[3166.493s][info][gc,marking     ] GC(660) Concurrent Scan Root Regions 166.205ms
[3166.493s][info][gc,marking     ] GC(660) Concurrent Mark
[3166.493s][info][gc,marking     ] GC(660) Concurrent Mark From Roots
[3166.493s][info][gc,task        ] GC(660) Using 2 workers of 2 for marking
.[3167.168s][info][gc,marking     ] GC(660) Concurrent Mark From Roots 675.192ms
[3167.168s][info][gc,marking     ] GC(660) Concurrent Preclean
[3167.169s][info][gc,marking     ] GC(660) Concurrent Preclean 0.498ms
[3167.169s][info][gc,start       ] GC(660) Pause Remark
[3167.172s][info][gc             ] GC(660) Pause Remark 2001M->2001M(4096M) 2.857ms
[3167.172s][info][gc,cpu         ] GC(660) User=0.02s Sys=0.00s Real=0.00s
[3167.172s][info][gc,marking     ] GC(660) Concurrent Mark 678.810ms
[3167.172s][info][gc,marking     ] GC(660) Concurrent Rebuild Remembered Sets and Scrub Regions
[3167.420s][info][gc,marking     ] GC(660) Concurrent Rebuild Remembered Sets and Scrub Regions 248.397ms
[3167.421s][info][gc,start       ] GC(660) Pause Cleanup
[3167.421s][info][gc             ] GC(660) Pause Cleanup 2176M->2176M(4096M) 0.122ms
[3167.421s][info][gc,cpu         ] GC(660) User=0.00s Sys=0.00s Real=0.00s
[3167.421s][info][gc,marking     ] GC(660) Concurrent Clear Claimed Marks
[3167.421s][info][gc,marking     ] GC(660) Concurrent Clear Claimed Marks 0.029ms
[3167.421s][info][gc,marking     ] GC(660) Concurrent Cleanup for Next Mark
[3167.427s][info][gc,marking     ] GC(660) Concurrent Cleanup for Next Mark 5.337ms
[3167.427s][info][gc             ] GC(660) Concurrent Mark Cycle 1100.106ms
...[3169.740s][info][gc,start       ] GC(661) Pause Young (Prepare Mixed) (G1 Evacuation Pause)
[3169.740s][info][gc,task        ] GC(661) Using 6 workers of 6 for evacuation
[3169.858s][info][gc,phases      ] GC(661)   Pre Evacuate Collection Set: 0.31ms
[3169.858s][info][gc,phases      ] GC(661)   Merge Heap Roots: 0.55ms
[3169.858s][info][gc,phases      ] GC(661)   Evacuate Collection Set: 116.13ms
[3169.858s][info][gc,phases      ] GC(661)   Post Evacuate Collection Set: 0.93ms
[3169.858s][info][gc,phases      ] GC(661)   Other: 0.09ms
[3169.858s][info][gc,heap        ] GC(661) Eden regions: 1117->0(1111)
[3169.858s][info][gc,heap        ] GC(661) Survivor regions: 111->109(154)
[3169.858s][info][gc,heap        ] GC(661) Old regions: 504->536
[3169.858s][info][gc,heap        ] GC(661) Humongous regions: 80->80
[3169.858s][info][gc,metaspace   ] GC(661) Metaspace: 28887K(29312K)->28887K(29312K) NonClass: 24019K(24256K)->24019K(24256K) Class: 4868K(5056K)->4868K(5056K)
[3169.858s][info][gc             ] GC(661) Pause Young (Prepare Mixed) (G1 Evacuation Pause) 3620M->1447M(4096M) 118.114ms
[3169.858s][info][gc,cpu         ] GC(661) User=0.70s Sys=0.00s Real=0.12s
...[3173.204s][info][gc,start       ] GC(662) Pause Young (Mixed) (G1 Evacuation Pause)
[3173.204s][info][gc,task        ] GC(662) Using 6 workers of 6 for evacuation
[3173.340s][info][gc,phases      ] GC(662)   Pre Evacuate Collection Set: 0.35ms
[3173.340s][info][gc,phases      ] GC(662)   Merge Heap Roots: 0.69ms
[3173.340s][info][gc,phases      ] GC(662)   Evacuate Collection Set: 133.92ms
[3173.340s][info][gc,phases      ] GC(662)   Post Evacuate Collection Set: 0.90ms
[3173.340s][info][gc,phases      ] GC(662)   Other: 0.09ms
[3173.340s][info][gc,heap        ] GC(662) Eden regions: 1111->0(1115)
[3173.340s][info][gc,heap        ] GC(662) Survivor regions: 109->113(153)
[3173.340s][info][gc,heap        ] GC(662) Old regions: 536->471
[3173.340s][info][gc,heap        ] GC(662) Humongous regions: 80->80
[3173.340s][info][gc,metaspace   ] GC(662) Metaspace: 28887K(29312K)->28887K(29312K) NonClass: 24019K(24256K)->24019K(24256K) Class: 4868K(5056K)->4868K(5056K)
[3173.340s][info][gc             ] GC(662) Pause Young (Mixed) (G1 Evacuation Pause) 3669M->1325M(4096M) 136.063ms
[3173.340s][info][gc,cpu         ] GC(662) User=0.81s Sys=0.00s Real=0.14s
....[3176.703s][info][gc,start       ] GC(663) Pause Young (Concurrent Start) (G1 Evacuation Pause)
[3176.703s][info][gc,task        ] GC(663) Using 6 workers of 6 for evacuation
[3176.818s][info][gc,phases      ] GC(663)   Pre Evacuate Collection Set: 0.40ms
[3176.818s][info][gc,phases      ] GC(663)   Merge Heap Roots: 0.47ms
[3176.818s][info][gc,phases      ] GC(663)   Evacuate Collection Set: 112.77ms
[3176.818s][info][gc,phases      ] GC(663)   Post Evacuate Collection Set: 0.88ms
[3176.818s][info][gc,phases      ] GC(663)   Other: 0.10ms
[3176.818s][info][gc,heap        ] GC(663) Eden regions: 1115->0(1121)
[3176.818s][info][gc,heap        ] GC(663) Survivor regions: 113->107(154)
[3176.818s][info][gc,heap        ] GC(663) Old regions: 471->503
[3176.818s][info][gc,heap        ] GC(663) Humongous regions: 80->80
[3176.818s][info][gc,metaspace   ] GC(663) Metaspace: 28887K(29312K)->28887K(29312K) NonClass: 24019K(24256K)->24019K(24256K) Class: 4868K(5056K)->4868K(5056K)
[3176.818s][info][gc             ] GC(663) Pause Young (Concurrent Start) (G1 Evacuation Pause) 3555M->1378M(4096M) 114.772ms
[3176.818s][info][gc             ] GC(664) Concurrent Mark Cycle
[3176.818s][info][gc,marking     ] GC(664) Concurrent Scan Root Regions
[3176.818s][info][gc,cpu         ] GC(663) User=0.69s Sys=0.00s Real=0.12s
[3177.010s][info][gc,marking     ] GC(664) Concurrent Scan Root Regions 192.197ms
[3177.010s][info][gc,marking     ] GC(664) Concurrent Mark
[3177.010s][info][gc,marking     ] GC(664) Concurrent Mark From Roots
[3177.010s][info][gc,task        ] GC(664) Using 2 workers of 2 for marking
.[3177.664s][info][gc,marking     ] GC(664) Concurrent Mark From Roots 654.052ms
[3177.664s][info][gc,marking     ] GC(664) Concurrent Preclean
[3177.664s][info][gc,marking     ] GC(664) Concurrent Preclean 0.158ms
[3177.665s][info][gc,start       ] GC(664) Pause Remark
[3177.669s][info][gc             ] GC(664) Pause Remark 1982M->1982M(4096M) 4.767ms
[3177.669s][info][gc,cpu         ] GC(664) User=0.03s Sys=0.00s Real=0.00s
[3177.669s][info][gc,marking     ] GC(664) Concurrent Mark 659.236ms
[3177.669s][info][gc,marking     ] GC(664) Concurrent Rebuild Remembered Sets and Scrub Regions
[3177.918s][info][gc,marking     ] GC(664) Concurrent Rebuild Remembered Sets and Scrub Regions 248.255ms
[3177.919s][info][gc,start       ] GC(664) Pause Cleanup
[3177.919s][info][gc             ] GC(664) Pause Cleanup 2152M->2152M(4096M) 0.124ms
[3177.919s][info][gc,cpu         ] GC(664) User=0.00s Sys=0.00s Real=0.00s
[3177.919s][info][gc,marking     ] GC(664) Concurrent Clear Claimed Marks
[3177.919s][info][gc,marking     ] GC(664) Concurrent Clear Claimed Marks 0.032ms
[3177.919s][info][gc,marking     ] GC(664) Concurrent Cleanup for Next Mark
[3177.926s][info][gc,marking     ] GC(664) Concurrent Cleanup for Next Mark 6.801ms
[3177.926s][info][gc             ] GC(664) Concurrent Mark Cycle 1108.114ms
..[3180.206s][info][gc,start       ] GC(665) Pause Young (Prepare Mixed) (G1 Evacuation Pause)
[3180.206s][info][gc,task        ] GC(665) Using 6 workers of 6 for evacuation
[3180.325s][info][gc,phases      ] GC(665)   Pre Evacuate Collection Set: 0.35ms
[3180.325s][info][gc,phases      ] GC(665)   Merge Heap Roots: 0.54ms
[3180.325s][info][gc,phases      ] GC(665)   Evacuate Collection Set: 117.20ms
[3180.325s][info][gc,phases      ] GC(665)   Post Evacuate Collection Set: 0.91ms
[3180.325s][info][gc,phases      ] GC(665)   Other: 0.07ms
[3180.325s][info][gc,heap        ] GC(665) Eden regions: 1121->0(1108)
[3180.325s][info][gc,heap        ] GC(665) Survivor regions: 107->111(154)
[3180.325s][info][gc,heap        ] GC(665) Old regions: 503->535
[3180.325s][info][gc,heap        ] GC(665) Humongous regions: 80->80
[3180.325s][info][gc,metaspace   ] GC(665) Metaspace: 28887K(29312K)->28887K(29312K) NonClass: 24019K(24256K)->24019K(24256K) Class: 4868K(5056K)->4868K(5056K)
[3180.325s][info][gc             ] GC(665) Pause Young (Prepare Mixed) (G1 Evacuation Pause) 3620M->1450M(4096M) 119.208ms
[3180.325s][info][gc,cpu         ] GC(665) User=0.71s Sys=0.00s Real=0.12s
....[3183.666s][info][gc,start       ] GC(666) Pause Young (Mixed) (G1 Evacuation Pause)
[3183.666s][info][gc,task        ] GC(666) Using 6 workers of 6 for evacuation
[3183.799s][info][gc,phases      ] GC(666)   Pre Evacuate Collection Set: 0.38ms
[3183.799s][info][gc,phases      ] GC(666)   Merge Heap Roots: 0.68ms
[3183.799s][info][gc,phases      ] GC(666)   Evacuate Collection Set: 130.90ms
[3183.799s][info][gc,phases      ] GC(666)   Post Evacuate Collection Set: 0.92ms
[3183.799s][info][gc,phases      ] GC(666)   Other: 0.08ms
[3183.799s][info][gc,heap        ] GC(666) Eden regions: 1108->0(1118)
[3183.799s][info][gc,heap        ] GC(666) Survivor regions: 111->110(153)
[3183.799s][info][gc,heap        ] GC(666) Old regions: 535->471
[3183.799s][info][gc,heap        ] GC(666) Humongous regions: 80->80
[3183.799s][info][gc,metaspace   ] GC(666) Metaspace: 28887K(29312K)->28887K(29312K) NonClass: 24019K(24256K)->24019K(24256K) Class: 4868K(5056K)->4868K(5056K)
[3183.799s][info][gc             ] GC(666) Pause Young (Mixed) (G1 Evacuation Pause) 3666M->1319M(4096M) 133.127ms
[3183.799s][info][gc,cpu         ] GC(666) User=0.80s Sys=0.00s Real=0.13s
...[3187.167s][info][gc,start       ] GC(667) Pause Young (Concurrent Start) (G1 Evacuation Pause)
[3187.167s][info][gc,task        ] GC(667) Using 6 workers of 6 for evacuation
[3187.283s][info][gc,phases      ] GC(667)   Pre Evacuate Collection Set: 0.37ms
[3187.283s][info][gc,phases      ] GC(667)   Merge Heap Roots: 0.48ms
[3187.283s][info][gc,phases      ] GC(667)   Evacuate Collection Set: 114.74ms
[3187.283s][info][gc,phases      ] GC(667)   Post Evacuate Collection Set: 0.86ms
[3187.283s][info][gc,phases      ] GC(667)   Other: 0.13ms
[3187.283s][info][gc,heap        ] GC(667) Eden regions: 1118->0(1118)
[3187.283s][info][gc,heap        ] GC(667) Survivor regions: 110->110(154)
[3187.283s][info][gc,heap        ] GC(667) Old regions: 471->503
[3187.283s][info][gc,heap        ] GC(667) Humongous regions: 80->80
[3187.283s][info][gc,metaspace   ] GC(667) Metaspace: 28887K(29312K)->28887K(29312K) NonClass: 24019K(24256K)->24019K(24256K) Class: 4868K(5056K)->4868K(5056K)
[3187.283s][info][gc             ] GC(667) Pause Young (Concurrent Start) (G1 Evacuation Pause) 3555M->1382M(4096M) 116.737ms
[3187.283s][info][gc             ] GC(668) Concurrent Mark Cycle
[3187.283s][info][gc,marking     ] GC(668) Concurrent Scan Root Regions
[3187.283s][info][gc,cpu         ] GC(667) User=0.69s Sys=0.00s Real=0.11s
[3187.479s][info][gc,marking     ] GC(668) Concurrent Scan Root Regions 195.560ms
[3187.479s][info][gc,marking     ] GC(668) Concurrent Mark
[3187.479s][info][gc,marking     ] GC(668) Concurrent Mark From Roots
[3187.479s][info][gc,task        ] GC(668) Using 2 workers of 2 for marking
.[3188.130s][info][gc,marking     ] GC(668) Concurrent Mark From Roots 651.212ms
[3188.130s][info][gc,marking     ] GC(668) Concurrent Preclean
[3188.131s][info][gc,marking     ] GC(668) Concurrent Preclean 0.878ms
[3188.131s][info][gc,start       ] GC(668) Pause Remark
[3188.136s][info][gc             ] GC(668) Pause Remark 1989M->1989M(4096M) 4.350ms
[3188.136s][info][gc,cpu         ] GC(668) User=0.02s Sys=0.00s Real=0.01s
[3188.137s][info][gc,marking     ] GC(668) Concurrent Mark 657.769ms
[3188.137s][info][gc,marking     ] GC(668) Concurrent Rebuild Remembered Sets and Scrub Regions
[3188.414s][info][gc,marking     ] GC(668) Concurrent Rebuild Remembered Sets and Scrub Regions 277.020ms
[3188.415s][info][gc,start       ] GC(668) Pause Cleanup
[3188.415s][info][gc             ] GC(668) Pause Cleanup 2188M->2188M(4096M) 0.132ms
[3188.415s][info][gc,cpu         ] GC(668) User=0.00s Sys=0.00s Real=0.00s
[3188.415s][info][gc,marking     ] GC(668) Concurrent Clear Claimed Marks
[3188.415s][info][gc,marking     ] GC(668) Concurrent Clear Claimed Marks 0.033ms
[3188.415s][info][gc,marking     ] GC(668) Concurrent Cleanup for Next Mark
[3188.420s][info][gc,marking     ] GC(668) Concurrent Cleanup for Next Mark 4.782ms
[3188.420s][info][gc             ] GC(668) Concurrent Mark Cycle 1136.836ms
...[3190.647s][info][gc,start       ] GC(669) Pause Young (Prepare Mixed) (G1 Evacuation Pause)
[3190.647s][info][gc,task        ] GC(669) Using 6 workers of 6 for evacuation
[3190.765s][info][gc,phases      ] GC(669)   Pre Evacuate Collection Set: 0.35ms
[3190.765s][info][gc,phases      ] GC(669)   Merge Heap Roots: 0.53ms
[3190.765s][info][gc,phases      ] GC(669)   Evacuate Collection Set: 115.97ms
[3190.765s][info][gc,phases      ] GC(669)   Post Evacuate Collection Set: 0.93ms
[3190.765s][info][gc,phases      ] GC(669)   Other: 0.08ms
[3190.765s][info][gc,heap        ] GC(669) Eden regions: 1118->0(1109)
[3190.765s][info][gc,heap        ] GC(669) Survivor regions: 110->111(154)
[3190.765s][info][gc,heap        ] GC(669) Old regions: 503->534
[3190.765s][info][gc,heap        ] GC(669) Humongous regions: 80->80
[3190.765s][info][gc,metaspace   ] GC(669) Metaspace: 28887K(29312K)->28887K(29312K) NonClass: 24019K(24256K)->24019K(24256K) Class: 4868K(5056K)->4868K(5056K)
[3190.765s][info][gc             ] GC(669) Pause Young (Prepare Mixed) (G1 Evacuation Pause) 3618M->1447M(4096M) 117.998ms
[3190.765s][info][gc,cpu         ] GC(669) User=0.70s Sys=0.00s Real=0.12s
...[3194.161s][info][gc,start       ] GC(670) Pause Young (Mixed) (G1 Evacuation Pause)
[3194.161s][info][gc,task        ] GC(670) Using 6 workers of 6 for evacuation
[3194.301s][info][gc,phases      ] GC(670)   Pre Evacuate Collection Set: 0.37ms
[3194.301s][info][gc,phases      ] GC(670)   Merge Heap Roots: 0.74ms
[3194.301s][info][gc,phases      ] GC(670)   Evacuate Collection Set: 137.37ms
[3194.301s][info][gc,phases      ] GC(670)   Post Evacuate Collection Set: 0.94ms
[3194.301s][info][gc,phases      ] GC(670)   Other: 0.09ms
[3194.301s][info][gc,heap        ] GC(670) Eden regions: 1109->0(1115)
[3194.301s][info][gc,heap        ] GC(670) Survivor regions: 111->113(153)
[3194.301s][info][gc,heap        ] GC(670) Old regions: 534->471
[3194.301s][info][gc,heap        ] GC(670) Humongous regions: 80->80
[3194.301s][info][gc,metaspace   ] GC(670) Metaspace: 28887K(29312K)->28887K(29312K) NonClass: 24019K(24256K)->24019K(24256K) Class: 4868K(5056K)->4868K(5056K)
[3194.301s][info][gc             ] GC(670) Pause Young (Mixed) (G1 Evacuation Pause) 3665M->1326M(4096M) 139.628ms
[3194.301s][info][gc,cpu         ] GC(670) User=0.83s Sys=0.00s Real=0.14s
....[3197.695s][info][gc,start       ] GC(671) Pause Young (Concurrent Start) (G1 Evacuation Pause)
[3197.695s][info][gc,task        ] GC(671) Using 6 workers of 6 for evacuation
[3197.812s][info][gc,phases      ] GC(671)   Pre Evacuate Collection Set: 0.38ms
[3197.812s][info][gc,phases      ] GC(671)   Merge Heap Roots: 0.46ms
[3197.812s][info][gc,phases      ] GC(671)   Evacuate Collection Set: 115.10ms
[3197.812s][info][gc,phases      ] GC(671)   Post Evacuate Collection Set: 0.87ms
[3197.812s][info][gc,phases      ] GC(671)   Other: 0.12ms
[3197.812s][info][gc,heap        ] GC(671) Eden regions: 1115->0(1118)
[3197.812s][info][gc,heap        ] GC(671) Survivor regions: 113->110(154)
[3197.812s][info][gc,heap        ] GC(671) Old regions: 471->502
[3197.812s][info][gc,heap        ] GC(671) Humongous regions: 80->80
[3197.812s][info][gc,metaspace   ] GC(671) Metaspace: 28887K(29312K)->28887K(29312K) NonClass: 24019K(24256K)->24019K(24256K) Class: 4868K(5056K)->4868K(5056K)
[3197.812s][info][gc             ] GC(671) Pause Young (Concurrent Start) (G1 Evacuation Pause) 3556M->1382M(4096M) 117.065ms
[3197.812s][info][gc             ] GC(672) Concurrent Mark Cycle
[3197.812s][info][gc,marking     ] GC(672) Concurrent Scan Root Regions
[3197.812s][info][gc,cpu         ] GC(671) User=0.70s Sys=0.00s Real=0.11s
[3197.944s][info][gc,marking     ] GC(672) Concurrent Scan Root Regions 131.980ms
[3197.944s][info][gc,marking     ] GC(672) Concurrent Mark
[3197.944s][info][gc,marking     ] GC(672) Concurrent Mark From Roots
[3197.944s][info][gc,task        ] GC(672) Using 2 workers of 2 for marking
.[3198.591s][info][gc,marking     ] GC(672) Concurrent Mark From Roots 646.624ms
[3198.591s][info][gc,marking     ] GC(672) Concurrent Preclean
[3198.591s][info][gc,marking     ] GC(672) Concurrent Preclean 0.369ms
[3198.592s][info][gc,start       ] GC(672) Pause Remark
[3198.596s][info][gc             ] GC(672) Pause Remark 1950M->1950M(4096M) 4.593ms
[3198.596s][info][gc,cpu         ] GC(672) User=0.02s Sys=0.00s Real=0.01s
[3198.596s][info][gc,marking     ] GC(672) Concurrent Mark 651.856ms
[3198.596s][info][gc,marking     ] GC(672) Concurrent Rebuild Remembered Sets and Scrub Regions
[3198.842s][info][gc,marking     ] GC(672) Concurrent Rebuild Remembered Sets and Scrub Regions 245.270ms
[3198.842s][info][gc,start       ] GC(672) Pause Cleanup
[3198.842s][info][gc             ] GC(672) Pause Cleanup 2121M->2121M(4096M) 0.125ms
[3198.842s][info][gc,cpu         ] GC(672) User=0.00s Sys=0.00s Real=0.00s
[3198.842s][info][gc,marking     ] GC(672) Concurrent Clear Claimed Marks
[3198.842s][info][gc,marking     ] GC(672) Concurrent Clear Claimed Marks 0.031ms
[3198.842s][info][gc,marking     ] GC(672) Concurrent Cleanup for Next Mark
[3198.847s][info][gc,marking     ] GC(672) Concurrent Cleanup for Next Mark 4.915ms
[3198.847s][info][gc             ] GC(672) Concurrent Mark Cycle 1034.618ms
..[3201.153s][info][gc,start       ] GC(673) Pause Young (Prepare Mixed) (G1 Evacuation Pause)
[3201.153s][info][gc,task        ] GC(673) Using 6 workers of 6 for evacuation
[3201.270s][info][gc,phases      ] GC(673)   Pre Evacuate Collection Set: 0.32ms
[3201.270s][info][gc,phases      ] GC(673)   Merge Heap Roots: 0.55ms
[3201.270s][info][gc,phases      ] GC(673)   Evacuate Collection Set: 115.08ms
[3201.270s][info][gc,phases      ] GC(673)   Post Evacuate Collection Set: 0.91ms
[3201.270s][info][gc,phases      ] GC(673)   Other: 0.08ms
[3201.270s][info][gc,heap        ] GC(673) Eden regions: 1118->0(1111)
[3201.270s][info][gc,heap        ] GC(673) Survivor regions: 110->110(154)
[3201.270s][info][gc,heap        ] GC(673) Old regions: 502->534
[3201.270s][info][gc,heap        ] GC(673) Humongous regions: 80->80
[3201.270s][info][gc,metaspace   ] GC(673) Metaspace: 28887K(29312K)->28887K(29312K) NonClass: 24019K(24256K)->24019K(24256K) Class: 4868K(5056K)->4868K(5056K)
[3201.270s][info][gc             ] GC(673) Pause Young (Prepare Mixed) (G1 Evacuation Pause) 3618M->1445M(4096M) 117.076ms
[3201.270s][info][gc,cpu         ] GC(673) User=0.70s Sys=0.00s Real=0.12s
....[3204.671s][info][gc,start       ] GC(674) Pause Young (Mixed) (G1 Evacuation Pause)
[3204.671s][info][gc,task        ] GC(674) Using 6 workers of 6 for evacuation
[3204.804s][info][gc,phases      ] GC(674)   Pre Evacuate Collection Set: 0.36ms
[3204.804s][info][gc,phases      ] GC(674)   Merge Heap Roots: 0.69ms
[3204.804s][info][gc,phases      ] GC(674)   Evacuate Collection Set: 130.87ms
[3204.804s][info][gc,phases      ] GC(674)   Post Evacuate Collection Set: 0.92ms
[3204.804s][info][gc,phases      ] GC(674)   Other: 0.09ms
[3204.804s][info][gc,heap        ] GC(674) Eden regions: 1111->0(1117)
[3204.804s][info][gc,heap        ] GC(674) Survivor regions: 110->111(153)
[3204.804s][info][gc,heap        ] GC(674) Old regions: 534->471
[3204.804s][info][gc,heap        ] GC(674) Humongous regions: 80->80
[3204.804s][info][gc,metaspace   ] GC(674) Metaspace: 28887K(29312K)->28887K(29312K) NonClass: 24019K(24256K)->24019K(24256K) Class: 4868K(5056K)->4868K(5056K)
[3204.804s][info][gc             ] GC(674) Pause Young (Mixed) (G1 Evacuation Pause) 3667M->1321M(4096M) 133.049ms
[3204.804s][info][gc,cpu         ] GC(674) User=0.79s Sys=0.00s Real=0.13s
...[3208.186s][info][gc,start       ] GC(675) Pause Young (Concurrent Start) (G1 Evacuation Pause)
[3208.186s][info][gc,task        ] GC(675) Using 6 workers of 6 for evacuation
[3208.301s][info][gc,phases      ] GC(675)   Pre Evacuate Collection Set: 0.35ms
[3208.301s][info][gc,phases      ] GC(675)   Merge Heap Roots: 0.44ms
[3208.301s][info][gc,phases      ] GC(675)   Evacuate Collection Set: 113.39ms
[3208.301s][info][gc,phases      ] GC(675)   Post Evacuate Collection Set: 0.87ms
[3208.301s][info][gc,phases      ] GC(675)   Other: 0.10ms
[3208.301s][info][gc,heap        ] GC(675) Eden regions: 1117->0(1119)
[3208.301s][info][gc,heap        ] GC(675) Survivor regions: 111->109(154)
[3208.301s][info][gc,heap        ] GC(675) Old regions: 471->503
[3208.301s][info][gc,heap        ] GC(675) Humongous regions: 80->80
[3208.301s][info][gc,metaspace   ] GC(675) Metaspace: 28887K(29312K)->28887K(29312K) NonClass: 24019K(24256K)->24019K(24256K) Class: 4868K(5056K)->4868K(5056K)
[3208.301s][info][gc             ] GC(675) Pause Young (Concurrent Start) (G1 Evacuation Pause) 3555M->1381M(4096M) 115.292ms
[3208.301s][info][gc             ] GC(676) Concurrent Mark Cycle
[3208.301s][info][gc,marking     ] GC(676) Concurrent Scan Root Regions
[3208.301s][info][gc,cpu         ] GC(675) User=0.69s Sys=0.00s Real=0.11s
[3208.464s][info][gc,marking     ] GC(676) Concurrent Scan Root Regions 163.060ms
[3208.464s][info][gc,marking     ] GC(676) Concurrent Mark
[3208.464s][info][gc,marking     ] GC(676) Concurrent Mark From Roots
[3208.464s][info][gc,task        ] GC(676) Using 2 workers of 2 for marking
.[3209.246s][info][gc,marking     ] GC(676) Concurrent Mark From Roots 782.027ms
[3209.246s][info][gc,marking     ] GC(676) Concurrent Preclean
[3209.246s][info][gc,marking     ] GC(676) Concurrent Preclean 0.100ms
[3209.247s][info][gc,start       ] GC(676) Pause Remark
[3209.252s][info][gc             ] GC(676) Pause Remark 2049M->2049M(4096M) 5.013ms
[3209.252s][info][gc,cpu         ] GC(676) User=0.03s Sys=0.00s Real=0.00s
[3209.252s][info][gc,marking     ] GC(676) Concurrent Mark 787.413ms
[3209.252s][info][gc,marking     ] GC(676) Concurrent Rebuild Remembered Sets and Scrub Regions
.[3209.577s][info][gc,marking     ] GC(676) Concurrent Rebuild Remembered Sets and Scrub Regions 325.216ms
[3209.578s][info][gc,start       ] GC(676) Pause Cleanup
[3209.578s][info][gc             ] GC(676) Pause Cleanup 2249M->2249M(4096M) 0.128ms
[3209.578s][info][gc,cpu         ] GC(676) User=0.00s Sys=0.00s Real=0.00s
[3209.578s][info][gc,marking     ] GC(676) Concurrent Clear Claimed Marks
[3209.578s][info][gc,marking     ] GC(676) Concurrent Clear Claimed Marks 0.039ms
[3209.578s][info][gc,marking     ] GC(676) Concurrent Cleanup for Next Mark
[3209.583s][info][gc,marking     ] GC(676) Concurrent Cleanup for Next Mark 4.655ms
[3209.583s][info][gc             ] GC(676) Concurrent Mark Cycle 1282.103ms
..[3211.668s][info][gc,start       ] GC(677) Pause Young (Prepare Mixed) (G1 Evacuation Pause)
[3211.668s][info][gc,task        ] GC(677) Using 6 workers of 6 for evacuation
[3211.787s][info][gc,phases      ] GC(677)   Pre Evacuate Collection Set: 0.33ms
[3211.787s][info][gc,phases      ] GC(677)   Merge Heap Roots: 0.52ms
[3211.787s][info][gc,phases      ] GC(677)   Evacuate Collection Set: 116.61ms
[3211.787s][info][gc,phases      ] GC(677)   Post Evacuate Collection Set: 0.92ms
[3211.787s][info][gc,phases      ] GC(677)   Other: 0.08ms
[3211.787s][info][gc,heap        ] GC(677) Eden regions: 1119->0(1108)
[3211.787s][info][gc,heap        ] GC(677) Survivor regions: 109->111(154)
[3211.787s][info][gc,heap        ] GC(677) Old regions: 503->535
[3211.787s][info][gc,heap        ] GC(677) Humongous regions: 80->80
[3211.787s][info][gc,metaspace   ] GC(677) Metaspace: 28888K(29312K)->28888K(29312K) NonClass: 24020K(24256K)->24020K(24256K) Class: 4868K(5056K)->4868K(5056K)
[3211.787s][info][gc             ] GC(677) Pause Young (Prepare Mixed) (G1 Evacuation Pause) 3619M->1448M(4096M) 118.588ms
[3211.787s][info][gc,cpu         ] GC(677) User=0.71s Sys=0.00s Real=0.12s
...[3215.165s][info][gc,start       ] GC(678) Pause Young (Mixed) (G1 Evacuation Pause)
[3215.165s][info][gc,task        ] GC(678) Using 6 workers of 6 for evacuation
[3215.298s][info][gc,phases      ] GC(678)   Pre Evacuate Collection Set: 0.36ms
[3215.299s][info][gc,phases      ] GC(678)   Merge Heap Roots: 0.67ms
[3215.299s][info][gc,phases      ] GC(678)   Evacuate Collection Set: 131.23ms
[3215.299s][info][gc,phases      ] GC(678)   Post Evacuate Collection Set: 0.93ms
[3215.299s][info][gc,phases      ] GC(678)   Other: 0.08ms
[3215.299s][info][gc,heap        ] GC(678) Eden regions: 1108->0(1118)
[3215.299s][info][gc,heap        ] GC(678) Survivor regions: 111->110(153)
[3215.299s][info][gc,heap        ] GC(678) Old regions: 535->472
[3215.299s][info][gc,heap        ] GC(678) Humongous regions: 80->80
[3215.299s][info][gc,metaspace   ] GC(678) Metaspace: 28888K(29312K)->28888K(29312K) NonClass: 24020K(24256K)->24020K(24256K) Class: 4868K(5056K)->4868K(5056K)
[3215.299s][info][gc             ] GC(678) Pause Young (Mixed) (G1 Evacuation Pause) 3664M->1321M(4096M) 133.405ms
[3215.299s][info][gc,cpu         ] GC(678) User=0.79s Sys=0.00s Real=0.13s
. (rIR:aIR:PR = 5396:5397:5397) (tPR = 80020) [OK] 
  3215s: Performance info:
         Transaction,    Success,    Partial,     Failed,   Receipts, AvgBarcode, 
             Overall,     324072,          0,          0,     307886,      59.48, 
         Response times:
             Request,    Success,    Partial,     Failed,   SkipFail,     Probes,    Samples,      min,      p50,      p90,      p95,      p99,      max, 
       TotalPurchase,     307871,          0,          0,          0,     303910,     323889,      300,     4200,     9400,    21000,    57000,   202000,
     InStorePurchase,     162056,          0,          0,          0,     160366,     170519,      300,     4300,     9600,    23000,    57000,   202000,
      OnlinePurchase,     113405,          0,          0,          0,     111868,     119245,      300,     4000,     9100,    19200,    55000,   202000,
        InstPurchase,      32410,          0,          0,          0,      31676,      34125,      400,     4400,    10000,    22000,    60000,   202000,
          AssocOfCat,        320,          0,          0,          0,        251,        357,    22000,    33000,    50200,    66000,   108780,   175000,
      AssocOfProduct,       3246,          0,          0,          0,       2999,       3342,      600,     4500,     9800,    22850,    56000,   151000,
      BusinessReport,        806,          0,          0,          0,        688,        846,    22000,    39000,    73600,   108300,   180000,   231000,
          CustBuyBeh,       3238,          0,          0,          0,       3029,       3414,      200,     2500,     6600,    12150,    44000,   126000,
       ProductReturn,       8584,          0,          0,          0,       8142,       8911,      200,     3000,     7800,    17900,    47000,   145000,

  3215s: (40%)   IR =   5535 ...[3218.609s][info][gc,start       ] GC(679) Pause Young (Concurrent Start) (G1 Evacuation Pause)
[3218.609s][info][gc,task        ] GC(679) Using 6 workers of 6 for evacuation
[3218.726s][info][gc,phases      ] GC(679)   Pre Evacuate Collection Set: 0.34ms
[3218.726s][info][gc,phases      ] GC(679)   Merge Heap Roots: 0.44ms
[3218.726s][info][gc,phases      ] GC(679)   Evacuate Collection Set: 115.01ms
[3218.726s][info][gc,phases      ] GC(679)   Post Evacuate Collection Set: 0.87ms
[3218.726s][info][gc,phases      ] GC(679)   Other: 0.10ms
[3218.726s][info][gc,heap        ] GC(679) Eden regions: 1118->0(1118)
[3218.726s][info][gc,heap        ] GC(679) Survivor regions: 110->110(154)
[3218.726s][info][gc,heap        ] GC(679) Old regions: 472->505
[3218.726s][info][gc,heap        ] GC(679) Humongous regions: 80->80
[3218.726s][info][gc,metaspace   ] GC(679) Metaspace: 28888K(29312K)->28888K(29312K) NonClass: 24020K(24256K)->24020K(24256K) Class: 4868K(5056K)->4868K(5056K)
[3218.726s][info][gc             ] GC(679) Pause Young (Concurrent Start) (G1 Evacuation Pause) 3557M->1387M(4096M) 116.907ms
[3218.726s][info][gc             ] GC(680) Concurrent Mark Cycle
[3218.726s][info][gc,marking     ] GC(680) Concurrent Scan Root Regions
[3218.726s][info][gc,cpu         ] GC(679) User=0.70s Sys=0.00s Real=0.12s
[3218.901s][info][gc,marking     ] GC(680) Concurrent Scan Root Regions 174.912ms
[3218.901s][info][gc,marking     ] GC(680) Concurrent Mark
[3218.901s][info][gc,marking     ] GC(680) Concurrent Mark From Roots
[3218.901s][info][gc,task        ] GC(680) Using 2 workers of 2 for marking
.[3219.854s][info][gc,marking     ] GC(680) Concurrent Mark From Roots 953.543ms
[3219.854s][info][gc,marking     ] GC(680) Concurrent Preclean
[3219.855s][info][gc,marking     ] GC(680) Concurrent Preclean 0.344ms
[3219.855s][info][gc,start       ] GC(680) Pause Remark
[3219.860s][info][gc             ] GC(680) Pause Remark 2190M->2190M(4096M) 5.474ms
[3219.860s][info][gc,cpu         ] GC(680) User=0.03s Sys=0.00s Real=0.00s
[3219.860s][info][gc,marking     ] GC(680) Concurrent Mark 959.665ms
[3219.860s][info][gc,marking     ] GC(680) Concurrent Rebuild Remembered Sets and Scrub Regions
[3220.123s][info][gc,marking     ] GC(680) Concurrent Rebuild Remembered Sets and Scrub Regions 262.902ms
[3220.124s][info][gc,start       ] GC(680) Pause Cleanup
[3220.124s][info][gc             ] GC(680) Pause Cleanup 2394M->2394M(4096M) 0.125ms
[3220.124s][info][gc,cpu         ] GC(680) User=0.00s Sys=0.00s Real=0.00s
[3220.124s][info][gc,marking     ] GC(680) Concurrent Clear Claimed Marks
[3220.124s][info][gc,marking     ] GC(680) Concurrent Clear Claimed Marks 0.038ms
[3220.124s][info][gc,marking     ] GC(680) Concurrent Cleanup for Next Mark
[3220.132s][info][gc,marking     ] GC(680) Concurrent Cleanup for Next Mark 7.437ms
[3220.132s][info][gc             ] GC(680) Concurrent Mark Cycle 1406.306ms
.|.[3222.030s][info][gc,start       ] GC(681) Pause Young (Prepare Mixed) (G1 Evacuation Pause)
[3222.030s][info][gc,task        ] GC(681) Using 6 workers of 6 for evacuation
[3222.149s][info][gc,phases      ] GC(681)   Pre Evacuate Collection Set: 0.35ms
[3222.149s][info][gc,phases      ] GC(681)   Merge Heap Roots: 0.57ms
[3222.149s][info][gc,phases      ] GC(681)   Evacuate Collection Set: 116.87ms
[3222.149s][info][gc,phases      ] GC(681)   Post Evacuate Collection Set: 0.99ms
[3222.149s][info][gc,phases      ] GC(681)   Other: 0.09ms
[3222.149s][info][gc,heap        ] GC(681) Eden regions: 1118->0(1106)
[3222.149s][info][gc,heap        ] GC(681) Survivor regions: 110->111(154)
[3222.149s][info][gc,heap        ] GC(681) Old regions: 505->537
[3222.149s][info][gc,heap        ] GC(681) Humongous regions: 80->80
[3222.149s][info][gc,metaspace   ] GC(681) Metaspace: 28888K(29312K)->28888K(29312K) NonClass: 24020K(24256K)->24020K(24256K) Class: 4868K(5056K)->4868K(5056K)
[3222.149s][info][gc             ] GC(681) Pause Young (Prepare Mixed) (G1 Evacuation Pause) 3623M->1452M(4096M) 119.008ms
[3222.149s][info][gc,cpu         ] GC(681) User=0.71s Sys=0.00s Real=0.12s
...[3225.422s][info][gc,start       ] GC(682) Pause Young (Mixed) (G1 Evacuation Pause)
[3225.422s][info][gc,task        ] GC(682) Using 6 workers of 6 for evacuation
[3225.555s][info][gc,phases      ] GC(682)   Pre Evacuate Collection Set: 0.36ms
[3225.556s][info][gc,phases      ] GC(682)   Merge Heap Roots: 0.68ms
[3225.556s][info][gc,phases      ] GC(682)   Evacuate Collection Set: 131.34ms
[3225.556s][info][gc,phases      ] GC(682)   Post Evacuate Collection Set: 0.92ms
[3225.556s][info][gc,phases      ] GC(682)   Other: 0.09ms
[3225.556s][info][gc,heap        ] GC(682) Eden regions: 1106->0(1118)
[3225.556s][info][gc,heap        ] GC(682) Survivor regions: 111->110(153)
[3225.556s][info][gc,heap        ] GC(682) Old regions: 537->473
[3225.556s][info][gc,heap        ] GC(682) Humongous regions: 80->80
[3225.556s][info][gc,metaspace   ] GC(682) Metaspace: 28888K(29312K)->28888K(29312K) NonClass: 24020K(24256K)->24020K(24256K) Class: 4868K(5056K)->4868K(5056K)
[3225.556s][info][gc             ] GC(682) Pause Young (Mixed) (G1 Evacuation Pause) 3664M->1323M(4096M) 133.519ms
[3225.556s][info][gc,cpu         ] GC(682) User=0.80s Sys=0.00s Real=0.14s
....[3228.809s][info][gc,start       ] GC(683) Pause Young (Concurrent Start) (G1 Evacuation Pause)
[3228.809s][info][gc,task        ] GC(683) Using 6 workers of 6 for evacuation
[3228.924s][info][gc,phases      ] GC(683)   Pre Evacuate Collection Set: 0.39ms
[3228.924s][info][gc,phases      ] GC(683)   Merge Heap Roots: 0.47ms
[3228.924s][info][gc,phases      ] GC(683)   Evacuate Collection Set: 113.54ms
[3228.924s][info][gc,phases      ] GC(683)   Post Evacuate Collection Set: 0.85ms
[3228.924s][info][gc,phases      ] GC(683)   Other: 0.13ms
[3228.924s][info][gc,heap        ] GC(683) Eden regions: 1118->0(1121)
[3228.924s][info][gc,heap        ] GC(683) Survivor regions: 110->107(154)
[3228.924s][info][gc,heap        ] GC(683) Old regions: 473->505
[3228.924s][info][gc,heap        ] GC(683) Humongous regions: 80->80
[3228.924s][info][gc,metaspace   ] GC(683) Metaspace: 28888K(29312K)->28888K(29312K) NonClass: 24020K(24256K)->24020K(24256K) Class: 4868K(5056K)->4868K(5056K)
[3228.924s][info][gc             ] GC(683) Pause Young (Concurrent Start) (G1 Evacuation Pause) 3559M->1381M(4096M) 115.501ms
[3228.924s][info][gc             ] GC(684) Concurrent Mark Cycle
[3228.924s][info][gc,marking     ] GC(684) Concurrent Scan Root Regions
[3228.924s][info][gc,cpu         ] GC(683) User=0.69s Sys=0.00s Real=0.11s
[3229.106s][info][gc,marking     ] GC(684) Concurrent Scan Root Regions 181.586ms
[3229.106s][info][gc,marking     ] GC(684) Concurrent Mark
[3229.106s][info][gc,marking     ] GC(684) Concurrent Mark From Roots
[3229.106s][info][gc,task        ] GC(684) Using 2 workers of 2 for marking
.[3229.869s][info][gc,marking     ] GC(684) Concurrent Mark From Roots 763.307ms
[3229.869s][info][gc,marking     ] GC(684) Concurrent Preclean
[3229.870s][info][gc,marking     ] GC(684) Concurrent Preclean 0.198ms
[3229.870s][info][gc,start       ] GC(684) Pause Remark
[3229.873s][info][gc             ] GC(684) Pause Remark 2041M->2041M(4096M) 3.702ms
[3229.873s][info][gc,cpu         ] GC(684) User=0.02s Sys=0.00s Real=0.00s
[3229.873s][info][gc,marking     ] GC(684) Concurrent Mark 767.473ms
[3229.873s][info][gc,marking     ] GC(684) Concurrent Rebuild Remembered Sets and Scrub Regions
[3230.176s][info][gc,marking     ] GC(684) Concurrent Rebuild Remembered Sets and Scrub Regions 302.150ms
[3230.176s][info][gc,start       ] GC(684) Pause Cleanup
[3230.176s][info][gc             ] GC(684) Pause Cleanup 2258M->2258M(4096M) 0.123ms
[3230.176s][info][gc,cpu         ] GC(684) User=0.00s Sys=0.00s Real=0.00s
[3230.177s][info][gc,marking     ] GC(684) Concurrent Clear Claimed Marks
[3230.177s][info][gc,marking     ] GC(684) Concurrent Clear Claimed Marks 0.033ms
[3230.177s][info][gc,marking     ] GC(684) Concurrent Cleanup for Next Mark
[3230.185s][info][gc,marking     ] GC(684) Concurrent Cleanup for Next Mark 8.425ms
[3230.185s][info][gc             ] GC(684) Concurrent Mark Cycle 1261.073ms
..[3232.258s][info][gc,start       ] GC(685) Pause Young (Prepare Mixed) (G1 Evacuation Pause)
[3232.259s][info][gc,task        ] GC(685) Using 6 workers of 6 for evacuation
[3232.376s][info][gc,phases      ] GC(685)   Pre Evacuate Collection Set: 0.33ms
[3232.376s][info][gc,phases      ] GC(685)   Merge Heap Roots: 0.57ms
[3232.376s][info][gc,phases      ] GC(685)   Evacuate Collection Set: 115.75ms
[3232.376s][info][gc,phases      ] GC(685)   Post Evacuate Collection Set: 0.91ms
[3232.376s][info][gc,phases      ] GC(685)   Other: 0.09ms
[3232.376s][info][gc,heap        ] GC(685) Eden regions: 1121->0(1109)
[3232.376s][info][gc,heap        ] GC(685) Survivor regions: 107->110(154)
[3232.376s][info][gc,heap        ] GC(685) Old regions: 505->536
[3232.376s][info][gc,heap        ] GC(685) Humongous regions: 80->80
[3232.376s][info][gc,metaspace   ] GC(685) Metaspace: 28888K(29312K)->28888K(29312K) NonClass: 24020K(24256K)->24020K(24256K) Class: 4868K(5056K)->4868K(5056K)
[3232.376s][info][gc             ] GC(685) Pause Young (Prepare Mixed) (G1 Evacuation Pause) 3623M->1448M(4096M) 117.789ms
[3232.376s][info][gc,cpu         ] GC(685) User=0.70s Sys=0.00s Real=0.12s
....[3235.655s][info][gc,start       ] GC(686) Pause Young (Mixed) (G1 Evacuation Pause)
[3235.655s][info][gc,task        ] GC(686) Using 6 workers of 6 for evacuation
[3235.789s][info][gc,phases      ] GC(686)   Pre Evacuate Collection Set: 0.40ms
[3235.789s][info][gc,phases      ] GC(686)   Merge Heap Roots: 0.72ms
[3235.789s][info][gc,phases      ] GC(686)   Evacuate Collection Set: 132.10ms
[3235.789s][info][gc,phases      ] GC(686)   Post Evacuate Collection Set: 0.94ms
[3235.789s][info][gc,phases      ] GC(686)   Other: 0.09ms
[3235.789s][info][gc,heap        ] GC(686) Eden regions: 1109->0(1118)
[3235.789s][info][gc,heap        ] GC(686) Survivor regions: 110->110(153)
[3235.789s][info][gc,heap        ] GC(686) Old regions: 536->470
[3235.789s][info][gc,heap        ] GC(686) Humongous regions: 80->80
[3235.789s][info][gc,metaspace   ] GC(686) Metaspace: 28890K(29312K)->28890K(29312K) NonClass: 24022K(24256K)->24022K(24256K) Class: 4868K(5056K)->4868K(5056K)
[3235.789s][info][gc             ] GC(686) Pause Young (Mixed) (G1 Evacuation Pause) 3666M->1318M(4096M) 134.380ms
[3235.789s][info][gc,cpu         ] GC(686) User=0.80s Sys=0.00s Real=0.13s
...[3239.047s][info][gc,start       ] GC(687) Pause Young (Concurrent Start) (G1 Evacuation Pause)
[3239.047s][info][gc,task        ] GC(687) Using 6 workers of 6 for evacuation
[3239.163s][info][gc,phases      ] GC(687)   Pre Evacuate Collection Set: 0.40ms
[3239.163s][info][gc,phases      ] GC(687)   Merge Heap Roots: 0.48ms
[3239.163s][info][gc,phases      ] GC(687)   Evacuate Collection Set: 114.27ms
[3239.164s][info][gc,phases      ] GC(687)   Post Evacuate Collection Set: 0.86ms
[3239.164s][info][gc,phases      ] GC(687)   Other: 0.12ms
[3239.164s][info][gc,heap        ] GC(687) Eden regions: 1118->0(1119)
[3239.164s][info][gc,heap        ] GC(687) Survivor regions: 110->109(154)
[3239.164s][info][gc,heap        ] GC(687) Old regions: 470->502
[3239.164s][info][gc,heap        ] GC(687) Humongous regions: 80->80
[3239.164s][info][gc,metaspace   ] GC(687) Metaspace: 28890K(29312K)->28890K(29312K) NonClass: 24022K(24256K)->24022K(24256K) Class: 4868K(5056K)->4868K(5056K)
[3239.164s][info][gc             ] GC(687) Pause Young (Concurrent Start) (G1 Evacuation Pause) 3554M->1379M(4096M) 116.251ms
[3239.164s][info][gc             ] GC(688) Concurrent Mark Cycle
[3239.164s][info][gc,marking     ] GC(688) Concurrent Scan Root Regions
[3239.164s][info][gc,cpu         ] GC(687) User=0.69s Sys=0.00s Real=0.11s
[3239.332s][info][gc,marking     ] GC(688) Concurrent Scan Root Regions 168.082ms
[3239.332s][info][gc,marking     ] GC(688) Concurrent Mark
[3239.332s][info][gc,marking     ] GC(688) Concurrent Mark From Roots
[3239.332s][info][gc,task        ] GC(688) Using 2 workers of 2 for marking
.[3240.119s][info][gc,marking     ] GC(688) Concurrent Mark From Roots 787.533ms
[3240.119s][info][gc,marking     ] GC(688) Concurrent Preclean
[3240.119s][info][gc,marking     ] GC(688) Concurrent Preclean 0.115ms
[3240.120s][info][gc,start       ] GC(688) Pause Remark
[3240.124s][info][gc             ] GC(688) Pause Remark 2069M->2069M(4096M) 4.429ms
[3240.124s][info][gc,cpu         ] GC(688) User=0.03s Sys=0.00s Real=0.00s
[3240.125s][info][gc,marking     ] GC(688) Concurrent Mark 793.099ms
[3240.125s][info][gc,marking     ] GC(688) Concurrent Rebuild Remembered Sets and Scrub Regions
[3240.430s][info][gc,marking     ] GC(688) Concurrent Rebuild Remembered Sets and Scrub Regions 304.694ms
[3240.430s][info][gc,start       ] GC(688) Pause Cleanup
[3240.430s][info][gc             ] GC(688) Pause Cleanup 2266M->2266M(4096M) 0.126ms
[3240.430s][info][gc,cpu         ] GC(688) User=0.00s Sys=0.00s Real=0.00s
[3240.430s][info][gc,marking     ] GC(688) Concurrent Clear Claimed Marks
[3240.430s][info][gc,marking     ] GC(688) Concurrent Clear Claimed Marks 0.028ms
[3240.430s][info][gc,marking     ] GC(688) Concurrent Cleanup for Next Mark
[3240.435s][info][gc,marking     ] GC(688) Concurrent Cleanup for Next Mark 4.809ms
[3240.435s][info][gc             ] GC(688) Concurrent Mark Cycle 1271.253ms
..[3242.442s][info][gc,start       ] GC(689) Pause Young (Prepare Mixed) (G1 Evacuation Pause)
[3242.442s][info][gc,task        ] GC(689) Using 6 workers of 6 for evacuation
[3242.559s][info][gc,phases      ] GC(689)   Pre Evacuate Collection Set: 0.35ms
[3242.559s][info][gc,phases      ] GC(689)   Merge Heap Roots: 0.53ms
[3242.559s][info][gc,phases      ] GC(689)   Evacuate Collection Set: 115.50ms
[3242.559s][info][gc,phases      ] GC(689)   Post Evacuate Collection Set: 0.89ms
[3242.559s][info][gc,phases      ] GC(689)   Other: 0.09ms
[3242.559s][info][gc,heap        ] GC(689) Eden regions: 1119->0(1111)
[3242.559s][info][gc,heap        ] GC(689) Survivor regions: 109->110(154)
[3242.559s][info][gc,heap        ] GC(689) Old regions: 502->534
[3242.559s][info][gc,heap        ] GC(689) Humongous regions: 80->80
[3242.559s][info][gc,metaspace   ] GC(689) Metaspace: 28890K(29312K)->28890K(29312K) NonClass: 24022K(24256K)->24022K(24256K) Class: 4868K(5056K)->4868K(5056K)
[3242.559s][info][gc             ] GC(689) Pause Young (Prepare Mixed) (G1 Evacuation Pause) 3617M->1445M(4096M) 117.498ms
[3242.560s][info][gc,cpu         ] GC(689) User=0.70s Sys=0.00s Real=0.12s
....[3245.855s][info][gc,start       ] GC(690) Pause Young (Mixed) (G1 Evacuation Pause)
[3245.855s][info][gc,task        ] GC(690) Using 6 workers of 6 for evacuation
[3245.988s][info][gc,phases      ] GC(690)   Pre Evacuate Collection Set: 0.39ms
[3245.988s][info][gc,phases      ] GC(690)   Merge Heap Roots: 0.69ms
[3245.988s][info][gc,phases      ] GC(690)   Evacuate Collection Set: 130.35ms
[3245.988s][info][gc,phases      ] GC(690)   Post Evacuate Collection Set: 0.94ms
[3245.988s][info][gc,phases      ] GC(690)   Other: 0.09ms
[3245.988s][info][gc,heap        ] GC(690) Eden regions: 1111->0(1120)
[3245.988s][info][gc,heap        ] GC(690) Survivor regions: 110->108(153)
[3245.988s][info][gc,heap        ] GC(690) Old regions: 534->471
[3245.988s][info][gc,heap        ] GC(690) Humongous regions: 80->80
[3245.988s][info][gc,metaspace   ] GC(690) Metaspace: 28890K(29312K)->28890K(29312K) NonClass: 24022K(24256K)->24022K(24256K) Class: 4868K(5056K)->4868K(5056K)
[3245.988s][info][gc             ] GC(690) Pause Young (Mixed) (G1 Evacuation Pause) 3667M->1315M(4096M) 132.597ms
[3245.988s][info][gc,cpu         ] GC(690) User=0.78s Sys=0.00s Real=0.13s
...[3249.290s][info][gc,start       ] GC(691) Pause Young (Concurrent Start) (G1 Evacuation Pause)
[3249.290s][info][gc,task        ] GC(691) Using 6 workers of 6 for evacuation
[3249.409s][info][gc,phases      ] GC(691)   Pre Evacuate Collection Set: 0.35ms
[3249.409s][info][gc,phases      ] GC(691)   Merge Heap Roots: 0.47ms
[3249.409s][info][gc,phases      ] GC(691)   Evacuate Collection Set: 117.59ms
[3249.409s][info][gc,phases      ] GC(691)   Post Evacuate Collection Set: 0.90ms
[3249.409s][info][gc,phases      ] GC(691)   Other: 0.11ms
[3249.409s][info][gc,heap        ] GC(691) Eden regions: 1120->0(1117)
[3249.409s][info][gc,heap        ] GC(691) Survivor regions: 108->111(154)
[3249.409s][info][gc,heap        ] GC(691) Old regions: 471->503
[3249.409s][info][gc,heap        ] GC(691) Humongous regions: 80->80
[3249.409s][info][gc,metaspace   ] GC(691) Metaspace: 28890K(29312K)->28890K(29312K) NonClass: 24022K(24256K)->24022K(24256K) Class: 4868K(5056K)->4868K(5056K)
[3249.409s][info][gc             ] GC(691) Pause Young (Concurrent Start) (G1 Evacuation Pause) 3555M->1386M(4096M) 119.539ms
[3249.409s][info][gc             ] GC(692) Concurrent Mark Cycle
[3249.409s][info][gc,marking     ] GC(692) Concurrent Scan Root Regions
[3249.409s][info][gc,cpu         ] GC(691) User=0.71s Sys=0.00s Real=0.12s
[3249.541s][info][gc,marking     ] GC(692) Concurrent Scan Root Regions 131.938ms
[3249.541s][info][gc,marking     ] GC(692) Concurrent Mark
[3249.541s][info][gc,marking     ] GC(692) Concurrent Mark From Roots
[3249.541s][info][gc,task        ] GC(692) Using 2 workers of 2 for marking
.[3250.180s][info][gc,marking     ] GC(692) Concurrent Mark From Roots 638.256ms
[3250.180s][info][gc,marking     ] GC(692) Concurrent Preclean
[3250.180s][info][gc,marking     ] GC(692) Concurrent Preclean 0.387ms
[3250.180s][info][gc,start       ] GC(692) Pause Remark
[3250.185s][info][gc             ] GC(692) Pause Remark 1948M->1948M(4096M) 4.470ms
[3250.185s][info][gc,cpu         ] GC(692) User=0.02s Sys=0.00s Real=0.01s
[3250.185s][info][gc,marking     ] GC(692) Concurrent Mark 643.427ms
[3250.185s][info][gc,marking     ] GC(692) Concurrent Rebuild Remembered Sets and Scrub Regions
[3250.451s][info][gc,marking     ] GC(692) Concurrent Rebuild Remembered Sets and Scrub Regions 266.368ms
[3250.451s][info][gc,start       ] GC(692) Pause Cleanup
[3250.452s][info][gc             ] GC(692) Pause Cleanup 2132M->2132M(4096M) 0.128ms
[3250.452s][info][gc,cpu         ] GC(692) User=0.00s Sys=0.00s Real=0.00s
[3250.452s][info][gc,marking     ] GC(692) Concurrent Clear Claimed Marks
[3250.452s][info][gc,marking     ] GC(692) Concurrent Clear Claimed Marks 0.028ms
[3250.452s][info][gc,marking     ] GC(692) Concurrent Cleanup for Next Mark
[3250.455s][info][gc,marking     ] GC(692) Concurrent Cleanup for Next Mark 3.552ms
[3250.455s][info][gc             ] GC(692) Concurrent Mark Cycle 1045.878ms
..[3252.703s][info][gc,start       ] GC(693) Pause Young (Prepare Mixed) (G1 Evacuation Pause)
[3252.703s][info][gc,task        ] GC(693) Using 6 workers of 6 for evacuation
[3252.819s][info][gc,phases      ] GC(693)   Pre Evacuate Collection Set: 0.32ms
[3252.819s][info][gc,phases      ] GC(693)   Merge Heap Roots: 0.50ms
[3252.819s][info][gc,phases      ] GC(693)   Evacuate Collection Set: 114.53ms
[3252.819s][info][gc,phases      ] GC(693)   Post Evacuate Collection Set: 0.95ms
[3252.819s][info][gc,phases      ] GC(693)   Other: 0.09ms
[3252.819s][info][gc,heap        ] GC(693) Eden regions: 1117->0(1116)
[3252.819s][info][gc,heap        ] GC(693) Survivor regions: 111->107(154)
[3252.819s][info][gc,heap        ] GC(693) Old regions: 503->535
[3252.819s][info][gc,heap        ] GC(693) Humongous regions: 80->80
[3252.819s][info][gc,metaspace   ] GC(693) Metaspace: 28890K(29312K)->28890K(29312K) NonClass: 24022K(24256K)->24022K(24256K) Class: 4868K(5056K)->4868K(5056K)
[3252.819s][info][gc             ] GC(693) Pause Young (Prepare Mixed) (G1 Evacuation Pause) 3620M->1442M(4096M) 116.517ms
[3252.819s][info][gc,cpu         ] GC(693) User=0.70s Sys=0.00s Real=0.12s
....[3256.102s][info][gc,start       ] GC(694) Pause Young (Mixed) (G1 Evacuation Pause)
[3256.102s][info][gc,task        ] GC(694) Using 6 workers of 6 for evacuation
[3256.235s][info][gc,phases      ] GC(694)   Pre Evacuate Collection Set: 0.35ms
[3256.235s][info][gc,phases      ] GC(694)   Merge Heap Roots: 0.68ms
[3256.235s][info][gc,phases      ] GC(694)   Evacuate Collection Set: 130.11ms
[3256.235s][info][gc,phases      ] GC(694)   Post Evacuate Collection Set: 0.92ms
[3256.235s][info][gc,phases      ] GC(694)   Other: 0.08ms
[3256.235s][info][gc,heap        ] GC(694) Eden regions: 1116->0(1119)
[3256.235s][info][gc,heap        ] GC(694) Survivor regions: 107->109(153)
[3256.235s][info][gc,heap        ] GC(694) Old regions: 535->472
[3256.235s][info][gc,heap        ] GC(694) Humongous regions: 80->80
[3256.235s][info][gc,metaspace   ] GC(694) Metaspace: 28890K(29312K)->28890K(29312K) NonClass: 24022K(24256K)->24022K(24256K) Class: 4868K(5056K)->4868K(5056K)
[3256.235s][info][gc             ] GC(694) Pause Young (Mixed) (G1 Evacuation Pause) 3674M->1318M(4096M) 132.288ms
[3256.235s][info][gc,cpu         ] GC(694) User=0.79s Sys=0.00s Real=0.14s
...[3259.530s][info][gc,start       ] GC(695) Pause Young (Concurrent Start) (G1 Evacuation Pause)
[3259.531s][info][gc,task        ] GC(695) Using 6 workers of 6 for evacuation
[3259.647s][info][gc,phases      ] GC(695)   Pre Evacuate Collection Set: 0.39ms
[3259.647s][info][gc,phases      ] GC(695)   Merge Heap Roots: 0.47ms
[3259.647s][info][gc,phases      ] GC(695)   Evacuate Collection Set: 114.82ms
[3259.647s][info][gc,phases      ] GC(695)   Post Evacuate Collection Set: 0.85ms
[3259.647s][info][gc,phases      ] GC(695)   Other: 0.14ms
[3259.647s][info][gc,heap        ] GC(695) Eden regions: 1119->0(1117)
[3259.647s][info][gc,heap        ] GC(695) Survivor regions: 109->111(154)
[3259.647s][info][gc,heap        ] GC(695) Old regions: 472->503
[3259.647s][info][gc,heap        ] GC(695) Humongous regions: 80->80
[3259.647s][info][gc,metaspace   ] GC(695) Metaspace: 28890K(29312K)->28890K(29312K) NonClass: 24022K(24256K)->24022K(24256K) Class: 4868K(5056K)->4868K(5056K)
[3259.647s][info][gc             ] GC(695) Pause Young (Concurrent Start) (G1 Evacuation Pause) 3556M->1385M(4096M) 116.788ms
[3259.647s][info][gc             ] GC(696) Concurrent Mark Cycle
[3259.647s][info][gc,marking     ] GC(696) Concurrent Scan Root Regions
[3259.647s][info][gc,cpu         ] GC(695) User=0.69s Sys=0.00s Real=0.12s
[3259.777s][info][gc,marking     ] GC(696) Concurrent Scan Root Regions 130.043ms
[3259.777s][info][gc,marking     ] GC(696) Concurrent Mark
[3259.777s][info][gc,marking     ] GC(696) Concurrent Mark From Roots
[3259.777s][info][gc,task        ] GC(696) Using 2 workers of 2 for marking
.[3260.419s][info][gc,marking     ] GC(696) Concurrent Mark From Roots 641.522ms
[3260.419s][info][gc,marking     ] GC(696) Concurrent Preclean
[3260.419s][info][gc,marking     ] GC(696) Concurrent Preclean 0.129ms
[3260.419s][info][gc,start       ] GC(696) Pause Remark
[3260.424s][info][gc             ] GC(696) Pause Remark 1929M->1929M(4096M) 4.875ms
[3260.424s][info][gc,cpu         ] GC(696) User=0.02s Sys=0.00s Real=0.00s
[3260.424s][info][gc,marking     ] GC(696) Concurrent Mark 646.783ms
[3260.424s][info][gc,marking     ] GC(696) Concurrent Rebuild Remembered Sets and Scrub Regions
[3260.674s][info][gc,marking     ] GC(696) Concurrent Rebuild Remembered Sets and Scrub Regions 249.599ms
[3260.674s][info][gc,start       ] GC(696) Pause Cleanup
[3260.674s][info][gc             ] GC(696) Pause Cleanup 2119M->2119M(4096M) 0.110ms
[3260.674s][info][gc,cpu         ] GC(696) User=0.00s Sys=0.00s Real=0.00s
[3260.678s][info][gc,marking     ] GC(696) Concurrent Clear Claimed Marks
[3260.678s][info][gc,marking     ] GC(696) Concurrent Clear Claimed Marks 0.063ms
[3260.678s][info][gc,marking     ] GC(696) Concurrent Cleanup for Next Mark
[3260.683s][info][gc,marking     ] GC(696) Concurrent Cleanup for Next Mark 4.847ms
[3260.683s][info][gc             ] GC(696) Concurrent Mark Cycle 1035.293ms
..[3262.902s][info][gc,start       ] GC(697) Pause Young (Prepare Mixed) (G1 Evacuation Pause)
[3262.902s][info][gc,task        ] GC(697) Using 6 workers of 6 for evacuation
[3263.020s][info][gc,phases      ] GC(697)   Pre Evacuate Collection Set: 0.30ms
[3263.020s][info][gc,phases      ] GC(697)   Merge Heap Roots: 0.53ms
[3263.020s][info][gc,phases      ] GC(697)   Evacuate Collection Set: 115.99ms
[3263.020s][info][gc,phases      ] GC(697)   Post Evacuate Collection Set: 0.93ms
[3263.020s][info][gc,phases      ] GC(697)   Other: 0.09ms
[3263.020s][info][gc,heap        ] GC(697) Eden regions: 1117->0(1108)
[3263.020s][info][gc,heap        ] GC(697) Survivor regions: 111->111(154)
[3263.020s][info][gc,heap        ] GC(697) Old regions: 503->535
[3263.020s][info][gc,heap        ] GC(697) Humongous regions: 80->80
[3263.020s][info][gc,metaspace   ] GC(697) Metaspace: 28890K(29312K)->28890K(29312K) NonClass: 24022K(24256K)->24022K(24256K) Class: 4868K(5056K)->4868K(5056K)
[3263.020s][info][gc             ] GC(697) Pause Young (Prepare Mixed) (G1 Evacuation Pause) 3619M->1449M(4096M) 117.977ms
[3263.020s][info][gc,cpu         ] GC(697) User=0.70s Sys=0.00s Real=0.12s
....[3266.341s][info][gc,start       ] GC(698) Pause Young (Mixed) (G1 Evacuation Pause)
[3266.341s][info][gc,task        ] GC(698) Using 6 workers of 6 for evacuation
[3266.485s][info][gc,phases      ] GC(698)   Pre Evacuate Collection Set: 0.37ms
[3266.485s][info][gc,phases      ] GC(698)   Merge Heap Roots: 0.75ms
[3266.485s][info][gc,phases      ] GC(698)   Evacuate Collection Set: 141.81ms
[3266.485s][info][gc,phases      ] GC(698)   Post Evacuate Collection Set: 0.93ms
[3266.485s][info][gc,phases      ] GC(698)   Other: 0.08ms
[3266.485s][info][gc,heap        ] GC(698) Eden regions: 1108->0(1114)
[3266.485s][info][gc,heap        ] GC(698) Survivor regions: 111->114(153)
[3266.485s][info][gc,heap        ] GC(698) Old regions: 535->471
[3266.485s][info][gc,heap        ] GC(698) Humongous regions: 80->80
[3266.485s][info][gc,metaspace   ] GC(698) Metaspace: 28890K(29312K)->28890K(29312K) NonClass: 24022K(24256K)->24022K(24256K) Class: 4868K(5056K)->4868K(5056K)
[3266.485s][info][gc             ] GC(698) Pause Young (Mixed) (G1 Evacuation Pause) 3665M->1328M(4096M) 144.081ms
[3266.486s][info][gc,cpu         ] GC(698) User=0.85s Sys=0.00s Real=0.15s
...[3269.745s][info][gc,start       ] GC(699) Pause Young (Concurrent Start) (G1 Evacuation Pause)
[3269.745s][info][gc,task        ] GC(699) Using 6 workers of 6 for evacuation
[3269.861s][info][gc,phases      ] GC(699)   Pre Evacuate Collection Set: 0.38ms
[3269.861s][info][gc,phases      ] GC(699)   Merge Heap Roots: 0.47ms
[3269.861s][info][gc,phases      ] GC(699)   Evacuate Collection Set: 114.71ms
[3269.861s][info][gc,phases      ] GC(699)   Post Evacuate Collection Set: 0.91ms
[3269.861s][info][gc,phases      ] GC(699)   Other: 0.10ms
[3269.861s][info][gc,heap        ] GC(699) Eden regions: 1114->0(1119)
[3269.861s][info][gc,heap        ] GC(699) Survivor regions: 114->109(154)
[3269.861s][info][gc,heap        ] GC(699) Old regions: 471->504
[3269.861s][info][gc,heap        ] GC(699) Humongous regions: 80->80
[3269.861s][info][gc,metaspace   ] GC(699) Metaspace: 28890K(29312K)->28890K(29312K) NonClass: 24022K(24256K)->24022K(24256K) Class: 4868K(5056K)->4868K(5056K)
[3269.861s][info][gc             ] GC(699) Pause Young (Concurrent Start) (G1 Evacuation Pause) 3556M->1383M(4096M) 116.703ms
[3269.861s][info][gc             ] GC(700) Concurrent Mark Cycle
[3269.861s][info][gc,marking     ] GC(700) Concurrent Scan Root Regions
[3269.861s][info][gc,cpu         ] GC(699) User=0.70s Sys=0.00s Real=0.11s
[3270.028s][info][gc,marking     ] GC(700) Concurrent Scan Root Regions 166.686ms
[3270.028s][info][gc,marking     ] GC(700) Concurrent Mark
[3270.028s][info][gc,marking     ] GC(700) Concurrent Mark From Roots
[3270.028s][info][gc,task        ] GC(700) Using 2 workers of 2 for marking
.[3270.845s][info][gc,marking     ] GC(700) Concurrent Mark From Roots 816.855ms
[3270.845s][info][gc,marking     ] GC(700) Concurrent Preclean
[3270.845s][info][gc,marking     ] GC(700) Concurrent Preclean 0.168ms
[3270.845s][info][gc,start       ] GC(700) Pause Remark
[3270.851s][info][gc             ] GC(700) Pause Remark 2109M->2109M(4096M) 5.276ms
[3270.851s][info][gc,cpu         ] GC(700) User=0.03s Sys=0.00s Real=0.00s
[3270.851s][info][gc,marking     ] GC(700) Concurrent Mark 822.588ms
[3270.851s][info][gc,marking     ] GC(700) Concurrent Rebuild Remembered Sets and Scrub Regions
.[3271.158s][info][gc,marking     ] GC(700) Concurrent Rebuild Remembered Sets and Scrub Regions 307.485ms
[3271.158s][info][gc,start       ] GC(700) Pause Cleanup
[3271.158s][info][gc             ] GC(700) Pause Cleanup 2328M->2328M(4096M) 0.142ms
[3271.158s][info][gc,cpu         ] GC(700) User=0.00s Sys=0.00s Real=0.00s
[3271.159s][info][gc,marking     ] GC(700) Concurrent Clear Claimed Marks
[3271.159s][info][gc,marking     ] GC(700) Concurrent Clear Claimed Marks 0.024ms
[3271.159s][info][gc,marking     ] GC(700) Concurrent Cleanup for Next Mark
[3271.163s][info][gc,marking     ] GC(700) Concurrent Cleanup for Next Mark 4.665ms
[3271.163s][info][gc             ] GC(700) Concurrent Mark Cycle 1301.991ms
..[3273.147s][info][gc,start       ] GC(701) Pause Young (Prepare Mixed) (G1 Evacuation Pause)
[3273.147s][info][gc,task        ] GC(701) Using 6 workers of 6 for evacuation
[3273.272s][info][gc,phases      ] GC(701)   Pre Evacuate Collection Set: 0.31ms
[3273.272s][info][gc,phases      ] GC(701)   Merge Heap Roots: 0.57ms
[3273.272s][info][gc,phases      ] GC(701)   Evacuate Collection Set: 122.37ms
[3273.272s][info][gc,phases      ] GC(701)   Post Evacuate Collection Set: 0.91ms
[3273.272s][info][gc,phases      ] GC(701)   Other: 0.08ms
[3273.272s][info][gc,heap        ] GC(701) Eden regions: 1119->0(1100)
[3273.272s][info][gc,heap        ] GC(701) Survivor regions: 109->114(154)
[3273.272s][info][gc,heap        ] GC(701) Old regions: 504->537
[3273.272s][info][gc,heap        ] GC(701) Humongous regions: 80->80
[3273.272s][info][gc,metaspace   ] GC(701) Metaspace: 28890K(29312K)->28890K(29312K) NonClass: 24022K(24256K)->24022K(24256K) Class: 4868K(5056K)->4868K(5056K)
[3273.272s][info][gc             ] GC(701) Pause Young (Prepare Mixed) (G1 Evacuation Pause) 3621M->1458M(4096M) 124.375ms
[3273.272s][info][gc,cpu         ] GC(701) User=0.74s Sys=0.00s Real=0.12s
...[3276.489s][info][gc,start       ] GC(702) Pause Young (Mixed) (G1 Evacuation Pause)
[3276.489s][info][gc,task        ] GC(702) Using 6 workers of 6 for evacuation
[3276.624s][info][gc,phases      ] GC(702)   Pre Evacuate Collection Set: 0.34ms
[3276.624s][info][gc,phases      ] GC(702)   Merge Heap Roots: 0.67ms
[3276.624s][info][gc,phases      ] GC(702)   Evacuate Collection Set: 132.68ms
[3276.624s][info][gc,phases      ] GC(702)   Post Evacuate Collection Set: 0.93ms
[3276.624s][info][gc,phases      ] GC(702)   Other: 0.09ms
[3276.624s][info][gc,heap        ] GC(702) Eden regions: 1100->0(1117)
[3276.624s][info][gc,heap        ] GC(702) Survivor regions: 114->111(152)
[3276.624s][info][gc,heap        ] GC(702) Old regions: 537->473
[3276.624s][info][gc,heap        ] GC(702) Humongous regions: 80->80
[3276.624s][info][gc,metaspace   ] GC(702) Metaspace: 28890K(29312K)->28890K(29312K) NonClass: 24022K(24256K)->24022K(24256K) Class: 4868K(5056K)->4868K(5056K)
[3276.624s][info][gc             ] GC(702) Pause Young (Mixed) (G1 Evacuation Pause) 3658M->1325M(4096M) 134.839ms
[3276.624s][info][gc,cpu         ] GC(702) User=0.80s Sys=0.00s Real=0.13s
...[3279.926s][info][gc,start       ] GC(703) Pause Young (Concurrent Start) (G1 Evacuation Pause)
[3279.926s][info][gc,task        ] GC(703) Using 6 workers of 6 for evacuation
[3280.042s][info][gc,phases      ] GC(703)   Pre Evacuate Collection Set: 0.36ms
[3280.042s][info][gc,phases      ] GC(703)   Merge Heap Roots: 0.45ms
[3280.042s][info][gc,phases      ] GC(703)   Evacuate Collection Set: 113.57ms
[3280.042s][info][gc,phases      ] GC(703)   Post Evacuate Collection Set: 0.86ms
[3280.042s][info][gc,phases      ] GC(703)   Other: 0.10ms
[3280.042s][info][gc,heap        ] GC(703) Eden regions: 1117->0(1120)
[3280.042s][info][gc,heap        ] GC(703) Survivor regions: 111->108(154)
[3280.042s][info][gc,heap        ] GC(703) Old regions: 473->505
[3280.042s][info][gc,heap        ] GC(703) Humongous regions: 80->80
[3280.042s][info][gc,metaspace   ] GC(703) Metaspace: 28890K(29312K)->28890K(29312K) NonClass: 24022K(24256K)->24022K(24256K) Class: 4868K(5056K)->4868K(5056K)
[3280.042s][info][gc             ] GC(703) Pause Young (Concurrent Start) (G1 Evacuation Pause) 3559M->1383M(4096M) 115.473ms
[3280.042s][info][gc             ] GC(704) Concurrent Mark Cycle
[3280.042s][info][gc,marking     ] GC(704) Concurrent Scan Root Regions
[3280.042s][info][gc,cpu         ] GC(703) User=0.69s Sys=0.00s Real=0.11s
.[3280.204s][info][gc,marking     ] GC(704) Concurrent Scan Root Regions 162.084ms
[3280.204s][info][gc,marking     ] GC(704) Concurrent Mark
[3280.204s][info][gc,marking     ] GC(704) Concurrent Mark From Roots
[3280.204s][info][gc,task        ] GC(704) Using 2 workers of 2 for marking
[3280.851s][info][gc,marking     ] GC(704) Concurrent Mark From Roots 647.507ms
[3280.851s][info][gc,marking     ] GC(704) Concurrent Preclean
[3280.852s][info][gc,marking     ] GC(704) Concurrent Preclean 0.218ms
[3280.852s][info][gc,start       ] GC(704) Pause Remark
[3280.855s][info][gc             ] GC(704) Pause Remark 1968M->1968M(4096M) 3.483ms
[3280.855s][info][gc,cpu         ] GC(704) User=0.02s Sys=0.00s Real=0.01s
[3280.855s][info][gc,marking     ] GC(704) Concurrent Mark 651.515ms
[3280.855s][info][gc,marking     ] GC(704) Concurrent Rebuild Remembered Sets and Scrub Regions
.[3281.099s][info][gc,marking     ] GC(704) Concurrent Rebuild Remembered Sets and Scrub Regions 243.485ms
[3281.099s][info][gc,start       ] GC(704) Pause Cleanup
[3281.099s][info][gc             ] GC(704) Pause Cleanup 2127M->2127M(4096M) 0.109ms
[3281.099s][info][gc,cpu         ] GC(704) User=0.00s Sys=0.00s Real=0.00s
[3281.099s][info][gc,marking     ] GC(704) Concurrent Clear Claimed Marks
[3281.099s][info][gc,marking     ] GC(704) Concurrent Clear Claimed Marks 0.022ms
[3281.099s][info][gc,marking     ] GC(704) Concurrent Cleanup for Next Mark
[3281.104s][info][gc,marking     ] GC(704) Concurrent Cleanup for Next Mark 4.460ms
[3281.104s][info][gc             ] GC(704) Concurrent Mark Cycle 1062.038ms
 (rIR:aIR:PR = 5535:5533:5533) (tPR = 82202) [OK] 
  3280s: Performance info:
         Transaction,    Success,    Partial,     Failed,   Receipts, AvgBarcode, 
             Overall,     334633,          0,          0,     317893,      59.47, 
         Response times:
             Request,    Success,    Partial,     Failed,   SkipFail,     Probes,    Samples,      min,      p50,      p90,      p95,      p99,      max, 
       TotalPurchase,     317893,          0,          0,          0,     311980,     339708,      300,     4400,    11000,    28000,    80000,   230000,
     InStorePurchase,     167310,          0,          0,          0,     164520,     178759,      300,     4300,    11000,    28000,    82000,   230000,
      OnlinePurchase,     117107,          0,          0,          0,     114900,     125245,      300,     4400,    10900,    28000,    78000,   230000,
        InstPurchase,      33476,          0,          0,          0,      32560,      35704,      400,     4700,    11200,    29000,    78000,   230000,
          AssocOfCat,        335,          0,          0,          0,        250,        353,    19500,    34000,    53600,    72900,   155380,   169000,
      AssocOfProduct,       3352,          0,          0,          0,       3158,       3616,      600,     2900,    10130,    19330,    74490,   151000,
      BusinessReport,        833,          0,          0,          0,        708,        877,    28000,    39000,    75200,    97100,   180440,   213000,
          CustBuyBeh,       3359,          0,          0,          0,       3120,       3572,      200,     3100,     8800,    19835,    60000,   147000,
       ProductReturn,       8861,          0,          0,          0,       8508,       9544,      200,     5000,    11500,    30000,    82000,   168000,

  3280s: (41%)   IR =   5673 ..[3283.339s][info][gc,start       ] GC(705) Pause Young (Prepare Mixed) (G1 Evacuation Pause)
[3283.339s][info][gc,task        ] GC(705) Using 6 workers of 6 for evacuation
[3283.456s][info][gc,phases      ] GC(705)   Pre Evacuate Collection Set: 0.31ms
[3283.456s][info][gc,phases      ] GC(705)   Merge Heap Roots: 0.51ms
[3283.456s][info][gc,phases      ] GC(705)   Evacuate Collection Set: 115.58ms
[3283.456s][info][gc,phases      ] GC(705)   Post Evacuate Collection Set: 0.97ms
[3283.456s][info][gc,phases      ] GC(705)   Other: 0.09ms
[3283.456s][info][gc,heap        ] GC(705) Eden regions: 1120->0(1109)
[3283.456s][info][gc,heap        ] GC(705) Survivor regions: 108->110(154)
[3283.456s][info][gc,heap        ] GC(705) Old regions: 505->536
[3283.456s][info][gc,heap        ] GC(705) Humongous regions: 80->80
[3283.456s][info][gc,metaspace   ] GC(705) Metaspace: 28890K(29312K)->28890K(29312K) NonClass: 24022K(24256K)->24022K(24256K) Class: 4868K(5056K)->4868K(5056K)
[3283.456s][info][gc             ] GC(705) Pause Young (Prepare Mixed) (G1 Evacuation Pause) 3623M->1450M(4096M) 117.603ms
[3283.456s][info][gc,cpu         ] GC(705) User=0.70s Sys=0.00s Real=0.12s
...[3286.700s][info][gc,start       ] GC(706) Pause Young (Mixed) (G1 Evacuation Pause)
[3286.700s][info][gc,task        ] GC(706) Using 6 workers of 6 for evacuation
[3286.833s][info][gc,phases      ] GC(706)   Pre Evacuate Collection Set: 0.34ms
[3286.833s][info][gc,phases      ] GC(706)   Merge Heap Roots: 0.79ms
[3286.833s][info][gc,phases      ] GC(706)   Evacuate Collection Set: 131.10ms
[3286.833s][info][gc,phases      ] GC(706)   Post Evacuate Collection Set: 0.96ms
[3286.833s][info][gc,phases      ] GC(706)   Other: 0.09ms
[3286.833s][info][gc,heap        ] GC(706) Eden regions: 1109->0(1120)
[3286.833s][info][gc,heap        ] GC(706) Survivor regions: 110->108(153)
[3286.833s][info][gc,heap        ] GC(706) Old regions: 536->473
[3286.833s][info][gc,heap        ] GC(706) Humongous regions: 80->80
[3286.833s][info][gc,metaspace   ] GC(706) Metaspace: 28890K(29312K)->28890K(29312K) NonClass: 24022K(24256K)->24022K(24256K) Class: 4868K(5056K)->4868K(5056K)
[3286.833s][info][gc             ] GC(706) Pause Young (Mixed) (G1 Evacuation Pause) 3668M->1319M(4096M) 133.415ms
[3286.833s][info][gc,cpu         ] GC(706) User=0.79s Sys=0.00s Real=0.13s
.|..[3290.007s][info][gc,start       ] GC(707) Pause Young (Concurrent Start) (G1 Evacuation Pause)
[3290.007s][info][gc,task        ] GC(707) Using 6 workers of 6 for evacuation
[3290.130s][info][gc,phases      ] GC(707)   Pre Evacuate Collection Set: 0.39ms
[3290.130s][info][gc,phases      ] GC(707)   Merge Heap Roots: 0.45ms
[3290.130s][info][gc,phases      ] GC(707)   Evacuate Collection Set: 120.75ms
[3290.130s][info][gc,phases      ] GC(707)   Post Evacuate Collection Set: 0.87ms
[3290.130s][info][gc,phases      ] GC(707)   Other: 0.10ms
[3290.130s][info][gc,heap        ] GC(707) Eden regions: 1120->0(1114)
[3290.130s][info][gc,heap        ] GC(707) Survivor regions: 108->114(154)
[3290.130s][info][gc,heap        ] GC(707) Old regions: 473->506
[3290.130s][info][gc,heap        ] GC(707) Humongous regions: 80->80
[3290.130s][info][gc,metaspace   ] GC(707) Metaspace: 28890K(29312K)->28890K(29312K) NonClass: 24022K(24256K)->24022K(24256K) Class: 4868K(5056K)->4868K(5056K)
[3290.130s][info][gc             ] GC(707) Pause Young (Concurrent Start) (G1 Evacuation Pause) 3559M->1396M(4096M) 122.692ms
[3290.130s][info][gc             ] GC(708) Concurrent Mark Cycle
[3290.130s][info][gc,marking     ] GC(708) Concurrent Scan Root Regions
[3290.130s][info][gc,cpu         ] GC(707) User=0.73s Sys=0.00s Real=0.12s
.[3290.263s][info][gc,marking     ] GC(708) Concurrent Scan Root Regions 133.040ms
[3290.263s][info][gc,marking     ] GC(708) Concurrent Mark
[3290.263s][info][gc,marking     ] GC(708) Concurrent Mark From Roots
[3290.263s][info][gc,task        ] GC(708) Using 2 workers of 2 for marking
[3290.913s][info][gc,marking     ] GC(708) Concurrent Mark From Roots 649.665ms
[3290.913s][info][gc,marking     ] GC(708) Concurrent Preclean
[3290.913s][info][gc,marking     ] GC(708) Concurrent Preclean 0.155ms
[3290.913s][info][gc,start       ] GC(708) Pause Remark
[3290.917s][info][gc             ] GC(708) Pause Remark 1980M->1980M(4096M) 4.536ms
[3290.918s][info][gc,cpu         ] GC(708) User=0.03s Sys=0.00s Real=0.01s
[3290.918s][info][gc,marking     ] GC(708) Concurrent Mark 654.640ms
[3290.918s][info][gc,marking     ] GC(708) Concurrent Rebuild Remembered Sets and Scrub Regions
[3291.161s][info][gc,marking     ] GC(708) Concurrent Rebuild Remembered Sets and Scrub Regions 243.350ms
[3291.161s][info][gc,start       ] GC(708) Pause Cleanup
[3291.161s][info][gc             ] GC(708) Pause Cleanup 2141M->2141M(4096M) 0.108ms
[3291.161s][info][gc,cpu         ] GC(708) User=0.00s Sys=0.00s Real=0.00s
[3291.161s][info][gc,marking     ] GC(708) Concurrent Clear Claimed Marks
[3291.161s][info][gc,marking     ] GC(708) Concurrent Clear Claimed Marks 0.023ms
[3291.161s][info][gc,marking     ] GC(708) Concurrent Cleanup for Next Mark
[3291.166s][info][gc,marking     ] GC(708) Concurrent Cleanup for Next Mark 4.464ms
[3291.166s][info][gc             ] GC(708) Concurrent Mark Cycle 1035.990ms
...[3293.318s][info][gc,start       ] GC(709) Pause Young (Prepare Mixed) (G1 Evacuation Pause)
[3293.318s][info][gc,task        ] GC(709) Using 6 workers of 6 for evacuation
[3293.435s][info][gc,phases      ] GC(709)   Pre Evacuate Collection Set: 0.35ms
[3293.435s][info][gc,phases      ] GC(709)   Merge Heap Roots: 0.50ms
[3293.435s][info][gc,phases      ] GC(709)   Evacuate Collection Set: 114.87ms
[3293.435s][info][gc,phases      ] GC(709)   Post Evacuate Collection Set: 0.91ms
[3293.435s][info][gc,phases      ] GC(709)   Other: 0.09ms
[3293.435s][info][gc,heap        ] GC(709) Eden regions: 1114->0(1107)
[3293.435s][info][gc,heap        ] GC(709) Survivor regions: 114->110(154)
[3293.435s][info][gc,heap        ] GC(709) Old regions: 506->538
[3293.435s][info][gc,heap        ] GC(709) Humongous regions: 80->80
[3293.435s][info][gc,metaspace   ] GC(709) Metaspace: 28890K(29312K)->28890K(29312K) NonClass: 24022K(24256K)->24022K(24256K) Class: 4868K(5056K)->4868K(5056K)
[3293.435s][info][gc             ] GC(709) Pause Young (Prepare Mixed) (G1 Evacuation Pause) 3624M->1452M(4096M) 116.846ms
[3293.435s][info][gc,cpu         ] GC(709) User=0.70s Sys=0.00s Real=0.12s
...[3296.618s][info][gc,start       ] GC(710) Pause Young (Mixed) (G1 Evacuation Pause)
[3296.618s][info][gc,task        ] GC(710) Using 6 workers of 6 for evacuation
[3296.752s][info][gc,phases      ] GC(710)   Pre Evacuate Collection Set: 0.36ms
[3296.752s][info][gc,phases      ] GC(710)   Merge Heap Roots: 0.71ms
[3296.752s][info][gc,phases      ] GC(710)   Evacuate Collection Set: 132.08ms
[3296.752s][info][gc,phases      ] GC(710)   Post Evacuate Collection Set: 0.92ms
[3296.752s][info][gc,phases      ] GC(710)   Other: 0.08ms
[3296.752s][info][gc,heap        ] GC(710) Eden regions: 1107->0(1118)
[3296.752s][info][gc,heap        ] GC(710) Survivor regions: 110->110(153)
[3296.752s][info][gc,heap        ] GC(710) Old regions: 538->473
[3296.752s][info][gc,heap        ] GC(710) Humongous regions: 80->80
[3296.752s][info][gc,metaspace   ] GC(710) Metaspace: 28890K(29312K)->28890K(29312K) NonClass: 24022K(24256K)->24022K(24256K) Class: 4868K(5056K)->4868K(5056K)
[3296.752s][info][gc             ] GC(710) Pause Young (Mixed) (G1 Evacuation Pause) 3666M->1323M(4096M) 134.296ms
[3296.752s][info][gc,cpu         ] GC(710) User=0.80s Sys=0.00s Real=0.13s
...[3299.897s][info][gc,start       ] GC(711) Pause Young (Concurrent Start) (G1 Evacuation Pause)
[3299.897s][info][gc,task        ] GC(711) Using 6 workers of 6 for evacuation
[3300.017s][info][gc,phases      ] GC(711)   Pre Evacuate Collection Set: 0.34ms
[3300.017s][info][gc,phases      ] GC(711)   Merge Heap Roots: 0.48ms
[3300.017s][info][gc,phases      ] GC(711)   Evacuate Collection Set: 117.65ms
[3300.017s][info][gc,phases      ] GC(711)   Post Evacuate Collection Set: 0.86ms
[3300.017s][info][gc,phases      ] GC(711)   Other: 0.10ms
[3300.017s][info][gc,heap        ] GC(711) Eden regions: 1118->0(1117)
[3300.017s][info][gc,heap        ] GC(711) Survivor regions: 110->111(154)
[3300.017s][info][gc,heap        ] GC(711) Old regions: 473->505
[3300.017s][info][gc,heap        ] GC(711) Humongous regions: 80->80
[3300.017s][info][gc,metaspace   ] GC(711) Metaspace: 28890K(29312K)->28890K(29312K) NonClass: 24022K(24256K)->24022K(24256K) Class: 4868K(5056K)->4868K(5056K)
[3300.017s][info][gc             ] GC(711) Pause Young (Concurrent Start) (G1 Evacuation Pause) 3559M->1388M(4096M) 119.563ms
[3300.017s][info][gc             ] GC(712) Concurrent Mark Cycle
[3300.017s][info][gc,marking     ] GC(712) Concurrent Scan Root Regions
[3300.017s][info][gc,cpu         ] GC(711) User=0.71s Sys=0.00s Real=0.12s
[3300.156s][info][gc,marking     ] GC(712) Concurrent Scan Root Regions 139.705ms
[3300.156s][info][gc,marking     ] GC(712) Concurrent Mark
[3300.156s][info][gc,marking     ] GC(712) Concurrent Mark From Roots
[3300.156s][info][gc,task        ] GC(712) Using 2 workers of 2 for marking
.[3300.810s][info][gc,marking     ] GC(712) Concurrent Mark From Roots 653.525ms
[3300.810s][info][gc,marking     ] GC(712) Concurrent Preclean
[3300.810s][info][gc,marking     ] GC(712) Concurrent Preclean 0.091ms
[3300.810s][info][gc,start       ] GC(712) Pause Remark
[3300.815s][info][gc             ] GC(712) Pause Remark 1954M->1954M(4096M) 4.826ms
[3300.815s][info][gc,cpu         ] GC(712) User=0.02s Sys=0.00s Real=0.01s
[3300.816s][info][gc,marking     ] GC(712) Concurrent Mark 659.239ms
[3300.816s][info][gc,marking     ] GC(712) Concurrent Rebuild Remembered Sets and Scrub Regions
[3301.064s][info][gc,marking     ] GC(712) Concurrent Rebuild Remembered Sets and Scrub Regions 248.472ms
[3301.064s][info][gc,start       ] GC(712) Pause Cleanup
[3301.064s][info][gc             ] GC(712) Pause Cleanup 2123M->2123M(4096M) 0.120ms
[3301.064s][info][gc,cpu         ] GC(712) User=0.00s Sys=0.00s Real=0.01s
[3301.065s][info][gc,marking     ] GC(712) Concurrent Clear Claimed Marks
[3301.065s][info][gc,marking     ] GC(712) Concurrent Clear Claimed Marks 0.024ms
[3301.065s][info][gc,marking     ] GC(712) Concurrent Cleanup for Next Mark
[3301.070s][info][gc,marking     ] GC(712) Concurrent Cleanup for Next Mark 5.457ms
[3301.070s][info][gc             ] GC(712) Concurrent Mark Cycle 1053.438ms
...[3303.327s][info][gc,start       ] GC(713) Pause Young (Prepare Mixed) (G1 Evacuation Pause)
[3303.328s][info][gc,task        ] GC(713) Using 6 workers of 6 for evacuation
[3303.445s][info][gc,phases      ] GC(713)   Pre Evacuate Collection Set: 0.37ms
[3303.445s][info][gc,phases      ] GC(713)   Merge Heap Roots: 0.54ms
[3303.445s][info][gc,phases      ] GC(713)   Evacuate Collection Set: 115.39ms
[3303.445s][info][gc,phases      ] GC(713)   Post Evacuate Collection Set: 0.92ms
[3303.445s][info][gc,phases      ] GC(713)   Other: 0.09ms
[3303.445s][info][gc,heap        ] GC(713) Eden regions: 1117->0(1109)
[3303.445s][info][gc,heap        ] GC(713) Survivor regions: 111->110(154)
[3303.445s][info][gc,heap        ] GC(713) Old regions: 505->536
[3303.445s][info][gc,heap        ] GC(713) Humongous regions: 80->80
[3303.445s][info][gc,metaspace   ] GC(713) Metaspace: 28890K(29312K)->28890K(29312K) NonClass: 24022K(24256K)->24022K(24256K) Class: 4868K(5056K)->4868K(5056K)
[3303.445s][info][gc             ] GC(713) Pause Young (Prepare Mixed) (G1 Evacuation Pause) 3622M->1449M(4096M) 117.436ms
[3303.445s][info][gc,cpu         ] GC(713) User=0.70s Sys=0.00s Real=0.12s
...[3306.606s][info][gc,start       ] GC(714) Pause Young (Mixed) (G1 Evacuation Pause)
[3306.606s][info][gc,task        ] GC(714) Using 6 workers of 6 for evacuation
[3306.742s][info][gc,phases      ] GC(714)   Pre Evacuate Collection Set: 0.35ms
[3306.742s][info][gc,phases      ] GC(714)   Merge Heap Roots: 0.71ms
[3306.742s][info][gc,phases      ] GC(714)   Evacuate Collection Set: 133.63ms
[3306.742s][info][gc,phases      ] GC(714)   Post Evacuate Collection Set: 0.91ms
[3306.742s][info][gc,phases      ] GC(714)   Other: 0.08ms
[3306.742s][info][gc,heap        ] GC(714) Eden regions: 1109->0(1117)
[3306.742s][info][gc,heap        ] GC(714) Survivor regions: 110->111(153)
[3306.742s][info][gc,heap        ] GC(714) Old regions: 536->473
[3306.742s][info][gc,heap        ] GC(714) Humongous regions: 80->80
[3306.742s][info][gc,metaspace   ] GC(714) Metaspace: 28890K(29312K)->28890K(29312K) NonClass: 24022K(24256K)->24022K(24256K) Class: 4868K(5056K)->4868K(5056K)
[3306.742s][info][gc             ] GC(714) Pause Young (Mixed) (G1 Evacuation Pause) 3667M->1324M(4096M) 135.816ms
[3306.742s][info][gc,cpu         ] GC(714) User=0.81s Sys=0.00s Real=0.13s
...[3309.861s][info][gc,start       ] GC(715) Pause Young (Concurrent Start) (G1 Evacuation Pause)
[3309.861s][info][gc,task        ] GC(715) Using 6 workers of 6 for evacuation
[3309.977s][info][gc,phases      ] GC(715)   Pre Evacuate Collection Set: 0.38ms
[3309.977s][info][gc,phases      ] GC(715)   Merge Heap Roots: 0.45ms
[3309.977s][info][gc,phases      ] GC(715)   Evacuate Collection Set: 114.01ms
[3309.977s][info][gc,phases      ] GC(715)   Post Evacuate Collection Set: 0.88ms
[3309.977s][info][gc,phases      ] GC(715)   Other: 0.11ms
[3309.977s][info][gc,heap        ] GC(715) Eden regions: 1117->0(1120)
[3309.977s][info][gc,heap        ] GC(715) Survivor regions: 111->108(154)
[3309.977s][info][gc,heap        ] GC(715) Old regions: 473->505
[3309.977s][info][gc,heap        ] GC(715) Humongous regions: 80->80
[3309.977s][info][gc,metaspace   ] GC(715) Metaspace: 28890K(29312K)->28890K(29312K) NonClass: 24022K(24256K)->24022K(24256K) Class: 4868K(5056K)->4868K(5056K)
[3309.977s][info][gc             ] GC(715) Pause Young (Concurrent Start) (G1 Evacuation Pause) 3558M->1383M(4096M) 115.962ms
[3309.977s][info][gc             ] GC(716) Concurrent Mark Cycle
[3309.977s][info][gc,marking     ] GC(716) Concurrent Scan Root Regions
[3309.977s][info][gc,cpu         ] GC(715) User=0.69s Sys=0.00s Real=0.12s
[3310.144s][info][gc,marking     ] GC(716) Concurrent Scan Root Regions 167.327ms
[3310.144s][info][gc,marking     ] GC(716) Concurrent Mark
[3310.144s][info][gc,marking     ] GC(716) Concurrent Mark From Roots
[3310.144s][info][gc,task        ] GC(716) Using 2 workers of 2 for marking
.[3311.090s][info][gc,marking     ] GC(716) Concurrent Mark From Roots 945.788ms
[3311.090s][info][gc,marking     ] GC(716) Concurrent Preclean
[3311.090s][info][gc,marking     ] GC(716) Concurrent Preclean 0.104ms
[3311.090s][info][gc,start       ] GC(716) Pause Remark
[3311.095s][info][gc             ] GC(716) Pause Remark 2170M->2170M(4096M) 5.266ms
[3311.095s][info][gc,cpu         ] GC(716) User=0.03s Sys=0.00s Real=0.01s
[3311.095s][info][gc,marking     ] GC(716) Concurrent Mark 951.401ms
[3311.095s][info][gc,marking     ] GC(716) Concurrent Rebuild Remembered Sets and Scrub Regions
.[3311.367s][info][gc,marking     ] GC(716) Concurrent Rebuild Remembered Sets and Scrub Regions 271.066ms
[3311.367s][info][gc,start       ] GC(716) Pause Cleanup
[3311.367s][info][gc             ] GC(716) Pause Cleanup 2366M->2366M(4096M) 0.108ms
[3311.367s][info][gc,cpu         ] GC(716) User=0.00s Sys=0.00s Real=0.00s
[3311.367s][info][gc,marking     ] GC(716) Concurrent Clear Claimed Marks
[3311.367s][info][gc,marking     ] GC(716) Concurrent Clear Claimed Marks 0.027ms
[3311.367s][info][gc,marking     ] GC(716) Concurrent Cleanup for Next Mark
[3311.371s][info][gc,marking     ] GC(716) Concurrent Cleanup for Next Mark 4.260ms
[3311.371s][info][gc             ] GC(716) Concurrent Mark Cycle 1394.532ms
..[3313.248s][info][gc,start       ] GC(717) Pause Young (Prepare Mixed) (G1 Evacuation Pause)
[3313.248s][info][gc,task        ] GC(717) Using 6 workers of 6 for evacuation
[3313.368s][info][gc,phases      ] GC(717)   Pre Evacuate Collection Set: 0.31ms
[3313.368s][info][gc,phases      ] GC(717)   Merge Heap Roots: 0.49ms
[3313.368s][info][gc,phases      ] GC(717)   Evacuate Collection Set: 118.08ms
[3313.368s][info][gc,phases      ] GC(717)   Post Evacuate Collection Set: 0.90ms
[3313.368s][info][gc,phases      ] GC(717)   Other: 0.09ms
[3313.368s][info][gc,heap        ] GC(717) Eden regions: 1120->0(1106)
[3313.368s][info][gc,heap        ] GC(717) Survivor regions: 108->111(154)
[3313.368s][info][gc,heap        ] GC(717) Old regions: 505->537
[3313.368s][info][gc,heap        ] GC(717) Humongous regions: 80->80
[3313.368s][info][gc,metaspace   ] GC(717) Metaspace: 28890K(29312K)->28890K(29312K) NonClass: 24022K(24256K)->24022K(24256K) Class: 4868K(5056K)->4868K(5056K)
[3313.368s][info][gc             ] GC(717) Pause Young (Prepare Mixed) (G1 Evacuation Pause) 3623M->1453M(4096M) 119.992ms
[3313.368s][info][gc,cpu         ] GC(717) User=0.72s Sys=0.00s Real=0.12s
...[3316.574s][info][gc,start       ] GC(718) Pause Young (Mixed) (G1 Evacuation Pause)
[3316.574s][info][gc,task        ] GC(718) Using 6 workers of 6 for evacuation
[3316.706s][info][gc,phases      ] GC(718)   Pre Evacuate Collection Set: 0.35ms
[3316.706s][info][gc,phases      ] GC(718)   Merge Heap Roots: 0.66ms
[3316.706s][info][gc,phases      ] GC(718)   Evacuate Collection Set: 130.66ms
[3316.706s][info][gc,phases      ] GC(718)   Post Evacuate Collection Set: 0.93ms
[3316.706s][info][gc,phases      ] GC(718)   Other: 0.08ms
[3316.706s][info][gc,heap        ] GC(718) Eden regions: 1106->0(1117)
[3316.706s][info][gc,heap        ] GC(718) Survivor regions: 111->111(153)
[3316.706s][info][gc,heap        ] GC(718) Old regions: 537->472
[3316.706s][info][gc,heap        ] GC(718) Humongous regions: 80->80
[3316.706s][info][gc,metaspace   ] GC(718) Metaspace: 28890K(29312K)->28890K(29312K) NonClass: 24022K(24256K)->24022K(24256K) Class: 4868K(5056K)->4868K(5056K)
[3316.706s][info][gc             ] GC(718) Pause Young (Mixed) (G1 Evacuation Pause) 3665M->1323M(4096M) 132.830ms
[3316.706s][info][gc,cpu         ] GC(718) User=0.79s Sys=0.00s Real=0.14s
...[3319.850s][info][gc,start       ] GC(719) Pause Young (Concurrent Start) (G1 Evacuation Pause)
[3319.850s][info][gc,task        ] GC(719) Using 6 workers of 6 for evacuation
[3319.967s][info][gc,phases      ] GC(719)   Pre Evacuate Collection Set: 0.35ms
[3319.967s][info][gc,phases      ] GC(719)   Merge Heap Roots: 0.46ms
[3319.967s][info][gc,phases      ] GC(719)   Evacuate Collection Set: 115.08ms
[3319.967s][info][gc,phases      ] GC(719)   Post Evacuate Collection Set: 0.84ms
[3319.967s][info][gc,phases      ] GC(719)   Other: 0.12ms
[3319.967s][info][gc,heap        ] GC(719) Eden regions: 1117->0(1118)
[3319.967s][info][gc,heap        ] GC(719) Survivor regions: 111->110(154)
[3319.967s][info][gc,heap        ] GC(719) Old regions: 472->505
[3319.967s][info][gc,heap        ] GC(719) Humongous regions: 80->80
[3319.967s][info][gc,metaspace   ] GC(719) Metaspace: 28890K(29312K)->28890K(29312K) NonClass: 24022K(24256K)->24022K(24256K) Class: 4868K(5056K)->4868K(5056K)
[3319.967s][info][gc             ] GC(719) Pause Young (Concurrent Start) (G1 Evacuation Pause) 3557M->1386M(4096M) 116.995ms
[3319.967s][info][gc             ] GC(720) Concurrent Mark Cycle
[3319.967s][info][gc,marking     ] GC(720) Concurrent Scan Root Regions
[3319.967s][info][gc,cpu         ] GC(719) User=0.70s Sys=0.00s Real=0.12s
[3320.141s][info][gc,marking     ] GC(720) Concurrent Scan Root Regions 173.545ms
[3320.141s][info][gc,marking     ] GC(720) Concurrent Mark
[3320.141s][info][gc,marking     ] GC(720) Concurrent Mark From Roots
[3320.141s][info][gc,task        ] GC(720) Using 2 workers of 2 for marking
.[3321.109s][info][gc,marking     ] GC(720) Concurrent Mark From Roots 968.416ms
[3321.109s][info][gc,marking     ] GC(720) Concurrent Preclean
[3321.109s][info][gc,marking     ] GC(720) Concurrent Preclean 0.087ms
[3321.109s][info][gc,start       ] GC(720) Pause Remark
[3321.114s][info][gc             ] GC(720) Pause Remark 2200M->2200M(4096M) 4.703ms
[3321.114s][info][gc,cpu         ] GC(720) User=0.03s Sys=0.01s Real=0.00s
[3321.114s][info][gc,marking     ] GC(720) Concurrent Mark 973.473ms
[3321.114s][info][gc,marking     ] GC(720) Concurrent Rebuild Remembered Sets and Scrub Regions
.[3321.379s][info][gc,marking     ] GC(720) Concurrent Rebuild Remembered Sets and Scrub Regions 264.868ms
[3321.379s][info][gc,start       ] GC(720) Pause Cleanup
[3321.379s][info][gc             ] GC(720) Pause Cleanup 2374M->2374M(4096M) 0.114ms
[3321.379s][info][gc,cpu         ] GC(720) User=0.00s Sys=0.00s Real=0.00s
[3321.381s][info][gc,marking     ] GC(720) Concurrent Clear Claimed Marks
[3321.381s][info][gc,marking     ] GC(720) Concurrent Clear Claimed Marks 0.037ms
[3321.381s][info][gc,marking     ] GC(720) Concurrent Cleanup for Next Mark
[3321.389s][info][gc,marking     ] GC(720) Concurrent Cleanup for Next Mark 8.201ms
[3321.389s][info][gc             ] GC(720) Concurrent Mark Cycle 1422.017ms
.[3323.233s][info][gc,start       ] GC(721) Pause Young (Prepare Mixed) (G1 Evacuation Pause)
[3323.233s][info][gc,task        ] GC(721) Using 6 workers of 6 for evacuation
[3323.351s][info][gc,phases      ] GC(721)   Pre Evacuate Collection Set: 0.31ms
[3323.351s][info][gc,phases      ] GC(721)   Merge Heap Roots: 0.51ms
[3323.351s][info][gc,phases      ] GC(721)   Evacuate Collection Set: 116.58ms
[3323.351s][info][gc,phases      ] GC(721)   Post Evacuate Collection Set: 0.92ms
[3323.351s][info][gc,phases      ] GC(721)   Other: 0.09ms
[3323.351s][info][gc,heap        ] GC(721) Eden regions: 1118->0(1108)
[3323.351s][info][gc,heap        ] GC(721) Survivor regions: 110->110(154)
[3323.351s][info][gc,heap        ] GC(721) Old regions: 505->537
[3323.351s][info][gc,heap        ] GC(721) Humongous regions: 80->80
[3323.351s][info][gc,metaspace   ] GC(721) Metaspace: 28890K(29312K)->28890K(29312K) NonClass: 24022K(24256K)->24022K(24256K) Class: 4868K(5056K)->4868K(5056K)
[3323.351s][info][gc             ] GC(721) Pause Young (Prepare Mixed) (G1 Evacuation Pause) 3622M->1450M(4096M) 118.539ms
[3323.351s][info][gc,cpu         ] GC(721) User=0.70s Sys=0.00s Real=0.12s
....[3326.550s][info][gc,start       ] GC(722) Pause Young (Mixed) (G1 Evacuation Pause)
[3326.550s][info][gc,task        ] GC(722) Using 6 workers of 6 for evacuation
[3326.685s][info][gc,phases      ] GC(722)   Pre Evacuate Collection Set: 0.34ms
[3326.685s][info][gc,phases      ] GC(722)   Merge Heap Roots: 0.67ms
[3326.685s][info][gc,phases      ] GC(722)   Evacuate Collection Set: 132.62ms
[3326.685s][info][gc,phases      ] GC(722)   Post Evacuate Collection Set: 0.94ms
[3326.685s][info][gc,phases      ] GC(722)   Other: 0.08ms
[3326.685s][info][gc,heap        ] GC(722) Eden regions: 1108->0(1117)
[3326.685s][info][gc,heap        ] GC(722) Survivor regions: 110->111(153)
[3326.685s][info][gc,heap        ] GC(722) Old regions: 537->473
[3326.685s][info][gc,heap        ] GC(722) Humongous regions: 80->80
[3326.685s][info][gc,metaspace   ] GC(722) Metaspace: 28890K(29312K)->28890K(29312K) NonClass: 24022K(24256K)->24022K(24256K) Class: 4868K(5056K)->4868K(5056K)
[3326.685s][info][gc             ] GC(722) Pause Young (Mixed) (G1 Evacuation Pause) 3666M->1325M(4096M) 134.799ms
[3326.685s][info][gc,cpu         ] GC(722) User=0.81s Sys=0.00s Real=0.14s
...[3329.893s][info][gc,start       ] GC(723) Pause Young (Concurrent Start) (G1 Evacuation Pause)
[3329.893s][info][gc,task        ] GC(723) Using 6 workers of 6 for evacuation
[3330.013s][info][gc,phases      ] GC(723)   Pre Evacuate Collection Set: 0.35ms
[3330.013s][info][gc,phases      ] GC(723)   Merge Heap Roots: 0.46ms
[3330.013s][info][gc,phases      ] GC(723)   Evacuate Collection Set: 118.06ms
[3330.013s][info][gc,phases      ] GC(723)   Post Evacuate Collection Set: 0.89ms
[3330.013s][info][gc,phases      ] GC(723)   Other: 0.10ms
[3330.013s][info][gc,heap        ] GC(723) Eden regions: 1117->0(1117)
[3330.013s][info][gc,heap        ] GC(723) Survivor regions: 111->111(154)
[3330.013s][info][gc,heap        ] GC(723) Old regions: 473->505
[3330.013s][info][gc,heap        ] GC(723) Humongous regions: 80->80
[3330.013s][info][gc,metaspace   ] GC(723) Metaspace: 28890K(29312K)->28890K(29312K) NonClass: 24022K(24256K)->24022K(24256K) Class: 4868K(5056K)->4868K(5056K)
[3330.013s][info][gc             ] GC(723) Pause Young (Concurrent Start) (G1 Evacuation Pause) 3559M->1389M(4096M) 119.992ms
[3330.013s][info][gc             ] GC(724) Concurrent Mark Cycle
[3330.013s][info][gc,marking     ] GC(724) Concurrent Scan Root Regions
[3330.013s][info][gc,cpu         ] GC(723) User=0.72s Sys=0.00s Real=0.12s
[3330.146s][info][gc,marking     ] GC(724) Concurrent Scan Root Regions 133.142ms
[3330.146s][info][gc,marking     ] GC(724) Concurrent Mark
[3330.146s][info][gc,marking     ] GC(724) Concurrent Mark From Roots
[3330.146s][info][gc,task        ] GC(724) Using 2 workers of 2 for marking
.[3331.064s][info][gc,marking     ] GC(724) Concurrent Mark From Roots 918.001ms
[3331.064s][info][gc,marking     ] GC(724) Concurrent Preclean
[3331.064s][info][gc,marking     ] GC(724) Concurrent Preclean 0.090ms
[3331.064s][info][gc,start       ] GC(724) Pause Remark
[3331.069s][info][gc             ] GC(724) Pause Remark 2157M->2157M(4096M) 4.856ms
[3331.069s][info][gc,cpu         ] GC(724) User=0.03s Sys=0.00s Real=0.01s
[3331.069s][info][gc,marking     ] GC(724) Concurrent Mark 923.202ms
[3331.069s][info][gc,marking     ] GC(724) Concurrent Rebuild Remembered Sets and Scrub Regions
.[3331.479s][info][gc,marking     ] GC(724) Concurrent Rebuild Remembered Sets and Scrub Regions 409.904ms
[3331.479s][info][gc,start       ] GC(724) Pause Cleanup
[3331.479s][info][gc             ] GC(724) Pause Cleanup 2492M->2492M(4096M) 0.116ms
[3331.479s][info][gc,cpu         ] GC(724) User=0.00s Sys=0.00s Real=0.00s
[3331.479s][info][gc,marking     ] GC(724) Concurrent Clear Claimed Marks
[3331.479s][info][gc,marking     ] GC(724) Concurrent Clear Claimed Marks 0.019ms
[3331.479s][info][gc,marking     ] GC(724) Concurrent Cleanup for Next Mark
[3331.483s][info][gc,marking     ] GC(724) Concurrent Cleanup for Next Mark 3.969ms
[3331.483s][info][gc             ] GC(724) Concurrent Mark Cycle 1470.662ms
.[3333.204s][info][gc,start       ] GC(725) Pause Young (Prepare Mixed) (G1 Evacuation Pause)
[3333.204s][info][gc,task        ] GC(725) Using 6 workers of 6 for evacuation
[3333.321s][info][gc,phases      ] GC(725)   Pre Evacuate Collection Set: 0.33ms
[3333.321s][info][gc,phases      ] GC(725)   Merge Heap Roots: 0.52ms
[3333.321s][info][gc,phases      ] GC(725)   Evacuate Collection Set: 115.38ms
[3333.321s][info][gc,phases      ] GC(725)   Post Evacuate Collection Set: 0.92ms
[3333.321s][info][gc,phases      ] GC(725)   Other: 0.10ms
[3333.321s][info][gc,heap        ] GC(725) Eden regions: 1117->0(1109)
[3333.321s][info][gc,heap        ] GC(725) Survivor regions: 111->109(154)
[3333.321s][info][gc,heap        ] GC(725) Old regions: 505->538
[3333.321s][info][gc,heap        ] GC(725) Humongous regions: 80->80
[3333.321s][info][gc,metaspace   ] GC(725) Metaspace: 28890K(29312K)->28890K(29312K) NonClass: 24022K(24256K)->24022K(24256K) Class: 4868K(5056K)->4868K(5056K)
[3333.321s][info][gc             ] GC(725) Pause Young (Prepare Mixed) (G1 Evacuation Pause) 3623M->1450M(4096M) 117.405ms
[3333.321s][info][gc,cpu         ] GC(725) User=0.70s Sys=0.00s Real=0.12s
....[3336.476s][info][gc,start       ] GC(726) Pause Young (Mixed) (G1 Evacuation Pause)
[3336.476s][info][gc,task        ] GC(726) Using 6 workers of 6 for evacuation
[3336.614s][info][gc,phases      ] GC(726)   Pre Evacuate Collection Set: 0.34ms
[3336.614s][info][gc,phases      ] GC(726)   Merge Heap Roots: 0.75ms
[3336.614s][info][gc,phases      ] GC(726)   Evacuate Collection Set: 135.49ms
[3336.614s][info][gc,phases      ] GC(726)   Post Evacuate Collection Set: 0.94ms
[3336.614s][info][gc,phases      ] GC(726)   Other: 0.08ms
[3336.614s][info][gc,heap        ] GC(726) Eden regions: 1109->0(1116)
[3336.614s][info][gc,heap        ] GC(726) Survivor regions: 109->112(153)
[3336.614s][info][gc,heap        ] GC(726) Old regions: 538->474
[3336.614s][info][gc,heap        ] GC(726) Humongous regions: 80->80
[3336.614s][info][gc,metaspace   ] GC(726) Metaspace: 28890K(29312K)->28890K(29312K) NonClass: 24022K(24256K)->24022K(24256K) Class: 4868K(5056K)->4868K(5056K)
[3336.614s][info][gc             ] GC(726) Pause Young (Mixed) (G1 Evacuation Pause) 3668M->1328M(4096M) 137.735ms
[3336.614s][info][gc,cpu         ] GC(726) User=0.82s Sys=0.00s Real=0.13s
...[3339.854s][info][gc,start       ] GC(727) Pause Young (Concurrent Start) (G1 Evacuation Pause)
[3339.854s][info][gc,task        ] GC(727) Using 6 workers of 6 for evacuation
[3339.974s][info][gc,phases      ] GC(727)   Pre Evacuate Collection Set: 0.38ms
[3339.974s][info][gc,phases      ] GC(727)   Merge Heap Roots: 0.50ms
[3339.974s][info][gc,phases      ] GC(727)   Evacuate Collection Set: 118.16ms
[3339.974s][info][gc,phases      ] GC(727)   Post Evacuate Collection Set: 0.87ms
[3339.974s][info][gc,phases      ] GC(727)   Other: 0.10ms
[3339.974s][info][gc,heap        ] GC(727) Eden regions: 1116->0(1116)
[3339.974s][info][gc,heap        ] GC(727) Survivor regions: 112->112(154)
[3339.974s][info][gc,heap        ] GC(727) Old regions: 474->505
[3339.975s][info][gc,heap        ] GC(727) Humongous regions: 80->80
[3339.975s][info][gc,metaspace   ] GC(727) Metaspace: 28890K(29312K)->28890K(29312K) NonClass: 24022K(24256K)->24022K(24256K) Class: 4868K(5056K)->4868K(5056K)
[3339.975s][info][gc             ] GC(727) Pause Young (Concurrent Start) (G1 Evacuation Pause) 3560M->1392M(4096M) 120.152ms
[3339.975s][info][gc             ] GC(728) Concurrent Mark Cycle
[3339.975s][info][gc,marking     ] GC(728) Concurrent Scan Root Regions
[3339.975s][info][gc,cpu         ] GC(727) User=0.72s Sys=0.00s Real=0.13s
[3340.145s][info][gc,marking     ] GC(728) Concurrent Scan Root Regions 170.686ms
[3340.145s][info][gc,marking     ] GC(728) Concurrent Mark
[3340.145s][info][gc,marking     ] GC(728) Concurrent Mark From Roots
[3340.145s][info][gc,task        ] GC(728) Using 2 workers of 2 for marking
.[3341.087s][info][gc,marking     ] GC(728) Concurrent Mark From Roots 941.672ms
[3341.087s][info][gc,marking     ] GC(728) Concurrent Preclean
[3341.087s][info][gc,marking     ] GC(728) Concurrent Preclean 0.117ms
[3341.087s][info][gc,start       ] GC(728) Pause Remark
[3341.093s][info][gc             ] GC(728) Pause Remark 2217M->2217M(4096M) 5.836ms
[3341.093s][info][gc,cpu         ] GC(728) User=0.03s Sys=0.00s Real=0.00s
[3341.093s][info][gc,marking     ] GC(728) Concurrent Mark 947.957ms
[3341.093s][info][gc,marking     ] GC(728) Concurrent Rebuild Remembered Sets and Scrub Regions
[3341.340s][info][gc,marking     ] GC(728) Concurrent Rebuild Remembered Sets and Scrub Regions 247.013ms
[3341.341s][info][gc,start       ] GC(728) Pause Cleanup
[3341.341s][info][gc             ] GC(728) Pause Cleanup 2386M->2386M(4096M) 0.120ms
[3341.341s][info][gc,cpu         ] GC(728) User=0.00s Sys=0.00s Real=0.00s
[3341.341s][info][gc,marking     ] GC(728) Concurrent Clear Claimed Marks
[3341.341s][info][gc,marking     ] GC(728) Concurrent Clear Claimed Marks 0.028ms
[3341.341s][info][gc,marking     ] GC(728) Concurrent Cleanup for Next Mark
[3341.345s][info][gc,marking     ] GC(728) Concurrent Cleanup for Next Mark 3.472ms
[3341.345s][info][gc             ] GC(728) Concurrent Mark Cycle 1370.041ms
..[3343.177s][info][gc,start       ] GC(729) Pause Young (Prepare Mixed) (G1 Evacuation Pause)
[3343.177s][info][gc,task        ] GC(729) Using 6 workers of 6 for evacuation
[3343.295s][info][gc,phases      ] GC(729)   Pre Evacuate Collection Set: 0.35ms
[3343.296s][info][gc,phases      ] GC(729)   Merge Heap Roots: 0.53ms
[3343.296s][info][gc,phases      ] GC(729)   Evacuate Collection Set: 116.86ms
[3343.296s][info][gc,phases      ] GC(729)   Post Evacuate Collection Set: 0.91ms
[3343.296s][info][gc,phases      ] GC(729)   Other: 0.09ms
[3343.296s][info][gc,heap        ] GC(729) Eden regions: 1116->0(1104)
[3343.296s][info][gc,heap        ] GC(729) Survivor regions: 112->112(154)
[3343.296s][info][gc,heap        ] GC(729) Old regions: 505->537
[3343.296s][info][gc,heap        ] GC(729) Humongous regions: 80->80
[3343.296s][info][gc,metaspace   ] GC(729) Metaspace: 28890K(29312K)->28890K(29312K) NonClass: 24022K(24256K)->24022K(24256K) Class: 4868K(5056K)->4868K(5056K)
[3343.296s][info][gc             ] GC(729) Pause Young (Prepare Mixed) (G1 Evacuation Pause) 3624M->1454M(4096M) 118.882ms
[3343.296s][info][gc,cpu         ] GC(729) User=0.70s Sys=0.00s Real=0.12s
....[3346.465s][info][gc,start       ] GC(730) Pause Young (Mixed) (G1 Evacuation Pause)
[3346.465s][info][gc,task        ] GC(730) Using 6 workers of 6 for evacuation
[3346.598s][info][gc,phases      ] GC(730)   Pre Evacuate Collection Set: 0.36ms
[3346.598s][info][gc,phases      ] GC(730)   Merge Heap Roots: 0.68ms
[3346.598s][info][gc,phases      ] GC(730)   Evacuate Collection Set: 131.21ms
[3346.598s][info][gc,phases      ] GC(730)   Post Evacuate Collection Set: 0.92ms
[3346.598s][info][gc,phases      ] GC(730)   Other: 0.08ms
[3346.598s][info][gc,heap        ] GC(730) Eden regions: 1104->0(1119)
[3346.598s][info][gc,heap        ] GC(730) Survivor regions: 112->109(152)
[3346.598s][info][gc,heap        ] GC(730) Old regions: 537->472
[3346.598s][info][gc,heap        ] GC(730) Humongous regions: 80->80
[3346.598s][info][gc,metaspace   ] GC(730) Metaspace: 28890K(29312K)->28890K(29312K) NonClass: 24022K(24256K)->24022K(24256K) Class: 4868K(5056K)->4868K(5056K)
[3346.598s][info][gc             ] GC(730) Pause Young (Mixed) (G1 Evacuation Pause) 3662M->1320M(4096M) 133.383ms
[3346.598s][info][gc,cpu         ] GC(730) User=0.79s Sys=0.00s Real=0.13s
. (rIR:aIR:PR = 5673:5676:5676) (tPR = 84449) [OK] 
  3347s: Performance info:
         Transaction,    Success,    Partial,     Failed,   Receipts, AvgBarcode, 
             Overall,     342108,          0,          0,     325029,      59.48, 
         Response times:
             Request,    Success,    Partial,     Failed,   SkipFail,     Probes,    Samples,      min,      p50,      p90,      p95,      p99,      max, 
       TotalPurchase,     325031,          0,          0,          0,     318612,     352599,      300,     4500,    11200,    29000,    80000,   305000,
     InStorePurchase,     171129,          0,          0,          0,     168125,     185475,      300,     4400,    11000,    28000,    80000,   305000,
      OnlinePurchase,     119708,          0,          0,          0,     117220,     129793,      300,     4600,    11300,    30000,    80000,   305000,
        InstPurchase,      34194,          0,          0,          0,      33267,      37331,      400,     4700,    11600,    30000,    80000,   230000,
          AssocOfCat,        346,          0,          0,          0,        277,        386,    23000,    35000,    68600,    87000,   178520,   261000,
      AssocOfProduct,       3420,          0,          0,          0,       3184,       3709,      500,     5600,    12300,    33000,    99000,   165000,
      BusinessReport,        855,          0,          0,          0,        736,        922,    26000,    39000,    75000,   102850,   193000,   297000,
          CustBuyBeh,       3404,          0,          0,          0,       3170,       3724,      300,     4500,    10450,    29000,    82000,   199000,
       ProductReturn,       9055,          0,          0,          0,       8734,       9853,      200,     3300,     9960,    26000,    74460,   249000,

  3347s: (42%)   IR =   5812 ..[3349.694s][info][gc,start       ] GC(731) Pause Young (Concurrent Start) (G1 Evacuation Pause)
[3349.694s][info][gc,task        ] GC(731) Using 6 workers of 6 for evacuation
[3349.807s][info][gc,phases      ] GC(731)   Pre Evacuate Collection Set: 0.32ms
[3349.807s][info][gc,phases      ] GC(731)   Merge Heap Roots: 0.45ms
[3349.807s][info][gc,phases      ] GC(731)   Evacuate Collection Set: 111.39ms
[3349.807s][info][gc,phases      ] GC(731)   Post Evacuate Collection Set: 0.87ms
[3349.807s][info][gc,phases      ] GC(731)   Other: 0.10ms
[3349.807s][info][gc,heap        ] GC(731) Eden regions: 1119->0(1121)
[3349.807s][info][gc,heap        ] GC(731) Survivor regions: 109->107(154)
[3349.807s][info][gc,heap        ] GC(731) Old regions: 472->504
[3349.807s][info][gc,heap        ] GC(731) Humongous regions: 80->80
[3349.807s][info][gc,metaspace   ] GC(731) Metaspace: 28890K(29312K)->28890K(29312K) NonClass: 24022K(24256K)->24022K(24256K) Class: 4868K(5056K)->4868K(5056K)
[3349.807s][info][gc             ] GC(731) Pause Young (Concurrent Start) (G1 Evacuation Pause) 3558M->1378M(4096M) 113.259ms
[3349.807s][info][gc             ] GC(732) Concurrent Mark Cycle
[3349.807s][info][gc,marking     ] GC(732) Concurrent Scan Root Regions
[3349.807s][info][gc,cpu         ] GC(731) User=0.67s Sys=0.00s Real=0.12s
[3349.936s][info][gc,marking     ] GC(732) Concurrent Scan Root Regions 129.139ms
[3349.936s][info][gc,marking     ] GC(732) Concurrent Mark
[3349.936s][info][gc,marking     ] GC(732) Concurrent Mark From Roots
[3349.936s][info][gc,task        ] GC(732) Using 2 workers of 2 for marking
.[3350.601s][info][gc,marking     ] GC(732) Concurrent Mark From Roots 665.245ms
[3350.601s][info][gc,marking     ] GC(732) Concurrent Preclean
[3350.601s][info][gc,marking     ] GC(732) Concurrent Preclean 0.148ms
[3350.602s][info][gc,start       ] GC(732) Pause Remark
[3350.607s][info][gc             ] GC(732) Pause Remark 2001M->2001M(4096M) 5.408ms
[3350.607s][info][gc,cpu         ] GC(732) User=0.03s Sys=0.00s Real=0.01s
[3350.607s][info][gc,marking     ] GC(732) Concurrent Mark 671.276ms
[3350.607s][info][gc,marking     ] GC(732) Concurrent Rebuild Remembered Sets and Scrub Regions
[3350.815s][info][gc,marking     ] GC(732) Concurrent Rebuild Remembered Sets and Scrub Regions 207.667ms
[3350.815s][info][gc,start       ] GC(732) Pause Cleanup
[3350.815s][info][gc             ] GC(732) Pause Cleanup 2133M->2133M(4096M) 0.101ms
[3350.815s][info][gc,cpu         ] GC(732) User=0.00s Sys=0.00s Real=0.00s
[3350.815s][info][gc,marking     ] GC(732) Concurrent Clear Claimed Marks
[3350.815s][info][gc,marking     ] GC(732) Concurrent Clear Claimed Marks 0.020ms
[3350.815s][info][gc,marking     ] GC(732) Concurrent Cleanup for Next Mark
[3350.820s][info][gc,marking     ] GC(732) Concurrent Cleanup for Next Mark 4.864ms
[3350.820s][info][gc             ] GC(732) Concurrent Mark Cycle 1013.408ms
..|[3352.987s][info][gc,start       ] GC(733) Pause Young (Prepare Mixed) (G1 Evacuation Pause)
[3352.987s][info][gc,task        ] GC(733) Using 6 workers of 6 for evacuation
[3353.104s][info][gc,phases      ] GC(733)   Pre Evacuate Collection Set: 0.35ms
[3353.104s][info][gc,phases      ] GC(733)   Merge Heap Roots: 0.55ms
[3353.104s][info][gc,phases      ] GC(733)   Evacuate Collection Set: 115.54ms
[3353.104s][info][gc,phases      ] GC(733)   Post Evacuate Collection Set: 0.90ms
[3353.104s][info][gc,phases      ] GC(733)   Other: 0.09ms
[3353.104s][info][gc,heap        ] GC(733) Eden regions: 1121->0(1112)
[3353.104s][info][gc,heap        ] GC(733) Survivor regions: 107->109(154)
[3353.104s][info][gc,heap        ] GC(733) Old regions: 504->535
[3353.104s][info][gc,heap        ] GC(733) Humongous regions: 80->80
[3353.104s][info][gc,metaspace   ] GC(733) Metaspace: 28890K(29312K)->28890K(29312K) NonClass: 24022K(24256K)->24022K(24256K) Class: 4868K(5056K)->4868K(5056K)
[3353.104s][info][gc             ] GC(733) Pause Young (Prepare Mixed) (G1 Evacuation Pause) 3620M->1446M(4096M) 117.565ms
[3353.104s][info][gc,cpu         ] GC(733) User=0.70s Sys=0.00s Real=0.12s
...[3356.187s][info][gc,start       ] GC(734) Pause Young (Mixed) (G1 Evacuation Pause)
[3356.187s][info][gc,task        ] GC(734) Using 6 workers of 6 for evacuation
[3356.322s][info][gc,phases      ] GC(734)   Pre Evacuate Collection Set: 0.34ms
[3356.322s][info][gc,phases      ] GC(734)   Merge Heap Roots: 0.63ms
[3356.322s][info][gc,phases      ] GC(734)   Evacuate Collection Set: 132.82ms
[3356.322s][info][gc,phases      ] GC(734)   Post Evacuate Collection Set: 0.99ms
[3356.322s][info][gc,phases      ] GC(734)   Other: 0.09ms
[3356.322s][info][gc,heap        ] GC(734) Eden regions: 1112->0(1117)
[3356.322s][info][gc,heap        ] GC(734) Survivor regions: 109->111(153)
[3356.322s][info][gc,heap        ] GC(734) Old regions: 535->471
[3356.322s][info][gc,heap        ] GC(734) Humongous regions: 80->80
[3356.322s][info][gc,metaspace   ] GC(734) Metaspace: 28890K(29312K)->28890K(29312K) NonClass: 24022K(24256K)->24022K(24256K) Class: 4868K(5056K)->4868K(5056K)
[3356.322s][info][gc             ] GC(734) Pause Young (Mixed) (G1 Evacuation Pause) 3670M->1322M(4096M) 135.000ms
[3356.322s][info][gc,cpu         ] GC(734) User=0.80s Sys=0.00s Real=0.13s
...[3359.409s][info][gc,start       ] GC(735) Pause Young (Concurrent Start) (G1 Evacuation Pause)
[3359.409s][info][gc,task        ] GC(735) Using 6 workers of 6 for evacuation
[3359.528s][info][gc,phases      ] GC(735)   Pre Evacuate Collection Set: 0.33ms
[3359.528s][info][gc,phases      ] GC(735)   Merge Heap Roots: 0.51ms
[3359.528s][info][gc,phases      ] GC(735)   Evacuate Collection Set: 117.40ms
[3359.528s][info][gc,phases      ] GC(735)   Post Evacuate Collection Set: 0.97ms
[3359.528s][info][gc,phases      ] GC(735)   Other: 0.11ms
[3359.528s][info][gc,heap        ] GC(735) Eden regions: 1117->0(1117)
[3359.528s][info][gc,heap        ] GC(735) Survivor regions: 111->111(154)
[3359.528s][info][gc,heap        ] GC(735) Old regions: 471->505
[3359.528s][info][gc,heap        ] GC(735) Humongous regions: 80->80
[3359.528s][info][gc,metaspace   ] GC(735) Metaspace: 28890K(29312K)->28890K(29312K) NonClass: 24022K(24256K)->24022K(24256K) Class: 4868K(5056K)->4868K(5056K)
[3359.528s][info][gc             ] GC(735) Pause Young (Concurrent Start) (G1 Evacuation Pause) 3556M->1388M(4096M) 119.460ms
[3359.528s][info][gc             ] GC(736) Concurrent Mark Cycle
[3359.528s][info][gc,marking     ] GC(736) Concurrent Scan Root Regions
[3359.528s][info][gc,cpu         ] GC(735) User=0.70s Sys=0.00s Real=0.12s
.[3359.663s][info][gc,marking     ] GC(736) Concurrent Scan Root Regions 134.117ms
[3359.663s][info][gc,marking     ] GC(736) Concurrent Mark
[3359.663s][info][gc,marking     ] GC(736) Concurrent Mark From Roots
[3359.663s][info][gc,task        ] GC(736) Using 2 workers of 2 for marking
[3360.343s][info][gc,marking     ] GC(736) Concurrent Mark From Roots 680.546ms
[3360.343s][info][gc,marking     ] GC(736) Concurrent Preclean
[3360.343s][info][gc,marking     ] GC(736) Concurrent Preclean 0.117ms
[3360.344s][info][gc,start       ] GC(736) Pause Remark
[3360.347s][info][gc             ] GC(736) Pause Remark 2060M->2060M(4096M) 2.882ms
[3360.347s][info][gc,cpu         ] GC(736) User=0.01s Sys=0.00s Real=0.01s
[3360.347s][info][gc,marking     ] GC(736) Concurrent Mark 684.206ms
[3360.347s][info][gc,marking     ] GC(736) Concurrent Rebuild Remembered Sets and Scrub Regions
.[3360.588s][info][gc,marking     ] GC(736) Concurrent Rebuild Remembered Sets and Scrub Regions 241.406ms
[3360.588s][info][gc,start       ] GC(736) Pause Cleanup
[3360.588s][info][gc             ] GC(736) Pause Cleanup 2183M->2183M(4096M) 0.111ms
[3360.589s][info][gc,cpu         ] GC(736) User=0.00s Sys=0.00s Real=0.00s
[3360.589s][info][gc,marking     ] GC(736) Concurrent Clear Claimed Marks
[3360.589s][info][gc,marking     ] GC(736) Concurrent Clear Claimed Marks 0.035ms
[3360.589s][info][gc,marking     ] GC(736) Concurrent Cleanup for Next Mark
[3360.594s][info][gc,marking     ] GC(736) Concurrent Cleanup for Next Mark 4.791ms
[3360.594s][info][gc             ] GC(736) Concurrent Mark Cycle 1065.227ms
..[3362.700s][info][gc,start       ] GC(737) Pause Young (Prepare Mixed) (G1 Evacuation Pause)
[3362.700s][info][gc,task        ] GC(737) Using 6 workers of 6 for evacuation
[3362.816s][info][gc,phases      ] GC(737)   Pre Evacuate Collection Set: 0.33ms
[3362.816s][info][gc,phases      ] GC(737)   Merge Heap Roots: 0.51ms
[3362.816s][info][gc,phases      ] GC(737)   Evacuate Collection Set: 113.28ms
[3362.816s][info][gc,phases      ] GC(737)   Post Evacuate Collection Set: 0.93ms
[3362.816s][info][gc,phases      ] GC(737)   Other: 0.08ms
[3362.816s][info][gc,heap        ] GC(737) Eden regions: 1117->0(1112)
[3362.816s][info][gc,heap        ] GC(737) Survivor regions: 111->108(154)
[3362.816s][info][gc,heap        ] GC(737) Old regions: 505->537
[3362.816s][info][gc,heap        ] GC(737) Humongous regions: 80->80
[3362.816s][info][gc,metaspace   ] GC(737) Metaspace: 28890K(29312K)->28890K(29312K) NonClass: 24022K(24256K)->24022K(24256K) Class: 4868K(5056K)->4868K(5056K)
[3362.816s][info][gc             ] GC(737) Pause Young (Prepare Mixed) (G1 Evacuation Pause) 3622M->1446M(4096M) 115.260ms
[3362.816s][info][gc,cpu         ] GC(737) User=0.68s Sys=0.00s Real=0.12s
...[3365.977s][info][gc,start       ] GC(738) Pause Young (Mixed) (G1 Evacuation Pause)
[3365.977s][info][gc,task        ] GC(738) Using 6 workers of 6 for evacuation
[3366.110s][info][gc,phases      ] GC(738)   Pre Evacuate Collection Set: 0.35ms
[3366.110s][info][gc,phases      ] GC(738)   Merge Heap Roots: 0.71ms
[3366.110s][info][gc,phases      ] GC(738)   Evacuate Collection Set: 130.81ms
[3366.110s][info][gc,phases      ] GC(738)   Post Evacuate Collection Set: 0.95ms
[3366.110s][info][gc,phases      ] GC(738)   Other: 0.08ms
[3366.110s][info][gc,heap        ] GC(738) Eden regions: 1112->0(1118)
[3366.110s][info][gc,heap        ] GC(738) Survivor regions: 108->110(153)
[3366.110s][info][gc,heap        ] GC(738) Old regions: 537->473
[3366.110s][info][gc,heap        ] GC(738) Humongous regions: 80->80
[3366.110s][info][gc,metaspace   ] GC(738) Metaspace: 28890K(29312K)->28890K(29312K) NonClass: 24022K(24256K)->24022K(24256K) Class: 4868K(5056K)->4868K(5056K)
[3366.110s][info][gc             ] GC(738) Pause Young (Mixed) (G1 Evacuation Pause) 3670M->1323M(4096M) 133.037ms
[3366.110s][info][gc,cpu         ] GC(738) User=0.79s Sys=0.00s Real=0.13s
...[3369.193s][info][gc,start       ] GC(739) Pause Young (Concurrent Start) (G1 Evacuation Pause)
[3369.193s][info][gc,task        ] GC(739) Using 6 workers of 6 for evacuation
[3369.309s][info][gc,phases      ] GC(739)   Pre Evacuate Collection Set: 0.35ms
[3369.309s][info][gc,phases      ] GC(739)   Merge Heap Roots: 0.48ms
[3369.309s][info][gc,phases      ] GC(739)   Evacuate Collection Set: 114.24ms
[3369.309s][info][gc,phases      ] GC(739)   Post Evacuate Collection Set: 0.87ms
[3369.309s][info][gc,phases      ] GC(739)   Other: 0.11ms
[3369.309s][info][gc,heap        ] GC(739) Eden regions: 1118->0(1119)
[3369.309s][info][gc,heap        ] GC(739) Survivor regions: 110->109(154)
[3369.309s][info][gc,heap        ] GC(739) Old regions: 473->505
[3369.309s][info][gc,heap        ] GC(739) Humongous regions: 80->80
[3369.309s][info][gc,metaspace   ] GC(739) Metaspace: 28890K(29312K)->28890K(29312K) NonClass: 24022K(24256K)->24022K(24256K) Class: 4868K(5056K)->4868K(5056K)
[3369.309s][info][gc             ] GC(739) Pause Young (Concurrent Start) (G1 Evacuation Pause) 3559M->1384M(4096M) 116.167ms
[3369.309s][info][gc             ] GC(740) Concurrent Mark Cycle
[3369.309s][info][gc,marking     ] GC(740) Concurrent Scan Root Regions
[3369.309s][info][gc,cpu         ] GC(739) User=0.69s Sys=0.00s Real=0.12s
[3369.441s][info][gc,marking     ] GC(740) Concurrent Scan Root Regions 132.619ms
[3369.442s][info][gc,marking     ] GC(740) Concurrent Mark
[3369.442s][info][gc,marking     ] GC(740) Concurrent Mark From Roots
[3369.442s][info][gc,task        ] GC(740) Using 2 workers of 2 for marking
.[3370.125s][info][gc,marking     ] GC(740) Concurrent Mark From Roots 683.661ms
[3370.125s][info][gc,marking     ] GC(740) Concurrent Preclean
[3370.125s][info][gc,marking     ] GC(740) Concurrent Preclean 0.083ms
[3370.125s][info][gc,start       ] GC(740) Pause Remark
[3370.130s][info][gc             ] GC(740) Pause Remark 2017M->2017M(4096M) 4.445ms
[3370.130s][info][gc,cpu         ] GC(740) User=0.02s Sys=0.00s Real=0.00s
[3370.130s][info][gc,marking     ] GC(740) Concurrent Mark 688.449ms
[3370.130s][info][gc,marking     ] GC(740) Concurrent Rebuild Remembered Sets and Scrub Regions
[3370.499s][info][gc,marking     ] GC(740) Concurrent Rebuild Remembered Sets and Scrub Regions 369.020ms
[3370.499s][info][gc,start       ] GC(740) Pause Cleanup
[3370.499s][info][gc             ] GC(740) Pause Cleanup 2296M->2296M(4096M) 0.112ms
[3370.499s][info][gc,cpu         ] GC(740) User=0.00s Sys=0.00s Real=0.00s
[3370.500s][info][gc,marking     ] GC(740) Concurrent Clear Claimed Marks
[3370.500s][info][gc,marking     ] GC(740) Concurrent Clear Claimed Marks 0.033ms
[3370.500s][info][gc,marking     ] GC(740) Concurrent Cleanup for Next Mark
[3370.505s][info][gc,marking     ] GC(740) Concurrent Cleanup for Next Mark 5.360ms
[3370.505s][info][gc             ] GC(740) Concurrent Mark Cycle 1196.677ms
..[3372.384s][info][gc,start       ] GC(741) Pause Young (Prepare Mixed) (G1 Evacuation Pause)
[3372.384s][info][gc,task        ] GC(741) Using 6 workers of 6 for evacuation
[3372.504s][info][gc,phases      ] GC(741)   Pre Evacuate Collection Set: 0.36ms
[3372.504s][info][gc,phases      ] GC(741)   Merge Heap Roots: 0.51ms
[3372.504s][info][gc,phases      ] GC(741)   Evacuate Collection Set: 117.68ms
[3372.504s][info][gc,phases      ] GC(741)   Post Evacuate Collection Set: 0.94ms
[3372.504s][info][gc,phases      ] GC(741)   Other: 0.09ms
[3372.504s][info][gc,heap        ] GC(741) Eden regions: 1119->0(1105)
[3372.504s][info][gc,heap        ] GC(741) Survivor regions: 109->111(154)
[3372.504s][info][gc,heap        ] GC(741) Old regions: 505->538
[3372.504s][info][gc,heap        ] GC(741) Humongous regions: 80->80
[3372.504s][info][gc,metaspace   ] GC(741) Metaspace: 28890K(29312K)->28890K(29312K) NonClass: 24022K(24256K)->24022K(24256K) Class: 4868K(5056K)->4868K(5056K)
[3372.504s][info][gc             ] GC(741) Pause Young (Prepare Mixed) (G1 Evacuation Pause) 3622M->1455M(4096M) 119.699ms
[3372.504s][info][gc,cpu         ] GC(741) User=0.71s Sys=0.00s Real=0.12s
....[3375.693s][info][gc,start       ] GC(742) Pause Young (Mixed) (G1 Evacuation Pause)
[3375.693s][info][gc,task        ] GC(742) Using 6 workers of 6 for evacuation
[3375.824s][info][gc,phases      ] GC(742)   Pre Evacuate Collection Set: 0.35ms
[3375.824s][info][gc,phases      ] GC(742)   Merge Heap Roots: 0.75ms
[3375.824s][info][gc,phases      ] GC(742)   Evacuate Collection Set: 128.91ms
[3375.824s][info][gc,phases      ] GC(742)   Post Evacuate Collection Set: 0.92ms
[3375.824s][info][gc,phases      ] GC(742)   Other: 0.09ms
[3375.824s][info][gc,heap        ] GC(742) Eden regions: 1105->0(1121)
[3375.824s][info][gc,heap        ] GC(742) Survivor regions: 111->107(152)
[3375.824s][info][gc,heap        ] GC(742) Old regions: 538->473
[3375.825s][info][gc,heap        ] GC(742) Humongous regions: 80->80
[3375.825s][info][gc,metaspace   ] GC(742) Metaspace: 28890K(29312K)->28890K(29312K) NonClass: 24022K(24256K)->24022K(24256K) Class: 4868K(5056K)->4868K(5056K)
[3375.825s][info][gc             ] GC(742) Pause Young (Mixed) (G1 Evacuation Pause) 3665M->1318M(4096M) 131.176ms
[3375.825s][info][gc,cpu         ] GC(742) User=0.78s Sys=0.01s Real=0.14s
...[3378.932s][info][gc,start       ] GC(743) Pause Young (Concurrent Start) (G1 Evacuation Pause)
[3378.932s][info][gc,task        ] GC(743) Using 6 workers of 6 for evacuation
[3379.048s][info][gc,phases      ] GC(743)   Pre Evacuate Collection Set: 0.35ms
[3379.048s][info][gc,phases      ] GC(743)   Merge Heap Roots: 0.47ms
[3379.048s][info][gc,phases      ] GC(743)   Evacuate Collection Set: 114.02ms
[3379.048s][info][gc,phases      ] GC(743)   Post Evacuate Collection Set: 0.88ms
[3379.048s][info][gc,phases      ] GC(743)   Other: 0.12ms
[3379.048s][info][gc,heap        ] GC(743) Eden regions: 1121->0(1119)
[3379.048s][info][gc,heap        ] GC(743) Survivor regions: 107->109(154)
[3379.048s][info][gc,heap        ] GC(743) Old regions: 473->504
[3379.048s][info][gc,heap        ] GC(743) Humongous regions: 80->80
[3379.048s][info][gc,metaspace   ] GC(743) Metaspace: 28890K(29312K)->28890K(29312K) NonClass: 24022K(24256K)->24022K(24256K) Class: 4868K(5056K)->4868K(5056K)
[3379.048s][info][gc             ] GC(743) Pause Young (Concurrent Start) (G1 Evacuation Pause) 3560M->1383M(4096M) 115.975ms
[3379.048s][info][gc             ] GC(744) Concurrent Mark Cycle
[3379.048s][info][gc,marking     ] GC(744) Concurrent Scan Root Regions
[3379.048s][info][gc,cpu         ] GC(743) User=0.69s Sys=0.00s Real=0.12s
[3379.212s][info][gc,marking     ] GC(744) Concurrent Scan Root Regions 164.095ms
[3379.212s][info][gc,marking     ] GC(744) Concurrent Mark
[3379.212s][info][gc,marking     ] GC(744) Concurrent Mark From Roots
[3379.212s][info][gc,task        ] GC(744) Using 2 workers of 2 for marking
.[3380.047s][info][gc,marking     ] GC(744) Concurrent Mark From Roots 835.121ms
[3380.047s][info][gc,marking     ] GC(744) Concurrent Preclean
[3380.047s][info][gc,marking     ] GC(744) Concurrent Preclean 0.078ms
[3380.047s][info][gc,start       ] GC(744) Pause Remark
[3380.052s][info][gc             ] GC(744) Pause Remark 2148M->2148M(4096M) 4.440ms
[3380.052s][info][gc,cpu         ] GC(744) User=0.02s Sys=0.00s Real=0.00s
[3380.052s][info][gc,marking     ] GC(744) Concurrent Mark 839.875ms
[3380.052s][info][gc,marking     ] GC(744) Concurrent Rebuild Remembered Sets and Scrub Regions
[3380.346s][info][gc,marking     ] GC(744) Concurrent Rebuild Remembered Sets and Scrub Regions 294.408ms
[3380.347s][info][gc,start       ] GC(744) Pause Cleanup
[3380.347s][info][gc             ] GC(744) Pause Cleanup 2342M->2342M(4096M) 0.116ms
[3380.347s][info][gc,cpu         ] GC(744) User=0.00s Sys=0.00s Real=0.00s
[3380.347s][info][gc,marking     ] GC(744) Concurrent Clear Claimed Marks
[3380.347s][info][gc,marking     ] GC(744) Concurrent Clear Claimed Marks 0.026ms
[3380.347s][info][gc,marking     ] GC(744) Concurrent Cleanup for Next Mark
[3380.350s][info][gc,marking     ] GC(744) Concurrent Cleanup for Next Mark 3.655ms
[3380.350s][info][gc             ] GC(744) Concurrent Mark Cycle 1302.676ms
..[3382.146s][info][gc,start       ] GC(745) Pause Young (Prepare Mixed) (G1 Evacuation Pause)
[3382.146s][info][gc,task        ] GC(745) Using 6 workers of 6 for evacuation
[3382.262s][info][gc,phases      ] GC(745)   Pre Evacuate Collection Set: 0.31ms
[3382.262s][info][gc,phases      ] GC(745)   Merge Heap Roots: 0.50ms
[3382.262s][info][gc,phases      ] GC(745)   Evacuate Collection Set: 114.30ms
[3382.262s][info][gc,phases      ] GC(745)   Post Evacuate Collection Set: 0.93ms
[3382.262s][info][gc,phases      ] GC(745)   Other: 0.08ms
[3382.262s][info][gc,heap        ] GC(745) Eden regions: 1119->0(1111)
[3382.262s][info][gc,heap        ] GC(745) Survivor regions: 109->109(154)
[3382.262s][info][gc,heap        ] GC(745) Old regions: 504->536
[3382.262s][info][gc,heap        ] GC(745) Humongous regions: 80->80
[3382.262s][info][gc,metaspace   ] GC(745) Metaspace: 28890K(29312K)->28890K(29312K) NonClass: 24022K(24256K)->24022K(24256K) Class: 4868K(5056K)->4868K(5056K)
[3382.262s][info][gc             ] GC(745) Pause Young (Prepare Mixed) (G1 Evacuation Pause) 3621M->1447M(4096M) 116.250ms
[3382.262s][info][gc,cpu         ] GC(745) User=0.70s Sys=0.00s Real=0.11s
...[3385.404s][info][gc,start       ] GC(746) Pause Young (Mixed) (G1 Evacuation Pause)
[3385.404s][info][gc,task        ] GC(746) Using 6 workers of 6 for evacuation
[3385.537s][info][gc,phases      ] GC(746)   Pre Evacuate Collection Set: 0.37ms
[3385.537s][info][gc,phases      ] GC(746)   Merge Heap Roots: 0.65ms
[3385.537s][info][gc,phases      ] GC(746)   Evacuate Collection Set: 131.32ms
[3385.537s][info][gc,phases      ] GC(746)   Post Evacuate Collection Set: 0.91ms
[3385.537s][info][gc,phases      ] GC(746)   Other: 0.09ms
[3385.537s][info][gc,heap        ] GC(746) Eden regions: 1111->0(1118)
[3385.537s][info][gc,heap        ] GC(746) Survivor regions: 109->110(153)
[3385.537s][info][gc,heap        ] GC(746) Old regions: 536->473
[3385.537s][info][gc,heap        ] GC(746) Humongous regions: 80->80
[3385.537s][info][gc,metaspace   ] GC(746) Metaspace: 28890K(29312K)->28890K(29312K) NonClass: 24022K(24256K)->24022K(24256K) Class: 4868K(5056K)->4868K(5056K)
[3385.537s][info][gc             ] GC(746) Pause Young (Mixed) (G1 Evacuation Pause) 3669M->1323M(4096M) 133.472ms
[3385.537s][info][gc,cpu         ] GC(746) User=0.80s Sys=0.00s Real=0.14s
...[3388.670s][info][gc,start       ] GC(747) Pause Young (Concurrent Start) (G1 Evacuation Pause)
[3388.670s][info][gc,task        ] GC(747) Using 6 workers of 6 for evacuation
[3388.791s][info][gc,phases      ] GC(747)   Pre Evacuate Collection Set: 0.39ms
[3388.791s][info][gc,phases      ] GC(747)   Merge Heap Roots: 0.47ms
[3388.791s][info][gc,phases      ] GC(747)   Evacuate Collection Set: 119.83ms
[3388.791s][info][gc,phases      ] GC(747)   Post Evacuate Collection Set: 0.86ms
[3388.791s][info][gc,phases      ] GC(747)   Other: 0.11ms
[3388.791s][info][gc,heap        ] GC(747) Eden regions: 1118->0(1114)
[3388.791s][info][gc,heap        ] GC(747) Survivor regions: 110->114(154)
[3388.791s][info][gc,heap        ] GC(747) Old regions: 473->504
[3388.791s][info][gc,heap        ] GC(747) Humongous regions: 80->80
[3388.791s][info][gc,metaspace   ] GC(747) Metaspace: 28890K(29312K)->28890K(29312K) NonClass: 24022K(24256K)->24022K(24256K) Class: 4868K(5056K)->4868K(5056K)
[3388.791s][info][gc             ] GC(747) Pause Young (Concurrent Start) (G1 Evacuation Pause) 3559M->1393M(4096M) 121.788ms
[3388.791s][info][gc             ] GC(748) Concurrent Mark Cycle
[3388.791s][info][gc,marking     ] GC(748) Concurrent Scan Root Regions
[3388.791s][info][gc,cpu         ] GC(747) User=0.72s Sys=0.00s Real=0.12s
.[3388.928s][info][gc,marking     ] GC(748) Concurrent Scan Root Regions 136.674ms
[3388.928s][info][gc,marking     ] GC(748) Concurrent Mark
[3388.928s][info][gc,marking     ] GC(748) Concurrent Mark From Roots
[3388.928s][info][gc,task        ] GC(748) Using 2 workers of 2 for marking
[3389.588s][info][gc,marking     ] GC(748) Concurrent Mark From Roots 659.592ms
[3389.588s][info][gc,marking     ] GC(748) Concurrent Preclean
[3389.588s][info][gc,marking     ] GC(748) Concurrent Preclean 0.087ms
[3389.588s][info][gc,start       ] GC(748) Pause Remark
[3389.594s][info][gc             ] GC(748) Pause Remark 2023M->2023M(4096M) 5.493ms
[3389.594s][info][gc,cpu         ] GC(748) User=0.03s Sys=0.00s Real=0.00s
[3389.595s][info][gc,marking     ] GC(748) Concurrent Mark 666.602ms
[3389.595s][info][gc,marking     ] GC(748) Concurrent Rebuild Remembered Sets and Scrub Regions
[3389.806s][info][gc,marking     ] GC(748) Concurrent Rebuild Remembered Sets and Scrub Regions 211.418ms
[3389.806s][info][gc,start       ] GC(748) Pause Cleanup
[3389.807s][info][gc             ] GC(748) Pause Cleanup 2175M->2175M(4096M) 0.108ms
[3389.807s][info][gc,cpu         ] GC(748) User=0.00s Sys=0.00s Real=0.00s
[3389.807s][info][gc,marking     ] GC(748) Concurrent Clear Claimed Marks
[3389.807s][info][gc,marking     ] GC(748) Concurrent Clear Claimed Marks 0.025ms
[3389.807s][info][gc,marking     ] GC(748) Concurrent Cleanup for Next Mark
[3389.813s][info][gc,marking     ] GC(748) Concurrent Cleanup for Next Mark 6.083ms
[3389.813s][info][gc             ] GC(748) Concurrent Mark Cycle 1021.766ms
...[3391.911s][info][gc,start       ] GC(749) Pause Young (Prepare Mixed) (G1 Evacuation Pause)
[3391.911s][info][gc,task        ] GC(749) Using 6 workers of 6 for evacuation
[3392.026s][info][gc,phases      ] GC(749)   Pre Evacuate Collection Set: 0.34ms
[3392.026s][info][gc,phases      ] GC(749)   Merge Heap Roots: 0.51ms
[3392.026s][info][gc,phases      ] GC(749)   Evacuate Collection Set: 113.51ms
[3392.026s][info][gc,phases      ] GC(749)   Post Evacuate Collection Set: 0.89ms
[3392.026s][info][gc,phases      ] GC(749)   Other: 0.10ms
[3392.026s][info][gc,heap        ] GC(749) Eden regions: 1114->0(1113)
[3392.026s][info][gc,heap        ] GC(749) Survivor regions: 114->108(154)
[3392.026s][info][gc,heap        ] GC(749) Old regions: 504->536
[3392.026s][info][gc,heap        ] GC(749) Humongous regions: 80->80
[3392.026s][info][gc,metaspace   ] GC(749) Metaspace: 28890K(29312K)->28890K(29312K) NonClass: 24022K(24256K)->24022K(24256K) Class: 4868K(5056K)->4868K(5056K)
[3392.026s][info][gc             ] GC(749) Pause Young (Prepare Mixed) (G1 Evacuation Pause) 3621M->1445M(4096M) 115.476ms
[3392.026s][info][gc,cpu         ] GC(749) User=0.69s Sys=0.00s Real=0.12s
...[3395.161s][info][gc,start       ] GC(750) Pause Young (Mixed) (G1 Evacuation Pause)
[3395.161s][info][gc,task        ] GC(750) Using 6 workers of 6 for evacuation
[3395.299s][info][gc,phases      ] GC(750)   Pre Evacuate Collection Set: 0.39ms
[3395.299s][info][gc,phases      ] GC(750)   Merge Heap Roots: 0.69ms
[3395.299s][info][gc,phases      ] GC(750)   Evacuate Collection Set: 135.33ms
[3395.299s][info][gc,phases      ] GC(750)   Post Evacuate Collection Set: 0.93ms
[3395.299s][info][gc,phases      ] GC(750)   Other: 0.09ms
[3395.299s][info][gc,heap        ] GC(750) Eden regions: 1113->0(1115)
[3395.299s][info][gc,heap        ] GC(750) Survivor regions: 108->113(153)
[3395.299s][info][gc,heap        ] GC(750) Old regions: 536->471
[3395.299s][info][gc,heap        ] GC(750) Humongous regions: 80->80
[3395.299s][info][gc,metaspace   ] GC(750) Metaspace: 28890K(29312K)->28890K(29312K) NonClass: 24022K(24256K)->24022K(24256K) Class: 4868K(5056K)->4868K(5056K)
[3395.299s][info][gc             ] GC(750) Pause Young (Mixed) (G1 Evacuation Pause) 3671M->1325M(4096M) 137.551ms
[3395.299s][info][gc,cpu         ] GC(750) User=0.82s Sys=0.00s Real=0.14s
...[3398.438s][info][gc,start       ] GC(751) Pause Young (Concurrent Start) (G1 Evacuation Pause)
[3398.438s][info][gc,task        ] GC(751) Using 6 workers of 6 for evacuation
[3398.555s][info][gc,phases      ] GC(751)   Pre Evacuate Collection Set: 0.39ms
[3398.555s][info][gc,phases      ] GC(751)   Merge Heap Roots: 0.48ms
[3398.555s][info][gc,phases      ] GC(751)   Evacuate Collection Set: 114.92ms
[3398.555s][info][gc,phases      ] GC(751)   Post Evacuate Collection Set: 0.86ms
[3398.555s][info][gc,phases      ] GC(751)   Other: 0.11ms
[3398.555s][info][gc,heap        ] GC(751) Eden regions: 1115->0(1119)
[3398.555s][info][gc,heap        ] GC(751) Survivor regions: 113->109(154)
[3398.555s][info][gc,heap        ] GC(751) Old regions: 471->503
[3398.555s][info][gc,heap        ] GC(751) Humongous regions: 80->80
[3398.555s][info][gc,metaspace   ] GC(751) Metaspace: 28890K(29312K)->28890K(29312K) NonClass: 24022K(24256K)->24022K(24256K) Class: 4868K(5056K)->4868K(5056K)
[3398.555s][info][gc             ] GC(751) Pause Young (Concurrent Start) (G1 Evacuation Pause) 3555M->1381M(4096M) 116.876ms
[3398.555s][info][gc             ] GC(752) Concurrent Mark Cycle
[3398.555s][info][gc,marking     ] GC(752) Concurrent Scan Root Regions
[3398.555s][info][gc,cpu         ] GC(751) User=0.70s Sys=0.00s Real=0.12s
[3398.703s][info][gc,marking     ] GC(752) Concurrent Scan Root Regions 147.850ms
[3398.703s][info][gc,marking     ] GC(752) Concurrent Mark
[3398.703s][info][gc,marking     ] GC(752) Concurrent Mark From Roots
[3398.703s][info][gc,task        ] GC(752) Using 2 workers of 2 for marking
.[3399.376s][info][gc,marking     ] GC(752) Concurrent Mark From Roots 673.559ms
[3399.376s][info][gc,marking     ] GC(752) Concurrent Preclean
[3399.376s][info][gc,marking     ] GC(752) Concurrent Preclean 0.091ms
[3399.377s][info][gc,start       ] GC(752) Pause Remark
[3399.382s][info][gc             ] GC(752) Pause Remark 2025M->2025M(4096M) 4.308ms
[3399.382s][info][gc,cpu         ] GC(752) User=0.03s Sys=0.00s Real=0.00s
[3399.382s][info][gc,marking     ] GC(752) Concurrent Mark 679.237ms
[3399.382s][info][gc,marking     ] GC(752) Concurrent Rebuild Remembered Sets and Scrub Regions
[3399.640s][info][gc,marking     ] GC(752) Concurrent Rebuild Remembered Sets and Scrub Regions 258.512ms
[3399.642s][info][gc,start       ] GC(752) Pause Cleanup
[3399.642s][info][gc             ] GC(752) Pause Cleanup 2237M->2237M(4096M) 0.124ms
[3399.642s][info][gc,cpu         ] GC(752) User=0.00s Sys=0.00s Real=0.00s
[3399.642s][info][gc,marking     ] GC(752) Concurrent Clear Claimed Marks
[3399.642s][info][gc,marking     ] GC(752) Concurrent Clear Claimed Marks 0.029ms
[3399.642s][info][gc,marking     ] GC(752) Concurrent Cleanup for Next Mark
[3399.651s][info][gc,marking     ] GC(752) Concurrent Cleanup for Next Mark 8.875ms
[3399.651s][info][gc             ] GC(752) Concurrent Mark Cycle 1096.193ms
..[3401.673s][info][gc,start       ] GC(753) Pause Young (Prepare Mixed) (G1 Evacuation Pause)
[3401.673s][info][gc,task        ] GC(753) Using 6 workers of 6 for evacuation
[3401.795s][info][gc,phases      ] GC(753)   Pre Evacuate Collection Set: 0.35ms
[3401.795s][info][gc,phases      ] GC(753)   Merge Heap Roots: 0.61ms
[3401.795s][info][gc,phases      ] GC(753)   Evacuate Collection Set: 120.01ms
[3401.795s][info][gc,phases      ] GC(753)   Post Evacuate Collection Set: 0.94ms
[3401.795s][info][gc,phases      ] GC(753)   Other: 0.10ms
[3401.795s][info][gc,heap        ] GC(753) Eden regions: 1119->0(1103)
[3401.795s][info][gc,heap        ] GC(753) Survivor regions: 109->114(154)
[3401.795s][info][gc,heap        ] GC(753) Old regions: 503->534
[3401.795s][info][gc,heap        ] GC(753) Humongous regions: 80->80
[3401.795s][info][gc,metaspace   ] GC(753) Metaspace: 28890K(29312K)->28890K(29312K) NonClass: 24022K(24256K)->24022K(24256K) Class: 4868K(5056K)->4868K(5056K)
[3401.795s][info][gc             ] GC(753) Pause Young (Prepare Mixed) (G1 Evacuation Pause) 3619M->1454M(4096M) 122.132ms
[3401.795s][info][gc,cpu         ] GC(753) User=0.73s Sys=0.00s Real=0.13s
...[3404.855s][info][gc,start       ] GC(754) Pause Young (Mixed) (G1 Evacuation Pause)
[3404.855s][info][gc,task        ] GC(754) Using 6 workers of 6 for evacuation
[3404.992s][info][gc,phases      ] GC(754)   Pre Evacuate Collection Set: 0.35ms
[3404.992s][info][gc,phases      ] GC(754)   Merge Heap Roots: 0.74ms
[3404.992s][info][gc,phases      ] GC(754)   Evacuate Collection Set: 134.22ms
[3404.992s][info][gc,phases      ] GC(754)   Post Evacuate Collection Set: 0.95ms
[3404.992s][info][gc,phases      ] GC(754)   Other: 0.08ms
[3404.992s][info][gc,heap        ] GC(754) Eden regions: 1103->0(1120)
[3404.992s][info][gc,heap        ] GC(754) Survivor regions: 114->108(153)
[3404.992s][info][gc,heap        ] GC(754) Old regions: 534->471
[3404.992s][info][gc,heap        ] GC(754) Humongous regions: 80->80
[3404.992s][info][gc,metaspace   ] GC(754) Metaspace: 28890K(29312K)->28890K(29312K) NonClass: 24022K(24256K)->24022K(24256K) Class: 4868K(5056K)->4868K(5056K)
[3404.992s][info][gc             ] GC(754) Pause Young (Mixed) (G1 Evacuation Pause) 3660M->1316M(4096M) 136.467ms
[3404.992s][info][gc,cpu         ] GC(754) User=0.82s Sys=0.00s Real=0.13s
....[3408.189s][info][gc,start       ] GC(755) Pause Young (Concurrent Start) (G1 Evacuation Pause)
[3408.189s][info][gc,task        ] GC(755) Using 6 workers of 6 for evacuation
[3408.307s][info][gc,phases      ] GC(755)   Pre Evacuate Collection Set: 0.32ms
[3408.307s][info][gc,phases      ] GC(755)   Merge Heap Roots: 0.48ms
[3408.307s][info][gc,phases      ] GC(755)   Evacuate Collection Set: 116.27ms
[3408.307s][info][gc,phases      ] GC(755)   Post Evacuate Collection Set: 0.87ms
[3408.307s][info][gc,phases      ] GC(755)   Other: 0.10ms
[3408.307s][info][gc,heap        ] GC(755) Eden regions: 1120->0(1116)
[3408.307s][info][gc,heap        ] GC(755) Survivor regions: 108->112(154)
[3408.307s][info][gc,heap        ] GC(755) Old regions: 471->503
[3408.307s][info][gc,heap        ] GC(755) Humongous regions: 80->80
[3408.307s][info][gc,metaspace   ] GC(755) Metaspace: 28890K(29312K)->28890K(29312K) NonClass: 24022K(24256K)->24022K(24256K) Class: 4868K(5056K)->4868K(5056K)
[3408.307s][info][gc             ] GC(755) Pause Young (Concurrent Start) (G1 Evacuation Pause) 3556M->1386M(4096M) 118.180ms
[3408.307s][info][gc             ] GC(756) Concurrent Mark Cycle
[3408.307s][info][gc,marking     ] GC(756) Concurrent Scan Root Regions
[3408.307s][info][gc,cpu         ] GC(755) User=0.71s Sys=0.00s Real=0.12s
[3408.449s][info][gc,marking     ] GC(756) Concurrent Scan Root Regions 142.304ms
[3408.449s][info][gc,marking     ] GC(756) Concurrent Mark
[3408.449s][info][gc,marking     ] GC(756) Concurrent Mark From Roots
[3408.449s][info][gc,task        ] GC(756) Using 2 workers of 2 for marking
[3409.011s][info][gc,marking     ] GC(756) Concurrent Mark From Roots 561.445ms
[3409.011s][info][gc,marking     ] GC(756) Concurrent Preclean
[3409.011s][info][gc,marking     ] GC(756) Concurrent Preclean 0.114ms
[3409.013s][info][gc,start       ] GC(756) Pause Remark
[3409.017s][info][gc             ] GC(756) Pause Remark 1930M->1930M(4096M) 3.850ms
[3409.017s][info][gc,cpu         ] GC(756) User=0.02s Sys=0.00s Real=0.01s
[3409.017s][info][gc,marking     ] GC(756) Concurrent Mark 567.494ms
[3409.017s][info][gc,marking     ] GC(756) Concurrent Rebuild Remembered Sets and Scrub Regions
.[3409.274s][info][gc,marking     ] GC(756) Concurrent Rebuild Remembered Sets and Scrub Regions 257.264ms
[3409.274s][info][gc,start       ] GC(756) Pause Cleanup
[3409.274s][info][gc             ] GC(756) Pause Cleanup 2137M->2137M(4096M) 0.114ms
[3409.274s][info][gc,cpu         ] GC(756) User=0.00s Sys=0.00s Real=0.01s
[3409.275s][info][gc,marking     ] GC(756) Concurrent Clear Claimed Marks
[3409.275s][info][gc,marking     ] GC(756) Concurrent Clear Claimed Marks 0.030ms
[3409.275s][info][gc,marking     ] GC(756) Concurrent Cleanup for Next Mark
[3409.280s][info][gc,marking     ] GC(756) Concurrent Cleanup for Next Mark 5.084ms
[3409.280s][info][gc             ] GC(756) Concurrent Mark Cycle 973.197ms
..[3411.412s][info][gc,start       ] GC(757) Pause Young (Prepare Mixed) (G1 Evacuation Pause)
[3411.413s][info][gc,task        ] GC(757) Using 6 workers of 6 for evacuation
[3411.534s][info][gc,phases      ] GC(757)   Pre Evacuate Collection Set: 0.33ms
[3411.534s][info][gc,phases      ] GC(757)   Merge Heap Roots: 0.52ms
[3411.534s][info][gc,phases      ] GC(757)   Evacuate Collection Set: 119.31ms
[3411.534s][info][gc,phases      ] GC(757)   Post Evacuate Collection Set: 0.91ms
[3411.534s][info][gc,phases      ] GC(757)   Other: 0.09ms
[3411.534s][info][gc,heap        ] GC(757) Eden regions: 1116->0(1105)
[3411.534s][info][gc,heap        ] GC(757) Survivor regions: 112->113(154)
[3411.534s][info][gc,heap        ] GC(757) Old regions: 503->534
[3411.534s][info][gc,heap        ] GC(757) Humongous regions: 80->80
[3411.534s][info][gc,metaspace   ] GC(757) Metaspace: 28890K(29312K)->28890K(29312K) NonClass: 24022K(24256K)->24022K(24256K) Class: 4868K(5056K)->4868K(5056K)
[3411.534s][info][gc             ] GC(757) Pause Young (Prepare Mixed) (G1 Evacuation Pause) 3618M->1451M(4096M) 121.286ms
[3411.534s][info][gc,cpu         ] GC(757) User=0.73s Sys=0.00s Real=0.12s
.. (rIR:aIR:PR = 5812:5815:5815) (tPR = 86291) [OK] 
  3412s: Performance info:
         Transaction,    Success,    Partial,     Failed,   Receipts, AvgBarcode, 
             Overall,     352173,          0,          0,     334566,      59.48, 
         Response times:
             Request,    Success,    Partial,     Failed,   SkipFail,     Probes,    Samples,      min,      p50,      p90,      p95,      p99,      max, 
       TotalPurchase,     334567,          0,          0,          0,     326978,     356610,      300,     4600,    14300,    36000,   119000,   279000,
     InStorePurchase,     176107,          0,          0,          0,     172374,     187851,      300,     4600,    14300,    36000,   118000,   279000,
      OnlinePurchase,     123267,          0,          0,          0,     120439,     131216,      300,     4600,    14300,    36000,   120000,   279000,
        InstPurchase,      35193,          0,          0,          0,      34165,      37543,      400,     4600,    14100,    36000,   121560,   279000,
          AssocOfCat,        351,          0,          0,          0,        280,        370,    23000,    34000,    62800,    91450,   158740,   198000,
      AssocOfProduct,       3521,          0,          0,          0,       3272,       3729,      600,     5900,    18100,    44000,   124100,   232000,
      BusinessReport,        879,          0,          0,          0,        746,        907,    25000,    38000,    75000,   110000,   229840,   281000,
          CustBuyBeh,       3517,          0,          0,          0,       3268,       3799,      200,     2900,    10400,    30000,   112000,   252000,
       ProductReturn,       9340,          0,          0,          0,       8891,       9852,      200,     3900,    11800,    31350,    97470,   238000,

  3412s: (43%)   IR =   5950 .[3414.572s][info][gc,start       ] GC(758) Pause Young (Mixed) (G1 Evacuation Pause)
[3414.572s][info][gc,task        ] GC(758) Using 6 workers of 6 for evacuation
[3414.706s][info][gc,phases      ] GC(758)   Pre Evacuate Collection Set: 0.32ms
[3414.706s][info][gc,phases      ] GC(758)   Merge Heap Roots: 0.72ms
[3414.706s][info][gc,phases      ] GC(758)   Evacuate Collection Set: 131.53ms
[3414.706s][info][gc,phases      ] GC(758)   Post Evacuate Collection Set: 0.91ms
[3414.706s][info][gc,phases      ] GC(758)   Other: 0.08ms
[3414.706s][info][gc,heap        ] GC(758) Eden regions: 1105->0(1117)
[3414.706s][info][gc,heap        ] GC(758) Survivor regions: 113->111(153)
[3414.706s][info][gc,heap        ] GC(758) Old regions: 534->473
[3414.706s][info][gc,heap        ] GC(758) Humongous regions: 80->80
[3414.706s][info][gc,metaspace   ] GC(758) Metaspace: 28890K(29312K)->28890K(29312K) NonClass: 24022K(24256K)->24022K(24256K) Class: 4868K(5056K)->4868K(5056K)
[3414.706s][info][gc             ] GC(758) Pause Young (Mixed) (G1 Evacuation Pause) 3661M->1325M(4096M) 133.707ms
[3414.706s][info][gc,cpu         ] GC(758) User=0.80s Sys=0.00s Real=0.14s
...|[3417.653s][info][gc,start       ] GC(759) Pause Young (Concurrent Start) (G1 Evacuation Pause)
[3417.653s][info][gc,task        ] GC(759) Using 6 workers of 6 for evacuation
[3417.770s][info][gc,phases      ] GC(759)   Pre Evacuate Collection Set: 0.38ms
[3417.771s][info][gc,phases      ] GC(759)   Merge Heap Roots: 0.47ms
[3417.771s][info][gc,phases      ] GC(759)   Evacuate Collection Set: 115.38ms
[3417.771s][info][gc,phases      ] GC(759)   Post Evacuate Collection Set: 0.89ms
[3417.771s][info][gc,phases      ] GC(759)   Other: 0.10ms
[3417.771s][info][gc,heap        ] GC(759) Eden regions: 1117->0(1119)
[3417.771s][info][gc,heap        ] GC(759) Survivor regions: 111->109(154)
[3417.771s][info][gc,heap        ] GC(759) Old regions: 473->506
[3417.771s][info][gc,heap        ] GC(759) Humongous regions: 80->80
[3417.771s][info][gc,metaspace   ] GC(759) Metaspace: 28890K(29312K)->28890K(29312K) NonClass: 24022K(24256K)->24022K(24256K) Class: 4868K(5056K)->4868K(5056K)
[3417.771s][info][gc             ] GC(759) Pause Young (Concurrent Start) (G1 Evacuation Pause) 3559M->1388M(4096M) 117.361ms
[3417.771s][info][gc             ] GC(760) Concurrent Mark Cycle
[3417.771s][info][gc,marking     ] GC(760) Concurrent Scan Root Regions
[3417.771s][info][gc,cpu         ] GC(759) User=0.70s Sys=0.00s Real=0.12s
[3417.938s][info][gc,marking     ] GC(760) Concurrent Scan Root Regions 167.057ms
[3417.938s][info][gc,marking     ] GC(760) Concurrent Mark
[3417.938s][info][gc,marking     ] GC(760) Concurrent Mark From Roots
[3417.938s][info][gc,task        ] GC(760) Using 2 workers of 2 for marking
.[3418.889s][info][gc,marking     ] GC(760) Concurrent Mark From Roots 950.813ms
[3418.889s][info][gc,marking     ] GC(760) Concurrent Preclean
[3418.889s][info][gc,marking     ] GC(760) Concurrent Preclean 0.139ms
[3418.889s][info][gc,start       ] GC(760) Pause Remark
[3418.895s][info][gc             ] GC(760) Pause Remark 2192M->2192M(4096M) 5.394ms
[3418.895s][info][gc,cpu         ] GC(760) User=0.03s Sys=0.00s Real=0.01s
[3418.895s][info][gc,marking     ] GC(760) Concurrent Mark 957.411ms
[3418.895s][info][gc,marking     ] GC(760) Concurrent Rebuild Remembered Sets and Scrub Regions
.[3419.253s][info][gc,marking     ] GC(760) Concurrent Rebuild Remembered Sets and Scrub Regions 357.695ms
[3419.255s][info][gc,start       ] GC(760) Pause Cleanup
[3419.255s][info][gc             ] GC(760) Pause Cleanup 2432M->2432M(4096M) 0.129ms
[3419.255s][info][gc,cpu         ] GC(760) User=0.00s Sys=0.00s Real=0.00s
[3419.255s][info][gc,marking     ] GC(760) Concurrent Clear Claimed Marks
[3419.255s][info][gc,marking     ] GC(760) Concurrent Clear Claimed Marks 0.032ms
[3419.255s][info][gc,marking     ] GC(760) Concurrent Cleanup for Next Mark
[3419.259s][info][gc,marking     ] GC(760) Concurrent Cleanup for Next Mark 3.962ms
[3419.259s][info][gc             ] GC(760) Concurrent Mark Cycle 1488.211ms
.[3420.942s][info][gc,start       ] GC(761) Pause Young (Prepare Mixed) (G1 Evacuation Pause)
[3420.942s][info][gc,task        ] GC(761) Using 6 workers of 6 for evacuation
[3421.062s][info][gc,phases      ] GC(761)   Pre Evacuate Collection Set: 0.31ms
[3421.062s][info][gc,phases      ] GC(761)   Merge Heap Roots: 0.52ms
[3421.062s][info][gc,phases      ] GC(761)   Evacuate Collection Set: 118.92ms
[3421.062s][info][gc,phases      ] GC(761)   Post Evacuate Collection Set: 0.92ms
[3421.062s][info][gc,phases      ] GC(761)   Other: 0.09ms
[3421.062s][info][gc,heap        ] GC(761) Eden regions: 1119->0(1105)
[3421.063s][info][gc,heap        ] GC(761) Survivor regions: 109->111(154)
[3421.063s][info][gc,heap        ] GC(761) Old regions: 506->538
[3421.063s][info][gc,heap        ] GC(761) Humongous regions: 80->80
[3421.063s][info][gc,metaspace   ] GC(761) Metaspace: 28890K(29312K)->28890K(29312K) NonClass: 24022K(24256K)->24022K(24256K) Class: 4868K(5056K)->4868K(5056K)
[3421.063s][info][gc             ] GC(761) Pause Young (Prepare Mixed) (G1 Evacuation Pause) 3626M->1455M(4096M) 120.877ms
[3421.063s][info][gc,cpu         ] GC(761) User=0.72s Sys=0.00s Real=0.12s
...[3424.056s][info][gc,start       ] GC(762) Pause Young (Mixed) (G1 Evacuation Pause)
[3424.056s][info][gc,task        ] GC(762) Using 6 workers of 6 for evacuation
[3424.193s][info][gc,phases      ] GC(762)   Pre Evacuate Collection Set: 0.33ms
[3424.193s][info][gc,phases      ] GC(762)   Merge Heap Roots: 0.65ms
[3424.193s][info][gc,phases      ] GC(762)   Evacuate Collection Set: 134.55ms
[3424.193s][info][gc,phases      ] GC(762)   Post Evacuate Collection Set: 0.92ms
[3424.193s][info][gc,phases      ] GC(762)   Other: 0.09ms
[3424.193s][info][gc,heap        ] GC(762) Eden regions: 1105->0(1114)
[3424.193s][info][gc,heap        ] GC(762) Survivor regions: 111->114(152)
[3424.193s][info][gc,heap        ] GC(762) Old regions: 538->473
[3424.193s][info][gc,heap        ] GC(762) Humongous regions: 80->80
[3424.193s][info][gc,metaspace   ] GC(762) Metaspace: 28890K(29312K)->28890K(29312K) NonClass: 24022K(24256K)->24022K(24256K) Class: 4868K(5056K)->4868K(5056K)
[3424.193s][info][gc             ] GC(762) Pause Young (Mixed) (G1 Evacuation Pause) 3665M->1330M(4096M) 136.665ms
[3424.193s][info][gc,cpu         ] GC(762) User=0.82s Sys=0.00s Real=0.13s
....[3427.231s][info][gc,start       ] GC(763) Pause Young (Concurrent Start) (G1 Evacuation Pause)
[3427.231s][info][gc,task        ] GC(763) Using 6 workers of 6 for evacuation
[3427.348s][info][gc,phases      ] GC(763)   Pre Evacuate Collection Set: 0.40ms
[3427.348s][info][gc,phases      ] GC(763)   Merge Heap Roots: 0.50ms
[3427.348s][info][gc,phases      ] GC(763)   Evacuate Collection Set: 115.17ms
[3427.348s][info][gc,phases      ] GC(763)   Post Evacuate Collection Set: 0.86ms
[3427.348s][info][gc,phases      ] GC(763)   Other: 0.14ms
[3427.348s][info][gc,heap        ] GC(763) Eden regions: 1114->0(1119)
[3427.348s][info][gc,heap        ] GC(763) Survivor regions: 114->109(154)
[3427.348s][info][gc,heap        ] GC(763) Old regions: 473->505
[3427.348s][info][gc,heap        ] GC(763) Humongous regions: 80->80
[3427.348s][info][gc,metaspace   ] GC(763) Metaspace: 28890K(29312K)->28890K(29312K) NonClass: 24022K(24256K)->24022K(24256K) Class: 4868K(5056K)->4868K(5056K)
[3427.348s][info][gc             ] GC(763) Pause Young (Concurrent Start) (G1 Evacuation Pause) 3557M->1386M(4096M) 117.221ms
[3427.348s][info][gc             ] GC(764) Concurrent Mark Cycle
[3427.348s][info][gc,marking     ] GC(764) Concurrent Scan Root Regions
[3427.348s][info][gc,cpu         ] GC(763) User=0.69s Sys=0.00s Real=0.12s
[3427.519s][info][gc,marking     ] GC(764) Concurrent Scan Root Regions 170.900ms
[3427.519s][info][gc,marking     ] GC(764) Concurrent Mark
[3427.519s][info][gc,marking     ] GC(764) Concurrent Mark From Roots
[3427.519s][info][gc,task        ] GC(764) Using 2 workers of 2 for marking
.[3428.404s][info][gc,marking     ] GC(764) Concurrent Mark From Roots 884.707ms
[3428.404s][info][gc,marking     ] GC(764) Concurrent Preclean
[3428.404s][info][gc,marking     ] GC(764) Concurrent Preclean 0.155ms
[3428.407s][info][gc,start       ] GC(764) Pause Remark
[3428.412s][info][gc             ] GC(764) Pause Remark 2190M->2190M(4096M) 5.789ms
[3428.412s][info][gc,cpu         ] GC(764) User=0.03s Sys=0.00s Real=0.00s
[3428.413s][info][gc,marking     ] GC(764) Concurrent Mark 893.344ms
[3428.413s][info][gc,marking     ] GC(764) Concurrent Rebuild Remembered Sets and Scrub Regions
[3428.758s][info][gc,marking     ] GC(764) Concurrent Rebuild Remembered Sets and Scrub Regions 345.590ms
[3428.758s][info][gc,start       ] GC(764) Pause Cleanup
[3428.759s][info][gc             ] GC(764) Pause Cleanup 2485M->2485M(4096M) 0.110ms
[3428.759s][info][gc,cpu         ] GC(764) User=0.00s Sys=0.00s Real=0.00s
[3428.759s][info][gc,marking     ] GC(764) Concurrent Clear Claimed Marks
[3428.759s][info][gc,marking     ] GC(764) Concurrent Clear Claimed Marks 0.025ms
[3428.759s][info][gc,marking     ] GC(764) Concurrent Cleanup for Next Mark
[3428.763s][info][gc,marking     ] GC(764) Concurrent Cleanup for Next Mark 3.854ms
[3428.763s][info][gc             ] GC(764) Concurrent Mark Cycle 1414.120ms
..[3430.410s][info][gc,start       ] GC(765) Pause Young (Prepare Mixed) (G1 Evacuation Pause)
[3430.410s][info][gc,task        ] GC(765) Using 6 workers of 6 for evacuation
[3430.532s][info][gc,phases      ] GC(765)   Pre Evacuate Collection Set: 0.31ms
[3430.532s][info][gc,phases      ] GC(765)   Merge Heap Roots: 0.49ms
[3430.532s][info][gc,phases      ] GC(765)   Evacuate Collection Set: 120.31ms
[3430.532s][info][gc,phases      ] GC(765)   Post Evacuate Collection Set: 0.92ms
[3430.532s][info][gc,phases      ] GC(765)   Other: 0.09ms
[3430.532s][info][gc,heap        ] GC(765) Eden regions: 1119->0(1101)
[3430.532s][info][gc,heap        ] GC(765) Survivor regions: 109->114(154)
[3430.532s][info][gc,heap        ] GC(765) Old regions: 505->536
[3430.532s][info][gc,heap        ] GC(765) Humongous regions: 80->80
[3430.532s][info][gc,metaspace   ] GC(765) Metaspace: 28890K(29312K)->28890K(29312K) NonClass: 24022K(24256K)->24022K(24256K) Class: 4868K(5056K)->4868K(5056K)
[3430.532s][info][gc             ] GC(765) Pause Young (Prepare Mixed) (G1 Evacuation Pause) 3624M->1457M(4096M) 122.244ms
[3430.533s][info][gc,cpu         ] GC(765) User=0.73s Sys=0.00s Real=0.12s
...[3433.574s][info][gc,start       ] GC(766) Pause Young (Mixed) (G1 Evacuation Pause)
[3433.574s][info][gc,task        ] GC(766) Using 6 workers of 6 for evacuation
[3433.714s][info][gc,phases      ] GC(766)   Pre Evacuate Collection Set: 0.38ms
[3433.714s][info][gc,phases      ] GC(766)   Merge Heap Roots: 0.84ms
[3433.714s][info][gc,phases      ] GC(766)   Evacuate Collection Set: 137.61ms
[3433.714s][info][gc,phases      ] GC(766)   Post Evacuate Collection Set: 0.95ms
[3433.714s][info][gc,phases      ] GC(766)   Other: 0.09ms
[3433.714s][info][gc,heap        ] GC(766) Eden regions: 1101->0(1117)
[3433.714s][info][gc,heap        ] GC(766) Survivor regions: 114->111(152)
[3433.714s][info][gc,heap        ] GC(766) Old regions: 536->472
[3433.714s][info][gc,heap        ] GC(766) Humongous regions: 80->80
[3433.714s][info][gc,metaspace   ] GC(766) Metaspace: 28890K(29312K)->28890K(29312K) NonClass: 24022K(24256K)->24022K(24256K) Class: 4868K(5056K)->4868K(5056K)
[3433.714s][info][gc             ] GC(766) Pause Young (Mixed) (G1 Evacuation Pause) 3659M->1322M(4096M) 140.023ms
[3433.714s][info][gc,cpu         ] GC(766) User=0.83s Sys=0.00s Real=0.14s
...[3436.716s][info][gc,start       ] GC(767) Pause Young (Concurrent Start) (G1 Evacuation Pause)
[3436.716s][info][gc,task        ] GC(767) Using 6 workers of 6 for evacuation
[3436.831s][info][gc,phases      ] GC(767)   Pre Evacuate Collection Set: 0.35ms
[3436.831s][info][gc,phases      ] GC(767)   Merge Heap Roots: 0.46ms
[3436.831s][info][gc,phases      ] GC(767)   Evacuate Collection Set: 113.55ms
[3436.831s][info][gc,phases      ] GC(767)   Post Evacuate Collection Set: 0.87ms
[3436.831s][info][gc,phases      ] GC(767)   Other: 0.09ms
[3436.831s][info][gc,heap        ] GC(767) Eden regions: 1117->0(1120)
[3436.831s][info][gc,heap        ] GC(767) Survivor regions: 111->108(154)
[3436.831s][info][gc,heap        ] GC(767) Old regions: 472->504
[3436.831s][info][gc,heap        ] GC(767) Humongous regions: 80->80
[3436.831s][info][gc,metaspace   ] GC(767) Metaspace: 28890K(29312K)->28890K(29312K) NonClass: 24022K(24256K)->24022K(24256K) Class: 4868K(5056K)->4868K(5056K)
[3436.831s][info][gc             ] GC(767) Pause Young (Concurrent Start) (G1 Evacuation Pause) 3556M->1381M(4096M) 115.464ms
[3436.832s][info][gc             ] GC(768) Concurrent Mark Cycle
[3436.832s][info][gc,marking     ] GC(768) Concurrent Scan Root Regions
[3436.832s][info][gc,cpu         ] GC(767) User=0.68s Sys=0.00s Real=0.11s
[3437.000s][info][gc,marking     ] GC(768) Concurrent Scan Root Regions 168.200ms
[3437.000s][info][gc,marking     ] GC(768) Concurrent Mark
[3437.000s][info][gc,marking     ] GC(768) Concurrent Mark From Roots
[3437.000s][info][gc,task        ] GC(768) Using 2 workers of 2 for marking
.[3437.834s][info][gc,marking     ] GC(768) Concurrent Mark From Roots 834.553ms
[3437.834s][info][gc,marking     ] GC(768) Concurrent Preclean
[3437.835s][info][gc,marking     ] GC(768) Concurrent Preclean 0.114ms
[3437.835s][info][gc,start       ] GC(768) Pause Remark
[3437.840s][info][gc             ] GC(768) Pause Remark 2147M->2147M(4096M) 4.604ms
[3437.840s][info][gc,cpu         ] GC(768) User=0.03s Sys=0.00s Real=0.00s
[3437.840s][info][gc,marking     ] GC(768) Concurrent Mark 840.175ms
[3437.840s][info][gc,marking     ] GC(768) Concurrent Rebuild Remembered Sets and Scrub Regions
[3438.138s][info][gc,marking     ] GC(768) Concurrent Rebuild Remembered Sets and Scrub Regions 297.613ms
[3438.138s][info][gc,start       ] GC(768) Pause Cleanup
[3438.138s][info][gc             ] GC(768) Pause Cleanup 2367M->2367M(4096M) 0.107ms
[3438.138s][info][gc,cpu         ] GC(768) User=0.00s Sys=0.00s Real=0.00s
[3438.138s][info][gc,marking     ] GC(768) Concurrent Clear Claimed Marks
[3438.138s][info][gc,marking     ] GC(768) Concurrent Clear Claimed Marks 0.020ms
[3438.138s][info][gc,marking     ] GC(768) Concurrent Cleanup for Next Mark
[3438.141s][info][gc,marking     ] GC(768) Concurrent Cleanup for Next Mark 3.227ms
[3438.141s][info][gc             ] GC(768) Concurrent Mark Cycle 1309.635ms
..[3439.923s][info][gc,start       ] GC(769) Pause Young (Prepare Mixed) (G1 Evacuation Pause)
[3439.923s][info][gc,task        ] GC(769) Using 6 workers of 6 for evacuation
[3440.040s][info][gc,phases      ] GC(769)   Pre Evacuate Collection Set: 0.32ms
[3440.040s][info][gc,phases      ] GC(769)   Merge Heap Roots: 0.52ms
[3440.040s][info][gc,phases      ] GC(769)   Evacuate Collection Set: 114.94ms
[3440.040s][info][gc,phases      ] GC(769)   Post Evacuate Collection Set: 0.90ms
[3440.040s][info][gc,phases      ] GC(769)   Other: 0.09ms
[3440.040s][info][gc,heap        ] GC(769) Eden regions: 1120->0(1111)
[3440.040s][info][gc,heap        ] GC(769) Survivor regions: 108->109(154)
[3440.040s][info][gc,heap        ] GC(769) Old regions: 504->536
[3440.040s][info][gc,heap        ] GC(769) Humongous regions: 80->80
[3440.040s][info][gc,metaspace   ] GC(769) Metaspace: 28890K(29312K)->28890K(29312K) NonClass: 24022K(24256K)->24022K(24256K) Class: 4868K(5056K)->4868K(5056K)
[3440.040s][info][gc             ] GC(769) Pause Young (Prepare Mixed) (G1 Evacuation Pause) 3621M->1447M(4096M) 116.912ms
[3440.040s][info][gc,cpu         ] GC(769) User=0.70s Sys=0.00s Real=0.12s
...[3443.068s][info][gc,start       ] GC(770) Pause Young (Mixed) (G1 Evacuation Pause)
[3443.068s][info][gc,task        ] GC(770) Using 6 workers of 6 for evacuation
[3443.205s][info][gc,phases      ] GC(770)   Pre Evacuate Collection Set: 0.35ms
[3443.205s][info][gc,phases      ] GC(770)   Merge Heap Roots: 0.77ms
[3443.205s][info][gc,phases      ] GC(770)   Evacuate Collection Set: 135.50ms
[3443.205s][info][gc,phases      ] GC(770)   Post Evacuate Collection Set: 0.94ms
[3443.205s][info][gc,phases      ] GC(770)   Other: 0.09ms
[3443.205s][info][gc,heap        ] GC(770) Eden regions: 1111->0(1117)
[3443.205s][info][gc,heap        ] GC(770) Survivor regions: 109->111(153)
[3443.205s][info][gc,heap        ] GC(770) Old regions: 536->474
[3443.205s][info][gc,heap        ] GC(770) Humongous regions: 80->80
[3443.205s][info][gc,metaspace   ] GC(770) Metaspace: 28890K(29312K)->28890K(29312K) NonClass: 24022K(24256K)->24022K(24256K) Class: 4868K(5056K)->4868K(5056K)
[3443.205s][info][gc             ] GC(770) Pause Young (Mixed) (G1 Evacuation Pause) 3669M->1327M(4096M) 137.776ms
[3443.205s][info][gc,cpu         ] GC(770) User=0.82s Sys=0.00s Real=0.14s
...[3446.227s][info][gc,start       ] GC(771) Pause Young (Concurrent Start) (G1 Evacuation Pause)
[3446.227s][info][gc,task        ] GC(771) Using 6 workers of 6 for evacuation
[3446.344s][info][gc,phases      ] GC(771)   Pre Evacuate Collection Set: 0.36ms
[3446.344s][info][gc,phases      ] GC(771)   Merge Heap Roots: 0.46ms
[3446.344s][info][gc,phases      ] GC(771)   Evacuate Collection Set: 115.31ms
[3446.344s][info][gc,phases      ] GC(771)   Post Evacuate Collection Set: 0.87ms
[3446.344s][info][gc,phases      ] GC(771)   Other: 0.10ms
[3446.344s][info][gc,heap        ] GC(771) Eden regions: 1117->0(1119)
[3446.344s][info][gc,heap        ] GC(771) Survivor regions: 111->109(154)
[3446.344s][info][gc,heap        ] GC(771) Old regions: 474->507
[3446.344s][info][gc,heap        ] GC(771) Humongous regions: 80->80
[3446.344s][info][gc,metaspace   ] GC(771) Metaspace: 28890K(29312K)->28890K(29312K) NonClass: 24022K(24256K)->24022K(24256K) Class: 4868K(5056K)->4868K(5056K)
[3446.344s][info][gc             ] GC(771) Pause Young (Concurrent Start) (G1 Evacuation Pause) 3561M->1389M(4096M) 117.260ms
[3446.344s][info][gc             ] GC(772) Concurrent Mark Cycle
[3446.344s][info][gc,marking     ] GC(772) Concurrent Scan Root Regions
[3446.344s][info][gc,cpu         ] GC(771) User=0.70s Sys=0.00s Real=0.11s
.[3446.474s][info][gc,marking     ] GC(772) Concurrent Scan Root Regions 130.249ms
[3446.475s][info][gc,marking     ] GC(772) Concurrent Mark
[3446.475s][info][gc,marking     ] GC(772) Concurrent Mark From Roots
[3446.475s][info][gc,task        ] GC(772) Using 2 workers of 2 for marking
[3447.144s][info][gc,marking     ] GC(772) Concurrent Mark From Roots 669.048ms
[3447.144s][info][gc,marking     ] GC(772) Concurrent Preclean
[3447.144s][info][gc,marking     ] GC(772) Concurrent Preclean 0.087ms
[3447.144s][info][gc,start       ] GC(772) Pause Remark
[3447.149s][info][gc             ] GC(772) Pause Remark 2042M->2042M(4096M) 4.732ms
[3447.149s][info][gc,cpu         ] GC(772) User=0.03s Sys=0.00s Real=0.01s
[3447.149s][info][gc,marking     ] GC(772) Concurrent Mark 674.272ms
[3447.149s][info][gc,marking     ] GC(772) Concurrent Rebuild Remembered Sets and Scrub Regions
.[3447.441s][info][gc,marking     ] GC(772) Concurrent Rebuild Remembered Sets and Scrub Regions 292.377ms
[3447.441s][info][gc,start       ] GC(772) Pause Cleanup
[3447.441s][info][gc             ] GC(772) Pause Cleanup 2239M->2239M(4096M) 0.122ms
[3447.442s][info][gc,cpu         ] GC(772) User=0.00s Sys=0.00s Real=0.00s
[3447.442s][info][gc,marking     ] GC(772) Concurrent Clear Claimed Marks
[3447.442s][info][gc,marking     ] GC(772) Concurrent Clear Claimed Marks 0.031ms
[3447.442s][info][gc,marking     ] GC(772) Concurrent Cleanup for Next Mark
[3447.446s][info][gc,marking     ] GC(772) Concurrent Cleanup for Next Mark 4.734ms
[3447.446s][info][gc             ] GC(772) Concurrent Mark Cycle 1102.238ms
..[3449.460s][info][gc,start       ] GC(773) Pause Young (Prepare Mixed) (G1 Evacuation Pause)
[3449.460s][info][gc,task        ] GC(773) Using 6 workers of 6 for evacuation
[3449.582s][info][gc,phases      ] GC(773)   Pre Evacuate Collection Set: 0.33ms
[3449.582s][info][gc,phases      ] GC(773)   Merge Heap Roots: 0.53ms
[3449.582s][info][gc,phases      ] GC(773)   Evacuate Collection Set: 119.30ms
[3449.582s][info][gc,phases      ] GC(773)   Post Evacuate Collection Set: 0.92ms
[3449.582s][info][gc,phases      ] GC(773)   Other: 0.09ms
[3449.582s][info][gc,heap        ] GC(773) Eden regions: 1119->0(1100)
[3449.582s][info][gc,heap        ] GC(773) Survivor regions: 109->113(154)
[3449.582s][info][gc,heap        ] GC(773) Old regions: 507->539
[3449.582s][info][gc,heap        ] GC(773) Humongous regions: 80->80
[3449.582s][info][gc,metaspace   ] GC(773) Metaspace: 28890K(29312K)->28890K(29312K) NonClass: 24022K(24256K)->24022K(24256K) Class: 4868K(5056K)->4868K(5056K)
[3449.582s][info][gc             ] GC(773) Pause Young (Prepare Mixed) (G1 Evacuation Pause) 3627M->1460M(4096M) 121.304ms
[3449.582s][info][gc,cpu         ] GC(773) User=0.73s Sys=0.00s Real=0.12s
...[3452.492s][info][gc,start       ] GC(774) Pause Young (Mixed) (G1 Evacuation Pause)
[3452.492s][info][gc,task        ] GC(774) Using 6 workers of 6 for evacuation
[3452.625s][info][gc,phases      ] GC(774)   Pre Evacuate Collection Set: 0.37ms
[3452.625s][info][gc,phases      ] GC(774)   Merge Heap Roots: 0.69ms
[3452.625s][info][gc,phases      ] GC(774)   Evacuate Collection Set: 130.78ms
[3452.625s][info][gc,phases      ] GC(774)   Post Evacuate Collection Set: 0.93ms
[3452.625s][info][gc,phases      ] GC(774)   Other: 0.08ms
[3452.625s][info][gc,heap        ] GC(774) Eden regions: 1100->0(1119)
[3452.625s][info][gc,heap        ] GC(774) Survivor regions: 113->109(152)
[3452.625s][info][gc,heap        ] GC(774) Old regions: 539->474
[3452.625s][info][gc,heap        ] GC(774) Humongous regions: 80->80
[3452.625s][info][gc,metaspace   ] GC(774) Metaspace: 28890K(29312K)->28890K(29312K) NonClass: 24022K(24256K)->24022K(24256K) Class: 4868K(5056K)->4868K(5056K)
[3452.625s][info][gc             ] GC(774) Pause Young (Mixed) (G1 Evacuation Pause) 3660M->1324M(4096M) 132.998ms
[3452.625s][info][gc,cpu         ] GC(774) User=0.79s Sys=0.00s Real=0.14s
...[3455.745s][info][gc,start       ] GC(775) Pause Young (Concurrent Start) (G1 Evacuation Pause)
[3455.745s][info][gc,task        ] GC(775) Using 6 workers of 6 for evacuation
[3455.863s][info][gc,phases      ] GC(775)   Pre Evacuate Collection Set: 0.36ms
[3455.863s][info][gc,phases      ] GC(775)   Merge Heap Roots: 0.47ms
[3455.863s][info][gc,phases      ] GC(775)   Evacuate Collection Set: 116.55ms
[3455.863s][info][gc,phases      ] GC(775)   Post Evacuate Collection Set: 0.85ms
[3455.863s][info][gc,phases      ] GC(775)   Other: 0.10ms
[3455.864s][info][gc,heap        ] GC(775) Eden regions: 1119->0(1119)
[3455.864s][info][gc,heap        ] GC(775) Survivor regions: 109->109(154)
[3455.864s][info][gc,heap        ] GC(775) Old regions: 474->507
[3455.864s][info][gc,heap        ] GC(775) Humongous regions: 80->80
[3455.864s][info][gc,metaspace   ] GC(775) Metaspace: 28890K(29312K)->28890K(29312K) NonClass: 24022K(24256K)->24022K(24256K) Class: 4868K(5056K)->4868K(5056K)
[3455.864s][info][gc             ] GC(775) Pause Young (Concurrent Start) (G1 Evacuation Pause) 3562M->1389M(4096M) 118.471ms
[3455.864s][info][gc             ] GC(776) Concurrent Mark Cycle
[3455.864s][info][gc,marking     ] GC(776) Concurrent Scan Root Regions
[3455.864s][info][gc,cpu         ] GC(775) User=0.71s Sys=0.00s Real=0.11s
[3455.984s][info][gc,marking     ] GC(776) Concurrent Scan Root Regions 120.535ms
[3455.984s][info][gc,marking     ] GC(776) Concurrent Mark
[3455.984s][info][gc,marking     ] GC(776) Concurrent Mark From Roots
[3455.984s][info][gc,task        ] GC(776) Using 2 workers of 2 for marking
.[3456.533s][info][gc,marking     ] GC(776) Concurrent Mark From Roots 549.031ms
[3456.533s][info][gc,marking     ] GC(776) Concurrent Preclean
[3456.533s][info][gc,marking     ] GC(776) Concurrent Preclean 0.111ms
[3456.534s][info][gc,start       ] GC(776) Pause Remark
[3456.537s][info][gc             ] GC(776) Pause Remark 1897M->1897M(4096M) 2.858ms
[3456.537s][info][gc,cpu         ] GC(776) User=0.02s Sys=0.00s Real=0.01s
[3456.538s][info][gc,marking     ] GC(776) Concurrent Mark 554.179ms
[3456.538s][info][gc,marking     ] GC(776) Concurrent Rebuild Remembered Sets and Scrub Regions
[3456.808s][info][gc,marking     ] GC(776) Concurrent Rebuild Remembered Sets and Scrub Regions 269.997ms
[3456.809s][info][gc,start       ] GC(776) Pause Cleanup
[3456.809s][info][gc             ] GC(776) Pause Cleanup 2160M->2160M(4096M) 0.122ms
[3456.809s][info][gc,cpu         ] GC(776) User=0.00s Sys=0.00s Real=0.00s
[3456.810s][info][gc,marking     ] GC(776) Concurrent Clear Claimed Marks
[3456.810s][info][gc,marking     ] GC(776) Concurrent Clear Claimed Marks 0.037ms
[3456.810s][info][gc,marking     ] GC(776) Concurrent Cleanup for Next Mark
[3456.815s][info][gc,marking     ] GC(776) Concurrent Cleanup for Next Mark 4.684ms
[3456.815s][info][gc             ] GC(776) Concurrent Mark Cycle 951.424ms
..[3458.913s][info][gc,start       ] GC(777) Pause Young (Prepare Mixed) (G1 Evacuation Pause)
[3458.913s][info][gc,task        ] GC(777) Using 6 workers of 6 for evacuation
[3459.029s][info][gc,phases      ] GC(777)   Pre Evacuate Collection Set: 0.35ms
[3459.029s][info][gc,phases      ] GC(777)   Merge Heap Roots: 0.53ms
[3459.029s][info][gc,phases      ] GC(777)   Evacuate Collection Set: 113.87ms
[3459.029s][info][gc,phases      ] GC(777)   Post Evacuate Collection Set: 0.89ms
[3459.029s][info][gc,phases      ] GC(777)   Other: 0.09ms
[3459.029s][info][gc,heap        ] GC(777) Eden regions: 1119->0(1109)
[3459.029s][info][gc,heap        ] GC(777) Survivor regions: 109->109(154)
[3459.029s][info][gc,heap        ] GC(777) Old regions: 507->538
[3459.029s][info][gc,heap        ] GC(777) Humongous regions: 80->80
[3459.029s][info][gc,metaspace   ] GC(777) Metaspace: 28890K(29312K)->28890K(29312K) NonClass: 24022K(24256K)->24022K(24256K) Class: 4868K(5056K)->4868K(5056K)
[3459.029s][info][gc             ] GC(777) Pause Young (Prepare Mixed) (G1 Evacuation Pause) 3627M->1451M(4096M) 115.860ms
[3459.029s][info][gc,cpu         ] GC(777) User=0.69s Sys=0.00s Real=0.12s
...[3462.109s][info][gc,start       ] GC(778) Pause Young (Mixed) (G1 Evacuation Pause)
[3462.109s][info][gc,task        ] GC(778) Using 6 workers of 6 for evacuation
[3462.240s][info][gc,phases      ] GC(778)   Pre Evacuate Collection Set: 0.39ms
[3462.240s][info][gc,phases      ] GC(778)   Merge Heap Roots: 0.63ms
[3462.240s][info][gc,phases      ] GC(778)   Evacuate Collection Set: 129.38ms
[3462.240s][info][gc,phases      ] GC(778)   Post Evacuate Collection Set: 0.93ms
[3462.240s][info][gc,phases      ] GC(778)   Other: 0.09ms
[3462.240s][info][gc,heap        ] GC(778) Eden regions: 1109->0(1118)
[3462.240s][info][gc,heap        ] GC(778) Survivor regions: 109->110(153)
[3462.240s][info][gc,heap        ] GC(778) Old regions: 538->471
[3462.240s][info][gc,heap        ] GC(778) Humongous regions: 80->80
[3462.240s][info][gc,metaspace   ] GC(778) Metaspace: 28890K(29312K)->28890K(29312K) NonClass: 24022K(24256K)->24022K(24256K) Class: 4868K(5056K)->4868K(5056K)
[3462.240s][info][gc             ] GC(778) Pause Young (Mixed) (G1 Evacuation Pause) 3669M->1319M(4096M) 131.563ms
[3462.241s][info][gc,cpu         ] GC(778) User=0.78s Sys=0.00s Real=0.13s
...[3465.236s][info][gc,start       ] GC(779) Pause Young (Concurrent Start) (G1 Evacuation Pause)
[3465.236s][info][gc,task        ] GC(779) Using 6 workers of 6 for evacuation
[3465.354s][info][gc,phases      ] GC(779)   Pre Evacuate Collection Set: 0.37ms
[3465.354s][info][gc,phases      ] GC(779)   Merge Heap Roots: 0.47ms
[3465.354s][info][gc,phases      ] GC(779)   Evacuate Collection Set: 116.96ms
[3465.354s][info][gc,phases      ] GC(779)   Post Evacuate Collection Set: 0.87ms
[3465.354s][info][gc,phases      ] GC(779)   Other: 0.12ms
[3465.355s][info][gc,heap        ] GC(779) Eden regions: 1118->0(1117)
[3465.355s][info][gc,heap        ] GC(779) Survivor regions: 110->111(154)
[3465.355s][info][gc,heap        ] GC(779) Old regions: 471->504
[3465.355s][info][gc,heap        ] GC(779) Humongous regions: 80->80
[3465.355s][info][gc,metaspace   ] GC(779) Metaspace: 28890K(29312K)->28890K(29312K) NonClass: 24022K(24256K)->24022K(24256K) Class: 4868K(5056K)->4868K(5056K)
[3465.355s][info][gc             ] GC(779) Pause Young (Concurrent Start) (G1 Evacuation Pause) 3555M->1386M(4096M) 118.917ms
[3465.355s][info][gc             ] GC(780) Concurrent Mark Cycle
[3465.355s][info][gc,marking     ] GC(780) Concurrent Scan Root Regions
[3465.355s][info][gc,cpu         ] GC(779) User=0.71s Sys=0.00s Real=0.12s
[3465.523s][info][gc,marking     ] GC(780) Concurrent Scan Root Regions 168.774ms
[3465.523s][info][gc,marking     ] GC(780) Concurrent Mark
[3465.523s][info][gc,marking     ] GC(780) Concurrent Mark From Roots
[3465.523s][info][gc,task        ] GC(780) Using 2 workers of 2 for marking
.[3466.510s][info][gc,marking     ] GC(780) Concurrent Mark From Roots 987.025ms
[3466.511s][info][gc,marking     ] GC(780) Concurrent Preclean
[3466.511s][info][gc,marking     ] GC(780) Concurrent Preclean 0.114ms
[3466.511s][info][gc,start       ] GC(780) Pause Remark
[3466.517s][info][gc             ] GC(780) Pause Remark 2270M->2270M(4096M) 5.741ms
[3466.517s][info][gc,cpu         ] GC(780) User=0.03s Sys=0.00s Real=0.01s
[3466.517s][info][gc,marking     ] GC(780) Concurrent Mark 993.706ms
[3466.517s][info][gc,marking     ] GC(780) Concurrent Rebuild Remembered Sets and Scrub Regions
.[3466.772s][info][gc,marking     ] GC(780) Concurrent Rebuild Remembered Sets and Scrub Regions 255.049ms
[3466.772s][info][gc,start       ] GC(780) Pause Cleanup
[3466.772s][info][gc             ] GC(780) Pause Cleanup 2462M->2462M(4096M) 0.114ms
[3466.772s][info][gc,cpu         ] GC(780) User=0.00s Sys=0.00s Real=0.00s
[3466.773s][info][gc,marking     ] GC(780) Concurrent Clear Claimed Marks
[3466.773s][info][gc,marking     ] GC(780) Concurrent Clear Claimed Marks 0.021ms
[3466.773s][info][gc,marking     ] GC(780) Concurrent Cleanup for Next Mark
[3466.776s][info][gc,marking     ] GC(780) Concurrent Cleanup for Next Mark 3.677ms
[3466.776s][info][gc             ] GC(780) Concurrent Mark Cycle 1421.693ms
.[3468.435s][info][gc,start       ] GC(781) Pause Young (Prepare Mixed) (G1 Evacuation Pause)
[3468.436s][info][gc,task        ] GC(781) Using 6 workers of 6 for evacuation
[3468.555s][info][gc,phases      ] GC(781)   Pre Evacuate Collection Set: 0.30ms
[3468.555s][info][gc,phases      ] GC(781)   Merge Heap Roots: 0.53ms
[3468.555s][info][gc,phases      ] GC(781)   Evacuate Collection Set: 117.78ms
[3468.555s][info][gc,phases      ] GC(781)   Post Evacuate Collection Set: 0.88ms
[3468.555s][info][gc,phases      ] GC(781)   Other: 0.09ms
[3468.555s][info][gc,heap        ] GC(781) Eden regions: 1117->0(1107)
[3468.555s][info][gc,heap        ] GC(781) Survivor regions: 111->111(154)
[3468.555s][info][gc,heap        ] GC(781) Old regions: 504->536
[3468.555s][info][gc,heap        ] GC(781) Humongous regions: 80->80
[3468.555s][info][gc,metaspace   ] GC(781) Metaspace: 28890K(29312K)->28890K(29312K) NonClass: 24022K(24256K)->24022K(24256K) Class: 4868K(5056K)->4868K(5056K)
[3468.555s][info][gc             ] GC(781) Pause Young (Prepare Mixed) (G1 Evacuation Pause) 3620M->1452M(4096M) 119.736ms
[3468.555s][info][gc,cpu         ] GC(781) User=0.72s Sys=0.00s Real=0.12s
....[3471.598s][info][gc,start       ] GC(782) Pause Young (Mixed) (G1 Evacuation Pause)
[3471.598s][info][gc,task        ] GC(782) Using 6 workers of 6 for evacuation
[3471.732s][info][gc,phases      ] GC(782)   Pre Evacuate Collection Set: 0.37ms
[3471.732s][info][gc,phases      ] GC(782)   Merge Heap Roots: 0.69ms
[3471.732s][info][gc,phases      ] GC(782)   Evacuate Collection Set: 131.36ms
[3471.732s][info][gc,phases      ] GC(782)   Post Evacuate Collection Set: 0.94ms
[3471.732s][info][gc,phases      ] GC(782)   Other: 0.09ms
[3471.732s][info][gc,heap        ] GC(782) Eden regions: 1107->0(1116)
[3471.732s][info][gc,heap        ] GC(782) Survivor regions: 111->112(153)
[3471.732s][info][gc,heap        ] GC(782) Old regions: 536->474
[3471.732s][info][gc,heap        ] GC(782) Humongous regions: 80->80
[3471.732s][info][gc,metaspace   ] GC(782) Metaspace: 28890K(29312K)->28890K(29312K) NonClass: 24022K(24256K)->24022K(24256K) Class: 4868K(5056K)->4868K(5056K)
[3471.732s][info][gc             ] GC(782) Pause Young (Mixed) (G1 Evacuation Pause) 3666M->1328M(4096M) 133.576ms
[3471.732s][info][gc,cpu         ] GC(782) User=0.80s Sys=0.00s Real=0.13s
...[3474.712s][info][gc,start       ] GC(783) Pause Young (Concurrent Start) (G1 Evacuation Pause)
[3474.712s][info][gc,task        ] GC(783) Using 6 workers of 6 for evacuation
[3474.828s][info][gc,phases      ] GC(783)   Pre Evacuate Collection Set: 0.34ms
[3474.828s][info][gc,phases      ] GC(783)   Merge Heap Roots: 0.48ms
[3474.828s][info][gc,phases      ] GC(783)   Evacuate Collection Set: 114.17ms
[3474.828s][info][gc,phases      ] GC(783)   Post Evacuate Collection Set: 0.88ms
[3474.828s][info][gc,phases      ] GC(783)   Other: 0.12ms
[3474.828s][info][gc,heap        ] GC(783) Eden regions: 1116->0(1119)
[3474.828s][info][gc,heap        ] GC(783) Survivor regions: 112->109(154)
[3474.828s][info][gc,heap        ] GC(783) Old regions: 474->507
[3474.828s][info][gc,heap        ] GC(783) Humongous regions: 80->80
[3474.828s][info][gc,metaspace   ] GC(783) Metaspace: 28890K(29312K)->28890K(29312K) NonClass: 24022K(24256K)->24022K(24256K) Class: 4868K(5056K)->4868K(5056K)
[3474.828s][info][gc             ] GC(783) Pause Young (Concurrent Start) (G1 Evacuation Pause) 3560M->1388M(4096M) 116.127ms
[3474.828s][info][gc             ] GC(784) Concurrent Mark Cycle
[3474.828s][info][gc,marking     ] GC(784) Concurrent Scan Root Regions
[3474.828s][info][gc,cpu         ] GC(783) User=0.69s Sys=0.00s Real=0.12s
[3474.994s][info][gc,marking     ] GC(784) Concurrent Scan Root Regions 166.398ms
[3474.994s][info][gc,marking     ] GC(784) Concurrent Mark
[3474.994s][info][gc,marking     ] GC(784) Concurrent Mark From Roots
[3474.994s][info][gc,task        ] GC(784) Using 2 workers of 2 for marking
.[3475.943s][info][gc,marking     ] GC(784) Concurrent Mark From Roots 948.828ms
[3475.943s][info][gc,marking     ] GC(784) Concurrent Preclean
[3475.943s][info][gc,marking     ] GC(784) Concurrent Preclean 0.111ms
[3475.944s][info][gc,start       ] GC(784) Pause Remark
[3475.950s][info][gc             ] GC(784) Pause Remark 2226M->2226M(4096M) 6.022ms
[3475.950s][info][gc,cpu         ] GC(784) User=0.04s Sys=0.00s Real=0.01s
[3475.951s][info][gc,marking     ] GC(784) Concurrent Mark 956.816ms
[3475.951s][info][gc,marking     ] GC(784) Concurrent Rebuild Remembered Sets and Scrub Regions
[3476.197s][info][gc,marking     ] GC(784) Concurrent Rebuild Remembered Sets and Scrub Regions 246.323ms
[3476.198s][info][gc,start       ] GC(784) Pause Cleanup
[3476.198s][info][gc             ] GC(784) Pause Cleanup 2401M->2401M(4096M) 0.116ms
[3476.198s][info][gc,cpu         ] GC(784) User=0.00s Sys=0.00s Real=0.00s
[3476.199s][info][gc,marking     ] GC(784) Concurrent Clear Claimed Marks
[3476.199s][info][gc,marking     ] GC(784) Concurrent Clear Claimed Marks 0.055ms
[3476.199s][info][gc,marking     ] GC(784) Concurrent Cleanup for Next Mark
[3476.206s][info][gc,marking     ] GC(784) Concurrent Cleanup for Next Mark 7.830ms
[3476.206s][info][gc             ] GC(784) Concurrent Mark Cycle 1378.820ms
.. (rIR:aIR:PR = 5950:5950:5950) (tPR = 87868) [OK] 
  3477s: Performance info:
         Transaction,    Success,    Partial,     Failed,   Receipts, AvgBarcode, 
             Overall,     359844,          0,          0,     341855,      59.48, 
         Response times:
             Request,    Success,    Partial,     Failed,   SkipFail,     Probes,    Samples,      min,      p50,      p90,      p95,      p99,      max, 
       TotalPurchase,     341855,          0,          0,          0,     335452,     359102,      300,     4800,    15900,    39000,    89000,   249000,
     InStorePurchase,     179936,          0,          0,          0,     177071,     189500,      300,     4700,    15700,    38000,    89000,   214000,
      OnlinePurchase,     125931,          0,          0,          0,     123567,     132077,      300,     4900,    16500,    39000,    92000,   249000,
        InstPurchase,      35988,          0,          0,          0,      34814,      37525,      400,     4600,    15000,    36000,    85000,   184000,
          AssocOfCat,        359,          0,          0,          0,        284,        383,    24000,    35000,    76200,   130400,   190080,   226000,
      AssocOfProduct,       3606,          0,          0,          0,       3363,       3825,      500,     4900,    14200,    35700,    83740,   142000,
      BusinessReport,        896,          0,          0,          0,        790,        954,    26000,    40000,    90500,   115250,   173450,   203000,
          CustBuyBeh,       3599,          0,          0,          0,       3307,       3661,      300,     4600,    14380,    38000,    94140,   191000,
       ProductReturn,       9529,          0,          0,          0,       9126,      10066,      200,     4700,    15730,    39000,    86330,   190000,

  3477s: (44%)   IR =   6088 [3478.002s][info][gc,start       ] GC(785) Pause Young (Prepare Mixed) (G1 Evacuation Pause)
[3478.003s][info][gc,task        ] GC(785) Using 6 workers of 6 for evacuation
[3478.126s][info][gc,phases      ] GC(785)   Pre Evacuate Collection Set: 0.33ms
[3478.126s][info][gc,phases      ] GC(785)   Merge Heap Roots: 0.56ms
[3478.126s][info][gc,phases      ] GC(785)   Evacuate Collection Set: 121.85ms
[3478.126s][info][gc,phases      ] GC(785)   Post Evacuate Collection Set: 0.90ms
[3478.126s][info][gc,phases      ] GC(785)   Other: 0.09ms
[3478.126s][info][gc,heap        ] GC(785) Eden regions: 1119->0(1101)
[3478.126s][info][gc,heap        ] GC(785) Survivor regions: 109->113(154)
[3478.126s][info][gc,heap        ] GC(785) Old regions: 507->538
[3478.126s][info][gc,heap        ] GC(785) Humongous regions: 80->80
[3478.126s][info][gc,metaspace   ] GC(785) Metaspace: 28890K(29312K)->28890K(29312K) NonClass: 24022K(24256K)->24022K(24256K) Class: 4868K(5056K)->4868K(5056K)
[3478.126s][info][gc             ] GC(785) Pause Young (Prepare Mixed) (G1 Evacuation Pause) 3626M->1460M(4096M) 123.857ms
[3478.126s][info][gc,cpu         ] GC(785) User=0.74s Sys=0.00s Real=0.13s
...[3481.063s][info][gc,start       ] GC(786) Pause Young (Mixed) (G1 Evacuation Pause)
[3481.063s][info][gc,task        ] GC(786) Using 6 workers of 6 for evacuation
[3481.195s][info][gc,phases      ] GC(786)   Pre Evacuate Collection Set: 0.39ms
[3481.195s][info][gc,phases      ] GC(786)   Merge Heap Roots: 0.66ms
[3481.195s][info][gc,phases      ] GC(786)   Evacuate Collection Set: 130.12ms
[3481.195s][info][gc,phases      ] GC(786)   Post Evacuate Collection Set: 0.93ms
[3481.195s][info][gc,phases      ] GC(786)   Other: 0.09ms
[3481.195s][info][gc,heap        ] GC(786) Eden regions: 1101->0(1118)
[3481.195s][info][gc,heap        ] GC(786) Survivor regions: 113->110(152)
[3481.195s][info][gc,heap        ] GC(786) Old regions: 538->472
[3481.195s][info][gc,heap        ] GC(786) Humongous regions: 80->80
[3481.195s][info][gc,metaspace   ] GC(786) Metaspace: 28890K(29312K)->28890K(29312K) NonClass: 24022K(24256K)->24022K(24256K) Class: 4868K(5056K)->4868K(5056K)
[3481.195s][info][gc             ] GC(786) Pause Young (Mixed) (G1 Evacuation Pause) 3662M->1320M(4096M) 132.338ms
[3481.196s][info][gc,cpu         ] GC(786) User=0.78s Sys=0.00s Real=0.14s
...|[3484.170s][info][gc,start       ] GC(787) Pause Young (Concurrent Start) (G1 Evacuation Pause)
[3484.170s][info][gc,task        ] GC(787) Using 6 workers of 6 for evacuation
[3484.288s][info][gc,phases      ] GC(787)   Pre Evacuate Collection Set: 0.39ms
[3484.288s][info][gc,phases      ] GC(787)   Merge Heap Roots: 0.46ms
[3484.288s][info][gc,phases      ] GC(787)   Evacuate Collection Set: 116.05ms
[3484.288s][info][gc,phases      ] GC(787)   Post Evacuate Collection Set: 0.87ms
[3484.288s][info][gc,phases      ] GC(787)   Other: 0.12ms
[3484.288s][info][gc,heap        ] GC(787) Eden regions: 1118->0(1117)
[3484.288s][info][gc,heap        ] GC(787) Survivor regions: 110->111(154)
[3484.288s][info][gc,heap        ] GC(787) Old regions: 472->505
[3484.288s][info][gc,heap        ] GC(787) Humongous regions: 80->80
[3484.288s][info][gc,metaspace   ] GC(787) Metaspace: 28890K(29312K)->28890K(29312K) NonClass: 24022K(24256K)->24022K(24256K) Class: 4868K(5056K)->4868K(5056K)
[3484.288s][info][gc             ] GC(787) Pause Young (Concurrent Start) (G1 Evacuation Pause) 3556M->1388M(4096M) 118.006ms
[3484.288s][info][gc             ] GC(788) Concurrent Mark Cycle
[3484.288s][info][gc,marking     ] GC(788) Concurrent Scan Root Regions
[3484.288s][info][gc,cpu         ] GC(787) User=0.70s Sys=0.00s Real=0.12s
[3484.421s][info][gc,marking     ] GC(788) Concurrent Scan Root Regions 133.835ms
[3484.422s][info][gc,marking     ] GC(788) Concurrent Mark
[3484.422s][info][gc,marking     ] GC(788) Concurrent Mark From Roots
[3484.422s][info][gc,task        ] GC(788) Using 2 workers of 2 for marking
.[3485.092s][info][gc,marking     ] GC(788) Concurrent Mark From Roots 670.954ms
[3485.093s][info][gc,marking     ] GC(788) Concurrent Preclean
[3485.093s][info][gc,marking     ] GC(788) Concurrent Preclean 0.122ms
[3485.093s][info][gc,start       ] GC(788) Pause Remark
[3485.099s][info][gc             ] GC(788) Pause Remark 2020M->2020M(4096M) 5.600ms
[3485.099s][info][gc,cpu         ] GC(788) User=0.03s Sys=0.00s Real=0.01s
[3485.100s][info][gc,marking     ] GC(788) Concurrent Mark 678.370ms
[3485.100s][info][gc,marking     ] GC(788) Concurrent Rebuild Remembered Sets and Scrub Regions
[3485.404s][info][gc,marking     ] GC(788) Concurrent Rebuild Remembered Sets and Scrub Regions 304.473ms
[3485.405s][info][gc,start       ] GC(788) Pause Cleanup
[3485.405s][info][gc             ] GC(788) Pause Cleanup 2251M->2251M(4096M) 0.104ms
[3485.405s][info][gc,cpu         ] GC(788) User=0.00s Sys=0.00s Real=0.00s
[3485.405s][info][gc,marking     ] GC(788) Concurrent Clear Claimed Marks
[3485.405s][info][gc,marking     ] GC(788) Concurrent Clear Claimed Marks 0.024ms
[3485.405s][info][gc,marking     ] GC(788) Concurrent Cleanup for Next Mark
[3485.408s][info][gc,marking     ] GC(788) Concurrent Cleanup for Next Mark 3.145ms
[3485.408s][info][gc             ] GC(788) Concurrent Mark Cycle 1120.299ms
..[3487.199s][info][gc,start       ] GC(789) Pause Young (Prepare Mixed) (G1 Evacuation Pause)
[3487.199s][info][gc,task        ] GC(789) Using 6 workers of 6 for evacuation
[3487.314s][info][gc,phases      ] GC(789)   Pre Evacuate Collection Set: 0.31ms
[3487.314s][info][gc,phases      ] GC(789)   Merge Heap Roots: 0.49ms
[3487.314s][info][gc,phases      ] GC(789)   Evacuate Collection Set: 113.52ms
[3487.314s][info][gc,phases      ] GC(789)   Post Evacuate Collection Set: 0.91ms
[3487.314s][info][gc,phases      ] GC(789)   Other: 0.09ms
[3487.314s][info][gc,heap        ] GC(789) Eden regions: 1117->0(1110)
[3487.314s][info][gc,heap        ] GC(789) Survivor regions: 111->109(154)
[3487.314s][info][gc,heap        ] GC(789) Old regions: 505->537
[3487.314s][info][gc,heap        ] GC(789) Humongous regions: 80->80
[3487.314s][info][gc,metaspace   ] GC(789) Metaspace: 28890K(29312K)->28890K(29312K) NonClass: 24022K(24256K)->24022K(24256K) Class: 4868K(5056K)->4868K(5056K)
[3487.314s][info][gc             ] GC(789) Pause Young (Prepare Mixed) (G1 Evacuation Pause) 3622M->1448M(4096M) 115.472ms
[3487.314s][info][gc,cpu         ] GC(789) User=0.68s Sys=0.00s Real=0.12s
...[3490.356s][info][gc,start       ] GC(790) Pause Young (Mixed) (G1 Evacuation Pause)
[3490.356s][info][gc,task        ] GC(790) Using 6 workers of 6 for evacuation
[3490.493s][info][gc,phases      ] GC(790)   Pre Evacuate Collection Set: 0.37ms
[3490.493s][info][gc,phases      ] GC(790)   Merge Heap Roots: 0.74ms
[3490.493s][info][gc,phases      ] GC(790)   Evacuate Collection Set: 134.87ms
[3490.493s][info][gc,phases      ] GC(790)   Post Evacuate Collection Set: 0.90ms
[3490.493s][info][gc,phases      ] GC(790)   Other: 0.09ms
[3490.493s][info][gc,heap        ] GC(790) Eden regions: 1110->0(1116)
[3490.493s][info][gc,heap        ] GC(790) Survivor regions: 109->112(153)
[3490.493s][info][gc,heap        ] GC(790) Old regions: 537->474
[3490.493s][info][gc,heap        ] GC(790) Humongous regions: 80->80
[3490.493s][info][gc,metaspace   ] GC(790) Metaspace: 28890K(29312K)->28890K(29312K) NonClass: 24022K(24256K)->24022K(24256K) Class: 4868K(5056K)->4868K(5056K)
[3490.493s][info][gc             ] GC(790) Pause Young (Mixed) (G1 Evacuation Pause) 3668M->1329M(4096M) 137.102ms
[3490.493s][info][gc,cpu         ] GC(790) User=0.81s Sys=0.00s Real=0.13s
...[3493.491s][info][gc,start       ] GC(791) Pause Young (Concurrent Start) (G1 Evacuation Pause)
[3493.491s][info][gc,task        ] GC(791) Using 6 workers of 6 for evacuation
[3493.611s][info][gc,phases      ] GC(791)   Pre Evacuate Collection Set: 0.40ms
[3493.611s][info][gc,phases      ] GC(791)   Merge Heap Roots: 0.52ms
[3493.611s][info][gc,phases      ] GC(791)   Evacuate Collection Set: 118.18ms
[3493.611s][info][gc,phases      ] GC(791)   Post Evacuate Collection Set: 0.88ms
[3493.611s][info][gc,phases      ] GC(791)   Other: 0.14ms
[3493.611s][info][gc,heap        ] GC(791) Eden regions: 1116->0(1114)
[3493.611s][info][gc,heap        ] GC(791) Survivor regions: 112->114(154)
[3493.611s][info][gc,heap        ] GC(791) Old regions: 474->505
[3493.611s][info][gc,heap        ] GC(791) Humongous regions: 80->80
[3493.611s][info][gc,metaspace   ] GC(791) Metaspace: 28890K(29312K)->28890K(29312K) NonClass: 24022K(24256K)->24022K(24256K) Class: 4868K(5056K)->4868K(5056K)
[3493.611s][info][gc             ] GC(791) Pause Young (Concurrent Start) (G1 Evacuation Pause) 3561M->1394M(4096M) 120.264ms
[3493.611s][info][gc             ] GC(792) Concurrent Mark Cycle
[3493.611s][info][gc,cpu         ] GC(791) User=0.71s Sys=0.00s Real=0.12s
[3493.611s][info][gc,marking     ] GC(792) Concurrent Scan Root Regions
.[3493.745s][info][gc,marking     ] GC(792) Concurrent Scan Root Regions 133.698ms
[3493.745s][info][gc,marking     ] GC(792) Concurrent Mark
[3493.745s][info][gc,marking     ] GC(792) Concurrent Mark From Roots
[3493.745s][info][gc,task        ] GC(792) Using 2 workers of 2 for marking
[3494.427s][info][gc,marking     ] GC(792) Concurrent Mark From Roots 681.749ms
[3494.427s][info][gc,marking     ] GC(792) Concurrent Preclean
[3494.427s][info][gc,marking     ] GC(792) Concurrent Preclean 0.163ms
[3494.429s][info][gc,start       ] GC(792) Pause Remark
[3494.434s][info][gc             ] GC(792) Pause Remark 2064M->2064M(4096M) 5.225ms
[3494.434s][info][gc,cpu         ] GC(792) User=0.03s Sys=0.00s Real=0.00s
[3494.434s][info][gc,marking     ] GC(792) Concurrent Mark 688.984ms
[3494.434s][info][gc,marking     ] GC(792) Concurrent Rebuild Remembered Sets and Scrub Regions
[3494.703s][info][gc,marking     ] GC(792) Concurrent Rebuild Remembered Sets and Scrub Regions 268.477ms
[3494.703s][info][gc,start       ] GC(792) Pause Cleanup
[3494.703s][info][gc             ] GC(792) Pause Cleanup 2308M->2308M(4096M) 0.113ms
[3494.703s][info][gc,cpu         ] GC(792) User=0.00s Sys=0.00s Real=0.00s
[3494.703s][info][gc,marking     ] GC(792) Concurrent Clear Claimed Marks
[3494.703s][info][gc,marking     ] GC(792) Concurrent Clear Claimed Marks 0.022ms
[3494.703s][info][gc,marking     ] GC(792) Concurrent Cleanup for Next Mark
[3494.707s][info][gc,marking     ] GC(792) Concurrent Cleanup for Next Mark 4.247ms
[3494.707s][info][gc             ] GC(792) Concurrent Mark Cycle 1095.887ms
..[3496.534s][info][gc,start       ] GC(793) Pause Young (Prepare Mixed) (G1 Evacuation Pause)
[3496.534s][info][gc,task        ] GC(793) Using 6 workers of 6 for evacuation
[3496.650s][info][gc,phases      ] GC(793)   Pre Evacuate Collection Set: 0.31ms
[3496.650s][info][gc,phases      ] GC(793)   Merge Heap Roots: 0.52ms
[3496.650s][info][gc,phases      ] GC(793)   Evacuate Collection Set: 114.78ms
[3496.650s][info][gc,phases      ] GC(793)   Post Evacuate Collection Set: 0.91ms
[3496.650s][info][gc,phases      ] GC(793)   Other: 0.09ms
[3496.650s][info][gc,heap        ] GC(793) Eden regions: 1114->0(1107)
[3496.650s][info][gc,heap        ] GC(793) Survivor regions: 114->110(154)
[3496.650s][info][gc,heap        ] GC(793) Old regions: 505->538
[3496.650s][info][gc,heap        ] GC(793) Humongous regions: 80->80
[3496.650s][info][gc,metaspace   ] GC(793) Metaspace: 28890K(29312K)->28890K(29312K) NonClass: 24022K(24256K)->24022K(24256K) Class: 4868K(5056K)->4868K(5056K)
[3496.650s][info][gc             ] GC(793) Pause Young (Prepare Mixed) (G1 Evacuation Pause) 3622M->1453M(4096M) 116.732ms
[3496.650s][info][gc,cpu         ] GC(793) User=0.70s Sys=0.00s Real=0.12s
...[3499.633s][info][gc,start       ] GC(794) Pause Young (Mixed) (G1 Evacuation Pause)
[3499.633s][info][gc,task        ] GC(794) Using 6 workers of 6 for evacuation
[3499.768s][info][gc,phases      ] GC(794)   Pre Evacuate Collection Set: 0.33ms
[3499.768s][info][gc,phases      ] GC(794)   Merge Heap Roots: 0.66ms
[3499.768s][info][gc,phases      ] GC(794)   Evacuate Collection Set: 132.85ms
[3499.768s][info][gc,phases      ] GC(794)   Post Evacuate Collection Set: 1.00ms
[3499.768s][info][gc,phases      ] GC(794)   Other: 0.09ms
[3499.768s][info][gc,heap        ] GC(794) Eden regions: 1107->0(1116)
[3499.768s][info][gc,heap        ] GC(794) Survivor regions: 110->112(153)
[3499.768s][info][gc,heap        ] GC(794) Old regions: 538->473
[3499.768s][info][gc,heap        ] GC(794) Humongous regions: 80->80
[3499.768s][info][gc,metaspace   ] GC(794) Metaspace: 28890K(29312K)->28890K(29312K) NonClass: 24022K(24256K)->24022K(24256K) Class: 4868K(5056K)->4868K(5056K)
[3499.768s][info][gc             ] GC(794) Pause Young (Mixed) (G1 Evacuation Pause) 3667M->1328M(4096M) 135.074ms
[3499.768s][info][gc,cpu         ] GC(794) User=0.80s Sys=0.00s Real=0.14s
...[3502.724s][info][gc,start       ] GC(795) Pause Young (Concurrent Start) (G1 Evacuation Pause)
[3502.724s][info][gc,task        ] GC(795) Using 6 workers of 6 for evacuation
[3502.838s][info][gc,phases      ] GC(795)   Pre Evacuate Collection Set: 0.34ms
[3502.838s][info][gc,phases      ] GC(795)   Merge Heap Roots: 0.46ms
[3502.838s][info][gc,phases      ] GC(795)   Evacuate Collection Set: 112.10ms
[3502.838s][info][gc,phases      ] GC(795)   Post Evacuate Collection Set: 0.91ms
[3502.838s][info][gc,phases      ] GC(795)   Other: 0.12ms
[3502.838s][info][gc,heap        ] GC(795) Eden regions: 1116->0(1120)
[3502.838s][info][gc,heap        ] GC(795) Survivor regions: 112->108(154)
[3502.838s][info][gc,heap        ] GC(795) Old regions: 473->504
[3502.838s][info][gc,heap        ] GC(795) Humongous regions: 80->80
[3502.838s][info][gc,metaspace   ] GC(795) Metaspace: 28890K(29312K)->28890K(29312K) NonClass: 24022K(24256K)->24022K(24256K) Class: 4868K(5056K)->4868K(5056K)
[3502.838s][info][gc             ] GC(795) Pause Young (Concurrent Start) (G1 Evacuation Pause) 3560M->1381M(4096M) 114.042ms
[3502.838s][info][gc             ] GC(796) Concurrent Mark Cycle
[3502.838s][info][gc,marking     ] GC(796) Concurrent Scan Root Regions
[3502.838s][info][gc,cpu         ] GC(795) User=0.68s Sys=0.00s Real=0.12s
.[3503.007s][info][gc,marking     ] GC(796) Concurrent Scan Root Regions 168.452ms
[3503.007s][info][gc,marking     ] GC(796) Concurrent Mark
[3503.007s][info][gc,marking     ] GC(796) Concurrent Mark From Roots
[3503.007s][info][gc,task        ] GC(796) Using 2 workers of 2 for marking
[3503.840s][info][gc,marking     ] GC(796) Concurrent Mark From Roots 833.144ms
[3503.840s][info][gc,marking     ] GC(796) Concurrent Preclean
[3503.840s][info][gc,marking     ] GC(796) Concurrent Preclean 0.114ms
[3503.844s][info][gc,start       ] GC(796) Pause Remark
[3503.849s][info][gc             ] GC(796) Pause Remark 2149M->2149M(4096M) 5.641ms
[3503.849s][info][gc,cpu         ] GC(796) User=0.03s Sys=0.00s Real=0.01s
[3503.850s][info][gc,marking     ] GC(796) Concurrent Mark 842.581ms
[3503.850s][info][gc,marking     ] GC(796) Concurrent Rebuild Remembered Sets and Scrub Regions
.[3504.154s][info][gc,marking     ] GC(796) Concurrent Rebuild Remembered Sets and Scrub Regions 304.258ms
[3504.154s][info][gc,start       ] GC(796) Pause Cleanup
[3504.154s][info][gc             ] GC(796) Pause Cleanup 2385M->2385M(4096M) 0.126ms
[3504.154s][info][gc,cpu         ] GC(796) User=0.00s Sys=0.00s Real=0.00s
[3504.154s][info][gc,marking     ] GC(796) Concurrent Clear Claimed Marks
[3504.154s][info][gc,marking     ] GC(796) Concurrent Clear Claimed Marks 0.023ms
[3504.154s][info][gc,marking     ] GC(796) Concurrent Cleanup for Next Mark
[3504.158s][info][gc,marking     ] GC(796) Concurrent Cleanup for Next Mark 3.570ms
[3504.158s][info][gc             ] GC(796) Concurrent Mark Cycle 1319.357ms
.[3505.836s][info][gc,start       ] GC(797) Pause Young (Prepare Mixed) (G1 Evacuation Pause)
[3505.836s][info][gc,task        ] GC(797) Using 6 workers of 6 for evacuation
[3505.955s][info][gc,phases      ] GC(797)   Pre Evacuate Collection Set: 0.31ms
[3505.955s][info][gc,phases      ] GC(797)   Merge Heap Roots: 0.60ms
[3505.955s][info][gc,phases      ] GC(797)   Evacuate Collection Set: 117.32ms
[3505.955s][info][gc,phases      ] GC(797)   Post Evacuate Collection Set: 0.96ms
[3505.955s][info][gc,phases      ] GC(797)   Other: 0.09ms
[3505.955s][info][gc,heap        ] GC(797) Eden regions: 1120->0(1110)
[3505.955s][info][gc,heap        ] GC(797) Survivor regions: 108->110(154)
[3505.955s][info][gc,heap        ] GC(797) Old regions: 504->535
[3505.955s][info][gc,heap        ] GC(797) Humongous regions: 80->80
[3505.955s][info][gc,metaspace   ] GC(797) Metaspace: 28890K(29312K)->28890K(29312K) NonClass: 24022K(24256K)->24022K(24256K) Class: 4868K(5056K)->4868K(5056K)
[3505.955s][info][gc             ] GC(797) Pause Young (Prepare Mixed) (G1 Evacuation Pause) 3621M->1447M(4096M) 119.412ms
[3505.955s][info][gc,cpu         ] GC(797) User=0.71s Sys=0.00s Real=0.12s
...[3508.935s][info][gc,start       ] GC(798) Pause Young (Mixed) (G1 Evacuation Pause)
[3508.935s][info][gc,task        ] GC(798) Using 6 workers of 6 for evacuation
[3509.070s][info][gc,phases      ] GC(798)   Pre Evacuate Collection Set: 0.34ms
[3509.070s][info][gc,phases      ] GC(798)   Merge Heap Roots: 0.77ms
[3509.070s][info][gc,phases      ] GC(798)   Evacuate Collection Set: 132.31ms
[3509.070s][info][gc,phases      ] GC(798)   Post Evacuate Collection Set: 0.91ms
[3509.070s][info][gc,phases      ] GC(798)   Other: 0.09ms
[3509.070s][info][gc,heap        ] GC(798) Eden regions: 1110->0(1120)
[3509.070s][info][gc,heap        ] GC(798) Survivor regions: 110->108(153)
[3509.070s][info][gc,heap        ] GC(798) Old regions: 535->471
[3509.070s][info][gc,heap        ] GC(798) Humongous regions: 80->80
[3509.070s][info][gc,metaspace   ] GC(798) Metaspace: 28890K(29312K)->28890K(29312K) NonClass: 24022K(24256K)->24022K(24256K) Class: 4868K(5056K)->4868K(5056K)
[3509.070s][info][gc             ] GC(798) Pause Young (Mixed) (G1 Evacuation Pause) 3667M->1315M(4096M) 134.559ms
[3509.070s][info][gc,cpu         ] GC(798) User=0.80s Sys=0.00s Real=0.13s
...[3512.051s][info][gc,start       ] GC(799) Pause Young (Concurrent Start) (G1 Evacuation Pause)
[3512.051s][info][gc,task        ] GC(799) Using 6 workers of 6 for evacuation
[3512.168s][info][gc,phases      ] GC(799)   Pre Evacuate Collection Set: 0.40ms
[3512.168s][info][gc,phases      ] GC(799)   Merge Heap Roots: 0.52ms
[3512.168s][info][gc,phases      ] GC(799)   Evacuate Collection Set: 114.78ms
[3512.168s][info][gc,phases      ] GC(799)   Post Evacuate Collection Set: 0.84ms
[3512.168s][info][gc,phases      ] GC(799)   Other: 0.86ms
[3512.168s][info][gc,heap        ] GC(799) Eden regions: 1120->0(1118)
[3512.168s][info][gc,heap        ] GC(799) Survivor regions: 108->110(154)
[3512.168s][info][gc,heap        ] GC(799) Old regions: 471->502
[3512.168s][info][gc,heap        ] GC(799) Humongous regions: 80->80
[3512.168s][info][gc,metaspace   ] GC(799) Metaspace: 28890K(29312K)->28890K(29312K) NonClass: 24022K(24256K)->24022K(24256K) Class: 4868K(5056K)->4868K(5056K)
[3512.168s][info][gc             ] GC(799) Pause Young (Concurrent Start) (G1 Evacuation Pause) 3555M->1381M(4096M) 117.539ms
[3512.168s][info][gc             ] GC(800) Concurrent Mark Cycle
[3512.168s][info][gc,marking     ] GC(800) Concurrent Scan Root Regions
[3512.168s][info][gc,cpu         ] GC(799) User=0.69s Sys=0.00s Real=0.12s
.[3512.299s][info][gc,marking     ] GC(800) Concurrent Scan Root Regions 130.482ms
[3512.299s][info][gc,marking     ] GC(800) Concurrent Mark
[3512.299s][info][gc,marking     ] GC(800) Concurrent Mark From Roots
[3512.299s][info][gc,task        ] GC(800) Using 2 workers of 2 for marking
[3513.009s][info][gc,marking     ] GC(800) Concurrent Mark From Roots 709.941ms
[3513.009s][info][gc,marking     ] GC(800) Concurrent Preclean
[3513.009s][info][gc,marking     ] GC(800) Concurrent Preclean 0.113ms
[3513.009s][info][gc,start       ] GC(800) Pause Remark
[3513.014s][info][gc             ] GC(800) Pause Remark 2091M->2091M(4096M) 4.875ms
[3513.014s][info][gc,cpu         ] GC(800) User=0.03s Sys=0.00s Real=0.01s
[3513.015s][info][gc,marking     ] GC(800) Concurrent Mark 715.691ms
[3513.015s][info][gc,marking     ] GC(800) Concurrent Rebuild Remembered Sets and Scrub Regions
[3513.250s][info][gc,marking     ] GC(800) Concurrent Rebuild Remembered Sets and Scrub Regions 235.301ms
[3513.250s][info][gc,start       ] GC(800) Pause Cleanup
[3513.250s][info][gc             ] GC(800) Pause Cleanup 2247M->2247M(4096M) 0.112ms
[3513.250s][info][gc,cpu         ] GC(800) User=0.00s Sys=0.00s Real=0.00s
[3513.250s][info][gc,marking     ] GC(800) Concurrent Clear Claimed Marks
[3513.250s][info][gc,marking     ] GC(800) Concurrent Clear Claimed Marks 0.029ms
[3513.250s][info][gc,marking     ] GC(800) Concurrent Cleanup for Next Mark
[3513.255s][info][gc,marking     ] GC(800) Concurrent Cleanup for Next Mark 5.136ms
[3513.256s][info][gc             ] GC(800) Concurrent Mark Cycle 1087.236ms
..[3515.101s][info][gc,start       ] GC(801) Pause Young (Prepare Mixed) (G1 Evacuation Pause)
[3515.101s][info][gc,task        ] GC(801) Using 6 workers of 6 for evacuation
[3515.217s][info][gc,phases      ] GC(801)   Pre Evacuate Collection Set: 0.34ms
[3515.217s][info][gc,phases      ] GC(801)   Merge Heap Roots: 0.50ms
[3515.217s][info][gc,phases      ] GC(801)   Evacuate Collection Set: 114.26ms
[3515.217s][info][gc,phases      ] GC(801)   Post Evacuate Collection Set: 0.91ms
[3515.217s][info][gc,phases      ] GC(801)   Other: 0.09ms
[3515.217s][info][gc,heap        ] GC(801) Eden regions: 1118->0(1113)
[3515.217s][info][gc,heap        ] GC(801) Survivor regions: 110->109(154)
[3515.217s][info][gc,heap        ] GC(801) Old regions: 502->534
[3515.217s][info][gc,heap        ] GC(801) Humongous regions: 80->80
[3515.217s][info][gc,metaspace   ] GC(801) Metaspace: 28891K(29312K)->28891K(29312K) NonClass: 24023K(24256K)->24023K(24256K) Class: 4868K(5056K)->4868K(5056K)
[3515.217s][info][gc             ] GC(801) Pause Young (Prepare Mixed) (G1 Evacuation Pause) 3617M->1442M(4096M) 116.221ms
[3515.217s][info][gc,cpu         ] GC(801) User=0.69s Sys=0.00s Real=0.12s
...[3518.193s][info][gc,start       ] GC(802) Pause Young (Mixed) (G1 Evacuation Pause)
[3518.193s][info][gc,task        ] GC(802) Using 6 workers of 6 for evacuation
[3518.326s][info][gc,phases      ] GC(802)   Pre Evacuate Collection Set: 0.38ms
[3518.326s][info][gc,phases      ] GC(802)   Merge Heap Roots: 0.65ms
[3518.326s][info][gc,phases      ] GC(802)   Evacuate Collection Set: 130.86ms
[3518.326s][info][gc,phases      ] GC(802)   Post Evacuate Collection Set: 0.94ms
[3518.326s][info][gc,phases      ] GC(802)   Other: 0.10ms
[3518.326s][info][gc,heap        ] GC(802) Eden regions: 1113->0(1117)
[3518.326s][info][gc,heap        ] GC(802) Survivor regions: 109->111(153)
[3518.326s][info][gc,heap        ] GC(802) Old regions: 534->472
[3518.326s][info][gc,heap        ] GC(802) Humongous regions: 80->80
[3518.326s][info][gc,metaspace   ] GC(802) Metaspace: 28891K(29312K)->28891K(29312K) NonClass: 24023K(24256K)->24023K(24256K) Class: 4868K(5056K)->4868K(5056K)
[3518.326s][info][gc             ] GC(802) Pause Young (Mixed) (G1 Evacuation Pause) 3668M->1323M(4096M) 133.071ms
[3518.326s][info][gc,cpu         ] GC(802) User=0.79s Sys=0.00s Real=0.14s
...[3521.329s][info][gc,start       ] GC(803) Pause Young (Concurrent Start) (G1 Evacuation Pause)
[3521.329s][info][gc,task        ] GC(803) Using 6 workers of 6 for evacuation
[3521.446s][info][gc,phases      ] GC(803)   Pre Evacuate Collection Set: 0.39ms
[3521.446s][info][gc,phases      ] GC(803)   Merge Heap Roots: 0.46ms
[3521.446s][info][gc,phases      ] GC(803)   Evacuate Collection Set: 114.53ms
[3521.446s][info][gc,phases      ] GC(803)   Post Evacuate Collection Set: 0.87ms
[3521.446s][info][gc,phases      ] GC(803)   Other: 0.12ms
[3521.446s][info][gc,heap        ] GC(803) Eden regions: 1117->0(1117)
[3521.446s][info][gc,heap        ] GC(803) Survivor regions: 111->111(154)
[3521.446s][info][gc,heap        ] GC(803) Old regions: 472->503
[3521.446s][info][gc,heap        ] GC(803) Humongous regions: 80->80
[3521.446s][info][gc,metaspace   ] GC(803) Metaspace: 28891K(29312K)->28891K(29312K) NonClass: 24023K(24256K)->24023K(24256K) Class: 4868K(5056K)->4868K(5056K)
[3521.446s][info][gc             ] GC(803) Pause Young (Concurrent Start) (G1 Evacuation Pause) 3557M->1385M(4096M) 116.499ms
[3521.446s][info][gc             ] GC(804) Concurrent Mark Cycle
[3521.446s][info][gc,marking     ] GC(804) Concurrent Scan Root Regions
[3521.446s][info][gc,cpu         ] GC(803) User=0.69s Sys=0.00s Real=0.12s
.[3521.577s][info][gc,marking     ] GC(804) Concurrent Scan Root Regions 131.364ms
[3521.577s][info][gc,marking     ] GC(804) Concurrent Mark
[3521.577s][info][gc,marking     ] GC(804) Concurrent Mark From Roots
[3521.577s][info][gc,task        ] GC(804) Using 2 workers of 2 for marking
[3522.231s][info][gc,marking     ] GC(804) Concurrent Mark From Roots 653.950ms
[3522.231s][info][gc,marking     ] GC(804) Concurrent Preclean
[3522.231s][info][gc,marking     ] GC(804) Concurrent Preclean 0.093ms
[3522.231s][info][gc,start       ] GC(804) Pause Remark
[3522.236s][info][gc             ] GC(804) Pause Remark 1994M->1994M(4096M) 5.005ms
[3522.236s][info][gc,cpu         ] GC(804) User=0.02s Sys=0.00s Real=0.01s
[3522.236s][info][gc,marking     ] GC(804) Concurrent Mark 659.306ms
[3522.236s][info][gc,marking     ] GC(804) Concurrent Rebuild Remembered Sets and Scrub Regions
.[3522.512s][info][gc,marking     ] GC(804) Concurrent Rebuild Remembered Sets and Scrub Regions 275.183ms
[3522.513s][info][gc,start       ] GC(804) Pause Cleanup
[3522.513s][info][gc             ] GC(804) Pause Cleanup 2211M->2211M(4096M) 0.139ms
[3522.513s][info][gc,cpu         ] GC(804) User=0.00s Sys=0.00s Real=0.00s
[3522.514s][info][gc,marking     ] GC(804) Concurrent Clear Claimed Marks
[3522.514s][info][gc,marking     ] GC(804) Concurrent Clear Claimed Marks 0.041ms
[3522.514s][info][gc,marking     ] GC(804) Concurrent Cleanup for Next Mark
[3522.518s][info][gc,marking     ] GC(804) Concurrent Cleanup for Next Mark 4.048ms
[3522.518s][info][gc             ] GC(804) Concurrent Mark Cycle 1072.148ms
.[3524.444s][info][gc,start       ] GC(805) Pause Young (Prepare Mixed) (G1 Evacuation Pause)
[3524.444s][info][gc,task        ] GC(805) Using 6 workers of 6 for evacuation
[3524.562s][info][gc,phases      ] GC(805)   Pre Evacuate Collection Set: 0.34ms
[3524.562s][info][gc,phases      ] GC(805)   Merge Heap Roots: 0.50ms
[3524.562s][info][gc,phases      ] GC(805)   Evacuate Collection Set: 116.59ms
[3524.562s][info][gc,phases      ] GC(805)   Post Evacuate Collection Set: 0.91ms
[3524.562s][info][gc,phases      ] GC(805)   Other: 0.10ms
[3524.562s][info][gc,heap        ] GC(805) Eden regions: 1117->0(1108)
[3524.562s][info][gc,heap        ] GC(805) Survivor regions: 111->111(154)
[3524.562s][info][gc,heap        ] GC(805) Old regions: 503->535
[3524.562s][info][gc,heap        ] GC(805) Humongous regions: 80->80
[3524.562s][info][gc,metaspace   ] GC(805) Metaspace: 28891K(29312K)->28891K(29312K) NonClass: 24023K(24256K)->24023K(24256K) Class: 4868K(5056K)->4868K(5056K)
[3524.562s][info][gc             ] GC(805) Pause Young (Prepare Mixed) (G1 Evacuation Pause) 3619M->1449M(4096M) 118.551ms
[3524.562s][info][gc,cpu         ] GC(805) User=0.70s Sys=0.00s Real=0.12s
...[3527.501s][info][gc,start       ] GC(806) Pause Young (Mixed) (G1 Evacuation Pause)
[3527.501s][info][gc,task        ] GC(806) Using 6 workers of 6 for evacuation
[3527.638s][info][gc,phases      ] GC(806)   Pre Evacuate Collection Set: 0.39ms
[3527.638s][info][gc,phases      ] GC(806)   Merge Heap Roots: 0.80ms
[3527.638s][info][gc,phases      ] GC(806)   Evacuate Collection Set: 133.39ms
[3527.638s][info][gc,phases      ] GC(806)   Post Evacuate Collection Set: 0.97ms
[3527.638s][info][gc,phases      ] GC(806)   Other: 0.84ms
[3527.638s][info][gc,heap        ] GC(806) Eden regions: 1108->0(1117)
[3527.638s][info][gc,heap        ] GC(806) Survivor regions: 111->111(153)
[3527.638s][info][gc,heap        ] GC(806) Old regions: 535->469
[3527.638s][info][gc,heap        ] GC(806) Humongous regions: 80->80
[3527.638s][info][gc,metaspace   ] GC(806) Metaspace: 28891K(29312K)->28891K(29312K) NonClass: 24023K(24256K)->24023K(24256K) Class: 4868K(5056K)->4868K(5056K)
[3527.638s][info][gc             ] GC(806) Pause Young (Mixed) (G1 Evacuation Pause) 3665M->1318M(4096M) 136.519ms
[3527.638s][info][gc,cpu         ] GC(806) User=0.81s Sys=0.00s Real=0.14s
...[3530.623s][info][gc,start       ] GC(807) Pause Young (Concurrent Start) (G1 Evacuation Pause)
[3530.623s][info][gc,task        ] GC(807) Using 6 workers of 6 for evacuation
[3530.744s][info][gc,phases      ] GC(807)   Pre Evacuate Collection Set: 0.38ms
[3530.744s][info][gc,phases      ] GC(807)   Merge Heap Roots: 0.46ms
[3530.744s][info][gc,phases      ] GC(807)   Evacuate Collection Set: 119.27ms
[3530.744s][info][gc,phases      ] GC(807)   Post Evacuate Collection Set: 0.87ms
[3530.744s][info][gc,phases      ] GC(807)   Other: 0.12ms
[3530.744s][info][gc,heap        ] GC(807) Eden regions: 1117->0(1115)
[3530.744s][info][gc,heap        ] GC(807) Survivor regions: 111->113(154)
[3530.744s][info][gc,heap        ] GC(807) Old regions: 469->502
[3530.744s][info][gc,heap        ] GC(807) Humongous regions: 80->80
[3530.744s][info][gc,metaspace   ] GC(807) Metaspace: 28891K(29312K)->28891K(29312K) NonClass: 24023K(24256K)->24023K(24256K) Class: 4868K(5056K)->4868K(5056K)
[3530.744s][info][gc             ] GC(807) Pause Young (Concurrent Start) (G1 Evacuation Pause) 3552M->1386M(4096M) 121.224ms
[3530.744s][info][gc             ] GC(808) Concurrent Mark Cycle
[3530.744s][info][gc,marking     ] GC(808) Concurrent Scan Root Regions
[3530.744s][info][gc,cpu         ] GC(807) User=0.72s Sys=0.00s Real=0.12s
.[3530.886s][info][gc,marking     ] GC(808) Concurrent Scan Root Regions 142.332ms
[3530.886s][info][gc,marking     ] GC(808) Concurrent Mark
[3530.886s][info][gc,marking     ] GC(808) Concurrent Mark From Roots
[3530.886s][info][gc,task        ] GC(808) Using 2 workers of 2 for marking
[3531.576s][info][gc,marking     ] GC(808) Concurrent Mark From Roots 689.697ms
[3531.576s][info][gc,marking     ] GC(808) Concurrent Preclean
[3531.576s][info][gc,marking     ] GC(808) Concurrent Preclean 0.092ms
[3531.576s][info][gc,start       ] GC(808) Pause Remark
[3531.581s][info][gc             ] GC(808) Pause Remark 2040M->2040M(4096M) 4.062ms
[3531.581s][info][gc,cpu         ] GC(808) User=0.02s Sys=0.00s Real=0.00s
[3531.581s][info][gc,marking     ] GC(808) Concurrent Mark 694.264ms
[3531.581s][info][gc,marking     ] GC(808) Concurrent Rebuild Remembered Sets and Scrub Regions
.[3531.833s][info][gc,marking     ] GC(808) Concurrent Rebuild Remembered Sets and Scrub Regions 251.987ms
[3531.833s][info][gc,start       ] GC(808) Pause Cleanup
[3531.833s][info][gc             ] GC(808) Pause Cleanup 2237M->2237M(4096M) 0.118ms
[3531.833s][info][gc,cpu         ] GC(808) User=0.00s Sys=0.00s Real=0.00s
[3531.833s][info][gc,marking     ] GC(808) Concurrent Clear Claimed Marks
[3531.833s][info][gc,marking     ] GC(808) Concurrent Clear Claimed Marks 0.028ms
[3531.833s][info][gc,marking     ] GC(808) Concurrent Cleanup for Next Mark
[3531.836s][info][gc,marking     ] GC(808) Concurrent Cleanup for Next Mark 3.353ms
[3531.836s][info][gc             ] GC(808) Concurrent Mark Cycle 1092.401ms
.[3533.646s][info][gc,start       ] GC(809) Pause Young (Prepare Mixed) (G1 Evacuation Pause)
[3533.646s][info][gc,task        ] GC(809) Using 6 workers of 6 for evacuation
[3533.763s][info][gc,phases      ] GC(809)   Pre Evacuate Collection Set: 0.33ms
[3533.763s][info][gc,phases      ] GC(809)   Merge Heap Roots: 0.50ms
[3533.763s][info][gc,phases      ] GC(809)   Evacuate Collection Set: 114.89ms
[3533.763s][info][gc,phases      ] GC(809)   Post Evacuate Collection Set: 0.92ms
[3533.763s][info][gc,phases      ] GC(809)   Other: 0.09ms
[3533.763s][info][gc,heap        ] GC(809) Eden regions: 1115->0(1112)
[3533.763s][info][gc,heap        ] GC(809) Survivor regions: 113->110(154)
[3533.763s][info][gc,heap        ] GC(809) Old regions: 502->533
[3533.763s][info][gc,heap        ] GC(809) Humongous regions: 80->80
[3533.763s][info][gc,metaspace   ] GC(809) Metaspace: 28891K(29312K)->28891K(29312K) NonClass: 24023K(24256K)->24023K(24256K) Class: 4868K(5056K)->4868K(5056K)
[3533.763s][info][gc             ] GC(809) Pause Young (Prepare Mixed) (G1 Evacuation Pause) 3616M->1444M(4096M) 116.885ms
[3533.763s][info][gc,cpu         ] GC(809) User=0.70s Sys=0.00s Real=0.11s
...[3536.788s][info][gc,start       ] GC(810) Pause Young (Mixed) (G1 Evacuation Pause)
[3536.788s][info][gc,task        ] GC(810) Using 6 workers of 6 for evacuation
[3536.923s][info][gc,phases      ] GC(810)   Pre Evacuate Collection Set: 0.34ms
[3536.923s][info][gc,phases      ] GC(810)   Merge Heap Roots: 0.71ms
[3536.923s][info][gc,phases      ] GC(810)   Evacuate Collection Set: 132.99ms
[3536.923s][info][gc,phases      ] GC(810)   Post Evacuate Collection Set: 0.96ms
[3536.923s][info][gc,phases      ] GC(810)   Other: 0.08ms
[3536.923s][info][gc,heap        ] GC(810) Eden regions: 1112->0(1118)
[3536.923s][info][gc,heap        ] GC(810) Survivor regions: 110->110(153)
[3536.923s][info][gc,heap        ] GC(810) Old regions: 533->473
[3536.923s][info][gc,heap        ] GC(810) Humongous regions: 80->80
[3536.923s][info][gc,metaspace   ] GC(810) Metaspace: 28891K(29312K)->28891K(29312K) NonClass: 24023K(24256K)->24023K(24256K) Class: 4868K(5056K)->4868K(5056K)
[3536.923s][info][gc             ] GC(810) Pause Young (Mixed) (G1 Evacuation Pause) 3668M->1323M(4096M) 135.205ms
[3536.923s][info][gc,cpu         ] GC(810) User=0.80s Sys=0.00s Real=0.13s
...[3539.922s][info][gc,start       ] GC(811) Pause Young (Concurrent Start) (G1 Evacuation Pause)
[3539.922s][info][gc,task        ] GC(811) Using 6 workers of 6 for evacuation
[3540.037s][info][gc,phases      ] GC(811)   Pre Evacuate Collection Set: 0.41ms
[3540.037s][info][gc,phases      ] GC(811)   Merge Heap Roots: 0.51ms
[3540.037s][info][gc,phases      ] GC(811)   Evacuate Collection Set: 113.91ms
[3540.037s][info][gc,phases      ] GC(811)   Post Evacuate Collection Set: 0.87ms
[3540.037s][info][gc,phases      ] GC(811)   Other: 0.12ms
[3540.037s][info][gc,heap        ] GC(811) Eden regions: 1118->0(1119)
[3540.038s][info][gc,heap        ] GC(811) Survivor regions: 110->109(154)
[3540.038s][info][gc,heap        ] GC(811) Old regions: 473->504
[3540.038s][info][gc,heap        ] GC(811) Humongous regions: 80->80
[3540.038s][info][gc,metaspace   ] GC(811) Metaspace: 28891K(29312K)->28891K(29312K) NonClass: 24023K(24256K)->24023K(24256K) Class: 4868K(5056K)->4868K(5056K)
[3540.038s][info][gc             ] GC(811) Pause Young (Concurrent Start) (G1 Evacuation Pause) 3559M->1383M(4096M) 115.961ms
[3540.038s][info][gc             ] GC(812) Concurrent Mark Cycle
[3540.038s][info][gc,marking     ] GC(812) Concurrent Scan Root Regions
[3540.038s][info][gc,cpu         ] GC(811) User=0.69s Sys=0.00s Real=0.12s
.[3540.166s][info][gc,marking     ] GC(812) Concurrent Scan Root Regions 128.550ms
[3540.166s][info][gc,marking     ] GC(812) Concurrent Mark
[3540.166s][info][gc,marking     ] GC(812) Concurrent Mark From Roots
[3540.166s][info][gc,task        ] GC(812) Using 2 workers of 2 for marking
[3540.826s][info][gc,marking     ] GC(812) Concurrent Mark From Roots 659.429ms
[3540.826s][info][gc,marking     ] GC(812) Concurrent Preclean
[3540.826s][info][gc,marking     ] GC(812) Concurrent Preclean 0.118ms
[3540.826s][info][gc,start       ] GC(812) Pause Remark
[3540.831s][info][gc             ] GC(812) Pause Remark 2007M->2007M(4096M) 5.543ms
[3540.832s][info][gc,cpu         ] GC(812) User=0.03s Sys=0.00s Real=0.00s
[3540.832s][info][gc,marking     ] GC(812) Concurrent Mark 665.374ms
[3540.832s][info][gc,marking     ] GC(812) Concurrent Rebuild Remembered Sets and Scrub Regions
.[3541.093s][info][gc,marking     ] GC(812) Concurrent Rebuild Remembered Sets and Scrub Regions 261.258ms
[3541.093s][info][gc,start       ] GC(812) Pause Cleanup
[3541.093s][info][gc             ] GC(812) Pause Cleanup 2218M->2218M(4096M) 0.124ms
[3541.093s][info][gc,cpu         ] GC(812) User=0.00s Sys=0.00s Real=0.00s
[3541.094s][info][gc,marking     ] GC(812) Concurrent Clear Claimed Marks
[3541.094s][info][gc,marking     ] GC(812) Concurrent Clear Claimed Marks 0.041ms
[3541.094s][info][gc,marking     ] GC(812) Concurrent Cleanup for Next Mark
[3541.104s][info][gc,marking     ] GC(812) Concurrent Cleanup for Next Mark 9.880ms
[3541.104s][info][gc             ] GC(812) Concurrent Mark Cycle 1066.091ms
.[3543.023s][info][gc,start       ] GC(813) Pause Young (Prepare Mixed) (G1 Evacuation Pause)
[3543.023s][info][gc,task        ] GC(813) Using 6 workers of 6 for evacuation
[3543.140s][info][gc,phases      ] GC(813)   Pre Evacuate Collection Set: 0.37ms
[3543.140s][info][gc,phases      ] GC(813)   Merge Heap Roots: 0.58ms
[3543.140s][info][gc,phases      ] GC(813)   Evacuate Collection Set: 114.56ms
[3543.140s][info][gc,phases      ] GC(813)   Post Evacuate Collection Set: 0.94ms
[3543.140s][info][gc,phases      ] GC(813)   Other: 0.83ms
[3543.140s][info][gc,heap        ] GC(813) Eden regions: 1119->0(1110)
[3543.140s][info][gc,heap        ] GC(813) Survivor regions: 109->109(154)
[3543.140s][info][gc,heap        ] GC(813) Old regions: 504->537
[3543.140s][info][gc,heap        ] GC(813) Humongous regions: 80->80
[3543.140s][info][gc,metaspace   ] GC(813) Metaspace: 28891K(29312K)->28891K(29312K) NonClass: 24023K(24256K)->24023K(24256K) Class: 4868K(5056K)->4868K(5056K)
[3543.140s][info][gc             ] GC(813) Pause Young (Prepare Mixed) (G1 Evacuation Pause) 3621M->1448M(4096M) 117.412ms
[3543.140s][info][gc,cpu         ] GC(813) User=0.69s Sys=0.00s Real=0.12s
.. (rIR:aIR:PR = 6088:6086:6086) (tPR = 90567) [OK] 
  3544s: Performance info:
         Transaction,    Success,    Partial,     Failed,   Receipts, AvgBarcode, 
             Overall,     368380,          0,          0,     349959,      59.47, 
         Response times:
             Request,    Success,    Partial,     Failed,   SkipFail,     Probes,    Samples,      min,      p50,      p90,      p95,      p99,      max, 
       TotalPurchase,     349959,          0,          0,          0,     342186,     378964,      200,     5000,    18000,    43000,    94000,   227000,
     InStorePurchase,     184151,          0,          0,          0,     180603,     199847,      300,     5100,    17900,    43000,    95000,   219000,
      OnlinePurchase,     128967,          0,          0,          0,     125826,     139193,      200,     4800,    18300,    41000,    93000,   219000,
        InstPurchase,      36841,          0,          0,          0,      35757,      39924,      400,     4900,    17000,    43000,    94000,   227000,
          AssocOfCat,        368,          0,          0,          0,        290,        384,    19600,    35000,    67000,    99000,   169300,   195000,
      AssocOfProduct,       3691,          0,          0,          0,       3444,       3947,      400,     3500,    10900,    33000,    79560,   191000,
      BusinessReport,        917,          0,          0,          0,        779,        995,    27000,    40000,    86000,   126200,   176080,   230000,
          CustBuyBeh,       3682,          0,          0,          0,       3435,       4010,      200,     3200,    12090,    30000,    77780,   142000,
       ProductReturn,       9765,          0,          0,          0,       9365,      10667,      200,     4300,    15400,    39600,    84640,   144000,

  3544s: (45%)   IR =   6227 .[3546.118s][info][gc,start       ] GC(814) Pause Young (Mixed) (G1 Evacuation Pause)
[3546.118s][info][gc,task        ] GC(814) Using 6 workers of 6 for evacuation
[3546.251s][info][gc,phases      ] GC(814)   Pre Evacuate Collection Set: 0.35ms
[3546.251s][info][gc,phases      ] GC(814)   Merge Heap Roots: 0.73ms
[3546.251s][info][gc,phases      ] GC(814)   Evacuate Collection Set: 131.26ms
[3546.251s][info][gc,phases      ] GC(814)   Post Evacuate Collection Set: 0.96ms
[3546.251s][info][gc,phases      ] GC(814)   Other: 0.09ms
[3546.251s][info][gc,heap        ] GC(814) Eden regions: 1110->0(1118)
[3546.251s][info][gc,heap        ] GC(814) Survivor regions: 109->110(153)
[3546.251s][info][gc,heap        ] GC(814) Old regions: 537->472
[3546.251s][info][gc,heap        ] GC(814) Humongous regions: 80->80
[3546.251s][info][gc,metaspace   ] GC(814) Metaspace: 28893K(29312K)->28893K(29312K) NonClass: 24025K(24256K)->24025K(24256K) Class: 4868K(5056K)->4868K(5056K)
[3546.251s][info][gc             ] GC(814) Pause Young (Mixed) (G1 Evacuation Pause) 3668M->1321M(4096M) 133.531ms
[3546.252s][info][gc,cpu         ] GC(814) User=0.80s Sys=0.00s Real=0.13s
...[3549.097s][info][gc,start       ] GC(815) Pause Young (Concurrent Start) (G1 Evacuation Pause)
[3549.097s][info][gc,task        ] GC(815) Using 6 workers of 6 for evacuation
[3549.213s][info][gc,phases      ] GC(815)   Pre Evacuate Collection Set: 0.38ms
[3549.213s][info][gc,phases      ] GC(815)   Merge Heap Roots: 0.48ms
[3549.213s][info][gc,phases      ] GC(815)   Evacuate Collection Set: 114.93ms
[3549.213s][info][gc,phases      ] GC(815)   Post Evacuate Collection Set: 0.90ms
[3549.213s][info][gc,phases      ] GC(815)   Other: 0.13ms
[3549.213s][info][gc,heap        ] GC(815) Eden regions: 1118->0(1119)
[3549.213s][info][gc,heap        ] GC(815) Survivor regions: 110->109(154)
[3549.213s][info][gc,heap        ] GC(815) Old regions: 472->504
[3549.213s][info][gc,heap        ] GC(815) Humongous regions: 80->80
[3549.213s][info][gc,metaspace   ] GC(815) Metaspace: 28893K(29312K)->28893K(29312K) NonClass: 24025K(24256K)->24025K(24256K) Class: 4868K(5056K)->4868K(5056K)
[3549.214s][info][gc             ] GC(815) Pause Young (Concurrent Start) (G1 Evacuation Pause) 3557M->1383M(4096M) 116.964ms
[3549.214s][info][gc             ] GC(816) Concurrent Mark Cycle
[3549.214s][info][gc,marking     ] GC(816) Concurrent Scan Root Regions
[3549.214s][info][gc,cpu         ] GC(815) User=0.69s Sys=0.00s Real=0.11s
.[3549.383s][info][gc,marking     ] GC(816) Concurrent Scan Root Regions 169.062ms
[3549.383s][info][gc,marking     ] GC(816) Concurrent Mark
[3549.383s][info][gc,marking     ] GC(816) Concurrent Mark From Roots
[3549.383s][info][gc,task        ] GC(816) Using 2 workers of 2 for marking
[3550.224s][info][gc,marking     ] GC(816) Concurrent Mark From Roots 840.881ms
[3550.224s][info][gc,marking     ] GC(816) Concurrent Preclean
[3550.224s][info][gc,marking     ] GC(816) Concurrent Preclean 0.151ms
[3550.224s][info][gc,start       ] GC(816) Pause Remark
[3550.229s][info][gc             ] GC(816) Pause Remark 2196M->2196M(4096M) 5.101ms
[3550.229s][info][gc,cpu         ] GC(816) User=0.03s Sys=0.00s Real=0.01s
[3550.229s][info][gc,marking     ] GC(816) Concurrent Mark 846.412ms
[3550.229s][info][gc,marking     ] GC(816) Concurrent Rebuild Remembered Sets and Scrub Regions
.[3550.494s][info][gc,marking     ] GC(816) Concurrent Rebuild Remembered Sets and Scrub Regions 264.910ms
[3550.494s][info][gc,start       ] GC(816) Pause Cleanup
[3550.494s][info][gc             ] GC(816) Pause Cleanup 2385M->2385M(4096M) 0.113ms
[3550.494s][info][gc,cpu         ] GC(816) User=0.00s Sys=0.00s Real=0.00s
[3550.494s][info][gc,marking     ] GC(816) Concurrent Clear Claimed Marks
[3550.494s][info][gc,marking     ] GC(816) Concurrent Clear Claimed Marks 0.033ms
[3550.494s][info][gc,marking     ] GC(816) Concurrent Cleanup for Next Mark
[3550.498s][info][gc,marking     ] GC(816) Concurrent Cleanup for Next Mark 3.669ms
[3550.498s][info][gc             ] GC(816) Concurrent Mark Cycle 1284.558ms
.[3552.135s][info][gc,start       ] GC(817) Pause Young (Prepare Mixed) (G1 Evacuation Pause)
[3552.135s][info][gc,task        ] GC(817) Using 6 workers of 6 for evacuation
[3552.255s][info][gc,phases      ] GC(817)   Pre Evacuate Collection Set: 0.32ms
[3552.255s][info][gc,phases      ] GC(817)   Merge Heap Roots: 0.52ms
[3552.255s][info][gc,phases      ] GC(817)   Evacuate Collection Set: 117.37ms
[3552.255s][info][gc,phases      ] GC(817)   Post Evacuate Collection Set: 0.94ms
[3552.255s][info][gc,phases      ] GC(817)   Other: 0.09ms
[3552.255s][info][gc,heap        ] GC(817) Eden regions: 1119->0(1111)
[3552.255s][info][gc,heap        ] GC(817) Survivor regions: 109->109(154)
[3552.255s][info][gc,heap        ] GC(817) Old regions: 504->536
[3552.255s][info][gc,heap        ] GC(817) Humongous regions: 80->80
[3552.255s][info][gc,metaspace   ] GC(817) Metaspace: 28893K(29312K)->28893K(29312K) NonClass: 24025K(24256K)->24025K(24256K) Class: 4868K(5056K)->4868K(5056K)
[3552.255s][info][gc             ] GC(817) Pause Young (Prepare Mixed) (G1 Evacuation Pause) 3621M->1448M(4096M) 119.364ms
[3552.255s][info][gc,cpu         ] GC(817) User=0.71s Sys=0.00s Real=0.12s
.|..[3555.237s][info][gc,start       ] GC(818) Pause Young (Mixed) (G1 Evacuation Pause)
[3555.237s][info][gc,task        ] GC(818) Using 6 workers of 6 for evacuation
[3555.370s][info][gc,phases      ] GC(818)   Pre Evacuate Collection Set: 0.36ms
[3555.370s][info][gc,phases      ] GC(818)   Merge Heap Roots: 0.73ms
[3555.370s][info][gc,phases      ] GC(818)   Evacuate Collection Set: 131.07ms
[3555.370s][info][gc,phases      ] GC(818)   Post Evacuate Collection Set: 0.94ms
[3555.370s][info][gc,phases      ] GC(818)   Other: 0.10ms
[3555.370s][info][gc,heap        ] GC(818) Eden regions: 1111->0(1118)
[3555.370s][info][gc,heap        ] GC(818) Survivor regions: 109->110(153)
[3555.370s][info][gc,heap        ] GC(818) Old regions: 536->472
[3555.370s][info][gc,heap        ] GC(818) Humongous regions: 80->80
[3555.370s][info][gc,metaspace   ] GC(818) Metaspace: 28893K(29312K)->28893K(29312K) NonClass: 24025K(24256K)->24025K(24256K) Class: 4868K(5056K)->4868K(5056K)
[3555.370s][info][gc             ] GC(818) Pause Young (Mixed) (G1 Evacuation Pause) 3670M->1320M(4096M) 133.331ms
[3555.370s][info][gc,cpu         ] GC(818) User=0.79s Sys=0.00s Real=0.13s
...[3558.227s][info][gc,start       ] GC(819) Pause Young (Concurrent Start) (G1 Evacuation Pause)
[3558.227s][info][gc,task        ] GC(819) Using 6 workers of 6 for evacuation
[3558.343s][info][gc,phases      ] GC(819)   Pre Evacuate Collection Set: 0.38ms
[3558.343s][info][gc,phases      ] GC(819)   Merge Heap Roots: 0.47ms
[3558.343s][info][gc,phases      ] GC(819)   Evacuate Collection Set: 114.43ms
[3558.343s][info][gc,phases      ] GC(819)   Post Evacuate Collection Set: 0.87ms
[3558.343s][info][gc,phases      ] GC(819)   Other: 0.13ms
[3558.343s][info][gc,heap        ] GC(819) Eden regions: 1118->0(1120)
[3558.343s][info][gc,heap        ] GC(819) Survivor regions: 110->108(154)
[3558.343s][info][gc,heap        ] GC(819) Old regions: 472->504
[3558.343s][info][gc,heap        ] GC(819) Humongous regions: 80->80
[3558.343s][info][gc,metaspace   ] GC(819) Metaspace: 28893K(29312K)->28893K(29312K) NonClass: 24025K(24256K)->24025K(24256K) Class: 4868K(5056K)->4868K(5056K)
[3558.343s][info][gc             ] GC(819) Pause Young (Concurrent Start) (G1 Evacuation Pause) 3556M->1381M(4096M) 116.416ms
[3558.343s][info][gc             ] GC(820) Concurrent Mark Cycle
[3558.343s][info][gc,marking     ] GC(820) Concurrent Scan Root Regions
[3558.343s][info][gc,cpu         ] GC(819) User=0.70s Sys=0.00s Real=0.11s
.[3558.506s][info][gc,marking     ] GC(820) Concurrent Scan Root Regions 162.344ms
[3558.506s][info][gc,marking     ] GC(820) Concurrent Mark
[3558.506s][info][gc,marking     ] GC(820) Concurrent Mark From Roots
[3558.506s][info][gc,task        ] GC(820) Using 2 workers of 2 for marking
[3559.430s][info][gc,marking     ] GC(820) Concurrent Mark From Roots 924.177ms
[3559.430s][info][gc,marking     ] GC(820) Concurrent Preclean
[3559.430s][info][gc,marking     ] GC(820) Concurrent Preclean 0.110ms
[3559.430s][info][gc,start       ] GC(820) Pause Remark
[3559.437s][info][gc             ] GC(820) Pause Remark 2294M->2294M(4096M) 6.375ms
[3559.437s][info][gc,cpu         ] GC(820) User=0.04s Sys=0.00s Real=0.01s
[3559.437s][info][gc,marking     ] GC(820) Concurrent Mark 930.935ms
[3559.437s][info][gc,marking     ] GC(820) Concurrent Rebuild Remembered Sets and Scrub Regions
.[3559.738s][info][gc,marking     ] GC(820) Concurrent Rebuild Remembered Sets and Scrub Regions 301.118ms
[3559.738s][info][gc,start       ] GC(820) Pause Cleanup
[3559.738s][info][gc             ] GC(820) Pause Cleanup 2515M->2515M(4096M) 0.112ms
[3559.738s][info][gc,cpu         ] GC(820) User=0.00s Sys=0.00s Real=0.00s
[3559.738s][info][gc,marking     ] GC(820) Concurrent Clear Claimed Marks
[3559.738s][info][gc,marking     ] GC(820) Concurrent Clear Claimed Marks 0.020ms
[3559.738s][info][gc,marking     ] GC(820) Concurrent Cleanup for Next Mark
[3559.741s][info][gc,marking     ] GC(820) Concurrent Cleanup for Next Mark 3.296ms
[3559.741s][info][gc             ] GC(820) Concurrent Mark Cycle 1398.098ms
.[3561.272s][info][gc,start       ] GC(821) Pause Young (Prepare Mixed) (G1 Evacuation Pause)
[3561.272s][info][gc,task        ] GC(821) Using 6 workers of 6 for evacuation
[3561.393s][info][gc,phases      ] GC(821)   Pre Evacuate Collection Set: 0.30ms
[3561.393s][info][gc,phases      ] GC(821)   Merge Heap Roots: 0.52ms
[3561.393s][info][gc,phases      ] GC(821)   Evacuate Collection Set: 118.99ms
[3561.393s][info][gc,phases      ] GC(821)   Post Evacuate Collection Set: 0.94ms
[3561.393s][info][gc,phases      ] GC(821)   Other: 0.09ms
[3561.393s][info][gc,heap        ] GC(821) Eden regions: 1120->0(1105)
[3561.393s][info][gc,heap        ] GC(821) Survivor regions: 108->112(154)
[3561.393s][info][gc,heap        ] GC(821) Old regions: 504->536
[3561.393s][info][gc,heap        ] GC(821) Humongous regions: 80->80
[3561.393s][info][gc,metaspace   ] GC(821) Metaspace: 28893K(29312K)->28893K(29312K) NonClass: 24025K(24256K)->24025K(24256K) Class: 4868K(5056K)->4868K(5056K)
[3561.393s][info][gc             ] GC(821) Pause Young (Prepare Mixed) (G1 Evacuation Pause) 3621M->1453M(4096M) 120.983ms
[3561.393s][info][gc,cpu         ] GC(821) User=0.72s Sys=0.00s Real=0.12s
...[3564.205s][info][gc,start       ] GC(822) Pause Young (Mixed) (G1 Evacuation Pause)
[3564.205s][info][gc,task        ] GC(822) Using 6 workers of 6 for evacuation
[3564.346s][info][gc,phases      ] GC(822)   Pre Evacuate Collection Set: 0.37ms
[3564.346s][info][gc,phases      ] GC(822)   Merge Heap Roots: 0.76ms
[3564.346s][info][gc,phases      ] GC(822)   Evacuate Collection Set: 138.06ms
[3564.346s][info][gc,phases      ] GC(822)   Post Evacuate Collection Set: 0.97ms
[3564.346s][info][gc,phases      ] GC(822)   Other: 0.09ms
[3564.346s][info][gc,heap        ] GC(822) Eden regions: 1105->0(1116)
[3564.346s][info][gc,heap        ] GC(822) Survivor regions: 112->112(153)
[3564.346s][info][gc,heap        ] GC(822) Old regions: 536->474
[3564.346s][info][gc,heap        ] GC(822) Humongous regions: 80->80
[3564.346s][info][gc,metaspace   ] GC(822) Metaspace: 28893K(29312K)->28893K(29312K) NonClass: 24025K(24256K)->24025K(24256K) Class: 4868K(5056K)->4868K(5056K)
[3564.346s][info][gc             ] GC(822) Pause Young (Mixed) (G1 Evacuation Pause) 3663M->1330M(4096M) 140.393ms
[3564.346s][info][gc,cpu         ] GC(822) User=0.83s Sys=0.00s Real=0.14s
...[3567.260s][info][gc,start       ] GC(823) Pause Young (Concurrent Start) (G1 Evacuation Pause)
[3567.260s][info][gc,task        ] GC(823) Using 6 workers of 6 for evacuation
[3567.376s][info][gc,phases      ] GC(823)   Pre Evacuate Collection Set: 0.38ms
[3567.376s][info][gc,phases      ] GC(823)   Merge Heap Roots: 0.49ms
[3567.376s][info][gc,phases      ] GC(823)   Evacuate Collection Set: 114.11ms
[3567.376s][info][gc,phases      ] GC(823)   Post Evacuate Collection Set: 0.87ms
[3567.376s][info][gc,phases      ] GC(823)   Other: 0.10ms
[3567.376s][info][gc,heap        ] GC(823) Eden regions: 1116->0(1119)
[3567.376s][info][gc,heap        ] GC(823) Survivor regions: 112->109(154)
[3567.376s][info][gc,heap        ] GC(823) Old regions: 474->507
[3567.376s][info][gc,heap        ] GC(823) Humongous regions: 80->80
[3567.376s][info][gc,metaspace   ] GC(823) Metaspace: 28893K(29312K)->28893K(29312K) NonClass: 24025K(24256K)->24025K(24256K) Class: 4868K(5056K)->4868K(5056K)
[3567.376s][info][gc             ] GC(823) Pause Young (Concurrent Start) (G1 Evacuation Pause) 3562M->1388M(4096M) 116.091ms
[3567.376s][info][gc             ] GC(824) Concurrent Mark Cycle
[3567.376s][info][gc,marking     ] GC(824) Concurrent Scan Root Regions
[3567.376s][info][gc,cpu         ] GC(823) User=0.70s Sys=0.00s Real=0.12s
.[3567.544s][info][gc,marking     ] GC(824) Concurrent Scan Root Regions 167.722ms
[3567.544s][info][gc,marking     ] GC(824) Concurrent Mark
[3567.544s][info][gc,marking     ] GC(824) Concurrent Mark From Roots
[3567.544s][info][gc,task        ] GC(824) Using 2 workers of 2 for marking
[3568.454s][info][gc,marking     ] GC(824) Concurrent Mark From Roots 910.206ms
[3568.454s][info][gc,marking     ] GC(824) Concurrent Preclean
[3568.454s][info][gc,marking     ] GC(824) Concurrent Preclean 0.126ms
[3568.456s][info][gc,start       ] GC(824) Pause Remark
[3568.461s][info][gc             ] GC(824) Pause Remark 2268M->2268M(4096M) 4.928ms
[3568.461s][info][gc,cpu         ] GC(824) User=0.03s Sys=0.00s Real=0.00s
[3568.461s][info][gc,marking     ] GC(824) Concurrent Mark 917.519ms
[3568.461s][info][gc,marking     ] GC(824) Concurrent Rebuild Remembered Sets and Scrub Regions
.[3568.818s][info][gc,marking     ] GC(824) Concurrent Rebuild Remembered Sets and Scrub Regions 356.322ms
[3568.818s][info][gc,start       ] GC(824) Pause Cleanup
[3568.818s][info][gc             ] GC(824) Pause Cleanup 2548M->2548M(4096M) 0.105ms
[3568.818s][info][gc,cpu         ] GC(824) User=0.00s Sys=0.00s Real=0.00s
[3568.818s][info][gc,marking     ] GC(824) Concurrent Clear Claimed Marks
[3568.818s][info][gc,marking     ] GC(824) Concurrent Clear Claimed Marks 0.021ms
[3568.818s][info][gc,marking     ] GC(824) Concurrent Cleanup for Next Mark
[3568.821s][info][gc,marking     ] GC(824) Concurrent Cleanup for Next Mark 3.281ms
[3568.821s][info][gc             ] GC(824) Concurrent Mark Cycle 1445.237ms
.[3570.274s][info][gc,start       ] GC(825) Pause Young (Prepare Mixed) (G1 Evacuation Pause)
[3570.274s][info][gc,task        ] GC(825) Using 6 workers of 6 for evacuation
[3570.393s][info][gc,phases      ] GC(825)   Pre Evacuate Collection Set: 0.31ms
[3570.393s][info][gc,phases      ] GC(825)   Merge Heap Roots: 0.49ms
[3570.393s][info][gc,phases      ] GC(825)   Evacuate Collection Set: 116.57ms
[3570.393s][info][gc,phases      ] GC(825)   Post Evacuate Collection Set: 0.91ms
[3570.393s][info][gc,phases      ] GC(825)   Other: 0.09ms
[3570.393s][info][gc,heap        ] GC(825) Eden regions: 1119->0(1103)
[3570.393s][info][gc,heap        ] GC(825) Survivor regions: 109->112(154)
[3570.393s][info][gc,heap        ] GC(825) Old regions: 507->538
[3570.393s][info][gc,heap        ] GC(825) Humongous regions: 80->80
[3570.393s][info][gc,metaspace   ] GC(825) Metaspace: 28893K(29312K)->28893K(29312K) NonClass: 24025K(24256K)->24025K(24256K) Class: 4868K(5056K)->4868K(5056K)
[3570.393s][info][gc             ] GC(825) Pause Young (Prepare Mixed) (G1 Evacuation Pause) 3626M->1456M(4096M) 118.522ms
[3570.393s][info][gc,cpu         ] GC(825) User=0.70s Sys=0.00s Real=0.12s
...[3573.329s][info][gc,start       ] GC(826) Pause Young (Mixed) (G1 Evacuation Pause)
[3573.330s][info][gc,task        ] GC(826) Using 6 workers of 6 for evacuation
[3573.467s][info][gc,phases      ] GC(826)   Pre Evacuate Collection Set: 0.35ms
[3573.467s][info][gc,phases      ] GC(826)   Merge Heap Roots: 0.78ms
[3573.467s][info][gc,phases      ] GC(826)   Evacuate Collection Set: 135.19ms
[3573.467s][info][gc,phases      ] GC(826)   Post Evacuate Collection Set: 0.93ms
[3573.467s][info][gc,phases      ] GC(826)   Other: 0.09ms
[3573.467s][info][gc,heap        ] GC(826) Eden regions: 1103->0(1116)
[3573.467s][info][gc,heap        ] GC(826) Survivor regions: 112->112(152)
[3573.467s][info][gc,heap        ] GC(826) Old regions: 538->473
[3573.467s][info][gc,heap        ] GC(826) Humongous regions: 80->80
[3573.467s][info][gc,metaspace   ] GC(826) Metaspace: 28893K(29312K)->28893K(29312K) NonClass: 24025K(24256K)->24025K(24256K) Class: 4868K(5056K)->4868K(5056K)
[3573.467s][info][gc             ] GC(826) Pause Young (Mixed) (G1 Evacuation Pause) 3662M->1328M(4096M) 137.462ms
[3573.467s][info][gc,cpu         ] GC(826) User=0.82s Sys=0.00s Real=0.14s
...[3576.297s][info][gc,start       ] GC(827) Pause Young (Concurrent Start) (G1 Evacuation Pause)
[3576.297s][info][gc,task        ] GC(827) Using 6 workers of 6 for evacuation
[3576.412s][info][gc,phases      ] GC(827)   Pre Evacuate Collection Set: 0.35ms
[3576.412s][info][gc,phases      ] GC(827)   Merge Heap Roots: 0.45ms
[3576.412s][info][gc,phases      ] GC(827)   Evacuate Collection Set: 113.48ms
[3576.412s][info][gc,phases      ] GC(827)   Post Evacuate Collection Set: 0.87ms
[3576.412s][info][gc,phases      ] GC(827)   Other: 0.11ms
[3576.412s][info][gc,heap        ] GC(827) Eden regions: 1116->0(1119)
[3576.412s][info][gc,heap        ] GC(827) Survivor regions: 112->109(154)
[3576.412s][info][gc,heap        ] GC(827) Old regions: 473->505
[3576.412s][info][gc,heap        ] GC(827) Humongous regions: 80->80
[3576.412s][info][gc,metaspace   ] GC(827) Metaspace: 28893K(29312K)->28893K(29312K) NonClass: 24025K(24256K)->24025K(24256K) Class: 4868K(5056K)->4868K(5056K)
[3576.413s][info][gc             ] GC(827) Pause Young (Concurrent Start) (G1 Evacuation Pause) 3560M->1385M(4096M) 115.392ms
[3576.413s][info][gc             ] GC(828) Concurrent Mark Cycle
[3576.413s][info][gc,marking     ] GC(828) Concurrent Scan Root Regions
[3576.413s][info][gc,cpu         ] GC(827) User=0.69s Sys=0.00s Real=0.11s
[3576.579s][info][gc,marking     ] GC(828) Concurrent Scan Root Regions 166.870ms
[3576.579s][info][gc,marking     ] GC(828) Concurrent Mark
[3576.579s][info][gc,marking     ] GC(828) Concurrent Mark From Roots
[3576.579s][info][gc,task        ] GC(828) Using 2 workers of 2 for marking
.[3577.586s][info][gc,marking     ] GC(828) Concurrent Mark From Roots 1006.328ms
[3577.586s][info][gc,marking     ] GC(828) Concurrent Preclean
[3577.586s][info][gc,marking     ] GC(828) Concurrent Preclean 0.145ms
[3577.587s][info][gc,start       ] GC(828) Pause Remark
[3577.593s][info][gc             ] GC(828) Pause Remark 2305M->2305M(4096M) 6.351ms
[3577.593s][info][gc,cpu         ] GC(828) User=0.03s Sys=0.00s Real=0.00s
[3577.594s][info][gc,marking     ] GC(828) Concurrent Mark 1014.025ms
[3577.594s][info][gc,marking     ] GC(828) Concurrent Rebuild Remembered Sets and Scrub Regions
.[3577.856s][info][gc,marking     ] GC(828) Concurrent Rebuild Remembered Sets and Scrub Regions 262.845ms
[3577.857s][info][gc,start       ] GC(828) Pause Cleanup
[3577.857s][info][gc             ] GC(828) Pause Cleanup 2534M->2534M(4096M) 0.113ms
[3577.857s][info][gc,cpu         ] GC(828) User=0.00s Sys=0.00s Real=0.00s
[3577.857s][info][gc,marking     ] GC(828) Concurrent Clear Claimed Marks
[3577.857s][info][gc,marking     ] GC(828) Concurrent Clear Claimed Marks 0.025ms
[3577.857s][info][gc,marking     ] GC(828) Concurrent Cleanup for Next Mark
[3577.860s][info][gc,marking     ] GC(828) Concurrent Cleanup for Next Mark 3.277ms
[3577.860s][info][gc             ] GC(828) Concurrent Mark Cycle 1447.540ms
.[3579.375s][info][gc,start       ] GC(829) Pause Young (Prepare Mixed) (G1 Evacuation Pause)
[3579.375s][info][gc,task        ] GC(829) Using 6 workers of 6 for evacuation
[3579.495s][info][gc,phases      ] GC(829)   Pre Evacuate Collection Set: 0.32ms
[3579.495s][info][gc,phases      ] GC(829)   Merge Heap Roots: 0.54ms
[3579.495s][info][gc,phases      ] GC(829)   Evacuate Collection Set: 118.36ms
[3579.495s][info][gc,phases      ] GC(829)   Post Evacuate Collection Set: 0.92ms
[3579.495s][info][gc,phases      ] GC(829)   Other: 0.09ms
[3579.495s][info][gc,heap        ] GC(829) Eden regions: 1119->0(1106)
[3579.495s][info][gc,heap        ] GC(829) Survivor regions: 109->111(154)
[3579.495s][info][gc,heap        ] GC(829) Old regions: 505->537
[3579.495s][info][gc,heap        ] GC(829) Humongous regions: 80->80
[3579.495s][info][gc,metaspace   ] GC(829) Metaspace: 28893K(29312K)->28893K(29312K) NonClass: 24025K(24256K)->24025K(24256K) Class: 4868K(5056K)->4868K(5056K)
[3579.495s][info][gc             ] GC(829) Pause Young (Prepare Mixed) (G1 Evacuation Pause) 3623M->1453M(4096M) 120.365ms
[3579.495s][info][gc,cpu         ] GC(829) User=0.72s Sys=0.00s Real=0.12s
...[3582.394s][info][gc,start       ] GC(830) Pause Young (Mixed) (G1 Evacuation Pause)
[3582.394s][info][gc,task        ] GC(830) Using 6 workers of 6 for evacuation
[3582.531s][info][gc,phases      ] GC(830)   Pre Evacuate Collection Set: 0.35ms
[3582.531s][info][gc,phases      ] GC(830)   Merge Heap Roots: 0.71ms
[3582.531s][info][gc,phases      ] GC(830)   Evacuate Collection Set: 135.22ms
[3582.531s][info][gc,phases      ] GC(830)   Post Evacuate Collection Set: 0.92ms
[3582.531s][info][gc,phases      ] GC(830)   Other: 0.08ms
[3582.531s][info][gc,heap        ] GC(830) Eden regions: 1106->0(1117)
[3582.531s][info][gc,heap        ] GC(830) Survivor regions: 111->111(153)
[3582.531s][info][gc,heap        ] GC(830) Old regions: 537->473
[3582.531s][info][gc,heap        ] GC(830) Humongous regions: 80->80
[3582.531s][info][gc,metaspace   ] GC(830) Metaspace: 28893K(29312K)->28893K(29312K) NonClass: 24025K(24256K)->24025K(24256K) Class: 4868K(5056K)->4868K(5056K)
[3582.531s][info][gc             ] GC(830) Pause Young (Mixed) (G1 Evacuation Pause) 3665M->1325M(4096M) 137.413ms
[3582.531s][info][gc,cpu         ] GC(830) User=0.81s Sys=0.00s Real=0.14s
...[3585.401s][info][gc,start       ] GC(831) Pause Young (Concurrent Start) (G1 Evacuation Pause)
[3585.401s][info][gc,task        ] GC(831) Using 6 workers of 6 for evacuation
[3585.521s][info][gc,phases      ] GC(831)   Pre Evacuate Collection Set: 0.35ms
[3585.521s][info][gc,phases      ] GC(831)   Merge Heap Roots: 0.51ms
[3585.521s][info][gc,phases      ] GC(831)   Evacuate Collection Set: 118.16ms
[3585.521s][info][gc,phases      ] GC(831)   Post Evacuate Collection Set: 0.86ms
[3585.521s][info][gc,phases      ] GC(831)   Other: 0.11ms
[3585.521s][info][gc,heap        ] GC(831) Eden regions: 1117->0(1117)
[3585.521s][info][gc,heap        ] GC(831) Survivor regions: 111->111(154)
[3585.521s][info][gc,heap        ] GC(831) Old regions: 473->505
[3585.521s][info][gc,heap        ] GC(831) Humongous regions: 80->80
[3585.521s][info][gc,metaspace   ] GC(831) Metaspace: 28893K(29312K)->28893K(29312K) NonClass: 24025K(24256K)->24025K(24256K) Class: 4868K(5056K)->4868K(5056K)
[3585.521s][info][gc             ] GC(831) Pause Young (Concurrent Start) (G1 Evacuation Pause) 3559M->1388M(4096M) 120.120ms
[3585.521s][info][gc             ] GC(832) Concurrent Mark Cycle
[3585.521s][info][gc,marking     ] GC(832) Concurrent Scan Root Regions
[3585.521s][info][gc,cpu         ] GC(831) User=0.71s Sys=0.00s Real=0.12s
[3585.655s][info][gc,marking     ] GC(832) Concurrent Scan Root Regions 134.435ms
[3585.655s][info][gc,marking     ] GC(832) Concurrent Mark
[3585.655s][info][gc,marking     ] GC(832) Concurrent Mark From Roots
[3585.655s][info][gc,task        ] GC(832) Using 2 workers of 2 for marking
.[3586.417s][info][gc,marking     ] GC(832) Concurrent Mark From Roots 761.466ms
[3586.417s][info][gc,marking     ] GC(832) Concurrent Preclean
[3586.417s][info][gc,marking     ] GC(832) Concurrent Preclean 0.108ms
[3586.418s][info][gc,start       ] GC(832) Pause Remark
[3586.423s][info][gc             ] GC(832) Pause Remark 2127M->2127M(4096M) 5.269ms
[3586.423s][info][gc,cpu         ] GC(832) User=0.03s Sys=0.00s Real=0.00s
[3586.424s][info][gc,marking     ] GC(832) Concurrent Mark 768.263ms
[3586.424s][info][gc,marking     ] GC(832) Concurrent Rebuild Remembered Sets and Scrub Regions
[3586.682s][info][gc,marking     ] GC(832) Concurrent Rebuild Remembered Sets and Scrub Regions 258.271ms
[3586.682s][info][gc,start       ] GC(832) Pause Cleanup
[3586.682s][info][gc             ] GC(832) Pause Cleanup 2348M->2348M(4096M) 0.108ms
[3586.682s][info][gc,cpu         ] GC(832) User=0.00s Sys=0.00s Real=0.00s
[3586.683s][info][gc,marking     ] GC(832) Concurrent Clear Claimed Marks
[3586.683s][info][gc,marking     ] GC(832) Concurrent Clear Claimed Marks 0.029ms
[3586.683s][info][gc,marking     ] GC(832) Concurrent Cleanup for Next Mark
[3586.688s][info][gc,marking     ] GC(832) Concurrent Cleanup for Next Mark 4.779ms
[3586.688s][info][gc             ] GC(832) Concurrent Mark Cycle 1166.730ms
..[3588.432s][info][gc,start       ] GC(833) Pause Young (Prepare Mixed) (G1 Evacuation Pause)
[3588.432s][info][gc,task        ] GC(833) Using 6 workers of 6 for evacuation
[3588.557s][info][gc,phases      ] GC(833)   Pre Evacuate Collection Set: 0.32ms
[3588.557s][info][gc,phases      ] GC(833)   Merge Heap Roots: 0.52ms
[3588.557s][info][gc,phases      ] GC(833)   Evacuate Collection Set: 122.80ms
[3588.557s][info][gc,phases      ] GC(833)   Post Evacuate Collection Set: 0.94ms
[3588.557s][info][gc,phases      ] GC(833)   Other: 0.09ms
[3588.557s][info][gc,heap        ] GC(833) Eden regions: 1117->0(1099)
[3588.557s][info][gc,heap        ] GC(833) Survivor regions: 111->115(154)
[3588.557s][info][gc,heap        ] GC(833) Old regions: 505->536
[3588.557s][info][gc,heap        ] GC(833) Humongous regions: 80->80
[3588.557s][info][gc,metaspace   ] GC(833) Metaspace: 28893K(29312K)->28893K(29312K) NonClass: 24025K(24256K)->24025K(24256K) Class: 4868K(5056K)->4868K(5056K)
[3588.557s][info][gc             ] GC(833) Pause Young (Prepare Mixed) (G1 Evacuation Pause) 3622M->1460M(4096M) 124.790ms
[3588.557s][info][gc,cpu         ] GC(833) User=0.74s Sys=0.00s Real=0.13s
...[3591.466s][info][gc,start       ] GC(834) Pause Young (Mixed) (G1 Evacuation Pause)
[3591.466s][info][gc,task        ] GC(834) Using 6 workers of 6 for evacuation
[3591.600s][info][gc,phases      ] GC(834)   Pre Evacuate Collection Set: 0.37ms
[3591.600s][info][gc,phases      ] GC(834)   Merge Heap Roots: 0.78ms
[3591.600s][info][gc,phases      ] GC(834)   Evacuate Collection Set: 132.01ms
[3591.600s][info][gc,phases      ] GC(834)   Post Evacuate Collection Set: 0.94ms
[3591.600s][info][gc,phases      ] GC(834)   Other: 0.08ms
[3591.601s][info][gc,heap        ] GC(834) Eden regions: 1099->0(1118)
[3591.601s][info][gc,heap        ] GC(834) Survivor regions: 115->110(152)
[3591.601s][info][gc,heap        ] GC(834) Old regions: 536->473
[3591.601s][info][gc,heap        ] GC(834) Humongous regions: 80->80
[3591.601s][info][gc,metaspace   ] GC(834) Metaspace: 28893K(29312K)->28893K(29312K) NonClass: 24025K(24256K)->24025K(24256K) Class: 4868K(5056K)->4868K(5056K)
[3591.601s][info][gc             ] GC(834) Pause Young (Mixed) (G1 Evacuation Pause) 3658M->1323M(4096M) 134.312ms
[3591.601s][info][gc,cpu         ] GC(834) User=0.80s Sys=0.00s Real=0.13s
...[3594.459s][info][gc,start       ] GC(835) Pause Young (Concurrent Start) (G1 Evacuation Pause)
[3594.459s][info][gc,task        ] GC(835) Using 6 workers of 6 for evacuation
[3594.577s][info][gc,phases      ] GC(835)   Pre Evacuate Collection Set: 0.38ms
[3594.577s][info][gc,phases      ] GC(835)   Merge Heap Roots: 0.46ms
[3594.577s][info][gc,phases      ] GC(835)   Evacuate Collection Set: 115.80ms
[3594.577s][info][gc,phases      ] GC(835)   Post Evacuate Collection Set: 0.88ms
[3594.577s][info][gc,phases      ] GC(835)   Other: 0.13ms
[3594.577s][info][gc,heap        ] GC(835) Eden regions: 1118->0(1118)
[3594.577s][info][gc,heap        ] GC(835) Survivor regions: 110->110(154)
[3594.577s][info][gc,heap        ] GC(835) Old regions: 473->505
[3594.577s][info][gc,heap        ] GC(835) Humongous regions: 80->80
[3594.577s][info][gc,metaspace   ] GC(835) Metaspace: 28893K(29312K)->28893K(29312K) NonClass: 24025K(24256K)->24025K(24256K) Class: 4868K(5056K)->4868K(5056K)
[3594.577s][info][gc             ] GC(835) Pause Young (Concurrent Start) (G1 Evacuation Pause) 3559M->1386M(4096M) 117.774ms
[3594.577s][info][gc             ] GC(836) Concurrent Mark Cycle
[3594.577s][info][gc,marking     ] GC(836) Concurrent Scan Root Regions
[3594.577s][info][gc,cpu         ] GC(835) User=0.70s Sys=0.00s Real=0.12s
[3594.746s][info][gc,marking     ] GC(836) Concurrent Scan Root Regions 169.094ms
[3594.746s][info][gc,marking     ] GC(836) Concurrent Mark
[3594.746s][info][gc,marking     ] GC(836) Concurrent Mark From Roots
[3594.746s][info][gc,task        ] GC(836) Using 2 workers of 2 for marking
.[3595.706s][info][gc,marking     ] GC(836) Concurrent Mark From Roots 959.472ms
[3595.706s][info][gc,marking     ] GC(836) Concurrent Preclean
[3595.706s][info][gc,marking     ] GC(836) Concurrent Preclean 0.108ms
[3595.707s][info][gc,start       ] GC(836) Pause Remark
[3595.712s][info][gc             ] GC(836) Pause Remark 2278M->2278M(4096M) 5.342ms
[3595.712s][info][gc,cpu         ] GC(836) User=0.03s Sys=0.00s Real=0.00s
[3595.713s][info][gc,marking     ] GC(836) Concurrent Mark 966.443ms
[3595.713s][info][gc,marking     ] GC(836) Concurrent Rebuild Remembered Sets and Scrub Regions
.[3595.957s][info][gc,marking     ] GC(836) Concurrent Rebuild Remembered Sets and Scrub Regions 244.569ms
[3595.957s][info][gc,start       ] GC(836) Pause Cleanup
[3595.958s][info][gc             ] GC(836) Pause Cleanup 2444M->2444M(4096M) 0.101ms
[3595.958s][info][gc,cpu         ] GC(836) User=0.00s Sys=0.00s Real=0.00s
[3595.958s][info][gc,marking     ] GC(836) Concurrent Clear Claimed Marks
[3595.958s][info][gc,marking     ] GC(836) Concurrent Clear Claimed Marks 0.024ms
[3595.958s][info][gc,marking     ] GC(836) Concurrent Cleanup for Next Mark
[3595.961s][info][gc,marking     ] GC(836) Concurrent Cleanup for Next Mark 3.384ms
[3595.961s][info][gc             ] GC(836) Concurrent Mark Cycle 1383.943ms
.[3597.529s][info][gc,start       ] GC(837) Pause Young (Prepare Mixed) (G1 Evacuation Pause)
[3597.530s][info][gc,task        ] GC(837) Using 6 workers of 6 for evacuation
[3597.648s][info][gc,phases      ] GC(837)   Pre Evacuate Collection Set: 0.31ms
[3597.648s][info][gc,phases      ] GC(837)   Merge Heap Roots: 0.52ms
[3597.648s][info][gc,phases      ] GC(837)   Evacuate Collection Set: 116.17ms
[3597.648s][info][gc,phases      ] GC(837)   Post Evacuate Collection Set: 0.89ms
[3597.648s][info][gc,phases      ] GC(837)   Other: 0.07ms
[3597.648s][info][gc,heap        ] GC(837) Eden regions: 1118->0(1110)
[3597.648s][info][gc,heap        ] GC(837) Survivor regions: 110->109(154)
[3597.648s][info][gc,heap        ] GC(837) Old regions: 505->537
[3597.648s][info][gc,heap        ] GC(837) Humongous regions: 80->80
[3597.648s][info][gc,metaspace   ] GC(837) Metaspace: 28893K(29312K)->28893K(29312K) NonClass: 24025K(24256K)->24025K(24256K) Class: 4868K(5056K)->4868K(5056K)
[3597.648s][info][gc             ] GC(837) Pause Young (Prepare Mixed) (G1 Evacuation Pause) 3622M->1450M(4096M) 118.119ms
[3597.648s][info][gc,cpu         ] GC(837) User=0.71s Sys=0.00s Real=0.12s
...[3600.445s][info][gc,start       ] GC(838) Pause Young (Mixed) (G1 Evacuation Pause)
[3600.445s][info][gc,task        ] GC(838) Using 6 workers of 6 for evacuation
[3600.581s][info][gc,phases      ] GC(838)   Pre Evacuate Collection Set: 0.39ms
[3600.581s][info][gc,phases      ] GC(838)   Merge Heap Roots: 0.77ms
[3600.581s][info][gc,phases      ] GC(838)   Evacuate Collection Set: 133.90ms
[3600.581s][info][gc,phases      ] GC(838)   Post Evacuate Collection Set: 0.94ms
[3600.581s][info][gc,phases      ] GC(838)   Other: 0.09ms
[3600.581s][info][gc,heap        ] GC(838) Eden regions: 1110->0(1117)
[3600.581s][info][gc,heap        ] GC(838) Survivor regions: 109->111(153)
[3600.581s][info][gc,heap        ] GC(838) Old regions: 537->474
[3600.581s][info][gc,heap        ] GC(838) Humongous regions: 80->80
[3600.581s][info][gc,metaspace   ] GC(838) Metaspace: 28893K(29312K)->28893K(29312K) NonClass: 24025K(24256K)->24025K(24256K) Class: 4868K(5056K)->4868K(5056K)
[3600.581s][info][gc             ] GC(838) Pause Young (Mixed) (G1 Evacuation Pause) 3670M->1327M(4096M) 136.239ms
[3600.581s][info][gc,cpu         ] GC(838) User=0.81s Sys=0.00s Real=0.13s
...[3603.554s][info][gc,start       ] GC(839) Pause Young (Concurrent Start) (G1 Evacuation Pause)
[3603.554s][info][gc,task        ] GC(839) Using 6 workers of 6 for evacuation
[3603.675s][info][gc,phases      ] GC(839)   Pre Evacuate Collection Set: 0.39ms
[3603.675s][info][gc,phases      ] GC(839)   Merge Heap Roots: 0.52ms
[3603.675s][info][gc,phases      ] GC(839)   Evacuate Collection Set: 118.97ms
[3603.675s][info][gc,phases      ] GC(839)   Post Evacuate Collection Set: 0.88ms
[3603.675s][info][gc,phases      ] GC(839)   Other: 0.12ms
[3603.675s][info][gc,heap        ] GC(839) Eden regions: 1117->0(1115)
[3603.675s][info][gc,heap        ] GC(839) Survivor regions: 111->113(154)
[3603.675s][info][gc,heap        ] GC(839) Old regions: 474->506
[3603.675s][info][gc,heap        ] GC(839) Humongous regions: 80->80
[3603.675s][info][gc,metaspace   ] GC(839) Metaspace: 28893K(29312K)->28893K(29312K) NonClass: 24025K(24256K)->24025K(24256K) Class: 4868K(5056K)->4868K(5056K)
[3603.675s][info][gc             ] GC(839) Pause Young (Concurrent Start) (G1 Evacuation Pause) 3561M->1394M(4096M) 121.036ms
[3603.675s][info][gc             ] GC(840) Concurrent Mark Cycle
[3603.675s][info][gc,marking     ] GC(840) Concurrent Scan Root Regions
[3603.675s][info][gc,cpu         ] GC(839) User=0.72s Sys=0.00s Real=0.13s
.[3603.869s][info][gc,marking     ] GC(840) Concurrent Scan Root Regions 193.810ms
[3603.869s][info][gc,marking     ] GC(840) Concurrent Mark
[3603.869s][info][gc,marking     ] GC(840) Concurrent Mark From Roots
[3603.869s][info][gc,task        ] GC(840) Using 2 workers of 2 for marking
[3604.744s][info][gc,marking     ] GC(840) Concurrent Mark From Roots 875.720ms
[3604.744s][info][gc,marking     ] GC(840) Concurrent Preclean
[3604.745s][info][gc,marking     ] GC(840) Concurrent Preclean 0.144ms
[3604.745s][info][gc,start       ] GC(840) Pause Remark
[3604.751s][info][gc             ] GC(840) Pause Remark 2280M->2280M(4096M) 6.085ms
[3604.751s][info][gc,cpu         ] GC(840) User=0.04s Sys=0.00s Real=0.00s
[3604.751s][info][gc,marking     ] GC(840) Concurrent Mark 882.857ms
[3604.751s][info][gc,marking     ] GC(840) Concurrent Rebuild Remembered Sets and Scrub Regions
.[3605.070s][info][gc,marking     ] GC(840) Concurrent Rebuild Remembered Sets and Scrub Regions 318.551ms
[3605.071s][info][gc,start       ] GC(840) Pause Cleanup
[3605.071s][info][gc             ] GC(840) Pause Cleanup 2529M->2529M(4096M) 0.124ms
[3605.071s][info][gc,cpu         ] GC(840) User=0.00s Sys=0.00s Real=0.00s
[3605.072s][info][gc,marking     ] GC(840) Concurrent Clear Claimed Marks
[3605.073s][info][gc,marking     ] GC(840) Concurrent Clear Claimed Marks 0.038ms
[3605.073s][info][gc,marking     ] GC(840) Concurrent Cleanup for Next Mark
[3605.080s][info][gc,marking     ] GC(840) Concurrent Cleanup for Next Mark 7.632ms
[3605.080s][info][gc             ] GC(840) Concurrent Mark Cycle 1405.509ms
.[3606.600s][info][gc,start       ] GC(841) Pause Young (Prepare Mixed) (G1 Evacuation Pause)
[3606.600s][info][gc,task        ] GC(841) Using 6 workers of 6 for evacuation
[3606.717s][info][gc,phases      ] GC(841)   Pre Evacuate Collection Set: 0.32ms
[3606.717s][info][gc,phases      ] GC(841)   Merge Heap Roots: 0.50ms
[3606.717s][info][gc,phases      ] GC(841)   Evacuate Collection Set: 115.49ms
[3606.717s][info][gc,phases      ] GC(841)   Post Evacuate Collection Set: 0.90ms
[3606.717s][info][gc,phases      ] GC(841)   Other: 0.08ms
[3606.717s][info][gc,heap        ] GC(841) Eden regions: 1115->0(1106)
[3606.717s][info][gc,heap        ] GC(841) Survivor regions: 113->111(154)
[3606.717s][info][gc,heap        ] GC(841) Old regions: 506->537
[3606.717s][info][gc,heap        ] GC(841) Humongous regions: 80->80
[3606.717s][info][gc,metaspace   ] GC(841) Metaspace: 28893K(29312K)->28893K(29312K) NonClass: 24025K(24256K)->24025K(24256K) Class: 4868K(5056K)->4868K(5056K)
[3606.717s][info][gc             ] GC(841) Pause Young (Prepare Mixed) (G1 Evacuation Pause) 3624M->1453M(4096M) 117.441ms
[3606.717s][info][gc,cpu         ] GC(841) User=0.70s Sys=0.00s Real=0.12s
...[3609.595s][info][gc,start       ] GC(842) Pause Young (Mixed) (G1 Evacuation Pause)
[3609.595s][info][gc,task        ] GC(842) Using 6 workers of 6 for evacuation
[3609.730s][info][gc,phases      ] GC(842)   Pre Evacuate Collection Set: 0.36ms
[3609.730s][info][gc,phases      ] GC(842)   Merge Heap Roots: 0.69ms
[3609.730s][info][gc,phases      ] GC(842)   Evacuate Collection Set: 133.03ms
[3609.730s][info][gc,phases      ] GC(842)   Post Evacuate Collection Set: 0.92ms
[3609.730s][info][gc,phases      ] GC(842)   Other: 0.08ms
[3609.730s][info][gc,heap        ] GC(842) Eden regions: 1106->0(1117)
[3609.730s][info][gc,heap        ] GC(842) Survivor regions: 111->111(153)
[3609.730s][info][gc,heap        ] GC(842) Old regions: 537->472
[3609.730s][info][gc,heap        ] GC(842) Humongous regions: 80->80
[3609.730s][info][gc,metaspace   ] GC(842) Metaspace: 28893K(29312K)->28893K(29312K) NonClass: 24025K(24256K)->24025K(24256K) Class: 4868K(5056K)->4868K(5056K)
[3609.730s][info][gc             ] GC(842) Pause Young (Mixed) (G1 Evacuation Pause) 3665M->1323M(4096M) 135.220ms
[3609.730s][info][gc,cpu         ] GC(842) User=0.81s Sys=0.00s Real=0.13s
...[3612.589s][info][gc,start       ] GC(843) Pause Young (Concurrent Start) (G1 Evacuation Pause)
[3612.589s][info][gc,task        ] GC(843) Using 6 workers of 6 for evacuation
[3612.711s][info][gc,phases      ] GC(843)   Pre Evacuate Collection Set: 0.38ms
[3612.711s][info][gc,phases      ] GC(843)   Merge Heap Roots: 0.47ms
[3612.711s][info][gc,phases      ] GC(843)   Evacuate Collection Set: 119.69ms
[3612.711s][info][gc,phases      ] GC(843)   Post Evacuate Collection Set: 0.89ms
[3612.711s][info][gc,phases      ] GC(843)   Other: 0.12ms
[3612.711s][info][gc,heap        ] GC(843) Eden regions: 1117->0(1116)
[3612.711s][info][gc,heap        ] GC(843) Survivor regions: 111->112(154)
[3612.711s][info][gc,heap        ] GC(843) Old regions: 472->504
[3612.711s][info][gc,heap        ] GC(843) Humongous regions: 80->80
[3612.711s][info][gc,metaspace   ] GC(843) Metaspace: 28893K(29312K)->28893K(29312K) NonClass: 24025K(24256K)->24025K(24256K) Class: 4868K(5056K)->4868K(5056K)
[3612.711s][info][gc             ] GC(843) Pause Young (Concurrent Start) (G1 Evacuation Pause) 3557M->1389M(4096M) 121.681ms
[3612.711s][info][gc             ] GC(844) Concurrent Mark Cycle
[3612.711s][info][gc,marking     ] GC(844) Concurrent Scan Root Regions
[3612.711s][info][gc,cpu         ] GC(843) User=0.72s Sys=0.00s Real=0.12s
.[3612.956s][info][gc,marking     ] GC(844) Concurrent Scan Root Regions 245.172ms
[3612.956s][info][gc,marking     ] GC(844) Concurrent Mark
[3612.956s][info][gc,marking     ] GC(844) Concurrent Mark From Roots
[3612.956s][info][gc,task        ] GC(844) Using 2 workers of 2 for marking
 (rIR:aIR:PR = 6227:6224:6224) (tPR = 92194) [OK] 
  3612s: Performance info:
         Transaction,    Success,    Partial,     Failed,   Receipts, AvgBarcode, 
             Overall,     376980,          0,          0,     358132,      59.48, 
         Response times:
             Request,    Success,    Partial,     Failed,   SkipFail,     Probes,    Samples,      min,      p50,      p90,      p95,      p99,      max, 
       TotalPurchase,     358135,          0,          0,          0,     352175,     399749,      300,     5100,    18000,    43000,   100000,   249000,
     InStorePurchase,     188464,          0,          0,          0,     185807,     210308,      300,     5100,    18000,    42000,   100000,   249000,
      OnlinePurchase,     131974,          0,          0,          0,     129676,     147136,      300,     5300,    18530,    43000,   100000,   215000,
        InstPurchase,      37697,          0,          0,          0,      36692,      42305,      400,     4700,    16200,    39000,    99000,   205000,
          AssocOfCat,        378,          0,          0,          0,        308,        433,    25000,    37000,    79000,   117600,   178320,   192000,
      AssocOfProduct,       3768,          0,          0,          0,       3509,       4215,      400,     4600,    17200,    39000,    91840,   151000,
      BusinessReport,        943,          0,          0,          0,        814,       1038,    27000,    40000,    80000,   102000,   177000,   218000,
          CustBuyBeh,       3772,          0,          0,          0,       3454,       4124,      400,     5200,    19150,    43000,   102750,   187000,
       ProductReturn,       9982,          0,          0,          0,       9433,      11130,      400,     6100,    22000,    46000,    98000,   170000,

  3612s: (46%)   IR =   6365 [3613.797s][info][gc,marking     ] GC(844) Concurrent Mark From Roots 840.557ms
[3613.797s][info][gc,marking     ] GC(844) Concurrent Preclean
[3613.797s][info][gc,marking     ] GC(844) Concurrent Preclean 0.105ms
[3613.798s][info][gc,start       ] GC(844) Pause Remark
[3613.803s][info][gc             ] GC(844) Pause Remark 2255M->2255M(4096M) 5.215ms
[3613.803s][info][gc,cpu         ] GC(844) User=0.02s Sys=0.00s Real=0.00s
[3613.804s][info][gc,marking     ] GC(844) Concurrent Mark 847.376ms
[3613.804s][info][gc,marking     ] GC(844) Concurrent Rebuild Remembered Sets and Scrub Regions
.[3614.095s][info][gc,marking     ] GC(844) Concurrent Rebuild Remembered Sets and Scrub Regions 291.332ms
[3614.095s][info][gc,start       ] GC(844) Pause Cleanup
[3614.095s][info][gc             ] GC(844) Pause Cleanup 2457M->2457M(4096M) 0.111ms
[3614.095s][info][gc,cpu         ] GC(844) User=0.00s Sys=0.00s Real=0.00s
[3614.095s][info][gc,marking     ] GC(844) Concurrent Clear Claimed Marks
[3614.095s][info][gc,marking     ] GC(844) Concurrent Clear Claimed Marks 0.032ms
[3614.095s][info][gc,marking     ] GC(844) Concurrent Cleanup for Next Mark
[3614.100s][info][gc,marking     ] GC(844) Concurrent Cleanup for Next Mark 4.317ms
[3614.100s][info][gc             ] GC(844) Concurrent Mark Cycle 1388.748ms
.[3615.625s][info][gc,start       ] GC(845) Pause Young (Prepare Mixed) (G1 Evacuation Pause)
[3615.626s][info][gc,task        ] GC(845) Using 6 workers of 6 for evacuation
[3615.745s][info][gc,phases      ] GC(845)   Pre Evacuate Collection Set: 0.32ms
[3615.745s][info][gc,phases      ] GC(845)   Merge Heap Roots: 0.56ms
[3615.745s][info][gc,phases      ] GC(845)   Evacuate Collection Set: 117.28ms
[3615.745s][info][gc,phases      ] GC(845)   Post Evacuate Collection Set: 0.91ms
[3615.745s][info][gc,phases      ] GC(845)   Other: 0.08ms
[3615.745s][info][gc,heap        ] GC(845) Eden regions: 1116->0(1107)
[3615.745s][info][gc,heap        ] GC(845) Survivor regions: 112->111(154)
[3615.745s][info][gc,heap        ] GC(845) Old regions: 504->536
[3615.745s][info][gc,heap        ] GC(845) Humongous regions: 80->80
[3615.745s][info][gc,metaspace   ] GC(845) Metaspace: 28894K(29312K)->28894K(29312K) NonClass: 24026K(24256K)->24026K(24256K) Class: 4868K(5056K)->4868K(5056K)
[3615.745s][info][gc             ] GC(845) Pause Young (Prepare Mixed) (G1 Evacuation Pause) 3621M->1451M(4096M) 119.289ms
[3615.745s][info][gc,cpu         ] GC(845) User=0.71s Sys=0.00s Real=0.12s
..|.[3618.556s][info][gc,start       ] GC(846) Pause Young (Mixed) (G1 Evacuation Pause)
[3618.556s][info][gc,task        ] GC(846) Using 6 workers of 6 for evacuation
[3618.694s][info][gc,phases      ] GC(846)   Pre Evacuate Collection Set: 0.37ms
[3618.694s][info][gc,phases      ] GC(846)   Merge Heap Roots: 0.72ms
[3618.694s][info][gc,phases      ] GC(846)   Evacuate Collection Set: 135.47ms
[3618.694s][info][gc,phases      ] GC(846)   Post Evacuate Collection Set: 0.95ms
[3618.694s][info][gc,phases      ] GC(846)   Other: 0.09ms
[3618.694s][info][gc,heap        ] GC(846) Eden regions: 1107->0(1116)
[3618.694s][info][gc,heap        ] GC(846) Survivor regions: 111->112(153)
[3618.694s][info][gc,heap        ] GC(846) Old regions: 536->473
[3618.694s][info][gc,heap        ] GC(846) Humongous regions: 80->80
[3618.694s][info][gc,metaspace   ] GC(846) Metaspace: 28894K(29312K)->28894K(29312K) NonClass: 24026K(24256K)->24026K(24256K) Class: 4868K(5056K)->4868K(5056K)
[3618.694s][info][gc             ] GC(846) Pause Young (Mixed) (G1 Evacuation Pause) 3665M->1328M(4096M) 137.736ms
[3618.694s][info][gc,cpu         ] GC(846) User=0.82s Sys=0.00s Real=0.13s
...[3621.518s][info][gc,start       ] GC(847) Pause Young (Concurrent Start) (G1 Evacuation Pause)
[3621.518s][info][gc,task        ] GC(847) Using 6 workers of 6 for evacuation
[3621.638s][info][gc,phases      ] GC(847)   Pre Evacuate Collection Set: 0.36ms
[3621.639s][info][gc,phases      ] GC(847)   Merge Heap Roots: 0.46ms
[3621.639s][info][gc,phases      ] GC(847)   Evacuate Collection Set: 118.93ms
[3621.639s][info][gc,phases      ] GC(847)   Post Evacuate Collection Set: 0.86ms
[3621.639s][info][gc,phases      ] GC(847)   Other: 0.11ms
[3621.639s][info][gc,heap        ] GC(847) Eden regions: 1116->0(1114)
[3621.639s][info][gc,heap        ] GC(847) Survivor regions: 112->114(154)
[3621.639s][info][gc,heap        ] GC(847) Old regions: 473->506
[3621.639s][info][gc,heap        ] GC(847) Humongous regions: 80->80
[3621.639s][info][gc,metaspace   ] GC(847) Metaspace: 28894K(29312K)->28894K(29312K) NonClass: 24026K(24256K)->24026K(24256K) Class: 4868K(5056K)->4868K(5056K)
[3621.639s][info][gc             ] GC(847) Pause Young (Concurrent Start) (G1 Evacuation Pause) 3560M->1396M(4096M) 120.852ms
[3621.639s][info][gc             ] GC(848) Concurrent Mark Cycle
[3621.639s][info][gc,marking     ] GC(848) Concurrent Scan Root Regions
[3621.639s][info][gc,cpu         ] GC(847) User=0.72s Sys=0.00s Real=0.12s
[3621.813s][info][gc,marking     ] GC(848) Concurrent Scan Root Regions 174.696ms
[3621.813s][info][gc,marking     ] GC(848) Concurrent Mark
[3621.813s][info][gc,marking     ] GC(848) Concurrent Mark From Roots
[3621.813s][info][gc,task        ] GC(848) Using 2 workers of 2 for marking
.[3622.670s][info][gc,marking     ] GC(848) Concurrent Mark From Roots 856.768ms
[3622.670s][info][gc,marking     ] GC(848) Concurrent Preclean
[3622.670s][info][gc,marking     ] GC(848) Concurrent Preclean 0.142ms
[3622.671s][info][gc,start       ] GC(848) Pause Remark
[3622.677s][info][gc             ] GC(848) Pause Remark 2227M->2227M(4096M) 5.772ms
[3622.677s][info][gc,cpu         ] GC(848) User=0.04s Sys=0.00s Real=0.01s
[3622.677s][info][gc,marking     ] GC(848) Concurrent Mark 863.587ms
[3622.677s][info][gc,marking     ] GC(848) Concurrent Rebuild Remembered Sets and Scrub Regions
[3622.963s][info][gc,marking     ] GC(848) Concurrent Rebuild Remembered Sets and Scrub Regions 285.540ms
[3622.963s][info][gc,start       ] GC(848) Pause Cleanup
[3622.963s][info][gc             ] GC(848) Pause Cleanup 2437M->2437M(4096M) 0.112ms
[3622.963s][info][gc,cpu         ] GC(848) User=0.00s Sys=0.00s Real=0.00s
[3622.963s][info][gc,marking     ] GC(848) Concurrent Clear Claimed Marks
[3622.963s][info][gc,marking     ] GC(848) Concurrent Clear Claimed Marks 0.022ms
[3622.963s][info][gc,marking     ] GC(848) Concurrent Cleanup for Next Mark
[3622.966s][info][gc,marking     ] GC(848) Concurrent Cleanup for Next Mark 3.216ms
[3622.966s][info][gc             ] GC(848) Concurrent Mark Cycle 1327.496ms
..[3624.482s][info][gc,start       ] GC(849) Pause Young (Prepare Mixed) (G1 Evacuation Pause)
[3624.482s][info][gc,task        ] GC(849) Using 6 workers of 6 for evacuation
[3624.602s][info][gc,phases      ] GC(849)   Pre Evacuate Collection Set: 0.31ms
[3624.602s][info][gc,phases      ] GC(849)   Merge Heap Roots: 0.50ms
[3624.602s][info][gc,phases      ] GC(849)   Evacuate Collection Set: 118.15ms
[3624.602s][info][gc,phases      ] GC(849)   Post Evacuate Collection Set: 0.90ms
[3624.602s][info][gc,phases      ] GC(849)   Other: 0.09ms
[3624.602s][info][gc,heap        ] GC(849) Eden regions: 1114->0(1101)
[3624.602s][info][gc,heap        ] GC(849) Survivor regions: 114->113(154)
[3624.602s][info][gc,heap        ] GC(849) Old regions: 506->538
[3624.602s][info][gc,heap        ] GC(849) Humongous regions: 80->80
[3624.602s][info][gc,metaspace   ] GC(849) Metaspace: 28894K(29312K)->28894K(29312K) NonClass: 24026K(24256K)->24026K(24256K) Class: 4868K(5056K)->4868K(5056K)
[3624.602s][info][gc             ] GC(849) Pause Young (Prepare Mixed) (G1 Evacuation Pause) 3624M->1458M(4096M) 120.067ms
[3624.602s][info][gc,cpu         ] GC(849) User=0.71s Sys=0.00s Real=0.12s
...[3627.435s][info][gc,start       ] GC(850) Pause Young (Mixed) (G1 Evacuation Pause)
[3627.435s][info][gc,task        ] GC(850) Using 6 workers of 6 for evacuation
[3627.573s][info][gc,phases      ] GC(850)   Pre Evacuate Collection Set: 0.33ms
[3627.573s][info][gc,phases      ] GC(850)   Merge Heap Roots: 0.70ms
[3627.573s][info][gc,phases      ] GC(850)   Evacuate Collection Set: 136.53ms
[3627.573s][info][gc,phases      ] GC(850)   Post Evacuate Collection Set: 0.96ms
[3627.573s][info][gc,phases      ] GC(850)   Other: 0.09ms
[3627.573s][info][gc,heap        ] GC(850) Eden regions: 1101->0(1115)
[3627.573s][info][gc,heap        ] GC(850) Survivor regions: 113->113(152)
[3627.573s][info][gc,heap        ] GC(850) Old regions: 538->474
[3627.573s][info][gc,heap        ] GC(850) Humongous regions: 80->80
[3627.573s][info][gc,metaspace   ] GC(850) Metaspace: 28894K(29312K)->28894K(29312K) NonClass: 24026K(24256K)->24026K(24256K) Class: 4868K(5056K)->4868K(5056K)
[3627.573s][info][gc             ] GC(850) Pause Young (Mixed) (G1 Evacuation Pause) 3660M->1331M(4096M) 138.739ms
[3627.573s][info][gc,cpu         ] GC(850) User=0.83s Sys=0.00s Real=0.13s
...[3630.382s][info][gc,start       ] GC(851) Pause Young (Concurrent Start) (G1 Evacuation Pause)
[3630.382s][info][gc,task        ] GC(851) Using 6 workers of 6 for evacuation
[3630.499s][info][gc,phases      ] GC(851)   Pre Evacuate Collection Set: 0.34ms
[3630.499s][info][gc,phases      ] GC(851)   Merge Heap Roots: 0.46ms
[3630.499s][info][gc,phases      ] GC(851)   Evacuate Collection Set: 114.37ms
[3630.499s][info][gc,phases      ] GC(851)   Post Evacuate Collection Set: 0.85ms
[3630.499s][info][gc,phases      ] GC(851)   Other: 0.10ms
[3630.499s][info][gc,heap        ] GC(851) Eden regions: 1115->0(1118)
[3630.499s][info][gc,heap        ] GC(851) Survivor regions: 113->110(154)
[3630.499s][info][gc,heap        ] GC(851) Old regions: 474->506
[3630.499s][info][gc,heap        ] GC(851) Humongous regions: 80->80
[3630.499s][info][gc,metaspace   ] GC(851) Metaspace: 28894K(29312K)->28894K(29312K) NonClass: 24026K(24256K)->24026K(24256K) Class: 4868K(5056K)->4868K(5056K)
[3630.499s][info][gc             ] GC(851) Pause Young (Concurrent Start) (G1 Evacuation Pause) 3561M->1389M(4096M) 116.259ms
[3630.499s][info][gc             ] GC(852) Concurrent Mark Cycle
[3630.499s][info][gc,marking     ] GC(852) Concurrent Scan Root Regions
[3630.499s][info][gc,cpu         ] GC(851) User=0.69s Sys=0.00s Real=0.12s
[3630.668s][info][gc,marking     ] GC(852) Concurrent Scan Root Regions 169.291ms
[3630.668s][info][gc,marking     ] GC(852) Concurrent Mark
[3630.668s][info][gc,marking     ] GC(852) Concurrent Mark From Roots
[3630.668s][info][gc,task        ] GC(852) Using 2 workers of 2 for marking
.[3631.647s][info][gc,marking     ] GC(852) Concurrent Mark From Roots 978.983ms
[3631.647s][info][gc,marking     ] GC(852) Concurrent Preclean
[3631.647s][info][gc,marking     ] GC(852) Concurrent Preclean 0.113ms
[3631.647s][info][gc,start       ] GC(852) Pause Remark
[3631.653s][info][gc             ] GC(852) Pause Remark 2321M->2321M(4096M) 5.662ms
[3631.653s][info][gc,cpu         ] GC(852) User=0.03s Sys=0.00s Real=0.00s
[3631.653s][info][gc,marking     ] GC(852) Concurrent Mark 985.025ms
[3631.653s][info][gc,marking     ] GC(852) Concurrent Rebuild Remembered Sets and Scrub Regions
[3631.907s][info][gc,marking     ] GC(852) Concurrent Rebuild Remembered Sets and Scrub Regions 253.611ms
[3631.907s][info][gc,start       ] GC(852) Pause Cleanup
[3631.907s][info][gc             ] GC(852) Pause Cleanup 2523M->2523M(4096M) 0.104ms
[3631.907s][info][gc,cpu         ] GC(852) User=0.00s Sys=0.00s Real=0.00s
[3631.907s][info][gc,marking     ] GC(852) Concurrent Clear Claimed Marks
[3631.907s][info][gc,marking     ] GC(852) Concurrent Clear Claimed Marks 0.028ms
[3631.907s][info][gc,marking     ] GC(852) Concurrent Cleanup for Next Mark
[3631.913s][info][gc,marking     ] GC(852) Concurrent Cleanup for Next Mark 5.598ms
[3631.913s][info][gc             ] GC(852) Concurrent Mark Cycle 1414.036ms
..[3633.361s][info][gc,start       ] GC(853) Pause Young (Prepare Mixed) (G1 Evacuation Pause)
[3633.361s][info][gc,task        ] GC(853) Using 6 workers of 6 for evacuation
[3633.479s][info][gc,phases      ] GC(853)   Pre Evacuate Collection Set: 0.35ms
[3633.479s][info][gc,phases      ] GC(853)   Merge Heap Roots: 0.61ms
[3633.479s][info][gc,phases      ] GC(853)   Evacuate Collection Set: 115.36ms
[3633.479s][info][gc,phases      ] GC(853)   Post Evacuate Collection Set: 0.92ms
[3633.479s][info][gc,phases      ] GC(853)   Other: 0.10ms
[3633.479s][info][gc,heap        ] GC(853) Eden regions: 1118->0(1109)
[3633.479s][info][gc,heap        ] GC(853) Survivor regions: 110->109(154)
[3633.479s][info][gc,heap        ] GC(853) Old regions: 506->538
[3633.479s][info][gc,heap        ] GC(853) Humongous regions: 80->80
[3633.479s][info][gc,metaspace   ] GC(853) Metaspace: 28894K(29312K)->28894K(29312K) NonClass: 24026K(24256K)->24026K(24256K) Class: 4868K(5056K)->4868K(5056K)
[3633.479s][info][gc             ] GC(853) Pause Young (Prepare Mixed) (G1 Evacuation Pause) 3625M->1452M(4096M) 117.474ms
[3633.479s][info][gc,cpu         ] GC(853) User=0.70s Sys=0.00s Real=0.12s
...[3636.283s][info][gc,start       ] GC(854) Pause Young (Mixed) (G1 Evacuation Pause)
[3636.283s][info][gc,task        ] GC(854) Using 6 workers of 6 for evacuation
[3636.419s][info][gc,phases      ] GC(854)   Pre Evacuate Collection Set: 0.34ms
[3636.419s][info][gc,phases      ] GC(854)   Merge Heap Roots: 0.74ms
[3636.419s][info][gc,phases      ] GC(854)   Evacuate Collection Set: 134.25ms
[3636.419s][info][gc,phases      ] GC(854)   Post Evacuate Collection Set: 0.93ms
[3636.419s][info][gc,phases      ] GC(854)   Other: 0.08ms
[3636.419s][info][gc,heap        ] GC(854) Eden regions: 1109->0(1118)
[3636.419s][info][gc,heap        ] GC(854) Survivor regions: 109->110(153)
[3636.419s][info][gc,heap        ] GC(854) Old regions: 538->474
[3636.419s][info][gc,heap        ] GC(854) Humongous regions: 80->80
[3636.419s][info][gc,metaspace   ] GC(854) Metaspace: 28894K(29312K)->28894K(29312K) NonClass: 24026K(24256K)->24026K(24256K) Class: 4868K(5056K)->4868K(5056K)
[3636.419s][info][gc             ] GC(854) Pause Young (Mixed) (G1 Evacuation Pause) 3670M->1325M(4096M) 136.475ms
[3636.419s][info][gc,cpu         ] GC(854) User=0.82s Sys=0.00s Real=0.14s
...[3639.279s][info][gc,start       ] GC(855) Pause Young (Concurrent Start) (G1 Evacuation Pause)
[3639.279s][info][gc,task        ] GC(855) Using 6 workers of 6 for evacuation
[3639.398s][info][gc,phases      ] GC(855)   Pre Evacuate Collection Set: 0.38ms
[3639.398s][info][gc,phases      ] GC(855)   Merge Heap Roots: 0.47ms
[3639.398s][info][gc,phases      ] GC(855)   Evacuate Collection Set: 117.71ms
[3639.398s][info][gc,phases      ] GC(855)   Post Evacuate Collection Set: 0.85ms
[3639.398s][info][gc,phases      ] GC(855)   Other: 0.11ms
[3639.398s][info][gc,heap        ] GC(855) Eden regions: 1118->0(1116)
[3639.398s][info][gc,heap        ] GC(855) Survivor regions: 110->112(154)
[3639.398s][info][gc,heap        ] GC(855) Old regions: 474->506
[3639.398s][info][gc,heap        ] GC(855) Humongous regions: 80->80
[3639.398s][info][gc,metaspace   ] GC(855) Metaspace: 28894K(29312K)->28894K(29312K) NonClass: 24026K(24256K)->24026K(24256K) Class: 4868K(5056K)->4868K(5056K)
[3639.398s][info][gc             ] GC(855) Pause Young (Concurrent Start) (G1 Evacuation Pause) 3561M->1393M(4096M) 119.658ms
[3639.398s][info][gc             ] GC(856) Concurrent Mark Cycle
[3639.398s][info][gc,marking     ] GC(856) Concurrent Scan Root Regions
[3639.399s][info][gc,cpu         ] GC(855) User=0.71s Sys=0.00s Real=0.12s
[3639.569s][info][gc,marking     ] GC(856) Concurrent Scan Root Regions 170.953ms
[3639.570s][info][gc,marking     ] GC(856) Concurrent Mark
[3639.570s][info][gc,marking     ] GC(856) Concurrent Mark From Roots
[3639.570s][info][gc,task        ] GC(856) Using 2 workers of 2 for marking
.[3640.559s][info][gc,marking     ] GC(856) Concurrent Mark From Roots 989.806ms
[3640.559s][info][gc,marking     ] GC(856) Concurrent Preclean
[3640.560s][info][gc,marking     ] GC(856) Concurrent Preclean 0.129ms
[3640.560s][info][gc,start       ] GC(856) Pause Remark
[3640.566s][info][gc             ] GC(856) Pause Remark 2355M->2355M(4096M) 6.372ms
[3640.566s][info][gc,cpu         ] GC(856) User=0.03s Sys=0.00s Real=0.01s
[3640.566s][info][gc,marking     ] GC(856) Concurrent Mark 996.640ms
[3640.566s][info][gc,marking     ] GC(856) Concurrent Rebuild Remembered Sets and Scrub Regions
[3640.921s][info][gc,marking     ] GC(856) Concurrent Rebuild Remembered Sets and Scrub Regions 354.534ms
[3640.921s][info][gc,start       ] GC(856) Pause Cleanup
[3640.921s][info][gc             ] GC(856) Pause Cleanup 2611M->2611M(4096M) 0.122ms
[3640.921s][info][gc,cpu         ] GC(856) User=0.00s Sys=0.00s Real=0.00s
[3640.921s][info][gc,marking     ] GC(856) Concurrent Clear Claimed Marks
[3640.921s][info][gc,marking     ] GC(856) Concurrent Clear Claimed Marks 0.029ms
[3640.921s][info][gc,marking     ] GC(856) Concurrent Cleanup for Next Mark
[3640.925s][info][gc,marking     ] GC(856) Concurrent Cleanup for Next Mark 3.840ms
[3640.925s][info][gc             ] GC(856) Concurrent Mark Cycle 1526.838ms
..[3642.215s][info][gc,start       ] GC(857) Pause Young (Prepare Mixed) (G1 Evacuation Pause)
[3642.215s][info][gc,task        ] GC(857) Using 6 workers of 6 for evacuation
[3642.335s][info][gc,phases      ] GC(857)   Pre Evacuate Collection Set: 0.33ms
[3642.335s][info][gc,phases      ] GC(857)   Merge Heap Roots: 0.58ms
[3642.335s][info][gc,phases      ] GC(857)   Evacuate Collection Set: 118.15ms
[3642.335s][info][gc,phases      ] GC(857)   Post Evacuate Collection Set: 0.89ms
[3642.335s][info][gc,phases      ] GC(857)   Other: 0.08ms
[3642.335s][info][gc,heap        ] GC(857) Eden regions: 1116->0(1103)
[3642.335s][info][gc,heap        ] GC(857) Survivor regions: 112->112(154)
[3642.335s][info][gc,heap        ] GC(857) Old regions: 506->538
[3642.335s][info][gc,heap        ] GC(857) Humongous regions: 80->80
[3642.335s][info][gc,metaspace   ] GC(857) Metaspace: 28894K(29312K)->28894K(29312K) NonClass: 24026K(24256K)->24026K(24256K) Class: 4868K(5056K)->4868K(5056K)
[3642.335s][info][gc             ] GC(857) Pause Young (Prepare Mixed) (G1 Evacuation Pause) 3625M->1457M(4096M) 120.160ms
[3642.335s][info][gc,cpu         ] GC(857) User=0.71s Sys=0.00s Real=0.12s
...[3645.204s][info][gc,start       ] GC(858) Pause Young (Mixed) (G1 Evacuation Pause)
[3645.204s][info][gc,task        ] GC(858) Using 6 workers of 6 for evacuation
[3645.337s][info][gc,phases      ] GC(858)   Pre Evacuate Collection Set: 0.36ms
[3645.337s][info][gc,phases      ] GC(858)   Merge Heap Roots: 0.60ms
[3645.337s][info][gc,phases      ] GC(858)   Evacuate Collection Set: 131.33ms
[3645.337s][info][gc,phases      ] GC(858)   Post Evacuate Collection Set: 0.94ms
[3645.337s][info][gc,phases      ] GC(858)   Other: 0.09ms
[3645.337s][info][gc,heap        ] GC(858) Eden regions: 1103->0(1118)
[3645.337s][info][gc,heap        ] GC(858) Survivor regions: 112->110(152)
[3645.338s][info][gc,heap        ] GC(858) Old regions: 538->472
[3645.338s][info][gc,heap        ] GC(858) Humongous regions: 80->80
[3645.338s][info][gc,metaspace   ] GC(858) Metaspace: 28894K(29312K)->28894K(29312K) NonClass: 24026K(24256K)->24026K(24256K) Class: 4868K(5056K)->4868K(5056K)
[3645.338s][info][gc             ] GC(858) Pause Young (Mixed) (G1 Evacuation Pause) 3663M->1321M(4096M) 133.454ms
[3645.338s][info][gc,cpu         ] GC(858) User=0.79s Sys=0.00s Real=0.14s
...[3648.169s][info][gc,start       ] GC(859) Pause Young (Concurrent Start) (G1 Evacuation Pause)
[3648.169s][info][gc,task        ] GC(859) Using 6 workers of 6 for evacuation
[3648.288s][info][gc,phases      ] GC(859)   Pre Evacuate Collection Set: 0.38ms
[3648.288s][info][gc,phases      ] GC(859)   Merge Heap Roots: 0.47ms
[3648.288s][info][gc,phases      ] GC(859)   Evacuate Collection Set: 117.56ms
[3648.288s][info][gc,phases      ] GC(859)   Post Evacuate Collection Set: 0.88ms
[3648.288s][info][gc,phases      ] GC(859)   Other: 0.12ms
[3648.288s][info][gc,heap        ] GC(859) Eden regions: 1118->0(1116)
[3648.288s][info][gc,heap        ] GC(859) Survivor regions: 110->112(154)
[3648.288s][info][gc,heap        ] GC(859) Old regions: 472->504
[3648.288s][info][gc,heap        ] GC(859) Humongous regions: 80->80
[3648.288s][info][gc,metaspace   ] GC(859) Metaspace: 28894K(29312K)->28894K(29312K) NonClass: 24026K(24256K)->24026K(24256K) Class: 4868K(5056K)->4868K(5056K)
[3648.288s][info][gc             ] GC(859) Pause Young (Concurrent Start) (G1 Evacuation Pause) 3557M->1388M(4096M) 119.552ms
[3648.288s][info][gc             ] GC(860) Concurrent Mark Cycle
[3648.288s][info][gc,marking     ] GC(860) Concurrent Scan Root Regions
[3648.288s][info][gc,cpu         ] GC(859) User=0.71s Sys=0.00s Real=0.12s
[3648.519s][info][gc,marking     ] GC(860) Concurrent Scan Root Regions 230.423ms
[3648.519s][info][gc,marking     ] GC(860) Concurrent Mark
[3648.519s][info][gc,marking     ] GC(860) Concurrent Mark From Roots
[3648.519s][info][gc,task        ] GC(860) Using 2 workers of 2 for marking
.[3649.433s][info][gc,marking     ] GC(860) Concurrent Mark From Roots 914.713ms
[3649.433s][info][gc,marking     ] GC(860) Concurrent Preclean
[3649.434s][info][gc,marking     ] GC(860) Concurrent Preclean 0.102ms
[3649.434s][info][gc,start       ] GC(860) Pause Remark
[3649.440s][info][gc             ] GC(860) Pause Remark 2354M->2354M(4096M) 6.258ms
[3649.440s][info][gc,cpu         ] GC(860) User=0.03s Sys=0.00s Real=0.01s
[3649.440s][info][gc,marking     ] GC(860) Concurrent Mark 921.331ms
[3649.440s][info][gc,marking     ] GC(860) Concurrent Rebuild Remembered Sets and Scrub Regions
[3649.765s][info][gc,marking     ] GC(860) Concurrent Rebuild Remembered Sets and Scrub Regions 324.541ms
[3649.765s][info][gc,start       ] GC(860) Pause Cleanup
[3649.765s][info][gc             ] GC(860) Pause Cleanup 2626M->2626M(4096M) 0.121ms
[3649.765s][info][gc,cpu         ] GC(860) User=0.00s Sys=0.00s Real=0.00s
[3649.765s][info][gc,marking     ] GC(860) Concurrent Clear Claimed Marks
[3649.765s][info][gc,marking     ] GC(860) Concurrent Clear Claimed Marks 0.025ms
[3649.765s][info][gc,marking     ] GC(860) Concurrent Cleanup for Next Mark
[3649.768s][info][gc,marking     ] GC(860) Concurrent Cleanup for Next Mark 3.246ms
[3649.768s][info][gc             ] GC(860) Concurrent Mark Cycle 1480.043ms
..[3651.085s][info][gc,start       ] GC(861) Pause Young (Prepare Mixed) (G1 Evacuation Pause)
[3651.085s][info][gc,task        ] GC(861) Using 6 workers of 6 for evacuation
[3651.200s][info][gc,phases      ] GC(861)   Pre Evacuate Collection Set: 0.34ms
[3651.200s][info][gc,phases      ] GC(861)   Merge Heap Roots: 0.51ms
[3651.200s][info][gc,phases      ] GC(861)   Evacuate Collection Set: 113.79ms
[3651.200s][info][gc,phases      ] GC(861)   Post Evacuate Collection Set: 0.94ms
[3651.200s][info][gc,phases      ] GC(861)   Other: 0.09ms
[3651.200s][info][gc,heap        ] GC(861) Eden regions: 1116->0(1111)
[3651.200s][info][gc,heap        ] GC(861) Survivor regions: 112->109(154)
[3651.200s][info][gc,heap        ] GC(861) Old regions: 504->536
[3651.200s][info][gc,heap        ] GC(861) Humongous regions: 80->80
[3651.200s][info][gc,metaspace   ] GC(861) Metaspace: 28894K(29312K)->28894K(29312K) NonClass: 24026K(24256K)->24026K(24256K) Class: 4868K(5056K)->4868K(5056K)
[3651.200s][info][gc             ] GC(861) Pause Young (Prepare Mixed) (G1 Evacuation Pause) 3620M->1446M(4096M) 115.810ms
[3651.201s][info][gc,cpu         ] GC(861) User=0.69s Sys=0.00s Real=0.11s
..[3654.022s][info][gc,start       ] GC(862) Pause Young (Mixed) (G1 Evacuation Pause)
[3654.022s][info][gc,task        ] GC(862) Using 6 workers of 6 for evacuation
[3654.159s][info][gc,phases      ] GC(862)   Pre Evacuate Collection Set: 0.37ms
[3654.159s][info][gc,phases      ] GC(862)   Merge Heap Roots: 0.76ms
[3654.159s][info][gc,phases      ] GC(862)   Evacuate Collection Set: 135.37ms
[3654.159s][info][gc,phases      ] GC(862)   Post Evacuate Collection Set: 0.90ms
[3654.159s][info][gc,phases      ] GC(862)   Other: 0.09ms
[3654.159s][info][gc,heap        ] GC(862) Eden regions: 1111->0(1117)
[3654.159s][info][gc,heap        ] GC(862) Survivor regions: 109->111(153)
[3654.159s][info][gc,heap        ] GC(862) Old regions: 536->474
[3654.159s][info][gc,heap        ] GC(862) Humongous regions: 80->80
[3654.159s][info][gc,metaspace   ] GC(862) Metaspace: 28894K(29312K)->28894K(29312K) NonClass: 24026K(24256K)->24026K(24256K) Class: 4868K(5056K)->4868K(5056K)
[3654.159s][info][gc             ] GC(862) Pause Young (Mixed) (G1 Evacuation Pause) 3668M->1327M(4096M) 137.642ms
[3654.160s][info][gc,cpu         ] GC(862) User=0.82s Sys=0.00s Real=0.14s
...[3657.034s][info][gc,start       ] GC(863) Pause Young (Concurrent Start) (G1 Evacuation Pause)
[3657.034s][info][gc,task        ] GC(863) Using 6 workers of 6 for evacuation
[3657.152s][info][gc,phases      ] GC(863)   Pre Evacuate Collection Set: 0.37ms
[3657.152s][info][gc,phases      ] GC(863)   Merge Heap Roots: 0.57ms
[3657.152s][info][gc,phases      ] GC(863)   Evacuate Collection Set: 115.82ms
[3657.152s][info][gc,phases      ] GC(863)   Post Evacuate Collection Set: 0.86ms
[3657.152s][info][gc,phases      ] GC(863)   Other: 0.13ms
[3657.152s][info][gc,heap        ] GC(863) Eden regions: 1117->0(1118)
[3657.152s][info][gc,heap        ] GC(863) Survivor regions: 111->110(154)
[3657.152s][info][gc,heap        ] GC(863) Old regions: 474->505
[3657.152s][info][gc,heap        ] GC(863) Humongous regions: 80->80
[3657.152s][info][gc,metaspace   ] GC(863) Metaspace: 28894K(29312K)->28894K(29312K) NonClass: 24026K(24256K)->24026K(24256K) Class: 4868K(5056K)->4868K(5056K)
[3657.152s][info][gc             ] GC(863) Pause Young (Concurrent Start) (G1 Evacuation Pause) 3561M->1387M(4096M) 117.874ms
[3657.152s][info][gc             ] GC(864) Concurrent Mark Cycle
[3657.152s][info][gc,marking     ] GC(864) Concurrent Scan Root Regions
[3657.152s][info][gc,cpu         ] GC(863) User=0.70s Sys=0.00s Real=0.12s
.[3657.319s][info][gc,marking     ] GC(864) Concurrent Scan Root Regions 167.004ms
[3657.319s][info][gc,marking     ] GC(864) Concurrent Mark
[3657.319s][info][gc,marking     ] GC(864) Concurrent Mark From Roots
[3657.319s][info][gc,task        ] GC(864) Using 2 workers of 2 for marking
.[3658.236s][info][gc,marking     ] GC(864) Concurrent Mark From Roots 916.326ms
[3658.236s][info][gc,marking     ] GC(864) Concurrent Preclean
[3658.236s][info][gc,marking     ] GC(864) Concurrent Preclean 0.131ms
[3658.237s][info][gc,start       ] GC(864) Pause Remark
[3658.243s][info][gc             ] GC(864) Pause Remark 2307M->2307M(4096M) 6.038ms
[3658.243s][info][gc,cpu         ] GC(864) User=0.03s Sys=0.00s Real=0.00s
[3658.244s][info][gc,marking     ] GC(864) Concurrent Mark 924.748ms
[3658.244s][info][gc,marking     ] GC(864) Concurrent Rebuild Remembered Sets and Scrub Regions
[3658.587s][info][gc,marking     ] GC(864) Concurrent Rebuild Remembered Sets and Scrub Regions 343.394ms
[3658.588s][info][gc,start       ] GC(864) Pause Cleanup
[3658.588s][info][gc             ] GC(864) Pause Cleanup 2569M->2569M(4096M) 0.107ms
[3658.588s][info][gc,cpu         ] GC(864) User=0.00s Sys=0.00s Real=0.00s
[3658.589s][info][gc,marking     ] GC(864) Concurrent Clear Claimed Marks
[3658.589s][info][gc,marking     ] GC(864) Concurrent Clear Claimed Marks 0.031ms
[3658.589s][info][gc,marking     ] GC(864) Concurrent Cleanup for Next Mark
[3658.594s][info][gc,marking     ] GC(864) Concurrent Cleanup for Next Mark 4.809ms
[3658.594s][info][gc             ] GC(864) Concurrent Mark Cycle 1441.665ms
.[3659.959s][info][gc,start       ] GC(865) Pause Young (Prepare Mixed) (G1 Evacuation Pause)
[3659.959s][info][gc,task        ] GC(865) Using 6 workers of 6 for evacuation
[3660.078s][info][gc,phases      ] GC(865)   Pre Evacuate Collection Set: 0.34ms
[3660.078s][info][gc,phases      ] GC(865)   Merge Heap Roots: 0.52ms
[3660.078s][info][gc,phases      ] GC(865)   Evacuate Collection Set: 116.81ms
[3660.078s][info][gc,phases      ] GC(865)   Post Evacuate Collection Set: 0.92ms
[3660.078s][info][gc,phases      ] GC(865)   Other: 0.08ms
[3660.078s][info][gc,heap        ] GC(865) Eden regions: 1118->0(1102)
[3660.078s][info][gc,heap        ] GC(865) Survivor regions: 110->113(154)
[3660.078s][info][gc,heap        ] GC(865) Old regions: 505->537
[3660.078s][info][gc,heap        ] GC(865) Humongous regions: 80->80
[3660.078s][info][gc,metaspace   ] GC(865) Metaspace: 28894K(29312K)->28894K(29312K) NonClass: 24026K(24256K)->24026K(24256K) Class: 4868K(5056K)->4868K(5056K)
[3660.078s][info][gc             ] GC(865) Pause Young (Prepare Mixed) (G1 Evacuation Pause) 3623M->1456M(4096M) 118.802ms
[3660.078s][info][gc,cpu         ] GC(865) User=0.71s Sys=0.00s Real=0.12s
...[3662.946s][info][gc,start       ] GC(866) Pause Young (Mixed) (G1 Evacuation Pause)
[3662.946s][info][gc,task        ] GC(866) Using 6 workers of 6 for evacuation
[3663.082s][info][gc,phases      ] GC(866)   Pre Evacuate Collection Set: 0.40ms
[3663.082s][info][gc,phases      ] GC(866)   Merge Heap Roots: 0.72ms
[3663.082s][info][gc,phases      ] GC(866)   Evacuate Collection Set: 133.24ms
[3663.082s][info][gc,phases      ] GC(866)   Post Evacuate Collection Set: 0.93ms
[3663.082s][info][gc,phases      ] GC(866)   Other: 0.09ms
[3663.082s][info][gc,heap        ] GC(866) Eden regions: 1102->0(1118)
[3663.082s][info][gc,heap        ] GC(866) Survivor regions: 113->110(152)
[3663.082s][info][gc,heap        ] GC(866) Old regions: 537->472
[3663.082s][info][gc,heap        ] GC(866) Humongous regions: 80->80
[3663.082s][info][gc,metaspace   ] GC(866) Metaspace: 28894K(29312K)->28894K(29312K) NonClass: 24026K(24256K)->24026K(24256K) Class: 4868K(5056K)->4868K(5056K)
[3663.082s][info][gc             ] GC(866) Pause Young (Mixed) (G1 Evacuation Pause) 3660M->1322M(4096M) 135.510ms
[3663.082s][info][gc,cpu         ] GC(866) User=0.81s Sys=0.00s Real=0.13s
...[3665.882s][info][gc,start       ] GC(867) Pause Young (Concurrent Start) (G1 Evacuation Pause)
[3665.882s][info][gc,task        ] GC(867) Using 6 workers of 6 for evacuation
[3665.997s][info][gc,phases      ] GC(867)   Pre Evacuate Collection Set: 0.39ms
[3665.997s][info][gc,phases      ] GC(867)   Merge Heap Roots: 0.47ms
[3665.997s][info][gc,phases      ] GC(867)   Evacuate Collection Set: 113.37ms
[3665.997s][info][gc,phases      ] GC(867)   Post Evacuate Collection Set: 0.88ms
[3665.997s][info][gc,phases      ] GC(867)   Other: 0.12ms
[3665.997s][info][gc,heap        ] GC(867) Eden regions: 1118->0(1119)
[3665.997s][info][gc,heap        ] GC(867) Survivor regions: 110->109(154)
[3665.997s][info][gc,heap        ] GC(867) Old regions: 472->504
[3665.997s][info][gc,heap        ] GC(867) Humongous regions: 80->80
[3665.997s][info][gc,metaspace   ] GC(867) Metaspace: 28894K(29312K)->28894K(29312K) NonClass: 24026K(24256K)->24026K(24256K) Class: 4868K(5056K)->4868K(5056K)
[3665.997s][info][gc             ] GC(867) Pause Young (Concurrent Start) (G1 Evacuation Pause) 3558M->1383M(4096M) 115.371ms
[3665.997s][info][gc             ] GC(868) Concurrent Mark Cycle
[3665.997s][info][gc,marking     ] GC(868) Concurrent Scan Root Regions
[3665.997s][info][gc,cpu         ] GC(867) User=0.69s Sys=0.00s Real=0.12s
[3666.181s][info][gc,marking     ] GC(868) Concurrent Scan Root Regions 184.144ms
[3666.181s][info][gc,marking     ] GC(868) Concurrent Mark
[3666.181s][info][gc,marking     ] GC(868) Concurrent Mark From Roots
[3666.181s][info][gc,task        ] GC(868) Using 2 workers of 2 for marking
.[3667.137s][info][gc,marking     ] GC(868) Concurrent Mark From Roots 955.099ms
[3667.137s][info][gc,marking     ] GC(868) Concurrent Preclean
[3667.137s][info][gc,marking     ] GC(868) Concurrent Preclean 0.153ms
[3667.138s][info][gc,start       ] GC(868) Pause Remark
[3667.145s][info][gc             ] GC(868) Pause Remark 2303M->2303M(4096M) 6.727ms
[3667.145s][info][gc,cpu         ] GC(868) User=0.04s Sys=0.00s Real=0.01s
[3667.145s][info][gc,marking     ] GC(868) Concurrent Mark 963.579ms
[3667.145s][info][gc,marking     ] GC(868) Concurrent Rebuild Remembered Sets and Scrub Regions
.[3667.565s][info][gc,marking     ] GC(868) Concurrent Rebuild Remembered Sets and Scrub Regions 419.800ms
[3667.565s][info][gc,start       ] GC(868) Pause Cleanup
[3667.565s][info][gc             ] GC(868) Pause Cleanup 2671M->2671M(4096M) 0.133ms
[3667.566s][info][gc,cpu         ] GC(868) User=0.00s Sys=0.00s Real=0.00s
[3667.566s][info][gc,marking     ] GC(868) Concurrent Clear Claimed Marks
[3667.566s][info][gc,marking     ] GC(868) Concurrent Clear Claimed Marks 0.029ms
[3667.566s][info][gc,marking     ] GC(868) Concurrent Cleanup for Next Mark
[3667.572s][info][gc,marking     ] GC(868) Concurrent Cleanup for Next Mark 5.946ms
[3667.572s][info][gc             ] GC(868) Concurrent Mark Cycle 1574.336ms
.[3668.852s][info][gc,start       ] GC(869) Pause Young (Prepare Mixed) (G1 Evacuation Pause)
[3668.852s][info][gc,task        ] GC(869) Using 6 workers of 6 for evacuation
[3668.967s][info][gc,phases      ] GC(869)   Pre Evacuate Collection Set: 0.30ms
[3668.967s][info][gc,phases      ] GC(869)   Merge Heap Roots: 0.50ms
[3668.967s][info][gc,phases      ] GC(869)   Evacuate Collection Set: 113.98ms
[3668.967s][info][gc,phases      ] GC(869)   Post Evacuate Collection Set: 0.92ms
[3668.967s][info][gc,phases      ] GC(869)   Other: 0.09ms
[3668.967s][info][gc,heap        ] GC(869) Eden regions: 1119->0(1113)
[3668.967s][info][gc,heap        ] GC(869) Survivor regions: 109->108(154)
[3668.967s][info][gc,heap        ] GC(869) Old regions: 504->536
[3668.967s][info][gc,heap        ] GC(869) Humongous regions: 80->80
[3668.968s][info][gc,metaspace   ] GC(869) Metaspace: 28894K(29312K)->28894K(29312K) NonClass: 24026K(24256K)->24026K(24256K) Class: 4868K(5056K)->4868K(5056K)
[3668.968s][info][gc             ] GC(869) Pause Young (Prepare Mixed) (G1 Evacuation Pause) 3621M->1445M(4096M) 115.921ms
[3668.968s][info][gc,cpu         ] GC(869) User=0.69s Sys=0.00s Real=0.12s
...[3671.750s][info][gc,start       ] GC(870) Pause Young (Mixed) (G1 Evacuation Pause)
[3671.750s][info][gc,task        ] GC(870) Using 6 workers of 6 for evacuation
[3671.890s][info][gc,phases      ] GC(870)   Pre Evacuate Collection Set: 0.37ms
[3671.890s][info][gc,phases      ] GC(870)   Merge Heap Roots: 0.70ms
[3671.890s][info][gc,phases      ] GC(870)   Evacuate Collection Set: 138.25ms
[3671.890s][info][gc,phases      ] GC(870)   Post Evacuate Collection Set: 0.95ms
[3671.890s][info][gc,phases      ] GC(870)   Other: 0.09ms
[3671.890s][info][gc,heap        ] GC(870) Eden regions: 1113->0(1112)
[3671.890s][info][gc,heap        ] GC(870) Survivor regions: 108->116(153)
[3671.890s][info][gc,heap        ] GC(870) Old regions: 536->472
[3671.890s][info][gc,heap        ] GC(870) Humongous regions: 80->80
[3671.890s][info][gc,metaspace   ] GC(870) Metaspace: 28894K(29312K)->28894K(29312K) NonClass: 24026K(24256K)->24026K(24256K) Class: 4868K(5056K)->4868K(5056K)
[3671.890s][info][gc             ] GC(870) Pause Young (Mixed) (G1 Evacuation Pause) 3671M->1333M(4096M) 140.488ms
[3671.890s][info][gc,cpu         ] GC(870) User=0.83s Sys=0.00s Real=0.14s
...[3674.756s][info][gc,start       ] GC(871) Pause Young (Concurrent Start) (G1 Evacuation Pause)
[3674.756s][info][gc,task        ] GC(871) Using 6 workers of 6 for evacuation
[3674.872s][info][gc,phases      ] GC(871)   Pre Evacuate Collection Set: 0.38ms
[3674.872s][info][gc,phases      ] GC(871)   Merge Heap Roots: 0.49ms
[3674.872s][info][gc,phases      ] GC(871)   Evacuate Collection Set: 114.23ms
[3674.872s][info][gc,phases      ] GC(871)   Post Evacuate Collection Set: 0.88ms
[3674.872s][info][gc,phases      ] GC(871)   Other: 0.10ms
[3674.872s][info][gc,heap        ] GC(871) Eden regions: 1112->0(1119)
[3674.872s][info][gc,heap        ] GC(871) Survivor regions: 116->109(154)
[3674.872s][info][gc,heap        ] GC(871) Old regions: 472->504
[3674.872s][info][gc,heap        ] GC(871) Humongous regions: 80->80
[3674.872s][info][gc,metaspace   ] GC(871) Metaspace: 28894K(29312K)->28894K(29312K) NonClass: 24026K(24256K)->24026K(24256K) Class: 4868K(5056K)->4868K(5056K)
[3674.872s][info][gc             ] GC(871) Pause Young (Concurrent Start) (G1 Evacuation Pause) 3557M->1383M(4096M) 116.210ms
[3674.872s][info][gc             ] GC(872) Concurrent Mark Cycle
[3674.872s][info][gc,marking     ] GC(872) Concurrent Scan Root Regions
[3674.872s][info][gc,cpu         ] GC(871) User=0.69s Sys=0.00s Real=0.11s
[3675.037s][info][gc,marking     ] GC(872) Concurrent Scan Root Regions 165.150ms
[3675.037s][info][gc,marking     ] GC(872) Concurrent Mark
[3675.037s][info][gc,marking     ] GC(872) Concurrent Mark From Roots
[3675.037s][info][gc,task        ] GC(872) Using 2 workers of 2 for marking
.[3675.851s][info][gc,marking     ] GC(872) Concurrent Mark From Roots 813.942ms
[3675.851s][info][gc,marking     ] GC(872) Concurrent Preclean
[3675.851s][info][gc,marking     ] GC(872) Concurrent Preclean 0.139ms
[3675.853s][info][gc,start       ] GC(872) Pause Remark
[3675.858s][info][gc             ] GC(872) Pause Remark 2167M->2167M(4096M) 4.957ms
[3675.858s][info][gc,cpu         ] GC(872) User=0.02s Sys=0.00s Real=0.01s
[3675.858s][info][gc,marking     ] GC(872) Concurrent Mark 821.044ms
[3675.858s][info][gc,marking     ] GC(872) Concurrent Rebuild Remembered Sets and Scrub Regions
[3676.162s][info][gc,marking     ] GC(872) Concurrent Rebuild Remembered Sets and Scrub Regions 304.029ms
[3676.162s][info][gc,start       ] GC(872) Pause Cleanup
[3676.163s][info][gc             ] GC(872) Pause Cleanup 2413M->2413M(4096M) 0.114ms
[3676.163s][info][gc,cpu         ] GC(872) User=0.00s Sys=0.00s Real=0.00s
[3676.163s][info][gc,marking     ] GC(872) Concurrent Clear Claimed Marks
[3676.163s][info][gc,marking     ] GC(872) Concurrent Clear Claimed Marks 0.025ms
[3676.163s][info][gc,marking     ] GC(872) Concurrent Cleanup for Next Mark
[3676.167s][info][gc,marking     ] GC(872) Concurrent Cleanup for Next Mark 4.633ms
[3676.167s][info][gc             ] GC(872) Concurrent Mark Cycle 1295.351ms
.. (rIR:aIR:PR = 6365:6366:6366) (tPR = 94095) [OK] 
  3677s: Performance info:
         Transaction,    Success,    Partial,     Failed,   Receipts, AvgBarcode, 
             Overall,     383926,          0,          0,     364734,      59.48, 
         Response times:
             Request,    Success,    Partial,     Failed,   SkipFail,     Probes,    Samples,      min,      p50,      p90,      p95,      p99,      max, 
       TotalPurchase,     364728,          0,          0,          0,     357496,     382672,      300,     5300,    23000,    51000,   121000,   306000,
     InStorePurchase,     191927,          0,          0,          0,     188601,     201638,      300,     5400,    23000,    52000,   122000,   306000,
      OnlinePurchase,     134407,          0,          0,          0,     131654,     140820,      300,     5200,    23000,    51000,   120000,   264000,
        InstPurchase,      38394,          0,          0,          0,      37241,      40214,      400,     4900,    21000,    51000,   121000,   238000,
          AssocOfCat,        384,          0,          0,          0,        302,        375,    21000,    38000,    81400,   122600,   176880,   215000,
      AssocOfProduct,       3847,          0,          0,          0,       3610,       4092,     1000,     6500,    25000,    54000,   125070,   199000,
      BusinessReport,        963,          0,          0,          0,        833,       1003,    27000,    40000,    77000,   117200,   191000,   276000,
          CustBuyBeh,       3836,          0,          0,          0,       3544,       4009,     1300,     6400,    26000,    54000,   126900,   187000,
       ProductReturn,      10168,          0,          0,          0,       9555,      10537,      200,     4700,    23000,    54000,   120000,   165000,

  3677s: (47%)   IR =   6503 [3677.716s][info][gc,start       ] GC(873) Pause Young (Prepare Mixed) (G1 Evacuation Pause)
[3677.716s][info][gc,task        ] GC(873) Using 6 workers of 6 for evacuation
[3677.834s][info][gc,phases      ] GC(873)   Pre Evacuate Collection Set: 0.33ms
[3677.834s][info][gc,phases      ] GC(873)   Merge Heap Roots: 0.54ms
[3677.834s][info][gc,phases      ] GC(873)   Evacuate Collection Set: 115.81ms
[3677.834s][info][gc,phases      ] GC(873)   Post Evacuate Collection Set: 0.90ms
[3677.834s][info][gc,phases      ] GC(873)   Other: 0.09ms
[3677.834s][info][gc,heap        ] GC(873) Eden regions: 1119->0(1109)
[3677.834s][info][gc,heap        ] GC(873) Survivor regions: 109->110(154)
[3677.834s][info][gc,heap        ] GC(873) Old regions: 504->536
[3677.834s][info][gc,heap        ] GC(873) Humongous regions: 80->80
[3677.834s][info][gc,metaspace   ] GC(873) Metaspace: 28894K(29312K)->28894K(29312K) NonClass: 24026K(24256K)->24026K(24256K) Class: 4868K(5056K)->4868K(5056K)
[3677.834s][info][gc             ] GC(873) Pause Young (Prepare Mixed) (G1 Evacuation Pause) 3621M->1449M(4096M) 117.789ms
[3677.834s][info][gc,cpu         ] GC(873) User=0.70s Sys=0.00s Real=0.11s
...[3680.644s][info][gc,start       ] GC(874) Pause Young (Mixed) (G1 Evacuation Pause)
[3680.644s][info][gc,task        ] GC(874) Using 6 workers of 6 for evacuation
[3680.775s][info][gc,phases      ] GC(874)   Pre Evacuate Collection Set: 0.37ms
[3680.775s][info][gc,phases      ] GC(874)   Merge Heap Roots: 0.60ms
[3680.775s][info][gc,phases      ] GC(874)   Evacuate Collection Set: 129.47ms
[3680.775s][info][gc,phases      ] GC(874)   Post Evacuate Collection Set: 0.96ms
[3680.775s][info][gc,phases      ] GC(874)   Other: 0.09ms
[3680.775s][info][gc,heap        ] GC(874) Eden regions: 1109->0(1116)
[3680.775s][info][gc,heap        ] GC(874) Survivor regions: 110->112(153)
[3680.775s][info][gc,heap        ] GC(874) Old regions: 536->473
[3680.775s][info][gc,heap        ] GC(874) Humongous regions: 80->80
[3680.775s][info][gc,metaspace   ] GC(874) Metaspace: 28894K(29312K)->28894K(29312K) NonClass: 24026K(24256K)->24026K(24256K) Class: 4868K(5056K)->4868K(5056K)
[3680.775s][info][gc             ] GC(874) Pause Young (Mixed) (G1 Evacuation Pause) 3667M->1327M(4096M) 131.620ms
[3680.775s][info][gc,cpu         ] GC(874) User=0.78s Sys=0.00s Real=0.14s
.|..[3683.570s][info][gc,start       ] GC(875) Pause Young (Concurrent Start) (G1 Evacuation Pause)
[3683.570s][info][gc,task        ] GC(875) Using 6 workers of 6 for evacuation
[3683.692s][info][gc,phases      ] GC(875)   Pre Evacuate Collection Set: 0.35ms
[3683.692s][info][gc,phases      ] GC(875)   Merge Heap Roots: 0.46ms
[3683.692s][info][gc,phases      ] GC(875)   Evacuate Collection Set: 120.04ms
[3683.692s][info][gc,phases      ] GC(875)   Post Evacuate Collection Set: 0.87ms
[3683.692s][info][gc,phases      ] GC(875)   Other: 0.10ms
[3683.692s][info][gc,heap        ] GC(875) Eden regions: 1116->0(1114)
[3683.692s][info][gc,heap        ] GC(875) Survivor regions: 112->114(154)
[3683.692s][info][gc,heap        ] GC(875) Old regions: 473->504
[3683.692s][info][gc,heap        ] GC(875) Humongous regions: 80->80
[3683.692s][info][gc,metaspace   ] GC(875) Metaspace: 28894K(29312K)->28894K(29312K) NonClass: 24026K(24256K)->24026K(24256K) Class: 4868K(5056K)->4868K(5056K)
[3683.692s][info][gc             ] GC(875) Pause Young (Concurrent Start) (G1 Evacuation Pause) 3559M->1394M(4096M) 121.971ms
[3683.692s][info][gc             ] GC(876) Concurrent Mark Cycle
[3683.692s][info][gc,marking     ] GC(876) Concurrent Scan Root Regions
[3683.692s][info][gc,cpu         ] GC(875) User=0.73s Sys=0.00s Real=0.12s
[3683.865s][info][gc,marking     ] GC(876) Concurrent Scan Root Regions 172.499ms
[3683.865s][info][gc,marking     ] GC(876) Concurrent Mark
[3683.865s][info][gc,marking     ] GC(876) Concurrent Mark From Roots
[3683.865s][info][gc,task        ] GC(876) Using 2 workers of 2 for marking
.[3684.805s][info][gc,marking     ] GC(876) Concurrent Mark From Roots 940.244ms
[3684.805s][info][gc,marking     ] GC(876) Concurrent Preclean
[3684.805s][info][gc,marking     ] GC(876) Concurrent Preclean 0.165ms
[3684.805s][info][gc,start       ] GC(876) Pause Remark
[3684.811s][info][gc             ] GC(876) Pause Remark 2382M->2382M(4096M) 5.435ms
[3684.811s][info][gc,cpu         ] GC(876) User=0.03s Sys=0.00s Real=0.00s
[3684.811s][info][gc,marking     ] GC(876) Concurrent Mark 946.331ms
[3684.811s][info][gc,marking     ] GC(876) Concurrent Rebuild Remembered Sets and Scrub Regions
[3685.091s][info][gc,marking     ] GC(876) Concurrent Rebuild Remembered Sets and Scrub Regions 279.478ms
[3685.091s][info][gc,start       ] GC(876) Pause Cleanup
[3685.091s][info][gc             ] GC(876) Pause Cleanup 2566M->2566M(4096M) 0.117ms
[3685.091s][info][gc,cpu         ] GC(876) User=0.00s Sys=0.00s Real=0.00s
[3685.091s][info][gc,marking     ] GC(876) Concurrent Clear Claimed Marks
[3685.091s][info][gc,marking     ] GC(876) Concurrent Clear Claimed Marks 0.032ms
[3685.091s][info][gc,marking     ] GC(876) Concurrent Cleanup for Next Mark
[3685.095s][info][gc,marking     ] GC(876) Concurrent Cleanup for Next Mark 4.330ms
[3685.095s][info][gc             ] GC(876) Concurrent Mark Cycle 1403.141ms
..[3686.424s][info][gc,start       ] GC(877) Pause Young (Prepare Mixed) (G1 Evacuation Pause)
[3686.424s][info][gc,task        ] GC(877) Using 6 workers of 6 for evacuation
[3686.541s][info][gc,phases      ] GC(877)   Pre Evacuate Collection Set: 0.36ms
[3686.541s][info][gc,phases      ] GC(877)   Merge Heap Roots: 0.51ms
[3686.541s][info][gc,phases      ] GC(877)   Evacuate Collection Set: 114.91ms
[3686.541s][info][gc,phases      ] GC(877)   Post Evacuate Collection Set: 0.92ms
[3686.541s][info][gc,phases      ] GC(877)   Other: 0.09ms
[3686.541s][info][gc,heap        ] GC(877) Eden regions: 1114->0(1109)
[3686.541s][info][gc,heap        ] GC(877) Survivor regions: 114->110(154)
[3686.541s][info][gc,heap        ] GC(877) Old regions: 504->536
[3686.541s][info][gc,heap        ] GC(877) Humongous regions: 80->80
[3686.541s][info][gc,metaspace   ] GC(877) Metaspace: 28894K(29312K)->28894K(29312K) NonClass: 24026K(24256K)->24026K(24256K) Class: 4868K(5056K)->4868K(5056K)
[3686.541s][info][gc             ] GC(877) Pause Young (Prepare Mixed) (G1 Evacuation Pause) 3622M->1448M(4096M) 116.924ms
[3686.541s][info][gc,cpu         ] GC(877) User=0.70s Sys=0.00s Real=0.12s
..[3689.325s][info][gc,start       ] GC(878) Pause Young (Mixed) (G1 Evacuation Pause)
[3689.325s][info][gc,task        ] GC(878) Using 6 workers of 6 for evacuation
[3689.464s][info][gc,phases      ] GC(878)   Pre Evacuate Collection Set: 0.35ms
[3689.464s][info][gc,phases      ] GC(878)   Merge Heap Roots: 0.79ms
[3689.464s][info][gc,phases      ] GC(878)   Evacuate Collection Set: 136.83ms
[3689.464s][info][gc,phases      ] GC(878)   Post Evacuate Collection Set: 0.93ms
[3689.464s][info][gc,phases      ] GC(878)   Other: 0.09ms
[3689.464s][info][gc,heap        ] GC(878) Eden regions: 1109->0(1117)
[3689.464s][info][gc,heap        ] GC(878) Survivor regions: 110->111(153)
[3689.464s][info][gc,heap        ] GC(878) Old regions: 536->471
[3689.464s][info][gc,heap        ] GC(878) Humongous regions: 80->80
[3689.464s][info][gc,metaspace   ] GC(878) Metaspace: 28894K(29312K)->28894K(29312K) NonClass: 24026K(24256K)->24026K(24256K) Class: 4868K(5056K)->4868K(5056K)
[3689.464s][info][gc             ] GC(878) Pause Young (Mixed) (G1 Evacuation Pause) 3666M->1320M(4096M) 139.144ms
[3689.464s][info][gc,cpu         ] GC(878) User=0.83s Sys=0.00s Real=0.14s
...[3692.208s][info][gc,start       ] GC(879) Pause Young (Concurrent Start) (G1 Evacuation Pause)
[3692.208s][info][gc,task        ] GC(879) Using 6 workers of 6 for evacuation
[3692.326s][info][gc,phases      ] GC(879)   Pre Evacuate Collection Set: 0.35ms
[3692.326s][info][gc,phases      ] GC(879)   Merge Heap Roots: 0.50ms
[3692.326s][info][gc,phases      ] GC(879)   Evacuate Collection Set: 115.92ms
[3692.326s][info][gc,phases      ] GC(879)   Post Evacuate Collection Set: 0.89ms
[3692.326s][info][gc,phases      ] GC(879)   Other: 0.09ms
[3692.326s][info][gc,heap        ] GC(879) Eden regions: 1117->0(1119)
[3692.326s][info][gc,heap        ] GC(879) Survivor regions: 111->109(154)
[3692.326s][info][gc,heap        ] GC(879) Old regions: 471->503
[3692.326s][info][gc,heap        ] GC(879) Humongous regions: 80->80
[3692.326s][info][gc,metaspace   ] GC(879) Metaspace: 28894K(29312K)->28894K(29312K) NonClass: 24026K(24256K)->24026K(24256K) Class: 4868K(5056K)->4868K(5056K)
[3692.326s][info][gc             ] GC(879) Pause Young (Concurrent Start) (G1 Evacuation Pause) 3554M->1381M(4096M) 117.896ms
[3692.326s][info][gc             ] GC(880) Concurrent Mark Cycle
[3692.326s][info][gc,marking     ] GC(880) Concurrent Scan Root Regions
[3692.326s][info][gc,cpu         ] GC(879) User=0.70s Sys=0.00s Real=0.12s
[3692.492s][info][gc,marking     ] GC(880) Concurrent Scan Root Regions 165.610ms
[3692.492s][info][gc,marking     ] GC(880) Concurrent Mark
[3692.492s][info][gc,marking     ] GC(880) Concurrent Mark From Roots
[3692.492s][info][gc,task        ] GC(880) Using 2 workers of 2 for marking
.[3693.442s][info][gc,marking     ] GC(880) Concurrent Mark From Roots 949.782ms
[3693.442s][info][gc,marking     ] GC(880) Concurrent Preclean
[3693.442s][info][gc,marking     ] GC(880) Concurrent Preclean 0.128ms
[3693.444s][info][gc,start       ] GC(880) Pause Remark
[3693.450s][info][gc             ] GC(880) Pause Remark 2339M->2339M(4096M) 6.180ms
[3693.450s][info][gc,cpu         ] GC(880) User=0.03s Sys=0.00s Real=0.01s
[3693.450s][info][gc,marking     ] GC(880) Concurrent Mark 958.673ms
[3693.451s][info][gc,marking     ] GC(880) Concurrent Rebuild Remembered Sets and Scrub Regions
.[3693.766s][info][gc,marking     ] GC(880) Concurrent Rebuild Remembered Sets and Scrub Regions 315.400ms
[3693.766s][info][gc,start       ] GC(880) Pause Cleanup
[3693.766s][info][gc             ] GC(880) Pause Cleanup 2612M->2612M(4096M) 0.129ms
[3693.766s][info][gc,cpu         ] GC(880) User=0.00s Sys=0.00s Real=0.00s
[3693.766s][info][gc,marking     ] GC(880) Concurrent Clear Claimed Marks
[3693.766s][info][gc,marking     ] GC(880) Concurrent Clear Claimed Marks 0.033ms
[3693.766s][info][gc,marking     ] GC(880) Concurrent Cleanup for Next Mark
[3693.770s][info][gc,marking     ] GC(880) Concurrent Cleanup for Next Mark 3.891ms
[3693.770s][info][gc             ] GC(880) Concurrent Mark Cycle 1444.149ms
.[3695.140s][info][gc,start       ] GC(881) Pause Young (Prepare Mixed) (G1 Evacuation Pause)
[3695.140s][info][gc,task        ] GC(881) Using 6 workers of 6 for evacuation
[3695.261s][info][gc,phases      ] GC(881)   Pre Evacuate Collection Set: 0.34ms
[3695.261s][info][gc,phases      ] GC(881)   Merge Heap Roots: 0.59ms
[3695.261s][info][gc,phases      ] GC(881)   Evacuate Collection Set: 119.22ms
[3695.261s][info][gc,phases      ] GC(881)   Post Evacuate Collection Set: 0.93ms
[3695.261s][info][gc,phases      ] GC(881)   Other: 0.09ms
[3695.261s][info][gc,heap        ] GC(881) Eden regions: 1119->0(1104)
[3695.261s][info][gc,heap        ] GC(881) Survivor regions: 109->113(154)
[3695.261s][info][gc,heap        ] GC(881) Old regions: 503->535
[3695.261s][info][gc,heap        ] GC(881) Humongous regions: 80->80
[3695.261s][info][gc,metaspace   ] GC(881) Metaspace: 28894K(29312K)->28894K(29312K) NonClass: 24026K(24256K)->24026K(24256K) Class: 4868K(5056K)->4868K(5056K)
[3695.261s][info][gc             ] GC(881) Pause Young (Prepare Mixed) (G1 Evacuation Pause) 3619M->1452M(4096M) 121.317ms
[3695.262s][info][gc,cpu         ] GC(881) User=0.72s Sys=0.00s Real=0.12s
...[3697.929s][info][gc,start       ] GC(882) Pause Young (Mixed) (G1 Evacuation Pause)
[3697.929s][info][gc,task        ] GC(882) Using 6 workers of 6 for evacuation
[3698.064s][info][gc,phases      ] GC(882)   Pre Evacuate Collection Set: 0.36ms
[3698.064s][info][gc,phases      ] GC(882)   Merge Heap Roots: 0.87ms
[3698.064s][info][gc,phases      ] GC(882)   Evacuate Collection Set: 132.27ms
[3698.064s][info][gc,phases      ] GC(882)   Post Evacuate Collection Set: 0.94ms
[3698.064s][info][gc,phases      ] GC(882)   Other: 0.09ms
[3698.064s][info][gc,heap        ] GC(882) Eden regions: 1104->0(1119)
[3698.064s][info][gc,heap        ] GC(882) Survivor regions: 113->109(153)
[3698.064s][info][gc,heap        ] GC(882) Old regions: 535->473
[3698.064s][info][gc,heap        ] GC(882) Humongous regions: 80->80
[3698.064s][info][gc,metaspace   ] GC(882) Metaspace: 28894K(29312K)->28894K(29312K) NonClass: 24026K(24256K)->24026K(24256K) Class: 4868K(5056K)->4868K(5056K)
[3698.064s][info][gc             ] GC(882) Pause Young (Mixed) (G1 Evacuation Pause) 3660M->1320M(4096M) 134.673ms
[3698.064s][info][gc,cpu         ] GC(882) User=0.80s Sys=0.00s Real=0.13s
...[3700.862s][info][gc,start       ] GC(883) Pause Young (Concurrent Start) (G1 Evacuation Pause)
[3700.862s][info][gc,task        ] GC(883) Using 6 workers of 6 for evacuation
[3700.979s][info][gc,phases      ] GC(883)   Pre Evacuate Collection Set: 0.40ms
[3700.979s][info][gc,phases      ] GC(883)   Merge Heap Roots: 0.51ms
[3700.979s][info][gc,phases      ] GC(883)   Evacuate Collection Set: 115.08ms
[3700.979s][info][gc,phases      ] GC(883)   Post Evacuate Collection Set: 0.86ms
[3700.979s][info][gc,phases      ] GC(883)   Other: 0.13ms
[3700.980s][info][gc,heap        ] GC(883) Eden regions: 1119->0(1119)
[3700.980s][info][gc,heap        ] GC(883) Survivor regions: 109->109(154)
[3700.980s][info][gc,heap        ] GC(883) Old regions: 473->505
[3700.980s][info][gc,heap        ] GC(883) Humongous regions: 80->80
[3700.980s][info][gc,metaspace   ] GC(883) Metaspace: 28894K(29312K)->28894K(29312K) NonClass: 24026K(24256K)->24026K(24256K) Class: 4868K(5056K)->4868K(5056K)
[3700.980s][info][gc             ] GC(883) Pause Young (Concurrent Start) (G1 Evacuation Pause) 3558M->1384M(4096M) 117.116ms
[3700.980s][info][gc             ] GC(884) Concurrent Mark Cycle
[3700.980s][info][gc,marking     ] GC(884) Concurrent Scan Root Regions
[3700.980s][info][gc,cpu         ] GC(883) User=0.69s Sys=0.00s Real=0.12s
[3701.142s][info][gc,marking     ] GC(884) Concurrent Scan Root Regions 162.590ms
[3701.142s][info][gc,marking     ] GC(884) Concurrent Mark
[3701.142s][info][gc,marking     ] GC(884) Concurrent Mark From Roots
[3701.142s][info][gc,task        ] GC(884) Using 2 workers of 2 for marking
.[3701.853s][info][gc,marking     ] GC(884) Concurrent Mark From Roots 710.344ms
[3701.853s][info][gc,marking     ] GC(884) Concurrent Preclean
[3701.853s][info][gc,marking     ] GC(884) Concurrent Preclean 0.090ms
[3701.853s][info][gc,start       ] GC(884) Pause Remark
[3701.858s][info][gc             ] GC(884) Pause Remark 2126M->2126M(4096M) 5.097ms
[3701.858s][info][gc,cpu         ] GC(884) User=0.03s Sys=0.00s Real=0.01s
[3701.858s][info][gc,marking     ] GC(884) Concurrent Mark 715.771ms
[3701.858s][info][gc,marking     ] GC(884) Concurrent Rebuild Remembered Sets and Scrub Regions
[3702.162s][info][gc,marking     ] GC(884) Concurrent Rebuild Remembered Sets and Scrub Regions 303.730ms
[3702.162s][info][gc,start       ] GC(884) Pause Cleanup
[3702.162s][info][gc             ] GC(884) Pause Cleanup 2365M->2365M(4096M) 0.112ms
[3702.162s][info][gc,cpu         ] GC(884) User=0.00s Sys=0.00s Real=0.00s
[3702.162s][info][gc,marking     ] GC(884) Concurrent Clear Claimed Marks
[3702.162s][info][gc,marking     ] GC(884) Concurrent Clear Claimed Marks 0.037ms
[3702.162s][info][gc,marking     ] GC(884) Concurrent Cleanup for Next Mark
[3702.166s][info][gc,marking     ] GC(884) Concurrent Cleanup for Next Mark 3.491ms
[3702.166s][info][gc             ] GC(884) Concurrent Mark Cycle 1186.044ms
..[3703.778s][info][gc,start       ] GC(885) Pause Young (Prepare Mixed) (G1 Evacuation Pause)
[3703.778s][info][gc,task        ] GC(885) Using 6 workers of 6 for evacuation
[3703.893s][info][gc,phases      ] GC(885)   Pre Evacuate Collection Set: 0.30ms
[3703.893s][info][gc,phases      ] GC(885)   Merge Heap Roots: 0.57ms
[3703.893s][info][gc,phases      ] GC(885)   Evacuate Collection Set: 112.87ms
[3703.893s][info][gc,phases      ] GC(885)   Post Evacuate Collection Set: 0.93ms
[3703.893s][info][gc,phases      ] GC(885)   Other: 0.09ms
[3703.893s][info][gc,heap        ] GC(885) Eden regions: 1119->0(1112)
[3703.893s][info][gc,heap        ] GC(885) Survivor regions: 109->109(154)
[3703.893s][info][gc,heap        ] GC(885) Old regions: 505->535
[3703.893s][info][gc,heap        ] GC(885) Humongous regions: 80->80
[3703.893s][info][gc,metaspace   ] GC(885) Metaspace: 28894K(29312K)->28894K(29312K) NonClass: 24026K(24256K)->24026K(24256K) Class: 4868K(5056K)->4868K(5056K)
[3703.893s][info][gc             ] GC(885) Pause Young (Prepare Mixed) (G1 Evacuation Pause) 3622M->1445M(4096M) 114.890ms
[3703.893s][info][gc,cpu         ] GC(885) User=0.68s Sys=0.00s Real=0.11s
...[3706.705s][info][gc,start       ] GC(886) Pause Young (Mixed) (G1 Evacuation Pause)
[3706.705s][info][gc,task        ] GC(886) Using 6 workers of 6 for evacuation
[3706.840s][info][gc,phases      ] GC(886)   Pre Evacuate Collection Set: 0.35ms
[3706.840s][info][gc,phases      ] GC(886)   Merge Heap Roots: 0.82ms
[3706.840s][info][gc,phases      ] GC(886)   Evacuate Collection Set: 132.83ms
[3706.840s][info][gc,phases      ] GC(886)   Post Evacuate Collection Set: 0.95ms
[3706.840s][info][gc,phases      ] GC(886)   Other: 0.08ms
[3706.840s][info][gc,heap        ] GC(886) Eden regions: 1112->0(1120)
[3706.840s][info][gc,heap        ] GC(886) Survivor regions: 109->108(153)
[3706.840s][info][gc,heap        ] GC(886) Old regions: 535->472
[3706.840s][info][gc,heap        ] GC(886) Humongous regions: 80->80
[3706.840s][info][gc,metaspace   ] GC(886) Metaspace: 28894K(29312K)->28894K(29312K) NonClass: 24026K(24256K)->24026K(24256K) Class: 4868K(5056K)->4868K(5056K)
[3706.840s][info][gc             ] GC(886) Pause Young (Mixed) (G1 Evacuation Pause) 3669M->1317M(4096M) 135.180ms
[3706.840s][info][gc,cpu         ] GC(886) User=0.80s Sys=0.00s Real=0.13s
...[3709.675s][info][gc,start       ] GC(887) Pause Young (Concurrent Start) (G1 Evacuation Pause)
[3709.675s][info][gc,task        ] GC(887) Using 6 workers of 6 for evacuation
[3709.796s][info][gc,phases      ] GC(887)   Pre Evacuate Collection Set: 0.40ms
[3709.796s][info][gc,phases      ] GC(887)   Merge Heap Roots: 0.50ms
[3709.796s][info][gc,phases      ] GC(887)   Evacuate Collection Set: 118.82ms
[3709.796s][info][gc,phases      ] GC(887)   Post Evacuate Collection Set: 0.89ms
[3709.796s][info][gc,phases      ] GC(887)   Other: 0.11ms
[3709.796s][info][gc,heap        ] GC(887) Eden regions: 1120->0(1115)
[3709.796s][info][gc,heap        ] GC(887) Survivor regions: 108->113(154)
[3709.796s][info][gc,heap        ] GC(887) Old regions: 472->503
[3709.796s][info][gc,heap        ] GC(887) Humongous regions: 80->80
[3709.796s][info][gc,metaspace   ] GC(887) Metaspace: 28894K(29312K)->28894K(29312K) NonClass: 24026K(24256K)->24026K(24256K) Class: 4868K(5056K)->4868K(5056K)
[3709.796s][info][gc             ] GC(887) Pause Young (Concurrent Start) (G1 Evacuation Pause) 3557M->1390M(4096M) 120.871ms
[3709.796s][info][gc             ] GC(888) Concurrent Mark Cycle
[3709.796s][info][gc,marking     ] GC(888) Concurrent Scan Root Regions
[3709.796s][info][gc,cpu         ] GC(887) User=0.72s Sys=0.00s Real=0.12s
[3709.932s][info][gc,marking     ] GC(888) Concurrent Scan Root Regions 136.217ms
[3709.932s][info][gc,marking     ] GC(888) Concurrent Mark
[3709.932s][info][gc,marking     ] GC(888) Concurrent Mark From Roots
[3709.932s][info][gc,task        ] GC(888) Using 2 workers of 2 for marking
[3710.470s][info][gc,marking     ] GC(888) Concurrent Mark From Roots 537.818ms
[3710.470s][info][gc,marking     ] GC(888) Concurrent Preclean
[3710.470s][info][gc,marking     ] GC(888) Concurrent Preclean 0.093ms
[3710.470s][info][gc,start       ] GC(888) Pause Remark
[3710.474s][info][gc             ] GC(888) Pause Remark 1910M->1910M(4096M) 3.899ms
[3710.474s][info][gc,cpu         ] GC(888) User=0.02s Sys=0.00s Real=0.00s
[3710.476s][info][gc,marking     ] GC(888) Concurrent Mark 543.502ms
[3710.476s][info][gc,marking     ] GC(888) Concurrent Rebuild Remembered Sets and Scrub Regions
.[3710.758s][info][gc,marking     ] GC(888) Concurrent Rebuild Remembered Sets and Scrub Regions 282.091ms
[3710.758s][info][gc,start       ] GC(888) Pause Cleanup
[3710.758s][info][gc             ] GC(888) Pause Cleanup 2172M->2172M(4096M) 0.120ms
[3710.758s][info][gc,cpu         ] GC(888) User=0.00s Sys=0.00s Real=0.00s
[3710.759s][info][gc,marking     ] GC(888) Concurrent Clear Claimed Marks
[3710.759s][info][gc,marking     ] GC(888) Concurrent Clear Claimed Marks 0.033ms
[3710.759s][info][gc,marking     ] GC(888) Concurrent Cleanup for Next Mark
[3710.764s][info][gc,marking     ] GC(888) Concurrent Cleanup for Next Mark 4.625ms
[3710.764s][info][gc             ] GC(888) Concurrent Mark Cycle 967.761ms
.[3712.468s][info][gc,start       ] GC(889) Pause Young (Prepare Mixed) (G1 Evacuation Pause)
[3712.468s][info][gc,task        ] GC(889) Using 6 workers of 6 for evacuation
[3712.587s][info][gc,phases      ] GC(889)   Pre Evacuate Collection Set: 0.31ms
[3712.587s][info][gc,phases      ] GC(889)   Merge Heap Roots: 0.55ms
[3712.587s][info][gc,phases      ] GC(889)   Evacuate Collection Set: 117.12ms
[3712.587s][info][gc,phases      ] GC(889)   Post Evacuate Collection Set: 0.90ms
[3712.587s][info][gc,phases      ] GC(889)   Other: 0.09ms
[3712.588s][info][gc,heap        ] GC(889) Eden regions: 1115->0(1107)
[3712.588s][info][gc,heap        ] GC(889) Survivor regions: 113->111(154)
[3712.588s][info][gc,heap        ] GC(889) Old regions: 503->536
[3712.588s][info][gc,heap        ] GC(889) Humongous regions: 80->80
[3712.588s][info][gc,metaspace   ] GC(889) Metaspace: 28894K(29312K)->28894K(29312K) NonClass: 24026K(24256K)->24026K(24256K) Class: 4868K(5056K)->4868K(5056K)
[3712.588s][info][gc             ] GC(889) Pause Young (Prepare Mixed) (G1 Evacuation Pause) 3620M->1450M(4096M) 119.108ms
[3712.588s][info][gc,cpu         ] GC(889) User=0.70s Sys=0.00s Real=0.12s
...[3715.347s][info][gc,start       ] GC(890) Pause Young (Mixed) (G1 Evacuation Pause)
[3715.347s][info][gc,task        ] GC(890) Using 6 workers of 6 for evacuation
[3715.478s][info][gc,phases      ] GC(890)   Pre Evacuate Collection Set: 0.36ms
[3715.478s][info][gc,phases      ] GC(890)   Merge Heap Roots: 0.66ms
[3715.478s][info][gc,phases      ] GC(890)   Evacuate Collection Set: 128.75ms
[3715.478s][info][gc,phases      ] GC(890)   Post Evacuate Collection Set: 0.95ms
[3715.478s][info][gc,phases      ] GC(890)   Other: 0.09ms
[3715.478s][info][gc,heap        ] GC(890) Eden regions: 1107->0(1119)
[3715.478s][info][gc,heap        ] GC(890) Survivor regions: 111->109(153)
[3715.478s][info][gc,heap        ] GC(890) Old regions: 536->473
[3715.478s][info][gc,heap        ] GC(890) Humongous regions: 80->80
[3715.478s][info][gc,metaspace   ] GC(890) Metaspace: 28894K(29312K)->28894K(29312K) NonClass: 24026K(24256K)->24026K(24256K) Class: 4868K(5056K)->4868K(5056K)
[3715.478s][info][gc             ] GC(890) Pause Young (Mixed) (G1 Evacuation Pause) 3664M->1320M(4096M) 130.932ms
[3715.478s][info][gc,cpu         ] GC(890) User=0.78s Sys=0.00s Real=0.13s
...[3718.281s][info][gc,start       ] GC(891) Pause Young (Concurrent Start) (G1 Evacuation Pause)
[3718.281s][info][gc,task        ] GC(891) Using 6 workers of 6 for evacuation
[3718.400s][info][gc,phases      ] GC(891)   Pre Evacuate Collection Set: 0.33ms
[3718.400s][info][gc,phases      ] GC(891)   Merge Heap Roots: 0.51ms
[3718.400s][info][gc,phases      ] GC(891)   Evacuate Collection Set: 117.05ms
[3718.400s][info][gc,phases      ] GC(891)   Post Evacuate Collection Set: 0.88ms
[3718.400s][info][gc,phases      ] GC(891)   Other: 0.11ms
[3718.400s][info][gc,heap        ] GC(891) Eden regions: 1119->0(1117)
[3718.400s][info][gc,heap        ] GC(891) Survivor regions: 109->111(154)
[3718.400s][info][gc,heap        ] GC(891) Old regions: 473->504
[3718.400s][info][gc,heap        ] GC(891) Humongous regions: 80->80
[3718.400s][info][gc,metaspace   ] GC(891) Metaspace: 28894K(29312K)->28894K(29312K) NonClass: 24026K(24256K)->24026K(24256K) Class: 4868K(5056K)->4868K(5056K)
[3718.400s][info][gc             ] GC(891) Pause Young (Concurrent Start) (G1 Evacuation Pause) 3558M->1386M(4096M) 119.020ms
[3718.400s][info][gc             ] GC(892) Concurrent Mark Cycle
[3718.400s][info][gc,marking     ] GC(892) Concurrent Scan Root Regions
[3718.400s][info][gc,cpu         ] GC(891) User=0.70s Sys=0.00s Real=0.12s
[3718.530s][info][gc,marking     ] GC(892) Concurrent Scan Root Regions 130.059ms
[3718.530s][info][gc,marking     ] GC(892) Concurrent Mark
[3718.530s][info][gc,marking     ] GC(892) Concurrent Mark From Roots
[3718.530s][info][gc,task        ] GC(892) Using 2 workers of 2 for marking
.[3719.466s][info][gc,marking     ] GC(892) Concurrent Mark From Roots 935.943ms
[3719.466s][info][gc,marking     ] GC(892) Concurrent Preclean
[3719.466s][info][gc,marking     ] GC(892) Concurrent Preclean 0.114ms
[3719.468s][info][gc,start       ] GC(892) Pause Remark
[3719.474s][info][gc             ] GC(892) Pause Remark 2300M->2300M(4096M) 5.569ms
[3719.474s][info][gc,cpu         ] GC(892) User=0.03s Sys=0.00s Real=0.00s
[3719.474s][info][gc,marking     ] GC(892) Concurrent Mark 943.827ms
[3719.474s][info][gc,marking     ] GC(892) Concurrent Rebuild Remembered Sets and Scrub Regions
.[3719.793s][info][gc,marking     ] GC(892) Concurrent Rebuild Remembered Sets and Scrub Regions 318.632ms
[3719.793s][info][gc,start       ] GC(892) Pause Cleanup
[3719.793s][info][gc             ] GC(892) Pause Cleanup 2563M->2563M(4096M) 0.108ms
[3719.793s][info][gc,cpu         ] GC(892) User=0.00s Sys=0.00s Real=0.00s
[3719.793s][info][gc,marking     ] GC(892) Concurrent Clear Claimed Marks
[3719.793s][info][gc,marking     ] GC(892) Concurrent Clear Claimed Marks 0.030ms
[3719.793s][info][gc,marking     ] GC(892) Concurrent Cleanup for Next Mark
[3719.799s][info][gc,marking     ] GC(892) Concurrent Cleanup for Next Mark 6.060ms
[3719.799s][info][gc             ] GC(892) Concurrent Mark Cycle 1399.172ms
.[3721.173s][info][gc,start       ] GC(893) Pause Young (Prepare Mixed) (G1 Evacuation Pause)
[3721.173s][info][gc,task        ] GC(893) Using 6 workers of 6 for evacuation
[3721.292s][info][gc,phases      ] GC(893)   Pre Evacuate Collection Set: 0.34ms
[3721.292s][info][gc,phases      ] GC(893)   Merge Heap Roots: 0.58ms
[3721.292s][info][gc,phases      ] GC(893)   Evacuate Collection Set: 116.87ms
[3721.292s][info][gc,phases      ] GC(893)   Post Evacuate Collection Set: 0.94ms
[3721.292s][info][gc,phases      ] GC(893)   Other: 0.09ms
[3721.292s][info][gc,heap        ] GC(893) Eden regions: 1117->0(1109)
[3721.292s][info][gc,heap        ] GC(893) Survivor regions: 111->110(154)
[3721.292s][info][gc,heap        ] GC(893) Old regions: 504->536
[3721.292s][info][gc,heap        ] GC(893) Humongous regions: 80->80
[3721.292s][info][gc,metaspace   ] GC(893) Metaspace: 28894K(29312K)->28894K(29312K) NonClass: 24026K(24256K)->24026K(24256K) Class: 4868K(5056K)->4868K(5056K)
[3721.292s][info][gc             ] GC(893) Pause Young (Prepare Mixed) (G1 Evacuation Pause) 3620M->1449M(4096M) 118.964ms
[3721.292s][info][gc,cpu         ] GC(893) User=0.70s Sys=0.00s Real=0.12s
...[3724.069s][info][gc,start       ] GC(894) Pause Young (Mixed) (G1 Evacuation Pause)
[3724.069s][info][gc,task        ] GC(894) Using 6 workers of 6 for evacuation
[3724.210s][info][gc,phases      ] GC(894)   Pre Evacuate Collection Set: 0.38ms
[3724.210s][info][gc,phases      ] GC(894)   Merge Heap Roots: 0.76ms
[3724.210s][info][gc,phases      ] GC(894)   Evacuate Collection Set: 138.39ms
[3724.210s][info][gc,phases      ] GC(894)   Post Evacuate Collection Set: 0.92ms
[3724.210s][info][gc,phases      ] GC(894)   Other: 0.09ms
[3724.210s][info][gc,heap        ] GC(894) Eden regions: 1109->0(1116)
[3724.210s][info][gc,heap        ] GC(894) Survivor regions: 110->112(153)
[3724.210s][info][gc,heap        ] GC(894) Old regions: 536->473
[3724.210s][info][gc,heap        ] GC(894) Humongous regions: 80->80
[3724.210s][info][gc,metaspace   ] GC(894) Metaspace: 28894K(29312K)->28894K(29312K) NonClass: 24026K(24256K)->24026K(24256K) Class: 4868K(5056K)->4868K(5056K)
[3724.210s][info][gc             ] GC(894) Pause Young (Mixed) (G1 Evacuation Pause) 3667M->1326M(4096M) 140.682ms
[3724.210s][info][gc,cpu         ] GC(894) User=0.84s Sys=0.00s Real=0.14s
...[3726.911s][info][gc,start       ] GC(895) Pause Young (Concurrent Start) (G1 Evacuation Pause)
[3726.912s][info][gc,task        ] GC(895) Using 6 workers of 6 for evacuation
[3727.027s][info][gc,phases      ] GC(895)   Pre Evacuate Collection Set: 0.39ms
[3727.027s][info][gc,phases      ] GC(895)   Merge Heap Roots: 0.44ms
[3727.027s][info][gc,phases      ] GC(895)   Evacuate Collection Set: 113.52ms
[3727.027s][info][gc,phases      ] GC(895)   Post Evacuate Collection Set: 0.86ms
[3727.027s][info][gc,phases      ] GC(895)   Other: 0.11ms
[3727.027s][info][gc,heap        ] GC(895) Eden regions: 1116->0(1120)
[3727.027s][info][gc,heap        ] GC(895) Survivor regions: 112->108(154)
[3727.027s][info][gc,heap        ] GC(895) Old regions: 473->505
[3727.027s][info][gc,heap        ] GC(895) Humongous regions: 80->80
[3727.027s][info][gc,metaspace   ] GC(895) Metaspace: 28894K(29312K)->28894K(29312K) NonClass: 24026K(24256K)->24026K(24256K) Class: 4868K(5056K)->4868K(5056K)
[3727.027s][info][gc             ] GC(895) Pause Young (Concurrent Start) (G1 Evacuation Pause) 3558M->1383M(4096M) 115.453ms
[3727.027s][info][gc             ] GC(896) Concurrent Mark Cycle
[3727.027s][info][gc,marking     ] GC(896) Concurrent Scan Root Regions
[3727.027s][info][gc,cpu         ] GC(895) User=0.69s Sys=0.00s Real=0.12s
[3727.195s][info][gc,marking     ] GC(896) Concurrent Scan Root Regions 168.170ms
[3727.195s][info][gc,marking     ] GC(896) Concurrent Mark
[3727.195s][info][gc,marking     ] GC(896) Concurrent Mark From Roots
[3727.195s][info][gc,task        ] GC(896) Using 2 workers of 2 for marking
.[3727.845s][info][gc,marking     ] GC(896) Concurrent Mark From Roots 649.847ms
[3727.845s][info][gc,marking     ] GC(896) Concurrent Preclean
[3727.845s][info][gc,marking     ] GC(896) Concurrent Preclean 0.108ms
[3727.845s][info][gc,start       ] GC(896) Pause Remark
[3727.850s][info][gc             ] GC(896) Pause Remark 2024M->2024M(4096M) 4.996ms
[3727.851s][info][gc,cpu         ] GC(896) User=0.03s Sys=0.00s Real=0.00s
[3727.851s][info][gc,marking     ] GC(896) Concurrent Mark 655.423ms
[3727.851s][info][gc,marking     ] GC(896) Concurrent Rebuild Remembered Sets and Scrub Regions
[3728.134s][info][gc,marking     ] GC(896) Concurrent Rebuild Remembered Sets and Scrub Regions 283.388ms
[3728.134s][info][gc,start       ] GC(896) Pause Cleanup
[3728.134s][info][gc             ] GC(896) Pause Cleanup 2266M->2266M(4096M) 0.119ms
[3728.134s][info][gc,cpu         ] GC(896) User=0.00s Sys=0.00s Real=0.00s
[3728.134s][info][gc,marking     ] GC(896) Concurrent Clear Claimed Marks
[3728.134s][info][gc,marking     ] GC(896) Concurrent Clear Claimed Marks 0.019ms
[3728.134s][info][gc,marking     ] GC(896) Concurrent Cleanup for Next Mark
[3728.138s][info][gc,marking     ] GC(896) Concurrent Cleanup for Next Mark 3.841ms
[3728.138s][info][gc             ] GC(896) Concurrent Mark Cycle 1111.291ms
..[3729.879s][info][gc,start       ] GC(897) Pause Young (Prepare Mixed) (G1 Evacuation Pause)
[3729.879s][info][gc,task        ] GC(897) Using 6 workers of 6 for evacuation
[3729.998s][info][gc,phases      ] GC(897)   Pre Evacuate Collection Set: 0.32ms
[3729.999s][info][gc,phases      ] GC(897)   Merge Heap Roots: 0.58ms
[3729.999s][info][gc,phases      ] GC(897)   Evacuate Collection Set: 117.19ms
[3729.999s][info][gc,phases      ] GC(897)   Post Evacuate Collection Set: 0.96ms
[3729.999s][info][gc,phases      ] GC(897)   Other: 0.10ms
[3729.999s][info][gc,heap        ] GC(897) Eden regions: 1120->0(1108)
[3729.999s][info][gc,heap        ] GC(897) Survivor regions: 108->110(154)
[3729.999s][info][gc,heap        ] GC(897) Old regions: 505->537
[3729.999s][info][gc,heap        ] GC(897) Humongous regions: 80->80
[3729.999s][info][gc,metaspace   ] GC(897) Metaspace: 28894K(29312K)->28894K(29312K) NonClass: 24026K(24256K)->24026K(24256K) Class: 4868K(5056K)->4868K(5056K)
[3729.999s][info][gc             ] GC(897) Pause Young (Prepare Mixed) (G1 Evacuation Pause) 3623M->1451M(4096M) 119.315ms
[3729.999s][info][gc,cpu         ] GC(897) User=0.71s Sys=0.00s Real=0.12s
..[3732.720s][info][gc,start       ] GC(898) Pause Young (Mixed) (G1 Evacuation Pause)
[3732.720s][info][gc,task        ] GC(898) Using 6 workers of 6 for evacuation
[3732.854s][info][gc,phases      ] GC(898)   Pre Evacuate Collection Set: 0.35ms
[3732.854s][info][gc,phases      ] GC(898)   Merge Heap Roots: 0.85ms
[3732.854s][info][gc,phases      ] GC(898)   Evacuate Collection Set: 132.00ms
[3732.854s][info][gc,phases      ] GC(898)   Post Evacuate Collection Set: 0.90ms
[3732.854s][info][gc,phases      ] GC(898)   Other: 0.09ms
[3732.854s][info][gc,heap        ] GC(898) Eden regions: 1108->0(1121)
[3732.854s][info][gc,heap        ] GC(898) Survivor regions: 110->107(153)
[3732.854s][info][gc,heap        ] GC(898) Old regions: 537->472
[3732.854s][info][gc,heap        ] GC(898) Humongous regions: 80->80
[3732.854s][info][gc,metaspace   ] GC(898) Metaspace: 28894K(29312K)->28894K(29312K) NonClass: 24026K(24256K)->24026K(24256K) Class: 4868K(5056K)->4868K(5056K)
[3732.854s][info][gc             ] GC(898) Pause Young (Mixed) (G1 Evacuation Pause) 3667M->1316M(4096M) 134.325ms
[3732.854s][info][gc,cpu         ] GC(898) User=0.80s Sys=0.00s Real=0.14s
...[3735.619s][info][gc,start       ] GC(899) Pause Young (Concurrent Start) (G1 Evacuation Pause)
[3735.619s][info][gc,task        ] GC(899) Using 6 workers of 6 for evacuation
[3735.741s][info][gc,phases      ] GC(899)   Pre Evacuate Collection Set: 0.41ms
[3735.741s][info][gc,phases      ] GC(899)   Merge Heap Roots: 0.52ms
[3735.741s][info][gc,phases      ] GC(899)   Evacuate Collection Set: 119.74ms
[3735.741s][info][gc,phases      ] GC(899)   Post Evacuate Collection Set: 0.84ms
[3735.741s][info][gc,phases      ] GC(899)   Other: 0.13ms
[3735.741s][info][gc,heap        ] GC(899) Eden regions: 1121->0(1116)
[3735.741s][info][gc,heap        ] GC(899) Survivor regions: 107->112(154)
[3735.741s][info][gc,heap        ] GC(899) Old regions: 472->505
[3735.741s][info][gc,heap        ] GC(899) Humongous regions: 80->80
[3735.741s][info][gc,metaspace   ] GC(899) Metaspace: 28894K(29312K)->28894K(29312K) NonClass: 24026K(24256K)->24026K(24256K) Class: 4868K(5056K)->4868K(5056K)
[3735.741s][info][gc             ] GC(899) Pause Young (Concurrent Start) (G1 Evacuation Pause) 3558M->1391M(4096M) 121.765ms
[3735.741s][info][gc             ] GC(900) Concurrent Mark Cycle
[3735.741s][info][gc,marking     ] GC(900) Concurrent Scan Root Regions
[3735.741s][info][gc,cpu         ] GC(899) User=0.72s Sys=0.00s Real=0.12s
[3735.914s][info][gc,marking     ] GC(900) Concurrent Scan Root Regions 172.803ms
[3735.914s][info][gc,marking     ] GC(900) Concurrent Mark
[3735.914s][info][gc,marking     ] GC(900) Concurrent Mark From Roots
[3735.914s][info][gc,task        ] GC(900) Using 2 workers of 2 for marking
.[3736.780s][info][gc,marking     ] GC(900) Concurrent Mark From Roots 865.831ms
[3736.780s][info][gc,marking     ] GC(900) Concurrent Preclean
[3736.780s][info][gc,marking     ] GC(900) Concurrent Preclean 0.085ms
[3736.780s][info][gc,start       ] GC(900) Pause Remark
[3736.785s][info][gc             ] GC(900) Pause Remark 2282M->2282M(4096M) 5.637ms
[3736.785s][info][gc,cpu         ] GC(900) User=0.03s Sys=0.00s Real=0.01s
[3736.785s][info][gc,marking     ] GC(900) Concurrent Mark 871.819ms
[3736.786s][info][gc,marking     ] GC(900) Concurrent Rebuild Remembered Sets and Scrub Regions
.[3737.076s][info][gc,marking     ] GC(900) Concurrent Rebuild Remembered Sets and Scrub Regions 290.010ms
[3737.076s][info][gc,start       ] GC(900) Pause Cleanup
[3737.076s][info][gc             ] GC(900) Pause Cleanup 2503M->2503M(4096M) 0.113ms
[3737.076s][info][gc,cpu         ] GC(900) User=0.00s Sys=0.00s Real=0.00s
[3737.076s][info][gc,marking     ] GC(900) Concurrent Clear Claimed Marks
[3737.076s][info][gc,marking     ] GC(900) Concurrent Clear Claimed Marks 0.021ms
[3737.076s][info][gc,marking     ] GC(900) Concurrent Cleanup for Next Mark
[3737.079s][info][gc,marking     ] GC(900) Concurrent Cleanup for Next Mark 3.225ms
[3737.079s][info][gc             ] GC(900) Concurrent Mark Cycle 1338.288ms
.[3738.520s][info][gc,start       ] GC(901) Pause Young (Prepare Mixed) (G1 Evacuation Pause)
[3738.520s][info][gc,task        ] GC(901) Using 6 workers of 6 for evacuation
[3738.643s][info][gc,phases      ] GC(901)   Pre Evacuate Collection Set: 0.35ms
[3738.643s][info][gc,phases      ] GC(901)   Merge Heap Roots: 0.51ms
[3738.643s][info][gc,phases      ] GC(901)   Evacuate Collection Set: 120.97ms
[3738.643s][info][gc,phases      ] GC(901)   Post Evacuate Collection Set: 0.90ms
[3738.643s][info][gc,phases      ] GC(901)   Other: 0.08ms
[3738.643s][info][gc,heap        ] GC(901) Eden regions: 1116->0(1099)
[3738.643s][info][gc,heap        ] GC(901) Survivor regions: 112->115(154)
[3738.643s][info][gc,heap        ] GC(901) Old regions: 505->536
[3738.643s][info][gc,heap        ] GC(901) Humongous regions: 80->80
[3738.643s][info][gc,metaspace   ] GC(901) Metaspace: 28894K(29312K)->28894K(29312K) NonClass: 24026K(24256K)->24026K(24256K) Class: 4868K(5056K)->4868K(5056K)
[3738.643s][info][gc             ] GC(901) Pause Young (Prepare Mixed) (G1 Evacuation Pause) 3623M->1460M(4096M) 122.943ms
[3738.643s][info][gc,cpu         ] GC(901) User=0.73s Sys=0.00s Real=0.12s
...[3741.426s][info][gc,start       ] GC(902) Pause Young (Mixed) (G1 Evacuation Pause)
[3741.426s][info][gc,task        ] GC(902) Using 6 workers of 6 for evacuation
[3741.559s][info][gc,phases      ] GC(902)   Pre Evacuate Collection Set: 0.36ms
[3741.559s][info][gc,phases      ] GC(902)   Merge Heap Roots: 0.73ms
[3741.559s][info][gc,phases      ] GC(902)   Evacuate Collection Set: 131.43ms
[3741.559s][info][gc,phases      ] GC(902)   Post Evacuate Collection Set: 0.93ms
[3741.559s][info][gc,phases      ] GC(902)   Other: 0.08ms
[3741.559s][info][gc,heap        ] GC(902) Eden regions: 1099->0(1117)
[3741.559s][info][gc,heap        ] GC(902) Survivor regions: 115->111(152)
[3741.559s][info][gc,heap        ] GC(902) Old regions: 536->473
[3741.559s][info][gc,heap        ] GC(902) Humongous regions: 80->80
[3741.559s][info][gc,metaspace   ] GC(902) Metaspace: 28894K(29312K)->28894K(29312K) NonClass: 24026K(24256K)->24026K(24256K) Class: 4868K(5056K)->4868K(5056K)
[3741.559s][info][gc             ] GC(902) Pause Young (Mixed) (G1 Evacuation Pause) 3658M->1324M(4096M) 133.655ms
[3741.559s][info][gc,cpu         ] GC(902) User=0.80s Sys=0.00s Real=0.13s
. (rIR:aIR:PR = 6503:6502:6502) (tPR = 96766) [OK] 
  3741s: Performance info:
         Transaction,    Success,    Partial,     Failed,   Receipts, AvgBarcode, 
             Overall,     394031,          0,          0,     374326,      59.48, 
         Response times:
             Request,    Success,    Partial,     Failed,   SkipFail,     Probes,    Samples,      min,      p50,      p90,      p95,      p99,      max, 
       TotalPurchase,     374326,          0,          0,          0,     362919,     388580,      300,     5300,    29000,    67000,   154000,   327000,
     InStorePurchase,     196964,          0,          0,          0,     190684,     203897,      300,     5100,    29000,    67000,   157000,   327000,
      OnlinePurchase,     137915,          0,          0,          0,     134177,     143680,      300,     5500,    30000,    68000,   152000,   327000,
        InstPurchase,      39447,          0,          0,          0,      38058,      41003,      400,     5200,    28000,    65000,   156000,   285000,
          AssocOfCat,        394,          0,          0,          0,        312,        400,    23000,    39000,   116700,   159900,   209940,   308000,
      AssocOfProduct,       3936,          0,          0,          0,       3653,       4096,     1200,     6300,    33000,    69000,   150000,   234000,
      BusinessReport,        988,          0,          0,          0,        853,       1033,    30000,    45000,   108000,   162000,   236620,   531000,
          CustBuyBeh,       3926,          0,          0,          0,       3662,       4117,      100,     4100,    25000,    54100,   144460,   235000,
       ProductReturn,      10460,          0,          0,          0,       9836,      10777,      200,     5600,    32000,    73000,   159000,   239000,

  3741s: (48%)   IR =   6642 ..[3744.289s][info][gc,start       ] GC(903) Pause Young (Concurrent Start) (G1 Evacuation Pause)
[3744.289s][info][gc,task        ] GC(903) Using 6 workers of 6 for evacuation
[3744.407s][info][gc,phases      ] GC(903)   Pre Evacuate Collection Set: 0.34ms
[3744.407s][info][gc,phases      ] GC(903)   Merge Heap Roots: 0.45ms
[3744.407s][info][gc,phases      ] GC(903)   Evacuate Collection Set: 115.81ms
[3744.407s][info][gc,phases      ] GC(903)   Post Evacuate Collection Set: 0.92ms
[3744.407s][info][gc,phases      ] GC(903)   Other: 0.11ms
[3744.407s][info][gc,heap        ] GC(903) Eden regions: 1117->0(1119)
[3744.407s][info][gc,heap        ] GC(903) Survivor regions: 111->109(154)
[3744.407s][info][gc,heap        ] GC(903) Old regions: 473->505
[3744.407s][info][gc,heap        ] GC(903) Humongous regions: 80->80
[3744.407s][info][gc,metaspace   ] GC(903) Metaspace: 28894K(29312K)->28894K(29312K) NonClass: 24026K(24256K)->24026K(24256K) Class: 4868K(5056K)->4868K(5056K)
[3744.407s][info][gc             ] GC(903) Pause Young (Concurrent Start) (G1 Evacuation Pause) 3558M->1386M(4096M) 117.763ms
[3744.407s][info][gc             ] GC(904) Concurrent Mark Cycle
[3744.407s][info][gc,marking     ] GC(904) Concurrent Scan Root Regions
[3744.407s][info][gc,cpu         ] GC(903) User=0.70s Sys=0.00s Real=0.12s
[3744.576s][info][gc,marking     ] GC(904) Concurrent Scan Root Regions 168.775ms
[3744.576s][info][gc,marking     ] GC(904) Concurrent Mark
[3744.576s][info][gc,marking     ] GC(904) Concurrent Mark From Roots
[3744.576s][info][gc,task        ] GC(904) Using 2 workers of 2 for marking
.[3745.509s][info][gc,marking     ] GC(904) Concurrent Mark From Roots 933.211ms
[3745.509s][info][gc,marking     ] GC(904) Concurrent Preclean
[3745.509s][info][gc,marking     ] GC(904) Concurrent Preclean 0.131ms
[3745.510s][info][gc,start       ] GC(904) Pause Remark
[3745.516s][info][gc             ] GC(904) Pause Remark 2336M->2336M(4096M) 5.949ms
[3745.516s][info][gc,cpu         ] GC(904) User=0.03s Sys=0.01s Real=0.01s
[3745.516s][info][gc,marking     ] GC(904) Concurrent Mark 940.533ms
[3745.516s][info][gc,marking     ] GC(904) Concurrent Rebuild Remembered Sets and Scrub Regions
[3745.825s][info][gc,marking     ] GC(904) Concurrent Rebuild Remembered Sets and Scrub Regions 308.418ms
[3745.825s][info][gc,start       ] GC(904) Pause Cleanup
[3745.825s][info][gc             ] GC(904) Pause Cleanup 2605M->2605M(4096M) 0.106ms
[3745.825s][info][gc,cpu         ] GC(904) User=0.00s Sys=0.00s Real=0.00s
[3745.825s][info][gc,marking     ] GC(904) Concurrent Clear Claimed Marks
[3745.825s][info][gc,marking     ] GC(904) Concurrent Clear Claimed Marks 0.022ms
[3745.825s][info][gc,marking     ] GC(904) Concurrent Cleanup for Next Mark
[3745.830s][info][gc,marking     ] GC(904) Concurrent Cleanup for Next Mark 5.090ms
[3745.830s][info][gc             ] GC(904) Concurrent Mark Cycle 1423.264ms
..|[3747.119s][info][gc,start       ] GC(905) Pause Young (Prepare Mixed) (G1 Evacuation Pause)
[3747.119s][info][gc,task        ] GC(905) Using 6 workers of 6 for evacuation
[3747.235s][info][gc,phases      ] GC(905)   Pre Evacuate Collection Set: 0.32ms
[3747.235s][info][gc,phases      ] GC(905)   Merge Heap Roots: 0.49ms
[3747.235s][info][gc,phases      ] GC(905)   Evacuate Collection Set: 113.66ms
[3747.235s][info][gc,phases      ] GC(905)   Post Evacuate Collection Set: 0.91ms
[3747.235s][info][gc,phases      ] GC(905)   Other: 0.10ms
[3747.235s][info][gc,heap        ] GC(905) Eden regions: 1119->0(1108)
[3747.235s][info][gc,heap        ] GC(905) Survivor regions: 109->110(154)
[3747.235s][info][gc,heap        ] GC(905) Old regions: 505->537
[3747.235s][info][gc,heap        ] GC(905) Humongous regions: 80->80
[3747.235s][info][gc,metaspace   ] GC(905) Metaspace: 28894K(29312K)->28894K(29312K) NonClass: 24026K(24256K)->24026K(24256K) Class: 4868K(5056K)->4868K(5056K)
[3747.235s][info][gc             ] GC(905) Pause Young (Prepare Mixed) (G1 Evacuation Pause) 3624M->1451M(4096M) 115.612ms
[3747.235s][info][gc,cpu         ] GC(905) User=0.69s Sys=0.00s Real=0.12s
..[3749.948s][info][gc,start       ] GC(906) Pause Young (Mixed) (G1 Evacuation Pause)
[3749.949s][info][gc,task        ] GC(906) Using 6 workers of 6 for evacuation
[3750.079s][info][gc,phases      ] GC(906)   Pre Evacuate Collection Set: 0.38ms
[3750.079s][info][gc,phases      ] GC(906)   Merge Heap Roots: 0.64ms
[3750.079s][info][gc,phases      ] GC(906)   Evacuate Collection Set: 128.65ms
[3750.079s][info][gc,phases      ] GC(906)   Post Evacuate Collection Set: 0.95ms
[3750.079s][info][gc,phases      ] GC(906)   Other: 0.09ms
[3750.079s][info][gc,heap        ] GC(906) Eden regions: 1108->0(1120)
[3750.079s][info][gc,heap        ] GC(906) Survivor regions: 110->108(153)
[3750.079s][info][gc,heap        ] GC(906) Old regions: 537->473
[3750.079s][info][gc,heap        ] GC(906) Humongous regions: 80->80
[3750.079s][info][gc,metaspace   ] GC(906) Metaspace: 28894K(29312K)->28894K(29312K) NonClass: 24026K(24256K)->24026K(24256K) Class: 4868K(5056K)->4868K(5056K)
[3750.079s][info][gc             ] GC(906) Pause Young (Mixed) (G1 Evacuation Pause) 3667M->1319M(4096M) 130.839ms
[3750.079s][info][gc,cpu         ] GC(906) User=0.78s Sys=0.00s Real=0.13s
...[3752.782s][info][gc,start       ] GC(907) Pause Young (Concurrent Start) (G1 Evacuation Pause)
[3752.782s][info][gc,task        ] GC(907) Using 6 workers of 6 for evacuation
[3752.897s][info][gc,phases      ] GC(907)   Pre Evacuate Collection Set: 0.40ms
[3752.897s][info][gc,phases      ] GC(907)   Merge Heap Roots: 0.50ms
[3752.897s][info][gc,phases      ] GC(907)   Evacuate Collection Set: 113.10ms
[3752.897s][info][gc,phases      ] GC(907)   Post Evacuate Collection Set: 0.87ms
[3752.897s][info][gc,phases      ] GC(907)   Other: 0.12ms
[3752.897s][info][gc,heap        ] GC(907) Eden regions: 1120->0(1120)
[3752.897s][info][gc,heap        ] GC(907) Survivor regions: 108->108(154)
[3752.897s][info][gc,heap        ] GC(907) Old regions: 473->505
[3752.897s][info][gc,heap        ] GC(907) Humongous regions: 80->80
[3752.897s][info][gc,metaspace   ] GC(907) Metaspace: 28894K(29312K)->28894K(29312K) NonClass: 24026K(24256K)->24026K(24256K) Class: 4868K(5056K)->4868K(5056K)
[3752.897s][info][gc             ] GC(907) Pause Young (Concurrent Start) (G1 Evacuation Pause) 3559M->1382M(4096M) 115.117ms
[3752.897s][info][gc             ] GC(908) Concurrent Mark Cycle
[3752.897s][info][gc,marking     ] GC(908) Concurrent Scan Root Regions
[3752.897s][info][gc,cpu         ] GC(907) User=0.68s Sys=0.00s Real=0.12s
[3753.058s][info][gc,marking     ] GC(908) Concurrent Scan Root Regions 160.520ms
[3753.058s][info][gc,marking     ] GC(908) Concurrent Mark
[3753.058s][info][gc,marking     ] GC(908) Concurrent Mark From Roots
[3753.058s][info][gc,task        ] GC(908) Using 2 workers of 2 for marking
.[3753.744s][info][gc,marking     ] GC(908) Concurrent Mark From Roots 686.065ms
[3753.744s][info][gc,marking     ] GC(908) Concurrent Preclean
[3753.744s][info][gc,marking     ] GC(908) Concurrent Preclean 0.150ms
[3753.746s][info][gc,start       ] GC(908) Pause Remark
[3753.752s][info][gc             ] GC(908) Pause Remark 2132M->2132M(4096M) 5.704ms
[3753.752s][info][gc,cpu         ] GC(908) User=0.03s Sys=0.00s Real=0.00s
[3753.752s][info][gc,marking     ] GC(908) Concurrent Mark 694.309ms
[3753.752s][info][gc,marking     ] GC(908) Concurrent Rebuild Remembered Sets and Scrub Regions
[3754.036s][info][gc,marking     ] GC(908) Concurrent Rebuild Remembered Sets and Scrub Regions 283.498ms
[3754.036s][info][gc,start       ] GC(908) Pause Cleanup
[3754.036s][info][gc             ] GC(908) Pause Cleanup 2324M->2324M(4096M) 0.106ms
[3754.036s][info][gc,cpu         ] GC(908) User=0.00s Sys=0.00s Real=0.00s
[3754.036s][info][gc,marking     ] GC(908) Concurrent Clear Claimed Marks
[3754.036s][info][gc,marking     ] GC(908) Concurrent Clear Claimed Marks 0.022ms
[3754.036s][info][gc,marking     ] GC(908) Concurrent Cleanup for Next Mark
[3754.040s][info][gc,marking     ] GC(908) Concurrent Cleanup for Next Mark 4.301ms
[3754.040s][info][gc             ] GC(908) Concurrent Mark Cycle 1143.080ms
..[3755.642s][info][gc,start       ] GC(909) Pause Young (Prepare Mixed) (G1 Evacuation Pause)
[3755.642s][info][gc,task        ] GC(909) Using 6 workers of 6 for evacuation
[3755.761s][info][gc,phases      ] GC(909)   Pre Evacuate Collection Set: 0.31ms
[3755.761s][info][gc,phases      ] GC(909)   Merge Heap Roots: 0.53ms
[3755.761s][info][gc,phases      ] GC(909)   Evacuate Collection Set: 116.60ms
[3755.761s][info][gc,phases      ] GC(909)   Post Evacuate Collection Set: 0.93ms
[3755.761s][info][gc,phases      ] GC(909)   Other: 0.11ms
[3755.761s][info][gc,heap        ] GC(909) Eden regions: 1120->0(1105)
[3755.761s][info][gc,heap        ] GC(909) Survivor regions: 108->112(154)
[3755.761s][info][gc,heap        ] GC(909) Old regions: 505->536
[3755.761s][info][gc,heap        ] GC(909) Humongous regions: 80->80
[3755.761s][info][gc,metaspace   ] GC(909) Metaspace: 28894K(29312K)->28894K(29312K) NonClass: 24026K(24256K)->24026K(24256K) Class: 4868K(5056K)->4868K(5056K)
[3755.761s][info][gc             ] GC(909) Pause Young (Prepare Mixed) (G1 Evacuation Pause) 3622M->1453M(4096M) 118.618ms
[3755.761s][info][gc,cpu         ] GC(909) User=0.71s Sys=0.00s Real=0.12s
...[3758.484s][info][gc,start       ] GC(910) Pause Young (Mixed) (G1 Evacuation Pause)
[3758.484s][info][gc,task        ] GC(910) Using 6 workers of 6 for evacuation
[3758.620s][info][gc,phases      ] GC(910)   Pre Evacuate Collection Set: 0.38ms
[3758.620s][info][gc,phases      ] GC(910)   Merge Heap Roots: 0.70ms
[3758.620s][info][gc,phases      ] GC(910)   Evacuate Collection Set: 134.10ms
[3758.620s][info][gc,phases      ] GC(910)   Post Evacuate Collection Set: 0.94ms
[3758.620s][info][gc,phases      ] GC(910)   Other: 0.09ms
[3758.620s][info][gc,heap        ] GC(910) Eden regions: 1105->0(1118)
[3758.620s][info][gc,heap        ] GC(910) Survivor regions: 112->110(153)
[3758.620s][info][gc,heap        ] GC(910) Old regions: 536->472
[3758.620s][info][gc,heap        ] GC(910) Humongous regions: 80->80
[3758.620s][info][gc,metaspace   ] GC(910) Metaspace: 28894K(29312K)->28894K(29312K) NonClass: 24026K(24256K)->24026K(24256K) Class: 4868K(5056K)->4868K(5056K)
[3758.620s][info][gc             ] GC(910) Pause Young (Mixed) (G1 Evacuation Pause) 3663M->1321M(4096M) 136.334ms
[3758.620s][info][gc,cpu         ] GC(910) User=0.81s Sys=0.00s Real=0.14s
...[3761.346s][info][gc,start       ] GC(911) Pause Young (Concurrent Start) (G1 Evacuation Pause)
[3761.346s][info][gc,task        ] GC(911) Using 6 workers of 6 for evacuation
[3761.463s][info][gc,phases      ] GC(911)   Pre Evacuate Collection Set: 0.38ms
[3761.463s][info][gc,phases      ] GC(911)   Merge Heap Roots: 0.48ms
[3761.463s][info][gc,phases      ] GC(911)   Evacuate Collection Set: 114.72ms
[3761.463s][info][gc,phases      ] GC(911)   Post Evacuate Collection Set: 0.85ms
[3761.463s][info][gc,phases      ] GC(911)   Other: 0.12ms
[3761.463s][info][gc,heap        ] GC(911) Eden regions: 1118->0(1118)
[3761.463s][info][gc,heap        ] GC(911) Survivor regions: 110->110(154)
[3761.463s][info][gc,heap        ] GC(911) Old regions: 472->504
[3761.463s][info][gc,heap        ] GC(911) Humongous regions: 80->80
[3761.463s][info][gc,metaspace   ] GC(911) Metaspace: 28894K(29312K)->28894K(29312K) NonClass: 24026K(24256K)->24026K(24256K) Class: 4868K(5056K)->4868K(5056K)
[3761.463s][info][gc             ] GC(911) Pause Young (Concurrent Start) (G1 Evacuation Pause) 3557M->1384M(4096M) 116.687ms
[3761.463s][info][gc             ] GC(912) Concurrent Mark Cycle
[3761.463s][info][gc,marking     ] GC(912) Concurrent Scan Root Regions
[3761.463s][info][gc,cpu         ] GC(911) User=0.69s Sys=0.00s Real=0.11s
[3761.575s][info][gc,marking     ] GC(912) Concurrent Scan Root Regions 112.295ms
[3761.575s][info][gc,marking     ] GC(912) Concurrent Mark
[3761.575s][info][gc,marking     ] GC(912) Concurrent Mark From Roots
[3761.575s][info][gc,task        ] GC(912) Using 2 workers of 2 for marking
[3762.173s][info][gc,marking     ] GC(912) Concurrent Mark From Roots 597.608ms
[3762.173s][info][gc,marking     ] GC(912) Concurrent Preclean
[3762.173s][info][gc,marking     ] GC(912) Concurrent Preclean 0.149ms
[3762.174s][info][gc,start       ] GC(912) Pause Remark
[3762.177s][info][gc             ] GC(912) Pause Remark 1940M->1940M(4096M) 2.862ms
[3762.177s][info][gc,cpu         ] GC(912) User=0.01s Sys=0.00s Real=0.01s
[3762.178s][info][gc,marking     ] GC(912) Concurrent Mark 603.047ms
[3762.178s][info][gc,marking     ] GC(912) Concurrent Rebuild Remembered Sets and Scrub Regions
.[3762.471s][info][gc,marking     ] GC(912) Concurrent Rebuild Remembered Sets and Scrub Regions 292.335ms
[3762.472s][info][gc,start       ] GC(912) Pause Cleanup
[3762.472s][info][gc             ] GC(912) Pause Cleanup 2202M->2202M(4096M) 0.119ms
[3762.472s][info][gc,cpu         ] GC(912) User=0.00s Sys=0.00s Real=0.00s
[3762.473s][info][gc,marking     ] GC(912) Concurrent Clear Claimed Marks
[3762.473s][info][gc,marking     ] GC(912) Concurrent Clear Claimed Marks 0.047ms
[3762.473s][info][gc,marking     ] GC(912) Concurrent Cleanup for Next Mark
[3762.481s][info][gc,marking     ] GC(912) Concurrent Cleanup for Next Mark 7.834ms
[3762.481s][info][gc             ] GC(912) Concurrent Mark Cycle 1018.277ms
.[3764.098s][info][gc,start       ] GC(913) Pause Young (Prepare Mixed) (G1 Evacuation Pause)
[3764.098s][info][gc,task        ] GC(913) Using 6 workers of 6 for evacuation
[3764.215s][info][gc,phases      ] GC(913)   Pre Evacuate Collection Set: 0.33ms
[3764.215s][info][gc,phases      ] GC(913)   Merge Heap Roots: 0.58ms
[3764.215s][info][gc,phases      ] GC(913)   Evacuate Collection Set: 114.85ms
[3764.215s][info][gc,phases      ] GC(913)   Post Evacuate Collection Set: 0.91ms
[3764.215s][info][gc,phases      ] GC(913)   Other: 0.09ms
[3764.215s][info][gc,heap        ] GC(913) Eden regions: 1118->0(1112)
[3764.215s][info][gc,heap        ] GC(913) Survivor regions: 110->109(154)
[3764.215s][info][gc,heap        ] GC(913) Old regions: 504->535
[3764.215s][info][gc,heap        ] GC(913) Humongous regions: 80->80
[3764.215s][info][gc,metaspace   ] GC(913) Metaspace: 28894K(29312K)->28894K(29312K) NonClass: 24026K(24256K)->24026K(24256K) Class: 4868K(5056K)->4868K(5056K)
[3764.215s][info][gc             ] GC(913) Pause Young (Prepare Mixed) (G1 Evacuation Pause) 3620M->1446M(4096M) 116.876ms
[3764.215s][info][gc,cpu         ] GC(913) User=0.70s Sys=0.00s Real=0.12s
...[3766.981s][info][gc,start       ] GC(914) Pause Young (Mixed) (G1 Evacuation Pause)
[3766.981s][info][gc,task        ] GC(914) Using 6 workers of 6 for evacuation
[3767.115s][info][gc,phases      ] GC(914)   Pre Evacuate Collection Set: 0.36ms
[3767.115s][info][gc,phases      ] GC(914)   Merge Heap Roots: 0.67ms
[3767.115s][info][gc,phases      ] GC(914)   Evacuate Collection Set: 131.97ms
[3767.115s][info][gc,phases      ] GC(914)   Post Evacuate Collection Set: 0.96ms
[3767.115s][info][gc,phases      ] GC(914)   Other: 0.09ms
[3767.115s][info][gc,heap        ] GC(914) Eden regions: 1112->0(1117)
[3767.115s][info][gc,heap        ] GC(914) Survivor regions: 109->111(153)
[3767.115s][info][gc,heap        ] GC(914) Old regions: 535->472
[3767.115s][info][gc,heap        ] GC(914) Humongous regions: 80->80
[3767.115s][info][gc,metaspace   ] GC(914) Metaspace: 28894K(29312K)->28894K(29312K) NonClass: 24026K(24256K)->24026K(24256K) Class: 4868K(5056K)->4868K(5056K)
[3767.115s][info][gc             ] GC(914) Pause Young (Mixed) (G1 Evacuation Pause) 3670M->1322M(4096M) 134.199ms
[3767.115s][info][gc,cpu         ] GC(914) User=0.80s Sys=0.00s Real=0.14s
...[3769.783s][info][gc,start       ] GC(915) Pause Young (Concurrent Start) (G1 Evacuation Pause)
[3769.783s][info][gc,task        ] GC(915) Using 6 workers of 6 for evacuation
[3769.906s][info][gc,phases      ] GC(915)   Pre Evacuate Collection Set: 0.32ms
[3769.906s][info][gc,phases      ] GC(915)   Merge Heap Roots: 0.44ms
[3769.906s][info][gc,phases      ] GC(915)   Evacuate Collection Set: 120.81ms
[3769.906s][info][gc,phases      ] GC(915)   Post Evacuate Collection Set: 0.88ms
[3769.906s][info][gc,phases      ] GC(915)   Other: 0.11ms
[3769.906s][info][gc,heap        ] GC(915) Eden regions: 1117->0(1115)
[3769.906s][info][gc,heap        ] GC(915) Survivor regions: 111->113(154)
[3769.906s][info][gc,heap        ] GC(915) Old regions: 472->503
[3769.906s][info][gc,heap        ] GC(915) Humongous regions: 80->80
[3769.906s][info][gc,metaspace   ] GC(915) Metaspace: 28894K(29312K)->28894K(29312K) NonClass: 24026K(24256K)->24026K(24256K) Class: 4868K(5056K)->4868K(5056K)
[3769.906s][info][gc             ] GC(915) Pause Young (Concurrent Start) (G1 Evacuation Pause) 3556M->1389M(4096M) 122.696ms
[3769.906s][info][gc             ] GC(916) Concurrent Mark Cycle
[3769.906s][info][gc,marking     ] GC(916) Concurrent Scan Root Regions
[3769.906s][info][gc,cpu         ] GC(915) User=0.74s Sys=0.00s Real=0.13s
[3770.027s][info][gc,marking     ] GC(916) Concurrent Scan Root Regions 121.154ms
[3770.027s][info][gc,marking     ] GC(916) Concurrent Mark
[3770.027s][info][gc,marking     ] GC(916) Concurrent Mark From Roots
[3770.027s][info][gc,task        ] GC(916) Using 2 workers of 2 for marking
.[3770.575s][info][gc,marking     ] GC(916) Concurrent Mark From Roots 548.520ms
[3770.575s][info][gc,marking     ] GC(916) Concurrent Preclean
[3770.576s][info][gc,marking     ] GC(916) Concurrent Preclean 0.093ms
[3770.577s][info][gc,start       ] GC(916) Pause Remark
[3770.581s][info][gc             ] GC(916) Pause Remark 1935M->1935M(4096M) 4.392ms
[3770.581s][info][gc,cpu         ] GC(916) User=0.02s Sys=0.00s Real=0.00s
[3770.581s][info][gc,marking     ] GC(916) Concurrent Mark 554.158ms
[3770.581s][info][gc,marking     ] GC(916) Concurrent Rebuild Remembered Sets and Scrub Regions
[3770.795s][info][gc,marking     ] GC(916) Concurrent Rebuild Remembered Sets and Scrub Regions 213.828ms
[3770.795s][info][gc,start       ] GC(916) Pause Cleanup
[3770.795s][info][gc             ] GC(916) Pause Cleanup 2117M->2117M(4096M) 0.109ms
[3770.795s][info][gc,cpu         ] GC(916) User=0.00s Sys=0.00s Real=0.00s
[3770.795s][info][gc,marking     ] GC(916) Concurrent Clear Claimed Marks
[3770.795s][info][gc,marking     ] GC(916) Concurrent Clear Claimed Marks 0.019ms
[3770.795s][info][gc,marking     ] GC(916) Concurrent Cleanup for Next Mark
[3770.800s][info][gc,marking     ] GC(916) Concurrent Cleanup for Next Mark 5.200ms
[3770.801s][info][gc             ] GC(916) Concurrent Mark Cycle 894.832ms
..[3772.636s][info][gc,start       ] GC(917) Pause Young (Prepare Mixed) (G1 Evacuation Pause)
[3772.636s][info][gc,task        ] GC(917) Using 6 workers of 6 for evacuation
[3772.756s][info][gc,phases      ] GC(917)   Pre Evacuate Collection Set: 0.34ms
[3772.756s][info][gc,phases      ] GC(917)   Merge Heap Roots: 0.53ms
[3772.756s][info][gc,phases      ] GC(917)   Evacuate Collection Set: 118.49ms
[3772.756s][info][gc,phases      ] GC(917)   Post Evacuate Collection Set: 0.95ms
[3772.756s][info][gc,phases      ] GC(917)   Other: 0.09ms
[3772.756s][info][gc,heap        ] GC(917) Eden regions: 1115->0(1104)
[3772.756s][info][gc,heap        ] GC(917) Survivor regions: 113->113(154)
[3772.756s][info][gc,heap        ] GC(917) Old regions: 503->535
[3772.756s][info][gc,heap        ] GC(917) Humongous regions: 80->80
[3772.756s][info][gc,metaspace   ] GC(917) Metaspace: 28894K(29312K)->28894K(29312K) NonClass: 24026K(24256K)->24026K(24256K) Class: 4868K(5056K)->4868K(5056K)
[3772.756s][info][gc             ] GC(917) Pause Young (Prepare Mixed) (G1 Evacuation Pause) 3619M->1453M(4096M) 120.540ms
[3772.756s][info][gc,cpu         ] GC(917) User=0.72s Sys=0.00s Real=0.12s
...[3775.497s][info][gc,start       ] GC(918) Pause Young (Mixed) (G1 Evacuation Pause)
[3775.497s][info][gc,task        ] GC(918) Using 6 workers of 6 for evacuation
[3775.631s][info][gc,phases      ] GC(918)   Pre Evacuate Collection Set: 0.35ms
[3775.631s][info][gc,phases      ] GC(918)   Merge Heap Roots: 0.74ms
[3775.631s][info][gc,phases      ] GC(918)   Evacuate Collection Set: 132.65ms
[3775.631s][info][gc,phases      ] GC(918)   Post Evacuate Collection Set: 0.92ms
[3775.631s][info][gc,phases      ] GC(918)   Other: 0.09ms
[3775.631s][info][gc,heap        ] GC(918) Eden regions: 1104->0(1117)
[3775.631s][info][gc,heap        ] GC(918) Survivor regions: 113->111(153)
[3775.631s][info][gc,heap        ] GC(918) Old regions: 535->471
[3775.631s][info][gc,heap        ] GC(918) Humongous regions: 80->80
[3775.631s][info][gc,metaspace   ] GC(918) Metaspace: 28894K(29312K)->28894K(29312K) NonClass: 24026K(24256K)->24026K(24256K) Class: 4868K(5056K)->4868K(5056K)
[3775.631s][info][gc             ] GC(918) Pause Young (Mixed) (G1 Evacuation Pause) 3661M->1321M(4096M) 134.880ms
[3775.632s][info][gc,cpu         ] GC(918) User=0.80s Sys=0.00s Real=0.13s
...[3778.292s][info][gc,start       ] GC(919) Pause Young (Concurrent Start) (G1 Evacuation Pause)
[3778.292s][info][gc,task        ] GC(919) Using 6 workers of 6 for evacuation
[3778.408s][info][gc,phases      ] GC(919)   Pre Evacuate Collection Set: 0.40ms
[3778.408s][info][gc,phases      ] GC(919)   Merge Heap Roots: 0.45ms
[3778.408s][info][gc,phases      ] GC(919)   Evacuate Collection Set: 114.18ms
[3778.408s][info][gc,phases      ] GC(919)   Post Evacuate Collection Set: 0.86ms
[3778.408s][info][gc,phases      ] GC(919)   Other: 0.12ms
[3778.408s][info][gc,heap        ] GC(919) Eden regions: 1117->0(1119)
[3778.408s][info][gc,heap        ] GC(919) Survivor regions: 111->109(154)
[3778.408s][info][gc,heap        ] GC(919) Old regions: 471->503
[3778.408s][info][gc,heap        ] GC(919) Humongous regions: 80->80
[3778.408s][info][gc,metaspace   ] GC(919) Metaspace: 28894K(29312K)->28894K(29312K) NonClass: 24026K(24256K)->24026K(24256K) Class: 4868K(5056K)->4868K(5056K)
[3778.408s][info][gc             ] GC(919) Pause Young (Concurrent Start) (G1 Evacuation Pause) 3555M->1382M(4096M) 116.131ms
[3778.408s][info][gc             ] GC(920) Concurrent Mark Cycle
[3778.408s][info][gc,marking     ] GC(920) Concurrent Scan Root Regions
[3778.408s][info][gc,cpu         ] GC(919) User=0.69s Sys=0.00s Real=0.12s
[3778.579s][info][gc,marking     ] GC(920) Concurrent Scan Root Regions 171.255ms
[3778.579s][info][gc,marking     ] GC(920) Concurrent Mark
[3778.579s][info][gc,marking     ] GC(920) Concurrent Mark From Roots
[3778.579s][info][gc,task        ] GC(920) Using 2 workers of 2 for marking
.[3779.266s][info][gc,marking     ] GC(920) Concurrent Mark From Roots 686.280ms
[3779.266s][info][gc,marking     ] GC(920) Concurrent Preclean
[3779.266s][info][gc,marking     ] GC(920) Concurrent Preclean 0.093ms
[3779.266s][info][gc,start       ] GC(920) Pause Remark
[3779.271s][info][gc             ] GC(920) Pause Remark 2112M->2112M(4096M) 5.238ms
[3779.271s][info][gc,cpu         ] GC(920) User=0.03s Sys=0.00s Real=0.00s
[3779.271s][info][gc,marking     ] GC(920) Concurrent Mark 691.893ms
[3779.271s][info][gc,marking     ] GC(920) Concurrent Rebuild Remembered Sets and Scrub Regions
[3779.622s][info][gc,marking     ] GC(920) Concurrent Rebuild Remembered Sets and Scrub Regions 350.429ms
[3779.622s][info][gc,start       ] GC(920) Pause Cleanup
[3779.622s][info][gc             ] GC(920) Pause Cleanup 2409M->2409M(4096M) 0.116ms
[3779.622s][info][gc,cpu         ] GC(920) User=0.00s Sys=0.00s Real=0.00s
[3779.622s][info][gc,marking     ] GC(920) Concurrent Clear Claimed Marks
[3779.622s][info][gc,marking     ] GC(920) Concurrent Clear Claimed Marks 0.032ms
[3779.622s][info][gc,marking     ] GC(920) Concurrent Cleanup for Next Mark
[3779.627s][info][gc,marking     ] GC(920) Concurrent Cleanup for Next Mark 5.037ms
[3779.627s][info][gc             ] GC(920) Concurrent Mark Cycle 1219.197ms
..[3781.264s][info][gc,start       ] GC(921) Pause Young (Prepare Mixed) (G1 Evacuation Pause)
[3781.264s][info][gc,task        ] GC(921) Using 6 workers of 6 for evacuation
[3781.382s][info][gc,phases      ] GC(921)   Pre Evacuate Collection Set: 0.29ms
[3781.382s][info][gc,phases      ] GC(921)   Merge Heap Roots: 0.50ms
[3781.382s][info][gc,phases      ] GC(921)   Evacuate Collection Set: 116.63ms
[3781.382s][info][gc,phases      ] GC(921)   Post Evacuate Collection Set: 0.90ms
[3781.382s][info][gc,phases      ] GC(921)   Other: 0.07ms
[3781.382s][info][gc,heap        ] GC(921) Eden regions: 1119->0(1106)
[3781.382s][info][gc,heap        ] GC(921) Survivor regions: 109->112(154)
[3781.382s][info][gc,heap        ] GC(921) Old regions: 503->535
[3781.382s][info][gc,heap        ] GC(921) Humongous regions: 80->80
[3781.382s][info][gc,metaspace   ] GC(921) Metaspace: 28894K(29312K)->28894K(29312K) NonClass: 24026K(24256K)->24026K(24256K) Class: 4868K(5056K)->4868K(5056K)
[3781.382s][info][gc             ] GC(921) Pause Young (Prepare Mixed) (G1 Evacuation Pause) 3620M->1450M(4096M) 118.514ms
[3781.382s][info][gc,cpu         ] GC(921) User=0.70s Sys=0.00s Real=0.12s
..[3783.980s][info][gc,start       ] GC(922) Pause Young (Mixed) (G1 Evacuation Pause)
[3783.980s][info][gc,task        ] GC(922) Using 6 workers of 6 for evacuation
[3784.110s][info][gc,phases      ] GC(922)   Pre Evacuate Collection Set: 0.36ms
[3784.110s][info][gc,phases      ] GC(922)   Merge Heap Roots: 0.67ms
[3784.110s][info][gc,phases      ] GC(922)   Evacuate Collection Set: 127.79ms
[3784.110s][info][gc,phases      ] GC(922)   Post Evacuate Collection Set: 0.92ms
[3784.110s][info][gc,phases      ] GC(922)   Other: 0.09ms
[3784.110s][info][gc,heap        ] GC(922) Eden regions: 1106->0(1120)
[3784.110s][info][gc,heap        ] GC(922) Survivor regions: 112->108(153)
[3784.110s][info][gc,heap        ] GC(922) Old regions: 535->471
[3784.110s][info][gc,heap        ] GC(922) Humongous regions: 80->80
[3784.110s][info][gc,metaspace   ] GC(922) Metaspace: 28894K(29312K)->28894K(29312K) NonClass: 24026K(24256K)->24026K(24256K) Class: 4868K(5056K)->4868K(5056K)
[3784.110s][info][gc             ] GC(922) Pause Young (Mixed) (G1 Evacuation Pause) 3662M->1315M(4096M) 129.955ms
[3784.110s][info][gc,cpu         ] GC(922) User=0.77s Sys=0.00s Real=0.13s
...[3786.799s][info][gc,start       ] GC(923) Pause Young (Concurrent Start) (G1 Evacuation Pause)
[3786.799s][info][gc,task        ] GC(923) Using 6 workers of 6 for evacuation
[3786.914s][info][gc,phases      ] GC(923)   Pre Evacuate Collection Set: 0.39ms
[3786.914s][info][gc,phases      ] GC(923)   Merge Heap Roots: 0.45ms
[3786.914s][info][gc,phases      ] GC(923)   Evacuate Collection Set: 113.14ms
[3786.914s][info][gc,phases      ] GC(923)   Post Evacuate Collection Set: 0.86ms
[3786.914s][info][gc,phases      ] GC(923)   Other: 0.10ms
[3786.914s][info][gc,heap        ] GC(923) Eden regions: 1120->0(1122)
[3786.914s][info][gc,heap        ] GC(923) Survivor regions: 108->106(154)
[3786.914s][info][gc,heap        ] GC(923) Old regions: 471->504
[3786.914s][info][gc,heap        ] GC(923) Humongous regions: 80->80
[3786.914s][info][gc,metaspace   ] GC(923) Metaspace: 28894K(29312K)->28894K(29312K) NonClass: 24026K(24256K)->24026K(24256K) Class: 4868K(5056K)->4868K(5056K)
[3786.914s][info][gc             ] GC(923) Pause Young (Concurrent Start) (G1 Evacuation Pause) 3555M->1378M(4096M) 115.081ms
[3786.914s][info][gc             ] GC(924) Concurrent Mark Cycle
[3786.914s][info][gc,marking     ] GC(924) Concurrent Scan Root Regions
[3786.914s][info][gc,cpu         ] GC(923) User=0.68s Sys=0.00s Real=0.11s
[3787.083s][info][gc,marking     ] GC(924) Concurrent Scan Root Regions 168.731ms
[3787.083s][info][gc,marking     ] GC(924) Concurrent Mark
[3787.083s][info][gc,marking     ] GC(924) Concurrent Mark From Roots
[3787.083s][info][gc,task        ] GC(924) Using 2 workers of 2 for marking
.[3787.909s][info][gc,marking     ] GC(924) Concurrent Mark From Roots 826.593ms
[3787.909s][info][gc,marking     ] GC(924) Concurrent Preclean
[3787.910s][info][gc,marking     ] GC(924) Concurrent Preclean 0.114ms
[3787.910s][info][gc,start       ] GC(924) Pause Remark
[3787.915s][info][gc             ] GC(924) Pause Remark 2186M->2186M(4096M) 5.251ms
[3787.915s][info][gc,cpu         ] GC(924) User=0.03s Sys=0.00s Real=0.01s
[3787.916s][info][gc,marking     ] GC(924) Concurrent Mark 833.104ms
[3787.916s][info][gc,marking     ] GC(924) Concurrent Rebuild Remembered Sets and Scrub Regions
[3788.161s][info][gc,marking     ] GC(924) Concurrent Rebuild Remembered Sets and Scrub Regions 244.562ms
[3788.161s][info][gc,start       ] GC(924) Pause Cleanup
[3788.161s][info][gc             ] GC(924) Pause Cleanup 2378M->2378M(4096M) 0.119ms
[3788.161s][info][gc,cpu         ] GC(924) User=0.00s Sys=0.00s Real=0.00s
[3788.161s][info][gc,marking     ] GC(924) Concurrent Clear Claimed Marks
[3788.161s][info][gc,marking     ] GC(924) Concurrent Clear Claimed Marks 0.032ms
[3788.161s][info][gc,marking     ] GC(924) Concurrent Cleanup for Next Mark
[3788.167s][info][gc,marking     ] GC(924) Concurrent Cleanup for Next Mark 6.165ms
[3788.167s][info][gc             ] GC(924) Concurrent Mark Cycle 1253.084ms
..[3789.706s][info][gc,start       ] GC(925) Pause Young (Prepare Mixed) (G1 Evacuation Pause)
[3789.706s][info][gc,task        ] GC(925) Using 6 workers of 6 for evacuation
[3789.821s][info][gc,phases      ] GC(925)   Pre Evacuate Collection Set: 0.34ms
[3789.821s][info][gc,phases      ] GC(925)   Merge Heap Roots: 0.50ms
[3789.821s][info][gc,phases      ] GC(925)   Evacuate Collection Set: 112.81ms
[3789.821s][info][gc,phases      ] GC(925)   Post Evacuate Collection Set: 0.89ms
[3789.821s][info][gc,phases      ] GC(925)   Other: 0.08ms
[3789.821s][info][gc,heap        ] GC(925) Eden regions: 1122->0(1112)
[3789.821s][info][gc,heap        ] GC(925) Survivor regions: 106->109(154)
[3789.821s][info][gc,heap        ] GC(925) Old regions: 504->535
[3789.821s][info][gc,heap        ] GC(925) Humongous regions: 80->80
[3789.821s][info][gc,metaspace   ] GC(925) Metaspace: 28894K(29312K)->28894K(29312K) NonClass: 24026K(24256K)->24026K(24256K) Class: 4868K(5056K)->4868K(5056K)
[3789.821s][info][gc             ] GC(925) Pause Young (Prepare Mixed) (G1 Evacuation Pause) 3622M->1445M(4096M) 114.757ms
[3789.821s][info][gc,cpu         ] GC(925) User=0.69s Sys=0.00s Real=0.11s
...[3792.574s][info][gc,start       ] GC(926) Pause Young (Mixed) (G1 Evacuation Pause)
[3792.574s][info][gc,task        ] GC(926) Using 6 workers of 6 for evacuation
[3792.709s][info][gc,phases      ] GC(926)   Pre Evacuate Collection Set: 0.35ms
[3792.709s][info][gc,phases      ] GC(926)   Merge Heap Roots: 0.68ms
[3792.709s][info][gc,phases      ] GC(926)   Evacuate Collection Set: 133.08ms
[3792.709s][info][gc,phases      ] GC(926)   Post Evacuate Collection Set: 0.93ms
[3792.709s][info][gc,phases      ] GC(926)   Other: 0.09ms
[3792.709s][info][gc,heap        ] GC(926) Eden regions: 1112->0(1116)
[3792.709s][info][gc,heap        ] GC(926) Survivor regions: 109->112(153)
[3792.709s][info][gc,heap        ] GC(926) Old regions: 535->471
[3792.709s][info][gc,heap        ] GC(926) Humongous regions: 80->80
[3792.710s][info][gc,metaspace   ] GC(926) Metaspace: 28894K(29312K)->28894K(29312K) NonClass: 24026K(24256K)->24026K(24256K) Class: 4868K(5056K)->4868K(5056K)
[3792.710s][info][gc             ] GC(926) Pause Young (Mixed) (G1 Evacuation Pause) 3669M->1324M(4096M) 135.256ms
[3792.710s][info][gc,cpu         ] GC(926) User=0.80s Sys=0.00s Real=0.14s
...[3795.408s][info][gc,start       ] GC(927) Pause Young (Concurrent Start) (G1 Evacuation Pause)
[3795.408s][info][gc,task        ] GC(927) Using 6 workers of 6 for evacuation
[3795.527s][info][gc,phases      ] GC(927)   Pre Evacuate Collection Set: 0.36ms
[3795.527s][info][gc,phases      ] GC(927)   Merge Heap Roots: 0.45ms
[3795.527s][info][gc,phases      ] GC(927)   Evacuate Collection Set: 117.87ms
[3795.527s][info][gc,phases      ] GC(927)   Post Evacuate Collection Set: 0.88ms
[3795.527s][info][gc,phases      ] GC(927)   Other: 0.11ms
[3795.527s][info][gc,heap        ] GC(927) Eden regions: 1116->0(1115)
[3795.527s][info][gc,heap        ] GC(927) Survivor regions: 112->113(154)
[3795.527s][info][gc,heap        ] GC(927) Old regions: 471->504
[3795.527s][info][gc,heap        ] GC(927) Humongous regions: 80->80
[3795.527s][info][gc,metaspace   ] GC(927) Metaspace: 28894K(29312K)->28894K(29312K) NonClass: 24026K(24256K)->24026K(24256K) Class: 4868K(5056K)->4868K(5056K)
[3795.527s][info][gc             ] GC(927) Pause Young (Concurrent Start) (G1 Evacuation Pause) 3556M->1392M(4096M) 119.825ms
[3795.527s][info][gc             ] GC(928) Concurrent Mark Cycle
[3795.528s][info][gc,marking     ] GC(928) Concurrent Scan Root Regions
[3795.528s][info][gc,cpu         ] GC(927) User=0.72s Sys=0.00s Real=0.12s
[3795.687s][info][gc,marking     ] GC(928) Concurrent Scan Root Regions 159.971ms
[3795.688s][info][gc,marking     ] GC(928) Concurrent Mark
[3795.688s][info][gc,marking     ] GC(928) Concurrent Mark From Roots
[3795.688s][info][gc,task        ] GC(928) Using 2 workers of 2 for marking
.[3796.428s][info][gc,marking     ] GC(928) Concurrent Mark From Roots 740.730ms
[3796.428s][info][gc,marking     ] GC(928) Concurrent Preclean
[3796.428s][info][gc,marking     ] GC(928) Concurrent Preclean 0.094ms
[3796.430s][info][gc,start       ] GC(928) Pause Remark
[3796.436s][info][gc             ] GC(928) Pause Remark 2198M->2198M(4096M) 6.235ms
[3796.436s][info][gc,cpu         ] GC(928) User=0.03s Sys=0.00s Real=0.01s
[3796.436s][info][gc,marking     ] GC(928) Concurrent Mark 748.637ms
[3796.436s][info][gc,marking     ] GC(928) Concurrent Rebuild Remembered Sets and Scrub Regions
[3796.683s][info][gc,marking     ] GC(928) Concurrent Rebuild Remembered Sets and Scrub Regions 246.769ms
[3796.684s][info][gc,start       ] GC(928) Pause Cleanup
[3796.684s][info][gc             ] GC(928) Pause Cleanup 2386M->2386M(4096M) 0.121ms
[3796.684s][info][gc,cpu         ] GC(928) User=0.00s Sys=0.00s Real=0.00s
[3796.684s][info][gc,marking     ] GC(928) Concurrent Clear Claimed Marks
[3796.684s][info][gc,marking     ] GC(928) Concurrent Clear Claimed Marks 0.031ms
[3796.684s][info][gc,marking     ] GC(928) Concurrent Cleanup for Next Mark
[3796.689s][info][gc,marking     ] GC(928) Concurrent Cleanup for Next Mark 4.609ms
[3796.689s][info][gc             ] GC(928) Concurrent Mark Cycle 1161.429ms
.[3798.190s][info][gc,start       ] GC(929) Pause Young (Prepare Mixed) (G1 Evacuation Pause)
[3798.190s][info][gc,task        ] GC(929) Using 6 workers of 6 for evacuation
[3798.306s][info][gc,phases      ] GC(929)   Pre Evacuate Collection Set: 0.32ms
[3798.306s][info][gc,phases      ] GC(929)   Merge Heap Roots: 0.52ms
[3798.306s][info][gc,phases      ] GC(929)   Evacuate Collection Set: 114.68ms
[3798.306s][info][gc,phases      ] GC(929)   Post Evacuate Collection Set: 0.91ms
[3798.306s][info][gc,phases      ] GC(929)   Other: 0.09ms
[3798.306s][info][gc,heap        ] GC(929) Eden regions: 1115->0(1111)
[3798.306s][info][gc,heap        ] GC(929) Survivor regions: 113->109(154)
[3798.306s][info][gc,heap        ] GC(929) Old regions: 504->536
[3798.306s][info][gc,heap        ] GC(929) Humongous regions: 80->80
[3798.306s][info][gc,metaspace   ] GC(929) Metaspace: 28894K(29312K)->28894K(29312K) NonClass: 24026K(24256K)->24026K(24256K) Class: 4868K(5056K)->4868K(5056K)
[3798.306s][info][gc             ] GC(929) Pause Young (Prepare Mixed) (G1 Evacuation Pause) 3622M->1448M(4096M) 116.659ms
[3798.306s][info][gc,cpu         ] GC(929) User=0.70s Sys=0.00s Real=0.12s
...[3801.053s][info][gc,start       ] GC(930) Pause Young (Mixed) (G1 Evacuation Pause)
[3801.053s][info][gc,task        ] GC(930) Using 6 workers of 6 for evacuation
[3801.188s][info][gc,phases      ] GC(930)   Pre Evacuate Collection Set: 0.36ms
[3801.188s][info][gc,phases      ] GC(930)   Merge Heap Roots: 0.71ms
[3801.188s][info][gc,phases      ] GC(930)   Evacuate Collection Set: 133.39ms
[3801.188s][info][gc,phases      ] GC(930)   Post Evacuate Collection Set: 0.96ms
[3801.188s][info][gc,phases      ] GC(930)   Other: 0.09ms
[3801.188s][info][gc,heap        ] GC(930) Eden regions: 1111->0(1115)
[3801.188s][info][gc,heap        ] GC(930) Survivor regions: 109->113(153)
[3801.188s][info][gc,heap        ] GC(930) Old regions: 536->472
[3801.188s][info][gc,heap        ] GC(930) Humongous regions: 80->80
[3801.188s][info][gc,metaspace   ] GC(930) Metaspace: 28894K(29312K)->28894K(29312K) NonClass: 24026K(24256K)->24026K(24256K) Class: 4868K(5056K)->4868K(5056K)
[3801.188s][info][gc             ] GC(930) Pause Young (Mixed) (G1 Evacuation Pause) 3670M->1326M(4096M) 135.664ms
[3801.188s][info][gc,cpu         ] GC(930) User=0.81s Sys=0.00s Real=0.14s
...[3803.899s][info][gc,start       ] GC(931) Pause Young (Concurrent Start) (G1 Evacuation Pause)
[3803.899s][info][gc,task        ] GC(931) Using 6 workers of 6 for evacuation
[3804.016s][info][gc,phases      ] GC(931)   Pre Evacuate Collection Set: 0.35ms
[3804.016s][info][gc,phases      ] GC(931)   Merge Heap Roots: 0.45ms
[3804.016s][info][gc,phases      ] GC(931)   Evacuate Collection Set: 114.55ms
[3804.016s][info][gc,phases      ] GC(931)   Post Evacuate Collection Set: 0.87ms
[3804.016s][info][gc,phases      ] GC(931)   Other: 0.11ms
[3804.016s][info][gc,heap        ] GC(931) Eden regions: 1115->0(1118)
[3804.016s][info][gc,heap        ] GC(931) Survivor regions: 113->110(154)
[3804.016s][info][gc,heap        ] GC(931) Old regions: 472->504
[3804.016s][info][gc,heap        ] GC(931) Humongous regions: 80->80
[3804.016s][info][gc,metaspace   ] GC(931) Metaspace: 28894K(29312K)->28894K(29312K) NonClass: 24026K(24256K)->24026K(24256K) Class: 4868K(5056K)->4868K(5056K)
[3804.016s][info][gc             ] GC(931) Pause Young (Concurrent Start) (G1 Evacuation Pause) 3556M->1385M(4096M) 116.455ms
[3804.016s][info][gc             ] GC(932) Concurrent Mark Cycle
[3804.016s][info][gc,marking     ] GC(932) Concurrent Scan Root Regions
[3804.016s][info][gc,cpu         ] GC(931) User=0.69s Sys=0.00s Real=0.12s
[3804.147s][info][gc,marking     ] GC(932) Concurrent Scan Root Regions 131.119ms
[3804.147s][info][gc,marking     ] GC(932) Concurrent Mark
[3804.147s][info][gc,marking     ] GC(932) Concurrent Mark From Roots
[3804.147s][info][gc,task        ] GC(932) Using 2 workers of 2 for marking
.[3804.822s][info][gc,marking     ] GC(932) Concurrent Mark From Roots 675.232ms
[3804.822s][info][gc,marking     ] GC(932) Concurrent Preclean
[3804.822s][info][gc,marking     ] GC(932) Concurrent Preclean 0.123ms
[3804.823s][info][gc,start       ] GC(932) Pause Remark
[3804.829s][info][gc             ] GC(932) Pause Remark 2057M->2057M(4096M) 5.425ms
[3804.829s][info][gc,cpu         ] GC(932) User=0.03s Sys=0.00s Real=0.01s
[3804.829s][info][gc,marking     ] GC(932) Concurrent Mark 681.749ms
[3804.829s][info][gc,marking     ] GC(932) Concurrent Rebuild Remembered Sets and Scrub Regions
[3805.098s][info][gc,marking     ] GC(932) Concurrent Rebuild Remembered Sets and Scrub Regions 269.304ms
[3805.098s][info][gc,start       ] GC(932) Pause Cleanup
[3805.098s][info][gc             ] GC(932) Pause Cleanup 2326M->2326M(4096M) 0.111ms
[3805.098s][info][gc,cpu         ] GC(932) User=0.00s Sys=0.00s Real=0.00s
[3805.098s][info][gc,marking     ] GC(932) Concurrent Clear Claimed Marks
[3805.098s][info][gc,marking     ] GC(932) Concurrent Clear Claimed Marks 0.022ms
[3805.098s][info][gc,marking     ] GC(932) Concurrent Cleanup for Next Mark
[3805.103s][info][gc,marking     ] GC(932) Concurrent Cleanup for Next Mark 4.695ms
[3805.103s][info][gc             ] GC(932) Concurrent Mark Cycle 1087.394ms
..[3806.713s][info][gc,start       ] GC(933) Pause Young (Prepare Mixed) (G1 Evacuation Pause)
[3806.713s][info][gc,task        ] GC(933) Using 6 workers of 6 for evacuation
[3806.831s][info][gc,phases      ] GC(933)   Pre Evacuate Collection Set: 0.34ms
[3806.831s][info][gc,phases      ] GC(933)   Merge Heap Roots: 0.53ms
[3806.831s][info][gc,phases      ] GC(933)   Evacuate Collection Set: 116.05ms
[3806.831s][info][gc,phases      ] GC(933)   Post Evacuate Collection Set: 0.91ms
[3806.831s][info][gc,phases      ] GC(933)   Other: 0.09ms
[3806.831s][info][gc,heap        ] GC(933) Eden regions: 1118->0(1111)
[3806.831s][info][gc,heap        ] GC(933) Survivor regions: 110->109(154)
[3806.831s][info][gc,heap        ] GC(933) Old regions: 504->536
[3806.831s][info][gc,heap        ] GC(933) Humongous regions: 80->80
[3806.831s][info][gc,metaspace   ] GC(933) Metaspace: 28894K(29312K)->28894K(29312K) NonClass: 24026K(24256K)->24026K(24256K) Class: 4868K(5056K)->4868K(5056K)
[3806.831s][info][gc             ] GC(933) Pause Young (Prepare Mixed) (G1 Evacuation Pause) 3621M->1447M(4096M) 118.077ms
[3806.831s][info][gc,cpu         ] GC(933) User=0.70s Sys=0.00s Real=0.12s
. (rIR:aIR:PR = 6642:6640:6640) (tPR = 98424) [OK] 
  3807s: Performance info:
         Transaction,    Success,    Partial,     Failed,   Receipts, AvgBarcode, 
             Overall,     401263,          0,          0,     381198,      59.48, 
         Response times:
             Request,    Success,    Partial,     Failed,   SkipFail,     Probes,    Samples,      min,      p50,      p90,      p95,      p99,      max, 
       TotalPurchase,     381200,          0,          0,          0,     359678,     392313,      300,     5400,    36000,    65000,   119000,   284000,
     InStorePurchase,     200631,          0,          0,          0,     189195,     206004,      300,     5200,    35000,    64000,   117000,   284000,
      OnlinePurchase,     140387,          0,          0,          0,     132788,     144924,      300,     5500,    36000,    66000,   120000,   230000,
        InstPurchase,      40182,          0,          0,          0,      37695,      41385,      300,     6100,    40000,    69000,   120000,   235000,
          AssocOfCat,        399,          0,          0,          0,        312,        407,    23000,    39000,    87400,   122200,   168920,   194000,
      AssocOfProduct,       4017,          0,          0,          0,       3747,       4236,      600,     5800,    37000,    65000,   112630,   202000,
      BusinessReport,       1001,          0,          0,          0,        846,       1037,    26000,    45000,   116200,   143000,   202620,   344000,
          CustBuyBeh,       4008,          0,          0,          0,       3754,       4335,      200,     6900,    48000,    77000,   123000,   172000,
       ProductReturn,      10641,          0,          0,          0,      10013,      11224,      200,     6300,    40000,    66000,   117000,   219000,

  3807s: (49%)   IR =   6780 ..[3809.636s][info][gc,start       ] GC(934) Pause Young (Mixed) (G1 Evacuation Pause)
[3809.636s][info][gc,task        ] GC(934) Using 6 workers of 6 for evacuation
[3809.775s][info][gc,phases      ] GC(934)   Pre Evacuate Collection Set: 0.37ms
[3809.775s][info][gc,phases      ] GC(934)   Merge Heap Roots: 0.66ms
[3809.775s][info][gc,phases      ] GC(934)   Evacuate Collection Set: 136.79ms
[3809.775s][info][gc,phases      ] GC(934)   Post Evacuate Collection Set: 0.95ms
[3809.775s][info][gc,phases      ] GC(934)   Other: 0.10ms
[3809.775s][info][gc,heap        ] GC(934) Eden regions: 1111->0(1116)
[3809.775s][info][gc,heap        ] GC(934) Survivor regions: 109->112(153)
[3809.775s][info][gc,heap        ] GC(934) Old regions: 536->472
[3809.775s][info][gc,heap        ] GC(934) Humongous regions: 80->80
[3809.775s][info][gc,metaspace   ] GC(934) Metaspace: 28894K(29312K)->28894K(29312K) NonClass: 24026K(24256K)->24026K(24256K) Class: 4868K(5056K)->4868K(5056K)
[3809.775s][info][gc             ] GC(934) Pause Young (Mixed) (G1 Evacuation Pause) 3669M->1324M(4096M) 138.983ms
[3809.775s][info][gc,cpu         ] GC(934) User=0.83s Sys=0.00s Real=0.14s
..|[3812.321s][info][gc,start       ] GC(935) Pause Young (Concurrent Start) (G1 Evacuation Pause)
[3812.321s][info][gc,task        ] GC(935) Using 6 workers of 6 for evacuation
[3812.440s][info][gc,phases      ] GC(935)   Pre Evacuate Collection Set: 0.33ms
[3812.440s][info][gc,phases      ] GC(935)   Merge Heap Roots: 0.45ms
[3812.440s][info][gc,phases      ] GC(935)   Evacuate Collection Set: 117.40ms
[3812.440s][info][gc,phases      ] GC(935)   Post Evacuate Collection Set: 0.90ms
[3812.440s][info][gc,phases      ] GC(935)   Other: 0.11ms
[3812.440s][info][gc,heap        ] GC(935) Eden regions: 1116->0(1116)
[3812.440s][info][gc,heap        ] GC(935) Survivor regions: 112->112(154)
[3812.440s][info][gc,heap        ] GC(935) Old regions: 472->503
[3812.440s][info][gc,heap        ] GC(935) Humongous regions: 80->80
[3812.440s][info][gc,metaspace   ] GC(935) Metaspace: 28894K(29312K)->28894K(29312K) NonClass: 24026K(24256K)->24026K(24256K) Class: 4868K(5056K)->4868K(5056K)
[3812.440s][info][gc             ] GC(935) Pause Young (Concurrent Start) (G1 Evacuation Pause) 3556M->1387M(4096M) 119.319ms
[3812.440s][info][gc             ] GC(936) Concurrent Mark Cycle
[3812.440s][info][gc,marking     ] GC(936) Concurrent Scan Root Regions
[3812.440s][info][gc,cpu         ] GC(935) User=0.70s Sys=0.01s Real=0.12s
.[3812.612s][info][gc,marking     ] GC(936) Concurrent Scan Root Regions 171.914ms
[3812.612s][info][gc,marking     ] GC(936) Concurrent Mark
[3812.612s][info][gc,marking     ] GC(936) Concurrent Mark From Roots
[3812.612s][info][gc,task        ] GC(936) Using 2 workers of 2 for marking
.[3813.609s][info][gc,marking     ] GC(936) Concurrent Mark From Roots 997.018ms
[3813.609s][info][gc,marking     ] GC(936) Concurrent Preclean
[3813.610s][info][gc,marking     ] GC(936) Concurrent Preclean 0.147ms
[3813.612s][info][gc,start       ] GC(936) Pause Remark
[3813.618s][info][gc             ] GC(936) Pause Remark 2403M->2403M(4096M) 6.700ms
[3813.618s][info][gc,cpu         ] GC(936) User=0.03s Sys=0.00s Real=0.01s
[3813.618s][info][gc,marking     ] GC(936) Concurrent Mark 1005.989ms
[3813.618s][info][gc,marking     ] GC(936) Concurrent Rebuild Remembered Sets and Scrub Regions
[3813.876s][info][gc,marking     ] GC(936) Concurrent Rebuild Remembered Sets and Scrub Regions 257.904ms
[3813.876s][info][gc,start       ] GC(936) Pause Cleanup
[3813.877s][info][gc             ] GC(936) Pause Cleanup 2607M->2607M(4096M) 0.115ms
[3813.877s][info][gc,cpu         ] GC(936) User=0.00s Sys=0.00s Real=0.00s
[3813.877s][info][gc,marking     ] GC(936) Concurrent Clear Claimed Marks
[3813.877s][info][gc,marking     ] GC(936) Concurrent Clear Claimed Marks 0.026ms
[3813.877s][info][gc,marking     ] GC(936) Concurrent Cleanup for Next Mark
[3813.880s][info][gc,marking     ] GC(936) Concurrent Cleanup for Next Mark 3.166ms
[3813.880s][info][gc             ] GC(936) Concurrent Mark Cycle 1439.445ms
.[3815.136s][info][gc,start       ] GC(937) Pause Young (Prepare Mixed) (G1 Evacuation Pause)
[3815.136s][info][gc,task        ] GC(937) Using 6 workers of 6 for evacuation
[3815.257s][info][gc,phases      ] GC(937)   Pre Evacuate Collection Set: 0.33ms
[3815.257s][info][gc,phases      ] GC(937)   Merge Heap Roots: 0.52ms
[3815.257s][info][gc,phases      ] GC(937)   Evacuate Collection Set: 119.08ms
[3815.257s][info][gc,phases      ] GC(937)   Post Evacuate Collection Set: 0.94ms
[3815.257s][info][gc,phases      ] GC(937)   Other: 0.09ms
[3815.257s][info][gc,heap        ] GC(937) Eden regions: 1116->0(1106)
[3815.257s][info][gc,heap        ] GC(937) Survivor regions: 112->111(154)
[3815.257s][info][gc,heap        ] GC(937) Old regions: 503->537
[3815.257s][info][gc,heap        ] GC(937) Humongous regions: 80->80
[3815.257s][info][gc,metaspace   ] GC(937) Metaspace: 28894K(29312K)->28894K(29312K) NonClass: 24026K(24256K)->24026K(24256K) Class: 4868K(5056K)->4868K(5056K)
[3815.257s][info][gc             ] GC(937) Pause Young (Prepare Mixed) (G1 Evacuation Pause) 3619M->1452M(4096M) 121.088ms
[3815.257s][info][gc,cpu         ] GC(937) User=0.72s Sys=0.00s Real=0.12s
...[3817.885s][info][gc,start       ] GC(938) Pause Young (Mixed) (G1 Evacuation Pause)
[3817.885s][info][gc,task        ] GC(938) Using 6 workers of 6 for evacuation
[3818.019s][info][gc,phases      ] GC(938)   Pre Evacuate Collection Set: 0.40ms
[3818.019s][info][gc,phases      ] GC(938)   Merge Heap Roots: 0.77ms
[3818.019s][info][gc,phases      ] GC(938)   Evacuate Collection Set: 131.35ms
[3818.019s][info][gc,phases      ] GC(938)   Post Evacuate Collection Set: 0.94ms
[3818.019s][info][gc,phases      ] GC(938)   Other: 0.08ms
[3818.019s][info][gc,heap        ] GC(938) Eden regions: 1106->0(1120)
[3818.019s][info][gc,heap        ] GC(938) Survivor regions: 111->108(153)
[3818.019s][info][gc,heap        ] GC(938) Old regions: 537->472
[3818.019s][info][gc,heap        ] GC(938) Humongous regions: 80->80
[3818.019s][info][gc,metaspace   ] GC(938) Metaspace: 28894K(29312K)->28894K(29312K) NonClass: 24026K(24256K)->24026K(24256K) Class: 4868K(5056K)->4868K(5056K)
[3818.019s][info][gc             ] GC(938) Pause Young (Mixed) (G1 Evacuation Pause) 3664M->1317M(4096M) 133.676ms
[3818.019s][info][gc,cpu         ] GC(938) User=0.80s Sys=0.00s Real=0.13s
...[3820.692s][info][gc,start       ] GC(939) Pause Young (Concurrent Start) (G1 Evacuation Pause)
[3820.692s][info][gc,task        ] GC(939) Using 6 workers of 6 for evacuation
[3820.806s][info][gc,phases      ] GC(939)   Pre Evacuate Collection Set: 0.32ms
[3820.806s][info][gc,phases      ] GC(939)   Merge Heap Roots: 0.45ms
[3820.806s][info][gc,phases      ] GC(939)   Evacuate Collection Set: 113.09ms
[3820.807s][info][gc,phases      ] GC(939)   Post Evacuate Collection Set: 0.86ms
[3820.807s][info][gc,phases      ] GC(939)   Other: 0.09ms
[3820.807s][info][gc,heap        ] GC(939) Eden regions: 1120->0(1120)
[3820.807s][info][gc,heap        ] GC(939) Survivor regions: 108->108(154)
[3820.807s][info][gc,heap        ] GC(939) Old regions: 472->504
[3820.807s][info][gc,heap        ] GC(939) Humongous regions: 80->80
[3820.807s][info][gc,metaspace   ] GC(939) Metaspace: 28896K(29312K)->28896K(29312K) NonClass: 24028K(24256K)->24028K(24256K) Class: 4868K(5056K)->4868K(5056K)
[3820.807s][info][gc             ] GC(939) Pause Young (Concurrent Start) (G1 Evacuation Pause) 3557M->1381M(4096M) 114.939ms
[3820.807s][info][gc             ] GC(940) Concurrent Mark Cycle
[3820.807s][info][gc,marking     ] GC(940) Concurrent Scan Root Regions
[3820.807s][info][gc,cpu         ] GC(939) User=0.69s Sys=0.00s Real=0.12s
[3820.976s][info][gc,marking     ] GC(940) Concurrent Scan Root Regions 169.687ms
[3820.976s][info][gc,marking     ] GC(940) Concurrent Mark
[3820.976s][info][gc,marking     ] GC(940) Concurrent Mark From Roots
[3820.976s][info][gc,task        ] GC(940) Using 2 workers of 2 for marking
.[3821.893s][info][gc,marking     ] GC(940) Concurrent Mark From Roots 916.220ms
[3821.893s][info][gc,marking     ] GC(940) Concurrent Preclean
[3821.893s][info][gc,marking     ] GC(940) Concurrent Preclean 0.115ms
[3821.894s][info][gc,start       ] GC(940) Pause Remark
[3821.899s][info][gc             ] GC(940) Pause Remark 2321M->2321M(4096M) 5.386ms
[3821.899s][info][gc,cpu         ] GC(940) User=0.03s Sys=0.00s Real=0.01s
[3821.900s][info][gc,marking     ] GC(940) Concurrent Mark 923.628ms
[3821.900s][info][gc,marking     ] GC(940) Concurrent Rebuild Remembered Sets and Scrub Regions
[3822.217s][info][gc,marking     ] GC(940) Concurrent Rebuild Remembered Sets and Scrub Regions 317.034ms
[3822.218s][info][gc,start       ] GC(940) Pause Cleanup
[3822.218s][info][gc             ] GC(940) Pause Cleanup 2593M->2593M(4096M) 0.122ms
[3822.218s][info][gc,cpu         ] GC(940) User=0.00s Sys=0.00s Real=0.00s
[3822.218s][info][gc,marking     ] GC(940) Concurrent Clear Claimed Marks
[3822.218s][info][gc,marking     ] GC(940) Concurrent Clear Claimed Marks 0.024ms
[3822.218s][info][gc,marking     ] GC(940) Concurrent Cleanup for Next Mark
[3822.223s][info][gc,marking     ] GC(940) Concurrent Cleanup for Next Mark 4.644ms
[3822.223s][info][gc             ] GC(940) Concurrent Mark Cycle 1416.095ms
.[3823.456s][info][gc,start       ] GC(941) Pause Young (Prepare Mixed) (G1 Evacuation Pause)
[3823.456s][info][gc,task        ] GC(941) Using 6 workers of 6 for evacuation
[3823.574s][info][gc,phases      ] GC(941)   Pre Evacuate Collection Set: 0.32ms
[3823.575s][info][gc,phases      ] GC(941)   Merge Heap Roots: 0.50ms
[3823.575s][info][gc,phases      ] GC(941)   Evacuate Collection Set: 116.15ms
[3823.575s][info][gc,phases      ] GC(941)   Post Evacuate Collection Set: 0.94ms
[3823.575s][info][gc,phases      ] GC(941)   Other: 0.08ms
[3823.575s][info][gc,heap        ] GC(941) Eden regions: 1120->0(1107)
[3823.575s][info][gc,heap        ] GC(941) Survivor regions: 108->111(154)
[3823.575s][info][gc,heap        ] GC(941) Old regions: 504->536
[3823.575s][info][gc,heap        ] GC(941) Humongous regions: 80->80
[3823.575s][info][gc,metaspace   ] GC(941) Metaspace: 28896K(29312K)->28896K(29312K) NonClass: 24028K(24256K)->24028K(24256K) Class: 4868K(5056K)->4868K(5056K)
[3823.575s][info][gc             ] GC(941) Pause Young (Prepare Mixed) (G1 Evacuation Pause) 3621M->1452M(4096M) 118.122ms
[3823.575s][info][gc,cpu         ] GC(941) User=0.70s Sys=0.00s Real=0.12s
...[3826.240s][info][gc,start       ] GC(942) Pause Young (Mixed) (G1 Evacuation Pause)
[3826.240s][info][gc,task        ] GC(942) Using 6 workers of 6 for evacuation
[3826.374s][info][gc,phases      ] GC(942)   Pre Evacuate Collection Set: 0.38ms
[3826.374s][info][gc,phases      ] GC(942)   Merge Heap Roots: 0.74ms
[3826.374s][info][gc,phases      ] GC(942)   Evacuate Collection Set: 131.61ms
[3826.374s][info][gc,phases      ] GC(942)   Post Evacuate Collection Set: 0.92ms
[3826.374s][info][gc,phases      ] GC(942)   Other: 0.09ms
[3826.374s][info][gc,heap        ] GC(942) Eden regions: 1107->0(1118)
[3826.374s][info][gc,heap        ] GC(942) Survivor regions: 111->110(153)
[3826.374s][info][gc,heap        ] GC(942) Old regions: 536->472
[3826.374s][info][gc,heap        ] GC(942) Humongous regions: 80->80
[3826.374s][info][gc,metaspace   ] GC(942) Metaspace: 28896K(29312K)->28896K(29312K) NonClass: 24028K(24256K)->24028K(24256K) Class: 4868K(5056K)->4868K(5056K)
[3826.374s][info][gc             ] GC(942) Pause Young (Mixed) (G1 Evacuation Pause) 3666M->1321M(4096M) 133.888ms
[3826.374s][info][gc,cpu         ] GC(942) User=0.80s Sys=0.00s Real=0.13s
...[3829.035s][info][gc,start       ] GC(943) Pause Young (Concurrent Start) (G1 Evacuation Pause)
[3829.035s][info][gc,task        ] GC(943) Using 6 workers of 6 for evacuation
[3829.154s][info][gc,phases      ] GC(943)   Pre Evacuate Collection Set: 0.40ms
[3829.154s][info][gc,phases      ] GC(943)   Merge Heap Roots: 0.49ms
[3829.154s][info][gc,phases      ] GC(943)   Evacuate Collection Set: 117.33ms
[3829.154s][info][gc,phases      ] GC(943)   Post Evacuate Collection Set: 0.88ms
[3829.154s][info][gc,phases      ] GC(943)   Other: 0.12ms
[3829.154s][info][gc,heap        ] GC(943) Eden regions: 1118->0(1116)
[3829.154s][info][gc,heap        ] GC(943) Survivor regions: 110->112(154)
[3829.154s][info][gc,heap        ] GC(943) Old regions: 472->504
[3829.154s][info][gc,heap        ] GC(943) Humongous regions: 80->80
[3829.154s][info][gc,metaspace   ] GC(943) Metaspace: 28896K(29312K)->28896K(29312K) NonClass: 24028K(24256K)->24028K(24256K) Class: 4868K(5056K)->4868K(5056K)
[3829.154s][info][gc             ] GC(943) Pause Young (Concurrent Start) (G1 Evacuation Pause) 3557M->1388M(4096M) 119.352ms
[3829.154s][info][gc             ] GC(944) Concurrent Mark Cycle
[3829.154s][info][gc,marking     ] GC(944) Concurrent Scan Root Regions
[3829.154s][info][gc,cpu         ] GC(943) User=0.71s Sys=0.00s Real=0.11s
[3829.331s][info][gc,marking     ] GC(944) Concurrent Scan Root Regions 176.498ms
[3829.331s][info][gc,marking     ] GC(944) Concurrent Mark
[3829.331s][info][gc,marking     ] GC(944) Concurrent Mark From Roots
[3829.331s][info][gc,task        ] GC(944) Using 2 workers of 2 for marking
.[3830.242s][info][gc,marking     ] GC(944) Concurrent Mark From Roots 911.198ms
[3830.242s][info][gc,marking     ] GC(944) Concurrent Preclean
[3830.242s][info][gc,marking     ] GC(944) Concurrent Preclean 0.139ms
[3830.244s][info][gc,start       ] GC(944) Pause Remark
[3830.248s][info][gc             ] GC(944) Pause Remark 2338M->2338M(4096M) 3.297ms
[3830.248s][info][gc,cpu         ] GC(944) User=0.02s Sys=0.00s Real=0.00s
[3830.249s][info][gc,marking     ] GC(944) Concurrent Mark 917.861ms
[3830.249s][info][gc,marking     ] GC(944) Concurrent Rebuild Remembered Sets and Scrub Regions
[3830.624s][info][gc,marking     ] GC(944) Concurrent Rebuild Remembered Sets and Scrub Regions 375.500ms
[3830.624s][info][gc,start       ] GC(944) Pause Cleanup
[3830.625s][info][gc             ] GC(944) Pause Cleanup 2672M->2672M(4096M) 0.765ms
[3830.625s][info][gc,cpu         ] GC(944) User=0.00s Sys=0.00s Real=0.01s
[3830.625s][info][gc,marking     ] GC(944) Concurrent Clear Claimed Marks
[3830.625s][info][gc,marking     ] GC(944) Concurrent Clear Claimed Marks 0.023ms
[3830.625s][info][gc,marking     ] GC(944) Concurrent Cleanup for Next Mark
[3830.629s][info][gc,marking     ] GC(944) Concurrent Cleanup for Next Mark 3.609ms
[3830.629s][info][gc             ] GC(944) Concurrent Mark Cycle 1474.665ms
..[3831.788s][info][gc,start       ] GC(945) Pause Young (Prepare Mixed) (G1 Evacuation Pause)
[3831.788s][info][gc,task        ] GC(945) Using 6 workers of 6 for evacuation
[3831.907s][info][gc,phases      ] GC(945)   Pre Evacuate Collection Set: 0.31ms
[3831.907s][info][gc,phases      ] GC(945)   Merge Heap Roots: 0.48ms
[3831.907s][info][gc,phases      ] GC(945)   Evacuate Collection Set: 116.68ms
[3831.907s][info][gc,phases      ] GC(945)   Post Evacuate Collection Set: 0.93ms
[3831.907s][info][gc,phases      ] GC(945)   Other: 0.09ms
[3831.907s][info][gc,heap        ] GC(945) Eden regions: 1116->0(1109)
[3831.907s][info][gc,heap        ] GC(945) Survivor regions: 112->110(154)
[3831.907s][info][gc,heap        ] GC(945) Old regions: 504->536
[3831.907s][info][gc,heap        ] GC(945) Humongous regions: 80->80
[3831.907s][info][gc,metaspace   ] GC(945) Metaspace: 28896K(29312K)->28896K(29312K) NonClass: 24028K(24256K)->24028K(24256K) Class: 4868K(5056K)->4868K(5056K)
[3831.907s][info][gc             ] GC(945) Pause Young (Prepare Mixed) (G1 Evacuation Pause) 3620M->1450M(4096M) 118.614ms
[3831.907s][info][gc,cpu         ] GC(945) User=0.70s Sys=0.00s Real=0.12s
..[3834.582s][info][gc,start       ] GC(946) Pause Young (Mixed) (G1 Evacuation Pause)
[3834.582s][info][gc,task        ] GC(946) Using 6 workers of 6 for evacuation
[3834.722s][info][gc,phases      ] GC(946)   Pre Evacuate Collection Set: 0.37ms
[3834.722s][info][gc,phases      ] GC(946)   Merge Heap Roots: 0.76ms
[3834.722s][info][gc,phases      ] GC(946)   Evacuate Collection Set: 137.90ms
[3834.722s][info][gc,phases      ] GC(946)   Post Evacuate Collection Set: 0.93ms
[3834.722s][info][gc,phases      ] GC(946)   Other: 0.09ms
[3834.722s][info][gc,heap        ] GC(946) Eden regions: 1109->0(1114)
[3834.722s][info][gc,heap        ] GC(946) Survivor regions: 110->114(153)
[3834.722s][info][gc,heap        ] GC(946) Old regions: 536->472
[3834.722s][info][gc,heap        ] GC(946) Humongous regions: 80->80
[3834.722s][info][gc,metaspace   ] GC(946) Metaspace: 28896K(29312K)->28896K(29312K) NonClass: 24028K(24256K)->24028K(24256K) Class: 4868K(5056K)->4868K(5056K)
[3834.722s][info][gc             ] GC(946) Pause Young (Mixed) (G1 Evacuation Pause) 3668M->1329M(4096M) 140.188ms
[3834.722s][info][gc,cpu         ] GC(946) User=0.84s Sys=0.00s Real=0.14s
...[3837.332s][info][gc,start       ] GC(947) Pause Young (Concurrent Start) (G1 Evacuation Pause)
[3837.332s][info][gc,task        ] GC(947) Using 6 workers of 6 for evacuation
[3837.447s][info][gc,phases      ] GC(947)   Pre Evacuate Collection Set: 0.35ms
[3837.447s][info][gc,phases      ] GC(947)   Merge Heap Roots: 0.46ms
[3837.447s][info][gc,phases      ] GC(947)   Evacuate Collection Set: 113.85ms
[3837.447s][info][gc,phases      ] GC(947)   Post Evacuate Collection Set: 0.88ms
[3837.447s][info][gc,phases      ] GC(947)   Other: 0.10ms
[3837.447s][info][gc,heap        ] GC(947) Eden regions: 1114->0(1118)
[3837.447s][info][gc,heap        ] GC(947) Survivor regions: 114->110(154)
[3837.447s][info][gc,heap        ] GC(947) Old regions: 472->504
[3837.447s][info][gc,heap        ] GC(947) Humongous regions: 80->80
[3837.447s][info][gc,metaspace   ] GC(947) Metaspace: 28896K(29312K)->28896K(29312K) NonClass: 24028K(24256K)->24028K(24256K) Class: 4868K(5056K)->4868K(5056K)
[3837.447s][info][gc             ] GC(947) Pause Young (Concurrent Start) (G1 Evacuation Pause) 3557M->1385M(4096M) 115.784ms
[3837.447s][info][gc             ] GC(948) Concurrent Mark Cycle
[3837.448s][info][gc,marking     ] GC(948) Concurrent Scan Root Regions
[3837.448s][info][gc,cpu         ] GC(947) User=0.69s Sys=0.00s Real=0.12s
[3837.617s][info][gc,marking     ] GC(948) Concurrent Scan Root Regions 169.322ms
[3837.617s][info][gc,marking     ] GC(948) Concurrent Mark
[3837.617s][info][gc,marking     ] GC(948) Concurrent Mark From Roots
[3837.617s][info][gc,task        ] GC(948) Using 2 workers of 2 for marking
.[3838.616s][info][gc,marking     ] GC(948) Concurrent Mark From Roots 998.776ms
[3838.616s][info][gc,marking     ] GC(948) Concurrent Preclean
[3838.616s][info][gc,marking     ] GC(948) Concurrent Preclean 0.116ms
[3838.616s][info][gc,start       ] GC(948) Pause Remark
[3838.621s][info][gc             ] GC(948) Pause Remark 2353M->2353M(4096M) 5.452ms
[3838.621s][info][gc,cpu         ] GC(948) User=0.03s Sys=0.00s Real=0.00s
[3838.622s][info][gc,marking     ] GC(948) Concurrent Mark 1004.682ms
[3838.622s][info][gc,marking     ] GC(948) Concurrent Rebuild Remembered Sets and Scrub Regions
.[3838.963s][info][gc,marking     ] GC(948) Concurrent Rebuild Remembered Sets and Scrub Regions 341.397ms
[3838.965s][info][gc,start       ] GC(948) Pause Cleanup
[3838.965s][info][gc             ] GC(948) Pause Cleanup 2669M->2669M(4096M) 0.135ms
[3838.966s][info][gc,cpu         ] GC(948) User=0.00s Sys=0.00s Real=0.00s
[3838.966s][info][gc,marking     ] GC(948) Concurrent Clear Claimed Marks
[3838.966s][info][gc,marking     ] GC(948) Concurrent Clear Claimed Marks 0.024ms
[3838.966s][info][gc,marking     ] GC(948) Concurrent Cleanup for Next Mark
[3838.972s][info][gc,marking     ] GC(948) Concurrent Cleanup for Next Mark 6.847ms
[3838.972s][info][gc             ] GC(948) Concurrent Mark Cycle 1525.005ms
.[3840.110s][info][gc,start       ] GC(949) Pause Young (Prepare Mixed) (G1 Evacuation Pause)
[3840.110s][info][gc,task        ] GC(949) Using 6 workers of 6 for evacuation
[3840.227s][info][gc,phases      ] GC(949)   Pre Evacuate Collection Set: 0.32ms
[3840.227s][info][gc,phases      ] GC(949)   Merge Heap Roots: 0.52ms
[3840.227s][info][gc,phases      ] GC(949)   Evacuate Collection Set: 115.18ms
[3840.227s][info][gc,phases      ] GC(949)   Post Evacuate Collection Set: 0.94ms
[3840.227s][info][gc,phases      ] GC(949)   Other: 0.09ms
[3840.227s][info][gc,heap        ] GC(949) Eden regions: 1118->0(1111)
[3840.227s][info][gc,heap        ] GC(949) Survivor regions: 110->109(154)
[3840.227s][info][gc,heap        ] GC(949) Old regions: 504->536
[3840.227s][info][gc,heap        ] GC(949) Humongous regions: 80->80
[3840.227s][info][gc,metaspace   ] GC(949) Metaspace: 28896K(29312K)->28896K(29312K) NonClass: 24028K(24256K)->24028K(24256K) Class: 4868K(5056K)->4868K(5056K)
[3840.227s][info][gc             ] GC(949) Pause Young (Prepare Mixed) (G1 Evacuation Pause) 3621M->1448M(4096M) 117.168ms
[3840.227s][info][gc,cpu         ] GC(949) User=0.70s Sys=0.00s Real=0.12s
...[3842.882s][info][gc,start       ] GC(950) Pause Young (Mixed) (G1 Evacuation Pause)
[3842.882s][info][gc,task        ] GC(950) Using 6 workers of 6 for evacuation
[3843.018s][info][gc,phases      ] GC(950)   Pre Evacuate Collection Set: 0.35ms
[3843.018s][info][gc,phases      ] GC(950)   Merge Heap Roots: 0.75ms
[3843.018s][info][gc,phases      ] GC(950)   Evacuate Collection Set: 134.23ms
[3843.018s][info][gc,phases      ] GC(950)   Post Evacuate Collection Set: 0.93ms
[3843.018s][info][gc,phases      ] GC(950)   Other: 0.09ms
[3843.018s][info][gc,heap        ] GC(950) Eden regions: 1111->0(1118)
[3843.018s][info][gc,heap        ] GC(950) Survivor regions: 109->110(153)
[3843.018s][info][gc,heap        ] GC(950) Old regions: 536->472
[3843.018s][info][gc,heap        ] GC(950) Humongous regions: 80->80
[3843.018s][info][gc,metaspace   ] GC(950) Metaspace: 28896K(29312K)->28896K(29312K) NonClass: 24028K(24256K)->24028K(24256K) Class: 4868K(5056K)->4868K(5056K)
[3843.018s][info][gc             ] GC(950) Pause Young (Mixed) (G1 Evacuation Pause) 3670M->1322M(4096M) 136.507ms
[3843.018s][info][gc,cpu         ] GC(950) User=0.81s Sys=0.00s Real=0.14s
..[3845.687s][info][gc,start       ] GC(951) Pause Young (Concurrent Start) (G1 Evacuation Pause)
[3845.687s][info][gc,task        ] GC(951) Using 6 workers of 6 for evacuation
[3845.802s][info][gc,phases      ] GC(951)   Pre Evacuate Collection Set: 0.40ms
[3845.802s][info][gc,phases      ] GC(951)   Merge Heap Roots: 0.45ms
[3845.802s][info][gc,phases      ] GC(951)   Evacuate Collection Set: 112.83ms
[3845.802s][info][gc,phases      ] GC(951)   Post Evacuate Collection Set: 0.87ms
[3845.802s][info][gc,phases      ] GC(951)   Other: 0.10ms
[3845.802s][info][gc,heap        ] GC(951) Eden regions: 1118->0(1120)
[3845.802s][info][gc,heap        ] GC(951) Survivor regions: 110->108(154)
[3845.802s][info][gc,heap        ] GC(951) Old regions: 472->504
[3845.802s][info][gc,heap        ] GC(951) Humongous regions: 80->80
[3845.802s][info][gc,metaspace   ] GC(951) Metaspace: 28896K(29312K)->28896K(29312K) NonClass: 24028K(24256K)->24028K(24256K) Class: 4868K(5056K)->4868K(5056K)
[3845.802s][info][gc             ] GC(951) Pause Young (Concurrent Start) (G1 Evacuation Pause) 3558M->1381M(4096M) 114.808ms
[3845.802s][info][gc             ] GC(952) Concurrent Mark Cycle
[3845.802s][info][gc,marking     ] GC(952) Concurrent Scan Root Regions
[3845.802s][info][gc,cpu         ] GC(951) User=0.68s Sys=0.01s Real=0.11s
.[3845.932s][info][gc,marking     ] GC(952) Concurrent Scan Root Regions 130.079ms
[3845.932s][info][gc,marking     ] GC(952) Concurrent Mark
[3845.932s][info][gc,marking     ] GC(952) Concurrent Mark From Roots
[3845.932s][info][gc,task        ] GC(952) Using 2 workers of 2 for marking
[3846.609s][info][gc,marking     ] GC(952) Concurrent Mark From Roots 676.500ms
[3846.609s][info][gc,marking     ] GC(952) Concurrent Preclean
[3846.609s][info][gc,marking     ] GC(952) Concurrent Preclean 0.093ms
[3846.611s][info][gc,start       ] GC(952) Pause Remark
[3846.617s][info][gc             ] GC(952) Pause Remark 2085M->2085M(4096M) 5.346ms
[3846.617s][info][gc,cpu         ] GC(952) User=0.03s Sys=0.00s Real=0.01s
[3846.617s][info][gc,marking     ] GC(952) Concurrent Mark 684.463ms
[3846.617s][info][gc,marking     ] GC(952) Concurrent Rebuild Remembered Sets and Scrub Regions
.[3846.942s][info][gc,marking     ] GC(952) Concurrent Rebuild Remembered Sets and Scrub Regions 325.279ms
[3846.942s][info][gc,start       ] GC(952) Pause Cleanup
[3846.942s][info][gc             ] GC(952) Pause Cleanup 2365M->2365M(4096M) 0.128ms
[3846.942s][info][gc,cpu         ] GC(952) User=0.00s Sys=0.00s Real=0.00s
[3846.942s][info][gc,marking     ] GC(952) Concurrent Clear Claimed Marks
[3846.943s][info][gc,marking     ] GC(952) Concurrent Clear Claimed Marks 0.025ms
[3846.943s][info][gc,marking     ] GC(952) Concurrent Cleanup for Next Mark
[3846.947s][info][gc,marking     ] GC(952) Concurrent Cleanup for Next Mark 4.454ms
[3846.947s][info][gc             ] GC(952) Concurrent Mark Cycle 1144.835ms
.[3848.484s][info][gc,start       ] GC(953) Pause Young (Prepare Mixed) (G1 Evacuation Pause)
[3848.484s][info][gc,task        ] GC(953) Using 6 workers of 6 for evacuation
[3848.603s][info][gc,phases      ] GC(953)   Pre Evacuate Collection Set: 0.28ms
[3848.603s][info][gc,phases      ] GC(953)   Merge Heap Roots: 0.49ms
[3848.603s][info][gc,phases      ] GC(953)   Evacuate Collection Set: 117.41ms
[3848.603s][info][gc,phases      ] GC(953)   Post Evacuate Collection Set: 0.91ms
[3848.603s][info][gc,phases      ] GC(953)   Other: 0.08ms
[3848.603s][info][gc,heap        ] GC(953) Eden regions: 1120->0(1100)
[3848.603s][info][gc,heap        ] GC(953) Survivor regions: 108->114(154)
[3848.603s][info][gc,heap        ] GC(953) Old regions: 504->537
[3848.603s][info][gc,heap        ] GC(953) Humongous regions: 80->80
[3848.603s][info][gc,metaspace   ] GC(953) Metaspace: 28896K(29312K)->28896K(29312K) NonClass: 24028K(24256K)->24028K(24256K) Class: 4868K(5056K)->4868K(5056K)
[3848.603s][info][gc             ] GC(953) Pause Young (Prepare Mixed) (G1 Evacuation Pause) 3621M->1459M(4096M) 119.327ms
[3848.603s][info][gc,cpu         ] GC(953) User=0.71s Sys=0.00s Real=0.12s
...[3851.223s][info][gc,start       ] GC(954) Pause Young (Mixed) (G1 Evacuation Pause)
[3851.223s][info][gc,task        ] GC(954) Using 6 workers of 6 for evacuation
[3851.359s][info][gc,phases      ] GC(954)   Pre Evacuate Collection Set: 0.38ms
[3851.359s][info][gc,phases      ] GC(954)   Merge Heap Roots: 0.67ms
[3851.359s][info][gc,phases      ] GC(954)   Evacuate Collection Set: 134.60ms
[3851.359s][info][gc,phases      ] GC(954)   Post Evacuate Collection Set: 0.93ms
[3851.359s][info][gc,phases      ] GC(954)   Other: 0.09ms
[3851.360s][info][gc,heap        ] GC(954) Eden regions: 1100->0(1115)
[3851.360s][info][gc,heap        ] GC(954) Survivor regions: 114->113(152)
[3851.360s][info][gc,heap        ] GC(954) Old regions: 537->473
[3851.360s][info][gc,heap        ] GC(954) Humongous regions: 80->80
[3851.360s][info][gc,metaspace   ] GC(954) Metaspace: 28896K(29312K)->28896K(29312K) NonClass: 24028K(24256K)->24028K(24256K) Class: 4868K(5056K)->4868K(5056K)
[3851.360s][info][gc             ] GC(954) Pause Young (Mixed) (G1 Evacuation Pause) 3659M->1328M(4096M) 136.806ms
[3851.360s][info][gc,cpu         ] GC(954) User=0.81s Sys=0.00s Real=0.14s
...[3853.969s][info][gc,start       ] GC(955) Pause Young (Concurrent Start) (G1 Evacuation Pause)
[3853.969s][info][gc,task        ] GC(955) Using 6 workers of 6 for evacuation
[3854.086s][info][gc,phases      ] GC(955)   Pre Evacuate Collection Set: 0.35ms
[3854.086s][info][gc,phases      ] GC(955)   Merge Heap Roots: 0.47ms
[3854.086s][info][gc,phases      ] GC(955)   Evacuate Collection Set: 114.54ms
[3854.086s][info][gc,phases      ] GC(955)   Post Evacuate Collection Set: 0.84ms
[3854.086s][info][gc,phases      ] GC(955)   Other: 0.11ms
[3854.086s][info][gc,heap        ] GC(955) Eden regions: 1115->0(1118)
[3854.086s][info][gc,heap        ] GC(955) Survivor regions: 113->110(154)
[3854.086s][info][gc,heap        ] GC(955) Old regions: 473->505
[3854.086s][info][gc,heap        ] GC(955) Humongous regions: 80->80
[3854.086s][info][gc,metaspace   ] GC(955) Metaspace: 28896K(29312K)->28896K(29312K) NonClass: 24028K(24256K)->24028K(24256K) Class: 4868K(5056K)->4868K(5056K)
[3854.086s][info][gc             ] GC(955) Pause Young (Concurrent Start) (G1 Evacuation Pause) 3558M->1387M(4096M) 116.448ms
[3854.086s][info][gc             ] GC(956) Concurrent Mark Cycle
[3854.086s][info][gc,marking     ] GC(956) Concurrent Scan Root Regions
[3854.086s][info][gc,cpu         ] GC(955) User=0.69s Sys=0.00s Real=0.12s
[3854.255s][info][gc,marking     ] GC(956) Concurrent Scan Root Regions 169.348ms
[3854.255s][info][gc,marking     ] GC(956) Concurrent Mark
[3854.255s][info][gc,marking     ] GC(956) Concurrent Mark From Roots
[3854.255s][info][gc,task        ] GC(956) Using 2 workers of 2 for marking
.[3855.130s][info][gc,marking     ] GC(956) Concurrent Mark From Roots 874.233ms
[3855.130s][info][gc,marking     ] GC(956) Concurrent Preclean
[3855.130s][info][gc,marking     ] GC(956) Concurrent Preclean 0.136ms
[3855.130s][info][gc,start       ] GC(956) Pause Remark
[3855.136s][info][gc             ] GC(956) Pause Remark 2289M->2289M(4096M) 5.626ms
[3855.136s][info][gc,cpu         ] GC(956) User=0.03s Sys=0.00s Real=0.01s
[3855.136s][info][gc,marking     ] GC(956) Concurrent Mark 880.275ms
[3855.136s][info][gc,marking     ] GC(956) Concurrent Rebuild Remembered Sets and Scrub Regions
[3855.485s][info][gc,marking     ] GC(956) Concurrent Rebuild Remembered Sets and Scrub Regions 349.529ms
[3855.486s][info][gc,start       ] GC(956) Pause Cleanup
[3855.486s][info][gc             ] GC(956) Pause Cleanup 2590M->2590M(4096M) 0.114ms
[3855.486s][info][gc,cpu         ] GC(956) User=0.00s Sys=0.00s Real=0.00s
[3855.487s][info][gc,marking     ] GC(956) Concurrent Clear Claimed Marks
[3855.487s][info][gc,marking     ] GC(956) Concurrent Clear Claimed Marks 0.035ms
[3855.487s][info][gc,marking     ] GC(956) Concurrent Cleanup for Next Mark
[3855.491s][info][gc,marking     ] GC(956) Concurrent Cleanup for Next Mark 3.996ms
[3855.491s][info][gc             ] GC(956) Concurrent Mark Cycle 1404.945ms
.[3856.781s][info][gc,start       ] GC(957) Pause Young (Prepare Mixed) (G1 Evacuation Pause)
[3856.781s][info][gc,task        ] GC(957) Using 6 workers of 6 for evacuation
[3856.899s][info][gc,phases      ] GC(957)   Pre Evacuate Collection Set: 0.32ms
[3856.899s][info][gc,phases      ] GC(957)   Merge Heap Roots: 0.49ms
[3856.899s][info][gc,phases      ] GC(957)   Evacuate Collection Set: 115.84ms
[3856.899s][info][gc,phases      ] GC(957)   Post Evacuate Collection Set: 0.90ms
[3856.899s][info][gc,phases      ] GC(957)   Other: 0.09ms
[3856.899s][info][gc,heap        ] GC(957) Eden regions: 1118->0(1109)
[3856.899s][info][gc,heap        ] GC(957) Survivor regions: 110->109(154)
[3856.899s][info][gc,heap        ] GC(957) Old regions: 505->538
[3856.899s][info][gc,heap        ] GC(957) Humongous regions: 80->80
[3856.899s][info][gc,metaspace   ] GC(957) Metaspace: 28896K(29312K)->28896K(29312K) NonClass: 24028K(24256K)->24028K(24256K) Class: 4868K(5056K)->4868K(5056K)
[3856.899s][info][gc             ] GC(957) Pause Young (Prepare Mixed) (G1 Evacuation Pause) 3623M->1451M(4096M) 117.762ms
[3856.899s][info][gc,cpu         ] GC(957) User=0.70s Sys=0.00s Real=0.12s
...[3859.586s][info][gc,start       ] GC(958) Pause Young (Mixed) (G1 Evacuation Pause)
[3859.586s][info][gc,task        ] GC(958) Using 6 workers of 6 for evacuation
[3859.719s][info][gc,phases      ] GC(958)   Pre Evacuate Collection Set: 0.37ms
[3859.719s][info][gc,phases      ] GC(958)   Merge Heap Roots: 0.68ms
[3859.719s][info][gc,phases      ] GC(958)   Evacuate Collection Set: 131.26ms
[3859.719s][info][gc,phases      ] GC(958)   Post Evacuate Collection Set: 0.93ms
[3859.719s][info][gc,phases      ] GC(958)   Other: 0.09ms
[3859.719s][info][gc,heap        ] GC(958) Eden regions: 1109->0(1116)
[3859.719s][info][gc,heap        ] GC(958) Survivor regions: 109->112(153)
[3859.719s][info][gc,heap        ] GC(958) Old regions: 538->473
[3859.719s][info][gc,heap        ] GC(958) Humongous regions: 80->80
[3859.719s][info][gc,metaspace   ] GC(958) Metaspace: 28896K(29312K)->28896K(29312K) NonClass: 24028K(24256K)->24028K(24256K) Class: 4868K(5056K)->4868K(5056K)
[3859.719s][info][gc             ] GC(958) Pause Young (Mixed) (G1 Evacuation Pause) 3669M->1326M(4096M) 133.459ms
[3859.719s][info][gc,cpu         ] GC(958) User=0.79s Sys=0.00s Real=0.13s
...[3862.328s][info][gc,start       ] GC(959) Pause Young (Concurrent Start) (G1 Evacuation Pause)
[3862.328s][info][gc,task        ] GC(959) Using 6 workers of 6 for evacuation
[3862.445s][info][gc,phases      ] GC(959)   Pre Evacuate Collection Set: 0.38ms
[3862.445s][info][gc,phases      ] GC(959)   Merge Heap Roots: 0.45ms
[3862.445s][info][gc,phases      ] GC(959)   Evacuate Collection Set: 114.69ms
[3862.445s][info][gc,phases      ] GC(959)   Post Evacuate Collection Set: 0.89ms
[3862.445s][info][gc,phases      ] GC(959)   Other: 0.12ms
[3862.445s][info][gc,heap        ] GC(959) Eden regions: 1116->0(1118)
[3862.445s][info][gc,heap        ] GC(959) Survivor regions: 112->110(154)
[3862.445s][info][gc,heap        ] GC(959) Old regions: 473->504
[3862.445s][info][gc,heap        ] GC(959) Humongous regions: 80->80
[3862.445s][info][gc,metaspace   ] GC(959) Metaspace: 28896K(29312K)->28896K(29312K) NonClass: 24028K(24256K)->24028K(24256K) Class: 4868K(5056K)->4868K(5056K)
[3862.445s][info][gc             ] GC(959) Pause Young (Concurrent Start) (G1 Evacuation Pause) 3558M->1385M(4096M) 116.658ms
[3862.445s][info][gc             ] GC(960) Concurrent Mark Cycle
[3862.445s][info][gc,marking     ] GC(960) Concurrent Scan Root Regions
[3862.445s][info][gc,cpu         ] GC(959) User=0.69s Sys=0.00s Real=0.12s
[3862.613s][info][gc,marking     ] GC(960) Concurrent Scan Root Regions 167.690ms
[3862.613s][info][gc,marking     ] GC(960) Concurrent Mark
[3862.613s][info][gc,marking     ] GC(960) Concurrent Mark From Roots
[3862.613s][info][gc,task        ] GC(960) Using 2 workers of 2 for marking
.[3863.606s][info][gc,marking     ] GC(960) Concurrent Mark From Roots 993.566ms
[3863.606s][info][gc,marking     ] GC(960) Concurrent Preclean
[3863.606s][info][gc,marking     ] GC(960) Concurrent Preclean 0.148ms
[3863.609s][info][gc,start       ] GC(960) Pause Remark
[3863.615s][info][gc             ] GC(960) Pause Remark 2413M->2413M(4096M) 6.373ms
[3863.615s][info][gc,cpu         ] GC(960) User=0.03s Sys=0.00s Real=0.01s
[3863.615s][info][gc,marking     ] GC(960) Concurrent Mark 1002.686ms
[3863.615s][info][gc,marking     ] GC(960) Concurrent Rebuild Remembered Sets and Scrub Regions
[3863.881s][info][gc,marking     ] GC(960) Concurrent Rebuild Remembered Sets and Scrub Regions 265.107ms
[3863.882s][info][gc,start       ] GC(960) Pause Cleanup
[3863.883s][info][gc             ] GC(960) Pause Cleanup 2633M->2633M(4096M) 0.132ms
[3863.883s][info][gc,cpu         ] GC(960) User=0.00s Sys=0.00s Real=0.00s
[3863.883s][info][gc,marking     ] GC(960) Concurrent Clear Claimed Marks
[3863.883s][info][gc,marking     ] GC(960) Concurrent Clear Claimed Marks 0.027ms
[3863.883s][info][gc,marking     ] GC(960) Concurrent Cleanup for Next Mark
[3863.887s][info][gc,marking     ] GC(960) Concurrent Cleanup for Next Mark 4.454ms
[3863.887s][info][gc             ] GC(960) Concurrent Mark Cycle 1442.204ms
..[3865.105s][info][gc,start       ] GC(961) Pause Young (Prepare Mixed) (G1 Evacuation Pause)
[3865.105s][info][gc,task        ] GC(961) Using 6 workers of 6 for evacuation
[3865.224s][info][gc,phases      ] GC(961)   Pre Evacuate Collection Set: 0.34ms
[3865.224s][info][gc,phases      ] GC(961)   Merge Heap Roots: 0.51ms
[3865.224s][info][gc,phases      ] GC(961)   Evacuate Collection Set: 117.55ms
[3865.224s][info][gc,phases      ] GC(961)   Post Evacuate Collection Set: 0.92ms
[3865.224s][info][gc,phases      ] GC(961)   Other: 0.09ms
[3865.224s][info][gc,heap        ] GC(961) Eden regions: 1118->0(1106)
[3865.224s][info][gc,heap        ] GC(961) Survivor regions: 110->111(154)
[3865.224s][info][gc,heap        ] GC(961) Old regions: 504->537
[3865.224s][info][gc,heap        ] GC(961) Humongous regions: 80->80
[3865.224s][info][gc,metaspace   ] GC(961) Metaspace: 28896K(29312K)->28896K(29312K) NonClass: 24028K(24256K)->24028K(24256K) Class: 4868K(5056K)->4868K(5056K)
[3865.224s][info][gc             ] GC(961) Pause Young (Prepare Mixed) (G1 Evacuation Pause) 3621M->1453M(4096M) 119.535ms
[3865.224s][info][gc,cpu         ] GC(961) User=0.71s Sys=0.00s Real=0.12s
..[3867.851s][info][gc,start       ] GC(962) Pause Young (Mixed) (G1 Evacuation Pause)
[3867.851s][info][gc,task        ] GC(962) Using 6 workers of 6 for evacuation
[3867.985s][info][gc,phases      ] GC(962)   Pre Evacuate Collection Set: 0.35ms
[3867.985s][info][gc,phases      ] GC(962)   Merge Heap Roots: 0.72ms
[3867.985s][info][gc,phases      ] GC(962)   Evacuate Collection Set: 131.81ms
[3867.985s][info][gc,phases      ] GC(962)   Post Evacuate Collection Set: 0.94ms
[3867.985s][info][gc,phases      ] GC(962)   Other: 0.08ms
[3867.985s][info][gc,heap        ] GC(962) Eden regions: 1106->0(1118)
[3867.985s][info][gc,heap        ] GC(962) Survivor regions: 111->110(153)
[3867.985s][info][gc,heap        ] GC(962) Old regions: 537->472
[3867.985s][info][gc,heap        ] GC(962) Humongous regions: 80->80
[3867.985s][info][gc,metaspace   ] GC(962) Metaspace: 28896K(29312K)->28896K(29312K) NonClass: 24028K(24256K)->24028K(24256K) Class: 4868K(5056K)->4868K(5056K)
[3867.985s][info][gc             ] GC(962) Pause Young (Mixed) (G1 Evacuation Pause) 3665M->1320M(4096M) 134.044ms
[3867.986s][info][gc,cpu         ] GC(962) User=0.79s Sys=0.00s Real=0.14s
...[3870.630s][info][gc,start       ] GC(963) Pause Young (Concurrent Start) (G1 Evacuation Pause)
[3870.630s][info][gc,task        ] GC(963) Using 6 workers of 6 for evacuation
[3870.749s][info][gc,phases      ] GC(963)   Pre Evacuate Collection Set: 0.38ms
[3870.749s][info][gc,phases      ] GC(963)   Merge Heap Roots: 0.46ms
[3870.749s][info][gc,phases      ] GC(963)   Evacuate Collection Set: 116.40ms
[3870.749s][info][gc,phases      ] GC(963)   Post Evacuate Collection Set: 0.88ms
[3870.749s][info][gc,phases      ] GC(963)   Other: 0.11ms
[3870.749s][info][gc,heap        ] GC(963) Eden regions: 1118->0(1116)
[3870.749s][info][gc,heap        ] GC(963) Survivor regions: 110->112(154)
[3870.749s][info][gc,heap        ] GC(963) Old regions: 472->504
[3870.749s][info][gc,heap        ] GC(963) Humongous regions: 80->80
[3870.749s][info][gc,metaspace   ] GC(963) Metaspace: 28896K(29312K)->28896K(29312K) NonClass: 24028K(24256K)->24028K(24256K) Class: 4868K(5056K)->4868K(5056K)
[3870.749s][info][gc             ] GC(963) Pause Young (Concurrent Start) (G1 Evacuation Pause) 3556M->1388M(4096M) 118.353ms
[3870.749s][info][gc             ] GC(964) Concurrent Mark Cycle
[3870.749s][info][gc,marking     ] GC(964) Concurrent Scan Root Regions
[3870.749s][info][gc,cpu         ] GC(963) User=0.70s Sys=0.00s Real=0.12s
[3870.924s][info][gc,marking     ] GC(964) Concurrent Scan Root Regions 175.624ms
[3870.924s][info][gc,marking     ] GC(964) Concurrent Mark
[3870.924s][info][gc,marking     ] GC(964) Concurrent Mark From Roots
[3870.924s][info][gc,task        ] GC(964) Using 2 workers of 2 for marking
.[3871.894s][info][gc,marking     ] GC(964) Concurrent Mark From Roots 969.455ms
[3871.894s][info][gc,marking     ] GC(964) Concurrent Preclean
[3871.894s][info][gc,marking     ] GC(964) Concurrent Preclean 0.093ms
[3871.894s][info][gc,start       ] GC(964) Pause Remark
[3871.900s][info][gc             ] GC(964) Pause Remark 2399M->2399M(4096M) 6.011ms
[3871.900s][info][gc,cpu         ] GC(964) User=0.03s Sys=0.00s Real=0.01s
[3871.900s][info][gc,marking     ] GC(964) Concurrent Mark 975.786ms
[3871.900s][info][gc,marking     ] GC(964) Concurrent Rebuild Remembered Sets and Scrub Regions
. (rIR:aIR:PR = 6780:6788:6788) (tPR = 100905) [OK] 
  3872s: Performance info:
         Transaction,    Success,    Partial,     Failed,   Receipts, AvgBarcode, 
             Overall,     411872,          0,          0,     391320,      59.48, 
         Response times:
             Request,    Success,    Partial,     Failed,   SkipFail,     Probes,    Samples,      min,      p50,      p90,      p95,      p99,      max, 
       TotalPurchase,     391319,          0,          0,          0,     364001,     389743,      300,     5700,    32000,    55000,   105000,   280000,
     InStorePurchase,     205975,          0,          0,          0,     191049,     203977,      300,     5700,    32000,    54000,   104000,   256000,
      OnlinePurchase,     144206,          0,          0,          0,     134145,     143940,      300,     5800,    32000,    55000,   107000,   280000,
        InstPurchase,      41138,          0,          0,          0,      38807,      41826,      400,     5800,    31000,    53000,   104000,   280000,
          AssocOfCat,        411,          0,          0,          0,        311,        389,    25000,    39000,    76000,    93500,   168700,   189000,
      AssocOfProduct,       4108,          0,          0,          0,       3819,       4321,      400,     5600,    30000,    51000,   110560,   199000,
      BusinessReport,       1028,          0,          0,          0,        917,       1089,    26000,    44000,    85000,   118000,   180700,   254000,
          CustBuyBeh,       4105,          0,          0,          0,       3823,       4299,      200,     6300,    34000,    57000,   111000,   198000,
       ProductReturn,      10900,          0,          0,          0,      10409,      11455,      400,     6100,    30000,    54000,   111440,   215000,

  3872s: (50%)   IR =   6918 [3872.257s][info][gc,marking     ] GC(964) Concurrent Rebuild Remembered Sets and Scrub Regions 357.282ms
[3872.258s][info][gc,start       ] GC(964) Pause Cleanup
[3872.258s][info][gc             ] GC(964) Pause Cleanup 2671M->2671M(4096M) 0.111ms
[3872.258s][info][gc,cpu         ] GC(964) User=0.00s Sys=0.00s Real=0.00s
[3872.258s][info][gc,marking     ] GC(964) Concurrent Clear Claimed Marks
[3872.258s][info][gc,marking     ] GC(964) Concurrent Clear Claimed Marks 0.028ms
[3872.258s][info][gc,marking     ] GC(964) Concurrent Cleanup for Next Mark
[3872.261s][info][gc,marking     ] GC(964) Concurrent Cleanup for Next Mark 3.226ms
[3872.261s][info][gc             ] GC(964) Concurrent Mark Cycle 1512.350ms
.[3873.433s][info][gc,start       ] GC(965) Pause Young (Prepare Mixed) (G1 Evacuation Pause)
[3873.434s][info][gc,task        ] GC(965) Using 6 workers of 6 for evacuation
[3873.553s][info][gc,phases      ] GC(965)   Pre Evacuate Collection Set: 0.31ms
[3873.553s][info][gc,phases      ] GC(965)   Merge Heap Roots: 0.56ms
[3873.553s][info][gc,phases      ] GC(965)   Evacuate Collection Set: 117.36ms
[3873.553s][info][gc,phases      ] GC(965)   Post Evacuate Collection Set: 0.93ms
[3873.553s][info][gc,phases      ] GC(965)   Other: 0.09ms
[3873.553s][info][gc,heap        ] GC(965) Eden regions: 1116->0(1106)
[3873.553s][info][gc,heap        ] GC(965) Survivor regions: 112->112(154)
[3873.553s][info][gc,heap        ] GC(965) Old regions: 504->535
[3873.553s][info][gc,heap        ] GC(965) Humongous regions: 80->80
[3873.553s][info][gc,metaspace   ] GC(965) Metaspace: 28896K(29312K)->28896K(29312K) NonClass: 24028K(24256K)->24028K(24256K) Class: 4868K(5056K)->4868K(5056K)
[3873.553s][info][gc             ] GC(965) Pause Young (Prepare Mixed) (G1 Evacuation Pause) 3620M->1451M(4096M) 119.386ms
[3873.553s][info][gc,cpu         ] GC(965) User=0.71s Sys=0.00s Real=0.12s
..[3876.162s][info][gc,start       ] GC(966) Pause Young (Mixed) (G1 Evacuation Pause)
[3876.162s][info][gc,task        ] GC(966) Using 6 workers of 6 for evacuation
[3876.296s][info][gc,phases      ] GC(966)   Pre Evacuate Collection Set: 0.42ms
[3876.296s][info][gc,phases      ] GC(966)   Merge Heap Roots: 0.78ms
[3876.296s][info][gc,phases      ] GC(966)   Evacuate Collection Set: 131.49ms
[3876.296s][info][gc,phases      ] GC(966)   Post Evacuate Collection Set: 0.94ms
[3876.296s][info][gc,phases      ] GC(966)   Other: 0.10ms
[3876.296s][info][gc,heap        ] GC(966) Eden regions: 1106->0(1119)
[3876.296s][info][gc,heap        ] GC(966) Survivor regions: 112->109(153)
[3876.296s][info][gc,heap        ] GC(966) Old regions: 535->473
[3876.296s][info][gc,heap        ] GC(966) Humongous regions: 80->80
[3876.296s][info][gc,metaspace   ] GC(966) Metaspace: 28896K(29312K)->28896K(29312K) NonClass: 24028K(24256K)->24028K(24256K) Class: 4868K(5056K)->4868K(5056K)
[3876.296s][info][gc             ] GC(966) Pause Young (Mixed) (G1 Evacuation Pause) 3663M->1321M(4096M) 133.884ms
[3876.296s][info][gc,cpu         ] GC(966) User=0.79s Sys=0.00s Real=0.14s
...[3878.897s][info][gc,start       ] GC(967) Pause Young (Concurrent Start) (G1 Evacuation Pause)
[3878.897s][info][gc,task        ] GC(967) Using 6 workers of 6 for evacuation
[3879.013s][info][gc,phases      ] GC(967)   Pre Evacuate Collection Set: 0.38ms
[3879.013s][info][gc,phases      ] GC(967)   Merge Heap Roots: 0.48ms
[3879.013s][info][gc,phases      ] GC(967)   Evacuate Collection Set: 114.28ms
[3879.013s][info][gc,phases      ] GC(967)   Post Evacuate Collection Set: 0.88ms
[3879.013s][info][gc,phases      ] GC(967)   Other: 0.09ms
[3879.013s][info][gc,heap        ] GC(967) Eden regions: 1119->0(1120)
[3879.013s][info][gc,heap        ] GC(967) Survivor regions: 109->108(154)
[3879.013s][info][gc,heap        ] GC(967) Old regions: 473->506
[3879.013s][info][gc,heap        ] GC(967) Humongous regions: 80->80
[3879.013s][info][gc,metaspace   ] GC(967) Metaspace: 28896K(29312K)->28896K(29312K) NonClass: 24028K(24256K)->24028K(24256K) Class: 4868K(5056K)->4868K(5056K)
[3879.013s][info][gc             ] GC(967) Pause Young (Concurrent Start) (G1 Evacuation Pause) 3559M->1385M(4096M) 116.273ms
[3879.013s][info][gc             ] GC(968) Concurrent Mark Cycle
[3879.013s][info][gc,marking     ] GC(968) Concurrent Scan Root Regions
[3879.013s][info][gc,cpu         ] GC(967) User=0.69s Sys=0.00s Real=0.11s
[3879.211s][info][gc,marking     ] GC(968) Concurrent Scan Root Regions 198.201ms
[3879.211s][info][gc,marking     ] GC(968) Concurrent Mark
[3879.211s][info][gc,marking     ] GC(968) Concurrent Mark From Roots
[3879.211s][info][gc,task        ] GC(968) Using 2 workers of 2 for marking
.[3879.938s][info][gc,marking     ] GC(968) Concurrent Mark From Roots 726.776ms
[3879.938s][info][gc,marking     ] GC(968) Concurrent Preclean
[3879.938s][info][gc,marking     ] GC(968) Concurrent Preclean 0.141ms
[3879.939s][info][gc,start       ] GC(968) Pause Remark
[3879.944s][info][gc             ] GC(968) Pause Remark 2188M->2188M(4096M) 5.169ms
[3879.944s][info][gc,cpu         ] GC(968) User=0.03s Sys=0.00s Real=0.00s
[3879.944s][info][gc,marking     ] GC(968) Concurrent Mark 732.886ms
[3879.944s][info][gc,marking     ] GC(968) Concurrent Rebuild Remembered Sets and Scrub Regions
[3880.200s][info][gc,marking     ] GC(968) Concurrent Rebuild Remembered Sets and Scrub Regions 255.464ms
[3880.200s][info][gc,start       ] GC(968) Pause Cleanup
[3880.200s][info][gc             ] GC(968) Pause Cleanup 2399M->2399M(4096M) 0.121ms
[3880.200s][info][gc,cpu         ] GC(968) User=0.00s Sys=0.00s Real=0.00s
[3880.200s][info][gc,marking     ] GC(968) Concurrent Clear Claimed Marks
[3880.200s][info][gc,marking     ] GC(968) Concurrent Clear Claimed Marks 0.022ms
[3880.200s][info][gc,marking     ] GC(968) Concurrent Cleanup for Next Mark
[3880.205s][info][gc,marking     ] GC(968) Concurrent Cleanup for Next Mark 5.249ms
[3880.206s][info][gc             ] GC(968) Concurrent Mark Cycle 1192.398ms
..[3881.613s][info][gc,start       ] GC(969) Pause Young (Prepare Mixed) (G1 Evacuation Pause)
[3881.614s][info][gc,task        ] GC(969) Using 6 workers of 6 for evacuation
[3881.734s][info][gc,phases      ] GC(969)   Pre Evacuate Collection Set: 0.34ms
[3881.734s][info][gc,phases      ] GC(969)   Merge Heap Roots: 0.53ms
[3881.734s][info][gc,phases      ] GC(969)   Evacuate Collection Set: 118.17ms
[3881.734s][info][gc,phases      ] GC(969)   Post Evacuate Collection Set: 0.92ms
[3881.734s][info][gc,phases      ] GC(969)   Other: 0.08ms
[3881.734s][info][gc,heap        ] GC(969) Eden regions: 1120->0(1104)
[3881.734s][info][gc,heap        ] GC(969) Survivor regions: 108->112(154)
[3881.734s][info][gc,heap        ] GC(969) Old regions: 506->537
[3881.734s][info][gc,heap        ] GC(969) Humongous regions: 80->80
[3881.734s][info][gc,metaspace   ] GC(969) Metaspace: 28896K(29312K)->28896K(29312K) NonClass: 24028K(24256K)->24028K(24256K) Class: 4868K(5056K)->4868K(5056K)
[3881.734s][info][gc             ] GC(969) Pause Young (Prepare Mixed) (G1 Evacuation Pause) 3625M->1456M(4096M) 120.194ms
[3881.734s][info][gc,cpu         ] GC(969) User=0.72s Sys=0.00s Real=0.12s
.|.[3884.350s][info][gc,start       ] GC(970) Pause Young (Mixed) (G1 Evacuation Pause)
[3884.350s][info][gc,task        ] GC(970) Using 6 workers of 6 for evacuation
[3884.485s][info][gc,phases      ] GC(970)   Pre Evacuate Collection Set: 0.38ms
[3884.485s][info][gc,phases      ] GC(970)   Merge Heap Roots: 0.68ms
[3884.485s][info][gc,phases      ] GC(970)   Evacuate Collection Set: 132.59ms
[3884.485s][info][gc,phases      ] GC(970)   Post Evacuate Collection Set: 0.96ms
[3884.485s][info][gc,phases      ] GC(970)   Other: 0.08ms
[3884.485s][info][gc,heap        ] GC(970) Eden regions: 1104->0(1117)
[3884.485s][info][gc,heap        ] GC(970) Survivor regions: 112->111(152)
[3884.485s][info][gc,heap        ] GC(970) Old regions: 537->472
[3884.485s][info][gc,heap        ] GC(970) Humongous regions: 80->80
[3884.485s][info][gc,metaspace   ] GC(970) Metaspace: 28896K(29312K)->28896K(29312K) NonClass: 24028K(24256K)->24028K(24256K) Class: 4868K(5056K)->4868K(5056K)
[3884.485s][info][gc             ] GC(970) Pause Young (Mixed) (G1 Evacuation Pause) 3664M->1322M(4096M) 134.829ms
[3884.485s][info][gc,cpu         ] GC(970) User=0.80s Sys=0.00s Real=0.14s
...[3887.082s][info][gc,start       ] GC(971) Pause Young (Concurrent Start) (G1 Evacuation Pause)
[3887.082s][info][gc,task        ] GC(971) Using 6 workers of 6 for evacuation
[3887.200s][info][gc,phases      ] GC(971)   Pre Evacuate Collection Set: 0.38ms
[3887.200s][info][gc,phases      ] GC(971)   Merge Heap Roots: 0.48ms
[3887.200s][info][gc,phases      ] GC(971)   Evacuate Collection Set: 116.00ms
[3887.200s][info][gc,phases      ] GC(971)   Post Evacuate Collection Set: 0.85ms
[3887.200s][info][gc,phases      ] GC(971)   Other: 0.13ms
[3887.200s][info][gc,heap        ] GC(971) Eden regions: 1117->0(1117)
[3887.200s][info][gc,heap        ] GC(971) Survivor regions: 111->111(154)
[3887.200s][info][gc,heap        ] GC(971) Old regions: 472->504
[3887.200s][info][gc,heap        ] GC(971) Humongous regions: 80->80
[3887.200s][info][gc,metaspace   ] GC(971) Metaspace: 28896K(29312K)->28896K(29312K) NonClass: 24028K(24256K)->24028K(24256K) Class: 4868K(5056K)->4868K(5056K)
[3887.200s][info][gc             ] GC(971) Pause Young (Concurrent Start) (G1 Evacuation Pause) 3556M->1387M(4096M) 117.991ms
[3887.200s][info][gc             ] GC(972) Concurrent Mark Cycle
[3887.200s][info][gc,marking     ] GC(972) Concurrent Scan Root Regions
[3887.200s][info][gc,cpu         ] GC(971) User=0.70s Sys=0.00s Real=0.12s
[3887.343s][info][gc,marking     ] GC(972) Concurrent Scan Root Regions 143.530ms
[3887.343s][info][gc,marking     ] GC(972) Concurrent Mark
[3887.343s][info][gc,marking     ] GC(972) Concurrent Mark From Roots
[3887.343s][info][gc,task        ] GC(972) Using 2 workers of 2 for marking
.[3888.054s][info][gc,marking     ] GC(972) Concurrent Mark From Roots 710.809ms
[3888.054s][info][gc,marking     ] GC(972) Concurrent Preclean
[3888.054s][info][gc,marking     ] GC(972) Concurrent Preclean 0.111ms
[3888.055s][info][gc,start       ] GC(972) Pause Remark
[3888.061s][info][gc             ] GC(972) Pause Remark 2155M->2155M(4096M) 5.159ms
[3888.061s][info][gc,cpu         ] GC(972) User=0.02s Sys=0.00s Real=0.00s
[3888.061s][info][gc,marking     ] GC(972) Concurrent Mark 717.577ms
[3888.061s][info][gc,marking     ] GC(972) Concurrent Rebuild Remembered Sets and Scrub Regions
[3888.463s][info][gc,marking     ] GC(972) Concurrent Rebuild Remembered Sets and Scrub Regions 402.072ms
[3888.463s][info][gc,start       ] GC(972) Pause Cleanup
[3888.463s][info][gc             ] GC(972) Pause Cleanup 2540M->2540M(4096M) 0.113ms
[3888.463s][info][gc,cpu         ] GC(972) User=0.00s Sys=0.00s Real=0.00s
[3888.463s][info][gc,marking     ] GC(972) Concurrent Clear Claimed Marks
[3888.463s][info][gc,marking     ] GC(972) Concurrent Clear Claimed Marks 0.022ms
[3888.463s][info][gc,marking     ] GC(972) Concurrent Cleanup for Next Mark
[3888.469s][info][gc,marking     ] GC(972) Concurrent Cleanup for Next Mark 5.776ms
[3888.469s][info][gc             ] GC(972) Concurrent Mark Cycle 1269.484ms
..[3889.708s][info][gc,start       ] GC(973) Pause Young (Prepare Mixed) (G1 Evacuation Pause)
[3889.708s][info][gc,task        ] GC(973) Using 6 workers of 6 for evacuation
[3889.821s][info][gc,phases      ] GC(973)   Pre Evacuate Collection Set: 0.34ms
[3889.821s][info][gc,phases      ] GC(973)   Merge Heap Roots: 0.49ms
[3889.821s][info][gc,phases      ] GC(973)   Evacuate Collection Set: 110.92ms
[3889.821s][info][gc,phases      ] GC(973)   Post Evacuate Collection Set: 0.94ms
[3889.821s][info][gc,phases      ] GC(973)   Other: 0.09ms
[3889.821s][info][gc,heap        ] GC(973) Eden regions: 1117->0(1115)
[3889.821s][info][gc,heap        ] GC(973) Survivor regions: 111->107(154)
[3889.821s][info][gc,heap        ] GC(973) Old regions: 504->536
[3889.821s][info][gc,heap        ] GC(973) Humongous regions: 80->80
[3889.821s][info][gc,metaspace   ] GC(973) Metaspace: 28896K(29312K)->28896K(29312K) NonClass: 24028K(24256K)->24028K(24256K) Class: 4868K(5056K)->4868K(5056K)
[3889.821s][info][gc             ] GC(973) Pause Young (Prepare Mixed) (G1 Evacuation Pause) 3621M->1443M(4096M) 112.917ms
[3889.821s][info][gc,cpu         ] GC(973) User=0.67s Sys=0.00s Real=0.11s
..[3892.445s][info][gc,start       ] GC(974) Pause Young (Mixed) (G1 Evacuation Pause)
[3892.445s][info][gc,task        ] GC(974) Using 6 workers of 6 for evacuation
[3892.592s][info][gc,phases      ] GC(974)   Pre Evacuate Collection Set: 0.33ms
[3892.592s][info][gc,phases      ] GC(974)   Merge Heap Roots: 0.74ms
[3892.592s][info][gc,phases      ] GC(974)   Evacuate Collection Set: 144.82ms
[3892.592s][info][gc,phases      ] GC(974)   Post Evacuate Collection Set: 0.93ms
[3892.592s][info][gc,phases      ] GC(974)   Other: 0.08ms
[3892.592s][info][gc,heap        ] GC(974) Eden regions: 1115->0(1110)
[3892.592s][info][gc,heap        ] GC(974) Survivor regions: 107->118(153)
[3892.592s][info][gc,heap        ] GC(974) Old regions: 536->473
[3892.592s][info][gc,heap        ] GC(974) Humongous regions: 80->80
[3892.592s][info][gc,metaspace   ] GC(974) Metaspace: 28896K(29312K)->28896K(29312K) NonClass: 24028K(24256K)->24028K(24256K) Class: 4868K(5056K)->4868K(5056K)
[3892.592s][info][gc             ] GC(974) Pause Young (Mixed) (G1 Evacuation Pause) 3673M->1339M(4096M) 147.031ms
[3892.592s][info][gc,cpu         ] GC(974) User=0.87s Sys=0.00s Real=0.14s
...[3895.247s][info][gc,start       ] GC(975) Pause Young (Concurrent Start) (G1 Evacuation Pause)
[3895.247s][info][gc,task        ] GC(975) Using 6 workers of 6 for evacuation
[3895.370s][info][gc,phases      ] GC(975)   Pre Evacuate Collection Set: 0.37ms
[3895.370s][info][gc,phases      ] GC(975)   Merge Heap Roots: 0.46ms
[3895.370s][info][gc,phases      ] GC(975)   Evacuate Collection Set: 120.51ms
[3895.370s][info][gc,phases      ] GC(975)   Post Evacuate Collection Set: 0.88ms
[3895.370s][info][gc,phases      ] GC(975)   Other: 0.10ms
[3895.370s][info][gc,heap        ] GC(975) Eden regions: 1110->0(1115)
[3895.370s][info][gc,heap        ] GC(975) Survivor regions: 118->113(154)
[3895.370s][info][gc,heap        ] GC(975) Old regions: 473->504
[3895.370s][info][gc,heap        ] GC(975) Humongous regions: 80->80
[3895.370s][info][gc,metaspace   ] GC(975) Metaspace: 28896K(29312K)->28896K(29312K) NonClass: 24028K(24256K)->24028K(24256K) Class: 4868K(5056K)->4868K(5056K)
[3895.370s][info][gc             ] GC(975) Pause Young (Concurrent Start) (G1 Evacuation Pause) 3559M->1391M(4096M) 122.448ms
[3895.370s][info][gc             ] GC(976) Concurrent Mark Cycle
[3895.370s][info][gc,marking     ] GC(976) Concurrent Scan Root Regions
[3895.370s][info][gc,cpu         ] GC(975) User=0.73s Sys=0.00s Real=0.12s
[3895.545s][info][gc,marking     ] GC(976) Concurrent Scan Root Regions 174.636ms
[3895.545s][info][gc,marking     ] GC(976) Concurrent Mark
[3895.545s][info][gc,marking     ] GC(976) Concurrent Mark From Roots
[3895.545s][info][gc,task        ] GC(976) Using 2 workers of 2 for marking
.[3896.583s][info][gc,marking     ] GC(976) Concurrent Mark From Roots 1038.013ms
[3896.583s][info][gc,marking     ] GC(976) Concurrent Preclean
[3896.583s][info][gc,marking     ] GC(976) Concurrent Preclean 0.115ms
[3896.583s][info][gc,start       ] GC(976) Pause Remark
[3896.586s][info][gc             ] GC(976) Pause Remark 2433M->2433M(4096M) 3.037ms
[3896.586s][info][gc,cpu         ] GC(976) User=0.02s Sys=0.00s Real=0.01s
[3896.586s][info][gc,marking     ] GC(976) Concurrent Mark 1041.802ms
[3896.586s][info][gc,marking     ] GC(976) Concurrent Rebuild Remembered Sets and Scrub Regions
.[3896.938s][info][gc,marking     ] GC(976) Concurrent Rebuild Remembered Sets and Scrub Regions 351.801ms
[3896.938s][info][gc,start       ] GC(976) Pause Cleanup
[3896.939s][info][gc             ] GC(976) Pause Cleanup 2793M->2793M(4096M) 0.125ms
[3896.939s][info][gc,cpu         ] GC(976) User=0.00s Sys=0.00s Real=0.00s
[3896.939s][info][gc,marking     ] GC(976) Concurrent Clear Claimed Marks
[3896.939s][info][gc,marking     ] GC(976) Concurrent Clear Claimed Marks 0.040ms
[3896.939s][info][gc,marking     ] GC(976) Concurrent Cleanup for Next Mark
[3896.946s][info][gc,marking     ] GC(976) Concurrent Cleanup for Next Mark 6.668ms
[3896.946s][info][gc             ] GC(976) Concurrent Mark Cycle 1576.195ms
[3897.900s][info][gc,start       ] GC(977) Pause Young (Prepare Mixed) (G1 Evacuation Pause)
[3897.900s][info][gc,task        ] GC(977) Using 6 workers of 6 for evacuation
[3898.016s][info][gc,phases      ] GC(977)   Pre Evacuate Collection Set: 0.32ms
[3898.016s][info][gc,phases      ] GC(977)   Merge Heap Roots: 0.51ms
[3898.016s][info][gc,phases      ] GC(977)   Evacuate Collection Set: 114.28ms
[3898.016s][info][gc,phases      ] GC(977)   Post Evacuate Collection Set: 0.90ms
[3898.016s][info][gc,phases      ] GC(977)   Other: 0.08ms
[3898.016s][info][gc,heap        ] GC(977) Eden regions: 1115->0(1113)
[3898.016s][info][gc,heap        ] GC(977) Survivor regions: 113->108(154)
[3898.016s][info][gc,heap        ] GC(977) Old regions: 504->536
[3898.016s][info][gc,heap        ] GC(977) Humongous regions: 80->80
[3898.016s][info][gc,metaspace   ] GC(977) Metaspace: 28896K(29312K)->28896K(29312K) NonClass: 24028K(24256K)->24028K(24256K) Class: 4868K(5056K)->4868K(5056K)
[3898.016s][info][gc             ] GC(977) Pause Young (Prepare Mixed) (G1 Evacuation Pause) 3621M->1445M(4096M) 116.235ms
[3898.016s][info][gc,cpu         ] GC(977) User=0.69s Sys=0.00s Real=0.12s
...[3900.637s][info][gc,start       ] GC(978) Pause Young (Mixed) (G1 Evacuation Pause)
[3900.637s][info][gc,task        ] GC(978) Using 6 workers of 6 for evacuation
[3900.771s][info][gc,phases      ] GC(978)   Pre Evacuate Collection Set: 0.34ms
[3900.771s][info][gc,phases      ] GC(978)   Merge Heap Roots: 0.65ms
[3900.771s][info][gc,phases      ] GC(978)   Evacuate Collection Set: 132.50ms
[3900.771s][info][gc,phases      ] GC(978)   Post Evacuate Collection Set: 0.94ms
[3900.771s][info][gc,phases      ] GC(978)   Other: 0.09ms
[3900.771s][info][gc,heap        ] GC(978) Eden regions: 1113->0(1117)
[3900.771s][info][gc,heap        ] GC(978) Survivor regions: 108->111(153)
[3900.771s][info][gc,heap        ] GC(978) Old regions: 536->471
[3900.771s][info][gc,heap        ] GC(978) Humongous regions: 80->80
[3900.771s][info][gc,metaspace   ] GC(978) Metaspace: 28896K(29312K)->28896K(29312K) NonClass: 24028K(24256K)->24028K(24256K) Class: 4868K(5056K)->4868K(5056K)
[3900.771s][info][gc             ] GC(978) Pause Young (Mixed) (G1 Evacuation Pause) 3671M->1321M(4096M) 134.636ms
[3900.771s][info][gc,cpu         ] GC(978) User=0.80s Sys=0.00s Real=0.13s
...[3903.405s][info][gc,start       ] GC(979) Pause Young (Concurrent Start) (G1 Evacuation Pause)
[3903.405s][info][gc,task        ] GC(979) Using 6 workers of 6 for evacuation
[3903.526s][info][gc,phases      ] GC(979)   Pre Evacuate Collection Set: 0.33ms
[3903.526s][info][gc,phases      ] GC(979)   Merge Heap Roots: 0.47ms
[3903.526s][info][gc,phases      ] GC(979)   Evacuate Collection Set: 118.87ms
[3903.526s][info][gc,phases      ] GC(979)   Post Evacuate Collection Set: 0.86ms
[3903.526s][info][gc,phases      ] GC(979)   Other: 0.10ms
[3903.526s][info][gc,heap        ] GC(979) Eden regions: 1117->0(1113)
[3903.526s][info][gc,heap        ] GC(979) Survivor regions: 111->115(154)
[3903.526s][info][gc,heap        ] GC(979) Old regions: 471->502
[3903.526s][info][gc,heap        ] GC(979) Humongous regions: 80->80
[3903.526s][info][gc,metaspace   ] GC(979) Metaspace: 28896K(29312K)->28896K(29312K) NonClass: 24028K(24256K)->24028K(24256K) Class: 4868K(5056K)->4868K(5056K)
[3903.526s][info][gc             ] GC(979) Pause Young (Concurrent Start) (G1 Evacuation Pause) 3555M->1390M(4096M) 120.775ms
[3903.526s][info][gc             ] GC(980) Concurrent Mark Cycle
[3903.526s][info][gc,marking     ] GC(980) Concurrent Scan Root Regions
[3903.526s][info][gc,cpu         ] GC(979) User=0.72s Sys=0.00s Real=0.12s
[3903.698s][info][gc,marking     ] GC(980) Concurrent Scan Root Regions 172.628ms
[3903.698s][info][gc,marking     ] GC(980) Concurrent Mark
[3903.698s][info][gc,marking     ] GC(980) Concurrent Mark From Roots
[3903.698s][info][gc,task        ] GC(980) Using 2 workers of 2 for marking
.[3904.677s][info][gc,marking     ] GC(980) Concurrent Mark From Roots 978.169ms
[3904.677s][info][gc,marking     ] GC(980) Concurrent Preclean
[3904.677s][info][gc,marking     ] GC(980) Concurrent Preclean 0.114ms
[3904.679s][info][gc,start       ] GC(980) Pause Remark
[3904.685s][info][gc             ] GC(980) Pause Remark 2425M->2425M(4096M) 6.820ms
[3904.685s][info][gc,cpu         ] GC(980) User=0.04s Sys=0.00s Real=0.01s
[3904.686s][info][gc,marking     ] GC(980) Concurrent Mark 987.111ms
[3904.686s][info][gc,marking     ] GC(980) Concurrent Rebuild Remembered Sets and Scrub Regions
[3904.958s][info][gc,marking     ] GC(980) Concurrent Rebuild Remembered Sets and Scrub Regions 272.342ms
[3904.959s][info][gc,start       ] GC(980) Pause Cleanup
[3904.959s][info][gc             ] GC(980) Pause Cleanup 2666M->2666M(4096M) 0.123ms
[3904.959s][info][gc,cpu         ] GC(980) User=0.00s Sys=0.00s Real=0.00s
[3904.959s][info][gc,marking     ] GC(980) Concurrent Clear Claimed Marks
[3904.959s][info][gc,marking     ] GC(980) Concurrent Clear Claimed Marks 0.040ms
[3904.959s][info][gc,marking     ] GC(980) Concurrent Cleanup for Next Mark
[3904.964s][info][gc,marking     ] GC(980) Concurrent Cleanup for Next Mark 5.345ms
[3904.964s][info][gc             ] GC(980) Concurrent Mark Cycle 1438.715ms
..[3906.094s][info][gc,start       ] GC(981) Pause Young (Prepare Mixed) (G1 Evacuation Pause)
[3906.094s][info][gc,task        ] GC(981) Using 6 workers of 6 for evacuation
[3906.213s][info][gc,phases      ] GC(981)   Pre Evacuate Collection Set: 0.35ms
[3906.213s][info][gc,phases      ] GC(981)   Merge Heap Roots: 0.54ms
[3906.213s][info][gc,phases      ] GC(981)   Evacuate Collection Set: 116.84ms
[3906.213s][info][gc,phases      ] GC(981)   Post Evacuate Collection Set: 0.93ms
[3906.213s][info][gc,phases      ] GC(981)   Other: 0.09ms
[3906.213s][info][gc,heap        ] GC(981) Eden regions: 1113->0(1110)
[3906.213s][info][gc,heap        ] GC(981) Survivor regions: 115->111(154)
[3906.213s][info][gc,heap        ] GC(981) Old regions: 502->533
[3906.213s][info][gc,heap        ] GC(981) Humongous regions: 80->80
[3906.213s][info][gc,metaspace   ] GC(981) Metaspace: 28896K(29312K)->28896K(29312K) NonClass: 24028K(24256K)->24028K(24256K) Class: 4868K(5056K)->4868K(5056K)
[3906.213s][info][gc             ] GC(981) Pause Young (Prepare Mixed) (G1 Evacuation Pause) 3616M->1446M(4096M) 118.872ms
[3906.213s][info][gc,cpu         ] GC(981) User=0.71s Sys=0.00s Real=0.12s
..[3908.836s][info][gc,start       ] GC(982) Pause Young (Mixed) (G1 Evacuation Pause)
[3908.836s][info][gc,task        ] GC(982) Using 6 workers of 6 for evacuation
[3908.973s][info][gc,phases      ] GC(982)   Pre Evacuate Collection Set: 0.39ms
[3908.973s][info][gc,phases      ] GC(982)   Merge Heap Roots: 0.81ms
[3908.973s][info][gc,phases      ] GC(982)   Evacuate Collection Set: 134.85ms
[3908.973s][info][gc,phases      ] GC(982)   Post Evacuate Collection Set: 0.95ms
[3908.973s][info][gc,phases      ] GC(982)   Other: 0.09ms
[3908.973s][info][gc,heap        ] GC(982) Eden regions: 1110->0(1120)
[3908.973s][info][gc,heap        ] GC(982) Survivor regions: 111->108(153)
[3908.973s][info][gc,heap        ] GC(982) Old regions: 533->471
[3908.973s][info][gc,heap        ] GC(982) Humongous regions: 80->80
[3908.973s][info][gc,metaspace   ] GC(982) Metaspace: 28896K(29312K)->28896K(29312K) NonClass: 24028K(24256K)->24028K(24256K) Class: 4868K(5056K)->4868K(5056K)
[3908.974s][info][gc             ] GC(982) Pause Young (Mixed) (G1 Evacuation Pause) 3666M->1315M(4096M) 137.215ms
[3908.974s][info][gc,cpu         ] GC(982) User=0.82s Sys=0.00s Real=0.13s
...[3911.628s][info][gc,start       ] GC(983) Pause Young (Concurrent Start) (G1 Evacuation Pause)
[3911.628s][info][gc,task        ] GC(983) Using 6 workers of 6 for evacuation
[3911.749s][info][gc,phases      ] GC(983)   Pre Evacuate Collection Set: 0.36ms
[3911.749s][info][gc,phases      ] GC(983)   Merge Heap Roots: 0.48ms
[3911.749s][info][gc,phases      ] GC(983)   Evacuate Collection Set: 118.59ms
[3911.749s][info][gc,phases      ] GC(983)   Post Evacuate Collection Set: 0.94ms
[3911.749s][info][gc,phases      ] GC(983)   Other: 0.13ms
[3911.749s][info][gc,heap        ] GC(983) Eden regions: 1120->0(1114)
[3911.749s][info][gc,heap        ] GC(983) Survivor regions: 108->114(154)
[3911.749s][info][gc,heap        ] GC(983) Old regions: 471->502
[3911.749s][info][gc,heap        ] GC(983) Humongous regions: 80->80
[3911.749s][info][gc,metaspace   ] GC(983) Metaspace: 28896K(29312K)->28896K(29312K) NonClass: 24028K(24256K)->24028K(24256K) Class: 4868K(5056K)->4868K(5056K)
[3911.749s][info][gc             ] GC(983) Pause Young (Concurrent Start) (G1 Evacuation Pause) 3555M->1389M(4096M) 120.658ms
[3911.749s][info][gc             ] GC(984) Concurrent Mark Cycle
[3911.749s][info][gc,marking     ] GC(984) Concurrent Scan Root Regions
[3911.749s][info][gc,cpu         ] GC(983) User=0.72s Sys=0.00s Real=0.12s
[3911.959s][info][gc,marking     ] GC(984) Concurrent Scan Root Regions 210.193ms
[3911.959s][info][gc,marking     ] GC(984) Concurrent Mark
[3911.959s][info][gc,marking     ] GC(984) Concurrent Mark From Roots
[3911.959s][info][gc,task        ] GC(984) Using 2 workers of 2 for marking
.[3912.798s][info][gc,marking     ] GC(984) Concurrent Mark From Roots 839.464ms
[3912.799s][info][gc,marking     ] GC(984) Concurrent Preclean
[3912.799s][info][gc,marking     ] GC(984) Concurrent Preclean 0.081ms
[3912.801s][info][gc,start       ] GC(984) Pause Remark
[3912.805s][info][gc             ] GC(984) Pause Remark 2341M->2341M(4096M) 4.677ms
[3912.806s][info][gc,cpu         ] GC(984) User=0.03s Sys=0.00s Real=0.01s
[3912.806s][info][gc,marking     ] GC(984) Concurrent Mark 846.657ms
[3912.806s][info][gc,marking     ] GC(984) Concurrent Rebuild Remembered Sets and Scrub Regions
.[3913.167s][info][gc,marking     ] GC(984) Concurrent Rebuild Remembered Sets and Scrub Regions 361.004ms
[3913.168s][info][gc,start       ] GC(984) Pause Cleanup
[3913.168s][info][gc             ] GC(984) Pause Cleanup 2691M->2691M(4096M) 0.118ms
[3913.168s][info][gc,cpu         ] GC(984) User=0.00s Sys=0.00s Real=0.00s
[3913.168s][info][gc,marking     ] GC(984) Concurrent Clear Claimed Marks
[3913.168s][info][gc,marking     ] GC(984) Concurrent Clear Claimed Marks 0.032ms
[3913.168s][info][gc,marking     ] GC(984) Concurrent Cleanup for Next Mark
[3913.173s][info][gc,marking     ] GC(984) Concurrent Cleanup for Next Mark 5.254ms
[3913.173s][info][gc             ] GC(984) Concurrent Mark Cycle 1424.327ms
.[3914.290s][info][gc,start       ] GC(985) Pause Young (Prepare Mixed) (G1 Evacuation Pause)
[3914.290s][info][gc,task        ] GC(985) Using 6 workers of 6 for evacuation
[3914.407s][info][gc,phases      ] GC(985)   Pre Evacuate Collection Set: 0.33ms
[3914.407s][info][gc,phases      ] GC(985)   Merge Heap Roots: 0.50ms
[3914.407s][info][gc,phases      ] GC(985)   Evacuate Collection Set: 115.68ms
[3914.407s][info][gc,phases      ] GC(985)   Post Evacuate Collection Set: 0.93ms
[3914.407s][info][gc,phases      ] GC(985)   Other: 0.08ms
[3914.407s][info][gc,heap        ] GC(985) Eden regions: 1114->0(1112)
[3914.407s][info][gc,heap        ] GC(985) Survivor regions: 114->109(154)
[3914.407s][info][gc,heap        ] GC(985) Old regions: 502->535
[3914.407s][info][gc,heap        ] GC(985) Humongous regions: 80->80
[3914.407s][info][gc,metaspace   ] GC(985) Metaspace: 28896K(29312K)->28896K(29312K) NonClass: 24028K(24256K)->24028K(24256K) Class: 4868K(5056K)->4868K(5056K)
[3914.407s][info][gc             ] GC(985) Pause Young (Prepare Mixed) (G1 Evacuation Pause) 3617M->1445M(4096M) 117.668ms
[3914.407s][info][gc,cpu         ] GC(985) User=0.70s Sys=0.00s Real=0.12s
..[3916.989s][info][gc,start       ] GC(986) Pause Young (Mixed) (G1 Evacuation Pause)
[3916.989s][info][gc,task        ] GC(986) Using 6 workers of 6 for evacuation
[3917.121s][info][gc,phases      ] GC(986)   Pre Evacuate Collection Set: 0.33ms
[3917.121s][info][gc,phases      ] GC(986)   Merge Heap Roots: 0.64ms
[3917.121s][info][gc,phases      ] GC(986)   Evacuate Collection Set: 130.40ms
[3917.121s][info][gc,phases      ] GC(986)   Post Evacuate Collection Set: 0.94ms
[3917.121s][info][gc,phases      ] GC(986)   Other: 0.09ms
[3917.121s][info][gc,heap        ] GC(986) Eden regions: 1112->0(1120)
[3917.121s][info][gc,heap        ] GC(986) Survivor regions: 109->108(153)
[3917.121s][info][gc,heap        ] GC(986) Old regions: 535->473
[3917.121s][info][gc,heap        ] GC(986) Humongous regions: 80->80
[3917.121s][info][gc,metaspace   ] GC(986) Metaspace: 28896K(29312K)->28896K(29312K) NonClass: 24028K(24256K)->24028K(24256K) Class: 4868K(5056K)->4868K(5056K)
[3917.121s][info][gc             ] GC(986) Pause Young (Mixed) (G1 Evacuation Pause) 3669M->1320M(4096M) 132.564ms
[3917.121s][info][gc,cpu         ] GC(986) User=0.79s Sys=0.00s Real=0.13s
...[3919.748s][info][gc,start       ] GC(987) Pause Young (Concurrent Start) (G1 Evacuation Pause)
[3919.748s][info][gc,task        ] GC(987) Using 6 workers of 6 for evacuation
[3919.868s][info][gc,phases      ] GC(987)   Pre Evacuate Collection Set: 0.36ms
[3919.868s][info][gc,phases      ] GC(987)   Merge Heap Roots: 0.45ms
[3919.868s][info][gc,phases      ] GC(987)   Evacuate Collection Set: 118.32ms
[3919.868s][info][gc,phases      ] GC(987)   Post Evacuate Collection Set: 0.86ms
[3919.868s][info][gc,phases      ] GC(987)   Other: 0.11ms
[3919.868s][info][gc,heap        ] GC(987) Eden regions: 1120->0(1115)
[3919.868s][info][gc,heap        ] GC(987) Survivor regions: 108->113(154)
[3919.868s][info][gc,heap        ] GC(987) Old regions: 473->505
[3919.868s][info][gc,heap        ] GC(987) Humongous regions: 80->80
[3919.868s][info][gc,metaspace   ] GC(987) Metaspace: 28896K(29312K)->28896K(29312K) NonClass: 24028K(24256K)->24028K(24256K) Class: 4868K(5056K)->4868K(5056K)
[3919.868s][info][gc             ] GC(987) Pause Young (Concurrent Start) (G1 Evacuation Pause) 3560M->1393M(4096M) 120.246ms
[3919.868s][info][gc             ] GC(988) Concurrent Mark Cycle
[3919.868s][info][gc,marking     ] GC(988) Concurrent Scan Root Regions
[3919.869s][info][gc,cpu         ] GC(987) User=0.72s Sys=0.00s Real=0.12s
[3920.069s][info][gc,marking     ] GC(988) Concurrent Scan Root Regions 200.302ms
[3920.069s][info][gc,marking     ] GC(988) Concurrent Mark
[3920.069s][info][gc,marking     ] GC(988) Concurrent Mark From Roots
[3920.069s][info][gc,task        ] GC(988) Using 2 workers of 2 for marking
.[3921.040s][info][gc,marking     ] GC(988) Concurrent Mark From Roots 971.095ms
[3921.040s][info][gc,marking     ] GC(988) Concurrent Preclean
[3921.040s][info][gc,marking     ] GC(988) Concurrent Preclean 0.118ms
[3921.040s][info][gc,start       ] GC(988) Pause Remark
[3921.045s][info][gc             ] GC(988) Pause Remark 2430M->2430M(4096M) 5.071ms
[3921.045s][info][gc,cpu         ] GC(988) User=0.03s Sys=0.00s Real=0.01s
[3921.046s][info][gc,marking     ] GC(988) Concurrent Mark 976.671ms
[3921.046s][info][gc,marking     ] GC(988) Concurrent Rebuild Remembered Sets and Scrub Regions
.[3921.386s][info][gc,marking     ] GC(988) Concurrent Rebuild Remembered Sets and Scrub Regions 340.633ms
[3921.386s][info][gc,start       ] GC(988) Pause Cleanup
[3921.386s][info][gc             ] GC(988) Pause Cleanup 2706M->2706M(4096M) 0.113ms
[3921.386s][info][gc,cpu         ] GC(988) User=0.00s Sys=0.00s Real=0.00s
[3921.386s][info][gc,marking     ] GC(988) Concurrent Clear Claimed Marks
[3921.386s][info][gc,marking     ] GC(988) Concurrent Clear Claimed Marks 0.022ms
[3921.386s][info][gc,marking     ] GC(988) Concurrent Cleanup for Next Mark
[3921.391s][info][gc,marking     ] GC(988) Concurrent Cleanup for Next Mark 4.199ms
[3921.391s][info][gc             ] GC(988) Concurrent Mark Cycle 1522.277ms
.[3922.533s][info][gc,start       ] GC(989) Pause Young (Prepare Mixed) (G1 Evacuation Pause)
[3922.533s][info][gc,task        ] GC(989) Using 6 workers of 6 for evacuation
[3922.652s][info][gc,phases      ] GC(989)   Pre Evacuate Collection Set: 0.31ms
[3922.652s][info][gc,phases      ] GC(989)   Merge Heap Roots: 0.50ms
[3922.652s][info][gc,phases      ] GC(989)   Evacuate Collection Set: 116.71ms
[3922.652s][info][gc,phases      ] GC(989)   Post Evacuate Collection Set: 0.94ms
[3922.652s][info][gc,phases      ] GC(989)   Other: 0.08ms
[3922.652s][info][gc,heap        ] GC(989) Eden regions: 1115->0(1107)
[3922.652s][info][gc,heap        ] GC(989) Survivor regions: 113->111(154)
[3922.652s][info][gc,heap        ] GC(989) Old regions: 505->536
[3922.652s][info][gc,heap        ] GC(989) Humongous regions: 80->80
[3922.652s][info][gc,metaspace   ] GC(989) Metaspace: 28896K(29312K)->28896K(29312K) NonClass: 24028K(24256K)->24028K(24256K) Class: 4868K(5056K)->4868K(5056K)
[3922.652s][info][gc             ] GC(989) Pause Young (Prepare Mixed) (G1 Evacuation Pause) 3623M->1452M(4096M) 118.680ms
[3922.652s][info][gc,cpu         ] GC(989) User=0.70s Sys=0.00s Real=0.12s
..[3925.173s][info][gc,start       ] GC(990) Pause Young (Mixed) (G1 Evacuation Pause)
[3925.173s][info][gc,task        ] GC(990) Using 6 workers of 6 for evacuation
[3925.312s][info][gc,phases      ] GC(990)   Pre Evacuate Collection Set: 0.37ms
[3925.313s][info][gc,phases      ] GC(990)   Merge Heap Roots: 0.79ms
[3925.313s][info][gc,phases      ] GC(990)   Evacuate Collection Set: 136.98ms
[3925.313s][info][gc,phases      ] GC(990)   Post Evacuate Collection Set: 0.93ms
[3925.313s][info][gc,phases      ] GC(990)   Other: 0.09ms
[3925.313s][info][gc,heap        ] GC(990) Eden regions: 1107->0(1116)
[3925.313s][info][gc,heap        ] GC(990) Survivor regions: 111->112(153)
[3925.313s][info][gc,heap        ] GC(990) Old regions: 536->472
[3925.313s][info][gc,heap        ] GC(990) Humongous regions: 80->80
[3925.313s][info][gc,metaspace   ] GC(990) Metaspace: 28896K(29312K)->28896K(29312K) NonClass: 24028K(24256K)->24028K(24256K) Class: 4868K(5056K)->4868K(5056K)
[3925.313s][info][gc             ] GC(990) Pause Young (Mixed) (G1 Evacuation Pause) 3666M->1325M(4096M) 139.290ms
[3925.313s][info][gc,cpu         ] GC(990) User=0.82s Sys=0.00s Real=0.14s
...[3927.941s][info][gc,start       ] GC(991) Pause Young (Concurrent Start) (G1 Evacuation Pause)
[3927.941s][info][gc,task        ] GC(991) Using 6 workers of 6 for evacuation
[3928.060s][info][gc,phases      ] GC(991)   Pre Evacuate Collection Set: 0.37ms
[3928.060s][info][gc,phases      ] GC(991)   Merge Heap Roots: 0.48ms
[3928.060s][info][gc,phases      ] GC(991)   Evacuate Collection Set: 117.11ms
[3928.060s][info][gc,phases      ] GC(991)   Post Evacuate Collection Set: 0.90ms
[3928.060s][info][gc,phases      ] GC(991)   Other: 0.11ms
[3928.060s][info][gc,heap        ] GC(991) Eden regions: 1116->0(1117)
[3928.060s][info][gc,heap        ] GC(991) Survivor regions: 112->111(154)
[3928.060s][info][gc,heap        ] GC(991) Old regions: 472->504
[3928.060s][info][gc,heap        ] GC(991) Humongous regions: 80->80
[3928.060s][info][gc,metaspace   ] GC(991) Metaspace: 28896K(29312K)->28896K(29312K) NonClass: 24028K(24256K)->24028K(24256K) Class: 4868K(5056K)->4868K(5056K)
[3928.060s][info][gc             ] GC(991) Pause Young (Concurrent Start) (G1 Evacuation Pause) 3557M->1388M(4096M) 119.126ms
[3928.060s][info][gc             ] GC(992) Concurrent Mark Cycle
[3928.060s][info][gc,marking     ] GC(992) Concurrent Scan Root Regions
[3928.060s][info][gc,cpu         ] GC(991) User=0.71s Sys=0.00s Real=0.12s
[3928.237s][info][gc,marking     ] GC(992) Concurrent Scan Root Regions 177.050ms
[3928.237s][info][gc,marking     ] GC(992) Concurrent Mark
[3928.237s][info][gc,marking     ] GC(992) Concurrent Mark From Roots
[3928.237s][info][gc,task        ] GC(992) Using 2 workers of 2 for marking
.[3928.926s][info][gc,marking     ] GC(992) Concurrent Mark From Roots 688.542ms
[3928.926s][info][gc,marking     ] GC(992) Concurrent Preclean
[3928.926s][info][gc,marking     ] GC(992) Concurrent Preclean 0.117ms
[3928.926s][info][gc,start       ] GC(992) Pause Remark
[3928.931s][info][gc             ] GC(992) Pause Remark 2118M->2118M(4096M) 4.795ms
[3928.931s][info][gc,cpu         ] GC(992) User=0.03s Sys=0.00s Real=0.00s
[3928.934s][info][gc,marking     ] GC(992) Concurrent Mark 697.230ms
[3928.934s][info][gc,marking     ] GC(992) Concurrent Rebuild Remembered Sets and Scrub Regions
[3929.219s][info][gc,marking     ] GC(992) Concurrent Rebuild Remembered Sets and Scrub Regions 284.182ms
[3929.219s][info][gc,start       ] GC(992) Pause Cleanup
[3929.219s][info][gc             ] GC(992) Pause Cleanup 2415M->2415M(4096M) 0.112ms
[3929.219s][info][gc,cpu         ] GC(992) User=0.00s Sys=0.00s Real=0.00s
[3929.219s][info][gc,marking     ] GC(992) Concurrent Clear Claimed Marks
[3929.219s][info][gc,marking     ] GC(992) Concurrent Clear Claimed Marks 0.019ms
[3929.219s][info][gc,marking     ] GC(992) Concurrent Cleanup for Next Mark
[3929.223s][info][gc,marking     ] GC(992) Concurrent Cleanup for Next Mark 4.371ms
[3929.223s][info][gc             ] GC(992) Concurrent Mark Cycle 1163.377ms
..[3930.642s][info][gc,start       ] GC(993) Pause Young (Prepare Mixed) (G1 Evacuation Pause)
[3930.642s][info][gc,task        ] GC(993) Using 6 workers of 6 for evacuation
[3930.760s][info][gc,phases      ] GC(993)   Pre Evacuate Collection Set: 0.35ms
[3930.760s][info][gc,phases      ] GC(993)   Merge Heap Roots: 0.57ms
[3930.760s][info][gc,phases      ] GC(993)   Evacuate Collection Set: 115.86ms
[3930.760s][info][gc,phases      ] GC(993)   Post Evacuate Collection Set: 0.93ms
[3930.760s][info][gc,phases      ] GC(993)   Other: 0.10ms
[3930.760s][info][gc,heap        ] GC(993) Eden regions: 1117->0(1107)
[3930.760s][info][gc,heap        ] GC(993) Survivor regions: 111->111(154)
[3930.760s][info][gc,heap        ] GC(993) Old regions: 504->536
[3930.760s][info][gc,heap        ] GC(993) Humongous regions: 80->80
[3930.760s][info][gc,metaspace   ] GC(993) Metaspace: 28896K(29312K)->28896K(29312K) NonClass: 24028K(24256K)->24028K(24256K) Class: 4868K(5056K)->4868K(5056K)
[3930.760s][info][gc             ] GC(993) Pause Young (Prepare Mixed) (G1 Evacuation Pause) 3622M->1450M(4096M) 117.924ms
[3930.760s][info][gc,cpu         ] GC(993) User=0.70s Sys=0.00s Real=0.12s
..[3933.346s][info][gc,start       ] GC(994) Pause Young (Mixed) (G1 Evacuation Pause)
[3933.346s][info][gc,task        ] GC(994) Using 6 workers of 6 for evacuation
[3933.484s][info][gc,phases      ] GC(994)   Pre Evacuate Collection Set: 0.38ms
[3933.484s][info][gc,phases      ] GC(994)   Merge Heap Roots: 0.64ms
[3933.484s][info][gc,phases      ] GC(994)   Evacuate Collection Set: 135.71ms
[3933.484s][info][gc,phases      ] GC(994)   Post Evacuate Collection Set: 0.96ms
[3933.484s][info][gc,phases      ] GC(994)   Other: 0.09ms
[3933.484s][info][gc,heap        ] GC(994) Eden regions: 1107->0(1115)
[3933.484s][info][gc,heap        ] GC(994) Survivor regions: 111->113(153)
[3933.484s][info][gc,heap        ] GC(994) Old regions: 536->472
[3933.484s][info][gc,heap        ] GC(994) Humongous regions: 80->80
[3933.484s][info][gc,metaspace   ] GC(994) Metaspace: 28896K(29312K)->28896K(29312K) NonClass: 24028K(24256K)->24028K(24256K) Class: 4868K(5056K)->4868K(5056K)
[3933.484s][info][gc             ] GC(994) Pause Young (Mixed) (G1 Evacuation Pause) 3664M->1328M(4096M) 137.906ms
[3933.484s][info][gc,cpu         ] GC(994) User=0.81s Sys=0.00s Real=0.13s
...[3936.065s][info][gc,start       ] GC(995) Pause Young (Concurrent Start) (G1 Evacuation Pause)
[3936.065s][info][gc,task        ] GC(995) Using 6 workers of 6 for evacuation
[3936.185s][info][gc,phases      ] GC(995)   Pre Evacuate Collection Set: 0.42ms
[3936.185s][info][gc,phases      ] GC(995)   Merge Heap Roots: 0.47ms
[3936.185s][info][gc,phases      ] GC(995)   Evacuate Collection Set: 117.81ms
[3936.185s][info][gc,phases      ] GC(995)   Post Evacuate Collection Set: 0.87ms
[3936.185s][info][gc,phases      ] GC(995)   Other: 0.10ms
[3936.185s][info][gc,heap        ] GC(995) Eden regions: 1115->0(1116)
[3936.185s][info][gc,heap        ] GC(995) Survivor regions: 113->112(154)
[3936.185s][info][gc,heap        ] GC(995) Old regions: 472->505
[3936.185s][info][gc,heap        ] GC(995) Humongous regions: 80->80
[3936.185s][info][gc,metaspace   ] GC(995) Metaspace: 28896K(29312K)->28896K(29312K) NonClass: 24028K(24256K)->24028K(24256K) Class: 4868K(5056K)->4868K(5056K)
[3936.185s][info][gc             ] GC(995) Pause Young (Concurrent Start) (G1 Evacuation Pause) 3558M->1390M(4096M) 119.818ms
[3936.185s][info][gc             ] GC(996) Concurrent Mark Cycle
[3936.185s][info][gc,marking     ] GC(996) Concurrent Scan Root Regions
[3936.185s][info][gc,cpu         ] GC(995) User=0.71s Sys=0.00s Real=0.12s
[3936.355s][info][gc,marking     ] GC(996) Concurrent Scan Root Regions 169.831ms
[3936.355s][info][gc,marking     ] GC(996) Concurrent Mark
[3936.355s][info][gc,marking     ] GC(996) Concurrent Mark From Roots
[3936.355s][info][gc,task        ] GC(996) Using 2 workers of 2 for marking
.[3937.366s][info][gc,marking     ] GC(996) Concurrent Mark From Roots 1011.301ms
[3937.366s][info][gc,marking     ] GC(996) Concurrent Preclean
[3937.366s][info][gc,marking     ] GC(996) Concurrent Preclean 0.121ms
[3937.367s][info][gc,start       ] GC(996) Pause Remark
[3937.373s][info][gc             ] GC(996) Pause Remark 2407M->2407M(4096M) 6.810ms
[3937.373s][info][gc,cpu         ] GC(996) User=0.04s Sys=0.00s Real=0.00s
[3937.374s][info][gc,marking     ] GC(996) Concurrent Mark 1019.423ms
[3937.374s][info][gc,marking     ] GC(996) Concurrent Rebuild Remembered Sets and Scrub Regions
.[3937.730s][info][gc,marking     ] GC(996) Concurrent Rebuild Remembered Sets and Scrub Regions 355.422ms
[3937.730s][info][gc,start       ] GC(996) Pause Cleanup
[3937.730s][info][gc             ] GC(996) Pause Cleanup 2756M->2756M(4096M) 0.115ms
[3937.730s][info][gc,cpu         ] GC(996) User=0.00s Sys=0.00s Real=0.00s
[3937.730s][info][gc,marking     ] GC(996) Concurrent Clear Claimed Marks
[3937.730s][info][gc,marking     ] GC(996) Concurrent Clear Claimed Marks 0.018ms
[3937.730s][info][gc,marking     ] GC(996) Concurrent Cleanup for Next Mark
[3937.733s][info][gc,marking     ] GC(996) Concurrent Cleanup for Next Mark 3.315ms
[3937.734s][info][gc             ] GC(996) Concurrent Mark Cycle 1548.466ms
.[3938.818s][info][gc,start       ] GC(997) Pause Young (Prepare Mixed) (G1 Evacuation Pause)
[3938.819s][info][gc,task        ] GC(997) Using 6 workers of 6 for evacuation
[3938.936s][info][gc,phases      ] GC(997)   Pre Evacuate Collection Set: 0.30ms
[3938.936s][info][gc,phases      ] GC(997)   Merge Heap Roots: 0.54ms
[3938.936s][info][gc,phases      ] GC(997)   Evacuate Collection Set: 115.29ms
[3938.936s][info][gc,phases      ] GC(997)   Post Evacuate Collection Set: 0.92ms
[3938.936s][info][gc,phases      ] GC(997)   Other: 0.09ms
[3938.936s][info][gc,heap        ] GC(997) Eden regions: 1116->0(1108)
[3938.936s][info][gc,heap        ] GC(997) Survivor regions: 112->110(154)
[3938.936s][info][gc,heap        ] GC(997) Old regions: 505->537
[3938.936s][info][gc,heap        ] GC(997) Humongous regions: 80->80
[3938.936s][info][gc,metaspace   ] GC(997) Metaspace: 28896K(29312K)->28896K(29312K) NonClass: 24028K(24256K)->24028K(24256K) Class: 4868K(5056K)->4868K(5056K)
[3938.936s][info][gc             ] GC(997) Pause Young (Prepare Mixed) (G1 Evacuation Pause) 3622M->1451M(4096M) 117.283ms
[3938.936s][info][gc,cpu         ] GC(997) User=0.70s Sys=0.00s Real=0.12s
..[3941.504s][info][gc,start       ] GC(998) Pause Young (Mixed) (G1 Evacuation Pause)
[3941.504s][info][gc,task        ] GC(998) Using 6 workers of 6 for evacuation
[3941.637s][info][gc,phases      ] GC(998)   Pre Evacuate Collection Set: 0.39ms
[3941.637s][info][gc,phases      ] GC(998)   Merge Heap Roots: 0.67ms
[3941.637s][info][gc,phases      ] GC(998)   Evacuate Collection Set: 130.89ms
[3941.637s][info][gc,phases      ] GC(998)   Post Evacuate Collection Set: 0.92ms
[3941.637s][info][gc,phases      ] GC(998)   Other: 0.09ms
[3941.637s][info][gc,heap        ] GC(998) Eden regions: 1108->0(1117)
[3941.637s][info][gc,heap        ] GC(998) Survivor regions: 110->111(153)
[3941.637s][info][gc,heap        ] GC(998) Old regions: 537->472
[3941.637s][info][gc,heap        ] GC(998) Humongous regions: 80->80
[3941.637s][info][gc,metaspace   ] GC(998) Metaspace: 28896K(29312K)->28896K(29312K) NonClass: 24028K(24256K)->24028K(24256K) Class: 4868K(5056K)->4868K(5056K)
[3941.637s][info][gc             ] GC(998) Pause Young (Mixed) (G1 Evacuation Pause) 3667M->1323M(4096M) 133.105ms
[3941.637s][info][gc,cpu         ] GC(998) User=0.79s Sys=0.00s Real=0.14s
.. (rIR:aIR:PR = 6918:6911:6911) (tPR = 102401) [OK] 
  3942s: Performance info:
         Transaction,    Success,    Partial,     Failed,   Receipts, AvgBarcode, 
             Overall,     416886,          0,          0,     395965,      59.48, 
         Response times:
             Request,    Success,    Partial,     Failed,   SkipFail,     Probes,    Samples,      min,      p50,      p90,      p95,      p99,      max, 
       TotalPurchase,     396018,          0,          0,          0,     356883,     422875,      300,     5800,    48000,    76000,   147000,   297000,
     InStorePurchase,     208691,          0,          0,          0,     188180,     222578,      300,     5900,    47000,    76000,   147000,   297000,
      OnlinePurchase,     145524,          0,          0,          0,     130766,     154870,      300,     5600,    47000,    75000,   146000,   297000,
        InstPurchase,      41803,          0,          0,          0,      37937,      45427,      400,     6200,    51000,    80000,   151000,   297000,
          AssocOfCat,        414,          0,          0,          0,        347,        505,    24000,    40000,   102400,   145200,   206580,   323000,
      AssocOfProduct,       4173,          0,          0,          0,       3894,       4831,      600,     5600,    48000,    76400,   146000,   237000,
      BusinessReport,       1047,          0,          0,          0,        914,       1226,    26000,    42000,    95300,   142000,   198000,   257000,
          CustBuyBeh,       4191,          0,          0,          0,       3883,       4853,      200,     2900,    34000,    67000,   129920,   222000,
       ProductReturn,      11094,          0,          0,          0,       9376,      11353,      200,     5000,    43000,    70000,   143460,   256000,

  3942s: (51%)   IR =   7057 .[3944.275s][info][gc,start       ] GC(999) Pause Young (Concurrent Start) (G1 Evacuation Pause)
[3944.275s][info][gc,task        ] GC(999) Using 6 workers of 6 for evacuation
[3944.395s][info][gc,phases      ] GC(999)   Pre Evacuate Collection Set: 0.39ms
[3944.395s][info][gc,phases      ] GC(999)   Merge Heap Roots: 0.48ms
[3944.395s][info][gc,phases      ] GC(999)   Evacuate Collection Set: 118.59ms
[3944.395s][info][gc,phases      ] GC(999)   Post Evacuate Collection Set: 0.94ms
[3944.395s][info][gc,phases      ] GC(999)   Other: 0.11ms
[3944.395s][info][gc,heap        ] GC(999) Eden regions: 1117->0(1116)
[3944.395s][info][gc,heap        ] GC(999) Survivor regions: 111->112(154)
[3944.395s][info][gc,heap        ] GC(999) Old regions: 472->504
[3944.395s][info][gc,heap        ] GC(999) Humongous regions: 80->80
[3944.395s][info][gc,metaspace   ] GC(999) Metaspace: 28896K(29312K)->28896K(29312K) NonClass: 24028K(24256K)->24028K(24256K) Class: 4868K(5056K)->4868K(5056K)
[3944.395s][info][gc             ] GC(999) Pause Young (Concurrent Start) (G1 Evacuation Pause) 3557M->1389M(4096M) 120.636ms
[3944.395s][info][gc             ] GC(1000) Concurrent Mark Cycle
[3944.395s][info][gc,marking     ] GC(1000) Concurrent Scan Root Regions
[3944.395s][info][gc,cpu         ] GC(999) User=0.72s Sys=0.00s Real=0.12s
[3944.568s][info][gc,marking     ] GC(1000) Concurrent Scan Root Regions 172.431ms
[3944.568s][info][gc,marking     ] GC(1000) Concurrent Mark
[3944.568s][info][gc,marking     ] GC(1000) Concurrent Mark From Roots
[3944.568s][info][gc,task        ] GC(1000) Using 2 workers of 2 for marking
.[3945.539s][info][gc,marking     ] GC(1000) Concurrent Mark From Roots 971.473ms
[3945.539s][info][gc,marking     ] GC(1000) Concurrent Preclean
[3945.539s][info][gc,marking     ] GC(1000) Concurrent Preclean 0.145ms
[3945.542s][info][gc,start       ] GC(1000) Pause Remark
[3945.547s][info][gc             ] GC(1000) Pause Remark 2415M->2415M(4096M) 5.320ms
[3945.547s][info][gc,cpu         ] GC(1000) User=0.03s Sys=0.00s Real=0.01s
[3945.548s][info][gc,marking     ] GC(1000) Concurrent Mark 979.754ms
[3945.548s][info][gc,marking     ] GC(1000) Concurrent Rebuild Remembered Sets and Scrub Regions
.[3945.811s][info][gc,marking     ] GC(1000) Concurrent Rebuild Remembered Sets and Scrub Regions 263.513ms
[3945.811s][info][gc,start       ] GC(1000) Pause Cleanup
[3945.811s][info][gc             ] GC(1000) Pause Cleanup 2673M->2673M(4096M) 0.114ms
[3945.811s][info][gc,cpu         ] GC(1000) User=0.00s Sys=0.00s Real=0.00s
[3945.811s][info][gc,marking     ] GC(1000) Concurrent Clear Claimed Marks
[3945.811s][info][gc,marking     ] GC(1000) Concurrent Clear Claimed Marks 0.021ms
[3945.811s][info][gc,marking     ] GC(1000) Concurrent Cleanup for Next Mark
[3945.816s][info][gc,marking     ] GC(1000) Concurrent Cleanup for Next Mark 4.329ms
[3945.816s][info][gc             ] GC(1000) Concurrent Mark Cycle 1420.505ms
.[3946.958s][info][gc,start       ] GC(1001) Pause Young (Prepare Mixed) (G1 Evacuation Pause)
[3946.958s][info][gc,task        ] GC(1001) Using 6 workers of 6 for evacuation
[3947.082s][info][gc,phases      ] GC(1001)   Pre Evacuate Collection Set: 0.33ms
[3947.082s][info][gc,phases      ] GC(1001)   Merge Heap Roots: 0.54ms
[3947.082s][info][gc,phases      ] GC(1001)   Evacuate Collection Set: 122.29ms
[3947.082s][info][gc,phases      ] GC(1001)   Post Evacuate Collection Set: 0.95ms
[3947.082s][info][gc,phases      ] GC(1001)   Other: 0.09ms
[3947.082s][info][gc,heap        ] GC(1001) Eden regions: 1116->0(1100)
[3947.082s][info][gc,heap        ] GC(1001) Survivor regions: 112->115(154)
[3947.082s][info][gc,heap        ] GC(1001) Old regions: 504->535
[3947.082s][info][gc,heap        ] GC(1001) Humongous regions: 80->80
[3947.082s][info][gc,metaspace   ] GC(1001) Metaspace: 28896K(29312K)->28896K(29312K) NonClass: 24028K(24256K)->24028K(24256K) Class: 4868K(5056K)->4868K(5056K)
[3947.082s][info][gc             ] GC(1001) Pause Young (Prepare Mixed) (G1 Evacuation Pause) 3621M->1458M(4096M) 124.330ms
[3947.083s][info][gc,cpu         ] GC(1001) User=0.74s Sys=0.00s Real=0.12s
.|.[3949.600s][info][gc,start       ] GC(1002) Pause Young (Mixed) (G1 Evacuation Pause)
[3949.600s][info][gc,task        ] GC(1002) Using 6 workers of 6 for evacuation
[3949.741s][info][gc,phases      ] GC(1002)   Pre Evacuate Collection Set: 0.39ms
[3949.741s][info][gc,phases      ] GC(1002)   Merge Heap Roots: 0.83ms
[3949.741s][info][gc,phases      ] GC(1002)   Evacuate Collection Set: 138.61ms
[3949.741s][info][gc,phases      ] GC(1002)   Post Evacuate Collection Set: 0.86ms
[3949.741s][info][gc,phases      ] GC(1002)   Other: 0.09ms
[3949.741s][info][gc,heap        ] GC(1002) Eden regions: 1100->0(1116)
[3949.741s][info][gc,heap        ] GC(1002) Survivor regions: 115->112(152)
[3949.741s][info][gc,heap        ] GC(1002) Old regions: 535->472
[3949.741s][info][gc,heap        ] GC(1002) Humongous regions: 80->80
[3949.741s][info][gc,metaspace   ] GC(1002) Metaspace: 28896K(29312K)->28896K(29312K) NonClass: 24028K(24256K)->24028K(24256K) Class: 4868K(5056K)->4868K(5056K)
[3949.741s][info][gc             ] GC(1002) Pause Young (Mixed) (G1 Evacuation Pause) 3658M->1326M(4096M) 140.925ms
[3949.741s][info][gc,cpu         ] GC(1002) User=0.84s Sys=0.00s Real=0.14s
...[3952.245s][info][gc,start       ] GC(1003) Pause Young (Concurrent Start) (G1 Evacuation Pause)
[3952.245s][info][gc,task        ] GC(1003) Using 6 workers of 6 for evacuation
[3952.363s][info][gc,phases      ] GC(1003)   Pre Evacuate Collection Set: 0.34ms
[3952.363s][info][gc,phases      ] GC(1003)   Merge Heap Roots: 0.46ms
[3952.363s][info][gc,phases      ] GC(1003)   Evacuate Collection Set: 115.67ms
[3952.363s][info][gc,phases      ] GC(1003)   Post Evacuate Collection Set: 0.86ms
[3952.363s][info][gc,phases      ] GC(1003)   Other: 0.11ms
[3952.363s][info][gc,heap        ] GC(1003) Eden regions: 1116->0(1118)
[3952.363s][info][gc,heap        ] GC(1003) Survivor regions: 112->110(154)
[3952.363s][info][gc,heap        ] GC(1003) Old regions: 472->505
[3952.363s][info][gc,heap        ] GC(1003) Humongous regions: 80->80
[3952.363s][info][gc,metaspace   ] GC(1003) Metaspace: 28896K(29312K)->28896K(29312K) NonClass: 24028K(24256K)->24028K(24256K) Class: 4868K(5056K)->4868K(5056K)
[3952.363s][info][gc             ] GC(1003) Pause Young (Concurrent Start) (G1 Evacuation Pause) 3558M->1387M(4096M) 117.578ms
[3952.363s][info][gc             ] GC(1004) Concurrent Mark Cycle
[3952.363s][info][gc,marking     ] GC(1004) Concurrent Scan Root Regions
[3952.363s][info][gc,cpu         ] GC(1003) User=0.70s Sys=0.00s Real=0.11s
[3952.510s][info][gc,marking     ] GC(1004) Concurrent Scan Root Regions 146.912ms
[3952.510s][info][gc,marking     ] GC(1004) Concurrent Mark
[3952.510s][info][gc,marking     ] GC(1004) Concurrent Mark From Roots
[3952.510s][info][gc,task        ] GC(1004) Using 2 workers of 2 for marking
.[3953.227s][info][gc,marking     ] GC(1004) Concurrent Mark From Roots 717.505ms
[3953.227s][info][gc,marking     ] GC(1004) Concurrent Preclean
[3953.227s][info][gc,marking     ] GC(1004) Concurrent Preclean 0.105ms
[3953.228s][info][gc,start       ] GC(1004) Pause Remark
[3953.231s][info][gc             ] GC(1004) Pause Remark 2130M->2130M(4096M) 3.477ms
[3953.231s][info][gc,cpu         ] GC(1004) User=0.02s Sys=0.00s Real=0.00s
[3953.231s][info][gc,marking     ] GC(1004) Concurrent Mark 721.591ms
[3953.231s][info][gc,marking     ] GC(1004) Concurrent Rebuild Remembered Sets and Scrub Regions
[3953.524s][info][gc,marking     ] GC(1004) Concurrent Rebuild Remembered Sets and Scrub Regions 292.684ms
[3953.524s][info][gc,start       ] GC(1004) Pause Cleanup
[3953.524s][info][gc             ] GC(1004) Pause Cleanup 2405M->2405M(4096M) 0.109ms
[3953.524s][info][gc,cpu         ] GC(1004) User=0.00s Sys=0.00s Real=0.00s
[3953.524s][info][gc,marking     ] GC(1004) Concurrent Clear Claimed Marks
[3953.524s][info][gc,marking     ] GC(1004) Concurrent Clear Claimed Marks 0.023ms
[3953.524s][info][gc,marking     ] GC(1004) Concurrent Cleanup for Next Mark
[3953.528s][info][gc,marking     ] GC(1004) Concurrent Cleanup for Next Mark 3.223ms
[3953.528s][info][gc             ] GC(1004) Concurrent Mark Cycle 1164.875ms
..[3955.016s][info][gc,start       ] GC(1005) Pause Young (Prepare Mixed) (G1 Evacuation Pause)
[3955.016s][info][gc,task        ] GC(1005) Using 6 workers of 6 for evacuation
[3955.132s][info][gc,phases      ] GC(1005)   Pre Evacuate Collection Set: 0.35ms
[3955.132s][info][gc,phases      ] GC(1005)   Merge Heap Roots: 0.59ms
[3955.132s][info][gc,phases      ] GC(1005)   Evacuate Collection Set: 114.10ms
[3955.132s][info][gc,phases      ] GC(1005)   Post Evacuate Collection Set: 0.91ms
[3955.132s][info][gc,phases      ] GC(1005)   Other: 0.09ms
[3955.132s][info][gc,heap        ] GC(1005) Eden regions: 1118->0(1108)
[3955.132s][info][gc,heap        ] GC(1005) Survivor regions: 110->110(154)
[3955.132s][info][gc,heap        ] GC(1005) Old regions: 505->537
[3955.132s][info][gc,heap        ] GC(1005) Humongous regions: 80->80
[3955.132s][info][gc,metaspace   ] GC(1005) Metaspace: 28896K(29312K)->28896K(29312K) NonClass: 24028K(24256K)->24028K(24256K) Class: 4868K(5056K)->4868K(5056K)
[3955.132s][info][gc             ] GC(1005) Pause Young (Prepare Mixed) (G1 Evacuation Pause) 3623M->1450M(4096M) 116.198ms
[3955.132s][info][gc,cpu         ] GC(1005) User=0.69s Sys=0.00s Real=0.11s
..[3957.656s][info][gc,start       ] GC(1006) Pause Young (Mixed) (G1 Evacuation Pause)
[3957.656s][info][gc,task        ] GC(1006) Using 6 workers of 6 for evacuation
[3957.792s][info][gc,phases      ] GC(1006)   Pre Evacuate Collection Set: 0.36ms
[3957.792s][info][gc,phases      ] GC(1006)   Merge Heap Roots: 0.64ms
[3957.792s][info][gc,phases      ] GC(1006)   Evacuate Collection Set: 133.38ms
[3957.792s][info][gc,phases      ] GC(1006)   Post Evacuate Collection Set: 0.91ms
[3957.792s][info][gc,phases      ] GC(1006)   Other: 0.09ms
[3957.792s][info][gc,heap        ] GC(1006) Eden regions: 1108->0(1115)
[3957.792s][info][gc,heap        ] GC(1006) Survivor regions: 110->113(153)
[3957.792s][info][gc,heap        ] GC(1006) Old regions: 537->474
[3957.792s][info][gc,heap        ] GC(1006) Humongous regions: 80->80
[3957.792s][info][gc,metaspace   ] GC(1006) Metaspace: 28896K(29312K)->28896K(29312K) NonClass: 24028K(24256K)->24028K(24256K) Class: 4868K(5056K)->4868K(5056K)
[3957.792s][info][gc             ] GC(1006) Pause Young (Mixed) (G1 Evacuation Pause) 3666M->1331M(4096M) 135.520ms
[3957.792s][info][gc,cpu         ] GC(1006) User=0.80s Sys=0.00s Real=0.13s
...[3960.326s][info][gc,start       ] GC(1007) Pause Young (Concurrent Start) (G1 Evacuation Pause)
[3960.326s][info][gc,task        ] GC(1007) Using 6 workers of 6 for evacuation
[3960.447s][info][gc,phases      ] GC(1007)   Pre Evacuate Collection Set: 0.33ms
[3960.447s][info][gc,phases      ] GC(1007)   Merge Heap Roots: 0.49ms
[3960.447s][info][gc,phases      ] GC(1007)   Evacuate Collection Set: 119.34ms
[3960.447s][info][gc,phases      ] GC(1007)   Post Evacuate Collection Set: 0.87ms
[3960.447s][info][gc,phases      ] GC(1007)   Other: 0.10ms
[3960.447s][info][gc,heap        ] GC(1007) Eden regions: 1115->0(1115)
[3960.447s][info][gc,heap        ] GC(1007) Survivor regions: 113->113(154)
[3960.447s][info][gc,heap        ] GC(1007) Old regions: 474->506
[3960.447s][info][gc,heap        ] GC(1007) Humongous regions: 80->80
[3960.447s][info][gc,metaspace   ] GC(1007) Metaspace: 28896K(29312K)->28896K(29312K) NonClass: 24028K(24256K)->24028K(24256K) Class: 4868K(5056K)->4868K(5056K)
[3960.447s][info][gc             ] GC(1007) Pause Young (Concurrent Start) (G1 Evacuation Pause) 3561M->1396M(4096M) 121.272ms
[3960.447s][info][gc             ] GC(1008) Concurrent Mark Cycle
[3960.447s][info][gc,marking     ] GC(1008) Concurrent Scan Root Regions
[3960.447s][info][gc,cpu         ] GC(1007) User=0.72s Sys=0.00s Real=0.12s
[3960.580s][info][gc,marking     ] GC(1008) Concurrent Scan Root Regions 133.067ms
[3960.580s][info][gc,marking     ] GC(1008) Concurrent Mark
[3960.580s][info][gc,marking     ] GC(1008) Concurrent Mark From Roots
[3960.580s][info][gc,task        ] GC(1008) Using 2 workers of 2 for marking
.[3961.266s][info][gc,marking     ] GC(1008) Concurrent Mark From Roots 685.107ms
[3961.266s][info][gc,marking     ] GC(1008) Concurrent Preclean
[3961.266s][info][gc,marking     ] GC(1008) Concurrent Preclean 0.082ms
[3961.266s][info][gc,start       ] GC(1008) Pause Remark
[3961.272s][info][gc             ] GC(1008) Pause Remark 2116M->2116M(4096M) 5.057ms
[3961.272s][info][gc,cpu         ] GC(1008) User=0.03s Sys=0.00s Real=0.00s
[3961.272s][info][gc,marking     ] GC(1008) Concurrent Mark 691.400ms
[3961.272s][info][gc,marking     ] GC(1008) Concurrent Rebuild Remembered Sets and Scrub Regions
[3961.687s][info][gc,marking     ] GC(1008) Concurrent Rebuild Remembered Sets and Scrub Regions 414.918ms
[3961.687s][info][gc,start       ] GC(1008) Pause Cleanup
[3961.687s][info][gc             ] GC(1008) Pause Cleanup 2514M->2514M(4096M) 0.114ms
[3961.687s][info][gc,cpu         ] GC(1008) User=0.00s Sys=0.00s Real=0.00s
[3961.687s][info][gc,marking     ] GC(1008) Concurrent Clear Claimed Marks
[3961.687s][info][gc,marking     ] GC(1008) Concurrent Clear Claimed Marks 0.022ms
[3961.687s][info][gc,marking     ] GC(1008) Concurrent Cleanup for Next Mark
[3961.691s][info][gc,marking     ] GC(1008) Concurrent Cleanup for Next Mark 3.660ms
[3961.691s][info][gc             ] GC(1008) Concurrent Mark Cycle 1243.476ms
..[3962.937s][info][gc,start       ] GC(1009) Pause Young (Prepare Mixed) (G1 Evacuation Pause)
[3962.937s][info][gc,task        ] GC(1009) Using 6 workers of 6 for evacuation
[3963.057s][info][gc,phases      ] GC(1009)   Pre Evacuate Collection Set: 0.32ms
[3963.057s][info][gc,phases      ] GC(1009)   Merge Heap Roots: 0.54ms
[3963.057s][info][gc,phases      ] GC(1009)   Evacuate Collection Set: 118.80ms
[3963.057s][info][gc,phases      ] GC(1009)   Post Evacuate Collection Set: 0.90ms
[3963.057s][info][gc,phases      ] GC(1009)   Other: 0.09ms
[3963.057s][info][gc,heap        ] GC(1009) Eden regions: 1115->0(1104)
[3963.057s][info][gc,heap        ] GC(1009) Survivor regions: 113->111(154)
[3963.057s][info][gc,heap        ] GC(1009) Old regions: 506->539
[3963.057s][info][gc,heap        ] GC(1009) Humongous regions: 80->80
[3963.057s][info][gc,metaspace   ] GC(1009) Metaspace: 28896K(29312K)->28896K(29312K) NonClass: 24028K(24256K)->24028K(24256K) Class: 4868K(5056K)->4868K(5056K)
[3963.057s][info][gc             ] GC(1009) Pause Young (Prepare Mixed) (G1 Evacuation Pause) 3626M->1456M(4096M) 120.789ms
[3963.058s][info][gc,cpu         ] GC(1009) User=0.72s Sys=0.00s Real=0.12s
..[3965.619s][info][gc,start       ] GC(1010) Pause Young (Mixed) (G1 Evacuation Pause)
[3965.619s][info][gc,task        ] GC(1010) Using 6 workers of 6 for evacuation
[3965.756s][info][gc,phases      ] GC(1010)   Pre Evacuate Collection Set: 0.32ms
[3965.756s][info][gc,phases      ] GC(1010)   Merge Heap Roots: 0.72ms
[3965.756s][info][gc,phases      ] GC(1010)   Evacuate Collection Set: 134.54ms
[3965.756s][info][gc,phases      ] GC(1010)   Post Evacuate Collection Set: 0.95ms
[3965.756s][info][gc,phases      ] GC(1010)   Other: 0.08ms
[3965.756s][info][gc,heap        ] GC(1010) Eden regions: 1104->0(1114)
[3965.756s][info][gc,heap        ] GC(1010) Survivor regions: 111->114(152)
[3965.756s][info][gc,heap        ] GC(1010) Old regions: 539->473
[3965.756s][info][gc,heap        ] GC(1010) Humongous regions: 80->80
[3965.756s][info][gc,metaspace   ] GC(1010) Metaspace: 28896K(29312K)->28896K(29312K) NonClass: 24028K(24256K)->24028K(24256K) Class: 4868K(5056K)->4868K(5056K)
[3965.756s][info][gc             ] GC(1010) Pause Young (Mixed) (G1 Evacuation Pause) 3664M->1330M(4096M) 136.763ms
[3965.756s][info][gc,cpu         ] GC(1010) User=0.82s Sys=0.00s Real=0.14s
...[3968.277s][info][gc,start       ] GC(1011) Pause Young (Concurrent Start) (G1 Evacuation Pause)
[3968.277s][info][gc,task        ] GC(1011) Using 6 workers of 6 for evacuation
[3968.393s][info][gc,phases      ] GC(1011)   Pre Evacuate Collection Set: 0.39ms
[3968.393s][info][gc,phases      ] GC(1011)   Merge Heap Roots: 0.46ms
[3968.393s][info][gc,phases      ] GC(1011)   Evacuate Collection Set: 114.03ms
[3968.393s][info][gc,phases      ] GC(1011)   Post Evacuate Collection Set: 0.87ms
[3968.393s][info][gc,phases      ] GC(1011)   Other: 0.10ms
[3968.393s][info][gc,heap        ] GC(1011) Eden regions: 1114->0(1119)
[3968.393s][info][gc,heap        ] GC(1011) Survivor regions: 114->109(154)
[3968.393s][info][gc,heap        ] GC(1011) Old regions: 473->504
[3968.393s][info][gc,heap        ] GC(1011) Humongous regions: 80->80
[3968.393s][info][gc,metaspace   ] GC(1011) Metaspace: 28896K(29312K)->28896K(29312K) NonClass: 24028K(24256K)->24028K(24256K) Class: 4868K(5056K)->4868K(5056K)
[3968.393s][info][gc             ] GC(1011) Pause Young (Concurrent Start) (G1 Evacuation Pause) 3558M->1383M(4096M) 115.982ms
[3968.393s][info][gc             ] GC(1012) Concurrent Mark Cycle
[3968.393s][info][gc,marking     ] GC(1012) Concurrent Scan Root Regions
[3968.393s][info][gc,cpu         ] GC(1011) User=0.69s Sys=0.00s Real=0.11s
[3968.548s][info][gc,marking     ] GC(1012) Concurrent Scan Root Regions 155.448ms
[3968.548s][info][gc,marking     ] GC(1012) Concurrent Mark
[3968.548s][info][gc,marking     ] GC(1012) Concurrent Mark From Roots
[3968.548s][info][gc,task        ] GC(1012) Using 2 workers of 2 for marking
.[3969.270s][info][gc,marking     ] GC(1012) Concurrent Mark From Roots 721.614ms
[3969.270s][info][gc,marking     ] GC(1012) Concurrent Preclean
[3969.270s][info][gc,marking     ] GC(1012) Concurrent Preclean 0.081ms
[3969.270s][info][gc,start       ] GC(1012) Pause Remark
[3969.274s][info][gc             ] GC(1012) Pause Remark 2155M->2155M(4096M) 4.242ms
[3969.274s][info][gc,cpu         ] GC(1012) User=0.03s Sys=0.00s Real=0.01s
[3969.274s][info][gc,marking     ] GC(1012) Concurrent Mark 726.225ms
[3969.274s][info][gc,marking     ] GC(1012) Concurrent Rebuild Remembered Sets and Scrub Regions
[3969.593s][info][gc,marking     ] GC(1012) Concurrent Rebuild Remembered Sets and Scrub Regions 318.600ms
[3969.593s][info][gc,start       ] GC(1012) Pause Cleanup
[3969.593s][info][gc             ] GC(1012) Pause Cleanup 2429M->2429M(4096M) 0.122ms
[3969.593s][info][gc,cpu         ] GC(1012) User=0.00s Sys=0.00s Real=0.00s
[3969.593s][info][gc,marking     ] GC(1012) Concurrent Clear Claimed Marks
[3969.593s][info][gc,marking     ] GC(1012) Concurrent Clear Claimed Marks 0.022ms
[3969.593s][info][gc,marking     ] GC(1012) Concurrent Cleanup for Next Mark
[3969.597s][info][gc,marking     ] GC(1012) Concurrent Cleanup for Next Mark 3.206ms
[3969.597s][info][gc             ] GC(1012) Concurrent Mark Cycle 1203.968ms
..[3970.954s][info][gc,start       ] GC(1013) Pause Young (Prepare Mixed) (G1 Evacuation Pause)
[3970.954s][info][gc,task        ] GC(1013) Using 6 workers of 6 for evacuation
[3971.071s][info][gc,phases      ] GC(1013)   Pre Evacuate Collection Set: 0.34ms
[3971.071s][info][gc,phases      ] GC(1013)   Merge Heap Roots: 0.50ms
[3971.071s][info][gc,phases      ] GC(1013)   Evacuate Collection Set: 114.92ms
[3971.071s][info][gc,phases      ] GC(1013)   Post Evacuate Collection Set: 0.91ms
[3971.071s][info][gc,phases      ] GC(1013)   Other: 0.09ms
[3971.071s][info][gc,heap        ] GC(1013) Eden regions: 1119->0(1111)
[3971.071s][info][gc,heap        ] GC(1013) Survivor regions: 109->109(154)
[3971.071s][info][gc,heap        ] GC(1013) Old regions: 504->536
[3971.071s][info][gc,heap        ] GC(1013) Humongous regions: 80->80
[3971.071s][info][gc,metaspace   ] GC(1013) Metaspace: 28896K(29312K)->28896K(29312K) NonClass: 24028K(24256K)->24028K(24256K) Class: 4868K(5056K)->4868K(5056K)
[3971.071s][info][gc             ] GC(1013) Pause Young (Prepare Mixed) (G1 Evacuation Pause) 3621M->1446M(4096M) 116.886ms
[3971.071s][info][gc,cpu         ] GC(1013) User=0.69s Sys=0.00s Real=0.12s
..[3973.632s][info][gc,start       ] GC(1014) Pause Young (Mixed) (G1 Evacuation Pause)
[3973.632s][info][gc,task        ] GC(1014) Using 6 workers of 6 for evacuation
[3973.769s][info][gc,phases      ] GC(1014)   Pre Evacuate Collection Set: 0.37ms
[3973.769s][info][gc,phases      ] GC(1014)   Merge Heap Roots: 0.73ms
[3973.769s][info][gc,phases      ] GC(1014)   Evacuate Collection Set: 134.66ms
[3973.769s][info][gc,phases      ] GC(1014)   Post Evacuate Collection Set: 0.93ms
[3973.769s][info][gc,phases      ] GC(1014)   Other: 0.09ms
[3973.769s][info][gc,heap        ] GC(1014) Eden regions: 1111->0(1115)
[3973.769s][info][gc,heap        ] GC(1014) Survivor regions: 109->113(153)
[3973.769s][info][gc,heap        ] GC(1014) Old regions: 536->470
[3973.769s][info][gc,heap        ] GC(1014) Humongous regions: 80->80
[3973.769s][info][gc,metaspace   ] GC(1014) Metaspace: 28896K(29312K)->28896K(29312K) NonClass: 24028K(24256K)->24028K(24256K) Class: 4868K(5056K)->4868K(5056K)
[3973.769s][info][gc             ] GC(1014) Pause Young (Mixed) (G1 Evacuation Pause) 3668M->1323M(4096M) 136.927ms
[3973.769s][info][gc,cpu         ] GC(1014) User=0.81s Sys=0.00s Real=0.14s
...[3976.322s][info][gc,start       ] GC(1015) Pause Young (Concurrent Start) (G1 Evacuation Pause)
[3976.322s][info][gc,task        ] GC(1015) Using 6 workers of 6 for evacuation
[3976.440s][info][gc,phases      ] GC(1015)   Pre Evacuate Collection Set: 0.40ms
[3976.440s][info][gc,phases      ] GC(1015)   Merge Heap Roots: 0.49ms
[3976.440s][info][gc,phases      ] GC(1015)   Evacuate Collection Set: 115.75ms
[3976.440s][info][gc,phases      ] GC(1015)   Post Evacuate Collection Set: 0.87ms
[3976.440s][info][gc,phases      ] GC(1015)   Other: 0.12ms
[3976.440s][info][gc,heap        ] GC(1015) Eden regions: 1115->0(1118)
[3976.440s][info][gc,heap        ] GC(1015) Survivor regions: 113->110(154)
[3976.440s][info][gc,heap        ] GC(1015) Old regions: 470->502
[3976.440s][info][gc,heap        ] GC(1015) Humongous regions: 80->80
[3976.440s][info][gc,metaspace   ] GC(1015) Metaspace: 28896K(29312K)->28896K(29312K) NonClass: 24028K(24256K)->24028K(24256K) Class: 4868K(5056K)->4868K(5056K)
[3976.440s][info][gc             ] GC(1015) Pause Young (Concurrent Start) (G1 Evacuation Pause) 3553M->1381M(4096M) 117.757ms
[3976.440s][info][gc             ] GC(1016) Concurrent Mark Cycle
[3976.440s][info][gc,marking     ] GC(1016) Concurrent Scan Root Regions
[3976.440s][info][gc,cpu         ] GC(1015) User=0.70s Sys=0.00s Real=0.12s
[3976.624s][info][gc,marking     ] GC(1016) Concurrent Scan Root Regions 184.351ms
[3976.625s][info][gc,marking     ] GC(1016) Concurrent Mark
[3976.625s][info][gc,marking     ] GC(1016) Concurrent Mark From Roots
[3976.625s][info][gc,task        ] GC(1016) Using 2 workers of 2 for marking
.[3977.409s][info][gc,marking     ] GC(1016) Concurrent Mark From Roots 784.310ms
[3977.409s][info][gc,marking     ] GC(1016) Concurrent Preclean
[3977.409s][info][gc,marking     ] GC(1016) Concurrent Preclean 0.116ms
[3977.411s][info][gc,start       ] GC(1016) Pause Remark
[3977.416s][info][gc             ] GC(1016) Pause Remark 2209M->2209M(4096M) 5.125ms
[3977.416s][info][gc,cpu         ] GC(1016) User=0.03s Sys=0.00s Real=0.01s
[3977.416s][info][gc,marking     ] GC(1016) Concurrent Mark 791.534ms
[3977.416s][info][gc,marking     ] GC(1016) Concurrent Rebuild Remembered Sets and Scrub Regions
[3977.715s][info][gc,marking     ] GC(1016) Concurrent Rebuild Remembered Sets and Scrub Regions 298.758ms
[3977.716s][info][gc,start       ] GC(1016) Pause Cleanup
[3977.716s][info][gc             ] GC(1016) Pause Cleanup 2499M->2499M(4096M) 0.128ms
[3977.716s][info][gc,cpu         ] GC(1016) User=0.01s Sys=0.00s Real=0.00s
[3977.717s][info][gc,marking     ] GC(1016) Concurrent Clear Claimed Marks
[3977.717s][info][gc,marking     ] GC(1016) Concurrent Clear Claimed Marks 0.035ms
[3977.717s][info][gc,marking     ] GC(1016) Concurrent Cleanup for Next Mark
[3977.726s][info][gc,marking     ] GC(1016) Concurrent Cleanup for Next Mark 9.079ms
[3977.726s][info][gc             ] GC(1016) Concurrent Mark Cycle 1285.974ms
..[3978.995s][info][gc,start       ] GC(1017) Pause Young (Prepare Mixed) (G1 Evacuation Pause)
[3978.996s][info][gc,task        ] GC(1017) Using 6 workers of 6 for evacuation
[3979.111s][info][gc,phases      ] GC(1017)   Pre Evacuate Collection Set: 0.36ms
[3979.111s][info][gc,phases      ] GC(1017)   Merge Heap Roots: 0.59ms
[3979.111s][info][gc,phases      ] GC(1017)   Evacuate Collection Set: 113.21ms
[3979.111s][info][gc,phases      ] GC(1017)   Post Evacuate Collection Set: 0.94ms
[3979.111s][info][gc,phases      ] GC(1017)   Other: 0.08ms
[3979.111s][info][gc,heap        ] GC(1017) Eden regions: 1118->0(1116)
[3979.111s][info][gc,heap        ] GC(1017) Survivor regions: 110->107(154)
[3979.111s][info][gc,heap        ] GC(1017) Old regions: 502->535
[3979.111s][info][gc,heap        ] GC(1017) Humongous regions: 80->80
[3979.111s][info][gc,metaspace   ] GC(1017) Metaspace: 28896K(29312K)->28896K(29312K) NonClass: 24028K(24256K)->24028K(24256K) Class: 4868K(5056K)->4868K(5056K)
[3979.111s][info][gc             ] GC(1017) Pause Young (Prepare Mixed) (G1 Evacuation Pause) 3617M->1442M(4096M) 115.310ms
[3979.111s][info][gc,cpu         ] GC(1017) User=0.69s Sys=0.00s Real=0.11s
..[3981.692s][info][gc,start       ] GC(1018) Pause Young (Mixed) (G1 Evacuation Pause)
[3981.692s][info][gc,task        ] GC(1018) Using 6 workers of 6 for evacuation
[3981.828s][info][gc,phases      ] GC(1018)   Pre Evacuate Collection Set: 0.39ms
[3981.828s][info][gc,phases      ] GC(1018)   Merge Heap Roots: 0.77ms
[3981.828s][info][gc,phases      ] GC(1018)   Evacuate Collection Set: 133.77ms
[3981.828s][info][gc,phases      ] GC(1018)   Post Evacuate Collection Set: 0.96ms
[3981.828s][info][gc,phases      ] GC(1018)   Other: 0.09ms
[3981.828s][info][gc,heap        ] GC(1018) Eden regions: 1116->0(1119)
[3981.828s][info][gc,heap        ] GC(1018) Survivor regions: 107->109(153)
[3981.828s][info][gc,heap        ] GC(1018) Old regions: 535->472
[3981.828s][info][gc,heap        ] GC(1018) Humongous regions: 80->80
[3981.828s][info][gc,metaspace   ] GC(1018) Metaspace: 28896K(29312K)->28896K(29312K) NonClass: 24028K(24256K)->24028K(24256K) Class: 4868K(5056K)->4868K(5056K)
[3981.828s][info][gc             ] GC(1018) Pause Young (Mixed) (G1 Evacuation Pause) 3674M->1320M(4096M) 136.116ms
[3981.828s][info][gc,cpu         ] GC(1018) User=0.81s Sys=0.00s Real=0.14s
...[3984.444s][info][gc,start       ] GC(1019) Pause Young (Concurrent Start) (G1 Evacuation Pause)
[3984.444s][info][gc,task        ] GC(1019) Using 6 workers of 6 for evacuation
[3984.566s][info][gc,phases      ] GC(1019)   Pre Evacuate Collection Set: 0.38ms
[3984.566s][info][gc,phases      ] GC(1019)   Merge Heap Roots: 0.51ms
[3984.566s][info][gc,phases      ] GC(1019)   Evacuate Collection Set: 119.77ms
[3984.566s][info][gc,phases      ] GC(1019)   Post Evacuate Collection Set: 0.82ms
[3984.566s][info][gc,phases      ] GC(1019)   Other: 0.11ms
[3984.566s][info][gc,heap        ] GC(1019) Eden regions: 1119->0(1115)
[3984.566s][info][gc,heap        ] GC(1019) Survivor regions: 109->113(154)
[3984.566s][info][gc,heap        ] GC(1019) Old regions: 472->504
[3984.566s][info][gc,heap        ] GC(1019) Humongous regions: 80->80
[3984.566s][info][gc,metaspace   ] GC(1019) Metaspace: 28896K(29312K)->28896K(29312K) NonClass: 24028K(24256K)->24028K(24256K) Class: 4868K(5056K)->4868K(5056K)
[3984.566s][info][gc             ] GC(1019) Pause Young (Concurrent Start) (G1 Evacuation Pause) 3558M->1391M(4096M) 121.729ms
[3984.566s][info][gc             ] GC(1020) Concurrent Mark Cycle
[3984.566s][info][gc,marking     ] GC(1020) Concurrent Scan Root Regions
[3984.566s][info][gc,cpu         ] GC(1019) User=0.72s Sys=0.00s Real=0.13s
[3984.700s][info][gc,marking     ] GC(1020) Concurrent Scan Root Regions 134.400ms
[3984.700s][info][gc,marking     ] GC(1020) Concurrent Mark
[3984.700s][info][gc,marking     ] GC(1020) Concurrent Mark From Roots
[3984.700s][info][gc,task        ] GC(1020) Using 2 workers of 2 for marking
.[3985.390s][info][gc,marking     ] GC(1020) Concurrent Mark From Roots 690.245ms
[3985.390s][info][gc,marking     ] GC(1020) Concurrent Preclean
[3985.391s][info][gc,marking     ] GC(1020) Concurrent Preclean 0.113ms
[3985.392s][info][gc,start       ] GC(1020) Pause Remark
[3985.397s][info][gc             ] GC(1020) Pause Remark 2037M->2037M(4096M) 4.441ms
[3985.397s][info][gc,cpu         ] GC(1020) User=0.02s Sys=0.00s Real=0.01s
[3985.397s][info][gc,marking     ] GC(1020) Concurrent Mark 696.637ms
[3985.397s][info][gc,marking     ] GC(1020) Concurrent Rebuild Remembered Sets and Scrub Regions
[3985.660s][info][gc,marking     ] GC(1020) Concurrent Rebuild Remembered Sets and Scrub Regions 263.454ms
[3985.661s][info][gc,start       ] GC(1020) Pause Cleanup
[3985.661s][info][gc             ] GC(1020) Pause Cleanup 2303M->2303M(4096M) 0.126ms
[3985.661s][info][gc,cpu         ] GC(1020) User=0.00s Sys=0.00s Real=0.00s
[3985.661s][info][gc,marking     ] GC(1020) Concurrent Clear Claimed Marks
[3985.661s][info][gc,marking     ] GC(1020) Concurrent Clear Claimed Marks 0.025ms
[3985.661s][info][gc,marking     ] GC(1020) Concurrent Cleanup for Next Mark
[3985.666s][info][gc,marking     ] GC(1020) Concurrent Cleanup for Next Mark 5.193ms
[3985.666s][info][gc             ] GC(1020) Concurrent Mark Cycle 1100.788ms
.[3987.075s][info][gc,start       ] GC(1021) Pause Young (Prepare Mixed) (G1 Evacuation Pause)
[3987.075s][info][gc,task        ] GC(1021) Using 6 workers of 6 for evacuation
[3987.191s][info][gc,phases      ] GC(1021)   Pre Evacuate Collection Set: 0.36ms
[3987.191s][info][gc,phases      ] GC(1021)   Merge Heap Roots: 0.51ms
[3987.191s][info][gc,phases      ] GC(1021)   Evacuate Collection Set: 114.08ms
[3987.191s][info][gc,phases      ] GC(1021)   Post Evacuate Collection Set: 0.91ms
[3987.191s][info][gc,phases      ] GC(1021)   Other: 0.09ms
[3987.191s][info][gc,heap        ] GC(1021) Eden regions: 1115->0(1110)
[3987.191s][info][gc,heap        ] GC(1021) Survivor regions: 113->110(154)
[3987.191s][info][gc,heap        ] GC(1021) Old regions: 504->535
[3987.191s][info][gc,heap        ] GC(1021) Humongous regions: 80->80
[3987.191s][info][gc,metaspace   ] GC(1021) Metaspace: 28896K(29312K)->28896K(29312K) NonClass: 24028K(24256K)->24028K(24256K) Class: 4868K(5056K)->4868K(5056K)
[3987.191s][info][gc             ] GC(1021) Pause Young (Prepare Mixed) (G1 Evacuation Pause) 3621M->1447M(4096M) 116.079ms
[3987.191s][info][gc,cpu         ] GC(1021) User=0.69s Sys=0.00s Real=0.11s
...[3989.721s][info][gc,start       ] GC(1022) Pause Young (Mixed) (G1 Evacuation Pause)
[3989.721s][info][gc,task        ] GC(1022) Using 6 workers of 6 for evacuation
[3989.854s][info][gc,phases      ] GC(1022)   Pre Evacuate Collection Set: 0.37ms
[3989.854s][info][gc,phases      ] GC(1022)   Merge Heap Roots: 0.80ms
[3989.854s][info][gc,phases      ] GC(1022)   Evacuate Collection Set: 130.93ms
[3989.854s][info][gc,phases      ] GC(1022)   Post Evacuate Collection Set: 0.94ms
[3989.854s][info][gc,phases      ] GC(1022)   Other: 0.10ms
[3989.854s][info][gc,heap        ] GC(1022) Eden regions: 1110->0(1122)
[3989.854s][info][gc,heap        ] GC(1022) Survivor regions: 110->106(153)
[3989.854s][info][gc,heap        ] GC(1022) Old regions: 535->472
[3989.854s][info][gc,heap        ] GC(1022) Humongous regions: 80->80
[3989.854s][info][gc,metaspace   ] GC(1022) Metaspace: 28896K(29312K)->28896K(29312K) NonClass: 24028K(24256K)->24028K(24256K) Class: 4868K(5056K)->4868K(5056K)
[3989.854s][info][gc             ] GC(1022) Pause Young (Mixed) (G1 Evacuation Pause) 3667M->1312M(4096M) 133.293ms
[3989.854s][info][gc,cpu         ] GC(1022) User=0.80s Sys=0.00s Real=0.13s
...[3992.414s][info][gc,start       ] GC(1023) Pause Young (Concurrent Start) (G1 Evacuation Pause)
[3992.414s][info][gc,task        ] GC(1023) Using 6 workers of 6 for evacuation
[3992.535s][info][gc,phases      ] GC(1023)   Pre Evacuate Collection Set: 0.33ms
[3992.535s][info][gc,phases      ] GC(1023)   Merge Heap Roots: 0.46ms
[3992.535s][info][gc,phases      ] GC(1023)   Evacuate Collection Set: 119.62ms
[3992.535s][info][gc,phases      ] GC(1023)   Post Evacuate Collection Set: 0.91ms
[3992.535s][info][gc,phases      ] GC(1023)   Other: 0.11ms
[3992.535s][info][gc,heap        ] GC(1023) Eden regions: 1122->0(1112)
[3992.535s][info][gc,heap        ] GC(1023) Survivor regions: 106->116(154)
[3992.536s][info][gc,heap        ] GC(1023) Old regions: 472->502
[3992.536s][info][gc,heap        ] GC(1023) Humongous regions: 80->80
[3992.536s][info][gc,metaspace   ] GC(1023) Metaspace: 28896K(29312K)->28896K(29312K) NonClass: 24028K(24256K)->24028K(24256K) Class: 4868K(5056K)->4868K(5056K)
[3992.536s][info][gc             ] GC(1023) Pause Young (Concurrent Start) (G1 Evacuation Pause) 3556M->1393M(4096M) 121.542ms
[3992.536s][info][gc             ] GC(1024) Concurrent Mark Cycle
[3992.536s][info][gc,marking     ] GC(1024) Concurrent Scan Root Regions
[3992.536s][info][gc,cpu         ] GC(1023) User=0.72s Sys=0.00s Real=0.13s
[3992.671s][info][gc,marking     ] GC(1024) Concurrent Scan Root Regions 135.019ms
[3992.671s][info][gc,marking     ] GC(1024) Concurrent Mark
[3992.671s][info][gc,marking     ] GC(1024) Concurrent Mark From Roots
[3992.671s][info][gc,task        ] GC(1024) Using 2 workers of 2 for marking
.[3993.387s][info][gc,marking     ] GC(1024) Concurrent Mark From Roots 716.165ms
[3993.387s][info][gc,marking     ] GC(1024) Concurrent Preclean
[3993.387s][info][gc,marking     ] GC(1024) Concurrent Preclean 0.097ms
[3993.388s][info][gc,start       ] GC(1024) Pause Remark
[3993.392s][info][gc             ] GC(1024) Pause Remark 2107M->2107M(4096M) 3.628ms
[3993.392s][info][gc,cpu         ] GC(1024) User=0.02s Sys=0.00s Real=0.00s
[3993.394s][info][gc,marking     ] GC(1024) Concurrent Mark 723.120ms
[3993.394s][info][gc,marking     ] GC(1024) Concurrent Rebuild Remembered Sets and Scrub Regions
[3993.665s][info][gc,marking     ] GC(1024) Concurrent Rebuild Remembered Sets and Scrub Regions 271.445ms
[3993.666s][info][gc,start       ] GC(1024) Pause Cleanup
[3993.666s][info][gc             ] GC(1024) Pause Cleanup 2349M->2349M(4096M) 0.111ms
[3993.666s][info][gc,cpu         ] GC(1024) User=0.00s Sys=0.00s Real=0.00s
[3993.666s][info][gc,marking     ] GC(1024) Concurrent Clear Claimed Marks
[3993.666s][info][gc,marking     ] GC(1024) Concurrent Clear Claimed Marks 0.018ms
[3993.666s][info][gc,marking     ] GC(1024) Concurrent Cleanup for Next Mark
[3993.672s][info][gc,marking     ] GC(1024) Concurrent Cleanup for Next Mark 6.117ms
[3993.672s][info][gc             ] GC(1024) Concurrent Mark Cycle 1136.446ms
.[3995.027s][info][gc,start       ] GC(1025) Pause Young (Prepare Mixed) (G1 Evacuation Pause)
[3995.027s][info][gc,task        ] GC(1025) Using 6 workers of 6 for evacuation
[3995.144s][info][gc,phases      ] GC(1025)   Pre Evacuate Collection Set: 0.35ms
[3995.144s][info][gc,phases      ] GC(1025)   Merge Heap Roots: 0.54ms
[3995.144s][info][gc,phases      ] GC(1025)   Evacuate Collection Set: 114.77ms
[3995.144s][info][gc,phases      ] GC(1025)   Post Evacuate Collection Set: 0.90ms
[3995.144s][info][gc,phases      ] GC(1025)   Other: 0.08ms
[3995.144s][info][gc,heap        ] GC(1025) Eden regions: 1112->0(1111)
[3995.144s][info][gc,heap        ] GC(1025) Survivor regions: 116->110(154)
[3995.144s][info][gc,heap        ] GC(1025) Old regions: 502->534
[3995.144s][info][gc,heap        ] GC(1025) Humongous regions: 80->80
[3995.144s][info][gc,metaspace   ] GC(1025) Metaspace: 28896K(29312K)->28896K(29312K) NonClass: 24028K(24256K)->24028K(24256K) Class: 4868K(5056K)->4868K(5056K)
[3995.144s][info][gc             ] GC(1025) Pause Young (Prepare Mixed) (G1 Evacuation Pause) 3617M->1446M(4096M) 116.760ms
[3995.144s][info][gc,cpu         ] GC(1025) User=0.70s Sys=0.00s Real=0.11s
...[3997.689s][info][gc,start       ] GC(1026) Pause Young (Mixed) (G1 Evacuation Pause)
[3997.690s][info][gc,task        ] GC(1026) Using 6 workers of 6 for evacuation
[3997.824s][info][gc,phases      ] GC(1026)   Pre Evacuate Collection Set: 0.32ms
[3997.824s][info][gc,phases      ] GC(1026)   Merge Heap Roots: 0.73ms
[3997.824s][info][gc,phases      ] GC(1026)   Evacuate Collection Set: 132.52ms
[3997.824s][info][gc,phases      ] GC(1026)   Post Evacuate Collection Set: 0.95ms
[3997.824s][info][gc,phases      ] GC(1026)   Other: 0.09ms
[3997.824s][info][gc,heap        ] GC(1026) Eden regions: 1111->0(1120)
[3997.824s][info][gc,heap        ] GC(1026) Survivor regions: 110->108(153)
[3997.824s][info][gc,heap        ] GC(1026) Old regions: 534->471
[3997.824s][info][gc,heap        ] GC(1026) Humongous regions: 80->80
[3997.824s][info][gc,metaspace   ] GC(1026) Metaspace: 28896K(29312K)->28896K(29312K) NonClass: 24028K(24256K)->24028K(24256K) Class: 4868K(5056K)->4868K(5056K)
[3997.824s][info][gc             ] GC(1026) Pause Young (Mixed) (G1 Evacuation Pause) 3668M->1315M(4096M) 134.759ms
[3997.824s][info][gc,cpu         ] GC(1026) User=0.80s Sys=0.00s Real=0.13s
...[4000.355s][info][gc,start       ] GC(1027) Pause Young (Concurrent Start) (G1 Evacuation Pause)
[4000.355s][info][gc,task        ] GC(1027) Using 6 workers of 6 for evacuation
[4000.474s][info][gc,phases      ] GC(1027)   Pre Evacuate Collection Set: 0.39ms
[4000.474s][info][gc,phases      ] GC(1027)   Merge Heap Roots: 0.47ms
[4000.474s][info][gc,phases      ] GC(1027)   Evacuate Collection Set: 116.28ms
[4000.474s][info][gc,phases      ] GC(1027)   Post Evacuate Collection Set: 0.87ms
[4000.474s][info][gc,phases      ] GC(1027)   Other: 0.13ms
[4000.474s][info][gc,heap        ] GC(1027) Eden regions: 1120->0(1118)
[4000.474s][info][gc,heap        ] GC(1027) Survivor regions: 108->110(154)
[4000.474s][info][gc,heap        ] GC(1027) Old regions: 471->503
[4000.474s][info][gc,heap        ] GC(1027) Humongous regions: 80->80
[4000.474s][info][gc,metaspace   ] GC(1027) Metaspace: 28896K(29312K)->28896K(29312K) NonClass: 24028K(24256K)->24028K(24256K) Class: 4868K(5056K)->4868K(5056K)
[4000.474s][info][gc             ] GC(1027) Pause Young (Concurrent Start) (G1 Evacuation Pause) 3555M->1383M(4096M) 118.263ms
[4000.474s][info][gc             ] GC(1028) Concurrent Mark Cycle
[4000.474s][info][gc,marking     ] GC(1028) Concurrent Scan Root Regions
[4000.474s][info][gc,cpu         ] GC(1027) User=0.70s Sys=0.00s Real=0.11s
[4000.643s][info][gc,marking     ] GC(1028) Concurrent Scan Root Regions 168.884ms
[4000.643s][info][gc,marking     ] GC(1028) Concurrent Mark
[4000.643s][info][gc,marking     ] GC(1028) Concurrent Mark From Roots
[4000.643s][info][gc,task        ] GC(1028) Using 2 workers of 2 for marking
.[4001.360s][info][gc,marking     ] GC(1028) Concurrent Mark From Roots 717.571ms
[4001.360s][info][gc,marking     ] GC(1028) Concurrent Preclean
[4001.360s][info][gc,marking     ] GC(1028) Concurrent Preclean 0.108ms
[4001.363s][info][gc,start       ] GC(1028) Pause Remark
[4001.367s][info][gc             ] GC(1028) Pause Remark 2177M->2177M(4096M) 4.823ms
[4001.367s][info][gc,cpu         ] GC(1028) User=0.02s Sys=0.00s Real=0.01s
[4001.369s][info][gc,marking     ] GC(1028) Concurrent Mark 726.385ms
[4001.369s][info][gc,marking     ] GC(1028) Concurrent Rebuild Remembered Sets and Scrub Regions
[4001.679s][info][gc,marking     ] GC(1028) Concurrent Rebuild Remembered Sets and Scrub Regions 309.877ms
[4001.679s][info][gc,start       ] GC(1028) Pause Cleanup
[4001.679s][info][gc             ] GC(1028) Pause Cleanup 2444M->2444M(4096M) 0.118ms
[4001.679s][info][gc,cpu         ] GC(1028) User=0.00s Sys=0.00s Real=0.00s
[4001.679s][info][gc,marking     ] GC(1028) Concurrent Clear Claimed Marks
[4001.679s][info][gc,marking     ] GC(1028) Concurrent Clear Claimed Marks 0.026ms
[4001.679s][info][gc,marking     ] GC(1028) Concurrent Cleanup for Next Mark
[4001.685s][info][gc,marking     ] GC(1028) Concurrent Cleanup for Next Mark 5.179ms
[4001.685s][info][gc             ] GC(1028) Concurrent Mark Cycle 1210.935ms
.[4003.054s][info][gc,start       ] GC(1029) Pause Young (Prepare Mixed) (G1 Evacuation Pause)
[4003.054s][info][gc,task        ] GC(1029) Using 6 workers of 6 for evacuation
[4003.173s][info][gc,phases      ] GC(1029)   Pre Evacuate Collection Set: 0.31ms
[4003.173s][info][gc,phases      ] GC(1029)   Merge Heap Roots: 0.51ms
[4003.173s][info][gc,phases      ] GC(1029)   Evacuate Collection Set: 117.97ms
[4003.173s][info][gc,phases      ] GC(1029)   Post Evacuate Collection Set: 0.93ms
[4003.173s][info][gc,phases      ] GC(1029)   Other: 0.09ms
[4003.173s][info][gc,heap        ] GC(1029) Eden regions: 1118->0(1107)
[4003.173s][info][gc,heap        ] GC(1029) Survivor regions: 110->111(154)
[4003.173s][info][gc,heap        ] GC(1029) Old regions: 503->536
[4003.173s][info][gc,heap        ] GC(1029) Humongous regions: 80->80
[4003.173s][info][gc,metaspace   ] GC(1029) Metaspace: 28896K(29312K)->28896K(29312K) NonClass: 24028K(24256K)->24028K(24256K) Class: 4868K(5056K)->4868K(5056K)
[4003.173s][info][gc             ] GC(1029) Pause Young (Prepare Mixed) (G1 Evacuation Pause) 3619M->1451M(4096M) 119.943ms
[4003.173s][info][gc,cpu         ] GC(1029) User=0.71s Sys=0.00s Real=0.12s
...[4005.679s][info][gc,start       ] GC(1030) Pause Young (Mixed) (G1 Evacuation Pause)
[4005.679s][info][gc,task        ] GC(1030) Using 6 workers of 6 for evacuation
[4005.816s][info][gc,phases      ] GC(1030)   Pre Evacuate Collection Set: 0.34ms
[4005.816s][info][gc,phases      ] GC(1030)   Merge Heap Roots: 0.66ms
[4005.816s][info][gc,phases      ] GC(1030)   Evacuate Collection Set: 134.14ms
[4005.816s][info][gc,phases      ] GC(1030)   Post Evacuate Collection Set: 0.96ms
[4005.816s][info][gc,phases      ] GC(1030)   Other: 0.08ms
[4005.816s][info][gc,heap        ] GC(1030) Eden regions: 1107->0(1116)
[4005.816s][info][gc,heap        ] GC(1030) Survivor regions: 111->112(153)
[4005.816s][info][gc,heap        ] GC(1030) Old regions: 536->473
[4005.816s][info][gc,heap        ] GC(1030) Humongous regions: 80->80
[4005.816s][info][gc,metaspace   ] GC(1030) Metaspace: 28896K(29312K)->28896K(29312K) NonClass: 24028K(24256K)->24028K(24256K) Class: 4868K(5056K)->4868K(5056K)
[4005.816s][info][gc             ] GC(1030) Pause Young (Mixed) (G1 Evacuation Pause) 3665M->1327M(4096M) 136.316ms
[4005.816s][info][gc,cpu         ] GC(1030) User=0.81s Sys=0.00s Real=0.14s
...[4008.310s][info][gc,start       ] GC(1031) Pause Young (Concurrent Start) (G1 Evacuation Pause)
[4008.310s][info][gc,task        ] GC(1031) Using 6 workers of 6 for evacuation
[4008.431s][info][gc,phases      ] GC(1031)   Pre Evacuate Collection Set: 0.38ms
[4008.431s][info][gc,phases      ] GC(1031)   Merge Heap Roots: 0.57ms
[4008.431s][info][gc,phases      ] GC(1031)   Evacuate Collection Set: 119.40ms
[4008.431s][info][gc,phases      ] GC(1031)   Post Evacuate Collection Set: 0.87ms
[4008.431s][info][gc,phases      ] GC(1031)   Other: 0.10ms
[4008.431s][info][gc,heap        ] GC(1031) Eden regions: 1116->0(1116)
[4008.431s][info][gc,heap        ] GC(1031) Survivor regions: 112->112(154)
[4008.431s][info][gc,heap        ] GC(1031) Old regions: 473->504
[4008.431s][info][gc,heap        ] GC(1031) Humongous regions: 80->80
[4008.431s][info][gc,metaspace   ] GC(1031) Metaspace: 28896K(29312K)->28896K(29312K) NonClass: 24028K(24256K)->24028K(24256K) Class: 4868K(5056K)->4868K(5056K)
[4008.431s][info][gc             ] GC(1031) Pause Young (Concurrent Start) (G1 Evacuation Pause) 3559M->1390M(4096M) 121.450ms
[4008.431s][info][gc             ] GC(1032) Concurrent Mark Cycle
[4008.431s][info][gc,marking     ] GC(1032) Concurrent Scan Root Regions
[4008.431s][info][gc,cpu         ] GC(1031) User=0.72s Sys=0.00s Real=0.12s
 (rIR:aIR:PR = 7057:7060:7060) (tPR = 104800) [OK] 
  4008s: Performance info:
         Transaction,    Success,    Partial,     Failed,   Receipts, AvgBarcode, 
             Overall,     427114,          0,          0,     405774,      59.47, 
         Response times:
             Request,    Success,    Partial,     Failed,   SkipFail,     Probes,    Samples,      min,      p50,      p90,      p95,      p99,      max, 
       TotalPurchase,     405776,          0,          0,          0,     355695,     394384,      300,     5900,    55000,    91000,   148000,   441000,
     InStorePurchase,     213577,          0,          0,          0,     187319,     207111,      300,     6000,    55000,    93000,   149000,   308000,
      OnlinePurchase,     149243,          0,          0,          0,     130995,     145544,      300,     5800,    55000,    90000,   147000,   441000,
        InstPurchase,      42956,          0,          0,          0,      37381,      41729,      400,     5700,    53000,    89000,   147000,   297000,
          AssocOfCat,        425,          0,          0,          0,        333,        434,    25000,    40000,   135000,   161250,   201000,   238000,
      AssocOfProduct,       4273,          0,          0,          0,       4019,       4569,      400,     6300,    54000,    95000,   149000,   307000,
      BusinessReport,       1072,          0,          0,          0,        958,       1157,    27000,    46000,   117000,   164000,   224620,   308000,
          CustBuyBeh,       4267,          0,          0,          0,       4009,       4604,      200,     6400,    56500,    89750,   153000,   240000,
       ProductReturn,      11299,          0,          0,          0,       9693,      10886,      200,     5400,    53000,    88650,   151000,   447000,

  4008s: (52%)   IR =   7195 [4008.592s][info][gc,marking     ] GC(1032) Concurrent Scan Root Regions 160.572ms
[4008.592s][info][gc,marking     ] GC(1032) Concurrent Mark
[4008.592s][info][gc,marking     ] GC(1032) Concurrent Mark From Roots
[4008.592s][info][gc,task        ] GC(1032) Using 2 workers of 2 for marking
.[4009.521s][info][gc,marking     ] GC(1032) Concurrent Mark From Roots 928.985ms
[4009.521s][info][gc,marking     ] GC(1032) Concurrent Preclean
[4009.521s][info][gc,marking     ] GC(1032) Concurrent Preclean 0.106ms
[4009.521s][info][gc,start       ] GC(1032) Pause Remark
[4009.527s][info][gc             ] GC(1032) Pause Remark 2292M->2292M(4096M) 5.577ms
[4009.527s][info][gc,cpu         ] GC(1032) User=0.03s Sys=0.00s Real=0.01s
[4009.528s][info][gc,marking     ] GC(1032) Concurrent Mark 936.303ms
[4009.528s][info][gc,marking     ] GC(1032) Concurrent Rebuild Remembered Sets and Scrub Regions
[4009.871s][info][gc,marking     ] GC(1032) Concurrent Rebuild Remembered Sets and Scrub Regions 342.541ms
[4009.871s][info][gc,start       ] GC(1032) Pause Cleanup
[4009.871s][info][gc             ] GC(1032) Pause Cleanup 2616M->2616M(4096M) 0.108ms
[4009.871s][info][gc,cpu         ] GC(1032) User=0.00s Sys=0.00s Real=0.00s
[4009.873s][info][gc,marking     ] GC(1032) Concurrent Clear Claimed Marks
[4009.873s][info][gc,marking     ] GC(1032) Concurrent Clear Claimed Marks 0.052ms
[4009.873s][info][gc,marking     ] GC(1032) Concurrent Cleanup for Next Mark
[4009.884s][info][gc,marking     ] GC(1032) Concurrent Cleanup for Next Mark 10.519ms
[4009.884s][info][gc             ] GC(1032) Concurrent Mark Cycle 1452.934ms
.[4011.070s][info][gc,start       ] GC(1033) Pause Young (Prepare Mixed) (G1 Evacuation Pause)
[4011.070s][info][gc,task        ] GC(1033) Using 6 workers of 6 for evacuation
[4011.187s][info][gc,phases      ] GC(1033)   Pre Evacuate Collection Set: 0.36ms
[4011.187s][info][gc,phases      ] GC(1033)   Merge Heap Roots: 0.57ms
[4011.187s][info][gc,phases      ] GC(1033)   Evacuate Collection Set: 114.87ms
[4011.187s][info][gc,phases      ] GC(1033)   Post Evacuate Collection Set: 0.95ms
[4011.187s][info][gc,phases      ] GC(1033)   Other: 0.09ms
[4011.187s][info][gc,heap        ] GC(1033) Eden regions: 1116->0(1113)
[4011.187s][info][gc,heap        ] GC(1033) Survivor regions: 112->108(154)
[4011.187s][info][gc,heap        ] GC(1033) Old regions: 504->536
[4011.187s][info][gc,heap        ] GC(1033) Humongous regions: 80->80
[4011.187s][info][gc,metaspace   ] GC(1033) Metaspace: 28896K(29312K)->28896K(29312K) NonClass: 24028K(24256K)->24028K(24256K) Class: 4868K(5056K)->4868K(5056K)
[4011.187s][info][gc             ] GC(1033) Pause Young (Prepare Mixed) (G1 Evacuation Pause) 3622M->1445M(4096M) 116.963ms
[4011.187s][info][gc,cpu         ] GC(1033) User=0.69s Sys=0.00s Real=0.12s
...|[4013.692s][info][gc,start       ] GC(1034) Pause Young (Mixed) (G1 Evacuation Pause)
[4013.692s][info][gc,task        ] GC(1034) Using 6 workers of 6 for evacuation
[4013.827s][info][gc,phases      ] GC(1034)   Pre Evacuate Collection Set: 0.37ms
[4013.827s][info][gc,phases      ] GC(1034)   Merge Heap Roots: 0.83ms
[4013.827s][info][gc,phases      ] GC(1034)   Evacuate Collection Set: 132.26ms
[4013.827s][info][gc,phases      ] GC(1034)   Post Evacuate Collection Set: 0.96ms
[4013.827s][info][gc,phases      ] GC(1034)   Other: 0.09ms
[4013.827s][info][gc,heap        ] GC(1034) Eden regions: 1113->0(1120)
[4013.827s][info][gc,heap        ] GC(1034) Survivor regions: 108->108(153)
[4013.827s][info][gc,heap        ] GC(1034) Old regions: 536->472
[4013.827s][info][gc,heap        ] GC(1034) Humongous regions: 80->80
[4013.827s][info][gc,metaspace   ] GC(1034) Metaspace: 28896K(29312K)->28896K(29312K) NonClass: 24028K(24256K)->24028K(24256K) Class: 4868K(5056K)->4868K(5056K)
[4013.827s][info][gc             ] GC(1034) Pause Young (Mixed) (G1 Evacuation Pause) 3671M->1316M(4096M) 134.646ms
[4013.827s][info][gc,cpu         ] GC(1034) User=0.81s Sys=0.00s Real=0.14s
..[4016.297s][info][gc,start       ] GC(1035) Pause Young (Concurrent Start) (G1 Evacuation Pause)
[4016.297s][info][gc,task        ] GC(1035) Using 6 workers of 6 for evacuation
[4016.417s][info][gc,phases      ] GC(1035)   Pre Evacuate Collection Set: 0.37ms
[4016.417s][info][gc,phases      ] GC(1035)   Merge Heap Roots: 0.48ms
[4016.417s][info][gc,phases      ] GC(1035)   Evacuate Collection Set: 118.25ms
[4016.417s][info][gc,phases      ] GC(1035)   Post Evacuate Collection Set: 0.86ms
[4016.417s][info][gc,phases      ] GC(1035)   Other: 0.12ms
[4016.417s][info][gc,heap        ] GC(1035) Eden regions: 1120->0(1115)
[4016.417s][info][gc,heap        ] GC(1035) Survivor regions: 108->113(154)
[4016.417s][info][gc,heap        ] GC(1035) Old regions: 472->503
[4016.417s][info][gc,heap        ] GC(1035) Humongous regions: 80->80
[4016.417s][info][gc,metaspace   ] GC(1035) Metaspace: 28896K(29312K)->28896K(29312K) NonClass: 24028K(24256K)->24028K(24256K) Class: 4868K(5056K)->4868K(5056K)
[4016.417s][info][gc             ] GC(1035) Pause Young (Concurrent Start) (G1 Evacuation Pause) 3556M->1389M(4096M) 120.201ms
[4016.417s][info][gc             ] GC(1036) Concurrent Mark Cycle
[4016.417s][info][gc,marking     ] GC(1036) Concurrent Scan Root Regions
[4016.417s][info][gc,cpu         ] GC(1035) User=0.71s Sys=0.00s Real=0.12s
[4016.590s][info][gc,marking     ] GC(1036) Concurrent Scan Root Regions 172.969ms
[4016.590s][info][gc,marking     ] GC(1036) Concurrent Mark
[4016.590s][info][gc,marking     ] GC(1036) Concurrent Mark From Roots
[4016.590s][info][gc,task        ] GC(1036) Using 2 workers of 2 for marking
.[4017.584s][info][gc,marking     ] GC(1036) Concurrent Mark From Roots 993.397ms
[4017.584s][info][gc,marking     ] GC(1036) Concurrent Preclean
[4017.584s][info][gc,marking     ] GC(1036) Concurrent Preclean 0.144ms
[4017.584s][info][gc,start       ] GC(1036) Pause Remark
[4017.590s][info][gc             ] GC(1036) Pause Remark 2433M->2433M(4096M) 6.221ms
[4017.590s][info][gc,cpu         ] GC(1036) User=0.03s Sys=0.00s Real=0.01s
[4017.590s][info][gc,marking     ] GC(1036) Concurrent Mark 1000.061ms
[4017.590s][info][gc,marking     ] GC(1036) Concurrent Rebuild Remembered Sets and Scrub Regions
.[4017.938s][info][gc,marking     ] GC(1036) Concurrent Rebuild Remembered Sets and Scrub Regions 347.957ms
[4017.939s][info][gc,start       ] GC(1036) Pause Cleanup
[4017.939s][info][gc             ] GC(1036) Pause Cleanup 2786M->2786M(4096M) 0.108ms
[4017.939s][info][gc,cpu         ] GC(1036) User=0.00s Sys=0.00s Real=0.00s
[4017.939s][info][gc,marking     ] GC(1036) Concurrent Clear Claimed Marks
[4017.939s][info][gc,marking     ] GC(1036) Concurrent Clear Claimed Marks 0.023ms
[4017.939s][info][gc,marking     ] GC(1036) Concurrent Cleanup for Next Mark
[4017.943s][info][gc,marking     ] GC(1036) Concurrent Cleanup for Next Mark 4.493ms
[4017.943s][info][gc             ] GC(1036) Concurrent Mark Cycle 1525.968ms
.[4018.887s][info][gc,start       ] GC(1037) Pause Young (Prepare Mixed) (G1 Evacuation Pause)
[4018.887s][info][gc,task        ] GC(1037) Using 6 workers of 6 for evacuation
[4019.003s][info][gc,phases      ] GC(1037)   Pre Evacuate Collection Set: 0.32ms
[4019.003s][info][gc,phases      ] GC(1037)   Merge Heap Roots: 0.49ms
[4019.003s][info][gc,phases      ] GC(1037)   Evacuate Collection Set: 114.24ms
[4019.003s][info][gc,phases      ] GC(1037)   Post Evacuate Collection Set: 0.92ms
[4019.003s][info][gc,phases      ] GC(1037)   Other: 0.08ms
[4019.003s][info][gc,heap        ] GC(1037) Eden regions: 1115->0(1112)
[4019.003s][info][gc,heap        ] GC(1037) Survivor regions: 113->108(154)
[4019.003s][info][gc,heap        ] GC(1037) Old regions: 503->537
[4019.003s][info][gc,heap        ] GC(1037) Humongous regions: 80->80
[4019.003s][info][gc,metaspace   ] GC(1037) Metaspace: 28896K(29312K)->28896K(29312K) NonClass: 24028K(24256K)->24028K(24256K) Class: 4868K(5056K)->4868K(5056K)
[4019.003s][info][gc             ] GC(1037) Pause Young (Prepare Mixed) (G1 Evacuation Pause) 3619M->1447M(4096M) 116.182ms
[4019.003s][info][gc,cpu         ] GC(1037) User=0.69s Sys=0.00s Real=0.11s
..[4021.559s][info][gc,start       ] GC(1038) Pause Young (Mixed) (G1 Evacuation Pause)
[4021.559s][info][gc,task        ] GC(1038) Using 6 workers of 6 for evacuation
[4021.696s][info][gc,phases      ] GC(1038)   Pre Evacuate Collection Set: 0.35ms
[4021.696s][info][gc,phases      ] GC(1038)   Merge Heap Roots: 0.67ms
[4021.696s][info][gc,phases      ] GC(1038)   Evacuate Collection Set: 135.01ms
[4021.696s][info][gc,phases      ] GC(1038)   Post Evacuate Collection Set: 0.89ms
[4021.696s][info][gc,phases      ] GC(1038)   Other: 0.09ms
[4021.696s][info][gc,heap        ] GC(1038) Eden regions: 1112->0(1114)
[4021.696s][info][gc,heap        ] GC(1038) Survivor regions: 108->114(153)
[4021.696s][info][gc,heap        ] GC(1038) Old regions: 537->472
[4021.696s][info][gc,heap        ] GC(1038) Humongous regions: 80->80
[4021.696s][info][gc,metaspace   ] GC(1038) Metaspace: 28896K(29312K)->28896K(29312K) NonClass: 24028K(24256K)->24028K(24256K) Class: 4868K(5056K)->4868K(5056K)
[4021.696s][info][gc             ] GC(1038) Pause Young (Mixed) (G1 Evacuation Pause) 3671M->1330M(4096M) 137.134ms
[4021.696s][info][gc,cpu         ] GC(1038) User=0.82s Sys=0.00s Real=0.14s
...[4024.153s][info][gc,start       ] GC(1039) Pause Young (Concurrent Start) (G1 Evacuation Pause)
[4024.153s][info][gc,task        ] GC(1039) Using 6 workers of 6 for evacuation
[4024.272s][info][gc,phases      ] GC(1039)   Pre Evacuate Collection Set: 0.33ms
[4024.272s][info][gc,phases      ] GC(1039)   Merge Heap Roots: 0.48ms
[4024.272s][info][gc,phases      ] GC(1039)   Evacuate Collection Set: 116.98ms
[4024.272s][info][gc,phases      ] GC(1039)   Post Evacuate Collection Set: 0.92ms
[4024.272s][info][gc,phases      ] GC(1039)   Other: 0.10ms
[4024.272s][info][gc,heap        ] GC(1039) Eden regions: 1114->0(1116)
[4024.272s][info][gc,heap        ] GC(1039) Survivor regions: 114->112(154)
[4024.272s][info][gc,heap        ] GC(1039) Old regions: 472->504
[4024.272s][info][gc,heap        ] GC(1039) Humongous regions: 80->80
[4024.272s][info][gc,metaspace   ] GC(1039) Metaspace: 28896K(29312K)->28896K(29312K) NonClass: 24028K(24256K)->24028K(24256K) Class: 4868K(5056K)->4868K(5056K)
[4024.272s][info][gc             ] GC(1039) Pause Young (Concurrent Start) (G1 Evacuation Pause) 3558M->1390M(4096M) 118.943ms
[4024.272s][info][gc             ] GC(1040) Concurrent Mark Cycle
[4024.272s][info][gc,marking     ] GC(1040) Concurrent Scan Root Regions
[4024.272s][info][gc,cpu         ] GC(1039) User=0.71s Sys=0.00s Real=0.12s
[4024.443s][info][gc,marking     ] GC(1040) Concurrent Scan Root Regions 170.944ms
[4024.443s][info][gc,marking     ] GC(1040) Concurrent Mark
[4024.443s][info][gc,marking     ] GC(1040) Concurrent Mark From Roots
[4024.443s][info][gc,task        ] GC(1040) Using 2 workers of 2 for marking
.[4025.424s][info][gc,marking     ] GC(1040) Concurrent Mark From Roots 981.193ms
[4025.424s][info][gc,marking     ] GC(1040) Concurrent Preclean
[4025.424s][info][gc,marking     ] GC(1040) Concurrent Preclean 0.112ms
[4025.425s][info][gc,start       ] GC(1040) Pause Remark
[4025.431s][info][gc             ] GC(1040) Pause Remark 2442M->2442M(4096M) 6.255ms
[4025.432s][info][gc,cpu         ] GC(1040) User=0.03s Sys=0.00s Real=0.00s
[4025.433s][info][gc,marking     ] GC(1040) Concurrent Mark 989.644ms
[4025.433s][info][gc,marking     ] GC(1040) Concurrent Rebuild Remembered Sets and Scrub Regions
.[4025.764s][info][gc,marking     ] GC(1040) Concurrent Rebuild Remembered Sets and Scrub Regions 331.187ms
[4025.766s][info][gc,start       ] GC(1040) Pause Cleanup
[4025.767s][info][gc             ] GC(1040) Pause Cleanup 2756M->2756M(4096M) 0.134ms
[4025.767s][info][gc,cpu         ] GC(1040) User=0.00s Sys=0.00s Real=0.00s
[4025.767s][info][gc,marking     ] GC(1040) Concurrent Clear Claimed Marks
[4025.767s][info][gc,marking     ] GC(1040) Concurrent Clear Claimed Marks 0.023ms
[4025.767s][info][gc,marking     ] GC(1040) Concurrent Cleanup for Next Mark
[4025.772s][info][gc,marking     ] GC(1040) Concurrent Cleanup for Next Mark 4.889ms
[4025.772s][info][gc             ] GC(1040) Concurrent Mark Cycle 1499.690ms
.[4026.770s][info][gc,start       ] GC(1041) Pause Young (Prepare Mixed) (G1 Evacuation Pause)
[4026.770s][info][gc,task        ] GC(1041) Using 6 workers of 6 for evacuation
[4026.886s][info][gc,phases      ] GC(1041)   Pre Evacuate Collection Set: 0.31ms
[4026.886s][info][gc,phases      ] GC(1041)   Merge Heap Roots: 0.54ms
[4026.886s][info][gc,phases      ] GC(1041)   Evacuate Collection Set: 114.71ms
[4026.886s][info][gc,phases      ] GC(1041)   Post Evacuate Collection Set: 0.90ms
[4026.886s][info][gc,phases      ] GC(1041)   Other: 0.09ms
[4026.886s][info][gc,heap        ] GC(1041) Eden regions: 1116->0(1112)
[4026.886s][info][gc,heap        ] GC(1041) Survivor regions: 112->108(154)
[4026.886s][info][gc,heap        ] GC(1041) Old regions: 504->537
[4026.886s][info][gc,heap        ] GC(1041) Humongous regions: 80->80
[4026.886s][info][gc,metaspace   ] GC(1041) Metaspace: 28896K(29312K)->28896K(29312K) NonClass: 24028K(24256K)->24028K(24256K) Class: 4868K(5056K)->4868K(5056K)
[4026.886s][info][gc             ] GC(1041) Pause Young (Prepare Mixed) (G1 Evacuation Pause) 3622M->1448M(4096M) 116.670ms
[4026.886s][info][gc,cpu         ] GC(1041) User=0.70s Sys=0.00s Real=0.12s
..[4029.413s][info][gc,start       ] GC(1042) Pause Young (Mixed) (G1 Evacuation Pause)
[4029.413s][info][gc,task        ] GC(1042) Using 6 workers of 6 for evacuation
[4029.554s][info][gc,phases      ] GC(1042)   Pre Evacuate Collection Set: 0.39ms
[4029.554s][info][gc,phases      ] GC(1042)   Merge Heap Roots: 0.84ms
[4029.554s][info][gc,phases      ] GC(1042)   Evacuate Collection Set: 138.48ms
[4029.554s][info][gc,phases      ] GC(1042)   Post Evacuate Collection Set: 0.90ms
[4029.554s][info][gc,phases      ] GC(1042)   Other: 0.09ms
[4029.554s][info][gc,heap        ] GC(1042) Eden regions: 1112->0(1113)
[4029.554s][info][gc,heap        ] GC(1042) Survivor regions: 108->115(153)
[4029.554s][info][gc,heap        ] GC(1042) Old regions: 537->474
[4029.554s][info][gc,heap        ] GC(1042) Humongous regions: 80->80
[4029.554s][info][gc,metaspace   ] GC(1042) Metaspace: 28896K(29312K)->28896K(29312K) NonClass: 24028K(24256K)->24028K(24256K) Class: 4868K(5056K)->4868K(5056K)
[4029.554s][info][gc             ] GC(1042) Pause Young (Mixed) (G1 Evacuation Pause) 3672M->1334M(4096M) 140.815ms
[4029.554s][info][gc,cpu         ] GC(1042) User=0.84s Sys=0.00s Real=0.14s
...[4032.049s][info][gc,start       ] GC(1043) Pause Young (Concurrent Start) (G1 Evacuation Pause)
[4032.049s][info][gc,task        ] GC(1043) Using 6 workers of 6 for evacuation
[4032.171s][info][gc,phases      ] GC(1043)   Pre Evacuate Collection Set: 0.33ms
[4032.171s][info][gc,phases      ] GC(1043)   Merge Heap Roots: 0.43ms
[4032.171s][info][gc,phases      ] GC(1043)   Evacuate Collection Set: 120.49ms
[4032.171s][info][gc,phases      ] GC(1043)   Post Evacuate Collection Set: 0.78ms
[4032.171s][info][gc,phases      ] GC(1043)   Other: 0.10ms
[4032.171s][info][gc,heap        ] GC(1043) Eden regions: 1113->0(1114)
[4032.171s][info][gc,heap        ] GC(1043) Survivor regions: 115->114(154)
[4032.171s][info][gc,heap        ] GC(1043) Old regions: 474->506
[4032.171s][info][gc,heap        ] GC(1043) Humongous regions: 80->80
[4032.171s][info][gc,metaspace   ] GC(1043) Metaspace: 28896K(29312K)->28896K(29312K) NonClass: 24028K(24256K)->24028K(24256K) Class: 4868K(5056K)->4868K(5056K)
[4032.171s][info][gc             ] GC(1043) Pause Young (Concurrent Start) (G1 Evacuation Pause) 3560M->1397M(4096M) 122.256ms
[4032.171s][info][gc             ] GC(1044) Concurrent Mark Cycle
[4032.171s][info][gc,marking     ] GC(1044) Concurrent Scan Root Regions
[4032.171s][info][gc,cpu         ] GC(1043) User=0.73s Sys=0.01s Real=0.12s
[4032.341s][info][gc,marking     ] GC(1044) Concurrent Scan Root Regions 170.098ms
[4032.341s][info][gc,marking     ] GC(1044) Concurrent Mark
[4032.341s][info][gc,marking     ] GC(1044) Concurrent Mark From Roots
[4032.341s][info][gc,task        ] GC(1044) Using 2 workers of 2 for marking
.[4033.274s][info][gc,marking     ] GC(1044) Concurrent Mark From Roots 933.175ms
[4033.274s][info][gc,marking     ] GC(1044) Concurrent Preclean
[4033.274s][info][gc,marking     ] GC(1044) Concurrent Preclean 0.118ms
[4033.274s][info][gc,start       ] GC(1044) Pause Remark
[4033.280s][info][gc             ] GC(1044) Pause Remark 2412M->2412M(4096M) 5.202ms
[4033.280s][info][gc,cpu         ] GC(1044) User=0.03s Sys=0.00s Real=0.00s
[4033.328s][info][gc,marking     ] GC(1044) Concurrent Mark 987.453ms
[4033.328s][info][gc,marking     ] GC(1044) Concurrent Rebuild Remembered Sets and Scrub Regions
[4033.696s][info][gc,marking     ] GC(1044) Concurrent Rebuild Remembered Sets and Scrub Regions 367.595ms
[4033.696s][info][gc,start       ] GC(1044) Pause Cleanup
[4033.696s][info][gc             ] GC(1044) Pause Cleanup 2812M->2812M(4096M) 0.125ms
[4033.696s][info][gc,cpu         ] GC(1044) User=0.00s Sys=0.00s Real=0.00s
[4033.697s][info][gc,marking     ] GC(1044) Concurrent Clear Claimed Marks
[4033.697s][info][gc,marking     ] GC(1044) Concurrent Clear Claimed Marks 0.029ms
[4033.697s][info][gc,marking     ] GC(1044) Concurrent Cleanup for Next Mark
[4033.702s][info][gc,marking     ] GC(1044) Concurrent Cleanup for Next Mark 4.779ms
[4033.702s][info][gc             ] GC(1044) Concurrent Mark Cycle 1530.977ms
.[4034.626s][info][gc,start       ] GC(1045) Pause Young (Prepare Mixed) (G1 Evacuation Pause)
[4034.626s][info][gc,task        ] GC(1045) Using 6 workers of 6 for evacuation
[4034.744s][info][gc,phases      ] GC(1045)   Pre Evacuate Collection Set: 0.34ms
[4034.744s][info][gc,phases      ] GC(1045)   Merge Heap Roots: 0.49ms
[4034.744s][info][gc,phases      ] GC(1045)   Evacuate Collection Set: 115.83ms
[4034.744s][info][gc,phases      ] GC(1045)   Post Evacuate Collection Set: 0.92ms
[4034.744s][info][gc,phases      ] GC(1045)   Other: 0.08ms
[4034.744s][info][gc,heap        ] GC(1045) Eden regions: 1114->0(1103)
[4034.744s][info][gc,heap        ] GC(1045) Survivor regions: 114->112(154)
[4034.744s][info][gc,heap        ] GC(1045) Old regions: 506->538
[4034.744s][info][gc,heap        ] GC(1045) Humongous regions: 80->80
[4034.744s][info][gc,metaspace   ] GC(1045) Metaspace: 28896K(29312K)->28896K(29312K) NonClass: 24028K(24256K)->24028K(24256K) Class: 4868K(5056K)->4868K(5056K)
[4034.744s][info][gc             ] GC(1045) Pause Young (Prepare Mixed) (G1 Evacuation Pause) 3625M->1457M(4096M) 117.788ms
[4034.744s][info][gc,cpu         ] GC(1045) User=0.70s Sys=0.00s Real=0.11s
...[4037.206s][info][gc,start       ] GC(1046) Pause Young (Mixed) (G1 Evacuation Pause)
[4037.206s][info][gc,task        ] GC(1046) Using 6 workers of 6 for evacuation
[4037.347s][info][gc,phases      ] GC(1046)   Pre Evacuate Collection Set: 0.37ms
[4037.347s][info][gc,phases      ] GC(1046)   Merge Heap Roots: 0.71ms
[4037.347s][info][gc,phases      ] GC(1046)   Evacuate Collection Set: 138.99ms
[4037.347s][info][gc,phases      ] GC(1046)   Post Evacuate Collection Set: 0.92ms
[4037.347s][info][gc,phases      ] GC(1046)   Other: 0.09ms
[4037.347s][info][gc,heap        ] GC(1046) Eden regions: 1103->0(1113)
[4037.347s][info][gc,heap        ] GC(1046) Survivor regions: 112->115(152)
[4037.347s][info][gc,heap        ] GC(1046) Old regions: 538->471
[4037.347s][info][gc,heap        ] GC(1046) Humongous regions: 80->80
[4037.347s][info][gc,metaspace   ] GC(1046) Metaspace: 28896K(29312K)->28896K(29312K) NonClass: 24028K(24256K)->24028K(24256K) Class: 4868K(5056K)->4868K(5056K)
[4037.347s][info][gc             ] GC(1046) Pause Young (Mixed) (G1 Evacuation Pause) 3663M->1330M(4096M) 141.202ms
[4037.347s][info][gc,cpu         ] GC(1046) User=0.85s Sys=0.00s Real=0.14s
..[4039.824s][info][gc,start       ] GC(1047) Pause Young (Concurrent Start) (G1 Evacuation Pause)
[4039.824s][info][gc,task        ] GC(1047) Using 6 workers of 6 for evacuation
[4039.945s][info][gc,phases      ] GC(1047)   Pre Evacuate Collection Set: 0.38ms
[4039.945s][info][gc,phases      ] GC(1047)   Merge Heap Roots: 0.46ms
[4039.945s][info][gc,phases      ] GC(1047)   Evacuate Collection Set: 119.15ms
[4039.945s][info][gc,phases      ] GC(1047)   Post Evacuate Collection Set: 0.77ms
[4039.945s][info][gc,phases      ] GC(1047)   Other: 0.11ms
[4039.945s][info][gc,heap        ] GC(1047) Eden regions: 1113->0(1116)
[4039.945s][info][gc,heap        ] GC(1047) Survivor regions: 115->112(154)
[4039.945s][info][gc,heap        ] GC(1047) Old regions: 471->503
[4039.945s][info][gc,heap        ] GC(1047) Humongous regions: 80->80
[4039.945s][info][gc,metaspace   ] GC(1047) Metaspace: 28896K(29312K)->28896K(29312K) NonClass: 24028K(24256K)->24028K(24256K) Class: 4868K(5056K)->4868K(5056K)
[4039.945s][info][gc             ] GC(1047) Pause Young (Concurrent Start) (G1 Evacuation Pause) 3556M->1386M(4096M) 120.994ms
[4039.945s][info][gc             ] GC(1048) Concurrent Mark Cycle
[4039.945s][info][gc,marking     ] GC(1048) Concurrent Scan Root Regions
[4039.945s][info][gc,cpu         ] GC(1047) User=0.72s Sys=0.00s Real=0.13s
.[4040.117s][info][gc,marking     ] GC(1048) Concurrent Scan Root Regions 172.008ms
[4040.117s][info][gc,marking     ] GC(1048) Concurrent Mark
[4040.117s][info][gc,marking     ] GC(1048) Concurrent Mark From Roots
[4040.117s][info][gc,task        ] GC(1048) Using 2 workers of 2 for marking
.[4041.079s][info][gc,marking     ] GC(1048) Concurrent Mark From Roots 962.384ms
[4041.079s][info][gc,marking     ] GC(1048) Concurrent Preclean
[4041.079s][info][gc,marking     ] GC(1048) Concurrent Preclean 0.116ms
[4041.079s][info][gc,start       ] GC(1048) Pause Remark
[4041.086s][info][gc             ] GC(1048) Pause Remark 2401M->2401M(4096M) 6.586ms
[4041.086s][info][gc,cpu         ] GC(1048) User=0.03s Sys=0.00s Real=0.01s
[4041.086s][info][gc,marking     ] GC(1048) Concurrent Mark 969.691ms
[4041.086s][info][gc,marking     ] GC(1048) Concurrent Rebuild Remembered Sets and Scrub Regions
[4041.498s][info][gc,marking     ] GC(1048) Concurrent Rebuild Remembered Sets and Scrub Regions 411.424ms
[4041.498s][info][gc,start       ] GC(1048) Pause Cleanup
[4041.498s][info][gc             ] GC(1048) Pause Cleanup 2761M->2761M(4096M) 0.116ms
[4041.498s][info][gc,cpu         ] GC(1048) User=0.00s Sys=0.00s Real=0.00s
[4041.498s][info][gc,marking     ] GC(1048) Concurrent Clear Claimed Marks
[4041.498s][info][gc,marking     ] GC(1048) Concurrent Clear Claimed Marks 0.033ms
[4041.498s][info][gc,marking     ] GC(1048) Concurrent Cleanup for Next Mark
[4041.505s][info][gc,marking     ] GC(1048) Concurrent Cleanup for Next Mark 6.152ms
[4041.505s][info][gc             ] GC(1048) Concurrent Mark Cycle 1560.003ms
.[4042.541s][info][gc,start       ] GC(1049) Pause Young (Prepare Mixed) (G1 Evacuation Pause)
[4042.541s][info][gc,task        ] GC(1049) Using 6 workers of 6 for evacuation
[4042.662s][info][gc,phases      ] GC(1049)   Pre Evacuate Collection Set: 0.33ms
[4042.662s][info][gc,phases      ] GC(1049)   Merge Heap Roots: 0.50ms
[4042.662s][info][gc,phases      ] GC(1049)   Evacuate Collection Set: 118.42ms
[4042.662s][info][gc,phases      ] GC(1049)   Post Evacuate Collection Set: 0.93ms
[4042.662s][info][gc,phases      ] GC(1049)   Other: 0.09ms
[4042.662s][info][gc,heap        ] GC(1049) Eden regions: 1116->0(1104)
[4042.662s][info][gc,heap        ] GC(1049) Survivor regions: 112->113(154)
[4042.662s][info][gc,heap        ] GC(1049) Old regions: 503->535
[4042.662s][info][gc,heap        ] GC(1049) Humongous regions: 80->80
[4042.662s][info][gc,metaspace   ] GC(1049) Metaspace: 28896K(29312K)->28896K(29312K) NonClass: 24028K(24256K)->24028K(24256K) Class: 4868K(5056K)->4868K(5056K)
[4042.662s][info][gc             ] GC(1049) Pause Young (Prepare Mixed) (G1 Evacuation Pause) 3618M->1453M(4096M) 120.403ms
[4042.662s][info][gc,cpu         ] GC(1049) User=0.71s Sys=0.00s Real=0.12s
...[4045.091s][info][gc,start       ] GC(1050) Pause Young (Mixed) (G1 Evacuation Pause)
[4045.091s][info][gc,task        ] GC(1050) Using 6 workers of 6 for evacuation
[4045.230s][info][gc,phases      ] GC(1050)   Pre Evacuate Collection Set: 0.36ms
[4045.230s][info][gc,phases      ] GC(1050)   Merge Heap Roots: 0.76ms
[4045.230s][info][gc,phases      ] GC(1050)   Evacuate Collection Set: 136.62ms
[4045.230s][info][gc,phases      ] GC(1050)   Post Evacuate Collection Set: 0.95ms
[4045.230s][info][gc,phases      ] GC(1050)   Other: 0.09ms
[4045.230s][info][gc,heap        ] GC(1050) Eden regions: 1104->0(1115)
[4045.230s][info][gc,heap        ] GC(1050) Survivor regions: 113->113(153)
[4045.230s][info][gc,heap        ] GC(1050) Old regions: 535->471
[4045.230s][info][gc,heap        ] GC(1050) Humongous regions: 80->80
[4045.230s][info][gc,metaspace   ] GC(1050) Metaspace: 28896K(29312K)->28896K(29312K) NonClass: 24028K(24256K)->24028K(24256K) Class: 4868K(5056K)->4868K(5056K)
[4045.230s][info][gc             ] GC(1050) Pause Young (Mixed) (G1 Evacuation Pause) 3661M->1325M(4096M) 138.913ms
[4045.230s][info][gc,cpu         ] GC(1050) User=0.83s Sys=0.00s Real=0.14s
..[4047.726s][info][gc,start       ] GC(1051) Pause Young (Concurrent Start) (G1 Evacuation Pause)
[4047.726s][info][gc,task        ] GC(1051) Using 6 workers of 6 for evacuation
[4047.841s][info][gc,phases      ] GC(1051)   Pre Evacuate Collection Set: 0.39ms
[4047.841s][info][gc,phases      ] GC(1051)   Merge Heap Roots: 0.47ms
[4047.841s][info][gc,phases      ] GC(1051)   Evacuate Collection Set: 113.08ms
[4047.841s][info][gc,phases      ] GC(1051)   Post Evacuate Collection Set: 0.86ms
[4047.841s][info][gc,phases      ] GC(1051)   Other: 0.12ms
[4047.841s][info][gc,heap        ] GC(1051) Eden regions: 1115->0(1121)
[4047.841s][info][gc,heap        ] GC(1051) Survivor regions: 113->107(154)
[4047.841s][info][gc,heap        ] GC(1051) Old regions: 471->503
[4047.841s][info][gc,heap        ] GC(1051) Humongous regions: 80->80
[4047.841s][info][gc,metaspace   ] GC(1051) Metaspace: 28896K(29312K)->28896K(29312K) NonClass: 24028K(24256K)->24028K(24256K) Class: 4868K(5056K)->4868K(5056K)
[4047.841s][info][gc             ] GC(1051) Pause Young (Concurrent Start) (G1 Evacuation Pause) 3555M->1378M(4096M) 115.065ms
[4047.841s][info][gc             ] GC(1052) Concurrent Mark Cycle
[4047.841s][info][gc,marking     ] GC(1052) Concurrent Scan Root Regions
[4047.841s][info][gc,cpu         ] GC(1051) User=0.69s Sys=0.00s Real=0.11s
.[4048.039s][info][gc,marking     ] GC(1052) Concurrent Scan Root Regions 198.136ms
[4048.040s][info][gc,marking     ] GC(1052) Concurrent Mark
[4048.040s][info][gc,marking     ] GC(1052) Concurrent Mark From Roots
[4048.040s][info][gc,task        ] GC(1052) Using 2 workers of 2 for marking
[4049.012s][info][gc,marking     ] GC(1052) Concurrent Mark From Roots 972.881ms
[4049.012s][info][gc,marking     ] GC(1052) Concurrent Preclean
[4049.013s][info][gc,marking     ] GC(1052) Concurrent Preclean 0.122ms
[4049.014s][info][gc,start       ] GC(1052) Pause Remark
[4049.020s][info][gc             ] GC(1052) Pause Remark 2417M->2417M(4096M) 6.186ms
[4049.020s][info][gc,cpu         ] GC(1052) User=0.03s Sys=0.00s Real=0.01s
[4049.020s][info][gc,marking     ] GC(1052) Concurrent Mark 980.778ms
[4049.020s][info][gc,marking     ] GC(1052) Concurrent Rebuild Remembered Sets and Scrub Regions
.[4049.375s][info][gc,marking     ] GC(1052) Concurrent Rebuild Remembered Sets and Scrub Regions 354.754ms
[4049.376s][info][gc,start       ] GC(1052) Pause Cleanup
[4049.376s][info][gc             ] GC(1052) Pause Cleanup 2750M->2750M(4096M) 0.122ms
[4049.376s][info][gc,cpu         ] GC(1052) User=0.00s Sys=0.00s Real=0.00s
[4049.376s][info][gc,marking     ] GC(1052) Concurrent Clear Claimed Marks
[4049.376s][info][gc,marking     ] GC(1052) Concurrent Clear Claimed Marks 0.029ms
[4049.376s][info][gc,marking     ] GC(1052) Concurrent Cleanup for Next Mark
[4049.381s][info][gc,marking     ] GC(1052) Concurrent Cleanup for Next Mark 4.368ms
[4049.381s][info][gc             ] GC(1052) Concurrent Mark Cycle 1539.257ms
.[4050.378s][info][gc,start       ] GC(1053) Pause Young (Prepare Mixed) (G1 Evacuation Pause)
[4050.378s][info][gc,task        ] GC(1053) Using 6 workers of 6 for evacuation
[4050.494s][info][gc,phases      ] GC(1053)   Pre Evacuate Collection Set: 0.31ms
[4050.494s][info][gc,phases      ] GC(1053)   Merge Heap Roots: 0.49ms
[4050.494s][info][gc,phases      ] GC(1053)   Evacuate Collection Set: 114.87ms
[4050.494s][info][gc,phases      ] GC(1053)   Post Evacuate Collection Set: 0.92ms
[4050.494s][info][gc,phases      ] GC(1053)   Other: 0.09ms
[4050.494s][info][gc,heap        ] GC(1053) Eden regions: 1121->0(1108)
[4050.494s][info][gc,heap        ] GC(1053) Survivor regions: 107->111(154)
[4050.495s][info][gc,heap        ] GC(1053) Old regions: 503->535
[4050.495s][info][gc,heap        ] GC(1053) Humongous regions: 80->80
[4050.495s][info][gc,metaspace   ] GC(1053) Metaspace: 28896K(29312K)->28896K(29312K) NonClass: 24028K(24256K)->24028K(24256K) Class: 4868K(5056K)->4868K(5056K)
[4050.495s][info][gc             ] GC(1053) Pause Young (Prepare Mixed) (G1 Evacuation Pause) 3620M->1448M(4096M) 116.810ms
[4050.495s][info][gc,cpu         ] GC(1053) User=0.70s Sys=0.00s Real=0.12s
..[4053.044s][info][gc,start       ] GC(1054) Pause Young (Mixed) (G1 Evacuation Pause)
[4053.044s][info][gc,task        ] GC(1054) Using 6 workers of 6 for evacuation
[4053.181s][info][gc,phases      ] GC(1054)   Pre Evacuate Collection Set: 0.36ms
[4053.181s][info][gc,phases      ] GC(1054)   Merge Heap Roots: 0.74ms
[4053.181s][info][gc,phases      ] GC(1054)   Evacuate Collection Set: 135.01ms
[4053.181s][info][gc,phases      ] GC(1054)   Post Evacuate Collection Set: 0.93ms
[4053.181s][info][gc,phases      ] GC(1054)   Other: 0.09ms
[4053.181s][info][gc,heap        ] GC(1054) Eden regions: 1108->0(1117)
[4053.181s][info][gc,heap        ] GC(1054) Survivor regions: 111->111(153)
[4053.181s][info][gc,heap        ] GC(1054) Old regions: 535->472
[4053.181s][info][gc,heap        ] GC(1054) Humongous regions: 80->80
[4053.181s][info][gc,metaspace   ] GC(1054) Metaspace: 28896K(29312K)->28896K(29312K) NonClass: 24028K(24256K)->24028K(24256K) Class: 4868K(5056K)->4868K(5056K)
[4053.181s][info][gc             ] GC(1054) Pause Young (Mixed) (G1 Evacuation Pause) 3664M->1322M(4096M) 137.288ms
[4053.181s][info][gc,cpu         ] GC(1054) User=0.81s Sys=0.00s Real=0.14s
...[4055.661s][info][gc,start       ] GC(1055) Pause Young (Concurrent Start) (G1 Evacuation Pause)
[4055.661s][info][gc,task        ] GC(1055) Using 6 workers of 6 for evacuation
[4055.782s][info][gc,phases      ] GC(1055)   Pre Evacuate Collection Set: 0.37ms
[4055.782s][info][gc,phases      ] GC(1055)   Merge Heap Roots: 0.47ms
[4055.782s][info][gc,phases      ] GC(1055)   Evacuate Collection Set: 119.07ms
[4055.782s][info][gc,phases      ] GC(1055)   Post Evacuate Collection Set: 0.87ms
[4055.782s][info][gc,phases      ] GC(1055)   Other: 0.12ms
[4055.782s][info][gc,heap        ] GC(1055) Eden regions: 1117->0(1115)
[4055.782s][info][gc,heap        ] GC(1055) Survivor regions: 111->113(154)
[4055.782s][info][gc,heap        ] GC(1055) Old regions: 472->504
[4055.782s][info][gc,heap        ] GC(1055) Humongous regions: 80->80
[4055.782s][info][gc,metaspace   ] GC(1055) Metaspace: 28896K(29312K)->28896K(29312K) NonClass: 24028K(24256K)->24028K(24256K) Class: 4868K(5056K)->4868K(5056K)
[4055.782s][info][gc             ] GC(1055) Pause Young (Concurrent Start) (G1 Evacuation Pause) 3556M->1391M(4096M) 121.021ms
[4055.782s][info][gc             ] GC(1056) Concurrent Mark Cycle
[4055.782s][info][gc,marking     ] GC(1056) Concurrent Scan Root Regions
[4055.782s][info][gc,cpu         ] GC(1055) User=0.72s Sys=0.00s Real=0.12s
[4055.958s][info][gc,marking     ] GC(1056) Concurrent Scan Root Regions 176.079ms
[4055.958s][info][gc,marking     ] GC(1056) Concurrent Mark
[4055.958s][info][gc,marking     ] GC(1056) Concurrent Mark From Roots
[4055.958s][info][gc,task        ] GC(1056) Using 2 workers of 2 for marking
.[4056.925s][info][gc,marking     ] GC(1056) Concurrent Mark From Roots 966.574ms
[4056.925s][info][gc,marking     ] GC(1056) Concurrent Preclean
[4056.925s][info][gc,marking     ] GC(1056) Concurrent Preclean 0.092ms
[4056.927s][info][gc,start       ] GC(1056) Pause Remark
[4056.934s][info][gc             ] GC(1056) Pause Remark 2447M->2447M(4096M) 7.130ms
[4056.934s][info][gc,cpu         ] GC(1056) User=0.04s Sys=0.00s Real=0.00s
[4056.934s][info][gc,marking     ] GC(1056) Concurrent Mark 975.948ms
[4056.934s][info][gc,marking     ] GC(1056) Concurrent Rebuild Remembered Sets and Scrub Regions
.[4057.268s][info][gc,marking     ] GC(1056) Concurrent Rebuild Remembered Sets and Scrub Regions 333.661ms
[4057.268s][info][gc,start       ] GC(1056) Pause Cleanup
[4057.268s][info][gc             ] GC(1056) Pause Cleanup 2765M->2765M(4096M) 0.117ms
[4057.268s][info][gc,cpu         ] GC(1056) User=0.00s Sys=0.00s Real=0.00s
[4057.268s][info][gc,marking     ] GC(1056) Concurrent Clear Claimed Marks
[4057.268s][info][gc,marking     ] GC(1056) Concurrent Clear Claimed Marks 0.025ms
[4057.268s][info][gc,marking     ] GC(1056) Concurrent Cleanup for Next Mark
[4057.273s][info][gc,marking     ] GC(1056) Concurrent Cleanup for Next Mark 4.768ms
[4057.273s][info][gc             ] GC(1056) Concurrent Mark Cycle 1490.982ms
.[4058.287s][info][gc,start       ] GC(1057) Pause Young (Prepare Mixed) (G1 Evacuation Pause)
[4058.287s][info][gc,task        ] GC(1057) Using 6 workers of 6 for evacuation
[4058.412s][info][gc,phases      ] GC(1057)   Pre Evacuate Collection Set: 0.30ms
[4058.412s][info][gc,phases      ] GC(1057)   Merge Heap Roots: 0.54ms
[4058.412s][info][gc,phases      ] GC(1057)   Evacuate Collection Set: 123.02ms
[4058.412s][info][gc,phases      ] GC(1057)   Post Evacuate Collection Set: 0.94ms
[4058.412s][info][gc,phases      ] GC(1057)   Other: 0.09ms
[4058.412s][info][gc,heap        ] GC(1057) Eden regions: 1115->0(1101)
[4058.412s][info][gc,heap        ] GC(1057) Survivor regions: 113->115(154)
[4058.412s][info][gc,heap        ] GC(1057) Old regions: 504->534
[4058.412s][info][gc,heap        ] GC(1057) Humongous regions: 80->80
[4058.412s][info][gc,metaspace   ] GC(1057) Metaspace: 28896K(29312K)->28896K(29312K) NonClass: 24028K(24256K)->24028K(24256K) Class: 4868K(5056K)->4868K(5056K)
[4058.412s][info][gc             ] GC(1057) Pause Young (Prepare Mixed) (G1 Evacuation Pause) 3621M->1456M(4096M) 125.022ms
[4058.412s][info][gc,cpu         ] GC(1057) User=0.74s Sys=0.00s Real=0.12s
..[4060.870s][info][gc,start       ] GC(1058) Pause Young (Mixed) (G1 Evacuation Pause)
[4060.870s][info][gc,task        ] GC(1058) Using 6 workers of 6 for evacuation
[4061.007s][info][gc,phases      ] GC(1058)   Pre Evacuate Collection Set: 0.37ms
[4061.007s][info][gc,phases      ] GC(1058)   Merge Heap Roots: 0.74ms
[4061.007s][info][gc,phases      ] GC(1058)   Evacuate Collection Set: 134.62ms
[4061.007s][info][gc,phases      ] GC(1058)   Post Evacuate Collection Set: 0.91ms
[4061.007s][info][gc,phases      ] GC(1058)   Other: 0.09ms
[4061.007s][info][gc,heap        ] GC(1058) Eden regions: 1101->0(1116)
[4061.007s][info][gc,heap        ] GC(1058) Survivor regions: 115->112(152)
[4061.007s][info][gc,heap        ] GC(1058) Old regions: 534->472
[4061.007s][info][gc,heap        ] GC(1058) Humongous regions: 80->80
[4061.007s][info][gc,metaspace   ] GC(1058) Metaspace: 28896K(29312K)->28896K(29312K) NonClass: 24028K(24256K)->24028K(24256K) Class: 4868K(5056K)->4868K(5056K)
[4061.007s][info][gc             ] GC(1058) Pause Young (Mixed) (G1 Evacuation Pause) 3658M->1324M(4096M) 136.862ms
[4061.007s][info][gc,cpu         ] GC(1058) User=0.82s Sys=0.00s Real=0.14s
...[4063.445s][info][gc,start       ] GC(1059) Pause Young (Concurrent Start) (G1 Evacuation Pause)
[4063.445s][info][gc,task        ] GC(1059) Using 6 workers of 6 for evacuation
[4063.564s][info][gc,phases      ] GC(1059)   Pre Evacuate Collection Set: 0.36ms
[4063.564s][info][gc,phases      ] GC(1059)   Merge Heap Roots: 0.50ms
[4063.564s][info][gc,phases      ] GC(1059)   Evacuate Collection Set: 117.60ms
[4063.564s][info][gc,phases      ] GC(1059)   Post Evacuate Collection Set: 0.87ms
[4063.564s][info][gc,phases      ] GC(1059)   Other: 0.11ms
[4063.564s][info][gc,heap        ] GC(1059) Eden regions: 1116->0(1117)
[4063.564s][info][gc,heap        ] GC(1059) Survivor regions: 112->111(154)
[4063.564s][info][gc,heap        ] GC(1059) Old regions: 472->503
[4063.564s][info][gc,heap        ] GC(1059) Humongous regions: 80->80
[4063.564s][info][gc,metaspace   ] GC(1059) Metaspace: 28896K(29312K)->28896K(29312K) NonClass: 24028K(24256K)->24028K(24256K) Class: 4868K(5056K)->4868K(5056K)
[4063.564s][info][gc             ] GC(1059) Pause Young (Concurrent Start) (G1 Evacuation Pause) 3556M->1385M(4096M) 119.564ms
[4063.564s][info][gc             ] GC(1060) Concurrent Mark Cycle
[4063.564s][info][gc,marking     ] GC(1060) Concurrent Scan Root Regions
[4063.564s][info][gc,cpu         ] GC(1059) User=0.71s Sys=0.00s Real=0.11s
[4063.740s][info][gc,marking     ] GC(1060) Concurrent Scan Root Regions 176.276ms
[4063.740s][info][gc,marking     ] GC(1060) Concurrent Mark
[4063.740s][info][gc,marking     ] GC(1060) Concurrent Mark From Roots
[4063.740s][info][gc,task        ] GC(1060) Using 2 workers of 2 for marking
.[4064.806s][info][gc,marking     ] GC(1060) Concurrent Mark From Roots 1065.993ms
[4064.807s][info][gc,marking     ] GC(1060) Concurrent Preclean
[4064.807s][info][gc,marking     ] GC(1060) Concurrent Preclean 0.114ms
[4064.807s][info][gc,start       ] GC(1060) Pause Remark
[4064.815s][info][gc             ] GC(1060) Pause Remark 2540M->2540M(4096M) 7.999ms
[4064.815s][info][gc,cpu         ] GC(1060) User=0.05s Sys=0.00s Real=0.01s
[4064.816s][info][gc,marking     ] GC(1060) Concurrent Mark 1075.335ms
[4064.816s][info][gc,marking     ] GC(1060) Concurrent Rebuild Remembered Sets and Scrub Regions
[4065.177s][info][gc,marking     ] GC(1060) Concurrent Rebuild Remembered Sets and Scrub Regions 360.941ms
[4065.177s][info][gc,start       ] GC(1060) Pause Cleanup
[4065.177s][info][gc             ] GC(1060) Pause Cleanup 2870M->2870M(4096M) 0.113ms
[4065.177s][info][gc,cpu         ] GC(1060) User=0.00s Sys=0.00s Real=0.00s
[4065.177s][info][gc,marking     ] GC(1060) Concurrent Clear Claimed Marks
[4065.177s][info][gc,marking     ] GC(1060) Concurrent Clear Claimed Marks 0.022ms
[4065.177s][info][gc,marking     ] GC(1060) Concurrent Cleanup for Next Mark
[4065.181s][info][gc,marking     ] GC(1060) Concurrent Cleanup for Next Mark 3.521ms
[4065.181s][info][gc             ] GC(1060) Concurrent Mark Cycle 1616.518ms
.[4066.072s][info][gc,start       ] GC(1061) Pause Young (Prepare Mixed) (G1 Evacuation Pause)
[4066.072s][info][gc,task        ] GC(1061) Using 6 workers of 6 for evacuation
[4066.191s][info][gc,phases      ] GC(1061)   Pre Evacuate Collection Set: 0.31ms
[4066.191s][info][gc,phases      ] GC(1061)   Merge Heap Roots: 0.63ms
[4066.191s][info][gc,phases      ] GC(1061)   Evacuate Collection Set: 116.20ms
[4066.191s][info][gc,phases      ] GC(1061)   Post Evacuate Collection Set: 0.92ms
[4066.191s][info][gc,phases      ] GC(1061)   Other: 0.09ms
[4066.191s][info][gc,heap        ] GC(1061) Eden regions: 1117->0(1113)
[4066.191s][info][gc,heap        ] GC(1061) Survivor regions: 111->109(154)
[4066.191s][info][gc,heap        ] GC(1061) Old regions: 503->534
[4066.191s][info][gc,heap        ] GC(1061) Humongous regions: 80->80
[4066.191s][info][gc,metaspace   ] GC(1061) Metaspace: 28896K(29312K)->28896K(29312K) NonClass: 24028K(24256K)->24028K(24256K) Class: 4868K(5056K)->4868K(5056K)
[4066.191s][info][gc             ] GC(1061) Pause Young (Prepare Mixed) (G1 Evacuation Pause) 3619M->1444M(4096M) 118.303ms
[4066.191s][info][gc,cpu         ] GC(1061) User=0.71s Sys=0.00s Real=0.12s
...[4068.678s][info][gc,start       ] GC(1062) Pause Young (Mixed) (G1 Evacuation Pause)
[4068.678s][info][gc,task        ] GC(1062) Using 6 workers of 6 for evacuation
[4068.809s][info][gc,phases      ] GC(1062)   Pre Evacuate Collection Set: 0.37ms
[4068.809s][info][gc,phases      ] GC(1062)   Merge Heap Roots: 0.68ms
[4068.809s][info][gc,phases      ] GC(1062)   Evacuate Collection Set: 129.19ms
[4068.809s][info][gc,phases      ] GC(1062)   Post Evacuate Collection Set: 0.95ms
[4068.809s][info][gc,phases      ] GC(1062)   Other: 0.09ms
[4068.809s][info][gc,heap        ] GC(1062) Eden regions: 1113->0(1120)
[4068.809s][info][gc,heap        ] GC(1062) Survivor regions: 109->108(153)
[4068.809s][info][gc,heap        ] GC(1062) Old regions: 534->471
[4068.809s][info][gc,heap        ] GC(1062) Humongous regions: 80->80
[4068.809s][info][gc,metaspace   ] GC(1062) Metaspace: 28896K(29312K)->28896K(29312K) NonClass: 24028K(24256K)->24028K(24256K) Class: 4868K(5056K)->4868K(5056K)
[4068.809s][info][gc             ] GC(1062) Pause Young (Mixed) (G1 Evacuation Pause) 3670M->1315M(4096M) 131.411ms
[4068.810s][info][gc,cpu         ] GC(1062) User=0.77s Sys=0.01s Real=0.13s
..[4071.324s][info][gc,start       ] GC(1063) Pause Young (Concurrent Start) (G1 Evacuation Pause)
[4071.325s][info][gc,task        ] GC(1063) Using 6 workers of 6 for evacuation
[4071.442s][info][gc,phases      ] GC(1063)   Pre Evacuate Collection Set: 0.35ms
[4071.442s][info][gc,phases      ] GC(1063)   Merge Heap Roots: 0.49ms
[4071.442s][info][gc,phases      ] GC(1063)   Evacuate Collection Set: 115.94ms
[4071.442s][info][gc,phases      ] GC(1063)   Post Evacuate Collection Set: 0.86ms
[4071.442s][info][gc,phases      ] GC(1063)   Other: 0.09ms
[4071.442s][info][gc,heap        ] GC(1063) Eden regions: 1120->0(1118)
[4071.442s][info][gc,heap        ] GC(1063) Survivor regions: 108->110(154)
[4071.442s][info][gc,heap        ] GC(1063) Old regions: 471->503
[4071.442s][info][gc,heap        ] GC(1063) Humongous regions: 80->80
[4071.442s][info][gc,metaspace   ] GC(1063) Metaspace: 28896K(29312K)->28896K(29312K) NonClass: 24028K(24256K)->24028K(24256K) Class: 4868K(5056K)->4868K(5056K)
[4071.442s][info][gc             ] GC(1063) Pause Young (Concurrent Start) (G1 Evacuation Pause) 3555M->1384M(4096M) 117.857ms
[4071.442s][info][gc             ] GC(1064) Concurrent Mark Cycle
[4071.442s][info][gc,marking     ] GC(1064) Concurrent Scan Root Regions
[4071.442s][info][gc,cpu         ] GC(1063) User=0.70s Sys=0.00s Real=0.11s
.[4071.611s][info][gc,marking     ] GC(1064) Concurrent Scan Root Regions 168.801ms
[4071.611s][info][gc,marking     ] GC(1064) Concurrent Mark
[4071.611s][info][gc,marking     ] GC(1064) Concurrent Mark From Roots
[4071.611s][info][gc,task        ] GC(1064) Using 2 workers of 2 for marking
.[4072.622s][info][gc,marking     ] GC(1064) Concurrent Mark From Roots 1010.335ms
[4072.622s][info][gc,marking     ] GC(1064) Concurrent Preclean
[4072.622s][info][gc,marking     ] GC(1064) Concurrent Preclean 0.147ms
[4072.622s][info][gc,start       ] GC(1064) Pause Remark
[4072.627s][info][gc             ] GC(1064) Pause Remark 2456M->2456M(4096M) 5.226ms
[4072.627s][info][gc,cpu         ] GC(1064) User=0.03s Sys=0.00s Real=0.01s
[4072.628s][info][gc,marking     ] GC(1064) Concurrent Mark 1016.565ms
[4072.628s][info][gc,marking     ] GC(1064) Concurrent Rebuild Remembered Sets and Scrub Regions
[4072.987s][info][gc,marking     ] GC(1064) Concurrent Rebuild Remembered Sets and Scrub Regions 359.623ms
[4072.988s][info][gc,start       ] GC(1064) Pause Cleanup
[4072.988s][info][gc             ] GC(1064) Pause Cleanup 2787M->2787M(4096M) 0.109ms
[4072.988s][info][gc,cpu         ] GC(1064) User=0.00s Sys=0.00s Real=0.00s
[4072.988s][info][gc,marking     ] GC(1064) Concurrent Clear Claimed Marks
[4072.988s][info][gc,marking     ] GC(1064) Concurrent Clear Claimed Marks 0.026ms
[4072.988s][info][gc,marking     ] GC(1064) Concurrent Cleanup for Next Mark
[4072.992s][info][gc,marking     ] GC(1064) Concurrent Cleanup for Next Mark 4.164ms
[4072.992s][info][gc             ] GC(1064) Concurrent Mark Cycle 1549.659ms
.[4073.917s][info][gc,start       ] GC(1065) Pause Young (Prepare Mixed) (G1 Evacuation Pause)
[4073.917s][info][gc,task        ] GC(1065) Using 6 workers of 6 for evacuation
[4074.040s][info][gc,phases      ] GC(1065)   Pre Evacuate Collection Set: 0.31ms
[4074.040s][info][gc,phases      ] GC(1065)   Merge Heap Roots: 0.55ms
[4074.040s][info][gc,phases      ] GC(1065)   Evacuate Collection Set: 120.61ms
[4074.040s][info][gc,phases      ] GC(1065)   Post Evacuate Collection Set: 0.93ms
[4074.040s][info][gc,phases      ] GC(1065)   Other: 0.08ms
[4074.040s][info][gc,heap        ] GC(1065) Eden regions: 1118->0(1101)
[4074.040s][info][gc,heap        ] GC(1065) Survivor regions: 110->114(154)
[4074.040s][info][gc,heap        ] GC(1065) Old regions: 503->536
[4074.040s][info][gc,heap        ] GC(1065) Humongous regions: 80->80
[4074.040s][info][gc,metaspace   ] GC(1065) Metaspace: 28896K(29312K)->28896K(29312K) NonClass: 24028K(24256K)->24028K(24256K) Class: 4868K(5056K)->4868K(5056K)
[4074.040s][info][gc             ] GC(1065) Pause Young (Prepare Mixed) (G1 Evacuation Pause) 3620M->1456M(4096M) 122.609ms
[4074.040s][info][gc,cpu         ] GC(1065) User=0.73s Sys=0.00s Real=0.12s
. (rIR:aIR:PR = 7195:7181:7181) (tPR = 106869) [OK] 
  4074s: Performance info:
         Transaction,    Success,    Partial,     Failed,   Receipts, AvgBarcode, 
             Overall,     437756,          0,          0,     415831,      59.47, 
         Response times:
             Request,    Success,    Partial,     Failed,   SkipFail,     Probes,    Samples,      min,      p50,      p90,      p95,      p99,      max, 
       TotalPurchase,     415832,          0,          0,          0,     365817,     398922,      300,     6000,    53000,    84000,   139000,   278000,
     InStorePurchase,     218385,          0,          0,          0,     191859,     209161,      300,     6100,    54000,    84000,   139000,   278000,
      OnlinePurchase,     153749,          0,          0,          0,     134842,     146992,      300,     5800,    52000,    83000,   138000,   278000,
        InstPurchase,      43698,          0,          0,          0,      39116,      42769,      300,     6300,    55000,    84000,   140000,   278000,
          AssocOfCat,        436,          0,          0,          0,        362,        458,    25000,    39000,   106000,   131350,   196250,   251000,
      AssocOfProduct,       4385,          0,          0,          0,       4123,       4675,      900,     7100,    59000,    87200,   145000,   278000,
      BusinessReport,       1098,          0,          0,          0,        969,       1197,    28000,    47000,   118000,   164100,   205080,   312000,
          CustBuyBeh,       4388,          0,          0,          0,       4071,       4676,      200,     4600,    45000,    72150,   131230,   180000,
       ProductReturn,      11618,          0,          0,          0,       9825,      11075,      300,     6800,    59000,    85000,   145000,   254000,

  4074s: (53%)   IR =   7334 .[4076.493s][info][gc,start       ] GC(1066) Pause Young (Mixed) (G1 Evacuation Pause)
[4076.493s][info][gc,task        ] GC(1066) Using 6 workers of 6 for evacuation
[4076.628s][info][gc,phases      ] GC(1066)   Pre Evacuate Collection Set: 0.35ms
[4076.628s][info][gc,phases      ] GC(1066)   Merge Heap Roots: 0.69ms
[4076.628s][info][gc,phases      ] GC(1066)   Evacuate Collection Set: 132.89ms
[4076.628s][info][gc,phases      ] GC(1066)   Post Evacuate Collection Set: 0.93ms
[4076.628s][info][gc,phases      ] GC(1066)   Other: 0.09ms
[4076.628s][info][gc,heap        ] GC(1066) Eden regions: 1101->0(1118)
[4076.628s][info][gc,heap        ] GC(1066) Survivor regions: 114->110(152)
[4076.628s][info][gc,heap        ] GC(1066) Old regions: 536->472
[4076.628s][info][gc,heap        ] GC(1066) Humongous regions: 80->80
[4076.628s][info][gc,metaspace   ] GC(1066) Metaspace: 28897K(29312K)->28897K(29312K) NonClass: 24029K(24256K)->24029K(24256K) Class: 4868K(5056K)->4868K(5056K)
[4076.628s][info][gc             ] GC(1066) Pause Young (Mixed) (G1 Evacuation Pause) 3658M->1322M(4096M) 135.071ms
[4076.628s][info][gc,cpu         ] GC(1066) User=0.80s Sys=0.00s Real=0.14s
...[4079.137s][info][gc,start       ] GC(1067) Pause Young (Concurrent Start) (G1 Evacuation Pause)
[4079.137s][info][gc,task        ] GC(1067) Using 6 workers of 6 for evacuation
[4079.255s][info][gc,phases      ] GC(1067)   Pre Evacuate Collection Set: 0.34ms
[4079.255s][info][gc,phases      ] GC(1067)   Merge Heap Roots: 0.48ms
[4079.255s][info][gc,phases      ] GC(1067)   Evacuate Collection Set: 116.39ms
[4079.255s][info][gc,phases      ] GC(1067)   Post Evacuate Collection Set: 0.91ms
[4079.255s][info][gc,phases      ] GC(1067)   Other: 0.11ms
[4079.255s][info][gc,heap        ] GC(1067) Eden regions: 1118->0(1116)
[4079.255s][info][gc,heap        ] GC(1067) Survivor regions: 110->112(154)
[4079.255s][info][gc,heap        ] GC(1067) Old regions: 472->504
[4079.255s][info][gc,heap        ] GC(1067) Humongous regions: 80->80
[4079.255s][info][gc,metaspace   ] GC(1067) Metaspace: 28897K(29312K)->28897K(29312K) NonClass: 24029K(24256K)->24029K(24256K) Class: 4868K(5056K)->4868K(5056K)
[4079.255s][info][gc             ] GC(1067) Pause Young (Concurrent Start) (G1 Evacuation Pause) 3558M->1388M(4096M) 118.362ms
[4079.255s][info][gc             ] GC(1068) Concurrent Mark Cycle
[4079.255s][info][gc,marking     ] GC(1068) Concurrent Scan Root Regions
[4079.255s][info][gc,cpu         ] GC(1067) User=0.71s Sys=0.00s Real=0.12s
[4079.426s][info][gc,marking     ] GC(1068) Concurrent Scan Root Regions 170.458ms
[4079.426s][info][gc,marking     ] GC(1068) Concurrent Mark
[4079.426s][info][gc,marking     ] GC(1068) Concurrent Mark From Roots
[4079.426s][info][gc,task        ] GC(1068) Using 2 workers of 2 for marking
.[4080.432s][info][gc,marking     ] GC(1068) Concurrent Mark From Roots 1006.723ms
[4080.432s][info][gc,marking     ] GC(1068) Concurrent Preclean
[4080.433s][info][gc,marking     ] GC(1068) Concurrent Preclean 0.133ms
[4080.433s][info][gc,start       ] GC(1068) Pause Remark
[4080.440s][info][gc             ] GC(1068) Pause Remark 2501M->2501M(4096M) 7.191ms
[4080.440s][info][gc,cpu         ] GC(1068) User=0.04s Sys=0.00s Real=0.01s
[4080.442s][info][gc,marking     ] GC(1068) Concurrent Mark 1016.618ms
[4080.442s][info][gc,marking     ] GC(1068) Concurrent Rebuild Remembered Sets and Scrub Regions
.[4080.758s][info][gc,marking     ] GC(1068) Concurrent Rebuild Remembered Sets and Scrub Regions 316.107ms
[4080.760s][info][gc,start       ] GC(1068) Pause Cleanup
[4080.760s][info][gc             ] GC(1068) Pause Cleanup 2788M->2788M(4096M) 0.130ms
[4080.760s][info][gc,cpu         ] GC(1068) User=0.00s Sys=0.00s Real=0.00s
[4080.760s][info][gc,marking     ] GC(1068) Concurrent Clear Claimed Marks
[4080.760s][info][gc,marking     ] GC(1068) Concurrent Clear Claimed Marks 0.036ms
[4080.760s][info][gc,marking     ] GC(1068) Concurrent Cleanup for Next Mark
[4080.766s][info][gc,marking     ] GC(1068) Concurrent Cleanup for Next Mark 5.771ms
[4080.766s][info][gc             ] GC(1068) Concurrent Mark Cycle 1511.135ms
[4081.635s][info][gc,start       ] GC(1069) Pause Young (Prepare Mixed) (G1 Evacuation Pause)
[4081.635s][info][gc,task        ] GC(1069) Using 6 workers of 6 for evacuation
[4081.755s][info][gc,phases      ] GC(1069)   Pre Evacuate Collection Set: 0.31ms
[4081.755s][info][gc,phases      ] GC(1069)   Merge Heap Roots: 0.54ms
[4081.755s][info][gc,phases      ] GC(1069)   Evacuate Collection Set: 118.29ms
[4081.755s][info][gc,phases      ] GC(1069)   Post Evacuate Collection Set: 0.93ms
[4081.755s][info][gc,phases      ] GC(1069)   Other: 0.09ms
[4081.755s][info][gc,heap        ] GC(1069) Eden regions: 1116->0(1105)
[4081.755s][info][gc,heap        ] GC(1069) Survivor regions: 112->112(154)
[4081.755s][info][gc,heap        ] GC(1069) Old regions: 504->536
[4081.755s][info][gc,heap        ] GC(1069) Humongous regions: 80->80
[4081.755s][info][gc,metaspace   ] GC(1069) Metaspace: 28897K(29312K)->28897K(29312K) NonClass: 24029K(24256K)->24029K(24256K) Class: 4868K(5056K)->4868K(5056K)
[4081.755s][info][gc             ] GC(1069) Pause Young (Prepare Mixed) (G1 Evacuation Pause) 3620M->1454M(4096M) 120.278ms
[4081.755s][info][gc,cpu         ] GC(1069) User=0.71s Sys=0.00s Real=0.12s
...[4084.185s][info][gc,start       ] GC(1070) Pause Young (Mixed) (G1 Evacuation Pause)
[4084.185s][info][gc,task        ] GC(1070) Using 6 workers of 6 for evacuation
[4084.319s][info][gc,phases      ] GC(1070)   Pre Evacuate Collection Set: 0.38ms
[4084.319s][info][gc,phases      ] GC(1070)   Merge Heap Roots: 0.76ms
[4084.319s][info][gc,phases      ] GC(1070)   Evacuate Collection Set: 131.69ms
[4084.319s][info][gc,phases      ] GC(1070)   Post Evacuate Collection Set: 0.94ms
[4084.319s][info][gc,phases      ] GC(1070)   Other: 0.09ms
[4084.319s][info][gc,heap        ] GC(1070) Eden regions: 1105->0(1120)
[4084.319s][info][gc,heap        ] GC(1070) Survivor regions: 112->108(153)
[4084.319s][info][gc,heap        ] GC(1070) Old regions: 536->472
[4084.319s][info][gc,heap        ] GC(1070) Humongous regions: 80->80
[4084.319s][info][gc,metaspace   ] GC(1070) Metaspace: 28897K(29312K)->28897K(29312K) NonClass: 24029K(24256K)->24029K(24256K) Class: 4868K(5056K)->4868K(5056K)
[4084.319s][info][gc             ] GC(1070) Pause Young (Mixed) (G1 Evacuation Pause) 3664M->1318M(4096M) 133.971ms
[4084.319s][info][gc,cpu         ] GC(1070) User=0.79s Sys=0.00s Real=0.13s
.|..[4086.792s][info][gc,start       ] GC(1071) Pause Young (Concurrent Start) (G1 Evacuation Pause)
[4086.792s][info][gc,task        ] GC(1071) Using 6 workers of 6 for evacuation
[4086.911s][info][gc,phases      ] GC(1071)   Pre Evacuate Collection Set: 0.36ms
[4086.912s][info][gc,phases      ] GC(1071)   Merge Heap Roots: 0.48ms
[4086.912s][info][gc,phases      ] GC(1071)   Evacuate Collection Set: 117.42ms
[4086.912s][info][gc,phases      ] GC(1071)   Post Evacuate Collection Set: 0.86ms
[4086.912s][info][gc,phases      ] GC(1071)   Other: 0.10ms
[4086.912s][info][gc,heap        ] GC(1071) Eden regions: 1120->0(1116)
[4086.912s][info][gc,heap        ] GC(1071) Survivor regions: 108->112(154)
[4086.912s][info][gc,heap        ] GC(1071) Old regions: 472->504
[4086.912s][info][gc,heap        ] GC(1071) Humongous regions: 80->80
[4086.912s][info][gc,metaspace   ] GC(1071) Metaspace: 28897K(29312K)->28897K(29312K) NonClass: 24029K(24256K)->24029K(24256K) Class: 4868K(5056K)->4868K(5056K)
[4086.912s][info][gc             ] GC(1071) Pause Young (Concurrent Start) (G1 Evacuation Pause) 3558M->1389M(4096M) 119.356ms
[4086.912s][info][gc             ] GC(1072) Concurrent Mark Cycle
[4086.912s][info][gc,marking     ] GC(1072) Concurrent Scan Root Regions
[4086.912s][info][gc,cpu         ] GC(1071) User=0.71s Sys=0.00s Real=0.12s
[4087.080s][info][gc,marking     ] GC(1072) Concurrent Scan Root Regions 168.389ms
[4087.080s][info][gc,marking     ] GC(1072) Concurrent Mark
[4087.080s][info][gc,marking     ] GC(1072) Concurrent Mark From Roots
[4087.080s][info][gc,task        ] GC(1072) Using 2 workers of 2 for marking
.[4088.039s][info][gc,marking     ] GC(1072) Concurrent Mark From Roots 958.444ms
[4088.039s][info][gc,marking     ] GC(1072) Concurrent Preclean
[4088.039s][info][gc,marking     ] GC(1072) Concurrent Preclean 0.112ms
[4088.040s][info][gc,start       ] GC(1072) Pause Remark
[4088.047s][info][gc             ] GC(1072) Pause Remark 2397M->2397M(4096M) 6.979ms
[4088.047s][info][gc,cpu         ] GC(1072) User=0.04s Sys=0.00s Real=0.01s
[4088.047s][info][gc,marking     ] GC(1072) Concurrent Mark 967.340ms
[4088.047s][info][gc,marking     ] GC(1072) Concurrent Rebuild Remembered Sets and Scrub Regions
[4088.386s][info][gc,marking     ] GC(1072) Concurrent Rebuild Remembered Sets and Scrub Regions 338.798ms
[4088.386s][info][gc,start       ] GC(1072) Pause Cleanup
[4088.387s][info][gc             ] GC(1072) Pause Cleanup 2709M->2709M(4096M) 0.118ms
[4088.387s][info][gc,cpu         ] GC(1072) User=0.00s Sys=0.00s Real=0.00s
[4088.387s][info][gc,marking     ] GC(1072) Concurrent Clear Claimed Marks
[4088.387s][info][gc,marking     ] GC(1072) Concurrent Clear Claimed Marks 0.033ms
[4088.387s][info][gc,marking     ] GC(1072) Concurrent Cleanup for Next Mark
[4088.392s][info][gc,marking     ] GC(1072) Concurrent Cleanup for Next Mark 4.653ms
[4088.392s][info][gc             ] GC(1072) Concurrent Mark Cycle 1480.258ms
.[4089.359s][info][gc,start       ] GC(1073) Pause Young (Prepare Mixed) (G1 Evacuation Pause)
[4089.359s][info][gc,task        ] GC(1073) Using 6 workers of 6 for evacuation
[4089.484s][info][gc,phases      ] GC(1073)   Pre Evacuate Collection Set: 0.30ms
[4089.484s][info][gc,phases      ] GC(1073)   Merge Heap Roots: 0.54ms
[4089.484s][info][gc,phases      ] GC(1073)   Evacuate Collection Set: 122.91ms
[4089.484s][info][gc,phases      ] GC(1073)   Post Evacuate Collection Set: 0.92ms
[4089.484s][info][gc,phases      ] GC(1073)   Other: 0.09ms
[4089.484s][info][gc,heap        ] GC(1073) Eden regions: 1116->0(1099)
[4089.484s][info][gc,heap        ] GC(1073) Survivor regions: 112->115(154)
[4089.484s][info][gc,heap        ] GC(1073) Old regions: 504->536
[4089.484s][info][gc,heap        ] GC(1073) Humongous regions: 80->80
[4089.484s][info][gc,metaspace   ] GC(1073) Metaspace: 28897K(29312K)->28897K(29312K) NonClass: 24029K(24256K)->24029K(24256K) Class: 4868K(5056K)->4868K(5056K)
[4089.484s][info][gc             ] GC(1073) Pause Young (Prepare Mixed) (G1 Evacuation Pause) 3621M->1459M(4096M) 124.879ms
[4089.484s][info][gc,cpu         ] GC(1073) User=0.74s Sys=0.00s Real=0.12s
...[4091.966s][info][gc,start       ] GC(1074) Pause Young (Mixed) (G1 Evacuation Pause)
[4091.966s][info][gc,task        ] GC(1074) Using 6 workers of 6 for evacuation
[4092.102s][info][gc,phases      ] GC(1074)   Pre Evacuate Collection Set: 0.38ms
[4092.103s][info][gc,phases      ] GC(1074)   Merge Heap Roots: 0.76ms
[4092.103s][info][gc,phases      ] GC(1074)   Evacuate Collection Set: 134.11ms
[4092.103s][info][gc,phases      ] GC(1074)   Post Evacuate Collection Set: 0.91ms
[4092.103s][info][gc,phases      ] GC(1074)   Other: 0.08ms
[4092.103s][info][gc,heap        ] GC(1074) Eden regions: 1099->0(1117)
[4092.103s][info][gc,heap        ] GC(1074) Survivor regions: 115->111(152)
[4092.103s][info][gc,heap        ] GC(1074) Old regions: 536->473
[4092.103s][info][gc,heap        ] GC(1074) Humongous regions: 80->80
[4092.103s][info][gc,metaspace   ] GC(1074) Metaspace: 28897K(29312K)->28897K(29312K) NonClass: 24029K(24256K)->24029K(24256K) Class: 4868K(5056K)->4868K(5056K)
[4092.103s][info][gc             ] GC(1074) Pause Young (Mixed) (G1 Evacuation Pause) 3657M->1324M(4096M) 136.384ms
[4092.103s][info][gc,cpu         ] GC(1074) User=0.81s Sys=0.00s Real=0.13s
..[4094.452s][info][gc,start       ] GC(1075) Pause Young (Concurrent Start) (G1 Evacuation Pause)
[4094.452s][info][gc,task        ] GC(1075) Using 6 workers of 6 for evacuation
[4094.572s][info][gc,phases      ] GC(1075)   Pre Evacuate Collection Set: 0.35ms
[4094.572s][info][gc,phases      ] GC(1075)   Merge Heap Roots: 0.46ms
[4094.572s][info][gc,phases      ] GC(1075)   Evacuate Collection Set: 118.66ms
[4094.572s][info][gc,phases      ] GC(1075)   Post Evacuate Collection Set: 0.92ms
[4094.572s][info][gc,phases      ] GC(1075)   Other: 0.11ms
[4094.572s][info][gc,heap        ] GC(1075) Eden regions: 1117->0(1115)
[4094.572s][info][gc,heap        ] GC(1075) Survivor regions: 111->113(154)
[4094.572s][info][gc,heap        ] GC(1075) Old regions: 473->505
[4094.572s][info][gc,heap        ] GC(1075) Humongous regions: 80->80
[4094.572s][info][gc,metaspace   ] GC(1075) Metaspace: 28897K(29312K)->28897K(29312K) NonClass: 24029K(24256K)->24029K(24256K) Class: 4868K(5056K)->4868K(5056K)
[4094.572s][info][gc             ] GC(1075) Pause Young (Concurrent Start) (G1 Evacuation Pause) 3558M->1393M(4096M) 120.618ms
[4094.572s][info][gc             ] GC(1076) Concurrent Mark Cycle
[4094.572s][info][gc,marking     ] GC(1076) Concurrent Scan Root Regions
[4094.572s][info][gc,cpu         ] GC(1075) User=0.72s Sys=0.00s Real=0.12s
[4094.705s][info][gc,marking     ] GC(1076) Concurrent Scan Root Regions 132.642ms
[4094.705s][info][gc,marking     ] GC(1076) Concurrent Mark
[4094.705s][info][gc,marking     ] GC(1076) Concurrent Mark From Roots
[4094.705s][info][gc,task        ] GC(1076) Using 2 workers of 2 for marking
.[4095.383s][info][gc,marking     ] GC(1076) Concurrent Mark From Roots 678.497ms
[4095.383s][info][gc,marking     ] GC(1076) Concurrent Preclean
[4095.384s][info][gc,marking     ] GC(1076) Concurrent Preclean 0.107ms
[4095.386s][info][gc,start       ] GC(1076) Pause Remark
[4095.391s][info][gc             ] GC(1076) Pause Remark 2115M->2115M(4096M) 5.667ms
[4095.391s][info][gc,cpu         ] GC(1076) User=0.03s Sys=0.00s Real=0.00s
[4095.391s][info][gc,marking     ] GC(1076) Concurrent Mark 686.465ms
[4095.391s][info][gc,marking     ] GC(1076) Concurrent Rebuild Remembered Sets and Scrub Regions
[4095.669s][info][gc,marking     ] GC(1076) Concurrent Rebuild Remembered Sets and Scrub Regions 278.032ms
[4095.670s][info][gc,start       ] GC(1076) Pause Cleanup
[4095.670s][info][gc             ] GC(1076) Pause Cleanup 2390M->2390M(4096M) 0.116ms
[4095.670s][info][gc,cpu         ] GC(1076) User=0.00s Sys=0.00s Real=0.00s
[4095.671s][info][gc,marking     ] GC(1076) Concurrent Clear Claimed Marks
[4095.671s][info][gc,marking     ] GC(1076) Concurrent Clear Claimed Marks 0.059ms
[4095.671s][info][gc,marking     ] GC(1076) Concurrent Cleanup for Next Mark
[4095.677s][info][gc,marking     ] GC(1076) Concurrent Cleanup for Next Mark 5.285ms
[4095.677s][info][gc             ] GC(1076) Concurrent Mark Cycle 1104.605ms
.[4097.053s][info][gc,start       ] GC(1077) Pause Young (Prepare Mixed) (G1 Evacuation Pause)
[4097.053s][info][gc,task        ] GC(1077) Using 6 workers of 6 for evacuation
[4097.170s][info][gc,phases      ] GC(1077)   Pre Evacuate Collection Set: 0.34ms
[4097.170s][info][gc,phases      ] GC(1077)   Merge Heap Roots: 0.57ms
[4097.170s][info][gc,phases      ] GC(1077)   Evacuate Collection Set: 114.97ms
[4097.170s][info][gc,phases      ] GC(1077)   Post Evacuate Collection Set: 0.91ms
[4097.170s][info][gc,phases      ] GC(1077)   Other: 0.09ms
[4097.170s][info][gc,heap        ] GC(1077) Eden regions: 1115->0(1112)
[4097.170s][info][gc,heap        ] GC(1077) Survivor regions: 113->108(154)
[4097.170s][info][gc,heap        ] GC(1077) Old regions: 505->537
[4097.170s][info][gc,heap        ] GC(1077) Humongous regions: 80->80
[4097.170s][info][gc,metaspace   ] GC(1077) Metaspace: 28897K(29312K)->28897K(29312K) NonClass: 24029K(24256K)->24029K(24256K) Class: 4868K(5056K)->4868K(5056K)
[4097.170s][info][gc             ] GC(1077) Pause Young (Prepare Mixed) (G1 Evacuation Pause) 3623M->1448M(4096M) 117.027ms
[4097.170s][info][gc,cpu         ] GC(1077) User=0.69s Sys=0.00s Real=0.12s
...[4099.612s][info][gc,start       ] GC(1078) Pause Young (Mixed) (G1 Evacuation Pause)
[4099.612s][info][gc,task        ] GC(1078) Using 6 workers of 6 for evacuation
[4099.750s][info][gc,phases      ] GC(1078)   Pre Evacuate Collection Set: 0.38ms
[4099.750s][info][gc,phases      ] GC(1078)   Merge Heap Roots: 0.80ms
[4099.750s][info][gc,phases      ] GC(1078)   Evacuate Collection Set: 135.53ms
[4099.750s][info][gc,phases      ] GC(1078)   Post Evacuate Collection Set: 0.98ms
[4099.750s][info][gc,phases      ] GC(1078)   Other: 0.09ms
[4099.750s][info][gc,heap        ] GC(1078) Eden regions: 1112->0(1115)
[4099.750s][info][gc,heap        ] GC(1078) Survivor regions: 108->113(153)
[4099.750s][info][gc,heap        ] GC(1078) Old regions: 537->472
[4099.750s][info][gc,heap        ] GC(1078) Humongous regions: 80->80
[4099.750s][info][gc,metaspace   ] GC(1078) Metaspace: 28897K(29312K)->28897K(29312K) NonClass: 24029K(24256K)->24029K(24256K) Class: 4868K(5056K)->4868K(5056K)
[4099.750s][info][gc             ] GC(1078) Pause Young (Mixed) (G1 Evacuation Pause) 3672M->1327M(4096M) 137.930ms
[4099.750s][info][gc,cpu         ] GC(1078) User=0.82s Sys=0.00s Real=0.14s
..[4102.116s][info][gc,start       ] GC(1079) Pause Young (Concurrent Start) (G1 Evacuation Pause)
[4102.116s][info][gc,task        ] GC(1079) Using 6 workers of 6 for evacuation
[4102.231s][info][gc,phases      ] GC(1079)   Pre Evacuate Collection Set: 0.38ms
[4102.231s][info][gc,phases      ] GC(1079)   Merge Heap Roots: 0.47ms
[4102.231s][info][gc,phases      ] GC(1079)   Evacuate Collection Set: 113.70ms
[4102.231s][info][gc,phases      ] GC(1079)   Post Evacuate Collection Set: 0.87ms
[4102.231s][info][gc,phases      ] GC(1079)   Other: 0.10ms
[4102.231s][info][gc,heap        ] GC(1079) Eden regions: 1115->0(1118)
[4102.231s][info][gc,heap        ] GC(1079) Survivor regions: 113->110(154)
[4102.231s][info][gc,heap        ] GC(1079) Old regions: 472->504
[4102.231s][info][gc,heap        ] GC(1079) Humongous regions: 80->80
[4102.231s][info][gc,metaspace   ] GC(1079) Metaspace: 28897K(29312K)->28897K(29312K) NonClass: 24029K(24256K)->24029K(24256K) Class: 4868K(5056K)->4868K(5056K)
[4102.231s][info][gc             ] GC(1079) Pause Young (Concurrent Start) (G1 Evacuation Pause) 3557M->1384M(4096M) 115.631ms
[4102.231s][info][gc             ] GC(1080) Concurrent Mark Cycle
[4102.231s][info][gc,marking     ] GC(1080) Concurrent Scan Root Regions
[4102.231s][info][gc,cpu         ] GC(1079) User=0.68s Sys=0.00s Real=0.11s
.[4102.398s][info][gc,marking     ] GC(1080) Concurrent Scan Root Regions 166.822ms
[4102.398s][info][gc,marking     ] GC(1080) Concurrent Mark
[4102.398s][info][gc,marking     ] GC(1080) Concurrent Mark From Roots
[4102.398s][info][gc,task        ] GC(1080) Using 2 workers of 2 for marking
.[4103.398s][info][gc,marking     ] GC(1080) Concurrent Mark From Roots 999.517ms
[4103.398s][info][gc,marking     ] GC(1080) Concurrent Preclean
[4103.398s][info][gc,marking     ] GC(1080) Concurrent Preclean 0.117ms
[4103.399s][info][gc,start       ] GC(1080) Pause Remark
[4103.405s][info][gc             ] GC(1080) Pause Remark 2442M->2442M(4096M) 6.065ms
[4103.406s][info][gc,cpu         ] GC(1080) User=0.04s Sys=0.00s Real=0.01s
[4103.406s][info][gc,marking     ] GC(1080) Concurrent Mark 1007.417ms
[4103.406s][info][gc,marking     ] GC(1080) Concurrent Rebuild Remembered Sets and Scrub Regions
[4103.750s][info][gc,marking     ] GC(1080) Concurrent Rebuild Remembered Sets and Scrub Regions 344.084ms
[4103.750s][info][gc,start       ] GC(1080) Pause Cleanup
[4103.750s][info][gc             ] GC(1080) Pause Cleanup 2804M->2804M(4096M) 0.114ms
[4103.750s][info][gc,cpu         ] GC(1080) User=0.00s Sys=0.00s Real=0.00s
[4103.750s][info][gc,marking     ] GC(1080) Concurrent Clear Claimed Marks
[4103.750s][info][gc,marking     ] GC(1080) Concurrent Clear Claimed Marks 0.022ms
[4103.750s][info][gc,marking     ] GC(1080) Concurrent Cleanup for Next Mark
[4103.754s][info][gc,marking     ] GC(1080) Concurrent Cleanup for Next Mark 4.385ms
[4103.754s][info][gc             ] GC(1080) Concurrent Mark Cycle 1523.219ms
.[4104.682s][info][gc,start       ] GC(1081) Pause Young (Prepare Mixed) (G1 Evacuation Pause)
[4104.682s][info][gc,task        ] GC(1081) Using 6 workers of 6 for evacuation
[4104.800s][info][gc,phases      ] GC(1081)   Pre Evacuate Collection Set: 0.30ms
[4104.800s][info][gc,phases      ] GC(1081)   Merge Heap Roots: 0.51ms
[4104.800s][info][gc,phases      ] GC(1081)   Evacuate Collection Set: 115.75ms
[4104.800s][info][gc,phases      ] GC(1081)   Post Evacuate Collection Set: 0.92ms
[4104.800s][info][gc,phases      ] GC(1081)   Other: 0.07ms
[4104.800s][info][gc,heap        ] GC(1081) Eden regions: 1118->0(1113)
[4104.800s][info][gc,heap        ] GC(1081) Survivor regions: 110->108(154)
[4104.800s][info][gc,heap        ] GC(1081) Old regions: 504->536
[4104.800s][info][gc,heap        ] GC(1081) Humongous regions: 80->80
[4104.800s][info][gc,metaspace   ] GC(1081) Metaspace: 28897K(29312K)->28897K(29312K) NonClass: 24029K(24256K)->24029K(24256K) Class: 4868K(5056K)->4868K(5056K)
[4104.800s][info][gc             ] GC(1081) Pause Young (Prepare Mixed) (G1 Evacuation Pause) 3620M->1445M(4096M) 117.708ms
[4104.800s][info][gc,cpu         ] GC(1081) User=0.70s Sys=0.00s Real=0.12s
...[4107.334s][info][gc,start       ] GC(1082) Pause Young (Mixed) (G1 Evacuation Pause)
[4107.334s][info][gc,task        ] GC(1082) Using 6 workers of 6 for evacuation
[4107.471s][info][gc,phases      ] GC(1082)   Pre Evacuate Collection Set: 0.34ms
[4107.471s][info][gc,phases      ] GC(1082)   Merge Heap Roots: 0.67ms
[4107.471s][info][gc,phases      ] GC(1082)   Evacuate Collection Set: 134.70ms
[4107.471s][info][gc,phases      ] GC(1082)   Post Evacuate Collection Set: 0.93ms
[4107.471s][info][gc,phases      ] GC(1082)   Other: 0.09ms
[4107.471s][info][gc,heap        ] GC(1082) Eden regions: 1113->0(1115)
[4107.471s][info][gc,heap        ] GC(1082) Survivor regions: 108->113(153)
[4107.471s][info][gc,heap        ] GC(1082) Old regions: 536->472
[4107.471s][info][gc,heap        ] GC(1082) Humongous regions: 80->80
[4107.471s][info][gc,metaspace   ] GC(1082) Metaspace: 28897K(29312K)->28897K(29312K) NonClass: 24029K(24256K)->24029K(24256K) Class: 4868K(5056K)->4868K(5056K)
[4107.471s][info][gc             ] GC(1082) Pause Young (Mixed) (G1 Evacuation Pause) 3671M->1327M(4096M) 136.862ms
[4107.471s][info][gc,cpu         ] GC(1082) User=0.81s Sys=0.00s Real=0.14s
..[4109.847s][info][gc,start       ] GC(1083) Pause Young (Concurrent Start) (G1 Evacuation Pause)
[4109.847s][info][gc,task        ] GC(1083) Using 6 workers of 6 for evacuation
[4109.965s][info][gc,phases      ] GC(1083)   Pre Evacuate Collection Set: 0.33ms
[4109.966s][info][gc,phases      ] GC(1083)   Merge Heap Roots: 0.47ms
[4109.966s][info][gc,phases      ] GC(1083)   Evacuate Collection Set: 116.76ms
[4109.966s][info][gc,phases      ] GC(1083)   Post Evacuate Collection Set: 0.86ms
[4109.966s][info][gc,phases      ] GC(1083)   Other: 0.11ms
[4109.966s][info][gc,heap        ] GC(1083) Eden regions: 1115->0(1117)
[4109.966s][info][gc,heap        ] GC(1083) Survivor regions: 113->111(154)
[4109.966s][info][gc,heap        ] GC(1083) Old regions: 472->503
[4109.966s][info][gc,heap        ] GC(1083) Humongous regions: 80->80
[4109.966s][info][gc,metaspace   ] GC(1083) Metaspace: 28897K(29312K)->28897K(29312K) NonClass: 24029K(24256K)->24029K(24256K) Class: 4868K(5056K)->4868K(5056K)
[4109.966s][info][gc             ] GC(1083) Pause Young (Concurrent Start) (G1 Evacuation Pause) 3557M->1384M(4096M) 118.664ms
[4109.966s][info][gc             ] GC(1084) Concurrent Mark Cycle
[4109.966s][info][gc,marking     ] GC(1084) Concurrent Scan Root Regions
[4109.966s][info][gc,cpu         ] GC(1083) User=0.71s Sys=0.00s Real=0.12s
[4110.171s][info][gc,marking     ] GC(1084) Concurrent Scan Root Regions 205.353ms
[4110.171s][info][gc,marking     ] GC(1084) Concurrent Mark
[4110.171s][info][gc,marking     ] GC(1084) Concurrent Mark From Roots
[4110.171s][info][gc,task        ] GC(1084) Using 2 workers of 2 for marking
.[4111.181s][info][gc,marking     ] GC(1084) Concurrent Mark From Roots 1010.389ms
[4111.181s][info][gc,marking     ] GC(1084) Concurrent Preclean
[4111.182s][info][gc,marking     ] GC(1084) Concurrent Preclean 0.119ms
[4111.186s][info][gc,start       ] GC(1084) Pause Remark
[4111.192s][info][gc             ] GC(1084) Pause Remark 2492M->2492M(4096M) 6.583ms
[4111.192s][info][gc,cpu         ] GC(1084) User=0.04s Sys=0.00s Real=0.00s
[4111.193s][info][gc,marking     ] GC(1084) Concurrent Mark 1022.039ms
[4111.193s][info][gc,marking     ] GC(1084) Concurrent Rebuild Remembered Sets and Scrub Regions
.[4111.601s][info][gc,marking     ] GC(1084) Concurrent Rebuild Remembered Sets and Scrub Regions 408.317ms
[4111.602s][info][gc,start       ] GC(1084) Pause Cleanup
[4111.602s][info][gc             ] GC(1084) Pause Cleanup 2870M->2870M(4096M) 0.107ms
[4111.602s][info][gc,cpu         ] GC(1084) User=0.00s Sys=0.00s Real=0.00s
[4111.602s][info][gc,marking     ] GC(1084) Concurrent Clear Claimed Marks
[4111.602s][info][gc,marking     ] GC(1084) Concurrent Clear Claimed Marks 0.022ms
[4111.602s][info][gc,marking     ] GC(1084) Concurrent Cleanup for Next Mark
[4111.605s][info][gc,marking     ] GC(1084) Concurrent Cleanup for Next Mark 3.299ms
[4111.605s][info][gc             ] GC(1084) Concurrent Mark Cycle 1639.472ms
.[4112.431s][info][gc,start       ] GC(1085) Pause Young (Prepare Mixed) (G1 Evacuation Pause)
[4112.431s][info][gc,task        ] GC(1085) Using 6 workers of 6 for evacuation
[4112.550s][info][gc,phases      ] GC(1085)   Pre Evacuate Collection Set: 0.33ms
[4112.550s][info][gc,phases      ] GC(1085)   Merge Heap Roots: 0.55ms
[4112.550s][info][gc,phases      ] GC(1085)   Evacuate Collection Set: 117.80ms
[4112.550s][info][gc,phases      ] GC(1085)   Post Evacuate Collection Set: 0.94ms
[4112.550s][info][gc,phases      ] GC(1085)   Other: 0.08ms
[4112.550s][info][gc,heap        ] GC(1085) Eden regions: 1117->0(1109)
[4112.550s][info][gc,heap        ] GC(1085) Survivor regions: 111->110(154)
[4112.550s][info][gc,heap        ] GC(1085) Old regions: 503->536
[4112.550s][info][gc,heap        ] GC(1085) Humongous regions: 80->80
[4112.550s][info][gc,metaspace   ] GC(1085) Metaspace: 28897K(29312K)->28897K(29312K) NonClass: 24029K(24256K)->24029K(24256K) Class: 4868K(5056K)->4868K(5056K)
[4112.550s][info][gc             ] GC(1085) Pause Young (Prepare Mixed) (G1 Evacuation Pause) 3618M->1448M(4096M) 119.827ms
[4112.551s][info][gc,cpu         ] GC(1085) User=0.71s Sys=0.00s Real=0.12s
..[4115.009s][info][gc,start       ] GC(1086) Pause Young (Mixed) (G1 Evacuation Pause)
[4115.009s][info][gc,task        ] GC(1086) Using 6 workers of 6 for evacuation
[4115.143s][info][gc,phases      ] GC(1086)   Pre Evacuate Collection Set: 0.35ms
[4115.143s][info][gc,phases      ] GC(1086)   Merge Heap Roots: 0.73ms
[4115.143s][info][gc,phases      ] GC(1086)   Evacuate Collection Set: 132.15ms
[4115.143s][info][gc,phases      ] GC(1086)   Post Evacuate Collection Set: 0.94ms
[4115.143s][info][gc,phases      ] GC(1086)   Other: 0.09ms
[4115.143s][info][gc,heap        ] GC(1086) Eden regions: 1109->0(1117)
[4115.143s][info][gc,heap        ] GC(1086) Survivor regions: 110->111(153)
[4115.143s][info][gc,heap        ] GC(1086) Old regions: 536->472
[4115.143s][info][gc,heap        ] GC(1086) Humongous regions: 80->80
[4115.143s][info][gc,metaspace   ] GC(1086) Metaspace: 28897K(29312K)->28897K(29312K) NonClass: 24029K(24256K)->24029K(24256K) Class: 4868K(5056K)->4868K(5056K)
[4115.143s][info][gc             ] GC(1086) Pause Young (Mixed) (G1 Evacuation Pause) 3666M->1324M(4096M) 134.394ms
[4115.143s][info][gc,cpu         ] GC(1086) User=0.80s Sys=0.00s Real=0.13s
...[4117.599s][info][gc,start       ] GC(1087) Pause Young (Concurrent Start) (G1 Evacuation Pause)
[4117.599s][info][gc,task        ] GC(1087) Using 6 workers of 6 for evacuation
[4117.719s][info][gc,phases      ] GC(1087)   Pre Evacuate Collection Set: 0.38ms
[4117.719s][info][gc,phases      ] GC(1087)   Merge Heap Roots: 0.48ms
[4117.719s][info][gc,phases      ] GC(1087)   Evacuate Collection Set: 117.35ms
[4117.719s][info][gc,phases      ] GC(1087)   Post Evacuate Collection Set: 0.87ms
[4117.719s][info][gc,phases      ] GC(1087)   Other: 0.10ms
[4117.719s][info][gc,heap        ] GC(1087) Eden regions: 1117->0(1116)
[4117.719s][info][gc,heap        ] GC(1087) Survivor regions: 111->112(154)
[4117.719s][info][gc,heap        ] GC(1087) Old regions: 472->504
[4117.719s][info][gc,heap        ] GC(1087) Humongous regions: 80->80
[4117.719s][info][gc,metaspace   ] GC(1087) Metaspace: 28897K(29312K)->28897K(29312K) NonClass: 24029K(24256K)->24029K(24256K) Class: 4868K(5056K)->4868K(5056K)
[4117.719s][info][gc             ] GC(1087) Pause Young (Concurrent Start) (G1 Evacuation Pause) 3558M->1388M(4096M) 119.307ms
[4117.719s][info][gc             ] GC(1088) Concurrent Mark Cycle
[4117.719s][info][gc,marking     ] GC(1088) Concurrent Scan Root Regions
[4117.719s][info][gc,cpu         ] GC(1087) User=0.71s Sys=0.00s Real=0.12s
[4117.890s][info][gc,marking     ] GC(1088) Concurrent Scan Root Regions 170.897ms
[4117.890s][info][gc,marking     ] GC(1088) Concurrent Mark
[4117.890s][info][gc,marking     ] GC(1088) Concurrent Mark From Roots
[4117.890s][info][gc,task        ] GC(1088) Using 2 workers of 2 for marking
.[4118.870s][info][gc,marking     ] GC(1088) Concurrent Mark From Roots 980.242ms
[4118.870s][info][gc,marking     ] GC(1088) Concurrent Preclean
[4118.870s][info][gc,marking     ] GC(1088) Concurrent Preclean 0.114ms
[4118.870s][info][gc,start       ] GC(1088) Pause Remark
[4118.876s][info][gc             ] GC(1088) Pause Remark 2458M->2458M(4096M) 5.318ms
[4118.876s][info][gc,cpu         ] GC(1088) User=0.03s Sys=0.00s Real=0.01s
[4118.876s][info][gc,marking     ] GC(1088) Concurrent Mark 986.048ms
[4118.876s][info][gc,marking     ] GC(1088) Concurrent Rebuild Remembered Sets and Scrub Regions
[4119.238s][info][gc,marking     ] GC(1088) Concurrent Rebuild Remembered Sets and Scrub Regions 362.385ms
[4119.238s][info][gc,start       ] GC(1088) Pause Cleanup
[4119.239s][info][gc             ] GC(1088) Pause Cleanup 2805M->2805M(4096M) 0.122ms
[4119.239s][info][gc,cpu         ] GC(1088) User=0.00s Sys=0.00s Real=0.00s
[4119.239s][info][gc,marking     ] GC(1088) Concurrent Clear Claimed Marks
[4119.239s][info][gc,marking     ] GC(1088) Concurrent Clear Claimed Marks 0.031ms
[4119.239s][info][gc,marking     ] GC(1088) Concurrent Cleanup for Next Mark
[4119.244s][info][gc,marking     ] GC(1088) Concurrent Cleanup for Next Mark 4.876ms
[4119.244s][info][gc             ] GC(1088) Concurrent Mark Cycle 1525.298ms
.[4120.161s][info][gc,start       ] GC(1089) Pause Young (Prepare Mixed) (G1 Evacuation Pause)
[4120.161s][info][gc,task        ] GC(1089) Using 6 workers of 6 for evacuation
[4120.277s][info][gc,phases      ] GC(1089)   Pre Evacuate Collection Set: 0.34ms
[4120.277s][info][gc,phases      ] GC(1089)   Merge Heap Roots: 0.52ms
[4120.277s][info][gc,phases      ] GC(1089)   Evacuate Collection Set: 114.05ms
[4120.277s][info][gc,phases      ] GC(1089)   Post Evacuate Collection Set: 0.92ms
[4120.277s][info][gc,phases      ] GC(1089)   Other: 0.09ms
[4120.277s][info][gc,heap        ] GC(1089) Eden regions: 1116->0(1110)
[4120.277s][info][gc,heap        ] GC(1089) Survivor regions: 112->110(154)
[4120.277s][info][gc,heap        ] GC(1089) Old regions: 504->535
[4120.277s][info][gc,heap        ] GC(1089) Humongous regions: 80->80
[4120.277s][info][gc,metaspace   ] GC(1089) Metaspace: 28897K(29312K)->28897K(29312K) NonClass: 24029K(24256K)->24029K(24256K) Class: 4868K(5056K)->4868K(5056K)
[4120.277s][info][gc             ] GC(1089) Pause Young (Prepare Mixed) (G1 Evacuation Pause) 3620M->1447M(4096M) 116.050ms
[4120.277s][info][gc,cpu         ] GC(1089) User=0.70s Sys=0.00s Real=0.12s
...[4122.721s][info][gc,start       ] GC(1090) Pause Young (Mixed) (G1 Evacuation Pause)
[4122.721s][info][gc,task        ] GC(1090) Using 6 workers of 6 for evacuation
[4122.854s][info][gc,phases      ] GC(1090)   Pre Evacuate Collection Set: 0.35ms
[4122.854s][info][gc,phases      ] GC(1090)   Merge Heap Roots: 0.69ms
[4122.854s][info][gc,phases      ] GC(1090)   Evacuate Collection Set: 131.22ms
[4122.854s][info][gc,phases      ] GC(1090)   Post Evacuate Collection Set: 0.94ms
[4122.854s][info][gc,phases      ] GC(1090)   Other: 0.09ms
[4122.854s][info][gc,heap        ] GC(1090) Eden regions: 1110->0(1117)
[4122.854s][info][gc,heap        ] GC(1090) Survivor regions: 110->111(153)
[4122.854s][info][gc,heap        ] GC(1090) Old regions: 535->470
[4122.854s][info][gc,heap        ] GC(1090) Humongous regions: 80->80
[4122.854s][info][gc,metaspace   ] GC(1090) Metaspace: 28897K(29312K)->28897K(29312K) NonClass: 24029K(24256K)->24029K(24256K) Class: 4868K(5056K)->4868K(5056K)
[4122.854s][info][gc             ] GC(1090) Pause Young (Mixed) (G1 Evacuation Pause) 3667M->1319M(4096M) 133.406ms
[4122.854s][info][gc,cpu         ] GC(1090) User=0.79s Sys=0.00s Real=0.13s
..[4125.244s][info][gc,start       ] GC(1091) Pause Young (Concurrent Start) (G1 Evacuation Pause)
[4125.244s][info][gc,task        ] GC(1091) Using 6 workers of 6 for evacuation
[4125.365s][info][gc,phases      ] GC(1091)   Pre Evacuate Collection Set: 0.36ms
[4125.365s][info][gc,phases      ] GC(1091)   Merge Heap Roots: 0.48ms
[4125.365s][info][gc,phases      ] GC(1091)   Evacuate Collection Set: 118.96ms
[4125.365s][info][gc,phases      ] GC(1091)   Post Evacuate Collection Set: 0.73ms
[4125.365s][info][gc,phases      ] GC(1091)   Other: 0.10ms
[4125.365s][info][gc,heap        ] GC(1091) Eden regions: 1117->0(1115)
[4125.365s][info][gc,heap        ] GC(1091) Survivor regions: 111->113(154)
[4125.365s][info][gc,heap        ] GC(1091) Old regions: 470->502
[4125.365s][info][gc,heap        ] GC(1091) Humongous regions: 80->80
[4125.365s][info][gc,metaspace   ] GC(1091) Metaspace: 28897K(29312K)->28897K(29312K) NonClass: 24029K(24256K)->24029K(24256K) Class: 4868K(5056K)->4868K(5056K)
[4125.365s][info][gc             ] GC(1091) Pause Young (Concurrent Start) (G1 Evacuation Pause) 3553M->1387M(4096M) 120.762ms
[4125.365s][info][gc             ] GC(1092) Concurrent Mark Cycle
[4125.365s][info][gc,marking     ] GC(1092) Concurrent Scan Root Regions
[4125.365s][info][gc,cpu         ] GC(1091) User=0.72s Sys=0.00s Real=0.13s
[4125.536s][info][gc,marking     ] GC(1092) Concurrent Scan Root Regions 171.203ms
[4125.536s][info][gc,marking     ] GC(1092) Concurrent Mark
[4125.536s][info][gc,marking     ] GC(1092) Concurrent Mark From Roots
[4125.536s][info][gc,task        ] GC(1092) Using 2 workers of 2 for marking
.[4126.541s][info][gc,marking     ] GC(1092) Concurrent Mark From Roots 1004.820ms
[4126.541s][info][gc,marking     ] GC(1092) Concurrent Preclean
[4126.541s][info][gc,marking     ] GC(1092) Concurrent Preclean 0.109ms
[4126.544s][info][gc,start       ] GC(1092) Pause Remark
[4126.550s][info][gc             ] GC(1092) Pause Remark 2429M->2429M(4096M) 5.903ms
[4126.550s][info][gc,cpu         ] GC(1092) User=0.03s Sys=0.00s Real=0.01s
[4126.550s][info][gc,marking     ] GC(1092) Concurrent Mark 1013.572ms
[4126.550s][info][gc,marking     ] GC(1092) Concurrent Rebuild Remembered Sets and Scrub Regions
.[4126.912s][info][gc,marking     ] GC(1092) Concurrent Rebuild Remembered Sets and Scrub Regions 362.512ms
[4126.912s][info][gc,start       ] GC(1092) Pause Cleanup
[4126.913s][info][gc             ] GC(1092) Pause Cleanup 2767M->2767M(4096M) 0.117ms
[4126.913s][info][gc,cpu         ] GC(1092) User=0.00s Sys=0.00s Real=0.00s
[4126.913s][info][gc,marking     ] GC(1092) Concurrent Clear Claimed Marks
[4126.913s][info][gc,marking     ] GC(1092) Concurrent Clear Claimed Marks 0.031ms
[4126.913s][info][gc,marking     ] GC(1092) Concurrent Cleanup for Next Mark
[4126.920s][info][gc,marking     ] GC(1092) Concurrent Cleanup for Next Mark 7.140ms
[4126.920s][info][gc             ] GC(1092) Concurrent Mark Cycle 1555.673ms
.[4127.845s][info][gc,start       ] GC(1093) Pause Young (Prepare Mixed) (G1 Evacuation Pause)
[4127.845s][info][gc,task        ] GC(1093) Using 6 workers of 6 for evacuation
[4127.962s][info][gc,phases      ] GC(1093)   Pre Evacuate Collection Set: 0.34ms
[4127.962s][info][gc,phases      ] GC(1093)   Merge Heap Roots: 0.54ms
[4127.962s][info][gc,phases      ] GC(1093)   Evacuate Collection Set: 115.35ms
[4127.962s][info][gc,phases      ] GC(1093)   Post Evacuate Collection Set: 0.95ms
[4127.962s][info][gc,phases      ] GC(1093)   Other: 0.08ms
[4127.962s][info][gc,heap        ] GC(1093) Eden regions: 1115->0(1113)
[4127.962s][info][gc,heap        ] GC(1093) Survivor regions: 113->109(154)
[4127.962s][info][gc,heap        ] GC(1093) Old regions: 502->534
[4127.962s][info][gc,heap        ] GC(1093) Humongous regions: 80->80
[4127.962s][info][gc,metaspace   ] GC(1093) Metaspace: 28897K(29312K)->28897K(29312K) NonClass: 24029K(24256K)->24029K(24256K) Class: 4868K(5056K)->4868K(5056K)
[4127.962s][info][gc             ] GC(1093) Pause Young (Prepare Mixed) (G1 Evacuation Pause) 3617M->1443M(4096M) 117.407ms
[4127.962s][info][gc,cpu         ] GC(1093) User=0.70s Sys=0.00s Real=0.11s
..[4130.416s][info][gc,start       ] GC(1094) Pause Young (Mixed) (G1 Evacuation Pause)
[4130.416s][info][gc,task        ] GC(1094) Using 6 workers of 6 for evacuation
[4130.556s][info][gc,phases      ] GC(1094)   Pre Evacuate Collection Set: 0.37ms
[4130.556s][info][gc,phases      ] GC(1094)   Merge Heap Roots: 0.84ms
[4130.556s][info][gc,phases      ] GC(1094)   Evacuate Collection Set: 137.63ms
[4130.556s][info][gc,phases      ] GC(1094)   Post Evacuate Collection Set: 1.01ms
[4130.556s][info][gc,phases      ] GC(1094)   Other: 0.09ms
[4130.556s][info][gc,heap        ] GC(1094) Eden regions: 1113->0(1116)
[4130.556s][info][gc,heap        ] GC(1094) Survivor regions: 109->112(153)
[4130.556s][info][gc,heap        ] GC(1094) Old regions: 534->472
[4130.556s][info][gc,heap        ] GC(1094) Humongous regions: 80->80
[4130.556s][info][gc,metaspace   ] GC(1094) Metaspace: 28897K(29312K)->28897K(29312K) NonClass: 24029K(24256K)->24029K(24256K) Class: 4868K(5056K)->4868K(5056K)
[4130.556s][info][gc             ] GC(1094) Pause Young (Mixed) (G1 Evacuation Pause) 3669M->1325M(4096M) 140.071ms
[4130.556s][info][gc,cpu         ] GC(1094) User=0.84s Sys=0.00s Real=0.14s
...[4132.968s][info][gc,start       ] GC(1095) Pause Young (Concurrent Start) (G1 Evacuation Pause)
[4132.968s][info][gc,task        ] GC(1095) Using 6 workers of 6 for evacuation
[4133.087s][info][gc,phases      ] GC(1095)   Pre Evacuate Collection Set: 0.36ms
[4133.087s][info][gc,phases      ] GC(1095)   Merge Heap Roots: 0.46ms
[4133.087s][info][gc,phases      ] GC(1095)   Evacuate Collection Set: 117.18ms
[4133.087s][info][gc,phases      ] GC(1095)   Post Evacuate Collection Set: 0.86ms
[4133.087s][info][gc,phases      ] GC(1095)   Other: 0.13ms
[4133.087s][info][gc,heap        ] GC(1095) Eden regions: 1116->0(1117)
[4133.087s][info][gc,heap        ] GC(1095) Survivor regions: 112->111(154)
[4133.087s][info][gc,heap        ] GC(1095) Old regions: 472->503
[4133.087s][info][gc,heap        ] GC(1095) Humongous regions: 80->80
[4133.087s][info][gc,metaspace   ] GC(1095) Metaspace: 28897K(29312K)->28897K(29312K) NonClass: 24029K(24256K)->24029K(24256K) Class: 4868K(5056K)->4868K(5056K)
[4133.087s][info][gc             ] GC(1095) Pause Young (Concurrent Start) (G1 Evacuation Pause) 3557M->1385M(4096M) 119.122ms
[4133.087s][info][gc             ] GC(1096) Concurrent Mark Cycle
[4133.087s][info][gc,marking     ] GC(1096) Concurrent Scan Root Regions
[4133.088s][info][gc,cpu         ] GC(1095) User=0.70s Sys=0.00s Real=0.12s
[4133.469s][info][gc,marking     ] GC(1096) Concurrent Scan Root Regions 381.940ms
[4133.469s][info][gc,marking     ] GC(1096) Concurrent Mark
[4133.469s][info][gc,marking     ] GC(1096) Concurrent Mark From Roots
[4133.469s][info][gc,task        ] GC(1096) Using 2 workers of 2 for marking
.[4134.420s][info][gc,marking     ] GC(1096) Concurrent Mark From Roots 950.689ms
[4134.420s][info][gc,marking     ] GC(1096) Concurrent Preclean
[4134.420s][info][gc,marking     ] GC(1096) Concurrent Preclean 0.118ms
[4134.421s][info][gc,start       ] GC(1096) Pause Remark
[4134.427s][info][gc             ] GC(1096) Pause Remark 2556M->2556M(4096M) 5.917ms
[4134.427s][info][gc,cpu         ] GC(1096) User=0.03s Sys=0.00s Real=0.01s
[4134.430s][info][gc,marking     ] GC(1096) Concurrent Mark 960.184ms
[4134.430s][info][gc,marking     ] GC(1096) Concurrent Rebuild Remembered Sets and Scrub Regions
.[4134.763s][info][gc,marking     ] GC(1096) Concurrent Rebuild Remembered Sets and Scrub Regions 333.701ms
[4134.766s][info][gc,start       ] GC(1096) Pause Cleanup
[4134.766s][info][gc             ] GC(1096) Pause Cleanup 2867M->2867M(4096M) 0.130ms
[4134.766s][info][gc,cpu         ] GC(1096) User=0.00s Sys=0.00s Real=0.00s
[4134.766s][info][gc,marking     ] GC(1096) Concurrent Clear Claimed Marks
[4134.766s][info][gc,marking     ] GC(1096) Concurrent Clear Claimed Marks 0.031ms
[4134.766s][info][gc,marking     ] GC(1096) Concurrent Cleanup for Next Mark
[4134.772s][info][gc,marking     ] GC(1096) Concurrent Cleanup for Next Mark 5.369ms
[4134.772s][info][gc             ] GC(1096) Concurrent Mark Cycle 1684.356ms
[4135.572s][info][gc,start       ] GC(1097) Pause Young (Prepare Mixed) (G1 Evacuation Pause)
[4135.573s][info][gc,task        ] GC(1097) Using 6 workers of 6 for evacuation
[4135.694s][info][gc,phases      ] GC(1097)   Pre Evacuate Collection Set: 0.33ms
[4135.694s][info][gc,phases      ] GC(1097)   Merge Heap Roots: 0.53ms
[4135.694s][info][gc,phases      ] GC(1097)   Evacuate Collection Set: 120.06ms
[4135.695s][info][gc,phases      ] GC(1097)   Post Evacuate Collection Set: 0.93ms
[4135.695s][info][gc,phases      ] GC(1097)   Other: 0.09ms
[4135.695s][info][gc,heap        ] GC(1097) Eden regions: 1117->0(1104)
[4135.695s][info][gc,heap        ] GC(1097) Survivor regions: 111->113(154)
[4135.695s][info][gc,heap        ] GC(1097) Old regions: 503->535
[4135.695s][info][gc,heap        ] GC(1097) Humongous regions: 80->80
[4135.695s][info][gc,metaspace   ] GC(1097) Metaspace: 28897K(29312K)->28897K(29312K) NonClass: 24029K(24256K)->24029K(24256K) Class: 4868K(5056K)->4868K(5056K)
[4135.695s][info][gc             ] GC(1097) Pause Young (Prepare Mixed) (G1 Evacuation Pause) 3619M->1453M(4096M) 122.069ms
[4135.695s][info][gc,cpu         ] GC(1097) User=0.73s Sys=0.00s Real=0.13s
...[4138.087s][info][gc,start       ] GC(1098) Pause Young (Mixed) (G1 Evacuation Pause)
[4138.087s][info][gc,task        ] GC(1098) Using 6 workers of 6 for evacuation
[4138.222s][info][gc,phases      ] GC(1098)   Pre Evacuate Collection Set: 0.34ms
[4138.222s][info][gc,phases      ] GC(1098)   Merge Heap Roots: 0.70ms
[4138.222s][info][gc,phases      ] GC(1098)   Evacuate Collection Set: 132.54ms
[4138.222s][info][gc,phases      ] GC(1098)   Post Evacuate Collection Set: 0.93ms
[4138.222s][info][gc,phases      ] GC(1098)   Other: 0.09ms
[4138.222s][info][gc,heap        ] GC(1098) Eden regions: 1104->0(1117)
[4138.222s][info][gc,heap        ] GC(1098) Survivor regions: 113->111(153)
[4138.222s][info][gc,heap        ] GC(1098) Old regions: 535->473
[4138.222s][info][gc,heap        ] GC(1098) Humongous regions: 80->80
[4138.222s][info][gc,metaspace   ] GC(1098) Metaspace: 28897K(29312K)->28897K(29312K) NonClass: 24029K(24256K)->24029K(24256K) Class: 4868K(5056K)->4868K(5056K)
[4138.222s][info][gc             ] GC(1098) Pause Young (Mixed) (G1 Evacuation Pause) 3661M->1326M(4096M) 134.732ms
[4138.222s][info][gc,cpu         ] GC(1098) User=0.81s Sys=0.00s Real=0.13s
..[4140.639s][info][gc,start       ] GC(1099) Pause Young (Concurrent Start) (G1 Evacuation Pause)
[4140.640s][info][gc,task        ] GC(1099) Using 6 workers of 6 for evacuation
[4140.758s][info][gc,phases      ] GC(1099)   Pre Evacuate Collection Set: 0.39ms
[4140.758s][info][gc,phases      ] GC(1099)   Merge Heap Roots: 0.48ms
[4140.758s][info][gc,phases      ] GC(1099)   Evacuate Collection Set: 116.73ms
[4140.758s][info][gc,phases      ] GC(1099)   Post Evacuate Collection Set: 0.88ms
[4140.758s][info][gc,phases      ] GC(1099)   Other: 0.11ms
[4140.758s][info][gc,heap        ] GC(1099) Eden regions: 1117->0(1117)
[4140.758s][info][gc,heap        ] GC(1099) Survivor regions: 111->111(154)
[4140.758s][info][gc,heap        ] GC(1099) Old regions: 473->506
[4140.758s][info][gc,heap        ] GC(1099) Humongous regions: 80->80
[4140.758s][info][gc,metaspace   ] GC(1099) Metaspace: 28897K(29312K)->28897K(29312K) NonClass: 24029K(24256K)->24029K(24256K) Class: 4868K(5056K)->4868K(5056K)
[4140.758s][info][gc             ] GC(1099) Pause Young (Concurrent Start) (G1 Evacuation Pause) 3560M->1392M(4096M) 118.732ms
[4140.758s][info][gc             ] GC(1100) Concurrent Mark Cycle
[4140.758s][info][gc,marking     ] GC(1100) Concurrent Scan Root Regions
[4140.758s][info][gc,cpu         ] GC(1099) User=0.70s Sys=0.00s Real=0.12s
.[4140.893s][info][gc,marking     ] GC(1100) Concurrent Scan Root Regions 134.641ms
[4140.893s][info][gc,marking     ] GC(1100) Concurrent Mark
[4140.893s][info][gc,marking     ] GC(1100) Concurrent Mark From Roots
[4140.893s][info][gc,task        ] GC(1100) Using 2 workers of 2 for marking
[4141.624s][info][gc,marking     ] GC(1100) Concurrent Mark From Roots 731.397ms
[4141.624s][info][gc,marking     ] GC(1100) Concurrent Preclean
[4141.625s][info][gc,marking     ] GC(1100) Concurrent Preclean 0.110ms
[4141.629s][info][gc,start       ] GC(1100) Pause Remark
[4141.634s][info][gc             ] GC(1100) Pause Remark 2170M->2170M(4096M) 5.260ms
[4141.634s][info][gc,cpu         ] GC(1100) User=0.03s Sys=0.00s Real=0.00s
[4141.634s][info][gc,marking     ] GC(1100) Concurrent Mark 740.975ms
[4141.634s][info][gc,marking     ] GC(1100) Concurrent Rebuild Remembered Sets and Scrub Regions
.[4141.925s][info][gc,marking     ] GC(1100) Concurrent Rebuild Remembered Sets and Scrub Regions 290.655ms
[4141.925s][info][gc,start       ] GC(1100) Pause Cleanup
[4141.925s][info][gc             ] GC(1100) Pause Cleanup 2436M->2436M(4096M) 0.114ms
[4141.925s][info][gc,cpu         ] GC(1100) User=0.00s Sys=0.00s Real=0.00s
[4141.925s][info][gc,marking     ] GC(1100) Concurrent Clear Claimed Marks
[4141.925s][info][gc,marking     ] GC(1100) Concurrent Clear Claimed Marks 0.022ms
[4141.925s][info][gc,marking     ] GC(1100) Concurrent Cleanup for Next Mark
[4141.932s][info][gc,marking     ] GC(1100) Concurrent Cleanup for Next Mark 6.660ms
[4141.932s][info][gc             ] GC(1100) Concurrent Mark Cycle 1173.426ms
.[4143.281s][info][gc,start       ] GC(1101) Pause Young (Prepare Mixed) (G1 Evacuation Pause)
[4143.281s][info][gc,task        ] GC(1101) Using 6 workers of 6 for evacuation
[4143.398s][info][gc,phases      ] GC(1101)   Pre Evacuate Collection Set: 0.32ms
[4143.398s][info][gc,phases      ] GC(1101)   Merge Heap Roots: 0.51ms
[4143.398s][info][gc,phases      ] GC(1101)   Evacuate Collection Set: 115.26ms
[4143.398s][info][gc,phases      ] GC(1101)   Post Evacuate Collection Set: 0.92ms
[4143.398s][info][gc,phases      ] GC(1101)   Other: 0.09ms
[4143.398s][info][gc,heap        ] GC(1101) Eden regions: 1117->0(1110)
[4143.398s][info][gc,heap        ] GC(1101) Survivor regions: 111->109(154)
[4143.398s][info][gc,heap        ] GC(1101) Old regions: 506->537
[4143.398s][info][gc,heap        ] GC(1101) Humongous regions: 80->80
[4143.398s][info][gc,metaspace   ] GC(1101) Metaspace: 28897K(29312K)->28897K(29312K) NonClass: 24029K(24256K)->24029K(24256K) Class: 4868K(5056K)->4868K(5056K)
[4143.398s][info][gc             ] GC(1101) Pause Young (Prepare Mixed) (G1 Evacuation Pause) 3626M->1450M(4096M) 117.241ms
[4143.398s][info][gc,cpu         ] GC(1101) User=0.69s Sys=0.00s Real=0.12s
.. (rIR:aIR:PR = 7334:7331:7331) (tPR = 108599) [OK] 
  4144s: Performance info:
         Transaction,    Success,    Partial,     Failed,   Receipts, AvgBarcode, 
             Overall,     440460,          0,          0,     418418,      59.47, 
         Response times:
             Request,    Success,    Partial,     Failed,   SkipFail,     Probes,    Samples,      min,      p50,      p90,      p95,      p99,      max, 
       TotalPurchase,     418418,          0,          0,          0,     357653,     424479,      300,     6100,    57000,    88000,   168000,   367000,
     InStorePurchase,     220283,          0,          0,          0,     187877,     222946,      300,     6000,    56000,    88000,   167000,   340000,
      OnlinePurchase,     153940,          0,          0,          0,     131714,     156195,      300,     6300,    59000,    89000,   169000,   367000,
        InstPurchase,      44195,          0,          0,          0,      38062,      45338,      400,     5900,    57000,    87000,   167000,   363000,
          AssocOfCat,        443,          0,          0,          0,        354,        506,    26000,    45000,   121000,   158000,   248650,   282000,
      AssocOfProduct,       4404,          0,          0,          0,       4155,       5182,      600,     6500,    57000,    83850,   161510,   259000,
      BusinessReport,       1101,          0,          0,          0,        995,       1321,    26000,    49000,   124000,   161900,   264460,   457000,
          CustBuyBeh,       4412,          0,          0,          0,       4068,       5012,      200,     5300,    49000,    80000,   168000,   249000,
       ProductReturn,      11682,          0,          0,          0,       9956,      12172,      200,     6600,    63000,    90000,   168000,   257000,

  4144s: (54%)   IR =   7472 [4145.812s][info][gc,start       ] GC(1102) Pause Young (Mixed) (G1 Evacuation Pause)
[4145.812s][info][gc,task        ] GC(1102) Using 6 workers of 6 for evacuation
[4145.951s][info][gc,phases      ] GC(1102)   Pre Evacuate Collection Set: 0.38ms
[4145.951s][info][gc,phases      ] GC(1102)   Merge Heap Roots: 0.91ms
[4145.951s][info][gc,phases      ] GC(1102)   Evacuate Collection Set: 136.43ms
[4145.951s][info][gc,phases      ] GC(1102)   Post Evacuate Collection Set: 0.95ms
[4145.951s][info][gc,phases      ] GC(1102)   Other: 0.09ms
[4145.951s][info][gc,heap        ] GC(1102) Eden regions: 1110->0(1116)
[4145.951s][info][gc,heap        ] GC(1102) Survivor regions: 109->112(153)
[4145.951s][info][gc,heap        ] GC(1102) Old regions: 537->472
[4145.951s][info][gc,heap        ] GC(1102) Humongous regions: 80->80
[4145.951s][info][gc,metaspace   ] GC(1102) Metaspace: 28897K(29312K)->28897K(29312K) NonClass: 24029K(24256K)->24029K(24256K) Class: 4868K(5056K)->4868K(5056K)
[4145.951s][info][gc             ] GC(1102) Pause Young (Mixed) (G1 Evacuation Pause) 3670M->1324M(4096M) 138.885ms
[4145.951s][info][gc,cpu         ] GC(1102) User=0.83s Sys=0.01s Real=0.14s
...[4148.338s][info][gc,start       ] GC(1103) Pause Young (Concurrent Start) (G1 Evacuation Pause)
[4148.338s][info][gc,task        ] GC(1103) Using 6 workers of 6 for evacuation
[4148.463s][info][gc,phases      ] GC(1103)   Pre Evacuate Collection Set: 0.37ms
[4148.463s][info][gc,phases      ] GC(1103)   Merge Heap Roots: 0.47ms
[4148.463s][info][gc,phases      ] GC(1103)   Evacuate Collection Set: 122.52ms
[4148.463s][info][gc,phases      ] GC(1103)   Post Evacuate Collection Set: 0.90ms
[4148.463s][info][gc,phases      ] GC(1103)   Other: 0.13ms
[4148.463s][info][gc,heap        ] GC(1103) Eden regions: 1116->0(1112)
[4148.463s][info][gc,heap        ] GC(1103) Survivor regions: 112->116(154)
[4148.463s][info][gc,heap        ] GC(1103) Old regions: 472->504
[4148.463s][info][gc,heap        ] GC(1103) Humongous regions: 80->80
[4148.463s][info][gc,metaspace   ] GC(1103) Metaspace: 28897K(29312K)->28897K(29312K) NonClass: 24029K(24256K)->24029K(24256K) Class: 4868K(5056K)->4868K(5056K)
[4148.463s][info][gc             ] GC(1103) Pause Young (Concurrent Start) (G1 Evacuation Pause) 3556M->1396M(4096M) 124.521ms
[4148.463s][info][gc             ] GC(1104) Concurrent Mark Cycle
[4148.463s][info][gc,marking     ] GC(1104) Concurrent Scan Root Regions
[4148.463s][info][gc,cpu         ] GC(1103) User=0.74s Sys=0.00s Real=0.12s
[4148.608s][info][gc,marking     ] GC(1104) Concurrent Scan Root Regions 145.302ms
[4148.608s][info][gc,marking     ] GC(1104) Concurrent Mark
[4148.608s][info][gc,marking     ] GC(1104) Concurrent Mark From Roots
[4148.608s][info][gc,task        ] GC(1104) Using 2 workers of 2 for marking
.[4149.350s][info][gc,marking     ] GC(1104) Concurrent Mark From Roots 742.146ms
[4149.351s][info][gc,marking     ] GC(1104) Concurrent Preclean
[4149.351s][info][gc,marking     ] GC(1104) Concurrent Preclean 0.151ms
[4149.353s][info][gc,start       ] GC(1104) Pause Remark
[4149.356s][info][gc             ] GC(1104) Pause Remark 2166M->2166M(4096M) 3.922ms
[4149.357s][info][gc,cpu         ] GC(1104) User=0.02s Sys=0.00s Real=0.01s
[4149.358s][info][gc,marking     ] GC(1104) Concurrent Mark 749.448ms
[4149.358s][info][gc,marking     ] GC(1104) Concurrent Rebuild Remembered Sets and Scrub Regions
[4149.633s][info][gc,marking     ] GC(1104) Concurrent Rebuild Remembered Sets and Scrub Regions 275.504ms
[4149.635s][info][gc,start       ] GC(1104) Pause Cleanup
[4149.635s][info][gc             ] GC(1104) Pause Cleanup 2466M->2466M(4096M) 0.144ms
[4149.635s][info][gc,cpu         ] GC(1104) User=0.00s Sys=0.00s Real=0.00s
[4149.635s][info][gc,marking     ] GC(1104) Concurrent Clear Claimed Marks
[4149.635s][info][gc,marking     ] GC(1104) Concurrent Clear Claimed Marks 0.021ms
[4149.635s][info][gc,marking     ] GC(1104) Concurrent Cleanup for Next Mark
[4149.646s][info][gc,marking     ] GC(1104) Concurrent Cleanup for Next Mark 11.348ms
[4149.646s][info][gc             ] GC(1104) Concurrent Mark Cycle 1183.600ms
.[4150.807s][info][gc,start       ] GC(1105) Pause Young (Prepare Mixed) (G1 Evacuation Pause)
[4150.807s][info][gc,task        ] GC(1105) Using 6 workers of 6 for evacuation
[4150.921s][info][gc,phases      ] GC(1105)   Pre Evacuate Collection Set: 0.36ms
[4150.921s][info][gc,phases      ] GC(1105)   Merge Heap Roots: 0.56ms
[4150.921s][info][gc,phases      ] GC(1105)   Evacuate Collection Set: 112.71ms
[4150.921s][info][gc,phases      ] GC(1105)   Post Evacuate Collection Set: 0.89ms
[4150.921s][info][gc,phases      ] GC(1105)   Other: 0.10ms
[4150.921s][info][gc,heap        ] GC(1105) Eden regions: 1112->0(1113)
[4150.921s][info][gc,heap        ] GC(1105) Survivor regions: 116->108(154)
[4150.921s][info][gc,heap        ] GC(1105) Old regions: 504->536
[4150.921s][info][gc,heap        ] GC(1105) Humongous regions: 80->80
[4150.921s][info][gc,metaspace   ] GC(1105) Metaspace: 28897K(29312K)->28897K(29312K) NonClass: 24029K(24256K)->24029K(24256K) Class: 4868K(5056K)->4868K(5056K)
[4150.922s][info][gc             ] GC(1105) Pause Young (Prepare Mixed) (G1 Evacuation Pause) 3620M->1445M(4096M) 114.767ms
[4150.922s][info][gc,cpu         ] GC(1105) User=0.68s Sys=0.00s Real=0.11s
...[4153.308s][info][gc,start       ] GC(1106) Pause Young (Mixed) (G1 Evacuation Pause)
[4153.308s][info][gc,task        ] GC(1106) Using 6 workers of 6 for evacuation
[4153.451s][info][gc,phases      ] GC(1106)   Pre Evacuate Collection Set: 0.36ms
[4153.451s][info][gc,phases      ] GC(1106)   Merge Heap Roots: 0.71ms
[4153.451s][info][gc,phases      ] GC(1106)   Evacuate Collection Set: 140.15ms
[4153.451s][info][gc,phases      ] GC(1106)   Post Evacuate Collection Set: 0.94ms
[4153.451s][info][gc,phases      ] GC(1106)   Other: 0.09ms
[4153.451s][info][gc,heap        ] GC(1106) Eden regions: 1113->0(1111)
[4153.451s][info][gc,heap        ] GC(1106) Survivor regions: 108->117(153)
[4153.451s][info][gc,heap        ] GC(1106) Old regions: 536->473
[4153.451s][info][gc,heap        ] GC(1106) Humongous regions: 80->80
[4153.451s][info][gc,metaspace   ] GC(1106) Metaspace: 28897K(29312K)->28897K(29312K) NonClass: 24029K(24256K)->24029K(24256K) Class: 4868K(5056K)->4868K(5056K)
[4153.451s][info][gc             ] GC(1106) Pause Young (Mixed) (G1 Evacuation Pause) 3671M->1336M(4096M) 142.395ms
[4153.451s][info][gc,cpu         ] GC(1106) User=0.85s Sys=0.00s Real=0.14s
..[4155.810s][info][gc,start       ] GC(1107) Pause Young (Concurrent Start) (G1 Evacuation Pause)
[4155.810s][info][gc,task        ] GC(1107) Using 6 workers of 6 for evacuation
[4155.925s][info][gc,phases      ] GC(1107)   Pre Evacuate Collection Set: 0.34ms
[4155.925s][info][gc,phases      ] GC(1107)   Merge Heap Roots: 0.46ms
[4155.925s][info][gc,phases      ] GC(1107)   Evacuate Collection Set: 114.19ms
[4155.925s][info][gc,phases      ] GC(1107)   Post Evacuate Collection Set: 0.74ms
[4155.925s][info][gc,phases      ] GC(1107)   Other: 0.10ms
[4155.925s][info][gc,heap        ] GC(1107) Eden regions: 1111->0(1119)
[4155.925s][info][gc,heap        ] GC(1107) Survivor regions: 117->109(154)
[4155.925s][info][gc,heap        ] GC(1107) Old regions: 473->504
[4155.925s][info][gc,heap        ] GC(1107) Humongous regions: 80->80
[4155.925s][info][gc,metaspace   ] GC(1107) Metaspace: 28897K(29312K)->28897K(29312K) NonClass: 24029K(24256K)->24029K(24256K) Class: 4868K(5056K)->4868K(5056K)
[4155.925s][info][gc             ] GC(1107) Pause Young (Concurrent Start) (G1 Evacuation Pause) 3558M->1383M(4096M) 115.956ms
[4155.926s][info][gc             ] GC(1108) Concurrent Mark Cycle
[4155.926s][info][gc,marking     ] GC(1108) Concurrent Scan Root Regions
[4155.926s][info][gc,cpu         ] GC(1107) User=0.69s Sys=0.00s Real=0.12s
[4156.056s][info][gc,marking     ] GC(1108) Concurrent Scan Root Regions 130.102ms
[4156.056s][info][gc,marking     ] GC(1108) Concurrent Mark
[4156.056s][info][gc,marking     ] GC(1108) Concurrent Mark From Roots
[4156.056s][info][gc,task        ] GC(1108) Using 2 workers of 2 for marking
.[4156.733s][info][gc,marking     ] GC(1108) Concurrent Mark From Roots 676.964ms
[4156.733s][info][gc,marking     ] GC(1108) Concurrent Preclean
[4156.733s][info][gc,marking     ] GC(1108) Concurrent Preclean 0.090ms
[4156.733s][info][gc,start       ] GC(1108) Pause Remark
[4156.739s][info][gc             ] GC(1108) Pause Remark 2095M->2095M(4096M) 5.856ms
[4156.739s][info][gc,cpu         ] GC(1108) User=0.03s Sys=0.00s Real=0.01s
[4156.740s][info][gc,marking     ] GC(1108) Concurrent Mark 684.584ms
[4156.740s][info][gc,marking     ] GC(1108) Concurrent Rebuild Remembered Sets and Scrub Regions
[4156.994s][info][gc,marking     ] GC(1108) Concurrent Rebuild Remembered Sets and Scrub Regions 253.350ms
[4156.994s][info][gc,start       ] GC(1108) Pause Cleanup
[4156.994s][info][gc             ] GC(1108) Pause Cleanup 2315M->2315M(4096M) 0.106ms
[4156.994s][info][gc,cpu         ] GC(1108) User=0.00s Sys=0.00s Real=0.00s
[4156.994s][info][gc,marking     ] GC(1108) Concurrent Clear Claimed Marks
[4156.994s][info][gc,marking     ] GC(1108) Concurrent Clear Claimed Marks 0.022ms
[4156.994s][info][gc,marking     ] GC(1108) Concurrent Cleanup for Next Mark
[4156.999s][info][gc,marking     ] GC(1108) Concurrent Cleanup for Next Mark 4.804ms
[4156.999s][info][gc             ] GC(1108) Concurrent Mark Cycle 1073.347ms
..|[4158.388s][info][gc,start       ] GC(1109) Pause Young (Prepare Mixed) (G1 Evacuation Pause)
[4158.388s][info][gc,task        ] GC(1109) Using 6 workers of 6 for evacuation
[4158.509s][info][gc,phases      ] GC(1109)   Pre Evacuate Collection Set: 0.34ms
[4158.509s][info][gc,phases      ] GC(1109)   Merge Heap Roots: 0.52ms
[4158.509s][info][gc,phases      ] GC(1109)   Evacuate Collection Set: 119.35ms
[4158.509s][info][gc,phases      ] GC(1109)   Post Evacuate Collection Set: 0.89ms
[4158.509s][info][gc,phases      ] GC(1109)   Other: 0.08ms
[4158.509s][info][gc,heap        ] GC(1109) Eden regions: 1119->0(1103)
[4158.509s][info][gc,heap        ] GC(1109) Survivor regions: 109->113(154)
[4158.509s][info][gc,heap        ] GC(1109) Old regions: 504->536
[4158.509s][info][gc,heap        ] GC(1109) Humongous regions: 80->80
[4158.509s][info][gc,metaspace   ] GC(1109) Metaspace: 28897K(29312K)->28897K(29312K) NonClass: 24029K(24256K)->24029K(24256K) Class: 4868K(5056K)->4868K(5056K)
[4158.509s][info][gc             ] GC(1109) Pause Young (Prepare Mixed) (G1 Evacuation Pause) 3621M->1455M(4096M) 121.321ms
[4158.509s][info][gc,cpu         ] GC(1109) User=0.72s Sys=0.00s Real=0.12s
..[4160.889s][info][gc,start       ] GC(1110) Pause Young (Mixed) (G1 Evacuation Pause)
[4160.889s][info][gc,task        ] GC(1110) Using 6 workers of 6 for evacuation
[4161.024s][info][gc,phases      ] GC(1110)   Pre Evacuate Collection Set: 0.35ms
[4161.024s][info][gc,phases      ] GC(1110)   Merge Heap Roots: 0.70ms
[4161.024s][info][gc,phases      ] GC(1110)   Evacuate Collection Set: 132.83ms
[4161.024s][info][gc,phases      ] GC(1110)   Post Evacuate Collection Set: 0.89ms
[4161.024s][info][gc,phases      ] GC(1110)   Other: 0.09ms
[4161.024s][info][gc,heap        ] GC(1110) Eden regions: 1103->0(1119)
[4161.024s][info][gc,heap        ] GC(1110) Survivor regions: 113->109(152)
[4161.024s][info][gc,heap        ] GC(1110) Old regions: 536->471
[4161.024s][info][gc,heap        ] GC(1110) Humongous regions: 80->80
[4161.024s][info][gc,metaspace   ] GC(1110) Metaspace: 28897K(29312K)->28897K(29312K) NonClass: 24029K(24256K)->24029K(24256K) Class: 4868K(5056K)->4868K(5056K)
[4161.024s][info][gc             ] GC(1110) Pause Young (Mixed) (G1 Evacuation Pause) 3661M->1318M(4096M) 134.999ms
[4161.024s][info][gc,cpu         ] GC(1110) User=0.80s Sys=0.00s Real=0.13s
...[4163.379s][info][gc,start       ] GC(1111) Pause Young (Concurrent Start) (G1 Evacuation Pause)
[4163.379s][info][gc,task        ] GC(1111) Using 6 workers of 6 for evacuation
[4163.500s][info][gc,phases      ] GC(1111)   Pre Evacuate Collection Set: 0.38ms
[4163.500s][info][gc,phases      ] GC(1111)   Merge Heap Roots: 0.49ms
[4163.500s][info][gc,phases      ] GC(1111)   Evacuate Collection Set: 118.79ms
[4163.500s][info][gc,phases      ] GC(1111)   Post Evacuate Collection Set: 0.87ms
[4163.500s][info][gc,phases      ] GC(1111)   Other: 0.13ms
[4163.500s][info][gc,heap        ] GC(1111) Eden regions: 1119->0(1115)
[4163.500s][info][gc,heap        ] GC(1111) Survivor regions: 109->113(154)
[4163.500s][info][gc,heap        ] GC(1111) Old regions: 471->503
[4163.500s][info][gc,heap        ] GC(1111) Humongous regions: 80->80
[4163.500s][info][gc,metaspace   ] GC(1111) Metaspace: 28897K(29312K)->28897K(29312K) NonClass: 24029K(24256K)->24029K(24256K) Class: 4868K(5056K)->4868K(5056K)
[4163.500s][info][gc             ] GC(1111) Pause Young (Concurrent Start) (G1 Evacuation Pause) 3556M->1388M(4096M) 120.791ms
[4163.500s][info][gc             ] GC(1112) Concurrent Mark Cycle
[4163.500s][info][gc,marking     ] GC(1112) Concurrent Scan Root Regions
[4163.500s][info][gc,cpu         ] GC(1111) User=0.72s Sys=0.00s Real=0.12s
[4163.636s][info][gc,marking     ] GC(1112) Concurrent Scan Root Regions 136.256ms
[4163.636s][info][gc,marking     ] GC(1112) Concurrent Mark
[4163.636s][info][gc,marking     ] GC(1112) Concurrent Mark From Roots
[4163.636s][info][gc,task        ] GC(1112) Using 2 workers of 2 for marking
.[4164.349s][info][gc,marking     ] GC(1112) Concurrent Mark From Roots 712.565ms
[4164.349s][info][gc,marking     ] GC(1112) Concurrent Preclean
[4164.349s][info][gc,marking     ] GC(1112) Concurrent Preclean 0.118ms
[4164.351s][info][gc,start       ] GC(1112) Pause Remark
[4164.356s][info][gc             ] GC(1112) Pause Remark 2130M->2130M(4096M) 5.674ms
[4164.357s][info][gc,cpu         ] GC(1112) User=0.04s Sys=0.00s Real=0.01s
[4164.357s][info][gc,marking     ] GC(1112) Concurrent Mark 720.284ms
[4164.357s][info][gc,marking     ] GC(1112) Concurrent Rebuild Remembered Sets and Scrub Regions
[4164.631s][info][gc,marking     ] GC(1112) Concurrent Rebuild Remembered Sets and Scrub Regions 274.477ms
[4164.633s][info][gc,start       ] GC(1112) Pause Cleanup
[4164.633s][info][gc             ] GC(1112) Pause Cleanup 2380M->2380M(4096M) 0.131ms
[4164.633s][info][gc,cpu         ] GC(1112) User=0.00s Sys=0.00s Real=0.00s
[4164.633s][info][gc,marking     ] GC(1112) Concurrent Clear Claimed Marks
[4164.633s][info][gc,marking     ] GC(1112) Concurrent Clear Claimed Marks 0.020ms
[4164.633s][info][gc,marking     ] GC(1112) Concurrent Cleanup for Next Mark
[4164.638s][info][gc,marking     ] GC(1112) Concurrent Cleanup for Next Mark 4.430ms
[4164.638s][info][gc             ] GC(1112) Concurrent Mark Cycle 1137.849ms
.[4165.847s][info][gc,start       ] GC(1113) Pause Young (Prepare Mixed) (G1 Evacuation Pause)
[4165.847s][info][gc,task        ] GC(1113) Using 6 workers of 6 for evacuation
[4165.964s][info][gc,phases      ] GC(1113)   Pre Evacuate Collection Set: 0.36ms
[4165.964s][info][gc,phases      ] GC(1113)   Merge Heap Roots: 0.56ms
[4165.964s][info][gc,phases      ] GC(1113)   Evacuate Collection Set: 115.81ms
[4165.964s][info][gc,phases      ] GC(1113)   Post Evacuate Collection Set: 0.91ms
[4165.964s][info][gc,phases      ] GC(1113)   Other: 0.09ms
[4165.964s][info][gc,heap        ] GC(1113) Eden regions: 1115->0(1109)
[4165.964s][info][gc,heap        ] GC(1113) Survivor regions: 113->111(154)
[4165.964s][info][gc,heap        ] GC(1113) Old regions: 503->534
[4165.964s][info][gc,heap        ] GC(1113) Humongous regions: 80->80
[4165.964s][info][gc,metaspace   ] GC(1113) Metaspace: 28897K(29312K)->28897K(29312K) NonClass: 24029K(24256K)->24029K(24256K) Class: 4868K(5056K)->4868K(5056K)
[4165.964s][info][gc             ] GC(1113) Pause Young (Prepare Mixed) (G1 Evacuation Pause) 3618M->1446M(4096M) 117.865ms
[4165.964s][info][gc,cpu         ] GC(1113) User=0.70s Sys=0.00s Real=0.12s
...[4168.451s][info][gc,start       ] GC(1114) Pause Young (Mixed) (G1 Evacuation Pause)
[4168.451s][info][gc,task        ] GC(1114) Using 6 workers of 6 for evacuation
[4168.587s][info][gc,phases      ] GC(1114)   Pre Evacuate Collection Set: 0.36ms
[4168.587s][info][gc,phases      ] GC(1114)   Merge Heap Roots: 0.74ms
[4168.587s][info][gc,phases      ] GC(1114)   Evacuate Collection Set: 133.36ms
[4168.587s][info][gc,phases      ] GC(1114)   Post Evacuate Collection Set: 0.96ms
[4168.587s][info][gc,phases      ] GC(1114)   Other: 0.09ms
[4168.587s][info][gc,heap        ] GC(1114) Eden regions: 1109->0(1117)
[4168.587s][info][gc,heap        ] GC(1114) Survivor regions: 111->111(153)
[4168.587s][info][gc,heap        ] GC(1114) Old regions: 534->470
[4168.587s][info][gc,heap        ] GC(1114) Humongous regions: 80->80
[4168.587s][info][gc,metaspace   ] GC(1114) Metaspace: 28897K(29312K)->28897K(29312K) NonClass: 24029K(24256K)->24029K(24256K) Class: 4868K(5056K)->4868K(5056K)
[4168.587s][info][gc             ] GC(1114) Pause Young (Mixed) (G1 Evacuation Pause) 3664M->1320M(4096M) 135.634ms
[4168.587s][info][gc,cpu         ] GC(1114) User=0.81s Sys=0.00s Real=0.14s
..[4170.911s][info][gc,start       ] GC(1115) Pause Young (Concurrent Start) (G1 Evacuation Pause)
[4170.911s][info][gc,task        ] GC(1115) Using 6 workers of 6 for evacuation
[4171.031s][info][gc,phases      ] GC(1115)   Pre Evacuate Collection Set: 0.40ms
[4171.031s][info][gc,phases      ] GC(1115)   Merge Heap Roots: 0.48ms
[4171.031s][info][gc,phases      ] GC(1115)   Evacuate Collection Set: 117.75ms
[4171.031s][info][gc,phases      ] GC(1115)   Post Evacuate Collection Set: 0.86ms
[4171.031s][info][gc,phases      ] GC(1115)   Other: 0.12ms
[4171.031s][info][gc,heap        ] GC(1115) Eden regions: 1117->0(1117)
[4171.031s][info][gc,heap        ] GC(1115) Survivor regions: 111->111(154)
[4171.031s][info][gc,heap        ] GC(1115) Old regions: 470->501
[4171.031s][info][gc,heap        ] GC(1115) Humongous regions: 80->80
[4171.031s][info][gc,metaspace   ] GC(1115) Metaspace: 28897K(29312K)->28897K(29312K) NonClass: 24029K(24256K)->24029K(24256K) Class: 4868K(5056K)->4868K(5056K)
[4171.031s][info][gc             ] GC(1115) Pause Young (Concurrent Start) (G1 Evacuation Pause) 3554M->1382M(4096M) 119.737ms
[4171.031s][info][gc             ] GC(1116) Concurrent Mark Cycle
[4171.031s][info][gc,marking     ] GC(1116) Concurrent Scan Root Regions
[4171.031s][info][gc,cpu         ] GC(1115) User=0.71s Sys=0.00s Real=0.12s
[4171.202s][info][gc,marking     ] GC(1116) Concurrent Scan Root Regions 170.914ms
[4171.202s][info][gc,marking     ] GC(1116) Concurrent Mark
[4171.202s][info][gc,marking     ] GC(1116) Concurrent Mark From Roots
[4171.202s][info][gc,task        ] GC(1116) Using 2 workers of 2 for marking
.[4172.164s][info][gc,marking     ] GC(1116) Concurrent Mark From Roots 962.099ms
[4172.164s][info][gc,marking     ] GC(1116) Concurrent Preclean
[4172.164s][info][gc,marking     ] GC(1116) Concurrent Preclean 0.103ms
[4172.164s][info][gc,start       ] GC(1116) Pause Remark
[4172.170s][info][gc             ] GC(1116) Pause Remark 2397M->2397M(4096M) 5.988ms
[4172.170s][info][gc,cpu         ] GC(1116) User=0.03s Sys=0.00s Real=0.01s
[4172.171s][info][gc,marking     ] GC(1116) Concurrent Mark 968.727ms
[4172.171s][info][gc,marking     ] GC(1116) Concurrent Rebuild Remembered Sets and Scrub Regions
.[4172.586s][info][gc,marking     ] GC(1116) Concurrent Rebuild Remembered Sets and Scrub Regions 415.091ms
[4172.586s][info][gc,start       ] GC(1116) Pause Cleanup
[4172.586s][info][gc             ] GC(1116) Pause Cleanup 2846M->2846M(4096M) 0.108ms
[4172.586s][info][gc,cpu         ] GC(1116) User=0.00s Sys=0.00s Real=0.00s
[4172.586s][info][gc,marking     ] GC(1116) Concurrent Clear Claimed Marks
[4172.586s][info][gc,marking     ] GC(1116) Concurrent Clear Claimed Marks 0.021ms
[4172.586s][info][gc,marking     ] GC(1116) Concurrent Cleanup for Next Mark
[4172.591s][info][gc,marking     ] GC(1116) Concurrent Cleanup for Next Mark 4.873ms
[4172.591s][info][gc             ] GC(1116) Concurrent Mark Cycle 1560.128ms
.[4173.426s][info][gc,start       ] GC(1117) Pause Young (Prepare Mixed) (G1 Evacuation Pause)
[4173.426s][info][gc,task        ] GC(1117) Using 6 workers of 6 for evacuation
[4173.552s][info][gc,phases      ] GC(1117)   Pre Evacuate Collection Set: 0.33ms
[4173.552s][info][gc,phases      ] GC(1117)   Merge Heap Roots: 0.53ms
[4173.552s][info][gc,phases      ] GC(1117)   Evacuate Collection Set: 124.30ms
[4173.552s][info][gc,phases      ] GC(1117)   Post Evacuate Collection Set: 0.96ms
[4173.552s][info][gc,phases      ] GC(1117)   Other: 0.09ms
[4173.552s][info][gc,heap        ] GC(1117) Eden regions: 1117->0(1098)
[4173.552s][info][gc,heap        ] GC(1117) Survivor regions: 111->116(154)
[4173.552s][info][gc,heap        ] GC(1117) Old regions: 501->535
[4173.552s][info][gc,heap        ] GC(1117) Humongous regions: 80->80
[4173.552s][info][gc,metaspace   ] GC(1117) Metaspace: 28897K(29312K)->28897K(29312K) NonClass: 24029K(24256K)->24029K(24256K) Class: 4868K(5056K)->4868K(5056K)
[4173.552s][info][gc             ] GC(1117) Pause Young (Prepare Mixed) (G1 Evacuation Pause) 3616M->1459M(4096M) 126.343ms
[4173.552s][info][gc,cpu         ] GC(1117) User=0.75s Sys=0.00s Real=0.12s
..[4175.935s][info][gc,start       ] GC(1118) Pause Young (Mixed) (G1 Evacuation Pause)
[4175.935s][info][gc,task        ] GC(1118) Using 6 workers of 6 for evacuation
[4176.069s][info][gc,phases      ] GC(1118)   Pre Evacuate Collection Set: 0.38ms
[4176.069s][info][gc,phases      ] GC(1118)   Merge Heap Roots: 0.73ms
[4176.069s][info][gc,phases      ] GC(1118)   Evacuate Collection Set: 132.78ms
[4176.069s][info][gc,phases      ] GC(1118)   Post Evacuate Collection Set: 0.83ms
[4176.069s][info][gc,phases      ] GC(1118)   Other: 0.09ms
[4176.069s][info][gc,heap        ] GC(1118) Eden regions: 1098->0(1120)
[4176.069s][info][gc,heap        ] GC(1118) Survivor regions: 116->108(152)
[4176.069s][info][gc,heap        ] GC(1118) Old regions: 535->472
[4176.069s][info][gc,heap        ] GC(1118) Humongous regions: 80->80
[4176.069s][info][gc,metaspace   ] GC(1118) Metaspace: 28897K(29312K)->28897K(29312K) NonClass: 24029K(24256K)->24029K(24256K) Class: 4868K(5056K)->4868K(5056K)
[4176.069s][info][gc             ] GC(1118) Pause Young (Mixed) (G1 Evacuation Pause) 3655M->1317M(4096M) 134.940ms
[4176.070s][info][gc,cpu         ] GC(1118) User=0.81s Sys=0.00s Real=0.13s
...[4178.414s][info][gc,start       ] GC(1119) Pause Young (Concurrent Start) (G1 Evacuation Pause)
[4178.414s][info][gc,task        ] GC(1119) Using 6 workers of 6 for evacuation
[4178.537s][info][gc,phases      ] GC(1119)   Pre Evacuate Collection Set: 0.37ms
[4178.537s][info][gc,phases      ] GC(1119)   Merge Heap Roots: 0.48ms
[4178.537s][info][gc,phases      ] GC(1119)   Evacuate Collection Set: 120.95ms
[4178.537s][info][gc,phases      ] GC(1119)   Post Evacuate Collection Set: 0.86ms
[4178.537s][info][gc,phases      ] GC(1119)   Other: 0.13ms
[4178.537s][info][gc,heap        ] GC(1119) Eden regions: 1120->0(1114)
[4178.537s][info][gc,heap        ] GC(1119) Survivor regions: 108->114(154)
[4178.537s][info][gc,heap        ] GC(1119) Old regions: 472->504
[4178.537s][info][gc,heap        ] GC(1119) Humongous regions: 80->80
[4178.537s][info][gc,metaspace   ] GC(1119) Metaspace: 28897K(29312K)->28897K(29312K) NonClass: 24029K(24256K)->24029K(24256K) Class: 4868K(5056K)->4868K(5056K)
[4178.537s][info][gc             ] GC(1119) Pause Young (Concurrent Start) (G1 Evacuation Pause) 3557M->1392M(4096M) 122.912ms
[4178.537s][info][gc             ] GC(1120) Concurrent Mark Cycle
[4178.537s][info][gc,marking     ] GC(1120) Concurrent Scan Root Regions
[4178.537s][info][gc,cpu         ] GC(1119) User=0.73s Sys=0.00s Real=0.13s
[4178.731s][info][gc,marking     ] GC(1120) Concurrent Scan Root Regions 194.099ms
[4178.731s][info][gc,marking     ] GC(1120) Concurrent Mark
[4178.731s][info][gc,marking     ] GC(1120) Concurrent Mark From Roots
[4178.731s][info][gc,task        ] GC(1120) Using 2 workers of 2 for marking
.[4179.701s][info][gc,marking     ] GC(1120) Concurrent Mark From Roots 969.315ms
[4179.701s][info][gc,marking     ] GC(1120) Concurrent Preclean
[4179.701s][info][gc,marking     ] GC(1120) Concurrent Preclean 0.107ms
[4179.701s][info][gc,start       ] GC(1120) Pause Remark
[4179.708s][info][gc             ] GC(1120) Pause Remark 2503M->2503M(4096M) 6.594ms
[4179.708s][info][gc,cpu         ] GC(1120) User=0.03s Sys=0.00s Real=0.01s
[4179.708s][info][gc,marking     ] GC(1120) Concurrent Mark 976.707ms
[4179.708s][info][gc,marking     ] GC(1120) Concurrent Rebuild Remembered Sets and Scrub Regions
[4180.069s][info][gc,marking     ] GC(1120) Concurrent Rebuild Remembered Sets and Scrub Regions 360.443ms
[4180.069s][info][gc,start       ] GC(1120) Pause Cleanup
[4180.069s][info][gc             ] GC(1120) Pause Cleanup 2847M->2847M(4096M) 0.116ms
[4180.069s][info][gc,cpu         ] GC(1120) User=0.00s Sys=0.00s Real=0.00s
[4180.070s][info][gc,marking     ] GC(1120) Concurrent Clear Claimed Marks
[4180.070s][info][gc,marking     ] GC(1120) Concurrent Clear Claimed Marks 0.051ms
[4180.070s][info][gc,marking     ] GC(1120) Concurrent Cleanup for Next Mark
[4180.077s][info][gc,marking     ] GC(1120) Concurrent Cleanup for Next Mark 6.159ms
[4180.077s][info][gc             ] GC(1120) Concurrent Mark Cycle 1539.435ms
.[4180.890s][info][gc,start       ] GC(1121) Pause Young (Prepare Mixed) (G1 Evacuation Pause)
[4180.890s][info][gc,task        ] GC(1121) Using 6 workers of 6 for evacuation
[4181.008s][info][gc,phases      ] GC(1121)   Pre Evacuate Collection Set: 0.30ms
[4181.008s][info][gc,phases      ] GC(1121)   Merge Heap Roots: 0.55ms
[4181.008s][info][gc,phases      ] GC(1121)   Evacuate Collection Set: 116.75ms
[4181.008s][info][gc,phases      ] GC(1121)   Post Evacuate Collection Set: 0.91ms
[4181.008s][info][gc,phases      ] GC(1121)   Other: 0.09ms
[4181.008s][info][gc,heap        ] GC(1121) Eden regions: 1114->0(1111)
[4181.008s][info][gc,heap        ] GC(1121) Survivor regions: 114->109(154)
[4181.008s][info][gc,heap        ] GC(1121) Old regions: 504->536
[4181.008s][info][gc,heap        ] GC(1121) Humongous regions: 80->80
[4181.008s][info][gc,metaspace   ] GC(1121) Metaspace: 28897K(29312K)->28897K(29312K) NonClass: 24029K(24256K)->24029K(24256K) Class: 4868K(5056K)->4868K(5056K)
[4181.008s][info][gc             ] GC(1121) Pause Young (Prepare Mixed) (G1 Evacuation Pause) 3620M->1447M(4096M) 118.721ms
[4181.008s][info][gc,cpu         ] GC(1121) User=0.71s Sys=0.00s Real=0.12s
..[4183.390s][info][gc,start       ] GC(1122) Pause Young (Mixed) (G1 Evacuation Pause)
[4183.390s][info][gc,task        ] GC(1122) Using 6 workers of 6 for evacuation
[4183.526s][info][gc,phases      ] GC(1122)   Pre Evacuate Collection Set: 0.39ms
[4183.526s][info][gc,phases      ] GC(1122)   Merge Heap Roots: 0.76ms
[4183.526s][info][gc,phases      ] GC(1122)   Evacuate Collection Set: 133.35ms
[4183.526s][info][gc,phases      ] GC(1122)   Post Evacuate Collection Set: 0.96ms
[4183.526s][info][gc,phases      ] GC(1122)   Other: 0.11ms
[4183.526s][info][gc,heap        ] GC(1122) Eden regions: 1111->0(1117)
[4183.526s][info][gc,heap        ] GC(1122) Survivor regions: 109->111(153)
[4183.526s][info][gc,heap        ] GC(1122) Old regions: 536->471
[4183.526s][info][gc,heap        ] GC(1122) Humongous regions: 80->80
[4183.526s][info][gc,metaspace   ] GC(1122) Metaspace: 28897K(29312K)->28897K(29312K) NonClass: 24029K(24256K)->24029K(24256K) Class: 4868K(5056K)->4868K(5056K)
[4183.526s][info][gc             ] GC(1122) Pause Young (Mixed) (G1 Evacuation Pause) 3669M->1321M(4096M) 135.724ms
[4183.526s][info][gc,cpu         ] GC(1122) User=0.81s Sys=0.00s Real=0.14s
...[4185.992s][info][gc,start       ] GC(1123) Pause Young (Concurrent Start) (G1 Evacuation Pause)
[4185.992s][info][gc,task        ] GC(1123) Using 6 workers of 6 for evacuation
[4186.111s][info][gc,phases      ] GC(1123)   Pre Evacuate Collection Set: 0.42ms
[4186.111s][info][gc,phases      ] GC(1123)   Merge Heap Roots: 0.53ms
[4186.111s][info][gc,phases      ] GC(1123)   Evacuate Collection Set: 116.81ms
[4186.111s][info][gc,phases      ] GC(1123)   Post Evacuate Collection Set: 0.96ms
[4186.111s][info][gc,phases      ] GC(1123)   Other: 0.13ms
[4186.111s][info][gc,heap        ] GC(1123) Eden regions: 1117->0(1117)
[4186.111s][info][gc,heap        ] GC(1123) Survivor regions: 111->111(154)
[4186.111s][info][gc,heap        ] GC(1123) Old regions: 471->503
[4186.111s][info][gc,heap        ] GC(1123) Humongous regions: 80->80
[4186.111s][info][gc,metaspace   ] GC(1123) Metaspace: 28897K(29312K)->28897K(29312K) NonClass: 24029K(24256K)->24029K(24256K) Class: 4868K(5056K)->4868K(5056K)
[4186.111s][info][gc             ] GC(1123) Pause Young (Concurrent Start) (G1 Evacuation Pause) 3555M->1386M(4096M) 118.980ms
[4186.111s][info][gc             ] GC(1124) Concurrent Mark Cycle
[4186.111s][info][gc,marking     ] GC(1124) Concurrent Scan Root Regions
[4186.111s][info][gc,cpu         ] GC(1123) User=0.71s Sys=0.00s Real=0.12s
[4186.281s][info][gc,marking     ] GC(1124) Concurrent Scan Root Regions 170.253ms
[4186.281s][info][gc,marking     ] GC(1124) Concurrent Mark
[4186.281s][info][gc,marking     ] GC(1124) Concurrent Mark From Roots
[4186.281s][info][gc,task        ] GC(1124) Using 2 workers of 2 for marking
.[4187.272s][info][gc,marking     ] GC(1124) Concurrent Mark From Roots 991.121ms
[4187.272s][info][gc,marking     ] GC(1124) Concurrent Preclean
[4187.273s][info][gc,marking     ] GC(1124) Concurrent Preclean 0.118ms
[4187.273s][info][gc,start       ] GC(1124) Pause Remark
[4187.279s][info][gc             ] GC(1124) Pause Remark 2469M->2469M(4096M) 5.438ms
[4187.279s][info][gc,cpu         ] GC(1124) User=0.03s Sys=0.00s Real=0.01s
[4187.279s][info][gc,marking     ] GC(1124) Concurrent Mark 997.400ms
[4187.279s][info][gc,marking     ] GC(1124) Concurrent Rebuild Remembered Sets and Scrub Regions
[4187.539s][info][gc,marking     ] GC(1124) Concurrent Rebuild Remembered Sets and Scrub Regions 260.181ms
[4187.540s][info][gc,start       ] GC(1124) Pause Cleanup
[4187.540s][info][gc             ] GC(1124) Pause Cleanup 2686M->2686M(4096M) 0.132ms
[4187.540s][info][gc,cpu         ] GC(1124) User=0.00s Sys=0.00s Real=0.00s
[4187.540s][info][gc,marking     ] GC(1124) Concurrent Clear Claimed Marks
[4187.540s][info][gc,marking     ] GC(1124) Concurrent Clear Claimed Marks 0.035ms
[4187.540s][info][gc,marking     ] GC(1124) Concurrent Cleanup for Next Mark
[4187.544s][info][gc,marking     ] GC(1124) Concurrent Cleanup for Next Mark 3.711ms
[4187.544s][info][gc             ] GC(1124) Concurrent Mark Cycle 1432.841ms
.[4188.506s][info][gc,start       ] GC(1125) Pause Young (Prepare Mixed) (G1 Evacuation Pause)
[4188.506s][info][gc,task        ] GC(1125) Using 6 workers of 6 for evacuation
[4188.627s][info][gc,phases      ] GC(1125)   Pre Evacuate Collection Set: 0.36ms
[4188.627s][info][gc,phases      ] GC(1125)   Merge Heap Roots: 0.56ms
[4188.627s][info][gc,phases      ] GC(1125)   Evacuate Collection Set: 119.16ms
[4188.627s][info][gc,phases      ] GC(1125)   Post Evacuate Collection Set: 0.92ms
[4188.627s][info][gc,phases      ] GC(1125)   Other: 0.09ms
[4188.627s][info][gc,heap        ] GC(1125) Eden regions: 1117->0(1104)
[4188.627s][info][gc,heap        ] GC(1125) Survivor regions: 111->113(154)
[4188.627s][info][gc,heap        ] GC(1125) Old regions: 503->535
[4188.627s][info][gc,heap        ] GC(1125) Humongous regions: 80->80
[4188.627s][info][gc,metaspace   ] GC(1125) Metaspace: 28897K(29312K)->28897K(29312K) NonClass: 24029K(24256K)->24029K(24256K) Class: 4868K(5056K)->4868K(5056K)
[4188.627s][info][gc             ] GC(1125) Pause Young (Prepare Mixed) (G1 Evacuation Pause) 3620M->1453M(4096M) 121.232ms
[4188.627s][info][gc,cpu         ] GC(1125) User=0.72s Sys=0.00s Real=0.12s
...[4191.024s][info][gc,start       ] GC(1126) Pause Young (Mixed) (G1 Evacuation Pause)
[4191.024s][info][gc,task        ] GC(1126) Using 6 workers of 6 for evacuation
[4191.159s][info][gc,phases      ] GC(1126)   Pre Evacuate Collection Set: 0.37ms
[4191.159s][info][gc,phases      ] GC(1126)   Merge Heap Roots: 0.78ms
[4191.159s][info][gc,phases      ] GC(1126)   Evacuate Collection Set: 133.09ms
[4191.159s][info][gc,phases      ] GC(1126)   Post Evacuate Collection Set: 0.92ms
[4191.159s][info][gc,phases      ] GC(1126)   Other: 0.09ms
[4191.159s][info][gc,heap        ] GC(1126) Eden regions: 1104->0(1119)
[4191.159s][info][gc,heap        ] GC(1126) Survivor regions: 113->109(153)
[4191.159s][info][gc,heap        ] GC(1126) Old regions: 535->472
[4191.159s][info][gc,heap        ] GC(1126) Humongous regions: 80->80
[4191.159s][info][gc,metaspace   ] GC(1126) Metaspace: 28897K(29312K)->28897K(29312K) NonClass: 24029K(24256K)->24029K(24256K) Class: 4868K(5056K)->4868K(5056K)
[4191.159s][info][gc             ] GC(1126) Pause Young (Mixed) (G1 Evacuation Pause) 3661M->1318M(4096M) 135.387ms
[4191.159s][info][gc,cpu         ] GC(1126) User=0.80s Sys=0.00s Real=0.14s
..[4193.568s][info][gc,start       ] GC(1127) Pause Young (Concurrent Start) (G1 Evacuation Pause)
[4193.568s][info][gc,task        ] GC(1127) Using 6 workers of 6 for evacuation
[4193.690s][info][gc,phases      ] GC(1127)   Pre Evacuate Collection Set: 0.35ms
[4193.690s][info][gc,phases      ] GC(1127)   Merge Heap Roots: 0.49ms
[4193.690s][info][gc,phases      ] GC(1127)   Evacuate Collection Set: 119.87ms
[4193.690s][info][gc,phases      ] GC(1127)   Post Evacuate Collection Set: 0.89ms
[4193.690s][info][gc,phases      ] GC(1127)   Other: 0.10ms
[4193.690s][info][gc,heap        ] GC(1127) Eden regions: 1119->0(1116)
[4193.690s][info][gc,heap        ] GC(1127) Survivor regions: 109->112(154)
[4193.690s][info][gc,heap        ] GC(1127) Old regions: 472->504
[4193.690s][info][gc,heap        ] GC(1127) Humongous regions: 80->80
[4193.690s][info][gc,metaspace   ] GC(1127) Metaspace: 28897K(29312K)->28897K(29312K) NonClass: 24029K(24256K)->24029K(24256K) Class: 4868K(5056K)->4868K(5056K)
[4193.690s][info][gc             ] GC(1127) Pause Young (Concurrent Start) (G1 Evacuation Pause) 3556M->1389M(4096M) 121.835ms
[4193.690s][info][gc             ] GC(1128) Concurrent Mark Cycle
[4193.690s][info][gc,marking     ] GC(1128) Concurrent Scan Root Regions
[4193.690s][info][gc,cpu         ] GC(1127) User=0.73s Sys=0.00s Real=0.12s
.[4193.868s][info][gc,marking     ] GC(1128) Concurrent Scan Root Regions 177.923ms
[4193.868s][info][gc,marking     ] GC(1128) Concurrent Mark
[4193.868s][info][gc,marking     ] GC(1128) Concurrent Mark From Roots
[4193.868s][info][gc,task        ] GC(1128) Using 2 workers of 2 for marking
[4194.627s][info][gc,marking     ] GC(1128) Concurrent Mark From Roots 759.378ms
[4194.628s][info][gc,marking     ] GC(1128) Concurrent Preclean
[4194.628s][info][gc,marking     ] GC(1128) Concurrent Preclean 0.145ms
[4194.631s][info][gc,start       ] GC(1128) Pause Remark
[4194.634s][info][gc             ] GC(1128) Pause Remark 2231M->2231M(4096M) 3.602ms
[4194.634s][info][gc,cpu         ] GC(1128) User=0.02s Sys=0.00s Real=0.00s
[4194.635s][info][gc,marking     ] GC(1128) Concurrent Mark 766.893ms
[4194.635s][info][gc,marking     ] GC(1128) Concurrent Rebuild Remembered Sets and Scrub Regions
.[4194.900s][info][gc,marking     ] GC(1128) Concurrent Rebuild Remembered Sets and Scrub Regions 264.664ms
[4194.901s][info][gc,start       ] GC(1128) Pause Cleanup
[4194.901s][info][gc             ] GC(1128) Pause Cleanup 2489M->2489M(4096M) 0.133ms
[4194.901s][info][gc,cpu         ] GC(1128) User=0.00s Sys=0.00s Real=0.00s
[4194.901s][info][gc,marking     ] GC(1128) Concurrent Clear Claimed Marks
[4194.901s][info][gc,marking     ] GC(1128) Concurrent Clear Claimed Marks 0.027ms
[4194.901s][info][gc,marking     ] GC(1128) Concurrent Cleanup for Next Mark
[4194.908s][info][gc,marking     ] GC(1128) Concurrent Cleanup for Next Mark 6.513ms
[4194.908s][info][gc             ] GC(1128) Concurrent Mark Cycle 1217.620ms
.[4196.147s][info][gc,start       ] GC(1129) Pause Young (Prepare Mixed) (G1 Evacuation Pause)
[4196.147s][info][gc,task        ] GC(1129) Using 6 workers of 6 for evacuation
[4196.264s][info][gc,phases      ] GC(1129)   Pre Evacuate Collection Set: 0.34ms
[4196.264s][info][gc,phases      ] GC(1129)   Merge Heap Roots: 0.55ms
[4196.264s][info][gc,phases      ] GC(1129)   Evacuate Collection Set: 115.34ms
[4196.264s][info][gc,phases      ] GC(1129)   Post Evacuate Collection Set: 0.89ms
[4196.264s][info][gc,phases      ] GC(1129)   Other: 0.09ms
[4196.264s][info][gc,heap        ] GC(1129) Eden regions: 1116->0(1108)
[4196.264s][info][gc,heap        ] GC(1129) Survivor regions: 112->111(154)
[4196.264s][info][gc,heap        ] GC(1129) Old regions: 504->535
[4196.264s][info][gc,heap        ] GC(1129) Humongous regions: 80->80
[4196.264s][info][gc,metaspace   ] GC(1129) Metaspace: 28897K(29312K)->28897K(29312K) NonClass: 24029K(24256K)->24029K(24256K) Class: 4868K(5056K)->4868K(5056K)
[4196.264s][info][gc             ] GC(1129) Pause Young (Prepare Mixed) (G1 Evacuation Pause) 3621M->1448M(4096M) 117.319ms
[4196.264s][info][gc,cpu         ] GC(1129) User=0.70s Sys=0.00s Real=0.11s
..[4198.593s][info][gc,start       ] GC(1130) Pause Young (Mixed) (G1 Evacuation Pause)
[4198.593s][info][gc,task        ] GC(1130) Using 6 workers of 6 for evacuation
[4198.731s][info][gc,phases      ] GC(1130)   Pre Evacuate Collection Set: 0.34ms
[4198.731s][info][gc,phases      ] GC(1130)   Merge Heap Roots: 0.70ms
[4198.731s][info][gc,phases      ] GC(1130)   Evacuate Collection Set: 135.44ms
[4198.731s][info][gc,phases      ] GC(1130)   Post Evacuate Collection Set: 0.92ms
[4198.731s][info][gc,phases      ] GC(1130)   Other: 0.08ms
[4198.731s][info][gc,heap        ] GC(1130) Eden regions: 1108->0(1114)
[4198.731s][info][gc,heap        ] GC(1130) Survivor regions: 111->114(153)
[4198.731s][info][gc,heap        ] GC(1130) Old regions: 535->472
[4198.731s][info][gc,heap        ] GC(1130) Humongous regions: 80->80
[4198.731s][info][gc,metaspace   ] GC(1130) Metaspace: 28897K(29312K)->28897K(29312K) NonClass: 24029K(24256K)->24029K(24256K) Class: 4868K(5056K)->4868K(5056K)
[4198.731s][info][gc             ] GC(1130) Pause Young (Mixed) (G1 Evacuation Pause) 3664M->1328M(4096M) 137.619ms
[4198.731s][info][gc,cpu         ] GC(1130) User=0.82s Sys=0.00s Real=0.14s
...[4201.096s][info][gc,start       ] GC(1131) Pause Young (Concurrent Start) (G1 Evacuation Pause)
[4201.096s][info][gc,task        ] GC(1131) Using 6 workers of 6 for evacuation
[4201.223s][info][gc,phases      ] GC(1131)   Pre Evacuate Collection Set: 0.33ms
[4201.223s][info][gc,phases      ] GC(1131)   Merge Heap Roots: 0.47ms
[4201.223s][info][gc,phases      ] GC(1131)   Evacuate Collection Set: 125.54ms
[4201.223s][info][gc,phases      ] GC(1131)   Post Evacuate Collection Set: 0.86ms
[4201.223s][info][gc,phases      ] GC(1131)   Other: 0.11ms
[4201.223s][info][gc,heap        ] GC(1131) Eden regions: 1114->0(1113)
[4201.223s][info][gc,heap        ] GC(1131) Survivor regions: 114->115(154)
[4201.223s][info][gc,heap        ] GC(1131) Old regions: 472->505
[4201.223s][info][gc,heap        ] GC(1131) Humongous regions: 80->80
[4201.223s][info][gc,metaspace   ] GC(1131) Metaspace: 28897K(29312K)->28897K(29312K) NonClass: 24029K(24256K)->24029K(24256K) Class: 4868K(5056K)->4868K(5056K)
[4201.223s][info][gc             ] GC(1131) Pause Young (Concurrent Start) (G1 Evacuation Pause) 3556M->1398M(4096M) 127.453ms
[4201.223s][info][gc             ] GC(1132) Concurrent Mark Cycle
[4201.223s][info][gc,marking     ] GC(1132) Concurrent Scan Root Regions
[4201.223s][info][gc,cpu         ] GC(1131) User=0.76s Sys=0.00s Real=0.12s
[4201.365s][info][gc,marking     ] GC(1132) Concurrent Scan Root Regions 142.097ms
[4201.365s][info][gc,marking     ] GC(1132) Concurrent Mark
[4201.365s][info][gc,marking     ] GC(1132) Concurrent Mark From Roots
[4201.365s][info][gc,task        ] GC(1132) Using 2 workers of 2 for marking
.[4202.072s][info][gc,marking     ] GC(1132) Concurrent Mark From Roots 706.408ms
[4202.072s][info][gc,marking     ] GC(1132) Concurrent Preclean
[4202.072s][info][gc,marking     ] GC(1132) Concurrent Preclean 0.089ms
[4202.072s][info][gc,start       ] GC(1132) Pause Remark
[4202.076s][info][gc             ] GC(1132) Pause Remark 2177M->2177M(4096M) 4.453ms
[4202.076s][info][gc,cpu         ] GC(1132) User=0.02s Sys=0.00s Real=0.01s
[4202.076s][info][gc,marking     ] GC(1132) Concurrent Mark 711.225ms
[4202.076s][info][gc,marking     ] GC(1132) Concurrent Rebuild Remembered Sets and Scrub Regions
[4202.382s][info][gc,marking     ] GC(1132) Concurrent Rebuild Remembered Sets and Scrub Regions 305.263ms
[4202.382s][info][gc,start       ] GC(1132) Pause Cleanup
[4202.382s][info][gc             ] GC(1132) Pause Cleanup 2440M->2440M(4096M) 0.109ms
[4202.382s][info][gc,cpu         ] GC(1132) User=0.00s Sys=0.00s Real=0.00s
[4202.382s][info][gc,marking     ] GC(1132) Concurrent Clear Claimed Marks
[4202.382s][info][gc,marking     ] GC(1132) Concurrent Clear Claimed Marks 0.023ms
[4202.382s][info][gc,marking     ] GC(1132) Concurrent Cleanup for Next Mark
[4202.386s][info][gc,marking     ] GC(1132) Concurrent Cleanup for Next Mark 4.285ms
[4202.386s][info][gc             ] GC(1132) Concurrent Mark Cycle 1163.328ms
.[4203.666s][info][gc,start       ] GC(1133) Pause Young (Prepare Mixed) (G1 Evacuation Pause)
[4203.667s][info][gc,task        ] GC(1133) Using 6 workers of 6 for evacuation
[4203.788s][info][gc,phases      ] GC(1133)   Pre Evacuate Collection Set: 0.31ms
[4203.788s][info][gc,phases      ] GC(1133)   Merge Heap Roots: 0.51ms
[4203.788s][info][gc,phases      ] GC(1133)   Evacuate Collection Set: 119.86ms
[4203.788s][info][gc,phases      ] GC(1133)   Post Evacuate Collection Set: 0.91ms
[4203.788s][info][gc,phases      ] GC(1133)   Other: 0.08ms
[4203.788s][info][gc,heap        ] GC(1133) Eden regions: 1113->0(1100)
[4203.788s][info][gc,heap        ] GC(1133) Survivor regions: 115->114(154)
[4203.788s][info][gc,heap        ] GC(1133) Old regions: 505->537
[4203.788s][info][gc,heap        ] GC(1133) Humongous regions: 80->80
[4203.788s][info][gc,metaspace   ] GC(1133) Metaspace: 28897K(29312K)->28897K(29312K) NonClass: 24029K(24256K)->24029K(24256K) Class: 4868K(5056K)->4868K(5056K)
[4203.788s][info][gc             ] GC(1133) Pause Young (Prepare Mixed) (G1 Evacuation Pause) 3624M->1458M(4096M) 121.799ms
[4203.788s][info][gc,cpu         ] GC(1133) User=0.73s Sys=0.00s Real=0.12s
...[4206.235s][info][gc,start       ] GC(1134) Pause Young (Mixed) (G1 Evacuation Pause)
[4206.236s][info][gc,task        ] GC(1134) Using 6 workers of 6 for evacuation
[4206.371s][info][gc,phases      ] GC(1134)   Pre Evacuate Collection Set: 0.36ms
[4206.371s][info][gc,phases      ] GC(1134)   Merge Heap Roots: 0.71ms
[4206.371s][info][gc,phases      ] GC(1134)   Evacuate Collection Set: 133.91ms
[4206.371s][info][gc,phases      ] GC(1134)   Post Evacuate Collection Set: 0.87ms
[4206.372s][info][gc,phases      ] GC(1134)   Other: 0.08ms
[4206.372s][info][gc,heap        ] GC(1134) Eden regions: 1100->0(1116)
[4206.372s][info][gc,heap        ] GC(1134) Survivor regions: 114->112(152)
[4206.372s][info][gc,heap        ] GC(1134) Old regions: 537->474
[4206.372s][info][gc,heap        ] GC(1134) Humongous regions: 80->80
[4206.372s][info][gc,metaspace   ] GC(1134) Metaspace: 28897K(29312K)->28897K(29312K) NonClass: 24029K(24256K)->24029K(24256K) Class: 4868K(5056K)->4868K(5056K)
[4206.372s][info][gc             ] GC(1134) Pause Young (Mixed) (G1 Evacuation Pause) 3658M->1328M(4096M) 136.074ms
[4206.372s][info][gc,cpu         ] GC(1134) User=0.81s Sys=0.00s Real=0.13s
..[4208.747s][info][gc,start       ] GC(1135) Pause Young (Concurrent Start) (G1 Evacuation Pause)
[4208.748s][info][gc,task        ] GC(1135) Using 6 workers of 6 for evacuation
[4208.862s][info][gc,phases      ] GC(1135)   Pre Evacuate Collection Set: 0.39ms
[4208.862s][info][gc,phases      ] GC(1135)   Merge Heap Roots: 0.50ms
[4208.862s][info][gc,phases      ] GC(1135)   Evacuate Collection Set: 113.01ms
[4208.862s][info][gc,phases      ] GC(1135)   Post Evacuate Collection Set: 0.86ms
[4208.862s][info][gc,phases      ] GC(1135)   Other: 0.12ms
[4208.862s][info][gc,heap        ] GC(1135) Eden regions: 1116->0(1121)
[4208.862s][info][gc,heap        ] GC(1135) Survivor regions: 112->107(154)
[4208.862s][info][gc,heap        ] GC(1135) Old regions: 474->506
[4208.862s][info][gc,heap        ] GC(1135) Humongous regions: 80->80
[4208.862s][info][gc,metaspace   ] GC(1135) Metaspace: 28897K(29312K)->28897K(29312K) NonClass: 24029K(24256K)->24029K(24256K) Class: 4868K(5056K)->4868K(5056K)
[4208.863s][info][gc             ] GC(1135) Pause Young (Concurrent Start) (G1 Evacuation Pause) 3560M->1384M(4096M) 115.024ms
[4208.863s][info][gc             ] GC(1136) Concurrent Mark Cycle
[4208.863s][info][gc,marking     ] GC(1136) Concurrent Scan Root Regions
[4208.863s][info][gc,cpu         ] GC(1135) User=0.68s Sys=0.00s Real=0.11s
[4208.995s][info][gc,marking     ] GC(1136) Concurrent Scan Root Regions 132.740ms
[4208.995s][info][gc,marking     ] GC(1136) Concurrent Mark
[4208.995s][info][gc,marking     ] GC(1136) Concurrent Mark From Roots
[4208.995s][info][gc,task        ] GC(1136) Using 2 workers of 2 for marking
.[4209.676s][info][gc,marking     ] GC(1136) Concurrent Mark From Roots 680.364ms
[4209.676s][info][gc,marking     ] GC(1136) Concurrent Preclean
[4209.676s][info][gc,marking     ] GC(1136) Concurrent Preclean 0.120ms
[4209.677s][info][gc,start       ] GC(1136) Pause Remark
[4209.683s][info][gc             ] GC(1136) Pause Remark 2120M->2120M(4096M) 6.172ms
[4209.683s][info][gc,cpu         ] GC(1136) User=0.03s Sys=0.00s Real=0.00s
[4209.686s][info][gc,marking     ] GC(1136) Concurrent Mark 690.361ms
[4209.686s][info][gc,marking     ] GC(1136) Concurrent Rebuild Remembered Sets and Scrub Regions
[4209.969s][info][gc,marking     ] GC(1136) Concurrent Rebuild Remembered Sets and Scrub Regions 283.651ms
[4209.970s][info][gc,start       ] GC(1136) Pause Cleanup
[4209.970s][info][gc             ] GC(1136) Pause Cleanup 2419M->2419M(4096M) 0.121ms
[4209.970s][info][gc,cpu         ] GC(1136) User=0.00s Sys=0.00s Real=0.00s
[4209.970s][info][gc,marking     ] GC(1136) Concurrent Clear Claimed Marks
[4209.970s][info][gc,marking     ] GC(1136) Concurrent Clear Claimed Marks 0.030ms
[4209.970s][info][gc,marking     ] GC(1136) Concurrent Cleanup for Next Mark
[4209.975s][info][gc,marking     ] GC(1136) Concurrent Cleanup for Next Mark 4.779ms
[4209.975s][info][gc             ] GC(1136) Concurrent Mark Cycle 1112.598ms
..[4211.248s][info][gc,start       ] GC(1137) Pause Young (Prepare Mixed) (G1 Evacuation Pause)
[4211.248s][info][gc,task        ] GC(1137) Using 6 workers of 6 for evacuation
[4211.366s][info][gc,phases      ] GC(1137)   Pre Evacuate Collection Set: 0.33ms
[4211.366s][info][gc,phases      ] GC(1137)   Merge Heap Roots: 0.53ms
[4211.366s][info][gc,phases      ] GC(1137)   Evacuate Collection Set: 115.74ms
[4211.366s][info][gc,phases      ] GC(1137)   Post Evacuate Collection Set: 0.92ms
[4211.366s][info][gc,phases      ] GC(1137)   Other: 0.09ms
[4211.366s][info][gc,heap        ] GC(1137) Eden regions: 1121->0(1109)
[4211.366s][info][gc,heap        ] GC(1137) Survivor regions: 107->109(154)
[4211.366s][info][gc,heap        ] GC(1137) Old regions: 506->538
[4211.366s][info][gc,heap        ] GC(1137) Humongous regions: 80->80
[4211.366s][info][gc,metaspace   ] GC(1137) Metaspace: 28897K(29312K)->28897K(29312K) NonClass: 24029K(24256K)->24029K(24256K) Class: 4868K(5056K)->4868K(5056K)
[4211.366s][info][gc             ] GC(1137) Pause Young (Prepare Mixed) (G1 Evacuation Pause) 3626M->1450M(4096M) 117.750ms
[4211.366s][info][gc,cpu         ] GC(1137) User=0.70s Sys=0.00s Real=0.12s
..[4213.751s][info][gc,start       ] GC(1138) Pause Young (Mixed) (G1 Evacuation Pause)
[4213.751s][info][gc,task        ] GC(1138) Using 6 workers of 6 for evacuation
[4213.891s][info][gc,phases      ] GC(1138)   Pre Evacuate Collection Set: 0.37ms
[4213.891s][info][gc,phases      ] GC(1138)   Merge Heap Roots: 0.76ms
[4213.891s][info][gc,phases      ] GC(1138)   Evacuate Collection Set: 138.09ms
[4213.891s][info][gc,phases      ] GC(1138)   Post Evacuate Collection Set: 0.95ms
[4213.891s][info][gc,phases      ] GC(1138)   Other: 0.09ms
[4213.891s][info][gc,heap        ] GC(1138) Eden regions: 1109->0(1114)
[4213.891s][info][gc,heap        ] GC(1138) Survivor regions: 109->114(153)
[4213.891s][info][gc,heap        ] GC(1138) Old regions: 538->472
[4213.891s][info][gc,heap        ] GC(1138) Humongous regions: 80->80
[4213.891s][info][gc,metaspace   ] GC(1138) Metaspace: 28897K(29312K)->28897K(29312K) NonClass: 24029K(24256K)->24029K(24256K) Class: 4868K(5056K)->4868K(5056K)
[4213.891s][info][gc             ] GC(1138) Pause Young (Mixed) (G1 Evacuation Pause) 3668M->1328M(4096M) 140.382ms
[4213.892s][info][gc,cpu         ] GC(1138) User=0.84s Sys=0.00s Real=0.14s
...[4216.319s][info][gc,start       ] GC(1139) Pause Young (Concurrent Start) (G1 Evacuation Pause)
[4216.319s][info][gc,task        ] GC(1139) Using 6 workers of 6 for evacuation
[4216.438s][info][gc,phases      ] GC(1139)   Pre Evacuate Collection Set: 0.34ms
[4216.438s][info][gc,phases      ] GC(1139)   Merge Heap Roots: 0.46ms
[4216.438s][info][gc,phases      ] GC(1139)   Evacuate Collection Set: 116.89ms
[4216.438s][info][gc,phases      ] GC(1139)   Post Evacuate Collection Set: 0.94ms
[4216.438s][info][gc,phases      ] GC(1139)   Other: 0.11ms
[4216.438s][info][gc,heap        ] GC(1139) Eden regions: 1114->0(1116)
[4216.438s][info][gc,heap        ] GC(1139) Survivor regions: 114->112(154)
[4216.438s][info][gc,heap        ] GC(1139) Old regions: 472->504
[4216.438s][info][gc,heap        ] GC(1139) Humongous regions: 80->80
[4216.438s][info][gc,metaspace   ] GC(1139) Metaspace: 28897K(29312K)->28897K(29312K) NonClass: 24029K(24256K)->24029K(24256K) Class: 4868K(5056K)->4868K(5056K)
[4216.438s][info][gc             ] GC(1139) Pause Young (Concurrent Start) (G1 Evacuation Pause) 3556M->1388M(4096M) 118.866ms
[4216.438s][info][gc             ] GC(1140) Concurrent Mark Cycle
[4216.438s][info][gc,marking     ] GC(1140) Concurrent Scan Root Regions
[4216.438s][info][gc,cpu         ] GC(1139) User=0.71s Sys=0.00s Real=0.12s
[4216.623s][info][gc,marking     ] GC(1140) Concurrent Scan Root Regions 185.062ms
[4216.623s][info][gc,marking     ] GC(1140) Concurrent Mark
[4216.623s][info][gc,marking     ] GC(1140) Concurrent Mark From Roots
[4216.623s][info][gc,task        ] GC(1140) Using 2 workers of 2 for marking
.[4217.628s][info][gc,marking     ] GC(1140) Concurrent Mark From Roots 1004.128ms
[4217.628s][info][gc,marking     ] GC(1140) Concurrent Preclean
[4217.628s][info][gc,marking     ] GC(1140) Concurrent Preclean 0.118ms
[4217.630s][info][gc,start       ] GC(1140) Pause Remark
[4217.635s][info][gc             ] GC(1140) Pause Remark 2452M->2452M(4096M) 5.516ms
[4217.635s][info][gc,cpu         ] GC(1140) User=0.03s Sys=0.00s Real=0.01s
[4217.635s][info][gc,marking     ] GC(1140) Concurrent Mark 1011.995ms
[4217.635s][info][gc,marking     ] GC(1140) Concurrent Rebuild Remembered Sets and Scrub Regions
[4218.003s][info][gc,marking     ] GC(1140) Concurrent Rebuild Remembered Sets and Scrub Regions 367.611ms
[4218.003s][info][gc,start       ] GC(1140) Pause Cleanup
[4218.003s][info][gc             ] GC(1140) Pause Cleanup 2849M->2849M(4096M) 0.112ms
[4218.003s][info][gc,cpu         ] GC(1140) User=0.00s Sys=0.00s Real=0.00s
[4218.004s][info][gc,marking     ] GC(1140) Concurrent Clear Claimed Marks
[4218.004s][info][gc,marking     ] GC(1140) Concurrent Clear Claimed Marks 0.029ms
[4218.004s][info][gc,marking     ] GC(1140) Concurrent Cleanup for Next Mark
[4218.012s][info][gc,marking     ] GC(1140) Concurrent Cleanup for Next Mark 8.287ms
[4218.012s][info][gc             ] GC(1140) Concurrent Mark Cycle 1574.009ms
.[4218.849s][info][gc,start       ] GC(1141) Pause Young (Prepare Mixed) (G1 Evacuation Pause)
[4218.849s][info][gc,task        ] GC(1141) Using 6 workers of 6 for evacuation
[4218.965s][info][gc,phases      ] GC(1141)   Pre Evacuate Collection Set: 0.32ms
[4218.965s][info][gc,phases      ] GC(1141)   Merge Heap Roots: 0.51ms
[4218.965s][info][gc,phases      ] GC(1141)   Evacuate Collection Set: 113.44ms
[4218.965s][info][gc,phases      ] GC(1141)   Post Evacuate Collection Set: 0.95ms
[4218.965s][info][gc,phases      ] GC(1141)   Other: 0.09ms
[4218.965s][info][gc,heap        ] GC(1141) Eden regions: 1116->0(1113)
[4218.965s][info][gc,heap        ] GC(1141) Survivor regions: 112->108(154)
[4218.965s][info][gc,heap        ] GC(1141) Old regions: 504->536
[4218.965s][info][gc,heap        ] GC(1141) Humongous regions: 80->80
[4218.965s][info][gc,metaspace   ] GC(1141) Metaspace: 28897K(29312K)->28897K(29312K) NonClass: 24029K(24256K)->24029K(24256K) Class: 4868K(5056K)->4868K(5056K)
[4218.965s][info][gc             ] GC(1141) Pause Young (Prepare Mixed) (G1 Evacuation Pause) 3620M->1445M(4096M) 115.448ms
[4218.965s][info][gc,cpu         ] GC(1141) User=0.69s Sys=0.00s Real=0.12s
. (rIR:aIR:PR = 7472:7467:7467) (tPR = 110375) [OK] 
  4219s: Performance info:
         Transaction,    Success,    Partial,     Failed,   Receipts, AvgBarcode, 
             Overall,     455125,          0,          0,     432450,      59.48, 
         Response times:
             Request,    Success,    Partial,     Failed,   SkipFail,     Probes,    Samples,      min,      p50,      p90,      p95,      p99,      max, 
       TotalPurchase,     432436,          0,          0,          0,     361096,     448404,      300,     6200,    72000,   114000,   164000,   408000,
     InStorePurchase,     228515,          0,          0,          0,     190276,     235896,      300,     6300,    72000,   113000,   162000,   340000,
      OnlinePurchase,     158353,          0,          0,          0,     132721,     165166,      300,     6200,    72000,   115000,   166000,   408000,
        InstPurchase,      45568,          0,          0,          0,      38099,      47342,      300,     6100,    71000,   114000,   167000,   314000,
          AssocOfCat,        456,          0,          0,          0,        370,        564,    29000,    46000,   154500,   192000,   246050,   303000,
      AssocOfProduct,       4550,          0,          0,          0,       4193,       5368,      600,     7400,    80000,   121000,   188620,   231000,
      BusinessReport,       1134,          0,          0,          0,       1032,       1417,    27000,    49000,   149200,   184100,   225640,   297000,
          CustBuyBeh,       4533,          0,          0,          0,       4229,       5453,      300,     7900,    85600,   129000,   182460,   250000,
       ProductReturn,      12000,          0,          0,          0,      10373,      13101,      100,     5000,    66000,   110000,   162000,   308000,

  4219s: (55%)   IR =   7610 ..[4221.237s][info][gc,start       ] GC(1142) Pause Young (Mixed) (G1 Evacuation Pause)
[4221.237s][info][gc,task        ] GC(1142) Using 6 workers of 6 for evacuation
[4221.373s][info][gc,phases      ] GC(1142)   Pre Evacuate Collection Set: 0.35ms
[4221.373s][info][gc,phases      ] GC(1142)   Merge Heap Roots: 0.76ms
[4221.373s][info][gc,phases      ] GC(1142)   Evacuate Collection Set: 133.82ms
[4221.373s][info][gc,phases      ] GC(1142)   Post Evacuate Collection Set: 1.03ms
[4221.373s][info][gc,phases      ] GC(1142)   Other: 0.09ms
[4221.373s][info][gc,heap        ] GC(1142) Eden regions: 1113->0(1118)
[4221.373s][info][gc,heap        ] GC(1142) Survivor regions: 108->110(153)
[4221.373s][info][gc,heap        ] GC(1142) Old regions: 536->472
[4221.373s][info][gc,heap        ] GC(1142) Humongous regions: 80->80
[4221.373s][info][gc,metaspace   ] GC(1142) Metaspace: 28897K(29312K)->28897K(29312K) NonClass: 24029K(24256K)->24029K(24256K) Class: 4868K(5056K)->4868K(5056K)
[4221.373s][info][gc             ] GC(1142) Pause Young (Mixed) (G1 Evacuation Pause) 3671M->1320M(4096M) 136.225ms
[4221.373s][info][gc,cpu         ] GC(1142) User=0.81s Sys=0.00s Real=0.13s
..[4223.741s][info][gc,start       ] GC(1143) Pause Young (Concurrent Start) (G1 Evacuation Pause)
[4223.741s][info][gc,task        ] GC(1143) Using 6 workers of 6 for evacuation
[4223.858s][info][gc,phases      ] GC(1143)   Pre Evacuate Collection Set: 0.38ms
[4223.858s][info][gc,phases      ] GC(1143)   Merge Heap Roots: 0.47ms
[4223.858s][info][gc,phases      ] GC(1143)   Evacuate Collection Set: 115.58ms
[4223.858s][info][gc,phases      ] GC(1143)   Post Evacuate Collection Set: 0.89ms
[4223.858s][info][gc,phases      ] GC(1143)   Other: 0.13ms
[4223.858s][info][gc,heap        ] GC(1143) Eden regions: 1118->0(1118)
[4223.858s][info][gc,heap        ] GC(1143) Survivor regions: 110->110(154)
[4223.858s][info][gc,heap        ] GC(1143) Old regions: 472->504
[4223.858s][info][gc,heap        ] GC(1143) Humongous regions: 80->80
[4223.858s][info][gc,metaspace   ] GC(1143) Metaspace: 28897K(29312K)->28897K(29312K) NonClass: 24029K(24256K)->24029K(24256K) Class: 4868K(5056K)->4868K(5056K)
[4223.858s][info][gc             ] GC(1143) Pause Young (Concurrent Start) (G1 Evacuation Pause) 3556M->1385M(4096M) 117.582ms
[4223.858s][info][gc             ] GC(1144) Concurrent Mark Cycle
[4223.858s][info][gc,marking     ] GC(1144) Concurrent Scan Root Regions
[4223.858s][info][gc,cpu         ] GC(1143) User=0.70s Sys=0.00s Real=0.12s
[4224.037s][info][gc,marking     ] GC(1144) Concurrent Scan Root Regions 178.726ms
[4224.037s][info][gc,marking     ] GC(1144) Concurrent Mark
[4224.037s][info][gc,marking     ] GC(1144) Concurrent Mark From Roots
[4224.037s][info][gc,task        ] GC(1144) Using 2 workers of 2 for marking
.[4225.015s][info][gc,marking     ] GC(1144) Concurrent Mark From Roots 977.913ms
[4225.015s][info][gc,marking     ] GC(1144) Concurrent Preclean
[4225.015s][info][gc,marking     ] GC(1144) Concurrent Preclean 0.131ms
[4225.016s][info][gc,start       ] GC(1144) Pause Remark
[4225.022s][info][gc             ] GC(1144) Pause Remark 2489M->2489M(4096M) 5.487ms
[4225.022s][info][gc,cpu         ] GC(1144) User=0.03s Sys=0.00s Real=0.00s
[4225.022s][info][gc,marking     ] GC(1144) Concurrent Mark 985.260ms
[4225.022s][info][gc,marking     ] GC(1144) Concurrent Rebuild Remembered Sets and Scrub Regions
[4225.364s][info][gc,marking     ] GC(1144) Concurrent Rebuild Remembered Sets and Scrub Regions 342.197ms
[4225.366s][info][gc,start       ] GC(1144) Pause Cleanup
[4225.366s][info][gc             ] GC(1144) Pause Cleanup 2821M->2821M(4096M) 0.141ms
[4225.366s][info][gc,cpu         ] GC(1144) User=0.00s Sys=0.00s Real=0.00s
[4225.367s][info][gc,marking     ] GC(1144) Concurrent Clear Claimed Marks
[4225.367s][info][gc,marking     ] GC(1144) Concurrent Clear Claimed Marks 0.039ms
[4225.367s][info][gc,marking     ] GC(1144) Concurrent Cleanup for Next Mark
[4225.372s][info][gc,marking     ] GC(1144) Concurrent Cleanup for Next Mark 5.360ms
[4225.372s][info][gc             ] GC(1144) Concurrent Mark Cycle 1514.056ms
.[4226.247s][info][gc,start       ] GC(1145) Pause Young (Prepare Mixed) (G1 Evacuation Pause)
[4226.247s][info][gc,task        ] GC(1145) Using 6 workers of 6 for evacuation
[4226.366s][info][gc,phases      ] GC(1145)   Pre Evacuate Collection Set: 0.32ms
[4226.366s][info][gc,phases      ] GC(1145)   Merge Heap Roots: 0.50ms
[4226.366s][info][gc,phases      ] GC(1145)   Evacuate Collection Set: 116.73ms
[4226.366s][info][gc,phases      ] GC(1145)   Post Evacuate Collection Set: 0.91ms
[4226.366s][info][gc,phases      ] GC(1145)   Other: 0.09ms
[4226.366s][info][gc,heap        ] GC(1145) Eden regions: 1118->0(1110)
[4226.366s][info][gc,heap        ] GC(1145) Survivor regions: 110->110(154)
[4226.366s][info][gc,heap        ] GC(1145) Old regions: 504->535
[4226.366s][info][gc,heap        ] GC(1145) Humongous regions: 80->80
[4226.366s][info][gc,metaspace   ] GC(1145) Metaspace: 28897K(29312K)->28897K(29312K) NonClass: 24029K(24256K)->24029K(24256K) Class: 4868K(5056K)->4868K(5056K)
[4226.366s][info][gc             ] GC(1145) Pause Young (Prepare Mixed) (G1 Evacuation Pause) 3621M->1448M(4096M) 118.722ms
[4226.366s][info][gc,cpu         ] GC(1145) User=0.70s Sys=0.01s Real=0.12s
...[4228.653s][info][gc,start       ] GC(1146) Pause Young (Mixed) (G1 Evacuation Pause)
[4228.653s][info][gc,task        ] GC(1146) Using 6 workers of 6 for evacuation
[4228.789s][info][gc,phases      ] GC(1146)   Pre Evacuate Collection Set: 0.33ms
[4228.789s][info][gc,phases      ] GC(1146)   Merge Heap Roots: 0.76ms
[4228.789s][info][gc,phases      ] GC(1146)   Evacuate Collection Set: 133.65ms
[4228.789s][info][gc,phases      ] GC(1146)   Post Evacuate Collection Set: 0.92ms
[4228.789s][info][gc,phases      ] GC(1146)   Other: 0.08ms
[4228.789s][info][gc,heap        ] GC(1146) Eden regions: 1110->0(1116)
[4228.789s][info][gc,heap        ] GC(1146) Survivor regions: 110->112(153)
[4228.789s][info][gc,heap        ] GC(1146) Old regions: 535->472
[4228.789s][info][gc,heap        ] GC(1146) Humongous regions: 80->80
[4228.789s][info][gc,metaspace   ] GC(1146) Metaspace: 28897K(29312K)->28897K(29312K) NonClass: 24029K(24256K)->24029K(24256K) Class: 4868K(5056K)->4868K(5056K)
[4228.789s][info][gc             ] GC(1146) Pause Young (Mixed) (G1 Evacuation Pause) 3668M->1325M(4096M) 135.889ms
[4228.789s][info][gc,cpu         ] GC(1146) User=0.81s Sys=0.00s Real=0.14s
.|.[4231.126s][info][gc,start       ] GC(1147) Pause Young (Concurrent Start) (G1 Evacuation Pause)
[4231.126s][info][gc,task        ] GC(1147) Using 6 workers of 6 for evacuation
[4231.246s][info][gc,phases      ] GC(1147)   Pre Evacuate Collection Set: 0.36ms
[4231.246s][info][gc,phases      ] GC(1147)   Merge Heap Roots: 0.50ms
[4231.246s][info][gc,phases      ] GC(1147)   Evacuate Collection Set: 118.51ms
[4231.246s][info][gc,phases      ] GC(1147)   Post Evacuate Collection Set: 0.90ms
[4231.246s][info][gc,phases      ] GC(1147)   Other: 0.12ms
[4231.246s][info][gc,heap        ] GC(1147) Eden regions: 1116->0(1115)
[4231.246s][info][gc,heap        ] GC(1147) Survivor regions: 112->113(154)
[4231.246s][info][gc,heap        ] GC(1147) Old regions: 472->504
[4231.246s][info][gc,heap        ] GC(1147) Humongous regions: 80->80
[4231.246s][info][gc,metaspace   ] GC(1147) Metaspace: 28897K(29312K)->28897K(29312K) NonClass: 24029K(24256K)->24029K(24256K) Class: 4868K(5056K)->4868K(5056K)
[4231.246s][info][gc             ] GC(1147) Pause Young (Concurrent Start) (G1 Evacuation Pause) 3557M->1391M(4096M) 120.516ms
[4231.246s][info][gc             ] GC(1148) Concurrent Mark Cycle
[4231.246s][info][gc,marking     ] GC(1148) Concurrent Scan Root Regions
[4231.246s][info][gc,cpu         ] GC(1147) User=0.72s Sys=0.00s Real=0.12s
[4231.390s][info][gc,marking     ] GC(1148) Concurrent Scan Root Regions 143.475ms
[4231.390s][info][gc,marking     ] GC(1148) Concurrent Mark
[4231.390s][info][gc,marking     ] GC(1148) Concurrent Mark From Roots
[4231.390s][info][gc,task        ] GC(1148) Using 2 workers of 2 for marking
.[4232.385s][info][gc,marking     ] GC(1148) Concurrent Mark From Roots 994.969ms
[4232.415s][info][gc,marking     ] GC(1148) Concurrent Preclean
[4232.416s][info][gc,marking     ] GC(1148) Concurrent Preclean 0.137ms
[4232.417s][info][gc,start       ] GC(1148) Pause Remark
[4232.422s][info][gc             ] GC(1148) Pause Remark 2439M->2439M(4096M) 5.862ms
[4232.422s][info][gc,cpu         ] GC(1148) User=0.03s Sys=0.00s Real=0.00s
[4232.423s][info][gc,marking     ] GC(1148) Concurrent Mark 1033.768ms
[4232.423s][info][gc,marking     ] GC(1148) Concurrent Rebuild Remembered Sets and Scrub Regions
.[4232.791s][info][gc,marking     ] GC(1148) Concurrent Rebuild Remembered Sets and Scrub Regions 367.462ms
[4232.793s][info][gc,start       ] GC(1148) Pause Cleanup
[4232.793s][info][gc             ] GC(1148) Pause Cleanup 2855M->2855M(4096M) 0.127ms
[4232.793s][info][gc,cpu         ] GC(1148) User=0.00s Sys=0.00s Real=0.00s
[4232.794s][info][gc,marking     ] GC(1148) Concurrent Clear Claimed Marks
[4232.794s][info][gc,marking     ] GC(1148) Concurrent Clear Claimed Marks 0.032ms
[4232.794s][info][gc,marking     ] GC(1148) Concurrent Cleanup for Next Mark
[4232.799s][info][gc,marking     ] GC(1148) Concurrent Cleanup for Next Mark 5.000ms
[4232.799s][info][gc             ] GC(1148) Concurrent Mark Cycle 1552.576ms
.[4233.599s][info][gc,start       ] GC(1149) Pause Young (Prepare Mixed) (G1 Evacuation Pause)
[4233.599s][info][gc,task        ] GC(1149) Using 6 workers of 6 for evacuation
[4233.718s][info][gc,phases      ] GC(1149)   Pre Evacuate Collection Set: 0.31ms
[4233.718s][info][gc,phases      ] GC(1149)   Merge Heap Roots: 0.54ms
[4233.718s][info][gc,phases      ] GC(1149)   Evacuate Collection Set: 117.04ms
[4233.718s][info][gc,phases      ] GC(1149)   Post Evacuate Collection Set: 0.89ms
[4233.718s][info][gc,phases      ] GC(1149)   Other: 0.08ms
[4233.718s][info][gc,heap        ] GC(1149) Eden regions: 1115->0(1105)
[4233.718s][info][gc,heap        ] GC(1149) Survivor regions: 113->112(154)
[4233.718s][info][gc,heap        ] GC(1149) Old regions: 504->536
[4233.718s][info][gc,heap        ] GC(1149) Humongous regions: 80->80
[4233.718s][info][gc,metaspace   ] GC(1149) Metaspace: 28897K(29312K)->28897K(29312K) NonClass: 24029K(24256K)->24029K(24256K) Class: 4868K(5056K)->4868K(5056K)
[4233.718s][info][gc             ] GC(1149) Pause Young (Prepare Mixed) (G1 Evacuation Pause) 3621M->1454M(4096M) 118.988ms
[4233.718s][info][gc,cpu         ] GC(1149) User=0.71s Sys=0.00s Real=0.12s
..[4236.075s][info][gc,start       ] GC(1150) Pause Young (Mixed) (G1 Evacuation Pause)
[4236.075s][info][gc,task        ] GC(1150) Using 6 workers of 6 for evacuation
[4236.215s][info][gc,phases      ] GC(1150)   Pre Evacuate Collection Set: 0.35ms
[4236.215s][info][gc,phases      ] GC(1150)   Merge Heap Roots: 0.68ms
[4236.215s][info][gc,phases      ] GC(1150)   Evacuate Collection Set: 137.34ms
[4236.215s][info][gc,phases      ] GC(1150)   Post Evacuate Collection Set: 0.93ms
[4236.215s][info][gc,phases      ] GC(1150)   Other: 0.09ms
[4236.215s][info][gc,heap        ] GC(1150) Eden regions: 1105->0(1116)
[4236.215s][info][gc,heap        ] GC(1150) Survivor regions: 112->112(153)
[4236.215s][info][gc,heap        ] GC(1150) Old regions: 536->474
[4236.215s][info][gc,heap        ] GC(1150) Humongous regions: 80->80
[4236.215s][info][gc,metaspace   ] GC(1150) Metaspace: 28897K(29312K)->28897K(29312K) NonClass: 24029K(24256K)->24029K(24256K) Class: 4868K(5056K)->4868K(5056K)
[4236.215s][info][gc             ] GC(1150) Pause Young (Mixed) (G1 Evacuation Pause) 3664M->1329M(4096M) 139.507ms
[4236.215s][info][gc,cpu         ] GC(1150) User=0.83s Sys=0.00s Real=0.14s
...[4238.542s][info][gc,start       ] GC(1151) Pause Young (Concurrent Start) (G1 Evacuation Pause)
[4238.542s][info][gc,task        ] GC(1151) Using 6 workers of 6 for evacuation
[4238.665s][info][gc,phases      ] GC(1151)   Pre Evacuate Collection Set: 0.34ms
[4238.665s][info][gc,phases      ] GC(1151)   Merge Heap Roots: 0.44ms
[4238.665s][info][gc,phases      ] GC(1151)   Evacuate Collection Set: 121.07ms
[4238.665s][info][gc,phases      ] GC(1151)   Post Evacuate Collection Set: 0.88ms
[4238.665s][info][gc,phases      ] GC(1151)   Other: 0.11ms
[4238.665s][info][gc,heap        ] GC(1151) Eden regions: 1116->0(1115)
[4238.665s][info][gc,heap        ] GC(1151) Survivor regions: 112->113(154)
[4238.665s][info][gc,heap        ] GC(1151) Old regions: 474->506
[4238.665s][info][gc,heap        ] GC(1151) Humongous regions: 80->80
[4238.665s][info][gc,metaspace   ] GC(1151) Metaspace: 28897K(29312K)->28897K(29312K) NonClass: 24029K(24256K)->24029K(24256K) Class: 4868K(5056K)->4868K(5056K)
[4238.665s][info][gc             ] GC(1151) Pause Young (Concurrent Start) (G1 Evacuation Pause) 3561M->1395M(4096M) 122.966ms
[4238.665s][info][gc             ] GC(1152) Concurrent Mark Cycle
[4238.665s][info][gc,marking     ] GC(1152) Concurrent Scan Root Regions
[4238.665s][info][gc,cpu         ] GC(1151) User=0.73s Sys=0.00s Real=0.13s
[4238.838s][info][gc,marking     ] GC(1152) Concurrent Scan Root Regions 173.047ms
[4238.838s][info][gc,marking     ] GC(1152) Concurrent Mark
[4238.838s][info][gc,marking     ] GC(1152) Concurrent Mark From Roots
[4238.838s][info][gc,task        ] GC(1152) Using 2 workers of 2 for marking
.[4239.807s][info][gc,marking     ] GC(1152) Concurrent Mark From Roots 968.439ms
[4239.807s][info][gc,marking     ] GC(1152) Concurrent Preclean
[4239.807s][info][gc,marking     ] GC(1152) Concurrent Preclean 0.125ms
[4239.808s][info][gc,start       ] GC(1152) Pause Remark
[4239.815s][info][gc             ] GC(1152) Pause Remark 2419M->2419M(4096M) 6.886ms
[4239.815s][info][gc,cpu         ] GC(1152) User=0.04s Sys=0.00s Real=0.01s
[4239.815s][info][gc,marking     ] GC(1152) Concurrent Mark 977.184ms
[4239.815s][info][gc,marking     ] GC(1152) Concurrent Rebuild Remembered Sets and Scrub Regions
[4240.179s][info][gc,marking     ] GC(1152) Concurrent Rebuild Remembered Sets and Scrub Regions 363.303ms
[4240.180s][info][gc,start       ] GC(1152) Pause Cleanup
[4240.180s][info][gc             ] GC(1152) Pause Cleanup 2775M->2775M(4096M) 0.120ms
[4240.180s][info][gc,cpu         ] GC(1152) User=0.00s Sys=0.00s Real=0.00s
[4240.180s][info][gc,marking     ] GC(1152) Concurrent Clear Claimed Marks
[4240.180s][info][gc,marking     ] GC(1152) Concurrent Clear Claimed Marks 0.023ms
[4240.180s][info][gc,marking     ] GC(1152) Concurrent Cleanup for Next Mark
[4240.184s][info][gc,marking     ] GC(1152) Concurrent Cleanup for Next Mark 4.454ms
[4240.184s][info][gc             ] GC(1152) Concurrent Mark Cycle 1519.392ms
.[4241.066s][info][gc,start       ] GC(1153) Pause Young (Prepare Mixed) (G1 Evacuation Pause)
[4241.066s][info][gc,task        ] GC(1153) Using 6 workers of 6 for evacuation
[4241.189s][info][gc,phases      ] GC(1153)   Pre Evacuate Collection Set: 0.30ms
[4241.189s][info][gc,phases      ] GC(1153)   Merge Heap Roots: 0.52ms
[4241.189s][info][gc,phases      ] GC(1153)   Evacuate Collection Set: 121.75ms
[4241.189s][info][gc,phases      ] GC(1153)   Post Evacuate Collection Set: 0.92ms
[4241.189s][info][gc,phases      ] GC(1153)   Other: 0.09ms
[4241.189s][info][gc,heap        ] GC(1153) Eden regions: 1115->0(1097)
[4241.189s][info][gc,heap        ] GC(1153) Survivor regions: 113->115(154)
[4241.189s][info][gc,heap        ] GC(1153) Old regions: 506->538
[4241.189s][info][gc,heap        ] GC(1153) Humongous regions: 80->80
[4241.189s][info][gc,metaspace   ] GC(1153) Metaspace: 28897K(29312K)->28897K(29312K) NonClass: 24029K(24256K)->24029K(24256K) Class: 4868K(5056K)->4868K(5056K)
[4241.189s][info][gc             ] GC(1153) Pause Young (Prepare Mixed) (G1 Evacuation Pause) 3625M->1463M(4096M) 123.715ms
[4241.189s][info][gc,cpu         ] GC(1153) User=0.74s Sys=0.00s Real=0.12s
..[4243.445s][info][gc,start       ] GC(1154) Pause Young (Mixed) (G1 Evacuation Pause)
[4243.445s][info][gc,task        ] GC(1154) Using 6 workers of 6 for evacuation
[4243.585s][info][gc,phases      ] GC(1154)   Pre Evacuate Collection Set: 0.38ms
[4243.585s][info][gc,phases      ] GC(1154)   Merge Heap Roots: 0.73ms
[4243.585s][info][gc,phases      ] GC(1154)   Evacuate Collection Set: 138.00ms
[4243.585s][info][gc,phases      ] GC(1154)   Post Evacuate Collection Set: 0.93ms
[4243.585s][info][gc,phases      ] GC(1154)   Other: 0.09ms
[4243.585s][info][gc,heap        ] GC(1154) Eden regions: 1097->0(1115)
[4243.585s][info][gc,heap        ] GC(1154) Survivor regions: 115->113(152)
[4243.585s][info][gc,heap        ] GC(1154) Old regions: 538->473
[4243.585s][info][gc,heap        ] GC(1154) Humongous regions: 80->80
[4243.585s][info][gc,metaspace   ] GC(1154) Metaspace: 28897K(29312K)->28897K(29312K) NonClass: 24029K(24256K)->24029K(24256K) Class: 4868K(5056K)->4868K(5056K)
[4243.585s][info][gc             ] GC(1154) Pause Young (Mixed) (G1 Evacuation Pause) 3657M->1330M(4096M) 140.281ms
[4243.585s][info][gc,cpu         ] GC(1154) User=0.83s Sys=0.00s Real=0.14s
...[4245.981s][info][gc,start       ] GC(1155) Pause Young (Concurrent Start) (G1 Evacuation Pause)
[4245.981s][info][gc,task        ] GC(1155) Using 6 workers of 6 for evacuation
[4246.098s][info][gc,phases      ] GC(1155)   Pre Evacuate Collection Set: 0.35ms
[4246.098s][info][gc,phases      ] GC(1155)   Merge Heap Roots: 0.54ms
[4246.098s][info][gc,phases      ] GC(1155)   Evacuate Collection Set: 114.91ms
[4246.098s][info][gc,phases      ] GC(1155)   Post Evacuate Collection Set: 0.90ms
[4246.098s][info][gc,phases      ] GC(1155)   Other: 0.11ms
[4246.098s][info][gc,heap        ] GC(1155) Eden regions: 1115->0(1120)
[4246.098s][info][gc,heap        ] GC(1155) Survivor regions: 113->108(154)
[4246.098s][info][gc,heap        ] GC(1155) Old regions: 473->505
[4246.098s][info][gc,heap        ] GC(1155) Humongous regions: 80->80
[4246.098s][info][gc,metaspace   ] GC(1155) Metaspace: 28897K(29312K)->28897K(29312K) NonClass: 24029K(24256K)->24029K(24256K) Class: 4868K(5056K)->4868K(5056K)
[4246.098s][info][gc             ] GC(1155) Pause Young (Concurrent Start) (G1 Evacuation Pause) 3560M->1384M(4096M) 116.959ms
[4246.098s][info][gc             ] GC(1156) Concurrent Mark Cycle
[4246.098s][info][gc,marking     ] GC(1156) Concurrent Scan Root Regions
[4246.098s][info][gc,cpu         ] GC(1155) User=0.70s Sys=0.00s Real=0.12s
[4246.264s][info][gc,marking     ] GC(1156) Concurrent Scan Root Regions 166.489ms
[4246.264s][info][gc,marking     ] GC(1156) Concurrent Mark
[4246.264s][info][gc,marking     ] GC(1156) Concurrent Mark From Roots
[4246.264s][info][gc,task        ] GC(1156) Using 2 workers of 2 for marking
.[4246.993s][info][gc,marking     ] GC(1156) Concurrent Mark From Roots 728.340ms
[4246.993s][info][gc,marking     ] GC(1156) Concurrent Preclean
[4246.993s][info][gc,marking     ] GC(1156) Concurrent Preclean 0.113ms
[4246.994s][info][gc,start       ] GC(1156) Pause Remark
[4246.999s][info][gc             ] GC(1156) Pause Remark 2132M->2132M(4096M) 4.732ms
[4246.999s][info][gc,cpu         ] GC(1156) User=0.03s Sys=0.00s Real=0.01s
[4247.000s][info][gc,marking     ] GC(1156) Concurrent Mark 735.283ms
[4247.000s][info][gc,marking     ] GC(1156) Concurrent Rebuild Remembered Sets and Scrub Regions
[4247.213s][info][gc,marking     ] GC(1156) Concurrent Rebuild Remembered Sets and Scrub Regions 213.231ms
[4247.214s][info][gc,start       ] GC(1156) Pause Cleanup
[4247.214s][info][gc             ] GC(1156) Pause Cleanup 2296M->2296M(4096M) 0.119ms
[4247.214s][info][gc,cpu         ] GC(1156) User=0.01s Sys=0.00s Real=0.00s
[4247.215s][info][gc,marking     ] GC(1156) Concurrent Clear Claimed Marks
[4247.215s][info][gc,marking     ] GC(1156) Concurrent Clear Claimed Marks 0.038ms
[4247.215s][info][gc,marking     ] GC(1156) Concurrent Cleanup for Next Mark
[4247.263s][info][gc,marking     ] GC(1156) Concurrent Cleanup for Next Mark 48.131ms
[4247.263s][info][gc             ] GC(1156) Concurrent Mark Cycle 1164.903ms
.[4248.412s][info][gc,start       ] GC(1157) Pause Young (Prepare Mixed) (G1 Evacuation Pause)
[4248.412s][info][gc,task        ] GC(1157) Using 6 workers of 6 for evacuation
[4248.530s][info][gc,phases      ] GC(1157)   Pre Evacuate Collection Set: 0.34ms
[4248.530s][info][gc,phases      ] GC(1157)   Merge Heap Roots: 0.53ms
[4248.530s][info][gc,phases      ] GC(1157)   Evacuate Collection Set: 115.71ms
[4248.530s][info][gc,phases      ] GC(1157)   Post Evacuate Collection Set: 0.93ms
[4248.530s][info][gc,phases      ] GC(1157)   Other: 0.09ms
[4248.530s][info][gc,heap        ] GC(1157) Eden regions: 1120->0(1109)
[4248.530s][info][gc,heap        ] GC(1157) Survivor regions: 108->110(154)
[4248.530s][info][gc,heap        ] GC(1157) Old regions: 505->536
[4248.530s][info][gc,heap        ] GC(1157) Humongous regions: 80->80
[4248.530s][info][gc,metaspace   ] GC(1157) Metaspace: 28897K(29312K)->28897K(29312K) NonClass: 24029K(24256K)->24029K(24256K) Class: 4868K(5056K)->4868K(5056K)
[4248.530s][info][gc             ] GC(1157) Pause Young (Prepare Mixed) (G1 Evacuation Pause) 3624M->1450M(4096M) 117.741ms
[4248.530s][info][gc,cpu         ] GC(1157) User=0.70s Sys=0.00s Real=0.12s
...[4250.897s][info][gc,start       ] GC(1158) Pause Young (Mixed) (G1 Evacuation Pause)
[4250.897s][info][gc,task        ] GC(1158) Using 6 workers of 6 for evacuation
[4251.039s][info][gc,phases      ] GC(1158)   Pre Evacuate Collection Set: 0.36ms
[4251.039s][info][gc,phases      ] GC(1158)   Merge Heap Roots: 0.71ms
[4251.039s][info][gc,phases      ] GC(1158)   Evacuate Collection Set: 140.05ms
[4251.039s][info][gc,phases      ] GC(1158)   Post Evacuate Collection Set: 0.94ms
[4251.039s][info][gc,phases      ] GC(1158)   Other: 0.08ms
[4251.039s][info][gc,heap        ] GC(1158) Eden regions: 1109->0(1113)
[4251.039s][info][gc,heap        ] GC(1158) Survivor regions: 110->115(153)
[4251.039s][info][gc,heap        ] GC(1158) Old regions: 536->471
[4251.039s][info][gc,heap        ] GC(1158) Humongous regions: 80->80
[4251.039s][info][gc,metaspace   ] GC(1158) Metaspace: 28897K(29312K)->28897K(29312K) NonClass: 24029K(24256K)->24029K(24256K) Class: 4868K(5056K)->4868K(5056K)
[4251.039s][info][gc             ] GC(1158) Pause Young (Mixed) (G1 Evacuation Pause) 3668M->1330M(4096M) 142.275ms
[4251.039s][info][gc,cpu         ] GC(1158) User=0.85s Sys=0.00s Real=0.14s
..[4253.384s][info][gc,start       ] GC(1159) Pause Young (Concurrent Start) (G1 Evacuation Pause)
[4253.384s][info][gc,task        ] GC(1159) Using 6 workers of 6 for evacuation
[4253.501s][info][gc,phases      ] GC(1159)   Pre Evacuate Collection Set: 0.36ms
[4253.501s][info][gc,phases      ] GC(1159)   Merge Heap Roots: 0.48ms
[4253.501s][info][gc,phases      ] GC(1159)   Evacuate Collection Set: 115.50ms
[4253.501s][info][gc,phases      ] GC(1159)   Post Evacuate Collection Set: 0.85ms
[4253.501s][info][gc,phases      ] GC(1159)   Other: 0.11ms
[4253.501s][info][gc,heap        ] GC(1159) Eden regions: 1113->0(1117)
[4253.501s][info][gc,heap        ] GC(1159) Survivor regions: 115->111(154)
[4253.501s][info][gc,heap        ] GC(1159) Old regions: 471->503
[4253.501s][info][gc,heap        ] GC(1159) Humongous regions: 80->80
[4253.501s][info][gc,metaspace   ] GC(1159) Metaspace: 28897K(29312K)->28897K(29312K) NonClass: 24029K(24256K)->24029K(24256K) Class: 4868K(5056K)->4868K(5056K)
[4253.501s][info][gc             ] GC(1159) Pause Young (Concurrent Start) (G1 Evacuation Pause) 3556M->1384M(4096M) 117.428ms
[4253.501s][info][gc             ] GC(1160) Concurrent Mark Cycle
[4253.501s][info][gc,marking     ] GC(1160) Concurrent Scan Root Regions
[4253.501s][info][gc,cpu         ] GC(1159) User=0.70s Sys=0.00s Real=0.12s
[4253.642s][info][gc,marking     ] GC(1160) Concurrent Scan Root Regions 141.441ms
[4253.642s][info][gc,marking     ] GC(1160) Concurrent Mark
[4253.643s][info][gc,marking     ] GC(1160) Concurrent Mark From Roots
[4253.643s][info][gc,task        ] GC(1160) Using 2 workers of 2 for marking
.[4254.439s][info][gc,marking     ] GC(1160) Concurrent Mark From Roots 796.278ms
[4254.439s][info][gc,marking     ] GC(1160) Concurrent Preclean
[4254.439s][info][gc,marking     ] GC(1160) Concurrent Preclean 0.107ms
[4254.440s][info][gc,start       ] GC(1160) Pause Remark
[4254.444s][info][gc             ] GC(1160) Pause Remark 2240M->2240M(4096M) 4.134ms
[4254.444s][info][gc,cpu         ] GC(1160) User=0.02s Sys=0.00s Real=0.00s
[4254.444s][info][gc,marking     ] GC(1160) Concurrent Mark 801.768ms
[4254.444s][info][gc,marking     ] GC(1160) Concurrent Rebuild Remembered Sets and Scrub Regions
.[4254.809s][info][gc,marking     ] GC(1160) Concurrent Rebuild Remembered Sets and Scrub Regions 365.044ms
[4254.810s][info][gc,start       ] GC(1160) Pause Cleanup
[4254.810s][info][gc             ] GC(1160) Pause Cleanup 2602M->2602M(4096M) 0.130ms
[4254.811s][info][gc,cpu         ] GC(1160) User=0.00s Sys=0.00s Real=0.00s
[4254.811s][info][gc,marking     ] GC(1160) Concurrent Clear Claimed Marks
[4254.811s][info][gc,marking     ] GC(1160) Concurrent Clear Claimed Marks 0.023ms
[4254.811s][info][gc,marking     ] GC(1160) Concurrent Cleanup for Next Mark
[4254.816s][info][gc,marking     ] GC(1160) Concurrent Cleanup for Next Mark 5.635ms
[4254.816s][info][gc             ] GC(1160) Concurrent Mark Cycle 1315.311ms
.[4255.863s][info][gc,start       ] GC(1161) Pause Young (Prepare Mixed) (G1 Evacuation Pause)
[4255.863s][info][gc,task        ] GC(1161) Using 6 workers of 6 for evacuation
[4255.982s][info][gc,phases      ] GC(1161)   Pre Evacuate Collection Set: 0.34ms
[4255.982s][info][gc,phases      ] GC(1161)   Merge Heap Roots: 0.56ms
[4255.982s][info][gc,phases      ] GC(1161)   Evacuate Collection Set: 116.45ms
[4255.982s][info][gc,phases      ] GC(1161)   Post Evacuate Collection Set: 0.91ms
[4255.982s][info][gc,phases      ] GC(1161)   Other: 0.09ms
[4255.982s][info][gc,heap        ] GC(1161) Eden regions: 1117->0(1110)
[4255.982s][info][gc,heap        ] GC(1161) Survivor regions: 111->110(154)
[4255.982s][info][gc,heap        ] GC(1161) Old regions: 503->535
[4255.982s][info][gc,heap        ] GC(1161) Humongous regions: 80->80
[4255.982s][info][gc,metaspace   ] GC(1161) Metaspace: 28897K(29312K)->28897K(29312K) NonClass: 24029K(24256K)->24029K(24256K) Class: 4868K(5056K)->4868K(5056K)
[4255.982s][info][gc             ] GC(1161) Pause Young (Prepare Mixed) (G1 Evacuation Pause) 3618M->1448M(4096M) 118.484ms
[4255.982s][info][gc,cpu         ] GC(1161) User=0.70s Sys=0.00s Real=0.12s
..[4258.377s][info][gc,start       ] GC(1162) Pause Young (Mixed) (G1 Evacuation Pause)
[4258.377s][info][gc,task        ] GC(1162) Using 6 workers of 6 for evacuation
[4258.514s][info][gc,phases      ] GC(1162)   Pre Evacuate Collection Set: 0.36ms
[4258.514s][info][gc,phases      ] GC(1162)   Merge Heap Roots: 0.74ms
[4258.514s][info][gc,phases      ] GC(1162)   Evacuate Collection Set: 134.18ms
[4258.514s][info][gc,phases      ] GC(1162)   Post Evacuate Collection Set: 1.00ms
[4258.514s][info][gc,phases      ] GC(1162)   Other: 0.09ms
[4258.514s][info][gc,heap        ] GC(1162) Eden regions: 1110->0(1115)
[4258.514s][info][gc,heap        ] GC(1162) Survivor regions: 110->113(153)
[4258.514s][info][gc,heap        ] GC(1162) Old regions: 535->472
[4258.514s][info][gc,heap        ] GC(1162) Humongous regions: 80->80
[4258.514s][info][gc,metaspace   ] GC(1162) Metaspace: 28897K(29312K)->28897K(29312K) NonClass: 24029K(24256K)->24029K(24256K) Class: 4868K(5056K)->4868K(5056K)
[4258.514s][info][gc             ] GC(1162) Pause Young (Mixed) (G1 Evacuation Pause) 3668M->1327M(4096M) 136.494ms
[4258.514s][info][gc,cpu         ] GC(1162) User=0.81s Sys=0.01s Real=0.13s
...[4260.804s][info][gc,start       ] GC(1163) Pause Young (Concurrent Start) (G1 Evacuation Pause)
[4260.804s][info][gc,task        ] GC(1163) Using 6 workers of 6 for evacuation
[4260.919s][info][gc,phases      ] GC(1163)   Pre Evacuate Collection Set: 0.40ms
[4260.919s][info][gc,phases      ] GC(1163)   Merge Heap Roots: 0.45ms
[4260.919s][info][gc,phases      ] GC(1163)   Evacuate Collection Set: 113.48ms
[4260.919s][info][gc,phases      ] GC(1163)   Post Evacuate Collection Set: 0.88ms
[4260.919s][info][gc,phases      ] GC(1163)   Other: 0.10ms
[4260.919s][info][gc,heap        ] GC(1163) Eden regions: 1115->0(1120)
[4260.919s][info][gc,heap        ] GC(1163) Survivor regions: 113->108(154)
[4260.919s][info][gc,heap        ] GC(1163) Old regions: 472->504
[4260.919s][info][gc,heap        ] GC(1163) Humongous regions: 80->80
[4260.919s][info][gc,metaspace   ] GC(1163) Metaspace: 28897K(29312K)->28897K(29312K) NonClass: 24029K(24256K)->24029K(24256K) Class: 4868K(5056K)->4868K(5056K)
[4260.919s][info][gc             ] GC(1163) Pause Young (Concurrent Start) (G1 Evacuation Pause) 3557M->1381M(4096M) 115.432ms
[4260.919s][info][gc             ] GC(1164) Concurrent Mark Cycle
[4260.919s][info][gc,marking     ] GC(1164) Concurrent Scan Root Regions
[4260.919s][info][gc,cpu         ] GC(1163) User=0.69s Sys=0.00s Real=0.12s
[4261.134s][info][gc,marking     ] GC(1164) Concurrent Scan Root Regions 215.035ms
[4261.134s][info][gc,marking     ] GC(1164) Concurrent Mark
[4261.134s][info][gc,marking     ] GC(1164) Concurrent Mark From Roots
[4261.134s][info][gc,task        ] GC(1164) Using 2 workers of 2 for marking
.[4262.120s][info][gc,marking     ] GC(1164) Concurrent Mark From Roots 986.123ms
[4262.120s][info][gc,marking     ] GC(1164) Concurrent Preclean
[4262.121s][info][gc,marking     ] GC(1164) Concurrent Preclean 0.107ms
[4262.124s][info][gc,start       ] GC(1164) Pause Remark
[4262.131s][info][gc             ] GC(1164) Pause Remark 2477M->2477M(4096M) 7.259ms
[4262.131s][info][gc,cpu         ] GC(1164) User=0.04s Sys=0.00s Real=0.01s
[4262.131s][info][gc,marking     ] GC(1164) Concurrent Mark 996.990ms
[4262.131s][info][gc,marking     ] GC(1164) Concurrent Rebuild Remembered Sets and Scrub Regions
[4262.431s][info][gc,marking     ] GC(1164) Concurrent Rebuild Remembered Sets and Scrub Regions 299.345ms
[4262.431s][info][gc,start       ] GC(1164) Pause Cleanup
[4262.431s][info][gc             ] GC(1164) Pause Cleanup 2749M->2749M(4096M) 0.127ms
[4262.431s][info][gc,cpu         ] GC(1164) User=0.00s Sys=0.00s Real=0.00s
[4262.432s][info][gc,marking     ] GC(1164) Concurrent Clear Claimed Marks
[4262.432s][info][gc,marking     ] GC(1164) Concurrent Clear Claimed Marks 0.034ms
[4262.432s][info][gc,marking     ] GC(1164) Concurrent Cleanup for Next Mark
[4262.446s][info][gc,marking     ] GC(1164) Concurrent Cleanup for Next Mark 13.229ms
[4262.446s][info][gc             ] GC(1164) Concurrent Mark Cycle 1526.420ms
.[4263.332s][info][gc,start       ] GC(1165) Pause Young (Prepare Mixed) (G1 Evacuation Pause)
[4263.333s][info][gc,task        ] GC(1165) Using 6 workers of 6 for evacuation
[4263.456s][info][gc,phases      ] GC(1165)   Pre Evacuate Collection Set: 0.32ms
[4263.456s][info][gc,phases      ] GC(1165)   Merge Heap Roots: 0.51ms
[4263.456s][info][gc,phases      ] GC(1165)   Evacuate Collection Set: 121.54ms
[4263.456s][info][gc,phases      ] GC(1165)   Post Evacuate Collection Set: 0.93ms
[4263.456s][info][gc,phases      ] GC(1165)   Other: 0.09ms
[4263.456s][info][gc,heap        ] GC(1165) Eden regions: 1120->0(1099)
[4263.456s][info][gc,heap        ] GC(1165) Survivor regions: 108->115(154)
[4263.456s][info][gc,heap        ] GC(1165) Old regions: 504->536
[4263.456s][info][gc,heap        ] GC(1165) Humongous regions: 80->80
[4263.456s][info][gc,metaspace   ] GC(1165) Metaspace: 28897K(29312K)->28897K(29312K) NonClass: 24029K(24256K)->24029K(24256K) Class: 4868K(5056K)->4868K(5056K)
[4263.456s][info][gc             ] GC(1165) Pause Young (Prepare Mixed) (G1 Evacuation Pause) 3621M->1460M(4096M) 123.518ms
[4263.456s][info][gc,cpu         ] GC(1165) User=0.73s Sys=0.00s Real=0.13s
..[4265.722s][info][gc,start       ] GC(1166) Pause Young (Mixed) (G1 Evacuation Pause)
[4265.722s][info][gc,task        ] GC(1166) Using 6 workers of 6 for evacuation
[4265.861s][info][gc,phases      ] GC(1166)   Pre Evacuate Collection Set: 0.35ms
[4265.861s][info][gc,phases      ] GC(1166)   Merge Heap Roots: 0.85ms
[4265.861s][info][gc,phases      ] GC(1166)   Evacuate Collection Set: 136.13ms
[4265.861s][info][gc,phases      ] GC(1166)   Post Evacuate Collection Set: 0.98ms
[4265.861s][info][gc,phases      ] GC(1166)   Other: 0.09ms
[4265.861s][info][gc,heap        ] GC(1166) Eden regions: 1099->0(1118)
[4265.861s][info][gc,heap        ] GC(1166) Survivor regions: 115->110(152)
[4265.861s][info][gc,heap        ] GC(1166) Old regions: 536->473
[4265.861s][info][gc,heap        ] GC(1166) Humongous regions: 80->80
[4265.861s][info][gc,metaspace   ] GC(1166) Metaspace: 28897K(29312K)->28897K(29312K) NonClass: 24029K(24256K)->24029K(24256K) Class: 4868K(5056K)->4868K(5056K)
[4265.861s][info][gc             ] GC(1166) Pause Young (Mixed) (G1 Evacuation Pause) 3658M->1323M(4096M) 138.561ms
[4265.861s][info][gc,cpu         ] GC(1166) User=0.82s Sys=0.00s Real=0.14s
...[4268.183s][info][gc,start       ] GC(1167) Pause Young (Concurrent Start) (G1 Evacuation Pause)
[4268.183s][info][gc,task        ] GC(1167) Using 6 workers of 6 for evacuation
[4268.300s][info][gc,phases      ] GC(1167)   Pre Evacuate Collection Set: 0.39ms
[4268.300s][info][gc,phases      ] GC(1167)   Merge Heap Roots: 0.47ms
[4268.300s][info][gc,phases      ] GC(1167)   Evacuate Collection Set: 114.73ms
[4268.300s][info][gc,phases      ] GC(1167)   Post Evacuate Collection Set: 0.85ms
[4268.300s][info][gc,phases      ] GC(1167)   Other: 0.13ms
[4268.300s][info][gc,heap        ] GC(1167) Eden regions: 1118->0(1119)
[4268.300s][info][gc,heap        ] GC(1167) Survivor regions: 110->109(154)
[4268.300s][info][gc,heap        ] GC(1167) Old regions: 473->506
[4268.300s][info][gc,heap        ] GC(1167) Humongous regions: 80->80
[4268.300s][info][gc,metaspace   ] GC(1167) Metaspace: 28897K(29312K)->28897K(29312K) NonClass: 24029K(24256K)->24029K(24256K) Class: 4868K(5056K)->4868K(5056K)
[4268.300s][info][gc             ] GC(1167) Pause Young (Concurrent Start) (G1 Evacuation Pause) 3559M->1387M(4096M) 116.686ms
[4268.300s][info][gc             ] GC(1168) Concurrent Mark Cycle
[4268.300s][info][gc,marking     ] GC(1168) Concurrent Scan Root Regions
[4268.300s][info][gc,cpu         ] GC(1167) User=0.70s Sys=0.00s Real=0.12s
[4268.449s][info][gc,marking     ] GC(1168) Concurrent Scan Root Regions 148.416ms
[4268.449s][info][gc,marking     ] GC(1168) Concurrent Mark
[4268.449s][info][gc,marking     ] GC(1168) Concurrent Mark From Roots
[4268.449s][info][gc,task        ] GC(1168) Using 2 workers of 2 for marking
.[4269.133s][info][gc,marking     ] GC(1168) Concurrent Mark From Roots 684.056ms
[4269.133s][info][gc,marking     ] GC(1168) Concurrent Preclean
[4269.133s][info][gc,marking     ] GC(1168) Concurrent Preclean 0.111ms
[4269.135s][info][gc,start       ] GC(1168) Pause Remark
[4269.140s][info][gc             ] GC(1168) Pause Remark 2077M->2077M(4096M) 5.050ms
[4269.140s][info][gc,cpu         ] GC(1168) User=0.03s Sys=0.00s Real=0.00s
[4269.140s][info][gc,marking     ] GC(1168) Concurrent Mark 691.464ms
[4269.140s][info][gc,marking     ] GC(1168) Concurrent Rebuild Remembered Sets and Scrub Regions
[4269.460s][info][gc,marking     ] GC(1168) Concurrent Rebuild Remembered Sets and Scrub Regions 320.028ms
[4269.460s][info][gc,start       ] GC(1168) Pause Cleanup
[4269.461s][info][gc             ] GC(1168) Pause Cleanup 2339M->2339M(4096M) 0.126ms
[4269.461s][info][gc,cpu         ] GC(1168) User=0.00s Sys=0.00s Real=0.00s
[4269.461s][info][gc,marking     ] GC(1168) Concurrent Clear Claimed Marks
[4269.461s][info][gc,marking     ] GC(1168) Concurrent Clear Claimed Marks 0.038ms
[4269.461s][info][gc,marking     ] GC(1168) Concurrent Cleanup for Next Mark
[4269.466s][info][gc,marking     ] GC(1168) Concurrent Cleanup for Next Mark 5.150ms
[4269.466s][info][gc             ] GC(1168) Concurrent Mark Cycle 1166.131ms
.[4270.709s][info][gc,start       ] GC(1169) Pause Young (Prepare Mixed) (G1 Evacuation Pause)
[4270.709s][info][gc,task        ] GC(1169) Using 6 workers of 6 for evacuation
[4270.823s][info][gc,phases      ] GC(1169)   Pre Evacuate Collection Set: 0.34ms
[4270.823s][info][gc,phases      ] GC(1169)   Merge Heap Roots: 0.56ms
[4270.823s][info][gc,phases      ] GC(1169)   Evacuate Collection Set: 112.21ms
[4270.823s][info][gc,phases      ] GC(1169)   Post Evacuate Collection Set: 0.95ms
[4270.823s][info][gc,phases      ] GC(1169)   Other: 0.08ms
[4270.823s][info][gc,heap        ] GC(1169) Eden regions: 1119->0(1112)
[4270.823s][info][gc,heap        ] GC(1169) Survivor regions: 109->108(154)
[4270.823s][info][gc,heap        ] GC(1169) Old regions: 506->537
[4270.823s][info][gc,heap        ] GC(1169) Humongous regions: 80->80
[4270.823s][info][gc,metaspace   ] GC(1169) Metaspace: 28897K(29312K)->28897K(29312K) NonClass: 24029K(24256K)->24029K(24256K) Class: 4868K(5056K)->4868K(5056K)
[4270.823s][info][gc             ] GC(1169) Pause Young (Prepare Mixed) (G1 Evacuation Pause) 3625M->1446M(4096M) 114.301ms
[4270.823s][info][gc,cpu         ] GC(1169) User=0.68s Sys=0.00s Real=0.11s
...[4273.196s][info][gc,start       ] GC(1170) Pause Young (Mixed) (G1 Evacuation Pause)
[4273.196s][info][gc,task        ] GC(1170) Using 6 workers of 6 for evacuation
[4273.327s][info][gc,phases      ] GC(1170)   Pre Evacuate Collection Set: 0.34ms
[4273.327s][info][gc,phases      ] GC(1170)   Merge Heap Roots: 0.64ms
[4273.327s][info][gc,phases      ] GC(1170)   Evacuate Collection Set: 128.62ms
[4273.327s][info][gc,phases      ] GC(1170)   Post Evacuate Collection Set: 0.95ms
[4273.327s][info][gc,phases      ] GC(1170)   Other: 0.09ms
[4273.327s][info][gc,heap        ] GC(1170) Eden regions: 1112->0(1119)
[4273.327s][info][gc,heap        ] GC(1170) Survivor regions: 108->109(153)
[4273.327s][info][gc,heap        ] GC(1170) Old regions: 537->472
[4273.327s][info][gc,heap        ] GC(1170) Humongous regions: 80->80
[4273.327s][info][gc,metaspace   ] GC(1170) Metaspace: 28897K(29312K)->28897K(29312K) NonClass: 24029K(24256K)->24029K(24256K) Class: 4868K(5056K)->4868K(5056K)
[4273.327s][info][gc             ] GC(1170) Pause Young (Mixed) (G1 Evacuation Pause) 3670M->1319M(4096M) 130.793ms
[4273.327s][info][gc,cpu         ] GC(1170) User=0.78s Sys=0.00s Real=0.13s
..[4275.645s][info][gc,start       ] GC(1171) Pause Young (Concurrent Start) (G1 Evacuation Pause)
[4275.645s][info][gc,task        ] GC(1171) Using 6 workers of 6 for evacuation
[4275.766s][info][gc,phases      ] GC(1171)   Pre Evacuate Collection Set: 0.37ms
[4275.766s][info][gc,phases      ] GC(1171)   Merge Heap Roots: 0.47ms
[4275.766s][info][gc,phases      ] GC(1171)   Evacuate Collection Set: 118.82ms
[4275.766s][info][gc,phases      ] GC(1171)   Post Evacuate Collection Set: 0.85ms
[4275.766s][info][gc,phases      ] GC(1171)   Other: 0.10ms
[4275.766s][info][gc,heap        ] GC(1171) Eden regions: 1119->0(1115)
[4275.766s][info][gc,heap        ] GC(1171) Survivor regions: 109->113(154)
[4275.766s][info][gc,heap        ] GC(1171) Old regions: 472->503
[4275.766s][info][gc,heap        ] GC(1171) Humongous regions: 80->80
[4275.766s][info][gc,metaspace   ] GC(1171) Metaspace: 28897K(29312K)->28897K(29312K) NonClass: 24029K(24256K)->24029K(24256K) Class: 4868K(5056K)->4868K(5056K)
[4275.766s][info][gc             ] GC(1171) Pause Young (Concurrent Start) (G1 Evacuation Pause) 3557M->1389M(4096M) 120.737ms
[4275.766s][info][gc             ] GC(1172) Concurrent Mark Cycle
[4275.766s][info][gc,marking     ] GC(1172) Concurrent Scan Root Regions
[4275.766s][info][gc,cpu         ] GC(1171) User=0.72s Sys=0.00s Real=0.12s
[4275.902s][info][gc,marking     ] GC(1172) Concurrent Scan Root Regions 136.024ms
[4275.902s][info][gc,marking     ] GC(1172) Concurrent Mark
[4275.902s][info][gc,marking     ] GC(1172) Concurrent Mark From Roots
[4275.902s][info][gc,task        ] GC(1172) Using 2 workers of 2 for marking
.[4276.451s][info][gc,marking     ] GC(1172) Concurrent Mark From Roots 548.730ms
[4276.451s][info][gc,marking     ] GC(1172) Concurrent Preclean
[4276.451s][info][gc,marking     ] GC(1172) Concurrent Preclean 0.089ms
[4276.452s][info][gc,start       ] GC(1172) Pause Remark
[4276.456s][info][gc             ] GC(1172) Pause Remark 1929M->1929M(4096M) 4.036ms
[4276.456s][info][gc,cpu         ] GC(1172) User=0.02s Sys=0.00s Real=0.01s
[4276.456s][info][gc,marking     ] GC(1172) Concurrent Mark 553.899ms
[4276.456s][info][gc,marking     ] GC(1172) Concurrent Rebuild Remembered Sets and Scrub Regions
[4276.725s][info][gc,marking     ] GC(1172) Concurrent Rebuild Remembered Sets and Scrub Regions 268.974ms
[4276.728s][info][gc,start       ] GC(1172) Pause Cleanup
[4276.728s][info][gc             ] GC(1172) Pause Cleanup 2187M->2187M(4096M) 0.143ms
[4276.728s][info][gc,cpu         ] GC(1172) User=0.00s Sys=0.00s Real=0.00s
[4276.729s][info][gc,marking     ] GC(1172) Concurrent Clear Claimed Marks
[4276.729s][info][gc,marking     ] GC(1172) Concurrent Clear Claimed Marks 0.036ms
[4276.729s][info][gc,marking     ] GC(1172) Concurrent Cleanup for Next Mark
[4276.743s][info][gc,marking     ] GC(1172) Concurrent Cleanup for Next Mark 14.849ms
[4276.743s][info][gc             ] GC(1172) Concurrent Mark Cycle 977.694ms
..[4278.180s][info][gc,start       ] GC(1173) Pause Young (Prepare Mixed) (G1 Evacuation Pause)
[4278.180s][info][gc,task        ] GC(1173) Using 6 workers of 6 for evacuation
[4278.301s][info][gc,phases      ] GC(1173)   Pre Evacuate Collection Set: 0.34ms
[4278.301s][info][gc,phases      ] GC(1173)   Merge Heap Roots: 0.54ms
[4278.301s][info][gc,phases      ] GC(1173)   Evacuate Collection Set: 119.59ms
[4278.301s][info][gc,phases      ] GC(1173)   Post Evacuate Collection Set: 0.91ms
[4278.301s][info][gc,phases      ] GC(1173)   Other: 0.08ms
[4278.301s][info][gc,heap        ] GC(1173) Eden regions: 1115->0(1107)
[4278.301s][info][gc,heap        ] GC(1173) Survivor regions: 113->112(154)
[4278.301s][info][gc,heap        ] GC(1173) Old regions: 503->534
[4278.301s][info][gc,heap        ] GC(1173) Humongous regions: 80->80
[4278.301s][info][gc,metaspace   ] GC(1173) Metaspace: 28897K(29312K)->28897K(29312K) NonClass: 24029K(24256K)->24029K(24256K) Class: 4868K(5056K)->4868K(5056K)
[4278.301s][info][gc             ] GC(1173) Pause Young (Prepare Mixed) (G1 Evacuation Pause) 3619M->1450M(4096M) 121.593ms
[4278.301s][info][gc,cpu         ] GC(1173) User=0.73s Sys=0.00s Real=0.12s
..[4280.589s][info][gc,start       ] GC(1174) Pause Young (Mixed) (G1 Evacuation Pause)
[4280.589s][info][gc,task        ] GC(1174) Using 6 workers of 6 for evacuation
[4280.729s][info][gc,phases      ] GC(1174)   Pre Evacuate Collection Set: 0.38ms
[4280.729s][info][gc,phases      ] GC(1174)   Merge Heap Roots: 0.80ms
[4280.729s][info][gc,phases      ] GC(1174)   Evacuate Collection Set: 137.80ms
[4280.729s][info][gc,phases      ] GC(1174)   Post Evacuate Collection Set: 0.94ms
[4280.729s][info][gc,phases      ] GC(1174)   Other: 0.09ms
[4280.729s][info][gc,heap        ] GC(1174) Eden regions: 1107->0(1117)
[4280.729s][info][gc,heap        ] GC(1174) Survivor regions: 112->111(153)
[4280.729s][info][gc,heap        ] GC(1174) Old regions: 534->470
[4280.729s][info][gc,heap        ] GC(1174) Humongous regions: 80->80
[4280.729s][info][gc,metaspace   ] GC(1174) Metaspace: 28897K(29312K)->28897K(29312K) NonClass: 24029K(24256K)->24029K(24256K) Class: 4868K(5056K)->4868K(5056K)
[4280.729s][info][gc             ] GC(1174) Pause Young (Mixed) (G1 Evacuation Pause) 3664M->1320M(4096M) 140.141ms
[4280.729s][info][gc,cpu         ] GC(1174) User=0.83s Sys=0.00s Real=0.14s
...[4283.098s][info][gc,start       ] GC(1175) Pause Young (Concurrent Start) (G1 Evacuation Pause)
[4283.098s][info][gc,task        ] GC(1175) Using 6 workers of 6 for evacuation
[4283.214s][info][gc,phases      ] GC(1175)   Pre Evacuate Collection Set: 0.40ms
[4283.214s][info][gc,phases      ] GC(1175)   Merge Heap Roots: 0.46ms
[4283.214s][info][gc,phases      ] GC(1175)   Evacuate Collection Set: 114.02ms
[4283.214s][info][gc,phases      ] GC(1175)   Post Evacuate Collection Set: 0.87ms
[4283.214s][info][gc,phases      ] GC(1175)   Other: 0.12ms
[4283.214s][info][gc,heap        ] GC(1175) Eden regions: 1117->0(1119)
[4283.214s][info][gc,heap        ] GC(1175) Survivor regions: 111->109(154)
[4283.214s][info][gc,heap        ] GC(1175) Old regions: 470->503
[4283.214s][info][gc,heap        ] GC(1175) Humongous regions: 80->80
[4283.214s][info][gc,metaspace   ] GC(1175) Metaspace: 28897K(29312K)->28897K(29312K) NonClass: 24029K(24256K)->24029K(24256K) Class: 4868K(5056K)->4868K(5056K)
[4283.214s][info][gc             ] GC(1175) Pause Young (Concurrent Start) (G1 Evacuation Pause) 3554M->1380M(4096M) 116.003ms
[4283.214s][info][gc             ] GC(1176) Concurrent Mark Cycle
[4283.214s][info][gc,marking     ] GC(1176) Concurrent Scan Root Regions
[4283.214s][info][gc,cpu         ] GC(1175) User=0.69s Sys=0.00s Real=0.11s
[4283.385s][info][gc,marking     ] GC(1176) Concurrent Scan Root Regions 170.692ms
[4283.385s][info][gc,marking     ] GC(1176) Concurrent Mark
[4283.385s][info][gc,marking     ] GC(1176) Concurrent Mark From Roots
[4283.385s][info][gc,task        ] GC(1176) Using 2 workers of 2 for marking
.[4284.432s][info][gc,marking     ] GC(1176) Concurrent Mark From Roots 1047.537ms
[4284.432s][info][gc,marking     ] GC(1176) Concurrent Preclean
[4284.432s][info][gc,marking     ] GC(1176) Concurrent Preclean 0.096ms
[4284.436s][info][gc,start       ] GC(1176) Pause Remark
[4284.442s][info][gc             ] GC(1176) Pause Remark 2516M->2516M(4096M) 6.407ms
[4284.442s][info][gc,cpu         ] GC(1176) User=0.04s Sys=0.00s Real=0.00s
[4284.442s][info][gc,marking     ] GC(1176) Concurrent Mark 1057.599ms
[4284.442s][info][gc,marking     ] GC(1176) Concurrent Rebuild Remembered Sets and Scrub Regions
[4284.797s][info][gc,marking     ] GC(1176) Concurrent Rebuild Remembered Sets and Scrub Regions 355.063ms
[4284.798s][info][gc,start       ] GC(1176) Pause Cleanup
[4284.798s][info][gc             ] GC(1176) Pause Cleanup 2890M->2890M(4096M) 0.119ms
[4284.798s][info][gc,cpu         ] GC(1176) User=0.00s Sys=0.00s Real=0.00s
[4284.801s][info][gc,marking     ] GC(1176) Concurrent Clear Claimed Marks
[4284.801s][info][gc,marking     ] GC(1176) Concurrent Clear Claimed Marks 0.072ms
[4284.801s][info][gc,marking     ] GC(1176) Concurrent Cleanup for Next Mark
[4284.806s][info][gc,marking     ] GC(1176) Concurrent Cleanup for Next Mark 5.619ms
[4284.806s][info][gc             ] GC(1176) Concurrent Mark Cycle 1592.503ms
.[4285.623s][info][gc,start       ] GC(1177) Pause Young (Prepare Mixed) (G1 Evacuation Pause)
[4285.623s][info][gc,task        ] GC(1177) Using 6 workers of 6 for evacuation
[4285.743s][info][gc,phases      ] GC(1177)   Pre Evacuate Collection Set: 0.31ms
[4285.743s][info][gc,phases      ] GC(1177)   Merge Heap Roots: 0.50ms
[4285.743s][info][gc,phases      ] GC(1177)   Evacuate Collection Set: 118.55ms
[4285.743s][info][gc,phases      ] GC(1177)   Post Evacuate Collection Set: 0.94ms
[4285.743s][info][gc,phases      ] GC(1177)   Other: 0.09ms
[4285.743s][info][gc,heap        ] GC(1177) Eden regions: 1119->0(1103)
[4285.743s][info][gc,heap        ] GC(1177) Survivor regions: 109->114(154)
[4285.743s][info][gc,heap        ] GC(1177) Old regions: 503->534
[4285.743s][info][gc,heap        ] GC(1177) Humongous regions: 80->80
[4285.743s][info][gc,metaspace   ] GC(1177) Metaspace: 28897K(29312K)->28897K(29312K) NonClass: 24029K(24256K)->24029K(24256K) Class: 4868K(5056K)->4868K(5056K)
[4285.743s][info][gc             ] GC(1177) Pause Young (Prepare Mixed) (G1 Evacuation Pause) 3618M->1453M(4096M) 120.521ms
[4285.743s][info][gc,cpu         ] GC(1177) User=0.71s Sys=0.00s Real=0.12s
..[4287.979s][info][gc,start       ] GC(1178) Pause Young (Mixed) (G1 Evacuation Pause)
[4287.979s][info][gc,task        ] GC(1178) Using 6 workers of 6 for evacuation
[4288.114s][info][gc,phases      ] GC(1178)   Pre Evacuate Collection Set: 0.35ms
[4288.114s][info][gc,phases      ] GC(1178)   Merge Heap Roots: 0.67ms
[4288.114s][info][gc,phases      ] GC(1178)   Evacuate Collection Set: 133.18ms
[4288.114s][info][gc,phases      ] GC(1178)   Post Evacuate Collection Set: 0.79ms
[4288.114s][info][gc,phases      ] GC(1178)   Other: 0.09ms
[4288.114s][info][gc,heap        ] GC(1178) Eden regions: 1103->0(1118)
[4288.114s][info][gc,heap        ] GC(1178) Survivor regions: 114->110(153)
[4288.114s][info][gc,heap        ] GC(1178) Old regions: 534->472
[4288.114s][info][gc,heap        ] GC(1178) Humongous regions: 80->80
[4288.114s][info][gc,metaspace   ] GC(1178) Metaspace: 28897K(29312K)->28897K(29312K) NonClass: 24029K(24256K)->24029K(24256K) Class: 4868K(5056K)->4868K(5056K)
[4288.114s][info][gc             ] GC(1178) Pause Young (Mixed) (G1 Evacuation Pause) 3659M->1322M(4096M) 135.210ms
[4288.114s][info][gc,cpu         ] GC(1178) User=0.80s Sys=0.00s Real=0.13s
... (rIR:aIR:PR = 7610:7604:7604) (tPR = 113108) [OK] 
  4290s: Performance info:
         Transaction,    Success,    Partial,     Failed,   Receipts, AvgBarcode, 
             Overall,     461813,          0,          0,     438766,      59.47, 
         Response times:
             Request,    Success,    Partial,     Failed,   SkipFail,     Probes,    Samples,      min,      p50,      p90,      p95,      p99,      max, 
       TotalPurchase,     438766,          0,          0,          0,     355290,     426432,      300,     6400,    82000,   121000,   195000,   371000,
     InStorePurchase,     229933,          0,          0,          0,     187329,     224834,      300,     6400,    80000,   119000,   194000,   371000,
      OnlinePurchase,     162456,          0,          0,          0,     130717,     156746,      300,     6400,    82000,   122000,   197000,   371000,
        InstPurchase,      46377,          0,          0,          0,      37244,      44852,      400,     6900,    86000,   121000,   199000,   327000,
          AssocOfCat,        462,          0,          0,          0,        369,        539,    29000,    48000,   148000,   190000,   321400,   412000,
      AssocOfProduct,       4623,          0,          0,          0,       4350,       5324,      500,     5000,    72000,   109000,   186000,   319000,
      BusinessReport,       1160,          0,          0,          0,       1025,       1297,    29000,    50000,   154000,   194100,   261120,   368000,
          CustBuyBeh,       4620,          0,          0,          0,       4298,       5382,      300,     7600,    89000,   126000,   195000,   319000,
       ProductReturn,      12182,          0,          0,          0,       9240,      11289,      200,     6200,    80000,   115000,   193100,   306000,

  4290s: (56%)   IR =   7749 [4290.523s][info][gc,start       ] GC(1179) Pause Young (Concurrent Start) (G1 Evacuation Pause)
[4290.523s][info][gc,task        ] GC(1179) Using 6 workers of 6 for evacuation
[4290.643s][info][gc,phases      ] GC(1179)   Pre Evacuate Collection Set: 0.33ms
[4290.643s][info][gc,phases      ] GC(1179)   Merge Heap Roots: 0.48ms
[4290.643s][info][gc,phases      ] GC(1179)   Evacuate Collection Set: 118.73ms
[4290.643s][info][gc,phases      ] GC(1179)   Post Evacuate Collection Set: 0.93ms
[4290.643s][info][gc,phases      ] GC(1179)   Other: 0.10ms
[4290.643s][info][gc,heap        ] GC(1179) Eden regions: 1118->0(1116)
[4290.643s][info][gc,heap        ] GC(1179) Survivor regions: 110->112(154)
[4290.643s][info][gc,heap        ] GC(1179) Old regions: 472->505
[4290.643s][info][gc,heap        ] GC(1179) Humongous regions: 80->80
[4290.643s][info][gc,metaspace   ] GC(1179) Metaspace: 28897K(29312K)->28897K(29312K) NonClass: 24029K(24256K)->24029K(24256K) Class: 4868K(5056K)->4868K(5056K)
[4290.643s][info][gc             ] GC(1179) Pause Young (Concurrent Start) (G1 Evacuation Pause) 3558M->1392M(4096M) 120.708ms
[4290.643s][info][gc             ] GC(1180) Concurrent Mark Cycle
[4290.643s][info][gc,marking     ] GC(1180) Concurrent Scan Root Regions
[4290.643s][info][gc,cpu         ] GC(1179) User=0.72s Sys=0.00s Real=0.12s
[4290.815s][info][gc,marking     ] GC(1180) Concurrent Scan Root Regions 172.071ms
[4290.815s][info][gc,marking     ] GC(1180) Concurrent Mark
[4290.815s][info][gc,marking     ] GC(1180) Concurrent Mark From Roots
[4290.815s][info][gc,task        ] GC(1180) Using 2 workers of 2 for marking
.[4291.779s][info][gc,marking     ] GC(1180) Concurrent Mark From Roots 963.847ms
[4291.779s][info][gc,marking     ] GC(1180) Concurrent Preclean
[4291.780s][info][gc,marking     ] GC(1180) Concurrent Preclean 0.142ms
[4291.781s][info][gc,start       ] GC(1180) Pause Remark
[4291.786s][info][gc             ] GC(1180) Pause Remark 2500M->2500M(4096M) 5.721ms
[4291.786s][info][gc,cpu         ] GC(1180) User=0.03s Sys=0.00s Real=0.01s
[4291.787s][info][gc,marking     ] GC(1180) Concurrent Mark 971.215ms
[4291.787s][info][gc,marking     ] GC(1180) Concurrent Rebuild Remembered Sets and Scrub Regions
[4292.155s][info][gc,marking     ] GC(1180) Concurrent Rebuild Remembered Sets and Scrub Regions 368.560ms
[4292.156s][info][gc,start       ] GC(1180) Pause Cleanup
[4292.156s][info][gc             ] GC(1180) Pause Cleanup 2892M->2892M(4096M) 0.129ms
[4292.156s][info][gc,cpu         ] GC(1180) User=0.00s Sys=0.00s Real=0.00s
[4292.156s][info][gc,marking     ] GC(1180) Concurrent Clear Claimed Marks
[4292.156s][info][gc,marking     ] GC(1180) Concurrent Clear Claimed Marks 0.033ms
[4292.156s][info][gc,marking     ] GC(1180) Concurrent Cleanup for Next Mark
[4292.164s][info][gc,marking     ] GC(1180) Concurrent Cleanup for Next Mark 8.127ms
[4292.164s][info][gc             ] GC(1180) Concurrent Mark Cycle 1520.956ms
.[4292.895s][info][gc,start       ] GC(1181) Pause Young (Prepare Mixed) (G1 Evacuation Pause)
[4292.895s][info][gc,task        ] GC(1181) Using 6 workers of 6 for evacuation
[4293.021s][info][gc,phases      ] GC(1181)   Pre Evacuate Collection Set: 0.32ms
[4293.021s][info][gc,phases      ] GC(1181)   Merge Heap Roots: 0.52ms
[4293.021s][info][gc,phases      ] GC(1181)   Evacuate Collection Set: 123.56ms
[4293.021s][info][gc,phases      ] GC(1181)   Post Evacuate Collection Set: 0.91ms
[4293.021s][info][gc,phases      ] GC(1181)   Other: 0.09ms
[4293.021s][info][gc,heap        ] GC(1181) Eden regions: 1116->0(1097)
[4293.021s][info][gc,heap        ] GC(1181) Survivor regions: 112->116(154)
[4293.021s][info][gc,heap        ] GC(1181) Old regions: 505->536
[4293.021s][info][gc,heap        ] GC(1181) Humongous regions: 80->80
[4293.021s][info][gc,metaspace   ] GC(1181) Metaspace: 28897K(29312K)->28897K(29312K) NonClass: 24029K(24256K)->24029K(24256K) Class: 4868K(5056K)->4868K(5056K)
[4293.021s][info][gc             ] GC(1181) Pause Young (Prepare Mixed) (G1 Evacuation Pause) 3624M->1460M(4096M) 125.523ms
[4293.021s][info][gc,cpu         ] GC(1181) User=0.75s Sys=0.00s Real=0.12s
..[4295.334s][info][gc,start       ] GC(1182) Pause Young (Mixed) (G1 Evacuation Pause)
[4295.334s][info][gc,task        ] GC(1182) Using 6 workers of 6 for evacuation
[4295.470s][info][gc,phases      ] GC(1182)   Pre Evacuate Collection Set: 0.36ms
[4295.471s][info][gc,phases      ] GC(1182)   Merge Heap Roots: 0.76ms
[4295.471s][info][gc,phases      ] GC(1182)   Evacuate Collection Set: 134.51ms
[4295.471s][info][gc,phases      ] GC(1182)   Post Evacuate Collection Set: 0.96ms
[4295.471s][info][gc,phases      ] GC(1182)   Other: 0.08ms
[4295.471s][info][gc,heap        ] GC(1182) Eden regions: 1097->0(1117)
[4295.471s][info][gc,heap        ] GC(1182) Survivor regions: 116->111(152)
[4295.471s][info][gc,heap        ] GC(1182) Old regions: 536->473
[4295.471s][info][gc,heap        ] GC(1182) Humongous regions: 80->80
[4295.471s][info][gc,metaspace   ] GC(1182) Metaspace: 28897K(29312K)->28897K(29312K) NonClass: 24029K(24256K)->24029K(24256K) Class: 4868K(5056K)->4868K(5056K)
[4295.471s][info][gc             ] GC(1182) Pause Young (Mixed) (G1 Evacuation Pause) 3654M->1325M(4096M) 136.805ms
[4295.471s][info][gc,cpu         ] GC(1182) User=0.81s Sys=0.00s Real=0.14s
...[4297.732s][info][gc,start       ] GC(1183) Pause Young (Concurrent Start) (G1 Evacuation Pause)
[4297.732s][info][gc,task        ] GC(1183) Using 6 workers of 6 for evacuation
[4297.854s][info][gc,phases      ] GC(1183)   Pre Evacuate Collection Set: 0.36ms
[4297.854s][info][gc,phases      ] GC(1183)   Merge Heap Roots: 0.46ms
[4297.854s][info][gc,phases      ] GC(1183)   Evacuate Collection Set: 119.31ms
[4297.854s][info][gc,phases      ] GC(1183)   Post Evacuate Collection Set: 0.86ms
[4297.854s][info][gc,phases      ] GC(1183)   Other: 0.11ms
[4297.854s][info][gc,heap        ] GC(1183) Eden regions: 1117->0(1117)
[4297.854s][info][gc,heap        ] GC(1183) Survivor regions: 111->111(154)
[4297.854s][info][gc,heap        ] GC(1183) Old regions: 473->505
[4297.854s][info][gc,heap        ] GC(1183) Humongous regions: 80->80
[4297.854s][info][gc,metaspace   ] GC(1183) Metaspace: 28897K(29312K)->28897K(29312K) NonClass: 24029K(24256K)->24029K(24256K) Class: 4868K(5056K)->4868K(5056K)
[4297.854s][info][gc             ] GC(1183) Pause Young (Concurrent Start) (G1 Evacuation Pause) 3559M->1389M(4096M) 121.228ms
[4297.854s][info][gc             ] GC(1184) Concurrent Mark Cycle
[4297.854s][info][gc,marking     ] GC(1184) Concurrent Scan Root Regions
[4297.854s][info][gc,cpu         ] GC(1183) User=0.72s Sys=0.00s Real=0.12s
[4298.022s][info][gc,marking     ] GC(1184) Concurrent Scan Root Regions 168.748ms
[4298.023s][info][gc,marking     ] GC(1184) Concurrent Mark
[4298.023s][info][gc,marking     ] GC(1184) Concurrent Mark From Roots
[4298.023s][info][gc,task        ] GC(1184) Using 2 workers of 2 for marking
.[4298.972s][info][gc,marking     ] GC(1184) Concurrent Mark From Roots 949.774ms
[4298.972s][info][gc,marking     ] GC(1184) Concurrent Preclean
[4298.972s][info][gc,marking     ] GC(1184) Concurrent Preclean 0.118ms
[4298.974s][info][gc,start       ] GC(1184) Pause Remark
[4298.981s][info][gc             ] GC(1184) Pause Remark 2439M->2439M(4096M) 7.023ms
[4298.981s][info][gc,cpu         ] GC(1184) User=0.04s Sys=0.00s Real=0.01s
[4298.981s][info][gc,marking     ] GC(1184) Concurrent Mark 958.195ms
[4298.981s][info][gc,marking     ] GC(1184) Concurrent Rebuild Remembered Sets and Scrub Regions
[4299.336s][info][gc,marking     ] GC(1184) Concurrent Rebuild Remembered Sets and Scrub Regions 354.791ms
[4299.337s][info][gc,start       ] GC(1184) Pause Cleanup
[4299.337s][info][gc             ] GC(1184) Pause Cleanup 2737M->2737M(4096M) 0.133ms
[4299.337s][info][gc,cpu         ] GC(1184) User=0.00s Sys=0.00s Real=0.00s
[4299.338s][info][gc,marking     ] GC(1184) Concurrent Clear Claimed Marks
[4299.338s][info][gc,marking     ] GC(1184) Concurrent Clear Claimed Marks 0.041ms
[4299.338s][info][gc,marking     ] GC(1184) Concurrent Cleanup for Next Mark
[4299.343s][info][gc,marking     ] GC(1184) Concurrent Cleanup for Next Mark 4.903ms
[4299.343s][info][gc             ] GC(1184) Concurrent Mark Cycle 1489.051ms
.[4300.187s][info][gc,start       ] GC(1185) Pause Young (Prepare Mixed) (G1 Evacuation Pause)
[4300.187s][info][gc,task        ] GC(1185) Using 6 workers of 6 for evacuation
[4300.306s][info][gc,phases      ] GC(1185)   Pre Evacuate Collection Set: 0.34ms
[4300.306s][info][gc,phases      ] GC(1185)   Merge Heap Roots: 0.54ms
[4300.306s][info][gc,phases      ] GC(1185)   Evacuate Collection Set: 117.33ms
[4300.306s][info][gc,phases      ] GC(1185)   Post Evacuate Collection Set: 0.93ms
[4300.306s][info][gc,phases      ] GC(1185)   Other: 0.09ms
[4300.306s][info][gc,heap        ] GC(1185) Eden regions: 1117->0(1106)
[4300.306s][info][gc,heap        ] GC(1185) Survivor regions: 111->111(154)
[4300.306s][info][gc,heap        ] GC(1185) Old regions: 505->537
[4300.306s][info][gc,heap        ] GC(1185) Humongous regions: 80->80
[4300.306s][info][gc,metaspace   ] GC(1185) Metaspace: 28897K(29312K)->28897K(29312K) NonClass: 24029K(24256K)->24029K(24256K) Class: 4868K(5056K)->4868K(5056K)
[4300.306s][info][gc             ] GC(1185) Pause Young (Prepare Mixed) (G1 Evacuation Pause) 3623M->1453M(4096M) 119.375ms
[4300.306s][info][gc,cpu         ] GC(1185) User=0.70s Sys=0.01s Real=0.12s
.|..[4302.626s][info][gc,start       ] GC(1186) Pause Young (Mixed) (G1 Evacuation Pause)
[4302.626s][info][gc,task        ] GC(1186) Using 6 workers of 6 for evacuation
[4302.765s][info][gc,phases      ] GC(1186)   Pre Evacuate Collection Set: 0.36ms
[4302.765s][info][gc,phases      ] GC(1186)   Merge Heap Roots: 0.70ms
[4302.765s][info][gc,phases      ] GC(1186)   Evacuate Collection Set: 136.99ms
[4302.765s][info][gc,phases      ] GC(1186)   Post Evacuate Collection Set: 0.83ms
[4302.765s][info][gc,phases      ] GC(1186)   Other: 0.09ms
[4302.765s][info][gc,heap        ] GC(1186) Eden regions: 1106->0(1116)
[4302.765s][info][gc,heap        ] GC(1186) Survivor regions: 111->112(153)
[4302.765s][info][gc,heap        ] GC(1186) Old regions: 537->473
[4302.765s][info][gc,heap        ] GC(1186) Humongous regions: 80->80
[4302.765s][info][gc,metaspace   ] GC(1186) Metaspace: 28897K(29312K)->28897K(29312K) NonClass: 24029K(24256K)->24029K(24256K) Class: 4868K(5056K)->4868K(5056K)
[4302.765s][info][gc             ] GC(1186) Pause Young (Mixed) (G1 Evacuation Pause) 3665M->1327M(4096M) 139.128ms
[4302.765s][info][gc,cpu         ] GC(1186) User=0.83s Sys=0.00s Real=0.14s
..[4305.023s][info][gc,start       ] GC(1187) Pause Young (Concurrent Start) (G1 Evacuation Pause)
[4305.023s][info][gc,task        ] GC(1187) Using 6 workers of 6 for evacuation
[4305.139s][info][gc,phases      ] GC(1187)   Pre Evacuate Collection Set: 0.33ms
[4305.139s][info][gc,phases      ] GC(1187)   Merge Heap Roots: 0.46ms
[4305.139s][info][gc,phases      ] GC(1187)   Evacuate Collection Set: 113.78ms
[4305.139s][info][gc,phases      ] GC(1187)   Post Evacuate Collection Set: 0.85ms
[4305.139s][info][gc,phases      ] GC(1187)   Other: 0.12ms
[4305.139s][info][gc,heap        ] GC(1187) Eden regions: 1116->0(1118)
[4305.139s][info][gc,heap        ] GC(1187) Survivor regions: 112->110(154)
[4305.139s][info][gc,heap        ] GC(1187) Old regions: 473->504
[4305.139s][info][gc,heap        ] GC(1187) Humongous regions: 80->80
[4305.139s][info][gc,metaspace   ] GC(1187) Metaspace: 28897K(29312K)->28897K(29312K) NonClass: 24029K(24256K)->24029K(24256K) Class: 4868K(5056K)->4868K(5056K)
[4305.139s][info][gc             ] GC(1187) Pause Young (Concurrent Start) (G1 Evacuation Pause) 3559M->1385M(4096M) 115.661ms
[4305.139s][info][gc             ] GC(1188) Concurrent Mark Cycle
[4305.139s][info][gc,marking     ] GC(1188) Concurrent Scan Root Regions
[4305.139s][info][gc,cpu         ] GC(1187) User=0.69s Sys=0.00s Real=0.12s
[4305.307s][info][gc,marking     ] GC(1188) Concurrent Scan Root Regions 167.896ms
[4305.307s][info][gc,marking     ] GC(1188) Concurrent Mark
[4305.307s][info][gc,marking     ] GC(1188) Concurrent Mark From Roots
[4305.307s][info][gc,task        ] GC(1188) Using 2 workers of 2 for marking
.[4306.267s][info][gc,marking     ] GC(1188) Concurrent Mark From Roots 960.500ms
[4306.267s][info][gc,marking     ] GC(1188) Concurrent Preclean
[4306.267s][info][gc,marking     ] GC(1188) Concurrent Preclean 0.108ms
[4306.268s][info][gc,start       ] GC(1188) Pause Remark
[4306.275s][info][gc             ] GC(1188) Pause Remark 2475M->2475M(4096M) 7.648ms
[4306.276s][info][gc,cpu         ] GC(1188) User=0.04s Sys=0.00s Real=0.01s
[4306.276s][info][gc,marking     ] GC(1188) Concurrent Mark 969.391ms
[4306.276s][info][gc,marking     ] GC(1188) Concurrent Rebuild Remembered Sets and Scrub Regions
.[4306.688s][info][gc,marking     ] GC(1188) Concurrent Rebuild Remembered Sets and Scrub Regions 411.963ms
[4306.688s][info][gc,start       ] GC(1188) Pause Cleanup
[4306.688s][info][gc             ] GC(1188) Pause Cleanup 2854M->2854M(4096M) 0.111ms
[4306.688s][info][gc,cpu         ] GC(1188) User=0.00s Sys=0.00s Real=0.00s
[4306.688s][info][gc,marking     ] GC(1188) Concurrent Clear Claimed Marks
[4306.688s][info][gc,marking     ] GC(1188) Concurrent Clear Claimed Marks 0.023ms
[4306.688s][info][gc,marking     ] GC(1188) Concurrent Cleanup for Next Mark
[4306.693s][info][gc,marking     ] GC(1188) Concurrent Cleanup for Next Mark 4.248ms
[4306.693s][info][gc             ] GC(1188) Concurrent Mark Cycle 1553.950ms
[4307.486s][info][gc,start       ] GC(1189) Pause Young (Prepare Mixed) (G1 Evacuation Pause)
[4307.487s][info][gc,task        ] GC(1189) Using 6 workers of 6 for evacuation
[4307.606s][info][gc,phases      ] GC(1189)   Pre Evacuate Collection Set: 0.34ms
[4307.606s][info][gc,phases      ] GC(1189)   Merge Heap Roots: 0.54ms
[4307.606s][info][gc,phases      ] GC(1189)   Evacuate Collection Set: 117.44ms
[4307.606s][info][gc,phases      ] GC(1189)   Post Evacuate Collection Set: 0.92ms
[4307.606s][info][gc,phases      ] GC(1189)   Other: 0.10ms
[4307.606s][info][gc,heap        ] GC(1189) Eden regions: 1118->0(1104)
[4307.606s][info][gc,heap        ] GC(1189) Survivor regions: 110->112(154)
[4307.606s][info][gc,heap        ] GC(1189) Old regions: 504->537
[4307.606s][info][gc,heap        ] GC(1189) Humongous regions: 80->80
[4307.606s][info][gc,metaspace   ] GC(1189) Metaspace: 28897K(29312K)->28897K(29312K) NonClass: 24029K(24256K)->24029K(24256K) Class: 4868K(5056K)->4868K(5056K)
[4307.606s][info][gc             ] GC(1189) Pause Young (Prepare Mixed) (G1 Evacuation Pause) 3621M->1455M(4096M) 119.473ms
[4307.606s][info][gc,cpu         ] GC(1189) User=0.71s Sys=0.00s Real=0.12s
...[4309.819s][info][gc,start       ] GC(1190) Pause Young (Mixed) (G1 Evacuation Pause)
[4309.820s][info][gc,task        ] GC(1190) Using 6 workers of 6 for evacuation
[4309.956s][info][gc,phases      ] GC(1190)   Pre Evacuate Collection Set: 0.38ms
[4309.956s][info][gc,phases      ] GC(1190)   Merge Heap Roots: 0.75ms
[4309.956s][info][gc,phases      ] GC(1190)   Evacuate Collection Set: 134.25ms
[4309.956s][info][gc,phases      ] GC(1190)   Post Evacuate Collection Set: 0.94ms
[4309.956s][info][gc,phases      ] GC(1190)   Other: 0.09ms
[4309.956s][info][gc,heap        ] GC(1190) Eden regions: 1104->0(1120)
[4309.956s][info][gc,heap        ] GC(1190) Survivor regions: 112->108(152)
[4309.956s][info][gc,heap        ] GC(1190) Old regions: 537->472
[4309.956s][info][gc,heap        ] GC(1190) Humongous regions: 80->80
[4309.956s][info][gc,metaspace   ] GC(1190) Metaspace: 28897K(29312K)->28897K(29312K) NonClass: 24029K(24256K)->24029K(24256K) Class: 4868K(5056K)->4868K(5056K)
[4309.956s][info][gc             ] GC(1190) Pause Young (Mixed) (G1 Evacuation Pause) 3663M->1318M(4096M) 136.564ms
[4309.956s][info][gc,cpu         ] GC(1190) User=0.81s Sys=0.00s Real=0.14s
..[4312.216s][info][gc,start       ] GC(1191) Pause Young (Concurrent Start) (G1 Evacuation Pause)
[4312.216s][info][gc,task        ] GC(1191) Using 6 workers of 6 for evacuation
[4312.333s][info][gc,phases      ] GC(1191)   Pre Evacuate Collection Set: 0.40ms
[4312.333s][info][gc,phases      ] GC(1191)   Merge Heap Roots: 0.46ms
[4312.333s][info][gc,phases      ] GC(1191)   Evacuate Collection Set: 115.73ms
[4312.333s][info][gc,phases      ] GC(1191)   Post Evacuate Collection Set: 0.87ms
[4312.333s][info][gc,phases      ] GC(1191)   Other: 0.11ms
[4312.333s][info][gc,heap        ] GC(1191) Eden regions: 1120->0(1117)
[4312.333s][info][gc,heap        ] GC(1191) Survivor regions: 108->111(154)
[4312.333s][info][gc,heap        ] GC(1191) Old regions: 472->504
[4312.333s][info][gc,heap        ] GC(1191) Humongous regions: 80->80
[4312.333s][info][gc,metaspace   ] GC(1191) Metaspace: 28897K(29312K)->28897K(29312K) NonClass: 24029K(24256K)->24029K(24256K) Class: 4868K(5056K)->4868K(5056K)
[4312.334s][info][gc             ] GC(1191) Pause Young (Concurrent Start) (G1 Evacuation Pause) 3558M->1388M(4096M) 117.684ms
[4312.334s][info][gc             ] GC(1192) Concurrent Mark Cycle
[4312.334s][info][gc,marking     ] GC(1192) Concurrent Scan Root Regions
[4312.334s][info][gc,cpu         ] GC(1191) User=0.70s Sys=0.00s Real=0.11s
[4312.466s][info][gc,marking     ] GC(1192) Concurrent Scan Root Regions 132.300ms
[4312.466s][info][gc,marking     ] GC(1192) Concurrent Mark
[4312.466s][info][gc,marking     ] GC(1192) Concurrent Mark From Roots
[4312.466s][info][gc,task        ] GC(1192) Using 2 workers of 2 for marking
.[4313.171s][info][gc,marking     ] GC(1192) Concurrent Mark From Roots 705.183ms
[4313.171s][info][gc,marking     ] GC(1192) Concurrent Preclean
[4313.171s][info][gc,marking     ] GC(1192) Concurrent Preclean 0.145ms
[4313.175s][info][gc,start       ] GC(1192) Pause Remark
[4313.179s][info][gc             ] GC(1192) Pause Remark 2102M->2102M(4096M) 4.635ms
[4313.179s][info][gc,cpu         ] GC(1192) User=0.03s Sys=0.00s Real=0.00s
[4313.180s][info][gc,marking     ] GC(1192) Concurrent Mark 714.157ms
[4313.180s][info][gc,marking     ] GC(1192) Concurrent Rebuild Remembered Sets and Scrub Regions
[4313.524s][info][gc,marking     ] GC(1192) Concurrent Rebuild Remembered Sets and Scrub Regions 343.666ms
[4313.524s][info][gc,start       ] GC(1192) Pause Cleanup
[4313.524s][info][gc             ] GC(1192) Pause Cleanup 2380M->2380M(4096M) 0.110ms
[4313.524s][info][gc,cpu         ] GC(1192) User=0.00s Sys=0.00s Real=0.00s
[4313.524s][info][gc,marking     ] GC(1192) Concurrent Clear Claimed Marks
[4313.524s][info][gc,marking     ] GC(1192) Concurrent Clear Claimed Marks 0.027ms
[4313.524s][info][gc,marking     ] GC(1192) Concurrent Cleanup for Next Mark
[4313.530s][info][gc,marking     ] GC(1192) Concurrent Cleanup for Next Mark 5.765ms
[4313.530s][info][gc             ] GC(1192) Concurrent Mark Cycle 1196.766ms
.[4314.645s][info][gc,start       ] GC(1193) Pause Young (Prepare Mixed) (G1 Evacuation Pause)
[4314.645s][info][gc,task        ] GC(1193) Using 6 workers of 6 for evacuation
[4314.768s][info][gc,phases      ] GC(1193)   Pre Evacuate Collection Set: 0.31ms
[4314.768s][info][gc,phases      ] GC(1193)   Merge Heap Roots: 0.50ms
[4314.768s][info][gc,phases      ] GC(1193)   Evacuate Collection Set: 121.03ms
[4314.768s][info][gc,phases      ] GC(1193)   Post Evacuate Collection Set: 0.93ms
[4314.768s][info][gc,phases      ] GC(1193)   Other: 0.09ms
[4314.768s][info][gc,heap        ] GC(1193) Eden regions: 1117->0(1100)
[4314.768s][info][gc,heap        ] GC(1193) Survivor regions: 111->114(154)
[4314.768s][info][gc,heap        ] GC(1193) Old regions: 504->537
[4314.768s][info][gc,heap        ] GC(1193) Humongous regions: 80->80
[4314.768s][info][gc,metaspace   ] GC(1193) Metaspace: 28897K(29312K)->28897K(29312K) NonClass: 24029K(24256K)->24029K(24256K) Class: 4868K(5056K)->4868K(5056K)
[4314.768s][info][gc             ] GC(1193) Pause Young (Prepare Mixed) (G1 Evacuation Pause) 3622M->1458M(4096M) 122.997ms
[4314.768s][info][gc,cpu         ] GC(1193) User=0.74s Sys=0.01s Real=0.12s
...[4317.126s][info][gc,start       ] GC(1194) Pause Young (Mixed) (G1 Evacuation Pause)
[4317.126s][info][gc,task        ] GC(1194) Using 6 workers of 6 for evacuation
[4317.262s][info][gc,phases      ] GC(1194)   Pre Evacuate Collection Set: 0.36ms
[4317.262s][info][gc,phases      ] GC(1194)   Merge Heap Roots: 0.67ms
[4317.262s][info][gc,phases      ] GC(1194)   Evacuate Collection Set: 133.99ms
[4317.262s][info][gc,phases      ] GC(1194)   Post Evacuate Collection Set: 0.95ms
[4317.262s][info][gc,phases      ] GC(1194)   Other: 0.09ms
[4317.262s][info][gc,heap        ] GC(1194) Eden regions: 1100->0(1114)
[4317.262s][info][gc,heap        ] GC(1194) Survivor regions: 114->114(152)
[4317.262s][info][gc,heap        ] GC(1194) Old regions: 537->473
[4317.262s][info][gc,heap        ] GC(1194) Humongous regions: 80->80
[4317.262s][info][gc,metaspace   ] GC(1194) Metaspace: 28897K(29312K)->28897K(29312K) NonClass: 24029K(24256K)->24029K(24256K) Class: 4868K(5056K)->4868K(5056K)
[4317.262s][info][gc             ] GC(1194) Pause Young (Mixed) (G1 Evacuation Pause) 3658M->1331M(4096M) 136.187ms
[4317.262s][info][gc,cpu         ] GC(1194) User=0.81s Sys=0.00s Real=0.13s
..[4319.489s][info][gc,start       ] GC(1195) Pause Young (Concurrent Start) (G1 Evacuation Pause)
[4319.489s][info][gc,task        ] GC(1195) Using 6 workers of 6 for evacuation
[4319.608s][info][gc,phases      ] GC(1195)   Pre Evacuate Collection Set: 0.34ms
[4319.608s][info][gc,phases      ] GC(1195)   Merge Heap Roots: 0.46ms
[4319.608s][info][gc,phases      ] GC(1195)   Evacuate Collection Set: 117.46ms
[4319.608s][info][gc,phases      ] GC(1195)   Post Evacuate Collection Set: 0.86ms
[4319.608s][info][gc,phases      ] GC(1195)   Other: 0.10ms
[4319.608s][info][gc,heap        ] GC(1195) Eden regions: 1114->0(1114)
[4319.608s][info][gc,heap        ] GC(1195) Survivor regions: 114->114(154)
[4319.608s][info][gc,heap        ] GC(1195) Old regions: 473->505
[4319.608s][info][gc,heap        ] GC(1195) Humongous regions: 80->80
[4319.608s][info][gc,metaspace   ] GC(1195) Metaspace: 28897K(29312K)->28897K(29312K) NonClass: 24029K(24256K)->24029K(24256K) Class: 4868K(5056K)->4868K(5056K)
[4319.608s][info][gc             ] GC(1195) Pause Young (Concurrent Start) (G1 Evacuation Pause) 3559M->1394M(4096M) 119.354ms
[4319.608s][info][gc             ] GC(1196) Concurrent Mark Cycle
[4319.608s][info][gc,marking     ] GC(1196) Concurrent Scan Root Regions
[4319.608s][info][gc,cpu         ] GC(1195) User=0.71s Sys=0.00s Real=0.12s
[4319.748s][info][gc,marking     ] GC(1196) Concurrent Scan Root Regions 140.158ms
[4319.748s][info][gc,marking     ] GC(1196) Concurrent Mark
[4319.748s][info][gc,marking     ] GC(1196) Concurrent Mark From Roots
[4319.748s][info][gc,task        ] GC(1196) Using 2 workers of 2 for marking
.[4320.467s][info][gc,marking     ] GC(1196) Concurrent Mark From Roots 718.884ms
[4320.467s][info][gc,marking     ] GC(1196) Concurrent Preclean
[4320.468s][info][gc,marking     ] GC(1196) Concurrent Preclean 0.142ms
[4320.469s][info][gc,start       ] GC(1196) Pause Remark
[4320.475s][info][gc             ] GC(1196) Pause Remark 2164M->2164M(4096M) 5.437ms
[4320.475s][info][gc,cpu         ] GC(1196) User=0.03s Sys=0.00s Real=0.01s
[4320.476s][info][gc,marking     ] GC(1196) Concurrent Mark 727.419ms
[4320.476s][info][gc,marking     ] GC(1196) Concurrent Rebuild Remembered Sets and Scrub Regions
.[4320.845s][info][gc,marking     ] GC(1196) Concurrent Rebuild Remembered Sets and Scrub Regions 369.338ms
[4320.847s][info][gc,start       ] GC(1196) Pause Cleanup
[4320.847s][info][gc             ] GC(1196) Pause Cleanup 2582M->2582M(4096M) 0.135ms
[4320.847s][info][gc,cpu         ] GC(1196) User=0.00s Sys=0.00s Real=0.00s
[4320.847s][info][gc,marking     ] GC(1196) Concurrent Clear Claimed Marks
[4320.847s][info][gc,marking     ] GC(1196) Concurrent Clear Claimed Marks 0.035ms
[4320.847s][info][gc,marking     ] GC(1196) Concurrent Cleanup for Next Mark
[4320.862s][info][gc,marking     ] GC(1196) Concurrent Cleanup for Next Mark 14.466ms
[4320.862s][info][gc             ] GC(1196) Concurrent Mark Cycle 1253.447ms
.[4321.861s][info][gc,start       ] GC(1197) Pause Young (Prepare Mixed) (G1 Evacuation Pause)
[4321.861s][info][gc,task        ] GC(1197) Using 6 workers of 6 for evacuation
[4321.977s][info][gc,phases      ] GC(1197)   Pre Evacuate Collection Set: 0.33ms
[4321.977s][info][gc,phases      ] GC(1197)   Merge Heap Roots: 0.55ms
[4321.977s][info][gc,phases      ] GC(1197)   Evacuate Collection Set: 114.30ms
[4321.977s][info][gc,phases      ] GC(1197)   Post Evacuate Collection Set: 0.93ms
[4321.977s][info][gc,phases      ] GC(1197)   Other: 0.09ms
[4321.977s][info][gc,heap        ] GC(1197) Eden regions: 1114->0(1112)
[4321.977s][info][gc,heap        ] GC(1197) Survivor regions: 114->108(154)
[4321.977s][info][gc,heap        ] GC(1197) Old regions: 505->537
[4321.977s][info][gc,heap        ] GC(1197) Humongous regions: 80->80
[4321.977s][info][gc,metaspace   ] GC(1197) Metaspace: 28897K(29312K)->28897K(29312K) NonClass: 24029K(24256K)->24029K(24256K) Class: 4868K(5056K)->4868K(5056K)
[4321.977s][info][gc             ] GC(1197) Pause Young (Prepare Mixed) (G1 Evacuation Pause) 3622M->1447M(4096M) 116.321ms
[4321.977s][info][gc,cpu         ] GC(1197) User=0.69s Sys=0.00s Real=0.12s
..[4324.300s][info][gc,start       ] GC(1198) Pause Young (Mixed) (G1 Evacuation Pause)
[4324.300s][info][gc,task        ] GC(1198) Using 6 workers of 6 for evacuation
[4324.438s][info][gc,phases      ] GC(1198)   Pre Evacuate Collection Set: 0.39ms
[4324.438s][info][gc,phases      ] GC(1198)   Merge Heap Roots: 0.72ms
[4324.438s][info][gc,phases      ] GC(1198)   Evacuate Collection Set: 135.64ms
[4324.438s][info][gc,phases      ] GC(1198)   Post Evacuate Collection Set: 0.95ms
[4324.438s][info][gc,phases      ] GC(1198)   Other: 0.09ms
[4324.438s][info][gc,heap        ] GC(1198) Eden regions: 1112->0(1116)
[4324.438s][info][gc,heap        ] GC(1198) Survivor regions: 108->112(153)
[4324.438s][info][gc,heap        ] GC(1198) Old regions: 537->472
[4324.438s][info][gc,heap        ] GC(1198) Humongous regions: 80->80
[4324.438s][info][gc,metaspace   ] GC(1198) Metaspace: 28897K(29312K)->28897K(29312K) NonClass: 24029K(24256K)->24029K(24256K) Class: 4868K(5056K)->4868K(5056K)
[4324.438s][info][gc             ] GC(1198) Pause Young (Mixed) (G1 Evacuation Pause) 3671M->1325M(4096M) 137.918ms
[4324.438s][info][gc,cpu         ] GC(1198) User=0.82s Sys=0.00s Real=0.14s
..[4326.749s][info][gc,start       ] GC(1199) Pause Young (Concurrent Start) (G1 Evacuation Pause)
[4326.749s][info][gc,task        ] GC(1199) Using 6 workers of 6 for evacuation
[4326.867s][info][gc,phases      ] GC(1199)   Pre Evacuate Collection Set: 0.36ms
[4326.867s][info][gc,phases      ] GC(1199)   Merge Heap Roots: 0.46ms
[4326.867s][info][gc,phases      ] GC(1199)   Evacuate Collection Set: 115.67ms
[4326.867s][info][gc,phases      ] GC(1199)   Post Evacuate Collection Set: 0.87ms
[4326.867s][info][gc,phases      ] GC(1199)   Other: 0.12ms
[4326.867s][info][gc,heap        ] GC(1199) Eden regions: 1116->0(1119)
[4326.867s][info][gc,heap        ] GC(1199) Survivor regions: 112->109(154)
[4326.867s][info][gc,heap        ] GC(1199) Old regions: 472->504
[4326.867s][info][gc,heap        ] GC(1199) Humongous regions: 80->80
[4326.867s][info][gc,metaspace   ] GC(1199) Metaspace: 28897K(29312K)->28897K(29312K) NonClass: 24029K(24256K)->24029K(24256K) Class: 4868K(5056K)->4868K(5056K)
[4326.867s][info][gc             ] GC(1199) Pause Young (Concurrent Start) (G1 Evacuation Pause) 3557M->1382M(4096M) 117.622ms
[4326.867s][info][gc             ] GC(1200) Concurrent Mark Cycle
[4326.867s][info][gc,marking     ] GC(1200) Concurrent Scan Root Regions
[4326.867s][info][gc,cpu         ] GC(1199) User=0.70s Sys=0.00s Real=0.12s
.[4327.036s][info][gc,marking     ] GC(1200) Concurrent Scan Root Regions 168.824ms
[4327.036s][info][gc,marking     ] GC(1200) Concurrent Mark
[4327.036s][info][gc,marking     ] GC(1200) Concurrent Mark From Roots
[4327.036s][info][gc,task        ] GC(1200) Using 2 workers of 2 for marking
[4327.773s][info][gc,marking     ] GC(1200) Concurrent Mark From Roots 737.608ms
[4327.773s][info][gc,marking     ] GC(1200) Concurrent Preclean
[4327.773s][info][gc,marking     ] GC(1200) Concurrent Preclean 0.152ms
[4327.775s][info][gc,start       ] GC(1200) Pause Remark
[4327.781s][info][gc             ] GC(1200) Pause Remark 2230M->2230M(4096M) 5.953ms
[4327.781s][info][gc,cpu         ] GC(1200) User=0.03s Sys=0.00s Real=0.00s
[4327.782s][info][gc,marking     ] GC(1200) Concurrent Mark 746.393ms
[4327.782s][info][gc,marking     ] GC(1200) Concurrent Rebuild Remembered Sets and Scrub Regions
.[4328.049s][info][gc,marking     ] GC(1200) Concurrent Rebuild Remembered Sets and Scrub Regions 266.596ms
[4328.049s][info][gc,start       ] GC(1200) Pause Cleanup
[4328.049s][info][gc             ] GC(1200) Pause Cleanup 2510M->2510M(4096M) 0.114ms
[4328.049s][info][gc,cpu         ] GC(1200) User=0.00s Sys=0.00s Real=0.00s
[4328.049s][info][gc,marking     ] GC(1200) Concurrent Clear Claimed Marks
[4328.049s][info][gc,marking     ] GC(1200) Concurrent Clear Claimed Marks 0.020ms
[4328.049s][info][gc,marking     ] GC(1200) Concurrent Cleanup for Next Mark
[4328.054s][info][gc,marking     ] GC(1200) Concurrent Cleanup for Next Mark 4.692ms
[4328.054s][info][gc             ] GC(1200) Concurrent Mark Cycle 1187.012ms
.[4329.155s][info][gc,start       ] GC(1201) Pause Young (Prepare Mixed) (G1 Evacuation Pause)
[4329.155s][info][gc,task        ] GC(1201) Using 6 workers of 6 for evacuation
[4329.277s][info][gc,phases      ] GC(1201)   Pre Evacuate Collection Set: 0.29ms
[4329.277s][info][gc,phases      ] GC(1201)   Merge Heap Roots: 0.48ms
[4329.277s][info][gc,phases      ] GC(1201)   Evacuate Collection Set: 120.10ms
[4329.277s][info][gc,phases      ] GC(1201)   Post Evacuate Collection Set: 1.01ms
[4329.277s][info][gc,phases      ] GC(1201)   Other: 0.09ms
[4329.277s][info][gc,heap        ] GC(1201) Eden regions: 1119->0(1100)
[4329.277s][info][gc,heap        ] GC(1201) Survivor regions: 109->115(154)
[4329.277s][info][gc,heap        ] GC(1201) Old regions: 504->535
[4329.277s][info][gc,heap        ] GC(1201) Humongous regions: 80->80
[4329.277s][info][gc,metaspace   ] GC(1201) Metaspace: 28897K(29312K)->28897K(29312K) NonClass: 24029K(24256K)->24029K(24256K) Class: 4868K(5056K)->4868K(5056K)
[4329.277s][info][gc             ] GC(1201) Pause Young (Prepare Mixed) (G1 Evacuation Pause) 3620M->1456M(4096M) 122.097ms
[4329.277s][info][gc,cpu         ] GC(1201) User=0.72s Sys=0.00s Real=0.12s
..[4331.532s][info][gc,start       ] GC(1202) Pause Young (Mixed) (G1 Evacuation Pause)
[4331.532s][info][gc,task        ] GC(1202) Using 6 workers of 6 for evacuation
[4331.667s][info][gc,phases      ] GC(1202)   Pre Evacuate Collection Set: 0.38ms
[4331.667s][info][gc,phases      ] GC(1202)   Merge Heap Roots: 0.67ms
[4331.667s][info][gc,phases      ] GC(1202)   Evacuate Collection Set: 132.89ms
[4331.667s][info][gc,phases      ] GC(1202)   Post Evacuate Collection Set: 0.92ms
[4331.667s][info][gc,phases      ] GC(1202)   Other: 0.09ms
[4331.667s][info][gc,heap        ] GC(1202) Eden regions: 1100->0(1117)
[4331.667s][info][gc,heap        ] GC(1202) Survivor regions: 115->111(152)
[4331.667s][info][gc,heap        ] GC(1202) Old regions: 535->471
[4331.667s][info][gc,heap        ] GC(1202) Humongous regions: 80->80
[4331.667s][info][gc,metaspace   ] GC(1202) Metaspace: 28897K(29312K)->28897K(29312K) NonClass: 24029K(24256K)->24029K(24256K) Class: 4868K(5056K)->4868K(5056K)
[4331.667s][info][gc             ] GC(1202) Pause Young (Mixed) (G1 Evacuation Pause) 3656M->1320M(4096M) 135.090ms
[4331.667s][info][gc,cpu         ] GC(1202) User=0.80s Sys=0.00s Real=0.14s
...[4333.967s][info][gc,start       ] GC(1203) Pause Young (Concurrent Start) (G1 Evacuation Pause)
[4333.967s][info][gc,task        ] GC(1203) Using 6 workers of 6 for evacuation
[4334.087s][info][gc,phases      ] GC(1203)   Pre Evacuate Collection Set: 0.37ms
[4334.087s][info][gc,phases      ] GC(1203)   Merge Heap Roots: 0.48ms
[4334.087s][info][gc,phases      ] GC(1203)   Evacuate Collection Set: 117.84ms
[4334.087s][info][gc,phases      ] GC(1203)   Post Evacuate Collection Set: 0.86ms
[4334.087s][info][gc,phases      ] GC(1203)   Other: 0.13ms
[4334.087s][info][gc,heap        ] GC(1203) Eden regions: 1117->0(1116)
[4334.087s][info][gc,heap        ] GC(1203) Survivor regions: 111->112(154)
[4334.087s][info][gc,heap        ] GC(1203) Old regions: 471->503
[4334.087s][info][gc,heap        ] GC(1203) Humongous regions: 80->80
[4334.087s][info][gc,metaspace   ] GC(1203) Metaspace: 28897K(29312K)->28897K(29312K) NonClass: 24029K(24256K)->24029K(24256K) Class: 4868K(5056K)->4868K(5056K)
[4334.087s][info][gc             ] GC(1203) Pause Young (Concurrent Start) (G1 Evacuation Pause) 3554M->1387M(4096M) 119.809ms
[4334.087s][info][gc             ] GC(1204) Concurrent Mark Cycle
[4334.087s][info][gc,marking     ] GC(1204) Concurrent Scan Root Regions
[4334.087s][info][gc,cpu         ] GC(1203) User=0.71s Sys=0.00s Real=0.12s
[4334.254s][info][gc,marking     ] GC(1204) Concurrent Scan Root Regions 166.835ms
[4334.254s][info][gc,marking     ] GC(1204) Concurrent Mark
[4334.254s][info][gc,marking     ] GC(1204) Concurrent Mark From Roots
[4334.254s][info][gc,task        ] GC(1204) Using 2 workers of 2 for marking
.[4335.207s][info][gc,marking     ] GC(1204) Concurrent Mark From Roots 952.807ms
[4335.207s][info][gc,marking     ] GC(1204) Concurrent Preclean
[4335.207s][info][gc,marking     ] GC(1204) Concurrent Preclean 0.132ms
[4335.207s][info][gc,start       ] GC(1204) Pause Remark
[4335.214s][info][gc             ] GC(1204) Pause Remark 2437M->2437M(4096M) 7.006ms
[4335.214s][info][gc,cpu         ] GC(1204) User=0.04s Sys=0.00s Real=0.00s
[4335.214s][info][gc,marking     ] GC(1204) Concurrent Mark 960.284ms
[4335.214s][info][gc,marking     ] GC(1204) Concurrent Rebuild Remembered Sets and Scrub Regions
[4335.655s][info][gc,marking     ] GC(1204) Concurrent Rebuild Remembered Sets and Scrub Regions 440.815ms
[4335.655s][info][gc,start       ] GC(1204) Pause Cleanup
[4335.656s][info][gc             ] GC(1204) Pause Cleanup 2856M->2856M(4096M) 0.114ms
[4335.656s][info][gc,cpu         ] GC(1204) User=0.00s Sys=0.00s Real=0.00s
[4335.656s][info][gc,marking     ] GC(1204) Concurrent Clear Claimed Marks
[4335.656s][info][gc,marking     ] GC(1204) Concurrent Clear Claimed Marks 0.022ms
[4335.656s][info][gc,marking     ] GC(1204) Concurrent Cleanup for Next Mark
[4335.660s][info][gc,marking     ] GC(1204) Concurrent Cleanup for Next Mark 4.014ms
[4335.660s][info][gc             ] GC(1204) Concurrent Mark Cycle 1572.439ms
.[4336.424s][info][gc,start       ] GC(1205) Pause Young (Prepare Mixed) (G1 Evacuation Pause)
[4336.424s][info][gc,task        ] GC(1205) Using 6 workers of 6 for evacuation
[4336.545s][info][gc,phases      ] GC(1205)   Pre Evacuate Collection Set: 0.31ms
[4336.545s][info][gc,phases      ] GC(1205)   Merge Heap Roots: 0.51ms
[4336.545s][info][gc,phases      ] GC(1205)   Evacuate Collection Set: 119.66ms
[4336.545s][info][gc,phases      ] GC(1205)   Post Evacuate Collection Set: 0.93ms
[4336.545s][info][gc,phases      ] GC(1205)   Other: 0.08ms
[4336.545s][info][gc,heap        ] GC(1205) Eden regions: 1116->0(1101)
[4336.545s][info][gc,heap        ] GC(1205) Survivor regions: 112->115(154)
[4336.545s][info][gc,heap        ] GC(1205) Old regions: 503->534
[4336.545s][info][gc,heap        ] GC(1205) Humongous regions: 80->80
[4336.545s][info][gc,metaspace   ] GC(1205) Metaspace: 28897K(29312K)->28897K(29312K) NonClass: 24029K(24256K)->24029K(24256K) Class: 4868K(5056K)->4868K(5056K)
[4336.545s][info][gc             ] GC(1205) Pause Young (Prepare Mixed) (G1 Evacuation Pause) 3619M->1454M(4096M) 121.636ms
[4336.545s][info][gc,cpu         ] GC(1205) User=0.72s Sys=0.00s Real=0.13s
..[4338.800s][info][gc,start       ] GC(1206) Pause Young (Mixed) (G1 Evacuation Pause)
[4338.800s][info][gc,task        ] GC(1206) Using 6 workers of 6 for evacuation
[4338.941s][info][gc,phases      ] GC(1206)   Pre Evacuate Collection Set: 0.33ms
[4338.941s][info][gc,phases      ] GC(1206)   Merge Heap Roots: 0.75ms
[4338.941s][info][gc,phases      ] GC(1206)   Evacuate Collection Set: 138.95ms
[4338.941s][info][gc,phases      ] GC(1206)   Post Evacuate Collection Set: 0.93ms
[4338.941s][info][gc,phases      ] GC(1206)   Other: 0.09ms
[4338.941s][info][gc,heap        ] GC(1206) Eden regions: 1101->0(1117)
[4338.941s][info][gc,heap        ] GC(1206) Survivor regions: 115->111(152)
[4338.941s][info][gc,heap        ] GC(1206) Old regions: 534->471
[4338.941s][info][gc,heap        ] GC(1206) Humongous regions: 80->80
[4338.941s][info][gc,metaspace   ] GC(1206) Metaspace: 28897K(29312K)->28897K(29312K) NonClass: 24029K(24256K)->24029K(24256K) Class: 4868K(5056K)->4868K(5056K)
[4338.941s][info][gc             ] GC(1206) Pause Young (Mixed) (G1 Evacuation Pause) 3656M->1322M(4096M) 141.187ms
[4338.941s][info][gc,cpu         ] GC(1206) User=0.84s Sys=0.00s Real=0.14s
...[4341.203s][info][gc,start       ] GC(1207) Pause Young (Concurrent Start) (G1 Evacuation Pause)
[4341.203s][info][gc,task        ] GC(1207) Using 6 workers of 6 for evacuation
[4341.318s][info][gc,phases      ] GC(1207)   Pre Evacuate Collection Set: 0.38ms
[4341.318s][info][gc,phases      ] GC(1207)   Merge Heap Roots: 0.46ms
[4341.318s][info][gc,phases      ] GC(1207)   Evacuate Collection Set: 113.61ms
[4341.318s][info][gc,phases      ] GC(1207)   Post Evacuate Collection Set: 0.87ms
[4341.318s][info][gc,phases      ] GC(1207)   Other: 0.12ms
[4341.318s][info][gc,heap        ] GC(1207) Eden regions: 1117->0(1120)
[4341.318s][info][gc,heap        ] GC(1207) Survivor regions: 111->108(154)
[4341.318s][info][gc,heap        ] GC(1207) Old regions: 471->504
[4341.318s][info][gc,heap        ] GC(1207) Humongous regions: 80->80
[4341.318s][info][gc,metaspace   ] GC(1207) Metaspace: 28897K(29312K)->28897K(29312K) NonClass: 24029K(24256K)->24029K(24256K) Class: 4868K(5056K)->4868K(5056K)
[4341.318s][info][gc             ] GC(1207) Pause Young (Concurrent Start) (G1 Evacuation Pause) 3556M->1381M(4096M) 115.579ms
[4341.318s][info][gc             ] GC(1208) Concurrent Mark Cycle
[4341.318s][info][gc,marking     ] GC(1208) Concurrent Scan Root Regions
[4341.318s][info][gc,cpu         ] GC(1207) User=0.69s Sys=0.00s Real=0.12s
[4341.484s][info][gc,marking     ] GC(1208) Concurrent Scan Root Regions 166.139ms
[4341.484s][info][gc,marking     ] GC(1208) Concurrent Mark
[4341.484s][info][gc,marking     ] GC(1208) Concurrent Mark From Roots
[4341.484s][info][gc,task        ] GC(1208) Using 2 workers of 2 for marking
.[4342.441s][info][gc,marking     ] GC(1208) Concurrent Mark From Roots 956.589ms
[4342.441s][info][gc,marking     ] GC(1208) Concurrent Preclean
[4342.441s][info][gc,marking     ] GC(1208) Concurrent Preclean 0.142ms
[4342.443s][info][gc,start       ] GC(1208) Pause Remark
[4342.450s][info][gc             ] GC(1208) Pause Remark 2431M->2431M(4096M) 6.779ms
[4342.450s][info][gc,cpu         ] GC(1208) User=0.04s Sys=0.00s Real=0.01s
[4342.451s][info][gc,marking     ] GC(1208) Concurrent Mark 966.280ms
[4342.451s][info][gc,marking     ] GC(1208) Concurrent Rebuild Remembered Sets and Scrub Regions
[4342.756s][info][gc,marking     ] GC(1208) Concurrent Rebuild Remembered Sets and Scrub Regions 305.125ms
[4342.757s][info][gc,start       ] GC(1208) Pause Cleanup
[4342.757s][info][gc             ] GC(1208) Pause Cleanup 2747M->2747M(4096M) 0.129ms
[4342.757s][info][gc,cpu         ] GC(1208) User=0.00s Sys=0.00s Real=0.00s
[4342.757s][info][gc,marking     ] GC(1208) Concurrent Clear Claimed Marks
[4342.757s][info][gc,marking     ] GC(1208) Concurrent Clear Claimed Marks 0.032ms
[4342.757s][info][gc,marking     ] GC(1208) Concurrent Cleanup for Next Mark
[4342.765s][info][gc,marking     ] GC(1208) Concurrent Cleanup for Next Mark 7.631ms
[4342.765s][info][gc             ] GC(1208) Concurrent Mark Cycle 1446.507ms
.[4343.639s][info][gc,start       ] GC(1209) Pause Young (Prepare Mixed) (G1 Evacuation Pause)
[4343.639s][info][gc,task        ] GC(1209) Using 6 workers of 6 for evacuation
[4343.758s][info][gc,phases      ] GC(1209)   Pre Evacuate Collection Set: 0.36ms
[4343.758s][info][gc,phases      ] GC(1209)   Merge Heap Roots: 0.53ms
[4343.758s][info][gc,phases      ] GC(1209)   Evacuate Collection Set: 116.62ms
[4343.758s][info][gc,phases      ] GC(1209)   Post Evacuate Collection Set: 0.93ms
[4343.758s][info][gc,phases      ] GC(1209)   Other: 0.08ms
[4343.758s][info][gc,heap        ] GC(1209) Eden regions: 1120->0(1104)
[4343.758s][info][gc,heap        ] GC(1209) Survivor regions: 108->113(154)
[4343.758s][info][gc,heap        ] GC(1209) Old regions: 504->535
[4343.758s][info][gc,heap        ] GC(1209) Humongous regions: 80->80
[4343.758s][info][gc,metaspace   ] GC(1209) Metaspace: 28897K(29312K)->28897K(29312K) NonClass: 24029K(24256K)->24029K(24256K) Class: 4868K(5056K)->4868K(5056K)
[4343.758s][info][gc             ] GC(1209) Pause Young (Prepare Mixed) (G1 Evacuation Pause) 3621M->1452M(4096M) 118.649ms
[4343.758s][info][gc,cpu         ] GC(1209) User=0.71s Sys=0.00s Real=0.12s
..[4346.119s][info][gc,start       ] GC(1210) Pause Young (Mixed) (G1 Evacuation Pause)
[4346.119s][info][gc,task        ] GC(1210) Using 6 workers of 6 for evacuation
[4346.259s][info][gc,phases      ] GC(1210)   Pre Evacuate Collection Set: 0.35ms
[4346.259s][info][gc,phases      ] GC(1210)   Merge Heap Roots: 0.76ms
[4346.259s][info][gc,phases      ] GC(1210)   Evacuate Collection Set: 138.06ms
[4346.259s][info][gc,phases      ] GC(1210)   Post Evacuate Collection Set: 0.78ms
[4346.259s][info][gc,phases      ] GC(1210)   Other: 0.09ms
[4346.259s][info][gc,heap        ] GC(1210) Eden regions: 1104->0(1113)
[4346.259s][info][gc,heap        ] GC(1210) Survivor regions: 113->115(153)
[4346.259s][info][gc,heap        ] GC(1210) Old regions: 535->470
[4346.259s][info][gc,heap        ] GC(1210) Humongous regions: 80->80
[4346.259s][info][gc,metaspace   ] GC(1210) Metaspace: 28897K(29312K)->28897K(29312K) NonClass: 24029K(24256K)->24029K(24256K) Class: 4868K(5056K)->4868K(5056K)
[4346.259s][info][gc             ] GC(1210) Pause Young (Mixed) (G1 Evacuation Pause) 3660M->1327M(4096M) 140.158ms
[4346.260s][info][gc,cpu         ] GC(1210) User=0.83s Sys=0.00s Real=0.14s
...[4348.565s][info][gc,start       ] GC(1211) Pause Young (Concurrent Start) (G1 Evacuation Pause)
[4348.565s][info][gc,task        ] GC(1211) Using 6 workers of 6 for evacuation
[4348.683s][info][gc,phases      ] GC(1211)   Pre Evacuate Collection Set: 0.38ms
[4348.683s][info][gc,phases      ] GC(1211)   Merge Heap Roots: 0.45ms
[4348.683s][info][gc,phases      ] GC(1211)   Evacuate Collection Set: 116.08ms
[4348.683s][info][gc,phases      ] GC(1211)   Post Evacuate Collection Set: 0.85ms
[4348.683s][info][gc,phases      ] GC(1211)   Other: 0.09ms
[4348.683s][info][gc,heap        ] GC(1211) Eden regions: 1113->0(1116)
[4348.683s][info][gc,heap        ] GC(1211) Survivor regions: 115->112(154)
[4348.683s][info][gc,heap        ] GC(1211) Old regions: 470->503
[4348.683s][info][gc,heap        ] GC(1211) Humongous regions: 80->80
[4348.683s][info][gc,metaspace   ] GC(1211) Metaspace: 28897K(29312K)->28897K(29312K) NonClass: 24029K(24256K)->24029K(24256K) Class: 4868K(5056K)->4868K(5056K)
[4348.683s][info][gc             ] GC(1211) Pause Young (Concurrent Start) (G1 Evacuation Pause) 3553M->1386M(4096M) 117.991ms
[4348.683s][info][gc             ] GC(1212) Concurrent Mark Cycle
[4348.683s][info][gc,marking     ] GC(1212) Concurrent Scan Root Regions
[4348.683s][info][gc,cpu         ] GC(1211) User=0.70s Sys=0.00s Real=0.11s
[4348.856s][info][gc,marking     ] GC(1212) Concurrent Scan Root Regions 173.301ms
[4348.856s][info][gc,marking     ] GC(1212) Concurrent Mark
[4348.856s][info][gc,marking     ] GC(1212) Concurrent Mark From Roots
[4348.856s][info][gc,task        ] GC(1212) Using 2 workers of 2 for marking
.[4349.850s][info][gc,marking     ] GC(1212) Concurrent Mark From Roots 993.514ms
[4349.850s][info][gc,marking     ] GC(1212) Concurrent Preclean
[4349.850s][info][gc,marking     ] GC(1212) Concurrent Preclean 0.151ms
[4349.851s][info][gc,start       ] GC(1212) Pause Remark
[4349.857s][info][gc             ] GC(1212) Pause Remark 2476M->2476M(4096M) 5.888ms
[4349.857s][info][gc,cpu         ] GC(1212) User=0.03s Sys=0.00s Real=0.01s
[4349.857s][info][gc,marking     ] GC(1212) Concurrent Mark 1001.007ms
[4349.857s][info][gc,marking     ] GC(1212) Concurrent Rebuild Remembered Sets and Scrub Regions
[4350.142s][info][gc,marking     ] GC(1212) Concurrent Rebuild Remembered Sets and Scrub Regions 285.148ms
[4350.142s][info][gc,start       ] GC(1212) Pause Cleanup
[4350.143s][info][gc             ] GC(1212) Pause Cleanup 2777M->2777M(4096M) 0.104ms
[4350.143s][info][gc,cpu         ] GC(1212) User=0.00s Sys=0.00s Real=0.00s
[4350.143s][info][gc,marking     ] GC(1212) Concurrent Clear Claimed Marks
[4350.143s][info][gc,marking     ] GC(1212) Concurrent Clear Claimed Marks 0.020ms
[4350.143s][info][gc,marking     ] GC(1212) Concurrent Cleanup for Next Mark
[4350.147s][info][gc,marking     ] GC(1212) Concurrent Cleanup for Next Mark 4.253ms
[4350.147s][info][gc             ] GC(1212) Concurrent Mark Cycle 1464.146ms
.[4351.064s][info][gc,start       ] GC(1213) Pause Young (Prepare Mixed) (G1 Evacuation Pause)
[4351.064s][info][gc,task        ] GC(1213) Using 6 workers of 6 for evacuation
[4351.185s][info][gc,phases      ] GC(1213)   Pre Evacuate Collection Set: 0.32ms
[4351.185s][info][gc,phases      ] GC(1213)   Merge Heap Roots: 0.53ms
[4351.185s][info][gc,phases      ] GC(1213)   Evacuate Collection Set: 119.19ms
[4351.185s][info][gc,phases      ] GC(1213)   Post Evacuate Collection Set: 0.90ms
[4351.185s][info][gc,phases      ] GC(1213)   Other: 0.09ms
[4351.186s][info][gc,heap        ] GC(1213) Eden regions: 1116->0(1104)
[4351.186s][info][gc,heap        ] GC(1213) Survivor regions: 112->113(154)
[4351.186s][info][gc,heap        ] GC(1213) Old regions: 503->535
[4351.186s][info][gc,heap        ] GC(1213) Humongous regions: 80->80
[4351.186s][info][gc,metaspace   ] GC(1213) Metaspace: 28897K(29312K)->28897K(29312K) NonClass: 24029K(24256K)->24029K(24256K) Class: 4868K(5056K)->4868K(5056K)
[4351.186s][info][gc             ] GC(1213) Pause Young (Prepare Mixed) (G1 Evacuation Pause) 3618M->1453M(4096M) 121.154ms
[4351.186s][info][gc,cpu         ] GC(1213) User=0.72s Sys=0.00s Real=0.13s
..[4353.426s][info][gc,start       ] GC(1214) Pause Young (Mixed) (G1 Evacuation Pause)
[4353.426s][info][gc,task        ] GC(1214) Using 6 workers of 6 for evacuation
[4353.564s][info][gc,phases      ] GC(1214)   Pre Evacuate Collection Set: 0.40ms
[4353.564s][info][gc,phases      ] GC(1214)   Merge Heap Roots: 0.82ms
[4353.564s][info][gc,phases      ] GC(1214)   Evacuate Collection Set: 135.16ms
[4353.564s][info][gc,phases      ] GC(1214)   Post Evacuate Collection Set: 0.93ms
[4353.564s][info][gc,phases      ] GC(1214)   Other: 0.09ms
[4353.564s][info][gc,heap        ] GC(1214) Eden regions: 1104->0(1118)
[4353.564s][info][gc,heap        ] GC(1214) Survivor regions: 113->110(153)
[4353.564s][info][gc,heap        ] GC(1214) Old regions: 535->474
[4353.564s][info][gc,heap        ] GC(1214) Humongous regions: 80->80
[4353.564s][info][gc,metaspace   ] GC(1214) Metaspace: 28897K(29312K)->28897K(29312K) NonClass: 24029K(24256K)->24029K(24256K) Class: 4868K(5056K)->4868K(5056K)
[4353.564s][info][gc             ] GC(1214) Pause Young (Mixed) (G1 Evacuation Pause) 3661M->1326M(4096M) 137.534ms
[4353.564s][info][gc,cpu         ] GC(1214) User=0.82s Sys=0.00s Real=0.13s
...[4355.871s][info][gc,start       ] GC(1215) Pause Young (Concurrent Start) (G1 Evacuation Pause)
[4355.871s][info][gc,task        ] GC(1215) Using 6 workers of 6 for evacuation
[4355.988s][info][gc,phases      ] GC(1215)   Pre Evacuate Collection Set: 0.35ms
[4355.988s][info][gc,phases      ] GC(1215)   Merge Heap Roots: 0.45ms
[4355.988s][info][gc,phases      ] GC(1215)   Evacuate Collection Set: 114.87ms
[4355.988s][info][gc,phases      ] GC(1215)   Post Evacuate Collection Set: 0.84ms
[4355.988s][info][gc,phases      ] GC(1215)   Other: 0.10ms
[4355.988s][info][gc,heap        ] GC(1215) Eden regions: 1118->0(1120)
[4355.988s][info][gc,heap        ] GC(1215) Survivor regions: 110->108(154)
[4355.988s][info][gc,heap        ] GC(1215) Old regions: 474->506
[4355.988s][info][gc,heap        ] GC(1215) Humongous regions: 80->80
[4355.988s][info][gc,metaspace   ] GC(1215) Metaspace: 28897K(29312K)->28897K(29312K) NonClass: 24029K(24256K)->24029K(24256K) Class: 4868K(5056K)->4868K(5056K)
[4355.988s][info][gc             ] GC(1215) Pause Young (Concurrent Start) (G1 Evacuation Pause) 3562M->1386M(4096M) 116.748ms
[4355.988s][info][gc             ] GC(1216) Concurrent Mark Cycle
[4355.988s][info][gc,marking     ] GC(1216) Concurrent Scan Root Regions
[4355.988s][info][gc,cpu         ] GC(1215) User=0.69s Sys=0.00s Real=0.12s
[4356.156s][info][gc,marking     ] GC(1216) Concurrent Scan Root Regions 168.245ms
[4356.156s][info][gc,marking     ] GC(1216) Concurrent Mark
[4356.156s][info][gc,marking     ] GC(1216) Concurrent Mark From Roots
[4356.156s][info][gc,task        ] GC(1216) Using 2 workers of 2 for marking
.[4357.080s][info][gc,marking     ] GC(1216) Concurrent Mark From Roots 923.549ms
[4357.080s][info][gc,marking     ] GC(1216) Concurrent Preclean
[4357.080s][info][gc,marking     ] GC(1216) Concurrent Preclean 0.145ms
[4357.082s][info][gc,start       ] GC(1216) Pause Remark
[4357.088s][info][gc             ] GC(1216) Pause Remark 2346M->2346M(4096M) 5.245ms
[4357.088s][info][gc,cpu         ] GC(1216) User=0.03s Sys=0.00s Real=0.01s
[4357.088s][info][gc,marking     ] GC(1216) Concurrent Mark 931.703ms
[4357.088s][info][gc,marking     ] GC(1216) Concurrent Rebuild Remembered Sets and Scrub Regions
[4357.533s][info][gc,marking     ] GC(1216) Concurrent Rebuild Remembered Sets and Scrub Regions 445.720ms
[4357.537s][info][gc,start       ] GC(1216) Pause Cleanup
[4357.537s][info][gc             ] GC(1216) Pause Cleanup 2848M->2848M(4096M) 0.137ms
[4357.537s][info][gc,cpu         ] GC(1216) User=0.00s Sys=0.00s Real=0.00s
[4357.537s][info][gc,marking     ] GC(1216) Concurrent Clear Claimed Marks
[4357.537s][info][gc,marking     ] GC(1216) Concurrent Clear Claimed Marks 0.025ms
[4357.537s][info][gc,marking     ] GC(1216) Concurrent Cleanup for Next Mark
[4357.542s][info][gc,marking     ] GC(1216) Concurrent Cleanup for Next Mark 4.621ms
[4357.542s][info][gc             ] GC(1216) Concurrent Mark Cycle 1554.203ms
.[4358.374s][info][gc,start       ] GC(1217) Pause Young (Prepare Mixed) (G1 Evacuation Pause)
[4358.374s][info][gc,task        ] GC(1217) Using 6 workers of 6 for evacuation
[4358.494s][info][gc,phases      ] GC(1217)   Pre Evacuate Collection Set: 0.31ms
[4358.494s][info][gc,phases      ] GC(1217)   Merge Heap Roots: 0.55ms
[4358.494s][info][gc,phases      ] GC(1217)   Evacuate Collection Set: 117.71ms
[4358.494s][info][gc,phases      ] GC(1217)   Post Evacuate Collection Set: 0.91ms
[4358.494s][info][gc,phases      ] GC(1217)   Other: 0.09ms
[4358.494s][info][gc,heap        ] GC(1217) Eden regions: 1120->0(1104)
[4358.494s][info][gc,heap        ] GC(1217) Survivor regions: 108->112(154)
[4358.494s][info][gc,heap        ] GC(1217) Old regions: 506->537
[4358.494s][info][gc,heap        ] GC(1217) Humongous regions: 80->80
[4358.494s][info][gc,metaspace   ] GC(1217) Metaspace: 28897K(29312K)->28897K(29312K) NonClass: 24029K(24256K)->24029K(24256K) Class: 4868K(5056K)->4868K(5056K)
[4358.494s][info][gc             ] GC(1217) Pause Young (Prepare Mixed) (G1 Evacuation Pause) 3626M->1455M(4096M) 119.718ms
[4358.494s][info][gc,cpu         ] GC(1217) User=0.71s Sys=0.00s Real=0.12s
...[4360.700s][info][gc,start       ] GC(1218) Pause Young (Mixed) (G1 Evacuation Pause)
[4360.700s][info][gc,task        ] GC(1218) Using 6 workers of 6 for evacuation
[4360.840s][info][gc,phases      ] GC(1218)   Pre Evacuate Collection Set: 0.34ms
[4360.840s][info][gc,phases      ] GC(1218)   Merge Heap Roots: 0.71ms
[4360.840s][info][gc,phases      ] GC(1218)   Evacuate Collection Set: 137.62ms
[4360.840s][info][gc,phases      ] GC(1218)   Post Evacuate Collection Set: 0.95ms
[4360.840s][info][gc,phases      ] GC(1218)   Other: 0.09ms
[4360.840s][info][gc,heap        ] GC(1218) Eden regions: 1104->0(1117)
[4360.840s][info][gc,heap        ] GC(1218) Survivor regions: 112->111(152)
[4360.840s][info][gc,heap        ] GC(1218) Old regions: 537->473
[4360.840s][info][gc,heap        ] GC(1218) Humongous regions: 80->80
[4360.840s][info][gc,metaspace   ] GC(1218) Metaspace: 28897K(29312K)->28897K(29312K) NonClass: 24029K(24256K)->24029K(24256K) Class: 4868K(5056K)->4868K(5056K)
[4360.840s][info][gc             ] GC(1218) Pause Young (Mixed) (G1 Evacuation Pause) 3663M->1326M(4096M) 139.825ms
[4360.840s][info][gc,cpu         ] GC(1218) User=0.84s Sys=0.00s Real=0.14s
 (rIR:aIR:PR = 7749:7784:7784) (tPR = 114862) [OK] 
  4360s: Performance info:
         Transaction,    Success,    Partial,     Failed,   Receipts, AvgBarcode, 
             Overall,     468254,          0,          0,     444933,      59.47, 
         Response times:
             Request,    Success,    Partial,     Failed,   SkipFail,     Probes,    Samples,      min,      p50,      p90,      p95,      p99,      max, 
       TotalPurchase,     444903,          0,          0,          0,     352872,     425677,      300,     7000,    89000,   122000,   175000,   481000,
     InStorePurchase,     234668,          0,          0,          0,     185671,     223707,      300,     7000,    89000,   122000,   175000,   481000,
      OnlinePurchase,     163454,          0,          0,          0,     129362,     156477,      300,     6900,    88000,   120000,   175000,   353000,
        InstPurchase,      46781,          0,          0,          0,      37839,      45493,      300,     7500,    92000,   123000,   172000,   311000,
          AssocOfCat,        467,          0,          0,          0,        370,        527,    23000,    43000,   124000,   166200,   220720,   256000,
      AssocOfProduct,       4671,          0,          0,          0,       4315,       5336,      600,     5900,    90000,   118150,   178630,   251000,
      BusinessReport,       1165,          0,          0,          0,       1002,       1290,    28000,    50000,   147000,   177000,   240000,   438000,
          CustBuyBeh,       4665,          0,          0,          0,       4366,       5457,      200,     7200,    92200,   119000,   180000,   270000,
       ProductReturn,      12343,          0,          0,          0,       9422,      11394,      200,     7300,    94000,   121000,   172000,   267000,

  4360s: (57%)   IR =   7887 ..[4363.231s][info][gc,start       ] GC(1219) Pause Young (Concurrent Start) (G1 Evacuation Pause)
[4363.231s][info][gc,task        ] GC(1219) Using 6 workers of 6 for evacuation
[4363.349s][info][gc,phases      ] GC(1219)   Pre Evacuate Collection Set: 0.33ms
[4363.349s][info][gc,phases      ] GC(1219)   Merge Heap Roots: 0.44ms
[4363.349s][info][gc,phases      ] GC(1219)   Evacuate Collection Set: 116.58ms
[4363.349s][info][gc,phases      ] GC(1219)   Post Evacuate Collection Set: 0.93ms
[4363.349s][info][gc,phases      ] GC(1219)   Other: 0.10ms
[4363.349s][info][gc,heap        ] GC(1219) Eden regions: 1117->0(1118)
[4363.349s][info][gc,heap        ] GC(1219) Survivor regions: 111->110(154)
[4363.349s][info][gc,heap        ] GC(1219) Old regions: 473->506
[4363.349s][info][gc,heap        ] GC(1219) Humongous regions: 80->80
[4363.349s][info][gc,metaspace   ] GC(1219) Metaspace: 28897K(29312K)->28897K(29312K) NonClass: 24029K(24256K)->24029K(24256K) Class: 4868K(5056K)->4868K(5056K)
[4363.349s][info][gc             ] GC(1219) Pause Young (Concurrent Start) (G1 Evacuation Pause) 3560M->1389M(4096M) 118.528ms
[4363.349s][info][gc             ] GC(1220) Concurrent Mark Cycle
[4363.349s][info][gc,marking     ] GC(1220) Concurrent Scan Root Regions
[4363.349s][info][gc,cpu         ] GC(1219) User=0.71s Sys=0.00s Real=0.12s
[4363.518s][info][gc,marking     ] GC(1220) Concurrent Scan Root Regions 169.173ms
[4363.519s][info][gc,marking     ] GC(1220) Concurrent Mark
[4363.519s][info][gc,marking     ] GC(1220) Concurrent Mark From Roots
[4363.519s][info][gc,task        ] GC(1220) Using 2 workers of 2 for marking
.[4364.556s][info][gc,marking     ] GC(1220) Concurrent Mark From Roots 1037.466ms
[4364.556s][info][gc,marking     ] GC(1220) Concurrent Preclean
[4364.556s][info][gc,marking     ] GC(1220) Concurrent Preclean 0.142ms
[4364.558s][info][gc,start       ] GC(1220) Pause Remark
[4364.564s][info][gc             ] GC(1220) Pause Remark 2513M->2513M(4096M) 6.265ms
[4364.565s][info][gc,cpu         ] GC(1220) User=0.03s Sys=0.00s Real=0.01s
[4364.565s][info][gc,marking     ] GC(1220) Concurrent Mark 1046.130ms
[4364.565s][info][gc,marking     ] GC(1220) Concurrent Rebuild Remembered Sets and Scrub Regions
.[4364.926s][info][gc,marking     ] GC(1220) Concurrent Rebuild Remembered Sets and Scrub Regions 361.714ms
[4364.927s][info][gc,start       ] GC(1220) Pause Cleanup
[4364.927s][info][gc             ] GC(1220) Pause Cleanup 2902M->2902M(4096M) 0.132ms
[4364.927s][info][gc,cpu         ] GC(1220) User=0.00s Sys=0.00s Real=0.00s
[4364.927s][info][gc,marking     ] GC(1220) Concurrent Clear Claimed Marks
[4364.927s][info][gc,marking     ] GC(1220) Concurrent Clear Claimed Marks 0.025ms
[4364.927s][info][gc,marking     ] GC(1220) Concurrent Cleanup for Next Mark
[4364.932s][info][gc,marking     ] GC(1220) Concurrent Cleanup for Next Mark 5.034ms
[4364.932s][info][gc             ] GC(1220) Concurrent Mark Cycle 1582.759ms
[4365.635s][info][gc,start       ] GC(1221) Pause Young (Prepare Mixed) (G1 Evacuation Pause)
[4365.635s][info][gc,task        ] GC(1221) Using 6 workers of 6 for evacuation
[4365.755s][info][gc,phases      ] GC(1221)   Pre Evacuate Collection Set: 0.31ms
[4365.755s][info][gc,phases      ] GC(1221)   Merge Heap Roots: 0.53ms
[4365.755s][info][gc,phases      ] GC(1221)   Evacuate Collection Set: 117.49ms
[4365.755s][info][gc,phases      ] GC(1221)   Post Evacuate Collection Set: 0.95ms
[4365.755s][info][gc,phases      ] GC(1221)   Other: 0.09ms
[4365.755s][info][gc,heap        ] GC(1221) Eden regions: 1118->0(1103)
[4365.755s][info][gc,heap        ] GC(1221) Survivor regions: 110->113(154)
[4365.755s][info][gc,heap        ] GC(1221) Old regions: 506->536
[4365.755s][info][gc,heap        ] GC(1221) Humongous regions: 80->80
[4365.755s][info][gc,metaspace   ] GC(1221) Metaspace: 28897K(29312K)->28897K(29312K) NonClass: 24029K(24256K)->24029K(24256K) Class: 4868K(5056K)->4868K(5056K)
[4365.755s][info][gc             ] GC(1221) Pause Young (Prepare Mixed) (G1 Evacuation Pause) 3625M->1456M(4096M) 119.495ms
[4365.755s][info][gc,cpu         ] GC(1221) User=0.71s Sys=0.00s Real=0.12s
...|[4368.008s][info][gc,start       ] GC(1222) Pause Young (Mixed) (G1 Evacuation Pause)
[4368.009s][info][gc,task        ] GC(1222) Using 6 workers of 6 for evacuation
[4368.145s][info][gc,phases      ] GC(1222)   Pre Evacuate Collection Set: 0.34ms
[4368.145s][info][gc,phases      ] GC(1222)   Merge Heap Roots: 0.68ms
[4368.145s][info][gc,phases      ] GC(1222)   Evacuate Collection Set: 134.23ms
[4368.145s][info][gc,phases      ] GC(1222)   Post Evacuate Collection Set: 0.95ms
[4368.145s][info][gc,phases      ] GC(1222)   Other: 0.09ms
[4368.145s][info][gc,heap        ] GC(1222) Eden regions: 1103->0(1117)
[4368.145s][info][gc,heap        ] GC(1222) Survivor regions: 113->111(152)
[4368.145s][info][gc,heap        ] GC(1222) Old regions: 536->471
[4368.145s][info][gc,heap        ] GC(1222) Humongous regions: 80->80
[4368.145s][info][gc,metaspace   ] GC(1222) Metaspace: 28897K(29312K)->28897K(29312K) NonClass: 24029K(24256K)->24029K(24256K) Class: 4868K(5056K)->4868K(5056K)
[4368.145s][info][gc             ] GC(1222) Pause Young (Mixed) (G1 Evacuation Pause) 3662M->1322M(4096M) 136.437ms
[4368.145s][info][gc,cpu         ] GC(1222) User=0.81s Sys=0.00s Real=0.14s
..[4370.375s][info][gc,start       ] GC(1223) Pause Young (Concurrent Start) (G1 Evacuation Pause)
[4370.375s][info][gc,task        ] GC(1223) Using 6 workers of 6 for evacuation
[4370.497s][info][gc,phases      ] GC(1223)   Pre Evacuate Collection Set: 0.37ms
[4370.498s][info][gc,phases      ] GC(1223)   Merge Heap Roots: 0.46ms
[4370.498s][info][gc,phases      ] GC(1223)   Evacuate Collection Set: 120.57ms
[4370.498s][info][gc,phases      ] GC(1223)   Post Evacuate Collection Set: 0.88ms
[4370.498s][info][gc,phases      ] GC(1223)   Other: 0.10ms
[4370.498s][info][gc,heap        ] GC(1223) Eden regions: 1117->0(1114)
[4370.498s][info][gc,heap        ] GC(1223) Survivor regions: 111->114(154)
[4370.498s][info][gc,heap        ] GC(1223) Old regions: 471->503
[4370.498s][info][gc,heap        ] GC(1223) Humongous regions: 80->80
[4370.498s][info][gc,metaspace   ] GC(1223) Metaspace: 28897K(29312K)->28897K(29312K) NonClass: 24029K(24256K)->24029K(24256K) Class: 4868K(5056K)->4868K(5056K)
[4370.498s][info][gc             ] GC(1223) Pause Young (Concurrent Start) (G1 Evacuation Pause) 3556M->1392M(4096M) 122.518ms
[4370.498s][info][gc             ] GC(1224) Concurrent Mark Cycle
[4370.498s][info][gc,marking     ] GC(1224) Concurrent Scan Root Regions
[4370.498s][info][gc,cpu         ] GC(1223) User=0.73s Sys=0.00s Real=0.12s
[4370.670s][info][gc,marking     ] GC(1224) Concurrent Scan Root Regions 172.688ms
[4370.670s][info][gc,marking     ] GC(1224) Concurrent Mark
[4370.670s][info][gc,marking     ] GC(1224) Concurrent Mark From Roots
[4370.670s][info][gc,task        ] GC(1224) Using 2 workers of 2 for marking
.[4371.680s][info][gc,marking     ] GC(1224) Concurrent Mark From Roots 1009.979ms
[4371.680s][info][gc,marking     ] GC(1224) Concurrent Preclean
[4371.681s][info][gc,marking     ] GC(1224) Concurrent Preclean 0.136ms
[4371.681s][info][gc,start       ] GC(1224) Pause Remark
[4371.687s][info][gc             ] GC(1224) Pause Remark 2528M->2528M(4096M) 6.375ms
[4371.687s][info][gc,cpu         ] GC(1224) User=0.03s Sys=0.00s Real=0.01s
[4371.688s][info][gc,marking     ] GC(1224) Concurrent Mark 1017.918ms
[4371.688s][info][gc,marking     ] GC(1224) Concurrent Rebuild Remembered Sets and Scrub Regions
.[4372.049s][info][gc,marking     ] GC(1224) Concurrent Rebuild Remembered Sets and Scrub Regions 360.410ms
[4372.049s][info][gc,start       ] GC(1224) Pause Cleanup
[4372.049s][info][gc             ] GC(1224) Pause Cleanup 2902M->2902M(4096M) 0.120ms
[4372.049s][info][gc,cpu         ] GC(1224) User=0.00s Sys=0.00s Real=0.00s
[4372.050s][info][gc,marking     ] GC(1224) Concurrent Clear Claimed Marks
[4372.051s][info][gc,marking     ] GC(1224) Concurrent Clear Claimed Marks 0.063ms
[4372.051s][info][gc,marking     ] GC(1224) Concurrent Cleanup for Next Mark
[4372.063s][info][gc,marking     ] GC(1224) Concurrent Cleanup for Next Mark 12.357ms
[4372.063s][info][gc             ] GC(1224) Concurrent Mark Cycle 1565.392ms
[4372.792s][info][gc,start       ] GC(1225) Pause Young (Prepare Mixed) (G1 Evacuation Pause)
[4372.792s][info][gc,task        ] GC(1225) Using 6 workers of 6 for evacuation
[4372.912s][info][gc,phases      ] GC(1225)   Pre Evacuate Collection Set: 0.34ms
[4372.912s][info][gc,phases      ] GC(1225)   Merge Heap Roots: 0.56ms
[4372.912s][info][gc,phases      ] GC(1225)   Evacuate Collection Set: 117.27ms
[4372.912s][info][gc,phases      ] GC(1225)   Post Evacuate Collection Set: 0.94ms
[4372.912s][info][gc,phases      ] GC(1225)   Other: 0.09ms
[4372.912s][info][gc,heap        ] GC(1225) Eden regions: 1114->0(1109)
[4372.912s][info][gc,heap        ] GC(1225) Survivor regions: 114->110(154)
[4372.912s][info][gc,heap        ] GC(1225) Old regions: 503->536
[4372.912s][info][gc,heap        ] GC(1225) Humongous regions: 80->80
[4372.912s][info][gc,metaspace   ] GC(1225) Metaspace: 28897K(29312K)->28897K(29312K) NonClass: 24029K(24256K)->24029K(24256K) Class: 4868K(5056K)->4868K(5056K)
[4372.912s][info][gc             ] GC(1225) Pause Young (Prepare Mixed) (G1 Evacuation Pause) 3620M->1449M(4096M) 119.338ms
[4372.912s][info][gc,cpu         ] GC(1225) User=0.71s Sys=0.00s Real=0.12s
...[4375.152s][info][gc,start       ] GC(1226) Pause Young (Mixed) (G1 Evacuation Pause)
[4375.152s][info][gc,task        ] GC(1226) Using 6 workers of 6 for evacuation
[4375.292s][info][gc,phases      ] GC(1226)   Pre Evacuate Collection Set: 0.39ms
[4375.292s][info][gc,phases      ] GC(1226)   Merge Heap Roots: 0.94ms
[4375.292s][info][gc,phases      ] GC(1226)   Evacuate Collection Set: 138.25ms
[4375.292s][info][gc,phases      ] GC(1226)   Post Evacuate Collection Set: 0.94ms
[4375.292s][info][gc,phases      ] GC(1226)   Other: 0.09ms
[4375.292s][info][gc,heap        ] GC(1226) Eden regions: 1109->0(1116)
[4375.292s][info][gc,heap        ] GC(1226) Survivor regions: 110->112(153)
[4375.292s][info][gc,heap        ] GC(1226) Old regions: 536->474
[4375.292s][info][gc,heap        ] GC(1226) Humongous regions: 80->80
[4375.292s][info][gc,metaspace   ] GC(1226) Metaspace: 28897K(29312K)->28897K(29312K) NonClass: 24029K(24256K)->24029K(24256K) Class: 4868K(5056K)->4868K(5056K)
[4375.292s][info][gc             ] GC(1226) Pause Young (Mixed) (G1 Evacuation Pause) 3667M->1330M(4096M) 140.741ms
[4375.292s][info][gc,cpu         ] GC(1226) User=0.83s Sys=0.00s Real=0.14s
..[4377.549s][info][gc,start       ] GC(1227) Pause Young (Concurrent Start) (G1 Evacuation Pause)
[4377.549s][info][gc,task        ] GC(1227) Using 6 workers of 6 for evacuation
[4377.673s][info][gc,phases      ] GC(1227)   Pre Evacuate Collection Set: 0.33ms
[4377.673s][info][gc,phases      ] GC(1227)   Merge Heap Roots: 0.45ms
[4377.673s][info][gc,phases      ] GC(1227)   Evacuate Collection Set: 121.80ms
[4377.673s][info][gc,phases      ] GC(1227)   Post Evacuate Collection Set: 0.86ms
[4377.673s][info][gc,phases      ] GC(1227)   Other: 0.10ms
[4377.673s][info][gc,heap        ] GC(1227) Eden regions: 1116->0(1114)
[4377.673s][info][gc,heap        ] GC(1227) Survivor regions: 112->114(154)
[4377.673s][info][gc,heap        ] GC(1227) Old regions: 474->507
[4377.673s][info][gc,heap        ] GC(1227) Humongous regions: 80->80
[4377.673s][info][gc,metaspace   ] GC(1227) Metaspace: 28897K(29312K)->28897K(29312K) NonClass: 24029K(24256K)->24029K(24256K) Class: 4868K(5056K)->4868K(5056K)
[4377.673s][info][gc             ] GC(1227) Pause Young (Concurrent Start) (G1 Evacuation Pause) 3562M->1399M(4096M) 123.671ms
[4377.673s][info][gc             ] GC(1228) Concurrent Mark Cycle
[4377.673s][info][gc,marking     ] GC(1228) Concurrent Scan Root Regions
[4377.673s][info][gc,cpu         ] GC(1227) User=0.73s Sys=0.00s Real=0.12s
[4377.853s][info][gc,marking     ] GC(1228) Concurrent Scan Root Regions 180.251ms
[4377.853s][info][gc,marking     ] GC(1228) Concurrent Mark
[4377.853s][info][gc,marking     ] GC(1228) Concurrent Mark From Roots
[4377.853s][info][gc,task        ] GC(1228) Using 2 workers of 2 for marking
.[4378.798s][info][gc,marking     ] GC(1228) Concurrent Mark From Roots 945.042ms
[4378.798s][info][gc,marking     ] GC(1228) Concurrent Preclean
[4378.799s][info][gc,marking     ] GC(1228) Concurrent Preclean 0.141ms
[4378.799s][info][gc,start       ] GC(1228) Pause Remark
[4378.806s][info][gc             ] GC(1228) Pause Remark 2461M->2461M(4096M) 6.716ms
[4378.806s][info][gc,cpu         ] GC(1228) User=0.04s Sys=0.00s Real=0.01s
[4378.809s][info][gc,marking     ] GC(1228) Concurrent Mark 955.959ms
[4378.809s][info][gc,marking     ] GC(1228) Concurrent Rebuild Remembered Sets and Scrub Regions
.[4379.116s][info][gc,marking     ] GC(1228) Concurrent Rebuild Remembered Sets and Scrub Regions 306.819ms
[4379.116s][info][gc,start       ] GC(1228) Pause Cleanup
[4379.116s][info][gc             ] GC(1228) Pause Cleanup 2757M->2757M(4096M) 0.126ms
[4379.117s][info][gc,cpu         ] GC(1228) User=0.00s Sys=0.00s Real=0.00s
[4379.117s][info][gc,marking     ] GC(1228) Concurrent Clear Claimed Marks
[4379.117s][info][gc,marking     ] GC(1228) Concurrent Clear Claimed Marks 0.020ms
[4379.117s][info][gc,marking     ] GC(1228) Concurrent Cleanup for Next Mark
[4379.121s][info][gc,marking     ] GC(1228) Concurrent Cleanup for Next Mark 4.336ms
[4379.121s][info][gc             ] GC(1228) Concurrent Mark Cycle 1448.034ms
[4379.981s][info][gc,start       ] GC(1229) Pause Young (Prepare Mixed) (G1 Evacuation Pause)
[4379.981s][info][gc,task        ] GC(1229) Using 6 workers of 6 for evacuation
[4380.099s][info][gc,phases      ] GC(1229)   Pre Evacuate Collection Set: 0.35ms
[4380.099s][info][gc,phases      ] GC(1229)   Merge Heap Roots: 0.53ms
[4380.099s][info][gc,phases      ] GC(1229)   Evacuate Collection Set: 115.44ms
[4380.099s][info][gc,phases      ] GC(1229)   Post Evacuate Collection Set: 0.91ms
[4380.099s][info][gc,phases      ] GC(1229)   Other: 0.08ms
[4380.099s][info][gc,heap        ] GC(1229) Eden regions: 1114->0(1109)
[4380.099s][info][gc,heap        ] GC(1229) Survivor regions: 114->109(154)
[4380.099s][info][gc,heap        ] GC(1229) Old regions: 507->538
[4380.099s][info][gc,heap        ] GC(1229) Humongous regions: 80->80
[4380.099s][info][gc,metaspace   ] GC(1229) Metaspace: 28897K(29312K)->28897K(29312K) NonClass: 24029K(24256K)->24029K(24256K) Class: 4868K(5056K)->4868K(5056K)
[4380.099s][info][gc             ] GC(1229) Pause Young (Prepare Mixed) (G1 Evacuation Pause) 3627M->1452M(4096M) 117.464ms
[4380.099s][info][gc,cpu         ] GC(1229) User=0.70s Sys=0.01s Real=0.12s
...[4382.347s][info][gc,start       ] GC(1230) Pause Young (Mixed) (G1 Evacuation Pause)
[4382.347s][info][gc,task        ] GC(1230) Using 6 workers of 6 for evacuation
[4382.485s][info][gc,phases      ] GC(1230)   Pre Evacuate Collection Set: 0.38ms
[4382.485s][info][gc,phases      ] GC(1230)   Merge Heap Roots: 0.74ms
[4382.485s][info][gc,phases      ] GC(1230)   Evacuate Collection Set: 136.03ms
[4382.485s][info][gc,phases      ] GC(1230)   Post Evacuate Collection Set: 0.94ms
[4382.485s][info][gc,phases      ] GC(1230)   Other: 0.09ms
[4382.485s][info][gc,heap        ] GC(1230) Eden regions: 1109->0(1116)
[4382.485s][info][gc,heap        ] GC(1230) Survivor regions: 109->112(153)
[4382.485s][info][gc,heap        ] GC(1230) Old regions: 538->474
[4382.485s][info][gc,heap        ] GC(1230) Humongous regions: 80->80
[4382.485s][info][gc,metaspace   ] GC(1230) Metaspace: 28897K(29312K)->28897K(29312K) NonClass: 24029K(24256K)->24029K(24256K) Class: 4868K(5056K)->4868K(5056K)
[4382.485s][info][gc             ] GC(1230) Pause Young (Mixed) (G1 Evacuation Pause) 3670M->1329M(4096M) 138.328ms
[4382.486s][info][gc,cpu         ] GC(1230) User=0.82s Sys=0.00s Real=0.14s
..[4384.681s][info][gc,start       ] GC(1231) Pause Young (Concurrent Start) (G1 Evacuation Pause)
[4384.681s][info][gc,task        ] GC(1231) Using 6 workers of 6 for evacuation
[4384.803s][info][gc,phases      ] GC(1231)   Pre Evacuate Collection Set: 0.36ms
[4384.803s][info][gc,phases      ] GC(1231)   Merge Heap Roots: 0.46ms
[4384.803s][info][gc,phases      ] GC(1231)   Evacuate Collection Set: 120.13ms
[4384.803s][info][gc,phases      ] GC(1231)   Post Evacuate Collection Set: 0.87ms
[4384.803s][info][gc,phases      ] GC(1231)   Other: 0.09ms
[4384.803s][info][gc,heap        ] GC(1231) Eden regions: 1116->0(1114)
[4384.803s][info][gc,heap        ] GC(1231) Survivor regions: 112->114(154)
[4384.803s][info][gc,heap        ] GC(1231) Old regions: 474->506
[4384.803s][info][gc,heap        ] GC(1231) Humongous regions: 80->80
[4384.803s][info][gc,metaspace   ] GC(1231) Metaspace: 28897K(29312K)->28897K(29312K) NonClass: 24029K(24256K)->24029K(24256K) Class: 4868K(5056K)->4868K(5056K)
[4384.803s][info][gc             ] GC(1231) Pause Young (Concurrent Start) (G1 Evacuation Pause) 3561M->1397M(4096M) 122.047ms
[4384.803s][info][gc             ] GC(1232) Concurrent Mark Cycle
[4384.803s][info][gc,marking     ] GC(1232) Concurrent Scan Root Regions
[4384.803s][info][gc,cpu         ] GC(1231) User=0.72s Sys=0.00s Real=0.12s
[4385.016s][info][gc,marking     ] GC(1232) Concurrent Scan Root Regions 212.641ms
[4385.016s][info][gc,marking     ] GC(1232) Concurrent Mark
[4385.016s][info][gc,marking     ] GC(1232) Concurrent Mark From Roots
[4385.016s][info][gc,task        ] GC(1232) Using 2 workers of 2 for marking
.[4385.971s][info][gc,marking     ] GC(1232) Concurrent Mark From Roots 955.184ms
[4385.971s][info][gc,marking     ] GC(1232) Concurrent Preclean
[4385.971s][info][gc,marking     ] GC(1232) Concurrent Preclean 0.087ms
[4385.971s][info][gc,start       ] GC(1232) Pause Remark
[4385.978s][info][gc             ] GC(1232) Pause Remark 2514M->2514M(4096M) 6.396ms
[4385.978s][info][gc,cpu         ] GC(1232) User=0.03s Sys=0.00s Real=0.01s
[4385.979s][info][gc,marking     ] GC(1232) Concurrent Mark 963.395ms
[4385.979s][info][gc,marking     ] GC(1232) Concurrent Rebuild Remembered Sets and Scrub Regions
.[4386.256s][info][gc,marking     ] GC(1232) Concurrent Rebuild Remembered Sets and Scrub Regions 277.136ms
[4386.256s][info][gc,start       ] GC(1232) Pause Cleanup
[4386.256s][info][gc             ] GC(1232) Pause Cleanup 2779M->2779M(4096M) 0.114ms
[4386.256s][info][gc,cpu         ] GC(1232) User=0.00s Sys=0.00s Real=0.00s
[4386.256s][info][gc,marking     ] GC(1232) Concurrent Clear Claimed Marks
[4386.257s][info][gc,marking     ] GC(1232) Concurrent Clear Claimed Marks 0.021ms
[4386.257s][info][gc,marking     ] GC(1232) Concurrent Cleanup for Next Mark
[4386.264s][info][gc,marking     ] GC(1232) Concurrent Cleanup for Next Mark 7.313ms
[4386.264s][info][gc             ] GC(1232) Concurrent Mark Cycle 1460.970ms
.[4387.177s][info][gc,start       ] GC(1233) Pause Young (Prepare Mixed) (G1 Evacuation Pause)
[4387.178s][info][gc,task        ] GC(1233) Using 6 workers of 6 for evacuation
[4387.297s][info][gc,phases      ] GC(1233)   Pre Evacuate Collection Set: 0.31ms
[4387.297s][info][gc,phases      ] GC(1233)   Merge Heap Roots: 0.53ms
[4387.297s][info][gc,phases      ] GC(1233)   Evacuate Collection Set: 117.58ms
[4387.297s][info][gc,phases      ] GC(1233)   Post Evacuate Collection Set: 0.92ms
[4387.297s][info][gc,phases      ] GC(1233)   Other: 0.09ms
[4387.297s][info][gc,heap        ] GC(1233) Eden regions: 1114->0(1105)
[4387.297s][info][gc,heap        ] GC(1233) Survivor regions: 114->112(154)
[4387.297s][info][gc,heap        ] GC(1233) Old regions: 506->536
[4387.297s][info][gc,heap        ] GC(1233) Humongous regions: 80->80
[4387.297s][info][gc,metaspace   ] GC(1233) Metaspace: 28897K(29312K)->28897K(29312K) NonClass: 24029K(24256K)->24029K(24256K) Class: 4868K(5056K)->4868K(5056K)
[4387.297s][info][gc             ] GC(1233) Pause Young (Prepare Mixed) (G1 Evacuation Pause) 3625M->1454M(4096M) 119.553ms
[4387.297s][info][gc,cpu         ] GC(1233) User=0.71s Sys=0.00s Real=0.12s
..[4389.527s][info][gc,start       ] GC(1234) Pause Young (Mixed) (G1 Evacuation Pause)
[4389.527s][info][gc,task        ] GC(1234) Using 6 workers of 6 for evacuation
[4389.663s][info][gc,phases      ] GC(1234)   Pre Evacuate Collection Set: 0.35ms
[4389.663s][info][gc,phases      ] GC(1234)   Merge Heap Roots: 0.69ms
[4389.663s][info][gc,phases      ] GC(1234)   Evacuate Collection Set: 133.62ms
[4389.663s][info][gc,phases      ] GC(1234)   Post Evacuate Collection Set: 0.92ms
[4389.663s][info][gc,phases      ] GC(1234)   Other: 0.09ms
[4389.663s][info][gc,heap        ] GC(1234) Eden regions: 1105->0(1118)
[4389.663s][info][gc,heap        ] GC(1234) Survivor regions: 112->110(153)
[4389.663s][info][gc,heap        ] GC(1234) Old regions: 536->472
[4389.663s][info][gc,heap        ] GC(1234) Humongous regions: 80->80
[4389.663s][info][gc,metaspace   ] GC(1234) Metaspace: 28897K(29312K)->28897K(29312K) NonClass: 24029K(24256K)->24029K(24256K) Class: 4868K(5056K)->4868K(5056K)
[4389.663s][info][gc             ] GC(1234) Pause Young (Mixed) (G1 Evacuation Pause) 3664M->1322M(4096M) 135.829ms
[4389.663s][info][gc,cpu         ] GC(1234) User=0.81s Sys=0.00s Real=0.13s
..[4391.898s][info][gc,start       ] GC(1235) Pause Young (Concurrent Start) (G1 Evacuation Pause)
[4391.898s][info][gc,task        ] GC(1235) Using 6 workers of 6 for evacuation
[4392.018s][info][gc,phases      ] GC(1235)   Pre Evacuate Collection Set: 0.37ms
[4392.018s][info][gc,phases      ] GC(1235)   Merge Heap Roots: 0.47ms
[4392.018s][info][gc,phases      ] GC(1235)   Evacuate Collection Set: 117.81ms
[4392.018s][info][gc,phases      ] GC(1235)   Post Evacuate Collection Set: 0.90ms
[4392.018s][info][gc,phases      ] GC(1235)   Other: 0.11ms
[4392.018s][info][gc,heap        ] GC(1235) Eden regions: 1118->0(1117)
[4392.018s][info][gc,heap        ] GC(1235) Survivor regions: 110->111(154)
[4392.018s][info][gc,heap        ] GC(1235) Old regions: 472->505
[4392.018s][info][gc,heap        ] GC(1235) Humongous regions: 80->80
[4392.018s][info][gc,metaspace   ] GC(1235) Metaspace: 28897K(29312K)->28897K(29312K) NonClass: 24029K(24256K)->24029K(24256K) Class: 4868K(5056K)->4868K(5056K)
[4392.018s][info][gc             ] GC(1235) Pause Young (Concurrent Start) (G1 Evacuation Pause) 3558M->1389M(4096M) 119.781ms
[4392.018s][info][gc             ] GC(1236) Concurrent Mark Cycle
[4392.018s][info][gc,marking     ] GC(1236) Concurrent Scan Root Regions
[4392.018s][info][gc,cpu         ] GC(1235) User=0.72s Sys=0.00s Real=0.12s
[4392.149s][info][gc,marking     ] GC(1236) Concurrent Scan Root Regions 130.807ms
[4392.149s][info][gc,marking     ] GC(1236) Concurrent Mark
[4392.149s][info][gc,marking     ] GC(1236) Concurrent Mark From Roots
[4392.149s][info][gc,task        ] GC(1236) Using 2 workers of 2 for marking
.[4392.828s][info][gc,marking     ] GC(1236) Concurrent Mark From Roots 679.214ms
[4392.828s][info][gc,marking     ] GC(1236) Concurrent Preclean
[4392.828s][info][gc,marking     ] GC(1236) Concurrent Preclean 0.095ms
[4392.832s][info][gc,start       ] GC(1236) Pause Remark
[4392.838s][info][gc             ] GC(1236) Pause Remark 2133M->2133M(4096M) 6.034ms
[4392.838s][info][gc,cpu         ] GC(1236) User=0.03s Sys=0.00s Real=0.01s
[4392.838s][info][gc,marking     ] GC(1236) Concurrent Mark 689.327ms
[4392.838s][info][gc,marking     ] GC(1236) Concurrent Rebuild Remembered Sets and Scrub Regions
[4393.109s][info][gc,marking     ] GC(1236) Concurrent Rebuild Remembered Sets and Scrub Regions 270.832ms
[4393.109s][info][gc,start       ] GC(1236) Pause Cleanup
[4393.109s][info][gc             ] GC(1236) Pause Cleanup 2432M->2432M(4096M) 0.107ms
[4393.109s][info][gc,cpu         ] GC(1236) User=0.00s Sys=0.00s Real=0.00s
[4393.109s][info][gc,marking     ] GC(1236) Concurrent Clear Claimed Marks
[4393.109s][info][gc,marking     ] GC(1236) Concurrent Clear Claimed Marks 0.019ms
[4393.109s][info][gc,marking     ] GC(1236) Concurrent Cleanup for Next Mark
[4393.114s][info][gc,marking     ] GC(1236) Concurrent Cleanup for Next Mark 4.854ms
[4393.114s][info][gc             ] GC(1236) Concurrent Mark Cycle 1096.275ms
..[4394.328s][info][gc,start       ] GC(1237) Pause Young (Prepare Mixed) (G1 Evacuation Pause)
[4394.328s][info][gc,task        ] GC(1237) Using 6 workers of 6 for evacuation
[4394.446s][info][gc,phases      ] GC(1237)   Pre Evacuate Collection Set: 0.33ms
[4394.446s][info][gc,phases      ] GC(1237)   Merge Heap Roots: 0.52ms
[4394.446s][info][gc,phases      ] GC(1237)   Evacuate Collection Set: 115.79ms
[4394.446s][info][gc,phases      ] GC(1237)   Post Evacuate Collection Set: 0.91ms
[4394.446s][info][gc,phases      ] GC(1237)   Other: 0.09ms
[4394.446s][info][gc,heap        ] GC(1237) Eden regions: 1117->0(1104)
[4394.446s][info][gc,heap        ] GC(1237) Survivor regions: 111->112(154)
[4394.446s][info][gc,heap        ] GC(1237) Old regions: 505->537
[4394.446s][info][gc,heap        ] GC(1237) Humongous regions: 80->80
[4394.446s][info][gc,metaspace   ] GC(1237) Metaspace: 28897K(29312K)->28897K(29312K) NonClass: 24029K(24256K)->24029K(24256K) Class: 4868K(5056K)->4868K(5056K)
[4394.446s][info][gc             ] GC(1237) Pause Young (Prepare Mixed) (G1 Evacuation Pause) 3623M->1454M(4096M) 117.789ms
[4394.446s][info][gc,cpu         ] GC(1237) User=0.70s Sys=0.00s Real=0.12s
..[4396.601s][info][gc,start       ] GC(1238) Pause Young (Mixed) (G1 Evacuation Pause)
[4396.601s][info][gc,task        ] GC(1238) Using 6 workers of 6 for evacuation
[4396.739s][info][gc,phases      ] GC(1238)   Pre Evacuate Collection Set: 0.34ms
[4396.739s][info][gc,phases      ] GC(1238)   Merge Heap Roots: 0.67ms
[4396.739s][info][gc,phases      ] GC(1238)   Evacuate Collection Set: 135.05ms
[4396.739s][info][gc,phases      ] GC(1238)   Post Evacuate Collection Set: 0.95ms
[4396.739s][info][gc,phases      ] GC(1238)   Other: 0.08ms
[4396.739s][info][gc,heap        ] GC(1238) Eden regions: 1104->0(1114)
[4396.739s][info][gc,heap        ] GC(1238) Survivor regions: 112->114(152)
[4396.739s][info][gc,heap        ] GC(1238) Old regions: 537->474
[4396.739s][info][gc,heap        ] GC(1238) Humongous regions: 80->80
[4396.739s][info][gc,metaspace   ] GC(1238) Metaspace: 28897K(29312K)->28897K(29312K) NonClass: 24029K(24256K)->24029K(24256K) Class: 4868K(5056K)->4868K(5056K)
[4396.739s][info][gc             ] GC(1238) Pause Young (Mixed) (G1 Evacuation Pause) 3662M->1332M(4096M) 137.219ms
[4396.739s][info][gc,cpu         ] GC(1238) User=0.82s Sys=0.00s Real=0.14s
..[4399.004s][info][gc,start       ] GC(1239) Pause Young (Concurrent Start) (G1 Evacuation Pause)
[4399.005s][info][gc,task        ] GC(1239) Using 6 workers of 6 for evacuation
[4399.123s][info][gc,phases      ] GC(1239)   Pre Evacuate Collection Set: 0.33ms
[4399.123s][info][gc,phases      ] GC(1239)   Merge Heap Roots: 0.45ms
[4399.123s][info][gc,phases      ] GC(1239)   Evacuate Collection Set: 116.70ms
[4399.123s][info][gc,phases      ] GC(1239)   Post Evacuate Collection Set: 0.86ms
[4399.123s][info][gc,phases      ] GC(1239)   Other: 0.10ms
[4399.123s][info][gc,heap        ] GC(1239) Eden regions: 1114->0(1118)
[4399.123s][info][gc,heap        ] GC(1239) Survivor regions: 114->110(154)
[4399.123s][info][gc,heap        ] GC(1239) Old regions: 474->507
[4399.123s][info][gc,heap        ] GC(1239) Humongous regions: 80->80
[4399.123s][info][gc,metaspace   ] GC(1239) Metaspace: 28897K(29312K)->28897K(29312K) NonClass: 24029K(24256K)->24029K(24256K) Class: 4868K(5056K)->4868K(5056K)
[4399.123s][info][gc             ] GC(1239) Pause Young (Concurrent Start) (G1 Evacuation Pause) 3560M->1391M(4096M) 118.571ms
[4399.123s][info][gc             ] GC(1240) Concurrent Mark Cycle
[4399.123s][info][gc,marking     ] GC(1240) Concurrent Scan Root Regions
[4399.123s][info][gc,cpu         ] GC(1239) User=0.71s Sys=0.00s Real=0.11s
[4399.256s][info][gc,marking     ] GC(1240) Concurrent Scan Root Regions 132.976ms
[4399.256s][info][gc,marking     ] GC(1240) Concurrent Mark
[4399.256s][info][gc,marking     ] GC(1240) Concurrent Mark From Roots
[4399.256s][info][gc,task        ] GC(1240) Using 2 workers of 2 for marking
.[4399.801s][info][gc,marking     ] GC(1240) Concurrent Mark From Roots 544.648ms
[4399.801s][info][gc,marking     ] GC(1240) Concurrent Preclean
[4399.801s][info][gc,marking     ] GC(1240) Concurrent Preclean 0.112ms
[4399.803s][info][gc,start       ] GC(1240) Pause Remark
[4399.808s][info][gc             ] GC(1240) Pause Remark 1985M->1985M(4096M) 4.727ms
[4399.808s][info][gc,cpu         ] GC(1240) User=0.02s Sys=0.00s Real=0.01s
[4399.808s][info][gc,marking     ] GC(1240) Concurrent Mark 552.110ms
[4399.808s][info][gc,marking     ] GC(1240) Concurrent Rebuild Remembered Sets and Scrub Regions
[4400.029s][info][gc,marking     ] GC(1240) Concurrent Rebuild Remembered Sets and Scrub Regions 221.078ms
[4400.030s][info][gc,start       ] GC(1240) Pause Cleanup
[4400.030s][info][gc             ] GC(1240) Pause Cleanup 2177M->2177M(4096M) 0.129ms
[4400.030s][info][gc,cpu         ] GC(1240) User=0.00s Sys=0.00s Real=0.00s
[4400.030s][info][gc,marking     ] GC(1240) Concurrent Clear Claimed Marks
[4400.030s][info][gc,marking     ] GC(1240) Concurrent Clear Claimed Marks 0.022ms
[4400.030s][info][gc,marking     ] GC(1240) Concurrent Cleanup for Next Mark
[4400.037s][info][gc,marking     ] GC(1240) Concurrent Cleanup for Next Mark 7.150ms
[4400.037s][info][gc             ] GC(1240) Concurrent Mark Cycle 913.881ms
..[4401.417s][info][gc,start       ] GC(1241) Pause Young (Prepare Mixed) (G1 Evacuation Pause)
[4401.417s][info][gc,task        ] GC(1241) Using 6 workers of 6 for evacuation
[4401.539s][info][gc,phases      ] GC(1241)   Pre Evacuate Collection Set: 0.31ms
[4401.539s][info][gc,phases      ] GC(1241)   Merge Heap Roots: 0.52ms
[4401.539s][info][gc,phases      ] GC(1241)   Evacuate Collection Set: 120.50ms
[4401.539s][info][gc,phases      ] GC(1241)   Post Evacuate Collection Set: 0.90ms
[4401.539s][info][gc,phases      ] GC(1241)   Other: 0.09ms
[4401.539s][info][gc,heap        ] GC(1241) Eden regions: 1118->0(1095)
[4401.539s][info][gc,heap        ] GC(1241) Survivor regions: 110->116(154)
[4401.539s][info][gc,heap        ] GC(1241) Old regions: 507->538
[4401.539s][info][gc,heap        ] GC(1241) Humongous regions: 80->80
[4401.539s][info][gc,metaspace   ] GC(1241) Metaspace: 28897K(29312K)->28897K(29312K) NonClass: 24029K(24256K)->24029K(24256K) Class: 4868K(5056K)->4868K(5056K)
[4401.539s][info][gc             ] GC(1241) Pause Young (Prepare Mixed) (G1 Evacuation Pause) 3627M->1465M(4096M) 122.445ms
[4401.539s][info][gc,cpu         ] GC(1241) User=0.73s Sys=0.00s Real=0.12s
..[4403.738s][info][gc,start       ] GC(1242) Pause Young (Mixed) (G1 Evacuation Pause)
[4403.738s][info][gc,task        ] GC(1242) Using 6 workers of 6 for evacuation
[4403.870s][info][gc,phases      ] GC(1242)   Pre Evacuate Collection Set: 0.42ms
[4403.870s][info][gc,phases      ] GC(1242)   Merge Heap Roots: 0.76ms
[4403.870s][info][gc,phases      ] GC(1242)   Evacuate Collection Set: 129.73ms
[4403.870s][info][gc,phases      ] GC(1242)   Post Evacuate Collection Set: 0.93ms
[4403.870s][info][gc,phases      ] GC(1242)   Other: 0.09ms
[4403.870s][info][gc,heap        ] GC(1242) Eden regions: 1095->0(1121)
[4403.870s][info][gc,heap        ] GC(1242) Survivor regions: 116->107(152)
[4403.870s][info][gc,heap        ] GC(1242) Old regions: 538->472
[4403.870s][info][gc,heap        ] GC(1242) Humongous regions: 80->80
[4403.870s][info][gc,metaspace   ] GC(1242) Metaspace: 28897K(29312K)->28897K(29312K) NonClass: 24029K(24256K)->24029K(24256K) Class: 4868K(5056K)->4868K(5056K)
[4403.870s][info][gc             ] GC(1242) Pause Young (Mixed) (G1 Evacuation Pause) 3655M->1316M(4096M) 132.068ms
[4403.870s][info][gc,cpu         ] GC(1242) User=0.79s Sys=0.00s Real=0.13s
..[4406.193s][info][gc,start       ] GC(1243) Pause Young (Concurrent Start) (G1 Evacuation Pause)
[4406.193s][info][gc,task        ] GC(1243) Using 6 workers of 6 for evacuation
[4406.310s][info][gc,phases      ] GC(1243)   Pre Evacuate Collection Set: 0.37ms
[4406.310s][info][gc,phases      ] GC(1243)   Merge Heap Roots: 0.48ms
[4406.310s][info][gc,phases      ] GC(1243)   Evacuate Collection Set: 115.12ms
[4406.310s][info][gc,phases      ] GC(1243)   Post Evacuate Collection Set: 0.87ms
[4406.310s][info][gc,phases      ] GC(1243)   Other: 0.10ms
[4406.310s][info][gc,heap        ] GC(1243) Eden regions: 1121->0(1119)
[4406.310s][info][gc,heap        ] GC(1243) Survivor regions: 107->109(154)
[4406.310s][info][gc,heap        ] GC(1243) Old regions: 472->505
[4406.310s][info][gc,heap        ] GC(1243) Humongous regions: 80->80
[4406.310s][info][gc,metaspace   ] GC(1243) Metaspace: 28897K(29312K)->28897K(29312K) NonClass: 24029K(24256K)->24029K(24256K) Class: 4868K(5056K)->4868K(5056K)
[4406.310s][info][gc             ] GC(1243) Pause Young (Concurrent Start) (G1 Evacuation Pause) 3558M->1384M(4096M) 117.076ms
[4406.310s][info][gc             ] GC(1244) Concurrent Mark Cycle
[4406.310s][info][gc,marking     ] GC(1244) Concurrent Scan Root Regions
[4406.310s][info][gc,cpu         ] GC(1243) User=0.70s Sys=0.00s Real=0.12s
.[4406.494s][info][gc,marking     ] GC(1244) Concurrent Scan Root Regions 184.261ms
[4406.494s][info][gc,marking     ] GC(1244) Concurrent Mark
[4406.494s][info][gc,marking     ] GC(1244) Concurrent Mark From Roots
[4406.494s][info][gc,task        ] GC(1244) Using 2 workers of 2 for marking
.[4407.518s][info][gc,marking     ] GC(1244) Concurrent Mark From Roots 1024.147ms
[4407.518s][info][gc,marking     ] GC(1244) Concurrent Preclean
[4407.518s][info][gc,marking     ] GC(1244) Concurrent Preclean 0.152ms
[4407.520s][info][gc,start       ] GC(1244) Pause Remark
[4407.526s][info][gc             ] GC(1244) Pause Remark 2498M->2498M(4096M) 6.401ms
[4407.526s][info][gc,cpu         ] GC(1244) User=0.04s Sys=0.00s Real=0.01s
[4407.527s][info][gc,marking     ] GC(1244) Concurrent Mark 1033.088ms
[4407.527s][info][gc,marking     ] GC(1244) Concurrent Rebuild Remembered Sets and Scrub Regions
[4407.897s][info][gc,marking     ] GC(1244) Concurrent Rebuild Remembered Sets and Scrub Regions 369.613ms
[4407.899s][info][gc,start       ] GC(1244) Pause Cleanup
[4407.899s][info][gc             ] GC(1244) Pause Cleanup 2886M->2886M(4096M) 0.132ms
[4407.899s][info][gc,cpu         ] GC(1244) User=0.00s Sys=0.00s Real=0.00s
[4407.899s][info][gc,marking     ] GC(1244) Concurrent Clear Claimed Marks
[4407.899s][info][gc,marking     ] GC(1244) Concurrent Clear Claimed Marks 0.023ms
[4407.899s][info][gc,marking     ] GC(1244) Concurrent Cleanup for Next Mark
[4407.908s][info][gc,marking     ] GC(1244) Concurrent Cleanup for Next Mark 9.026ms
[4407.908s][info][gc             ] GC(1244) Concurrent Mark Cycle 1598.757ms
.[4408.605s][info][gc,start       ] GC(1245) Pause Young (Prepare Mixed) (G1 Evacuation Pause)
[4408.605s][info][gc,task        ] GC(1245) Using 6 workers of 6 for evacuation
[4408.726s][info][gc,phases      ] GC(1245)   Pre Evacuate Collection Set: 0.31ms
[4408.726s][info][gc,phases      ] GC(1245)   Merge Heap Roots: 0.52ms
[4408.726s][info][gc,phases      ] GC(1245)   Evacuate Collection Set: 119.47ms
[4408.726s][info][gc,phases      ] GC(1245)   Post Evacuate Collection Set: 0.97ms
[4408.726s][info][gc,phases      ] GC(1245)   Other: 0.09ms
[4408.726s][info][gc,heap        ] GC(1245) Eden regions: 1119->0(1100)
[4408.726s][info][gc,heap        ] GC(1245) Survivor regions: 109->115(154)
[4408.726s][info][gc,heap        ] GC(1245) Old regions: 505->535
[4408.726s][info][gc,heap        ] GC(1245) Humongous regions: 80->80
[4408.727s][info][gc,metaspace   ] GC(1245) Metaspace: 28897K(29312K)->28897K(29312K) NonClass: 24029K(24256K)->24029K(24256K) Class: 4868K(5056K)->4868K(5056K)
[4408.727s][info][gc             ] GC(1245) Pause Young (Prepare Mixed) (G1 Evacuation Pause) 3622M->1457M(4096M) 121.503ms
[4408.727s][info][gc,cpu         ] GC(1245) User=0.73s Sys=0.00s Real=0.12s
..[4410.967s][info][gc,start       ] GC(1246) Pause Young (Mixed) (G1 Evacuation Pause)
[4410.968s][info][gc,task        ] GC(1246) Using 6 workers of 6 for evacuation
[4411.107s][info][gc,phases      ] GC(1246)   Pre Evacuate Collection Set: 0.35ms
[4411.107s][info][gc,phases      ] GC(1246)   Merge Heap Roots: 0.71ms
[4411.107s][info][gc,phases      ] GC(1246)   Evacuate Collection Set: 137.10ms
[4411.107s][info][gc,phases      ] GC(1246)   Post Evacuate Collection Set: 0.89ms
[4411.107s][info][gc,phases      ] GC(1246)   Other: 0.09ms
[4411.107s][info][gc,heap        ] GC(1246) Eden regions: 1100->0(1115)
[4411.107s][info][gc,heap        ] GC(1246) Survivor regions: 115->113(152)
[4411.107s][info][gc,heap        ] GC(1246) Old regions: 535->471
[4411.107s][info][gc,heap        ] GC(1246) Humongous regions: 80->80
[4411.107s][info][gc,metaspace   ] GC(1246) Metaspace: 28897K(29312K)->28897K(29312K) NonClass: 24029K(24256K)->24029K(24256K) Class: 4868K(5056K)->4868K(5056K)
[4411.107s][info][gc             ] GC(1246) Pause Young (Mixed) (G1 Evacuation Pause) 3657M->1326M(4096M) 139.282ms
[4411.107s][info][gc,cpu         ] GC(1246) User=0.83s Sys=0.00s Real=0.14s
..[4413.391s][info][gc,start       ] GC(1247) Pause Young (Concurrent Start) (G1 Evacuation Pause)
[4413.391s][info][gc,task        ] GC(1247) Using 6 workers of 6 for evacuation
[4413.510s][info][gc,phases      ] GC(1247)   Pre Evacuate Collection Set: 0.38ms
[4413.510s][info][gc,phases      ] GC(1247)   Merge Heap Roots: 0.47ms
[4413.510s][info][gc,phases      ] GC(1247)   Evacuate Collection Set: 117.15ms
[4413.510s][info][gc,phases      ] GC(1247)   Post Evacuate Collection Set: 0.85ms
[4413.510s][info][gc,phases      ] GC(1247)   Other: 0.12ms
[4413.511s][info][gc,heap        ] GC(1247) Eden regions: 1115->0(1117)
[4413.511s][info][gc,heap        ] GC(1247) Survivor regions: 113->111(154)
[4413.511s][info][gc,heap        ] GC(1247) Old regions: 471->503
[4413.511s][info][gc,heap        ] GC(1247) Humongous regions: 80->80
[4413.511s][info][gc,metaspace   ] GC(1247) Metaspace: 28897K(29312K)->28897K(29312K) NonClass: 24029K(24256K)->24029K(24256K) Class: 4868K(5056K)->4868K(5056K)
[4413.511s][info][gc             ] GC(1247) Pause Young (Concurrent Start) (G1 Evacuation Pause) 3556M->1386M(4096M) 119.104ms
[4413.511s][info][gc             ] GC(1248) Concurrent Mark Cycle
[4413.511s][info][gc,marking     ] GC(1248) Concurrent Scan Root Regions
[4413.511s][info][gc,cpu         ] GC(1247) User=0.70s Sys=0.00s Real=0.12s
.[4413.682s][info][gc,marking     ] GC(1248) Concurrent Scan Root Regions 171.605ms
[4413.682s][info][gc,marking     ] GC(1248) Concurrent Mark
[4413.682s][info][gc,marking     ] GC(1248) Concurrent Mark From Roots
[4413.682s][info][gc,task        ] GC(1248) Using 2 workers of 2 for marking
.[4414.674s][info][gc,marking     ] GC(1248) Concurrent Mark From Roots 992.186ms
[4414.675s][info][gc,marking     ] GC(1248) Concurrent Preclean
[4414.675s][info][gc,marking     ] GC(1248) Concurrent Preclean 0.139ms
[4414.679s][info][gc,start       ] GC(1248) Pause Remark
[4414.684s][info][gc             ] GC(1248) Pause Remark 2502M->2502M(4096M) 5.878ms
[4414.684s][info][gc,cpu         ] GC(1248) User=0.03s Sys=0.00s Real=0.01s
[4414.685s][info][gc,marking     ] GC(1248) Concurrent Mark 1002.297ms
[4414.685s][info][gc,marking     ] GC(1248) Concurrent Rebuild Remembered Sets and Scrub Regions
[4415.016s][info][gc,marking     ] GC(1248) Concurrent Rebuild Remembered Sets and Scrub Regions 331.176ms
[4415.016s][info][gc,start       ] GC(1248) Pause Cleanup
[4415.016s][info][gc             ] GC(1248) Pause Cleanup 2818M->2818M(4096M) 0.112ms
[4415.016s][info][gc,cpu         ] GC(1248) User=0.00s Sys=0.00s Real=0.00s
[4415.016s][info][gc,marking     ] GC(1248) Concurrent Clear Claimed Marks
[4415.016s][info][gc,marking     ] GC(1248) Concurrent Clear Claimed Marks 0.024ms
[4415.016s][info][gc,marking     ] GC(1248) Concurrent Cleanup for Next Mark
[4415.021s][info][gc,marking     ] GC(1248) Concurrent Cleanup for Next Mark 5.090ms
[4415.021s][info][gc             ] GC(1248) Concurrent Mark Cycle 1510.747ms
.[4415.769s][info][gc,start       ] GC(1249) Pause Young (Prepare Mixed) (G1 Evacuation Pause)
[4415.769s][info][gc,task        ] GC(1249) Using 6 workers of 6 for evacuation
[4415.885s][info][gc,phases      ] GC(1249)   Pre Evacuate Collection Set: 0.32ms
[4415.885s][info][gc,phases      ] GC(1249)   Merge Heap Roots: 0.50ms
[4415.885s][info][gc,phases      ] GC(1249)   Evacuate Collection Set: 113.38ms
[4415.885s][info][gc,phases      ] GC(1249)   Post Evacuate Collection Set: 0.94ms
[4415.885s][info][gc,phases      ] GC(1249)   Other: 0.09ms
[4415.885s][info][gc,heap        ] GC(1249) Eden regions: 1117->0(1115)
[4415.885s][info][gc,heap        ] GC(1249) Survivor regions: 111->108(154)
[4415.885s][info][gc,heap        ] GC(1249) Old regions: 503->534
[4415.885s][info][gc,heap        ] GC(1249) Humongous regions: 80->80
[4415.885s][info][gc,metaspace   ] GC(1249) Metaspace: 28897K(29312K)->28897K(29312K) NonClass: 24029K(24256K)->24029K(24256K) Class: 4868K(5056K)->4868K(5056K)
[4415.885s][info][gc             ] GC(1249) Pause Young (Prepare Mixed) (G1 Evacuation Pause) 3620M->1442M(4096M) 115.363ms
[4415.885s][info][gc,cpu         ] GC(1249) User=0.69s Sys=0.00s Real=0.12s
..[4418.071s][info][gc,start       ] GC(1250) Pause Young (Mixed) (G1 Evacuation Pause)
[4418.071s][info][gc,task        ] GC(1250) Using 6 workers of 6 for evacuation
[4418.211s][info][gc,phases      ] GC(1250)   Pre Evacuate Collection Set: 0.34ms
[4418.211s][info][gc,phases      ] GC(1250)   Merge Heap Roots: 0.77ms
[4418.211s][info][gc,phases      ] GC(1250)   Evacuate Collection Set: 137.87ms
[4418.211s][info][gc,phases      ] GC(1250)   Post Evacuate Collection Set: 0.95ms
[4418.211s][info][gc,phases      ] GC(1250)   Other: 0.09ms
[4418.211s][info][gc,heap        ] GC(1250) Eden regions: 1115->0(1115)
[4418.211s][info][gc,heap        ] GC(1250) Survivor regions: 108->113(153)
[4418.211s][info][gc,heap        ] GC(1250) Old regions: 534->472
[4418.211s][info][gc,heap        ] GC(1250) Humongous regions: 80->80
[4418.211s][info][gc,metaspace   ] GC(1250) Metaspace: 28897K(29312K)->28897K(29312K) NonClass: 24029K(24256K)->24029K(24256K) Class: 4868K(5056K)->4868K(5056K)
[4418.211s][info][gc             ] GC(1250) Pause Young (Mixed) (G1 Evacuation Pause) 3672M->1327M(4096M) 140.170ms
[4418.211s][info][gc,cpu         ] GC(1250) User=0.83s Sys=0.00s Real=0.14s
..[4420.454s][info][gc,start       ] GC(1251) Pause Young (Concurrent Start) (G1 Evacuation Pause)
[4420.454s][info][gc,task        ] GC(1251) Using 6 workers of 6 for evacuation
[4420.573s][info][gc,phases      ] GC(1251)   Pre Evacuate Collection Set: 0.36ms
[4420.573s][info][gc,phases      ] GC(1251)   Merge Heap Roots: 0.45ms
[4420.573s][info][gc,phases      ] GC(1251)   Evacuate Collection Set: 116.97ms
[4420.573s][info][gc,phases      ] GC(1251)   Post Evacuate Collection Set: 0.85ms
[4420.573s][info][gc,phases      ] GC(1251)   Other: 0.13ms
[4420.573s][info][gc,heap        ] GC(1251) Eden regions: 1115->0(1115)
[4420.573s][info][gc,heap        ] GC(1251) Survivor regions: 113->113(154)
[4420.573s][info][gc,heap        ] GC(1251) Old regions: 472->503
[4420.573s][info][gc,heap        ] GC(1251) Humongous regions: 80->80
[4420.573s][info][gc,metaspace   ] GC(1251) Metaspace: 28897K(29312K)->28897K(29312K) NonClass: 24029K(24256K)->24029K(24256K) Class: 4868K(5056K)->4868K(5056K)
[4420.573s][info][gc             ] GC(1251) Pause Young (Concurrent Start) (G1 Evacuation Pause) 3557M->1390M(4096M) 118.918ms
[4420.573s][info][gc             ] GC(1252) Concurrent Mark Cycle
[4420.573s][info][gc,marking     ] GC(1252) Concurrent Scan Root Regions
[4420.573s][info][gc,cpu         ] GC(1251) User=0.71s Sys=0.00s Real=0.12s
.[4420.711s][info][gc,marking     ] GC(1252) Concurrent Scan Root Regions 138.117ms
[4420.711s][info][gc,marking     ] GC(1252) Concurrent Mark
[4420.711s][info][gc,marking     ] GC(1252) Concurrent Mark From Roots
[4420.711s][info][gc,task        ] GC(1252) Using 2 workers of 2 for marking
[4421.408s][info][gc,marking     ] GC(1252) Concurrent Mark From Roots 696.598ms
[4421.408s][info][gc,marking     ] GC(1252) Concurrent Preclean
[4421.408s][info][gc,marking     ] GC(1252) Concurrent Preclean 0.097ms
[4421.410s][info][gc,start       ] GC(1252) Pause Remark
[4421.415s][info][gc             ] GC(1252) Pause Remark 2088M->2088M(4096M) 4.995ms
[4421.415s][info][gc,cpu         ] GC(1252) User=0.03s Sys=0.00s Real=0.01s
[4421.415s][info][gc,marking     ] GC(1252) Concurrent Mark 703.445ms
[4421.415s][info][gc,marking     ] GC(1252) Concurrent Rebuild Remembered Sets and Scrub Regions
.[4421.689s][info][gc,marking     ] GC(1252) Concurrent Rebuild Remembered Sets and Scrub Regions 273.588ms
[4421.690s][info][gc,start       ] GC(1252) Pause Cleanup
[4421.690s][info][gc             ] GC(1252) Pause Cleanup 2360M->2360M(4096M) 0.127ms
[4421.690s][info][gc,cpu         ] GC(1252) User=0.00s Sys=0.00s Real=0.00s
[4421.691s][info][gc,marking     ] GC(1252) Concurrent Clear Claimed Marks
[4421.691s][info][gc,marking     ] GC(1252) Concurrent Clear Claimed Marks 0.040ms
[4421.691s][info][gc,marking     ] GC(1252) Concurrent Cleanup for Next Mark
[4421.774s][info][gc,marking     ] GC(1252) Concurrent Cleanup for Next Mark 82.975ms
[4421.774s][info][gc             ] GC(1252) Concurrent Mark Cycle 1201.162ms
.[4422.837s][info][gc,start       ] GC(1253) Pause Young (Prepare Mixed) (G1 Evacuation Pause)
[4422.837s][info][gc,task        ] GC(1253) Using 6 workers of 6 for evacuation
[4422.958s][info][gc,phases      ] GC(1253)   Pre Evacuate Collection Set: 0.30ms
[4422.958s][info][gc,phases      ] GC(1253)   Merge Heap Roots: 0.49ms
[4422.958s][info][gc,phases      ] GC(1253)   Evacuate Collection Set: 119.92ms
[4422.958s][info][gc,phases      ] GC(1253)   Post Evacuate Collection Set: 0.92ms
[4422.958s][info][gc,phases      ] GC(1253)   Other: 0.09ms
[4422.958s][info][gc,heap        ] GC(1253) Eden regions: 1115->0(1103)
[4422.958s][info][gc,heap        ] GC(1253) Survivor regions: 113->113(154)
[4422.958s][info][gc,heap        ] GC(1253) Old regions: 503->536
[4422.958s][info][gc,heap        ] GC(1253) Humongous regions: 80->80
[4422.958s][info][gc,metaspace   ] GC(1253) Metaspace: 28897K(29312K)->28897K(29312K) NonClass: 24029K(24256K)->24029K(24256K) Class: 4868K(5056K)->4868K(5056K)
[4422.958s][info][gc             ] GC(1253) Pause Young (Prepare Mixed) (G1 Evacuation Pause) 3620M->1456M(4096M) 121.844ms
[4422.958s][info][gc,cpu         ] GC(1253) User=0.73s Sys=0.00s Real=0.12s
..[4425.159s][info][gc,start       ] GC(1254) Pause Young (Mixed) (G1 Evacuation Pause)
[4425.159s][info][gc,task        ] GC(1254) Using 6 workers of 6 for evacuation
[4425.294s][info][gc,phases      ] GC(1254)   Pre Evacuate Collection Set: 0.35ms
[4425.294s][info][gc,phases      ] GC(1254)   Merge Heap Roots: 0.72ms
[4425.294s][info][gc,phases      ] GC(1254)   Evacuate Collection Set: 132.34ms
[4425.294s][info][gc,phases      ] GC(1254)   Post Evacuate Collection Set: 0.92ms
[4425.294s][info][gc,phases      ] GC(1254)   Other: 0.09ms
[4425.294s][info][gc,heap        ] GC(1254) Eden regions: 1103->0(1119)
[4425.294s][info][gc,heap        ] GC(1254) Survivor regions: 113->109(152)
[4425.294s][info][gc,heap        ] GC(1254) Old regions: 536->473
[4425.294s][info][gc,heap        ] GC(1254) Humongous regions: 80->80
[4425.294s][info][gc,metaspace   ] GC(1254) Metaspace: 28897K(29312K)->28897K(29312K) NonClass: 24029K(24256K)->24029K(24256K) Class: 4868K(5056K)->4868K(5056K)
[4425.294s][info][gc             ] GC(1254) Pause Young (Mixed) (G1 Evacuation Pause) 3662M->1320M(4096M) 134.570ms
[4425.294s][info][gc,cpu         ] GC(1254) User=0.80s Sys=0.00s Real=0.13s
..[4427.566s][info][gc,start       ] GC(1255) Pause Young (Concurrent Start) (G1 Evacuation Pause)
[4427.566s][info][gc,task        ] GC(1255) Using 6 workers of 6 for evacuation
[4427.687s][info][gc,phases      ] GC(1255)   Pre Evacuate Collection Set: 0.36ms
[4427.687s][info][gc,phases      ] GC(1255)   Merge Heap Roots: 0.46ms
[4427.687s][info][gc,phases      ] GC(1255)   Evacuate Collection Set: 119.35ms
[4427.687s][info][gc,phases      ] GC(1255)   Post Evacuate Collection Set: 0.95ms
[4427.687s][info][gc,phases      ] GC(1255)   Other: 0.10ms
[4427.687s][info][gc,heap        ] GC(1255) Eden regions: 1119->0(1115)
[4427.687s][info][gc,heap        ] GC(1255) Survivor regions: 109->113(154)
[4427.687s][info][gc,heap        ] GC(1255) Old regions: 473->504
[4427.687s][info][gc,heap        ] GC(1255) Humongous regions: 80->80
[4427.687s][info][gc,metaspace   ] GC(1255) Metaspace: 28897K(29312K)->28897K(29312K) NonClass: 24029K(24256K)->24029K(24256K) Class: 4868K(5056K)->4868K(5056K)
[4427.687s][info][gc             ] GC(1255) Pause Young (Concurrent Start) (G1 Evacuation Pause) 3558M->1392M(4096M) 121.358ms
[4427.687s][info][gc             ] GC(1256) Concurrent Mark Cycle
[4427.687s][info][gc,marking     ] GC(1256) Concurrent Scan Root Regions
[4427.687s][info][gc,cpu         ] GC(1255) User=0.72s Sys=0.00s Real=0.12s
.[4427.861s][info][gc,marking     ] GC(1256) Concurrent Scan Root Regions 173.614ms
[4427.861s][info][gc,marking     ] GC(1256) Concurrent Mark
[4427.861s][info][gc,marking     ] GC(1256) Concurrent Mark From Roots
[4427.861s][info][gc,task        ] GC(1256) Using 2 workers of 2 for marking
[4428.540s][info][gc,marking     ] GC(1256) Concurrent Mark From Roots 679.293ms
[4428.540s][info][gc,marking     ] GC(1256) Concurrent Preclean
[4428.540s][info][gc,marking     ] GC(1256) Concurrent Preclean 0.092ms
[4428.542s][info][gc,start       ] GC(1256) Pause Remark
[4428.547s][info][gc             ] GC(1256) Pause Remark 2126M->2126M(4096M) 5.273ms
[4428.547s][info][gc,cpu         ] GC(1256) User=0.03s Sys=0.00s Real=0.01s
[4428.547s][info][gc,marking     ] GC(1256) Concurrent Mark 686.387ms
[4428.547s][info][gc,marking     ] GC(1256) Concurrent Rebuild Remembered Sets and Scrub Regions
[4428.813s][info][gc,marking     ] GC(1256) Concurrent Rebuild Remembered Sets and Scrub Regions 265.672ms
[4428.813s][info][gc,start       ] GC(1256) Pause Cleanup
[4428.814s][info][gc             ] GC(1256) Pause Cleanup 2402M->2402M(4096M) 0.108ms
[4428.814s][info][gc,cpu         ] GC(1256) User=0.00s Sys=0.00s Real=0.00s
[4428.814s][info][gc,marking     ] GC(1256) Concurrent Clear Claimed Marks
[4428.814s][info][gc,marking     ] GC(1256) Concurrent Clear Claimed Marks 0.018ms
[4428.814s][info][gc,marking     ] GC(1256) Concurrent Cleanup for Next Mark
[4428.821s][info][gc,marking     ] GC(1256) Concurrent Cleanup for Next Mark 7.519ms
[4428.821s][info][gc             ] GC(1256) Concurrent Mark Cycle 1133.855ms
. (rIR:aIR:PR = 7887:7873:7869) (tPR = 116665) [OK] 
  4428s: Performance info:
         Transaction,    Success,    Partial,     Failed,   Receipts, AvgBarcode, 
             Overall,     478861,          0,          0,     454836,      59.48, 
         Response times:
             Request,    Success,    Partial,     Failed,   SkipFail,     Probes,    Samples,      min,      p50,      p90,      p95,      p99,      max, 
       TotalPurchase,     455527,          0,          0,          0,     357455,     407254,      300,     6700,    89000,   122000,   174000,   309000,
     InStorePurchase,     239690,          0,          0,          0,     187949,     214365,      300,     6700,    89000,   123000,   173000,   309000,
      OnlinePurchase,     168178,          0,          0,          0,     131936,     149913,      300,     6700,    89000,   121000,   175000,   309000,
        InstPurchase,      47659,          0,          0,          0,      37570,      42976,      400,     6800,    88000,   121000,   175000,   294000,
          AssocOfCat,        478,          0,          0,          0,        400,        548,    26000,    48000,   150100,   183000,   227510,   329000,
      AssocOfProduct,       4798,          0,          0,          0,       4531,       5311,      500,     6800,    94000,   124000,   173000,   294000,
      BusinessReport,       1201,          0,          0,          0,       1063,       1298,    26000,    51000,   134100,   173050,   229030,   409000,
          CustBuyBeh,       4796,          0,          0,          0,       4428,       5295,      400,     7300,    94000,   125000,   173000,   283000,
       ProductReturn,      12790,          0,          0,          0,       9744,      11228,      200,     6800,    90000,   121000,   176000,   294000,

  4428s: (58%)   IR =   8025 .[4430.035s][info][gc,start       ] GC(1257) Pause Young (Prepare Mixed) (G1 Evacuation Pause)
[4430.035s][info][gc,task        ] GC(1257) Using 6 workers of 6 for evacuation
[4430.153s][info][gc,phases      ] GC(1257)   Pre Evacuate Collection Set: 0.35ms
[4430.153s][info][gc,phases      ] GC(1257)   Merge Heap Roots: 0.54ms
[4430.153s][info][gc,phases      ] GC(1257)   Evacuate Collection Set: 116.02ms
[4430.153s][info][gc,phases      ] GC(1257)   Post Evacuate Collection Set: 1.00ms
[4430.153s][info][gc,phases      ] GC(1257)   Other: 0.09ms
[4430.153s][info][gc,heap        ] GC(1257) Eden regions: 1115->0(1109)
[4430.153s][info][gc,heap        ] GC(1257) Survivor regions: 113->110(154)
[4430.153s][info][gc,heap        ] GC(1257) Old regions: 504->536
[4430.153s][info][gc,heap        ] GC(1257) Humongous regions: 80->80
[4430.153s][info][gc,metaspace   ] GC(1257) Metaspace: 28897K(29312K)->28897K(29312K) NonClass: 24029K(24256K)->24029K(24256K) Class: 4868K(5056K)->4868K(5056K)
[4430.153s][info][gc             ] GC(1257) Pause Young (Prepare Mixed) (G1 Evacuation Pause) 3622M->1449M(4096M) 118.155ms
[4430.153s][info][gc,cpu         ] GC(1257) User=0.70s Sys=0.00s Real=0.11s
..[4432.359s][info][gc,start       ] GC(1258) Pause Young (Mixed) (G1 Evacuation Pause)
[4432.359s][info][gc,task        ] GC(1258) Using 6 workers of 6 for evacuation
[4432.494s][info][gc,phases      ] GC(1258)   Pre Evacuate Collection Set: 0.38ms
[4432.495s][info][gc,phases      ] GC(1258)   Merge Heap Roots: 0.80ms
[4432.495s][info][gc,phases      ] GC(1258)   Evacuate Collection Set: 132.87ms
[4432.495s][info][gc,phases      ] GC(1258)   Post Evacuate Collection Set: 0.91ms
[4432.495s][info][gc,phases      ] GC(1258)   Other: 0.09ms
[4432.495s][info][gc,heap        ] GC(1258) Eden regions: 1109->0(1118)
[4432.495s][info][gc,heap        ] GC(1258) Survivor regions: 110->110(153)
[4432.495s][info][gc,heap        ] GC(1258) Old regions: 536->472
[4432.495s][info][gc,heap        ] GC(1258) Humongous regions: 80->80
[4432.495s][info][gc,metaspace   ] GC(1258) Metaspace: 28897K(29312K)->28897K(29312K) NonClass: 24029K(24256K)->24029K(24256K) Class: 4868K(5056K)->4868K(5056K)
[4432.495s][info][gc             ] GC(1258) Pause Young (Mixed) (G1 Evacuation Pause) 3667M->1321M(4096M) 135.184ms
[4432.495s][info][gc,cpu         ] GC(1258) User=0.80s Sys=0.00s Real=0.14s
.|.[4434.749s][info][gc,start       ] GC(1259) Pause Young (Concurrent Start) (G1 Evacuation Pause)
[4434.749s][info][gc,task        ] GC(1259) Using 6 workers of 6 for evacuation
[4434.863s][info][gc,phases      ] GC(1259)   Pre Evacuate Collection Set: 0.36ms
[4434.863s][info][gc,phases      ] GC(1259)   Merge Heap Roots: 0.47ms
[4434.863s][info][gc,phases      ] GC(1259)   Evacuate Collection Set: 112.24ms
[4434.863s][info][gc,phases      ] GC(1259)   Post Evacuate Collection Set: 0.94ms
[4434.863s][info][gc,phases      ] GC(1259)   Other: 0.10ms
[4434.863s][info][gc,heap        ] GC(1259) Eden regions: 1118->0(1121)
[4434.863s][info][gc,heap        ] GC(1259) Survivor regions: 110->107(154)
[4434.863s][info][gc,heap        ] GC(1259) Old regions: 472->504
[4434.863s][info][gc,heap        ] GC(1259) Humongous regions: 80->80
[4434.863s][info][gc,metaspace   ] GC(1259) Metaspace: 28897K(29312K)->28897K(29312K) NonClass: 24029K(24256K)->24029K(24256K) Class: 4868K(5056K)->4868K(5056K)
[4434.863s][info][gc             ] GC(1259) Pause Young (Concurrent Start) (G1 Evacuation Pause) 3557M->1379M(4096M) 114.253ms
[4434.863s][info][gc             ] GC(1260) Concurrent Mark Cycle
[4434.863s][info][gc,cpu         ] GC(1259) User=0.68s Sys=0.00s Real=0.11s
[4434.863s][info][gc,marking     ] GC(1260) Concurrent Scan Root Regions
[4435.028s][info][gc,marking     ] GC(1260) Concurrent Scan Root Regions 163.996ms
[4435.028s][info][gc,marking     ] GC(1260) Concurrent Mark
[4435.028s][info][gc,marking     ] GC(1260) Concurrent Mark From Roots
[4435.028s][info][gc,task        ] GC(1260) Using 2 workers of 2 for marking
.[4435.747s][info][gc,marking     ] GC(1260) Concurrent Mark From Roots 719.077ms
[4435.747s][info][gc,marking     ] GC(1260) Concurrent Preclean
[4435.747s][info][gc,marking     ] GC(1260) Concurrent Preclean 0.104ms
[4435.748s][info][gc,start       ] GC(1260) Pause Remark
[4435.751s][info][gc             ] GC(1260) Pause Remark 2165M->2165M(4096M) 3.555ms
[4435.751s][info][gc,cpu         ] GC(1260) User=0.02s Sys=0.00s Real=0.00s
[4435.753s][info][gc,marking     ] GC(1260) Concurrent Mark 725.087ms
[4435.753s][info][gc,marking     ] GC(1260) Concurrent Rebuild Remembered Sets and Scrub Regions
.[4436.116s][info][gc,marking     ] GC(1260) Concurrent Rebuild Remembered Sets and Scrub Regions 363.141ms
[4436.116s][info][gc,start       ] GC(1260) Pause Cleanup
[4436.116s][info][gc             ] GC(1260) Pause Cleanup 2599M->2599M(4096M) 0.113ms
[4436.116s][info][gc,cpu         ] GC(1260) User=0.00s Sys=0.00s Real=0.00s
[4436.117s][info][gc,marking     ] GC(1260) Concurrent Clear Claimed Marks
[4436.117s][info][gc,marking     ] GC(1260) Concurrent Clear Claimed Marks 0.028ms
[4436.117s][info][gc,marking     ] GC(1260) Concurrent Cleanup for Next Mark
[4436.122s][info][gc,marking     ] GC(1260) Concurrent Cleanup for Next Mark 5.109ms
[4436.122s][info][gc             ] GC(1260) Concurrent Mark Cycle 1258.248ms
.[4437.089s][info][gc,start       ] GC(1261) Pause Young (Prepare Mixed) (G1 Evacuation Pause)
[4437.089s][info][gc,task        ] GC(1261) Using 6 workers of 6 for evacuation
[4437.209s][info][gc,phases      ] GC(1261)   Pre Evacuate Collection Set: 0.33ms
[4437.209s][info][gc,phases      ] GC(1261)   Merge Heap Roots: 0.54ms
[4437.209s][info][gc,phases      ] GC(1261)   Evacuate Collection Set: 117.74ms
[4437.209s][info][gc,phases      ] GC(1261)   Post Evacuate Collection Set: 0.93ms
[4437.209s][info][gc,phases      ] GC(1261)   Other: 0.08ms
[4437.209s][info][gc,heap        ] GC(1261) Eden regions: 1121->0(1106)
[4437.209s][info][gc,heap        ] GC(1261) Survivor regions: 107->112(154)
[4437.209s][info][gc,heap        ] GC(1261) Old regions: 504->535
[4437.209s][info][gc,heap        ] GC(1261) Humongous regions: 80->80
[4437.209s][info][gc,metaspace   ] GC(1261) Metaspace: 28897K(29312K)->28897K(29312K) NonClass: 24029K(24256K)->24029K(24256K) Class: 4868K(5056K)->4868K(5056K)
[4437.209s][info][gc             ] GC(1261) Pause Young (Prepare Mixed) (G1 Evacuation Pause) 3621M->1451M(4096M) 119.752ms
[4437.209s][info][gc,cpu         ] GC(1261) User=0.71s Sys=0.00s Real=0.12s
..[4439.422s][info][gc,start       ] GC(1262) Pause Young (Mixed) (G1 Evacuation Pause)
[4439.422s][info][gc,task        ] GC(1262) Using 6 workers of 6 for evacuation
[4439.558s][info][gc,phases      ] GC(1262)   Pre Evacuate Collection Set: 0.35ms
[4439.558s][info][gc,phases      ] GC(1262)   Merge Heap Roots: 0.68ms
[4439.558s][info][gc,phases      ] GC(1262)   Evacuate Collection Set: 134.22ms
[4439.558s][info][gc,phases      ] GC(1262)   Post Evacuate Collection Set: 0.95ms
[4439.558s][info][gc,phases      ] GC(1262)   Other: 0.09ms
[4439.558s][info][gc,heap        ] GC(1262) Eden regions: 1106->0(1115)
[4439.558s][info][gc,heap        ] GC(1262) Survivor regions: 112->113(153)
[4439.558s][info][gc,heap        ] GC(1262) Old regions: 535->472
[4439.558s][info][gc,heap        ] GC(1262) Humongous regions: 80->80
[4439.558s][info][gc,metaspace   ] GC(1262) Metaspace: 28897K(29312K)->28897K(29312K) NonClass: 24029K(24256K)->24029K(24256K) Class: 4868K(5056K)->4868K(5056K)
[4439.558s][info][gc             ] GC(1262) Pause Young (Mixed) (G1 Evacuation Pause) 3663M->1327M(4096M) 136.401ms
[4439.558s][info][gc,cpu         ] GC(1262) User=0.81s Sys=0.00s Real=0.14s
..[4441.755s][info][gc,start       ] GC(1263) Pause Young (Concurrent Start) (G1 Evacuation Pause)
[4441.755s][info][gc,task        ] GC(1263) Using 6 workers of 6 for evacuation
[4441.871s][info][gc,phases      ] GC(1263)   Pre Evacuate Collection Set: 0.36ms
[4441.871s][info][gc,phases      ] GC(1263)   Merge Heap Roots: 0.47ms
[4441.871s][info][gc,phases      ] GC(1263)   Evacuate Collection Set: 114.68ms
[4441.871s][info][gc,phases      ] GC(1263)   Post Evacuate Collection Set: 0.86ms
[4441.871s][info][gc,phases      ] GC(1263)   Other: 0.11ms
[4441.871s][info][gc,heap        ] GC(1263) Eden regions: 1115->0(1119)
[4441.871s][info][gc,heap        ] GC(1263) Survivor regions: 113->109(154)
[4441.871s][info][gc,heap        ] GC(1263) Old regions: 472->504
[4441.871s][info][gc,heap        ] GC(1263) Humongous regions: 80->80
[4441.871s][info][gc,metaspace   ] GC(1263) Metaspace: 28897K(29312K)->28897K(29312K) NonClass: 24029K(24256K)->24029K(24256K) Class: 4868K(5056K)->4868K(5056K)
[4441.871s][info][gc             ] GC(1263) Pause Young (Concurrent Start) (G1 Evacuation Pause) 3557M->1384M(4096M) 116.595ms
[4441.871s][info][gc             ] GC(1264) Concurrent Mark Cycle
[4441.871s][info][gc,marking     ] GC(1264) Concurrent Scan Root Regions
[4441.871s][info][gc,cpu         ] GC(1263) User=0.69s Sys=0.01s Real=0.11s
[4442.010s][info][gc,marking     ] GC(1264) Concurrent Scan Root Regions 138.349ms
[4442.010s][info][gc,marking     ] GC(1264) Concurrent Mark
[4442.010s][info][gc,marking     ] GC(1264) Concurrent Mark From Roots
[4442.010s][info][gc,task        ] GC(1264) Using 2 workers of 2 for marking
.[4442.775s][info][gc,marking     ] GC(1264) Concurrent Mark From Roots 765.503ms
[4442.775s][info][gc,marking     ] GC(1264) Concurrent Preclean
[4442.776s][info][gc,marking     ] GC(1264) Concurrent Preclean 0.121ms
[4442.776s][info][gc,start       ] GC(1264) Pause Remark
[4442.781s][info][gc             ] GC(1264) Pause Remark 2190M->2190M(4096M) 4.865ms
[4442.781s][info][gc,cpu         ] GC(1264) User=0.02s Sys=0.00s Real=0.00s
[4442.782s][info][gc,marking     ] GC(1264) Concurrent Mark 771.961ms
[4442.782s][info][gc,marking     ] GC(1264) Concurrent Rebuild Remembered Sets and Scrub Regions
[4443.109s][info][gc,marking     ] GC(1264) Concurrent Rebuild Remembered Sets and Scrub Regions 326.755ms
[4443.109s][info][gc,start       ] GC(1264) Pause Cleanup
[4443.109s][info][gc             ] GC(1264) Pause Cleanup 2532M->2532M(4096M) 0.111ms
[4443.109s][info][gc,cpu         ] GC(1264) User=0.00s Sys=0.00s Real=0.00s
[4443.109s][info][gc,marking     ] GC(1264) Concurrent Clear Claimed Marks
[4443.109s][info][gc,marking     ] GC(1264) Concurrent Clear Claimed Marks 0.021ms
[4443.109s][info][gc,marking     ] GC(1264) Concurrent Cleanup for Next Mark
[4443.114s][info][gc,marking     ] GC(1264) Concurrent Cleanup for Next Mark 5.462ms
[4443.114s][info][gc             ] GC(1264) Concurrent Mark Cycle 1243.055ms
.[4444.066s][info][gc,start       ] GC(1265) Pause Young (Prepare Mixed) (G1 Evacuation Pause)
[4444.066s][info][gc,task        ] GC(1265) Using 6 workers of 6 for evacuation
[4444.185s][info][gc,phases      ] GC(1265)   Pre Evacuate Collection Set: 0.30ms
[4444.185s][info][gc,phases      ] GC(1265)   Merge Heap Roots: 0.54ms
[4444.185s][info][gc,phases      ] GC(1265)   Evacuate Collection Set: 117.04ms
[4444.185s][info][gc,phases      ] GC(1265)   Post Evacuate Collection Set: 0.94ms
[4444.185s][info][gc,phases      ] GC(1265)   Other: 0.09ms
[4444.185s][info][gc,heap        ] GC(1265) Eden regions: 1119->0(1107)
[4444.185s][info][gc,heap        ] GC(1265) Survivor regions: 109->111(154)
[4444.185s][info][gc,heap        ] GC(1265) Old regions: 504->536
[4444.185s][info][gc,heap        ] GC(1265) Humongous regions: 80->80
[4444.185s][info][gc,metaspace   ] GC(1265) Metaspace: 28897K(29312K)->28897K(29312K) NonClass: 24029K(24256K)->24029K(24256K) Class: 4868K(5056K)->4868K(5056K)
[4444.185s][info][gc             ] GC(1265) Pause Young (Prepare Mixed) (G1 Evacuation Pause) 3622M->1451M(4096M) 119.040ms
[4444.185s][info][gc,cpu         ] GC(1265) User=0.71s Sys=0.00s Real=0.12s
...[4446.421s][info][gc,start       ] GC(1266) Pause Young (Mixed) (G1 Evacuation Pause)
[4446.421s][info][gc,task        ] GC(1266) Using 6 workers of 6 for evacuation
[4446.559s][info][gc,phases      ] GC(1266)   Pre Evacuate Collection Set: 0.38ms
[4446.559s][info][gc,phases      ] GC(1266)   Merge Heap Roots: 0.81ms
[4446.559s][info][gc,phases      ] GC(1266)   Evacuate Collection Set: 135.94ms
[4446.559s][info][gc,phases      ] GC(1266)   Post Evacuate Collection Set: 0.91ms
[4446.559s][info][gc,phases      ] GC(1266)   Other: 0.09ms
[4446.559s][info][gc,heap        ] GC(1266) Eden regions: 1107->0(1118)
[4446.559s][info][gc,heap        ] GC(1266) Survivor regions: 111->110(153)
[4446.559s][info][gc,heap        ] GC(1266) Old regions: 536->473
[4446.559s][info][gc,heap        ] GC(1266) Humongous regions: 80->80
[4446.559s][info][gc,metaspace   ] GC(1266) Metaspace: 28897K(29312K)->28897K(29312K) NonClass: 24029K(24256K)->24029K(24256K) Class: 4868K(5056K)->4868K(5056K)
[4446.559s][info][gc             ] GC(1266) Pause Young (Mixed) (G1 Evacuation Pause) 3665M->1323M(4096M) 138.257ms
[4446.559s][info][gc,cpu         ] GC(1266) User=0.82s Sys=0.00s Real=0.14s
..[4448.810s][info][gc,start       ] GC(1267) Pause Young (Concurrent Start) (G1 Evacuation Pause)
[4448.810s][info][gc,task        ] GC(1267) Using 6 workers of 6 for evacuation
[4448.929s][info][gc,phases      ] GC(1267)   Pre Evacuate Collection Set: 0.36ms
[4448.929s][info][gc,phases      ] GC(1267)   Merge Heap Roots: 0.46ms
[4448.929s][info][gc,phases      ] GC(1267)   Evacuate Collection Set: 116.57ms
[4448.929s][info][gc,phases      ] GC(1267)   Post Evacuate Collection Set: 0.85ms
[4448.929s][info][gc,phases      ] GC(1267)   Other: 0.11ms
[4448.929s][info][gc,heap        ] GC(1267) Eden regions: 1118->0(1117)
[4448.929s][info][gc,heap        ] GC(1267) Survivor regions: 110->111(154)
[4448.929s][info][gc,heap        ] GC(1267) Old regions: 473->504
[4448.929s][info][gc,heap        ] GC(1267) Humongous regions: 80->80
[4448.929s][info][gc,metaspace   ] GC(1267) Metaspace: 28897K(29312K)->28897K(29312K) NonClass: 24029K(24256K)->24029K(24256K) Class: 4868K(5056K)->4868K(5056K)
[4448.929s][info][gc             ] GC(1267) Pause Young (Concurrent Start) (G1 Evacuation Pause) 3559M->1386M(4096M) 118.500ms
[4448.929s][info][gc             ] GC(1268) Concurrent Mark Cycle
[4448.929s][info][gc,marking     ] GC(1268) Concurrent Scan Root Regions
[4448.929s][info][gc,cpu         ] GC(1267) User=0.70s Sys=0.00s Real=0.12s
[4449.075s][info][gc,marking     ] GC(1268) Concurrent Scan Root Regions 146.411ms
[4449.075s][info][gc,marking     ] GC(1268) Concurrent Mark
[4449.075s][info][gc,marking     ] GC(1268) Concurrent Mark From Roots
[4449.075s][info][gc,task        ] GC(1268) Using 2 workers of 2 for marking
.[4449.808s][info][gc,marking     ] GC(1268) Concurrent Mark From Roots 732.292ms
[4449.808s][info][gc,marking     ] GC(1268) Concurrent Preclean
[4449.808s][info][gc,marking     ] GC(1268) Concurrent Preclean 0.118ms
[4449.809s][info][gc,start       ] GC(1268) Pause Remark
[4449.813s][info][gc             ] GC(1268) Pause Remark 2182M->2182M(4096M) 4.729ms
[4449.814s][info][gc,cpu         ] GC(1268) User=0.02s Sys=0.00s Real=0.00s
[4449.814s][info][gc,marking     ] GC(1268) Concurrent Mark 738.290ms
[4449.814s][info][gc,marking     ] GC(1268) Concurrent Rebuild Remembered Sets and Scrub Regions
[4450.105s][info][gc,marking     ] GC(1268) Concurrent Rebuild Remembered Sets and Scrub Regions 290.931ms
[4450.105s][info][gc,start       ] GC(1268) Pause Cleanup
[4450.105s][info][gc             ] GC(1268) Pause Cleanup 2518M->2518M(4096M) 0.119ms
[4450.105s][info][gc,cpu         ] GC(1268) User=0.00s Sys=0.00s Real=0.00s
[4450.105s][info][gc,marking     ] GC(1268) Concurrent Clear Claimed Marks
[4450.105s][info][gc,marking     ] GC(1268) Concurrent Clear Claimed Marks 0.033ms
[4450.105s][info][gc,marking     ] GC(1268) Concurrent Cleanup for Next Mark
[4450.110s][info][gc,marking     ] GC(1268) Concurrent Cleanup for Next Mark 4.598ms
[4450.110s][info][gc             ] GC(1268) Concurrent Mark Cycle 1181.353ms
.[4451.170s][info][gc,start       ] GC(1269) Pause Young (Prepare Mixed) (G1 Evacuation Pause)
[4451.170s][info][gc,task        ] GC(1269) Using 6 workers of 6 for evacuation
[4451.295s][info][gc,phases      ] GC(1269)   Pre Evacuate Collection Set: 0.32ms
[4451.295s][info][gc,phases      ] GC(1269)   Merge Heap Roots: 0.54ms
[4451.295s][info][gc,phases      ] GC(1269)   Evacuate Collection Set: 122.57ms
[4451.295s][info][gc,phases      ] GC(1269)   Post Evacuate Collection Set: 0.91ms
[4451.295s][info][gc,phases      ] GC(1269)   Other: 0.08ms
[4451.295s][info][gc,heap        ] GC(1269) Eden regions: 1117->0(1099)
[4451.295s][info][gc,heap        ] GC(1269) Survivor regions: 111->115(154)
[4451.295s][info][gc,heap        ] GC(1269) Old regions: 504->536
[4451.295s][info][gc,heap        ] GC(1269) Humongous regions: 80->80
[4451.295s][info][gc,metaspace   ] GC(1269) Metaspace: 28897K(29312K)->28897K(29312K) NonClass: 24029K(24256K)->24029K(24256K) Class: 4868K(5056K)->4868K(5056K)
[4451.295s][info][gc             ] GC(1269) Pause Young (Prepare Mixed) (G1 Evacuation Pause) 3620M->1460M(4096M) 124.580ms
[4451.295s][info][gc,cpu         ] GC(1269) User=0.74s Sys=0.00s Real=0.13s
...[4453.453s][info][gc,start       ] GC(1270) Pause Young (Mixed) (G1 Evacuation Pause)
[4453.453s][info][gc,task        ] GC(1270) Using 6 workers of 6 for evacuation
[4453.586s][info][gc,phases      ] GC(1270)   Pre Evacuate Collection Set: 0.38ms
[4453.586s][info][gc,phases      ] GC(1270)   Merge Heap Roots: 0.72ms
[4453.586s][info][gc,phases      ] GC(1270)   Evacuate Collection Set: 131.24ms
[4453.586s][info][gc,phases      ] GC(1270)   Post Evacuate Collection Set: 0.93ms
[4453.586s][info][gc,phases      ] GC(1270)   Other: 0.09ms
[4453.586s][info][gc,heap        ] GC(1270) Eden regions: 1099->0(1119)
[4453.586s][info][gc,heap        ] GC(1270) Survivor regions: 115->109(152)
[4453.586s][info][gc,heap        ] GC(1270) Old regions: 536->473
[4453.586s][info][gc,heap        ] GC(1270) Humongous regions: 80->80
[4453.586s][info][gc,metaspace   ] GC(1270) Metaspace: 28897K(29312K)->28897K(29312K) NonClass: 24029K(24256K)->24029K(24256K) Class: 4868K(5056K)->4868K(5056K)
[4453.586s][info][gc             ] GC(1270) Pause Young (Mixed) (G1 Evacuation Pause) 3658M->1322M(4096M) 133.506ms
[4453.586s][info][gc,cpu         ] GC(1270) User=0.79s Sys=0.01s Real=0.14s
..[4455.814s][info][gc,start       ] GC(1271) Pause Young (Concurrent Start) (G1 Evacuation Pause)
[4455.814s][info][gc,task        ] GC(1271) Using 6 workers of 6 for evacuation
[4455.932s][info][gc,phases      ] GC(1271)   Pre Evacuate Collection Set: 0.38ms
[4455.933s][info][gc,phases      ] GC(1271)   Merge Heap Roots: 0.48ms
[4455.933s][info][gc,phases      ] GC(1271)   Evacuate Collection Set: 116.16ms
[4455.933s][info][gc,phases      ] GC(1271)   Post Evacuate Collection Set: 0.85ms
[4455.933s][info][gc,phases      ] GC(1271)   Other: 0.12ms
[4455.933s][info][gc,heap        ] GC(1271) Eden regions: 1119->0(1117)
[4455.933s][info][gc,heap        ] GC(1271) Survivor regions: 109->111(154)
[4455.933s][info][gc,heap        ] GC(1271) Old regions: 473->506
[4455.933s][info][gc,heap        ] GC(1271) Humongous regions: 80->80
[4455.933s][info][gc,metaspace   ] GC(1271) Metaspace: 28897K(29312K)->28897K(29312K) NonClass: 24029K(24256K)->24029K(24256K) Class: 4868K(5056K)->4868K(5056K)
[4455.933s][info][gc             ] GC(1271) Pause Young (Concurrent Start) (G1 Evacuation Pause) 3560M->1390M(4096M) 118.120ms
[4455.933s][info][gc             ] GC(1272) Concurrent Mark Cycle
[4455.933s][info][gc,marking     ] GC(1272) Concurrent Scan Root Regions
[4455.933s][info][gc,cpu         ] GC(1271) User=0.70s Sys=0.00s Real=0.11s
[4456.066s][info][gc,marking     ] GC(1272) Concurrent Scan Root Regions 133.211ms
[4456.066s][info][gc,marking     ] GC(1272) Concurrent Mark
[4456.066s][info][gc,marking     ] GC(1272) Concurrent Mark From Roots
[4456.066s][info][gc,task        ] GC(1272) Using 2 workers of 2 for marking
.[4456.806s][info][gc,marking     ] GC(1272) Concurrent Mark From Roots 740.587ms
[4456.807s][info][gc,marking     ] GC(1272) Concurrent Preclean
[4456.807s][info][gc,marking     ] GC(1272) Concurrent Preclean 0.148ms
[4456.808s][info][gc,start       ] GC(1272) Pause Remark
[4456.813s][info][gc             ] GC(1272) Pause Remark 2128M->2128M(4096M) 5.116ms
[4456.813s][info][gc,cpu         ] GC(1272) User=0.03s Sys=0.00s Real=0.00s
[4456.813s][info][gc,marking     ] GC(1272) Concurrent Mark 747.605ms
[4456.814s][info][gc,marking     ] GC(1272) Concurrent Rebuild Remembered Sets and Scrub Regions
[4457.145s][info][gc,marking     ] GC(1272) Concurrent Rebuild Remembered Sets and Scrub Regions 331.381ms
[4457.148s][info][gc,start       ] GC(1272) Pause Cleanup
[4457.148s][info][gc             ] GC(1272) Pause Cleanup 2476M->2476M(4096M) 0.137ms
[4457.148s][info][gc,cpu         ] GC(1272) User=0.00s Sys=0.00s Real=0.00s
[4457.148s][info][gc,marking     ] GC(1272) Concurrent Clear Claimed Marks
[4457.148s][info][gc,marking     ] GC(1272) Concurrent Clear Claimed Marks 0.034ms
[4457.148s][info][gc,marking     ] GC(1272) Concurrent Cleanup for Next Mark
[4457.162s][info][gc,marking     ] GC(1272) Concurrent Cleanup for Next Mark 13.705ms
[4457.162s][info][gc             ] GC(1272) Concurrent Mark Cycle 1228.962ms
.[4458.146s][info][gc,start       ] GC(1273) Pause Young (Prepare Mixed) (G1 Evacuation Pause)
[4458.146s][info][gc,task        ] GC(1273) Using 6 workers of 6 for evacuation
[4458.264s][info][gc,phases      ] GC(1273)   Pre Evacuate Collection Set: 0.32ms
[4458.264s][info][gc,phases      ] GC(1273)   Merge Heap Roots: 0.51ms
[4458.264s][info][gc,phases      ] GC(1273)   Evacuate Collection Set: 117.04ms
[4458.264s][info][gc,phases      ] GC(1273)   Post Evacuate Collection Set: 0.91ms
[4458.264s][info][gc,phases      ] GC(1273)   Other: 0.09ms
[4458.265s][info][gc,heap        ] GC(1273) Eden regions: 1117->0(1103)
[4458.265s][info][gc,heap        ] GC(1273) Survivor regions: 111->113(154)
[4458.265s][info][gc,heap        ] GC(1273) Old regions: 506->536
[4458.265s][info][gc,heap        ] GC(1273) Humongous regions: 80->80
[4458.265s][info][gc,metaspace   ] GC(1273) Metaspace: 28897K(29312K)->28897K(29312K) NonClass: 24029K(24256K)->24029K(24256K) Class: 4868K(5056K)->4868K(5056K)
[4458.265s][info][gc             ] GC(1273) Pause Young (Prepare Mixed) (G1 Evacuation Pause) 3624M->1455M(4096M) 118.992ms
[4458.265s][info][gc,cpu         ] GC(1273) User=0.71s Sys=0.00s Real=0.12s
..[4460.478s][info][gc,start       ] GC(1274) Pause Young (Mixed) (G1 Evacuation Pause)
[4460.479s][info][gc,task        ] GC(1274) Using 6 workers of 6 for evacuation
[4460.614s][info][gc,phases      ] GC(1274)   Pre Evacuate Collection Set: 0.36ms
[4460.614s][info][gc,phases      ] GC(1274)   Merge Heap Roots: 0.77ms
[4460.614s][info][gc,phases      ] GC(1274)   Evacuate Collection Set: 133.59ms
[4460.614s][info][gc,phases      ] GC(1274)   Post Evacuate Collection Set: 0.94ms
[4460.614s][info][gc,phases      ] GC(1274)   Other: 0.09ms
[4460.614s][info][gc,heap        ] GC(1274) Eden regions: 1103->0(1116)
[4460.614s][info][gc,heap        ] GC(1274) Survivor regions: 113->112(152)
[4460.614s][info][gc,heap        ] GC(1274) Old regions: 536->472
[4460.614s][info][gc,heap        ] GC(1274) Humongous regions: 80->80
[4460.614s][info][gc,metaspace   ] GC(1274) Metaspace: 28897K(29312K)->28897K(29312K) NonClass: 24029K(24256K)->24029K(24256K) Class: 4868K(5056K)->4868K(5056K)
[4460.614s][info][gc             ] GC(1274) Pause Young (Mixed) (G1 Evacuation Pause) 3661M->1325M(4096M) 135.871ms
[4460.614s][info][gc,cpu         ] GC(1274) User=0.81s Sys=0.00s Real=0.14s
..[4462.770s][info][gc,start       ] GC(1275) Pause Young (Concurrent Start) (G1 Evacuation Pause)
[4462.770s][info][gc,task        ] GC(1275) Using 6 workers of 6 for evacuation
[4462.891s][info][gc,phases      ] GC(1275)   Pre Evacuate Collection Set: 0.39ms
[4462.891s][info][gc,phases      ] GC(1275)   Merge Heap Roots: 0.48ms
[4462.891s][info][gc,phases      ] GC(1275)   Evacuate Collection Set: 119.18ms
[4462.891s][info][gc,phases      ] GC(1275)   Post Evacuate Collection Set: 0.84ms
[4462.891s][info][gc,phases      ] GC(1275)   Other: 0.11ms
[4462.891s][info][gc,heap        ] GC(1275) Eden regions: 1116->0(1116)
[4462.891s][info][gc,heap        ] GC(1275) Survivor regions: 112->112(154)
[4462.891s][info][gc,heap        ] GC(1275) Old regions: 472->505
[4462.891s][info][gc,heap        ] GC(1275) Humongous regions: 80->80
[4462.891s][info][gc,metaspace   ] GC(1275) Metaspace: 28897K(29312K)->28897K(29312K) NonClass: 24029K(24256K)->24029K(24256K) Class: 4868K(5056K)->4868K(5056K)
[4462.891s][info][gc             ] GC(1275) Pause Young (Concurrent Start) (G1 Evacuation Pause) 3557M->1391M(4096M) 121.143ms
[4462.891s][info][gc             ] GC(1276) Concurrent Mark Cycle
[4462.891s][info][gc,marking     ] GC(1276) Concurrent Scan Root Regions
[4462.891s][info][gc,cpu         ] GC(1275) User=0.72s Sys=0.00s Real=0.12s
.[4463.023s][info][gc,marking     ] GC(1276) Concurrent Scan Root Regions 131.741ms
[4463.023s][info][gc,marking     ] GC(1276) Concurrent Mark
[4463.023s][info][gc,marking     ] GC(1276) Concurrent Mark From Roots
[4463.023s][info][gc,task        ] GC(1276) Using 2 workers of 2 for marking
[4463.707s][info][gc,marking     ] GC(1276) Concurrent Mark From Roots 683.645ms
[4463.707s][info][gc,marking     ] GC(1276) Concurrent Preclean
[4463.707s][info][gc,marking     ] GC(1276) Concurrent Preclean 0.132ms
[4463.707s][info][gc,start       ] GC(1276) Pause Remark
[4463.710s][info][gc             ] GC(1276) Pause Remark 2124M->2124M(4096M) 3.325ms
[4463.710s][info][gc,cpu         ] GC(1276) User=0.02s Sys=0.00s Real=0.00s
[4463.711s][info][gc,marking     ] GC(1276) Concurrent Mark 688.296ms
[4463.711s][info][gc,marking     ] GC(1276) Concurrent Rebuild Remembered Sets and Scrub Regions
.[4464.032s][info][gc,marking     ] GC(1276) Concurrent Rebuild Remembered Sets and Scrub Regions 321.229ms
[4464.033s][info][gc,start       ] GC(1276) Pause Cleanup
[4464.033s][info][gc             ] GC(1276) Pause Cleanup 2465M->2465M(4096M) 0.121ms
[4464.033s][info][gc,cpu         ] GC(1276) User=0.00s Sys=0.00s Real=0.00s
[4464.033s][info][gc,marking     ] GC(1276) Concurrent Clear Claimed Marks
[4464.033s][info][gc,marking     ] GC(1276) Concurrent Clear Claimed Marks 0.022ms
[4464.033s][info][gc,marking     ] GC(1276) Concurrent Cleanup for Next Mark
[4464.041s][info][gc,marking     ] GC(1276) Concurrent Cleanup for Next Mark 7.769ms
[4464.041s][info][gc             ] GC(1276) Concurrent Mark Cycle 1149.769ms
.[4465.117s][info][gc,start       ] GC(1277) Pause Young (Prepare Mixed) (G1 Evacuation Pause)
[4465.117s][info][gc,task        ] GC(1277) Using 6 workers of 6 for evacuation
[4465.235s][info][gc,phases      ] GC(1277)   Pre Evacuate Collection Set: 0.35ms
[4465.235s][info][gc,phases      ] GC(1277)   Merge Heap Roots: 0.53ms
[4465.235s][info][gc,phases      ] GC(1277)   Evacuate Collection Set: 115.36ms
[4465.235s][info][gc,phases      ] GC(1277)   Post Evacuate Collection Set: 0.94ms
[4465.235s][info][gc,phases      ] GC(1277)   Other: 0.09ms
[4465.235s][info][gc,heap        ] GC(1277) Eden regions: 1116->0(1109)
[4465.235s][info][gc,heap        ] GC(1277) Survivor regions: 112->110(154)
[4465.235s][info][gc,heap        ] GC(1277) Old regions: 505->536
[4465.235s][info][gc,heap        ] GC(1277) Humongous regions: 80->80
[4465.235s][info][gc,metaspace   ] GC(1277) Metaspace: 28897K(29312K)->28897K(29312K) NonClass: 24029K(24256K)->24029K(24256K) Class: 4868K(5056K)->4868K(5056K)
[4465.235s][info][gc             ] GC(1277) Pause Young (Prepare Mixed) (G1 Evacuation Pause) 3623M->1449M(4096M) 117.410ms
[4465.235s][info][gc,cpu         ] GC(1277) User=0.69s Sys=0.00s Real=0.12s
..[4467.416s][info][gc,start       ] GC(1278) Pause Young (Mixed) (G1 Evacuation Pause)
[4467.416s][info][gc,task        ] GC(1278) Using 6 workers of 6 for evacuation
[4467.548s][info][gc,phases      ] GC(1278)   Pre Evacuate Collection Set: 0.37ms
[4467.548s][info][gc,phases      ] GC(1278)   Merge Heap Roots: 0.73ms
[4467.548s][info][gc,phases      ] GC(1278)   Evacuate Collection Set: 129.71ms
[4467.548s][info][gc,phases      ] GC(1278)   Post Evacuate Collection Set: 0.92ms
[4467.548s][info][gc,phases      ] GC(1278)   Other: 0.10ms
[4467.548s][info][gc,heap        ] GC(1278) Eden regions: 1109->0(1118)
[4467.548s][info][gc,heap        ] GC(1278) Survivor regions: 110->110(153)
[4467.548s][info][gc,heap        ] GC(1278) Old regions: 536->472
[4467.548s][info][gc,heap        ] GC(1278) Humongous regions: 80->80
[4467.548s][info][gc,metaspace   ] GC(1278) Metaspace: 28897K(29312K)->28897K(29312K) NonClass: 24029K(24256K)->24029K(24256K) Class: 4868K(5056K)->4868K(5056K)
[4467.548s][info][gc             ] GC(1278) Pause Young (Mixed) (G1 Evacuation Pause) 3667M->1322M(4096M) 131.964ms
[4467.548s][info][gc,cpu         ] GC(1278) User=0.79s Sys=0.00s Real=0.13s
..[4469.728s][info][gc,start       ] GC(1279) Pause Young (Concurrent Start) (G1 Evacuation Pause)
[4469.728s][info][gc,task        ] GC(1279) Using 6 workers of 6 for evacuation
[4469.853s][info][gc,phases      ] GC(1279)   Pre Evacuate Collection Set: 0.35ms
[4469.853s][info][gc,phases      ] GC(1279)   Merge Heap Roots: 0.47ms
[4469.853s][info][gc,phases      ] GC(1279)   Evacuate Collection Set: 122.90ms
[4469.853s][info][gc,phases      ] GC(1279)   Post Evacuate Collection Set: 0.88ms
[4469.853s][info][gc,phases      ] GC(1279)   Other: 0.10ms
[4469.853s][info][gc,heap        ] GC(1279) Eden regions: 1118->0(1113)
[4469.853s][info][gc,heap        ] GC(1279) Survivor regions: 110->115(154)
[4469.853s][info][gc,heap        ] GC(1279) Old regions: 472->504
[4469.853s][info][gc,heap        ] GC(1279) Humongous regions: 80->80
[4469.853s][info][gc,metaspace   ] GC(1279) Metaspace: 28897K(29312K)->28897K(29312K) NonClass: 24029K(24256K)->24029K(24256K) Class: 4868K(5056K)->4868K(5056K)
[4469.853s][info][gc             ] GC(1279) Pause Young (Concurrent Start) (G1 Evacuation Pause) 3558M->1396M(4096M) 124.830ms
[4469.853s][info][gc             ] GC(1280) Concurrent Mark Cycle
[4469.853s][info][gc,marking     ] GC(1280) Concurrent Scan Root Regions
[4469.853s][info][gc,cpu         ] GC(1279) User=0.74s Sys=0.00s Real=0.12s
.[4469.992s][info][gc,marking     ] GC(1280) Concurrent Scan Root Regions 139.303ms
[4469.993s][info][gc,marking     ] GC(1280) Concurrent Mark
[4469.993s][info][gc,marking     ] GC(1280) Concurrent Mark From Roots
[4469.993s][info][gc,task        ] GC(1280) Using 2 workers of 2 for marking
[4470.752s][info][gc,marking     ] GC(1280) Concurrent Mark From Roots 759.058ms
[4470.752s][info][gc,marking     ] GC(1280) Concurrent Preclean
[4470.752s][info][gc,marking     ] GC(1280) Concurrent Preclean 0.158ms
[4470.752s][info][gc,start       ] GC(1280) Pause Remark
[4470.756s][info][gc             ] GC(1280) Pause Remark 2206M->2206M(4096M) 3.735ms
[4470.756s][info][gc,cpu         ] GC(1280) User=0.02s Sys=0.00s Real=0.01s
[4470.756s][info][gc,marking     ] GC(1280) Concurrent Mark 763.379ms
[4470.756s][info][gc,marking     ] GC(1280) Concurrent Rebuild Remembered Sets and Scrub Regions
.[4471.050s][info][gc,marking     ] GC(1280) Concurrent Rebuild Remembered Sets and Scrub Regions 293.952ms
[4471.051s][info][gc,start       ] GC(1280) Pause Cleanup
[4471.051s][info][gc             ] GC(1280) Pause Cleanup 2512M->2512M(4096M) 0.117ms
[4471.051s][info][gc,cpu         ] GC(1280) User=0.00s Sys=0.00s Real=0.00s
[4471.051s][info][gc,marking     ] GC(1280) Concurrent Clear Claimed Marks
[4471.051s][info][gc,marking     ] GC(1280) Concurrent Clear Claimed Marks 0.020ms
[4471.051s][info][gc,marking     ] GC(1280) Concurrent Cleanup for Next Mark
[4471.055s][info][gc,marking     ] GC(1280) Concurrent Cleanup for Next Mark 4.469ms
[4471.055s][info][gc             ] GC(1280) Concurrent Mark Cycle 1202.325ms
.[4472.032s][info][gc,start       ] GC(1281) Pause Young (Prepare Mixed) (G1 Evacuation Pause)
[4472.032s][info][gc,task        ] GC(1281) Using 6 workers of 6 for evacuation
[4472.151s][info][gc,phases      ] GC(1281)   Pre Evacuate Collection Set: 0.35ms
[4472.151s][info][gc,phases      ] GC(1281)   Merge Heap Roots: 0.55ms
[4472.151s][info][gc,phases      ] GC(1281)   Evacuate Collection Set: 116.75ms
[4472.151s][info][gc,phases      ] GC(1281)   Post Evacuate Collection Set: 0.93ms
[4472.151s][info][gc,phases      ] GC(1281)   Other: 0.09ms
[4472.151s][info][gc,heap        ] GC(1281) Eden regions: 1113->0(1107)
[4472.151s][info][gc,heap        ] GC(1281) Survivor regions: 115->111(154)
[4472.151s][info][gc,heap        ] GC(1281) Old regions: 504->536
[4472.151s][info][gc,heap        ] GC(1281) Humongous regions: 80->80
[4472.151s][info][gc,metaspace   ] GC(1281) Metaspace: 28897K(29312K)->28897K(29312K) NonClass: 24029K(24256K)->24029K(24256K) Class: 4868K(5056K)->4868K(5056K)
[4472.151s][info][gc             ] GC(1281) Pause Young (Prepare Mixed) (G1 Evacuation Pause) 3622M->1451M(4096M) 118.788ms
[4472.151s][info][gc,cpu         ] GC(1281) User=0.70s Sys=0.00s Real=0.12s
..[4474.391s][info][gc,start       ] GC(1282) Pause Young (Mixed) (G1 Evacuation Pause)
[4474.392s][info][gc,task        ] GC(1282) Using 6 workers of 6 for evacuation
[4474.530s][info][gc,phases      ] GC(1282)   Pre Evacuate Collection Set: 0.39ms
[4474.530s][info][gc,phases      ] GC(1282)   Merge Heap Roots: 0.75ms
[4474.530s][info][gc,phases      ] GC(1282)   Evacuate Collection Set: 136.19ms
[4474.530s][info][gc,phases      ] GC(1282)   Post Evacuate Collection Set: 0.93ms
[4474.530s][info][gc,phases      ] GC(1282)   Other: 0.09ms
[4474.530s][info][gc,heap        ] GC(1282) Eden regions: 1107->0(1116)
[4474.530s][info][gc,heap        ] GC(1282) Survivor regions: 111->112(153)
[4474.530s][info][gc,heap        ] GC(1282) Old regions: 536->474
[4474.530s][info][gc,heap        ] GC(1282) Humongous regions: 80->80
[4474.530s][info][gc,metaspace   ] GC(1282) Metaspace: 28897K(29312K)->28897K(29312K) NonClass: 24029K(24256K)->24029K(24256K) Class: 4868K(5056K)->4868K(5056K)
[4474.530s][info][gc             ] GC(1282) Pause Young (Mixed) (G1 Evacuation Pause) 3665M->1328M(4096M) 138.472ms
[4474.530s][info][gc,cpu         ] GC(1282) User=0.82s Sys=0.00s Real=0.14s
..[4476.768s][info][gc,start       ] GC(1283) Pause Young (Concurrent Start) (G1 Evacuation Pause)
[4476.768s][info][gc,task        ] GC(1283) Using 6 workers of 6 for evacuation
[4476.886s][info][gc,phases      ] GC(1283)   Pre Evacuate Collection Set: 0.37ms
[4476.886s][info][gc,phases      ] GC(1283)   Merge Heap Roots: 0.45ms
[4476.886s][info][gc,phases      ] GC(1283)   Evacuate Collection Set: 115.86ms
[4476.886s][info][gc,phases      ] GC(1283)   Post Evacuate Collection Set: 0.86ms
[4476.886s][info][gc,phases      ] GC(1283)   Other: 0.11ms
[4476.886s][info][gc,heap        ] GC(1283) Eden regions: 1116->0(1118)
[4476.886s][info][gc,heap        ] GC(1283) Survivor regions: 112->110(154)
[4476.886s][info][gc,heap        ] GC(1283) Old regions: 474->506
[4476.886s][info][gc,heap        ] GC(1283) Humongous regions: 80->80
[4476.886s][info][gc,metaspace   ] GC(1283) Metaspace: 28897K(29312K)->28897K(29312K) NonClass: 24029K(24256K)->24029K(24256K) Class: 4868K(5056K)->4868K(5056K)
[4476.886s][info][gc             ] GC(1283) Pause Young (Concurrent Start) (G1 Evacuation Pause) 3560M->1388M(4096M) 117.797ms
[4476.886s][info][gc             ] GC(1284) Concurrent Mark Cycle
[4476.886s][info][gc,marking     ] GC(1284) Concurrent Scan Root Regions
[4476.886s][info][gc,cpu         ] GC(1283) User=0.70s Sys=0.01s Real=0.12s
[4477.026s][info][gc,marking     ] GC(1284) Concurrent Scan Root Regions 139.910ms
[4477.026s][info][gc,marking     ] GC(1284) Concurrent Mark
[4477.026s][info][gc,marking     ] GC(1284) Concurrent Mark From Roots
[4477.026s][info][gc,task        ] GC(1284) Using 2 workers of 2 for marking
.[4477.727s][info][gc,marking     ] GC(1284) Concurrent Mark From Roots 700.663ms
[4477.727s][info][gc,marking     ] GC(1284) Concurrent Preclean
[4477.727s][info][gc,marking     ] GC(1284) Concurrent Preclean 0.144ms
[4477.729s][info][gc,start       ] GC(1284) Pause Remark
[4477.735s][info][gc             ] GC(1284) Pause Remark 2138M->2138M(4096M) 5.930ms
[4477.735s][info][gc,cpu         ] GC(1284) User=0.04s Sys=0.00s Real=0.01s
[4477.735s][info][gc,marking     ] GC(1284) Concurrent Mark 709.095ms
[4477.735s][info][gc,marking     ] GC(1284) Concurrent Rebuild Remembered Sets and Scrub Regions
[4478.024s][info][gc,marking     ] GC(1284) Concurrent Rebuild Remembered Sets and Scrub Regions 288.801ms
[4478.026s][info][gc,start       ] GC(1284) Pause Cleanup
[4478.026s][info][gc             ] GC(1284) Pause Cleanup 2454M->2454M(4096M) 0.138ms
[4478.026s][info][gc,cpu         ] GC(1284) User=0.00s Sys=0.00s Real=0.00s
[4478.026s][info][gc,marking     ] GC(1284) Concurrent Clear Claimed Marks
[4478.026s][info][gc,marking     ] GC(1284) Concurrent Clear Claimed Marks 0.028ms
[4478.026s][info][gc,marking     ] GC(1284) Concurrent Cleanup for Next Mark
[4478.034s][info][gc,marking     ] GC(1284) Concurrent Cleanup for Next Mark 7.453ms
[4478.034s][info][gc             ] GC(1284) Concurrent Mark Cycle 1147.666ms
..[4479.146s][info][gc,start       ] GC(1285) Pause Young (Prepare Mixed) (G1 Evacuation Pause)
[4479.146s][info][gc,task        ] GC(1285) Using 6 workers of 6 for evacuation
[4479.266s][info][gc,phases      ] GC(1285)   Pre Evacuate Collection Set: 0.31ms
[4479.266s][info][gc,phases      ] GC(1285)   Merge Heap Roots: 0.63ms
[4479.266s][info][gc,phases      ] GC(1285)   Evacuate Collection Set: 118.19ms
[4479.266s][info][gc,phases      ] GC(1285)   Post Evacuate Collection Set: 0.92ms
[4479.266s][info][gc,phases      ] GC(1285)   Other: 0.09ms
[4479.266s][info][gc,heap        ] GC(1285) Eden regions: 1118->0(1106)
[4479.266s][info][gc,heap        ] GC(1285) Survivor regions: 110->111(154)
[4479.266s][info][gc,heap        ] GC(1285) Old regions: 506->537
[4479.266s][info][gc,heap        ] GC(1285) Humongous regions: 80->80
[4479.266s][info][gc,metaspace   ] GC(1285) Metaspace: 28897K(29312K)->28897K(29312K) NonClass: 24029K(24256K)->24029K(24256K) Class: 4868K(5056K)->4868K(5056K)
[4479.266s][info][gc             ] GC(1285) Pause Young (Prepare Mixed) (G1 Evacuation Pause) 3624M->1453M(4096M) 120.271ms
[4479.266s][info][gc,cpu         ] GC(1285) User=0.71s Sys=0.00s Real=0.12s
..[4481.477s][info][gc,start       ] GC(1286) Pause Young (Mixed) (G1 Evacuation Pause)
[4481.477s][info][gc,task        ] GC(1286) Using 6 workers of 6 for evacuation
[4481.611s][info][gc,phases      ] GC(1286)   Pre Evacuate Collection Set: 0.36ms
[4481.611s][info][gc,phases      ] GC(1286)   Merge Heap Roots: 0.68ms
[4481.611s][info][gc,phases      ] GC(1286)   Evacuate Collection Set: 132.15ms
[4481.611s][info][gc,phases      ] GC(1286)   Post Evacuate Collection Set: 0.92ms
[4481.611s][info][gc,phases      ] GC(1286)   Other: 0.08ms
[4481.611s][info][gc,heap        ] GC(1286) Eden regions: 1106->0(1117)
[4481.611s][info][gc,heap        ] GC(1286) Survivor regions: 111->111(153)
[4481.611s][info][gc,heap        ] GC(1286) Old regions: 537->471
[4481.611s][info][gc,heap        ] GC(1286) Humongous regions: 80->80
[4481.611s][info][gc,metaspace   ] GC(1286) Metaspace: 28897K(29312K)->28897K(29312K) NonClass: 24029K(24256K)->24029K(24256K) Class: 4868K(5056K)->4868K(5056K)
[4481.611s][info][gc             ] GC(1286) Pause Young (Mixed) (G1 Evacuation Pause) 3665M->1321M(4096M) 134.324ms
[4481.611s][info][gc,cpu         ] GC(1286) User=0.80s Sys=0.00s Real=0.13s
..[4483.766s][info][gc,start       ] GC(1287) Pause Young (Concurrent Start) (G1 Evacuation Pause)
[4483.767s][info][gc,task        ] GC(1287) Using 6 workers of 6 for evacuation
[4483.885s][info][gc,phases      ] GC(1287)   Pre Evacuate Collection Set: 0.35ms
[4483.885s][info][gc,phases      ] GC(1287)   Merge Heap Roots: 0.48ms
[4483.885s][info][gc,phases      ] GC(1287)   Evacuate Collection Set: 116.21ms
[4483.885s][info][gc,phases      ] GC(1287)   Post Evacuate Collection Set: 0.92ms
[4483.885s][info][gc,phases      ] GC(1287)   Other: 0.12ms
[4483.885s][info][gc,heap        ] GC(1287) Eden regions: 1117->0(1118)
[4483.885s][info][gc,heap        ] GC(1287) Survivor regions: 111->110(154)
[4483.885s][info][gc,heap        ] GC(1287) Old regions: 471->503
[4483.885s][info][gc,heap        ] GC(1287) Humongous regions: 80->80
[4483.885s][info][gc,metaspace   ] GC(1287) Metaspace: 28897K(29312K)->28897K(29312K) NonClass: 24029K(24256K)->24029K(24256K) Class: 4868K(5056K)->4868K(5056K)
[4483.885s][info][gc             ] GC(1287) Pause Young (Concurrent Start) (G1 Evacuation Pause) 3555M->1382M(4096M) 118.208ms
[4483.885s][info][gc             ] GC(1288) Concurrent Mark Cycle
[4483.885s][info][gc,marking     ] GC(1288) Concurrent Scan Root Regions
[4483.885s][info][gc,cpu         ] GC(1287) User=0.71s Sys=0.00s Real=0.12s
[4483.994s][info][gc,marking     ] GC(1288) Concurrent Scan Root Regions 109.375ms
[4483.994s][info][gc,marking     ] GC(1288) Concurrent Mark
[4483.994s][info][gc,marking     ] GC(1288) Concurrent Mark From Roots
[4483.994s][info][gc,task        ] GC(1288) Using 2 workers of 2 for marking
.[4484.558s][info][gc,marking     ] GC(1288) Concurrent Mark From Roots 564.285ms
[4484.559s][info][gc,marking     ] GC(1288) Concurrent Preclean
[4484.559s][info][gc,marking     ] GC(1288) Concurrent Preclean 0.122ms
[4484.562s][info][gc,start       ] GC(1288) Pause Remark
[4484.564s][info][gc             ] GC(1288) Pause Remark 1936M->1936M(4096M) 2.693ms
[4484.564s][info][gc,cpu         ] GC(1288) User=0.01s Sys=0.00s Real=0.00s
[4484.564s][info][gc,marking     ] GC(1288) Concurrent Mark 570.190ms
[4484.564s][info][gc,marking     ] GC(1288) Concurrent Rebuild Remembered Sets and Scrub Regions
[4484.957s][info][gc,marking     ] GC(1288) Concurrent Rebuild Remembered Sets and Scrub Regions 392.666ms
[4484.958s][info][gc,start       ] GC(1288) Pause Cleanup
[4484.958s][info][gc             ] GC(1288) Pause Cleanup 2414M->2414M(4096M) 0.143ms
[4484.958s][info][gc,cpu         ] GC(1288) User=0.00s Sys=0.00s Real=0.00s
[4484.958s][info][gc,marking     ] GC(1288) Concurrent Clear Claimed Marks
[4484.958s][info][gc,marking     ] GC(1288) Concurrent Clear Claimed Marks 0.031ms
[4484.958s][info][gc,marking     ] GC(1288) Concurrent Cleanup for Next Mark
[4484.963s][info][gc,marking     ] GC(1288) Concurrent Cleanup for Next Mark 5.185ms
[4484.963s][info][gc             ] GC(1288) Concurrent Mark Cycle 1078.380ms
..[4486.135s][info][gc,start       ] GC(1289) Pause Young (Prepare Mixed) (G1 Evacuation Pause)
[4486.135s][info][gc,task        ] GC(1289) Using 6 workers of 6 for evacuation
[4486.259s][info][gc,phases      ] GC(1289)   Pre Evacuate Collection Set: 0.30ms
[4486.259s][info][gc,phases      ] GC(1289)   Merge Heap Roots: 0.50ms
[4486.259s][info][gc,phases      ] GC(1289)   Evacuate Collection Set: 121.41ms
[4486.259s][info][gc,phases      ] GC(1289)   Post Evacuate Collection Set: 0.82ms
[4486.259s][info][gc,phases      ] GC(1289)   Other: 0.09ms
[4486.259s][info][gc,heap        ] GC(1289) Eden regions: 1118->0(1100)
[4486.259s][info][gc,heap        ] GC(1289) Survivor regions: 110->115(154)
[4486.259s][info][gc,heap        ] GC(1289) Old regions: 503->535
[4486.259s][info][gc,heap        ] GC(1289) Humongous regions: 80->80
[4486.259s][info][gc,metaspace   ] GC(1289) Metaspace: 28897K(29312K)->28897K(29312K) NonClass: 24029K(24256K)->24029K(24256K) Class: 4868K(5056K)->4868K(5056K)
[4486.259s][info][gc             ] GC(1289) Pause Young (Prepare Mixed) (G1 Evacuation Pause) 3618M->1456M(4096M) 123.250ms
[4486.259s][info][gc,cpu         ] GC(1289) User=0.73s Sys=0.00s Real=0.12s
..[4488.464s][info][gc,start       ] GC(1290) Pause Young (Mixed) (G1 Evacuation Pause)
[4488.464s][info][gc,task        ] GC(1290) Using 6 workers of 6 for evacuation
[4488.599s][info][gc,phases      ] GC(1290)   Pre Evacuate Collection Set: 0.37ms
[4488.599s][info][gc,phases      ] GC(1290)   Merge Heap Roots: 0.73ms
[4488.599s][info][gc,phases      ] GC(1290)   Evacuate Collection Set: 132.56ms
[4488.599s][info][gc,phases      ] GC(1290)   Post Evacuate Collection Set: 0.94ms
[4488.599s][info][gc,phases      ] GC(1290)   Other: 0.09ms
[4488.599s][info][gc,heap        ] GC(1290) Eden regions: 1100->0(1118)
[4488.599s][info][gc,heap        ] GC(1290) Survivor regions: 115->110(152)
[4488.599s][info][gc,heap        ] GC(1290) Old regions: 535->472
[4488.599s][info][gc,heap        ] GC(1290) Humongous regions: 80->80
[4488.599s][info][gc,metaspace   ] GC(1290) Metaspace: 28897K(29312K)->28897K(29312K) NonClass: 24029K(24256K)->24029K(24256K) Class: 4868K(5056K)->4868K(5056K)
[4488.599s][info][gc             ] GC(1290) Pause Young (Mixed) (G1 Evacuation Pause) 3656M->1321M(4096M) 134.800ms
[4488.599s][info][gc,cpu         ] GC(1290) User=0.81s Sys=0.00s Real=0.14s
..[4490.786s][info][gc,start       ] GC(1291) Pause Young (Concurrent Start) (G1 Evacuation Pause)
[4490.786s][info][gc,task        ] GC(1291) Using 6 workers of 6 for evacuation
[4490.901s][info][gc,phases      ] GC(1291)   Pre Evacuate Collection Set: 0.35ms
[4490.901s][info][gc,phases      ] GC(1291)   Merge Heap Roots: 0.49ms
[4490.901s][info][gc,phases      ] GC(1291)   Evacuate Collection Set: 113.78ms
[4490.901s][info][gc,phases      ] GC(1291)   Post Evacuate Collection Set: 0.87ms
[4490.901s][info][gc,phases      ] GC(1291)   Other: 0.11ms
[4490.901s][info][gc,heap        ] GC(1291) Eden regions: 1118->0(1119)
[4490.901s][info][gc,heap        ] GC(1291) Survivor regions: 110->109(154)
[4490.901s][info][gc,heap        ] GC(1291) Old regions: 472->503
[4490.901s][info][gc,heap        ] GC(1291) Humongous regions: 80->80
[4490.901s][info][gc,metaspace   ] GC(1291) Metaspace: 28897K(29312K)->28897K(29312K) NonClass: 24029K(24256K)->24029K(24256K) Class: 4868K(5056K)->4868K(5056K)
[4490.901s][info][gc             ] GC(1291) Pause Young (Concurrent Start) (G1 Evacuation Pause) 3557M->1381M(4096M) 115.740ms
[4490.901s][info][gc             ] GC(1292) Concurrent Mark Cycle
[4490.901s][info][gc,marking     ] GC(1292) Concurrent Scan Root Regions
[4490.901s][info][gc,cpu         ] GC(1291) User=0.69s Sys=0.00s Real=0.11s
[4491.068s][info][gc,marking     ] GC(1292) Concurrent Scan Root Regions 166.141ms
[4491.068s][info][gc,marking     ] GC(1292) Concurrent Mark
[4491.068s][info][gc,marking     ] GC(1292) Concurrent Mark From Roots
[4491.068s][info][gc,task        ] GC(1292) Using 2 workers of 2 for marking
.[4492.030s][info][gc,marking     ] GC(1292) Concurrent Mark From Roots 962.775ms
[4492.030s][info][gc,marking     ] GC(1292) Concurrent Preclean
[4492.031s][info][gc,marking     ] GC(1292) Concurrent Preclean 0.142ms
[4492.035s][info][gc,start       ] GC(1292) Pause Remark
[4492.041s][info][gc             ] GC(1292) Pause Remark 2439M->2439M(4096M) 6.064ms
[4492.041s][info][gc,cpu         ] GC(1292) User=0.04s Sys=0.00s Real=0.00s
[4492.041s][info][gc,marking     ] GC(1292) Concurrent Mark 973.610ms
[4492.041s][info][gc,marking     ] GC(1292) Concurrent Rebuild Remembered Sets and Scrub Regions
.[4492.425s][info][gc,marking     ] GC(1292) Concurrent Rebuild Remembered Sets and Scrub Regions 384.138ms
[4492.429s][info][gc,start       ] GC(1292) Pause Cleanup
[4492.429s][info][gc             ] GC(1292) Pause Cleanup 2795M->2795M(4096M) 0.132ms
[4492.429s][info][gc,cpu         ] GC(1292) User=0.00s Sys=0.00s Real=0.00s
[4492.429s][info][gc,marking     ] GC(1292) Concurrent Clear Claimed Marks
[4492.429s][info][gc,marking     ] GC(1292) Concurrent Clear Claimed Marks 0.025ms
[4492.429s][info][gc,marking     ] GC(1292) Concurrent Cleanup for Next Mark
[4492.434s][info][gc,marking     ] GC(1292) Concurrent Cleanup for Next Mark 4.705ms
[4492.434s][info][gc             ] GC(1292) Concurrent Mark Cycle 1532.719ms
. (rIR:aIR:PR = 8025:8048:8048) (tPR = 119424) [OK] 
  4492s: Performance info:
         Transaction,    Success,    Partial,     Failed,   Receipts, AvgBarcode, 
             Overall,     483376,          0,          0,     459239,      59.47, 
         Response times:
             Request,    Success,    Partial,     Failed,   SkipFail,     Probes,    Samples,      min,      p50,      p90,      p95,      p99,      max, 
       TotalPurchase,     459214,          0,          0,          0,     351734,     385670,      300,     6800,   109000,   155000,   212000,   576000,
     InStorePurchase,     241724,          0,          0,          0,     184953,     202939,      300,     6800,   111000,   155000,   210000,   408000,
      OnlinePurchase,     169002,          0,          0,          0,     129821,     142213,      300,     6700,   106000,   154000,   214000,   576000,
        InstPurchase,      48488,          0,          0,          0,      36960,      40518,      300,     6900,   108000,   155000,   213000,   378000,
          AssocOfCat,        479,          0,          0,          0,        402,        528,    23000,    45000,   158300,   204000,   287000,   364000,
      AssocOfProduct,       4816,          0,          0,          0,       3326,       3835,      500,     7200,   113000,   160000,   213000,   351000,
      BusinessReport,       1211,          0,          0,          0,       1059,       1246,    30000,    55000,   199300,   228000,   299000,   451000,
          CustBuyBeh,       4809,          0,          0,          0,       3352,       3800,      300,     6200,   109000,   150950,   209000,   350000,
       ProductReturn,      12839,          0,          0,          0,       9868,      10994,      200,     6800,   111000,   159000,   210000,   378000,

  4492s: (59%)   IR =   8164 [4493.191s][info][gc,start       ] GC(1293) Pause Young (Prepare Mixed) (G1 Evacuation Pause)
[4493.192s][info][gc,task        ] GC(1293) Using 6 workers of 6 for evacuation
[4493.309s][info][gc,phases      ] GC(1293)   Pre Evacuate Collection Set: 0.33ms
[4493.309s][info][gc,phases      ] GC(1293)   Merge Heap Roots: 0.55ms
[4493.309s][info][gc,phases      ] GC(1293)   Evacuate Collection Set: 116.01ms
[4493.309s][info][gc,phases      ] GC(1293)   Post Evacuate Collection Set: 0.92ms
[4493.309s][info][gc,phases      ] GC(1293)   Other: 0.10ms
[4493.309s][info][gc,heap        ] GC(1293) Eden regions: 1119->0(1110)
[4493.309s][info][gc,heap        ] GC(1293) Survivor regions: 109->110(154)
[4493.309s][info][gc,heap        ] GC(1293) Old regions: 503->535
[4493.309s][info][gc,heap        ] GC(1293) Humongous regions: 80->80
[4493.309s][info][gc,metaspace   ] GC(1293) Metaspace: 28897K(29312K)->28897K(29312K) NonClass: 24029K(24256K)->24029K(24256K) Class: 4868K(5056K)->4868K(5056K)
[4493.310s][info][gc             ] GC(1293) Pause Young (Prepare Mixed) (G1 Evacuation Pause) 3619M->1447M(4096M) 118.036ms
[4493.310s][info][gc,cpu         ] GC(1293) User=0.70s Sys=0.00s Real=0.12s
..[4495.470s][info][gc,start       ] GC(1294) Pause Young (Mixed) (G1 Evacuation Pause)
[4495.470s][info][gc,task        ] GC(1294) Using 6 workers of 6 for evacuation
[4495.613s][info][gc,phases      ] GC(1294)   Pre Evacuate Collection Set: 0.38ms
[4495.613s][info][gc,phases      ] GC(1294)   Merge Heap Roots: 0.89ms
[4495.613s][info][gc,phases      ] GC(1294)   Evacuate Collection Set: 140.76ms
[4495.613s][info][gc,phases      ] GC(1294)   Post Evacuate Collection Set: 0.98ms
[4495.613s][info][gc,phases      ] GC(1294)   Other: 0.09ms
[4495.613s][info][gc,heap        ] GC(1294) Eden regions: 1110->0(1113)
[4495.613s][info][gc,heap        ] GC(1294) Survivor regions: 110->115(153)
[4495.613s][info][gc,heap        ] GC(1294) Old regions: 535->472
[4495.613s][info][gc,heap        ] GC(1294) Humongous regions: 80->80
[4495.613s][info][gc,metaspace   ] GC(1294) Metaspace: 28897K(29312K)->28897K(29312K) NonClass: 24029K(24256K)->24029K(24256K) Class: 4868K(5056K)->4868K(5056K)
[4495.613s][info][gc             ] GC(1294) Pause Young (Mixed) (G1 Evacuation Pause) 3667M->1331M(4096M) 143.234ms
[4495.613s][info][gc,cpu         ] GC(1294) User=0.85s Sys=0.00s Real=0.14s
..[4497.765s][info][gc,start       ] GC(1295) Pause Young (Concurrent Start) (G1 Evacuation Pause)
[4497.765s][info][gc,task        ] GC(1295) Using 6 workers of 6 for evacuation
[4497.881s][info][gc,phases      ] GC(1295)   Pre Evacuate Collection Set: 0.40ms
[4497.881s][info][gc,phases      ] GC(1295)   Merge Heap Roots: 0.47ms
[4497.881s][info][gc,phases      ] GC(1295)   Evacuate Collection Set: 114.20ms
[4497.881s][info][gc,phases      ] GC(1295)   Post Evacuate Collection Set: 0.87ms
[4497.881s][info][gc,phases      ] GC(1295)   Other: 0.11ms
[4497.881s][info][gc,heap        ] GC(1295) Eden regions: 1113->0(1120)
[4497.881s][info][gc,heap        ] GC(1295) Survivor regions: 115->108(154)
[4497.881s][info][gc,heap        ] GC(1295) Old regions: 472->504
[4497.881s][info][gc,heap        ] GC(1295) Humongous regions: 80->80
[4497.881s][info][gc,metaspace   ] GC(1295) Metaspace: 28897K(29312K)->28897K(29312K) NonClass: 24029K(24256K)->24029K(24256K) Class: 4868K(5056K)->4868K(5056K)
[4497.881s][info][gc             ] GC(1295) Pause Young (Concurrent Start) (G1 Evacuation Pause) 3557M->1381M(4096M) 116.183ms
[4497.881s][info][gc             ] GC(1296) Concurrent Mark Cycle
[4497.881s][info][gc,marking     ] GC(1296) Concurrent Scan Root Regions
[4497.881s][info][gc,cpu         ] GC(1295) User=0.69s Sys=0.00s Real=0.11s
[4498.051s][info][gc,marking     ] GC(1296) Concurrent Scan Root Regions 169.846ms
[4498.051s][info][gc,marking     ] GC(1296) Concurrent Mark
[4498.051s][info][gc,marking     ] GC(1296) Concurrent Mark From Roots
[4498.051s][info][gc,task        ] GC(1296) Using 2 workers of 2 for marking
.[4499.049s][info][gc,marking     ] GC(1296) Concurrent Mark From Roots 997.658ms
[4499.049s][info][gc,marking     ] GC(1296) Concurrent Preclean
[4499.049s][info][gc,marking     ] GC(1296) Concurrent Preclean 0.148ms
[4499.050s][info][gc,start       ] GC(1296) Pause Remark
[4499.055s][info][gc             ] GC(1296) Pause Remark 2536M->2536M(4096M) 4.976ms
[4499.055s][info][gc,cpu         ] GC(1296) User=0.02s Sys=0.00s Real=0.01s
[4499.056s][info][gc,marking     ] GC(1296) Concurrent Mark 1004.508ms
[4499.056s][info][gc,marking     ] GC(1296) Concurrent Rebuild Remembered Sets and Scrub Regions
.[4499.438s][info][gc,marking     ] GC(1296) Concurrent Rebuild Remembered Sets and Scrub Regions 381.873ms
[4499.438s][info][gc,start       ] GC(1296) Pause Cleanup
[4499.438s][info][gc             ] GC(1296) Pause Cleanup 2919M->2919M(4096M) 0.104ms
[4499.438s][info][gc,cpu         ] GC(1296) User=0.00s Sys=0.00s Real=0.00s
[4499.439s][info][gc,marking     ] GC(1296) Concurrent Clear Claimed Marks
[4499.439s][info][gc,marking     ] GC(1296) Concurrent Clear Claimed Marks 0.037ms
[4499.439s][info][gc,marking     ] GC(1296) Concurrent Cleanup for Next Mark
[4499.444s][info][gc,marking     ] GC(1296) Concurrent Cleanup for Next Mark 4.893ms
[4499.444s][info][gc             ] GC(1296) Concurrent Mark Cycle 1562.999ms
[4500.111s][info][gc,start       ] GC(1297) Pause Young (Prepare Mixed) (G1 Evacuation Pause)
[4500.111s][info][gc,task        ] GC(1297) Using 6 workers of 6 for evacuation
[4500.234s][info][gc,phases      ] GC(1297)   Pre Evacuate Collection Set: 0.31ms
[4500.234s][info][gc,phases      ] GC(1297)   Merge Heap Roots: 0.50ms
[4500.234s][info][gc,phases      ] GC(1297)   Evacuate Collection Set: 120.98ms
[4500.234s][info][gc,phases      ] GC(1297)   Post Evacuate Collection Set: 0.88ms
[4500.234s][info][gc,phases      ] GC(1297)   Other: 0.09ms
[4500.234s][info][gc,heap        ] GC(1297) Eden regions: 1120->0(1102)
[4500.234s][info][gc,heap        ] GC(1297) Survivor regions: 108->114(154)
[4500.234s][info][gc,heap        ] GC(1297) Old regions: 504->535
[4500.234s][info][gc,heap        ] GC(1297) Humongous regions: 80->80
[4500.234s][info][gc,metaspace   ] GC(1297) Metaspace: 28897K(29312K)->28897K(29312K) NonClass: 24029K(24256K)->24029K(24256K) Class: 4868K(5056K)->4868K(5056K)
[4500.234s][info][gc             ] GC(1297) Pause Young (Prepare Mixed) (G1 Evacuation Pause) 3621M->1455M(4096M) 122.887ms
[4500.234s][info][gc,cpu         ] GC(1297) User=0.74s Sys=0.00s Real=0.12s
...[4502.369s][info][gc,start       ] GC(1298) Pause Young (Mixed) (G1 Evacuation Pause)
[4502.369s][info][gc,task        ] GC(1298) Using 6 workers of 6 for evacuation
[4502.507s][info][gc,phases      ] GC(1298)   Pre Evacuate Collection Set: 0.39ms
[4502.507s][info][gc,phases      ] GC(1298)   Merge Heap Roots: 0.70ms
[4502.507s][info][gc,phases      ] GC(1298)   Evacuate Collection Set: 134.92ms
[4502.507s][info][gc,phases      ] GC(1298)   Post Evacuate Collection Set: 1.03ms
[4502.507s][info][gc,phases      ] GC(1298)   Other: 0.09ms
[4502.507s][info][gc,heap        ] GC(1298) Eden regions: 1102->0(1115)
[4502.507s][info][gc,heap        ] GC(1298) Survivor regions: 114->113(152)
[4502.507s][info][gc,heap        ] GC(1298) Old regions: 535->472
[4502.507s][info][gc,heap        ] GC(1298) Humongous regions: 80->80
[4502.507s][info][gc,metaspace   ] GC(1298) Metaspace: 28897K(29312K)->28897K(29312K) NonClass: 24029K(24256K)->24029K(24256K) Class: 4868K(5056K)->4868K(5056K)
[4502.507s][info][gc             ] GC(1298) Pause Young (Mixed) (G1 Evacuation Pause) 3659M->1327M(4096M) 137.260ms
[4502.507s][info][gc,cpu         ] GC(1298) User=0.81s Sys=0.00s Real=0.14s
.|.[4504.721s][info][gc,start       ] GC(1299) Pause Young (Concurrent Start) (G1 Evacuation Pause)
[4504.721s][info][gc,task        ] GC(1299) Using 6 workers of 6 for evacuation
[4504.838s][info][gc,phases      ] GC(1299)   Pre Evacuate Collection Set: 0.37ms
[4504.838s][info][gc,phases      ] GC(1299)   Merge Heap Roots: 0.49ms
[4504.838s][info][gc,phases      ] GC(1299)   Evacuate Collection Set: 115.26ms
[4504.838s][info][gc,phases      ] GC(1299)   Post Evacuate Collection Set: 0.87ms
[4504.838s][info][gc,phases      ] GC(1299)   Other: 0.10ms
[4504.838s][info][gc,heap        ] GC(1299) Eden regions: 1115->0(1118)
[4504.838s][info][gc,heap        ] GC(1299) Survivor regions: 113->110(154)
[4504.838s][info][gc,heap        ] GC(1299) Old regions: 472->504
[4504.838s][info][gc,heap        ] GC(1299) Humongous regions: 80->80
[4504.838s][info][gc,metaspace   ] GC(1299) Metaspace: 28897K(29312K)->28897K(29312K) NonClass: 24029K(24256K)->24029K(24256K) Class: 4868K(5056K)->4868K(5056K)
[4504.838s][info][gc             ] GC(1299) Pause Young (Concurrent Start) (G1 Evacuation Pause) 3557M->1385M(4096M) 117.227ms
[4504.838s][info][gc             ] GC(1300) Concurrent Mark Cycle
[4504.838s][info][gc,marking     ] GC(1300) Concurrent Scan Root Regions
[4504.838s][info][gc,cpu         ] GC(1299) User=0.69s Sys=0.00s Real=0.12s
[4505.009s][info][gc,marking     ] GC(1300) Concurrent Scan Root Regions 170.737ms
[4505.009s][info][gc,marking     ] GC(1300) Concurrent Mark
[4505.009s][info][gc,marking     ] GC(1300) Concurrent Mark From Roots
[4505.009s][info][gc,task        ] GC(1300) Using 2 workers of 2 for marking
.[4506.015s][info][gc,marking     ] GC(1300) Concurrent Mark From Roots 1006.241ms
[4506.015s][info][gc,marking     ] GC(1300) Concurrent Preclean
[4506.015s][info][gc,marking     ] GC(1300) Concurrent Preclean 0.115ms
[4506.017s][info][gc,start       ] GC(1300) Pause Remark
[4506.024s][info][gc             ] GC(1300) Pause Remark 2541M->2541M(4096M) 7.454ms
[4506.024s][info][gc,cpu         ] GC(1300) User=0.05s Sys=0.00s Real=0.00s
[4506.025s][info][gc,marking     ] GC(1300) Concurrent Mark 1015.677ms
[4506.025s][info][gc,marking     ] GC(1300) Concurrent Rebuild Remembered Sets and Scrub Regions
[4506.381s][info][gc,marking     ] GC(1300) Concurrent Rebuild Remembered Sets and Scrub Regions 356.091ms
[4506.381s][info][gc,start       ] GC(1300) Pause Cleanup
[4506.381s][info][gc             ] GC(1300) Pause Cleanup 2861M->2861M(4096M) 0.112ms
[4506.381s][info][gc,cpu         ] GC(1300) User=0.01s Sys=0.00s Real=0.00s
[4506.382s][info][gc,marking     ] GC(1300) Concurrent Clear Claimed Marks
[4506.382s][info][gc,marking     ] GC(1300) Concurrent Clear Claimed Marks 0.033ms
[4506.382s][info][gc,marking     ] GC(1300) Concurrent Cleanup for Next Mark
[4506.420s][info][gc,marking     ] GC(1300) Concurrent Cleanup for Next Mark 38.637ms
[4506.420s][info][gc             ] GC(1300) Concurrent Mark Cycle 1582.218ms
.[4506.976s][info][gc,start       ] GC(1301) Pause Young (Prepare Mixed) (G1 Evacuation Pause)
[4506.976s][info][gc,task        ] GC(1301) Using 6 workers of 6 for evacuation
[4507.095s][info][gc,phases      ] GC(1301)   Pre Evacuate Collection Set: 0.35ms
[4507.095s][info][gc,phases      ] GC(1301)   Merge Heap Roots: 0.52ms
[4507.095s][info][gc,phases      ] GC(1301)   Evacuate Collection Set: 116.92ms
[4507.095s][info][gc,phases      ] GC(1301)   Post Evacuate Collection Set: 0.94ms
[4507.095s][info][gc,phases      ] GC(1301)   Other: 0.09ms
[4507.095s][info][gc,heap        ] GC(1301) Eden regions: 1118->0(1108)
[4507.095s][info][gc,heap        ] GC(1301) Survivor regions: 110->110(154)
[4507.095s][info][gc,heap        ] GC(1301) Old regions: 504->537
[4507.095s][info][gc,heap        ] GC(1301) Humongous regions: 80->80
[4507.095s][info][gc,metaspace   ] GC(1301) Metaspace: 28897K(29312K)->28897K(29312K) NonClass: 24029K(24256K)->24029K(24256K) Class: 4868K(5056K)->4868K(5056K)
[4507.095s][info][gc             ] GC(1301) Pause Young (Prepare Mixed) (G1 Evacuation Pause) 3621M->1451M(4096M) 118.945ms
[4507.095s][info][gc,cpu         ] GC(1301) User=0.71s Sys=0.00s Real=0.12s
..[4509.318s][info][gc,start       ] GC(1302) Pause Young (Mixed) (G1 Evacuation Pause)
[4509.318s][info][gc,task        ] GC(1302) Using 6 workers of 6 for evacuation
[4509.458s][info][gc,phases      ] GC(1302)   Pre Evacuate Collection Set: 0.34ms
[4509.458s][info][gc,phases      ] GC(1302)   Merge Heap Roots: 0.71ms
[4509.458s][info][gc,phases      ] GC(1302)   Evacuate Collection Set: 137.91ms
[4509.458s][info][gc,phases      ] GC(1302)   Post Evacuate Collection Set: 0.93ms
[4509.458s][info][gc,phases      ] GC(1302)   Other: 0.09ms
[4509.458s][info][gc,heap        ] GC(1302) Eden regions: 1108->0(1116)
[4509.458s][info][gc,heap        ] GC(1302) Survivor regions: 110->112(153)
[4509.458s][info][gc,heap        ] GC(1302) Old regions: 537->473
[4509.458s][info][gc,heap        ] GC(1302) Humongous regions: 80->80
[4509.458s][info][gc,metaspace   ] GC(1302) Metaspace: 28897K(29312K)->28897K(29312K) NonClass: 24029K(24256K)->24029K(24256K) Class: 4868K(5056K)->4868K(5056K)
[4509.458s][info][gc             ] GC(1302) Pause Young (Mixed) (G1 Evacuation Pause) 3667M->1327M(4096M) 140.135ms
[4509.459s][info][gc,cpu         ] GC(1302) User=0.84s Sys=0.00s Real=0.14s
...[4511.600s][info][gc,start       ] GC(1303) Pause Young (Concurrent Start) (G1 Evacuation Pause)
[4511.600s][info][gc,task        ] GC(1303) Using 6 workers of 6 for evacuation
[4511.720s][info][gc,phases      ] GC(1303)   Pre Evacuate Collection Set: 0.39ms
[4511.720s][info][gc,phases      ] GC(1303)   Merge Heap Roots: 0.47ms
[4511.720s][info][gc,phases      ] GC(1303)   Evacuate Collection Set: 118.72ms
[4511.720s][info][gc,phases      ] GC(1303)   Post Evacuate Collection Set: 0.85ms
[4511.720s][info][gc,phases      ] GC(1303)   Other: 0.12ms
[4511.720s][info][gc,heap        ] GC(1303) Eden regions: 1116->0(1115)
[4511.720s][info][gc,heap        ] GC(1303) Survivor regions: 112->113(154)
[4511.720s][info][gc,heap        ] GC(1303) Old regions: 473->505
[4511.720s][info][gc,heap        ] GC(1303) Humongous regions: 80->80
[4511.720s][info][gc,metaspace   ] GC(1303) Metaspace: 28897K(29312K)->28897K(29312K) NonClass: 24029K(24256K)->24029K(24256K) Class: 4868K(5056K)->4868K(5056K)
[4511.720s][info][gc             ] GC(1303) Pause Young (Concurrent Start) (G1 Evacuation Pause) 3559M->1393M(4096M) 120.677ms
[4511.720s][info][gc             ] GC(1304) Concurrent Mark Cycle
[4511.720s][info][gc,marking     ] GC(1304) Concurrent Scan Root Regions
[4511.720s][info][gc,cpu         ] GC(1303) User=0.72s Sys=0.00s Real=0.12s
[4511.893s][info][gc,marking     ] GC(1304) Concurrent Scan Root Regions 172.460ms
[4511.893s][info][gc,marking     ] GC(1304) Concurrent Mark
[4511.893s][info][gc,marking     ] GC(1304) Concurrent Mark From Roots
[4511.893s][info][gc,task        ] GC(1304) Using 2 workers of 2 for marking
.[4512.985s][info][gc,marking     ] GC(1304) Concurrent Mark From Roots 1092.129ms
[4512.985s][info][gc,marking     ] GC(1304) Concurrent Preclean
[4512.985s][info][gc,marking     ] GC(1304) Concurrent Preclean 0.086ms
[4512.988s][info][gc,start       ] GC(1304) Pause Remark
[4512.995s][info][gc             ] GC(1304) Pause Remark 2659M->2659M(4096M) 7.340ms
[4512.995s][info][gc,cpu         ] GC(1304) User=0.04s Sys=0.00s Real=0.01s
[4512.996s][info][gc,marking     ] GC(1304) Concurrent Mark 1103.142ms
[4512.996s][info][gc,marking     ] GC(1304) Concurrent Rebuild Remembered Sets and Scrub Regions
[4513.336s][info][gc,marking     ] GC(1304) Concurrent Rebuild Remembered Sets and Scrub Regions 339.810ms
[4513.340s][info][gc,start       ] GC(1304) Pause Cleanup
[4513.340s][info][gc             ] GC(1304) Pause Cleanup 2971M->2971M(4096M) 0.143ms
[4513.340s][info][gc,cpu         ] GC(1304) User=0.00s Sys=0.00s Real=0.00s
[4513.340s][info][gc,marking     ] GC(1304) Concurrent Clear Claimed Marks
[4513.340s][info][gc,marking     ] GC(1304) Concurrent Clear Claimed Marks 0.026ms
[4513.340s][info][gc,marking     ] GC(1304) Concurrent Cleanup for Next Mark
[4513.345s][info][gc,marking     ] GC(1304) Concurrent Cleanup for Next Mark 4.568ms
[4513.345s][info][gc             ] GC(1304) Concurrent Mark Cycle 1624.577ms
.[4513.901s][info][gc,start       ] GC(1305) Pause Young (Prepare Mixed) (G1 Evacuation Pause)
[4513.902s][info][gc,task        ] GC(1305) Using 6 workers of 6 for evacuation
[4514.021s][info][gc,phases      ] GC(1305)   Pre Evacuate Collection Set: 0.34ms
[4514.021s][info][gc,phases      ] GC(1305)   Merge Heap Roots: 0.54ms
[4514.021s][info][gc,phases      ] GC(1305)   Evacuate Collection Set: 117.62ms
[4514.021s][info][gc,phases      ] GC(1305)   Post Evacuate Collection Set: 0.95ms
[4514.021s][info][gc,phases      ] GC(1305)   Other: 0.09ms
[4514.021s][info][gc,heap        ] GC(1305) Eden regions: 1115->0(1106)
[4514.021s][info][gc,heap        ] GC(1305) Survivor regions: 113->111(154)
[4514.021s][info][gc,heap        ] GC(1305) Old regions: 505->537
[4514.021s][info][gc,heap        ] GC(1305) Humongous regions: 80->80
[4514.021s][info][gc,metaspace   ] GC(1305) Metaspace: 28897K(29312K)->28897K(29312K) NonClass: 24029K(24256K)->24029K(24256K) Class: 4868K(5056K)->4868K(5056K)
[4514.021s][info][gc             ] GC(1305) Pause Young (Prepare Mixed) (G1 Evacuation Pause) 3623M->1453M(4096M) 119.706ms
[4514.021s][info][gc,cpu         ] GC(1305) User=0.71s Sys=0.00s Real=0.12s
..[4516.222s][info][gc,start       ] GC(1306) Pause Young (Mixed) (G1 Evacuation Pause)
[4516.222s][info][gc,task        ] GC(1306) Using 6 workers of 6 for evacuation
[4516.366s][info][gc,phases      ] GC(1306)   Pre Evacuate Collection Set: 0.34ms
[4516.366s][info][gc,phases      ] GC(1306)   Merge Heap Roots: 0.78ms
[4516.366s][info][gc,phases      ] GC(1306)   Evacuate Collection Set: 141.88ms
[4516.366s][info][gc,phases      ] GC(1306)   Post Evacuate Collection Set: 0.95ms
[4516.366s][info][gc,phases      ] GC(1306)   Other: 0.09ms
[4516.366s][info][gc,heap        ] GC(1306) Eden regions: 1106->0(1113)
[4516.366s][info][gc,heap        ] GC(1306) Survivor regions: 111->115(153)
[4516.366s][info][gc,heap        ] GC(1306) Old regions: 537->474
[4516.366s][info][gc,heap        ] GC(1306) Humongous regions: 80->80
[4516.366s][info][gc,metaspace   ] GC(1306) Metaspace: 28897K(29312K)->28897K(29312K) NonClass: 24029K(24256K)->24029K(24256K) Class: 4868K(5056K)->4868K(5056K)
[4516.366s][info][gc             ] GC(1306) Pause Young (Mixed) (G1 Evacuation Pause) 3665M->1335M(4096M) 144.165ms
[4516.366s][info][gc,cpu         ] GC(1306) User=0.85s Sys=0.00s Real=0.15s
..[4518.592s][info][gc,start       ] GC(1307) Pause Young (Concurrent Start) (G1 Evacuation Pause)
[4518.592s][info][gc,task        ] GC(1307) Using 6 workers of 6 for evacuation
[4518.711s][info][gc,phases      ] GC(1307)   Pre Evacuate Collection Set: 0.39ms
[4518.711s][info][gc,phases      ] GC(1307)   Merge Heap Roots: 0.46ms
[4518.711s][info][gc,phases      ] GC(1307)   Evacuate Collection Set: 116.72ms
[4518.711s][info][gc,phases      ] GC(1307)   Post Evacuate Collection Set: 0.88ms
[4518.711s][info][gc,phases      ] GC(1307)   Other: 0.12ms
[4518.711s][info][gc,heap        ] GC(1307) Eden regions: 1113->0(1116)
[4518.711s][info][gc,heap        ] GC(1307) Survivor regions: 115->112(154)
[4518.711s][info][gc,heap        ] GC(1307) Old regions: 474->505
[4518.711s][info][gc,heap        ] GC(1307) Humongous regions: 80->80
[4518.711s][info][gc,metaspace   ] GC(1307) Metaspace: 28897K(29312K)->28897K(29312K) NonClass: 24029K(24256K)->24029K(24256K) Class: 4868K(5056K)->4868K(5056K)
[4518.711s][info][gc             ] GC(1307) Pause Young (Concurrent Start) (G1 Evacuation Pause) 3561M->1392M(4096M) 118.705ms
[4518.711s][info][gc             ] GC(1308) Concurrent Mark Cycle
[4518.711s][info][gc,marking     ] GC(1308) Concurrent Scan Root Regions
[4518.711s][info][gc,cpu         ] GC(1307) User=0.71s Sys=0.00s Real=0.12s
.[4518.937s][info][gc,marking     ] GC(1308) Concurrent Scan Root Regions 226.252ms
[4518.937s][info][gc,marking     ] GC(1308) Concurrent Mark
[4518.937s][info][gc,marking     ] GC(1308) Concurrent Mark From Roots
[4518.937s][info][gc,task        ] GC(1308) Using 2 workers of 2 for marking
.[4519.926s][info][gc,marking     ] GC(1308) Concurrent Mark From Roots 988.559ms
[4519.926s][info][gc,marking     ] GC(1308) Concurrent Preclean
[4519.926s][info][gc,marking     ] GC(1308) Concurrent Preclean 0.118ms
[4519.928s][info][gc,start       ] GC(1308) Pause Remark
[4519.934s][info][gc             ] GC(1308) Pause Remark 2592M->2592M(4096M) 6.169ms
[4519.934s][info][gc,cpu         ] GC(1308) User=0.03s Sys=0.00s Real=0.00s
[4519.934s][info][gc,marking     ] GC(1308) Concurrent Mark 997.186ms
[4519.934s][info][gc,marking     ] GC(1308) Concurrent Rebuild Remembered Sets and Scrub Regions
[4520.202s][info][gc,marking     ] GC(1308) Concurrent Rebuild Remembered Sets and Scrub Regions 267.224ms
[4520.203s][info][gc,start       ] GC(1308) Pause Cleanup
[4520.203s][info][gc             ] GC(1308) Pause Cleanup 2848M->2848M(4096M) 0.127ms
[4520.203s][info][gc,cpu         ] GC(1308) User=0.00s Sys=0.00s Real=0.00s
[4520.204s][info][gc,marking     ] GC(1308) Concurrent Clear Claimed Marks
[4520.204s][info][gc,marking     ] GC(1308) Concurrent Clear Claimed Marks 0.049ms
[4520.204s][info][gc,marking     ] GC(1308) Concurrent Cleanup for Next Mark
[4520.208s][info][gc,marking     ] GC(1308) Concurrent Cleanup for Next Mark 4.308ms
[4520.208s][info][gc             ] GC(1308) Concurrent Mark Cycle 1497.388ms
.[4520.931s][info][gc,start       ] GC(1309) Pause Young (Prepare Mixed) (G1 Evacuation Pause)
[4520.932s][info][gc,task        ] GC(1309) Using 6 workers of 6 for evacuation
[4521.048s][info][gc,phases      ] GC(1309)   Pre Evacuate Collection Set: 0.35ms
[4521.048s][info][gc,phases      ] GC(1309)   Merge Heap Roots: 0.53ms
[4521.048s][info][gc,phases      ] GC(1309)   Evacuate Collection Set: 114.61ms
[4521.048s][info][gc,phases      ] GC(1309)   Post Evacuate Collection Set: 0.91ms
[4521.048s][info][gc,phases      ] GC(1309)   Other: 0.09ms
[4521.048s][info][gc,heap        ] GC(1309) Eden regions: 1116->0(1110)
[4521.048s][info][gc,heap        ] GC(1309) Survivor regions: 112->109(154)
[4521.048s][info][gc,heap        ] GC(1309) Old regions: 505->537
[4521.048s][info][gc,heap        ] GC(1309) Humongous regions: 80->80
[4521.048s][info][gc,metaspace   ] GC(1309) Metaspace: 28897K(29312K)->28897K(29312K) NonClass: 24029K(24256K)->24029K(24256K) Class: 4868K(5056K)->4868K(5056K)
[4521.048s][info][gc             ] GC(1309) Pause Young (Prepare Mixed) (G1 Evacuation Pause) 3624M->1448M(4096M) 116.628ms
[4521.048s][info][gc,cpu         ] GC(1309) User=0.69s Sys=0.00s Real=0.12s
..[4523.209s][info][gc,start       ] GC(1310) Pause Young (Mixed) (G1 Evacuation Pause)
[4523.209s][info][gc,task        ] GC(1310) Using 6 workers of 6 for evacuation
[4523.344s][info][gc,phases      ] GC(1310)   Pre Evacuate Collection Set: 0.34ms
[4523.344s][info][gc,phases      ] GC(1310)   Merge Heap Roots: 0.69ms
[4523.344s][info][gc,phases      ] GC(1310)   Evacuate Collection Set: 132.94ms
[4523.344s][info][gc,phases      ] GC(1310)   Post Evacuate Collection Set: 0.97ms
[4523.344s][info][gc,phases      ] GC(1310)   Other: 0.09ms
[4523.344s][info][gc,heap        ] GC(1310) Eden regions: 1110->0(1118)
[4523.344s][info][gc,heap        ] GC(1310) Survivor regions: 109->110(153)
[4523.344s][info][gc,heap        ] GC(1310) Old regions: 537->472
[4523.344s][info][gc,heap        ] GC(1310) Humongous regions: 80->80
[4523.344s][info][gc,metaspace   ] GC(1310) Metaspace: 28897K(29312K)->28897K(29312K) NonClass: 24029K(24256K)->24029K(24256K) Class: 4868K(5056K)->4868K(5056K)
[4523.344s][info][gc             ] GC(1310) Pause Young (Mixed) (G1 Evacuation Pause) 3668M->1321M(4096M) 135.164ms
[4523.344s][info][gc,cpu         ] GC(1310) User=0.80s Sys=0.00s Real=0.14s
..[4525.610s][info][gc,start       ] GC(1311) Pause Young (Concurrent Start) (G1 Evacuation Pause)
[4525.610s][info][gc,task        ] GC(1311) Using 6 workers of 6 for evacuation
[4525.734s][info][gc,phases      ] GC(1311)   Pre Evacuate Collection Set: 0.36ms
[4525.734s][info][gc,phases      ] GC(1311)   Merge Heap Roots: 0.49ms
[4525.734s][info][gc,phases      ] GC(1311)   Evacuate Collection Set: 121.83ms
[4525.734s][info][gc,phases      ] GC(1311)   Post Evacuate Collection Set: 0.93ms
[4525.734s][info][gc,phases      ] GC(1311)   Other: 0.10ms
[4525.734s][info][gc,heap        ] GC(1311) Eden regions: 1118->0(1113)
[4525.734s][info][gc,heap        ] GC(1311) Survivor regions: 110->115(154)
[4525.734s][info][gc,heap        ] GC(1311) Old regions: 472->503
[4525.734s][info][gc,heap        ] GC(1311) Humongous regions: 80->80
[4525.734s][info][gc,metaspace   ] GC(1311) Metaspace: 28897K(29312K)->28897K(29312K) NonClass: 24029K(24256K)->24029K(24256K) Class: 4868K(5056K)->4868K(5056K)
[4525.734s][info][gc             ] GC(1311) Pause Young (Concurrent Start) (G1 Evacuation Pause) 3557M->1394M(4096M) 123.848ms
[4525.734s][info][gc             ] GC(1312) Concurrent Mark Cycle
[4525.734s][info][gc,marking     ] GC(1312) Concurrent Scan Root Regions
[4525.734s][info][gc,cpu         ] GC(1311) User=0.74s Sys=0.00s Real=0.12s
.[4525.909s][info][gc,marking     ] GC(1312) Concurrent Scan Root Regions 174.911ms
[4525.909s][info][gc,marking     ] GC(1312) Concurrent Mark
[4525.909s][info][gc,marking     ] GC(1312) Concurrent Mark From Roots
[4525.909s][info][gc,task        ] GC(1312) Using 2 workers of 2 for marking
.[4526.889s][info][gc,marking     ] GC(1312) Concurrent Mark From Roots 979.355ms
[4526.889s][info][gc,marking     ] GC(1312) Concurrent Preclean
[4526.889s][info][gc,marking     ] GC(1312) Concurrent Preclean 0.121ms
[4526.892s][info][gc,start       ] GC(1312) Pause Remark
[4526.897s][info][gc             ] GC(1312) Pause Remark 2524M->2524M(4096M) 5.056ms
[4526.897s][info][gc,cpu         ] GC(1312) User=0.03s Sys=0.00s Real=0.01s
[4526.897s][info][gc,marking     ] GC(1312) Concurrent Mark 987.736ms
[4526.897s][info][gc,marking     ] GC(1312) Concurrent Rebuild Remembered Sets and Scrub Regions
[4527.265s][info][gc,marking     ] GC(1312) Concurrent Rebuild Remembered Sets and Scrub Regions 368.128ms
[4527.265s][info][gc,start       ] GC(1312) Pause Cleanup
[4527.265s][info][gc             ] GC(1312) Pause Cleanup 2933M->2933M(4096M) 0.123ms
[4527.265s][info][gc,cpu         ] GC(1312) User=0.00s Sys=0.00s Real=0.00s
[4527.265s][info][gc,marking     ] GC(1312) Concurrent Clear Claimed Marks
[4527.265s][info][gc,marking     ] GC(1312) Concurrent Clear Claimed Marks 0.028ms
[4527.265s][info][gc,marking     ] GC(1312) Concurrent Cleanup for Next Mark
[4527.271s][info][gc,marking     ] GC(1312) Concurrent Cleanup for Next Mark 5.049ms
[4527.271s][info][gc             ] GC(1312) Concurrent Mark Cycle 1536.414ms
.[4527.822s][info][gc,start       ] GC(1313) Pause Young (Prepare Mixed) (G1 Evacuation Pause)
[4527.822s][info][gc,task        ] GC(1313) Using 6 workers of 6 for evacuation
[4527.941s][info][gc,phases      ] GC(1313)   Pre Evacuate Collection Set: 0.34ms
[4527.941s][info][gc,phases      ] GC(1313)   Merge Heap Roots: 0.50ms
[4527.941s][info][gc,phases      ] GC(1313)   Evacuate Collection Set: 117.55ms
[4527.941s][info][gc,phases      ] GC(1313)   Post Evacuate Collection Set: 0.91ms
[4527.941s][info][gc,phases      ] GC(1313)   Other: 0.09ms
[4527.941s][info][gc,heap        ] GC(1313) Eden regions: 1113->0(1105)
[4527.941s][info][gc,heap        ] GC(1313) Survivor regions: 115->112(154)
[4527.941s][info][gc,heap        ] GC(1313) Old regions: 503->536
[4527.941s][info][gc,heap        ] GC(1313) Humongous regions: 80->80
[4527.941s][info][gc,metaspace   ] GC(1313) Metaspace: 28897K(29312K)->28897K(29312K) NonClass: 24029K(24256K)->24029K(24256K) Class: 4868K(5056K)->4868K(5056K)
[4527.941s][info][gc             ] GC(1313) Pause Young (Prepare Mixed) (G1 Evacuation Pause) 3620M->1452M(4096M) 119.530ms
[4527.941s][info][gc,cpu         ] GC(1313) User=0.71s Sys=0.00s Real=0.12s
..[4530.175s][info][gc,start       ] GC(1314) Pause Young (Mixed) (G1 Evacuation Pause)
[4530.175s][info][gc,task        ] GC(1314) Using 6 workers of 6 for evacuation
[4530.315s][info][gc,phases      ] GC(1314)   Pre Evacuate Collection Set: 0.35ms
[4530.315s][info][gc,phases      ] GC(1314)   Merge Heap Roots: 0.78ms
[4530.315s][info][gc,phases      ] GC(1314)   Evacuate Collection Set: 137.58ms
[4530.315s][info][gc,phases      ] GC(1314)   Post Evacuate Collection Set: 0.93ms
[4530.315s][info][gc,phases      ] GC(1314)   Other: 0.08ms
[4530.315s][info][gc,heap        ] GC(1314) Eden regions: 1105->0(1117)
[4530.315s][info][gc,heap        ] GC(1314) Survivor regions: 112->111(153)
[4530.315s][info][gc,heap        ] GC(1314) Old regions: 536->474
[4530.315s][info][gc,heap        ] GC(1314) Humongous regions: 80->80
[4530.315s][info][gc,metaspace   ] GC(1314) Metaspace: 28897K(29312K)->28897K(29312K) NonClass: 24029K(24256K)->24029K(24256K) Class: 4868K(5056K)->4868K(5056K)
[4530.315s][info][gc             ] GC(1314) Pause Young (Mixed) (G1 Evacuation Pause) 3662M->1326M(4096M) 139.856ms
[4530.315s][info][gc,cpu         ] GC(1314) User=0.83s Sys=0.00s Real=0.14s
..[4532.463s][info][gc,start       ] GC(1315) Pause Young (Concurrent Start) (G1 Evacuation Pause)
[4532.463s][info][gc,task        ] GC(1315) Using 6 workers of 6 for evacuation
[4532.581s][info][gc,phases      ] GC(1315)   Pre Evacuate Collection Set: 0.36ms
[4532.581s][info][gc,phases      ] GC(1315)   Merge Heap Roots: 0.49ms
[4532.581s][info][gc,phases      ] GC(1315)   Evacuate Collection Set: 116.18ms
[4532.581s][info][gc,phases      ] GC(1315)   Post Evacuate Collection Set: 0.85ms
[4532.581s][info][gc,phases      ] GC(1315)   Other: 0.09ms
[4532.581s][info][gc,heap        ] GC(1315) Eden regions: 1117->0(1118)
[4532.581s][info][gc,heap        ] GC(1315) Survivor regions: 111->110(154)
[4532.581s][info][gc,heap        ] GC(1315) Old regions: 474->506
[4532.581s][info][gc,heap        ] GC(1315) Humongous regions: 80->80
[4532.581s][info][gc,metaspace   ] GC(1315) Metaspace: 28897K(29312K)->28897K(29312K) NonClass: 24029K(24256K)->24029K(24256K) Class: 4868K(5056K)->4868K(5056K)
[4532.581s][info][gc             ] GC(1315) Pause Young (Concurrent Start) (G1 Evacuation Pause) 3560M->1389M(4096M) 118.094ms
[4532.581s][info][gc             ] GC(1316) Concurrent Mark Cycle
[4532.581s][info][gc,marking     ] GC(1316) Concurrent Scan Root Regions
[4532.581s][info][gc,cpu         ] GC(1315) User=0.70s Sys=0.00s Real=0.12s
[4532.761s][info][gc,marking     ] GC(1316) Concurrent Scan Root Regions 180.295ms
[4532.762s][info][gc,marking     ] GC(1316) Concurrent Mark
[4532.762s][info][gc,marking     ] GC(1316) Concurrent Mark From Roots
[4532.762s][info][gc,task        ] GC(1316) Using 2 workers of 2 for marking
.[4533.741s][info][gc,marking     ] GC(1316) Concurrent Mark From Roots 979.375ms
[4533.741s][info][gc,marking     ] GC(1316) Concurrent Preclean
[4533.741s][info][gc,marking     ] GC(1316) Concurrent Preclean 0.105ms
[4533.742s][info][gc,start       ] GC(1316) Pause Remark
[4533.749s][info][gc             ] GC(1316) Pause Remark 2557M->2557M(4096M) 7.656ms
[4533.749s][info][gc,cpu         ] GC(1316) User=0.04s Sys=0.00s Real=0.01s
[4533.750s][info][gc,marking     ] GC(1316) Concurrent Mark 988.537ms
[4533.750s][info][gc,marking     ] GC(1316) Concurrent Rebuild Remembered Sets and Scrub Regions
.[4534.020s][info][gc,marking     ] GC(1316) Concurrent Rebuild Remembered Sets and Scrub Regions 269.977ms
[4534.020s][info][gc,start       ] GC(1316) Pause Cleanup
[4534.020s][info][gc             ] GC(1316) Pause Cleanup 2830M->2830M(4096M) 0.108ms
[4534.020s][info][gc,cpu         ] GC(1316) User=0.00s Sys=0.00s Real=0.00s
[4534.020s][info][gc,marking     ] GC(1316) Concurrent Clear Claimed Marks
[4534.020s][info][gc,marking     ] GC(1316) Concurrent Clear Claimed Marks 0.020ms
[4534.020s][info][gc,marking     ] GC(1316) Concurrent Cleanup for Next Mark
[4534.025s][info][gc,marking     ] GC(1316) Concurrent Cleanup for Next Mark 4.651ms
[4534.025s][info][gc             ] GC(1316) Concurrent Mark Cycle 1443.959ms
[4534.673s][info][gc,start       ] GC(1317) Pause Young (Prepare Mixed) (G1 Evacuation Pause)
[4534.673s][info][gc,task        ] GC(1317) Using 6 workers of 6 for evacuation
[4534.793s][info][gc,phases      ] GC(1317)   Pre Evacuate Collection Set: 0.37ms
[4534.793s][info][gc,phases      ] GC(1317)   Merge Heap Roots: 0.59ms
[4534.793s][info][gc,phases      ] GC(1317)   Evacuate Collection Set: 118.08ms
[4534.793s][info][gc,phases      ] GC(1317)   Post Evacuate Collection Set: 0.91ms
[4534.793s][info][gc,phases      ] GC(1317)   Other: 0.11ms
[4534.793s][info][gc,heap        ] GC(1317) Eden regions: 1118->0(1102)
[4534.793s][info][gc,heap        ] GC(1317) Survivor regions: 110->113(154)
[4534.793s][info][gc,heap        ] GC(1317) Old regions: 506->537
[4534.793s][info][gc,heap        ] GC(1317) Humongous regions: 80->80
[4534.793s][info][gc,metaspace   ] GC(1317) Metaspace: 28897K(29312K)->28897K(29312K) NonClass: 24029K(24256K)->24029K(24256K) Class: 4868K(5056K)->4868K(5056K)
[4534.793s][info][gc             ] GC(1317) Pause Young (Prepare Mixed) (G1 Evacuation Pause) 3625M->1458M(4096M) 120.211ms
[4534.793s][info][gc,cpu         ] GC(1317) User=0.71s Sys=0.00s Real=0.12s
...[4536.897s][info][gc,start       ] GC(1318) Pause Young (Mixed) (G1 Evacuation Pause)
[4536.897s][info][gc,task        ] GC(1318) Using 6 workers of 6 for evacuation
[4537.030s][info][gc,phases      ] GC(1318)   Pre Evacuate Collection Set: 0.38ms
[4537.030s][info][gc,phases      ] GC(1318)   Merge Heap Roots: 0.70ms
[4537.030s][info][gc,phases      ] GC(1318)   Evacuate Collection Set: 131.30ms
[4537.030s][info][gc,phases      ] GC(1318)   Post Evacuate Collection Set: 0.97ms
[4537.030s][info][gc,phases      ] GC(1318)   Other: 0.09ms
[4537.030s][info][gc,heap        ] GC(1318) Eden regions: 1102->0(1120)
[4537.030s][info][gc,heap        ] GC(1318) Survivor regions: 113->108(152)
[4537.030s][info][gc,heap        ] GC(1318) Old regions: 537->474
[4537.030s][info][gc,heap        ] GC(1318) Humongous regions: 80->80
[4537.030s][info][gc,metaspace   ] GC(1318) Metaspace: 28897K(29312K)->28897K(29312K) NonClass: 24029K(24256K)->24029K(24256K) Class: 4868K(5056K)->4868K(5056K)
[4537.030s][info][gc             ] GC(1318) Pause Young (Mixed) (G1 Evacuation Pause) 3662M->1320M(4096M) 133.580ms
[4537.030s][info][gc,cpu         ] GC(1318) User=0.80s Sys=0.00s Real=0.13s
..[4539.205s][info][gc,start       ] GC(1319) Pause Young (Concurrent Start) (G1 Evacuation Pause)
[4539.205s][info][gc,task        ] GC(1319) Using 6 workers of 6 for evacuation
[4539.325s][info][gc,phases      ] GC(1319)   Pre Evacuate Collection Set: 0.35ms
[4539.325s][info][gc,phases      ] GC(1319)   Merge Heap Roots: 0.47ms
[4539.325s][info][gc,phases      ] GC(1319)   Evacuate Collection Set: 118.22ms
[4539.325s][info][gc,phases      ] GC(1319)   Post Evacuate Collection Set: 0.87ms
[4539.325s][info][gc,phases      ] GC(1319)   Other: 0.11ms
[4539.325s][info][gc,heap        ] GC(1319) Eden regions: 1120->0(1116)
[4539.325s][info][gc,heap        ] GC(1319) Survivor regions: 108->112(154)
[4539.326s][info][gc,heap        ] GC(1319) Old regions: 474->506
[4539.326s][info][gc,heap        ] GC(1319) Humongous regions: 80->80
[4539.326s][info][gc,metaspace   ] GC(1319) Metaspace: 28897K(29312K)->28897K(29312K) NonClass: 24029K(24256K)->24029K(24256K) Class: 4868K(5056K)->4868K(5056K)
[4539.326s][info][gc             ] GC(1319) Pause Young (Concurrent Start) (G1 Evacuation Pause) 3560M->1393M(4096M) 120.144ms
[4539.326s][info][gc             ] GC(1320) Concurrent Mark Cycle
[4539.326s][info][gc,marking     ] GC(1320) Concurrent Scan Root Regions
[4539.326s][info][gc,cpu         ] GC(1319) User=0.71s Sys=0.00s Real=0.12s
[4539.500s][info][gc,marking     ] GC(1320) Concurrent Scan Root Regions 174.212ms
[4539.500s][info][gc,marking     ] GC(1320) Concurrent Mark
[4539.500s][info][gc,marking     ] GC(1320) Concurrent Mark From Roots
[4539.500s][info][gc,task        ] GC(1320) Using 2 workers of 2 for marking
.[4540.516s][info][gc,marking     ] GC(1320) Concurrent Mark From Roots 1015.719ms
[4540.516s][info][gc,marking     ] GC(1320) Concurrent Preclean
[4540.516s][info][gc,marking     ] GC(1320) Concurrent Preclean 0.109ms
[4540.517s][info][gc,start       ] GC(1320) Pause Remark
[4540.522s][info][gc             ] GC(1320) Pause Remark 2499M->2499M(4096M) 5.065ms
[4540.522s][info][gc,cpu         ] GC(1320) User=0.03s Sys=0.00s Real=0.00s
[4540.522s][info][gc,marking     ] GC(1320) Concurrent Mark 1022.637ms
[4540.522s][info][gc,marking     ] GC(1320) Concurrent Rebuild Remembered Sets and Scrub Regions
.[4540.884s][info][gc,marking     ] GC(1320) Concurrent Rebuild Remembered Sets and Scrub Regions 361.349ms
[4540.886s][info][gc,start       ] GC(1320) Pause Cleanup
[4540.886s][info][gc             ] GC(1320) Pause Cleanup 2931M->2931M(4096M) 0.138ms
[4540.886s][info][gc,cpu         ] GC(1320) User=0.00s Sys=0.00s Real=0.00s
[4540.886s][info][gc,marking     ] GC(1320) Concurrent Clear Claimed Marks
[4540.886s][info][gc,marking     ] GC(1320) Concurrent Clear Claimed Marks 0.027ms
[4540.886s][info][gc,marking     ] GC(1320) Concurrent Cleanup for Next Mark
[4540.892s][info][gc,marking     ] GC(1320) Concurrent Cleanup for Next Mark 6.014ms
[4540.892s][info][gc             ] GC(1320) Concurrent Mark Cycle 1566.592ms
[4541.553s][info][gc,start       ] GC(1321) Pause Young (Prepare Mixed) (G1 Evacuation Pause)
[4541.553s][info][gc,task        ] GC(1321) Using 6 workers of 6 for evacuation
[4541.671s][info][gc,phases      ] GC(1321)   Pre Evacuate Collection Set: 0.31ms
[4541.671s][info][gc,phases      ] GC(1321)   Merge Heap Roots: 0.49ms
[4541.671s][info][gc,phases      ] GC(1321)   Evacuate Collection Set: 116.74ms
[4541.671s][info][gc,phases      ] GC(1321)   Post Evacuate Collection Set: 0.90ms
[4541.671s][info][gc,phases      ] GC(1321)   Other: 0.08ms
[4541.672s][info][gc,heap        ] GC(1321) Eden regions: 1116->0(1105)
[4541.672s][info][gc,heap        ] GC(1321) Survivor regions: 112->112(154)
[4541.672s][info][gc,heap        ] GC(1321) Old regions: 506->536
[4541.672s][info][gc,heap        ] GC(1321) Humongous regions: 80->80
[4541.672s][info][gc,metaspace   ] GC(1321) Metaspace: 28897K(29312K)->28897K(29312K) NonClass: 24029K(24256K)->24029K(24256K) Class: 4868K(5056K)->4868K(5056K)
[4541.672s][info][gc             ] GC(1321) Pause Young (Prepare Mixed) (G1 Evacuation Pause) 3625M->1454M(4096M) 118.658ms
[4541.672s][info][gc,cpu         ] GC(1321) User=0.70s Sys=0.00s Real=0.12s
..[4543.844s][info][gc,start       ] GC(1322) Pause Young (Mixed) (G1 Evacuation Pause)
[4543.844s][info][gc,task        ] GC(1322) Using 6 workers of 6 for evacuation
[4543.976s][info][gc,phases      ] GC(1322)   Pre Evacuate Collection Set: 0.35ms
[4543.976s][info][gc,phases      ] GC(1322)   Merge Heap Roots: 0.65ms
[4543.976s][info][gc,phases      ] GC(1322)   Evacuate Collection Set: 129.15ms
[4543.976s][info][gc,phases      ] GC(1322)   Post Evacuate Collection Set: 0.94ms
[4543.976s][info][gc,phases      ] GC(1322)   Other: 0.08ms
[4543.976s][info][gc,heap        ] GC(1322) Eden regions: 1105->0(1119)
[4543.976s][info][gc,heap        ] GC(1322) Survivor regions: 112->109(153)
[4543.976s][info][gc,heap        ] GC(1322) Old regions: 536->472
[4543.976s][info][gc,heap        ] GC(1322) Humongous regions: 80->80
[4543.976s][info][gc,metaspace   ] GC(1322) Metaspace: 28897K(29312K)->28897K(29312K) NonClass: 24029K(24256K)->24029K(24256K) Class: 4868K(5056K)->4868K(5056K)
[4543.976s][info][gc             ] GC(1322) Pause Young (Mixed) (G1 Evacuation Pause) 3664M->1318M(4096M) 131.293ms
[4543.976s][info][gc,cpu         ] GC(1322) User=0.78s Sys=0.00s Real=0.14s
...[4546.179s][info][gc,start       ] GC(1323) Pause Young (Concurrent Start) (G1 Evacuation Pause)
[4546.179s][info][gc,task        ] GC(1323) Using 6 workers of 6 for evacuation
[4546.299s][info][gc,phases      ] GC(1323)   Pre Evacuate Collection Set: 0.36ms
[4546.299s][info][gc,phases      ] GC(1323)   Merge Heap Roots: 0.48ms
[4546.299s][info][gc,phases      ] GC(1323)   Evacuate Collection Set: 118.50ms
[4546.299s][info][gc,phases      ] GC(1323)   Post Evacuate Collection Set: 0.81ms
[4546.299s][info][gc,phases      ] GC(1323)   Other: 0.13ms
[4546.300s][info][gc,heap        ] GC(1323) Eden regions: 1119->0(1116)
[4546.300s][info][gc,heap        ] GC(1323) Survivor regions: 109->112(154)
[4546.300s][info][gc,heap        ] GC(1323) Old regions: 472->505
[4546.300s][info][gc,heap        ] GC(1323) Humongous regions: 80->80
[4546.300s][info][gc,metaspace   ] GC(1323) Metaspace: 28897K(29312K)->28897K(29312K) NonClass: 24029K(24256K)->24029K(24256K) Class: 4868K(5056K)->4868K(5056K)
[4546.300s][info][gc             ] GC(1323) Pause Young (Concurrent Start) (G1 Evacuation Pause) 3556M->1391M(4096M) 120.398ms
[4546.300s][info][gc             ] GC(1324) Concurrent Mark Cycle
[4546.300s][info][gc,marking     ] GC(1324) Concurrent Scan Root Regions
[4546.300s][info][gc,cpu         ] GC(1323) User=0.71s Sys=0.00s Real=0.12s
[4546.452s][info][gc,marking     ] GC(1324) Concurrent Scan Root Regions 152.438ms
[4546.452s][info][gc,marking     ] GC(1324) Concurrent Mark
[4546.452s][info][gc,marking     ] GC(1324) Concurrent Mark From Roots
[4546.452s][info][gc,task        ] GC(1324) Using 2 workers of 2 for marking
.[4547.166s][info][gc,marking     ] GC(1324) Concurrent Mark From Roots 713.649ms
[4547.166s][info][gc,marking     ] GC(1324) Concurrent Preclean
[4547.166s][info][gc,marking     ] GC(1324) Concurrent Preclean 0.107ms
[4547.169s][info][gc,start       ] GC(1324) Pause Remark
[4547.175s][info][gc             ] GC(1324) Pause Remark 2183M->2183M(4096M) 6.394ms
[4547.175s][info][gc,cpu         ] GC(1324) User=0.04s Sys=0.00s Real=0.01s
[4547.177s][info][gc,marking     ] GC(1324) Concurrent Mark 725.251ms
[4547.177s][info][gc,marking     ] GC(1324) Concurrent Rebuild Remembered Sets and Scrub Regions
[4547.447s][info][gc,marking     ] GC(1324) Concurrent Rebuild Remembered Sets and Scrub Regions 269.674ms
[4547.447s][info][gc,start       ] GC(1324) Pause Cleanup
[4547.448s][info][gc             ] GC(1324) Pause Cleanup 2387M->2387M(4096M) 0.123ms
[4547.448s][info][gc,cpu         ] GC(1324) User=0.00s Sys=0.00s Real=0.00s
[4547.448s][info][gc,marking     ] GC(1324) Concurrent Clear Claimed Marks
[4547.448s][info][gc,marking     ] GC(1324) Concurrent Clear Claimed Marks 0.026ms
[4547.448s][info][gc,marking     ] GC(1324) Concurrent Cleanup for Next Mark
[4547.461s][info][gc,marking     ] GC(1324) Concurrent Cleanup for Next Mark 13.791ms
[4547.462s][info][gc             ] GC(1324) Concurrent Mark Cycle 1161.979ms
.[4548.463s][info][gc,start       ] GC(1325) Pause Young (Prepare Mixed) (G1 Evacuation Pause)
[4548.463s][info][gc,task        ] GC(1325) Using 6 workers of 6 for evacuation
[4548.584s][info][gc,phases      ] GC(1325)   Pre Evacuate Collection Set: 0.36ms
[4548.584s][info][gc,phases      ] GC(1325)   Merge Heap Roots: 0.54ms
[4548.584s][info][gc,phases      ] GC(1325)   Evacuate Collection Set: 118.47ms
[4548.584s][info][gc,phases      ] GC(1325)   Post Evacuate Collection Set: 0.92ms
[4548.584s][info][gc,phases      ] GC(1325)   Other: 0.09ms
[4548.584s][info][gc,heap        ] GC(1325) Eden regions: 1116->0(1100)
[4548.584s][info][gc,heap        ] GC(1325) Survivor regions: 112->114(154)
[4548.584s][info][gc,heap        ] GC(1325) Old regions: 505->537
[4548.584s][info][gc,heap        ] GC(1325) Humongous regions: 80->80
[4548.584s][info][gc,metaspace   ] GC(1325) Metaspace: 28897K(29312K)->28897K(29312K) NonClass: 24029K(24256K)->24029K(24256K) Class: 4868K(5056K)->4868K(5056K)
[4548.584s][info][gc             ] GC(1325) Pause Young (Prepare Mixed) (G1 Evacuation Pause) 3623M->1458M(4096M) 120.497ms
[4548.584s][info][gc,cpu         ] GC(1325) User=0.72s Sys=0.00s Real=0.12s
..[4550.763s][info][gc,start       ] GC(1326) Pause Young (Mixed) (G1 Evacuation Pause)
[4550.763s][info][gc,task        ] GC(1326) Using 6 workers of 6 for evacuation
[4550.902s][info][gc,phases      ] GC(1326)   Pre Evacuate Collection Set: 0.37ms
[4550.903s][info][gc,phases      ] GC(1326)   Merge Heap Roots: 0.76ms
[4550.903s][info][gc,phases      ] GC(1326)   Evacuate Collection Set: 137.24ms
[4550.903s][info][gc,phases      ] GC(1326)   Post Evacuate Collection Set: 0.92ms
[4550.903s][info][gc,phases      ] GC(1326)   Other: 0.09ms
[4550.903s][info][gc,heap        ] GC(1326) Eden regions: 1100->0(1116)
[4550.903s][info][gc,heap        ] GC(1326) Survivor regions: 114->112(152)
[4550.903s][info][gc,heap        ] GC(1326) Old regions: 537->473
[4550.903s][info][gc,heap        ] GC(1326) Humongous regions: 80->80
[4550.903s][info][gc,metaspace   ] GC(1326) Metaspace: 28897K(29312K)->28897K(29312K) NonClass: 24029K(24256K)->24029K(24256K) Class: 4868K(5056K)->4868K(5056K)
[4550.903s][info][gc             ] GC(1326) Pause Young (Mixed) (G1 Evacuation Pause) 3658M->1326M(4096M) 139.505ms
[4550.903s][info][gc,cpu         ] GC(1326) User=0.83s Sys=0.00s Real=0.14s
..[4552.982s][info][gc,start       ] GC(1327) Pause Young (Concurrent Start) (G1 Evacuation Pause)
[4552.982s][info][gc,task        ] GC(1327) Using 6 workers of 6 for evacuation
[4553.099s][info][gc,phases      ] GC(1327)   Pre Evacuate Collection Set: 0.38ms
[4553.100s][info][gc,phases      ] GC(1327)   Merge Heap Roots: 0.45ms
[4553.100s][info][gc,phases      ] GC(1327)   Evacuate Collection Set: 115.65ms
[4553.100s][info][gc,phases      ] GC(1327)   Post Evacuate Collection Set: 0.84ms
[4553.100s][info][gc,phases      ] GC(1327)   Other: 0.12ms
[4553.100s][info][gc,heap        ] GC(1327) Eden regions: 1116->0(1120)
[4553.100s][info][gc,heap        ] GC(1327) Survivor regions: 112->108(154)
[4553.100s][info][gc,heap        ] GC(1327) Old regions: 473->504
[4553.100s][info][gc,heap        ] GC(1327) Humongous regions: 80->80
[4553.100s][info][gc,metaspace   ] GC(1327) Metaspace: 28897K(29312K)->28897K(29312K) NonClass: 24029K(24256K)->24029K(24256K) Class: 4868K(5056K)->4868K(5056K)
[4553.100s][info][gc             ] GC(1327) Pause Young (Concurrent Start) (G1 Evacuation Pause) 3558M->1382M(4096M) 117.610ms
[4553.100s][info][gc             ] GC(1328) Concurrent Mark Cycle
[4553.100s][info][gc,marking     ] GC(1328) Concurrent Scan Root Regions
[4553.100s][info][gc,cpu         ] GC(1327) User=0.70s Sys=0.00s Real=0.12s
.[4553.268s][info][gc,marking     ] GC(1328) Concurrent Scan Root Regions 168.488ms
[4553.268s][info][gc,marking     ] GC(1328) Concurrent Mark
[4553.268s][info][gc,marking     ] GC(1328) Concurrent Mark From Roots
[4553.268s][info][gc,task        ] GC(1328) Using 2 workers of 2 for marking
[4553.946s][info][gc,marking     ] GC(1328) Concurrent Mark From Roots 678.137ms
[4553.946s][info][gc,marking     ] GC(1328) Concurrent Preclean
[4553.946s][info][gc,marking     ] GC(1328) Concurrent Preclean 0.097ms
[4553.947s][info][gc,start       ] GC(1328) Pause Remark
[4553.952s][info][gc             ] GC(1328) Pause Remark 2153M->2153M(4096M) 5.032ms
[4553.952s][info][gc,cpu         ] GC(1328) User=0.02s Sys=0.00s Real=0.00s
[4553.952s][info][gc,marking     ] GC(1328) Concurrent Mark 683.605ms
[4553.952s][info][gc,marking     ] GC(1328) Concurrent Rebuild Remembered Sets and Scrub Regions
[4554.221s][info][gc,marking     ] GC(1328) Concurrent Rebuild Remembered Sets and Scrub Regions 268.985ms
[4554.221s][info][gc,start       ] GC(1328) Pause Cleanup
[4554.221s][info][gc             ] GC(1328) Pause Cleanup 2445M->2445M(4096M) 0.118ms
[4554.221s][info][gc,cpu         ] GC(1328) User=0.00s Sys=0.00s Real=0.00s
[4554.221s][info][gc,marking     ] GC(1328) Concurrent Clear Claimed Marks
[4554.221s][info][gc,marking     ] GC(1328) Concurrent Clear Claimed Marks 0.020ms
[4554.221s][info][gc,marking     ] GC(1328) Concurrent Cleanup for Next Mark
[4554.226s][info][gc,marking     ] GC(1328) Concurrent Cleanup for Next Mark 4.953ms
[4554.227s][info][gc             ] GC(1328) Concurrent Mark Cycle 1126.918ms
..[4555.334s][info][gc,start       ] GC(1329) Pause Young (Prepare Mixed) (G1 Evacuation Pause)
[4555.334s][info][gc,task        ] GC(1329) Using 6 workers of 6 for evacuation
[4555.455s][info][gc,phases      ] GC(1329)   Pre Evacuate Collection Set: 0.34ms
[4555.455s][info][gc,phases      ] GC(1329)   Merge Heap Roots: 0.53ms
[4555.455s][info][gc,phases      ] GC(1329)   Evacuate Collection Set: 119.42ms
[4555.455s][info][gc,phases      ] GC(1329)   Post Evacuate Collection Set: 0.93ms
[4555.455s][info][gc,phases      ] GC(1329)   Other: 0.09ms
[4555.455s][info][gc,heap        ] GC(1329) Eden regions: 1120->0(1105)
[4555.455s][info][gc,heap        ] GC(1329) Survivor regions: 108->112(154)
[4555.455s][info][gc,heap        ] GC(1329) Old regions: 504->536
[4555.455s][info][gc,heap        ] GC(1329) Humongous regions: 80->80
[4555.455s][info][gc,metaspace   ] GC(1329) Metaspace: 28897K(29312K)->28897K(29312K) NonClass: 24029K(24256K)->24029K(24256K) Class: 4868K(5056K)->4868K(5056K)
[4555.455s][info][gc             ] GC(1329) Pause Young (Prepare Mixed) (G1 Evacuation Pause) 3622M->1453M(4096M) 121.437ms
[4555.455s][info][gc,cpu         ] GC(1329) User=0.72s Sys=0.00s Real=0.13s
..[4557.586s][info][gc,start       ] GC(1330) Pause Young (Mixed) (G1 Evacuation Pause)
[4557.587s][info][gc,task        ] GC(1330) Using 6 workers of 6 for evacuation
[4557.725s][info][gc,phases      ] GC(1330)   Pre Evacuate Collection Set: 0.39ms
[4557.725s][info][gc,phases      ] GC(1330)   Merge Heap Roots: 0.82ms
[4557.725s][info][gc,phases      ] GC(1330)   Evacuate Collection Set: 136.43ms
[4557.725s][info][gc,phases      ] GC(1330)   Post Evacuate Collection Set: 0.93ms
[4557.725s][info][gc,phases      ] GC(1330)   Other: 0.09ms
[4557.725s][info][gc,heap        ] GC(1330) Eden regions: 1105->0(1116)
[4557.725s][info][gc,heap        ] GC(1330) Survivor regions: 112->112(153)
[4557.725s][info][gc,heap        ] GC(1330) Old regions: 536->474
[4557.725s][info][gc,heap        ] GC(1330) Humongous regions: 80->80
[4557.725s][info][gc,metaspace   ] GC(1330) Metaspace: 28897K(29312K)->28897K(29312K) NonClass: 24029K(24256K)->24029K(24256K) Class: 4868K(5056K)->4868K(5056K)
[4557.725s][info][gc             ] GC(1330) Pause Young (Mixed) (G1 Evacuation Pause) 3663M->1329M(4096M) 138.821ms
[4557.725s][info][gc,cpu         ] GC(1330) User=0.83s Sys=0.00s Real=0.14s
..[4559.950s][info][gc,start       ] GC(1331) Pause Young (Concurrent Start) (G1 Evacuation Pause)
[4559.950s][info][gc,task        ] GC(1331) Using 6 workers of 6 for evacuation
[4560.068s][info][gc,phases      ] GC(1331)   Pre Evacuate Collection Set: 0.35ms
[4560.068s][info][gc,phases      ] GC(1331)   Merge Heap Roots: 0.46ms
[4560.068s][info][gc,phases      ] GC(1331)   Evacuate Collection Set: 115.71ms
[4560.068s][info][gc,phases      ] GC(1331)   Post Evacuate Collection Set: 0.88ms
[4560.068s][info][gc,phases      ] GC(1331)   Other: 0.11ms
[4560.068s][info][gc,heap        ] GC(1331) Eden regions: 1116->0(1118)
[4560.068s][info][gc,heap        ] GC(1331) Survivor regions: 112->110(154)
[4560.068s][info][gc,heap        ] GC(1331) Old regions: 474->506
[4560.068s][info][gc,heap        ] GC(1331) Humongous regions: 80->80
[4560.068s][info][gc,metaspace   ] GC(1331) Metaspace: 28897K(29312K)->28897K(29312K) NonClass: 24029K(24256K)->24029K(24256K) Class: 4868K(5056K)->4868K(5056K)
[4560.068s][info][gc             ] GC(1331) Pause Young (Concurrent Start) (G1 Evacuation Pause) 3561M->1389M(4096M) 117.642ms
[4560.068s][info][gc             ] GC(1332) Concurrent Mark Cycle
[4560.068s][info][gc,marking     ] GC(1332) Concurrent Scan Root Regions
[4560.068s][info][gc,cpu         ] GC(1331) User=0.70s Sys=0.00s Real=0.12s
[4560.249s][info][gc,marking     ] GC(1332) Concurrent Scan Root Regions 181.001ms
[4560.249s][info][gc,marking     ] GC(1332) Concurrent Mark
[4560.249s][info][gc,marking     ] GC(1332) Concurrent Mark From Roots
[4560.249s][info][gc,task        ] GC(1332) Using 2 workers of 2 for marking
.[4561.218s][info][gc,marking     ] GC(1332) Concurrent Mark From Roots 969.122ms
[4561.218s][info][gc,marking     ] GC(1332) Concurrent Preclean
[4561.218s][info][gc,marking     ] GC(1332) Concurrent Preclean 0.089ms
[4561.221s][info][gc,start       ] GC(1332) Pause Remark
[4561.227s][info][gc             ] GC(1332) Pause Remark 2489M->2489M(4096M) 6.585ms
[4561.227s][info][gc,cpu         ] GC(1332) User=0.04s Sys=0.00s Real=0.01s
[4561.227s][info][gc,marking     ] GC(1332) Concurrent Mark 978.557ms
[4561.227s][info][gc,marking     ] GC(1332) Concurrent Rebuild Remembered Sets and Scrub Regions
.[4561.546s][info][gc,marking     ] GC(1332) Concurrent Rebuild Remembered Sets and Scrub Regions 318.658ms
[4561.548s][info][gc,start       ] GC(1332) Pause Cleanup
[4561.548s][info][gc             ] GC(1332) Pause Cleanup 2687M->2687M(4096M) 0.135ms
[4561.548s][info][gc,cpu         ] GC(1332) User=0.00s Sys=0.00s Real=0.00s
[4561.548s][info][gc,marking     ] GC(1332) Concurrent Clear Claimed Marks
[4561.548s][info][gc,marking     ] GC(1332) Concurrent Clear Claimed Marks 0.032ms
[4561.548s][info][gc,marking     ] GC(1332) Concurrent Cleanup for Next Mark
[4561.553s][info][gc,marking     ] GC(1332) Concurrent Cleanup for Next Mark 5.004ms
[4561.553s][info][gc             ] GC(1332) Concurrent Mark Cycle 1485.168ms
[4562.327s][info][gc,start       ] GC(1333) Pause Young (Prepare Mixed) (G1 Evacuation Pause)
[4562.327s][info][gc,task        ] GC(1333) Using 6 workers of 6 for evacuation
[4562.454s][info][gc,phases      ] GC(1333)   Pre Evacuate Collection Set: 0.30ms
[4562.454s][info][gc,phases      ] GC(1333)   Merge Heap Roots: 0.52ms
[4562.454s][info][gc,phases      ] GC(1333)   Evacuate Collection Set: 125.52ms
[4562.454s][info][gc,phases      ] GC(1333)   Post Evacuate Collection Set: 0.92ms
[4562.454s][info][gc,phases      ] GC(1333)   Other: 0.09ms
[4562.454s][info][gc,heap        ] GC(1333) Eden regions: 1118->0(1091)
[4562.454s][info][gc,heap        ] GC(1333) Survivor regions: 110->118(154)
[4562.454s][info][gc,heap        ] GC(1333) Old regions: 506->538
[4562.454s][info][gc,heap        ] GC(1333) Humongous regions: 80->80
[4562.454s][info][gc,metaspace   ] GC(1333) Metaspace: 28897K(29312K)->28897K(29312K) NonClass: 24029K(24256K)->24029K(24256K) Class: 4868K(5056K)->4868K(5056K)
[4562.454s][info][gc             ] GC(1333) Pause Young (Prepare Mixed) (G1 Evacuation Pause) 3625M->1469M(4096M) 127.470ms
[4562.454s][info][gc,cpu         ] GC(1333) User=0.76s Sys=0.00s Real=0.12s
.. (rIR:aIR:PR = 8164:8162:8163) (tPR = 121545) [OK] 
  4563s: Performance info:
         Transaction,    Success,    Partial,     Failed,   Receipts, AvgBarcode, 
             Overall,     491842,          0,          0,     467244,      59.47, 
         Response times:
             Request,    Success,    Partial,     Failed,   SkipFail,     Probes,    Samples,      min,      p50,      p90,      p95,      p99,      max, 
       TotalPurchase,     467105,          0,          0,          0,     354371,     423889,      300,     7300,   101000,   140000,   190000,   477000,
     InStorePurchase,     244880,          0,          0,          0,     185943,     222604,      300,     7500,   102000,   141000,   189000,   477000,
      OnlinePurchase,     173000,          0,          0,          0,     131075,     156202,      300,     7100,    99000,   140000,   190000,   437000,
        InstPurchase,      49225,          0,          0,          0,      37353,      45083,      400,     7200,    98000,   139000,   188000,   450000,
          AssocOfCat,        494,          0,          0,          0,        391,        544,    26000,    48000,   158500,   177250,   243750,   299000,
      AssocOfProduct,       4926,          0,          0,          0,       3376,       4260,      500,     8000,   101900,   139000,   190000,   334000,
      BusinessReport,       1233,          0,          0,          0,       1096,       1445,    28000,    55000,   176400,   213000,   267080,   330000,
          CustBuyBeh,       4950,          0,          0,          0,       3426,       4304,      200,     5500,    86000,   129000,   194000,   283000,
       ProductReturn,      12994,          0,          0,          0,      10020,      12278,      200,     6500,    93000,   133000,   188000,   326000,

  4563s: (60%)   IR =   8302 [4564.558s][info][gc,start       ] GC(1334) Pause Young (Mixed) (G1 Evacuation Pause)
[4564.558s][info][gc,task        ] GC(1334) Using 6 workers of 6 for evacuation
[4564.693s][info][gc,phases      ] GC(1334)   Pre Evacuate Collection Set: 0.36ms
[4564.693s][info][gc,phases      ] GC(1334)   Merge Heap Roots: 0.64ms
[4564.693s][info][gc,phases      ] GC(1334)   Evacuate Collection Set: 132.78ms
[4564.693s][info][gc,phases      ] GC(1334)   Post Evacuate Collection Set: 0.92ms
[4564.693s][info][gc,phases      ] GC(1334)   Other: 0.09ms
[4564.693s][info][gc,heap        ] GC(1334) Eden regions: 1091->0(1118)
[4564.693s][info][gc,heap        ] GC(1334) Survivor regions: 118->110(152)
[4564.693s][info][gc,heap        ] GC(1334) Old regions: 538->474
[4564.693s][info][gc,heap        ] GC(1334) Humongous regions: 80->80
[4564.693s][info][gc,metaspace   ] GC(1334) Metaspace: 28902K(29312K)->28902K(29312K) NonClass: 24034K(24256K)->24034K(24256K) Class: 4868K(5056K)->4868K(5056K)
[4564.693s][info][gc             ] GC(1334) Pause Young (Mixed) (G1 Evacuation Pause) 3651M->1326M(4096M) 134.919ms
[4564.693s][info][gc,cpu         ] GC(1334) User=0.80s Sys=0.01s Real=0.13s
...[4566.899s][info][gc,start       ] GC(1335) Pause Young (Concurrent Start) (G1 Evacuation Pause)
[4566.899s][info][gc,task        ] GC(1335) Using 6 workers of 6 for evacuation
[4567.018s][info][gc,phases      ] GC(1335)   Pre Evacuate Collection Set: 0.37ms
[4567.018s][info][gc,phases      ] GC(1335)   Merge Heap Roots: 0.46ms
[4567.018s][info][gc,phases      ] GC(1335)   Evacuate Collection Set: 117.08ms
[4567.018s][info][gc,phases      ] GC(1335)   Post Evacuate Collection Set: 0.92ms
[4567.018s][info][gc,phases      ] GC(1335)   Other: 0.13ms
[4567.018s][info][gc,heap        ] GC(1335) Eden regions: 1118->0(1117)
[4567.018s][info][gc,heap        ] GC(1335) Survivor regions: 110->111(154)
[4567.018s][info][gc,heap        ] GC(1335) Old regions: 474->505
[4567.018s][info][gc,heap        ] GC(1335) Humongous regions: 80->80
[4567.018s][info][gc,metaspace   ] GC(1335) Metaspace: 28902K(29312K)->28902K(29312K) NonClass: 24034K(24256K)->24034K(24256K) Class: 4868K(5056K)->4868K(5056K)
[4567.018s][info][gc             ] GC(1335) Pause Young (Concurrent Start) (G1 Evacuation Pause) 3562M->1389M(4096M) 119.106ms
[4567.018s][info][gc             ] GC(1336) Concurrent Mark Cycle
[4567.018s][info][gc,marking     ] GC(1336) Concurrent Scan Root Regions
[4567.019s][info][gc,cpu         ] GC(1335) User=0.71s Sys=0.00s Real=0.12s
[4567.190s][info][gc,marking     ] GC(1336) Concurrent Scan Root Regions 171.600ms
[4567.190s][info][gc,marking     ] GC(1336) Concurrent Mark
[4567.190s][info][gc,marking     ] GC(1336) Concurrent Mark From Roots
[4567.190s][info][gc,task        ] GC(1336) Using 2 workers of 2 for marking
.[4568.186s][info][gc,marking     ] GC(1336) Concurrent Mark From Roots 995.362ms
[4568.186s][info][gc,marking     ] GC(1336) Concurrent Preclean
[4568.186s][info][gc,marking     ] GC(1336) Concurrent Preclean 0.134ms
[4568.186s][info][gc,start       ] GC(1336) Pause Remark
[4568.193s][info][gc             ] GC(1336) Pause Remark 2549M->2549M(4096M) 7.179ms
[4568.193s][info][gc,cpu         ] GC(1336) User=0.04s Sys=0.00s Real=0.00s
[4568.195s][info][gc,marking     ] GC(1336) Concurrent Mark 1005.075ms
[4568.195s][info][gc,marking     ] GC(1336) Concurrent Rebuild Remembered Sets and Scrub Regions
[4568.547s][info][gc,marking     ] GC(1336) Concurrent Rebuild Remembered Sets and Scrub Regions 351.695ms
[4568.549s][info][gc,start       ] GC(1336) Pause Cleanup
[4568.549s][info][gc             ] GC(1336) Pause Cleanup 2871M->2871M(4096M) 0.138ms
[4568.549s][info][gc,cpu         ] GC(1336) User=0.00s Sys=0.00s Real=0.00s
[4568.549s][info][gc,marking     ] GC(1336) Concurrent Clear Claimed Marks
[4568.549s][info][gc,marking     ] GC(1336) Concurrent Clear Claimed Marks 0.023ms
[4568.549s][info][gc,marking     ] GC(1336) Concurrent Cleanup for Next Mark
[4568.559s][info][gc,marking     ] GC(1336) Concurrent Cleanup for Next Mark 10.182ms
[4568.559s][info][gc             ] GC(1336) Concurrent Mark Cycle 1540.691ms
.[4569.172s][info][gc,start       ] GC(1337) Pause Young (Prepare Mixed) (G1 Evacuation Pause)
[4569.172s][info][gc,task        ] GC(1337) Using 6 workers of 6 for evacuation
[4569.290s][info][gc,phases      ] GC(1337)   Pre Evacuate Collection Set: 0.33ms
[4569.290s][info][gc,phases      ] GC(1337)   Merge Heap Roots: 0.49ms
[4569.290s][info][gc,phases      ] GC(1337)   Evacuate Collection Set: 115.71ms
[4569.290s][info][gc,phases      ] GC(1337)   Post Evacuate Collection Set: 0.93ms
[4569.290s][info][gc,phases      ] GC(1337)   Other: 0.09ms
[4569.290s][info][gc,heap        ] GC(1337) Eden regions: 1117->0(1109)
[4569.290s][info][gc,heap        ] GC(1337) Survivor regions: 111->110(154)
[4569.290s][info][gc,heap        ] GC(1337) Old regions: 505->536
[4569.290s][info][gc,heap        ] GC(1337) Humongous regions: 80->80
[4569.290s][info][gc,metaspace   ] GC(1337) Metaspace: 28902K(29312K)->28902K(29312K) NonClass: 24034K(24256K)->24034K(24256K) Class: 4868K(5056K)->4868K(5056K)
[4569.290s][info][gc             ] GC(1337) Pause Young (Prepare Mixed) (G1 Evacuation Pause) 3623M->1449M(4096M) 117.694ms
[4569.290s][info][gc,cpu         ] GC(1337) User=0.70s Sys=0.00s Real=0.12s
..[4571.392s][info][gc,start       ] GC(1338) Pause Young (Mixed) (G1 Evacuation Pause)
[4571.392s][info][gc,task        ] GC(1338) Using 6 workers of 6 for evacuation
[4571.531s][info][gc,phases      ] GC(1338)   Pre Evacuate Collection Set: 0.35ms
[4571.531s][info][gc,phases      ] GC(1338)   Merge Heap Roots: 0.78ms
[4571.531s][info][gc,phases      ] GC(1338)   Evacuate Collection Set: 137.43ms
[4571.531s][info][gc,phases      ] GC(1338)   Post Evacuate Collection Set: 0.86ms
[4571.531s][info][gc,phases      ] GC(1338)   Other: 0.09ms
[4571.531s][info][gc,heap        ] GC(1338) Eden regions: 1109->0(1114)
[4571.531s][info][gc,heap        ] GC(1338) Survivor regions: 110->114(153)
[4571.531s][info][gc,heap        ] GC(1338) Old regions: 536->471
[4571.531s][info][gc,heap        ] GC(1338) Humongous regions: 80->80
[4571.531s][info][gc,metaspace   ] GC(1338) Metaspace: 28902K(29312K)->28902K(29312K) NonClass: 24034K(24256K)->24034K(24256K) Class: 4868K(5056K)->4868K(5056K)
[4571.531s][info][gc             ] GC(1338) Pause Young (Mixed) (G1 Evacuation Pause) 3667M->1327M(4096M) 139.640ms
[4571.531s][info][gc,cpu         ] GC(1338) User=0.83s Sys=0.00s Real=0.14s
..[4573.644s][info][gc,start       ] GC(1339) Pause Young (Concurrent Start) (G1 Evacuation Pause)
[4573.644s][info][gc,task        ] GC(1339) Using 6 workers of 6 for evacuation
[4573.768s][info][gc,phases      ] GC(1339)   Pre Evacuate Collection Set: 0.36ms
[4573.769s][info][gc,phases      ] GC(1339)   Merge Heap Roots: 0.48ms
[4573.769s][info][gc,phases      ] GC(1339)   Evacuate Collection Set: 121.63ms
[4573.769s][info][gc,phases      ] GC(1339)   Post Evacuate Collection Set: 0.86ms
[4573.769s][info][gc,phases      ] GC(1339)   Other: 0.83ms
[4573.769s][info][gc,heap        ] GC(1339) Eden regions: 1114->0(1112)
[4573.769s][info][gc,heap        ] GC(1339) Survivor regions: 114->116(154)
[4573.769s][info][gc,heap        ] GC(1339) Old regions: 471->502
[4573.769s][info][gc,heap        ] GC(1339) Humongous regions: 80->80
[4573.769s][info][gc,metaspace   ] GC(1339) Metaspace: 28902K(29312K)->28902K(29312K) NonClass: 24034K(24256K)->24034K(24256K) Class: 4868K(5056K)->4868K(5056K)
[4573.769s][info][gc             ] GC(1339) Pause Young (Concurrent Start) (G1 Evacuation Pause) 3555M->1394M(4096M) 124.296ms
[4573.769s][info][gc             ] GC(1340) Concurrent Mark Cycle
[4573.769s][info][gc,marking     ] GC(1340) Concurrent Scan Root Regions
[4573.769s][info][gc,cpu         ] GC(1339) User=0.74s Sys=0.00s Real=0.13s
.[4573.905s][info][gc,marking     ] GC(1340) Concurrent Scan Root Regions 135.911ms
[4573.905s][info][gc,marking     ] GC(1340) Concurrent Mark
[4573.905s][info][gc,marking     ] GC(1340) Concurrent Mark From Roots
[4573.905s][info][gc,task        ] GC(1340) Using 2 workers of 2 for marking
[4574.839s][info][gc,marking     ] GC(1340) Concurrent Mark From Roots 934.430ms
[4574.839s][info][gc,marking     ] GC(1340) Concurrent Preclean
[4574.839s][info][gc,marking     ] GC(1340) Concurrent Preclean 0.111ms
[4574.839s][info][gc,start       ] GC(1340) Pause Remark
[4574.845s][info][gc             ] GC(1340) Pause Remark 2372M->2372M(4096M) 6.123ms
[4574.846s][info][gc,cpu         ] GC(1340) User=0.03s Sys=0.00s Real=0.01s
[4574.846s][info][gc,marking     ] GC(1340) Concurrent Mark 941.031ms
[4574.846s][info][gc,marking     ] GC(1340) Concurrent Rebuild Remembered Sets and Scrub Regions
.[4575.263s][info][gc,marking     ] GC(1340) Concurrent Rebuild Remembered Sets and Scrub Regions 417.091ms
[4575.263s][info][gc,start       ] GC(1340) Pause Cleanup
[4575.263s][info][gc             ] GC(1340) Pause Cleanup 2877M->2877M(4096M) 0.121ms
[4575.263s][info][gc,cpu         ] GC(1340) User=0.00s Sys=0.00s Real=0.00s
[4575.265s][info][gc,marking     ] GC(1340) Concurrent Clear Claimed Marks
[4575.265s][info][gc,marking     ] GC(1340) Concurrent Clear Claimed Marks 0.045ms
[4575.265s][info][gc,marking     ] GC(1340) Concurrent Cleanup for Next Mark
[4575.409s][info][gc,marking     ] GC(1340) Concurrent Cleanup for Next Mark 144.604ms
[4575.409s][info][gc             ] GC(1340) Concurrent Mark Cycle 1640.805ms
[4575.915s][info][gc,start       ] GC(1341) Pause Young (Prepare Mixed) (G1 Evacuation Pause)
[4575.915s][info][gc,task        ] GC(1341) Using 6 workers of 6 for evacuation
[4576.034s][info][gc,phases      ] GC(1341)   Pre Evacuate Collection Set: 0.31ms
[4576.034s][info][gc,phases      ] GC(1341)   Merge Heap Roots: 0.52ms
[4576.034s][info][gc,phases      ] GC(1341)   Evacuate Collection Set: 117.41ms
[4576.034s][info][gc,phases      ] GC(1341)   Post Evacuate Collection Set: 0.93ms
[4576.034s][info][gc,phases      ] GC(1341)   Other: 0.09ms
[4576.034s][info][gc,heap        ] GC(1341) Eden regions: 1112->0(1110)
[4576.034s][info][gc,heap        ] GC(1341) Survivor regions: 116->110(154)
[4576.034s][info][gc,heap        ] GC(1341) Old regions: 502->535
[4576.034s][info][gc,heap        ] GC(1341) Humongous regions: 80->80
[4576.034s][info][gc,metaspace   ] GC(1341) Metaspace: 28902K(29312K)->28902K(29312K) NonClass: 24034K(24256K)->24034K(24256K) Class: 4868K(5056K)->4868K(5056K)
[4576.034s][info][gc             ] GC(1341) Pause Young (Prepare Mixed) (G1 Evacuation Pause) 3618M->1447M(4096M) 119.375ms
[4576.034s][info][gc,cpu         ] GC(1341) User=0.71s Sys=0.00s Real=0.11s
...|[4578.188s][info][gc,start       ] GC(1342) Pause Young (Mixed) (G1 Evacuation Pause)
[4578.188s][info][gc,task        ] GC(1342) Using 6 workers of 6 for evacuation
[4578.334s][info][gc,phases      ] GC(1342)   Pre Evacuate Collection Set: 0.39ms
[4578.334s][info][gc,phases      ] GC(1342)   Merge Heap Roots: 0.75ms
[4578.334s][info][gc,phases      ] GC(1342)   Evacuate Collection Set: 143.72ms
[4578.334s][info][gc,phases      ] GC(1342)   Post Evacuate Collection Set: 0.94ms
[4578.334s][info][gc,phases      ] GC(1342)   Other: 0.09ms
[4578.334s][info][gc,heap        ] GC(1342) Eden regions: 1110->0(1116)
[4578.334s][info][gc,heap        ] GC(1342) Survivor regions: 110->112(153)
[4578.334s][info][gc,heap        ] GC(1342) Old regions: 535->474
[4578.334s][info][gc,heap        ] GC(1342) Humongous regions: 80->80
[4578.334s][info][gc,metaspace   ] GC(1342) Metaspace: 28902K(29312K)->28902K(29312K) NonClass: 24034K(24256K)->24034K(24256K) Class: 4868K(5056K)->4868K(5056K)
[4578.334s][info][gc             ] GC(1342) Pause Young (Mixed) (G1 Evacuation Pause) 3667M->1329M(4096M) 146.035ms
[4578.334s][info][gc,cpu         ] GC(1342) User=0.86s Sys=0.00s Real=0.14s
..[4580.423s][info][gc,start       ] GC(1343) Pause Young (Concurrent Start) (G1 Evacuation Pause)
[4580.423s][info][gc,task        ] GC(1343) Using 6 workers of 6 for evacuation
[4580.541s][info][gc,phases      ] GC(1343)   Pre Evacuate Collection Set: 0.44ms
[4580.541s][info][gc,phases      ] GC(1343)   Merge Heap Roots: 0.51ms
[4580.541s][info][gc,phases      ] GC(1343)   Evacuate Collection Set: 115.70ms
[4580.541s][info][gc,phases      ] GC(1343)   Post Evacuate Collection Set: 0.88ms
[4580.541s][info][gc,phases      ] GC(1343)   Other: 0.14ms
[4580.541s][info][gc,heap        ] GC(1343) Eden regions: 1116->0(1118)
[4580.541s][info][gc,heap        ] GC(1343) Survivor regions: 112->110(154)
[4580.541s][info][gc,heap        ] GC(1343) Old regions: 474->506
[4580.541s][info][gc,heap        ] GC(1343) Humongous regions: 80->80
[4580.541s][info][gc,metaspace   ] GC(1343) Metaspace: 28902K(29312K)->28902K(29312K) NonClass: 24034K(24256K)->24034K(24256K) Class: 4868K(5056K)->4868K(5056K)
[4580.541s][info][gc             ] GC(1343) Pause Young (Concurrent Start) (G1 Evacuation Pause) 3561M->1388M(4096M) 117.801ms
[4580.541s][info][gc             ] GC(1344) Concurrent Mark Cycle
[4580.541s][info][gc,marking     ] GC(1344) Concurrent Scan Root Regions
[4580.541s][info][gc,cpu         ] GC(1343) User=0.70s Sys=0.00s Real=0.12s
[4580.706s][info][gc,marking     ] GC(1344) Concurrent Scan Root Regions 164.692ms
[4580.706s][info][gc,marking     ] GC(1344) Concurrent Mark
[4580.706s][info][gc,marking     ] GC(1344) Concurrent Mark From Roots
[4580.706s][info][gc,task        ] GC(1344) Using 2 workers of 2 for marking
.[4581.672s][info][gc,marking     ] GC(1344) Concurrent Mark From Roots 966.780ms
[4581.672s][info][gc,marking     ] GC(1344) Concurrent Preclean
[4581.673s][info][gc,marking     ] GC(1344) Concurrent Preclean 0.110ms
[4581.673s][info][gc,start       ] GC(1344) Pause Remark
[4581.679s][info][gc             ] GC(1344) Pause Remark 2484M->2484M(4096M) 6.024ms
[4581.679s][info][gc,cpu         ] GC(1344) User=0.03s Sys=0.00s Real=0.01s
[4581.681s][info][gc,marking     ] GC(1344) Concurrent Mark 975.904ms
[4581.682s][info][gc,marking     ] GC(1344) Concurrent Rebuild Remembered Sets and Scrub Regions
.[4582.097s][info][gc,marking     ] GC(1344) Concurrent Rebuild Remembered Sets and Scrub Regions 415.200ms
[4582.098s][info][gc,start       ] GC(1344) Pause Cleanup
[4582.098s][info][gc             ] GC(1344) Pause Cleanup 2946M->2946M(4096M) 0.134ms
[4582.098s][info][gc,cpu         ] GC(1344) User=0.00s Sys=0.00s Real=0.00s
[4582.099s][info][gc,marking     ] GC(1344) Concurrent Clear Claimed Marks
[4582.099s][info][gc,marking     ] GC(1344) Concurrent Clear Claimed Marks 0.042ms
[4582.099s][info][gc,marking     ] GC(1344) Concurrent Cleanup for Next Mark
[4582.105s][info][gc,marking     ] GC(1344) Concurrent Cleanup for Next Mark 5.429ms
[4582.105s][info][gc             ] GC(1344) Concurrent Mark Cycle 1563.935ms
[4582.681s][info][gc,start       ] GC(1345) Pause Young (Prepare Mixed) (G1 Evacuation Pause)
[4582.681s][info][gc,task        ] GC(1345) Using 6 workers of 6 for evacuation
[4582.799s][info][gc,phases      ] GC(1345)   Pre Evacuate Collection Set: 0.33ms
[4582.799s][info][gc,phases      ] GC(1345)   Merge Heap Roots: 0.50ms
[4582.799s][info][gc,phases      ] GC(1345)   Evacuate Collection Set: 116.01ms
[4582.799s][info][gc,phases      ] GC(1345)   Post Evacuate Collection Set: 0.92ms
[4582.799s][info][gc,phases      ] GC(1345)   Other: 0.09ms
[4582.799s][info][gc,heap        ] GC(1345) Eden regions: 1118->0(1108)
[4582.799s][info][gc,heap        ] GC(1345) Survivor regions: 110->110(154)
[4582.799s][info][gc,heap        ] GC(1345) Old regions: 506->537
[4582.799s][info][gc,heap        ] GC(1345) Humongous regions: 80->80
[4582.799s][info][gc,metaspace   ] GC(1345) Metaspace: 28902K(29312K)->28902K(29312K) NonClass: 24034K(24256K)->24034K(24256K) Class: 4868K(5056K)->4868K(5056K)
[4582.799s][info][gc             ] GC(1345) Pause Young (Prepare Mixed) (G1 Evacuation Pause) 3624M->1452M(4096M) 117.966ms
[4582.799s][info][gc,cpu         ] GC(1345) User=0.70s Sys=0.00s Real=0.12s
..[4584.840s][info][gc,start       ] GC(1346) Pause Young (Mixed) (G1 Evacuation Pause)
[4584.840s][info][gc,task        ] GC(1346) Using 6 workers of 6 for evacuation
[4584.972s][info][gc,phases      ] GC(1346)   Pre Evacuate Collection Set: 0.39ms
[4584.972s][info][gc,phases      ] GC(1346)   Merge Heap Roots: 0.73ms
[4584.973s][info][gc,phases      ] GC(1346)   Evacuate Collection Set: 130.63ms
[4584.973s][info][gc,phases      ] GC(1346)   Post Evacuate Collection Set: 0.96ms
[4584.973s][info][gc,phases      ] GC(1346)   Other: 0.09ms
[4584.973s][info][gc,heap        ] GC(1346) Eden regions: 1108->0(1120)
[4584.973s][info][gc,heap        ] GC(1346) Survivor regions: 110->108(153)
[4584.973s][info][gc,heap        ] GC(1346) Old regions: 537->473
[4584.973s][info][gc,heap        ] GC(1346) Humongous regions: 80->80
[4584.973s][info][gc,metaspace   ] GC(1346) Metaspace: 28902K(29312K)->28902K(29312K) NonClass: 24034K(24256K)->24034K(24256K) Class: 4868K(5056K)->4868K(5056K)
[4584.973s][info][gc             ] GC(1346) Pause Young (Mixed) (G1 Evacuation Pause) 3668M->1320M(4096M) 132.938ms
[4584.973s][info][gc,cpu         ] GC(1346) User=0.80s Sys=0.00s Real=0.13s
...[4587.118s][info][gc,start       ] GC(1347) Pause Young (Concurrent Start) (G1 Evacuation Pause)
[4587.118s][info][gc,task        ] GC(1347) Using 6 workers of 6 for evacuation
[4587.238s][info][gc,phases      ] GC(1347)   Pre Evacuate Collection Set: 0.37ms
[4587.238s][info][gc,phases      ] GC(1347)   Merge Heap Roots: 0.49ms
[4587.238s][info][gc,phases      ] GC(1347)   Evacuate Collection Set: 117.88ms
[4587.238s][info][gc,phases      ] GC(1347)   Post Evacuate Collection Set: 0.87ms
[4587.238s][info][gc,phases      ] GC(1347)   Other: 0.11ms
[4587.238s][info][gc,heap        ] GC(1347) Eden regions: 1120->0(1116)
[4587.238s][info][gc,heap        ] GC(1347) Survivor regions: 108->112(154)
[4587.238s][info][gc,heap        ] GC(1347) Old regions: 473->505
[4587.238s][info][gc,heap        ] GC(1347) Humongous regions: 80->80
[4587.238s][info][gc,metaspace   ] GC(1347) Metaspace: 28902K(29312K)->28902K(29312K) NonClass: 24034K(24256K)->24034K(24256K) Class: 4868K(5056K)->4868K(5056K)
[4587.238s][info][gc             ] GC(1347) Pause Young (Concurrent Start) (G1 Evacuation Pause) 3560M->1391M(4096M) 119.851ms
[4587.238s][info][gc             ] GC(1348) Concurrent Mark Cycle
[4587.238s][info][gc,marking     ] GC(1348) Concurrent Scan Root Regions
[4587.238s][info][gc,cpu         ] GC(1347) User=0.71s Sys=0.00s Real=0.12s
[4587.409s][info][gc,marking     ] GC(1348) Concurrent Scan Root Regions 171.157ms
[4587.409s][info][gc,marking     ] GC(1348) Concurrent Mark
[4587.409s][info][gc,marking     ] GC(1348) Concurrent Mark From Roots
[4587.409s][info][gc,task        ] GC(1348) Using 2 workers of 2 for marking
.[4588.428s][info][gc,marking     ] GC(1348) Concurrent Mark From Roots 1018.474ms
[4588.428s][info][gc,marking     ] GC(1348) Concurrent Preclean
[4588.428s][info][gc,marking     ] GC(1348) Concurrent Preclean 0.121ms
[4588.429s][info][gc,start       ] GC(1348) Pause Remark
[4588.434s][info][gc             ] GC(1348) Pause Remark 2515M->2515M(4096M) 5.300ms
[4588.435s][info][gc,cpu         ] GC(1348) User=0.03s Sys=0.00s Real=0.01s
[4588.435s][info][gc,marking     ] GC(1348) Concurrent Mark 1025.210ms
[4588.435s][info][gc,marking     ] GC(1348) Concurrent Rebuild Remembered Sets and Scrub Regions
[4588.754s][info][gc,marking     ] GC(1348) Concurrent Rebuild Remembered Sets and Scrub Regions 319.252ms
[4588.754s][info][gc,start       ] GC(1348) Pause Cleanup
[4588.754s][info][gc             ] GC(1348) Pause Cleanup 2862M->2862M(4096M) 0.105ms
[4588.754s][info][gc,cpu         ] GC(1348) User=0.00s Sys=0.00s Real=0.00s
[4588.754s][info][gc,marking     ] GC(1348) Concurrent Clear Claimed Marks
[4588.754s][info][gc,marking     ] GC(1348) Concurrent Clear Claimed Marks 0.020ms
[4588.754s][info][gc,marking     ] GC(1348) Concurrent Cleanup for Next Mark
[4588.759s][info][gc,marking     ] GC(1348) Concurrent Cleanup for Next Mark 5.007ms
[4588.759s][info][gc             ] GC(1348) Concurrent Mark Cycle 1521.078ms
.[4589.469s][info][gc,start       ] GC(1349) Pause Young (Prepare Mixed) (G1 Evacuation Pause)
[4589.469s][info][gc,task        ] GC(1349) Using 6 workers of 6 for evacuation
[4589.588s][info][gc,phases      ] GC(1349)   Pre Evacuate Collection Set: 0.31ms
[4589.588s][info][gc,phases      ] GC(1349)   Merge Heap Roots: 0.50ms
[4589.588s][info][gc,phases      ] GC(1349)   Evacuate Collection Set: 116.71ms
[4589.588s][info][gc,phases      ] GC(1349)   Post Evacuate Collection Set: 0.91ms
[4589.588s][info][gc,phases      ] GC(1349)   Other: 0.09ms
[4589.588s][info][gc,heap        ] GC(1349) Eden regions: 1116->0(1106)
[4589.588s][info][gc,heap        ] GC(1349) Survivor regions: 112->111(154)
[4589.588s][info][gc,heap        ] GC(1349) Old regions: 505->537
[4589.588s][info][gc,heap        ] GC(1349) Humongous regions: 80->80
[4589.588s][info][gc,metaspace   ] GC(1349) Metaspace: 28902K(29312K)->28902K(29312K) NonClass: 24034K(24256K)->24034K(24256K) Class: 4868K(5056K)->4868K(5056K)
[4589.588s][info][gc             ] GC(1349) Pause Young (Prepare Mixed) (G1 Evacuation Pause) 3623M->1454M(4096M) 118.648ms
[4589.588s][info][gc,cpu         ] GC(1349) User=0.71s Sys=0.00s Real=0.12s
..[4591.703s][info][gc,start       ] GC(1350) Pause Young (Mixed) (G1 Evacuation Pause)
[4591.703s][info][gc,task        ] GC(1350) Using 6 workers of 6 for evacuation
[4591.836s][info][gc,phases      ] GC(1350)   Pre Evacuate Collection Set: 0.34ms
[4591.836s][info][gc,phases      ] GC(1350)   Merge Heap Roots: 0.66ms
[4591.836s][info][gc,phases      ] GC(1350)   Evacuate Collection Set: 131.03ms
[4591.836s][info][gc,phases      ] GC(1350)   Post Evacuate Collection Set: 0.99ms
[4591.836s][info][gc,phases      ] GC(1350)   Other: 0.10ms
[4591.836s][info][gc,heap        ] GC(1350) Eden regions: 1106->0(1118)
[4591.836s][info][gc,heap        ] GC(1350) Survivor regions: 111->110(153)
[4591.836s][info][gc,heap        ] GC(1350) Old regions: 537->474
[4591.836s][info][gc,heap        ] GC(1350) Humongous regions: 80->80
[4591.836s][info][gc,metaspace   ] GC(1350) Metaspace: 28902K(29312K)->28902K(29312K) NonClass: 24034K(24256K)->24034K(24256K) Class: 4868K(5056K)->4868K(5056K)
[4591.836s][info][gc             ] GC(1350) Pause Young (Mixed) (G1 Evacuation Pause) 3666M->1325M(4096M) 133.243ms
[4591.836s][info][gc,cpu         ] GC(1350) User=0.79s Sys=0.00s Real=0.14s
..[4593.969s][info][gc,start       ] GC(1351) Pause Young (Concurrent Start) (G1 Evacuation Pause)
[4593.970s][info][gc,task        ] GC(1351) Using 6 workers of 6 for evacuation
[4594.092s][info][gc,phases      ] GC(1351)   Pre Evacuate Collection Set: 0.37ms
[4594.092s][info][gc,phases      ] GC(1351)   Merge Heap Roots: 0.48ms
[4594.092s][info][gc,phases      ] GC(1351)   Evacuate Collection Set: 120.36ms
[4594.092s][info][gc,phases      ] GC(1351)   Post Evacuate Collection Set: 0.87ms
[4594.092s][info][gc,phases      ] GC(1351)   Other: 0.13ms
[4594.092s][info][gc,heap        ] GC(1351) Eden regions: 1118->0(1114)
[4594.092s][info][gc,heap        ] GC(1351) Survivor regions: 110->114(154)
[4594.092s][info][gc,heap        ] GC(1351) Old regions: 474->505
[4594.092s][info][gc,heap        ] GC(1351) Humongous regions: 80->80
[4594.092s][info][gc,metaspace   ] GC(1351) Metaspace: 28902K(29312K)->28902K(29312K) NonClass: 24034K(24256K)->24034K(24256K) Class: 4868K(5056K)->4868K(5056K)
[4594.092s][info][gc             ] GC(1351) Pause Young (Concurrent Start) (G1 Evacuation Pause) 3561M->1395M(4096M) 122.342ms
[4594.092s][info][gc             ] GC(1352) Concurrent Mark Cycle
[4594.092s][info][gc,marking     ] GC(1352) Concurrent Scan Root Regions
[4594.092s][info][gc,cpu         ] GC(1351) User=0.73s Sys=0.00s Real=0.12s
[4594.267s][info][gc,marking     ] GC(1352) Concurrent Scan Root Regions 175.301ms
[4594.268s][info][gc,marking     ] GC(1352) Concurrent Mark
[4594.268s][info][gc,marking     ] GC(1352) Concurrent Mark From Roots
[4594.268s][info][gc,task        ] GC(1352) Using 2 workers of 2 for marking
..[4595.278s][info][gc,marking     ] GC(1352) Concurrent Mark From Roots 1009.265ms
[4595.278s][info][gc,marking     ] GC(1352) Concurrent Preclean
[4595.278s][info][gc,marking     ] GC(1352) Concurrent Preclean 0.119ms
[4595.280s][info][gc,start       ] GC(1352) Pause Remark
[4595.330s][info][gc             ] GC(1352) Pause Remark 2579M->2579M(4096M) 50.793ms
[4595.330s][info][gc,cpu         ] GC(1352) User=0.04s Sys=0.01s Real=0.05s
[4595.332s][info][gc,marking     ] GC(1352) Concurrent Mark 1063.847ms
[4595.332s][info][gc,marking     ] GC(1352) Concurrent Rebuild Remembered Sets and Scrub Regions
[4595.711s][info][gc,marking     ] GC(1352) Concurrent Rebuild Remembered Sets and Scrub Regions 379.263ms
[4595.713s][info][gc,start       ] GC(1352) Pause Cleanup
[4595.713s][info][gc             ] GC(1352) Pause Cleanup 2985M->2985M(4096M) 0.134ms
[4595.713s][info][gc,cpu         ] GC(1352) User=0.00s Sys=0.00s Real=0.00s
[4595.714s][info][gc,marking     ] GC(1352) Concurrent Clear Claimed Marks
[4595.714s][info][gc,marking     ] GC(1352) Concurrent Clear Claimed Marks 0.039ms
[4595.715s][info][gc,marking     ] GC(1352) Concurrent Cleanup for Next Mark
[4595.719s][info][gc,marking     ] GC(1352) Concurrent Cleanup for Next Mark 4.374ms
[4595.719s][info][gc             ] GC(1352) Concurrent Mark Cycle 1627.091ms
[4596.268s][info][gc,start       ] GC(1353) Pause Young (Prepare Mixed) (G1 Evacuation Pause)
[4596.268s][info][gc,task        ] GC(1353) Using 6 workers of 6 for evacuation
[4596.387s][info][gc,phases      ] GC(1353)   Pre Evacuate Collection Set: 0.35ms
[4596.387s][info][gc,phases      ] GC(1353)   Merge Heap Roots: 0.55ms
[4596.387s][info][gc,phases      ] GC(1353)   Evacuate Collection Set: 116.42ms
[4596.387s][info][gc,phases      ] GC(1353)   Post Evacuate Collection Set: 0.91ms
[4596.387s][info][gc,phases      ] GC(1353)   Other: 0.10ms
[4596.387s][info][gc,heap        ] GC(1353) Eden regions: 1114->0(1106)
[4596.387s][info][gc,heap        ] GC(1353) Survivor regions: 114->111(154)
[4596.387s][info][gc,heap        ] GC(1353) Old regions: 505->537
[4596.387s][info][gc,heap        ] GC(1353) Humongous regions: 80->80
[4596.387s][info][gc,metaspace   ] GC(1353) Metaspace: 28902K(29312K)->28902K(29312K) NonClass: 24034K(24256K)->24034K(24256K) Class: 4868K(5056K)->4868K(5056K)
[4596.387s][info][gc             ] GC(1353) Pause Young (Prepare Mixed) (G1 Evacuation Pause) 3623M->1454M(4096M) 118.471ms
[4596.387s][info][gc,cpu         ] GC(1353) User=0.71s Sys=0.00s Real=0.12s
...[4598.484s][info][gc,start       ] GC(1354) Pause Young (Mixed) (G1 Evacuation Pause)
[4598.484s][info][gc,task        ] GC(1354) Using 6 workers of 6 for evacuation
[4598.623s][info][gc,phases      ] GC(1354)   Pre Evacuate Collection Set: 0.37ms
[4598.623s][info][gc,phases      ] GC(1354)   Merge Heap Roots: 0.65ms
[4598.623s][info][gc,phases      ] GC(1354)   Evacuate Collection Set: 137.02ms
[4598.623s][info][gc,phases      ] GC(1354)   Post Evacuate Collection Set: 0.95ms
[4598.623s][info][gc,phases      ] GC(1354)   Other: 0.09ms
[4598.623s][info][gc,heap        ] GC(1354) Eden regions: 1106->0(1115)
[4598.623s][info][gc,heap        ] GC(1354) Survivor regions: 111->113(153)
[4598.623s][info][gc,heap        ] GC(1354) Old regions: 537->472
[4598.623s][info][gc,heap        ] GC(1354) Humongous regions: 80->80
[4598.623s][info][gc,metaspace   ] GC(1354) Metaspace: 28902K(29312K)->28902K(29312K) NonClass: 24034K(24256K)->24034K(24256K) Class: 4868K(5056K)->4868K(5056K)
[4598.623s][info][gc             ] GC(1354) Pause Young (Mixed) (G1 Evacuation Pause) 3666M->1326M(4096M) 139.211ms
[4598.623s][info][gc,cpu         ] GC(1354) User=0.83s Sys=0.00s Real=0.14s
..[4600.780s][info][gc,start       ] GC(1355) Pause Young (Concurrent Start) (G1 Evacuation Pause)
[4600.780s][info][gc,task        ] GC(1355) Using 6 workers of 6 for evacuation
[4600.900s][info][gc,phases      ] GC(1355)   Pre Evacuate Collection Set: 0.34ms
[4600.900s][info][gc,phases      ] GC(1355)   Merge Heap Roots: 0.46ms
[4600.900s][info][gc,phases      ] GC(1355)   Evacuate Collection Set: 118.58ms
[4600.900s][info][gc,phases      ] GC(1355)   Post Evacuate Collection Set: 0.89ms
[4600.900s][info][gc,phases      ] GC(1355)   Other: 0.09ms
[4600.900s][info][gc,heap        ] GC(1355) Eden regions: 1115->0(1116)
[4600.900s][info][gc,heap        ] GC(1355) Survivor regions: 113->112(154)
[4600.900s][info][gc,heap        ] GC(1355) Old regions: 472->504
[4600.900s][info][gc,heap        ] GC(1355) Humongous regions: 80->80
[4600.900s][info][gc,metaspace   ] GC(1355) Metaspace: 28902K(29312K)->28902K(29312K) NonClass: 24034K(24256K)->24034K(24256K) Class: 4868K(5056K)->4868K(5056K)
[4600.900s][info][gc             ] GC(1355) Pause Young (Concurrent Start) (G1 Evacuation Pause) 3556M->1389M(4096M) 120.491ms
[4600.900s][info][gc             ] GC(1356) Concurrent Mark Cycle
[4600.900s][info][gc,marking     ] GC(1356) Concurrent Scan Root Regions
[4600.900s][info][gc,cpu         ] GC(1355) User=0.72s Sys=0.00s Real=0.12s
[4601.035s][info][gc,marking     ] GC(1356) Concurrent Scan Root Regions 134.276ms
[4601.035s][info][gc,marking     ] GC(1356) Concurrent Mark
[4601.035s][info][gc,marking     ] GC(1356) Concurrent Mark From Roots
[4601.035s][info][gc,task        ] GC(1356) Using 2 workers of 2 for marking
.[4601.780s][info][gc,marking     ] GC(1356) Concurrent Mark From Roots 745.549ms
[4601.780s][info][gc,marking     ] GC(1356) Concurrent Preclean
[4601.780s][info][gc,marking     ] GC(1356) Concurrent Preclean 0.134ms
[4601.782s][info][gc,start       ] GC(1356) Pause Remark
[4601.788s][info][gc             ] GC(1356) Pause Remark 2153M->2153M(4096M) 5.892ms
[4601.788s][info][gc,cpu         ] GC(1356) User=0.03s Sys=0.00s Real=0.01s
[4601.789s][info][gc,marking     ] GC(1356) Concurrent Mark 753.949ms
[4601.789s][info][gc,marking     ] GC(1356) Concurrent Rebuild Remembered Sets and Scrub Regions
[4602.092s][info][gc,marking     ] GC(1356) Concurrent Rebuild Remembered Sets and Scrub Regions 303.382ms
[4602.094s][info][gc,start       ] GC(1356) Pause Cleanup
[4602.094s][info][gc             ] GC(1356) Pause Cleanup 2473M->2473M(4096M) 0.138ms
[4602.094s][info][gc,cpu         ] GC(1356) User=0.00s Sys=0.00s Real=0.01s
[4602.095s][info][gc,marking     ] GC(1356) Concurrent Clear Claimed Marks
[4602.095s][info][gc,marking     ] GC(1356) Concurrent Clear Claimed Marks 0.029ms
[4602.095s][info][gc,marking     ] GC(1356) Concurrent Cleanup for Next Mark
[4602.105s][info][gc,marking     ] GC(1356) Concurrent Cleanup for Next Mark 9.658ms
[4602.105s][info][gc             ] GC(1356) Concurrent Mark Cycle 1204.367ms
.[4603.074s][info][gc,start       ] GC(1357) Pause Young (Prepare Mixed) (G1 Evacuation Pause)
[4603.074s][info][gc,task        ] GC(1357) Using 6 workers of 6 for evacuation
[4603.195s][info][gc,phases      ] GC(1357)   Pre Evacuate Collection Set: 0.33ms
[4603.195s][info][gc,phases      ] GC(1357)   Merge Heap Roots: 0.51ms
[4603.195s][info][gc,phases      ] GC(1357)   Evacuate Collection Set: 118.79ms
[4603.195s][info][gc,phases      ] GC(1357)   Post Evacuate Collection Set: 0.93ms
[4603.195s][info][gc,phases      ] GC(1357)   Other: 0.08ms
[4603.195s][info][gc,heap        ] GC(1357) Eden regions: 1116->0(1103)
[4603.195s][info][gc,heap        ] GC(1357) Survivor regions: 112->113(154)
[4603.195s][info][gc,heap        ] GC(1357) Old regions: 504->536
[4603.195s][info][gc,heap        ] GC(1357) Humongous regions: 80->80
[4603.195s][info][gc,metaspace   ] GC(1357) Metaspace: 28902K(29312K)->28902K(29312K) NonClass: 24034K(24256K)->24034K(24256K) Class: 4868K(5056K)->4868K(5056K)
[4603.195s][info][gc             ] GC(1357) Pause Young (Prepare Mixed) (G1 Evacuation Pause) 3621M->1454M(4096M) 120.772ms
[4603.195s][info][gc,cpu         ] GC(1357) User=0.72s Sys=0.00s Real=0.13s
..[4605.373s][info][gc,start       ] GC(1358) Pause Young (Mixed) (G1 Evacuation Pause)
[4605.373s][info][gc,task        ] GC(1358) Using 6 workers of 6 for evacuation
[4605.513s][info][gc,phases      ] GC(1358)   Pre Evacuate Collection Set: 0.39ms
[4605.513s][info][gc,phases      ] GC(1358)   Merge Heap Roots: 0.78ms
[4605.513s][info][gc,phases      ] GC(1358)   Evacuate Collection Set: 138.21ms
[4605.513s][info][gc,phases      ] GC(1358)   Post Evacuate Collection Set: 0.97ms
[4605.513s][info][gc,phases      ] GC(1358)   Other: 0.09ms
[4605.513s][info][gc,heap        ] GC(1358) Eden regions: 1103->0(1117)
[4605.513s][info][gc,heap        ] GC(1358) Survivor regions: 113->111(152)
[4605.513s][info][gc,heap        ] GC(1358) Old regions: 536->475
[4605.513s][info][gc,heap        ] GC(1358) Humongous regions: 80->80
[4605.513s][info][gc,metaspace   ] GC(1358) Metaspace: 28902K(29312K)->28902K(29312K) NonClass: 24034K(24256K)->24034K(24256K) Class: 4868K(5056K)->4868K(5056K)
[4605.513s][info][gc             ] GC(1358) Pause Young (Mixed) (G1 Evacuation Pause) 3660M->1329M(4096M) 140.597ms
[4605.513s][info][gc,cpu         ] GC(1358) User=0.84s Sys=0.00s Real=0.14s
...[4607.676s][info][gc,start       ] GC(1359) Pause Young (Concurrent Start) (G1 Evacuation Pause)
[4607.676s][info][gc,task        ] GC(1359) Using 6 workers of 6 for evacuation
[4607.792s][info][gc,phases      ] GC(1359)   Pre Evacuate Collection Set: 0.36ms
[4607.792s][info][gc,phases      ] GC(1359)   Merge Heap Roots: 0.53ms
[4607.792s][info][gc,phases      ] GC(1359)   Evacuate Collection Set: 114.13ms
[4607.792s][info][gc,phases      ] GC(1359)   Post Evacuate Collection Set: 0.85ms
[4607.792s][info][gc,phases      ] GC(1359)   Other: 0.10ms
[4607.792s][info][gc,heap        ] GC(1359) Eden regions: 1117->0(1119)
[4607.792s][info][gc,heap        ] GC(1359) Survivor regions: 111->109(154)
[4607.792s][info][gc,heap        ] GC(1359) Old regions: 475->505
[4607.792s][info][gc,heap        ] GC(1359) Humongous regions: 80->80
[4607.792s][info][gc,metaspace   ] GC(1359) Metaspace: 28902K(29312K)->28902K(29312K) NonClass: 24034K(24256K)->24034K(24256K) Class: 4868K(5056K)->4868K(5056K)
[4607.792s][info][gc             ] GC(1359) Pause Young (Concurrent Start) (G1 Evacuation Pause) 3563M->1386M(4096M) 116.109ms
[4607.792s][info][gc             ] GC(1360) Concurrent Mark Cycle
[4607.792s][info][gc,marking     ] GC(1360) Concurrent Scan Root Regions
[4607.792s][info][gc,cpu         ] GC(1359) User=0.69s Sys=0.00s Real=0.11s
[4607.925s][info][gc,marking     ] GC(1360) Concurrent Scan Root Regions 132.616ms
[4607.925s][info][gc,marking     ] GC(1360) Concurrent Mark
[4607.925s][info][gc,marking     ] GC(1360) Concurrent Mark From Roots
[4607.925s][info][gc,task        ] GC(1360) Using 2 workers of 2 for marking
[4608.625s][info][gc,marking     ] GC(1360) Concurrent Mark From Roots 700.551ms
[4608.626s][info][gc,marking     ] GC(1360) Concurrent Preclean
[4608.626s][info][gc,marking     ] GC(1360) Concurrent Preclean 0.124ms
[4608.626s][info][gc,start       ] GC(1360) Pause Remark
[4608.632s][info][gc             ] GC(1360) Pause Remark 2120M->2120M(4096M) 5.281ms
[4608.632s][info][gc,cpu         ] GC(1360) User=0.03s Sys=0.00s Real=0.00s
[4608.633s][info][gc,marking     ] GC(1360) Concurrent Mark 707.804ms
[4608.633s][info][gc,marking     ] GC(1360) Concurrent Rebuild Remembered Sets and Scrub Regions
.[4608.965s][info][gc,marking     ] GC(1360) Concurrent Rebuild Remembered Sets and Scrub Regions 332.570ms
[4608.965s][info][gc,start       ] GC(1360) Pause Cleanup
[4608.966s][info][gc             ] GC(1360) Pause Cleanup 2494M->2494M(4096M) 0.103ms
[4608.966s][info][gc,cpu         ] GC(1360) User=0.00s Sys=0.00s Real=0.00s
[4608.966s][info][gc,marking     ] GC(1360) Concurrent Clear Claimed Marks
[4608.966s][info][gc,marking     ] GC(1360) Concurrent Clear Claimed Marks 0.020ms
[4608.966s][info][gc,marking     ] GC(1360) Concurrent Cleanup for Next Mark
[4608.971s][info][gc,marking     ] GC(1360) Concurrent Cleanup for Next Mark 4.931ms
[4608.971s][info][gc             ] GC(1360) Concurrent Mark Cycle 1178.413ms
.[4609.860s][info][gc,start       ] GC(1361) Pause Young (Prepare Mixed) (G1 Evacuation Pause)
[4609.860s][info][gc,task        ] GC(1361) Using 6 workers of 6 for evacuation
[4609.977s][info][gc,phases      ] GC(1361)   Pre Evacuate Collection Set: 0.36ms
[4609.977s][info][gc,phases      ] GC(1361)   Merge Heap Roots: 0.54ms
[4609.977s][info][gc,phases      ] GC(1361)   Evacuate Collection Set: 114.77ms
[4609.977s][info][gc,phases      ] GC(1361)   Post Evacuate Collection Set: 0.93ms
[4609.977s][info][gc,phases      ] GC(1361)   Other: 0.08ms
[4609.977s][info][gc,heap        ] GC(1361) Eden regions: 1119->0(1110)
[4609.977s][info][gc,heap        ] GC(1361) Survivor regions: 109->108(154)
[4609.977s][info][gc,heap        ] GC(1361) Old regions: 505->539
[4609.977s][info][gc,heap        ] GC(1361) Humongous regions: 80->80
[4609.977s][info][gc,metaspace   ] GC(1361) Metaspace: 28902K(29312K)->28902K(29312K) NonClass: 24034K(24256K)->24034K(24256K) Class: 4868K(5056K)->4868K(5056K)
[4609.977s][info][gc             ] GC(1361) Pause Young (Prepare Mixed) (G1 Evacuation Pause) 3624M->1450M(4096M) 116.817ms
[4609.977s][info][gc,cpu         ] GC(1361) User=0.69s Sys=0.00s Real=0.12s
..[4612.161s][info][gc,start       ] GC(1362) Pause Young (Mixed) (G1 Evacuation Pause)
[4612.161s][info][gc,task        ] GC(1362) Using 6 workers of 6 for evacuation
[4612.296s][info][gc,phases      ] GC(1362)   Pre Evacuate Collection Set: 0.35ms
[4612.296s][info][gc,phases      ] GC(1362)   Merge Heap Roots: 0.71ms
[4612.296s][info][gc,phases      ] GC(1362)   Evacuate Collection Set: 132.57ms
[4612.296s][info][gc,phases      ] GC(1362)   Post Evacuate Collection Set: 0.95ms
[4612.296s][info][gc,phases      ] GC(1362)   Other: 0.08ms
[4612.296s][info][gc,heap        ] GC(1362) Eden regions: 1110->0(1118)
[4612.296s][info][gc,heap        ] GC(1362) Survivor regions: 108->110(153)
[4612.296s][info][gc,heap        ] GC(1362) Old regions: 539->474
[4612.296s][info][gc,heap        ] GC(1362) Humongous regions: 80->80
[4612.296s][info][gc,metaspace   ] GC(1362) Metaspace: 28902K(29312K)->28902K(29312K) NonClass: 24034K(24256K)->24034K(24256K) Class: 4868K(5056K)->4868K(5056K)
[4612.296s][info][gc             ] GC(1362) Pause Young (Mixed) (G1 Evacuation Pause) 3670M->1325M(4096M) 134.800ms
[4612.296s][info][gc,cpu         ] GC(1362) User=0.81s Sys=0.00s Real=0.14s
..[4614.521s][info][gc,start       ] GC(1363) Pause Young (Concurrent Start) (G1 Evacuation Pause)
[4614.521s][info][gc,task        ] GC(1363) Using 6 workers of 6 for evacuation
[4614.639s][info][gc,phases      ] GC(1363)   Pre Evacuate Collection Set: 0.39ms
[4614.639s][info][gc,phases      ] GC(1363)   Merge Heap Roots: 0.46ms
[4614.639s][info][gc,phases      ] GC(1363)   Evacuate Collection Set: 116.07ms
[4614.639s][info][gc,phases      ] GC(1363)   Post Evacuate Collection Set: 0.87ms
[4614.639s][info][gc,phases      ] GC(1363)   Other: 0.11ms
[4614.639s][info][gc,heap        ] GC(1363) Eden regions: 1118->0(1117)
[4614.639s][info][gc,heap        ] GC(1363) Survivor regions: 110->111(154)
[4614.639s][info][gc,heap        ] GC(1363) Old regions: 474->505
[4614.639s][info][gc,heap        ] GC(1363) Humongous regions: 80->80
[4614.639s][info][gc,metaspace   ] GC(1363) Metaspace: 28902K(29312K)->28902K(29312K) NonClass: 24034K(24256K)->24034K(24256K) Class: 4868K(5056K)->4868K(5056K)
[4614.639s][info][gc             ] GC(1363) Pause Young (Concurrent Start) (G1 Evacuation Pause) 3561M->1389M(4096M) 118.024ms
[4614.639s][info][gc             ] GC(1364) Concurrent Mark Cycle
[4614.639s][info][gc,marking     ] GC(1364) Concurrent Scan Root Regions
[4614.639s][info][gc,cpu         ] GC(1363) User=0.70s Sys=0.00s Real=0.12s
[4614.814s][info][gc,marking     ] GC(1364) Concurrent Scan Root Regions 174.690ms
[4614.814s][info][gc,marking     ] GC(1364) Concurrent Mark
[4614.814s][info][gc,marking     ] GC(1364) Concurrent Mark From Roots
[4614.814s][info][gc,task        ] GC(1364) Using 2 workers of 2 for marking
.[4615.794s][info][gc,marking     ] GC(1364) Concurrent Mark From Roots 980.249ms
[4615.794s][info][gc,marking     ] GC(1364) Concurrent Preclean
[4615.794s][info][gc,marking     ] GC(1364) Concurrent Preclean 0.107ms
[4615.800s][info][gc,start       ] GC(1364) Pause Remark
[4615.805s][info][gc             ] GC(1364) Pause Remark 2521M->2521M(4096M) 5.031ms
[4615.805s][info][gc,cpu         ] GC(1364) User=0.02s Sys=0.00s Real=0.01s
[4615.805s][info][gc,marking     ] GC(1364) Concurrent Mark 990.761ms
[4615.805s][info][gc,marking     ] GC(1364) Concurrent Rebuild Remembered Sets and Scrub Regions
.[4616.097s][info][gc,marking     ] GC(1364) Concurrent Rebuild Remembered Sets and Scrub Regions 292.415ms
[4616.099s][info][gc,start       ] GC(1364) Pause Cleanup
[4616.099s][info][gc             ] GC(1364) Pause Cleanup 2821M->2821M(4096M) 0.138ms
[4616.099s][info][gc,cpu         ] GC(1364) User=0.00s Sys=0.00s Real=0.00s
[4616.100s][info][gc,marking     ] GC(1364) Concurrent Clear Claimed Marks
[4616.100s][info][gc,marking     ] GC(1364) Concurrent Clear Claimed Marks 0.033ms
[4616.100s][info][gc,marking     ] GC(1364) Concurrent Cleanup for Next Mark
[4616.104s][info][gc,marking     ] GC(1364) Concurrent Cleanup for Next Mark 4.812ms
[4616.104s][info][gc             ] GC(1364) Concurrent Mark Cycle 1465.348ms
[4616.770s][info][gc,start       ] GC(1365) Pause Young (Prepare Mixed) (G1 Evacuation Pause)
[4616.770s][info][gc,task        ] GC(1365) Using 6 workers of 6 for evacuation
[4616.894s][info][gc,phases      ] GC(1365)   Pre Evacuate Collection Set: 0.31ms
[4616.894s][info][gc,phases      ] GC(1365)   Merge Heap Roots: 0.58ms
[4616.894s][info][gc,phases      ] GC(1365)   Evacuate Collection Set: 122.00ms
[4616.894s][info][gc,phases      ] GC(1365)   Post Evacuate Collection Set: 0.87ms
[4616.894s][info][gc,phases      ] GC(1365)   Other: 0.08ms
[4616.894s][info][gc,heap        ] GC(1365) Eden regions: 1117->0(1102)
[4616.894s][info][gc,heap        ] GC(1365) Survivor regions: 111->113(154)
[4616.894s][info][gc,heap        ] GC(1365) Old regions: 505->537
[4616.894s][info][gc,heap        ] GC(1365) Humongous regions: 80->80
[4616.894s][info][gc,metaspace   ] GC(1365) Metaspace: 28902K(29312K)->28902K(29312K) NonClass: 24034K(24256K)->24034K(24256K) Class: 4868K(5056K)->4868K(5056K)
[4616.894s][info][gc             ] GC(1365) Pause Young (Prepare Mixed) (G1 Evacuation Pause) 3623M->1457M(4096M) 123.983ms
[4616.894s][info][gc,cpu         ] GC(1365) User=0.74s Sys=0.00s Real=0.12s
...[4618.953s][info][gc,start       ] GC(1366) Pause Young (Mixed) (G1 Evacuation Pause)
[4618.953s][info][gc,task        ] GC(1366) Using 6 workers of 6 for evacuation
[4619.088s][info][gc,phases      ] GC(1366)   Pre Evacuate Collection Set: 0.35ms
[4619.088s][info][gc,phases      ] GC(1366)   Merge Heap Roots: 0.77ms
[4619.088s][info][gc,phases      ] GC(1366)   Evacuate Collection Set: 132.79ms
[4619.088s][info][gc,phases      ] GC(1366)   Post Evacuate Collection Set: 0.93ms
[4619.088s][info][gc,phases      ] GC(1366)   Other: 0.09ms
[4619.088s][info][gc,heap        ] GC(1366) Eden regions: 1102->0(1118)
[4619.088s][info][gc,heap        ] GC(1366) Survivor regions: 113->110(152)
[4619.088s][info][gc,heap        ] GC(1366) Old regions: 537->473
[4619.088s][info][gc,heap        ] GC(1366) Humongous regions: 80->80
[4619.088s][info][gc,metaspace   ] GC(1366) Metaspace: 28902K(29312K)->28902K(29312K) NonClass: 24034K(24256K)->24034K(24256K) Class: 4868K(5056K)->4868K(5056K)
[4619.088s][info][gc             ] GC(1366) Pause Young (Mixed) (G1 Evacuation Pause) 3661M->1322M(4096M) 135.061ms
[4619.088s][info][gc,cpu         ] GC(1366) User=0.81s Sys=0.00s Real=0.14s
..[4621.234s][info][gc,start       ] GC(1367) Pause Young (Concurrent Start) (G1 Evacuation Pause)
[4621.234s][info][gc,task        ] GC(1367) Using 6 workers of 6 for evacuation
[4621.353s][info][gc,phases      ] GC(1367)   Pre Evacuate Collection Set: 0.41ms
[4621.353s][info][gc,phases      ] GC(1367)   Merge Heap Roots: 0.48ms
[4621.353s][info][gc,phases      ] GC(1367)   Evacuate Collection Set: 117.21ms
[4621.353s][info][gc,phases      ] GC(1367)   Post Evacuate Collection Set: 0.88ms
[4621.353s][info][gc,phases      ] GC(1367)   Other: 0.11ms
[4621.353s][info][gc,heap        ] GC(1367) Eden regions: 1118->0(1116)
[4621.353s][info][gc,heap        ] GC(1367) Survivor regions: 110->112(154)
[4621.353s][info][gc,heap        ] GC(1367) Old regions: 473->504
[4621.353s][info][gc,heap        ] GC(1367) Humongous regions: 80->80
[4621.353s][info][gc,metaspace   ] GC(1367) Metaspace: 28902K(29312K)->28902K(29312K) NonClass: 24034K(24256K)->24034K(24256K) Class: 4868K(5056K)->4868K(5056K)
[4621.353s][info][gc             ] GC(1367) Pause Young (Concurrent Start) (G1 Evacuation Pause) 3558M->1389M(4096M) 119.231ms
[4621.353s][info][gc             ] GC(1368) Concurrent Mark Cycle
[4621.353s][info][gc,marking     ] GC(1368) Concurrent Scan Root Regions
[4621.353s][info][gc,cpu         ] GC(1367) User=0.70s Sys=0.00s Real=0.12s
[4621.484s][info][gc,marking     ] GC(1368) Concurrent Scan Root Regions 131.340ms
[4621.484s][info][gc,marking     ] GC(1368) Concurrent Mark
[4621.484s][info][gc,marking     ] GC(1368) Concurrent Mark From Roots
[4621.484s][info][gc,task        ] GC(1368) Using 2 workers of 2 for marking
.[4622.175s][info][gc,marking     ] GC(1368) Concurrent Mark From Roots 690.456ms
[4622.175s][info][gc,marking     ] GC(1368) Concurrent Preclean
[4622.175s][info][gc,marking     ] GC(1368) Concurrent Preclean 0.102ms
[4622.175s][info][gc,start       ] GC(1368) Pause Remark
[4622.181s][info][gc             ] GC(1368) Pause Remark 2106M->2106M(4096M) 5.366ms
[4622.181s][info][gc,cpu         ] GC(1368) User=0.03s Sys=0.00s Real=0.00s
[4622.181s][info][gc,marking     ] GC(1368) Concurrent Mark 696.213ms
[4622.181s][info][gc,marking     ] GC(1368) Concurrent Rebuild Remembered Sets and Scrub Regions
[4622.507s][info][gc,marking     ] GC(1368) Concurrent Rebuild Remembered Sets and Scrub Regions 326.496ms
[4622.508s][info][gc,start       ] GC(1368) Pause Cleanup
[4622.508s][info][gc             ] GC(1368) Pause Cleanup 2423M->2423M(4096M) 0.117ms
[4622.508s][info][gc,cpu         ] GC(1368) User=0.00s Sys=0.00s Real=0.00s
[4622.509s][info][gc,marking     ] GC(1368) Concurrent Clear Claimed Marks
[4622.509s][info][gc,marking     ] GC(1368) Concurrent Clear Claimed Marks 0.038ms
[4622.509s][info][gc,marking     ] GC(1368) Concurrent Cleanup for Next Mark
[4622.514s][info][gc,marking     ] GC(1368) Concurrent Cleanup for Next Mark 5.290ms
[4622.514s][info][gc             ] GC(1368) Concurrent Mark Cycle 1160.905ms
.[4623.566s][info][gc,start       ] GC(1369) Pause Young (Prepare Mixed) (G1 Evacuation Pause)
[4623.566s][info][gc,task        ] GC(1369) Using 6 workers of 6 for evacuation
[4623.688s][info][gc,phases      ] GC(1369)   Pre Evacuate Collection Set: 0.35ms
[4623.688s][info][gc,phases      ] GC(1369)   Merge Heap Roots: 0.54ms
[4623.688s][info][gc,phases      ] GC(1369)   Evacuate Collection Set: 119.47ms
[4623.688s][info][gc,phases      ] GC(1369)   Post Evacuate Collection Set: 0.91ms
[4623.688s][info][gc,phases      ] GC(1369)   Other: 0.08ms
[4623.688s][info][gc,heap        ] GC(1369) Eden regions: 1116->0(1101)
[4623.688s][info][gc,heap        ] GC(1369) Survivor regions: 112->114(154)
[4623.688s][info][gc,heap        ] GC(1369) Old regions: 504->536
[4623.688s][info][gc,heap        ] GC(1369) Humongous regions: 80->80
[4623.688s][info][gc,metaspace   ] GC(1369) Metaspace: 28902K(29312K)->28902K(29312K) NonClass: 24034K(24256K)->24034K(24256K) Class: 4868K(5056K)->4868K(5056K)
[4623.688s][info][gc             ] GC(1369) Pause Young (Prepare Mixed) (G1 Evacuation Pause) 3621M->1458M(4096M) 121.473ms
[4623.688s][info][gc,cpu         ] GC(1369) User=0.72s Sys=0.00s Real=0.12s
..[4625.862s][info][gc,start       ] GC(1370) Pause Young (Mixed) (G1 Evacuation Pause)
[4625.862s][info][gc,task        ] GC(1370) Using 6 workers of 6 for evacuation
[4625.998s][info][gc,phases      ] GC(1370)   Pre Evacuate Collection Set: 0.34ms
[4625.998s][info][gc,phases      ] GC(1370)   Merge Heap Roots: 0.71ms
[4625.998s][info][gc,phases      ] GC(1370)   Evacuate Collection Set: 134.01ms
[4625.998s][info][gc,phases      ] GC(1370)   Post Evacuate Collection Set: 0.95ms
[4625.998s][info][gc,phases      ] GC(1370)   Other: 0.08ms
[4625.998s][info][gc,heap        ] GC(1370) Eden regions: 1101->0(1116)
[4625.998s][info][gc,heap        ] GC(1370) Survivor regions: 114->112(152)
[4625.998s][info][gc,heap        ] GC(1370) Old regions: 536->473
[4625.998s][info][gc,heap        ] GC(1370) Humongous regions: 80->80
[4625.998s][info][gc,metaspace   ] GC(1370) Metaspace: 28902K(29312K)->28902K(29312K) NonClass: 24034K(24256K)->24034K(24256K) Class: 4868K(5056K)->4868K(5056K)
[4625.998s][info][gc             ] GC(1370) Pause Young (Mixed) (G1 Evacuation Pause) 3660M->1328M(4096M) 136.226ms
[4625.998s][info][gc,cpu         ] GC(1370) User=0.81s Sys=0.00s Real=0.14s
...[4628.167s][info][gc,start       ] GC(1371) Pause Young (Concurrent Start) (G1 Evacuation Pause)
[4628.167s][info][gc,task        ] GC(1371) Using 6 workers of 6 for evacuation
[4628.282s][info][gc,phases      ] GC(1371)   Pre Evacuate Collection Set: 0.37ms
[4628.282s][info][gc,phases      ] GC(1371)   Merge Heap Roots: 0.47ms
[4628.282s][info][gc,phases      ] GC(1371)   Evacuate Collection Set: 113.91ms
[4628.282s][info][gc,phases      ] GC(1371)   Post Evacuate Collection Set: 0.86ms
[4628.282s][info][gc,phases      ] GC(1371)   Other: 0.11ms
[4628.282s][info][gc,heap        ] GC(1371) Eden regions: 1116->0(1119)
[4628.282s][info][gc,heap        ] GC(1371) Survivor regions: 112->109(154)
[4628.282s][info][gc,heap        ] GC(1371) Old regions: 473->506
[4628.282s][info][gc,heap        ] GC(1371) Humongous regions: 80->80
[4628.282s][info][gc,metaspace   ] GC(1371) Metaspace: 28902K(29312K)->28902K(29312K) NonClass: 24034K(24256K)->24034K(24256K) Class: 4868K(5056K)->4868K(5056K)
[4628.282s][info][gc             ] GC(1371) Pause Young (Concurrent Start) (G1 Evacuation Pause) 3560M->1387M(4096M) 115.865ms
[4628.282s][info][gc             ] GC(1372) Concurrent Mark Cycle
[4628.282s][info][gc,marking     ] GC(1372) Concurrent Scan Root Regions
[4628.282s][info][gc,cpu         ] GC(1371) User=0.69s Sys=0.00s Real=0.11s
[4628.453s][info][gc,marking     ] GC(1372) Concurrent Scan Root Regions 170.945ms
[4628.453s][info][gc,marking     ] GC(1372) Concurrent Mark
[4628.453s][info][gc,marking     ] GC(1372) Concurrent Mark From Roots
[4628.453s][info][gc,task        ] GC(1372) Using 2 workers of 2 for marking
.[4629.227s][info][gc,marking     ] GC(1372) Concurrent Mark From Roots 773.145ms
[4629.227s][info][gc,marking     ] GC(1372) Concurrent Preclean
[4629.227s][info][gc,marking     ] GC(1372) Concurrent Preclean 0.122ms
[4629.229s][info][gc,start       ] GC(1372) Pause Remark
[4629.234s][info][gc             ] GC(1372) Pause Remark 2233M->2233M(4096M) 5.009ms
[4629.234s][info][gc,cpu         ] GC(1372) User=0.02s Sys=0.00s Real=0.00s
[4629.234s][info][gc,marking     ] GC(1372) Concurrent Mark 780.873ms
[4629.234s][info][gc,marking     ] GC(1372) Concurrent Rebuild Remembered Sets and Scrub Regions
[4629.498s][info][gc,marking     ] GC(1372) Concurrent Rebuild Remembered Sets and Scrub Regions 263.289ms
[4629.498s][info][gc,start       ] GC(1372) Pause Cleanup
[4629.498s][info][gc             ] GC(1372) Pause Cleanup 2450M->2450M(4096M) 0.117ms
[4629.498s][info][gc,cpu         ] GC(1372) User=0.00s Sys=0.00s Real=0.00s
[4629.499s][info][gc,marking     ] GC(1372) Concurrent Clear Claimed Marks
[4629.499s][info][gc,marking     ] GC(1372) Concurrent Clear Claimed Marks 0.039ms
[4629.499s][info][gc,marking     ] GC(1372) Concurrent Cleanup for Next Mark
[4629.508s][info][gc,marking     ] GC(1372) Concurrent Cleanup for Next Mark 8.963ms
[4629.508s][info][gc             ] GC(1372) Concurrent Mark Cycle 1225.591ms
.[4630.546s][info][gc,start       ] GC(1373) Pause Young (Prepare Mixed) (G1 Evacuation Pause)
[4630.546s][info][gc,task        ] GC(1373) Using 6 workers of 6 for evacuation
[4630.665s][info][gc,phases      ] GC(1373)   Pre Evacuate Collection Set: 0.32ms
[4630.665s][info][gc,phases      ] GC(1373)   Merge Heap Roots: 0.52ms
[4630.665s][info][gc,phases      ] GC(1373)   Evacuate Collection Set: 117.42ms
[4630.665s][info][gc,phases      ] GC(1373)   Post Evacuate Collection Set: 0.90ms
[4630.665s][info][gc,phases      ] GC(1373)   Other: 0.09ms
[4630.665s][info][gc,heap        ] GC(1373) Eden regions: 1119->0(1106)
[4630.665s][info][gc,heap        ] GC(1373) Survivor regions: 109->110(154)
[4630.665s][info][gc,heap        ] GC(1373) Old regions: 506->539
[4630.665s][info][gc,heap        ] GC(1373) Humongous regions: 80->80
[4630.665s][info][gc,metaspace   ] GC(1373) Metaspace: 28902K(29312K)->28902K(29312K) NonClass: 24034K(24256K)->24034K(24256K) Class: 4868K(5056K)->4868K(5056K)
[4630.665s][info][gc             ] GC(1373) Pause Young (Prepare Mixed) (G1 Evacuation Pause) 3625M->1455M(4096M) 119.387ms
[4630.665s][info][gc,cpu         ] GC(1373) User=0.71s Sys=0.00s Real=0.12s
..[4632.677s][info][gc,start       ] GC(1374) Pause Young (Mixed) (G1 Evacuation Pause)
[4632.677s][info][gc,task        ] GC(1374) Using 6 workers of 6 for evacuation
[4632.811s][info][gc,phases      ] GC(1374)   Pre Evacuate Collection Set: 0.38ms
[4632.811s][info][gc,phases      ] GC(1374)   Merge Heap Roots: 0.73ms
[4632.811s][info][gc,phases      ] GC(1374)   Evacuate Collection Set: 131.29ms
[4632.811s][info][gc,phases      ] GC(1374)   Post Evacuate Collection Set: 0.92ms
[4632.811s][info][gc,phases      ] GC(1374)   Other: 0.08ms
[4632.811s][info][gc,heap        ] GC(1374) Eden regions: 1106->0(1119)
[4632.811s][info][gc,heap        ] GC(1374) Survivor regions: 110->109(152)
[4632.811s][info][gc,heap        ] GC(1374) Old regions: 539->475
[4632.811s][info][gc,heap        ] GC(1374) Humongous regions: 80->80
[4632.811s][info][gc,metaspace   ] GC(1374) Metaspace: 28902K(29312K)->28902K(29312K) NonClass: 24034K(24256K)->24034K(24256K) Class: 4868K(5056K)->4868K(5056K)
[4632.811s][info][gc             ] GC(1374) Pause Young (Mixed) (G1 Evacuation Pause) 3667M->1325M(4096M) 133.543ms
[4632.811s][info][gc,cpu         ] GC(1374) User=0.80s Sys=0.00s Real=0.13s
..[4634.993s][info][gc,start       ] GC(1375) Pause Young (Concurrent Start) (G1 Evacuation Pause)
[4634.993s][info][gc,task        ] GC(1375) Using 6 workers of 6 for evacuation
[4635.110s][info][gc,phases      ] GC(1375)   Pre Evacuate Collection Set: 0.41ms
[4635.110s][info][gc,phases      ] GC(1375)   Merge Heap Roots: 0.56ms
[4635.110s][info][gc,phases      ] GC(1375)   Evacuate Collection Set: 115.20ms
[4635.110s][info][gc,phases      ] GC(1375)   Post Evacuate Collection Set: 0.85ms
[4635.110s][info][gc,phases      ] GC(1375)   Other: 0.11ms
[4635.110s][info][gc,heap        ] GC(1375) Eden regions: 1119->0(1119)
[4635.110s][info][gc,heap        ] GC(1375) Survivor regions: 109->109(154)
[4635.110s][info][gc,heap        ] GC(1375) Old regions: 475->506
[4635.110s][info][gc,heap        ] GC(1375) Humongous regions: 80->80
[4635.110s][info][gc,metaspace   ] GC(1375) Metaspace: 28902K(29312K)->28902K(29312K) NonClass: 24034K(24256K)->24034K(24256K) Class: 4868K(5056K)->4868K(5056K)
[4635.111s][info][gc             ] GC(1375) Pause Young (Concurrent Start) (G1 Evacuation Pause) 3563M->1388M(4096M) 117.267ms
[4635.111s][info][gc             ] GC(1376) Concurrent Mark Cycle
[4635.111s][info][gc,marking     ] GC(1376) Concurrent Scan Root Regions
[4635.111s][info][gc,cpu         ] GC(1375) User=0.70s Sys=0.00s Real=0.12s
.[4635.274s][info][gc,marking     ] GC(1376) Concurrent Scan Root Regions 163.926ms
[4635.275s][info][gc,marking     ] GC(1376) Concurrent Mark
[4635.275s][info][gc,marking     ] GC(1376) Concurrent Mark From Roots
[4635.275s][info][gc,task        ] GC(1376) Using 2 workers of 2 for marking
[4636.041s][info][gc,marking     ] GC(1376) Concurrent Mark From Roots 766.001ms
[4636.041s][info][gc,marking     ] GC(1376) Concurrent Preclean
[4636.041s][info][gc,marking     ] GC(1376) Concurrent Preclean 0.093ms
[4636.042s][info][gc,start       ] GC(1376) Pause Remark
[4636.048s][info][gc             ] GC(1376) Pause Remark 2270M->2270M(4096M) 5.540ms
[4636.048s][info][gc,cpu         ] GC(1376) User=0.03s Sys=0.00s Real=0.01s
[4636.048s][info][gc,marking     ] GC(1376) Concurrent Mark 773.179ms
[4636.048s][info][gc,marking     ] GC(1376) Concurrent Rebuild Remembered Sets and Scrub Regions
.[4636.365s][info][gc,marking     ] GC(1376) Concurrent Rebuild Remembered Sets and Scrub Regions 317.073ms
[4636.366s][info][gc,start       ] GC(1376) Pause Cleanup
[4636.366s][info][gc             ] GC(1376) Pause Cleanup 2526M->2526M(4096M) 0.145ms
[4636.366s][info][gc,cpu         ] GC(1376) User=0.00s Sys=0.00s Real=0.00s
[4636.367s][info][gc,marking     ] GC(1376) Concurrent Clear Claimed Marks
[4636.367s][info][gc,marking     ] GC(1376) Concurrent Clear Claimed Marks 0.026ms
[4636.367s][info][gc,marking     ] GC(1376) Concurrent Cleanup for Next Mark
[4636.374s][info][gc,marking     ] GC(1376) Concurrent Cleanup for Next Mark 7.196ms
[4636.374s][info][gc             ] GC(1376) Concurrent Mark Cycle 1263.610ms
[4637.229s][info][gc,start       ] GC(1377) Pause Young (Prepare Mixed) (G1 Evacuation Pause)
[4637.229s][info][gc,task        ] GC(1377) Using 6 workers of 6 for evacuation
[4637.355s][info][gc,phases      ] GC(1377)   Pre Evacuate Collection Set: 0.31ms
[4637.355s][info][gc,phases      ] GC(1377)   Merge Heap Roots: 0.56ms
[4637.355s][info][gc,phases      ] GC(1377)   Evacuate Collection Set: 123.75ms
[4637.355s][info][gc,phases      ] GC(1377)   Post Evacuate Collection Set: 0.90ms
[4637.355s][info][gc,phases      ] GC(1377)   Other: 0.09ms
[4637.355s][info][gc,heap        ] GC(1377) Eden regions: 1119->0(1093)
[4637.355s][info][gc,heap        ] GC(1377) Survivor regions: 109->117(154)
[4637.355s][info][gc,heap        ] GC(1377) Old regions: 506->538
[4637.355s][info][gc,heap        ] GC(1377) Humongous regions: 80->80
[4637.355s][info][gc,metaspace   ] GC(1377) Metaspace: 28902K(29312K)->28902K(29312K) NonClass: 24034K(24256K)->24034K(24256K) Class: 4868K(5056K)->4868K(5056K)
[4637.355s][info][gc             ] GC(1377) Pause Young (Prepare Mixed) (G1 Evacuation Pause) 3626M->1467M(4096M) 125.762ms
[4637.355s][info][gc,cpu         ] GC(1377) User=0.75s Sys=0.00s Real=0.13s
.. (rIR:aIR:PR = 8302:8278:8278) (tPR = 122386) [OK] 
  4638s: Performance info:
         Transaction,    Success,    Partial,     Failed,   Receipts, AvgBarcode, 
             Overall,     499241,          0,          0,     474162,      59.48, 
         Response times:
             Request,    Success,    Partial,     Failed,   SkipFail,     Probes,    Samples,      min,      p50,      p90,      p95,      p99,      max, 
       TotalPurchase,     474161,          0,          0,          0,     348521,     451143,      200,     7500,   143000,   179000,   251000,   620000,
     InStorePurchase,     250295,          0,          0,          0,     183422,     237389,      300,     7600,   144000,   179000,   249000,   620000,
      OnlinePurchase,     173411,          0,          0,          0,     127373,     165408,      200,     7400,   143000,   179000,   252000,   534000,
        InstPurchase,      50455,          0,          0,          0,      37726,      48346,      300,     7400,   140000,   180000,   248000,   423000,
          AssocOfCat,        502,          0,          0,          0,        434,        655,    25000,    51000,   185400,   224000,   296000,   551000,
      AssocOfProduct,       5016,          0,          0,          0,       3495,       4690,      400,     8600,   142000,   177000,   247180,   424000,
      BusinessReport,       1256,          0,          0,          0,       1129,       1563,    27000,    57000,   198600,   231000,   313800,   597000,
          CustBuyBeh,       5003,          0,          0,          0,       3469,       4672,      300,     7700,   138000,   178000,   239000,   371000,
       ProductReturn,      13302,          0,          0,          0,       8952,      11844,      200,     7300,   136000,   175000,   255550,   421000,

  4638s: (61%)   IR =   8441 .[4639.512s][info][gc,start       ] GC(1378) Pause Young (Mixed) (G1 Evacuation Pause)
[4639.512s][info][gc,task        ] GC(1378) Using 6 workers of 6 for evacuation
[4639.647s][info][gc,phases      ] GC(1378)   Pre Evacuate Collection Set: 0.37ms
[4639.647s][info][gc,phases      ] GC(1378)   Merge Heap Roots: 0.66ms
[4639.647s][info][gc,phases      ] GC(1378)   Evacuate Collection Set: 132.83ms
[4639.647s][info][gc,phases      ] GC(1378)   Post Evacuate Collection Set: 0.94ms
[4639.647s][info][gc,phases      ] GC(1378)   Other: 0.08ms
[4639.647s][info][gc,heap        ] GC(1378) Eden regions: 1093->0(1118)
[4639.647s][info][gc,heap        ] GC(1378) Survivor regions: 117->110(152)
[4639.647s][info][gc,heap        ] GC(1378) Old regions: 538->473
[4639.647s][info][gc,heap        ] GC(1378) Humongous regions: 80->80
[4639.647s][info][gc,metaspace   ] GC(1378) Metaspace: 28902K(29312K)->28902K(29312K) NonClass: 24034K(24256K)->24034K(24256K) Class: 4868K(5056K)->4868K(5056K)
[4639.647s][info][gc             ] GC(1378) Pause Young (Mixed) (G1 Evacuation Pause) 3653M->1323M(4096M) 135.008ms
[4639.647s][info][gc,cpu         ] GC(1378) User=0.80s Sys=0.00s Real=0.14s
..[4641.777s][info][gc,start       ] GC(1379) Pause Young (Concurrent Start) (G1 Evacuation Pause)
[4641.777s][info][gc,task        ] GC(1379) Using 6 workers of 6 for evacuation
[4641.898s][info][gc,phases      ] GC(1379)   Pre Evacuate Collection Set: 0.33ms
[4641.898s][info][gc,phases      ] GC(1379)   Merge Heap Roots: 0.45ms
[4641.898s][info][gc,phases      ] GC(1379)   Evacuate Collection Set: 119.28ms
[4641.898s][info][gc,phases      ] GC(1379)   Post Evacuate Collection Set: 0.91ms
[4641.898s][info][gc,phases      ] GC(1379)   Other: 0.11ms
[4641.898s][info][gc,heap        ] GC(1379) Eden regions: 1118->0(1117)
[4641.898s][info][gc,heap        ] GC(1379) Survivor regions: 110->111(154)
[4641.898s][info][gc,heap        ] GC(1379) Old regions: 473->505
[4641.898s][info][gc,heap        ] GC(1379) Humongous regions: 80->80
[4641.898s][info][gc,metaspace   ] GC(1379) Metaspace: 28902K(29312K)->28902K(29312K) NonClass: 24034K(24256K)->24034K(24256K) Class: 4868K(5056K)->4868K(5056K)
[4641.898s][info][gc             ] GC(1379) Pause Young (Concurrent Start) (G1 Evacuation Pause) 3559M->1389M(4096M) 121.214ms
[4641.898s][info][gc             ] GC(1380) Concurrent Mark Cycle
[4641.898s][info][gc,marking     ] GC(1380) Concurrent Scan Root Regions
[4641.898s][info][gc,cpu         ] GC(1379) User=0.72s Sys=0.00s Real=0.12s
[4642.009s][info][gc,marking     ] GC(1380) Concurrent Scan Root Regions 111.104ms
[4642.009s][info][gc,marking     ] GC(1380) Concurrent Mark
[4642.009s][info][gc,marking     ] GC(1380) Concurrent Mark From Roots
[4642.009s][info][gc,task        ] GC(1380) Using 2 workers of 2 for marking
.[4642.683s][info][gc,marking     ] GC(1380) Concurrent Mark From Roots 674.095ms
[4642.683s][info][gc,marking     ] GC(1380) Concurrent Preclean
[4642.684s][info][gc,marking     ] GC(1380) Concurrent Preclean 0.115ms
[4642.684s][info][gc,start       ] GC(1380) Pause Remark
[4642.688s][info][gc             ] GC(1380) Pause Remark 2042M->2042M(4096M) 4.213ms
[4642.688s][info][gc,cpu         ] GC(1380) User=0.02s Sys=0.00s Real=0.01s
[4642.689s][info][gc,marking     ] GC(1380) Concurrent Mark 679.278ms
[4642.689s][info][gc,marking     ] GC(1380) Concurrent Rebuild Remembered Sets and Scrub Regions
[4642.914s][info][gc,marking     ] GC(1380) Concurrent Rebuild Remembered Sets and Scrub Regions 225.425ms
[4642.916s][info][gc,start       ] GC(1380) Pause Cleanup
[4642.916s][info][gc             ] GC(1380) Pause Cleanup 2263M->2263M(4096M) 0.129ms
[4642.916s][info][gc,cpu         ] GC(1380) User=0.00s Sys=0.00s Real=0.00s
[4642.916s][info][gc,marking     ] GC(1380) Concurrent Clear Claimed Marks
[4642.916s][info][gc,marking     ] GC(1380) Concurrent Clear Claimed Marks 0.036ms
[4642.916s][info][gc,marking     ] GC(1380) Concurrent Cleanup for Next Mark
[4642.921s][info][gc,marking     ] GC(1380) Concurrent Cleanup for Next Mark 5.209ms
[4642.921s][info][gc             ] GC(1380) Concurrent Mark Cycle 1023.022ms
.[4643.998s][info][gc,start       ] GC(1381) Pause Young (Prepare Mixed) (G1 Evacuation Pause)
[4643.998s][info][gc,task        ] GC(1381) Using 6 workers of 6 for evacuation
[4644.123s][info][gc,phases      ] GC(1381)   Pre Evacuate Collection Set: 0.33ms
[4644.123s][info][gc,phases      ] GC(1381)   Merge Heap Roots: 0.56ms
[4644.123s][info][gc,phases      ] GC(1381)   Evacuate Collection Set: 122.37ms
[4644.123s][info][gc,phases      ] GC(1381)   Post Evacuate Collection Set: 0.92ms
[4644.123s][info][gc,phases      ] GC(1381)   Other: 0.08ms
[4644.123s][info][gc,heap        ] GC(1381) Eden regions: 1117->0(1100)
[4644.123s][info][gc,heap        ] GC(1381) Survivor regions: 111->114(154)
[4644.123s][info][gc,heap        ] GC(1381) Old regions: 505->537
[4644.123s][info][gc,heap        ] GC(1381) Humongous regions: 80->80
[4644.123s][info][gc,metaspace   ] GC(1381) Metaspace: 28902K(29312K)->28902K(29312K) NonClass: 24034K(24256K)->24034K(24256K) Class: 4868K(5056K)->4868K(5056K)
[4644.123s][info][gc             ] GC(1381) Pause Young (Prepare Mixed) (G1 Evacuation Pause) 3623M->1459M(4096M) 124.396ms
[4644.123s][info][gc,cpu         ] GC(1381) User=0.74s Sys=0.00s Real=0.12s
..[4646.179s][info][gc,start       ] GC(1382) Pause Young (Mixed) (G1 Evacuation Pause)
[4646.179s][info][gc,task        ] GC(1382) Using 6 workers of 6 for evacuation
[4646.314s][info][gc,phases      ] GC(1382)   Pre Evacuate Collection Set: 0.35ms
[4646.315s][info][gc,phases      ] GC(1382)   Merge Heap Roots: 0.75ms
[4646.315s][info][gc,phases      ] GC(1382)   Evacuate Collection Set: 133.76ms
[4646.315s][info][gc,phases      ] GC(1382)   Post Evacuate Collection Set: 0.92ms
[4646.315s][info][gc,phases      ] GC(1382)   Other: 0.09ms
[4646.315s][info][gc,heap        ] GC(1382) Eden regions: 1100->0(1117)
[4646.315s][info][gc,heap        ] GC(1382) Survivor regions: 114->111(152)
[4646.315s][info][gc,heap        ] GC(1382) Old regions: 537->474
[4646.315s][info][gc,heap        ] GC(1382) Humongous regions: 80->80
[4646.315s][info][gc,metaspace   ] GC(1382) Metaspace: 28902K(29312K)->28902K(29312K) NonClass: 24034K(24256K)->24034K(24256K) Class: 4868K(5056K)->4868K(5056K)
[4646.315s][info][gc             ] GC(1382) Pause Young (Mixed) (G1 Evacuation Pause) 3659M->1328M(4096M) 136.052ms
[4646.315s][info][gc,cpu         ] GC(1382) User=0.81s Sys=0.00s Real=0.14s
..|[4648.435s][info][gc,start       ] GC(1383) Pause Young (Concurrent Start) (G1 Evacuation Pause)
[4648.435s][info][gc,task        ] GC(1383) Using 6 workers of 6 for evacuation
[4648.554s][info][gc,phases      ] GC(1383)   Pre Evacuate Collection Set: 0.37ms
[4648.554s][info][gc,phases      ] GC(1383)   Merge Heap Roots: 0.51ms
[4648.554s][info][gc,phases      ] GC(1383)   Evacuate Collection Set: 116.84ms
[4648.554s][info][gc,phases      ] GC(1383)   Post Evacuate Collection Set: 0.89ms
[4648.554s][info][gc,phases      ] GC(1383)   Other: 0.11ms
[4648.554s][info][gc,heap        ] GC(1383) Eden regions: 1117->0(1116)
[4648.554s][info][gc,heap        ] GC(1383) Survivor regions: 111->112(154)
[4648.554s][info][gc,heap        ] GC(1383) Old regions: 474->506
[4648.554s][info][gc,heap        ] GC(1383) Humongous regions: 80->80
[4648.554s][info][gc,metaspace   ] GC(1383) Metaspace: 28902K(29312K)->28902K(29312K) NonClass: 24034K(24256K)->24034K(24256K) Class: 4868K(5056K)->4868K(5056K)
[4648.554s][info][gc             ] GC(1383) Pause Young (Concurrent Start) (G1 Evacuation Pause) 3562M->1392M(4096M) 118.845ms
[4648.554s][info][gc             ] GC(1384) Concurrent Mark Cycle
[4648.554s][info][gc,marking     ] GC(1384) Concurrent Scan Root Regions
[4648.554s][info][gc,cpu         ] GC(1383) User=0.70s Sys=0.00s Real=0.11s
.[4648.691s][info][gc,marking     ] GC(1384) Concurrent Scan Root Regions 137.171ms
[4648.691s][info][gc,marking     ] GC(1384) Concurrent Mark
[4648.691s][info][gc,marking     ] GC(1384) Concurrent Mark From Roots
[4648.691s][info][gc,task        ] GC(1384) Using 2 workers of 2 for marking
[4649.435s][info][gc,marking     ] GC(1384) Concurrent Mark From Roots 744.420ms
[4649.436s][info][gc,marking     ] GC(1384) Concurrent Preclean
[4649.436s][info][gc,marking     ] GC(1384) Concurrent Preclean 0.115ms
[4649.440s][info][gc,start       ] GC(1384) Pause Remark
[4649.445s][info][gc             ] GC(1384) Pause Remark 2180M->2180M(4096M) 5.418ms
[4649.445s][info][gc,cpu         ] GC(1384) User=0.03s Sys=0.00s Real=0.01s
[4649.445s][info][gc,marking     ] GC(1384) Concurrent Mark 754.051ms
[4649.445s][info][gc,marking     ] GC(1384) Concurrent Rebuild Remembered Sets and Scrub Regions
.[4649.760s][info][gc,marking     ] GC(1384) Concurrent Rebuild Remembered Sets and Scrub Regions 315.017ms
[4649.761s][info][gc,start       ] GC(1384) Pause Cleanup
[4649.761s][info][gc             ] GC(1384) Pause Cleanup 2500M->2500M(4096M) 0.113ms
[4649.761s][info][gc,cpu         ] GC(1384) User=0.00s Sys=0.00s Real=0.00s
[4649.761s][info][gc,marking     ] GC(1384) Concurrent Clear Claimed Marks
[4649.761s][info][gc,marking     ] GC(1384) Concurrent Clear Claimed Marks 0.020ms
[4649.761s][info][gc,marking     ] GC(1384) Concurrent Cleanup for Next Mark
[4649.770s][info][gc,marking     ] GC(1384) Concurrent Cleanup for Next Mark 8.962ms
[4649.770s][info][gc             ] GC(1384) Concurrent Mark Cycle 1216.233ms
[4650.575s][info][gc,start       ] GC(1385) Pause Young (Prepare Mixed) (G1 Evacuation Pause)
[4650.575s][info][gc,task        ] GC(1385) Using 6 workers of 6 for evacuation
[4650.697s][info][gc,phases      ] GC(1385)   Pre Evacuate Collection Set: 0.33ms
[4650.697s][info][gc,phases      ] GC(1385)   Merge Heap Roots: 0.53ms
[4650.697s][info][gc,phases      ] GC(1385)   Evacuate Collection Set: 120.13ms
[4650.697s][info][gc,phases      ] GC(1385)   Post Evacuate Collection Set: 0.92ms
[4650.697s][info][gc,phases      ] GC(1385)   Other: 0.09ms
[4650.697s][info][gc,heap        ] GC(1385) Eden regions: 1116->0(1097)
[4650.697s][info][gc,heap        ] GC(1385) Survivor regions: 112->115(154)
[4650.697s][info][gc,heap        ] GC(1385) Old regions: 506->538
[4650.697s][info][gc,heap        ] GC(1385) Humongous regions: 80->80
[4650.697s][info][gc,metaspace   ] GC(1385) Metaspace: 28902K(29312K)->28902K(29312K) NonClass: 24034K(24256K)->24034K(24256K) Class: 4868K(5056K)->4868K(5056K)
[4650.697s][info][gc             ] GC(1385) Pause Young (Prepare Mixed) (G1 Evacuation Pause) 3624M->1463M(4096M) 122.156ms
[4650.697s][info][gc,cpu         ] GC(1385) User=0.73s Sys=0.00s Real=0.12s
...[4652.754s][info][gc,start       ] GC(1386) Pause Young (Mixed) (G1 Evacuation Pause)
[4652.755s][info][gc,task        ] GC(1386) Using 6 workers of 6 for evacuation
[4652.889s][info][gc,phases      ] GC(1386)   Pre Evacuate Collection Set: 0.35ms
[4652.889s][info][gc,phases      ] GC(1386)   Merge Heap Roots: 0.63ms
[4652.889s][info][gc,phases      ] GC(1386)   Evacuate Collection Set: 132.28ms
[4652.889s][info][gc,phases      ] GC(1386)   Post Evacuate Collection Set: 0.84ms
[4652.889s][info][gc,phases      ] GC(1386)   Other: 0.08ms
[4652.889s][info][gc,heap        ] GC(1386) Eden regions: 1097->0(1118)
[4652.889s][info][gc,heap        ] GC(1386) Survivor regions: 115->110(152)
[4652.889s][info][gc,heap        ] GC(1386) Old regions: 538->473
[4652.889s][info][gc,heap        ] GC(1386) Humongous regions: 80->80
[4652.889s][info][gc,metaspace   ] GC(1386) Metaspace: 28902K(29312K)->28902K(29312K) NonClass: 24034K(24256K)->24034K(24256K) Class: 4868K(5056K)->4868K(5056K)
[4652.889s][info][gc             ] GC(1386) Pause Young (Mixed) (G1 Evacuation Pause) 3657M->1322M(4096M) 134.336ms
[4652.889s][info][gc,cpu         ] GC(1386) User=0.80s Sys=0.00s Real=0.13s
..[4654.965s][info][gc,start       ] GC(1387) Pause Young (Concurrent Start) (G1 Evacuation Pause)
[4654.965s][info][gc,task        ] GC(1387) Using 6 workers of 6 for evacuation
[4655.084s][info][gc,phases      ] GC(1387)   Pre Evacuate Collection Set: 0.35ms
[4655.084s][info][gc,phases      ] GC(1387)   Merge Heap Roots: 0.46ms
[4655.084s][info][gc,phases      ] GC(1387)   Evacuate Collection Set: 116.80ms
[4655.084s][info][gc,phases      ] GC(1387)   Post Evacuate Collection Set: 0.94ms
[4655.084s][info][gc,phases      ] GC(1387)   Other: 0.11ms
[4655.084s][info][gc,heap        ] GC(1387) Eden regions: 1118->0(1118)
[4655.084s][info][gc,heap        ] GC(1387) Survivor regions: 110->110(154)
[4655.084s][info][gc,heap        ] GC(1387) Old regions: 473->504
[4655.084s][info][gc,heap        ] GC(1387) Humongous regions: 80->80
[4655.084s][info][gc,metaspace   ] GC(1387) Metaspace: 28902K(29312K)->28902K(29312K) NonClass: 24034K(24256K)->24034K(24256K) Class: 4868K(5056K)->4868K(5056K)
[4655.084s][info][gc             ] GC(1387) Pause Young (Concurrent Start) (G1 Evacuation Pause) 3558M->1386M(4096M) 118.789ms
[4655.084s][info][gc             ] GC(1388) Concurrent Mark Cycle
[4655.084s][info][gc,marking     ] GC(1388) Concurrent Scan Root Regions
[4655.084s][info][gc,cpu         ] GC(1387) User=0.71s Sys=0.00s Real=0.11s
[4655.251s][info][gc,marking     ] GC(1388) Concurrent Scan Root Regions 167.552ms
[4655.251s][info][gc,marking     ] GC(1388) Concurrent Mark
[4655.251s][info][gc,marking     ] GC(1388) Concurrent Mark From Roots
[4655.251s][info][gc,task        ] GC(1388) Using 2 workers of 2 for marking
.[4656.251s][info][gc,marking     ] GC(1388) Concurrent Mark From Roots 999.516ms
[4656.251s][info][gc,marking     ] GC(1388) Concurrent Preclean
[4656.251s][info][gc,marking     ] GC(1388) Concurrent Preclean 0.119ms
[4656.253s][info][gc,start       ] GC(1388) Pause Remark
[4656.258s][info][gc             ] GC(1388) Pause Remark 2536M->2536M(4096M) 4.896ms
[4656.258s][info][gc,cpu         ] GC(1388) User=0.02s Sys=0.00s Real=0.01s
[4656.258s][info][gc,marking     ] GC(1388) Concurrent Mark 1006.822ms
[4656.258s][info][gc,marking     ] GC(1388) Concurrent Rebuild Remembered Sets and Scrub Regions
[4656.633s][info][gc,marking     ] GC(1388) Concurrent Rebuild Remembered Sets and Scrub Regions 374.786ms
[4656.636s][info][gc,start       ] GC(1388) Pause Cleanup
[4656.636s][info][gc             ] GC(1388) Pause Cleanup 2872M->2872M(4096M) 0.131ms
[4656.636s][info][gc,cpu         ] GC(1388) User=0.00s Sys=0.00s Real=0.00s
[4656.636s][info][gc,marking     ] GC(1388) Concurrent Clear Claimed Marks
[4656.636s][info][gc,marking     ] GC(1388) Concurrent Clear Claimed Marks 0.035ms
[4656.636s][info][gc,marking     ] GC(1388) Concurrent Cleanup for Next Mark
[4656.647s][info][gc,marking     ] GC(1388) Concurrent Cleanup for Next Mark 10.838ms
[4656.647s][info][gc             ] GC(1388) Concurrent Mark Cycle 1563.499ms
.[4657.246s][info][gc,start       ] GC(1389) Pause Young (Prepare Mixed) (G1 Evacuation Pause)
[4657.246s][info][gc,task        ] GC(1389) Using 6 workers of 6 for evacuation
[4657.367s][info][gc,phases      ] GC(1389)   Pre Evacuate Collection Set: 0.31ms
[4657.367s][info][gc,phases      ] GC(1389)   Merge Heap Roots: 0.54ms
[4657.367s][info][gc,phases      ] GC(1389)   Evacuate Collection Set: 119.03ms
[4657.367s][info][gc,phases      ] GC(1389)   Post Evacuate Collection Set: 0.92ms
[4657.367s][info][gc,phases      ] GC(1389)   Other: 0.09ms
[4657.367s][info][gc,heap        ] GC(1389) Eden regions: 1118->0(1103)
[4657.367s][info][gc,heap        ] GC(1389) Survivor regions: 110->113(154)
[4657.367s][info][gc,heap        ] GC(1389) Old regions: 504->536
[4657.367s][info][gc,heap        ] GC(1389) Humongous regions: 80->80
[4657.367s][info][gc,metaspace   ] GC(1389) Metaspace: 28902K(29312K)->28902K(29312K) NonClass: 24034K(24256K)->24034K(24256K) Class: 4868K(5056K)->4868K(5056K)
[4657.367s][info][gc             ] GC(1389) Pause Young (Prepare Mixed) (G1 Evacuation Pause) 3622M->1456M(4096M) 121.014ms
[4657.367s][info][gc,cpu         ] GC(1389) User=0.72s Sys=0.00s Real=0.12s
..[4659.408s][info][gc,start       ] GC(1390) Pause Young (Mixed) (G1 Evacuation Pause)
[4659.408s][info][gc,task        ] GC(1390) Using 6 workers of 6 for evacuation
[4659.546s][info][gc,phases      ] GC(1390)   Pre Evacuate Collection Set: 0.35ms
[4659.547s][info][gc,phases      ] GC(1390)   Merge Heap Roots: 0.67ms
[4659.547s][info][gc,phases      ] GC(1390)   Evacuate Collection Set: 136.41ms
[4659.547s][info][gc,phases      ] GC(1390)   Post Evacuate Collection Set: 0.92ms
[4659.547s][info][gc,phases      ] GC(1390)   Other: 0.08ms
[4659.547s][info][gc,heap        ] GC(1390) Eden regions: 1103->0(1115)
[4659.547s][info][gc,heap        ] GC(1390) Survivor regions: 113->113(152)
[4659.547s][info][gc,heap        ] GC(1390) Old regions: 536->473
[4659.547s][info][gc,heap        ] GC(1390) Humongous regions: 80->80
[4659.547s][info][gc,metaspace   ] GC(1390) Metaspace: 28902K(29312K)->28902K(29312K) NonClass: 24034K(24256K)->24034K(24256K) Class: 4868K(5056K)->4868K(5056K)
[4659.547s][info][gc             ] GC(1390) Pause Young (Mixed) (G1 Evacuation Pause) 3662M->1329M(4096M) 138.565ms
[4659.547s][info][gc,cpu         ] GC(1390) User=0.83s Sys=0.00s Real=0.14s
..[4661.716s][info][gc,start       ] GC(1391) Pause Young (Concurrent Start) (G1 Evacuation Pause)
[4661.716s][info][gc,task        ] GC(1391) Using 6 workers of 6 for evacuation
[4661.836s][info][gc,phases      ] GC(1391)   Pre Evacuate Collection Set: 0.37ms
[4661.836s][info][gc,phases      ] GC(1391)   Merge Heap Roots: 0.46ms
[4661.836s][info][gc,phases      ] GC(1391)   Evacuate Collection Set: 118.02ms
[4661.836s][info][gc,phases      ] GC(1391)   Post Evacuate Collection Set: 0.91ms
[4661.836s][info][gc,phases      ] GC(1391)   Other: 0.11ms
[4661.836s][info][gc,heap        ] GC(1391) Eden regions: 1115->0(1117)
[4661.836s][info][gc,heap        ] GC(1391) Survivor regions: 113->111(154)
[4661.836s][info][gc,heap        ] GC(1391) Old regions: 473->506
[4661.836s][info][gc,heap        ] GC(1391) Humongous regions: 80->80
[4661.836s][info][gc,metaspace   ] GC(1391) Metaspace: 28902K(29312K)->28902K(29312K) NonClass: 24034K(24256K)->24034K(24256K) Class: 4868K(5056K)->4868K(5056K)
[4661.836s][info][gc             ] GC(1391) Pause Young (Concurrent Start) (G1 Evacuation Pause) 3559M->1391M(4096M) 120.012ms
[4661.836s][info][gc             ] GC(1392) Concurrent Mark Cycle
[4661.836s][info][gc,marking     ] GC(1392) Concurrent Scan Root Regions
[4661.836s][info][gc,cpu         ] GC(1391) User=0.72s Sys=0.00s Real=0.12s
[4662.005s][info][gc,marking     ] GC(1392) Concurrent Scan Root Regions 169.641ms
[4662.005s][info][gc,marking     ] GC(1392) Concurrent Mark
[4662.005s][info][gc,marking     ] GC(1392) Concurrent Mark From Roots
[4662.005s][info][gc,task        ] GC(1392) Using 2 workers of 2 for marking
.[4662.963s][info][gc,marking     ] GC(1392) Concurrent Mark From Roots 957.809ms
[4662.963s][info][gc,marking     ] GC(1392) Concurrent Preclean
[4662.963s][info][gc,marking     ] GC(1392) Concurrent Preclean 0.109ms
[4662.966s][info][gc,start       ] GC(1392) Pause Remark
[4662.971s][info][gc             ] GC(1392) Pause Remark 2481M->2481M(4096M) 5.000ms
[4662.971s][info][gc,cpu         ] GC(1392) User=0.03s Sys=0.00s Real=0.00s
[4662.971s][info][gc,marking     ] GC(1392) Concurrent Mark 965.283ms
[4662.971s][info][gc,marking     ] GC(1392) Concurrent Rebuild Remembered Sets and Scrub Regions
.[4663.249s][info][gc,marking     ] GC(1392) Concurrent Rebuild Remembered Sets and Scrub Regions 278.783ms
[4663.250s][info][gc,start       ] GC(1392) Pause Cleanup
[4663.250s][info][gc             ] GC(1392) Pause Cleanup 2769M->2769M(4096M) 0.119ms
[4663.250s][info][gc,cpu         ] GC(1392) User=0.00s Sys=0.00s Real=0.00s
[4663.252s][info][gc,marking     ] GC(1392) Concurrent Clear Claimed Marks
[4663.252s][info][gc,marking     ] GC(1392) Concurrent Clear Claimed Marks 0.049ms
[4663.252s][info][gc,marking     ] GC(1392) Concurrent Cleanup for Next Mark
[4663.256s][info][gc,marking     ] GC(1392) Concurrent Cleanup for Next Mark 4.703ms
[4663.256s][info][gc             ] GC(1392) Concurrent Mark Cycle 1420.692ms
[4663.979s][info][gc,start       ] GC(1393) Pause Young (Prepare Mixed) (G1 Evacuation Pause)
[4663.979s][info][gc,task        ] GC(1393) Using 6 workers of 6 for evacuation
[4664.096s][info][gc,phases      ] GC(1393)   Pre Evacuate Collection Set: 0.38ms
[4664.096s][info][gc,phases      ] GC(1393)   Merge Heap Roots: 0.58ms
[4664.096s][info][gc,phases      ] GC(1393)   Evacuate Collection Set: 115.67ms
[4664.096s][info][gc,phases      ] GC(1393)   Post Evacuate Collection Set: 0.94ms
[4664.096s][info][gc,phases      ] GC(1393)   Other: 0.09ms
[4664.096s][info][gc,heap        ] GC(1393) Eden regions: 1117->0(1106)
[4664.096s][info][gc,heap        ] GC(1393) Survivor regions: 111->111(154)
[4664.096s][info][gc,heap        ] GC(1393) Old regions: 506->537
[4664.096s][info][gc,heap        ] GC(1393) Humongous regions: 80->80
[4664.096s][info][gc,metaspace   ] GC(1393) Metaspace: 28902K(29312K)->28902K(29312K) NonClass: 24034K(24256K)->24034K(24256K) Class: 4868K(5056K)->4868K(5056K)
[4664.096s][info][gc             ] GC(1393) Pause Young (Prepare Mixed) (G1 Evacuation Pause) 3625M->1453M(4096M) 117.818ms
[4664.096s][info][gc,cpu         ] GC(1393) User=0.70s Sys=0.00s Real=0.12s
...[4666.157s][info][gc,start       ] GC(1394) Pause Young (Mixed) (G1 Evacuation Pause)
[4666.157s][info][gc,task        ] GC(1394) Using 6 workers of 6 for evacuation
[4666.293s][info][gc,phases      ] GC(1394)   Pre Evacuate Collection Set: 0.39ms
[4666.293s][info][gc,phases      ] GC(1394)   Merge Heap Roots: 0.76ms
[4666.293s][info][gc,phases      ] GC(1394)   Evacuate Collection Set: 134.05ms
[4666.293s][info][gc,phases      ] GC(1394)   Post Evacuate Collection Set: 0.84ms
[4666.293s][info][gc,phases      ] GC(1394)   Other: 0.09ms
[4666.293s][info][gc,heap        ] GC(1394) Eden regions: 1106->0(1118)
[4666.293s][info][gc,heap        ] GC(1394) Survivor regions: 111->110(153)
[4666.293s][info][gc,heap        ] GC(1394) Old regions: 537->473
[4666.293s][info][gc,heap        ] GC(1394) Humongous regions: 80->80
[4666.293s][info][gc,metaspace   ] GC(1394) Metaspace: 28902K(29312K)->28902K(29312K) NonClass: 24034K(24256K)->24034K(24256K) Class: 4868K(5056K)->4868K(5056K)
[4666.293s][info][gc             ] GC(1394) Pause Young (Mixed) (G1 Evacuation Pause) 3665M->1323M(4096M) 136.248ms
[4666.293s][info][gc,cpu         ] GC(1394) User=0.81s Sys=0.00s Real=0.13s
..[4668.333s][info][gc,start       ] GC(1395) Pause Young (Concurrent Start) (G1 Evacuation Pause)
[4668.333s][info][gc,task        ] GC(1395) Using 6 workers of 6 for evacuation
[4668.452s][info][gc,phases      ] GC(1395)   Pre Evacuate Collection Set: 0.37ms
[4668.452s][info][gc,phases      ] GC(1395)   Merge Heap Roots: 0.54ms
[4668.452s][info][gc,phases      ] GC(1395)   Evacuate Collection Set: 116.81ms
[4668.452s][info][gc,phases      ] GC(1395)   Post Evacuate Collection Set: 0.86ms
[4668.452s][info][gc,phases      ] GC(1395)   Other: 0.11ms
[4668.452s][info][gc,heap        ] GC(1395) Eden regions: 1118->0(1117)
[4668.452s][info][gc,heap        ] GC(1395) Survivor regions: 110->111(154)
[4668.452s][info][gc,heap        ] GC(1395) Old regions: 473->505
[4668.452s][info][gc,heap        ] GC(1395) Humongous regions: 80->80
[4668.452s][info][gc,metaspace   ] GC(1395) Metaspace: 28902K(29312K)->28902K(29312K) NonClass: 24034K(24256K)->24034K(24256K) Class: 4868K(5056K)->4868K(5056K)
[4668.452s][info][gc             ] GC(1395) Pause Young (Concurrent Start) (G1 Evacuation Pause) 3559M->1389M(4096M) 118.812ms
[4668.452s][info][gc             ] GC(1396) Concurrent Mark Cycle
[4668.452s][info][gc,marking     ] GC(1396) Concurrent Scan Root Regions
[4668.452s][info][gc,cpu         ] GC(1395) User=0.71s Sys=0.00s Real=0.12s
[4668.621s][info][gc,marking     ] GC(1396) Concurrent Scan Root Regions 169.362ms
[4668.621s][info][gc,marking     ] GC(1396) Concurrent Mark
[4668.621s][info][gc,marking     ] GC(1396) Concurrent Mark From Roots
[4668.621s][info][gc,task        ] GC(1396) Using 2 workers of 2 for marking
.[4669.639s][info][gc,marking     ] GC(1396) Concurrent Mark From Roots 1018.077ms
[4669.639s][info][gc,marking     ] GC(1396) Concurrent Preclean
[4669.640s][info][gc,marking     ] GC(1396) Concurrent Preclean 0.100ms
[4669.641s][info][gc,start       ] GC(1396) Pause Remark
[4669.648s][info][gc             ] GC(1396) Pause Remark 2497M->2497M(4096M) 6.864ms
[4669.648s][info][gc,cpu         ] GC(1396) User=0.04s Sys=0.00s Real=0.01s
[4669.648s][info][gc,marking     ] GC(1396) Concurrent Mark 1026.650ms
[4669.648s][info][gc,marking     ] GC(1396) Concurrent Rebuild Remembered Sets and Scrub Regions
[4670.017s][info][gc,marking     ] GC(1396) Concurrent Rebuild Remembered Sets and Scrub Regions 368.587ms
[4670.018s][info][gc,start       ] GC(1396) Pause Cleanup
[4670.018s][info][gc             ] GC(1396) Pause Cleanup 2882M->2882M(4096M) 0.122ms
[4670.018s][info][gc,cpu         ] GC(1396) User=0.00s Sys=0.00s Real=0.00s
[4670.019s][info][gc,marking     ] GC(1396) Concurrent Clear Claimed Marks
[4670.019s][info][gc,marking     ] GC(1396) Concurrent Clear Claimed Marks 0.064ms
[4670.019s][info][gc,marking     ] GC(1396) Concurrent Cleanup for Next Mark
[4670.036s][info][gc,marking     ] GC(1396) Concurrent Cleanup for Next Mark 16.905ms
[4670.036s][info][gc             ] GC(1396) Concurrent Mark Cycle 1584.387ms
.[4670.692s][info][gc,start       ] GC(1397) Pause Young (Prepare Mixed) (G1 Evacuation Pause)
[4670.692s][info][gc,task        ] GC(1397) Using 6 workers of 6 for evacuation
[4670.809s][info][gc,phases      ] GC(1397)   Pre Evacuate Collection Set: 0.35ms
[4670.809s][info][gc,phases      ] GC(1397)   Merge Heap Roots: 0.54ms
[4670.809s][info][gc,phases      ] GC(1397)   Evacuate Collection Set: 115.00ms
[4670.809s][info][gc,phases      ] GC(1397)   Post Evacuate Collection Set: 0.92ms
[4670.809s][info][gc,phases      ] GC(1397)   Other: 0.09ms
[4670.809s][info][gc,heap        ] GC(1397) Eden regions: 1117->0(1109)
[4670.809s][info][gc,heap        ] GC(1397) Survivor regions: 111->110(154)
[4670.809s][info][gc,heap        ] GC(1397) Old regions: 505->536
[4670.809s][info][gc,heap        ] GC(1397) Humongous regions: 80->80
[4670.809s][info][gc,metaspace   ] GC(1397) Metaspace: 28902K(29312K)->28902K(29312K) NonClass: 24034K(24256K)->24034K(24256K) Class: 4868K(5056K)->4868K(5056K)
[4670.809s][info][gc             ] GC(1397) Pause Young (Prepare Mixed) (G1 Evacuation Pause) 3623M->1449M(4096M) 117.039ms
[4670.809s][info][gc,cpu         ] GC(1397) User=0.69s Sys=0.00s Real=0.12s
..[4672.953s][info][gc,start       ] GC(1398) Pause Young (Mixed) (G1 Evacuation Pause)
[4672.953s][info][gc,task        ] GC(1398) Using 6 workers of 6 for evacuation
[4673.094s][info][gc,phases      ] GC(1398)   Pre Evacuate Collection Set: 0.35ms
[4673.094s][info][gc,phases      ] GC(1398)   Merge Heap Roots: 0.84ms
[4673.094s][info][gc,phases      ] GC(1398)   Evacuate Collection Set: 138.34ms
[4673.094s][info][gc,phases      ] GC(1398)   Post Evacuate Collection Set: 0.96ms
[4673.094s][info][gc,phases      ] GC(1398)   Other: 0.09ms
[4673.094s][info][gc,heap        ] GC(1398) Eden regions: 1109->0(1115)
[4673.094s][info][gc,heap        ] GC(1398) Survivor regions: 110->113(153)
[4673.094s][info][gc,heap        ] GC(1398) Old regions: 536->473
[4673.094s][info][gc,heap        ] GC(1398) Humongous regions: 80->80
[4673.094s][info][gc,metaspace   ] GC(1398) Metaspace: 28902K(29312K)->28902K(29312K) NonClass: 24034K(24256K)->24034K(24256K) Class: 4868K(5056K)->4868K(5056K)
[4673.094s][info][gc             ] GC(1398) Pause Young (Mixed) (G1 Evacuation Pause) 3667M->1330M(4096M) 140.701ms
[4673.094s][info][gc,cpu         ] GC(1398) User=0.84s Sys=0.00s Real=0.14s
...[4675.199s][info][gc,start       ] GC(1399) Pause Young (Concurrent Start) (G1 Evacuation Pause)
[4675.199s][info][gc,task        ] GC(1399) Using 6 workers of 6 for evacuation
[4675.315s][info][gc,phases      ] GC(1399)   Pre Evacuate Collection Set: 0.39ms
[4675.315s][info][gc,phases      ] GC(1399)   Merge Heap Roots: 0.46ms
[4675.315s][info][gc,phases      ] GC(1399)   Evacuate Collection Set: 114.58ms
[4675.315s][info][gc,phases      ] GC(1399)   Post Evacuate Collection Set: 0.87ms
[4675.315s][info][gc,phases      ] GC(1399)   Other: 0.10ms
[4675.315s][info][gc,heap        ] GC(1399) Eden regions: 1115->0(1118)
[4675.315s][info][gc,heap        ] GC(1399) Survivor regions: 113->110(154)
[4675.315s][info][gc,heap        ] GC(1399) Old regions: 473->505
[4675.315s][info][gc,heap        ] GC(1399) Humongous regions: 80->80
[4675.315s][info][gc,metaspace   ] GC(1399) Metaspace: 28902K(29312K)->28902K(29312K) NonClass: 24034K(24256K)->24034K(24256K) Class: 4868K(5056K)->4868K(5056K)
[4675.315s][info][gc             ] GC(1399) Pause Young (Concurrent Start) (G1 Evacuation Pause) 3560M->1388M(4096M) 116.549ms
[4675.315s][info][gc             ] GC(1400) Concurrent Mark Cycle
[4675.315s][info][gc,marking     ] GC(1400) Concurrent Scan Root Regions
[4675.315s][info][gc,cpu         ] GC(1399) User=0.69s Sys=0.00s Real=0.12s
[4675.451s][info][gc,marking     ] GC(1400) Concurrent Scan Root Regions 135.441ms
[4675.451s][info][gc,marking     ] GC(1400) Concurrent Mark
[4675.451s][info][gc,marking     ] GC(1400) Concurrent Mark From Roots
[4675.451s][info][gc,task        ] GC(1400) Using 2 workers of 2 for marking
[4676.217s][info][gc,marking     ] GC(1400) Concurrent Mark From Roots 766.460ms
[4676.217s][info][gc,marking     ] GC(1400) Concurrent Preclean
[4676.217s][info][gc,marking     ] GC(1400) Concurrent Preclean 0.119ms
[4676.221s][info][gc,start       ] GC(1400) Pause Remark
[4676.224s][info][gc             ] GC(1400) Pause Remark 2258M->2258M(4096M) 3.844ms
[4676.224s][info][gc,cpu         ] GC(1400) User=0.02s Sys=0.00s Real=0.01s
[4676.225s][info][gc,marking     ] GC(1400) Concurrent Mark 773.715ms
[4676.225s][info][gc,marking     ] GC(1400) Concurrent Rebuild Remembered Sets and Scrub Regions
.[4676.586s][info][gc,marking     ] GC(1400) Concurrent Rebuild Remembered Sets and Scrub Regions 361.593ms
[4676.589s][info][gc,start       ] GC(1400) Pause Cleanup
[4676.589s][info][gc             ] GC(1400) Pause Cleanup 2554M->2554M(4096M) 0.135ms
[4676.589s][info][gc,cpu         ] GC(1400) User=0.00s Sys=0.00s Real=0.00s
[4676.589s][info][gc,marking     ] GC(1400) Concurrent Clear Claimed Marks
[4676.589s][info][gc,marking     ] GC(1400) Concurrent Clear Claimed Marks 0.033ms
[4676.589s][info][gc,marking     ] GC(1400) Concurrent Cleanup for Next Mark
[4676.645s][info][gc,marking     ] GC(1400) Concurrent Cleanup for Next Mark 55.616ms
[4676.645s][info][gc             ] GC(1400) Concurrent Mark Cycle 1329.760ms
.[4677.500s][info][gc,start       ] GC(1401) Pause Young (Prepare Mixed) (G1 Evacuation Pause)
[4677.500s][info][gc,task        ] GC(1401) Using 6 workers of 6 for evacuation
[4677.621s][info][gc,phases      ] GC(1401)   Pre Evacuate Collection Set: 0.33ms
[4677.621s][info][gc,phases      ] GC(1401)   Merge Heap Roots: 0.51ms
[4677.621s][info][gc,phases      ] GC(1401)   Evacuate Collection Set: 119.10ms
[4677.621s][info][gc,phases      ] GC(1401)   Post Evacuate Collection Set: 0.87ms
[4677.621s][info][gc,phases      ] GC(1401)   Other: 0.09ms
[4677.621s][info][gc,heap        ] GC(1401) Eden regions: 1118->0(1104)
[4677.621s][info][gc,heap        ] GC(1401) Survivor regions: 110->112(154)
[4677.621s][info][gc,heap        ] GC(1401) Old regions: 505->537
[4677.621s][info][gc,heap        ] GC(1401) Humongous regions: 80->80
[4677.621s][info][gc,metaspace   ] GC(1401) Metaspace: 28902K(29312K)->28902K(29312K) NonClass: 24034K(24256K)->24034K(24256K) Class: 4868K(5056K)->4868K(5056K)
[4677.621s][info][gc             ] GC(1401) Pause Young (Prepare Mixed) (G1 Evacuation Pause) 3624M->1455M(4096M) 121.030ms
[4677.621s][info][gc,cpu         ] GC(1401) User=0.72s Sys=0.00s Real=0.12s
..[4679.699s][info][gc,start       ] GC(1402) Pause Young (Mixed) (G1 Evacuation Pause)
[4679.699s][info][gc,task        ] GC(1402) Using 6 workers of 6 for evacuation
[4679.831s][info][gc,phases      ] GC(1402)   Pre Evacuate Collection Set: 0.40ms
[4679.831s][info][gc,phases      ] GC(1402)   Merge Heap Roots: 0.69ms
[4679.831s][info][gc,phases      ] GC(1402)   Evacuate Collection Set: 129.64ms
[4679.831s][info][gc,phases      ] GC(1402)   Post Evacuate Collection Set: 0.94ms
[4679.831s][info][gc,phases      ] GC(1402)   Other: 0.09ms
[4679.831s][info][gc,heap        ] GC(1402) Eden regions: 1104->0(1120)
[4679.831s][info][gc,heap        ] GC(1402) Survivor regions: 112->108(152)
[4679.831s][info][gc,heap        ] GC(1402) Old regions: 537->472
[4679.831s][info][gc,heap        ] GC(1402) Humongous regions: 80->80
[4679.831s][info][gc,metaspace   ] GC(1402) Metaspace: 28902K(29312K)->28902K(29312K) NonClass: 24034K(24256K)->24034K(24256K) Class: 4868K(5056K)->4868K(5056K)
[4679.831s][info][gc             ] GC(1402) Pause Young (Mixed) (G1 Evacuation Pause) 3663M->1318M(4096M) 131.887ms
[4679.831s][info][gc,cpu         ] GC(1402) User=0.78s Sys=0.00s Real=0.13s
..[4681.893s][info][gc,start       ] GC(1403) Pause Young (Concurrent Start) (G1 Evacuation Pause)
[4681.893s][info][gc,task        ] GC(1403) Using 6 workers of 6 for evacuation
[4682.008s][info][gc,phases      ] GC(1403)   Pre Evacuate Collection Set: 0.39ms
[4682.008s][info][gc,phases      ] GC(1403)   Merge Heap Roots: 0.44ms
[4682.008s][info][gc,phases      ] GC(1403)   Evacuate Collection Set: 113.84ms
[4682.008s][info][gc,phases      ] GC(1403)   Post Evacuate Collection Set: 0.87ms
[4682.008s][info][gc,phases      ] GC(1403)   Other: 0.12ms
[4682.008s][info][gc,heap        ] GC(1403) Eden regions: 1120->0(1120)
[4682.008s][info][gc,heap        ] GC(1403) Survivor regions: 108->108(154)
[4682.008s][info][gc,heap        ] GC(1403) Old regions: 472->504
[4682.008s][info][gc,heap        ] GC(1403) Humongous regions: 80->80
[4682.008s][info][gc,metaspace   ] GC(1403) Metaspace: 28902K(29312K)->28902K(29312K) NonClass: 24034K(24256K)->24034K(24256K) Class: 4868K(5056K)->4868K(5056K)
[4682.009s][info][gc             ] GC(1403) Pause Young (Concurrent Start) (G1 Evacuation Pause) 3558M->1380M(4096M) 115.786ms
[4682.009s][info][gc             ] GC(1404) Concurrent Mark Cycle
[4682.009s][info][gc,marking     ] GC(1404) Concurrent Scan Root Regions
[4682.009s][info][gc,cpu         ] GC(1403) User=0.69s Sys=0.00s Real=0.12s
[4682.156s][info][gc,marking     ] GC(1404) Concurrent Scan Root Regions 147.222ms
[4682.156s][info][gc,marking     ] GC(1404) Concurrent Mark
[4682.156s][info][gc,marking     ] GC(1404) Concurrent Mark From Roots
[4682.156s][info][gc,task        ] GC(1404) Using 2 workers of 2 for marking
.[4682.944s][info][gc,marking     ] GC(1404) Concurrent Mark From Roots 787.714ms
[4682.944s][info][gc,marking     ] GC(1404) Concurrent Preclean
[4682.944s][info][gc,marking     ] GC(1404) Concurrent Preclean 0.114ms
[4682.946s][info][gc,start       ] GC(1404) Pause Remark
[4682.951s][info][gc             ] GC(1404) Pause Remark 2276M->2276M(4096M) 4.204ms
[4682.951s][info][gc,cpu         ] GC(1404) User=0.02s Sys=0.01s Real=0.00s
[4682.951s][info][gc,marking     ] GC(1404) Concurrent Mark 795.038ms
[4682.951s][info][gc,marking     ] GC(1404) Concurrent Rebuild Remembered Sets and Scrub Regions
[4683.244s][info][gc,marking     ] GC(1404) Concurrent Rebuild Remembered Sets and Scrub Regions 293.257ms
[4683.247s][info][gc,start       ] GC(1404) Pause Cleanup
[4683.247s][info][gc             ] GC(1404) Pause Cleanup 2546M->2546M(4096M) 0.140ms
[4683.247s][info][gc,cpu         ] GC(1404) User=0.00s Sys=0.00s Real=0.00s
[4683.247s][info][gc,marking     ] GC(1404) Concurrent Clear Claimed Marks
[4683.247s][info][gc,marking     ] GC(1404) Concurrent Clear Claimed Marks 0.039ms
[4683.247s][info][gc,marking     ] GC(1404) Concurrent Cleanup for Next Mark
[4683.255s][info][gc,marking     ] GC(1404) Concurrent Cleanup for Next Mark 8.512ms
[4683.255s][info][gc             ] GC(1404) Concurrent Mark Cycle 1246.886ms
.[4684.168s][info][gc,start       ] GC(1405) Pause Young (Prepare Mixed) (G1 Evacuation Pause)
[4684.168s][info][gc,task        ] GC(1405) Using 6 workers of 6 for evacuation
[4684.286s][info][gc,phases      ] GC(1405)   Pre Evacuate Collection Set: 0.34ms
[4684.286s][info][gc,phases      ] GC(1405)   Merge Heap Roots: 0.51ms
[4684.286s][info][gc,phases      ] GC(1405)   Evacuate Collection Set: 116.06ms
[4684.286s][info][gc,phases      ] GC(1405)   Post Evacuate Collection Set: 0.96ms
[4684.286s][info][gc,phases      ] GC(1405)   Other: 0.08ms
[4684.286s][info][gc,heap        ] GC(1405) Eden regions: 1120->0(1109)
[4684.286s][info][gc,heap        ] GC(1405) Survivor regions: 108->110(154)
[4684.286s][info][gc,heap        ] GC(1405) Old regions: 504->536
[4684.286s][info][gc,heap        ] GC(1405) Humongous regions: 80->80
[4684.286s][info][gc,metaspace   ] GC(1405) Metaspace: 28902K(29312K)->28902K(29312K) NonClass: 24034K(24256K)->24034K(24256K) Class: 4868K(5056K)->4868K(5056K)
[4684.286s][info][gc             ] GC(1405) Pause Young (Prepare Mixed) (G1 Evacuation Pause) 3620M->1450M(4096M) 118.078ms
[4684.286s][info][gc,cpu         ] GC(1405) User=0.70s Sys=0.00s Real=0.12s
...[4686.327s][info][gc,start       ] GC(1406) Pause Young (Mixed) (G1 Evacuation Pause)
[4686.327s][info][gc,task        ] GC(1406) Using 6 workers of 6 for evacuation
[4686.465s][info][gc,phases      ] GC(1406)   Pre Evacuate Collection Set: 0.35ms
[4686.465s][info][gc,phases      ] GC(1406)   Merge Heap Roots: 0.72ms
[4686.465s][info][gc,phases      ] GC(1406)   Evacuate Collection Set: 135.62ms
[4686.465s][info][gc,phases      ] GC(1406)   Post Evacuate Collection Set: 0.93ms
[4686.465s][info][gc,phases      ] GC(1406)   Other: 0.09ms
[4686.465s][info][gc,heap        ] GC(1406) Eden regions: 1109->0(1115)
[4686.465s][info][gc,heap        ] GC(1406) Survivor regions: 110->113(153)
[4686.465s][info][gc,heap        ] GC(1406) Old regions: 536->472
[4686.465s][info][gc,heap        ] GC(1406) Humongous regions: 80->80
[4686.465s][info][gc,metaspace   ] GC(1406) Metaspace: 28902K(29312K)->28902K(29312K) NonClass: 24034K(24256K)->24034K(24256K) Class: 4868K(5056K)->4868K(5056K)
[4686.465s][info][gc             ] GC(1406) Pause Young (Mixed) (G1 Evacuation Pause) 3668M->1327M(4096M) 137.843ms
[4686.465s][info][gc,cpu         ] GC(1406) User=0.82s Sys=0.00s Real=0.14s
..[4688.579s][info][gc,start       ] GC(1407) Pause Young (Concurrent Start) (G1 Evacuation Pause)
[4688.579s][info][gc,task        ] GC(1407) Using 6 workers of 6 for evacuation
[4688.705s][info][gc,phases      ] GC(1407)   Pre Evacuate Collection Set: 0.33ms
[4688.705s][info][gc,phases      ] GC(1407)   Merge Heap Roots: 0.45ms
[4688.705s][info][gc,phases      ] GC(1407)   Evacuate Collection Set: 124.59ms
[4688.705s][info][gc,phases      ] GC(1407)   Post Evacuate Collection Set: 0.83ms
[4688.705s][info][gc,phases      ] GC(1407)   Other: 0.10ms
[4688.705s][info][gc,heap        ] GC(1407) Eden regions: 1115->0(1110)
[4688.705s][info][gc,heap        ] GC(1407) Survivor regions: 113->118(154)
[4688.705s][info][gc,heap        ] GC(1407) Old regions: 472->504
[4688.705s][info][gc,heap        ] GC(1407) Humongous regions: 80->80
[4688.705s][info][gc,metaspace   ] GC(1407) Metaspace: 28902K(29312K)->28902K(29312K) NonClass: 24034K(24256K)->24034K(24256K) Class: 4868K(5056K)->4868K(5056K)
[4688.705s][info][gc             ] GC(1407) Pause Young (Concurrent Start) (G1 Evacuation Pause) 3557M->1402M(4096M) 126.448ms
[4688.705s][info][gc             ] GC(1408) Concurrent Mark Cycle
[4688.705s][info][gc,marking     ] GC(1408) Concurrent Scan Root Regions
[4688.705s][info][gc,cpu         ] GC(1407) User=0.75s Sys=0.00s Real=0.13s
[4688.848s][info][gc,marking     ] GC(1408) Concurrent Scan Root Regions 143.242ms
[4688.849s][info][gc,marking     ] GC(1408) Concurrent Mark
[4688.849s][info][gc,marking     ] GC(1408) Concurrent Mark From Roots
[4688.849s][info][gc,task        ] GC(1408) Using 2 workers of 2 for marking
.[4689.643s][info][gc,marking     ] GC(1408) Concurrent Mark From Roots 794.456ms
[4689.643s][info][gc,marking     ] GC(1408) Concurrent Preclean
[4689.643s][info][gc,marking     ] GC(1408) Concurrent Preclean 0.117ms
[4689.645s][info][gc,start       ] GC(1408) Pause Remark
[4689.649s][info][gc             ] GC(1408) Pause Remark 2274M->2274M(4096M) 4.139ms
[4689.649s][info][gc,cpu         ] GC(1408) User=0.02s Sys=0.00s Real=0.00s
[4689.650s][info][gc,marking     ] GC(1408) Concurrent Mark 801.340ms
[4689.650s][info][gc,marking     ] GC(1408) Concurrent Rebuild Remembered Sets and Scrub Regions
[4689.960s][info][gc,marking     ] GC(1408) Concurrent Rebuild Remembered Sets and Scrub Regions 309.952ms
[4689.960s][info][gc,start       ] GC(1408) Pause Cleanup
[4689.960s][info][gc             ] GC(1408) Pause Cleanup 2622M->2622M(4096M) 0.142ms
[4689.960s][info][gc,cpu         ] GC(1408) User=0.00s Sys=0.00s Real=0.00s
[4689.961s][info][gc,marking     ] GC(1408) Concurrent Clear Claimed Marks
[4689.961s][info][gc,marking     ] GC(1408) Concurrent Clear Claimed Marks 0.028ms
[4689.961s][info][gc,marking     ] GC(1408) Concurrent Cleanup for Next Mark
[4689.967s][info][gc,marking     ] GC(1408) Concurrent Cleanup for Next Mark 6.787ms
[4689.967s][info][gc             ] GC(1408) Concurrent Mark Cycle 1262.164ms
.[4690.787s][info][gc,start       ] GC(1409) Pause Young (Prepare Mixed) (G1 Evacuation Pause)
[4690.788s][info][gc,task        ] GC(1409) Using 6 workers of 6 for evacuation
[4690.904s][info][gc,phases      ] GC(1409)   Pre Evacuate Collection Set: 0.31ms
[4690.904s][info][gc,phases      ] GC(1409)   Merge Heap Roots: 0.51ms
[4690.904s][info][gc,phases      ] GC(1409)   Evacuate Collection Set: 114.79ms
[4690.904s][info][gc,phases      ] GC(1409)   Post Evacuate Collection Set: 0.92ms
[4690.904s][info][gc,phases      ] GC(1409)   Other: 0.09ms
[4690.904s][info][gc,heap        ] GC(1409) Eden regions: 1110->0(1110)
[4690.904s][info][gc,heap        ] GC(1409) Survivor regions: 118->109(154)
[4690.904s][info][gc,heap        ] GC(1409) Old regions: 504->537
[4690.904s][info][gc,heap        ] GC(1409) Humongous regions: 80->80
[4690.904s][info][gc,metaspace   ] GC(1409) Metaspace: 28902K(29312K)->28902K(29312K) NonClass: 24034K(24256K)->24034K(24256K) Class: 4868K(5056K)->4868K(5056K)
[4690.904s][info][gc             ] GC(1409) Pause Young (Prepare Mixed) (G1 Evacuation Pause) 3622M->1449M(4096M) 116.754ms
[4690.904s][info][gc,cpu         ] GC(1409) User=0.69s Sys=0.00s Real=0.11s
..[4692.991s][info][gc,start       ] GC(1410) Pause Young (Mixed) (G1 Evacuation Pause)
[4692.991s][info][gc,task        ] GC(1410) Using 6 workers of 6 for evacuation
[4693.123s][info][gc,phases      ] GC(1410)   Pre Evacuate Collection Set: 0.37ms
[4693.123s][info][gc,phases      ] GC(1410)   Merge Heap Roots: 0.67ms
[4693.123s][info][gc,phases      ] GC(1410)   Evacuate Collection Set: 129.70ms
[4693.123s][info][gc,phases      ] GC(1410)   Post Evacuate Collection Set: 0.96ms
[4693.123s][info][gc,phases      ] GC(1410)   Other: 0.10ms
[4693.123s][info][gc,heap        ] GC(1410) Eden regions: 1110->0(1119)
[4693.123s][info][gc,heap        ] GC(1410) Survivor regions: 109->109(153)
[4693.123s][info][gc,heap        ] GC(1410) Old regions: 537->474
[4693.123s][info][gc,heap        ] GC(1410) Humongous regions: 80->80
[4693.123s][info][gc,metaspace   ] GC(1410) Metaspace: 28902K(29312K)->28902K(29312K) NonClass: 24034K(24256K)->24034K(24256K) Class: 4868K(5056K)->4868K(5056K)
[4693.123s][info][gc             ] GC(1410) Pause Young (Mixed) (G1 Evacuation Pause) 3669M->1323M(4096M) 131.944ms
[4693.123s][info][gc,cpu         ] GC(1410) User=0.79s Sys=0.00s Real=0.13s
..[4695.237s][info][gc,start       ] GC(1411) Pause Young (Concurrent Start) (G1 Evacuation Pause)
[4695.237s][info][gc,task        ] GC(1411) Using 6 workers of 6 for evacuation
[4695.359s][info][gc,phases      ] GC(1411)   Pre Evacuate Collection Set: 0.35ms
[4695.359s][info][gc,phases      ] GC(1411)   Merge Heap Roots: 0.47ms
[4695.359s][info][gc,phases      ] GC(1411)   Evacuate Collection Set: 120.09ms
[4695.359s][info][gc,phases      ] GC(1411)   Post Evacuate Collection Set: 0.87ms
[4695.359s][info][gc,phases      ] GC(1411)   Other: 0.08ms
[4695.359s][info][gc,heap        ] GC(1411) Eden regions: 1119->0(1116)
[4695.359s][info][gc,heap        ] GC(1411) Survivor regions: 109->112(154)
[4695.359s][info][gc,heap        ] GC(1411) Old regions: 474->506
[4695.359s][info][gc,heap        ] GC(1411) Humongous regions: 80->80
[4695.359s][info][gc,metaspace   ] GC(1411) Metaspace: 28902K(29312K)->28902K(29312K) NonClass: 24034K(24256K)->24034K(24256K) Class: 4868K(5056K)->4868K(5056K)
[4695.359s][info][gc             ] GC(1411) Pause Young (Concurrent Start) (G1 Evacuation Pause) 3561M->1393M(4096M) 121.988ms
[4695.359s][info][gc             ] GC(1412) Concurrent Mark Cycle
[4695.359s][info][gc,marking     ] GC(1412) Concurrent Scan Root Regions
[4695.359s][info][gc,cpu         ] GC(1411) User=0.73s Sys=0.00s Real=0.12s
.[4695.530s][info][gc,marking     ] GC(1412) Concurrent Scan Root Regions 171.395ms
[4695.530s][info][gc,marking     ] GC(1412) Concurrent Mark
[4695.530s][info][gc,marking     ] GC(1412) Concurrent Mark From Roots
[4695.530s][info][gc,task        ] GC(1412) Using 2 workers of 2 for marking
[4696.354s][info][gc,marking     ] GC(1412) Concurrent Mark From Roots 823.491ms
[4696.354s][info][gc,marking     ] GC(1412) Concurrent Preclean
[4696.354s][info][gc,marking     ] GC(1412) Concurrent Preclean 0.112ms
[4696.356s][info][gc,start       ] GC(1412) Pause Remark
[4696.362s][info][gc             ] GC(1412) Pause Remark 2295M->2295M(4096M) 6.017ms
[4696.362s][info][gc,cpu         ] GC(1412) User=0.04s Sys=0.00s Real=0.00s
[4696.363s][info][gc,marking     ] GC(1412) Concurrent Mark 832.623ms
[4696.363s][info][gc,marking     ] GC(1412) Concurrent Rebuild Remembered Sets and Scrub Regions
.[4696.675s][info][gc,marking     ] GC(1412) Concurrent Rebuild Remembered Sets and Scrub Regions 311.784ms
[4696.677s][info][gc,start       ] GC(1412) Pause Cleanup
[4696.677s][info][gc             ] GC(1412) Pause Cleanup 2589M->2589M(4096M) 0.143ms
[4696.677s][info][gc,cpu         ] GC(1412) User=0.00s Sys=0.00s Real=0.00s
[4696.677s][info][gc,marking     ] GC(1412) Concurrent Clear Claimed Marks
[4696.678s][info][gc,marking     ] GC(1412) Concurrent Clear Claimed Marks 0.021ms
[4696.678s][info][gc,marking     ] GC(1412) Concurrent Cleanup for Next Mark
[4696.692s][info][gc,marking     ] GC(1412) Concurrent Cleanup for Next Mark 14.975ms
[4696.693s][info][gc             ] GC(1412) Concurrent Mark Cycle 1333.931ms
.[4697.569s][info][gc,start       ] GC(1413) Pause Young (Prepare Mixed) (G1 Evacuation Pause)
[4697.569s][info][gc,task        ] GC(1413) Using 6 workers of 6 for evacuation
[4697.689s][info][gc,phases      ] GC(1413)   Pre Evacuate Collection Set: 0.38ms
[4697.689s][info][gc,phases      ] GC(1413)   Merge Heap Roots: 0.55ms
[4697.689s][info][gc,phases      ] GC(1413)   Evacuate Collection Set: 117.94ms
[4697.689s][info][gc,phases      ] GC(1413)   Post Evacuate Collection Set: 0.93ms
[4697.689s][info][gc,phases      ] GC(1413)   Other: 0.10ms
[4697.689s][info][gc,heap        ] GC(1413) Eden regions: 1116->0(1104)
[4697.689s][info][gc,heap        ] GC(1413) Survivor regions: 112->112(154)
[4697.689s][info][gc,heap        ] GC(1413) Old regions: 506->537
[4697.689s][info][gc,heap        ] GC(1413) Humongous regions: 80->80
[4697.689s][info][gc,metaspace   ] GC(1413) Metaspace: 28902K(29312K)->28902K(29312K) NonClass: 24034K(24256K)->24034K(24256K) Class: 4868K(5056K)->4868K(5056K)
[4697.689s][info][gc             ] GC(1413) Pause Young (Prepare Mixed) (G1 Evacuation Pause) 3625M->1456M(4096M) 120.032ms
[4697.689s][info][gc,cpu         ] GC(1413) User=0.72s Sys=0.00s Real=0.12s
..[4699.697s][info][gc,start       ] GC(1414) Pause Young (Mixed) (G1 Evacuation Pause)
[4699.697s][info][gc,task        ] GC(1414) Using 6 workers of 6 for evacuation
[4699.833s][info][gc,phases      ] GC(1414)   Pre Evacuate Collection Set: 0.36ms
[4699.833s][info][gc,phases      ] GC(1414)   Merge Heap Roots: 0.81ms
[4699.833s][info][gc,phases      ] GC(1414)   Evacuate Collection Set: 133.87ms
[4699.833s][info][gc,phases      ] GC(1414)   Post Evacuate Collection Set: 0.96ms
[4699.833s][info][gc,phases      ] GC(1414)   Other: 0.09ms
[4699.833s][info][gc,heap        ] GC(1414) Eden regions: 1104->0(1119)
[4699.833s][info][gc,heap        ] GC(1414) Survivor regions: 112->109(152)
[4699.833s][info][gc,heap        ] GC(1414) Old regions: 537->473
[4699.833s][info][gc,heap        ] GC(1414) Humongous regions: 80->80
[4699.833s][info][gc,metaspace   ] GC(1414) Metaspace: 28902K(29312K)->28902K(29312K) NonClass: 24034K(24256K)->24034K(24256K) Class: 4868K(5056K)->4868K(5056K)
[4699.833s][info][gc             ] GC(1414) Pause Young (Mixed) (G1 Evacuation Pause) 3664M->1322M(4096M) 136.208ms
[4699.833s][info][gc,cpu         ] GC(1414) User=0.81s Sys=0.00s Real=0.13s
..[4701.980s][info][gc,start       ] GC(1415) Pause Young (Concurrent Start) (G1 Evacuation Pause)
[4701.980s][info][gc,task        ] GC(1415) Using 6 workers of 6 for evacuation
[4702.098s][info][gc,phases      ] GC(1415)   Pre Evacuate Collection Set: 0.36ms
[4702.098s][info][gc,phases      ] GC(1415)   Merge Heap Roots: 0.45ms
[4702.098s][info][gc,phases      ] GC(1415)   Evacuate Collection Set: 115.35ms
[4702.098s][info][gc,phases      ] GC(1415)   Post Evacuate Collection Set: 0.89ms
[4702.098s][info][gc,phases      ] GC(1415)   Other: 0.10ms
[4702.098s][info][gc,heap        ] GC(1415) Eden regions: 1119->0(1119)
[4702.098s][info][gc,heap        ] GC(1415) Survivor regions: 109->109(154)
[4702.098s][info][gc,heap        ] GC(1415) Old regions: 473->506
[4702.098s][info][gc,heap        ] GC(1415) Humongous regions: 80->80
[4702.098s][info][gc,metaspace   ] GC(1415) Metaspace: 28902K(29312K)->28902K(29312K) NonClass: 24034K(24256K)->24034K(24256K) Class: 4868K(5056K)->4868K(5056K)
[4702.098s][info][gc             ] GC(1415) Pause Young (Concurrent Start) (G1 Evacuation Pause) 3560M->1387M(4096M) 117.283ms
[4702.098s][info][gc             ] GC(1416) Concurrent Mark Cycle
[4702.098s][info][gc,marking     ] GC(1416) Concurrent Scan Root Regions
[4702.098s][info][gc,cpu         ] GC(1415) User=0.70s Sys=0.00s Real=0.12s
[4702.244s][info][gc,marking     ] GC(1416) Concurrent Scan Root Regions 146.281ms
[4702.244s][info][gc,marking     ] GC(1416) Concurrent Mark
[4702.244s][info][gc,marking     ] GC(1416) Concurrent Mark From Roots
[4702.244s][info][gc,task        ] GC(1416) Using 2 workers of 2 for marking
.[4702.968s][info][gc,marking     ] GC(1416) Concurrent Mark From Roots 723.488ms
[4702.968s][info][gc,marking     ] GC(1416) Concurrent Preclean
[4702.968s][info][gc,marking     ] GC(1416) Concurrent Preclean 0.103ms
[4702.972s][info][gc,start       ] GC(1416) Pause Remark
[4702.977s][info][gc             ] GC(1416) Pause Remark 2195M->2195M(4096M) 5.782ms
[4702.978s][info][gc,cpu         ] GC(1416) User=0.03s Sys=0.00s Real=0.01s
[4702.978s][info][gc,marking     ] GC(1416) Concurrent Mark 733.492ms
[4702.978s][info][gc,marking     ] GC(1416) Concurrent Rebuild Remembered Sets and Scrub Regions
[4703.239s][info][gc,marking     ] GC(1416) Concurrent Rebuild Remembered Sets and Scrub Regions 260.996ms
[4703.239s][info][gc,start       ] GC(1416) Pause Cleanup
[4703.239s][info][gc             ] GC(1416) Pause Cleanup 2462M->2462M(4096M) 0.106ms
[4703.239s][info][gc,cpu         ] GC(1416) User=0.00s Sys=0.00s Real=0.00s
[4703.239s][info][gc,marking     ] GC(1416) Concurrent Clear Claimed Marks
[4703.239s][info][gc,marking     ] GC(1416) Concurrent Clear Claimed Marks 0.019ms
[4703.239s][info][gc,marking     ] GC(1416) Concurrent Cleanup for Next Mark
[4703.244s][info][gc,marking     ] GC(1416) Concurrent Cleanup for Next Mark 5.363ms
[4703.244s][info][gc             ] GC(1416) Concurrent Mark Cycle 1146.693ms
.[4704.275s][info][gc,start       ] GC(1417) Pause Young (Prepare Mixed) (G1 Evacuation Pause)
[4704.275s][info][gc,task        ] GC(1417) Using 6 workers of 6 for evacuation
[4704.396s][info][gc,phases      ] GC(1417)   Pre Evacuate Collection Set: 0.34ms
[4704.396s][info][gc,phases      ] GC(1417)   Merge Heap Roots: 0.54ms
[4704.396s][info][gc,phases      ] GC(1417)   Evacuate Collection Set: 118.34ms
[4704.396s][info][gc,phases      ] GC(1417)   Post Evacuate Collection Set: 0.90ms
[4704.396s][info][gc,phases      ] GC(1417)   Other: 0.09ms
[4704.396s][info][gc,heap        ] GC(1417) Eden regions: 1119->0(1101)
[4704.396s][info][gc,heap        ] GC(1417) Survivor regions: 109->113(154)
[4704.396s][info][gc,heap        ] GC(1417) Old regions: 506->538
[4704.396s][info][gc,heap        ] GC(1417) Humongous regions: 80->80
[4704.396s][info][gc,metaspace   ] GC(1417) Metaspace: 28902K(29312K)->28902K(29312K) NonClass: 24034K(24256K)->24034K(24256K) Class: 4868K(5056K)->4868K(5056K)
[4704.396s][info][gc             ] GC(1417) Pause Young (Prepare Mixed) (G1 Evacuation Pause) 3625M->1458M(4096M) 120.380ms
[4704.396s][info][gc,cpu         ] GC(1417) User=0.72s Sys=0.00s Real=0.12s
..[4706.442s][info][gc,start       ] GC(1418) Pause Young (Mixed) (G1 Evacuation Pause)
[4706.442s][info][gc,task        ] GC(1418) Using 6 workers of 6 for evacuation
[4706.575s][info][gc,phases      ] GC(1418)   Pre Evacuate Collection Set: 0.38ms
[4706.576s][info][gc,phases      ] GC(1418)   Merge Heap Roots: 0.74ms
[4706.576s][info][gc,phases      ] GC(1418)   Evacuate Collection Set: 130.96ms
[4706.576s][info][gc,phases      ] GC(1418)   Post Evacuate Collection Set: 0.93ms
[4706.576s][info][gc,phases      ] GC(1418)   Other: 0.86ms
[4706.576s][info][gc,heap        ] GC(1418) Eden regions: 1101->0(1117)
[4706.576s][info][gc,heap        ] GC(1418) Survivor regions: 113->111(152)
[4706.576s][info][gc,heap        ] GC(1418) Old regions: 538->473
[4706.576s][info][gc,heap        ] GC(1418) Humongous regions: 80->80
[4706.576s][info][gc,metaspace   ] GC(1418) Metaspace: 28902K(29312K)->28902K(29312K) NonClass: 24034K(24256K)->24034K(24256K) Class: 4868K(5056K)->4868K(5056K)
[4706.576s][info][gc             ] GC(1418) Pause Young (Mixed) (G1 Evacuation Pause) 3660M->1325M(4096M) 133.997ms
[4706.576s][info][gc,cpu         ] GC(1418) User=0.79s Sys=0.00s Real=0.14s
.. (rIR:aIR:PR = 8441:8427:8427) (tPR = 125664) [OK] 
  4707s: Performance info:
         Transaction,    Success,    Partial,     Failed,   Receipts, AvgBarcode, 
             Overall,     506437,          0,          0,     481118,      59.48, 
         Response times:
             Request,    Success,    Partial,     Failed,   SkipFail,     Probes,    Samples,      min,      p50,      p90,      p95,      p99,      max, 
       TotalPurchase,     481162,          0,          0,          0,     348757,     416587,      300,     7900,   131000,   178000,   260000,   592000,
     InStorePurchase,     252821,          0,          0,          0,     183202,     218818,      300,     8000,   131000,   178000,   259000,   574000,
      OnlinePurchase,     177774,          0,          0,          0,     128862,     153629,      300,     7900,   132000,   177000,   260000,   564000,
        InstPurchase,      50567,          0,          0,          0,      36693,      44140,      400,     7800,   134000,   178000,   257590,   592000,
          AssocOfCat,        509,          0,          0,          0,        415,        571,    30000,    55000,   211800,   268600,   342280,   474000,
      AssocOfProduct,       5035,          0,          0,          0,       3514,       4303,      900,     7900,   135000,   173000,   258920,   403000,
      BusinessReport,       1264,          0,          0,          0,       1101,       1414,    27000,    57000,   197500,   235000,   319000,   403000,
          CustBuyBeh,       5074,          0,          0,          0,       3532,       4399,      200,     7100,   127000,   168000,   261000,   414000,
       ProductReturn,      13429,          0,          0,          0,       9131,      11026,      200,     8000,   128000,   175000,   257000,   357000,

  4707s: (62%)   IR =   8579 .[4708.713s][info][gc,start       ] GC(1419) Pause Young (Concurrent Start) (G1 Evacuation Pause)
[4708.713s][info][gc,task        ] GC(1419) Using 6 workers of 6 for evacuation
[4708.831s][info][gc,phases      ] GC(1419)   Pre Evacuate Collection Set: 0.36ms
[4708.831s][info][gc,phases      ] GC(1419)   Merge Heap Roots: 0.53ms
[4708.831s][info][gc,phases      ] GC(1419)   Evacuate Collection Set: 115.80ms
[4708.831s][info][gc,phases      ] GC(1419)   Post Evacuate Collection Set: 0.95ms
[4708.831s][info][gc,phases      ] GC(1419)   Other: 0.11ms
[4708.831s][info][gc,heap        ] GC(1419) Eden regions: 1117->0(1121)
[4708.831s][info][gc,heap        ] GC(1419) Survivor regions: 111->107(154)
[4708.831s][info][gc,heap        ] GC(1419) Old regions: 473->505
[4708.831s][info][gc,heap        ] GC(1419) Humongous regions: 80->80
[4708.831s][info][gc,metaspace   ] GC(1419) Metaspace: 28902K(29312K)->28902K(29312K) NonClass: 24034K(24256K)->24034K(24256K) Class: 4868K(5056K)->4868K(5056K)
[4708.831s][info][gc             ] GC(1419) Pause Young (Concurrent Start) (G1 Evacuation Pause) 3559M->1382M(4096M) 117.895ms
[4708.831s][info][gc             ] GC(1420) Concurrent Mark Cycle
[4708.831s][info][gc,marking     ] GC(1420) Concurrent Scan Root Regions
[4708.831s][info][gc,cpu         ] GC(1419) User=0.70s Sys=0.01s Real=0.12s
[4709.008s][info][gc,marking     ] GC(1420) Concurrent Scan Root Regions 176.192ms
[4709.008s][info][gc,marking     ] GC(1420) Concurrent Mark
[4709.008s][info][gc,marking     ] GC(1420) Concurrent Mark From Roots
[4709.008s][info][gc,task        ] GC(1420) Using 2 workers of 2 for marking
.[4710.016s][info][gc,marking     ] GC(1420) Concurrent Mark From Roots 1008.893ms
[4710.017s][info][gc,marking     ] GC(1420) Concurrent Preclean
[4710.017s][info][gc,marking     ] GC(1420) Concurrent Preclean 0.116ms
[4710.017s][info][gc,start       ] GC(1420) Pause Remark
[4710.021s][info][gc             ] GC(1420) Pause Remark 2516M->2516M(4096M) 3.669ms
[4710.021s][info][gc,cpu         ] GC(1420) User=0.02s Sys=0.00s Real=0.00s
[4710.023s][info][gc,marking     ] GC(1420) Concurrent Mark 1015.276ms
[4710.023s][info][gc,marking     ] GC(1420) Concurrent Rebuild Remembered Sets and Scrub Regions
[4710.472s][info][gc,marking     ] GC(1420) Concurrent Rebuild Remembered Sets and Scrub Regions 449.245ms
[4710.474s][info][gc,start       ] GC(1420) Pause Cleanup
[4710.474s][info][gc             ] GC(1420) Pause Cleanup 2978M->2978M(4096M) 0.135ms
[4710.474s][info][gc,cpu         ] GC(1420) User=0.00s Sys=0.00s Real=0.00s
[4710.474s][info][gc,marking     ] GC(1420) Concurrent Clear Claimed Marks
[4710.474s][info][gc,marking     ] GC(1420) Concurrent Clear Claimed Marks 0.031ms
[4710.474s][info][gc,marking     ] GC(1420) Concurrent Cleanup for Next Mark
[4710.482s][info][gc,marking     ] GC(1420) Concurrent Cleanup for Next Mark 7.394ms
[4710.482s][info][gc             ] GC(1420) Concurrent Mark Cycle 1650.618ms
.[4710.939s][info][gc,start       ] GC(1421) Pause Young (Prepare Mixed) (G1 Evacuation Pause)
[4710.939s][info][gc,task        ] GC(1421) Using 6 workers of 6 for evacuation
[4711.061s][info][gc,phases      ] GC(1421)   Pre Evacuate Collection Set: 0.28ms
[4711.061s][info][gc,phases      ] GC(1421)   Merge Heap Roots: 0.49ms
[4711.061s][info][gc,phases      ] GC(1421)   Evacuate Collection Set: 120.65ms
[4711.061s][info][gc,phases      ] GC(1421)   Post Evacuate Collection Set: 0.96ms
[4711.062s][info][gc,phases      ] GC(1421)   Other: 0.08ms
[4711.062s][info][gc,heap        ] GC(1421) Eden regions: 1121->0(1098)
[4711.062s][info][gc,heap        ] GC(1421) Survivor regions: 107->115(154)
[4711.062s][info][gc,heap        ] GC(1421) Old regions: 505->537
[4711.062s][info][gc,heap        ] GC(1421) Humongous regions: 80->80
[4711.062s][info][gc,metaspace   ] GC(1421) Metaspace: 28902K(29312K)->28902K(29312K) NonClass: 24034K(24256K)->24034K(24256K) Class: 4868K(5056K)->4868K(5056K)
[4711.062s][info][gc             ] GC(1421) Pause Young (Prepare Mixed) (G1 Evacuation Pause) 3624M->1460M(4096M) 122.591ms
[4711.062s][info][gc,cpu         ] GC(1421) User=0.73s Sys=0.00s Real=0.12s
..[4713.080s][info][gc,start       ] GC(1422) Pause Young (Mixed) (G1 Evacuation Pause)
[4713.080s][info][gc,task        ] GC(1422) Using 6 workers of 6 for evacuation
[4713.217s][info][gc,phases      ] GC(1422)   Pre Evacuate Collection Set: 0.36ms
[4713.217s][info][gc,phases      ] GC(1422)   Merge Heap Roots: 0.79ms
[4713.217s][info][gc,phases      ] GC(1422)   Evacuate Collection Set: 134.88ms
[4713.217s][info][gc,phases      ] GC(1422)   Post Evacuate Collection Set: 0.93ms
[4713.218s][info][gc,phases      ] GC(1422)   Other: 0.08ms
[4713.218s][info][gc,heap        ] GC(1422) Eden regions: 1098->0(1119)
[4713.218s][info][gc,heap        ] GC(1422) Survivor regions: 115->109(152)
[4713.218s][info][gc,heap        ] GC(1422) Old regions: 537->475
[4713.218s][info][gc,heap        ] GC(1422) Humongous regions: 80->80
[4713.218s][info][gc,metaspace   ] GC(1422) Metaspace: 28902K(29312K)->28902K(29312K) NonClass: 24034K(24256K)->24034K(24256K) Class: 4868K(5056K)->4868K(5056K)
[4713.218s][info][gc             ] GC(1422) Pause Young (Mixed) (G1 Evacuation Pause) 3656M->1325M(4096M) 137.175ms
[4713.218s][info][gc,cpu         ] GC(1422) User=0.82s Sys=0.00s Real=0.14s
.|.[4715.246s][info][gc,start       ] GC(1423) Pause Young (Concurrent Start) (G1 Evacuation Pause)
[4715.246s][info][gc,task        ] GC(1423) Using 6 workers of 6 for evacuation
[4715.365s][info][gc,phases      ] GC(1423)   Pre Evacuate Collection Set: 0.36ms
[4715.365s][info][gc,phases      ] GC(1423)   Merge Heap Roots: 0.48ms
[4715.365s][info][gc,phases      ] GC(1423)   Evacuate Collection Set: 117.18ms
[4715.365s][info][gc,phases      ] GC(1423)   Post Evacuate Collection Set: 0.88ms
[4715.365s][info][gc,phases      ] GC(1423)   Other: 0.13ms
[4715.365s][info][gc,heap        ] GC(1423) Eden regions: 1119->0(1116)
[4715.365s][info][gc,heap        ] GC(1423) Survivor regions: 109->112(154)
[4715.365s][info][gc,heap        ] GC(1423) Old regions: 475->506
[4715.365s][info][gc,heap        ] GC(1423) Humongous regions: 80->80
[4715.365s][info][gc,metaspace   ] GC(1423) Metaspace: 28902K(29312K)->28902K(29312K) NonClass: 24034K(24256K)->24034K(24256K) Class: 4868K(5056K)->4868K(5056K)
[4715.365s][info][gc             ] GC(1423) Pause Young (Concurrent Start) (G1 Evacuation Pause) 3563M->1394M(4096M) 119.159ms
[4715.365s][info][gc             ] GC(1424) Concurrent Mark Cycle
[4715.366s][info][gc,marking     ] GC(1424) Concurrent Scan Root Regions
[4715.366s][info][gc,cpu         ] GC(1423) User=0.71s Sys=0.00s Real=0.12s
[4715.537s][info][gc,marking     ] GC(1424) Concurrent Scan Root Regions 171.054ms
[4715.537s][info][gc,marking     ] GC(1424) Concurrent Mark
[4715.537s][info][gc,marking     ] GC(1424) Concurrent Mark From Roots
[4715.537s][info][gc,task        ] GC(1424) Using 2 workers of 2 for marking
.[4716.541s][info][gc,marking     ] GC(1424) Concurrent Mark From Roots 1003.933ms
[4716.541s][info][gc,marking     ] GC(1424) Concurrent Preclean
[4716.541s][info][gc,marking     ] GC(1424) Concurrent Preclean 0.112ms
[4716.542s][info][gc,start       ] GC(1424) Pause Remark
[4716.548s][info][gc             ] GC(1424) Pause Remark 2528M->2528M(4096M) 5.750ms
[4716.548s][info][gc,cpu         ] GC(1424) User=0.03s Sys=0.00s Real=0.01s
[4716.548s][info][gc,marking     ] GC(1424) Concurrent Mark 1011.472ms
[4716.548s][info][gc,marking     ] GC(1424) Concurrent Rebuild Remembered Sets and Scrub Regions
[4716.900s][info][gc,marking     ] GC(1424) Concurrent Rebuild Remembered Sets and Scrub Regions 352.114ms
[4716.900s][info][gc,start       ] GC(1424) Pause Cleanup
[4716.901s][info][gc             ] GC(1424) Pause Cleanup 2857M->2857M(4096M) 0.121ms
[4716.901s][info][gc,cpu         ] GC(1424) User=0.00s Sys=0.00s Real=0.00s
[4716.901s][info][gc,marking     ] GC(1424) Concurrent Clear Claimed Marks
[4716.901s][info][gc,marking     ] GC(1424) Concurrent Clear Claimed Marks 0.025ms
[4716.901s][info][gc,marking     ] GC(1424) Concurrent Cleanup for Next Mark
[4716.906s][info][gc,marking     ] GC(1424) Concurrent Cleanup for Next Mark 5.214ms
[4716.906s][info][gc             ] GC(1424) Concurrent Mark Cycle 1540.450ms
.[4717.428s][info][gc,start       ] GC(1425) Pause Young (Prepare Mixed) (G1 Evacuation Pause)
[4717.428s][info][gc,task        ] GC(1425) Using 6 workers of 6 for evacuation
[4717.554s][info][gc,phases      ] GC(1425)   Pre Evacuate Collection Set: 0.33ms
[4717.554s][info][gc,phases      ] GC(1425)   Merge Heap Roots: 0.51ms
[4717.554s][info][gc,phases      ] GC(1425)   Evacuate Collection Set: 124.40ms
[4717.554s][info][gc,phases      ] GC(1425)   Post Evacuate Collection Set: 0.97ms
[4717.554s][info][gc,phases      ] GC(1425)   Other: 0.09ms
[4717.554s][info][gc,heap        ] GC(1425) Eden regions: 1116->0(1094)
[4717.554s][info][gc,heap        ] GC(1425) Survivor regions: 112->116(154)
[4717.554s][info][gc,heap        ] GC(1425) Old regions: 506->539
[4717.554s][info][gc,heap        ] GC(1425) Humongous regions: 80->80
[4717.554s][info][gc,metaspace   ] GC(1425) Metaspace: 28902K(29312K)->28902K(29312K) NonClass: 24034K(24256K)->24034K(24256K) Class: 4868K(5056K)->4868K(5056K)
[4717.554s][info][gc             ] GC(1425) Pause Young (Prepare Mixed) (G1 Evacuation Pause) 3626M->1467M(4096M) 126.427ms
[4717.554s][info][gc,cpu         ] GC(1425) User=0.76s Sys=0.00s Real=0.12s
..[4719.475s][info][gc,start       ] GC(1426) Pause Young (Mixed) (G1 Evacuation Pause)
[4719.475s][info][gc,task        ] GC(1426) Using 6 workers of 6 for evacuation
[4719.614s][info][gc,phases      ] GC(1426)   Pre Evacuate Collection Set: 0.34ms
[4719.614s][info][gc,phases      ] GC(1426)   Merge Heap Roots: 0.65ms
[4719.614s][info][gc,phases      ] GC(1426)   Evacuate Collection Set: 136.98ms
[4719.614s][info][gc,phases      ] GC(1426)   Post Evacuate Collection Set: 0.97ms
[4719.614s][info][gc,phases      ] GC(1426)   Other: 0.10ms
[4719.614s][info][gc,heap        ] GC(1426) Eden regions: 1094->0(1113)
[4719.614s][info][gc,heap        ] GC(1426) Survivor regions: 116->115(152)
[4719.614s][info][gc,heap        ] GC(1426) Old regions: 539->473
[4719.614s][info][gc,heap        ] GC(1426) Humongous regions: 80->80
[4719.614s][info][gc,metaspace   ] GC(1426) Metaspace: 28902K(29312K)->28902K(29312K) NonClass: 24034K(24256K)->24034K(24256K) Class: 4868K(5056K)->4868K(5056K)
[4719.614s][info][gc             ] GC(1426) Pause Young (Mixed) (G1 Evacuation Pause) 3655M->1332M(4096M) 139.178ms
[4719.614s][info][gc,cpu         ] GC(1426) User=0.83s Sys=0.00s Real=0.13s
..[4721.671s][info][gc,start       ] GC(1427) Pause Young (Concurrent Start) (G1 Evacuation Pause)
[4721.671s][info][gc,task        ] GC(1427) Using 6 workers of 6 for evacuation
[4721.789s][info][gc,phases      ] GC(1427)   Pre Evacuate Collection Set: 0.39ms
[4721.789s][info][gc,phases      ] GC(1427)   Merge Heap Roots: 0.47ms
[4721.789s][info][gc,phases      ] GC(1427)   Evacuate Collection Set: 116.39ms
[4721.789s][info][gc,phases      ] GC(1427)   Post Evacuate Collection Set: 0.87ms
[4721.789s][info][gc,phases      ] GC(1427)   Other: 0.10ms
[4721.789s][info][gc,heap        ] GC(1427) Eden regions: 1113->0(1116)
[4721.789s][info][gc,heap        ] GC(1427) Survivor regions: 115->112(154)
[4721.789s][info][gc,heap        ] GC(1427) Old regions: 473->505
[4721.789s][info][gc,heap        ] GC(1427) Humongous regions: 80->80
[4721.789s][info][gc,metaspace   ] GC(1427) Metaspace: 28902K(29312K)->28902K(29312K) NonClass: 24034K(24256K)->24034K(24256K) Class: 4868K(5056K)->4868K(5056K)
[4721.789s][info][gc             ] GC(1427) Pause Young (Concurrent Start) (G1 Evacuation Pause) 3558M->1391M(4096M) 118.371ms
[4721.789s][info][gc             ] GC(1428) Concurrent Mark Cycle
[4721.789s][info][gc,marking     ] GC(1428) Concurrent Scan Root Regions
[4721.789s][info][gc,cpu         ] GC(1427) User=0.70s Sys=0.01s Real=0.12s
[4721.942s][info][gc,marking     ] GC(1428) Concurrent Scan Root Regions 152.547ms
[4721.942s][info][gc,marking     ] GC(1428) Concurrent Mark
