[0.002s][info][gc,init] CardTable entry size: 512
[0.002s][info][gc     ] Using Parallel
[0.002s][info][gc,init] Version: 24-internal-adhoc.thomas.source (release)
[0.002s][info][gc,init] CPUs: 8 total, 6 available
[0.002s][info][gc,init] Memory: 15662M
[0.002s][info][gc,init] Large Page Support: Disabled
[0.002s][info][gc,init] NUMA Support: Disabled
[0.002s][info][gc,init] Compressed Oops: Enabled (Zero based)
[0.002s][info][gc,init] Alignments: Space 512K, Generation 512K, Heap 2M
[0.002s][info][gc,init] Heap Min Capacity: 2M
[0.002s][info][gc,init] Heap Initial Capacity: 246M
[0.002s][info][gc,init] Heap Max Capacity: 8G
[0.002s][info][gc,init] Pre-touch: Disabled
[0.002s][info][gc,init] Parallel Workers: 6
[0.003s][info][gc,metaspace] CDS archive(s) not mapped
[0.003s][info][gc,metaspace] Compressed class space mapped at: 0x0000000052000000-0x0000000092000000, reserved size: 1073741824
[0.003s][info][gc,metaspace] UseCompressedClassPointers 1, UseCompactObjectHeaders 0, narrow klass pointer bits 32, max shift 3
[0.003s][info][gc,metaspace] Narrow klass base: 0x0000000000000000, Narrow klass shift: 0, Narrow klass range: 0x92000000

SPECjbb2015 Java Business Benchmark
 (c) Standard Performance Evaluation Corporation, 2015

Preparing to launch All-in-one SPECjbb2015.

Reading property file: /shared/projects/openjdk/analysis/lilliput-benefits/specjbb/results-COH-OFF-Parallel-FullGC-8G-2/./config/specjbb2015.props

     0s: Enumerating plugins...
     0s:    Connectivity:
     0s:             HTTP_Grizzly: Grizzly HTTP server, JDK HTTP client
     0s:              NIO_Grizzly: Grizzly NIO server, Grizzly NIO client
     0s:               HTTP_Jetty: Jetty HTTP server, JDK HTTP client
     0s:    Snapshot:
     0s:                 InMemory: Stores snapshots in heap memory
     0s:    Data Writers:
     0s:                     Demo: Send all frame to listener
     0s:                   InFile: Writing Data into file
     0s:                   Silent: Drop all frames
     0s: 
     0s: Kit validation is skipped.
     0s: Tests are skipped.
     0s: 
     0s: [0.436s][info][gc,start    ] GC(0) Pause Young (Allocation Failure)
[0.440s][info][gc,heap     ] GC(0) PSYoungGen: 63488K(73728K)->3925K(73728K) Eden: 63488K(63488K)->0K(63488K) From: 0K(10240K)->3925K(10240K)
[0.440s][info][gc,heap     ] GC(0) ParOldGen: 0K(167936K)->16K(167936K)
[0.440s][info][gc,metaspace] GC(0) Metaspace: 16287K(16448K)->16287K(16448K) NonClass: 14485K(14528K)->14485K(14528K) Class: 1801K(1920K)->1801K(1920K)
[0.440s][info][gc          ] GC(0) Pause Young (Allocation Failure) 62M->3M(236M) 3.552ms
[0.440s][info][gc,cpu      ] GC(0) User=0.01s Sys=0.00s Real=0.00s
[0.617s][info][gc,start    ] GC(1) Pause Young (Allocation Failure)
[0.620s][info][gc,heap     ] GC(1) PSYoungGen: 67413K(73728K)->4178K(73728K) Eden: 63488K(63488K)->0K(63488K) From: 3925K(10240K)->4178K(10240K)
[0.620s][info][gc,heap     ] GC(1) ParOldGen: 16K(167936K)->24K(167936K)
[0.620s][info][gc,metaspace] GC(1) Metaspace: 18038K(18240K)->18038K(18240K) NonClass: 15922K(16000K)->15922K(16000K) Class: 2115K(2240K)->2115K(2240K)
[0.620s][info][gc          ] GC(1) Pause Young (Allocation Failure) 65M->4M(236M) 3.607ms
[0.620s][info][gc,cpu      ] GC(1) User=0.01s Sys=0.00s Real=0.00s
[0.826s][info][gc,start    ] GC(2) Pause Young (Allocation Failure)
[0.829s][info][gc,heap     ] GC(2) PSYoungGen: 67666K(73728K)->4646K(73728K) Eden: 63488K(63488K)->0K(63488K) From: 4178K(10240K)->4646K(10240K)
[0.829s][info][gc,heap     ] GC(2) ParOldGen: 24K(167936K)->32K(167936K)
[0.829s][info][gc,metaspace] GC(2) Metaspace: 20263K(20416K)->20263K(20416K) NonClass: 17845K(17920K)->17845K(17920K) Class: 2418K(2496K)->2418K(2496K)
[0.829s][info][gc          ] GC(2) Pause Young (Allocation Failure) 66M->4M(236M) 2.432ms
[0.829s][info][gc,cpu      ] GC(2) User=0.01s Sys=0.00s Real=0.00s
[0.974s][info][gc,start    ] GC(3) Pause Young (Allocation Failure)
[0.978s][info][gc,heap     ] GC(3) PSYoungGen: 68134K(73728K)->5131K(137216K) Eden: 63488K(63488K)->0K(126976K) From: 4646K(10240K)->5131K(10240K)
[0.978s][info][gc,heap     ] GC(3) ParOldGen: 32K(167936K)->40K(167936K)
[0.978s][info][gc,metaspace] GC(3) Metaspace: 21090K(21248K)->21090K(21248K) NonClass: 18576K(18624K)->18576K(18624K) Class: 2513K(2624K)->2513K(2624K)
[0.978s][info][gc          ] GC(3) Pause Young (Allocation Failure) 66M->5M(298M) 4.215ms
[0.978s][info][gc,cpu      ] GC(3) User=0.01s Sys=0.00s Real=0.01s
[1.089s][info][gc,start    ] GC(4) Pause Full (Metadata GC Threshold)
[1.089s][info][gc,phases,start] GC(4) Marking Phase
[1.094s][info][gc,phases      ] GC(4) Marking Phase 4.633ms
[1.094s][info][gc,phases,start] GC(4) Summary Phase
[1.094s][info][gc,phases      ] GC(4) Summary Phase 0.009ms
[1.094s][info][gc,phases,start] GC(4) Forward
[1.095s][info][gc,phases      ] GC(4) Forward 0.524ms
[1.095s][info][gc,phases,start] GC(4) Adjust Pointers
[1.096s][info][gc,phases      ] GC(4) Adjust Pointers 1.436ms
[1.096s][info][gc,phases,start] GC(4) Compaction Phase
[1.097s][info][gc,phases      ] GC(4) Compaction Phase 1.231ms
[1.097s][info][gc,phases,start] GC(4) Post Compact
[1.098s][info][gc,phases      ] GC(4) Post Compact 0.542ms
[1.098s][info][gc,heap        ] GC(4) PSYoungGen: 65362K(137216K)->0K(137216K) Eden: 60230K(126976K)->0K(126976K) From: 5131K(10240K)->0K(10240K)
[1.098s][info][gc,heap        ] GC(4) ParOldGen: 40K(167936K)->5271K(167936K)
[1.098s][info][gc,metaspace   ] GC(4) Metaspace: 21319K(21504K)->21319K(21504K) NonClass: 18800K(18880K)->18800K(18880K) Class: 2519K(2624K)->2519K(2624K)
[1.098s][info][gc             ] GC(4) Pause Full (Metadata GC Threshold) 63M->5M(298M) 8.558ms
[1.098s][info][gc,cpu         ] GC(4) User=0.03s Sys=0.01s Real=0.01s
Ladies and gentlemen, this is your Controller speaking.
     0s: We are delighted in having you for benchmark run today.
     0s: 
     0s: Binary log file is ./specjbb2015-C-20240917-00001.data.gz
     0s: 
     0s: Performing handshake with all agents ...
     0s: 
     0s:  Agent Group1.TxInjector.CompositeTxInjector has attached to Controller
     0s:  Agent Group1.Backend.CompositeBackend has attached to Controller
     0s: 
     0s: All agents have connected.
     0s: 
     0s: Attached agents info:

Group "Group1"
    TxInjectors:
        CompositeTxInjector, includes { Driver } @ [local in-Java link]
    Backends:
        CompositeBackend, includes { SM(2),SP(2) } @ [local in-Java link]

     0s: Initializing... (init[1.160s][info][gc,start       ] GC(5) Pause Young (Allocation Failure)
[1.193s][info][gc,heap        ] GC(5) PSYoungGen: 126976K(137216K)->10231K(137216K) Eden: 126976K(126976K)->0K(126976K) From: 0K(10240K)->10231K(10240K)
[1.193s][info][gc,heap        ] GC(5) ParOldGen: 5271K(167936K)->71469K(167936K)
[1.193s][info][gc,metaspace   ] GC(5) Metaspace: 22497K(22720K)->22497K(22720K) NonClass: 19834K(19968K)->19834K(19968K) Class: 2662K(2752K)->2662K(2752K)
[1.193s][info][gc             ] GC(5) Pause Young (Allocation Failure) 129M->79M(298M) 32.579ms
[1.193s][info][gc,cpu         ] GC(5) User=0.09s Sys=0.10s Real=0.03s
[1.284s][info][gc,start       ] GC(6) Pause Young (Allocation Failure)
[1.337s][info][gc,heap        ] GC(6) PSYoungGen: 137207K(137216K)->54257K(273920K) Eden: 126976K(126976K)->0K(219648K) From: 10231K(10240K)->54257K(54272K)
[1.337s][info][gc,heap        ] GC(6) ParOldGen: 71469K(167936K)->107013K(167936K)
[1.337s][info][gc,metaspace   ] GC(6) Metaspace: 22659K(22848K)->22659K(22848K) NonClass: 19986K(20096K)->19986K(20096K) Class: 2673K(2752K)->2673K(2752K)
[1.337s][info][gc             ] GC(6) Pause Young (Allocation Failure) 203M->157M(431M) 53.431ms
[1.337s][info][gc,cpu         ] GC(6) User=0.17s Sys=0.14s Real=0.06s
[1.497s][info][gc,start       ] GC(7) Pause Young (Allocation Failure)
[1.607s][info][gc,heap        ] GC(7) PSYoungGen: 273905K(273920K)->88565K(308224K) Eden: 219648K(219648K)->0K(219648K) From: 54257K(54272K)->88565K(88576K)
[1.607s][info][gc,heap        ] GC(7) ParOldGen: 107013K(167936K)->221558K(221696K)
[1.607s][info][gc,metaspace   ] GC(7) Metaspace: 22710K(22848K)->22710K(22848K) NonClass: 20036K(20096K)->20036K(20096K) Class: 2674K(2752K)->2674K(2752K)
[1.607s][info][gc             ] GC(7) Pause Young (Allocation Failure) 371M->302M(517M) 109.703ms
[1.607s][info][gc,cpu         ] GC(7) User=0.41s Sys=0.24s Real=0.11s
[1.758s][info][gc,start       ] GC(8) Pause Young (Allocation Failure)
[1.891s][info][gc,heap        ] GC(8) PSYoungGen: 308213K(308224K)->167396K(523776K) Eden: 219648K(219648K)->0K(356352K) From: 88565K(88576K)->167396K(167424K)
[1.891s][info][gc,heap        ] GC(8) ParOldGen: 221558K(221696K)->330046K(330240K)
[1.891s][info][gc,metaspace   ] GC(8) Metaspace: 22714K(22848K)->22714K(22848K) NonClass: 20040K(20096K)->20040K(20096K) Class: 2674K(2752K)->2674K(2752K)
[1.891s][info][gc             ] GC(8) Pause Young (Allocation Failure) 517M->485M(834M) 133.208ms
[1.891s][info][gc,cpu         ] GC(8) User=0.57s Sys=0.22s Real=0.13s
[2.131s][info][gc,start       ] GC(9) Pause Young (Allocation Failure)
[2.354s][info][gc,heap        ] GC(9) PSYoungGen: 523748K(523776K)->250354K(606720K) Eden: 356352K(356352K)->0K(356352K) From: 167396K(167424K)->250354K(250368K)
[2.354s][info][gc,heap        ] GC(9) ParOldGen: 330046K(330240K)->523754K(523776K)
[2.354s][info][gc,metaspace   ] GC(9) Metaspace: 22735K(22848K)->22735K(22848K) NonClass: 20059K(20096K)->20059K(20096K) Class: 2675K(2752K)->2675K(2752K)
[2.354s][info][gc             ] GC(9) Pause Young (Allocation Failure) 833M->755M(1104M) 222.947ms
[2.354s][info][gc,cpu         ] GC(9) User=0.89s Sys=0.31s Real=0.22s
[2.553s][info][gc,start       ] GC(10) Pause Young (Allocation Failure)
[2.792s][info][gc,heap        ] GC(10) PSYoungGen: 606706K(606720K)->378361K(834560K) Eden: 356352K(356352K)->0K(456192K) From: 250354K(250368K)->378361K(378368K)
[2.792s][info][gc,heap        ] GC(10) ParOldGen: 523754K(523776K)->644886K(645120K)
[2.792s][info][gc,metaspace   ] GC(10) Metaspace: 22757K(22976K)->22757K(22976K) NonClass: 20081K(20224K)->20081K(20224K) Class: 2675K(2752K)->2675K(2752K)
[2.792s][info][gc             ] GC(10) Pause Young (Allocation Failure) 1103M->999M(1445M) 238.717ms
[2.792s][info][gc,cpu         ] GC(10) User=0.87s Sys=0.54s Real=0.24s
) OK
     3s: 
     3s: Check whether properties are compliant
     3s: (validation=PASSED) Property settings are COMPLIANT.
     3s: 
     3s: Searching for high-bound for max-jOPS possible for this system
     3s: Searching from base IR = 100
     3s:       rampup IR =      0 [reconfig (term) [3.399s][info][gc,start       ] GC(11) Pause Full (System.gc())
[3.399s][info][gc,phases,start] GC(11) Marking Phase
[3.416s][info][gc,phases      ] GC(11) Marking Phase 17.482ms
[3.416s][info][gc,phases,start] GC(11) Summary Phase
[3.416s][info][gc,phases      ] GC(11) Summary Phase 0.033ms
[3.416s][info][gc,phases,start] GC(11) Forward
[3.428s][info][gc,phases      ] GC(11) Forward 11.715ms
[3.428s][info][gc,phases,start] GC(11) Adjust Pointers
[3.439s][info][gc,phases      ] GC(11) Adjust Pointers 10.790ms
[3.439s][info][gc,phases,start] GC(11) Compaction Phase
[3.455s][info][gc,phases      ] GC(11) Compaction Phase 15.982ms
[3.455s][info][gc,phases,start] GC(11) Post Compact
[3.462s][info][gc,phases      ] GC(11) Post Compact 7.040ms
[3.462s][info][gc,heap        ] GC(11) PSYoungGen: 724289K(834560K)->0K(834560K) Eden: 345927K(456192K)->0K(456192K) From: 378361K(378368K)->0K(378368K)
[3.462s][info][gc,heap        ] GC(11) ParOldGen: 644886K(645120K)->97736K(645120K)
[3.462s][info][gc,metaspace   ] GC(11) Metaspace: 23062K(23168K)->23062K(23168K) NonClass: 20359K(20416K)->20359K(20416K) Class: 2702K(2752K)->2702K(2752K)
[3.462s][info][gc             ] GC(11) Pause Full (System.gc()) 1337M->95M(1445M) 63.366ms
[3.462s][info][gc,cpu         ] GC(11) User=0.27s Sys=0.01s Real=0.06s
(init[3.779s][info][gc,start       ] GC(12) Pause Young (Allocation Failure)
[3.893s][info][gc,heap        ] GC(12) PSYoungGen: 456192K(834560K)->343252K(948736K) Eden: 456192K(456192K)->0K(456192K) From: 0K(378368K)->343252K(492544K)
[3.893s][info][gc,heap        ] GC(12) ParOldGen: 97736K(645120K)->97736K(645120K)
[3.893s][info][gc,metaspace   ] GC(12) Metaspace: 23069K(23168K)->23069K(23168K) NonClass: 20366K(20416K)->20366K(20416K) Class: 2702K(2752K)->2702K(2752K)
[3.893s][info][gc             ] GC(12) Pause Young (Allocation Failure) 540M->430M(1556M) 113.977ms
[3.893s][info][gc,cpu         ] GC(12) User=0.63s Sys=0.05s Real=0.11s
[3.946s][info][gc,start       ] GC(13) Pause Young (Allocation Failure)
[4.236s][info][gc,heap        ] GC(13) PSYoungGen: 799444K(948736K)->388000K(1215488K) Eden: 456192K(456192K)->0K(687616K) From: 343252K(492544K)->388000K(527872K)
[4.236s][info][gc,heap        ] GC(13) ParOldGen: 97736K(645120K)->442195K(645120K)
[4.236s][info][gc,metaspace   ] GC(13) Metaspace: 23069K(23168K)->23069K(23168K) NonClass: 20366K(20416K)->20366K(20416K) Class: 2702K(2752K)->2702K(2752K)
[4.236s][info][gc             ] GC(13) Pause Young (Allocation Failure) 876M->810M(1817M) 289.697ms
[4.236s][info][gc,cpu         ] GC(13) User=1.22s Sys=0.50s Real=0.29s
[4.862s][info][gc,start       ] GC(14) Pause Young (Allocation Failure)
[5.139s][info][gc,heap        ] GC(14) PSYoungGen: 1075616K(1215488K)->311024K(1257984K) Eden: 687616K(687616K)->0K(687616K) From: 388000K(527872K)->311024K(570368K)
[5.139s][info][gc,heap        ] GC(14) ParOldGen: 442195K(645120K)->831884K(832000K)
[5.139s][info][gc,metaspace   ] GC(14) Metaspace: 23081K(23232K)->23081K(23232K) NonClass: 20379K(20480K)->20379K(20480K) Class: 2702K(2752K)->2702K(2752K)
[5.139s][info][gc             ] GC(14) Pause Young (Allocation Failure) 1482M->1116M(2041M) 277.662ms
[5.139s][info][gc,cpu         ] GC(14) User=1.39s Sys=0.26s Real=0.28s
) ] ... (rIR:aIR:PR = 0:0:0) (tPR = 0) [OK] 
     7s:       rampup IR =     10 ... (rIR:aIR:PR = 10:11:11) (tPR = 959) [OK] 
    11s:       rampup IR =     20 ... (rIR:aIR:PR = 20:19:19) (tPR = 1469) [OK] 
    14s:       rampup IR =     30 .... (rIR:aIR:PR = 30:29:29) (tPR = 2065) [OK] 
    18s:       rampup IR =     40 .... (rIR:aIR:PR = 40:39:39) (tPR = 2802) [OK] 
    22s:       rampup IR =     50 .... (rIR:aIR:PR = 50:46:45) (tPR = 3045) [OK] 
    26s:       rampup IR =     60 .... (rIR:aIR:PR = 60:64:62) (tPR = 4028) [OK] 
    30s:       rampup IR =     70 .... (rIR:aIR:PR = 70:70:69) (tPR = 3938) [OK] 
    34s:       rampup IR =     80 .... (rIR:aIR:PR = 80:79:77) (tPR = 4435) [OK] 
    38s:       rampup IR =     90 .... (rIR:aIR:PR = 90:87:85) (tPR = 4351) [OK] 
    42s:       rampup IR =    100 ...[45.254s][info][gc,start       ] GC(15) Pause Full (Diagnostic Command)
[45.254s][info][gc,phases,start] GC(15) Marking Phase
[45.490s][info][gc,phases      ] GC(15) Marking Phase 235.887ms
[45.490s][info][gc,phases,start] GC(15) Summary Phase
[45.490s][info][gc,phases      ] GC(15) Summary Phase 0.027ms
[45.490s][info][gc,phases,start] GC(15) Forward
[45.614s][info][gc,phases      ] GC(15) Forward 124.021ms
[45.614s][info][gc,phases,start] GC(15) Adjust Pointers
[45.761s][info][gc,phases      ] GC(15) Adjust Pointers 147.231ms
[45.761s][info][gc,phases,start] GC(15) Compaction Phase
[45.936s][info][gc,phases      ] GC(15) Compaction Phase 174.319ms
[45.936s][info][gc,phases,start] GC(15) Post Compact
[45.938s][info][gc,phases      ] GC(15) Post Compact 2.146ms
[45.938s][info][gc,heap        ] GC(15) PSYoungGen: 994657K(1257984K)->146444K(1257984K) Eden: 683633K(687616K)->0K(687616K) From: 311024K(570368K)->146444K(570368K)
[45.938s][info][gc,heap        ] GC(15) ParOldGen: 831884K(832000K)->831937K(832000K)
[45.938s][info][gc,metaspace   ] GC(15) Metaspace: 25253K(25472K)->25253K(25472K) NonClass: 22427K(22528K)->22427K(22528K) Class: 2825K(2944K)->2825K(2944K)
[45.938s][info][gc             ] GC(15) Pause Full (Diagnostic Command) 1783M->955M(2041M) 684.030ms
[45.938s][info][gc,cpu         ] GC(15) User=3.90s Sys=0.00s Real=0.69s
. (rIR:aIR:PR = 100:98:95) (tPR = 4408) [OK] 
    46s:    snapshot, IR =    100 ....|.......................[74.124s][info][gc,start       ] GC(16) Pause Young (Allocation Failure)
[74.290s][info][gc,heap        ] GC(16) PSYoungGen: 834060K(1257984K)->185045K(1610752K) Eden: 687616K(687616K)->0K(1100288K) From: 146444K(570368K)->185045K(510464K)
[74.290s][info][gc,heap        ] GC(16) ParOldGen: 831937K(832000K)->831993K(832000K)
[74.290s][info][gc,metaspace   ] GC(16) Metaspace: 27265K(27456K)->27265K(27456K) NonClass: 24233K(24320K)->24233K(24320K) Class: 3032K(3136K)->3032K(3136K)
[74.290s][info][gc             ] GC(16) Pause Young (Allocation Failure) 1626M->993M(2385M) 165.763ms
[74.290s][info][gc,cpu         ] GC(16) User=0.82s Sys=0.12s Real=0.17s
....... (rIR:aIR:PR = 100:100:98) (tPR = 3059) [OK] 
    80s: Performing snapshot: (quiescence.....) (stop TxI) (stop BE) (saving... 103290 Kb) (term) [87.110s][info][gc,start       ] GC(17) Pause Full (System.gc())
[87.110s][info][gc,phases,start] GC(17) Marking Phase
[87.130s][info][gc,phases      ] GC(17) Marking Phase 20.752ms
[87.130s][info][gc,phases,start] GC(17) Summary Phase
[87.131s][info][gc,phases      ] GC(17) Summary Phase 0.032ms
[87.131s][info][gc,phases,start] GC(17) Forward
[87.152s][info][gc,phases      ] GC(17) Forward 21.084ms
[87.152s][info][gc,phases,start] GC(17) Adjust Pointers
[87.166s][info][gc,phases      ] GC(17) Adjust Pointers 13.927ms
[87.166s][info][gc,phases,start] GC(17) Compaction Phase
[87.192s][info][gc,phases      ] GC(17) Compaction Phase 26.113ms
[87.192s][info][gc,phases,start] GC(17) Post Compact
[87.195s][info][gc,phases      ] GC(17) Post Compact 2.686ms
[87.195s][info][gc,heap        ] GC(17) PSYoungGen: 1135274K(1610752K)->0K(1610752K) Eden: 950229K(1100288K)->0K(1100288K) From: 185045K(510464K)->0K(510464K)
[87.195s][info][gc,heap        ] GC(17) ParOldGen: 831993K(832000K)->202559K(832000K)
[87.195s][info][gc,metaspace   ] GC(17) Metaspace: 27438K(27648K)->27438K(27648K) NonClass: 24400K(24512K)->24400K(24512K) Class: 3037K(3136K)->3037K(3136K)
[87.195s][info][gc             ] GC(17) Pause Full (System.gc()) 1921M->197M(2385M) 84.986ms
[87.195s][info][gc,cpu         ] GC(17) User=0.34s Sys=0.00s Real=0.09s
(init[88.136s][info][gc,start       ] GC(18) Pause Young (Allocation Failure)
[88.293s][info][gc,heap        ] GC(18) PSYoungGen: 1100288K(1610752K)->378300K(1643008K) Eden: 1100288K(1100288K)->0K(1100288K) From: 0K(510464K)->378300K(542720K)
[88.293s][info][gc,heap        ] GC(18) ParOldGen: 202559K(832000K)->202567K(832000K)
[88.293s][info][gc,metaspace   ] GC(18) Metaspace: 27519K(27840K)->27519K(27840K) NonClass: 24473K(24640K)->24473K(24640K) Class: 3046K(3200K)->3046K(3200K)
[88.293s][info][gc             ] GC(18) Pause Young (Allocation Failure) 1272M->567M(2417M) 157.048ms
[88.293s][info][gc,cpu         ] GC(18) User=0.94s Sys=0.00s Real=0.15s
[88.919s][info][gc,start       ] GC(19) Pause Young (Allocation Failure)
[89.289s][info][gc,heap        ] GC(19) PSYoungGen: 1478588K(1643008K)->572400K(1879552K) Eden: 1100288K(1100288K)->0K(1307136K) From: 378300K(542720K)->572400K(572416K)
[89.289s][info][gc,heap        ] GC(19) ParOldGen: 202567K(832000K)->412868K(832000K)
[89.289s][info][gc,metaspace   ] GC(19) Metaspace: 27548K(27840K)->27548K(27840K) NonClass: 24498K(24640K)->24498K(24640K) Class: 3049K(3200K)->3049K(3200K)
[89.289s][info][gc             ] GC(19) Pause Young (Allocation Failure) 1641M->962M(2648M) 370.606ms
[89.289s][info][gc,cpu         ] GC(19) User=1.51s Sys=0.66s Real=0.37s
) ...
    92s:       rampup IR =      0 ... (rIR:aIR:PR = 0:0:0) (tPR = 0) [OK] 
    95s:       rampup IR =     10 ... (rIR:aIR:PR = 10:9:9) (tPR = 274) [OK] 
    98s:       rampup IR =     20 ... (rIR:aIR:PR = 20:19:19) (tPR = 685) [OK] 
   101s:       rampup IR =     30 .... (rIR:aIR:PR = 30:31:31) (tPR = 791) [OK] 
   105s:       rampup IR =     40 .... (rIR:aIR:PR = 40:37:37) (tPR = 907) [OK] 
   109s:       rampup IR =     50 .... (rIR:aIR:PR = 50:51:51) (tPR = 1137) [OK] 
   113s:       rampup IR =     60 .... (rIR:aIR:PR = 60:61:59) (tPR = 1497) [OK] 
   117s:       rampup IR =     70 .... (rIR:aIR:PR = 70:72:69) (tPR = 1388) [OK] 
   121s:       rampup IR =     80 .... (rIR:aIR:PR = 80:80:78) (tPR = 1857) [OK] 
   125s:       rampup IR =     90 .... (rIR:aIR:PR = 90:88:87) (tPR = 1975) [OK] 
   129s:       rampup IR =    100 .... (rIR:aIR:PR = 100:99:97) (tPR = 1851) [OK] 
   133s:       trying IR =    200 .... (rIR:aIR:PR = 200:202:198) (tPR = 3962) [OK] 
   137s:       trying IR =    220 .... (rIR:aIR:PR = 220:223:218) (tPR = 4127) [OK] 
   141s:       trying IR =    244 .... (rIR:aIR:PR = 244:247:242) (tPR = 4644) [OK] 
   145s:       trying IR =    273 ..... (rIR:aIR:PR = 273:271:266) (tPR = 5227) [OK] 
   150s:       trying IR =    307 ...[153.756s][info][gc,start       ] GC(20) Pause Young (Allocation Failure)
[153.971s][info][gc,heap        ] GC(20) PSYoungGen: 1879536K(1879552K)->240928K(2051584K) Eden: 1307136K(1307136K)->0K(1307136K) From: 572400K(572416K)->240928K(744448K)
[153.971s][info][gc,heap        ] GC(20) ParOldGen: 412868K(832000K)->897984K(898048K)
[153.971s][info][gc,metaspace   ] GC(20) Metaspace: 27813K(28096K)->27813K(28096K) NonClass: 24759K(24896K)->24759K(24896K) Class: 3054K(3200K)->3054K(3200K)
[153.971s][info][gc             ] GC(20) Pause Young (Allocation Failure) 2238M->1112M(2880M) 215.381ms
[153.971s][info][gc,cpu         ] GC(20) User=1.27s Sys=0.02s Real=0.21s
. (rIR:aIR:PR = 307:316:310) (tPR = 6503) [OK] 
   154s:       trying IR =    349 .... (rIR:aIR:PR = 349:348:340) (tPR = 6789) [OK] 
   158s:       trying IR =    399 .... (rIR:aIR:PR = 399:399:391) (tPR = 7156) [OK] 
   162s:       trying IR =    458 ..... (rIR:aIR:PR = 458:463:454) (tPR = 8256) [OK] 
   167s:       trying IR =    530 ..[169.872s][info][gc,start       ] GC(21) Pause Young (Allocation Failure)
[170.007s][info][gc,heap        ] GC(21) PSYoungGen: 1548064K(2051584K)->75550K(1994240K) Eden: 1307136K(1307136K)->0K(1347072K) From: 240928K(744448K)->75550K(647168K)
[170.007s][info][gc,heap        ] GC(21) ParOldGen: 897984K(898048K)->1111745K(1112064K)
[170.007s][info][gc,metaspace   ] GC(21) Metaspace: 27881K(28096K)->27881K(28096K) NonClass: 24824K(24896K)->24824K(24896K) Class: 3057K(3200K)->3057K(3200K)
[170.007s][info][gc             ] GC(21) Pause Young (Allocation Failure) 2388M->1159M(3033M) 134.975ms
[170.007s][info][gc,cpu         ] GC(21) User=0.69s Sys=0.09s Real=0.14s
... (rIR:aIR:PR = 530:519:507) (tPR = 9981) [OK] 
   172s:       trying IR =    616 .... (rIR:aIR:PR = 616:611:598) (tPR = 11605) [OK] 
   176s:       trying IR =    719 .... (rIR:aIR:PR = 719:723:708) (tPR = 12678) [OK] 
   180s:       trying IR =    843 [180.588s][info][gc,start       ] GC(22) Pause Young (Allocation Failure)
[180.646s][info][gc,heap        ] GC(22) PSYoungGen: 1422622K(1994240K)->72805K(2042880K) Eden: 1347072K(1347072K)->0K(1347072K) From: 75550K(647168K)->72805K(695808K)
[180.646s][info][gc,heap        ] GC(22) ParOldGen: 1111745K(1112064K)->1179289K(1179648K)
[180.646s][info][gc,metaspace   ] GC(22) Metaspace: 27937K(28224K)->27937K(28224K) NonClass: 24879K(25024K)->24879K(25024K) Class: 3058K(3200K)->3058K(3200K)
[180.646s][info][gc             ] GC(22) Pause Young (Allocation Failure) 2474M->1222M(3147M) 57.430ms
[180.646s][info][gc,cpu         ] GC(22) User=0.32s Sys=0.01s Real=0.06s
.... (rIR:aIR:PR = 843:848:829) (tPR = 13829) [OK] 
   184s:       trying IR =    992 ...[188.036s][info][gc,start       ] GC(23) Pause Young (Allocation Failure)
[188.100s][info][gc,heap        ] GC(23) PSYoungGen: 1419877K(2042880K)->76183K(2053632K) Eden: 1347072K(1347072K)->0K(1417216K) From: 72805K(695808K)->76183K(636416K)
[188.100s][info][gc,heap        ] GC(23) ParOldGen: 1179289K(1179648K)->1244274K(1244672K)
[188.100s][info][gc,metaspace   ] GC(23) Metaspace: 27977K(28224K)->27977K(28224K) NonClass: 24917K(25024K)->24917K(25024K) Class: 3059K(3200K)->3059K(3200K)
[188.100s][info][gc             ] GC(23) Pause Young (Allocation Failure) 2538M->1289M(3221M) 64.411ms
[188.100s][info][gc,cpu         ] GC(23) User=0.34s Sys=0.03s Real=0.06s
. (rIR:aIR:PR = 992:1007:990) (tPR = 16585) [OK] 
   188s:       trying IR =   1170 .... (rIR:aIR:PR = 1170:1164:1151) (tPR = 20608) [OK] 
   192s:       trying IR =   1384 .[194.005s][info][gc,start       ] GC(24) Pause Young (Allocation Failure)
[194.064s][info][gc,heap        ] GC(24) PSYoungGen: 1493399K(2053632K)->79419K(2083328K) Eden: 1417216K(1417216K)->0K(1417216K) From: 76183K(636416K)->79419K(666112K)
[194.064s][info][gc,heap        ] GC(24) ParOldGen: 1244274K(1244672K)->1311370K(1311744K)
[194.064s][info][gc,metaspace   ] GC(24) Metaspace: 28096K(28416K)->28096K(28416K) NonClass: 25020K(25216K)->25020K(25216K) Class: 3075K(3200K)->3075K(3200K)
[194.064s][info][gc             ] GC(24) Pause Young (Allocation Failure) 2673M->1358M(3315M) 59.023ms
[194.064s][info][gc,cpu         ] GC(24) User=0.32s Sys=0.03s Real=0.06s
... (rIR:aIR:PR = 1384:1403:1387) (tPR = 24407) [OK] 
   196s:       trying IR =   1641 ..[198.825s][info][gc,start       ] GC(25) Pause Young (Allocation Failure)
[198.892s][info][gc,heap        ] GC(25) PSYoungGen: 1496635K(2083328K)->81840K(2075648K) Eden: 1417216K(1417216K)->0K(1484288K) From: 79419K(666112K)->81840K(591360K)
[198.892s][info][gc,heap        ] GC(25) ParOldGen: 1311370K(1311744K)->1381005K(1381376K)
[198.892s][info][gc,metaspace   ] GC(25) Metaspace: 28126K(28416K)->28126K(28416K) NonClass: 25050K(25216K)->25050K(25216K) Class: 3075K(3200K)->3075K(3200K)
[198.892s][info][gc             ] GC(25) Pause Young (Allocation Failure) 2742M->1428M(3376M) 67.628ms
[198.892s][info][gc,cpu         ] GC(25) User=0.35s Sys=0.05s Real=0.06s
.. (rIR:aIR:PR = 1641:1661:1654) (tPR = 29046) [OK] 
   200s:       trying IR =   1949 ..[202.974s][info][gc,start       ] GC(26) Pause Young (Allocation Failure)
[203.036s][info][gc,heap        ] GC(26) PSYoungGen: 1566128K(2075648K)->87549K(2107392K) Eden: 1484288K(1484288K)->0K(1484288K) From: 81840K(591360K)->87549K(623104K)
[203.036s][info][gc,heap        ] GC(26) ParOldGen: 1381005K(1381376K)->1452645K(1453056K)
[203.036s][info][gc,metaspace   ] GC(26) Metaspace: 28141K(28416K)->28141K(28416K) NonClass: 25065K(25216K)->25065K(25216K) Class: 3075K(3200K)->3075K(3200K)
[203.036s][info][gc             ] GC(26) Pause Young (Allocation Failure) 2878M->1504M(3477M) 62.390ms
[203.036s][info][gc,cpu         ] GC(26) User=0.35s Sys=0.02s Real=0.07s
.. (rIR:aIR:PR = 1949:1957:1957) (tPR = 33786) [OK] 
   204s:       trying IR =   2319 ..[206.536s][info][gc,start       ] GC(27) Pause Young (Allocation Failure)
[206.603s][info][gc,heap        ] GC(27) PSYoungGen: 1571837K(2107392K)->93572K(2114560K) Eden: 1484288K(1484288K)->0K(1574400K) From: 87549K(623104K)->93572K(540160K)
[206.603s][info][gc,heap        ] GC(27) ParOldGen: 1452645K(1453056K)->1523230K(1523712K)
[206.603s][info][gc,metaspace   ] GC(27) Metaspace: 28172K(28416K)->28172K(28416K) NonClass: 25096K(25216K)->25096K(25216K) Class: 3075K(3200K)->3075K(3200K)
[206.603s][info][gc             ] GC(27) Pause Young (Allocation Failure) 2953M->1578M(3553M) 66.659ms
[206.603s][info][gc,cpu         ] GC(27) User=0.37s Sys=0.02s Real=0.06s
.. (rIR:aIR:PR = 2319:2317:2319) (tPR = 39817) [OK] 
   208s:       trying IR =   2762 .[210.060s][info][gc,start       ] GC(28) Pause Young (Allocation Failure)
[210.131s][info][gc,heap        ] GC(28) PSYoungGen: 1667972K(2114560K)->94704K(2147328K) Eden: 1574400K(1574400K)->0K(1574400K) From: 93572K(540160K)->94704K(572928K)
[210.131s][info][gc,heap        ] GC(28) ParOldGen: 1523230K(1523712K)->1598519K(1598976K)
[210.131s][info][gc,metaspace   ] GC(28) Metaspace: 28238K(28608K)->28238K(28608K) NonClass: 25157K(25344K)->25157K(25344K) Class: 3080K(3264K)->3080K(3264K)
[210.131s][info][gc             ] GC(28) Pause Young (Allocation Failure) 3116M->1653M(3658M) 71.138ms
[210.131s][info][gc,cpu         ] GC(28) User=0.35s Sys=0.07s Real=0.07s
... (rIR:aIR:PR = 2762:2743:2743) (tPR = 42225) [OK] 
   212s:       trying IR =   3295 .[213.516s][info][gc,start       ] GC(29) Pause Young (Allocation Failure)
[213.586s][info][gc,heap        ] GC(29) PSYoungGen: 1669104K(2147328K)->103757K(2162176K) Eden: 1574400K(1574400K)->0K(1676288K) From: 94704K(572928K)->103757K(485888K)
[213.586s][info][gc,heap        ] GC(29) ParOldGen: 1598519K(1598976K)->1675775K(1675776K)
[213.586s][info][gc,metaspace   ] GC(29) Metaspace: 28363K(28736K)->28363K(28736K) NonClass: 25271K(25472K)->25271K(25472K) Class: 3091K(3264K)->3091K(3264K)
[213.586s][info][gc             ] GC(29) Pause Young (Allocation Failure) 3191M->1737M(3748M) 69.950ms
[213.586s][info][gc,cpu         ] GC(29) User=0.39s Sys=0.02s Real=0.07s
... (rIR:aIR:PR = 3295:3297:3296) (tPR = 49117) [OK] 
   216s:       trying IR =   3934 [216.655s][info][gc,start       ] GC(30) Pause Young (Allocation Failure)
[216.726s][info][gc,heap        ] GC(30) PSYoungGen: 1780045K(2162176K)->102992K(2195968K) Eden: 1676288K(1676288K)->0K(1676288K) From: 103757K(485888K)->102992K(519680K)
[216.726s][info][gc,heap        ] GC(30) ParOldGen: 1675775K(1675776K)->1757188K(1757696K)
[216.726s][info][gc,metaspace   ] GC(30) Metaspace: 28600K(28928K)->28600K(28928K) NonClass: 25503K(25664K)->25503K(25664K) Class: 3097K(3264K)->3097K(3264K)
[216.726s][info][gc             ] GC(30) Pause Young (Allocation Failure) 3374M->1816M(3861M) 71.122ms
[216.726s][info][gc,cpu         ] GC(30) User=0.39s Sys=0.03s Real=0.07s
...[219.504s][info][gc,start       ] GC(31) Pause Young (Allocation Failure)
[219.578s][info][gc,heap        ] GC(31) PSYoungGen: 1779280K(2195968K)->109840K(2216448K) Eden: 1676288K(1676288K)->0K(1782784K) From: 102992K(519680K)->109840K(433664K)
[219.578s][info][gc,heap        ] GC(31) ParOldGen: 1757188K(1757696K)->1840620K(1840640K)
[219.578s][info][gc,metaspace   ] GC(31) Metaspace: 28664K(28992K)->28664K(28992K) NonClass: 25567K(25728K)->25567K(25728K) Class: 3097K(3264K)->3097K(3264K)
[219.578s][info][gc             ] GC(31) Pause Young (Allocation Failure) 3453M->1904M(3962M) 74.417ms
[219.579s][info][gc,cpu         ] GC(31) User=0.41s Sys=0.03s Real=0.08s
. (rIR:aIR:PR = 3934:3951:3950) (tPR = 58646) [OK] 
   220s:       trying IR =   4701 .[222.191s][info][gc,start       ] GC(32) Pause Young (Allocation Failure)
[222.282s][info][gc,heap        ] GC(32) PSYoungGen: 1892624K(2216448K)->123312K(2250240K) Eden: 1782784K(1782784K)->0K(1782784K) From: 109840K(433664K)->123312K(467456K)
[222.282s][info][gc,heap        ] GC(32) ParOldGen: 1840620K(1840640K)->1927012K(1927168K)
[222.282s][info][gc,metaspace   ] GC(32) Metaspace: 28677K(28992K)->28677K(28992K) NonClass: 25580K(25728K)->25580K(25728K) Class: 3097K(3264K)->3097K(3264K)
[222.282s][info][gc             ] GC(32) Pause Young (Allocation Failure) 3645M->2002M(4079M) 90.715ms
[222.282s][info][gc,cpu         ] GC(32) User=0.46s Sys=0.07s Real=0.09s
... (rIR:aIR:PR = 4701:4723:4722) (tPR = 70502) [OK] 
   224s:       trying IR =   5621 [224.727s][info][gc,start       ] GC(33) Pause Young (Allocation Failure)
[224.810s][info][gc,heap        ] GC(33) PSYoungGen: 1906096K(2250240K)->128484K(2269696K) Eden: 1782784K(1782784K)->0K(1888256K) From: 123312K(467456K)->128484K(381440K)
[224.810s][info][gc,heap        ] GC(33) ParOldGen: 1927012K(1927168K)->2015356K(2015744K)
[224.810s][info][gc,metaspace   ] GC(33) Metaspace: 28695K(28992K)->28695K(28992K) NonClass: 25597K(25728K)->25597K(25728K) Class: 3097K(3264K)->3097K(3264K)
[224.810s][info][gc             ] GC(33) Pause Young (Allocation Failure) 3743M->2093M(4185M) 82.906ms
[224.810s][info][gc,cpu         ] GC(33) User=0.46s Sys=0.02s Real=0.08s
..[227.043s][info][gc,start       ] GC(34) Pause Young (Allocation Failure)
[227.158s][info][gc,heap        ] GC(34) PSYoungGen: 2016740K(2269696K)->130928K(2302464K) Eden: 1888256K(1888256K)->0K(1888256K) From: 128484K(381440K)->130928K(414208K)
[227.159s][info][gc,heap        ] GC(34) ParOldGen: 2015356K(2015744K)->2104124K(2104320K)
[227.159s][info][gc,metaspace   ] GC(34) Metaspace: 28695K(28992K)->28695K(28992K) NonClass: 25597K(25728K)->25597K(25728K) Class: 3097K(3264K)->3097K(3264K)
[227.159s][info][gc             ] GC(34) Pause Young (Allocation Failure) 3937M->2182M(4303M) 115.086ms
[227.159s][info][gc,cpu         ] GC(34) User=0.50s Sys=0.18s Real=0.12s
.. (rIR:aIR:PR = 5621:5575:5575) (tPR = 85546) [OK] 
   228s:       trying IR =   6725 [229.274s][info][gc,start       ] GC(35) Pause Young (Allocation Failure)
[229.361s][info][gc,heap        ] GC(35) PSYoungGen: 2019184K(2302464K)->137472K(2326016K) Eden: 1888256K(1888256K)->0K(1991680K) From: 130928K(414208K)->137472K(334336K)
[229.361s][info][gc,heap        ] GC(35) ParOldGen: 2104124K(2104320K)->2195084K(2195456K)
[229.361s][info][gc,metaspace   ] GC(35) Metaspace: 28698K(28992K)->28698K(28992K) NonClass: 25601K(25728K)->25601K(25728K) Class: 3097K(3264K)->3097K(3264K)
[229.361s][info][gc             ] GC(35) Pause Young (Allocation Failure) 4026M->2277M(4415M) 86.855ms
[229.361s][info][gc,cpu         ] GC(35) User=0.48s Sys=0.03s Real=0.09s
..[231.326s][info][gc,start       ] GC(36) Pause Young (Allocation Failure)
[231.429s][info][gc,heap        ] GC(36) PSYoungGen: 2129152K(2326016K)->134368K(2358272K) Eden: 1991680K(1991680K)->0K(1991680K) From: 137472K(334336K)->134368K(366592K)
[231.430s][info][gc,heap        ] GC(36) ParOldGen: 2195084K(2195456K)->2288037K(2288128K)
[231.430s][info][gc,metaspace   ] GC(36) Metaspace: 28733K(29056K)->28733K(29056K) NonClass: 25635K(25792K)->25635K(25792K) Class: 3097K(3264K)->3097K(3264K)
[231.430s][info][gc             ] GC(36) Pause Young (Allocation Failure) 4222M->2365M(4537M) 103.523ms
[231.430s][info][gc,cpu         ] GC(36) User=0.49s Sys=0.11s Real=0.10s
.. (rIR:aIR:PR = 6725:6753:6756) (tPR = 102865) [OK] 
   232s:       trying IR =   8050 [233.195s][info][gc,start       ] GC(37) Pause Young (Allocation Failure)
[233.279s][info][gc,heap        ] GC(37) PSYoungGen: 2126048K(2358272K)->132512K(2379776K) Eden: 1991680K(1991680K)->0K(2083328K) From: 134368K(366592K)->132512K(296448K)
[233.279s][info][gc,heap        ] GC(37) ParOldGen: 2288037K(2288128K)->2383077K(2383360K)
[233.279s][info][gc,metaspace   ] GC(37) Metaspace: 28734K(29056K)->28734K(29056K) NonClass: 25636K(25792K)->25636K(25792K) Class: 3097K(3264K)->3097K(3264K)
[233.279s][info][gc             ] GC(37) Pause Young (Allocation Failure) 4310M->2456M(4651M) 84.496ms
[233.279s][info][gc,cpu         ] GC(37) User=0.48s Sys=0.02s Real=0.08s
..[234.978s][info][gc,start       ] GC(38) Pause Young (Allocation Failure)
[235.068s][info][gc,heap        ] GC(38) PSYoungGen: 2215840K(2379776K)->142496K(2410496K) Eden: 2083328K(2083328K)->0K(2083328K) From: 132512K(296448K)->142496K(327168K)
[235.068s][info][gc,heap        ] GC(38) ParOldGen: 2383077K(2383360K)->2475453K(2475520K)
[235.068s][info][gc,metaspace   ] GC(38) Metaspace: 28743K(29056K)->28743K(29056K) NonClass: 25645K(25792K)->25645K(25792K) Class: 3097K(3264K)->3097K(3264K)
[235.068s][info][gc             ] GC(38) Pause Young (Allocation Failure) 4491M->2556M(4771M) 90.171ms
[235.068s][info][gc,cpu         ] GC(38) User=0.50s Sys=0.03s Real=0.09s
.. (rIR:aIR:PR = 8050:8171:8171) (tPR = 116638) [OK] 
   236s:       trying IR =   9640 [236.732s][info][gc,start       ] GC(39) Pause Young (Allocation Failure)
[236.823s][info][gc,heap        ] GC(39) PSYoungGen: 2225824K(2410496K)->139168K(2423296K) Eden: 2083328K(2083328K)->0K(2159616K) From: 142496K(327168K)->139168K(263680K)
[236.823s][info][gc,heap        ] GC(39) ParOldGen: 2475453K(2475520K)->2573397K(2573824K)
[236.823s][info][gc,metaspace   ] GC(39) Metaspace: 28743K(29056K)->28743K(29056K) NonClass: 25645K(25792K)->25645K(25792K) Class: 3097K(3264K)->3097K(3264K)
[236.823s][info][gc             ] GC(39) Pause Young (Allocation Failure) 4591M->2648M(4880M) 90.668ms
[236.823s][info][gc,cpu         ] GC(39) User=0.50s Sys=0.03s Real=0.09s
.[238.314s][info][gc,start       ] GC(40) Pause Young (Allocation Failure)
[238.410s][info][gc,heap        ] GC(40) PSYoungGen: 2298784K(2423296K)->157444K(2452480K) Eden: 2159616K(2159616K)->0K(2159616K) From: 139168K(263680K)->157444K(292864K)
[238.410s][info][gc,heap        ] GC(40) ParOldGen: 2573397K(2573824K)->2668325K(2668544K)
[238.410s][info][gc,metaspace   ] GC(40) Metaspace: 28745K(29056K)->28745K(29056K) NonClass: 25647K(25792K)->25647K(25792K) Class: 3097K(3264K)->3097K(3264K)
[238.410s][info][gc             ] GC(40) Pause Young (Allocation Failure) 4757M->2759M(5001M) 95.217ms
[238.410s][info][gc,cpu         ] GC(40) User=0.52s Sys=0.04s Real=0.09s
..[239.882s][info][gc,start       ] GC(41) Pause Young (Allocation Failure)
[239.974s][info][gc,heap        ] GC(41) PSYoungGen: 2317060K(2452480K)->143556K(2466304K) Eden: 2159616K(2159616K)->0K(2219520K) From: 157444K(292864K)->143556K(246784K)
[239.974s][info][gc,heap        ] GC(41) ParOldGen: 2668325K(2668544K)->2768877K(2768896K)
[239.974s][info][gc,metaspace   ] GC(41) Metaspace: 28745K(29056K)->28745K(29056K) NonClass: 25647K(25792K)->25647K(25792K) Class: 3097K(3264K)->3097K(3264K)
[239.974s][info][gc             ] GC(41) Pause Young (Allocation Failure) 4868M->2844M(5112M) 92.322ms
[239.974s][info][gc,cpu         ] GC(41) User=0.52s Sys=0.03s Real=0.09s
.[241.438s][info][gc,start       ] GC(42) Pause Young (Allocation Failure)
[241.532s][info][gc,heap        ] GC(42) PSYoungGen: 2363076K(2466304K)->148640K(2489344K) Eden: 2219520K(2219520K)->0K(2219520K) From: 143556K(246784K)->148640K(269824K)
[241.532s][info][gc,heap        ] GC(42) ParOldGen: 2768877K(2768896K)->2865181K(2865664K)
[241.532s][info][gc,metaspace   ] GC(42) Metaspace: 28766K(29056K)->28766K(29056K) NonClass: 25668K(25792K)->25668K(25792K) Class: 3098K(3264K)->3098K(3264K)
[241.532s][info][gc             ] GC(42) Pause Young (Allocation Failure) 5011M->2943M(5229M) 94.537ms
[241.532s][info][gc,cpu         ] GC(42) User=0.52s Sys=0.03s Real=0.09s
. (rIR:aIR:PR = 9640:9222:9241) (tPR = 138244) [OK] 
   241s:       trying IR =  11548 .[242.905s][info][gc,start       ] GC(43) Pause Young (Allocation Failure)
[243.004s][info][gc,heap        ] GC(43) PSYoungGen: 2368160K(2489344K)->158981K(2504192K) Eden: 2219520K(2219520K)->0K(2267136K) From: 148640K(269824K)->158981K(237056K)
[243.004s][info][gc,heap        ] GC(43) ParOldGen: 2865181K(2865664K)->2964301K(2964480K)
[243.004s][info][gc,metaspace   ] GC(43) Metaspace: 28778K(29056K)->28778K(29056K) NonClass: 25679K(25792K)->25679K(25792K) Class: 3098K(3264K)->3098K(3264K)
[243.004s][info][gc             ] GC(43) Pause Young (Allocation Failure) 5110M->3050M(5340M) 98.496ms
[243.004s][info][gc,cpu         ] GC(43) User=0.55s Sys=0.03s Real=0.09s
.[244.283s][info][gc,start       ] GC(44) Pause Young (Allocation Failure)
[244.384s][info][gc,heap        ] GC(44) PSYoungGen: 2426117K(2504192K)->168336K(2520576K) Eden: 2267136K(2267136K)->0K(2267136K) From: 158981K(237056K)->168336K(253440K)
[244.384s][info][gc,heap        ] GC(44) ParOldGen: 2964301K(2964480K)->3065797K(3065856K)
[244.384s][info][gc,metaspace   ] GC(44) Metaspace: 28782K(29056K)->28782K(29056K) NonClass: 25684K(25792K)->25684K(25792K) Class: 3098K(3264K)->3098K(3264K)
[244.384s][info][gc             ] GC(44) Pause Young (Allocation Failure) 5264M->3158M(5455M) 101.535ms
[244.385s][info][gc,cpu         ] GC(44) User=0.57s Sys=0.04s Real=0.11s
.[245.646s][info][gc,start       ] GC(45) Pause Young (Allocation Failure)
[245.737s][info][gc,heap        ] GC(45) PSYoungGen: 2435472K(2520576K)->144864K(2520576K) Eden: 2267136K(2267136K)->0K(2291712K) From: 168336K(253440K)->144864K(228864K)
[245.737s][info][gc,heap        ] GC(45) ParOldGen: 3065797K(3065856K)->3164993K(3165184K)
[245.737s][info][gc,metaspace   ] GC(45) Metaspace: 28783K(29120K)->28783K(29120K) NonClass: 25685K(25856K)->25685K(25856K) Class: 3098K(3264K)->3098K(3264K)
[245.737s][info][gc             ] GC(45) Pause Young (Allocation Failure) 5372M->3232M(5552M) 90.943ms
[245.737s][info][gc,cpu         ] GC(45) User=0.50s Sys=0.03s Real=0.09s
..[247.017s][info][gc,start       ] GC(46) Pause Young (Allocation Failure)
[247.116s][info][gc,heap        ] GC(46) PSYoungGen: 2436576K(2520576K)->157312K(2532864K) Eden: 2291712K(2291712K)->0K(2291712K) From: 144864K(228864K)->157312K(241152K)
[247.116s][info][gc,heap        ] GC(46) ParOldGen: 3164993K(3165184K)->3266813K(3267072K)
[247.116s][info][gc,metaspace   ] GC(46) Metaspace: 28787K(29120K)->28787K(29120K) NonClass: 25689K(25856K)->25689K(25856K) Class: 3098K(3264K)->3098K(3264K)
[247.116s][info][gc             ] GC(46) Pause Young (Allocation Failure) 5470M->3343M(5664M) 98.699ms
[247.116s][info][gc,cpu         ] GC(46) User=0.55s Sys=0.04s Real=0.10s
. (rIR:aIR:PR = 11548:11503:11503) (tPR = 176773) [OK] 
   247s:       trying IR =  13837 [248.358s][info][gc,start       ] GC(47) Pause Young (Allocation Failure)
[248.457s][info][gc,heap        ] GC(47) PSYoungGen: 2449024K(2532864K)->161664K(2542080K) Eden: 2291712K(2291712K)->0K(2319360K) From: 157312K(241152K)->161664K(222720K)
[248.457s][info][gc,heap        ] GC(47) ParOldGen: 3266813K(3267072K)->3365873K(3365888K)
[248.457s][info][gc,metaspace   ] GC(47) Metaspace: 28787K(29120K)->28787K(29120K) NonClass: 25689K(25856K)->25689K(25856K) Class: 3098K(3264K)->3098K(3264K)
[248.457s][info][gc             ] GC(47) Pause Young (Allocation Failure) 5581M->3444M(5769M) 99.090ms
[248.457s][info][gc,cpu         ] GC(47) User=0.56s Sys=0.03s Real=0.10s
.[249.676s][info][gc,start       ] GC(48) Pause Young (Allocation Failure)
[249.776s][info][gc,heap        ] GC(48) PSYoungGen: 2481024K(2542080K)->158464K(2551296K) Eden: 2319360K(2319360K)->0K(2319360K) From: 161664K(222720K)->158464K(231936K)
[249.776s][info][gc,heap        ] GC(48) ParOldGen: 3365873K(3365888K)->3472917K(3473408K)
[249.776s][info][gc,metaspace   ] GC(48) Metaspace: 28787K(29120K)->28787K(29120K) NonClass: 25689K(25856K)->25689K(25856K) Class: 3098K(3264K)->3098K(3264K)
[249.776s][info][gc             ] GC(48) Pause Young (Allocation Failure) 5709M->3546M(5883M) 100.522ms
[249.776s][info][gc,cpu         ] GC(48) User=0.56s Sys=0.02s Real=0.10s
.[250.998s][info][gc,start       ] GC(49) Pause Young (Allocation Failure)
[251.117s][info][gc,heap        ] GC(49) PSYoungGen: 2477824K(2551296K)->181998K(2561024K) Eden: 2319360K(2319360K)->0K(2334208K) From: 158464K(231936K)->181998K(226816K)
[251.117s][info][gc,heap        ] GC(49) ParOldGen: 3472917K(3473408K)->3576077K(3576320K)
[251.117s][info][gc,metaspace   ] GC(49) Metaspace: 28788K(29120K)->28788K(29120K) NonClass: 25689K(25856K)->25689K(25856K) Class: 3098K(3264K)->3098K(3264K)
[251.117s][info][gc             ] GC(49) Pause Young (Allocation Failure) 5811M->3669M(5993M) 118.943ms
[251.117s][info][gc,cpu         ] GC(49) User=0.63s Sys=0.06s Real=0.12s
.[252.411s][info][gc,start       ] GC(50) Pause Young (Allocation Failure)
[252.512s][info][gc,heap        ] GC(50) PSYoungGen: 2516206K(2561024K)->163024K(2565120K) Eden: 2334208K(2334208K)->0K(2334208K) From: 181998K(226816K)->163024K(230912K)
[252.512s][info][gc,heap        ] GC(50) ParOldGen: 3576077K(3576320K)->3681685K(3681792K)
[252.512s][info][gc,metaspace   ] GC(50) Metaspace: 28790K(29120K)->28790K(29120K) NonClass: 25691K(25856K)->25691K(25856K) Class: 3098K(3264K)->3098K(3264K)
[252.512s][info][gc             ] GC(50) Pause Young (Allocation Failure) 5949M->3754M(6100M) 101.669ms
[252.512s][info][gc,cpu         ] GC(50) User=0.56s Sys=0.04s Real=0.10s
.[253.803s][info][gc,start       ] GC(51) Pause Young (Allocation Failure)
[253.906s][info][gc,heap        ] GC(51) PSYoungGen: 2497232K(2565120K)->165936K(2558976K) Eden: 2334208K(2334208K)->0K(2338304K) From: 163024K(230912K)->165936K(220672K)
[253.906s][info][gc,heap        ] GC(51) ParOldGen: 3681685K(3681792K)->3787581K(3787776K)
[253.906s][info][gc,metaspace   ] GC(51) Metaspace: 28791K(29120K)->28791K(29120K) NonClass: 25693K(25856K)->25693K(25856K) Class: 3098K(3264K)->3098K(3264K)
[253.906s][info][gc             ] GC(51) Pause Young (Allocation Failure) 6034M->3860M(6198M) 102.986ms
[253.906s][info][gc,cpu         ] GC(51) User=0.57s Sys=0.04s Real=0.11s
.[255.115s][info][gc,start       ] GC(52) Pause Young (Allocation Failure)
[255.271s][info][gc,heap        ] GC(52) PSYoungGen: 2504240K(2558976K)->178713K(2562048K) Eden: 2338304K(2338304K)->0K(2338304K) From: 165936K(220672K)->178713K(223744K)
[255.271s][info][gc,heap        ] GC(52) ParOldGen: 3787581K(3787776K)->3890093K(3890176K)
[255.271s][info][gc,metaspace   ] GC(52) Metaspace: 28791K(29120K)->28791K(29120K) NonClass: 25693K(25856K)->25693K(25856K) Class: 3098K(3264K)->3098K(3264K)
[255.271s][info][gc             ] GC(52) Pause Young (Allocation Failure) 6144M->3973M(6301M) 155.500ms
[255.271s][info][gc,cpu         ] GC(52) User=0.61s Sys=0.04s Real=0.15s
.[256.517s][info][gc,start       ] GC(53) Pause Young (Allocation Failure)
[256.640s][info][gc,heap        ] GC(53) PSYoungGen: 2517017K(2562048K)->194020K(2557440K) Eden: 2338304K(2338304K)->0K(2332160K) From: 178713K(223744K)->194020K(225280K)
[256.640s][info][gc,heap        ] GC(53) ParOldGen: 3890093K(3890176K)->3996877K(3997184K)
[256.641s][info][gc,metaspace   ] GC(53) Metaspace: 28791K(29120K)->28791K(29120K) NonClass: 25693K(25856K)->25693K(25856K) Class: 3098K(3264K)->3098K(3264K)
[256.641s][info][gc             ] GC(53) Pause Young (Allocation Failure) 6256M->4092M(6401M) 123.873ms
[256.641s][info][gc,cpu         ] GC(53) User=0.67s Sys=0.05s Real=0.12s
..[257.939s][info][gc,start       ] GC(54) Pause Young (Allocation Failure)
[258.045s][info][gc,heap        ] GC(54) PSYoungGen: 2526180K(2557440K)->162860K(2564096K) Eden: 2332160K(2332160K)->0K(2332160K) From: 194020K(225280K)->162860K(231936K)
[258.045s][info][gc,heap        ] GC(54) ParOldGen: 3996877K(3997184K)->4103733K(4104192K)
[258.045s][info][gc,metaspace   ] GC(54) Metaspace: 28792K(29120K)->28792K(29120K) NonClass: 25693K(25856K)->25693K(25856K) Class: 3098K(3264K)->3098K(3264K)
[258.045s][info][gc             ] GC(54) Pause Young (Allocation Failure) 6370M->4166M(6512M) 105.213ms
[258.045s][info][gc,cpu         ] GC(54) User=0.59s Sys=0.03s Real=0.11s
.[259.288s][info][gc,start       ] GC(55) Pause Young (Allocation Failure)
[259.400s][info][gc,heap        ] GC(55) PSYoungGen: 2495020K(2564096K)->183454K(2562048K) Eden: 2332160K(2332160K)->0K(2336768K) From: 162860K(231936K)->183454K(225280K)
[259.400s][info][gc,heap        ] GC(55) ParOldGen: 4103733K(4104192K)->4207705K(4208128K)
[259.400s][info][gc,metaspace   ] GC(55) Metaspace: 28792K(29120K)->28792K(29120K) NonClass: 25694K(25856K)->25694K(25856K) Class: 3098K(3264K)->3098K(3264K)
[259.400s][info][gc             ] GC(55) Pause Young (Allocation Failure) 6444M->4288M(6611M) 111.850ms
[259.400s][info][gc,cpu         ] GC(55) User=0.64s Sys=0.03s Real=0.11s
.[260.619s][info][gc,start       ] GC(56) Pause Young (Allocation Failure)
[260.727s][info][gc,heap        ] GC(56) PSYoungGen: 2520222K(2562048K)->175748K(2564096K) Eden: 2336768K(2336768K)->0K(2336768K) From: 183454K(225280K)->175748K(227328K)
[260.727s][info][gc,heap        ] GC(56) ParOldGen: 4207705K(4208128K)->4316849K(4317184K)
[260.727s][info][gc,metaspace   ] GC(56) Metaspace: 28793K(29120K)->28793K(29120K) NonClass: 25694K(25856K)->25694K(25856K) Class: 3098K(3264K)->3098K(3264K)
[260.727s][info][gc             ] GC(56) Pause Young (Allocation Failure) 6570M->4387M(6720M) 107.520ms
[260.727s][info][gc,cpu         ] GC(56) User=0.61s Sys=0.02s Real=0.11s
.[262.046s][info][gc,start       ] GC(57) Pause Young (Allocation Failure)
[262.152s][info][gc,heap        ] GC(57) PSYoungGen: 2512516K(2564096K)->159152K(2558464K) Eden: 2336768K(2336768K)->0K(2343424K) From: 175748K(227328K)->159152K(215040K)
[262.152s][info][gc,heap        ] GC(57) ParOldGen: 4316849K(4317184K)->4429433K(4429824K)
[262.152s][info][gc,metaspace   ] GC(57) Metaspace: 28798K(29120K)->28798K(29120K) NonClass: 25700K(25856K)->25700K(25856K) Class: 3098K(3264K)->3098K(3264K)
[262.152s][info][gc             ] GC(57) Pause Young (Allocation Failure) 6669M->4481M(6824M) 105.929ms
[262.152s][info][gc,cpu         ] GC(57) User=0.59s Sys=0.03s Real=0.10s
.[263.478s][info][gc,start       ] GC(58) Pause Young (Allocation Failure)
[263.594s][info][gc,heap        ] GC(58) PSYoungGen: 2502576K(2558464K)->193343K(2563584K) Eden: 2343424K(2343424K)->0K(2343424K) From: 159152K(215040K)->193343K(220160K)
[263.594s][info][gc,heap        ] GC(58) ParOldGen: 4429433K(4429824K)->4527633K(4528128K)
[263.594s][info][gc,metaspace   ] GC(58) Metaspace: 28799K(29120K)->28799K(29120K) NonClass: 25701K(25856K)->25701K(25856K) Class: 3098K(3264K)->3098K(3264K)
[263.594s][info][gc             ] GC(58) Pause Young (Allocation Failure) 6769M->4610M(6925M) 116.090ms
[263.594s][info][gc,cpu         ] GC(58) User=0.65s Sys=0.03s Real=0.11s
.[265.129s][info][gc,start       ] GC(59) Pause Young (Allocation Failure)
[265.278s][info][gc,heap        ] GC(59) PSYoungGen: 2536767K(2563584K)->150112K(2573312K) Eden: 2343424K(2343424K)->0K(2348032K) From: 193343K(220160K)->150112K(225280K)
[265.278s][info][gc,heap        ] GC(59) ParOldGen: 4527633K(4528128K)->4639369K(4639744K)
[265.278s][info][gc,metaspace   ] GC(59) Metaspace: 28800K(29120K)->28800K(29120K) NonClass: 25701K(25856K)->25701K(25856K) Class: 3098K(3264K)->3098K(3264K)
[265.278s][info][gc             ] GC(59) Pause Young (Allocation Failure) 6898M->4677M(7044M) 149.563ms
[265.278s][info][gc,cpu         ] GC(59) User=0.59s Sys=0.03s Real=0.15s
.[266.457s][info][gc,start       ] GC(60) Pause Young (Allocation Failure)
[266.565s][info][gc,heap        ] GC(60) PSYoungGen: 2498144K(2573312K)->186112K(2570752K) Eden: 2348032K(2348032K)->0K(2348032K) From: 150112K(225280K)->186112K(222720K)
[266.565s][info][gc,heap        ] GC(60) ParOldGen: 4639369K(4639744K)->4735161K(4735488K)
[266.565s][info][gc,metaspace   ] GC(60) Metaspace: 28801K(29120K)->28801K(29120K) NonClass: 25703K(25856K)->25703K(25856K) Class: 3098K(3264K)->3098K(3264K)
[266.565s][info][gc             ] GC(60) Pause Young (Allocation Failure) 6970M->4805M(7135M) 108.341ms
[266.565s][info][gc,cpu         ] GC(60) User=0.61s Sys=0.03s Real=0.11s
.[267.717s][info][gc,start       ] GC(61) Pause Young (Allocation Failure)
[267.831s][info][gc,heap        ] GC(61) PSYoungGen: 2534144K(2570752K)->188480K(2567680K) Eden: 2348032K(2348032K)->0K(2343424K) From: 186112K(222720K)->188480K(224256K)
[267.831s][info][gc,heap        ] GC(61) ParOldGen: 4735161K(4735488K)->4840273K(4840448K)
[267.831s][info][gc,metaspace   ] GC(61) Metaspace: 28801K(29120K)->28801K(29120K) NonClass: 25703K(25856K)->25703K(25856K) Class: 3098K(3264K)->3098K(3264K)
[267.831s][info][gc             ] GC(61) Pause Young (Allocation Failure) 7098M->4910M(7234M) 114.174ms
[267.831s][info][gc,cpu         ] GC(61) User=0.62s Sys=0.05s Real=0.11s
.[268.977s][info][gc,start       ] GC(62) Pause Young (Allocation Failure)
[269.083s][info][gc,heap        ] GC(62) PSYoungGen: 2531904K(2567680K)->165792K(2509312K) Eden: 2343424K(2343424K)->0K(2343424K) From: 188480K(224256K)->165792K(165888K)
[269.083s][info][gc,heap        ] GC(62) ParOldGen: 4840273K(4840448K)->4950793K(4951040K)
[269.083s][info][gc,metaspace   ] GC(62) Metaspace: 28801K(29120K)->28801K(29120K) NonClass: 25703K(25856K)->25703K(25856K) Class: 3098K(3264K)->3098K(3264K)
[269.083s][info][gc             ] GC(62) Pause Young (Allocation Failure) 7199M->4996M(7285M) 106.058ms
[269.083s][info][gc,cpu         ] GC(62) User=0.58s Sys=0.04s Real=0.10s
.[270.392s][info][gc,start       ] GC(63) Pause Young (Allocation Failure)
[270.501s][info][gc,heap        ] GC(63) PSYoungGen: 2509216K(2509312K)->168256K(2572288K) Eden: 2343424K(2343424K)->0K(2350592K) From: 165792K(165888K)->168256K(221696K)
[270.501s][info][gc,heap        ] GC(63) ParOldGen: 4950793K(4951040K)->5065669K(5065728K)
[270.501s][info][gc,metaspace   ] GC(63) Metaspace: 28802K(29120K)->28802K(29120K) NonClass: 25703K(25856K)->25703K(25856K) Class: 3098K(3264K)->3098K(3264K)
[270.501s][info][gc             ] GC(63) Pause Young (Allocation Failure) 7285M->5111M(7459M) 108.544ms
[270.501s][info][gc,cpu         ] GC(63) User=0.61s Sys=0.04s Real=0.11s
..[271.837s][info][gc,start       ] GC(64) Pause Young (Allocation Failure)
[271.939s][info][gc,heap        ] GC(64) PSYoungGen: 2518848K(2572288K)->158581K(2567168K) Eden: 2350592K(2350592K)->0K(2350592K) From: 168256K(221696K)->158581K(216576K)
[271.939s][info][gc,heap        ] GC(64) ParOldGen: 5065669K(5065728K)->5171365K(5171712K)
[271.939s][info][gc,metaspace   ] GC(64) Metaspace: 28810K(29120K)->28810K(29120K) NonClass: 25712K(25856K)->25712K(25856K) Class: 3098K(3264K)->3098K(3264K)
[271.939s][info][gc             ] GC(64) Pause Young (Allocation Failure) 7406M->5205M(7557M) 101.822ms
[271.939s][info][gc,cpu         ] GC(64) User=0.58s Sys=0.03s Real=0.10s
.[273.336s][info][gc,start       ] GC(65) Pause Young (Allocation Failure)
[273.437s][info][gc,heap        ] GC(65) PSYoungGen: 2509173K(2567168K)->156836K(2573824K) Eden: 2350592K(2350592K)->0K(2360320K) From: 158581K(216576K)->156836K(213504K)
[273.437s][info][gc,heap        ] GC(65) ParOldGen: 5171365K(5171712K)->5269509K(5270016K)
[273.437s][info][gc,metaspace   ] GC(65) Metaspace: 28811K(29120K)->28811K(29120K) NonClass: 25712K(25856K)->25712K(25856K) Class: 3098K(3264K)->3098K(3264K)
[273.437s][info][gc             ] GC(65) Pause Young (Allocation Failure) 7500M->5299M(7660M) 101.310ms
[273.437s][info][gc,cpu         ] GC(65) User=0.57s Sys=0.02s Real=0.10s
.[274.988s][info][gc,start       ] GC(66) Pause Young (Allocation Failure)
[275.088s][info][gc,heap        ] GC(66) PSYoungGen: 2517156K(2573824K)->147040K(2571264K) Eden: 2360320K(2360320K)->0K(2360320K) From: 156836K(213504K)->147040K(210944K)
[275.088s][info][gc,heap        ] GC(66) ParOldGen: 5269509K(5270016K)->5378701K(5379072K)
[275.088s][info][gc,metaspace   ] GC(66) Metaspace: 28811K(29120K)->28811K(29120K) NonClass: 25712K(25856K)->25712K(25856K) Class: 3098K(3264K)->3098K(3264K)
[275.088s][info][gc             ] GC(66) Pause Young (Allocation Failure) 7604M->5396M(7764M) 100.683ms
[275.088s][info][gc,cpu         ] GC(66) User=0.58s Sys=0.02s Real=0.10s
.[276.120s][info][gc,start       ] GC(67) Pause Young (Allocation Failure)
[276.297s][info][gc,heap        ] GC(67) PSYoungGen: 2507360K(2571264K)->209888K(2477568K) Eden: 2360320K(2360320K)->0K(2267648K) From: 147040K(210944K)->209888K(209920K)
[276.297s][info][gc,heap        ] GC(67) ParOldGen: 5378701K(5379072K)->5491917K(5492224K)
[276.297s][info][gc,metaspace   ] GC(67) Metaspace: 28812K(29120K)->28812K(29120K) NonClass: 25713K(25856K)->25713K(25856K) Class: 3098K(3264K)->3098K(3264K)
[276.297s][info][gc             ] GC(67) Pause Young (Allocation Failure) 7701M->5568M(7783M) 176.886ms
[276.297s][info][gc,cpu         ] GC(67) User=0.72s Sys=0.05s Real=0.18s
.[277.463s][info][gc,start       ] GC(68) Pause Full (Allocation Failure)
[277.463s][info][gc,phases,start] GC(68) Marking Phase
[277.833s][info][gc,phases      ] GC(68) Marking Phase 369.680ms
[277.833s][info][gc,phases,start] GC(68) Summary Phase
[277.833s][info][gc,phases      ] GC(68) Summary Phase 0.116ms
[277.833s][info][gc,phases,start] GC(68) Forward
[277.989s][info][gc,phases      ] GC(68) Forward 155.695ms
[277.989s][info][gc,phases,start] GC(68) Adjust Pointers
[278.229s][info][gc,phases      ] GC(68) Adjust Pointers 240.419ms
[278.229s][info][gc,phases,start] GC(68) Compaction Phase
[278.416s][info][gc,phases      ] GC(68) Compaction Phase 186.883ms
[278.419s][info][gc,phases,start] GC(68) Post Compact
[278.438s][info][gc,phases      ] GC(68) Post Compact 18.457ms
[278.551s][info][gc,heap        ] GC(68) PSYoungGen: 2477536K(2477568K)->0K(2531840K) Eden: 2267648K(2267648K)->0K(2267648K) From: 209888K(209920K)->0K(264192K)
[278.551s][info][gc,heap        ] GC(68) ParOldGen: 5491917K(5492224K)->1567010K(1759744K)
[278.551s][info][gc,metaspace   ] GC(68) Metaspace: 28812K(29120K)->28812K(29120K) NonClass: 25713K(25856K)->25713K(25856K) Class: 3098K(3264K)->3098K(3264K)
[278.551s][info][gc             ] GC(68) Pause Full (Allocation Failure) 7782M->1530M(4191M) 1087.738ms
[278.551s][info][gc,cpu         ] GC(68) User=5.16s Sys=0.15s Real=1.09s
. (rIR:aIR:PR = 13837:13289:11503) (tPR = 169022) [PR is under limit] 
   278s: Re-initializing (term[279.735s][info][gc,start       ] GC(69) Pause Young (Allocation Failure)
[279.805s][info][gc,heap        ] GC(69) PSYoungGen: 2267648K(2531840K)->164260K(2520576K) Eden: 2267648K(2267648K)->0K(2267648K) From: 0K(264192K)->164260K(252928K)
[279.805s][info][gc,heap        ] GC(69) ParOldGen: 1567010K(1759744K)->1567010K(1759744K)
[279.805s][info][gc,metaspace   ] GC(69) Metaspace: 28812K(29120K)->28812K(29120K) NonClass: 25714K(25856K)->25714K(25856K) Class: 3098K(3264K)->3098K(3264K)
[279.805s][info][gc             ] GC(69) Pause Young (Allocation Failure) 3744M->1690M(4180M) 69.922ms
[279.805s][info][gc,cpu         ] GC(69) User=0.41s Sys=0.00s Real=0.07s
[281.056s][info][gc,start       ] GC(70) Pause Young (Allocation Failure)
[281.151s][info][gc,heap        ] GC(70) PSYoungGen: 2431908K(2520576K)->161056K(2526208K) Eden: 2267648K(2267648K)->0K(2267648K) From: 164260K(252928K)->161056K(258560K)
[281.151s][info][gc,heap        ] GC(70) ParOldGen: 1567010K(1759744K)->1674531K(1759744K)
[281.151s][info][gc,metaspace   ] GC(70) Metaspace: 28816K(29120K)->28816K(29120K) NonClass: 25718K(25856K)->25718K(25856K) Class: 3098K(3264K)->3098K(3264K)
[281.151s][info][gc             ] GC(70) Pause Young (Allocation Failure) 3905M->1792M(4185M) 95.096ms
[281.151s][info][gc,cpu         ] GC(70) User=0.57s Sys=0.01s Real=0.09s
[282.321s][info][gc,start       ] GC(71) Pause Young (Allocation Failure)
[282.425s][info][gc,heap        ] GC(71) PSYoungGen: 2428704K(2526208K)->185376K(2527232K) Eden: 2267648K(2267648K)->0K(2283520K) From: 161056K(258560K)->185376K(243712K)
[282.425s][info][gc,heap        ] GC(71) ParOldGen: 1674531K(1759744K)->1774995K(1775104K)
[282.425s][info][gc,metaspace   ] GC(71) Metaspace: 28817K(29120K)->28817K(29120K) NonClass: 25718K(25856K)->25718K(25856K) Class: 3098K(3264K)->3098K(3264K)
[282.425s][info][gc             ] GC(71) Pause Young (Allocation Failure) 4007M->1914M(4201M) 103.637ms
[282.425s][info][gc,cpu         ] GC(71) User=0.61s Sys=0.00s Real=0.11s
[283.637s][info][gc,start       ] GC(72) Pause Young (Allocation Failure)
[283.744s][info][gc,heap        ] GC(72) PSYoungGen: 2468896K(2527232K)->173184K(2532864K) Eden: 2283520K(2283520K)->0K(2283520K) From: 185376K(243712K)->173184K(249344K)
[283.744s][info][gc,heap        ] GC(72) ParOldGen: 1774995K(1775104K)->1891739K(1891840K)
[283.744s][info][gc,metaspace   ] GC(72) Metaspace: 28817K(29120K)->28817K(29120K) NonClass: 25718K(25856K)->25718K(25856K) Class: 3098K(3264K)->3098K(3264K)
[283.744s][info][gc             ] GC(72) Pause Young (Allocation Failure) 4144M->2016M(4321M) 107.019ms
[283.744s][info][gc,cpu         ] GC(72) User=0.60s Sys=0.04s Real=0.10s
) [284.456s][info][gc,start       ] GC(73) Pause Full (System.gc())
[284.456s][info][gc,phases,start] GC(73) Marking Phase
[284.478s][info][gc,phases      ] GC(73) Marking Phase 22.478ms
[284.479s][info][gc,phases,start] GC(73) Summary Phase
[284.479s][info][gc,phases      ] GC(73) Summary Phase 0.050ms
[284.479s][info][gc,phases,start] GC(73) Forward
[284.497s][info][gc,phases      ] GC(73) Forward 18.913ms
[284.498s][info][gc,phases,start] GC(73) Adjust Pointers
[284.513s][info][gc,phases      ] GC(73) Adjust Pointers 15.294ms
[284.513s][info][gc,phases,start] GC(73) Compaction Phase
[284.541s][info][gc,phases      ] GC(73) Compaction Phase 28.373ms
[284.541s][info][gc,phases,start] GC(73) Post Compact
[284.545s][info][gc,phases      ] GC(73) Post Compact 3.889ms
[284.545s][info][gc,heap        ] GC(73) PSYoungGen: 1592779K(2532864K)->0K(2532864K) Eden: 1419595K(2283520K)->0K(2283520K) From: 173184K(249344K)->0K(249344K)
[284.545s][info][gc,heap        ] GC(73) ParOldGen: 1891739K(1891840K)->203790K(1891840K)
[284.545s][info][gc,metaspace   ] GC(73) Metaspace: 28818K(29120K)->28818K(29120K) NonClass: 25720K(25856K)->25720K(25856K) Class: 3098K(3264K)->3098K(3264K)
[284.545s][info][gc             ] GC(73) Pause Full (System.gc()) 3402M->199M(4321M) 89.297ms
[284.545s][info][gc,cpu         ] GC(73) User=0.38s Sys=0.00s Real=0.09s
(init[285.711s][info][gc,start       ] GC(74) Pause Young (Allocation Failure)
[286.006s][info][gc,heap        ] GC(74) PSYoungGen: 2283520K(2532864K)->242676K(2066944K) Eden: 2283520K(2283520K)->0K(1824256K) From: 0K(249344K)->242676K(242688K)
[286.006s][info][gc,heap        ] GC(74) ParOldGen: 203790K(1891840K)->813175K(1891840K)
[286.006s][info][gc,metaspace   ] GC(74) Metaspace: 28826K(29120K)->28826K(29120K) NonClass: 25727K(25856K)->25727K(25856K) Class: 3098K(3264K)->3098K(3264K)
[286.006s][info][gc             ] GC(74) Pause Young (Allocation Failure) 2429M->1031M(3866M) 295.298ms
[286.006s][info][gc,cpu         ] GC(74) User=1.76s Sys=0.00s Real=0.30s
) ... OK
   288s: Searching from base IR = 11548
   288s:       rampup IR =      0 ... (rIR:aIR:PR = 0:0:0) (tPR = 0) [OK] 
   291s:       rampup IR =   1155 .... (rIR:aIR:PR = 1155:1165:1139) (tPR = 23026) [OK] 
   295s:       rampup IR =   2310 ..[298.079s][info][gc,start       ] GC(75) Pause Young (Allocation Failure)
[298.225s][info][gc,heap        ] GC(75) PSYoungGen: 2066932K(2066944K)->206895K(2310144K) Eden: 1824256K(1824256K)->0K(1824256K) From: 242676K(242688K)->206895K(485888K)
[298.225s][info][gc,heap        ] GC(75) ParOldGen: 813175K(1891840K)->1028506K(1891840K)
[298.225s][info][gc,metaspace   ] GC(75) Metaspace: 28833K(29120K)->28833K(29120K) NonClass: 25734K(25856K)->25734K(25856K) Class: 3099K(3264K)->3099K(3264K)
[298.225s][info][gc             ] GC(75) Pause Young (Allocation Failure) 2812M->1206M(4103M) 146.652ms
[298.225s][info][gc,cpu         ] GC(75) User=0.88s Sys=0.00s Real=0.15s
.. (rIR:aIR:PR = 2310:2317:2271) (tPR = 42970) [OK] 
   299s:       rampup IR =   3464 .[301.283s][info][gc,start       ] GC(76) Pause Young (Allocation Failure)
[301.384s][info][gc,heap        ] GC(76) PSYoungGen: 2031151K(2310144K)->103688K(2293760K) Eden: 1824256K(1824256K)->0K(1841664K) From: 206895K(485888K)->103688K(452096K)
[301.384s][info][gc,heap        ] GC(76) ParOldGen: 1028506K(1891840K)->1199714K(1891840K)
[301.384s][info][gc,metaspace   ] GC(76) Metaspace: 28834K(29120K)->28834K(29120K) NonClass: 25735K(25856K)->25735K(25856K) Class: 3099K(3264K)->3099K(3264K)
[301.384s][info][gc             ] GC(76) Pause Young (Allocation Failure) 2987M->1272M(4087M) 100.419ms
[301.384s][info][gc,cpu         ] GC(76) User=0.60s Sys=0.00s Real=0.10s
..[303.859s][info][gc,start       ] GC(77) Pause Young (Allocation Failure)
[303.929s][info][gc,heap        ] GC(77) PSYoungGen: 1945352K(2293760K)->101399K(2310656K) Eden: 1841664K(1841664K)->0K(1841664K) From: 103688K(452096K)->101399K(468992K)
[303.929s][info][gc,heap        ] GC(77) ParOldGen: 1199714K(1891840K)->1282947K(1891840K)
[303.929s][info][gc,metaspace   ] GC(77) Metaspace: 28834K(29120K)->28834K(29120K) NonClass: 25735K(25856K)->25735K(25856K) Class: 3099K(3264K)->3099K(3264K)
[303.929s][info][gc             ] GC(77) Pause Young (Allocation Failure) 3071M->1351M(4104M) 70.118ms
[303.929s][info][gc,cpu         ] GC(77) User=0.42s Sys=0.00s Real=0.07s
. (rIR:aIR:PR = 3464:3489:3414) (tPR = 59566) [OK] 
   303s:       rampup IR =   4619 .[306.003s][info][gc,start       ] GC(78) Pause Young (Allocation Failure)
[306.076s][info][gc,heap        ] GC(78) PSYoungGen: 1943063K(2310656K)->109179K(2310144K) Eden: 1841664K(1841664K)->0K(1860608K) From: 101399K(468992K)->109179K(449536K)
[306.076s][info][gc,heap        ] GC(78) ParOldGen: 1282947K(1891840K)->1366283K(1891840K)
[306.076s][info][gc,metaspace   ] GC(78) Metaspace: 28839K(29120K)->28839K(29120K) NonClass: 25739K(25856K)->25739K(25856K) Class: 3099K(3264K)->3099K(3264K)
[306.076s][info][gc             ] GC(78) Pause Young (Allocation Failure) 3150M->1440M(4103M) 73.687ms
[306.076s][info][gc,cpu         ] GC(78) User=0.43s Sys=0.00s Real=0.08s
..[307.955s][info][gc,start       ] GC(79) Pause Young (Allocation Failure)
[308.026s][info][gc,heap        ] GC(79) PSYoungGen: 1969787K(2310144K)->104416K(2319872K) Eden: 1860608K(1860608K)->0K(1860608K) From: 109179K(449536K)->104416K(459264K)
[308.026s][info][gc,heap        ] GC(79) ParOldGen: 1366283K(1891840K)->1454515K(1891840K)
[308.026s][info][gc,metaspace   ] GC(79) Metaspace: 28839K(29120K)->28839K(29120K) NonClass: 25739K(25856K)->25739K(25856K) Class: 3099K(3264K)->3099K(3264K)
[308.026s][info][gc             ] GC(79) Pause Young (Allocation Failure) 3257M->1522M(4113M) 71.148ms
[308.026s][info][gc,cpu         ] GC(79) User=0.41s Sys=0.00s Real=0.07s
.. (rIR:aIR:PR = 4619:4607:4570) (tPR = 77703) [OK] 
   308s:       rampup IR =   5774 [309.886s][info][gc,start       ] GC(80) Pause Young (Allocation Failure)
[309.961s][info][gc,heap        ] GC(80) PSYoungGen: 1965024K(2319872K)->115880K(2311168K) Eden: 1860608K(1860608K)->0K(1886208K) From: 104416K(459264K)->115880K(424960K)
[309.961s][info][gc,heap        ] GC(80) ParOldGen: 1454515K(1891840K)->1539139K(1891840K)
[309.961s][info][gc,metaspace   ] GC(80) Metaspace: 28841K(29120K)->28841K(29120K) NonClass: 25742K(25856K)->25742K(25856K) Class: 3099K(3264K)->3099K(3264K)
[309.961s][info][gc             ] GC(80) Pause Young (Allocation Failure) 3339M->1616M(4104M) 75.388ms
[309.961s][info][gc,cpu         ] GC(80) User=0.44s Sys=0.00s Real=0.07s
..[311.681s][info][gc,start       ] GC(81) Pause Young (Allocation Failure)
[311.757s][info][gc,heap        ] GC(81) PSYoungGen: 2002088K(2311168K)->112000K(2324480K) Eden: 1886208K(1886208K)->0K(1886208K) From: 115880K(424960K)->112000K(438272K)
[311.757s][info][gc,heap        ] GC(81) ParOldGen: 1539139K(1891840K)->1627764K(1891840K)
[311.757s][info][gc,metaspace   ] GC(81) Metaspace: 28848K(29120K)->28848K(29120K) NonClass: 25749K(25856K)->25749K(25856K) Class: 3099K(3264K)->3099K(3264K)
[311.757s][info][gc             ] GC(81) Pause Young (Allocation Failure) 3458M->1698M(4117M) 75.977ms
[311.757s][info][gc,cpu         ] GC(81) User=0.45s Sys=0.00s Real=0.08s
.. (rIR:aIR:PR = 5774:5783:5782) (tPR = 93520) [OK] 
   312s:       rampup IR =   6929 [313.601s][info][gc,start       ] GC(82) Pause Young (Allocation Failure)
[313.683s][info][gc,heap        ] GC(82) PSYoungGen: 1998208K(2324480K)->130118K(2323968K) Eden: 1886208K(1886208K)->0K(1931776K) From: 112000K(438272K)->130118K(392192K)
[313.683s][info][gc,heap        ] GC(82) ParOldGen: 1627764K(1891840K)->1715156K(1891840K)
[313.683s][info][gc,metaspace   ] GC(82) Metaspace: 28849K(29120K)->28849K(29120K) NonClass: 25749K(25856K)->25749K(25856K) Class: 3099K(3264K)->3099K(3264K)
[313.683s][info][gc             ] GC(82) Pause Young (Allocation Failure) 3540M->1802M(4117M) 81.995ms
[313.683s][info][gc,cpu         ] GC(82) User=0.48s Sys=0.00s Real=0.08s
..[315.384s][info][gc,start       ] GC(83) Pause Young (Allocation Failure)
[315.467s][info][gc,heap        ] GC(83) PSYoungGen: 2061894K(2323968K)->132117K(2341376K) Eden: 1931776K(1931776K)->0K(1931776K) From: 130118K(392192K)->132117K(409600K)
[315.467s][info][gc,heap        ] GC(83) ParOldGen: 1715156K(1891840K)->1805450K(1891840K)
[315.467s][info][gc,metaspace   ] GC(83) Metaspace: 28849K(29120K)->28849K(29120K) NonClass: 25749K(25856K)->25749K(25856K) Class: 3099K(3264K)->3099K(3264K)
[315.467s][info][gc             ] GC(83) Pause Young (Allocation Failure) 3688M->1892M(4134M) 83.210ms
[315.467s][info][gc,cpu         ] GC(83) User=0.49s Sys=0.00s Real=0.09s
.. (rIR:aIR:PR = 6929:6933:6928) (tPR = 105637) [OK] 
   316s:       rampup IR =   8084 [317.279s][info][gc,start       ] GC(84) Pause Young (Allocation Failure)
[317.363s][info][gc,heap        ] GC(84) PSYoungGen: 2063893K(2341376K)->136404K(2352640K) Eden: 1931776K(1931776K)->0K(1993216K) From: 132117K(409600K)->136404K(359424K)
[317.363s][info][gc,heap        ] GC(84) ParOldGen: 1805450K(1891840K)->1896226K(1896448K)
[317.363s][info][gc,metaspace   ] GC(84) Metaspace: 28849K(29120K)->28849K(29120K) NonClass: 25749K(25856K)->25749K(25856K) Class: 3099K(3264K)->3099K(3264K)
[317.363s][info][gc             ] GC(84) Pause Young (Allocation Failure) 3778M->1984M(4149M) 84.203ms
[317.363s][info][gc,cpu         ] GC(84) User=0.49s Sys=0.00s Real=0.08s
.[318.933s][info][gc,start       ] GC(85) Pause Young (Allocation Failure)
[319.030s][info][gc,heap        ] GC(85) PSYoungGen: 2129620K(2352640K)->152570K(2370048K) Eden: 1993216K(1993216K)->0K(1993216K) From: 136404K(359424K)->152570K(376832K)
[319.030s][info][gc,heap        ] GC(85) ParOldGen: 1896226K(1896448K)->1992602K(1992704K)
[319.030s][info][gc,metaspace   ] GC(85) Metaspace: 28849K(29120K)->28849K(29120K) NonClass: 25749K(25856K)->25749K(25856K) Class: 3099K(3264K)->3099K(3264K)
[319.030s][info][gc             ] GC(85) Pause Young (Allocation Failure) 3931M->2094M(4260M) 96.901ms
[319.030s][info][gc,cpu         ] GC(85) User=0.55s Sys=0.02s Real=0.10s
..[320.603s][info][gc,start       ] GC(86) Pause Young (Allocation Failure)
[320.691s][info][gc,heap        ] GC(86) PSYoungGen: 2145786K(2370048K)->136800K(2392064K) Eden: 1993216K(1993216K)->0K(2061312K) From: 152570K(376832K)->136800K(330752K)
[320.691s][info][gc,heap        ] GC(86) ParOldGen: 1992602K(1992704K)->2088154K(2088448K)
[320.691s][info][gc,metaspace   ] GC(86) Metaspace: 28849K(29120K)->28849K(29120K) NonClass: 25750K(25856K)->25750K(25856K) Class: 3099K(3264K)->3099K(3264K)
[320.691s][info][gc             ] GC(86) Pause Young (Allocation Failure) 4041M->2172M(4375M) 88.682ms
[320.691s][info][gc,cpu         ] GC(86) User=0.50s Sys=0.02s Real=0.09s
. (rIR:aIR:PR = 8084:8181:8181) (tPR = 126008) [OK] 
   320s:       rampup IR =   9238 .[322.242s][info][gc,start       ] GC(87) Pause Young (Allocation Failure)
[322.335s][info][gc,heap        ] GC(87) PSYoungGen: 2198112K(2392064K)->144480K(2404864K) Eden: 2061312K(2061312K)->0K(2061312K) From: 136800K(330752K)->144480K(343552K)
[322.335s][info][gc,heap        ] GC(87) ParOldGen: 2088154K(2088448K)->2182762K(2183168K)
[322.335s][info][gc,metaspace   ] GC(87) Metaspace: 28849K(29120K)->28849K(29120K) NonClass: 25750K(25856K)->25750K(25856K) Class: 3099K(3264K)->3099K(3264K)
[322.335s][info][gc             ] GC(87) Pause Young (Allocation Failure) 4185M->2272M(4480M) 93.014ms
[322.335s][info][gc,cpu         ] GC(87) User=0.51s Sys=0.03s Real=0.10s
.[323.762s][info][gc,start       ] GC(88) Pause Young (Allocation Failure)
[323.856s][info][gc,heap        ] GC(88) PSYoungGen: 2205792K(2404864K)->141465K(2426880K) Eden: 2061312K(2061312K)->0K(2123776K) From: 144480K(343552K)->141465K(303104K)
[323.856s][info][gc,heap        ] GC(88) ParOldGen: 2182762K(2183168K)->2284186K(2284544K)
[323.856s][info][gc,metaspace   ] GC(88) Metaspace: 28851K(29120K)->28851K(29120K) NonClass: 25751K(25856K)->25751K(25856K) Class: 3099K(3264K)->3099K(3264K)
[323.856s][info][gc             ] GC(88) Pause Young (Allocation Failure) 4285M->2368M(4601M) 94.351ms
[323.856s][info][gc,cpu         ] GC(88) User=0.52s Sys=0.02s Real=0.10s
.. (rIR:aIR:PR = 9238:9529:9489) (tPR = 143766) [OK] 
   324s:       rampup IR =  10393 [325.319s][info][gc,start       ] GC(89) Pause Young (Allocation Failure)
[325.409s][info][gc,heap        ] GC(89) PSYoungGen: 2265241K(2426880K)->141136K(2438656K) Eden: 2123776K(2123776K)->0K(2123776K) From: 141465K(303104K)->141136K(314880K)
[325.409s][info][gc,heap        ] GC(89) ParOldGen: 2284186K(2284544K)->2378114K(2378240K)
[325.409s][info][gc,metaspace   ] GC(89) Metaspace: 28851K(29120K)->28851K(29120K) NonClass: 25751K(25856K)->25751K(25856K) Class: 3099K(3264K)->3099K(3264K)
[325.409s][info][gc             ] GC(89) Pause Young (Allocation Failure) 4442M->2460M(4704M) 90.111ms
[325.409s][info][gc,cpu         ] GC(89) User=0.50s Sys=0.03s Real=0.09s
.[326.768s][info][gc,start       ] GC(90) Pause Young (Allocation Failure)
[326.865s][info][gc,heap        ] GC(90) PSYoungGen: 2264912K(2438656K)->147552K(2455040K) Eden: 2123776K(2123776K)->0K(2178560K) From: 141136K(314880K)->147552K(276480K)
[326.865s][info][gc,heap        ] GC(90) ParOldGen: 2378114K(2378240K)->2479034K(2479104K)
[326.865s][info][gc,metaspace   ] GC(90) Metaspace: 28851K(29120K)->28851K(29120K) NonClass: 25751K(25856K)->25751K(25856K) Class: 3099K(3264K)->3099K(3264K)
[326.865s][info][gc             ] GC(90) Pause Young (Allocation Failure) 4534M->2565M(4818M) 97.184ms
[326.865s][info][gc,cpu         ] GC(90) User=0.54s Sys=0.03s Real=0.10s
..[328.243s][info][gc,start       ] GC(91) Pause Young (Allocation Failure)
[328.340s][info][gc,heap        ] GC(91) PSYoungGen: 2326112K(2455040K)->153859K(2467840K) Eden: 2178560K(2178560K)->0K(2178560K) From: 147552K(276480K)->153859K(289280K)
[328.340s][info][gc,heap        ] GC(91) ParOldGen: 2479034K(2479104K)->2574302K(2574336K)
[328.340s][info][gc,metaspace   ] GC(91) Metaspace: 28851K(29120K)->28851K(29120K) NonClass: 25751K(25856K)->25751K(25856K) Class: 3099K(3264K)->3099K(3264K)
[328.340s][info][gc             ] GC(91) Pause Young (Allocation Failure) 4692M->2664M(4924M) 97.162ms
[328.340s][info][gc,cpu         ] GC(91) User=0.54s Sys=0.03s Real=0.10s
.[329.679s][info][gc,start       ] GC(92) Pause Young (Allocation Failure)
[329.770s][info][gc,heap        ] GC(92) PSYoungGen: 2332419K(2467840K)->139264K(2488320K) Eden: 2178560K(2178560K)->0K(2230272K) From: 153859K(289280K)->139264K(258048K)
[329.770s][info][gc,heap        ] GC(92) ParOldGen: 2574302K(2574336K)->2673078K(2673152K)
[329.770s][info][gc,metaspace   ] GC(92) Metaspace: 28851K(29120K)->28851K(29120K) NonClass: 25751K(25856K)->25751K(25856K) Class: 3099K(3264K)->3099K(3264K)
[329.770s][info][gc             ] GC(92) Pause Young (Allocation Failure) 4791M->2746M(5040M) 90.803ms
[329.770s][info][gc,cpu         ] GC(92) User=0.50s Sys=0.03s Real=0.09s
. (rIR:aIR:PR = 10393:10197:10218) (tPR = 153564) [OK] 
   330s:       rampup IR =  11548 [331.151s][info][gc,start       ] GC(93) Pause Young (Allocation Failure)
[331.242s][info][gc,heap        ] GC(93) PSYoungGen: 2369536K(2488320K)->138688K(2497536K) Eden: 2230272K(2230272K)->0K(2230272K) From: 139264K(258048K)->138688K(267264K)
[331.242s][info][gc,heap        ] GC(93) ParOldGen: 2673078K(2673152K)->2771618K(2771968K)
[331.242s][info][gc,metaspace   ] GC(93) Metaspace: 28852K(29120K)->28852K(29120K) NonClass: 25752K(25856K)->25752K(25856K) Class: 3099K(3264K)->3099K(3264K)
[331.242s][info][gc             ] GC(93) Pause Young (Allocation Failure) 4924M->2842M(5146M) 91.088ms
[331.242s][info][gc,cpu         ] GC(93) User=0.49s Sys=0.03s Real=0.09s
..[332.528s][info][gc,start       ] GC(94) Pause Young (Allocation Failure)
[332.628s][info][gc,heap        ] GC(94) PSYoungGen: 2368960K(2497536K)->161509K(2513920K) Eden: 2230272K(2230272K)->0K(2270208K) From: 138688K(267264K)->161509K(243712K)
[332.628s][info][gc,heap        ] GC(94) ParOldGen: 2771618K(2771968K)->2866986K(2867200K)
[332.628s][info][gc,metaspace   ] GC(94) Metaspace: 28852K(29120K)->28852K(29120K) NonClass: 25752K(25856K)->25752K(25856K) Class: 3099K(3264K)->3099K(3264K)
[332.628s][info][gc             ] GC(94) Pause Young (Allocation Failure) 5020M->2957M(5255M) 100.099ms
[332.628s][info][gc,cpu         ] GC(94) User=0.55s Sys=0.03s Real=0.10s
.[333.885s][info][gc,start       ] GC(95) Pause Young (Allocation Failure)
[333.987s][info][gc,heap        ] GC(95) PSYoungGen: 2431717K(2513920K)->160448K(2521600K) Eden: 2270208K(2270208K)->0K(2270208K) From: 161509K(243712K)->160448K(251392K)
[333.987s][info][gc,heap        ] GC(95) ParOldGen: 2866986K(2867200K)->2970490K(2970624K)
[333.987s][info][gc,metaspace   ] GC(95) Metaspace: 28852K(29120K)->28852K(29120K) NonClass: 25752K(25856K)->25752K(25856K) Class: 3099K(3264K)->3099K(3264K)
[333.987s][info][gc             ] GC(95) Pause Young (Allocation Failure) 5174M->3057M(5363M) 101.615ms
[333.987s][info][gc,cpu         ] GC(95) User=0.56s Sys=0.03s Real=0.10s
.[335.326s][info][gc,start       ] GC(96) Pause Young (Allocation Failure)
[335.422s][info][gc,heap        ] GC(96) PSYoungGen: 2430656K(2521600K)->147668K(2528768K) Eden: 2270208K(2270208K)->0K(2300416K) From: 160448K(251392K)->147668K(228352K)
[335.422s][info][gc,heap        ] GC(96) ParOldGen: 2970490K(2970624K)->3070038K(3070464K)
[335.422s][info][gc,metaspace   ] GC(96) Metaspace: 28852K(29120K)->28852K(29120K) NonClass: 25752K(25856K)->25752K(25856K) Class: 3099K(3264K)->3099K(3264K)
[335.422s][info][gc             ] GC(96) Pause Young (Allocation Failure) 5274M->3142M(5468M) 96.202ms
[335.422s][info][gc,cpu         ] GC(96) User=0.54s Sys=0.03s Real=0.09s
. (rIR:aIR:PR = 11548:11319:11359) (tPR = 172867) [OK] 
   335s:    snapshot, IR =  11548 .[336.795s][info][gc,start       ] GC(97) Pause Young (Allocation Failure)
[336.896s][info][gc,heap        ] GC(97) PSYoungGen: 2448084K(2528768K)->159296K(2536960K) Eden: 2300416K(2300416K)->0K(2300416K) From: 147668K(228352K)->159296K(236544K)
[336.896s][info][gc,heap        ] GC(97) ParOldGen: 3070038K(3070464K)->3172014K(3172352K)
[336.896s][info][gc,metaspace   ] GC(97) Metaspace: 28852K(29120K)->28852K(29120K) NonClass: 25753K(25856K)->25753K(25856K) Class: 3099K(3264K)->3099K(3264K)
[336.896s][info][gc             ] GC(97) Pause Young (Allocation Failure) 5388M->3253M(5575M) 101.791ms
[336.896s][info][gc,cpu         ] GC(97) User=0.56s Sys=0.04s Real=0.10s
.[338.187s][info][gc,start       ] GC(98) Pause Young (Allocation Failure)
[338.297s][info][gc,heap        ] GC(98) PSYoungGen: 2459712K(2536960K)->143776K(2545152K) Eden: 2300416K(2300416K)->0K(2329088K) From: 159296K(236544K)->143776K(216064K)
[338.298s][info][gc,heap        ] GC(98) ParOldGen: 3172014K(3172352K)->3272102K(3272192K)
[338.298s][info][gc,metaspace   ] GC(98) Metaspace: 28852K(29120K)->28852K(29120K) NonClass: 25753K(25856K)->25753K(25856K) Class: 3099K(3264K)->3099K(3264K)
[338.298s][info][gc             ] GC(98) Pause Young (Allocation Failure) 5499M->3335M(5681M) 110.441ms
[338.298s][info][gc,cpu         ] GC(98) User=0.52s Sys=0.03s Real=0.11s
..[339.661s][info][gc,start       ] GC(99) Pause Young (Allocation Failure)
[339.760s][info][gc,heap        ] GC(99) PSYoungGen: 2472864K(2545152K)->154944K(2553344K) Eden: 2329088K(2329088K)->0K(2329088K) From: 143776K(216064K)->154944K(224256K)
[339.760s][info][gc,heap        ] GC(99) ParOldGen: 3272102K(3272192K)->3373470K(3373568K)
[339.760s][info][gc,metaspace   ] GC(99) Metaspace: 28855K(29120K)->28855K(29120K) NonClass: 25756K(25856K)->25756K(25856K) Class: 3099K(3264K)->3099K(3264K)
[339.760s][info][gc             ] GC(99) Pause Young (Allocation Failure) 5610M->3445M(5788M) 98.720ms
[339.760s][info][gc,cpu         ] GC(99) User=0.54s Sys=0.04s Real=0.10s
.|[341.119s][info][gc,start       ] GC(100) Pause Young (Allocation Failure)
[341.263s][info][gc,heap        ] GC(100) PSYoungGen: 2484032K(2553344K)->150416K(2557440K) Eden: 2329088K(2329088K)->0K(2353664K) From: 154944K(224256K)->150416K(203776K)
[341.263s][info][gc,heap        ] GC(100) ParOldGen: 3373470K(3373568K)->3475014K(3475456K)
[341.263s][info][gc,metaspace   ] GC(100) Metaspace: 28855K(29120K)->28855K(29120K) NonClass: 25756K(25856K)->25756K(25856K) Class: 3099K(3264K)->3099K(3264K)
[341.263s][info][gc             ] GC(100) Pause Young (Allocation Failure) 5720M->3540M(5891M) 144.706ms
[341.263s][info][gc,cpu         ] GC(100) User=0.54s Sys=0.04s Real=0.14s
.[342.588s][info][gc,start       ] GC(101) Pause Young (Allocation Failure)
[342.694s][info][gc,heap        ] GC(101) PSYoungGen: 2504080K(2557440K)->164332K(2565632K) Eden: 2353664K(2353664K)->0K(2353664K) From: 150416K(203776K)->164332K(211968K)
[342.694s][info][gc,heap        ] GC(101) ParOldGen: 3475014K(3475456K)->3579414K(3579904K)
[342.694s][info][gc,metaspace   ] GC(101) Metaspace: 28855K(29120K)->28855K(29120K) NonClass: 25756K(25856K)->25756K(25856K) Class: 3099K(3264K)->3099K(3264K)
[342.694s][info][gc             ] GC(101) Pause Young (Allocation Failure) 5838M->3656M(6001M) 105.414ms
[342.694s][info][gc,cpu         ] GC(101) User=0.58s Sys=0.04s Real=0.10s
..[344.077s][info][gc,start       ] GC(102) Pause Young (Allocation Failure)
[344.176s][info][gc,heap        ] GC(102) PSYoungGen: 2517996K(2565632K)->148464K(2573312K) Eden: 2353664K(2353664K)->0K(2373632K) From: 164332K(211968K)->148464K(199680K)
[344.176s][info][gc,heap        ] GC(102) ParOldGen: 3579414K(3579904K)->3685766K(3685888K)
[344.176s][info][gc,metaspace   ] GC(102) Metaspace: 28859K(29120K)->28859K(29120K) NonClass: 25760K(25856K)->25760K(25856K) Class: 3099K(3264K)->3099K(3264K)
[344.176s][info][gc             ] GC(102) Pause Young (Allocation Failure) 5954M->3744M(6112M) 98.876ms
[344.176s][info][gc,cpu         ] GC(102) User=0.54s Sys=0.03s Real=0.10s
.[345.565s][info][gc,start       ] GC(103) Pause Young (Allocation Failure)
[345.673s][info][gc,heap        ] GC(103) PSYoungGen: 2522096K(2573312K)->172644K(2579456K) Eden: 2373632K(2373632K)->0K(2373632K) From: 148464K(199680K)->172644K(205824K)
[345.673s][info][gc,heap        ] GC(103) ParOldGen: 3685766K(3685888K)->3785926K(3786240K)
[345.673s][info][gc,metaspace   ] GC(103) Metaspace: 28859K(29120K)->28859K(29120K) NonClass: 25760K(25856K)->25760K(25856K) Class: 3099K(3264K)->3099K(3264K)
[345.673s][info][gc             ] GC(103) Pause Young (Allocation Failure) 6062M->3865M(6216M) 108.202ms
[345.673s][info][gc,cpu         ] GC(103) User=0.61s Sys=0.02s Real=0.10s
.[346.247s][info][gc,start       ] GC(104) Pause Full (Diagnostic Command)
[346.247s][info][gc,phases,start] GC(104) Marking Phase
[346.568s][info][gc,phases      ] GC(104) Marking Phase 321.092ms
[346.568s][info][gc,phases,start] GC(104) Summary Phase
[346.568s][info][gc,phases      ] GC(104) Summary Phase 0.071ms
[346.568s][info][gc,phases,start] GC(104) Forward
[346.720s][info][gc,phases      ] GC(104) Forward 151.483ms
[346.720s][info][gc,phases,start] GC(104) Adjust Pointers
[346.949s][info][gc,phases      ] GC(104) Adjust Pointers 229.012ms
[346.949s][info][gc,phases,start] GC(104) Compaction Phase
[347.142s][info][gc,phases      ] GC(104) Compaction Phase 192.924ms
[347.144s][info][gc,phases,start] GC(104) Post Compact
[347.148s][info][gc,phases      ] GC(104) Post Compact 4.287ms
[347.148s][info][gc,heap        ] GC(104) PSYoungGen: 1125136K(2579456K)->0K(2579456K) Eden: 952492K(2373632K)->0K(2373632K) From: 172644K(205824K)->0K(205824K)
[347.148s][info][gc,heap        ] GC(104) ParOldGen: 3785926K(3786240K)->1194639K(3786240K)
[347.148s][info][gc,metaspace   ] GC(104) Metaspace: 28859K(29120K)->28859K(29120K) NonClass: 25760K(25856K)->25760K(25856K) Class: 3099K(3264K)->3099K(3264K)
[347.148s][info][gc             ] GC(104) Pause Full (Diagnostic Command) 4795M->1166M(6216M) 901.377ms
[347.148s][info][gc,cpu         ] GC(104) User=4.97s Sys=0.00s Real=0.90s
..[348.501s][info][gc,start       ] GC(105) Pause Young (Allocation Failure)
[348.587s][info][gc,heap        ] GC(105) PSYoungGen: 2373632K(2579456K)->183802K(2577408K) Eden: 2373632K(2373632K)->0K(2370048K) From: 0K(205824K)->183802K(207360K)
[348.587s][info][gc,heap        ] GC(105) ParOldGen: 1194639K(3786240K)->1194639K(3786240K)
[348.587s][info][gc,metaspace   ] GC(105) Metaspace: 28859K(29120K)->28859K(29120K) NonClass: 25760K(25856K)->25760K(25856K) Class: 3099K(3264K)->3099K(3264K)
[348.587s][info][gc             ] GC(105) Pause Young (Allocation Failure) 3484M->1346M(6214M) 85.968ms
[348.587s][info][gc,cpu         ] GC(105) User=0.45s Sys=0.05s Real=0.09s
.[349.922s][info][gc,start       ] GC(106) Pause Young (Allocation Failure)
[350.029s][info][gc,heap        ] GC(106) PSYoungGen: 2553850K(2577408K)->182804K(2553344K) Eden: 2370048K(2370048K)->0K(2370048K) From: 183802K(207360K)->182804K(183296K)
[350.029s][info][gc,heap        ] GC(106) ParOldGen: 1194639K(3786240K)->1298909K(3786240K)
[350.029s][info][gc,metaspace   ] GC(106) Metaspace: 28859K(29120K)->28859K(29120K) NonClass: 25760K(25856K)->25760K(25856K) Class: 3099K(3264K)->3099K(3264K)
[350.029s][info][gc             ] GC(106) Pause Young (Allocation Failure) 3660M->1446M(6191M) 106.520ms
[350.029s][info][gc,cpu         ] GC(106) User=0.62s Sys=0.00s Real=0.11s
.[351.382s][info][gc,start       ] GC(107) Pause Young (Allocation Failure)
[351.473s][info][gc,heap        ] GC(107) PSYoungGen: 2552852K(2553344K)->151776K(2583552K) Eden: 2370048K(2370048K)->0K(2366976K) From: 182804K(183296K)->151776K(216576K)
[351.473s][info][gc,heap        ] GC(107) ParOldGen: 1298909K(3786240K)->1403325K(3786240K)
[351.473s][info][gc,metaspace   ] GC(107) Metaspace: 28859K(29120K)->28859K(29120K) NonClass: 25760K(25856K)->25760K(25856K) Class: 3099K(3264K)->3099K(3264K)
[351.473s][info][gc             ] GC(107) Pause Young (Allocation Failure) 3761M->1518M(6220M) 91.800ms
[351.473s][info][gc,cpu         ] GC(107) User=0.53s Sys=0.00s Real=0.09s
.[352.798s][info][gc,start       ] GC(108) Pause Young (Allocation Failure)
[352.904s][info][gc,heap        ] GC(108) PSYoungGen: 2518752K(2583552K)->182030K(2579456K) Eden: 2366976K(2366976K)->0K(2366976K) From: 151776K(216576K)->182030K(212480K)
[352.904s][info][gc,heap        ] GC(108) ParOldGen: 1403325K(3786240K)->1507965K(3786240K)
[352.904s][info][gc,metaspace   ] GC(108) Metaspace: 28859K(29120K)->28859K(29120K) NonClass: 25760K(25856K)->25760K(25856K) Class: 3099K(3264K)->3099K(3264K)
[352.904s][info][gc             ] GC(108) Pause Young (Allocation Failure) 3830M->1650M(6216M) 106.278ms
[352.904s][info][gc,cpu         ] GC(108) User=0.62s Sys=0.00s Real=0.10s
.[354.322s][info][gc,start       ] GC(109) Pause Young (Allocation Failure)
[354.424s][info][gc,heap        ] GC(109) PSYoungGen: 2549006K(2579456K)->171349K(2581504K) Eden: 2366976K(2366976K)->0K(2366976K) From: 182030K(212480K)->171349K(214528K)
[354.424s][info][gc,heap        ] GC(109) ParOldGen: 1507965K(3786240K)->1618333K(3786240K)
[354.424s][info][gc,metaspace   ] GC(109) Metaspace: 28861K(29120K)->28861K(29120K) NonClass: 25762K(25856K)->25762K(25856K) Class: 3099K(3264K)->3099K(3264K)
[354.424s][info][gc             ] GC(109) Pause Young (Allocation Failure) 3961M->1747M(6218M) 102.542ms
[354.424s][info][gc,cpu         ] GC(109) User=0.60s Sys=0.00s Real=0.10s
.[355.809s][info][gc,start       ] GC(110) Pause Young (Allocation Failure)
[355.906s][info][gc,heap        ] GC(110) PSYoungGen: 2538325K(2581504K)->161808K(2529280K) Eden: 2366976K(2366976K)->0K(2366976K) From: 171349K(214528K)->161808K(162304K)
[355.907s][info][gc,heap        ] GC(110) ParOldGen: 1618333K(3786240K)->1723221K(3786240K)
[355.907s][info][gc,metaspace   ] GC(110) Metaspace: 28861K(29120K)->28861K(29120K) NonClass: 25762K(25856K)->25762K(25856K) Class: 3099K(3264K)->3099K(3264K)
[355.907s][info][gc             ] GC(110) Pause Young (Allocation Failure) 4059M->1840M(6167M) 97.979ms
[355.907s][info][gc,cpu         ] GC(110) User=0.56s Sys=0.01s Real=0.10s
.[357.118s][info][gc,start       ] GC(111) Pause Young (Allocation Failure)
[357.267s][info][gc,heap        ] GC(111) PSYoungGen: 2528784K(2529280K)->177344K(2576384K) Eden: 2366976K(2366976K)->0K(2367488K) From: 161808K(162304K)->177344K(208896K)
[357.267s][info][gc,heap        ] GC(111) ParOldGen: 1723221K(3786240K)->1819693K(3786240K)
[357.267s][info][gc,metaspace   ] GC(111) Metaspace: 28861K(29120K)->28861K(29120K) NonClass: 25762K(25856K)->25762K(25856K) Class: 3099K(3264K)->3099K(3264K)
[357.267s][info][gc             ] GC(111) Pause Young (Allocation Failure) 4152M->1950M(6213M) 148.827ms
[357.267s][info][gc,cpu         ] GC(111) User=0.59s Sys=0.00s Real=0.15s
..[358.610s][info][gc,start       ] GC(112) Pause Young (Allocation Failure)
[358.716s][info][gc,heap        ] GC(112) PSYoungGen: 2544832K(2576384K)->171360K(2576896K) Eden: 2367488K(2367488K)->0K(2367488K) From: 177344K(208896K)->171360K(209408K)
[358.716s][info][gc,heap        ] GC(112) ParOldGen: 1819693K(3786240K)->1942709K(3786240K)
[358.716s][info][gc,metaspace   ] GC(112) Metaspace: 28863K(29120K)->28863K(29120K) NonClass: 25763K(25856K)->25763K(25856K) Class: 3099K(3264K)->3099K(3264K)
[358.716s][info][gc             ] GC(112) Pause Young (Allocation Failure) 4262M->2064M(6214M) 106.071ms
[358.716s][info][gc,cpu         ] GC(112) User=0.62s Sys=0.00s Real=0.11s
.[360.152s][info][gc,start       ] GC(113) Pause Young (Allocation Failure)
[360.291s][info][gc,heap        ] GC(113) PSYoungGen: 2538848K(2576896K)->140000K(2585600K) Eden: 2367488K(2367488K)->0K(2377728K) From: 171360K(209408K)->140000K(207872K)
[360.291s][info][gc,heap        ] GC(113) ParOldGen: 1942709K(3786240K)->2051669K(3786240K)
[360.291s][info][gc,metaspace   ] GC(113) Metaspace: 28863K(29120K)->28863K(29120K) NonClass: 25763K(25856K)->25763K(25856K) Class: 3099K(3264K)->3099K(3264K)
[360.291s][info][gc             ] GC(113) Pause Young (Allocation Failure) 4376M->2140M(6222M) 138.794ms
[360.291s][info][gc,cpu         ] GC(113) User=0.52s Sys=0.01s Real=0.14s
.[361.544s][info][gc,start       ] GC(114) Pause Young (Allocation Failure)
[361.638s][info][gc,heap        ] GC(114) PSYoungGen: 2517728K(2585600K)->168992K(2585600K) Eden: 2377728K(2377728K)->0K(2377728K) From: 140000K(207872K)->168992K(207872K)
[361.638s][info][gc,heap        ] GC(114) ParOldGen: 2051669K(3786240K)->2145157K(3786240K)
[361.638s][info][gc,metaspace   ] GC(114) Metaspace: 28864K(29120K)->28864K(29120K) NonClass: 25764K(25856K)->25764K(25856K) Class: 3099K(3264K)->3099K(3264K)
[361.638s][info][gc             ] GC(114) Pause Young (Allocation Failure) 4462M->2259M(6222M) 94.462ms
[361.638s][info][gc,cpu         ] GC(114) User=0.55s Sys=0.00s Real=0.10s
.[362.950s][info][gc,start       ] GC(115) Pause Young (Allocation Failure)
[363.053s][info][gc,heap        ] GC(115) PSYoungGen: 2546720K(2585600K)->166720K(2585600K) Eden: 2377728K(2377728K)->0K(2382848K) From: 168992K(207872K)->166720K(202752K)
[363.053s][info][gc,heap        ] GC(115) ParOldGen: 2145157K(3786240K)->2257541K(3786240K)
[363.053s][info][gc,metaspace   ] GC(115) Metaspace: 28864K(29120K)->28864K(29120K) NonClass: 25765K(25856K)->25765K(25856K) Class: 3099K(3264K)->3099K(3264K)
[363.053s][info][gc             ] GC(115) Pause Young (Allocation Failure) 4581M->2367M(6222M) 103.070ms
[363.053s][info][gc,cpu         ] GC(115) User=0.60s Sys=0.01s Real=0.10s
.[364.456s][info][gc,start       ] GC(116) Pause Young (Allocation Failure)
[364.557s][info][gc,heap        ] GC(116) PSYoungGen: 2549568K(2585600K)->169728K(2585600K) Eden: 2382848K(2382848K)->0K(2382848K) From: 166720K(202752K)->169728K(202752K)
[364.557s][info][gc,heap        ] GC(116) ParOldGen: 2257541K(3786240K)->2364957K(3786240K)
[364.557s][info][gc,metaspace   ] GC(116) Metaspace: 28864K(29120K)->28864K(29120K) NonClass: 25765K(25856K)->25765K(25856K) Class: 3099K(3264K)->3099K(3264K)
[364.557s][info][gc             ] GC(116) Pause Young (Allocation Failure) 4694M->2475M(6222M) 100.614ms
[364.557s][info][gc,cpu         ] GC(116) User=0.59s Sys=0.00s Real=0.10s
..[365.928s][info][gc,start       ] GC(117) Pause Young (Allocation Failure)
[366.033s][info][gc,heap        ] GC(117) PSYoungGen: 2552576K(2585600K)->173472K(2592256K) Eden: 2382848K(2382848K)->0K(2391040K) From: 169728K(202752K)->173472K(201216K)
[366.033s][info][gc,heap        ] GC(117) ParOldGen: 2364957K(3786240K)->2468997K(3786240K)
[366.033s][info][gc,metaspace   ] GC(117) Metaspace: 28864K(29120K)->28864K(29120K) NonClass: 25765K(25856K)->25765K(25856K) Class: 3099K(3264K)->3099K(3264K)
[366.033s][info][gc             ] GC(117) Pause Young (Allocation Failure) 4802M->2580M(6229M) 104.864ms
[366.034s][info][gc,cpu         ] GC(117) User=0.61s Sys=0.00s Real=0.10s
.[367.358s][info][gc,start       ] GC(118) Pause Young (Allocation Failure)
[367.461s][info][gc,heap        ] GC(118) PSYoungGen: 2564512K(2592256K)->173408K(2591744K) Eden: 2391040K(2391040K)->0K(2391040K) From: 173472K(201216K)->173408K(200704K)
[367.461s][info][gc,heap        ] GC(118) ParOldGen: 2468997K(3786240K)->2571301K(3786240K)
[367.461s][info][gc,metaspace   ] GC(118) Metaspace: 28864K(29120K)->28864K(29120K) NonClass: 25765K(25856K)->25765K(25856K) Class: 3099K(3264K)->3099K(3264K)
[367.461s][info][gc             ] GC(118) Pause Young (Allocation Failure) 4915M->2680M(6228M) 103.332ms
[367.461s][info][gc,cpu         ] GC(118) User=0.60s Sys=0.00s Real=0.10s
.[368.809s][info][gc,start       ] GC(119) Pause Young (Allocation Failure)
[368.908s][info][gc,heap        ] GC(119) PSYoungGen: 2564448K(2591744K)->163956K(2590208K) Eden: 2391040K(2391040K)->0K(2395136K) From: 173408K(200704K)->163956K(195072K)
[368.908s][info][gc,heap        ] GC(119) ParOldGen: 2571301K(3786240K)->2678669K(3786240K)
[368.908s][info][gc,metaspace   ] GC(119) Metaspace: 28865K(29120K)->28865K(29120K) NonClass: 25765K(25856K)->25765K(25856K) Class: 3099K(3264K)->3099K(3264K)
[368.908s][info][gc             ] GC(119) Pause Young (Allocation Failure) 5015M->2776M(6227M) 99.794ms
[368.908s][info][gc,cpu         ] GC(119) User=0.58s Sys=0.01s Real=0.10s
.[370.164s][info][gc,start       ] GC(120) Pause Young (Allocation Failure)
[370.311s][info][gc,heap        ] GC(120) PSYoungGen: 2559092K(2590208K)->166848K(2592256K) Eden: 2395136K(2395136K)->0K(2395136K) From: 163956K(195072K)->166848K(197120K)
[370.311s][info][gc,heap        ] GC(120) ParOldGen: 2678669K(3786240K)->2779509K(3786240K)
[370.311s][info][gc,metaspace   ] GC(120) Metaspace: 28865K(29120K)->28865K(29120K) NonClass: 25765K(25856K)->25765K(25856K) Class: 3099K(3264K)->3099K(3264K)
[370.311s][info][gc             ] GC(120) Pause Young (Allocation Failure) 5115M->2877M(6229M) 146.746ms
[370.311s][info][gc,cpu         ] GC(120) User=0.58s Sys=0.00s Real=0.15s
..[371.695s][info][gc,start       ] GC(121) Pause Young (Allocation Failure)
[371.793s][info][gc,heap        ] GC(121) PSYoungGen: 2561984K(2592256K)->157456K(2596352K) Eden: 2395136K(2395136K)->0K(2404352K) From: 166848K(197120K)->157456K(192000K)
[371.793s][info][gc,heap        ] GC(121) ParOldGen: 2779509K(3786240K)->2890997K(3786240K)
[371.793s][info][gc,metaspace   ] GC(121) Metaspace: 28871K(29184K)->28871K(29184K) NonClass: 25772K(25920K)->25772K(25920K) Class: 3099K(3264K)->3099K(3264K)
[371.793s][info][gc             ] GC(121) Pause Young (Allocation Failure) 5216M->2977M(6233M) 97.993ms
[371.793s][info][gc,cpu         ] GC(121) User=0.57s Sys=0.00s Real=0.09s
 (rIR:aIR:PR = 11548:11364:11272) (tPR = 168281) [OK] 
   371s: Performing snapshot: (quiescence.....) (stop TxI) (stop BE) (saving... 226404 Kb) (term) [381.727s][info][gc,start       ] GC(122) Pause Full (System.gc())
[381.727s][info][gc,phases,start] GC(122) Marking Phase
[381.749s][info][gc,phases      ] GC(122) Marking Phase 21.742ms
[381.749s][info][gc,phases,start] GC(122) Summary Phase
[381.749s][info][gc,phases      ] GC(122) Summary Phase 0.060ms
[381.749s][info][gc,phases,start] GC(122) Forward
[381.754s][info][gc,phases      ] GC(122) Forward 4.667ms
[381.754s][info][gc,phases,start] GC(122) Adjust Pointers
[381.770s][info][gc,phases      ] GC(122) Adjust Pointers 16.461ms
[381.770s][info][gc,phases,start] GC(122) Compaction Phase
[381.802s][info][gc,phases      ] GC(122) Compaction Phase 31.761ms
[381.802s][info][gc,phases,start] GC(122) Post Compact
[381.807s][info][gc,phases      ] GC(122) Post Compact 4.631ms
[381.807s][info][gc,heap        ] GC(122) PSYoungGen: 2503611K(2596352K)->0K(2596352K) Eden: 2346155K(2404352K)->0K(2404352K) From: 157456K(192000K)->0K(192000K)
[381.807s][info][gc,heap        ] GC(122) ParOldGen: 2890997K(3786240K)->326601K(3786240K)
[381.807s][info][gc,metaspace   ] GC(122) Metaspace: 28877K(29184K)->28877K(29184K) NonClass: 25777K(25920K)->25777K(25920K) Class: 3099K(3264K)->3099K(3264K)
[381.807s][info][gc             ] GC(122) Pause Full (System.gc()) 5268M->318M(6233M) 79.625ms
[381.807s][info][gc,cpu         ] GC(122) User=0.40s Sys=0.00s Real=0.08s
(init[383.483s][info][gc,start       ] GC(123) Pause Young (Allocation Failure)
[383.757s][info][gc,heap        ] GC(123) PSYoungGen: 2404352K(2596352K)->193005K(2597376K) Eden: 2404352K(2404352K)->0K(2404352K) From: 0K(192000K)->193005K(193024K)
[383.757s][info][gc,heap        ] GC(123) ParOldGen: 326601K(3786240K)->742925K(3786240K)
[383.757s][info][gc,metaspace   ] GC(123) Metaspace: 28881K(29184K)->28881K(29184K) NonClass: 25781K(25920K)->25781K(25920K) Class: 3099K(3264K)->3099K(3264K)
[383.757s][info][gc             ] GC(123) Pause Young (Allocation Failure) 2666M->913M(6234M) 274.262ms
[383.757s][info][gc,cpu         ] GC(123) User=1.64s Sys=0.00s Real=0.28s
) ...
   387s:       rampup IR =      0 ... (rIR:aIR:PR = 0:0:0) (tPR = 0) [OK] 
   390s:       rampup IR =   1155 [391.619s][info][gc,start       ] GC(124) Pause Young (Allocation Failure)
[391.946s][info][gc,heap        ] GC(124) PSYoungGen: 2597357K(2597376K)->198638K(1746432K) Eden: 2404352K(2404352K)->0K(1547776K) From: 193005K(193024K)->198638K(198656K)
[391.946s][info][gc,heap        ] GC(124) ParOldGen: 742925K(3786240K)->1520668K(3786240K)
[391.946s][info][gc,metaspace   ] GC(124) Metaspace: 28895K(29184K)->28895K(29184K) NonClass: 25794K(25920K)->25794K(25920K) Class: 3101K(3264K)->3101K(3264K)
[391.946s][info][gc             ] GC(124) Pause Young (Allocation Failure) 3261M->1679M(5403M) 327.514ms
[391.947s][info][gc,cpu         ] GC(124) User=1.92s Sys=0.04s Real=0.33s
.... (rIR:aIR:PR = 1155:1158:1158) (tPR = 17844) [OK] 
   394s:       rampup IR =   2310 ...[398.115s][info][gc,start       ] GC(125) Pause Young (Allocation Failure)
[398.219s][info][gc,heap        ] GC(125) PSYoungGen: 1746414K(1746432K)->103264K(2171904K) Eden: 1547776K(1547776K)->0K(1547776K) From: 198638K(198656K)->103264K(624128K)
[398.219s][info][gc,heap        ] GC(125) ParOldGen: 1520668K(3786240K)->1663805K(3786240K)
[398.219s][info][gc,metaspace   ] GC(125) Metaspace: 28896K(29184K)->28896K(29184K) NonClass: 25795K(25920K)->25795K(25920K) Class: 3101K(3264K)->3101K(3264K)
[398.219s][info][gc             ] GC(125) Pause Young (Allocation Failure) 3190M->1725M(5818M) 103.780ms
[398.219s][info][gc,cpu         ] GC(125) User=0.61s Sys=0.00s Real=0.10s
. (rIR:aIR:PR = 2310:2305:2304) (tPR = 34161) [OK] 
   398s:       rampup IR =   3464 ..[401.658s][info][gc,start       ] GC(126) Pause Young (Allocation Failure)
[401.738s][info][gc,heap        ] GC(126) PSYoungGen: 1651040K(2171904K)->111684K(2150912K) Eden: 1547776K(1547776K)->0K(1550336K) From: 103264K(624128K)->111684K(600576K)
[401.738s][info][gc,heap        ] GC(126) ParOldGen: 1663805K(3786240K)->1747461K(3786240K)
[401.738s][info][gc,metaspace   ] GC(126) Metaspace: 28906K(29184K)->28906K(29184K) NonClass: 25805K(25920K)->25805K(25920K) Class: 3101K(3264K)->3101K(3264K)
[401.738s][info][gc             ] GC(126) Pause Young (Allocation Failure) 3237M->1815M(5798M) 80.416ms
[401.738s][info][gc,cpu         ] GC(126) User=0.48s Sys=0.00s Real=0.08s
.. (rIR:aIR:PR = 3464:3491:3491) (tPR = 50719) [OK] 
   402s:       rampup IR =   4619 .[404.391s][info][gc,start       ] GC(127) Pause Young (Allocation Failure)
[404.463s][info][gc,heap        ] GC(127) PSYoungGen: 1662020K(2150912K)->104640K(2162688K) Eden: 1550336K(1550336K)->0K(1550336K) From: 111684K(600576K)->104640K(612352K)
[404.463s][info][gc,heap        ] GC(127) ParOldGen: 1747461K(3786240K)->1829886K(3786240K)
[404.463s][info][gc,metaspace   ] GC(127) Metaspace: 28909K(29248K)->28909K(29248K) NonClass: 25808K(25984K)->25808K(25984K) Class: 3101K(3264K)->3101K(3264K)
[404.463s][info][gc             ] GC(127) Pause Young (Allocation Failure) 3329M->1889M(5809M) 71.946ms
[404.463s][info][gc,cpu         ] GC(127) User=0.42s Sys=0.00s Real=0.07s
..[406.759s][info][gc,start       ] GC(128) Pause Young (Allocation Failure)
[406.837s][info][gc,heap        ] GC(128) PSYoungGen: 1654976K(2162688K)->119826K(2149888K) Eden: 1550336K(1550336K)->0K(1582080K) From: 104640K(612352K)->119826K(567808K)
[406.837s][info][gc,heap        ] GC(128) ParOldGen: 1829886K(3786240K)->1912978K(3786240K)
[406.837s][info][gc,metaspace   ] GC(128) Metaspace: 28909K(29248K)->28909K(29248K) NonClass: 25808K(25984K)->25808K(25984K) Class: 3101K(3264K)->3101K(3264K)
[406.837s][info][gc             ] GC(128) Pause Young (Allocation Failure) 3403M->1985M(5797M) 77.743ms
[406.837s][info][gc,cpu         ] GC(128) User=0.46s Sys=0.00s Real=0.08s
. (rIR:aIR:PR = 4619:4601:4596) (tPR = 65462) [OK] 
   406s:       rampup IR =   5774 .[408.813s][info][gc,start       ] GC(129) Pause Young (Allocation Failure)
[408.888s][info][gc,heap        ] GC(129) PSYoungGen: 1701906K(2149888K)->115648K(2167296K) Eden: 1582080K(1582080K)->0K(1582080K) From: 119826K(567808K)->115648K(585216K)
[408.888s][info][gc,heap        ] GC(129) ParOldGen: 1912978K(3786240K)->1992979K(3786240K)
[408.888s][info][gc,metaspace   ] GC(129) Metaspace: 28912K(29248K)->28912K(29248K) NonClass: 25811K(25984K)->25811K(25984K) Class: 3101K(3264K)->3101K(3264K)
[408.888s][info][gc             ] GC(129) Pause Young (Allocation Failure) 3530M->2059M(5814M) 74.913ms
[408.888s][info][gc,cpu         ] GC(129) User=0.44s Sys=0.00s Real=0.08s
..[410.800s][info][gc,start       ] GC(130) Pause Young (Allocation Failure)
[410.874s][info][gc,heap        ] GC(130) PSYoungGen: 1697728K(2167296K)->110000K(2176000K) Eden: 1582080K(1582080K)->0K(1643008K) From: 115648K(585216K)->110000K(532992K)
[410.874s][info][gc,heap        ] GC(130) ParOldGen: 1992979K(3786240K)->2079139K(3786240K)
[410.874s][info][gc,metaspace   ] GC(130) Metaspace: 28912K(29248K)->28912K(29248K) NonClass: 25811K(25984K)->25811K(25984K) Class: 3101K(3264K)->3101K(3264K)
[410.874s][info][gc             ] GC(130) Pause Young (Allocation Failure) 3604M->2137M(5822M) 74.135ms
[410.874s][info][gc,cpu         ] GC(130) User=0.43s Sys=0.00s Real=0.07s
. (rIR:aIR:PR = 5774:5748:5746) (tPR = 83225) [OK] 
   410s:       rampup IR =   6929 .[412.483s][info][gc,start       ] GC(131) Pause Young (Allocation Failure)
[412.560s][info][gc,heap        ] GC(131) PSYoungGen: 1753008K(2176000K)->118868K(2193408K) Eden: 1643008K(1643008K)->0K(1643008K) From: 110000K(532992K)->118868K(550400K)
[412.560s][info][gc,heap        ] GC(131) ParOldGen: 2079139K(3786240K)->2163251K(3786240K)
[412.560s][info][gc,metaspace   ] GC(131) Metaspace: 28912K(29248K)->28912K(29248K) NonClass: 25811K(25984K)->25811K(25984K) Class: 3101K(3264K)->3101K(3264K)
[412.560s][info][gc             ] GC(131) Pause Young (Allocation Failure) 3742M->2228M(5839M) 77.236ms
[412.560s][info][gc,cpu         ] GC(131) User=0.45s Sys=0.00s Real=0.08s
..[414.257s][info][gc,start       ] GC(132) Pause Young (Allocation Failure)
[414.330s][info][gc,heap        ] GC(132) PSYoungGen: 1761876K(2193408K)->115408K(2208256K) Eden: 1643008K(1643008K)->0K(1715200K) From: 118868K(550400K)->115408K(493056K)
[414.330s][info][gc,heap        ] GC(132) ParOldGen: 2163251K(3786240K)->2244291K(3786240K)
[414.330s][info][gc,metaspace   ] GC(132) Metaspace: 28913K(29248K)->28913K(29248K) NonClass: 25812K(25984K)->25812K(25984K) Class: 3101K(3264K)->3101K(3264K)
[414.330s][info][gc             ] GC(132) Pause Young (Allocation Failure) 3833M->2304M(5854M) 73.423ms
[414.330s][info][gc,cpu         ] GC(132) User=0.43s Sys=0.00s Real=0.07s
. (rIR:aIR:PR = 6929:7018:7018) (tPR = 105252) [OK] 
   414s:       rampup IR =   8084 [415.892s][info][gc,start       ] GC(133) Pause Young (Allocation Failure)
[415.969s][info][gc,heap        ] GC(133) PSYoungGen: 1830608K(2208256K)->122064K(2225664K) Eden: 1715200K(1715200K)->0K(1715200K) From: 115408K(493056K)->122064K(510464K)
[415.969s][info][gc,heap        ] GC(133) ParOldGen: 2244291K(3786240K)->2331627K(3786240K)
[415.970s][info][gc,metaspace   ] GC(133) Metaspace: 28913K(29248K)->28913K(29248K) NonClass: 25812K(25984K)->25812K(25984K) Class: 3101K(3264K)->3101K(3264K)
[415.970s][info][gc             ] GC(133) Pause Young (Allocation Failure) 3979M->2396M(5871M) 77.409ms
[415.970s][info][gc,cpu         ] GC(133) User=0.45s Sys=0.01s Real=0.08s
..[417.490s][info][gc,start       ] GC(134) Pause Young (Allocation Failure)
[417.570s][info][gc,heap        ] GC(134) PSYoungGen: 1837264K(2225664K)->122676K(2247168K) Eden: 1715200K(1715200K)->0K(1796096K) From: 122064K(510464K)->122676K(451072K)
[417.570s][info][gc,heap        ] GC(134) ParOldGen: 2331627K(3786240K)->2419195K(3786240K)
[417.570s][info][gc,metaspace   ] GC(134) Metaspace: 28913K(29248K)->28913K(29248K) NonClass: 25812K(25984K)->25812K(25984K) Class: 3101K(3264K)->3101K(3264K)
[417.570s][info][gc             ] GC(134) Pause Young (Allocation Failure) 4071M->2482M(5892M) 79.317ms
[417.570s][info][gc,cpu         ] GC(134) User=0.47s Sys=0.00s Real=0.08s
.[419.017s][info][gc,start       ] GC(135) Pause Young (Allocation Failure)
[419.095s][info][gc,heap        ] GC(135) PSYoungGen: 1918772K(2247168K)->124480K(2264576K) Eden: 1796096K(1796096K)->0K(1796096K) From: 122676K(451072K)->124480K(468480K)
[419.096s][info][gc,heap        ] GC(135) ParOldGen: 2419195K(3786240K)->2506947K(3786240K)
[419.096s][info][gc,metaspace   ] GC(135) Metaspace: 28913K(29248K)->28913K(29248K) NonClass: 25812K(25984K)->25812K(25984K) Class: 3101K(3264K)->3101K(3264K)
[419.096s][info][gc             ] GC(135) Pause Young (Allocation Failure) 4236M->2569M(5909M) 78.953ms
[419.096s][info][gc,cpu         ] GC(135) User=0.46s Sys=0.00s Real=0.08s
. (rIR:aIR:PR = 8084:7972:7980) (tPR = 117640) [OK] 
   418s:       rampup IR =   9238 .[420.362s][info][gc,start       ] GC(136) Pause Young (Allocation Failure)
[420.445s][info][gc,heap        ] GC(136) PSYoungGen: 1920576K(2264576K)->130388K(2288640K) Eden: 1796096K(1796096K)->0K(1879552K) From: 124480K(468480K)->130388K(409088K)
[420.445s][info][gc,heap        ] GC(136) ParOldGen: 2506947K(3786240K)->2594691K(3786240K)
[420.445s][info][gc,metaspace   ] GC(136) Metaspace: 28916K(29248K)->28916K(29248K) NonClass: 25815K(25984K)->25815K(25984K) Class: 3101K(3264K)->3101K(3264K)
[420.445s][info][gc             ] GC(136) Pause Young (Allocation Failure) 4323M->2661M(5932M) 83.231ms
[420.445s][info][gc,cpu         ] GC(136) User=0.49s Sys=0.00s Real=0.09s
.[421.790s][info][gc,start       ] GC(137) Pause Young (Allocation Failure)
[421.879s][info][gc,heap        ] GC(137) PSYoungGen: 2009940K(2288640K)->143033K(2306560K) Eden: 1879552K(1879552K)->0K(1879552K) From: 130388K(409088K)->143033K(427008K)
[421.879s][info][gc,heap        ] GC(137) ParOldGen: 2594691K(3786240K)->2685219K(3786240K)
[421.879s][info][gc,metaspace   ] GC(137) Metaspace: 28916K(29248K)->28916K(29248K) NonClass: 25815K(25984K)->25815K(25984K) Class: 3101K(3264K)->3101K(3264K)
[421.879s][info][gc             ] GC(137) Pause Young (Allocation Failure) 4496M->2761M(5950M) 88.923ms
[421.879s][info][gc,cpu         ] GC(137) User=0.52s Sys=0.00s Real=0.09s
..[423.173s][info][gc,start       ] GC(138) Pause Young (Allocation Failure)
[423.252s][info][gc,heap        ] GC(138) PSYoungGen: 2022585K(2306560K)->118592K(2340352K) Eden: 1879552K(1879552K)->0K(1964032K) From: 143033K(427008K)->118592K(376320K)
[423.252s][info][gc,heap        ] GC(138) ParOldGen: 2685219K(3786240K)->2778155K(3786240K)
[423.252s][info][gc,metaspace   ] GC(138) Metaspace: 28917K(29248K)->28917K(29248K) NonClass: 25816K(25984K)->25816K(25984K) Class: 3101K(3264K)->3101K(3264K)
[423.252s][info][gc             ] GC(138) Pause Young (Allocation Failure) 4597M->2828M(5983M) 78.898ms
[423.252s][info][gc,cpu         ] GC(138) User=0.46s Sys=0.01s Real=0.08s
. (rIR:aIR:PR = 9238:9419:9416) (tPR = 140834) [OK] 
   423s:       rampup IR =  10393 [424.694s][info][gc,start       ] GC(139) Pause Young (Allocation Failure)
[424.782s][info][gc,heap        ] GC(139) PSYoungGen: 2082624K(2340352K)->141412K(2352640K) Eden: 1964032K(1964032K)->0K(1964032K) From: 118592K(376320K)->141412K(388608K)
[424.782s][info][gc,heap        ] GC(139) ParOldGen: 2778155K(3786240K)->2867011K(3786240K)
[424.782s][info][gc,metaspace   ] GC(139) Metaspace: 28920K(29248K)->28920K(29248K) NonClass: 25819K(25984K)->25819K(25984K) Class: 3101K(3264K)->3101K(3264K)
[424.782s][info][gc             ] GC(139) Pause Young (Allocation Failure) 4746M->2937M(5995M) 87.948ms
[424.782s][info][gc,cpu         ] GC(139) User=0.52s Sys=0.00s Real=0.09s
.[426.020s][info][gc,start       ] GC(140) Pause Young (Allocation Failure)
[426.109s][info][gc,heap        ] GC(140) PSYoungGen: 2105444K(2352640K)->144096K(2377216K) Eden: 1964032K(1964032K)->0K(2038784K) From: 141412K(388608K)->144096K(338432K)
[426.109s][info][gc,heap        ] GC(140) ParOldGen: 2867011K(3786240K)->2962731K(3786240K)
[426.109s][info][gc,metaspace   ] GC(140) Metaspace: 28920K(29248K)->28920K(29248K) NonClass: 25819K(25984K)->25819K(25984K) Class: 3101K(3264K)->3101K(3264K)
[426.109s][info][gc             ] GC(140) Pause Young (Allocation Failure) 4855M->3034M(6019M) 89.201ms
[426.109s][info][gc,cpu         ] GC(140) User=0.53s Sys=0.01s Real=0.09s
..[427.455s][info][gc,start       ] GC(141) Pause Young (Allocation Failure)
[427.543s][info][gc,heap        ] GC(141) PSYoungGen: 2182880K(2377216K)->136530K(2388480K) Eden: 2038784K(2038784K)->0K(2038784K) From: 144096K(338432K)->136530K(349696K)
[427.543s][info][gc,heap        ] GC(141) ParOldGen: 2962731K(3786240K)->3052779K(3786240K)
[427.543s][info][gc,metaspace   ] GC(141) Metaspace: 28920K(29248K)->28920K(29248K) NonClass: 25819K(25984K)->25819K(25984K) Class: 3101K(3264K)->3101K(3264K)
[427.543s][info][gc             ] GC(141) Pause Young (Allocation Failure) 5025M->3114M(6030M) 87.816ms
[427.543s][info][gc,cpu         ] GC(141) User=0.51s Sys=0.00s Real=0.08s
. (rIR:aIR:PR = 10393:10253:10252) (tPR = 152692) [OK] 
   428s:       rampup IR =  11548 [428.840s][info][gc,start       ] GC(142) Pause Young (Allocation Failure)
[428.927s][info][gc,heap        ] GC(142) PSYoungGen: 2175314K(2388480K)->136032K(2421248K) Eden: 2038784K(2038784K)->0K(2112512K) From: 136530K(349696K)->136032K(308736K)
[428.927s][info][gc,heap        ] GC(142) ParOldGen: 3052779K(3786240K)->3150491K(3786240K)
[428.927s][info][gc,metaspace   ] GC(142) Metaspace: 28928K(29248K)->28928K(29248K) NonClass: 25827K(25984K)->25827K(25984K) Class: 3101K(3264K)->3101K(3264K)
[428.927s][info][gc             ] GC(142) Pause Young (Allocation Failure) 5105M->3209M(6062M) 87.540ms
[428.927s][info][gc,cpu         ] GC(142) User=0.52s Sys=0.00s Real=0.09s
.[430.151s][info][gc,start       ] GC(143) Pause Young (Allocation Failure)
[430.279s][info][gc,heap        ] GC(143) PSYoungGen: 2248544K(2421248K)->148064K(2431488K) Eden: 2112512K(2112512K)->0K(2112512K) From: 136032K(308736K)->148064K(318976K)
[430.280s][info][gc,heap        ] GC(143) ParOldGen: 3150491K(3786240K)->3242847K(3786240K)
[430.280s][info][gc,metaspace   ] GC(143) Metaspace: 28928K(29248K)->28928K(29248K) NonClass: 25827K(25984K)->25827K(25984K) Class: 3101K(3264K)->3101K(3264K)
[430.280s][info][gc             ] GC(143) Pause Young (Allocation Failure) 5272M->3311M(6072M) 128.232ms
[430.280s][info][gc,cpu         ] GC(143) User=0.53s Sys=0.00s Real=0.13s
..[431.480s][info][gc,start       ] GC(144) Pause Young (Allocation Failure)
[431.576s][info][gc,heap        ] GC(144) PSYoungGen: 2260576K(2431488K)->153572K(2454016K) Eden: 2112512K(2112512K)->0K(2173952K) From: 148064K(318976K)->153572K(280064K)
[431.576s][info][gc,heap        ] GC(144) ParOldGen: 3242847K(3786240K)->3340535K(3786240K)
[431.576s][info][gc,metaspace   ] GC(144) Metaspace: 28928K(29248K)->28928K(29248K) NonClass: 25827K(25984K)->25827K(25984K) Class: 3101K(3264K)->3101K(3264K)
[431.576s][info][gc             ] GC(144) Pause Young (Allocation Failure) 5374M->3412M(6094M) 96.128ms
[431.577s][info][gc,cpu         ] GC(144) User=0.56s Sys=0.00s Real=0.10s
.[432.824s][info][gc,start       ] GC(145) Pause Young (Allocation Failure)
[432.922s][info][gc,heap        ] GC(145) PSYoungGen: 2327524K(2454016K)->158597K(2462720K) Eden: 2173952K(2173952K)->0K(2173952K) From: 153572K(280064K)->158597K(288768K)
[432.922s][info][gc,heap        ] GC(145) ParOldGen: 3340535K(3786240K)->3438731K(3786240K)
[432.922s][info][gc,metaspace   ] GC(145) Metaspace: 28928K(29248K)->28928K(29248K) NonClass: 25827K(25984K)->25827K(25984K) Class: 3101K(3264K)->3101K(3264K)
[432.922s][info][gc             ] GC(145) Pause Young (Allocation Failure) 5535M->3513M(6102M) 97.546ms
[432.922s][info][gc,cpu         ] GC(145) User=0.58s Sys=0.00s Real=0.10s
. (rIR:aIR:PR = 11548:11414:11362) (tPR = 168838) [OK] 
   433s:       trying IR =  11648 [434.246s][info][gc,start       ] GC(146) Pause Young (Allocation Failure)
[434.345s][info][gc,heap        ] GC(146) PSYoungGen: 2332549K(2462720K)->156883K(2487296K) Eden: 2173952K(2173952K)->0K(2229760K) From: 158597K(288768K)->156883K(257536K)
[434.346s][info][gc,heap        ] GC(146) ParOldGen: 3438731K(3786240K)->3537263K(3786240K)
[434.346s][info][gc,metaspace   ] GC(146) Metaspace: 28928K(29248K)->28928K(29248K) NonClass: 25827K(25984K)->25827K(25984K) Class: 3101K(3264K)->3101K(3264K)
[434.346s][info][gc             ] GC(146) Pause Young (Allocation Failure) 5636M->3607M(6126M) 99.557ms
[434.346s][info][gc,cpu         ] GC(146) User=0.58s Sys=0.01s Real=0.10s
..[435.651s][info][gc,start       ] GC(147) Pause Young (Allocation Failure)
[435.747s][info][gc,heap        ] GC(147) PSYoungGen: 2386643K(2487296K)->152003K(2496000K) Eden: 2229760K(2229760K)->0K(2229760K) From: 156883K(257536K)->152003K(266240K)
[435.747s][info][gc,heap        ] GC(147) ParOldGen: 3537263K(3786240K)->3636967K(3786240K)
[435.747s][info][gc,metaspace   ] GC(147) Metaspace: 28928K(29248K)->28928K(29248K) NonClass: 25827K(25984K)->25827K(25984K) Class: 3101K(3264K)->3101K(3264K)
[435.747s][info][gc             ] GC(147) Pause Young (Allocation Failure) 5785M->3700M(6135M) 95.774ms
[435.747s][info][gc,cpu         ] GC(147) User=0.56s Sys=0.00s Real=0.10s
.[437.092s][info][gc,start       ] GC(148) Pause Young (Allocation Failure)
[437.187s][info][gc,heap        ] GC(148) PSYoungGen: 2381763K(2496000K)->152800K(2511360K) Eden: 2229760K(2229760K)->0K(2274304K) From: 152003K(266240K)->152800K(237056K)
[437.188s][info][gc,heap        ] GC(148) ParOldGen: 3636967K(3786240K)->3739335K(3786240K)
[437.188s][info][gc,metaspace   ] GC(148) Metaspace: 28928K(29248K)->28928K(29248K) NonClass: 25827K(25984K)->25827K(25984K) Class: 3101K(3264K)->3101K(3264K)
[437.188s][info][gc             ] GC(148) Pause Young (Allocation Failure) 5877M->3800M(6150M) 95.965ms
[437.188s][info][gc,cpu         ] GC(148) User=0.56s Sys=0.00s Real=0.10s
.[438.512s][info][gc,start       ] GC(149) Pause Young (Allocation Failure)
[438.611s][info][gc,heap        ] GC(149) PSYoungGen: 2427104K(2511360K)->155824K(2519552K) Eden: 2274304K(2274304K)->0K(2274304K) From: 152800K(237056K)->155824K(245248K)
[438.611s][info][gc,heap        ] GC(149) ParOldGen: 3739335K(3786240K)->3837443K(3837952K)
[438.611s][info][gc,metaspace   ] GC(149) Metaspace: 28928K(29248K)->28928K(29248K) NonClass: 25827K(25984K)->25827K(25984K) Class: 3101K(3264K)->3101K(3264K)
[438.611s][info][gc             ] GC(149) Pause Young (Allocation Failure) 6021M->3899M(6208M) 98.792ms
[438.611s][info][gc,cpu         ] GC(149) User=0.57s Sys=0.02s Real=0.10s
..[439.946s][info][gc,start       ] GC(150) Pause Young (Allocation Failure)
[440.047s][info][gc,heap        ] GC(150) PSYoungGen: 2430128K(2519552K)->153696K(2534400K) Eden: 2274304K(2274304K)->0K(2313728K) From: 155824K(245248K)->153696K(220672K)
[440.047s][info][gc,heap        ] GC(150) ParOldGen: 3837443K(3837952K)->3941475K(3941888K)
[440.047s][info][gc,metaspace   ] GC(150) Metaspace: 28928K(29248K)->28928K(29248K) NonClass: 25827K(25984K)->25827K(25984K) Class: 3101K(3264K)->3101K(3264K)
[440.047s][info][gc             ] GC(150) Pause Young (Allocation Failure) 6120M->3999M(6324M) 101.639ms
[440.047s][info][gc,cpu         ] GC(150) User=0.57s Sys=0.03s Real=0.10s
.[441.432s][info][gc,start       ] GC(151) Pause Young (Allocation Failure)
[441.529s][info][gc,heap        ] GC(151) PSYoungGen: 2467424K(2534400K)->149888K(2542592K) Eden: 2313728K(2313728K)->0K(2313728K) From: 153696K(220672K)->149888K(228864K)
[441.529s][info][gc,heap        ] GC(151) ParOldGen: 3941475K(3941888K)->4040203K(4040704K)
[441.529s][info][gc,metaspace   ] GC(151) Metaspace: 28930K(29248K)->28930K(29248K) NonClass: 25829K(25984K)->25829K(25984K) Class: 3101K(3264K)->3101K(3264K)
[441.529s][info][gc             ] GC(151) Pause Young (Allocation Failure) 6258M->4091M(6429M) 97.060ms
[441.529s][info][gc,cpu         ] GC(151) User=0.55s Sys=0.01s Real=0.10s
.. (rIR:aIR:PR = 11648:11157:11160) (tPR = 169330) [OK] 
   442s:       trying IR =  11668 [442.908s][info][gc,start       ] GC(152) Pause Young (Allocation Failure)
[443.009s][info][gc,heap        ] GC(152) PSYoungGen: 2463616K(2542592K)->150176K(2553856K) Eden: 2313728K(2313728K)->0K(2345472K) From: 149888K(228864K)->150176K(208384K)
[443.009s][info][gc,heap        ] GC(152) ParOldGen: 4040203K(4040704K)->4142939K(4143104K)
[443.009s][info][gc,metaspace   ] GC(152) Metaspace: 28931K(29248K)->28931K(29248K) NonClass: 25830K(25984K)->25830K(25984K) Class: 3101K(3264K)->3101K(3264K)
[443.009s][info][gc             ] GC(152) Pause Young (Allocation Failure) 6351M->4192M(6540M) 100.578ms
[443.009s][info][gc,cpu         ] GC(152) User=0.56s Sys=0.04s Real=0.10s
.[444.360s][info][gc,start       ] GC(153) Pause Young (Allocation Failure)
[444.460s][info][gc,heap        ] GC(153) PSYoungGen: 2495648K(2553856K)->157296K(2561024K) Eden: 2345472K(2345472K)->0K(2345472K) From: 150176K(208384K)->157296K(215552K)
[444.460s][info][gc,heap        ] GC(153) ParOldGen: 4142939K(4143104K)->4240347K(4240384K)
[444.460s][info][gc,metaspace   ] GC(153) Metaspace: 28931K(29248K)->28931K(29248K) NonClass: 25830K(25984K)->25830K(25984K) Class: 3101K(3264K)->3101K(3264K)
[444.460s][info][gc             ] GC(153) Pause Young (Allocation Failure) 6482M->4294M(6642M) 100.760ms
[444.461s][info][gc,cpu         ] GC(153) User=0.57s Sys=0.03s Real=0.10s
..[445.839s][info][gc,start       ] GC(154) Pause Young (Allocation Failure)
[445.944s][info][gc,heap        ] GC(154) PSYoungGen: 2502768K(2561024K)->159605K(2570752K) Eden: 2345472K(2345472K)->0K(2369536K) From: 157296K(215552K)->159605K(201216K)
[445.944s][info][gc,heap        ] GC(154) ParOldGen: 4240347K(4240384K)->4345875K(4346368K)
[445.944s][info][gc,metaspace   ] GC(154) Metaspace: 28931K(29248K)->28931K(29248K) NonClass: 25830K(25984K)->25830K(25984K) Class: 3101K(3264K)->3101K(3264K)
[445.944s][info][gc             ] GC(154) Pause Young (Allocation Failure) 6585M->4399M(6755M) 105.619ms
[445.945s][info][gc,cpu         ] GC(154) User=0.59s Sys=0.02s Real=0.11s
.[447.360s][info][gc,start       ] GC(155) Pause Young (Allocation Failure)
[447.464s][info][gc,heap        ] GC(155) PSYoungGen: 2529141K(2570752K)->155349K(2576896K) Eden: 2369536K(2369536K)->0K(2369536K) From: 159605K(201216K)->155349K(207360K)
[447.464s][info][gc,heap        ] GC(155) ParOldGen: 4345875K(4346368K)->4449539K(4449792K)
[447.464s][info][gc,metaspace   ] GC(155) Metaspace: 28931K(29248K)->28931K(29248K) NonClass: 25830K(25984K)->25830K(25984K) Class: 3101K(3264K)->3101K(3264K)
[447.464s][info][gc             ] GC(155) Pause Young (Allocation Failure) 6713M->4496M(6862M) 103.826ms
[447.464s][info][gc,cpu         ] GC(155) User=0.57s Sys=0.04s Real=0.10s
.[448.815s][info][gc,start       ] GC(156) Pause Young (Allocation Failure)
[448.922s][info][gc,heap        ] GC(156) PSYoungGen: 2524885K(2576896K)->161552K(2583040K) Eden: 2369536K(2369536K)->0K(2385920K) From: 155349K(207360K)->161552K(197120K)
[448.922s][info][gc,heap        ] GC(156) ParOldGen: 4449539K(4449792K)->4553035K(4553216K)
[448.922s][info][gc,metaspace   ] GC(156) Metaspace: 28931K(29248K)->28931K(29248K) NonClass: 25830K(25984K)->25830K(25984K) Class: 3101K(3264K)->3101K(3264K)
[448.922s][info][gc             ] GC(156) Pause Young (Allocation Failure) 6810M->4604M(6969M) 106.782ms
[448.922s][info][gc,cpu         ] GC(156) User=0.57s Sys=0.06s Real=0.10s
..[450.322s][info][gc,start       ] GC(157) Pause Young (Allocation Failure)
[450.427s][info][gc,heap        ] GC(157) PSYoungGen: 2547472K(2583040K)->159136K(2586624K) Eden: 2385919K(2385920K)->0K(2385920K) From: 161552K(197120K)->159136K(200704K)
[450.427s][info][gc,heap        ] GC(157) ParOldGen: 4553035K(4553216K)->4654243K(4654592K)
[450.427s][info][gc,metaspace   ] GC(157) Metaspace: 28931K(29248K)->28931K(29248K) NonClass: 25830K(25984K)->25830K(25984K) Class: 3101K(3264K)->3101K(3264K)
[450.427s][info][gc             ] GC(157) Pause Young (Allocation Failure) 6934M->4700M(7071M) 104.955ms
[450.427s][info][gc,cpu         ] GC(157) User=0.59s Sys=0.03s Real=0.11s
.[451.803s][info][gc,start       ] GC(158) Pause Young (Allocation Failure)
[451.914s][info][gc,heap        ] GC(158) PSYoungGen: 2545056K(2586624K)->162949K(2592768K) Eden: 2385920K(2385920K)->0K(2397696K) From: 159136K(200704K)->162949K(195072K)
[451.914s][info][gc,heap        ] GC(158) ParOldGen: 4654243K(4654592K)->4762931K(4763136K)
[451.914s][info][gc,metaspace   ] GC(158) Metaspace: 28931K(29248K)->28931K(29248K) NonClass: 25830K(25984K)->25830K(25984K) Class: 3101K(3264K)->3101K(3264K)
[451.914s][info][gc             ] GC(158) Pause Young (Allocation Failure) 7030M->4810M(7183M) 111.057ms
[451.914s][info][gc,cpu         ] GC(158) User=0.61s Sys=0.04s Real=0.11s
. (rIR:aIR:PR = 11668:11234:11128) (tPR = 164980) [OK] 
   452s:       trying IR =  11692 [453.397s][info][gc,start       ] GC(159) Pause Young (Allocation Failure)
[453.504s][info][gc,heap        ] GC(159) PSYoungGen: 2560645K(2592768K)->160836K(2594304K) Eden: 2397696K(2397696K)->0K(2397696K) From: 162949K(195072K)->160836K(196608K)
[453.504s][info][gc,heap        ] GC(159) ParOldGen: 4762931K(4763136K)->4865003K(4865024K)
[453.504s][info][gc,metaspace   ] GC(159) Metaspace: 28931K(29248K)->28931K(29248K) NonClass: 25830K(25984K)->25830K(25984K) Class: 3101K(3264K)->3101K(3264K)
[453.504s][info][gc             ] GC(159) Pause Young (Allocation Failure) 7151M->4908M(7284M) 106.503ms
[453.504s][info][gc,cpu         ] GC(159) User=0.59s Sys=0.04s Real=0.10s
..[454.880s][info][gc,start       ] GC(160) Pause Young (Allocation Failure)
[454.990s][info][gc,heap        ] GC(160) PSYoungGen: 2558532K(2594304K)->169657K(2596864K) Eden: 2397696K(2397696K)->0K(2402816K) From: 160836K(196608K)->169657K(194048K)
[454.990s][info][gc,heap        ] GC(160) ParOldGen: 4865003K(4865024K)->4969795K(4969984K)
[454.990s][info][gc,metaspace   ] GC(160) Metaspace: 28931K(29248K)->28931K(29248K) NonClass: 25830K(25984K)->25830K(25984K) Class: 3101K(3264K)->3101K(3264K)
[454.990s][info][gc             ] GC(160) Pause Young (Allocation Failure) 7249M->5018M(7389M) 110.660ms
[454.990s][info][gc,cpu         ] GC(160) User=0.61s Sys=0.03s Real=0.11s
.[456.405s][info][gc,start       ] GC(161) Pause Young (Allocation Failure)
[456.509s][info][gc,heap        ] GC(161) PSYoungGen: 2572473K(2596864K)->158048K(2561024K) Eden: 2402816K(2402816K)->0K(2402816K) From: 169657K(194048K)->158048K(158208K)
[456.509s][info][gc,heap        ] GC(161) ParOldGen: 4969795K(4969984K)->5075803K(5075968K)
[456.509s][info][gc,metaspace   ] GC(161) Metaspace: 28931K(29248K)->28931K(29248K) NonClass: 25830K(25984K)->25830K(25984K) Class: 3101K(3264K)->3101K(3264K)
[456.509s][info][gc             ] GC(161) Pause Young (Allocation Failure) 7365M->5111M(7458M) 103.743ms
[456.509s][info][gc,cpu         ] GC(161) User=0.57s Sys=0.04s Real=0.10s
..[457.919s][info][gc,start       ] GC(162) Pause Young (Allocation Failure)
[458.034s][info][gc,heap        ] GC(162) PSYoungGen: 2560864K(2561024K)->173496K(2595328K) Eden: 2402816K(2402816K)->0K(2403840K) From: 158048K(158208K)->173496K(191488K)
[458.034s][info][gc,heap        ] GC(162) ParOldGen: 5075803K(5075968K)->5182371K(5182464K)
[458.034s][info][gc,metaspace   ] GC(162) Metaspace: 28931K(29248K)->28931K(29248K) NonClass: 25830K(25984K)->25830K(25984K) Class: 3101K(3264K)->3101K(3264K)
[458.034s][info][gc             ] GC(162) Pause Young (Allocation Failure) 7457M->5230M(7595M) 114.925ms
[458.034s][info][gc,cpu         ] GC(162) User=0.63s Sys=0.04s Real=0.11s
.[459.428s][info][gc,start       ] GC(163) Pause Young (Allocation Failure)
[459.536s][info][gc,heap        ] GC(163) PSYoungGen: 2577336K(2595328K)->171076K(2597888K) Eden: 2403840K(2403840K)->0K(2403840K) From: 173496K(191488K)->171076K(194048K)
[459.536s][info][gc,heap        ] GC(163) ParOldGen: 5182371K(5182464K)->5282699K(5282816K)
[459.536s][info][gc,metaspace   ] GC(163) Metaspace: 28931K(29248K)->28931K(29248K) NonClass: 25830K(25984K)->25830K(25984K) Class: 3101K(3264K)->3101K(3264K)
[459.536s][info][gc             ] GC(163) Pause Young (Allocation Failure) 7577M->5325M(7696M) 108.214ms
[459.536s][info][gc,cpu         ] GC(163) User=0.61s Sys=0.03s Real=0.11s
. (rIR:aIR:PR = 11692:11430:11443) (tPR = 165280) [OK] 
   459s:       trying IR =  11721 .[460.948s][info][gc,start       ] GC(164) Pause Young (Allocation Failure)
[461.056s][info][gc,heap        ] GC(164) PSYoungGen: 2574916K(2597888K)->168032K(2601472K) Eden: 2403840K(2403840K)->0K(2406400K) From: 171076K(194048K)->168032K(195072K)
[461.056s][info][gc,heap        ] GC(164) ParOldGen: 5282699K(5282816K)->5388347K(5388800K)
[461.056s][info][gc,metaspace   ] GC(164) Metaspace: 28931K(29248K)->28931K(29248K) NonClass: 25830K(25984K)->25830K(25984K) Class: 3101K(3264K)->3101K(3264K)
[461.056s][info][gc             ] GC(164) Pause Young (Allocation Failure) 7673M->5426M(7803M) 108.615ms
[461.056s][info][gc,cpu         ] GC(164) User=0.60s Sys=0.04s Real=0.11s
.[462.448s][info][gc,start       ] GC(165) Pause Young (Allocation Failure)
[462.558s][info][gc,heap        ] GC(165) PSYoungGen: 2574432K(2601472K)->163658K(2570240K) Eden: 2406400K(2406400K)->0K(2406400K) From: 168032K(195072K)->163658K(163840K)
[462.558s][info][gc,heap        ] GC(165) ParOldGen: 5388347K(5388800K)->5497491K(5497856K)
[462.558s][info][gc,metaspace   ] GC(165) Metaspace: 28931K(29248K)->28931K(29248K) NonClass: 25830K(25984K)->25830K(25984K) Class: 3101K(3264K)->3101K(3264K)
[462.558s][info][gc             ] GC(165) Pause Young (Allocation Failure) 7776M->5528M(7879M) 109.863ms
[462.558s][info][gc,cpu         ] GC(165) User=0.61s Sys=0.03s Real=0.11s
.[463.931s][info][gc,start       ] GC(166) Pause Full (Allocation Failure)
[463.931s][info][gc,phases,start] GC(166) Marking Phase
[464.292s][info][gc,phases      ] GC(166) Marking Phase 360.535ms
[464.292s][info][gc,phases,start] GC(166) Summary Phase
[464.292s][info][gc,phases      ] GC(166) Summary Phase 0.105ms
[464.292s][info][gc,phases,start] GC(166) Forward
[464.434s][info][gc,phases      ] GC(166) Forward 141.711ms
[464.434s][info][gc,phases,start] GC(166) Adjust Pointers
[464.667s][info][gc,phases      ] GC(166) Adjust Pointers 233.260ms
[464.667s][info][gc,phases,start] GC(166) Compaction Phase
[464.846s][info][gc,phases      ] GC(166) Compaction Phase 178.529ms
[464.849s][info][gc,phases,start] GC(166) Post Compact
[464.856s][info][gc,phases      ] GC(166) Post Compact 6.897ms
[464.969s][info][gc,heap        ] GC(166) PSYoungGen: 2570058K(2570240K)->0K(2598400K) Eden: 2406400K(2406400K)->0K(2406400K) From: 163658K(163840K)->0K(192000K)
[464.969s][info][gc,heap        ] GC(166) ParOldGen: 5497491K(5497856K)->1613152K(1810944K)
[464.969s][info][gc,metaspace   ] GC(166) Metaspace: 28931K(29248K)->28931K(29248K) NonClass: 25830K(25984K)->25830K(25984K) Class: 3101K(3264K)->3101K(3264K)
[464.969s][info][gc             ] GC(166) Pause Full (Allocation Failure) 7878M->1575M(4306M) 1038.040ms
[464.969s][info][gc,cpu         ] GC(166) User=4.78s Sys=0.12s Real=1.04s
..[466.304s][info][gc,start       ] GC(167) Pause Young (Allocation Failure)
[466.378s][info][gc,heap        ] GC(167) PSYoungGen: 2406400K(2598400K)->174558K(2598400K) Eden: 2406400K(2406400K)->0K(2406400K) From: 0K(192000K)->174558K(192000K)
[466.378s][info][gc,heap        ] GC(167) ParOldGen: 1613152K(1810944K)->1613152K(1810944K)
[466.378s][info][gc,metaspace   ] GC(167) Metaspace: 28931K(29248K)->28931K(29248K) NonClass: 25830K(25984K)->25830K(25984K) Class: 3101K(3264K)->3101K(3264K)
[466.378s][info][gc             ] GC(167) Pause Young (Allocation Failure) 3925M->1745M(4306M) 73.721ms
[466.378s][info][gc,cpu         ] GC(167) User=0.44s Sys=0.00s Real=0.08s
[467.740s][info][gc,start       ] GC(168) Pause Young (Allocation Failure)
[467.840s][info][gc,heap        ] GC(168) PSYoungGen: 2580958K(2598400K)->160864K(2600448K) Eden: 2406400K(2406400K)->0K(2410496K) From: 174558K(192000K)->160864K(189952K)
[467.840s][info][gc,heap        ] GC(168) ParOldGen: 1613152K(1810944K)->1724832K(1810944K)
[467.840s][info][gc,metaspace   ] GC(168) Metaspace: 28931K(29248K)->28931K(29248K) NonClass: 25830K(25984K)->25830K(25984K) Class: 3101K(3264K)->3101K(3264K)
[467.840s][info][gc             ] GC(168) Pause Young (Allocation Failure) 4095M->1841M(4308M) 100.353ms
[467.840s][info][gc,cpu         ] GC(168) User=0.59s Sys=0.00s Real=0.10s
..[469.163s][info][gc,start       ] GC(169) Pause Young (Allocation Failure)
[469.314s][info][gc,heap        ] GC(169) PSYoungGen: 2571360K(2600448K)->182936K(2593792K) Eden: 2410496K(2410496K)->0K(2410496K) From: 160864K(189952K)->182936K(183296K)
[469.314s][info][gc,heap        ] GC(169) ParOldGen: 1724832K(1810944K)->1826312K(1826816K)
[469.314s][info][gc,metaspace   ] GC(169) Metaspace: 28931K(29248K)->28931K(29248K) NonClass: 25830K(25984K)->25830K(25984K) Class: 3101K(3264K)->3101K(3264K)
[469.314s][info][gc             ] GC(169) Pause Young (Allocation Failure) 4195M->1962M(4317M) 150.983ms
[469.315s][info][gc,cpu         ] GC(169) User=0.63s Sys=0.01s Real=0.16s
.[470.692s][info][gc,start       ] GC(170) Pause Young (Allocation Failure)
[470.795s][info][gc,heap        ] GC(170) PSYoungGen: 2593432K(2593792K)->153134K(2601472K) Eden: 2410496K(2410496K)->0K(2405888K) From: 182936K(183296K)->153134K(195584K)
[470.795s][info][gc,heap        ] GC(170) ParOldGen: 1826312K(1826816K)->1934840K(1934848K)
[470.795s][info][gc,metaspace   ] GC(170) Metaspace: 28931K(29248K)->28931K(29248K) NonClass: 25830K(25984K)->25830K(25984K) Class: 3101K(3264K)->3101K(3264K)
[470.795s][info][gc             ] GC(170) Pause Young (Allocation Failure) 4316M->2039M(4430M) 102.906ms
[470.795s][info][gc,cpu         ] GC(170) User=0.57s Sys=0.03s Real=0.11s
.[471.995s][info][gc,start       ] GC(171) Pause Young (Allocation Failure)
[472.102s][info][gc,heap        ] GC(171) PSYoungGen: 2559022K(2601472K)->188256K(2594304K) Eden: 2405888K(2405888K)->0K(2405888K) From: 153134K(195584K)->188256K(188416K)
[472.102s][info][gc,heap        ] GC(171) ParOldGen: 1934840K(1934848K)->2029728K(2030080K)
[472.102s][info][gc,metaspace   ] GC(171) Metaspace: 28931K(29248K)->28931K(29248K) NonClass: 25830K(25984K)->25830K(25984K) Class: 3101K(3264K)->3101K(3264K)
[472.102s][info][gc             ] GC(171) Pause Young (Allocation Failure) 4388M->2166M(4516M) 107.903ms
[472.102s][info][gc,cpu         ] GC(171) User=0.61s Sys=0.03s Real=0.10s
.[473.490s][info][gc,start       ] GC(172) Pause Young (Allocation Failure)
[473.597s][info][gc,heap        ] GC(172) PSYoungGen: 2594144K(2594304K)->162976K(2598400K) Eden: 2405888K(2405888K)->0K(2397696K) From: 188256K(188416K)->162976K(200704K)
[473.597s][info][gc,heap        ] GC(172) ParOldGen: 2029728K(2030080K)->2153680K(2153984K)
[473.597s][info][gc,metaspace   ] GC(172) Metaspace: 28931K(29248K)->28931K(29248K) NonClass: 25830K(25984K)->25830K(25984K) Class: 3101K(3264K)->3101K(3264K)
[473.597s][info][gc             ] GC(172) Pause Young (Allocation Failure) 4515M->2262M(4641M) 106.944ms
[473.597s][info][gc,cpu         ] GC(172) User=0.60s Sys=0.04s Real=0.11s
.[474.989s][info][gc,start       ] GC(173) Pause Young (Allocation Failure)
[475.089s][info][gc,heap        ] GC(173) PSYoungGen: 2560672K(2598400K)->150240K(2548224K) Eden: 2397696K(2397696K)->0K(2397696K) From: 162976K(200704K)->150240K(150528K)
[475.089s][info][gc,heap        ] GC(173) ParOldGen: 2153680K(2153984K)->2265040K(2265088K)
[475.089s][info][gc,metaspace   ] GC(173) Metaspace: 28931K(29248K)->28931K(29248K) NonClass: 25830K(25984K)->25830K(25984K) Class: 3101K(3264K)->3101K(3264K)
[475.089s][info][gc             ] GC(173) Pause Young (Allocation Failure) 4603M->2358M(4700M) 100.108ms
[475.089s][info][gc,cpu         ] GC(173) User=0.54s Sys=0.04s Real=0.10s
.[476.487s][info][gc,start       ] GC(174) Pause Young (Allocation Failure)
[476.591s][info][gc,heap        ] GC(174) PSYoungGen: 2547936K(2548224K)->170752K(2595328K) Eden: 2397696K(2397696K)->0K(2398208K) From: 150240K(150528K)->170752K(197120K)
[476.591s][info][gc,heap        ] GC(174) ParOldGen: 2265040K(2265088K)->2364768K(2364928K)
[476.591s][info][gc,metaspace   ] GC(174) Metaspace: 28931K(29248K)->28931K(29248K) NonClass: 25830K(25984K)->25830K(25984K) Class: 3101K(3264K)->3101K(3264K)
[476.591s][info][gc             ] GC(174) Pause Young (Allocation Failure) 4700M->2476M(4844M) 103.634ms
[476.591s][info][gc,cpu         ] GC(174) User=0.59s Sys=0.02s Real=0.10s
.[477.889s][info][gc,start       ] GC(175) Pause Young (Allocation Failure)
[477.991s][info][gc,heap        ] GC(175) PSYoungGen: 2568960K(2595328K)->167296K(2594816K) Eden: 2398208K(2398208K)->0K(2398208K) From: 170752K(197120K)->167296K(196608K)
[477.991s][info][gc,heap        ] GC(175) ParOldGen: 2364768K(2364928K)->2465664K(2465792K)
[477.991s][info][gc,metaspace   ] GC(175) Metaspace: 28931K(29248K)->28931K(29248K) NonClass: 25830K(25984K)->25830K(25984K) Class: 3101K(3264K)->3101K(3264K)
[477.991s][info][gc             ] GC(175) Pause Young (Allocation Failure) 4818M->2571M(4942M) 101.894ms
[477.991s][info][gc,cpu         ] GC(175) User=0.56s Sys=0.04s Real=0.10s
.[479.390s][info][gc,start       ] GC(176) Pause Young (Allocation Failure)
[479.498s][info][gc,heap        ] GC(176) PSYoungGen: 2565504K(2594816K)->173657K(2595840K) Eden: 2398208K(2398208K)->0K(2401792K) From: 167296K(196608K)->173657K(194048K)
[479.498s][info][gc,heap        ] GC(176) ParOldGen: 2465664K(2465792K)->2574712K(2574848K)
[479.498s][info][gc,metaspace   ] GC(176) Metaspace: 28931K(29248K)->28931K(29248K) NonClass: 25830K(25984K)->25830K(25984K) Class: 3101K(3264K)->3101K(3264K)
[479.498s][info][gc             ] GC(176) Pause Young (Allocation Failure) 4913M->2683M(5049M) 108.533ms
[479.498s][info][gc,cpu         ] GC(176) User=0.60s Sys=0.03s Real=0.11s
.[480.820s][info][gc,start       ] GC(177) Pause Young (Allocation Failure)
[480.923s][info][gc,heap        ] GC(177) PSYoungGen: 2575449K(2595840K)->165380K(2596352K) Eden: 2401792K(2401792K)->0K(2401792K) From: 173657K(194048K)->165380K(194560K)
[480.923s][info][gc,heap        ] GC(177) ParOldGen: 2574712K(2574848K)->2680656K(2680832K)
[480.923s][info][gc,metaspace   ] GC(177) Metaspace: 28931K(29248K)->28931K(29248K) NonClass: 25830K(25984K)->25830K(25984K) Class: 3101K(3264K)->3101K(3264K)
[480.923s][info][gc             ] GC(177) Pause Young (Allocation Failure) 5029M->2779M(5153M) 102.952ms
[480.923s][info][gc,cpu         ] GC(177) User=0.57s Sys=0.04s Real=0.10s
..[482.306s][info][gc,start       ] GC(178) Pause Young (Allocation Failure)
[482.417s][info][gc,heap        ] GC(178) PSYoungGen: 2567172K(2596352K)->180324K(2595840K) Eden: 2401792K(2401792K)->0K(2404352K) From: 165380K(194560K)->180324K(191488K)
[482.417s][info][gc,heap        ] GC(178) ParOldGen: 2680656K(2680832K)->2787648K(2787840K)
[482.417s][info][gc,metaspace   ] GC(178) Metaspace: 28931K(29248K)->28931K(29248K) NonClass: 25830K(25984K)->25830K(25984K) Class: 3101K(3264K)->3101K(3264K)
[482.417s][info][gc             ] GC(178) Pause Young (Allocation Failure) 5124M->2898M(5257M) 111.285ms
[482.417s][info][gc,cpu         ] GC(178) User=0.63s Sys=0.03s Real=0.11s
.[483.702s][info][gc,start       ] GC(179) Pause Young (Allocation Failure)
[483.814s][info][gc,heap        ] GC(179) PSYoungGen: 2584676K(2595840K)->191892K(2596352K) Eden: 2404352K(2404352K)->0K(2404352K) From: 180324K(191488K)->191892K(192000K)
[483.814s][info][gc,heap        ] GC(179) ParOldGen: 2787648K(2787840K)->2890464K(2890752K)
[483.814s][info][gc,metaspace   ] GC(179) Metaspace: 28931K(29248K)->28931K(29248K) NonClass: 25830K(25984K)->25830K(25984K) Class: 3101K(3264K)->3101K(3264K)
[483.814s][info][gc             ] GC(179) Pause Young (Allocation Failure) 5246M->3010M(5358M) 112.011ms
[483.814s][info][gc,cpu         ] GC(179) User=0.63s Sys=0.04s Real=0.11s
. (rIR:aIR:PR = 11721:11252:11172) (tPR = 165859) [OK] 
   484s:       trying IR =  11755 [485.303s][info][gc,start       ] GC(180) Pause Young (Allocation Failure)
[485.409s][info][gc,heap        ] GC(180) PSYoungGen: 2596244K(2596352K)->155275K(2595328K) Eden: 2404352K(2404352K)->0K(2395648K) From: 191892K(192000K)->155275K(199680K)
[485.409s][info][gc,heap        ] GC(180) ParOldGen: 2890464K(2890752K)->3005456K(3005952K)
[485.409s][info][gc,metaspace   ] GC(180) Metaspace: 28934K(29248K)->28934K(29248K) NonClass: 25832K(25984K)->25832K(25984K) Class: 3101K(3264K)->3101K(3264K)
[485.409s][info][gc             ] GC(180) Pause Young (Allocation Failure) 5358M->3086M(5470M) 106.451ms
[485.409s][info][gc,cpu         ] GC(180) User=0.59s Sys=0.04s Real=0.11s
..[486.720s][info][gc,start       ] GC(181) Pause Young (Allocation Failure)
[486.818s][info][gc,heap        ] GC(181) PSYoungGen: 2550923K(2595328K)->162976K(2558976K) Eden: 2395648K(2395648K)->0K(2395648K) From: 155275K(199680K)->162976K(163328K)
[486.818s][info][gc,heap        ] GC(181) ParOldGen: 3005456K(3005952K)->3101504K(3101696K)
[486.818s][info][gc,metaspace   ] GC(181) Metaspace: 28934K(29248K)->28934K(29248K) NonClass: 25832K(25984K)->25832K(25984K) Class: 3101K(3264K)->3101K(3264K)
[486.818s][info][gc             ] GC(181) Pause Young (Allocation Failure) 5426M->3187M(5528M) 97.779ms
[486.818s][info][gc,cpu         ] GC(181) User=0.54s Sys=0.04s Real=0.10s
.[488.151s][info][gc,start       ] GC(182) Pause Young (Allocation Failure)
[488.306s][info][gc,heap        ] GC(182) PSYoungGen: 2558624K(2558976K)->176336K(2594304K) Eden: 2395648K(2395648K)->0K(2396160K) From: 162976K(163328K)->176336K(198144K)
[488.306s][info][gc,heap        ] GC(182) ParOldGen: 3101504K(3101696K)->3211296K(3211776K)
[488.306s][info][gc,metaspace   ] GC(182) Metaspace: 28934K(29248K)->28934K(29248K) NonClass: 25832K(25984K)->25832K(25984K) Class: 3101K(3264K)->3101K(3264K)
[488.306s][info][gc             ] GC(182) Pause Young (Allocation Failure) 5527M->3308M(5670M) 155.110ms
[488.307s][info][gc,cpu         ] GC(182) User=0.61s Sys=0.04s Real=0.16s
.[489.658s][info][gc,start       ] GC(183) Pause Young (Allocation Failure)
[489.764s][info][gc,heap        ] GC(183) PSYoungGen: 2572496K(2594304K)->166016K(2594304K) Eden: 2396160K(2396160K)->0K(2396160K) From: 176336K(198144K)->166016K(198144K)
[489.764s][info][gc,heap        ] GC(183) ParOldGen: 3211296K(3211776K)->3318376K(3318784K)
[489.764s][info][gc,metaspace   ] GC(183) Metaspace: 28935K(29248K)->28935K(29248K) NonClass: 25834K(25984K)->25834K(25984K) Class: 3101K(3264K)->3101K(3264K)
[489.764s][info][gc             ] GC(183) Pause Young (Allocation Failure) 5648M->3402M(5774M) 106.742ms
[489.764s][info][gc,cpu         ] GC(183) User=0.60s Sys=0.04s Real=0.10s
..[491.145s][info][gc,start       ] GC(184) Pause Young (Allocation Failure)
[491.298s][info][gc,heap        ] GC(184) PSYoungGen: 2562176K(2594304K)->170048K(2595840K) Eden: 2396160K(2396160K)->0K(2401792K) From: 166016K(198144K)->170048K(194048K)
[491.298s][info][gc,heap        ] GC(184) ParOldGen: 3318376K(3318784K)->3423200K(3423232K)
[491.298s][info][gc,metaspace   ] GC(184) Metaspace: 28935K(29248K)->28935K(29248K) NonClass: 25834K(25984K)->25834K(25984K) Class: 3101K(3264K)->3101K(3264K)
[491.298s][info][gc             ] GC(184) Pause Young (Allocation Failure) 5742M->3509M(5878M) 153.212ms
[491.298s][info][gc,cpu         ] GC(184) User=0.60s Sys=0.03s Real=0.15s
. (rIR:aIR:PR = 11755:11508:12043) (tPR = 176119) [OK] 
   491s:       trying IR =  11797 [492.692s][info][gc,start       ] GC(185) Pause Young (Allocation Failure)
[492.794s][info][gc,heap        ] GC(185) PSYoungGen: 2571840K(2595840K)->154240K(2595328K) Eden: 2401792K(2401792K)->0K(2401792K) From: 170048K(194048K)->154240K(193536K)
[492.794s][info][gc,heap        ] GC(185) ParOldGen: 3423200K(3423232K)->3527392K(3527680K)
[492.794s][info][gc,metaspace   ] GC(185) Metaspace: 28935K(29248K)->28935K(29248K) NonClass: 25834K(25984K)->25834K(25984K) Class: 3101K(3264K)->3101K(3264K)
[492.794s][info][gc             ] GC(185) Pause Young (Allocation Failure) 5854M->3595M(5979M) 101.491ms
[492.794s][info][gc,cpu         ] GC(185) User=0.56s Sys=0.03s Real=0.10s
.[494.145s][info][gc,start       ] GC(186) Pause Young (Allocation Failure)
[494.291s][info][gc,heap        ] GC(186) PSYoungGen: 2556032K(2595328K)->150208K(2601472K) Eden: 2401792K(2401792K)->0K(2407936K) From: 154240K(193536K)->150208K(193536K)
[494.291s][info][gc,heap        ] GC(186) ParOldGen: 3527392K(3527680K)->3631408K(3631616K)
[494.291s][info][gc,metaspace   ] GC(186) Metaspace: 28935K(29248K)->28935K(29248K) NonClass: 25834K(25984K)->25834K(25984K) Class: 3101K(3264K)->3101K(3264K)
[494.291s][info][gc             ] GC(186) Pause Young (Allocation Failure) 5940M->3692M(6087M) 146.084ms
[494.291s][info][gc,cpu         ] GC(186) User=0.55s Sys=0.03s Real=0.14s
..[495.667s][info][gc,start       ] GC(187) Pause Young (Allocation Failure)
[495.769s][info][gc,heap        ] GC(187) PSYoungGen: 2558144K(2601472K)->160213K(2568192K) Eden: 2407936K(2407936K)->0K(2407936K) From: 150208K(193536K)->160213K(160256K)
[495.769s][info][gc,heap        ] GC(187) ParOldGen: 3631408K(3631616K)->3736432K(3736576K)
[495.769s][info][gc,metaspace   ] GC(187) Metaspace: 28938K(29248K)->28938K(29248K) NonClass: 25836K(25984K)->25836K(25984K) Class: 3101K(3264K)->3101K(3264K)
[495.769s][info][gc             ] GC(187) Pause Young (Allocation Failure) 6044M->3805M(6157M) 101.750ms
[495.769s][info][gc,cpu         ] GC(187) User=0.59s Sys=0.02s Real=0.10s
.[497.164s][info][gc,start       ] GC(188) Pause Young (Allocation Failure)
[497.323s][info][gc,heap        ] GC(188) PSYoungGen: 2568149K(2568192K)->177792K(2598400K) Eden: 2407936K(2407936K)->0K(2406400K) From: 160213K(160256K)->177792K(192000K)
[497.323s][info][gc,heap        ] GC(188) ParOldGen: 3736432K(3736576K)->3840760K(3841024K)
[497.323s][info][gc,metaspace   ] GC(188) Metaspace: 28938K(29248K)->28938K(29248K) NonClass: 25836K(25984K)->25836K(25984K) Class: 3101K(3264K)->3101K(3264K)
[497.323s][info][gc             ] GC(188) Pause Young (Allocation Failure) 6156M->3924M(6288M) 158.984ms
[497.323s][info][gc,cpu         ] GC(188) User=0.64s Sys=0.02s Real=0.16s
. (rIR:aIR:PR = 11797:11495:11489) (tPR = 168638) [OK] 
   497s:       trying IR =  11847 .[498.730s][info][gc,start       ] GC(189) Pause Young (Allocation Failure)
[498.834s][info][gc,heap        ] GC(189) PSYoungGen: 2584192K(2598400K)->167748K(2600448K) Eden: 2406400K(2406400K)->0K(2406400K) From: 177792K(192000K)->167748K(194048K)
[498.834s][info][gc,heap        ] GC(189) ParOldGen: 3840760K(3841024K)->3945904K(3945984K)
[498.834s][info][gc,metaspace   ] GC(189) Metaspace: 28938K(29248K)->28938K(29248K) NonClass: 25836K(25984K)->25836K(25984K) Class: 3101K(3264K)->3101K(3264K)
[498.834s][info][gc             ] GC(189) Pause Young (Allocation Failure) 6274M->4017M(6393M) 104.955ms
[498.835s][info][gc,cpu         ] GC(189) User=0.58s Sys=0.04s Real=0.11s
.[500.230s][info][gc,start       ] GC(190) Pause Young (Allocation Failure)
[500.335s][info][gc,heap        ] GC(190) PSYoungGen: 2574148K(2600448K)->163316K(2597888K) Eden: 2406400K(2406400K)->0K(2409984K) From: 167748K(194048K)->163316K(187904K)
[500.335s][info][gc,heap        ] GC(190) ParOldGen: 3945904K(3945984K)->4053792K(4054016K)
[500.335s][info][gc,metaspace   ] GC(190) Metaspace: 28938K(29248K)->28938K(29248K) NonClass: 25836K(25984K)->25836K(25984K) Class: 3101K(3264K)->3101K(3264K)
[500.335s][info][gc             ] GC(190) Pause Young (Allocation Failure) 6367M->4118M(6496M) 105.376ms
[500.335s][info][gc,cpu         ] GC(190) User=0.57s Sys=0.05s Real=0.11s
.[501.693s][info][gc,start       ] GC(191) Pause Young (Allocation Failure)
[501.801s][info][gc,heap        ] GC(191) PSYoungGen: 2573300K(2597888K)->171104K(2599936K) Eden: 2409984K(2409984K)->0K(2409984K) From: 163316K(187904K)->171104K(189952K)
[501.801s][info][gc,heap        ] GC(191) ParOldGen: 4053792K(4054016K)->4159840K(4160000K)
[501.801s][info][gc,metaspace   ] GC(191) Metaspace: 28938K(29248K)->28938K(29248K) NonClass: 25836K(25984K)->25836K(25984K) Class: 3101K(3264K)->3101K(3264K)
[501.801s][info][gc             ] GC(191) Pause Young (Allocation Failure) 6471M->4229M(6601M) 108.417ms
[501.801s][info][gc,cpu         ] GC(191) User=0.61s Sys=0.03s Real=0.11s
..[503.167s][info][gc,start       ] GC(192) Pause Young (Allocation Failure)
[503.320s][info][gc,heap        ] GC(192) PSYoungGen: 2581088K(2599936K)->154208K(2604544K) Eden: 2409984K(2409984K)->0K(2416640K) From: 171104K(189952K)->154208K(187904K)
[503.320s][info][gc,heap        ] GC(192) ParOldGen: 4159840K(4160000K)->4269816K(4270080K)
[503.320s][info][gc,metaspace   ] GC(192) Metaspace: 28938K(29248K)->28938K(29248K) NonClass: 25836K(25984K)->25836K(25984K) Class: 3101K(3264K)->3101K(3264K)
[503.320s][info][gc             ] GC(192) Pause Young (Allocation Failure) 6582M->4320M(6713M) 152.464ms
[503.320s][info][gc,cpu         ] GC(192) User=0.58s Sys=0.04s Real=0.15s
.[504.689s][info][gc,start       ] GC(193) Pause Young (Allocation Failure)
[504.789s][info][gc,heap        ] GC(193) PSYoungGen: 2570848K(2604544K)->157376K(2605568K) Eden: 2416640K(2416640K)->0K(2416640K) From: 154208K(187904K)->157376K(188928K)
[504.789s][info][gc,heap        ] GC(193) ParOldGen: 4269816K(4270080K)->4373336K(4373504K)
[504.789s][info][gc,metaspace   ] GC(193) Metaspace: 28938K(29248K)->28938K(29248K) NonClass: 25836K(25984K)->25836K(25984K) Class: 3101K(3264K)->3101K(3264K)
[504.789s][info][gc             ] GC(193) Pause Young (Allocation Failure) 6680M->4424M(6815M) 99.546ms
[504.789s][info][gc,cpu         ] GC(193) User=0.57s Sys=0.03s Real=0.10s
. (rIR:aIR:PR = 11847:11360:11338) (tPR = 168195) [OK] 
   504s:       trying IR =  11906 .[506.275s][info][gc,start       ] GC(194) Pause Young (Allocation Failure)
[506.381s][info][gc,heap        ] GC(194) PSYoungGen: 2574016K(2605568K)->157799K(2603520K) Eden: 2416640K(2416640K)->0K(2418688K) From: 157376K(188928K)->157799K(184832K)
[506.381s][info][gc,heap        ] GC(194) ParOldGen: 4373336K(4373504K)->4480112K(4480512K)
[506.381s][info][gc,metaspace   ] GC(194) Metaspace: 28938K(29248K)->28938K(29248K) NonClass: 25836K(25984K)->25836K(25984K) Class: 3101K(3264K)->3101K(3264K)
[506.381s][info][gc             ] GC(194) Pause Young (Allocation Failure) 6784M->4529M(6918M) 106.318ms
[506.381s][info][gc,cpu         ] GC(194) User=0.58s Sys=0.04s Real=0.10s
.[507.779s][info][gc,start       ] GC(195) Pause Young (Allocation Failure)
[507.882s][info][gc,heap        ] GC(195) PSYoungGen: 2576487K(2603520K)->164384K(2605568K) Eden: 2418688K(2418688K)->0K(2418688K) From: 157799K(184832K)->164384K(186880K)
[507.882s][info][gc,heap        ] GC(195) ParOldGen: 4480112K(4480512K)->4582976K(4583424K)
[507.882s][info][gc,metaspace   ] GC(195) Metaspace: 28938K(29248K)->28938K(29248K) NonClass: 25836K(25984K)->25836K(25984K) Class: 3101K(3264K)->3101K(3264K)
[507.882s][info][gc             ] GC(195) Pause Young (Allocation Failure) 6891M->4636M(7020M) 102.361ms
[507.882s][info][gc,cpu         ] GC(195) User=0.58s Sys=0.03s Real=0.10s
..[509.320s][info][gc,start       ] GC(196) Pause Young (Allocation Failure)
[509.430s][info][gc,heap        ] GC(196) PSYoungGen: 2583072K(2605568K)->169120K(2609152K) Eden: 2418688K(2418688K)->0K(2424320K) From: 164384K(186880K)->169120K(184832K)
[509.430s][info][gc,heap        ] GC(196) ParOldGen: 4582976K(4583424K)->4686672K(4686848K)
[509.430s][info][gc,metaspace   ] GC(196) Metaspace: 28938K(29248K)->28938K(29248K) NonClass: 25836K(25984K)->25836K(25984K) Class: 3101K(3264K)->3101K(3264K)
[509.430s][info][gc             ] GC(196) Pause Young (Allocation Failure) 6998M->4741M(7125M) 109.442ms
[509.430s][info][gc,cpu         ] GC(196) User=0.61s Sys=0.03s Real=0.11s
.[510.802s][info][gc,start       ] GC(197) Pause Young (Allocation Failure)
[510.906s][info][gc,heap        ] GC(197) PSYoungGen: 2593440K(2609152K)->164944K(2609152K) Eden: 2424320K(2424320K)->0K(2424320K) From: 169120K(184832K)->164944K(184832K)
[510.906s][info][gc,heap        ] GC(197) ParOldGen: 4686672K(4686848K)->4790408K(4790784K)
[510.906s][info][gc,metaspace   ] GC(197) Metaspace: 28938K(29248K)->28938K(29248K) NonClass: 25836K(25984K)->25836K(25984K) Class: 3101K(3264K)->3101K(3264K)
[510.906s][info][gc             ] GC(197) Pause Young (Allocation Failure) 7109M->4839M(7226M) 104.495ms
[510.906s][info][gc,cpu         ] GC(197) User=0.59s Sys=0.03s Real=0.11s
.[512.311s][info][gc,start       ] GC(198) Pause Young (Allocation Failure)
[512.415s][info][gc,heap        ] GC(198) PSYoungGen: 2589264K(2609152K)->158208K(2609664K) Eden: 2424320K(2424320K)->0K(2426880K) From: 164944K(184832K)->158208K(182784K)
[512.415s][info][gc,heap        ] GC(198) ParOldGen: 4790408K(4790784K)->4897800K(4898304K)
[512.415s][info][gc,metaspace   ] GC(198) Metaspace: 28938K(29248K)->28938K(29248K) NonClass: 25836K(25984K)->25836K(25984K) Class: 3101K(3264K)->3101K(3264K)
[512.415s][info][gc             ] GC(198) Pause Young (Allocation Failure) 7206M->4937M(7332M) 104.051ms
[512.415s][info][gc,cpu         ] GC(198) User=0.58s Sys=0.03s Real=0.11s
..[513.794s][info][gc,start       ] GC(199) Pause Young (Allocation Failure)
[513.898s][info][gc,heap        ] GC(199) PSYoungGen: 2585088K(2609664K)->157440K(2609152K) Eden: 2426880K(2426880K)->0K(2426880K) From: 158208K(182784K)->157440K(182272K)
[513.898s][info][gc,heap        ] GC(199) ParOldGen: 4897800K(4898304K)->5002824K(5003264K)
[513.898s][info][gc,metaspace   ] GC(199) Metaspace: 28938K(29248K)->28938K(29248K) NonClass: 25836K(25984K)->25836K(25984K) Class: 3101K(3264K)->3101K(3264K)
[513.898s][info][gc             ] GC(199) Pause Young (Allocation Failure) 7307M->5039M(7434M) 103.747ms
[513.898s][info][gc,cpu         ] GC(199) User=0.58s Sys=0.03s Real=0.11s
.[515.356s][info][gc,start       ] GC(200) Pause Young (Allocation Failure)
[515.465s][info][gc,heap        ] GC(200) PSYoungGen: 2584320K(2609152K)->160933K(2612736K) Eden: 2426880K(2426880K)->0K(2432000K) From: 157440K(182272K)->160933K(180736K)
[515.465s][info][gc,heap        ] GC(200) ParOldGen: 5002824K(5003264K)->5111152K(5111296K)
[515.465s][info][gc,metaspace   ] GC(200) Metaspace: 28938K(29248K)->28938K(29248K) NonClass: 25836K(25984K)->25836K(25984K) Class: 3101K(3264K)->3101K(3264K)
[515.465s][info][gc             ] GC(200) Pause Young (Allocation Failure) 7409M->5148M(7543M) 109.077ms
[515.465s][info][gc,cpu         ] GC(200) User=0.60s Sys=0.04s Real=0.11s
. (rIR:aIR:PR = 11906:11430:11380) (tPR = 173561) [OK] 
   515s:       trying IR =  11978 [516.800s][info][gc,start       ] GC(201) Pause Young (Allocation Failure)
[516.905s][info][gc,heap        ] GC(201) PSYoungGen: 2592933K(2612736K)->169664K(2612224K) Eden: 2432000K(2432000K)->0K(2432000K) From: 160933K(180736K)->169664K(180224K)
[516.905s][info][gc,heap        ] GC(201) ParOldGen: 5111152K(5111296K)->5210520K(5210624K)
[516.905s][info][gc,metaspace   ] GC(201) Metaspace: 28938K(29248K)->28938K(29248K) NonClass: 25836K(25984K)->25836K(25984K) Class: 3101K(3264K)->3101K(3264K)
[516.905s][info][gc             ] GC(201) Pause Young (Allocation Failure) 7523M->5254M(7639M) 104.850ms
[516.905s][info][gc,cpu         ] GC(201) User=0.60s Sys=0.02s Real=0.11s
..[518.303s][info][gc,start       ] GC(202) Pause Young (Allocation Failure)
[518.408s][info][gc,heap        ] GC(202) PSYoungGen: 2601664K(2612224K)->160709K(2614272K) Eden: 2432000K(2432000K)->0K(2435072K) From: 169664K(180224K)->160709K(179200K)
[518.408s][info][gc,heap        ] GC(202) ParOldGen: 5210520K(5210624K)->5319384K(5319680K)
[518.408s][info][gc,metaspace   ] GC(202) Metaspace: 28942K(29248K)->28942K(29248K) NonClass: 25841K(25984K)->25841K(25984K) Class: 3101K(3264K)->3101K(3264K)
[518.408s][info][gc             ] GC(202) Pause Young (Allocation Failure) 7629M->5351M(7748M) 104.728ms
[518.408s][info][gc,cpu         ] GC(202) User=0.59s Sys=0.03s Real=0.11s
.[519.767s][info][gc,start       ] GC(203) Pause Young (Allocation Failure)
[519.882s][info][gc,heap        ] GC(203) PSYoungGen: 2595781K(2614272K)->174903K(2610176K) Eden: 2435072K(2435072K)->0K(2435072K) From: 160709K(179200K)->174903K(175104K)
[519.882s][info][gc,heap        ] GC(203) ParOldGen: 5319384K(5319680K)->5427608K(5427712K)
[519.882s][info][gc,metaspace   ] GC(203) Metaspace: 28942K(29248K)->28942K(29248K) NonClass: 25841K(25984K)->25841K(25984K) Class: 3101K(3264K)->3101K(3264K)
[519.883s][info][gc             ] GC(203) Pause Young (Allocation Failure) 7729M->5471M(7849M) 115.840ms
[519.883s][info][gc,cpu         ] GC(203) User=0.64s Sys=0.04s Real=0.11s
. (rIR:aIR:PR = 11978:11774:11840) (tPR = 173653) [OK] 
   519s:       trying IR =  12064 [521.294s][info][gc,start       ] GC(204) Pause Young (Allocation Failure)
[521.401s][info][gc,heap        ] GC(204) PSYoungGen: 2609975K(2610176K)->163648K(2615296K) Eden: 2435072K(2435072K)->0K(2433024K) From: 174903K(175104K)->163648K(182272K)
[521.401s][info][gc,heap        ] GC(204) ParOldGen: 5427608K(5427712K)->5533600K(5533696K)
[521.401s][info][gc,metaspace   ] GC(204) Metaspace: 28942K(29248K)->28942K(29248K) NonClass: 25841K(25984K)->25841K(25984K) Class: 3101K(3264K)->3101K(3264K)
[521.401s][info][gc             ] GC(204) Pause Young (Allocation Failure) 7849M->5563M(7958M) 107.280ms
[521.401s][info][gc,cpu         ] GC(204) User=0.61s Sys=0.02s Real=0.11s
..[522.814s][info][gc,start       ] GC(205) Pause Full (Allocation Failure)
[522.814s][info][gc,phases,start] GC(205) Marking Phase
[523.129s][info][gc,phases      ] GC(205) Marking Phase 315.458ms
[523.129s][info][gc,phases,start] GC(205) Summary Phase
[523.129s][info][gc,phases      ] GC(205) Summary Phase 0.110ms
[523.129s][info][gc,phases,start] GC(205) Forward
[523.339s][info][gc,phases      ] GC(205) Forward 209.802ms
[523.339s][info][gc,phases,start] GC(205) Adjust Pointers
[523.576s][info][gc,phases      ] GC(205) Adjust Pointers 236.579ms
[523.576s][info][gc,phases,start] GC(205) Compaction Phase
[523.756s][info][gc,phases      ] GC(205) Compaction Phase 180.306ms
[523.759s][info][gc,phases,start] GC(205) Post Compact
[523.766s][info][gc,phases      ] GC(205) Post Compact 6.905ms
[523.881s][info][gc,heap        ] GC(205) PSYoungGen: 2596672K(2615296K)->0K(2613760K) Eden: 2433024K(2433024K)->0K(2433024K) From: 163648K(182272K)->0K(180736K)
[523.881s][info][gc,heap        ] GC(205) ParOldGen: 5533600K(5533696K)->1618277K(1811968K)
[523.881s][info][gc,metaspace   ] GC(205) Metaspace: 28942K(29248K)->28942K(29248K) NonClass: 25841K(25984K)->25841K(25984K) Class: 3101K(3264K)->3101K(3264K)
[523.881s][info][gc             ] GC(205) Pause Full (Allocation Failure) 7939M->1580M(4322M) 1066.736ms
[523.881s][info][gc,cpu         ] GC(205) User=4.86s Sys=0.12s Real=1.07s
..[525.284s][info][gc,start       ] GC(206) Pause Young (Allocation Failure)
[525.351s][info][gc,heap        ] GC(206) PSYoungGen: 2433024K(2613760K)->157760K(2614272K) Eden: 2433024K(2433024K)->0K(2433536K) From: 0K(180736K)->157760K(180736K)
[525.351s][info][gc,heap        ] GC(206) ParOldGen: 1618277K(1811968K)->1618277K(1811968K)
[525.351s][info][gc,metaspace   ] GC(206) Metaspace: 28942K(29248K)->28942K(29248K) NonClass: 25841K(25984K)->25841K(25984K) Class: 3101K(3264K)->3101K(3264K)
[525.351s][info][gc             ] GC(206) Pause Young (Allocation Failure) 3956M->1734M(4322M) 66.563ms
[525.351s][info][gc,cpu         ] GC(206) User=0.39s Sys=0.00s Real=0.07s
.[526.699s][info][gc,start       ] GC(207) Pause Young (Allocation Failure)
[526.809s][info][gc,heap        ] GC(207) PSYoungGen: 2591296K(2614272K)->180192K(2613760K) Eden: 2433536K(2433536K)->0K(2433536K) From: 157760K(180736K)->180192K(180224K)
[526.809s][info][gc,heap        ] GC(207) ParOldGen: 1618277K(1811968K)->1740197K(1811968K)
[526.809s][info][gc,metaspace   ] GC(207) Metaspace: 28942K(29248K)->28942K(29248K) NonClass: 25841K(25984K)->25841K(25984K) Class: 3101K(3264K)->3101K(3264K)
[526.809s][info][gc             ] GC(207) Pause Young (Allocation Failure) 4110M->1875M(4322M) 109.723ms
[526.809s][info][gc,cpu         ] GC(207) User=0.66s Sys=0.00s Real=0.11s
.[528.261s][info][gc,start       ] GC(208) Pause Young (Allocation Failure)
[528.360s][info][gc,heap        ] GC(208) PSYoungGen: 2613728K(2613760K)->157408K(2522624K) Eden: 2433536K(2433536K)->0K(2340352K) From: 180192K(180224K)->157408K(182272K)
[528.360s][info][gc,heap        ] GC(208) ParOldGen: 1740197K(1811968K)->1852093K(1852416K)
[528.360s][info][gc,metaspace   ] GC(208) Metaspace: 28942K(29248K)->28942K(29248K) NonClass: 25841K(25984K)->25841K(25984K) Class: 3101K(3264K)->3101K(3264K)
[528.360s][info][gc             ] GC(208) Pause Young (Allocation Failure) 4251M->1962M(4272M) 98.757ms
[528.360s][info][gc,cpu         ] GC(208) User=0.57s Sys=0.02s Real=0.10s
.[529.687s][info][gc,start       ] GC(209) Pause Young (Allocation Failure)
[529.788s][info][gc,heap        ] GC(209) PSYoungGen: 2497760K(2522624K)->163029K(2568192K) Eden: 2340352K(2340352K)->0K(2340352K) From: 157408K(182272K)->163029K(227840K)
[529.788s][info][gc,heap        ] GC(209) ParOldGen: 1852093K(1852416K)->1955109K(1955328K)
[529.788s][info][gc,metaspace   ] GC(209) Metaspace: 28942K(29248K)->28942K(29248K) NonClass: 25841K(25984K)->25841K(25984K) Class: 3101K(3264K)->3101K(3264K)
[529.788s][info][gc             ] GC(209) Pause Young (Allocation Failure) 4247M->2068M(4417M) 100.273ms
[529.788s][info][gc,cpu         ] GC(209) User=0.56s Sys=0.03s Real=0.10s
.[531.158s][info][gc,start       ] GC(210) Pause Young (Allocation Failure)
[531.303s][info][gc,heap        ] GC(210) PSYoungGen: 2503381K(2568192K)->152544K(2563072K) Eden: 2340352K(2340352K)->0K(2343424K) From: 163029K(227840K)->152544K(219648K)
[531.303s][info][gc,heap        ] GC(210) ParOldGen: 1955109K(1955328K)->2061797K(2061824K)
[531.303s][info][gc,metaspace   ] GC(210) Metaspace: 28943K(29248K)->28943K(29248K) NonClass: 25842K(25984K)->25842K(25984K) Class: 3101K(3264K)->3101K(3264K)
[531.303s][info][gc             ] GC(210) Pause Young (Allocation Failure) 4353M->2162M(4516M) 144.784ms
[531.303s][info][gc,cpu         ] GC(210) User=0.54s Sys=0.03s Real=0.14s
.[532.526s][info][gc,start       ] GC(211) Pause Young (Allocation Failure)
[532.642s][info][gc,heap        ] GC(211) PSYoungGen: 2495968K(2563072K)->204768K(2548224K) Eden: 2343424K(2343424K)->0K(2343424K) From: 152544K(219648K)->204768K(204800K)
[532.642s][info][gc,heap        ] GC(211) ParOldGen: 2061797K(2061824K)->2167349K(2167808K)
[532.642s][info][gc,metaspace   ] GC(211) Metaspace: 28943K(29248K)->28943K(29248K) NonClass: 25842K(25984K)->25842K(25984K) Class: 3101K(3264K)->3101K(3264K)
[532.642s][info][gc             ] GC(211) Pause Young (Allocation Failure) 4450M->2316M(4605M) 116.891ms
[532.642s][info][gc,cpu         ] GC(211) User=0.67s Sys=0.03s Real=0.11s
.[533.989s][info][gc,start       ] GC(212) Pause Young (Allocation Failure)
[534.095s][info][gc,heap        ] GC(212) PSYoungGen: 2548192K(2548224K)->156790K(2567680K) Eden: 2343424K(2343424K)->0K(2337280K) From: 204768K(204800K)->156790K(230400K)
[534.095s][info][gc,heap        ] GC(212) ParOldGen: 2167349K(2167808K)->2285085K(2285568K)
[534.095s][info][gc,metaspace   ] GC(212) Metaspace: 28943K(29248K)->28943K(29248K) NonClass: 25842K(25984K)->25842K(25984K) Class: 3101K(3264K)->3101K(3264K)
[534.095s][info][gc             ] GC(212) Pause Young (Allocation Failure) 4605M->2384M(4739M) 105.672ms
[534.095s][info][gc,cpu         ] GC(212) User=0.58s Sys=0.04s Real=0.11s
.[535.363s][info][gc,start       ] GC(213) Pause Young (Allocation Failure)
[535.469s][info][gc,heap        ] GC(213) PSYoungGen: 2494070K(2567680K)->180064K(2517504K) Eden: 2337280K(2337280K)->0K(2337280K) From: 156790K(230400K)->180064K(180224K)
[535.469s][info][gc,heap        ] GC(213) ParOldGen: 2285085K(2285568K)->2384901K(2385408K)
[535.469s][info][gc,metaspace   ] GC(213) Metaspace: 28943K(29248K)->28943K(29248K) NonClass: 25842K(25984K)->25842K(25984K) Class: 3101K(3264K)->3101K(3264K)
[535.469s][info][gc             ] GC(213) Pause Young (Allocation Failure) 4667M->2504M(4788M) 105.988ms
[535.469s][info][gc,cpu         ] GC(213) User=0.59s Sys=0.04s Real=0.11s
.[536.744s][info][gc,start       ] GC(214) Pause Young (Allocation Failure)
[536.854s][info][gc,heap        ] GC(214) PSYoungGen: 2517344K(2517504K)->178308K(2566144K) Eden: 2337280K(2337280K)->0K(2340864K) From: 180064K(180224K)->178308K(225280K)
[536.854s][info][gc,heap        ] GC(214) ParOldGen: 2384901K(2385408K)->2495589K(2496000K)
[536.854s][info][gc,metaspace   ] GC(214) Metaspace: 28943K(29248K)->28943K(29248K) NonClass: 25842K(25984K)->25842K(25984K) Class: 3101K(3264K)->3101K(3264K)
[536.854s][info][gc             ] GC(214) Pause Young (Allocation Failure) 4787M->2611M(4943M) 109.764ms
[536.854s][info][gc,cpu         ] GC(214) User=0.62s Sys=0.03s Real=0.11s
..[538.222s][info][gc,start       ] GC(215) Pause Young (Allocation Failure)
[538.325s][info][gc,heap        ] GC(215) PSYoungGen: 2519172K(2566144K)->162788K(2562560K) Eden: 2340864K(2340864K)->0K(2340864K) From: 178308K(225280K)->162788K(221696K)
[538.325s][info][gc,heap        ] GC(215) ParOldGen: 2495589K(2496000K)->2599381K(2599424K)
[538.325s][info][gc,metaspace   ] GC(215) Metaspace: 28943K(29248K)->28943K(29248K) NonClass: 25842K(25984K)->25842K(25984K) Class: 3101K(3264K)->3101K(3264K)
[538.325s][info][gc             ] GC(215) Pause Young (Allocation Failure) 4897M->2697M(5041M) 102.776ms
[538.325s][info][gc,cpu         ] GC(215) User=0.58s Sys=0.03s Real=0.11s
.[539.646s][info][gc,start       ] GC(216) Pause Young (Allocation Failure)
[539.744s][info][gc,heap        ] GC(216) PSYoungGen: 2503652K(2562560K)->156608K(2570240K) Eden: 2340864K(2340864K)->0K(2351104K) From: 162788K(221696K)->156608K(219136K)
[539.744s][info][gc,heap        ] GC(216) ParOldGen: 2599381K(2599424K)->2706693K(2706944K)
[539.744s][info][gc,metaspace   ] GC(216) Metaspace: 28943K(29248K)->28943K(29248K) NonClass: 25842K(25984K)->25842K(25984K) Class: 3101K(3264K)->3101K(3264K)
[539.744s][info][gc             ] GC(216) Pause Young (Allocation Failure) 4983M->2796M(5153M) 97.860ms
[539.744s][info][gc,cpu         ] GC(216) User=0.55s Sys=0.03s Real=0.09s
.[541.075s][info][gc,start       ] GC(217) Pause Young (Allocation Failure)
[541.227s][info][gc,heap        ] GC(217) PSYoungGen: 2507712K(2570240K)->168832K(2568192K) Eden: 2351104K(2351104K)->0K(2351104K) From: 156608K(219136K)->168832K(217088K)
[541.227s][info][gc,heap        ] GC(217) ParOldGen: 2706693K(2706944K)->2810757K(2810880K)
[541.227s][info][gc,metaspace   ] GC(217) Metaspace: 28943K(29248K)->28943K(29248K) NonClass: 25842K(25984K)->25842K(25984K) Class: 3101K(3264K)->3101K(3264K)
[541.227s][info][gc             ] GC(217) Pause Young (Allocation Failure) 5092M->2909M(5253M) 152.137ms
[541.227s][info][gc,cpu         ] GC(217) User=0.59s Sys=0.04s Real=0.15s
.[542.618s][info][gc,start       ] GC(218) Pause Young (Allocation Failure)
[542.721s][info][gc,heap        ] GC(218) PSYoungGen: 2519936K(2568192K)->164840K(2575872K) Eden: 2351104K(2351104K)->0K(2362880K) From: 168832K(217088K)->164840K(212992K)
[542.721s][info][gc,heap        ] GC(218) ParOldGen: 2810757K(2810880K)->2911357K(2911744K)
[542.721s][info][gc,metaspace   ] GC(218) Metaspace: 28943K(29248K)->28943K(29248K) NonClass: 25842K(25984K)->25842K(25984K) Class: 3101K(3264K)->3101K(3264K)
[542.721s][info][gc             ] GC(218) Pause Young (Allocation Failure) 5205M->3004M(5359M) 102.952ms
[542.721s][info][gc,cpu         ] GC(218) User=0.57s Sys=0.04s Real=0.10s
.[544.146s][info][gc,start       ] GC(219) Pause Young (Allocation Failure)
[544.289s][info][gc,heap        ] GC(219) PSYoungGen: 2527720K(2575872K)->148784K(2573312K) Eden: 2362880K(2362880K)->0K(2362880K) From: 164840K(212992K)->148784K(210432K)
[544.289s][info][gc,heap        ] GC(219) ParOldGen: 2911357K(2911744K)->3015125K(3015168K)
[544.289s][info][gc,metaspace   ] GC(219) Metaspace: 28943K(29248K)->28943K(29248K) NonClass: 25842K(25984K)->25842K(25984K) Class: 3101K(3264K)->3101K(3264K)
[544.289s][info][gc             ] GC(219) Pause Young (Allocation Failure) 5311M->3089M(5457M) 142.579ms
[544.289s][info][gc,cpu         ] GC(219) User=0.54s Sys=0.03s Real=0.14s
.[545.600s][info][gc,start       ] GC(220) Pause Young (Allocation Failure)
[545.705s][info][gc,heap        ] GC(220) PSYoungGen: 2511664K(2573312K)->185952K(2579968K) Eden: 2362880K(2362880K)->0K(2370048K) From: 148784K(210432K)->185952K(209920K)
[545.705s][info][gc,heap        ] GC(220) ParOldGen: 3015125K(3015168K)->3104853K(3105280K)
[545.705s][info][gc,metaspace   ] GC(220) Metaspace: 28943K(29248K)->28943K(29248K) NonClass: 25842K(25984K)->25842K(25984K) Class: 3101K(3264K)->3101K(3264K)
[545.705s][info][gc             ] GC(220) Pause Young (Allocation Failure) 5397M->3213M(5552M) 104.971ms
[545.705s][info][gc,cpu         ] GC(220) User=0.59s Sys=0.03s Real=0.11s
.[546.931s][info][gc,start       ] GC(221) Pause Young (Allocation Failure)
[547.037s][info][gc,heap        ] GC(221) PSYoungGen: 2556000K(2579968K)->171552K(2582528K) Eden: 2370048K(2370048K)->0K(2370048K) From: 185952K(209920K)->171552K(212480K)
[547.037s][info][gc,heap        ] GC(221) ParOldGen: 3104853K(3105280K)->3216474K(3216896K)
[547.037s][info][gc,metaspace   ] GC(221) Metaspace: 28943K(29248K)->28943K(29248K) NonClass: 25842K(25984K)->25842K(25984K) Class: 3101K(3264K)->3101K(3264K)
[547.037s][info][gc             ] GC(221) Pause Young (Allocation Failure) 5528M->3308M(5663M) 106.183ms
[547.037s][info][gc,cpu         ] GC(221) User=0.60s Sys=0.03s Real=0.11s
.[548.388s][info][gc,start       ] GC(222) Pause Young (Allocation Failure)
[548.489s][info][gc,heap        ] GC(222) PSYoungGen: 2541600K(2582528K)->158752K(2580480K) Eden: 2370048K(2370048K)->0K(2374656K) From: 171552K(212480K)->158752K(205824K)
[548.489s][info][gc,heap        ] GC(222) ParOldGen: 3216474K(3216896K)->3325994K(3326464K)
[548.489s][info][gc,metaspace   ] GC(222) Metaspace: 28943K(29248K)->28943K(29248K) NonClass: 25842K(25984K)->25842K(25984K) Class: 3101K(3264K)->3101K(3264K)
[548.489s][info][gc             ] GC(222) Pause Young (Allocation Failure) 5623M->3403M(5768M) 100.994ms
[548.489s][info][gc,cpu         ] GC(222) User=0.56s Sys=0.04s Real=0.10s
..[549.968s][info][gc,start       ] GC(223) Pause Young (Allocation Failure)
[550.070s][info][gc,heap        ] GC(223) PSYoungGen: 2533408K(2580480K)->159584K(2581504K) Eden: 2374656K(2374656K)->0K(2374656K) From: 158752K(205824K)->159584K(206848K)
[550.070s][info][gc,heap        ] GC(223) ParOldGen: 3325994K(3326464K)->3433338K(3433472K)
[550.070s][info][gc,metaspace   ] GC(223) Metaspace: 28943K(29248K)->28943K(29248K) NonClass: 25842K(25984K)->25842K(25984K) Class: 3101K(3264K)->3101K(3264K)
[550.070s][info][gc             ] GC(223) Pause Young (Allocation Failure) 5722M->3508M(5874M) 101.200ms
[550.070s][info][gc,cpu         ] GC(223) User=0.57s Sys=0.03s Real=0.10s
[551.287s][info][gc,start       ] GC(224) Pause Young (Allocation Failure)
[551.401s][info][gc,heap        ] GC(224) PSYoungGen: 2534240K(2581504K)->196010K(2577920K) Eden: 2374656K(2374656K)->0K(2373120K) From: 159584K(206848K)->196010K(204800K)
[551.401s][info][gc,heap        ] GC(224) ParOldGen: 3433338K(3433472K)->3527646K(3527680K)
[551.401s][info][gc,metaspace   ] GC(224) Metaspace: 28943K(29248K)->28943K(29248K) NonClass: 25842K(25984K)->25842K(25984K) Class: 3101K(3264K)->3101K(3264K)
[551.401s][info][gc             ] GC(224) Pause Young (Allocation Failure) 5827M->3636M(5962M) 114.362ms
[551.402s][info][gc,cpu         ] GC(224) User=0.65s Sys=0.03s Real=0.11s
. (rIR:aIR:PR = 12064:12179:11682) (tPR = 172735) [OK] 
   551s:       trying IR =  12167 [552.700s][info][gc,start       ] GC(225) Pause Young (Allocation Failure)
[552.810s][info][gc,heap        ] GC(225) PSYoungGen: 2569130K(2577920K)->177236K(2584576K) Eden: 2373120K(2373120K)->0K(2373120K) From: 196010K(204800K)->177236K(211456K)
[552.810s][info][gc,heap        ] GC(225) ParOldGen: 3527646K(3527680K)->3638838K(3639296K)
[552.810s][info][gc,metaspace   ] GC(225) Metaspace: 28943K(29248K)->28943K(29248K) NonClass: 25842K(25984K)->25842K(25984K) Class: 3101K(3264K)->3101K(3264K)
[552.810s][info][gc             ] GC(225) Pause Young (Allocation Failure) 5953M->3726M(6078M) 110.294ms
[552.810s][info][gc,cpu         ] GC(225) User=0.61s Sys=0.05s Real=0.11s
?.[553.999s][info][gc,start       ] GC(226) Pause Young (Allocation Failure)
[554.111s][info][gc,heap        ] GC(226) PSYoungGen: 2550356K(2584576K)->182788K(2583552K) Eden: 2373120K(2373120K)->0K(2375168K) From: 177236K(211456K)->182788K(208384K)
[554.111s][info][gc,heap        ] GC(226) ParOldGen: 3638838K(3639296K)->3746374K(3746816K)
[554.111s][info][gc,metaspace   ] GC(226) Metaspace: 28943K(29248K)->28943K(29248K) NonClass: 25842K(25984K)->25842K(25984K) Class: 3101K(3264K)->3101K(3264K)
[554.111s][info][gc             ] GC(226) Pause Young (Allocation Failure) 6044M->3837M(6182M) 111.884ms
[554.111s][info][gc,cpu         ] GC(226) User=0.63s Sys=0.03s Real=0.11s
.[555.634s][info][gc,start       ] GC(227) Pause Young (Allocation Failure)
[555.742s][info][gc,heap        ] GC(227) PSYoungGen: 2557956K(2583552K)->164213K(2585088K) Eden: 2375168K(2375168K)->0K(2375168K) From: 182788K(208384K)->164213K(209920K)
[555.742s][info][gc,heap        ] GC(227) ParOldGen: 3746374K(3746816K)->3865566K(3865600K)
[555.742s][info][gc,metaspace   ] GC(227) Metaspace: 28943K(29248K)->28943K(29248K) NonClass: 25842K(25984K)->25842K(25984K) Class: 3101K(3264K)->3101K(3264K)
[555.742s][info][gc             ] GC(227) Pause Young (Allocation Failure) 6156M->3935M(6299M) 107.665ms
[555.742s][info][gc,cpu         ] GC(227) User=0.60s Sys=0.04s Real=0.10s
.[557.136s][info][gc,start       ] GC(228) Pause Young (Allocation Failure)
[557.285s][info][gc,heap        ] GC(228) PSYoungGen: 2539381K(2585088K)->162080K(2582528K) Eden: 2375168K(2375168K)->0K(2378240K) From: 164213K(209920K)->162080K(204288K)
[557.285s][info][gc,heap        ] GC(228) ParOldGen: 3865566K(3865600K)->3967366K(3967488K)
[557.285s][info][gc,metaspace   ] GC(228) Metaspace: 28943K(29248K)->28943K(29248K) NonClass: 25842K(25984K)->25842K(25984K) Class: 3101K(3264K)->3101K(3264K)
[557.285s][info][gc             ] GC(228) Pause Young (Allocation Failure) 6254M->4032M(6396M) 148.669ms
[557.285s][info][gc,cpu         ] GC(228) User=0.57s Sys=0.03s Real=0.15s
.[558.576s][info][gc,start       ] GC(229) Pause Young (Allocation Failure)
[558.686s][info][gc,heap        ] GC(229) PSYoungGen: 2540320K(2582528K)->184288K(2584064K) Eden: 2378240K(2378240K)->0K(2378240K) From: 162080K(204288K)->184288K(205824K)
[558.686s][info][gc,heap        ] GC(229) ParOldGen: 3967366K(3967488K)->4066086K(4066304K)
[558.686s][info][gc,metaspace   ] GC(229) Metaspace: 28943K(29248K)->28943K(29248K) NonClass: 25842K(25984K)->25842K(25984K) Class: 3101K(3264K)->3101K(3264K)
[558.686s][info][gc             ] GC(229) Pause Young (Allocation Failure) 6355M->4150M(6494M) 109.779ms
[558.686s][info][gc,cpu         ] GC(229) User=0.63s Sys=0.02s Real=0.11s
..[560.023s][info][gc,start       ] GC(230) Pause Young (Allocation Failure)
[560.129s][info][gc,heap        ] GC(230) PSYoungGen: 2562528K(2584064K)->161429K(2588672K) Eden: 2378240K(2378240K)->0K(2382848K) From: 184288K(205824K)->161429K(205824K)
[560.129s][info][gc,heap        ] GC(230) ParOldGen: 4066086K(4066304K)->4180038K(4180480K)
[560.129s][info][gc,metaspace   ] GC(230) Metaspace: 28943K(29248K)->28943K(29248K) NonClass: 25842K(25984K)->25842K(25984K) Class: 3101K(3264K)->3101K(3264K)
[560.129s][info][gc             ] GC(230) Pause Young (Allocation Failure) 6473M->4239M(6610M) 105.602ms
[560.129s][info][gc,cpu         ] GC(230) User=0.59s Sys=0.03s Real=0.11s
[561.562s][info][gc,start       ] GC(231) Pause Young (Allocation Failure)
[561.664s][info][gc,heap        ] GC(231) PSYoungGen: 2544277K(2588672K)->152326K(2588672K) Eden: 2382848K(2382848K)->0K(2382848K) From: 161429K(205824K)->152326K(205824K)
[561.664s][info][gc,heap        ] GC(231) ParOldGen: 4180038K(4180480K)->4285142K(4285440K)
[561.664s][info][gc,metaspace   ] GC(231) Metaspace: 28943K(29248K)->28943K(29248K) NonClass: 25842K(25984K)->25842K(25984K) Class: 3101K(3264K)->3101K(3264K)
[561.664s][info][gc             ] GC(231) Pause Young (Allocation Failure) 6566M->4333M(6713M) 101.546ms
[561.664s][info][gc,cpu         ] GC(231) User=0.57s Sys=0.04s Real=0.10s
..[562.832s][info][gc,start       ] GC(232) Pause Young (Allocation Failure)
[562.938s][info][gc,heap        ] GC(232) PSYoungGen: 2535174K(2588672K)->179520K(2589184K) Eden: 2382848K(2382848K)->0K(2383872K) From: 152326K(205824K)->179520K(205312K)
[562.938s][info][gc,heap        ] GC(232) ParOldGen: 4285142K(4285440K)->4379478K(4379648K)
[562.938s][info][gc,metaspace   ] GC(232) Metaspace: 28943K(29248K)->28943K(29248K) NonClass: 25842K(25984K)->25842K(25984K) Class: 3101K(3264K)->3101K(3264K)
[562.938s][info][gc             ] GC(232) Pause Young (Allocation Failure) 6660M->4452M(6805M) 106.159ms
[562.938s][info][gc,cpu         ] GC(232) User=0.60s Sys=0.03s Real=0.11s
.[564.413s][info][gc,start       ] GC(233) Pause Young (Allocation Failure)
[564.522s][info][gc,heap        ] GC(233) PSYoungGen: 2563392K(2589184K)->161568K(2545664K) Eden: 2383872K(2383872K)->0K(2383872K) From: 179520K(205312K)->161568K(161792K)
[564.522s][info][gc,heap        ] GC(233) ParOldGen: 4379478K(4379648K)->4502854K(4503040K)
[564.522s][info][gc,metaspace   ] GC(233) Metaspace: 28943K(29248K)->28943K(29248K) NonClass: 25842K(25984K)->25842K(25984K) Class: 3101K(3264K)->3101K(3264K)
[564.522s][info][gc             ] GC(233) Pause Young (Allocation Failure) 6780M->4555M(6883M) 108.324ms
[564.522s][info][gc,cpu         ] GC(233) User=0.60s Sys=0.04s Real=0.11s
.[565.965s][info][gc,start       ] GC(234) Pause Young (Allocation Failure)
[566.065s][info][gc,heap        ] GC(234) PSYoungGen: 2545440K(2545664K)->152160K(2589184K) Eden: 2383872K(2383872K)->0K(2385408K) From: 161568K(161792K)->152160K(203776K)
[566.065s][info][gc,heap        ] GC(234) ParOldGen: 4502854K(4503040K)->4607198K(4607488K)
[566.065s][info][gc,metaspace   ] GC(234) Metaspace: 28943K(29248K)->28943K(29248K) NonClass: 25842K(25984K)->25842K(25984K) Class: 3101K(3264K)->3101K(3264K)
[566.065s][info][gc             ] GC(234) Pause Young (Allocation Failure) 6883M->4647M(7028M) 100.227ms
[566.066s][info][gc,cpu         ] GC(234) User=0.56s Sys=0.04s Real=0.10s
..[567.568s][info][gc,start       ] GC(235) Pause Young (Allocation Failure)
[567.669s][info][gc,heap        ] GC(235) PSYoungGen: 2537568K(2589184K)->153907K(2588672K) Eden: 2385408K(2385408K)->0K(2385408K) From: 152160K(203776K)->153907K(203264K)
[567.669s][info][gc,heap        ] GC(235) ParOldGen: 4607198K(4607488K)->4707758K(4707840K)
[567.669s][info][gc,metaspace   ] GC(235) Metaspace: 28943K(29248K)->28943K(29248K) NonClass: 25842K(25984K)->25842K(25984K) Class: 3101K(3264K)->3101K(3264K)
[567.669s][info][gc             ] GC(235) Pause Young (Allocation Failure) 6977M->4747M(7125M) 100.904ms
[567.669s][info][gc,cpu         ] GC(235) User=0.57s Sys=0.03s Real=0.10s
.[569.109s][info][gc,start       ] GC(236) Pause Young (Allocation Failure)
[569.254s][info][gc,heap        ] GC(236) PSYoungGen: 2539315K(2588672K)->156177K(2590208K) Eden: 2385408K(2385408K)->0K(2390528K) From: 153907K(203264K)->156177K(199680K)
[569.254s][info][gc,heap        ] GC(236) ParOldGen: 4707758K(4707840K)->4804534K(4804608K)
[569.254s][info][gc,metaspace   ] GC(236) Metaspace: 28943K(29248K)->28943K(29248K) NonClass: 25842K(25984K)->25842K(25984K) Class: 3101K(3264K)->3101K(3264K)
[569.254s][info][gc             ] GC(236) Pause Young (Allocation Failure) 7077M->4844M(7221M) 144.293ms
[569.254s][info][gc,cpu         ] GC(236) User=0.57s Sys=0.03s Real=0.14s
.[570.494s][info][gc,start       ] GC(237) Pause Young (Allocation Failure)
[570.612s][info][gc,heap        ] GC(237) PSYoungGen: 2546705K(2590208K)->200179K(2590720K) Eden: 2390528K(2390528K)->0K(2390528K) From: 156177K(199680K)->200179K(200192K)
[570.612s][info][gc,heap        ] GC(237) ParOldGen: 4804534K(4804608K)->4904710K(4904960K)
[570.612s][info][gc,metaspace   ] GC(237) Metaspace: 28943K(29248K)->28943K(29248K) NonClass: 25842K(25984K)->25842K(25984K) Class: 3101K(3264K)->3101K(3264K)
[570.612s][info][gc             ] GC(237) Pause Young (Allocation Failure) 7178M->4985M(7320M) 117.615ms
[570.612s][info][gc,cpu         ] GC(237) User=0.66s Sys=0.03s Real=0.11s
.[571.890s][info][gc,start       ] GC(238) Pause Young (Allocation Failure)
[572.003s][info][gc,heap        ] GC(238) PSYoungGen: 2590707K(2590720K)->172464K(2519040K) Eden: 2390528K(2390528K)->0K(2313728K) From: 200179K(200192K)->172464K(205312K)
[572.003s][info][gc,heap        ] GC(238) ParOldGen: 4904710K(4904960K)->5022750K(5023232K)
[572.003s][info][gc,metaspace   ] GC(238) Metaspace: 28953K(29248K)->28953K(29248K) NonClass: 25852K(25984K)->25852K(25984K) Class: 3101K(3264K)->3101K(3264K)
[572.003s][info][gc             ] GC(238) Pause Young (Allocation Failure) 7319M->5073M(7365M) 112.822ms
[572.003s][info][gc,cpu         ] GC(238) User=0.63s Sys=0.05s Real=0.11s
.[573.375s][info][gc,start       ] GC(239) Pause Young (Allocation Failure)
[573.481s][info][gc,heap        ] GC(239) PSYoungGen: 2486192K(2519040K)->160000K(2554880K) Eden: 2313728K(2313728K)->0K(2313728K) From: 172464K(205312K)->160000K(241152K)
[573.481s][info][gc,heap        ] GC(239) ParOldGen: 5022750K(5023232K)->5131054K(5131264K)
[573.481s][info][gc,metaspace   ] GC(239) Metaspace: 28953K(29248K)->28953K(29248K) NonClass: 25852K(25984K)->25852K(25984K) Class: 3101K(3264K)->3101K(3264K)
[573.481s][info][gc             ] GC(239) Pause Young (Allocation Failure) 7332M->5167M(7506M) 106.366ms
[573.481s][info][gc,cpu         ] GC(239) User=0.60s Sys=0.03s Real=0.10s
.[574.744s][info][gc,start       ] GC(240) Pause Young (Allocation Failure)
[574.848s][info][gc,heap        ] GC(240) PSYoungGen: 2473728K(2554880K)->163488K(2543616K) Eden: 2313728K(2313728K)->0K(2316800K) From: 160000K(241152K)->163488K(226816K)
[574.848s][info][gc,heap        ] GC(240) ParOldGen: 5131054K(5131264K)->5235542K(5235712K)
[574.848s][info][gc,metaspace   ] GC(240) Metaspace: 28953K(29248K)->28953K(29248K) NonClass: 25852K(25984K)->25852K(25984K) Class: 3101K(3264K)->3101K(3264K)
[574.848s][info][gc             ] GC(240) Pause Young (Allocation Failure) 7426M->5272M(7597M) 103.876ms
[574.848s][info][gc,cpu         ] GC(240) User=0.57s Sys=0.04s Real=0.11s
.[576.107s][info][gc,start       ] GC(241) Pause Young (Allocation Failure)
[576.264s][info][gc,heap        ] GC(241) PSYoungGen: 2480288K(2543616K)->167520K(2550784K) Eden: 2316800K(2316800K)->0K(2316800K) From: 163488K(226816K)->167520K(233984K)
[576.264s][info][gc,heap        ] GC(241) ParOldGen: 5235542K(5235712K)->5348198K(5348352K)
[576.264s][info][gc,metaspace   ] GC(241) Metaspace: 28953K(29248K)->28953K(29248K) NonClass: 25852K(25984K)->25852K(25984K) Class: 3101K(3264K)->3101K(3264K)
[576.264s][info][gc             ] GC(241) Pause Young (Allocation Failure) 7534M->5386M(7714M) 156.916ms
[576.264s][info][gc,cpu         ] GC(241) User=0.62s Sys=0.02s Real=0.15s
.[577.517s][info][gc,start       ] GC(242) Pause Young (Allocation Failure)
[577.625s][info][gc,heap        ] GC(242) PSYoungGen: 2484320K(2550784K)->174326K(2548224K) Eden: 2316800K(2316800K)->0K(2332672K) From: 167520K(233984K)->174326K(215552K)
[577.625s][info][gc,heap        ] GC(242) ParOldGen: 5348198K(5348352K)->5448630K(5448704K)
[577.625s][info][gc,metaspace   ] GC(242) Metaspace: 28953K(29248K)->28953K(29248K) NonClass: 25852K(25984K)->25852K(25984K) Class: 3101K(3264K)->3101K(3264K)
[577.625s][info][gc             ] GC(242) Pause Young (Allocation Failure) 7648M->5491M(7809M) 108.135ms
[577.625s][info][gc,cpu         ] GC(242) User=0.60s Sys=0.03s Real=0.11s
..[578.984s][info][gc,start       ] GC(243) Pause Young (Allocation Failure)
[579.091s][info][gc,heap        ] GC(243) PSYoungGen: 2506998K(2548224K)->158421K(2556416K) Eden: 2332672K(2332672K)->0K(2332672K) From: 174326K(215552K)->158421K(223744K)
[579.091s][info][gc,heap        ] GC(243) ParOldGen: 5448630K(5448704K)->5561406K(5561856K)
[579.091s][info][gc,metaspace   ] GC(243) Metaspace: 28954K(29248K)->28954K(29248K) NonClass: 25853K(25984K)->25853K(25984K) Class: 3101K(3264K)->3101K(3264K)
[579.091s][info][gc             ] GC(243) Pause Young (Allocation Failure) 7769M->5585M(7928M) 107.387ms
[579.091s][info][gc,cpu         ] GC(243) User=0.60s Sys=0.03s Real=0.11s
.[580.410s][info][gc,start       ] GC(244) Pause Full (Allocation Failure)
[580.410s][info][gc,phases,start] GC(244) Marking Phase
[580.743s][info][gc,phases      ] GC(244) Marking Phase 333.164ms
[580.743s][info][gc,phases,start] GC(244) Summary Phase
[580.743s][info][gc,phases      ] GC(244) Summary Phase 0.105ms
[580.743s][info][gc,phases,start] GC(244) Forward
[580.893s][info][gc,phases      ] GC(244) Forward 150.284ms
[580.893s][info][gc,phases,start] GC(244) Adjust Pointers
[581.138s][info][gc,phases      ] GC(244) Adjust Pointers 244.444ms
[581.138s][info][gc,phases,start] GC(244) Compaction Phase
[581.319s][info][gc,phases      ] GC(244) Compaction Phase 181.796ms
[581.322s][info][gc,phases,start] GC(244) Post Compact
[581.329s][info][gc,phases      ] GC(244) Post Compact 6.885ms
[581.441s][info][gc,heap        ] GC(244) PSYoungGen: 2491093K(2556416K)->0K(2570240K) Eden: 2332672K(2332672K)->0K(2350592K) From: 158421K(223744K)->0K(219648K)
[581.441s][info][gc,heap        ] GC(244) ParOldGen: 5561406K(5561856K)->1655080K(1866752K)
[581.441s][info][gc,metaspace   ] GC(244) Metaspace: 28954K(29248K)->28954K(29248K) NonClass: 25853K(25984K)->25853K(25984K) Class: 3101K(3264K)->3101K(3264K)
[581.441s][info][gc             ] GC(244) Pause Full (Allocation Failure) 7863M->1616M(4333M) 1031.069ms
[581.441s][info][gc,cpu         ] GC(244) User=4.96s Sys=0.11s Real=1.03s
. (rIR:aIR:PR = 12167:11421:11110) (tPR = 164734) [IR is under limit] [PR is under limit] 
   581s: Re-initializing (term[582.647s][info][gc,start       ] GC(245) Pause Young (Allocation Failure)
[582.725s][info][gc,heap        ] GC(245) PSYoungGen: 2350592K(2570240K)->185744K(2572288K) Eden: 2350592K(2350592K)->0K(2350592K) From: 0K(219648K)->185744K(221696K)
[582.725s][info][gc,heap        ] GC(245) ParOldGen: 1655080K(1866752K)->1655080K(1866752K)
[582.725s][info][gc,metaspace   ] GC(245) Metaspace: 28954K(29248K)->28954K(29248K) NonClass: 25853K(25984K)->25853K(25984K) Class: 3101K(3264K)->3101K(3264K)
[582.725s][info][gc             ] GC(245) Pause Young (Allocation Failure) 3911M->1797M(4335M) 77.722ms
[582.725s][info][gc,cpu         ] GC(245) User=0.46s Sys=0.00s Real=0.08s
[583.851s][info][gc,start       ] GC(246) Pause Young (Allocation Failure)
[583.967s][info][gc,heap        ] GC(246) PSYoungGen: 2536336K(2572288K)->204192K(2562048K) Eden: 2350592K(2350592K)->0K(2340352K) From: 185744K(221696K)->204192K(221696K)
[583.967s][info][gc,heap        ] GC(246) ParOldGen: 1655080K(1866752K)->1768480K(1866752K)
[583.967s][info][gc,metaspace   ] GC(246) Metaspace: 28954K(29248K)->28954K(29248K) NonClass: 25853K(25984K)->25853K(25984K) Class: 3101K(3264K)->3101K(3264K)
[583.967s][info][gc             ] GC(246) Pause Young (Allocation Failure) 4093M->1926M(4325M) 115.688ms
[583.967s][info][gc,cpu         ] GC(246) User=0.69s Sys=0.00s Real=0.12s
) [584.691s][info][gc,start       ] GC(247) Pause Full (System.gc())
[584.691s][info][gc,phases,start] GC(247) Marking Phase
[584.712s][info][gc,phases      ] GC(247) Marking Phase 21.189ms
[584.712s][info][gc,phases,start] GC(247) Summary Phase
[584.712s][info][gc,phases      ] GC(247) Summary Phase 0.037ms
[584.712s][info][gc,phases,start] GC(247) Forward
[584.715s][info][gc,phases      ] GC(247) Forward 2.594ms
[584.715s][info][gc,phases,start] GC(247) Adjust Pointers
[584.729s][info][gc,phases      ] GC(247) Adjust Pointers 14.589ms
[584.729s][info][gc,phases,start] GC(247) Compaction Phase
[584.775s][info][gc,phases      ] GC(247) Compaction Phase 45.754ms
[584.775s][info][gc,phases,start] GC(247) Post Compact
[584.778s][info][gc,phases      ] GC(247) Post Compact 2.607ms
[584.778s][info][gc,heap        ] GC(247) PSYoungGen: 1291880K(2562048K)->0K(2562048K) Eden: 1087688K(2340352K)->0K(2340352K) From: 204192K(221696K)->0K(221696K)
[584.778s][info][gc,heap        ] GC(247) ParOldGen: 1768480K(1866752K)->326957K(1866752K)
[584.778s][info][gc,metaspace   ] GC(247) Metaspace: 28956K(29248K)->28956K(29248K) NonClass: 25854K(25984K)->25854K(25984K) Class: 3101K(3264K)->3101K(3264K)
[584.778s][info][gc             ] GC(247) Pause Full (System.gc()) 2988M->319M(4325M) 87.028ms
[584.778s][info][gc,cpu         ] GC(247) User=0.42s Sys=0.00s Real=0.09s
(init[585.809s][info][gc,start       ] GC(248) Pause Young (Allocation Failure)
[586.141s][info][gc,heap        ] GC(248) PSYoungGen: 2340352K(2562048K)->227814K(2568192K) Eden: 2340352K(2340352K)->0K(2340352K) From: 0K(221696K)->227814K(227840K)
[586.141s][info][gc,heap        ] GC(248) ParOldGen: 326957K(1866752K)->826096K(1866752K)
[586.141s][info][gc,metaspace   ] GC(248) Metaspace: 28959K(29248K)->28959K(29248K) NonClass: 25858K(25984K)->25858K(25984K) Class: 3101K(3264K)->3101K(3264K)
[586.141s][info][gc             ] GC(248) Pause Young (Allocation Failure) 2604M->1029M(4331M) 332.039ms
[586.142s][info][gc,cpu         ] GC(248) User=1.98s Sys=0.00s Real=0.33s
) ... OK
   590s: Searching from base IR = 12064
   590s:       rampup IR =      0 ... (rIR:aIR:PR = 0:0:0) (tPR = 0) [OK] 
   593s:       rampup IR =   1206 [593.695s][info][gc,start       ] GC(249) Pause Young (Allocation Failure)
[594.086s][info][gc,heap        ] GC(249) PSYoungGen: 2568166K(2568192K)->227833K(1566720K) Eden: 2340352K(2340352K)->0K(1338880K) From: 227814K(227840K)->227833K(227840K)
[594.086s][info][gc,heap        ] GC(249) ParOldGen: 826096K(1866752K)->1699544K(1866752K)
[594.086s][info][gc,metaspace   ] GC(249) Metaspace: 28963K(29248K)->28963K(29248K) NonClass: 25862K(25984K)->25862K(25984K) Class: 3101K(3264K)->3101K(3264K)
[594.086s][info][gc             ] GC(249) Pause Young (Allocation Failure) 3314M->1882M(3353M) 390.325ms
[594.086s][info][gc,cpu         ] GC(249) User=2.32s Sys=0.02s Real=0.39s
.... (rIR:aIR:PR = 1206:1211:1211) (tPR = 18355) [OK] 
   597s:       rampup IR =   2413 .[599.368s][info][gc,start       ] GC(250) Pause Young (Allocation Failure)
[599.489s][info][gc,heap        ] GC(250) PSYoungGen: 1566713K(1566720K)->88368K(2067456K) Eden: 1338880K(1338880K)->0K(1338880K) From: 227833K(227840K)->88368K(728576K)
[599.489s][info][gc,heap        ] GC(250) ParOldGen: 1699544K(1866752K)->1909791K(1910272K)
[599.489s][info][gc,metaspace   ] GC(250) Metaspace: 28981K(29248K)->28981K(29248K) NonClass: 25880K(25984K)->25880K(25984K) Class: 3101K(3264K)->3101K(3264K)
[599.489s][info][gc             ] GC(250) Pause Young (Allocation Failure) 3189M->1951M(3884M) 121.577ms
[599.489s][info][gc,cpu         ] GC(250) User=0.71s Sys=0.01s Real=0.12s
... (rIR:aIR:PR = 2413:2398:2399) (tPR = 34908) [OK] 
   601s:       rampup IR =   3619 .[602.786s][info][gc,start       ] GC(251) Pause Young (Allocation Failure)
[602.858s][info][gc,heap        ] GC(251) PSYoungGen: 1427248K(2067456K)->90576K(2049536K) Eden: 1338880K(1338880K)->0K(1340416K) From: 88368K(728576K)->90576K(709120K)
[602.858s][info][gc,heap        ] GC(251) ParOldGen: 1909791K(1910272K)->1981424K(1981440K)
[602.858s][info][gc,metaspace   ] GC(251) Metaspace: 28983K(29248K)->28983K(29248K) NonClass: 25882K(25984K)->25882K(25984K) Class: 3101K(3264K)->3101K(3264K)
[602.858s][info][gc             ] GC(251) Pause Young (Allocation Failure) 3258M->2023M(3936M) 72.112ms
[602.858s][info][gc,cpu         ] GC(251) User=0.41s Sys=0.01s Real=0.07s
..[605.410s][info][gc,start       ] GC(252) Pause Young (Allocation Failure)
[605.478s][info][gc,heap        ] GC(252) PSYoungGen: 1430992K(2049536K)->92096K(2059264K) Eden: 1340416K(1340416K)->0K(1340416K) From: 90576K(709120K)->92096K(718848K)
[605.478s][info][gc,heap        ] GC(252) ParOldGen: 1981424K(1981440K)->2056697K(2056704K)
[605.478s][info][gc,metaspace   ] GC(252) Metaspace: 28984K(29248K)->28984K(29248K) NonClass: 25883K(25984K)->25883K(25984K) Class: 3101K(3264K)->3101K(3264K)
[605.478s][info][gc             ] GC(252) Pause Young (Allocation Failure) 3332M->2098M(4019M) 68.102ms
[605.478s][info][gc,cpu         ] GC(252) User=0.37s Sys=0.02s Real=0.07s
. (rIR:aIR:PR = 3619:3571:3574) (tPR = 52010) [OK] 
   605s:       rampup IR =   4826 .[607.486s][info][gc,start       ] GC(253) Pause Young (Allocation Failure)
[607.556s][info][gc,heap        ] GC(253) PSYoungGen: 1432512K(2059264K)->100336K(2044928K) Eden: 1340416K(1340416K)->0K(1371648K) From: 92096K(718848K)->100336K(673280K)
[607.556s][info][gc,heap        ] GC(253) ParOldGen: 2056697K(2056704K)->2130369K(2130432K)
[607.556s][info][gc,metaspace   ] GC(253) Metaspace: 28984K(29248K)->28984K(29248K) NonClass: 25883K(25984K)->25883K(25984K) Class: 3101K(3264K)->3101K(3264K)
[607.556s][info][gc             ] GC(253) Pause Young (Allocation Failure) 3407M->2178M(4077M) 69.802ms
[607.556s][info][gc,cpu         ] GC(253) User=0.39s Sys=0.02s Real=0.07s
..[609.435s][info][gc,start       ] GC(254) Pause Young (Allocation Failure)
[609.502s][info][gc,heap        ] GC(254) PSYoungGen: 1471984K(2044928K)->94784K(2059264K) Eden: 1371648K(1371648K)->0K(1371648K) From: 100336K(673280K)->94784K(687616K)
[609.502s][info][gc,heap        ] GC(254) ParOldGen: 2130369K(2130432K)->2205953K(2206208K)
[609.502s][info][gc,metaspace   ] GC(254) Metaspace: 28984K(29248K)->28984K(29248K) NonClass: 25883K(25984K)->25883K(25984K) Class: 3101K(3264K)->3101K(3264K)
[609.502s][info][gc             ] GC(254) Pause Young (Allocation Failure) 3517M->2246M(4165M) 66.657ms
[609.502s][info][gc,cpu         ] GC(254) User=0.38s Sys=0.02s Real=0.06s
. (rIR:aIR:PR = 4826:4824:4824) (tPR = 71364) [OK] 
   609s:       rampup IR =   6032 .[611.178s][info][gc,start       ] GC(255) Pause Young (Allocation Failure)
[611.253s][info][gc,heap        ] GC(255) PSYoungGen: 1466432K(2059264K)->113824K(2064896K) Eden: 1371648K(1371648K)->0K(1440768K) From: 94784K(687616K)->113824K(624128K)
[611.253s][info][gc,heap        ] GC(255) ParOldGen: 2205953K(2206208K)->2279213K(2279424K)
[611.253s][info][gc,metaspace   ] GC(255) Metaspace: 28984K(29248K)->28984K(29248K) NonClass: 25883K(25984K)->25883K(25984K) Class: 3101K(3264K)->3101K(3264K)
[611.253s][info][gc             ] GC(255) Pause Young (Allocation Failure) 3586M->2336M(4242M) 74.797ms
[611.253s][info][gc,cpu         ] GC(255) User=0.43s Sys=0.01s Real=0.07s
..[612.897s][info][gc,start       ] GC(256) Pause Young (Allocation Failure)
[612.966s][info][gc,heap        ] GC(256) PSYoungGen: 1554592K(2064896K)->97168K(2083840K) Eden: 1440768K(1440768K)->0K(1440768K) From: 113824K(624128K)->97168K(643072K)
[612.966s][info][gc,heap        ] GC(256) ParOldGen: 2279213K(2279424K)->2357021K(2357248K)
[612.966s][info][gc,metaspace   ] GC(256) Metaspace: 28984K(29248K)->28984K(29248K) NonClass: 25883K(25984K)->25883K(25984K) Class: 3101K(3264K)->3101K(3264K)
[612.966s][info][gc             ] GC(256) Pause Young (Allocation Failure) 3743M->2396M(4337M) 69.146ms
[612.966s][info][gc,cpu         ] GC(256) User=0.39s Sys=0.02s Real=0.07s
. (rIR:aIR:PR = 6032:5993:5993) (tPR = 89855) [OK] 
   613s:       rampup IR =   7238 [614.443s][info][gc,start       ] GC(257) Pause Young (Allocation Failure)
[614.518s][info][gc,heap        ] GC(257) PSYoungGen: 1537936K(2083840K)->112196K(2104832K) Eden: 1440768K(1440768K)->0K(1532928K) From: 97168K(643072K)->112196K(571904K)
[614.518s][info][gc,heap        ] GC(257) ParOldGen: 2357021K(2357248K)->2435317K(2435584K)
[614.518s][info][gc,metaspace   ] GC(257) Metaspace: 28986K(29248K)->28986K(29248K) NonClass: 25885K(25984K)->25885K(25984K) Class: 3101K(3264K)->3101K(3264K)
[614.518s][info][gc             ] GC(257) Pause Young (Allocation Failure) 3803M->2487M(4434M) 75.339ms
[614.519s][info][gc,cpu         ] GC(257) User=0.43s Sys=0.02s Real=0.08s
..[615.955s][info][gc,start       ] GC(258) Pause Young (Allocation Failure)
[616.025s][info][gc,heap        ] GC(258) PSYoungGen: 1645124K(2104832K)->107200K(2126848K) Eden: 1532928K(1532928K)->0K(1532928K) From: 112196K(571904K)->107200K(593920K)
[616.025s][info][gc,heap        ] GC(258) ParOldGen: 2435317K(2435584K)->2510190K(2510336K)
[616.025s][info][gc,metaspace   ] GC(258) Metaspace: 28987K(29248K)->28987K(29248K) NonClass: 25886K(25984K)->25886K(25984K) Class: 3101K(3264K)->3101K(3264K)
[616.025s][info][gc             ] GC(258) Pause Young (Allocation Failure) 3984M->2556M(4528M) 70.579ms
[616.025s][info][gc,cpu         ] GC(258) User=0.40s Sys=0.03s Real=0.07s
.[617.445s][info][gc,start       ] GC(259) Pause Young (Allocation Failure)
[617.520s][info][gc,heap        ] GC(259) PSYoungGen: 1640128K(2126848K)->109797K(2155008K) Eden: 1532928K(1532928K)->0K(1633280K) From: 107200K(593920K)->109797K(521728K)
[617.520s][info][gc,heap        ] GC(259) ParOldGen: 2510190K(2510336K)->2592838K(2593280K)
[617.520s][info][gc,metaspace   ] GC(259) Metaspace: 28987K(29248K)->28987K(29248K) NonClass: 25886K(25984K)->25886K(25984K) Class: 3101K(3264K)->3101K(3264K)
[617.520s][info][gc             ] GC(259) Pause Young (Allocation Failure) 4053M->2639M(4637M) 75.497ms
[617.520s][info][gc,cpu         ] GC(259) User=0.43s Sys=0.02s Real=0.07s
. (rIR:aIR:PR = 7238:7304:7304) (tPR = 105960) [OK] 
   617s:       rampup IR =   8445 .[618.994s][info][gc,start       ] GC(260) Pause Young (Allocation Failure)
[619.077s][info][gc,heap        ] GC(260) PSYoungGen: 1743077K(2155008K)->131724K(2177024K) Eden: 1633280K(1633280K)->0K(1633280K) From: 109797K(521728K)->131724K(543744K)
[619.078s][info][gc,heap        ] GC(260) ParOldGen: 2592838K(2593280K)->2670798K(2671104K)
[619.078s][info][gc,metaspace   ] GC(260) Metaspace: 28987K(29248K)->28987K(29248K) NonClass: 25886K(25984K)->25886K(25984K) Class: 3101K(3264K)->3101K(3264K)
[619.078s][info][gc             ] GC(260) Pause Young (Allocation Failure) 4234M->2736M(4734M) 83.319ms
[619.078s][info][gc,cpu         ] GC(260) User=0.46s Sys=0.03s Real=0.09s
.[620.274s][info][gc,start       ] GC(261) Pause Young (Allocation Failure)
[620.353s][info][gc,heap        ] GC(261) PSYoungGen: 1765004K(2177024K)->110080K(2211840K) Eden: 1633280K(1633280K)->0K(1737216K) From: 131724K(543744K)->110080K(474624K)
[620.353s][info][gc,heap        ] GC(261) ParOldGen: 2670798K(2671104K)->2758718K(2759168K)
[620.353s][info][gc,metaspace   ] GC(261) Metaspace: 28987K(29248K)->28987K(29248K) NonClass: 25886K(25984K)->25886K(25984K) Class: 3101K(3264K)->3101K(3264K)
[620.353s][info][gc             ] GC(261) Pause Young (Allocation Failure) 4331M->2801M(4854M) 79.078ms
[620.353s][info][gc,cpu         ] GC(261) User=0.44s Sys=0.03s Real=0.08s
..[621.726s][info][gc,start       ] GC(262) Pause Young (Allocation Failure)
[621.801s][info][gc,heap        ] GC(262) PSYoungGen: 1847296K(2211840K)->111696K(2228736K) Eden: 1737216K(1737216K)->0K(1737216K) From: 110080K(474624K)->111696K(491520K)
[621.801s][info][gc,heap        ] GC(262) ParOldGen: 2758718K(2759168K)->2837214K(2837504K)
[621.801s][info][gc,metaspace   ] GC(262) Metaspace: 28988K(29248K)->28988K(29248K) NonClass: 25887K(25984K)->25887K(25984K) Class: 3101K(3264K)->3101K(3264K)
[621.801s][info][gc             ] GC(262) Pause Young (Allocation Failure) 4498M->2879M(4947M) 74.239ms
[621.801s][info][gc,cpu         ] GC(262) User=0.42s Sys=0.03s Real=0.07s
 (rIR:aIR:PR = 8445:8374:8377) (tPR = 125755) [OK] 
   621s:       rampup IR =   9651 .[623.157s][info][gc,start       ] GC(263) Pause Young (Allocation Failure)
[623.243s][info][gc,heap        ] GC(263) PSYoungGen: 1848912K(2228736K)->135829K(2258432K) Eden: 1737216K(1737216K)->0K(1836032K) From: 111696K(491520K)->135829K(422400K)
[623.243s][info][gc,heap        ] GC(263) ParOldGen: 2837214K(2837504K)->2922366K(2922496K)
[623.243s][info][gc,metaspace   ] GC(263) Metaspace: 28988K(29248K)->28988K(29248K) NonClass: 25887K(25984K)->25887K(25984K) Class: 3101K(3264K)->3101K(3264K)
[623.243s][info][gc             ] GC(263) Pause Young (Allocation Failure) 4576M->2986M(5059M) 86.436ms
[623.243s][info][gc,cpu         ] GC(263) User=0.48s Sys=0.03s Real=0.08s
.[624.393s][info][gc,start       ] GC(264) Pause Young (Allocation Failure)
[624.477s][info][gc,heap        ] GC(264) PSYoungGen: 1971861K(2258432K)->129632K(2278400K) Eden: 1836032K(1836032K)->0K(1836032K) From: 135829K(422400K)->129632K(442368K)
[624.477s][info][gc,heap        ] GC(264) ParOldGen: 2922366K(2922496K)->3009910K(3010048K)
[624.477s][info][gc,metaspace   ] GC(264) Metaspace: 28992K(29248K)->28992K(29248K) NonClass: 25890K(25984K)->25890K(25984K) Class: 3102K(3264K)->3102K(3264K)
[624.477s][info][gc             ] GC(264) Pause Young (Allocation Failure) 4779M->3065M(5164M) 83.560ms
[624.477s][info][gc,cpu         ] GC(264) User=0.46s Sys=0.03s Real=0.09s
.[625.685s][info][gc,start       ] GC(265) Pause Young (Allocation Failure)
[625.778s][info][gc,heap        ] GC(265) PSYoungGen: 1965664K(2278400K)->150975K(2307072K) Eden: 1836032K(1836032K)->0K(1934848K) From: 129632K(442368K)->150975K(372224K)
[625.778s][info][gc,heap        ] GC(265) ParOldGen: 3009910K(3010048K)->3098566K(3098624K)
[625.778s][info][gc,metaspace   ] GC(265) Metaspace: 28993K(29248K)->28993K(29248K) NonClass: 25891K(25984K)->25891K(25984K) Class: 3102K(3264K)->3102K(3264K)
[625.778s][info][gc             ] GC(265) Pause Young (Allocation Failure) 4858M->3173M(5279M) 93.422ms
[625.778s][info][gc,cpu         ] GC(265) User=0.53s Sys=0.03s Real=0.09s
. (rIR:aIR:PR = 9651:9874:9862) (tPR = 150737) [OK] 
   625s:       rampup IR =  10858 .[627.009s][info][gc,start       ] GC(266) Pause Young (Allocation Failure)
[627.100s][info][gc,heap        ] GC(266) PSYoungGen: 2085823K(2307072K)->143700K(2328576K) Eden: 1934848K(1934848K)->0K(1934848K) From: 150975K(372224K)->143700K(393728K)
[627.101s][info][gc,heap        ] GC(266) ParOldGen: 3098566K(3098624K)->3189422K(3189760K)
[627.101s][info][gc,metaspace   ] GC(266) Metaspace: 28993K(29248K)->28993K(29248K) NonClass: 25891K(25984K)->25891K(25984K) Class: 3102K(3264K)->3102K(3264K)
[627.101s][info][gc             ] GC(266) Pause Young (Allocation Failure) 5062M->3255M(5389M) 91.535ms
[627.101s][info][gc,cpu         ] GC(266) User=0.52s Sys=0.02s Real=0.09s
.[628.318s][info][gc,start       ] GC(267) Pause Young (Allocation Failure)
[628.411s][info][gc,heap        ] GC(267) PSYoungGen: 2078548K(2328576K)->142900K(2363904K) Eden: 1934848K(1934848K)->0K(2030592K) From: 143700K(393728K)->142900K(333312K)
[628.411s][info][gc,heap        ] GC(267) ParOldGen: 3189422K(3189760K)->3283198K(3283456K)
[628.411s][info][gc,metaspace   ] GC(267) Metaspace: 28993K(29248K)->28993K(29248K) NonClass: 25891K(25984K)->25891K(25984K) Class: 3102K(3264K)->3102K(3264K)
[628.411s][info][gc             ] GC(267) Pause Young (Allocation Failure) 5144M->3345M(5515M) 93.155ms
[628.411s][info][gc,cpu         ] GC(267) User=0.53s Sys=0.03s Real=0.09s
.[629.710s][info][gc,start       ] GC(268) Pause Young (Allocation Failure)
[629.804s][info][gc,heap        ] GC(268) PSYoungGen: 2173492K(2363904K)->152372K(2382848K) Eden: 2030592K(2030592K)->0K(2030592K) From: 142900K(333312K)->152372K(352256K)
[629.804s][info][gc,heap        ] GC(268) ParOldGen: 3283198K(3283456K)->3375478K(3375616K)
[629.804s][info][gc,metaspace   ] GC(268) Metaspace: 28993K(29248K)->28993K(29248K) NonClass: 25891K(25984K)->25891K(25984K) Class: 3102K(3264K)->3102K(3264K)
[629.804s][info][gc             ] GC(268) Pause Young (Allocation Failure) 5328M->3445M(5623M) 94.393ms
[629.804s][info][gc,cpu         ] GC(268) User=0.53s Sys=0.02s Real=0.09s
. (rIR:aIR:PR = 10858:10354:10354) (tPR = 146054) [OK] 
   629s:       rampup IR =  12064 [630.960s][info][gc,start       ] GC(269) Pause Young (Allocation Failure)
[631.049s][info][gc,heap        ] GC(269) PSYoungGen: 2182964K(2382848K)->136992K(2415104K) Eden: 2030592K(2030592K)->0K(2111488K) From: 152372K(352256K)->136992K(303616K)
[631.049s][info][gc,heap        ] GC(269) ParOldGen: 3375478K(3375616K)->3470934K(3471360K)
[631.049s][info][gc,metaspace   ] GC(269) Metaspace: 28993K(29248K)->28993K(29248K) NonClass: 25891K(25984K)->25891K(25984K) Class: 3102K(3264K)->3102K(3264K)
[631.049s][info][gc             ] GC(269) Pause Young (Allocation Failure) 5428M->3523M(5748M) 89.447ms
[631.049s][info][gc,cpu         ] GC(269) User=0.49s Sys=0.04s Real=0.09s
.[632.331s][info][gc,start       ] GC(270) Pause Young (Allocation Failure)
[632.426s][info][gc,heap        ] GC(270) PSYoungGen: 2248480K(2415104K)->150228K(2428928K) Eden: 2111488K(2111488K)->0K(2111488K) From: 136992K(303616K)->150228K(317440K)
[632.426s][info][gc,heap        ] GC(270) ParOldGen: 3470934K(3471360K)->3566174K(3566592K)
[632.426s][info][gc,metaspace   ] GC(270) Metaspace: 28993K(29248K)->28993K(29248K) NonClass: 25891K(25984K)->25891K(25984K) Class: 3102K(3264K)->3102K(3264K)
[632.426s][info][gc             ] GC(270) Pause Young (Allocation Failure) 5585M->3629M(5855M) 94.994ms
[632.426s][info][gc,cpu         ] GC(270) User=0.53s Sys=0.03s Real=0.10s
..[633.641s][info][gc,start       ] GC(271) Pause Young (Allocation Failure)
[633.742s][info][gc,heap        ] GC(271) PSYoungGen: 2261716K(2428928K)->158592K(2456576K) Eden: 2111488K(2111488K)->0K(2177536K) From: 150228K(317440K)->158592K(279040K)
[633.742s][info][gc,heap        ] GC(271) ParOldGen: 3566174K(3566592K)->3664318K(3664384K)
[633.742s][info][gc,metaspace   ] GC(271) Metaspace: 28993K(29248K)->28993K(29248K) NonClass: 25891K(25984K)->25891K(25984K) Class: 3102K(3264K)->3102K(3264K)
[633.742s][info][gc             ] GC(271) Pause Young (Allocation Failure) 5691M->3733M(5977M) 100.916ms
[633.742s][info][gc,cpu         ] GC(271) User=0.58s Sys=0.02s Real=0.10s
.[635.009s][info][gc,start       ] GC(272) Pause Young (Allocation Failure)
[635.122s][info][gc,heap        ] GC(272) PSYoungGen: 2336128K(2456576K)->179584K(2466304K) Eden: 2177536K(2177536K)->0K(2177536K) From: 158592K(279040K)->179584K(288768K)
[635.122s][info][gc,heap        ] GC(272) ParOldGen: 3664318K(3664384K)->3766550K(3766784K)
[635.122s][info][gc,metaspace   ] GC(272) Metaspace: 28993K(29248K)->28993K(29248K) NonClass: 25891K(25984K)->25891K(25984K) Class: 3102K(3264K)->3102K(3264K)
[635.122s][info][gc             ] GC(272) Pause Young (Allocation Failure) 5859M->3853M(6087M) 112.906ms
[635.122s][info][gc,cpu         ] GC(272) User=0.62s Sys=0.04s Real=0.11s
.[636.461s][info][gc,start       ] GC(273) Pause Young (Allocation Failure)
[636.556s][info][gc,heap        ] GC(273) PSYoungGen: 2357120K(2466304K)->141872K(2482176K) Eden: 2177536K(2177536K)->0K(2222080K) From: 179584K(288768K)->141872K(260096K)
[636.556s][info][gc,heap        ] GC(273) ParOldGen: 3766550K(3766784K)->3868934K(3869184K)
[636.556s][info][gc,metaspace   ] GC(273) Metaspace: 28993K(29248K)->28993K(29248K) NonClass: 25891K(25984K)->25891K(25984K) Class: 3102K(3264K)->3102K(3264K)
[636.556s][info][gc             ] GC(273) Pause Young (Allocation Failure) 5980M->3916M(6202M) 94.241ms
[636.556s][info][gc,cpu         ] GC(273) User=0.53s Sys=0.04s Real=0.10s
.[637.840s][info][gc,start       ] GC(274) Pause Young (Allocation Failure)
[637.939s][info][gc,heap        ] GC(274) PSYoungGen: 2363952K(2482176K)->158939K(2496512K) Eden: 2222080K(2222080K)->0K(2222080K) From: 141872K(260096K)->158939K(274432K)
[637.939s][info][gc,heap        ] GC(274) ParOldGen: 3868934K(3869184K)->3966222K(3966464K)
[637.939s][info][gc,metaspace   ] GC(274) Metaspace: 28993K(29248K)->28993K(29248K) NonClass: 25891K(25984K)->25891K(25984K) Class: 3102K(3264K)->3102K(3264K)
[637.939s][info][gc             ] GC(274) Pause Young (Allocation Failure) 6086M->4028M(6311M) 99.168ms
[637.940s][info][gc,cpu         ] GC(274) User=0.56s Sys=0.03s Real=0.10s
..[639.252s][info][gc,start       ] GC(275) Pause Young (Allocation Failure)
[639.352s][info][gc,heap        ] GC(275) PSYoungGen: 2381019K(2496512K)->151552K(2497024K) Eden: 2222080K(2222080K)->0K(2257408K) From: 158939K(274432K)->151552K(239616K)
[639.352s][info][gc,heap        ] GC(275) ParOldGen: 3966222K(3966464K)->4067398K(4067840K)
[639.352s][info][gc,metaspace   ] GC(275) Metaspace: 28993K(29248K)->28993K(29248K) NonClass: 25891K(25984K)->25891K(25984K) Class: 3102K(3264K)->3102K(3264K)
[639.352s][info][gc             ] GC(275) Pause Young (Allocation Failure) 6198M->4120M(6411M) 100.258ms
[639.352s][info][gc,cpu         ] GC(275) User=0.58s Sys=0.02s Real=0.10s
.[640.639s][info][gc,start       ] GC(276) Pause Young (Allocation Failure)
[640.747s][info][gc,heap        ] GC(276) PSYoungGen: 2408960K(2497024K)->171028K(2511360K) Eden: 2257408K(2257408K)->0K(2257408K) From: 151552K(239616K)->171028K(253952K)
[640.747s][info][gc,heap        ] GC(276) ParOldGen: 4067398K(4067840K)->4164982K(4165120K)
[640.747s][info][gc,metaspace   ] GC(276) Metaspace: 28994K(29248K)->28994K(29248K) NonClass: 25892K(25984K)->25892K(25984K) Class: 3102K(3264K)->3102K(3264K)
[640.747s][info][gc             ] GC(276) Pause Young (Allocation Failure) 6324M->4234M(6520M) 107.630ms
[640.747s][info][gc,cpu         ] GC(276) User=0.61s Sys=0.03s Real=0.11s
.[642.095s][info][gc,start       ] GC(277) Pause Young (Allocation Failure)
[642.244s][info][gc,heap        ] GC(277) PSYoungGen: 2428436K(2511360K)->153984K(2520064K) Eden: 2257408K(2257408K)->0K(2291712K) From: 171028K(253952K)->153984K(228352K)
[642.244s][info][gc,heap        ] GC(277) ParOldGen: 4164982K(4165120K)->4273502K(4273664K)
[642.244s][info][gc,metaspace   ] GC(277) Metaspace: 28994K(29248K)->28994K(29248K) NonClass: 25892K(25984K)->25892K(25984K) Class: 3102K(3264K)->3102K(3264K)
[642.244s][info][gc             ] GC(277) Pause Young (Allocation Failure) 6438M->4323M(6634M) 148.930ms
[642.244s][info][gc,cpu         ] GC(277) User=0.57s Sys=0.03s Real=0.14s
.[643.468s][info][gc,start       ] GC(278) Pause Young (Allocation Failure)
[643.568s][info][gc,heap        ] GC(278) PSYoungGen: 2445696K(2520064K)->160576K(2532864K) Eden: 2291712K(2291712K)->0K(2291712K) From: 153984K(228352K)->160576K(241152K)
[643.568s][info][gc,heap        ] GC(278) ParOldGen: 4273502K(4273664K)->4368222K(4368384K)
[643.568s][info][gc,metaspace   ] GC(278) Metaspace: 28994K(29248K)->28994K(29248K) NonClass: 25892K(25984K)->25892K(25984K) Class: 3102K(3264K)->3102K(3264K)
[643.568s][info][gc             ] GC(278) Pause Young (Allocation Failure) 6561M->4422M(6739M) 99.937ms
[643.568s][info][gc,cpu         ] GC(278) User=0.57s Sys=0.02s Real=0.10s
.[644.929s][info][gc,start       ] GC(279) Pause Young (Allocation Failure)
[645.034s][info][gc,heap        ] GC(279) PSYoungGen: 2452288K(2532864K)->155072K(2533376K) Eden: 2291712K(2291712K)->0K(2320384K) From: 160576K(241152K)->155072K(212992K)
[645.034s][info][gc,heap        ] GC(279) ParOldGen: 4368222K(4368384K)->4483622K(4484096K)
[645.034s][info][gc,metaspace   ] GC(279) Metaspace: 28994K(29248K)->28994K(29248K) NonClass: 25892K(25984K)->25892K(25984K) Class: 3102K(3264K)->3102K(3264K)
[645.034s][info][gc             ] GC(279) Pause Young (Allocation Failure) 6660M->4529M(6853M) 104.999ms
[645.034s][info][gc,cpu         ] GC(279) User=0.59s Sys=0.04s Real=0.10s
.[646.363s][info][gc,start       ] GC(280) Pause Young (Allocation Failure)
[646.467s][info][gc,heap        ] GC(280) PSYoungGen: 2475456K(2533376K)->169464K(2547200K) Eden: 2320384K(2320384K)->0K(2320384K) From: 155072K(212992K)->169464K(226816K)
[646.467s][info][gc,heap        ] GC(280) ParOldGen: 4483622K(4484096K)->4576902K(4577280K)
[646.467s][info][gc,metaspace   ] GC(280) Metaspace: 28994K(29248K)->28994K(29248K) NonClass: 25892K(25984K)->25892K(25984K) Class: 3102K(3264K)->3102K(3264K)
[646.467s][info][gc             ] GC(280) Pause Young (Allocation Failure) 6795M->4635M(6957M) 104.693ms
[646.468s][info][gc,cpu         ] GC(280) User=0.60s Sys=0.02s Real=0.11s
.[647.671s][info][gc,start       ] GC(281) Pause Full (Diagnostic Command)
[647.671s][info][gc,phases,start] GC(281) Marking Phase
[647.992s][info][gc,phases      ] GC(281) Marking Phase 320.991ms
[647.992s][info][gc,phases,start] GC(281) Summary Phase
[647.992s][info][gc,phases      ] GC(281) Summary Phase 0.095ms
[647.992s][info][gc,phases,start] GC(281) Forward
[648.230s][info][gc,phases      ] GC(281) Forward 237.875ms
[648.230s][info][gc,phases,start] GC(281) Adjust Pointers
[648.474s][info][gc,phases      ] GC(281) Adjust Pointers 244.174ms
[648.474s][info][gc,phases,start] GC(281) Compaction Phase
[648.682s][info][gc,phases      ] GC(281) Compaction Phase 208.202ms
[648.685s][info][gc,phases,start] GC(281) Post Compact
[648.691s][info][gc,phases      ] GC(281) Post Compact 5.892ms
[648.691s][info][gc,heap        ] GC(281) PSYoungGen: 2220093K(2547200K)->0K(2547200K) Eden: 2050629K(2320384K)->0K(2320384K) From: 169464K(226816K)->0K(226816K)
[648.691s][info][gc,heap        ] GC(281) ParOldGen: 4576902K(4577280K)->1353940K(4577280K)
[648.691s][info][gc,metaspace   ] GC(281) Metaspace: 28994K(29248K)->28994K(29248K) NonClass: 25892K(25984K)->25892K(25984K) Class: 3102K(3264K)->3102K(3264K)
[648.691s][info][gc             ] GC(281) Pause Full (Diagnostic Command) 6637M->1322M(6957M) 1020.120ms
[648.691s][info][gc,cpu         ] GC(281) User=5.29s Sys=0.00s Real=1.02s
?.[649.828s][info][gc,start       ] GC(282) Pause Young (Allocation Failure)
[649.912s][info][gc,heap        ] GC(282) PSYoungGen: 2320384K(2547200K)->178671K(2569216K) Eden: 2320384K(2320384K)->0K(2344448K) From: 0K(226816K)->178671K(224768K)
[649.912s][info][gc,heap        ] GC(282) ParOldGen: 1353940K(4577280K)->1353940K(4577280K)
[649.912s][info][gc,metaspace   ] GC(282) Metaspace: 28996K(29248K)->28996K(29248K) NonClass: 25894K(25984K)->25894K(25984K) Class: 3102K(3264K)->3102K(3264K)
[649.912s][info][gc             ] GC(282) Pause Young (Allocation Failure) 3588M->1496M(6979M) 83.757ms
[649.912s][info][gc,cpu         ] GC(282) User=0.45s Sys=0.04s Real=0.08s
.[651.405s][info][gc,start       ] GC(283) Pause Young (Allocation Failure)
[651.502s][info][gc,heap        ] GC(283) PSYoungGen: 2523119K(2569216K)->152640K(2497536K) Eden: 2344448K(2344448K)->0K(2344448K) From: 178671K(224768K)->152640K(153088K)
[651.502s][info][gc,heap        ] GC(283) ParOldGen: 1353940K(4577280K)->1472724K(4577280K)
[651.502s][info][gc,metaspace   ] GC(283) Metaspace: 28996K(29248K)->28996K(29248K) NonClass: 25894K(25984K)->25894K(25984K) Class: 3102K(3264K)->3102K(3264K)
[651.502s][info][gc             ] GC(283) Pause Young (Allocation Failure) 3786M->1587M(6909M) 97.174ms
[651.502s][info][gc,cpu         ] GC(283) User=0.58s Sys=0.00s Real=0.09s
..[652.889s][info][gc,start       ] GC(284) Pause Young (Allocation Failure)
[652.989s][info][gc,heap        ] GC(284) PSYoungGen: 2497088K(2497536K)->170630K(2567168K) Eden: 2344448K(2344448K)->0K(2347008K) From: 152640K(153088K)->170630K(220160K)
[652.989s][info][gc,heap        ] GC(284) ParOldGen: 1472724K(4577280K)->1565468K(4577280K)
[652.989s][info][gc,metaspace   ] GC(284) Metaspace: 28996K(29248K)->28996K(29248K) NonClass: 25894K(25984K)->25894K(25984K) Class: 3102K(3264K)->3102K(3264K)
[652.989s][info][gc             ] GC(284) Pause Young (Allocation Failure) 3876M->1695M(6977M) 99.819ms
[652.989s][info][gc,cpu         ] GC(284) User=0.59s Sys=0.00s Real=0.10s
.[654.432s][info][gc,start       ] GC(285) Pause Young (Allocation Failure)
[654.520s][info][gc,heap        ] GC(285) PSYoungGen: 2517638K(2567168K)->145632K(2565632K) Eden: 2347008K(2347008K)->0K(2347008K) From: 170630K(220160K)->145632K(218624K)
[654.520s][info][gc,heap        ] GC(285) ParOldGen: 1565468K(4577280K)->1659340K(4577280K)
[654.520s][info][gc,metaspace   ] GC(285) Metaspace: 28996K(29248K)->28996K(29248K) NonClass: 25894K(25984K)->25894K(25984K) Class: 3102K(3264K)->3102K(3264K)
[654.520s][info][gc             ] GC(285) Pause Young (Allocation Failure) 3987M->1762M(6975M) 88.912ms
[654.520s][info][gc,cpu         ] GC(285) User=0.53s Sys=0.00s Real=0.09s
.[655.779s][info][gc,start       ] GC(286) Pause Young (Allocation Failure)
[655.874s][info][gc,heap        ] GC(286) PSYoungGen: 2492640K(2565632K)->165355K(2574336K) Eden: 2347008K(2347008K)->0K(2360320K) From: 145632K(218624K)->165355K(214016K)
[655.874s][info][gc,heap        ] GC(286) ParOldGen: 1659340K(4577280K)->1756740K(4577280K)
[655.874s][info][gc,metaspace   ] GC(286) Metaspace: 28996K(29248K)->28996K(29248K) NonClass: 25894K(25984K)->25894K(25984K) Class: 3102K(3264K)->3102K(3264K)
[655.874s][info][gc             ] GC(286) Pause Young (Allocation Failure) 4054M->1877M(6984M) 95.125ms
[655.874s][info][gc,cpu         ] GC(286) User=0.57s Sys=0.00s Real=0.09s
[656.940s][info][gc,start       ] GC(287) Pause Young (Allocation Failure)
[657.045s][info][gc,heap        ] GC(287) PSYoungGen: 2525675K(2574336K)->195776K(2572288K) Eden: 2360320K(2360320K)->0K(2360320K) From: 165355K(214016K)->195776K(211968K)
[657.045s][info][gc,heap        ] GC(287) ParOldGen: 1756740K(4577280K)->1855900K(4577280K)
[657.045s][info][gc,metaspace   ] GC(287) Metaspace: 28996K(29248K)->28996K(29248K) NonClass: 25894K(25984K)->25894K(25984K) Class: 3102K(3264K)->3102K(3264K)
[657.045s][info][gc             ] GC(287) Pause Young (Allocation Failure) 4182M->2003M(6982M) 105.787ms
[657.045s][info][gc,cpu         ] GC(287) User=0.63s Sys=0.00s Real=0.11s
..[658.437s][info][gc,start       ] GC(288) Pause Young (Allocation Failure)
[658.535s][info][gc,heap        ] GC(288) PSYoungGen: 2556096K(2572288K)->147520K(2578944K) Eden: 2360320K(2360320K)->0K(2358272K) From: 195776K(211968K)->147520K(220672K)
[658.535s][info][gc,heap        ] GC(288) ParOldGen: 1855900K(4577280K)->1986692K(4577280K)
[658.535s][info][gc,metaspace   ] GC(288) Metaspace: 28996K(29248K)->28996K(29248K) NonClass: 25894K(25984K)->25894K(25984K) Class: 3102K(3264K)->3102K(3264K)
[658.535s][info][gc             ] GC(288) Pause Young (Allocation Failure) 4308M->2084M(6988M) 98.065ms
[658.535s][info][gc,cpu         ] GC(288) User=0.58s Sys=0.00s Real=0.10s
.[659.938s][info][gc,start       ] GC(289) Pause Young (Allocation Failure)
[660.037s][info][gc,heap        ] GC(289) PSYoungGen: 2505792K(2578944K)->156720K(2515456K) Eden: 2358272K(2358272K)->0K(2358272K) From: 147520K(220672K)->156720K(157184K)
[660.037s][info][gc,heap        ] GC(289) ParOldGen: 1986692K(4577280K)->2096212K(4577280K)
[660.037s][info][gc,metaspace   ] GC(289) Metaspace: 28996K(29248K)->28996K(29248K) NonClass: 25894K(25984K)->25894K(25984K) Class: 3102K(3264K)->3102K(3264K)
[660.037s][info][gc             ] GC(289) Pause Young (Allocation Failure) 4387M->2200M(6926M) 98.262ms
[660.037s][info][gc,cpu         ] GC(289) User=0.58s Sys=0.01s Real=0.10s
. (rIR:aIR:PR = 12064:11008:11000) (tPR = 163457) [IR is under limit] [PR is under limit] 
   660s: Re-initializing (term[661.423s][info][gc,start       ] GC(290) Pause Young (Allocation Failure)
[661.514s][info][gc,heap        ] GC(290) PSYoungGen: 2514992K(2515456K)->158560K(2575360K) Eden: 2358272K(2358272K)->0K(2362880K) From: 156720K(157184K)->158560K(212480K)
[661.514s][info][gc,heap        ] GC(290) ParOldGen: 2096212K(4577280K)->2187308K(4577280K)
[661.514s][info][gc,metaspace   ] GC(290) Metaspace: 28996K(29248K)->28996K(29248K) NonClass: 25894K(25984K)->25894K(25984K) Class: 3102K(3264K)->3102K(3264K)
[661.514s][info][gc             ] GC(290) Pause Young (Allocation Failure) 4503M->2290M(6985M) 91.357ms
[661.514s][info][gc,cpu         ] GC(290) User=0.54s Sys=0.00s Real=0.09s
[662.789s][info][gc,start       ] GC(291) Pause Young (Allocation Failure)
[662.901s][info][gc,heap        ] GC(291) PSYoungGen: 2521440K(2575360K)->187802K(2570752K) Eden: 2362880K(2362880K)->0K(2362880K) From: 158560K(212480K)->187802K(207872K)
[662.901s][info][gc,heap        ] GC(291) ParOldGen: 2187308K(4577280K)->2304324K(4577280K)
[662.901s][info][gc,metaspace   ] GC(291) Metaspace: 28997K(29248K)->28997K(29248K) NonClass: 25895K(25984K)->25895K(25984K) Class: 3102K(3264K)->3102K(3264K)
[662.901s][info][gc             ] GC(291) Pause Young (Allocation Failure) 4598M->2433M(6980M) 111.606ms
[662.901s][info][gc,cpu         ] GC(291) User=0.67s Sys=0.00s Real=0.11s
[664.235s][info][gc,start       ] GC(292) Pause Young (Allocation Failure)
[664.358s][info][gc,heap        ] GC(292) PSYoungGen: 2550682K(2570752K)->186762K(2574848K) Eden: 2362880K(2362880K)->0K(2361856K) From: 187802K(207872K)->186762K(212992K)
[664.358s][info][gc,heap        ] GC(292) ParOldGen: 2304324K(4577280K)->2439300K(4577280K)
[664.358s][info][gc,metaspace   ] GC(292) Metaspace: 28997K(29248K)->28997K(29248K) NonClass: 25895K(25984K)->25895K(25984K) Class: 3102K(3264K)->3102K(3264K)
[664.358s][info][gc             ] GC(292) Pause Young (Allocation Failure) 4741M->2564M(6984M) 123.019ms
[664.358s][info][gc,cpu         ] GC(292) User=0.71s Sys=0.02s Real=0.12s
) [665.253s][info][gc,start       ] GC(293) Pause Full (System.gc())
[665.253s][info][gc,phases,start] GC(293) Marking Phase
[665.275s][info][gc,phases      ] GC(293) Marking Phase 21.771ms
[665.275s][info][gc,phases,start] GC(293) Summary Phase
[665.275s][info][gc,phases      ] GC(293) Summary Phase 0.046ms
[665.275s][info][gc,phases,start] GC(293) Forward
[665.279s][info][gc,phases      ] GC(293) Forward 3.606ms
[665.279s][info][gc,phases,start] GC(293) Adjust Pointers
[665.294s][info][gc,phases      ] GC(293) Adjust Pointers 14.665ms
[665.294s][info][gc,phases,start] GC(293) Compaction Phase
[665.305s][info][gc,phases      ] GC(293) Compaction Phase 11.058ms
[665.305s][info][gc,phases,start] GC(293) Post Compact
[665.308s][info][gc,phases      ] GC(293) Post Compact 3.737ms
[665.309s][info][gc,heap        ] GC(293) PSYoungGen: 1816181K(2574848K)->0K(2574848K) Eden: 1629418K(2361856K)->0K(2361856K) From: 186762K(212992K)->0K(212992K)
[665.309s][info][gc,heap        ] GC(293) ParOldGen: 2439300K(4577280K)->326783K(4577280K)
[665.309s][info][gc,metaspace   ] GC(293) Metaspace: 28998K(29248K)->28998K(29248K) NonClass: 25896K(25984K)->25896K(25984K) Class: 3102K(3264K)->3102K(3264K)
[665.309s][info][gc             ] GC(293) Pause Full (System.gc()) 4155M->319M(6984M) 55.149ms
[665.309s][info][gc,cpu         ] GC(293) User=0.23s Sys=0.00s Real=0.06s
(init[666.691s][info][gc,start       ] GC(294) Pause Young (Allocation Failure)
[667.035s][info][gc,heap        ] GC(294) PSYoungGen: 2361856K(2574848K)->217083K(2578944K) Eden: 2361856K(2361856K)->0K(2361856K) From: 0K(212992K)->217083K(217088K)
[667.035s][info][gc,heap        ] GC(294) ParOldGen: 326783K(4577280K)->844621K(4577280K)
[667.035s][info][gc,metaspace   ] GC(294) Metaspace: 29002K(29248K)->29002K(29248K) NonClass: 25900K(25984K)->25900K(25984K) Class: 3102K(3264K)->3102K(3264K)
[667.035s][info][gc             ] GC(294) Pause Young (Allocation Failure) 2625M->1036M(6988M) 344.073ms
[667.035s][info][gc,cpu         ] GC(294) User=2.06s Sys=0.00s Real=0.35s
) ... OK
   670s: high-bound for max-jOPS is measured to be 13837
   670s: 
   670s: Restarting (term) [671.023s][info][gc,start       ] GC(295) Pause Full (System.gc())
[671.023s][info][gc,phases,start] GC(295) Marking Phase
[671.044s][info][gc,phases      ] GC(295) Marking Phase 20.693ms
[671.044s][info][gc,phases,start] GC(295) Summary Phase
[671.044s][info][gc,phases      ] GC(295) Summary Phase 0.036ms
[671.044s][info][gc,phases,start] GC(295) Forward
[671.047s][info][gc,phases      ] GC(295) Forward 2.747ms
[671.047s][info][gc,phases,start] GC(295) Adjust Pointers
[671.061s][info][gc,phases      ] GC(295) Adjust Pointers 14.228ms
[671.061s][info][gc,phases,start] GC(295) Compaction Phase
[671.072s][info][gc,phases      ] GC(295) Compaction Phase 11.036ms
[671.072s][info][gc,phases,start] GC(295) Post Compact
[671.075s][info][gc,phases      ] GC(295) Post Compact 3.047ms
[671.075s][info][gc,heap        ] GC(295) PSYoungGen: 2521473K(2578944K)->0K(2578944K) Eden: 2304390K(2361856K)->0K(2361856K) From: 217083K(217088K)->0K(217088K)
[671.075s][info][gc,heap        ] GC(295) ParOldGen: 844621K(4577280K)->326345K(4577280K)
[671.075s][info][gc,metaspace   ] GC(295) Metaspace: 29009K(29248K)->29009K(29248K) NonClass: 25907K(25984K)->25907K(25984K) Class: 3102K(3264K)->3102K(3264K)
[671.075s][info][gc             ] GC(295) Pause Full (System.gc()) 3287M->318M(6988M) 52.039ms
[671.075s][info][gc,cpu         ] GC(295) User=0.21s Sys=0.00s Real=0.06s
(init[672.102s][info][gc,start       ] GC(296) Pause Young (Allocation Failure)
[672.438s][info][gc,heap        ] GC(296) PSYoungGen: 2361856K(2578944K)->217078K(1832448K) Eden: 2361856K(2361856K)->0K(1615360K) From: 0K(217088K)->217078K(217088K)
[672.438s][info][gc,heap        ] GC(296) ParOldGen: 326345K(4577280K)->839204K(4577280K)
[672.438s][info][gc,metaspace   ] GC(296) Metaspace: 29011K(29312K)->29011K(29312K) NonClass: 25908K(26048K)->25908K(26048K) Class: 3102K(3264K)->3102K(3264K)
[672.438s][info][gc             ] GC(296) Pause Young (Allocation Failure) 2625M->1031M(6259M) 336.220ms
[672.438s][info][gc,cpu         ] GC(296) User=2.00s Sys=0.02s Real=0.34s
[673.657s][info][gc,start       ] GC(297) Pause Young (Allocation Failure)
[673.864s][info][gc,heap        ] GC(297) PSYoungGen: 1832438K(1832448K)->395247K(2010624K) Eden: 1615360K(1615360K)->0K(1615360K) From: 217078K(217088K)->395247K(395264K)
[673.864s][info][gc,heap        ] GC(297) ParOldGen: 839204K(4577280K)->946676K(4577280K)
[673.864s][info][gc,metaspace   ] GC(297) Metaspace: 29011K(29312K)->29011K(29312K) NonClass: 25908K(26048K)->25908K(26048K) Class: 3102K(3264K)->3102K(3264K)
[673.864s][info][gc             ] GC(297) Pause Young (Allocation Failure) 2609M->1310M(6433M) 207.503ms
[673.864s][info][gc,cpu         ] GC(297) User=1.24s Sys=0.00s Real=0.20s
) ... OK
   676s: 
   676s: Warmup for building throughput-responsetime curve
   676s: (10%)   IR =   1384 ...[680.344s][info][gc,start       ] GC(298) Pause Young (Allocation Failure)
[680.626s][info][gc,heap        ] GC(298) PSYoungGen: 2010607K(2010624K)->603632K(1753088K) Eden: 1615360K(1615360K)->0K(1149440K) From: 395247K(395264K)->603632K(603648K)
[680.626s][info][gc,heap        ] GC(298) ParOldGen: 946676K(4577280K)->1308904K(4577280K)
[680.626s][info][gc,metaspace   ] GC(298) Metaspace: 29019K(29376K)->29019K(29376K) NonClass: 25916K(26112K)->25916K(26112K) Class: 3102K(3264K)->3102K(3264K)
[680.626s][info][gc             ] GC(298) Pause Young (Allocation Failure) 2887M->1867M(6182M) 281.861ms
[680.626s][info][gc,cpu         ] GC(298) User=1.69s Sys=0.00s Real=0.29s
.....[685.790s][info][gc,start       ] GC(299) Pause Young (Allocation Failure)
[685.966s][info][gc,heap        ] GC(299) PSYoungGen: 1753072K(1753088K)->76064K(1225728K) Eden: 1149440K(1149440K)->0K(1149440K) From: 603632K(603648K)->76064K(76288K)
[685.966s][info][gc,heap        ] GC(299) ParOldGen: 1308904K(4577280K)->1833329K(4577280K)
[685.966s][info][gc,metaspace   ] GC(299) Metaspace: 29019K(29376K)->29019K(29376K) NonClass: 25916K(26112K)->25916K(26112K) Class: 3102K(3264K)->3102K(3264K)
[685.966s][info][gc             ] GC(299) Pause Young (Allocation Failure) 2990M->1864M(5667M) 175.882ms
[685.966s][info][gc,cpu         ] GC(299) User=1.05s Sys=0.00s Real=0.18s
......[691.568s][info][gc,start       ] GC(300) Pause Young (Allocation Failure)
[691.626s][info][gc,heap        ] GC(300) PSYoungGen: 1225504K(1225728K)->76896K(1979904K) Eden: 1149440K(1149440K)->0K(1156096K) From: 76064K(76288K)->76896K(823808K)
[691.626s][info][gc,heap        ] GC(300) ParOldGen: 1833329K(4577280K)->1896233K(4577280K)
[691.626s][info][gc,metaspace   ] GC(300) Metaspace: 29019K(29376K)->29019K(29376K) NonClass: 25916K(26112K)->25916K(26112K) Class: 3102K(3264K)->3102K(3264K)
[691.626s][info][gc             ] GC(300) Pause Young (Allocation Failure) 2987M->1926M(6403M) 58.371ms
[691.626s][info][gc,cpu         ] GC(300) User=0.35s Sys=0.00s Real=0.06s
......[697.289s][info][gc,start       ] GC(301) Pause Young (Allocation Failure)
[697.345s][info][gc,heap        ] GC(301) PSYoungGen: 1232992K(1979904K)->76400K(1232896K) Eden: 1156096K(1156096K)->0K(1156096K) From: 76896K(823808K)->76400K(76800K)
[697.345s][info][gc,heap        ] GC(301) ParOldGen: 1896233K(4577280K)->1961617K(4577280K)
[697.345s][info][gc,metaspace   ] GC(301) Metaspace: 29019K(29376K)->29019K(29376K) NonClass: 25916K(26112K)->25916K(26112K) Class: 3102K(3264K)->3102K(3264K)
[697.345s][info][gc             ] GC(301) Pause Young (Allocation Failure) 3055M->1990M(5674M) 56.237ms
[697.345s][info][gc,cpu         ] GC(301) User=0.34s Sys=0.00s Real=0.06s
......[703.188s][info][gc,start       ] GC(302) Pause Young (Allocation Failure)
[703.243s][info][gc,heap        ] GC(302) PSYoungGen: 1232496K(1232896K)->77824K(1977344K) Eden: 1156096K(1156096K)->0K(1174528K) From: 76400K(76800K)->77824K(802816K)
[703.243s][info][gc,heap        ] GC(302) ParOldGen: 1961617K(4577280K)->2026769K(4577280K)
[703.243s][info][gc,metaspace   ] GC(302) Metaspace: 29019K(29376K)->29019K(29376K) NonClass: 25916K(26112K)->25916K(26112K) Class: 3102K(3264K)->3102K(3264K)
[703.243s][info][gc             ] GC(302) Pause Young (Allocation Failure) 3119M->2055M(6401M) 54.976ms
[703.243s][info][gc,cpu         ] GC(302) User=0.32s Sys=0.00s Real=0.05s
......[709.167s][info][gc,start       ] GC(303) Pause Young (Allocation Failure)
[709.223s][info][gc,heap        ] GC(303) PSYoungGen: 1252352K(1977344K)->78592K(1958912K) Eden: 1174528K(1174528K)->0K(1174528K) From: 77824K(802816K)->78592K(784384K)
[709.223s][info][gc,heap        ] GC(303) ParOldGen: 2026769K(4577280K)->2092738K(4577280K)
[709.223s][info][gc,metaspace   ] GC(303) Metaspace: 29019K(29376K)->29019K(29376K) NonClass: 25916K(26112K)->25916K(26112K) Class: 3102K(3264K)->3102K(3264K)
[709.223s][info][gc             ] GC(303) Pause Young (Allocation Failure) 3202M->2120M(6383M) 55.358ms
[709.223s][info][gc,cpu         ] GC(303) User=0.32s Sys=0.00s Real=0.05s
......[715.127s][info][gc,start       ] GC(304) Pause Young (Allocation Failure)
[715.184s][info][gc,heap        ] GC(304) PSYoungGen: 1253120K(1958912K)->80304K(1987072K) Eden: 1174528K(1174528K)->0K(1233408K) From: 78592K(784384K)->80304K(753664K)
[715.184s][info][gc,heap        ] GC(304) ParOldGen: 2092738K(4577280K)->2159282K(4577280K)
[715.184s][info][gc,metaspace   ] GC(304) Metaspace: 29019K(29376K)->29019K(29376K) NonClass: 25916K(26112K)->25916K(26112K) Class: 3102K(3264K)->3102K(3264K)
[715.184s][info][gc             ] GC(304) Pause Young (Allocation Failure) 3267M->2187M(6410M) 56.653ms
[715.184s][info][gc,cpu         ] GC(304) User=0.33s Sys=0.00s Real=0.05s
......[721.530s][info][gc,start       ] GC(305) Pause Young (Allocation Failure)
[721.588s][info][gc,heap        ] GC(305) PSYoungGen: 1313712K(1987072K)->84336K(1971200K) Eden: 1233408K(1233408K)->0K(1233408K) From: 80304K(753664K)->84336K(737792K)
[721.588s][info][gc,heap        ] GC(305) ParOldGen: 2159282K(4577280K)->2225594K(4577280K)
[721.588s][info][gc,metaspace   ] GC(305) Metaspace: 29019K(29376K)->29019K(29376K) NonClass: 25916K(26112K)->25916K(26112K) Class: 3102K(3264K)->3102K(3264K)
[721.588s][info][gc             ] GC(305) Pause Young (Allocation Failure) 3391M->2255M(6395M) 57.887ms
[721.588s][info][gc,cpu         ] GC(305) User=0.34s Sys=0.00s Real=0.06s
......[727.812s][info][gc,start       ] GC(306) Pause Young (Allocation Failure)
[727.870s][info][gc,heap        ] GC(306) PSYoungGen: 1317744K(1971200K)->82848K(2030080K) Eden: 1233408K(1233408K)->0K(1332736K) From: 84336K(737792K)->82848K(697344K)
[727.870s][info][gc,heap        ] GC(306) ParOldGen: 2225594K(4577280K)->2296298K(4577280K)
[727.870s][info][gc,metaspace   ] GC(306) Metaspace: 29019K(29376K)->29019K(29376K) NonClass: 25916K(26112K)->25916K(26112K) Class: 3102K(3264K)->3102K(3264K)
[727.870s][info][gc             ] GC(306) Pause Young (Allocation Failure) 3460M->2323M(6452M) 58.319ms
[727.870s][info][gc,cpu         ] GC(306) User=0.34s Sys=0.00s Real=0.06s
.......[734.637s][info][gc,start       ] GC(307) Pause Young (Allocation Failure)
[734.696s][info][gc,heap        ] GC(307) PSYoungGen: 1415584K(2030080K)->89280K(2014720K) Eden: 1332736K(1332736K)->0K(1332736K) From: 82848K(697344K)->89280K(681984K)
[734.696s][info][gc,heap        ] GC(307) ParOldGen: 2296298K(4577280K)->2364026K(4577280K)
[734.696s][info][gc,metaspace   ] GC(307) Metaspace: 29019K(29376K)->29019K(29376K) NonClass: 25916K(26112K)->25916K(26112K) Class: 3102K(3264K)->3102K(3264K)
[734.696s][info][gc             ] GC(307) Pause Young (Allocation Failure) 3624M->2395M(6437M) 59.372ms
[734.696s][info][gc,cpu         ] GC(307) User=0.35s Sys=0.00s Real=0.06s
.......[741.564s][info][gc,start       ] GC(308) Pause Young (Allocation Failure)
[741.626s][info][gc,heap        ] GC(308) PSYoungGen: 1422016K(2014720K)->90160K(2084352K) Eden: 1332736K(1332736K)->0K(1446400K) From: 89280K(681984K)->90160K(637952K)
[741.626s][info][gc,heap        ] GC(308) ParOldGen: 2364026K(4577280K)->2436874K(4577280K)
[741.626s][info][gc,metaspace   ] GC(308) Metaspace: 29019K(29376K)->29019K(29376K) NonClass: 25916K(26112K)->25916K(26112K) Class: 3102K(3264K)->3102K(3264K)
[741.626s][info][gc             ] GC(308) Pause Young (Allocation Failure) 3697M->2467M(6505M) 62.101ms
[741.626s][info][gc,cpu         ] GC(308) User=0.37s Sys=0.00s Real=0.07s
.......[748.895s][info][gc,start       ] GC(309) Pause Young (Allocation Failure)
[748.959s][info][gc,heap        ] GC(309) PSYoungGen: 1536560K(2084352K)->95088K(2068480K) Eden: 1446400K(1446400K)->0K(1446400K) From: 90160K(637952K)->95088K(622080K)
[748.959s][info][gc,heap        ] GC(309) ParOldGen: 2436874K(4577280K)->2509258K(4577280K)
[748.959s][info][gc,metaspace   ] GC(309) Metaspace: 29019K(29376K)->29019K(29376K) NonClass: 25916K(26112K)->25916K(26112K) Class: 3102K(3264K)->3102K(3264K)
[748.959s][info][gc             ] GC(309) Pause Young (Allocation Failure) 3880M->2543M(6490M) 63.991ms
[748.959s][info][gc,cpu         ] GC(309) User=0.38s Sys=0.00s Real=0.06s
........[756.321s][info][gc,start       ] GC(310) Pause Young (Allocation Failure)
[756.389s][info][gc,heap        ] GC(310) PSYoungGen: 1541488K(2068480K)->100176K(2143232K) Eden: 1446400K(1446400K)->0K(1566720K) From: 95088K(622080K)->100176K(576512K)
[756.389s][info][gc,heap        ] GC(310) ParOldGen: 2509258K(4577280K)->2585762K(4577280K)
[756.389s][info][gc,metaspace   ] GC(310) Metaspace: 29019K(29376K)->29019K(29376K) NonClass: 25916K(26112K)->25916K(26112K) Class: 3102K(3264K)->3102K(3264K)
[756.389s][info][gc             ] GC(310) Pause Young (Allocation Failure) 3955M->2622M(6563M) 67.988ms
[756.389s][info][gc,cpu         ] GC(310) User=0.40s Sys=0.00s Real=0.07s
........[764.300s][info][gc,start       ] GC(311) Pause Young (Allocation Failure)
[764.366s][info][gc,heap        ] GC(311) PSYoungGen: 1666896K(2143232K)->101504K(2127360K) Eden: 1566720K(1566720K)->0K(1566720K) From: 100176K(576512K)->101504K(560640K)
[764.366s][info][gc,heap        ] GC(311) ParOldGen: 2585762K(4577280K)->2661322K(4577280K)
[764.366s][info][gc,metaspace   ] GC(311) Metaspace: 29019K(29376K)->29019K(29376K) NonClass: 25916K(26112K)->25916K(26112K) Class: 3102K(3264K)->3102K(3264K)
[764.366s][info][gc             ] GC(311) Pause Young (Allocation Failure) 4152M->2698M(6547M) 65.881ms
[764.366s][info][gc,cpu         ] GC(311) User=0.40s Sys=0.00s Real=0.07s
........[772.417s][info][gc,start       ] GC(312) Pause Young (Allocation Failure)
[772.486s][info][gc,heap        ] GC(312) PSYoungGen: 1668224K(2127360K)->183648K(2207744K) Eden: 1566720K(1566720K)->0K(1686528K) From: 101504K(560640K)->183648K(521216K)
[772.486s][info][gc,heap        ] GC(312) ParOldGen: 2661322K(4577280K)->2661322K(4577280K)
[772.486s][info][gc,metaspace   ] GC(312) Metaspace: 29019K(29376K)->29019K(29376K) NonClass: 25916K(26112K)->25916K(26112K) Class: 3102K(3264K)->3102K(3264K)
[772.486s][info][gc             ] GC(312) Pause Young (Allocation Failure) 4228M->2778M(6626M) 68.628ms
[772.486s][info][gc,cpu         ] GC(312) User=0.41s Sys=0.00s Real=0.07s
.........[781.140s][info][gc,start       ] GC(313) Pause Young (Allocation Failure)
[781.231s][info][gc,heap        ] GC(313) PSYoungGen: 1870176K(2207744K)->254352K(2190336K) Eden: 1686528K(1686528K)->0K(1686528K) From: 183648K(521216K)->254352K(503808K)
[781.231s][info][gc,heap        ] GC(313) ParOldGen: 2661322K(4577280K)->2661322K(4577280K)
[781.231s][info][gc,metaspace   ] GC(313) Metaspace: 29019K(29376K)->29019K(29376K) NonClass: 25916K(26112K)->25916K(26112K) Class: 3102K(3264K)->3102K(3264K)
[781.231s][info][gc             ] GC(313) Pause Young (Allocation Failure) 4425M->2847M(6609M) 90.788ms
[781.231s][info][gc,cpu         ] GC(313) User=0.54s Sys=0.00s Real=0.09s
........[789.547s][info][gc,start       ] GC(314) Pause Young (Allocation Failure)
[789.649s][info][gc,heap        ] GC(314) PSYoungGen: 1940880K(2190336K)->308080K(2255360K) Eden: 1686528K(1686528K)->0K(1750528K) From: 254352K(503808K)->308080K(504832K)
[789.649s][info][gc,heap        ] GC(314) ParOldGen: 2661322K(4577280K)->2661322K(4577280K)
[789.649s][info][gc,metaspace   ] GC(314) Metaspace: 29019K(29376K)->29019K(29376K) NonClass: 25916K(26112K)->25916K(26112K) Class: 3102K(3264K)->3102K(3264K)
[789.649s][info][gc             ] GC(314) Pause Young (Allocation Failure) 4494M->2899M(6672M) 102.590ms
[789.649s][info][gc,cpu         ] GC(314) User=0.61s Sys=0.00s Real=0.10s
.........[798.704s][info][gc,start       ] GC(315) Pause Young (Allocation Failure)
[798.822s][info][gc,heap        ] GC(315) PSYoungGen: 2058608K(2255360K)->356192K(2106880K) Eden: 1750528K(1750528K)->0K(1750528K) From: 308080K(504832K)->356192K(356352K)
[798.822s][info][gc,heap        ] GC(315) ParOldGen: 2661322K(4577280K)->2661322K(4577280K)
[798.822s][info][gc,metaspace   ] GC(315) Metaspace: 29019K(29376K)->29019K(29376K) NonClass: 25916K(26112K)->25916K(26112K) Class: 3102K(3264K)->3102K(3264K)
[798.822s][info][gc             ] GC(315) Pause Young (Allocation Failure) 4609M->2946M(6527M) 117.902ms
[798.822s][info][gc,cpu         ] GC(315) User=0.69s Sys=0.00s Real=0.12s
.........[807.623s][info][gc,start       ] GC(316) Pause Young (Allocation Failure)
[807.756s][info][gc,heap        ] GC(316) PSYoungGen: 2106720K(2106880K)->363264K(2192384K) Eden: 1750528K(1750528K)->0K(1638912K) From: 356192K(356352K)->363264K(553472K)
[807.756s][info][gc,heap        ] GC(316) ParOldGen: 2661322K(4577280K)->2693954K(4577280K)
[807.756s][info][gc,metaspace   ] GC(316) Metaspace: 29023K(29376K)->29023K(29376K) NonClass: 25921K(26112K)->25921K(26112K) Class: 3102K(3264K)->3102K(3264K)
[807.756s][info][gc             ] GC(316) Pause Young (Allocation Failure) 4656M->2985M(6611M) 132.470ms
[807.756s][info][gc,cpu         ] GC(316) User=0.78s Sys=0.00s Real=0.14s
........[815.928s][info][gc,start       ] GC(317) Pause Young (Allocation Failure)
[816.059s][info][gc,heap        ] GC(317) PSYoungGen: 2002176K(2192384K)->360272K(1999360K) Eden: 1638912K(1638912K)->0K(1638912K) From: 363264K(553472K)->360272K(360448K)
[816.059s][info][gc,heap        ] GC(317) ParOldGen: 2693954K(4577280K)->2726778K(4577280K)
[816.059s][info][gc,metaspace   ] GC(317) Metaspace: 29023K(29376K)->29023K(29376K) NonClass: 25921K(26112K)->25921K(26112K) Class: 3102K(3264K)->3102K(3264K)
[816.059s][info][gc             ] GC(317) Pause Young (Allocation Failure) 4586M->3014M(6422M) 130.802ms
[816.059s][info][gc,cpu         ] GC(317) User=0.78s Sys=0.00s Real=0.13s
.........[824.372s][info][gc,start       ] GC(318) Pause Young (Allocation Failure)
[824.499s][info][gc,heap        ] GC(318) PSYoungGen: 1999184K(1999360K)->357584K(2179072K) Eden: 1638912K(1638912K)->0K(1583616K) From: 360272K(360448K)->357584K(595456K)
[824.499s][info][gc,heap        ] GC(318) ParOldGen: 2726778K(4577280K)->2762146K(4577280K)
[824.499s][info][gc,metaspace   ] GC(318) Metaspace: 29023K(29376K)->29023K(29376K) NonClass: 25921K(26112K)->25921K(26112K) Class: 3102K(3264K)->3102K(3264K)
[824.499s][info][gc             ] GC(318) Pause Young (Allocation Failure) 4615M->3046M(6598M) 126.882ms
[824.499s][info][gc,cpu         ] GC(318) User=0.75s Sys=0.00s Real=0.13s
........[832.345s][info][gc,start       ] GC(319) Pause Young (Allocation Failure)
[832.473s][info][gc,heap        ] GC(319) PSYoungGen: 1941200K(2179072K)->314000K(2189824K) Eden: 1583616K(1583616K)->0K(1583616K) From: 357584K(595456K)->314000K(606208K)
[832.473s][info][gc,heap        ] GC(319) ParOldGen: 2762146K(4577280K)->2843730K(4577280K)
[832.473s][info][gc,metaspace   ] GC(319) Metaspace: 29023K(29376K)->29023K(29376K) NonClass: 25921K(26112K)->25921K(26112K) Class: 3102K(3264K)->3102K(3264K)
[832.473s][info][gc             ] GC(319) Pause Young (Allocation Failure) 4593M->3083M(6608M) 128.077ms
[832.473s][info][gc,cpu         ] GC(319) User=0.76s Sys=0.00s Real=0.12s
........[840.605s][info][gc,start       ] GC(320) Pause Young (Allocation Failure)
[840.722s][info][gc,heap        ] GC(320) PSYoungGen: 1897616K(2189824K)->250784K(2120704K) Eden: 1583616K(1583616K)->0K(1593856K) From: 314000K(606208K)->250784K(526848K)
[840.722s][info][gc,heap        ] GC(320) ParOldGen: 2843730K(4577280K)->2944770K(4577280K)
[840.722s][info][gc,metaspace   ] GC(320) Metaspace: 29025K(29376K)->29025K(29376K) NonClass: 25922K(26112K)->25922K(26112K) Class: 3102K(3264K)->3102K(3264K)
[840.722s][info][gc             ] GC(320) Pause Young (Allocation Failure) 4630M->3120M(6541M) 116.819ms
[840.722s][info][gc,cpu         ] GC(320) User=0.69s Sys=0.00s Real=0.11s
........[848.721s][info][gc,start       ] GC(321) Pause Young (Allocation Failure)
[848.830s][info][gc,heap        ] GC(321) PSYoungGen: 1844640K(2120704K)->194808K(2155520K) Eden: 1593856K(1593856K)->0K(1593856K) From: 250784K(526848K)->194808K(561664K)
[848.830s][info][gc,heap        ] GC(321) ParOldGen: 2944770K(4577280K)->3064330K(4577280K)
[848.830s][info][gc,metaspace   ] GC(321) Metaspace: 29025K(29376K)->29025K(29376K) NonClass: 25922K(26112K)->25922K(26112K) Class: 3102K(3264K)->3102K(3264K)
[848.830s][info][gc             ] GC(321) Pause Young (Allocation Failure) 4677M->3182M(6575M) 109.233ms
[848.830s][info][gc,cpu         ] GC(321) User=0.65s Sys=0.00s Real=0.11s
........[856.903s][info][gc,start       ] GC(322) Pause Young (Allocation Failure)
[856.992s][info][gc,heap        ] GC(322) PSYoungGen: 1788664K(2155520K)->104096K(2209792K) Eden: 1593856K(1593856K)->0K(1694208K) From: 194808K(561664K)->104096K(515584K)
[856.992s][info][gc,heap        ] GC(322) ParOldGen: 3064330K(4577280K)->3212394K(4577280K)
[856.992s][info][gc,metaspace   ] GC(322) Metaspace: 29026K(29376K)->29026K(29376K) NonClass: 25923K(26112K)->25923K(26112K) Class: 3102K(3264K)->3102K(3264K)
[856.992s][info][gc             ] GC(322) Pause Young (Allocation Failure) 4739M->3238M(6628M) 88.836ms
[856.992s][info][gc,cpu         ] GC(322) User=0.53s Sys=0.00s Real=0.09s
. (rIR:aIR:PR = 1384:1384:1384) (tPR = 20481) [OK] 
   856s: 
   856s: Building throughput-responsetime curve
   856s: ( 0%)   IR =      0 ...|............................................................ (rIR:aIR:PR = 0:0:0) (tPR = 0) [OK] 
   919s: Performance info:
         Transaction,    Success,    Partial,     Failed,   Receipts, AvgBarcode, 
         Response times:
             Request,    Success,    Partial,     Failed,   SkipFail,     Probes,    Samples,      min,      p50,      p90,      p95,      p99,      max, 

   919s: ( 1%)   IR =    138 ....|........................[948.892s][info][gc,start       ] GC(323) Pause Full (Diagnostic Command)
[948.892s][info][gc,phases,start] GC(323) Marking Phase
[949.184s][info][gc,phases      ] GC(323) Marking Phase 292.280ms
[949.184s][info][gc,phases,start] GC(323) Summary Phase
[949.184s][info][gc,phases      ] GC(323) Summary Phase 0.058ms
[949.184s][info][gc,phases,start] GC(323) Forward
[949.325s][info][gc,phases      ] GC(323) Forward 141.167ms
[949.325s][info][gc,phases,start] GC(323) Adjust Pointers
[949.543s][info][gc,phases      ] GC(323) Adjust Pointers 217.298ms
[949.543s][info][gc,phases,start] GC(323) Compaction Phase
[949.761s][info][gc,phases      ] GC(323) Compaction Phase 218.937ms
[949.764s][info][gc,phases,start] GC(323) Post Compact
[949.767s][info][gc,phases      ] GC(323) Post Compact 3.614ms
[949.768s][info][gc,heap        ] GC(323) PSYoungGen: 724437K(2209792K)->0K(2209792K) Eden: 620341K(1694208K)->0K(1694208K) From: 104096K(515584K)->0K(515584K)
[949.768s][info][gc,heap        ] GC(323) ParOldGen: 3212394K(4577280K)->1303621K(4577280K)
[949.768s][info][gc,metaspace   ] GC(323) Metaspace: 29026K(29376K)->29026K(29376K) NonClass: 25924K(26112K)->25924K(26112K) Class: 3102K(3264K)->3102K(3264K)
[949.768s][info][gc             ] GC(323) Pause Full (Diagnostic Command) 3844M->1273M(6628M) 875.985ms
[949.768s][info][gc,cpu         ] GC(323) User=4.88s Sys=0.00s Real=0.88s
.................................... (rIR:aIR:PR = 138:138:138) (tPR = 2077) [OK] 
   984s: Performance info:
         Transaction,    Success,    Partial,     Failed,   Receipts, AvgBarcode, 
             Overall,       8371,          0,          0,       7948,      59.54, 
         Response times:
             Request,    Success,    Partial,     Failed,   SkipFail,     Probes,    Samples,      min,      p50,      p90,      p95,      p99,      max, 
       TotalPurchase,       7948,          0,          0,          0,       7280,       8399,      300,      400,      500,      600,      800,     1300,
     InStorePurchase,       4187,          0,          0,          0,       3918,       4459,      300,      400,      500,      500,      700,     1200,
      OnlinePurchase,       2921,          0,          0,          0,       2651,       3062,      300,      400,      500,      600,     1200,     1300,
        InstPurchase,        840,          0,          0,          0,        711,        878,      400,      500,      600,      600,      900,     1000,
          AssocOfCat,          8,          0,          0,          0,          6,          8,    17600,    18800,    22000,    22000,    22000,    22000,
      AssocOfProduct,         84,          0,          0,          0,         81,         88,      400,      600,      700,      800,      900,      900,
      BusinessReport,         22,          0,          0,          0,         18,         22,    22000,    25000,    27700,    31400,    32000,    32000,
          CustBuyBeh,         85,          0,          0,          0,         73,         88,      200,      300,      400,      400,      600,      600,
       ProductReturn,        224,          0,          0,          0,        169,        236,      200,      300,      300,      400,      563,      600,

   984s: ( 2%)   IR =    277 ....|....................[1009.770s][info][gc,start       ] GC(324) Pause Young (Allocation Failure)
[1009.816s][info][gc,heap        ] GC(324) PSYoungGen: 1694208K(2209792K)->107104K(2228736K) Eden: 1694208K(1694208K)->0K(1694208K) From: 0K(515584K)->107104K(534528K)
[1009.816s][info][gc,heap        ] GC(324) ParOldGen: 1303621K(4577280K)->1303621K(4577280K)
[1009.816s][info][gc,metaspace   ] GC(324) Metaspace: 29029K(29376K)->29029K(29376K) NonClass: 25926K(26112K)->25926K(26112K) Class: 3102K(3264K)->3102K(3264K)
[1009.816s][info][gc             ] GC(324) Pause Young (Allocation Failure) 2927M->1377M(6646M) 45.821ms
[1009.816s][info][gc,cpu         ] GC(324) User=0.27s Sys=0.00s Real=0.05s
........................................ (rIR:aIR:PR = 277:277:277) (tPR = 4057) [OK] 
  1048s: Performance info:
         Transaction,    Success,    Partial,     Failed,   Receipts, AvgBarcode, 
             Overall,      16633,          0,          0,      15802,      59.49, 
         Response times:
             Request,    Success,    Partial,     Failed,   SkipFail,     Probes,    Samples,      min,      p50,      p90,      p95,      p99,      max, 
       TotalPurchase,      15802,          0,          0,          0,      14867,      16557,      300,      500,      700,      800,     1000,    48000,
     InStorePurchase,       8315,          0,          0,          0,       7829,       8578,      300,      500,      700,      800,      900,    47000,
      OnlinePurchase,       5821,          0,          0,          0,       5567,       6243,      300,      500,      700,      800,      900,    47000,
        InstPurchase,       1666,          0,          0,          0,       1471,       1736,      400,      600,      800,      900,     1100,    48000,
          AssocOfCat,         16,          0,          0,          0,         15,         16,    17200,    21000,    24600,    26000,    26000,    26000,
      AssocOfProduct,        165,          0,          0,          0,        116,        178,      400,      700,      910,     1000,     1100,     1100,
      BusinessReport,         41,          0,          0,          0,         38,         42,    19300,    24000,    29700,    38650,    41000,    41000,
          CustBuyBeh,        165,          0,          0,          0,        113,        173,      200,      300,      600,      700,      800,      800,
       ProductReturn,        444,          0,          0,          0,        354,        453,      200,      300,      600,      600,      700,     1200,

  1048s: ( 3%)   IR =    415 ...[1052.194s][info][gc,start       ] GC(325) Pause Young (Allocation Failure)
[1052.264s][info][gc,heap        ] GC(325) PSYoungGen: 1801312K(2228736K)->192928K(2199040K) Eden: 1694208K(1694208K)->0K(1736192K) From: 107104K(534528K)->192928K(462848K)
[1052.264s][info][gc,heap        ] GC(325) ParOldGen: 1303621K(4577280K)->1303621K(4577280K)
[1052.264s][info][gc,metaspace   ] GC(325) Metaspace: 29034K(29376K)->29034K(29376K) NonClass: 25931K(26112K)->25931K(26112K) Class: 3102K(3264K)->3102K(3264K)
[1052.264s][info][gc             ] GC(325) Pause Young (Allocation Failure) 3032M->1461M(6617M) 70.437ms
[1052.264s][info][gc,cpu         ] GC(325) User=0.42s Sys=0.00s Real=0.07s
..|...........................[1081.414s][info][gc,start       ] GC(326) Pause Young (Allocation Failure)
[1081.506s][info][gc,heap        ] GC(326) PSYoungGen: 1929120K(2199040K)->266869K(2234880K) Eden: 1736192K(1736192K)->0K(1736192K) From: 192928K(462848K)->266869K(498688K)
[1081.506s][info][gc,heap        ] GC(326) ParOldGen: 1303621K(4577280K)->1303621K(4577280K)
[1081.506s][info][gc,metaspace   ] GC(326) Metaspace: 29034K(29376K)->29034K(29376K) NonClass: 25931K(26112K)->25931K(26112K) Class: 3102K(3264K)->3102K(3264K)
[1081.506s][info][gc             ] GC(326) Pause Young (Allocation Failure) 3156M->1533M(6652M) 92.319ms
[1081.506s][info][gc,cpu         ] GC(326) User=0.54s Sys=0.00s Real=0.10s
..............................[1111.036s][info][gc,start       ] GC(327) Pause Young (Allocation Failure)
[1111.139s][info][gc,heap        ] GC(327) PSYoungGen: 2003061K(2234880K)->315968K(2290176K) Eden: 1736192K(1736192K)->0K(1800704K) From: 266869K(498688K)->315968K(489472K)
[1111.139s][info][gc,heap        ] GC(327) ParOldGen: 1303621K(4577280K)->1303621K(4577280K)
[1111.139s][info][gc,metaspace   ] GC(327) Metaspace: 29034K(29376K)->29034K(29376K) NonClass: 25931K(26112K)->25931K(26112K) Class: 3102K(3264K)->3102K(3264K)
[1111.139s][info][gc             ] GC(327) Pause Young (Allocation Failure) 3229M->1581M(6706M) 103.861ms
[1111.139s][info][gc,cpu         ] GC(327) User=0.62s Sys=0.00s Real=0.10s
... (rIR:aIR:PR = 415:415:415) (tPR = 6047) [OK] 
  1113s: Performance info:
         Transaction,    Success,    Partial,     Failed,   Receipts, AvgBarcode, 
             Overall,      24905,          0,          0,      23662,      59.47, 
         Response times:
             Request,    Success,    Partial,     Failed,   SkipFail,     Probes,    Samples,      min,      p50,      p90,      p95,      p99,      max, 
       TotalPurchase,      23662,          0,          0,          0,      22523,      25242,      300,      600,      900,     1000,     1200,   107000,
     InStorePurchase,      12469,          0,          0,          0,      12010,      13400,      300,      600,      900,     1000,     1200,   106000,
      OnlinePurchase,       8707,          0,          0,          0,       8239,       9182,      300,      600,      900,     1000,     1300,   106000,
        InstPurchase,       2486,          0,          0,          0,       2274,       2660,      400,      600,      900,     1000,     1300,   107000,
          AssocOfCat,         24,          0,          0,          0,         23,         26,    14800,    18350,    21600,    23650,    24000,    24000,
      AssocOfProduct,        244,          0,          0,          0,        183,        265,      500,      700,      900,     1000,    74440,    98000,
      BusinessReport,         63,          0,          0,          0,         57,         66,    18700,    25000,    30000,    32000,   123000,   123000,
          CustBuyBeh,        248,          0,          0,          0,        188,        262,      200,      500,      800,     1000,    32293,   105000,
       ProductReturn,        664,          0,          0,          0,        561,        709,      200,      500,      800,      900,     1290,     2000,

  1113s: ( 4%)   IR =    553 ....|.................[1134.989s][info][gc,start       ] GC(328) Pause Young (Allocation Failure)
[1135.107s][info][gc,heap        ] GC(328) PSYoungGen: 2116672K(2290176K)->362192K(2163200K) Eden: 1800704K(1800704K)->0K(1800704K) From: 315968K(489472K)->362192K(362496K)
[1135.107s][info][gc,heap        ] GC(328) ParOldGen: 1303621K(4577280K)->1303621K(4577280K)
[1135.107s][info][gc,metaspace   ] GC(328) Metaspace: 29035K(29376K)->29035K(29376K) NonClass: 25932K(26112K)->25932K(26112K) Class: 3102K(3264K)->3102K(3264K)
[1135.107s][info][gc             ] GC(328) Pause Young (Allocation Failure) 3340M->1626M(6582M) 118.051ms
[1135.107s][info][gc,cpu         ] GC(328) User=0.70s Sys=0.00s Real=0.12s
......................[1157.792s][info][gc,start       ] GC(329) Pause Young (Allocation Failure)
[1157.920s][info][gc,heap        ] GC(329) PSYoungGen: 2162896K(2163200K)->397008K(2217984K) Eden: 1800704K(1800704K)->0K(1698304K) From: 362192K(362496K)->397008K(519680K)
[1157.920s][info][gc,heap        ] GC(329) ParOldGen: 1303621K(4577280K)->1303621K(4577280K)
[1157.920s][info][gc,metaspace   ] GC(329) Metaspace: 29035K(29376K)->29035K(29376K) NonClass: 25932K(26112K)->25932K(26112K) Class: 3102K(3264K)->3102K(3264K)
[1157.920s][info][gc             ] GC(329) Pause Young (Allocation Failure) 3385M->1660M(6636M) 127.181ms
[1157.920s][info][gc,cpu         ] GC(329) User=0.75s Sys=0.00s Real=0.13s
..................... (rIR:aIR:PR = 553:554:554) (tPR = 8210) [OK] 
  1177s: Performance info:
         Transaction,    Success,    Partial,     Failed,   Receipts, AvgBarcode, 
             Overall,      33246,          0,          0,      31584,      59.46, 
         Response times:
             Request,    Success,    Partial,     Failed,   SkipFail,     Probes,    Samples,      min,      p50,      p90,      p95,      p99,      max, 
       TotalPurchase,      31584,          0,          0,          0,      30218,      33304,      300,      700,     1100,     1200,     1400,   129000,
     InStorePurchase,      16622,          0,          0,          0,      16033,      17635,      300,      700,     1100,     1200,     1400,   129000,
      OnlinePurchase,      11639,          0,          0,          0,      11140,      12238,      300,      700,     1100,     1200,     1400,     3900,
        InstPurchase,       3323,          0,          0,          0,       3045,       3431,      400,      800,     1100,     1200,     1500,     3800,
          AssocOfCat,         33,          0,          0,          0,         30,         34,    15600,    18450,    22000,    22000,    22000,    22000,
      AssocOfProduct,        333,          0,          0,          0,        269,        359,      300,      800,     1100,     1200,     1680,     3700,
      BusinessReport,         84,          0,          0,          0,         84,         88,    18700,    25000,    30000,    30000,    32000,    32000,
          CustBuyBeh,        330,          0,          0,          0,        279,        378,      100,      500,      800,      900,     1100,     1200,
       ProductReturn,        882,          0,          0,          0,        763,        920,      200,      600,     1000,     1100,     1400,     3800,

  1177s: ( 5%)   IR =    692 .[1179.185s][info][gc,start       ] GC(330) Pause Young (Allocation Failure)
[1179.320s][info][gc,heap        ] GC(330) PSYoungGen: 2095312K(2217984K)->426336K(2124800K) Eden: 1698304K(1698304K)->0K(1698304K) From: 397008K(519680K)->426336K(426496K)
[1179.320s][info][gc,heap        ] GC(330) ParOldGen: 1303621K(4577280K)->1303621K(4577280K)
[1179.320s][info][gc,metaspace   ] GC(330) Metaspace: 29036K(29376K)->29036K(29376K) NonClass: 25933K(26112K)->25933K(26112K) Class: 3102K(3264K)->3102K(3264K)
[1179.320s][info][gc             ] GC(330) Pause Young (Allocation Failure) 3319M->1689M(6545M) 134.654ms
[1179.320s][info][gc,cpu         ] GC(330) User=0.79s Sys=0.00s Real=0.13s
.....|............[1196.304s][info][gc,start       ] GC(331) Pause Young (Allocation Failure)
[1196.445s][info][gc,heap        ] GC(331) PSYoungGen: 2124640K(2124800K)->443344K(2151424K) Eden: 1698304K(1698304K)->0K(1569280K) From: 426336K(426496K)->443344K(582144K)
[1196.445s][info][gc,heap        ] GC(331) ParOldGen: 1303621K(4577280K)->1303621K(4577280K)
[1196.445s][info][gc,metaspace   ] GC(331) Metaspace: 29036K(29376K)->29036K(29376K) NonClass: 25933K(26112K)->25933K(26112K) Class: 3102K(3264K)->3102K(3264K)
[1196.445s][info][gc             ] GC(331) Pause Young (Allocation Failure) 3347M->1706M(6571M) 140.285ms
[1196.445s][info][gc,cpu         ] GC(331) User=0.83s Sys=0.00s Real=0.14s
................[1212.276s][info][gc,start       ] GC(332) Pause Young (Allocation Failure)
[1212.421s][info][gc,heap        ] GC(332) PSYoungGen: 2012624K(2151424K)->464720K(2034176K) Eden: 1569280K(1569280K)->0K(1569280K) From: 443344K(582144K)->464720K(464896K)
[1212.421s][info][gc,heap        ] GC(332) ParOldGen: 1303621K(4577280K)->1303621K(4577280K)
[1212.421s][info][gc,metaspace   ] GC(332) Metaspace: 29036K(29376K)->29036K(29376K) NonClass: 25933K(26112K)->25933K(26112K) Class: 3102K(3264K)->3102K(3264K)
[1212.421s][info][gc             ] GC(332) Pause Young (Allocation Failure) 3238M->1726M(6456M) 144.150ms
[1212.421s][info][gc,cpu         ] GC(332) User=0.86s Sys=0.01s Real=0.14s
................[1228.321s][info][gc,start       ] GC(333) Pause Young (Allocation Failure)
[1228.466s][info][gc,heap        ] GC(333) PSYoungGen: 2034000K(2034176K)->471776K(2097664K) Eden: 1569280K(1569280K)->0K(1452544K) From: 464720K(464896K)->471776K(645120K)
[1228.466s][info][gc,heap        ] GC(333) ParOldGen: 1303621K(4577280K)->1303621K(4577280K)
[1228.466s][info][gc,metaspace   ] GC(333) Metaspace: 29036K(29376K)->29036K(29376K) NonClass: 25933K(26112K)->25933K(26112K) Class: 3102K(3264K)->3102K(3264K)
[1228.466s][info][gc             ] GC(333) Pause Young (Allocation Failure) 3259M->1733M(6518M) 144.793ms
[1228.466s][info][gc,cpu         ] GC(333) User=0.86s Sys=0.00s Real=0.15s
...............[1243.012s][info][gc,start       ] GC(334) Pause Young (Allocation Failure)
[1243.164s][info][gc,heap        ] GC(334) PSYoungGen: 1924320K(2097664K)->488480K(1941504K) Eden: 1452544K(1452544K)->0K(1452544K) From: 471776K(645120K)->488480K(488960K)
[1243.164s][info][gc,heap        ] GC(334) ParOldGen: 1303621K(4577280K)->1303621K(4577280K)
[1243.164s][info][gc,metaspace   ] GC(334) Metaspace: 29036K(29376K)->29036K(29376K) NonClass: 25934K(26112K)->25934K(26112K) Class: 3102K(3264K)->3102K(3264K)
[1243.164s][info][gc             ] GC(334) Pause Young (Allocation Failure) 3152M->1750M(6366M) 151.631ms
[1243.164s][info][gc,cpu         ] GC(334) User=0.90s Sys=0.00s Real=0.15s
. (rIR:aIR:PR = 692:693:693) (tPR = 10246) [OK] 
  1243s: Performance info:
         Transaction,    Success,    Partial,     Failed,   Receipts, AvgBarcode, 
             Overall,      41581,          0,          0,      39502,      59.48, 
         Response times:
             Request,    Success,    Partial,     Failed,   SkipFail,     Probes,    Samples,      min,      p50,      p90,      p95,      p99,      max, 
       TotalPurchase,      39503,          0,          0,          0,      37801,      42897,      300,      900,     1300,     1400,     2400,   147000,
     InStorePurchase,      20789,          0,          0,          0,      19953,      22419,      300,      900,     1200,     1400,     2100,   147000,
      OnlinePurchase,      14544,          0,          0,          0,      13964,      15899,      300,      900,     1300,     1400,     3000,   142000,
        InstPurchase,       4170,          0,          0,          0,       3884,       4579,      400,      800,     1300,     1400,     2720,   142000,
          AssocOfCat,         41,          0,          0,          0,         39,         45,    15800,    18500,    21400,    23700,    25000,    25000,
      AssocOfProduct,        414,          0,          0,          0,        329,        452,      400,     1000,     1470,     1600,     6846,     9000,
      BusinessReport,        103,          0,          0,          0,        100,        113,    19700,    25000,    30600,    37600,   177020,   178000,
          CustBuyBeh,        419,          0,          0,          0,        350,        475,      200,      800,     1200,     1400,     5856,     7300,
       ProductReturn,       1102,          0,          0,          0,        965,       1190,      200,      700,     1200,     1300,     5000,     7800,

  1243s: ( 6%)   IR =    830 ....|.[1249.897s][info][gc,start       ] GC(335) Pause Full (Diagnostic Command)
[1249.897s][info][gc,phases,start] GC(335) Marking Phase
[1250.182s][info][gc,phases      ] GC(335) Marking Phase 284.957ms
[1250.182s][info][gc,phases,start] GC(335) Summary Phase
[1250.182s][info][gc,phases      ] GC(335) Summary Phase 0.037ms
[1250.182s][info][gc,phases,start] GC(335) Forward
[1250.317s][info][gc,phases      ] GC(335) Forward 134.378ms
[1250.317s][info][gc,phases,start] GC(335) Adjust Pointers
[1250.518s][info][gc,phases      ] GC(335) Adjust Pointers 201.452ms
[1250.518s][info][gc,phases,start] GC(335) Compaction Phase
[1250.707s][info][gc,phases      ] GC(335) Compaction Phase 188.540ms
[1250.709s][info][gc,phases,start] GC(335) Post Compact
[1250.712s][info][gc,phases      ] GC(335) Post Compact 2.545ms
[1250.712s][info][gc,heap        ] GC(335) PSYoungGen: 1305525K(1941504K)->0K(1941504K) Eden: 817045K(1452544K)->0K(1452544K) From: 488480K(488960K)->0K(488960K)
[1250.712s][info][gc,heap        ] GC(335) ParOldGen: 1303621K(4577280K)->1306521K(4577280K)
[1250.712s][info][gc,metaspace   ] GC(335) Metaspace: 29038K(29376K)->29038K(29376K) NonClass: 25935K(26112K)->25935K(26112K) Class: 3102K(3264K)->3102K(3264K)
[1250.712s][info][gc             ] GC(335) Pause Full (Diagnostic Command) 2547M->1275M(6366M) 814.531ms
[1250.712s][info][gc,cpu         ] GC(335) User=4.57s Sys=0.01s Real=0.81s
............[1262.136s][info][gc,start       ] GC(336) Pause Young (Allocation Failure)
[1262.176s][info][gc,heap        ] GC(336) PSYoungGen: 1452544K(1941504K)->94400K(2085376K) Eden: 1452544K(1452544K)->0K(1388032K) From: 0K(488960K)->94400K(697344K)
[1262.176s][info][gc,heap        ] GC(336) ParOldGen: 1306521K(4577280K)->1306521K(4577280K)
[1262.176s][info][gc,metaspace   ] GC(336) Metaspace: 29038K(29376K)->29038K(29376K) NonClass: 25935K(26112K)->25935K(26112K) Class: 3102K(3264K)->3102K(3264K)
[1262.176s][info][gc             ] GC(336) Pause Young (Allocation Failure) 2694M->1368M(6506M) 40.356ms
[1262.176s][info][gc,cpu         ] GC(336) User=0.24s Sys=0.00s Real=0.04s
............[1274.322s][info][gc,start       ] GC(337) Pause Young (Allocation Failure)
[1274.383s][info][gc,heap        ] GC(337) PSYoungGen: 1482432K(2085376K)->168736K(1556992K) Eden: 1388032K(1388032K)->0K(1388032K) From: 94400K(697344K)->168736K(168960K)
[1274.383s][info][gc,heap        ] GC(337) ParOldGen: 1306521K(4577280K)->1306521K(4577280K)
[1274.383s][info][gc,metaspace   ] GC(337) Metaspace: 29038K(29376K)->29038K(29376K) NonClass: 25935K(26112K)->25935K(26112K) Class: 3102K(3264K)->3102K(3264K)
[1274.383s][info][gc             ] GC(337) Pause Young (Allocation Failure) 2723M->1440M(5990M) 60.946ms
[1274.383s][info][gc,cpu         ] GC(337) User=0.36s Sys=0.00s Real=0.06s
...........[1285.727s][info][gc,start       ] GC(338) Pause Young (Allocation Failure)
[1285.805s][info][gc,heap        ] GC(338) PSYoungGen: 1556768K(1556992K)->226848K(2110464K) Eden: 1388032K(1388032K)->0K(1420288K) From: 168736K(168960K)->226848K(690176K)
[1285.805s][info][gc,heap        ] GC(338) ParOldGen: 1306521K(4577280K)->1306521K(4577280K)
[1285.805s][info][gc,metaspace   ] GC(338) Metaspace: 29038K(29376K)->29038K(29376K) NonClass: 25935K(26112K)->25935K(26112K) Class: 3102K(3264K)->3102K(3264K)
[1285.805s][info][gc             ] GC(338) Pause Young (Allocation Failure) 2796M->1497M(6531M) 78.054ms
[1285.805s][info][gc,cpu         ] GC(338) User=0.46s Sys=0.00s Real=0.08s
.............[1297.929s][info][gc,start       ] GC(339) Pause Young (Allocation Failure)
[1298.024s][info][gc,heap        ] GC(339) PSYoungGen: 1647136K(2110464K)->285904K(1706496K) Eden: 1420288K(1420288K)->0K(1420288K) From: 226848K(690176K)->285904K(286208K)
[1298.024s][info][gc,heap        ] GC(339) ParOldGen: 1306521K(4577280K)->1306521K(4577280K)
[1298.024s][info][gc,metaspace   ] GC(339) Metaspace: 29038K(29376K)->29038K(29376K) NonClass: 25935K(26112K)->25935K(26112K) Class: 3102K(3264K)->3102K(3264K)
[1298.024s][info][gc             ] GC(339) Pause Young (Allocation Failure) 2884M->1555M(6136M) 95.454ms
[1298.025s][info][gc,cpu         ] GC(339) User=0.57s Sys=0.00s Real=0.10s
........... (rIR:aIR:PR = 830:830:830) (tPR = 12334) [OK] 
  1308s: Performance info:
         Transaction,    Success,    Partial,     Failed,   Receipts, AvgBarcode, 
             Overall,      50480,          0,          0,      47954,      59.47, 
         Response times:
             Request,    Success,    Partial,     Failed,   SkipFail,     Probes,    Samples,      min,      p50,      p90,      p95,      p99,      max, 
       TotalPurchase,      47954,          0,          0,          0,      46029,      50309,      300,     1000,     1400,     1500,     5000,    80000,
     InStorePurchase,      25267,          0,          0,          0,      24373,      26493,      300,      900,     1400,     1500,     4500,    80000,
      OnlinePurchase,      17647,          0,          0,          0,      16911,      18476,      300,     1000,     1400,     1500,     3923,    80000,
        InstPurchase,       5040,          0,          0,          0,       4745,       5340,      400,     1100,     1500,     1600,    10200,    42000,
          AssocOfCat,         50,          0,          0,          0,         50,         52,    15800,    18750,    22700,    25350,    27000,    27000,
      AssocOfProduct,        505,          0,          0,          0,        392,        479,      400,     1100,     1500,     1600,    22000,    22000,
      BusinessReport,        128,          0,          0,          0,        101,        143,    19200,    26000,    32600,    42000,   119720,   125000,
          CustBuyBeh,        505,          0,          0,          0,        436,        531,      200,      900,     1400,     1500,    16200,    17000,
       ProductReturn,       1338,          0,          0,          0,       1160,       1341,      200,      500,      900,     1100,    18800,    18800,

  1308s: ( 7%)   IR =    969 [1309.729s][info][gc,start       ] GC(340) Pause Young (Allocation Failure)
[1309.832s][info][gc,heap        ] GC(340) PSYoungGen: 1706192K(1706496K)->321792K(2094080K) Eden: 1420288K(1420288K)->0K(1464832K) From: 285904K(286208K)->321792K(629248K)
[1309.832s][info][gc,heap        ] GC(340) ParOldGen: 1306521K(4577280K)->1306521K(4577280K)
[1309.832s][info][gc,metaspace   ] GC(340) Metaspace: 29038K(29376K)->29038K(29376K) NonClass: 25936K(26112K)->25936K(26112K) Class: 3102K(3264K)->3102K(3264K)
[1309.832s][info][gc             ] GC(340) Pause Young (Allocation Failure) 2942M->1590M(6515M) 102.957ms
[1309.832s][info][gc,cpu         ] GC(340) User=0.61s Sys=0.00s Real=0.10s
.......|....[1320.410s][info][gc,start       ] GC(341) Pause Young (Allocation Failure)
[1320.530s][info][gc,heap        ] GC(341) PSYoungGen: 1786624K(2094080K)->368720K(2070528K) Eden: 1464832K(1464832K)->0K(1464832K) From: 321792K(629248K)->368720K(605696K)
[1320.530s][info][gc,heap        ] GC(341) ParOldGen: 1306521K(4577280K)->1306521K(4577280K)
[1320.530s][info][gc,metaspace   ] GC(341) Metaspace: 29040K(29376K)->29040K(29376K) NonClass: 25938K(26112K)->25938K(26112K) Class: 3102K(3264K)->3102K(3264K)
[1320.530s][info][gc             ] GC(341) Pause Young (Allocation Failure) 3020M->1635M(6492M) 120.108ms
[1320.530s][info][gc,cpu         ] GC(341) User=0.71s Sys=0.00s Real=0.12s
...........[1331.232s][info][gc,start       ] GC(342) Pause Young (Allocation Failure)
[1331.356s][info][gc,heap        ] GC(342) PSYoungGen: 1833552K(2070528K)->389506K(2160640K) Eden: 1464832K(1464832K)->0K(1559040K) From: 368720K(605696K)->389506K(601600K)
[1331.356s][info][gc,heap        ] GC(342) ParOldGen: 1306521K(4577280K)->1306521K(4577280K)
[1331.356s][info][gc,metaspace   ] GC(342) Metaspace: 29042K(29376K)->29042K(29376K) NonClass: 25939K(26112K)->25939K(26112K) Class: 3102K(3264K)->3102K(3264K)
[1331.356s][info][gc             ] GC(342) Pause Young (Allocation Failure) 3066M->1656M(6580M) 123.649ms
[1331.356s][info][gc,cpu         ] GC(342) User=0.74s Sys=0.00s Real=0.13s
...........[1342.499s][info][gc,start       ] GC(343) Pause Young (Allocation Failure)
[1342.632s][info][gc,heap        ] GC(343) PSYoungGen: 1948546K(2160640K)->414400K(2162688K) Eden: 1559040K(1559040K)->0K(1559040K) From: 389506K(601600K)->414400K(603648K)
[1342.632s][info][gc,heap        ] GC(343) ParOldGen: 1306521K(4577280K)->1306521K(4577280K)
[1342.632s][info][gc,metaspace   ] GC(343) Metaspace: 29042K(29376K)->29042K(29376K) NonClass: 25939K(26112K)->25939K(26112K) Class: 3102K(3264K)->3102K(3264K)
[1342.632s][info][gc             ] GC(343) Pause Young (Allocation Failure) 3178M->1680M(6582M) 132.778ms
[1342.632s][info][gc,cpu         ] GC(343) User=0.79s Sys=0.00s Real=0.13s
...........[1353.742s][info][gc,start       ] GC(344) Pause Young (Allocation Failure)
[1353.880s][info][gc,heap        ] GC(344) PSYoungGen: 1973324K(2162688K)->439840K(2155008K) Eden: 1558924K(1559040K)->0K(1542656K) From: 414400K(603648K)->439840K(612352K)
[1353.880s][info][gc,heap        ] GC(344) ParOldGen: 1306521K(4577280K)->1306521K(4577280K)
[1353.880s][info][gc,metaspace   ] GC(344) Metaspace: 29042K(29376K)->29042K(29376K) NonClass: 25939K(26112K)->25939K(26112K) Class: 3102K(3264K)->3102K(3264K)
[1353.880s][info][gc             ] GC(344) Pause Young (Allocation Failure) 3202M->1705M(6574M) 138.607ms
[1353.880s][info][gc,cpu         ] GC(344) User=0.83s Sys=0.00s Real=0.14s
............[1364.903s][info][gc,start       ] GC(345) Pause Young (Allocation Failure)
[1365.045s][info][gc,heap        ] GC(345) PSYoungGen: 1982496K(2155008K)->452992K(1995776K) Eden: 1542656K(1542656K)->0K(1542656K) From: 439840K(612352K)->452992K(453120K)
[1365.045s][info][gc,heap        ] GC(345) ParOldGen: 1306521K(4577280K)->1306521K(4577280K)
[1365.045s][info][gc,metaspace   ] GC(345) Metaspace: 29042K(29376K)->29042K(29376K) NonClass: 25939K(26112K)->25939K(26112K) Class: 3102K(3264K)->3102K(3264K)
[1365.045s][info][gc             ] GC(345) Pause Young (Allocation Failure) 3211M->1718M(6419M) 142.691ms
[1365.046s][info][gc,cpu         ] GC(345) User=0.84s Sys=0.00s Real=0.15s
........... (rIR:aIR:PR = 969:968:968) (tPR = 14448) [OK] 
  1375s: Performance info:
         Transaction,    Success,    Partial,     Failed,   Receipts, AvgBarcode, 
             Overall,      58129,          0,          0,      55230,      59.47, 
         Response times:
             Request,    Success,    Partial,     Failed,   SkipFail,     Probes,    Samples,      min,      p50,      p90,      p95,      p99,      max, 
       TotalPurchase,      55230,          0,          0,          0,      53278,      61313,      300,     1100,     1500,     1700,     2400,   147000,
     InStorePurchase,      29079,          0,          0,          0,      28195,      32335,      300,     1000,     1500,     1700,     2300,   147000,
      OnlinePurchase,      20334,          0,          0,          0,      19613,      22518,      300,     1100,     1500,     1700,     2700,   135000,
        InstPurchase,       5817,          0,          0,          0,       5470,       6460,      400,     1000,     1500,     1700,     2100,   105000,
          AssocOfCat,         58,          0,          0,          0,         55,         64,    16000,    19250,    24500,    29250,   146000,   146000,
      AssocOfProduct,        579,          0,          0,          0,        505,        701,      400,     1400,     1800,     1900,     2792,   126000,
      BusinessReport,        145,          0,          0,          0,        109,        155,    19400,    26000,    30000,    32000,   157480,   167000,
          CustBuyBeh,        580,          0,          0,          0,        490,        659,      300,     1200,     1500,     1600,     2720,     7800,
       ProductReturn,       1537,          0,          0,          0,       1396,       1708,      200,      800,     1400,     1500,     2091,     7700,

  1375s: ( 8%)   IR =   1107 [1376.248s][info][gc,start       ] GC(346) Pause Young (Allocation Failure)
[1376.394s][info][gc,heap        ] GC(346) PSYoungGen: 1995648K(1995776K)->466432K(2124288K) Eden: 1542656K(1542656K)->0K(1483264K) From: 452992K(453120K)->466432K(641024K)
[1376.395s][info][gc,heap        ] GC(346) ParOldGen: 1306521K(4577280K)->1306521K(4577280K)
[1376.395s][info][gc,metaspace   ] GC(346) Metaspace: 29043K(29376K)->29043K(29376K) NonClass: 25940K(26112K)->25940K(26112K) Class: 3102K(3264K)->3102K(3264K)
[1376.395s][info][gc             ] GC(346) Pause Young (Allocation Failure) 3224M->1731M(6544M) 146.832ms
[1376.395s][info][gc,cpu         ] GC(346) User=0.87s Sys=0.00s Real=0.15s
....|.....[1385.670s][info][gc,start       ] GC(347) Pause Young (Allocation Failure)
[1385.819s][info][gc,heap        ] GC(347) PSYoungGen: 1949696K(2124288K)->478112K(1961472K) Eden: 1483264K(1483264K)->0K(1483264K) From: 466432K(641024K)->478112K(478208K)
[1385.819s][info][gc,heap        ] GC(347) ParOldGen: 1306521K(4577280K)->1306521K(4577280K)
[1385.819s][info][gc,metaspace   ] GC(347) Metaspace: 29046K(29376K)->29046K(29376K) NonClass: 25944K(26112K)->25944K(26112K) Class: 3102K(3264K)->3102K(3264K)
[1385.819s][info][gc             ] GC(347) Pause Young (Allocation Failure) 3179M->1742M(6385M) 149.558ms
[1385.819s][info][gc,cpu         ] GC(347) User=0.89s Sys=0.00s Real=0.15s
..........[1395.135s][info][gc,start       ] GC(348) Pause Young (Allocation Failure)
[1395.288s][info][gc,heap        ] GC(348) PSYoungGen: 1961376K(1961472K)->488192K(2097664K) Eden: 1483264K(1483264K)->0K(1426944K) From: 478112K(478208K)->488192K(670720K)
[1395.288s][info][gc,heap        ] GC(348) ParOldGen: 1306521K(4577280K)->1306521K(4577280K)
[1395.288s][info][gc,metaspace   ] GC(348) Metaspace: 29046K(29376K)->29046K(29376K) NonClass: 25944K(26112K)->25944K(26112K) Class: 3102K(3264K)->3102K(3264K)
[1395.288s][info][gc             ] GC(348) Pause Young (Allocation Failure) 3191M->1752M(6518M) 152.481ms
[1395.288s][info][gc,cpu         ] GC(348) User=0.91s Sys=0.00s Real=0.15s
.........[1404.082s][info][gc,start       ] GC(349) Pause Young (Allocation Failure)
[1404.237s][info][gc,heap        ] GC(349) PSYoungGen: 1915136K(2097664K)->495200K(1922560K) Eden: 1426944K(1426944K)->0K(1426944K) From: 488192K(670720K)->495200K(495616K)
[1404.237s][info][gc,heap        ] GC(349) ParOldGen: 1306521K(4577280K)->1306521K(4577280K)
[1404.237s][info][gc,metaspace   ] GC(349) Metaspace: 29046K(29376K)->29046K(29376K) NonClass: 25944K(26112K)->25944K(26112K) Class: 3102K(3264K)->3102K(3264K)
[1404.237s][info][gc             ] GC(349) Pause Young (Allocation Failure) 3146M->1759M(6347M) 154.777ms
[1404.237s][info][gc,cpu         ] GC(349) User=0.92s Sys=0.00s Real=0.16s
.........[1413.232s][info][gc,start       ] GC(350) Pause Young (Allocation Failure)
[1413.388s][info][gc,heap        ] GC(350) PSYoungGen: 1922144K(1922560K)->486080K(2092032K) Eden: 1426944K(1426944K)->0K(1396224K) From: 495200K(495616K)->486080K(695808K)
[1413.388s][info][gc,heap        ] GC(350) ParOldGen: 1306521K(4577280K)->1320513K(4577280K)
[1413.388s][info][gc,metaspace   ] GC(350) Metaspace: 29046K(29376K)->29046K(29376K) NonClass: 25944K(26112K)->25944K(26112K) Class: 3102K(3264K)->3102K(3264K)
[1413.388s][info][gc             ] GC(350) Pause Young (Allocation Failure) 3152M->1764M(6513M) 155.344ms
[1413.388s][info][gc,cpu         ] GC(350) User=0.92s Sys=0.00s Real=0.16s
.........[1422.142s][info][gc,start       ] GC(351) Pause Young (Allocation Failure)
[1422.296s][info][gc,heap        ] GC(351) PSYoungGen: 1882304K(2092032K)->477184K(2096128K) Eden: 1396224K(1396224K)->0K(1396224K) From: 486080K(695808K)->477184K(699904K)
[1422.296s][info][gc,heap        ] GC(351) ParOldGen: 1320513K(4577280K)->1336665K(4577280K)
[1422.296s][info][gc,metaspace   ] GC(351) Metaspace: 29046K(29376K)->29046K(29376K) NonClass: 25944K(26112K)->25944K(26112K) Class: 3102K(3264K)->3102K(3264K)
[1422.296s][info][gc             ] GC(351) Pause Young (Allocation Failure) 3127M->1771M(6517M) 153.775ms
[1422.296s][info][gc,cpu         ] GC(351) User=0.92s Sys=0.00s Real=0.16s
.........[1431.010s][info][gc,start       ] GC(352) Pause Young (Allocation Failure)
[1431.161s][info][gc,heap        ] GC(352) PSYoungGen: 1873408K(2096128K)->467808K(2079744K) Eden: 1396224K(1396224K)->0K(1398272K) From: 477184K(699904K)->467808K(681472K)
[1431.161s][info][gc,heap        ] GC(352) ParOldGen: 1336665K(4577280K)->1356097K(4577280K)
[1431.161s][info][gc,metaspace   ] GC(352) Metaspace: 29046K(29376K)->29046K(29376K) NonClass: 25944K(26112K)->25944K(26112K) Class: 3102K(3264K)->3102K(3264K)
[1431.161s][info][gc             ] GC(352) Pause Young (Allocation Failure) 3134M->1781M(6501M) 151.160ms
[1431.161s][info][gc,cpu         ] GC(352) User=0.90s Sys=0.00s Real=0.15s
........[1439.835s][info][gc,start       ] GC(353) Pause Young (Allocation Failure)
[1439.984s][info][gc,heap        ] GC(353) PSYoungGen: 1866080K(2079744K)->452544K(2088960K) Eden: 1398272K(1398272K)->0K(1398272K) From: 467808K(681472K)->452544K(690688K)
[1439.984s][info][gc,heap        ] GC(353) ParOldGen: 1356097K(4577280K)->1381953K(4577280K)
[1439.984s][info][gc,metaspace   ] GC(353) Metaspace: 29047K(29376K)->29047K(29376K) NonClass: 25945K(26112K)->25945K(26112K) Class: 3102K(3264K)->3102K(3264K)
[1439.984s][info][gc             ] GC(353) Pause Young (Allocation Failure) 3146M->1791M(6510M) 148.775ms
[1439.984s][info][gc,cpu         ] GC(353) User=0.89s Sys=0.00s Real=0.14s
. (rIR:aIR:PR = 1107:1105:1105) (tPR = 16428) [OK] 
  1439s: Performance info:
         Transaction,    Success,    Partial,     Failed,   Receipts, AvgBarcode, 
             Overall,      66418,          0,          0,      63103,      59.47, 
         Response times:
             Request,    Success,    Partial,     Failed,   SkipFail,     Probes,    Samples,      min,      p50,      p90,      p95,      p99,      max, 
       TotalPurchase,      63103,          0,          0,          0,      61143,      66174,      300,     1100,     1700,     1800,     6025,   167000,
     InStorePurchase,      33232,          0,          0,          0,      32428,      34958,      300,     1100,     1700,     1800,     6400,   159000,
      OnlinePurchase,      23246,          0,          0,          0,      22468,      24236,      300,     1100,     1600,     1800,     5463,   167000,
        InstPurchase,       6625,          0,          0,          0,       6247,       6980,      400,     1200,     1700,     1900,     5657,   157000,
          AssocOfCat,         67,          0,          0,          0,         64,         70,    15800,    18950,    24000,    25000,    28000,    28000,
      AssocOfProduct,        662,          0,          0,          0,        562,        695,      500,     1300,     1700,     1800,     6204,   154000,
      BusinessReport,        168,          0,          0,          0,        124,        189,    19600,    26000,    30000,    33500,    45400,    49000,
          CustBuyBeh,        665,          0,          0,          0,        564,        710,      200,     1000,     1500,     1600,     3300,   155000,
       ProductReturn,       1753,          0,          0,          0,       1549,       1797,      200,     1100,     1600,     1800,     7400,   157000,

  1439s: ( 9%)   IR =   1245 .....|..[1447.896s][info][gc,start       ] GC(354) Pause Young (Allocation Failure)
[1448.043s][info][gc,heap        ] GC(354) PSYoungGen: 1850816K(2088960K)->434848K(2068992K) Eden: 1398272K(1398272K)->0K(1428480K) From: 452544K(690688K)->434848K(640512K)
[1448.043s][info][gc,heap        ] GC(354) ParOldGen: 1381953K(4577280K)->1413929K(4577280K)
[1448.043s][info][gc,metaspace   ] GC(354) Metaspace: 29051K(29376K)->29051K(29376K) NonClass: 25948K(26112K)->25948K(26112K) Class: 3102K(3264K)->3102K(3264K)
[1448.043s][info][gc             ] GC(354) Pause Young (Allocation Failure) 3157M->1805M(6490M) 146.468ms
[1448.043s][info][gc,cpu         ] GC(354) User=0.87s Sys=0.00s Real=0.14s
........[1455.924s][info][gc,start       ] GC(355) Pause Young (Allocation Failure)
[1456.068s][info][gc,heap        ] GC(355) PSYoungGen: 1863328K(2068992K)->416736K(2084864K) Eden: 1428480K(1428480K)->0K(1428480K) From: 434848K(640512K)->416736K(656384K)
[1456.068s][info][gc,heap        ] GC(355) ParOldGen: 1413929K(4577280K)->1451905K(4577280K)
[1456.068s][info][gc,metaspace   ] GC(355) Metaspace: 29051K(29376K)->29051K(29376K) NonClass: 25948K(26112K)->25948K(26112K) Class: 3102K(3264K)->3102K(3264K)
[1456.068s][info][gc             ] GC(355) Pause Young (Allocation Failure) 3200M->1824M(6506M) 144.031ms
[1456.068s][info][gc,cpu         ] GC(355) User=0.85s Sys=0.00s Real=0.15s
.........[1464.101s][info][gc,start       ] GC(356) Pause Young (Allocation Failure)
[1464.237s][info][gc,heap        ] GC(356) PSYoungGen: 1845216K(2084864K)->386944K(2115584K) Eden: 1428480K(1428480K)->0K(1505792K) From: 416736K(656384K)->386944K(609792K)
[1464.237s][info][gc,heap        ] GC(356) ParOldGen: 1451905K(4577280K)->1497065K(4577280K)
[1464.237s][info][gc,metaspace   ] GC(356) Metaspace: 29051K(29376K)->29051K(29376K) NonClass: 25948K(26112K)->25948K(26112K) Class: 3102K(3264K)->3102K(3264K)
[1464.237s][info][gc             ] GC(356) Pause Young (Allocation Failure) 3219M->1839M(6536M) 136.686ms
[1464.237s][info][gc,cpu         ] GC(356) User=0.81s Sys=0.00s Real=0.14s
........[1472.448s][info][gc,start       ] GC(357) Pause Young (Allocation Failure)
[1472.580s][info][gc,heap        ] GC(357) PSYoungGen: 1892736K(2115584K)->356448K(2124288K) Eden: 1505792K(1505792K)->0K(1505792K) From: 386944K(609792K)->356448K(618496K)
[1472.580s][info][gc,heap        ] GC(357) ParOldGen: 1497065K(4577280K)->1551329K(4577280K)
[1472.580s][info][gc,metaspace   ] GC(357) Metaspace: 29051K(29376K)->29051K(29376K) NonClass: 25948K(26112K)->25948K(26112K) Class: 3102K(3264K)->3102K(3264K)
[1472.580s][info][gc             ] GC(357) Pause Young (Allocation Failure) 3310M->1863M(6544M) 131.414ms
[1472.580s][info][gc,cpu         ] GC(357) User=0.78s Sys=0.00s Real=0.13s
........[1480.872s][info][gc,start       ] GC(358) Pause Young (Allocation Failure)
[1480.996s][info][gc,heap        ] GC(358) PSYoungGen: 1862240K(2124288K)->325792K(2167296K) Eden: 1505792K(1505792K)->0K(1568768K) From: 356448K(618496K)->325792K(598528K)
[1480.996s][info][gc,heap        ] GC(358) ParOldGen: 1551329K(4577280K)->1614209K(4577280K)
[1480.996s][info][gc,metaspace   ] GC(358) Metaspace: 29051K(29376K)->29051K(29376K) NonClass: 25948K(26112K)->25948K(26112K) Class: 3102K(3264K)->3102K(3264K)
[1480.996s][info][gc             ] GC(358) Pause Young (Allocation Failure) 3333M->1894M(6586M) 123.732ms
[1480.996s][info][gc,cpu         ] GC(358) User=0.74s Sys=0.01s Real=0.13s
.........[1489.791s][info][gc,start       ] GC(359) Pause Young (Allocation Failure)
[1489.909s][info][gc,heap        ] GC(359) PSYoungGen: 1894560K(2167296K)->289312K(2171904K) Eden: 1568768K(1568768K)->0K(1568768K) From: 325792K(598528K)->289312K(603136K)
[1489.909s][info][gc,heap        ] GC(359) ParOldGen: 1614209K(4577280K)->1688977K(4577280K)
[1489.909s][info][gc,metaspace   ] GC(359) Metaspace: 29051K(29376K)->29051K(29376K) NonClass: 25948K(26112K)->25948K(26112K) Class: 3102K(3264K)->3102K(3264K)
[1489.909s][info][gc             ] GC(359) Pause Young (Allocation Failure) 3426M->1931M(6591M) 118.075ms
[1489.909s][info][gc,cpu         ] GC(359) User=0.70s Sys=0.00s Real=0.12s
.........[1498.623s][info][gc,start       ] GC(360) Pause Young (Allocation Failure)
[1498.734s][info][gc,heap        ] GC(360) PSYoungGen: 1858080K(2171904K)->242880K(2185216K) Eden: 1568768K(1568768K)->0K(1582592K) From: 289312K(603136K)->242880K(602624K)
[1498.734s][info][gc,heap        ] GC(360) ParOldGen: 1688977K(4577280K)->1779921K(4577280K)
[1498.734s][info][gc,metaspace   ] GC(360) Metaspace: 29051K(29376K)->29051K(29376K) NonClass: 25948K(26112K)->25948K(26112K) Class: 3102K(3264K)->3102K(3264K)
[1498.734s][info][gc             ] GC(360) Pause Young (Allocation Failure) 3463M->1975M(6604M) 110.406ms
[1498.734s][info][gc,cpu         ] GC(360) User=0.65s Sys=0.00s Real=0.11s
....... (rIR:aIR:PR = 1245:1245:1245) (tPR = 18451) [OK] 
  1504s: Performance info:
         Transaction,    Success,    Partial,     Failed,   Receipts, AvgBarcode, 
             Overall,      74819,          0,          0,      71077,      59.48, 
         Response times:
             Request,    Success,    Partial,     Failed,   SkipFail,     Probes,    Samples,      min,      p50,      p90,      p95,      p99,      max, 
       TotalPurchase,      71077,          0,          0,          0,      68517,      75365,      300,     1300,     1800,     2000,     4700,   151000,
     InStorePurchase,      37413,          0,          0,          0,      36273,      39757,      300,     1300,     1800,     2000,     5042,   150000,
      OnlinePurchase,      26169,          0,          0,          0,      25192,      27780,      300,     1200,     1800,     2000,     4500,   151000,
        InstPurchase,       7495,          0,          0,          0,       7052,       7828,      400,     1400,     1900,     2100,     4771,   150000,
          AssocOfCat,         76,          0,          0,          0,         72,         80,    16400,    19250,    24000,    26900,    33000,    33000,
      AssocOfProduct,        746,          0,          0,          0,        638,        815,      500,     1400,     1900,     2020,     5228,   134000,
      BusinessReport,        190,          0,          0,          0,        151,        214,    19300,    26000,    32000,    35000,   154500,   179000,
          CustBuyBeh,        742,          0,          0,          0,        614,        750,      200,     1500,     1900,     2000,     6539,    12600,
       ProductReturn,       1988,          0,          0,          0,       1793,       2113,      200,      600,     1300,     1500,     2400,     6700,

  1504s: (10%)   IR =   1384 ..[1507.387s][info][gc,start       ] GC(361) Pause Young (Allocation Failure)
[1507.487s][info][gc,heap        ] GC(361) PSYoungGen: 1825472K(2185216K)->182080K(1764864K) Eden: 1582592K(1582592K)->0K(1582592K) From: 242880K(602624K)->182080K(182272K)
[1507.487s][info][gc,heap        ] GC(361) ParOldGen: 1779921K(4577280K)->1895977K(4577280K)
[1507.487s][info][gc,metaspace   ] GC(361) Metaspace: 29051K(29376K)->29051K(29376K) NonClass: 25948K(26112K)->25948K(26112K) Class: 3102K(3264K)->3102K(3264K)
[1507.487s][info][gc             ] GC(361) Pause Young (Allocation Failure) 3520M->2029M(6193M) 99.910ms
[1507.487s][info][gc,cpu         ] GC(361) User=0.60s Sys=0.00s Real=0.10s
..|......[1515.479s][info][gc,start       ] GC(362) Pause Young (Allocation Failure)
[1515.565s][info][gc,heap        ] GC(362) PSYoungGen: 1764672K(1764864K)->102368K(2145280K) Eden: 1582592K(1582592K)->0K(1528320K) From: 182080K(182272K)->102368K(616960K)
[1515.565s][info][gc,heap        ] GC(362) ParOldGen: 1895977K(4577280K)->2042473K(4577280K)
[1515.565s][info][gc,metaspace   ] GC(362) Metaspace: 29051K(29376K)->29051K(29376K) NonClass: 25948K(26112K)->25948K(26112K) Class: 3102K(3264K)->3102K(3264K)
[1515.565s][info][gc             ] GC(362) Pause Young (Allocation Failure) 3574M->2094M(6565M) 85.729ms
[1515.565s][info][gc,cpu         ] GC(362) User=0.51s Sys=0.00s Real=0.09s
.......[1523.015s][info][gc,start       ] GC(363) Pause Young (Allocation Failure)
[1523.081s][info][gc,heap        ] GC(363) PSYoungGen: 1630688K(2145280K)->97088K(1625600K) Eden: 1528320K(1528320K)->0K(1528320K) From: 102368K(616960K)->97088K(97280K)
[1523.081s][info][gc,heap        ] GC(363) ParOldGen: 2042473K(4577280K)->2124681K(4577280K)
[1523.081s][info][gc,metaspace   ] GC(363) Metaspace: 29051K(29376K)->29051K(29376K) NonClass: 25948K(26112K)->25948K(26112K) Class: 3102K(3264K)->3102K(3264K)
[1523.081s][info][gc             ] GC(363) Pause Young (Allocation Failure) 3587M->2169M(6057M) 65.560ms
[1523.081s][info][gc,cpu         ] GC(363) User=0.39s Sys=0.00s Real=0.06s
........[1530.892s][info][gc,start       ] GC(364) Pause Young (Allocation Failure)
[1530.957s][info][gc,heap        ] GC(364) PSYoungGen: 1625408K(1625600K)->99808K(2148352K) Eden: 1528320K(1528320K)->0K(1504768K) From: 97088K(97280K)->99808K(643584K)
[1530.957s][info][gc,heap        ] GC(364) ParOldGen: 2124681K(4577280K)->2201153K(4577280K)
[1530.957s][info][gc,metaspace   ] GC(364) Metaspace: 29051K(29376K)->29051K(29376K) NonClass: 25948K(26112K)->25948K(26112K) Class: 3102K(3264K)->3102K(3264K)
[1530.957s][info][gc             ] GC(364) Pause Young (Allocation Failure) 3662M->2247M(6568M) 64.716ms
[1530.957s][info][gc,cpu         ] GC(364) User=0.38s Sys=0.00s Real=0.07s
........[1538.546s][info][gc,start       ] GC(365) Pause Young (Allocation Failure)
[1538.611s][info][gc,heap        ] GC(365) PSYoungGen: 1604576K(2148352K)->96256K(1601024K) Eden: 1504768K(1504768K)->0K(1504768K) From: 99808K(643584K)->96256K(96256K)
[1538.611s][info][gc,heap        ] GC(365) ParOldGen: 2201153K(4577280K)->2280193K(4577280K)
[1538.611s][info][gc,metaspace   ] GC(365) Metaspace: 29051K(29376K)->29051K(29376K) NonClass: 25948K(26112K)->25948K(26112K) Class: 3102K(3264K)->3102K(3264K)
[1538.611s][info][gc             ] GC(365) Pause Young (Allocation Failure) 3716M->2320M(6033M) 65.045ms
[1538.611s][info][gc,cpu         ] GC(365) User=0.39s Sys=0.00s Real=0.06s
........[1546.161s][info][gc,start       ] GC(366) Pause Young (Allocation Failure)
[1546.224s][info][gc,heap        ] GC(366) PSYoungGen: 1601024K(1601024K)->172480K(2169856K) Eden: 1504768K(1504768K)->0K(1527808K) From: 96256K(96256K)->172480K(642048K)
[1546.224s][info][gc,heap        ] GC(366) ParOldGen: 2280193K(4577280K)->2280193K(4577280K)
[1546.224s][info][gc,metaspace   ] GC(366) Metaspace: 29051K(29376K)->29051K(29376K) NonClass: 25948K(26112K)->25948K(26112K) Class: 3102K(3264K)->3102K(3264K)
[1546.224s][info][gc             ] GC(366) Pause Young (Allocation Failure) 3790M->2395M(6589M) 62.959ms
[1546.224s][info][gc,cpu         ] GC(366) User=0.37s Sys=0.00s Real=0.07s
....[1550.852s][info][gc,start       ] GC(367) Pause Full (Diagnostic Command)
[1550.852s][info][gc,phases,start] GC(367) Marking Phase
[1551.143s][info][gc,phases      ] GC(367) Marking Phase 291.333ms
[1551.143s][info][gc,phases,start] GC(367) Summary Phase
[1551.143s][info][gc,phases      ] GC(367) Summary Phase 0.052ms
[1551.143s][info][gc,phases,start] GC(367) Forward
[1551.302s][info][gc,phases      ] GC(367) Forward 158.791ms
[1551.302s][info][gc,phases,start] GC(367) Adjust Pointers
[1551.509s][info][gc,phases      ] GC(367) Adjust Pointers 207.499ms
[1551.509s][info][gc,phases,start] GC(367) Compaction Phase
[1551.693s][info][gc,phases      ] GC(367) Compaction Phase 183.592ms
[1551.695s][info][gc,phases,start] GC(367) Post Compact
[1551.699s][info][gc,phases      ] GC(367) Post Compact 3.186ms
[1551.699s][info][gc,heap        ] GC(367) PSYoungGen: 1097759K(2169856K)->0K(2169856K) Eden: 925279K(1527808K)->0K(1527808K) From: 172480K(642048K)->0K(642048K)
[1551.699s][info][gc,heap        ] GC(367) ParOldGen: 2280193K(4577280K)->1310294K(4577280K)
[1551.699s][info][gc,metaspace   ] GC(367) Metaspace: 29051K(29376K)->29051K(29376K) NonClass: 25948K(26112K)->25948K(26112K) Class: 3102K(3264K)->3102K(3264K)
[1551.699s][info][gc             ] GC(367) Pause Full (Diagnostic Command) 3298M->1279M(6589M) 847.054ms
[1551.699s][info][gc,cpu         ] GC(367) User=4.58s Sys=0.00s Real=0.85s
.......[1558.646s][info][gc,start       ] GC(368) Pause Young (Allocation Failure)
[1558.690s][info][gc,heap        ] GC(368) PSYoungGen: 1527808K(2169856K)->101632K(1629696K) Eden: 1527808K(1527808K)->0K(1527808K) From: 0K(642048K)->101632K(101888K)
[1558.690s][info][gc,heap        ] GC(368) ParOldGen: 1310294K(4577280K)->1310294K(4577280K)
[1558.690s][info][gc,metaspace   ] GC(368) Metaspace: 29051K(29376K)->29051K(29376K) NonClass: 25948K(26112K)->25948K(26112K) Class: 3102K(3264K)->3102K(3264K)
[1558.690s][info][gc             ] GC(368) Pause Young (Allocation Failure) 2771M->1378M(6061M) 44.405ms
[1558.690s][info][gc,cpu         ] GC(368) User=0.26s Sys=0.00s Real=0.04s
........[1566.361s][info][gc,start       ] GC(369) Pause Young (Allocation Failure)
[1566.425s][info][gc,heap        ] GC(369) PSYoungGen: 1629440K(1629696K)->176320K(2170368K) Eden: 1527808K(1527808K)->0K(1558528K) From: 101632K(101888K)->176320K(611840K)
[1566.425s][info][gc,heap        ] GC(369) ParOldGen: 1310294K(4577280K)->1310294K(4577280K)
[1566.425s][info][gc,metaspace   ] GC(369) Metaspace: 29051K(29376K)->29051K(29376K) NonClass: 25948K(26112K)->25948K(26112K) Class: 3102K(3264K)->3102K(3264K)
[1566.425s][info][gc             ] GC(369) Pause Young (Allocation Failure) 2870M->1451M(6589M) 64.721ms
[1566.425s][info][gc,cpu         ] GC(369) User=0.38s Sys=0.00s Real=0.07s
.... (rIR:aIR:PR = 1384:1384:1384) (tPR = 20419) [OK] 
  1569s: Performance info:
         Transaction,    Success,    Partial,     Failed,   Receipts, AvgBarcode, 
             Overall,      83894,          0,          0,      79699,      59.47, 
         Response times:
             Request,    Success,    Partial,     Failed,   SkipFail,     Probes,    Samples,      min,      p50,      p90,      p95,      p99,      max, 
       TotalPurchase,      79699,          0,          0,          0,      76501,      83556,      300,     1300,     2000,     2200,    34000,   103000,
     InStorePurchase,      41924,          0,          0,          0,      40326,      43969,      300,     1300,     1900,     2200,    34000,   103000,
      OnlinePurchase,      29398,          0,          0,          0,      28342,      30838,      300,     1400,     2000,     2200,    30000,   103000,
        InstPurchase,       8377,          0,          0,          0,       7833,       8749,      400,     1500,     2000,     2300,    38000,    89000,
          AssocOfCat,         84,          0,          0,          0,         78,         88,    16000,    19600,    25100,    27000,    30000,    30000,
      AssocOfProduct,        841,          0,          0,          0,        728,        914,      500,     1500,     2000,     2200,    37000,    88000,
      BusinessReport,        209,          0,          0,          0,        151,        212,    19000,    26000,    31000,    34000,    38610,    69000,
          CustBuyBeh,        842,          0,          0,          0,        710,        875,      300,     1600,     2100,     2300,    50000,    69000,
       ProductReturn,       2219,          0,          0,          0,       1997,       2312,      200,     1100,     1900,     2100,    30000,   102000,

  1569s: (11%)   IR =   1522 ....[1573.860s][info][gc,start       ] GC(370) Pause Young (Allocation Failure)
[1573.946s][info][gc,heap        ] GC(370) PSYoungGen: 1734848K(2170368K)->246047K(2144768K) Eden: 1558528K(1558528K)->0K(1558528K) From: 176320K(611840K)->246047K(586240K)
[1573.946s][info][gc,heap        ] GC(370) ParOldGen: 1310294K(4577280K)->1310294K(4577280K)
[1573.946s][info][gc,metaspace   ] GC(370) Metaspace: 29051K(29376K)->29051K(29376K) NonClass: 25949K(26112K)->25949K(26112K) Class: 3102K(3264K)->3102K(3264K)
[1573.946s][info][gc             ] GC(370) Pause Young (Allocation Failure) 2973M->1519M(6564M) 85.345ms
[1573.946s][info][gc,cpu         ] GC(370) User=0.51s Sys=0.00s Real=0.09s
.|......[1581.115s][info][gc,start       ] GC(371) Pause Young (Allocation Failure)
[1581.214s][info][gc,heap        ] GC(371) PSYoungGen: 1804575K(2144768K)->297440K(2162688K) Eden: 1558528K(1558528K)->0K(1607680K) From: 246047K(586240K)->297440K(555008K)
[1581.214s][info][gc,heap        ] GC(371) ParOldGen: 1310294K(4577280K)->1310294K(4577280K)
[1581.214s][info][gc,metaspace   ] GC(371) Metaspace: 29051K(29376K)->29051K(29376K) NonClass: 25949K(26112K)->25949K(26112K) Class: 3102K(3264K)->3102K(3264K)
[1581.214s][info][gc             ] GC(371) Pause Young (Allocation Failure) 3041M->1570M(6582M) 99.720ms
[1581.215s][info][gc,cpu         ] GC(371) User=0.60s Sys=0.00s Real=0.10s
.......[1588.483s][info][gc,start       ] GC(372) Pause Young (Allocation Failure)
[1588.594s][info][gc,heap        ] GC(372) PSYoungGen: 1905120K(2162688K)->339776K(2152960K) Eden: 1607680K(1607680K)->0K(1607680K) From: 297440K(555008K)->339776K(545280K)
[1588.594s][info][gc,heap        ] GC(372) ParOldGen: 1310294K(4577280K)->1310294K(4577280K)
[1588.594s][info][gc,metaspace   ] GC(372) Metaspace: 29051K(29376K)->29051K(29376K) NonClass: 25949K(26112K)->25949K(26112K) Class: 3102K(3264K)->3102K(3264K)
[1588.594s][info][gc             ] GC(372) Pause Young (Allocation Failure) 3140M->1611M(6572M) 111.057ms
[1588.594s][info][gc,cpu         ] GC(372) User=0.66s Sys=0.00s Real=0.11s
........[1595.843s][info][gc,start       ] GC(373) Pause Young (Allocation Failure)
[1595.966s][info][gc,heap        ] GC(373) PSYoungGen: 1947456K(2152960K)->376256K(2213376K) Eden: 1607680K(1607680K)->0K(1662464K) From: 339776K(545280K)->376256K(550912K)
[1595.966s][info][gc,heap        ] GC(373) ParOldGen: 1310294K(4577280K)->1310294K(4577280K)
[1595.966s][info][gc,metaspace   ] GC(373) Metaspace: 29051K(29376K)->29051K(29376K) NonClass: 25949K(26112K)->25949K(26112K) Class: 3102K(3264K)->3102K(3264K)
[1595.966s][info][gc             ] GC(373) Pause Young (Allocation Failure) 3181M->1647M(6631M) 122.912ms
[1595.966s][info][gc,cpu         ] GC(373) User=0.73s Sys=0.00s Real=0.13s
.......[1603.538s][info][gc,start       ] GC(374) Pause Young (Allocation Failure)
[1603.670s][info][gc,heap        ] GC(374) PSYoungGen: 2038720K(2213376K)->407255K(2070016K) Eden: 1662464K(1662464K)->0K(1662464K) From: 376256K(550912K)->407255K(407552K)
[1603.670s][info][gc,heap        ] GC(374) ParOldGen: 1310294K(4577280K)->1310294K(4577280K)
[1603.670s][info][gc,metaspace   ] GC(374) Metaspace: 29051K(29376K)->29051K(29376K) NonClass: 25949K(26112K)->25949K(26112K) Class: 3102K(3264K)->3102K(3264K)
[1603.670s][info][gc             ] GC(374) Pause Young (Allocation Failure) 3270M->1677M(6491M) 132.007ms
[1603.670s][info][gc,cpu         ] GC(374) User=0.78s Sys=0.00s Real=0.13s
........[1611.142s][info][gc,start       ] GC(375) Pause Young (Allocation Failure)
[1611.277s][info][gc,heap        ] GC(375) PSYoungGen: 2069719K(2070016K)->379488K(2194432K) Eden: 1662464K(1662464K)->0K(1605120K) From: 407255K(407552K)->379488K(589312K)
[1611.277s][info][gc,heap        ] GC(375) ParOldGen: 1310294K(4577280K)->1358790K(4577280K)
[1611.277s][info][gc,metaspace   ] GC(375) Metaspace: 29051K(29376K)->29051K(29376K) NonClass: 25949K(26112K)->25949K(26112K) Class: 3102K(3264K)->3102K(3264K)
[1611.277s][info][gc             ] GC(375) Pause Young (Allocation Failure) 3300M->1697M(6613M) 134.652ms
[1611.277s][info][gc,cpu         ] GC(375) User=0.80s Sys=0.00s Real=0.14s
.......[1618.525s][info][gc,start       ] GC(376) Pause Young (Allocation Failure)
[1618.656s][info][gc,heap        ] GC(376) PSYoungGen: 1984608K(2194432K)->352437K(1957888K) Eden: 1605120K(1605120K)->0K(1605120K) From: 379488K(589312K)->352437K(352768K)
[1618.656s][info][gc,heap        ] GC(376) ParOldGen: 1358790K(4577280K)->1421294K(4577280K)
[1618.656s][info][gc,metaspace   ] GC(376) Metaspace: 29051K(29376K)->29051K(29376K) NonClass: 25949K(26112K)->25949K(26112K) Class: 3102K(3264K)->3102K(3264K)
[1618.656s][info][gc             ] GC(376) Pause Young (Allocation Failure) 3265M->1732M(6382M) 131.476ms
[1618.656s][info][gc,cpu         ] GC(376) User=0.78s Sys=0.00s Real=0.13s
........[1625.987s][info][gc,start       ] GC(377) Pause Young (Allocation Failure)
[1626.111s][info][gc,heap        ] GC(377) PSYoungGen: 1957557K(1957888K)->306240K(2224128K) Eden: 1605120K(1605120K)->0K(1636352K) From: 352437K(352768K)->306240K(587776K)
[1626.111s][info][gc,heap        ] GC(377) ParOldGen: 1421294K(4577280K)->1497166K(4577280K)
[1626.111s][info][gc,metaspace   ] GC(377) Metaspace: 29051K(29376K)->29051K(29376K) NonClass: 25949K(26112K)->25949K(26112K) Class: 3102K(3264K)->3102K(3264K)
[1626.111s][info][gc             ] GC(377) Pause Young (Allocation Failure) 3299M->1761M(6642M) 124.664ms
[1626.111s][info][gc,cpu         ] GC(377) User=0.74s Sys=0.00s Real=0.12s
.......[1633.601s][info][gc,start       ] GC(378) Pause Young (Allocation Failure)
[1633.716s][info][gc,heap        ] GC(378) PSYoungGen: 1942592K(2224128K)->250944K(1887744K) Eden: 1636352K(1636352K)->0K(1636352K) From: 306240K(587776K)->250944K(251392K)
[1633.716s][info][gc,heap        ] GC(378) ParOldGen: 1497166K(4577280K)->1595734K(4577280K)
[1633.716s][info][gc,metaspace   ] GC(378) Metaspace: 29051K(29376K)->29051K(29376K) NonClass: 25949K(26112K)->25949K(26112K) Class: 3102K(3264K)->3102K(3264K)
[1633.716s][info][gc             ] GC(378) Pause Young (Allocation Failure) 3359M->1803M(6313M) 115.303ms
[1633.716s][info][gc,cpu         ] GC(378) User=0.68s Sys=0.00s Real=0.12s
.. (rIR:aIR:PR = 1522:1524:1524) (tPR = 22644) [OK] 
  1634s: Performance info:
         Transaction,    Success,    Partial,     Failed,   Receipts, AvgBarcode, 
             Overall,      91465,          0,          0,      86898,      59.49, 
         Response times:
             Request,    Success,    Partial,     Failed,   SkipFail,     Probes,    Samples,      min,      p50,      p90,      p95,      p99,      max, 
       TotalPurchase,      86898,          0,          0,          0,      84640,      92807,      300,     1400,     2100,     2300,     6500,   138000,
     InStorePurchase,      45699,          0,          0,          0,      44870,      49101,      300,     1500,     2100,     2400,     7100,   136000,
      OnlinePurchase,      32045,          0,          0,          0,      31078,      33985,      300,     1400,     2100,     2300,     5800,   138000,
        InstPurchase,       9154,          0,          0,          0,       8692,       9721,      400,     1400,     2100,     2300,     6400,   136000,
          AssocOfCat,         92,          0,          0,          0,         90,         98,    16700,    19650,    26000,    26000,   157000,   157000,
      AssocOfProduct,        917,          0,          0,          0,        788,        932,      300,     1900,     2400,     2600,     9034,   137000,
      BusinessReport,        228,          0,          0,          0,        167,        229,    21000,    27000,    32000,    38000,   150300,   176000,
          CustBuyBeh,        907,          0,          0,          0,        762,        927,      200,     1600,     2100,     2300,     7700,    13500,
       ProductReturn,       2423,          0,          0,          0,       2247,       2623,      200,     1100,     1800,     2000,     3876,   134000,

  1634s: (12%)   IR =   1660 .....|[1640.605s][info][gc,start       ] GC(379) Pause Young (Allocation Failure)
[1640.708s][info][gc,heap        ] GC(379) PSYoungGen: 1887296K(1887744K)->188288K(2196480K) Eden: 1636352K(1636352K)->0K(1652736K) From: 250944K(251392K)->188288K(543744K)
[1640.708s][info][gc,heap        ] GC(379) ParOldGen: 1595734K(4577280K)->1713246K(4577280K)
[1640.708s][info][gc,metaspace   ] GC(379) Metaspace: 29051K(29376K)->29051K(29376K) NonClass: 25949K(26112K)->25949K(26112K) Class: 3102K(3264K)->3102K(3264K)
[1640.708s][info][gc             ] GC(379) Pause Young (Allocation Failure) 3401M->1856M(6615M) 102.892ms
[1640.708s][info][gc,cpu         ] GC(379) User=0.61s Sys=0.00s Real=0.10s
.......[1647.574s][info][gc,start       ] GC(380) Pause Young (Allocation Failure)
[1647.666s][info][gc,heap        ] GC(380) PSYoungGen: 1841024K(2196480K)->111349K(2189312K) Eden: 1652736K(1652736K)->0K(1652736K) From: 188288K(543744K)->111349K(536576K)
[1647.666s][info][gc,heap        ] GC(380) ParOldGen: 1713246K(4577280K)->1863350K(4577280K)
[1647.666s][info][gc,metaspace   ] GC(380) Metaspace: 29051K(29376K)->29051K(29376K) NonClass: 25949K(26112K)->25949K(26112K) Class: 3102K(3264K)->3102K(3264K)
[1647.666s][info][gc             ] GC(380) Pause Young (Allocation Failure) 3470M->1928M(6608M) 92.188ms
[1647.666s][info][gc,cpu         ] GC(380) User=0.55s Sys=0.00s Real=0.10s
.......[1654.554s][info][gc,start       ] GC(381) Pause Young (Allocation Failure)
[1654.624s][info][gc,heap        ] GC(381) PSYoungGen: 1764085K(2189312K)->105280K(2256384K) Eden: 1652736K(1652736K)->0K(1716224K) From: 111349K(536576K)->105280K(540160K)
[1654.624s][info][gc,heap        ] GC(381) ParOldGen: 1863350K(4577280K)->1946470K(4577280K)
[1654.624s][info][gc,metaspace   ] GC(381) Metaspace: 29051K(29376K)->29051K(29376K) NonClass: 25949K(26112K)->25949K(26112K) Class: 3102K(3264K)->3102K(3264K)
[1654.624s][info][gc             ] GC(381) Pause Young (Allocation Failure) 3542M->2003M(6673M) 69.395ms
[1654.624s][info][gc,cpu         ] GC(381) User=0.41s Sys=0.00s Real=0.07s
........[1661.813s][info][gc,start       ] GC(382) Pause Young (Allocation Failure)
[1661.883s][info][gc,heap        ] GC(382) PSYoungGen: 1821504K(2256384K)->108992K(1825280K) Eden: 1716224K(1716224K)->0K(1716224K) From: 105280K(540160K)->108992K(109056K)
[1661.883s][info][gc,heap        ] GC(382) ParOldGen: 1946470K(4577280K)->2028630K(4577280K)
[1661.883s][info][gc,metaspace   ] GC(382) Metaspace: 29051K(29376K)->29051K(29376K) NonClass: 25949K(26112K)->25949K(26112K) Class: 3102K(3264K)->3102K(3264K)
[1661.883s][info][gc             ] GC(382) Pause Young (Allocation Failure) 3679M->2087M(6252M) 70.023ms
[1661.883s][info][gc,cpu         ] GC(382) User=0.41s Sys=0.00s Real=0.07s
.......[1668.932s][info][gc,start       ] GC(383) Pause Young (Allocation Failure)
[1669.003s][info][gc,heap        ] GC(383) PSYoungGen: 1825216K(1825280K)->109152K(2259456K) Eden: 1716224K(1716224K)->0K(1724928K) From: 108992K(109056K)->109152K(534528K)
[1669.003s][info][gc,heap        ] GC(383) ParOldGen: 2028630K(4577280K)->2112766K(4577280K)
[1669.003s][info][gc,metaspace   ] GC(383) Metaspace: 29051K(29376K)->29051K(29376K) NonClass: 25949K(26112K)->25949K(26112K) Class: 3102K(3264K)->3102K(3264K)
[1669.003s][info][gc             ] GC(383) Pause Young (Allocation Failure) 3763M->2169M(6676M) 71.600ms
[1669.003s][info][gc,cpu         ] GC(383) User=0.42s Sys=0.00s Real=0.07s
.......[1676.336s][info][gc,start       ] GC(384) Pause Young (Allocation Failure)
[1676.415s][info][gc,heap        ] GC(384) PSYoungGen: 1834029K(2259456K)->116112K(1841152K) Eden: 1724877K(1724928K)->0K(1724928K) From: 109152K(534528K)->116112K(116224K)
[1676.415s][info][gc,heap        ] GC(384) ParOldGen: 2112766K(4577280K)->2197558K(4577280K)
[1676.415s][info][gc,metaspace   ] GC(384) Metaspace: 29051K(29376K)->29051K(29376K) NonClass: 25949K(26112K)->25949K(26112K) Class: 3102K(3264K)->3102K(3264K)
[1676.415s][info][gc             ] GC(384) Pause Young (Allocation Failure) 3854M->2259M(6268M) 79.483ms
[1676.415s][info][gc,cpu         ] GC(384) User=0.46s Sys=0.00s Real=0.08s
.......[1683.544s][info][gc,start       ] GC(385) Pause Young (Allocation Failure)
[1683.617s][info][gc,heap        ] GC(385) PSYoungGen: 1841040K(1841152K)->110734K(2262528K) Eden: 1724928K(1724928K)->0K(1748992K) From: 116112K(116224K)->110734K(513536K)
[1683.617s][info][gc,heap        ] GC(385) ParOldGen: 2197558K(4577280K)->2284374K(4577280K)
[1683.617s][info][gc,metaspace   ] GC(385) Metaspace: 29051K(29376K)->29051K(29376K) NonClass: 25949K(26112K)->25949K(26112K) Class: 3102K(3264K)->3102K(3264K)
[1683.617s][info][gc             ] GC(385) Pause Young (Allocation Failure) 3943M->2338M(6679M) 73.127ms
[1683.617s][info][gc,cpu         ] GC(385) User=0.44s Sys=0.00s Real=0.08s
........[1690.866s][info][gc,start       ] GC(386) Pause Young (Allocation Failure)
[1690.938s][info][gc,heap        ] GC(386) PSYoungGen: 1859726K(2262528K)->110368K(2249216K) Eden: 1748992K(1748992K)->0K(1748992K) From: 110734K(513536K)->110368K(500224K)
[1690.938s][info][gc,heap        ] GC(386) ParOldGen: 2284374K(4577280K)->2369310K(4577280K)
[1690.938s][info][gc,metaspace   ] GC(386) Metaspace: 29051K(29376K)->29051K(29376K) NonClass: 25949K(26112K)->25949K(26112K) Class: 3102K(3264K)->3102K(3264K)
[1690.938s][info][gc             ] GC(386) Pause Young (Allocation Failure) 4046M->2421M(6666M) 72.129ms
[1690.938s][info][gc,cpu         ] GC(386) User=0.43s Sys=0.00s Real=0.07s
.......[1698.448s][info][gc,start       ] GC(387) Pause Young (Allocation Failure)
[1698.521s][info][gc,heap        ] GC(387) PSYoungGen: 1859360K(2249216K)->197472K(2268672K) Eden: 1748992K(1748992K)->0K(1809408K) From: 110368K(500224K)->197472K(459264K)
[1698.521s][info][gc,heap        ] GC(387) ParOldGen: 2369310K(4577280K)->2369310K(4577280K)
[1698.521s][info][gc,metaspace   ] GC(387) Metaspace: 29051K(29376K)->29051K(29376K) NonClass: 25949K(26112K)->25949K(26112K) Class: 3102K(3264K)->3102K(3264K)
[1698.521s][info][gc             ] GC(387) Pause Young (Allocation Failure) 4129M->2506M(6685M) 73.323ms
[1698.521s][info][gc,cpu         ] GC(387) User=0.43s Sys=0.00s Real=0.07s
.. (rIR:aIR:PR = 1660:1660:1660) (tPR = 24821) [OK] 
  1699s: Performance info:
         Transaction,    Success,    Partial,     Failed,   Receipts, AvgBarcode, 
             Overall,      99630,          0,          0,      94668,      59.46, 
         Response times:
             Request,    Success,    Partial,     Failed,   SkipFail,     Probes,    Samples,      min,      p50,      p90,      p95,      p99,      max, 
       TotalPurchase,      94668,          0,          0,          0,      92124,     101513,      300,     1500,     2200,     2400,     3800,   106000,
     InStorePurchase,      49837,          0,          0,          0,      48663,      53485,      300,     1500,     2200,     2400,     4000,   106000,
      OnlinePurchase,      34871,          0,          0,          0,      33917,      37324,      300,     1500,     2300,     2500,     3700,   106000,
        InstPurchase,       9960,          0,          0,          0,       9544,      10704,      400,     1300,     2200,     2400,     3400,    95000,
          AssocOfCat,        100,          0,          0,          0,         96,        107,    16600,    21000,    28000,    32600,    92000,    96000,
      AssocOfProduct,        990,          0,          0,          0,        871,       1066,      500,     1600,     2200,     2400,     3400,    76000,
      BusinessReport,        249,          0,          0,          0,        218,        309,    21000,    27000,    34000,    38000,   115000,   126000,
          CustBuyBeh,        982,          0,          0,          0,        883,       1077,      200,     1200,     1800,     2100,     4600,   100000,
       ProductReturn,       2641,          0,          0,          0,       2446,       2813,      200,     1400,     2200,     2400,     3900,    73000,

  1699s: (13%)   IR =   1799 .....[1705.517s][info][gc,start       ] GC(388) Pause Young (Allocation Failure)
[1705.611s][info][gc,heap        ] GC(388) PSYoungGen: 2006880K(2268672K)->271040K(2268160K) Eden: 1809408K(1809408K)->0K(1809408K) From: 197472K(459264K)->271040K(458752K)
[1705.611s][info][gc,heap        ] GC(388) ParOldGen: 2369310K(4577280K)->2369310K(4577280K)
[1705.611s][info][gc,metaspace   ] GC(388) Metaspace: 29053K(29376K)->29053K(29376K) NonClass: 25951K(26112K)->25951K(26112K) Class: 3102K(3264K)->3102K(3264K)
[1705.611s][info][gc             ] GC(388) Pause Young (Allocation Failure) 4273M->2578M(6685M) 94.149ms
[1705.611s][info][gc,cpu         ] GC(388) User=0.56s Sys=0.00s Real=0.09s
..|.....[1712.579s][info][gc,start       ] GC(389) Pause Young (Allocation Failure)
[1712.689s][info][gc,heap        ] GC(389) PSYoungGen: 2080448K(2268160K)->269344K(2335744K) Eden: 1809408K(1809408K)->0K(1874944K) From: 271040K(458752K)->269344K(460800K)
[1712.689s][info][gc,heap        ] GC(389) ParOldGen: 2369310K(4577280K)->2422502K(4577280K)
[1712.689s][info][gc,metaspace   ] GC(389) Metaspace: 29053K(29376K)->29053K(29376K) NonClass: 25951K(26112K)->25951K(26112K) Class: 3102K(3264K)->3102K(3264K)
[1712.689s][info][gc             ] GC(389) Pause Young (Allocation Failure) 4345M->2628M(6751M) 110.351ms
[1712.689s][info][gc,cpu         ] GC(389) User=0.65s Sys=0.00s Real=0.11s
........[1719.878s][info][gc,start       ] GC(390) Pause Young (Allocation Failure)
[1719.990s][info][gc,heap        ] GC(390) PSYoungGen: 2144288K(2335744K)->272160K(2147328K) Eden: 1874944K(1874944K)->0K(1874944K) From: 269344K(460800K)->272160K(272384K)
[1719.990s][info][gc,heap        ] GC(390) ParOldGen: 2422502K(4577280K)->2476654K(4577280K)
[1719.990s][info][gc,metaspace   ] GC(390) Metaspace: 29053K(29376K)->29053K(29376K) NonClass: 25951K(26112K)->25951K(26112K) Class: 3102K(3264K)->3102K(3264K)
[1719.990s][info][gc             ] GC(390) Pause Young (Allocation Failure) 4459M->2684M(6567M) 111.534ms
[1719.990s][info][gc,cpu         ] GC(390) User=0.66s Sys=0.00s Real=0.11s
.......[1727.299s][info][gc,start       ] GC(391) Pause Young (Allocation Failure)
[1727.410s][info][gc,heap        ] GC(391) PSYoungGen: 2147104K(2147328K)->275040K(2335232K) Eden: 1874944K(1874944K)->0K(1876480K) From: 272160K(272384K)->275040K(458752K)
[1727.410s][info][gc,heap        ] GC(391) ParOldGen: 2476654K(4577280K)->2529574K(4577280K)
[1727.410s][info][gc,metaspace   ] GC(391) Metaspace: 29053K(29376K)->29053K(29376K) NonClass: 25951K(26112K)->25951K(26112K) Class: 3102K(3264K)->3102K(3264K)
[1727.410s][info][gc             ] GC(391) Pause Young (Allocation Failure) 4515M->2738M(6750M) 110.956ms
[1727.410s][info][gc,cpu         ] GC(391) User=0.65s Sys=0.00s Real=0.11s
.......[1734.568s][info][gc,start       ] GC(392) Pause Young (Allocation Failure)
[1734.682s][info][gc,heap        ] GC(392) PSYoungGen: 2151520K(2335232K)->213184K(2089984K) Eden: 1876480K(1876480K)->0K(1876480K) From: 275040K(458752K)->213184K(213504K)
[1734.682s][info][gc,heap        ] GC(392) ParOldGen: 2529574K(4577280K)->2652350K(4577280K)
[1734.682s][info][gc,metaspace   ] GC(392) Metaspace: 29053K(29376K)->29053K(29376K) NonClass: 25951K(26112K)->25951K(26112K) Class: 3102K(3264K)->3102K(3264K)
[1734.682s][info][gc             ] GC(392) Pause Young (Allocation Failure) 4571M->2798M(6511M) 113.886ms
[1734.682s][info][gc,cpu         ] GC(392) User=0.68s Sys=0.00s Real=0.11s
........[1741.971s][info][gc,start       ] GC(393) Pause Young (Allocation Failure)
[1742.069s][info][gc,heap        ] GC(393) PSYoungGen: 2089664K(2089984K)->119808K(2319360K) Eden: 1876480K(1876480K)->0K(1884672K) From: 213184K(213504K)->119808K(434688K)
[1742.069s][info][gc,heap        ] GC(393) ParOldGen: 2652350K(4577280K)->2812158K(4577280K)
[1742.069s][info][gc,metaspace   ] GC(393) Metaspace: 29053K(29376K)->29053K(29376K) NonClass: 25951K(26112K)->25951K(26112K) Class: 3102K(3264K)->3102K(3264K)
[1742.069s][info][gc             ] GC(393) Pause Young (Allocation Failure) 4630M->2863M(6735M) 97.227ms
[1742.069s][info][gc,cpu         ] GC(393) User=0.57s Sys=0.00s Real=0.10s
.......[1749.281s][info][gc,start       ] GC(394) Pause Young (Allocation Failure)
[1749.359s][info][gc,heap        ] GC(394) PSYoungGen: 2004480K(2319360K)->118592K(2314752K) Eden: 1884672K(1884672K)->0K(1884672K) From: 119808K(434688K)->118592K(430080K)
[1749.359s][info][gc,heap        ] GC(394) ParOldGen: 2812158K(4577280K)->2902062K(4577280K)
[1749.359s][info][gc,metaspace   ] GC(394) Metaspace: 29053K(29376K)->29053K(29376K) NonClass: 25951K(26112K)->25951K(26112K) Class: 3102K(3264K)->3102K(3264K)
[1749.359s][info][gc             ] GC(394) Pause Young (Allocation Failure) 4703M->2949M(6730M) 77.893ms
[1749.359s][info][gc,cpu         ] GC(394) User=0.46s Sys=0.00s Real=0.08s
.......[1756.599s][info][gc,start       ] GC(395) Pause Young (Allocation Failure)
[1756.679s][info][gc,heap        ] GC(395) PSYoungGen: 2003264K(2314752K)->121936K(2357248K) Eden: 1884672K(1884672K)->0K(1939968K) From: 118592K(430080K)->121936K(417280K)
[1756.679s][info][gc,heap        ] GC(395) ParOldGen: 2902062K(4577280K)->2994446K(4577280K)
[1756.679s][info][gc,metaspace   ] GC(395) Metaspace: 29053K(29376K)->29053K(29376K) NonClass: 25951K(26112K)->25951K(26112K) Class: 3102K(3264K)->3102K(3264K)
[1756.679s][info][gc             ] GC(395) Pause Young (Allocation Failure) 4790M->3043M(6772M) 80.393ms
[1756.679s][info][gc,cpu         ] GC(395) User=0.47s Sys=0.01s Real=0.08s
........[1764.151s][info][gc,start       ] GC(396) Pause Young (Allocation Failure)
[1764.234s][info][gc,heap        ] GC(396) PSYoungGen: 2061904K(2357248K)->131765K(2354688K) Eden: 1939968K(1939968K)->0K(1939968K) From: 121936K(417280K)->131765K(414720K)
[1764.234s][info][gc,heap        ] GC(396) ParOldGen: 2994446K(4577280K)->3083318K(4577280K)
[1764.234s][info][gc,metaspace   ] GC(396) Metaspace: 29053K(29376K)->29053K(29376K) NonClass: 25951K(26112K)->25951K(26112K) Class: 3102K(3264K)->3102K(3264K)
[1764.234s][info][gc             ] GC(396) Pause Young (Allocation Failure) 4937M->3139M(6769M) 83.271ms
[1764.234s][info][gc,cpu         ] GC(396) User=0.48s Sys=0.00s Real=0.09s
... (rIR:aIR:PR = 1799:1798:1798) (tPR = 26819) [OK] 
  1766s: Performance info:
         Transaction,    Success,    Partial,     Failed,   Receipts, AvgBarcode, 
             Overall,     107930,          0,          0,     102528,      59.47, 
         Response times:
             Request,    Success,    Partial,     Failed,   SkipFail,     Probes,    Samples,      min,      p50,      p90,      p95,      p99,      max, 
       TotalPurchase,     102528,          0,          0,          0,      99605,     112472,      300,     1600,     2400,     2600,     5700,   127000,
     InStorePurchase,      53924,          0,          0,          0,      52404,      58937,      300,     1500,     2400,     2600,     5800,   127000,
      OnlinePurchase,      37786,          0,          0,          0,      36792,      41487,      300,     1600,     2400,     2600,     5500,   127000,
        InstPurchase,      10818,          0,          0,          0,      10409,      12048,      400,     1800,     2400,     2700,     6300,   127000,
          AssocOfCat,        108,          0,          0,          0,        104,        119,    16100,    19800,    26000,    28000,    42000,    44000,
      AssocOfProduct,       1082,          0,          0,          0,        950,       1183,      400,     1400,     2100,     2300,     3200,     8300,
      BusinessReport,        270,          0,          0,          0,        207,        303,    19500,    27000,    33000,    36800,   112440,   145000,
          CustBuyBeh,       1075,          0,          0,          0,        950,       1210,      200,     1000,     1600,     1900,     3789,     8300,
       ProductReturn,       2867,          0,          0,          0,       2630,       3089,      200,     1600,     2200,     2500,     7600,   114000,

  1766s: (14%)   IR =   1937 ....|[1771.382s][info][gc,start       ] GC(397) Pause Young (Allocation Failure)
[1771.467s][info][gc,heap        ] GC(397) PSYoungGen: 2071733K(2354688K)->127348K(2369536K) Eden: 1939968K(1939968K)->0K(1975808K) From: 131765K(414720K)->127348K(393728K)
[1771.467s][info][gc,heap        ] GC(397) ParOldGen: 3083318K(4577280K)->3179686K(4577280K)
[1771.467s][info][gc,metaspace   ] GC(397) Metaspace: 29054K(29376K)->29054K(29376K) NonClass: 25952K(26112K)->25952K(26112K) Class: 3102K(3264K)->3102K(3264K)
[1771.467s][info][gc             ] GC(397) Pause Young (Allocation Failure) 5034M->3229M(6784M) 85.027ms
[1771.467s][info][gc,cpu         ] GC(397) User=0.49s Sys=0.01s Real=0.09s
.......[1778.476s][info][gc,start       ] GC(398) Pause Young (Allocation Failure)
[1778.555s][info][gc,heap        ] GC(398) PSYoungGen: 2103156K(2369536K)->121952K(2366976K) Eden: 1975808K(1975808K)->0K(1975808K) From: 127348K(393728K)->121952K(391168K)
[1778.555s][info][gc,heap        ] GC(398) ParOldGen: 3179686K(4577280K)->3271162K(4577280K)
[1778.555s][info][gc,metaspace   ] GC(398) Metaspace: 29054K(29376K)->29054K(29376K) NonClass: 25952K(26112K)->25952K(26112K) Class: 3102K(3264K)->3102K(3264K)
[1778.555s][info][gc             ] GC(398) Pause Young (Allocation Failure) 5159M->3313M(6781M) 78.913ms
[1778.555s][info][gc,cpu         ] GC(398) User=0.46s Sys=0.00s Real=0.08s
.......[1785.663s][info][gc,start       ] GC(399) Pause Young (Allocation Failure)
[1785.743s][info][gc,heap        ] GC(399) PSYoungGen: 2097760K(2366976K)->124064K(2393088K) Eden: 1975808K(1975808K)->0K(2022912K) From: 121952K(391168K)->124064K(370176K)
[1785.743s][info][gc,heap        ] GC(399) ParOldGen: 3271162K(4577280K)->3363650K(4577280K)
[1785.743s][info][gc,metaspace   ] GC(399) Metaspace: 29054K(29376K)->29054K(29376K) NonClass: 25952K(26112K)->25952K(26112K) Class: 3102K(3264K)->3102K(3264K)
[1785.743s][info][gc             ] GC(399) Pause Young (Allocation Failure) 5243M->3405M(6807M) 80.385ms
[1785.743s][info][gc,cpu         ] GC(399) User=0.47s Sys=0.00s Real=0.08s
........[1792.954s][info][gc,start       ] GC(400) Pause Young (Allocation Failure)
[1793.040s][info][gc,heap        ] GC(400) PSYoungGen: 2146976K(2393088K)->139104K(2391040K) Eden: 2022912K(2022912K)->0K(2022912K) From: 124064K(370176K)->139104K(368128K)
[1793.040s][info][gc,heap        ] GC(400) ParOldGen: 3363650K(4577280K)->3457098K(4577280K)
[1793.040s][info][gc,metaspace   ] GC(400) Metaspace: 29054K(29376K)->29054K(29376K) NonClass: 25952K(26112K)->25952K(26112K) Class: 3102K(3264K)->3102K(3264K)
[1793.040s][info][gc             ] GC(400) Pause Young (Allocation Failure) 5381M->3511M(6805M) 85.666ms
[1793.040s][info][gc,cpu         ] GC(400) User=0.50s Sys=0.00s Real=0.09s
.......[1800.228s][info][gc,start       ] GC(401) Pause Young (Allocation Failure)
[1800.308s][info][gc,heap        ] GC(401) PSYoungGen: 2162016K(2391040K)->123680K(2416128K) Eden: 2022912K(2022912K)->0K(2069504K) From: 139104K(368128K)->123680K(346624K)
[1800.308s][info][gc,heap        ] GC(401) ParOldGen: 3457098K(4577280K)->3551018K(4577280K)
[1800.308s][info][gc,metaspace   ] GC(401) Metaspace: 29055K(29376K)->29055K(29376K) NonClass: 25952K(26112K)->25952K(26112K) Class: 3102K(3264K)->3102K(3264K)
[1800.308s][info][gc             ] GC(401) Pause Young (Allocation Failure) 5487M->3588M(6829M) 79.740ms
[1800.308s][info][gc,cpu         ] GC(401) User=0.47s Sys=0.00s Real=0.08s
.......[1807.718s][info][gc,start       ] GC(402) Pause Young (Allocation Failure)
[1807.799s][info][gc,heap        ] GC(402) PSYoungGen: 2193184K(2416128K)->129504K(2411520K) Eden: 2069504K(2069504K)->0K(2069504K) From: 123680K(346624K)->129504K(342016K)
[1807.799s][info][gc,heap        ] GC(402) ParOldGen: 3551018K(4577280K)->3644010K(4577280K)
[1807.799s][info][gc,metaspace   ] GC(402) Metaspace: 29055K(29376K)->29055K(29376K) NonClass: 25952K(26112K)->25952K(26112K) Class: 3102K(3264K)->3102K(3264K)
[1807.799s][info][gc             ] GC(402) Pause Young (Allocation Failure) 5609M->3685M(6825M) 80.955ms
[1807.799s][info][gc,cpu         ] GC(402) User=0.48s Sys=0.00s Real=0.08s
........[1815.189s][info][gc,start       ] GC(403) Pause Young (Allocation Failure)
[1815.272s][info][gc,heap        ] GC(403) PSYoungGen: 2199008K(2411520K)->127168K(2442240K) Eden: 2069504K(2069504K)->0K(2119168K) From: 129504K(342016K)->127168K(323072K)
[1815.272s][info][gc,heap        ] GC(403) ParOldGen: 3644010K(4577280K)->3740338K(4577280K)
[1815.272s][info][gc,metaspace   ] GC(403) Metaspace: 29056K(29376K)->29056K(29376K) NonClass: 25954K(26112K)->25954K(26112K) Class: 3102K(3264K)->3102K(3264K)
[1815.272s][info][gc             ] GC(403) Pause Young (Allocation Failure) 5706M->3776M(6855M) 82.518ms
[1815.272s][info][gc,cpu         ] GC(403) User=0.49s Sys=0.00s Real=0.08s
.......[1822.862s][info][gc,start       ] GC(404) Pause Young (Allocation Failure)
[1822.947s][info][gc,heap        ] GC(404) PSYoungGen: 2246336K(2442240K)->131776K(2437120K) Eden: 2119168K(2119168K)->0K(2119168K) From: 127168K(323072K)->131776K(317952K)
[1822.947s][info][gc,heap        ] GC(404) ParOldGen: 3740338K(4577280K)->3835802K(4577280K)
[1822.947s][info][gc,metaspace   ] GC(404) Metaspace: 29056K(29376K)->29056K(29376K) NonClass: 25954K(26112K)->25954K(26112K) Class: 3102K(3264K)->3102K(3264K)
[1822.947s][info][gc             ] GC(404) Pause Young (Allocation Failure) 5846M->3874M(6850M) 85.021ms
[1822.947s][info][gc,cpu         ] GC(404) User=0.50s Sys=0.00s Real=0.09s
........[1830.639s][info][gc,start       ] GC(405) Pause Young (Allocation Failure)
[1830.725s][info][gc,heap        ] GC(405) PSYoungGen: 2250944K(2437120K)->133184K(2466304K) Eden: 2119168K(2119168K)->0K(2166784K) From: 131776K(317952K)->133184K(299520K)
[1830.725s][info][gc,heap        ] GC(405) ParOldGen: 3835802K(4577280K)->3932498K(4577280K)
[1830.725s][info][gc,metaspace   ] GC(405) Metaspace: 29059K(29376K)->29059K(29376K) NonClass: 25956K(26112K)->25956K(26112K) Class: 3102K(3264K)->3102K(3264K)
[1830.725s][info][gc             ] GC(405) Pause Young (Allocation Failure) 5944M->3970M(6878M) 86.295ms
[1830.725s][info][gc,cpu         ] GC(405) User=0.51s Sys=0.01s Real=0.09s
. (rIR:aIR:PR = 1937:1937:1937) (tPR = 28838) [OK] 
  1830s: Performance info:
         Transaction,    Success,    Partial,     Failed,   Receipts, AvgBarcode, 
             Overall,     116367,          0,          0,     110555,      59.48, 
         Response times:
             Request,    Success,    Partial,     Failed,   SkipFail,     Probes,    Samples,      min,      p50,      p90,      p95,      p99,      max, 
       TotalPurchase,     110555,          0,          0,          0,     107931,     116379,      300,     1700,     2500,     2700,     4600,    91000,
     InStorePurchase,      58161,          0,          0,          0,      56900,      61190,      300,     1700,     2500,     2800,     4500,    91000,
      OnlinePurchase,      40770,          0,          0,          0,      39838,      42958,      300,     1600,     2500,     2700,     4600,    91000,
        InstPurchase,      11624,          0,          0,          0,      11193,      12231,      400,     1700,     2500,     2700,     4600,    90000,
          AssocOfCat,        116,          0,          0,          0,        111,        124,    16300,    20500,    28000,    32500,    38000,    39000,
      AssocOfProduct,       1158,          0,          0,          0,        994,       1165,      500,     1600,     2300,     2500,     3334,     7800,
      BusinessReport,        291,          0,          0,          0,        229,        314,    19900,    28000,    34000,    36000,    46700,   116000,
          CustBuyBeh,       1159,          0,          0,          0,       1018,       1215,      200,     1300,     2200,     2400,     3000,    11400,
       ProductReturn,       3088,          0,          0,          0,       2827,       3201,      200,     1500,     2400,     2600,     3794,    84000,

  1830s: (15%)   IR =   2076 .....|..[1838.030s][info][gc,start       ] GC(406) Pause Young (Allocation Failure)
[1838.119s][info][gc,heap        ] GC(406) PSYoungGen: 2299968K(2466304K)->140128K(2461184K) Eden: 2166784K(2166784K)->0K(2166784K) From: 133184K(299520K)->140128K(294400K)
[1838.119s][info][gc,heap        ] GC(406) ParOldGen: 3932498K(4577280K)->4030026K(4577280K)
[1838.119s][info][gc,metaspace   ] GC(406) Metaspace: 29061K(29376K)->29061K(29376K) NonClass: 25958K(26112K)->25958K(26112K) Class: 3102K(3264K)->3102K(3264K)
[1838.119s][info][gc             ] GC(406) Pause Young (Allocation Failure) 6086M->4072M(6873M) 88.888ms
[1838.119s][info][gc,cpu         ] GC(406) User=0.52s Sys=0.00s Real=0.09s
.......[1845.289s][info][gc,start       ] GC(407) Pause Young (Allocation Failure)
[1845.375s][info][gc,heap        ] GC(407) PSYoungGen: 2306912K(2461184K)->131936K(2491392K) Eden: 2166784K(2166784K)->0K(2212352K) From: 140128K(294400K)->131936K(279040K)
[1845.375s][info][gc,heap        ] GC(407) ParOldGen: 4030026K(4577280K)->4128970K(4577280K)
[1845.375s][info][gc,metaspace   ] GC(407) Metaspace: 29061K(29376K)->29061K(29376K) NonClass: 25958K(26112K)->25958K(26112K) Class: 3102K(3264K)->3102K(3264K)
[1845.375s][info][gc             ] GC(407) Pause Young (Allocation Failure) 6188M->4161M(6903M) 85.782ms
[1845.375s][info][gc,cpu         ] GC(407) User=0.51s Sys=0.00s Real=0.09s
......[1851.870s][info][gc,start       ] GC(408) Pause Full (Diagnostic Command)
[1851.870s][info][gc,phases,start] GC(408) Marking Phase
[1852.173s][info][gc,phases      ] GC(408) Marking Phase 302.941ms
[1852.173s][info][gc,phases,start] GC(408) Summary Phase
[1852.173s][info][gc,phases      ] GC(408) Summary Phase 0.083ms
[1852.173s][info][gc,phases,start] GC(408) Forward
[1852.347s][info][gc,phases      ] GC(408) Forward 174.267ms
[1852.347s][info][gc,phases,start] GC(408) Adjust Pointers
[1852.568s][info][gc,phases      ] GC(408) Adjust Pointers 220.471ms
[1852.568s][info][gc,phases,start] GC(408) Compaction Phase
[1852.757s][info][gc,phases      ] GC(408) Compaction Phase 188.843ms
[1852.759s][info][gc,phases,start] GC(408) Post Compact
[1852.765s][info][gc,phases      ] GC(408) Post Compact 5.404ms
[1852.765s][info][gc,heap        ] GC(408) PSYoungGen: 2072509K(2491392K)->0K(2491392K) Eden: 1940573K(2212352K)->0K(2212352K) From: 131936K(279040K)->0K(279040K)
[1852.765s][info][gc,heap        ] GC(408) ParOldGen: 4128970K(4577280K)->1316968K(4577280K)
[1852.765s][info][gc,metaspace   ] GC(408) Metaspace: 29061K(29376K)->29061K(29376K) NonClass: 25959K(26112K)->25959K(26112K) Class: 3102K(3264K)->3102K(3264K)
[1852.765s][info][gc             ] GC(408) Pause Full (Diagnostic Command) 6056M->1286M(6903M) 894.842ms
[1852.765s][info][gc,cpu         ] GC(408) User=4.73s Sys=0.00s Real=0.90s
.......[1859.301s][info][gc,start       ] GC(409) Pause Young (Allocation Failure)
[1859.357s][info][gc,heap        ] GC(409) PSYoungGen: 2212352K(2491392K)->135552K(2484224K) Eden: 2212352K(2212352K)->0K(2212352K) From: 0K(279040K)->135552K(271872K)
[1859.357s][info][gc,heap        ] GC(409) ParOldGen: 1316968K(4577280K)->1316968K(4577280K)
[1859.357s][info][gc,metaspace   ] GC(409) Metaspace: 29061K(29376K)->29061K(29376K) NonClass: 25959K(26112K)->25959K(26112K) Class: 3102K(3264K)->3102K(3264K)
[1859.357s][info][gc             ] GC(409) Pause Young (Allocation Failure) 3446M->1418M(6896M) 56.083ms
[1859.357s][info][gc,cpu         ] GC(409) User=0.33s Sys=0.00s Real=0.06s
........[1866.848s][info][gc,start       ] GC(410) Pause Young (Allocation Failure)
[1866.945s][info][gc,heap        ] GC(410) PSYoungGen: 2347904K(2484224K)->237248K(2484736K) Eden: 2212352K(2212352K)->0K(2223104K) From: 135552K(271872K)->237248K(261632K)
[1866.945s][info][gc,heap        ] GC(410) ParOldGen: 1316968K(4577280K)->1316968K(4577280K)
[1866.945s][info][gc,metaspace   ] GC(410) Metaspace: 29061K(29376K)->29061K(29376K) NonClass: 25959K(26112K)->25959K(26112K) Class: 3102K(3264K)->3102K(3264K)
[1866.945s][info][gc             ] GC(410) Pause Young (Allocation Failure) 3578M->1517M(6896M) 97.070ms
[1866.945s][info][gc,cpu         ] GC(410) User=0.50s Sys=0.08s Real=0.10s
.......[1874.403s][info][gc,start       ] GC(411) Pause Young (Allocation Failure)
[1874.510s][info][gc,heap        ] GC(411) PSYoungGen: 2460352K(2484736K)->283648K(2506752K) Eden: 2223104K(2223104K)->0K(2223104K) From: 237248K(261632K)->283648K(283648K)
[1874.510s][info][gc,heap        ] GC(411) ParOldGen: 1316968K(4577280K)->1342208K(4577280K)
[1874.510s][info][gc,metaspace   ] GC(411) Metaspace: 29063K(29376K)->29063K(29376K) NonClass: 25960K(26112K)->25960K(26112K) Class: 3102K(3264K)->3102K(3264K)
[1874.510s][info][gc             ] GC(411) Pause Young (Allocation Failure) 3688M->1587M(6918M) 106.324ms
[1874.510s][info][gc,cpu         ] GC(411) User=0.63s Sys=0.00s Real=0.11s
........[1881.839s][info][gc,start       ] GC(412) Pause Young (Allocation Failure)
[1881.955s][info][gc,heap        ] GC(412) PSYoungGen: 2506752K(2506752K)->229024K(2418688K) Eden: 2223104K(2223104K)->0K(2129408K) From: 283648K(283648K)->229024K(289280K)
[1881.955s][info][gc,heap        ] GC(412) ParOldGen: 1342208K(4577280K)->1462196K(4577280K)
[1881.955s][info][gc,metaspace   ] GC(412) Metaspace: 29063K(29376K)->29063K(29376K) NonClass: 25960K(26112K)->25960K(26112K) Class: 3102K(3264K)->3102K(3264K)
[1881.955s][info][gc             ] GC(412) Pause Young (Allocation Failure) 3758M->1651M(6832M) 115.263ms
[1881.955s][info][gc,cpu         ] GC(412) User=0.68s Sys=0.00s Real=0.12s
.......[1889.004s][info][gc,start       ] GC(413) Pause Young (Allocation Failure)
[1889.109s][info][gc,heap        ] GC(413) PSYoungGen: 2358432K(2418688K)->233884K(2363392K) Eden: 2129408K(2129408K)->0K(2129408K) From: 229024K(289280K)->233884K(233984K)
[1889.109s][info][gc,heap        ] GC(413) ParOldGen: 1462196K(4577280K)->1531852K(4577280K)
[1889.109s][info][gc,metaspace   ] GC(413) Metaspace: 29063K(29376K)->29063K(29376K) NonClass: 25960K(26112K)->25960K(26112K) Class: 3102K(3264K)->3102K(3264K)
[1889.109s][info][gc             ] GC(413) Pause Young (Allocation Failure) 3731M->1724M(6778M) 104.625ms
[1889.109s][info][gc,cpu         ] GC(413) User=0.62s Sys=0.00s Real=0.11s
.......[1896.198s][info][gc,start       ] GC(414) Pause Young (Allocation Failure)
[1896.300s][info][gc,heap        ] GC(414) PSYoungGen: 2363292K(2363392K)->226016K(2456576K) Eden: 2129408K(2129408K)->0K(2118144K) From: 233884K(233984K)->226016K(338432K)
[1896.300s][info][gc,heap        ] GC(414) ParOldGen: 1531852K(4577280K)->1607676K(4577280K)
[1896.300s][info][gc,metaspace   ] GC(414) Metaspace: 29063K(29376K)->29063K(29376K) NonClass: 25960K(26112K)->25960K(26112K) Class: 3102K(3264K)->3102K(3264K)
[1896.300s][info][gc             ] GC(414) Pause Young (Allocation Failure) 3803M->1790M(6869M) 102.296ms
[1896.300s][info][gc,cpu         ] GC(414) User=0.61s Sys=0.00s Real=0.10s
. (rIR:aIR:PR = 2076:2077:2077) (tPR = 30771) [OK] 
  1896s: Performance info:
         Transaction,    Success,    Partial,     Failed,   Receipts, AvgBarcode, 
             Overall,     126299,          0,          0,     119998,      59.48, 
         Response times:
             Request,    Success,    Partial,     Failed,   SkipFail,     Probes,    Samples,      min,      p50,      p90,      p95,      p99,      max, 
       TotalPurchase,     119999,          0,          0,          0,     116311,     127858,      300,     1800,     2700,     3200,    90000,   155000,
     InStorePurchase,      63148,          0,          0,          0,      61326,      67209,      300,     1800,     2700,     3200,    87000,   155000,
      OnlinePurchase,      44225,          0,          0,          0,      42988,      47289,      300,     1800,     2700,     3200,    97000,   152000,
        InstPurchase,      12626,          0,          0,          0,      11997,      13360,      400,     1800,     2800,     3200,    93000,   149000,
          AssocOfCat,        126,          0,          0,          0,         91,        134,    17400,    21000,    29500,    42750,    98650,   106000,
      AssocOfProduct,       1259,          0,          0,          0,       1094,       1336,      400,     2000,     3100,     3400,    74000,   149000,
      BusinessReport,        313,          0,          0,          0,        249,        340,    19800,    28000,    35000,    40900,   117980,   162000,
          CustBuyBeh,       1261,          0,          0,          0,       1129,       1388,      200,     1900,     2600,     3000,   115000,   122000,
       ProductReturn,       3342,          0,          0,          0,       3131,       3618,      200,     1100,     2100,     2500,    30000,   122000,

  1896s: (16%)   IR =   2214 .....|.[1902.867s][info][gc,start       ] GC(415) Pause Young (Allocation Failure)
[1902.969s][info][gc,heap        ] GC(415) PSYoungGen: 2344160K(2456576K)->228480K(2457088K) Eden: 2118144K(2118144K)->0K(2118144K) From: 226016K(338432K)->228480K(338944K)
[1902.969s][info][gc,heap        ] GC(415) ParOldGen: 1607676K(4577280K)->1679380K(4577280K)
[1902.969s][info][gc,metaspace   ] GC(415) Metaspace: 29065K(29376K)->29065K(29376K) NonClass: 25962K(26112K)->25962K(26112K) Class: 3102K(3264K)->3102K(3264K)
[1902.969s][info][gc             ] GC(415) Pause Young (Allocation Failure) 3859M->1863M(6869M) 102.190ms
[1902.969s][info][gc,cpu         ] GC(415) User=0.60s Sys=0.01s Real=0.10s
......[1909.637s][info][gc,start       ] GC(416) Pause Young (Allocation Failure)
[1909.745s][info][gc,heap        ] GC(416) PSYoungGen: 2346624K(2457088K)->139748K(2445824K) Eden: 2118144K(2118144K)->0K(2118144K) From: 228480K(338944K)->139748K(327680K)
[1909.745s][info][gc,heap        ] GC(416) ParOldGen: 1679380K(4577280K)->1848708K(4577280K)
[1909.745s][info][gc,metaspace   ] GC(416) Metaspace: 29065K(29376K)->29065K(29376K) NonClass: 25962K(26112K)->25962K(26112K) Class: 3102K(3264K)->3102K(3264K)
[1909.745s][info][gc             ] GC(416) Pause Young (Allocation Failure) 3931M->1941M(6858M) 107.641ms
[1909.745s][info][gc,cpu         ] GC(416) User=0.64s Sys=0.00s Real=0.11s
.......[1916.453s][info][gc,start       ] GC(417) Pause Young (Allocation Failure)
[1916.536s][info][gc,heap        ] GC(417) PSYoungGen: 2257892K(2445824K)->131392K(2451456K) Eden: 2118144K(2118144K)->0K(2118144K) From: 139748K(327680K)->131392K(333312K)
[1916.536s][info][gc,heap        ] GC(417) ParOldGen: 1848708K(4577280K)->1946940K(4577280K)
[1916.536s][info][gc,metaspace   ] GC(417) Metaspace: 29065K(29376K)->29065K(29376K) NonClass: 25962K(26112K)->25962K(26112K) Class: 3102K(3264K)->3102K(3264K)
[1916.536s][info][gc             ] GC(417) Pause Young (Allocation Failure) 4010M->2029M(6864M) 82.896ms
[1916.536s][info][gc,cpu         ] GC(417) User=0.49s Sys=0.00s Real=0.09s
.......[1923.042s][info][gc,start       ] GC(418) Pause Young (Allocation Failure)
[1923.124s][info][gc,heap        ] GC(418) PSYoungGen: 2249536K(2451456K)->130752K(2450432K) Eden: 2118144K(2118144K)->0K(2135040K) From: 131392K(333312K)->130752K(315392K)
[1923.124s][info][gc,heap        ] GC(418) ParOldGen: 1946940K(4577280K)->2044180K(4577280K)
[1923.124s][info][gc,metaspace   ] GC(418) Metaspace: 29065K(29376K)->29065K(29376K) NonClass: 25962K(26112K)->25962K(26112K) Class: 3102K(3264K)->3102K(3264K)
[1923.124s][info][gc             ] GC(418) Pause Young (Allocation Failure) 4098M->2123M(6863M) 81.321ms
[1923.124s][info][gc,cpu         ] GC(418) User=0.48s Sys=0.00s Real=0.08s
.......[1929.873s][info][gc,start       ] GC(419) Pause Young (Allocation Failure)
[1929.957s][info][gc,heap        ] GC(419) PSYoungGen: 2265792K(2450432K)->136650K(2456576K) Eden: 2135040K(2135040K)->0K(2135040K) From: 130752K(315392K)->136650K(321536K)
[1929.957s][info][gc,heap        ] GC(419) ParOldGen: 2044180K(4577280K)->2138836K(4577280K)
[1929.957s][info][gc,metaspace   ] GC(419) Metaspace: 29065K(29376K)->29065K(29376K) NonClass: 25962K(26112K)->25962K(26112K) Class: 3102K(3264K)->3102K(3264K)
[1929.957s][info][gc             ] GC(419) Pause Young (Allocation Failure) 4208M->2222M(6869M) 84.750ms
[1929.957s][info][gc,cpu         ] GC(419) User=0.51s Sys=0.00s Real=0.09s
......[1936.644s][info][gc,start       ] GC(420) Pause Young (Allocation Failure)
[1936.729s][info][gc,heap        ] GC(420) PSYoungGen: 2271690K(2456576K)->133952K(2459648K) Eden: 2135040K(2135040K)->0K(2160640K) From: 136650K(321536K)->133952K(299008K)
[1936.729s][info][gc,heap        ] GC(420) ParOldGen: 2138836K(4577280K)->2236724K(4577280K)
[1936.729s][info][gc,metaspace   ] GC(420) Metaspace: 29065K(29376K)->29065K(29376K) NonClass: 25962K(26112K)->25962K(26112K) Class: 3102K(3264K)->3102K(3264K)
[1936.729s][info][gc             ] GC(420) Pause Young (Allocation Failure) 4307M->2315M(6872M) 84.627ms
[1936.729s][info][gc,cpu         ] GC(420) User=0.50s Sys=0.00s Real=0.09s
.......[1943.403s][info][gc,start       ] GC(421) Pause Young (Allocation Failure)
[1943.487s][info][gc,heap        ] GC(421) PSYoungGen: 2294592K(2459648K)->134720K(2466304K) Eden: 2160640K(2160640K)->0K(2160640K) From: 133952K(299008K)->134720K(305664K)
[1943.487s][info][gc,heap        ] GC(421) ParOldGen: 2236724K(4577280K)->2335452K(4577280K)
[1943.487s][info][gc,metaspace   ] GC(421) Metaspace: 29065K(29376K)->29065K(29376K) NonClass: 25962K(26112K)->25962K(26112K) Class: 3102K(3264K)->3102K(3264K)
[1943.487s][info][gc             ] GC(421) Pause Young (Allocation Failure) 4425M->2412M(6878M) 83.994ms
[1943.487s][info][gc,cpu         ] GC(421) User=0.50s Sys=0.00s Real=0.09s
.......[1950.295s][info][gc,start       ] GC(422) Pause Young (Allocation Failure)
[1950.378s][info][gc,heap        ] GC(422) PSYoungGen: 2295360K(2466304K)->132832K(2475008K) Eden: 2160640K(2160640K)->0K(2192384K) From: 134720K(305664K)->132832K(282624K)
[1950.378s][info][gc,heap        ] GC(422) ParOldGen: 2335452K(4577280K)->2431692K(4577280K)
[1950.378s][info][gc,metaspace   ] GC(422) Metaspace: 29065K(29376K)->29065K(29376K) NonClass: 25962K(26112K)->25962K(26112K) Class: 3102K(3264K)->3102K(3264K)
[1950.378s][info][gc             ] GC(422) Pause Young (Allocation Failure) 4522M->2504M(6887M) 83.054ms
[1950.378s][info][gc,cpu         ] GC(422) User=0.49s Sys=0.00s Real=0.08s
.......[1957.247s][info][gc,start       ] GC(423) Pause Young (Allocation Failure)
[1957.335s][info][gc,heap        ] GC(423) PSYoungGen: 2325216K(2475008K)->141189K(2482176K) Eden: 2192384K(2192384K)->0K(2192384K) From: 132832K(282624K)->141189K(289792K)
[1957.335s][info][gc,heap        ] GC(423) ParOldGen: 2431692K(4577280K)->2528372K(4577280K)
[1957.335s][info][gc,metaspace   ] GC(423) Metaspace: 29065K(29376K)->29065K(29376K) NonClass: 25962K(26112K)->25962K(26112K) Class: 3102K(3264K)->3102K(3264K)
[1957.335s][info][gc             ] GC(423) Pause Young (Allocation Failure) 4645M->2606M(6894M) 87.434ms
[1957.335s][info][gc,cpu         ] GC(423) User=0.51s Sys=0.00s Real=0.09s
..... (rIR:aIR:PR = 2214:2213:2213) (tPR = 32857) [OK] 
  1961s: Performance info:
         Transaction,    Success,    Partial,     Failed,   Receipts, AvgBarcode, 
             Overall,     132833,          0,          0,     126181,      59.49, 
         Response times:
             Request,    Success,    Partial,     Failed,   SkipFail,     Probes,    Samples,      min,      p50,      p90,      p95,      p99,      max, 
       TotalPurchase,     126186,          0,          0,          0,     123560,     135326,      300,     1800,     2800,     3100,     5500,   112000,
     InStorePurchase,      66431,          0,          0,          0,      65416,      71463,      300,     1800,     2800,     3000,     5300,   111000,
      OnlinePurchase,      46468,          0,          0,          0,      45376,      49660,      300,     1900,     2800,     3100,     5700,   112000,
        InstPurchase,      13287,          0,          0,          0,      12768,      14203,      400,     1800,     2700,     3000,     5096,   112000,
          AssocOfCat,        134,          0,          0,          0,        103,        145,    16400,    22000,    27000,    31100,    79560,   109000,
      AssocOfProduct,       1326,          0,          0,          0,       1194,       1434,      400,     1900,     2800,     3100,     4795,    13800,
      BusinessReport,        332,          0,          0,          0,        263,        364,    21000,    28000,    35500,    40000,   119400,   140000,
          CustBuyBeh,       1332,          0,          0,          0,       1192,       1388,      200,     2100,     2700,     3000,     7799,    88000,
       ProductReturn,       3530,          0,          0,          0,       3301,       3838,      200,     1700,     2500,     2800,     4949,    88000,

  1961s: (17%)   IR =   2352 ..[1964.083s][info][gc,start       ] GC(424) Pause Young (Allocation Failure)
[1964.170s][info][gc,heap        ] GC(424) PSYoungGen: 2333573K(2482176K)->135968K(2491904K) Eden: 2192384K(2192384K)->0K(2225664K) From: 141189K(289792K)->135968K(266240K)
[1964.170s][info][gc,heap        ] GC(424) ParOldGen: 2528372K(4577280K)->2628276K(4577280K)
[1964.170s][info][gc,metaspace   ] GC(424) Metaspace: 29065K(29376K)->29065K(29376K) NonClass: 25962K(26112K)->25962K(26112K) Class: 3102K(3264K)->3102K(3264K)
[1964.170s][info][gc             ] GC(424) Pause Young (Allocation Failure) 4747M->2699M(6903M) 86.559ms
[1964.170s][info][gc,cpu         ] GC(424) User=0.51s Sys=0.00s Real=0.09s
.....|.[1970.636s][info][gc,start       ] GC(425) Pause Young (Allocation Failure)
[1970.723s][info][gc,heap        ] GC(425) PSYoungGen: 2361632K(2491904K)->136192K(2498048K) Eden: 2225664K(2225664K)->0K(2225664K) From: 135968K(266240K)->136192K(272384K)
[1970.723s][info][gc,heap        ] GC(425) ParOldGen: 2628276K(4577280K)->2726300K(4577280K)
[1970.723s][info][gc,metaspace   ] GC(425) Metaspace: 29065K(29376K)->29065K(29376K) NonClass: 25962K(26112K)->25962K(26112K) Class: 3102K(3264K)->3102K(3264K)
[1970.723s][info][gc             ] GC(425) Pause Young (Allocation Failure) 4872M->2795M(6909M) 86.897ms
[1970.723s][info][gc,cpu         ] GC(425) User=0.51s Sys=0.00s Real=0.08s
.......[1977.312s][info][gc,start       ] GC(426) Pause Young (Allocation Failure)
[1977.404s][info][gc,heap        ] GC(426) PSYoungGen: 2361856K(2498048K)->149760K(2504704K) Eden: 2225664K(2225664K)->0K(2258944K) From: 136192K(272384K)->149760K(245760K)
[1977.404s][info][gc,heap        ] GC(426) ParOldGen: 2726300K(4577280K)->2825244K(4577280K)
[1977.404s][info][gc,metaspace   ] GC(426) Metaspace: 29065K(29376K)->29065K(29376K) NonClass: 25962K(26112K)->25962K(26112K) Class: 3102K(3264K)->3102K(3264K)
[1977.404s][info][gc             ] GC(426) Pause Young (Allocation Failure) 4968M->2905M(6916M) 92.391ms
[1977.404s][info][gc,cpu         ] GC(426) User=0.55s Sys=0.00s Real=0.09s
.......[1983.996s][info][gc,start       ] GC(427) Pause Young (Allocation Failure)
[1984.081s][info][gc,heap        ] GC(427) PSYoungGen: 2408704K(2504704K)->139072K(2513408K) Eden: 2258944K(2258944K)->0K(2258944K) From: 149760K(245760K)->139072K(254464K)
[1984.081s][info][gc,heap        ] GC(427) ParOldGen: 2825244K(4577280K)->2924324K(4577280K)
[1984.081s][info][gc,metaspace   ] GC(427) Metaspace: 29065K(29376K)->29065K(29376K) NonClass: 25962K(26112K)->25962K(26112K) Class: 3102K(3264K)->3102K(3264K)
[1984.082s][info][gc             ] GC(427) Pause Young (Allocation Failure) 5111M->2991M(6924M) 85.472ms
[1984.082s][info][gc,cpu         ] GC(427) User=0.50s Sys=0.00s Real=0.08s
......[1990.790s][info][gc,start       ] GC(428) Pause Young (Allocation Failure)
[1990.878s][info][gc,heap        ] GC(428) PSYoungGen: 2398016K(2513408K)->140320K(2525696K) Eden: 2258944K(2258944K)->0K(2294272K) From: 139072K(254464K)->140320K(231424K)
[1990.878s][info][gc,heap        ] GC(428) ParOldGen: 2924324K(4577280K)->3022732K(4577280K)
[1990.878s][info][gc,metaspace   ] GC(428) Metaspace: 29065K(29376K)->29065K(29376K) NonClass: 25962K(26112K)->25962K(26112K) Class: 3102K(3264K)->3102K(3264K)
[1990.878s][info][gc             ] GC(428) Pause Young (Allocation Failure) 5197M->3088M(6936M) 88.249ms
[1990.879s][info][gc,cpu         ] GC(428) User=0.53s Sys=0.00s Real=0.09s
.......[1997.662s][info][gc,start       ] GC(429) Pause Young (Allocation Failure)
[1997.752s][info][gc,heap        ] GC(429) PSYoungGen: 2434592K(2525696K)->143808K(2534400K) Eden: 2294272K(2294272K)->0K(2294272K) From: 140320K(231424K)->143808K(240128K)
[1997.752s][info][gc,heap        ] GC(429) ParOldGen: 3022732K(4577280K)->3123604K(4577280K)
[1997.752s][info][gc,metaspace   ] GC(429) Metaspace: 29065K(29376K)->29065K(29376K) NonClass: 25962K(26112K)->25962K(26112K) Class: 3102K(3264K)->3102K(3264K)
[1997.752s][info][gc             ] GC(429) Pause Young (Allocation Failure) 5329M->3190M(6945M) 89.204ms
[1997.752s][info][gc,cpu         ] GC(429) User=0.53s Sys=0.00s Real=0.09s
.......[2004.478s][info][gc,start       ] GC(430) Pause Young (Allocation Failure)
[2004.567s][info][gc,heap        ] GC(430) PSYoungGen: 2438080K(2534400K)->141299K(2541568K) Eden: 2294272K(2294272K)->0K(2323456K) From: 143808K(240128K)->141299K(218112K)
[2004.567s][info][gc,heap        ] GC(430) ParOldGen: 3123604K(4577280K)->3224900K(4577280K)
[2004.567s][info][gc,metaspace   ] GC(430) Metaspace: 29065K(29376K)->29065K(29376K) NonClass: 25962K(26112K)->25962K(26112K) Class: 3102K(3264K)->3102K(3264K)
[2004.567s][info][gc             ] GC(430) Pause Young (Allocation Failure) 5431M->3287M(6952M) 88.477ms
[2004.567s][info][gc,cpu         ] GC(430) User=0.52s Sys=0.00s Real=0.09s
.......[2011.334s][info][gc,start       ] GC(431) Pause Young (Allocation Failure)
[2011.424s][info][gc,heap        ] GC(431) PSYoungGen: 2464755K(2541568K)->145476K(2549248K) Eden: 2323456K(2323456K)->0K(2323456K) From: 141299K(218112K)->145476K(225792K)
[2011.424s][info][gc,heap        ] GC(431) ParOldGen: 3224900K(4577280K)->3326044K(4577280K)
[2011.424s][info][gc,metaspace   ] GC(431) Metaspace: 29065K(29376K)->29065K(29376K) NonClass: 25962K(26112K)->25962K(26112K) Class: 3102K(3264K)->3102K(3264K)
[2011.424s][info][gc             ] GC(431) Pause Young (Allocation Failure) 5556M->3390M(6959M) 90.173ms
[2011.424s][info][gc,cpu         ] GC(431) User=0.53s Sys=0.00s Real=0.09s
.......[2018.331s][info][gc,start       ] GC(432) Pause Young (Allocation Failure)
[2018.422s][info][gc,heap        ] GC(432) PSYoungGen: 2468932K(2549248K)->142464K(2557952K) Eden: 2323456K(2323456K)->0K(2351104K) From: 145476K(225792K)->142464K(206848K)
[2018.422s][info][gc,heap        ] GC(432) ParOldGen: 3326044K(4577280K)->3426172K(4577280K)
[2018.422s][info][gc,metaspace   ] GC(432) Metaspace: 29065K(29376K)->29065K(29376K) NonClass: 25962K(26112K)->25962K(26112K) Class: 3102K(3264K)->3102K(3264K)
[2018.422s][info][gc             ] GC(432) Pause Young (Allocation Failure) 5659M->3484M(6968M) 90.891ms
[2018.422s][info][gc,cpu         ] GC(432) User=0.53s Sys=0.00s Real=0.09s
.......[2025.309s][info][gc,start       ] GC(433) Pause Young (Allocation Failure)
[2025.401s][info][gc,heap        ] GC(433) PSYoungGen: 2493568K(2557952K)->147669K(2564608K) Eden: 2351104K(2351104K)->0K(2351104K) From: 142464K(206848K)->147669K(213504K)
[2025.401s][info][gc,heap        ] GC(433) ParOldGen: 3426172K(4577280K)->3529196K(4577280K)
[2025.401s][info][gc,metaspace   ] GC(433) Metaspace: 29065K(29376K)->29065K(29376K) NonClass: 25962K(26112K)->25962K(26112K) Class: 3102K(3264K)->3102K(3264K)
[2025.401s][info][gc             ] GC(433) Pause Young (Allocation Failure) 5780M->3590M(6974M) 92.312ms
[2025.401s][info][gc,cpu         ] GC(433) User=0.55s Sys=0.00s Real=0.09s
.... (rIR:aIR:PR = 2352:2352:2352) (tPR = 34995) [OK] 
  2028s: Performance info:
         Transaction,    Success,    Partial,     Failed,   Receipts, AvgBarcode, 
             Overall,     141223,          0,          0,     134169,      59.47, 
         Response times:
             Request,    Success,    Partial,     Failed,   SkipFail,     Probes,    Samples,      min,      p50,      p90,      p95,      p99,      max, 
       TotalPurchase,     134169,          0,          0,          0,     131091,     147973,      300,     1900,     2900,     3300,     7000,   102000,
     InStorePurchase,      70598,          0,          0,          0,      69304,      77947,      300,     2000,     3000,     3300,     6900,   102000,
      OnlinePurchase,      49420,          0,          0,          0,      48286,      54570,      300,     2000,     2900,     3300,     7800,   102000,
        InstPurchase,      14151,          0,          0,          0,      13501,      15456,      400,     1600,     2800,     3100,     5200,    97000,
          AssocOfCat,        140,          0,          0,          0,        105,        152,    16500,    23000,    28700,    32000,    38700,    44000,
      AssocOfProduct,       1408,          0,          0,          0,       1256,       1553,      400,      900,     1500,     1900,     3046,     5400,
      BusinessReport,        352,          0,          0,          0,        270,        383,    21000,    29000,    36000,    40000,    61160,   149000,
          CustBuyBeh,       1409,          0,          0,          0,       1291,       1562,      200,     2000,     3000,     3500,    10370,    95000,
       ProductReturn,       3745,          0,          0,          0,       3493,       4163,      200,     1400,     2900,     3300,     5636,    99000,

  2028s: (18%)   IR =   2491 ...[2032.158s][info][gc,start       ] GC(434) Pause Young (Allocation Failure)
[2032.249s][info][gc,heap        ] GC(434) PSYoungGen: 2498773K(2564608K)->145728K(2570752K) Eden: 2351104K(2351104K)->0K(2375168K) From: 147669K(213504K)->145728K(195584K)
[2032.249s][info][gc,heap        ] GC(434) ParOldGen: 3529196K(4577280K)->3631436K(4577280K)
[2032.249s][info][gc,metaspace   ] GC(434) Metaspace: 29069K(29376K)->29069K(29376K) NonClass: 25966K(26112K)->25966K(26112K) Class: 3102K(3264K)->3102K(3264K)
[2032.249s][info][gc             ] GC(434) Pause Young (Allocation Failure) 5886M->3688M(6980M) 91.134ms
[2032.249s][info][gc,cpu         ] GC(434) User=0.54s Sys=0.00s Real=0.09s
...|...[2038.855s][info][gc,start       ] GC(435) Pause Young (Allocation Failure)
[2038.947s][info][gc,heap        ] GC(435) PSYoungGen: 2520896K(2570752K)->145792K(2576896K) Eden: 2375168K(2375168K)->0K(2375168K) From: 145728K(195584K)->145792K(201728K)
[2038.947s][info][gc,heap        ] GC(435) ParOldGen: 3631436K(4577280K)->3732676K(4577280K)
[2038.947s][info][gc,metaspace   ] GC(435) Metaspace: 29069K(29376K)->29069K(29376K) NonClass: 25966K(26112K)->25966K(26112K) Class: 3102K(3264K)->3102K(3264K)
[2038.947s][info][gc             ] GC(435) Pause Young (Allocation Failure) 6008M->3787M(6986M) 91.835ms
[2038.947s][info][gc,cpu         ] GC(435) User=0.55s Sys=0.00s Real=0.09s
.......[2045.515s][info][gc,start       ] GC(436) Pause Young (Allocation Failure)
[2045.606s][info][gc,heap        ] GC(436) PSYoungGen: 2520960K(2576896K)->144575K(2583552K) Eden: 2375168K(2375168K)->0K(2397184K) From: 145792K(201728K)->144575K(186368K)
[2045.606s][info][gc,heap        ] GC(436) ParOldGen: 3732676K(4577280K)->3835372K(4577280K)
[2045.606s][info][gc,metaspace   ] GC(436) Metaspace: 29069K(29376K)->29069K(29376K) NonClass: 25966K(26112K)->25966K(26112K) Class: 3102K(3264K)->3102K(3264K)
[2045.606s][info][gc             ] GC(436) Pause Young (Allocation Failure) 6107M->3886M(6993M) 90.612ms
[2045.606s][info][gc,cpu         ] GC(436) User=0.54s Sys=0.00s Real=0.09s
.......[2052.253s][info][gc,start       ] GC(437) Pause Young (Allocation Failure)
[2052.347s][info][gc,heap        ] GC(437) PSYoungGen: 2541759K(2583552K)->149348K(2589696K) Eden: 2397184K(2397184K)->0K(2397184K) From: 144575K(186368K)->149348K(192512K)
[2052.347s][info][gc,heap        ] GC(437) ParOldGen: 3835372K(4577280K)->3938044K(4577280K)
[2052.347s][info][gc,metaspace   ] GC(437) Metaspace: 29069K(29376K)->29069K(29376K) NonClass: 25966K(26112K)->25966K(26112K) Class: 3102K(3264K)->3102K(3264K)
[2052.347s][info][gc             ] GC(437) Pause Young (Allocation Failure) 6227M->3991M(6999M) 93.959ms
[2052.347s][info][gc,cpu         ] GC(437) User=0.55s Sys=0.01s Real=0.10s
......[2058.948s][info][gc,start       ] GC(438) Pause Young (Allocation Failure)
[2059.042s][info][gc,heap        ] GC(438) PSYoungGen: 2546532K(2589696K)->146240K(2592768K) Eden: 2397184K(2397184K)->0K(2414592K) From: 149348K(192512K)->146240K(178176K)
[2059.042s][info][gc,heap        ] GC(438) ParOldGen: 3938044K(4577280K)->4040692K(4577280K)
[2059.042s][info][gc,metaspace   ] GC(438) Metaspace: 29069K(29376K)->29069K(29376K) NonClass: 25966K(26112K)->25966K(26112K) Class: 3102K(3264K)->3102K(3264K)
[2059.042s][info][gc             ] GC(438) Pause Young (Allocation Failure) 6332M->4088M(7002M) 93.469ms
[2059.042s][info][gc,cpu         ] GC(438) User=0.54s Sys=0.01s Real=0.09s
.......[2065.809s][info][gc,start       ] GC(439) Pause Young (Allocation Failure)
[2065.901s][info][gc,heap        ] GC(439) PSYoungGen: 2560832K(2592768K)->148096K(2599424K) Eden: 2414592K(2414592K)->0K(2414592K) From: 146240K(178176K)->148096K(184832K)
[2065.901s][info][gc,heap        ] GC(439) ParOldGen: 4040692K(4577280K)->4143060K(4577280K)
[2065.901s][info][gc,metaspace   ] GC(439) Metaspace: 29069K(29376K)->29069K(29376K) NonClass: 25966K(26112K)->25966K(26112K) Class: 3102K(3264K)->3102K(3264K)
[2065.901s][info][gc             ] GC(439) Pause Young (Allocation Failure) 6446M->4190M(7008M) 91.813ms
[2065.901s][info][gc,cpu         ] GC(439) User=0.54s Sys=0.00s Real=0.09s
.......[2072.488s][info][gc,start       ] GC(440) Pause Young (Allocation Failure)
[2072.583s][info][gc,heap        ] GC(440) PSYoungGen: 2562688K(2599424K)->144416K(2603008K) Eden: 2414592K(2414592K)->0K(2429952K) From: 148096K(184832K)->144416K(173056K)
[2072.583s][info][gc,heap        ] GC(440) ParOldGen: 4143060K(4577280K)->4248508K(4577280K)
[2072.583s][info][gc,metaspace   ] GC(440) Metaspace: 29069K(29376K)->29069K(29376K) NonClass: 25966K(26112K)->25966K(26112K) Class: 3102K(3264K)->3102K(3264K)
[2072.583s][info][gc             ] GC(440) Pause Young (Allocation Failure) 6548M->4289M(7012M) 94.451ms
[2072.583s][info][gc,cpu         ] GC(440) User=0.55s Sys=0.01s Real=0.09s
.......[2079.429s][info][gc,start       ] GC(441) Pause Young (Allocation Failure)
[2079.525s][info][gc,heap        ] GC(441) PSYoungGen: 2574368K(2603008K)->154672K(2608640K) Eden: 2429952K(2429952K)->0K(2429952K) From: 144416K(173056K)->154672K(178688K)
[2079.525s][info][gc,heap        ] GC(441) ParOldGen: 4248508K(4577280K)->4351068K(4577280K)
[2079.525s][info][gc,metaspace   ] GC(441) Metaspace: 29069K(29376K)->29069K(29376K) NonClass: 25966K(26112K)->25966K(26112K) Class: 3102K(3264K)->3102K(3264K)
[2079.525s][info][gc             ] GC(441) Pause Young (Allocation Failure) 6662M->4400M(7017M) 96.123ms
[2079.525s][info][gc,cpu         ] GC(441) User=0.57s Sys=0.00s Real=0.10s
.......[2086.113s][info][gc,start       ] GC(442) Pause Young (Allocation Failure)
[2086.208s][info][gc,heap        ] GC(442) PSYoungGen: 2584624K(2608640K)->147008K(2611712K) Eden: 2429952K(2429952K)->0K(2439168K) From: 154672K(178688K)->147008K(172544K)
[2086.208s][info][gc,heap        ] GC(442) ParOldGen: 4351068K(4577280K)->4457540K(4577280K)
[2086.208s][info][gc,metaspace   ] GC(442) Metaspace: 29069K(29376K)->29069K(29376K) NonClass: 25966K(26112K)->25966K(26112K) Class: 3102K(3264K)->3102K(3264K)
[2086.208s][info][gc             ] GC(442) Pause Young (Allocation Failure) 6773M->4496M(7020M) 94.484ms
[2086.208s][info][gc,cpu         ] GC(442) User=0.55s Sys=0.02s Real=0.10s
.......[2093.116s][info][gc,start       ] GC(443) Pause Young (Allocation Failure)
[2093.211s][info][gc,heap        ] GC(443) PSYoungGen: 2586176K(2611712K)->152320K(2614784K) Eden: 2439168K(2439168K)->0K(2439168K) From: 147008K(172544K)->152320K(175616K)
[2093.211s][info][gc,heap        ] GC(443) ParOldGen: 4457540K(4577280K)->4559492K(4577280K)
[2093.211s][info][gc,metaspace   ] GC(443) Metaspace: 29069K(29376K)->29069K(29376K) NonClass: 25966K(26112K)->25966K(26112K) Class: 3102K(3264K)->3102K(3264K)
[2093.211s][info][gc             ] GC(443) Pause Young (Allocation Failure) 6878M->4601M(7023M) 94.515ms
[2093.211s][info][gc,cpu         ] GC(443) User=0.56s Sys=0.00s Real=0.09s
.. (rIR:aIR:PR = 2491:2492:2492) (tPR = 36852) [OK] 
  2094s: Performance info:
         Transaction,    Success,    Partial,     Failed,   Receipts, AvgBarcode, 
             Overall,     149881,          0,          0,     142386,      59.48, 
         Response times:
             Request,    Success,    Partial,     Failed,   SkipFail,     Probes,    Samples,      min,      p50,      p90,      p95,      p99,      max, 
       TotalPurchase,     142386,          0,          0,          0,     138940,     154248,      300,     2000,     3100,     3500,    10200,   129000,
     InStorePurchase,      74954,          0,          0,          0,      73252,      81074,      300,     2100,     3100,     3500,    10500,   109000,
      OnlinePurchase,      52444,          0,          0,          0,      51157,      56646,      300,     2100,     3200,     3600,    10700,   129000,
        InstPurchase,      14988,          0,          0,          0,      14531,      16528,      400,     1700,     3000,     3400,     8200,   107000,
          AssocOfCat,        149,          0,          0,          0,        108,        174,    16100,    22000,    30000,    32250,    39250,    40000,
      AssocOfProduct,       1499,          0,          0,          0,       1336,       1583,      600,     2800,     3600,     4100,    15216,   106000,
      BusinessReport,        376,          0,          0,          0,        303,        420,    21000,    29000,    36000,    40000,    49000,   123000,
          CustBuyBeh,       1494,          0,          0,          0,       1330,       1655,      100,     1000,     2400,     2800,     4232,    26000,
       ProductReturn,       3977,          0,          0,          0,       3688,       4235,      200,     2200,     3100,     3500,    12064,   106000,

  2094s: (19%)   IR =   2629 ....[2099.540s][info][gc,start       ] GC(444) Pause Young (Allocation Failure)
[2099.639s][info][gc,heap        ] GC(444) PSYoungGen: 2591488K(2614784K)->145152K(2615808K) Eden: 2439168K(2439168K)->0K(2446336K) From: 152320K(175616K)->145152K(169472K)
[2099.639s][info][gc,heap        ] GC(444) ParOldGen: 4559492K(4577280K)->4667204K(4667392K)
[2099.639s][info][gc,metaspace   ] GC(444) Metaspace: 29069K(29376K)->29069K(29376K) NonClass: 25966K(26112K)->25966K(26112K) Class: 3102K(3264K)->3102K(3264K)
[2099.639s][info][gc             ] GC(444) Pause Young (Allocation Failure) 6983M->4699M(7112M) 98.475ms
[2099.639s][info][gc,cpu         ] GC(444) User=0.55s Sys=0.03s Real=0.10s
.|.....[2106.045s][info][gc,start       ] GC(445) Pause Young (Allocation Failure)
[2106.144s][info][gc,heap        ] GC(445) PSYoungGen: 2591488K(2615808K)->149856K(2618880K) Eden: 2446336K(2446336K)->0K(2446336K) From: 145152K(169472K)->149856K(172544K)
[2106.144s][info][gc,heap        ] GC(445) ParOldGen: 4667204K(4667392K)->4770492K(4770816K)
[2106.144s][info][gc,metaspace   ] GC(445) Metaspace: 29069K(29376K)->29069K(29376K) NonClass: 25966K(26112K)->25966K(26112K) Class: 3102K(3264K)->3102K(3264K)
[2106.144s][info][gc             ] GC(445) Pause Young (Allocation Failure) 7088M->4805M(7216M) 98.293ms
[2106.144s][info][gc,cpu         ] GC(445) User=0.55s Sys=0.03s Real=0.09s
.......[2112.653s][info][gc,start       ] GC(446) Pause Young (Allocation Failure)
[2112.754s][info][gc,heap        ] GC(446) PSYoungGen: 2596192K(2618880K)->150176K(2619392K) Eden: 2446336K(2446336K)->0K(2452992K) From: 149856K(172544K)->150176K(166400K)
[2112.754s][info][gc,heap        ] GC(446) ParOldGen: 4770492K(4770816K)->4874908K(4875264K)
[2112.754s][info][gc,metaspace   ] GC(446) Metaspace: 29069K(29376K)->29069K(29376K) NonClass: 25966K(26112K)->25966K(26112K) Class: 3102K(3264K)->3102K(3264K)
[2112.754s][info][gc             ] GC(446) Pause Young (Allocation Failure) 7194M->4907M(7319M) 100.886ms
[2112.754s][info][gc,cpu         ] GC(446) User=0.54s Sys=0.05s Real=0.11s
.......[2119.182s][info][gc,start       ] GC(447) Pause Young (Allocation Failure)
[2119.280s][info][gc,heap        ] GC(447) PSYoungGen: 2603168K(2619392K)->145856K(2621952K) Eden: 2452992K(2452992K)->0K(2452992K) From: 150176K(166400K)->145856K(168960K)
[2119.281s][info][gc,heap        ] GC(447) ParOldGen: 4874908K(4875264K)->4980116K(4980224K)
[2119.281s][info][gc,metaspace   ] GC(447) Metaspace: 29069K(29376K)->29069K(29376K) NonClass: 25966K(26112K)->25966K(26112K) Class: 3102K(3264K)->3102K(3264K)
[2119.281s][info][gc             ] GC(447) Pause Young (Allocation Failure) 7302M->5005M(7424M) 98.101ms
[2119.281s][info][gc,cpu         ] GC(447) User=0.54s Sys=0.03s Real=0.10s
......[2125.711s][info][gc,start       ] GC(448) Pause Young (Allocation Failure)
[2125.815s][info][gc,heap        ] GC(448) PSYoungGen: 2598848K(2621952K)->158148K(2624512K) Eden: 2452992K(2452992K)->0K(2457088K) From: 145856K(168960K)->158148K(167424K)
[2125.815s][info][gc,heap        ] GC(448) ParOldGen: 4980116K(4980224K)->5083596K(5083648K)
[2125.815s][info][gc,metaspace   ] GC(448) Metaspace: 29069K(29376K)->29069K(29376K) NonClass: 25966K(26112K)->25966K(26112K) Class: 3102K(3264K)->3102K(3264K)
[2125.815s][info][gc             ] GC(448) Pause Young (Allocation Failure) 7401M->5118M(7527M) 103.721ms
[2125.815s][info][gc,cpu         ] GC(448) User=0.57s Sys=0.05s Real=0.11s
.......[2132.204s][info][gc,start       ] GC(449) Pause Young (Allocation Failure)
[2132.301s][info][gc,heap        ] GC(449) PSYoungGen: 2615236K(2624512K)->145312K(2626560K) Eden: 2457088K(2457088K)->0K(2457088K) From: 158148K(167424K)->145312K(169472K)
[2132.301s][info][gc,heap        ] GC(449) ParOldGen: 5083596K(5083648K)->5189004K(5189120K)
[2132.301s][info][gc,metaspace   ] GC(449) Metaspace: 29069K(29376K)->29069K(29376K) NonClass: 25966K(26112K)->25966K(26112K) Class: 3102K(3264K)->3102K(3264K)
[2132.301s][info][gc             ] GC(449) Pause Young (Allocation Failure) 7518M->5209M(7632M) 97.350ms
[2132.301s][info][gc,cpu         ] GC(449) User=0.53s Sys=0.04s Real=0.10s
......[2138.789s][info][gc,start       ] GC(450) Pause Young (Allocation Failure)
[2138.890s][info][gc,heap        ] GC(450) PSYoungGen: 2602400K(2626560K)->155956K(2626560K) Eden: 2457088K(2457088K)->0K(2458624K) From: 145312K(169472K)->155956K(167936K)
[2138.890s][info][gc,heap        ] GC(450) ParOldGen: 5189004K(5189120K)->5291540K(5292032K)
[2138.890s][info][gc,metaspace   ] GC(450) Metaspace: 29069K(29376K)->29069K(29376K) NonClass: 25966K(26112K)->25966K(26112K) Class: 3102K(3264K)->3102K(3264K)
[2138.890s][info][gc             ] GC(450) Pause Young (Allocation Failure) 7608M->5319M(7733M) 100.249ms
[2138.890s][info][gc,cpu         ] GC(450) User=0.57s Sys=0.02s Real=0.10s
.......[2145.237s][info][gc,start       ] GC(451) Pause Young (Allocation Failure)
[2145.338s][info][gc,heap        ] GC(451) PSYoungGen: 2614580K(2626560K)->145664K(2627072K) Eden: 2458624K(2458624K)->0K(2458624K) From: 155956K(167936K)->145664K(168448K)
[2145.338s][info][gc,heap        ] GC(451) ParOldGen: 5291540K(5292032K)->5397708K(5398016K)
[2145.338s][info][gc,metaspace   ] GC(451) Metaspace: 29069K(29376K)->29069K(29376K) NonClass: 25966K(26112K)->25966K(26112K) Class: 3102K(3264K)->3102K(3264K)
[2145.338s][info][gc             ] GC(451) Pause Young (Allocation Failure) 7720M->5413M(7837M) 101.318ms
[2145.338s][info][gc,cpu         ] GC(451) User=0.54s Sys=0.04s Real=0.10s
......[2151.685s][info][gc,start       ] GC(452) Pause Young (Allocation Failure)
[2151.782s][info][gc,heap        ] GC(452) PSYoungGen: 2604288K(2627072K)->146944K(2625024K) Eden: 2458624K(2458624K)->0K(2460160K) From: 145664K(168448K)->146944K(164864K)
[2151.782s][info][gc,heap        ] GC(452) ParOldGen: 5397708K(5398016K)->5502108K(5502464K)
[2151.782s][info][gc,metaspace   ] GC(452) Metaspace: 29069K(29376K)->29069K(29376K) NonClass: 25966K(26112K)->25966K(26112K) Class: 3102K(3264K)->3102K(3264K)
[2151.782s][info][gc             ] GC(452) Pause Young (Allocation Failure) 7814M->5516M(7937M) 96.542ms
[2151.782s][info][gc,cpu         ] GC(452) User=0.53s Sys=0.04s Real=0.09s
.[2152.908s][info][gc,start       ] GC(453) Pause Full (Diagnostic Command)
[2152.908s][info][gc,phases,start] GC(453) Marking Phase
[2153.203s][info][gc,phases      ] GC(453) Marking Phase 295.168ms
[2153.203s][info][gc,phases,start] GC(453) Summary Phase
[2153.203s][info][gc,phases      ] GC(453) Summary Phase 0.084ms
[2153.203s][info][gc,phases,start] GC(453) Forward
[2153.437s][info][gc,phases      ] GC(453) Forward 234.169ms
[2153.437s][info][gc,phases,start] GC(453) Adjust Pointers
[2153.650s][info][gc,phases      ] GC(453) Adjust Pointers 212.779ms
[2153.650s][info][gc,phases,start] GC(453) Compaction Phase
[2153.852s][info][gc,phases      ] GC(453) Compaction Phase 201.935ms
[2153.854s][info][gc,phases,start] GC(453) Post Compact
[2153.859s][info][gc,phases      ] GC(453) Post Compact 5.355ms
[2153.859s][info][gc,heap        ] GC(453) PSYoungGen: 557434K(2625024K)->0K(2625024K) Eden: 410490K(2460160K)->0K(2460160K) From: 146944K(164864K)->0K(164864K)
[2153.859s][info][gc,heap        ] GC(453) ParOldGen: 5502108K(5502464K)->1319845K(5502464K)
[2153.859s][info][gc,metaspace   ] GC(453) Metaspace: 29069K(29376K)->29069K(29376K) NonClass: 25966K(26112K)->25966K(26112K) Class: 3102K(3264K)->3102K(3264K)
[2153.859s][info][gc             ] GC(453) Pause Full (Diagnostic Command) 5917M->1288M(7937M) 951.381ms
[2153.859s][info][gc,cpu         ] GC(453) User=4.77s Sys=0.00s Real=0.95s
......[2159.429s][info][gc,start       ] GC(454) Pause Young (Allocation Failure)
[2159.490s][info][gc,heap        ] GC(454) PSYoungGen: 2460160K(2625024K)->148384K(2626048K) Eden: 2460160K(2460160K)->0K(2460160K) From: 0K(164864K)->148384K(165888K)
[2159.490s][info][gc,heap        ] GC(454) ParOldGen: 1319845K(5502464K)->1319845K(5502464K)
[2159.490s][info][gc,metaspace   ] GC(454) Metaspace: 29069K(29376K)->29069K(29376K) NonClass: 25966K(26112K)->25966K(26112K) Class: 3102K(3264K)->3102K(3264K)
[2159.490s][info][gc             ] GC(454) Pause Young (Allocation Failure) 3691M->1433M(7938M) 60.488ms
[2159.490s][info][gc,cpu         ] GC(454) User=0.35s Sys=0.01s Real=0.06s
.. (rIR:aIR:PR = 2629:2629:2629) (tPR = 39331) [OK] 
  2160s: Performance info:
         Transaction,    Success,    Partial,     Failed,   Receipts, AvgBarcode, 
             Overall,     159774,          0,          0,     151793,      59.48, 
         Response times:
             Request,    Success,    Partial,     Failed,   SkipFail,     Probes,    Samples,      min,      p50,      p90,      p95,      p99,      max, 
       TotalPurchase,     151793,          0,          0,          0,     146310,     161771,      300,     2100,     3300,     3800,    17900,   970000,
     InStorePurchase,      79919,          0,          0,          0,      77185,      84899,      300,     2100,     3300,     3800,     8200,   970000,
      OnlinePurchase,      55907,          0,          0,          0,      53970,      59760,      300,     2000,     3300,     3800,    22000,   960000,
        InstPurchase,      15967,          0,          0,          0,      15155,      17112,      400,     2300,     3400,     4000,    31000,   960000,
          AssocOfCat,        160,          0,          0,          0,        112,        161,    17800,    25000,    31000,    34000,    49140,    51000,
      AssocOfProduct,       1592,          0,          0,          0,       1434,       1710,      500,     2900,     3700,     4200,    13300,   106000,
      BusinessReport,        396,          0,          0,          0,        312,        419,    22000,    30000,    39000,    46000,    57600,   161000,
          CustBuyBeh,       1595,          0,          0,          0,       1403,       1697,      200,     1900,     3200,     3600,     5950,   102000,
       ProductReturn,       4238,          0,          0,          0,       3911,       4518,      700,     2600,     3500,     4100,    35000,   960000,

  2160s: (20%)   IR =   2767 ....[2165.723s][info][gc,start       ] GC(455) Pause Young (Allocation Failure)
[2165.815s][info][gc,heap        ] GC(455) PSYoungGen: 2608544K(2626048K)->148384K(2627584K) Eden: 2460160K(2460160K)->0K(2465792K) From: 148384K(165888K)->148384K(161792K)
[2165.815s][info][gc,heap        ] GC(455) ParOldGen: 1319845K(5502464K)->1425277K(5502464K)
[2165.815s][info][gc,metaspace   ] GC(455) Metaspace: 29069K(29376K)->29069K(29376K) NonClass: 25966K(26112K)->25966K(26112K) Class: 3102K(3264K)->3102K(3264K)
[2165.815s][info][gc             ] GC(455) Pause Young (Allocation Failure) 3836M->1536M(7939M) 91.831ms
[2165.815s][info][gc,cpu         ] GC(455) User=0.54s Sys=0.00s Real=0.10s
...|....[2172.040s][info][gc,start       ] GC(456) Pause Young (Allocation Failure)
[2172.134s][info][gc,heap        ] GC(456) PSYoungGen: 2614176K(2627584K)->157812K(2628608K) Eden: 2465792K(2465792K)->0K(2465792K) From: 148384K(161792K)->157812K(162816K)
[2172.134s][info][gc,heap        ] GC(456) ParOldGen: 1425277K(5502464K)->1529509K(5502464K)
[2172.134s][info][gc,metaspace   ] GC(456) Metaspace: 29069K(29376K)->29069K(29376K) NonClass: 25966K(26112K)->25966K(26112K) Class: 3102K(3264K)->3102K(3264K)
[2172.134s][info][gc             ] GC(456) Pause Young (Allocation Failure) 3944M->1647M(7940M) 93.980ms
[2172.134s][info][gc,cpu         ] GC(456) User=0.55s Sys=0.00s Real=0.09s
......[2178.240s][info][gc,start       ] GC(457) Pause Young (Allocation Failure)
[2178.330s][info][gc,heap        ] GC(457) PSYoungGen: 2623604K(2628608K)->146368K(2632192K) Eden: 2465792K(2465792K)->0K(2467328K) From: 157812K(162816K)->146368K(164864K)
[2178.330s][info][gc,heap        ] GC(457) ParOldGen: 1529509K(5502464K)->1635573K(5502464K)
[2178.330s][info][gc,metaspace   ] GC(457) Metaspace: 29069K(29376K)->29069K(29376K) NonClass: 25966K(26112K)->25966K(26112K) Class: 3102K(3264K)->3102K(3264K)
[2178.331s][info][gc             ] GC(457) Pause Young (Allocation Failure) 4055M->1740M(7944M) 90.670ms
[2178.331s][info][gc,cpu         ] GC(457) User=0.53s Sys=0.00s Real=0.09s
......[2184.418s][info][gc,start       ] GC(458) Pause Young (Allocation Failure)
[2184.509s][info][gc,heap        ] GC(458) PSYoungGen: 2613696K(2632192K)->149056K(2616832K) Eden: 2467328K(2467328K)->0K(2467328K) From: 146368K(164864K)->149056K(149504K)
[2184.509s][info][gc,heap        ] GC(458) ParOldGen: 1635573K(5502464K)->1740477K(5502464K)
[2184.509s][info][gc,metaspace   ] GC(458) Metaspace: 29069K(29376K)->29069K(29376K) NonClass: 25966K(26112K)->25966K(26112K) Class: 3102K(3264K)->3102K(3264K)
[2184.509s][info][gc             ] GC(458) Pause Young (Allocation Failure) 4149M->1845M(7929M) 90.835ms
[2184.509s][info][gc,cpu         ] GC(458) User=0.54s Sys=0.00s Real=0.09s
......[2190.654s][info][gc,start       ] GC(459) Pause Young (Allocation Failure)
[2190.744s][info][gc,heap        ] GC(459) PSYoungGen: 2616384K(2616832K)->149248K(2631680K) Eden: 2467328K(2467328K)->0K(2468864K) From: 149056K(149504K)->149248K(162816K)
[2190.744s][info][gc,heap        ] GC(459) ParOldGen: 1740477K(5502464K)->1844397K(5502464K)
[2190.744s][info][gc,metaspace   ] GC(459) Metaspace: 29069K(29376K)->29069K(29376K) NonClass: 25966K(26112K)->25966K(26112K) Class: 3102K(3264K)->3102K(3264K)
[2190.744s][info][gc             ] GC(459) Pause Young (Allocation Failure) 4254M->1946M(7943M) 90.714ms
[2190.744s][info][gc,cpu         ] GC(459) User=0.53s Sys=0.00s Real=0.09s
......[2196.889s][info][gc,start       ] GC(460) Pause Young (Allocation Failure)
[2196.981s][info][gc,heap        ] GC(460) PSYoungGen: 2618112K(2631680K)->150592K(2630144K) Eden: 2468864K(2468864K)->0K(2468864K) From: 149248K(162816K)->150592K(161280K)
[2196.981s][info][gc,heap        ] GC(460) ParOldGen: 1844397K(5502464K)->1948637K(5502464K)
[2196.981s][info][gc,metaspace   ] GC(460) Metaspace: 29069K(29376K)->29069K(29376K) NonClass: 25966K(26112K)->25966K(26112K) Class: 3102K(3264K)->3102K(3264K)
[2196.981s][info][gc             ] GC(460) Pause Young (Allocation Failure) 4357M->2050M(7942M) 92.032ms
[2196.981s][info][gc,cpu         ] GC(460) User=0.55s Sys=0.00s Real=0.09s
.......[2203.050s][info][gc,start       ] GC(461) Pause Young (Allocation Failure)
[2203.145s][info][gc,heap        ] GC(461) PSYoungGen: 2619456K(2630144K)->155776K(2631680K) Eden: 2468864K(2468864K)->0K(2470912K) From: 150592K(161280K)->155776K(160768K)
[2203.145s][info][gc,heap        ] GC(461) ParOldGen: 1948637K(5502464K)->2053701K(5502464K)
[2203.145s][info][gc,metaspace   ] GC(461) Metaspace: 29069K(29376K)->29069K(29376K) NonClass: 25966K(26112K)->25966K(26112K) Class: 3102K(3264K)->3102K(3264K)
[2203.145s][info][gc             ] GC(461) Pause Young (Allocation Failure) 4461M->2157M(7943M) 95.083ms
[2203.145s][info][gc,cpu         ] GC(461) User=0.56s Sys=0.00s Real=0.10s
......[2209.332s][info][gc,start       ] GC(462) Pause Young (Allocation Failure)
[2209.422s][info][gc,heap        ] GC(462) PSYoungGen: 2626688K(2631680K)->148224K(2632704K) Eden: 2470912K(2470912K)->0K(2470912K) From: 155776K(160768K)->148224K(161792K)
[2209.422s][info][gc,heap        ] GC(462) ParOldGen: 2053701K(5502464K)->2158237K(5502464K)
[2209.422s][info][gc,metaspace   ] GC(462) Metaspace: 29069K(29376K)->29069K(29376K) NonClass: 25966K(26112K)->25966K(26112K) Class: 3102K(3264K)->3102K(3264K)
[2209.422s][info][gc             ] GC(462) Pause Young (Allocation Failure) 4570M->2252M(7944M) 90.141ms
[2209.422s][info][gc,cpu         ] GC(462) User=0.53s Sys=0.00s Real=0.09s
......[2215.650s][info][gc,start       ] GC(463) Pause Young (Allocation Failure)
[2215.741s][info][gc,heap        ] GC(463) PSYoungGen: 2619136K(2632704K)->149728K(2630656K) Eden: 2470912K(2470912K)->0K(2472960K) From: 148224K(161792K)->149728K(157696K)
[2215.741s][info][gc,heap        ] GC(463) ParOldGen: 2158237K(5502464K)->2263069K(5502464K)
[2215.741s][info][gc,metaspace   ] GC(463) Metaspace: 29069K(29376K)->29069K(29376K) NonClass: 25966K(26112K)->25966K(26112K) Class: 3102K(3264K)->3102K(3264K)
[2215.741s][info][gc             ] GC(463) Pause Young (Allocation Failure) 4665M->2356M(7942M) 91.269ms
[2215.741s][info][gc,cpu         ] GC(463) User=0.54s Sys=0.00s Real=0.09s
......[2221.767s][info][gc,start       ] GC(464) Pause Young (Allocation Failure)
[2221.858s][info][gc,heap        ] GC(464) PSYoungGen: 2622688K(2630656K)->147360K(2632704K) Eden: 2472960K(2472960K)->0K(2472960K) From: 149728K(157696K)->147360K(159744K)
[2221.858s][info][gc,heap        ] GC(464) ParOldGen: 2263069K(5502464K)->2369149K(5502464K)
[2221.858s][info][gc,metaspace   ] GC(464) Metaspace: 29069K(29376K)->29069K(29376K) NonClass: 25966K(26112K)->25966K(26112K) Class: 3102K(3264K)->3102K(3264K)
[2221.858s][info][gc             ] GC(464) Pause Young (Allocation Failure) 4771M->2457M(7944M) 90.241ms
[2221.858s][info][gc,cpu         ] GC(464) User=0.54s Sys=0.00s Real=0.09s
....... (rIR:aIR:PR = 2767:2768:2768) (tPR = 41162) [OK] 
  2227s: Performance info:
         Transaction,    Success,    Partial,     Failed,   Receipts, AvgBarcode, 
             Overall,     166368,          0,          0,     158034,      59.47, 
         Response times:
             Request,    Success,    Partial,     Failed,   SkipFail,     Probes,    Samples,      min,      p50,      p90,      p95,      p99,      max, 
       TotalPurchase,     158034,          0,          0,          0,     154912,     174555,      300,     2200,     3400,     3800,     8000,   107000,
     InStorePurchase,      83216,          0,          0,          0,      81734,      91832,      300,     2300,     3400,     3800,     7667,   107000,
      OnlinePurchase,      58194,          0,          0,          0,      57146,      64321,      300,     2100,     3400,     3800,     8800,   107000,
        InstPurchase,      16624,          0,          0,          0,      16032,      18402,      400,     2200,     3400,     3800,     7900,    99000,
          AssocOfCat,        167,          0,          0,          0,        130,        207,    16300,    23000,    29200,    31600,    61320,   116000,
      AssocOfProduct,       1670,          0,          0,          0,       1483,       1824,      500,     2400,     3500,     3800,     7400,   106000,
      BusinessReport,        416,          0,          0,          0,        324,        439,    21000,    30000,    36000,    41000,    55000,   130000,
          CustBuyBeh,       1660,          0,          0,          0,       1488,       1816,      200,     2200,     3200,     3600,     8400,   105000,
       ProductReturn,       4421,          0,          0,          0,       4115,       4830,      200,     1600,     3200,     3600,     7000,    97000,

  2227s: (21%)   IR =   2906 [2228.102s][info][gc,start       ] GC(465) Pause Young (Allocation Failure)
[2228.196s][info][gc,heap        ] GC(465) PSYoungGen: 2620320K(2632704K)->156000K(2633728K) Eden: 2472960K(2472960K)->0K(2474496K) From: 147360K(159744K)->156000K(159232K)
[2228.197s][info][gc,heap        ] GC(465) ParOldGen: 2369149K(5502464K)->2472373K(5502464K)
[2228.197s][info][gc,metaspace   ] GC(465) Metaspace: 29069K(29376K)->29069K(29376K) NonClass: 25966K(26112K)->25966K(26112K) Class: 3102K(3264K)->3102K(3264K)
[2228.197s][info][gc             ] GC(465) Pause Young (Allocation Failure) 4872M->2566M(7945M) 94.514ms
[2228.197s][info][gc,cpu         ] GC(465) User=0.56s Sys=0.00s Real=0.10s
.....[2233.921s][info][gc,start       ] GC(466) Pause Young (Allocation Failure)
[2234.014s][info][gc,heap        ] GC(466) PSYoungGen: 2630496K(2633728K)->148352K(2635264K) Eden: 2474496K(2474496K)->0K(2474496K) From: 156000K(159232K)->148352K(160768K)
[2234.014s][info][gc,heap        ] GC(466) ParOldGen: 2472373K(5502464K)->2579293K(5502464K)
[2234.014s][info][gc,metaspace   ] GC(466) Metaspace: 29069K(29376K)->29069K(29376K) NonClass: 25966K(26112K)->25966K(26112K) Class: 3102K(3264K)->3102K(3264K)
[2234.014s][info][gc             ] GC(466) Pause Young (Allocation Failure) 4983M->2663M(7947M) 92.309ms
[2234.014s][info][gc,cpu         ] GC(466) User=0.55s Sys=0.00s Real=0.09s
...|...[2240.029s][info][gc,start       ] GC(467) Pause Young (Allocation Failure)
[2240.123s][info][gc,heap        ] GC(467) PSYoungGen: 2622848K(2635264K)->154368K(2634752K) Eden: 2474496K(2474496K)->0K(2474496K) From: 148352K(160768K)->154368K(160256K)
[2240.123s][info][gc,heap        ] GC(467) ParOldGen: 2579293K(5502464K)->2682781K(5502464K)
[2240.123s][info][gc,metaspace   ] GC(467) Metaspace: 29069K(29376K)->29069K(29376K) NonClass: 25966K(26112K)->25966K(26112K) Class: 3102K(3264K)->3102K(3264K)
[2240.123s][info][gc             ] GC(467) Pause Young (Allocation Failure) 5080M->2770M(7946M) 93.516ms
[2240.123s][info][gc,cpu         ] GC(467) User=0.56s Sys=0.00s Real=0.09s
......[2245.866s][info][gc,start       ] GC(468) Pause Young (Allocation Failure)
[2245.959s][info][gc,heap        ] GC(468) PSYoungGen: 2628864K(2634752K)->148896K(2635264K) Eden: 2474496K(2474496K)->0K(2474496K) From: 154368K(160256K)->148896K(160768K)
[2245.959s][info][gc,heap        ] GC(468) ParOldGen: 2682781K(5502464K)->2790933K(5502464K)
[2245.959s][info][gc,metaspace   ] GC(468) Metaspace: 29069K(29376K)->29069K(29376K) NonClass: 25966K(26112K)->25966K(26112K) Class: 3102K(3264K)->3102K(3264K)
[2245.959s][info][gc             ] GC(468) Pause Young (Allocation Failure) 5187M->2870M(7947M) 93.104ms
[2245.959s][info][gc,cpu         ] GC(468) User=0.55s Sys=0.00s Real=0.09s
......[2251.804s][info][gc,start       ] GC(469) Pause Young (Allocation Failure)
[2251.896s][info][gc,heap        ] GC(469) PSYoungGen: 2623392K(2635264K)->149888K(2633216K) Eden: 2474496K(2474496K)->0K(2475008K) From: 148896K(160768K)->149888K(158208K)
[2251.896s][info][gc,heap        ] GC(469) ParOldGen: 2790933K(5502464K)->2894429K(5502464K)
[2251.896s][info][gc,metaspace   ] GC(469) Metaspace: 29069K(29376K)->29069K(29376K) NonClass: 25966K(26112K)->25966K(26112K) Class: 3102K(3264K)->3102K(3264K)
[2251.896s][info][gc             ] GC(469) Pause Young (Allocation Failure) 5287M->2972M(7945M) 92.488ms
[2251.896s][info][gc,cpu         ] GC(469) User=0.55s Sys=0.00s Real=0.10s
......[2257.840s][info][gc,start       ] GC(470) Pause Young (Allocation Failure)
[2257.932s][info][gc,heap        ] GC(470) PSYoungGen: 2624896K(2633216K)->152032K(2634240K) Eden: 2475008K(2475008K)->0K(2475008K) From: 149888K(158208K)->152032K(159232K)
[2257.932s][info][gc,heap        ] GC(470) ParOldGen: 2894429K(5502464K)->2998053K(5502464K)
[2257.932s][info][gc,metaspace   ] GC(470) Metaspace: 29069K(29376K)->29069K(29376K) NonClass: 25966K(26112K)->25966K(26112K) Class: 3102K(3264K)->3102K(3264K)
[2257.932s][info][gc             ] GC(470) Pause Young (Allocation Failure) 5389M->3076M(7946M) 92.159ms
[2257.932s][info][gc,cpu         ] GC(470) User=0.55s Sys=0.01s Real=0.09s
......[2263.696s][info][gc,start       ] GC(471) Pause Young (Allocation Failure)
[2263.790s][info][gc,heap        ] GC(471) PSYoungGen: 2627040K(2634240K)->148896K(2635264K) Eden: 2475008K(2475008K)->0K(2478080K) From: 152032K(159232K)->148896K(157184K)
[2263.790s][info][gc,heap        ] GC(471) ParOldGen: 2998053K(5502464K)->3104413K(5502464K)
[2263.790s][info][gc,metaspace   ] GC(471) Metaspace: 29069K(29376K)->29069K(29376K) NonClass: 25966K(26112K)->25966K(26112K) Class: 3102K(3264K)->3102K(3264K)
[2263.790s][info][gc             ] GC(471) Pause Young (Allocation Failure) 5493M->3177M(7947M) 93.701ms
[2263.790s][info][gc,cpu         ] GC(471) User=0.56s Sys=0.00s Real=0.09s
......[2269.734s][info][gc,start       ] GC(472) Pause Young (Allocation Failure)
[2269.828s][info][gc,heap        ] GC(472) PSYoungGen: 2626976K(2635264K)->152019K(2636288K) Eden: 2478080K(2478080K)->0K(2478080K) From: 148896K(157184K)->152019K(158208K)
[2269.828s][info][gc,heap        ] GC(472) ParOldGen: 3104413K(5502464K)->3208573K(5502464K)
[2269.828s][info][gc,metaspace   ] GC(472) Metaspace: 29069K(29376K)->29069K(29376K) NonClass: 25966K(26112K)->25966K(26112K) Class: 3102K(3264K)->3102K(3264K)
[2269.828s][info][gc             ] GC(472) Pause Young (Allocation Failure) 5597M->3281M(7948M) 94.046ms
[2269.828s][info][gc,cpu         ] GC(472) User=0.55s Sys=0.00s Real=0.10s
......[2275.714s][info][gc,start       ] GC(473) Pause Young (Allocation Failure)
[2275.806s][info][gc,heap        ] GC(473) PSYoungGen: 2630099K(2636288K)->150336K(2636800K) Eden: 2478080K(2478080K)->0K(2479616K) From: 152019K(158208K)->150336K(157184K)
[2275.806s][info][gc,heap        ] GC(473) ParOldGen: 3208573K(5502464K)->3313365K(5502464K)
[2275.806s][info][gc,metaspace   ] GC(473) Metaspace: 29069K(29376K)->29069K(29376K) NonClass: 25966K(26112K)->25966K(26112K) Class: 3102K(3264K)->3102K(3264K)
[2275.806s][info][gc             ] GC(473) Pause Young (Allocation Failure) 5701M->3382M(7948M) 92.083ms
[2275.806s][info][gc,cpu         ] GC(473) User=0.54s Sys=0.00s Real=0.10s
......[2281.710s][info][gc,start       ] GC(474) Pause Young (Allocation Failure)
[2281.802s][info][gc,heap        ] GC(474) PSYoungGen: 2629952K(2636800K)->149600K(2637312K) Eden: 2479616K(2479616K)->0K(2479616K) From: 150336K(157184K)->149600K(157696K)
[2281.802s][info][gc,heap        ] GC(474) ParOldGen: 3313365K(5502464K)->3418381K(5502464K)
[2281.802s][info][gc,metaspace   ] GC(474) Metaspace: 29069K(29376K)->29069K(29376K) NonClass: 25966K(26112K)->25966K(26112K) Class: 3102K(3264K)->3102K(3264K)
[2281.802s][info][gc             ] GC(474) Pause Young (Allocation Failure) 5804M->3484M(7949M) 92.272ms
[2281.802s][info][gc,cpu         ] GC(474) User=0.54s Sys=0.01s Real=0.09s
......[2287.662s][info][gc,start       ] GC(475) Pause Young (Allocation Failure)
[2287.758s][info][gc,heap        ] GC(475) PSYoungGen: 2629216K(2637312K)->154992K(2636800K) Eden: 2479616K(2479616K)->0K(2479616K) From: 149600K(157696K)->154992K(157184K)
[2287.758s][info][gc,heap        ] GC(475) ParOldGen: 3418381K(5502464K)->3522797K(5502464K)
[2287.758s][info][gc,metaspace   ] GC(475) Metaspace: 29072K(29376K)->29072K(29376K) NonClass: 25969K(26112K)->25969K(26112K) Class: 3102K(3264K)->3102K(3264K)
[2287.758s][info][gc             ] GC(475) Pause Young (Allocation Failure) 5905M->3591M(7948M) 95.573ms
[2287.758s][info][gc,cpu         ] GC(475) User=0.57s Sys=0.00s Real=0.10s
......[2293.659s][info][gc,start       ] GC(476) Pause Young (Allocation Failure)
[2293.755s][info][gc,heap        ] GC(476) PSYoungGen: 2634608K(2636800K)->155072K(2634752K) Eden: 2479616K(2479616K)->0K(2479616K) From: 154992K(157184K)->155072K(155136K)
[2293.755s][info][gc,heap        ] GC(476) ParOldGen: 3522797K(5502464K)->3627237K(5502464K)
[2293.755s][info][gc,metaspace   ] GC(476) Metaspace: 29072K(29376K)->29072K(29376K) NonClass: 25969K(26112K)->25969K(26112K) Class: 3102K(3264K)->3102K(3264K)
[2293.755s][info][gc             ] GC(476) Pause Young (Allocation Failure) 6013M->3693M(7946M) 95.972ms
[2293.755s][info][gc,cpu         ] GC(476) User=0.57s Sys=0.00s Real=0.10s
... (rIR:aIR:PR = 2906:2905:2905) (tPR = 43200) [OK] 
  2296s: Performance info:
         Transaction,    Success,    Partial,     Failed,   Receipts, AvgBarcode, 
             Overall,     174671,          0,          0,     165954,      59.47, 
         Response times:
             Request,    Success,    Partial,     Failed,   SkipFail,     Probes,    Samples,      min,      p50,      p90,      p95,      p99,      max, 
       TotalPurchase,     165954,          0,          0,          0,     162633,     186165,      300,     2300,     3600,     4000,     9800,   135000,
     InStorePurchase,      87379,          0,          0,          0,      85922,      98077,      300,     2200,     3500,     4000,     9700,   135000,
      OnlinePurchase,      61108,          0,          0,          0,      59920,      68723,      300,     2300,     3600,     4100,    10100,   135000,
        InstPurchase,      17467,          0,          0,          0,      16791,      19365,      400,     2400,     3600,     4100,    10300,   133000,
          AssocOfCat,        176,          0,          0,          0,        126,        199,    16900,    25000,    31000,    33000,    37000,   118000,
      AssocOfProduct,       1740,          0,          0,          0,       1595,       1982,      500,     3000,     3900,     4500,    13600,    98000,
      BusinessReport,        436,          0,          0,          0,        356,        486,    21000,    30000,    38000,    41000,    60400,   149000,
          CustBuyBeh,       1737,          0,          0,          0,       1557,       1922,      200,     2100,     3500,     4000,     9354,    21000,
       ProductReturn,       4628,          0,          0,          0,       4325,       5192,      200,     1900,     3200,     3600,     7228,    96000,

  2296s: (22%)   IR =   3044 ...[2299.539s][info][gc,start       ] GC(477) Pause Young (Allocation Failure)
[2299.633s][info][gc,heap        ] GC(477) PSYoungGen: 2634688K(2634752K)->151552K(2637824K) Eden: 2479616K(2479616K)->0K(2479104K) From: 155072K(155136K)->151552K(158720K)
[2299.633s][info][gc,heap        ] GC(477) ParOldGen: 3627237K(5502464K)->3731629K(5502464K)
[2299.633s][info][gc,metaspace   ] GC(477) Metaspace: 29074K(29376K)->29074K(29376K) NonClass: 25971K(26112K)->25971K(26112K) Class: 3102K(3264K)->3102K(3264K)
[2299.633s][info][gc             ] GC(477) Pause Young (Allocation Failure) 6115M->3792M(7949M) 93.467ms
[2299.633s][info][gc,cpu         ] GC(477) User=0.55s Sys=0.00s Real=0.09s
...|...[2305.198s][info][gc,start       ] GC(478) Pause Young (Allocation Failure)
[2305.290s][info][gc,heap        ] GC(478) PSYoungGen: 2630656K(2637824K)->146560K(2637312K) Eden: 2479104K(2479104K)->0K(2479104K) From: 151552K(158720K)->146560K(158208K)
[2305.290s][info][gc,heap        ] GC(478) ParOldGen: 3731629K(5502464K)->3839085K(5502464K)
[2305.290s][info][gc,metaspace   ] GC(478) Metaspace: 29074K(29376K)->29074K(29376K) NonClass: 25971K(26112K)->25971K(26112K) Class: 3102K(3264K)->3102K(3264K)
[2305.290s][info][gc             ] GC(478) Pause Young (Allocation Failure) 6213M->3892M(7949M) 92.669ms
[2305.290s][info][gc,cpu         ] GC(478) User=0.55s Sys=0.00s Real=0.09s
.....[2310.954s][info][gc,start       ] GC(479) Pause Young (Allocation Failure)
[2311.048s][info][gc,heap        ] GC(479) PSYoungGen: 2625664K(2637312K)->152256K(2637312K) Eden: 2479104K(2479104K)->0K(2479104K) From: 146560K(158208K)->152256K(158208K)
[2311.048s][info][gc,heap        ] GC(479) ParOldGen: 3839085K(5502464K)->3942717K(5502464K)
[2311.048s][info][gc,metaspace   ] GC(479) Metaspace: 29074K(29376K)->29074K(29376K) NonClass: 25971K(26112K)->25971K(26112K) Class: 3102K(3264K)->3102K(3264K)
[2311.048s][info][gc             ] GC(479) Pause Young (Allocation Failure) 6313M->3998M(7949M) 94.459ms
[2311.048s][info][gc,cpu         ] GC(479) User=0.56s Sys=0.00s Real=0.10s
......[2316.672s][info][gc,start       ] GC(480) Pause Young (Allocation Failure)
[2316.767s][info][gc,heap        ] GC(480) PSYoungGen: 2631360K(2637312K)->150464K(2637312K) Eden: 2479104K(2479104K)->0K(2479104K) From: 152256K(158208K)->150464K(158208K)
[2316.767s][info][gc,heap        ] GC(480) ParOldGen: 3942717K(5502464K)->4049413K(5502464K)
[2316.767s][info][gc,metaspace   ] GC(480) Metaspace: 29074K(29376K)->29074K(29376K) NonClass: 25971K(26112K)->25971K(26112K) Class: 3102K(3264K)->3102K(3264K)
[2316.767s][info][gc             ] GC(480) Pause Young (Allocation Failure) 6419M->4101M(7949M) 94.718ms
[2316.767s][info][gc,cpu         ] GC(480) User=0.56s Sys=0.00s Real=0.10s
......[2322.331s][info][gc,start       ] GC(481) Pause Young (Allocation Failure)
[2322.424s][info][gc,heap        ] GC(481) PSYoungGen: 2629568K(2637312K)->149344K(2637312K) Eden: 2479104K(2479104K)->0K(2480128K) From: 150464K(158208K)->149344K(157184K)
[2322.424s][info][gc,heap        ] GC(481) ParOldGen: 4049413K(5502464K)->4155357K(5502464K)
[2322.424s][info][gc,metaspace   ] GC(481) Metaspace: 29074K(29376K)->29074K(29376K) NonClass: 25971K(26112K)->25971K(26112K) Class: 3102K(3264K)->3102K(3264K)
[2322.424s][info][gc             ] GC(481) Pause Young (Allocation Failure) 6522M->4203M(7949M) 93.435ms
[2322.424s][info][gc,cpu         ] GC(481) User=0.56s Sys=0.00s Real=0.09s
.....[2328.046s][info][gc,start       ] GC(482) Pause Young (Allocation Failure)
[2328.145s][info][gc,heap        ] GC(482) PSYoungGen: 2629472K(2637312K)->157172K(2637312K) Eden: 2480128K(2480128K)->0K(2480128K) From: 149344K(157184K)->157172K(157184K)
[2328.145s][info][gc,heap        ] GC(482) ParOldGen: 4155357K(5502464K)->4263413K(5502464K)
[2328.145s][info][gc,metaspace   ] GC(482) Metaspace: 29074K(29376K)->29074K(29376K) NonClass: 25971K(26112K)->25971K(26112K) Class: 3102K(3264K)->3102K(3264K)
[2328.145s][info][gc             ] GC(482) Pause Young (Allocation Failure) 6625M->4316M(7949M) 98.683ms
[2328.145s][info][gc,cpu         ] GC(482) User=0.59s Sys=0.00s Real=0.10s
......[2333.690s][info][gc,start       ] GC(483) Pause Young (Allocation Failure)
[2333.783s][info][gc,heap        ] GC(483) PSYoungGen: 2637300K(2637312K)->151008K(2560512K) Eden: 2480128K(2480128K)->0K(2401792K) From: 157172K(157184K)->151008K(158720K)
[2333.783s][info][gc,heap        ] GC(483) ParOldGen: 4263413K(5502464K)->4368125K(5502464K)
[2333.783s][info][gc,metaspace   ] GC(483) Metaspace: 29074K(29376K)->29074K(29376K) NonClass: 25971K(26112K)->25971K(26112K) Class: 3102K(3264K)->3102K(3264K)
[2333.783s][info][gc             ] GC(483) Pause Young (Allocation Failure) 6738M->4413M(7874M) 93.106ms
[2333.783s][info][gc,cpu         ] GC(483) User=0.55s Sys=0.00s Real=0.09s
.....[2339.196s][info][gc,start       ] GC(484) Pause Young (Allocation Failure)
[2339.291s][info][gc,heap        ] GC(484) PSYoungGen: 2552800K(2560512K)->147072K(2598912K) Eden: 2401792K(2401792K)->0K(2401792K) From: 151008K(158720K)->147072K(197120K)
[2339.291s][info][gc,heap        ] GC(484) ParOldGen: 4368125K(5502464K)->4475125K(5502464K)
[2339.291s][info][gc,metaspace   ] GC(484) Metaspace: 29074K(29376K)->29074K(29376K) NonClass: 25971K(26112K)->25971K(26112K) Class: 3102K(3264K)->3102K(3264K)
[2339.291s][info][gc             ] GC(484) Pause Young (Allocation Failure) 6758M->4513M(7911M) 95.484ms
[2339.291s][info][gc,cpu         ] GC(484) User=0.56s Sys=0.00s Real=0.09s
......[2344.797s][info][gc,start       ] GC(485) Pause Young (Allocation Failure)
[2344.891s][info][gc,heap        ] GC(485) PSYoungGen: 2548864K(2598912K)->149792K(2593792K) Eden: 2401792K(2401792K)->0K(2402816K) From: 147072K(197120K)->149792K(190976K)
[2344.891s][info][gc,heap        ] GC(485) ParOldGen: 4475125K(5502464K)->4577021K(5502464K)
[2344.891s][info][gc,metaspace   ] GC(485) Metaspace: 29074K(29376K)->29074K(29376K) NonClass: 25971K(26112K)->25971K(26112K) Class: 3102K(3264K)->3102K(3264K)
[2344.891s][info][gc             ] GC(485) Pause Young (Allocation Failure) 6859M->4616M(7906M) 94.595ms
[2344.891s][info][gc,cpu         ] GC(485) User=0.56s Sys=0.00s Real=0.09s
......[2350.336s][info][gc,start       ] GC(486) Pause Young (Allocation Failure)
[2350.429s][info][gc,heap        ] GC(486) PSYoungGen: 2552608K(2593792K)->145408K(2596864K) Eden: 2402816K(2402816K)->0K(2402816K) From: 149792K(190976K)->145408K(194048K)
[2350.429s][info][gc,heap        ] GC(486) ParOldGen: 4577021K(5502464K)->4681469K(5502464K)
[2350.429s][info][gc,metaspace   ] GC(486) Metaspace: 29074K(29376K)->29074K(29376K) NonClass: 25971K(26112K)->25971K(26112K) Class: 3102K(3264K)->3102K(3264K)
[2350.429s][info][gc             ] GC(486) Pause Young (Allocation Failure) 6962M->4713M(7909M) 93.088ms
[2350.429s][info][gc,cpu         ] GC(486) User=0.55s Sys=0.00s Real=0.09s
.....[2355.834s][info][gc,start       ] GC(487) Pause Young (Allocation Failure)
[2355.927s][info][gc,heap        ] GC(487) PSYoungGen: 2548224K(2596864K)->146848K(2596864K) Eden: 2402816K(2402816K)->0K(2408960K) From: 145408K(194048K)->146848K(187904K)
[2355.927s][info][gc,heap        ] GC(487) ParOldGen: 4681469K(5502464K)->4785541K(5502464K)
[2355.927s][info][gc,metaspace   ] GC(487) Metaspace: 29074K(29376K)->29074K(29376K) NonClass: 25971K(26112K)->25971K(26112K) Class: 3102K(3264K)->3102K(3264K)
[2355.927s][info][gc             ] GC(487) Pause Young (Allocation Failure) 7060M->4816M(7909M) 92.840ms
[2355.927s][info][gc,cpu         ] GC(487) User=0.55s Sys=0.00s Real=0.10s
......[2361.390s][info][gc,start       ] GC(488) Pause Young (Allocation Failure)
[2361.484s][info][gc,heap        ] GC(488) PSYoungGen: 2555808K(2596864K)->146048K(2599936K) Eden: 2408960K(2408960K)->0K(2408960K) From: 146848K(187904K)->146048K(190976K)
[2361.484s][info][gc,heap        ] GC(488) ParOldGen: 4785541K(5502464K)->4888973K(5502464K)
[2361.484s][info][gc,metaspace   ] GC(488) Metaspace: 29074K(29376K)->29074K(29376K) NonClass: 25971K(26112K)->25971K(26112K) Class: 3102K(3264K)->3102K(3264K)
[2361.484s][info][gc             ] GC(488) Pause Young (Allocation Failure) 7169M->4917M(7912M) 93.659ms
[2361.484s][info][gc,cpu         ] GC(488) User=0.56s Sys=0.00s Real=0.09s
. (rIR:aIR:PR = 3044:3042:3042) (tPR = 45153) [OK] 
  2362s: Performance info:
         Transaction,    Success,    Partial,     Failed,   Receipts, AvgBarcode, 
             Overall,     182929,          0,          0,     173801,      59.48, 
         Response times:
             Request,    Success,    Partial,     Failed,   SkipFail,     Probes,    Samples,      min,      p50,      p90,      p95,      p99,      max, 
       TotalPurchase,     173799,          0,          0,          0,     170676,     188701,      300,     2400,     3700,     4200,    10798,   117000,
     InStorePurchase,      91456,          0,          0,          0,      90013,      99168,      300,     2300,     3600,     4100,    10131,   117000,
      OnlinePurchase,      64064,          0,          0,          0,      62941,      69574,      300,     2500,     3800,     4200,    11600,   117000,
        InstPurchase,      18279,          0,          0,          0,      17722,      19959,      400,     2300,     3700,     4100,    10240,   117000,
          AssocOfCat,        183,          0,          0,          0,        134,        200,    17000,    25000,    32000,    34950,    37990,    39000,
      AssocOfProduct,       1824,          0,          0,          0,       1668,       2015,      600,     3400,     4400,     4900,    15236,    98000,
      BusinessReport,        457,          0,          0,          0,        369,        487,    21000,    29000,    37000,    41000,    64640,   141000,
          CustBuyBeh,       1829,          0,          0,          0,       1655,       1938,      200,     2100,     3200,     3600,     8627,   102000,
       ProductReturn,       4834,          0,          0,          0,       4530,       5240,      200,     1700,     3400,     3800,     7459,   100000,

  2362s: (23%)   IR =   3183 ....[2366.718s][info][gc,start       ] GC(489) Pause Young (Allocation Failure)
[2366.811s][info][gc,heap        ] GC(489) PSYoungGen: 2555008K(2599936K)->145696K(2599424K) Eden: 2408960K(2408960K)->0K(2415616K) From: 146048K(190976K)->145696K(183808K)
[2366.811s][info][gc,heap        ] GC(489) ParOldGen: 4888973K(5502464K)->4994013K(5502464K)
[2366.811s][info][gc,metaspace   ] GC(489) Metaspace: 29075K(29376K)->29075K(29376K) NonClass: 25972K(26112K)->25972K(26112K) Class: 3102K(3264K)->3102K(3264K)
[2366.811s][info][gc             ] GC(489) Pause Young (Allocation Failure) 7269M->5019M(7912M) 93.222ms
[2366.811s][info][gc,cpu         ] GC(489) User=0.55s Sys=0.01s Real=0.09s
..|...[2372.013s][info][gc,start       ] GC(490) Pause Young (Allocation Failure)
[2372.107s][info][gc,heap        ] GC(490) PSYoungGen: 2561312K(2599424K)->149856K(2603008K) Eden: 2415616K(2415616K)->0K(2415616K) From: 145696K(183808K)->149856K(187392K)
[2372.107s][info][gc,heap        ] GC(490) ParOldGen: 4994013K(5502464K)->5096853K(5502464K)
[2372.107s][info][gc,metaspace   ] GC(490) Metaspace: 29075K(29376K)->29075K(29376K) NonClass: 25972K(26112K)->25972K(26112K) Class: 3102K(3264K)->3102K(3264K)
[2372.107s][info][gc             ] GC(490) Pause Young (Allocation Failure) 7378M->5123M(7915M) 93.776ms
[2372.107s][info][gc,cpu         ] GC(490) User=0.55s Sys=0.01s Real=0.10s
......[2377.413s][info][gc,start       ] GC(491) Pause Young (Allocation Failure)
[2377.507s][info][gc,heap        ] GC(491) PSYoungGen: 2565472K(2603008K)->147936K(2601984K) Eden: 2415616K(2415616K)->0K(2423296K) From: 149856K(187392K)->147936K(178688K)
[2377.507s][info][gc,heap        ] GC(491) ParOldGen: 5096853K(5502464K)->5200597K(5502464K)
[2377.507s][info][gc,metaspace   ] GC(491) Metaspace: 29075K(29376K)->29075K(29376K) NonClass: 25972K(26112K)->25972K(26112K) Class: 3102K(3264K)->3102K(3264K)
[2377.507s][info][gc             ] GC(491) Pause Young (Allocation Failure) 7482M->5223M(7914M) 94.562ms
[2377.507s][info][gc,cpu         ] GC(491) User=0.55s Sys=0.00s Real=0.10s
.....[2382.651s][info][gc,start       ] GC(492) Pause Young (Allocation Failure)
[2382.743s][info][gc,heap        ] GC(492) PSYoungGen: 2571232K(2601984K)->145216K(2606080K) Eden: 2423296K(2423296K)->0K(2423296K) From: 147936K(178688K)->145216K(182784K)
[2382.743s][info][gc,heap        ] GC(492) ParOldGen: 5200597K(5502464K)->5306517K(5502464K)
[2382.743s][info][gc,metaspace   ] GC(492) Metaspace: 29075K(29376K)->29075K(29376K) NonClass: 25972K(26112K)->25972K(26112K) Class: 3102K(3264K)->3102K(3264K)
[2382.743s][info][gc             ] GC(492) Pause Young (Allocation Failure) 7589M->5323M(7918M) 92.638ms
[2382.743s][info][gc,cpu         ] GC(492) User=0.55s Sys=0.00s Real=0.09s
.....[2387.967s][info][gc,start       ] GC(493) Pause Young (Allocation Failure)
[2388.060s][info][gc,heap        ] GC(493) PSYoungGen: 2568512K(2606080K)->148288K(2607616K) Eden: 2423296K(2423296K)->0K(2432000K) From: 145216K(182784K)->148288K(175616K)
[2388.060s][info][gc,heap        ] GC(493) ParOldGen: 5306517K(5502464K)->5409045K(5502464K)
[2388.060s][info][gc,metaspace   ] GC(493) Metaspace: 29075K(29376K)->29075K(29376K) NonClass: 25972K(26112K)->25972K(26112K) Class: 3102K(3264K)->3102K(3264K)
[2388.060s][info][gc             ] GC(493) Pause Young (Allocation Failure) 7690M->5427M(7920M) 92.873ms
[2388.060s][info][gc,cpu         ] GC(493) User=0.55s Sys=0.00s Real=0.09s
......[2393.415s][info][gc,start       ] GC(494) Pause Young (Allocation Failure)
[2393.514s][info][gc,heap        ] GC(494) PSYoungGen: 2580288K(2607616K)->156048K(2611200K) Eden: 2432000K(2432000K)->0K(2432000K) From: 148288K(175616K)->156048K(179200K)
[2393.514s][info][gc,heap        ] GC(494) ParOldGen: 5409045K(5502464K)->5511349K(5511680K)
[2393.514s][info][gc,metaspace   ] GC(494) Metaspace: 29075K(29376K)->29075K(29376K) NonClass: 25972K(26112K)->25972K(26112K) Class: 3102K(3264K)->3102K(3264K)
[2393.514s][info][gc             ] GC(494) Pause Young (Allocation Failure) 7802M->5534M(7932M) 99.297ms
[2393.514s][info][gc,cpu         ] GC(494) User=0.58s Sys=0.01s Real=0.09s
.....[2398.656s][info][gc,start       ] GC(495) Pause Full (Allocation Failure)
[2398.656s][info][gc,phases,start] GC(495) Marking Phase
[2398.964s][info][gc,phases      ] GC(495) Marking Phase 308.000ms
[2398.964s][info][gc,phases,start] GC(495) Summary Phase
[2398.964s][info][gc,phases      ] GC(495) Summary Phase 0.114ms
[2398.964s][info][gc,phases,start] GC(495) Forward
[2399.086s][info][gc,phases      ] GC(495) Forward 121.476ms
[2399.086s][info][gc,phases,start] GC(495) Adjust Pointers
[2399.294s][info][gc,phases      ] GC(495) Adjust Pointers 208.501ms
[2399.294s][info][gc,phases,start] GC(495) Compaction Phase
[2399.440s][info][gc,phases      ] GC(495) Compaction Phase 145.281ms
[2399.441s][info][gc,phases,start] GC(495) Post Compact
[2399.448s][info][gc,phases      ] GC(495) Post Compact 7.017ms
[2399.563s][info][gc,heap        ] GC(495) PSYoungGen: 2588048K(2611200K)->0K(2615808K) Eden: 2432000K(2432000K)->0K(2438656K) From: 156048K(179200K)->0K(177152K)
[2399.563s][info][gc,heap        ] GC(495) ParOldGen: 5511349K(5511680K)->1596466K(1805312K)
[2399.563s][info][gc,metaspace   ] GC(495) Metaspace: 29075K(29376K)->29075K(29376K) NonClass: 25972K(26112K)->25972K(26112K) Class: 3102K(3264K)->3102K(3264K)
[2399.563s][info][gc             ] GC(495) Pause Full (Allocation Failure) 7909M->1559M(4317M) 906.954ms
[2399.563s][info][gc,cpu         ] GC(495) User=4.30s Sys=0.11s Real=0.90s
.....[2403.986s][info][gc,start       ] GC(496) Pause Young (Allocation Failure)
[2404.050s][info][gc,heap        ] GC(496) PSYoungGen: 2438656K(2615808K)->155264K(2616832K) Eden: 2438656K(2438656K)->0K(2438656K) From: 0K(177152K)->155264K(178176K)
[2404.050s][info][gc,heap        ] GC(496) ParOldGen: 1596466K(1805312K)->1596466K(1805312K)
[2404.050s][info][gc,metaspace   ] GC(496) Metaspace: 29075K(29376K)->29075K(29376K) NonClass: 25972K(26112K)->25972K(26112K) Class: 3102K(3264K)->3102K(3264K)
[2404.050s][info][gc             ] GC(496) Pause Young (Allocation Failure) 3940M->1710M(4318M) 63.373ms
[2404.050s][info][gc,cpu         ] GC(496) User=0.38s Sys=0.00s Real=0.06s
.....[2409.376s][info][gc,start       ] GC(497) Pause Young (Allocation Failure)
[2409.464s][info][gc,heap        ] GC(497) PSYoungGen: 2593920K(2616832K)->146752K(2615296K) Eden: 2438656K(2438656K)->0K(2441216K) From: 155264K(178176K)->146752K(174080K)
[2409.464s][info][gc,heap        ] GC(497) ParOldGen: 1596466K(1805312K)->1701010K(1805312K)
[2409.464s][info][gc,metaspace   ] GC(497) Metaspace: 29075K(29376K)->29075K(29376K) NonClass: 25972K(26112K)->25972K(26112K) Class: 3102K(3264K)->3102K(3264K)
[2409.464s][info][gc             ] GC(497) Pause Young (Allocation Failure) 4092M->1804M(4317M) 88.072ms
[2409.464s][info][gc,cpu         ] GC(497) User=0.52s Sys=0.00s Real=0.08s
......[2414.766s][info][gc,start       ] GC(498) Pause Young (Allocation Failure)
[2414.856s][info][gc,heap        ] GC(498) PSYoungGen: 2587968K(2615296K)->149440K(2616320K) Eden: 2441216K(2441216K)->0K(2441216K) From: 146752K(174080K)->149440K(175104K)
[2414.856s][info][gc,heap        ] GC(498) ParOldGen: 1701010K(1805312K)->1804994K(1805312K)
[2414.856s][info][gc,metaspace   ] GC(498) Metaspace: 29075K(29376K)->29075K(29376K) NonClass: 25972K(26112K)->25972K(26112K) Class: 3102K(3264K)->3102K(3264K)
[2414.856s][info][gc             ] GC(498) Pause Young (Allocation Failure) 4188M->1908M(4318M) 89.310ms
[2414.856s][info][gc,cpu         ] GC(498) User=0.53s Sys=0.00s Real=0.09s
.....[2420.101s][info][gc,start       ] GC(499) Pause Young (Allocation Failure)
[2420.194s][info][gc,heap        ] GC(499) PSYoungGen: 2590656K(2616320K)->149632K(2617344K) Eden: 2441216K(2441216K)->0K(2447360K) From: 149440K(175104K)->149632K(169984K)
[2420.194s][info][gc,heap        ] GC(499) ParOldGen: 1804994K(1805312K)->1909802K(1910272K)
[2420.194s][info][gc,metaspace   ] GC(499) Metaspace: 29075K(29376K)->29075K(29376K) NonClass: 25972K(26112K)->25972K(26112K) Class: 3102K(3264K)->3102K(3264K)
[2420.195s][info][gc             ] GC(499) Pause Young (Allocation Failure) 4292M->2011M(4421M) 93.941ms
[2420.195s][info][gc,cpu         ] GC(499) User=0.53s Sys=0.03s Real=0.10s
.....[2425.497s][info][gc,start       ] GC(500) Pause Young (Allocation Failure)
[2425.592s][info][gc,heap        ] GC(500) PSYoungGen: 2596992K(2617344K)->148032K(2618880K) Eden: 2447360K(2447360K)->0K(2447360K) From: 149632K(169984K)->148032K(171520K)
[2425.592s][info][gc,heap        ] GC(500) ParOldGen: 1909802K(1910272K)->2014114K(2014208K)
[2425.592s][info][gc,metaspace   ] GC(500) Metaspace: 29075K(29376K)->29075K(29376K) NonClass: 25972K(26112K)->25972K(26112K) Class: 3102K(3264K)->3102K(3264K)
[2425.592s][info][gc             ] GC(500) Pause Young (Allocation Failure) 4401M->2111M(4524M) 95.288ms
[2425.592s][info][gc,cpu         ] GC(500) User=0.52s Sys=0.04s Real=0.09s
.... (rIR:aIR:PR = 3183:3183:3183) (tPR = 47586) [OK] 
  2428s: Performance info:
         Transaction,    Success,    Partial,     Failed,   Receipts, AvgBarcode, 
             Overall,     191786,          0,          0,     182185,      59.48, 
         Response times:
             Request,    Success,    Partial,     Failed,   SkipFail,     Probes,    Samples,      min,      p50,      p90,      p95,      p99,      max, 
       TotalPurchase,     182185,          0,          0,          0,     176245,     198049,      300,     2500,     4000,     4600,    18000,   920000,
     InStorePurchase,      95848,          0,          0,          0,      92970,     104234,      300,     2400,     3900,     4400,    11100,   920000,
      OnlinePurchase,      67175,          0,          0,          0,      64919,      72730,      300,     2600,     4100,     5000,    21000,   920000,
        InstPurchase,      19162,          0,          0,          0,      18356,      21085,      400,     2400,     4000,     4800,    21000,   920000,
          AssocOfCat,        194,          0,          0,          0,        141,        201,    17100,    25000,    32800,    37900,   114000,   128000,
      AssocOfProduct,       1923,          0,          0,          0,       1736,       2144,      400,     2100,     3800,     4500,     8000,    97000,
      BusinessReport,        479,          0,          0,          0,        398,        546,    21000,    31000,    39000,    43650,    57060,   134000,
          CustBuyBeh,       1914,          0,          0,          0,       1695,       2051,      100,     2000,     4100,     4900,    59000,   920000,
       ProductReturn,       5091,          0,          0,          0,       4700,       5454,      200,     1800,     4000,     4900,    40000,   920000,

  2428s: (24%)   IR =   3321 ..[2430.838s][info][gc,start       ] GC(501) Pause Young (Allocation Failure)
[2430.934s][info][gc,heap        ] GC(501) PSYoungGen: 2595392K(2618880K)->150912K(2619904K) Eden: 2447360K(2447360K)->0K(2454016K) From: 148032K(171520K)->150912K(165888K)
[2430.934s][info][gc,heap        ] GC(501) ParOldGen: 2014114K(2014208K)->2119002K(2119168K)
[2430.934s][info][gc,metaspace   ] GC(501) Metaspace: 29076K(29376K)->29076K(29376K) NonClass: 25973K(26112K)->25973K(26112K) Class: 3102K(3264K)->3102K(3264K)
[2430.934s][info][gc             ] GC(501) Pause Young (Allocation Failure) 4501M->2216M(4628M) 95.247ms
[2430.934s][info][gc,cpu         ] GC(501) User=0.53s Sys=0.04s Real=0.09s
...|..[2435.957s][info][gc,start       ] GC(502) Pause Young (Allocation Failure)
[2436.055s][info][gc,heap        ] GC(502) PSYoungGen: 2604928K(2619904K)->155284K(2622464K) Eden: 2454016K(2454016K)->0K(2454016K) From: 150912K(165888K)->155284K(168448K)
[2436.055s][info][gc,heap        ] GC(502) ParOldGen: 2119002K(2119168K)->2224330K(2224640K)
[2436.055s][info][gc,metaspace   ] GC(502) Metaspace: 29076K(29376K)->29076K(29376K) NonClass: 25973K(26112K)->25973K(26112K) Class: 3102K(3264K)->3102K(3264K)
[2436.055s][info][gc             ] GC(502) Pause Young (Allocation Failure) 4613M->2323M(4733M) 98.341ms
[2436.056s][info][gc,cpu         ] GC(502) User=0.56s Sys=0.03s Real=0.10s
.....[2441.097s][info][gc,start       ] GC(503) Pause Young (Allocation Failure)
[2441.195s][info][gc,heap        ] GC(503) PSYoungGen: 2609300K(2622464K)->156496K(2627584K) Eden: 2454016K(2454016K)->0K(2459136K) From: 155284K(168448K)->156496K(168448K)
[2441.195s][info][gc,heap        ] GC(503) ParOldGen: 2224330K(2224640K)->2328090K(2328576K)
[2441.195s][info][gc,metaspace   ] GC(503) Metaspace: 29076K(29376K)->29076K(29376K) NonClass: 25973K(26112K)->25973K(26112K) Class: 3102K(3264K)->3102K(3264K)
[2441.195s][info][gc             ] GC(503) Pause Young (Allocation Failure) 4720M->2426M(4840M) 97.825ms
[2441.195s][info][gc,cpu         ] GC(503) User=0.55s Sys=0.03s Real=0.10s
.....[2446.356s][info][gc,start       ] GC(504) Pause Young (Allocation Failure)
[2446.451s][info][gc,heap        ] GC(504) PSYoungGen: 2615632K(2627584K)->149472K(2608640K) Eden: 2459136K(2459136K)->0K(2459136K) From: 156496K(168448K)->149472K(149504K)
[2446.451s][info][gc,heap        ] GC(504) ParOldGen: 2328090K(2328576K)->2431770K(2432000K)
[2446.451s][info][gc,metaspace   ] GC(504) Metaspace: 29076K(29376K)->29076K(29376K) NonClass: 25973K(26112K)->25973K(26112K) Class: 3102K(3264K)->3102K(3264K)
[2446.451s][info][gc             ] GC(504) Pause Young (Allocation Failure) 4827M->2520M(4922M) 94.760ms
[2446.451s][info][gc,cpu         ] GC(504) User=0.51s Sys=0.05s Real=0.09s
.....[2451.457s][info][gc,start       ] GC(505) Pause Young (Allocation Failure)
[2451.551s][info][gc,heap        ] GC(505) PSYoungGen: 2608608K(2608640K)->146656K(2627584K) Eden: 2459136K(2459136K)->0K(2460160K) From: 149472K(149504K)->146656K(167424K)
[2451.551s][info][gc,heap        ] GC(505) ParOldGen: 2431770K(2432000K)->2537706K(2537984K)
[2451.551s][info][gc,metaspace   ] GC(505) Metaspace: 29076K(29376K)->29076K(29376K) NonClass: 25973K(26112K)->25973K(26112K) Class: 3102K(3264K)->3102K(3264K)
[2451.551s][info][gc             ] GC(505) Pause Young (Allocation Failure) 4922M->2621M(5044M) 94.827ms
[2451.552s][info][gc,cpu         ] GC(505) User=0.51s Sys=0.04s Real=0.09s
...[2454.024s][info][gc,start       ] GC(506) Pause Full (Diagnostic Command)
[2454.024s][info][gc,phases,start] GC(506) Marking Phase
[2454.332s][info][gc,phases      ] GC(506) Marking Phase 307.140ms
[2454.332s][info][gc,phases,start] GC(506) Summary Phase
[2454.332s][info][gc,phases      ] GC(506) Summary Phase 0.051ms
[2454.332s][info][gc,phases,start] GC(506) Forward
[2454.526s][info][gc,phases      ] GC(506) Forward 194.739ms
[2454.527s][info][gc,phases,start] GC(506) Adjust Pointers
[2454.746s][info][gc,phases      ] GC(506) Adjust Pointers 219.012ms
[2454.746s][info][gc,phases,start] GC(506) Compaction Phase
[2454.956s][info][gc,phases      ] GC(506) Compaction Phase 210.101ms
[2454.959s][info][gc,phases,start] GC(506) Post Compact
[2454.962s][info][gc,phases      ] GC(506) Post Compact 3.307ms
[2454.962s][info][gc,heap        ] GC(506) PSYoungGen: 1372683K(2627584K)->0K(2627584K) Eden: 1226027K(2460160K)->0K(2460160K) From: 146656K(167424K)->0K(167424K)
[2454.962s][info][gc,heap        ] GC(506) ParOldGen: 2537706K(2537984K)->1335840K(2537984K)
[2454.962s][info][gc,metaspace   ] GC(506) Metaspace: 29076K(29376K)->29076K(29376K) NonClass: 25973K(26112K)->25973K(26112K) Class: 3102K(3264K)->3102K(3264K)
[2454.962s][info][gc             ] GC(506) Pause Full (Diagnostic Command) 3818M->1304M(5044M) 937.970ms
[2454.962s][info][gc,cpu         ] GC(506) User=4.97s Sys=0.00s Real=0.93s
.....[2459.153s][info][gc,start       ] GC(507) Pause Young (Allocation Failure)
[2459.216s][info][gc,heap        ] GC(507) PSYoungGen: 2460160K(2627584K)->152132K(2626560K) Eden: 2460160K(2460160K)->0K(2460160K) From: 0K(167424K)->152132K(166400K)
[2459.216s][info][gc,heap        ] GC(507) ParOldGen: 1335840K(2537984K)->1335840K(2537984K)
[2459.216s][info][gc,metaspace   ] GC(507) Metaspace: 29076K(29376K)->29076K(29376K) NonClass: 25973K(26112K)->25973K(26112K) Class: 3102K(3264K)->3102K(3264K)
[2459.216s][info][gc             ] GC(507) Pause Young (Allocation Failure) 3707M->1453M(5043M) 62.679ms
[2459.216s][info][gc,cpu         ] GC(507) User=0.37s Sys=0.01s Real=0.07s
.....[2464.377s][info][gc,start       ] GC(508) Pause Young (Allocation Failure)
[2464.467s][info][gc,heap        ] GC(508) PSYoungGen: 2612292K(2626560K)->149888K(2628608K) Eden: 2460160K(2460160K)->0K(2463232K) From: 152132K(166400K)->149888K(165376K)
[2464.467s][info][gc,heap        ] GC(508) ParOldGen: 1335840K(2537984K)->1439196K(2537984K)
[2464.467s][info][gc,metaspace   ] GC(508) Metaspace: 29076K(29376K)->29076K(29376K) NonClass: 25973K(26112K)->25973K(26112K) Class: 3102K(3264K)->3102K(3264K)
[2464.467s][info][gc             ] GC(508) Pause Young (Allocation Failure) 3855M->1551M(5045M) 90.199ms
[2464.467s][info][gc,cpu         ] GC(508) User=0.53s Sys=0.00s Real=0.09s
.....[2469.610s][info][gc,start       ] GC(509) Pause Young (Allocation Failure)
[2469.701s][info][gc,heap        ] GC(509) PSYoungGen: 2613120K(2628608K)->151616K(2627584K) Eden: 2463232K(2463232K)->0K(2463232K) From: 149888K(165376K)->151616K(164352K)
[2469.701s][info][gc,heap        ] GC(509) ParOldGen: 1439196K(2537984K)->1544668K(2537984K)
[2469.701s][info][gc,metaspace   ] GC(509) Metaspace: 29076K(29376K)->29076K(29376K) NonClass: 25973K(26112K)->25973K(26112K) Class: 3102K(3264K)->3102K(3264K)
[2469.701s][info][gc             ] GC(509) Pause Young (Allocation Failure) 3957M->1656M(5044M) 90.525ms
[2469.701s][info][gc,cpu         ] GC(509) User=0.54s Sys=0.00s Real=0.09s
.....[2474.815s][info][gc,start       ] GC(510) Pause Young (Allocation Failure)
[2474.906s][info][gc,heap        ] GC(510) PSYoungGen: 2614848K(2627584K)->149568K(2630656K) Eden: 2463232K(2463232K)->0K(2467328K) From: 151616K(164352K)->149568K(163328K)
[2474.906s][info][gc,heap        ] GC(510) ParOldGen: 1544668K(2537984K)->1650716K(2537984K)
[2474.906s][info][gc,metaspace   ] GC(510) Metaspace: 29076K(29376K)->29076K(29376K) NonClass: 25973K(26112K)->25973K(26112K) Class: 3102K(3264K)->3102K(3264K)
[2474.906s][info][gc             ] GC(510) Pause Young (Allocation Failure) 4062M->1758M(5047M) 91.239ms
[2474.906s][info][gc,cpu         ] GC(510) User=0.53s Sys=0.00s Real=0.09s
.....[2479.908s][info][gc,start       ] GC(511) Pause Young (Allocation Failure)
[2479.999s][info][gc,heap        ] GC(511) PSYoungGen: 2616896K(2630656K)->148832K(2629632K) Eden: 2467328K(2467328K)->0K(2467328K) From: 149568K(163328K)->148832K(162304K)
[2479.999s][info][gc,heap        ] GC(511) ParOldGen: 1650716K(2537984K)->1755740K(2537984K)
[2479.999s][info][gc,metaspace   ] GC(511) Metaspace: 29076K(29376K)->29076K(29376K) NonClass: 25973K(26112K)->25973K(26112K) Class: 3102K(3264K)->3102K(3264K)
[2479.999s][info][gc             ] GC(511) Pause Young (Allocation Failure) 4167M->1859M(5046M) 91.253ms
[2479.999s][info][gc,cpu         ] GC(511) User=0.53s Sys=0.00s Real=0.09s
......[2485.142s][info][gc,start       ] GC(512) Pause Young (Allocation Failure)
[2485.232s][info][gc,heap        ] GC(512) PSYoungGen: 2616160K(2629632K)->148640K(2632704K) Eden: 2467328K(2467328K)->0K(2471424K) From: 148832K(162304K)->148640K(161280K)
[2485.232s][info][gc,heap        ] GC(512) ParOldGen: 1755740K(2537984K)->1858732K(2537984K)
[2485.232s][info][gc,metaspace   ] GC(512) Metaspace: 29076K(29376K)->29076K(29376K) NonClass: 25973K(26112K)->25973K(26112K) Class: 3102K(3264K)->3102K(3264K)
[2485.232s][info][gc             ] GC(512) Pause Young (Allocation Failure) 4269M->1960M(5049M) 90.122ms
[2485.232s][info][gc,cpu         ] GC(512) User=0.53s Sys=0.00s Real=0.09s
.....[2490.355s][info][gc,start       ] GC(513) Pause Young (Allocation Failure)
[2490.447s][info][gc,heap        ] GC(513) PSYoungGen: 2620064K(2632704K)->149376K(2632192K) Eden: 2471424K(2471424K)->0K(2471424K) From: 148640K(161280K)->149376K(160768K)
[2490.447s][info][gc,heap        ] GC(513) ParOldGen: 1858732K(2537984K)->1964084K(2537984K)
[2490.447s][info][gc,metaspace   ] GC(513) Metaspace: 29076K(29376K)->29076K(29376K) NonClass: 25973K(26112K)->25973K(26112K) Class: 3102K(3264K)->3102K(3264K)
[2490.447s][info][gc             ] GC(513) Pause Young (Allocation Failure) 4373M->2063M(5049M) 92.458ms
[2490.447s][info][gc,cpu         ] GC(513) User=0.54s Sys=0.00s Real=0.09s
.... (rIR:aIR:PR = 3321:3321:3321) (tPR = 49509) [OK] 
  2493s: Performance info:
         Transaction,    Success,    Partial,     Failed,   Receipts, AvgBarcode, 
             Overall,     200653,          0,          0,     190623,      59.47, 
         Response times:
             Request,    Success,    Partial,     Failed,   SkipFail,     Probes,    Samples,      min,      p50,      p90,      p95,      p99,      max, 
       TotalPurchase,     190623,          0,          0,          0,     185240,     203284,      300,     2600,     4200,     5800,   229000,   345000,
     InStorePurchase,     100335,          0,          0,          0,      97530,     106818,      300,     2500,     4200,     5900,   236000,   345000,
      OnlinePurchase,      70201,          0,          0,          0,      68433,      75164,      300,     2500,     4100,     5600,   213000,   345000,
        InstPurchase,      20087,          0,          0,          0,      19277,      21302,      400,     2900,     4300,     6385,   254910,   334000,
          AssocOfCat,        199,          0,          0,          0,        145,        221,    16800,    25000,    31000,    34000,    67120,   100000,
      AssocOfProduct,       2017,          0,          0,          0,       1836,       2127,      300,     3100,     4400,     5560,   227000,   275000,
      BusinessReport,        505,          0,          0,          0,        399,        524,    23000,    31000,    41000,    53000,   259000,  1100000,
          CustBuyBeh,       2007,          0,          0,          0,       1826,       2179,      200,     2700,     3900,     4800,   228000,   281000,
       ProductReturn,       5302,          0,          0,          0,       5002,       5692,      200,     1400,     3300,     4200,   161000,   261000,

  2493s: (25%)   IR =   3459 .[2495.533s][info][gc,start       ] GC(514) Pause Young (Allocation Failure)
[2495.628s][info][gc,heap        ] GC(514) PSYoungGen: 2620800K(2632192K)->156405K(2633216K) Eden: 2471424K(2471424K)->0K(2472960K) From: 149376K(160768K)->156405K(160256K)
[2495.628s][info][gc,heap        ] GC(514) ParOldGen: 1964084K(2537984K)->2069844K(2537984K)
[2495.628s][info][gc,metaspace   ] GC(514) Metaspace: 29077K(29376K)->29077K(29376K) NonClass: 25974K(26112K)->25974K(26112K) Class: 3102K(3264K)->3102K(3264K)
[2495.628s][info][gc             ] GC(514) Pause Young (Allocation Failure) 4477M->2174M(5050M) 95.034ms
[2495.628s][info][gc,cpu         ] GC(514) User=0.56s Sys=0.00s Real=0.10s
....|.[2500.556s][info][gc,start       ] GC(515) Pause Young (Allocation Failure)
[2500.648s][info][gc,heap        ] GC(515) PSYoungGen: 2629365K(2633216K)->152928K(2634240K) Eden: 2472960K(2472960K)->0K(2472960K) From: 156405K(160256K)->152928K(161280K)
[2500.648s][info][gc,heap        ] GC(515) ParOldGen: 2069844K(2537984K)->2175044K(2537984K)
[2500.648s][info][gc,metaspace   ] GC(515) Metaspace: 29077K(29376K)->29077K(29376K) NonClass: 25974K(26112K)->25974K(26112K) Class: 3102K(3264K)->3102K(3264K)
[2500.648s][info][gc             ] GC(515) Pause Young (Allocation Failure) 4589M->2273M(5051M) 92.781ms
[2500.648s][info][gc,cpu         ] GC(515) User=0.55s Sys=0.00s Real=0.09s
.....[2505.502s][info][gc,start       ] GC(516) Pause Young (Allocation Failure)
[2505.593s][info][gc,heap        ] GC(516) PSYoungGen: 2625888K(2634240K)->148608K(2633728K) Eden: 2472960K(2472960K)->0K(2473472K) From: 152928K(161280K)->148608K(160256K)
[2505.593s][info][gc,heap        ] GC(516) ParOldGen: 2175044K(2537984K)->2280300K(2537984K)
[2505.593s][info][gc,metaspace   ] GC(516) Metaspace: 29077K(29376K)->29077K(29376K) NonClass: 25974K(26112K)->25974K(26112K) Class: 3102K(3264K)->3102K(3264K)
[2505.593s][info][gc             ] GC(516) Pause Young (Allocation Failure) 4688M->2371M(5050M) 91.295ms
[2505.593s][info][gc,cpu         ] GC(516) User=0.54s Sys=0.00s Real=0.09s
.....[2510.592s][info][gc,start       ] GC(517) Pause Young (Allocation Failure)
[2510.687s][info][gc,heap        ] GC(517) PSYoungGen: 2622080K(2633728K)->156736K(2634240K) Eden: 2473472K(2473472K)->0K(2473472K) From: 148608K(160256K)->156736K(160768K)
[2510.687s][info][gc,heap        ] GC(517) ParOldGen: 2280300K(2537984K)->2383596K(2537984K)
[2510.687s][info][gc,metaspace   ] GC(517) Metaspace: 29077K(29376K)->29077K(29376K) NonClass: 25974K(26112K)->25974K(26112K) Class: 3102K(3264K)->3102K(3264K)
[2510.687s][info][gc             ] GC(517) Pause Young (Allocation Failure) 4787M->2480M(5051M) 94.418ms
[2510.687s][info][gc,cpu         ] GC(517) User=0.55s Sys=0.00s Real=0.10s
.....[2515.564s][info][gc,start       ] GC(518) Pause Young (Allocation Failure)
[2515.657s][info][gc,heap        ] GC(518) PSYoungGen: 2630208K(2634240K)->148512K(2634752K) Eden: 2473472K(2473472K)->0K(2472960K) From: 156736K(160768K)->148512K(161792K)
[2515.657s][info][gc,heap        ] GC(518) ParOldGen: 2383596K(2537984K)->2489644K(2537984K)
[2515.657s][info][gc,metaspace   ] GC(518) Metaspace: 29077K(29376K)->29077K(29376K) NonClass: 25974K(26112K)->25974K(26112K) Class: 3102K(3264K)->3102K(3264K)
[2515.657s][info][gc             ] GC(518) Pause Young (Allocation Failure) 4896M->2576M(5051M) 92.913ms
[2515.657s][info][gc,cpu         ] GC(518) User=0.55s Sys=0.00s Real=0.10s
.....[2520.620s][info][gc,start       ] GC(519) Pause Young (Allocation Failure)
[2520.714s][info][gc,heap        ] GC(519) PSYoungGen: 2621472K(2634752K)->150624K(2624000K) Eden: 2472960K(2472960K)->0K(2472960K) From: 148512K(161792K)->150624K(151040K)
[2520.714s][info][gc,heap        ] GC(519) ParOldGen: 2489644K(2537984K)->2593132K(2593280K)
[2520.714s][info][gc,metaspace   ] GC(519) Metaspace: 29077K(29376K)->29077K(29376K) NonClass: 25974K(26112K)->25974K(26112K) Class: 3102K(3264K)->3102K(3264K)
[2520.714s][info][gc             ] GC(519) Pause Young (Allocation Failure) 4991M->2679M(5095M) 94.032ms
[2520.714s][info][gc,cpu         ] GC(519) User=0.53s Sys=0.02s Real=0.09s
.....[2525.542s][info][gc,start       ] GC(520) Pause Young (Allocation Failure)
[2525.640s][info][gc,heap        ] GC(520) PSYoungGen: 2623584K(2624000K)->155636K(2632192K) Eden: 2472960K(2472960K)->0K(2471936K) From: 150624K(151040K)->155636K(160256K)
[2525.641s][info][gc,heap        ] GC(520) ParOldGen: 2593132K(2593280K)->2698460K(2698752K)
[2525.641s][info][gc,metaspace   ] GC(520) Metaspace: 29077K(29376K)->29077K(29376K) NonClass: 25974K(26112K)->25974K(26112K) Class: 3102K(3264K)->3102K(3264K)
[2525.641s][info][gc             ] GC(520) Pause Young (Allocation Failure) 5094M->2787M(5206M) 98.829ms
[2525.641s][info][gc,cpu         ] GC(520) User=0.55s Sys=0.03s Real=0.10s
.....[2530.624s][info][gc,start       ] GC(521) Pause Young (Allocation Failure)
[2530.721s][info][gc,heap        ] GC(521) PSYoungGen: 2627572K(2632192K)->150976K(2633216K) Eden: 2471936K(2471936K)->0K(2471936K) From: 155636K(160256K)->150976K(161280K)
[2530.721s][info][gc,heap        ] GC(521) ParOldGen: 2698460K(2698752K)->2803276K(2803712K)
[2530.721s][info][gc,metaspace   ] GC(521) Metaspace: 29077K(29376K)->29077K(29376K) NonClass: 25974K(26112K)->25974K(26112K) Class: 3102K(3264K)->3102K(3264K)
[2530.721s][info][gc             ] GC(521) Pause Young (Allocation Failure) 5201M->2885M(5309M) 97.054ms
[2530.721s][info][gc,cpu         ] GC(521) User=0.54s Sys=0.03s Real=0.10s
.....[2535.603s][info][gc,start       ] GC(522) Pause Young (Allocation Failure)
[2535.699s][info][gc,heap        ] GC(522) PSYoungGen: 2622912K(2633216K)->150400K(2633728K) Eden: 2471936K(2471936K)->0K(2474496K) From: 150976K(161280K)->150400K(159232K)
[2535.699s][info][gc,heap        ] GC(522) ParOldGen: 2803276K(2803712K)->2909420K(2909696K)
[2535.699s][info][gc,metaspace   ] GC(522) Metaspace: 29077K(29376K)->29077K(29376K) NonClass: 25974K(26112K)->25974K(26112K) Class: 3102K(3264K)->3102K(3264K)
[2535.699s][info][gc             ] GC(522) Pause Young (Allocation Failure) 5299M->2988M(5413M) 96.178ms
[2535.699s][info][gc,cpu         ] GC(522) User=0.54s Sys=0.03s Real=0.10s
.....[2540.560s][info][gc,start       ] GC(523) Pause Young (Allocation Failure)
[2540.656s][info][gc,heap        ] GC(523) PSYoungGen: 2624896K(2633728K)->147776K(2634240K) Eden: 2474496K(2474496K)->0K(2474496K) From: 150400K(159232K)->147776K(159744K)
[2540.656s][info][gc,heap        ] GC(523) ParOldGen: 2909420K(2909696K)->3015820K(3016192K)
[2540.656s][info][gc,metaspace   ] GC(523) Metaspace: 29077K(29376K)->29077K(29376K) NonClass: 25974K(26112K)->25974K(26112K) Class: 3102K(3264K)->3102K(3264K)
[2540.656s][info][gc             ] GC(523) Pause Young (Allocation Failure) 5404M->3089M(5518M) 95.457ms
[2540.656s][info][gc,cpu         ] GC(523) User=0.53s Sys=0.04s Real=0.10s
.....[2545.478s][info][gc,start       ] GC(524) Pause Young (Allocation Failure)
[2545.573s][info][gc,heap        ] GC(524) PSYoungGen: 2622272K(2634240K)->147456K(2635264K) Eden: 2474496K(2474496K)->0K(2476544K) From: 147776K(159744K)->147456K(158720K)
[2545.573s][info][gc,heap        ] GC(524) ParOldGen: 3015820K(3016192K)->3119348K(3119616K)
[2545.573s][info][gc,metaspace   ] GC(524) Metaspace: 29077K(29376K)->29077K(29376K) NonClass: 25974K(26112K)->25974K(26112K) Class: 3102K(3264K)->3102K(3264K)
[2545.573s][info][gc             ] GC(524) Pause Young (Allocation Failure) 5505M->3190M(5620M) 94.565ms
[2545.573s][info][gc,cpu         ] GC(524) User=0.53s Sys=0.02s Real=0.09s
.....[2550.614s][info][gc,start       ] GC(525) Pause Young (Allocation Failure)
[2550.712s][info][gc,heap        ] GC(525) PSYoungGen: 2624000K(2635264K)->153995K(2635776K) Eden: 2476544K(2476544K)->0K(2476544K) From: 147456K(158720K)->153995K(159232K)
[2550.712s][info][gc,heap        ] GC(525) ParOldGen: 3119348K(3119616K)->3222532K(3223040K)
[2550.712s][info][gc,metaspace   ] GC(525) Metaspace: 29077K(29376K)->29077K(29376K) NonClass: 25974K(26112K)->25974K(26112K) Class: 3102K(3264K)->3102K(3264K)
[2550.712s][info][gc             ] GC(525) Pause Young (Allocation Failure) 5608M->3297M(5721M) 98.647ms
[2550.713s][info][gc,cpu         ] GC(525) User=0.55s Sys=0.03s Real=0.10s
.....[2555.536s][info][gc,start       ] GC(526) Pause Young (Allocation Failure)
[2555.633s][info][gc,heap        ] GC(526) PSYoungGen: 2630539K(2635776K)->148864K(2636288K) Eden: 2476544K(2476544K)->0K(2477056K) From: 153995K(159232K)->148864K(159232K)
[2555.633s][info][gc,heap        ] GC(526) ParOldGen: 3222532K(3223040K)->3329020K(3329024K)
[2555.633s][info][gc,metaspace   ] GC(526) Metaspace: 29077K(29376K)->29077K(29376K) NonClass: 25974K(26112K)->25974K(26112K) Class: 3102K(3264K)->3102K(3264K)
[2555.633s][info][gc             ] GC(526) Pause Young (Allocation Failure) 5715M->3396M(5825M) 97.209ms
[2555.633s][info][gc,cpu         ] GC(526) User=0.53s Sys=0.03s Real=0.09s
.... (rIR:aIR:PR = 3459:3459:3459) (tPR = 51630) [OK] 
  2558s: Performance info:
         Transaction,    Success,    Partial,     Failed,   Receipts, AvgBarcode, 
             Overall,     207657,          0,          0,     197279,      59.48, 
         Response times:
             Request,    Success,    Partial,     Failed,   SkipFail,     Probes,    Samples,      min,      p50,      p90,      p95,      p99,      max, 
       TotalPurchase,     197279,          0,          0,          0,     193646,     210829,      300,     2600,     4100,     4700,    15600,   134000,
     InStorePurchase,     103804,          0,          0,          0,     102385,     111258,      300,     2500,     4100,     4700,    15100,   133000,
      OnlinePurchase,      72715,          0,          0,          0,      71224,      77424,      300,     2600,     4100,     4700,    15600,   120000,
        InstPurchase,      20760,          0,          0,          0,      20037,      22147,      400,     2900,     4300,     4900,    17100,   134000,
          AssocOfCat,        209,          0,          0,          0,        148,        204,    17200,    25000,    32000,    36000,    50850,   121000,
      AssocOfProduct,       2081,          0,          0,          0,       1917,       2273,      400,     2800,     4200,     4700,    18000,   106000,
      BusinessReport,        513,          0,          0,          0,        413,        515,    23000,    31000,    39000,    46200,    55840,   150000,
          CustBuyBeh,       2079,          0,          0,          0,       1933,       2314,      200,     1500,     3400,     4000,     8200,    98000,
       ProductReturn,       5496,          0,          0,          0,       5159,       5833,      200,     2100,     3900,     4400,    12900,   101000,

  2558s: (26%)   IR =   3598 .[2560.517s][info][gc,start       ] GC(527) Pause Young (Allocation Failure)
[2560.616s][info][gc,heap        ] GC(527) PSYoungGen: 2625920K(2636288K)->154996K(2636288K) Eden: 2477056K(2477056K)->0K(2477056K) From: 148864K(159232K)->154996K(159232K)
[2560.616s][info][gc,heap        ] GC(527) ParOldGen: 3329020K(3329024K)->3434068K(3434496K)
[2560.616s][info][gc,metaspace   ] GC(527) Metaspace: 29077K(29376K)->29077K(29376K) NonClass: 25974K(26112K)->25974K(26112K) Class: 3102K(3264K)->3102K(3264K)
[2560.616s][info][gc             ] GC(527) Pause Young (Allocation Failure) 5815M->3504M(5928M) 99.295ms
[2560.616s][info][gc,cpu         ] GC(527) User=0.55s Sys=0.03s Real=0.10s
....|.[2565.358s][info][gc,start       ] GC(528) Pause Young (Allocation Failure)
[2565.455s][info][gc,heap        ] GC(528) PSYoungGen: 2632052K(2636288K)->149888K(2636288K) Eden: 2477056K(2477056K)->0K(2477056K) From: 154996K(159232K)->149888K(159232K)
[2565.455s][info][gc,heap        ] GC(528) ParOldGen: 3434068K(3434496K)->3538580K(3538944K)
[2565.455s][info][gc,metaspace   ] GC(528) Metaspace: 29077K(29376K)->29077K(29376K) NonClass: 25974K(26112K)->25974K(26112K) Class: 3102K(3264K)->3102K(3264K)
[2565.455s][info][gc             ] GC(528) Pause Young (Allocation Failure) 5923M->3602M(6030M) 96.596ms
[2565.455s][info][gc,cpu         ] GC(528) User=0.53s Sys=0.04s Real=0.10s
.....[2570.256s][info][gc,start       ] GC(529) Pause Young (Allocation Failure)
[2570.354s][info][gc,heap        ] GC(529) PSYoungGen: 2626944K(2636288K)->150560K(2636288K) Eden: 2477056K(2477056K)->0K(2477056K) From: 149888K(159232K)->150560K(159232K)
[2570.354s][info][gc,heap        ] GC(529) ParOldGen: 3538580K(3538944K)->3644236K(3644416K)
[2570.354s][info][gc,metaspace   ] GC(529) Metaspace: 29077K(29376K)->29077K(29376K) NonClass: 25974K(26112K)->25974K(26112K) Class: 3102K(3264K)->3102K(3264K)
[2570.354s][info][gc             ] GC(529) Pause Young (Allocation Failure) 6021M->3705M(6133M) 97.477ms
[2570.354s][info][gc,cpu         ] GC(529) User=0.55s Sys=0.03s Real=0.09s
....[2575.075s][info][gc,start       ] GC(530) Pause Young (Allocation Failure)
[2575.173s][info][gc,heap        ] GC(530) PSYoungGen: 2627616K(2636288K)->152800K(2636288K) Eden: 2477056K(2477056K)->0K(2477568K) From: 150560K(159232K)->152800K(158720K)
[2575.173s][info][gc,heap        ] GC(530) ParOldGen: 3644236K(3644416K)->3751260K(3751424K)
[2575.173s][info][gc,metaspace   ] GC(530) Metaspace: 29077K(29376K)->29077K(29376K) NonClass: 25974K(26112K)->25974K(26112K) Class: 3102K(3264K)->3102K(3264K)
[2575.173s][info][gc             ] GC(530) Pause Young (Allocation Failure) 6124M->3812M(6238M) 97.699ms
[2575.173s][info][gc,cpu         ] GC(530) User=0.55s Sys=0.03s Real=0.09s
.....[2579.820s][info][gc,start       ] GC(531) Pause Young (Allocation Failure)
[2579.924s][info][gc,heap        ] GC(531) PSYoungGen: 2630368K(2636288K)->158712K(2636288K) Eden: 2477568K(2477568K)->0K(2477568K) From: 152800K(158720K)->158712K(158720K)
[2579.924s][info][gc,heap        ] GC(531) ParOldGen: 3751260K(3751424K)->3858892K(3858944K)
[2579.924s][info][gc,metaspace   ] GC(531) Metaspace: 29077K(29376K)->29077K(29376K) NonClass: 25974K(26112K)->25974K(26112K) Class: 3102K(3264K)->3102K(3264K)
[2579.924s][info][gc             ] GC(531) Pause Young (Allocation Failure) 6232M->3923M(6343M) 103.672ms
[2579.924s][info][gc,cpu         ] GC(531) User=0.58s Sys=0.03s Real=0.10s
.....[2584.648s][info][gc,start       ] GC(532) Pause Young (Allocation Failure)
[2584.746s][info][gc,heap        ] GC(532) PSYoungGen: 2636280K(2636288K)->152704K(2558464K) Eden: 2477568K(2477568K)->0K(2398720K) From: 158712K(158720K)->152704K(159744K)
[2584.746s][info][gc,heap        ] GC(532) ParOldGen: 3858892K(3858944K)->3960508K(3960832K)
[2584.746s][info][gc,metaspace   ] GC(532) Metaspace: 29077K(29376K)->29077K(29376K) NonClass: 25974K(26112K)->25974K(26112K) Class: 3102K(3264K)->3102K(3264K)
[2584.746s][info][gc             ] GC(532) Pause Young (Allocation Failure) 6342M->4016M(6366M) 97.454ms
[2584.746s][info][gc,cpu         ] GC(532) User=0.55s Sys=0.03s Real=0.10s
.....[2589.287s][info][gc,start       ] GC(533) Pause Young (Allocation Failure)
[2589.386s][info][gc,heap        ] GC(533) PSYoungGen: 2551424K(2558464K)->148448K(2597376K) Eden: 2398720K(2398720K)->0K(2398720K) From: 152704K(159744K)->148448K(198656K)
[2589.386s][info][gc,heap        ] GC(533) ParOldGen: 3960508K(3960832K)->4067396K(4067840K)
[2589.386s][info][gc,metaspace   ] GC(533) Metaspace: 29077K(29376K)->29077K(29376K) NonClass: 25974K(26112K)->25974K(26112K) Class: 3102K(3264K)->3102K(3264K)
[2589.386s][info][gc             ] GC(533) Pause Young (Allocation Failure) 6359M->4117M(6509M) 98.981ms
[2589.386s][info][gc,cpu         ] GC(533) User=0.55s Sys=0.03s Real=0.10s
....[2593.944s][info][gc,start       ] GC(534) Pause Young (Allocation Failure)
[2594.041s][info][gc,heap        ] GC(534) PSYoungGen: 2547168K(2597376K)->147744K(2592768K) Eden: 2398720K(2398720K)->0K(2400256K) From: 148448K(198656K)->147744K(192512K)
[2594.041s][info][gc,heap        ] GC(534) ParOldGen: 4067396K(4067840K)->4171180K(4171264K)
[2594.041s][info][gc,metaspace   ] GC(534) Metaspace: 29077K(29376K)->29077K(29376K) NonClass: 25974K(26112K)->25974K(26112K) Class: 3102K(3264K)->3102K(3264K)
[2594.041s][info][gc             ] GC(534) Pause Young (Allocation Failure) 6459M->4217M(6605M) 96.577ms
[2594.041s][info][gc,cpu         ] GC(534) User=0.53s Sys=0.03s Real=0.10s
.....[2598.663s][info][gc,start       ] GC(535) Pause Young (Allocation Failure)
[2598.760s][info][gc,heap        ] GC(535) PSYoungGen: 2548000K(2592768K)->146176K(2595840K) Eden: 2400256K(2400256K)->0K(2400256K) From: 147744K(192512K)->146176K(195584K)
[2598.760s][info][gc,heap        ] GC(535) ParOldGen: 4171180K(4171264K)->4274524K(4274688K)
[2598.760s][info][gc,metaspace   ] GC(535) Metaspace: 29077K(29376K)->29077K(29376K) NonClass: 25974K(26112K)->25974K(26112K) Class: 3102K(3264K)->3102K(3264K)
[2598.760s][info][gc             ] GC(535) Pause Young (Allocation Failure) 6561M->4317M(6709M) 97.014ms
[2598.760s][info][gc,cpu         ] GC(535) User=0.54s Sys=0.03s Real=0.10s
.....[2603.344s][info][gc,start       ] GC(536) Pause Young (Allocation Failure)
[2603.439s][info][gc,heap        ] GC(536) PSYoungGen: 2546432K(2595840K)->146240K(2595840K) Eden: 2400256K(2400256K)->0K(2406400K) From: 146176K(195584K)->146240K(189440K)
[2603.439s][info][gc,heap        ] GC(536) ParOldGen: 4274524K(4274688K)->4377196K(4377600K)
[2603.439s][info][gc,metaspace   ] GC(536) Metaspace: 29077K(29376K)->29077K(29376K) NonClass: 25974K(26112K)->25974K(26112K) Class: 3102K(3264K)->3102K(3264K)
[2603.439s][info][gc             ] GC(536) Pause Young (Allocation Failure) 6661M->4417M(6810M) 95.021ms
[2603.439s][info][gc,cpu         ] GC(536) User=0.53s Sys=0.02s Real=0.10s
....[2608.060s][info][gc,start       ] GC(537) Pause Young (Allocation Failure)
[2608.157s][info][gc,heap        ] GC(537) PSYoungGen: 2552640K(2595840K)->148864K(2598912K) Eden: 2406400K(2406400K)->0K(2406400K) From: 146240K(189440K)->148864K(192512K)
[2608.157s][info][gc,heap        ] GC(537) ParOldGen: 4377196K(4377600K)->4481484K(4481536K)
[2608.157s][info][gc,metaspace   ] GC(537) Metaspace: 29077K(29376K)->29077K(29376K) NonClass: 25974K(26112K)->25974K(26112K) Class: 3102K(3264K)->3102K(3264K)
[2608.157s][info][gc             ] GC(537) Pause Young (Allocation Failure) 6767M->4521M(6914M) 97.471ms
[2608.157s][info][gc,cpu         ] GC(537) User=0.54s Sys=0.03s Real=0.10s
.....[2612.641s][info][gc,start       ] GC(538) Pause Young (Allocation Failure)
[2612.743s][info][gc,heap        ] GC(538) PSYoungGen: 2555264K(2598912K)->157877K(2596352K) Eden: 2406400K(2406400K)->0K(2413056K) From: 148864K(192512K)->157877K(183296K)
[2612.743s][info][gc,heap        ] GC(538) ParOldGen: 4481484K(4481536K)->4585036K(4585472K)
[2612.743s][info][gc,metaspace   ] GC(538) Metaspace: 29077K(29376K)->29077K(29376K) NonClass: 25974K(26112K)->25974K(26112K) Class: 3102K(3264K)->3102K(3264K)
[2612.743s][info][gc             ] GC(538) Pause Young (Allocation Failure) 6871M->4631M(7013M) 101.512ms
[2612.743s][info][gc,cpu         ] GC(538) User=0.56s Sys=0.04s Real=0.10s
.....[2617.364s][info][gc,start       ] GC(539) Pause Young (Allocation Failure)
[2617.462s][info][gc,heap        ] GC(539) PSYoungGen: 2570933K(2596352K)->147936K(2600448K) Eden: 2413056K(2413056K)->0K(2413056K) From: 157877K(183296K)->147936K(187392K)
[2617.463s][info][gc,heap        ] GC(539) ParOldGen: 4585036K(4585472K)->4688292K(4688384K)
[2617.463s][info][gc,metaspace   ] GC(539) Metaspace: 29077K(29376K)->29077K(29376K) NonClass: 25974K(26112K)->25974K(26112K) Class: 3102K(3264K)->3102K(3264K)
[2617.463s][info][gc             ] GC(539) Pause Young (Allocation Failure) 6988M->4722M(7118M) 98.165ms
[2617.463s][info][gc,cpu         ] GC(539) User=0.53s Sys=0.03s Real=0.10s
....[2622.065s][info][gc,start       ] GC(540) Pause Young (Allocation Failure)
[2622.164s][info][gc,heap        ] GC(540) PSYoungGen: 2560992K(2600448K)->152544K(2601984K) Eden: 2413056K(2413056K)->0K(2422784K) From: 147936K(187392K)->152544K(179200K)
[2622.164s][info][gc,heap        ] GC(540) ParOldGen: 4688292K(4688384K)->4791572K(4791808K)
[2622.164s][info][gc,metaspace   ] GC(540) Metaspace: 29077K(29376K)->29077K(29376K) NonClass: 25974K(26112K)->25974K(26112K) Class: 3102K(3264K)->3102K(3264K)
[2622.164s][info][gc             ] GC(540) Pause Young (Allocation Failure) 7079M->4828M(7220M) 98.887ms
[2622.164s][info][gc,cpu         ] GC(540) User=0.55s Sys=0.03s Real=0.09s
... (rIR:aIR:PR = 3598:3598:3598) (tPR = 53823) [OK] 
  2624s: Performance info:
         Transaction,    Success,    Partial,     Failed,   Receipts, AvgBarcode, 
             Overall,     216057,          0,          0,     205248,      59.47, 
         Response times:
             Request,    Success,    Partial,     Failed,   SkipFail,     Probes,    Samples,      min,      p50,      p90,      p95,      p99,      max, 
       TotalPurchase,     205248,          0,          0,          0,     201291,     218988,      300,     2700,     4400,     5100,    17800,   125000,
     InStorePurchase,     108004,          0,          0,          0,     106396,     115481,      300,     2800,     4400,     5100,    17100,   115000,
      OnlinePurchase,      75654,          0,          0,          0,      74003,      80526,      300,     2700,     4400,     5200,    18300,   125000,
        InstPurchase,      21590,          0,          0,          0,      20892,      22981,      400,     2700,     4300,     5100,    18100,   115000,
          AssocOfCat,        213,          0,          0,          0,        136,        204,    17600,    25000,    33000,    34750,    43850,   142000,
      AssocOfProduct,       2160,          0,          0,          0,       1986,       2345,     1000,     3100,     4700,     5400,    19600,   113000,
      BusinessReport,        540,          0,          0,          0,        449,        566,    22000,    31000,    39000,    44000,   142000,   176000,
          CustBuyBeh,       2164,          0,          0,          0,       1975,       2313,      100,     1500,     4200,     4800,    11300,   112000,
       ProductReturn,       5732,          0,          0,          0,       5451,       6130,      200,     2500,     4000,     4700,    15638,   122000,

  2624s: (27%)   IR =   3736 ..[2626.685s][info][gc,start       ] GC(541) Pause Young (Allocation Failure)
[2626.783s][info][gc,heap        ] GC(541) PSYoungGen: 2575328K(2601984K)->147200K(2606080K) Eden: 2422784K(2422784K)->0K(2422784K) From: 152544K(179200K)->147200K(183296K)
[2626.783s][info][gc,heap        ] GC(541) ParOldGen: 4791572K(4791808K)->4896604K(4896768K)
[2626.783s][info][gc,metaspace   ] GC(541) Metaspace: 29077K(29376K)->29077K(29376K) NonClass: 25974K(26112K)->25974K(26112K) Class: 3102K(3264K)->3102K(3264K)
[2626.783s][info][gc             ] GC(541) Pause Young (Allocation Failure) 7194M->4925M(7327M) 98.017ms
[2626.783s][info][gc,cpu         ] GC(541) User=0.54s Sys=0.03s Real=0.09s
....|.[2631.288s][info][gc,start       ] GC(542) Pause Young (Allocation Failure)
[2631.384s][info][gc,heap        ] GC(542) PSYoungGen: 2569984K(2606080K)->146944K(2608128K) Eden: 2422784K(2422784K)->0K(2430976K) From: 147200K(183296K)->146944K(177152K)
[2631.384s][info][gc,heap        ] GC(542) ParOldGen: 4896604K(4896768K)->4999596K(4999680K)
[2631.384s][info][gc,metaspace   ] GC(542) Metaspace: 29077K(29376K)->29077K(29376K) NonClass: 25974K(26112K)->25974K(26112K) Class: 3102K(3264K)->3102K(3264K)
[2631.384s][info][gc             ] GC(542) Pause Young (Allocation Failure) 7291M->5025M(7429M) 96.255ms
[2631.384s][info][gc,cpu         ] GC(542) User=0.54s Sys=0.02s Real=0.09s
....[2635.784s][info][gc,start       ] GC(543) Pause Young (Allocation Failure)
[2635.881s][info][gc,heap        ] GC(543) PSYoungGen: 2577920K(2608128K)->147232K(2611200K) Eden: 2430976K(2430976K)->0K(2430976K) From: 146944K(177152K)->147232K(180224K)
[2635.881s][info][gc,heap        ] GC(543) ParOldGen: 4999596K(4999680K)->5104684K(5105152K)
[2635.882s][info][gc,metaspace   ] GC(543) Metaspace: 29081K(29376K)->29081K(29376K) NonClass: 25979K(26112K)->25979K(26112K) Class: 3102K(3264K)->3102K(3264K)
[2635.882s][info][gc             ] GC(543) Pause Young (Allocation Failure) 7399M->5128M(7535M) 97.393ms
[2635.882s][info][gc,cpu         ] GC(543) User=0.55s Sys=0.02s Real=0.10s
.....[2640.363s][info][gc,start       ] GC(544) Pause Young (Allocation Failure)
[2640.461s][info][gc,heap        ] GC(544) PSYoungGen: 2578208K(2611200K)->148608K(2611200K) Eden: 2430976K(2430976K)->0K(2437120K) From: 147232K(180224K)->148608K(174080K)
[2640.461s][info][gc,heap        ] GC(544) ParOldGen: 5104684K(5105152K)->5207292K(5207552K)
[2640.461s][info][gc,metaspace   ] GC(544) Metaspace: 29081K(29376K)->29081K(29376K) NonClass: 25979K(26112K)->25979K(26112K) Class: 3102K(3264K)->3102K(3264K)
[2640.461s][info][gc             ] GC(544) Pause Young (Allocation Failure) 7502M->5230M(7635M) 97.463ms
[2640.461s][info][gc,cpu         ] GC(544) User=0.54s Sys=0.03s Real=0.10s
....[2644.923s][info][gc,start       ] GC(545) Pause Young (Allocation Failure)
[2645.022s][info][gc,heap        ] GC(545) PSYoungGen: 2585728K(2611200K)->150432K(2614272K) Eden: 2437120K(2437120K)->0K(2437120K) From: 148608K(174080K)->150432K(177152K)
[2645.022s][info][gc,heap        ] GC(545) ParOldGen: 5207292K(5207552K)->5311692K(5312000K)
[2645.022s][info][gc,metaspace   ] GC(545) Metaspace: 29081K(29376K)->29081K(29376K) NonClass: 25979K(26112K)->25979K(26112K) Class: 3102K(3264K)->3102K(3264K)
[2645.022s][info][gc             ] GC(545) Pause Young (Allocation Failure) 7610M->5334M(7740M) 98.578ms
[2645.022s][info][gc,cpu         ] GC(545) User=0.55s Sys=0.03s Real=0.10s
.....[2649.463s][info][gc,start       ] GC(546) Pause Young (Allocation Failure)
[2649.559s][info][gc,heap        ] GC(546) PSYoungGen: 2587552K(2614272K)->146848K(2616320K) Eden: 2437120K(2437120K)->0K(2444288K) From: 150432K(177152K)->146848K(172032K)
[2649.559s][info][gc,heap        ] GC(546) ParOldGen: 5311692K(5312000K)->5416244K(5416448K)
[2649.559s][info][gc,metaspace   ] GC(546) Metaspace: 29081K(29376K)->29081K(29376K) NonClass: 25979K(26112K)->25979K(26112K) Class: 3102K(3264K)->3102K(3264K)
[2649.559s][info][gc             ] GC(546) Pause Young (Allocation Failure) 7714M->5432M(7844M) 95.994ms
[2649.559s][info][gc,cpu         ] GC(546) User=0.54s Sys=0.03s Real=0.10s
....[2653.983s][info][gc,start       ] GC(547) Pause Young (Allocation Failure)
[2654.085s][info][gc,heap        ] GC(547) PSYoungGen: 2591136K(2616320K)->155764K(2617856K) Eden: 2444288K(2444288K)->0K(2444288K) From: 146848K(172032K)->155764K(173568K)
[2654.085s][info][gc,heap        ] GC(547) ParOldGen: 5416244K(5416448K)->5520052K(5520384K)
[2654.085s][info][gc,metaspace   ] GC(547) Metaspace: 29081K(29376K)->29081K(29376K) NonClass: 25979K(26112K)->25979K(26112K) Class: 3102K(3264K)->3102K(3264K)
[2654.085s][info][gc             ] GC(547) Pause Young (Allocation Failure) 7819M->5542M(7947M) 102.706ms
[2654.085s][info][gc,cpu         ] GC(547) User=0.57s Sys=0.03s Real=0.11s
.....[2658.625s][info][gc,start       ] GC(548) Pause Full (Allocation Failure)
[2658.625s][info][gc,phases,start] GC(548) Marking Phase
[2658.933s][info][gc,phases      ] GC(548) Marking Phase 308.678ms
[2658.934s][info][gc,phases,start] GC(548) Summary Phase
[2658.934s][info][gc,phases      ] GC(548) Summary Phase 0.099ms
[2658.934s][info][gc,phases,start] GC(548) Forward
[2659.055s][info][gc,phases      ] GC(548) Forward 121.519ms
[2659.055s][info][gc,phases,start] GC(548) Adjust Pointers
[2659.266s][info][gc,phases      ] GC(548) Adjust Pointers 210.965ms
[2659.266s][info][gc,phases,start] GC(548) Compaction Phase
[2659.412s][info][gc,phases      ] GC(548) Compaction Phase 145.560ms
[2659.413s][info][gc,phases,start] GC(548) Post Compact
[2659.420s][info][gc,phases      ] GC(548) Post Compact 7.039ms
[2659.548s][info][gc,heap        ] GC(548) PSYoungGen: 2600052K(2617856K)->0K(2621952K) Eden: 2444288K(2444288K)->0K(2449408K) From: 155764K(173568K)->0K(172544K)
[2659.548s][info][gc,heap        ] GC(548) ParOldGen: 5520052K(5520384K)->1599788K(1819136K)
[2659.548s][info][gc,metaspace   ] GC(548) Metaspace: 29081K(29376K)->29081K(29376K) NonClass: 25979K(26112K)->25979K(26112K) Class: 3102K(3264K)->3102K(3264K)
[2659.548s][info][gc             ] GC(548) Pause Full (Allocation Failure) 7929M->1562M(4337M) 923.702ms
[2659.549s][info][gc,cpu         ] GC(548) User=4.33s Sys=0.13s Real=0.92s
....[2663.187s][info][gc,start       ] GC(549) Pause Young (Allocation Failure)
[2663.247s][info][gc,heap        ] GC(549) PSYoungGen: 2449408K(2621952K)->146560K(2596352K) Eden: 2449408K(2449408K)->0K(2449408K) From: 0K(172544K)->146560K(146944K)
[2663.247s][info][gc,heap        ] GC(549) ParOldGen: 1599788K(1819136K)->1599788K(1819136K)
[2663.247s][info][gc,metaspace   ] GC(549) Metaspace: 29081K(29376K)->29081K(29376K) NonClass: 25979K(26112K)->25979K(26112K) Class: 3102K(3264K)->3102K(3264K)
[2663.247s][info][gc             ] GC(549) Pause Young (Allocation Failure) 3954M->1705M(4312M) 60.292ms
[2663.247s][info][gc,cpu         ] GC(549) User=0.35s Sys=0.00s Real=0.06s
.....[2667.770s][info][gc,start       ] GC(550) Pause Young (Allocation Failure)
[2667.861s][info][gc,heap        ] GC(550) PSYoungGen: 2595968K(2596352K)->148800K(2623488K) Eden: 2449408K(2449408K)->0K(2451968K) From: 146560K(146944K)->148800K(171520K)
[2667.861s][info][gc,heap        ] GC(550) ParOldGen: 1599788K(1819136K)->1704940K(1819136K)
[2667.861s][info][gc,metaspace   ] GC(550) Metaspace: 29081K(29376K)->29081K(29376K) NonClass: 25979K(26112K)->25979K(26112K) Class: 3102K(3264K)->3102K(3264K)
[2667.861s][info][gc             ] GC(550) Pause Young (Allocation Failure) 4097M->1810M(4338M) 91.353ms
[2667.861s][info][gc,cpu         ] GC(550) User=0.54s Sys=0.00s Real=0.09s
....[2672.365s][info][gc,start       ] GC(551) Pause Young (Allocation Failure)
[2672.459s][info][gc,heap        ] GC(551) PSYoungGen: 2600768K(2623488K)->153860K(2621952K) Eden: 2451968K(2451968K)->0K(2451968K) From: 148800K(171520K)->153860K(169984K)
[2672.459s][info][gc,heap        ] GC(551) ParOldGen: 1704940K(1819136K)->1808484K(1819136K)
[2672.459s][info][gc,metaspace   ] GC(551) Metaspace: 29081K(29376K)->29081K(29376K) NonClass: 25979K(26112K)->25979K(26112K) Class: 3102K(3264K)->3102K(3264K)
[2672.459s][info][gc             ] GC(551) Pause Young (Allocation Failure) 4204M->1916M(4337M) 93.434ms
[2672.459s][info][gc,cpu         ] GC(551) User=0.55s Sys=0.00s Real=0.09s
.....[2677.000s][info][gc,start       ] GC(552) Pause Young (Allocation Failure)
[2677.096s][info][gc,heap        ] GC(552) PSYoungGen: 2605828K(2621952K)->152416K(2624512K) Eden: 2451968K(2451968K)->0K(2456064K) From: 153860K(169984K)->152416K(168448K)
[2677.097s][info][gc,heap        ] GC(552) ParOldGen: 1808484K(1819136K)->1912556K(1912832K)
[2677.097s][info][gc,metaspace   ] GC(552) Metaspace: 29081K(29376K)->29081K(29376K) NonClass: 25979K(26112K)->25979K(26112K) Class: 3102K(3264K)->3102K(3264K)
[2677.097s][info][gc             ] GC(552) Pause Young (Allocation Failure) 4310M->2016M(4431M) 96.473ms
[2677.097s][info][gc,cpu         ] GC(552) User=0.54s Sys=0.03s Real=0.10s
....[2681.544s][info][gc,start       ] GC(553) Pause Young (Allocation Failure)
[2681.641s][info][gc,heap        ] GC(553) PSYoungGen: 2608480K(2624512K)->151040K(2624000K) Eden: 2456064K(2456064K)->0K(2456064K) From: 152416K(168448K)->151040K(167936K)
[2681.641s][info][gc,heap        ] GC(553) ParOldGen: 1912556K(1912832K)->2019236K(2019328K)
[2681.641s][info][gc,metaspace   ] GC(553) Metaspace: 29081K(29376K)->29081K(29376K) NonClass: 25979K(26112K)->25979K(26112K) Class: 3102K(3264K)->3102K(3264K)
[2681.641s][info][gc             ] GC(553) Pause Young (Allocation Failure) 4415M->2119M(4534M) 96.277ms
[2681.641s][info][gc,cpu         ] GC(553) User=0.54s Sys=0.03s Real=0.10s
.....[2686.161s][info][gc,start       ] GC(554) Pause Young (Allocation Failure)
[2686.256s][info][gc,heap        ] GC(554) PSYoungGen: 2607104K(2624000K)->147360K(2626560K) Eden: 2456064K(2456064K)->0K(2460160K) From: 151040K(167936K)->147360K(166400K)
[2686.256s][info][gc,heap        ] GC(554) ParOldGen: 2019236K(2019328K)->2122484K(2122752K)
[2686.256s][info][gc,metaspace   ] GC(554) Metaspace: 29084K(29376K)->29084K(29376K) NonClass: 25982K(26112K)->25982K(26112K) Class: 3102K(3264K)->3102K(3264K)
[2686.256s][info][gc             ] GC(554) Pause Young (Allocation Failure) 4517M->2216M(4638M) 95.005ms
[2686.256s][info][gc,cpu         ] GC(554) User=0.52s Sys=0.04s Real=0.10s
..... (rIR:aIR:PR = 3736:3737:3737) (tPR = 55831) [OK] 
  2690s: Performance info:
         Transaction,    Success,    Partial,     Failed,   Receipts, AvgBarcode, 
             Overall,     225758,          0,          0,     214461,      59.48, 
         Response times:
             Request,    Success,    Partial,     Failed,   SkipFail,     Probes,    Samples,      min,      p50,      p90,      p95,      p99,      max, 
       TotalPurchase,     214461,          0,          0,          0,     206970,     231891,      300,     2800,     4700,     6000,    58000,   940000,
     InStorePurchase,     112831,          0,          0,          0,     109139,     122101,      300,     2900,     4700,     6100,    58000,   930000,
      OnlinePurchase,      79063,          0,          0,          0,      76313,      85403,      300,     2900,     4700,     6000,    58000,   940000,
        InstPurchase,      22567,          0,          0,          0,      21518,      24387,      400,     2500,     4600,     5600,    59000,   940000,
          AssocOfCat,        226,          0,          0,          0,        167,        269,    17700,    28000,    36000,    48000,   104500,   146000,
      AssocOfProduct,       2257,          0,          0,          0,       2033,       2444,      900,     3600,     5050,     6800,    49000,   105000,
      BusinessReport,        566,          0,          0,          0,        463,        587,    24000,    32000,    41200,    50000,   101480,   140000,
          CustBuyBeh,       2248,          0,          0,          0,       2005,       2396,      300,     1900,     2900,     4000,    35000,    36000,
       ProductReturn,       6000,          0,          0,          0,       5736,       6639,      200,     2900,     4400,     5500,    50600,   930000,

  2690s: (28%)   IR =   3874 [2690.757s][info][gc,start       ] GC(555) Pause Young (Allocation Failure)
[2690.854s][info][gc,heap        ] GC(555) PSYoungGen: 2607520K(2626560K)->153236K(2626048K) Eden: 2460160K(2460160K)->0K(2460160K) From: 147360K(166400K)->153236K(165888K)
[2690.854s][info][gc,heap        ] GC(555) ParOldGen: 2122484K(2122752K)->2227388K(2227712K)
[2690.854s][info][gc,metaspace   ] GC(555) Metaspace: 29084K(29376K)->29084K(29376K) NonClass: 25982K(26112K)->25982K(26112K) Class: 3102K(3264K)->3102K(3264K)
[2690.854s][info][gc             ] GC(555) Pause Young (Allocation Failure) 4619M->2324M(4740M) 96.431ms
[2690.854s][info][gc,cpu         ] GC(555) User=0.53s Sys=0.04s Real=0.09s
....|[2695.177s][info][gc,start       ] GC(556) Pause Young (Allocation Failure)
[2695.272s][info][gc,heap        ] GC(556) PSYoungGen: 2613396K(2626048K)->147008K(2629120K) Eden: 2460160K(2460160K)->0K(2464256K) From: 153236K(165888K)->147008K(164864K)
[2695.272s][info][gc,heap        ] GC(556) ParOldGen: 2227388K(2227712K)->2332180K(2332672K)
[2695.272s][info][gc,metaspace   ] GC(556) Metaspace: 29084K(29376K)->29084K(29376K) NonClass: 25982K(26112K)->25982K(26112K) Class: 3102K(3264K)->3102K(3264K)
[2695.272s][info][gc             ] GC(556) Pause Young (Allocation Failure) 4727M->2421M(4845M) 94.721ms
[2695.272s][info][gc,cpu         ] GC(556) User=0.52s Sys=0.03s Real=0.09s
....[2699.630s][info][gc,start       ] GC(557) Pause Young (Allocation Failure)
[2699.726s][info][gc,heap        ] GC(557) PSYoungGen: 2611264K(2629120K)->149312K(2628608K) Eden: 2464256K(2464256K)->0K(2464256K) From: 147008K(164864K)->149312K(164352K)
[2699.726s][info][gc,heap        ] GC(557) ParOldGen: 2332180K(2332672K)->2436276K(2436608K)
[2699.726s][info][gc,metaspace   ] GC(557) Metaspace: 29084K(29376K)->29084K(29376K) NonClass: 25982K(26112K)->25982K(26112K) Class: 3102K(3264K)->3102K(3264K)
[2699.726s][info][gc             ] GC(557) Pause Young (Allocation Failure) 4827M->2524M(4946M) 95.361ms
[2699.726s][info][gc,cpu         ] GC(557) User=0.52s Sys=0.04s Real=0.10s
.....[2704.127s][info][gc,start       ] GC(558) Pause Young (Allocation Failure)
[2704.227s][info][gc,heap        ] GC(558) PSYoungGen: 2613568K(2628608K)->159984K(2628096K) Eden: 2464256K(2464256K)->0K(2464768K) From: 149312K(164352K)->159984K(163328K)
[2704.227s][info][gc,heap        ] GC(558) ParOldGen: 2436276K(2436608K)->2540844K(2541056K)
[2704.227s][info][gc,metaspace   ] GC(558) Metaspace: 29084K(29376K)->29084K(29376K) NonClass: 25982K(26112K)->25982K(26112K) Class: 3102K(3264K)->3102K(3264K)
[2704.227s][info][gc             ] GC(558) Pause Young (Allocation Failure) 4931M->2637M(5048M) 100.294ms
[2704.227s][info][gc,cpu         ] GC(558) User=0.55s Sys=0.04s Real=0.10s
....[2708.570s][info][gc,start       ] GC(559) Pause Young (Allocation Failure)
[2708.666s][info][gc,heap        ] GC(559) PSYoungGen: 2624752K(2628096K)->150464K(2630144K) Eden: 2464768K(2464768K)->0K(2464768K) From: 159984K(163328K)->150464K(165376K)
[2708.666s][info][gc,heap        ] GC(559) ParOldGen: 2540844K(2541056K)->2646068K(2646528K)
[2708.666s][info][gc,metaspace   ] GC(559) Metaspace: 29084K(29376K)->29084K(29376K) NonClass: 25982K(26112K)->25982K(26112K) Class: 3102K(3264K)->3102K(3264K)
[2708.666s][info][gc             ] GC(559) Pause Young (Allocation Failure) 5044M->2730M(5153M) 96.352ms
[2708.667s][info][gc,cpu         ] GC(559) User=0.53s Sys=0.03s Real=0.10s
.....[2712.975s][info][gc,start       ] GC(560) Pause Young (Allocation Failure)
[2713.071s][info][gc,heap        ] GC(560) PSYoungGen: 2615232K(2630144K)->150688K(2627584K) Eden: 2464768K(2464768K)->0K(2466304K) From: 150464K(165376K)->150688K(161280K)
[2713.071s][info][gc,heap        ] GC(560) ParOldGen: 2646068K(2646528K)->2750900K(2750976K)
[2713.072s][info][gc,metaspace   ] GC(560) Metaspace: 29084K(29376K)->29084K(29376K) NonClass: 25982K(26112K)->25982K(26112K) Class: 3102K(3264K)->3102K(3264K)
[2713.072s][info][gc             ] GC(560) Pause Young (Allocation Failure) 5137M->2833M(5252M) 96.412ms
[2713.072s][info][gc,cpu         ] GC(560) User=0.53s Sys=0.04s Real=0.09s
....[2717.435s][info][gc,start       ] GC(561) Pause Young (Allocation Failure)
[2717.534s][info][gc,heap        ] GC(561) PSYoungGen: 2616992K(2627584K)->154596K(2629632K) Eden: 2466304K(2466304K)->0K(2466304K) From: 150688K(161280K)->154596K(163328K)
[2717.534s][info][gc,heap        ] GC(561) ParOldGen: 2750900K(2750976K)->2855388K(2855424K)
[2717.534s][info][gc,metaspace   ] GC(561) Metaspace: 29084K(29376K)->29084K(29376K) NonClass: 25982K(26112K)->25982K(26112K) Class: 3102K(3264K)->3102K(3264K)
[2717.534s][info][gc             ] GC(561) Pause Young (Allocation Failure) 5242M->2939M(5356M) 99.791ms
[2717.534s][info][gc,cpu         ] GC(561) User=0.56s Sys=0.03s Real=0.09s
.....[2721.918s][info][gc,start       ] GC(562) Pause Young (Allocation Failure)
[2722.016s][info][gc,heap        ] GC(562) PSYoungGen: 2620900K(2629632K)->153664K(2631680K) Eden: 2466304K(2466304K)->0K(2469376K) From: 154596K(163328K)->153664K(162304K)
[2722.016s][info][gc,heap        ] GC(562) ParOldGen: 2855388K(2855424K)->2959292K(2959360K)
[2722.016s][info][gc,metaspace   ] GC(562) Metaspace: 29084K(29376K)->29084K(29376K) NonClass: 25982K(26112K)->25982K(26112K) Class: 3102K(3264K)->3102K(3264K)
[2722.016s][info][gc             ] GC(562) Pause Young (Allocation Failure) 5347M->3039M(5460M) 98.199ms
[2722.016s][info][gc,cpu         ] GC(562) User=0.55s Sys=0.03s Real=0.10s
....[2726.290s][info][gc,start       ] GC(563) Pause Young (Allocation Failure)
[2726.385s][info][gc,heap        ] GC(563) PSYoungGen: 2623040K(2631680K)->146144K(2632192K) Eden: 2469376K(2469376K)->0K(2469376K) From: 153664K(162304K)->146144K(162816K)
[2726.385s][info][gc,heap        ] GC(563) ParOldGen: 2959292K(2959360K)->3065908K(3066368K)
[2726.385s][info][gc,metaspace   ] GC(563) Metaspace: 29084K(29376K)->29084K(29376K) NonClass: 25982K(26112K)->25982K(26112K) Class: 3102K(3264K)->3102K(3264K)
[2726.385s][info][gc             ] GC(563) Pause Young (Allocation Failure) 5451M->3136M(5565M) 95.147ms
[2726.385s][info][gc,cpu         ] GC(563) User=0.52s Sys=0.03s Real=0.10s
.....[2730.788s][info][gc,start       ] GC(564) Pause Young (Allocation Failure)
[2730.885s][info][gc,heap        ] GC(564) PSYoungGen: 2615520K(2632192K)->153952K(2633216K) Eden: 2469376K(2469376K)->0K(2470400K) From: 146144K(162816K)->153952K(162816K)
[2730.885s][info][gc,heap        ] GC(564) ParOldGen: 3065908K(3066368K)->3169428K(3169792K)
[2730.885s][info][gc,metaspace   ] GC(564) Metaspace: 29084K(29376K)->29084K(29376K) NonClass: 25982K(26112K)->25982K(26112K) Class: 3102K(3264K)->3102K(3264K)
[2730.885s][info][gc             ] GC(564) Pause Young (Allocation Failure) 5548M->3245M(5667M) 97.103ms
[2730.885s][info][gc,cpu         ] GC(564) User=0.54s Sys=0.03s Real=0.10s
....[2735.207s][info][gc,start       ] GC(565) Pause Young (Allocation Failure)
[2735.316s][info][gc,heap        ] GC(565) PSYoungGen: 2624352K(2633216K)->162812K(2633216K) Eden: 2470400K(2470400K)->0K(2470400K) From: 153952K(162816K)->162812K(162816K)
[2735.316s][info][gc,heap        ] GC(565) ParOldGen: 3169428K(3169792K)->3283476K(3283968K)
[2735.316s][info][gc,metaspace   ] GC(565) Metaspace: 29084K(29376K)->29084K(29376K) NonClass: 25982K(26112K)->25982K(26112K) Class: 3102K(3264K)->3102K(3264K)
[2735.316s][info][gc             ] GC(565) Pause Young (Allocation Failure) 5657M->3365M(5778M) 108.937ms
[2735.316s][info][gc,cpu         ] GC(565) User=0.60s Sys=0.04s Real=0.11s
....[2739.663s][info][gc,start       ] GC(566) Pause Young (Allocation Failure)
[2739.757s][info][gc,heap        ] GC(566) PSYoungGen: 2633212K(2633216K)->150752K(2547200K) Eden: 2470400K(2470400K)->0K(2384384K) From: 162812K(162816K)->150752K(162816K)
[2739.757s][info][gc,heap        ] GC(566) ParOldGen: 3283476K(3283968K)->3381204K(3381248K)
[2739.757s][info][gc,metaspace   ] GC(566) Metaspace: 29084K(29376K)->29084K(29376K) NonClass: 25982K(26112K)->25982K(26112K) Class: 3102K(3264K)->3102K(3264K)
[2739.757s][info][gc             ] GC(566) Pause Young (Allocation Failure) 5778M->3449M(5789M) 94.037ms
[2739.757s][info][gc,cpu         ] GC(566) User=0.52s Sys=0.03s Real=0.10s
.....[2744.039s][info][gc,start       ] GC(567) Pause Young (Allocation Failure)
[2744.137s][info][gc,heap        ] GC(567) PSYoungGen: 2535136K(2547200K)->151296K(2590208K) Eden: 2384384K(2384384K)->0K(2384384K) From: 150752K(162816K)->151296K(205824K)
[2744.138s][info][gc,heap        ] GC(567) ParOldGen: 3381204K(3381248K)->3487660K(3487744K)
[2744.138s][info][gc,metaspace   ] GC(567) Metaspace: 29084K(29376K)->29084K(29376K) NonClass: 25982K(26112K)->25982K(26112K) Class: 3102K(3264K)->3102K(3264K)
[2744.138s][info][gc             ] GC(567) Pause Young (Allocation Failure) 5777M->3553M(5935M) 98.768ms
[2744.138s][info][gc,cpu         ] GC(567) User=0.55s Sys=0.03s Real=0.10s
....[2748.338s][info][gc,start       ] GC(568) Pause Young (Allocation Failure)
[2748.433s][info][gc,heap        ] GC(568) PSYoungGen: 2535680K(2590208K)->145568K(2585600K) Eden: 2384384K(2384384K)->0K(2386944K) From: 151296K(205824K)->145568K(198656K)
[2748.433s][info][gc,heap        ] GC(568) ParOldGen: 3487660K(3487744K)->3592444K(3592704K)
[2748.433s][info][gc,metaspace   ] GC(568) Metaspace: 29085K(29376K)->29085K(29376K) NonClass: 25983K(26112K)->25983K(26112K) Class: 3102K(3264K)->3102K(3264K)
[2748.433s][info][gc             ] GC(568) Pause Young (Allocation Failure) 5882M->3650M(6033M) 94.761ms
[2748.433s][info][gc,cpu         ] GC(568) User=0.53s Sys=0.03s Real=0.09s
....[2752.644s][info][gc,start       ] GC(569) Pause Young (Allocation Failure)
[2752.741s][info][gc,heap        ] GC(569) PSYoungGen: 2532512K(2585600K)->148576K(2589184K) Eden: 2386944K(2386944K)->0K(2386944K) From: 145568K(198656K)->148576K(202240K)
[2752.741s][info][gc,heap        ] GC(569) ParOldGen: 3592444K(3592704K)->3696948K(3697152K)
[2752.741s][info][gc,metaspace   ] GC(569) Metaspace: 29085K(29376K)->29085K(29376K) NonClass: 25983K(26112K)->25983K(26112K) Class: 3102K(3264K)->3102K(3264K)
[2752.741s][info][gc             ] GC(569) Pause Young (Allocation Failure) 5981M->3755M(6139M) 96.985ms
[2752.741s][info][gc,cpu         ] GC(569) User=0.54s Sys=0.03s Real=0.10s
... (rIR:aIR:PR = 3874:3873:3873) (tPR = 57556) [OK] 
  2754s: Performance info:
         Transaction,    Success,    Partial,     Failed,   Receipts, AvgBarcode, 
             Overall,     232782,          0,          0,     221133,      59.47, 
         Response times:
             Request,    Success,    Partial,     Failed,   SkipFail,     Probes,    Samples,      min,      p50,      p90,      p95,      p99,      max, 
       TotalPurchase,     221133,          0,          0,          0,     216911,     232337,      300,     2900,     4700,     5500,    22000,   127000,
     InStorePurchase,     116365,          0,          0,          0,     114377,     122089,      300,     2900,     4700,     5500,    23000,   127000,
      OnlinePurchase,      81491,          0,          0,          0,      79905,      85680,      300,     2800,     4700,     5600,    21000,   127000,
        InstPurchase,      23277,          0,          0,          0,      22629,      24568,      400,     3100,     4700,     5600,    24000,   127000,
          AssocOfCat,        234,          0,          0,          0,        164,        233,    17600,    27000,    35000,    39600,   115320,   167000,
      AssocOfProduct,       2328,          0,          0,          0,       2115,       2408,      400,     3500,     4900,     5800,    28000,   126000,
      BusinessReport,        582,          0,          0,          0,        484,        615,    24000,    31000,    40400,    47000,   125720,   168000,
          CustBuyBeh,       2327,          0,          0,          0,       2150,       2455,      300,     2800,     4700,     5300,    25000,   121000,
       ProductReturn,       6178,          0,          0,          0,       5889,       6580,      200,     2800,     4700,     5400,    19495,   127000,

  2754s: (29%)   IR =   4013 [2755.212s][info][gc,start       ] GC(570) Pause Full (Diagnostic Command)
[2755.212s][info][gc,phases,start] GC(570) Marking Phase
[2755.520s][info][gc,phases      ] GC(570) Marking Phase 307.804ms
[2755.520s][info][gc,phases,start] GC(570) Summary Phase
[2755.520s][info][gc,phases      ] GC(570) Summary Phase 0.073ms
[2755.520s][info][gc,phases,start] GC(570) Forward
[2755.698s][info][gc,phases      ] GC(570) Forward 178.183ms
[2755.698s][info][gc,phases,start] GC(570) Adjust Pointers
[2755.918s][info][gc,phases      ] GC(570) Adjust Pointers 220.516ms
[2755.919s][info][gc,phases,start] GC(570) Compaction Phase
[2756.110s][info][gc,phases      ] GC(570) Compaction Phase 191.893ms
[2756.113s][info][gc,phases,start] GC(570) Post Compact
[2756.118s][info][gc,phases      ] GC(570) Post Compact 4.622ms
[2756.118s][info][gc,heap        ] GC(570) PSYoungGen: 1608725K(2589184K)->0K(2589184K) Eden: 1460149K(2386944K)->0K(2386944K) From: 148576K(202240K)->0K(202240K)
[2756.118s][info][gc,heap        ] GC(570) ParOldGen: 3696948K(3697152K)->1324320K(3697152K)
[2756.118s][info][gc,metaspace   ] GC(570) Metaspace: 29085K(29376K)->29085K(29376K) NonClass: 25983K(26112K)->25983K(26112K) Class: 3102K(3264K)->3102K(3264K)
[2756.118s][info][gc             ] GC(570) Pause Full (Diagnostic Command) 5181M->1293M(6139M) 905.857ms
[2756.118s][info][gc,cpu         ] GC(570) User=4.78s Sys=0.00s Real=0.91s
....[2759.440s][info][gc,start       ] GC(571) Pause Young (Allocation Failure)
[2759.503s][info][gc,heap        ] GC(571) PSYoungGen: 2386944K(2589184K)->152848K(2586624K) Eden: 2386944K(2386944K)->0K(2394112K) From: 0K(202240K)->152848K(192512K)
[2759.503s][info][gc,heap        ] GC(571) ParOldGen: 1324320K(3697152K)->1324320K(3697152K)
[2759.503s][info][gc,metaspace   ] GC(571) Metaspace: 29085K(29376K)->29085K(29376K) NonClass: 25983K(26112K)->25983K(26112K) Class: 3102K(3264K)->3102K(3264K)
[2759.503s][info][gc             ] GC(571) Pause Young (Allocation Failure) 3624M->1442M(6136M) 62.620ms
[2759.503s][info][gc,cpu         ] GC(571) User=0.37s Sys=0.00s Real=0.06s
....[2763.561s][info][gc,start       ] GC(572) Pause Young (Allocation Failure)
[2763.650s][info][gc,heap        ] GC(572) PSYoungGen: 2546960K(2586624K)->144736K(2590720K) Eden: 2394112K(2394112K)->0K(2394112K) From: 152848K(192512K)->144736K(196608K)
[2763.650s][info][gc,heap        ] GC(572) ParOldGen: 1324320K(3697152K)->1434444K(3697152K)
[2763.650s][info][gc,metaspace   ] GC(572) Metaspace: 29085K(29376K)->29085K(29376K) NonClass: 25983K(26112K)->25983K(26112K) Class: 3102K(3264K)->3102K(3264K)
[2763.650s][info][gc             ] GC(572) Pause Young (Allocation Failure) 3780M->1542M(6140M) 89.769ms
[2763.651s][info][gc,cpu         ] GC(572) User=0.54s Sys=0.00s Real=0.09s
....[2767.668s][info][gc,start       ] GC(573) Pause Young (Allocation Failure)
[2767.757s][info][gc,heap        ] GC(573) PSYoungGen: 2538848K(2590720K)->143904K(2594816K) Eden: 2394112K(2394112K)->0K(2404352K) From: 144736K(196608K)->143904K(190464K)
[2767.757s][info][gc,heap        ] GC(573) ParOldGen: 1434444K(3697152K)->1536980K(3697152K)
[2767.757s][info][gc,metaspace   ] GC(573) Metaspace: 29085K(29376K)->29085K(29376K) NonClass: 25983K(26112K)->25983K(26112K) Class: 3102K(3264K)->3102K(3264K)
[2767.757s][info][gc             ] GC(573) Pause Young (Allocation Failure) 3880M->1641M(6144M) 88.230ms
[2767.757s][info][gc,cpu         ] GC(573) User=0.53s Sys=0.00s Real=0.09s
....[2771.880s][info][gc,start       ] GC(574) Pause Young (Allocation Failure)
[2771.969s][info][gc,heap        ] GC(574) PSYoungGen: 2548256K(2594816K)->149920K(2597888K) Eden: 2404352K(2404352K)->0K(2404352K) From: 143904K(190464K)->149920K(193536K)
[2771.969s][info][gc,heap        ] GC(574) ParOldGen: 1536980K(3697152K)->1637500K(3697152K)
[2771.969s][info][gc,metaspace   ] GC(574) Metaspace: 29085K(29376K)->29085K(29376K) NonClass: 25983K(26112K)->25983K(26112K) Class: 3102K(3264K)->3102K(3264K)
[2771.969s][info][gc             ] GC(574) Pause Young (Allocation Failure) 3989M->1745M(6147M) 89.056ms
[2771.969s][info][gc,cpu         ] GC(574) User=0.52s Sys=0.00s Real=0.09s
.....[2776.146s][info][gc,start       ] GC(575) Pause Young (Allocation Failure)
[2776.239s][info][gc,heap        ] GC(575) PSYoungGen: 2554272K(2597888K)->156133K(2595840K) Eden: 2404352K(2404352K)->0K(2411520K) From: 149920K(193536K)->156133K(184320K)
[2776.239s][info][gc,heap        ] GC(575) ParOldGen: 1637500K(3697152K)->1742004K(3697152K)
[2776.239s][info][gc,metaspace   ] GC(575) Metaspace: 29085K(29376K)->29085K(29376K) NonClass: 25983K(26112K)->25983K(26112K) Class: 3102K(3264K)->3102K(3264K)
[2776.239s][info][gc             ] GC(575) Pause Young (Allocation Failure) 4093M->1853M(6145M) 93.022ms
[2776.239s][info][gc,cpu         ] GC(575) User=0.56s Sys=0.00s Real=0.09s
...|.[2780.359s][info][gc,start       ] GC(576) Pause Young (Allocation Failure)
[2780.452s][info][gc,heap        ] GC(576) PSYoungGen: 2567653K(2595840K)->153285K(2599424K) Eden: 2411520K(2411520K)->0K(2411520K) From: 156133K(184320K)->153285K(187904K)
[2780.452s][info][gc,heap        ] GC(576) ParOldGen: 1742004K(3697152K)->1845756K(3697152K)
[2780.452s][info][gc,metaspace   ] GC(576) Metaspace: 29085K(29376K)->29085K(29376K) NonClass: 25983K(26112K)->25983K(26112K) Class: 3102K(3264K)->3102K(3264K)
[2780.452s][info][gc             ] GC(576) Pause Young (Allocation Failure) 4208M->1952M(6149M) 92.917ms
[2780.452s][info][gc,cpu         ] GC(576) User=0.55s Sys=0.00s Real=0.09s
....[2784.513s][info][gc,start       ] GC(577) Pause Young (Allocation Failure)
[2784.605s][info][gc,heap        ] GC(577) PSYoungGen: 2564805K(2599424K)->151508K(2602496K) Eden: 2411520K(2411520K)->0K(2423296K) From: 153285K(187904K)->151508K(179200K)
[2784.605s][info][gc,heap        ] GC(577) ParOldGen: 1845756K(3697152K)->1950852K(3697152K)
[2784.605s][info][gc,metaspace   ] GC(577) Metaspace: 29085K(29376K)->29085K(29376K) NonClass: 25983K(26112K)->25983K(26112K) Class: 3102K(3264K)->3102K(3264K)
[2784.605s][info][gc             ] GC(577) Pause Young (Allocation Failure) 4307M->2053M(6152M) 92.271ms
[2784.605s][info][gc,cpu         ] GC(577) User=0.55s Sys=0.00s Real=0.10s
....[2788.786s][info][gc,start       ] GC(578) Pause Young (Allocation Failure)
[2788.876s][info][gc,heap        ] GC(578) PSYoungGen: 2574804K(2602496K)->151616K(2605568K) Eden: 2423296K(2423296K)->0K(2423296K) From: 151508K(179200K)->151616K(182272K)
[2788.876s][info][gc,heap        ] GC(578) ParOldGen: 1950852K(3697152K)->2052676K(3697152K)
[2788.876s][info][gc,metaspace   ] GC(578) Metaspace: 29085K(29376K)->29085K(29376K) NonClass: 25983K(26112K)->25983K(26112K) Class: 3102K(3264K)->3102K(3264K)
[2788.876s][info][gc             ] GC(578) Pause Young (Allocation Failure) 4419M->2152M(6155M) 90.587ms
[2788.876s][info][gc,cpu         ] GC(578) User=0.54s Sys=0.00s Real=0.09s
....[2793.078s][info][gc,start       ] GC(579) Pause Young (Allocation Failure)
[2793.171s][info][gc,heap        ] GC(579) PSYoungGen: 2574912K(2605568K)->151904K(2608640K) Eden: 2423296K(2423296K)->0K(2433536K) From: 151616K(182272K)->151904K(175104K)
[2793.171s][info][gc,heap        ] GC(579) ParOldGen: 2052676K(3697152K)->2157284K(3697152K)
[2793.171s][info][gc,metaspace   ] GC(579) Metaspace: 29085K(29376K)->29085K(29376K) NonClass: 25983K(26112K)->25983K(26112K) Class: 3102K(3264K)->3102K(3264K)
[2793.171s][info][gc             ] GC(579) Pause Young (Allocation Failure) 4519M->2255M(6158M) 92.453ms
[2793.171s][info][gc,cpu         ] GC(579) User=0.55s Sys=0.00s Real=0.09s
.....[2797.245s][info][gc,start       ] GC(580) Pause Young (Allocation Failure)
[2797.334s][info][gc,heap        ] GC(580) PSYoungGen: 2585440K(2608640K)->143424K(2611712K) Eden: 2433536K(2433536K)->0K(2433536K) From: 151904K(175104K)->143424K(178176K)
[2797.334s][info][gc,heap        ] GC(580) ParOldGen: 2157284K(3697152K)->2262844K(3697152K)
[2797.334s][info][gc,metaspace   ] GC(580) Metaspace: 29085K(29376K)->29085K(29376K) NonClass: 25983K(26112K)->25983K(26112K) Class: 3102K(3264K)->3102K(3264K)
[2797.334s][info][gc             ] GC(580) Pause Young (Allocation Failure) 4631M->2349M(6161M) 89.597ms
[2797.334s][info][gc,cpu         ] GC(580) User=0.53s Sys=0.01s Real=0.08s
....[2801.454s][info][gc,start       ] GC(581) Pause Young (Allocation Failure)
[2801.545s][info][gc,heap        ] GC(581) PSYoungGen: 2576960K(2611712K)->148448K(2613248K) Eden: 2433536K(2433536K)->0K(2440192K) From: 143424K(178176K)->148448K(173056K)
[2801.545s][info][gc,heap        ] GC(581) ParOldGen: 2262844K(3697152K)->2363972K(3697152K)
[2801.545s][info][gc,metaspace   ] GC(581) Metaspace: 29085K(29376K)->29085K(29376K) NonClass: 25983K(26112K)->25983K(26112K) Class: 3102K(3264K)->3102K(3264K)
[2801.545s][info][gc             ] GC(581) Pause Young (Allocation Failure) 4726M->2453M(6162M) 90.548ms
[2801.545s][info][gc,cpu         ] GC(581) User=0.54s Sys=0.00s Real=0.10s
....[2805.773s][info][gc,start       ] GC(582) Pause Young (Allocation Failure)
[2805.866s][info][gc,heap        ] GC(582) PSYoungGen: 2588640K(2613248K)->155760K(2615808K) Eden: 2440192K(2440192K)->0K(2440192K) From: 148448K(173056K)->155760K(175616K)
[2805.867s][info][gc,heap        ] GC(582) ParOldGen: 2363972K(3697152K)->2468684K(3697152K)
[2805.867s][info][gc,metaspace   ] GC(582) Metaspace: 29085K(29376K)->29085K(29376K) NonClass: 25983K(26112K)->25983K(26112K) Class: 3102K(3264K)->3102K(3264K)
[2805.867s][info][gc             ] GC(582) Pause Young (Allocation Failure) 4836M->2562M(6165M) 93.055ms
[2805.867s][info][gc,cpu         ] GC(582) User=0.56s Sys=0.00s Real=0.10s
....[2810.018s][info][gc,start       ] GC(583) Pause Young (Allocation Failure)
[2810.114s][info][gc,heap        ] GC(583) PSYoungGen: 2595952K(2615808K)->160048K(2620416K) Eden: 2440192K(2440192K)->0K(2445824K) From: 155760K(175616K)->160048K(174592K)
[2810.114s][info][gc,heap        ] GC(583) ParOldGen: 2468684K(3697152K)->2573908K(3697152K)
[2810.114s][info][gc,metaspace   ] GC(583) Metaspace: 29085K(29376K)->29085K(29376K) NonClass: 25983K(26112K)->25983K(26112K) Class: 3102K(3264K)->3102K(3264K)
[2810.114s][info][gc             ] GC(583) Pause Young (Allocation Failure) 4945M->2669M(6169M) 95.426ms
[2810.114s][info][gc,cpu         ] GC(583) User=0.56s Sys=0.00s Real=0.09s
.....[2814.216s][info][gc,start       ] GC(584) Pause Young (Allocation Failure)
[2814.305s][info][gc,heap        ] GC(584) PSYoungGen: 2605872K(2620416K)->144928K(2620928K) Eden: 2445824K(2445824K)->0K(2445824K) From: 160048K(174592K)->144928K(175104K)
[2814.305s][info][gc,heap        ] GC(584) ParOldGen: 2573908K(3697152K)->2677892K(3697152K)
[2814.305s][info][gc,metaspace   ] GC(584) Metaspace: 29085K(29376K)->29085K(29376K) NonClass: 25983K(26112K)->25983K(26112K) Class: 3102K(3264K)->3102K(3264K)
[2814.305s][info][gc             ] GC(584) Pause Young (Allocation Failure) 5058M->2756M(6170M) 88.960ms
[2814.305s][info][gc,cpu         ] GC(584) User=0.53s Sys=0.00s Real=0.09s
....[2818.448s][info][gc,start       ] GC(585) Pause Young (Allocation Failure)
[2818.544s][info][gc,heap        ] GC(585) PSYoungGen: 2590752K(2620928K)->155541K(2618880K) Eden: 2445824K(2445824K)->0K(2446336K) From: 144928K(175104K)->155541K(172544K)
[2818.544s][info][gc,heap        ] GC(585) ParOldGen: 2677892K(3697152K)->2781348K(3697152K)
[2818.544s][info][gc,metaspace   ] GC(585) Metaspace: 29085K(29376K)->29085K(29376K) NonClass: 25983K(26112K)->25983K(26112K) Class: 3102K(3264K)->3102K(3264K)
[2818.544s][info][gc             ] GC(585) Pause Young (Allocation Failure) 5145M->2868M(6168M) 95.604ms
[2818.544s][info][gc,cpu         ] GC(585) User=0.56s Sys=0.00s Real=0.09s
....[2822.737s][info][gc,start       ] GC(586) Pause Young (Allocation Failure)
[2822.829s][info][gc,heap        ] GC(586) PSYoungGen: 2601877K(2618880K)->149024K(2619904K) Eden: 2446336K(2446336K)->0K(2446336K) From: 155541K(172544K)->149024K(173568K)
[2822.829s][info][gc,heap        ] GC(586) ParOldGen: 2781348K(3697152K)->2886340K(3697152K)
[2822.829s][info][gc,metaspace   ] GC(586) Metaspace: 29085K(29376K)->29085K(29376K) NonClass: 25983K(26112K)->25983K(26112K) Class: 3102K(3264K)->3102K(3264K)
[2822.829s][info][gc             ] GC(586) Pause Young (Allocation Failure) 5257M->2964M(6169M) 91.194ms
[2822.829s][info][gc,cpu         ] GC(586) User=0.54s Sys=0.00s Real=0.09s
....[2826.994s][info][gc,start       ] GC(587) Pause Young (Allocation Failure)
[2827.085s][info][gc,heap        ] GC(587) PSYoungGen: 2595360K(2619904K)->151456K(2619904K) Eden: 2446336K(2446336K)->0K(2450432K) From: 149024K(173568K)->151456K(169472K)
[2827.085s][info][gc,heap        ] GC(587) ParOldGen: 2886340K(3697152K)->2990116K(3697152K)
[2827.085s][info][gc,metaspace   ] GC(587) Metaspace: 29085K(29376K)->29085K(29376K) NonClass: 25983K(26112K)->25983K(26112K) Class: 3102K(3264K)->3102K(3264K)
[2827.085s][info][gc             ] GC(587) Pause Young (Allocation Failure) 5353M->3067M(6169M) 91.481ms
[2827.085s][info][gc,cpu         ] GC(587) User=0.55s Sys=0.00s Real=0.10s
.....[2831.366s][info][gc,start       ] GC(588) Pause Young (Allocation Failure)
[2831.457s][info][gc,heap        ] GC(588) PSYoungGen: 2601888K(2619904K)->149984K(2620928K) Eden: 2450432K(2450432K)->0K(2450432K) From: 151456K(169472K)->149984K(170496K)
[2831.457s][info][gc,heap        ] GC(588) ParOldGen: 2990116K(3697152K)->3094268K(3697152K)
[2831.457s][info][gc,metaspace   ] GC(588) Metaspace: 29085K(29376K)->29085K(29376K) NonClass: 25983K(26112K)->25983K(26112K) Class: 3102K(3264K)->3102K(3264K)
[2831.457s][info][gc             ] GC(588) Pause Young (Allocation Failure) 5460M->3168M(6170M) 91.734ms
[2831.458s][info][gc,cpu         ] GC(588) User=0.54s Sys=0.00s Real=0.09s
....[2835.495s][info][gc,start       ] GC(589) Pause Young (Allocation Failure)
[2835.585s][info][gc,heap        ] GC(589) PSYoungGen: 2600416K(2620928K)->144928K(2625024K) Eden: 2450432K(2450432K)->0K(2456576K) From: 149984K(170496K)->144928K(168448K)
[2835.585s][info][gc,heap        ] GC(589) ParOldGen: 3094268K(3697152K)->3202636K(3697152K)
[2835.585s][info][gc,metaspace   ] GC(589) Metaspace: 29085K(29376K)->29085K(29376K) NonClass: 25983K(26112K)->25983K(26112K) Class: 3102K(3264K)->3102K(3264K)
[2835.585s][info][gc             ] GC(589) Pause Young (Allocation Failure) 5561M->3269M(6174M) 90.422ms
[2835.585s][info][gc,cpu         ] GC(589) User=0.54s Sys=0.00s Real=0.09s
.... (rIR:aIR:PR = 4013:4013:4013) (tPR = 60282) [OK] 
  2839s: Performance info:
         Transaction,    Success,    Partial,     Failed,   Receipts, AvgBarcode, 
             Overall,     241030,          0,          0,     228985,      59.48, 
         Response times:
             Request,    Success,    Partial,     Failed,   SkipFail,     Probes,    Samples,      min,      p50,      p90,      p95,      p99,      max, 
       TotalPurchase,     228975,          0,          0,          0,     225358,     320858,      300,     3000,     5100,     6800,   269000,   445000,
     InStorePurchase,     120506,          0,          0,          0,     118849,     168823,      300,     3000,     5000,     6700,   277000,   445000,
      OnlinePurchase,      84391,          0,          0,          0,      83179,     118385,      300,     3000,     5100,     6900,   269000,   441000,
        InstPurchase,      24078,          0,          0,          0,      23330,      33650,      400,     3000,     5100,     6800,   252000,   445000,
          AssocOfCat,        240,          0,          0,          0,        184,        343,    18200,    27000,    38000,    53800,   272000,   272000,
      AssocOfProduct,       2413,          0,          0,          0,       2232,       3358,      600,     3600,     5400,     8315,   284000,   412000,
      BusinessReport,        606,          0,          0,          0,        526,        843,    23000,    32000,    44000,    51000,   163960,   970000,
          CustBuyBeh,       2398,          0,          0,          0,       2164,       3308,      200,     2700,     4200,     5600,   229930,   384000,
       ProductReturn,       6389,          0,          0,          0,       6103,       9041,      200,     2400,     4500,     6200,   284000,   418000,

  2839s: (30%)   IR =   4151 [2839.717s][info][gc,start       ] GC(590) Pause Young (Allocation Failure)
[2839.812s][info][gc,heap        ] GC(590) PSYoungGen: 2601504K(2625024K)->155444K(2625024K) Eden: 2456576K(2456576K)->0K(2456576K) From: 144928K(168448K)->155444K(168448K)
[2839.812s][info][gc,heap        ] GC(590) ParOldGen: 3202636K(3697152K)->3305844K(3697152K)
[2839.812s][info][gc,metaspace   ] GC(590) Metaspace: 29086K(29376K)->29086K(29376K) NonClass: 25983K(26112K)->25983K(26112K) Class: 3102K(3264K)->3102K(3264K)
[2839.812s][info][gc             ] GC(590) Pause Young (Allocation Failure) 5668M->3380M(6174M) 95.021ms
[2839.812s][info][gc,cpu         ] GC(590) User=0.57s Sys=0.01s Real=0.09s
....[2843.872s][info][gc,start       ] GC(591) Pause Young (Allocation Failure)
[2843.965s][info][gc,heap        ] GC(591) PSYoungGen: 2612020K(2625024K)->152512K(2624512K) Eden: 2456576K(2456576K)->0K(2459136K) From: 155444K(168448K)->152512K(165376K)
[2843.965s][info][gc,heap        ] GC(591) ParOldGen: 3305844K(3697152K)->3408604K(3697152K)
[2843.965s][info][gc,metaspace   ] GC(591) Metaspace: 29086K(29376K)->29086K(29376K) NonClass: 25983K(26112K)->25983K(26112K) Class: 3102K(3264K)->3102K(3264K)
[2843.965s][info][gc             ] GC(591) Pause Young (Allocation Failure) 5779M->3477M(6173M) 92.543ms
[2843.965s][info][gc,cpu         ] GC(591) User=0.55s Sys=0.00s Real=0.10s
..|..[2848.126s][info][gc,start       ] GC(592) Pause Young (Allocation Failure)
[2848.221s][info][gc,heap        ] GC(592) PSYoungGen: 2611648K(2624512K)->155200K(2626048K) Eden: 2459136K(2459136K)->0K(2459136K) From: 152512K(165376K)->155200K(166912K)
[2848.221s][info][gc,heap        ] GC(592) ParOldGen: 3408604K(3697152K)->3513116K(3697152K)
[2848.221s][info][gc,metaspace   ] GC(592) Metaspace: 29086K(29376K)->29086K(29376K) NonClass: 25983K(26112K)->25983K(26112K) Class: 3102K(3264K)->3102K(3264K)
[2848.221s][info][gc             ] GC(592) Pause Young (Allocation Failure) 5879M->3582M(6175M) 94.665ms
[2848.221s][info][gc,cpu         ] GC(592) User=0.56s Sys=0.00s Real=0.09s
.....[2852.281s][info][gc,start       ] GC(593) Pause Young (Allocation Failure)
[2852.376s][info][gc,heap        ] GC(593) PSYoungGen: 2614336K(2626048K)->150400K(2626048K) Eden: 2459136K(2459136K)->0K(2462208K) From: 155200K(166912K)->150400K(163840K)
[2852.376s][info][gc,heap        ] GC(593) ParOldGen: 3513116K(3697152K)->3619644K(3697152K)
[2852.376s][info][gc,metaspace   ] GC(593) Metaspace: 29086K(29376K)->29086K(29376K) NonClass: 25983K(26112K)->25983K(26112K) Class: 3102K(3264K)->3102K(3264K)
[2852.376s][info][gc             ] GC(593) Pause Young (Allocation Failure) 5983M->3681M(6175M) 95.398ms
[2852.376s][info][gc,cpu         ] GC(593) User=0.56s Sys=0.00s Real=0.10s
....[2856.342s][info][gc,start       ] GC(594) Pause Young (Allocation Failure)
[2856.435s][info][gc,heap        ] GC(594) PSYoungGen: 2612603K(2626048K)->145600K(2627584K) Eden: 2462203K(2462208K)->0K(2462208K) From: 150400K(163840K)->145600K(165376K)
[2856.435s][info][gc,heap        ] GC(594) ParOldGen: 3619644K(3697152K)->3726020K(3726336K)
[2856.435s][info][gc,metaspace   ] GC(594) Metaspace: 29086K(29376K)->29086K(29376K) NonClass: 25983K(26112K)->25983K(26112K) Class: 3102K(3264K)->3102K(3264K)
[2856.435s][info][gc             ] GC(594) Pause Young (Allocation Failure) 6086M->3780M(6205M) 92.936ms
[2856.435s][info][gc,cpu         ] GC(594) User=0.53s Sys=0.02s Real=0.10s
....[2860.412s][info][gc,start       ] GC(595) Pause Young (Allocation Failure)
[2860.508s][info][gc,heap        ] GC(595) PSYoungGen: 2607808K(2627584K)->145760K(2629632K) Eden: 2462208K(2462208K)->0K(2465280K) From: 145600K(165376K)->145760K(164352K)
[2860.508s][info][gc,heap        ] GC(595) ParOldGen: 3726020K(3726336K)->3828932K(3829248K)
[2860.508s][info][gc,metaspace   ] GC(595) Metaspace: 29086K(29376K)->29086K(29376K) NonClass: 25983K(26112K)->25983K(26112K) Class: 3102K(3264K)->3102K(3264K)
[2860.508s][info][gc             ] GC(595) Pause Young (Allocation Failure) 6185M->3881M(6307M) 95.711ms
[2860.508s][info][gc,cpu         ] GC(595) User=0.52s Sys=0.04s Real=0.10s
....[2864.588s][info][gc,start       ] GC(596) Pause Young (Allocation Failure)
[2864.684s][info][gc,heap        ] GC(596) PSYoungGen: 2611040K(2629632K)->151488K(2630144K) Eden: 2465280K(2465280K)->0K(2465280K) From: 145760K(164352K)->151488K(164864K)
[2864.684s][info][gc,heap        ] GC(596) ParOldGen: 3828932K(3829248K)->3931164K(3931648K)
[2864.684s][info][gc,metaspace   ] GC(596) Metaspace: 29086K(29376K)->29086K(29376K) NonClass: 25983K(26112K)->25983K(26112K) Class: 3102K(3264K)->3102K(3264K)
[2864.684s][info][gc             ] GC(596) Pause Young (Allocation Failure) 6289M->3986M(6408M) 96.643ms
[2864.684s][info][gc,cpu         ] GC(596) User=0.55s Sys=0.02s Real=0.09s
....[2868.730s][info][gc,start       ] GC(597) Pause Young (Allocation Failure)
[2868.829s][info][gc,heap        ] GC(597) PSYoungGen: 2616768K(2630144K)->154624K(2630656K) Eden: 2465280K(2465280K)->0K(2466816K) From: 151488K(164864K)->154624K(163840K)
[2868.829s][info][gc,heap        ] GC(597) ParOldGen: 3931164K(3931648K)->4037364K(4037632K)
[2868.829s][info][gc,metaspace   ] GC(597) Metaspace: 29086K(29376K)->29086K(29376K) NonClass: 25983K(26112K)->25983K(26112K) Class: 3102K(3264K)->3102K(3264K)
[2868.829s][info][gc             ] GC(597) Pause Young (Allocation Failure) 6394M->4093M(6512M) 99.361ms
[2868.829s][info][gc,cpu         ] GC(597) User=0.55s Sys=0.04s Real=0.10s
....[2872.892s][info][gc,start       ] GC(598) Pause Young (Allocation Failure)
[2872.991s][info][gc,heap        ] GC(598) PSYoungGen: 2621440K(2630656K)->157152K(2630656K) Eden: 2466816K(2466816K)->0K(2466816K) From: 154624K(163840K)->157152K(163840K)
[2872.991s][info][gc,heap        ] GC(598) ParOldGen: 4037364K(4037632K)->4141956K(4142080K)
[2872.991s][info][gc,metaspace   ] GC(598) Metaspace: 29086K(29376K)->29086K(29376K) NonClass: 25983K(26112K)->25983K(26112K) Class: 3102K(3264K)->3102K(3264K)
[2872.991s][info][gc             ] GC(598) Pause Young (Allocation Failure) 6502M->4198M(6614M) 99.536ms
[2872.991s][info][gc,cpu         ] GC(598) User=0.56s Sys=0.04s Real=0.10s
....[2877.076s][info][gc,start       ] GC(599) Pause Young (Allocation Failure)
[2877.177s][info][gc,heap        ] GC(599) PSYoungGen: 2623968K(2630656K)->157440K(2629120K) Eden: 2466816K(2466816K)->0K(2464256K) From: 157152K(163840K)->157440K(164864K)
[2877.177s][info][gc,heap        ] GC(599) ParOldGen: 4141956K(4142080K)->4247444K(4247552K)
[2877.177s][info][gc,metaspace   ] GC(599) Metaspace: 29086K(29376K)->29086K(29376K) NonClass: 25983K(26112K)->25983K(26112K) Class: 3102K(3264K)->3102K(3264K)
[2877.177s][info][gc             ] GC(599) Pause Young (Allocation Failure) 6607M->4301M(6715M) 100.562ms
[2877.177s][info][gc,cpu         ] GC(599) User=0.56s Sys=0.03s Real=0.10s
....[2881.203s][info][gc,start       ] GC(600) Pause Young (Allocation Failure)
[2881.301s][info][gc,heap        ] GC(600) PSYoungGen: 2621696K(2629120K)->151924K(2616320K) Eden: 2464256K(2464256K)->0K(2464256K) From: 157440K(164864K)->151924K(152064K)
[2881.301s][info][gc,heap        ] GC(600) ParOldGen: 4247444K(4247552K)->4353436K(4353536K)
[2881.301s][info][gc,metaspace   ] GC(600) Metaspace: 29086K(29376K)->29086K(29376K) NonClass: 25983K(26112K)->25983K(26112K) Class: 3102K(3264K)->3102K(3264K)
[2881.301s][info][gc             ] GC(600) Pause Young (Allocation Failure) 6708M->4399M(6806M) 98.006ms
[2881.301s][info][gc,cpu         ] GC(600) User=0.55s Sys=0.03s Real=0.10s
.....[2885.336s][info][gc,start       ] GC(601) Pause Young (Allocation Failure)
[2885.433s][info][gc,heap        ] GC(601) PSYoungGen: 2616180K(2616320K)->146912K(2629632K) Eden: 2464256K(2464256K)->0K(2465280K) From: 151924K(152064K)->146912K(164352K)
[2885.433s][info][gc,heap        ] GC(601) ParOldGen: 4353436K(4353536K)->4456892K(4456960K)
[2885.433s][info][gc,metaspace   ] GC(601) Metaspace: 29086K(29376K)->29086K(29376K) NonClass: 25983K(26112K)->25983K(26112K) Class: 3102K(3264K)->3102K(3264K)
[2885.433s][info][gc             ] GC(601) Pause Young (Allocation Failure) 6806M->4495M(6920M) 97.051ms
[2885.433s][info][gc,cpu         ] GC(601) User=0.53s Sys=0.04s Real=0.09s
....[2889.489s][info][gc,start       ] GC(602) Pause Young (Allocation Failure)
[2889.591s][info][gc,heap        ] GC(602) PSYoungGen: 2612192K(2629632K)->154852K(2629632K) Eden: 2465280K(2465280K)->0K(2465280K) From: 146912K(164352K)->154852K(164352K)
[2889.591s][info][gc,heap        ] GC(602) ParOldGen: 4456892K(4456960K)->4561348K(4561408K)
[2889.591s][info][gc,metaspace   ] GC(602) Metaspace: 29086K(29376K)->29086K(29376K) NonClass: 25983K(26112K)->25983K(26112K) Class: 3102K(3264K)->3102K(3264K)
[2889.591s][info][gc             ] GC(602) Pause Young (Allocation Failure) 6903M->4605M(7022M) 101.365ms
[2889.591s][info][gc,cpu         ] GC(602) User=0.56s Sys=0.03s Real=0.10s
....[2893.628s][info][gc,start       ] GC(603) Pause Young (Allocation Failure)
[2893.728s][info][gc,heap        ] GC(603) PSYoungGen: 2620132K(2629632K)->156820K(2630144K) Eden: 2465280K(2465280K)->0K(2466304K) From: 154852K(164352K)->156820K(163840K)
[2893.728s][info][gc,heap        ] GC(603) ParOldGen: 4561348K(4561408K)->4665860K(4666368K)
[2893.728s][info][gc,metaspace   ] GC(603) Metaspace: 29086K(29376K)->29086K(29376K) NonClass: 25983K(26112K)->25983K(26112K) Class: 3102K(3264K)->3102K(3264K)
[2893.728s][info][gc             ] GC(603) Pause Young (Allocation Failure) 7013M->4709M(7125M) 99.961ms
[2893.728s][info][gc,cpu         ] GC(603) User=0.55s Sys=0.04s Real=0.10s
....[2897.870s][info][gc,start       ] GC(604) Pause Young (Allocation Failure)
[2897.969s][info][gc,heap        ] GC(604) PSYoungGen: 2623124K(2630144K)->154688K(2631168K) Eden: 2466304K(2466304K)->0K(2466304K) From: 156820K(163840K)->154688K(164864K)
[2897.969s][info][gc,heap        ] GC(604) ParOldGen: 4665860K(4666368K)->4770156K(4770304K)
[2897.969s][info][gc,metaspace   ] GC(604) Metaspace: 29086K(29376K)->29086K(29376K) NonClass: 25983K(26112K)->25983K(26112K) Class: 3102K(3264K)->3102K(3264K)
[2897.969s][info][gc             ] GC(604) Pause Young (Allocation Failure) 7118M->4809M(7228M) 99.207ms
[2897.969s][info][gc,cpu         ] GC(604) User=0.57s Sys=0.02s Real=0.10s
....[2901.890s][info][gc,start       ] GC(605) Pause Young (Allocation Failure)
[2901.992s][info][gc,heap        ] GC(605) PSYoungGen: 2620992K(2631168K)->158740K(2629632K) Eden: 2466304K(2466304K)->0K(2465280K) From: 154688K(164864K)->158740K(164352K)
[2901.992s][info][gc,heap        ] GC(605) ParOldGen: 4770156K(4770304K)->4878068K(4878336K)
[2901.992s][info][gc,metaspace   ] GC(605) Metaspace: 29086K(29376K)->29086K(29376K) NonClass: 25983K(26112K)->25983K(26112K) Class: 3102K(3264K)->3102K(3264K)
[2901.992s][info][gc             ] GC(605) Pause Young (Allocation Failure) 7217M->4918M(7332M) 102.662ms
[2901.992s][info][gc,cpu         ] GC(605) User=0.57s Sys=0.04s Real=0.10s
.... (rIR:aIR:PR = 4151:4149:4149) (tPR = 61697) [OK] 
  2905s: Performance info:
         Transaction,    Success,    Partial,     Failed,   Receipts, AvgBarcode, 
             Overall,     249304,          0,          0,     236814,      59.48, 
         Response times:
             Request,    Success,    Partial,     Failed,   SkipFail,     Probes,    Samples,      min,      p50,      p90,      p95,      p99,      max, 
       TotalPurchase,     236814,          0,          0,          0,     231876,     256910,      300,     3100,     5100,     6100,    27000,   148000,
     InStorePurchase,     124632,          0,          0,          0,     122492,     135558,      300,     3200,     5200,     6200,    27000,   148000,
      OnlinePurchase,      87243,          0,          0,          0,      85291,      94445,      300,     3000,     5100,     6000,    27000,   148000,
        InstPurchase,      24939,          0,          0,          0,      24093,      26907,      400,     2700,     4700,     5700,    21000,   148000,
          AssocOfCat,        248,          0,          0,          0,        194,        290,    18000,    26000,    33000,    39000,    59010,   144000,
      AssocOfProduct,       2495,          0,          0,          0,       2292,       2711,      500,     2800,     4900,     5800,    31640,   111000,
      BusinessReport,        623,          0,          0,          0,        518,        657,    23000,    32000,    42000,    48000,   140100,   162000,
          CustBuyBeh,       2498,          0,          0,          0,       2279,       2724,      200,     3000,     5200,     6000,    25000,   109000,
       ProductReturn,       6626,          0,          0,          0,       6224,       7084,      200,     2500,     4300,     5275,    22000,   109000,

  2905s: (31%)   IR =   4289 [2906.111s][info][gc,start       ] GC(606) Pause Young (Allocation Failure)
[2906.210s][info][gc,heap        ] GC(606) PSYoungGen: 2624020K(2629632K)->154176K(2630656K) Eden: 2465280K(2465280K)->0K(2465280K) From: 158740K(164352K)->154176K(165376K)
[2906.210s][info][gc,heap        ] GC(606) ParOldGen: 4878068K(4878336K)->4980332K(4980736K)
[2906.210s][info][gc,metaspace   ] GC(606) Metaspace: 29086K(29376K)->29086K(29376K) NonClass: 25983K(26112K)->25983K(26112K) Class: 3102K(3264K)->3102K(3264K)
[2906.210s][info][gc             ] GC(606) Pause Young (Allocation Failure) 7326M->5014M(7433M) 98.874ms
[2906.210s][info][gc,cpu         ] GC(606) User=0.56s Sys=0.03s Real=0.10s
....[2910.157s][info][gc,start       ] GC(607) Pause Young (Allocation Failure)
[2910.259s][info][gc,heap        ] GC(607) PSYoungGen: 2619456K(2630656K)->156853K(2630656K) Eden: 2465280K(2465280K)->0K(2466304K) From: 154176K(165376K)->156853K(164352K)
[2910.259s][info][gc,heap        ] GC(607) ParOldGen: 4980332K(4980736K)->5085316K(5085696K)
[2910.259s][info][gc,metaspace   ] GC(607) Metaspace: 29086K(29376K)->29086K(29376K) NonClass: 25983K(26112K)->25983K(26112K) Class: 3102K(3264K)->3102K(3264K)
[2910.260s][info][gc             ] GC(607) Pause Young (Allocation Failure) 7421M->5119M(7535M) 102.905ms
[2910.260s][info][gc,cpu         ] GC(607) User=0.58s Sys=0.02s Real=0.10s
.|...[2914.121s][info][gc,start       ] GC(608) Pause Young (Allocation Failure)
[2914.223s][info][gc,heap        ] GC(608) PSYoungGen: 2623157K(2630656K)->156896K(2630656K) Eden: 2466304K(2466304K)->0K(2466304K) From: 156853K(164352K)->156896K(164352K)
[2914.223s][info][gc,heap        ] GC(608) ParOldGen: 5085316K(5085696K)->5191836K(5192192K)
[2914.223s][info][gc,metaspace   ] GC(608) Metaspace: 29086K(29376K)->29086K(29376K) NonClass: 25983K(26112K)->25983K(26112K) Class: 3102K(3264K)->3102K(3264K)
[2914.223s][info][gc             ] GC(608) Pause Young (Allocation Failure) 7527M->5223M(7639M) 101.941ms
[2914.223s][info][gc,cpu         ] GC(608) User=0.57s Sys=0.03s Real=0.10s
....[2918.143s][info][gc,start       ] GC(609) Pause Young (Allocation Failure)
[2918.243s][info][gc,heap        ] GC(609) PSYoungGen: 2623200K(2630656K)->156096K(2631168K) Eden: 2466304K(2466304K)->0K(2466816K) From: 156896K(164352K)->156096K(164352K)
[2918.243s][info][gc,heap        ] GC(609) ParOldGen: 5191836K(5192192K)->5294900K(5295104K)
[2918.243s][info][gc,metaspace   ] GC(609) Metaspace: 29086K(29376K)->29086K(29376K) NonClass: 25983K(26112K)->25983K(26112K) Class: 3102K(3264K)->3102K(3264K)
[2918.243s][info][gc             ] GC(609) Pause Young (Allocation Failure) 7631M->5323M(7740M) 100.252ms
[2918.243s][info][gc,cpu         ] GC(609) User=0.57s Sys=0.02s Real=0.10s
....[2922.220s][info][gc,start       ] GC(610) Pause Young (Allocation Failure)
[2922.320s][info][gc,heap        ] GC(610) PSYoungGen: 2622912K(2631168K)->149750K(2631168K) Eden: 2466816K(2466816K)->0K(2466816K) From: 156096K(164352K)->149750K(164352K)
[2922.320s][info][gc,heap        ] GC(610) ParOldGen: 5294900K(5295104K)->5400492K(5400576K)
[2922.320s][info][gc,metaspace   ] GC(610) Metaspace: 29086K(29376K)->29086K(29376K) NonClass: 25983K(26112K)->25983K(26112K) Class: 3102K(3264K)->3102K(3264K)
[2922.320s][info][gc             ] GC(610) Pause Young (Allocation Failure) 7732M->5420M(7843M) 100.151ms
[2922.320s][info][gc,cpu         ] GC(610) User=0.56s Sys=0.03s Real=0.10s
....[2926.242s][info][gc,start       ] GC(611) Pause Young (Allocation Failure)
[2926.341s][info][gc,heap        ] GC(611) PSYoungGen: 2616566K(2631168K)->149792K(2630656K) Eden: 2466816K(2466816K)->0K(2467328K) From: 149750K(164352K)->149792K(163328K)
[2926.341s][info][gc,heap        ] GC(611) ParOldGen: 5400492K(5400576K)->5506508K(5506560K)
[2926.341s][info][gc,metaspace   ] GC(611) Metaspace: 29086K(29376K)->29086K(29376K) NonClass: 25983K(26112K)->25983K(26112K) Class: 3102K(3264K)->3102K(3264K)
[2926.341s][info][gc             ] GC(611) Pause Young (Allocation Failure) 7829M->5523M(7946M) 98.932ms
[2926.341s][info][gc,cpu         ] GC(611) User=0.54s Sys=0.05s Real=0.10s
....[2930.187s][info][gc,start       ] GC(612) Pause Full (Allocation Failure)
[2930.187s][info][gc,phases,start] GC(612) Marking Phase
[2930.494s][info][gc,phases      ] GC(612) Marking Phase 307.524ms
[2930.495s][info][gc,phases,start] GC(612) Summary Phase
[2930.495s][info][gc,phases      ] GC(612) Summary Phase 0.094ms
[2930.495s][info][gc,phases,start] GC(612) Forward
[2930.611s][info][gc,phases      ] GC(612) Forward 116.746ms
[2930.611s][info][gc,phases,start] GC(612) Adjust Pointers
[2930.819s][info][gc,phases      ] GC(612) Adjust Pointers 207.901ms
[2930.819s][info][gc,phases,start] GC(612) Compaction Phase
[2930.965s][info][gc,phases      ] GC(612) Compaction Phase 145.655ms
[2930.966s][info][gc,phases,start] GC(612) Post Compact
[2930.973s][info][gc,phases      ] GC(612) Post Compact 6.950ms
[2931.095s][info][gc,heap        ] GC(612) PSYoungGen: 2617120K(2630656K)->0K(2631168K) Eden: 2467328K(2467328K)->0K(2467328K) From: 149792K(163328K)->0K(163840K)
[2931.095s][info][gc,heap        ] GC(612) ParOldGen: 5506508K(5506560K)->1599951K(1828864K)
[2931.095s][info][gc,metaspace   ] GC(612) Metaspace: 29086K(29376K)->29086K(29376K) NonClass: 25983K(26112K)->25983K(26112K) Class: 3102K(3264K)->3102K(3264K)
[2931.096s][info][gc             ] GC(612) Pause Full (Allocation Failure) 7933M->1562M(4355M) 908.575ms
[2931.096s][info][gc,cpu         ] GC(612) User=4.30s Sys=0.13s Real=0.91s
....[2934.235s][info][gc,start       ] GC(613) Pause Young (Allocation Failure)
[2934.296s][info][gc,heap        ] GC(613) PSYoungGen: 2467328K(2631168K)->148992K(2632192K) Eden: 2467328K(2467328K)->0K(2468352K) From: 0K(163840K)->148992K(163840K)
[2934.296s][info][gc,heap        ] GC(613) ParOldGen: 1599951K(1828864K)->1599951K(1828864K)
[2934.296s][info][gc,metaspace   ] GC(613) Metaspace: 29086K(29376K)->29086K(29376K) NonClass: 25983K(26112K)->25983K(26112K) Class: 3102K(3264K)->3102K(3264K)
[2934.296s][info][gc             ] GC(613) Pause Young (Allocation Failure) 3971M->1707M(4356M) 61.040ms
[2934.296s][info][gc,cpu         ] GC(613) User=0.36s Sys=0.00s Real=0.06s
....[2938.285s][info][gc,start       ] GC(614) Pause Young (Allocation Failure)
[2938.378s][info][gc,heap        ] GC(614) PSYoungGen: 2617344K(2632192K)->153504K(2621952K) Eden: 2468352K(2468352K)->0K(2468352K) From: 148992K(163840K)->153504K(153600K)
[2938.378s][info][gc,heap        ] GC(614) ParOldGen: 1599951K(1828864K)->1704903K(1828864K)
[2938.378s][info][gc,metaspace   ] GC(614) Metaspace: 29086K(29376K)->29086K(29376K) NonClass: 25983K(26112K)->25983K(26112K) Class: 3102K(3264K)->3102K(3264K)
[2938.378s][info][gc             ] GC(614) Pause Young (Allocation Failure) 4118M->1814M(4346M) 92.760ms
[2938.378s][info][gc,cpu         ] GC(614) User=0.55s Sys=0.00s Real=0.09s
....[2942.279s][info][gc,start       ] GC(615) Pause Young (Allocation Failure)
[2942.370s][info][gc,heap        ] GC(615) PSYoungGen: 2621856K(2621952K)->149088K(2631680K) Eden: 2468352K(2468352K)->0K(2468864K) From: 153504K(153600K)->149088K(162816K)
[2942.370s][info][gc,heap        ] GC(615) ParOldGen: 1704903K(1828864K)->1810415K(1828864K)
[2942.370s][info][gc,metaspace   ] GC(615) Metaspace: 29086K(29376K)->29086K(29376K) NonClass: 25983K(26112K)->25983K(26112K) Class: 3102K(3264K)->3102K(3264K)
[2942.370s][info][gc             ] GC(615) Pause Young (Allocation Failure) 4225M->1913M(4356M) 90.842ms
[2942.370s][info][gc,cpu         ] GC(615) User=0.54s Sys=0.00s Real=0.09s
....[2946.320s][info][gc,start       ] GC(616) Pause Young (Allocation Failure)
[2946.422s][info][gc,heap        ] GC(616) PSYoungGen: 2617952K(2631680K)->162186K(2631168K) Eden: 2468864K(2468864K)->0K(2468864K) From: 149088K(162816K)->162186K(162304K)
[2946.422s][info][gc,heap        ] GC(616) ParOldGen: 1810415K(1828864K)->1915791K(1915904K)
[2946.422s][info][gc,metaspace   ] GC(616) Metaspace: 29086K(29376K)->29086K(29376K) NonClass: 25983K(26112K)->25983K(26112K) Class: 3102K(3264K)->3102K(3264K)
[2946.422s][info][gc             ] GC(616) Pause Young (Allocation Failure) 4324M->2029M(4440M) 101.470ms
[2946.422s][info][gc,cpu         ] GC(616) User=0.59s Sys=0.02s Real=0.10s
....[2950.361s][info][gc,start       ] GC(617) Pause Young (Allocation Failure)
[2950.457s][info][gc,heap        ] GC(617) PSYoungGen: 2631050K(2631168K)->151360K(2631680K) Eden: 2468864K(2468864K)->0K(2466816K) From: 162186K(162304K)->151360K(164864K)
[2950.457s][info][gc,heap        ] GC(617) ParOldGen: 1915791K(1915904K)->2020679K(2020864K)
[2950.457s][info][gc,metaspace   ] GC(617) Metaspace: 29086K(29376K)->29086K(29376K) NonClass: 25983K(26112K)->25983K(26112K) Class: 3102K(3264K)->3102K(3264K)
[2950.457s][info][gc             ] GC(617) Pause Young (Allocation Failure) 4440M->2121M(4543M) 96.126ms
[2950.457s][info][gc,cpu         ] GC(617) User=0.54s Sys=0.03s Real=0.10s
....[2954.426s][info][gc,start       ] GC(618) Pause Young (Allocation Failure)
[2954.525s][info][gc,heap        ] GC(618) PSYoungGen: 2618176K(2631680K)->154016K(2620928K) Eden: 2466816K(2466816K)->0K(2466816K) From: 151360K(164864K)->154016K(154112K)
[2954.525s][info][gc,heap        ] GC(618) ParOldGen: 2020679K(2020864K)->2125575K(2125824K)
[2954.525s][info][gc,metaspace   ] GC(618) Metaspace: 29086K(29376K)->29086K(29376K) NonClass: 25983K(26112K)->25983K(26112K) Class: 3102K(3264K)->3102K(3264K)
[2954.525s][info][gc             ] GC(618) Pause Young (Allocation Failure) 4530M->2226M(4635M) 98.275ms
[2954.525s][info][gc,cpu         ] GC(618) User=0.56s Sys=0.02s Real=0.10s
....[2958.383s][info][gc,start       ] GC(619) Pause Young (Allocation Failure)
[2958.478s][info][gc,heap        ] GC(619) PSYoungGen: 2620832K(2620928K)->151488K(2630656K) Eden: 2466816K(2466816K)->0K(2467328K) From: 154016K(154112K)->151488K(163328K)
[2958.478s][info][gc,heap        ] GC(619) ParOldGen: 2125575K(2125824K)->2231735K(2231808K)
[2958.478s][info][gc,metaspace   ] GC(619) Metaspace: 29086K(29376K)->29086K(29376K) NonClass: 25983K(26112K)->25983K(26112K) Class: 3102K(3264K)->3102K(3264K)
[2958.478s][info][gc             ] GC(619) Pause Young (Allocation Failure) 4635M->2327M(4748M) 95.241ms
[2958.478s][info][gc,cpu         ] GC(619) User=0.53s Sys=0.04s Real=0.10s
....[2962.476s][info][gc,start       ] GC(620) Pause Young (Allocation Failure)
[2962.572s][info][gc,heap        ] GC(620) PSYoungGen: 2618816K(2630656K)->151904K(2630144K) Eden: 2467328K(2467328K)->0K(2467328K) From: 151488K(163328K)->151904K(162816K)
[2962.572s][info][gc,heap        ] GC(620) ParOldGen: 2231735K(2231808K)->2334447K(2334720K)
[2962.572s][info][gc,metaspace   ] GC(620) Metaspace: 29086K(29376K)->29086K(29376K) NonClass: 25983K(26112K)->25983K(26112K) Class: 3102K(3264K)->3102K(3264K)
[2962.572s][info][gc             ] GC(620) Pause Young (Allocation Failure) 4736M->2428M(4848M) 95.782ms
[2962.572s][info][gc,cpu         ] GC(620) User=0.53s Sys=0.04s Real=0.09s
....[2966.451s][info][gc,start       ] GC(621) Pause Young (Allocation Failure)
[2966.550s][info][gc,heap        ] GC(621) PSYoungGen: 2619232K(2630144K)->155456K(2632192K) Eden: 2467328K(2467328K)->0K(2469888K) From: 151904K(162816K)->155456K(162304K)
[2966.550s][info][gc,heap        ] GC(621) ParOldGen: 2334447K(2334720K)->2441055K(2441216K)
[2966.550s][info][gc,metaspace   ] GC(621) Metaspace: 29086K(29376K)->29086K(29376K) NonClass: 25983K(26112K)->25983K(26112K) Class: 3102K(3264K)->3102K(3264K)
[2966.550s][info][gc             ] GC(621) Pause Young (Allocation Failure) 4837M->2535M(4954M) 98.936ms
[2966.550s][info][gc,cpu         ] GC(621) User=0.55s Sys=0.04s Real=0.10s
....[2970.470s][info][gc,start       ] GC(622) Pause Young (Allocation Failure)
[2970.565s][info][gc,heap        ] GC(622) PSYoungGen: 2625344K(2632192K)->148032K(2632192K) Eden: 2469888K(2469888K)->0K(2469888K) From: 155456K(162304K)->148032K(162304K)
[2970.565s][info][gc,heap        ] GC(622) ParOldGen: 2441055K(2441216K)->2546943K(2547200K)
[2970.565s][info][gc,metaspace   ] GC(622) Metaspace: 29086K(29376K)->29086K(29376K) NonClass: 25983K(26112K)->25983K(26112K) Class: 3102K(3264K)->3102K(3264K)
[2970.565s][info][gc             ] GC(622) Pause Young (Allocation Failure) 4947M->2631M(5058M) 95.079ms
[2970.565s][info][gc,cpu         ] GC(622) User=0.52s Sys=0.03s Real=0.10s
. (rIR:aIR:PR = 4289:4289:4290) (tPR = 63375) [OK] 
  2971s: Performance info:
         Transaction,    Success,    Partial,     Failed,   Receipts, AvgBarcode, 
             Overall,     260847,          0,          0,     247790,      59.48, 
         Response times:
             Request,    Success,    Partial,     Failed,   SkipFail,     Probes,    Samples,      min,      p50,      p90,      p95,      p99,      max, 
       TotalPurchase,     247750,          0,          0,          0,     238685,     263774,      300,     3200,     5400,     7500,    58000,   990000,
     InStorePurchase,     130366,          0,          0,          0,     125926,     138900,      300,     3200,     5300,     7500,    58000,   990000,
      OnlinePurchase,      91256,          0,          0,          0,      87956,      97288,      300,     3000,     5400,     7400,    58000,   920000,
        InstPurchase,      26128,          0,          0,          0,      24803,      27586,      400,     3300,     5400,     7500,    59000,   920000,
          AssocOfCat,        259,          0,          0,          0,        179,        268,    18200,    26000,    37200,    94000,   355060,   940000,
      AssocOfProduct,       2614,          0,          0,          0,       2369,       2788,      600,     4300,     6010,     8255,    64000,   920000,
      BusinessReport,        651,          0,          0,          0,        538,        667,    25000,    33000,    47000,    56600,   138000,   158000,
          CustBuyBeh,       2608,          0,          0,          0,       2344,       2749,      200,     3600,     5600,     8050,    28000,   108000,
       ProductReturn,       6939,          0,          0,          0,       6421,       7295,      200,     3700,     5600,     7600,    64000,   920000,

  2971s: (32%)   IR =   4428 ...[2974.446s][info][gc,start       ] GC(623) Pause Young (Allocation Failure)
[2974.543s][info][gc,heap        ] GC(623) PSYoungGen: 2617920K(2632192K)->152896K(2631680K) Eden: 2469888K(2469888K)->0K(2471424K) From: 148032K(162304K)->152896K(160256K)
[2974.543s][info][gc,heap        ] GC(623) ParOldGen: 2546943K(2547200K)->2649695K(2650112K)
[2974.543s][info][gc,metaspace   ] GC(623) Metaspace: 29086K(29376K)->29086K(29376K) NonClass: 25983K(26112K)->25983K(26112K) Class: 3102K(3264K)->3102K(3264K)
[2974.543s][info][gc             ] GC(623) Pause Young (Allocation Failure) 5043M->2736M(5158M) 96.341ms
[2974.543s][info][gc,cpu         ] GC(623) User=0.53s Sys=0.03s Real=0.09s
....|[2978.324s][info][gc,start       ] GC(624) Pause Young (Allocation Failure)
[2978.421s][info][gc,heap        ] GC(624) PSYoungGen: 2624320K(2631680K)->153076K(2632704K) Eden: 2471424K(2471424K)->0K(2471424K) From: 152896K(160256K)->153076K(161280K)
[2978.421s][info][gc,heap        ] GC(624) ParOldGen: 2649695K(2650112K)->2757807K(2758144K)
[2978.421s][info][gc,metaspace   ] GC(624) Metaspace: 29086K(29376K)->29086K(29376K) NonClass: 25983K(26112K)->25983K(26112K) Class: 3102K(3264K)->3102K(3264K)
[2978.421s][info][gc             ] GC(624) Pause Young (Allocation Failure) 5150M->2842M(5264M) 97.682ms
[2978.421s][info][gc,cpu         ] GC(624) User=0.54s Sys=0.04s Real=0.10s
....[2982.232s][info][gc,start       ] GC(625) Pause Young (Allocation Failure)
[2982.330s][info][gc,heap        ] GC(625) PSYoungGen: 2624500K(2632704K)->156208K(2634240K) Eden: 2471424K(2471424K)->0K(2473472K) From: 153076K(161280K)->156208K(160768K)
[2982.330s][info][gc,heap        ] GC(625) ParOldGen: 2757807K(2758144K)->2861991K(2862080K)
[2982.330s][info][gc,metaspace   ] GC(625) Metaspace: 29086K(29376K)->29086K(29376K) NonClass: 25983K(26112K)->25983K(26112K) Class: 3102K(3264K)->3102K(3264K)
[2982.330s][info][gc             ] GC(625) Pause Young (Allocation Failure) 5256M->2947M(5367M) 97.722ms
[2982.330s][info][gc,cpu         ] GC(625) User=0.54s Sys=0.04s Real=0.10s
...[2986.153s][info][gc,start       ] GC(626) Pause Young (Allocation Failure)
[2986.251s][info][gc,heap        ] GC(626) PSYoungGen: 2629680K(2634240K)->154404K(2634752K) Eden: 2473472K(2473472K)->0K(2473472K) From: 156208K(160768K)->154404K(161280K)
[2986.251s][info][gc,heap        ] GC(626) ParOldGen: 2861991K(2862080K)->2966599K(2967040K)
[2986.251s][info][gc,metaspace   ] GC(626) Metaspace: 29086K(29376K)->29086K(29376K) NonClass: 25983K(26112K)->25983K(26112K) Class: 3102K(3264K)->3102K(3264K)
[2986.251s][info][gc             ] GC(626) Pause Young (Allocation Failure) 5362M->3047M(5470M) 98.394ms
[2986.251s][info][gc,cpu         ] GC(626) User=0.55s Sys=0.04s Real=0.10s
....[2990.051s][info][gc,start       ] GC(627) Pause Young (Allocation Failure)
[2990.148s][info][gc,heap        ] GC(627) PSYoungGen: 2627876K(2634752K)->154880K(2634752K) Eden: 2473472K(2473472K)->0K(2473984K) From: 154404K(161280K)->154880K(160768K)
[2990.148s][info][gc,heap        ] GC(627) ParOldGen: 2966599K(2967040K)->3071583K(3072000K)
[2990.148s][info][gc,metaspace   ] GC(627) Metaspace: 29086K(29376K)->29086K(29376K) NonClass: 25983K(26112K)->25983K(26112K) Class: 3102K(3264K)->3102K(3264K)
[2990.148s][info][gc             ] GC(627) Pause Young (Allocation Failure) 5463M->3150M(5573M) 97.340ms
[2990.148s][info][gc,cpu         ] GC(627) User=0.54s Sys=0.04s Real=0.10s
....[2993.997s][info][gc,start       ] GC(628) Pause Young (Allocation Failure)
[2994.093s][info][gc,heap        ] GC(628) PSYoungGen: 2628864K(2634752K)->152255K(2634752K) Eden: 2473984K(2473984K)->0K(2473984K) From: 154880K(160768K)->152255K(160768K)
[2994.093s][info][gc,heap        ] GC(628) ParOldGen: 3071583K(3072000K)->3177935K(3177984K)
[2994.093s][info][gc,metaspace   ] GC(628) Metaspace: 29086K(29376K)->29086K(29376K) NonClass: 25983K(26112K)->25983K(26112K) Class: 3102K(3264K)->3102K(3264K)
[2994.093s][info][gc             ] GC(628) Pause Young (Allocation Failure) 5566M->3252M(5676M) 96.678ms
[2994.093s][info][gc,cpu         ] GC(628) User=0.54s Sys=0.04s Real=0.09s
....[2997.873s][info][gc,start       ] GC(629) Pause Young (Allocation Failure)
[2997.969s][info][gc,heap        ] GC(629) PSYoungGen: 2626239K(2634752K)->152384K(2634752K) Eden: 2473984K(2473984K)->0K(2475008K) From: 152255K(160768K)->152384K(159744K)
[2997.969s][info][gc,heap        ] GC(629) ParOldGen: 3177935K(3177984K)->3282103K(3282432K)
[2997.969s][info][gc,metaspace   ] GC(629) Metaspace: 29086K(29376K)->29086K(29376K) NonClass: 25983K(26112K)->25983K(26112K) Class: 3102K(3264K)->3102K(3264K)
[2997.969s][info][gc             ] GC(629) Pause Young (Allocation Failure) 5668M->3353M(5778M) 95.731ms
[2997.969s][info][gc,cpu         ] GC(629) User=0.55s Sys=0.02s Real=0.10s
....[3001.789s][info][gc,start       ] GC(630) Pause Young (Allocation Failure)
[3001.885s][info][gc,heap        ] GC(630) PSYoungGen: 2627392K(2634752K)->152384K(2634752K) Eden: 2475008K(2475008K)->0K(2475008K) From: 152384K(159744K)->152384K(159744K)
[3001.885s][info][gc,heap        ] GC(630) ParOldGen: 3282103K(3282432K)->3386471K(3386880K)
[3001.885s][info][gc,metaspace   ] GC(630) Metaspace: 29086K(29376K)->29086K(29376K) NonClass: 25983K(26112K)->25983K(26112K) Class: 3102K(3264K)->3102K(3264K)
[3001.885s][info][gc             ] GC(630) Pause Young (Allocation Failure) 5770M->3455M(5880M) 96.440ms
[3001.885s][info][gc,cpu         ] GC(630) User=0.54s Sys=0.04s Real=0.10s
....[3005.674s][info][gc,start       ] GC(631) Pause Young (Allocation Failure)
[3005.770s][info][gc,heap        ] GC(631) PSYoungGen: 2627392K(2634752K)->150656K(2635776K) Eden: 2475008K(2475008K)->0K(2476544K) From: 152384K(159744K)->150656K(159232K)
[3005.770s][info][gc,heap        ] GC(631) ParOldGen: 3386471K(3386880K)->3491743K(3491840K)
[3005.770s][info][gc,metaspace   ] GC(631) Metaspace: 29086K(29376K)->29086K(29376K) NonClass: 25983K(26112K)->25983K(26112K) Class: 3102K(3264K)->3102K(3264K)
[3005.770s][info][gc             ] GC(631) Pause Young (Allocation Failure) 5872M->3557M(5984M) 96.676ms
[3005.770s][info][gc,cpu         ] GC(631) User=0.53s Sys=0.04s Real=0.10s
....[3009.549s][info][gc,start       ] GC(632) Pause Young (Allocation Failure)
[3009.646s][info][gc,heap        ] GC(632) PSYoungGen: 2627200K(2635776K)->148864K(2635776K) Eden: 2476544K(2476544K)->0K(2476544K) From: 150656K(159232K)->148864K(159232K)
[3009.646s][info][gc,heap        ] GC(632) ParOldGen: 3491743K(3491840K)->3597863K(3598336K)
[3009.646s][info][gc,metaspace   ] GC(632) Metaspace: 29086K(29376K)->29086K(29376K) NonClass: 25983K(26112K)->25983K(26112K) Class: 3102K(3264K)->3102K(3264K)
[3009.646s][info][gc             ] GC(632) Pause Young (Allocation Failure) 5975M->3658M(6088M) 97.463ms
[3009.646s][info][gc,cpu         ] GC(632) User=0.54s Sys=0.04s Real=0.10s
....[3013.547s][info][gc,start       ] GC(633) Pause Young (Allocation Failure)
[3013.644s][info][gc,heap        ] GC(633) PSYoungGen: 2625408K(2635776K)->153952K(2636800K) Eden: 2476544K(2476544K)->0K(2477568K) From: 148864K(159232K)->153952K(159232K)
[3013.644s][info][gc,heap        ] GC(633) ParOldGen: 3597863K(3598336K)->3701455K(3701760K)
[3013.644s][info][gc,metaspace   ] GC(633) Metaspace: 29086K(29376K)->29086K(29376K) NonClass: 25983K(26112K)->25983K(26112K) Class: 3102K(3264K)->3102K(3264K)
[3013.644s][info][gc             ] GC(633) Pause Young (Allocation Failure) 6077M->3765M(6190M) 97.222ms
[3013.644s][info][gc,cpu         ] GC(633) User=0.55s Sys=0.03s Real=0.09s
....[3017.483s][info][gc,start       ] GC(634) Pause Young (Allocation Failure)
[3017.581s][info][gc,heap        ] GC(634) PSYoungGen: 2631520K(2636800K)->149088K(2636800K) Eden: 2477568K(2477568K)->0K(2477568K) From: 153952K(159232K)->149088K(159232K)
[3017.581s][info][gc,heap        ] GC(634) ParOldGen: 3701455K(3701760K)->3809231K(3809280K)
[3017.581s][info][gc,metaspace   ] GC(634) Metaspace: 29086K(29376K)->29086K(29376K) NonClass: 25983K(26112K)->25983K(26112K) Class: 3102K(3264K)->3102K(3264K)
[3017.581s][info][gc             ] GC(634) Pause Young (Allocation Failure) 6184M->3865M(6295M) 98.652ms
[3017.581s][info][gc,cpu         ] GC(634) User=0.55s Sys=0.04s Real=0.10s
....[3021.321s][info][gc,start       ] GC(635) Pause Young (Allocation Failure)
[3021.420s][info][gc,heap        ] GC(635) PSYoungGen: 2626656K(2636800K)->152965K(2635776K) Eden: 2477568K(2477568K)->0K(2477568K) From: 149088K(159232K)->152965K(158208K)
[3021.420s][info][gc,heap        ] GC(635) ParOldGen: 3809231K(3809280K)->3914647K(3914752K)
[3021.420s][info][gc,metaspace   ] GC(635) Metaspace: 29086K(29376K)->29086K(29376K) NonClass: 25983K(26112K)->25983K(26112K) Class: 3102K(3264K)->3102K(3264K)
[3021.420s][info][gc             ] GC(635) Pause Young (Allocation Failure) 6285M->3972M(6397M) 99.413ms
[3021.420s][info][gc,cpu         ] GC(635) User=0.56s Sys=0.02s Real=0.10s
...[3025.262s][info][gc,start       ] GC(636) Pause Young (Allocation Failure)
[3025.359s][info][gc,heap        ] GC(636) PSYoungGen: 2630533K(2635776K)->149632K(2636288K) Eden: 2477568K(2477568K)->0K(2477568K) From: 152965K(158208K)->149632K(158720K)
[3025.359s][info][gc,heap        ] GC(636) ParOldGen: 3914647K(3914752K)->4018447K(4018688K)
[3025.359s][info][gc,metaspace   ] GC(636) Metaspace: 29086K(29376K)->29086K(29376K) NonClass: 25983K(26112K)->25983K(26112K) Class: 3102K(3264K)->3102K(3264K)
[3025.359s][info][gc             ] GC(636) Pause Young (Allocation Failure) 6391M->4070M(6499M) 96.745ms
[3025.359s][info][gc,cpu         ] GC(636) User=0.53s Sys=0.03s Real=0.10s
....[3029.079s][info][gc,start       ] GC(637) Pause Young (Allocation Failure)
[3029.177s][info][gc,heap        ] GC(637) PSYoungGen: 2627200K(2636288K)->151744K(2635264K) Eden: 2477568K(2477568K)->0K(2478592K) From: 149632K(158720K)->151744K(156672K)
[3029.177s][info][gc,heap        ] GC(637) ParOldGen: 4018447K(4018688K)->4125455K(4125696K)
[3029.177s][info][gc,metaspace   ] GC(637) Metaspace: 29086K(29376K)->29086K(29376K) NonClass: 25983K(26112K)->25983K(26112K) Class: 3102K(3264K)->3102K(3264K)
[3029.177s][info][gc             ] GC(637) Pause Young (Allocation Failure) 6489M->4176M(6602M) 97.967ms
[3029.177s][info][gc,cpu         ] GC(637) User=0.55s Sys=0.04s Real=0.10s
....[3033.079s][info][gc,start       ] GC(638) Pause Young (Allocation Failure)
[3033.180s][info][gc,heap        ] GC(638) PSYoungGen: 2630336K(2635264K)->157682K(2636288K) Eden: 2478592K(2478592K)->0K(2478592K) From: 151744K(156672K)->157682K(157696K)
[3033.180s][info][gc,heap        ] GC(638) ParOldGen: 4125455K(4125696K)->4230151K(4230656K)
[3033.180s][info][gc,metaspace   ] GC(638) Metaspace: 29086K(29376K)->29086K(29376K) NonClass: 25983K(26112K)->25983K(26112K) Class: 3102K(3264K)->3102K(3264K)
[3033.180s][info][gc             ] GC(638) Pause Young (Allocation Failure) 6597M->4284M(6706M) 100.858ms
[3033.180s][info][gc,cpu         ] GC(638) User=0.57s Sys=0.03s Real=0.10s
....[3036.958s][info][gc,start       ] GC(639) Pause Young (Allocation Failure)
[3037.059s][info][gc,heap        ] GC(639) PSYoungGen: 2636274K(2636288K)->157968K(2564608K) Eden: 2478592K(2478592K)->0K(2404864K) From: 157682K(157696K)->157968K(159744K)
[3037.059s][info][gc,heap        ] GC(639) ParOldGen: 4230151K(4230656K)->4338239K(4338688K)
[3037.059s][info][gc,metaspace   ] GC(639) Metaspace: 29086K(29376K)->29086K(29376K) NonClass: 25983K(26112K)->25983K(26112K) Class: 3102K(3264K)->3102K(3264K)
[3037.059s][info][gc             ] GC(639) Pause Young (Allocation Failure) 6705M->4390M(6741M) 101.473ms
[3037.059s][info][gc,cpu         ] GC(639) User=0.55s Sys=0.05s Real=0.10s
.. (rIR:aIR:PR = 4428:4428:4428) (tPR = 65814) [OK] 
  3038s: Performance info:
         Transaction,    Success,    Partial,     Failed,   Receipts, AvgBarcode, 
             Overall,     266394,          0,          0,     253081,      59.48, 
         Response times:
             Request,    Success,    Partial,     Failed,   SkipFail,     Probes,    Samples,      min,      p50,      p90,      p95,      p99,      max, 
       TotalPurchase,     253081,          0,          0,          0,     248694,     278487,      300,     3200,     5300,     6400,    23000,   127000,
     InStorePurchase,     133225,          0,          0,          0,     131147,     146529,      300,     3100,     5200,     6300,    22000,   110000,
      OnlinePurchase,      93261,          0,          0,          0,      91688,     102604,      300,     3300,     5400,     6500,    23000,   127000,
        InstPurchase,      26595,          0,          0,          0,      25859,      29354,      400,     3700,     5600,     6700,    28000,   108000,
          AssocOfCat,        267,          0,          0,          0,        199,        294,    18600,    27000,    36000,    42500,   127400,   138000,
      AssocOfProduct,       2662,          0,          0,          0,       2449,       2956,      400,     3500,     5500,     6300,    19715,   108000,
      BusinessReport,        666,          0,          0,          0,        562,        703,    25000,    33000,    47000,    52000,   131080,   166000,
          CustBuyBeh,       2655,          0,          0,          0,       2455,       2919,      200,     2700,     5100,     6000,    22400,   112000,
       ProductReturn,       7063,          0,          0,          0,       6791,       7901,      300,     2800,     5000,     6000,    22980,   110000,

  3038s: (33%)   IR =   4566 ..[3040.698s][info][gc,start       ] GC(640) Pause Young (Allocation Failure)
[3040.798s][info][gc,heap        ] GC(640) PSYoungGen: 2562832K(2564608K)->154069K(2600448K) Eden: 2404864K(2404864K)->0K(2404864K) From: 157968K(159744K)->154069K(195584K)
[3040.798s][info][gc,heap        ] GC(640) ParOldGen: 4338239K(4338688K)->4443823K(4444160K)
[3040.798s][info][gc,metaspace   ] GC(640) Metaspace: 29086K(29376K)->29086K(29376K) NonClass: 25983K(26112K)->25983K(26112K) Class: 3102K(3264K)->3102K(3264K)
[3040.798s][info][gc             ] GC(640) Pause Young (Allocation Failure) 6739M->4490M(6879M) 99.850ms
[3040.798s][info][gc,cpu         ] GC(640) User=0.56s Sys=0.03s Real=0.10s
....|[3044.422s][info][gc,start       ] GC(641) Pause Young (Allocation Failure)
[3044.523s][info][gc,heap        ] GC(641) PSYoungGen: 2558933K(2600448K)->155376K(2594304K) Eden: 2404864K(2404864K)->0K(2406912K) From: 154069K(195584K)->155376K(187392K)
[3044.523s][info][gc,heap        ] GC(641) ParOldGen: 4443823K(4444160K)->4547447K(4547584K)
[3044.523s][info][gc,metaspace   ] GC(641) Metaspace: 29086K(29376K)->29086K(29376K) NonClass: 25983K(26112K)->25983K(26112K) Class: 3102K(3264K)->3102K(3264K)
[3044.523s][info][gc             ] GC(641) Pause Young (Allocation Failure) 6838M->4592M(6974M) 101.168ms
[3044.523s][info][gc,cpu         ] GC(641) User=0.57s Sys=0.03s Real=0.10s
...[3048.102s][info][gc,start       ] GC(642) Pause Young (Allocation Failure)
[3048.200s][info][gc,heap        ] GC(642) PSYoungGen: 2562288K(2594304K)->152736K(2598400K) Eden: 2406912K(2406912K)->0K(2406912K) From: 155376K(187392K)->152736K(191488K)
[3048.200s][info][gc,heap        ] GC(642) ParOldGen: 4547447K(4547584K)->4651263K(4651520K)
[3048.200s][info][gc,metaspace   ] GC(642) Metaspace: 29086K(29376K)->29086K(29376K) NonClass: 25983K(26112K)->25983K(26112K) Class: 3102K(3264K)->3102K(3264K)
[3048.200s][info][gc             ] GC(642) Pause Young (Allocation Failure) 6943M->4691M(7080M) 97.920ms
[3048.200s][info][gc,cpu         ] GC(642) User=0.55s Sys=0.03s Real=0.10s
....[3051.917s][info][gc,start       ] GC(643) Pause Young (Allocation Failure)
[3052.017s][info][gc,heap        ] GC(643) PSYoungGen: 2559648K(2598400K)->153559K(2599936K) Eden: 2406912K(2406912K)->0K(2414592K) From: 152736K(191488K)->153559K(185344K)
[3052.017s][info][gc,heap        ] GC(643) ParOldGen: 4651263K(4651520K)->4754991K(4755456K)
[3052.017s][info][gc,metaspace   ] GC(643) Metaspace: 29086K(29376K)->29086K(29376K) NonClass: 25983K(26112K)->25983K(26112K) Class: 3102K(3264K)->3102K(3264K)
[3052.017s][info][gc             ] GC(643) Pause Young (Allocation Failure) 7041M->4793M(7183M) 99.779ms
[3052.017s][info][gc,cpu         ] GC(643) User=0.56s Sys=0.03s Real=0.10s
....[3055.532s][info][gc,start       ] GC(644) Pause Young (Allocation Failure)
[3055.629s][info][gc,heap        ] GC(644) PSYoungGen: 2568151K(2599936K)->145920K(2603008K) Eden: 2414592K(2414592K)->0K(2414592K) From: 153559K(185344K)->145920K(188416K)
[3055.629s][info][gc,heap        ] GC(644) ParOldGen: 4754991K(4755456K)->4861631K(4861952K)
[3055.629s][info][gc,metaspace   ] GC(644) Metaspace: 29086K(29376K)->29086K(29376K) NonClass: 25983K(26112K)->25983K(26112K) Class: 3102K(3264K)->3102K(3264K)
[3055.629s][info][gc             ] GC(644) Pause Young (Allocation Failure) 7151M->4890M(7290M) 97.016ms
[3055.629s][info][gc,cpu         ] GC(644) User=0.54s Sys=0.03s Real=0.10s
[3056.290s][info][gc,start       ] GC(645) Pause Full (Diagnostic Command)
[3056.290s][info][gc,phases,start] GC(645) Marking Phase
[3056.589s][info][gc,phases      ] GC(645) Marking Phase 298.239ms
[3056.589s][info][gc,phases,start] GC(645) Summary Phase
[3056.589s][info][gc,phases      ] GC(645) Summary Phase 0.078ms
[3056.589s][info][gc,phases,start] GC(645) Forward
[3056.757s][info][gc,phases      ] GC(645) Forward 168.138ms
[3056.757s][info][gc,phases,start] GC(645) Adjust Pointers
[3056.972s][info][gc,phases      ] GC(645) Adjust Pointers 215.439ms
[3056.972s][info][gc,phases,start] GC(645) Compaction Phase
[3057.188s][info][gc,phases      ] GC(645) Compaction Phase 215.802ms
[3057.191s][info][gc,phases,start] GC(645) Post Compact
[3057.196s][info][gc,phases      ] GC(645) Post Compact 4.777ms
[3057.196s][info][gc,heap        ] GC(645) PSYoungGen: 663495K(2603008K)->0K(2603008K) Eden: 517575K(2414592K)->0K(2414592K) From: 145920K(188416K)->0K(188416K)
[3057.196s][info][gc,heap        ] GC(645) ParOldGen: 4861631K(4861952K)->1324805K(4861952K)
[3057.196s][info][gc,metaspace   ] GC(645) Metaspace: 29086K(29376K)->29086K(29376K) NonClass: 25983K(26112K)->25983K(26112K) Class: 3102K(3264K)->3102K(3264K)
[3057.196s][info][gc             ] GC(645) Pause Full (Diagnostic Command) 5395M->1293M(7290M) 905.513ms
[3057.196s][info][gc,cpu         ] GC(645) User=4.79s Sys=0.01s Real=0.91s
...[3060.003s][info][gc,start       ] GC(646) Pause Young (Allocation Failure)
[3060.064s][info][gc,heap        ] GC(646) PSYoungGen: 2414592K(2603008K)->149920K(2604032K) Eden: 2414592K(2414592K)->0K(2419712K) From: 0K(188416K)->149920K(184320K)
[3060.064s][info][gc,heap        ] GC(646) ParOldGen: 1324805K(4861952K)->1324805K(4861952K)
[3060.064s][info][gc,metaspace   ] GC(646) Metaspace: 29086K(29376K)->29086K(29376K) NonClass: 25983K(26112K)->25983K(26112K) Class: 3102K(3264K)->3102K(3264K)
[3060.064s][info][gc             ] GC(646) Pause Young (Allocation Failure) 3651M->1440M(7291M) 60.678ms
[3060.064s][info][gc,cpu         ] GC(646) User=0.36s Sys=0.00s Real=0.06s
....[3063.699s][info][gc,start       ] GC(647) Pause Young (Allocation Failure)
[3063.789s][info][gc,heap        ] GC(647) PSYoungGen: 2569632K(2604032K)->148913K(2606080K) Eden: 2419712K(2419712K)->0K(2419712K) From: 149920K(184320K)->148913K(186368K)
[3063.789s][info][gc,heap        ] GC(647) ParOldGen: 1324805K(4861952K)->1428841K(4861952K)
[3063.789s][info][gc,metaspace   ] GC(647) Metaspace: 29086K(29376K)->29086K(29376K) NonClass: 25983K(26112K)->25983K(26112K) Class: 3102K(3264K)->3102K(3264K)
[3063.789s][info][gc             ] GC(647) Pause Young (Allocation Failure) 3803M->1540M(7293M) 89.455ms
[3063.789s][info][gc,cpu         ] GC(647) User=0.54s Sys=0.00s Real=0.09s
....[3067.329s][info][gc,start       ] GC(648) Pause Young (Allocation Failure)
[3067.417s][info][gc,heap        ] GC(648) PSYoungGen: 2568625K(2606080K)->145760K(2607104K) Eden: 2419712K(2419712K)->0K(2424832K) From: 148913K(186368K)->145760K(182272K)
[3067.417s][info][gc,heap        ] GC(648) ParOldGen: 1428841K(4861952K)->1532297K(4861952K)
[3067.417s][info][gc,metaspace   ] GC(648) Metaspace: 29086K(29376K)->29086K(29376K) NonClass: 25983K(26112K)->25983K(26112K) Class: 3102K(3264K)->3102K(3264K)
[3067.417s][info][gc             ] GC(648) Pause Young (Allocation Failure) 3903M->1638M(7294M) 88.013ms
[3067.417s][info][gc,cpu         ] GC(648) User=0.52s Sys=0.00s Real=0.09s
...[3071.113s][info][gc,start       ] GC(649) Pause Young (Allocation Failure)
[3071.205s][info][gc,heap        ] GC(649) PSYoungGen: 2570592K(2607104K)->153792K(2608640K) Eden: 2424832K(2424832K)->0K(2424832K) From: 145760K(182272K)->153792K(183808K)
[3071.205s][info][gc,heap        ] GC(649) ParOldGen: 1532297K(4861952K)->1634257K(4861952K)
[3071.205s][info][gc,metaspace   ] GC(649) Metaspace: 29086K(29376K)->29086K(29376K) NonClass: 25983K(26112K)->25983K(26112K) Class: 3102K(3264K)->3102K(3264K)
[3071.205s][info][gc             ] GC(649) Pause Young (Allocation Failure) 4006M->1746M(7295M) 91.193ms
[3071.205s][info][gc,cpu         ] GC(649) User=0.54s Sys=0.00s Real=0.10s
....[3074.824s][info][gc,start       ] GC(650) Pause Young (Allocation Failure)
[3074.914s][info][gc,heap        ] GC(650) PSYoungGen: 2578624K(2608640K)->148800K(2610176K) Eden: 2424832K(2424832K)->0K(2430976K) From: 153792K(183808K)->148800K(179200K)
[3074.914s][info][gc,heap        ] GC(650) ParOldGen: 1634257K(4861952K)->1739385K(4861952K)
[3074.914s][info][gc,metaspace   ] GC(650) Metaspace: 29086K(29376K)->29086K(29376K) NonClass: 25983K(26112K)->25983K(26112K) Class: 3102K(3264K)->3102K(3264K)
[3074.914s][info][gc             ] GC(650) Pause Young (Allocation Failure) 4114M->1843M(7297M) 90.289ms
[3074.914s][info][gc,cpu         ] GC(650) User=0.54s Sys=0.00s Real=0.09s
....[3078.516s][info][gc,start       ] GC(651) Pause Young (Allocation Failure)
[3078.605s][info][gc,heap        ] GC(651) PSYoungGen: 2579776K(2610176K)->147008K(2610688K) Eden: 2430976K(2430976K)->0K(2430976K) From: 148800K(179200K)->147008K(179712K)
[3078.605s][info][gc,heap        ] GC(651) ParOldGen: 1739385K(4861952K)->1842409K(4861952K)
[3078.605s][info][gc,metaspace   ] GC(651) Metaspace: 29086K(29376K)->29086K(29376K) NonClass: 25983K(26112K)->25983K(26112K) Class: 3102K(3264K)->3102K(3264K)
[3078.605s][info][gc             ] GC(651) Pause Young (Allocation Failure) 4217M->1942M(7297M) 89.401ms
[3078.605s][info][gc,cpu         ] GC(651) User=0.53s Sys=0.01s Real=0.09s
...[3082.161s][info][gc,start       ] GC(652) Pause Young (Allocation Failure)
[3082.250s][info][gc,heap        ] GC(652) PSYoungGen: 2577984K(2610688K)->143776K(2614784K) Eden: 2430976K(2430976K)->0K(2437632K) From: 147008K(179712K)->143776K(177152K)
[3082.250s][info][gc,heap        ] GC(652) ParOldGen: 1842409K(4861952K)->1945585K(4861952K)
[3082.250s][info][gc,metaspace   ] GC(652) Metaspace: 29086K(29376K)->29086K(29376K) NonClass: 25983K(26112K)->25983K(26112K) Class: 3102K(3264K)->3102K(3264K)
[3082.250s][info][gc             ] GC(652) Pause Young (Allocation Failure) 4316M->2040M(7301M) 88.800ms
[3082.250s][info][gc,cpu         ] GC(652) User=0.53s Sys=0.00s Real=0.09s
....[3085.987s][info][gc,start       ] GC(653) Pause Young (Allocation Failure)
[3086.080s][info][gc,heap        ] GC(653) PSYoungGen: 2581408K(2614784K)->153344K(2615296K) Eden: 2437632K(2437632K)->0K(2437632K) From: 143776K(177152K)->153344K(177664K)
[3086.080s][info][gc,heap        ] GC(653) ParOldGen: 1945585K(4861952K)->2048633K(4861952K)
[3086.080s][info][gc,metaspace   ] GC(653) Metaspace: 29086K(29376K)->29086K(29376K) NonClass: 25983K(26112K)->25983K(26112K) Class: 3102K(3264K)->3102K(3264K)
[3086.080s][info][gc             ] GC(653) Pause Young (Allocation Failure) 4420M->2150M(7302M) 92.664ms
[3086.080s][info][gc,cpu         ] GC(653) User=0.55s Sys=0.00s Real=0.09s
....[3089.660s][info][gc,start       ] GC(654) Pause Young (Allocation Failure)
[3089.754s][info][gc,heap        ] GC(654) PSYoungGen: 2590976K(2615296K)->153668K(2615808K) Eden: 2437632K(2437632K)->0K(2442752K) From: 153344K(177664K)->153668K(173056K)
[3089.754s][info][gc,heap        ] GC(654) ParOldGen: 2048633K(4861952K)->2154561K(4861952K)
[3089.754s][info][gc,metaspace   ] GC(654) Metaspace: 29086K(29376K)->29086K(29376K) NonClass: 25983K(26112K)->25983K(26112K) Class: 3102K(3264K)->3102K(3264K)
[3089.754s][info][gc             ] GC(654) Pause Young (Allocation Failure) 4530M->2254M(7302M) 93.875ms
[3089.754s][info][gc,cpu         ] GC(654) User=0.56s Sys=0.00s Real=0.09s
....[3093.452s][info][gc,start       ] GC(655) Pause Young (Allocation Failure)
[3093.541s][info][gc,heap        ] GC(655) PSYoungGen: 2596420K(2615808K)->149184K(2616320K) Eden: 2442752K(2442752K)->0K(2442752K) From: 153668K(173056K)->149184K(173568K)
[3093.541s][info][gc,heap        ] GC(655) ParOldGen: 2154561K(4861952K)->2257425K(4861952K)
[3093.541s][info][gc,metaspace   ] GC(655) Metaspace: 29086K(29376K)->29086K(29376K) NonClass: 25983K(26112K)->25983K(26112K) Class: 3102K(3264K)->3102K(3264K)
[3093.541s][info][gc             ] GC(655) Pause Young (Allocation Failure) 4639M->2350M(7303M) 89.728ms
[3093.541s][info][gc,cpu         ] GC(655) User=0.53s Sys=0.00s Real=0.09s
...[3097.144s][info][gc,start       ] GC(656) Pause Young (Allocation Failure)
[3097.236s][info][gc,heap        ] GC(656) PSYoungGen: 2591936K(2616320K)->150880K(2620416K) Eden: 2442752K(2442752K)->0K(2450432K) From: 149184K(173568K)->150880K(169984K)
[3097.236s][info][gc,heap        ] GC(656) ParOldGen: 2257425K(4861952K)->2363337K(4861952K)
[3097.236s][info][gc,metaspace   ] GC(656) Metaspace: 29086K(29376K)->29086K(29376K) NonClass: 25983K(26112K)->25983K(26112K) Class: 3102K(3264K)->3102K(3264K)
[3097.236s][info][gc             ] GC(656) Pause Young (Allocation Failure) 4735M->2455M(7307M) 92.309ms
[3097.236s][info][gc,cpu         ] GC(656) User=0.55s Sys=0.00s Real=0.10s
....[3100.945s][info][gc,start       ] GC(657) Pause Young (Allocation Failure)
[3101.041s][info][gc,heap        ] GC(657) PSYoungGen: 2601312K(2620416K)->161120K(2620928K) Eden: 2450432K(2450432K)->0K(2450432K) From: 150880K(169984K)->161120K(170496K)
[3101.041s][info][gc,heap        ] GC(657) ParOldGen: 2363337K(4861952K)->2465617K(4861952K)
[3101.041s][info][gc,metaspace   ] GC(657) Metaspace: 29086K(29376K)->29086K(29376K) NonClass: 25983K(26112K)->25983K(26112K) Class: 3102K(3264K)->3102K(3264K)
[3101.041s][info][gc             ] GC(657) Pause Young (Allocation Failure) 4848M->2565M(7307M) 95.411ms
[3101.041s][info][gc,cpu         ] GC(657) User=0.57s Sys=0.00s Real=0.09s
....[3104.684s][info][gc,start       ] GC(658) Pause Young (Allocation Failure)
[3104.782s][info][gc,heap        ] GC(658) PSYoungGen: 2611552K(2620928K)->161545K(2621952K) Eden: 2450432K(2450432K)->0K(2449920K) From: 161120K(170496K)->161545K(172032K)
[3104.782s][info][gc,heap        ] GC(658) ParOldGen: 2465617K(4861952K)->2571833K(4861952K)
[3104.782s][info][gc,metaspace   ] GC(658) Metaspace: 29086K(29376K)->29086K(29376K) NonClass: 25983K(26112K)->25983K(26112K) Class: 3102K(3264K)->3102K(3264K)
[3104.782s][info][gc             ] GC(658) Pause Young (Allocation Failure) 4958M->2669M(7308M) 97.359ms
[3104.782s][info][gc,cpu         ] GC(658) User=0.58s Sys=0.00s Real=0.10s
. (rIR:aIR:PR = 4566:4567:4567) (tPR = 67812) [OK] 
  3105s: Performance info:
         Transaction,    Success,    Partial,     Failed,   Receipts, AvgBarcode, 
             Overall,     278035,          0,          0,     264138,      59.48, 
         Response times:
             Request,    Success,    Partial,     Failed,   SkipFail,     Probes,    Samples,      min,      p50,      p90,      p95,      p99,      max, 
       TotalPurchase,     264138,          0,          0,          0,     258510,     286350,      300,     3400,     5800,     8200,   123000,   251000,
     InStorePurchase,     139013,          0,          0,          0,     136491,     150827,      300,     3300,     5700,     8100,   121000,   244000,
      OnlinePurchase,      97356,          0,          0,          0,      95075,     105595,      300,     3400,     5900,     8500,   123000,   236000,
        InstPurchase,      27769,          0,          0,          0,      26944,      29928,      400,     3600,     5900,     8500,   136000,   251000,
          AssocOfCat,        278,          0,          0,          0,        227,        332,    17800,    27000,    34700,    40000,   128670,   179000,
      AssocOfProduct,       2785,          0,          0,          0,       2512,       2943,      400,     3800,     6100,     8500,   143000,   222000,
      BusinessReport,        694,          0,          0,          0,        573,        755,    23000,    35000,    49000,    63200,   135200,   176000,
          CustBuyBeh,       2784,          0,          0,          0,       2547,       2979,      200,     4000,     6100,     9500,   186000,   244000,
       ProductReturn,       7356,          0,          0,          0,       6841,       7845,      200,     2800,     5500,     8100,   125000,   231000,

  3105s: (34%)   IR =   4705 ...[3108.401s][info][gc,start       ] GC(659) Pause Young (Allocation Failure)
[3108.493s][info][gc,heap        ] GC(659) PSYoungGen: 2611465K(2621952K)->149952K(2622976K) Eden: 2449920K(2449920K)->0K(2449920K) From: 161545K(172032K)->149952K(173056K)
[3108.493s][info][gc,heap        ] GC(659) ParOldGen: 2571833K(4861952K)->2675905K(4861952K)
[3108.493s][info][gc,metaspace   ] GC(659) Metaspace: 29086K(29376K)->29086K(29376K) NonClass: 25983K(26112K)->25983K(26112K) Class: 3102K(3264K)->3102K(3264K)
[3108.493s][info][gc             ] GC(659) Pause Young (Allocation Failure) 5061M->2759M(7309M) 91.891ms
[3108.493s][info][gc,cpu         ] GC(659) User=0.54s Sys=0.00s Real=0.09s
.|..[3111.979s][info][gc,start       ] GC(660) Pause Young (Allocation Failure)
[3112.076s][info][gc,heap        ] GC(660) PSYoungGen: 2599872K(2622976K)->160272K(2622464K) Eden: 2449920K(2449920K)->0K(2450432K) From: 149952K(173056K)->160272K(172032K)
[3112.076s][info][gc,heap        ] GC(660) ParOldGen: 2675905K(4861952K)->2782969K(4861952K)
[3112.076s][info][gc,metaspace   ] GC(660) Metaspace: 29086K(29376K)->29086K(29376K) NonClass: 25983K(26112K)->25983K(26112K) Class: 3102K(3264K)->3102K(3264K)
[3112.076s][info][gc             ] GC(660) Pause Young (Allocation Failure) 5152M->2874M(7309M) 96.769ms
[3112.076s][info][gc,cpu         ] GC(660) User=0.58s Sys=0.00s Real=0.10s
....[3115.695s][info][gc,start       ] GC(661) Pause Young (Allocation Failure)
[3115.785s][info][gc,heap        ] GC(661) PSYoungGen: 2610704K(2622464K)->153248K(2604032K) Eden: 2450432K(2450432K)->0K(2450432K) From: 160272K(172032K)->153248K(153600K)
[3115.785s][info][gc,heap        ] GC(661) ParOldGen: 2782969K(4861952K)->2885249K(4861952K)
[3115.785s][info][gc,metaspace   ] GC(661) Metaspace: 29086K(29376K)->29086K(29376K) NonClass: 25983K(26112K)->25983K(26112K) Class: 3102K(3264K)->3102K(3264K)
[3115.785s][info][gc             ] GC(661) Pause Young (Allocation Failure) 5267M->2967M(7291M) 90.897ms
[3115.785s][info][gc,cpu         ] GC(661) User=0.53s Sys=0.00s Real=0.09s
...[3119.234s][info][gc,start       ] GC(662) Pause Young (Allocation Failure)
[3119.328s][info][gc,heap        ] GC(662) PSYoungGen: 2603680K(2604032K)->150964K(2623488K) Eden: 2450432K(2450432K)->0K(2452480K) From: 153248K(153600K)->150964K(171008K)
[3119.328s][info][gc,heap        ] GC(662) ParOldGen: 2885249K(4861952K)->2991649K(4861952K)
[3119.328s][info][gc,metaspace   ] GC(662) Metaspace: 29086K(29376K)->29086K(29376K) NonClass: 25983K(26112K)->25983K(26112K) Class: 3102K(3264K)->3102K(3264K)
[3119.328s][info][gc             ] GC(662) Pause Young (Allocation Failure) 5360M->3068M(7310M) 94.246ms
[3119.328s][info][gc,cpu         ] GC(662) User=0.56s Sys=0.00s Real=0.10s
....[3122.924s][info][gc,start       ] GC(663) Pause Young (Allocation Failure)
[3123.015s][info][gc,heap        ] GC(663) PSYoungGen: 2603444K(2623488K)->152160K(2622464K) Eden: 2452480K(2452480K)->0K(2452480K) From: 150964K(171008K)->152160K(169984K)
[3123.015s][info][gc,heap        ] GC(663) ParOldGen: 2991649K(4861952K)->3094393K(4861952K)
[3123.015s][info][gc,metaspace   ] GC(663) Metaspace: 29086K(29376K)->29086K(29376K) NonClass: 25983K(26112K)->25983K(26112K) Class: 3102K(3264K)->3102K(3264K)
[3123.015s][info][gc             ] GC(663) Pause Young (Allocation Failure) 5463M->3170M(7309M) 91.299ms
[3123.015s][info][gc,cpu         ] GC(663) User=0.54s Sys=0.00s Real=0.10s
....[3126.538s][info][gc,start       ] GC(664) Pause Young (Allocation Failure)
[3126.633s][info][gc,heap        ] GC(664) PSYoungGen: 2604640K(2622464K)->154659K(2624512K) Eden: 2452480K(2452480K)->0K(2456064K) From: 152160K(169984K)->154659K(168448K)
[3126.633s][info][gc,heap        ] GC(664) ParOldGen: 3094393K(4861952K)->3199897K(4861952K)
[3126.633s][info][gc,metaspace   ] GC(664) Metaspace: 29086K(29376K)->29086K(29376K) NonClass: 25983K(26112K)->25983K(26112K) Class: 3102K(3264K)->3102K(3264K)
[3126.633s][info][gc             ] GC(664) Pause Young (Allocation Failure) 5565M->3275M(7311M) 95.307ms
[3126.633s][info][gc,cpu         ] GC(664) User=0.56s Sys=0.00s Real=0.09s
...[3130.152s][info][gc,start       ] GC(665) Pause Young (Allocation Failure)
[3130.243s][info][gc,heap        ] GC(665) PSYoungGen: 2610723K(2624512K)->145920K(2623488K) Eden: 2456064K(2456064K)->0K(2456064K) From: 154659K(168448K)->145920K(167424K)
[3130.243s][info][gc,heap        ] GC(665) ParOldGen: 3199897K(4861952K)->3303081K(4861952K)
[3130.243s][info][gc,metaspace   ] GC(665) Metaspace: 29086K(29376K)->29086K(29376K) NonClass: 25983K(26112K)->25983K(26112K) Class: 3102K(3264K)->3102K(3264K)
[3130.243s][info][gc             ] GC(665) Pause Young (Allocation Failure) 5674M->3368M(7310M) 90.712ms
[3130.243s][info][gc,cpu         ] GC(665) User=0.54s Sys=0.00s Real=0.09s
....[3133.899s][info][gc,start       ] GC(666) Pause Young (Allocation Failure)
[3133.993s][info][gc,heap        ] GC(666) PSYoungGen: 2601984K(2623488K)->153504K(2627584K) Eden: 2456064K(2456064K)->0K(2461184K) From: 145920K(167424K)->153504K(166400K)
[3133.993s][info][gc,heap        ] GC(666) ParOldGen: 3303081K(4861952K)->3406625K(4861952K)
[3133.993s][info][gc,metaspace   ] GC(666) Metaspace: 29086K(29376K)->29086K(29376K) NonClass: 25983K(26112K)->25983K(26112K) Class: 3102K(3264K)->3102K(3264K)
[3133.993s][info][gc             ] GC(666) Pause Young (Allocation Failure) 5766M->3476M(7314M) 93.454ms
[3133.993s][info][gc,cpu         ] GC(666) User=0.55s Sys=0.00s Real=0.09s
....[3137.456s][info][gc,start       ] GC(667) Pause Young (Allocation Failure)
[3137.550s][info][gc,heap        ] GC(667) PSYoungGen: 2614688K(2627584K)->147584K(2627584K) Eden: 2461184K(2461184K)->0K(2461184K) From: 153504K(166400K)->147584K(166400K)
[3137.550s][info][gc,heap        ] GC(667) ParOldGen: 3406625K(4861952K)->3513441K(4861952K)
[3137.550s][info][gc,metaspace   ] GC(667) Metaspace: 29086K(29376K)->29086K(29376K) NonClass: 25983K(26112K)->25983K(26112K) Class: 3102K(3264K)->3102K(3264K)
[3137.550s][info][gc             ] GC(667) Pause Young (Allocation Failure) 5880M->3575M(7314M) 93.771ms
[3137.550s][info][gc,cpu         ] GC(667) User=0.56s Sys=0.00s Real=0.09s
...[3141.131s][info][gc,start       ] GC(668) Pause Young (Allocation Failure)
[3141.235s][info][gc,heap        ] GC(668) PSYoungGen: 2608768K(2627584K)->165865K(2541056K) Eden: 2461184K(2461184K)->0K(2375168K) From: 147584K(166400K)->165865K(165888K)
[3141.235s][info][gc,heap        ] GC(668) ParOldGen: 3513441K(4861952K)->3623577K(4861952K)
[3141.235s][info][gc,metaspace   ] GC(668) Metaspace: 29086K(29376K)->29086K(29376K) NonClass: 25983K(26112K)->25983K(26112K) Class: 3102K(3264K)->3102K(3264K)
[3141.235s][info][gc             ] GC(668) Pause Young (Allocation Failure) 5978M->3700M(7229M) 104.158ms
[3141.235s][info][gc,cpu         ] GC(668) User=0.61s Sys=0.01s Real=0.11s
....[3144.656s][info][gc,start       ] GC(669) Pause Young (Allocation Failure)
[3144.748s][info][gc,heap        ] GC(669) PSYoungGen: 2541033K(2541056K)->147264K(2585600K) Eden: 2375168K(2375168K)->0K(2375168K) From: 165865K(165888K)->147264K(210432K)
[3144.748s][info][gc,heap        ] GC(669) ParOldGen: 3623577K(4861952K)->3725561K(4861952K)
[3144.748s][info][gc,metaspace   ] GC(669) Metaspace: 29086K(29376K)->29086K(29376K) NonClass: 25983K(26112K)->25983K(26112K) Class: 3102K(3264K)->3102K(3264K)
[3144.748s][info][gc             ] GC(669) Pause Young (Allocation Failure) 6020M->3782M(7273M) 91.375ms
[3144.748s][info][gc,cpu         ] GC(669) User=0.54s Sys=0.00s Real=0.09s
...[3148.231s][info][gc,start       ] GC(670) Pause Young (Allocation Failure)
[3148.327s][info][gc,heap        ] GC(670) PSYoungGen: 2522432K(2585600K)->156624K(2576896K) Eden: 2375168K(2375168K)->0K(2376704K) From: 147264K(210432K)->156624K(200192K)
[3148.327s][info][gc,heap        ] GC(670) ParOldGen: 3725561K(4861952K)->3828681K(4861952K)
[3148.327s][info][gc,metaspace   ] GC(670) Metaspace: 29086K(29376K)->29086K(29376K) NonClass: 25983K(26112K)->25983K(26112K) Class: 3102K(3264K)->3102K(3264K)
[3148.327s][info][gc             ] GC(670) Pause Young (Allocation Failure) 6101M->3891M(7264M) 95.707ms
[3148.327s][info][gc,cpu         ] GC(670) User=0.56s Sys=0.00s Real=0.10s
....[3151.736s][info][gc,start       ] GC(671) Pause Young (Allocation Failure)
[3151.828s][info][gc,heap        ] GC(671) PSYoungGen: 2533328K(2576896K)->145184K(2582016K) Eden: 2376704K(2376704K)->0K(2376704K) From: 156624K(200192K)->145184K(205312K)
[3151.828s][info][gc,heap        ] GC(671) ParOldGen: 3828681K(4861952K)->3933121K(4861952K)
[3151.828s][info][gc,metaspace   ] GC(671) Metaspace: 29086K(29376K)->29086K(29376K) NonClass: 25983K(26112K)->25983K(26112K) Class: 3102K(3264K)->3102K(3264K)
[3151.828s][info][gc             ] GC(671) Pause Young (Allocation Failure) 6212M->3982M(7269M) 91.887ms
[3151.828s][info][gc,cpu         ] GC(671) User=0.54s Sys=0.00s Real=0.09s
...[3155.292s][info][gc,start       ] GC(672) Pause Young (Allocation Failure)
[3155.385s][info][gc,heap        ] GC(672) PSYoungGen: 2521888K(2582016K)->150933K(2584064K) Eden: 2376704K(2376704K)->0K(2386944K) From: 145184K(205312K)->150933K(197120K)
[3155.385s][info][gc,heap        ] GC(672) ParOldGen: 3933121K(4861952K)->4034777K(4861952K)
[3155.385s][info][gc,metaspace   ] GC(672) Metaspace: 29086K(29376K)->29086K(29376K) NonClass: 25983K(26112K)->25983K(26112K) Class: 3102K(3264K)->3102K(3264K)
[3155.385s][info][gc             ] GC(672) Pause Young (Allocation Failure) 6303M->4087M(7271M) 93.576ms
[3155.385s][info][gc,cpu         ] GC(672) User=0.55s Sys=0.00s Real=0.10s
....[3158.843s][info][gc,start       ] GC(673) Pause Young (Allocation Failure)
[3158.937s][info][gc,heap        ] GC(673) PSYoungGen: 2537877K(2584064K)->148531K(2588160K) Eden: 2386944K(2386944K)->0K(2386944K) From: 150933K(197120K)->148531K(201216K)
[3158.937s][info][gc,heap        ] GC(673) ParOldGen: 4034777K(4861952K)->4137993K(4861952K)
[3158.937s][info][gc,metaspace   ] GC(673) Metaspace: 29086K(29376K)->29086K(29376K) NonClass: 25983K(26112K)->25983K(26112K) Class: 3102K(3264K)->3102K(3264K)
[3158.937s][info][gc             ] GC(673) Pause Young (Allocation Failure) 6418M->4186M(7275M) 93.968ms
[3158.937s][info][gc,cpu         ] GC(673) User=0.55s Sys=0.00s Real=0.10s
...[3162.292s][info][gc,start       ] GC(674) Pause Young (Allocation Failure)
[3162.382s][info][gc,heap        ] GC(674) PSYoungGen: 2535475K(2588160K)->141120K(2590720K) Eden: 2386944K(2386944K)->0K(2395648K) From: 148531K(201216K)->141120K(195072K)
[3162.382s][info][gc,heap        ] GC(674) ParOldGen: 4137993K(4861952K)->4242089K(4861952K)
[3162.382s][info][gc,metaspace   ] GC(674) Metaspace: 29086K(29376K)->29086K(29376K) NonClass: 25983K(26112K)->25983K(26112K) Class: 3102K(3264K)->3102K(3264K)
[3162.382s][info][gc             ] GC(674) Pause Young (Allocation Failure) 6517M->4280M(7278M) 89.894ms
[3162.382s][info][gc,cpu         ] GC(674) User=0.54s Sys=0.00s Real=0.09s
....[3165.803s][info][gc,start       ] GC(675) Pause Young (Allocation Failure)
[3165.893s][info][gc,heap        ] GC(675) PSYoungGen: 2536768K(2590720K)->146976K(2593792K) Eden: 2395648K(2395648K)->0K(2395648K) From: 141120K(195072K)->146976K(198144K)
[3165.893s][info][gc,heap        ] GC(675) ParOldGen: 4242089K(4861952K)->4342545K(4861952K)
[3165.893s][info][gc,metaspace   ] GC(675) Metaspace: 29086K(29376K)->29086K(29376K) NonClass: 25983K(26112K)->25983K(26112K) Class: 3102K(3264K)->3102K(3264K)
[3165.893s][info][gc             ] GC(675) Pause Young (Allocation Failure) 6619M->4384M(7281M) 90.537ms
[3165.893s][info][gc,cpu         ] GC(675) User=0.54s Sys=0.00s Real=0.09s
.... (rIR:aIR:PR = 4705:4706:4706) (tPR = 70450) [OK] 
  3169s: Performance info:
         Transaction,    Success,    Partial,     Failed,   Receipts, AvgBarcode, 
             Overall,     282821,          0,          0,     268686,      59.47, 
         Response times:
             Request,    Success,    Partial,     Failed,   SkipFail,     Probes,    Samples,      min,      p50,      p90,      p95,      p99,      max, 
       TotalPurchase,     268682,          0,          0,          0,     263603,     282772,      300,     3500,     5900,     7500,    31000,   162000,
     InStorePurchase,     141399,          0,          0,          0,     138886,     148549,      300,     3400,     5900,     7400,    30000,   162000,
      OnlinePurchase,      98962,          0,          0,          0,      97120,     104426,      300,     3600,     6000,     7600,    33000,   161000,
        InstPurchase,      28321,          0,          0,          0,      27597,      29797,      400,     3500,     6100,     7600,    32000,   156000,
          AssocOfCat,        284,          0,          0,          0,        222,        324,    18000,    27000,    37000,    44750,    68000,   152000,
      AssocOfProduct,       2829,          0,          0,          0,       2659,       3002,      500,     3200,     5900,     7400,    26970,   153000,
      BusinessReport,        706,          0,          0,          0,        573,        698,    24000,    34000,    47100,    54000,   141010,   165000,
          CustBuyBeh,       2825,          0,          0,          0,       2517,       2833,      200,     2600,     4700,     5700,    21660,   153000,
       ProductReturn,       7491,          0,          0,          0,       7143,       8015,      300,     3400,     5600,     7100,    31000,   153000,

  3169s: (35%)   IR =   4843 [3169.521s][info][gc,start       ] GC(676) Pause Young (Allocation Failure)
[3169.615s][info][gc,heap        ] GC(676) PSYoungGen: 2542624K(2593792K)->151552K(2591232K) Eden: 2395648K(2395648K)->0K(2402304K) From: 146976K(198144K)->151552K(188928K)
[3169.615s][info][gc,heap        ] GC(676) ParOldGen: 4342545K(4861952K)->4443521K(4861952K)
[3169.615s][info][gc,metaspace   ] GC(676) Metaspace: 29086K(29376K)->29086K(29376K) NonClass: 25983K(26112K)->25983K(26112K) Class: 3102K(3264K)->3102K(3264K)
[3169.615s][info][gc             ] GC(676) Pause Young (Allocation Failure) 6723M->4487M(7278M) 93.928ms
[3169.615s][info][gc,cpu         ] GC(676) User=0.56s Sys=0.00s Real=0.10s
...[3173.036s][info][gc,start       ] GC(677) Pause Young (Allocation Failure)
[3173.134s][info][gc,heap        ] GC(677) PSYoungGen: 2553856K(2591232K)->157184K(2594816K) Eden: 2402304K(2402304K)->0K(2402304K) From: 151552K(188928K)->157184K(192512K)
[3173.134s][info][gc,heap        ] GC(677) ParOldGen: 4443521K(4861952K)->4548857K(4861952K)
[3173.134s][info][gc,metaspace   ] GC(677) Metaspace: 29086K(29376K)->29086K(29376K) NonClass: 25983K(26112K)->25983K(26112K) Class: 3102K(3264K)->3102K(3264K)
[3173.134s][info][gc             ] GC(677) Pause Young (Allocation Failure) 6833M->4595M(7282M) 98.002ms
[3173.134s][info][gc,cpu         ] GC(677) User=0.58s Sys=0.00s Real=0.09s
..|..[3176.518s][info][gc,start       ] GC(678) Pause Young (Allocation Failure)
[3176.616s][info][gc,heap        ] GC(678) PSYoungGen: 2559488K(2594816K)->159648K(2598912K) Eden: 2402304K(2402304K)->0K(2414080K) From: 157184K(192512K)->159648K(184832K)
[3176.616s][info][gc,heap        ] GC(678) ParOldGen: 4548857K(4861952K)->4652361K(4861952K)
[3176.616s][info][gc,metaspace   ] GC(678) Metaspace: 29086K(29376K)->29086K(29376K) NonClass: 25983K(26112K)->25983K(26112K) Class: 3102K(3264K)->3102K(3264K)
[3176.616s][info][gc             ] GC(678) Pause Young (Allocation Failure) 6941M->4699M(7286M) 97.898ms
[3176.616s][info][gc,cpu         ] GC(678) User=0.58s Sys=0.00s Real=0.10s
...[3179.950s][info][gc,start       ] GC(679) Pause Young (Allocation Failure)
[3180.052s][info][gc,heap        ] GC(679) PSYoungGen: 2573728K(2598912K)->163892K(2601472K) Eden: 2414080K(2414080K)->0K(2414080K) From: 159648K(184832K)->163892K(187392K)
[3180.052s][info][gc,heap        ] GC(679) ParOldGen: 4652361K(4861952K)->4756889K(4861952K)
[3180.052s][info][gc,metaspace   ] GC(679) Metaspace: 29086K(29376K)->29086K(29376K) NonClass: 25983K(26112K)->25983K(26112K) Class: 3102K(3264K)->3102K(3264K)
[3180.052s][info][gc             ] GC(679) Pause Young (Allocation Failure) 7056M->4805M(7288M) 101.169ms
[3180.052s][info][gc,cpu         ] GC(679) User=0.60s Sys=0.00s Real=0.10s
...[3183.425s][info][gc,start       ] GC(680) Pause Young (Allocation Failure)
[3183.517s][info][gc,heap        ] GC(680) PSYoungGen: 2577972K(2601472K)->145632K(2606592K) Eden: 2414080K(2414080K)->0K(2421248K) From: 163892K(187392K)->145632K(185344K)
[3183.517s][info][gc,heap        ] GC(680) ParOldGen: 4756889K(4861952K)->4860257K(4861952K)
[3183.517s][info][gc,metaspace   ] GC(680) Metaspace: 29086K(29376K)->29086K(29376K) NonClass: 25983K(26112K)->25983K(26112K) Class: 3102K(3264K)->3102K(3264K)
[3183.517s][info][gc             ] GC(680) Pause Young (Allocation Failure) 7162M->4888M(7293M) 92.534ms
[3183.517s][info][gc,cpu         ] GC(680) User=0.55s Sys=0.00s Real=0.09s
....[3186.938s][info][gc,start       ] GC(681) Pause Young (Allocation Failure)
[3187.038s][info][gc,heap        ] GC(681) PSYoungGen: 2566880K(2606592K)->158821K(2607616K) Eden: 2421248K(2421248K)->0K(2421248K) From: 145632K(185344K)->158821K(186368K)
[3187.038s][info][gc,heap        ] GC(681) ParOldGen: 4860257K(4861952K)->4962449K(4962816K)
[3187.038s][info][gc,metaspace   ] GC(681) Metaspace: 29086K(29376K)->29086K(29376K) NonClass: 25983K(26112K)->25983K(26112K) Class: 3102K(3264K)->3102K(3264K)
[3187.038s][info][gc             ] GC(681) Pause Young (Allocation Failure) 7253M->5001M(7393M) 100.261ms
[3187.038s][info][gc,cpu         ] GC(681) User=0.56s Sys=0.03s Real=0.10s
...[3190.457s][info][gc,start       ] GC(682) Pause Young (Allocation Failure)
[3190.556s][info][gc,heap        ] GC(682) PSYoungGen: 2580069K(2607616K)->153376K(2605568K) Eden: 2421248K(2421248K)->0K(2425344K) From: 158821K(186368K)->153376K(180224K)
[3190.556s][info][gc,heap        ] GC(682) ParOldGen: 4962449K(4962816K)->5067601K(5067776K)
[3190.556s][info][gc,metaspace   ] GC(682) Metaspace: 29086K(29376K)->29086K(29376K) NonClass: 25983K(26112K)->25983K(26112K) Class: 3102K(3264K)->3102K(3264K)
[3190.556s][info][gc             ] GC(682) Pause Young (Allocation Failure) 7365M->5098M(7493M) 98.602ms
[3190.556s][info][gc,cpu         ] GC(682) User=0.56s Sys=0.03s Real=0.10s
....[3193.924s][info][gc,start       ] GC(683) Pause Young (Allocation Failure)
[3194.029s][info][gc,heap        ] GC(683) PSYoungGen: 2578720K(2605568K)->164001K(2607104K) Eden: 2425344K(2425344K)->0K(2425344K) From: 153376K(180224K)->164001K(181760K)
[3194.029s][info][gc,heap        ] GC(683) ParOldGen: 5067601K(5067776K)->5172865K(5173248K)
[3194.029s][info][gc,metaspace   ] GC(683) Metaspace: 29086K(29376K)->29086K(29376K) NonClass: 25983K(26112K)->25983K(26112K) Class: 3102K(3264K)->3102K(3264K)
[3194.029s][info][gc             ] GC(683) Pause Young (Allocation Failure) 7467M->5211M(7598M) 104.944ms
[3194.029s][info][gc,cpu         ] GC(683) User=0.59s Sys=0.03s Real=0.11s
...[3197.448s][info][gc,start       ] GC(684) Pause Young (Allocation Failure)
[3197.545s][info][gc,heap        ] GC(684) PSYoungGen: 2589345K(2607104K)->147776K(2612736K) Eden: 2425344K(2425344K)->0K(2432000K) From: 164001K(181760K)->147776K(180736K)
[3197.545s][info][gc,heap        ] GC(684) ParOldGen: 5172865K(5173248K)->5276457K(5276672K)
[3197.545s][info][gc,metaspace   ] GC(684) Metaspace: 29086K(29376K)->29086K(29376K) NonClass: 25983K(26112K)->25983K(26112K) Class: 3102K(3264K)->3102K(3264K)
[3197.545s][info][gc             ] GC(684) Pause Young (Allocation Failure) 7580M->5297M(7704M) 97.601ms
[3197.545s][info][gc,cpu         ] GC(684) User=0.54s Sys=0.03s Real=0.10s
....[3200.940s][info][gc,start       ] GC(685) Pause Young (Allocation Failure)
[3201.038s][info][gc,heap        ] GC(685) PSYoungGen: 2579776K(2612736K)->149280K(2613248K) Eden: 2432000K(2432000K)->0K(2432000K) From: 147776K(180736K)->149280K(181248K)
[3201.038s][info][gc,heap        ] GC(685) ParOldGen: 5276457K(5276672K)->5380697K(5381120K)
[3201.038s][info][gc,metaspace   ] GC(685) Metaspace: 29086K(29376K)->29086K(29376K) NonClass: 25983K(26112K)->25983K(26112K) Class: 3102K(3264K)->3102K(3264K)
[3201.038s][info][gc             ] GC(685) Pause Young (Allocation Failure) 7672M->5400M(7807M) 98.028ms
[3201.038s][info][gc,cpu         ] GC(685) User=0.53s Sys=0.04s Real=0.10s
...[3204.432s][info][gc,start       ] GC(686) Pause Young (Allocation Failure)
[3204.532s][info][gc,heap        ] GC(686) PSYoungGen: 2581280K(2613248K)->155562K(2611712K) Eden: 2432000K(2432000K)->0K(2435072K) From: 149280K(181248K)->155562K(176640K)
[3204.532s][info][gc,heap        ] GC(686) ParOldGen: 5380697K(5381120K)->5483457K(5483520K)
[3204.532s][info][gc,metaspace   ] GC(686) Metaspace: 29086K(29376K)->29086K(29376K) NonClass: 25983K(26112K)->25983K(26112K) Class: 3102K(3264K)->3102K(3264K)
[3204.532s][info][gc             ] GC(686) Pause Young (Allocation Failure) 7775M->5506M(7905M) 100.100ms
[3204.532s][info][gc,cpu         ] GC(686) User=0.56s Sys=0.03s Real=0.10s
....[3207.981s][info][gc,start       ] GC(687) Pause Young (Allocation Failure)
[3208.082s][info][gc,heap        ] GC(687) PSYoungGen: 2590634K(2611712K)->157776K(2612736K) Eden: 2435072K(2435072K)->0K(2435072K) From: 155562K(176640K)->157776K(177664K)
[3208.082s][info][gc,heap        ] GC(687) ParOldGen: 5483457K(5483520K)->5587873K(5587968K)
[3208.082s][info][gc,metaspace   ] GC(687) Metaspace: 29086K(29376K)->29086K(29376K) NonClass: 25983K(26112K)->25983K(26112K) Class: 3102K(3264K)->3102K(3264K)
[3208.082s][info][gc             ] GC(687) Pause Young (Allocation Failure) 7884M->5610M(8008M) 101.104ms
[3208.082s][info][gc,cpu         ] GC(687) User=0.57s Sys=0.03s Real=0.10s
...[3211.380s][info][gc,start       ] GC(688) Pause Full (Allocation Failure)
[3211.380s][info][gc,phases,start] GC(688) Marking Phase
[3211.689s][info][gc,phases      ] GC(688) Marking Phase 309.011ms
[3211.689s][info][gc,phases,start] GC(688) Summary Phase
[3211.690s][info][gc,phases      ] GC(688) Summary Phase 0.115ms
[3211.690s][info][gc,phases,start] GC(688) Forward
[3211.816s][info][gc,phases      ] GC(688) Forward 125.369ms
[3211.816s][info][gc,phases,start] GC(688) Adjust Pointers
[3212.028s][info][gc,phases      ] GC(688) Adjust Pointers 212.690ms
[3212.028s][info][gc,phases,start] GC(688) Compaction Phase
[3212.176s][info][gc,phases      ] GC(688) Compaction Phase 147.410ms
[3212.177s][info][gc,phases,start] GC(688) Post Compact
[3212.185s][info][gc,phases      ] GC(688) Post Compact 7.123ms
[3212.313s][info][gc,heap        ] GC(688) PSYoungGen: 2592848K(2612736K)->0K(2618368K) Eden: 2435072K(2435072K)->0K(2441728K) From: 157776K(177664K)->0K(176640K)
[3212.313s][info][gc,heap        ] GC(688) ParOldGen: 5587873K(5587968K)->1612008K(1846272K)
[3212.313s][info][gc,metaspace   ] GC(688) Metaspace: 29086K(29376K)->29086K(29376K) NonClass: 25983K(26112K)->25983K(26112K) Class: 3102K(3264K)->3102K(3264K)
[3212.313s][info][gc             ] GC(688) Pause Full (Allocation Failure) 7988M->1574M(4360M) 932.775ms
[3212.313s][info][gc,cpu         ] GC(688) User=4.34s Sys=0.13s Real=0.93s
...[3215.024s][info][gc,start       ] GC(689) Pause Young (Allocation Failure)
[3215.088s][info][gc,heap        ] GC(689) PSYoungGen: 2441728K(2618368K)->156096K(2597888K) Eden: 2441728K(2441728K)->0K(2441728K) From: 0K(176640K)->156096K(156160K)
[3215.088s][info][gc,heap        ] GC(689) ParOldGen: 1612008K(1846272K)->1612008K(1846272K)
[3215.088s][info][gc,metaspace   ] GC(689) Metaspace: 29086K(29376K)->29086K(29376K) NonClass: 25983K(26112K)->25983K(26112K) Class: 3102K(3264K)->3102K(3264K)
[3215.088s][info][gc             ] GC(689) Pause Young (Allocation Failure) 3958M->1726M(4340M) 63.680ms
[3215.088s][info][gc,cpu         ] GC(689) User=0.38s Sys=0.00s Real=0.07s
....[3218.428s][info][gc,start       ] GC(690) Pause Young (Allocation Failure)
[3218.519s][info][gc,heap        ] GC(690) PSYoungGen: 2597824K(2597888K)->146176K(2617856K) Eden: 2441728K(2441728K)->0K(2443264K) From: 156096K(156160K)->146176K(174592K)
[3218.519s][info][gc,heap        ] GC(690) ParOldGen: 1612008K(1846272K)->1719080K(1846272K)
[3218.519s][info][gc,metaspace   ] GC(690) Metaspace: 29086K(29376K)->29086K(29376K) NonClass: 25983K(26112K)->25983K(26112K) Class: 3102K(3264K)->3102K(3264K)
[3218.519s][info][gc             ] GC(690) Pause Young (Allocation Failure) 4111M->1821M(4359M) 91.504ms
[3218.519s][info][gc,cpu         ] GC(690) User=0.54s Sys=0.00s Real=0.09s
...[3222.037s][info][gc,start       ] GC(691) Pause Young (Allocation Failure)
[3222.132s][info][gc,heap        ] GC(691) PSYoungGen: 2589440K(2617856K)->159061K(2617344K) Eden: 2443264K(2443264K)->0K(2443264K) From: 146176K(174592K)->159061K(174080K)
[3222.132s][info][gc,heap        ] GC(691) ParOldGen: 1719080K(1846272K)->1822064K(1846272K)
[3222.132s][info][gc,metaspace   ] GC(691) Metaspace: 29086K(29376K)->29086K(29376K) NonClass: 25983K(26112K)->25983K(26112K) Class: 3102K(3264K)->3102K(3264K)
[3222.132s][info][gc             ] GC(691) Pause Young (Allocation Failure) 4207M->1934M(4359M) 94.737ms
[3222.132s][info][gc,cpu         ] GC(691) User=0.56s Sys=0.00s Real=0.09s
....[3225.578s][info][gc,start       ] GC(692) Pause Young (Allocation Failure)
[3225.676s][info][gc,heap        ] GC(692) PSYoungGen: 2602325K(2617344K)->156900K(2620416K) Eden: 2443264K(2443264K)->0K(2447872K) From: 159061K(174080K)->156900K(172544K)
[3225.676s][info][gc,heap        ] GC(692) ParOldGen: 1822064K(1846272K)->1926088K(1926144K)
[3225.676s][info][gc,metaspace   ] GC(692) Metaspace: 29087K(29376K)->29087K(29376K) NonClass: 25984K(26112K)->25984K(26112K) Class: 3102K(3264K)->3102K(3264K)
[3225.676s][info][gc             ] GC(692) Pause Young (Allocation Failure) 4320M->2034M(4440M) 97.681ms
[3225.676s][info][gc,cpu         ] GC(692) User=0.55s Sys=0.03s Real=0.10s
...[3229.132s][info][gc,start       ] GC(693) Pause Young (Allocation Failure)
[3229.228s][info][gc,heap        ] GC(693) PSYoungGen: 2604772K(2620416K)->154304K(2620928K) Eden: 2447872K(2447872K)->0K(2447872K) From: 156900K(172544K)->154304K(173056K)
[3229.228s][info][gc,heap        ] GC(693) ParOldGen: 1926088K(1926144K)->2030872K(2031104K)
[3229.228s][info][gc,metaspace   ] GC(693) Metaspace: 29087K(29376K)->29087K(29376K) NonClass: 25984K(26112K)->25984K(26112K) Class: 3102K(3264K)->3102K(3264K)
[3229.228s][info][gc             ] GC(693) Pause Young (Allocation Failure) 4424M->2133M(4543M) 95.987ms
[3229.228s][info][gc,cpu         ] GC(693) User=0.53s Sys=0.04s Real=0.10s
....[3232.664s][info][gc,start       ] GC(694) Pause Young (Allocation Failure)
[3232.760s][info][gc,heap        ] GC(694) PSYoungGen: 2602176K(2620928K)->152576K(2621952K) Eden: 2447872K(2447872K)->0K(2451456K) From: 154304K(173056K)->152576K(170496K)
[3232.760s][info][gc,heap        ] GC(694) ParOldGen: 2030872K(2031104K)->2135520K(2135552K)
[3232.760s][info][gc,metaspace   ] GC(694) Metaspace: 29087K(29376K)->29087K(29376K) NonClass: 25984K(26112K)->25984K(26112K) Class: 3102K(3264K)->3102K(3264K)
[3232.760s][info][gc             ] GC(694) Pause Young (Allocation Failure) 4524M->2234M(4646M) 96.297ms
[3232.760s][info][gc,cpu         ] GC(694) User=0.54s Sys=0.03s Real=0.10s
... (rIR:aIR:PR = 4843:4844:4844) (tPR = 71909) [OK] 
  3235s: Performance info:
         Transaction,    Success,    Partial,     Failed,   Receipts, AvgBarcode, 
             Overall,     294961,          0,          0,     280243,      59.48, 
         Response times:
             Request,    Success,    Partial,     Failed,   SkipFail,     Probes,    Samples,      min,      p50,      p90,      p95,      p99,      max, 
       TotalPurchase,     280256,          0,          0,          0,     271412,     298945,      300,     3600,     6300,    10600,    33000,   950000,
     InStorePurchase,     147470,          0,          0,          0,     143139,     157491,      300,     3700,     6300,    10500,    33000,   950000,
      OnlinePurchase,     103317,          0,          0,          0,     100088,     110256,      300,     3400,     6300,    10500,    33000,   950000,
        InstPurchase,      29469,          0,          0,          0,      28185,      31198,      500,     3800,     6500,    12000,    37000,   950000,
          AssocOfCat,        294,          0,          0,          0,        223,        300,    18900,    29000,    39000,    42950,   132430,   143000,
      AssocOfProduct,       2938,          0,          0,          0,       2696,       3179,      500,     3200,     6100,     7600,    26200,   104000,
      BusinessReport,        739,          0,          0,          0,        624,        767,    25000,    34000,    51000,    73800,   138320,   970000,
          CustBuyBeh,       2942,          0,          0,          0,       2687,       3222,      400,     2800,     6100,     8300,    25770,   940000,
       ProductReturn,       7803,          0,          0,          0,       7305,       8366,      200,     3450,     6130,     9165,    34330,   940000,

  3235s: (36%)   IR =   4981 [3236.189s][info][gc,start       ] GC(695) Pause Young (Allocation Failure)
[3236.288s][info][gc,heap        ] GC(695) PSYoungGen: 2604032K(2621952K)->151600K(2621440K) Eden: 2451456K(2451456K)->0K(2451456K) From: 152576K(170496K)->151600K(169984K)
[3236.288s][info][gc,heap        ] GC(695) ParOldGen: 2135520K(2135552K)->2240264K(2240512K)
[3236.288s][info][gc,metaspace   ] GC(695) Metaspace: 29087K(29376K)->29087K(29376K) NonClass: 25984K(26112K)->25984K(26112K) Class: 3102K(3264K)->3102K(3264K)
[3236.288s][info][gc             ] GC(695) Pause Young (Allocation Failure) 4628M->2335M(4748M) 99.317ms
[3236.288s][info][gc,cpu         ] GC(695) User=0.56s Sys=0.03s Real=0.10s
....[3239.604s][info][gc,start       ] GC(696) Pause Young (Allocation Failure)
[3239.697s][info][gc,heap        ] GC(696) PSYoungGen: 2603056K(2621440K)->149664K(2625024K) Eden: 2451456K(2451456K)->0K(2456064K) From: 151600K(169984K)->149664K(168960K)
[3239.697s][info][gc,heap        ] GC(696) ParOldGen: 2240264K(2240512K)->2344096K(2344448K)
[3239.697s][info][gc,metaspace   ] GC(696) Metaspace: 29087K(29376K)->29087K(29376K) NonClass: 25984K(26112K)->25984K(26112K) Class: 3102K(3264K)->3102K(3264K)
[3239.697s][info][gc             ] GC(696) Pause Young (Allocation Failure) 4729M->2435M(4853M) 93.144ms
[3239.697s][info][gc,cpu         ] GC(696) User=0.52s Sys=0.03s Real=0.10s
.|..[3243.017s][info][gc,start       ] GC(697) Pause Young (Allocation Failure)
[3243.112s][info][gc,heap        ] GC(697) PSYoungGen: 2605728K(2625024K)->151840K(2624512K) Eden: 2456064K(2456064K)->0K(2456064K) From: 149664K(168960K)->151840K(168448K)
[3243.112s][info][gc,heap        ] GC(697) ParOldGen: 2344096K(2344448K)->2448592K(2448896K)
[3243.112s][info][gc,metaspace   ] GC(697) Metaspace: 29087K(29376K)->29087K(29376K) NonClass: 25984K(26112K)->25984K(26112K) Class: 3102K(3264K)->3102K(3264K)
[3243.112s][info][gc             ] GC(697) Pause Young (Allocation Failure) 4833M->2539M(4954M) 94.682ms
[3243.112s][info][gc,cpu         ] GC(697) User=0.53s Sys=0.03s Real=0.09s
...[3246.389s][info][gc,start       ] GC(698) Pause Young (Allocation Failure)
[3246.482s][info][gc,heap        ] GC(698) PSYoungGen: 2607904K(2624512K)->146848K(2626048K) Eden: 2456064K(2456064K)->0K(2458624K) From: 151840K(168448K)->146848K(167424K)
[3246.482s][info][gc,heap        ] GC(698) ParOldGen: 2448592K(2448896K)->2552632K(2552832K)
[3246.482s][info][gc,metaspace   ] GC(698) Metaspace: 29087K(29376K)->29087K(29376K) NonClass: 25984K(26112K)->25984K(26112K) Class: 3102K(3264K)->3102K(3264K)
[3246.482s][info][gc             ] GC(698) Pause Young (Allocation Failure) 4937M->2636M(5057M) 93.488ms
[3246.482s][info][gc,cpu         ] GC(698) User=0.51s Sys=0.04s Real=0.09s
....[3249.902s][info][gc,start       ] GC(699) Pause Young (Allocation Failure)
[3249.998s][info][gc,heap        ] GC(699) PSYoungGen: 2605472K(2626048K)->154208K(2626048K) Eden: 2458624K(2458624K)->0K(2458624K) From: 146848K(167424K)->154208K(167424K)
[3249.998s][info][gc,heap        ] GC(699) ParOldGen: 2552632K(2552832K)->2655424K(2655744K)
[3249.998s][info][gc,metaspace   ] GC(699) Metaspace: 29087K(29376K)->29087K(29376K) NonClass: 25984K(26112K)->25984K(26112K) Class: 3102K(3264K)->3102K(3264K)
[3249.998s][info][gc             ] GC(699) Pause Young (Allocation Failure) 5037M->2743M(5158M) 96.324ms
[3249.998s][info][gc,cpu         ] GC(699) User=0.55s Sys=0.03s Real=0.10s
...[3253.418s][info][gc,start       ] GC(700) Pause Young (Allocation Failure)
[3253.514s][info][gc,heap        ] GC(700) PSYoungGen: 2612832K(2626048K)->151424K(2627584K) Eden: 2458624K(2458624K)->0K(2462208K) From: 154208K(167424K)->151424K(165376K)
[3253.514s][info][gc,heap        ] GC(700) ParOldGen: 2655424K(2655744K)->2760424K(2760704K)
[3253.514s][info][gc,metaspace   ] GC(700) Metaspace: 29087K(29376K)->29087K(29376K) NonClass: 25984K(26112K)->25984K(26112K) Class: 3102K(3264K)->3102K(3264K)
[3253.514s][info][gc             ] GC(700) Pause Young (Allocation Failure) 5144M->2843M(5262M) 95.830ms
[3253.514s][info][gc,cpu         ] GC(700) User=0.53s Sys=0.04s Real=0.09s
....[3256.876s][info][gc,start       ] GC(701) Pause Young (Allocation Failure)
[3256.976s][info][gc,heap        ] GC(701) PSYoungGen: 2613632K(2627584K)->157984K(2627584K) Eden: 2462208K(2462208K)->0K(2462208K) From: 151424K(165376K)->157984K(165376K)
[3256.976s][info][gc,heap        ] GC(701) ParOldGen: 2760424K(2760704K)->2866736K(2867200K)
[3256.976s][info][gc,metaspace   ] GC(701) Metaspace: 29087K(29376K)->29087K(29376K) NonClass: 25984K(26112K)->25984K(26112K) Class: 3102K(3264K)->3102K(3264K)
[3256.976s][info][gc             ] GC(701) Pause Young (Allocation Failure) 5248M->2953M(5366M) 100.020ms
[3256.976s][info][gc,cpu         ] GC(701) User=0.56s Sys=0.04s Real=0.10s
...[3260.286s][info][gc,start       ] GC(702) Pause Young (Allocation Failure)
[3260.386s][info][gc,heap        ] GC(702) PSYoungGen: 2620192K(2627584K)->159311K(2628096K) Eden: 2462208K(2462208K)->0K(2462208K) From: 157984K(165376K)->159311K(165888K)
[3260.387s][info][gc,heap        ] GC(702) ParOldGen: 2866736K(2867200K)->2972376K(2972672K)
[3260.387s][info][gc,metaspace   ] GC(702) Metaspace: 29087K(29376K)->29087K(29376K) NonClass: 25984K(26112K)->25984K(26112K) Class: 3102K(3264K)->3102K(3264K)
[3260.387s][info][gc             ] GC(702) Pause Young (Allocation Failure) 5358M->3058M(5469M) 100.529ms
[3260.387s][info][gc,cpu         ] GC(702) User=0.56s Sys=0.03s Real=0.10s
....[3263.739s][info][gc,start       ] GC(703) Pause Young (Allocation Failure)
[3263.833s][info][gc,heap        ] GC(703) PSYoungGen: 2621519K(2628096K)->149536K(2629120K) Eden: 2462208K(2462208K)->0K(2462208K) From: 159311K(165888K)->149536K(166912K)
[3263.833s][info][gc,heap        ] GC(703) ParOldGen: 2972376K(2972672K)->3076896K(3077120K)
[3263.833s][info][gc,metaspace   ] GC(703) Metaspace: 29087K(29376K)->29087K(29376K) NonClass: 25984K(26112K)->25984K(26112K) Class: 3102K(3264K)->3102K(3264K)
[3263.833s][info][gc             ] GC(703) Pause Young (Allocation Failure) 5462M->3150M(5572M) 94.051ms
[3263.833s][info][gc,cpu         ] GC(703) User=0.53s Sys=0.03s Real=0.09s
...[3267.198s][info][gc,start       ] GC(704) Pause Young (Allocation Failure)
[3267.296s][info][gc,heap        ] GC(704) PSYoungGen: 2611744K(2629120K)->156656K(2628608K) Eden: 2462208K(2462208K)->0K(2462720K) From: 149536K(166912K)->156656K(165888K)
[3267.296s][info][gc,heap        ] GC(704) ParOldGen: 3076896K(3077120K)->3180568K(3181056K)
[3267.296s][info][gc,metaspace   ] GC(704) Metaspace: 29087K(29376K)->29087K(29376K) NonClass: 25984K(26112K)->25984K(26112K) Class: 3102K(3264K)->3102K(3264K)
[3267.296s][info][gc             ] GC(704) Pause Young (Allocation Failure) 5555M->3259M(5673M) 98.835ms
[3267.297s][info][gc,cpu         ] GC(704) User=0.56s Sys=0.03s Real=0.10s
....[3270.660s][info][gc,start       ] GC(705) Pause Young (Allocation Failure)
[3270.758s][info][gc,heap        ] GC(705) PSYoungGen: 2619376K(2628608K)->153926K(2616832K) Eden: 2462720K(2462720K)->0K(2462720K) From: 156656K(165888K)->153926K(154112K)
[3270.758s][info][gc,heap        ] GC(705) ParOldGen: 3180568K(3181056K)->3286312K(3286528K)
[3270.758s][info][gc,metaspace   ] GC(705) Metaspace: 29087K(29376K)->29087K(29376K) NonClass: 25984K(26112K)->25984K(26112K) Class: 3102K(3264K)->3102K(3264K)
[3270.758s][info][gc             ] GC(705) Pause Young (Allocation Failure) 5664M->3359M(5765M) 97.951ms
[3270.758s][info][gc,cpu         ] GC(705) User=0.54s Sys=0.04s Real=0.10s
...[3274.033s][info][gc,start       ] GC(706) Pause Young (Allocation Failure)
[3274.130s][info][gc,heap        ] GC(706) PSYoungGen: 2616646K(2616832K)->150752K(2629120K) Eden: 2462720K(2462720K)->0K(2464256K) From: 153926K(154112K)->150752K(164864K)
[3274.130s][info][gc,heap        ] GC(706) ParOldGen: 3286312K(3286528K)->3392440K(3392512K)
[3274.130s][info][gc,metaspace   ] GC(706) Metaspace: 29087K(29376K)->29087K(29376K) NonClass: 25984K(26112K)->25984K(26112K) Class: 3102K(3264K)->3102K(3264K)
[3274.130s][info][gc             ] GC(706) Pause Young (Allocation Failure) 5764M->3460M(5880M) 96.732ms
[3274.130s][info][gc,cpu         ] GC(706) User=0.55s Sys=0.03s Real=0.10s
...[3277.524s][info][gc,start       ] GC(707) Pause Young (Allocation Failure)
[3277.622s][info][gc,heap        ] GC(707) PSYoungGen: 2615008K(2629120K)->155664K(2628608K) Eden: 2464256K(2464256K)->0K(2464256K) From: 150752K(164864K)->155664K(164352K)
[3277.622s][info][gc,heap        ] GC(707) ParOldGen: 3392440K(3392512K)->3496040K(3496448K)
[3277.622s][info][gc,metaspace   ] GC(707) Metaspace: 29087K(29376K)->29087K(29376K) NonClass: 25984K(26112K)->25984K(26112K) Class: 3102K(3264K)->3102K(3264K)
[3277.622s][info][gc             ] GC(707) Pause Young (Allocation Failure) 5866M->3566M(5981M) 98.036ms
[3277.623s][info][gc,cpu         ] GC(707) User=0.55s Sys=0.03s Real=0.10s
....[3280.979s][info][gc,start       ] GC(708) Pause Young (Allocation Failure)
[3281.077s][info][gc,heap        ] GC(708) PSYoungGen: 2619920K(2628608K)->154240K(2630144K) Eden: 2464256K(2464256K)->0K(2467328K) From: 155664K(164352K)->154240K(162816K)
[3281.077s][info][gc,heap        ] GC(708) ParOldGen: 3496040K(3496448K)->3599944K(3600384K)
[3281.077s][info][gc,metaspace   ] GC(708) Metaspace: 29087K(29376K)->29087K(29376K) NonClass: 25984K(26112K)->25984K(26112K) Class: 3102K(3264K)->3102K(3264K)
[3281.077s][info][gc             ] GC(708) Pause Young (Allocation Failure) 5972M->3666M(6084M) 98.119ms
[3281.077s][info][gc,cpu         ] GC(708) User=0.55s Sys=0.03s Real=0.10s
...[3284.453s][info][gc,start       ] GC(709) Pause Young (Allocation Failure)
[3284.550s][info][gc,heap        ] GC(709) PSYoungGen: 2621568K(2630144K)->148480K(2630656K) Eden: 2467328K(2467328K)->0K(2467328K) From: 154240K(162816K)->148480K(163328K)
[3284.550s][info][gc,heap        ] GC(709) ParOldGen: 3599944K(3600384K)->3705744K(3705856K)
[3284.550s][info][gc,metaspace   ] GC(709) Metaspace: 29087K(29376K)->29087K(29376K) NonClass: 25984K(26112K)->25984K(26112K) Class: 3102K(3264K)->3102K(3264K)
[3284.550s][info][gc             ] GC(709) Pause Young (Allocation Failure) 6075M->3763M(6188M) 96.900ms
[3284.550s][info][gc,cpu         ] GC(709) User=0.54s Sys=0.03s Real=0.10s
....[3287.927s][info][gc,start       ] GC(710) Pause Young (Allocation Failure)
[3288.025s][info][gc,heap        ] GC(710) PSYoungGen: 2615808K(2630656K)->153728K(2630656K) Eden: 2467328K(2467328K)->0K(2469376K) From: 148480K(163328K)->153728K(161280K)
[3288.025s][info][gc,heap        ] GC(710) ParOldGen: 3705744K(3705856K)->3810048K(3810304K)
[3288.025s][info][gc,metaspace   ] GC(710) Metaspace: 29087K(29376K)->29087K(29376K) NonClass: 25984K(26112K)->25984K(26112K) Class: 3102K(3264K)->3102K(3264K)
[3288.025s][info][gc             ] GC(710) Pause Young (Allocation Failure) 6173M->3870M(6290M) 97.507ms
[3288.025s][info][gc,cpu         ] GC(710) User=0.54s Sys=0.04s Real=0.10s
...[3291.361s][info][gc,start       ] GC(711) Pause Young (Allocation Failure)
[3291.460s][info][gc,heap        ] GC(711) PSYoungGen: 2623104K(2630656K)->149920K(2631680K) Eden: 2469376K(2469376K)->0K(2469376K) From: 153728K(161280K)->149920K(162304K)
[3291.460s][info][gc,heap        ] GC(711) ParOldGen: 3810048K(3810304K)->3916384K(3916800K)
[3291.460s][info][gc,metaspace   ] GC(711) Metaspace: 29087K(29376K)->29087K(29376K) NonClass: 25984K(26112K)->25984K(26112K) Class: 3102K(3264K)->3102K(3264K)
[3291.460s][info][gc             ] GC(711) Pause Young (Allocation Failure) 6282M->3971M(6395M) 99.126ms
[3291.460s][info][gc,cpu         ] GC(711) User=0.56s Sys=0.02s Real=0.10s
....[3294.776s][info][gc,start       ] GC(712) Pause Young (Allocation Failure)
[3294.872s][info][gc,heap        ] GC(712) PSYoungGen: 2619296K(2631680K)->150976K(2632704K) Eden: 2469376K(2469376K)->0K(2471424K) From: 149920K(162304K)->150976K(161280K)
[3294.872s][info][gc,heap        ] GC(712) ParOldGen: 3916384K(3916800K)->4020712K(4020736K)
[3294.872s][info][gc,metaspace   ] GC(712) Metaspace: 29087K(29376K)->29087K(29376K) NonClass: 25984K(26112K)->25984K(26112K) Class: 3102K(3264K)->3102K(3264K)
[3294.872s][info][gc             ] GC(712) Pause Young (Allocation Failure) 6382M->4073M(6497M) 96.618ms
[3294.872s][info][gc,cpu         ] GC(712) User=0.54s Sys=0.03s Real=0.09s
...[3298.311s][info][gc,start       ] GC(713) Pause Young (Allocation Failure)
[3298.410s][info][gc,heap        ] GC(713) PSYoungGen: 2622400K(2632704K)->157076K(2633216K) Eden: 2471424K(2471424K)->0K(2471424K) From: 150976K(161280K)->157076K(161792K)
[3298.411s][info][gc,heap        ] GC(713) ParOldGen: 4020712K(4020736K)->4124224K(4124672K)
[3298.411s][info][gc,metaspace   ] GC(713) Metaspace: 29087K(29376K)->29087K(29376K) NonClass: 25984K(26112K)->25984K(26112K) Class: 3102K(3264K)->3102K(3264K)
[3298.411s][info][gc             ] GC(713) Pause Young (Allocation Failure) 6487M->4180M(6599M) 99.523ms
[3298.411s][info][gc,cpu         ] GC(713) User=0.56s Sys=0.03s Real=0.10s
... (rIR:aIR:PR = 4981:4981:4981) (tPR = 74514) [OK] 
  3300s: Performance info:
         Transaction,    Success,    Partial,     Failed,   Receipts, AvgBarcode, 
             Overall,     300165,          0,          0,     285148,      59.47, 
         Response times:
             Request,    Success,    Partial,     Failed,   SkipFail,     Probes,    Samples,      min,      p50,      p90,      p95,      p99,      max, 
       TotalPurchase,     285148,          0,          0,          0,     278987,     303892,      300,     3700,     6400,     8100,    28000,   124000,
     InStorePurchase,     150061,          0,          0,          0,     147225,     159808,      300,     3800,     6400,     8100,    28910,   124000,
      OnlinePurchase,     105075,          0,          0,          0,     102561,     111836,      300,     3600,     6300,     8000,    28000,   115000,
        InstPurchase,      30012,          0,          0,          0,      29201,      32248,      400,     3300,     6400,     8200,    31000,   115000,
          AssocOfCat,        299,          0,          0,          0,        233,        331,    17900,    29000,    40000,    55000,   132120,   141000,
      AssocOfProduct,       3011,          0,          0,          0,       2772,       3127,      400,     3900,     6500,     7900,    34000,   115000,
      BusinessReport,        749,          0,          0,          0,        632,        757,    25000,    34000,    48000,    54000,    87500,   155000,
          CustBuyBeh,       3000,          0,          0,          0,       2765,       3221,      200,     4700,     6780,     8600,    32000,   112000,
       ProductReturn,       7958,          0,          0,          0,       7496,       8476,      200,     3700,     6400,     8000,    27230,   114000,

  3300s: (37%)   IR =   5120 .[3301.753s][info][gc,start       ] GC(714) Pause Young (Allocation Failure)
[3301.851s][info][gc,heap        ] GC(714) PSYoungGen: 2628500K(2633216K)->155488K(2633728K) Eden: 2471424K(2471424K)->0K(2471424K) From: 157076K(161792K)->155488K(162304K)
[3301.851s][info][gc,heap        ] GC(714) ParOldGen: 4124224K(4124672K)->4230528K(4230656K)
[3301.851s][info][gc,metaspace   ] GC(714) Metaspace: 29087K(29376K)->29087K(29376K) NonClass: 25984K(26112K)->25984K(26112K) Class: 3102K(3264K)->3102K(3264K)
[3301.851s][info][gc             ] GC(714) Pause Young (Allocation Failure) 6594M->4283M(6703M) 98.670ms
[3301.851s][info][gc,cpu         ] GC(714) User=0.55s Sys=0.03s Real=0.10s
...[3305.109s][info][gc,start       ] GC(715) Pause Young (Allocation Failure)
[3305.207s][info][gc,heap        ] GC(715) PSYoungGen: 2626912K(2633728K)->153088K(2624512K) Eden: 2471424K(2471424K)->0K(2471424K) From: 155488K(162304K)->153088K(153088K)
[3305.207s][info][gc,heap        ] GC(715) ParOldGen: 4230528K(4230656K)->4336600K(4336640K)
[3305.207s][info][gc,metaspace   ] GC(715) Metaspace: 29087K(29376K)->29087K(29376K) NonClass: 25984K(26112K)->25984K(26112K) Class: 3102K(3264K)->3102K(3264K)
[3305.207s][info][gc             ] GC(715) Pause Young (Allocation Failure) 6696M->4384M(6798M) 98.422ms
[3305.207s][info][gc,cpu         ] GC(715) User=0.55s Sys=0.03s Real=0.10s
.|..[3308.488s][info][gc,start       ] GC(716) Pause Young (Allocation Failure)
[3308.591s][info][gc,heap        ] GC(716) PSYoungGen: 2624512K(2624512K)->161253K(2552832K) Eden: 2471424K(2471424K)->0K(2391552K) From: 153088K(153088K)->161253K(161280K)
[3308.591s][info][gc,heap        ] GC(716) ParOldGen: 4336600K(4336640K)->4440680K(4441088K)
[3308.591s][info][gc,metaspace   ] GC(716) Metaspace: 29087K(29376K)->29087K(29376K) NonClass: 25984K(26112K)->25984K(26112K) Class: 3102K(3264K)->3102K(3264K)
[3308.591s][info][gc             ] GC(716) Pause Young (Allocation Failure) 6797M->4494M(6830M) 102.970ms
[3308.591s][info][gc,cpu         ] GC(716) User=0.57s Sys=0.04s Real=0.10s
....[3311.783s][info][gc,start       ] GC(717) Pause Young (Allocation Failure)
[3311.883s][info][gc,heap        ] GC(717) PSYoungGen: 2552805K(2552832K)->154741K(2593792K) Eden: 2391552K(2391552K)->0K(2391552K) From: 161253K(161280K)->154741K(202240K)
[3311.883s][info][gc,heap        ] GC(717) ParOldGen: 4440680K(4441088K)->4545720K(4546048K)
[3311.883s][info][gc,metaspace   ] GC(717) Metaspace: 29087K(29376K)->29087K(29376K) NonClass: 25984K(26112K)->25984K(26112K) Class: 3102K(3264K)->3102K(3264K)
[3311.883s][info][gc             ] GC(717) Pause Young (Allocation Failure) 6829M->4590M(6972M) 99.300ms
[3311.883s][info][gc,cpu         ] GC(717) User=0.55s Sys=0.03s Real=0.10s
...[3315.036s][info][gc,start       ] GC(718) Pause Young (Allocation Failure)
[3315.133s][info][gc,heap        ] GC(718) PSYoungGen: 2546293K(2593792K)->149472K(2588672K) Eden: 2391552K(2391552K)->0K(2393600K) From: 154741K(202240K)->149472K(195072K)
[3315.133s][info][gc,heap        ] GC(718) ParOldGen: 4545720K(4546048K)->4650464K(4650496K)
[3315.133s][info][gc,metaspace   ] GC(718) Metaspace: 29087K(29376K)->29087K(29376K) NonClass: 25984K(26112K)->25984K(26112K) Class: 3102K(3264K)->3102K(3264K)
[3315.133s][info][gc             ] GC(718) Pause Young (Allocation Failure) 6925M->4687M(7069M) 96.462ms
[3315.133s][info][gc,cpu         ] GC(718) User=0.54s Sys=0.03s Real=0.09s
...[3318.252s][info][gc,start       ] GC(719) Pause Young (Allocation Failure)
[3318.347s][info][gc,heap        ] GC(719) PSYoungGen: 2543072K(2588672K)->144128K(2592256K) Eden: 2393600K(2393600K)->0K(2393600K) From: 149472K(195072K)->144128K(198656K)
[3318.347s][info][gc,heap        ] GC(719) ParOldGen: 4650464K(4650496K)->4753168K(4753408K)
[3318.347s][info][gc,metaspace   ] GC(719) Metaspace: 29087K(29376K)->29087K(29376K) NonClass: 25984K(26112K)->25984K(26112K) Class: 3102K(3264K)->3102K(3264K)
[3318.347s][info][gc             ] GC(719) Pause Young (Allocation Failure) 7024M->4782M(7173M) 95.423ms
[3318.347s][info][gc,cpu         ] GC(719) User=0.53s Sys=0.03s Real=0.10s
...[3321.477s][info][gc,start       ] GC(720) Pause Young (Allocation Failure)
[3321.572s][info][gc,heap        ] GC(720) PSYoungGen: 2537728K(2592256K)->144704K(2594816K) Eden: 2393600K(2393600K)->0K(2399232K) From: 144128K(198656K)->144704K(195584K)
[3321.572s][info][gc,heap        ] GC(720) ParOldGen: 4753168K(4753408K)->4855136K(4855296K)
[3321.572s][info][gc,metaspace   ] GC(720) Metaspace: 29087K(29376K)->29087K(29376K) NonClass: 25984K(26112K)->25984K(26112K) Class: 3102K(3264K)->3102K(3264K)
[3321.573s][info][gc             ] GC(720) Pause Young (Allocation Failure) 7120M->4882M(7275M) 95.617ms
[3321.573s][info][gc,cpu         ] GC(720) User=0.54s Sys=0.03s Real=0.09s
....[3324.800s][info][gc,start       ] GC(721) Pause Young (Allocation Failure)
[3324.898s][info][gc,heap        ] GC(721) PSYoungGen: 2543936K(2594816K)->150963K(2596352K) Eden: 2399232K(2399232K)->0K(2399232K) From: 144704K(195584K)->150963K(197120K)
[3324.898s][info][gc,heap        ] GC(721) ParOldGen: 4855136K(4855296K)->4957000K(4957184K)
[3324.898s][info][gc,metaspace   ] GC(721) Metaspace: 29087K(29376K)->29087K(29376K) NonClass: 25984K(26112K)->25984K(26112K) Class: 3102K(3264K)->3102K(3264K)
[3324.899s][info][gc             ] GC(721) Pause Young (Allocation Failure) 7225M->4988M(7376M) 98.985ms
[3324.899s][info][gc,cpu         ] GC(721) User=0.56s Sys=0.02s Real=0.10s
...[3328.025s][info][gc,start       ] GC(722) Pause Young (Allocation Failure)
[3328.123s][info][gc,heap        ] GC(722) PSYoungGen: 2550195K(2596352K)->152976K(2594816K) Eden: 2399232K(2399232K)->0K(2404352K) From: 150963K(197120K)->152976K(190464K)
[3328.123s][info][gc,heap        ] GC(722) ParOldGen: 4957000K(4957184K)->5062312K(5062656K)
[3328.123s][info][gc,metaspace   ] GC(722) Metaspace: 29087K(29376K)->29087K(29376K) NonClass: 25984K(26112K)->25984K(26112K) Class: 3102K(3264K)->3102K(3264K)
[3328.123s][info][gc             ] GC(722) Pause Young (Allocation Failure) 7331M->5093M(7478M) 98.505ms
[3328.123s][info][gc,cpu         ] GC(722) User=0.54s Sys=0.03s Real=0.09s
...[3331.323s][info][gc,start       ] GC(723) Pause Young (Allocation Failure)
[3331.424s][info][gc,heap        ] GC(723) PSYoungGen: 2557328K(2594816K)->156448K(2596352K) Eden: 2404352K(2404352K)->0K(2404352K) From: 152976K(190464K)->156448K(192000K)
[3331.424s][info][gc,heap        ] GC(723) ParOldGen: 5062312K(5062656K)->5164224K(5164544K)
[3331.424s][info][gc,metaspace   ] GC(723) Metaspace: 29087K(29376K)->29087K(29376K) NonClass: 25984K(26112K)->25984K(26112K) Class: 3102K(3264K)->3102K(3264K)
[3331.424s][info][gc             ] GC(723) Pause Young (Allocation Failure) 7441M->5195M(7579M) 100.972ms
[3331.425s][info][gc,cpu         ] GC(723) User=0.56s Sys=0.04s Real=0.11s
...[3334.623s][info][gc,start       ] GC(724) Pause Young (Allocation Failure)
[3334.725s][info][gc,heap        ] GC(724) PSYoungGen: 2560800K(2596352K)->157316K(2599424K) Eden: 2404352K(2404352K)->0K(2415104K) From: 156448K(192000K)->157316K(184320K)
[3334.725s][info][gc,heap        ] GC(724) ParOldGen: 5164224K(5164544K)->5267416K(5267456K)
[3334.725s][info][gc,metaspace   ] GC(724) Metaspace: 29087K(29376K)->29087K(29376K) NonClass: 25984K(26112K)->25984K(26112K) Class: 3102K(3264K)->3102K(3264K)
[3334.725s][info][gc             ] GC(724) Pause Young (Allocation Failure) 7543M->5297M(7682M) 101.712ms
[3334.725s][info][gc,cpu         ] GC(724) User=0.57s Sys=0.03s Real=0.11s
....[3337.866s][info][gc,start       ] GC(725) Pause Young (Allocation Failure)
[3337.962s][info][gc,heap        ] GC(725) PSYoungGen: 2572420K(2599424K)->147808K(2600960K) Eden: 2415104K(2415104K)->0K(2415104K) From: 157316K(184320K)->147808K(185856K)
[3337.962s][info][gc,heap        ] GC(725) ParOldGen: 5267416K(5267456K)->5371864K(5371904K)
[3337.962s][info][gc,metaspace   ] GC(725) Metaspace: 29087K(29376K)->29087K(29376K) NonClass: 25984K(26112K)->25984K(26112K) Class: 3102K(3264K)->3102K(3264K)
[3337.962s][info][gc             ] GC(725) Pause Young (Allocation Failure) 7656M->5390M(7786M) 96.148ms
[3337.962s][info][gc,cpu         ] GC(725) User=0.53s Sys=0.04s Real=0.09s
...[3341.159s][info][gc,start       ] GC(726) Pause Young (Allocation Failure)
[3341.257s][info][gc,heap        ] GC(726) PSYoungGen: 2562912K(2600960K)->151957K(2606080K) Eden: 2415104K(2415104K)->0K(2425856K) From: 147808K(185856K)->151957K(180224K)
[3341.257s][info][gc,heap        ] GC(726) ParOldGen: 5371864K(5371904K)->5474088K(5474304K)
[3341.257s][info][gc,metaspace   ] GC(726) Metaspace: 29087K(29376K)->29087K(29376K) NonClass: 25984K(26112K)->25984K(26112K) Class: 3102K(3264K)->3102K(3264K)
[3341.257s][info][gc             ] GC(726) Pause Young (Allocation Failure) 7748M->5494M(7891M) 97.650ms
[3341.257s][info][gc,cpu         ] GC(726) User=0.55s Sys=0.02s Real=0.10s
...[3344.514s][info][gc,start       ] GC(727) Pause Young (Allocation Failure)
[3344.611s][info][gc,heap        ] GC(727) PSYoungGen: 2577813K(2606080K)->148832K(2608128K) Eden: 2425856K(2425856K)->0K(2425856K) From: 151957K(180224K)->148832K(182272K)
[3344.611s][info][gc,heap        ] GC(727) ParOldGen: 5474088K(5474304K)->5577744K(5578240K)
[3344.611s][info][gc,metaspace   ] GC(727) Metaspace: 29087K(29376K)->29087K(29376K) NonClass: 25984K(26112K)->25984K(26112K) Class: 3102K(3264K)->3102K(3264K)
[3344.611s][info][gc             ] GC(727) Pause Young (Allocation Failure) 7863M->5592M(7994M) 97.494ms
[3344.611s][info][gc,cpu         ] GC(727) User=0.53s Sys=0.04s Real=0.10s
....[3347.811s][info][gc,start       ] GC(728) Pause Full (Allocation Failure)
[3347.811s][info][gc,phases,start] GC(728) Marking Phase
[3348.125s][info][gc,phases      ] GC(728) Marking Phase 313.117ms
[3348.125s][info][gc,phases,start] GC(728) Summary Phase
[3348.125s][info][gc,phases      ] GC(728) Summary Phase 0.101ms
[3348.125s][info][gc,phases,start] GC(728) Forward
[3348.249s][info][gc,phases      ] GC(728) Forward 124.709ms
[3348.249s][info][gc,phases,start] GC(728) Adjust Pointers
[3348.463s][info][gc,phases      ] GC(728) Adjust Pointers 213.217ms
[3348.463s][info][gc,phases,start] GC(728) Compaction Phase
[3348.614s][info][gc,phases      ] GC(728) Compaction Phase 150.844ms
[3348.615s][info][gc,phases,start] GC(728) Post Compact
[3348.621s][info][gc,phases      ] GC(728) Post Compact 6.914ms
[3348.744s][info][gc,heap        ] GC(728) PSYoungGen: 2574688K(2608128K)->0K(2612736K) Eden: 2425856K(2425856K)->0K(2432512K) From: 148832K(182272K)->0K(180224K)
[3348.745s][info][gc,heap        ] GC(728) ParOldGen: 5577744K(5578240K)->1613972K(1854464K)
[3348.745s][info][gc,metaspace   ] GC(728) Metaspace: 29087K(29376K)->29087K(29376K) NonClass: 25984K(26112K)->25984K(26112K) Class: 3102K(3264K)->3102K(3264K)
[3348.745s][info][gc             ] GC(728) Pause Full (Allocation Failure) 7961M->1576M(4362M) 933.111ms
[3348.745s][info][gc,cpu         ] GC(728) User=4.43s Sys=0.12s Real=0.94s
...[3351.212s][info][gc,start       ] GC(729) Pause Young (Allocation Failure)
[3351.278s][info][gc,heap        ] GC(729) PSYoungGen: 2432512K(2612736K)->157412K(2613760K) Eden: 2432512K(2432512K)->0K(2432512K) From: 0K(180224K)->157412K(181248K)
[3351.278s][info][gc,heap        ] GC(729) ParOldGen: 1613972K(1854464K)->1613972K(1854464K)
[3351.278s][info][gc,metaspace   ] GC(729) Metaspace: 29087K(29376K)->29087K(29376K) NonClass: 25984K(26112K)->25984K(26112K) Class: 3102K(3264K)->3102K(3264K)
[3351.278s][info][gc             ] GC(729) Pause Young (Allocation Failure) 3951M->1729M(4363M) 66.222ms
[3351.278s][info][gc,cpu         ] GC(729) User=0.38s Sys=0.01s Real=0.07s
...[3354.438s][info][gc,start       ] GC(730) Pause Young (Allocation Failure)
[3354.527s][info][gc,heap        ] GC(730) PSYoungGen: 2589924K(2613760K)->143712K(2613760K) Eden: 2432512K(2432512K)->0K(2434560K) From: 157412K(181248K)->143712K(179200K)
[3354.528s][info][gc,heap        ] GC(730) ParOldGen: 1613972K(1854464K)->1722972K(1854464K)
[3354.528s][info][gc,metaspace   ] GC(730) Metaspace: 29087K(29376K)->29087K(29376K) NonClass: 25984K(26112K)->25984K(26112K) Class: 3102K(3264K)->3102K(3264K)
[3354.528s][info][gc             ] GC(730) Pause Young (Allocation Failure) 4105M->1822M(4363M) 90.018ms
[3354.528s][info][gc,cpu         ] GC(730) User=0.53s Sys=0.00s Real=0.09s
...[3357.357s][info][gc,start       ] GC(731) Pause Full (Diagnostic Command)
[3357.357s][info][gc,phases,start] GC(731) Marking Phase
[3357.669s][info][gc,phases      ] GC(731) Marking Phase 312.443ms
[3357.669s][info][gc,phases,start] GC(731) Summary Phase
[3357.670s][info][gc,phases      ] GC(731) Summary Phase 0.050ms
[3357.670s][info][gc,phases,start] GC(731) Forward
[3357.807s][info][gc,phases      ] GC(731) Forward 137.220ms
[3357.807s][info][gc,phases,start] GC(731) Adjust Pointers
[3358.028s][info][gc,phases      ] GC(731) Adjust Pointers 221.159ms
[3358.028s][info][gc,phases,start] GC(731) Compaction Phase
[3358.210s][info][gc,phases      ] GC(731) Compaction Phase 182.271ms
[3358.213s][info][gc,phases,start] GC(731) Post Compact
[3358.216s][info][gc,phases      ] GC(731) Post Compact 3.373ms
[3358.216s][info][gc,heap        ] GC(731) PSYoungGen: 2285971K(2613760K)->0K(2613760K) Eden: 2142259K(2434560K)->0K(2434560K) From: 143712K(179200K)->0K(179200K)
[3358.216s][info][gc,heap        ] GC(731) ParOldGen: 1722972K(1854464K)->1331608K(1854464K)
[3358.216s][info][gc,metaspace   ] GC(731) Metaspace: 29087K(29376K)->29087K(29376K) NonClass: 25984K(26112K)->25984K(26112K) Class: 3102K(3264K)->3102K(3264K)
[3358.216s][info][gc             ] GC(731) Pause Full (Diagnostic Command) 3914M->1300M(4363M) 859.482ms
[3358.217s][info][gc,cpu         ] GC(731) User=4.88s Sys=0.00s Real=0.86s
...[3360.658s][info][gc,start       ] GC(732) Pause Young (Allocation Failure)
[3360.725s][info][gc,heap        ] GC(732) PSYoungGen: 2434560K(2613760K)->153872K(2613760K) Eden: 2434560K(2434560K)->0K(2434560K) From: 0K(179200K)->153872K(179200K)
[3360.725s][info][gc,heap        ] GC(732) ParOldGen: 1331608K(1854464K)->1331608K(1854464K)
[3360.725s][info][gc,metaspace   ] GC(732) Metaspace: 29087K(29376K)->29087K(29376K) NonClass: 25984K(26112K)->25984K(26112K) Class: 3102K(3264K)->3102K(3264K)
[3360.725s][info][gc             ] GC(732) Pause Young (Allocation Failure) 3677M->1450M(4363M) 66.501ms
[3360.725s][info][gc,cpu         ] GC(732) User=0.40s Sys=0.00s Real=0.07s
...[3363.967s][info][gc,start       ] GC(733) Pause Young (Allocation Failure)
[3364.059s][info][gc,heap        ] GC(733) PSYoungGen: 2588432K(2613760K)->151840K(2614784K) Eden: 2434560K(2434560K)->0K(2439680K) From: 153872K(179200K)->151840K(175104K)
[3364.059s][info][gc,heap        ] GC(733) ParOldGen: 1331608K(1854464K)->1435056K(1854464K)
[3364.059s][info][gc,metaspace   ] GC(733) Metaspace: 29087K(29376K)->29087K(29376K) NonClass: 25984K(26112K)->25984K(26112K) Class: 3102K(3264K)->3102K(3264K)
[3364.059s][info][gc             ] GC(733) Pause Young (Allocation Failure) 3828M->1549M(4364M) 91.959ms
[3364.059s][info][gc,cpu         ] GC(733) User=0.54s Sys=0.00s Real=0.09s
... (rIR:aIR:PR = 5120:5124:5124) (tPR = 75691) [OK] 
  3366s: Performance info:
         Transaction,    Success,    Partial,     Failed,   Receipts, AvgBarcode, 
             Overall,     310203,          0,          0,     294714,      59.48, 
         Response times:
             Request,    Success,    Partial,     Failed,   SkipFail,     Probes,    Samples,      min,      p50,      p90,      p95,      p99,      max, 
       TotalPurchase,     294711,          0,          0,          0,     280874,     312978,      200,     3900,     7400,    21000,   411000,   940000,
     InStorePurchase,     155132,          0,          0,          0,     148224,     164883,      300,     4000,     7500,    22000,   427000,   940000,
      OnlinePurchase,     108558,          0,          0,          0,     103408,     115236,      200,     3600,     7300,    20000,   411000,   940000,
        InstPurchase,      31021,          0,          0,          0,      29242,      32859,      400,     3400,     7600,    18200,   392000,   565000,
          AssocOfCat,        309,          0,          0,          0,        225,        314,    18200,    30500,    45000,   157000,   419000,   419000,
      AssocOfProduct,       3107,          0,          0,          0,       2812,       3313,      400,     4500,     8100,    22000,   442000,   551000,
      BusinessReport,        771,          0,          0,          0,        650,        822,    26000,    36000,    57000,   129100,   546000,  1100000,
          CustBuyBeh,       3102,          0,          0,          0,       2831,       3330,      200,     4900,     8500,    19340,   522000,   548000,
       ProductReturn,       8195,          0,          0,          0,       7574,       8719,      200,     4500,     8200,    17000,   246000,   389000,

  3366s: (38%)   IR =   5258 .[3367.338s][info][gc,start       ] GC(734) Pause Young (Allocation Failure)
[3367.430s][info][gc,heap        ] GC(734) PSYoungGen: 2591520K(2614784K)->154400K(2614272K) Eden: 2439680K(2439680K)->0K(2439680K) From: 151840K(175104K)->154400K(174592K)
[3367.430s][info][gc,heap        ] GC(734) ParOldGen: 1435056K(1854464K)->1538952K(1854464K)
[3367.430s][info][gc,metaspace   ] GC(734) Metaspace: 29087K(29376K)->29087K(29376K) NonClass: 25984K(26112K)->25984K(26112K) Class: 3102K(3264K)->3102K(3264K)
[3367.430s][info][gc             ] GC(734) Pause Young (Allocation Failure) 3932M->1653M(4364M) 92.145ms
[3367.430s][info][gc,cpu         ] GC(734) User=0.55s Sys=0.00s Real=0.09s
...|[3370.575s][info][gc,start       ] GC(735) Pause Young (Allocation Failure)
[3370.673s][info][gc,heap        ] GC(735) PSYoungGen: 2594080K(2614272K)->163028K(2617856K) Eden: 2439680K(2439680K)->0K(2444800K) From: 154400K(174592K)->163028K(173056K)
[3370.673s][info][gc,heap        ] GC(735) ParOldGen: 1538952K(1854464K)->1644944K(1854464K)
[3370.673s][info][gc,metaspace   ] GC(735) Metaspace: 29087K(29376K)->29087K(29376K) NonClass: 25984K(26112K)->25984K(26112K) Class: 3102K(3264K)->3102K(3264K)
[3370.673s][info][gc             ] GC(735) Pause Young (Allocation Failure) 4036M->1765M(4367M) 98.076ms
[3370.673s][info][gc,cpu         ] GC(735) User=0.58s Sys=0.00s Real=0.09s
...[3373.775s][info][gc,start       ] GC(736) Pause Young (Allocation Failure)
[3373.869s][info][gc,heap        ] GC(736) PSYoungGen: 2607828K(2617856K)->154340K(2619392K) Eden: 2444800K(2444800K)->0K(2444800K) From: 163028K(173056K)->154340K(174592K)
[3373.869s][info][gc,heap        ] GC(736) ParOldGen: 1644944K(1854464K)->1751288K(1854464K)
[3373.869s][info][gc,metaspace   ] GC(736) Metaspace: 29087K(29376K)->29087K(29376K) NonClass: 25984K(26112K)->25984K(26112K) Class: 3102K(3264K)->3102K(3264K)
[3373.869s][info][gc             ] GC(736) Pause Young (Allocation Failure) 4153M->1860M(4369M) 93.748ms
[3373.869s][info][gc,cpu         ] GC(736) User=0.55s Sys=0.00s Real=0.09s
...[3377.043s][info][gc,start       ] GC(737) Pause Young (Allocation Failure)
[3377.136s][info][gc,heap        ] GC(737) PSYoungGen: 2599140K(2619392K)->158240K(2620928K) Eden: 2444800K(2444800K)->0K(2448896K) From: 154340K(174592K)->158240K(172032K)
[3377.136s][info][gc,heap        ] GC(737) ParOldGen: 1751288K(1854464K)->1853752K(1854464K)
[3377.136s][info][gc,metaspace   ] GC(737) Metaspace: 29087K(29376K)->29087K(29376K) NonClass: 25984K(26112K)->25984K(26112K) Class: 3102K(3264K)->3102K(3264K)
[3377.136s][info][gc             ] GC(737) Pause Young (Allocation Failure) 4248M->1964M(4370M) 93.356ms
[3377.136s][info][gc,cpu         ] GC(737) User=0.55s Sys=0.00s Real=0.10s
...[3380.287s][info][gc,start       ] GC(738) Pause Young (Allocation Failure)
[3380.382s][info][gc,heap        ] GC(738) PSYoungGen: 2607136K(2620928K)->147424K(2620928K) Eden: 2448896K(2448896K)->0K(2448896K) From: 158240K(172032K)->147424K(172032K)
[3380.382s][info][gc,heap        ] GC(738) ParOldGen: 1853752K(1854464K)->1958848K(1958912K)
[3380.382s][info][gc,metaspace   ] GC(738) Metaspace: 29087K(29376K)->29087K(29376K) NonClass: 25984K(26112K)->25984K(26112K) Class: 3102K(3264K)->3102K(3264K)
[3380.382s][info][gc             ] GC(738) Pause Young (Allocation Failure) 4356M->2056M(4472M) 95.144ms
[3380.382s][info][gc,cpu         ] GC(738) User=0.52s Sys=0.04s Real=0.09s
....[3383.560s][info][gc,start       ] GC(739) Pause Young (Allocation Failure)
[3383.656s][info][gc,heap        ] GC(739) PSYoungGen: 2596320K(2620928K)->155296K(2622464K) Eden: 2448896K(2448896K)->0K(2452480K) From: 147424K(172032K)->155296K(169984K)
[3383.656s][info][gc,heap        ] GC(739) ParOldGen: 1958848K(1958912K)->2063000K(2063360K)
[3383.656s][info][gc,metaspace   ] GC(739) Metaspace: 29087K(29376K)->29087K(29376K) NonClass: 25984K(26112K)->25984K(26112K) Class: 3102K(3264K)->3102K(3264K)
[3383.656s][info][gc             ] GC(739) Pause Young (Allocation Failure) 4448M->2166M(4576M) 96.331ms
[3383.656s][info][gc,cpu         ] GC(739) User=0.53s Sys=0.03s Real=0.10s
...[3386.772s][info][gc,start       ] GC(740) Pause Young (Allocation Failure)
[3386.871s][info][gc,heap        ] GC(740) PSYoungGen: 2607776K(2622464K)->155205K(2622976K) Eden: 2452480K(2452480K)->0K(2452480K) From: 155296K(169984K)->155205K(170496K)
[3386.871s][info][gc,heap        ] GC(740) ParOldGen: 2063000K(2063360K)->2167696K(2167808K)
[3386.871s][info][gc,metaspace   ] GC(740) Metaspace: 29087K(29376K)->29087K(29376K) NonClass: 25984K(26112K)->25984K(26112K) Class: 3102K(3264K)->3102K(3264K)
[3386.871s][info][gc             ] GC(740) Pause Young (Allocation Failure) 4561M->2268M(4678M) 98.980ms
[3386.871s][info][gc,cpu         ] GC(740) User=0.55s Sys=0.03s Real=0.10s
...[3390.087s][info][gc,start       ] GC(741) Pause Young (Allocation Failure)
[3390.184s][info][gc,heap        ] GC(741) PSYoungGen: 2607685K(2622976K)->156480K(2625024K) Eden: 2452480K(2452480K)->0K(2456064K) From: 155205K(170496K)->156480K(168960K)
[3390.184s][info][gc,heap        ] GC(741) ParOldGen: 2167696K(2167808K)->2270768K(2271232K)
[3390.184s][info][gc,metaspace   ] GC(741) Metaspace: 29087K(29376K)->29087K(29376K) NonClass: 25984K(26112K)->25984K(26112K) Class: 3102K(3264K)->3102K(3264K)
[3390.184s][info][gc             ] GC(741) Pause Young (Allocation Failure) 4663M->2370M(4781M) 97.013ms
[3390.184s][info][gc,cpu         ] GC(741) User=0.55s Sys=0.03s Real=0.09s
...[3393.277s][info][gc,start       ] GC(742) Pause Young (Allocation Failure)
[3393.373s][info][gc,heap        ] GC(742) PSYoungGen: 2612544K(2625024K)->145600K(2624512K) Eden: 2456064K(2456064K)->0K(2456064K) From: 156480K(168960K)->145600K(168448K)
[3393.373s][info][gc,heap        ] GC(742) ParOldGen: 2270768K(2271232K)->2377416K(2377728K)
[3393.373s][info][gc,metaspace   ] GC(742) Metaspace: 29087K(29376K)->29087K(29376K) NonClass: 25984K(26112K)->25984K(26112K) Class: 3102K(3264K)->3102K(3264K)
[3393.373s][info][gc             ] GC(742) Pause Young (Allocation Failure) 4768M->2463M(4885M) 96.442ms
[3393.373s][info][gc,cpu         ] GC(742) User=0.53s Sys=0.04s Real=0.09s
....[3396.592s][info][gc,start       ] GC(743) Pause Young (Allocation Failure)
[3396.687s][info][gc,heap        ] GC(743) PSYoungGen: 2601664K(2624512K)->154720K(2626048K) Eden: 2456064K(2456064K)->0K(2459136K) From: 145600K(168448K)->154720K(166912K)
[3396.687s][info][gc,heap        ] GC(743) ParOldGen: 2377416K(2377728K)->2479456K(2479616K)
[3396.687s][info][gc,metaspace   ] GC(743) Metaspace: 29087K(29376K)->29087K(29376K) NonClass: 25984K(26112K)->25984K(26112K) Class: 3102K(3264K)->3102K(3264K)
[3396.687s][info][gc             ] GC(743) Pause Young (Allocation Failure) 4862M->2572M(4986M) 95.486ms
[3396.687s][info][gc,cpu         ] GC(743) User=0.53s Sys=0.04s Real=0.10s
...[3399.889s][info][gc,start       ] GC(744) Pause Young (Allocation Failure)
[3399.987s][info][gc,heap        ] GC(744) PSYoungGen: 2613856K(2626048K)->156288K(2626560K) Eden: 2459136K(2459136K)->0K(2459136K) From: 154720K(166912K)->156288K(167424K)
[3399.987s][info][gc,heap        ] GC(744) ParOldGen: 2479456K(2479616K)->2584080K(2584576K)
[3399.987s][info][gc,metaspace   ] GC(744) Metaspace: 29087K(29376K)->29087K(29376K) NonClass: 25984K(26112K)->25984K(26112K) Class: 3102K(3264K)->3102K(3264K)
[3399.987s][info][gc             ] GC(744) Pause Young (Allocation Failure) 4973M->2676M(5089M) 97.330ms
[3399.987s][info][gc,cpu         ] GC(744) User=0.54s Sys=0.04s Real=0.10s
...[3403.113s][info][gc,start       ] GC(745) Pause Young (Allocation Failure)
[3403.215s][info][gc,heap        ] GC(745) PSYoungGen: 2615424K(2626560K)->163200K(2625024K) Eden: 2459136K(2459136K)->0K(2458112K) From: 156288K(167424K)->163200K(166912K)
[3403.215s][info][gc,heap        ] GC(745) ParOldGen: 2584080K(2584576K)->2690344K(2690560K)
[3403.215s][info][gc,metaspace   ] GC(745) Metaspace: 29087K(29376K)->29087K(29376K) NonClass: 25984K(26112K)->25984K(26112K) Class: 3102K(3264K)->3102K(3264K)
[3403.215s][info][gc             ] GC(745) Pause Young (Allocation Failure) 5077M->2786M(5191M) 102.464ms
[3403.215s][info][gc,cpu         ] GC(745) User=0.57s Sys=0.04s Real=0.11s
...[3406.420s][info][gc,start       ] GC(746) Pause Young (Allocation Failure)
[3406.515s][info][gc,heap        ] GC(746) PSYoungGen: 2621312K(2625024K)->150272K(2627072K) Eden: 2458112K(2458112K)->0K(2458112K) From: 163200K(166912K)->150272K(168960K)
[3406.515s][info][gc,heap        ] GC(746) ParOldGen: 2690344K(2690560K)->2793312K(2793472K)
[3406.515s][info][gc,metaspace   ] GC(746) Metaspace: 29087K(29376K)->29087K(29376K) NonClass: 25984K(26112K)->25984K(26112K) Class: 3102K(3264K)->3102K(3264K)
[3406.515s][info][gc             ] GC(746) Pause Young (Allocation Failure) 5187M->2874M(5293M) 94.501ms
[3406.515s][info][gc,cpu         ] GC(746) User=0.54s Sys=0.02s Real=0.10s
....[3409.703s][info][gc,start       ] GC(747) Pause Young (Allocation Failure)
[3409.802s][info][gc,heap        ] GC(747) PSYoungGen: 2608384K(2627072K)->156948K(2625536K) Eden: 2458112K(2458112K)->0K(2458624K) From: 150272K(168960K)->156948K(166912K)
[3409.802s][info][gc,heap        ] GC(747) ParOldGen: 2793312K(2793472K)->2898864K(2898944K)
[3409.802s][info][gc,metaspace   ] GC(747) Metaspace: 29087K(29376K)->29087K(29376K) NonClass: 25984K(26112K)->25984K(26112K) Class: 3102K(3264K)->3102K(3264K)
[3409.802s][info][gc             ] GC(747) Pause Young (Allocation Failure) 5275M->2984M(5395M) 99.331ms
[3409.802s][info][gc,cpu         ] GC(747) User=0.55s Sys=0.03s Real=0.10s
...[3412.922s][info][gc,start       ] GC(748) Pause Young (Allocation Failure)
[3413.019s][info][gc,heap        ] GC(748) PSYoungGen: 2615572K(2625536K)->154080K(2626560K) Eden: 2458624K(2458624K)->0K(2458624K) From: 156948K(166912K)->154080K(167936K)
[3413.019s][info][gc,heap        ] GC(748) ParOldGen: 2898864K(2898944K)->3004128K(3004416K)
[3413.019s][info][gc,metaspace   ] GC(748) Metaspace: 29087K(29376K)->29087K(29376K) NonClass: 25984K(26112K)->25984K(26112K) Class: 3102K(3264K)->3102K(3264K)
[3413.019s][info][gc             ] GC(748) Pause Young (Allocation Failure) 5385M->3084M(5499M) 97.232ms
[3413.019s][info][gc,cpu         ] GC(748) User=0.55s Sys=0.02s Real=0.10s
...[3416.220s][info][gc,start       ] GC(749) Pause Young (Allocation Failure)
[3416.318s][info][gc,heap        ] GC(749) PSYoungGen: 2612704K(2626560K)->148608K(2628096K) Eden: 2458624K(2458624K)->0K(2461184K) From: 154080K(167936K)->148608K(166912K)
[3416.318s][info][gc,heap        ] GC(749) ParOldGen: 3004128K(3004416K)->3108752K(3108864K)
[3416.318s][info][gc,metaspace   ] GC(749) Metaspace: 29087K(29376K)->29087K(29376K) NonClass: 25984K(26112K)->25984K(26112K) Class: 3102K(3264K)->3102K(3264K)
[3416.318s][info][gc             ] GC(749) Pause Young (Allocation Failure) 5485M->3181M(5602M) 97.828ms
[3416.318s][info][gc,cpu         ] GC(749) User=0.54s Sys=0.04s Real=0.10s
...[3419.496s][info][gc,start       ] GC(750) Pause Young (Allocation Failure)
[3419.595s][info][gc,heap        ] GC(750) PSYoungGen: 2609792K(2628096K)->154400K(2615808K) Eden: 2461184K(2461184K)->0K(2461184K) From: 148608K(166912K)->154400K(154624K)
[3419.595s][info][gc,heap        ] GC(750) ParOldGen: 3108752K(3108864K)->3213288K(3213312K)
[3419.595s][info][gc,metaspace   ] GC(750) Metaspace: 29087K(29376K)->29087K(29376K) NonClass: 25984K(26112K)->25984K(26112K) Class: 3102K(3264K)->3102K(3264K)
[3419.595s][info][gc             ] GC(750) Pause Young (Allocation Failure) 5584M->3288M(5692M) 98.395ms
[3419.595s][info][gc,cpu         ] GC(750) User=0.54s Sys=0.03s Real=0.10s
....[3422.800s][info][gc,start       ] GC(751) Pause Young (Allocation Failure)
[3422.899s][info][gc,heap        ] GC(751) PSYoungGen: 2615584K(2615808K)->153778K(2628608K) Eden: 2461184K(2461184K)->0K(2463232K) From: 154400K(154624K)->153778K(165376K)
[3422.899s][info][gc,heap        ] GC(751) ParOldGen: 3213288K(3213312K)->3318432K(3318784K)
[3422.899s][info][gc,metaspace   ] GC(751) Metaspace: 29087K(29376K)->29087K(29376K) NonClass: 25984K(26112K)->25984K(26112K) Class: 3102K(3264K)->3102K(3264K)
[3422.899s][info][gc             ] GC(751) Pause Young (Allocation Failure) 5692M->3390M(5808M) 98.741ms
[3422.899s][info][gc,cpu         ] GC(751) User=0.55s Sys=0.03s Real=0.10s
...[3426.014s][info][gc,start       ] GC(752) Pause Young (Allocation Failure)
[3426.114s][info][gc,heap        ] GC(752) PSYoungGen: 2617010K(2628608K)->158116K(2627584K) Eden: 2463232K(2463232K)->0K(2463232K) From: 153778K(165376K)->158116K(164352K)
[3426.114s][info][gc,heap        ] GC(752) ParOldGen: 3318432K(3318784K)->3423512K(3423744K)
[3426.114s][info][gc,metaspace   ] GC(752) Metaspace: 29087K(29376K)->29087K(29376K) NonClass: 25984K(26112K)->25984K(26112K) Class: 3102K(3264K)->3102K(3264K)
[3426.114s][info][gc             ] GC(752) Pause Young (Allocation Failure) 5796M->3497M(5909M) 100.148ms
[3426.114s][info][gc,cpu         ] GC(752) User=0.56s Sys=0.03s Real=0.10s
...[3429.353s][info][gc,start       ] GC(753) Pause Young (Allocation Failure)
[3429.449s][info][gc,heap        ] GC(753) PSYoungGen: 2621348K(2627584K)->150304K(2631168K) Eden: 2463232K(2463232K)->0K(2466304K) From: 158116K(164352K)->150304K(164864K)
[3429.450s][info][gc,heap        ] GC(753) ParOldGen: 3423512K(3423744K)->3526408K(3526656K)
[3429.450s][info][gc,metaspace   ] GC(753) Metaspace: 29087K(29376K)->29087K(29376K) NonClass: 25984K(26112K)->25984K(26112K) Class: 3102K(3264K)->3102K(3264K)
[3429.450s][info][gc             ] GC(753) Pause Young (Allocation Failure) 5903M->3590M(6013M) 96.873ms
[3429.450s][info][gc,cpu         ] GC(753) User=0.54s Sys=0.03s Real=0.10s
.. (rIR:aIR:PR = 5258:5257:5257) (tPR = 77846) [OK] 
  3430s: Performance info:
         Transaction,    Success,    Partial,     Failed,   Receipts, AvgBarcode, 
             Overall,     317298,          0,          0,     301421,      59.48, 
         Response times:
             Request,    Success,    Partial,     Failed,   SkipFail,     Probes,    Samples,      min,      p50,      p90,      p95,      p99,      max, 
       TotalPurchase,     301421,          0,          0,          0,     295944,     316797,      300,     3900,     6800,     9600,    38000,   148000,
     InStorePurchase,     158662,          0,          0,          0,     155988,     166517,      300,     4000,     6900,     9800,    38000,   148000,
      OnlinePurchase,     111043,          0,          0,          0,     109097,     116900,      300,     3800,     6800,     9400,    37000,   144000,
        InstPurchase,      31716,          0,          0,          0,      30859,      33380,      400,     3600,     6600,     9100,    35000,   115000,
          AssocOfCat,        316,          0,          0,          0,        257,        339,    18500,    29000,    42000,    57000,   126800,   145000,
      AssocOfProduct,       3180,          0,          0,          0,       2946,       3378,      900,     3900,     6300,     8200,    31000,   108000,
      BusinessReport,        797,          0,          0,          0,        703,        835,    24000,    35000,    51400,    67000,   148280,   187000,
          CustBuyBeh,       3176,          0,          0,          0,       2943,       3293,      500,     3400,     6800,    11960,    37000,   116000,
       ProductReturn,       8408,          0,          0,          0,       7980,       8822,      200,     3100,     6600,     9000,    35000,   118000,

  3430s: (39%)   IR =   5396 .[3432.594s][info][gc,start       ] GC(754) Pause Young (Allocation Failure)
[3432.695s][info][gc,heap        ] GC(754) PSYoungGen: 2616608K(2631168K)->157920K(2631168K) Eden: 2466304K(2466304K)->0K(2466304K) From: 150304K(164864K)->157920K(164864K)
[3432.695s][info][gc,heap        ] GC(754) ParOldGen: 3526408K(3526656K)->3633352K(3633664K)
[3432.695s][info][gc,metaspace   ] GC(754) Metaspace: 29087K(29376K)->29087K(29376K) NonClass: 25984K(26112K)->25984K(26112K) Class: 3102K(3264K)->3102K(3264K)
[3432.695s][info][gc             ] GC(754) Pause Young (Allocation Failure) 5999M->3702M(6118M) 100.737ms
[3432.695s][info][gc,cpu         ] GC(754) User=0.56s Sys=0.03s Real=0.11s
....|[3435.733s][info][gc,start       ] GC(755) Pause Young (Allocation Failure)
[3435.828s][info][gc,heap        ] GC(755) PSYoungGen: 2624224K(2631168K)->148896K(2631168K) Eden: 2466304K(2466304K)->0K(2466304K) From: 157920K(164864K)->148896K(164864K)
[3435.828s][info][gc,heap        ] GC(755) ParOldGen: 3633352K(3633664K)->3738288K(3738624K)
[3435.828s][info][gc,metaspace   ] GC(755) Metaspace: 29087K(29376K)->29087K(29376K) NonClass: 25984K(26112K)->25984K(26112K) Class: 3102K(3264K)->3102K(3264K)
[3435.828s][info][gc             ] GC(755) Pause Young (Allocation Failure) 6110M->3796M(6220M) 95.487ms
[3435.829s][info][gc,cpu         ] GC(755) User=0.53s Sys=0.04s Real=0.10s
...[3438.924s][info][gc,start       ] GC(756) Pause Young (Allocation Failure)
[3439.024s][info][gc,heap        ] GC(756) PSYoungGen: 2615200K(2631168K)->159060K(2625536K) Eden: 2466304K(2466304K)->0K(2466304K) From: 148896K(164864K)->159060K(159232K)
[3439.024s][info][gc,heap        ] GC(756) ParOldGen: 3738288K(3738624K)->3841600K(3842048K)
[3439.024s][info][gc,metaspace   ] GC(756) Metaspace: 29087K(29376K)->29087K(29376K) NonClass: 25984K(26112K)->25984K(26112K) Class: 3102K(3264K)->3102K(3264K)
[3439.024s][info][gc             ] GC(756) Pause Young (Allocation Failure) 6204M->3906M(6316M) 99.502ms
[3439.024s][info][gc,cpu         ] GC(756) User=0.56s Sys=0.04s Real=0.10s
...[3442.182s][info][gc,start       ] GC(757) Pause Young (Allocation Failure)
[3442.283s][info][gc,heap        ] GC(757) PSYoungGen: 2625364K(2625536K)->157348K(2630144K) Eden: 2466304K(2466304K)->0K(2464256K) From: 159060K(159232K)->157348K(165888K)
[3442.283s][info][gc,heap        ] GC(757) ParOldGen: 3841600K(3842048K)->3945488K(3945984K)
[3442.283s][info][gc,metaspace   ] GC(757) Metaspace: 29087K(29376K)->29087K(29376K) NonClass: 25984K(26112K)->25984K(26112K) Class: 3102K(3264K)->3102K(3264K)
[3442.283s][info][gc             ] GC(757) Pause Young (Allocation Failure) 6315M->4006M(6422M) 100.563ms
[3442.283s][info][gc,cpu         ] GC(757) User=0.57s Sys=0.02s Real=0.10s
...[3445.403s][info][gc,start       ] GC(758) Pause Young (Allocation Failure)
[3445.507s][info][gc,heap        ] GC(758) PSYoungGen: 2621604K(2630144K)->162761K(2627072K) Eden: 2464256K(2464256K)->0K(2464256K) From: 157348K(165888K)->162761K(162816K)
[3445.507s][info][gc,heap        ] GC(758) ParOldGen: 3945488K(3945984K)->4053960K(4054016K)
[3445.507s][info][gc,metaspace   ] GC(758) Metaspace: 29087K(29376K)->29087K(29376K) NonClass: 25984K(26112K)->25984K(26112K) Class: 3102K(3264K)->3102K(3264K)
[3445.507s][info][gc             ] GC(758) Pause Young (Allocation Failure) 6413M->4117M(6524M) 104.100ms
[3445.507s][info][gc,cpu         ] GC(758) User=0.59s Sys=0.03s Real=0.11s
...[3448.543s][info][gc,start       ] GC(759) Pause Young (Allocation Failure)
[3448.647s][info][gc,heap        ] GC(759) PSYoungGen: 2627017K(2627072K)->160224K(2626560K) Eden: 2464256K(2464256K)->0K(2459136K) From: 162761K(162816K)->160224K(167424K)
[3448.647s][info][gc,heap        ] GC(759) ParOldGen: 4053960K(4054016K)->4161056K(4161536K)
[3448.647s][info][gc,metaspace   ] GC(759) Metaspace: 29087K(29376K)->29087K(29376K) NonClass: 25984K(26112K)->25984K(26112K) Class: 3102K(3264K)->3102K(3264K)
[3448.647s][info][gc             ] GC(759) Pause Young (Allocation Failure) 6524M->4220M(6629M) 103.904ms
[3448.647s][info][gc,cpu         ] GC(759) User=0.60s Sys=0.02s Real=0.11s
...[3451.702s][info][gc,start       ] GC(760) Pause Young (Allocation Failure)
[3451.798s][info][gc,heap        ] GC(760) PSYoungGen: 2619360K(2626560K)->149728K(2627584K) Eden: 2459136K(2459136K)->0K(2459136K) From: 160224K(167424K)->149728K(168448K)
[3451.798s][info][gc,heap        ] GC(760) ParOldGen: 4161056K(4161536K)->4264896K(4264960K)
[3451.798s][info][gc,metaspace   ] GC(760) Metaspace: 29087K(29376K)->29087K(29376K) NonClass: 25984K(26112K)->25984K(26112K) Class: 3102K(3264K)->3102K(3264K)
[3451.798s][info][gc             ] GC(760) Pause Young (Allocation Failure) 6621M->4311M(6731M) 95.678ms
[3451.798s][info][gc,cpu         ] GC(760) User=0.54s Sys=0.04s Real=0.10s
....[3454.934s][info][gc,start       ] GC(761) Pause Young (Allocation Failure)
[3455.033s][info][gc,heap        ] GC(761) PSYoungGen: 2608864K(2627584K)->154720K(2625024K) Eden: 2459136K(2459136K)->0K(2459648K) From: 149728K(168448K)->154720K(165376K)
[3455.033s][info][gc,heap        ] GC(761) ParOldGen: 4264896K(4264960K)->4367504K(4367872K)
[3455.033s][info][gc,metaspace   ] GC(761) Metaspace: 29087K(29376K)->29087K(29376K) NonClass: 25984K(26112K)->25984K(26112K) Class: 3102K(3264K)->3102K(3264K)
[3455.033s][info][gc             ] GC(761) Pause Young (Allocation Failure) 6712M->4416M(6829M) 98.187ms
[3455.033s][info][gc,cpu         ] GC(761) User=0.55s Sys=0.04s Real=0.10s
...[3458.064s][info][gc,start       ] GC(762) Pause Young (Allocation Failure)
[3458.164s][info][gc,heap        ] GC(762) PSYoungGen: 2614368K(2625024K)->153713K(2626560K) Eden: 2459648K(2459648K)->0K(2459648K) From: 154720K(165376K)->153713K(166912K)
[3458.164s][info][gc,heap        ] GC(762) ParOldGen: 4367504K(4367872K)->4474408K(4474880K)
[3458.164s][info][gc,metaspace   ] GC(762) Metaspace: 29087K(29376K)->29087K(29376K) NonClass: 25984K(26112K)->25984K(26112K) Class: 3102K(3264K)->3102K(3264K)
[3458.164s][info][gc             ] GC(762) Pause Young (Allocation Failure) 6818M->4519M(6935M) 100.086ms
[3458.164s][info][gc,cpu         ] GC(762) User=0.56s Sys=0.04s Real=0.10s
...[3461.197s][info][gc,start       ] GC(763) Pause Young (Allocation Failure)
[3461.294s][info][gc,heap        ] GC(763) PSYoungGen: 2613361K(2626560K)->145472K(2629120K) Eden: 2459648K(2459648K)->0K(2463232K) From: 153713K(166912K)->145472K(165888K)
[3461.294s][info][gc,heap        ] GC(763) ParOldGen: 4474408K(4474880K)->4579400K(4579840K)
[3461.294s][info][gc,metaspace   ] GC(763) Metaspace: 29087K(29376K)->29087K(29376K) NonClass: 25984K(26112K)->25984K(26112K) Class: 3102K(3264K)->3102K(3264K)
[3461.294s][info][gc             ] GC(763) Pause Young (Allocation Failure) 6921M->4614M(7040M) 96.259ms
[3461.294s][info][gc,cpu         ] GC(763) User=0.53s Sys=0.03s Real=0.09s
...[3464.449s][info][gc,start       ] GC(764) Pause Young (Allocation Failure)
[3464.548s][info][gc,heap        ] GC(764) PSYoungGen: 2608704K(2629120K)->152992K(2629632K) Eden: 2463232K(2463232K)->0K(2463232K) From: 145472K(165888K)->152992K(166400K)
[3464.548s][info][gc,heap        ] GC(764) ParOldGen: 4579400K(4579840K)->4681264K(4681728K)
[3464.548s][info][gc,metaspace   ] GC(764) Metaspace: 29087K(29376K)->29087K(29376K) NonClass: 25984K(26112K)->25984K(26112K) Class: 3102K(3264K)->3102K(3264K)
[3464.548s][info][gc             ] GC(764) Pause Young (Allocation Failure) 7019M->4720M(7140M) 99.049ms
[3464.548s][info][gc,cpu         ] GC(764) User=0.55s Sys=0.03s Real=0.10s
...[3467.667s][info][gc,start       ] GC(765) Pause Young (Allocation Failure)
[3467.767s][info][gc,heap        ] GC(765) PSYoungGen: 2616224K(2629632K)->151904K(2627584K) Eden: 2463232K(2463232K)->0K(2463744K) From: 152992K(166400K)->151904K(163840K)
[3467.767s][info][gc,heap        ] GC(765) ParOldGen: 4681264K(4681728K)->4788232K(4788736K)
[3467.767s][info][gc,metaspace   ] GC(765) Metaspace: 29088K(29376K)->29088K(29376K) NonClass: 25986K(26112K)->25986K(26112K) Class: 3102K(3264K)->3102K(3264K)
[3467.767s][info][gc             ] GC(765) Pause Young (Allocation Failure) 7126M->4824M(7242M) 100.424ms
[3467.767s][info][gc,cpu         ] GC(765) User=0.55s Sys=0.04s Real=0.10s
...[3470.790s][info][gc,start       ] GC(766) Pause Young (Allocation Failure)
[3470.891s][info][gc,heap        ] GC(766) PSYoungGen: 2615648K(2627584K)->154709K(2628608K) Eden: 2463744K(2463744K)->0K(2463744K) From: 151904K(163840K)->154709K(164864K)
[3470.891s][info][gc,heap        ] GC(766) ParOldGen: 4788232K(4788736K)->4893976K(4894208K)
[3470.891s][info][gc,metaspace   ] GC(766) Metaspace: 29088K(29376K)->29088K(29376K) NonClass: 25986K(26112K)->25986K(26112K) Class: 3102K(3264K)->3102K(3264K)
[3470.891s][info][gc             ] GC(766) Pause Young (Allocation Failure) 7230M->4930M(7346M) 101.365ms
[3470.892s][info][gc,cpu         ] GC(766) User=0.56s Sys=0.03s Real=0.10s
....[3473.988s][info][gc,start       ] GC(767) Pause Young (Allocation Failure)
[3474.085s][info][gc,heap        ] GC(767) PSYoungGen: 2618453K(2628608K)->154160K(2628608K) Eden: 2463744K(2463744K)->0K(2466816K) From: 154709K(164864K)->154160K(161792K)
[3474.085s][info][gc,heap        ] GC(767) ParOldGen: 4893976K(4894208K)->4996784K(4997120K)
[3474.085s][info][gc,metaspace   ] GC(767) Metaspace: 29088K(29376K)->29088K(29376K) NonClass: 25986K(26112K)->25986K(26112K) Class: 3102K(3264K)->3102K(3264K)
[3474.085s][info][gc             ] GC(767) Pause Young (Allocation Failure) 7336M->5030M(7447M) 97.649ms
[3474.085s][info][gc,cpu         ] GC(767) User=0.55s Sys=0.03s Real=0.10s
...[3477.201s][info][gc,start       ] GC(768) Pause Young (Allocation Failure)
[3477.300s][info][gc,heap        ] GC(768) PSYoungGen: 2620976K(2628608K)->148640K(2630144K) Eden: 2466816K(2466816K)->0K(2466816K) From: 154160K(161792K)->148640K(163328K)
[3477.300s][info][gc,heap        ] GC(768) ParOldGen: 4996784K(4997120K)->5101728K(5102080K)
[3477.300s][info][gc,metaspace   ] GC(768) Metaspace: 29088K(29376K)->29088K(29376K) NonClass: 25986K(26112K)->25986K(26112K) Class: 3102K(3264K)->3102K(3264K)
[3477.300s][info][gc             ] GC(768) Pause Young (Allocation Failure) 7439M->5127M(7551M) 99.260ms
[3477.300s][info][gc,cpu         ] GC(768) User=0.54s Sys=0.03s Real=0.10s
...[3480.373s][info][gc,start       ] GC(769) Pause Young (Allocation Failure)
[3480.471s][info][gc,heap        ] GC(769) PSYoungGen: 2615456K(2630144K)->148320K(2632704K) Eden: 2466816K(2466816K)->0K(2469376K) From: 148640K(163328K)->148320K(163328K)
[3480.471s][info][gc,heap        ] GC(769) ParOldGen: 5101728K(5102080K)->5208048K(5208064K)
[3480.471s][info][gc,metaspace   ] GC(769) Metaspace: 29088K(29376K)->29088K(29376K) NonClass: 25986K(26112K)->25986K(26112K) Class: 3102K(3264K)->3102K(3264K)
[3480.471s][info][gc             ] GC(769) Pause Young (Allocation Failure) 7536M->5230M(7657M) 98.266ms
[3480.471s][info][gc,cpu         ] GC(769) User=0.54s Sys=0.04s Real=0.10s
...[3483.605s][info][gc,start       ] GC(770) Pause Young (Allocation Failure)
[3483.708s][info][gc,heap        ] GC(770) PSYoungGen: 2617696K(2632704K)->159189K(2628608K) Eden: 2469376K(2469376K)->0K(2469376K) From: 148320K(163328K)->159189K(159232K)
[3483.708s][info][gc,heap        ] GC(770) ParOldGen: 5208048K(5208064K)->5312424K(5312512K)
[3483.708s][info][gc,metaspace   ] GC(770) Metaspace: 29088K(29376K)->29088K(29376K) NonClass: 25986K(26112K)->25986K(26112K) Class: 3102K(3264K)->3102K(3264K)
[3483.708s][info][gc             ] GC(770) Pause Young (Allocation Failure) 7642M->5343M(7755M) 102.769ms
[3483.708s][info][gc,cpu         ] GC(770) User=0.57s Sys=0.04s Real=0.10s
...[3486.772s][info][gc,start       ] GC(771) Pause Young (Allocation Failure)
[3486.874s][info][gc,heap        ] GC(771) PSYoungGen: 2628565K(2628608K)->154960K(2632192K) Eden: 2469376K(2469376K)->0K(2467840K) From: 159189K(159232K)->154960K(164352K)
[3486.874s][info][gc,heap        ] GC(771) ParOldGen: 5312424K(5312512K)->5419232K(5419520K)
[3486.874s][info][gc,metaspace   ] GC(771) Metaspace: 29088K(29376K)->29088K(29376K) NonClass: 25986K(26112K)->25986K(26112K) Class: 3102K(3264K)->3102K(3264K)
[3486.874s][info][gc             ] GC(771) Pause Young (Allocation Failure) 7754M->5443M(7863M) 102.066ms
[3486.874s][info][gc,cpu         ] GC(771) User=0.57s Sys=0.04s Real=0.10s
....[3490.008s][info][gc,start       ] GC(772) Pause Young (Allocation Failure)
[3490.107s][info][gc,heap        ] GC(772) PSYoungGen: 2622800K(2632192K)->155328K(2623488K) Eden: 2467840K(2467840K)->0K(2467840K) From: 154960K(164352K)->155328K(155648K)
[3490.107s][info][gc,heap        ] GC(772) ParOldGen: 5419232K(5419520K)->5521800K(5521920K)
[3490.107s][info][gc,metaspace   ] GC(772) Metaspace: 29088K(29376K)->29088K(29376K) NonClass: 25986K(26112K)->25986K(26112K) Class: 3102K(3264K)->3102K(3264K)
[3490.107s][info][gc             ] GC(772) Pause Young (Allocation Failure) 7853M->5544M(7954M) 98.620ms
[3490.107s][info][gc,cpu         ] GC(772) User=0.56s Sys=0.03s Real=0.10s
...[3493.145s][info][gc,start       ] GC(773) Pause Full (Allocation Failure)
[3493.146s][info][gc,phases,start] GC(773) Marking Phase
[3493.456s][info][gc,phases      ] GC(773) Marking Phase 310.206ms
[3493.456s][info][gc,phases,start] GC(773) Summary Phase
[3493.456s][info][gc,phases      ] GC(773) Summary Phase 0.097ms
[3493.456s][info][gc,phases,start] GC(773) Forward
[3493.578s][info][gc,phases      ] GC(773) Forward 122.069ms
[3493.578s][info][gc,phases,start] GC(773) Adjust Pointers
[3493.790s][info][gc,phases      ] GC(773) Adjust Pointers 212.452ms
[3493.790s][info][gc,phases,start] GC(773) Compaction Phase
[3493.939s][info][gc,phases      ] GC(773) Compaction Phase 148.737ms
[3493.940s][info][gc,phases,start] GC(773) Post Compact
[3493.947s][info][gc,phases      ] GC(773) Post Compact 7.020ms
[3494.068s][info][gc,heap        ] GC(773) PSYoungGen: 2623168K(2623488K)->0K(2631168K) Eden: 2467840K(2467840K)->0K(2467840K) From: 155328K(155648K)->0K(163328K)
[3494.068s][info][gc,heap        ] GC(773) ParOldGen: 5521800K(5521920K)->1610185K(1860096K)
[3494.068s][info][gc,metaspace   ] GC(773) Metaspace: 29088K(29376K)->29088K(29376K) NonClass: 25986K(26112K)->25986K(26112K) Class: 3102K(3264K)->3102K(3264K)
[3494.068s][info][gc             ] GC(773) Pause Full (Allocation Failure) 7954M->1572M(4386M) 922.242ms
[3494.068s][info][gc,cpu         ] GC(773) User=4.39s Sys=0.12s Real=0.92s
... (rIR:aIR:PR = 5396:5398:5398) (tPR = 80159) [OK] 
  3495s: Performance info:
         Transaction,    Success,    Partial,     Failed,   Receipts, AvgBarcode, 
             Overall,     325974,          0,          0,     309694,      59.47, 
         Response times:
             Request,    Success,    Partial,     Failed,   SkipFail,     Probes,    Samples,      min,      p50,      p90,      p95,      p99,      max, 
       TotalPurchase,     309694,          0,          0,          0,     301412,     329453,      300,     4100,     7600,    17700,   441000,  1200000,
     InStorePurchase,     163029,          0,          0,          0,     158881,     173622,      300,     4100,     7600,    17800,   435000,  1100000,
      OnlinePurchase,     114095,          0,          0,          0,     111029,     120997,      300,     4200,     7600,    18000,   441000,   930000,
        InstPurchase,      32570,          0,          0,          0,      31502,      34834,      400,     3500,     7600,    16500,   434000,  1200000,
          AssocOfCat,        324,          0,          0,          0,        256,        345,    18600,    31000,    39400,    48000,   405000,   455000,
      AssocOfProduct,       3253,          0,          0,          0,       2957,       3408,      400,     3300,     6900,    13465,   344000,   567000,
      BusinessReport,        814,          0,          0,          0,        678,        849,    27000,    36000,    53000,    90000,   485000,   513000,
          CustBuyBeh,       3258,          0,          0,          0,       2972,       3441,      200,     3100,     6500,    12000,   435000,   930000,
       ProductReturn,       8631,          0,          0,          0,       8129,       9217,      200,     2300,     7100,    18000,   486000,   548000,

  3495s: (40%)   IR =   5535 [3496.358s][info][gc,start       ] GC(774) Pause Young (Allocation Failure)
[3496.422s][info][gc,heap        ] GC(774) PSYoungGen: 2467840K(2631168K)->153184K(2631168K) Eden: 2467840K(2467840K)->0K(2467840K) From: 0K(163328K)->153184K(163328K)
[3496.422s][info][gc,heap        ] GC(774) ParOldGen: 1610185K(1860096K)->1610185K(1860096K)
[3496.422s][info][gc,metaspace   ] GC(774) Metaspace: 29088K(29376K)->29088K(29376K) NonClass: 25986K(26112K)->25986K(26112K) Class: 3102K(3264K)->3102K(3264K)
[3496.422s][info][gc             ] GC(774) Pause Young (Allocation Failure) 3982M->1722M(4386M) 63.734ms
[3496.422s][info][gc,cpu         ] GC(774) User=0.37s Sys=0.00s Real=0.06s
...[3499.441s][info][gc,start       ] GC(775) Pause Young (Allocation Failure)
[3499.533s][info][gc,heap        ] GC(775) PSYoungGen: 2621024K(2631168K)->150112K(2632192K) Eden: 2467840K(2467840K)->0K(2469888K) From: 153184K(163328K)->150112K(162304K)
[3499.533s][info][gc,heap        ] GC(775) ParOldGen: 1610185K(1860096K)->1716001K(1860096K)
[3499.533s][info][gc,metaspace   ] GC(775) Metaspace: 29088K(29376K)->29088K(29376K) NonClass: 25986K(26112K)->25986K(26112K) Class: 3102K(3264K)->3102K(3264K)
[3499.533s][info][gc             ] GC(775) Pause Young (Allocation Failure) 4132M->1822M(4387M) 92.349ms
[3499.533s][info][gc,cpu         ] GC(775) User=0.54s Sys=0.00s Real=0.09s
..|.[3502.531s][info][gc,start       ] GC(776) Pause Young (Allocation Failure)
[3502.623s][info][gc,heap        ] GC(776) PSYoungGen: 2620000K(2632192K)->149792K(2632192K) Eden: 2469888K(2469888K)->0K(2469888K) From: 150112K(162304K)->149792K(162304K)
[3502.623s][info][gc,heap        ] GC(776) ParOldGen: 1716001K(1860096K)->1822297K(1860096K)
[3502.623s][info][gc,metaspace   ] GC(776) Metaspace: 29088K(29376K)->29088K(29376K) NonClass: 25986K(26112K)->25986K(26112K) Class: 3102K(3264K)->3102K(3264K)
[3502.623s][info][gc             ] GC(776) Pause Young (Allocation Failure) 4234M->1925M(4387M) 92.143ms
[3502.623s][info][gc,cpu         ] GC(776) User=0.55s Sys=0.00s Real=0.09s
...[3505.678s][info][gc,start       ] GC(777) Pause Young (Allocation Failure)
[3505.774s][info][gc,heap        ] GC(777) PSYoungGen: 2619680K(2632192K)->156432K(2633728K) Eden: 2469888K(2469888K)->0K(2471424K) From: 149792K(162304K)->156432K(162304K)
[3505.774s][info][gc,heap        ] GC(777) ParOldGen: 1822297K(1860096K)->1927353K(1927680K)
[3505.774s][info][gc,metaspace   ] GC(777) Metaspace: 29088K(29376K)->29088K(29376K) NonClass: 25986K(26112K)->25986K(26112K) Class: 3102K(3264K)->3102K(3264K)
[3505.774s][info][gc             ] GC(777) Pause Young (Allocation Failure) 4337M->2034M(4454M) 96.347ms
[3505.774s][info][gc,cpu         ] GC(777) User=0.55s Sys=0.02s Real=0.09s
...[3508.810s][info][gc,start       ] GC(778) Pause Young (Allocation Failure)
[3508.912s][info][gc,heap        ] GC(778) PSYoungGen: 2627856K(2633728K)->160944K(2632704K) Eden: 2471424K(2471424K)->0K(2471424K) From: 156432K(162304K)->160944K(161280K)
[3508.912s][info][gc,heap        ] GC(778) ParOldGen: 1927353K(1927680K)->2031777K(2032128K)
[3508.912s][info][gc,metaspace   ] GC(778) Metaspace: 29088K(29376K)->29088K(29376K) NonClass: 25986K(26112K)->25986K(26112K) Class: 3102K(3264K)->3102K(3264K)
[3508.912s][info][gc             ] GC(778) Pause Young (Allocation Failure) 4448M->2141M(4555M) 101.527ms
[3508.912s][info][gc,cpu         ] GC(778) User=0.57s Sys=0.03s Real=0.10s
...[3511.863s][info][gc,start       ] GC(779) Pause Young (Allocation Failure)
[3511.964s][info][gc,heap        ] GC(779) PSYoungGen: 2632368K(2632704K)->163312K(2546688K) Eden: 2471424K(2471424K)->0K(2383360K) From: 160944K(161280K)->163312K(163328K)
[3511.964s][info][gc,heap        ] GC(779) ParOldGen: 2031777K(2032128K)->2137857K(2138112K)
[3511.964s][info][gc,metaspace   ] GC(779) Metaspace: 29088K(29376K)->29088K(29376K) NonClass: 25986K(26112K)->25986K(26112K) Class: 3102K(3264K)->3102K(3264K)
[3511.964s][info][gc             ] GC(779) Pause Young (Allocation Failure) 4554M->2247M(4575M) 101.185ms
[3511.964s][info][gc,cpu         ] GC(779) User=0.56s Sys=0.04s Real=0.10s
...[3514.864s][info][gc,start       ] GC(780) Pause Young (Allocation Failure)
[3514.962s][info][gc,heap        ] GC(780) PSYoungGen: 2546672K(2546688K)->153808K(2589696K) Eden: 2383360K(2383360K)->0K(2383360K) From: 163312K(163328K)->153808K(206336K)
[3514.962s][info][gc,heap        ] GC(780) ParOldGen: 2137857K(2138112K)->2244401K(2244608K)
[3514.962s][info][gc,metaspace   ] GC(780) Metaspace: 29088K(29376K)->29088K(29376K) NonClass: 25986K(26112K)->25986K(26112K) Class: 3102K(3264K)->3102K(3264K)
[3514.962s][info][gc             ] GC(780) Pause Young (Allocation Failure) 4574M->2342M(4721M) 98.145ms
[3514.962s][info][gc,cpu         ] GC(780) User=0.54s Sys=0.04s Real=0.10s
...[3517.876s][info][gc,start       ] GC(781) Pause Young (Allocation Failure)
[3517.974s][info][gc,heap        ] GC(781) PSYoungGen: 2537168K(2589696K)->154420K(2582528K) Eden: 2383360K(2383360K)->0K(2385408K) From: 153808K(206336K)->154420K(197120K)
[3517.974s][info][gc,heap        ] GC(781) ParOldGen: 2244401K(2244608K)->2347313K(2347520K)
[3517.974s][info][gc,metaspace   ] GC(781) Metaspace: 29088K(29376K)->29088K(29376K) NonClass: 25986K(26112K)->25986K(26112K) Class: 3102K(3264K)->3102K(3264K)
[3517.974s][info][gc             ] GC(781) Pause Young (Allocation Failure) 4669M->2443M(4814M) 97.266ms
[3517.974s][info][gc,cpu         ] GC(781) User=0.54s Sys=0.05s Real=0.09s
...[3520.925s][info][gc,start       ] GC(782) Pause Young (Allocation Failure)
[3521.023s][info][gc,heap        ] GC(782) PSYoungGen: 2539828K(2582528K)->155248K(2587136K) Eden: 2385408K(2385408K)->0K(2385408K) From: 154420K(197120K)->155248K(201728K)
[3521.023s][info][gc,heap        ] GC(782) ParOldGen: 2347313K(2347520K)->2449985K(2450432K)
[3521.023s][info][gc,metaspace   ] GC(782) Metaspace: 29088K(29376K)->29088K(29376K) NonClass: 25986K(26112K)->25986K(26112K) Class: 3102K(3264K)->3102K(3264K)
[3521.023s][info][gc             ] GC(782) Pause Young (Allocation Failure) 4772M->2544M(4919M) 97.407ms
[3521.023s][info][gc,cpu         ] GC(782) User=0.55s Sys=0.03s Real=0.09s
...[3523.920s][info][gc,start       ] GC(783) Pause Young (Allocation Failure)
[3524.017s][info][gc,heap        ] GC(783) PSYoungGen: 2540656K(2587136K)->156228K(2587136K) Eden: 2385408K(2385408K)->0K(2394624K) From: 155248K(201728K)->156228K(192512K)
[3524.017s][info][gc,heap        ] GC(783) ParOldGen: 2449985K(2450432K)->2552913K(2553344K)
[3524.017s][info][gc,metaspace   ] GC(783) Metaspace: 29088K(29376K)->29088K(29376K) NonClass: 25986K(26112K)->25986K(26112K) Class: 3102K(3264K)->3102K(3264K)
[3524.017s][info][gc             ] GC(783) Pause Young (Allocation Failure) 4873M->2645M(5020M) 96.707ms
[3524.017s][info][gc,cpu         ] GC(783) User=0.54s Sys=0.04s Real=0.10s
...[3526.888s][info][gc,start       ] GC(784) Pause Young (Allocation Failure)
[3526.988s][info][gc,heap        ] GC(784) PSYoungGen: 2550852K(2587136K)->157236K(2591744K) Eden: 2394624K(2394624K)->0K(2394624K) From: 156228K(192512K)->157236K(197120K)
[3526.988s][info][gc,heap        ] GC(784) ParOldGen: 2552913K(2553344K)->2657449K(2657792K)
[3526.988s][info][gc,metaspace   ] GC(784) Metaspace: 29088K(29376K)->29088K(29376K) NonClass: 25986K(26112K)->25986K(26112K) Class: 3102K(3264K)->3102K(3264K)
[3526.988s][info][gc             ] GC(784) Pause Young (Allocation Failure) 4984M->2748M(5126M) 100.200ms
[3526.988s][info][gc,cpu         ] GC(784) User=0.56s Sys=0.04s Real=0.10s
...[3529.897s][info][gc,start       ] GC(785) Pause Young (Allocation Failure)
[3529.994s][info][gc,heap        ] GC(785) PSYoungGen: 2551860K(2591744K)->153104K(2594304K) Eden: 2394624K(2394624K)->0K(2404864K) From: 157236K(197120K)->153104K(189440K)
[3529.994s][info][gc,heap        ] GC(785) ParOldGen: 2657449K(2657792K)->2759537K(2759680K)
[3529.994s][info][gc,metaspace   ] GC(785) Metaspace: 29088K(29376K)->29088K(29376K) NonClass: 25986K(26112K)->25986K(26112K) Class: 3102K(3264K)->3102K(3264K)
[3529.994s][info][gc             ] GC(785) Pause Young (Allocation Failure) 5087M->2844M(5228M) 96.615ms
[3529.994s][info][gc,cpu         ] GC(785) User=0.54s Sys=0.03s Real=0.09s
...[3532.956s][info][gc,start       ] GC(786) Pause Young (Allocation Failure)
[3533.051s][info][gc,heap        ] GC(786) PSYoungGen: 2557968K(2594304K)->152160K(2597376K) Eden: 2404864K(2404864K)->0K(2404864K) From: 153104K(189440K)->152160K(192512K)
[3533.051s][info][gc,heap        ] GC(786) ParOldGen: 2759537K(2759680K)->2860793K(2861056K)
[3533.051s][info][gc,metaspace   ] GC(786) Metaspace: 29088K(29376K)->29088K(29376K) NonClass: 25986K(26112K)->25986K(26112K) Class: 3102K(3264K)->3102K(3264K)
[3533.051s][info][gc             ] GC(786) Pause Young (Allocation Failure) 5192M->2942M(5330M) 95.431ms
[3533.051s][info][gc,cpu         ] GC(786) User=0.54s Sys=0.03s Real=0.09s
...[3535.986s][info][gc,start       ] GC(787) Pause Young (Allocation Failure)
[3536.081s][info][gc,heap        ] GC(787) PSYoungGen: 2557024K(2597376K)->150464K(2598912K) Eden: 2404864K(2404864K)->0K(2412544K) From: 152160K(192512K)->150464K(186368K)
[3536.081s][info][gc,heap        ] GC(787) ParOldGen: 2860793K(2861056K)->2965553K(2966016K)
[3536.081s][info][gc,metaspace   ] GC(787) Metaspace: 29088K(29376K)->29088K(29376K) NonClass: 25986K(26112K)->25986K(26112K) Class: 3102K(3264K)->3102K(3264K)
[3536.081s][info][gc             ] GC(787) Pause Young (Allocation Failure) 5290M->3042M(5434M) 95.420ms
[3536.081s][info][gc,cpu         ] GC(787) User=0.53s Sys=0.04s Real=0.09s
...[3538.979s][info][gc,start       ] GC(788) Pause Young (Allocation Failure)
[3539.075s][info][gc,heap        ] GC(788) PSYoungGen: 2563008K(2598912K)->154432K(2601984K) Eden: 2412544K(2412544K)->0K(2412544K) From: 150464K(186368K)->154432K(189440K)
[3539.075s][info][gc,heap        ] GC(788) ParOldGen: 2965553K(2966016K)->3069353K(3069440K)
[3539.075s][info][gc,metaspace   ] GC(788) Metaspace: 29088K(29376K)->29088K(29376K) NonClass: 25986K(26112K)->25986K(26112K) Class: 3102K(3264K)->3102K(3264K)
[3539.075s][info][gc             ] GC(788) Pause Young (Allocation Failure) 5398M->3148M(5538M) 96.620ms
[3539.076s][info][gc,cpu         ] GC(788) User=0.54s Sys=0.03s Real=0.10s
...[3542.051s][info][gc,start       ] GC(789) Pause Young (Allocation Failure)
[3542.150s][info][gc,heap        ] GC(789) PSYoungGen: 2566976K(2601984K)->158640K(2600960K) Eden: 2412544K(2412544K)->0K(2419712K) From: 154432K(189440K)->158640K(181248K)
[3542.150s][info][gc,heap        ] GC(789) ParOldGen: 3069353K(3069440K)->3170033K(3170304K)
[3542.150s][info][gc,metaspace   ] GC(789) Metaspace: 29088K(29376K)->29088K(29376K) NonClass: 25986K(26112K)->25986K(26112K) Class: 3102K(3264K)->3102K(3264K)
[3542.150s][info][gc             ] GC(789) Pause Young (Allocation Failure) 5504M->3250M(5636M) 99.900ms
[3542.151s][info][gc,cpu         ] GC(789) User=0.57s Sys=0.03s Real=0.10s
...[3545.068s][info][gc,start       ] GC(790) Pause Young (Allocation Failure)
[3545.167s][info][gc,heap        ] GC(790) PSYoungGen: 2578352K(2600960K)->157088K(2604032K) Eden: 2419712K(2419712K)->0K(2419712K) From: 158640K(181248K)->157088K(184320K)
[3545.167s][info][gc,heap        ] GC(790) ParOldGen: 3170033K(3170304K)->3274745K(3274752K)
[3545.167s][info][gc,metaspace   ] GC(790) Metaspace: 29088K(29376K)->29088K(29376K) NonClass: 25986K(26112K)->25986K(26112K) Class: 3102K(3264K)->3102K(3264K)
[3545.167s][info][gc             ] GC(790) Pause Young (Allocation Failure) 5613M->3351M(5741M) 98.914ms
[3545.167s][info][gc,cpu         ] GC(790) User=0.55s Sys=0.03s Real=0.10s
...[3548.162s][info][gc,start       ] GC(791) Pause Young (Allocation Failure)
[3548.265s][info][gc,heap        ] GC(791) PSYoungGen: 2576800K(2604032K)->151472K(2609152K) Eden: 2419712K(2419712K)->0K(2429952K) From: 157088K(184320K)->151472K(179200K)
[3548.265s][info][gc,heap        ] GC(791) ParOldGen: 3274745K(3274752K)->3377217K(3377664K)
[3548.265s][info][gc,metaspace   ] GC(791) Metaspace: 29088K(29376K)->29088K(29376K) NonClass: 25986K(26112K)->25986K(26112K) Class: 3102K(3264K)->3102K(3264K)
[3548.265s][info][gc             ] GC(791) Pause Young (Allocation Failure) 5714M->3445M(5846M) 102.439ms
[3548.265s][info][gc,cpu         ] GC(791) User=0.55s Sys=0.04s Real=0.11s
...[3551.238s][info][gc,start       ] GC(792) Pause Young (Allocation Failure)
[3551.337s][info][gc,heap        ] GC(792) PSYoungGen: 2581424K(2609152K)->152452K(2610688K) Eden: 2429952K(2429952K)->0K(2429952K) From: 151472K(179200K)->152452K(180736K)
[3551.337s][info][gc,heap        ] GC(792) ParOldGen: 3377217K(3377664K)->3481945K(3482112K)
[3551.337s][info][gc,metaspace   ] GC(792) Metaspace: 29088K(29376K)->29088K(29376K) NonClass: 25986K(26112K)->25986K(26112K) Class: 3102K(3264K)->3102K(3264K)
[3551.337s][info][gc             ] GC(792) Pause Young (Allocation Failure) 5818M->3549M(5950M) 99.090ms
[3551.337s][info][gc,cpu         ] GC(792) User=0.56s Sys=0.02s Real=0.10s
...[3554.238s][info][gc,start       ] GC(793) Pause Young (Allocation Failure)
[3554.335s][info][gc,heap        ] GC(793) PSYoungGen: 2582404K(2610688K)->147840K(2614272K) Eden: 2429952K(2429952K)->0K(2436096K) From: 152452K(180736K)->147840K(178176K)
[3554.335s][info][gc,heap        ] GC(793) ParOldGen: 3481945K(3482112K)->3587025K(3587072K)
[3554.335s][info][gc,metaspace   ] GC(793) Metaspace: 29088K(29376K)->29088K(29376K) NonClass: 25986K(26112K)->25986K(26112K) Class: 3102K(3264K)->3102K(3264K)
[3554.335s][info][gc             ] GC(793) Pause Young (Allocation Failure) 5922M->3647M(6056M) 97.393ms
[3554.335s][info][gc,cpu         ] GC(793) User=0.54s Sys=0.03s Real=0.10s
...[3557.274s][info][gc,start       ] GC(794) Pause Young (Allocation Failure)
[3557.372s][info][gc,heap        ] GC(794) PSYoungGen: 2583936K(2614272K)->151413K(2614784K) Eden: 2436096K(2436096K)->0K(2436096K) From: 147840K(178176K)->151413K(178688K)
[3557.372s][info][gc,heap        ] GC(794) ParOldGen: 3587025K(3587072K)->3688929K(3688960K)
[3557.372s][info][gc,metaspace   ] GC(794) Metaspace: 29088K(29376K)->29088K(29376K) NonClass: 25986K(26112K)->25986K(26112K) Class: 3102K(3264K)->3102K(3264K)
[3557.372s][info][gc             ] GC(794) Pause Young (Allocation Failure) 6026M->3750M(6156M) 98.041ms
[3557.372s][info][gc,cpu         ] GC(794) User=0.54s Sys=0.03s Real=0.10s
...[3560.336s][info][gc,start       ] GC(795) Pause Young (Allocation Failure)
[3560.436s][info][gc,heap        ] GC(795) PSYoungGen: 2587509K(2614784K)->158602K(2616320K) Eden: 2436096K(2436096K)->0K(2440192K) From: 151413K(178688K)->158602K(176128K)
[3560.436s][info][gc,heap        ] GC(795) ParOldGen: 3688929K(3688960K)->3792305K(3792384K)
[3560.436s][info][gc,metaspace   ] GC(795) Metaspace: 29088K(29376K)->29088K(29376K) NonClass: 25986K(26112K)->25986K(26112K) Class: 3102K(3264K)->3102K(3264K)
[3560.436s][info][gc             ] GC(795) Pause Young (Allocation Failure) 6129M->3858M(6258M) 100.693ms
[3560.436s][info][gc,cpu         ] GC(795) User=0.57s Sys=0.03s Real=0.10s
.. (rIR:aIR:PR = 5535:5536:5536) (tPR = 82636) [OK] 
  3561s: Performance info:
         Transaction,    Success,    Partial,     Failed,   Receipts, AvgBarcode, 
             Overall,     333834,          0,          0,     317138,      59.48, 
         Response times:
             Request,    Success,    Partial,     Failed,   SkipFail,     Probes,    Samples,      min,      p50,      p90,      p95,      p99,      max, 
       TotalPurchase,     317138,          0,          0,          0,     312109,     338564,      300,     4100,     7100,     9900,    35000,   128000,
     InStorePurchase,     166911,          0,          0,          0,     164672,     178304,      300,     4000,     7100,     9800,    35000,   128000,
      OnlinePurchase,     116839,          0,          0,          0,     114759,     124443,      300,     4200,     7200,    10280,    36000,   128000,
        InstPurchase,      33388,          0,          0,          0,      32678,      35817,      300,     3900,     7000,     9600,    34000,   124000,
          AssocOfCat,        332,          0,          0,          0,        267,        371,    21000,    32000,    42000,    56000,    78840,   152000,
      AssocOfProduct,       3345,          0,          0,          0,       3101,       3567,      500,     2400,     4900,     7000,    25000,   108000,
      BusinessReport,        838,          0,          0,          0,        721,        892,    26000,    36000,    51000,    63000,   144070,   171000,
          CustBuyBeh,       3336,          0,          0,          0,       3124,       3583,      200,     4800,     7500,    10800,    42000,   112000,
       ProductReturn,       8845,          0,          0,          0,       8540,       9614,      200,     3900,     7200,    11025,    37000,   109000,

  3561s: (41%)   IR =   5673 .[3563.414s][info][gc,start       ] GC(796) Pause Young (Allocation Failure)
[3563.511s][info][gc,heap        ] GC(796) PSYoungGen: 2598794K(2616320K)->149056K(2616320K) Eden: 2440192K(2440192K)->0K(2440192K) From: 158602K(176128K)->149056K(176128K)
[3563.511s][info][gc,heap        ] GC(796) ParOldGen: 3792305K(3792384K)->3896129K(3896320K)
[3563.511s][info][gc,metaspace   ] GC(796) Metaspace: 29088K(29376K)->29088K(29376K) NonClass: 25986K(26112K)->25986K(26112K) Class: 3102K(3264K)->3102K(3264K)
[3563.511s][info][gc             ] GC(796) Pause Young (Allocation Failure) 6241M->3950M(6360M) 96.748ms
[3563.511s][info][gc,cpu         ] GC(796) User=0.54s Sys=0.03s Real=0.10s
...[3566.392s][info][gc,start       ] GC(797) Pause Young (Allocation Failure)
[3566.492s][info][gc,heap        ] GC(797) PSYoungGen: 2589248K(2616320K)->156019K(2616320K) Eden: 2440192K(2440192K)->0K(2444288K) From: 149056K(176128K)->156019K(172032K)
[3566.492s][info][gc,heap        ] GC(797) ParOldGen: 3896129K(3896320K)->4002017K(4002304K)
[3566.492s][info][gc,metaspace   ] GC(797) Metaspace: 29088K(29376K)->29088K(29376K) NonClass: 25986K(26112K)->25986K(26112K) Class: 3102K(3264K)->3102K(3264K)
[3566.492s][info][gc             ] GC(797) Pause Young (Allocation Failure) 6333M->4060M(6463M) 100.658ms
[3566.492s][info][gc,cpu         ] GC(797) User=0.56s Sys=0.04s Real=0.10s
...[3569.459s][info][gc,start       ] GC(798) Pause Young (Allocation Failure)
[3569.560s][info][gc,heap        ] GC(798) PSYoungGen: 2600307K(2616320K)->156288K(2617856K) Eden: 2444288K(2444288K)->0K(2444288K) From: 156019K(172032K)->156288K(173568K)
[3569.560s][info][gc,heap        ] GC(798) ParOldGen: 4002017K(4002304K)->4105449K(4105728K)
[3569.560s][info][gc,metaspace   ] GC(798) Metaspace: 29088K(29376K)->29088K(29376K) NonClass: 25986K(26112K)->25986K(26112K) Class: 3102K(3264K)->3102K(3264K)
[3569.560s][info][gc             ] GC(798) Pause Young (Allocation Failure) 6447M->4161M(6566M) 100.723ms
[3569.561s][info][gc,cpu         ] GC(798) User=0.56s Sys=0.03s Real=0.10s
...[3572.428s][info][gc,start       ] GC(799) Pause Young (Allocation Failure)
[3572.526s][info][gc,heap        ] GC(799) PSYoungGen: 2600576K(2617856K)->151360K(2621440K) Eden: 2444288K(2444288K)->0K(2450432K) From: 156288K(173568K)->151360K(171008K)
[3572.526s][info][gc,heap        ] GC(799) ParOldGen: 4105449K(4105728K)->4211089K(4211200K)
[3572.526s][info][gc,metaspace   ] GC(799) Metaspace: 29088K(29376K)->29088K(29376K) NonClass: 25986K(26112K)->25986K(26112K) Class: 3102K(3264K)->3102K(3264K)
[3572.526s][info][gc             ] GC(799) Pause Young (Allocation Failure) 6548M->4260M(6672M) 98.318ms
[3572.526s][info][gc,cpu         ] GC(799) User=0.55s Sys=0.02s Real=0.10s
.|..[3575.486s][info][gc,start       ] GC(800) Pause Young (Allocation Failure)
[3575.587s][info][gc,heap        ] GC(800) PSYoungGen: 2601792K(2621440K)->157408K(2621952K) Eden: 2450432K(2450432K)->0K(2450432K) From: 151360K(171008K)->157408K(171520K)
[3575.587s][info][gc,heap        ] GC(800) ParOldGen: 4211089K(4211200K)->4314233K(4314624K)
[3575.587s][info][gc,metaspace   ] GC(800) Metaspace: 29088K(29376K)->29088K(29376K) NonClass: 25986K(26112K)->25986K(26112K) Class: 3102K(3264K)->3102K(3264K)
[3575.587s][info][gc             ] GC(800) Pause Young (Allocation Failure) 6653M->4366M(6774M) 101.534ms
[3575.587s][info][gc,cpu         ] GC(800) User=0.57s Sys=0.03s Real=0.10s
...[3578.470s][info][gc,start       ] GC(801) Pause Young (Allocation Failure)
[3578.571s][info][gc,heap        ] GC(801) PSYoungGen: 2607840K(2621952K)->154756K(2621952K) Eden: 2450432K(2450432K)->0K(2454016K) From: 157408K(171520K)->154756K(167936K)
[3578.571s][info][gc,heap        ] GC(801) ParOldGen: 4314233K(4314624K)->4420929K(4421120K)
[3578.571s][info][gc,metaspace   ] GC(801) Metaspace: 29088K(29376K)->29088K(29376K) NonClass: 25986K(26112K)->25986K(26112K) Class: 3102K(3264K)->3102K(3264K)
[3578.571s][info][gc             ] GC(801) Pause Young (Allocation Failure) 6759M->4468M(6878M) 101.314ms
[3578.571s][info][gc,cpu         ] GC(801) User=0.56s Sys=0.03s Real=0.10s
...[3581.517s][info][gc,start       ] GC(802) Pause Young (Allocation Failure)
[3581.616s][info][gc,heap        ] GC(802) PSYoungGen: 2608772K(2621952K)->154016K(2622976K) Eden: 2454016K(2454016K)->0K(2454016K) From: 154756K(167936K)->154016K(168960K)
[3581.616s][info][gc,heap        ] GC(802) ParOldGen: 4420929K(4421120K)->4523161K(4523520K)
[3581.616s][info][gc,metaspace   ] GC(802) Metaspace: 29088K(29376K)->29088K(29376K) NonClass: 25986K(26112K)->25986K(26112K) Class: 3102K(3264K)->3102K(3264K)
[3581.616s][info][gc             ] GC(802) Pause Young (Allocation Failure) 6864M->4567M(6979M) 99.658ms
[3581.616s][info][gc,cpu         ] GC(802) User=0.56s Sys=0.03s Real=0.10s
...[3584.512s][info][gc,start       ] GC(803) Pause Young (Allocation Failure)
[3584.612s][info][gc,heap        ] GC(803) PSYoungGen: 2608032K(2622976K)->155588K(2625024K) Eden: 2454016K(2454016K)->0K(2459136K) From: 154016K(168960K)->155588K(165888K)
[3584.612s][info][gc,heap        ] GC(803) ParOldGen: 4523161K(4523520K)->4627681K(4627968K)
[3584.612s][info][gc,metaspace   ] GC(803) Metaspace: 29088K(29376K)->29088K(29376K) NonClass: 25986K(26112K)->25986K(26112K) Class: 3102K(3264K)->3102K(3264K)
[3584.612s][info][gc             ] GC(803) Pause Young (Allocation Failure) 6964M->4671M(7083M) 100.176ms
[3584.612s][info][gc,cpu         ] GC(803) User=0.57s Sys=0.02s Real=0.10s
...[3587.530s][info][gc,start       ] GC(804) Pause Young (Allocation Failure)
[3587.629s][info][gc,heap        ] GC(804) PSYoungGen: 2614724K(2625024K)->149920K(2626048K) Eden: 2459136K(2459136K)->0K(2459136K) From: 155588K(165888K)->149920K(166912K)
[3587.629s][info][gc,heap        ] GC(804) ParOldGen: 4627681K(4627968K)->4731977K(4732416K)
[3587.629s][info][gc,metaspace   ] GC(804) Metaspace: 29088K(29376K)->29088K(29376K) NonClass: 25986K(26112K)->25986K(26112K) Class: 3102K(3264K)->3102K(3264K)
[3587.629s][info][gc             ] GC(804) Pause Young (Allocation Failure) 7072M->4767M(7186M) 98.928ms
[3587.629s][info][gc,cpu         ] GC(804) User=0.55s Sys=0.03s Real=0.10s
...[3590.626s][info][gc,start       ] GC(805) Pause Young (Allocation Failure)
[3590.725s][info][gc,heap        ] GC(805) PSYoungGen: 2609056K(2626048K)->153344K(2627584K) Eden: 2459136K(2459136K)->0K(2462720K) From: 149920K(166912K)->153344K(164864K)
[3590.725s][info][gc,heap        ] GC(805) ParOldGen: 4731977K(4732416K)->4835153K(4835328K)
[3590.725s][info][gc,metaspace   ] GC(805) Metaspace: 29088K(29376K)->29088K(29376K) NonClass: 25986K(26112K)->25986K(26112K) Class: 3102K(3264K)->3102K(3264K)
[3590.725s][info][gc             ] GC(805) Pause Young (Allocation Failure) 7168M->4871M(7288M) 98.888ms
[3590.725s][info][gc,cpu         ] GC(805) User=0.55s Sys=0.03s Real=0.10s
...[3593.625s][info][gc,start       ] GC(806) Pause Young (Allocation Failure)
[3593.727s][info][gc,heap        ] GC(806) PSYoungGen: 2616064K(2627584K)->161360K(2628608K) Eden: 2462720K(2462720K)->0K(2462720K) From: 153344K(164864K)->161360K(165888K)
[3593.727s][info][gc,heap        ] GC(806) ParOldGen: 4835153K(4835328K)->4942185K(4942336K)
[3593.727s][info][gc,metaspace   ] GC(806) Metaspace: 29088K(29376K)->29088K(29376K) NonClass: 25986K(26112K)->25986K(26112K) Class: 3102K(3264K)->3102K(3264K)
[3593.727s][info][gc             ] GC(806) Pause Young (Allocation Failure) 7276M->4983M(7393M) 101.899ms
[3593.727s][info][gc,cpu         ] GC(806) User=0.57s Sys=0.04s Real=0.10s
...[3596.649s][info][gc,start       ] GC(807) Pause Young (Allocation Failure)
[3596.751s][info][gc,heap        ] GC(807) PSYoungGen: 2624080K(2628608K)->160803K(2627072K) Eden: 2462720K(2462720K)->0K(2460160K) From: 161360K(165888K)->160803K(166912K)
[3596.751s][info][gc,heap        ] GC(807) ParOldGen: 4942185K(4942336K)->5046369K(5046784K)
[3596.751s][info][gc,metaspace   ] GC(807) Metaspace: 29088K(29376K)->29088K(29376K) NonClass: 25986K(26112K)->25986K(26112K) Class: 3102K(3264K)->3102K(3264K)
[3596.751s][info][gc             ] GC(807) Pause Young (Allocation Failure) 7388M->5085M(7494M) 102.065ms
[3596.751s][info][gc,cpu         ] GC(807) User=0.56s Sys=0.04s Real=0.10s
...[3599.667s][info][gc,start       ] GC(808) Pause Young (Allocation Failure)
[3599.766s][info][gc,heap        ] GC(808) PSYoungGen: 2620963K(2627072K)->151447K(2628096K) Eden: 2460160K(2460160K)->0K(2460160K) From: 160803K(166912K)->151447K(167936K)
[3599.766s][info][gc,heap        ] GC(808) ParOldGen: 5046369K(5046784K)->5151193K(5151232K)
[3599.766s][info][gc,metaspace   ] GC(808) Metaspace: 29088K(29376K)->29088K(29376K) NonClass: 25986K(26112K)->25986K(26112K) Class: 3102K(3264K)->3102K(3264K)
[3599.766s][info][gc             ] GC(808) Pause Young (Allocation Failure) 7487M->5178M(7597M) 98.834ms
[3599.766s][info][gc,cpu         ] GC(808) User=0.56s Sys=0.02s Real=0.10s
...[3602.672s][info][gc,start       ] GC(809) Pause Young (Allocation Failure)
[3602.772s][info][gc,heap        ] GC(809) PSYoungGen: 2611607K(2628096K)->154272K(2625536K) Eden: 2460160K(2460160K)->0K(2460672K) From: 151447K(167936K)->154272K(164864K)
[3602.772s][info][gc,heap        ] GC(809) ParOldGen: 5151193K(5151232K)->5256545K(5256704K)
[3602.772s][info][gc,metaspace   ] GC(809) Metaspace: 29088K(29376K)->29088K(29376K) NonClass: 25986K(26112K)->25986K(26112K) Class: 3102K(3264K)->3102K(3264K)
[3602.772s][info][gc             ] GC(809) Pause Young (Allocation Failure) 7580M->5284M(7697M) 100.706ms
[3602.772s][info][gc,cpu         ] GC(809) User=0.57s Sys=0.03s Real=0.10s
...[3605.769s][info][gc,start       ] GC(810) Pause Young (Allocation Failure)
[3605.871s][info][gc,heap        ] GC(810) PSYoungGen: 2614944K(2625536K)->158592K(2627072K) Eden: 2460672K(2460672K)->0K(2460672K) From: 154272K(164864K)->158592K(166400K)
[3605.871s][info][gc,heap        ] GC(810) ParOldGen: 5256545K(5256704K)->5361553K(5361664K)
[3605.871s][info][gc,metaspace   ] GC(810) Metaspace: 29088K(29376K)->29088K(29376K) NonClass: 25986K(26112K)->25986K(26112K) Class: 3102K(3264K)->3102K(3264K)
[3605.871s][info][gc             ] GC(810) Pause Young (Allocation Failure) 7687M->5390M(7801M) 101.617ms
[3605.871s][info][gc,cpu         ] GC(810) User=0.56s Sys=0.03s Real=0.10s
...[3608.786s][info][gc,start       ] GC(811) Pause Young (Allocation Failure)
[3608.884s][info][gc,heap        ] GC(811) PSYoungGen: 2619264K(2627072K)->150912K(2629120K) Eden: 2460672K(2460672K)->0K(2462720K) From: 158592K(166400K)->150912K(166400K)
[3608.884s][info][gc,heap        ] GC(811) ParOldGen: 5361553K(5361664K)->5468169K(5468672K)
[3608.884s][info][gc,metaspace   ] GC(811) Metaspace: 29088K(29376K)->29088K(29376K) NonClass: 25986K(26112K)->25986K(26112K) Class: 3102K(3264K)->3102K(3264K)
[3608.884s][info][gc             ] GC(811) Pause Young (Allocation Failure) 7793M->5487M(7908M) 98.596ms
[3608.884s][info][gc,cpu         ] GC(811) User=0.54s Sys=0.04s Real=0.09s
...[3611.765s][info][gc,start       ] GC(812) Pause Young (Allocation Failure)
[3611.865s][info][gc,heap        ] GC(812) PSYoungGen: 2613632K(2629120K)->151456K(2629120K) Eden: 2462720K(2462720K)->0K(2462720K) From: 150912K(166400K)->151456K(166400K)
[3611.865s][info][gc,heap        ] GC(812) ParOldGen: 5468169K(5468672K)->5571881K(5572096K)
[3611.865s][info][gc,metaspace   ] GC(812) Metaspace: 29088K(29376K)->29088K(29376K) NonClass: 25986K(26112K)->25986K(26112K) Class: 3102K(3264K)->3102K(3264K)
[3611.865s][info][gc             ] GC(812) Pause Young (Allocation Failure) 7892M->5589M(8009M) 99.787ms
[3611.865s][info][gc,cpu         ] GC(812) User=0.56s Sys=0.03s Real=0.10s
...[3614.805s][info][gc,start       ] GC(813) Pause Full (Allocation Failure)
[3614.805s][info][gc,phases,start] GC(813) Marking Phase
[3615.115s][info][gc,phases      ] GC(813) Marking Phase 310.012ms
[3615.115s][info][gc,phases,start] GC(813) Summary Phase
[3615.115s][info][gc,phases      ] GC(813) Summary Phase 0.109ms
[3615.116s][info][gc,phases,start] GC(813) Forward
[3615.244s][info][gc,phases      ] GC(813) Forward 128.881ms
[3615.245s][info][gc,phases,start] GC(813) Adjust Pointers
[3615.455s][info][gc,phases      ] GC(813) Adjust Pointers 210.121ms
[3615.455s][info][gc,phases,start] GC(813) Compaction Phase
[3615.603s][info][gc,phases      ] GC(813) Compaction Phase 148.765ms
[3615.604s][info][gc,phases,start] GC(813) Post Compact
[3615.611s][info][gc,phases      ] GC(813) Post Compact 7.027ms
[3615.733s][info][gc,heap        ] GC(813) PSYoungGen: 2614176K(2629120K)->0K(2629120K) Eden: 2462720K(2462720K)->0K(2463232K) From: 151456K(166400K)->0K(165888K)
[3615.733s][info][gc,heap        ] GC(813) ParOldGen: 5571881K(5572096K)->1610576K(1863168K)
[3615.733s][info][gc,metaspace   ] GC(813) Metaspace: 29088K(29376K)->29088K(29376K) NonClass: 25986K(26112K)->25986K(26112K) Class: 3102K(3264K)->3102K(3264K)
[3615.733s][info][gc             ] GC(813) Pause Full (Allocation Failure) 7994M->1572M(4387M) 928.229ms
[3615.733s][info][gc,cpu         ] GC(813) User=4.35s Sys=0.12s Real=0.92s
...[3617.899s][info][gc,start       ] GC(814) Pause Young (Allocation Failure)
[3617.964s][info][gc,heap        ] GC(814) PSYoungGen: 2463232K(2629120K)->157184K(2629120K) Eden: 2463232K(2463232K)->0K(2463232K) From: 0K(165888K)->157184K(165888K)
[3617.964s][info][gc,heap        ] GC(814) ParOldGen: 1610576K(1863168K)->1610576K(1863168K)
[3617.964s][info][gc,metaspace   ] GC(814) Metaspace: 29088K(29376K)->29088K(29376K) NonClass: 25986K(26112K)->25986K(26112K) Class: 3102K(3264K)->3102K(3264K)
[3617.964s][info][gc             ] GC(814) Pause Young (Allocation Failure) 3978M->1726M(4387M) 64.530ms
[3617.964s][info][gc,cpu         ] GC(814) User=0.39s Sys=0.00s Real=0.06s
...[3620.886s][info][gc,start       ] GC(815) Pause Young (Allocation Failure)
[3620.977s][info][gc,heap        ] GC(815) PSYoungGen: 2620416K(2629120K)->152288K(2629120K) Eden: 2463232K(2463232K)->0K(2464256K) From: 157184K(165888K)->152288K(164864K)
[3620.977s][info][gc,heap        ] GC(815) ParOldGen: 1610576K(1863168K)->1715888K(1863168K)
[3620.977s][info][gc,metaspace   ] GC(815) Metaspace: 29088K(29376K)->29088K(29376K) NonClass: 25986K(26112K)->25986K(26112K) Class: 3102K(3264K)->3102K(3264K)
[3620.977s][info][gc             ] GC(815) Pause Young (Allocation Failure) 4131M->1824M(4387M) 90.760ms
[3620.977s][info][gc,cpu         ] GC(815) User=0.54s Sys=0.00s Real=0.09s
...[3623.897s][info][gc,start       ] GC(816) Pause Young (Allocation Failure)
[3623.992s][info][gc,heap        ] GC(816) PSYoungGen: 2616544K(2629120K)->157957K(2629632K) Eden: 2464256K(2464256K)->0K(2464256K) From: 152288K(164864K)->157957K(165376K)
[3623.992s][info][gc,heap        ] GC(816) ParOldGen: 1715888K(1863168K)->1820576K(1863168K)
[3623.992s][info][gc,metaspace   ] GC(816) Metaspace: 29088K(29376K)->29088K(29376K) NonClass: 25986K(26112K)->25986K(26112K) Class: 3102K(3264K)->3102K(3264K)
[3623.992s][info][gc             ] GC(816) Pause Young (Allocation Failure) 4230M->1932M(4387M) 94.326ms
[3623.992s][info][gc,cpu         ] GC(816) User=0.56s Sys=0.00s Real=0.09s
...[3626.964s][info][gc,start       ] GC(817) Pause Young (Allocation Failure)
[3627.060s][info][gc,heap        ] GC(817) PSYoungGen: 2622213K(2629632K)->154240K(2628608K) Eden: 2464256K(2464256K)->0K(2465280K) From: 157957K(165376K)->154240K(163328K)
[3627.060s][info][gc,heap        ] GC(817) ParOldGen: 1820576K(1863168K)->1924656K(1925120K)
[3627.060s][info][gc,metaspace   ] GC(817) Metaspace: 29088K(29376K)->29088K(29376K) NonClass: 25986K(26112K)->25986K(26112K) Class: 3102K(3264K)->3102K(3264K)
[3627.060s][info][gc             ] GC(817) Pause Young (Allocation Failure) 4338M->2030M(4447M) 95.888ms
[3627.060s][info][gc,cpu         ] GC(817) User=0.54s Sys=0.02s Real=0.10s
...[3629.916s][info][gc,start       ] GC(818) Pause Young (Allocation Failure)
[3630.013s][info][gc,heap        ] GC(818) PSYoungGen: 2619520K(2628608K)->151648K(2629632K) Eden: 2465280K(2465280K)->0K(2465280K) From: 154240K(163328K)->151648K(164352K)
[3630.013s][info][gc,heap        ] GC(818) ParOldGen: 1924656K(1925120K)->2030944K(2031104K)
[3630.013s][info][gc,metaspace   ] GC(818) Metaspace: 29088K(29376K)->29088K(29376K) NonClass: 25986K(26112K)->25986K(26112K) Class: 3102K(3264K)->3102K(3264K)
[3630.013s][info][gc             ] GC(818) Pause Young (Allocation Failure) 4437M->2131M(4551M) 96.565ms
[3630.013s][info][gc,cpu         ] GC(818) User=0.54s Sys=0.04s Real=0.09s
... (rIR:aIR:PR = 5673:5671:5671) (tPR = 84313) [OK] 
  3632s: Performance info:
         Transaction,    Success,    Partial,     Failed,   Receipts, AvgBarcode, 
             Overall,     341322,          0,          0,     324230,      59.47, 
         Response times:
             Request,    Success,    Partial,     Failed,   SkipFail,     Probes,    Samples,      min,      p50,      p90,      p95,      p99,      max, 
       TotalPurchase,     324235,          0,          0,          0,     315050,     379731,      300,     4100,     7600,    15100,   177000,   940000,
     InStorePurchase,     170629,          0,          0,          0,     166149,     199940,      300,     4100,     7500,    15000,   100000,   940000,
      OnlinePurchase,     119437,          0,          0,          0,     116214,     139854,      300,     4100,     7600,    14200,   196000,   940000,
        InstPurchase,      34169,          0,          0,          0,      32687,      39937,      400,     4400,     7800,    17810,   316000,   940000,
          AssocOfCat,        343,          0,          0,          0,        261,        386,    19000,    31000,    43000,    59850,   367000,   367000,
      AssocOfProduct,       3417,          0,          0,          0,       3159,       4068,      400,     4900,     8200,    16665,   323000,   940000,
      BusinessReport,        855,          0,          0,          0,        735,        992,    26000,    37000,    53000,    78000,   347000,   370000,
          CustBuyBeh,       3422,          0,          0,          0,       3167,       4062,      200,     2700,     4800,    13285,   328000,   940000,
       ProductReturn,       9056,          0,          0,          0,       8509,      10600,      200,     4300,     7300,    13895,   255000,   296000,

  3632s: (42%)   IR =   5812 [3632.974s][info][gc,start       ] GC(819) Pause Young (Allocation Failure)
[3633.069s][info][gc,heap        ] GC(819) PSYoungGen: 2616928K(2629632K)->152864K(2630144K) Eden: 2465280K(2465280K)->0K(2467840K) From: 151648K(164352K)->152864K(162304K)
[3633.069s][info][gc,heap        ] GC(819) ParOldGen: 2030944K(2031104K)->2134552K(2135040K)
[3633.069s][info][gc,metaspace   ] GC(819) Metaspace: 29088K(29376K)->29088K(29376K) NonClass: 25986K(26112K)->25986K(26112K) Class: 3102K(3264K)->3102K(3264K)
[3633.069s][info][gc             ] GC(819) Pause Young (Allocation Failure) 4538M->2233M(4653M) 95.025ms
[3633.069s][info][gc,cpu         ] GC(819) User=0.54s Sys=0.03s Real=0.10s
...[3635.926s][info][gc,start       ] GC(820) Pause Young (Allocation Failure)
[3636.025s][info][gc,heap        ] GC(820) PSYoungGen: 2620704K(2630144K)->159812K(2631168K) Eden: 2467840K(2467840K)->0K(2467840K) From: 152864K(162304K)->159812K(163328K)
[3636.025s][info][gc,heap        ] GC(820) ParOldGen: 2134552K(2135040K)->2239280K(2239488K)
[3636.025s][info][gc,metaspace   ] GC(820) Metaspace: 29088K(29376K)->29088K(29376K) NonClass: 25986K(26112K)->25986K(26112K) Class: 3102K(3264K)->3102K(3264K)
[3636.025s][info][gc             ] GC(820) Pause Young (Allocation Failure) 4643M->2342M(4756M) 99.152ms
[3636.026s][info][gc,cpu         ] GC(820) User=0.56s Sys=0.03s Real=0.10s
...|[3638.939s][info][gc,start       ] GC(821) Pause Young (Allocation Failure)
[3639.036s][info][gc,heap        ] GC(821) PSYoungGen: 2627652K(2631168K)->155456K(2632192K) Eden: 2467840K(2467840K)->0K(2467840K) From: 159812K(163328K)->155456K(164352K)
[3639.036s][info][gc,heap        ] GC(821) ParOldGen: 2239280K(2239488K)->2343576K(2343936K)
[3639.036s][info][gc,metaspace   ] GC(821) Metaspace: 29088K(29376K)->29088K(29376K) NonClass: 25986K(26112K)->25986K(26112K) Class: 3102K(3264K)->3102K(3264K)
[3639.036s][info][gc             ] GC(821) Pause Young (Allocation Failure) 4752M->2440M(4859M) 96.706ms
[3639.036s][info][gc,cpu         ] GC(821) User=0.53s Sys=0.03s Real=0.10s
...[3641.853s][info][gc,start       ] GC(822) Pause Young (Allocation Failure)
[3641.949s][info][gc,heap        ] GC(822) PSYoungGen: 2623296K(2632192K)->150368K(2631680K) Eden: 2467840K(2467840K)->0K(2467840K) From: 155456K(164352K)->150368K(163840K)
[3641.949s][info][gc,heap        ] GC(822) ParOldGen: 2343576K(2343936K)->2450344K(2450432K)
[3641.949s][info][gc,metaspace   ] GC(822) Metaspace: 29088K(29376K)->29088K(29376K) NonClass: 25986K(26112K)->25986K(26112K) Class: 3102K(3264K)->3102K(3264K)
[3641.949s][info][gc             ] GC(822) Pause Young (Allocation Failure) 4850M->2539M(4963M) 96.087ms
[3641.949s][info][gc,cpu         ] GC(822) User=0.54s Sys=0.03s Real=0.10s
...[3644.908s][info][gc,start       ] GC(823) Pause Young (Allocation Failure)
[3645.011s][info][gc,heap        ] GC(823) PSYoungGen: 2618208K(2631680K)->163808K(2548224K) Eden: 2467840K(2467840K)->0K(2384384K) From: 150368K(163840K)->163808K(163840K)
[3645.011s][info][gc,heap        ] GC(823) ParOldGen: 2450344K(2450432K)->2556832K(2556928K)
[3645.011s][info][gc,metaspace   ] GC(823) Metaspace: 29088K(29376K)->29088K(29376K) NonClass: 25986K(26112K)->25986K(26112K) Class: 3102K(3264K)->3102K(3264K)
[3645.011s][info][gc             ] GC(823) Pause Young (Allocation Failure) 4949M->2656M(4985M) 102.103ms
[3645.011s][info][gc,cpu         ] GC(823) User=0.57s Sys=0.03s Real=0.10s
..[3647.724s][info][gc,start       ] GC(824) Pause Young (Allocation Failure)
[3647.820s][info][gc,heap        ] GC(824) PSYoungGen: 2548192K(2548224K)->145152K(2590208K) Eden: 2384384K(2384384K)->0K(2384384K) From: 163808K(163840K)->145152K(205824K)
[3647.820s][info][gc,heap        ] GC(824) ParOldGen: 2556832K(2556928K)->2664584K(2664960K)
[3647.820s][info][gc,metaspace   ] GC(824) Metaspace: 29088K(29376K)->29088K(29376K) NonClass: 25986K(26112K)->25986K(26112K) Class: 3102K(3264K)->3102K(3264K)
[3647.820s][info][gc             ] GC(824) Pause Young (Allocation Failure) 4985M->2743M(5132M) 95.899ms
[3647.820s][info][gc,cpu         ] GC(824) User=0.54s Sys=0.03s Real=0.10s
...[3650.602s][info][gc,start       ] GC(825) Pause Young (Allocation Failure)
[3650.700s][info][gc,heap        ] GC(825) PSYoungGen: 2529536K(2590208K)->154916K(2584576K) Eden: 2384384K(2384384K)->0K(2384896K) From: 145152K(205824K)->154916K(199680K)
[3650.700s][info][gc,heap        ] GC(825) ParOldGen: 2664584K(2664960K)->2765376K(2765824K)
[3650.700s][info][gc,metaspace   ] GC(825) Metaspace: 29088K(29376K)->29088K(29376K) NonClass: 25986K(26112K)->25986K(26112K) Class: 3102K(3264K)->3102K(3264K)
[3650.700s][info][gc             ] GC(825) Pause Young (Allocation Failure) 5072M->2851M(5225M) 98.000ms
[3650.700s][info][gc,cpu         ] GC(825) User=0.55s Sys=0.03s Real=0.10s
...[3653.390s][info][gc,start       ] GC(826) Pause Young (Allocation Failure)
[3653.484s][info][gc,heap        ] GC(826) PSYoungGen: 2539812K(2584576K)->142976K(2587648K) Eden: 2384896K(2384896K)->0K(2384896K) From: 154916K(199680K)->142976K(202752K)
[3653.484s][info][gc,heap        ] GC(826) ParOldGen: 2765376K(2765824K)->2870192K(2870272K)
[3653.484s][info][gc,metaspace   ] GC(826) Metaspace: 29088K(29376K)->29088K(29376K) NonClass: 25986K(26112K)->25986K(26112K) Class: 3102K(3264K)->3102K(3264K)
[3653.484s][info][gc             ] GC(826) Pause Young (Allocation Failure) 5180M->2942M(5330M) 93.550ms
[3653.484s][info][gc,cpu         ] GC(826) User=0.52s Sys=0.03s Real=0.09s
...[3656.318s][info][gc,start       ] GC(827) Pause Young (Allocation Failure)
[3656.410s][info][gc,heap        ] GC(827) PSYoungGen: 2527872K(2587648K)->144896K(2589696K) Eden: 2384896K(2384896K)->0K(2391040K) From: 142976K(202752K)->144896K(198656K)
[3656.410s][info][gc,heap        ] GC(827) ParOldGen: 2870192K(2870272K)->2971896K(2972160K)
[3656.410s][info][gc,metaspace   ] GC(827) Metaspace: 29088K(29376K)->29088K(29376K) NonClass: 25986K(26112K)->25986K(26112K) Class: 3102K(3264K)->3102K(3264K)
[3656.410s][info][gc             ] GC(827) Pause Young (Allocation Failure) 5271M->3043M(5431M) 92.399ms
[3656.410s][info][gc,cpu         ] GC(827) User=0.52s Sys=0.03s Real=0.09s
..[3658.379s][info][gc,start       ] GC(828) Pause Full (Diagnostic Command)
[3658.379s][info][gc,phases,start] GC(828) Marking Phase
[3658.685s][info][gc,phases      ] GC(828) Marking Phase 306.125ms
[3658.685s][info][gc,phases,start] GC(828) Summary Phase
[3658.685s][info][gc,phases      ] GC(828) Summary Phase 0.066ms
[3658.685s][info][gc,phases,start] GC(828) Forward
[3658.849s][info][gc,phases      ] GC(828) Forward 163.842ms
[3658.849s][info][gc,phases,start] GC(828) Adjust Pointers
[3659.068s][info][gc,phases      ] GC(828) Adjust Pointers 219.097ms
[3659.068s][info][gc,phases,start] GC(828) Compaction Phase
[3659.252s][info][gc,phases      ] GC(828) Compaction Phase 183.417ms
[3659.254s][info][gc,phases,start] GC(828) Post Compact
[3659.258s][info][gc,phases      ] GC(828) Post Compact 4.121ms
[3659.258s][info][gc,heap        ] GC(828) PSYoungGen: 1869362K(2589696K)->0K(2589696K) Eden: 1724466K(2391040K)->0K(2391040K) From: 144896K(198656K)->0K(198656K)
[3659.258s][info][gc,heap        ] GC(828) ParOldGen: 2971896K(2972160K)->1328779K(2972160K)
[3659.258s][info][gc,metaspace   ] GC(828) Metaspace: 29088K(29376K)->29088K(29376K) NonClass: 25986K(26112K)->25986K(26112K) Class: 3102K(3264K)->3102K(3264K)
[3659.258s][info][gc             ] GC(828) Pause Full (Diagnostic Command) 4727M->1297M(5431M) 878.969ms
[3659.258s][info][gc,cpu         ] GC(828) User=4.75s Sys=0.00s Real=0.88s
..[3661.239s][info][gc,start       ] GC(829) Pause Young (Allocation Failure)
[3661.300s][info][gc,heap        ] GC(829) PSYoungGen: 2391040K(2589696K)->148224K(2591744K) Eden: 2391040K(2391040K)->0K(2391040K) From: 0K(198656K)->148224K(200704K)
[3661.300s][info][gc,heap        ] GC(829) ParOldGen: 1328779K(2972160K)->1328779K(2972160K)
[3661.300s][info][gc,metaspace   ] GC(829) Metaspace: 29088K(29376K)->29088K(29376K) NonClass: 25986K(26112K)->25986K(26112K) Class: 3102K(3264K)->3102K(3264K)
[3661.300s][info][gc             ] GC(829) Pause Young (Allocation Failure) 3632M->1442M(5433M) 61.387ms
[3661.300s][info][gc,cpu         ] GC(829) User=0.36s Sys=0.00s Real=0.06s
...[3664.047s][info][gc,start       ] GC(830) Pause Young (Allocation Failure)
[3664.142s][info][gc,heap        ] GC(830) PSYoungGen: 2539264K(2591744K)->158841K(2588160K) Eden: 2391040K(2391040K)->0K(2396672K) From: 148224K(200704K)->158841K(191488K)
[3664.142s][info][gc,heap        ] GC(830) ParOldGen: 1328779K(2972160K)->1432195K(2972160K)
[3664.142s][info][gc,metaspace   ] GC(830) Metaspace: 29088K(29376K)->29088K(29376K) NonClass: 25986K(26112K)->25986K(26112K) Class: 3102K(3264K)->3102K(3264K)
[3664.142s][info][gc             ] GC(830) Pause Young (Allocation Failure) 3777M->1553M(5430M) 95.204ms
[3664.142s][info][gc,cpu         ] GC(830) User=0.57s Sys=0.00s Real=0.09s
...[3667.002s][info][gc,start       ] GC(831) Pause Young (Allocation Failure)
[3667.096s][info][gc,heap        ] GC(831) PSYoungGen: 2555513K(2588160K)->161456K(2591744K) Eden: 2396672K(2396672K)->0K(2396672K) From: 158841K(191488K)->161456K(195072K)
[3667.096s][info][gc,heap        ] GC(831) ParOldGen: 1432195K(2972160K)->1532523K(2972160K)
[3667.096s][info][gc,metaspace   ] GC(831) Metaspace: 29088K(29376K)->29088K(29376K) NonClass: 25986K(26112K)->25986K(26112K) Class: 3102K(3264K)->3102K(3264K)
[3667.096s][info][gc             ] GC(831) Pause Young (Allocation Failure) 3894M->1654M(5433M) 93.715ms
[3667.096s][info][gc,cpu         ] GC(831) User=0.56s Sys=0.00s Real=0.10s
...[3669.847s][info][gc,start       ] GC(832) Pause Young (Allocation Failure)
[3669.942s][info][gc,heap        ] GC(832) PSYoungGen: 2558128K(2591744K)->159792K(2593792K) Eden: 2396672K(2396672K)->0K(2408448K) From: 161456K(195072K)->159792K(185344K)
[3669.942s][info][gc,heap        ] GC(832) ParOldGen: 1532523K(2972160K)->1637091K(2972160K)
[3669.942s][info][gc,metaspace   ] GC(832) Metaspace: 29088K(29376K)->29088K(29376K) NonClass: 25986K(26112K)->25986K(26112K) Class: 3102K(3264K)->3102K(3264K)
[3669.942s][info][gc             ] GC(832) Pause Young (Allocation Failure) 3994M->1754M(5435M) 95.160ms
[3669.942s][info][gc,cpu         ] GC(832) User=0.57s Sys=0.00s Real=0.09s
...[3672.757s][info][gc,start       ] GC(833) Pause Young (Allocation Failure)
[3672.847s][info][gc,heap        ] GC(833) PSYoungGen: 2568240K(2593792K)->151712K(2597888K) Eden: 2408448K(2408448K)->0K(2408448K) From: 159792K(185344K)->151712K(189440K)
[3672.847s][info][gc,heap        ] GC(833) ParOldGen: 1637091K(2972160K)->1738907K(2972160K)
[3672.847s][info][gc,metaspace   ] GC(833) Metaspace: 29088K(29376K)->29088K(29376K) NonClass: 25986K(26112K)->25986K(26112K) Class: 3102K(3264K)->3102K(3264K)
[3672.847s][info][gc             ] GC(833) Pause Young (Allocation Failure) 4106M->1846M(5439M) 90.295ms
[3672.847s][info][gc,cpu         ] GC(833) User=0.54s Sys=0.00s Real=0.09s
...[3675.569s][info][gc,start       ] GC(834) Pause Young (Allocation Failure)
[3675.659s][info][gc,heap        ] GC(834) PSYoungGen: 2560160K(2597888K)->145216K(2603520K) Eden: 2408448K(2408448K)->0K(2419200K) From: 151712K(189440K)->145216K(184320K)
[3675.659s][info][gc,heap        ] GC(834) ParOldGen: 1738907K(2972160K)->1844259K(2972160K)
[3675.659s][info][gc,metaspace   ] GC(834) Metaspace: 29088K(29376K)->29088K(29376K) NonClass: 25986K(26112K)->25986K(26112K) Class: 3102K(3264K)->3102K(3264K)
[3675.659s][info][gc             ] GC(834) Pause Young (Allocation Failure) 4198M->1942M(5445M) 90.341ms
[3675.659s][info][gc,cpu         ] GC(834) User=0.53s Sys=0.00s Real=0.09s
...[3678.501s][info][gc,start       ] GC(835) Pause Young (Allocation Failure)
[3678.591s][info][gc,heap        ] GC(835) PSYoungGen: 2564416K(2603520K)->147936K(2606080K) Eden: 2419200K(2419200K)->0K(2419200K) From: 145216K(184320K)->147936K(186880K)
[3678.591s][info][gc,heap        ] GC(835) ParOldGen: 1844259K(2972160K)->1944835K(2972160K)
[3678.591s][info][gc,metaspace   ] GC(835) Metaspace: 29088K(29376K)->29088K(29376K) NonClass: 25986K(26112K)->25986K(26112K) Class: 3102K(3264K)->3102K(3264K)
[3678.591s][info][gc             ] GC(835) Pause Young (Allocation Failure) 4305M->2043M(5447M) 90.154ms
[3678.591s][info][gc,cpu         ] GC(835) User=0.54s Sys=0.00s Real=0.09s
...[3681.461s][info][gc,start       ] GC(836) Pause Young (Allocation Failure)
[3681.552s][info][gc,heap        ] GC(836) PSYoungGen: 2567136K(2606080K)->151200K(2604032K) Eden: 2419200K(2419200K)->0K(2423808K) From: 147936K(186880K)->151200K(180224K)
[3681.552s][info][gc,heap        ] GC(836) ParOldGen: 1944835K(2972160K)->2047571K(2972160K)
[3681.552s][info][gc,metaspace   ] GC(836) Metaspace: 29088K(29376K)->29088K(29376K) NonClass: 25986K(26112K)->25986K(26112K) Class: 3102K(3264K)->3102K(3264K)
[3681.552s][info][gc             ] GC(836) Pause Young (Allocation Failure) 4406M->2147M(5445M) 91.888ms
[3681.553s][info][gc,cpu         ] GC(836) User=0.55s Sys=0.00s Real=0.09s
..[3684.294s][info][gc,start       ] GC(837) Pause Young (Allocation Failure)
[3684.386s][info][gc,heap        ] GC(837) PSYoungGen: 2575008K(2604032K)->145478K(2607104K) Eden: 2423808K(2423808K)->0K(2423808K) From: 151200K(180224K)->145478K(183296K)
[3684.386s][info][gc,heap        ] GC(837) ParOldGen: 2047571K(2972160K)->2154923K(2972160K)
[3684.386s][info][gc,metaspace   ] GC(837) Metaspace: 29088K(29376K)->29088K(29376K) NonClass: 25986K(26112K)->25986K(26112K) Class: 3102K(3264K)->3102K(3264K)
[3684.386s][info][gc             ] GC(837) Pause Young (Allocation Failure) 4514M->2246M(5448M) 91.619ms
[3684.386s][info][gc,cpu         ] GC(837) User=0.54s Sys=0.00s Real=0.10s
...[3687.224s][info][gc,start       ] GC(838) Pause Young (Allocation Failure)
[3687.312s][info][gc,heap        ] GC(838) PSYoungGen: 2569286K(2607104K)->144512K(2609664K) Eden: 2423808K(2423808K)->0K(2430464K) From: 145478K(183296K)->144512K(179200K)
[3687.313s][info][gc,heap        ] GC(838) ParOldGen: 2154923K(2972160K)->2257571K(2972160K)
[3687.313s][info][gc,metaspace   ] GC(838) Metaspace: 29088K(29376K)->29088K(29376K) NonClass: 25986K(26112K)->25986K(26112K) Class: 3102K(3264K)->3102K(3264K)
[3687.313s][info][gc             ] GC(838) Pause Young (Allocation Failure) 4613M->2345M(5451M) 89.040ms
[3687.313s][info][gc,cpu         ] GC(838) User=0.53s Sys=0.01s Real=0.09s
...[3690.158s][info][gc,start       ] GC(839) Pause Young (Allocation Failure)
[3690.248s][info][gc,heap        ] GC(839) PSYoungGen: 2574976K(2609664K)->146016K(2611712K) Eden: 2430464K(2430464K)->0K(2430464K) From: 144512K(179200K)->146016K(181248K)
[3690.248s][info][gc,heap        ] GC(839) ParOldGen: 2257571K(2972160K)->2359923K(2972160K)
[3690.248s][info][gc,metaspace   ] GC(839) Metaspace: 29088K(29376K)->29088K(29376K) NonClass: 25986K(26112K)->25986K(26112K) Class: 3102K(3264K)->3102K(3264K)
[3690.248s][info][gc             ] GC(839) Pause Young (Allocation Failure) 4719M->2447M(5453M) 89.238ms
[3690.248s][info][gc,cpu         ] GC(839) User=0.53s Sys=0.00s Real=0.09s
...[3693.101s][info][gc,start       ] GC(840) Pause Young (Allocation Failure)
[3693.197s][info][gc,heap        ] GC(840) PSYoungGen: 2576480K(2611712K)->160488K(2614272K) Eden: 2430464K(2430464K)->0K(2435072K) From: 146016K(181248K)->160488K(179200K)
[3693.197s][info][gc,heap        ] GC(840) ParOldGen: 2359923K(2972160K)->2463947K(2972160K)
[3693.197s][info][gc,metaspace   ] GC(840) Metaspace: 29088K(29376K)->29088K(29376K) NonClass: 25986K(26112K)->25986K(26112K) Class: 3102K(3264K)->3102K(3264K)
[3693.197s][info][gc             ] GC(840) Pause Young (Allocation Failure) 4820M->2562M(5455M) 96.000ms
[3693.197s][info][gc,cpu         ] GC(840) User=0.58s Sys=0.00s Real=0.10s
...[3695.995s][info][gc,start       ] GC(841) Pause Young (Allocation Failure)
[3696.089s][info][gc,heap        ] GC(841) PSYoungGen: 2595560K(2614272K)->154899K(2614784K) Eden: 2435072K(2435072K)->0K(2435072K) From: 160488K(179200K)->154899K(179712K)
[3696.089s][info][gc,heap        ] GC(841) ParOldGen: 2463947K(2972160K)->2568747K(2972160K)
[3696.089s][info][gc,metaspace   ] GC(841) Metaspace: 29088K(29376K)->29088K(29376K) NonClass: 25986K(26112K)->25986K(26112K) Class: 3102K(3264K)->3102K(3264K)
[3696.089s][info][gc             ] GC(841) Pause Young (Allocation Failure) 4940M->2659M(5456M) 93.864ms
[3696.089s][info][gc,cpu         ] GC(841) User=0.56s Sys=0.00s Real=0.09s
...[3698.987s][info][gc,start       ] GC(842) Pause Young (Allocation Failure)
[3699.084s][info][gc,heap        ] GC(842) PSYoungGen: 2589971K(2614784K)->165456K(2612736K) Eden: 2435072K(2435072K)->0K(2435072K) From: 154899K(179712K)->165456K(177664K)
[3699.084s][info][gc,heap        ] GC(842) ParOldGen: 2568747K(2972160K)->2671531K(2972160K)
[3699.084s][info][gc,metaspace   ] GC(842) Metaspace: 29088K(29376K)->29088K(29376K) NonClass: 25986K(26112K)->25986K(26112K) Class: 3102K(3264K)->3102K(3264K)
[3699.084s][info][gc             ] GC(842) Pause Young (Allocation Failure) 5037M->2770M(5454M) 97.311ms
[3699.084s][info][gc,cpu         ] GC(842) User=0.58s Sys=0.00s Real=0.09s
. (rIR:aIR:PR = 5812:5811:5811) (tPR = 86098) [OK] 
  3699s: Performance info:
         Transaction,    Success,    Partial,     Failed,   Receipts, AvgBarcode, 
             Overall,     352145,          0,          0,     334527,      59.48, 
         Response times:
             Request,    Success,    Partial,     Failed,   SkipFail,     Probes,    Samples,      min,      p50,      p90,      p95,      p99,      max, 
       TotalPurchase,     334520,          0,          0,          0,     326382,     362778,      300,     4300,     8000,    22000,   335000,   576000,
     InStorePurchase,     176103,          0,          0,          0,     171808,     190845,      300,     4300,     8100,    23000,   336000,   576000,
      OnlinePurchase,     123207,          0,          0,          0,     120296,     133662,      300,     4100,     8000,    22000,   326000,   575000,
        InstPurchase,      35210,          0,          0,          0,      34278,      38271,      400,     4600,     8000,    24000,   352000,   575000,
          AssocOfCat,        353,          0,          0,          0,        272,        366,    19500,    32000,    57300,   121950,   386000,   426000,
      AssocOfProduct,       3520,          0,          0,          0,       3273,       3860,      700,     3300,     5900,    15500,   292000,   331000,
      BusinessReport,        884,          0,          0,          0,        772,        949,    28000,    38000,    56000,    86000,   463500,   573000,
          CustBuyBeh,       3512,          0,          0,          0,       3237,       3767,      200,     5100,     8300,    23000,   356000,   400000,
       ProductReturn,       9349,          0,          0,          0,       8762,      10066,      200,     4300,     8000,    24000,   358000,   566000,

  3699s: (43%)   IR =   5950 ..[3701.814s][info][gc,start       ] GC(843) Pause Young (Allocation Failure)
[3701.908s][info][gc,heap        ] GC(843) PSYoungGen: 2600528K(2612736K)->156176K(2614784K) Eden: 2435072K(2435072K)->0K(2435072K) From: 165456K(177664K)->156176K(179712K)
[3701.908s][info][gc,heap        ] GC(843) ParOldGen: 2671531K(2972160K)->2778771K(2972160K)
[3701.908s][info][gc,metaspace   ] GC(843) Metaspace: 29089K(29376K)->29089K(29376K) NonClass: 25986K(26112K)->25986K(26112K) Class: 3102K(3264K)->3102K(3264K)
[3701.908s][info][gc             ] GC(843) Pause Young (Allocation Failure) 5148M->2866M(5456M) 94.116ms
[3701.908s][info][gc,cpu         ] GC(843) User=0.56s Sys=0.00s Real=0.10s
..|.[3704.651s][info][gc,start       ] GC(844) Pause Young (Allocation Failure)
[3704.748s][info][gc,heap        ] GC(844) PSYoungGen: 2591248K(2614784K)->158144K(2614272K) Eden: 2435072K(2435072K)->0K(2438656K) From: 156176K(179712K)->158144K(175616K)
[3704.748s][info][gc,heap        ] GC(844) ParOldGen: 2778771K(2972160K)->2882651K(2972160K)
[3704.748s][info][gc,metaspace   ] GC(844) Metaspace: 29089K(29376K)->29089K(29376K) NonClass: 25986K(26112K)->25986K(26112K) Class: 3102K(3264K)->3102K(3264K)
[3704.748s][info][gc             ] GC(844) Pause Young (Allocation Failure) 5244M->2969M(5455M) 96.846ms
[3704.748s][info][gc,cpu         ] GC(844) User=0.58s Sys=0.00s Real=0.10s
...[3707.528s][info][gc,start       ] GC(845) Pause Young (Allocation Failure)
[3707.624s][info][gc,heap        ] GC(845) PSYoungGen: 2596800K(2614272K)->155620K(2615296K) Eden: 2438656K(2438656K)->0K(2438656K) From: 158144K(175616K)->155620K(176640K)
[3707.624s][info][gc,heap        ] GC(845) ParOldGen: 2882651K(2972160K)->2987571K(2988032K)
[3707.624s][info][gc,metaspace   ] GC(845) Metaspace: 29089K(29376K)->29089K(29376K) NonClass: 25986K(26112K)->25986K(26112K) Class: 3102K(3264K)->3102K(3264K)
[3707.624s][info][gc             ] GC(845) Pause Young (Allocation Failure) 5351M->3069M(5472M) 96.361ms
[3707.625s][info][gc,cpu         ] GC(845) User=0.56s Sys=0.01s Real=0.10s
..[3710.380s][info][gc,start       ] GC(846) Pause Young (Allocation Failure)
[3710.476s][info][gc,heap        ] GC(846) PSYoungGen: 2594276K(2615296K)->147360K(2618880K) Eden: 2438656K(2438656K)->0K(2444288K) From: 155620K(176640K)->147360K(174592K)
[3710.476s][info][gc,heap        ] GC(846) ParOldGen: 2987571K(2988032K)->3092275K(3092480K)
[3710.476s][info][gc,metaspace   ] GC(846) Metaspace: 29089K(29376K)->29089K(29376K) NonClass: 25986K(26112K)->25986K(26112K) Class: 3102K(3264K)->3102K(3264K)
[3710.476s][info][gc             ] GC(846) Pause Young (Allocation Failure) 5451M->3163M(5577M) 96.327ms
[3710.476s][info][gc,cpu         ] GC(846) User=0.53s Sys=0.04s Real=0.10s
...[3713.256s][info][gc,start       ] GC(847) Pause Young (Allocation Failure)
[3713.354s][info][gc,heap        ] GC(847) PSYoungGen: 2591648K(2618880K)->152032K(2618368K) Eden: 2444288K(2444288K)->0K(2444288K) From: 147360K(174592K)->152032K(174080K)
[3713.354s][info][gc,heap        ] GC(847) ParOldGen: 3092275K(3092480K)->3196771K(3196928K)
[3713.354s][info][gc,metaspace   ] GC(847) Metaspace: 29089K(29376K)->29089K(29376K) NonClass: 25986K(26112K)->25986K(26112K) Class: 3102K(3264K)->3102K(3264K)
[3713.354s][info][gc             ] GC(847) Pause Young (Allocation Failure) 5550M->3270M(5679M) 97.168ms
[3713.354s][info][gc,cpu         ] GC(847) User=0.54s Sys=0.03s Real=0.09s
...[3716.109s][info][gc,start       ] GC(848) Pause Young (Allocation Failure)
[3716.206s][info][gc,heap        ] GC(848) PSYoungGen: 2596320K(2618368K)->154464K(2620416K) Eden: 2444288K(2444288K)->0K(2448896K) From: 152032K(174080K)->154464K(171520K)
[3716.206s][info][gc,heap        ] GC(848) ParOldGen: 3196771K(3196928K)->3300939K(3301376K)
[3716.206s][info][gc,metaspace   ] GC(848) Metaspace: 29089K(29376K)->29089K(29376K) NonClass: 25986K(26112K)->25986K(26112K) Class: 3102K(3264K)->3102K(3264K)
[3716.206s][info][gc             ] GC(848) Pause Young (Allocation Failure) 5657M->3374M(5783M) 96.819ms
[3716.206s][info][gc,cpu         ] GC(848) User=0.55s Sys=0.03s Real=0.10s
...[3718.988s][info][gc,start       ] GC(849) Pause Young (Allocation Failure)
[3719.084s][info][gc,heap        ] GC(849) PSYoungGen: 2603360K(2620416K)->153888K(2619904K) Eden: 2448896K(2448896K)->0K(2448896K) From: 154464K(171520K)->153888K(171008K)
[3719.084s][info][gc,heap        ] GC(849) ParOldGen: 3300939K(3301376K)->3405403K(3405824K)
[3719.084s][info][gc,metaspace   ] GC(849) Metaspace: 29089K(29376K)->29089K(29376K) NonClass: 25986K(26112K)->25986K(26112K) Class: 3102K(3264K)->3102K(3264K)
[3719.084s][info][gc             ] GC(849) Pause Young (Allocation Failure) 5765M->3475M(5884M) 96.698ms
[3719.084s][info][gc,cpu         ] GC(849) User=0.54s Sys=0.03s Real=0.09s
...[3721.828s][info][gc,start       ] GC(850) Pause Young (Allocation Failure)
[3721.924s][info][gc,heap        ] GC(850) PSYoungGen: 2602784K(2619904K)->152288K(2624000K) Eden: 2448896K(2448896K)->0K(2454528K) From: 153888K(171008K)->152288K(169472K)
[3721.924s][info][gc,heap        ] GC(850) ParOldGen: 3405403K(3405824K)->3510875K(3511296K)
[3721.924s][info][gc,metaspace   ] GC(850) Metaspace: 29089K(29376K)->29089K(29376K) NonClass: 25986K(26112K)->25986K(26112K) Class: 3102K(3264K)->3102K(3264K)
[3721.924s][info][gc             ] GC(850) Pause Young (Allocation Failure) 5867M->3577M(5991M) 96.312ms
[3721.924s][info][gc,cpu         ] GC(850) User=0.54s Sys=0.03s Real=0.09s
...[3724.703s][info][gc,start       ] GC(851) Pause Young (Allocation Failure)
[3724.802s][info][gc,heap        ] GC(851) PSYoungGen: 2606816K(2624000K)->154688K(2622976K) Eden: 2454528K(2454528K)->0K(2454528K) From: 152288K(169472K)->154688K(168448K)
[3724.802s][info][gc,heap        ] GC(851) ParOldGen: 3510875K(3511296K)->3614427K(3614720K)
[3724.802s][info][gc,metaspace   ] GC(851) Metaspace: 29089K(29376K)->29089K(29376K) NonClass: 25986K(26112K)->25986K(26112K) Class: 3102K(3264K)->3102K(3264K)
[3724.802s][info][gc             ] GC(851) Pause Young (Allocation Failure) 5974M->3680M(6091M) 98.310ms
[3724.802s][info][gc,cpu         ] GC(851) User=0.55s Sys=0.03s Real=0.10s
...[3727.643s][info][gc,start       ] GC(852) Pause Young (Allocation Failure)
[3727.742s][info][gc,heap        ] GC(852) PSYoungGen: 2609216K(2622976K)->158468K(2624512K) Eden: 2454528K(2454528K)->0K(2457600K) From: 154688K(168448K)->158468K(166912K)
[3727.742s][info][gc,heap        ] GC(852) ParOldGen: 3614427K(3614720K)->3720163K(3720192K)
[3727.742s][info][gc,metaspace   ] GC(852) Metaspace: 29089K(29376K)->29089K(29376K) NonClass: 25986K(26112K)->25986K(26112K) Class: 3102K(3264K)->3102K(3264K)
[3727.742s][info][gc             ] GC(852) Pause Young (Allocation Failure) 6077M->3787M(6196M) 99.594ms
[3727.743s][info][gc,cpu         ] GC(852) User=0.56s Sys=0.03s Real=0.10s
...[3730.611s][info][gc,start       ] GC(853) Pause Young (Allocation Failure)
[3730.709s][info][gc,heap        ] GC(853) PSYoungGen: 2616068K(2624512K)->154848K(2625024K) Eden: 2457600K(2457600K)->0K(2457600K) From: 158468K(166912K)->154848K(167424K)
[3730.709s][info][gc,heap        ] GC(853) ParOldGen: 3720163K(3720192K)->3824835K(3825152K)
[3730.709s][info][gc,metaspace   ] GC(853) Metaspace: 29089K(29376K)->29089K(29376K) NonClass: 25986K(26112K)->25986K(26112K) Class: 3102K(3264K)->3102K(3264K)
[3730.709s][info][gc             ] GC(853) Pause Young (Allocation Failure) 6187M->3886M(6299M) 98.290ms
[3730.709s][info][gc,cpu         ] GC(853) User=0.56s Sys=0.03s Real=0.10s
..[3733.411s][info][gc,start       ] GC(854) Pause Young (Allocation Failure)
[3733.507s][info][gc,heap        ] GC(854) PSYoungGen: 2612448K(2625024K)->145472K(2628096K) Eden: 2457600K(2457600K)->0K(2461696K) From: 154848K(167424K)->145472K(166400K)
[3733.507s][info][gc,heap        ] GC(854) ParOldGen: 3824835K(3825152K)->3933323K(3933696K)
[3733.507s][info][gc,metaspace   ] GC(854) Metaspace: 29089K(29376K)->29089K(29376K) NonClass: 25986K(26112K)->25986K(26112K) Class: 3102K(3264K)->3102K(3264K)
[3733.507s][info][gc             ] GC(854) Pause Young (Allocation Failure) 6286M->3983M(6408M) 96.175ms
[3733.507s][info][gc,cpu         ] GC(854) User=0.53s Sys=0.04s Real=0.10s
...[3736.280s][info][gc,start       ] GC(855) Pause Young (Allocation Failure)
[3736.374s][info][gc,heap        ] GC(855) PSYoungGen: 2607168K(2628096K)->146304K(2628096K) Eden: 2461696K(2461696K)->0K(2461696K) From: 145472K(166400K)->146304K(166400K)
[3736.374s][info][gc,heap        ] GC(855) ParOldGen: 3933323K(3933696K)->4035387K(4035584K)
[3736.374s][info][gc,metaspace   ] GC(855) Metaspace: 29089K(29376K)->29089K(29376K) NonClass: 25986K(26112K)->25986K(26112K) Class: 3102K(3264K)->3102K(3264K)
[3736.375s][info][gc             ] GC(855) Pause Young (Allocation Failure) 6387M->4083M(6507M) 94.814ms
[3736.375s][info][gc,cpu         ] GC(855) User=0.53s Sys=0.03s Real=0.10s
...[3739.177s][info][gc,start       ] GC(856) Pause Young (Allocation Failure)
[3739.280s][info][gc,heap        ] GC(856) PSYoungGen: 2608000K(2628096K)->160429K(2626560K) Eden: 2461696K(2461696K)->0K(2460160K) From: 146304K(166400K)->160429K(166400K)
[3739.280s][info][gc,heap        ] GC(856) ParOldGen: 4035387K(4035584K)->4139003K(4139008K)
[3739.280s][info][gc,metaspace   ] GC(856) Metaspace: 29089K(29376K)->29089K(29376K) NonClass: 25986K(26112K)->25986K(26112K) Class: 3102K(3264K)->3102K(3264K)
[3739.280s][info][gc             ] GC(856) Pause Young (Allocation Failure) 6487M->4198M(6607M) 102.559ms
[3739.280s][info][gc,cpu         ] GC(856) User=0.58s Sys=0.03s Real=0.10s
...[3742.097s][info][gc,start       ] GC(857) Pause Young (Allocation Failure)
[3742.201s][info][gc,heap        ] GC(857) PSYoungGen: 2620589K(2626560K)->167348K(2627584K) Eden: 2460160K(2460160K)->0K(2460160K) From: 160429K(166400K)->167348K(167424K)
[3742.201s][info][gc,heap        ] GC(857) ParOldGen: 4139003K(4139008K)->4244331K(4244480K)
[3742.201s][info][gc,metaspace   ] GC(857) Metaspace: 29089K(29376K)->29089K(29376K) NonClass: 25986K(26112K)->25986K(26112K) Class: 3102K(3264K)->3102K(3264K)
[3742.201s][info][gc             ] GC(857) Pause Young (Allocation Failure) 6601M->4308M(6711M) 104.168ms
[3742.201s][info][gc,cpu         ] GC(857) User=0.58s Sys=0.04s Real=0.10s
...[3744.941s][info][gc,start       ] GC(858) Pause Young (Allocation Failure)
[3745.038s][info][gc,heap        ] GC(858) PSYoungGen: 2627508K(2627584K)->151520K(2623488K) Eden: 2460160K(2460160K)->0K(2455040K) From: 167348K(167424K)->151520K(168448K)
[3745.038s][info][gc,heap        ] GC(858) ParOldGen: 4244331K(4244480K)->4349995K(4350464K)
[3745.038s][info][gc,metaspace   ] GC(858) Metaspace: 29089K(29376K)->29089K(29376K) NonClass: 25986K(26112K)->25986K(26112K) Class: 3102K(3264K)->3102K(3264K)
[3745.038s][info][gc             ] GC(858) Pause Young (Allocation Failure) 6710M->4396M(6810M) 97.144ms
[3745.038s][info][gc,cpu         ] GC(858) User=0.54s Sys=0.04s Real=0.10s
...[3747.831s][info][gc,start       ] GC(859) Pause Young (Allocation Failure)
[3747.929s][info][gc,heap        ] GC(859) PSYoungGen: 2606560K(2623488K)->153120K(2625536K) Eden: 2455040K(2455040K)->0K(2455040K) From: 151520K(168448K)->153120K(170496K)
[3747.929s][info][gc,heap        ] GC(859) ParOldGen: 4349995K(4350464K)->4453035K(4453376K)
[3747.929s][info][gc,metaspace   ] GC(859) Metaspace: 29089K(29376K)->29089K(29376K) NonClass: 25986K(26112K)->25986K(26112K) Class: 3102K(3264K)->3102K(3264K)
[3747.929s][info][gc             ] GC(859) Pause Young (Allocation Failure) 6793M->4498M(6913M) 97.941ms
[3747.929s][info][gc,cpu         ] GC(859) User=0.55s Sys=0.04s Real=0.10s
...[3750.663s][info][gc,start       ] GC(860) Pause Young (Allocation Failure)
[3750.761s][info][gc,heap        ] GC(860) PSYoungGen: 2608160K(2625536K)->152960K(2621440K) Eden: 2455040K(2455040K)->0K(2456064K) From: 153120K(170496K)->152960K(165376K)
[3750.761s][info][gc,heap        ] GC(860) ParOldGen: 4453035K(4453376K)->4558803K(4558848K)
[3750.761s][info][gc,metaspace   ] GC(860) Metaspace: 29089K(29376K)->29089K(29376K) NonClass: 25986K(26112K)->25986K(26112K) Class: 3102K(3264K)->3102K(3264K)
[3750.761s][info][gc             ] GC(860) Pause Young (Allocation Failure) 6895M->4601M(7012M) 98.031ms
[3750.761s][info][gc,cpu         ] GC(860) User=0.55s Sys=0.02s Real=0.10s
...[3753.595s][info][gc,start       ] GC(861) Pause Young (Allocation Failure)
[3753.693s][info][gc,heap        ] GC(861) PSYoungGen: 2609024K(2621440K)->152000K(2624000K) Eden: 2456064K(2456064K)->0K(2456064K) From: 152960K(165376K)->152000K(167936K)
[3753.694s][info][gc,heap        ] GC(861) ParOldGen: 4558803K(4558848K)->4660603K(4660736K)
[3753.694s][info][gc,metaspace   ] GC(861) Metaspace: 29089K(29376K)->29089K(29376K) NonClass: 25986K(26112K)->25986K(26112K) Class: 3102K(3264K)->3102K(3264K)
[3753.694s][info][gc             ] GC(861) Pause Young (Allocation Failure) 6999M->4699M(7114M) 98.539ms
[3753.694s][info][gc,cpu         ] GC(861) User=0.55s Sys=0.03s Real=0.09s
..[3756.485s][info][gc,start       ] GC(862) Pause Young (Allocation Failure)
[3756.584s][info][gc,heap        ] GC(862) PSYoungGen: 2608064K(2624000K)->152960K(2624512K) Eden: 2456064K(2456064K)->0K(2460672K) From: 152000K(167936K)->152960K(163840K)
[3756.584s][info][gc,heap        ] GC(862) ParOldGen: 4660603K(4660736K)->4766595K(4766720K)
[3756.584s][info][gc,metaspace   ] GC(862) Metaspace: 29089K(29376K)->29089K(29376K) NonClass: 25986K(26112K)->25986K(26112K) Class: 3102K(3264K)->3102K(3264K)
[3756.584s][info][gc             ] GC(862) Pause Young (Allocation Failure) 7098M->4804M(7218M) 99.301ms
[3756.584s][info][gc,cpu         ] GC(862) User=0.54s Sys=0.03s Real=0.09s
...[3759.341s][info][gc,start       ] GC(863) Pause Young (Allocation Failure)
[3759.440s][info][gc,heap        ] GC(863) PSYoungGen: 2613632K(2624512K)->153920K(2626560K) Eden: 2460672K(2460672K)->0K(2460672K) From: 152960K(163840K)->153920K(165888K)
[3759.440s][info][gc,heap        ] GC(863) ParOldGen: 4766595K(4766720K)->4872627K(4872704K)
[3759.440s][info][gc,metaspace   ] GC(863) Metaspace: 29089K(29376K)->29089K(29376K) NonClass: 25986K(26112K)->25986K(26112K) Class: 3102K(3264K)->3102K(3264K)
[3759.440s][info][gc             ] GC(863) Pause Young (Allocation Failure) 7207M->4908M(7323M) 99.628ms
[3759.440s][info][gc,cpu         ] GC(863) User=0.57s Sys=0.02s Real=0.10s
...[3762.254s][info][gc,start       ] GC(864) Pause Young (Allocation Failure)
[3762.350s][info][gc,heap        ] GC(864) PSYoungGen: 2614592K(2626560K)->148192K(2629120K) Eden: 2460672K(2460672K)->0K(2465280K) From: 153920K(165888K)->148192K(163840K)
[3762.350s][info][gc,heap        ] GC(864) ParOldGen: 4872627K(4872704K)->4976195K(4976640K)
[3762.350s][info][gc,metaspace   ] GC(864) Metaspace: 29089K(29376K)->29089K(29376K) NonClass: 25986K(26112K)->25986K(26112K) Class: 3102K(3264K)->3102K(3264K)
[3762.350s][info][gc             ] GC(864) Pause Young (Allocation Failure) 7311M->5004M(7427M) 96.419ms
[3762.350s][info][gc,cpu         ] GC(864) User=0.53s Sys=0.03s Real=0.10s
.. (rIR:aIR:PR = 5950:5948:5949) (tPR = 88306) [OK] 
  3763s: Performance info:
         Transaction,    Success,    Partial,     Failed,   Receipts, AvgBarcode, 
             Overall,     357759,          0,          0,     339877,      59.48, 
         Response times:
             Request,    Success,    Partial,     Failed,   SkipFail,     Probes,    Samples,      min,      p50,      p90,      p95,      p99,      max, 
       TotalPurchase,     339851,          0,          0,          0,     334463,     357218,      300,     4300,     7900,    12600,    45000,   160000,
     InStorePurchase,     178867,          0,          0,          0,     176389,     187932,      300,     4200,     7800,    12400,    47000,   149000,
      OnlinePurchase,     125233,          0,          0,          0,     123132,     131584,      300,     4500,     8000,    13000,    44000,   160000,
        InstPurchase,      35751,          0,          0,          0,      34942,      37702,      400,     4300,     7800,    11700,    44000,   155000,
          AssocOfCat,        361,          0,          0,          0,        311,        434,    19800,    33000,    43000,    56250,   111600,   136000,
      AssocOfProduct,       3578,          0,          0,          0,       3307,       3698,      400,     5100,     8500,    11000,    42010,   113000,
      BusinessReport,        893,          0,          0,          0,        766,        936,    24000,    37000,    52000,    61000,   147780,   166000,
          CustBuyBeh,       3567,          0,          0,          0,       3383,       3874,      200,     4400,     7500,    14100,    37250,   114000,
       ProductReturn,       9486,          0,          0,          0,       9079,      10010,      600,     4900,     8000,    14100,    54000,   155000,

  3763s: (44%)   IR =   6088 .[3765.110s][info][gc,start       ] GC(865) Pause Young (Allocation Failure)
[3765.219s][info][gc,heap        ] GC(865) PSYoungGen: 2613472K(2629120K)->164847K(2630144K) Eden: 2465280K(2465280K)->0K(2465280K) From: 148192K(163840K)->164847K(164864K)
[3765.219s][info][gc,heap        ] GC(865) ParOldGen: 4976195K(4976640K)->5090307K(5090816K)
[3765.219s][info][gc,metaspace   ] GC(865) Metaspace: 29089K(29376K)->29089K(29376K) NonClass: 25986K(26112K)->25986K(26112K) Class: 3102K(3264K)->3102K(3264K)
[3765.219s][info][gc             ] GC(865) Pause Young (Allocation Failure) 7411M->5131M(7540M) 109.426ms
[3765.219s][info][gc,cpu         ] GC(865) User=0.62s Sys=0.02s Real=0.11s
...[3767.928s][info][gc,start       ] GC(866) Pause Young (Allocation Failure)
[3768.033s][info][gc,heap        ] GC(866) PSYoungGen: 2630127K(2630144K)->165509K(2550272K) Eden: 2465280K(2465280K)->0K(2384384K) From: 164847K(164864K)->165509K(165888K)
[3768.033s][info][gc,heap        ] GC(866) ParOldGen: 5090307K(5090816K)->5193787K(5194240K)
[3768.033s][info][gc,metaspace   ] GC(866) Metaspace: 29089K(29376K)->29089K(29376K) NonClass: 25986K(26112K)->25986K(26112K) Class: 3102K(3264K)->3102K(3264K)
[3768.034s][info][gc             ] GC(866) Pause Young (Allocation Failure) 7539M->5233M(7563M) 105.480ms
[3768.034s][info][gc,cpu         ] GC(866) User=0.58s Sys=0.04s Real=0.10s
.|..[3770.727s][info][gc,start       ] GC(867) Pause Young (Allocation Failure)
[3770.826s][info][gc,heap        ] GC(867) PSYoungGen: 2549893K(2550272K)->151680K(2590208K) Eden: 2384384K(2384384K)->0K(2384384K) From: 165509K(165888K)->151680K(205824K)
[3770.826s][info][gc,heap        ] GC(867) ParOldGen: 5193787K(5194240K)->5298779K(5299200K)
[3770.826s][info][gc,metaspace   ] GC(867) Metaspace: 29089K(29376K)->29089K(29376K) NonClass: 25986K(26112K)->25986K(26112K) Class: 3102K(3264K)->3102K(3264K)
[3770.826s][info][gc             ] GC(867) Pause Young (Allocation Failure) 7562M->5322M(7704M) 98.804ms
[3770.826s][info][gc,cpu         ] GC(867) User=0.54s Sys=0.04s Real=0.10s
..[3773.373s][info][gc,start       ] GC(868) Pause Young (Allocation Failure)
[3773.471s][info][gc,heap        ] GC(868) PSYoungGen: 2536064K(2590208K)->141568K(2588672K) Eden: 2384384K(2384384K)->0K(2385920K) From: 151680K(205824K)->141568K(202752K)
[3773.471s][info][gc,heap        ] GC(868) ParOldGen: 5298779K(5299200K)->5404755K(5405184K)
[3773.471s][info][gc,metaspace   ] GC(868) Metaspace: 29089K(29376K)->29089K(29376K) NonClass: 25986K(26112K)->25986K(26112K) Class: 3102K(3264K)->3102K(3264K)
[3773.471s][info][gc             ] GC(868) Pause Young (Allocation Failure) 7651M->5416M(7806M) 97.202ms
[3773.471s][info][gc,cpu         ] GC(868) User=0.54s Sys=0.03s Real=0.10s
...[3776.162s][info][gc,start       ] GC(869) Pause Young (Allocation Failure)
[3776.260s][info][gc,heap        ] GC(869) PSYoungGen: 2527488K(2588672K)->150144K(2590208K) Eden: 2385920K(2385920K)->0K(2385920K) From: 141568K(202752K)->150144K(204288K)
[3776.260s][info][gc,heap        ] GC(869) ParOldGen: 5404755K(5405184K)->5504515K(5505024K)
[3776.260s][info][gc,metaspace   ] GC(869) Metaspace: 29089K(29376K)->29089K(29376K) NonClass: 25986K(26112K)->25986K(26112K) Class: 3102K(3264K)->3102K(3264K)
[3776.260s][info][gc             ] GC(869) Pause Young (Allocation Failure) 7746M->5522M(7905M) 97.734ms
[3776.260s][info][gc,cpu         ] GC(869) User=0.53s Sys=0.04s Real=0.10s
...[3778.955s][info][gc,start       ] GC(870) Pause Full (Allocation Failure)
[3778.955s][info][gc,phases,start] GC(870) Marking Phase
[3779.266s][info][gc,phases      ] GC(870) Marking Phase 311.482ms
[3779.266s][info][gc,phases,start] GC(870) Summary Phase
[3779.267s][info][gc,phases      ] GC(870) Summary Phase 0.098ms
[3779.267s][info][gc,phases,start] GC(870) Forward
[3779.389s][info][gc,phases      ] GC(870) Forward 122.674ms
[3779.389s][info][gc,phases,start] GC(870) Adjust Pointers
[3779.601s][info][gc,phases      ] GC(870) Adjust Pointers 211.461ms
[3779.601s][info][gc,phases,start] GC(870) Compaction Phase
[3779.750s][info][gc,phases      ] GC(870) Compaction Phase 149.327ms
[3779.752s][info][gc,phases,start] GC(870) Post Compact
[3779.759s][info][gc,phases      ] GC(870) Post Compact 6.808ms
[3779.887s][info][gc,heap        ] GC(870) PSYoungGen: 2536064K(2590208K)->0K(2591232K) Eden: 2385920K(2385920K)->0K(2388992K) From: 150144K(204288K)->0K(202240K)
[3779.887s][info][gc,heap        ] GC(870) ParOldGen: 5504515K(5505024K)->1610042K(1871360K)
[3779.887s][info][gc,metaspace   ] GC(870) Metaspace: 29089K(29376K)->29089K(29376K) NonClass: 25986K(26112K)->25986K(26112K) Class: 3102K(3264K)->3102K(3264K)
[3779.887s][info][gc             ] GC(870) Pause Full (Allocation Failure) 7852M->1572M(4358M) 932.117ms
[3779.887s][info][gc,cpu         ] GC(870) User=4.38s Sys=0.12s Real=0.93s
..[3781.642s][info][gc,start       ] GC(871) Pause Young (Allocation Failure)
[3781.709s][info][gc,heap        ] GC(871) PSYoungGen: 2388992K(2591232K)->162474K(2551808K) Eden: 2388992K(2388992K)->0K(2388992K) From: 0K(202240K)->162474K(162816K)
[3781.709s][info][gc,heap        ] GC(871) ParOldGen: 1610042K(1871360K)->1610042K(1871360K)
[3781.709s][info][gc,metaspace   ] GC(871) Metaspace: 29089K(29376K)->29089K(29376K) NonClass: 25986K(26112K)->25986K(26112K) Class: 3102K(3264K)->3102K(3264K)
[3781.709s][info][gc             ] GC(871) Pause Young (Allocation Failure) 3905M->1730M(4319M) 67.578ms
[3781.709s][info][gc,cpu         ] GC(871) User=0.40s Sys=0.00s Real=0.07s
...[3784.406s][info][gc,start       ] GC(872) Pause Young (Allocation Failure)
[3784.496s][info][gc,heap        ] GC(872) PSYoungGen: 2551466K(2551808K)->153808K(2592768K) Eden: 2388992K(2388992K)->0K(2394112K) From: 162474K(162816K)->153808K(198656K)
[3784.496s][info][gc,heap        ] GC(872) ParOldGen: 1610042K(1871360K)->1709690K(1871360K)
[3784.496s][info][gc,metaspace   ] GC(872) Metaspace: 29089K(29376K)->29089K(29376K) NonClass: 25986K(26112K)->25986K(26112K) Class: 3102K(3264K)->3102K(3264K)
[3784.496s][info][gc             ] GC(872) Pause Young (Allocation Failure) 4063M->1819M(4359M) 90.050ms
[3784.497s][info][gc,cpu         ] GC(872) User=0.53s Sys=0.00s Real=0.09s
..[3787.132s][info][gc,start       ] GC(873) Pause Young (Allocation Failure)
[3787.226s][info][gc,heap        ] GC(873) PSYoungGen: 2547920K(2592768K)->155793K(2590208K) Eden: 2394112K(2394112K)->0K(2394112K) From: 153808K(198656K)->155793K(196096K)
[3787.226s][info][gc,heap        ] GC(873) ParOldGen: 1709690K(1871360K)->1815002K(1871360K)
[3787.226s][info][gc,metaspace   ] GC(873) Metaspace: 29089K(29376K)->29089K(29376K) NonClass: 25986K(26112K)->25986K(26112K) Class: 3102K(3264K)->3102K(3264K)
[3787.226s][info][gc             ] GC(873) Pause Young (Allocation Failure) 4157M->1924M(4357M) 93.533ms
[3787.226s][info][gc,cpu         ] GC(873) User=0.55s Sys=0.00s Real=0.10s
...[3789.836s][info][gc,start       ] GC(874) Pause Young (Allocation Failure)
[3789.929s][info][gc,heap        ] GC(874) PSYoungGen: 2549905K(2590208K)->147744K(2596352K) Eden: 2394112K(2394112K)->0K(2402816K) From: 155793K(196096K)->147744K(193536K)
[3789.929s][info][gc,heap        ] GC(874) ParOldGen: 1815002K(1871360K)->1918234K(1918464K)
[3789.929s][info][gc,metaspace   ] GC(874) Metaspace: 29089K(29376K)->29089K(29376K) NonClass: 25986K(26112K)->25986K(26112K) Class: 3102K(3264K)->3102K(3264K)
[3789.929s][info][gc             ] GC(874) Pause Young (Allocation Failure) 4262M->2017M(4409M) 92.746ms
[3789.929s][info][gc,cpu         ] GC(874) User=0.53s Sys=0.01s Real=0.09s
...[3792.529s][info][gc,start       ] GC(875) Pause Young (Allocation Failure)
[3792.624s][info][gc,heap        ] GC(875) PSYoungGen: 2550560K(2596352K)->145760K(2594816K) Eden: 2402816K(2402816K)->0K(2402816K) From: 147744K(193536K)->145760K(192000K)
[3792.624s][info][gc,heap        ] GC(875) ParOldGen: 1918234K(1918464K)->2021418K(2021888K)
[3792.624s][info][gc,metaspace   ] GC(875) Metaspace: 29089K(29376K)->29089K(29376K) NonClass: 25986K(26112K)->25986K(26112K) Class: 3102K(3264K)->3102K(3264K)
[3792.624s][info][gc             ] GC(875) Pause Young (Allocation Failure) 4364M->2116M(4508M) 94.700ms
[3792.624s][info][gc,cpu         ] GC(875) User=0.51s Sys=0.05s Real=0.09s
...[3795.344s][info][gc,start       ] GC(876) Pause Young (Allocation Failure)
[3795.438s][info][gc,heap        ] GC(876) PSYoungGen: 2548576K(2594816K)->148928K(2601984K) Eden: 2402816K(2402816K)->0K(2412544K) From: 145760K(192000K)->148928K(189440K)
[3795.439s][info][gc,heap        ] GC(876) ParOldGen: 2021418K(2021888K)->2122602K(2122752K)
[3795.439s][info][gc,metaspace   ] GC(876) Metaspace: 29089K(29376K)->29089K(29376K) NonClass: 25986K(26112K)->25986K(26112K) Class: 3102K(3264K)->3102K(3264K)
[3795.439s][info][gc             ] GC(876) Pause Young (Allocation Failure) 4462M->2218M(4614M) 94.167ms
[3795.439s][info][gc,cpu         ] GC(876) User=0.52s Sys=0.03s Real=0.10s
..[3798.083s][info][gc,start       ] GC(877) Pause Young (Allocation Failure)
[3798.179s][info][gc,heap        ] GC(877) PSYoungGen: 2561472K(2601984K)->154528K(2601472K) Eden: 2412544K(2412544K)->0K(2412544K) From: 148928K(189440K)->154528K(188928K)
[3798.179s][info][gc,heap        ] GC(877) ParOldGen: 2122602K(2122752K)->2226458K(2226688K)
[3798.179s][info][gc,metaspace   ] GC(877) Metaspace: 29089K(29376K)->29089K(29376K) NonClass: 25986K(26112K)->25986K(26112K) Class: 3102K(3264K)->3102K(3264K)
[3798.179s][info][gc             ] GC(877) Pause Young (Allocation Failure) 4574M->2325M(4715M) 96.507ms
[3798.179s][info][gc,cpu         ] GC(877) User=0.54s Sys=0.03s Real=0.10s
...[3800.833s][info][gc,start       ] GC(878) Pause Young (Allocation Failure)
[3800.929s][info][gc,heap        ] GC(878) PSYoungGen: 2567072K(2601472K)->151328K(2605056K) Eden: 2412544K(2412544K)->0K(2419712K) From: 154528K(188928K)->151328K(185344K)
[3800.929s][info][gc,heap        ] GC(878) ParOldGen: 2226458K(2226688K)->2330898K(2331136K)
[3800.929s][info][gc,metaspace   ] GC(878) Metaspace: 29089K(29376K)->29089K(29376K) NonClass: 25986K(26112K)->25986K(26112K) Class: 3102K(3264K)->3102K(3264K)
[3800.929s][info][gc             ] GC(878) Pause Young (Allocation Failure) 4681M->2424M(4820M) 95.720ms
[3800.929s][info][gc,cpu         ] GC(878) User=0.54s Sys=0.02s Real=0.10s
...[3803.572s][info][gc,start       ] GC(879) Pause Young (Allocation Failure)
[3803.668s][info][gc,heap        ] GC(879) PSYoungGen: 2571040K(2605056K)->152179K(2604032K) Eden: 2419712K(2419712K)->0K(2419712K) From: 151328K(185344K)->152179K(184320K)
[3803.668s][info][gc,heap        ] GC(879) ParOldGen: 2330898K(2331136K)->2433090K(2433536K)
[3803.668s][info][gc,metaspace   ] GC(879) Metaspace: 29089K(29376K)->29089K(29376K) NonClass: 25986K(26112K)->25986K(26112K) Class: 3102K(3264K)->3102K(3264K)
[3803.668s][info][gc             ] GC(879) Pause Young (Allocation Failure) 4787M->2524M(4919M) 96.007ms
[3803.668s][info][gc,cpu         ] GC(879) User=0.53s Sys=0.04s Real=0.10s
...[3806.421s][info][gc,start       ] GC(880) Pause Young (Allocation Failure)
[3806.520s][info][gc,heap        ] GC(880) PSYoungGen: 2571891K(2604032K)->159904K(2608640K) Eden: 2419712K(2419712K)->0K(2426880K) From: 152179K(184320K)->159904K(181760K)
[3806.520s][info][gc,heap        ] GC(880) ParOldGen: 2433090K(2433536K)->2535954K(2536448K)
[3806.520s][info][gc,metaspace   ] GC(880) Metaspace: 29089K(29376K)->29089K(29376K) NonClass: 25986K(26112K)->25986K(26112K) Class: 3102K(3264K)->3102K(3264K)
[3806.520s][info][gc             ] GC(880) Pause Young (Allocation Failure) 4887M->2632M(5024M) 99.288ms
[3806.520s][info][gc,cpu         ] GC(880) User=0.57s Sys=0.02s Real=0.10s
..[3809.143s][info][gc,start       ] GC(881) Pause Young (Allocation Failure)
[3809.239s][info][gc,heap        ] GC(881) PSYoungGen: 2586784K(2608640K)->152864K(2608128K) Eden: 2426880K(2426880K)->0K(2426880K) From: 159904K(181760K)->152864K(181248K)
[3809.239s][info][gc,heap        ] GC(881) ParOldGen: 2535954K(2536448K)->2640450K(2640896K)
[3809.239s][info][gc,metaspace   ] GC(881) Metaspace: 29089K(29376K)->29089K(29376K) NonClass: 25986K(26112K)->25986K(26112K) Class: 3102K(3264K)->3102K(3264K)
[3809.239s][info][gc             ] GC(881) Pause Young (Allocation Failure) 5002M->2727M(5126M) 96.327ms
[3809.239s][info][gc,cpu         ] GC(881) User=0.54s Sys=0.03s Real=0.10s
...[3811.972s][info][gc,start       ] GC(882) Pause Young (Allocation Failure)
[3812.068s][info][gc,heap        ] GC(882) PSYoungGen: 2579744K(2608128K)->154976K(2612224K) Eden: 2426880K(2426880K)->0K(2435584K) From: 152864K(181248K)->154976K(176640K)
[3812.068s][info][gc,heap        ] GC(882) ParOldGen: 2640450K(2640896K)->2742602K(2742784K)
[3812.068s][info][gc,metaspace   ] GC(882) Metaspace: 29089K(29376K)->29089K(29376K) NonClass: 25986K(26112K)->25986K(26112K) Class: 3102K(3264K)->3102K(3264K)
[3812.068s][info][gc             ] GC(882) Pause Young (Allocation Failure) 5097M->2829M(5229M) 96.039ms
[3812.068s][info][gc,cpu         ] GC(882) User=0.54s Sys=0.02s Real=0.10s
...[3814.742s][info][gc,start       ] GC(883) Pause Young (Allocation Failure)
[3814.838s][info][gc,heap        ] GC(883) PSYoungGen: 2590560K(2612224K)->150720K(2612224K) Eden: 2435584K(2435584K)->0K(2435584K) From: 154976K(176640K)->150720K(176640K)
[3814.838s][info][gc,heap        ] GC(883) ParOldGen: 2742602K(2742784K)->2848746K(2848768K)
[3814.838s][info][gc,metaspace   ] GC(883) Metaspace: 29089K(29376K)->29089K(29376K) NonClass: 25986K(26112K)->25986K(26112K) Class: 3102K(3264K)->3102K(3264K)
[3814.838s][info][gc             ] GC(883) Pause Young (Allocation Failure) 5208M->2929M(5333M) 96.365ms
[3814.838s][info][gc,cpu         ] GC(883) User=0.54s Sys=0.02s Real=0.10s
...[3817.557s][info][gc,start       ] GC(884) Pause Young (Allocation Failure)
[3817.656s][info][gc,heap        ] GC(884) PSYoungGen: 2586304K(2612224K)->152291K(2617344K) Eden: 2435584K(2435584K)->0K(2443776K) From: 150720K(176640K)->152291K(173568K)
[3817.656s][info][gc,heap        ] GC(884) ParOldGen: 2848746K(2848768K)->2952314K(2952704K)
[3817.656s][info][gc,metaspace   ] GC(884) Metaspace: 29089K(29376K)->29089K(29376K) NonClass: 25986K(26112K)->25986K(26112K) Class: 3102K(3264K)->3102K(3264K)
[3817.656s][info][gc             ] GC(884) Pause Young (Allocation Failure) 5307M->3031M(5439M) 98.883ms
[3817.656s][info][gc,cpu         ] GC(884) User=0.55s Sys=0.03s Real=0.10s
..[3820.298s][info][gc,start       ] GC(885) Pause Young (Allocation Failure)
[3820.394s][info][gc,heap        ] GC(885) PSYoungGen: 2596067K(2617344K)->147712K(2617856K) Eden: 2443776K(2443776K)->0K(2443776K) From: 152291K(173568K)->147712K(174080K)
[3820.394s][info][gc,heap        ] GC(885) ParOldGen: 2952314K(2952704K)->3058482K(3058688K)
[3820.394s][info][gc,metaspace   ] GC(885) Metaspace: 29089K(29376K)->29089K(29376K) NonClass: 25986K(26112K)->25986K(26112K) Class: 3102K(3264K)->3102K(3264K)
[3820.394s][info][gc             ] GC(885) Pause Young (Allocation Failure) 5418M->3131M(5543M) 95.959ms
[3820.394s][info][gc,cpu         ] GC(885) User=0.53s Sys=0.04s Real=0.09s
...[3823.154s][info][gc,start       ] GC(886) Pause Young (Allocation Failure)
[3823.252s][info][gc,heap        ] GC(886) PSYoungGen: 2591488K(2617856K)->152181K(2617856K) Eden: 2443776K(2443776K)->0K(2448384K) From: 147712K(174080K)->152181K(169472K)
[3823.252s][info][gc,heap        ] GC(886) ParOldGen: 3058482K(3058688K)->3159618K(3160064K)
[3823.252s][info][gc,metaspace   ] GC(886) Metaspace: 29089K(29376K)->29089K(29376K) NonClass: 25986K(26112K)->25986K(26112K) Class: 3102K(3264K)->3102K(3264K)
[3823.252s][info][gc             ] GC(886) Pause Young (Allocation Failure) 5517M->3234M(5642M) 97.815ms
[3823.252s][info][gc,cpu         ] GC(886) User=0.54s Sys=0.04s Real=0.10s
...[3825.993s][info][gc,start       ] GC(887) Pause Young (Allocation Failure)
[3826.091s][info][gc,heap        ] GC(887) PSYoungGen: 2600565K(2617856K)->157408K(2619904K) Eden: 2448384K(2448384K)->0K(2448384K) From: 152181K(169472K)->157408K(171520K)
[3826.091s][info][gc,heap        ] GC(887) ParOldGen: 3159618K(3160064K)->3266202K(3266560K)
[3826.091s][info][gc,metaspace   ] GC(887) Metaspace: 29089K(29376K)->29089K(29376K) NonClass: 25986K(26112K)->25986K(26112K) Class: 3102K(3264K)->3102K(3264K)
[3826.091s][info][gc             ] GC(887) Pause Young (Allocation Failure) 5625M->3343M(5748M) 98.945ms
[3826.092s][info][gc,cpu         ] GC(887) User=0.56s Sys=0.03s Real=0.10s
...[3828.861s][info][gc,start       ] GC(888) Pause Young (Allocation Failure)
[3828.960s][info][gc,heap        ] GC(888) PSYoungGen: 2605792K(2619904K)->156960K(2622464K) Eden: 2448384K(2448384K)->0K(2452992K) From: 157408K(171520K)->156960K(169472K)
[3828.960s][info][gc,heap        ] GC(888) ParOldGen: 3266202K(3266560K)->3370914K(3371008K)
[3828.960s][info][gc,metaspace   ] GC(888) Metaspace: 29089K(29376K)->29089K(29376K) NonClass: 25986K(26112K)->25986K(26112K) Class: 3102K(3264K)->3102K(3264K)
[3828.960s][info][gc             ] GC(888) Pause Young (Allocation Failure) 5734M->3445M(5853M) 98.537ms
[3828.960s][info][gc,cpu         ] GC(888) User=0.54s Sys=0.05s Real=0.10s
. (rIR:aIR:PR = 6088:6089:6089) (tPR = 90275) [OK] 
  3829s: Performance info:
         Transaction,    Success,    Partial,     Failed,   Receipts, AvgBarcode, 
             Overall,     369898,          0,          0,     351408,      59.48, 
         Response times:
             Request,    Success,    Partial,     Failed,   SkipFail,     Probes,    Samples,      min,      p50,      p90,      p95,      p99,      max, 
       TotalPurchase,     351408,          0,          0,          0,     341958,     375364,      300,     4600,    10000,    34000,   568000,  1300000,
     InStorePurchase,     184989,          0,          0,          0,     180087,     197359,      300,     4500,     9900,    34000,   562000,  1300000,
      OnlinePurchase,     129404,          0,          0,          0,     126006,     138211,      300,     4700,    10000,    35000,   569000,  1300000,
        InstPurchase,      37015,          0,          0,          0,      35865,      39794,      400,     4800,    10000,    35000,   572000,   730000,
          AssocOfCat,        370,          0,          0,          0,        295,        390,    19500,    32000,    51000,   124600,   417020,   690000,
      AssocOfProduct,       3692,          0,          0,          0,       3330,       3876,     1800,     5500,    11700,    37000,   502000,   599000,
      BusinessReport,        918,          0,          0,          0,        781,       1001,    27000,    38000,    56000,    75900,   501840,   542000,
          CustBuyBeh,       3700,          0,          0,          0,       3417,       3974,      200,     4700,     9200,    34000,   293000,   610000,
       ProductReturn,       9811,          0,          0,          0,       9315,      10397,      200,     3600,    10120,    33000,   555600,  1300000,

  3829s: (45%)   IR =   6227 ..[3831.560s][info][gc,start       ] GC(889) Pause Young (Allocation Failure)
[3831.657s][info][gc,heap        ] GC(889) PSYoungGen: 2609952K(2622464K)->148960K(2623488K) Eden: 2452992K(2452992K)->0K(2452992K) From: 156960K(169472K)->148960K(170496K)
[3831.657s][info][gc,heap        ] GC(889) ParOldGen: 3370914K(3371008K)->3477858K(3478016K)
[3831.657s][info][gc,metaspace   ] GC(889) Metaspace: 29089K(29376K)->29089K(29376K) NonClass: 25986K(26112K)->25986K(26112K) Class: 3102K(3264K)->3102K(3264K)
[3831.657s][info][gc             ] GC(889) Pause Young (Allocation Failure) 5840M->3541M(5958M) 97.073ms
[3831.657s][info][gc,cpu         ] GC(889) User=0.54s Sys=0.04s Real=0.10s
..|[3834.301s][info][gc,start       ] GC(890) Pause Young (Allocation Failure)
[3834.396s][info][gc,heap        ] GC(890) PSYoungGen: 2601952K(2623488K)->147744K(2624000K) Eden: 2452992K(2452992K)->0K(2455552K) From: 148960K(170496K)->147744K(168448K)
[3834.396s][info][gc,heap        ] GC(890) ParOldGen: 3477858K(3478016K)->3581538K(3581952K)
[3834.396s][info][gc,metaspace   ] GC(890) Metaspace: 29089K(29376K)->29089K(29376K) NonClass: 25986K(26112K)->25986K(26112K) Class: 3102K(3264K)->3102K(3264K)
[3834.396s][info][gc             ] GC(890) Pause Young (Allocation Failure) 5937M->3641M(6060M) 95.306ms
[3834.396s][info][gc,cpu         ] GC(890) User=0.53s Sys=0.03s Real=0.10s
...[3837.080s][info][gc,start       ] GC(891) Pause Young (Allocation Failure)
[3837.179s][info][gc,heap        ] GC(891) PSYoungGen: 2603296K(2624000K)->158688K(2625024K) Eden: 2455552K(2455552K)->0K(2455552K) From: 147744K(168448K)->158688K(169472K)
[3837.179s][info][gc,heap        ] GC(891) ParOldGen: 3581538K(3581952K)->3685090K(3685376K)
[3837.179s][info][gc,metaspace   ] GC(891) Metaspace: 29089K(29376K)->29089K(29376K) NonClass: 25986K(26112K)->25986K(26112K) Class: 3102K(3264K)->3102K(3264K)
[3837.179s][info][gc             ] GC(891) Pause Young (Allocation Failure) 6039M->3753M(6162M) 99.183ms
[3837.179s][info][gc,cpu         ] GC(891) User=0.56s Sys=0.03s Real=0.10s
...[3839.844s][info][gc,start       ] GC(892) Pause Young (Allocation Failure)
[3839.944s][info][gc,heap        ] GC(892) PSYoungGen: 2614240K(2625024K)->159829K(2625024K) Eden: 2455552K(2455552K)->0K(2455040K) From: 158688K(169472K)->159829K(169984K)
[3839.944s][info][gc,heap        ] GC(892) ParOldGen: 3685090K(3685376K)->3790122K(3790336K)
[3839.944s][info][gc,metaspace   ] GC(892) Metaspace: 29089K(29376K)->29089K(29376K) NonClass: 25986K(26112K)->25986K(26112K) Class: 3102K(3264K)->3102K(3264K)
[3839.944s][info][gc             ] GC(892) Pause Young (Allocation Failure) 6151M->3857M(6265M) 100.572ms
[3839.944s][info][gc,cpu         ] GC(892) User=0.56s Sys=0.05s Real=0.11s
...[3842.542s][info][gc,start       ] GC(893) Pause Young (Allocation Failure)
[3842.637s][info][gc,heap        ] GC(893) PSYoungGen: 2614869K(2625024K)->146304K(2625536K) Eden: 2455040K(2455040K)->0K(2455040K) From: 159829K(169984K)->146304K(170496K)
[3842.637s][info][gc,heap        ] GC(893) ParOldGen: 3790122K(3790336K)->3896194K(3896320K)
[3842.637s][info][gc,metaspace   ] GC(893) Metaspace: 29089K(29376K)->29089K(29376K) NonClass: 25986K(26112K)->25986K(26112K) Class: 3102K(3264K)->3102K(3264K)
[3842.637s][info][gc             ] GC(893) Pause Young (Allocation Failure) 6254M->3947M(6369M) 95.632ms
[3842.637s][info][gc,cpu         ] GC(893) User=0.53s Sys=0.03s Real=0.10s
..[3845.276s][info][gc,start       ] GC(894) Pause Young (Allocation Failure)
[3845.371s][info][gc,heap        ] GC(894) PSYoungGen: 2601344K(2625536K)->148800K(2623488K) Eden: 2455040K(2455040K)->0K(2455040K) From: 146304K(170496K)->148800K(168448K)
[3845.371s][info][gc,heap        ] GC(894) ParOldGen: 3896194K(3896320K)->3997474K(3997696K)
[3845.371s][info][gc,metaspace   ] GC(894) Metaspace: 29089K(29376K)->29089K(29376K) NonClass: 25986K(26112K)->25986K(26112K) Class: 3102K(3264K)->3102K(3264K)
[3845.371s][info][gc             ] GC(894) Pause Young (Allocation Failure) 6345M->4049M(6466M) 94.952ms
[3845.371s][info][gc,cpu         ] GC(894) User=0.52s Sys=0.04s Real=0.09s
...[3848.084s][info][gc,start       ] GC(895) Pause Young (Allocation Failure)
[3848.186s][info][gc,heap        ] GC(895) PSYoungGen: 2603840K(2623488K)->163060K(2624512K) Eden: 2455040K(2455040K)->0K(2455040K) From: 148800K(168448K)->163060K(169472K)
[3848.186s][info][gc,heap        ] GC(895) ParOldGen: 3997474K(3997696K)->4101306K(4101632K)
[3848.186s][info][gc,metaspace   ] GC(895) Metaspace: 29089K(29376K)->29089K(29376K) NonClass: 25986K(26112K)->25986K(26112K) Class: 3102K(3264K)->3102K(3264K)
[3848.186s][info][gc             ] GC(895) Pause Young (Allocation Failure) 6446M->4164M(6568M) 102.225ms
[3848.186s][info][gc,cpu         ] GC(895) User=0.57s Sys=0.03s Real=0.11s
...[3850.784s][info][gc,start       ] GC(896) Pause Young (Allocation Failure)
[3850.883s][info][gc,heap        ] GC(896) PSYoungGen: 2618100K(2624512K)->155536K(2625536K) Eden: 2455040K(2455040K)->0K(2454016K) From: 163060K(169472K)->155536K(171520K)
[3850.883s][info][gc,heap        ] GC(896) ParOldGen: 4101306K(4101632K)->4206842K(4207104K)
[3850.883s][info][gc,metaspace   ] GC(896) Metaspace: 29089K(29376K)->29089K(29376K) NonClass: 25986K(26112K)->25986K(26112K) Class: 3102K(3264K)->3102K(3264K)
[3850.883s][info][gc             ] GC(896) Pause Young (Allocation Failure) 6561M->4260M(6672M) 99.489ms
[3850.883s][info][gc,cpu         ] GC(896) User=0.55s Sys=0.04s Real=0.10s
...[3853.553s][info][gc,start       ] GC(897) Pause Young (Allocation Failure)
[3853.654s][info][gc,heap        ] GC(897) PSYoungGen: 2609552K(2625536K)->161008K(2624512K) Eden: 2454016K(2454016K)->0K(2454016K) From: 155536K(171520K)->161008K(170496K)
[3853.654s][info][gc,heap        ] GC(897) ParOldGen: 4206842K(4207104K)->4309882K(4310016K)
[3853.654s][info][gc,metaspace   ] GC(897) Metaspace: 29089K(29376K)->29089K(29376K) NonClass: 25986K(26112K)->25986K(26112K) Class: 3102K(3264K)->3102K(3264K)
[3853.654s][info][gc             ] GC(897) Pause Young (Allocation Failure) 6656M->4366M(6772M) 101.176ms
[3853.654s][info][gc,cpu         ] GC(897) User=0.56s Sys=0.03s Real=0.10s
..[3856.308s][info][gc,start       ] GC(898) Pause Young (Allocation Failure)
[3856.403s][info][gc,heap        ] GC(898) PSYoungGen: 2615024K(2624512K)->147648K(2625024K) Eden: 2454016K(2454016K)->0K(2454016K) From: 161008K(170496K)->147648K(171008K)
[3856.403s][info][gc,heap        ] GC(898) ParOldGen: 4309882K(4310016K)->4414418K(4414464K)
[3856.403s][info][gc,metaspace   ] GC(898) Metaspace: 29089K(29376K)->29089K(29376K) NonClass: 25986K(26112K)->25986K(26112K) Class: 3102K(3264K)->3102K(3264K)
[3856.403s][info][gc             ] GC(898) Pause Young (Allocation Failure) 6762M->4455M(6874M) 95.797ms
[3856.403s][info][gc,cpu         ] GC(898) User=0.53s Sys=0.03s Real=0.09s
...[3858.975s][info][gc,start       ] GC(899) Pause Young (Allocation Failure)
[3859.072s][info][gc,heap        ] GC(899) PSYoungGen: 2601664K(2625024K)->149568K(2604032K) Eden: 2454016K(2454016K)->0K(2454016K) From: 147648K(171008K)->149568K(150016K)
[3859.072s][info][gc,heap        ] GC(899) ParOldGen: 4414418K(4414464K)->4520394K(4520448K)
[3859.072s][info][gc,metaspace   ] GC(899) Metaspace: 29089K(29376K)->29089K(29376K) NonClass: 25986K(26112K)->25986K(26112K) Class: 3102K(3264K)->3102K(3264K)
[3859.072s][info][gc             ] GC(899) Pause Young (Allocation Failure) 6851M->4560M(6957M) 96.986ms
[3859.072s][info][gc,cpu         ] GC(899) User=0.54s Sys=0.04s Real=0.09s
...[3861.753s][info][gc,start       ] GC(900) Pause Young (Allocation Failure)
[3861.852s][info][gc,heap        ] GC(900) PSYoungGen: 2603584K(2604032K)->157696K(2624000K) Eden: 2454016K(2454016K)->0K(2454016K) From: 149568K(150016K)->157696K(169984K)
[3861.852s][info][gc,heap        ] GC(900) ParOldGen: 4520394K(4520448K)->4621242K(4621312K)
[3861.852s][info][gc,metaspace   ] GC(900) Metaspace: 29089K(29376K)->29089K(29376K) NonClass: 25986K(26112K)->25986K(26112K) Class: 3102K(3264K)->3102K(3264K)
[3861.852s][info][gc             ] GC(900) Pause Young (Allocation Failure) 6957M->4666M(7075M) 99.552ms
[3861.852s][info][gc,cpu         ] GC(900) User=0.55s Sys=0.03s Real=0.10s
...[3864.547s][info][gc,start       ] GC(901) Pause Young (Allocation Failure)
[3864.646s][info][gc,heap        ] GC(901) PSYoungGen: 2611712K(2624000K)->150752K(2624000K) Eden: 2454016K(2454016K)->0K(2454016K) From: 157696K(169984K)->150752K(169984K)
[3864.646s][info][gc,heap        ] GC(901) ParOldGen: 4621242K(4621312K)->4727714K(4727808K)
[3864.646s][info][gc,metaspace   ] GC(901) Metaspace: 29089K(29376K)->29089K(29376K) NonClass: 25986K(26112K)->25986K(26112K) Class: 3102K(3264K)->3102K(3264K)
[3864.646s][info][gc             ] GC(901) Pause Young (Allocation Failure) 7063M->4764M(7179M) 99.211ms
[3864.646s][info][gc,cpu         ] GC(901) User=0.55s Sys=0.03s Real=0.10s
..[3867.287s][info][gc,start       ] GC(902) Pause Young (Allocation Failure)
[3867.386s][info][gc,heap        ] GC(902) PSYoungGen: 2604768K(2624000K)->151136K(2625024K) Eden: 2454016K(2454016K)->0K(2457088K) From: 150752K(169984K)->151136K(167936K)
[3867.386s][info][gc,heap        ] GC(902) ParOldGen: 4727714K(4727808K)->4831914K(4832256K)
[3867.386s][info][gc,metaspace   ] GC(902) Metaspace: 29089K(29376K)->29089K(29376K) NonClass: 25986K(26112K)->25986K(26112K) Class: 3102K(3264K)->3102K(3264K)
[3867.386s][info][gc             ] GC(902) Pause Young (Allocation Failure) 7160M->4866M(7282M) 99.427ms
[3867.386s][info][gc,cpu         ] GC(902) User=0.54s Sys=0.03s Real=0.10s
...[3870.028s][info][gc,start       ] GC(903) Pause Young (Allocation Failure)
[3870.130s][info][gc,heap        ] GC(903) PSYoungGen: 2608224K(2625024K)->162000K(2625024K) Eden: 2457088K(2457088K)->0K(2457088K) From: 151136K(167936K)->162000K(167936K)
[3870.130s][info][gc,heap        ] GC(903) ParOldGen: 4831914K(4832256K)->4937194K(4937216K)
[3870.130s][info][gc,metaspace   ] GC(903) Metaspace: 29089K(29376K)->29089K(29376K) NonClass: 25986K(26112K)->25986K(26112K) Class: 3102K(3264K)->3102K(3264K)
[3870.130s][info][gc             ] GC(903) Pause Young (Allocation Failure) 7265M->4979M(7385M) 102.615ms
[3870.131s][info][gc,cpu         ] GC(903) User=0.58s Sys=0.03s Real=0.10s
...[3872.871s][info][gc,start       ] GC(904) Pause Young (Allocation Failure)
[3872.978s][info][gc,heap        ] GC(904) PSYoungGen: 2619088K(2625024K)->169449K(2540544K) Eden: 2457088K(2457088K)->0K(2371072K) From: 162000K(167936K)->169449K(169472K)
[3872.978s][info][gc,heap        ] GC(904) ParOldGen: 4937194K(4937216K)->5041570K(5041664K)
[3872.978s][info][gc,metaspace   ] GC(904) Metaspace: 29089K(29376K)->29089K(29376K) NonClass: 25986K(26112K)->25986K(26112K) Class: 3102K(3264K)->3102K(3264K)
[3872.978s][info][gc             ] GC(904) Pause Young (Allocation Failure) 7379M->5088M(7404M) 106.861ms
[3872.978s][info][gc,cpu         ] GC(904) User=0.60s Sys=0.03s Real=0.11s
..[3875.464s][info][gc,start       ] GC(905) Pause Young (Allocation Failure)
[3875.560s][info][gc,heap        ] GC(905) PSYoungGen: 2540521K(2540544K)->142912K(2583552K) Eden: 2371072K(2371072K)->0K(2371072K) From: 169449K(169472K)->142912K(212480K)
[3875.560s][info][gc,heap        ] GC(905) ParOldGen: 5041570K(5041664K)->5149938K(5150208K)
[3875.560s][info][gc,metaspace   ] GC(905) Metaspace: 29089K(29376K)->29089K(29376K) NonClass: 25986K(26112K)->25986K(26112K) Class: 3102K(3264K)->3102K(3264K)
[3875.560s][info][gc             ] GC(905) Pause Young (Allocation Failure) 7404M->5168M(7552M) 96.493ms
[3875.560s][info][gc,cpu         ] GC(905) User=0.53s Sys=0.03s Real=0.10s
...[3878.117s][info][gc,start       ] GC(906) Pause Young (Allocation Failure)
[3878.216s][info][gc,heap        ] GC(906) PSYoungGen: 2513984K(2583552K)->156416K(2575872K) Eden: 2371072K(2371072K)->0K(2371584K) From: 142912K(212480K)->156416K(204288K)
[3878.216s][info][gc,heap        ] GC(906) ParOldGen: 5149938K(5150208K)->5251050K(5251072K)
[3878.216s][info][gc,metaspace   ] GC(906) Metaspace: 29089K(29376K)->29089K(29376K) NonClass: 25986K(26112K)->25986K(26112K) Class: 3102K(3264K)->3102K(3264K)
[3878.217s][info][gc             ] GC(906) Pause Young (Allocation Failure) 7484M->5280M(7643M) 99.272ms
[3878.217s][info][gc,cpu         ] GC(906) User=0.56s Sys=0.03s Real=0.10s
...[3880.780s][info][gc,start       ] GC(907) Pause Young (Allocation Failure)
[3880.880s][info][gc,heap        ] GC(907) PSYoungGen: 2528000K(2575872K)->154342K(2579968K) Eden: 2371584K(2371584K)->0K(2371584K) From: 156416K(204288K)->154342K(208384K)
[3880.880s][info][gc,heap        ] GC(907) ParOldGen: 5251050K(5251072K)->5353506K(5353984K)
[3880.880s][info][gc,metaspace   ] GC(907) Metaspace: 29089K(29376K)->29089K(29376K) NonClass: 25986K(26112K)->25986K(26112K) Class: 3102K(3264K)->3102K(3264K)
[3880.880s][info][gc             ] GC(907) Pause Young (Allocation Failure) 7596M->5378M(7748M) 99.618ms
[3880.880s][info][gc,cpu         ] GC(907) User=0.56s Sys=0.02s Real=0.10s
..[3883.459s][info][gc,start       ] GC(908) Pause Young (Allocation Failure)
[3883.555s][info][gc,heap        ] GC(908) PSYoungGen: 2525926K(2579968K)->147104K(2583552K) Eden: 2371584K(2371584K)->0K(2382336K) From: 154342K(208384K)->147104K(201216K)
[3883.555s][info][gc,heap        ] GC(908) ParOldGen: 5353506K(5353984K)->5454562K(5454848K)
[3883.555s][info][gc,metaspace   ] GC(908) Metaspace: 29089K(29376K)->29089K(29376K) NonClass: 25986K(26112K)->25986K(26112K) Class: 3102K(3264K)->3102K(3264K)
[3883.555s][info][gc             ] GC(908) Pause Young (Allocation Failure) 7694M->5470M(7850M) 96.410ms
[3883.555s][info][gc,cpu         ] GC(908) User=0.54s Sys=0.03s Real=0.10s
...[3886.127s][info][gc,start       ] GC(909) Pause Young (Allocation Failure)
[3886.227s][info][gc,heap        ] GC(909) PSYoungGen: 2529440K(2583552K)->156480K(2586112K) Eden: 2382336K(2382336K)->0K(2382336K) From: 147104K(201216K)->156480K(203776K)
[3886.227s][info][gc,heap        ] GC(909) ParOldGen: 5454562K(5454848K)->5558858K(5559296K)
[3886.227s][info][gc,metaspace   ] GC(909) Metaspace: 29089K(29376K)->29089K(29376K) NonClass: 25986K(26112K)->25986K(26112K) Class: 3102K(3264K)->3102K(3264K)
[3886.227s][info][gc             ] GC(909) Pause Young (Allocation Failure) 7796M->5581M(7954M) 100.088ms
[3886.227s][info][gc,cpu         ] GC(909) User=0.56s Sys=0.04s Real=0.10s
...[3888.766s][info][gc,start       ] GC(910) Pause Full (Allocation Failure)
[3888.766s][info][gc,phases,start] GC(910) Marking Phase
[3889.081s][info][gc,phases      ] GC(910) Marking Phase 314.752ms
[3889.081s][info][gc,phases,start] GC(910) Summary Phase
[3889.081s][info][gc,phases      ] GC(910) Summary Phase 0.101ms
[3889.081s][info][gc,phases,start] GC(910) Forward
[3889.212s][info][gc,phases      ] GC(910) Forward 131.222ms
[3889.212s][info][gc,phases,start] GC(910) Adjust Pointers
[3889.430s][info][gc,phases      ] GC(910) Adjust Pointers 218.089ms
[3889.430s][info][gc,phases,start] GC(910) Compaction Phase
[3889.582s][info][gc,phases      ] GC(910) Compaction Phase 151.426ms
[3889.583s][info][gc,phases,start] GC(910) Post Compact
[3889.590s][info][gc,phases      ] GC(910) Post Compact 6.895ms
[3889.712s][info][gc,heap        ] GC(910) PSYoungGen: 2538816K(2586112K)->0K(2591232K) Eden: 2382336K(2382336K)->0K(2391040K) From: 156480K(203776K)->0K(200192K)
[3889.712s][info][gc,heap        ] GC(910) ParOldGen: 5558858K(5559296K)->1620296K(1884160K)
[3889.712s][info][gc,metaspace   ] GC(910) Metaspace: 29089K(29376K)->29089K(29376K) NonClass: 25986K(26112K)->25986K(26112K) Class: 3102K(3264K)->3102K(3264K)
[3889.712s][info][gc             ] GC(910) Pause Full (Allocation Failure) 7907M->1582M(4370M) 945.854ms
[3889.712s][info][gc,cpu         ] GC(910) User=4.44s Sys=0.12s Real=0.94s
..[3891.452s][info][gc,start       ] GC(911) Pause Young (Allocation Failure)
[3891.520s][info][gc,heap        ] GC(911) PSYoungGen: 2391040K(2591232K)->164080K(2591232K) Eden: 2391040K(2391040K)->0K(2391040K) From: 0K(200192K)->164080K(200192K)
[3891.520s][info][gc,heap        ] GC(911) ParOldGen: 1620296K(1884160K)->1620296K(1884160K)
[3891.520s][info][gc,metaspace   ] GC(911) Metaspace: 29089K(29376K)->29089K(29376K) NonClass: 25986K(26112K)->25986K(26112K) Class: 3102K(3264K)->3102K(3264K)
[3891.520s][info][gc             ] GC(911) Pause Young (Allocation Failure) 3917M->1742M(4370M) 68.681ms
[3891.520s][info][gc,cpu         ] GC(911) User=0.41s Sys=0.00s Real=0.07s
... (rIR:aIR:PR = 6227:6227:6227) (tPR = 92766) [OK] 
  3893s: Performance info:
         Transaction,    Success,    Partial,     Failed,   Receipts, AvgBarcode, 
             Overall,     375204,          0,          0,     356444,      59.48, 
         Response times:
             Request,    Success,    Partial,     Failed,   SkipFail,     Probes,    Samples,      min,      p50,      p90,      p95,      p99,      max, 
       TotalPurchase,     356444,          0,          0,          0,     346729,     374227,      300,     4700,    10100,    31000,   517000,   960000,
     InStorePurchase,     187651,          0,          0,          0,     182777,     196985,      300,     4600,    10000,    31000,   517000,   960000,
      OnlinePurchase,     131271,          0,          0,          0,     127669,     137678,      300,     4800,    10300,    32000,   515000,   960000,
        InstPurchase,      37522,          0,          0,          0,      36283,      39564,      400,     4800,    10300,    32000,   527000,   960000,
          AssocOfCat,        373,          0,          0,          0,        297,        395,    19500,    33000,    51400,    97600,   476000,   558000,
      AssocOfProduct,       3752,          0,          0,          0,       3429,       3962,      600,     5100,     9900,    33000,   331000,   960000,
      BusinessReport,        934,          0,          0,          0,        822,       1021,    26000,    38000,    60000,    89600,   446000,  1100000,
          CustBuyBeh,       3756,          0,          0,          0,       3458,       3948,      200,     3900,     8610,    26000,   103000,   281000,
       ProductReturn,       9945,          0,          0,          0,       9359,      10354,      200,     5100,    10050,    33000,   117050,   960000,

  3893s: (46%)   IR =   6365 [3894.216s][info][gc,start       ] GC(912) Pause Young (Allocation Failure)
[3894.309s][info][gc,heap        ] GC(912) PSYoungGen: 2555120K(2591232K)->149139K(2594304K) Eden: 2391040K(2391040K)->0K(2397184K) From: 164080K(200192K)->149139K(197120K)
[3894.309s][info][gc,heap        ] GC(912) ParOldGen: 1620296K(1884160K)->1726624K(1884160K)
[3894.309s][info][gc,metaspace   ] GC(912) Metaspace: 29090K(29376K)->29090K(29376K) NonClass: 25987K(26112K)->25987K(26112K) Class: 3102K(3264K)->3102K(3264K)
[3894.309s][info][gc             ] GC(912) Pause Young (Allocation Failure) 4077M->1831M(4373M) 92.377ms
[3894.309s][info][gc,cpu         ] GC(912) User=0.55s Sys=0.01s Real=0.09s
...[3896.822s][info][gc,start       ] GC(913) Pause Young (Allocation Failure)
[3896.913s][info][gc,heap        ] GC(913) PSYoungGen: 2546323K(2594304K)->153376K(2593280K) Eden: 2397184K(2397184K)->0K(2397184K) From: 149139K(197120K)->153376K(196096K)
[3896.913s][info][gc,heap        ] GC(913) ParOldGen: 1726624K(1884160K)->1832072K(1884160K)
[3896.913s][info][gc,metaspace   ] GC(913) Metaspace: 29090K(29376K)->29090K(29376K) NonClass: 25987K(26112K)->25987K(26112K) Class: 3102K(3264K)->3102K(3264K)
[3896.913s][info][gc             ] GC(913) Pause Young (Allocation Failure) 4172M->1938M(4372M) 91.005ms
[3896.913s][info][gc,cpu         ] GC(913) User=0.54s Sys=0.00s Real=0.09s
..[3899.455s][info][gc,start       ] GC(914) Pause Young (Allocation Failure)
[3899.547s][info][gc,heap        ] GC(914) PSYoungGen: 2550560K(2593280K)->148608K(2597888K) Eden: 2397184K(2397184K)->0K(2404864K) From: 153376K(196096K)->148608K(193024K)
[3899.547s][info][gc,heap        ] GC(914) ParOldGen: 1832072K(1884160K)->1934088K(1934336K)
[3899.547s][info][gc,metaspace   ] GC(914) Metaspace: 29090K(29376K)->29090K(29376K) NonClass: 25987K(26112K)->25987K(26112K) Class: 3102K(3264K)->3102K(3264K)
[3899.547s][info][gc             ] GC(914) Pause Young (Allocation Failure) 4279M->2033M(4426M) 92.456ms
[3899.547s][info][gc,cpu         ] GC(914) User=0.52s Sys=0.02s Real=0.09s
...[3902.068s][info][gc,start       ] GC(915) Pause Young (Allocation Failure)
[3902.163s][info][gc,heap        ] GC(915) PSYoungGen: 2553472K(2597888K)->151296K(2596352K) Eden: 2404864K(2404864K)->0K(2404864K) From: 148608K(193024K)->151296K(191488K)
[3902.163s][info][gc,heap        ] GC(915) ParOldGen: 1934088K(1934336K)->2039016K(2039296K)
[3902.163s][info][gc,metaspace   ] GC(915) Metaspace: 29090K(29376K)->29090K(29376K) NonClass: 25987K(26112K)->25987K(26112K) Class: 3102K(3264K)->3102K(3264K)
[3902.163s][info][gc             ] GC(915) Pause Young (Allocation Failure) 4382M->2138M(4527M) 94.244ms
[3902.163s][info][gc,cpu         ] GC(915) User=0.53s Sys=0.03s Real=0.09s
.|.[3904.661s][info][gc,start       ] GC(916) Pause Young (Allocation Failure)
[3904.758s][info][gc,heap        ] GC(916) PSYoungGen: 2556160K(2596352K)->152515K(2601984K) Eden: 2404864K(2404864K)->0K(2414080K) From: 151296K(191488K)->152515K(187904K)
[3904.758s][info][gc,heap        ] GC(916) ParOldGen: 2039016K(2039296K)->2141384K(2141696K)
[3904.758s][info][gc,metaspace   ] GC(916) Metaspace: 29090K(29376K)->29090K(29376K) NonClass: 25987K(26112K)->25987K(26112K) Class: 3102K(3264K)->3102K(3264K)
[3904.758s][info][gc             ] GC(916) Pause Young (Allocation Failure) 4487M->2240M(4632M) 96.650ms
[3904.758s][info][gc,cpu         ] GC(916) User=0.55s Sys=0.02s Real=0.10s
...[3907.296s][info][gc,start       ] GC(917) Pause Young (Allocation Failure)
[3907.390s][info][gc,heap        ] GC(917) PSYoungGen: 2566595K(2601984K)->148160K(2600960K) Eden: 2414080K(2414080K)->0K(2414080K) From: 152515K(187904K)->148160K(186880K)
[3907.390s][info][gc,heap        ] GC(917) ParOldGen: 2141384K(2141696K)->2243008K(2243072K)
[3907.390s][info][gc,metaspace   ] GC(917) Metaspace: 29090K(29376K)->29090K(29376K) NonClass: 25987K(26112K)->25987K(26112K) Class: 3102K(3264K)->3102K(3264K)
[3907.390s][info][gc             ] GC(917) Pause Young (Allocation Failure) 4597M->2335M(4730M) 93.960ms
[3907.390s][info][gc,cpu         ] GC(917) User=0.53s Sys=0.03s Real=0.09s
...[3910.010s][info][gc,start       ] GC(918) Pause Young (Allocation Failure)
[3910.110s][info][gc,heap        ] GC(918) PSYoungGen: 2562240K(2600960K)->163844K(2606592K) Eden: 2414080K(2414080K)->0K(2421248K) From: 148160K(186880K)->163844K(185344K)
[3910.110s][info][gc,heap        ] GC(918) ParOldGen: 2243008K(2243072K)->2346056K(2346496K)
[3910.110s][info][gc,metaspace   ] GC(918) Metaspace: 29090K(29376K)->29090K(29376K) NonClass: 25987K(26112K)->25987K(26112K) Class: 3102K(3264K)->3102K(3264K)
[3910.110s][info][gc             ] GC(918) Pause Young (Allocation Failure) 4692M->2451M(4837M) 99.737ms
[3910.110s][info][gc,cpu         ] GC(918) User=0.55s Sys=0.04s Real=0.10s
..[3912.610s][info][gc,start       ] GC(919) Pause Young (Allocation Failure)
[3912.708s][info][gc,heap        ] GC(919) PSYoungGen: 2585092K(2606592K)->154917K(2606592K) Eden: 2421248K(2421248K)->0K(2421248K) From: 163844K(185344K)->154917K(185344K)
[3912.708s][info][gc,heap        ] GC(919) ParOldGen: 2346056K(2346496K)->2451384K(2451456K)
[3912.708s][info][gc,metaspace   ] GC(919) Metaspace: 29090K(29376K)->29090K(29376K) NonClass: 25987K(26112K)->25987K(26112K) Class: 3102K(3264K)->3102K(3264K)
[3912.708s][info][gc             ] GC(919) Pause Young (Allocation Failure) 4815M->2545M(4939M) 98.418ms
[3912.708s][info][gc,cpu         ] GC(919) User=0.54s Sys=0.04s Real=0.10s
...[3915.291s][info][gc,start       ] GC(920) Pause Young (Allocation Failure)
[3915.389s][info][gc,heap        ] GC(920) PSYoungGen: 2576165K(2606592K)->154645K(2608640K) Eden: 2421248K(2421248K)->0K(2427392K) From: 154917K(185344K)->154645K(181248K)
[3915.389s][info][gc,heap        ] GC(920) ParOldGen: 2451384K(2451456K)->2554304K(2554368K)
[3915.389s][info][gc,metaspace   ] GC(920) Metaspace: 29090K(29376K)->29090K(29376K) NonClass: 25987K(26112K)->25987K(26112K) Class: 3102K(3264K)->3102K(3264K)
[3915.389s][info][gc             ] GC(920) Pause Young (Allocation Failure) 4909M->2645M(5042M) 98.534ms
[3915.389s][info][gc,cpu         ] GC(920) User=0.54s Sys=0.04s Real=0.10s
...[3918.010s][info][gc,start       ] GC(921) Pause Young (Allocation Failure)
[3918.112s][info][gc,heap        ] GC(921) PSYoungGen: 2582037K(2608640K)->163808K(2608128K) Eden: 2427392K(2427392K)->0K(2427392K) From: 154645K(181248K)->163808K(180736K)
[3918.112s][info][gc,heap        ] GC(921) ParOldGen: 2554304K(2554368K)->2658064K(2658304K)
[3918.112s][info][gc,metaspace   ] GC(921) Metaspace: 29090K(29376K)->29090K(29376K) NonClass: 25987K(26112K)->25987K(26112K) Class: 3102K(3264K)->3102K(3264K)
[3918.112s][info][gc             ] GC(921) Pause Young (Allocation Failure) 5015M->2755M(5143M) 101.847ms
[3918.112s][info][gc,cpu         ] GC(921) User=0.57s Sys=0.04s Real=0.10s
..[3920.617s][info][gc,start       ] GC(922) Pause Young (Allocation Failure)
[3920.713s][info][gc,heap        ] GC(922) PSYoungGen: 2591200K(2608128K)->151360K(2612736K) Eden: 2427392K(2427392K)->0K(2434048K) From: 163808K(180736K)->151360K(178688K)
[3920.713s][info][gc,heap        ] GC(922) ParOldGen: 2658064K(2658304K)->2763520K(2763776K)
[3920.713s][info][gc,metaspace   ] GC(922) Metaspace: 29090K(29376K)->29090K(29376K) NonClass: 25987K(26112K)->25987K(26112K) Class: 3102K(3264K)->3102K(3264K)
[3920.713s][info][gc             ] GC(922) Pause Young (Allocation Failure) 5126M->2846M(5250M) 95.893ms
[3920.713s][info][gc,cpu         ] GC(922) User=0.53s Sys=0.04s Real=0.09s
...[3923.298s][info][gc,start       ] GC(923) Pause Young (Allocation Failure)
[3923.393s][info][gc,heap        ] GC(923) PSYoungGen: 2585408K(2612736K)->147680K(2613760K) Eden: 2434048K(2434048K)->0K(2434048K) From: 151360K(178688K)->147680K(179712K)
[3923.393s][info][gc,heap        ] GC(923) ParOldGen: 2763520K(2763776K)->2865592K(2865664K)
[3923.393s][info][gc,metaspace   ] GC(923) Metaspace: 29090K(29376K)->29090K(29376K) NonClass: 25987K(26112K)->25987K(26112K) Class: 3102K(3264K)->3102K(3264K)
[3923.393s][info][gc             ] GC(923) Pause Young (Allocation Failure) 5223M->2942M(5351M) 94.532ms
[3923.393s][info][gc,cpu         ] GC(923) User=0.52s Sys=0.04s Real=0.09s
...[3925.935s][info][gc,start       ] GC(924) Pause Young (Allocation Failure)
[3926.032s][info][gc,heap        ] GC(924) PSYoungGen: 2581728K(2613760K)->154016K(2612224K) Eden: 2434048K(2434048K)->0K(2437632K) From: 147680K(179712K)->154016K(174592K)
[3926.032s][info][gc,heap        ] GC(924) ParOldGen: 2865592K(2865664K)->2970816K(2971136K)
[3926.032s][info][gc,metaspace   ] GC(924) Metaspace: 29090K(29376K)->29090K(29376K) NonClass: 25987K(26112K)->25987K(26112K) Class: 3102K(3264K)->3102K(3264K)
[3926.032s][info][gc             ] GC(924) Pause Young (Allocation Failure) 5319M->3051M(5452M) 97.445ms
[3926.032s][info][gc,cpu         ] GC(924) User=0.55s Sys=0.03s Real=0.09s
..[3928.609s][info][gc,start       ] GC(925) Pause Young (Allocation Failure)
[3928.706s][info][gc,heap        ] GC(925) PSYoungGen: 2591648K(2612224K)->149792K(2614272K) Eden: 2437632K(2437632K)->0K(2437632K) From: 154016K(174592K)->149792K(176640K)
[3928.706s][info][gc,heap        ] GC(925) ParOldGen: 2970816K(2971136K)->3074392K(3074560K)
[3928.706s][info][gc,metaspace   ] GC(925) Metaspace: 29090K(29376K)->29090K(29376K) NonClass: 25987K(26112K)->25987K(26112K) Class: 3102K(3264K)->3102K(3264K)
[3928.706s][info][gc             ] GC(925) Pause Young (Allocation Failure) 5432M->3148M(5555M) 96.176ms
[3928.706s][info][gc,cpu         ] GC(925) User=0.55s Sys=0.02s Real=0.10s
...[3931.297s][info][gc,start       ] GC(926) Pause Young (Allocation Failure)
[3931.396s][info][gc,heap        ] GC(926) PSYoungGen: 2587424K(2614272K)->152192K(2615296K) Eden: 2437632K(2437632K)->0K(2443776K) From: 149792K(176640K)->152192K(171520K)
[3931.396s][info][gc,heap        ] GC(926) ParOldGen: 3074392K(3074560K)->3177680K(3177984K)
[3931.396s][info][gc,metaspace   ] GC(926) Metaspace: 29090K(29376K)->29090K(29376K) NonClass: 25987K(26112K)->25987K(26112K) Class: 3102K(3264K)->3102K(3264K)
[3931.396s][info][gc             ] GC(926) Pause Young (Allocation Failure) 5529M->3251M(5657M) 98.056ms
[3931.396s][info][gc,cpu         ] GC(926) User=0.54s Sys=0.04s Real=0.10s
...[3933.955s][info][gc,start       ] GC(927) Pause Young (Allocation Failure)
[3934.055s][info][gc,heap        ] GC(927) PSYoungGen: 2595968K(2615296K)->159924K(2617856K) Eden: 2443776K(2443776K)->0K(2443776K) From: 152192K(171520K)->159924K(174080K)
[3934.055s][info][gc,heap        ] GC(927) ParOldGen: 3177680K(3177984K)->3281408K(3281920K)
[3934.055s][info][gc,metaspace   ] GC(927) Metaspace: 29090K(29376K)->29090K(29376K) NonClass: 25987K(26112K)->25987K(26112K) Class: 3102K(3264K)->3102K(3264K)
[3934.055s][info][gc             ] GC(927) Pause Young (Allocation Failure) 5638M->3360M(5761M) 99.599ms
[3934.055s][info][gc,cpu         ] GC(927) User=0.55s Sys=0.04s Real=0.10s
..[3936.623s][info][gc,start       ] GC(928) Pause Young (Allocation Failure)
[3936.723s][info][gc,heap        ] GC(928) PSYoungGen: 2603700K(2617856K)->159529K(2621952K) Eden: 2443776K(2443776K)->0K(2447872K) From: 159924K(174080K)->159529K(174080K)
[3936.723s][info][gc,heap        ] GC(928) ParOldGen: 3281408K(3281920K)->3385960K(3386368K)
[3936.723s][info][gc,metaspace   ] GC(928) Metaspace: 29090K(29376K)->29090K(29376K) NonClass: 25987K(26112K)->25987K(26112K) Class: 3102K(3264K)->3102K(3264K)
[3936.723s][info][gc             ] GC(928) Pause Young (Allocation Failure) 5747M->3462M(5867M) 100.263ms
[3936.723s][info][gc,cpu         ] GC(928) User=0.56s Sys=0.03s Real=0.10s
...[3939.263s][info][gc,start       ] GC(929) Pause Young (Allocation Failure)
[3939.359s][info][gc,heap        ] GC(929) PSYoungGen: 2607401K(2621952K)->147744K(2595840K) Eden: 2447872K(2447872K)->0K(2447872K) From: 159529K(174080K)->147744K(147968K)
[3939.359s][info][gc,heap        ] GC(929) ParOldGen: 3385960K(3386368K)->3490384K(3490816K)
[3939.359s][info][gc,metaspace   ] GC(929) Metaspace: 29090K(29376K)->29090K(29376K) NonClass: 25987K(26112K)->25987K(26112K) Class: 3102K(3264K)->3102K(3264K)
[3939.359s][info][gc             ] GC(929) Pause Young (Allocation Failure) 5852M->3552M(5944M) 95.871ms
[3939.359s][info][gc,cpu         ] GC(929) User=0.54s Sys=0.02s Real=0.10s
...[3942.020s][info][gc,start       ] GC(930) Pause Young (Allocation Failure)
[3942.121s][info][gc,heap        ] GC(930) PSYoungGen: 2595616K(2595840K)->163284K(2620416K) Eden: 2447872K(2447872K)->0K(2446848K) From: 147744K(147968K)->163284K(173568K)
[3942.121s][info][gc,heap        ] GC(930) ParOldGen: 3490384K(3490816K)->3593344K(3593728K)
[3942.121s][info][gc,metaspace   ] GC(930) Metaspace: 29090K(29376K)->29090K(29376K) NonClass: 25987K(26112K)->25987K(26112K) Class: 3102K(3264K)->3102K(3264K)
[3942.121s][info][gc             ] GC(930) Pause Young (Allocation Failure) 5943M->3668M(6068M) 100.651ms
[3942.121s][info][gc,cpu         ] GC(930) User=0.56s Sys=0.03s Real=0.10s
..[3944.684s][info][gc,start       ] GC(931) Pause Young (Allocation Failure)
[3944.781s][info][gc,heap        ] GC(931) PSYoungGen: 2610132K(2620416K)->152160K(2621440K) Eden: 2446848K(2446848K)->0K(2446848K) From: 163284K(173568K)->152160K(174592K)
[3944.781s][info][gc,heap        ] GC(931) ParOldGen: 3593344K(3593728K)->3699040K(3699200K)
[3944.781s][info][gc,metaspace   ] GC(931) Metaspace: 29090K(29376K)->29090K(29376K) NonClass: 25987K(26112K)->25987K(26112K) Class: 3102K(3264K)->3102K(3264K)
[3944.781s][info][gc             ] GC(931) Pause Young (Allocation Failure) 6058M->3760M(6172M) 97.215ms
[3944.781s][info][gc,cpu         ] GC(931) User=0.54s Sys=0.04s Real=0.10s
...[3947.328s][info][gc,start       ] GC(932) Pause Young (Allocation Failure)
[3947.430s][info][gc,heap        ] GC(932) PSYoungGen: 2599008K(2621440K)->158020K(2619392K) Eden: 2446848K(2446848K)->0K(2447872K) From: 152160K(174592K)->158020K(171520K)
[3947.430s][info][gc,heap        ] GC(932) ParOldGen: 3699040K(3699200K)->3802952K(3803136K)
[3947.430s][info][gc,metaspace   ] GC(932) Metaspace: 29090K(29376K)->29090K(29376K) NonClass: 25987K(26112K)->25987K(26112K) Class: 3102K(3264K)->3102K(3264K)
[3947.430s][info][gc             ] GC(932) Pause Young (Allocation Failure) 6150M->3868M(6272M) 101.298ms
[3947.430s][info][gc,cpu         ] GC(932) User=0.56s Sys=0.03s Real=0.10s
...[3950.043s][info][gc,start       ] GC(933) Pause Young (Allocation Failure)
[3950.142s][info][gc,heap        ] GC(933) PSYoungGen: 2605892K(2619392K)->156128K(2620416K) Eden: 2447872K(2447872K)->0K(2447872K) From: 158020K(171520K)->156128K(172544K)
[3950.142s][info][gc,heap        ] GC(933) ParOldGen: 3802952K(3803136K)->3906272K(3906560K)
[3950.142s][info][gc,metaspace   ] GC(933) Metaspace: 29090K(29376K)->29090K(29376K) NonClass: 25987K(26112K)->25987K(26112K) Class: 3102K(3264K)->3102K(3264K)
[3950.142s][info][gc             ] GC(933) Pause Young (Allocation Failure) 6258M->3967M(6374M) 99.304ms
[3950.142s][info][gc,cpu         ] GC(933) User=0.56s Sys=0.03s Real=0.10s
..[3952.739s][info][gc,start       ] GC(934) Pause Young (Allocation Failure)
[3952.838s][info][gc,heap        ] GC(934) PSYoungGen: 2604000K(2620416K)->151360K(2622976K) Eden: 2447872K(2447872K)->0K(2452480K) From: 156128K(172544K)->151360K(170496K)
[3952.838s][info][gc,heap        ] GC(934) ParOldGen: 3906272K(3906560K)->4010608K(4011008K)
[3952.838s][info][gc,metaspace   ] GC(934) Metaspace: 29090K(29376K)->29090K(29376K) NonClass: 25987K(26112K)->25987K(26112K) Class: 3102K(3264K)->3102K(3264K)
[3952.838s][info][gc             ] GC(934) Pause Young (Allocation Failure) 6357M->4064M(6478M) 99.310ms
[3952.838s][info][gc,cpu         ] GC(934) User=0.55s Sys=0.04s Real=0.10s
...[3955.419s][info][gc,start       ] GC(935) Pause Young (Allocation Failure)
[3955.517s][info][gc,heap        ] GC(935) PSYoungGen: 2603840K(2622976K)->150752K(2622976K) Eden: 2452480K(2452480K)->0K(2452480K) From: 151360K(170496K)->150752K(170496K)
[3955.517s][info][gc,heap        ] GC(935) ParOldGen: 4010608K(4011008K)->4116032K(4116480K)
[3955.517s][info][gc,metaspace   ] GC(935) Metaspace: 29090K(29376K)->29090K(29376K) NonClass: 25987K(26112K)->25987K(26112K) Class: 3102K(3264K)->3102K(3264K)
[3955.517s][info][gc             ] GC(935) Pause Young (Allocation Failure) 6459M->4166M(6581M) 97.782ms
[3955.517s][info][gc,cpu         ] GC(935) User=0.54s Sys=0.03s Real=0.10s
...[3958.134s][info][gc,start       ] GC(936) Pause Young (Allocation Failure)
[3958.234s][info][gc,heap        ] GC(936) PSYoungGen: 2603232K(2622976K)->160640K(2623488K) Eden: 2452480K(2452480K)->0K(2454016K) From: 150752K(170496K)->160640K(169472K)
[3958.234s][info][gc,heap        ] GC(936) ParOldGen: 4116032K(4116480K)->4218480K(4218880K)
[3958.234s][info][gc,metaspace   ] GC(936) Metaspace: 29090K(29376K)->29090K(29376K) NonClass: 25987K(26112K)->25987K(26112K) Class: 3102K(3264K)->3102K(3264K)
[3958.234s][info][gc             ] GC(936) Pause Young (Allocation Failure) 6561M->4276M(6682M) 99.422ms
[3958.234s][info][gc,cpu         ] GC(936) User=0.56s Sys=0.03s Real=0.09s
.[3959.458s][info][gc,start       ] GC(937) Pause Full (Diagnostic Command)
[3959.458s][info][gc,phases,start] GC(937) Marking Phase
[3959.769s][info][gc,phases      ] GC(937) Marking Phase 311.859ms
[3959.769s][info][gc,phases,start] GC(937) Summary Phase
[3959.770s][info][gc,phases      ] GC(937) Summary Phase 0.072ms
[3959.770s][info][gc,phases,start] GC(937) Forward
[3959.950s][info][gc,phases      ] GC(937) Forward 180.238ms
[3959.950s][info][gc,phases,start] GC(937) Adjust Pointers
[3960.172s][info][gc,phases      ] GC(937) Adjust Pointers 221.851ms
[3960.172s][info][gc,phases,start] GC(937) Compaction Phase
[3960.358s][info][gc,phases      ] GC(937) Compaction Phase 186.233ms
[3960.361s][info][gc,phases,start] GC(937) Post Compact
[3960.365s][info][gc,phases      ] GC(937) Post Compact 4.808ms
[3960.365s][info][gc,heap        ] GC(937) PSYoungGen: 1382946K(2623488K)->0K(2623488K) Eden: 1222306K(2454016K)->0K(2454016K) From: 160640K(169472K)->0K(169472K)
[3960.365s][info][gc,heap        ] GC(937) ParOldGen: 4218480K(4218880K)->1344927K(4218880K)
[3960.366s][info][gc,metaspace   ] GC(937) Metaspace: 29090K(29376K)->29090K(29376K) NonClass: 25987K(26112K)->25987K(26112K) Class: 3102K(3264K)->3102K(3264K)
[3960.366s][info][gc             ] GC(937) Pause Full (Diagnostic Command) 5470M->1313M(6682M) 907.981ms
[3960.366s][info][gc,cpu         ] GC(937) User=4.79s Sys=0.00s Real=0.91s
..[3962.116s][info][gc,start       ] GC(938) Pause Young (Allocation Failure)
[3962.182s][info][gc,heap        ] GC(938) PSYoungGen: 2454016K(2623488K)->160452K(2624512K) Eden: 2454016K(2454016K)->0K(2454016K) From: 0K(169472K)->160452K(170496K)
[3962.182s][info][gc,heap        ] GC(938) ParOldGen: 1344927K(4218880K)->1344927K(4218880K)
[3962.182s][info][gc,metaspace   ] GC(938) Metaspace: 29090K(29376K)->29090K(29376K) NonClass: 25987K(26112K)->25987K(26112K) Class: 3102K(3264K)->3102K(3264K)
[3962.182s][info][gc             ] GC(938) Pause Young (Allocation Failure) 3709M->1470M(6683M) 66.523ms
[3962.182s][info][gc,cpu         ] GC(938) User=0.39s Sys=0.00s Real=0.06s
.. (rIR:aIR:PR = 6365:6367:6367) (tPR = 94367) [OK] 
  3963s: Performance info:
         Transaction,    Success,    Partial,     Failed,   Receipts, AvgBarcode, 
             Overall,     386059,          0,          0,     366743,      59.47, 
         Response times:
             Request,    Success,    Partial,     Failed,   SkipFail,     Probes,    Samples,      min,      p50,      p90,      p95,      p99,      max, 
       TotalPurchase,     366758,          0,          0,          0,     355447,     415003,      300,     4900,    10300,    28000,    84000,   980000,
     InStorePurchase,     193004,          0,          0,          0,     187335,     218341,      300,     4800,    10200,    27000,    84000,   980000,
      OnlinePurchase,     135156,          0,          0,          0,     131010,     153179,      300,     4900,    10300,    28000,    61000,   162000,
        InstPurchase,      38598,          0,          0,          0,      37102,      43483,      400,     5100,    10300,    28000,    63000,   158000,
          AssocOfCat,        383,          0,          0,          0,        311,        449,    18800,    34000,    52000,    76000,   135000,   158000,
      AssocOfProduct,       3858,          0,          0,          0,       3542,       4405,      500,     3800,     7800,    23000,    59000,   107000,
      BusinessReport,        965,          0,          0,          0,        848,       1087,    27000,    39000,    59000,    80600,   221000,  1100000,
          CustBuyBeh,       3862,          0,          0,          0,       3541,       4344,      100,     3900,     8950,    24750,    52000,   112000,
       ProductReturn,      10235,          0,          0,          0,       9684,      11622,      200,     3500,     9200,    20000,    52000,   158000,

  3963s: (47%)   IR =   6503 .[3964.735s][info][gc,start       ] GC(939) Pause Young (Allocation Failure)
[3964.827s][info][gc,heap        ] GC(939) PSYoungGen: 2614468K(2624512K)->150016K(2625024K) Eden: 2454016K(2454016K)->0K(2454528K) From: 160452K(170496K)->150016K(170496K)
[3964.827s][info][gc,heap        ] GC(939) ParOldGen: 1344927K(4218880K)->1452172K(4218880K)
[3964.827s][info][gc,metaspace   ] GC(939) Metaspace: 29090K(29376K)->29090K(29376K) NonClass: 25987K(26112K)->25987K(26112K) Class: 3102K(3264K)->3102K(3264K)
[3964.827s][info][gc             ] GC(939) Pause Young (Allocation Failure) 3866M->1564M(6683M) 91.849ms
[3964.827s][info][gc,cpu         ] GC(939) User=0.55s Sys=0.00s Real=0.09s
..[3967.359s][info][gc,start       ] GC(940) Pause Young (Allocation Failure)
[3967.449s][info][gc,heap        ] GC(940) PSYoungGen: 2604544K(2625024K)->149088K(2625024K) Eden: 2454528K(2454528K)->0K(2454528K) From: 150016K(170496K)->149088K(170496K)
[3967.449s][info][gc,heap        ] GC(940) ParOldGen: 1452172K(4218880K)->1555340K(4218880K)
[3967.449s][info][gc,metaspace   ] GC(940) Metaspace: 29090K(29376K)->29090K(29376K) NonClass: 25987K(26112K)->25987K(26112K) Class: 3102K(3264K)->3102K(3264K)
[3967.449s][info][gc             ] GC(940) Pause Young (Allocation Failure) 3961M->1664M(6683M) 89.771ms
[3967.449s][info][gc,cpu         ] GC(940) User=0.53s Sys=0.01s Real=0.09s
...[3970.036s][info][gc,start       ] GC(941) Pause Young (Allocation Failure)
[3970.131s][info][gc,heap        ] GC(941) PSYoungGen: 2603616K(2625024K)->158784K(2625024K) Eden: 2454528K(2454528K)->0K(2455040K) From: 149088K(170496K)->158784K(169984K)
[3970.131s][info][gc,heap        ] GC(941) ParOldGen: 1555340K(4218880K)->1659868K(4218880K)
[3970.131s][info][gc,metaspace   ] GC(941) Metaspace: 29090K(29376K)->29090K(29376K) NonClass: 25987K(26112K)->25987K(26112K) Class: 3102K(3264K)->3102K(3264K)
[3970.131s][info][gc             ] GC(941) Pause Young (Allocation Failure) 4061M->1776M(6683M) 94.744ms
[3970.131s][info][gc,cpu         ] GC(941) User=0.56s Sys=0.00s Real=0.09s
.|..[3972.621s][info][gc,start       ] GC(942) Pause Young (Allocation Failure)
[3972.714s][info][gc,heap        ] GC(942) PSYoungGen: 2613824K(2625024K)->151744K(2625024K) Eden: 2455040K(2455040K)->0K(2455040K) From: 158784K(169984K)->151744K(169984K)
[3972.714s][info][gc,heap        ] GC(942) ParOldGen: 1659868K(4218880K)->1767276K(4218880K)
[3972.714s][info][gc,metaspace   ] GC(942) Metaspace: 29090K(29376K)->29090K(29376K) NonClass: 25987K(26112K)->25987K(26112K) Class: 3102K(3264K)->3102K(3264K)
[3972.714s][info][gc             ] GC(942) Pause Young (Allocation Failure) 4173M->1874M(6683M) 92.809ms
[3972.714s][info][gc,cpu         ] GC(942) User=0.54s Sys=0.00s Real=0.09s
..[3975.182s][info][gc,start       ] GC(943) Pause Young (Allocation Failure)
[3975.274s][info][gc,heap        ] GC(943) PSYoungGen: 2606784K(2625024K)->150992K(2625536K) Eden: 2455040K(2455040K)->0K(2456576K) From: 151744K(169984K)->150992K(168960K)
[3975.274s][info][gc,heap        ] GC(943) ParOldGen: 1767276K(4218880K)->1871668K(4218880K)
[3975.274s][info][gc,metaspace   ] GC(943) Metaspace: 29090K(29376K)->29090K(29376K) NonClass: 25987K(26112K)->25987K(26112K) Class: 3102K(3264K)->3102K(3264K)
[3975.274s][info][gc             ] GC(943) Pause Young (Allocation Failure) 4271M->1975M(6684M) 91.861ms
[3975.274s][info][gc,cpu         ] GC(943) User=0.54s Sys=0.00s Real=0.09s
...[3977.873s][info][gc,start       ] GC(944) Pause Young (Allocation Failure)
[3977.965s][info][gc,heap        ] GC(944) PSYoungGen: 2607568K(2625536K)->155840K(2625024K) Eden: 2456576K(2456576K)->0K(2456576K) From: 150992K(168960K)->155840K(168448K)
[3977.965s][info][gc,heap        ] GC(944) ParOldGen: 1871668K(4218880K)->1973348K(4218880K)
[3977.965s][info][gc,metaspace   ] GC(944) Metaspace: 29090K(29376K)->29090K(29376K) NonClass: 25987K(26112K)->25987K(26112K) Class: 3102K(3264K)->3102K(3264K)
[3977.965s][info][gc             ] GC(944) Pause Young (Allocation Failure) 4374M->2079M(6683M) 92.538ms
[3977.965s][info][gc,cpu         ] GC(944) User=0.55s Sys=0.00s Real=0.10s
...[3980.526s][info][gc,start       ] GC(945) Pause Young (Allocation Failure)
[3980.618s][info][gc,heap        ] GC(945) PSYoungGen: 2612416K(2625024K)->148288K(2626048K) Eden: 2456576K(2456576K)->0K(2458624K) From: 155840K(168448K)->148288K(167424K)
[3980.618s][info][gc,heap        ] GC(945) ParOldGen: 1973348K(4218880K)->2080388K(4218880K)
[3980.618s][info][gc,metaspace   ] GC(945) Metaspace: 29090K(29376K)->29090K(29376K) NonClass: 25987K(26112K)->25987K(26112K) Class: 3102K(3264K)->3102K(3264K)
[3980.618s][info][gc             ] GC(945) Pause Young (Allocation Failure) 4478M->2176M(6684M) 92.104ms
[3980.618s][info][gc,cpu         ] GC(945) User=0.54s Sys=0.00s Real=0.09s
..[3983.164s][info][gc,start       ] GC(946) Pause Young (Allocation Failure)
[3983.256s][info][gc,heap        ] GC(946) PSYoungGen: 2606912K(2626048K)->153796K(2626048K) Eden: 2458624K(2458624K)->0K(2458624K) From: 148288K(167424K)->153796K(167424K)
[3983.256s][info][gc,heap        ] GC(946) ParOldGen: 2080388K(4218880K)->2183620K(4218880K)
[3983.256s][info][gc,metaspace   ] GC(946) Metaspace: 29090K(29376K)->29090K(29376K) NonClass: 25987K(26112K)->25987K(26112K) Class: 3102K(3264K)->3102K(3264K)
[3983.256s][info][gc             ] GC(946) Pause Young (Allocation Failure) 4577M->2282M(6684M) 92.597ms
[3983.256s][info][gc,cpu         ] GC(946) User=0.54s Sys=0.00s Real=0.10s
...[3985.789s][info][gc,start       ] GC(947) Pause Young (Allocation Failure)
[3985.883s][info][gc,heap        ] GC(947) PSYoungGen: 2612420K(2626048K)->158192K(2626560K) Eden: 2458624K(2458624K)->0K(2460672K) From: 153796K(167424K)->158192K(165888K)
[3985.883s][info][gc,heap        ] GC(947) ParOldGen: 2183620K(4218880K)->2287492K(4218880K)
[3985.883s][info][gc,metaspace   ] GC(947) Metaspace: 29090K(29376K)->29090K(29376K) NonClass: 25987K(26112K)->25987K(26112K) Class: 3102K(3264K)->3102K(3264K)
[3985.883s][info][gc             ] GC(947) Pause Young (Allocation Failure) 4683M->2388M(6685M) 94.260ms
[3985.884s][info][gc,cpu         ] GC(947) User=0.55s Sys=0.00s Real=0.09s
..[3988.415s][info][gc,start       ] GC(948) Pause Young (Allocation Failure)
[3988.508s][info][gc,heap        ] GC(948) PSYoungGen: 2618864K(2626560K)->148800K(2627072K) Eden: 2460672K(2460672K)->0K(2460672K) From: 158192K(165888K)->148800K(166400K)
[3988.509s][info][gc,heap        ] GC(948) ParOldGen: 2287492K(4218880K)->2392980K(4218880K)
[3988.509s][info][gc,metaspace   ] GC(948) Metaspace: 29090K(29376K)->29090K(29376K) NonClass: 25987K(26112K)->25987K(26112K) Class: 3102K(3264K)->3102K(3264K)
[3988.509s][info][gc             ] GC(948) Pause Young (Allocation Failure) 4791M->2482M(6685M) 93.065ms
[3988.509s][info][gc,cpu         ] GC(948) User=0.55s Sys=0.00s Real=0.09s
...[3991.132s][info][gc,start       ] GC(949) Pause Young (Allocation Failure)
[3991.228s][info][gc,heap        ] GC(949) PSYoungGen: 2609472K(2627072K)->160864K(2627072K) Eden: 2460672K(2460672K)->0K(2461184K) From: 148800K(166400K)->160864K(165888K)
[3991.228s][info][gc,heap        ] GC(949) ParOldGen: 2392980K(4218880K)->2497068K(4218880K)
[3991.228s][info][gc,metaspace   ] GC(949) Metaspace: 29090K(29376K)->29090K(29376K) NonClass: 25987K(26112K)->25987K(26112K) Class: 3102K(3264K)->3102K(3264K)
[3991.228s][info][gc             ] GC(949) Pause Young (Allocation Failure) 4885M->2595M(6685M) 96.341ms
[3991.228s][info][gc,cpu         ] GC(949) User=0.57s Sys=0.00s Real=0.10s
...[3993.655s][info][gc,start       ] GC(950) Pause Young (Allocation Failure)
[3993.755s][info][gc,heap        ] GC(950) PSYoungGen: 2622048K(2627072K)->159848K(2621440K) Eden: 2461184K(2461184K)->0K(2461184K) From: 160864K(165888K)->159848K(160256K)
[3993.755s][info][gc,heap        ] GC(950) ParOldGen: 2497068K(4218880K)->2605900K(4218880K)
[3993.755s][info][gc,metaspace   ] GC(950) Metaspace: 29090K(29376K)->29090K(29376K) NonClass: 25987K(26112K)->25987K(26112K) Class: 3102K(3264K)->3102K(3264K)
[3993.755s][info][gc             ] GC(950) Pause Young (Allocation Failure) 4999M->2700M(6680M) 99.667ms
[3993.755s][info][gc,cpu         ] GC(950) User=0.59s Sys=0.00s Real=0.10s
..[3996.406s][info][gc,start       ] GC(951) Pause Young (Allocation Failure)
[3996.499s][info][gc,heap        ] GC(951) PSYoungGen: 2621032K(2621440K)->156064K(2628608K) Eden: 2461184K(2461184K)->0K(2460160K) From: 159848K(160256K)->156064K(168448K)
[3996.499s][info][gc,heap        ] GC(951) ParOldGen: 2605900K(4218880K)->2705796K(4218880K)
[3996.499s][info][gc,metaspace   ] GC(951) Metaspace: 29090K(29376K)->29090K(29376K) NonClass: 25987K(26112K)->25987K(26112K) Class: 3102K(3264K)->3102K(3264K)
[3996.499s][info][gc             ] GC(951) Pause Young (Allocation Failure) 5104M->2794M(6687M) 93.135ms
[3996.499s][info][gc,cpu         ] GC(951) User=0.55s Sys=0.00s Real=0.09s
...[3998.967s][info][gc,start       ] GC(952) Pause Young (Allocation Failure)
[3999.062s][info][gc,heap        ] GC(952) PSYoungGen: 2616224K(2628608K)->154624K(2615296K) Eden: 2460160K(2460160K)->0K(2460160K) From: 156064K(168448K)->154624K(155136K)
[3999.062s][info][gc,heap        ] GC(952) ParOldGen: 2705796K(4218880K)->2814500K(4218880K)
[3999.062s][info][gc,metaspace   ] GC(952) Metaspace: 29090K(29376K)->29090K(29376K) NonClass: 25987K(26112K)->25987K(26112K) Class: 3102K(3264K)->3102K(3264K)
[3999.062s][info][gc             ] GC(952) Pause Young (Allocation Failure) 5197M->2899M(6674M) 95.021ms
[3999.062s][info][gc,cpu         ] GC(952) User=0.56s Sys=0.00s Real=0.09s
...[4001.658s][info][gc,start       ] GC(953) Pause Young (Allocation Failure)
[4001.756s][info][gc,heap        ] GC(953) PSYoungGen: 2614784K(2615296K)->163816K(2624512K) Eden: 2460160K(2460160K)->0K(2458112K) From: 154624K(155136K)->163816K(166400K)
[4001.756s][info][gc,heap        ] GC(953) ParOldGen: 2814500K(4218880K)->2916748K(4218880K)
[4001.756s][info][gc,metaspace   ] GC(953) Metaspace: 29090K(29376K)->29090K(29376K) NonClass: 25987K(26112K)->25987K(26112K) Class: 3102K(3264K)->3102K(3264K)
[4001.756s][info][gc             ] GC(953) Pause Young (Allocation Failure) 5302M->3008M(6683M) 98.058ms
[4001.756s][info][gc,cpu         ] GC(953) User=0.58s Sys=0.00s Real=0.10s
..[4004.224s][info][gc,start       ] GC(954) Pause Young (Allocation Failure)
[4004.316s][info][gc,heap        ] GC(954) PSYoungGen: 2621928K(2624512K)->146496K(2626560K) Eden: 2458112K(2458112K)->0K(2458112K) From: 163816K(166400K)->146496K(168448K)
[4004.316s][info][gc,heap        ] GC(954) ParOldGen: 2916748K(4218880K)->3022388K(4218880K)
[4004.316s][info][gc,metaspace   ] GC(954) Metaspace: 29090K(29376K)->29090K(29376K) NonClass: 25987K(26112K)->25987K(26112K) Class: 3102K(3264K)->3102K(3264K)
[4004.316s][info][gc             ] GC(954) Pause Young (Allocation Failure) 5408M->3094M(6685M) 92.017ms
[4004.316s][info][gc,cpu         ] GC(954) User=0.55s Sys=0.01s Real=0.10s
...[4006.913s][info][gc,start       ] GC(955) Pause Young (Allocation Failure)
[4007.008s][info][gc,heap        ] GC(955) PSYoungGen: 2604608K(2626560K)->156448K(2626048K) Eden: 2458112K(2458112K)->0K(2458624K) From: 146496K(168448K)->156448K(167424K)
[4007.008s][info][gc,heap        ] GC(955) ParOldGen: 3022388K(4218880K)->3126372K(4218880K)
[4007.008s][info][gc,metaspace   ] GC(955) Metaspace: 29090K(29376K)->29090K(29376K) NonClass: 25987K(26112K)->25987K(26112K) Class: 3102K(3264K)->3102K(3264K)
[4007.008s][info][gc             ] GC(955) Pause Young (Allocation Failure) 5495M->3205M(6684M) 94.627ms
[4007.008s][info][gc,cpu         ] GC(955) User=0.56s Sys=0.00s Real=0.10s
..[4009.575s][info][gc,start       ] GC(956) Pause Young (Allocation Failure)
[4009.670s][info][gc,heap        ] GC(956) PSYoungGen: 2615072K(2626048K)->156544K(2626560K) Eden: 2458624K(2458624K)->0K(2458624K) From: 156448K(167424K)->156544K(167936K)
[4009.670s][info][gc,heap        ] GC(956) ParOldGen: 3126372K(4218880K)->3232300K(4218880K)
[4009.670s][info][gc,metaspace   ] GC(956) Metaspace: 29090K(29376K)->29090K(29376K) NonClass: 25987K(26112K)->25987K(26112K) Class: 3102K(3264K)->3102K(3264K)
[4009.670s][info][gc             ] GC(956) Pause Young (Allocation Failure) 5606M->3309M(6685M) 94.604ms
[4009.670s][info][gc,cpu         ] GC(956) User=0.56s Sys=0.00s Real=0.09s
...[4012.187s][info][gc,start       ] GC(957) Pause Young (Allocation Failure)
[4012.282s][info][gc,heap        ] GC(957) PSYoungGen: 2615168K(2626560K)->153312K(2626048K) Eden: 2458624K(2458624K)->0K(2460672K) From: 156544K(167936K)->153312K(165376K)
[4012.282s][info][gc,heap        ] GC(957) ParOldGen: 3232300K(4218880K)->3337612K(4218880K)
[4012.282s][info][gc,metaspace   ] GC(957) Metaspace: 29090K(29376K)->29090K(29376K) NonClass: 25987K(26112K)->25987K(26112K) Class: 3102K(3264K)->3102K(3264K)
[4012.282s][info][gc             ] GC(957) Pause Young (Allocation Failure) 5710M->3409M(6684M) 94.254ms
[4012.282s][info][gc,cpu         ] GC(957) User=0.56s Sys=0.00s Real=0.09s
...[4014.859s][info][gc,start       ] GC(958) Pause Young (Allocation Failure)
[4014.953s][info][gc,heap        ] GC(958) PSYoungGen: 2613984K(2626048K)->154336K(2627072K) Eden: 2460672K(2460672K)->0K(2460672K) From: 153312K(165376K)->154336K(166400K)
[4014.953s][info][gc,heap        ] GC(958) ParOldGen: 3337612K(4218880K)->3442156K(4218880K)
[4014.953s][info][gc,metaspace   ] GC(958) Metaspace: 29090K(29376K)->29090K(29376K) NonClass: 25987K(26112K)->25987K(26112K) Class: 3102K(3264K)->3102K(3264K)
[4014.953s][info][gc             ] GC(958) Pause Young (Allocation Failure) 5812M->3512M(6685M) 94.429ms
[4014.953s][info][gc,cpu         ] GC(958) User=0.55s Sys=0.00s Real=0.09s
..[4017.454s][info][gc,start       ] GC(959) Pause Young (Allocation Failure)
[4017.550s][info][gc,heap        ] GC(959) PSYoungGen: 2615008K(2627072K)->155572K(2627584K) Eden: 2460672K(2460672K)->0K(2464256K) From: 154336K(166400K)->155572K(163328K)
[4017.550s][info][gc,heap        ] GC(959) ParOldGen: 3442156K(4218880K)->3548436K(4218880K)
[4017.550s][info][gc,metaspace   ] GC(959) Metaspace: 29090K(29376K)->29090K(29376K) NonClass: 25987K(26112K)->25987K(26112K) Class: 3102K(3264K)->3102K(3264K)
[4017.550s][info][gc             ] GC(959) Pause Young (Allocation Failure) 5915M->3617M(6686M) 95.878ms
[4017.550s][info][gc,cpu         ] GC(959) User=0.56s Sys=0.00s Real=0.10s
...[4020.112s][info][gc,start       ] GC(960) Pause Young (Allocation Failure)
[4020.207s][info][gc,heap        ] GC(960) PSYoungGen: 2619828K(2627584K)->155776K(2628608K) Eden: 2464256K(2464256K)->0K(2464256K) From: 155572K(163328K)->155776K(164352K)
[4020.207s][info][gc,heap        ] GC(960) ParOldGen: 3548436K(4218880K)->3651908K(4218880K)
[4020.207s][info][gc,metaspace   ] GC(960) Metaspace: 29090K(29376K)->29090K(29376K) NonClass: 25987K(26112K)->25987K(26112K) Class: 3102K(3264K)->3102K(3264K)
[4020.207s][info][gc             ] GC(960) Pause Young (Allocation Failure) 6023M->3718M(6687M) 95.142ms
[4020.207s][info][gc,cpu         ] GC(960) User=0.55s Sys=0.00s Real=0.10s
...[4022.725s][info][gc,start       ] GC(961) Pause Young (Allocation Failure)
[4022.823s][info][gc,heap        ] GC(961) PSYoungGen: 2620032K(2628608K)->160773K(2629120K) Eden: 2464256K(2464256K)->0K(2465280K) From: 155776K(164352K)->160773K(163840K)
[4022.823s][info][gc,heap        ] GC(961) ParOldGen: 3651908K(4218880K)->3756276K(4218880K)
[4022.823s][info][gc,metaspace   ] GC(961) Metaspace: 29090K(29376K)->29090K(29376K) NonClass: 25987K(26112K)->25987K(26112K) Class: 3102K(3264K)->3102K(3264K)
[4022.823s][info][gc             ] GC(961) Pause Young (Allocation Failure) 6124M->3825M(6687M) 98.010ms
[4022.823s][info][gc,cpu         ] GC(961) User=0.58s Sys=0.00s Real=0.09s
..[4025.365s][info][gc,start       ] GC(962) Pause Young (Allocation Failure)
[4025.458s][info][gc,heap        ] GC(962) PSYoungGen: 2626053K(2629120K)->148704K(2630656K) Eden: 2465280K(2465280K)->0K(2465280K) From: 160773K(163840K)->148704K(165376K)
[4025.458s][info][gc,heap        ] GC(962) ParOldGen: 3756276K(4218880K)->3860884K(4218880K)
[4025.458s][info][gc,metaspace   ] GC(962) Metaspace: 29090K(29376K)->29090K(29376K) NonClass: 25987K(26112K)->25987K(26112K) Class: 3102K(3264K)->3102K(3264K)
[4025.458s][info][gc             ] GC(962) Pause Young (Allocation Failure) 6232M->3915M(6689M) 93.017ms
[4025.458s][info][gc,cpu         ] GC(962) User=0.55s Sys=0.00s Real=0.09s
...[4028.019s][info][gc,start       ] GC(963) Pause Young (Allocation Failure)
[4028.121s][info][gc,heap        ] GC(963) PSYoungGen: 2613984K(2630656K)->165369K(2544640K) Eden: 2465280K(2465280K)->0K(2379264K) From: 148704K(165376K)->165369K(165376K)
[4028.121s][info][gc,heap        ] GC(963) ParOldGen: 3860884K(4218880K)->3969220K(4218880K)
[4028.121s][info][gc,metaspace   ] GC(963) Metaspace: 29090K(29376K)->29090K(29376K) NonClass: 25987K(26112K)->25987K(26112K) Class: 3102K(3264K)->3102K(3264K)
[4028.121s][info][gc             ] GC(963) Pause Young (Allocation Failure) 6323M->4037M(6605M) 102.157ms
[4028.121s][info][gc,cpu         ] GC(963) User=0.60s Sys=0.00s Real=0.10s
..[4030.608s][info][gc,start       ] GC(964) Pause Young (Allocation Failure)
[4030.701s][info][gc,heap        ] GC(964) PSYoungGen: 2544633K(2544640K)->152784K(2587648K) Eden: 2379264K(2379264K)->0K(2379264K) From: 165369K(165376K)->152784K(208384K)
[4030.701s][info][gc,heap        ] GC(964) ParOldGen: 3969220K(4218880K)->4072892K(4218880K)
[4030.701s][info][gc,metaspace   ] GC(964) Metaspace: 29090K(29376K)->29090K(29376K) NonClass: 25987K(26112K)->25987K(26112K) Class: 3102K(3264K)->3102K(3264K)
[4030.701s][info][gc             ] GC(964) Pause Young (Allocation Failure) 6361M->4126M(6647M) 93.492ms
[4030.701s][info][gc,cpu         ] GC(964) User=0.55s Sys=0.00s Real=0.09s
. (rIR:aIR:PR = 6503:6494:6494) (tPR = 96637) [OK] 
  4030s: Performance info:
         Transaction,    Success,    Partial,     Failed,   Receipts, AvgBarcode, 
             Overall,     390936,          0,          0,     371360,      59.48, 
         Response times:
             Request,    Success,    Partial,     Failed,   SkipFail,     Probes,    Samples,      min,      p50,      p90,      p95,      p99,      max, 
       TotalPurchase,     371401,          0,          0,          0,     361872,     404925,      300,     4800,     9400,    17400,    50000,   143000,
     InStorePurchase,     195502,          0,          0,          0,     190384,     212665,      300,     4900,     9500,    17800,    50000,   134000,
      OnlinePurchase,     136786,          0,          0,          0,     133489,     149364,      300,     4600,     9400,    16900,    49000,   143000,
        InstPurchase,      39113,          0,          0,          0,      37999,      42896,      300,     4800,     9400,    17515,    49000,   133000,
          AssocOfCat,        390,          0,          0,          0,        316,        432,    19500,    34000,    48000,    62350,   136690,   156000,
      AssocOfProduct,       3905,          0,          0,          0,       3705,       4354,      300,     4500,     9500,    17325,    51450,   125000,
      BusinessReport,        979,          0,          0,          0,        867,       1088,    25000,    39000,    57000,    73550,   144110,   175000,
          CustBuyBeh,       3906,          0,          0,          0,       3676,       4352,      100,     1900,     7500,    10635,    38000,   104000,
       ProductReturn,      10367,          0,          0,          0,       9886,      11325,      200,     5200,     9600,    17170,    45000,   124000,

  4030s: (48%)   IR =   6642 ..[4033.181s][info][gc,start       ] GC(965) Pause Young (Allocation Failure)
[4033.273s][info][gc,heap        ] GC(965) PSYoungGen: 2532048K(2587648K)->145504K(2584064K) Eden: 2379264K(2379264K)->0K(2380800K) From: 152784K(208384K)->145504K(203264K)
[4033.273s][info][gc,heap        ] GC(965) ParOldGen: 4072892K(4218880K)->4175900K(4218880K)
[4033.273s][info][gc,metaspace   ] GC(965) Metaspace: 29090K(29376K)->29090K(29376K) NonClass: 25987K(26112K)->25987K(26112K) Class: 3102K(3264K)->3102K(3264K)
[4033.273s][info][gc             ] GC(965) Pause Young (Allocation Failure) 6450M->4220M(6643M) 91.633ms
[4033.273s][info][gc,cpu         ] GC(965) User=0.54s Sys=0.00s Real=0.09s
..[4035.674s][info][gc,start       ] GC(966) Pause Young (Allocation Failure)
[4035.774s][info][gc,heap        ] GC(966) PSYoungGen: 2526304K(2584064K)->154208K(2586624K) Eden: 2380800K(2380800K)->0K(2380800K) From: 145504K(203264K)->154208K(205824K)
[4035.774s][info][gc,heap        ] GC(966) ParOldGen: 4175900K(4218880K)->4281156K(4281344K)
[4035.774s][info][gc,metaspace   ] GC(966) Metaspace: 29090K(29376K)->29090K(29376K) NonClass: 25987K(26112K)->25987K(26112K) Class: 3102K(3264K)->3102K(3264K)
[4035.774s][info][gc             ] GC(966) Pause Young (Allocation Failure) 6545M->4331M(6707M) 100.477ms
[4035.774s][info][gc,cpu         ] GC(966) User=0.57s Sys=0.02s Real=0.11s
...[4038.186s][info][gc,start       ] GC(967) Pause Young (Allocation Failure)
[4038.279s][info][gc,heap        ] GC(967) PSYoungGen: 2535008K(2586624K)->142880K(2589184K) Eden: 2380800K(2380800K)->0K(2386944K) From: 154208K(205824K)->142880K(202240K)
[4038.279s][info][gc,heap        ] GC(967) ParOldGen: 4281156K(4281344K)->4383980K(4384256K)
[4038.279s][info][gc,metaspace   ] GC(967) Metaspace: 29090K(29376K)->29090K(29376K) NonClass: 25987K(26112K)->25987K(26112K) Class: 3102K(3264K)->3102K(3264K)
[4038.279s][info][gc             ] GC(967) Pause Young (Allocation Failure) 6656M->4420M(6810M) 93.576ms
[4038.279s][info][gc,cpu         ] GC(967) User=0.52s Sys=0.04s Real=0.09s
.|.[4040.668s][info][gc,start       ] GC(968) Pause Young (Allocation Failure)
[4040.768s][info][gc,heap        ] GC(968) PSYoungGen: 2529824K(2589184K)->157285K(2589696K) Eden: 2386944K(2386944K)->0K(2386944K) From: 142880K(202240K)->157285K(202752K)
[4040.768s][info][gc,heap        ] GC(968) ParOldGen: 4383980K(4384256K)->4486212K(4486656K)
[4040.768s][info][gc,metaspace   ] GC(968) Metaspace: 29090K(29376K)->29090K(29376K) NonClass: 25987K(26112K)->25987K(26112K) Class: 3102K(3264K)->3102K(3264K)
[4040.768s][info][gc             ] GC(968) Pause Young (Allocation Failure) 6751M->4534M(6910M) 100.177ms
[4040.768s][info][gc,cpu         ] GC(968) User=0.56s Sys=0.04s Real=0.10s
...[4043.193s][info][gc,start       ] GC(969) Pause Young (Allocation Failure)
[4043.287s][info][gc,heap        ] GC(969) PSYoungGen: 2544229K(2589696K)->143040K(2591232K) Eden: 2386944K(2386944K)->0K(2392064K) From: 157285K(202752K)->143040K(199168K)
[4043.287s][info][gc,heap        ] GC(969) ParOldGen: 4486212K(4486656K)->4590212K(4590592K)
[4043.287s][info][gc,metaspace   ] GC(969) Metaspace: 29090K(29376K)->29090K(29376K) NonClass: 25987K(26112K)->25987K(26112K) Class: 3102K(3264K)->3102K(3264K)
[4043.287s][info][gc             ] GC(969) Pause Young (Allocation Failure) 6865M->4622M(7013M) 94.562ms
[4043.287s][info][gc,cpu         ] GC(969) User=0.52s Sys=0.03s Real=0.10s
..[4045.647s][info][gc,start       ] GC(970) Pause Young (Allocation Failure)
[4045.746s][info][gc,heap        ] GC(970) PSYoungGen: 2535104K(2591232K)->153572K(2590208K) Eden: 2392064K(2392064K)->0K(2392064K) From: 143040K(199168K)->153572K(198144K)
[4045.746s][info][gc,heap        ] GC(970) ParOldGen: 4590212K(4590592K)->4693628K(4694016K)
[4045.746s][info][gc,metaspace   ] GC(970) Metaspace: 29090K(29376K)->29090K(29376K) NonClass: 25987K(26112K)->25987K(26112K) Class: 3102K(3264K)->3102K(3264K)
[4045.746s][info][gc             ] GC(970) Pause Young (Allocation Failure) 6958M->4733M(7113M) 98.638ms
[4045.746s][info][gc,cpu         ] GC(970) User=0.54s Sys=0.03s Real=0.10s
...[4048.188s][info][gc,start       ] GC(971) Pause Young (Allocation Failure)
[4048.285s][info][gc,heap        ] GC(971) PSYoungGen: 2545636K(2590208K)->151220K(2595328K) Eden: 2392064K(2392064K)->0K(2401280K) From: 153572K(198144K)->151220K(194048K)
[4048.285s][info][gc,heap        ] GC(971) ParOldGen: 4693628K(4694016K)->4795164K(4795392K)
[4048.285s][info][gc,metaspace   ] GC(971) Metaspace: 29090K(29376K)->29090K(29376K) NonClass: 25987K(26112K)->25987K(26112K) Class: 3102K(3264K)->3102K(3264K)
[4048.285s][info][gc             ] GC(971) Pause Young (Allocation Failure) 7069M->4830M(7217M) 97.370ms
[4048.286s][info][gc,cpu         ] GC(971) User=0.54s Sys=0.03s Real=0.10s
..[4050.739s][info][gc,start       ] GC(972) Pause Young (Allocation Failure)
[4050.836s][info][gc,heap        ] GC(972) PSYoungGen: 2552500K(2595328K)->150592K(2593792K) Eden: 2401280K(2401280K)->0K(2401280K) From: 151220K(194048K)->150592K(192512K)
[4050.836s][info][gc,heap        ] GC(972) ParOldGen: 4795164K(4795392K)->4898860K(4899328K)
[4050.836s][info][gc,metaspace   ] GC(972) Metaspace: 29090K(29376K)->29090K(29376K) NonClass: 25987K(26112K)->25987K(26112K) Class: 3102K(3264K)->3102K(3264K)
[4050.836s][info][gc             ] GC(972) Pause Young (Allocation Failure) 7175M->4931M(7317M) 96.638ms
[4050.836s][info][gc,cpu         ] GC(972) User=0.54s Sys=0.03s Real=0.10s
...[4053.208s][info][gc,start       ] GC(973) Pause Young (Allocation Failure)
[4053.304s][info][gc,heap        ] GC(973) PSYoungGen: 2551872K(2593792K)->141920K(2599936K) Eden: 2401280K(2401280K)->0K(2409984K) From: 150592K(192512K)->141920K(189952K)
[4053.304s][info][gc,heap        ] GC(973) ParOldGen: 4898860K(4899328K)->5004084K(5004288K)
[4053.304s][info][gc,metaspace   ] GC(973) Metaspace: 29090K(29376K)->29090K(29376K) NonClass: 25987K(26112K)->25987K(26112K) Class: 3102K(3264K)->3102K(3264K)
[4053.305s][info][gc             ] GC(973) Pause Young (Allocation Failure) 7276M->5025M(7426M) 96.101ms
[4053.305s][info][gc,cpu         ] GC(973) User=0.53s Sys=0.03s Real=0.10s
..[4055.827s][info][gc,start       ] GC(974) Pause Young (Allocation Failure)
[4055.930s][info][gc,heap        ] GC(974) PSYoungGen: 2551904K(2599936K)->163128K(2599424K) Eden: 2409984K(2409984K)->0K(2409984K) From: 141920K(189952K)->163128K(189440K)
[4055.930s][info][gc,heap        ] GC(974) ParOldGen: 5004084K(5004288K)->5104676K(5105152K)
[4055.930s][info][gc,metaspace   ] GC(974) Metaspace: 29090K(29376K)->29090K(29376K) NonClass: 25987K(26112K)->25987K(26112K) Class: 3102K(3264K)->3102K(3264K)
[4055.930s][info][gc             ] GC(974) Pause Young (Allocation Failure) 7378M->5144M(7524M) 102.706ms
[4055.930s][info][gc,cpu         ] GC(974) User=0.57s Sys=0.04s Real=0.10s
...[4058.303s][info][gc,start       ] GC(975) Pause Young (Allocation Failure)
[4058.401s][info][gc,heap        ] GC(975) PSYoungGen: 2573112K(2599424K)->143296K(2605568K) Eden: 2409984K(2409984K)->0K(2417664K) From: 163128K(189440K)->143296K(187904K)
[4058.401s][info][gc,heap        ] GC(975) ParOldGen: 5104676K(5105152K)->5211932K(5212160K)
[4058.401s][info][gc,metaspace   ] GC(975) Metaspace: 29090K(29376K)->29090K(29376K) NonClass: 25987K(26112K)->25987K(26112K) Class: 3102K(3264K)->3102K(3264K)
[4058.401s][info][gc             ] GC(975) Pause Young (Allocation Failure) 7497M->5229M(7634M) 97.834ms
[4058.401s][info][gc,cpu         ] GC(975) User=0.54s Sys=0.03s Real=0.10s
..[4060.860s][info][gc,start       ] GC(976) Pause Young (Allocation Failure)
[4060.959s][info][gc,heap        ] GC(976) PSYoungGen: 2560960K(2605568K)->155712K(2573824K) Eden: 2417664K(2417664K)->0K(2417664K) From: 143296K(187904K)->155712K(156160K)
[4060.959s][info][gc,heap        ] GC(976) ParOldGen: 5211932K(5212160K)->5312508K(5312512K)
[4060.959s][info][gc,metaspace   ] GC(976) Metaspace: 29090K(29376K)->29090K(29376K) NonClass: 25987K(26112K)->25987K(26112K) Class: 3102K(3264K)->3102K(3264K)
[4060.959s][info][gc             ] GC(976) Pause Young (Allocation Failure) 7590M->5340M(7701M) 98.673ms
[4060.959s][info][gc,cpu         ] GC(976) User=0.54s Sys=0.04s Real=0.10s
...[4063.459s][info][gc,start       ] GC(977) Pause Young (Allocation Failure)
[4063.559s][info][gc,heap        ] GC(977) PSYoungGen: 2573376K(2573824K)->158068K(2606592K) Eden: 2417664K(2417664K)->0K(2421760K) From: 155712K(156160K)->158068K(184832K)
[4063.559s][info][gc,heap        ] GC(977) ParOldGen: 5312508K(5312512K)->5415788K(5415936K)
[4063.559s][info][gc,metaspace   ] GC(977) Metaspace: 29090K(29376K)->29090K(29376K) NonClass: 25987K(26112K)->25987K(26112K) Class: 3102K(3264K)->3102K(3264K)
[4063.559s][info][gc             ] GC(977) Pause Young (Allocation Failure) 7701M->5443M(7834M) 100.831ms
[4063.559s][info][gc,cpu         ] GC(977) User=0.55s Sys=0.04s Real=0.10s
..[4065.907s][info][gc,start       ] GC(978) Pause Young (Allocation Failure)
[4066.007s][info][gc,heap        ] GC(978) PSYoungGen: 2579828K(2606592K)->151456K(2605056K) Eden: 2421760K(2421760K)->0K(2421760K) From: 158068K(184832K)->151456K(183296K)
[4066.007s][info][gc,heap        ] GC(978) ParOldGen: 5415788K(5415936K)->5522852K(5522944K)
[4066.007s][info][gc,metaspace   ] GC(978) Metaspace: 29090K(29376K)->29090K(29376K) NonClass: 25987K(26112K)->25987K(26112K) Class: 3102K(3264K)->3102K(3264K)
[4066.007s][info][gc             ] GC(978) Pause Young (Allocation Failure) 7808M->5541M(7937M) 99.916ms
[4066.007s][info][gc,cpu         ] GC(978) User=0.56s Sys=0.02s Real=0.10s
...[4068.441s][info][gc,start       ] GC(979) Pause Full (Allocation Failure)
[4068.441s][info][gc,phases,start] GC(979) Marking Phase
[4068.749s][info][gc,phases      ] GC(979) Marking Phase 307.713ms
[4068.749s][info][gc,phases,start] GC(979) Summary Phase
[4068.749s][info][gc,phases      ] GC(979) Summary Phase 0.096ms
[4068.749s][info][gc,phases,start] GC(979) Forward
[4068.876s][info][gc,phases      ] GC(979) Forward 126.362ms
[4068.876s][info][gc,phases,start] GC(979) Adjust Pointers
[4069.085s][info][gc,phases      ] GC(979) Adjust Pointers 209.144ms
[4069.085s][info][gc,phases,start] GC(979) Compaction Phase
[4069.232s][info][gc,phases      ] GC(979) Compaction Phase 147.312ms
[4069.233s][info][gc,phases,start] GC(979) Post Compact
[4069.240s][info][gc,phases      ] GC(979) Post Compact 6.889ms
[4069.362s][info][gc,heap        ] GC(979) PSYoungGen: 2573216K(2605056K)->0K(2608640K) Eden: 2421760K(2421760K)->0K(2427904K) From: 151456K(183296K)->0K(180736K)
[4069.362s][info][gc,heap        ] GC(979) ParOldGen: 5522852K(5522944K)->1608021K(1876992K)
[4069.362s][info][gc,metaspace   ] GC(979) Metaspace: 29090K(29376K)->29090K(29376K) NonClass: 25987K(26112K)->25987K(26112K) Class: 3102K(3264K)->3102K(3264K)
[4069.362s][info][gc             ] GC(979) Pause Full (Allocation Failure) 7906M->1570M(4380M) 920.781ms
[4069.362s][info][gc,cpu         ] GC(979) User=4.30s Sys=0.12s Real=0.92s
..[4071.048s][info][gc,start       ] GC(980) Pause Young (Allocation Failure)
[4071.116s][info][gc,heap        ] GC(980) PSYoungGen: 2427904K(2608640K)->164868K(2608640K) Eden: 2427904K(2427904K)->0K(2427904K) From: 0K(180736K)->164868K(180736K)
[4071.116s][info][gc,heap        ] GC(980) ParOldGen: 1608021K(1876992K)->1608021K(1876992K)
[4071.116s][info][gc,metaspace   ] GC(980) Metaspace: 29090K(29376K)->29090K(29376K) NonClass: 25987K(26112K)->25987K(26112K) Class: 3102K(3264K)->3102K(3264K)
[4071.117s][info][gc             ] GC(980) Pause Young (Allocation Failure) 3941M->1731M(4380M) 68.330ms
[4071.117s][info][gc,cpu         ] GC(980) User=0.41s Sys=0.00s Real=0.07s
...[4073.615s][info][gc,start       ] GC(981) Pause Young (Allocation Failure)
[4073.707s][info][gc,heap        ] GC(981) PSYoungGen: 2592772K(2608640K)->150560K(2612736K) Eden: 2427904K(2427904K)->0K(2433024K) From: 164868K(180736K)->150560K(179712K)
[4073.707s][info][gc,heap        ] GC(981) ParOldGen: 1608021K(1876992K)->1713821K(1876992K)
[4073.707s][info][gc,metaspace   ] GC(981) Metaspace: 29090K(29376K)->29090K(29376K) NonClass: 25987K(26112K)->25987K(26112K) Class: 3102K(3264K)->3102K(3264K)
[4073.707s][info][gc             ] GC(981) Pause Young (Allocation Failure) 4102M->1820M(4384M) 91.734ms
[4073.707s][info][gc,cpu         ] GC(981) User=0.54s Sys=0.00s Real=0.09s
..[4076.102s][info][gc,start       ] GC(982) Pause Young (Allocation Failure)
[4076.197s][info][gc,heap        ] GC(982) PSYoungGen: 2583584K(2612736K)->158096K(2613248K) Eden: 2433024K(2433024K)->0K(2433024K) From: 150560K(179712K)->158096K(180224K)
[4076.197s][info][gc,heap        ] GC(982) ParOldGen: 1713821K(1876992K)->1818813K(1876992K)
[4076.197s][info][gc,metaspace   ] GC(982) Metaspace: 29090K(29376K)->29090K(29376K) NonClass: 25987K(26112K)->25987K(26112K) Class: 3102K(3264K)->3102K(3264K)
[4076.197s][info][gc             ] GC(982) Pause Young (Allocation Failure) 4196M->1930M(4385M) 94.888ms
[4076.197s][info][gc,cpu         ] GC(982) User=0.56s Sys=0.00s Real=0.10s
...[4078.696s][info][gc,start       ] GC(983) Pause Young (Allocation Failure)
[4078.792s][info][gc,heap        ] GC(983) PSYoungGen: 2590985K(2613248K)->157620K(2613760K) Eden: 2432889K(2433024K)->0K(2437120K) From: 158096K(180224K)->157620K(176640K)
[4078.792s][info][gc,heap        ] GC(983) ParOldGen: 1818813K(1876992K)->1920869K(1921024K)
[4078.792s][info][gc,metaspace   ] GC(983) Metaspace: 29090K(29376K)->29090K(29376K) NonClass: 25987K(26112K)->25987K(26112K) Class: 3102K(3264K)->3102K(3264K)
[4078.792s][info][gc             ] GC(983) Pause Young (Allocation Failure) 4306M->2029M(4428M) 96.354ms
[4078.792s][info][gc,cpu         ] GC(983) User=0.56s Sys=0.01s Real=0.09s
..[4081.218s][info][gc,start       ] GC(984) Pause Young (Allocation Failure)
[4081.314s][info][gc,heap        ] GC(984) PSYoungGen: 2594740K(2613760K)->149844K(2614272K) Eden: 2437120K(2437120K)->0K(2437120K) From: 157620K(176640K)->149844K(177152K)
[4081.314s][info][gc,heap        ] GC(984) ParOldGen: 1920869K(1921024K)->2027205K(2027520K)
[4081.315s][info][gc,metaspace   ] GC(984) Metaspace: 29090K(29376K)->29090K(29376K) NonClass: 25987K(26112K)->25987K(26112K) Class: 3102K(3264K)->3102K(3264K)
[4081.315s][info][gc             ] GC(984) Pause Young (Allocation Failure) 4409M->2126M(4533M) 96.500ms
[4081.315s][info][gc,cpu         ] GC(984) User=0.54s Sys=0.03s Real=0.10s
...[4083.852s][info][gc,start       ] GC(985) Pause Young (Allocation Failure)
[4083.952s][info][gc,heap        ] GC(985) PSYoungGen: 2586964K(2614272K)->161472K(2617856K) Eden: 2437120K(2437120K)->0K(2441728K) From: 149844K(177152K)->161472K(176128K)
[4083.952s][info][gc,heap        ] GC(985) ParOldGen: 2027205K(2027520K)->2128645K(2128896K)
[4083.952s][info][gc,metaspace   ] GC(985) Metaspace: 29090K(29376K)->29090K(29376K) NonClass: 25987K(26112K)->25987K(26112K) Class: 3102K(3264K)->3102K(3264K)
[4083.952s][info][gc             ] GC(985) Pause Young (Allocation Failure) 4506M->2236M(4635M) 100.118ms
[4083.952s][info][gc,cpu         ] GC(985) User=0.56s Sys=0.04s Real=0.10s
..[4086.350s][info][gc,start       ] GC(986) Pause Young (Allocation Failure)
[4086.445s][info][gc,heap        ] GC(986) PSYoungGen: 2603200K(2617856K)->147616K(2618368K) Eden: 2441728K(2441728K)->0K(2441728K) From: 161472K(176128K)->147616K(176640K)
[4086.445s][info][gc,heap        ] GC(986) ParOldGen: 2128645K(2128896K)->2236405K(2236416K)
[4086.445s][info][gc,metaspace   ] GC(986) Metaspace: 29090K(29376K)->29090K(29376K) NonClass: 25987K(26112K)->25987K(26112K) Class: 3102K(3264K)->3102K(3264K)
[4086.445s][info][gc             ] GC(986) Pause Young (Allocation Failure) 4620M->2328M(4741M) 95.852ms
[4086.445s][info][gc,cpu         ] GC(986) User=0.53s Sys=0.03s Real=0.10s
...[4088.872s][info][gc,start       ] GC(987) Pause Young (Allocation Failure)
[4088.967s][info][gc,heap        ] GC(987) PSYoungGen: 2589344K(2618368K)->149792K(2617856K) Eden: 2441728K(2441728K)->0K(2443776K) From: 147616K(176640K)->149792K(174080K)
[4088.967s][info][gc,heap        ] GC(987) ParOldGen: 2236405K(2236416K)->2339637K(2339840K)
[4088.967s][info][gc,metaspace   ] GC(987) Metaspace: 29090K(29376K)->29090K(29376K) NonClass: 25987K(26112K)->25987K(26112K) Class: 3102K(3264K)->3102K(3264K)
[4088.967s][info][gc             ] GC(987) Pause Young (Allocation Failure) 4712M->2431M(4841M) 94.454ms
[4088.967s][info][gc,cpu         ] GC(987) User=0.52s Sys=0.03s Real=0.10s
...[4091.505s][info][gc,start       ] GC(988) Pause Young (Allocation Failure)
[4091.601s][info][gc,heap        ] GC(988) PSYoungGen: 2593568K(2617856K)->153760K(2618368K) Eden: 2443776K(2443776K)->0K(2443776K) From: 149792K(174080K)->153760K(174592K)
[4091.601s][info][gc,heap        ] GC(988) ParOldGen: 2339637K(2339840K)->2440245K(2440704K)
[4091.601s][info][gc,metaspace   ] GC(988) Metaspace: 29090K(29376K)->29090K(29376K) NonClass: 25987K(26112K)->25987K(26112K) Class: 3102K(3264K)->3102K(3264K)
[4091.601s][info][gc             ] GC(988) Pause Young (Allocation Failure) 4817M->2533M(4940M) 95.912ms
[4091.601s][info][gc,cpu         ] GC(988) User=0.53s Sys=0.03s Real=0.09s
..[4094.060s][info][gc,start       ] GC(989) Pause Young (Allocation Failure)
[4094.159s][info][gc,heap        ] GC(989) PSYoungGen: 2597536K(2618368K)->153280K(2619904K) Eden: 2443776K(2443776K)->0K(2448896K) From: 153760K(174592K)->153280K(171008K)
[4094.159s][info][gc,heap        ] GC(989) ParOldGen: 2440245K(2440704K)->2547701K(2547712K)
[4094.159s][info][gc,metaspace   ] GC(989) Metaspace: 29090K(29376K)->29090K(29376K) NonClass: 25987K(26112K)->25987K(26112K) Class: 3102K(3264K)->3102K(3264K)
[4094.159s][info][gc             ] GC(989) Pause Young (Allocation Failure) 4919M->2637M(5046M) 99.162ms
[4094.159s][info][gc,cpu         ] GC(989) User=0.55s Sys=0.04s Real=0.10s
...[4096.597s][info][gc,start       ] GC(990) Pause Young (Allocation Failure)
[4096.692s][info][gc,heap        ] GC(990) PSYoungGen: 2602176K(2619904K)->149088K(2619904K) Eden: 2448896K(2448896K)->0K(2448896K) From: 153280K(171008K)->149088K(171008K)
[4096.692s][info][gc,heap        ] GC(990) ParOldGen: 2547701K(2547712K)->2651469K(2651648K)
[4096.692s][info][gc,metaspace   ] GC(990) Metaspace: 29090K(29376K)->29090K(29376K) NonClass: 25987K(26112K)->25987K(26112K) Class: 3102K(3264K)->3102K(3264K)
[4096.692s][info][gc             ] GC(990) Pause Young (Allocation Failure) 5029M->2734M(5148M) 94.525ms
[4096.692s][info][gc,cpu         ] GC(990) User=0.52s Sys=0.04s Real=0.09s
..[4099.154s][info][gc,start       ] GC(991) Pause Young (Allocation Failure)
[4099.253s][info][gc,heap        ] GC(991) PSYoungGen: 2597984K(2619904K)->155252K(2623488K) Eden: 2448896K(2448896K)->0K(2454528K) From: 149088K(171008K)->155252K(168960K)
[4099.253s][info][gc,heap        ] GC(991) ParOldGen: 2651469K(2651648K)->2754701K(2755072K)
[4099.253s][info][gc,metaspace   ] GC(991) Metaspace: 29090K(29376K)->29090K(29376K) NonClass: 25987K(26112K)->25987K(26112K) Class: 3102K(3264K)->3102K(3264K)
[4099.253s][info][gc             ] GC(991) Pause Young (Allocation Failure) 5126M->2841M(5252M) 98.775ms
[4099.253s][info][gc,cpu         ] GC(991) User=0.54s Sys=0.04s Real=0.10s
. (rIR:aIR:PR = 6642:6643:6644) (tPR = 99125) [OK] 
  4099s: Performance info:
         Transaction,    Success,    Partial,     Failed,   Receipts, AvgBarcode, 
             Overall,     403059,          0,          0,     382926,      59.48, 
         Response times:
             Request,    Success,    Partial,     Failed,   SkipFail,     Probes,    Samples,      min,      p50,      p90,      p95,      p99,      max, 
       TotalPurchase,     382932,          0,          0,          0,     357633,     412176,      300,     4900,    10600,    27000,   154000,   960000,
     InStorePurchase,     201526,          0,          0,          0,     188089,     216626,      300,     4900,    10600,    27000,   154000,   960000,
      OnlinePurchase,     141150,          0,          0,          0,     131910,     151771,      300,     5100,    10700,    27000,   155000,   960000,
        InstPurchase,      40256,          0,          0,          0,      37634,      43779,      300,     4900,    10600,    26000,   154000,   930000,
          AssocOfCat,        403,          0,          0,          0,        311,        437,    19800,    34000,    53000,    85000,   126300,   184000,
      AssocOfProduct,       4031,          0,          0,          0,       3705,       4474,      400,     3300,     9100,    19550,    93000,   131000,
      BusinessReport,       1008,          0,          0,          0,        856,       1124,    29000,    40000,    62000,    90000,   188000,   200000,
          CustBuyBeh,       4021,          0,          0,          0,       3687,       4515,      200,     4200,    10200,    23000,   122000,   133000,
       ProductReturn,      10664,          0,          0,          0,      10095,      11946,      200,     3600,    10600,    25000,   157000,   930000,

  4099s: (49%)   IR =   6780 ..[4101.678s][info][gc,start       ] GC(992) Pause Young (Allocation Failure)
[4101.774s][info][gc,heap        ] GC(992) PSYoungGen: 2609780K(2623488K)->149600K(2624000K) Eden: 2454528K(2454528K)->0K(2454528K) From: 155252K(168960K)->149600K(169472K)
[4101.774s][info][gc,heap        ] GC(992) ParOldGen: 2754701K(2755072K)->2859237K(2859520K)
[4101.774s][info][gc,metaspace   ] GC(992) Metaspace: 29090K(29376K)->29090K(29376K) NonClass: 25987K(26112K)->25987K(26112K) Class: 3102K(3264K)->3102K(3264K)
[4101.774s][info][gc             ] GC(992) Pause Young (Allocation Failure) 5238M->2938M(5355M) 95.895ms
[4101.774s][info][gc,cpu         ] GC(992) User=0.53s Sys=0.03s Real=0.09s
..[4104.253s][info][gc,start       ] GC(993) Pause Young (Allocation Failure)
[4104.347s][info][gc,heap        ] GC(993) PSYoungGen: 2604127K(2624000K)->148128K(2626048K) Eden: 2454527K(2454528K)->0K(2458112K) From: 149600K(169472K)->148128K(167936K)
[4104.347s][info][gc,heap        ] GC(993) ParOldGen: 2859237K(2859520K)->2962813K(2962944K)
[4104.347s][info][gc,metaspace   ] GC(993) Metaspace: 29090K(29376K)->29090K(29376K) NonClass: 25987K(26112K)->25987K(26112K) Class: 3102K(3264K)->3102K(3264K)
[4104.347s][info][gc             ] GC(993) Pause Young (Allocation Failure) 5335M->3038M(5458M) 93.920ms
[4104.347s][info][gc,cpu         ] GC(993) User=0.52s Sys=0.03s Real=0.10s
...[4106.722s][info][gc,start       ] GC(994) Pause Young (Allocation Failure)
[4106.821s][info][gc,heap        ] GC(994) PSYoungGen: 2606240K(2626048K)->158629K(2626048K) Eden: 2458112K(2458112K)->0K(2458112K) From: 148128K(167936K)->158629K(167936K)
[4106.821s][info][gc,heap        ] GC(994) ParOldGen: 2962813K(2962944K)->3068901K(3068928K)
[4106.821s][info][gc,metaspace   ] GC(994) Metaspace: 29090K(29376K)->29090K(29376K) NonClass: 25987K(26112K)->25987K(26112K) Class: 3102K(3264K)->3102K(3264K)
[4106.821s][info][gc             ] GC(994) Pause Young (Allocation Failure) 5438M->3151M(5561M) 99.886ms
[4106.821s][info][gc,cpu         ] GC(994) User=0.56s Sys=0.04s Real=0.10s
.|.[4109.302s][info][gc,start       ] GC(995) Pause Young (Allocation Failure)
[4109.400s][info][gc,heap        ] GC(995) PSYoungGen: 2616741K(2626048K)->155923K(2627584K) Eden: 2458112K(2458112K)->0K(2459648K) From: 158629K(167936K)->155923K(167936K)
[4109.400s][info][gc,heap        ] GC(995) ParOldGen: 3068901K(3068928K)->3171909K(3172352K)
[4109.400s][info][gc,metaspace   ] GC(995) Metaspace: 29090K(29376K)->29090K(29376K) NonClass: 25987K(26112K)->25987K(26112K) Class: 3102K(3264K)->3102K(3264K)
[4109.400s][info][gc             ] GC(995) Pause Young (Allocation Failure) 5552M->3249M(5664M) 97.782ms
[4109.400s][info][gc,cpu         ] GC(995) User=0.55s Sys=0.03s Real=0.10s
...[4111.843s][info][gc,start       ] GC(996) Pause Young (Allocation Failure)
[4111.942s][info][gc,heap        ] GC(996) PSYoungGen: 2615571K(2627584K)->155200K(2615296K) Eden: 2459648K(2459648K)->0K(2459648K) From: 155923K(167936K)->155200K(155648K)
[4111.942s][info][gc,heap        ] GC(996) ParOldGen: 3171909K(3172352K)->3278573K(3278848K)
[4111.942s][info][gc,metaspace   ] GC(996) Metaspace: 29090K(29376K)->29090K(29376K) NonClass: 25987K(26112K)->25987K(26112K) Class: 3102K(3264K)->3102K(3264K)
[4111.942s][info][gc             ] GC(996) Pause Young (Allocation Failure) 5651M->3353M(5756M) 98.878ms
[4111.942s][info][gc,cpu         ] GC(996) User=0.56s Sys=0.02s Real=0.10s
..[4114.386s][info][gc,start       ] GC(997) Pause Young (Allocation Failure)
[4114.483s][info][gc,heap        ] GC(997) PSYoungGen: 2614848K(2615296K)->149088K(2627584K) Eden: 2459648K(2459648K)->0K(2460672K) From: 155200K(155648K)->149088K(166912K)
[4114.483s][info][gc,heap        ] GC(997) ParOldGen: 3278573K(3278848K)->3383229K(3383296K)
[4114.483s][info][gc,metaspace   ] GC(997) Metaspace: 29090K(29376K)->29090K(29376K) NonClass: 25987K(26112K)->25987K(26112K) Class: 3102K(3264K)->3102K(3264K)
[4114.483s][info][gc             ] GC(997) Pause Young (Allocation Failure) 5755M->3449M(5870M) 97.091ms
[4114.483s][info][gc,cpu         ] GC(997) User=0.54s Sys=0.04s Real=0.09s
...[4116.825s][info][gc,start       ] GC(998) Pause Young (Allocation Failure)
[4116.922s][info][gc,heap        ] GC(998) PSYoungGen: 2609760K(2627584K)->151648K(2627072K) Eden: 2460672K(2460672K)->0K(2460672K) From: 149088K(166912K)->151648K(166400K)
[4116.922s][info][gc,heap        ] GC(998) ParOldGen: 3383229K(3383296K)->3488685K(3488768K)
[4116.922s][info][gc,metaspace   ] GC(998) Metaspace: 29090K(29376K)->29090K(29376K) NonClass: 25987K(26112K)->25987K(26112K) Class: 3102K(3264K)->3102K(3264K)
[4116.922s][info][gc             ] GC(998) Pause Young (Allocation Failure) 5852M->3555M(5972M) 96.815ms
[4116.922s][info][gc,cpu         ] GC(998) User=0.53s Sys=0.04s Real=0.09s
..[4119.370s][info][gc,start       ] GC(999) Pause Young (Allocation Failure)
[4119.465s][info][gc,heap        ] GC(999) PSYoungGen: 2612320K(2627072K)->150976K(2628608K) Eden: 2460672K(2460672K)->0K(2463744K) From: 151648K(166400K)->150976K(164864K)
[4119.465s][info][gc,heap        ] GC(999) ParOldGen: 3488685K(3488768K)->3590053K(3590144K)
[4119.465s][info][gc,metaspace   ] GC(999) Metaspace: 29090K(29376K)->29090K(29376K) NonClass: 25987K(26112K)->25987K(26112K) Class: 3102K(3264K)->3102K(3264K)
[4119.465s][info][gc             ] GC(999) Pause Young (Allocation Failure) 5958M->3653M(6073M) 95.859ms
[4119.465s][info][gc,cpu         ] GC(999) User=0.54s Sys=0.03s Real=0.10s
...[4121.953s][info][gc,start       ] GC(1000) Pause Young (Allocation Failure)
[4122.053s][info][gc,heap        ] GC(1000) PSYoungGen: 2614720K(2628608K)->158576K(2628608K) Eden: 2463744K(2463744K)->0K(2463744K) From: 150976K(164864K)->158576K(164864K)
[4122.053s][info][gc,heap        ] GC(1000) ParOldGen: 3590053K(3590144K)->3695253K(3695616K)
[4122.053s][info][gc,metaspace   ] GC(1000) Metaspace: 29090K(29376K)->29090K(29376K) NonClass: 25987K(26112K)->25987K(26112K) Class: 3102K(3264K)->3102K(3264K)
[4122.053s][info][gc             ] GC(1000) Pause Young (Allocation Failure) 6059M->3763M(6176M) 99.821ms
[4122.053s][info][gc,cpu         ] GC(1000) User=0.55s Sys=0.03s Real=0.10s
..[4124.415s][info][gc,start       ] GC(1001) Pause Young (Allocation Failure)
[4124.512s][info][gc,heap        ] GC(1001) PSYoungGen: 2622320K(2628608K)->146848K(2630144K) Eden: 2463744K(2463744K)->0K(2464256K) From: 158576K(164864K)->146848K(165888K)
[4124.512s][info][gc,heap        ] GC(1001) ParOldGen: 3695253K(3695616K)->3802725K(3803136K)
[4124.512s][info][gc,metaspace   ] GC(1001) Metaspace: 29090K(29376K)->29090K(29376K) NonClass: 25987K(26112K)->25987K(26112K) Class: 3102K(3264K)->3102K(3264K)
[4124.512s][info][gc             ] GC(1001) Pause Young (Allocation Failure) 6169M->3857M(6282M) 97.063ms
[4124.512s][info][gc,cpu         ] GC(1001) User=0.54s Sys=0.03s Real=0.09s
...[4126.916s][info][gc,start       ] GC(1002) Pause Young (Allocation Failure)
[4127.019s][info][gc,heap        ] GC(1002) PSYoungGen: 2611104K(2630144K)->165856K(2630144K) Eden: 2464256K(2464256K)->0K(2464256K) From: 146848K(165888K)->165856K(165888K)
[4127.019s][info][gc,heap        ] GC(1002) ParOldGen: 3802725K(3803136K)->3905197K(3905536K)
[4127.019s][info][gc,metaspace   ] GC(1002) Metaspace: 29090K(29376K)->29090K(29376K) NonClass: 25987K(26112K)->25987K(26112K) Class: 3102K(3264K)->3102K(3264K)
[4127.019s][info][gc             ] GC(1002) Pause Young (Allocation Failure) 6263M->3975M(6382M) 102.953ms
[4127.019s][info][gc,cpu         ] GC(1002) User=0.58s Sys=0.03s Real=0.10s
..[4129.517s][info][gc,start       ] GC(1003) Pause Young (Allocation Failure)
[4129.618s][info][gc,heap        ] GC(1003) PSYoungGen: 2630112K(2630144K)->160805K(2555392K) Eden: 2464256K(2464256K)->0K(2389504K) From: 165856K(165888K)->160805K(165888K)
[4129.619s][info][gc,heap        ] GC(1003) ParOldGen: 3905197K(3905536K)->4008285K(4008448K)
[4129.619s][info][gc,metaspace   ] GC(1003) Metaspace: 29090K(29376K)->29090K(29376K) NonClass: 25987K(26112K)->25987K(26112K) Class: 3102K(3264K)->3102K(3264K)
[4129.619s][info][gc             ] GC(1003) Pause Young (Allocation Failure) 6382M->4071M(6410M) 101.277ms
[4129.619s][info][gc,cpu         ] GC(1003) User=0.57s Sys=0.03s Real=0.10s
...[4131.957s][info][gc,start       ] GC(1004) Pause Young (Allocation Failure)
[4132.055s][info][gc,heap        ] GC(1004) PSYoungGen: 2550309K(2555392K)->151648K(2592768K) Eden: 2389504K(2389504K)->0K(2389504K) From: 160805K(165888K)->151648K(203264K)
[4132.055s][info][gc,heap        ] GC(1004) ParOldGen: 4008285K(4008448K)->4116045K(4116480K)
[4132.055s][info][gc,metaspace   ] GC(1004) Metaspace: 29090K(29376K)->29090K(29376K) NonClass: 25987K(26112K)->25987K(26112K) Class: 3102K(3264K)->3102K(3264K)
[4132.055s][info][gc             ] GC(1004) Pause Young (Allocation Failure) 6404M->4167M(6552M) 98.416ms
[4132.055s][info][gc,cpu         ] GC(1004) User=0.55s Sys=0.03s Real=0.10s
..[4134.376s][info][gc,start       ] GC(1005) Pause Young (Allocation Failure)
[4134.470s][info][gc,heap        ] GC(1005) PSYoungGen: 2541152K(2592768K)->142880K(2590208K) Eden: 2389504K(2389504K)->0K(2391040K) From: 151648K(203264K)->142880K(199168K)
[4134.470s][info][gc,heap        ] GC(1005) ParOldGen: 4116045K(4116480K)->4219861K(4219904K)
[4134.470s][info][gc,metaspace   ] GC(1005) Metaspace: 29090K(29376K)->29090K(29376K) NonClass: 25987K(26112K)->25987K(26112K) Class: 3102K(3264K)->3102K(3264K)
[4134.470s][info][gc             ] GC(1005) Pause Young (Allocation Failure) 6501M->4260M(6650M) 94.223ms
[4134.470s][info][gc,cpu         ] GC(1005) User=0.52s Sys=0.04s Real=0.09s
...[4136.850s][info][gc,start       ] GC(1006) Pause Young (Allocation Failure)
[4136.946s][info][gc,heap        ] GC(1006) PSYoungGen: 2533920K(2590208K)->151072K(2592256K) Eden: 2391040K(2391040K)->0K(2391040K) From: 142880K(199168K)->151072K(201216K)
[4136.946s][info][gc,heap        ] GC(1006) ParOldGen: 4219861K(4219904K)->4320493K(4320768K)
[4136.946s][info][gc,metaspace   ] GC(1006) Metaspace: 29090K(29376K)->29090K(29376K) NonClass: 25987K(26112K)->25987K(26112K) Class: 3102K(3264K)->3102K(3264K)
[4136.946s][info][gc             ] GC(1006) Pause Young (Allocation Failure) 6595M->4366M(6751M) 96.463ms
[4136.946s][info][gc,cpu         ] GC(1006) User=0.54s Sys=0.02s Real=0.10s
..[4139.316s][info][gc,start       ] GC(1007) Pause Young (Allocation Failure)
[4139.417s][info][gc,heap        ] GC(1007) PSYoungGen: 2542112K(2592256K)->156784K(2589184K) Eden: 2391040K(2391040K)->0K(2396160K) From: 151072K(201216K)->156784K(193024K)
[4139.417s][info][gc,heap        ] GC(1007) ParOldGen: 4320493K(4320768K)->4425213K(4425216K)
[4139.417s][info][gc,metaspace   ] GC(1007) Metaspace: 29090K(29376K)->29090K(29376K) NonClass: 25987K(26112K)->25987K(26112K) Class: 3102K(3264K)->3102K(3264K)
[4139.417s][info][gc             ] GC(1007) Pause Young (Allocation Failure) 6701M->4474M(6850M) 100.330ms
[4139.417s][info][gc,cpu         ] GC(1007) User=0.55s Sys=0.03s Real=0.10s
...[4141.796s][info][gc,start       ] GC(1008) Pause Young (Allocation Failure)
[4141.893s][info][gc,heap        ] GC(1008) PSYoungGen: 2552944K(2589184K)->149856K(2591744K) Eden: 2396160K(2396160K)->0K(2396160K) From: 156784K(193024K)->149856K(195584K)
[4141.893s][info][gc,heap        ] GC(1008) ParOldGen: 4425213K(4425216K)->4527725K(4528128K)
[4141.893s][info][gc,metaspace   ] GC(1008) Metaspace: 29090K(29376K)->29090K(29376K) NonClass: 25987K(26112K)->25987K(26112K) Class: 3102K(3264K)->3102K(3264K)
[4141.893s][info][gc             ] GC(1008) Pause Young (Allocation Failure) 6814M->4567M(6953M) 96.546ms
[4141.893s][info][gc,cpu         ] GC(1008) User=0.53s Sys=0.03s Real=0.09s
..[4144.239s][info][gc,start       ] GC(1009) Pause Young (Allocation Failure)
[4144.343s][info][gc,heap        ] GC(1009) PSYoungGen: 2546016K(2591744K)->165288K(2597888K) Eden: 2396160K(2396160K)->0K(2406912K) From: 149856K(195584K)->165288K(190976K)
[4144.343s][info][gc,heap        ] GC(1009) ParOldGen: 4527725K(4528128K)->4631309K(4631552K)
[4144.343s][info][gc,metaspace   ] GC(1009) Metaspace: 29090K(29376K)->29090K(29376K) NonClass: 25987K(26112K)->25987K(26112K) Class: 3102K(3264K)->3102K(3264K)
[4144.343s][info][gc             ] GC(1009) Pause Young (Allocation Failure) 6907M->4684M(7060M) 104.217ms
[4144.343s][info][gc,cpu         ] GC(1009) User=0.59s Sys=0.03s Real=0.10s
...[4146.680s][info][gc,start       ] GC(1010) Pause Young (Allocation Failure)
[4146.775s][info][gc,heap        ] GC(1010) PSYoungGen: 2572200K(2597888K)->146880K(2599424K) Eden: 2406912K(2406912K)->0K(2406912K) From: 165288K(190976K)->146880K(192512K)
[4146.775s][info][gc,heap        ] GC(1010) ParOldGen: 4631309K(4631552K)->4734757K(4734976K)
[4146.775s][info][gc,metaspace   ] GC(1010) Metaspace: 29090K(29376K)->29090K(29376K) NonClass: 25987K(26112K)->25987K(26112K) Class: 3102K(3264K)->3102K(3264K)
[4146.775s][info][gc             ] GC(1010) Pause Young (Allocation Failure) 7034M->4767M(7162M) 95.139ms
[4146.775s][info][gc,cpu         ] GC(1010) User=0.52s Sys=0.04s Real=0.10s
..[4149.180s][info][gc,start       ] GC(1011) Pause Young (Allocation Failure)
[4149.276s][info][gc,heap        ] GC(1011) PSYoungGen: 2553792K(2599424K)->151408K(2598912K) Eden: 2406912K(2406912K)->0K(2412032K) From: 146880K(192512K)->151408K(186880K)
[4149.276s][info][gc,heap        ] GC(1011) ParOldGen: 4734757K(4734976K)->4836509K(4836864K)
[4149.276s][info][gc,metaspace   ] GC(1011) Metaspace: 29090K(29376K)->29090K(29376K) NonClass: 25987K(26112K)->25987K(26112K) Class: 3102K(3264K)->3102K(3264K)
[4149.277s][info][gc             ] GC(1011) Pause Young (Allocation Failure) 7117M->4871M(7261M) 97.012ms
[4149.277s][info][gc,cpu         ] GC(1011) User=0.54s Sys=0.03s Real=0.10s
...[4151.712s][info][gc,start       ] GC(1012) Pause Young (Allocation Failure)
[4151.810s][info][gc,heap        ] GC(1012) PSYoungGen: 2563440K(2598912K)->150080K(2601472K) Eden: 2412032K(2412032K)->0K(2412032K) From: 151408K(186880K)->150080K(189440K)
[4151.810s][info][gc,heap        ] GC(1012) ParOldGen: 4836509K(4836864K)->4940173K(4940288K)
[4151.810s][info][gc,metaspace   ] GC(1012) Metaspace: 29090K(29376K)->29090K(29376K) NonClass: 25987K(26112K)->25987K(26112K) Class: 3102K(3264K)->3102K(3264K)
[4151.810s][info][gc             ] GC(1012) Pause Young (Allocation Failure) 7226M->4970M(7365M) 97.940ms
[4151.810s][info][gc,cpu         ] GC(1012) User=0.54s Sys=0.03s Real=0.10s
..[4154.166s][info][gc,start       ] GC(1013) Pause Young (Allocation Failure)
[4154.263s][info][gc,heap        ] GC(1013) PSYoungGen: 2562112K(2601472K)->144928K(2604032K) Eden: 2412032K(2412032K)->0K(2419200K) From: 150080K(189440K)->144928K(184832K)
[4154.263s][info][gc,heap        ] GC(1013) ParOldGen: 4940173K(4940288K)->5044605K(5044736K)
[4154.263s][info][gc,metaspace   ] GC(1013) Metaspace: 29090K(29376K)->29090K(29376K) NonClass: 25987K(26112K)->25987K(26112K) Class: 3102K(3264K)->3102K(3264K)
[4154.263s][info][gc             ] GC(1013) Pause Young (Allocation Failure) 7326M->5067M(7469M) 96.484ms
[4154.263s][info][gc,cpu         ] GC(1013) User=0.54s Sys=0.02s Real=0.09s
...[4156.701s][info][gc,start       ] GC(1014) Pause Young (Allocation Failure)
[4156.799s][info][gc,heap        ] GC(1014) PSYoungGen: 2564128K(2604032K)->151456K(2605568K) Eden: 2419200K(2419200K)->0K(2419200K) From: 144928K(184832K)->151456K(186368K)
[4156.799s][info][gc,heap        ] GC(1014) ParOldGen: 5044605K(5044736K)->5148565K(5148672K)
[4156.799s][info][gc,metaspace   ] GC(1014) Metaspace: 29090K(29376K)->29090K(29376K) NonClass: 25987K(26112K)->25987K(26112K) Class: 3102K(3264K)->3102K(3264K)
[4156.799s][info][gc             ] GC(1014) Pause Young (Allocation Failure) 7430M->5175M(7572M) 98.163ms
[4156.799s][info][gc,cpu         ] GC(1014) User=0.54s Sys=0.03s Real=0.10s
..[4159.136s][info][gc,start       ] GC(1015) Pause Young (Allocation Failure)
[4159.243s][info][gc,heap        ] GC(1015) PSYoungGen: 2570656K(2605568K)->166516K(2607104K) Eden: 2419200K(2419200K)->0K(2423296K) From: 151456K(186368K)->166516K(183808K)
[4159.243s][info][gc,heap        ] GC(1015) ParOldGen: 5148565K(5148672K)->5255069K(5255168K)
[4159.243s][info][gc,metaspace   ] GC(1015) Metaspace: 29090K(29376K)->29090K(29376K) NonClass: 25987K(26112K)->25987K(26112K) Class: 3102K(3264K)->3102K(3264K)
[4159.243s][info][gc             ] GC(1015) Pause Young (Allocation Failure) 7538M->5294M(7678M) 107.160ms
[4159.243s][info][gc,cpu         ] GC(1015) User=0.60s Sys=0.03s Real=0.10s
..[4161.675s][info][gc,start       ] GC(1016) Pause Young (Allocation Failure)
[4161.776s][info][gc,heap        ] GC(1016) PSYoungGen: 2589812K(2607104K)->158852K(2608640K) Eden: 2423296K(2423296K)->0K(2423296K) From: 166516K(183808K)->158852K(185344K)
[4161.776s][info][gc,heap        ] GC(1016) ParOldGen: 5255069K(5255168K)->5354661K(5355008K)
[4161.776s][info][gc,metaspace   ] GC(1016) Metaspace: 29090K(29376K)->29090K(29376K) NonClass: 25987K(26112K)->25987K(26112K) Class: 3102K(3264K)->3102K(3264K)
[4161.776s][info][gc             ] GC(1016) Pause Young (Allocation Failure) 7661M->5384M(7777M) 100.731ms
[4161.776s][info][gc,cpu         ] GC(1016) User=0.57s Sys=0.02s Real=0.10s
...[4164.165s][info][gc,start       ] GC(1017) Pause Young (Allocation Failure)
[4164.264s][info][gc,heap        ] GC(1017) PSYoungGen: 2582148K(2608640K)->149920K(2608128K) Eden: 2423296K(2423296K)->0K(2427392K) From: 158852K(185344K)->149920K(180736K)
[4164.264s][info][gc,heap        ] GC(1017) ParOldGen: 5354661K(5355008K)->5459757K(5459968K)
[4164.264s][info][gc,metaspace   ] GC(1017) Metaspace: 29090K(29376K)->29090K(29376K) NonClass: 25987K(26112K)->25987K(26112K) Class: 3102K(3264K)->3102K(3264K)
[4164.264s][info][gc             ] GC(1017) Pause Young (Allocation Failure) 7750M->5478M(7879M) 98.595ms
[4164.264s][info][gc,cpu         ] GC(1017) User=0.56s Sys=0.02s Real=0.09s
..[4166.649s][info][gc,start       ] GC(1018) Pause Young (Allocation Failure)
[4166.754s][info][gc,heap        ] GC(1018) PSYoungGen: 2577312K(2608128K)->162788K(2609152K) Eden: 2427392K(2427392K)->0K(2427392K) From: 149920K(180736K)->162788K(181760K)
[4166.754s][info][gc,heap        ] GC(1018) ParOldGen: 5459757K(5459968K)->5564285K(5564416K)
[4166.754s][info][gc,metaspace   ] GC(1018) Metaspace: 29090K(29376K)->29090K(29376K) NonClass: 25987K(26112K)->25987K(26112K) Class: 3102K(3264K)->3102K(3264K)
[4166.754s][info][gc             ] GC(1018) Pause Young (Allocation Failure) 7848M->5592M(7982M) 104.552ms
[4166.754s][info][gc,cpu         ] GC(1018) User=0.59s Sys=0.02s Real=0.10s
.. (rIR:aIR:PR = 6780:6789:6788) (tPR = 100882) [OK] 
  4167s: Performance info:
         Transaction,    Success,    Partial,     Failed,   Receipts, AvgBarcode, 
             Overall,     409018,          0,          0,     388616,      59.48, 
         Response times:
             Request,    Success,    Partial,     Failed,   SkipFail,     Probes,    Samples,      min,      p50,      p90,      p95,      p99,      max, 
       TotalPurchase,     388623,          0,          0,          0,     362817,     410953,      300,     4900,    10200,    21000,    62000,   204000,
     InStorePurchase,     204325,          0,          0,          0,     190268,     215304,      300,     4900,    10300,    21000,    62000,   204000,
      OnlinePurchase,     143376,          0,          0,          0,     133849,     151390,      300,     5000,    10200,    21000,    61000,   204000,
        InstPurchase,      40922,          0,          0,          0,      38700,      44259,      300,     4900,    10100,    22000,    60000,   176000,
          AssocOfCat,        408,          0,          0,          0,        317,        454,    19300,    33000,    51000,    60000,   145000,   197000,
      AssocOfProduct,       4088,          0,          0,          0,       3822,       4621,     1300,     6300,    11700,    30000,    69000,   149000,
      BusinessReport,       1023,          0,          0,          0,        887,       1137,    27000,    39000,    56200,    68100,   155240,   199000,
          CustBuyBeh,       4079,          0,          0,          0,       3809,       4576,      700,     4000,     9600,    24000,    60230,   130000,
       ProductReturn,      10808,          0,          0,          0,      10359,      12107,      400,     4600,     9300,    21000,    57920,   147000,

  4167s: (50%)   IR =   6918 .[4169.172s][info][gc,start       ] GC(1019) Pause Full (Allocation Failure)
[4169.172s][info][gc,phases,start] GC(1019) Marking Phase
[4169.484s][info][gc,phases      ] GC(1019) Marking Phase 311.267ms
[4169.484s][info][gc,phases,start] GC(1019) Summary Phase
[4169.484s][info][gc,phases      ] GC(1019) Summary Phase 0.099ms
[4169.484s][info][gc,phases,start] GC(1019) Forward
[4169.614s][info][gc,phases      ] GC(1019) Forward 130.417ms
[4169.614s][info][gc,phases,start] GC(1019) Adjust Pointers
[4169.826s][info][gc,phases      ] GC(1019) Adjust Pointers 211.787ms
[4169.826s][info][gc,phases,start] GC(1019) Compaction Phase
[4169.973s][info][gc,phases      ] GC(1019) Compaction Phase 147.098ms
[4169.975s][info][gc,phases,start] GC(1019) Post Compact
[4169.982s][info][gc,phases      ] GC(1019) Post Compact 6.964ms
[4170.104s][info][gc,heap        ] GC(1019) PSYoungGen: 2590180K(2609152K)->0K(2614272K) Eden: 2427392K(2427392K)->0K(2432512K) From: 162788K(181760K)->0K(181760K)
[4170.104s][info][gc,heap        ] GC(1019) ParOldGen: 5564285K(5564416K)->1608186K(1881600K)
[4170.104s][info][gc,metaspace   ] GC(1019) Metaspace: 29090K(29376K)->29090K(29376K) NonClass: 25987K(26112K)->25987K(26112K) Class: 3102K(3264K)->3102K(3264K)
[4170.104s][info][gc             ] GC(1019) Pause Full (Allocation Failure) 7963M->1570M(4390M) 931.517ms
[4170.104s][info][gc,cpu         ] GC(1019) User=4.37s Sys=0.13s Real=0.93s
..[4171.625s][info][gc,start       ] GC(1020) Pause Young (Allocation Failure)
[4171.687s][info][gc,heap        ] GC(1020) PSYoungGen: 2432512K(2614272K)->147392K(2579968K) Eden: 2432512K(2432512K)->0K(2432512K) From: 0K(181760K)->147392K(147456K)
[4171.687s][info][gc,heap        ] GC(1020) ParOldGen: 1608186K(1881600K)->1608186K(1881600K)
[4171.687s][info][gc,metaspace   ] GC(1020) Metaspace: 29090K(29376K)->29090K(29376K) NonClass: 25987K(26112K)->25987K(26112K) Class: 3102K(3264K)->3102K(3264K)
[4171.687s][info][gc             ] GC(1020) Pause Young (Allocation Failure) 3945M->1714M(4357M) 61.930ms
[4171.687s][info][gc,cpu         ] GC(1020) User=0.36s Sys=0.00s Real=0.06s
..[4174.106s][info][gc,start       ] GC(1021) Pause Young (Allocation Failure)
[4174.202s][info][gc,heap        ] GC(1021) PSYoungGen: 2579904K(2579968K)->164484K(2612224K) Eden: 2432512K(2432512K)->0K(2431488K) From: 147392K(147456K)->164484K(180736K)
[4174.202s][info][gc,heap        ] GC(1021) ParOldGen: 1608186K(1881600K)->1708258K(1881600K)
[4174.202s][info][gc,metaspace   ] GC(1021) Metaspace: 29090K(29376K)->29090K(29376K) NonClass: 25987K(26112K)->25987K(26112K) Class: 3102K(3264K)->3102K(3264K)
[4174.202s][info][gc             ] GC(1021) Pause Young (Allocation Failure) 4089M->1828M(4388M) 95.601ms
[4174.202s][info][gc,cpu         ] GC(1021) User=0.57s Sys=0.00s Real=0.09s
...[4176.542s][info][gc,start       ] GC(1022) Pause Young (Allocation Failure)
[4176.636s][info][gc,heap        ] GC(1022) PSYoungGen: 2595972K(2612224K)->153616K(2613248K) Eden: 2431488K(2431488K)->0K(2431488K) From: 164484K(180736K)->153616K(181760K)
[4176.636s][info][gc,heap        ] GC(1022) ParOldGen: 1708258K(1881600K)->1815778K(1881600K)
[4176.636s][info][gc,metaspace   ] GC(1022) Metaspace: 29090K(29376K)->29090K(29376K) NonClass: 25987K(26112K)->25987K(26112K) Class: 3102K(3264K)->3102K(3264K)
[4176.636s][info][gc             ] GC(1022) Pause Young (Allocation Failure) 4203M->1923M(4389M) 94.242ms
[4176.636s][info][gc,cpu         ] GC(1022) User=0.55s Sys=0.00s Real=0.10s
.|.[4178.979s][info][gc,start       ] GC(1023) Pause Young (Allocation Failure)
[4179.073s][info][gc,heap        ] GC(1023) PSYoungGen: 2585104K(2613248K)->152624K(2612224K) Eden: 2431488K(2431488K)->0K(2434560K) From: 153616K(181760K)->152624K(177664K)
[4179.073s][info][gc,heap        ] GC(1023) ParOldGen: 1815778K(1881600K)->1918906K(1918976K)
[4179.073s][info][gc,metaspace   ] GC(1023) Metaspace: 29090K(29376K)->29090K(29376K) NonClass: 25987K(26112K)->25987K(26112K) Class: 3102K(3264K)->3102K(3264K)
[4179.073s][info][gc             ] GC(1023) Pause Young (Allocation Failure) 4297M->2022M(4425M) 94.123ms
[4179.073s][info][gc,cpu         ] GC(1023) User=0.54s Sys=0.01s Real=0.09s
...[4181.458s][info][gc,start       ] GC(1024) Pause Young (Allocation Failure)
[4181.553s][info][gc,heap        ] GC(1024) PSYoungGen: 2587184K(2612224K)->152096K(2612736K) Eden: 2434560K(2434560K)->0K(2434560K) From: 152624K(177664K)->152096K(178176K)
[4181.553s][info][gc,heap        ] GC(1024) ParOldGen: 1918906K(1918976K)->2020794K(2020864K)
[4181.553s][info][gc,metaspace   ] GC(1024) Metaspace: 29090K(29376K)->29090K(29376K) NonClass: 25987K(26112K)->25987K(26112K) Class: 3102K(3264K)->3102K(3264K)
[4181.553s][info][gc             ] GC(1024) Pause Young (Allocation Failure) 4400M->2121M(4525M) 95.556ms
[4181.553s][info][gc,cpu         ] GC(1024) User=0.53s Sys=0.03s Real=0.09s
..[4183.978s][info][gc,start       ] GC(1025) Pause Young (Allocation Failure)
[4184.079s][info][gc,heap        ] GC(1025) PSYoungGen: 2586656K(2612736K)->162176K(2616832K) Eden: 2434560K(2434560K)->0K(2440192K) From: 152096K(178176K)->162176K(176640K)
[4184.079s][info][gc,heap        ] GC(1025) ParOldGen: 2020794K(2020864K)->2126346K(2126848K)
[4184.079s][info][gc,metaspace   ] GC(1025) Metaspace: 29090K(29376K)->29090K(29376K) NonClass: 25987K(26112K)->25987K(26112K) Class: 3102K(3264K)->3102K(3264K)
[4184.079s][info][gc             ] GC(1025) Pause Young (Allocation Failure) 4499M->2234M(4632M) 101.075ms
[4184.079s][info][gc,cpu         ] GC(1025) User=0.56s Sys=0.04s Real=0.10s
...[4186.416s][info][gc,start       ] GC(1026) Pause Young (Allocation Failure)
[4186.518s][info][gc,heap        ] GC(1026) PSYoungGen: 2602368K(2616832K)->158004K(2616832K) Eden: 2440192K(2440192K)->0K(2440192K) From: 162176K(176640K)->158004K(176640K)
[4186.518s][info][gc,heap        ] GC(1026) ParOldGen: 2126346K(2126848K)->2231466K(2231808K)
[4186.518s][info][gc,metaspace   ] GC(1026) Metaspace: 29090K(29376K)->29090K(29376K) NonClass: 25987K(26112K)->25987K(26112K) Class: 3102K(3264K)->3102K(3264K)
[4186.518s][info][gc             ] GC(1026) Pause Young (Allocation Failure) 4617M->2333M(4735M) 102.022ms
[4186.518s][info][gc,cpu         ] GC(1026) User=0.56s Sys=0.03s Real=0.10s
..[4188.869s][info][gc,start       ] GC(1027) Pause Young (Allocation Failure)
[4188.964s][info][gc,heap        ] GC(1027) PSYoungGen: 2598196K(2616832K)->151168K(2618368K) Eden: 2440192K(2440192K)->0K(2443776K) From: 158004K(176640K)->151168K(174592K)
[4188.964s][info][gc,heap        ] GC(1027) ParOldGen: 2231466K(2231808K)->2334866K(2335232K)
[4188.964s][info][gc,metaspace   ] GC(1027) Metaspace: 29090K(29376K)->29090K(29376K) NonClass: 25987K(26112K)->25987K(26112K) Class: 3102K(3264K)->3102K(3264K)
[4188.964s][info][gc             ] GC(1027) Pause Young (Allocation Failure) 4716M->2427M(4837M) 95.589ms
[4188.964s][info][gc,cpu         ] GC(1027) User=0.52s Sys=0.04s Real=0.09s
...[4191.323s][info][gc,start       ] GC(1028) Pause Young (Allocation Failure)
[4191.420s][info][gc,heap        ] GC(1028) PSYoungGen: 2594944K(2618368K)->153412K(2618368K) Eden: 2443776K(2443776K)->0K(2443776K) From: 151168K(174592K)->153412K(174592K)
[4191.420s][info][gc,heap        ] GC(1028) ParOldGen: 2334866K(2335232K)->2438450K(2438656K)
[4191.420s][info][gc,metaspace   ] GC(1028) Metaspace: 29090K(29376K)->29090K(29376K) NonClass: 25987K(26112K)->25987K(26112K) Class: 3102K(3264K)->3102K(3264K)
[4191.420s][info][gc             ] GC(1028) Pause Young (Allocation Failure) 4814M->2531M(4938M) 97.392ms
[4191.420s][info][gc,cpu         ] GC(1028) User=0.54s Sys=0.03s Real=0.10s
..[4193.761s][info][gc,start       ] GC(1029) Pause Young (Allocation Failure)
[4193.856s][info][gc,heap        ] GC(1029) PSYoungGen: 2597188K(2618368K)->151872K(2620416K) Eden: 2443776K(2443776K)->0K(2447872K) From: 153412K(174592K)->151872K(172544K)
[4193.856s][info][gc,heap        ] GC(1029) ParOldGen: 2438450K(2438656K)->2542602K(2543104K)
[4193.856s][info][gc,metaspace   ] GC(1029) Metaspace: 29090K(29376K)->29090K(29376K) NonClass: 25987K(26112K)->25987K(26112K) Class: 3102K(3264K)->3102K(3264K)
[4193.856s][info][gc             ] GC(1029) Pause Young (Allocation Failure) 4917M->2631M(5042M) 95.719ms
[4193.856s][info][gc,cpu         ] GC(1029) User=0.52s Sys=0.03s Real=0.10s
..[4196.234s][info][gc,start       ] GC(1030) Pause Young (Allocation Failure)
[4196.328s][info][gc,heap        ] GC(1030) PSYoungGen: 2599744K(2620416K)->146752K(2619904K) Eden: 2447872K(2447872K)->0K(2447872K) From: 151872K(172544K)->146752K(172032K)
[4196.328s][info][gc,heap        ] GC(1030) ParOldGen: 2542602K(2543104K)->2646282K(2646528K)
[4196.328s][info][gc,metaspace   ] GC(1030) Metaspace: 29090K(29376K)->29090K(29376K) NonClass: 25987K(26112K)->25987K(26112K) Class: 3102K(3264K)->3102K(3264K)
[4196.328s][info][gc             ] GC(1030) Pause Young (Allocation Failure) 5021M->2727M(5143M) 93.390ms
[4196.328s][info][gc,cpu         ] GC(1030) User=0.52s Sys=0.04s Real=0.10s
...[4198.721s][info][gc,start       ] GC(1031) Pause Young (Allocation Failure)
[4198.820s][info][gc,heap        ] GC(1031) PSYoungGen: 2594624K(2619904K)->156688K(2623488K) Eden: 2447872K(2447872K)->0K(2451968K) From: 146752K(172032K)->156688K(171520K)
[4198.820s][info][gc,heap        ] GC(1031) ParOldGen: 2646282K(2646528K)->2749906K(2749952K)
[4198.820s][info][gc,metaspace   ] GC(1031) Metaspace: 29090K(29376K)->29090K(29376K) NonClass: 25987K(26112K)->25987K(26112K) Class: 3102K(3264K)->3102K(3264K)
[4198.820s][info][gc             ] GC(1031) Pause Young (Allocation Failure) 5118M->2838M(5247M) 98.968ms
[4198.820s][info][gc,cpu         ] GC(1031) User=0.56s Sys=0.02s Real=0.10s
..[4201.233s][info][gc,start       ] GC(1032) Pause Young (Allocation Failure)
[4201.332s][info][gc,heap        ] GC(1032) PSYoungGen: 2608656K(2623488K)->157008K(2622976K) Eden: 2451968K(2451968K)->0K(2451968K) From: 156688K(171520K)->157008K(171008K)
[4201.332s][info][gc,heap        ] GC(1032) ParOldGen: 2749906K(2749952K)->2853738K(2853888K)
[4201.332s][info][gc,metaspace   ] GC(1032) Metaspace: 29090K(29376K)->29090K(29376K) NonClass: 25987K(26112K)->25987K(26112K) Class: 3102K(3264K)->3102K(3264K)
[4201.332s][info][gc             ] GC(1032) Pause Young (Allocation Failure) 5232M->2940M(5348M) 99.626ms
[4201.333s][info][gc,cpu         ] GC(1032) User=0.55s Sys=0.04s Real=0.10s
...[4203.637s][info][gc,start       ] GC(1033) Pause Young (Allocation Failure)
[4203.735s][info][gc,heap        ] GC(1033) PSYoungGen: 2608976K(2622976K)->154336K(2624000K) Eden: 2451968K(2451968K)->0K(2454528K) From: 157008K(171008K)->154336K(169472K)
[4203.735s][info][gc,heap        ] GC(1033) ParOldGen: 2853738K(2853888K)->2961530K(2961920K)
[4203.735s][info][gc,metaspace   ] GC(1033) Metaspace: 29090K(29376K)->29090K(29376K) NonClass: 25987K(26112K)->25987K(26112K) Class: 3102K(3264K)->3102K(3264K)
[4203.735s][info][gc             ] GC(1033) Pause Young (Allocation Failure) 5334M->3042M(5455M) 98.811ms
[4203.736s][info][gc,cpu         ] GC(1033) User=0.56s Sys=0.02s Real=0.10s
..[4206.134s][info][gc,start       ] GC(1034) Pause Young (Allocation Failure)
[4206.232s][info][gc,heap        ] GC(1034) PSYoungGen: 2608864K(2624000K)->156992K(2623488K) Eden: 2454528K(2454528K)->0K(2454528K) From: 154336K(169472K)->156992K(168960K)
[4206.232s][info][gc,heap        ] GC(1034) ParOldGen: 2961530K(2961920K)->3064386K(3064832K)
[4206.232s][info][gc,metaspace   ] GC(1034) Metaspace: 29090K(29376K)->29090K(29376K) NonClass: 25987K(26112K)->25987K(26112K) Class: 3102K(3264K)->3102K(3264K)
[4206.232s][info][gc             ] GC(1034) Pause Young (Allocation Failure) 5439M->3145M(5555M) 97.582ms
[4206.232s][info][gc,cpu         ] GC(1034) User=0.54s Sys=0.03s Real=0.10s
...[4208.616s][info][gc,start       ] GC(1035) Pause Young (Allocation Failure)
[4208.716s][info][gc,heap        ] GC(1035) PSYoungGen: 2611520K(2623488K)->158516K(2625536K) Eden: 2454528K(2454528K)->0K(2457600K) From: 156992K(168960K)->158516K(167936K)
[4208.716s][info][gc,heap        ] GC(1035) ParOldGen: 3064386K(3064832K)->3168610K(3168768K)
[4208.716s][info][gc,metaspace   ] GC(1035) Metaspace: 29090K(29376K)->29090K(29376K) NonClass: 25987K(26112K)->25987K(26112K) Class: 3102K(3264K)->3102K(3264K)
[4208.716s][info][gc             ] GC(1035) Pause Young (Allocation Failure) 5542M->3249M(5658M) 100.927ms
[4208.716s][info][gc,cpu         ] GC(1035) User=0.56s Sys=0.04s Real=0.10s
..[4211.110s][info][gc,start       ] GC(1036) Pause Young (Allocation Failure)
[4211.209s][info][gc,heap        ] GC(1036) PSYoungGen: 2616116K(2625536K)->157824K(2625536K) Eden: 2457600K(2457600K)->0K(2457600K) From: 158516K(167936K)->157824K(167936K)
[4211.209s][info][gc,heap        ] GC(1036) ParOldGen: 3168610K(3168768K)->3272954K(3273216K)
[4211.209s][info][gc,metaspace   ] GC(1036) Metaspace: 29090K(29376K)->29090K(29376K) NonClass: 25987K(26112K)->25987K(26112K) Class: 3102K(3264K)->3102K(3264K)
[4211.209s][info][gc             ] GC(1036) Pause Young (Allocation Failure) 5649M->3350M(5760M) 99.106ms
[4211.209s][info][gc,cpu         ] GC(1036) User=0.56s Sys=0.03s Real=0.10s
...[4213.524s][info][gc,start       ] GC(1037) Pause Young (Allocation Failure)
[4213.620s][info][gc,heap        ] GC(1037) PSYoungGen: 2615424K(2625536K)->147680K(2628096K) Eden: 2457600K(2457600K)->0K(2460160K) From: 157824K(167936K)->147680K(167936K)
[4213.620s][info][gc,heap        ] GC(1037) ParOldGen: 3272954K(3273216K)->3379354K(3379712K)
[4213.620s][info][gc,metaspace   ] GC(1037) Metaspace: 29090K(29376K)->29090K(29376K) NonClass: 25987K(26112K)->25987K(26112K) Class: 3102K(3264K)->3102K(3264K)
[4213.620s][info][gc             ] GC(1037) Pause Young (Allocation Failure) 5750M->3444M(5867M) 96.019ms
[4213.620s][info][gc,cpu         ] GC(1037) User=0.52s Sys=0.04s Real=0.10s
..[4216.058s][info][gc,start       ] GC(1038) Pause Young (Allocation Failure)
[4216.157s][info][gc,heap        ] GC(1038) PSYoungGen: 2607840K(2628096K)->158080K(2628096K) Eden: 2460160K(2460160K)->0K(2460160K) From: 147680K(167936K)->158080K(167936K)
[4216.157s][info][gc,heap        ] GC(1038) ParOldGen: 3379354K(3379712K)->3481922K(3482112K)
[4216.157s][info][gc,metaspace   ] GC(1038) Metaspace: 29090K(29376K)->29090K(29376K) NonClass: 25987K(26112K)->25987K(26112K) Class: 3102K(3264K)->3102K(3264K)
[4216.157s][info][gc             ] GC(1038) Pause Young (Allocation Failure) 5846M->3554M(5967M) 98.654ms
[4216.157s][info][gc,cpu         ] GC(1038) User=0.54s Sys=0.05s Real=0.10s
...[4218.589s][info][gc,start       ] GC(1039) Pause Young (Allocation Failure)
[4218.688s][info][gc,heap        ] GC(1039) PSYoungGen: 2618240K(2628096K)->155584K(2626048K) Eden: 2460160K(2460160K)->0K(2460160K) From: 158080K(167936K)->155584K(165888K)
[4218.688s][info][gc,heap        ] GC(1039) ParOldGen: 3481922K(3482112K)->3587170K(3587584K)
[4218.688s][info][gc,metaspace   ] GC(1039) Metaspace: 29090K(29376K)->29090K(29376K) NonClass: 25987K(26112K)->25987K(26112K) Class: 3102K(3264K)->3102K(3264K)
[4218.688s][info][gc             ] GC(1039) Pause Young (Allocation Failure) 5957M->3655M(6068M) 98.954ms
[4218.688s][info][gc,cpu         ] GC(1039) User=0.56s Sys=0.03s Real=0.10s
..[4221.045s][info][gc,start       ] GC(1040) Pause Young (Allocation Failure)
[4221.144s][info][gc,heap        ] GC(1040) PSYoungGen: 2615744K(2626048K)->153088K(2627072K) Eden: 2460160K(2460160K)->0K(2460160K) From: 155584K(165888K)->153088K(166912K)
[4221.144s][info][gc,heap        ] GC(1040) ParOldGen: 3587170K(3587584K)->3695418K(3695616K)
[4221.144s][info][gc,metaspace   ] GC(1040) Metaspace: 29090K(29376K)->29090K(29376K) NonClass: 25987K(26112K)->25987K(26112K) Class: 3102K(3264K)->3102K(3264K)
[4221.144s][info][gc             ] GC(1040) Pause Young (Allocation Failure) 6057M->3758M(6174M) 99.104ms
[4221.144s][info][gc,cpu         ] GC(1040) User=0.54s Sys=0.04s Real=0.09s
...[4223.516s][info][gc,start       ] GC(1041) Pause Young (Allocation Failure)
[4223.617s][info][gc,heap        ] GC(1041) PSYoungGen: 2613248K(2627072K)->158528K(2628608K) Eden: 2460160K(2460160K)->0K(2462720K) From: 153088K(166912K)->158528K(165888K)
[4223.617s][info][gc,heap        ] GC(1041) ParOldGen: 3695418K(3695616K)->3798362K(3798528K)
[4223.617s][info][gc,metaspace   ] GC(1041) Metaspace: 29090K(29376K)->29090K(29376K) NonClass: 25987K(26112K)->25987K(26112K) Class: 3102K(3264K)->3102K(3264K)
[4223.617s][info][gc             ] GC(1041) Pause Young (Allocation Failure) 6160M->3864M(6276M) 101.053ms
[4223.617s][info][gc,cpu         ] GC(1041) User=0.56s Sys=0.03s Real=0.10s
..[4225.960s][info][gc,start       ] GC(1042) Pause Young (Allocation Failure)
[4226.057s][info][gc,heap        ] GC(1042) PSYoungGen: 2621248K(2628608K)->151808K(2629120K) Eden: 2462720K(2462720K)->0K(2462720K) From: 158528K(165888K)->151808K(166400K)
[4226.058s][info][gc,heap        ] GC(1042) ParOldGen: 3798362K(3798528K)->3903322K(3903488K)
[4226.058s][info][gc,metaspace   ] GC(1042) Metaspace: 29090K(29376K)->29090K(29376K) NonClass: 25987K(26112K)->25987K(26112K) Class: 3102K(3264K)->3102K(3264K)
[4226.058s][info][gc             ] GC(1042) Pause Young (Allocation Failure) 6269M->3960M(6379M) 97.904ms
[4226.058s][info][gc,cpu         ] GC(1042) User=0.55s Sys=0.03s Real=0.10s
...[4228.491s][info][gc,start       ] GC(1043) Pause Young (Allocation Failure)
[4228.590s][info][gc,heap        ] GC(1043) PSYoungGen: 2614528K(2629120K)->158592K(2629632K) Eden: 2462720K(2462720K)->0K(2463744K) From: 151808K(166400K)->158592K(165888K)
[4228.590s][info][gc,heap        ] GC(1043) ParOldGen: 3903322K(3903488K)->4005010K(4005376K)
[4228.590s][info][gc,metaspace   ] GC(1043) Metaspace: 29090K(29376K)->29090K(29376K) NonClass: 25987K(26112K)->25987K(26112K) Class: 3102K(3264K)->3102K(3264K)
[4228.590s][info][gc             ] GC(1043) Pause Young (Allocation Failure) 6365M->4066M(6479M) 98.907ms
[4228.590s][info][gc,cpu         ] GC(1043) User=0.55s Sys=0.04s Real=0.10s
..[4230.931s][info][gc,start       ] GC(1044) Pause Young (Allocation Failure)
[4231.033s][info][gc,heap        ] GC(1044) PSYoungGen: 2622336K(2629632K)->157008K(2629632K) Eden: 2463744K(2463744K)->0K(2463744K) From: 158592K(165888K)->157008K(165888K)
[4231.033s][info][gc,heap        ] GC(1044) ParOldGen: 4005010K(4005376K)->4113954K(4114432K)
[4231.033s][info][gc,metaspace   ] GC(1044) Metaspace: 29090K(29376K)->29090K(29376K) NonClass: 25987K(26112K)->25987K(26112K) Class: 3102K(3264K)->3102K(3264K)
[4231.033s][info][gc             ] GC(1044) Pause Young (Allocation Failure) 6472M->4170M(6586M) 101.629ms
[4231.033s][info][gc,cpu         ] GC(1044) User=0.56s Sys=0.04s Real=0.10s
...[4233.444s][info][gc,start       ] GC(1045) Pause Young (Allocation Failure)
[4233.541s][info][gc,heap        ] GC(1045) PSYoungGen: 2620752K(2629632K)->153728K(2628096K) Eden: 2463744K(2463744K)->0K(2464256K) From: 157008K(165888K)->153728K(163840K)
[4233.541s][info][gc,heap        ] GC(1045) ParOldGen: 4113954K(4114432K)->4215658K(4215808K)
[4233.541s][info][gc,metaspace   ] GC(1045) Metaspace: 29090K(29376K)->29090K(29376K) NonClass: 25987K(26112K)->25987K(26112K) Class: 3102K(3264K)->3102K(3264K)
[4233.541s][info][gc             ] GC(1045) Pause Young (Allocation Failure) 6576M->4266M(6683M) 97.782ms
[4233.541s][info][gc,cpu         ] GC(1045) User=0.55s Sys=0.04s Real=0.10s
..[4235.951s][info][gc,start       ] GC(1046) Pause Young (Allocation Failure)
[4236.051s][info][gc,heap        ] GC(1046) PSYoungGen: 2617984K(2628096K)->157408K(2629120K) Eden: 2464256K(2464256K)->0K(2464256K) From: 153728K(163840K)->157408K(164864K)
[4236.051s][info][gc,heap        ] GC(1046) ParOldGen: 4215658K(4215808K)->4320914K(4321280K)
[4236.051s][info][gc,metaspace   ] GC(1046) Metaspace: 29092K(29376K)->29092K(29376K) NonClass: 25989K(26112K)->25989K(26112K) Class: 3102K(3264K)->3102K(3264K)
[4236.051s][info][gc             ] GC(1046) Pause Young (Allocation Failure) 6673M->4373M(6787M) 100.757ms
[4236.051s][info][gc,cpu         ] GC(1046) User=0.55s Sys=0.03s Real=0.10s
.. (rIR:aIR:PR = 6918:6926:6926) (tPR = 102953) [OK] 
  4237s: Performance info:
         Transaction,    Success,    Partial,     Failed,   Receipts, AvgBarcode, 
             Overall,     416947,          0,          0,     396156,      59.48, 
         Response times:
             Request,    Success,    Partial,     Failed,   SkipFail,     Probes,    Samples,      min,      p50,      p90,      p95,      p99,      max, 
       TotalPurchase,     396153,          0,          0,          0,     362161,     419049,      300,     5100,    11900,    33000,   129000,   348000,
     InStorePurchase,     208258,          0,          0,          0,     191221,     221054,      300,     5100,    11800,    33000,   129000,   348000,
      OnlinePurchase,     146199,          0,          0,          0,     132649,     153415,      300,     5200,    12100,    34000,    96000,   274000,
        InstPurchase,      41696,          0,          0,          0,      38291,      44580,      400,     4700,    11500,    32000,   185000,   273000,
          AssocOfCat,        416,          0,          0,          0,        324,        457,    19500,    34000,    51200,    84500,   316000,   348000,
      AssocOfProduct,       4168,          0,          0,          0,       3909,       4762,      500,     4500,    12000,    34000,   206000,   264000,
      BusinessReport,       1040,          0,          0,          0,        925,       1219,    28000,    42000,    73000,   105000,   372000,   980000,
          CustBuyBeh,       4157,          0,          0,          0,       3878,       4782,      200,     4400,    11700,    33000,   188000,   269000,
       ProductReturn,      11011,          0,          0,          0,       9357,      11077,      200,     4600,    11000,    32000,   185000,   270000,

  4237s: (51%)   IR =   7057 [4238.398s][info][gc,start       ] GC(1047) Pause Young (Allocation Failure)
[4238.495s][info][gc,heap        ] GC(1047) PSYoungGen: 2621664K(2629120K)->147776K(2630144K) Eden: 2464256K(2464256K)->0K(2465280K) From: 157408K(164864K)->147776K(164864K)
[4238.495s][info][gc,heap        ] GC(1047) ParOldGen: 4320914K(4321280K)->4428226K(4428288K)
[4238.495s][info][gc,metaspace   ] GC(1047) Metaspace: 29092K(29376K)->29092K(29376K) NonClass: 25989K(26112K)->25989K(26112K) Class: 3102K(3264K)->3102K(3264K)
[4238.495s][info][gc             ] GC(1047) Pause Young (Allocation Failure) 6779M->4468M(6893M) 97.557ms
[4238.495s][info][gc,cpu         ] GC(1047) User=0.54s Sys=0.03s Real=0.10s
...[4240.835s][info][gc,start       ] GC(1048) Pause Young (Allocation Failure)
[4240.938s][info][gc,heap        ] GC(1048) PSYoungGen: 2613056K(2630144K)->161845K(2627584K) Eden: 2465280K(2465280K)->0K(2465280K) From: 147776K(164864K)->161845K(162304K)
[4240.938s][info][gc,heap        ] GC(1048) ParOldGen: 4428226K(4428288K)->4531818K(4532224K)
[4240.938s][info][gc,metaspace   ] GC(1048) Metaspace: 29092K(29376K)->29092K(29376K) NonClass: 25989K(26112K)->25989K(26112K) Class: 3102K(3264K)->3102K(3264K)
[4240.938s][info][gc             ] GC(1048) Pause Young (Allocation Failure) 6876M->4583M(6992M) 102.532ms
[4240.938s][info][gc,cpu         ] GC(1048) User=0.58s Sys=0.02s Real=0.10s
..[4243.274s][info][gc,start       ] GC(1049) Pause Young (Allocation Failure)
[4243.370s][info][gc,heap        ] GC(1049) PSYoungGen: 2627125K(2627584K)->147264K(2629120K) Eden: 2465280K(2465280K)->0K(2462208K) From: 161845K(162304K)->147264K(166912K)
[4243.370s][info][gc,heap        ] GC(1049) ParOldGen: 4531818K(4532224K)->4637682K(4637696K)
[4243.370s][info][gc,metaspace   ] GC(1049) Metaspace: 29092K(29376K)->29092K(29376K) NonClass: 25989K(26112K)->25989K(26112K) Class: 3102K(3264K)->3102K(3264K)
[4243.370s][info][gc             ] GC(1049) Pause Young (Allocation Failure) 6991M->4672M(7096M) 96.788ms
[4243.371s][info][gc,cpu         ] GC(1049) User=0.55s Sys=0.02s Real=0.10s
...[4245.735s][info][gc,start       ] GC(1050) Pause Young (Allocation Failure)
[4245.833s][info][gc,heap        ] GC(1050) PSYoungGen: 2609472K(2629120K)->152096K(2614784K) Eden: 2462208K(2462208K)->0K(2462208K) From: 147264K(166912K)->152096K(152576K)
[4245.833s][info][gc,heap        ] GC(1050) ParOldGen: 4637682K(4637696K)->4742698K(4743168K)
[4245.833s][info][gc,metaspace   ] GC(1050) Metaspace: 29092K(29376K)->29092K(29376K) NonClass: 25989K(26112K)->25989K(26112K) Class: 3102K(3264K)->3102K(3264K)
[4245.833s][info][gc             ] GC(1050) Pause Young (Allocation Failure) 7077M->4780M(7185M) 98.662ms
[4245.834s][info][gc,cpu         ] GC(1050) User=0.55s Sys=0.03s Real=0.09s
..[4248.080s][info][gc,start       ] GC(1051) Pause Young (Allocation Failure)
[4248.187s][info][gc,heap        ] GC(1051) PSYoungGen: 2614304K(2614784K)->166372K(2545664K) Eden: 2462208K(2462208K)->0K(2379264K) From: 152096K(152576K)->166372K(166400K)
[4248.187s][info][gc,heap        ] GC(1051) ParOldGen: 4742698K(4743168K)->4847282K(4847616K)
[4248.187s][info][gc,metaspace   ] GC(1051) Metaspace: 29092K(29376K)->29092K(29376K) NonClass: 25989K(26112K)->25989K(26112K) Class: 3102K(3264K)->3102K(3264K)
[4248.187s][info][gc             ] GC(1051) Pause Young (Allocation Failure) 7184M->4896M(7220M) 106.899ms
[4248.187s][info][gc,cpu         ] GC(1051) User=0.59s Sys=0.04s Real=0.11s
..|.[4250.545s][info][gc,start       ] GC(1052) Pause Young (Allocation Failure)
[4250.644s][info][gc,heap        ] GC(1052) PSYoungGen: 2545636K(2545664K)->154880K(2587648K) Eden: 2379264K(2379264K)->0K(2379264K) From: 166372K(166400K)->154880K(208384K)
[4250.644s][info][gc,heap        ] GC(1052) ParOldGen: 4847282K(4847616K)->4948394K(4948480K)
[4250.644s][info][gc,metaspace   ] GC(1052) Metaspace: 29092K(29376K)->29092K(29376K) NonClass: 25989K(26112K)->25989K(26112K) Class: 3102K(3264K)->3102K(3264K)
[4250.644s][info][gc             ] GC(1052) Pause Young (Allocation Failure) 7219M->4983M(7359M) 98.837ms
[4250.644s][info][gc,cpu         ] GC(1052) User=0.54s Sys=0.04s Real=0.09s
..[4252.818s][info][gc,start       ] GC(1053) Pause Young (Allocation Failure)
[4252.917s][info][gc,heap        ] GC(1053) PSYoungGen: 2534144K(2587648K)->147456K(2583040K) Eden: 2379264K(2379264K)->0K(2381824K) From: 154880K(208384K)->147456K(201216K)
[4252.917s][info][gc,heap        ] GC(1053) ParOldGen: 4948394K(4948480K)->5055826K(5056000K)
[4252.917s][info][gc,metaspace   ] GC(1053) Metaspace: 29092K(29376K)->29092K(29376K) NonClass: 25989K(26112K)->25989K(26112K) Class: 3102K(3264K)->3102K(3264K)
[4252.917s][info][gc             ] GC(1053) Pause Young (Allocation Failure) 7307M->5081M(7460M) 99.015ms
[4252.917s][info][gc,cpu         ] GC(1053) User=0.54s Sys=0.04s Real=0.10s
..[4255.261s][info][gc,start       ] GC(1054) Pause Young (Allocation Failure)
[4255.360s][info][gc,heap        ] GC(1054) PSYoungGen: 2529280K(2583040K)->152096K(2586624K) Eden: 2381824K(2381824K)->0K(2381824K) From: 147456K(201216K)->152096K(204800K)
[4255.360s][info][gc,heap        ] GC(1054) ParOldGen: 5055826K(5056000K)->5156290K(5156352K)
[4255.360s][info][gc,metaspace   ] GC(1054) Metaspace: 29092K(29376K)->29092K(29376K) NonClass: 25989K(26112K)->25989K(26112K) Class: 3102K(3264K)->3102K(3264K)
[4255.360s][info][gc             ] GC(1054) Pause Young (Allocation Failure) 7407M->5183M(7561M) 98.795ms
[4255.360s][info][gc,cpu         ] GC(1054) User=0.55s Sys=0.03s Real=0.10s
...[4257.545s][info][gc,start       ] GC(1055) Pause Young (Allocation Failure)
[4257.641s][info][gc,heap        ] GC(1055) PSYoungGen: 2533920K(2586624K)->145024K(2587648K) Eden: 2381824K(2381824K)->0K(2388480K) From: 152096K(204800K)->145024K(199168K)
[4257.641s][info][gc,heap        ] GC(1055) ParOldGen: 5156290K(5156352K)->5261554K(5261824K)
[4257.641s][info][gc,metaspace   ] GC(1055) Metaspace: 29092K(29376K)->29092K(29376K) NonClass: 25989K(26112K)->25989K(26112K) Class: 3102K(3264K)->3102K(3264K)
[4257.642s][info][gc             ] GC(1055) Pause Young (Allocation Failure) 7509M->5279M(7665M) 96.897ms
[4257.642s][info][gc,cpu         ] GC(1055) User=0.54s Sys=0.03s Real=0.09s
..[4259.941s][info][gc,start       ] GC(1056) Pause Young (Allocation Failure)
[4260.043s][info][gc,heap        ] GC(1056) PSYoungGen: 2533504K(2587648K)->160309K(2590208K) Eden: 2388480K(2388480K)->0K(2388480K) From: 145024K(199168K)->160309K(201728K)
[4260.043s][info][gc,heap        ] GC(1056) ParOldGen: 5261554K(5261824K)->5362562K(5362688K)
[4260.043s][info][gc,metaspace   ] GC(1056) Metaspace: 29092K(29376K)->29092K(29376K) NonClass: 25989K(26112K)->25989K(26112K) Class: 3102K(3264K)->3102K(3264K)
[4260.043s][info][gc             ] GC(1056) Pause Young (Allocation Failure) 7612M->5393M(7766M) 101.839ms
[4260.043s][info][gc,cpu         ] GC(1056) User=0.57s Sys=0.02s Real=0.10s
.[4260.541s][info][gc,start       ] GC(1057) Pause Full (Diagnostic Command)
[4260.541s][info][gc,phases,start] GC(1057) Marking Phase
[4260.846s][info][gc,phases      ] GC(1057) Marking Phase 304.804ms
[4260.846s][info][gc,phases,start] GC(1057) Summary Phase
[4260.846s][info][gc,phases      ] GC(1057) Summary Phase 0.083ms
[4260.846s][info][gc,phases,start] GC(1057) Forward
[4261.018s][info][gc,phases      ] GC(1057) Forward 172.066ms
[4261.018s][info][gc,phases,start] GC(1057) Adjust Pointers
[4261.237s][info][gc,phases      ] GC(1057) Adjust Pointers 219.087ms
[4261.237s][info][gc,phases,start] GC(1057) Compaction Phase
[4261.420s][info][gc,phases      ] GC(1057) Compaction Phase 182.527ms
[4261.423s][info][gc,phases,start] GC(1057) Post Compact
[4261.429s][info][gc,phases      ] GC(1057) Post Compact 5.444ms
[4261.429s][info][gc,heap        ] GC(1057) PSYoungGen: 806739K(2590208K)->0K(2590208K) Eden: 646430K(2388480K)->0K(2388480K) From: 160309K(201728K)->0K(201728K)
[4261.429s][info][gc,heap        ] GC(1057) ParOldGen: 5362562K(5362688K)->1337417K(5362688K)
[4261.429s][info][gc,metaspace   ] GC(1057) Metaspace: 29092K(29376K)->29092K(29376K) NonClass: 25989K(26112K)->25989K(26112K) Class: 3102K(3264K)->3102K(3264K)
[4261.429s][info][gc             ] GC(1057) Pause Full (Diagnostic Command) 6024M->1306M(7766M) 887.621ms
[4261.429s][info][gc,cpu         ] GC(1057) User=4.66s Sys=0.00s Real=0.89s
..[4262.982s][info][gc,start       ] GC(1058) Pause Young (Allocation Failure)
[4263.056s][info][gc,heap        ] GC(1058) PSYoungGen: 2388480K(2590208K)->175367K(2591232K) Eden: 2388480K(2388480K)->0K(2393600K) From: 0K(201728K)->175367K(197632K)
[4263.056s][info][gc,heap        ] GC(1058) ParOldGen: 1337417K(5362688K)->1337417K(5362688K)
[4263.056s][info][gc,metaspace   ] GC(1058) Metaspace: 29092K(29376K)->29092K(29376K) NonClass: 25989K(26112K)->25989K(26112K) Class: 3102K(3264K)->3102K(3264K)
[4263.056s][info][gc             ] GC(1058) Pause Young (Allocation Failure) 3638M->1477M(7767M) 73.756ms
[4263.056s][info][gc,cpu         ] GC(1058) User=0.43s Sys=0.00s Real=0.08s
..[4265.241s][info][gc,start       ] GC(1059) Pause Young (Allocation Failure)
[4265.336s][info][gc,heap        ] GC(1059) PSYoungGen: 2568967K(2591232K)->152981K(2592768K) Eden: 2393600K(2393600K)->0K(2393600K) From: 175367K(197632K)->152981K(199168K)
[4265.336s][info][gc,heap        ] GC(1059) ParOldGen: 1337417K(5362688K)->1445601K(5362688K)
[4265.336s][info][gc,metaspace   ] GC(1059) Metaspace: 29092K(29376K)->29092K(29376K) NonClass: 25989K(26112K)->25989K(26112K) Class: 3102K(3264K)->3102K(3264K)
[4265.336s][info][gc             ] GC(1059) Pause Young (Allocation Failure) 3814M->1561M(7769M) 95.187ms
[4265.336s][info][gc,cpu         ] GC(1059) User=0.56s Sys=0.00s Real=0.10s
..[4267.603s][info][gc,start       ] GC(1060) Pause Young (Allocation Failure)
[4267.692s][info][gc,heap        ] GC(1060) PSYoungGen: 2546581K(2592768K)->148224K(2594304K) Eden: 2393600K(2393600K)->0K(2399744K) From: 152981K(199168K)->148224K(194560K)
[4267.692s][info][gc,heap        ] GC(1060) ParOldGen: 1445601K(5362688K)->1547433K(5362688K)
[4267.692s][info][gc,metaspace   ] GC(1060) Metaspace: 29092K(29376K)->29092K(29376K) NonClass: 25989K(26112K)->25989K(26112K) Class: 3102K(3264K)->3102K(3264K)
[4267.692s][info][gc             ] GC(1060) Pause Young (Allocation Failure) 3898M->1655M(7770M) 89.617ms
[4267.692s][info][gc,cpu         ] GC(1060) User=0.53s Sys=0.00s Real=0.09s
...[4269.923s][info][gc,start       ] GC(1061) Pause Young (Allocation Failure)
[4270.015s][info][gc,heap        ] GC(1061) PSYoungGen: 2547968K(2594304K)->150176K(2595328K) Eden: 2399744K(2399744K)->0K(2399744K) From: 148224K(194560K)->150176K(195584K)
[4270.015s][info][gc,heap        ] GC(1061) ParOldGen: 1547433K(5362688K)->1650929K(5362688K)
[4270.015s][info][gc,metaspace   ] GC(1061) Metaspace: 29092K(29376K)->29092K(29376K) NonClass: 25989K(26112K)->25989K(26112K) Class: 3102K(3264K)->3102K(3264K)
[4270.015s][info][gc             ] GC(1061) Pause Young (Allocation Failure) 3999M->1758M(7771M) 91.705ms
[4270.015s][info][gc,cpu         ] GC(1061) User=0.54s Sys=0.00s Real=0.10s
..[4272.331s][info][gc,start       ] GC(1062) Pause Young (Allocation Failure)
[4272.423s][info][gc,heap        ] GC(1062) PSYoungGen: 2549920K(2595328K)->153828K(2596352K) Eden: 2399744K(2399744K)->0K(2406912K) From: 150176K(195584K)->153828K(189440K)
[4272.423s][info][gc,heap        ] GC(1062) ParOldGen: 1650929K(5362688K)->1752881K(5362688K)
[4272.423s][info][gc,metaspace   ] GC(1062) Metaspace: 29092K(29376K)->29092K(29376K) NonClass: 25989K(26112K)->25989K(26112K) Class: 3102K(3264K)->3102K(3264K)
[4272.423s][info][gc             ] GC(1062) Pause Young (Allocation Failure) 4102M->1862M(7772M) 92.516ms
[4272.423s][info][gc,cpu         ] GC(1062) User=0.54s Sys=0.00s Real=0.09s
..[4274.630s][info][gc,start       ] GC(1063) Pause Young (Allocation Failure)
[4274.722s][info][gc,heap        ] GC(1063) PSYoungGen: 2560740K(2596352K)->151664K(2597888K) Eden: 2406912K(2406912K)->0K(2406912K) From: 153828K(189440K)->151664K(190976K)
[4274.722s][info][gc,heap        ] GC(1063) ParOldGen: 1752881K(5362688K)->1858081K(5362688K)
[4274.722s][info][gc,metaspace   ] GC(1063) Metaspace: 29092K(29376K)->29092K(29376K) NonClass: 25989K(26112K)->25989K(26112K) Class: 3102K(3264K)->3102K(3264K)
[4274.722s][info][gc             ] GC(1063) Pause Young (Allocation Failure) 4212M->1962M(7774M) 92.146ms
[4274.722s][info][gc,cpu         ] GC(1063) User=0.55s Sys=0.00s Real=0.09s
...[4277.060s][info][gc,start       ] GC(1064) Pause Young (Allocation Failure)
[4277.158s][info][gc,heap        ] GC(1064) PSYoungGen: 2558576K(2597888K)->167769K(2604032K) Eden: 2406912K(2406912K)->0K(2415104K) From: 151664K(190976K)->167769K(188928K)
[4277.158s][info][gc,heap        ] GC(1064) ParOldGen: 1858081K(5362688K)->1958417K(5362688K)
[4277.158s][info][gc,metaspace   ] GC(1064) Metaspace: 29092K(29376K)->29092K(29376K) NonClass: 25989K(26112K)->25989K(26112K) Class: 3102K(3264K)->3102K(3264K)
[4277.158s][info][gc             ] GC(1064) Pause Young (Allocation Failure) 4313M->2076M(7780M) 98.026ms
[4277.158s][info][gc,cpu         ] GC(1064) User=0.57s Sys=0.00s Real=0.10s
..[4279.501s][info][gc,start       ] GC(1065) Pause Young (Allocation Failure)
[4279.595s][info][gc,heap        ] GC(1065) PSYoungGen: 2582873K(2604032K)->154980K(2604544K) Eden: 2415104K(2415104K)->0K(2415104K) From: 167769K(188928K)->154980K(189440K)
[4279.595s][info][gc,heap        ] GC(1065) ParOldGen: 1958417K(5362688K)->2062825K(5362688K)
[4279.595s][info][gc,metaspace   ] GC(1065) Metaspace: 29092K(29376K)->29092K(29376K) NonClass: 25989K(26112K)->25989K(26112K) Class: 3102K(3264K)->3102K(3264K)
[4279.595s][info][gc             ] GC(1065) Pause Young (Allocation Failure) 4434M->2165M(7780M) 94.559ms
[4279.595s][info][gc,cpu         ] GC(1065) User=0.56s Sys=0.00s Real=0.10s
...[4281.836s][info][gc,start       ] GC(1066) Pause Young (Allocation Failure)
[4281.931s][info][gc,heap        ] GC(1066) PSYoungGen: 2570084K(2604544K)->155411K(2603008K) Eden: 2415104K(2415104K)->0K(2419200K) From: 154980K(189440K)->155411K(183808K)
[4281.931s][info][gc,heap        ] GC(1066) ParOldGen: 2062825K(5362688K)->2167137K(5362688K)
[4281.931s][info][gc,metaspace   ] GC(1066) Metaspace: 29092K(29376K)->29092K(29376K) NonClass: 25989K(26112K)->25989K(26112K) Class: 3102K(3264K)->3102K(3264K)
[4281.931s][info][gc             ] GC(1066) Pause Young (Allocation Failure) 4524M->2268M(7779M) 94.950ms
[4281.931s][info][gc,cpu         ] GC(1066) User=0.56s Sys=0.01s Real=0.09s
..[4284.202s][info][gc,start       ] GC(1067) Pause Young (Allocation Failure)
[4284.292s][info][gc,heap        ] GC(1067) PSYoungGen: 2574611K(2603008K)->146289K(2604032K) Eden: 2419200K(2419200K)->0K(2419200K) From: 155411K(183808K)->146289K(184832K)
[4284.292s][info][gc,heap        ] GC(1067) ParOldGen: 2167137K(5362688K)->2269697K(5362688K)
[4284.292s][info][gc,metaspace   ] GC(1067) Metaspace: 29092K(29376K)->29092K(29376K) NonClass: 25989K(26112K)->25989K(26112K) Class: 3102K(3264K)->3102K(3264K)
[4284.292s][info][gc             ] GC(1067) Pause Young (Allocation Failure) 4630M->2359M(7780M) 90.319ms
[4284.292s][info][gc,cpu         ] GC(1067) User=0.53s Sys=0.00s Real=0.09s
..[4286.646s][info][gc,start       ] GC(1068) Pause Young (Allocation Failure)
[4286.740s][info][gc,heap        ] GC(1068) PSYoungGen: 2565489K(2604032K)->155616K(2605568K) Eden: 2419200K(2419200K)->0K(2426880K) From: 146289K(184832K)->155616K(178688K)
[4286.740s][info][gc,heap        ] GC(1068) ParOldGen: 2269697K(5362688K)->2373953K(5362688K)
[4286.740s][info][gc,metaspace   ] GC(1068) Metaspace: 29092K(29376K)->29092K(29376K) NonClass: 25989K(26112K)->25989K(26112K) Class: 3102K(3264K)->3102K(3264K)
[4286.740s][info][gc             ] GC(1068) Pause Young (Allocation Failure) 4721M->2470M(7781M) 93.604ms
[4286.740s][info][gc,cpu         ] GC(1068) User=0.55s Sys=0.00s Real=0.09s
...[4289.071s][info][gc,start       ] GC(1069) Pause Young (Allocation Failure)
[4289.169s][info][gc,heap        ] GC(1069) PSYoungGen: 2582496K(2605568K)->160912K(2608640K) Eden: 2426880K(2426880K)->0K(2426880K) From: 155616K(178688K)->160912K(181760K)
[4289.169s][info][gc,heap        ] GC(1069) ParOldGen: 2373953K(5362688K)->2478705K(5362688K)
[4289.169s][info][gc,metaspace   ] GC(1069) Metaspace: 29092K(29376K)->29092K(29376K) NonClass: 25989K(26112K)->25989K(26112K) Class: 3102K(3264K)->3102K(3264K)
[4289.169s][info][gc             ] GC(1069) Pause Young (Allocation Failure) 4840M->2577M(7784M) 97.984ms
[4289.169s][info][gc,cpu         ] GC(1069) User=0.58s Sys=0.00s Real=0.10s
..[4291.436s][info][gc,start       ] GC(1070) Pause Young (Allocation Failure)
[4291.527s][info][gc,heap        ] GC(1070) PSYoungGen: 2587792K(2608640K)->147584K(2612224K) Eden: 2426880K(2426880K)->0K(2433536K) From: 160912K(181760K)->147584K(178688K)
[4291.527s][info][gc,heap        ] GC(1070) ParOldGen: 2478705K(5362688K)->2583833K(5362688K)
[4291.527s][info][gc,metaspace   ] GC(1070) Metaspace: 29092K(29376K)->29092K(29376K) NonClass: 25989K(26112K)->25989K(26112K) Class: 3102K(3264K)->3102K(3264K)
[4291.527s][info][gc             ] GC(1070) Pause Young (Allocation Failure) 4947M->2667M(7788M) 90.361ms
[4291.527s][info][gc,cpu         ] GC(1070) User=0.53s Sys=0.00s Real=0.09s
...[4293.889s][info][gc,start       ] GC(1071) Pause Young (Allocation Failure)
[4293.988s][info][gc,heap        ] GC(1071) PSYoungGen: 2581120K(2612224K)->164100K(2613760K) Eden: 2433536K(2433536K)->0K(2433536K) From: 147584K(178688K)->164100K(180224K)
[4293.988s][info][gc,heap        ] GC(1071) ParOldGen: 2583833K(5362688K)->2687177K(5362688K)
[4293.988s][info][gc,metaspace   ] GC(1071) Metaspace: 29092K(29376K)->29092K(29376K) NonClass: 25989K(26112K)->25989K(26112K) Class: 3102K(3264K)->3102K(3264K)
[4293.988s][info][gc             ] GC(1071) Pause Young (Allocation Failure) 5043M->2784M(7789M) 98.458ms
[4293.988s][info][gc,cpu         ] GC(1071) User=0.58s Sys=0.00s Real=0.10s
..[4296.237s][info][gc,start       ] GC(1072) Pause Young (Allocation Failure)
[4296.328s][info][gc,heap        ] GC(1072) PSYoungGen: 2597636K(2613760K)->150832K(2613248K) Eden: 2433536K(2433536K)->0K(2435072K) From: 164100K(180224K)->150832K(178176K)
[4296.328s][info][gc,heap        ] GC(1072) ParOldGen: 2687177K(5362688K)->2792145K(5362688K)
[4296.328s][info][gc,metaspace   ] GC(1072) Metaspace: 29092K(29376K)->29092K(29376K) NonClass: 25989K(26112K)->25989K(26112K) Class: 3102K(3264K)->3102K(3264K)
[4296.328s][info][gc             ] GC(1072) Pause Young (Allocation Failure) 5160M->2874M(7789M) 91.903ms
[4296.328s][info][gc,cpu         ] GC(1072) User=0.55s Sys=0.00s Real=0.09s
..[4298.670s][info][gc,start       ] GC(1073) Pause Young (Allocation Failure)
[4298.761s][info][gc,heap        ] GC(1073) PSYoungGen: 2585904K(2613248K)->152320K(2614272K) Eden: 2435072K(2435072K)->0K(2435072K) From: 150832K(178176K)->152320K(179200K)
[4298.761s][info][gc,heap        ] GC(1073) ParOldGen: 2792145K(5362688K)->2893881K(5362688K)
[4298.761s][info][gc,metaspace   ] GC(1073) Metaspace: 29092K(29376K)->29092K(29376K) NonClass: 25989K(26112K)->25989K(26112K) Class: 3102K(3264K)->3102K(3264K)
[4298.761s][info][gc             ] GC(1073) Pause Young (Allocation Failure) 5252M->2974M(7790M) 91.590ms
[4298.761s][info][gc,cpu         ] GC(1073) User=0.55s Sys=0.00s Real=0.09s
...[4301.058s][info][gc,start       ] GC(1074) Pause Young (Allocation Failure)
[4301.151s][info][gc,heap        ] GC(1074) PSYoungGen: 2587392K(2614272K)->155360K(2613248K) Eden: 2435072K(2435072K)->0K(2439168K) From: 152320K(179200K)->155360K(174080K)
[4301.151s][info][gc,heap        ] GC(1074) ParOldGen: 2893881K(5362688K)->2998865K(5362688K)
[4301.151s][info][gc,metaspace   ] GC(1074) Metaspace: 29092K(29376K)->29092K(29376K) NonClass: 25989K(26112K)->25989K(26112K) Class: 3102K(3264K)->3102K(3264K)
[4301.151s][info][gc             ] GC(1074) Pause Young (Allocation Failure) 5352M->3080M(7789M) 93.520ms
[4301.151s][info][gc,cpu         ] GC(1074) User=0.55s Sys=0.00s Real=0.09s
..[4303.443s][info][gc,start       ] GC(1075) Pause Young (Allocation Failure)
[4303.537s][info][gc,heap        ] GC(1075) PSYoungGen: 2594528K(2613248K)->154608K(2614784K) Eden: 2439168K(2439168K)->0K(2439168K) From: 155360K(174080K)->154608K(175616K)
[4303.537s][info][gc,heap        ] GC(1075) ParOldGen: 2998865K(5362688K)->3102297K(5362688K)
[4303.537s][info][gc,metaspace   ] GC(1075) Metaspace: 29092K(29376K)->29092K(29376K) NonClass: 25989K(26112K)->25989K(26112K) Class: 3102K(3264K)->3102K(3264K)
[4303.537s][info][gc             ] GC(1075) Pause Young (Allocation Failure) 5462M->3180M(7790M) 94.627ms
[4303.538s][info][gc,cpu         ] GC(1075) User=0.57s Sys=0.00s Real=0.10s
...[4305.903s][info][gc,start       ] GC(1076) Pause Young (Allocation Failure)
[4305.999s][info][gc,heap        ] GC(1076) PSYoungGen: 2593776K(2614784K)->160740K(2620416K) Eden: 2439168K(2439168K)->0K(2446336K) From: 154608K(175616K)->160740K(174080K)
[4305.999s][info][gc,heap        ] GC(1076) ParOldGen: 3102297K(5362688K)->3205409K(5362688K)
[4305.999s][info][gc,metaspace   ] GC(1076) Metaspace: 29092K(29376K)->29092K(29376K) NonClass: 25989K(26112K)->25989K(26112K) Class: 3102K(3264K)->3102K(3264K)
[4305.999s][info][gc             ] GC(1076) Pause Young (Allocation Failure) 5562M->3287M(7796M) 95.730ms
[4305.999s][info][gc,cpu         ] GC(1076) User=0.57s Sys=0.00s Real=0.10s
..[4308.343s][info][gc,start       ] GC(1077) Pause Young (Allocation Failure)
[4308.436s][info][gc,heap        ] GC(1077) PSYoungGen: 2607076K(2620416K)->149024K(2620416K) Eden: 2446336K(2446336K)->0K(2446336K) From: 160740K(174080K)->149024K(174080K)
[4308.436s][info][gc,heap        ] GC(1077) ParOldGen: 3205409K(5362688K)->3310385K(5362688K)
[4308.436s][info][gc,metaspace   ] GC(1077) Metaspace: 29092K(29376K)->29092K(29376K) NonClass: 25989K(26112K)->25989K(26112K) Class: 3102K(3264K)->3102K(3264K)
[4308.436s][info][gc             ] GC(1077) Pause Young (Allocation Failure) 5676M->3378M(7796M) 93.141ms
[4308.436s][info][gc,cpu         ] GC(1077) User=0.55s Sys=0.00s Real=0.10s
.. (rIR:aIR:PR = 7057:7064:7064) (tPR = 104993) [OK] 
  4309s: Performance info:
         Transaction,    Success,    Partial,     Failed,   Receipts, AvgBarcode, 
             Overall,     426048,          0,          0,     404842,      59.47, 
         Response times:
             Request,    Success,    Partial,     Failed,   SkipFail,     Probes,    Samples,      min,      p50,      p90,      p95,      p99,      max, 
       TotalPurchase,     404777,          0,          0,          0,     355381,     435236,      300,     5200,    13200,    38000,   151000,   226000,
     InStorePurchase,     213031,          0,          0,          0,     187342,     229396,      300,     5300,    13300,    39000,   151000,   226000,
      OnlinePurchase,     149070,          0,          0,          0,     130880,     159951,      300,     5000,    13000,    36000,   159000,   226000,
        InstPurchase,      42676,          0,          0,          0,      37159,      45889,      400,     5100,    13400,    39000,   159000,   226000,
          AssocOfCat,        428,          0,          0,          0,        365,        537,    19800,    34000,    50200,   104900,   305700,   374000,
      AssocOfProduct,       4248,          0,          0,          0,       4014,       5127,      600,     4800,    12100,    35000,   231000,   381000,
      BusinessReport,       1066,          0,          0,          0,        929,       1278,    27000,    42000,    80000,   118000,   335180,  1100000,
          CustBuyBeh,       4255,          0,          0,          0,       3981,       5045,      300,     5900,    14440,    40000,   269000,   383000,
       ProductReturn,      11258,          0,          0,          0,       9650,      11926,      200,     5700,    14100,    43000,   263000,   382000,

  4309s: (52%)   IR =   7195 [4310.768s][info][gc,start       ] GC(1078) Pause Young (Allocation Failure)
[4310.866s][info][gc,heap        ] GC(1078) PSYoungGen: 2595360K(2620416K)->158612K(2621440K) Eden: 2446336K(2446336K)->0K(2448384K) From: 149024K(174080K)->158612K(173056K)
[4310.866s][info][gc,heap        ] GC(1078) ParOldGen: 3310385K(5362688K)->3416073K(5362688K)
[4310.866s][info][gc,metaspace   ] GC(1078) Metaspace: 29092K(29376K)->29092K(29376K) NonClass: 25989K(26112K)->25989K(26112K) Class: 3102K(3264K)->3102K(3264K)
[4310.866s][info][gc             ] GC(1078) Pause Young (Allocation Failure) 5767M->3490M(7797M) 97.861ms
[4310.867s][info][gc,cpu         ] GC(1078) User=0.58s Sys=0.00s Real=0.10s
...[4313.162s][info][gc,start       ] GC(1079) Pause Young (Allocation Failure)
[4313.257s][info][gc,heap        ] GC(1079) PSYoungGen: 2606996K(2621440K)->150804K(2621440K) Eden: 2448384K(2448384K)->0K(2448384K) From: 158612K(173056K)->150804K(173056K)
[4313.257s][info][gc,heap        ] GC(1079) ParOldGen: 3416073K(5362688K)->3520945K(5362688K)
[4313.257s][info][gc,metaspace   ] GC(1079) Metaspace: 29092K(29376K)->29092K(29376K) NonClass: 25989K(26112K)->25989K(26112K) Class: 3102K(3264K)->3102K(3264K)
[4313.257s][info][gc             ] GC(1079) Pause Young (Allocation Failure) 5881M->3585M(7797M) 94.409ms
[4313.257s][info][gc,cpu         ] GC(1079) User=0.56s Sys=0.00s Real=0.10s
..|[4315.491s][info][gc,start       ] GC(1080) Pause Young (Allocation Failure)
[4315.585s][info][gc,heap        ] GC(1080) PSYoungGen: 2599188K(2621440K)->153620K(2620928K) Eden: 2448384K(2448384K)->0K(2450944K) From: 150804K(173056K)->153620K(169984K)
[4315.585s][info][gc,heap        ] GC(1080) ParOldGen: 3520945K(5362688K)->3624473K(5362688K)
[4315.585s][info][gc,metaspace   ] GC(1080) Metaspace: 29092K(29376K)->29092K(29376K) NonClass: 25989K(26112K)->25989K(26112K) Class: 3102K(3264K)->3102K(3264K)
[4315.585s][info][gc             ] GC(1080) Pause Young (Allocation Failure) 5976M->3689M(7796M) 94.704ms
[4315.585s][info][gc,cpu         ] GC(1080) User=0.56s Sys=0.00s Real=0.10s
..[4317.920s][info][gc,start       ] GC(1081) Pause Young (Allocation Failure)
[4318.017s][info][gc,heap        ] GC(1081) PSYoungGen: 2604564K(2620928K)->159856K(2621440K) Eden: 2450944K(2450944K)->0K(2450944K) From: 153620K(169984K)->159856K(170496K)
[4318.017s][info][gc,heap        ] GC(1081) ParOldGen: 3624473K(5362688K)->3728825K(5362688K)
[4318.017s][info][gc,metaspace   ] GC(1081) Metaspace: 29092K(29376K)->29092K(29376K) NonClass: 25989K(26112K)->25989K(26112K) Class: 3102K(3264K)->3102K(3264K)
[4318.017s][info][gc             ] GC(1081) Pause Young (Allocation Failure) 6083M->3797M(7797M) 97.658ms
[4318.017s][info][gc,cpu         ] GC(1081) User=0.57s Sys=0.00s Real=0.10s
...[4320.249s][info][gc,start       ] GC(1082) Pause Young (Allocation Failure)
[4320.341s][info][gc,heap        ] GC(1082) PSYoungGen: 2610800K(2621440K)->147232K(2625024K) Eden: 2450944K(2450944K)->0K(2454016K) From: 159856K(170496K)->147232K(171008K)
[4320.341s][info][gc,heap        ] GC(1082) ParOldGen: 3728825K(5362688K)->3833169K(5362688K)
[4320.341s][info][gc,metaspace   ] GC(1082) Metaspace: 29092K(29376K)->29092K(29376K) NonClass: 25989K(26112K)->25989K(26112K) Class: 3102K(3264K)->3102K(3264K)
[4320.341s][info][gc             ] GC(1082) Pause Young (Allocation Failure) 6191M->3887M(7800M) 91.903ms
[4320.341s][info][gc,cpu         ] GC(1082) User=0.54s Sys=0.01s Real=0.09s
..[4322.630s][info][gc,start       ] GC(1083) Pause Young (Allocation Failure)
[4322.730s][info][gc,heap        ] GC(1083) PSYoungGen: 2601248K(2625024K)->162949K(2617344K) Eden: 2454016K(2454016K)->0K(2454016K) From: 147232K(171008K)->162949K(163328K)
[4322.730s][info][gc,heap        ] GC(1083) ParOldGen: 3833169K(5362688K)->3937553K(5362688K)
[4322.730s][info][gc,metaspace   ] GC(1083) Metaspace: 29092K(29376K)->29092K(29376K) NonClass: 25989K(26112K)->25989K(26112K) Class: 3102K(3264K)->3102K(3264K)
[4322.730s][info][gc             ] GC(1083) Pause Young (Allocation Failure) 6283M->4004M(7793M) 100.135ms
[4322.730s][info][gc,cpu         ] GC(1083) User=0.60s Sys=0.00s Real=0.10s
..[4324.977s][info][gc,start       ] GC(1084) Pause Young (Allocation Failure)
[4325.072s][info][gc,heap        ] GC(1084) PSYoungGen: 2616965K(2617344K)->152800K(2625024K) Eden: 2454016K(2454016K)->0K(2452992K) From: 162949K(163328K)->152800K(172032K)
[4325.072s][info][gc,heap        ] GC(1084) ParOldGen: 3937553K(5362688K)->4043609K(5362688K)
[4325.072s][info][gc,metaspace   ] GC(1084) Metaspace: 29092K(29376K)->29092K(29376K) NonClass: 25989K(26112K)->25989K(26112K) Class: 3102K(3264K)->3102K(3264K)
[4325.072s][info][gc             ] GC(1084) Pause Young (Allocation Failure) 6400M->4098M(7800M) 95.562ms
[4325.072s][info][gc,cpu         ] GC(1084) User=0.56s Sys=0.00s Real=0.09s
...[4327.332s][info][gc,start       ] GC(1085) Pause Young (Allocation Failure)
[4327.429s][info][gc,heap        ] GC(1085) PSYoungGen: 2605792K(2625024K)->154224K(2607616K) Eden: 2452992K(2452992K)->0K(2452992K) From: 152800K(172032K)->154224K(154624K)
[4327.429s][info][gc,heap        ] GC(1085) ParOldGen: 4043609K(5362688K)->4146441K(5362688K)
[4327.429s][info][gc,metaspace   ] GC(1085) Metaspace: 29092K(29376K)->29092K(29376K) NonClass: 25989K(26112K)->25989K(26112K) Class: 3102K(3264K)->3102K(3264K)
[4327.429s][info][gc             ] GC(1085) Pause Young (Allocation Failure) 6493M->4199M(7783M) 96.888ms
[4327.429s][info][gc,cpu         ] GC(1085) User=0.57s Sys=0.00s Real=0.10s
..[4329.803s][info][gc,start       ] GC(1086) Pause Young (Allocation Failure)
[4329.898s][info][gc,heap        ] GC(1086) PSYoungGen: 2607216K(2607616K)->154752K(2623488K) Eden: 2452992K(2452992K)->0K(2454016K) From: 154224K(154624K)->154752K(169472K)
[4329.898s][info][gc,heap        ] GC(1086) ParOldGen: 4146441K(5362688K)->4249913K(5362688K)
[4329.898s][info][gc,metaspace   ] GC(1086) Metaspace: 29092K(29376K)->29092K(29376K) NonClass: 25989K(26112K)->25989K(26112K) Class: 3102K(3264K)->3102K(3264K)
[4329.898s][info][gc             ] GC(1086) Pause Young (Allocation Failure) 6595M->4301M(7799M) 95.086ms
[4329.898s][info][gc,cpu         ] GC(1086) User=0.56s Sys=0.00s Real=0.10s
...[4332.206s][info][gc,start       ] GC(1087) Pause Young (Allocation Failure)
[4332.300s][info][gc,heap        ] GC(1087) PSYoungGen: 2608768K(2623488K)->147648K(2622464K) Eden: 2454016K(2454016K)->0K(2454016K) From: 154752K(169472K)->147648K(168448K)
[4332.300s][info][gc,heap        ] GC(1087) ParOldGen: 4249913K(5362688K)->4355657K(5362688K)
[4332.300s][info][gc,metaspace   ] GC(1087) Metaspace: 29092K(29376K)->29092K(29376K) NonClass: 25989K(26112K)->25989K(26112K) Class: 3102K(3264K)->3102K(3264K)
[4332.300s][info][gc             ] GC(1087) Pause Young (Allocation Failure) 6697M->4397M(7798M) 93.943ms
[4332.300s][info][gc,cpu         ] GC(1087) User=0.55s Sys=0.00s Real=0.09s
..[4334.508s][info][gc,start       ] GC(1088) Pause Young (Allocation Failure)
[4334.607s][info][gc,heap        ] GC(1088) PSYoungGen: 2601664K(2622464K)->157248K(2627072K) Eden: 2454016K(2454016K)->0K(2458624K) From: 147648K(168448K)->157248K(168448K)
[4334.607s][info][gc,heap        ] GC(1088) ParOldGen: 4355657K(5362688K)->4461153K(5362688K)
[4334.607s][info][gc,metaspace   ] GC(1088) Metaspace: 29092K(29376K)->29092K(29376K) NonClass: 25989K(26112K)->25989K(26112K) Class: 3102K(3264K)->3102K(3264K)
[4334.607s][info][gc             ] GC(1088) Pause Young (Allocation Failure) 6794M->4510M(7802M) 98.764ms
[4334.607s][info][gc,cpu         ] GC(1088) User=0.57s Sys=0.00s Real=0.10s
..[4336.916s][info][gc,start       ] GC(1089) Pause Young (Allocation Failure)
[4337.012s][info][gc,heap        ] GC(1089) PSYoungGen: 2615872K(2627072K)->155488K(2626560K) Eden: 2458624K(2458624K)->0K(2458624K) From: 157248K(168448K)->155488K(167936K)
[4337.012s][info][gc,heap        ] GC(1089) ParOldGen: 4461153K(5362688K)->4564793K(5362688K)
[4337.012s][info][gc,metaspace   ] GC(1089) Metaspace: 29092K(29376K)->29092K(29376K) NonClass: 25989K(26112K)->25989K(26112K) Class: 3102K(3264K)->3102K(3264K)
[4337.012s][info][gc             ] GC(1089) Pause Young (Allocation Failure) 6911M->4609M(7802M) 95.501ms
[4337.012s][info][gc,cpu         ] GC(1089) User=0.57s Sys=0.00s Real=0.09s
...[4339.315s][info][gc,start       ] GC(1090) Pause Young (Allocation Failure)
[4339.410s][info][gc,heap        ] GC(1090) PSYoungGen: 2614112K(2626560K)->149728K(2626560K) Eden: 2458624K(2458624K)->0K(2459648K) From: 155488K(167936K)->149728K(166912K)
[4339.410s][info][gc,heap        ] GC(1090) ParOldGen: 4564793K(5362688K)->4669849K(5362688K)
[4339.410s][info][gc,metaspace   ] GC(1090) Metaspace: 29092K(29376K)->29092K(29376K) NonClass: 25989K(26112K)->25989K(26112K) Class: 3102K(3264K)->3102K(3264K)
[4339.410s][info][gc             ] GC(1090) Pause Young (Allocation Failure) 7010M->4706M(7802M) 95.259ms
[4339.410s][info][gc,cpu         ] GC(1090) User=0.56s Sys=0.00s Real=0.09s
..[4341.701s][info][gc,start       ] GC(1091) Pause Young (Allocation Failure)
[4341.797s][info][gc,heap        ] GC(1091) PSYoungGen: 2609376K(2626560K)->151648K(2626560K) Eden: 2459648K(2459648K)->0K(2459648K) From: 149728K(166912K)->151648K(166912K)
[4341.797s][info][gc,heap        ] GC(1091) ParOldGen: 4669849K(5362688K)->4775545K(5362688K)
[4341.797s][info][gc,metaspace   ] GC(1091) Metaspace: 29092K(29376K)->29092K(29376K) NonClass: 25989K(26112K)->25989K(26112K) Class: 3102K(3264K)->3102K(3264K)
[4341.797s][info][gc             ] GC(1091) Pause Young (Allocation Failure) 7108M->4811M(7802M) 96.082ms
[4341.797s][info][gc,cpu         ] GC(1091) User=0.56s Sys=0.01s Real=0.10s
...[4344.137s][info][gc,start       ] GC(1092) Pause Young (Allocation Failure)
[4344.236s][info][gc,heap        ] GC(1092) PSYoungGen: 2611296K(2626560K)->159584K(2627072K) Eden: 2459648K(2459648K)->0K(2461184K) From: 151648K(166912K)->159584K(165888K)
[4344.236s][info][gc,heap        ] GC(1092) ParOldGen: 4775545K(5362688K)->4879713K(5362688K)
[4344.236s][info][gc,metaspace   ] GC(1092) Metaspace: 29092K(29376K)->29092K(29376K) NonClass: 25989K(26112K)->25989K(26112K) Class: 3102K(3264K)->3102K(3264K)
[4344.236s][info][gc             ] GC(1092) Pause Young (Allocation Failure) 7213M->4921M(7802M) 99.072ms
[4344.236s][info][gc,cpu         ] GC(1092) User=0.58s Sys=0.00s Real=0.10s
..[4346.541s][info][gc,start       ] GC(1093) Pause Young (Allocation Failure)
[4346.637s][info][gc,heap        ] GC(1093) PSYoungGen: 2620768K(2627072K)->155157K(2628096K) Eden: 2461184K(2461184K)->0K(2461184K) From: 159584K(165888K)->155157K(166912K)
[4346.637s][info][gc,heap        ] GC(1093) ParOldGen: 4879713K(5362688K)->4985601K(5362688K)
[4346.637s][info][gc,metaspace   ] GC(1093) Metaspace: 29092K(29376K)->29092K(29376K) NonClass: 25989K(26112K)->25989K(26112K) Class: 3102K(3264K)->3102K(3264K)
[4346.637s][info][gc             ] GC(1093) Pause Young (Allocation Failure) 7324M->5020M(7803M) 96.244ms
[4346.637s][info][gc,cpu         ] GC(1093) User=0.56s Sys=0.00s Real=0.10s
..[4348.895s][info][gc,start       ] GC(1094) Pause Young (Allocation Failure)
[4348.991s][info][gc,heap        ] GC(1094) PSYoungGen: 2616341K(2628096K)->152960K(2627072K) Eden: 2461184K(2461184K)->0K(2463232K) From: 155157K(166912K)->152960K(163840K)
[4348.991s][info][gc,heap        ] GC(1094) ParOldGen: 4985601K(5362688K)->5088889K(5362688K)
[4348.991s][info][gc,metaspace   ] GC(1094) Metaspace: 29092K(29376K)->29092K(29376K) NonClass: 25989K(26112K)->25989K(26112K) Class: 3102K(3264K)->3102K(3264K)
[4348.991s][info][gc             ] GC(1094) Pause Young (Allocation Failure) 7423M->5118M(7802M) 95.905ms
[4348.991s][info][gc,cpu         ] GC(1094) User=0.56s Sys=0.00s Real=0.09s
...[4351.338s][info][gc,start       ] GC(1095) Pause Young (Allocation Failure)
[4351.439s][info][gc,heap        ] GC(1095) PSYoungGen: 2616192K(2627072K)->161408K(2628096K) Eden: 2463232K(2463232K)->0K(2463232K) From: 152960K(163840K)->161408K(164864K)
[4351.439s][info][gc,heap        ] GC(1095) ParOldGen: 5088889K(5362688K)->5192433K(5362688K)
[4351.439s][info][gc,metaspace   ] GC(1095) Metaspace: 29092K(29376K)->29092K(29376K) NonClass: 25989K(26112K)->25989K(26112K) Class: 3102K(3264K)->3102K(3264K)
[4351.439s][info][gc             ] GC(1095) Pause Young (Allocation Failure) 7524M->5228M(7803M) 100.385ms
[4351.439s][info][gc,cpu         ] GC(1095) User=0.59s Sys=0.00s Real=0.10s
..[4353.652s][info][gc,start       ] GC(1096) Pause Young (Allocation Failure)
[4353.748s][info][gc,heap        ] GC(1096) PSYoungGen: 2624640K(2628096K)->150208K(2629632K) Eden: 2463232K(2463232K)->0K(2463232K) From: 161408K(164864K)->150208K(166400K)
[4353.748s][info][gc,heap        ] GC(1096) ParOldGen: 5192433K(5362688K)->5300161K(5362688K)
[4353.748s][info][gc,metaspace   ] GC(1096) Metaspace: 29092K(29376K)->29092K(29376K) NonClass: 25989K(26112K)->25989K(26112K) Class: 3102K(3264K)->3102K(3264K)
[4353.748s][info][gc             ] GC(1096) Pause Young (Allocation Failure) 7633M->5322M(7805M) 95.757ms
[4353.748s][info][gc,cpu         ] GC(1096) User=0.56s Sys=0.00s Real=0.10s
..[4356.090s][info][gc,start       ] GC(1097) Pause Young (Allocation Failure)
[4356.191s][info][gc,heap        ] GC(1097) PSYoungGen: 2613440K(2629632K)->161075K(2624512K) Eden: 2463232K(2463232K)->0K(2463232K) From: 150208K(166400K)->161075K(161280K)
[4356.191s][info][gc,heap        ] GC(1097) ParOldGen: 5300161K(5362688K)->5401729K(5402112K)
[4356.191s][info][gc,metaspace   ] GC(1097) Metaspace: 29092K(29376K)->29092K(29376K) NonClass: 25989K(26112K)->25989K(26112K) Class: 3102K(3264K)->3102K(3264K)
[4356.191s][info][gc             ] GC(1097) Pause Young (Allocation Failure) 7728M->5432M(7838M) 101.324ms
[4356.192s][info][gc,cpu         ] GC(1097) User=0.59s Sys=0.01s Real=0.10s
...[4358.501s][info][gc,start       ] GC(1098) Pause Young (Allocation Failure)
[4358.602s][info][gc,heap        ] GC(1098) PSYoungGen: 2624307K(2624512K)->158592K(2628608K) Eden: 2463232K(2463232K)->0K(2461184K) From: 161075K(161280K)->158592K(167424K)
[4358.602s][info][gc,heap        ] GC(1098) ParOldGen: 5401729K(5402112K)->5507849K(5508096K)
[4358.602s][info][gc,metaspace   ] GC(1098) Metaspace: 29092K(29376K)->29092K(29376K) NonClass: 25989K(26112K)->25989K(26112K) Class: 3102K(3264K)->3102K(3264K)
[4358.602s][info][gc             ] GC(1098) Pause Young (Allocation Failure) 7837M->5533M(7946M) 101.684ms
[4358.602s][info][gc,cpu         ] GC(1098) User=0.56s Sys=0.03s Real=0.10s
..[4360.877s][info][gc,start       ] GC(1099) Pause Full (Allocation Failure)
[4360.877s][info][gc,phases,start] GC(1099) Marking Phase
[4361.196s][info][gc,phases      ] GC(1099) Marking Phase 319.570ms
[4361.196s][info][gc,phases,start] GC(1099) Summary Phase
[4361.197s][info][gc,phases      ] GC(1099) Summary Phase 0.104ms
[4361.197s][info][gc,phases,start] GC(1099) Forward
[4361.318s][info][gc,phases      ] GC(1099) Forward 121.098ms
[4361.318s][info][gc,phases,start] GC(1099) Adjust Pointers
[4361.534s][info][gc,phases      ] GC(1099) Adjust Pointers 215.328ms
[4361.534s][info][gc,phases,start] GC(1099) Compaction Phase
[4361.684s][info][gc,phases      ] GC(1099) Compaction Phase 150.104ms
[4361.685s][info][gc,phases,start] GC(1099) Post Compact
[4361.692s][info][gc,phases      ] GC(1099) Post Compact 7.057ms
[4361.822s][info][gc,heap        ] GC(1099) PSYoungGen: 2619776K(2628608K)->0K(2628608K) Eden: 2461184K(2461184K)->0K(2461184K) From: 158592K(167424K)->0K(167424K)
[4361.822s][info][gc,heap        ] GC(1099) ParOldGen: 5507849K(5508096K)->1619742K(1899008K)
[4361.822s][info][gc,metaspace   ] GC(1099) Metaspace: 29092K(29376K)->29092K(29376K) NonClass: 25989K(26112K)->25989K(26112K) Class: 3102K(3264K)->3102K(3264K)
[4361.822s][info][gc             ] GC(1099) Pause Full (Allocation Failure) 7937M->1581M(4421M) 945.049ms
[4361.822s][info][gc,cpu         ] GC(1099) User=4.45s Sys=0.13s Real=0.94s
..[4363.239s][info][gc,start       ] GC(1100) Pause Young (Allocation Failure)
[4363.300s][info][gc,heap        ] GC(1100) PSYoungGen: 2461184K(2628608K)->147268K(2627584K) Eden: 2461184K(2461184K)->0K(2460160K) From: 0K(167424K)->147268K(167424K)
[4363.300s][info][gc,heap        ] GC(1100) ParOldGen: 1619742K(1899008K)->1619742K(1899008K)
[4363.300s][info][gc,metaspace   ] GC(1100) Metaspace: 29092K(29376K)->29092K(29376K) NonClass: 25989K(26112K)->25989K(26112K) Class: 3102K(3264K)->3102K(3264K)
[4363.300s][info][gc             ] GC(1100) Pause Young (Allocation Failure) 3985M->1725M(4420M) 61.566ms
[4363.300s][info][gc,cpu         ] GC(1100) User=0.36s Sys=0.00s Real=0.06s
..[4365.607s][info][gc,start       ] GC(1101) Pause Young (Allocation Failure)
[4365.705s][info][gc,heap        ] GC(1101) PSYoungGen: 2607428K(2627584K)->161257K(2621440K) Eden: 2460160K(2460160K)->0K(2460160K) From: 147268K(167424K)->161257K(161280K)
[4365.705s][info][gc,heap        ] GC(1101) ParOldGen: 1619742K(1899008K)->1723939K(1899008K)
[4365.705s][info][gc,metaspace   ] GC(1101) Metaspace: 29092K(29376K)->29092K(29376K) NonClass: 25989K(26112K)->25989K(26112K) Class: 3102K(3264K)->3102K(3264K)
[4365.705s][info][gc             ] GC(1101) Pause Young (Allocation Failure) 4128M->1841M(4414M) 97.286ms
[4365.705s][info][gc,cpu         ] GC(1101) User=0.57s Sys=0.00s Real=0.10s
...[4368.050s][info][gc,start       ] GC(1102) Pause Young (Allocation Failure)
[4368.144s][info][gc,heap        ] GC(1102) PSYoungGen: 2621417K(2621440K)->158816K(2627072K) Eden: 2460160K(2460160K)->0K(2458112K) From: 161257K(161280K)->158816K(168960K)
[4368.144s][info][gc,heap        ] GC(1102) ParOldGen: 1723939K(1899008K)->1827771K(1899008K)
[4368.144s][info][gc,metaspace   ] GC(1102) Metaspace: 29092K(29376K)->29092K(29376K) NonClass: 25989K(26112K)->25989K(26112K) Class: 3102K(3264K)->3102K(3264K)
[4368.144s][info][gc             ] GC(1102) Pause Young (Allocation Failure) 4243M->1940M(4420M) 94.045ms
[4368.144s][info][gc,cpu         ] GC(1102) User=0.55s Sys=0.00s Real=0.09s
..[4370.374s][info][gc,start       ] GC(1103) Pause Young (Allocation Failure)
[4370.478s][info][gc,heap        ] GC(1103) PSYoungGen: 2616928K(2627072K)->168951K(2627072K) Eden: 2458112K(2458112K)->0K(2458112K) From: 158816K(168960K)->168951K(168960K)
[4370.478s][info][gc,heap        ] GC(1103) ParOldGen: 1827771K(1899008K)->1936147K(1936384K)
[4370.478s][info][gc,metaspace   ] GC(1103) Metaspace: 29092K(29376K)->29092K(29376K) NonClass: 25989K(26112K)->25989K(26112K) Class: 3102K(3264K)->3102K(3264K)
[4370.478s][info][gc             ] GC(1103) Pause Young (Allocation Failure) 4340M->2055M(4456M) 103.243ms
[4370.478s][info][gc,cpu         ] GC(1103) User=0.59s Sys=0.02s Real=0.10s
..[4372.797s][info][gc,start       ] GC(1104) Pause Young (Allocation Failure)
[4372.894s][info][gc,heap        ] GC(1104) PSYoungGen: 2627063K(2627072K)->158304K(2545152K) Eden: 2458112K(2458112K)->0K(2376192K) From: 168951K(168960K)->158304K(168960K)
[4372.894s][info][gc,heap        ] GC(1104) ParOldGen: 1936147K(1936384K)->2038435K(2038784K)
[4372.894s][info][gc,metaspace   ] GC(1104) Metaspace: 29092K(29376K)->29092K(29376K) NonClass: 25989K(26112K)->25989K(26112K) Class: 3102K(3264K)->3102K(3264K)
[4372.894s][info][gc             ] GC(1104) Pause Young (Allocation Failure) 4456M->2145M(4476M) 96.540ms
[4372.894s][info][gc,cpu         ] GC(1104) User=0.54s Sys=0.03s Real=0.09s
... (rIR:aIR:PR = 7195:7188:7188) (tPR = 106755) [OK] 
  4374s: Performance info:
         Transaction,    Success,    Partial,     Failed,   Receipts, AvgBarcode, 
             Overall,     431409,          0,          0,     409847,      59.48, 
         Response times:
             Request,    Success,    Partial,     Failed,   SkipFail,     Probes,    Samples,      min,      p50,      p90,      p95,      p99,      max, 
       TotalPurchase,     409866,          0,          0,          0,     357207,     394008,      300,     5400,    15000,    36000,   105000,  1000000,
     InStorePurchase,     215880,          0,          0,          0,     187817,     206562,      300,     5200,    16200,    35000,   105000,  1000000,
      OnlinePurchase,     150751,          0,          0,          0,     131316,     145111,      300,     5700,    13700,    37000,   106000,  1000000,
        InstPurchase,      43235,          0,          0,          0,      38074,      42335,      300,     5400,    16600,    36000,   104000,  1000000,
          AssocOfCat,        435,          0,          0,          0,        351,        484,    19500,    35000,    61000,    85500,   153100,   206000,
      AssocOfProduct,       4304,          0,          0,          0,       4024,       4663,      500,     4100,    11300,    29000,   108360,   185000,
      BusinessReport,       1080,          0,          0,          0,        932,       1168,    28000,    42000,    75000,   105000,   183000,  1100000,
          CustBuyBeh,       4319,          0,          0,          0,       3956,       4600,      200,     5800,    19690,    37000,   100980,   990000,
       ProductReturn,      11414,          0,          0,          0,       9561,      10819,      200,     5500,    18300,    37000,   101000,  1000000,

  4374s: (53%)   IR =   7334 [4375.103s][info][gc,start       ] GC(1105) Pause Young (Allocation Failure)
[4375.205s][info][gc,heap        ] GC(1105) PSYoungGen: 2534496K(2545152K)->157587K(2586112K) Eden: 2376192K(2376192K)->0K(2376192K) From: 158304K(168960K)->157587K(209920K)
[4375.205s][info][gc,heap        ] GC(1105) ParOldGen: 2038435K(2038784K)->2147035K(2147328K)
[4375.205s][info][gc,metaspace   ] GC(1105) Metaspace: 29092K(29376K)->29092K(29376K) NonClass: 25989K(26112K)->25989K(26112K) Class: 3102K(3264K)->3102K(3264K)
[4375.205s][info][gc             ] GC(1105) Pause Young (Allocation Failure) 4465M->2250M(4622M) 102.287ms
[4375.205s][info][gc,cpu         ] GC(1105) User=0.58s Sys=0.03s Real=0.11s
..[4377.312s][info][gc,start       ] GC(1106) Pause Young (Allocation Failure)
[4377.410s][info][gc,heap        ] GC(1106) PSYoungGen: 2533779K(2586112K)->155353K(2578944K) Eden: 2376192K(2376192K)->0K(2379264K) From: 157587K(209920K)->155353K(199680K)
[4377.410s][info][gc,heap        ] GC(1106) ParOldGen: 2147035K(2147328K)->2249211K(2249216K)
[4377.410s][info][gc,metaspace   ] GC(1106) Metaspace: 29092K(29376K)->29092K(29376K) NonClass: 25989K(26112K)->25989K(26112K) Class: 3102K(3264K)->3102K(3264K)
[4377.410s][info][gc             ] GC(1106) Pause Young (Allocation Failure) 4571M->2348M(4715M) 98.044ms
[4377.410s][info][gc,cpu         ] GC(1106) User=0.55s Sys=0.04s Real=0.10s
..[4379.597s][info][gc,start       ] GC(1107) Pause Young (Allocation Failure)
[4379.690s][info][gc,heap        ] GC(1107) PSYoungGen: 2534617K(2578944K)->147424K(2584064K) Eden: 2379264K(2379264K)->0K(2379264K) From: 155353K(199680K)->147424K(204800K)
[4379.690s][info][gc,heap        ] GC(1107) ParOldGen: 2249211K(2249216K)->2351387K(2351616K)
[4379.690s][info][gc,metaspace   ] GC(1107) Metaspace: 29092K(29376K)->29092K(29376K) NonClass: 25989K(26112K)->25989K(26112K) Class: 3102K(3264K)->3102K(3264K)
[4379.690s][info][gc             ] GC(1107) Pause Young (Allocation Failure) 4671M->2440M(4820M) 92.842ms
[4379.690s][info][gc,cpu         ] GC(1107) User=0.50s Sys=0.05s Real=0.09s
.|.[4381.831s][info][gc,start       ] GC(1108) Pause Young (Allocation Failure)
[4381.930s][info][gc,heap        ] GC(1108) PSYoungGen: 2526688K(2584064K)->157440K(2584064K) Eden: 2379264K(2379264K)->0K(2387456K) From: 147424K(204800K)->157440K(196608K)
[4381.930s][info][gc,heap        ] GC(1108) ParOldGen: 2351387K(2351616K)->2454339K(2454528K)
[4381.930s][info][gc,metaspace   ] GC(1108) Metaspace: 29092K(29376K)->29092K(29376K) NonClass: 25989K(26112K)->25989K(26112K) Class: 3102K(3264K)->3102K(3264K)
[4381.930s][info][gc             ] GC(1108) Pause Young (Allocation Failure) 4763M->2550M(4920M) 99.696ms
[4381.930s][info][gc,cpu         ] GC(1108) User=0.56s Sys=0.03s Real=0.10s
...[4384.100s][info][gc,start       ] GC(1109) Pause Young (Allocation Failure)
[4384.201s][info][gc,heap        ] GC(1109) PSYoungGen: 2544896K(2584064K)->160768K(2588160K) Eden: 2387456K(2387456K)->0K(2387456K) From: 157440K(196608K)->160768K(200704K)
[4384.201s][info][gc,heap        ] GC(1109) ParOldGen: 2454339K(2454528K)->2556051K(2556416K)
[4384.201s][info][gc,metaspace   ] GC(1109) Metaspace: 29092K(29376K)->29092K(29376K) NonClass: 25989K(26112K)->25989K(26112K) Class: 3102K(3264K)->3102K(3264K)
[4384.201s][info][gc             ] GC(1109) Pause Young (Allocation Failure) 4882M->2653M(5024M) 100.386ms
[4384.201s][info][gc,cpu         ] GC(1109) User=0.57s Sys=0.02s Real=0.10s
..[4386.356s][info][gc,start       ] GC(1110) Pause Young (Allocation Failure)
[4386.453s][info][gc,heap        ] GC(1110) PSYoungGen: 2548224K(2588160K)->150885K(2591744K) Eden: 2387456K(2387456K)->0K(2398208K) From: 160768K(200704K)->150885K(193536K)
[4386.453s][info][gc,heap        ] GC(1110) ParOldGen: 2556051K(2556416K)->2660411K(2660864K)
[4386.453s][info][gc,metaspace   ] GC(1110) Metaspace: 29092K(29376K)->29092K(29376K) NonClass: 25989K(26112K)->25989K(26112K) Class: 3102K(3264K)->3102K(3264K)
[4386.453s][info][gc             ] GC(1110) Pause Young (Allocation Failure) 4984M->2745M(5129M) 97.198ms
[4386.453s][info][gc,cpu         ] GC(1110) User=0.53s Sys=0.04s Real=0.09s
..[4388.654s][info][gc,start       ] GC(1111) Pause Young (Allocation Failure)
[4388.750s][info][gc,heap        ] GC(1111) PSYoungGen: 2549093K(2591744K)->153728K(2593792K) Eden: 2398208K(2398208K)->0K(2398208K) From: 150885K(193536K)->153728K(195584K)
[4388.750s][info][gc,heap        ] GC(1111) ParOldGen: 2660411K(2660864K)->2762123K(2762240K)
[4388.750s][info][gc,metaspace   ] GC(1111) Metaspace: 29092K(29376K)->29092K(29376K) NonClass: 25989K(26112K)->25989K(26112K) Class: 3102K(3264K)->3102K(3264K)
[4388.750s][info][gc             ] GC(1111) Pause Young (Allocation Failure) 5087M->2847M(5230M) 96.475ms
[4388.750s][info][gc,cpu         ] GC(1111) User=0.54s Sys=0.03s Real=0.10s
..[4390.874s][info][gc,start       ] GC(1112) Pause Young (Allocation Failure)
[4390.974s][info][gc,heap        ] GC(1112) PSYoungGen: 2551936K(2593792K)->155056K(2596352K) Eden: 2398208K(2398208K)->0K(2406912K) From: 153728K(195584K)->155056K(189440K)
[4390.974s][info][gc,heap        ] GC(1112) ParOldGen: 2762123K(2762240K)->2869027K(2869248K)
[4390.974s][info][gc,metaspace   ] GC(1112) Metaspace: 29092K(29376K)->29092K(29376K) NonClass: 25989K(26112K)->25989K(26112K) Class: 3102K(3264K)->3102K(3264K)
[4390.974s][info][gc             ] GC(1112) Pause Young (Allocation Failure) 5189M->2953M(5337M) 99.748ms
[4390.974s][info][gc,cpu         ] GC(1112) User=0.56s Sys=0.03s Real=0.09s
...[4393.181s][info][gc,start       ] GC(1113) Pause Young (Allocation Failure)
[4393.281s][info][gc,heap        ] GC(1113) PSYoungGen: 2561968K(2596352K)->156345K(2598400K) Eden: 2406912K(2406912K)->0K(2406912K) From: 155056K(189440K)->156345K(191488K)
[4393.281s][info][gc,heap        ] GC(1113) ParOldGen: 2869027K(2869248K)->2969827K(2970112K)
[4393.281s][info][gc,metaspace   ] GC(1113) Metaspace: 29092K(29376K)->29092K(29376K) NonClass: 25989K(26112K)->25989K(26112K) Class: 3102K(3264K)->3102K(3264K)
[4393.282s][info][gc             ] GC(1113) Pause Young (Allocation Failure) 5303M->3052M(5438M) 100.440ms
[4393.282s][info][gc,cpu         ] GC(1113) User=0.55s Sys=0.03s Real=0.10s
..[4395.476s][info][gc,start       ] GC(1114) Pause Young (Allocation Failure)
[4395.571s][info][gc,heap        ] GC(1114) PSYoungGen: 2563257K(2598400K)->146592K(2603008K) Eden: 2406912K(2406912K)->0K(2415616K) From: 156345K(191488K)->146592K(187392K)
[4395.571s][info][gc,heap        ] GC(1114) ParOldGen: 2969827K(2970112K)->3074987K(3075072K)
[4395.571s][info][gc,metaspace   ] GC(1114) Metaspace: 29092K(29376K)->29092K(29376K) NonClass: 25989K(26112K)->25989K(26112K) Class: 3102K(3264K)->3102K(3264K)
[4395.571s][info][gc             ] GC(1114) Pause Young (Allocation Failure) 5403M->3146M(5545M) 95.095ms
[4395.571s][info][gc,cpu         ] GC(1114) User=0.52s Sys=0.04s Real=0.09s
..[4397.724s][info][gc,start       ] GC(1115) Pause Young (Allocation Failure)
[4397.818s][info][gc,heap        ] GC(1115) PSYoungGen: 2562208K(2603008K)->149216K(2603520K) Eden: 2415616K(2415616K)->0K(2415616K) From: 146592K(187392K)->149216K(187904K)
[4397.818s][info][gc,heap        ] GC(1115) ParOldGen: 3074987K(3075072K)->3177211K(3177472K)
[4397.818s][info][gc,metaspace   ] GC(1115) Metaspace: 29092K(29376K)->29092K(29376K) NonClass: 25989K(26112K)->25989K(26112K) Class: 3102K(3264K)->3102K(3264K)
[4397.818s][info][gc             ] GC(1115) Pause Young (Allocation Failure) 5505M->3248M(5645M) 94.716ms
[4397.818s][info][gc,cpu         ] GC(1115) User=0.53s Sys=0.03s Real=0.10s
..[4399.975s][info][gc,start       ] GC(1116) Pause Young (Allocation Failure)
[4400.075s][info][gc,heap        ] GC(1116) PSYoungGen: 2564832K(2603520K)->160448K(2604544K) Eden: 2415616K(2415616K)->0K(2421248K) From: 149216K(187904K)->160448K(183296K)
[4400.075s][info][gc,heap        ] GC(1116) ParOldGen: 3177211K(3177472K)->3280259K(3280384K)
[4400.075s][info][gc,metaspace   ] GC(1116) Metaspace: 29092K(29376K)->29092K(29376K) NonClass: 25989K(26112K)->25989K(26112K) Class: 3102K(3264K)->3102K(3264K)
[4400.075s][info][gc             ] GC(1116) Pause Young (Allocation Failure) 5607M->3360M(5747M) 100.813ms
[4400.075s][info][gc,cpu         ] GC(1116) User=0.57s Sys=0.02s Real=0.10s
...[4402.318s][info][gc,start       ] GC(1117) Pause Young (Allocation Failure)
[4402.417s][info][gc,heap        ] GC(1117) PSYoungGen: 2581696K(2604544K)->154884K(2606080K) Eden: 2421248K(2421248K)->0K(2421248K) From: 160448K(183296K)->154884K(184832K)
[4402.417s][info][gc,heap        ] GC(1117) ParOldGen: 3280259K(3280384K)->3385107K(3385344K)
[4402.417s][info][gc,metaspace   ] GC(1117) Metaspace: 29092K(29376K)->29092K(29376K) NonClass: 25989K(26112K)->25989K(26112K) Class: 3102K(3264K)->3102K(3264K)
[4402.417s][info][gc             ] GC(1117) Pause Young (Allocation Failure) 5724M->3457M(5851M) 99.045ms
[4402.417s][info][gc,cpu         ] GC(1117) User=0.56s Sys=0.03s Real=0.10s
..[4404.622s][info][gc,start       ] GC(1118) Pause Young (Allocation Failure)
[4404.723s][info][gc,heap        ] GC(1118) PSYoungGen: 2576132K(2606080K)->159104K(2607616K) Eden: 2421248K(2421248K)->0K(2428416K) From: 154884K(184832K)->159104K(179200K)
[4404.723s][info][gc,heap        ] GC(1118) ParOldGen: 3385107K(3385344K)->3488259K(3488768K)
[4404.723s][info][gc,metaspace   ] GC(1118) Metaspace: 29092K(29376K)->29092K(29376K) NonClass: 25989K(26112K)->25989K(26112K) Class: 3102K(3264K)->3102K(3264K)
[4404.723s][info][gc             ] GC(1118) Pause Young (Allocation Failure) 5821M->3561M(5953M) 100.988ms
[4404.723s][info][gc,cpu         ] GC(1118) User=0.56s Sys=0.04s Real=0.10s
..[4406.855s][info][gc,start       ] GC(1119) Pause Young (Allocation Failure)
[4406.958s][info][gc,heap        ] GC(1119) PSYoungGen: 2587520K(2607616K)->164256K(2609152K) Eden: 2428416K(2428416K)->0K(2428416K) From: 159104K(179200K)->164256K(180736K)
[4406.958s][info][gc,heap        ] GC(1119) ParOldGen: 3488259K(3488768K)->3593043K(3593216K)
[4406.958s][info][gc,metaspace   ] GC(1119) Metaspace: 29092K(29376K)->29092K(29376K) NonClass: 25989K(26112K)->25989K(26112K) Class: 3102K(3264K)->3102K(3264K)
[4406.958s][info][gc             ] GC(1119) Pause Young (Allocation Failure) 5933M->3669M(6057M) 103.539ms
[4406.958s][info][gc,cpu         ] GC(1119) User=0.58s Sys=0.03s Real=0.10s
...[4409.193s][info][gc,start       ] GC(1120) Pause Young (Allocation Failure)
[4409.292s][info][gc,heap        ] GC(1120) PSYoungGen: 2592672K(2609152K)->155680K(2611712K) Eden: 2428416K(2428416K)->0K(2434048K) From: 164256K(180736K)->155680K(177664K)
[4409.293s][info][gc,heap        ] GC(1120) ParOldGen: 3593043K(3593216K)->3695755K(3696128K)
[4409.293s][info][gc,metaspace   ] GC(1120) Metaspace: 29092K(29376K)->29092K(29376K) NonClass: 25989K(26112K)->25989K(26112K) Class: 3102K(3264K)->3102K(3264K)
[4409.293s][info][gc             ] GC(1120) Pause Young (Allocation Failure) 6040M->3761M(6160M) 99.900ms
[4409.293s][info][gc,cpu         ] GC(1120) User=0.56s Sys=0.03s Real=0.10s
..[4411.525s][info][gc,start       ] GC(1121) Pause Young (Allocation Failure)
[4411.624s][info][gc,heap        ] GC(1121) PSYoungGen: 2589728K(2611712K)->154064K(2613248K) Eden: 2434048K(2434048K)->0K(2434048K) From: 155680K(177664K)->154064K(179200K)
[4411.624s][info][gc,heap        ] GC(1121) ParOldGen: 3695755K(3696128K)->3801411K(3801600K)
[4411.624s][info][gc,metaspace   ] GC(1121) Metaspace: 29092K(29376K)->29092K(29376K) NonClass: 25989K(26112K)->25989K(26112K) Class: 3102K(3264K)->3102K(3264K)
[4411.624s][info][gc             ] GC(1121) Pause Young (Allocation Failure) 6138M->3862M(6264M) 99.431ms
[4411.624s][info][gc,cpu         ] GC(1121) User=0.55s Sys=0.04s Real=0.09s
..[4413.874s][info][gc,start       ] GC(1122) Pause Young (Allocation Failure)
[4413.972s][info][gc,heap        ] GC(1122) PSYoungGen: 2588112K(2613248K)->153984K(2614784K) Eden: 2434048K(2434048K)->0K(2439168K) From: 154064K(179200K)->153984K(175616K)
[4413.972s][info][gc,heap        ] GC(1122) ParOldGen: 3801411K(3801600K)->3904067K(3904512K)
[4413.972s][info][gc,metaspace   ] GC(1122) Metaspace: 29092K(29376K)->29092K(29376K) NonClass: 25989K(26112K)->25989K(26112K) Class: 3102K(3264K)->3102K(3264K)
[4413.972s][info][gc             ] GC(1122) Pause Young (Allocation Failure) 6239M->3962M(6366M) 98.435ms
[4413.972s][info][gc,cpu         ] GC(1122) User=0.55s Sys=0.03s Real=0.10s
...[4416.179s][info][gc,start       ] GC(1123) Pause Young (Allocation Failure)
[4416.279s][info][gc,heap        ] GC(1123) PSYoungGen: 2593152K(2614784K)->155828K(2615808K) Eden: 2439168K(2439168K)->0K(2439168K) From: 153984K(175616K)->155828K(176640K)
[4416.279s][info][gc,heap        ] GC(1123) ParOldGen: 3904067K(3904512K)->4008907K(4008960K)
[4416.279s][info][gc,metaspace   ] GC(1123) Metaspace: 29092K(29376K)->29092K(29376K) NonClass: 25989K(26112K)->25989K(26112K) Class: 3102K(3264K)->3102K(3264K)
[4416.279s][info][gc             ] GC(1123) Pause Young (Allocation Failure) 6344M->4067M(6469M) 100.436ms
[4416.279s][info][gc,cpu         ] GC(1123) User=0.56s Sys=0.05s Real=0.10s
..[4418.596s][info][gc,start       ] GC(1124) Pause Young (Allocation Failure)
[4418.700s][info][gc,heap        ] GC(1124) PSYoungGen: 2594996K(2615808K)->168084K(2615808K) Eden: 2439168K(2439168K)->0K(2441216K) From: 155828K(176640K)->168084K(174592K)
[4418.700s][info][gc,heap        ] GC(1124) ParOldGen: 4008907K(4008960K)->4109651K(4109824K)
[4418.700s][info][gc,metaspace   ] GC(1124) Metaspace: 29092K(29376K)->29092K(29376K) NonClass: 25989K(26112K)->25989K(26112K) Class: 3102K(3264K)->3102K(3264K)
[4418.700s][info][gc             ] GC(1124) Pause Young (Allocation Failure) 6449M->4177M(6568M) 103.861ms
[4418.700s][info][gc,cpu         ] GC(1124) User=0.58s Sys=0.03s Real=0.10s
..[4420.986s][info][gc,start       ] GC(1125) Pause Young (Allocation Failure)
[4421.094s][info][gc,heap        ] GC(1125) PSYoungGen: 2609300K(2615808K)->172841K(2614272K) Eden: 2441216K(2441216K)->0K(2441216K) From: 168084K(174592K)->172841K(173056K)
[4421.094s][info][gc,heap        ] GC(1125) ParOldGen: 4109651K(4109824K)->4217219K(4217344K)
[4421.094s][info][gc,metaspace   ] GC(1125) Metaspace: 29092K(29376K)->29092K(29376K) NonClass: 25989K(26112K)->25989K(26112K) Class: 3102K(3264K)->3102K(3264K)
[4421.094s][info][gc             ] GC(1125) Pause Young (Allocation Failure) 6561M->4287M(6671M) 108.657ms
[4421.094s][info][gc,cpu         ] GC(1125) User=0.61s Sys=0.03s Real=0.10s
..[4423.178s][info][gc,start       ] GC(1126) Pause Young (Allocation Failure)
[4423.272s][info][gc,heap        ] GC(1126) PSYoungGen: 2614057K(2614272K)->142112K(2613248K) Eden: 2441216K(2441216K)->0K(2432512K) From: 172841K(173056K)->142112K(180736K)
[4423.272s][info][gc,heap        ] GC(1126) ParOldGen: 4217219K(4217344K)->4322939K(4323328K)
[4423.272s][info][gc,metaspace   ] GC(1126) Metaspace: 29092K(29376K)->29092K(29376K) NonClass: 25989K(26112K)->25989K(26112K) Class: 3102K(3264K)->3102K(3264K)
[4423.272s][info][gc             ] GC(1126) Pause Young (Allocation Failure) 6671M->4360M(6774M) 94.480ms
[4423.272s][info][gc,cpu         ] GC(1126) User=0.52s Sys=0.04s Real=0.09s
...[4425.497s][info][gc,start       ] GC(1127) Pause Young (Allocation Failure)
[4425.593s][info][gc,heap        ] GC(1127) PSYoungGen: 2574624K(2613248K)->148736K(2614272K) Eden: 2432512K(2432512K)->0K(2432512K) From: 142112K(180736K)->148736K(181760K)
[4425.593s][info][gc,heap        ] GC(1127) ParOldGen: 4322939K(4323328K)->4423619K(4423680K)
[4425.593s][info][gc,metaspace   ] GC(1127) Metaspace: 29092K(29376K)->29092K(29376K) NonClass: 25989K(26112K)->25989K(26112K) Class: 3102K(3264K)->3102K(3264K)
[4425.593s][info][gc             ] GC(1127) Pause Young (Allocation Failure) 6735M->4465M(6873M) 95.207ms
[4425.593s][info][gc,cpu         ] GC(1127) User=0.53s Sys=0.03s Real=0.09s
..[4427.831s][info][gc,start       ] GC(1128) Pause Young (Allocation Failure)
[4427.934s][info][gc,heap        ] GC(1128) PSYoungGen: 2581248K(2614272K)->160535K(2612224K) Eden: 2432512K(2432512K)->0K(2433536K) From: 148736K(181760K)->160535K(178688K)
[4427.934s][info][gc,heap        ] GC(1128) ParOldGen: 4423619K(4423680K)->4527339K(4527616K)
[4427.934s][info][gc,metaspace   ] GC(1128) Metaspace: 29092K(29376K)->29092K(29376K) NonClass: 25989K(26112K)->25989K(26112K) Class: 3102K(3264K)->3102K(3264K)
[4427.934s][info][gc             ] GC(1128) Pause Young (Allocation Failure) 6840M->4578M(6972M) 102.970ms
[4427.934s][info][gc,cpu         ] GC(1128) User=0.57s Sys=0.03s Real=0.11s
..[4430.178s][info][gc,start       ] GC(1129) Pause Young (Allocation Failure)
[4430.276s][info][gc,heap        ] GC(1129) PSYoungGen: 2594071K(2612224K)->146720K(2613248K) Eden: 2433536K(2433536K)->0K(2433536K) From: 160535K(178688K)->146720K(179712K)
[4430.276s][info][gc,heap        ] GC(1129) ParOldGen: 4527339K(4527616K)->4630667K(4631040K)
[4430.276s][info][gc,metaspace   ] GC(1129) Metaspace: 29092K(29376K)->29092K(29376K) NonClass: 25989K(26112K)->25989K(26112K) Class: 3102K(3264K)->3102K(3264K)
[4430.276s][info][gc             ] GC(1129) Pause Young (Allocation Failure) 6954M->4665M(7074M) 97.951ms
[4430.276s][info][gc,cpu         ] GC(1129) User=0.54s Sys=0.04s Real=0.10s
...[4432.562s][info][gc,start       ] GC(1130) Pause Young (Allocation Failure)
[4432.660s][info][gc,heap        ] GC(1130) PSYoungGen: 2580256K(2613248K)->149600K(2613760K) Eden: 2433536K(2433536K)->0K(2437120K) From: 146720K(179712K)->149600K(176640K)
[4432.660s][info][gc,heap        ] GC(1130) ParOldGen: 4630667K(4631040K)->4735875K(4736000K)
[4432.660s][info][gc,metaspace   ] GC(1130) Metaspace: 29092K(29376K)->29092K(29376K) NonClass: 25989K(26112K)->25989K(26112K) Class: 3102K(3264K)->3102K(3264K)
[4432.660s][info][gc             ] GC(1130) Pause Young (Allocation Failure) 7041M->4770M(7177M) 98.333ms
[4432.660s][info][gc,cpu         ] GC(1130) User=0.55s Sys=0.03s Real=0.10s
..[4434.883s][info][gc,start       ] GC(1131) Pause Young (Allocation Failure)
[4434.985s][info][gc,heap        ] GC(1131) PSYoungGen: 2586720K(2613760K)->159668K(2615296K) Eden: 2437120K(2437120K)->0K(2437120K) From: 149600K(176640K)->159668K(178176K)
[4434.985s][info][gc,heap        ] GC(1131) ParOldGen: 4735875K(4736000K)->4839475K(4839936K)
[4434.985s][info][gc,metaspace   ] GC(1131) Metaspace: 29092K(29376K)->29092K(29376K) NonClass: 25989K(26112K)->25989K(26112K) Class: 3102K(3264K)->3102K(3264K)
[4434.985s][info][gc             ] GC(1131) Pause Young (Allocation Failure) 7150M->4881M(7280M) 101.608ms
[4434.985s][info][gc,cpu         ] GC(1131) User=0.56s Sys=0.03s Real=0.11s
..[4437.166s][info][gc,start       ] GC(1132) Pause Young (Allocation Failure)
[4437.266s][info][gc,heap        ] GC(1132) PSYoungGen: 2596788K(2615296K)->148592K(2615296K) Eden: 2437120K(2437120K)->0K(2440192K) From: 159668K(178176K)->148592K(175104K)
[4437.266s][info][gc,heap        ] GC(1132) ParOldGen: 4839475K(4839936K)->4944491K(4944896K)
[4437.266s][info][gc,metaspace   ] GC(1132) Metaspace: 29092K(29376K)->29092K(29376K) NonClass: 25989K(26112K)->25989K(26112K) Class: 3102K(3264K)->3102K(3264K)
[4437.266s][info][gc             ] GC(1132) Pause Young (Allocation Failure) 7261M->4973M(7383M) 99.407ms
[4437.266s][info][gc,cpu         ] GC(1132) User=0.56s Sys=0.03s Real=0.10s
...[4439.537s][info][gc,start       ] GC(1133) Pause Young (Allocation Failure)
[4439.636s][info][gc,heap        ] GC(1133) PSYoungGen: 2588784K(2615296K)->152512K(2616832K) Eden: 2440192K(2440192K)->0K(2440192K) From: 148592K(175104K)->152512K(176640K)
[4439.636s][info][gc,heap        ] GC(1133) ParOldGen: 4944491K(4944896K)->5046195K(5046272K)
[4439.636s][info][gc,metaspace   ] GC(1133) Metaspace: 29092K(29376K)->29092K(29376K) NonClass: 25989K(26112K)->25989K(26112K) Class: 3102K(3264K)->3102K(3264K)
[4439.636s][info][gc             ] GC(1133) Pause Young (Allocation Failure) 7356M->5076M(7483M) 98.518ms
[4439.636s][info][gc,cpu         ] GC(1133) User=0.54s Sys=0.04s Real=0.10s
. (rIR:aIR:PR = 7334:7337:7337) (tPR = 108949) [OK] 
  4440s: Performance info:
         Transaction,    Success,    Partial,     Failed,   Receipts, AvgBarcode, 
             Overall,     442586,          0,          0,     420407,      59.48, 
         Response times:
             Request,    Success,    Partial,     Failed,   SkipFail,     Probes,    Samples,      min,      p50,      p90,      p95,      p99,      max, 
       TotalPurchase,     420417,          0,          0,          0,     361582,     392895,      200,     5100,    12400,    29000,    65000,   198000,
     InStorePurchase,     221127,          0,          0,          0,     190464,     206807,      300,     5300,    12600,    30000,    64000,   180000,
      OnlinePurchase,     154915,          0,          0,          0,     132702,     144064,      200,     4900,    12100,    28000,    67000,   198000,
        InstPurchase,      44375,          0,          0,          0,      38416,      42024,      400,     5100,    12400,    28000,    64000,   157000,
          AssocOfCat,        444,          0,          0,          0,        359,        501,    23000,    36000,    60000,    84900,   156920,   208000,
      AssocOfProduct,       4430,          0,          0,          0,       4123,       4701,      700,     6200,    14300,    30000,    75960,   144000,
      BusinessReport,       1109,          0,          0,          0,       1001,       1199,    27000,    44000,    74000,    95000,   155000,   208000,
          CustBuyBeh,       4441,          0,          0,          0,       4129,       4714,      200,     5100,    12750,    29000,    61000,   137000,
       ProductReturn,      11743,          0,          0,          0,      10127,      11204,      100,     4700,    12400,    29000,    64000,   144000,

  4440s: (54%)   IR =   7472 .[4441.835s][info][gc,start       ] GC(1134) Pause Young (Allocation Failure)
[4441.939s][info][gc,heap        ] GC(1134) PSYoungGen: 2592704K(2616832K)->157472K(2617344K) Eden: 2440192K(2440192K)->0K(2444288K) From: 152512K(176640K)->157472K(173056K)
[4441.939s][info][gc,heap        ] GC(1134) ParOldGen: 5046195K(5046272K)->5152467K(5152768K)
[4441.939s][info][gc,metaspace   ] GC(1134) Metaspace: 29092K(29376K)->29092K(29376K) NonClass: 25989K(26112K)->25989K(26112K) Class: 3102K(3264K)->3102K(3264K)
[4441.939s][info][gc             ] GC(1134) Pause Young (Allocation Failure) 7459M->5185M(7588M) 104.032ms
[4441.939s][info][gc,cpu         ] GC(1134) User=0.58s Sys=0.03s Real=0.10s
..[4444.133s][info][gc,start       ] GC(1135) Pause Young (Allocation Failure)
[4444.240s][info][gc,heap        ] GC(1135) PSYoungGen: 2601760K(2617344K)->168421K(2618368K) Eden: 2444288K(2444288K)->0K(2444288K) From: 157472K(173056K)->168421K(174080K)
[4444.240s][info][gc,heap        ] GC(1135) ParOldGen: 5152467K(5152768K)->5255211K(5255680K)
[4444.240s][info][gc,metaspace   ] GC(1135) Metaspace: 29092K(29376K)->29092K(29376K) NonClass: 25989K(26112K)->25989K(26112K) Class: 3102K(3264K)->3102K(3264K)
[4444.240s][info][gc             ] GC(1135) Pause Young (Allocation Failure) 7572M->5296M(7689M) 106.817ms
[4444.240s][info][gc,cpu         ] GC(1135) User=0.60s Sys=0.03s Real=0.11s
..[4446.364s][info][gc,start       ] GC(1136) Pause Young (Allocation Failure)
[4446.468s][info][gc,heap        ] GC(1136) PSYoungGen: 2612709K(2618368K)->161664K(2619392K) Eden: 2444288K(2444288K)->0K(2442240K) From: 168421K(174080K)->161664K(177152K)
[4446.468s][info][gc,heap        ] GC(1136) ParOldGen: 5255211K(5255680K)->5360259K(5360640K)
[4446.468s][info][gc,metaspace   ] GC(1136) Metaspace: 29092K(29376K)->29092K(29376K) NonClass: 25989K(26112K)->25989K(26112K) Class: 3102K(3264K)->3102K(3264K)
[4446.468s][info][gc             ] GC(1136) Pause Young (Allocation Failure) 7683M->5392M(7793M) 103.831ms
[4446.468s][info][gc,cpu         ] GC(1136) User=0.57s Sys=0.03s Real=0.11s
...[4448.718s][info][gc,start       ] GC(1137) Pause Young (Allocation Failure)
[4448.817s][info][gc,heap        ] GC(1137) PSYoungGen: 2603904K(2619392K)->152640K(2595328K) Eden: 2442240K(2442240K)->0K(2442240K) From: 161664K(177152K)->152640K(153088K)
[4448.817s][info][gc,heap        ] GC(1137) ParOldGen: 5360259K(5360640K)->5463603K(5464064K)
[4448.817s][info][gc,metaspace   ] GC(1137) Metaspace: 29092K(29376K)->29092K(29376K) NonClass: 25989K(26112K)->25989K(26112K) Class: 3102K(3264K)->3102K(3264K)
[4448.817s][info][gc             ] GC(1137) Pause Young (Allocation Failure) 7777M->5484M(7870M) 99.467ms
[4448.817s][info][gc,cpu         ] GC(1137) User=0.55s Sys=0.03s Real=0.10s
.|.[4451.039s][info][gc,start       ] GC(1138) Pause Young (Allocation Failure)
[4451.140s][info][gc,heap        ] GC(1138) PSYoungGen: 2594880K(2595328K)->156704K(2619904K) Eden: 2442240K(2442240K)->0K(2444288K) From: 152640K(153088K)->156704K(175616K)
[4451.140s][info][gc,heap        ] GC(1138) ParOldGen: 5463603K(5464064K)->5568003K(5568512K)
[4451.140s][info][gc,metaspace   ] GC(1138) Metaspace: 29092K(29376K)->29092K(29376K) NonClass: 25989K(26112K)->25989K(26112K) Class: 3102K(3264K)->3102K(3264K)
[4451.140s][info][gc             ] GC(1138) Pause Young (Allocation Failure) 7869M->5590M(7996M) 101.146ms
[4451.140s][info][gc,cpu         ] GC(1138) User=0.57s Sys=0.03s Real=0.10s
..[4453.294s][info][gc,start       ] GC(1139) Pause Full (Allocation Failure)
[4453.294s][info][gc,phases,start] GC(1139) Marking Phase
[4453.605s][info][gc,phases      ] GC(1139) Marking Phase 310.206ms
[4453.605s][info][gc,phases,start] GC(1139) Summary Phase
[4453.605s][info][gc,phases      ] GC(1139) Summary Phase 0.115ms
[4453.605s][info][gc,phases,start] GC(1139) Forward
[4453.732s][info][gc,phases      ] GC(1139) Forward 127.526ms
[4453.732s][info][gc,phases,start] GC(1139) Adjust Pointers
[4453.943s][info][gc,phases      ] GC(1139) Adjust Pointers 210.948ms
[4453.943s][info][gc,phases,start] GC(1139) Compaction Phase
[4454.092s][info][gc,phases      ] GC(1139) Compaction Phase 148.336ms
[4454.094s][info][gc,phases,start] GC(1139) Post Compact
[4454.101s][info][gc,phases      ] GC(1139) Post Compact 7.050ms
[4454.225s][info][gc,heap        ] GC(1139) PSYoungGen: 2600992K(2619904K)->0K(2617856K) Eden: 2444288K(2444288K)->0K(2444288K) From: 156704K(175616K)->0K(173568K)
[4454.225s][info][gc,heap        ] GC(1139) ParOldGen: 5568003K(5568512K)->1610902K(1894400K)
[4454.225s][info][gc,metaspace   ] GC(1139) Metaspace: 29092K(29376K)->29092K(29376K) NonClass: 25989K(26112K)->25989K(26112K) Class: 3102K(3264K)->3102K(3264K)
[4454.225s][info][gc             ] GC(1139) Pause Full (Allocation Failure) 7977M->1573M(4406M) 930.876ms
[4454.225s][info][gc,cpu         ] GC(1139) User=4.36s Sys=0.12s Real=0.94s
..[4455.608s][info][gc,start       ] GC(1140) Pause Young (Allocation Failure)
[4455.682s][info][gc,heap        ] GC(1140) PSYoungGen: 2444288K(2617856K)->173550K(2611200K) Eden: 2444288K(2444288K)->0K(2437632K) From: 0K(173568K)->173550K(173568K)
[4455.682s][info][gc,heap        ] GC(1140) ParOldGen: 1610902K(1894400K)->1612734K(1894400K)
[4455.682s][info][gc,metaspace   ] GC(1140) Metaspace: 29092K(29376K)->29092K(29376K) NonClass: 25989K(26112K)->25989K(26112K) Class: 3102K(3264K)->3102K(3264K)
[4455.682s][info][gc             ] GC(1140) Pause Young (Allocation Failure) 3960M->1744M(4400M) 74.320ms
[4455.682s][info][gc,cpu         ] GC(1140) User=0.43s Sys=0.01s Real=0.07s
..[4457.857s][info][gc,start       ] GC(1141) Pause Young (Allocation Failure)
[4457.949s][info][gc,heap        ] GC(1141) PSYoungGen: 2611182K(2611200K)->151968K(2616832K) Eden: 2437632K(2437632K)->0K(2437632K) From: 173550K(173568K)->151968K(179200K)
[4457.949s][info][gc,heap        ] GC(1141) ParOldGen: 1612734K(1894400K)->1718454K(1894400K)
[4457.949s][info][gc,metaspace   ] GC(1141) Metaspace: 29092K(29376K)->29092K(29376K) NonClass: 25989K(26112K)->25989K(26112K) Class: 3102K(3264K)->3102K(3264K)
[4457.949s][info][gc             ] GC(1141) Pause Young (Allocation Failure) 4124M->1826M(4405M) 91.873ms
[4457.949s][info][gc,cpu         ] GC(1141) User=0.54s Sys=0.00s Real=0.09s
..[4460.108s][info][gc,start       ] GC(1142) Pause Young (Allocation Failure)
[4460.203s][info][gc,heap        ] GC(1142) PSYoungGen: 2589600K(2616832K)->159232K(2612736K) Eden: 2437632K(2437632K)->0K(2438656K) From: 151968K(179200K)->159232K(174080K)
[4460.203s][info][gc,heap        ] GC(1142) ParOldGen: 1718454K(1894400K)->1821054K(1894400K)
[4460.203s][info][gc,metaspace   ] GC(1142) Metaspace: 29092K(29376K)->29092K(29376K) NonClass: 25989K(26112K)->25989K(26112K) Class: 3102K(3264K)->3102K(3264K)
[4460.203s][info][gc             ] GC(1142) Pause Young (Allocation Failure) 4207M->1933M(4401M) 95.051ms
[4460.203s][info][gc,cpu         ] GC(1142) User=0.56s Sys=0.00s Real=0.09s
...[4462.454s][info][gc,start       ] GC(1143) Pause Young (Allocation Failure)
[4462.548s][info][gc,heap        ] GC(1143) PSYoungGen: 2597888K(2612736K)->151776K(2615296K) Eden: 2438656K(2438656K)->0K(2438656K) From: 159232K(174080K)->151776K(176640K)
[4462.548s][info][gc,heap        ] GC(1143) ParOldGen: 1821054K(1894400K)->1925118K(1925120K)
[4462.548s][info][gc,metaspace   ] GC(1143) Metaspace: 29092K(29376K)->29092K(29376K) NonClass: 25989K(26112K)->25989K(26112K) Class: 3102K(3264K)->3102K(3264K)
[4462.548s][info][gc             ] GC(1143) Pause Young (Allocation Failure) 4315M->2028M(4434M) 93.255ms
[4462.548s][info][gc,cpu         ] GC(1143) User=0.54s Sys=0.02s Real=0.10s
..[4464.734s][info][gc,start       ] GC(1144) Pause Young (Allocation Failure)
[4464.833s][info][gc,heap        ] GC(1144) PSYoungGen: 2590432K(2615296K)->153171K(2616320K) Eden: 2438656K(2438656K)->0K(2443776K) From: 151776K(176640K)->153171K(172544K)
[4464.833s][info][gc,heap        ] GC(1144) ParOldGen: 1925118K(1925120K)->2031054K(2031104K)
[4464.833s][info][gc,metaspace   ] GC(1144) Metaspace: 29092K(29376K)->29092K(29376K) NonClass: 25989K(26112K)->25989K(26112K) Class: 3102K(3264K)->3102K(3264K)
[4464.833s][info][gc             ] GC(1144) Pause Young (Allocation Failure) 4409M->2133M(4538M) 98.781ms
[4464.833s][info][gc,cpu         ] GC(1144) User=0.55s Sys=0.04s Real=0.10s
..[4467.027s][info][gc,start       ] GC(1145) Pause Young (Allocation Failure)
[4467.127s][info][gc,heap        ] GC(1145) PSYoungGen: 2596947K(2616320K)->159717K(2618368K) Eden: 2443776K(2443776K)->0K(2443776K) From: 153171K(172544K)->159717K(174592K)
[4467.127s][info][gc,heap        ] GC(1145) ParOldGen: 2031054K(2031104K)->2134494K(2134528K)
[4467.127s][info][gc,metaspace   ] GC(1145) Metaspace: 29092K(29376K)->29092K(29376K) NonClass: 25989K(26112K)->25989K(26112K) Class: 3102K(3264K)->3102K(3264K)
[4467.127s][info][gc             ] GC(1145) Pause Young (Allocation Failure) 4519M->2240M(4641M) 100.397ms
[4467.127s][info][gc,cpu         ] GC(1145) User=0.57s Sys=0.03s Real=0.10s
..[4469.294s][info][gc,start       ] GC(1146) Pause Young (Allocation Failure)
[4469.394s][info][gc,heap        ] GC(1146) PSYoungGen: 2603493K(2618368K)->157380K(2617856K) Eden: 2443776K(2443776K)->0K(2447360K) From: 159717K(174592K)->157380K(170496K)
[4469.394s][info][gc,heap        ] GC(1146) ParOldGen: 2134494K(2134528K)->2237134K(2237440K)
[4469.394s][info][gc,metaspace   ] GC(1146) Metaspace: 29092K(29376K)->29092K(29376K) NonClass: 25989K(26112K)->25989K(26112K) Class: 3102K(3264K)->3102K(3264K)
[4469.394s][info][gc             ] GC(1146) Pause Young (Allocation Failure) 4626M->2338M(4741M) 99.450ms
[4469.394s][info][gc,cpu         ] GC(1146) User=0.56s Sys=0.03s Real=0.10s
...[4471.616s][info][gc,start       ] GC(1147) Pause Young (Allocation Failure)
[4471.724s][info][gc,heap        ] GC(1147) PSYoungGen: 2604740K(2617856K)->172532K(2619904K) Eden: 2447360K(2447360K)->0K(2447360K) From: 157380K(170496K)->172532K(172544K)
[4471.724s][info][gc,heap        ] GC(1147) ParOldGen: 2237134K(2237440K)->2346758K(2347008K)
[4471.724s][info][gc,metaspace   ] GC(1147) Metaspace: 29092K(29376K)->29092K(29376K) NonClass: 25989K(26112K)->25989K(26112K) Class: 3102K(3264K)->3102K(3264K)
[4471.724s][info][gc             ] GC(1147) Pause Young (Allocation Failure) 4728M->2460M(4850M) 107.490ms
[4471.724s][info][gc,cpu         ] GC(1147) User=0.60s Sys=0.05s Real=0.10s
..[4473.860s][info][gc,start       ] GC(1148) Pause Young (Allocation Failure)
[4473.958s][info][gc,heap        ] GC(1148) PSYoungGen: 2619892K(2619904K)->157536K(2543104K) Eden: 2447360K(2447360K)->0K(2366976K) From: 172532K(172544K)->157536K(176128K)
[4473.958s][info][gc,heap        ] GC(1148) ParOldGen: 2346758K(2347008K)->2449982K(2450432K)
[4473.958s][info][gc,metaspace   ] GC(1148) Metaspace: 29092K(29376K)->29092K(29376K) NonClass: 25989K(26112K)->25989K(26112K) Class: 3102K(3264K)->3102K(3264K)
[4473.958s][info][gc             ] GC(1148) Pause Young (Allocation Failure) 4850M->2546M(4876M) 97.867ms
[4473.958s][info][gc,cpu         ] GC(1148) User=0.53s Sys=0.04s Real=0.10s
..[4476.073s][info][gc,start       ] GC(1149) Pause Young (Allocation Failure)
[4476.170s][info][gc,heap        ] GC(1149) PSYoungGen: 2524512K(2543104K)->152640K(2581504K) Eden: 2366976K(2366976K)->0K(2366976K) From: 157536K(176128K)->152640K(214528K)
[4476.170s][info][gc,heap        ] GC(1149) ParOldGen: 2449982K(2450432K)->2553750K(2553856K)
[4476.170s][info][gc,metaspace   ] GC(1149) Metaspace: 29092K(29376K)->29092K(29376K) NonClass: 25989K(26112K)->25989K(26112K) Class: 3102K(3264K)->3102K(3264K)
[4476.170s][info][gc             ] GC(1149) Pause Young (Allocation Failure) 4857M->2642M(5015M) 96.800ms
[4476.170s][info][gc,cpu         ] GC(1149) User=0.54s Sys=0.03s Real=0.10s
..[4478.318s][info][gc,start       ] GC(1150) Pause Young (Allocation Failure)
[4478.415s][info][gc,heap        ] GC(1150) PSYoungGen: 2519616K(2581504K)->151424K(2576384K) Eden: 2366976K(2366976K)->0K(2369024K) From: 152640K(214528K)->151424K(207360K)
[4478.415s][info][gc,heap        ] GC(1150) ParOldGen: 2553750K(2553856K)->2656558K(2656768K)
[4478.415s][info][gc,metaspace   ] GC(1150) Metaspace: 29092K(29376K)->29092K(29376K) NonClass: 25989K(26112K)->25989K(26112K) Class: 3102K(3264K)->3102K(3264K)
[4478.415s][info][gc             ] GC(1150) Pause Young (Allocation Failure) 4954M->2742M(5110M) 96.976ms
[4478.415s][info][gc,cpu         ] GC(1150) User=0.53s Sys=0.04s Real=0.10s
...[4480.533s][info][gc,start       ] GC(1151) Pause Young (Allocation Failure)
[4480.632s][info][gc,heap        ] GC(1151) PSYoungGen: 2520448K(2576384K)->151552K(2579968K) Eden: 2369024K(2369024K)->0K(2369024K) From: 151424K(207360K)->151552K(210944K)
[4480.632s][info][gc,heap        ] GC(1151) ParOldGen: 2656558K(2656768K)->2761222K(2761728K)
[4480.632s][info][gc,metaspace   ] GC(1151) Metaspace: 29092K(29376K)->29092K(29376K) NonClass: 25989K(26112K)->25989K(26112K) Class: 3102K(3264K)->3102K(3264K)
[4480.632s][info][gc             ] GC(1151) Pause Young (Allocation Failure) 5055M->2844M(5216M) 98.673ms
[4480.632s][info][gc,cpu         ] GC(1151) User=0.55s Sys=0.03s Real=0.10s
..[4482.660s][info][gc,start       ] GC(1152) Pause Young (Allocation Failure)
[4482.756s][info][gc,heap        ] GC(1152) PSYoungGen: 2520576K(2579968K)->146816K(2580992K) Eden: 2369024K(2369024K)->0K(2376704K) From: 151552K(210944K)->146816K(204288K)
[4482.756s][info][gc,heap        ] GC(1152) ParOldGen: 2761222K(2761728K)->2864710K(2865152K)
[4482.756s][info][gc,metaspace   ] GC(1152) Metaspace: 29092K(29376K)->29092K(29376K) NonClass: 25989K(26112K)->25989K(26112K) Class: 3102K(3264K)->3102K(3264K)
[4482.756s][info][gc             ] GC(1152) Pause Young (Allocation Failure) 5158M->2940M(5318M) 95.473ms
[4482.756s][info][gc,cpu         ] GC(1152) User=0.53s Sys=0.04s Real=0.10s
..[4484.990s][info][gc,start       ] GC(1153) Pause Young (Allocation Failure)
[4485.087s][info][gc,heap        ] GC(1153) PSYoungGen: 2523520K(2580992K)->155168K(2583552K) Eden: 2376704K(2376704K)->0K(2376704K) From: 146816K(204288K)->155168K(206848K)
[4485.087s][info][gc,heap        ] GC(1153) ParOldGen: 2864710K(2865152K)->2965622K(2966016K)
[4485.087s][info][gc,metaspace   ] GC(1153) Metaspace: 29092K(29376K)->29092K(29376K) NonClass: 25989K(26112K)->25989K(26112K) Class: 3102K(3264K)->3102K(3264K)
[4485.087s][info][gc             ] GC(1153) Pause Young (Allocation Failure) 5261M->3047M(5419M) 96.443ms
[4485.087s][info][gc,cpu         ] GC(1153) User=0.54s Sys=0.02s Real=0.10s
..[4487.157s][info][gc,start       ] GC(1154) Pause Young (Allocation Failure)
[4487.250s][info][gc,heap        ] GC(1154) PSYoungGen: 2531872K(2583552K)->140384K(2588672K) Eden: 2376704K(2376704K)->0K(2385408K) From: 155168K(206848K)->140384K(203264K)
[4487.250s][info][gc,heap        ] GC(1154) ParOldGen: 2965622K(2966016K)->3071926K(3072000K)
[4487.250s][info][gc,metaspace   ] GC(1154) Metaspace: 29092K(29376K)->29092K(29376K) NonClass: 25989K(26112K)->25989K(26112K) Class: 3102K(3264K)->3102K(3264K)
[4487.250s][info][gc             ] GC(1154) Pause Young (Allocation Failure) 5368M->3137M(5528M) 93.006ms
[4487.250s][info][gc,cpu         ] GC(1154) User=0.50s Sys=0.05s Real=0.09s
..[4489.428s][info][gc,start       ] GC(1155) Pause Young (Allocation Failure)
[4489.525s][info][gc,heap        ] GC(1155) PSYoungGen: 2525792K(2588672K)->153952K(2588672K) Eden: 2385408K(2385408K)->0K(2385408K) From: 140384K(203264K)->153952K(203264K)
[4489.525s][info][gc,heap        ] GC(1155) ParOldGen: 3071926K(3072000K)->3173142K(3173376K)
[4489.525s][info][gc,metaspace   ] GC(1155) Metaspace: 29092K(29376K)->29092K(29376K) NonClass: 25989K(26112K)->25989K(26112K) Class: 3102K(3264K)->3102K(3264K)
[4489.525s][info][gc             ] GC(1155) Pause Young (Allocation Failure) 5466M->3249M(5627M) 97.228ms
[4489.525s][info][gc,cpu         ] GC(1155) User=0.54s Sys=0.04s Real=0.10s
...[4491.602s][info][gc,start       ] GC(1156) Pause Young (Allocation Failure)
[4491.697s][info][gc,heap        ] GC(1156) PSYoungGen: 2539360K(2588672K)->146336K(2590720K) Eden: 2385408K(2385408K)->0K(2391552K) From: 153952K(203264K)->146336K(199168K)
[4491.697s][info][gc,heap        ] GC(1156) ParOldGen: 3173142K(3173376K)->3278110K(3278336K)
[4491.697s][info][gc,metaspace   ] GC(1156) Metaspace: 29092K(29376K)->29092K(29376K) NonClass: 25989K(26112K)->25989K(26112K) Class: 3102K(3264K)->3102K(3264K)
[4491.697s][info][gc             ] GC(1156) Pause Young (Allocation Failure) 5578M->3344M(5731M) 94.886ms
[4491.697s][info][gc,cpu         ] GC(1156) User=0.52s Sys=0.04s Real=0.10s
..[4493.868s][info][gc,start       ] GC(1157) Pause Young (Allocation Failure)
[4493.965s][info][gc,heap        ] GC(1157) PSYoungGen: 2537888K(2590720K)->153152K(2589184K) Eden: 2391552K(2391552K)->0K(2391552K) From: 146336K(199168K)->153152K(197632K)
[4493.965s][info][gc,heap        ] GC(1157) ParOldGen: 3278110K(3278336K)->3379254K(3379712K)
[4493.965s][info][gc,metaspace   ] GC(1157) Metaspace: 29092K(29376K)->29092K(29376K) NonClass: 25989K(26112K)->25989K(26112K) Class: 3102K(3264K)->3102K(3264K)
[4493.965s][info][gc             ] GC(1157) Pause Young (Allocation Failure) 5679M->3449M(5829M) 96.832ms
[4493.965s][info][gc,cpu         ] GC(1157) User=0.54s Sys=0.03s Real=0.10s
..[4496.059s][info][gc,start       ] GC(1158) Pause Young (Allocation Failure)
[4496.161s][info][gc,heap        ] GC(1158) PSYoungGen: 2544704K(2589184K)->158928K(2595328K) Eden: 2391552K(2391552K)->0K(2402304K) From: 153152K(197632K)->158928K(193024K)
[4496.161s][info][gc,heap        ] GC(1158) ParOldGen: 3379254K(3379712K)->3483982K(3484160K)
[4496.161s][info][gc,metaspace   ] GC(1158) Metaspace: 29092K(29376K)->29092K(29376K) NonClass: 25989K(26112K)->25989K(26112K) Class: 3102K(3264K)->3102K(3264K)
[4496.161s][info][gc             ] GC(1158) Pause Young (Allocation Failure) 5785M->3557M(5937M) 102.134ms
[4496.161s][info][gc,cpu         ] GC(1158) User=0.57s Sys=0.03s Real=0.10s
..[4498.318s][info][gc,start       ] GC(1159) Pause Young (Allocation Failure)
[4498.422s][info][gc,heap        ] GC(1159) PSYoungGen: 2561232K(2595328K)->161444K(2593792K) Eden: 2402304K(2402304K)->0K(2402304K) From: 158928K(193024K)->161444K(191488K)
[4498.422s][info][gc,heap        ] GC(1159) ParOldGen: 3483982K(3484160K)->3587846K(3588096K)
[4498.422s][info][gc,metaspace   ] GC(1159) Metaspace: 29092K(29376K)->29092K(29376K) NonClass: 25989K(26112K)->25989K(26112K) Class: 3102K(3264K)->3102K(3264K)
[4498.422s][info][gc             ] GC(1159) Pause Young (Allocation Failure) 5903M->3661M(6037M) 103.406ms
[4498.422s][info][gc,cpu         ] GC(1159) User=0.57s Sys=0.03s Real=0.10s
...[4500.587s][info][gc,start       ] GC(1160) Pause Young (Allocation Failure)
[4500.689s][info][gc,heap        ] GC(1160) PSYoungGen: 2563748K(2593792K)->163721K(2601472K) Eden: 2402304K(2402304K)->0K(2412032K) From: 161444K(191488K)->163721K(189440K)
[4500.689s][info][gc,heap        ] GC(1160) ParOldGen: 3587846K(3588096K)->3690206K(3690496K)
[4500.689s][info][gc,metaspace   ] GC(1160) Metaspace: 29092K(29376K)->29092K(29376K) NonClass: 25989K(26112K)->25989K(26112K) Class: 3102K(3264K)->3102K(3264K)
[4500.689s][info][gc             ] GC(1160) Pause Young (Allocation Failure) 6007M->3763M(6144M) 102.614ms
[4500.690s][info][gc,cpu         ] GC(1160) User=0.57s Sys=0.04s Real=0.10s
..[4502.725s][info][gc,start       ] GC(1161) Pause Young (Allocation Failure)
[4502.827s][info][gc,heap        ] GC(1161) PSYoungGen: 2575753K(2601472K)->158357K(2600960K) Eden: 2412032K(2412032K)->0K(2412032K) From: 163721K(189440K)->158357K(188928K)
[4502.827s][info][gc,heap        ] GC(1161) ParOldGen: 3690206K(3690496K)->3796030K(3796480K)
[4502.827s][info][gc,metaspace   ] GC(1161) Metaspace: 29092K(29376K)->29092K(29376K) NonClass: 25989K(26112K)->25989K(26112K) Class: 3102K(3264K)->3102K(3264K)
[4502.827s][info][gc             ] GC(1161) Pause Young (Allocation Failure) 6119M->3861M(6247M) 101.333ms
[4502.827s][info][gc,cpu         ] GC(1161) User=0.56s Sys=0.04s Real=0.10s
..[4505.070s][info][gc,start       ] GC(1162) Pause Young (Allocation Failure)
[4505.172s][info][gc,heap        ] GC(1162) PSYoungGen: 2570389K(2600960K)->167258K(2603008K) Eden: 2412032K(2412032K)->0K(2417152K) From: 158357K(188928K)->167258K(185856K)
[4505.172s][info][gc,heap        ] GC(1162) ParOldGen: 3796030K(3796480K)->3896158K(3896320K)
[4505.172s][info][gc,metaspace   ] GC(1162) Metaspace: 29092K(29376K)->29092K(29376K) NonClass: 25989K(26112K)->25989K(26112K) Class: 3102K(3264K)->3102K(3264K)
[4505.172s][info][gc             ] GC(1162) Pause Young (Allocation Failure) 6217M->3968M(6347M) 102.077ms
[4505.172s][info][gc,cpu         ] GC(1162) User=0.58s Sys=0.01s Real=0.10s
..[4507.378s][info][gc,start       ] GC(1163) Pause Young (Allocation Failure)
[4507.474s][info][gc,heap        ] GC(1163) PSYoungGen: 2584410K(2603008K)->148736K(2603520K) Eden: 2417152K(2417152K)->0K(2417152K) From: 167258K(185856K)->148736K(186368K)
[4507.474s][info][gc,heap        ] GC(1163) ParOldGen: 3896158K(3896320K)->3999110K(3999232K)
[4507.474s][info][gc,metaspace   ] GC(1163) Metaspace: 29092K(29376K)->29092K(29376K) NonClass: 25989K(26112K)->25989K(26112K) Class: 3102K(3264K)->3102K(3264K)
[4507.474s][info][gc             ] GC(1163) Pause Young (Allocation Failure) 6328M->4050M(6448M) 95.939ms
[4507.474s][info][gc,cpu         ] GC(1163) User=0.54s Sys=0.04s Real=0.09s
..[4509.502s][info][gc,start       ] GC(1164) Pause Young (Allocation Failure)
[4509.599s][info][gc,heap        ] GC(1164) PSYoungGen: 2565888K(2603520K)->146496K(2609152K) Eden: 2417152K(2417152K)->0K(2424320K) From: 148736K(186368K)->146496K(184832K)
[4509.599s][info][gc,heap        ] GC(1164) ParOldGen: 3999110K(3999232K)->4104038K(4104192K)
[4509.599s][info][gc,metaspace   ] GC(1164) Metaspace: 29092K(29376K)->29092K(29376K) NonClass: 25989K(26112K)->25989K(26112K) Class: 3102K(3264K)->3102K(3264K)
[4509.599s][info][gc             ] GC(1164) Pause Young (Allocation Failure) 6411M->4150M(6556M) 96.826ms
[4509.599s][info][gc,cpu         ] GC(1164) User=0.53s Sys=0.03s Real=0.10s
. (rIR:aIR:PR = 7472:7464:7464) (tPR = 110172) [OK] 
  4509s: Performance info:
         Transaction,    Success,    Partial,     Failed,   Receipts, AvgBarcode, 
             Overall,     448706,          0,          0,     426286,      59.48, 
         Response times:
             Request,    Success,    Partial,     Failed,   SkipFail,     Probes,    Samples,      min,      p50,      p90,      p95,      p99,      max, 
       TotalPurchase,     426295,          0,          0,          0,     356775,     417211,      300,     5300,    18100,    42000,   134000,   990000,
     InStorePurchase,     224804,          0,          0,          0,     187423,     218935,      300,     5100,    18000,    42000,   134000,   980000,
      OnlinePurchase,     156541,          0,          0,          0,     131964,     153972,      300,     5300,    17600,    42000,   133270,   990000,
        InstPurchase,      44950,          0,          0,          0,      37388,      44304,      400,     6100,    20000,    46000,   155000,   950000,
          AssocOfCat,        443,          0,          0,          0,        333,        469,    22000,    37000,    66000,    97000,   181000,   980000,
      AssocOfProduct,       4484,          0,          0,          0,       4248,       5198,      400,     3700,    14600,    33050,   130000,   166000,
      BusinessReport,       1121,          0,          0,          0,        961,       1279,    30000,    45000,    82000,   125000,   162200,   202000,
          CustBuyBeh,       4487,          0,          0,          0,       4264,       5163,      300,     5100,    16300,    37000,   121360,   166000,
       ProductReturn,      11886,          0,          0,          0,      10236,      12148,      200,     4300,    15700,    40000,   151000,   950000,

  4509s: (55%)   IR =   7610 ..[4511.858s][info][gc,start       ] GC(1165) Pause Young (Allocation Failure)
[4511.957s][info][gc,heap        ] GC(1165) PSYoungGen: 2570816K(2609152K)->155872K(2580480K) Eden: 2424320K(2424320K)->0K(2424320K) From: 146496K(184832K)->155872K(156160K)
[4511.957s][info][gc,heap        ] GC(1165) ParOldGen: 4104038K(4104192K)->4205646K(4206080K)
[4511.957s][info][gc,metaspace   ] GC(1165) Metaspace: 29094K(29376K)->29094K(29376K) NonClass: 25991K(26112K)->25991K(26112K) Class: 3102K(3264K)->3102K(3264K)
[4511.957s][info][gc             ] GC(1165) Pause Young (Allocation Failure) 6518M->4259M(6627M) 98.886ms
[4511.957s][info][gc,cpu         ] GC(1165) User=0.55s Sys=0.05s Real=0.10s
..|[4514.066s][info][gc,start       ] GC(1166) Pause Young (Allocation Failure)
[4514.166s][info][gc,heap        ] GC(1166) PSYoungGen: 2580192K(2580480K)->155520K(2611200K) Eden: 2424320K(2424320K)->0K(2428928K) From: 155872K(156160K)->155520K(182272K)
[4514.166s][info][gc,heap        ] GC(1166) ParOldGen: 4205646K(4206080K)->4310446K(4310528K)
[4514.166s][info][gc,metaspace   ] GC(1166) Metaspace: 29094K(29376K)->29094K(29376K) NonClass: 25991K(26112K)->25991K(26112K) Class: 3102K(3264K)->3102K(3264K)
[4514.166s][info][gc             ] GC(1166) Pause Young (Allocation Failure) 6626M->4361M(6759M) 99.194ms
[4514.166s][info][gc,cpu         ] GC(1166) User=0.55s Sys=0.02s Real=0.10s
..[4516.265s][info][gc,start       ] GC(1167) Pause Young (Allocation Failure)
[4516.368s][info][gc,heap        ] GC(1167) PSYoungGen: 2584448K(2611200K)->157759K(2608640K) Eden: 2428928K(2428928K)->0K(2428928K) From: 155520K(182272K)->157759K(179712K)
[4516.368s][info][gc,heap        ] GC(1167) ParOldGen: 4310446K(4310528K)->4414990K(4415488K)
[4516.368s][info][gc,metaspace   ] GC(1167) Metaspace: 29094K(29376K)->29094K(29376K) NonClass: 25991K(26112K)->25991K(26112K) Class: 3102K(3264K)->3102K(3264K)
[4516.368s][info][gc             ] GC(1167) Pause Young (Allocation Failure) 6733M->4465M(6859M) 102.300ms
[4516.368s][info][gc,cpu         ] GC(1167) User=0.56s Sys=0.03s Real=0.10s
..[4518.525s][info][gc,start       ] GC(1168) Pause Young (Allocation Failure)
[4518.623s][info][gc,heap        ] GC(1168) PSYoungGen: 2586687K(2608640K)->152224K(2613760K) Eden: 2428928K(2428928K)->0K(2435584K) From: 157759K(179712K)->152224K(178176K)
[4518.623s][info][gc,heap        ] GC(1168) ParOldGen: 4414990K(4415488K)->4517598K(4517888K)
[4518.623s][info][gc,metaspace   ] GC(1168) Metaspace: 29094K(29376K)->29094K(29376K) NonClass: 25991K(26112K)->25991K(26112K) Class: 3102K(3264K)->3102K(3264K)
[4518.623s][info][gc             ] GC(1168) Pause Young (Allocation Failure) 6837M->4560M(6964M) 97.125ms
[4518.623s][info][gc,cpu         ] GC(1168) User=0.54s Sys=0.04s Real=0.09s
...[4520.742s][info][gc,start       ] GC(1169) Pause Young (Allocation Failure)
[4520.843s][info][gc,heap        ] GC(1169) PSYoungGen: 2587808K(2613760K)->159163K(2612224K) Eden: 2435584K(2435584K)->0K(2435584K) From: 152224K(178176K)->159163K(176640K)
[4520.843s][info][gc,heap        ] GC(1169) ParOldGen: 4517598K(4517888K)->4622798K(4622848K)
[4520.843s][info][gc,metaspace   ] GC(1169) Metaspace: 29094K(29376K)->29094K(29376K) NonClass: 25991K(26112K)->25991K(26112K) Class: 3102K(3264K)->3102K(3264K)
[4520.843s][info][gc             ] GC(1169) Pause Young (Allocation Failure) 6938M->4669M(7065M) 101.053ms
[4520.843s][info][gc,cpu         ] GC(1169) User=0.57s Sys=0.03s Real=0.10s
..[4522.959s][info][gc,start       ] GC(1170) Pause Young (Allocation Failure)
[4523.061s][info][gc,heap        ] GC(1170) PSYoungGen: 2594747K(2612224K)->160544K(2617344K) Eden: 2435584K(2435584K)->0K(2441728K) From: 159163K(176640K)->160544K(175616K)
[4523.061s][info][gc,heap        ] GC(1170) ParOldGen: 4622798K(4622848K)->4729142K(4729344K)
[4523.061s][info][gc,metaspace   ] GC(1170) Metaspace: 29094K(29376K)->29094K(29376K) NonClass: 25991K(26112K)->25991K(26112K) Class: 3102K(3264K)->3102K(3264K)
[4523.061s][info][gc             ] GC(1170) Pause Young (Allocation Failure) 7048M->4775M(7174M) 102.369ms
[4523.061s][info][gc,cpu         ] GC(1170) User=0.56s Sys=0.04s Real=0.10s
..[4525.235s][info][gc,start       ] GC(1171) Pause Young (Allocation Failure)
[4525.332s][info][gc,heap        ] GC(1171) PSYoungGen: 2602272K(2617344K)->150323K(2616832K) Eden: 2441728K(2441728K)->0K(2441728K) From: 160544K(175616K)->150323K(175104K)
[4525.332s][info][gc,heap        ] GC(1171) ParOldGen: 4729142K(4729344K)->4832982K(4833280K)
[4525.332s][info][gc,metaspace   ] GC(1171) Metaspace: 29094K(29376K)->29094K(29376K) NonClass: 25991K(26112K)->25991K(26112K) Class: 3102K(3264K)->3102K(3264K)
[4525.332s][info][gc             ] GC(1171) Pause Young (Allocation Failure) 7159M->4866M(7275M) 97.733ms
[4525.332s][info][gc,cpu         ] GC(1171) User=0.54s Sys=0.03s Real=0.09s
..[4527.469s][info][gc,start       ] GC(1172) Pause Young (Allocation Failure)
[4527.567s][info][gc,heap        ] GC(1172) PSYoungGen: 2592051K(2616832K)->148448K(2620416K) Eden: 2441728K(2441728K)->0K(2445824K) From: 150323K(175104K)->148448K(174592K)
[4527.567s][info][gc,heap        ] GC(1172) ParOldGen: 4832982K(4833280K)->4939414K(4939776K)
[4527.567s][info][gc,metaspace   ] GC(1172) Metaspace: 29094K(29376K)->29094K(29376K) NonClass: 25991K(26112K)->25991K(26112K) Class: 3102K(3264K)->3102K(3264K)
[4527.567s][info][gc             ] GC(1172) Pause Young (Allocation Failure) 7251M->4968M(7383M) 97.662ms
[4527.567s][info][gc,cpu         ] GC(1172) User=0.54s Sys=0.03s Real=0.10s
..[4529.669s][info][gc,start       ] GC(1173) Pause Young (Allocation Failure)
[4529.773s][info][gc,heap        ] GC(1173) PSYoungGen: 2594272K(2620416K)->163332K(2619904K) Eden: 2445824K(2445824K)->0K(2445824K) From: 148448K(174592K)->163332K(174080K)
[4529.773s][info][gc,heap        ] GC(1173) ParOldGen: 4939414K(4939776K)->5043910K(5044224K)
[4529.773s][info][gc,metaspace   ] GC(1173) Metaspace: 29094K(29376K)->29094K(29376K) NonClass: 25991K(26112K)->25991K(26112K) Class: 3102K(3264K)->3102K(3264K)
[4529.773s][info][gc             ] GC(1173) Pause Young (Allocation Failure) 7357M->5085M(7484M) 103.982ms
[4529.773s][info][gc,cpu         ] GC(1173) User=0.57s Sys=0.04s Real=0.10s
...[4531.877s][info][gc,start       ] GC(1174) Pause Young (Allocation Failure)
[4531.977s][info][gc,heap        ] GC(1174) PSYoungGen: 2609156K(2619904K)->158528K(2620928K) Eden: 2445824K(2445824K)->0K(2446848K) From: 163332K(174080K)->158528K(174080K)
[4531.977s][info][gc,heap        ] GC(1174) ParOldGen: 5043910K(5044224K)->5146902K(5147136K)
[4531.977s][info][gc,metaspace   ] GC(1174) Metaspace: 29094K(29376K)->29094K(29376K) NonClass: 25991K(26112K)->25991K(26112K) Class: 3102K(3264K)->3102K(3264K)
[4531.978s][info][gc             ] GC(1174) Pause Young (Allocation Failure) 7473M->5181M(7586M) 100.669ms
[4531.978s][info][gc,cpu         ] GC(1174) User=0.57s Sys=0.02s Real=0.10s
..[4534.102s][info][gc,start       ] GC(1175) Pause Young (Allocation Failure)
[4534.203s][info][gc,heap        ] GC(1175) PSYoungGen: 2605376K(2620928K)->156800K(2604032K) Eden: 2446848K(2446848K)->0K(2446848K) From: 158528K(174080K)->156800K(157184K)
[4534.203s][info][gc,heap        ] GC(1175) ParOldGen: 5146902K(5147136K)->5253174K(5253632K)
[4534.203s][info][gc,metaspace   ] GC(1175) Metaspace: 29094K(29376K)->29094K(29376K) NonClass: 25991K(26112K)->25991K(26112K) Class: 3102K(3264K)->3102K(3264K)
[4534.203s][info][gc             ] GC(1175) Pause Young (Allocation Failure) 7570M->5283M(7673M) 101.097ms
[4534.203s][info][gc,cpu         ] GC(1175) User=0.56s Sys=0.03s Real=0.10s
..[4536.344s][info][gc,start       ] GC(1176) Pause Young (Allocation Failure)
[4536.443s][info][gc,heap        ] GC(1176) PSYoungGen: 2603648K(2604032K)->153456K(2621440K) Eden: 2446848K(2446848K)->0K(2448896K) From: 156800K(157184K)->153456K(172544K)
[4536.443s][info][gc,heap        ] GC(1176) ParOldGen: 5253174K(5253632K)->5356902K(5357056K)
[4536.443s][info][gc,metaspace   ] GC(1176) Metaspace: 29094K(29376K)->29094K(29376K) NonClass: 25991K(26112K)->25991K(26112K) Class: 3102K(3264K)->3102K(3264K)
[4536.443s][info][gc             ] GC(1176) Pause Young (Allocation Failure) 7672M->5381M(7791M) 99.407ms
[4536.443s][info][gc,cpu         ] GC(1176) User=0.57s Sys=0.02s Real=0.10s
..[4538.616s][info][gc,start       ] GC(1177) Pause Young (Allocation Failure)
[4538.713s][info][gc,heap        ] GC(1177) PSYoungGen: 2602352K(2621440K)->149920K(2620416K) Eden: 2448896K(2448896K)->0K(2448896K) From: 153456K(172544K)->149920K(171520K)
[4538.713s][info][gc,heap        ] GC(1177) ParOldGen: 5356902K(5357056K)->5461398K(5461504K)
[4538.713s][info][gc,metaspace   ] GC(1177) Metaspace: 29094K(29376K)->29094K(29376K) NonClass: 25991K(26112K)->25991K(26112K) Class: 3102K(3264K)->3102K(3264K)
[4538.713s][info][gc             ] GC(1177) Pause Young (Allocation Failure) 7772M->5479M(7892M) 97.373ms
[4538.713s][info][gc,cpu         ] GC(1177) User=0.54s Sys=0.03s Real=0.09s
...[4540.847s][info][gc,start       ] GC(1178) Pause Young (Allocation Failure)
[4540.946s][info][gc,heap        ] GC(1178) PSYoungGen: 2598816K(2620416K)->150112K(2623488K) Eden: 2448896K(2448896K)->0K(2452480K) From: 149920K(171520K)->150112K(171008K)
[4540.946s][info][gc,heap        ] GC(1178) ParOldGen: 5461398K(5461504K)->5565758K(5565952K)
[4540.946s][info][gc,metaspace   ] GC(1178) Metaspace: 29094K(29376K)->29094K(29376K) NonClass: 25991K(26112K)->25991K(26112K) Class: 3102K(3264K)->3102K(3264K)
[4540.946s][info][gc             ] GC(1178) Pause Young (Allocation Failure) 7871M->5581M(7997M) 99.253ms
[4540.946s][info][gc,cpu         ] GC(1178) User=0.55s Sys=0.03s Real=0.10s
..[4543.171s][info][gc,start       ] GC(1179) Pause Full (Allocation Failure)
[4543.171s][info][gc,phases,start] GC(1179) Marking Phase
[4543.481s][info][gc,phases      ] GC(1179) Marking Phase 310.729ms
[4543.481s][info][gc,phases,start] GC(1179) Summary Phase
[4543.482s][info][gc,phases      ] GC(1179) Summary Phase 0.107ms
[4543.482s][info][gc,phases,start] GC(1179) Forward
[4543.611s][info][gc,phases      ] GC(1179) Forward 128.925ms
[4543.611s][info][gc,phases,start] GC(1179) Adjust Pointers
[4543.822s][info][gc,phases      ] GC(1179) Adjust Pointers 211.841ms
[4543.822s][info][gc,phases,start] GC(1179) Compaction Phase
[4543.970s][info][gc,phases      ] GC(1179) Compaction Phase 147.358ms
[4543.971s][info][gc,phases,start] GC(1179) Post Compact
[4543.978s][info][gc,phases      ] GC(1179) Post Compact 6.996ms
[4544.101s][info][gc,heap        ] GC(1179) PSYoungGen: 2602592K(2623488K)->0K(2622976K) Eden: 2452480K(2452480K)->0K(2452480K) From: 150112K(171008K)->0K(170496K)
[4544.101s][info][gc,heap        ] GC(1179) ParOldGen: 5565758K(5565952K)->1609073K(1899008K)
[4544.101s][info][gc,metaspace   ] GC(1179) Metaspace: 29094K(29376K)->29094K(29376K) NonClass: 25991K(26112K)->25991K(26112K) Class: 3102K(3264K)->3102K(3264K)
[4544.101s][info][gc             ] GC(1179) Pause Full (Allocation Failure) 7976M->1571M(4416M) 930.365ms
[4544.101s][info][gc,cpu         ] GC(1179) User=4.36s Sys=0.13s Real=0.93s
..[4545.437s][info][gc,start       ] GC(1180) Pause Young (Allocation Failure)
[4545.499s][info][gc,heap        ] GC(1180) PSYoungGen: 2452480K(2622976K)->152224K(2624000K) Eden: 2452480K(2452480K)->0K(2455040K) From: 0K(170496K)->152224K(168960K)
[4545.499s][info][gc,heap        ] GC(1180) ParOldGen: 1609073K(1899008K)->1609073K(1899008K)
[4545.499s][info][gc,metaspace   ] GC(1180) Metaspace: 29094K(29376K)->29094K(29376K) NonClass: 25991K(26112K)->25991K(26112K) Class: 3102K(3264K)->3102K(3264K)
[4545.499s][info][gc             ] GC(1180) Pause Young (Allocation Failure) 3966M->1720M(4417M) 62.679ms
[4545.499s][info][gc,cpu         ] GC(1180) User=0.37s Sys=0.00s Real=0.06s
..[4547.557s][info][gc,start       ] GC(1181) Pause Young (Allocation Failure)
[4547.648s][info][gc,heap        ] GC(1181) PSYoungGen: 2607264K(2624000K)->149088K(2624512K) Eden: 2455040K(2455040K)->0K(2455040K) From: 152224K(168960K)->149088K(169472K)
[4547.648s][info][gc,heap        ] GC(1181) ParOldGen: 1609073K(1899008K)->1714089K(1899008K)
[4547.648s][info][gc,metaspace   ] GC(1181) Metaspace: 29094K(29376K)->29094K(29376K) NonClass: 25991K(26112K)->25991K(26112K) Class: 3102K(3264K)->3102K(3264K)
[4547.648s][info][gc             ] GC(1181) Pause Young (Allocation Failure) 4117M->1819M(4417M) 90.849ms
[4547.648s][info][gc,cpu         ] GC(1181) User=0.54s Sys=0.00s Real=0.09s
..[4549.771s][info][gc,start       ] GC(1182) Pause Young (Allocation Failure)
[4549.862s][info][gc,heap        ] GC(1182) PSYoungGen: 2604128K(2624512K)->151104K(2624512K) Eden: 2455040K(2455040K)->0K(2457600K) From: 149088K(169472K)->151104K(166912K)
[4549.862s][info][gc,heap        ] GC(1182) ParOldGen: 1714089K(1899008K)->1817425K(1899008K)
[4549.862s][info][gc,metaspace   ] GC(1182) Metaspace: 29094K(29376K)->29094K(29376K) NonClass: 25991K(26112K)->25991K(26112K) Class: 3102K(3264K)->3102K(3264K)
[4549.862s][info][gc             ] GC(1182) Pause Young (Allocation Failure) 4217M->1922M(4417M) 91.088ms
[4549.862s][info][gc,cpu         ] GC(1182) User=0.54s Sys=0.01s Real=0.09s
..[4552.024s][info][gc,start       ] GC(1183) Pause Young (Allocation Failure)
[4552.123s][info][gc,heap        ] GC(1183) PSYoungGen: 2608704K(2624512K)->165428K(2623488K) Eden: 2457600K(2457600K)->0K(2457600K) From: 151104K(166912K)->165428K(165888K)
[4552.123s][info][gc,heap        ] GC(1183) ParOldGen: 1817425K(1899008K)->1920385K(1920512K)
[4552.123s][info][gc,metaspace   ] GC(1183) Metaspace: 29094K(29376K)->29094K(29376K) NonClass: 25991K(26112K)->25991K(26112K) Class: 3102K(3264K)->3102K(3264K)
[4552.123s][info][gc             ] GC(1183) Pause Young (Allocation Failure) 4322M->2036M(4437M) 98.732ms
[4552.123s][info][gc,cpu         ] GC(1183) User=0.58s Sys=0.01s Real=0.10s
...[4554.250s][info][gc,start       ] GC(1184) Pause Young (Allocation Failure)
[4554.345s][info][gc,heap        ] GC(1184) PSYoungGen: 2623028K(2623488K)->149632K(2625536K) Eden: 2457600K(2457600K)->0K(2454528K) From: 165428K(165888K)->149632K(171008K)
[4554.345s][info][gc,heap        ] GC(1184) ParOldGen: 1920385K(1920512K)->2025433K(2025472K)
[4554.345s][info][gc,metaspace   ] GC(1184) Metaspace: 29094K(29376K)->29094K(29376K) NonClass: 25991K(26112K)->25991K(26112K) Class: 3102K(3264K)->3102K(3264K)
[4554.345s][info][gc             ] GC(1184) Pause Young (Allocation Failure) 4436M->2124M(4542M) 95.284ms
[4554.346s][info][gc,cpu         ] GC(1184) User=0.51s Sys=0.05s Real=0.10s
..[4556.472s][info][gc,start       ] GC(1185) Pause Young (Allocation Failure)
[4556.568s][info][gc,heap        ] GC(1185) PSYoungGen: 2604160K(2625536K)->148384K(2603008K) Eden: 2454528K(2454528K)->0K(2454528K) From: 149632K(171008K)->148384K(148480K)
[4556.568s][info][gc,heap        ] GC(1185) ParOldGen: 2025433K(2025472K)->2132321K(2132480K)
[4556.568s][info][gc,metaspace   ] GC(1185) Metaspace: 29094K(29376K)->29094K(29376K) NonClass: 25991K(26112K)->25991K(26112K) Class: 3102K(3264K)->3102K(3264K)
[4556.568s][info][gc             ] GC(1185) Pause Young (Allocation Failure) 4521M->2227M(4624M) 96.173ms
[4556.568s][info][gc,cpu         ] GC(1185) User=0.53s Sys=0.04s Real=0.10s
..[4558.753s][info][gc,start       ] GC(1186) Pause Young (Allocation Failure)
[4558.849s][info][gc,heap        ] GC(1186) PSYoungGen: 2602912K(2603008K)->152352K(2626048K) Eden: 2454528K(2454528K)->0K(2456064K) From: 148384K(148480K)->152352K(169984K)
[4558.849s][info][gc,heap        ] GC(1186) ParOldGen: 2132321K(2132480K)->2234873K(2234880K)
[4558.849s][info][gc,metaspace   ] GC(1186) Metaspace: 29094K(29376K)->29094K(29376K) NonClass: 25991K(26112K)->25991K(26112K) Class: 3102K(3264K)->3102K(3264K)
[4558.849s][info][gc             ] GC(1186) Pause Young (Allocation Failure) 4624M->2331M(4747M) 95.945ms
[4558.849s][info][gc,cpu         ] GC(1186) User=0.55s Sys=0.02s Real=0.10s
..[4561.012s][info][gc,start       ] GC(1187) Pause Young (Allocation Failure)
[4561.109s][info][gc,heap        ] GC(1187) PSYoungGen: 2608416K(2626048K)->157760K(2624512K) Eden: 2456064K(2456064K)->0K(2456064K) From: 152352K(169984K)->157760K(168448K)
[4561.109s][info][gc,heap        ] GC(1187) ParOldGen: 2234873K(2234880K)->2339033K(2339328K)
[4561.109s][info][gc,metaspace   ] GC(1187) Metaspace: 29094K(29376K)->29094K(29376K) NonClass: 25991K(26112K)->25991K(26112K) Class: 3102K(3264K)->3102K(3264K)
[4561.109s][info][gc             ] GC(1187) Pause Young (Allocation Failure) 4729M->2438M(4847M) 97.447ms
[4561.109s][info][gc,cpu         ] GC(1187) User=0.55s Sys=0.03s Real=0.10s
.[4561.614s][info][gc,start       ] GC(1188) Pause Full (Diagnostic Command)
[4561.614s][info][gc,phases,start] GC(1188) Marking Phase
[4561.920s][info][gc,phases      ] GC(1188) Marking Phase 306.542ms
[4561.920s][info][gc,phases,start] GC(1188) Summary Phase
[4561.921s][info][gc,phases      ] GC(1188) Summary Phase 0.045ms
[4561.921s][info][gc,phases,start] GC(1188) Forward
[4562.098s][info][gc,phases      ] GC(1188) Forward 177.660ms
[4562.098s][info][gc,phases,start] GC(1188) Adjust Pointers
[4562.312s][info][gc,phases      ] GC(1188) Adjust Pointers 214.057ms
[4562.312s][info][gc,phases,start] GC(1188) Compaction Phase
[4562.492s][info][gc,phases      ] GC(1188) Compaction Phase 179.640ms
[4562.495s][info][gc,phases,start] GC(1188) Post Compact
[4562.497s][info][gc,phases      ] GC(1188) Post Compact 2.745ms
[4562.498s][info][gc,heap        ] GC(1188) PSYoungGen: 830917K(2624512K)->0K(2624512K) Eden: 673157K(2456064K)->0K(2456064K) From: 157760K(168448K)->0K(168448K)
[4562.498s][info][gc,heap        ] GC(1188) ParOldGen: 2339033K(2339328K)->1342291K(2339328K)
[4562.498s][info][gc,metaspace   ] GC(1188) Metaspace: 29094K(29376K)->29094K(29376K) NonClass: 25991K(26112K)->25991K(26112K) Class: 3102K(3264K)->3102K(3264K)
[4562.498s][info][gc             ] GC(1188) Pause Full (Diagnostic Command) 3095M->1310M(4847M) 883.660ms
[4562.498s][info][gc,cpu         ] GC(1188) User=4.75s Sys=0.00s Real=0.89s
..[4563.866s][info][gc,start       ] GC(1189) Pause Young (Allocation Failure)
[4563.931s][info][gc,heap        ] GC(1189) PSYoungGen: 2456064K(2624512K)->158080K(2626048K) Eden: 2456064K(2456064K)->0K(2457600K) From: 0K(168448K)->158080K(168448K)
[4563.931s][info][gc,heap        ] GC(1189) ParOldGen: 1342291K(2339328K)->1342291K(2339328K)
[4563.931s][info][gc,metaspace   ] GC(1189) Metaspace: 29094K(29376K)->29094K(29376K) NonClass: 25991K(26112K)->25991K(26112K) Class: 3102K(3264K)->3102K(3264K)
[4563.931s][info][gc             ] GC(1189) Pause Young (Allocation Failure) 3709M->1465M(4849M) 64.597ms
[4563.931s][info][gc,cpu         ] GC(1189) User=0.38s Sys=0.00s Real=0.06s
..[4566.146s][info][gc,start       ] GC(1190) Pause Young (Allocation Failure)
[4566.238s][info][gc,heap        ] GC(1190) PSYoungGen: 2615680K(2626048K)->148320K(2626048K) Eden: 2457600K(2457600K)->0K(2457600K) From: 158080K(168448K)->148320K(168448K)
[4566.238s][info][gc,heap        ] GC(1190) ParOldGen: 1342291K(2339328K)->1447387K(2339328K)
[4566.238s][info][gc,metaspace   ] GC(1190) Metaspace: 29094K(29376K)->29094K(29376K) NonClass: 25991K(26112K)->25991K(26112K) Class: 3102K(3264K)->3102K(3264K)
[4566.238s][info][gc             ] GC(1190) Pause Young (Allocation Failure) 3865M->1558M(4849M) 92.293ms
[4566.238s][info][gc,cpu         ] GC(1190) User=0.55s Sys=0.00s Real=0.09s
..[4568.366s][info][gc,start       ] GC(1191) Pause Young (Allocation Failure)
[4568.457s][info][gc,heap        ] GC(1191) PSYoungGen: 2605920K(2626048K)->151904K(2625536K) Eden: 2457600K(2457600K)->0K(2459136K) From: 148320K(168448K)->151904K(166400K)
[4568.457s][info][gc,heap        ] GC(1191) ParOldGen: 1447387K(2339328K)->1551811K(2339328K)
[4568.457s][info][gc,metaspace   ] GC(1191) Metaspace: 29094K(29376K)->29094K(29376K) NonClass: 25991K(26112K)->25991K(26112K) Class: 3102K(3264K)->3102K(3264K)
[4568.457s][info][gc             ] GC(1191) Pause Young (Allocation Failure) 3958M->1663M(4848M) 91.012ms
[4568.457s][info][gc,cpu         ] GC(1191) User=0.54s Sys=0.00s Real=0.09s
...[4570.601s][info][gc,start       ] GC(1192) Pause Young (Allocation Failure)
[4570.695s][info][gc,heap        ] GC(1192) PSYoungGen: 2611040K(2625536K)->156724K(2626560K) Eden: 2459136K(2459136K)->0K(2459136K) From: 151904K(166400K)->156724K(167424K)
[4570.695s][info][gc,heap        ] GC(1192) ParOldGen: 1551811K(2339328K)->1658443K(2339328K)
[4570.695s][info][gc,metaspace   ] GC(1192) Metaspace: 29094K(29376K)->29094K(29376K) NonClass: 25991K(26112K)->25991K(26112K) Class: 3102K(3264K)->3102K(3264K)
[4570.695s][info][gc             ] GC(1192) Pause Young (Allocation Failure) 4065M->1772M(4849M) 94.199ms
[4570.695s][info][gc,cpu         ] GC(1192) User=0.56s Sys=0.00s Real=0.10s
..[4572.864s][info][gc,start       ] GC(1193) Pause Young (Allocation Failure)
[4572.965s][info][gc,heap        ] GC(1193) PSYoungGen: 2615860K(2626560K)->166880K(2543104K) Eden: 2459136K(2459136K)->0K(2376192K) From: 156724K(167424K)->166880K(166912K)
[4572.965s][info][gc,heap        ] GC(1193) ParOldGen: 1658443K(2339328K)->1765163K(2339328K)
[4572.965s][info][gc,metaspace   ] GC(1193) Metaspace: 29094K(29376K)->29094K(29376K) NonClass: 25991K(26112K)->25991K(26112K) Class: 3102K(3264K)->3102K(3264K)
[4572.965s][info][gc             ] GC(1193) Pause Young (Allocation Failure) 4174M->1886M(4768M) 100.559ms
[4572.965s][info][gc,cpu         ] GC(1193) User=0.60s Sys=0.01s Real=0.11s
.. (rIR:aIR:PR = 7610:7640:7640) (tPR = 113138) [OK] 
  4574s: Performance info:
         Transaction,    Success,    Partial,     Failed,   Receipts, AvgBarcode, 
             Overall,     465136,          0,          0,     441923,      59.48, 
         Response times:
             Request,    Success,    Partial,     Failed,   SkipFail,     Probes,    Samples,      min,      p50,      p90,      p95,      p99,      max, 
       TotalPurchase,     441924,          0,          0,          0,     353878,     388401,      300,     5700,    40000,   122000,   286000,   400000,
     InStorePurchase,     232528,          0,          0,          0,     186473,     204361,      300,     5700,    40000,   115000,   245000,   366000,
      OnlinePurchase,     163067,          0,          0,          0,     130253,     142886,      300,     5700,    41000,   136000,   312000,   349000,
        InstPurchase,      46329,          0,          0,          0,      37152,      41154,      300,     5400,    38000,   134000,   329000,   400000,
          AssocOfCat,        463,          0,          0,          0,        368,        501,    19900,    37000,    74400,   130000,   305000,   370000,
      AssocOfProduct,       4637,          0,          0,          0,       4248,       4851,      500,     5800,    36000,   136800,   347000,   406000,
      BusinessReport,       1162,          0,          0,          0,        986,       1179,    26000,    45000,    91000,   158000,   400000,   960000,
          CustBuyBeh,       4642,          0,          0,          0,       4325,       4989,      200,     4400,    36000,   129500,   232200,   400000,
       ProductReturn,      12309,          0,          0,          0,       9274,      10395,      200,     4700,    37000,   135000,   320000,   400000,

  4574s: (56%)   IR =   7749 [4575.024s][info][gc,start       ] GC(1194) Pause Young (Allocation Failure)
[4575.125s][info][gc,heap        ] GC(1194) PSYoungGen: 2543072K(2543104K)->168959K(2586112K) Eden: 2376192K(2376192K)->0K(2376192K) From: 166880K(166912K)->168959K(209920K)
[4575.125s][info][gc,heap        ] GC(1194) ParOldGen: 1765163K(2339328K)->1870427K(2339328K)
[4575.125s][info][gc,metaspace   ] GC(1194) Metaspace: 29094K(29376K)->29094K(29376K) NonClass: 25991K(26112K)->25991K(26112K) Class: 3102K(3264K)->3102K(3264K)
[4575.125s][info][gc             ] GC(1194) Pause Young (Allocation Failure) 4207M->1991M(4810M) 100.989ms
[4575.125s][info][gc,cpu         ] GC(1194) User=0.60s Sys=0.00s Real=0.11s
..[4577.170s][info][gc,start       ] GC(1195) Pause Young (Allocation Failure)
[4577.261s][info][gc,heap        ] GC(1195) PSYoungGen: 2545151K(2586112K)->149136K(2580992K) Eden: 2376192K(2376192K)->0K(2379264K) From: 168959K(209920K)->149136K(201728K)
[4577.261s][info][gc,heap        ] GC(1195) ParOldGen: 1870427K(2339328K)->1970747K(2339328K)
[4577.261s][info][gc,metaspace   ] GC(1195) Metaspace: 29094K(29376K)->29094K(29376K) NonClass: 25991K(26112K)->25991K(26112K) Class: 3102K(3264K)->3102K(3264K)
[4577.261s][info][gc             ] GC(1195) Pause Young (Allocation Failure) 4312M->2070M(4805M) 90.562ms
[4577.261s][info][gc,cpu         ] GC(1195) User=0.53s Sys=0.00s Real=0.09s
..|[4579.377s][info][gc,start       ] GC(1196) Pause Young (Allocation Failure)
[4579.473s][info][gc,heap        ] GC(1196) PSYoungGen: 2528400K(2580992K)->159268K(2585088K) Eden: 2379264K(2379264K)->0K(2379264K) From: 149136K(201728K)->159268K(205824K)
[4579.473s][info][gc,heap        ] GC(1196) ParOldGen: 1970747K(2339328K)->2073283K(2339328K)
[4579.473s][info][gc,metaspace   ] GC(1196) Metaspace: 29094K(29376K)->29094K(29376K) NonClass: 25991K(26112K)->25991K(26112K) Class: 3102K(3264K)->3102K(3264K)
[4579.473s][info][gc             ] GC(1196) Pause Young (Allocation Failure) 4393M->2180M(4809M) 95.781ms
[4579.473s][info][gc,cpu         ] GC(1196) User=0.56s Sys=0.00s Real=0.09s
..[4581.474s][info][gc,start       ] GC(1197) Pause Young (Allocation Failure)
[4581.563s][info][gc,heap        ] GC(1197) PSYoungGen: 2538532K(2585088K)->142144K(2589696K) Eden: 2379264K(2379264K)->0K(2387968K) From: 159268K(205824K)->142144K(201728K)
[4581.563s][info][gc,heap        ] GC(1197) ParOldGen: 2073283K(2339328K)->2179115K(2339328K)
[4581.563s][info][gc,metaspace   ] GC(1197) Metaspace: 29094K(29376K)->29094K(29376K) NonClass: 25991K(26112K)->25991K(26112K) Class: 3102K(3264K)->3102K(3264K)
[4581.563s][info][gc             ] GC(1197) Pause Young (Allocation Failure) 4503M->2266M(4813M) 89.497ms
[4581.563s][info][gc,cpu         ] GC(1197) User=0.53s Sys=0.00s Real=0.09s
...[4583.704s][info][gc,start       ] GC(1198) Pause Young (Allocation Failure)
[4583.796s][info][gc,heap        ] GC(1198) PSYoungGen: 2530112K(2589696K)->151872K(2590208K) Eden: 2387968K(2387968K)->0K(2387968K) From: 142144K(201728K)->151872K(202240K)
[4583.796s][info][gc,heap        ] GC(1198) ParOldGen: 2179115K(2339328K)->2278435K(2339328K)
[4583.796s][info][gc,metaspace   ] GC(1198) Metaspace: 29094K(29376K)->29094K(29376K) NonClass: 25991K(26112K)->25991K(26112K) Class: 3102K(3264K)->3102K(3264K)
[4583.796s][info][gc             ] GC(1198) Pause Young (Allocation Failure) 4598M->2373M(4814M) 91.229ms
[4583.796s][info][gc,cpu         ] GC(1198) User=0.54s Sys=0.00s Real=0.09s
..[4585.793s][info][gc,start       ] GC(1199) Pause Young (Allocation Failure)
[4585.885s][info][gc,heap        ] GC(1199) PSYoungGen: 2539840K(2590208K)->145024K(2592256K) Eden: 2387968K(2387968K)->0K(2393600K) From: 151872K(202240K)->145024K(198656K)
[4585.885s][info][gc,heap        ] GC(1199) ParOldGen: 2278435K(2339328K)->2385163K(2385408K)
[4585.885s][info][gc,metaspace   ] GC(1199) Metaspace: 29094K(29376K)->29094K(29376K) NonClass: 25991K(26112K)->25991K(26112K) Class: 3102K(3264K)->3102K(3264K)
[4585.885s][info][gc             ] GC(1199) Pause Young (Allocation Failure) 4705M->2470M(4861M) 92.325ms
[4585.885s][info][gc,cpu         ] GC(1199) User=0.53s Sys=0.02s Real=0.10s
..[4587.942s][info][gc,start       ] GC(1200) Pause Young (Allocation Failure)
[4588.039s][info][gc,heap        ] GC(1200) PSYoungGen: 2538624K(2592256K)->154432K(2592256K) Eden: 2393600K(2393600K)->0K(2393600K) From: 145024K(198656K)->154432K(198656K)
[4588.039s][info][gc,heap        ] GC(1200) ParOldGen: 2385163K(2385408K)->2484243K(2484736K)
[4588.039s][info][gc,metaspace   ] GC(1200) Metaspace: 29094K(29376K)->29094K(29376K) NonClass: 25991K(26112K)->25991K(26112K) Class: 3102K(3264K)->3102K(3264K)
[4588.039s][info][gc             ] GC(1200) Pause Young (Allocation Failure) 4808M->2576M(4958M) 96.595ms
[4588.039s][info][gc,cpu         ] GC(1200) User=0.54s Sys=0.03s Real=0.10s
..[4590.104s][info][gc,start       ] GC(1201) Pause Young (Allocation Failure)
[4590.201s][info][gc,heap        ] GC(1201) PSYoungGen: 2548032K(2592256K)->155968K(2594304K) Eden: 2393600K(2393600K)->0K(2401792K) From: 154432K(198656K)->155968K(192512K)
[4590.201s][info][gc,heap        ] GC(1201) ParOldGen: 2484243K(2484736K)->2588643K(2588672K)
[4590.201s][info][gc,metaspace   ] GC(1201) Metaspace: 29094K(29376K)->29094K(29376K) NonClass: 25991K(26112K)->25991K(26112K) Class: 3102K(3264K)->3102K(3264K)
[4590.201s][info][gc             ] GC(1201) Pause Young (Allocation Failure) 4914M->2680M(5061M) 97.246ms
[4590.201s][info][gc,cpu         ] GC(1201) User=0.54s Sys=0.04s Real=0.10s
..[4592.215s][info][gc,start       ] GC(1202) Pause Young (Allocation Failure)
[4592.316s][info][gc,heap        ] GC(1202) PSYoungGen: 2557760K(2594304K)->159833K(2594304K) Eden: 2401792K(2401792K)->0K(2401792K) From: 155968K(192512K)->159833K(192512K)
[4592.316s][info][gc,heap        ] GC(1202) ParOldGen: 2588643K(2588672K)->2693339K(2693632K)
[4592.316s][info][gc,metaspace   ] GC(1202) Metaspace: 29094K(29376K)->29094K(29376K) NonClass: 25991K(26112K)->25991K(26112K) Class: 3102K(3264K)->3102K(3264K)
[4592.316s][info][gc             ] GC(1202) Pause Young (Allocation Failure) 5025M->2786M(5164M) 100.352ms
[4592.316s][info][gc,cpu         ] GC(1202) User=0.56s Sys=0.04s Real=0.10s
..[4594.461s][info][gc,start       ] GC(1203) Pause Young (Allocation Failure)
[4594.559s][info][gc,heap        ] GC(1203) PSYoungGen: 2561625K(2594304K)->155776K(2600960K) Eden: 2401792K(2401792K)->0K(2413568K) From: 159833K(192512K)->155776K(187392K)
[4594.559s][info][gc,heap        ] GC(1203) ParOldGen: 2693339K(2693632K)->2795347K(2795520K)
[4594.559s][info][gc,metaspace   ] GC(1203) Metaspace: 29094K(29376K)->29094K(29376K) NonClass: 25991K(26112K)->25991K(26112K) Class: 3102K(3264K)->3102K(3264K)
[4594.559s][info][gc             ] GC(1203) Pause Young (Allocation Failure) 5131M->2881M(5270M) 98.709ms
[4594.559s][info][gc,cpu         ] GC(1203) User=0.56s Sys=0.02s Real=0.10s
..[4596.560s][info][gc,start       ] GC(1204) Pause Young (Allocation Failure)
[4596.659s][info][gc,heap        ] GC(1204) PSYoungGen: 2569344K(2600960K)->152224K(2600448K) Eden: 2413568K(2413568K)->0K(2413568K) From: 155776K(187392K)->152224K(186880K)
[4596.659s][info][gc,heap        ] GC(1204) ParOldGen: 2795347K(2795520K)->2900523K(2900992K)
[4596.659s][info][gc,metaspace   ] GC(1204) Metaspace: 29094K(29376K)->29094K(29376K) NonClass: 25991K(26112K)->25991K(26112K) Class: 3102K(3264K)->3102K(3264K)
[4596.659s][info][gc             ] GC(1204) Pause Young (Allocation Failure) 5238M->2981M(5372M) 99.257ms
[4596.659s][info][gc,cpu         ] GC(1204) User=0.56s Sys=0.03s Real=0.10s
..[4598.682s][info][gc,start       ] GC(1205) Pause Young (Allocation Failure)
[4598.780s][info][gc,heap        ] GC(1205) PSYoungGen: 2565792K(2600448K)->154953K(2606080K) Eden: 2413568K(2413568K)->0K(2423808K) From: 152224K(186880K)->154953K(182272K)
[4598.780s][info][gc,heap        ] GC(1205) ParOldGen: 2900523K(2900992K)->3004907K(3004928K)
[4598.780s][info][gc,metaspace   ] GC(1205) Metaspace: 29094K(29376K)->29094K(29376K) NonClass: 25991K(26112K)->25991K(26112K) Class: 3102K(3264K)->3102K(3264K)
[4598.780s][info][gc             ] GC(1205) Pause Young (Allocation Failure) 5338M->3085M(5479M) 98.210ms
[4598.780s][info][gc,cpu         ] GC(1205) User=0.55s Sys=0.03s Real=0.10s
...[4600.852s][info][gc,start       ] GC(1206) Pause Young (Allocation Failure)
[4600.948s][info][gc,heap        ] GC(1206) PSYoungGen: 2578761K(2606080K)->152576K(2606592K) Eden: 2423808K(2423808K)->0K(2423808K) From: 154953K(182272K)->152576K(182784K)
[4600.948s][info][gc,heap        ] GC(1206) ParOldGen: 3004907K(3004928K)->3107347K(3107840K)
[4600.948s][info][gc,metaspace   ] GC(1206) Metaspace: 29094K(29376K)->29094K(29376K) NonClass: 25991K(26112K)->25991K(26112K) Class: 3102K(3264K)->3102K(3264K)
[4600.948s][info][gc             ] GC(1206) Pause Young (Allocation Failure) 5452M->3183M(5580M) 96.501ms
[4600.948s][info][gc,cpu         ] GC(1206) User=0.53s Sys=0.03s Real=0.10s
..[4603.014s][info][gc,start       ] GC(1207) Pause Young (Allocation Failure)
[4603.114s][info][gc,heap        ] GC(1207) PSYoungGen: 2576384K(2606592K)->161920K(2612736K) Eden: 2423808K(2423808K)->0K(2431488K) From: 152576K(182784K)->161920K(181248K)
[4603.114s][info][gc,heap        ] GC(1207) ParOldGen: 3107347K(3107840K)->3210931K(3211264K)
[4603.114s][info][gc,metaspace   ] GC(1207) Metaspace: 29094K(29376K)->29094K(29376K) NonClass: 25991K(26112K)->25991K(26112K) Class: 3102K(3264K)->3102K(3264K)
[4603.114s][info][gc             ] GC(1207) Pause Young (Allocation Failure) 5550M->3293M(5687M) 100.535ms
[4603.114s][info][gc,cpu         ] GC(1207) User=0.57s Sys=0.03s Real=0.11s
..[4605.280s][info][gc,start       ] GC(1208) Pause Young (Allocation Failure)
[4605.382s][info][gc,heap        ] GC(1208) PSYoungGen: 2593408K(2612736K)->160554K(2612224K) Eden: 2431488K(2431488K)->0K(2431488K) From: 161920K(181248K)->160554K(180736K)
[4605.382s][info][gc,heap        ] GC(1208) ParOldGen: 3210931K(3211264K)->3313427K(3313664K)
[4605.382s][info][gc,metaspace   ] GC(1208) Metaspace: 29094K(29376K)->29094K(29376K) NonClass: 25991K(26112K)->25991K(26112K) Class: 3102K(3264K)->3102K(3264K)
[4605.382s][info][gc             ] GC(1208) Pause Young (Allocation Failure) 5668M->3392M(5787M) 101.398ms
[4605.382s][info][gc,cpu         ] GC(1208) User=0.58s Sys=0.02s Real=0.10s
..[4607.462s][info][gc,start       ] GC(1209) Pause Young (Allocation Failure)
[4607.558s][info][gc,heap        ] GC(1209) PSYoungGen: 2592042K(2612224K)->147904K(2614272K) Eden: 2431488K(2431488K)->0K(2434560K) From: 160554K(180736K)->147904K(179712K)
[4607.558s][info][gc,heap        ] GC(1209) ParOldGen: 3313427K(3313664K)->3418899K(3419136K)
[4607.558s][info][gc,metaspace   ] GC(1209) Metaspace: 29094K(29376K)->29094K(29376K) NonClass: 25991K(26112K)->25991K(26112K) Class: 3102K(3264K)->3102K(3264K)
[4607.558s][info][gc             ] GC(1209) Pause Young (Allocation Failure) 5767M->3483M(5892M) 96.158ms
[4607.558s][info][gc,cpu         ] GC(1209) User=0.52s Sys=0.05s Real=0.10s
..[4609.580s][info][gc,start       ] GC(1210) Pause Young (Allocation Failure)
[4609.676s][info][gc,heap        ] GC(1210) PSYoungGen: 2582464K(2614272K)->152512K(2613760K) Eden: 2434560K(2434560K)->0K(2434560K) From: 147904K(179712K)->152512K(179200K)
[4609.676s][info][gc,heap        ] GC(1210) ParOldGen: 3418899K(3419136K)->3521987K(3522048K)
[4609.676s][info][gc,metaspace   ] GC(1210) Metaspace: 29094K(29376K)->29094K(29376K) NonClass: 25991K(26112K)->25991K(26112K) Class: 3102K(3264K)->3102K(3264K)
[4609.676s][info][gc             ] GC(1210) Pause Young (Allocation Failure) 5860M->3588M(5992M) 96.315ms
[4609.676s][info][gc,cpu         ] GC(1210) User=0.53s Sys=0.03s Real=0.10s
..[4611.790s][info][gc,start       ] GC(1211) Pause Young (Allocation Failure)
[4611.887s][info][gc,heap        ] GC(1211) PSYoungGen: 2587072K(2613760K)->150944K(2615808K) Eden: 2434560K(2434560K)->0K(2438144K) From: 152512K(179200K)->150944K(177664K)
[4611.887s][info][gc,heap        ] GC(1211) ParOldGen: 3521987K(3522048K)->3628243K(3628544K)
[4611.887s][info][gc,metaspace   ] GC(1211) Metaspace: 29094K(29376K)->29094K(29376K) NonClass: 25991K(26112K)->25991K(26112K) Class: 3102K(3264K)->3102K(3264K)
[4611.887s][info][gc             ] GC(1211) Pause Young (Allocation Failure) 5965M->3690M(6098M) 96.910ms
[4611.887s][info][gc,cpu         ] GC(1211) User=0.54s Sys=0.04s Real=0.10s
...[4614.027s][info][gc,start       ] GC(1212) Pause Young (Allocation Failure)
[4614.129s][info][gc,heap        ] GC(1212) PSYoungGen: 2589088K(2615808K)->163189K(2614784K) Eden: 2438144K(2438144K)->0K(2438144K) From: 150944K(177664K)->163189K(176640K)
[4614.130s][info][gc,heap        ] GC(1212) ParOldGen: 3628243K(3628544K)->3730867K(3730944K)
[4614.130s][info][gc,metaspace   ] GC(1212) Metaspace: 29094K(29376K)->29094K(29376K) NonClass: 25991K(26112K)->25991K(26112K) Class: 3102K(3264K)->3102K(3264K)
[4614.130s][info][gc             ] GC(1212) Pause Young (Allocation Failure) 6071M->3802M(6197M) 102.174ms
[4614.130s][info][gc,cpu         ] GC(1212) User=0.58s Sys=0.03s Real=0.10s
..[4616.201s][info][gc,start       ] GC(1213) Pause Young (Allocation Failure)
[4616.298s][info][gc,heap        ] GC(1213) PSYoungGen: 2601333K(2614784K)->147296K(2618880K) Eden: 2438144K(2438144K)->0K(2442240K) From: 163189K(176640K)->147296K(176640K)
[4616.298s][info][gc,heap        ] GC(1213) ParOldGen: 3730867K(3730944K)->3836203K(3836416K)
[4616.298s][info][gc,metaspace   ] GC(1213) Metaspace: 29094K(29376K)->29094K(29376K) NonClass: 25991K(26112K)->25991K(26112K) Class: 3102K(3264K)->3102K(3264K)
[4616.298s][info][gc             ] GC(1213) Pause Young (Allocation Failure) 6183M->3890M(6304M) 96.560ms
[4616.298s][info][gc,cpu         ] GC(1213) User=0.53s Sys=0.03s Real=0.10s
..[4618.437s][info][gc,start       ] GC(1214) Pause Young (Allocation Failure)
[4618.533s][info][gc,heap        ] GC(1214) PSYoungGen: 2589536K(2618880K)->149088K(2591744K) Eden: 2442240K(2442240K)->0K(2442240K) From: 147296K(176640K)->149088K(149504K)
[4618.533s][info][gc,heap        ] GC(1214) ParOldGen: 3836203K(3836416K)->3939307K(3939328K)
[4618.533s][info][gc,metaspace   ] GC(1214) Metaspace: 29094K(29376K)->29094K(29376K) NonClass: 25991K(26112K)->25991K(26112K) Class: 3102K(3264K)->3102K(3264K)
[4618.533s][info][gc             ] GC(1214) Pause Young (Allocation Failure) 6275M->3992M(6378M) 96.034ms
[4618.533s][info][gc,cpu         ] GC(1214) User=0.55s Sys=0.02s Real=0.09s
..[4620.598s][info][gc,start       ] GC(1215) Pause Young (Allocation Failure)
[4620.694s][info][gc,heap        ] GC(1215) PSYoungGen: 2591328K(2591744K)->149856K(2619392K) Eden: 2442240K(2442240K)->0K(2443776K) From: 149088K(149504K)->149856K(175616K)
[4620.694s][info][gc,heap        ] GC(1215) ParOldGen: 3939307K(3939328K)->4042979K(4043264K)
[4620.694s][info][gc,metaspace   ] GC(1215) Metaspace: 29094K(29376K)->29094K(29376K) NonClass: 25991K(26112K)->25991K(26112K) Class: 3102K(3264K)->3102K(3264K)
[4620.694s][info][gc             ] GC(1215) Pause Young (Allocation Failure) 6377M->4094M(6506M) 96.316ms
[4620.694s][info][gc,cpu         ] GC(1215) User=0.53s Sys=0.04s Real=0.09s
..[4622.847s][info][gc,start       ] GC(1216) Pause Young (Allocation Failure)
[4622.945s][info][gc,heap        ] GC(1216) PSYoungGen: 2593632K(2619392K)->153792K(2618368K) Eden: 2443776K(2443776K)->0K(2443776K) From: 149856K(175616K)->153792K(174592K)
[4622.945s][info][gc,heap        ] GC(1216) ParOldGen: 4042979K(4043264K)->4145731K(4146176K)
[4622.945s][info][gc,metaspace   ] GC(1216) Metaspace: 29094K(29376K)->29094K(29376K) NonClass: 25991K(26112K)->25991K(26112K) Class: 3102K(3264K)->3102K(3264K)
[4622.945s][info][gc             ] GC(1216) Pause Young (Allocation Failure) 6481M->4198M(6606M) 98.520ms
[4622.945s][info][gc,cpu         ] GC(1216) User=0.55s Sys=0.03s Real=0.10s
...[4625.043s][info][gc,start       ] GC(1217) Pause Young (Allocation Failure)
[4625.142s][info][gc,heap        ] GC(1217) PSYoungGen: 2597568K(2618368K)->155712K(2619392K) Eden: 2443776K(2443776K)->0K(2446848K) From: 153792K(174592K)->155712K(172544K)
[4625.143s][info][gc,heap        ] GC(1217) ParOldGen: 4145731K(4146176K)->4251411K(4251648K)
[4625.143s][info][gc,metaspace   ] GC(1217) Metaspace: 29094K(29376K)->29094K(29376K) NonClass: 25991K(26112K)->25991K(26112K) Class: 3102K(3264K)->3102K(3264K)
[4625.143s][info][gc             ] GC(1217) Pause Young (Allocation Failure) 6585M->4303M(6710M) 99.860ms
[4625.143s][info][gc,cpu         ] GC(1217) User=0.56s Sys=0.03s Real=0.10s
..[4627.301s][info][gc,start       ] GC(1218) Pause Young (Allocation Failure)
[4627.398s][info][gc,heap        ] GC(1218) PSYoungGen: 2602560K(2619392K)->149216K(2618368K) Eden: 2446848K(2446848K)->0K(2446848K) From: 155712K(172544K)->149216K(171520K)
[4627.398s][info][gc,heap        ] GC(1218) ParOldGen: 4251411K(4251648K)->4355515K(4355584K)
[4627.398s][info][gc,metaspace   ] GC(1218) Metaspace: 29094K(29376K)->29094K(29376K) NonClass: 25991K(26112K)->25991K(26112K) Class: 3102K(3264K)->3102K(3264K)
[4627.398s][info][gc             ] GC(1218) Pause Young (Allocation Failure) 6693M->4399M(6810M) 97.133ms
[4627.398s][info][gc,cpu         ] GC(1218) User=0.53s Sys=0.04s Real=0.10s
..[4629.454s][info][gc,start       ] GC(1219) Pause Young (Allocation Failure)
[4629.552s][info][gc,heap        ] GC(1219) PSYoungGen: 2596064K(2618368K)->150304K(2623488K) Eden: 2446848K(2446848K)->0K(2452992K) From: 149216K(171520K)->150304K(170496K)
[4629.552s][info][gc,heap        ] GC(1219) ParOldGen: 4355515K(4355584K)->4462035K(4462080K)
[4629.552s][info][gc,metaspace   ] GC(1219) Metaspace: 29094K(29376K)->29094K(29376K) NonClass: 25991K(26112K)->25991K(26112K) Class: 3102K(3264K)->3102K(3264K)
[4629.552s][info][gc             ] GC(1219) Pause Young (Allocation Failure) 6788M->4504M(6919M) 98.414ms
[4629.552s][info][gc,cpu         ] GC(1219) User=0.54s Sys=0.05s Real=0.10s
..[4631.674s][info][gc,start       ] GC(1220) Pause Young (Allocation Failure)
[4631.774s][info][gc,heap        ] GC(1220) PSYoungGen: 2603296K(2623488K)->157792K(2622464K) Eden: 2452992K(2452992K)->0K(2452992K) From: 150304K(170496K)->157792K(169472K)
[4631.774s][info][gc,heap        ] GC(1220) ParOldGen: 4462035K(4462080K)->4563875K(4563968K)
[4631.774s][info][gc,metaspace   ] GC(1220) Metaspace: 29094K(29376K)->29094K(29376K) NonClass: 25991K(26112K)->25991K(26112K) Class: 3102K(3264K)->3102K(3264K)
[4631.774s][info][gc             ] GC(1220) Pause Young (Allocation Failure) 6899M->4611M(7018M) 100.831ms
[4631.774s][info][gc,cpu         ] GC(1220) User=0.57s Sys=0.02s Real=0.11s
..[4633.882s][info][gc,start       ] GC(1221) Pause Young (Allocation Failure)
[4633.982s][info][gc,heap        ] GC(1221) PSYoungGen: 2610784K(2622464K)->155136K(2625536K) Eden: 2452992K(2452992K)->0K(2457088K) From: 157792K(169472K)->155136K(168448K)
[4633.982s][info][gc,heap        ] GC(1221) ParOldGen: 4563875K(4563968K)->4670939K(4670976K)
[4633.982s][info][gc,metaspace   ] GC(1221) Metaspace: 29094K(29376K)->29094K(29376K) NonClass: 25991K(26112K)->25991K(26112K) Class: 3102K(3264K)->3102K(3264K)
[4633.982s][info][gc             ] GC(1221) Pause Young (Allocation Failure) 7006M->4712M(7125M) 100.422ms
[4633.982s][info][gc,cpu         ] GC(1221) User=0.56s Sys=0.04s Real=0.10s
...[4636.124s][info][gc,start       ] GC(1222) Pause Young (Allocation Failure)
[4636.227s][info][gc,heap        ] GC(1222) PSYoungGen: 2612224K(2625536K)->159104K(2625536K) Eden: 2457088K(2457088K)->0K(2457088K) From: 155136K(168448K)->159104K(168448K)
[4636.227s][info][gc,heap        ] GC(1222) ParOldGen: 4670939K(4670976K)->4774059K(4774400K)
[4636.227s][info][gc,metaspace   ] GC(1222) Metaspace: 29094K(29376K)->29094K(29376K) NonClass: 25991K(26112K)->25991K(26112K) Class: 3102K(3264K)->3102K(3264K)
[4636.227s][info][gc             ] GC(1222) Pause Young (Allocation Failure) 7112M->4817M(7226M) 103.516ms
[4636.227s][info][gc,cpu         ] GC(1222) User=0.59s Sys=0.03s Real=0.11s
..[4638.377s][info][gc,start       ] GC(1223) Pause Young (Allocation Failure)
[4638.479s][info][gc,heap        ] GC(1223) PSYoungGen: 2616192K(2625536K)->157353K(2627072K) Eden: 2457088K(2457088K)->0K(2458624K) From: 159104K(168448K)->157353K(168448K)
[4638.479s][info][gc,heap        ] GC(1223) ParOldGen: 4774059K(4774400K)->4878747K(4878848K)
[4638.479s][info][gc,metaspace   ] GC(1223) Metaspace: 29094K(29376K)->29094K(29376K) NonClass: 25991K(26112K)->25991K(26112K) Class: 3102K(3264K)->3102K(3264K)
[4638.479s][info][gc             ] GC(1223) Pause Young (Allocation Failure) 7217M->4918M(7330M) 101.734ms
[4638.479s][info][gc,cpu         ] GC(1223) User=0.58s Sys=0.02s Real=0.10s
. (rIR:aIR:PR = 7749:7751:7750) (tPR = 114842) [OK] 
  4638s: Performance info:
         Transaction,    Success,    Partial,     Failed,   Receipts, AvgBarcode, 
             Overall,     467961,          0,          0,     444551,      59.47, 
         Response times:
             Request,    Success,    Partial,     Failed,   SkipFail,     Probes,    Samples,      min,      p50,      p90,      p95,      p99,      max, 
       TotalPurchase,     444631,          0,          0,          0,     362793,     387035,      300,     5200,    12900,    30000,    59000,   220000,
     InStorePurchase,     234366,          0,          0,          0,     190765,     203291,      300,     5300,    13100,    30000,    59000,   172000,
      OnlinePurchase,     163431,          0,          0,          0,     133533,     142160,      300,     5100,    12600,    29000,    59000,   220000,
        InstPurchase,      46834,          0,          0,          0,      38495,      41584,      300,     5000,    12700,    28000,    58000,   172000,
          AssocOfCat,        471,          0,          0,          0,        377,        495,    21000,    37000,    55400,    63600,   144040,   153000,
      AssocOfProduct,       4677,          0,          0,          0,       4302,       4831,      500,     5100,    11500,    26000,    54360,   124000,
      BusinessReport,       1173,          0,          0,          0,       1045,       1181,    28000,    43000,    66000,    81000,   149180,   179000,
          CustBuyBeh,       4686,          0,          0,          0,       4354,       4880,      200,     3500,    11200,    23000,    53190,   125000,
       ProductReturn,      12372,          0,          0,          0,       9583,      10549,      200,     5900,    13700,    33000,    61500,   172000,

  4638s: (57%)   IR =   7887 .[4640.432s][info][gc,start       ] GC(1224) Pause Young (Allocation Failure)
[4640.532s][info][gc,heap        ] GC(1224) PSYoungGen: 2615977K(2627072K)->151145K(2627072K) Eden: 2458624K(2458624K)->0K(2458624K) From: 157353K(168448K)->151145K(168448K)
[4640.532s][info][gc,heap        ] GC(1224) ParOldGen: 4878747K(4878848K)->4985499K(4985856K)
[4640.532s][info][gc,metaspace   ] GC(1224) Metaspace: 29094K(29376K)->29094K(29376K) NonClass: 25991K(26112K)->25991K(26112K) Class: 3102K(3264K)->3102K(3264K)
[4640.532s][info][gc             ] GC(1224) Pause Young (Allocation Failure) 7319M->5016M(7434M) 100.062ms
[4640.532s][info][gc,cpu         ] GC(1224) User=0.56s Sys=0.04s Real=0.10s
..[4642.697s][info][gc,start       ] GC(1225) Pause Young (Allocation Failure)
[4642.799s][info][gc,heap        ] GC(1225) PSYoungGen: 2609769K(2627072K)->160384K(2626560K) Eden: 2458624K(2458624K)->0K(2458624K) From: 151145K(168448K)->160384K(167936K)
[4642.799s][info][gc,heap        ] GC(1225) ParOldGen: 4985499K(4985856K)->5086459K(5086720K)
[4642.799s][info][gc,metaspace   ] GC(1225) Metaspace: 29094K(29376K)->29094K(29376K) NonClass: 25991K(26112K)->25991K(26112K) Class: 3102K(3264K)->3102K(3264K)
[4642.799s][info][gc             ] GC(1225) Pause Young (Allocation Failure) 7417M->5123M(7532M) 102.106ms
[4642.799s][info][gc,cpu         ] GC(1225) User=0.57s Sys=0.03s Real=0.10s
..|[4644.825s][info][gc,start       ] GC(1226) Pause Young (Allocation Failure)
[4644.925s][info][gc,heap        ] GC(1226) PSYoungGen: 2619008K(2626560K)->152416K(2627072K) Eden: 2458624K(2458624K)->0K(2458624K) From: 160384K(167936K)->152416K(168448K)
[4644.925s][info][gc,heap        ] GC(1226) ParOldGen: 5086459K(5086720K)->5192523K(5192704K)
[4644.925s][info][gc,metaspace   ] GC(1226) Metaspace: 29094K(29376K)->29094K(29376K) NonClass: 25991K(26112K)->25991K(26112K) Class: 3102K(3264K)->3102K(3264K)
[4644.925s][info][gc             ] GC(1226) Pause Young (Allocation Failure) 7524M->5219M(7636M) 99.466ms
[4644.925s][info][gc,cpu         ] GC(1226) User=0.55s Sys=0.03s Real=0.10s
...[4647.099s][info][gc,start       ] GC(1227) Pause Young (Allocation Failure)
[4647.201s][info][gc,heap        ] GC(1227) PSYoungGen: 2611040K(2627072K)->160832K(2626048K) Eden: 2458624K(2458624K)->0K(2458112K) From: 152416K(168448K)->160832K(167936K)
[4647.201s][info][gc,heap        ] GC(1227) ParOldGen: 5192523K(5192704K)->5295067K(5295104K)
[4647.201s][info][gc,metaspace   ] GC(1227) Metaspace: 29094K(29376K)->29094K(29376K) NonClass: 25991K(26112K)->25991K(26112K) Class: 3102K(3264K)->3102K(3264K)
[4647.201s][info][gc             ] GC(1227) Pause Young (Allocation Failure) 7620M->5328M(7735M) 101.472ms
[4647.201s][info][gc,cpu         ] GC(1227) User=0.56s Sys=0.04s Real=0.10s
..[4649.225s][info][gc,start       ] GC(1228) Pause Young (Allocation Failure)
[4649.328s][info][gc,heap        ] GC(1228) PSYoungGen: 2618944K(2626048K)->157749K(2627072K) Eden: 2458112K(2458112K)->0K(2458112K) From: 160832K(167936K)->157749K(168960K)
[4649.328s][info][gc,heap        ] GC(1228) ParOldGen: 5295067K(5295104K)->5402091K(5402112K)
[4649.328s][info][gc,metaspace   ] GC(1228) Metaspace: 29094K(29376K)->29094K(29376K) NonClass: 25991K(26112K)->25991K(26112K) Class: 3102K(3264K)->3102K(3264K)
[4649.329s][info][gc             ] GC(1228) Pause Young (Allocation Failure) 7728M->5429M(7841M) 103.018ms
[4649.329s][info][gc,cpu         ] GC(1228) User=0.58s Sys=0.03s Real=0.10s
..[4651.413s][info][gc,start       ] GC(1229) Pause Young (Allocation Failure)
[4651.513s][info][gc,heap        ] GC(1229) PSYoungGen: 2615861K(2627072K)->148608K(2626560K) Eden: 2458112K(2458112K)->0K(2458624K) From: 157749K(168960K)->148608K(167936K)
[4651.513s][info][gc,heap        ] GC(1229) ParOldGen: 5402091K(5402112K)->5507363K(5507584K)
[4651.513s][info][gc,metaspace   ] GC(1229) Metaspace: 29094K(29376K)->29094K(29376K) NonClass: 25991K(26112K)->25991K(26112K) Class: 3102K(3264K)->3102K(3264K)
[4651.513s][info][gc             ] GC(1229) Pause Young (Allocation Failure) 7830M->5523M(7943M) 99.911ms
[4651.513s][info][gc,cpu         ] GC(1229) User=0.57s Sys=0.02s Real=0.10s
..[4653.657s][info][gc,start       ] GC(1230) Pause Full (Allocation Failure)
[4653.657s][info][gc,phases,start] GC(1230) Marking Phase
[4653.981s][info][gc,phases      ] GC(1230) Marking Phase 323.722ms
[4653.981s][info][gc,phases,start] GC(1230) Summary Phase
[4653.981s][info][gc,phases      ] GC(1230) Summary Phase 0.096ms
[4653.981s][info][gc,phases,start] GC(1230) Forward
[4654.109s][info][gc,phases      ] GC(1230) Forward 127.938ms
[4654.109s][info][gc,phases,start] GC(1230) Adjust Pointers
[4654.328s][info][gc,phases      ] GC(1230) Adjust Pointers 219.623ms
[4654.328s][info][gc,phases,start] GC(1230) Compaction Phase
[4654.482s][info][gc,phases      ] GC(1230) Compaction Phase 153.080ms
[4654.483s][info][gc,phases,start] GC(1230) Post Compact
[4654.490s][info][gc,phases      ] GC(1230) Post Compact 7.001ms
[4654.617s][info][gc,heap        ] GC(1230) PSYoungGen: 2607232K(2626560K)->0K(2627072K) Eden: 2458624K(2458624K)->0K(2458624K) From: 148608K(167936K)->0K(168448K)
[4654.617s][info][gc,heap        ] GC(1230) ParOldGen: 5507363K(5507584K)->1635654K(1932800K)
[4654.617s][info][gc,metaspace   ] GC(1230) Metaspace: 29094K(29376K)->29094K(29376K) NonClass: 25991K(26112K)->25991K(26112K) Class: 3102K(3264K)->3102K(3264K)
[4654.617s][info][gc             ] GC(1230) Pause Full (Allocation Failure) 7924M->1597M(4453M) 959.899ms
[4654.617s][info][gc,cpu         ] GC(1230) User=4.55s Sys=0.13s Real=0.96s
..[4655.935s][info][gc,start       ] GC(1231) Pause Young (Allocation Failure)
[4656.006s][info][gc,heap        ] GC(1231) PSYoungGen: 2458624K(2627072K)->168416K(2619392K) Eden: 2458624K(2458624K)->0K(2450944K) From: 0K(168448K)->168416K(168448K)
[4656.006s][info][gc,heap        ] GC(1231) ParOldGen: 1635654K(1932800K)->1638014K(1932800K)
[4656.006s][info][gc,metaspace   ] GC(1231) Metaspace: 29095K(29376K)->29095K(29376K) NonClass: 25992K(26112K)->25992K(26112K) Class: 3102K(3264K)->3102K(3264K)
[4656.006s][info][gc             ] GC(1231) Pause Young (Allocation Failure) 3998M->1764M(4445M) 71.141ms
[4656.006s][info][gc,cpu         ] GC(1231) User=0.41s Sys=0.01s Real=0.07s
..[4658.025s][info][gc,start       ] GC(1232) Pause Young (Allocation Failure)
[4658.120s][info][gc,heap        ] GC(1232) PSYoungGen: 2619360K(2619392K)->159168K(2623488K) Eden: 2450944K(2450944K)->0K(2450944K) From: 168416K(168448K)->159168K(172544K)
[4658.120s][info][gc,heap        ] GC(1232) ParOldGen: 1638014K(1932800K)->1744334K(1932800K)
[4658.120s][info][gc,metaspace   ] GC(1232) Metaspace: 29095K(29376K)->29095K(29376K) NonClass: 25992K(26112K)->25992K(26112K) Class: 3102K(3264K)->3102K(3264K)
[4658.120s][info][gc             ] GC(1232) Pause Young (Allocation Failure) 4157M->1858M(4449M) 95.032ms
[4658.120s][info][gc,cpu         ] GC(1232) User=0.56s Sys=0.00s Real=0.09s
..[4660.162s][info][gc,start       ] GC(1233) Pause Young (Allocation Failure)
[4660.255s][info][gc,heap        ] GC(1233) PSYoungGen: 2610112K(2623488K)->152336K(2621952K) Eden: 2450944K(2450944K)->0K(2451456K) From: 159168K(172544K)->152336K(170496K)
[4660.255s][info][gc,heap        ] GC(1233) ParOldGen: 1744334K(1932800K)->1849814K(1932800K)
[4660.255s][info][gc,metaspace   ] GC(1233) Metaspace: 29095K(29376K)->29095K(29376K) NonClass: 25992K(26112K)->25992K(26112K) Class: 3102K(3264K)->3102K(3264K)
[4660.255s][info][gc             ] GC(1233) Pause Young (Allocation Failure) 4252M->1955M(4448M) 93.074ms
[4660.255s][info][gc,cpu         ] GC(1233) User=0.55s Sys=0.00s Real=0.10s
..[4662.369s][info][gc,start       ] GC(1234) Pause Young (Allocation Failure)
[4662.461s][info][gc,heap        ] GC(1234) PSYoungGen: 2603792K(2621952K)->148544K(2622976K) Eden: 2451456K(2451456K)->0K(2451456K) From: 152336K(170496K)->148544K(171520K)
[4662.461s][info][gc,heap        ] GC(1234) ParOldGen: 1849814K(1932800K)->1954894K(1955328K)
[4662.461s][info][gc,metaspace   ] GC(1234) Metaspace: 29095K(29376K)->29095K(29376K) NonClass: 25992K(26112K)->25992K(26112K) Class: 3102K(3264K)->3102K(3264K)
[4662.461s][info][gc             ] GC(1234) Pause Young (Allocation Failure) 4349M->2054M(4471M) 92.640ms
[4662.461s][info][gc,cpu         ] GC(1234) User=0.53s Sys=0.01s Real=0.09s
..[4664.549s][info][gc,start       ] GC(1235) Pause Young (Allocation Failure)
[4664.648s][info][gc,heap        ] GC(1235) PSYoungGen: 2600000K(2622976K)->157696K(2622976K) Eden: 2451456K(2451456K)->0K(2453504K) From: 148544K(171520K)->157696K(169472K)
[4664.648s][info][gc,heap        ] GC(1235) ParOldGen: 1954894K(1955328K)->2058182K(2058240K)
[4664.648s][info][gc,metaspace   ] GC(1235) Metaspace: 29095K(29376K)->29095K(29376K) NonClass: 25992K(26112K)->25992K(26112K) Class: 3102K(3264K)->3102K(3264K)
[4664.648s][info][gc             ] GC(1235) Pause Young (Allocation Failure) 4448M->2163M(4571M) 99.044ms
[4664.648s][info][gc,cpu         ] GC(1235) User=0.55s Sys=0.04s Real=0.10s
..[4666.677s][info][gc,start       ] GC(1236) Pause Young (Allocation Failure)
[4666.775s][info][gc,heap        ] GC(1236) PSYoungGen: 2611200K(2622976K)->156132K(2624000K) Eden: 2453504K(2453504K)->0K(2453504K) From: 157696K(169472K)->156132K(170496K)
[4666.775s][info][gc,heap        ] GC(1236) ParOldGen: 2058182K(2058240K)->2163438K(2163712K)
[4666.775s][info][gc,metaspace   ] GC(1236) Metaspace: 29095K(29376K)->29095K(29376K) NonClass: 25992K(26112K)->25992K(26112K) Class: 3102K(3264K)->3102K(3264K)
[4666.775s][info][gc             ] GC(1236) Pause Young (Allocation Failure) 4559M->2265M(4675M) 98.594ms
[4666.775s][info][gc,cpu         ] GC(1236) User=0.55s Sys=0.03s Real=0.10s
..[4668.861s][info][gc,start       ] GC(1237) Pause Young (Allocation Failure)
[4668.966s][info][gc,heap        ] GC(1237) PSYoungGen: 2609636K(2624000K)->168932K(2542080K) Eden: 2453504K(2453504K)->0K(2373120K) From: 156132K(170496K)->168932K(168960K)
[4668.966s][info][gc,heap        ] GC(1237) ParOldGen: 2163438K(2163712K)->2268478K(2268672K)
[4668.966s][info][gc,metaspace   ] GC(1237) Metaspace: 29095K(29376K)->29095K(29376K) NonClass: 25992K(26112K)->25992K(26112K) Class: 3102K(3264K)->3102K(3264K)
[4668.966s][info][gc             ] GC(1237) Pause Young (Allocation Failure) 4661M->2380M(4698M) 104.851ms
[4668.966s][info][gc,cpu         ] GC(1237) User=0.57s Sys=0.05s Real=0.11s
...[4671.028s][info][gc,start       ] GC(1238) Pause Young (Allocation Failure)
[4671.126s][info][gc,heap        ] GC(1238) PSYoungGen: 2542052K(2542080K)->159840K(2584576K) Eden: 2373120K(2373120K)->0K(2373120K) From: 168932K(168960K)->159840K(211456K)
[4671.126s][info][gc,heap        ] GC(1238) ParOldGen: 2268478K(2268672K)->2372038K(2372096K)
[4671.126s][info][gc,metaspace   ] GC(1238) Metaspace: 29095K(29376K)->29095K(29376K) NonClass: 25992K(26112K)->25992K(26112K) Class: 3102K(3264K)->3102K(3264K)
[4671.126s][info][gc             ] GC(1238) Pause Young (Allocation Failure) 4697M->2472M(4840M) 98.067ms
[4671.126s][info][gc,cpu         ] GC(1238) User=0.55s Sys=0.04s Real=0.10s
..[4673.059s][info][gc,start       ] GC(1239) Pause Young (Allocation Failure)
[4673.165s][info][gc,heap        ] GC(1239) PSYoungGen: 2532960K(2584576K)->166176K(2573312K) Eden: 2373120K(2373120K)->0K(2376192K) From: 159840K(211456K)->166176K(197120K)
[4673.165s][info][gc,heap        ] GC(1239) ParOldGen: 2372038K(2372096K)->2480686K(2481152K)
[4673.165s][info][gc,metaspace   ] GC(1239) Metaspace: 29095K(29376K)->29095K(29376K) NonClass: 25992K(26112K)->25992K(26112K) Class: 3102K(3264K)->3102K(3264K)
[4673.165s][info][gc             ] GC(1239) Pause Young (Allocation Failure) 4790M->2584M(4936M) 106.354ms
[4673.165s][info][gc,cpu         ] GC(1239) User=0.61s Sys=0.02s Real=0.11s
..[4675.144s][info][gc,start       ] GC(1240) Pause Young (Allocation Failure)
[4675.242s][info][gc,heap        ] GC(1240) PSYoungGen: 2542368K(2573312K)->158608K(2580480K) Eden: 2376192K(2376192K)->0K(2376192K) From: 166176K(197120K)->158608K(204288K)
[4675.242s][info][gc,heap        ] GC(1240) ParOldGen: 2480686K(2481152K)->2582046K(2582528K)
[4675.242s][info][gc,metaspace   ] GC(1240) Metaspace: 29095K(29376K)->29095K(29376K) NonClass: 25992K(26112K)->25992K(26112K) Class: 3102K(3264K)->3102K(3264K)
[4675.242s][info][gc             ] GC(1240) Pause Young (Allocation Failure) 4905M->2676M(5042M) 98.228ms
[4675.242s][info][gc,cpu         ] GC(1240) User=0.56s Sys=0.02s Real=0.10s
..[4677.267s][info][gc,start       ] GC(1241) Pause Young (Allocation Failure)
[4677.361s][info][gc,heap        ] GC(1241) PSYoungGen: 2534800K(2580480K)->148512K(2588672K) Eden: 2376192K(2376192K)->0K(2389504K) From: 158608K(204288K)->148512K(199168K)
[4677.361s][info][gc,heap        ] GC(1241) ParOldGen: 2582046K(2582528K)->2683270K(2683392K)
[4677.361s][info][gc,metaspace   ] GC(1241) Metaspace: 29095K(29376K)->29095K(29376K) NonClass: 25992K(26112K)->25992K(26112K) Class: 3102K(3264K)->3102K(3264K)
[4677.361s][info][gc             ] GC(1241) Pause Young (Allocation Failure) 4996M->2765M(5148M) 94.399ms
[4677.361s][info][gc,cpu         ] GC(1241) User=0.53s Sys=0.03s Real=0.09s
..[4679.245s][info][gc,start       ] GC(1242) Pause Young (Allocation Failure)
[4679.340s][info][gc,heap        ] GC(1242) PSYoungGen: 2538016K(2588672K)->143812K(2591232K) Eden: 2389504K(2389504K)->0K(2389504K) From: 148512K(199168K)->143812K(201728K)
[4679.340s][info][gc,heap        ] GC(1242) ParOldGen: 2683270K(2683392K)->2790614K(2790912K)
[4679.340s][info][gc,metaspace   ] GC(1242) Metaspace: 29095K(29376K)->29095K(29376K) NonClass: 25992K(26112K)->25992K(26112K) Class: 3102K(3264K)->3102K(3264K)
[4679.340s][info][gc             ] GC(1242) Pause Young (Allocation Failure) 5098M->2865M(5256M) 95.171ms
[4679.340s][info][gc,cpu         ] GC(1242) User=0.54s Sys=0.03s Real=0.09s
..[4681.414s][info][gc,start       ] GC(1243) Pause Young (Allocation Failure)
[4681.511s][info][gc,heap        ] GC(1243) PSYoungGen: 2533316K(2591232K)->159072K(2587648K) Eden: 2389504K(2389504K)->0K(2393088K) From: 143812K(201728K)->159072K(194560K)
[4681.511s][info][gc,heap        ] GC(1243) ParOldGen: 2790614K(2790912K)->2887774K(2888192K)
[4681.511s][info][gc,metaspace   ] GC(1243) Metaspace: 29095K(29376K)->29095K(29376K) NonClass: 25992K(26112K)->25992K(26112K) Class: 3102K(3264K)->3102K(3264K)
[4681.511s][info][gc             ] GC(1243) Pause Young (Allocation Failure) 5199M->2975M(5347M) 96.810ms
[4681.511s][info][gc,cpu         ] GC(1243) User=0.54s Sys=0.03s Real=0.09s
..[4683.533s][info][gc,start       ] GC(1244) Pause Young (Allocation Failure)
[4683.631s][info][gc,heap        ] GC(1244) PSYoungGen: 2552160K(2587648K)->150784K(2591232K) Eden: 2393088K(2393088K)->0K(2393088K) From: 159072K(194560K)->150784K(198144K)
[4683.631s][info][gc,heap        ] GC(1244) ParOldGen: 2887774K(2888192K)->2995238K(2995712K)
[4683.631s][info][gc,metaspace   ] GC(1244) Metaspace: 29095K(29376K)->29095K(29376K) NonClass: 25992K(26112K)->25992K(26112K) Class: 3102K(3264K)->3102K(3264K)
[4683.631s][info][gc             ] GC(1244) Pause Young (Allocation Failure) 5312M->3072M(5456M) 97.488ms
[4683.631s][info][gc,cpu         ] GC(1244) User=0.55s Sys=0.02s Real=0.10s
..[4685.634s][info][gc,start       ] GC(1245) Pause Young (Allocation Failure)
[4685.733s][info][gc,heap        ] GC(1245) PSYoungGen: 2543872K(2591232K)->155194K(2591232K) Eden: 2393088K(2393088K)->0K(2401792K) From: 150784K(198144K)->155194K(189440K)
[4685.733s][info][gc,heap        ] GC(1245) ParOldGen: 2995238K(2995712K)->3099990K(3100160K)
[4685.733s][info][gc,metaspace   ] GC(1245) Metaspace: 29095K(29376K)->29095K(29376K) NonClass: 25992K(26112K)->25992K(26112K) Class: 3102K(3264K)->3102K(3264K)
[4685.733s][info][gc             ] GC(1245) Pause Young (Allocation Failure) 5409M->3178M(5558M) 99.398ms
[4685.733s][info][gc,cpu         ] GC(1245) User=0.55s Sys=0.04s Real=0.10s
..[4687.776s][info][gc,start       ] GC(1246) Pause Young (Allocation Failure)
[4687.875s][info][gc,heap        ] GC(1246) PSYoungGen: 2556986K(2591232K)->157536K(2595328K) Eden: 2401792K(2401792K)->0K(2401792K) From: 155194K(189440K)->157536K(193536K)
[4687.875s][info][gc,heap        ] GC(1246) ParOldGen: 3099990K(3100160K)->3203494K(3203584K)
[4687.875s][info][gc,metaspace   ] GC(1246) Metaspace: 29095K(29376K)->29095K(29376K) NonClass: 25992K(26112K)->25992K(26112K) Class: 3102K(3264K)->3102K(3264K)
[4687.875s][info][gc             ] GC(1246) Pause Young (Allocation Failure) 5524M->3282M(5663M) 99.075ms
[4687.875s][info][gc,cpu         ] GC(1246) User=0.56s Sys=0.03s Real=0.10s
..[4689.980s][info][gc,start       ] GC(1247) Pause Young (Allocation Failure)
[4690.079s][info][gc,heap        ] GC(1247) PSYoungGen: 2559328K(2595328K)->160480K(2594816K) Eden: 2401792K(2401792K)->0K(2411520K) From: 157536K(193536K)->160480K(183296K)
[4690.080s][info][gc,heap        ] GC(1247) ParOldGen: 3203494K(3203584K)->3304270K(3304448K)
[4690.080s][info][gc,metaspace   ] GC(1247) Metaspace: 29095K(29376K)->29095K(29376K) NonClass: 25992K(26112K)->25992K(26112K) Class: 3102K(3264K)->3102K(3264K)
[4690.080s][info][gc             ] GC(1247) Pause Young (Allocation Failure) 5627M->3383M(5761M) 99.393ms
[4690.080s][info][gc,cpu         ] GC(1247) User=0.55s Sys=0.03s Real=0.10s
...[4692.106s][info][gc,start       ] GC(1248) Pause Young (Allocation Failure)
[4692.203s][info][gc,heap        ] GC(1248) PSYoungGen: 2572000K(2594816K)->154272K(2599424K) Eden: 2411520K(2411520K)->0K(2411520K) From: 160480K(183296K)->154272K(187904K)
[4692.203s][info][gc,heap        ] GC(1248) ParOldGen: 3304270K(3304448K)->3410654K(3410944K)
[4692.203s][info][gc,metaspace   ] GC(1248) Metaspace: 29095K(29376K)->29095K(29376K) NonClass: 25992K(26112K)->25992K(26112K) Class: 3102K(3264K)->3102K(3264K)
[4692.203s][info][gc             ] GC(1248) Pause Young (Allocation Failure) 5738M->3481M(5869M) 97.880ms
[4692.203s][info][gc,cpu         ] GC(1248) User=0.54s Sys=0.03s Real=0.09s
..[4694.157s][info][gc,start       ] GC(1249) Pause Young (Allocation Failure)
[4694.253s][info][gc,heap        ] GC(1249) PSYoungGen: 2565792K(2599424K)->147632K(2604544K) Eden: 2411520K(2411520K)->0K(2421760K) From: 154272K(187904K)->147632K(182784K)
[4694.253s][info][gc,heap        ] GC(1249) ParOldGen: 3410654K(3410944K)->3513758K(3513856K)
[4694.253s][info][gc,metaspace   ] GC(1249) Metaspace: 29095K(29376K)->29095K(29376K) NonClass: 25992K(26112K)->25992K(26112K) Class: 3102K(3264K)->3102K(3264K)
[4694.253s][info][gc             ] GC(1249) Pause Young (Allocation Failure) 5836M->3575M(5975M) 96.263ms
[4694.253s][info][gc,cpu         ] GC(1249) User=0.55s Sys=0.02s Real=0.09s
..[4696.267s][info][gc,start       ] GC(1250) Pause Young (Allocation Failure)
[4696.364s][info][gc,heap        ] GC(1250) PSYoungGen: 2569392K(2604544K)->149536K(2607104K) Eden: 2421760K(2421760K)->0K(2421760K) From: 147632K(182784K)->149536K(185344K)
[4696.364s][info][gc,heap        ] GC(1250) ParOldGen: 3513758K(3513856K)->3615710K(3615744K)
[4696.364s][info][gc,metaspace   ] GC(1250) Metaspace: 29095K(29376K)->29095K(29376K) NonClass: 25992K(26112K)->25992K(26112K) Class: 3102K(3264K)->3102K(3264K)
[4696.364s][info][gc             ] GC(1250) Pause Young (Allocation Failure) 5940M->3676M(6077M) 96.593ms
[4696.364s][info][gc,cpu         ] GC(1250) User=0.55s Sys=0.02s Real=0.09s
..[4698.468s][info][gc,start       ] GC(1251) Pause Young (Allocation Failure)
[4698.568s][info][gc,heap        ] GC(1251) PSYoungGen: 2571296K(2607104K)->157556K(2604544K) Eden: 2421760K(2421760K)->0K(2426368K) From: 149536K(185344K)->157556K(178176K)
[4698.568s][info][gc,heap        ] GC(1251) ParOldGen: 3615710K(3615744K)->3716774K(3717120K)
[4698.568s][info][gc,metaspace   ] GC(1251) Metaspace: 29095K(29376K)->29095K(29376K) NonClass: 25992K(26112K)->25992K(26112K) Class: 3102K(3264K)->3102K(3264K)
[4698.568s][info][gc             ] GC(1251) Pause Young (Allocation Failure) 6041M->3783M(6173M) 99.839ms
[4698.568s][info][gc,cpu         ] GC(1251) User=0.56s Sys=0.03s Real=0.10s
..[4700.663s][info][gc,start       ] GC(1252) Pause Young (Allocation Failure)
[4700.765s][info][gc,heap        ] GC(1252) PSYoungGen: 2583924K(2604544K)->157428K(2608128K) Eden: 2426368K(2426368K)->0K(2426368K) From: 157556K(178176K)->157428K(181760K)
[4700.765s][info][gc,heap        ] GC(1252) ParOldGen: 3716774K(3717120K)->3822174K(3822592K)
[4700.765s][info][gc,metaspace   ] GC(1252) Metaspace: 29095K(29376K)->29095K(29376K) NonClass: 25992K(26112K)->25992K(26112K) Class: 3102K(3264K)->3102K(3264K)
[4700.765s][info][gc             ] GC(1252) Pause Young (Allocation Failure) 6153M->3886M(6280M) 101.356ms
[4700.765s][info][gc,cpu         ] GC(1252) User=0.56s Sys=0.04s Real=0.11s
..[4702.789s][info][gc,start       ] GC(1253) Pause Young (Allocation Failure)
[4702.891s][info][gc,heap        ] GC(1253) PSYoungGen: 2583796K(2608128K)->161728K(2612224K) Eden: 2426368K(2426368K)->0K(2435072K) From: 157428K(181760K)->161728K(177152K)
[4702.891s][info][gc,heap        ] GC(1253) ParOldGen: 3822174K(3822592K)->3928270K(3928576K)
[4702.891s][info][gc,metaspace   ] GC(1253) Metaspace: 29095K(29376K)->29095K(29376K) NonClass: 25992K(26112K)->25992K(26112K) Class: 3102K(3264K)->3102K(3264K)
[4702.891s][info][gc             ] GC(1253) Pause Young (Allocation Failure) 6255M->3994M(6387M) 102.284ms
[4702.891s][info][gc,cpu         ] GC(1253) User=0.57s Sys=0.04s Real=0.10s
.. (rIR:aIR:PR = 7887:7876:7876) (tPR = 116918) [OK] 
  4704s: Performance info:
         Transaction,    Success,    Partial,     Failed,   Receipts, AvgBarcode, 
             Overall,     473116,          0,          0,     449427,      59.47, 
         Response times:
             Request,    Success,    Partial,     Failed,   SkipFail,     Probes,    Samples,      min,      p50,      p90,      p95,      p99,      max, 
       TotalPurchase,     449427,          0,          0,          0,     352060,     391578,      300,     5500,    26000,    54000,   127000,  1100000,
     InStorePurchase,     236901,          0,          0,          0,     185186,     205718,      300,     5400,    25000,    53000,   110000,  1100000,
      OnlinePurchase,     164963,          0,          0,          0,     129498,     144137,      300,     5600,    27000,    54000,   127000,   990000,
        InstPurchase,      47563,          0,          0,          0,      37376,      41723,      400,     5800,    25000,    53000,   111760,   990000,
          AssocOfCat,        478,          0,          0,          0,        368,        501,    18900,    37000,    82200,   132000,   451980,  1100000,
      AssocOfProduct,       4738,          0,          0,          0,       4301,       4959,      500,     4100,    21000,    44000,   103400,   244000,
      BusinessReport,       1184,          0,          0,          0,       1020,       1259,    29000,    46000,    82000,   144000,   245000,  1100000,
          CustBuyBeh,       4742,          0,          0,          0,       4341,       5087,     1800,     7200,    35000,    69000,   226000,   990000,
       ProductReturn,      12547,          0,          0,          0,       9496,      10857,      300,     5200,    30000,    54000,   127000,   980000,

  4704s: (58%)   IR =   8025 [4704.920s][info][gc,start       ] GC(1254) Pause Young (Allocation Failure)
[4705.019s][info][gc,heap        ] GC(1254) PSYoungGen: 2596800K(2612224K)->156976K(2613760K) Eden: 2435072K(2435072K)->0K(2435072K) From: 161728K(177152K)->156976K(178688K)
[4705.019s][info][gc,heap        ] GC(1254) ParOldGen: 3928270K(3928576K)->4031638K(4032000K)
[4705.019s][info][gc,metaspace   ] GC(1254) Metaspace: 29095K(29376K)->29095K(29376K) NonClass: 25992K(26112K)->25992K(26112K) Class: 3102K(3264K)->3102K(3264K)
[4705.019s][info][gc             ] GC(1254) Pause Young (Allocation Failure) 6372M->4090M(6490M) 98.969ms
[4705.019s][info][gc,cpu         ] GC(1254) User=0.55s Sys=0.03s Real=0.10s
..[4707.086s][info][gc,start       ] GC(1255) Pause Young (Allocation Failure)
[4707.187s][info][gc,heap        ] GC(1255) PSYoungGen: 2592048K(2613760K)->162272K(2616832K) Eden: 2435072K(2435072K)->0K(2440192K) From: 156976K(178688K)->162272K(176640K)
[4707.187s][info][gc,heap        ] GC(1255) ParOldGen: 4031638K(4032000K)->4133126K(4133376K)
[4707.187s][info][gc,metaspace   ] GC(1255) Metaspace: 29095K(29376K)->29095K(29376K) NonClass: 25992K(26112K)->25992K(26112K) Class: 3102K(3264K)->3102K(3264K)
[4707.187s][info][gc             ] GC(1255) Pause Young (Allocation Failure) 6468M->4194M(6592M) 100.813ms
[4707.187s][info][gc,cpu         ] GC(1255) User=0.55s Sys=0.05s Real=0.10s
..[4709.205s][info][gc,start       ] GC(1256) Pause Young (Allocation Failure)
[4709.303s][info][gc,heap        ] GC(1256) PSYoungGen: 2602464K(2616832K)->149536K(2616832K) Eden: 2440192K(2440192K)->0K(2440192K) From: 162272K(176640K)->149536K(176640K)
[4709.303s][info][gc,heap        ] GC(1256) ParOldGen: 4133126K(4133376K)->4239286K(4239360K)
[4709.303s][info][gc,metaspace   ] GC(1256) Metaspace: 29095K(29376K)->29095K(29376K) NonClass: 25992K(26112K)->25992K(26112K) Class: 3102K(3264K)->3102K(3264K)
[4709.303s][info][gc             ] GC(1256) Pause Young (Allocation Failure) 6577M->4285M(6695M) 98.144ms
[4709.303s][info][gc,cpu         ] GC(1256) User=0.55s Sys=0.03s Real=0.09s
...[4711.386s][info][gc,start       ] GC(1257) Pause Young (Allocation Failure)
[4711.483s][info][gc,heap        ] GC(1257) PSYoungGen: 2589728K(2616832K)->147424K(2618880K) Eden: 2440192K(2440192K)->0K(2442752K) From: 149536K(176640K)->147424K(176128K)
[4711.483s][info][gc,heap        ] GC(1257) ParOldGen: 4239286K(4239360K)->4345278K(4345344K)
[4711.483s][info][gc,metaspace   ] GC(1257) Metaspace: 29095K(29376K)->29095K(29376K) NonClass: 25992K(26112K)->25992K(26112K) Class: 3102K(3264K)->3102K(3264K)
[4711.483s][info][gc             ] GC(1257) Pause Young (Allocation Failure) 6668M->4387M(6801M) 97.292ms
[4711.483s][info][gc,cpu         ] GC(1257) User=0.54s Sys=0.03s Real=0.09s
.|.[4713.418s][info][gc,start       ] GC(1258) Pause Young (Allocation Failure)
[4713.516s][info][gc,heap        ] GC(1258) PSYoungGen: 2590176K(2618880K)->148512K(2618880K) Eden: 2442752K(2442752K)->0K(2442752K) From: 147424K(176128K)->148512K(176128K)
[4713.516s][info][gc,heap        ] GC(1258) ParOldGen: 4345278K(4345344K)->4449006K(4449280K)
[4713.516s][info][gc,metaspace   ] GC(1258) Metaspace: 29095K(29376K)->29095K(29376K) NonClass: 25992K(26112K)->25992K(26112K) Class: 3102K(3264K)->3102K(3264K)
[4713.516s][info][gc             ] GC(1258) Pause Young (Allocation Failure) 6772M->4489M(6902M) 97.617ms
[4713.516s][info][gc,cpu         ] GC(1258) User=0.55s Sys=0.03s Real=0.10s
..[4715.447s][info][gc,start       ] GC(1259) Pause Young (Allocation Failure)
[4715.547s][info][gc,heap        ] GC(1259) PSYoungGen: 2591264K(2618880K)->159573K(2619392K) Eden: 2442752K(2442752K)->0K(2444288K) From: 148512K(176128K)->159573K(175104K)
[4715.547s][info][gc,heap        ] GC(1259) ParOldGen: 4449006K(4449280K)->4552542K(4552704K)
[4715.547s][info][gc,metaspace   ] GC(1259) Metaspace: 29095K(29376K)->29095K(29376K) NonClass: 25992K(26112K)->25992K(26112K) Class: 3102K(3264K)->3102K(3264K)
[4715.547s][info][gc             ] GC(1259) Pause Young (Allocation Failure) 6875M->4601M(7004M) 100.346ms
[4715.547s][info][gc,cpu         ] GC(1259) User=0.56s Sys=0.03s Real=0.10s
..[4717.554s][info][gc,start       ] GC(1260) Pause Young (Allocation Failure)
[4717.656s][info][gc,heap        ] GC(1260) PSYoungGen: 2603861K(2619392K)->160180K(2619392K) Eden: 2444288K(2444288K)->0K(2444288K) From: 159573K(175104K)->160180K(175104K)
[4717.656s][info][gc,heap        ] GC(1260) ParOldGen: 4552542K(4552704K)->4656998K(4657152K)
[4717.656s][info][gc,metaspace   ] GC(1260) Metaspace: 29095K(29376K)->29095K(29376K) NonClass: 25992K(26112K)->25992K(26112K) Class: 3102K(3264K)->3102K(3264K)
[4717.656s][info][gc             ] GC(1260) Pause Young (Allocation Failure) 6988M->4704M(7106M) 101.895ms
[4717.656s][info][gc,cpu         ] GC(1260) User=0.58s Sys=0.03s Real=0.10s
..[4719.678s][info][gc,start       ] GC(1261) Pause Young (Allocation Failure)
[4719.779s][info][gc,heap        ] GC(1261) PSYoungGen: 2604468K(2619392K)->156864K(2618368K) Eden: 2444288K(2444288K)->0K(2446336K) From: 160180K(175104K)->156864K(172032K)
[4719.779s][info][gc,heap        ] GC(1261) ParOldGen: 4656998K(4657152K)->4761430K(4761600K)
[4719.779s][info][gc,metaspace   ] GC(1261) Metaspace: 29095K(29376K)->29095K(29376K) NonClass: 25992K(26112K)->25992K(26112K) Class: 3102K(3264K)->3102K(3264K)
[4719.779s][info][gc             ] GC(1261) Pause Young (Allocation Failure) 7091M->4803M(7207M) 101.329ms
[4719.779s][info][gc,cpu         ] GC(1261) User=0.56s Sys=0.04s Real=0.10s
..[4721.828s][info][gc,start       ] GC(1262) Pause Young (Allocation Failure)
[4721.935s][info][gc,heap        ] GC(1262) PSYoungGen: 2603200K(2618368K)->169914K(2619392K) Eden: 2446336K(2446336K)->0K(2446336K) From: 156864K(172032K)->169914K(173056K)
[4721.935s][info][gc,heap        ] GC(1262) ParOldGen: 4761430K(4761600K)->4865270K(4865536K)
[4721.935s][info][gc,metaspace   ] GC(1262) Metaspace: 29095K(29376K)->29095K(29376K) NonClass: 25992K(26112K)->25992K(26112K) Class: 3102K(3264K)->3102K(3264K)
[4721.935s][info][gc             ] GC(1262) Pause Young (Allocation Failure) 7192M->4917M(7309M) 106.691ms
[4721.935s][info][gc,cpu         ] GC(1262) User=0.61s Sys=0.03s Real=0.11s
..[4723.888s][info][gc,start       ] GC(1263) Pause Young (Allocation Failure)
[4723.990s][info][gc,heap        ] GC(1263) PSYoungGen: 2616250K(2619392K)->157648K(2620928K) Eden: 2446336K(2446336K)->0K(2444800K) From: 169914K(173056K)->157648K(176128K)
[4723.990s][info][gc,heap        ] GC(1263) ParOldGen: 4865270K(4865536K)->4971550K(4972032K)
[4723.990s][info][gc,metaspace   ] GC(1263) Metaspace: 29095K(29376K)->29095K(29376K) NonClass: 25992K(26112K)->25992K(26112K) Class: 3102K(3264K)->3102K(3264K)
[4723.990s][info][gc             ] GC(1263) Pause Young (Allocation Failure) 7306M->5008M(7415M) 102.151ms
[4723.990s][info][gc,cpu         ] GC(1263) User=0.58s Sys=0.03s Real=0.10s
..[4726.051s][info][gc,start       ] GC(1264) Pause Young (Allocation Failure)
[4726.156s][info][gc,heap        ] GC(1264) PSYoungGen: 2602448K(2620928K)->164051K(2619392K) Eden: 2444800K(2444800K)->0K(2444800K) From: 157648K(176128K)->164051K(174592K)
[4726.156s][info][gc,heap        ] GC(1264) ParOldGen: 4971550K(4972032K)->5073798K(5073920K)
[4726.156s][info][gc,metaspace   ] GC(1264) Metaspace: 29095K(29376K)->29095K(29376K) NonClass: 25992K(26112K)->25992K(26112K) Class: 3102K(3264K)->3102K(3264K)
[4726.156s][info][gc             ] GC(1264) Pause Young (Allocation Failure) 7396M->5115M(7513M) 104.213ms
[4726.156s][info][gc,cpu         ] GC(1264) User=0.58s Sys=0.04s Real=0.11s
..[4728.094s][info][gc,start       ] GC(1265) Pause Young (Allocation Failure)
[4728.197s][info][gc,heap        ] GC(1265) PSYoungGen: 2608851K(2619392K)->160373K(2620416K) Eden: 2444800K(2444800K)->0K(2446336K) From: 164051K(174592K)->160373K(174080K)
[4728.197s][info][gc,heap        ] GC(1265) ParOldGen: 5073798K(5073920K)->5181582K(5181952K)
[4728.197s][info][gc,metaspace   ] GC(1265) Metaspace: 29095K(29376K)->29095K(29376K) NonClass: 25992K(26112K)->25992K(26112K) Class: 3102K(3264K)->3102K(3264K)
[4728.197s][info][gc             ] GC(1265) Pause Young (Allocation Failure) 7502M->5216M(7619M) 103.508ms
[4728.197s][info][gc,cpu         ] GC(1265) User=0.58s Sys=0.04s Real=0.11s
..[4730.305s][info][gc,start       ] GC(1266) Pause Young (Allocation Failure)
[4730.402s][info][gc,heap        ] GC(1266) PSYoungGen: 2606709K(2620416K)->148704K(2620416K) Eden: 2446336K(2446336K)->0K(2446336K) From: 160373K(174080K)->148704K(174080K)
[4730.402s][info][gc,heap        ] GC(1266) ParOldGen: 5181582K(5181952K)->5282486K(5282816K)
[4730.402s][info][gc,metaspace   ] GC(1266) Metaspace: 29095K(29376K)->29095K(29376K) NonClass: 25992K(26112K)->25992K(26112K) Class: 3102K(3264K)->3102K(3264K)
[4730.402s][info][gc             ] GC(1266) Pause Young (Allocation Failure) 7605M->5303M(7718M) 96.886ms
[4730.402s][info][gc,cpu         ] GC(1266) User=0.55s Sys=0.02s Real=0.09s
...[4732.429s][info][gc,start       ] GC(1267) Pause Young (Allocation Failure)
[4732.530s][info][gc,heap        ] GC(1267) PSYoungGen: 2595040K(2620416K)->154324K(2620416K) Eden: 2446336K(2446336K)->0K(2447360K) From: 148704K(174080K)->154324K(173056K)
[4732.530s][info][gc,heap        ] GC(1267) ParOldGen: 5282486K(5282816K)->5387166K(5387264K)
[4732.530s][info][gc,metaspace   ] GC(1267) Metaspace: 29095K(29376K)->29095K(29376K) NonClass: 25992K(26112K)->25992K(26112K) Class: 3102K(3264K)->3102K(3264K)
[4732.530s][info][gc             ] GC(1267) Pause Young (Allocation Failure) 7692M->5411M(7820M) 100.646ms
[4732.530s][info][gc,cpu         ] GC(1267) User=0.56s Sys=0.04s Real=0.10s
..[4734.495s][info][gc,start       ] GC(1268) Pause Young (Allocation Failure)
[4734.593s][info][gc,heap        ] GC(1268) PSYoungGen: 2601684K(2620416K)->144960K(2620928K) Eden: 2447360K(2447360K)->0K(2447360K) From: 154324K(173056K)->144960K(173568K)
[4734.593s][info][gc,heap        ] GC(1268) ParOldGen: 5387166K(5387264K)->5495790K(5495808K)
[4734.593s][info][gc,metaspace   ] GC(1268) Metaspace: 29095K(29376K)->29095K(29376K) NonClass: 25992K(26112K)->25992K(26112K) Class: 3102K(3264K)->3102K(3264K)
[4734.593s][info][gc             ] GC(1268) Pause Young (Allocation Failure) 7801M->5508M(7926M) 97.561ms
[4734.593s][info][gc,cpu         ] GC(1268) User=0.55s Sys=0.03s Real=0.09s
..[4736.666s][info][gc,start       ] GC(1269) Pause Full (Allocation Failure)
[4736.666s][info][gc,phases,start] GC(1269) Marking Phase
[4736.985s][info][gc,phases      ] GC(1269) Marking Phase 319.301ms
[4736.985s][info][gc,phases,start] GC(1269) Summary Phase
[4736.986s][info][gc,phases      ] GC(1269) Summary Phase 0.098ms
[4736.986s][info][gc,phases,start] GC(1269) Forward
[4737.123s][info][gc,phases      ] GC(1269) Forward 137.185ms
[4737.123s][info][gc,phases,start] GC(1269) Adjust Pointers
[4737.340s][info][gc,phases      ] GC(1269) Adjust Pointers 217.576ms
[4737.340s][info][gc,phases,start] GC(1269) Compaction Phase
[4737.492s][info][gc,phases      ] GC(1269) Compaction Phase 151.826ms
[4737.494s][info][gc,phases,start] GC(1269) Post Compact
[4737.500s][info][gc,phases      ] GC(1269) Post Compact 6.877ms
[4737.633s][info][gc,heap        ] GC(1269) PSYoungGen: 2592320K(2620928K)->0K(2621952K) Eden: 2447360K(2447360K)->0K(2447872K) From: 144960K(173568K)->0K(174080K)
[4737.633s][info][gc,heap        ] GC(1269) ParOldGen: 5495790K(5495808K)->1623221K(1927168K)
[4737.633s][info][gc,metaspace   ] GC(1269) Metaspace: 29095K(29376K)->29095K(29376K) NonClass: 25992K(26112K)->25992K(26112K) Class: 3102K(3264K)->3102K(3264K)
[4737.633s][info][gc             ] GC(1269) Pause Full (Allocation Failure) 7898M->1585M(4442M) 966.543ms
[4737.633s][info][gc,cpu         ] GC(1269) User=4.49s Sys=0.14s Real=0.96s
..[4738.877s][info][gc,start       ] GC(1270) Pause Young (Allocation Failure)
[4738.951s][info][gc,heap        ] GC(1270) PSYoungGen: 2447872K(2621952K)->174048K(2621952K) Eden: 2447872K(2447872K)->0K(2447872K) From: 0K(174080K)->174048K(174080K)
[4738.952s][info][gc,heap        ] GC(1270) ParOldGen: 1623221K(1927168K)->1633237K(1927168K)
[4738.952s][info][gc,metaspace   ] GC(1270) Metaspace: 29095K(29376K)->29095K(29376K) NonClass: 25992K(26112K)->25992K(26112K) Class: 3102K(3264K)->3102K(3264K)
[4738.952s][info][gc             ] GC(1270) Pause Young (Allocation Failure) 3975M->1764M(4442M) 74.530ms
[4738.952s][info][gc,cpu         ] GC(1270) User=0.44s Sys=0.00s Real=0.07s
..[4740.809s][info][gc,start       ] GC(1271) Pause Young (Allocation Failure)
[4740.903s][info][gc,heap        ] GC(1271) PSYoungGen: 2621920K(2621952K)->145984K(2605568K) Eden: 2447872K(2447872K)->0K(2431488K) From: 174048K(174080K)->145984K(174080K)
[4740.903s][info][gc,heap        ] GC(1271) ParOldGen: 1633237K(1927168K)->1749629K(1927168K)
[4740.903s][info][gc,metaspace   ] GC(1271) Metaspace: 29095K(29376K)->29095K(29376K) NonClass: 25992K(26112K)->25992K(26112K) Class: 3102K(3264K)->3102K(3264K)
[4740.903s][info][gc             ] GC(1271) Pause Young (Allocation Failure) 4155M->1851M(4426M) 93.833ms
[4740.903s][info][gc,cpu         ] GC(1271) User=0.56s Sys=0.00s Real=0.09s
..[4742.986s][info][gc,start       ] GC(1272) Pause Young (Allocation Failure)
[4743.080s][info][gc,heap        ] GC(1272) PSYoungGen: 2577472K(2605568K)->161536K(2613760K) Eden: 2431488K(2431488K)->0K(2431488K) From: 145984K(174080K)->161536K(182272K)
[4743.080s][info][gc,heap        ] GC(1272) ParOldGen: 1749629K(1927168K)->1847981K(1927168K)
[4743.080s][info][gc,metaspace   ] GC(1272) Metaspace: 29095K(29376K)->29095K(29376K) NonClass: 25992K(26112K)->25992K(26112K) Class: 3102K(3264K)->3102K(3264K)
[4743.080s][info][gc             ] GC(1272) Pause Young (Allocation Failure) 4225M->1962M(4434M) 93.631ms
[4743.080s][info][gc,cpu         ] GC(1272) User=0.56s Sys=0.00s Real=0.09s
..[4745.093s][info][gc,start       ] GC(1273) Pause Young (Allocation Failure)
[4745.191s][info][gc,heap        ] GC(1273) PSYoungGen: 2593024K(2613760K)->158816K(2608640K) Eden: 2431488K(2431488K)->0K(2432512K) From: 161536K(182272K)->158816K(176128K)
[4745.191s][info][gc,heap        ] GC(1273) ParOldGen: 1847981K(1927168K)->1956725K(1956864K)
[4745.191s][info][gc,metaspace   ] GC(1273) Metaspace: 29095K(29376K)->29095K(29376K) NonClass: 25992K(26112K)->25992K(26112K) Class: 3102K(3264K)->3102K(3264K)
[4745.191s][info][gc             ] GC(1273) Pause Young (Allocation Failure) 4336M->2065M(4458M) 97.517ms
[4745.191s][info][gc,cpu         ] GC(1273) User=0.57s Sys=0.01s Real=0.10s
..[4747.192s][info][gc,start       ] GC(1274) Pause Young (Allocation Failure)
[4747.295s][info][gc,heap        ] GC(1274) PSYoungGen: 2591328K(2608640K)->165458K(2611712K) Eden: 2432512K(2432512K)->0K(2432512K) From: 158816K(176128K)->165458K(179200K)
[4747.295s][info][gc,heap        ] GC(1274) ParOldGen: 1956725K(1956864K)->2057773K(2058240K)
[4747.295s][info][gc,metaspace   ] GC(1274) Metaspace: 29095K(29376K)->29095K(29376K) NonClass: 25992K(26112K)->25992K(26112K) Class: 3102K(3264K)->3102K(3264K)
[4747.295s][info][gc             ] GC(1274) Pause Young (Allocation Failure) 4441M->2171M(4560M) 102.505ms
[4747.295s][info][gc,cpu         ] GC(1274) User=0.57s Sys=0.03s Real=0.11s
..[4749.286s][info][gc,start       ] GC(1275) Pause Young (Allocation Failure)
[4749.387s][info][gc,heap        ] GC(1275) PSYoungGen: 2597970K(2611712K)->154880K(2614784K) Eden: 2432512K(2432512K)->0K(2436608K) From: 165458K(179200K)->154880K(178176K)
[4749.387s][info][gc,heap        ] GC(1275) ParOldGen: 2057773K(2058240K)->2163397K(2163712K)
[4749.387s][info][gc,metaspace   ] GC(1275) Metaspace: 29095K(29376K)->29095K(29376K) NonClass: 25992K(26112K)->25992K(26112K) Class: 3102K(3264K)->3102K(3264K)
[4749.387s][info][gc             ] GC(1275) Pause Young (Allocation Failure) 4546M->2263M(4666M) 100.434ms
[4749.387s][info][gc,cpu         ] GC(1275) User=0.57s Sys=0.03s Real=0.10s
..[4751.535s][info][gc,start       ] GC(1276) Pause Young (Allocation Failure)
[4751.631s][info][gc,heap        ] GC(1276) PSYoungGen: 2591488K(2614784K)->154112K(2615296K) Eden: 2436608K(2436608K)->0K(2436608K) From: 154880K(178176K)->154112K(178688K)
[4751.631s][info][gc,heap        ] GC(1276) ParOldGen: 2163397K(2163712K)->2266533K(2266624K)
[4751.631s][info][gc,metaspace   ] GC(1276) Metaspace: 29095K(29376K)->29095K(29376K) NonClass: 25992K(26112K)->25992K(26112K) Class: 3102K(3264K)->3102K(3264K)
[4751.631s][info][gc             ] GC(1276) Pause Young (Allocation Failure) 4643M->2363M(4767M) 96.928ms
[4751.631s][info][gc,cpu         ] GC(1276) User=0.54s Sys=0.03s Real=0.09s
..[4753.558s][info][gc,start       ] GC(1277) Pause Young (Allocation Failure)
[4753.653s][info][gc,heap        ] GC(1277) PSYoungGen: 2590720K(2615296K)->147200K(2616320K) Eden: 2436608K(2436608K)->0K(2439168K) From: 154112K(178688K)->147200K(177152K)
[4753.653s][info][gc,heap        ] GC(1277) ParOldGen: 2266533K(2266624K)->2374893K(2375168K)
[4753.653s][info][gc,metaspace   ] GC(1277) Metaspace: 29095K(29376K)->29095K(29376K) NonClass: 25992K(26112K)->25992K(26112K) Class: 3102K(3264K)->3102K(3264K)
[4753.653s][info][gc             ] GC(1277) Pause Young (Allocation Failure) 4743M->2462M(4874M) 95.428ms
[4753.653s][info][gc,cpu         ] GC(1277) User=0.52s Sys=0.05s Real=0.09s
..[4755.672s][info][gc,start       ] GC(1278) Pause Young (Allocation Failure)
[4755.765s][info][gc,heap        ] GC(1278) PSYoungGen: 2586368K(2616320K)->147744K(2616320K) Eden: 2439168K(2439168K)->0K(2439168K) From: 147200K(177152K)->147744K(177152K)
[4755.765s][info][gc,heap        ] GC(1278) ParOldGen: 2374893K(2375168K)->2476493K(2476544K)
[4755.765s][info][gc,metaspace   ] GC(1278) Metaspace: 29095K(29376K)->29095K(29376K) NonClass: 25992K(26112K)->25992K(26112K) Class: 3102K(3264K)->3102K(3264K)
[4755.765s][info][gc             ] GC(1278) Pause Young (Allocation Failure) 4844M->2562M(4973M) 93.407ms
[4755.765s][info][gc,cpu         ] GC(1278) User=0.53s Sys=0.02s Real=0.10s
...[4757.849s][info][gc,start       ] GC(1279) Pause Young (Allocation Failure)
[4757.950s][info][gc,heap        ] GC(1279) PSYoungGen: 2586912K(2616320K)->167104K(2615296K) Eden: 2439168K(2439168K)->0K(2438656K) From: 147744K(177152K)->167104K(176640K)
[4757.950s][info][gc,heap        ] GC(1279) ParOldGen: 2476493K(2476544K)->2577349K(2577408K)
[4757.950s][info][gc,metaspace   ] GC(1279) Metaspace: 29095K(29376K)->29095K(29376K) NonClass: 25992K(26112K)->25992K(26112K) Class: 3102K(3264K)->3102K(3264K)
[4757.950s][info][gc             ] GC(1279) Pause Young (Allocation Failure) 4944M->2680M(5071M) 101.011ms
[4757.950s][info][gc,cpu         ] GC(1279) User=0.57s Sys=0.03s Real=0.10s
..[4759.969s][info][gc,start       ] GC(1280) Pause Young (Allocation Failure)
[4760.070s][info][gc,heap        ] GC(1280) PSYoungGen: 2605760K(2615296K)->161216K(2617344K) Eden: 2438656K(2438656K)->0K(2438656K) From: 167104K(176640K)->161216K(178688K)
[4760.070s][info][gc,heap        ] GC(1280) ParOldGen: 2577349K(2577408K)->2684749K(2684928K)
[4760.070s][info][gc,metaspace   ] GC(1280) Metaspace: 29095K(29376K)->29095K(29376K) NonClass: 25992K(26112K)->25992K(26112K) Class: 3102K(3264K)->3102K(3264K)
[4760.070s][info][gc             ] GC(1280) Pause Young (Allocation Failure) 5061M->2779M(5178M) 101.544ms
[4760.070s][info][gc,cpu         ] GC(1280) User=0.57s Sys=0.03s Real=0.10s
..[4762.098s][info][gc,start       ] GC(1281) Pause Young (Allocation Failure)
[4762.203s][info][gc,heap        ] GC(1281) PSYoungGen: 2599872K(2617344K)->168467K(2613760K) Eden: 2438656K(2438656K)->0K(2435584K) From: 161216K(178688K)->168467K(178176K)
[4762.203s][info][gc,heap        ] GC(1281) ParOldGen: 2684749K(2684928K)->2790669K(2790912K)
[4762.203s][info][gc,metaspace   ] GC(1281) Metaspace: 29095K(29376K)->29095K(29376K) NonClass: 25992K(26112K)->25992K(26112K) Class: 3102K(3264K)->3102K(3264K)
[4762.203s][info][gc             ] GC(1281) Pause Young (Allocation Failure) 5160M->2889M(5278M) 105.480ms
[4762.203s][info][gc,cpu         ] GC(1281) User=0.60s Sys=0.04s Real=0.10s
..[4764.169s][info][gc,start       ] GC(1282) Pause Young (Allocation Failure)
[4764.266s][info][gc,heap        ] GC(1282) PSYoungGen: 2604051K(2613760K)->152112K(2615808K) Eden: 2435584K(2435584K)->0K(2435584K) From: 168467K(178176K)->152112K(180224K)
[4764.266s][info][gc,heap        ] GC(1282) ParOldGen: 2790669K(2790912K)->2894757K(2894848K)
[4764.266s][info][gc,metaspace   ] GC(1282) Metaspace: 29095K(29376K)->29095K(29376K) NonClass: 25992K(26112K)->25992K(26112K) Class: 3102K(3264K)->3102K(3264K)
[4764.266s][info][gc             ] GC(1282) Pause Young (Allocation Failure) 5268M->2975M(5381M) 96.531ms
[4764.266s][info][gc,cpu         ] GC(1282) User=0.54s Sys=0.04s Real=0.10s
..[4766.320s][info][gc,start       ] GC(1283) Pause Young (Allocation Failure)
[4766.419s][info][gc,heap        ] GC(1283) PSYoungGen: 2587696K(2615808K)->156821K(2610688K) Eden: 2435584K(2435584K)->0K(2436608K) From: 152112K(180224K)->156821K(174080K)
[4766.419s][info][gc,heap        ] GC(1283) ParOldGen: 2894757K(2894848K)->2998813K(2999296K)
[4766.419s][info][gc,metaspace   ] GC(1283) Metaspace: 29095K(29376K)->29095K(29376K) NonClass: 25992K(26112K)->25992K(26112K) Class: 3102K(3264K)->3102K(3264K)
[4766.419s][info][gc             ] GC(1283) Pause Young (Allocation Failure) 5353M->3081M(5478M) 99.205ms
[4766.419s][info][gc,cpu         ] GC(1283) User=0.56s Sys=0.03s Real=0.10s
..[4768.427s][info][gc,start       ] GC(1284) Pause Young (Allocation Failure)
[4768.526s][info][gc,heap        ] GC(1284) PSYoungGen: 2593429K(2610688K)->153605K(2613760K) Eden: 2436608K(2436608K)->0K(2436608K) From: 156821K(174080K)->153605K(177152K)
[4768.526s][info][gc,heap        ] GC(1284) ParOldGen: 2998813K(2999296K)->3104869K(3105280K)
[4768.526s][info][gc,metaspace   ] GC(1284) Metaspace: 29095K(29376K)->29095K(29376K) NonClass: 25992K(26112K)->25992K(26112K) Class: 3102K(3264K)->3102K(3264K)
[4768.526s][info][gc             ] GC(1284) Pause Young (Allocation Failure) 5461M->3182M(5585M) 99.428ms
[4768.526s][info][gc,cpu         ] GC(1284) User=0.55s Sys=0.03s Real=0.10s
..[4770.606s][info][gc,start       ] GC(1285) Pause Young (Allocation Failure)
[4770.702s][info][gc,heap        ] GC(1285) PSYoungGen: 2590213K(2613760K)->151968K(2615808K) Eden: 2436608K(2436608K)->0K(2442752K) From: 153605K(177152K)->151968K(173056K)
[4770.702s][info][gc,heap        ] GC(1285) ParOldGen: 3104869K(3105280K)->3207749K(3208192K)
[4770.702s][info][gc,metaspace   ] GC(1285) Metaspace: 29095K(29376K)->29095K(29376K) NonClass: 25992K(26112K)->25992K(26112K) Class: 3102K(3264K)->3102K(3264K)
[4770.702s][info][gc             ] GC(1285) Pause Young (Allocation Failure) 5561M->3280M(5687M) 96.118ms
[4770.702s][info][gc,cpu         ] GC(1285) User=0.54s Sys=0.03s Real=0.09s
..[4772.716s][info][gc,start       ] GC(1286) Pause Young (Allocation Failure)
[4772.812s][info][gc,heap        ] GC(1286) PSYoungGen: 2594720K(2615808K)->151168K(2617856K) Eden: 2442752K(2442752K)->0K(2442752K) From: 151968K(173056K)->151168K(175104K)
[4772.812s][info][gc,heap        ] GC(1286) ParOldGen: 3207749K(3208192K)->3312789K(3313152K)
[4772.812s][info][gc,metaspace   ] GC(1286) Metaspace: 29095K(29376K)->29095K(29376K) NonClass: 25992K(26112K)->25992K(26112K) Class: 3102K(3264K)->3102K(3264K)
[4772.812s][info][gc             ] GC(1286) Pause Young (Allocation Failure) 5666M->3382M(5792M) 96.648ms
[4772.812s][info][gc,cpu         ] GC(1286) User=0.53s Sys=0.04s Real=0.09s
. (rIR:aIR:PR = 8025:8052:8051) (tPR = 118817) [OK] 
  4772s: Performance info:
         Transaction,    Success,    Partial,     Failed,   Receipts, AvgBarcode, 
             Overall,     487650,          0,          0,     463316,      59.48, 
         Response times:
             Request,    Success,    Partial,     Failed,   SkipFail,     Probes,    Samples,      min,      p50,      p90,      p95,      p99,      max, 
       TotalPurchase,     463316,          0,          0,          0,     356259,     413442,      300,     5500,    25000,    53000,   487000,   990000,
     InStorePurchase,     243897,          0,          0,          0,     187459,     217350,      300,     5500,    25000,    53000,   488000,   990000,
      OnlinePurchase,     170821,          0,          0,          0,     131259,     152665,      300,     5500,    25000,    54000,   481000,   990000,
        InstPurchase,      48598,          0,          0,          0,      37541,      43427,      400,     5700,    25000,    55000,   514000,   680000,
          AssocOfCat,        485,          0,          0,          0,        391,        526,    23000,    38000,    77000,   139650,   526000,  1200000,
      AssocOfProduct,       4841,          0,          0,          0,       3298,       3961,     1400,     7300,    36800,    61000,   514000,   524000,
      BusinessReport,       1210,          0,          0,          0,       1061,       1411,    30000,    48000,    95000,   149000,   650000,  1200000,
          CustBuyBeh,       4819,          0,          0,          0,       3308,       4056,      200,     6500,    30000,    69000,   405000,   406000,
       ProductReturn,      12979,          0,          0,          0,       9854,      11664,      200,     5400,    25000,    55000,   517000,   589000,

  4772s: (59%)   IR =   8164 .[4774.909s][info][gc,start       ] GC(1287) Pause Young (Allocation Failure)
[4775.007s][info][gc,heap        ] GC(1287) PSYoungGen: 2593920K(2617856K)->157280K(2617856K) Eden: 2442752K(2442752K)->0K(2446848K) From: 151168K(175104K)->157280K(171008K)
[4775.007s][info][gc,heap        ] GC(1287) ParOldGen: 3312789K(3313152K)->3416053K(3416064K)
[4775.007s][info][gc,metaspace   ] GC(1287) Metaspace: 29095K(29376K)->29095K(29376K) NonClass: 25992K(26112K)->25992K(26112K) Class: 3102K(3264K)->3102K(3264K)
[4775.007s][info][gc             ] GC(1287) Pause Young (Allocation Failure) 5768M->3489M(5892M) 98.040ms
[4775.007s][info][gc,cpu         ] GC(1287) User=0.55s Sys=0.03s Real=0.10s
..[4776.955s][info][gc,start       ] GC(1288) Pause Young (Allocation Failure)
[4777.056s][info][gc,heap        ] GC(1288) PSYoungGen: 2604128K(2617856K)->156192K(2619904K) Eden: 2446848K(2446848K)->0K(2446848K) From: 157280K(171008K)->156192K(173056K)
[4777.056s][info][gc,heap        ] GC(1288) ParOldGen: 3416053K(3416064K)->3521973K(3522048K)
[4777.056s][info][gc,metaspace   ] GC(1288) Metaspace: 29095K(29376K)->29095K(29376K) NonClass: 25992K(26112K)->25992K(26112K) Class: 3102K(3264K)->3102K(3264K)
[4777.056s][info][gc             ] GC(1288) Pause Young (Allocation Failure) 5879M->3591M(5998M) 100.607ms
[4777.056s][info][gc,cpu         ] GC(1288) User=0.57s Sys=0.03s Real=0.10s
..[4779.024s][info][gc,start       ] GC(1289) Pause Young (Allocation Failure)
[4779.122s][info][gc,heap        ] GC(1289) PSYoungGen: 2603040K(2619904K)->157376K(2619392K) Eden: 2446848K(2446848K)->0K(2451456K) From: 156192K(173056K)->157376K(167936K)
[4779.122s][info][gc,heap        ] GC(1289) ParOldGen: 3521973K(3522048K)->3623941K(3624448K)
[4779.122s][info][gc,metaspace   ] GC(1289) Metaspace: 29095K(29376K)->29095K(29376K) NonClass: 25992K(26112K)->25992K(26112K) Class: 3102K(3264K)->3102K(3264K)
[4779.122s][info][gc             ] GC(1289) Pause Young (Allocation Failure) 5981M->3692M(6097M) 97.937ms
[4779.122s][info][gc,cpu         ] GC(1289) User=0.56s Sys=0.03s Real=0.10s
..[4781.104s][info][gc,start       ] GC(1290) Pause Young (Allocation Failure)
[4781.206s][info][gc,heap        ] GC(1290) PSYoungGen: 2608832K(2619392K)->163286K(2621440K) Eden: 2451456K(2451456K)->0K(2451456K) From: 157376K(167936K)->163286K(169984K)
[4781.206s][info][gc,heap        ] GC(1290) ParOldGen: 3623941K(3624448K)->3727733K(3727872K)
[4781.206s][info][gc,metaspace   ] GC(1290) Metaspace: 29095K(29376K)->29095K(29376K) NonClass: 25992K(26112K)->25992K(26112K) Class: 3102K(3264K)->3102K(3264K)
[4781.206s][info][gc             ] GC(1290) Pause Young (Allocation Failure) 6086M->3799M(6200M) 101.965ms
[4781.206s][info][gc,cpu         ] GC(1290) User=0.58s Sys=0.02s Real=0.11s
..|[4783.151s][info][gc,start       ] GC(1291) Pause Young (Allocation Failure)
[4783.250s][info][gc,heap        ] GC(1291) PSYoungGen: 2614742K(2621440K)->155968K(2624512K) Eden: 2451456K(2451456K)->0K(2454528K) From: 163286K(169984K)->155968K(169984K)
[4783.250s][info][gc,heap        ] GC(1291) ParOldGen: 3727733K(3727872K)->3835925K(3836416K)
[4783.250s][info][gc,metaspace   ] GC(1291) Metaspace: 29095K(29376K)->29095K(29376K) NonClass: 25992K(26112K)->25992K(26112K) Class: 3102K(3264K)->3102K(3264K)
[4783.250s][info][gc             ] GC(1291) Pause Young (Allocation Failure) 6193M->3898M(6309M) 99.710ms
[4783.250s][info][gc,cpu         ] GC(1291) User=0.55s Sys=0.04s Real=0.10s
..[4785.253s][info][gc,start       ] GC(1292) Pause Young (Allocation Failure)
[4785.351s][info][gc,heap        ] GC(1292) PSYoungGen: 2610496K(2624512K)->152800K(2624512K) Eden: 2454528K(2454528K)->0K(2454528K) From: 155968K(169984K)->152800K(169984K)
[4785.351s][info][gc,heap        ] GC(1292) ParOldGen: 3835925K(3836416K)->3938805K(3938816K)
[4785.351s][info][gc,metaspace   ] GC(1292) Metaspace: 29095K(29376K)->29095K(29376K) NonClass: 25992K(26112K)->25992K(26112K) Class: 3102K(3264K)->3102K(3264K)
[4785.351s][info][gc             ] GC(1292) Pause Young (Allocation Failure) 6295M->3995M(6409M) 98.352ms
[4785.351s][info][gc,cpu         ] GC(1292) User=0.54s Sys=0.03s Real=0.10s
..[4787.359s][info][gc,start       ] GC(1293) Pause Young (Allocation Failure)
[4787.461s][info][gc,heap        ] GC(1293) PSYoungGen: 2607328K(2624512K)->161349K(2625024K) Eden: 2454528K(2454528K)->0K(2455552K) From: 152800K(169984K)->161349K(169472K)
[4787.461s][info][gc,heap        ] GC(1293) ParOldGen: 3938805K(3938816K)->4045349K(4045824K)
[4787.461s][info][gc,metaspace   ] GC(1293) Metaspace: 29095K(29376K)->29095K(29376K) NonClass: 25992K(26112K)->25992K(26112K) Class: 3102K(3264K)->3102K(3264K)
[4787.461s][info][gc             ] GC(1293) Pause Young (Allocation Failure) 6392M->4108M(6514M) 101.583ms
[4787.461s][info][gc,cpu         ] GC(1293) User=0.57s Sys=0.03s Real=0.10s
..[4789.426s][info][gc,start       ] GC(1294) Pause Young (Allocation Failure)
[4789.523s][info][gc,heap        ] GC(1294) PSYoungGen: 2616901K(2625024K)->150912K(2625536K) Eden: 2455552K(2455552K)->0K(2455552K) From: 161349K(169472K)->150912K(169984K)
[4789.523s][info][gc,heap        ] GC(1294) ParOldGen: 4045349K(4045824K)->4148885K(4149248K)
[4789.523s][info][gc,metaspace   ] GC(1294) Metaspace: 29095K(29376K)->29095K(29376K) NonClass: 25992K(26112K)->25992K(26112K) Class: 3102K(3264K)->3102K(3264K)
[4789.523s][info][gc             ] GC(1294) Pause Young (Allocation Failure) 6506M->4199M(6616M) 97.161ms
[4789.523s][info][gc,cpu         ] GC(1294) User=0.54s Sys=0.03s Real=0.09s
...[4791.578s][info][gc,start       ] GC(1295) Pause Young (Allocation Failure)
[4791.676s][info][gc,heap        ] GC(1295) PSYoungGen: 2606464K(2625536K)->155008K(2624000K) Eden: 2455552K(2455552K)->0K(2456064K) From: 150912K(169984K)->155008K(167936K)
[4791.676s][info][gc,heap        ] GC(1295) ParOldGen: 4148885K(4149248K)->4253413K(4253696K)
[4791.676s][info][gc,metaspace   ] GC(1295) Metaspace: 29095K(29376K)->29095K(29376K) NonClass: 25992K(26112K)->25992K(26112K) Class: 3102K(3264K)->3102K(3264K)
[4791.676s][info][gc             ] GC(1295) Pause Young (Allocation Failure) 6597M->4305M(6716M) 98.250ms
[4791.676s][info][gc,cpu         ] GC(1295) User=0.54s Sys=0.05s Real=0.10s
..[4793.673s][info][gc,start       ] GC(1296) Pause Young (Allocation Failure)
[4793.772s][info][gc,heap        ] GC(1296) PSYoungGen: 2611072K(2624000K)->156640K(2625024K) Eden: 2456064K(2456064K)->0K(2456064K) From: 155008K(167936K)->156640K(168960K)
[4793.772s][info][gc,heap        ] GC(1296) ParOldGen: 4253413K(4253696K)->4358621K(4358656K)
[4793.772s][info][gc,metaspace   ] GC(1296) Metaspace: 29095K(29376K)->29095K(29376K) NonClass: 25992K(26112K)->25992K(26112K) Class: 3102K(3264K)->3102K(3264K)
[4793.772s][info][gc             ] GC(1296) Pause Young (Allocation Failure) 6703M->4409M(6820M) 99.207ms
[4793.772s][info][gc,cpu         ] GC(1296) User=0.55s Sys=0.03s Real=0.10s
..[4795.843s][info][gc,start       ] GC(1297) Pause Young (Allocation Failure)
[4795.943s][info][gc,heap        ] GC(1297) PSYoungGen: 2612704K(2625024K)->159264K(2626048K) Eden: 2456064K(2456064K)->0K(2459136K) From: 156640K(168960K)->159264K(166912K)
[4795.943s][info][gc,heap        ] GC(1297) ParOldGen: 4358621K(4358656K)->4462205K(4462592K)
[4795.943s][info][gc,metaspace   ] GC(1297) Metaspace: 29095K(29376K)->29095K(29376K) NonClass: 25992K(26112K)->25992K(26112K) Class: 3102K(3264K)->3102K(3264K)
[4795.943s][info][gc             ] GC(1297) Pause Young (Allocation Failure) 6807M->4513M(6922M) 99.778ms
[4795.943s][info][gc,cpu         ] GC(1297) User=0.55s Sys=0.04s Real=0.10s
..[4797.930s][info][gc,start       ] GC(1298) Pause Young (Allocation Failure)
[4798.028s][info][gc,heap        ] GC(1298) PSYoungGen: 2618400K(2626048K)->154528K(2626560K) Eden: 2459136K(2459136K)->0K(2459136K) From: 159264K(166912K)->154528K(167424K)
[4798.028s][info][gc,heap        ] GC(1298) ParOldGen: 4462205K(4462592K)->4568037K(4568064K)
[4798.028s][info][gc,metaspace   ] GC(1298) Metaspace: 29095K(29376K)->29095K(29376K) NonClass: 25992K(26112K)->25992K(26112K) Class: 3102K(3264K)->3102K(3264K)
[4798.028s][info][gc             ] GC(1298) Pause Young (Allocation Failure) 6914M->4611M(7026M) 98.832ms
[4798.028s][info][gc,cpu         ] GC(1298) User=0.55s Sys=0.04s Real=0.10s
..[4800.102s][info][gc,start       ] GC(1299) Pause Young (Allocation Failure)
[4800.208s][info][gc,heap        ] GC(1299) PSYoungGen: 2613664K(2626560K)->166900K(2546176K) Eden: 2459136K(2459136K)->0K(2379264K) From: 154528K(167424K)->166900K(166912K)
[4800.208s][info][gc,heap        ] GC(1299) ParOldGen: 4568037K(4568064K)->4672053K(4672512K)
[4800.208s][info][gc,metaspace   ] GC(1299) Metaspace: 29095K(29376K)->29095K(29376K) NonClass: 25992K(26112K)->25992K(26112K) Class: 3102K(3264K)->3102K(3264K)
[4800.208s][info][gc             ] GC(1299) Pause Young (Allocation Failure) 7013M->4725M(7049M) 105.548ms
[4800.208s][info][gc,cpu         ] GC(1299) User=0.59s Sys=0.04s Real=0.11s
..[4802.179s][info][gc,start       ] GC(1300) Pause Young (Allocation Failure)
[4802.280s][info][gc,heap        ] GC(1300) PSYoungGen: 2546164K(2546176K)->153492K(2587648K) Eden: 2379264K(2379264K)->0K(2379264K) From: 166900K(166912K)->153492K(208384K)
[4802.280s][info][gc,heap        ] GC(1300) ParOldGen: 4672053K(4672512K)->4777997K(4778496K)
[4802.280s][info][gc,metaspace   ] GC(1300) Metaspace: 29095K(29376K)->29095K(29376K) NonClass: 25992K(26112K)->25992K(26112K) Class: 3102K(3264K)->3102K(3264K)
[4802.280s][info][gc             ] GC(1300) Pause Young (Allocation Failure) 7049M->4815M(7193M) 100.568ms
[4802.280s][info][gc,cpu         ] GC(1300) User=0.55s Sys=0.04s Real=0.10s
..[4804.125s][info][gc,start       ] GC(1301) Pause Young (Allocation Failure)
[4804.224s][info][gc,heap        ] GC(1301) PSYoungGen: 2532756K(2587648K)->154624K(2582016K) Eden: 2379264K(2379264K)->0K(2380800K) From: 153492K(208384K)->154624K(201216K)
[4804.224s][info][gc,heap        ] GC(1301) ParOldGen: 4777997K(4778496K)->4881077K(4881408K)
[4804.224s][info][gc,metaspace   ] GC(1301) Metaspace: 29095K(29376K)->29095K(29376K) NonClass: 25992K(26112K)->25992K(26112K) Class: 3102K(3264K)->3102K(3264K)
[4804.224s][info][gc             ] GC(1301) Pause Young (Allocation Failure) 7139M->4917M(7288M) 99.003ms
[4804.224s][info][gc,cpu         ] GC(1301) User=0.56s Sys=0.03s Real=0.09s
..[4806.243s][info][gc,start       ] GC(1302) Pause Young (Allocation Failure)
[4806.340s][info][gc,heap        ] GC(1302) PSYoungGen: 2535424K(2582016K)->151680K(2585600K) Eden: 2380800K(2380800K)->0K(2380800K) From: 154624K(201216K)->151680K(204800K)
[4806.340s][info][gc,heap        ] GC(1302) ParOldGen: 4881077K(4881408K)->4981485K(4981760K)
[4806.340s][info][gc,metaspace   ] GC(1302) Metaspace: 29095K(29376K)->29095K(29376K) NonClass: 25992K(26112K)->25992K(26112K) Class: 3102K(3264K)->3102K(3264K)
[4806.340s][info][gc             ] GC(1302) Pause Young (Allocation Failure) 7242M->5012M(7390M) 97.600ms
[4806.340s][info][gc,cpu         ] GC(1302) User=0.55s Sys=0.02s Real=0.10s
..[4808.224s][info][gc,start       ] GC(1303) Pause Young (Allocation Failure)
[4808.323s][info][gc,heap        ] GC(1303) PSYoungGen: 2532480K(2585600K)->150528K(2586624K) Eden: 2380800K(2380800K)->0K(2387968K) From: 151680K(204800K)->150528K(198656K)
[4808.323s][info][gc,heap        ] GC(1303) ParOldGen: 4981485K(4981760K)->5088749K(5088768K)
[4808.323s][info][gc,metaspace   ] GC(1303) Metaspace: 29095K(29376K)->29095K(29376K) NonClass: 25992K(26112K)->25992K(26112K) Class: 3102K(3264K)->3102K(3264K)
[4808.323s][info][gc             ] GC(1303) Pause Young (Allocation Failure) 7337M->5116M(7495M) 99.287ms
[4808.323s][info][gc,cpu         ] GC(1303) User=0.55s Sys=0.03s Real=0.10s
..[4810.213s][info][gc,start       ] GC(1304) Pause Young (Allocation Failure)
[4810.310s][info][gc,heap        ] GC(1304) PSYoungGen: 2538496K(2586624K)->144640K(2589696K) Eden: 2387968K(2387968K)->0K(2387968K) From: 150528K(198656K)->144640K(201728K)
[4810.310s][info][gc,heap        ] GC(1304) ParOldGen: 5088749K(5088768K)->5192357K(5192704K)
[4810.310s][info][gc,metaspace   ] GC(1304) Metaspace: 29095K(29376K)->29095K(29376K) NonClass: 25992K(26112K)->25992K(26112K) Class: 3102K(3264K)->3102K(3264K)
[4810.310s][info][gc             ] GC(1304) Pause Young (Allocation Failure) 7448M->5211M(7600M) 96.647ms
[4810.310s][info][gc,cpu         ] GC(1304) User=0.53s Sys=0.03s Real=0.10s
..[4812.207s][info][gc,start       ] GC(1305) Pause Young (Allocation Failure)
[4812.305s][info][gc,heap        ] GC(1305) PSYoungGen: 2532608K(2589696K)->148128K(2589184K) Eden: 2387968K(2387968K)->0K(2393600K) From: 144640K(201728K)->148128K(195584K)
[4812.305s][info][gc,heap        ] GC(1305) ParOldGen: 5192357K(5192704K)->5293293K(5293568K)
[4812.305s][info][gc,metaspace   ] GC(1305) Metaspace: 29095K(29376K)->29095K(29376K) NonClass: 25992K(26112K)->25992K(26112K) Class: 3102K(3264K)->3102K(3264K)
[4812.305s][info][gc             ] GC(1305) Pause Young (Allocation Failure) 7543M->5313M(7698M) 97.628ms
[4812.305s][info][gc,cpu         ] GC(1305) User=0.54s Sys=0.03s Real=0.10s
..[4814.269s][info][gc,start       ] GC(1306) Pause Young (Allocation Failure)
[4814.365s][info][gc,heap        ] GC(1306) PSYoungGen: 2541728K(2589184K)->145920K(2592256K) Eden: 2393600K(2393600K)->0K(2393600K) From: 148128K(195584K)->145920K(198656K)
[4814.365s][info][gc,heap        ] GC(1306) ParOldGen: 5293293K(5293568K)->5396741K(5396992K)
[4814.365s][info][gc,metaspace   ] GC(1306) Metaspace: 29095K(29376K)->29095K(29376K) NonClass: 25992K(26112K)->25992K(26112K) Class: 3102K(3264K)->3102K(3264K)
[4814.365s][info][gc             ] GC(1306) Pause Young (Allocation Failure) 7651M->5412M(7802M) 95.936ms
[4814.365s][info][gc,cpu         ] GC(1306) User=0.53s Sys=0.04s Real=0.10s
..[4816.340s][info][gc,start       ] GC(1307) Pause Young (Allocation Failure)
[4816.439s][info][gc,heap        ] GC(1307) PSYoungGen: 2539520K(2592256K)->150000K(2590720K) Eden: 2393600K(2393600K)->0K(2400256K) From: 145920K(198656K)->150000K(190464K)
[4816.439s][info][gc,heap        ] GC(1307) ParOldGen: 5396741K(5396992K)->5500773K(5500928K)
[4816.439s][info][gc,metaspace   ] GC(1307) Metaspace: 29095K(29376K)->29095K(29376K) NonClass: 25992K(26112K)->25992K(26112K) Class: 3102K(3264K)->3102K(3264K)
[4816.439s][info][gc             ] GC(1307) Pause Young (Allocation Failure) 7750M->5518M(7902M) 99.346ms
[4816.439s][info][gc,cpu         ] GC(1307) User=0.55s Sys=0.03s Real=0.10s
..[4818.407s][info][gc,start       ] GC(1308) Pause Full (Allocation Failure)
[4818.407s][info][gc,phases,start] GC(1308) Marking Phase
[4818.724s][info][gc,phases      ] GC(1308) Marking Phase 316.603ms
[4818.724s][info][gc,phases,start] GC(1308) Summary Phase
[4818.724s][info][gc,phases      ] GC(1308) Summary Phase 0.103ms
[4818.724s][info][gc,phases,start] GC(1308) Forward
[4818.856s][info][gc,phases      ] GC(1308) Forward 131.559ms
[4818.856s][info][gc,phases,start] GC(1308) Adjust Pointers
[4819.071s][info][gc,phases      ] GC(1308) Adjust Pointers 215.639ms
[4819.071s][info][gc,phases,start] GC(1308) Compaction Phase
[4819.221s][info][gc,phases      ] GC(1308) Compaction Phase 149.314ms
[4819.222s][info][gc,phases,start] GC(1308) Post Compact
[4819.228s][info][gc,phases      ] GC(1308) Post Compact 6.822ms
[4819.350s][info][gc,heap        ] GC(1308) PSYoungGen: 2550256K(2590720K)->0K(2594816K) Eden: 2400256K(2400256K)->0K(2400256K) From: 150000K(190464K)->0K(194560K)
[4819.350s][info][gc,heap        ] GC(1308) ParOldGen: 5500773K(5500928K)->1618570K(1927168K)
[4819.350s][info][gc,metaspace   ] GC(1308) Metaspace: 29095K(29376K)->29095K(29376K) NonClass: 25992K(26112K)->25992K(26112K) Class: 3102K(3264K)->3102K(3264K)
[4819.350s][info][gc             ] GC(1308) Pause Full (Allocation Failure) 7862M->1580M(4416M) 942.478ms
[4819.350s][info][gc,cpu         ] GC(1308) User=4.42s Sys=0.12s Real=0.94s
..[4820.661s][info][gc,start       ] GC(1309) Pause Young (Allocation Failure)
[4820.731s][info][gc,heap        ] GC(1309) PSYoungGen: 2400256K(2594816K)->167024K(2601472K) Eden: 2400256K(2400256K)->0K(2406912K) From: 0K(194560K)->167024K(194560K)
[4820.731s][info][gc,heap        ] GC(1309) ParOldGen: 1618570K(1927168K)->1618570K(1927168K)
[4820.731s][info][gc,metaspace   ] GC(1309) Metaspace: 29095K(29376K)->29095K(29376K) NonClass: 25992K(26112K)->25992K(26112K) Class: 3102K(3264K)->3102K(3264K)
[4820.731s][info][gc             ] GC(1309) Pause Young (Allocation Failure) 3924M->1743M(4422M) 69.124ms
[4820.731s][info][gc,cpu         ] GC(1309) User=0.42s Sys=0.00s Real=0.07s
..[4822.519s][info][gc,start       ] GC(1310) Pause Young (Allocation Failure)
[4822.615s][info][gc,heap        ] GC(1310) PSYoungGen: 2573936K(2601472K)->158148K(2565120K) Eden: 2406912K(2406912K)->0K(2406912K) From: 167024K(194560K)->158148K(158208K)
[4822.615s][info][gc,heap        ] GC(1310) ParOldGen: 1618570K(1927168K)->1723306K(1927168K)
[4822.615s][info][gc,metaspace   ] GC(1310) Metaspace: 29095K(29376K)->29095K(29376K) NonClass: 25992K(26112K)->25992K(26112K) Class: 3102K(3264K)->3102K(3264K)
[4822.615s][info][gc             ] GC(1310) Pause Young (Allocation Failure) 4094M->1837M(4387M) 96.293ms
[4822.615s][info][gc,cpu         ] GC(1310) User=0.57s Sys=0.00s Real=0.10s
..[4824.669s][info][gc,start       ] GC(1311) Pause Young (Allocation Failure)
[4824.763s][info][gc,heap        ] GC(1311) PSYoungGen: 2565060K(2565120K)->156113K(2600448K) Eden: 2406912K(2406912K)->0K(2409472K) From: 158148K(158208K)->156113K(190976K)
[4824.763s][info][gc,heap        ] GC(1311) ParOldGen: 1723306K(1927168K)->1827266K(1927168K)
[4824.763s][info][gc,metaspace   ] GC(1311) Metaspace: 29095K(29376K)->29095K(29376K) NonClass: 25992K(26112K)->25992K(26112K) Class: 3102K(3264K)->3102K(3264K)
[4824.763s][info][gc             ] GC(1311) Pause Young (Allocation Failure) 4187M->1936M(4421M) 94.006ms
[4824.763s][info][gc,cpu         ] GC(1311) User=0.56s Sys=0.00s Real=0.09s
..[4826.807s][info][gc,start       ] GC(1312) Pause Young (Allocation Failure)
[4826.901s][info][gc,heap        ] GC(1312) PSYoungGen: 2565585K(2600448K)->155168K(2597888K) Eden: 2409472K(2409472K)->0K(2409472K) From: 156113K(190976K)->155168K(188416K)
[4826.901s][info][gc,heap        ] GC(1312) ParOldGen: 1827266K(1927168K)->1931866K(1932288K)
[4826.901s][info][gc,metaspace   ] GC(1312) Metaspace: 29095K(29376K)->29095K(29376K) NonClass: 25992K(26112K)->25992K(26112K) Class: 3102K(3264K)->3102K(3264K)
[4826.901s][info][gc             ] GC(1312) Pause Young (Allocation Failure) 4289M->2038M(4424M) 93.769ms
[4826.901s][info][gc,cpu         ] GC(1312) User=0.56s Sys=0.00s Real=0.09s
..[4828.843s][info][gc,start       ] GC(1313) Pause Young (Allocation Failure)
[4828.944s][info][gc,heap        ] GC(1313) PSYoungGen: 2564640K(2597888K)->160372K(2604544K) Eden: 2409472K(2409472K)->0K(2418688K) From: 155168K(188416K)->160372K(185856K)
[4828.944s][info][gc,heap        ] GC(1313) ParOldGen: 1931866K(1932288K)->2037706K(2037760K)
[4828.944s][info][gc,metaspace   ] GC(1313) Metaspace: 29095K(29376K)->29095K(29376K) NonClass: 25992K(26112K)->25992K(26112K) Class: 3102K(3264K)->3102K(3264K)
[4828.944s][info][gc             ] GC(1313) Pause Young (Allocation Failure) 4391M->2146M(4533M) 100.982ms
[4828.944s][info][gc,cpu         ] GC(1313) User=0.58s Sys=0.02s Real=0.10s
..[4831.021s][info][gc,start       ] GC(1314) Pause Young (Allocation Failure)
[4831.123s][info][gc,heap        ] GC(1314) PSYoungGen: 2579060K(2604544K)->164661K(2602496K) Eden: 2418688K(2418688K)->0K(2418688K) From: 160372K(185856K)->164661K(183808K)
[4831.123s][info][gc,heap        ] GC(1314) ParOldGen: 2037706K(2037760K)->2137386K(2137600K)
[4831.123s][info][gc,metaspace   ] GC(1314) Metaspace: 29095K(29376K)->29095K(29376K) NonClass: 25992K(26112K)->25992K(26112K) Class: 3102K(3264K)->3102K(3264K)
[4831.123s][info][gc             ] GC(1314) Pause Young (Allocation Failure) 4508M->2248M(4629M) 102.254ms
[4831.123s][info][gc,cpu         ] GC(1314) User=0.58s Sys=0.03s Real=0.10s
..[4833.041s][info][gc,start       ] GC(1315) Pause Young (Allocation Failure)
[4833.140s][info][gc,heap        ] GC(1315) PSYoungGen: 2583349K(2602496K)->157664K(2609152K) Eden: 2418688K(2418688K)->0K(2428416K) From: 164661K(183808K)->157664K(180736K)
[4833.140s][info][gc,heap        ] GC(1315) ParOldGen: 2137386K(2137600K)->2243570K(2243584K)
[4833.140s][info][gc,metaspace   ] GC(1315) Metaspace: 29095K(29376K)->29095K(29376K) NonClass: 25992K(26112K)->25992K(26112K) Class: 3102K(3264K)->3102K(3264K)
[4833.140s][info][gc             ] GC(1315) Pause Young (Allocation Failure) 4610M->2344M(4739M) 98.884ms
[4833.140s][info][gc,cpu         ] GC(1315) User=0.56s Sys=0.03s Real=0.10s
..[4835.064s][info][gc,start       ] GC(1316) Pause Young (Allocation Failure)
[4835.162s][info][gc,heap        ] GC(1316) PSYoungGen: 2586080K(2609152K)->157056K(2609664K) Eden: 2428416K(2428416K)->0K(2428416K) From: 157664K(180736K)->157056K(181248K)
[4835.162s][info][gc,heap        ] GC(1316) ParOldGen: 2243570K(2243584K)->2346850K(2347008K)
[4835.162s][info][gc,metaspace   ] GC(1316) Metaspace: 29095K(29376K)->29095K(29376K) NonClass: 25992K(26112K)->25992K(26112K) Class: 3102K(3264K)->3102K(3264K)
[4835.162s][info][gc             ] GC(1316) Pause Young (Allocation Failure) 4716M->2445M(4840M) 98.089ms
[4835.162s][info][gc,cpu         ] GC(1316) User=0.54s Sys=0.04s Real=0.10s
..[4837.099s][info][gc,start       ] GC(1317) Pause Young (Allocation Failure)
[4837.196s][info][gc,heap        ] GC(1317) PSYoungGen: 2585472K(2609664K)->156512K(2611712K) Eden: 2428416K(2428416K)->0K(2435072K) From: 157056K(181248K)->156512K(176640K)
[4837.196s][info][gc,heap        ] GC(1317) ParOldGen: 2346850K(2347008K)->2452178K(2452480K)
[4837.197s][info][gc,metaspace   ] GC(1317) Metaspace: 29095K(29376K)->29095K(29376K) NonClass: 25992K(26112K)->25992K(26112K) Class: 3102K(3264K)->3102K(3264K)
[4837.197s][info][gc             ] GC(1317) Pause Young (Allocation Failure) 4816M->2547M(4945M) 97.431ms
[4837.197s][info][gc,cpu         ] GC(1317) User=0.54s Sys=0.04s Real=0.10s
..[4839.179s][info][gc,start       ] GC(1318) Pause Young (Allocation Failure)
[4839.274s][info][gc,heap        ] GC(1318) PSYoungGen: 2591584K(2611712K)->148288K(2612736K) Eden: 2435072K(2435072K)->0K(2435072K) From: 156512K(176640K)->148288K(177664K)
[4839.274s][info][gc,heap        ] GC(1318) ParOldGen: 2452178K(2452480K)->2554850K(2554880K)
[4839.274s][info][gc,metaspace   ] GC(1318) Metaspace: 29095K(29376K)->29095K(29376K) NonClass: 25992K(26112K)->25992K(26112K) Class: 3102K(3264K)->3102K(3264K)
[4839.274s][info][gc             ] GC(1318) Pause Young (Allocation Failure) 4925M->2639M(5046M) 95.589ms
[4839.274s][info][gc,cpu         ] GC(1318) User=0.54s Sys=0.02s Real=0.09s
..[4841.304s][info][gc,start       ] GC(1319) Pause Young (Allocation Failure)
[4841.399s][info][gc,heap        ] GC(1319) PSYoungGen: 2583360K(2612736K)->147360K(2617344K) Eden: 2435072K(2435072K)->0K(2440704K) From: 148288K(177664K)->147360K(176640K)
[4841.399s][info][gc,heap        ] GC(1319) ParOldGen: 2554850K(2554880K)->2661330K(2661376K)
[4841.399s][info][gc,metaspace   ] GC(1319) Metaspace: 29095K(29376K)->29095K(29376K) NonClass: 25992K(26112K)->25992K(26112K) Class: 3102K(3264K)->3102K(3264K)
[4841.399s][info][gc             ] GC(1319) Pause Young (Allocation Failure) 5017M->2742M(5155M) 95.020ms
[4841.399s][info][gc,cpu         ] GC(1319) User=0.52s Sys=0.04s Real=0.10s
.. (rIR:aIR:PR = 8164:8140:8141) (tPR = 119899) [OK] 
  4842s: Performance info:
         Transaction,    Success,    Partial,     Failed,   Receipts, AvgBarcode, 
             Overall,     491315,          0,          0,     466623,      59.47, 
         Response times:
             Request,    Success,    Partial,     Failed,   SkipFail,     Probes,    Samples,      min,      p50,      p90,      p95,      p99,      max, 
       TotalPurchase,     466592,          0,          0,          0,     355600,     420067,      300,     5700,    28000,    57000,   180000,  1200000,
     InStorePurchase,     247320,          0,          0,          0,     186457,     219779,      300,     5400,    26000,    55000,   180000,  1100000,
      OnlinePurchase,     170047,          0,          0,          0,     131221,     155122,      300,     5900,    28000,    58000,   201000,  1200000,
        InstPurchase,      49225,          0,          0,          0,      37922,      45166,      400,     6100,    29000,    58000,   201000,  1100000,
          AssocOfCat,        495,          0,          0,          0,        389,        528,    24000,    39000,    72300,   103650,   160100,   188000,
      AssocOfProduct,       4937,          0,          0,          0,       3415,       4274,      500,     6300,    24000,    45000,    94000,   149000,
      BusinessReport,       1233,          0,          0,          0,       1070,       1349,    28000,    45000,    75000,   111500,   218000,  1100000,
          CustBuyBeh,       4915,          0,          0,          0,       3350,       4261,      200,     6800,    30000,    64000,   210000,  1100000,
       ProductReturn,      13113,          0,          0,          0,       9951,      12184,      400,     5900,    24000,    46750,    81150,   172000,

  4842s: (60%)   IR =   8302 [4843.425s][info][gc,start       ] GC(1320) Pause Young (Allocation Failure)
[4843.522s][info][gc,heap        ] GC(1320) PSYoungGen: 2588064K(2617344K)->154309K(2617856K) Eden: 2440704K(2440704K)->0K(2440704K) From: 147360K(176640K)->154309K(177152K)
[4843.522s][info][gc,heap        ] GC(1320) ParOldGen: 2661330K(2661376K)->2766082K(2766336K)
[4843.522s][info][gc,metaspace   ] GC(1320) Metaspace: 29095K(29376K)->29095K(29376K) NonClass: 25992K(26112K)->25992K(26112K) Class: 3102K(3264K)->3102K(3264K)
[4843.523s][info][gc             ] GC(1320) Pause Young (Allocation Failure) 5126M->2851M(5258M) 97.740ms
[4843.523s][info][gc,cpu         ] GC(1320) User=0.54s Sys=0.03s Real=0.09s
..[4845.442s][info][gc,start       ] GC(1321) Pause Young (Allocation Failure)
[4845.539s][info][gc,heap        ] GC(1321) PSYoungGen: 2595013K(2617856K)->152869K(2616832K) Eden: 2440704K(2440704K)->0K(2443264K) From: 154309K(177152K)->152869K(173568K)
[4845.539s][info][gc,heap        ] GC(1321) ParOldGen: 2766082K(2766336K)->2871010K(2871296K)
[4845.539s][info][gc,metaspace   ] GC(1321) Metaspace: 29095K(29376K)->29095K(29376K) NonClass: 25992K(26112K)->25992K(26112K) Class: 3102K(3264K)->3102K(3264K)
[4845.539s][info][gc             ] GC(1321) Pause Young (Allocation Failure) 5235M->2953M(5359M) 97.464ms
[4845.539s][info][gc,cpu         ] GC(1321) User=0.55s Sys=0.03s Real=0.10s
..[4847.571s][info][gc,start       ] GC(1322) Pause Young (Allocation Failure)
[4847.673s][info][gc,heap        ] GC(1322) PSYoungGen: 2595995K(2616832K)->165428K(2617344K) Eden: 2443126K(2443264K)->0K(2443264K) From: 152869K(173568K)->165428K(174080K)
[4847.673s][info][gc,heap        ] GC(1322) ParOldGen: 2871010K(2871296K)->2972330K(2972672K)
[4847.673s][info][gc,metaspace   ] GC(1322) Metaspace: 29095K(29376K)->29095K(29376K) NonClass: 25992K(26112K)->25992K(26112K) Class: 3102K(3264K)->3102K(3264K)
[4847.673s][info][gc             ] GC(1322) Pause Young (Allocation Failure) 5338M->3064M(5459M) 101.499ms
[4847.673s][info][gc,cpu         ] GC(1322) User=0.56s Sys=0.04s Real=0.10s
..[4849.723s][info][gc,start       ] GC(1323) Pause Young (Allocation Failure)
[4849.819s][info][gc,heap        ] GC(1323) PSYoungGen: 2608692K(2617344K)->152512K(2620928K) Eden: 2443264K(2443264K)->0K(2445824K) From: 165428K(174080K)->152512K(175104K)
[4849.819s][info][gc,heap        ] GC(1323) ParOldGen: 2972330K(2972672K)->3078282K(3078656K)
[4849.819s][info][gc,metaspace   ] GC(1323) Metaspace: 29095K(29376K)->29095K(29376K) NonClass: 25992K(26112K)->25992K(26112K) Class: 3102K(3264K)->3102K(3264K)
[4849.819s][info][gc             ] GC(1323) Pause Young (Allocation Failure) 5450M->3155M(5566M) 96.610ms
[4849.819s][info][gc,cpu         ] GC(1323) User=0.54s Sys=0.04s Real=0.10s
..[4851.809s][info][gc,start       ] GC(1324) Pause Young (Allocation Failure)
[4851.905s][info][gc,heap        ] GC(1324) PSYoungGen: 2598336K(2620928K)->150528K(2620416K) Eden: 2445824K(2445824K)->0K(2445824K) From: 152512K(175104K)->150528K(174592K)
[4851.905s][info][gc,heap        ] GC(1324) ParOldGen: 3078282K(3078656K)->3184866K(3185152K)
[4851.905s][info][gc,metaspace   ] GC(1324) Metaspace: 29095K(29376K)->29095K(29376K) NonClass: 25992K(26112K)->25992K(26112K) Class: 3102K(3264K)->3102K(3264K)
[4851.905s][info][gc             ] GC(1324) Pause Young (Allocation Failure) 5543M->3257M(5669M) 96.642ms
[4851.905s][info][gc,cpu         ] GC(1324) User=0.54s Sys=0.03s Real=0.10s
..[4853.861s][info][gc,start       ] GC(1325) Pause Young (Allocation Failure)
[4853.957s][info][gc,heap        ] GC(1325) PSYoungGen: 2596352K(2620416K)->156192K(2618368K) Eden: 2445824K(2445824K)->0K(2447360K) From: 150528K(174592K)->156192K(171008K)
[4853.957s][info][gc,heap        ] GC(1325) ParOldGen: 3184866K(3185152K)->3286314K(3286528K)
[4853.957s][info][gc,metaspace   ] GC(1325) Metaspace: 29095K(29376K)->29095K(29376K) NonClass: 25992K(26112K)->25992K(26112K) Class: 3102K(3264K)->3102K(3264K)
[4853.957s][info][gc             ] GC(1325) Pause Young (Allocation Failure) 5645M->3361M(5766M) 96.827ms
[4853.957s][info][gc,cpu         ] GC(1325) User=0.54s Sys=0.03s Real=0.10s
..[4855.837s][info][gc,start       ] GC(1326) Pause Young (Allocation Failure)
[4855.933s][info][gc,heap        ] GC(1326) PSYoungGen: 2603552K(2618368K)->149504K(2619392K) Eden: 2447360K(2447360K)->0K(2447360K) From: 156192K(171008K)->149504K(172032K)
[4855.933s][info][gc,heap        ] GC(1326) ParOldGen: 3286314K(3286528K)->3393298K(3393536K)
[4855.933s][info][gc,metaspace   ] GC(1326) Metaspace: 29095K(29376K)->29095K(29376K) NonClass: 25992K(26112K)->25992K(26112K) Class: 3102K(3264K)->3102K(3264K)
[4855.933s][info][gc             ] GC(1326) Pause Young (Allocation Failure) 5751M->3459M(5872M) 96.262ms
[4855.933s][info][gc,cpu         ] GC(1326) User=0.53s Sys=0.04s Real=0.09s
...[4857.972s][info][gc,start       ] GC(1327) Pause Young (Allocation Failure)
[4858.071s][info][gc,heap        ] GC(1327) PSYoungGen: 2596864K(2619392K)->161216K(2622464K) Eden: 2447360K(2447360K)->0K(2450944K) From: 149504K(172032K)->161216K(171520K)
[4858.071s][info][gc,heap        ] GC(1327) ParOldGen: 3393298K(3393536K)->3493722K(3493888K)
[4858.071s][info][gc,metaspace   ] GC(1327) Metaspace: 29095K(29376K)->29095K(29376K) NonClass: 25992K(26112K)->25992K(26112K) Class: 3102K(3264K)->3102K(3264K)
[4858.071s][info][gc             ] GC(1327) Pause Young (Allocation Failure) 5849M->3569M(5973M) 99.040ms
[4858.071s][info][gc,cpu         ] GC(1327) User=0.55s Sys=0.03s Real=0.10s
..[4860.088s][info][gc,start       ] GC(1328) Pause Young (Allocation Failure)
[4860.187s][info][gc,heap        ] GC(1328) PSYoungGen: 2612160K(2622464K)->159104K(2623488K) Eden: 2450944K(2450944K)->0K(2450944K) From: 161216K(171520K)->159104K(172544K)
[4860.187s][info][gc,heap        ] GC(1328) ParOldGen: 3493722K(3493888K)->3598706K(3598848K)
[4860.187s][info][gc,metaspace   ] GC(1328) Metaspace: 29095K(29376K)->29095K(29376K) NonClass: 25992K(26112K)->25992K(26112K) Class: 3102K(3264K)->3102K(3264K)
[4860.187s][info][gc             ] GC(1328) Pause Young (Allocation Failure) 5962M->3669M(6076M) 98.636ms
[4860.187s][info][gc,cpu         ] GC(1328) User=0.56s Sys=0.03s Real=0.10s
..[4862.065s][info][gc,start       ] GC(1329) Pause Young (Allocation Failure)
[4862.170s][info][gc,heap        ] GC(1329) PSYoungGen: 2610048K(2623488K)->169220K(2617856K) Eden: 2450944K(2450944K)->0K(2445824K) From: 159104K(172544K)->169220K(172032K)
[4862.170s][info][gc,heap        ] GC(1329) ParOldGen: 3598706K(3598848K)->3704562K(3704832K)
[4862.170s][info][gc,metaspace   ] GC(1329) Metaspace: 29095K(29376K)->29095K(29376K) NonClass: 25992K(26112K)->25992K(26112K) Class: 3102K(3264K)->3102K(3264K)
[4862.170s][info][gc             ] GC(1329) Pause Young (Allocation Failure) 6063M->3782M(6174M) 105.381ms
[4862.170s][info][gc,cpu         ] GC(1329) User=0.60s Sys=0.03s Real=0.10s
[4862.686s][info][gc,start       ] GC(1330) Pause Full (Diagnostic Command)
[4862.686s][info][gc,phases,start] GC(1330) Marking Phase
[4862.990s][info][gc,phases      ] GC(1330) Marking Phase 303.654ms
[4862.990s][info][gc,phases,start] GC(1330) Summary Phase
[4862.990s][info][gc,phases      ] GC(1330) Summary Phase 0.060ms
[4862.990s][info][gc,phases,start] GC(1330) Forward
[4863.163s][info][gc,phases      ] GC(1330) Forward 173.541ms
[4863.163s][info][gc,phases,start] GC(1330) Adjust Pointers
[4863.382s][info][gc,phases      ] GC(1330) Adjust Pointers 218.456ms
[4863.382s][info][gc,phases,start] GC(1330) Compaction Phase
[4863.561s][info][gc,phases      ] GC(1330) Compaction Phase 179.247ms
[4863.564s][info][gc,phases,start] GC(1330) Post Compact
[4863.568s][info][gc,phases      ] GC(1330) Post Compact 4.060ms
[4863.568s][info][gc,heap        ] GC(1330) PSYoungGen: 931374K(2617856K)->0K(2617856K) Eden: 762154K(2445824K)->0K(2445824K) From: 169220K(172032K)->0K(172032K)
[4863.568s][info][gc,heap        ] GC(1330) ParOldGen: 3704562K(3704832K)->1340265K(3704832K)
[4863.568s][info][gc,metaspace   ] GC(1330) Metaspace: 29095K(29376K)->29095K(29376K) NonClass: 25992K(26112K)->25992K(26112K) Class: 3102K(3264K)->3102K(3264K)
[4863.568s][info][gc             ] GC(1330) Pause Full (Diagnostic Command) 4527M->1308M(6174M) 882.128ms
[4863.568s][info][gc,cpu         ] GC(1330) User=4.65s Sys=0.00s Real=0.88s
..[4864.872s][info][gc,start       ] GC(1331) Pause Young (Allocation Failure)
[4864.936s][info][gc,heap        ] GC(1331) PSYoungGen: 2445824K(2617856K)->156704K(2620928K) Eden: 2445824K(2445824K)->0K(2445824K) From: 0K(172032K)->156704K(175104K)
[4864.936s][info][gc,heap        ] GC(1331) ParOldGen: 1340265K(3704832K)->1340265K(3704832K)
[4864.936s][info][gc,metaspace   ] GC(1331) Metaspace: 29095K(29376K)->29095K(29376K) NonClass: 25992K(26112K)->25992K(26112K) Class: 3102K(3264K)->3102K(3264K)
[4864.936s][info][gc             ] GC(1331) Pause Young (Allocation Failure) 3697M->1461M(6177M) 63.865ms
[4864.936s][info][gc,cpu         ] GC(1331) User=0.37s Sys=0.00s Real=0.07s
..[4866.853s][info][gc,start       ] GC(1332) Pause Young (Allocation Failure)
[4866.946s][info][gc,heap        ] GC(1332) PSYoungGen: 2602528K(2620928K)->156081K(2616320K) Eden: 2445824K(2445824K)->0K(2447360K) From: 156704K(175104K)->156081K(168960K)
[4866.946s][info][gc,heap        ] GC(1332) ParOldGen: 1340265K(3704832K)->1441849K(3704832K)
[4866.946s][info][gc,metaspace   ] GC(1332) Metaspace: 29095K(29376K)->29095K(29376K) NonClass: 25992K(26112K)->25992K(26112K) Class: 3102K(3264K)->3102K(3264K)
[4866.946s][info][gc             ] GC(1332) Pause Young (Allocation Failure) 3850M->1560M(6173M) 92.420ms
[4866.946s][info][gc,cpu         ] GC(1332) User=0.55s Sys=0.00s Real=0.10s
.|.[4868.944s][info][gc,start       ] GC(1333) Pause Young (Allocation Failure)
[4869.041s][info][gc,heap        ] GC(1333) PSYoungGen: 2603441K(2616320K)->166720K(2619392K) Eden: 2447360K(2447360K)->0K(2447360K) From: 156081K(168960K)->166720K(172032K)
[4869.041s][info][gc,heap        ] GC(1333) ParOldGen: 1441849K(3704832K)->1546465K(3704832K)
[4869.041s][info][gc,metaspace   ] GC(1333) Metaspace: 29095K(29376K)->29095K(29376K) NonClass: 25992K(26112K)->25992K(26112K) Class: 3102K(3264K)->3102K(3264K)
[4869.041s][info][gc             ] GC(1333) Pause Young (Allocation Failure) 3950M->1673M(6176M) 97.398ms
[4869.041s][info][gc,cpu         ] GC(1333) User=0.58s Sys=0.00s Real=0.10s
..[4871.005s][info][gc,start       ] GC(1334) Pause Young (Allocation Failure)
[4871.104s][info][gc,heap        ] GC(1334) PSYoungGen: 2614080K(2619392K)->168653K(2616832K) Eden: 2447360K(2447360K)->0K(2442752K) From: 166720K(172032K)->168653K(174080K)
[4871.104s][info][gc,heap        ] GC(1334) ParOldGen: 1546465K(3704832K)->1652065K(3704832K)
[4871.104s][info][gc,metaspace   ] GC(1334) Metaspace: 29095K(29376K)->29095K(29376K) NonClass: 25992K(26112K)->25992K(26112K) Class: 3102K(3264K)->3102K(3264K)
[4871.104s][info][gc             ] GC(1334) Pause Young (Allocation Failure) 4063M->1778M(6173M) 99.189ms
[4871.104s][info][gc,cpu         ] GC(1334) User=0.59s Sys=0.00s Real=0.09s
..[4873.036s][info][gc,start       ] GC(1335) Pause Young (Allocation Failure)
[4873.133s][info][gc,heap        ] GC(1335) PSYoungGen: 2611405K(2616832K)->163573K(2619392K) Eden: 2442752K(2442752K)->0K(2442752K) From: 168653K(174080K)->163573K(176640K)
[4873.133s][info][gc,heap        ] GC(1335) ParOldGen: 1652065K(3704832K)->1756137K(3704832K)
[4873.133s][info][gc,metaspace   ] GC(1335) Metaspace: 29095K(29376K)->29095K(29376K) NonClass: 25992K(26112K)->25992K(26112K) Class: 3102K(3264K)->3102K(3264K)
[4873.133s][info][gc             ] GC(1335) Pause Young (Allocation Failure) 4163M->1874M(6176M) 96.254ms
[4873.133s][info][gc,cpu         ] GC(1335) User=0.57s Sys=0.00s Real=0.09s
..[4875.178s][info][gc,start       ] GC(1336) Pause Young (Allocation Failure)
[4875.268s][info][gc,heap        ] GC(1336) PSYoungGen: 2606325K(2619392K)->146464K(2618368K) Eden: 2442752K(2442752K)->0K(2441728K) From: 163573K(176640K)->146464K(176640K)
[4875.268s][info][gc,heap        ] GC(1336) ParOldGen: 1756137K(3704832K)->1859105K(3704832K)
[4875.268s][info][gc,metaspace   ] GC(1336) Metaspace: 29095K(29376K)->29095K(29376K) NonClass: 25992K(26112K)->25992K(26112K) Class: 3102K(3264K)->3102K(3264K)
[4875.268s][info][gc             ] GC(1336) Pause Young (Allocation Failure) 4260M->1958M(6175M) 89.766ms
[4875.268s][info][gc,cpu         ] GC(1336) User=0.53s Sys=0.00s Real=0.09s
..[4877.166s][info][gc,start       ] GC(1337) Pause Young (Allocation Failure)
[4877.256s][info][gc,heap        ] GC(1337) PSYoungGen: 2588192K(2618368K)->145024K(2587136K) Eden: 2441728K(2441728K)->0K(2441728K) From: 146464K(176640K)->145024K(145408K)
[4877.256s][info][gc,heap        ] GC(1337) ParOldGen: 1859105K(3704832K)->1964145K(3704832K)
[4877.256s][info][gc,metaspace   ] GC(1337) Metaspace: 29095K(29376K)->29095K(29376K) NonClass: 25992K(26112K)->25992K(26112K) Class: 3102K(3264K)->3102K(3264K)
[4877.256s][info][gc             ] GC(1337) Pause Young (Allocation Failure) 4343M->2059M(6144M) 89.547ms
[4877.256s][info][gc,cpu         ] GC(1337) User=0.53s Sys=0.00s Real=0.09s
..[4879.192s][info][gc,start       ] GC(1338) Pause Young (Allocation Failure)
[4879.283s][info][gc,heap        ] GC(1338) PSYoungGen: 2586752K(2587136K)->143840K(2618368K) Eden: 2441728K(2441728K)->0K(2440704K) From: 145024K(145408K)->143840K(177664K)
[4879.283s][info][gc,heap        ] GC(1338) ParOldGen: 1964145K(3704832K)->2068345K(3704832K)
[4879.283s][info][gc,metaspace   ] GC(1338) Metaspace: 29095K(29376K)->29095K(29376K) NonClass: 25992K(26112K)->25992K(26112K) Class: 3102K(3264K)->3102K(3264K)
[4879.283s][info][gc             ] GC(1338) Pause Young (Allocation Failure) 4444M->2160M(6175M) 90.470ms
[4879.283s][info][gc,cpu         ] GC(1338) User=0.53s Sys=0.00s Real=0.09s
..[4881.324s][info][gc,start       ] GC(1339) Pause Young (Allocation Failure)
[4881.416s][info][gc,heap        ] GC(1339) PSYoungGen: 2584544K(2618368K)->151104K(2592256K) Eden: 2440704K(2440704K)->0K(2440704K) From: 143840K(177664K)->151104K(151552K)
[4881.416s][info][gc,heap        ] GC(1339) ParOldGen: 2068345K(3704832K)->2170569K(3704832K)
[4881.416s][info][gc,metaspace   ] GC(1339) Metaspace: 29095K(29376K)->29095K(29376K) NonClass: 25992K(26112K)->25992K(26112K) Class: 3102K(3264K)->3102K(3264K)
[4881.416s][info][gc             ] GC(1339) Pause Young (Allocation Failure) 4543M->2267M(6149M) 92.532ms
[4881.416s][info][gc,cpu         ] GC(1339) User=0.55s Sys=0.00s Real=0.10s
..[4883.399s][info][gc,start       ] GC(1340) Pause Young (Allocation Failure)
[4883.492s][info][gc,heap        ] GC(1340) PSYoungGen: 2591808K(2592256K)->150112K(2617856K) Eden: 2440704K(2440704K)->0K(2441728K) From: 151104K(151552K)->150112K(176128K)
[4883.492s][info][gc,heap        ] GC(1340) ParOldGen: 2170569K(3704832K)->2276561K(3704832K)
[4883.492s][info][gc,metaspace   ] GC(1340) Metaspace: 29095K(29376K)->29095K(29376K) NonClass: 25992K(26112K)->25992K(26112K) Class: 3102K(3264K)->3102K(3264K)
[4883.492s][info][gc             ] GC(1340) Pause Young (Allocation Failure) 4650M->2369M(6174M) 93.190ms
[4883.492s][info][gc,cpu         ] GC(1340) User=0.55s Sys=0.00s Real=0.09s
..[4885.435s][info][gc,start       ] GC(1341) Pause Young (Allocation Failure)
[4885.529s][info][gc,heap        ] GC(1341) PSYoungGen: 2591840K(2617856K)->154036K(2616832K) Eden: 2441728K(2441728K)->0K(2441728K) From: 150112K(176128K)->154036K(175104K)
[4885.529s][info][gc,heap        ] GC(1341) ParOldGen: 2276561K(3704832K)->2382857K(3704832K)
[4885.529s][info][gc,metaspace   ] GC(1341) Metaspace: 29095K(29376K)->29095K(29376K) NonClass: 25992K(26112K)->25992K(26112K) Class: 3102K(3264K)->3102K(3264K)
[4885.529s][info][gc             ] GC(1341) Pause Young (Allocation Failure) 4754M->2477M(6173M) 94.466ms
[4885.529s][info][gc,cpu         ] GC(1341) User=0.56s Sys=0.00s Real=0.09s
..[4887.571s][info][gc,start       ] GC(1342) Pause Young (Allocation Failure)
[4887.668s][info][gc,heap        ] GC(1342) PSYoungGen: 2595764K(2616832K)->162160K(2616832K) Eden: 2441728K(2441728K)->0K(2443776K) From: 154036K(175104K)->162160K(173056K)
[4887.669s][info][gc,heap        ] GC(1342) ParOldGen: 2382857K(3704832K)->2485737K(3704832K)
[4887.669s][info][gc,metaspace   ] GC(1342) Metaspace: 29095K(29376K)->29095K(29376K) NonClass: 25992K(26112K)->25992K(26112K) Class: 3102K(3264K)->3102K(3264K)
[4887.669s][info][gc             ] GC(1342) Pause Young (Allocation Failure) 4861M->2585M(6173M) 97.800ms
[4887.669s][info][gc,cpu         ] GC(1342) User=0.58s Sys=0.00s Real=0.10s
..[4889.660s][info][gc,start       ] GC(1343) Pause Young (Allocation Failure)
[4889.751s][info][gc,heap        ] GC(1343) PSYoungGen: 2605936K(2616832K)->155264K(2617856K) Eden: 2443776K(2443776K)->0K(2443776K) From: 162160K(173056K)->155264K(174080K)
[4889.751s][info][gc,heap        ] GC(1343) ParOldGen: 2485737K(3704832K)->2586649K(3704832K)
[4889.751s][info][gc,metaspace   ] GC(1343) Metaspace: 29095K(29376K)->29095K(29376K) NonClass: 25992K(26112K)->25992K(26112K) Class: 3102K(3264K)->3102K(3264K)
[4889.751s][info][gc             ] GC(1343) Pause Young (Allocation Failure) 4972M->2677M(6174M) 91.590ms
[4889.751s][info][gc,cpu         ] GC(1343) User=0.55s Sys=0.00s Real=0.09s
..[4891.659s][info][gc,start       ] GC(1344) Pause Young (Allocation Failure)
[4891.753s][info][gc,heap        ] GC(1344) PSYoungGen: 2599040K(2617856K)->151779K(2619392K) Eden: 2443776K(2443776K)->0K(2449408K) From: 155264K(174080K)->151779K(169984K)
[4891.753s][info][gc,heap        ] GC(1344) ParOldGen: 2586649K(3704832K)->2694401K(3704832K)
[4891.753s][info][gc,metaspace   ] GC(1344) Metaspace: 29095K(29376K)->29095K(29376K) NonClass: 25992K(26112K)->25992K(26112K) Class: 3102K(3264K)->3102K(3264K)
[4891.753s][info][gc             ] GC(1344) Pause Young (Allocation Failure) 5064M->2779M(6176M) 94.593ms
[4891.753s][info][gc,cpu         ] GC(1344) User=0.56s Sys=0.00s Real=0.09s
..[4893.686s][info][gc,start       ] GC(1345) Pause Young (Allocation Failure)
[4893.783s][info][gc,heap        ] GC(1345) PSYoungGen: 2601187K(2619392K)->159200K(2620416K) Eden: 2449408K(2449408K)->0K(2449408K) From: 151779K(169984K)->159200K(171008K)
[4893.783s][info][gc,heap        ] GC(1345) ParOldGen: 2694401K(3704832K)->2797169K(3704832K)
[4893.783s][info][gc,metaspace   ] GC(1345) Metaspace: 29095K(29376K)->29095K(29376K) NonClass: 25992K(26112K)->25992K(26112K) Class: 3102K(3264K)->3102K(3264K)
[4893.783s][info][gc             ] GC(1345) Pause Young (Allocation Failure) 5171M->2887M(6177M) 96.873ms
[4893.783s][info][gc,cpu         ] GC(1345) User=0.58s Sys=0.00s Real=0.09s
..[4895.789s][info][gc,start       ] GC(1346) Pause Young (Allocation Failure)
[4895.885s][info][gc,heap        ] GC(1346) PSYoungGen: 2608608K(2620416K)->157815K(2624000K) Eden: 2449408K(2449408K)->0K(2454016K) From: 159200K(171008K)->157815K(169984K)
[4895.885s][info][gc,heap        ] GC(1346) ParOldGen: 2797169K(3704832K)->2902569K(3704832K)
[4895.885s][info][gc,metaspace   ] GC(1346) Metaspace: 29095K(29376K)->29095K(29376K) NonClass: 25992K(26112K)->25992K(26112K) Class: 3102K(3264K)->3102K(3264K)
[4895.885s][info][gc             ] GC(1346) Pause Young (Allocation Failure) 5279M->2988M(6180M) 95.796ms
[4895.885s][info][gc,cpu         ] GC(1346) User=0.56s Sys=0.00s Real=0.10s
..[4897.884s][info][gc,start       ] GC(1347) Pause Young (Allocation Failure)
[4897.978s][info][gc,heap        ] GC(1347) PSYoungGen: 2611831K(2624000K)->157312K(2624512K) Eden: 2454016K(2454016K)->0K(2454016K) From: 157815K(169984K)->157312K(170496K)
[4897.978s][info][gc,heap        ] GC(1347) ParOldGen: 2902569K(3704832K)->3004929K(3704832K)
[4897.978s][info][gc,metaspace   ] GC(1347) Metaspace: 29095K(29376K)->29095K(29376K) NonClass: 25992K(26112K)->25992K(26112K) Class: 3102K(3264K)->3102K(3264K)
[4897.978s][info][gc             ] GC(1347) Pause Young (Allocation Failure) 5385M->3088M(6181M) 94.719ms
[4897.979s][info][gc,cpu         ] GC(1347) User=0.56s Sys=0.00s Real=0.10s
..[4899.914s][info][gc,start       ] GC(1348) Pause Young (Allocation Failure)
[4900.010s][info][gc,heap        ] GC(1348) PSYoungGen: 2611328K(2624512K)->157536K(2625024K) Eden: 2454016K(2454016K)->0K(2456064K) From: 157312K(170496K)->157536K(168960K)
[4900.010s][info][gc,heap        ] GC(1348) ParOldGen: 3004929K(3704832K)->3111801K(3704832K)
[4900.010s][info][gc,metaspace   ] GC(1348) Metaspace: 29095K(29376K)->29095K(29376K) NonClass: 25992K(26112K)->25992K(26112K) Class: 3102K(3264K)->3102K(3264K)
[4900.010s][info][gc             ] GC(1348) Pause Young (Allocation Failure) 5484M->3192M(6181M) 95.839ms
[4900.010s][info][gc,cpu         ] GC(1348) User=0.57s Sys=0.00s Real=0.10s
...[4902.030s][info][gc,start       ] GC(1349) Pause Young (Allocation Failure)
[4902.127s][info][gc,heap        ] GC(1349) PSYoungGen: 2613600K(2625024K)->163680K(2625024K) Eden: 2456064K(2456064K)->0K(2456064K) From: 157536K(168960K)->163680K(168960K)
[4902.127s][info][gc,heap        ] GC(1349) ParOldGen: 3111801K(3704832K)->3214697K(3704832K)
[4902.127s][info][gc,metaspace   ] GC(1349) Metaspace: 29095K(29376K)->29095K(29376K) NonClass: 25992K(26112K)->25992K(26112K) Class: 3102K(3264K)->3102K(3264K)
[4902.127s][info][gc             ] GC(1349) Pause Young (Allocation Failure) 5591M->3299M(6181M) 96.828ms
[4902.127s][info][gc,cpu         ] GC(1349) User=0.58s Sys=0.00s Real=0.10s
.[4903.988s][info][gc,start       ] GC(1350) Pause Young (Allocation Failure)
[4904.082s][info][gc,heap        ] GC(1350) PSYoungGen: 2619744K(2625024K)->156192K(2626048K) Eden: 2456064K(2456064K)->0K(2456064K) From: 163680K(168960K)->156192K(169984K)
[4904.082s][info][gc,heap        ] GC(1350) ParOldGen: 3214697K(3704832K)->3320553K(3704832K)
[4904.082s][info][gc,metaspace   ] GC(1350) Metaspace: 29095K(29376K)->29095K(29376K) NonClass: 25992K(26112K)->25992K(26112K) Class: 3102K(3264K)->3102K(3264K)
[4904.083s][info][gc             ] GC(1350) Pause Young (Allocation Failure) 5697M->3395M(6182M) 94.461ms
[4904.083s][info][gc,cpu         ] GC(1350) User=0.56s Sys=0.00s Real=0.09s
..[4906.072s][info][gc,start       ] GC(1351) Pause Young (Allocation Failure)
[4906.167s][info][gc,heap        ] GC(1351) PSYoungGen: 2612256K(2626048K)->158400K(2614784K) Eden: 2456064K(2456064K)->0K(2456064K) From: 156192K(169984K)->158400K(158720K)
[4906.167s][info][gc,heap        ] GC(1351) ParOldGen: 3320553K(3704832K)->3423449K(3704832K)
[4906.167s][info][gc,metaspace   ] GC(1351) Metaspace: 29095K(29376K)->29095K(29376K) NonClass: 25992K(26112K)->25992K(26112K) Class: 3102K(3264K)->3102K(3264K)
[4906.167s][info][gc             ] GC(1351) Pause Young (Allocation Failure) 5793M->3497M(6171M) 94.825ms
[4906.167s][info][gc,cpu         ] GC(1351) User=0.56s Sys=0.00s Real=0.10s
..[4908.156s][info][gc,start       ] GC(1352) Pause Young (Allocation Failure)
[4908.250s][info][gc,heap        ] GC(1352) PSYoungGen: 2614464K(2614784K)->148416K(2624512K) Eden: 2456064K(2456064K)->0K(2456064K) From: 158400K(158720K)->148416K(168448K)
[4908.250s][info][gc,heap        ] GC(1352) ParOldGen: 3423449K(3704832K)->3529017K(3704832K)
[4908.250s][info][gc,metaspace   ] GC(1352) Metaspace: 29095K(29376K)->29095K(29376K) NonClass: 25992K(26112K)->25992K(26112K) Class: 3102K(3264K)->3102K(3264K)
[4908.250s][info][gc             ] GC(1352) Pause Young (Allocation Failure) 5896M->3591M(6181M) 94.045ms
[4908.250s][info][gc,cpu         ] GC(1352) User=0.55s Sys=0.00s Real=0.09s
..[4910.205s][info][gc,start       ] GC(1353) Pause Young (Allocation Failure)
[4910.297s][info][gc,heap        ] GC(1353) PSYoungGen: 2604480K(2624512K)->147763K(2625024K) Eden: 2456064K(2456064K)->0K(2456064K) From: 148416K(168448K)->147763K(168960K)
[4910.297s][info][gc,heap        ] GC(1353) ParOldGen: 3529017K(3704832K)->3635081K(3704832K)
[4910.297s][info][gc,metaspace   ] GC(1353) Metaspace: 29095K(29376K)->29095K(29376K) NonClass: 25992K(26112K)->25992K(26112K) Class: 3102K(3264K)->3102K(3264K)
[4910.297s][info][gc             ] GC(1353) Pause Young (Allocation Failure) 5989M->3694M(6181M) 92.332ms
[4910.297s][info][gc,cpu         ] GC(1353) User=0.54s Sys=0.00s Real=0.09s
..[4912.320s][info][gc,start       ] GC(1354) Pause Young (Allocation Failure)
[4912.417s][info][gc,heap        ] GC(1354) PSYoungGen: 2603827K(2625024K)->158980K(2627072K) Eden: 2456064K(2456064K)->0K(2458112K) From: 147763K(168960K)->158980K(168960K)
[4912.417s][info][gc,heap        ] GC(1354) ParOldGen: 3635081K(3704832K)->3738401K(3738624K)
[4912.417s][info][gc,metaspace   ] GC(1354) Metaspace: 29095K(29376K)->29095K(29376K) NonClass: 25992K(26112K)->25992K(26112K) Class: 3102K(3264K)->3102K(3264K)
[4912.417s][info][gc             ] GC(1354) Pause Young (Allocation Failure) 6092M->3806M(6216M) 97.775ms
[4912.417s][info][gc,cpu         ] GC(1354) User=0.56s Sys=0.01s Real=0.10s
..[4914.277s][info][gc,start       ] GC(1355) Pause Young (Allocation Failure)
[4914.380s][info][gc,heap        ] GC(1355) PSYoungGen: 2617092K(2627072K)->157274K(2615808K) Eden: 2458112K(2458112K)->0K(2458112K) From: 158980K(168960K)->157274K(157696K)
[4914.380s][info][gc,heap        ] GC(1355) ParOldGen: 3738401K(3738624K)->3846585K(3846656K)
[4914.380s][info][gc,metaspace   ] GC(1355) Metaspace: 29095K(29376K)->29095K(29376K) NonClass: 25992K(26112K)->25992K(26112K) Class: 3102K(3264K)->3102K(3264K)
[4914.380s][info][gc             ] GC(1355) Pause Young (Allocation Failure) 6206M->3910M(6311M) 103.121ms
[4914.380s][info][gc,cpu         ] GC(1355) User=0.56s Sys=0.05s Real=0.10s
..[4916.306s][info][gc,start       ] GC(1356) Pause Young (Allocation Failure)
[4916.403s][info][gc,heap        ] GC(1356) PSYoungGen: 2615386K(2615808K)->151104K(2627072K) Eden: 2458112K(2458112K)->0K(2458624K) From: 157274K(157696K)->151104K(168448K)
[4916.403s][info][gc,heap        ] GC(1356) ParOldGen: 3846585K(3846656K)->3948217K(3948544K)
[4916.403s][info][gc,metaspace   ] GC(1356) Metaspace: 29095K(29376K)->29095K(29376K) NonClass: 25992K(26112K)->25992K(26112K) Class: 3102K(3264K)->3102K(3264K)
[4916.403s][info][gc             ] GC(1356) Pause Young (Allocation Failure) 6310M->4003M(6421M) 97.080ms
[4916.403s][info][gc,cpu         ] GC(1356) User=0.54s Sys=0.03s Real=0.09s
..[4918.416s][info][gc,start       ] GC(1357) Pause Young (Allocation Failure)
[4918.515s][info][gc,heap        ] GC(1357) PSYoungGen: 2609728K(2627072K)->152480K(2626560K) Eden: 2458624K(2458624K)->0K(2458624K) From: 151104K(168448K)->152480K(167936K)
[4918.515s][info][gc,heap        ] GC(1357) ParOldGen: 3948217K(3948544K)->4054521K(4054528K)
[4918.515s][info][gc,metaspace   ] GC(1357) Metaspace: 29095K(29376K)->29095K(29376K) NonClass: 25992K(26112K)->25992K(26112K) Class: 3102K(3264K)->3102K(3264K)
[4918.515s][info][gc             ] GC(1357) Pause Young (Allocation Failure) 6404M->4108M(6524M) 99.446ms
[4918.516s][info][gc,cpu         ] GC(1357) User=0.55s Sys=0.04s Real=0.10s
..[4920.421s][info][gc,start       ] GC(1358) Pause Young (Allocation Failure)
[4920.526s][info][gc,heap        ] GC(1358) PSYoungGen: 2611104K(2626560K)->161428K(2626048K) Eden: 2458624K(2458624K)->0K(2458624K) From: 152480K(167936K)->161428K(167424K)
[4920.526s][info][gc,heap        ] GC(1358) ParOldGen: 4054521K(4054528K)->4159385K(4159488K)
[4920.526s][info][gc,metaspace   ] GC(1358) Metaspace: 29095K(29376K)->29095K(29376K) NonClass: 25992K(26112K)->25992K(26112K) Class: 3102K(3264K)->3102K(3264K)
[4920.526s][info][gc             ] GC(1358) Pause Young (Allocation Failure) 6509M->4219M(6626M) 104.918ms
[4920.526s][info][gc,cpu         ] GC(1358) User=0.59s Sys=0.03s Real=0.11s
..[4922.452s][info][gc,start       ] GC(1359) Pause Young (Allocation Failure)
[4922.551s][info][gc,heap        ] GC(1359) PSYoungGen: 2620052K(2626048K)->153120K(2627072K) Eden: 2458624K(2458624K)->0K(2458624K) From: 161428K(167424K)->153120K(168448K)
[4922.551s][info][gc,heap        ] GC(1359) ParOldGen: 4159385K(4159488K)->4262769K(4262912K)
[4922.551s][info][gc,metaspace   ] GC(1359) Metaspace: 29095K(29376K)->29095K(29376K) NonClass: 25992K(26112K)->25992K(26112K) Class: 3102K(3264K)->3102K(3264K)
[4922.551s][info][gc             ] GC(1359) Pause Young (Allocation Failure) 6620M->4312M(6728M) 98.613ms
[4922.551s][info][gc,cpu         ] GC(1359) User=0.55s Sys=0.04s Real=0.10s
...[4924.567s][info][gc,start       ] GC(1360) Pause Young (Allocation Failure)
[4924.672s][info][gc,heap        ] GC(1360) PSYoungGen: 2611744K(2627072K)->164752K(2623488K) Eden: 2458624K(2458624K)->0K(2456064K) From: 153120K(168448K)->164752K(167424K)
[4924.672s][info][gc,heap        ] GC(1360) ParOldGen: 4262769K(4262912K)->4368753K(4368896K)
[4924.672s][info][gc,metaspace   ] GC(1360) Metaspace: 29095K(29376K)->29095K(29376K) NonClass: 25992K(26112K)->25992K(26112K) Class: 3102K(3264K)->3102K(3264K)
[4924.672s][info][gc             ] GC(1360) Pause Young (Allocation Failure) 6713M->4427M(6828M) 105.044ms
[4924.672s][info][gc,cpu         ] GC(1360) User=0.59s Sys=0.04s Real=0.10s
..[4926.680s][info][gc,start       ] GC(1361) Pause Young (Allocation Failure)
[4926.788s][info][gc,heap        ] GC(1361) PSYoungGen: 2620816K(2623488K)->168705K(2625024K) Eden: 2456064K(2456064K)->0K(2456064K) From: 164752K(167424K)->168705K(168960K)
[4926.788s][info][gc,heap        ] GC(1361) ParOldGen: 4368753K(4368896K)->4474657K(4474880K)
[4926.788s][info][gc,metaspace   ] GC(1361) Metaspace: 29095K(29376K)->29095K(29376K) NonClass: 25992K(26112K)->25992K(26112K) Class: 3102K(3264K)->3102K(3264K)
[4926.788s][info][gc             ] GC(1361) Pause Young (Allocation Failure) 6825M->4534M(6933M) 107.786ms
[4926.788s][info][gc,cpu         ] GC(1361) User=0.61s Sys=0.03s Real=0.11s
.. (rIR:aIR:PR = 8302:8294:8294) (tPR = 122990) [OK] 
  4928s: Performance info:
         Transaction,    Success,    Partial,     Failed,   Receipts, AvgBarcode, 
             Overall,     505649,          0,          0,     480521,      59.48, 
         Response times:
             Request,    Success,    Partial,     Failed,   SkipFail,     Probes,    Samples,      min,      p50,      p90,      p95,      p99,      max, 
       TotalPurchase,     480521,          0,          0,          0,     366649,     520219,      300,     5600,    27000,    51000,   230000,   425000,
     InStorePurchase,     253373,          0,          0,          0,     193306,     273667,      300,     5400,    26000,    50000,   210000,   425000,
      OnlinePurchase,     176810,          0,          0,          0,     134783,     191220,      300,     5700,    27000,    53000,   219000,   425000,
        InstPurchase,      50338,          0,          0,          0,      38560,      55332,      400,     5900,    27000,    52000,   246000,   388000,
          AssocOfCat,        503,          0,          0,          0,        403,        723,    22000,    39000,    73000,   105800,   242440,   413000,
      AssocOfProduct,       5036,          0,          0,          0,       3592,       5361,      400,     4600,    23000,    48000,   280000,   375000,
      BusinessReport,       1267,          0,          0,          0,       1105,       1711,    29000,    47000,    86000,   136000,   283000,   418000,
          CustBuyBeh,       5030,          0,          0,          0,       3566,       5282,      200,     4400,    21000,    47000,   273000,   375000,
       ProductReturn,      13292,          0,          0,          0,       9390,      13791,      300,     6000,    28000,    53000,   288000,   426000,

  4928s: (61%)   IR =   8441 [4928.776s][info][gc,start       ] GC(1362) Pause Young (Allocation Failure)
[4928.875s][info][gc,heap        ] GC(1362) PSYoungGen: 2624769K(2625024K)->153344K(2622976K) Eden: 2456064K(2456064K)->0K(2451968K) From: 168705K(168960K)->153344K(171008K)
[4928.875s][info][gc,heap        ] GC(1362) ParOldGen: 4474657K(4474880K)->4578121K(4578304K)
[4928.875s][info][gc,metaspace   ] GC(1362) Metaspace: 29095K(29376K)->29095K(29376K) NonClass: 25992K(26112K)->25992K(26112K) Class: 3102K(3264K)->3102K(3264K)
[4928.875s][info][gc             ] GC(1362) Pause Young (Allocation Failure) 6933M->4620M(7032M) 99.018ms
[4928.875s][info][gc,cpu         ] GC(1362) User=0.55s Sys=0.05s Real=0.10s
..[4930.809s][info][gc,start       ] GC(1363) Pause Young (Allocation Failure)
[4930.912s][info][gc,heap        ] GC(1363) PSYoungGen: 2605312K(2622976K)->159520K(2624000K) Eden: 2451968K(2451968K)->0K(2451968K) From: 153344K(171008K)->159520K(172032K)
[4930.912s][info][gc,heap        ] GC(1363) ParOldGen: 4578121K(4578304K)->4683329K(4683776K)
[4930.912s][info][gc,metaspace   ] GC(1363) Metaspace: 29095K(29376K)->29095K(29376K) NonClass: 25992K(26112K)->25992K(26112K) Class: 3102K(3264K)->3102K(3264K)
[4930.912s][info][gc             ] GC(1363) Pause Young (Allocation Failure) 7015M->4729M(7136M) 102.598ms
[4930.912s][info][gc,cpu         ] GC(1363) User=0.57s Sys=0.03s Real=0.10s
..[4932.803s][info][gc,start       ] GC(1364) Pause Young (Allocation Failure)
[4932.906s][info][gc,heap        ] GC(1364) PSYoungGen: 2611488K(2624000K)->162586K(2623488K) Eden: 2451968K(2451968K)->0K(2451968K) From: 159520K(172032K)->162586K(171520K)
[4932.906s][info][gc,heap        ] GC(1364) ParOldGen: 4683329K(4683776K)->4786905K(4787200K)
[4932.906s][info][gc,metaspace   ] GC(1364) Metaspace: 29095K(29376K)->29095K(29376K) NonClass: 25992K(26112K)->25992K(26112K) Class: 3102K(3264K)->3102K(3264K)
[4932.906s][info][gc             ] GC(1364) Pause Young (Allocation Failure) 7123M->4833M(7237M) 102.217ms
[4932.906s][info][gc,cpu         ] GC(1364) User=0.58s Sys=0.03s Real=0.11s
.|.[4934.846s][info][gc,start       ] GC(1365) Pause Young (Allocation Failure)
[4934.952s][info][gc,heap        ] GC(1365) PSYoungGen: 2614554K(2623488K)->169732K(2621952K) Eden: 2451968K(2451968K)->0K(2451968K) From: 162586K(171520K)->169732K(169984K)
[4934.952s][info][gc,heap        ] GC(1365) ParOldGen: 4786905K(4787200K)->4891241K(4891648K)
[4934.952s][info][gc,metaspace   ] GC(1365) Metaspace: 29095K(29376K)->29095K(29376K) NonClass: 25992K(26112K)->25992K(26112K) Class: 3102K(3264K)->3102K(3264K)
[4934.952s][info][gc             ] GC(1365) Pause Young (Allocation Failure) 7227M->4942M(7337M) 106.027ms
[4934.952s][info][gc,cpu         ] GC(1365) User=0.61s Sys=0.02s Real=0.10s
..[4936.829s][info][gc,start       ] GC(1366) Pause Young (Allocation Failure)
[4936.933s][info][gc,heap        ] GC(1366) PSYoungGen: 2621700K(2621952K)->161568K(2620928K) Eden: 2451968K(2451968K)->0K(2446848K) From: 169732K(169984K)->161568K(174080K)
[4936.933s][info][gc,heap        ] GC(1366) ParOldGen: 4891241K(4891648K)->4999009K(4999168K)
[4936.933s][info][gc,metaspace   ] GC(1366) Metaspace: 29095K(29376K)->29095K(29376K) NonClass: 25992K(26112K)->25992K(26112K) Class: 3102K(3264K)->3102K(3264K)
[4936.933s][info][gc             ] GC(1366) Pause Young (Allocation Failure) 7336M->5039M(7441M) 103.989ms
[4936.933s][info][gc,cpu         ] GC(1366) User=0.58s Sys=0.03s Real=0.10s
..[4938.948s][info][gc,start       ] GC(1367) Pause Young (Allocation Failure)
[4939.050s][info][gc,heap        ] GC(1367) PSYoungGen: 2608416K(2620928K)->160212K(2607104K) Eden: 2446848K(2446848K)->0K(2446848K) From: 161568K(174080K)->160212K(160256K)
[4939.050s][info][gc,heap        ] GC(1367) ParOldGen: 4999009K(4999168K)->5101929K(5102080K)
[4939.050s][info][gc,metaspace   ] GC(1367) Metaspace: 29095K(29376K)->29095K(29376K) NonClass: 25992K(26112K)->25992K(26112K) Class: 3102K(3264K)->3102K(3264K)
[4939.050s][info][gc             ] GC(1367) Pause Young (Allocation Failure) 7429M->5138M(7528M) 102.019ms
[4939.050s][info][gc,cpu         ] GC(1367) User=0.57s Sys=0.03s Real=0.10s
..[4941.006s][info][gc,start       ] GC(1368) Pause Young (Allocation Failure)
[4941.107s][info][gc,heap        ] GC(1368) PSYoungGen: 2607060K(2607104K)->159296K(2622464K) Eden: 2446848K(2446848K)->0K(2448896K) From: 160212K(160256K)->159296K(173568K)
[4941.108s][info][gc,heap        ] GC(1368) ParOldGen: 5101929K(5102080K)->5205113K(5205504K)
[4941.108s][info][gc,metaspace   ] GC(1368) Metaspace: 29095K(29376K)->29095K(29376K) NonClass: 25992K(26112K)->25992K(26112K) Class: 3102K(3264K)->3102K(3264K)
[4941.108s][info][gc             ] GC(1368) Pause Young (Allocation Failure) 7528M->5238M(7644M) 101.834ms
[4941.108s][info][gc,cpu         ] GC(1368) User=0.57s Sys=0.03s Real=0.10s
..[4943.018s][info][gc,start       ] GC(1369) Pause Young (Allocation Failure)
[4943.120s][info][gc,heap        ] GC(1369) PSYoungGen: 2608192K(2622464K)->160576K(2620928K) Eden: 2448896K(2448896K)->0K(2448896K) From: 159296K(173568K)->160576K(172032K)
[4943.120s][info][gc,heap        ] GC(1369) ParOldGen: 5205113K(5205504K)->5311745K(5312000K)
[4943.120s][info][gc,metaspace   ] GC(1369) Metaspace: 29095K(29376K)->29095K(29376K) NonClass: 25992K(26112K)->25992K(26112K) Class: 3102K(3264K)->3102K(3264K)
[4943.120s][info][gc             ] GC(1369) Pause Young (Allocation Failure) 7630M->5344M(7747M) 102.291ms
[4943.120s][info][gc,cpu         ] GC(1369) User=0.57s Sys=0.03s Real=0.10s
..[4944.974s][info][gc,start       ] GC(1370) Pause Young (Allocation Failure)
[4945.084s][info][gc,heap        ] GC(1370) PSYoungGen: 2609472K(2620928K)->170986K(2541056K) Eden: 2448896K(2448896K)->0K(2370048K) From: 160576K(172032K)->170986K(171008K)
[4945.084s][info][gc,heap        ] GC(1370) ParOldGen: 5311745K(5312000K)->5416705K(5416960K)
[4945.084s][info][gc,metaspace   ] GC(1370) Metaspace: 29095K(29376K)->29095K(29376K) NonClass: 25992K(26112K)->25992K(26112K) Class: 3102K(3264K)->3102K(3264K)
[4945.084s][info][gc             ] GC(1370) Pause Young (Allocation Failure) 7735M->5456M(7771M) 109.819ms
[4945.084s][info][gc,cpu         ] GC(1370) User=0.62s Sys=0.03s Real=0.11s
..[4946.956s][info][gc,start       ] GC(1371) Pause Young (Allocation Failure)
[4947.058s][info][gc,heap        ] GC(1371) PSYoungGen: 2541034K(2541056K)->159541K(2583040K) Eden: 2370048K(2370048K)->0K(2370048K) From: 170986K(171008K)->159541K(212992K)
[4947.058s][info][gc,heap        ] GC(1371) ParOldGen: 5416705K(5416960K)->5522393K(5522432K)
[4947.058s][info][gc,metaspace   ] GC(1371) Metaspace: 29095K(29376K)->29095K(29376K) NonClass: 25992K(26112K)->25992K(26112K) Class: 3102K(3264K)->3102K(3264K)
[4947.058s][info][gc             ] GC(1371) Pause Young (Allocation Failure) 7771M->5548M(7915M) 102.092ms
[4947.058s][info][gc,cpu         ] GC(1371) User=0.56s Sys=0.04s Real=0.10s
..[4948.926s][info][gc,start       ] GC(1372) Pause Full (Allocation Failure)
[4948.926s][info][gc,phases,start] GC(1372) Marking Phase
[4949.247s][info][gc,phases      ] GC(1372) Marking Phase 320.983ms
[4949.247s][info][gc,phases,start] GC(1372) Summary Phase
[4949.247s][info][gc,phases      ] GC(1372) Summary Phase 0.109ms
[4949.247s][info][gc,phases,start] GC(1372) Forward
[4949.380s][info][gc,phases      ] GC(1372) Forward 132.956ms
[4949.380s][info][gc,phases,start] GC(1372) Adjust Pointers
[4949.600s][info][gc,phases      ] GC(1372) Adjust Pointers 219.273ms
[4949.600s][info][gc,phases,start] GC(1372) Compaction Phase
[4949.752s][info][gc,phases      ] GC(1372) Compaction Phase 152.062ms
[4949.753s][info][gc,phases,start] GC(1372) Post Compact
[4949.760s][info][gc,phases      ] GC(1372) Post Compact 6.813ms
[4949.889s][info][gc,heap        ] GC(1372) PSYoungGen: 2529589K(2583040K)->0K(2580992K) Eden: 2370048K(2370048K)->0K(2372096K) From: 159541K(212992K)->0K(208896K)
[4949.889s][info][gc,heap        ] GC(1372) ParOldGen: 5522393K(5522432K)->1632463K(1947648K)
[4949.889s][info][gc,metaspace   ] GC(1372) Metaspace: 29095K(29376K)->29095K(29376K) NonClass: 25992K(26112K)->25992K(26112K) Class: 3102K(3264K)->3102K(3264K)
[4949.889s][info][gc             ] GC(1372) Pause Full (Allocation Failure) 7863M->1594M(4422M) 963.127ms
[4949.889s][info][gc,cpu         ] GC(1372) User=4.48s Sys=0.13s Real=0.96s
..[4951.093s][info][gc,start       ] GC(1373) Pause Young (Allocation Failure)
[4951.161s][info][gc,heap        ] GC(1373) PSYoungGen: 2372096K(2580992K)->167136K(2583040K) Eden: 2372096K(2372096K)->0K(2372096K) From: 0K(208896K)->167136K(210944K)
[4951.161s][info][gc,heap        ] GC(1373) ParOldGen: 1632463K(1947648K)->1632463K(1947648K)
[4951.161s][info][gc,metaspace   ] GC(1373) Metaspace: 29095K(29376K)->29095K(29376K) NonClass: 25992K(26112K)->25992K(26112K) Class: 3102K(3264K)->3102K(3264K)
[4951.161s][info][gc             ] GC(1373) Pause Young (Allocation Failure) 3910M->1757M(4424M) 68.048ms
[4951.161s][info][gc,cpu         ] GC(1373) User=0.41s Sys=0.00s Real=0.07s
.[4952.821s][info][gc,start       ] GC(1374) Pause Young (Allocation Failure)
[4952.913s][info][gc,heap        ] GC(1374) PSYoungGen: 2539232K(2583040K)->151584K(2584064K) Eden: 2372096K(2372096K)->0K(2376704K) From: 167136K(210944K)->151584K(207360K)
[4952.913s][info][gc,heap        ] GC(1374) ParOldGen: 1632463K(1947648K)->1739735K(1947648K)
[4952.913s][info][gc,metaspace   ] GC(1374) Metaspace: 29095K(29376K)->29095K(29376K) NonClass: 25992K(26112K)->25992K(26112K) Class: 3102K(3264K)->3102K(3264K)
[4952.913s][info][gc             ] GC(1374) Pause Young (Allocation Failure) 4073M->1846M(4425M) 92.547ms
[4952.913s][info][gc,cpu         ] GC(1374) User=0.55s Sys=0.00s Real=0.09s
..[4954.797s][info][gc,start       ] GC(1375) Pause Young (Allocation Failure)
[4954.894s][info][gc,heap        ] GC(1375) PSYoungGen: 2528288K(2584064K)->165317K(2583552K) Eden: 2376704K(2376704K)->0K(2376704K) From: 151584K(207360K)->165317K(206848K)
[4954.894s][info][gc,heap        ] GC(1375) ParOldGen: 1739735K(1947648K)->1839855K(1947648K)
[4954.894s][info][gc,metaspace   ] GC(1375) Metaspace: 29095K(29376K)->29095K(29376K) NonClass: 25992K(26112K)->25992K(26112K) Class: 3102K(3264K)->3102K(3264K)
[4954.894s][info][gc             ] GC(1375) Pause Young (Allocation Failure) 4167M->1958M(4425M) 97.462ms
[4954.894s][info][gc,cpu         ] GC(1375) User=0.58s Sys=0.00s Real=0.09s
..[4956.749s][info][gc,start       ] GC(1376) Pause Young (Allocation Failure)
[4956.842s][info][gc,heap        ] GC(1376) PSYoungGen: 2542021K(2583552K)->152000K(2586112K) Eden: 2376704K(2376704K)->0K(2382848K) From: 165317K(206848K)->152000K(203264K)
[4956.842s][info][gc,heap        ] GC(1376) ParOldGen: 1839855K(1947648K)->1942015K(1947648K)
[4956.842s][info][gc,metaspace   ] GC(1376) Metaspace: 29095K(29376K)->29095K(29376K) NonClass: 25992K(26112K)->25992K(26112K) Class: 3102K(3264K)->3102K(3264K)
[4956.842s][info][gc             ] GC(1376) Pause Young (Allocation Failure) 4279M->2044M(4427M) 92.510ms
[4956.842s][info][gc,cpu         ] GC(1376) User=0.55s Sys=0.00s Real=0.09s
..[4958.653s][info][gc,start       ] GC(1377) Pause Young (Allocation Failure)
[4958.750s][info][gc,heap        ] GC(1377) PSYoungGen: 2534848K(2586112K)->152960K(2585088K) Eden: 2382848K(2382848K)->0K(2382848K) From: 152000K(203264K)->152960K(202240K)
[4958.750s][info][gc,heap        ] GC(1377) ParOldGen: 1942015K(1947648K)->2046639K(2046976K)
[4958.750s][info][gc,metaspace   ] GC(1377) Metaspace: 29095K(29376K)->29095K(29376K) NonClass: 25992K(26112K)->25992K(26112K) Class: 3102K(3264K)->3102K(3264K)
[4958.750s][info][gc             ] GC(1377) Pause Young (Allocation Failure) 4371M->2148M(4523M) 97.526ms
[4958.750s][info][gc,cpu         ] GC(1377) User=0.55s Sys=0.03s Real=0.10s
..[4960.623s][info][gc,start       ] GC(1378) Pause Young (Allocation Failure)
[4960.721s][info][gc,heap        ] GC(1378) PSYoungGen: 2535808K(2585088K)->155136K(2591744K) Eden: 2382848K(2382848K)->0K(2392576K) From: 152960K(202240K)->155136K(199168K)
[4960.721s][info][gc,heap        ] GC(1378) ParOldGen: 2046639K(2046976K)->2147583K(2147840K)
[4960.721s][info][gc,metaspace   ] GC(1378) Metaspace: 29095K(29376K)->29095K(29376K) NonClass: 25992K(26112K)->25992K(26112K) Class: 3102K(3264K)->3102K(3264K)
[4960.721s][info][gc             ] GC(1378) Pause Young (Allocation Failure) 4475M->2248M(4628M) 97.548ms
[4960.721s][info][gc,cpu         ] GC(1378) User=0.54s Sys=0.03s Real=0.10s
..[4962.541s][info][gc,start       ] GC(1379) Pause Young (Allocation Failure)
[4962.639s][info][gc,heap        ] GC(1379) PSYoungGen: 2547712K(2591744K)->151956K(2591744K) Eden: 2392576K(2392576K)->0K(2392576K) From: 155136K(199168K)->151956K(199168K)
[4962.639s][info][gc,heap        ] GC(1379) ParOldGen: 2147583K(2147840K)->2253511K(2253824K)
[4962.639s][info][gc,metaspace   ] GC(1379) Metaspace: 29095K(29376K)->29095K(29376K) NonClass: 25992K(26112K)->25992K(26112K) Class: 3102K(3264K)->3102K(3264K)
[4962.639s][info][gc             ] GC(1379) Pause Young (Allocation Failure) 4585M->2349M(4732M) 98.219ms
[4962.639s][info][gc,cpu         ] GC(1379) User=0.55s Sys=0.04s Real=0.10s
..[4964.533s][info][gc,start       ] GC(1380) Pause Young (Allocation Failure)
[4964.627s][info][gc,heap        ] GC(1380) PSYoungGen: 2544532K(2591744K)->150400K(2595328K) Eden: 2392576K(2392576K)->0K(2399232K) From: 151956K(199168K)->150400K(196096K)
[4964.627s][info][gc,heap        ] GC(1380) ParOldGen: 2253511K(2253824K)->2354943K(2355200K)
[4964.627s][info][gc,metaspace   ] GC(1380) Metaspace: 29095K(29376K)->29095K(29376K) NonClass: 25992K(26112K)->25992K(26112K) Class: 3102K(3264K)->3102K(3264K)
[4964.627s][info][gc             ] GC(1380) Pause Young (Allocation Failure) 4685M->2446M(4834M) 94.188ms
[4964.627s][info][gc,cpu         ] GC(1380) User=0.53s Sys=0.03s Real=0.10s
..[4966.547s][info][gc,start       ] GC(1381) Pause Young (Allocation Failure)
[4966.642s][info][gc,heap        ] GC(1381) PSYoungGen: 2549632K(2595328K)->152384K(2595328K) Eden: 2399232K(2399232K)->0K(2399232K) From: 150400K(196096K)->152384K(196096K)
[4966.642s][info][gc,heap        ] GC(1381) ParOldGen: 2354943K(2355200K)->2457839K(2458112K)
[4966.642s][info][gc,metaspace   ] GC(1381) Metaspace: 29095K(29376K)->29095K(29376K) NonClass: 25992K(26112K)->25992K(26112K) Class: 3102K(3264K)->3102K(3264K)
[4966.642s][info][gc             ] GC(1381) Pause Young (Allocation Failure) 4789M->2549M(4935M) 95.149ms
[4966.642s][info][gc,cpu         ] GC(1381) User=0.53s Sys=0.03s Real=0.09s
..[4968.531s][info][gc,start       ] GC(1382) Pause Young (Allocation Failure)
[4968.630s][info][gc,heap        ] GC(1382) PSYoungGen: 2551616K(2595328K)->154581K(2597888K) Eden: 2399232K(2399232K)->0K(2405888K) From: 152384K(196096K)->154581K(192000K)
[4968.630s][info][gc,heap        ] GC(1382) ParOldGen: 2457839K(2458112K)->2564783K(2565120K)
[4968.630s][info][gc,metaspace   ] GC(1382) Metaspace: 29095K(29376K)->29095K(29376K) NonClass: 25992K(26112K)->25992K(26112K) Class: 3102K(3264K)->3102K(3264K)
[4968.630s][info][gc             ] GC(1382) Pause Young (Allocation Failure) 4892M->2655M(5042M) 99.154ms
[4968.630s][info][gc,cpu         ] GC(1382) User=0.54s Sys=0.04s Real=0.10s
..[4970.528s][info][gc,start       ] GC(1383) Pause Young (Allocation Failure)
[4970.630s][info][gc,heap        ] GC(1383) PSYoungGen: 2560469K(2597888K)->163604K(2597888K) Eden: 2405888K(2405888K)->0K(2405888K) From: 154581K(192000K)->163604K(192000K)
[4970.630s][info][gc,heap        ] GC(1383) ParOldGen: 2564783K(2565120K)->2665239K(2665472K)
[4970.630s][info][gc,metaspace   ] GC(1383) Metaspace: 29095K(29376K)->29095K(29376K) NonClass: 25992K(26112K)->25992K(26112K) Class: 3102K(3264K)->3102K(3264K)
[4970.630s][info][gc             ] GC(1383) Pause Young (Allocation Failure) 5005M->2762M(5140M) 102.179ms
[4970.630s][info][gc,cpu         ] GC(1383) User=0.58s Sys=0.03s Real=0.10s
..[4972.510s][info][gc,start       ] GC(1384) Pause Young (Allocation Failure)
[4972.614s][info][gc,heap        ] GC(1384) PSYoungGen: 2569492K(2597888K)->162405K(2601984K) Eden: 2405888K(2405888K)->0K(2414080K) From: 163604K(192000K)->162405K(187904K)
[4972.614s][info][gc,heap        ] GC(1384) ParOldGen: 2665239K(2665472K)->2771023K(2771456K)
[4972.614s][info][gc,metaspace   ] GC(1384) Metaspace: 29095K(29376K)->29095K(29376K) NonClass: 25992K(26112K)->25992K(26112K) Class: 3102K(3264K)->3102K(3264K)
[4972.614s][info][gc             ] GC(1384) Pause Young (Allocation Failure) 5112M->2864M(5247M) 103.729ms
[4972.614s][info][gc,cpu         ] GC(1384) User=0.58s Sys=0.04s Real=0.10s
..[4974.464s][info][gc,start       ] GC(1385) Pause Young (Allocation Failure)
[4974.560s][info][gc,heap        ] GC(1385) PSYoungGen: 2576485K(2601984K)->147488K(2601984K) Eden: 2414080K(2414080K)->0K(2414080K) From: 162405K(187904K)->147488K(187904K)
[4974.560s][info][gc,heap        ] GC(1385) ParOldGen: 2771023K(2771456K)->2875407K(2875904K)
[4974.560s][info][gc,metaspace   ] GC(1385) Metaspace: 29095K(29376K)->29095K(29376K) NonClass: 25992K(26112K)->25992K(26112K) Class: 3102K(3264K)->3102K(3264K)
[4974.560s][info][gc             ] GC(1385) Pause Young (Allocation Failure) 5222M->2952M(5349M) 95.930ms
[4974.560s][info][gc,cpu         ] GC(1385) User=0.53s Sys=0.05s Real=0.10s
..[4976.464s][info][gc,start       ] GC(1386) Pause Young (Allocation Failure)
[4976.562s][info][gc,heap        ] GC(1386) PSYoungGen: 2561568K(2601984K)->154320K(2604544K) Eden: 2414080K(2414080K)->0K(2420736K) From: 147488K(187904K)->154320K(183808K)
[4976.562s][info][gc,heap        ] GC(1386) ParOldGen: 2875407K(2875904K)->2977775K(2977792K)
[4976.562s][info][gc,metaspace   ] GC(1386) Metaspace: 29095K(29376K)->29095K(29376K) NonClass: 25992K(26112K)->25992K(26112K) Class: 3102K(3264K)->3102K(3264K)
[4976.562s][info][gc             ] GC(1386) Pause Young (Allocation Failure) 5309M->3058M(5451M) 97.510ms
[4976.562s][info][gc,cpu         ] GC(1386) User=0.54s Sys=0.04s Real=0.10s
..[4978.437s][info][gc,start       ] GC(1387) Pause Young (Allocation Failure)
[4978.534s][info][gc,heap        ] GC(1387) PSYoungGen: 2575056K(2604544K)->151232K(2606080K) Eden: 2420736K(2420736K)->0K(2420736K) From: 154320K(183808K)->151232K(185344K)
[4978.534s][info][gc,heap        ] GC(1387) ParOldGen: 2977775K(2977792K)->3081879K(3082240K)
[4978.534s][info][gc,metaspace   ] GC(1387) Metaspace: 29095K(29376K)->29095K(29376K) NonClass: 25992K(26112K)->25992K(26112K) Class: 3102K(3264K)->3102K(3264K)
[4978.534s][info][gc             ] GC(1387) Pause Young (Allocation Failure) 5422M->3157M(5555M) 97.337ms
[4978.534s][info][gc,cpu         ] GC(1387) User=0.54s Sys=0.03s Real=0.09s
..[4980.410s][info][gc,start       ] GC(1388) Pause Young (Allocation Failure)
[4980.509s][info][gc,heap        ] GC(1388) PSYoungGen: 2571968K(2606080K)->155860K(2605056K) Eden: 2420736K(2420736K)->0K(2426368K) From: 151232K(185344K)->155860K(178688K)
[4980.509s][info][gc,heap        ] GC(1388) ParOldGen: 3081879K(3082240K)->3184239K(3184640K)
[4980.509s][info][gc,metaspace   ] GC(1388) Metaspace: 29095K(29376K)->29095K(29376K) NonClass: 25992K(26112K)->25992K(26112K) Class: 3102K(3264K)->3102K(3264K)
[4980.509s][info][gc             ] GC(1388) Pause Young (Allocation Failure) 5521M->3261M(5654M) 98.981ms
[4980.509s][info][gc,cpu         ] GC(1388) User=0.55s Sys=0.03s Real=0.10s
..[4982.417s][info][gc,start       ] GC(1389) Pause Young (Allocation Failure)
[4982.515s][info][gc,heap        ] GC(1389) PSYoungGen: 2582228K(2605056K)->154816K(2608128K) Eden: 2426368K(2426368K)->0K(2426368K) From: 155860K(178688K)->154816K(181760K)
[4982.515s][info][gc,heap        ] GC(1389) ParOldGen: 3184239K(3184640K)->3288183K(3288576K)
[4982.515s][info][gc,metaspace   ] GC(1389) Metaspace: 29095K(29376K)->29095K(29376K) NonClass: 25992K(26112K)->25992K(26112K) Class: 3102K(3264K)->3102K(3264K)
[4982.515s][info][gc             ] GC(1389) Pause Young (Allocation Failure) 5631M->3362M(5758M) 98.000ms
[4982.515s][info][gc,cpu         ] GC(1389) User=0.55s Sys=0.03s Real=0.10s
..[4984.388s][info][gc,start       ] GC(1390) Pause Young (Allocation Failure)
[4984.488s][info][gc,heap        ] GC(1390) PSYoungGen: 2581184K(2608128K)->156340K(2610176K) Eden: 2426368K(2426368K)->0K(2434560K) From: 154816K(181760K)->156340K(175616K)
[4984.488s][info][gc,heap        ] GC(1390) ParOldGen: 3288183K(3288576K)->3392311K(3392512K)
[4984.488s][info][gc,metaspace   ] GC(1390) Metaspace: 29095K(29376K)->29095K(29376K) NonClass: 25992K(26112K)->25992K(26112K) Class: 3102K(3264K)->3102K(3264K)
[4984.488s][info][gc             ] GC(1390) Pause Young (Allocation Failure) 5731M->3465M(5862M) 100.035ms
[4984.488s][info][gc,cpu         ] GC(1390) User=0.57s Sys=0.03s Real=0.10s
..[4986.448s][info][gc,start       ] GC(1391) Pause Young (Allocation Failure)
[4986.544s][info][gc,heap        ] GC(1391) PSYoungGen: 2590900K(2610176K)->150240K(2612736K) Eden: 2434560K(2434560K)->0K(2434560K) From: 156340K(175616K)->150240K(178176K)
[4986.544s][info][gc,heap        ] GC(1391) ParOldGen: 3392311K(3392512K)->3496503K(3496960K)
[4986.544s][info][gc,metaspace   ] GC(1391) Metaspace: 29095K(29376K)->29095K(29376K) NonClass: 25992K(26112K)->25992K(26112K) Class: 3102K(3264K)->3102K(3264K)
[4986.544s][info][gc             ] GC(1391) Pause Young (Allocation Failure) 5842M->3561M(5966M) 96.914ms
[4986.544s][info][gc,cpu         ] GC(1391) User=0.54s Sys=0.03s Real=0.10s
..[4988.417s][info][gc,start       ] GC(1392) Pause Young (Allocation Failure)
[4988.514s][info][gc,heap        ] GC(1392) PSYoungGen: 2584800K(2612736K)->149968K(2614784K) Eden: 2434560K(2434560K)->0K(2440704K) From: 150240K(178176K)->149968K(174080K)
[4988.514s][info][gc,heap        ] GC(1392) ParOldGen: 3496503K(3496960K)->3602871K(3602944K)
[4988.514s][info][gc,metaspace   ] GC(1392) Metaspace: 29095K(29376K)->29095K(29376K) NonClass: 25992K(26112K)->25992K(26112K) Class: 3102K(3264K)->3102K(3264K)
[4988.514s][info][gc             ] GC(1392) Pause Young (Allocation Failure) 5938M->3664M(6072M) 97.622ms
[4988.514s][info][gc,cpu         ] GC(1392) User=0.55s Sys=0.02s Real=0.09s
..[4990.465s][info][gc,start       ] GC(1393) Pause Young (Allocation Failure)
[4990.563s][info][gc,heap        ] GC(1393) PSYoungGen: 2590672K(2614784K)->157604K(2616832K) Eden: 2440704K(2440704K)->0K(2440704K) From: 149968K(174080K)->157604K(176128K)
[4990.563s][info][gc,heap        ] GC(1393) ParOldGen: 3602871K(3602944K)->3702911K(3703296K)
[4990.563s][info][gc,metaspace   ] GC(1393) Metaspace: 29095K(29376K)->29095K(29376K) NonClass: 25992K(26112K)->25992K(26112K) Class: 3102K(3264K)->3102K(3264K)
[4990.563s][info][gc             ] GC(1393) Pause Young (Allocation Failure) 6048M->3770M(6172M) 98.900ms
[4990.563s][info][gc,cpu         ] GC(1393) User=0.55s Sys=0.03s Real=0.09s
..[4992.497s][info][gc,start       ] GC(1394) Pause Young (Allocation Failure)
[4992.599s][info][gc,heap        ] GC(1394) PSYoungGen: 2598308K(2616832K)->158760K(2618368K) Eden: 2440704K(2440704K)->0K(2445312K) From: 157604K(176128K)->158760K(173056K)
[4992.599s][info][gc,heap        ] GC(1394) ParOldGen: 3702911K(3703296K)->3808671K(3808768K)
[4992.599s][info][gc,metaspace   ] GC(1394) Metaspace: 29095K(29376K)->29095K(29376K) NonClass: 25992K(26112K)->25992K(26112K) Class: 3102K(3264K)->3102K(3264K)
[4992.599s][info][gc             ] GC(1394) Pause Young (Allocation Failure) 6153M->3874M(6276M) 101.694ms
[4992.599s][info][gc,cpu         ] GC(1394) User=0.58s Sys=0.02s Real=0.10s
.. (rIR:aIR:PR = 8441:8461:8461) (tPR = 125113) [OK] 
  4994s: Performance info:
         Transaction,    Success,    Partial,     Failed,   Receipts, AvgBarcode, 
             Overall,     513343,          0,          0,     487855,      59.48, 
         Response times:
             Request,    Success,    Partial,     Failed,   SkipFail,     Probes,    Samples,      min,      p50,      p90,      p95,      p99,      max, 
       TotalPurchase,     487853,          0,          0,          0,     354430,     394866,      200,     5900,    36000,    80000,   740000,  1100000,
     InStorePurchase,     257732,          0,          0,          0,     186019,     207497,      200,     6000,    36000,    79000,   740000,  1100000,
      OnlinePurchase,     178964,          0,          0,          0,     130760,     145591,      300,     5800,    36800,    81000,   730000,  1100000,
        InstPurchase,      51157,          0,          0,          0,      37651,      41778,      300,     5800,    36000,    82000,   740000,   870000,
          AssocOfCat,        512,          0,          0,          0,        408,        550,    19800,    38000,    75000,   141000,   564000,   650000,
      AssocOfProduct,       5138,          0,          0,          0,       3520,       4164,      700,     5300,    33000,    70000,   257000,   368000,
      BusinessReport,       1282,          0,          0,          0,       1094,       1323,    30000,    49000,    89600,   154800,   665200,  1100000,
          CustBuyBeh,       5090,          0,          0,          0,       3515,       4151,      200,     6300,    40000,    80000,   258000,   369000,
       ProductReturn,      13433,          0,          0,          0,       9401,      10593,      200,     5900,    35000,    76000,   690000,   810000,

  4994s: (62%)   IR =   8579 [4994.555s][info][gc,start       ] GC(1395) Pause Young (Allocation Failure)
[4994.660s][info][gc,heap        ] GC(1395) PSYoungGen: 2604072K(2618368K)->158277K(2619392K) Eden: 2445312K(2445312K)->0K(2445312K) From: 158760K(173056K)->158277K(174080K)
[4994.660s][info][gc,heap        ] GC(1395) ParOldGen: 3808671K(3808768K)->3912175K(3912192K)
[4994.660s][info][gc,metaspace   ] GC(1395) Metaspace: 29095K(29376K)->29095K(29376K) NonClass: 25992K(26112K)->25992K(26112K) Class: 3102K(3264K)->3102K(3264K)
[4994.660s][info][gc             ] GC(1395) Pause Young (Allocation Failure) 6262M->3975M(6378M) 104.617ms
[4994.660s][info][gc,cpu         ] GC(1395) User=0.58s Sys=0.03s Real=0.10s
..[4996.485s][info][gc,start       ] GC(1396) Pause Young (Allocation Failure)
[4996.590s][info][gc,heap        ] GC(1396) PSYoungGen: 2603589K(2619392K)->162741K(2621440K) Eden: 2445312K(2445312K)->0K(2448384K) From: 158277K(174080K)->162741K(173056K)
[4996.590s][info][gc,heap        ] GC(1396) ParOldGen: 3912175K(3912192K)->4017855K(4018176K)
[4996.590s][info][gc,metaspace   ] GC(1396) Metaspace: 29095K(29376K)->29095K(29376K) NonClass: 25992K(26112K)->25992K(26112K) Class: 3102K(3264K)->3102K(3264K)
[4996.590s][info][gc             ] GC(1396) Pause Young (Allocation Failure) 6363M->4082M(6484M) 104.698ms
[4996.590s][info][gc,cpu         ] GC(1396) User=0.58s Sys=0.04s Real=0.10s
..[4998.460s][info][gc,start       ] GC(1397) Pause Young (Allocation Failure)
[4998.560s][info][gc,heap        ] GC(1397) PSYoungGen: 2611125K(2621440K)->157440K(2606080K) Eden: 2448384K(2448384K)->0K(2448384K) From: 162741K(173056K)->157440K(157696K)
[4998.560s][info][gc,heap        ] GC(1397) ParOldGen: 4017855K(4018176K)->4121527K(4121600K)
[4998.560s][info][gc,metaspace   ] GC(1397) Metaspace: 29095K(29376K)->29095K(29376K) NonClass: 25992K(26112K)->25992K(26112K) Class: 3102K(3264K)->3102K(3264K)
[4998.561s][info][gc             ] GC(1397) Pause Young (Allocation Failure) 6473M->4178M(6570M) 100.592ms
[4998.561s][info][gc,cpu         ] GC(1397) User=0.56s Sys=0.04s Real=0.10s
..[5000.422s][info][gc,start       ] GC(1398) Pause Young (Allocation Failure)
[5000.520s][info][gc,heap        ] GC(1398) PSYoungGen: 2605824K(2606080K)->151296K(2621952K) Eden: 2448384K(2448384K)->0K(2449920K) From: 157440K(157696K)->151296K(172032K)
[5000.520s][info][gc,heap        ] GC(1398) ParOldGen: 4121527K(4121600K)->4226975K(4227072K)
[5000.520s][info][gc,metaspace   ] GC(1398) Metaspace: 29095K(29376K)->29095K(29376K) NonClass: 25992K(26112K)->25992K(26112K) Class: 3102K(3264K)->3102K(3264K)
[5000.520s][info][gc             ] GC(1398) Pause Young (Allocation Failure) 6569M->4275M(6688M) 98.450ms
[5000.520s][info][gc,cpu         ] GC(1398) User=0.55s Sys=0.03s Real=0.10s
..[5002.477s][info][gc,start       ] GC(1399) Pause Young (Allocation Failure)
[5002.579s][info][gc,heap        ] GC(1399) PSYoungGen: 2601216K(2621952K)->158469K(2621440K) Eden: 2449920K(2449920K)->0K(2449920K) From: 151296K(172032K)->158469K(171520K)
[5002.579s][info][gc,heap        ] GC(1399) ParOldGen: 4226975K(4227072K)->4332391K(4332544K)
[5002.579s][info][gc,metaspace   ] GC(1399) Metaspace: 29095K(29376K)->29095K(29376K) NonClass: 25992K(26112K)->25992K(26112K) Class: 3102K(3264K)->3102K(3264K)
[5002.579s][info][gc             ] GC(1399) Pause Young (Allocation Failure) 6668M->4385M(6791M) 101.739ms
[5002.579s][info][gc,cpu         ] GC(1399) User=0.58s Sys=0.02s Real=0.10s
..[5004.449s][info][gc,start       ] GC(1400) Pause Young (Allocation Failure)
[5004.551s][info][gc,heap        ] GC(1400) PSYoungGen: 2608389K(2621440K)->158032K(2623488K) Eden: 2449920K(2449920K)->0K(2453504K) From: 158469K(171520K)->158032K(169984K)
[5004.551s][info][gc,heap        ] GC(1400) ParOldGen: 4332391K(4332544K)->4437927K(4438016K)
[5004.551s][info][gc,metaspace   ] GC(1400) Metaspace: 29095K(29376K)->29095K(29376K) NonClass: 25992K(26112K)->25992K(26112K) Class: 3102K(3264K)->3102K(3264K)
[5004.551s][info][gc             ] GC(1400) Pause Young (Allocation Failure) 6778M->4488M(6896M) 101.764ms
[5004.551s][info][gc,cpu         ] GC(1400) User=0.58s Sys=0.03s Real=0.10s
..[5006.467s][info][gc,start       ] GC(1401) Pause Young (Allocation Failure)
[5006.573s][info][gc,heap        ] GC(1401) PSYoungGen: 2611536K(2623488K)->168580K(2622464K) Eden: 2453504K(2453504K)->0K(2453504K) From: 158032K(169984K)->168580K(168960K)
[5006.573s][info][gc,heap        ] GC(1401) ParOldGen: 4437927K(4438016K)->4542111K(4542464K)
[5006.573s][info][gc,metaspace   ] GC(1401) Metaspace: 29095K(29376K)->29095K(29376K) NonClass: 25992K(26112K)->25992K(26112K) Class: 3102K(3264K)->3102K(3264K)
[5006.574s][info][gc             ] GC(1401) Pause Young (Allocation Failure) 6884M->4600M(6997M) 106.759ms
[5006.574s][info][gc,cpu         ] GC(1401) User=0.59s Sys=0.03s Real=0.10s
..|[5008.465s][info][gc,start       ] GC(1402) Pause Young (Allocation Failure)
[5008.570s][info][gc,heap        ] GC(1402) PSYoungGen: 2622084K(2622464K)->163764K(2621952K) Eden: 2453504K(2453504K)->0K(2448896K) From: 168580K(168960K)->163764K(173056K)
[5008.570s][info][gc,heap        ] GC(1402) ParOldGen: 4542111K(4542464K)->4645655K(4645888K)
[5008.570s][info][gc,metaspace   ] GC(1402) Metaspace: 29095K(29376K)->29095K(29376K) NonClass: 25992K(26112K)->25992K(26112K) Class: 3102K(3264K)->3102K(3264K)
[5008.570s][info][gc             ] GC(1402) Pause Young (Allocation Failure) 6996M->4696M(7097M) 105.291ms
[5008.570s][info][gc,cpu         ] GC(1402) User=0.59s Sys=0.03s Real=0.10s
..[5010.512s][info][gc,start       ] GC(1403) Pause Young (Allocation Failure)
[5010.611s][info][gc,heap        ] GC(1403) PSYoungGen: 2612660K(2621952K)->151232K(2622464K) Eden: 2448896K(2448896K)->0K(2448896K) From: 163764K(173056K)->151232K(173568K)
[5010.611s][info][gc,heap        ] GC(1403) ParOldGen: 4645655K(4645888K)->4750415K(4750848K)
[5010.611s][info][gc,metaspace   ] GC(1403) Metaspace: 29095K(29376K)->29095K(29376K) NonClass: 25992K(26112K)->25992K(26112K) Class: 3102K(3264K)->3102K(3264K)
[5010.611s][info][gc             ] GC(1403) Pause Young (Allocation Failure) 7088M->4786M(7200M) 98.600ms
[5010.611s][info][gc,cpu         ] GC(1403) User=0.55s Sys=0.04s Real=0.10s
.[5012.421s][info][gc,start       ] GC(1404) Pause Young (Allocation Failure)
[5012.523s][info][gc,heap        ] GC(1404) PSYoungGen: 2600128K(2622464K)->158464K(2619392K) Eden: 2448896K(2448896K)->0K(2448896K) From: 151232K(173568K)->158464K(170496K)
[5012.523s][info][gc,heap        ] GC(1404) ParOldGen: 4750415K(4750848K)->4854615K(4854784K)
[5012.523s][info][gc,metaspace   ] GC(1404) Metaspace: 29095K(29376K)->29095K(29376K) NonClass: 25992K(26112K)->25992K(26112K) Class: 3102K(3264K)->3102K(3264K)
[5012.523s][info][gc             ] GC(1404) Pause Young (Allocation Failure) 7178M->4895M(7299M) 102.119ms
[5012.523s][info][gc,cpu         ] GC(1404) User=0.56s Sys=0.03s Real=0.10s
..[5014.535s][info][gc,start       ] GC(1405) Pause Young (Allocation Failure)
[5014.635s][info][gc,heap        ] GC(1405) PSYoungGen: 2607360K(2619392K)->154496K(2620928K) Eden: 2448896K(2448896K)->0K(2448896K) From: 158464K(170496K)->154496K(172032K)
[5014.635s][info][gc,heap        ] GC(1405) ParOldGen: 4854615K(4854784K)->4959479K(4959744K)
[5014.635s][info][gc,metaspace   ] GC(1405) Metaspace: 29095K(29376K)->29095K(29376K) NonClass: 25992K(26112K)->25992K(26112K) Class: 3102K(3264K)->3102K(3264K)
[5014.635s][info][gc             ] GC(1405) Pause Young (Allocation Failure) 7287M->4994M(7403M) 100.351ms
[5014.635s][info][gc,cpu         ] GC(1405) User=0.56s Sys=0.03s Real=0.10s
..[5016.444s][info][gc,start       ] GC(1406) Pause Young (Allocation Failure)
[5016.540s][info][gc,heap        ] GC(1406) PSYoungGen: 2603392K(2620928K)->144512K(2622976K) Eden: 2448896K(2448896K)->0K(2451968K) From: 154496K(172032K)->144512K(171008K)
[5016.540s][info][gc,heap        ] GC(1406) ParOldGen: 4959479K(4959744K)->5066015K(5066240K)
[5016.540s][info][gc,metaspace   ] GC(1406) Metaspace: 29095K(29376K)->29095K(29376K) NonClass: 25992K(26112K)->25992K(26112K) Class: 3102K(3264K)->3102K(3264K)
[5016.540s][info][gc             ] GC(1406) Pause Young (Allocation Failure) 7385M->5088M(7509M) 96.204ms
[5016.540s][info][gc,cpu         ] GC(1406) User=0.54s Sys=0.03s Real=0.10s
..[5018.430s][info][gc,start       ] GC(1407) Pause Young (Allocation Failure)
[5018.528s][info][gc,heap        ] GC(1407) PSYoungGen: 2596480K(2622976K)->153504K(2624000K) Eden: 2451968K(2451968K)->0K(2451968K) From: 144512K(171008K)->153504K(172032K)
[5018.528s][info][gc,heap        ] GC(1407) ParOldGen: 5066015K(5066240K)->5165759K(5166080K)
[5018.528s][info][gc,metaspace   ] GC(1407) Metaspace: 29095K(29376K)->29095K(29376K) NonClass: 25992K(26112K)->25992K(26112K) Class: 3102K(3264K)->3102K(3264K)
[5018.528s][info][gc             ] GC(1407) Pause Young (Allocation Failure) 7482M->5194M(7607M) 98.047ms
[5018.528s][info][gc,cpu         ] GC(1407) User=0.55s Sys=0.03s Real=0.10s
..[5020.322s][info][gc,start       ] GC(1408) Pause Young (Allocation Failure)
[5020.426s][info][gc,heap        ] GC(1408) PSYoungGen: 2605472K(2624000K)->156693K(2621952K) Eden: 2451968K(2451968K)->0K(2452992K) From: 153504K(172032K)->156693K(168960K)
[5020.426s][info][gc,heap        ] GC(1408) ParOldGen: 5165759K(5166080K)->5273655K(5274112K)
[5020.426s][info][gc,metaspace   ] GC(1408) Metaspace: 29095K(29376K)->29095K(29376K) NonClass: 25992K(26112K)->25992K(26112K) Class: 3102K(3264K)->3102K(3264K)
[5020.426s][info][gc             ] GC(1408) Pause Young (Allocation Failure) 7589M->5303M(7711M) 103.959ms
[5020.426s][info][gc,cpu         ] GC(1408) User=0.57s Sys=0.04s Real=0.11s
..[5022.303s][info][gc,start       ] GC(1409) Pause Young (Allocation Failure)
[5022.409s][info][gc,heap        ] GC(1409) PSYoungGen: 2609685K(2621952K)->166125K(2622976K) Eden: 2452992K(2452992K)->0K(2452992K) From: 156693K(168960K)->166125K(169984K)
[5022.409s][info][gc,heap        ] GC(1409) ParOldGen: 5273655K(5274112K)->5376887K(5377024K)
[5022.409s][info][gc,metaspace   ] GC(1409) Metaspace: 29095K(29376K)->29095K(29376K) NonClass: 25992K(26112K)->25992K(26112K) Class: 3102K(3264K)->3102K(3264K)
[5022.409s][info][gc             ] GC(1409) Pause Young (Allocation Failure) 7698M->5413M(7812M) 106.545ms
[5022.409s][info][gc,cpu         ] GC(1409) User=0.60s Sys=0.02s Real=0.11s
..[5024.355s][info][gc,start       ] GC(1410) Pause Young (Allocation Failure)
[5024.459s][info][gc,heap        ] GC(1410) PSYoungGen: 2619117K(2622976K)->157896K(2625024K) Eden: 2452992K(2452992K)->0K(2452992K) From: 166125K(169984K)->157896K(172032K)
[5024.459s][info][gc,heap        ] GC(1410) ParOldGen: 5376887K(5377024K)->5481415K(5481472K)
[5024.459s][info][gc,metaspace   ] GC(1410) Metaspace: 29095K(29376K)->29095K(29376K) NonClass: 25992K(26112K)->25992K(26112K) Class: 3102K(3264K)->3102K(3264K)
[5024.459s][info][gc             ] GC(1410) Pause Young (Allocation Failure) 7808M->5507M(7916M) 104.360ms
[5024.459s][info][gc,cpu         ] GC(1410) User=0.59s Sys=0.03s Real=0.10s
..[5026.368s][info][gc,start       ] GC(1411) Pause Young (Allocation Failure)
[5026.470s][info][gc,heap        ] GC(1411) PSYoungGen: 2610888K(2625024K)->153856K(2607104K) Eden: 2452992K(2452992K)->0K(2452992K) From: 157896K(172032K)->153856K(154112K)
[5026.470s][info][gc,heap        ] GC(1411) ParOldGen: 5481415K(5481472K)->5586815K(5586944K)
[5026.470s][info][gc,metaspace   ] GC(1411) Metaspace: 29095K(29376K)->29095K(29376K) NonClass: 25992K(26112K)->25992K(26112K) Class: 3102K(3264K)->3102K(3264K)
[5026.470s][info][gc             ] GC(1411) Pause Young (Allocation Failure) 7902M->5606M(8002M) 102.038ms
[5026.470s][info][gc,cpu         ] GC(1411) User=0.58s Sys=0.02s Real=0.10s
..[5028.436s][info][gc,start       ] GC(1412) Pause Full (Allocation Failure)
[5028.436s][info][gc,phases,start] GC(1412) Marking Phase
[5028.751s][info][gc,phases      ] GC(1412) Marking Phase 315.536ms
[5028.751s][info][gc,phases,start] GC(1412) Summary Phase
[5028.751s][info][gc,phases      ] GC(1412) Summary Phase 0.110ms
[5028.751s][info][gc,phases,start] GC(1412) Forward
[5028.887s][info][gc,phases      ] GC(1412) Forward 135.255ms
[5028.887s][info][gc,phases,start] GC(1412) Adjust Pointers
[5029.099s][info][gc,phases      ] GC(1412) Adjust Pointers 212.366ms
[5029.099s][info][gc,phases,start] GC(1412) Compaction Phase
[5029.249s][info][gc,phases      ] GC(1412) Compaction Phase 149.737ms
[5029.250s][info][gc,phases,start] GC(1412) Post Compact
[5029.257s][info][gc,phases      ] GC(1412) Post Compact 7.065ms
[5029.381s][info][gc,heap        ] GC(1412) PSYoungGen: 2606848K(2607104K)->0K(2622976K) Eden: 2452992K(2452992K)->0K(2452992K) From: 153856K(154112K)->0K(169984K)
[5029.381s][info][gc,heap        ] GC(1412) ParOldGen: 5586815K(5586944K)->1621861K(1943552K)
[5029.381s][info][gc,metaspace   ] GC(1412) Metaspace: 29095K(29376K)->29095K(29376K) NonClass: 25992K(26112K)->25992K(26112K) Class: 3102K(3264K)->3102K(3264K)
[5029.381s][info][gc             ] GC(1412) Pause Full (Allocation Failure) 8001M->1583M(4459M) 945.530ms
[5029.381s][info][gc,cpu         ] GC(1412) User=4.41s Sys=0.12s Real=0.94s
..[5030.672s][info][gc,start       ] GC(1413) Pause Young (Allocation Failure)
[5030.735s][info][gc,heap        ] GC(1413) PSYoungGen: 2452992K(2622976K)->156000K(2622976K) Eden: 2452992K(2452992K)->0K(2452992K) From: 0K(169984K)->156000K(169984K)
[5030.735s][info][gc,heap        ] GC(1413) ParOldGen: 1621861K(1943552K)->1621861K(1943552K)
[5030.735s][info][gc,metaspace   ] GC(1413) Metaspace: 29095K(29376K)->29095K(29376K) NonClass: 25992K(26112K)->25992K(26112K) Class: 3102K(3264K)->3102K(3264K)
[5030.735s][info][gc             ] GC(1413) Pause Young (Allocation Failure) 3979M->1736M(4459M) 63.254ms
[5030.735s][info][gc,cpu         ] GC(1413) User=0.38s Sys=0.00s Real=0.07s
.[5032.396s][info][gc,start       ] GC(1414) Pause Young (Allocation Failure)
[5032.488s][info][gc,heap        ] GC(1414) PSYoungGen: 2608992K(2622976K)->153376K(2625536K) Eden: 2452992K(2452992K)->0K(2456576K) From: 156000K(169984K)->153376K(168960K)
[5032.488s][info][gc,heap        ] GC(1414) ParOldGen: 1621861K(1943552K)->1725101K(1943552K)
[5032.488s][info][gc,metaspace   ] GC(1414) Metaspace: 29095K(29376K)->29095K(29376K) NonClass: 25992K(26112K)->25992K(26112K) Class: 3102K(3264K)->3102K(3264K)
[5032.488s][info][gc             ] GC(1414) Pause Young (Allocation Failure) 4131M->1834M(4462M) 92.173ms
[5032.488s][info][gc,cpu         ] GC(1414) User=0.55s Sys=0.00s Real=0.09s
..[5034.320s][info][gc,start       ] GC(1415) Pause Young (Allocation Failure)
[5034.413s][info][gc,heap        ] GC(1415) PSYoungGen: 2609952K(2625536K)->153856K(2625024K) Eden: 2456576K(2456576K)->0K(2456576K) From: 153376K(168960K)->153856K(168448K)
[5034.413s][info][gc,heap        ] GC(1415) ParOldGen: 1725101K(1943552K)->1829629K(1943552K)
[5034.413s][info][gc,metaspace   ] GC(1415) Metaspace: 29095K(29376K)->29095K(29376K) NonClass: 25992K(26112K)->25992K(26112K) Class: 3102K(3264K)->3102K(3264K)
[5034.413s][info][gc             ] GC(1415) Pause Young (Allocation Failure) 4233M->1936M(4461M) 93.309ms
[5034.413s][info][gc,cpu         ] GC(1415) User=0.56s Sys=0.00s Real=0.09s
..[5036.340s][info][gc,start       ] GC(1416) Pause Young (Allocation Failure)
[5036.433s][info][gc,heap        ] GC(1416) PSYoungGen: 2610432K(2625024K)->150720K(2627072K) Eden: 2456576K(2456576K)->0K(2459136K) From: 153856K(168448K)->150720K(167936K)
[5036.433s][info][gc,heap        ] GC(1416) ParOldGen: 1829629K(1943552K)->1935925K(1943552K)
[5036.433s][info][gc,metaspace   ] GC(1416) Metaspace: 29095K(29376K)->29095K(29376K) NonClass: 25992K(26112K)->25992K(26112K) Class: 3102K(3264K)->3102K(3264K)
[5036.433s][info][gc             ] GC(1416) Pause Young (Allocation Failure) 4335M->2037M(4463M) 93.173ms
[5036.433s][info][gc,cpu         ] GC(1416) User=0.55s Sys=0.00s Real=0.09s
..[5038.300s][info][gc,start       ] GC(1417) Pause Young (Allocation Failure)
[5038.398s][info][gc,heap        ] GC(1417) PSYoungGen: 2609856K(2627072K)->154560K(2626560K) Eden: 2459136K(2459136K)->0K(2459136K) From: 150720K(167936K)->154560K(167424K)
[5038.398s][info][gc,heap        ] GC(1417) ParOldGen: 1935925K(1943552K)->2041205K(2041344K)
[5038.398s][info][gc,metaspace   ] GC(1417) Metaspace: 29095K(29376K)->29095K(29376K) NonClass: 25992K(26112K)->25992K(26112K) Class: 3102K(3264K)->3102K(3264K)
[5038.398s][info][gc             ] GC(1417) Pause Young (Allocation Failure) 4439M->2144M(4558M) 98.767ms
[5038.398s][info][gc,cpu         ] GC(1417) User=0.54s Sys=0.05s Real=0.10s
..[5040.256s][info][gc,start       ] GC(1418) Pause Young (Allocation Failure)
[5040.356s][info][gc,heap        ] GC(1418) PSYoungGen: 2613696K(2626560K)->155547K(2627584K) Eden: 2459136K(2459136K)->0K(2461696K) From: 154560K(167424K)->155547K(165888K)
[5040.356s][info][gc,heap        ] GC(1418) ParOldGen: 2041205K(2041344K)->2146357K(2146816K)
[5040.356s][info][gc,metaspace   ] GC(1418) Metaspace: 29095K(29376K)->29095K(29376K) NonClass: 25992K(26112K)->25992K(26112K) Class: 3102K(3264K)->3102K(3264K)
[5040.356s][info][gc             ] GC(1418) Pause Young (Allocation Failure) 4545M->2247M(4662M) 99.993ms
[5040.356s][info][gc,cpu         ] GC(1418) User=0.56s Sys=0.03s Real=0.10s
..[5042.207s][info][gc,start       ] GC(1419) Pause Young (Allocation Failure)
[5042.305s][info][gc,heap        ] GC(1419) PSYoungGen: 2617243K(2627584K)->151764K(2627072K) Eden: 2461696K(2461696K)->0K(2461696K) From: 155547K(165888K)->151764K(165376K)
[5042.305s][info][gc,heap        ] GC(1419) ParOldGen: 2146357K(2146816K)->2251813K(2252288K)
[5042.305s][info][gc,metaspace   ] GC(1419) Metaspace: 29095K(29376K)->29095K(29376K) NonClass: 25992K(26112K)->25992K(26112K) Class: 3102K(3264K)->3102K(3264K)
[5042.305s][info][gc             ] GC(1419) Pause Young (Allocation Failure) 4651M->2347M(4765M) 97.705ms
[5042.305s][info][gc,cpu         ] GC(1419) User=0.54s Sys=0.04s Real=0.10s
..[5044.258s][info][gc,start       ] GC(1420) Pause Young (Allocation Failure)
[5044.353s][info][gc,heap        ] GC(1420) PSYoungGen: 2613460K(2627072K)->148032K(2629120K) Eden: 2461696K(2461696K)->0K(2464256K) From: 151764K(165376K)->148032K(164864K)
[5044.353s][info][gc,heap        ] GC(1420) ParOldGen: 2251813K(2252288K)->2355333K(2355712K)
[5044.353s][info][gc,metaspace   ] GC(1420) Metaspace: 29095K(29376K)->29095K(29376K) NonClass: 25992K(26112K)->25992K(26112K) Class: 3102K(3264K)->3102K(3264K)
[5044.353s][info][gc             ] GC(1420) Pause Young (Allocation Failure) 4751M->2444M(4868M) 94.706ms
[5044.353s][info][gc,cpu         ] GC(1420) User=0.52s Sys=0.05s Real=0.09s
..[5046.251s][info][gc,start       ] GC(1421) Pause Young (Allocation Failure)
[5046.352s][info][gc,heap        ] GC(1421) PSYoungGen: 2612288K(2629120K)->159140K(2629632K) Eden: 2464256K(2464256K)->0K(2464256K) From: 148032K(164864K)->159140K(165376K)
[5046.352s][info][gc,heap        ] GC(1421) ParOldGen: 2355333K(2355712K)->2460693K(2461184K)
[5046.352s][info][gc,metaspace   ] GC(1421) Metaspace: 29095K(29376K)->29095K(29376K) NonClass: 25992K(26112K)->25992K(26112K) Class: 3102K(3264K)->3102K(3264K)
[5046.352s][info][gc             ] GC(1421) Pause Young (Allocation Failure) 4851M->2558M(4971M) 101.419ms
[5046.352s][info][gc,cpu         ] GC(1421) User=0.57s Sys=0.02s Real=0.10s
..[5048.298s][info][gc,start       ] GC(1422) Pause Young (Allocation Failure)
[5048.399s][info][gc,heap        ] GC(1422) PSYoungGen: 2623396K(2629632K)->162704K(2626048K) Eden: 2464256K(2464256K)->0K(2460160K) From: 159140K(165376K)->162704K(165888K)
[5048.399s][info][gc,heap        ] GC(1422) ParOldGen: 2460693K(2461184K)->2563461K(2563584K)
[5048.399s][info][gc,metaspace   ] GC(1422) Metaspace: 29095K(29376K)->29095K(29376K) NonClass: 25992K(26112K)->25992K(26112K) Class: 3102K(3264K)->3102K(3264K)
[5048.399s][info][gc             ] GC(1422) Pause Young (Allocation Failure) 4964M->2662M(5068M) 101.101ms
[5048.399s][info][gc,cpu         ] GC(1422) User=0.56s Sys=0.03s Real=0.10s
..[5050.282s][info][gc,start       ] GC(1423) Pause Young (Allocation Failure)
[5050.380s][info][gc,heap        ] GC(1423) PSYoungGen: 2622864K(2626048K)->152960K(2628096K) Eden: 2460160K(2460160K)->0K(2460160K) From: 162704K(165888K)->152960K(167936K)
[5050.380s][info][gc,heap        ] GC(1423) ParOldGen: 2563461K(2563584K)->2670253K(2670592K)
[5050.380s][info][gc,metaspace   ] GC(1423) Metaspace: 29095K(29376K)->29095K(29376K) NonClass: 25992K(26112K)->25992K(26112K) Class: 3102K(3264K)->3102K(3264K)
[5050.380s][info][gc             ] GC(1423) Pause Young (Allocation Failure) 5064M->2757M(5174M) 97.617ms
[5050.380s][info][gc,cpu         ] GC(1423) User=0.54s Sys=0.03s Real=0.10s
..[5052.192s][info][gc,start       ] GC(1424) Pause Young (Allocation Failure)
[5052.288s][info][gc,heap        ] GC(1424) PSYoungGen: 2613120K(2628096K)->147278K(2628096K) Eden: 2460160K(2460160K)->0K(2461184K) From: 152960K(167936K)->147278K(166912K)
[5052.288s][info][gc,heap        ] GC(1424) ParOldGen: 2670253K(2670592K)->2774789K(2775040K)
[5052.288s][info][gc,metaspace   ] GC(1424) Metaspace: 29095K(29376K)->29095K(29376K) NonClass: 25992K(26112K)->25992K(26112K) Class: 3102K(3264K)->3102K(3264K)
[5052.288s][info][gc             ] GC(1424) Pause Young (Allocation Failure) 5159M->2853M(5276M) 96.030ms
[5052.288s][info][gc,cpu         ] GC(1424) User=0.54s Sys=0.03s Real=0.10s
..[5054.271s][info][gc,start       ] GC(1425) Pause Young (Allocation Failure)
[5054.367s][info][gc,heap        ] GC(1425) PSYoungGen: 2608462K(2628096K)->151264K(2628608K) Eden: 2461184K(2461184K)->0K(2461184K) From: 147278K(166912K)->151264K(167424K)
[5054.367s][info][gc,heap        ] GC(1425) ParOldGen: 2774789K(2775040K)->2878493K(2878976K)
[5054.367s][info][gc,metaspace   ] GC(1425) Metaspace: 29095K(29376K)->29095K(29376K) NonClass: 25992K(26112K)->25992K(26112K) Class: 3102K(3264K)->3102K(3264K)
[5054.367s][info][gc             ] GC(1425) Pause Young (Allocation Failure) 5257M->2958M(5378M) 96.432ms
[5054.367s][info][gc,cpu         ] GC(1425) User=0.54s Sys=0.03s Real=0.10s
..[5056.336s][info][gc,start       ] GC(1426) Pause Young (Allocation Failure)
[5056.436s][info][gc,heap        ] GC(1426) PSYoungGen: 2612448K(2628608K)->156848K(2627584K) Eden: 2461184K(2461184K)->0K(2461696K) From: 151264K(167424K)->156848K(165888K)
[5056.436s][info][gc,heap        ] GC(1426) ParOldGen: 2878493K(2878976K)->2983029K(2983424K)
[5056.436s][info][gc,metaspace   ] GC(1426) Metaspace: 29095K(29376K)->29095K(29376K) NonClass: 25992K(26112K)->25992K(26112K) Class: 3102K(3264K)->3102K(3264K)
[5056.436s][info][gc             ] GC(1426) Pause Young (Allocation Failure) 5362M->3066M(5479M) 99.463ms
[5056.436s][info][gc,cpu         ] GC(1426) User=0.56s Sys=0.03s Real=0.10s
..[5058.352s][info][gc,start       ] GC(1427) Pause Young (Allocation Failure)
[5058.449s][info][gc,heap        ] GC(1427) PSYoungGen: 2618544K(2627584K)->149920K(2628096K) Eden: 2461696K(2461696K)->0K(2461696K) From: 156848K(165888K)->149920K(166400K)
[5058.449s][info][gc,heap        ] GC(1427) ParOldGen: 2983029K(2983424K)->3087589K(3087872K)
[5058.449s][info][gc,metaspace   ] GC(1427) Metaspace: 29095K(29376K)->29095K(29376K) NonClass: 25992K(26112K)->25992K(26112K) Class: 3102K(3264K)->3102K(3264K)
[5058.449s][info][gc             ] GC(1427) Pause Young (Allocation Failure) 5470M->3161M(5582M) 96.705ms
[5058.449s][info][gc,cpu         ] GC(1427) User=0.54s Sys=0.04s Real=0.10s
..[5060.426s][info][gc,start       ] GC(1428) Pause Young (Allocation Failure)
[5060.527s][info][gc,heap        ] GC(1428) PSYoungGen: 2611616K(2628096K)->157492K(2629632K) Eden: 2461696K(2461696K)->0K(2463744K) From: 149920K(166400K)->157492K(165888K)
[5060.527s][info][gc,heap        ] GC(1428) ParOldGen: 3087589K(3087872K)->3193805K(3193856K)
[5060.527s][info][gc,metaspace   ] GC(1428) Metaspace: 29095K(29376K)->29095K(29376K) NonClass: 25992K(26112K)->25992K(26112K) Class: 3102K(3264K)->3102K(3264K)
[5060.527s][info][gc             ] GC(1428) Pause Young (Allocation Failure) 5565M->3272M(5687M) 101.188ms
[5060.527s][info][gc,cpu         ] GC(1428) User=0.57s Sys=0.03s Real=0.10s
..[5062.476s][info][gc,start       ] GC(1429) Pause Young (Allocation Failure)
[5062.571s][info][gc,heap        ] GC(1429) PSYoungGen: 2621236K(2629632K)->151104K(2629632K) Eden: 2463744K(2463744K)->0K(2463744K) From: 157492K(165888K)->151104K(165888K)
[5062.571s][info][gc,heap        ] GC(1429) ParOldGen: 3193805K(3193856K)->3295181K(3295232K)
[5062.571s][info][gc,metaspace   ] GC(1429) Metaspace: 29095K(29376K)->29095K(29376K) NonClass: 25992K(26112K)->25992K(26112K) Class: 3102K(3264K)->3102K(3264K)
[5062.571s][info][gc             ] GC(1429) Pause Young (Allocation Failure) 5678M->3365M(5786M) 95.889ms
[5062.571s][info][gc,cpu         ] GC(1429) User=0.54s Sys=0.03s Real=0.09s
..[5064.504s][info][gc,start       ] GC(1430) Pause Young (Allocation Failure)
[5064.608s][info][gc,heap        ] GC(1430) PSYoungGen: 2614848K(2629632K)->163188K(2625536K) Eden: 2463744K(2463744K)->0K(2460160K) From: 151104K(165888K)->163188K(165376K)
[5064.608s][info][gc,heap        ] GC(1430) ParOldGen: 3295181K(3295232K)->3399845K(3400192K)
[5064.608s][info][gc,metaspace   ] GC(1430) Metaspace: 29095K(29376K)->29095K(29376K) NonClass: 25992K(26112K)->25992K(26112K) Class: 3102K(3264K)->3102K(3264K)
[5064.608s][info][gc             ] GC(1430) Pause Young (Allocation Failure) 5771M->3479M(5884M) 103.703ms
[5064.608s][info][gc,cpu         ] GC(1430) User=0.58s Sys=0.03s Real=0.11s
..[5066.509s][info][gc,start       ] GC(1431) Pause Young (Allocation Failure)
[5066.609s][info][gc,heap        ] GC(1431) PSYoungGen: 2623348K(2625536K)->154352K(2628096K) Eden: 2460160K(2460160K)->0K(2460160K) From: 163188K(165376K)->154352K(167936K)
[5066.609s][info][gc,heap        ] GC(1431) ParOldGen: 3399845K(3400192K)->3504517K(3504640K)
[5066.609s][info][gc,metaspace   ] GC(1431) Metaspace: 29095K(29376K)->29095K(29376K) NonClass: 25992K(26112K)->25992K(26112K) Class: 3102K(3264K)->3102K(3264K)
[5066.609s][info][gc             ] GC(1431) Pause Young (Allocation Failure) 5882M->3573M(5989M) 99.498ms
[5066.609s][info][gc,cpu         ] GC(1431) User=0.56s Sys=0.03s Real=0.10s
..[5068.421s][info][gc,start       ] GC(1432) Pause Young (Allocation Failure)
[5068.523s][info][gc,heap        ] GC(1432) PSYoungGen: 2614512K(2628096K)->163904K(2624512K) Eden: 2460160K(2460160K)->0K(2458112K) From: 154352K(167936K)->163904K(166400K)
[5068.523s][info][gc,heap        ] GC(1432) ParOldGen: 3504517K(3504640K)->3607933K(3608064K)
[5068.523s][info][gc,metaspace   ] GC(1432) Metaspace: 29095K(29376K)->29095K(29376K) NonClass: 25992K(26112K)->25992K(26112K) Class: 3102K(3264K)->3102K(3264K)
[5068.523s][info][gc             ] GC(1432) Pause Young (Allocation Failure) 5975M->3683M(6086M) 102.770ms
[5068.523s][info][gc,cpu         ] GC(1432) User=0.57s Sys=0.04s Real=0.10s
. (rIR:aIR:PR = 8579:8576:8576) (tPR = 126543) [OK] 
  5068s: Performance info:
         Transaction,    Success,    Partial,     Failed,   Receipts, AvgBarcode, 
             Overall,     517276,          0,          0,     491394,      59.47, 
         Response times:
             Request,    Success,    Partial,     Failed,   SkipFail,     Probes,    Samples,      min,      p50,      p90,      p95,      p99,      max, 
       TotalPurchase,     491384,          0,          0,          0,     348819,     448262,      300,     5800,    31000,    63000,   281850,  1200000,
     InStorePurchase,     258753,          0,          0,          0,     183392,     235712,      300,     5900,    32000,    64000,   322000,  1100000,
      OnlinePurchase,     180103,          0,          0,          0,     127998,     164240,      300,     5600,    29000,    61000,   230000,  1200000,
        InstPurchase,      52528,          0,          0,          0,      37429,      48310,      300,     5500,    31000,    60000,   261000,  1100000,
          AssocOfCat,        520,          0,          0,          0,        431,        616,    26000,    42000,    97900,   147900,   431700,   512000,
      AssocOfProduct,       5215,          0,          0,          0,       3684,       4894,      400,     6900,    36000,    53000,   297350,   458000,
      BusinessReport,       1293,          0,          0,          0,       1111,       1529,    29000,    49000,    92000,   149000,   340800,  1100000,
          CustBuyBeh,       5122,          0,          0,          0,       3592,       4766,      200,     6000,    32000,    66000,   194980,   960000,
       ProductReturn,      13735,          0,          0,          0,       9446,      12353,      200,     4700,    28000,    47000,   235420,   481000,

  5068s: (63%)   IR =   8717 .[5070.417s][info][gc,start       ] GC(1433) Pause Young (Allocation Failure)
[5070.515s][info][gc,heap        ] GC(1433) PSYoungGen: 2622016K(2624512K)->153184K(2627072K) Eden: 2458112K(2458112K)->0K(2458112K) From: 163904K(166400K)->153184K(168960K)
[5070.515s][info][gc,heap        ] GC(1433) ParOldGen: 3607933K(3608064K)->3711637K(3712000K)
[5070.515s][info][gc,metaspace   ] GC(1433) Metaspace: 29095K(29376K)->29095K(29376K) NonClass: 25992K(26112K)->25992K(26112K) Class: 3102K(3264K)->3102K(3264K)
[5070.515s][info][gc             ] GC(1433) Pause Young (Allocation Failure) 6083M->3774M(6190M) 97.692ms
[5070.515s][info][gc,cpu         ] GC(1433) User=0.55s Sys=0.04s Real=0.10s
..[5072.348s][info][gc,start       ] GC(1434) Pause Young (Allocation Failure)
[5072.448s][info][gc,heap        ] GC(1434) PSYoungGen: 2611296K(2627072K)->154617K(2624000K) Eden: 2458112K(2458112K)->0K(2459136K) From: 153184K(168960K)->154617K(164864K)
[5072.448s][info][gc,heap        ] GC(1434) ParOldGen: 3711637K(3712000K)->3818637K(3819008K)
[5072.448s][info][gc,metaspace   ] GC(1434) Metaspace: 29095K(29376K)->29095K(29376K) NonClass: 25992K(26112K)->25992K(26112K) Class: 3102K(3264K)->3102K(3264K)
[5072.448s][info][gc             ] GC(1434) Pause Young (Allocation Failure) 6174M->3880M(6292M) 100.774ms
[5072.448s][info][gc,cpu         ] GC(1434) User=0.57s Sys=0.03s Real=0.10s
..[5074.361s][info][gc,start       ] GC(1435) Pause Young (Allocation Failure)
[5074.465s][info][gc,heap        ] GC(1435) PSYoungGen: 2613753K(2624000K)->160248K(2626048K) Eden: 2459136K(2459136K)->0K(2459136K) From: 154617K(164864K)->160248K(166912K)
[5074.465s][info][gc,heap        ] GC(1435) ParOldGen: 3818637K(3819008K)->3923157K(3923456K)
[5074.465s][info][gc,metaspace   ] GC(1435) Metaspace: 29095K(29376K)->29095K(29376K) NonClass: 25992K(26112K)->25992K(26112K) Class: 3102K(3264K)->3102K(3264K)
[5074.465s][info][gc             ] GC(1435) Pause Young (Allocation Failure) 6281M->3987M(6396M) 104.513ms
[5074.465s][info][gc,cpu         ] GC(1435) User=0.59s Sys=0.03s Real=0.11s
..|[5076.331s][info][gc,start       ] GC(1436) Pause Young (Allocation Failure)
[5076.428s][info][gc,heap        ] GC(1436) PSYoungGen: 2619384K(2626048K)->150464K(2628608K) Eden: 2459136K(2459136K)->0K(2461184K) From: 160248K(166912K)->150464K(167424K)
[5076.428s][info][gc,heap        ] GC(1436) ParOldGen: 3923157K(3923456K)->4026005K(4026368K)
[5076.428s][info][gc,metaspace   ] GC(1436) Metaspace: 29095K(29376K)->29095K(29376K) NonClass: 25992K(26112K)->25992K(26112K) Class: 3102K(3264K)->3102K(3264K)
[5076.428s][info][gc             ] GC(1436) Pause Young (Allocation Failure) 6389M->4078M(6499M) 96.949ms
[5076.428s][info][gc,cpu         ] GC(1436) User=0.54s Sys=0.04s Real=0.10s
..[5078.375s][info][gc,start       ] GC(1437) Pause Young (Allocation Failure)
[5078.474s][info][gc,heap        ] GC(1437) PSYoungGen: 2611648K(2628608K)->150592K(2612224K) Eden: 2461184K(2461184K)->0K(2461184K) From: 150464K(167424K)->150592K(151040K)
[5078.474s][info][gc,heap        ] GC(1437) ParOldGen: 4026005K(4026368K)->4132733K(4132864K)
[5078.474s][info][gc,metaspace   ] GC(1437) Metaspace: 29095K(29376K)->29095K(29376K) NonClass: 25992K(26112K)->25992K(26112K) Class: 3102K(3264K)->3102K(3264K)
[5078.474s][info][gc             ] GC(1437) Pause Young (Allocation Failure) 6482M->4182M(6587M) 98.864ms
[5078.474s][info][gc,cpu         ] GC(1437) User=0.55s Sys=0.03s Real=0.09s
..[5080.374s][info][gc,start       ] GC(1438) Pause Young (Allocation Failure)
[5080.475s][info][gc,heap        ] GC(1438) PSYoungGen: 2611776K(2612224K)->157221K(2628096K) Eden: 2461184K(2461184K)->0K(2461184K) From: 150592K(151040K)->157221K(166912K)
[5080.475s][info][gc,heap        ] GC(1438) ParOldGen: 4132733K(4132864K)->4236357K(4236800K)
[5080.475s][info][gc,metaspace   ] GC(1438) Metaspace: 29095K(29376K)->29095K(29376K) NonClass: 25992K(26112K)->25992K(26112K) Class: 3102K(3264K)->3102K(3264K)
[5080.475s][info][gc             ] GC(1438) Pause Young (Allocation Failure) 6586M->4290M(6704M) 100.266ms
[5080.475s][info][gc,cpu         ] GC(1438) User=0.57s Sys=0.02s Real=0.11s
..[5082.413s][info][gc,start       ] GC(1439) Pause Young (Allocation Failure)
[5082.510s][info][gc,heap        ] GC(1439) PSYoungGen: 2618405K(2628096K)->148384K(2628096K) Eden: 2461184K(2461184K)->0K(2461184K) From: 157221K(166912K)->148384K(166912K)
[5082.510s][info][gc,heap        ] GC(1439) ParOldGen: 4236357K(4236800K)->4342941K(4343296K)
[5082.510s][info][gc,metaspace   ] GC(1439) Metaspace: 29095K(29376K)->29095K(29376K) NonClass: 25992K(26112K)->25992K(26112K) Class: 3102K(3264K)->3102K(3264K)
[5082.510s][info][gc             ] GC(1439) Pause Young (Allocation Failure) 6694M->4386M(6808M) 96.912ms
[5082.510s][info][gc,cpu         ] GC(1439) User=0.53s Sys=0.05s Real=0.10s
..[5084.312s][info][gc,start       ] GC(1440) Pause Young (Allocation Failure)
[5084.409s][info][gc,heap        ] GC(1440) PSYoungGen: 2609568K(2628096K)->148800K(2628096K) Eden: 2461184K(2461184K)->0K(2462208K) From: 148384K(166912K)->148800K(165888K)
[5084.409s][info][gc,heap        ] GC(1440) ParOldGen: 4342941K(4343296K)->4446917K(4447232K)
[5084.409s][info][gc,metaspace   ] GC(1440) Metaspace: 29095K(29376K)->29095K(29376K) NonClass: 25992K(26112K)->25992K(26112K) Class: 3102K(3264K)->3102K(3264K)
[5084.409s][info][gc             ] GC(1440) Pause Young (Allocation Failure) 6789M->4488M(6909M) 97.295ms
[5084.410s][info][gc,cpu         ] GC(1440) User=0.54s Sys=0.03s Real=0.10s
..[5086.304s][info][gc,start       ] GC(1441) Pause Young (Allocation Failure)
[5086.404s][info][gc,heap        ] GC(1441) PSYoungGen: 2611008K(2628096K)->155780K(2628608K) Eden: 2462208K(2462208K)->0K(2462208K) From: 148800K(165888K)->155780K(166400K)
[5086.404s][info][gc,heap        ] GC(1441) ParOldGen: 4446917K(4447232K)->4549461K(4549632K)
[5086.404s][info][gc,metaspace   ] GC(1441) Metaspace: 29095K(29376K)->29095K(29376K) NonClass: 25992K(26112K)->25992K(26112K) Class: 3102K(3264K)->3102K(3264K)
[5086.404s][info][gc             ] GC(1441) Pause Young (Allocation Failure) 6892M->4594M(7010M) 99.579ms
[5086.404s][info][gc,cpu         ] GC(1441) User=0.55s Sys=0.03s Real=0.10s
..[5088.245s][info][gc,start       ] GC(1442) Pause Young (Allocation Failure)
[5088.348s][info][gc,heap        ] GC(1442) PSYoungGen: 2617988K(2628608K)->162197K(2626048K) Eden: 2462208K(2462208K)->0K(2460160K) From: 155780K(166400K)->162197K(165888K)
[5088.348s][info][gc,heap        ] GC(1442) ParOldGen: 4549461K(4549632K)->4653277K(4653568K)
[5088.348s][info][gc,metaspace   ] GC(1442) Metaspace: 29095K(29376K)->29095K(29376K) NonClass: 25992K(26112K)->25992K(26112K) Class: 3102K(3264K)->3102K(3264K)
[5088.348s][info][gc             ] GC(1442) Pause Young (Allocation Failure) 6999M->4702M(7109M) 103.192ms
[5088.348s][info][gc,cpu         ] GC(1442) User=0.57s Sys=0.03s Real=0.10s
..[5090.189s][info][gc,start       ] GC(1443) Pause Young (Allocation Failure)
[5090.289s][info][gc,heap        ] GC(1443) PSYoungGen: 2622357K(2626048K)->151216K(2628096K) Eden: 2460160K(2460160K)->0K(2460160K) From: 162197K(165888K)->151216K(167936K)
[5090.289s][info][gc,heap        ] GC(1443) ParOldGen: 4653277K(4653568K)->4759813K(4760064K)
[5090.289s][info][gc,metaspace   ] GC(1443) Metaspace: 29095K(29376K)->29095K(29376K) NonClass: 25992K(26112K)->25992K(26112K) Class: 3102K(3264K)->3102K(3264K)
[5090.290s][info][gc             ] GC(1443) Pause Young (Allocation Failure) 7105M->4795M(7215M) 100.166ms
[5090.290s][info][gc,cpu         ] GC(1443) User=0.55s Sys=0.04s Real=0.10s
..[5092.158s][info][gc,start       ] GC(1444) Pause Young (Allocation Failure)
[5092.265s][info][gc,heap        ] GC(1444) PSYoungGen: 2611376K(2628096K)->166884K(2544128K) Eden: 2460160K(2460160K)->0K(2377216K) From: 151216K(167936K)->166884K(166912K)
[5092.265s][info][gc,heap        ] GC(1444) ParOldGen: 4759813K(4760064K)->4864853K(4865024K)
[5092.265s][info][gc,metaspace   ] GC(1444) Metaspace: 29095K(29376K)->29095K(29376K) NonClass: 25992K(26112K)->25992K(26112K) Class: 3102K(3264K)->3102K(3264K)
[5092.265s][info][gc             ] GC(1444) Pause Young (Allocation Failure) 7198M->4913M(7235M) 106.831ms
[5092.265s][info][gc,cpu         ] GC(1444) User=0.60s Sys=0.03s Real=0.11s
..[5094.093s][info][gc,start       ] GC(1445) Pause Young (Allocation Failure)
[5094.195s][info][gc,heap        ] GC(1445) PSYoungGen: 2544100K(2544128K)->159254K(2586624K) Eden: 2377216K(2377216K)->0K(2377216K) From: 166884K(166912K)->159254K(209408K)
[5094.195s][info][gc,heap        ] GC(1445) ParOldGen: 4864853K(4865024K)->4968789K(4968960K)
[5094.195s][info][gc,metaspace   ] GC(1445) Metaspace: 29095K(29376K)->29095K(29376K) NonClass: 25992K(26112K)->25992K(26112K) Class: 3102K(3264K)->3102K(3264K)
[5094.195s][info][gc             ] GC(1445) Pause Young (Allocation Failure) 7235M->5007M(7378M) 101.636ms
[5094.195s][info][gc,cpu         ] GC(1445) User=0.58s Sys=0.03s Real=0.11s
..[5095.953s][info][gc,start       ] GC(1446) Pause Young (Allocation Failure)
[5096.051s][info][gc,heap        ] GC(1446) PSYoungGen: 2536470K(2586624K)->151520K(2580480K) Eden: 2377216K(2377216K)->0K(2380288K) From: 159254K(209408K)->151520K(200192K)
[5096.051s][info][gc,heap        ] GC(1446) ParOldGen: 4968789K(4968960K)->5074517K(5074944K)
[5096.051s][info][gc,metaspace   ] GC(1446) Metaspace: 29095K(29376K)->29095K(29376K) NonClass: 25992K(26112K)->25992K(26112K) Class: 3102K(3264K)->3102K(3264K)
[5096.051s][info][gc             ] GC(1446) Pause Young (Allocation Failure) 7329M->5103M(7476M) 97.709ms
[5096.051s][info][gc,cpu         ] GC(1446) User=0.54s Sys=0.04s Real=0.10s
..[5097.814s][info][gc,start       ] GC(1447) Pause Young (Allocation Failure)
[5097.917s][info][gc,heap        ] GC(1447) PSYoungGen: 2531808K(2580480K)->160121K(2585088K) Eden: 2380288K(2380288K)->0K(2380288K) From: 151520K(200192K)->160121K(204800K)
[5097.917s][info][gc,heap        ] GC(1447) ParOldGen: 5074517K(5074944K)->5176005K(5176320K)
[5097.917s][info][gc,metaspace   ] GC(1447) Metaspace: 29095K(29376K)->29095K(29376K) NonClass: 25992K(26112K)->25992K(26112K) Class: 3102K(3264K)->3102K(3264K)
[5097.917s][info][gc             ] GC(1447) Pause Young (Allocation Failure) 7428M->5211M(7579M) 102.726ms
[5097.917s][info][gc,cpu         ] GC(1447) User=0.57s Sys=0.03s Real=0.11s
.[5099.758s][info][gc,start       ] GC(1448) Pause Young (Allocation Failure)
[5099.857s][info][gc,heap        ] GC(1448) PSYoungGen: 2540409K(2585088K)->156064K(2585088K) Eden: 2380288K(2380288K)->0K(2390016K) From: 160121K(204800K)->156064K(195072K)
[5099.857s][info][gc,heap        ] GC(1448) ParOldGen: 5176005K(5176320K)->5275581K(5275648K)
[5099.857s][info][gc,metaspace   ] GC(1448) Metaspace: 29095K(29376K)->29095K(29376K) NonClass: 25992K(26112K)->25992K(26112K) Class: 3102K(3264K)->3102K(3264K)
[5099.857s][info][gc             ] GC(1448) Pause Young (Allocation Failure) 7535M->5304M(7676M) 98.991ms
[5099.857s][info][gc,cpu         ] GC(1448) User=0.56s Sys=0.03s Real=0.10s
..[5101.660s][info][gc,start       ] GC(1449) Pause Young (Allocation Failure)
[5101.761s][info][gc,heap        ] GC(1449) PSYoungGen: 2546080K(2585088K)->150112K(2588672K) Eden: 2390016K(2390016K)->0K(2390016K) From: 156064K(195072K)->150112K(198656K)
[5101.761s][info][gc,heap        ] GC(1449) ParOldGen: 5275581K(5275648K)->5383117K(5383168K)
[5101.761s][info][gc,metaspace   ] GC(1449) Metaspace: 29095K(29376K)->29095K(29376K) NonClass: 25992K(26112K)->25992K(26112K) Class: 3102K(3264K)->3102K(3264K)
[5101.761s][info][gc             ] GC(1449) Pause Young (Allocation Failure) 7638M->5403M(7785M) 100.927ms
[5101.761s][info][gc,cpu         ] GC(1449) User=0.57s Sys=0.03s Real=0.10s
..[5103.552s][info][gc,start       ] GC(1450) Pause Young (Allocation Failure)
[5103.653s][info][gc,heap        ] GC(1450) PSYoungGen: 2540128K(2588672K)->155392K(2591232K) Eden: 2390016K(2390016K)->0K(2399744K) From: 150112K(198656K)->155392K(191488K)
[5103.653s][info][gc,heap        ] GC(1450) ParOldGen: 5383117K(5383168K)->5486317K(5486592K)
[5103.653s][info][gc,metaspace   ] GC(1450) Metaspace: 29095K(29376K)->29095K(29376K) NonClass: 25992K(26112K)->25992K(26112K) Class: 3102K(3264K)->3102K(3264K)
[5103.653s][info][gc             ] GC(1450) Pause Young (Allocation Failure) 7737M->5509M(7888M) 101.370ms
[5103.653s][info][gc,cpu         ] GC(1450) User=0.57s Sys=0.03s Real=0.10s
..[5105.410s][info][gc,start       ] GC(1451) Pause Full (Allocation Failure)
[5105.410s][info][gc,phases,start] GC(1451) Marking Phase
[5105.726s][info][gc,phases      ] GC(1451) Marking Phase 316.626ms
[5105.726s][info][gc,phases,start] GC(1451) Summary Phase
[5105.726s][info][gc,phases      ] GC(1451) Summary Phase 0.096ms
[5105.726s][info][gc,phases,start] GC(1451) Forward
[5105.858s][info][gc,phases      ] GC(1451) Forward 132.084ms
[5105.859s][info][gc,phases,start] GC(1451) Adjust Pointers
[5106.073s][info][gc,phases      ] GC(1451) Adjust Pointers 214.362ms
[5106.073s][info][gc,phases,start] GC(1451) Compaction Phase
[5106.224s][info][gc,phases      ] GC(1451) Compaction Phase 151.327ms
[5106.226s][info][gc,phases,start] GC(1451) Post Compact
[5106.233s][info][gc,phases      ] GC(1451) Post Compact 6.847ms
[5106.353s][info][gc,heap        ] GC(1451) PSYoungGen: 2555136K(2591232K)->0K(2594816K) Eden: 2399744K(2399744K)->0K(2399744K) From: 155392K(191488K)->0K(195072K)
[5106.353s][info][gc,heap        ] GC(1451) ParOldGen: 5486317K(5486592K)->1618470K(1947648K)
[5106.353s][info][gc,metaspace   ] GC(1451) Metaspace: 29095K(29376K)->29095K(29376K) NonClass: 25992K(26112K)->25992K(26112K) Class: 3102K(3264K)->3102K(3264K)
[5106.354s][info][gc             ] GC(1451) Pause Full (Allocation Failure) 7852M->1580M(4436M) 943.958ms
[5106.354s][info][gc,cpu         ] GC(1451) User=4.44s Sys=0.12s Real=0.94s
..[5107.604s][info][gc,start       ] GC(1452) Pause Young (Allocation Failure)
[5107.675s][info][gc,heap        ] GC(1452) PSYoungGen: 2399744K(2594816K)->169972K(2600960K) Eden: 2399744K(2399744K)->0K(2405888K) From: 0K(195072K)->169972K(195072K)
[5107.675s][info][gc,heap        ] GC(1452) ParOldGen: 1618470K(1947648K)->1618470K(1947648K)
[5107.675s][info][gc,metaspace   ] GC(1452) Metaspace: 29095K(29376K)->29095K(29376K) NonClass: 25992K(26112K)->25992K(26112K) Class: 3102K(3264K)->3102K(3264K)
[5107.675s][info][gc             ] GC(1452) Pause Young (Allocation Failure) 3924M->1746M(4442M) 70.429ms
[5107.675s][info][gc,cpu         ] GC(1452) User=0.41s Sys=0.00s Real=0.08s
.[5109.300s][info][gc,start       ] GC(1453) Pause Young (Allocation Failure)
[5109.391s][info][gc,heap        ] GC(1453) PSYoungGen: 2575860K(2600960K)->143264K(2600960K) Eden: 2405888K(2405888K)->0K(2405888K) From: 169972K(195072K)->143264K(195072K)
[5109.391s][info][gc,heap        ] GC(1453) ParOldGen: 1618470K(1947648K)->1728654K(1947648K)
[5109.391s][info][gc,metaspace   ] GC(1453) Metaspace: 29095K(29376K)->29095K(29376K) NonClass: 25992K(26112K)->25992K(26112K) Class: 3102K(3264K)->3102K(3264K)
[5109.391s][info][gc             ] GC(1453) Pause Young (Allocation Failure) 4096M->1828M(4442M) 90.478ms
[5109.391s][info][gc,cpu         ] GC(1453) User=0.54s Sys=0.00s Real=0.09s
..[5111.248s][info][gc,start       ] GC(1454) Pause Young (Allocation Failure)
[5111.338s][info][gc,heap        ] GC(1454) PSYoungGen: 2549152K(2600960K)->146752K(2597888K) Eden: 2405888K(2405888K)->0K(2405888K) From: 143264K(195072K)->146752K(192000K)
[5111.338s][info][gc,heap        ] GC(1454) ParOldGen: 1728654K(1947648K)->1830270K(1947648K)
[5111.338s][info][gc,metaspace   ] GC(1454) Metaspace: 29095K(29376K)->29095K(29376K) NonClass: 25992K(26112K)->25992K(26112K) Class: 3102K(3264K)->3102K(3264K)
[5111.338s][info][gc             ] GC(1454) Pause Young (Allocation Failure) 4177M->1930M(4439M) 89.866ms
[5111.338s][info][gc,cpu         ] GC(1454) User=0.54s Sys=0.00s Real=0.09s
..[5113.186s][info][gc,start       ] GC(1455) Pause Young (Allocation Failure)
[5113.279s][info][gc,heap        ] GC(1455) PSYoungGen: 2552640K(2597888K)->152880K(2599424K) Eden: 2405888K(2405888K)->0K(2405888K) From: 146752K(192000K)->152880K(193536K)
[5113.279s][info][gc,heap        ] GC(1455) ParOldGen: 1830270K(1947648K)->1932558K(1947648K)
[5113.279s][info][gc,metaspace   ] GC(1455) Metaspace: 29095K(29376K)->29095K(29376K) NonClass: 25992K(26112K)->25992K(26112K) Class: 3102K(3264K)->3102K(3264K)
[5113.279s][info][gc             ] GC(1455) Pause Young (Allocation Failure) 4280M->2036M(4440M) 92.511ms
[5113.279s][info][gc,cpu         ] GC(1455) User=0.55s Sys=0.01s Real=0.09s
..[5115.196s][info][gc,start       ] GC(1456) Pause Young (Allocation Failure)
[5115.288s][info][gc,heap        ] GC(1456) PSYoungGen: 2558768K(2599424K)->143200K(2601984K) Eden: 2405888K(2405888K)->0K(2411008K) From: 152880K(193536K)->143200K(190976K)
[5115.288s][info][gc,heap        ] GC(1456) ParOldGen: 1932558K(1947648K)->2035870K(2036224K)
[5115.288s][info][gc,metaspace   ] GC(1456) Metaspace: 29095K(29376K)->29095K(29376K) NonClass: 25992K(26112K)->25992K(26112K) Class: 3102K(3264K)->3102K(3264K)
[5115.288s][info][gc             ] GC(1456) Pause Young (Allocation Failure) 4386M->2127M(4529M) 92.104ms
[5115.288s][info][gc,cpu         ] GC(1456) User=0.53s Sys=0.02s Real=0.09s
..[5117.073s][info][gc,start       ] GC(1457) Pause Young (Allocation Failure)
[5117.176s][info][gc,heap        ] GC(1457) PSYoungGen: 2554208K(2601984K)->172058K(2601472K) Eden: 2411008K(2411008K)->0K(2411008K) From: 143200K(190976K)->172058K(190464K)
[5117.176s][info][gc,heap        ] GC(1457) ParOldGen: 2035870K(2036224K)->2138542K(2138624K)
[5117.176s][info][gc,metaspace   ] GC(1457) Metaspace: 29095K(29376K)->29095K(29376K) NonClass: 25992K(26112K)->25992K(26112K) Class: 3102K(3264K)->3102K(3264K)
[5117.176s][info][gc             ] GC(1457) Pause Young (Allocation Failure) 4482M->2256M(4629M) 103.730ms
[5117.177s][info][gc,cpu         ] GC(1457) User=0.59s Sys=0.03s Real=0.11s
..[5119.040s][info][gc,start       ] GC(1458) Pause Young (Allocation Failure)
[5119.138s][info][gc,heap        ] GC(1458) PSYoungGen: 2583066K(2601472K)->158528K(2600960K) Eden: 2411008K(2411008K)->0K(2412544K) From: 172058K(190464K)->158528K(188416K)
[5119.138s][info][gc,heap        ] GC(1458) ParOldGen: 2138542K(2138624K)->2240678K(2241024K)
[5119.138s][info][gc,metaspace   ] GC(1458) Metaspace: 29095K(29376K)->29095K(29376K) NonClass: 25992K(26112K)->25992K(26112K) Class: 3102K(3264K)->3102K(3264K)
[5119.138s][info][gc             ] GC(1458) Pause Young (Allocation Failure) 4610M->2342M(4728M) 97.548ms
[5119.138s][info][gc,cpu         ] GC(1458) User=0.55s Sys=0.03s Real=0.10s
..[5121.040s][info][gc,start       ] GC(1459) Pause Young (Allocation Failure)
[5121.137s][info][gc,heap        ] GC(1459) PSYoungGen: 2571072K(2600960K)->154688K(2601984K) Eden: 2412544K(2412544K)->0K(2412544K) From: 158528K(188416K)->154688K(189440K)
[5121.137s][info][gc,heap        ] GC(1459) ParOldGen: 2240678K(2241024K)->2347070K(2347520K)
[5121.137s][info][gc,metaspace   ] GC(1459) Metaspace: 29095K(29376K)->29095K(29376K) NonClass: 25992K(26112K)->25992K(26112K) Class: 3102K(3264K)->3102K(3264K)
[5121.137s][info][gc             ] GC(1459) Pause Young (Allocation Failure) 4698M->2443M(4833M) 96.765ms
[5121.137s][info][gc,cpu         ] GC(1459) User=0.55s Sys=0.02s Real=0.10s
..[5122.930s][info][gc,start       ] GC(1460) Pause Young (Allocation Failure)
[5123.025s][info][gc,heap        ] GC(1460) PSYoungGen: 2567232K(2601984K)->151104K(2605056K) Eden: 2412544K(2412544K)->0K(2419712K) From: 154688K(189440K)->151104K(185344K)
[5123.025s][info][gc,heap        ] GC(1460) ParOldGen: 2347070K(2347520K)->2450710K(2450944K)
[5123.025s][info][gc,metaspace   ] GC(1460) Metaspace: 29095K(29376K)->29095K(29376K) NonClass: 25992K(26112K)->25992K(26112K) Class: 3102K(3264K)->3102K(3264K)
[5123.025s][info][gc             ] GC(1460) Pause Young (Allocation Failure) 4799M->2540M(4937M) 95.049ms
[5123.025s][info][gc,cpu         ] GC(1460) User=0.54s Sys=0.03s Real=0.10s
..[5124.875s][info][gc,start       ] GC(1461) Pause Young (Allocation Failure)
[5124.975s][info][gc,heap        ] GC(1461) PSYoungGen: 2570816K(2605056K)->166416K(2605056K) Eden: 2419712K(2419712K)->0K(2419712K) From: 151104K(185344K)->166416K(185344K)
[5124.975s][info][gc,heap        ] GC(1461) ParOldGen: 2450710K(2450944K)->2552006K(2552320K)
[5124.975s][info][gc,metaspace   ] GC(1461) Metaspace: 29095K(29376K)->29095K(29376K) NonClass: 25992K(26112K)->25992K(26112K) Class: 3102K(3264K)->3102K(3264K)
[5124.975s][info][gc             ] GC(1461) Pause Young (Allocation Failure) 4903M->2654M(5036M) 100.669ms
[5124.975s][info][gc,cpu         ] GC(1461) User=0.58s Sys=0.02s Real=0.10s
..[5126.751s][info][gc,start       ] GC(1462) Pause Young (Allocation Failure)
[5126.851s][info][gc,heap        ] GC(1462) PSYoungGen: 2586128K(2605056K)->160116K(2607104K) Eden: 2419712K(2419712K)->0K(2424832K) From: 166416K(185344K)->160116K(182272K)
[5126.851s][info][gc,heap        ] GC(1462) ParOldGen: 2552006K(2552320K)->2655606K(2655744K)
[5126.851s][info][gc,metaspace   ] GC(1462) Metaspace: 29095K(29376K)->29095K(29376K) NonClass: 25992K(26112K)->25992K(26112K) Class: 3102K(3264K)->3102K(3264K)
[5126.851s][info][gc             ] GC(1462) Pause Young (Allocation Failure) 5017M->2749M(5139M) 99.963ms
[5126.851s][info][gc,cpu         ] GC(1462) User=0.57s Sys=0.03s Real=0.10s
..[5128.821s][info][gc,start       ] GC(1463) Pause Young (Allocation Failure)
[5128.923s][info][gc,heap        ] GC(1463) PSYoungGen: 2584948K(2607104K)->163552K(2608640K) Eden: 2424832K(2424832K)->0K(2424832K) From: 160116K(182272K)->163552K(183808K)
[5128.923s][info][gc,heap        ] GC(1463) ParOldGen: 2655606K(2655744K)->2759526K(2759680K)
[5128.923s][info][gc,metaspace   ] GC(1463) Metaspace: 29095K(29376K)->29095K(29376K) NonClass: 25992K(26112K)->25992K(26112K) Class: 3102K(3264K)->3102K(3264K)
[5128.923s][info][gc             ] GC(1463) Pause Young (Allocation Failure) 5117M->2854M(5242M) 102.556ms
[5128.923s][info][gc,cpu         ] GC(1463) User=0.58s Sys=0.03s Real=0.10s
..[5130.700s][info][gc,start       ] GC(1464) Pause Young (Allocation Failure)
[5130.800s][info][gc,heap        ] GC(1464) PSYoungGen: 2588384K(2608640K)->156320K(2607616K) Eden: 2424832K(2424832K)->0K(2428928K) From: 163552K(183808K)->156320K(178688K)
[5130.800s][info][gc,heap        ] GC(1464) ParOldGen: 2759526K(2759680K)->2865166K(2865664K)
[5130.800s][info][gc,metaspace   ] GC(1464) Metaspace: 29095K(29376K)->29095K(29376K) NonClass: 25992K(26112K)->25992K(26112K) Class: 3102K(3264K)->3102K(3264K)
[5130.800s][info][gc             ] GC(1464) Pause Young (Allocation Failure) 5222M->2950M(5345M) 99.711ms
[5130.800s][info][gc,cpu         ] GC(1464) User=0.55s Sys=0.04s Real=0.10s
.[5132.551s][info][gc,start       ] GC(1465) Pause Young (Allocation Failure)
[5132.649s][info][gc,heap        ] GC(1465) PSYoungGen: 2585248K(2607616K)->156768K(2610176K) Eden: 2428928K(2428928K)->0K(2428928K) From: 156320K(178688K)->156768K(181248K)
[5132.649s][info][gc,heap        ] GC(1465) ParOldGen: 2865166K(2865664K)->2967798K(2968064K)
[5132.649s][info][gc,metaspace   ] GC(1465) Metaspace: 29095K(29376K)->29095K(29376K) NonClass: 25992K(26112K)->25992K(26112K) Class: 3102K(3264K)->3102K(3264K)
[5132.649s][info][gc             ] GC(1465) Pause Young (Allocation Failure) 5322M->3051M(5447M) 98.175ms
[5132.649s][info][gc,cpu         ] GC(1465) User=0.54s Sys=0.04s Real=0.10s
..[5134.515s][info][gc,start       ] GC(1466) Pause Young (Allocation Failure)
[5134.615s][info][gc,heap        ] GC(1466) PSYoungGen: 2585696K(2610176K)->158403K(2610176K) Eden: 2428928K(2428928K)->0K(2435584K) From: 156768K(181248K)->158403K(174592K)
[5134.615s][info][gc,heap        ] GC(1466) ParOldGen: 2967798K(2968064K)->3070790K(3070976K)
[5134.615s][info][gc,metaspace   ] GC(1466) Metaspace: 29095K(29376K)->29095K(29376K) NonClass: 25992K(26112K)->25992K(26112K) Class: 3102K(3264K)->3102K(3264K)
[5134.615s][info][gc             ] GC(1466) Pause Young (Allocation Failure) 5423M->3153M(5548M) 99.754ms
[5134.615s][info][gc,cpu         ] GC(1466) User=0.56s Sys=0.03s Real=0.10s
..[5136.504s][info][gc,start       ] GC(1467) Pause Young (Allocation Failure)
[5136.604s][info][gc,heap        ] GC(1467) PSYoungGen: 2593987K(2610176K)->157728K(2612736K) Eden: 2435584K(2435584K)->0K(2435584K) From: 158403K(174592K)->157728K(177152K)
[5136.604s][info][gc,heap        ] GC(1467) ParOldGen: 3070790K(3070976K)->3174150K(3174400K)
[5136.605s][info][gc,metaspace   ] GC(1467) Metaspace: 29095K(29376K)->29095K(29376K) NonClass: 25992K(26112K)->25992K(26112K) Class: 3102K(3264K)->3102K(3264K)
[5136.605s][info][gc             ] GC(1467) Pause Young (Allocation Failure) 5532M->3253M(5651M) 100.300ms
[5136.605s][info][gc,cpu         ] GC(1467) User=0.57s Sys=0.03s Real=0.11s
. (rIR:aIR:PR = 8717:8689:8689) (tPR = 129418) [OK] 
  5136s: Performance info:
         Transaction,    Success,    Partial,     Failed,   Receipts, AvgBarcode, 
             Overall,     529207,          0,          0,     502755,      59.47, 
         Response times:
             Request,    Success,    Partial,     Failed,   SkipFail,     Probes,    Samples,      min,      p50,      p90,      p95,      p99,      max, 
       TotalPurchase,     502764,          0,          0,          0,     357053,     409261,      200,     6000,    36000,    69000,   255000,  1200000,
     InStorePurchase,     264454,          0,          0,          0,     187880,     214869,      300,     6100,    37000,    70000,   255000,  1200000,
      OnlinePurchase,     185313,          0,          0,          0,     131441,     150679,      200,     5900,    36000,    70000,   251000,  1100000,
        InstPurchase,      52997,          0,          0,          0,      37732,      43713,      400,     6200,    30000,    57000,   257000,  1100000,
          AssocOfCat,        531,          0,          0,          0,        444,        600,    23000,    39500,    74900,   140650,   314000,   396000,
      AssocOfProduct,       5312,          0,          0,          0,       3783,       4521,      400,     7300,    33000,    63000,   257000,  1100000,
      BusinessReport,       1327,          0,          0,          0,       1170,       1443,    27000,    51000,   113000,   165000,   334120,  1100000,
          CustBuyBeh,       5294,          0,          0,          0,       3757,       4541,      200,     4500,    31000,    72000,   269160,   387000,
       ProductReturn,      14014,          0,          0,          0,       9601,      11269,      200,     5600,    36000,    72500,   257000,   371000,

  5136s: (64%)   IR =   8856 .[5138.397s][info][gc,start       ] GC(1468) Pause Young (Allocation Failure)
[5138.496s][info][gc,heap        ] GC(1468) PSYoungGen: 2593312K(2612736K)->154436K(2615808K) Eden: 2435584K(2435584K)->0K(2443264K) From: 157728K(177152K)->154436K(172544K)
[5138.496s][info][gc,heap        ] GC(1468) ParOldGen: 3174150K(3174400K)->3279742K(3279872K)
[5138.496s][info][gc,metaspace   ] GC(1468) Metaspace: 29095K(29376K)->29095K(29376K) NonClass: 25992K(26112K)->25992K(26112K) Class: 3102K(3264K)->3102K(3264K)
[5138.496s][info][gc             ] GC(1468) Pause Young (Allocation Failure) 5632M->3353M(5757M) 99.355ms
[5138.496s][info][gc,cpu         ] GC(1468) User=0.56s Sys=0.03s Real=0.10s
..[5140.304s][info][gc,start       ] GC(1469) Pause Young (Allocation Failure)
[5140.401s][info][gc,heap        ] GC(1469) PSYoungGen: 2597700K(2615808K)->149782K(2617856K) Eden: 2443264K(2443264K)->0K(2443264K) From: 154436K(172544K)->149782K(174592K)
[5140.401s][info][gc,heap        ] GC(1469) ParOldGen: 3279742K(3279872K)->3383942K(3384320K)
[5140.401s][info][gc,metaspace   ] GC(1469) Metaspace: 29095K(29376K)->29095K(29376K) NonClass: 25992K(26112K)->25992K(26112K) Class: 3102K(3264K)->3102K(3264K)
[5140.401s][info][gc             ] GC(1469) Pause Young (Allocation Failure) 5739M->3450M(5861M) 96.894ms
[5140.401s][info][gc,cpu         ] GC(1469) User=0.54s Sys=0.03s Real=0.10s
..[5142.209s][info][gc,start       ] GC(1470) Pause Young (Allocation Failure)
[5142.307s][info][gc,heap        ] GC(1470) PSYoungGen: 2593046K(2617856K)->150708K(2619904K) Eden: 2443264K(2443264K)->0K(2447360K) From: 149782K(174592K)->150708K(172544K)
[5142.307s][info][gc,heap        ] GC(1470) ParOldGen: 3383942K(3384320K)->3489374K(3489792K)
[5142.307s][info][gc,metaspace   ] GC(1470) Metaspace: 29095K(29376K)->29095K(29376K) NonClass: 25992K(26112K)->25992K(26112K) Class: 3102K(3264K)->3102K(3264K)
[5142.307s][info][gc             ] GC(1470) Pause Young (Allocation Failure) 5836M->3554M(5966M) 98.182ms
[5142.307s][info][gc,cpu         ] GC(1470) User=0.55s Sys=0.03s Real=0.10s
.|.[5144.239s][info][gc,start       ] GC(1471) Pause Young (Allocation Failure)
[5144.344s][info][gc,heap        ] GC(1471) PSYoungGen: 2598068K(2619904K)->170889K(2618368K) Eden: 2447360K(2447360K)->0K(2447360K) From: 150708K(172544K)->170889K(171008K)
[5144.344s][info][gc,heap        ] GC(1471) ParOldGen: 3489374K(3489792K)->3590414K(3590656K)
[5144.344s][info][gc,metaspace   ] GC(1471) Metaspace: 29095K(29376K)->29095K(29376K) NonClass: 25992K(26112K)->25992K(26112K) Class: 3102K(3264K)->3102K(3264K)
[5144.344s][info][gc             ] GC(1471) Pause Young (Allocation Failure) 5944M->3673M(6063M) 105.549ms
[5144.344s][info][gc,cpu         ] GC(1471) User=0.58s Sys=0.03s Real=0.10s
..[5146.130s][info][gc,start       ] GC(1472) Pause Young (Allocation Failure)
[5146.234s][info][gc,heap        ] GC(1472) PSYoungGen: 2618249K(2618368K)->164297K(2617856K) Eden: 2447360K(2447360K)->0K(2440704K) From: 170889K(171008K)->164297K(177152K)
[5146.234s][info][gc,heap        ] GC(1472) ParOldGen: 3590414K(3590656K)->3699926K(3700224K)
[5146.234s][info][gc,metaspace   ] GC(1472) Metaspace: 29095K(29376K)->29095K(29376K) NonClass: 25992K(26112K)->25992K(26112K) Class: 3102K(3264K)->3102K(3264K)
[5146.234s][info][gc             ] GC(1472) Pause Young (Allocation Failure) 6063M->3773M(6170M) 104.440ms
[5146.234s][info][gc,cpu         ] GC(1472) User=0.58s Sys=0.03s Real=0.10s
..[5147.990s][info][gc,start       ] GC(1473) Pause Young (Allocation Failure)
[5148.096s][info][gc,heap        ] GC(1473) PSYoungGen: 2605001K(2617856K)->168484K(2609664K) Eden: 2440704K(2440704K)->0K(2440704K) From: 164297K(177152K)->168484K(168960K)
[5148.096s][info][gc,heap        ] GC(1473) ParOldGen: 3699926K(3700224K)->3803678K(3804160K)
[5148.096s][info][gc,metaspace   ] GC(1473) Metaspace: 29095K(29376K)->29095K(29376K) NonClass: 25992K(26112K)->25992K(26112K) Class: 3102K(3264K)->3102K(3264K)
[5148.096s][info][gc             ] GC(1473) Pause Young (Allocation Failure) 6157M->3879M(6263M) 105.651ms
[5148.096s][info][gc,cpu         ] GC(1473) User=0.58s Sys=0.04s Real=0.11s
..[5149.907s][info][gc,start       ] GC(1474) Pause Young (Allocation Failure)
[5150.006s][info][gc,heap        ] GC(1474) PSYoungGen: 2609188K(2609664K)->155520K(2617856K) Eden: 2440704K(2440704K)->0K(2438144K) From: 168484K(168960K)->155520K(179712K)
[5150.006s][info][gc,heap        ] GC(1474) ParOldGen: 3803678K(3804160K)->3908134K(3908608K)
[5150.006s][info][gc,metaspace   ] GC(1474) Metaspace: 29095K(29376K)->29095K(29376K) NonClass: 25992K(26112K)->25992K(26112K) Class: 3102K(3264K)->3102K(3264K)
[5150.006s][info][gc             ] GC(1474) Pause Young (Allocation Failure) 6262M->3968M(6373M) 99.142ms
[5150.006s][info][gc,cpu         ] GC(1474) User=0.56s Sys=0.03s Real=0.10s
..[5151.885s][info][gc,start       ] GC(1475) Pause Young (Allocation Failure)
[5151.983s][info][gc,heap        ] GC(1475) PSYoungGen: 2593664K(2617856K)->154912K(2593280K) Eden: 2438144K(2438144K)->0K(2438144K) From: 155520K(179712K)->154912K(155136K)
[5151.983s][info][gc,heap        ] GC(1475) ParOldGen: 3908134K(3908608K)->4011198K(4011520K)
[5151.983s][info][gc,metaspace   ] GC(1475) Metaspace: 29095K(29376K)->29095K(29376K) NonClass: 25992K(26112K)->25992K(26112K) Class: 3102K(3264K)->3102K(3264K)
[5151.983s][info][gc             ] GC(1475) Pause Young (Allocation Failure) 6349M->4068M(6450M) 98.150ms
[5151.983s][info][gc,cpu         ] GC(1475) User=0.55s Sys=0.03s Real=0.09s
.[5153.743s][info][gc,start       ] GC(1476) Pause Young (Allocation Failure)
[5153.842s][info][gc,heap        ] GC(1476) PSYoungGen: 2593056K(2593280K)->153424K(2616320K) Eden: 2438144K(2438144K)->0K(2439168K) From: 154912K(155136K)->153424K(177152K)
[5153.842s][info][gc,heap        ] GC(1476) ParOldGen: 4011198K(4011520K)->4116990K(4116992K)
[5153.842s][info][gc,metaspace   ] GC(1476) Metaspace: 29095K(29376K)->29095K(29376K) NonClass: 25992K(26112K)->25992K(26112K) Class: 3102K(3264K)->3102K(3264K)
[5153.842s][info][gc             ] GC(1476) Pause Young (Allocation Failure) 6449M->4170M(6575M) 98.455ms
[5153.842s][info][gc,cpu         ] GC(1476) User=0.55s Sys=0.02s Real=0.10s
..[5155.717s][info][gc,start       ] GC(1477) Pause Young (Allocation Failure)
[5155.819s][info][gc,heap        ] GC(1477) PSYoungGen: 2592592K(2616320K)->164064K(2615296K) Eden: 2439168K(2439168K)->0K(2439168K) From: 153424K(177152K)->164064K(176128K)
[5155.819s][info][gc,heap        ] GC(1477) ParOldGen: 4116990K(4116992K)->4217078K(4217344K)
[5155.819s][info][gc,metaspace   ] GC(1477) Metaspace: 29095K(29376K)->29095K(29376K) NonClass: 25992K(26112K)->25992K(26112K) Class: 3102K(3264K)->3102K(3264K)
[5155.819s][info][gc             ] GC(1477) Pause Young (Allocation Failure) 6552M->4278M(6672M) 102.000ms
[5155.819s][info][gc,cpu         ] GC(1477) User=0.57s Sys=0.04s Real=0.10s
..[5157.639s][info][gc,start       ] GC(1478) Pause Young (Allocation Failure)
[5157.741s][info][gc,heap        ] GC(1478) PSYoungGen: 2603232K(2615296K)->159045K(2617344K) Eden: 2439168K(2439168K)->0K(2443264K) From: 164064K(176128K)->159045K(174080K)
[5157.741s][info][gc,heap        ] GC(1478) ParOldGen: 4217078K(4217344K)->4322198K(4322304K)
[5157.741s][info][gc,metaspace   ] GC(1478) Metaspace: 29095K(29376K)->29095K(29376K) NonClass: 25992K(26112K)->25992K(26112K) Class: 3102K(3264K)->3102K(3264K)
[5157.741s][info][gc             ] GC(1478) Pause Young (Allocation Failure) 6660M->4376M(6777M) 101.628ms
[5157.741s][info][gc,cpu         ] GC(1478) User=0.57s Sys=0.02s Real=0.10s
..[5159.615s][info][gc,start       ] GC(1479) Pause Young (Allocation Failure)
[5159.714s][info][gc,heap        ] GC(1479) PSYoungGen: 2602309K(2617344K)->152672K(2618368K) Eden: 2443264K(2443264K)->0K(2443264K) From: 159045K(174080K)->152672K(175104K)
[5159.714s][info][gc,heap        ] GC(1479) ParOldGen: 4322198K(4322304K)->4425902K(4426240K)
[5159.714s][info][gc,metaspace   ] GC(1479) Metaspace: 29095K(29376K)->29095K(29376K) NonClass: 25992K(26112K)->25992K(26112K) Class: 3102K(3264K)->3102K(3264K)
[5159.714s][info][gc             ] GC(1479) Pause Young (Allocation Failure) 6762M->4471M(6879M) 99.284ms
[5159.714s][info][gc,cpu         ] GC(1479) User=0.56s Sys=0.02s Real=0.10s
..[5161.463s][info][gc,start       ] GC(1480) Pause Young (Allocation Failure)
[5161.566s][info][gc,heap        ] GC(1480) PSYoungGen: 2595936K(2618368K)->160496K(2618368K) Eden: 2443264K(2443264K)->0K(2446336K) From: 152672K(175104K)->160496K(172032K)
[5161.566s][info][gc,heap        ] GC(1480) ParOldGen: 4425902K(4426240K)->4531094K(4531200K)
[5161.566s][info][gc,metaspace   ] GC(1480) Metaspace: 29095K(29376K)->29095K(29376K) NonClass: 25992K(26112K)->25992K(26112K) Class: 3102K(3264K)->3102K(3264K)
[5161.566s][info][gc             ] GC(1480) Pause Young (Allocation Failure) 6857M->4581M(6982M) 102.625ms
[5161.566s][info][gc,cpu         ] GC(1480) User=0.58s Sys=0.03s Real=0.11s
..[5163.340s][info][gc,start       ] GC(1481) Pause Young (Allocation Failure)
[5163.437s][info][gc,heap        ] GC(1481) PSYoungGen: 2606832K(2618368K)->148928K(2619904K) Eden: 2446336K(2446336K)->0K(2446336K) From: 160496K(172032K)->148928K(173568K)
[5163.437s][info][gc,heap        ] GC(1481) ParOldGen: 4531094K(4531200K)->4635214K(4635648K)
[5163.437s][info][gc,metaspace   ] GC(1481) Metaspace: 29095K(29376K)->29095K(29376K) NonClass: 25992K(26112K)->25992K(26112K) Class: 3102K(3264K)->3102K(3264K)
[5163.437s][info][gc             ] GC(1481) Pause Young (Allocation Failure) 6970M->4672M(7085M) 97.065ms
[5163.437s][info][gc,cpu         ] GC(1481) User=0.55s Sys=0.03s Real=0.10s
[5163.766s][info][gc,start       ] GC(1482) Pause Full (Diagnostic Command)
[5163.766s][info][gc,phases,start] GC(1482) Marking Phase
[5164.075s][info][gc,phases      ] GC(1482) Marking Phase 308.681ms
[5164.075s][info][gc,phases,start] GC(1482) Summary Phase
[5164.075s][info][gc,phases      ] GC(1482) Summary Phase 0.072ms
[5164.076s][info][gc,phases,start] GC(1482) Forward
[5164.238s][info][gc,phases      ] GC(1482) Forward 162.268ms
[5164.238s][info][gc,phases,start] GC(1482) Adjust Pointers
[5164.455s][info][gc,phases      ] GC(1482) Adjust Pointers 216.610ms
[5164.455s][info][gc,phases,start] GC(1482) Compaction Phase
[5164.637s][info][gc,phases      ] GC(1482) Compaction Phase 181.611ms
[5164.639s][info][gc,phases,start] GC(1482) Post Compact
[5164.644s][info][gc,phases      ] GC(1482) Post Compact 4.723ms
[5164.644s][info][gc,heap        ] GC(1482) PSYoungGen: 673105K(2619904K)->0K(2619904K) Eden: 524177K(2446336K)->0K(2446336K) From: 148928K(173568K)->0K(173568K)
[5164.644s][info][gc,heap        ] GC(1482) ParOldGen: 4635214K(4635648K)->1343973K(4635648K)
[5164.644s][info][gc,metaspace   ] GC(1482) Metaspace: 29095K(29376K)->29095K(29376K) NonClass: 25992K(26112K)->25992K(26112K) Class: 3102K(3264K)->3102K(3264K)
[5164.644s][info][gc             ] GC(1482) Pause Full (Diagnostic Command) 5183M->1312M(7085M) 877.557ms
[5164.644s][info][gc,cpu         ] GC(1482) User=4.67s Sys=0.01s Real=0.87s
..[5165.971s][info][gc,start       ] GC(1483) Pause Young (Allocation Failure)
[5166.042s][info][gc,heap        ] GC(1483) PSYoungGen: 2446336K(2619904K)->169880K(2616320K) Eden: 2446336K(2446336K)->0K(2442752K) From: 0K(173568K)->169880K(173568K)
[5166.042s][info][gc,heap        ] GC(1483) ParOldGen: 1343973K(4635648K)->1343973K(4635648K)
[5166.042s][info][gc,metaspace   ] GC(1483) Metaspace: 29095K(29376K)->29095K(29376K) NonClass: 25992K(26112K)->25992K(26112K) Class: 3102K(3264K)->3102K(3264K)
[5166.042s][info][gc             ] GC(1483) Pause Young (Allocation Failure) 3701M->1478M(7082M) 70.786ms
[5166.042s][info][gc,cpu         ] GC(1483) User=0.42s Sys=0.00s Real=0.07s
.[5167.691s][info][gc,start       ] GC(1484) Pause Young (Allocation Failure)
[5167.785s][info][gc,heap        ] GC(1484) PSYoungGen: 2612632K(2616320K)->160165K(2619392K) Eden: 2442752K(2442752K)->0K(2442752K) From: 169880K(173568K)->160165K(176640K)
[5167.785s][info][gc,heap        ] GC(1484) ParOldGen: 1343973K(4635648K)->1445561K(4635648K)
[5167.785s][info][gc,metaspace   ] GC(1484) Metaspace: 29095K(29376K)->29095K(29376K) NonClass: 25992K(26112K)->25992K(26112K) Class: 3102K(3264K)->3102K(3264K)
[5167.785s][info][gc             ] GC(1484) Pause Young (Allocation Failure) 3863M->1568M(7085M) 93.714ms
[5167.785s][info][gc,cpu         ] GC(1484) User=0.56s Sys=0.00s Real=0.10s
..[5169.654s][info][gc,start       ] GC(1485) Pause Young (Allocation Failure)
[5169.747s][info][gc,heap        ] GC(1485) PSYoungGen: 2602917K(2619392K)->155200K(2616320K) Eden: 2442752K(2442752K)->0K(2443776K) From: 160165K(176640K)->155200K(172544K)
[5169.747s][info][gc,heap        ] GC(1485) ParOldGen: 1445561K(4635648K)->1550001K(4635648K)
[5169.747s][info][gc,metaspace   ] GC(1485) Metaspace: 29095K(29376K)->29095K(29376K) NonClass: 25992K(26112K)->25992K(26112K) Class: 3102K(3264K)->3102K(3264K)
[5169.747s][info][gc             ] GC(1485) Pause Young (Allocation Failure) 3953M->1665M(7082M) 93.128ms
[5169.747s][info][gc,cpu         ] GC(1485) User=0.54s Sys=0.00s Real=0.10s
..[5171.607s][info][gc,start       ] GC(1486) Pause Young (Allocation Failure)
[5171.699s][info][gc,heap        ] GC(1486) PSYoungGen: 2598976K(2616320K)->152544K(2618368K) Eden: 2443776K(2443776K)->0K(2443776K) From: 155200K(172544K)->152544K(174592K)
[5171.699s][info][gc,heap        ] GC(1486) ParOldGen: 1550001K(4635648K)->1655873K(4635648K)
[5171.699s][info][gc,metaspace   ] GC(1486) Metaspace: 29095K(29376K)->29095K(29376K) NonClass: 25992K(26112K)->25992K(26112K) Class: 3102K(3264K)->3102K(3264K)
[5171.699s][info][gc             ] GC(1486) Pause Young (Allocation Failure) 4051M->1766M(7084M) 92.468ms
[5171.699s][info][gc,cpu         ] GC(1486) User=0.55s Sys=0.00s Real=0.09s
..[5173.556s][info][gc,start       ] GC(1487) Pause Young (Allocation Failure)
[5173.651s][info][gc,heap        ] GC(1487) PSYoungGen: 2596320K(2618368K)->159904K(2618880K) Eden: 2443776K(2443776K)->0K(2447360K) From: 152544K(174592K)->159904K(171520K)
[5173.651s][info][gc,heap        ] GC(1487) ParOldGen: 1655873K(4635648K)->1760705K(4635648K)
[5173.651s][info][gc,metaspace   ] GC(1487) Metaspace: 29095K(29376K)->29095K(29376K) NonClass: 25992K(26112K)->25992K(26112K) Class: 3102K(3264K)->3102K(3264K)
[5173.651s][info][gc             ] GC(1487) Pause Young (Allocation Failure) 4152M->1875M(7084M) 95.466ms
[5173.651s][info][gc,cpu         ] GC(1487) User=0.57s Sys=0.00s Real=0.09s
..[5175.455s][info][gc,start       ] GC(1488) Pause Young (Allocation Failure)
[5175.554s][info][gc,heap        ] GC(1488) PSYoungGen: 2607264K(2618880K)->162037K(2620416K) Eden: 2447360K(2447360K)->0K(2447360K) From: 159904K(171520K)->162037K(173056K)
[5175.554s][info][gc,heap        ] GC(1488) ParOldGen: 1760705K(4635648K)->1865897K(4635648K)
[5175.554s][info][gc,metaspace   ] GC(1488) Metaspace: 29095K(29376K)->29095K(29376K) NonClass: 25992K(26112K)->25992K(26112K) Class: 3102K(3264K)->3102K(3264K)
[5175.554s][info][gc             ] GC(1488) Pause Young (Allocation Failure) 4265M->1980M(7086M) 98.577ms
[5175.554s][info][gc,cpu         ] GC(1488) User=0.58s Sys=0.01s Real=0.09s
..[5177.360s][info][gc,start       ] GC(1489) Pause Young (Allocation Failure)
[5177.455s][info][gc,heap        ] GC(1489) PSYoungGen: 2609397K(2620416K)->153489K(2621952K) Eden: 2447360K(2447360K)->0K(2449920K) From: 162037K(173056K)->153489K(172032K)
[5177.455s][info][gc,heap        ] GC(1489) ParOldGen: 1865897K(4635648K)->1970545K(4635648K)
[5177.455s][info][gc,metaspace   ] GC(1489) Metaspace: 29095K(29376K)->29095K(29376K) NonClass: 25992K(26112K)->25992K(26112K) Class: 3102K(3264K)->3102K(3264K)
[5177.455s][info][gc             ] GC(1489) Pause Young (Allocation Failure) 4370M->2074M(7087M) 95.198ms
[5177.455s][info][gc,cpu         ] GC(1489) User=0.56s Sys=0.01s Real=0.10s
..[5179.295s][info][gc,start       ] GC(1490) Pause Young (Allocation Failure)
[5179.386s][info][gc,heap        ] GC(1490) PSYoungGen: 2603409K(2621952K)->149600K(2622464K) Eden: 2449920K(2449920K)->0K(2449920K) From: 153489K(172032K)->149600K(172544K)
[5179.386s][info][gc,heap        ] GC(1490) ParOldGen: 1970545K(4635648K)->2075585K(4635648K)
[5179.386s][info][gc,metaspace   ] GC(1490) Metaspace: 29095K(29376K)->29095K(29376K) NonClass: 25992K(26112K)->25992K(26112K) Class: 3102K(3264K)->3102K(3264K)
[5179.386s][info][gc             ] GC(1490) Pause Young (Allocation Failure) 4466M->2173M(7088M) 91.676ms
[5179.386s][info][gc,cpu         ] GC(1490) User=0.54s Sys=0.00s Real=0.09s
..[5181.224s][info][gc,start       ] GC(1491) Pause Young (Allocation Failure)
[5181.317s][info][gc,heap        ] GC(1491) PSYoungGen: 2599520K(2622464K)->153636K(2621440K) Eden: 2449920K(2449920K)->0K(2450944K) From: 149600K(172544K)->153636K(170496K)
[5181.317s][info][gc,heap        ] GC(1491) ParOldGen: 2075585K(4635648K)->2177929K(4635648K)
[5181.317s][info][gc,metaspace   ] GC(1491) Metaspace: 29095K(29376K)->29095K(29376K) NonClass: 25992K(26112K)->25992K(26112K) Class: 3102K(3264K)->3102K(3264K)
[5181.317s][info][gc             ] GC(1491) Pause Young (Allocation Failure) 4565M->2276M(7087M) 93.187ms
[5181.317s][info][gc,cpu         ] GC(1491) User=0.55s Sys=0.00s Real=0.10s
..[5183.110s][info][gc,start       ] GC(1492) Pause Young (Allocation Failure)
[5183.205s][info][gc,heap        ] GC(1492) PSYoungGen: 2604580K(2621440K)->161824K(2622464K) Eden: 2450944K(2450944K)->0K(2450944K) From: 153636K(170496K)->161824K(171520K)
[5183.205s][info][gc,heap        ] GC(1492) ParOldGen: 2177929K(4635648K)->2281145K(4635648K)
[5183.205s][info][gc,metaspace   ] GC(1492) Metaspace: 29095K(29376K)->29095K(29376K) NonClass: 25992K(26112K)->25992K(26112K) Class: 3102K(3264K)->3102K(3264K)
[5183.205s][info][gc             ] GC(1492) Pause Young (Allocation Failure) 4670M->2385M(7088M) 94.957ms
[5183.205s][info][gc,cpu         ] GC(1492) User=0.57s Sys=0.00s Real=0.10s
..[5184.980s][info][gc,start       ] GC(1493) Pause Young (Allocation Failure)
[5185.080s][info][gc,heap        ] GC(1493) PSYoungGen: 2612768K(2622464K)->165786K(2620928K) Eden: 2450944K(2450944K)->0K(2448896K) From: 161824K(171520K)->165786K(172032K)
[5185.080s][info][gc,heap        ] GC(1493) ParOldGen: 2281145K(4635648K)->2387857K(4635648K)
[5185.080s][info][gc,metaspace   ] GC(1493) Metaspace: 29095K(29376K)->29095K(29376K) NonClass: 25992K(26112K)->25992K(26112K) Class: 3102K(3264K)->3102K(3264K)
[5185.080s][info][gc             ] GC(1493) Pause Young (Allocation Failure) 4779M->2493M(7086M) 99.759ms
[5185.080s][info][gc,cpu         ] GC(1493) User=0.59s Sys=0.00s Real=0.10s
.[5186.914s][info][gc,start       ] GC(1494) Pause Young (Allocation Failure)
[5187.012s][info][gc,heap        ] GC(1494) PSYoungGen: 2614682K(2620928K)->166005K(2615296K) Eden: 2448896K(2448896K)->0K(2448896K) From: 165786K(172032K)->166005K(166400K)
[5187.012s][info][gc,heap        ] GC(1494) ParOldGen: 2387857K(4635648K)->2490129K(4635648K)
[5187.012s][info][gc,metaspace   ] GC(1494) Metaspace: 29095K(29376K)->29095K(29376K) NonClass: 25992K(26112K)->25992K(26112K) Class: 3102K(3264K)->3102K(3264K)
[5187.012s][info][gc             ] GC(1494) Pause Young (Allocation Failure) 4885M->2593M(7081M) 98.361ms
[5187.012s][info][gc,cpu         ] GC(1494) User=0.58s Sys=0.00s Real=0.10s
..[5188.902s][info][gc,start       ] GC(1495) Pause Young (Allocation Failure)
[5189.000s][info][gc,heap        ] GC(1495) PSYoungGen: 2614901K(2615296K)->162997K(2620928K) Eden: 2448896K(2448896K)->0K(2445824K) From: 166005K(166400K)->162997K(175104K)
[5189.000s][info][gc,heap        ] GC(1495) ParOldGen: 2490129K(4635648K)->2596817K(4635648K)
[5189.000s][info][gc,metaspace   ] GC(1495) Metaspace: 29095K(29376K)->29095K(29376K) NonClass: 25992K(26112K)->25992K(26112K) Class: 3102K(3264K)->3102K(3264K)
[5189.000s][info][gc             ] GC(1495) Pause Young (Allocation Failure) 4985M->2695M(7086M) 97.579ms
[5189.000s][info][gc,cpu         ] GC(1495) User=0.58s Sys=0.00s Real=0.10s
..[5190.803s][info][gc,start       ] GC(1496) Pause Young (Allocation Failure)
[5190.899s][info][gc,heap        ] GC(1496) PSYoungGen: 2608821K(2620928K)->160052K(2606080K) Eden: 2445824K(2445824K)->0K(2445824K) From: 162997K(175104K)->160052K(160256K)
[5190.899s][info][gc,heap        ] GC(1496) ParOldGen: 2596817K(4635648K)->2701321K(4635648K)
[5190.899s][info][gc,metaspace   ] GC(1496) Metaspace: 29095K(29376K)->29095K(29376K) NonClass: 25992K(26112K)->25992K(26112K) Class: 3102K(3264K)->3102K(3264K)
[5190.899s][info][gc             ] GC(1496) Pause Young (Allocation Failure) 5083M->2794M(7072M) 96.436ms
[5190.899s][info][gc,cpu         ] GC(1496) User=0.57s Sys=0.00s Real=0.10s
..[5192.816s][info][gc,start       ] GC(1497) Pause Young (Allocation Failure)
[5192.914s][info][gc,heap        ] GC(1497) PSYoungGen: 2605876K(2606080K)->166393K(2617856K) Eden: 2445824K(2445824K)->0K(2444288K) From: 160052K(160256K)->166393K(173568K)
[5192.914s][info][gc,heap        ] GC(1497) ParOldGen: 2701321K(4635648K)->2805265K(4635648K)
[5192.914s][info][gc,metaspace   ] GC(1497) Metaspace: 29095K(29376K)->29095K(29376K) NonClass: 25992K(26112K)->25992K(26112K) Class: 3102K(3264K)->3102K(3264K)
[5192.914s][info][gc             ] GC(1497) Pause Young (Allocation Failure) 5182M->2902M(7083M) 97.876ms
[5192.914s][info][gc,cpu         ] GC(1497) User=0.58s Sys=0.00s Real=0.09s
..[5194.671s][info][gc,start       ] GC(1498) Pause Young (Allocation Failure)
[5194.764s][info][gc,heap        ] GC(1498) PSYoungGen: 2610681K(2617856K)->151232K(2619392K) Eden: 2444288K(2444288K)->0K(2444288K) From: 166393K(173568K)->151232K(175104K)
[5194.764s][info][gc,heap        ] GC(1498) ParOldGen: 2805265K(4635648K)->2910241K(4635648K)
[5194.764s][info][gc,metaspace   ] GC(1498) Metaspace: 29095K(29376K)->29095K(29376K) NonClass: 25992K(26112K)->25992K(26112K) Class: 3102K(3264K)->3102K(3264K)
[5194.764s][info][gc             ] GC(1498) Pause Young (Allocation Failure) 5289M->2989M(7085M) 92.503ms
[5194.764s][info][gc,cpu         ] GC(1498) User=0.54s Sys=0.00s Real=0.09s
..[5196.655s][info][gc,start       ] GC(1499) Pause Young (Allocation Failure)
[5196.748s][info][gc,heap        ] GC(1499) PSYoungGen: 2595520K(2619392K)->153632K(2619904K) Eden: 2444288K(2444288K)->0K(2445824K) From: 151232K(175104K)->153632K(174080K)
[5196.748s][info][gc,heap        ] GC(1499) ParOldGen: 2910241K(4635648K)->3011361K(4635648K)
[5196.748s][info][gc,metaspace   ] GC(1499) Metaspace: 29095K(29376K)->29095K(29376K) NonClass: 25992K(26112K)->25992K(26112K) Class: 3102K(3264K)->3102K(3264K)
[5196.748s][info][gc             ] GC(1499) Pause Young (Allocation Failure) 5376M->3090M(7085M) 92.301ms
[5196.748s][info][gc,cpu         ] GC(1499) User=0.55s Sys=0.00s Real=0.09s
..[5198.658s][info][gc,start       ] GC(1500) Pause Young (Allocation Failure)
[5198.752s][info][gc,heap        ] GC(1500) PSYoungGen: 2599456K(2619904K)->150752K(2620416K) Eden: 2445824K(2445824K)->0K(2445824K) From: 153632K(174080K)->150752K(174592K)
[5198.752s][info][gc,heap        ] GC(1500) ParOldGen: 3011361K(4635648K)->3116649K(4635648K)
[5198.752s][info][gc,metaspace   ] GC(1500) Metaspace: 29095K(29376K)->29095K(29376K) NonClass: 25992K(26112K)->25992K(26112K) Class: 3102K(3264K)->3102K(3264K)
[5198.752s][info][gc             ] GC(1500) Pause Young (Allocation Failure) 5479M->3190M(7086M) 93.280ms
[5198.752s][info][gc,cpu         ] GC(1500) User=0.55s Sys=0.00s Real=0.09s
..[5200.524s][info][gc,start       ] GC(1501) Pause Young (Allocation Failure)
[5200.617s][info][gc,heap        ] GC(1501) PSYoungGen: 2596576K(2620416K)->153600K(2619392K) Eden: 2445824K(2445824K)->0K(2447360K) From: 150752K(174592K)->153600K(172032K)
[5200.617s][info][gc,heap        ] GC(1501) ParOldGen: 3116649K(4635648K)->3219337K(4635648K)
[5200.617s][info][gc,metaspace   ] GC(1501) Metaspace: 29095K(29376K)->29095K(29376K) NonClass: 25992K(26112K)->25992K(26112K) Class: 3102K(3264K)->3102K(3264K)
[5200.617s][info][gc             ] GC(1501) Pause Young (Allocation Failure) 5579M->3293M(7085M) 92.765ms
[5200.617s][info][gc,cpu         ] GC(1501) User=0.54s Sys=0.00s Real=0.10s
..[5202.442s][info][gc,start       ] GC(1502) Pause Young (Allocation Failure)
[5202.537s][info][gc,heap        ] GC(1502) PSYoungGen: 2600960K(2619392K)->154480K(2620416K) Eden: 2447360K(2447360K)->0K(2447360K) From: 153600K(172032K)->154480K(173056K)
[5202.537s][info][gc,heap        ] GC(1502) ParOldGen: 3219337K(4635648K)->3325489K(4635648K)
[5202.537s][info][gc,metaspace   ] GC(1502) Metaspace: 29095K(29376K)->29095K(29376K) NonClass: 25992K(26112K)->25992K(26112K) Class: 3102K(3264K)->3102K(3264K)
[5202.537s][info][gc             ] GC(1502) Pause Young (Allocation Failure) 5683M->3398M(7086M) 95.002ms
[5202.537s][info][gc,cpu         ] GC(1502) User=0.56s Sys=0.00s Real=0.10s
. (rIR:aIR:PR = 8856:8847:8847) (tPR = 130768) [OK] 
  5202s: Performance info:
         Transaction,    Success,    Partial,     Failed,   Receipts, AvgBarcode, 
             Overall,     532817,          0,          0,     505939,      59.47, 
         Response times:
             Request,    Success,    Partial,     Failed,   SkipFail,     Probes,    Samples,      min,      p50,      p90,      p95,      p99,      max, 
       TotalPurchase,     505947,          0,          0,          0,     352436,     399931,      300,     6200,    42000,    72000,   195000,   321000,
     InStorePurchase,     266967,          0,          0,          0,     185045,     209815,      300,     6100,    42000,    71000,   195000,   321000,
      OnlinePurchase,     184712,          0,          0,          0,     130378,     147992,      300,     6100,    40000,    70000,   195000,   321000,
        InstPurchase,      54268,          0,          0,          0,      37013,      42124,      400,     6700,    45000,    80000,   261000,   321000,
          AssocOfCat,        534,          0,          0,          0,        433,        566,    22000,    43000,    95600,   145000,   433000,   930000,
      AssocOfProduct,       5383,          0,          0,          0,       3820,       4360,      800,     6800,    46000,    77000,   283390,   423000,
      BusinessReport,       1335,          0,          0,          0,       1184,       1440,    29000,    51000,   109000,   157950,   321000,   433000,
          CustBuyBeh,       5365,          0,          0,          0,       3803,       4444,      200,     4900,    38000,    60750,   223000,   431000,
       ProductReturn,      14263,          0,          0,          0,      10018,      11356,      300,     5400,    41000,    81150,   267000,   495000,

  5202s: (65%)   IR =   8994 .[5204.358s][info][gc,start       ] GC(1503) Pause Young (Allocation Failure)
[5204.452s][info][gc,heap        ] GC(1503) PSYoungGen: 2601840K(2620416K)->156901K(2620928K) Eden: 2447360K(2447360K)->0K(2450944K) From: 154480K(173056K)->156901K(169984K)
[5204.452s][info][gc,heap        ] GC(1503) ParOldGen: 3325489K(4635648K)->3428985K(4635648K)
[5204.452s][info][gc,metaspace   ] GC(1503) Metaspace: 29095K(29376K)->29095K(29376K) NonClass: 25992K(26112K)->25992K(26112K) Class: 3102K(3264K)->3102K(3264K)
[5204.452s][info][gc             ] GC(1503) Pause Young (Allocation Failure) 5788M->3501M(7086M) 94.749ms
[5204.453s][info][gc,cpu         ] GC(1503) User=0.56s Sys=0.00s Real=0.09s
..[5206.198s][info][gc,start       ] GC(1504) Pause Young (Allocation Failure)
[5206.297s][info][gc,heap        ] GC(1504) PSYoungGen: 2607845K(2620928K)->162064K(2621952K) Eden: 2450944K(2450944K)->0K(2450944K) From: 156901K(169984K)->162064K(171008K)
[5206.297s][info][gc,heap        ] GC(1504) ParOldGen: 3428985K(4635648K)->3533329K(4635648K)
[5206.297s][info][gc,metaspace   ] GC(1504) Metaspace: 29095K(29376K)->29095K(29376K) NonClass: 25992K(26112K)->25992K(26112K) Class: 3102K(3264K)->3102K(3264K)
[5206.297s][info][gc             ] GC(1504) Pause Young (Allocation Failure) 5895M->3608M(7087M) 99.290ms
[5206.297s][info][gc,cpu         ] GC(1504) User=0.58s Sys=0.00s Real=0.10s
..[5208.171s][info][gc,start       ] GC(1505) Pause Young (Allocation Failure)
[5208.267s][info][gc,heap        ] GC(1505) PSYoungGen: 2613008K(2621952K)->154964K(2623488K) Eden: 2450944K(2450944K)->0K(2453504K) From: 162064K(171008K)->154964K(169984K)
[5208.267s][info][gc,heap        ] GC(1505) ParOldGen: 3533329K(4635648K)->3639073K(4635648K)
[5208.267s][info][gc,metaspace   ] GC(1505) Metaspace: 29095K(29376K)->29095K(29376K) NonClass: 25992K(26112K)->25992K(26112K) Class: 3102K(3264K)->3102K(3264K)
[5208.267s][info][gc             ] GC(1505) Pause Young (Allocation Failure) 6002M->3705M(7089M) 96.375ms
[5208.267s][info][gc,cpu         ] GC(1505) User=0.57s Sys=0.00s Real=0.10s
.[5210.073s][info][gc,start       ] GC(1506) Pause Young (Allocation Failure)
[5210.173s][info][gc,heap        ] GC(1506) PSYoungGen: 2608468K(2623488K)->166375K(2619904K) Eden: 2453504K(2453504K)->0K(2453504K) From: 154964K(169984K)->166375K(166400K)
[5210.173s][info][gc,heap        ] GC(1506) ParOldGen: 3639073K(4635648K)->3745545K(4635648K)
[5210.173s][info][gc,metaspace   ] GC(1506) Metaspace: 29095K(29376K)->29095K(29376K) NonClass: 25992K(26112K)->25992K(26112K) Class: 3102K(3264K)->3102K(3264K)
[5210.173s][info][gc             ] GC(1506) Pause Young (Allocation Failure) 6101M->3820M(7085M) 100.414ms
[5210.174s][info][gc,cpu         ] GC(1506) User=0.59s Sys=0.01s Real=0.10s
..[5212.044s][info][gc,start       ] GC(1507) Pause Young (Allocation Failure)
[5212.141s][info][gc,heap        ] GC(1507) PSYoungGen: 2619879K(2619904K)->160736K(2624000K) Eden: 2453504K(2453504K)->0K(2451456K) From: 166375K(166400K)->160736K(172544K)
[5212.141s][info][gc,heap        ] GC(1507) ParOldGen: 3745545K(4635648K)->3847033K(4635648K)
[5212.141s][info][gc,metaspace   ] GC(1507) Metaspace: 29095K(29376K)->29095K(29376K) NonClass: 25992K(26112K)->25992K(26112K) Class: 3102K(3264K)->3102K(3264K)
[5212.141s][info][gc             ] GC(1507) Pause Young (Allocation Failure) 6216M->3913M(7089M) 96.649ms
[5212.141s][info][gc,cpu         ] GC(1507) User=0.57s Sys=0.00s Real=0.10s
..[5213.914s][info][gc,start       ] GC(1508) Pause Young (Allocation Failure)
[5214.017s][info][gc,heap        ] GC(1508) PSYoungGen: 2612192K(2624000K)->170116K(2621952K) Eden: 2451456K(2451456K)->0K(2451456K) From: 160736K(172544K)->170116K(170496K)
[5214.017s][info][gc,heap        ] GC(1508) ParOldGen: 3847033K(4635648K)->3953833K(4635648K)
[5214.017s][info][gc,metaspace   ] GC(1508) Metaspace: 29095K(29376K)->29095K(29376K) NonClass: 25992K(26112K)->25992K(26112K) Class: 3102K(3264K)->3102K(3264K)
[5214.017s][info][gc             ] GC(1508) Pause Young (Allocation Failure) 6307M->4027M(7087M) 102.159ms
[5214.017s][info][gc,cpu         ] GC(1508) User=0.61s Sys=0.00s Real=0.10s
..|[5215.832s][info][gc,start       ] GC(1509) Pause Young (Allocation Failure)
[5215.927s][info][gc,heap        ] GC(1509) PSYoungGen: 2621572K(2621952K)->154080K(2620928K) Eden: 2451456K(2451456K)->0K(2446848K) From: 170116K(170496K)->154080K(174080K)
[5215.927s][info][gc,heap        ] GC(1509) ParOldGen: 3953833K(4635648K)->4059681K(4635648K)
[5215.927s][info][gc,metaspace   ] GC(1509) Metaspace: 29095K(29376K)->29095K(29376K) NonClass: 25992K(26112K)->25992K(26112K) Class: 3102K(3264K)->3102K(3264K)
[5215.927s][info][gc             ] GC(1509) Pause Young (Allocation Failure) 6421M->4115M(7086M) 95.703ms
[5215.927s][info][gc,cpu         ] GC(1509) User=0.56s Sys=0.00s Real=0.10s
..[5217.710s][info][gc,start       ] GC(1510) Pause Young (Allocation Failure)
[5217.807s][info][gc,heap        ] GC(1510) PSYoungGen: 2600928K(2620928K)->159056K(2606080K) Eden: 2446848K(2446848K)->0K(2446848K) From: 154080K(174080K)->159056K(159232K)
[5217.807s][info][gc,heap        ] GC(1510) ParOldGen: 4059681K(4635648K)->4164169K(4635648K)
[5217.807s][info][gc,metaspace   ] GC(1510) Metaspace: 29095K(29376K)->29095K(29376K) NonClass: 25992K(26112K)->25992K(26112K) Class: 3102K(3264K)->3102K(3264K)
[5217.807s][info][gc             ] GC(1510) Pause Young (Allocation Failure) 6504M->4221M(7072M) 97.775ms
[5217.808s][info][gc,cpu         ] GC(1510) User=0.58s Sys=0.00s Real=0.10s
..[5219.625s][info][gc,start       ] GC(1511) Pause Young (Allocation Failure)
[5219.719s][info][gc,heap        ] GC(1511) PSYoungGen: 2605904K(2606080K)->154160K(2620928K) Eden: 2446848K(2446848K)->0K(2447872K) From: 159056K(159232K)->154160K(173056K)
[5219.719s][info][gc,heap        ] GC(1511) ParOldGen: 4164169K(4635648K)->4267033K(4635648K)
[5219.719s][info][gc,metaspace   ] GC(1511) Metaspace: 29095K(29376K)->29095K(29376K) NonClass: 25992K(26112K)->25992K(26112K) Class: 3102K(3264K)->3102K(3264K)
[5219.719s][info][gc             ] GC(1511) Pause Young (Allocation Failure) 6611M->4317M(7086M) 94.348ms
[5219.719s][info][gc,cpu         ] GC(1511) User=0.56s Sys=0.00s Real=0.09s
..[5221.633s][info][gc,start       ] GC(1512) Pause Young (Allocation Failure)
[5221.736s][info][gc,heap        ] GC(1512) PSYoungGen: 2602032K(2620928K)->169822K(2620416K) Eden: 2447872K(2447872K)->0K(2447872K) From: 154160K(173056K)->169822K(172544K)
[5221.736s][info][gc,heap        ] GC(1512) ParOldGen: 4267033K(4635648K)->4366329K(4635648K)
[5221.736s][info][gc,metaspace   ] GC(1512) Metaspace: 29095K(29376K)->29095K(29376K) NonClass: 25992K(26112K)->25992K(26112K) Class: 3102K(3264K)->3102K(3264K)
[5221.736s][info][gc             ] GC(1512) Pause Young (Allocation Failure) 6708M->4429M(7086M) 103.463ms
[5221.736s][info][gc,cpu         ] GC(1512) User=0.61s Sys=0.00s Real=0.11s
..[5223.512s][info][gc,start       ] GC(1513) Pause Young (Allocation Failure)
[5223.610s][info][gc,heap        ] GC(1513) PSYoungGen: 2617694K(2620416K)->158144K(2621952K) Eden: 2447872K(2447872K)->0K(2446848K) From: 169822K(172544K)->158144K(175104K)
[5223.610s][info][gc,heap        ] GC(1513) ParOldGen: 4366329K(4635648K)->4474105K(4635648K)
[5223.610s][info][gc,metaspace   ] GC(1513) Metaspace: 29095K(29376K)->29095K(29376K) NonClass: 25992K(26112K)->25992K(26112K) Class: 3102K(3264K)->3102K(3264K)
[5223.610s][info][gc             ] GC(1513) Pause Young (Allocation Failure) 6820M->4523M(7087M) 98.708ms
[5223.611s][info][gc,cpu         ] GC(1513) User=0.58s Sys=0.01s Real=0.10s
..[5225.443s][info][gc,start       ] GC(1514) Pause Young (Allocation Failure)
[5225.542s][info][gc,heap        ] GC(1514) PSYoungGen: 2604992K(2621952K)->159616K(2606592K) Eden: 2446848K(2446848K)->0K(2446848K) From: 158144K(175104K)->159616K(159744K)
[5225.542s][info][gc,heap        ] GC(1514) ParOldGen: 4474105K(4635648K)->4579745K(4635648K)
[5225.542s][info][gc,metaspace   ] GC(1514) Metaspace: 29095K(29376K)->29095K(29376K) NonClass: 25992K(26112K)->25992K(26112K) Class: 3102K(3264K)->3102K(3264K)
[5225.542s][info][gc             ] GC(1514) Pause Young (Allocation Failure) 6913M->4628M(7072M) 98.337ms
[5225.542s][info][gc,cpu         ] GC(1514) User=0.58s Sys=0.00s Real=0.10s
..[5227.255s][info][gc,start       ] GC(1515) Pause Young (Allocation Failure)
[5227.357s][info][gc,heap        ] GC(1515) PSYoungGen: 2606464K(2606592K)->159450K(2620416K) Eden: 2446848K(2446848K)->0K(2447872K) From: 159616K(159744K)->159450K(172544K)
[5227.358s][info][gc,heap        ] GC(1515) ParOldGen: 4579745K(4635648K)->4685361K(4685824K)
[5227.358s][info][gc,metaspace   ] GC(1515) Metaspace: 29095K(29376K)->29095K(29376K) NonClass: 25992K(26112K)->25992K(26112K) Class: 3102K(3264K)->3102K(3264K)
[5227.358s][info][gc             ] GC(1515) Pause Young (Allocation Failure) 7017M->4731M(7135M) 102.253ms
[5227.358s][info][gc,cpu         ] GC(1515) User=0.57s Sys=0.02s Real=0.10s
..[5229.263s][info][gc,start       ] GC(1516) Pause Young (Allocation Failure)
[5229.365s][info][gc,heap        ] GC(1516) PSYoungGen: 2607322K(2620416K)->156000K(2619392K) Eden: 2447872K(2447872K)->0K(2447872K) From: 159450K(172544K)->156000K(171520K)
[5229.365s][info][gc,heap        ] GC(1516) ParOldGen: 4685361K(4685824K)->4786601K(4786688K)
[5229.365s][info][gc,metaspace   ] GC(1516) Metaspace: 29095K(29376K)->29095K(29376K) NonClass: 25992K(26112K)->25992K(26112K) Class: 3102K(3264K)->3102K(3264K)
[5229.365s][info][gc             ] GC(1516) Pause Young (Allocation Failure) 7121M->4826M(7232M) 101.777ms
[5229.365s][info][gc,cpu         ] GC(1516) User=0.57s Sys=0.03s Real=0.11s
.[5231.162s][info][gc,start       ] GC(1517) Pause Young (Allocation Failure)
[5231.264s][info][gc,heap        ] GC(1517) PSYoungGen: 2603872K(2619392K)->153620K(2622464K) Eden: 2447872K(2447872K)->0K(2451968K) From: 156000K(171520K)->153620K(170496K)
[5231.264s][info][gc,heap        ] GC(1517) ParOldGen: 4786601K(4786688K)->4894737K(4895232K)
[5231.264s][info][gc,metaspace   ] GC(1517) Metaspace: 29095K(29376K)->29095K(29376K) NonClass: 25992K(26112K)->25992K(26112K) Class: 3102K(3264K)->3102K(3264K)
[5231.264s][info][gc             ] GC(1517) Pause Young (Allocation Failure) 7217M->4930M(7341M) 102.598ms
[5231.264s][info][gc,cpu         ] GC(1517) User=0.56s Sys=0.04s Real=0.10s
..[5233.090s][info][gc,start       ] GC(1518) Pause Young (Allocation Failure)
[5233.197s][info][gc,heap        ] GC(1518) PSYoungGen: 2605588K(2622464K)->170484K(2622464K) Eden: 2451968K(2451968K)->0K(2451968K) From: 153620K(170496K)->170484K(170496K)
[5233.197s][info][gc,heap        ] GC(1518) ParOldGen: 4894737K(4895232K)->5002785K(5003264K)
[5233.197s][info][gc,metaspace   ] GC(1518) Metaspace: 29095K(29376K)->29095K(29376K) NonClass: 25992K(26112K)->25992K(26112K) Class: 3102K(3264K)->3102K(3264K)
[5233.197s][info][gc             ] GC(1518) Pause Young (Allocation Failure) 7324M->5052M(7447M) 106.620ms
[5233.197s][info][gc,cpu         ] GC(1518) User=0.60s Sys=0.03s Real=0.11s
..[5235.076s][info][gc,start       ] GC(1519) Pause Young (Allocation Failure)
[5235.176s][info][gc,heap        ] GC(1519) PSYoungGen: 2622452K(2622464K)->159488K(2546688K) Eden: 2451968K(2451968K)->0K(2373120K) From: 170484K(170496K)->159488K(173568K)
[5235.176s][info][gc,heap        ] GC(1519) ParOldGen: 5002785K(5003264K)->5105857K(5106176K)
[5235.176s][info][gc,metaspace   ] GC(1519) Metaspace: 29095K(29376K)->29095K(29376K) NonClass: 25992K(26112K)->25992K(26112K) Class: 3102K(3264K)->3102K(3264K)
[5235.176s][info][gc             ] GC(1519) Pause Young (Allocation Failure) 7446M->5141M(7473M) 100.028ms
[5235.176s][info][gc,cpu         ] GC(1519) User=0.55s Sys=0.04s Real=0.10s
..[5236.883s][info][gc,start       ] GC(1520) Pause Young (Allocation Failure)
[5236.989s][info][gc,heap        ] GC(1520) PSYoungGen: 2532608K(2546688K)->161065K(2584576K) Eden: 2373120K(2373120K)->0K(2373120K) From: 159488K(173568K)->161065K(211456K)
[5236.989s][info][gc,heap        ] GC(1520) ParOldGen: 5105857K(5106176K)->5213849K(5214208K)
[5236.989s][info][gc,metaspace   ] GC(1520) Metaspace: 29095K(29376K)->29095K(29376K) NonClass: 25992K(26112K)->25992K(26112K) Class: 3102K(3264K)->3102K(3264K)
[5236.989s][info][gc             ] GC(1520) Pause Young (Allocation Failure) 7459M->5248M(7616M) 105.986ms
[5236.989s][info][gc,cpu         ] GC(1520) User=0.60s Sys=0.03s Real=0.11s
..[5238.748s][info][gc,start       ] GC(1521) Pause Young (Allocation Failure)
[5238.848s][info][gc,heap        ] GC(1521) PSYoungGen: 2534185K(2584576K)->151904K(2578944K) Eden: 2373120K(2373120K)->0K(2375680K) From: 161065K(211456K)->151904K(203264K)
[5238.848s][info][gc,heap        ] GC(1521) ParOldGen: 5213849K(5214208K)->5313657K(5314048K)
[5238.848s][info][gc,metaspace   ] GC(1521) Metaspace: 29095K(29376K)->29095K(29376K) NonClass: 25992K(26112K)->25992K(26112K) Class: 3102K(3264K)->3102K(3264K)
[5238.848s][info][gc             ] GC(1521) Pause Young (Allocation Failure) 7566M->5337M(7708M) 99.229ms
[5238.848s][info][gc,cpu         ] GC(1521) User=0.55s Sys=0.03s Real=0.10s
..[5240.585s][info][gc,start       ] GC(1522) Pause Young (Allocation Failure)
[5240.685s][info][gc,heap        ] GC(1522) PSYoungGen: 2527584K(2578944K)->152618K(2583040K) Eden: 2375680K(2375680K)->0K(2375680K) From: 151904K(203264K)->152618K(207360K)
[5240.685s][info][gc,heap        ] GC(1522) ParOldGen: 5313657K(5314048K)->5418809K(5419008K)
[5240.685s][info][gc,metaspace   ] GC(1522) Metaspace: 29095K(29376K)->29095K(29376K) NonClass: 25992K(26112K)->25992K(26112K) Class: 3102K(3264K)->3102K(3264K)
[5240.685s][info][gc             ] GC(1522) Pause Young (Allocation Failure) 7657M->5440M(7814M) 100.001ms
[5240.685s][info][gc,cpu         ] GC(1522) User=0.55s Sys=0.04s Real=0.10s
..[5242.486s][info][gc,start       ] GC(1523) Pause Young (Allocation Failure)
[5242.582s][info][gc,heap        ] GC(1523) PSYoungGen: 2528298K(2583040K)->145568K(2586112K) Eden: 2375680K(2375680K)->0K(2382848K) From: 152618K(207360K)->145568K(203264K)
[5242.582s][info][gc,heap        ] GC(1523) ParOldGen: 5418809K(5419008K)->5519905K(5520384K)
[5242.582s][info][gc,metaspace   ] GC(1523) Metaspace: 29095K(29376K)->29095K(29376K) NonClass: 25992K(26112K)->25992K(26112K) Class: 3102K(3264K)->3102K(3264K)
[5242.582s][info][gc             ] GC(1523) Pause Young (Allocation Failure) 7760M->5532M(7916M) 96.116ms
[5242.582s][info][gc,cpu         ] GC(1523) User=0.54s Sys=0.02s Real=0.09s
..[5244.313s][info][gc,start       ] GC(1524) Pause Full (Allocation Failure)
[5244.313s][info][gc,phases,start] GC(1524) Marking Phase
[5244.625s][info][gc,phases      ] GC(1524) Marking Phase 311.671ms
[5244.625s][info][gc,phases,start] GC(1524) Summary Phase
[5244.625s][info][gc,phases      ] GC(1524) Summary Phase 0.107ms
[5244.625s][info][gc,phases,start] GC(1524) Forward
[5244.754s][info][gc,phases      ] GC(1524) Forward 129.298ms
[5244.754s][info][gc,phases,start] GC(1524) Adjust Pointers
[5244.964s][info][gc,phases      ] GC(1524) Adjust Pointers 209.454ms
[5244.964s][info][gc,phases,start] GC(1524) Compaction Phase
[5245.110s][info][gc,phases      ] GC(1524) Compaction Phase 146.557ms
[5245.111s][info][gc,phases,start] GC(1524) Post Compact
[5245.118s][info][gc,phases      ] GC(1524) Post Compact 6.874ms
[5245.249s][info][gc,heap        ] GC(1524) PSYoungGen: 2528416K(2586112K)->0K(2588160K) Eden: 2382848K(2382848K)->0K(2382848K) From: 145568K(203264K)->0K(205312K)
[5245.249s][info][gc,heap        ] GC(1524) ParOldGen: 5519905K(5520384K)->1611823K(1950208K)
[5245.249s][info][gc,metaspace   ] GC(1524) Metaspace: 29095K(29376K)->29095K(29376K) NonClass: 25992K(26112K)->25992K(26112K) Class: 3102K(3264K)->3102K(3264K)
[5245.249s][info][gc             ] GC(1524) Pause Full (Allocation Failure) 7859M->1574M(4432M) 935.962ms
[5245.249s][info][gc,cpu         ] GC(1524) User=4.34s Sys=0.13s Real=0.94s
.[5246.477s][info][gc,start       ] GC(1525) Pause Young (Allocation Failure)
[5246.543s][info][gc,heap        ] GC(1525) PSYoungGen: 2382848K(2588160K)->157553K(2584576K) Eden: 2382848K(2382848K)->0K(2385408K) From: 0K(205312K)->157553K(199168K)
[5246.543s][info][gc,heap        ] GC(1525) ParOldGen: 1611823K(1950208K)->1611823K(1950208K)
[5246.543s][info][gc,metaspace   ] GC(1525) Metaspace: 29095K(29376K)->29095K(29376K) NonClass: 25992K(26112K)->25992K(26112K) Class: 3102K(3264K)->3102K(3264K)
[5246.543s][info][gc             ] GC(1525) Pause Young (Allocation Failure) 3901M->1727M(4428M) 65.289ms
[5246.543s][info][gc,cpu         ] GC(1525) User=0.38s Sys=0.00s Real=0.06s
..[5248.045s][info][gc,start       ] GC(1526) Pause Young (Allocation Failure)
[5248.148s][info][gc,heap        ] GC(1526) PSYoungGen: 2542961K(2584576K)->176415K(2587648K) Eden: 2385408K(2385408K)->0K(2385408K) From: 157553K(199168K)->176415K(202240K)
[5248.148s][info][gc,heap        ] GC(1526) ParOldGen: 1611823K(1950208K)->1716271K(1950208K)
[5248.148s][info][gc,metaspace   ] GC(1526) Metaspace: 29095K(29376K)->29095K(29376K) NonClass: 25992K(26112K)->25992K(26112K) Class: 3102K(3264K)->3102K(3264K)
[5248.148s][info][gc             ] GC(1526) Pause Young (Allocation Failure) 4057M->1848M(4431M) 102.981ms
[5248.148s][info][gc,cpu         ] GC(1526) User=0.61s Sys=0.00s Real=0.10s
..[5249.904s][info][gc,start       ] GC(1527) Pause Young (Allocation Failure)
[5249.995s][info][gc,heap        ] GC(1527) PSYoungGen: 2561823K(2587648K)->156480K(2589696K) Eden: 2385408K(2385408K)->0K(2390528K) From: 176415K(202240K)->156480K(199168K)
[5249.995s][info][gc,heap        ] GC(1527) ParOldGen: 1716271K(1950208K)->1815175K(1950208K)
[5249.995s][info][gc,metaspace   ] GC(1527) Metaspace: 29095K(29376K)->29095K(29376K) NonClass: 25992K(26112K)->25992K(26112K) Class: 3102K(3264K)->3102K(3264K)
[5249.995s][info][gc             ] GC(1527) Pause Young (Allocation Failure) 4177M->1925M(4433M) 91.041ms
[5249.995s][info][gc,cpu         ] GC(1527) User=0.54s Sys=0.00s Real=0.10s
..[5251.770s][info][gc,start       ] GC(1528) Pause Young (Allocation Failure)
[5251.865s][info][gc,heap        ] GC(1528) PSYoungGen: 2547008K(2589696K)->156608K(2591232K) Eden: 2390528K(2390528K)->0K(2390528K) From: 156480K(199168K)->156608K(200704K)
[5251.865s][info][gc,heap        ] GC(1528) ParOldGen: 1815175K(1950208K)->1918791K(1950208K)
[5251.865s][info][gc,metaspace   ] GC(1528) Metaspace: 29095K(29376K)->29095K(29376K) NonClass: 25992K(26112K)->25992K(26112K) Class: 3102K(3264K)->3102K(3264K)
[5251.865s][info][gc             ] GC(1528) Pause Young (Allocation Failure) 4259M->2026M(4435M) 94.941ms
[5251.865s][info][gc,cpu         ] GC(1528) User=0.56s Sys=0.00s Real=0.10s
.[5253.585s][info][gc,start       ] GC(1529) Pause Young (Allocation Failure)
[5253.685s][info][gc,heap        ] GC(1529) PSYoungGen: 2547136K(2591232K)->161540K(2590208K) Eden: 2390528K(2390528K)->0K(2397184K) From: 156608K(200704K)->161540K(193024K)
[5253.685s][info][gc,heap        ] GC(1529) ParOldGen: 1918791K(1950208K)->2023295K(2023424K)
[5253.685s][info][gc,metaspace   ] GC(1529) Metaspace: 29095K(29376K)->29095K(29376K) NonClass: 25992K(26112K)->25992K(26112K) Class: 3102K(3264K)->3102K(3264K)
[5253.685s][info][gc             ] GC(1529) Pause Young (Allocation Failure) 4361M->2133M(4505M) 100.652ms
[5253.685s][info][gc,cpu         ] GC(1529) User=0.57s Sys=0.01s Real=0.10s
..[5255.405s][info][gc,start       ] GC(1530) Pause Young (Allocation Failure)
[5255.501s][info][gc,heap        ] GC(1530) PSYoungGen: 2558724K(2590208K)->148224K(2592256K) Eden: 2397184K(2397184K)->0K(2397184K) From: 161540K(193024K)->148224K(195072K)
[5255.501s][info][gc,heap        ] GC(1530) ParOldGen: 2023295K(2023424K)->2124935K(2125312K)
[5255.501s][info][gc,metaspace   ] GC(1530) Metaspace: 29095K(29376K)->29095K(29376K) NonClass: 25992K(26112K)->25992K(26112K) Class: 3102K(3264K)->3102K(3264K)
[5255.501s][info][gc             ] GC(1530) Pause Young (Allocation Failure) 4474M->2219M(4607M) 95.313ms
[5255.501s][info][gc,cpu         ] GC(1530) User=0.51s Sys=0.04s Real=0.09s
..[5257.298s][info][gc,start       ] GC(1531) Pause Young (Allocation Failure)
[5257.395s][info][gc,heap        ] GC(1531) PSYoungGen: 2545408K(2592256K)->153269K(2596864K) Eden: 2397184K(2397184K)->0K(2406912K) From: 148224K(195072K)->153269K(189952K)
[5257.395s][info][gc,heap        ] GC(1531) ParOldGen: 2124935K(2125312K)->2228623K(2228736K)
[5257.395s][info][gc,metaspace   ] GC(1531) Metaspace: 29095K(29376K)->29095K(29376K) NonClass: 25992K(26112K)->25992K(26112K) Class: 3102K(3264K)->3102K(3264K)
[5257.395s][info][gc             ] GC(1531) Pause Young (Allocation Failure) 4560M->2326M(4712M) 96.554ms
[5257.395s][info][gc,cpu         ] GC(1531) User=0.54s Sys=0.03s Real=0.10s
..[5259.139s][info][gc,start       ] GC(1532) Pause Young (Allocation Failure)
[5259.237s][info][gc,heap        ] GC(1532) PSYoungGen: 2560181K(2596864K)->154072K(2599424K) Eden: 2406912K(2406912K)->0K(2406912K) From: 153269K(189952K)->154072K(192512K)
[5259.237s][info][gc,heap        ] GC(1532) ParOldGen: 2228623K(2228736K)->2333503K(2333696K)
[5259.237s][info][gc,metaspace   ] GC(1532) Metaspace: 29095K(29376K)->29095K(29376K) NonClass: 25992K(26112K)->25992K(26112K) Class: 3102K(3264K)->3102K(3264K)
[5259.237s][info][gc             ] GC(1532) Pause Young (Allocation Failure) 4676M->2429M(4817M) 97.847ms
[5259.237s][info][gc,cpu         ] GC(1532) User=0.55s Sys=0.04s Real=0.10s
..[5261.064s][info][gc,start       ] GC(1533) Pause Young (Allocation Failure)
[5261.165s][info][gc,heap        ] GC(1533) PSYoungGen: 2560984K(2599424K)->164117K(2601472K) Eden: 2406912K(2406912K)->0K(2413568K) From: 154072K(192512K)->164117K(187904K)
[5261.165s][info][gc,heap        ] GC(1533) ParOldGen: 2333503K(2333696K)->2434143K(2434560K)
[5261.165s][info][gc,metaspace   ] GC(1533) Metaspace: 29095K(29376K)->29095K(29376K) NonClass: 25992K(26112K)->25992K(26112K) Class: 3102K(3264K)->3102K(3264K)
[5261.165s][info][gc             ] GC(1533) Pause Young (Allocation Failure) 4779M->2537M(4918M) 100.750ms
[5261.165s][info][gc,cpu         ] GC(1533) User=0.57s Sys=0.03s Real=0.11s
..[5262.952s][info][gc,start       ] GC(1534) Pause Young (Allocation Failure)
[5263.048s][info][gc,heap        ] GC(1534) PSYoungGen: 2577685K(2601472K)->157056K(2602496K) Eden: 2413568K(2413568K)->0K(2413568K) From: 164117K(187904K)->157056K(188928K)
[5263.048s][info][gc,heap        ] GC(1534) ParOldGen: 2434143K(2434560K)->2535455K(2535936K)
[5263.048s][info][gc,metaspace   ] GC(1534) Metaspace: 29095K(29376K)->29095K(29376K) NonClass: 25992K(26112K)->25992K(26112K) Class: 3102K(3264K)->3102K(3264K)
[5263.048s][info][gc             ] GC(1534) Pause Young (Allocation Failure) 4894M->2629M(5018M) 96.808ms
[5263.048s][info][gc,cpu         ] GC(1534) User=0.54s Sys=0.02s Real=0.10s
..[5264.848s][info][gc,start       ] GC(1535) Pause Young (Allocation Failure)
[5264.945s][info][gc,heap        ] GC(1535) PSYoungGen: 2570624K(2602496K)->156608K(2604544K) Eden: 2413568K(2413568K)->0K(2420736K) From: 157056K(188928K)->156608K(183808K)
[5264.945s][info][gc,heap        ] GC(1535) ParOldGen: 2535455K(2535936K)->2640839K(2640896K)
[5264.945s][info][gc,metaspace   ] GC(1535) Metaspace: 29095K(29376K)->29095K(29376K) NonClass: 25992K(26112K)->25992K(26112K) Class: 3102K(3264K)->3102K(3264K)
[5264.945s][info][gc             ] GC(1535) Pause Young (Allocation Failure) 4986M->2731M(5122M) 97.410ms
[5264.945s][info][gc,cpu         ] GC(1535) User=0.54s Sys=0.04s Real=0.10s
.[5266.656s][info][gc,start       ] GC(1536) Pause Young (Allocation Failure)
[5266.755s][info][gc,heap        ] GC(1536) PSYoungGen: 2577344K(2604544K)->156804K(2605056K) Eden: 2420736K(2420736K)->0K(2420736K) From: 156608K(183808K)->156804K(184320K)
[5266.755s][info][gc,heap        ] GC(1536) ParOldGen: 2640839K(2640896K)->2744039K(2744320K)
[5266.755s][info][gc,metaspace   ] GC(1536) Metaspace: 29095K(29376K)->29095K(29376K) NonClass: 25992K(26112K)->25992K(26112K) Class: 3102K(3264K)->3102K(3264K)
[5266.755s][info][gc             ] GC(1536) Pause Young (Allocation Failure) 5095M->2832M(5224M) 99.107ms
[5266.755s][info][gc,cpu         ] GC(1536) User=0.55s Sys=0.04s Real=0.10s
..[5268.584s][info][gc,start       ] GC(1537) Pause Young (Allocation Failure)
[5268.686s][info][gc,heap        ] GC(1537) PSYoungGen: 2577540K(2605056K)->164900K(2610176K) Eden: 2420736K(2420736K)->0K(2427904K) From: 156804K(184320K)->164900K(182272K)
[5268.686s][info][gc,heap        ] GC(1537) ParOldGen: 2744039K(2744320K)->2845999K(2846208K)
[5268.686s][info][gc,metaspace   ] GC(1537) Metaspace: 29095K(29376K)->29095K(29376K) NonClass: 25992K(26112K)->25992K(26112K) Class: 3102K(3264K)->3102K(3264K)
[5268.686s][info][gc             ] GC(1537) Pause Young (Allocation Failure) 5196M->2940M(5328M) 101.894ms
[5268.686s][info][gc,cpu         ] GC(1537) User=0.57s Sys=0.02s Real=0.11s
..[5270.465s][info][gc,start       ] GC(1538) Pause Young (Allocation Failure)
[5270.565s][info][gc,heap        ] GC(1538) PSYoungGen: 2592804K(2610176K)->154208K(2610176K) Eden: 2427904K(2427904K)->0K(2427904K) From: 164900K(182272K)->154208K(182272K)
[5270.565s][info][gc,heap        ] GC(1538) ParOldGen: 2845999K(2846208K)->2952351K(2952704K)
[5270.565s][info][gc,metaspace   ] GC(1538) Metaspace: 29095K(29376K)->29095K(29376K) NonClass: 25992K(26112K)->25992K(26112K) Class: 3102K(3264K)->3102K(3264K)
[5270.565s][info][gc             ] GC(1538) Pause Young (Allocation Failure) 5311M->3033M(5432M) 99.972ms
[5270.565s][info][gc,cpu         ] GC(1538) User=0.55s Sys=0.03s Real=0.10s
..[5272.377s][info][gc,start       ] GC(1539) Pause Young (Allocation Failure)
[5272.474s][info][gc,heap        ] GC(1539) PSYoungGen: 2582112K(2610176K)->148832K(2612224K) Eden: 2427904K(2427904K)->0K(2431488K) From: 154208K(182272K)->148832K(180736K)
[5272.474s][info][gc,heap        ] GC(1539) ParOldGen: 2952351K(2952704K)->3055327K(3055616K)
[5272.474s][info][gc,metaspace   ] GC(1539) Metaspace: 29095K(29376K)->29095K(29376K) NonClass: 25992K(26112K)->25992K(26112K) Class: 3102K(3264K)->3102K(3264K)
[5272.474s][info][gc             ] GC(1539) Pause Young (Allocation Failure) 5404M->3129M(5535M) 96.597ms
[5272.474s][info][gc,cpu         ] GC(1539) User=0.53s Sys=0.03s Real=0.09s
..[5274.181s][info][gc,start       ] GC(1540) Pause Young (Allocation Failure)
[5274.276s][info][gc,heap        ] GC(1540) PSYoungGen: 2580320K(2612224K)->144384K(2612224K) Eden: 2431488K(2431488K)->0K(2431488K) From: 148832K(180736K)->144384K(180736K)
[5274.276s][info][gc,heap        ] GC(1540) ParOldGen: 3055327K(3055616K)->3159959K(3160064K)
[5274.276s][info][gc,metaspace   ] GC(1540) Metaspace: 29095K(29376K)->29095K(29376K) NonClass: 25992K(26112K)->25992K(26112K) Class: 3102K(3264K)->3102K(3264K)
[5274.276s][info][gc             ] GC(1540) Pause Young (Allocation Failure) 5503M->3226M(5637M) 95.222ms
[5274.276s][info][gc,cpu         ] GC(1540) User=0.53s Sys=0.03s Real=0.10s
.. (rIR:aIR:PR = 8994:8946:8946) (tPR = 133751) [OK] 
  5275s: Performance info:
         Transaction,    Success,    Partial,     Failed,   Receipts, AvgBarcode, 
             Overall,     542115,          0,          0,     514941,      59.48, 
         Response times:
             Request,    Success,    Partial,     Failed,   SkipFail,     Probes,    Samples,      min,      p50,      p90,      p95,      p99,      max, 
       TotalPurchase,     514941,          0,          0,          0,     356311,     439095,      200,     6200,    45000,    85000,   750000,  1100000,
     InStorePurchase,     269306,          0,          0,          0,     187072,     230665,      200,     6200,    45000,    86000,   720000,  1100000,
      OnlinePurchase,     191420,          0,          0,          0,     130992,     161211,      300,     6100,    44000,    83000,   720000,  1100000,
        InstPurchase,      54215,          0,          0,          0,      38247,      47219,      400,     6800,    49000,    87000,   820000,   930000,
          AssocOfCat,        545,          0,          0,          0,        441,        632,    21000,    40500,    98600,   161350,   673500,   760000,
      AssocOfProduct,       5452,          0,          0,          0,       3895,       4979,      700,     6700,    48000,    89000,   830000,   870000,
      BusinessReport,       1357,          0,          0,          0,       1190,       1605,    29000,    50000,   121000,   163000,   463000,   549000,
          CustBuyBeh,       5478,          0,          0,          0,       3865,       5016,      100,     5500,    42000,    83000,   690000,   890000,
       ProductReturn,      14342,          0,          0,          0,      10063,      12812,      200,     6200,    44000,    82000,   650000,   950000,

  5275s: (66%)   IR =   9132 [5276.108s][info][gc,start       ] GC(1541) Pause Young (Allocation Failure)
[5276.206s][info][gc,heap        ] GC(1541) PSYoungGen: 2575872K(2612224K)->156544K(2611200K) Eden: 2431488K(2431488K)->0K(2434560K) From: 144384K(180736K)->156544K(176640K)
[5276.206s][info][gc,heap        ] GC(1541) ParOldGen: 3159959K(3160064K)->3264023K(3264512K)
[5276.206s][info][gc,metaspace   ] GC(1541) Metaspace: 29095K(29376K)->29095K(29376K) NonClass: 25992K(26112K)->25992K(26112K) Class: 3102K(3264K)->3102K(3264K)
[5276.206s][info][gc             ] GC(1541) Pause Young (Allocation Failure) 5601M->3340M(5738M) 97.998ms
[5276.206s][info][gc,cpu         ] GC(1541) User=0.54s Sys=0.03s Real=0.10s
..[5277.983s][info][gc,start       ] GC(1542) Pause Young (Allocation Failure)
[5278.081s][info][gc,heap        ] GC(1542) PSYoungGen: 2591104K(2611200K)->157888K(2613248K) Eden: 2434560K(2434560K)->0K(2434560K) From: 156544K(176640K)->157888K(178688K)
[5278.081s][info][gc,heap        ] GC(1542) ParOldGen: 3264023K(3264512K)->3366071K(3366400K)
[5278.081s][info][gc,metaspace   ] GC(1542) Metaspace: 29095K(29376K)->29095K(29376K) NonClass: 25992K(26112K)->25992K(26112K) Class: 3102K(3264K)->3102K(3264K)
[5278.081s][info][gc             ] GC(1542) Pause Young (Allocation Failure) 5717M->3441M(5839M) 98.487ms
[5278.081s][info][gc,cpu         ] GC(1542) User=0.56s Sys=0.03s Real=0.10s
.[5279.878s][info][gc,start       ] GC(1543) Pause Young (Allocation Failure)
[5279.986s][info][gc,heap        ] GC(1543) PSYoungGen: 2592448K(2613248K)->171157K(2612224K) Eden: 2434560K(2434560K)->0K(2435584K) From: 157888K(178688K)->171157K(176640K)
[5279.986s][info][gc,heap        ] GC(1543) ParOldGen: 3366071K(3366400K)->3471743K(3471872K)
[5279.986s][info][gc,metaspace   ] GC(1543) Metaspace: 29095K(29376K)->29095K(29376K) NonClass: 25992K(26112K)->25992K(26112K) Class: 3102K(3264K)->3102K(3264K)
[5279.986s][info][gc             ] GC(1543) Pause Young (Allocation Failure) 5818M->3557M(5941M) 107.893ms
[5279.986s][info][gc,cpu         ] GC(1543) User=0.61s Sys=0.03s Real=0.11s
..[5281.705s][info][gc,start       ] GC(1544) Pause Young (Allocation Failure)
[5281.811s][info][gc,heap        ] GC(1544) PSYoungGen: 2606741K(2612224K)->169797K(2605568K) Eden: 2435584K(2435584K)->0K(2435584K) From: 171157K(176640K)->169797K(169984K)
[5281.812s][info][gc,heap        ] GC(1544) ParOldGen: 3471743K(3471872K)->3576231K(3576320K)
[5281.812s][info][gc,metaspace   ] GC(1544) Metaspace: 29095K(29376K)->29095K(29376K) NonClass: 25992K(26112K)->25992K(26112K) Class: 3102K(3264K)->3102K(3264K)
[5281.812s][info][gc             ] GC(1544) Pause Young (Allocation Failure) 5936M->3658M(6037M) 106.381ms
[5281.812s][info][gc,cpu         ] GC(1544) User=0.60s Sys=0.04s Real=0.10s
..|[5283.527s][info][gc,start       ] GC(1545) Pause Young (Allocation Failure)
[5283.630s][info][gc,heap        ] GC(1545) PSYoungGen: 2605381K(2605568K)->163344K(2614784K) Eden: 2435584K(2435584K)->0K(2432512K) From: 169797K(169984K)->163344K(182272K)
[5283.630s][info][gc,heap        ] GC(1545) ParOldGen: 3576231K(3576320K)->3679567K(3679744K)
[5283.630s][info][gc,metaspace   ] GC(1545) Metaspace: 29095K(29376K)->29095K(29376K) NonClass: 25992K(26112K)->25992K(26112K) Class: 3102K(3264K)->3102K(3264K)
[5283.630s][info][gc             ] GC(1545) Pause Young (Allocation Failure) 6036M->3752M(6147M) 103.048ms
[5283.630s][info][gc,cpu         ] GC(1545) User=0.57s Sys=0.03s Real=0.10s
..[5285.378s][info][gc,start       ] GC(1546) Pause Young (Allocation Failure)
[5285.480s][info][gc,heap        ] GC(1546) PSYoungGen: 2595856K(2614784K)->157568K(2590208K) Eden: 2432512K(2432512K)->0K(2432512K) From: 163344K(182272K)->157568K(157696K)
[5285.480s][info][gc,heap        ] GC(1546) ParOldGen: 3679567K(3679744K)->3781559K(3781632K)
[5285.480s][info][gc,metaspace   ] GC(1546) Metaspace: 29095K(29376K)->29095K(29376K) NonClass: 25992K(26112K)->25992K(26112K) Class: 3102K(3264K)->3102K(3264K)
[5285.480s][info][gc             ] GC(1546) Pause Young (Allocation Failure) 6128M->3846M(6222M) 101.349ms
[5285.480s][info][gc,cpu         ] GC(1546) User=0.56s Sys=0.03s Real=0.10s
..[5287.202s][info][gc,start       ] GC(1547) Pause Young (Allocation Failure)
[5287.301s][info][gc,heap        ] GC(1547) PSYoungGen: 2590080K(2590208K)->146964K(2612224K) Eden: 2432512K(2432512K)->0K(2432512K) From: 157568K(157696K)->146964K(179712K)
[5287.301s][info][gc,heap        ] GC(1547) ParOldGen: 3781559K(3781632K)->3887047K(3887104K)
[5287.301s][info][gc,metaspace   ] GC(1547) Metaspace: 29095K(29376K)->29095K(29376K) NonClass: 25992K(26112K)->25992K(26112K) Class: 3102K(3264K)->3102K(3264K)
[5287.301s][info][gc             ] GC(1547) Pause Young (Allocation Failure) 6222M->3939M(6347M) 98.267ms
[5287.301s][info][gc,cpu         ] GC(1547) User=0.55s Sys=0.03s Real=0.10s
..[5289.093s][info][gc,start       ] GC(1548) Pause Young (Allocation Failure)
[5289.197s][info][gc,heap        ] GC(1548) PSYoungGen: 2579476K(2612224K)->165728K(2612224K) Eden: 2432512K(2432512K)->0K(2432512K) From: 146964K(179712K)->165728K(179712K)
[5289.197s][info][gc,heap        ] GC(1548) ParOldGen: 3887047K(3887104K)->3993239K(3993600K)
[5289.197s][info][gc,metaspace   ] GC(1548) Metaspace: 29095K(29376K)->29095K(29376K) NonClass: 25992K(26112K)->25992K(26112K) Class: 3102K(3264K)->3102K(3264K)
[5289.197s][info][gc             ] GC(1548) Pause Young (Allocation Failure) 6314M->4061M(6451M) 103.772ms
[5289.197s][info][gc,cpu         ] GC(1548) User=0.58s Sys=0.03s Real=0.11s
.[5290.922s][info][gc,start       ] GC(1549) Pause Young (Allocation Failure)
[5291.021s][info][gc,heap        ] GC(1549) PSYoungGen: 2598240K(2612224K)->154144K(2614784K) Eden: 2432512K(2432512K)->0K(2436096K) From: 165728K(179712K)->154144K(178688K)
[5291.021s][info][gc,heap        ] GC(1549) ParOldGen: 3993239K(3993600K)->4095295K(4095488K)
[5291.021s][info][gc,metaspace   ] GC(1549) Metaspace: 29095K(29376K)->29095K(29376K) NonClass: 25992K(26112K)->25992K(26112K) Class: 3102K(3264K)->3102K(3264K)
[5291.021s][info][gc             ] GC(1549) Pause Young (Allocation Failure) 6436M->4149M(6553M) 99.243ms
[5291.021s][info][gc,cpu         ] GC(1549) User=0.55s Sys=0.03s Real=0.10s
..[5292.796s][info][gc,start       ] GC(1550) Pause Young (Allocation Failure)
[5292.903s][info][gc,heap        ] GC(1550) PSYoungGen: 2590240K(2614784K)->172713K(2609152K) Eden: 2436096K(2436096K)->0K(2436096K) From: 154144K(178688K)->172713K(173056K)
[5292.903s][info][gc,heap        ] GC(1550) ParOldGen: 4095295K(4095488K)->4197183K(4197376K)
[5292.903s][info][gc,metaspace   ] GC(1550) Metaspace: 29095K(29376K)->29095K(29376K) NonClass: 25992K(26112K)->25992K(26112K) Class: 3102K(3264K)->3102K(3264K)
[5292.903s][info][gc             ] GC(1550) Pause Young (Allocation Failure) 6528M->4267M(6647M) 106.289ms
[5292.903s][info][gc,cpu         ] GC(1550) User=0.61s Sys=0.02s Real=0.10s
..[5294.703s][info][gc,start       ] GC(1551) Pause Young (Allocation Failure)
[5294.807s][info][gc,heap        ] GC(1551) PSYoungGen: 2608809K(2609152K)->160836K(2615808K) Eden: 2436096K(2436096K)->0K(2433536K) From: 172713K(173056K)->160836K(182272K)
[5294.807s][info][gc,heap        ] GC(1551) ParOldGen: 4197183K(4197376K)->4304783K(4304896K)
[5294.807s][info][gc,metaspace   ] GC(1551) Metaspace: 29095K(29376K)->29095K(29376K) NonClass: 25992K(26112K)->25992K(26112K) Class: 3102K(3264K)->3102K(3264K)
[5294.807s][info][gc             ] GC(1551) Pause Young (Allocation Failure) 6646M->4360M(6758M) 104.417ms
[5294.807s][info][gc,cpu         ] GC(1551) User=0.59s Sys=0.03s Real=0.11s
..[5296.516s][info][gc,start       ] GC(1552) Pause Young (Allocation Failure)
[5296.616s][info][gc,heap        ] GC(1552) PSYoungGen: 2594372K(2615808K)->158068K(2591744K) Eden: 2433536K(2433536K)->0K(2433536K) From: 160836K(182272K)->158068K(158208K)
[5296.616s][info][gc,heap        ] GC(1552) ParOldGen: 4304783K(4304896K)->4407599K(4407808K)
[5296.616s][info][gc,metaspace   ] GC(1552) Metaspace: 29095K(29376K)->29095K(29376K) NonClass: 25992K(26112K)->25992K(26112K) Class: 3102K(3264K)->3102K(3264K)
[5296.616s][info][gc             ] GC(1552) Pause Young (Allocation Failure) 6737M->4458M(6835M) 100.057ms
[5296.616s][info][gc,cpu         ] GC(1552) User=0.55s Sys=0.04s Real=0.10s
..[5298.365s][info][gc,start       ] GC(1553) Pause Young (Allocation Failure)
[5298.463s][info][gc,heap        ] GC(1553) PSYoungGen: 2591604K(2591744K)->148160K(2612224K) Eden: 2433536K(2433536K)->0K(2433536K) From: 158068K(158208K)->148160K(178688K)
[5298.463s][info][gc,heap        ] GC(1553) ParOldGen: 4407599K(4407808K)->4512239K(4512256K)
[5298.463s][info][gc,metaspace   ] GC(1553) Metaspace: 29095K(29376K)->29095K(29376K) NonClass: 25992K(26112K)->25992K(26112K) Class: 3102K(3264K)->3102K(3264K)
[5298.463s][info][gc             ] GC(1553) Pause Young (Allocation Failure) 6835M->4551M(6957M) 98.219ms
[5298.463s][info][gc,cpu         ] GC(1553) User=0.56s Sys=0.02s Real=0.09s
..[5300.333s][info][gc,start       ] GC(1554) Pause Young (Allocation Failure)
[5300.432s][info][gc,heap        ] GC(1554) PSYoungGen: 2581696K(2612224K)->152773K(2612224K) Eden: 2433536K(2433536K)->0K(2433536K) From: 148160K(178688K)->152773K(178688K)
[5300.432s][info][gc,heap        ] GC(1554) ParOldGen: 4512239K(4512256K)->4616335K(4616704K)
[5300.432s][info][gc,metaspace   ] GC(1554) Metaspace: 29095K(29376K)->29095K(29376K) NonClass: 25992K(26112K)->25992K(26112K) Class: 3102K(3264K)->3102K(3264K)
[5300.432s][info][gc             ] GC(1554) Pause Young (Allocation Failure) 6927M->4657M(7059M) 98.733ms
[5300.432s][info][gc,cpu         ] GC(1554) User=0.55s Sys=0.04s Real=0.10s
..[5302.151s][info][gc,start       ] GC(1555) Pause Young (Allocation Failure)
[5302.249s][info][gc,heap        ] GC(1555) PSYoungGen: 2586309K(2612224K)->147296K(2616320K) Eden: 2433536K(2433536K)->0K(2438656K) From: 152773K(178688K)->147296K(177664K)
[5302.249s][info][gc,heap        ] GC(1555) ParOldGen: 4616335K(4616704K)->4719319K(4719616K)
[5302.249s][info][gc,metaspace   ] GC(1555) Metaspace: 29095K(29376K)->29095K(29376K) NonClass: 25992K(26112K)->25992K(26112K) Class: 3102K(3264K)->3102K(3264K)
[5302.249s][info][gc             ] GC(1555) Pause Young (Allocation Failure) 7033M->4752M(7164M) 97.383ms
[5302.249s][info][gc,cpu         ] GC(1555) User=0.53s Sys=0.03s Real=0.10s
.[5304.022s][info][gc,start       ] GC(1556) Pause Young (Allocation Failure)
[5304.123s][info][gc,heap        ] GC(1556) PSYoungGen: 2585952K(2616320K)->156288K(2616320K) Eden: 2438656K(2438656K)->0K(2438656K) From: 147296K(177664K)->156288K(177664K)
[5304.123s][info][gc,heap        ] GC(1556) ParOldGen: 4719319K(4719616K)->4823967K(4824064K)
[5304.123s][info][gc,metaspace   ] GC(1556) Metaspace: 29095K(29376K)->29095K(29376K) NonClass: 25992K(26112K)->25992K(26112K) Class: 3102K(3264K)->3102K(3264K)
[5304.123s][info][gc             ] GC(1556) Pause Young (Allocation Failure) 7134M->4863M(7266M) 100.404ms
[5304.123s][info][gc,cpu         ] GC(1556) User=0.57s Sys=0.03s Real=0.10s
..[5305.927s][info][gc,start       ] GC(1557) Pause Young (Allocation Failure)
[5306.027s][info][gc,heap        ] GC(1557) PSYoungGen: 2594944K(2616320K)->155456K(2615808K) Eden: 2438656K(2438656K)->0K(2442240K) From: 156288K(177664K)->155456K(173568K)
[5306.027s][info][gc,heap        ] GC(1557) ParOldGen: 4823967K(4824064K)->4928223K(4928512K)
[5306.027s][info][gc,metaspace   ] GC(1557) Metaspace: 29095K(29376K)->29095K(29376K) NonClass: 25992K(26112K)->25992K(26112K) Class: 3102K(3264K)->3102K(3264K)
[5306.027s][info][gc             ] GC(1557) Pause Young (Allocation Failure) 7245M->4964M(7367M) 100.300ms
[5306.027s][info][gc,cpu         ] GC(1557) User=0.56s Sys=0.04s Real=0.10s
..[5307.821s][info][gc,start       ] GC(1558) Pause Young (Allocation Failure)
[5307.927s][info][gc,heap        ] GC(1558) PSYoungGen: 2597696K(2615808K)->170192K(2616320K) Eden: 2442240K(2442240K)->0K(2442240K) From: 155456K(173568K)->170192K(174080K)
[5307.927s][info][gc,heap        ] GC(1558) ParOldGen: 4928223K(4928512K)->5030567K(5030912K)
[5307.927s][info][gc,metaspace   ] GC(1558) Metaspace: 29095K(29376K)->29095K(29376K) NonClass: 25992K(26112K)->25992K(26112K) Class: 3102K(3264K)->3102K(3264K)
[5307.927s][info][gc             ] GC(1558) Pause Young (Allocation Failure) 7349M->5078M(7468M) 106.219ms
[5307.927s][info][gc,cpu         ] GC(1558) User=0.60s Sys=0.02s Real=0.11s
..[5309.696s][info][gc,start       ] GC(1559) Pause Young (Allocation Failure)
[5309.800s][info][gc,heap        ] GC(1559) PSYoungGen: 2612432K(2616320K)->164628K(2617344K) Eden: 2442240K(2442240K)->0K(2439680K) From: 170192K(174080K)->164628K(177664K)
[5309.800s][info][gc,heap        ] GC(1559) ParOldGen: 5030567K(5030912K)->5135551K(5135872K)
[5309.800s][info][gc,metaspace   ] GC(1559) Metaspace: 29095K(29376K)->29095K(29376K) NonClass: 25992K(26112K)->25992K(26112K) Class: 3102K(3264K)->3102K(3264K)
[5309.800s][info][gc             ] GC(1559) Pause Young (Allocation Failure) 7463M->5175M(7571M) 104.181ms
[5309.801s][info][gc,cpu         ] GC(1559) User=0.57s Sys=0.04s Real=0.10s
..[5311.472s][info][gc,start       ] GC(1560) Pause Young (Allocation Failure)
[5311.573s][info][gc,heap        ] GC(1560) PSYoungGen: 2604308K(2617344K)->154613K(2594304K) Eden: 2439680K(2439680K)->0K(2439680K) From: 164628K(177664K)->154613K(154624K)
[5311.573s][info][gc,heap        ] GC(1560) ParOldGen: 5135551K(5135872K)->5240079K(5240320K)
[5311.573s][info][gc,metaspace   ] GC(1560) Metaspace: 29095K(29376K)->29095K(29376K) NonClass: 25992K(26112K)->25992K(26112K) Class: 3102K(3264K)->3102K(3264K)
[5311.573s][info][gc             ] GC(1560) Pause Young (Allocation Failure) 7558M->5268M(7651M) 100.262ms
[5311.573s][info][gc,cpu         ] GC(1560) User=0.56s Sys=0.03s Real=0.10s
..[5313.383s][info][gc,start       ] GC(1561) Pause Young (Allocation Failure)
[5313.492s][info][gc,heap        ] GC(1561) PSYoungGen: 2594293K(2594304K)->168096K(2614784K) Eden: 2439680K(2439680K)->0K(2438144K) From: 154613K(154624K)->168096K(176640K)
[5313.492s][info][gc,heap        ] GC(1561) ParOldGen: 5240079K(5240320K)->5343655K(5343744K)
[5313.492s][info][gc,metaspace   ] GC(1561) Metaspace: 29095K(29376K)->29095K(29376K) NonClass: 25992K(26112K)->25992K(26112K) Class: 3102K(3264K)->3102K(3264K)
[5313.492s][info][gc             ] GC(1561) Pause Young (Allocation Failure) 7650M->5382M(7772M) 109.050ms
[5313.492s][info][gc,cpu         ] GC(1561) User=0.61s Sys=0.03s Real=0.11s
..[5315.224s][info][gc,start       ] GC(1562) Pause Young (Allocation Failure)
[5315.322s][info][gc,heap        ] GC(1562) PSYoungGen: 2606240K(2614784K)->148288K(2616832K) Eden: 2438144K(2438144K)->0K(2438144K) From: 168096K(176640K)->148288K(178688K)
[5315.322s][info][gc,heap        ] GC(1562) ParOldGen: 5343655K(5343744K)->5448695K(5448704K)
[5315.322s][info][gc,metaspace   ] GC(1562) Metaspace: 29095K(29376K)->29095K(29376K) NonClass: 25992K(26112K)->25992K(26112K) Class: 3102K(3264K)->3102K(3264K)
[5315.322s][info][gc             ] GC(1562) Pause Young (Allocation Failure) 7763M->5465M(7876M) 98.231ms
[5315.322s][info][gc,cpu         ] GC(1562) User=0.55s Sys=0.03s Real=0.10s
.[5317.120s][info][gc,start       ] GC(1563) Pause Young (Allocation Failure)
[5317.227s][info][gc,heap        ] GC(1563) PSYoungGen: 2586432K(2616832K)->169385K(2613248K) Eden: 2438144K(2438144K)->0K(2434560K) From: 148288K(178688K)->169385K(178688K)
[5317.227s][info][gc,heap        ] GC(1563) ParOldGen: 5448695K(5448704K)->5555279K(5555712K)
[5317.227s][info][gc,metaspace   ] GC(1563) Metaspace: 29095K(29376K)->29095K(29376K) NonClass: 25992K(26112K)->25992K(26112K) Class: 3102K(3264K)->3102K(3264K)
[5317.227s][info][gc             ] GC(1563) Pause Young (Allocation Failure) 7846M->5590M(7977M) 106.358ms
[5317.227s][info][gc,cpu         ] GC(1563) User=0.60s Sys=0.03s Real=0.11s
..[5319.042s][info][gc,start       ] GC(1564) Pause Full (Allocation Failure)
[5319.042s][info][gc,phases,start] GC(1564) Marking Phase
[5319.356s][info][gc,phases      ] GC(1564) Marking Phase 313.679ms
[5319.356s][info][gc,phases,start] GC(1564) Summary Phase
[5319.356s][info][gc,phases      ] GC(1564) Summary Phase 0.102ms
[5319.356s][info][gc,phases,start] GC(1564) Forward
[5319.487s][info][gc,phases      ] GC(1564) Forward 130.740ms
[5319.487s][info][gc,phases,start] GC(1564) Adjust Pointers
[5319.701s][info][gc,phases      ] GC(1564) Adjust Pointers 214.551ms
[5319.701s][info][gc,phases,start] GC(1564) Compaction Phase
[5319.851s][info][gc,phases      ] GC(1564) Compaction Phase 149.983ms
[5319.852s][info][gc,phases,start] GC(1564) Post Compact
[5319.859s][info][gc,phases      ] GC(1564) Post Compact 7.034ms
[5319.990s][info][gc,heap        ] GC(1564) PSYoungGen: 2603945K(2613248K)->0K(2615296K) Eden: 2434560K(2434560K)->0K(2434560K) From: 169385K(178688K)->0K(180736K)
[5319.990s][info][gc,heap        ] GC(1564) ParOldGen: 5555279K(5555712K)->1624067K(1966592K)
[5319.990s][info][gc,metaspace   ] GC(1564) Metaspace: 29095K(29376K)->29095K(29376K) NonClass: 25992K(26112K)->25992K(26112K) Class: 3102K(3264K)->3102K(3264K)
[5319.990s][info][gc             ] GC(1564) Pause Full (Allocation Failure) 7967M->1586M(4474M) 947.714ms
[5319.990s][info][gc,cpu         ] GC(1564) User=4.41s Sys=0.13s Real=0.95s
..[5321.292s][info][gc,start       ] GC(1565) Pause Young (Allocation Failure)
[5321.369s][info][gc,heap        ] GC(1565) PSYoungGen: 2434560K(2615296K)->180704K(2599936K) Eden: 2434560K(2434560K)->0K(2419200K) From: 0K(180736K)->180704K(180736K)
[5321.369s][info][gc,heap        ] GC(1565) ParOldGen: 1624067K(1966592K)->1629931K(1966592K)
[5321.369s][info][gc,metaspace   ] GC(1565) Metaspace: 29095K(29376K)->29095K(29376K) NonClass: 25992K(26112K)->25992K(26112K) Class: 3102K(3264K)->3102K(3264K)
[5321.369s][info][gc             ] GC(1565) Pause Young (Allocation Failure) 3963M->1768M(4459M) 77.749ms
[5321.370s][info][gc,cpu         ] GC(1565) User=0.45s Sys=0.02s Real=0.08s
.[5322.680s][info][gc,start       ] GC(1566) Pause Young (Allocation Failure)
[5322.781s][info][gc,heap        ] GC(1566) PSYoungGen: 2599904K(2599936K)->167775K(2607616K) Eden: 2419200K(2419200K)->0K(2419200K) From: 180704K(180736K)->167775K(188416K)
[5322.781s][info][gc,heap        ] GC(1566) ParOldGen: 1629931K(1966592K)->1737011K(1966592K)
[5322.781s][info][gc,metaspace   ] GC(1566) Metaspace: 29095K(29376K)->29095K(29376K) NonClass: 25992K(26112K)->25992K(26112K) Class: 3102K(3264K)->3102K(3264K)
[5322.781s][info][gc             ] GC(1566) Pause Young (Allocation Failure) 4130M->1860M(4467M) 100.898ms
[5322.781s][info][gc,cpu         ] GC(1566) User=0.60s Sys=0.00s Real=0.10s
..[5324.595s][info][gc,start       ] GC(1567) Pause Young (Allocation Failure)
[5324.692s][info][gc,heap        ] GC(1567) PSYoungGen: 2586975K(2607616K)->160021K(2603008K) Eden: 2419200K(2419200K)->0K(2419712K) From: 167775K(188416K)->160021K(183296K)
[5324.692s][info][gc,heap        ] GC(1567) ParOldGen: 1737011K(1966592K)->1838907K(1966592K)
[5324.692s][info][gc,metaspace   ] GC(1567) Metaspace: 29095K(29376K)->29095K(29376K) NonClass: 25992K(26112K)->25992K(26112K) Class: 3102K(3264K)->3102K(3264K)
[5324.692s][info][gc             ] GC(1567) Pause Young (Allocation Failure) 4222M->1952M(4462M) 96.631ms
[5324.692s][info][gc,cpu         ] GC(1567) User=0.57s Sys=0.00s Real=0.09s
..[5326.417s][info][gc,start       ] GC(1568) Pause Young (Allocation Failure)
[5326.513s][info][gc,heap        ] GC(1568) PSYoungGen: 2579733K(2603008K)->158880K(2605568K) Eden: 2419712K(2419712K)->0K(2419712K) From: 160021K(183296K)->158880K(185856K)
[5326.513s][info][gc,heap        ] GC(1568) ParOldGen: 1838907K(1966592K)->1943475K(1966592K)
[5326.513s][info][gc,metaspace   ] GC(1568) Metaspace: 29095K(29376K)->29095K(29376K) NonClass: 25992K(26112K)->25992K(26112K) Class: 3102K(3264K)->3102K(3264K)
[5326.513s][info][gc             ] GC(1568) Pause Young (Allocation Failure) 4315M->2053M(4465M) 96.012ms
[5326.514s][info][gc,cpu         ] GC(1568) User=0.57s Sys=0.00s Real=0.09s
.[5328.295s][info][gc,start       ] GC(1569) Pause Young (Allocation Failure)
[5328.390s][info][gc,heap        ] GC(1569) PSYoungGen: 2578592K(2605568K)->150848K(2608128K) Eden: 2419712K(2419712K)->0K(2425856K) From: 158880K(185856K)->150848K(182272K)
[5328.390s][info][gc,heap        ] GC(1569) ParOldGen: 1943475K(1966592K)->2047003K(2047488K)
[5328.390s][info][gc,metaspace   ] GC(1569) Metaspace: 29095K(29376K)->29095K(29376K) NonClass: 25992K(26112K)->25992K(26112K) Class: 3102K(3264K)->3102K(3264K)
[5328.390s][info][gc             ] GC(1569) Pause Young (Allocation Failure) 4416M->2146M(4546M) 95.444ms
[5328.390s][info][gc,cpu         ] GC(1569) User=0.54s Sys=0.02s Real=0.09s
..[5330.154s][info][gc,start       ] GC(1570) Pause Young (Allocation Failure)
[5330.253s][info][gc,heap        ] GC(1570) PSYoungGen: 2576704K(2608128K)->153408K(2609664K) Eden: 2425856K(2425856K)->0K(2425856K) From: 150848K(182272K)->153408K(183808K)
[5330.253s][info][gc,heap        ] GC(1570) ParOldGen: 2047003K(2047488K)->2155955K(2156032K)
[5330.253s][info][gc,metaspace   ] GC(1570) Metaspace: 29095K(29376K)->29095K(29376K) NonClass: 25992K(26112K)->25992K(26112K) Class: 3102K(3264K)->3102K(3264K)
[5330.253s][info][gc             ] GC(1570) Pause Young (Allocation Failure) 4515M->2255M(4654M) 98.367ms
[5330.253s][info][gc,cpu         ] GC(1570) User=0.55s Sys=0.04s Real=0.10s
..[5331.962s][info][gc,start       ] GC(1571) Pause Young (Allocation Failure)
[5332.060s][info][gc,heap        ] GC(1571) PSYoungGen: 2579264K(2609664K)->160032K(2607616K) Eden: 2425856K(2425856K)->0K(2429440K) From: 153408K(183808K)->160032K(178176K)
[5332.060s][info][gc,heap        ] GC(1571) ParOldGen: 2155955K(2156032K)->2254643K(2254848K)
[5332.060s][info][gc,metaspace   ] GC(1571) Metaspace: 29095K(29376K)->29095K(29376K) NonClass: 25992K(26112K)->25992K(26112K) Class: 3102K(3264K)->3102K(3264K)
[5332.060s][info][gc             ] GC(1571) Pause Young (Allocation Failure) 4624M->2358M(4748M) 97.523ms
[5332.060s][info][gc,cpu         ] GC(1571) User=0.55s Sys=0.03s Real=0.10s
..[5333.853s][info][gc,start       ] GC(1572) Pause Young (Allocation Failure)
[5333.955s][info][gc,heap        ] GC(1572) PSYoungGen: 2589472K(2607616K)->164096K(2610176K) Eden: 2429440K(2429440K)->0K(2429440K) From: 160032K(178176K)->164096K(180736K)
[5333.955s][info][gc,heap        ] GC(1572) ParOldGen: 2254643K(2254848K)->2359827K(2360320K)
[5333.955s][info][gc,metaspace   ] GC(1572) Metaspace: 29095K(29376K)->29095K(29376K) NonClass: 25992K(26112K)->25992K(26112K) Class: 3102K(3264K)->3102K(3264K)
[5333.955s][info][gc             ] GC(1572) Pause Young (Allocation Failure) 4730M->2464M(4854M) 102.268ms
[5333.955s][info][gc,cpu         ] GC(1572) User=0.58s Sys=0.03s Real=0.11s
..[5335.589s][info][gc,start       ] GC(1573) Pause Young (Allocation Failure)
[5335.691s][info][gc,heap        ] GC(1573) PSYoungGen: 2593536K(2610176K)->165525K(2614784K) Eden: 2429440K(2429440K)->0K(2435072K) From: 164096K(180736K)->165525K(179712K)
[5335.691s][info][gc,heap        ] GC(1573) ParOldGen: 2359827K(2360320K)->2463259K(2463744K)
[5335.691s][info][gc,metaspace   ] GC(1573) Metaspace: 29095K(29376K)->29095K(29376K) NonClass: 25992K(26112K)->25992K(26112K) Class: 3102K(3264K)->3102K(3264K)
[5335.691s][info][gc             ] GC(1573) Pause Young (Allocation Failure) 4837M->2567M(4959M) 102.467ms
[5335.691s][info][gc,cpu         ] GC(1573) User=0.57s Sys=0.03s Real=0.10s
..[5337.540s][info][gc,start       ] GC(1574) Pause Young (Allocation Failure)
[5337.636s][info][gc,heap        ] GC(1574) PSYoungGen: 2600597K(2614784K)->152725K(2615296K) Eden: 2435072K(2435072K)->0K(2435072K) From: 165525K(179712K)->152725K(180224K)
[5337.636s][info][gc,heap        ] GC(1574) ParOldGen: 2463259K(2463744K)->2567811K(2568192K)
[5337.636s][info][gc,metaspace   ] GC(1574) Metaspace: 29095K(29376K)->29095K(29376K) NonClass: 25992K(26112K)->25992K(26112K) Class: 3102K(3264K)->3102K(3264K)
[5337.636s][info][gc             ] GC(1574) Pause Young (Allocation Failure) 4945M->2656M(5062M) 95.777ms
[5337.636s][info][gc,cpu         ] GC(1574) User=0.54s Sys=0.03s Real=0.10s
.[5339.399s][info][gc,start       ] GC(1575) Pause Young (Allocation Failure)
[5339.499s][info][gc,heap        ] GC(1575) PSYoungGen: 2587797K(2615296K)->156265K(2612736K) Eden: 2435072K(2435072K)->0K(2436096K) From: 152725K(180224K)->156265K(176640K)
[5339.499s][info][gc,heap        ] GC(1575) ParOldGen: 2567811K(2568192K)->2672707K(2673152K)
[5339.499s][info][gc,metaspace   ] GC(1575) Metaspace: 29095K(29376K)->29095K(29376K) NonClass: 25992K(26112K)->25992K(26112K) Class: 3102K(3264K)->3102K(3264K)
[5339.499s][info][gc             ] GC(1575) Pause Young (Allocation Failure) 5034M->2762M(5162M) 100.417ms
[5339.499s][info][gc,cpu         ] GC(1575) User=0.55s Sys=0.03s Real=0.10s
..[5341.241s][info][gc,start       ] GC(1576) Pause Young (Allocation Failure)
[5341.340s][info][gc,heap        ] GC(1576) PSYoungGen: 2592361K(2612736K)->153652K(2614272K) Eden: 2436096K(2436096K)->0K(2436096K) From: 156265K(176640K)->153652K(178176K)
[5341.340s][info][gc,heap        ] GC(1576) ParOldGen: 2672707K(2673152K)->2775611K(2776064K)
[5341.340s][info][gc,metaspace   ] GC(1576) Metaspace: 29095K(29376K)->29095K(29376K) NonClass: 25992K(26112K)->25992K(26112K) Class: 3102K(3264K)->3102K(3264K)
[5341.340s][info][gc             ] GC(1576) Pause Young (Allocation Failure) 5141M->2860M(5264M) 98.683ms
[5341.340s][info][gc,cpu         ] GC(1576) User=0.56s Sys=0.03s Real=0.10s
..[5343.061s][info][gc,start       ] GC(1577) Pause Young (Allocation Failure)
[5343.167s][info][gc,heap        ] GC(1577) PSYoungGen: 2589748K(2614272K)->166882K(2616320K) Eden: 2436096K(2436096K)->0K(2438656K) From: 153652K(178176K)->166882K(177664K)
[5343.167s][info][gc,heap        ] GC(1577) ParOldGen: 2775611K(2776064K)->2882291K(2882560K)
[5343.167s][info][gc,metaspace   ] GC(1577) Metaspace: 29095K(29376K)->29095K(29376K) NonClass: 25992K(26112K)->25992K(26112K) Class: 3102K(3264K)->3102K(3264K)
[5343.167s][info][gc             ] GC(1577) Pause Young (Allocation Failure) 5239M->2977M(5370M) 105.774ms
[5343.167s][info][gc,cpu         ] GC(1577) User=0.59s Sys=0.03s Real=0.11s
. (rIR:aIR:PR = 9132:9139:9139) (tPR = 136104) [OK] 
  5343s: Performance info:
         Transaction,    Success,    Partial,     Failed,   Receipts, AvgBarcode, 
             Overall,     552870,          0,          0,     525077,      59.47, 
         Response times:
             Request,    Success,    Partial,     Failed,   SkipFail,     Probes,    Samples,      min,      p50,      p90,      p95,      p99,      max, 
       TotalPurchase,     524967,          0,          0,          0,     354140,     407826,      300,     6600,    65000,   100000,   312000,  1200000,
     InStorePurchase,     274984,          0,          0,          0,     185678,     213777,      300,     6600,    65000,    94000,   314000,  1200000,
      OnlinePurchase,     193968,          0,          0,          0,     130868,     150411,      300,     6700,    65000,   112000,   311000,  1200000,
        InstPurchase,      56015,          0,          0,          0,      37594,      43638,      300,     6100,    60000,   103000,   312000,  1100000,
          AssocOfCat,        554,          0,          0,          0,        465,        634,    23000,    40000,   112000,   154250,   320050,  1100000,
      AssocOfProduct,       5506,          0,          0,          0,       3888,       4674,     1100,     7200,    69000,   118000,   307000,  1200000,
      BusinessReport,       1386,          0,          0,          0,       1206,       1535,    27000,    51000,   123000,   170000,   343840,   586000,
          CustBuyBeh,       5598,          0,          0,          0,       3917,       4719,      200,     5100,    56000,    84000,   241000,   400000,
       ProductReturn,      14859,          0,          0,          0,       9157,      10827,      200,     4800,    53000,    82000,   296720,   960000,

  5343s: (67%)   IR =   9271 .[5344.928s][info][gc,start       ] GC(1578) Pause Young (Allocation Failure)
[5345.030s][info][gc,heap        ] GC(1578) PSYoungGen: 2605538K(2616320K)->166180K(2605056K) Eden: 2438656K(2438656K)->0K(2438656K) From: 166882K(177664K)->166180K(166400K)
[5345.030s][info][gc,heap        ] GC(1578) ParOldGen: 2882291K(2882560K)->2984539K(2984960K)
[5345.030s][info][gc,metaspace   ] GC(1578) Metaspace: 29095K(29376K)->29095K(29376K) NonClass: 25992K(26112K)->25992K(26112K) Class: 3102K(3264K)->3102K(3264K)
[5345.030s][info][gc             ] GC(1578) Pause Young (Allocation Failure) 5359M->3076M(5459M) 101.744ms
[5345.030s][info][gc,cpu         ] GC(1578) User=0.58s Sys=0.03s Real=0.10s
..[5346.787s][info][gc,start       ] GC(1579) Pause Young (Allocation Failure)
[5346.890s][info][gc,heap        ] GC(1579) PSYoungGen: 2604836K(2605056K)->167152K(2615808K) Eden: 2438656K(2438656K)->0K(2436608K) From: 166180K(166400K)->167152K(179200K)
[5346.890s][info][gc,heap        ] GC(1579) ParOldGen: 2984539K(2984960K)->3087099K(3087360K)
[5346.890s][info][gc,metaspace   ] GC(1579) Metaspace: 29095K(29376K)->29095K(29376K) NonClass: 25992K(26112K)->25992K(26112K) Class: 3102K(3264K)->3102K(3264K)
[5346.890s][info][gc             ] GC(1579) Pause Young (Allocation Failure) 5458M->3177M(5569M) 102.942ms
[5346.890s][info][gc,cpu         ] GC(1579) User=0.57s Sys=0.03s Real=0.10s
.[5348.494s][info][gc,start       ] GC(1580) Pause Young (Allocation Failure)
[5348.591s][info][gc,heap        ] GC(1580) PSYoungGen: 2603760K(2615808K)->147936K(2584576K) Eden: 2436608K(2436608K)->0K(2436608K) From: 167152K(179200K)->147936K(147968K)
[5348.591s][info][gc,heap        ] GC(1580) ParOldGen: 3087099K(3087360K)->3194163K(3194368K)
[5348.591s][info][gc,metaspace   ] GC(1580) Metaspace: 29095K(29376K)->29095K(29376K) NonClass: 25992K(26112K)->25992K(26112K) Class: 3102K(3264K)->3102K(3264K)
[5348.591s][info][gc             ] GC(1580) Pause Young (Allocation Failure) 5557M->3263M(5643M) 96.735ms
[5348.591s][info][gc,cpu         ] GC(1580) User=0.54s Sys=0.02s Real=0.10s
..[5350.295s][info][gc,start       ] GC(1581) Pause Young (Allocation Failure)
[5350.397s][info][gc,heap        ] GC(1581) PSYoungGen: 2584544K(2584576K)->163673K(2616320K) Eden: 2436608K(2436608K)->0K(2436096K) From: 147936K(147968K)->163673K(180224K)
[5350.397s][info][gc,heap        ] GC(1581) ParOldGen: 3194163K(3194368K)->3295123K(3295232K)
[5350.398s][info][gc,metaspace   ] GC(1581) Metaspace: 29095K(29376K)->29095K(29376K) NonClass: 25992K(26112K)->25992K(26112K) Class: 3102K(3264K)->3102K(3264K)
[5350.398s][info][gc             ] GC(1581) Pause Young (Allocation Failure) 5643M->3377M(5773M) 102.743ms
[5350.398s][info][gc,cpu         ] GC(1581) User=0.58s Sys=0.03s Real=0.10s
..[5352.170s][info][gc,start       ] GC(1582) Pause Young (Allocation Failure)
[5352.267s][info][gc,heap        ] GC(1582) PSYoungGen: 2599769K(2616320K)->148448K(2615808K) Eden: 2436096K(2436096K)->0K(2436096K) From: 163673K(180224K)->148448K(179712K)
[5352.267s][info][gc,heap        ] GC(1582) ParOldGen: 3295123K(3295232K)->3402555K(3402752K)
[5352.267s][info][gc,metaspace   ] GC(1582) Metaspace: 29095K(29376K)->29095K(29376K) NonClass: 25992K(26112K)->25992K(26112K) Class: 3102K(3264K)->3102K(3264K)
[5352.267s][info][gc             ] GC(1582) Pause Young (Allocation Failure) 5756M->3467M(5877M) 97.119ms
[5352.267s][info][gc,cpu         ] GC(1582) User=0.54s Sys=0.03s Real=0.10s
..[5354.061s][info][gc,start       ] GC(1583) Pause Young (Allocation Failure)
[5354.164s][info][gc,heap        ] GC(1583) PSYoungGen: 2584544K(2615808K)->166352K(2615296K) Eden: 2436096K(2436096K)->0K(2435584K) From: 148448K(179712K)->166352K(179712K)
[5354.164s][info][gc,heap        ] GC(1583) ParOldGen: 3402555K(3402752K)->3507187K(3507200K)
[5354.164s][info][gc,metaspace   ] GC(1583) Metaspace: 29095K(29376K)->29095K(29376K) NonClass: 25992K(26112K)->25992K(26112K) Class: 3102K(3264K)->3102K(3264K)
[5354.164s][info][gc             ] GC(1583) Pause Young (Allocation Failure) 5846M->3587M(5979M) 103.078ms
[5354.164s][info][gc,cpu         ] GC(1583) User=0.58s Sys=0.03s Real=0.10s
..[5355.902s][info][gc,start       ] GC(1584) Pause Young (Allocation Failure)
[5356.009s][info][gc,heap        ] GC(1584) PSYoungGen: 2601936K(2615296K)->169710K(2605568K) Eden: 2435584K(2435584K)->0K(2435584K) From: 166352K(179712K)->169710K(169984K)
[5356.009s][info][gc,heap        ] GC(1584) ParOldGen: 3507187K(3507200K)->3610915K(3611136K)
[5356.009s][info][gc,metaspace   ] GC(1584) Metaspace: 29095K(29376K)->29095K(29376K) NonClass: 25992K(26112K)->25992K(26112K) Class: 3102K(3264K)->3102K(3264K)
[5356.009s][info][gc             ] GC(1584) Pause Young (Allocation Failure) 5965M->3692M(6071M) 107.012ms
[5356.009s][info][gc,cpu         ] GC(1584) User=0.60s Sys=0.03s Real=0.11s
.|[5357.700s][info][gc,start       ] GC(1585) Pause Young (Allocation Failure)
[5357.797s][info][gc,heap        ] GC(1585) PSYoungGen: 2605294K(2605568K)->149024K(2614272K) Eden: 2435584K(2435584K)->0K(2432512K) From: 169710K(169984K)->149024K(181760K)
[5357.797s][info][gc,heap        ] GC(1585) ParOldGen: 3610915K(3611136K)->3717083K(3717120K)
[5357.797s][info][gc,metaspace   ] GC(1585) Metaspace: 29095K(29376K)->29095K(29376K) NonClass: 25992K(26112K)->25992K(26112K) Class: 3102K(3264K)->3102K(3264K)
[5357.797s][info][gc             ] GC(1585) Pause Young (Allocation Failure) 6070M->3775M(6183M) 97.256ms
[5357.797s][info][gc,cpu         ] GC(1585) User=0.54s Sys=0.03s Real=0.10s
..[5359.597s][info][gc,start       ] GC(1586) Pause Young (Allocation Failure)
[5359.702s][info][gc,heap        ] GC(1586) PSYoungGen: 2581536K(2614272K)->170920K(2603520K) Eden: 2432512K(2432512K)->0K(2432512K) From: 149024K(181760K)->170920K(171008K)
[5359.702s][info][gc,heap        ] GC(1586) ParOldGen: 3717083K(3717120K)->3817787K(3817984K)
[5359.702s][info][gc,metaspace   ] GC(1586) Metaspace: 29095K(29376K)->29095K(29376K) NonClass: 25992K(26112K)->25992K(26112K) Class: 3102K(3264K)->3102K(3264K)
[5359.702s][info][gc             ] GC(1586) Pause Young (Allocation Failure) 6150M->3895M(6271M) 105.559ms
[5359.702s][info][gc,cpu         ] GC(1586) User=0.60s Sys=0.03s Real=0.10s
..[5361.455s][info][gc,start       ] GC(1587) Pause Young (Allocation Failure)
[5361.560s][info][gc,heap        ] GC(1587) PSYoungGen: 2603432K(2603520K)->165732K(2612736K) Eden: 2432512K(2432512K)->0K(2428928K) From: 170920K(171008K)->165732K(183808K)
[5361.560s][info][gc,heap        ] GC(1587) ParOldGen: 3817787K(3817984K)->3923475K(3923968K)
[5361.560s][info][gc,metaspace   ] GC(1587) Metaspace: 29095K(29376K)->29095K(29376K) NonClass: 25992K(26112K)->25992K(26112K) Class: 3102K(3264K)->3102K(3264K)
[5361.560s][info][gc             ] GC(1587) Pause Young (Allocation Failure) 6270M->3993M(6383M) 105.009ms
[5361.560s][info][gc,cpu         ] GC(1587) User=0.59s Sys=0.02s Real=0.10s
..[5363.316s][info][gc,start       ] GC(1588) Pause Young (Allocation Failure)
[5363.413s][info][gc,heap        ] GC(1588) PSYoungGen: 2594660K(2612736K)->149312K(2612224K) Eden: 2428928K(2428928K)->0K(2428928K) From: 165732K(183808K)->149312K(183296K)
[5363.413s][info][gc,heap        ] GC(1588) ParOldGen: 3923475K(3923968K)->4027163K(4027392K)
[5363.413s][info][gc,metaspace   ] GC(1588) Metaspace: 29095K(29376K)->29095K(29376K) NonClass: 25992K(26112K)->25992K(26112K) Class: 3102K(3264K)->3102K(3264K)
[5363.413s][info][gc             ] GC(1588) Pause Young (Allocation Failure) 6365M->4078M(6484M) 96.667ms
[5363.413s][info][gc,cpu         ] GC(1588) User=0.53s Sys=0.04s Real=0.09s
..[5365.062s][info][gc,start       ] GC(1589) Pause Young (Allocation Failure)
[5365.167s][info][gc,heap        ] GC(1589) PSYoungGen: 2578240K(2612224K)->169792K(2610688K) Eden: 2428928K(2428928K)->0K(2427392K) From: 149312K(183296K)->169792K(183296K)
[5365.167s][info][gc,heap        ] GC(1589) ParOldGen: 4027163K(4027392K)->4132267K(4132352K)
[5365.167s][info][gc,metaspace   ] GC(1589) Metaspace: 29095K(29376K)->29095K(29376K) NonClass: 25992K(26112K)->25992K(26112K) Class: 3102K(3264K)->3102K(3264K)
[5365.167s][info][gc             ] GC(1589) Pause Young (Allocation Failure) 6450M->4201M(6585M) 104.755ms
[5365.167s][info][gc,cpu         ] GC(1589) User=0.59s Sys=0.03s Real=0.11s
..[5366.883s][info][gc,start       ] GC(1590) Pause Young (Allocation Failure)
[5366.986s][info][gc,heap        ] GC(1590) PSYoungGen: 2597184K(2610688K)->162740K(2590208K) Eden: 2427392K(2427392K)->0K(2427392K) From: 169792K(183296K)->162740K(162816K)
[5366.986s][info][gc,heap        ] GC(1590) ParOldGen: 4132267K(4132352K)->4235339K(4235776K)
[5366.986s][info][gc,metaspace   ] GC(1590) Metaspace: 29095K(29376K)->29095K(29376K) NonClass: 25992K(26112K)->25992K(26112K) Class: 3102K(3264K)->3102K(3264K)
[5366.986s][info][gc             ] GC(1590) Pause Young (Allocation Failure) 6571M->4295M(6666M) 103.004ms
[5366.986s][info][gc,cpu         ] GC(1590) User=0.59s Sys=0.03s Real=0.11s
.[5368.704s][info][gc,start       ] GC(1591) Pause Young (Allocation Failure)
[5368.806s][info][gc,heap        ] GC(1591) PSYoungGen: 2590132K(2590208K)->158580K(2612736K) Eden: 2427392K(2427392K)->0K(2429952K) From: 162740K(162816K)->158580K(182784K)
[5368.806s][info][gc,heap        ] GC(1591) ParOldGen: 4235339K(4235776K)->4340379K(4340736K)
[5368.806s][info][gc,metaspace   ] GC(1591) Metaspace: 29095K(29376K)->29095K(29376K) NonClass: 25992K(26112K)->25992K(26112K) Class: 3102K(3264K)->3102K(3264K)
[5368.806s][info][gc             ] GC(1591) Pause Young (Allocation Failure) 6665M->4393M(6790M) 102.047ms
[5368.806s][info][gc,cpu         ] GC(1591) User=0.58s Sys=0.02s Real=0.11s
..[5370.534s][info][gc,start       ] GC(1592) Pause Young (Allocation Failure)
[5370.632s][info][gc,heap        ] GC(1592) PSYoungGen: 2588532K(2612736K)->155296K(2611200K) Eden: 2429952K(2429952K)->0K(2429952K) From: 158580K(182784K)->155296K(181248K)
[5370.632s][info][gc,heap        ] GC(1592) ParOldGen: 4340379K(4340736K)->4442323K(4442624K)
[5370.632s][info][gc,metaspace   ] GC(1592) Metaspace: 29095K(29376K)->29095K(29376K) NonClass: 25992K(26112K)->25992K(26112K) Class: 3102K(3264K)->3102K(3264K)
[5370.632s][info][gc             ] GC(1592) Pause Young (Allocation Failure) 6766M->4489M(6888M) 98.199ms
[5370.632s][info][gc,cpu         ] GC(1592) User=0.55s Sys=0.04s Real=0.10s
..[5372.339s][info][gc,start       ] GC(1593) Pause Young (Allocation Failure)
[5372.436s][info][gc,heap        ] GC(1593) PSYoungGen: 2585248K(2611200K)->143360K(2611200K) Eden: 2429952K(2429952K)->0K(2430976K) From: 155296K(181248K)->143360K(180224K)
[5372.436s][info][gc,heap        ] GC(1593) ParOldGen: 4442323K(4442624K)->4550139K(4550144K)
[5372.436s][info][gc,metaspace   ] GC(1593) Metaspace: 29095K(29376K)->29095K(29376K) NonClass: 25992K(26112K)->25992K(26112K) Class: 3102K(3264K)->3102K(3264K)
[5372.436s][info][gc             ] GC(1593) Pause Young (Allocation Failure) 6862M->4583M(6993M) 97.478ms
[5372.436s][info][gc,cpu         ] GC(1593) User=0.55s Sys=0.03s Real=0.10s
..[5374.283s][info][gc,start       ] GC(1594) Pause Young (Allocation Failure)
[5374.382s][info][gc,heap        ] GC(1594) PSYoungGen: 2574336K(2611200K)->154070K(2612224K) Eden: 2430976K(2430976K)->0K(2430976K) From: 143360K(180224K)->154070K(181248K)
[5374.382s][info][gc,heap        ] GC(1594) ParOldGen: 4550139K(4550144K)->4650067K(4650496K)
[5374.382s][info][gc,metaspace   ] GC(1594) Metaspace: 29095K(29376K)->29095K(29376K) NonClass: 25992K(26112K)->25992K(26112K) Class: 3102K(3264K)->3102K(3264K)
[5374.382s][info][gc             ] GC(1594) Pause Young (Allocation Failure) 6957M->4691M(7092M) 98.625ms
[5374.382s][info][gc,cpu         ] GC(1594) User=0.55s Sys=0.03s Real=0.10s
..[5376.010s][info][gc,start       ] GC(1595) Pause Young (Allocation Failure)
[5376.112s][info][gc,heap        ] GC(1595) PSYoungGen: 2585046K(2612224K)->159968K(2612224K) Eden: 2430976K(2430976K)->0K(2435072K) From: 154070K(181248K)->159968K(177152K)
[5376.112s][info][gc,heap        ] GC(1595) ParOldGen: 4650067K(4650496K)->4757035K(4757504K)
[5376.112s][info][gc,metaspace   ] GC(1595) Metaspace: 29095K(29376K)->29095K(29376K) NonClass: 25992K(26112K)->25992K(26112K) Class: 3102K(3264K)->3102K(3264K)
[5376.112s][info][gc             ] GC(1595) Pause Young (Allocation Failure) 7065M->4801M(7197M) 102.122ms
[5376.112s][info][gc,cpu         ] GC(1595) User=0.56s Sys=0.04s Real=0.10s
.[5377.827s][info][gc,start       ] GC(1596) Pause Young (Allocation Failure)
[5377.928s][info][gc,heap        ] GC(1596) PSYoungGen: 2595040K(2612224K)->160213K(2613248K) Eden: 2435072K(2435072K)->0K(2435072K) From: 159968K(177152K)->160213K(178176K)
[5377.928s][info][gc,heap        ] GC(1596) ParOldGen: 4757035K(4757504K)->4862531K(4862976K)
[5377.928s][info][gc,metaspace   ] GC(1596) Metaspace: 29095K(29376K)->29095K(29376K) NonClass: 25992K(26112K)->25992K(26112K) Class: 3102K(3264K)->3102K(3264K)
[5377.928s][info][gc             ] GC(1596) Pause Young (Allocation Failure) 7179M->4905M(7301M) 101.615ms
[5377.928s][info][gc,cpu         ] GC(1596) User=0.57s Sys=0.03s Real=0.10s
..[5379.622s][info][gc,start       ] GC(1597) Pause Young (Allocation Failure)
[5379.721s][info][gc,heap        ] GC(1597) PSYoungGen: 2595285K(2613248K)->152960K(2617344K) Eden: 2435072K(2435072K)->0K(2441216K) From: 160213K(178176K)->152960K(176128K)
[5379.721s][info][gc,heap        ] GC(1597) ParOldGen: 4862531K(4862976K)->4965539K(4965888K)
[5379.721s][info][gc,metaspace   ] GC(1597) Metaspace: 29095K(29376K)->29095K(29376K) NonClass: 25992K(26112K)->25992K(26112K) Class: 3102K(3264K)->3102K(3264K)
[5379.721s][info][gc             ] GC(1597) Pause Young (Allocation Failure) 7283M->4998M(7405M) 99.043ms
[5379.721s][info][gc,cpu         ] GC(1597) User=0.56s Sys=0.03s Real=0.10s
..[5381.363s][info][gc,start       ] GC(1598) Pause Young (Allocation Failure)
[5381.465s][info][gc,heap        ] GC(1598) PSYoungGen: 2594176K(2617344K)->153872K(2617344K) Eden: 2441216K(2441216K)->0K(2441216K) From: 152960K(176128K)->153872K(176128K)
[5381.465s][info][gc,heap        ] GC(1598) ParOldGen: 4965539K(4965888K)->5069619K(5069824K)
[5381.465s][info][gc,metaspace   ] GC(1598) Metaspace: 29095K(29376K)->29095K(29376K) NonClass: 25992K(26112K)->25992K(26112K) Class: 3102K(3264K)->3102K(3264K)
[5381.465s][info][gc             ] GC(1598) Pause Young (Allocation Failure) 7382M->5101M(7507M) 101.786ms
[5381.465s][info][gc,cpu         ] GC(1598) User=0.58s Sys=0.03s Real=0.11s
..[5383.168s][info][gc,start       ] GC(1599) Pause Young (Allocation Failure)
[5383.274s][info][gc,heap        ] GC(1599) PSYoungGen: 2595088K(2617344K)->168164K(2616832K) Eden: 2441216K(2441216K)->0K(2441728K) From: 153872K(176128K)->168164K(175104K)
[5383.274s][info][gc,heap        ] GC(1599) ParOldGen: 5069619K(5069824K)->5173443K(5173760K)
[5383.274s][info][gc,metaspace   ] GC(1599) Metaspace: 29095K(29376K)->29095K(29376K) NonClass: 25992K(26112K)->25992K(26112K) Class: 3102K(3264K)->3102K(3264K)
[5383.274s][info][gc             ] GC(1599) Pause Young (Allocation Failure) 7485M->5216M(7608M) 105.859ms
[5383.274s][info][gc,cpu         ] GC(1599) User=0.59s Sys=0.03s Real=0.10s
.[5384.956s][info][gc,start       ] GC(1600) Pause Young (Allocation Failure)
[5385.061s][info][gc,heap        ] GC(1600) PSYoungGen: 2609892K(2616832K)->164864K(2607104K) Eden: 2441728K(2441728K)->0K(2441728K) From: 168164K(175104K)->164864K(165376K)
[5385.061s][info][gc,heap        ] GC(1600) ParOldGen: 5173443K(5173760K)->5279091K(5279232K)
[5385.061s][info][gc,metaspace   ] GC(1600) Metaspace: 29095K(29376K)->29095K(29376K) NonClass: 25992K(26112K)->25992K(26112K) Class: 3102K(3264K)->3102K(3264K)
[5385.061s][info][gc             ] GC(1600) Pause Young (Allocation Failure) 7600M->5316M(7701M) 105.142ms
[5385.061s][info][gc,cpu         ] GC(1600) User=0.59s Sys=0.02s Real=0.10s
..[5386.809s][info][gc,start       ] GC(1601) Pause Young (Allocation Failure)
[5386.918s][info][gc,heap        ] GC(1601) PSYoungGen: 2606592K(2607104K)->169812K(2614272K) Eden: 2441728K(2441728K)->0K(2436608K) From: 164864K(165376K)->169812K(177664K)
[5386.918s][info][gc,heap        ] GC(1601) ParOldGen: 5279091K(5279232K)->5385739K(5386240K)
[5386.918s][info][gc,metaspace   ] GC(1601) Metaspace: 29095K(29376K)->29095K(29376K) NonClass: 25992K(26112K)->25992K(26112K) Class: 3102K(3264K)->3102K(3264K)
[5386.918s][info][gc             ] GC(1601) Pause Young (Allocation Failure) 7700M->5425M(7813M) 108.916ms
[5386.918s][info][gc,cpu         ] GC(1601) User=0.61s Sys=0.03s Real=0.11s
..[5388.696s][info][gc,start       ] GC(1602) Pause Young (Allocation Failure)
[5388.795s][info][gc,heap        ] GC(1602) PSYoungGen: 2606420K(2614272K)->152352K(2616320K) Eden: 2436608K(2436608K)->0K(2436608K) From: 169812K(177664K)->152352K(179712K)
[5388.795s][info][gc,heap        ] GC(1602) ParOldGen: 5385739K(5386240K)->5490859K(5491200K)
[5388.795s][info][gc,metaspace   ] GC(1602) Metaspace: 29095K(29376K)->29095K(29376K) NonClass: 25992K(26112K)->25992K(26112K) Class: 3102K(3264K)->3102K(3264K)
[5388.795s][info][gc             ] GC(1602) Pause Young (Allocation Failure) 7804M->5510M(7917M) 99.287ms
[5388.795s][info][gc,cpu         ] GC(1602) User=0.55s Sys=0.03s Real=0.10s
..[5390.567s][info][gc,start       ] GC(1603) Pause Full (Allocation Failure)
[5390.567s][info][gc,phases,start] GC(1603) Marking Phase
[5390.890s][info][gc,phases      ] GC(1603) Marking Phase 322.756ms
[5390.890s][info][gc,phases,start] GC(1603) Summary Phase
[5390.890s][info][gc,phases      ] GC(1603) Summary Phase 0.099ms
[5390.890s][info][gc,phases,start] GC(1603) Forward
[5391.026s][info][gc,phases      ] GC(1603) Forward 136.080ms
[5391.026s][info][gc,phases,start] GC(1603) Adjust Pointers
[5391.247s][info][gc,phases      ] GC(1603) Adjust Pointers 220.458ms
[5391.247s][info][gc,phases,start] GC(1603) Compaction Phase
[5391.399s][info][gc,phases      ] GC(1603) Compaction Phase 152.259ms
[5391.402s][info][gc,phases,start] GC(1603) Post Compact
[5391.408s][info][gc,phases      ] GC(1603) Post Compact 6.858ms
[5391.537s][info][gc,heap        ] GC(1603) PSYoungGen: 2588960K(2616320K)->0K(2615808K) Eden: 2436608K(2436608K)->0K(2437120K) From: 152352K(179712K)->0K(178688K)
[5391.537s][info][gc,heap        ] GC(1603) ParOldGen: 5490859K(5491200K)->1624826K(1976320K)
[5391.537s][info][gc,metaspace   ] GC(1603) Metaspace: 29095K(29376K)->29095K(29376K) NonClass: 25992K(26112K)->25992K(26112K) Class: 3102K(3264K)->3102K(3264K)
[5391.537s][info][gc             ] GC(1603) Pause Full (Allocation Failure) 7890M->1586M(4484M) 969.921ms
[5391.537s][info][gc,cpu         ] GC(1603) User=4.53s Sys=0.13s Real=0.97s
..[5392.753s][info][gc,start       ] GC(1604) Pause Young (Allocation Failure)
[5392.827s][info][gc,heap        ] GC(1604) PSYoungGen: 2437120K(2615808K)->179172K(2616320K) Eden: 2437120K(2437120K)->0K(2437120K) From: 0K(178688K)->179172K(179200K)
[5392.827s][info][gc,heap        ] GC(1604) ParOldGen: 1624826K(1976320K)->1626026K(1976320K)
[5392.827s][info][gc,metaspace   ] GC(1604) Metaspace: 29095K(29376K)->29095K(29376K) NonClass: 25992K(26112K)->25992K(26112K) Class: 3102K(3264K)->3102K(3264K)
[5392.827s][info][gc             ] GC(1604) Pause Young (Allocation Failure) 3966M->1762M(4485M) 74.074ms
[5392.827s][info][gc,cpu         ] GC(1604) User=0.44s Sys=0.00s Real=0.08s
.[5394.254s][info][gc,start       ] GC(1605) Pause Young (Allocation Failure)
[5394.348s][info][gc,heap        ] GC(1605) PSYoungGen: 2616292K(2616320K)->146880K(2605056K) Eden: 2437120K(2437120K)->0K(2425344K) From: 179172K(179200K)->146880K(179712K)
[5394.348s][info][gc,heap        ] GC(1605) ParOldGen: 1626026K(1976320K)->1737466K(1976320K)
[5394.348s][info][gc,metaspace   ] GC(1605) Metaspace: 29095K(29376K)->29095K(29376K) NonClass: 25992K(26112K)->25992K(26112K) Class: 3102K(3264K)->3102K(3264K)
[5394.348s][info][gc             ] GC(1605) Pause Young (Allocation Failure) 4142M->1840M(4474M) 94.547ms
[5394.349s][info][gc,cpu         ] GC(1605) User=0.57s Sys=0.00s Real=0.10s
..[5396.101s][info][gc,start       ] GC(1606) Pause Young (Allocation Failure)
[5396.201s][info][gc,heap        ] GC(1606) PSYoungGen: 2572224K(2605056K)->168480K(2594304K) Eden: 2425344K(2425344K)->0K(2425344K) From: 146880K(179712K)->168480K(168960K)
[5396.201s][info][gc,heap        ] GC(1606) ParOldGen: 1737466K(1976320K)->1839714K(1976320K)
[5396.201s][info][gc,metaspace   ] GC(1606) Metaspace: 29095K(29376K)->29095K(29376K) NonClass: 25992K(26112K)->25992K(26112K) Class: 3102K(3264K)->3102K(3264K)
[5396.201s][info][gc             ] GC(1606) Pause Young (Allocation Failure) 4208M->1961M(4463M) 99.548ms
[5396.201s][info][gc,cpu         ] GC(1606) User=0.60s Sys=0.00s Real=0.10s
..[5398.006s][info][gc,start       ] GC(1607) Pause Young (Allocation Failure)
[5398.101s][info][gc,heap        ] GC(1607) PSYoungGen: 2593824K(2594304K)->155008K(2611712K) Eden: 2425344K(2425344K)->0K(2425856K) From: 168480K(168960K)->155008K(185856K)
[5398.101s][info][gc,heap        ] GC(1607) ParOldGen: 1839714K(1976320K)->1945858K(1976320K)
[5398.101s][info][gc,metaspace   ] GC(1607) Metaspace: 29095K(29376K)->29095K(29376K) NonClass: 25992K(26112K)->25992K(26112K) Class: 3102K(3264K)->3102K(3264K)
[5398.101s][info][gc             ] GC(1607) Pause Young (Allocation Failure) 4329M->2051M(4480M) 94.596ms
[5398.101s][info][gc,cpu         ] GC(1607) User=0.57s Sys=0.00s Real=0.09s
..[5399.929s][info][gc,start       ] GC(1608) Pause Young (Allocation Failure)
[5400.029s][info][gc,heap        ] GC(1608) PSYoungGen: 2580864K(2611712K)->163328K(2589696K) Eden: 2425856K(2425856K)->0K(2425856K) From: 155008K(185856K)->163328K(163840K)
[5400.029s][info][gc,heap        ] GC(1608) ParOldGen: 1945858K(1976320K)->2045594K(2045952K)
[5400.029s][info][gc,metaspace   ] GC(1608) Metaspace: 29095K(29376K)->29095K(29376K) NonClass: 25992K(26112K)->25992K(26112K) Class: 3102K(3264K)->3102K(3264K)
[5400.029s][info][gc             ] GC(1608) Pause Young (Allocation Failure) 4420M->2157M(4527M) 99.447ms
[5400.029s][info][gc,cpu         ] GC(1608) User=0.57s Sys=0.02s Real=0.10s
..[5401.782s][info][gc,start       ] GC(1609) Pause Young (Allocation Failure)
[5401.878s][info][gc,heap        ] GC(1609) PSYoungGen: 2589184K(2589696K)->149376K(2608640K) Eden: 2425856K(2425856K)->0K(2425856K) From: 163328K(163840K)->149376K(182784K)
[5401.878s][info][gc,heap        ] GC(1609) ParOldGen: 2045594K(2045952K)->2153226K(2153472K)
[5401.878s][info][gc,metaspace   ] GC(1609) Metaspace: 29095K(29376K)->29095K(29376K) NonClass: 25992K(26112K)->25992K(26112K) Class: 3102K(3264K)->3102K(3264K)
[5401.878s][info][gc             ] GC(1609) Pause Young (Allocation Failure) 4526M->2248M(4650M) 95.732ms
[5401.878s][info][gc,cpu         ] GC(1609) User=0.54s Sys=0.03s Real=0.10s
.[5403.611s][info][gc,start       ] GC(1610) Pause Young (Allocation Failure)
[5403.707s][info][gc,heap        ] GC(1610) PSYoungGen: 2575232K(2608640K)->151552K(2608640K) Eden: 2425856K(2425856K)->0K(2425856K) From: 149376K(182784K)->151552K(182784K)
[5403.707s][info][gc,heap        ] GC(1610) ParOldGen: 2153226K(2153472K)->2254938K(2255360K)
[5403.707s][info][gc,metaspace   ] GC(1610) Metaspace: 29095K(29376K)->29095K(29376K) NonClass: 25992K(26112K)->25992K(26112K) Class: 3102K(3264K)->3102K(3264K)
[5403.707s][info][gc             ] GC(1610) Pause Young (Allocation Failure) 4617M->2350M(4750M) 96.334ms
[5403.707s][info][gc,cpu         ] GC(1610) User=0.54s Sys=0.03s Real=0.10s
..[5405.382s][info][gc,start       ] GC(1611) Pause Young (Allocation Failure)
[5405.481s][info][gc,heap        ] GC(1611) PSYoungGen: 2577408K(2608640K)->156608K(2610176K) Eden: 2425856K(2425856K)->0K(2431488K) From: 151552K(182784K)->156608K(178688K)
[5405.481s][info][gc,heap        ] GC(1611) ParOldGen: 2254938K(2255360K)->2357370K(2357760K)
[5405.481s][info][gc,metaspace   ] GC(1611) Metaspace: 29095K(29376K)->29095K(29376K) NonClass: 25992K(26112K)->25992K(26112K) Class: 3102K(3264K)->3102K(3264K)
[5405.481s][info][gc             ] GC(1611) Pause Young (Allocation Failure) 4719M->2455M(4851M) 98.599ms
[5405.481s][info][gc,cpu         ] GC(1611) User=0.55s Sys=0.02s Real=0.10s
..[5407.259s][info][gc,start       ] GC(1612) Pause Young (Allocation Failure)
[5407.356s][info][gc,heap        ] GC(1612) PSYoungGen: 2588096K(2610176K)->152896K(2611200K) Eden: 2431488K(2431488K)->0K(2431488K) From: 156608K(178688K)->152896K(179712K)
[5407.356s][info][gc,heap        ] GC(1612) ParOldGen: 2357370K(2357760K)->2460778K(2461184K)
[5407.356s][info][gc,metaspace   ] GC(1612) Metaspace: 29095K(29376K)->29095K(29376K) NonClass: 25992K(26112K)->25992K(26112K) Class: 3102K(3264K)->3102K(3264K)
[5407.356s][info][gc             ] GC(1612) Pause Young (Allocation Failure) 4829M->2552M(4953M) 96.746ms
[5407.356s][info][gc,cpu         ] GC(1612) User=0.55s Sys=0.02s Real=0.10s
..[5409.084s][info][gc,start       ] GC(1613) Pause Young (Allocation Failure)
[5409.188s][info][gc,heap        ] GC(1613) PSYoungGen: 2584384K(2611200K)->170992K(2611200K) Eden: 2431488K(2431488K)->0K(2432512K) From: 152896K(179712K)->170992K(178688K)
[5409.188s][info][gc,heap        ] GC(1613) ParOldGen: 2460778K(2461184K)->2565410K(2565632K)
[5409.188s][info][gc,metaspace   ] GC(1613) Metaspace: 29095K(29376K)->29095K(29376K) NonClass: 25992K(26112K)->25992K(26112K) Class: 3102K(3264K)->3102K(3264K)
[5409.188s][info][gc             ] GC(1613) Pause Young (Allocation Failure) 4926M->2672M(5055M) 104.708ms
[5409.189s][info][gc,cpu         ] GC(1613) User=0.60s Sys=0.03s Real=0.11s
..[5410.958s][info][gc,start       ] GC(1614) Pause Young (Allocation Failure)
[5411.055s][info][gc,heap        ] GC(1614) PSYoungGen: 2603504K(2611200K)->152640K(2614272K) Eden: 2432512K(2432512K)->0K(2432512K) From: 170992K(178688K)->152640K(181760K)
[5411.055s][info][gc,heap        ] GC(1614) ParOldGen: 2565410K(2565632K)->2671058K(2671104K)
[5411.055s][info][gc,metaspace   ] GC(1614) Metaspace: 29095K(29376K)->29095K(29376K) NonClass: 25992K(26112K)->25992K(26112K) Class: 3102K(3264K)->3102K(3264K)
[5411.055s][info][gc             ] GC(1614) Pause Young (Allocation Failure) 5047M->2757M(5161M) 96.874ms
[5411.055s][info][gc,cpu         ] GC(1614) User=0.55s Sys=0.03s Real=0.10s
.[5412.750s][info][gc,start       ] GC(1615) Pause Young (Allocation Failure)
[5412.852s][info][gc,heap        ] GC(1615) PSYoungGen: 2585152K(2614272K)->166453K(2613760K) Eden: 2432512K(2432512K)->0K(2433536K) From: 152640K(181760K)->166453K(180224K)
[5412.852s][info][gc,heap        ] GC(1615) ParOldGen: 2671058K(2671104K)->2772834K(2772992K)
[5412.852s][info][gc,metaspace   ] GC(1615) Metaspace: 29095K(29376K)->29095K(29376K) NonClass: 25992K(26112K)->25992K(26112K) Class: 3102K(3264K)->3102K(3264K)
[5412.852s][info][gc             ] GC(1615) Pause Young (Allocation Failure) 5133M->2870M(5260M) 101.896ms
[5412.852s][info][gc,cpu         ] GC(1615) User=0.58s Sys=0.03s Real=0.10s
..[5414.592s][info][gc,start       ] GC(1616) Pause Young (Allocation Failure)
[5414.691s][info][gc,heap        ] GC(1616) PSYoungGen: 2599989K(2613760K)->155424K(2589184K) Eden: 2433536K(2433536K)->0K(2433536K) From: 166453K(180224K)->155424K(155648K)
[5414.691s][info][gc,heap        ] GC(1616) ParOldGen: 2772834K(2772992K)->2877194K(2877440K)
[5414.691s][info][gc,metaspace   ] GC(1616) Metaspace: 29095K(29376K)->29095K(29376K) NonClass: 25992K(26112K)->25992K(26112K) Class: 3102K(3264K)->3102K(3264K)
[5414.691s][info][gc             ] GC(1616) Pause Young (Allocation Failure) 5246M->2961M(5338M) 99.637ms
[5414.691s][info][gc,cpu         ] GC(1616) User=0.55s Sys=0.04s Real=0.10s
..[5416.430s][info][gc,start       ] GC(1617) Pause Young (Allocation Failure)
[5416.534s][info][gc,heap        ] GC(1617) PSYoungGen: 2588945K(2589184K)->162765K(2614784K) Eden: 2433521K(2433536K)->0K(2435072K) From: 155424K(155648K)->162765K(179712K)
[5416.534s][info][gc,heap        ] GC(1617) ParOldGen: 2877194K(2877440K)->2985354K(2985472K)
[5416.534s][info][gc,metaspace   ] GC(1617) Metaspace: 29095K(29376K)->29095K(29376K) NonClass: 25992K(26112K)->25992K(26112K) Class: 3102K(3264K)->3102K(3264K)
[5416.534s][info][gc             ] GC(1617) Pause Young (Allocation Failure) 5338M->3074M(5469M) 104.448ms
[5416.534s][info][gc,cpu         ] GC(1617) User=0.58s Sys=0.04s Real=0.10s
. (rIR:aIR:PR = 9271:9268:9268) (tPR = 136670) [OK] 
  5416s: Performance info:
         Transaction,    Success,    Partial,     Failed,   Receipts, AvgBarcode, 
             Overall,     557452,          0,          0,     529730,      59.47, 
         Response times:
             Request,    Success,    Partial,     Failed,   SkipFail,     Probes,    Samples,      min,      p50,      p90,      p95,      p99,      max, 
       TotalPurchase,     529730,          0,          0,          0,     351502,     441124,      200,     6600,    55000,   104000,   640000,  1100000,
     InStorePurchase,     281341,          0,          0,          0,     185260,     232032,      200,     6400,    55000,   103000,   640000,  1100000,
      OnlinePurchase,     192721,          0,          0,          0,     129272,     162318,      300,     6900,    56000,   105000,   770000,  1100000,
        InstPurchase,      55668,          0,          0,          0,      36970,      46774,      300,     6900,    56000,   106000,   720000,  1100000,
          AssocOfCat,        556,          0,          0,          0,        462,        680,    22000,    43000,    97900,   146950,   412950,  1100000,
      AssocOfProduct,       5554,          0,          0,          0,       3921,       5160,      500,     6900,    54000,    98000,   491000,   492000,
      BusinessReport,       1395,          0,          0,          0,       1187,       1645,    29000,    51000,   121000,   166700,   361400,  1100000,
          CustBuyBeh,       5583,          0,          0,          0,       3902,       5183,      300,     8200,    67000,   115000,   297960,   990000,
       ProductReturn,      14634,          0,          0,          0,       9279,      11866,      200,     7700,    62000,   112000,   720000,   990000,

  5416s: (68%)   IR =   9409 .[5418.294s][info][gc,start       ] GC(1618) Pause Young (Allocation Failure)
[5418.390s][info][gc,heap        ] GC(1618) PSYoungGen: 2597837K(2614784K)->149584K(2614272K) Eden: 2435072K(2435072K)->0K(2435072K) From: 162765K(179712K)->149584K(179200K)
[5418.390s][info][gc,heap        ] GC(1618) ParOldGen: 2985354K(2985472K)->3086554K(3086848K)
[5418.390s][info][gc,metaspace   ] GC(1618) Metaspace: 29096K(29376K)->29096K(29376K) NonClass: 25993K(26112K)->25993K(26112K) Class: 3102K(3264K)->3102K(3264K)
[5418.390s][info][gc             ] GC(1618) Pause Young (Allocation Failure) 5452M->3160M(5567M) 96.267ms
[5418.390s][info][gc,cpu         ] GC(1618) User=0.52s Sys=0.04s Real=0.10s
..[5420.194s][info][gc,start       ] GC(1619) Pause Young (Allocation Failure)
[5420.295s][info][gc,heap        ] GC(1619) PSYoungGen: 2584656K(2614272K)->160297K(2615808K) Eden: 2435072K(2435072K)->0K(2438144K) From: 149584K(179200K)->160297K(177664K)
[5420.295s][info][gc,heap        ] GC(1619) ParOldGen: 3086554K(3086848K)->3188042K(3188224K)
[5420.295s][info][gc,metaspace   ] GC(1619) Metaspace: 29096K(29376K)->29096K(29376K) NonClass: 25993K(26112K)->25993K(26112K) Class: 3102K(3264K)->3102K(3264K)
[5420.295s][info][gc             ] GC(1619) Pause Young (Allocation Failure) 5538M->3269M(5668M) 101.178ms
[5420.295s][info][gc,cpu         ] GC(1619) User=0.55s Sys=0.05s Real=0.11s
..[5421.993s][info][gc,start       ] GC(1620) Pause Young (Allocation Failure)
[5422.092s][info][gc,heap        ] GC(1620) PSYoungGen: 2598441K(2615808K)->158272K(2615808K) Eden: 2438144K(2438144K)->0K(2438144K) From: 160297K(177664K)->158272K(177664K)
[5422.092s][info][gc,heap        ] GC(1620) ParOldGen: 3188042K(3188224K)->3292474K(3292672K)
[5422.092s][info][gc,metaspace   ] GC(1620) Metaspace: 29096K(29376K)->29096K(29376K) NonClass: 25993K(26112K)->25993K(26112K) Class: 3102K(3264K)->3102K(3264K)
[5422.092s][info][gc             ] GC(1620) Pause Young (Allocation Failure) 5650M->3369M(5770M) 99.330ms
[5422.092s][info][gc,cpu         ] GC(1620) User=0.54s Sys=0.04s Real=0.10s
.[5423.754s][info][gc,start       ] GC(1621) Pause Young (Allocation Failure)
[5423.852s][info][gc,heap        ] GC(1621) PSYoungGen: 2596416K(2615808K)->151552K(2616832K) Eden: 2438144K(2438144K)->0K(2441216K) From: 158272K(177664K)->151552K(175616K)
[5423.852s][info][gc,heap        ] GC(1621) ParOldGen: 3292474K(3292672K)->3398362K(3398656K)
[5423.852s][info][gc,metaspace   ] GC(1621) Metaspace: 29096K(29376K)->29096K(29376K) NonClass: 25993K(26112K)->25993K(26112K) Class: 3102K(3264K)->3102K(3264K)
[5423.852s][info][gc             ] GC(1621) Pause Young (Allocation Failure) 5750M->3466M(5874M) 97.761ms
[5423.852s][info][gc,cpu         ] GC(1621) User=0.54s Sys=0.04s Real=0.10s
..[5425.581s][info][gc,start       ] GC(1622) Pause Young (Allocation Failure)
[5425.682s][info][gc,heap        ] GC(1622) PSYoungGen: 2592768K(2616832K)->160624K(2616320K) Eden: 2441216K(2441216K)->0K(2441216K) From: 151552K(175616K)->160624K(175104K)
[5425.682s][info][gc,heap        ] GC(1622) ParOldGen: 3398362K(3398656K)->3499650K(3500032K)
[5425.682s][info][gc,metaspace   ] GC(1622) Metaspace: 29096K(29376K)->29096K(29376K) NonClass: 25993K(26112K)->25993K(26112K) Class: 3102K(3264K)->3102K(3264K)
[5425.682s][info][gc             ] GC(1622) Pause Young (Allocation Failure) 5850M->3574M(5973M) 100.956ms
[5425.682s][info][gc,cpu         ] GC(1622) User=0.55s Sys=0.03s Real=0.10s
..[5427.352s][info][gc,start       ] GC(1623) Pause Young (Allocation Failure)
[5427.458s][info][gc,heap        ] GC(1623) PSYoungGen: 2601840K(2616320K)->164437K(2619392K) Eden: 2441216K(2441216K)->0K(2444800K) From: 160624K(175104K)->164437K(174592K)
[5427.458s][info][gc,heap        ] GC(1623) ParOldGen: 3499650K(3500032K)->3605538K(3606016K)
[5427.458s][info][gc,metaspace   ] GC(1623) Metaspace: 29096K(29376K)->29096K(29376K) NonClass: 25993K(26112K)->25993K(26112K) Class: 3102K(3264K)->3102K(3264K)
[5427.458s][info][gc             ] GC(1623) Pause Young (Allocation Failure) 5958M->3681M(6079M) 105.441ms
[5427.458s][info][gc,cpu         ] GC(1623) User=0.59s Sys=0.02s Real=0.11s
..|[5429.220s][info][gc,start       ] GC(1624) Pause Young (Allocation Failure)
[5429.322s][info][gc,heap        ] GC(1624) PSYoungGen: 2609237K(2619392K)->160656K(2619904K) Eden: 2444800K(2444800K)->0K(2444800K) From: 164437K(174592K)->160656K(175104K)
[5429.322s][info][gc,heap        ] GC(1624) ParOldGen: 3605538K(3606016K)->3709034K(3709440K)
[5429.322s][info][gc,metaspace   ] GC(1624) Metaspace: 29096K(29376K)->29096K(29376K) NonClass: 25993K(26112K)->25993K(26112K) Class: 3102K(3264K)->3102K(3264K)
[5429.322s][info][gc             ] GC(1624) Pause Young (Allocation Failure) 6069M->3778M(6181M) 101.589ms
[5429.322s][info][gc,cpu         ] GC(1624) User=0.56s Sys=0.04s Real=0.10s
..[5430.989s][info][gc,start       ] GC(1625) Pause Young (Allocation Failure)
[5431.093s][info][gc,heap        ] GC(1625) PSYoungGen: 2605456K(2619904K)->164256K(2619904K) Eden: 2444800K(2444800K)->0K(2445824K) From: 160656K(175104K)->164256K(174080K)
[5431.093s][info][gc,heap        ] GC(1625) ParOldGen: 3709034K(3709440K)->3814954K(3815424K)
[5431.093s][info][gc,metaspace   ] GC(1625) Metaspace: 29096K(29376K)->29096K(29376K) NonClass: 25993K(26112K)->25993K(26112K) Class: 3102K(3264K)->3102K(3264K)
[5431.093s][info][gc             ] GC(1625) Pause Young (Allocation Failure) 6166M->3885M(6284M) 103.757ms
[5431.093s][info][gc,cpu         ] GC(1625) User=0.58s Sys=0.04s Real=0.10s
.[5432.742s][info][gc,start       ] GC(1626) Pause Young (Allocation Failure)
[5432.843s][info][gc,heap        ] GC(1626) PSYoungGen: 2610080K(2619904K)->162612K(2620416K) Eden: 2445824K(2445824K)->0K(2445824K) From: 164256K(174080K)->162612K(174592K)
[5432.843s][info][gc,heap        ] GC(1626) ParOldGen: 3814954K(3815424K)->3919650K(3919872K)
[5432.843s][info][gc,metaspace   ] GC(1626) Metaspace: 29096K(29376K)->29096K(29376K) NonClass: 25993K(26112K)->25993K(26112K) Class: 3102K(3264K)->3102K(3264K)
[5432.843s][info][gc             ] GC(1626) Pause Young (Allocation Failure) 6274M->3986M(6387M) 100.546ms
[5432.843s][info][gc,cpu         ] GC(1626) User=0.56s Sys=0.03s Real=0.10s
..[5434.537s][info][gc,start       ] GC(1627) Pause Young (Allocation Failure)
[5434.641s][info][gc,heap        ] GC(1627) PSYoungGen: 2608436K(2620416K)->159840K(2618368K) Eden: 2445824K(2445824K)->0K(2446848K) From: 162612K(174592K)->159840K(171520K)
[5434.641s][info][gc,heap        ] GC(1627) ParOldGen: 3919650K(3919872K)->4024546K(4024832K)
[5434.641s][info][gc,metaspace   ] GC(1627) Metaspace: 29096K(29376K)->29096K(29376K) NonClass: 25993K(26112K)->25993K(26112K) Class: 3102K(3264K)->3102K(3264K)
[5434.641s][info][gc             ] GC(1627) Pause Young (Allocation Failure) 6375M->4086M(6487M) 103.225ms
[5434.641s][info][gc,cpu         ] GC(1627) User=0.57s Sys=0.03s Real=0.10s
..[5436.410s][info][gc,start       ] GC(1628) Pause Young (Allocation Failure)
[5436.507s][info][gc,heap        ] GC(1628) PSYoungGen: 2606688K(2618368K)->147360K(2619904K) Eden: 2446848K(2446848K)->0K(2446848K) From: 159840K(171520K)->147360K(173056K)
[5436.507s][info][gc,heap        ] GC(1628) ParOldGen: 4024546K(4024832K)->4128530K(4128768K)
[5436.507s][info][gc,metaspace   ] GC(1628) Metaspace: 29096K(29376K)->29096K(29376K) NonClass: 25993K(26112K)->25993K(26112K) Class: 3102K(3264K)->3102K(3264K)
[5436.507s][info][gc             ] GC(1628) Pause Young (Allocation Failure) 6475M->4175M(6590M) 96.967ms
[5436.507s][info][gc,cpu         ] GC(1628) User=0.53s Sys=0.03s Real=0.10s
..[5438.311s][info][gc,start       ] GC(1629) Pause Young (Allocation Failure)
[5438.407s][info][gc,heap        ] GC(1629) PSYoungGen: 2594208K(2619904K)->147744K(2621440K) Eden: 2446848K(2446848K)->0K(2447872K) From: 147360K(173056K)->147744K(173568K)
[5438.407s][info][gc,heap        ] GC(1629) ParOldGen: 4128530K(4128768K)->4232506K(4232704K)
[5438.407s][info][gc,metaspace   ] GC(1629) Metaspace: 29096K(29376K)->29096K(29376K) NonClass: 25993K(26112K)->25993K(26112K) Class: 3102K(3264K)->3102K(3264K)
[5438.407s][info][gc             ] GC(1629) Pause Young (Allocation Failure) 6565M->4277M(6693M) 95.885ms
[5438.407s][info][gc,cpu         ] GC(1629) User=0.53s Sys=0.05s Real=0.10s
..[5440.113s][info][gc,start       ] GC(1630) Pause Young (Allocation Failure)
[5440.212s][info][gc,heap        ] GC(1630) PSYoungGen: 2595616K(2621440K)->158208K(2606080K) Eden: 2447872K(2447872K)->0K(2447872K) From: 147744K(173568K)->158208K(158208K)
[5440.212s][info][gc,heap        ] GC(1630) ParOldGen: 4232506K(4232704K)->4336242K(4336640K)
[5440.212s][info][gc,metaspace   ] GC(1630) Metaspace: 29096K(29376K)->29096K(29376K) NonClass: 25993K(26112K)->25993K(26112K) Class: 3102K(3264K)->3102K(3264K)
[5440.212s][info][gc             ] GC(1630) Pause Young (Allocation Failure) 6668M->4389M(6780M) 99.496ms
[5440.212s][info][gc,cpu         ] GC(1630) User=0.55s Sys=0.05s Real=0.10s
.[5441.980s][info][gc,start       ] GC(1631) Pause Young (Allocation Failure)
[5442.083s][info][gc,heap        ] GC(1631) PSYoungGen: 2606080K(2606080K)->163280K(2619904K) Eden: 2447872K(2447872K)->0K(2447360K) From: 158208K(158208K)->163280K(172544K)
[5442.083s][info][gc,heap        ] GC(1631) ParOldGen: 4336242K(4336640K)->4440162K(4440576K)
[5442.083s][info][gc,metaspace   ] GC(1631) Metaspace: 29096K(29376K)->29096K(29376K) NonClass: 25993K(26112K)->25993K(26112K) Class: 3102K(3264K)->3102K(3264K)
[5442.083s][info][gc             ] GC(1631) Pause Young (Allocation Failure) 6779M->4495M(6895M) 102.984ms
[5442.083s][info][gc,cpu         ] GC(1631) User=0.58s Sys=0.03s Real=0.10s
..[5443.772s][info][gc,start       ] GC(1632) Pause Young (Allocation Failure)
[5443.878s][info][gc,heap        ] GC(1632) PSYoungGen: 2610640K(2619904K)->172729K(2620416K) Eden: 2447360K(2447360K)->0K(2447360K) From: 163280K(172544K)->172729K(173056K)
[5443.878s][info][gc,heap        ] GC(1632) ParOldGen: 4440162K(4440576K)->4542378K(4542464K)
[5443.878s][info][gc,metaspace   ] GC(1632) Metaspace: 29096K(29376K)->29096K(29376K) NonClass: 25993K(26112K)->25993K(26112K) Class: 3102K(3264K)->3102K(3264K)
[5443.878s][info][gc             ] GC(1632) Pause Young (Allocation Failure) 6885M->4604M(6995M) 106.120ms
[5443.878s][info][gc,cpu         ] GC(1632) User=0.58s Sys=0.04s Real=0.11s
..[5445.592s][info][gc,start       ] GC(1633) Pause Young (Allocation Failure)
[5445.696s][info][gc,heap        ] GC(1633) PSYoungGen: 2620089K(2620416K)->161184K(2619392K) Eden: 2447360K(2447360K)->0K(2443776K) From: 172729K(173056K)->161184K(175616K)
[5445.696s][info][gc,heap        ] GC(1633) ParOldGen: 4542378K(4542464K)->4647922K(4647936K)
[5445.696s][info][gc,metaspace   ] GC(1633) Metaspace: 29096K(29376K)->29096K(29376K) NonClass: 25993K(26112K)->25993K(26112K) Class: 3102K(3264K)->3102K(3264K)
[5445.696s][info][gc             ] GC(1633) Pause Young (Allocation Failure) 6994M->4696M(7097M) 103.268ms
[5445.696s][info][gc,cpu         ] GC(1633) User=0.59s Sys=0.02s Real=0.11s
..[5447.398s][info][gc,start       ] GC(1634) Pause Young (Allocation Failure)
[5447.500s][info][gc,heap        ] GC(1634) PSYoungGen: 2604960K(2619392K)->158080K(2601984K) Eden: 2443776K(2443776K)->0K(2443776K) From: 161184K(175616K)->158080K(158208K)
[5447.500s][info][gc,heap        ] GC(1634) ParOldGen: 4647922K(4647936K)->4751538K(4751872K)
[5447.500s][info][gc,metaspace   ] GC(1634) Metaspace: 29096K(29376K)->29096K(29376K) NonClass: 25993K(26112K)->25993K(26112K) Class: 3102K(3264K)->3102K(3264K)
[5447.500s][info][gc             ] GC(1634) Pause Young (Allocation Failure) 7082M->4794M(7181M) 101.830ms
[5447.500s][info][gc,cpu         ] GC(1634) User=0.57s Sys=0.03s Real=0.10s
..[5449.201s][info][gc,start       ] GC(1635) Pause Young (Allocation Failure)
[5449.302s][info][gc,heap        ] GC(1635) PSYoungGen: 2601856K(2601984K)->149653K(2618368K) Eden: 2443776K(2443776K)->0K(2443776K) From: 158080K(158208K)->149653K(174592K)
[5449.302s][info][gc,heap        ] GC(1635) ParOldGen: 4751538K(4751872K)->4860202K(4860416K)
[5449.302s][info][gc,metaspace   ] GC(1635) Metaspace: 29096K(29376K)->29096K(29376K) NonClass: 25993K(26112K)->25993K(26112K) Class: 3102K(3264K)->3102K(3264K)
[5449.302s][info][gc             ] GC(1635) Pause Young (Allocation Failure) 7181M->4892M(7303M) 101.173ms
[5449.302s][info][gc,cpu         ] GC(1635) User=0.55s Sys=0.04s Real=0.10s
.[5451.007s][info][gc,start       ] GC(1636) Pause Young (Allocation Failure)
[5451.107s][info][gc,heap        ] GC(1636) PSYoungGen: 2593429K(2618368K)->158656K(2618880K) Eden: 2443776K(2443776K)->0K(2443776K) From: 149653K(174592K)->158656K(175104K)
[5451.107s][info][gc,heap        ] GC(1636) ParOldGen: 4860202K(4860416K)->4960610K(4960768K)
[5451.107s][info][gc,metaspace   ] GC(1636) Metaspace: 29096K(29376K)->29096K(29376K) NonClass: 25993K(26112K)->25993K(26112K) Class: 3102K(3264K)->3102K(3264K)
[5451.107s][info][gc             ] GC(1636) Pause Young (Allocation Failure) 7278M->4999M(7402M) 100.454ms
[5451.108s][info][gc,cpu         ] GC(1636) User=0.56s Sys=0.03s Real=0.10s
..[5452.834s][info][gc,start       ] GC(1637) Pause Young (Allocation Failure)
[5452.942s][info][gc,heap        ] GC(1637) PSYoungGen: 2602432K(2618880K)->165956K(2618880K) Eden: 2443776K(2443776K)->0K(2445312K) From: 158656K(175104K)->165956K(173568K)
[5452.942s][info][gc,heap        ] GC(1637) ParOldGen: 4960610K(4960768K)->5066202K(5066240K)
[5452.942s][info][gc,metaspace   ] GC(1637) Metaspace: 29096K(29376K)->29096K(29376K) NonClass: 25993K(26112K)->25993K(26112K) Class: 3102K(3264K)->3102K(3264K)
[5452.942s][info][gc             ] GC(1637) Pause Young (Allocation Failure) 7385M->5109M(7505M) 107.762ms
[5452.942s][info][gc,cpu         ] GC(1637) User=0.59s Sys=0.04s Real=0.11s
..[5454.635s][info][gc,start       ] GC(1638) Pause Young (Allocation Failure)
[5454.735s][info][gc,heap        ] GC(1638) PSYoungGen: 2611268K(2618880K)->157120K(2619904K) Eden: 2445312K(2445312K)->0K(2445312K) From: 165956K(173568K)->157120K(174592K)
[5454.735s][info][gc,heap        ] GC(1638) ParOldGen: 5066202K(5066240K)->5166026K(5166080K)
[5454.735s][info][gc,metaspace   ] GC(1638) Metaspace: 29096K(29376K)->29096K(29376K) NonClass: 25993K(26112K)->25993K(26112K) Class: 3102K(3264K)->3102K(3264K)
[5454.735s][info][gc             ] GC(1638) Pause Young (Allocation Failure) 7497M->5198M(7603M) 99.820ms
[5454.735s][info][gc,cpu         ] GC(1638) User=0.56s Sys=0.03s Real=0.10s
..[5456.393s][info][gc,start       ] GC(1639) Pause Young (Allocation Failure)
[5456.495s][info][gc,heap        ] GC(1639) PSYoungGen: 2602432K(2619904K)->154976K(2620416K) Eden: 2445312K(2445312K)->0K(2447872K) From: 157120K(174592K)->154976K(172544K)
[5456.495s][info][gc,heap        ] GC(1639) ParOldGen: 5166026K(5166080K)->5272418K(5272576K)
[5456.495s][info][gc,metaspace   ] GC(1639) Metaspace: 29096K(29376K)->29096K(29376K) NonClass: 25993K(26112K)->25993K(26112K) Class: 3102K(3264K)->3102K(3264K)
[5456.495s][info][gc             ] GC(1639) Pause Young (Allocation Failure) 7586M->5300M(7708M) 101.569ms
[5456.495s][info][gc,cpu         ] GC(1639) User=0.56s Sys=0.03s Real=0.11s
..[5458.168s][info][gc,start       ] GC(1640) Pause Young (Allocation Failure)
[5458.269s][info][gc,heap        ] GC(1640) PSYoungGen: 2602848K(2620416K)->152768K(2620928K) Eden: 2447872K(2447872K)->0K(2447872K) From: 154976K(172544K)->152768K(173056K)
[5458.269s][info][gc,heap        ] GC(1640) ParOldGen: 5272418K(5272576K)->5377090K(5377536K)
[5458.269s][info][gc,metaspace   ] GC(1640) Metaspace: 29096K(29376K)->29096K(29376K) NonClass: 25993K(26112K)->25993K(26112K) Class: 3102K(3264K)->3102K(3264K)
[5458.269s][info][gc             ] GC(1640) Pause Young (Allocation Failure) 7690M->5400M(7811M) 100.827ms
[5458.269s][info][gc,cpu         ] GC(1640) User=0.55s Sys=0.05s Real=0.10s
.[5459.985s][info][gc,start       ] GC(1641) Pause Young (Allocation Failure)
[5460.094s][info][gc,heap        ] GC(1641) PSYoungGen: 2600640K(2620928K)->172521K(2538496K) Eden: 2447872K(2447872K)->0K(2365952K) From: 152768K(173056K)->172521K(172544K)
[5460.094s][info][gc,heap        ] GC(1641) ParOldGen: 5377090K(5377536K)->5482186K(5482496K)
[5460.094s][info][gc,metaspace   ] GC(1641) Metaspace: 29096K(29376K)->29096K(29376K) NonClass: 25993K(26112K)->25993K(26112K) Class: 3102K(3264K)->3102K(3264K)
[5460.094s][info][gc             ] GC(1641) Pause Young (Allocation Failure) 7790M->5522M(7833M) 108.514ms
[5460.094s][info][gc,cpu         ] GC(1641) User=0.61s Sys=0.03s Real=0.10s
..[5461.699s][info][gc,start       ] GC(1642) Pause Full (Allocation Failure)
[5461.699s][info][gc,phases,start] GC(1642) Marking Phase
[5462.016s][info][gc,phases      ] GC(1642) Marking Phase 316.922ms
[5462.016s][info][gc,phases,start] GC(1642) Summary Phase
[5462.016s][info][gc,phases      ] GC(1642) Summary Phase 0.100ms
[5462.016s][info][gc,phases,start] GC(1642) Forward
[5462.141s][info][gc,phases      ] GC(1642) Forward 124.769ms
[5462.141s][info][gc,phases,start] GC(1642) Adjust Pointers
[5462.353s][info][gc,phases      ] GC(1642) Adjust Pointers 212.667ms
[5462.354s][info][gc,phases,start] GC(1642) Compaction Phase
[5462.504s][info][gc,phases      ] GC(1642) Compaction Phase 149.967ms
[5462.505s][info][gc,phases,start] GC(1642) Post Compact
[5462.512s][info][gc,phases      ] GC(1642) Post Compact 6.862ms
[5462.641s][info][gc,heap        ] GC(1642) PSYoungGen: 2538473K(2538496K)->0K(2580992K) Eden: 2365952K(2365952K)->0K(2365952K) From: 172521K(172544K)->0K(215040K)
[5462.641s][info][gc,heap        ] GC(1642) ParOldGen: 5482186K(5482496K)->1615603K(1975808K)
[5462.641s][info][gc,metaspace   ] GC(1642) Metaspace: 29096K(29376K)->29096K(29376K) NonClass: 25993K(26112K)->25993K(26112K) Class: 3102K(3264K)->3102K(3264K)
[5462.641s][info][gc             ] GC(1642) Pause Full (Allocation Failure) 7832M->1577M(4450M) 942.508ms
[5462.641s][info][gc,cpu         ] GC(1642) User=4.45s Sys=0.13s Real=0.94s
..[5463.846s][info][gc,start       ] GC(1643) Pause Young (Allocation Failure)
[5463.915s][info][gc,heap        ] GC(1643) PSYoungGen: 2365952K(2580992K)->167088K(2573824K) Eden: 2365952K(2365952K)->0K(2365952K) From: 0K(215040K)->167088K(207872K)
[5463.915s][info][gc,heap        ] GC(1643) ParOldGen: 1615603K(1975808K)->1615603K(1975808K)
[5463.915s][info][gc,metaspace   ] GC(1643) Metaspace: 29096K(29376K)->29096K(29376K) NonClass: 25993K(26112K)->25993K(26112K) Class: 3102K(3264K)->3102K(3264K)
[5463.915s][info][gc             ] GC(1643) Pause Young (Allocation Failure) 3888M->1740M(4443M) 68.942ms
[5463.915s][info][gc,cpu         ] GC(1643) User=0.41s Sys=0.00s Real=0.07s
.[5464.988s][info][gc,start       ] GC(1644) Pause Full (Diagnostic Command)
[5464.988s][info][gc,phases,start] GC(1644) Marking Phase
[5465.352s][info][gc,phases      ] GC(1644) Marking Phase 363.792ms
[5465.352s][info][gc,phases,start] GC(1644) Summary Phase
[5465.352s][info][gc,phases      ] GC(1644) Summary Phase 0.047ms
[5465.352s][info][gc,phases,start] GC(1644) Forward
[5465.504s][info][gc,phases      ] GC(1644) Forward 152.309ms
[5465.504s][info][gc,phases,start] GC(1644) Adjust Pointers
[5465.732s][info][gc,phases      ] GC(1644) Adjust Pointers 227.157ms
[5465.732s][info][gc,phases,start] GC(1644) Compaction Phase
[5465.912s][info][gc,phases      ] GC(1644) Compaction Phase 180.889ms
[5465.915s][info][gc,phases,start] GC(1644) Post Compact
[5465.918s][info][gc,phases      ] GC(1644) Post Compact 3.203ms
[5465.918s][info][gc,heap        ] GC(1644) PSYoungGen: 2130853K(2573824K)->0K(2573824K) Eden: 1963765K(2365952K)->0K(2365952K) From: 167088K(207872K)->0K(207872K)
[5465.918s][info][gc,heap        ] GC(1644) ParOldGen: 1615603K(1975808K)->1355605K(1975808K)
[5465.918s][info][gc,metaspace   ] GC(1644) Metaspace: 29096K(29376K)->29096K(29376K) NonClass: 25993K(26112K)->25993K(26112K) Class: 3102K(3264K)->3102K(3264K)
[5465.918s][info][gc             ] GC(1644) Pause Full (Diagnostic Command) 3658M->1323M(4443M) 930.248ms
[5465.918s][info][gc,cpu         ] GC(1644) User=4.99s Sys=0.00s Real=0.93s
..[5467.121s][info][gc,start       ] GC(1645) Pause Young (Allocation Failure)
[5467.240s][info][gc,heap        ] GC(1645) PSYoungGen: 2365952K(2573824K)->176357K(2577408K) Eden: 2365952K(2365952K)->0K(2365952K) From: 0K(207872K)->176357K(211456K)
[5467.240s][info][gc,heap        ] GC(1645) ParOldGen: 1355605K(1975808K)->1355605K(1975808K)
[5467.240s][info][gc,metaspace   ] GC(1645) Metaspace: 29096K(29376K)->29096K(29376K) NonClass: 25993K(26112K)->25993K(26112K) Class: 3102K(3264K)->3102K(3264K)
[5467.240s][info][gc             ] GC(1645) Pause Young (Allocation Failure) 3634M->1496M(4446M) 118.452ms
[5467.240s][info][gc,cpu         ] GC(1645) User=0.43s Sys=0.00s Real=0.12s
.[5468.510s][info][gc,start       ] GC(1646) Pause Young (Allocation Failure)
[5468.602s][info][gc,heap        ] GC(1646) PSYoungGen: 2542309K(2577408K)->147476K(2583040K) Eden: 2365952K(2365952K)->0K(2375168K) From: 176357K(211456K)->147476K(207872K)
[5468.602s][info][gc,heap        ] GC(1646) ParOldGen: 1355605K(1975808K)->1462461K(1975808K)
[5468.602s][info][gc,metaspace   ] GC(1646) Metaspace: 29096K(29376K)->29096K(29376K) NonClass: 25993K(26112K)->25993K(26112K) Class: 3102K(3264K)->3102K(3264K)
[5468.602s][info][gc             ] GC(1646) Pause Young (Allocation Failure) 3806M->1572M(4452M) 91.696ms
[5468.602s][info][gc,cpu         ] GC(1646) User=0.54s Sys=0.00s Real=0.09s
..[5470.183s][info][gc,start       ] GC(1647) Pause Young (Allocation Failure)
[5470.276s][info][gc,heap        ] GC(1647) PSYoungGen: 2522644K(2583040K)->155736K(2584576K) Eden: 2375168K(2375168K)->0K(2375168K) From: 147476K(207872K)->155736K(209408K)
[5470.276s][info][gc,heap        ] GC(1647) ParOldGen: 1462461K(1975808K)->1561837K(1975808K)
[5470.276s][info][gc,metaspace   ] GC(1647) Metaspace: 29096K(29376K)->29096K(29376K) NonClass: 25993K(26112K)->25993K(26112K) Class: 3102K(3264K)->3102K(3264K)
[5470.276s][info][gc             ] GC(1647) Pause Young (Allocation Failure) 3891M->1677M(4453M) 92.780ms
[5470.276s][info][gc,cpu         ] GC(1647) User=0.55s Sys=0.00s Real=0.10s
.[5471.918s][info][gc,start       ] GC(1648) Pause Young (Allocation Failure)
[5472.013s][info][gc,heap        ] GC(1648) PSYoungGen: 2530904K(2584576K)->163952K(2580992K) Eden: 2375168K(2375168K)->0K(2379264K) From: 155736K(209408K)->163952K(201728K)
[5472.013s][info][gc,heap        ] GC(1648) ParOldGen: 1561837K(1975808K)->1665501K(1975808K)
[5472.013s][info][gc,metaspace   ] GC(1648) Metaspace: 29096K(29376K)->29096K(29376K) NonClass: 25993K(26112K)->25993K(26112K) Class: 3102K(3264K)->3102K(3264K)
[5472.013s][info][gc             ] GC(1648) Pause Young (Allocation Failure) 3996M->1786M(4450M) 95.500ms
[5472.013s][info][gc,cpu         ] GC(1648) User=0.56s Sys=0.00s Real=0.09s
..[5473.705s][info][gc,start       ] GC(1649) Pause Young (Allocation Failure)
[5473.802s][info][gc,heap        ] GC(1649) PSYoungGen: 2543216K(2580992K)->165418K(2583552K) Eden: 2379264K(2379264K)->0K(2379264K) From: 163952K(201728K)->165418K(204288K)
[5473.802s][info][gc,heap        ] GC(1649) ParOldGen: 1665501K(1975808K)->1767613K(1975808K)
[5473.802s][info][gc,metaspace   ] GC(1649) Metaspace: 29096K(29376K)->29096K(29376K) NonClass: 25993K(26112K)->25993K(26112K) Class: 3102K(3264K)->3102K(3264K)
[5473.802s][info][gc             ] GC(1649) Pause Young (Allocation Failure) 4110M->1887M(4452M) 96.768ms
[5473.802s][info][gc,cpu         ] GC(1649) User=0.57s Sys=0.00s Real=0.09s
..[5475.459s][info][gc,start       ] GC(1650) Pause Young (Allocation Failure)
[5475.551s][info][gc,heap        ] GC(1650) PSYoungGen: 2544682K(2583552K)->149920K(2591232K) Eden: 2379264K(2379264K)->0K(2390528K) From: 165418K(204288K)->149920K(200704K)
[5475.551s][info][gc,heap        ] GC(1650) ParOldGen: 1767613K(1975808K)->1872325K(1975808K)
[5475.551s][info][gc,metaspace   ] GC(1650) Metaspace: 29096K(29376K)->29096K(29376K) NonClass: 25993K(26112K)->25993K(26112K) Class: 3102K(3264K)->3102K(3264K)
[5475.551s][info][gc             ] GC(1650) Pause Young (Allocation Failure) 4211M->1974M(4460M) 91.530ms
[5475.551s][info][gc,cpu         ] GC(1650) User=0.54s Sys=0.00s Real=0.09s
..[5477.215s][info][gc,start       ] GC(1651) Pause Young (Allocation Failure)
[5477.306s][info][gc,heap        ] GC(1651) PSYoungGen: 2540448K(2591232K)->151925K(2590720K) Eden: 2390528K(2390528K)->0K(2390528K) From: 149920K(200704K)->151925K(200192K)
[5477.306s][info][gc,heap        ] GC(1651) ParOldGen: 1872325K(1975808K)->1972733K(1975808K)
[5477.306s][info][gc,metaspace   ] GC(1651) Metaspace: 29096K(29376K)->29096K(29376K) NonClass: 25993K(26112K)->25993K(26112K) Class: 3102K(3264K)->3102K(3264K)
[5477.306s][info][gc             ] GC(1651) Pause Young (Allocation Failure) 4309M->2074M(4459M) 91.151ms
[5477.306s][info][gc,cpu         ] GC(1651) User=0.54s Sys=0.00s Real=0.09s
..[5479.053s][info][gc,start       ] GC(1652) Pause Young (Allocation Failure)
[5479.149s][info][gc,heap        ] GC(1652) PSYoungGen: 2542453K(2590720K)->154400K(2593792K) Eden: 2390528K(2390528K)->0K(2397184K) From: 151925K(200192K)->154400K(196608K)
[5479.149s][info][gc,heap        ] GC(1652) ParOldGen: 1972733K(1975808K)->2077885K(2078208K)
[5479.149s][info][gc,metaspace   ] GC(1652) Metaspace: 29096K(29376K)->29096K(29376K) NonClass: 25993K(26112K)->25993K(26112K) Class: 3102K(3264K)->3102K(3264K)
[5479.149s][info][gc             ] GC(1652) Pause Young (Allocation Failure) 4409M->2179M(4562M) 96.465ms
[5479.149s][info][gc,cpu         ] GC(1652) User=0.53s Sys=0.04s Real=0.10s
.[5480.785s][info][gc,start       ] GC(1653) Pause Young (Allocation Failure)
[5480.883s][info][gc,heap        ] GC(1653) PSYoungGen: 2551584K(2593792K)->160304K(2593792K) Eden: 2397184K(2397184K)->0K(2397184K) From: 154400K(196608K)->160304K(196608K)
[5480.883s][info][gc,heap        ] GC(1653) ParOldGen: 2077885K(2078208K)->2179949K(2180096K)
[5480.883s][info][gc,metaspace   ] GC(1653) Metaspace: 29096K(29376K)->29096K(29376K) NonClass: 25993K(26112K)->25993K(26112K) Class: 3102K(3264K)->3102K(3264K)
[5480.883s][info][gc             ] GC(1653) Pause Young (Allocation Failure) 4520M->2285M(4662M) 98.263ms
[5480.883s][info][gc,cpu         ] GC(1653) User=0.55s Sys=0.03s Real=0.09s
..[5482.669s][info][gc,start       ] GC(1654) Pause Young (Allocation Failure)
[5482.764s][info][gc,heap        ] GC(1654) PSYoungGen: 2557488K(2593792K)->150976K(2597376K) Eden: 2397184K(2397184K)->0K(2403840K) From: 160304K(196608K)->150976K(193536K)
[5482.764s][info][gc,heap        ] GC(1654) ParOldGen: 2179949K(2180096K)->2283933K(2284032K)
[5482.764s][info][gc,metaspace   ] GC(1654) Metaspace: 29096K(29376K)->29096K(29376K) NonClass: 25993K(26112K)->25993K(26112K) Class: 3102K(3264K)->3102K(3264K)
[5482.764s][info][gc             ] GC(1654) Pause Young (Allocation Failure) 4626M->2377M(4767M) 95.194ms
[5482.764s][info][gc,cpu         ] GC(1654) User=0.53s Sys=0.03s Real=0.09s
..[5484.441s][info][gc,start       ] GC(1655) Pause Young (Allocation Failure)
[5484.537s][info][gc,heap        ] GC(1655) PSYoungGen: 2554815K(2597376K)->149856K(2596352K) Eden: 2403839K(2403840K)->0K(2403840K) From: 150976K(193536K)->149856K(192512K)
[5484.537s][info][gc,heap        ] GC(1655) ParOldGen: 2283933K(2284032K)->2387157K(2387456K)
[5484.537s][info][gc,metaspace   ] GC(1655) Metaspace: 29096K(29376K)->29096K(29376K) NonClass: 25993K(26112K)->25993K(26112K) Class: 3102K(3264K)->3102K(3264K)
[5484.537s][info][gc             ] GC(1655) Pause Young (Allocation Failure) 4725M->2477M(4867M) 96.465ms
[5484.537s][info][gc,cpu         ] GC(1655) User=0.54s Sys=0.04s Real=0.10s
..[5486.164s][info][gc,start       ] GC(1656) Pause Young (Allocation Failure)
[5486.266s][info][gc,heap        ] GC(1656) PSYoungGen: 2553696K(2596352K)->169061K(2601472K) Eden: 2403840K(2403840K)->0K(2409984K) From: 149856K(192512K)->169061K(191488K)
[5486.266s][info][gc,heap        ] GC(1656) ParOldGen: 2387157K(2387456K)->2490741K(2490880K)
[5486.266s][info][gc,metaspace   ] GC(1656) Metaspace: 29096K(29376K)->29096K(29376K) NonClass: 25993K(26112K)->25993K(26112K) Class: 3102K(3264K)->3102K(3264K)
[5486.266s][info][gc             ] GC(1656) Pause Young (Allocation Failure) 4825M->2597M(4973M) 102.483ms
[5486.266s][info][gc,cpu         ] GC(1656) User=0.57s Sys=0.03s Real=0.11s
.[5487.905s][info][gc,start       ] GC(1657) Pause Young (Allocation Failure)
[5488.001s][info][gc,heap        ] GC(1657) PSYoungGen: 2579045K(2601472K)->151991K(2601472K) Eden: 2409984K(2409984K)->0K(2409984K) From: 169061K(191488K)->151991K(191488K)
[5488.001s][info][gc,heap        ] GC(1657) ParOldGen: 2490741K(2490880K)->2596637K(2596864K)
[5488.001s][info][gc,metaspace   ] GC(1657) Metaspace: 29096K(29376K)->29096K(29376K) NonClass: 25993K(26112K)->25993K(26112K) Class: 3102K(3264K)->3102K(3264K)
[5488.001s][info][gc             ] GC(1657) Pause Young (Allocation Failure) 4950M->2684M(5076M) 96.664ms
[5488.001s][info][gc,cpu         ] GC(1657) User=0.54s Sys=0.03s Real=0.09s
.. (rIR:aIR:PR = 9409:9431:9431) (tPR = 141248) [OK] 
  5489s: Performance info:
         Transaction,    Success,    Partial,     Failed,   Receipts, AvgBarcode, 
             Overall,     567070,          0,          0,     538794,      59.48, 
         Response times:
             Request,    Success,    Partial,     Failed,   SkipFail,     Probes,    Samples,      min,      p50,      p90,      p95,      p99,      max, 
       TotalPurchase,     538804,          0,          0,          0,     337824,     434335,      200,     7000,    98000,   235000,   437000,  1100000,
     InStorePurchase,     280813,          0,          0,          0,     177338,     228336,      200,     7000,    99000,   220000,   444000,  1100000,
      OnlinePurchase,     201044,          0,          0,          0,     124586,     160744,      300,     6900,    97000,   236000,   437000,  1100000,
        InstPurchase,      56947,          0,          0,          0,      35900,      45255,      400,     7300,    98000,   331000,   434440,  1100000,
          AssocOfCat,        567,          0,          0,          0,        463,        666,    23000,    45000,   136600,   163950,   389270,   509000,
      AssocOfProduct,       5690,          0,          0,          0,       4038,       5337,      800,     6700,    89000,   290300,   479000,   990000,
      BusinessReport,       1417,          0,          0,          0,       1174,       1679,    28000,    55000,   164000,   286000,   459000,  1200000,
          CustBuyBeh,       5642,          0,          0,          0,       4054,       5344,      100,     6000,    98000,   269000,   429000,   990000,
       ProductReturn,      14960,          0,          0,          0,       9461,      12128,      200,     6900,    92100,   212000,   436710,  1100000,

  5489s: (69%)   IR =   9548 [5489.800s][info][gc,start       ] GC(1658) Pause Young (Allocation Failure)
[5489.898s][info][gc,heap        ] GC(1658) PSYoungGen: 2561975K(2601472K)->159792K(2600960K) Eden: 2409984K(2409984K)->0K(2414592K) From: 151991K(191488K)->159792K(186368K)
[5489.898s][info][gc,heap        ] GC(1658) ParOldGen: 2596637K(2596864K)->2697181K(2697216K)
[5489.898s][info][gc,metaspace   ] GC(1658) Metaspace: 29096K(29376K)->29096K(29376K) NonClass: 25994K(26112K)->25994K(26112K) Class: 3102K(3264K)->3102K(3264K)
[5489.898s][info][gc             ] GC(1658) Pause Young (Allocation Failure) 5037M->2790M(5174M) 98.550ms
[5489.898s][info][gc,cpu         ] GC(1658) User=0.54s Sys=0.05s Real=0.10s
..[5491.585s][info][gc,start       ] GC(1659) Pause Young (Allocation Failure)
[5491.683s][info][gc,heap        ] GC(1659) PSYoungGen: 2574384K(2600960K)->155153K(2601984K) Eden: 2414592K(2414592K)->0K(2414592K) From: 159792K(186368K)->155153K(187392K)
[5491.684s][info][gc,heap        ] GC(1659) ParOldGen: 2697181K(2697216K)->2802021K(2802176K)
[5491.684s][info][gc,metaspace   ] GC(1659) Metaspace: 29096K(29376K)->29096K(29376K) NonClass: 25994K(26112K)->25994K(26112K) Class: 3102K(3264K)->3102K(3264K)
[5491.684s][info][gc             ] GC(1659) Pause Young (Allocation Failure) 5148M->2887M(5277M) 98.453ms
[5491.684s][info][gc,cpu         ] GC(1659) User=0.55s Sys=0.03s Real=0.09s
..[5493.339s][info][gc,start       ] GC(1660) Pause Young (Allocation Failure)
[5493.439s][info][gc,heap        ] GC(1660) PSYoungGen: 2569745K(2601984K)->160320K(2605568K) Eden: 2414592K(2414592K)->0K(2423296K) From: 155153K(187392K)->160320K(182272K)
[5493.439s][info][gc,heap        ] GC(1660) ParOldGen: 2802021K(2802176K)->2907357K(2907648K)
[5493.439s][info][gc,metaspace   ] GC(1660) Metaspace: 29096K(29376K)->29096K(29376K) NonClass: 25994K(26112K)->25994K(26112K) Class: 3102K(3264K)->3102K(3264K)
[5493.439s][info][gc             ] GC(1660) Pause Young (Allocation Failure) 5245M->2995M(5384M) 99.975ms
[5493.439s][info][gc,cpu         ] GC(1660) User=0.56s Sys=0.03s Real=0.10s
.[5494.990s][info][gc,start       ] GC(1661) Pause Young (Allocation Failure)
[5495.091s][info][gc,heap        ] GC(1661) PSYoungGen: 2583616K(2605568K)->160960K(2606592K) Eden: 2423296K(2423296K)->0K(2423296K) From: 160320K(182272K)->160960K(183296K)
[5495.091s][info][gc,heap        ] GC(1661) ParOldGen: 2907357K(2907648K)->3011717K(3012096K)
[5495.091s][info][gc,metaspace   ] GC(1661) Metaspace: 29096K(29376K)->29096K(29376K) NonClass: 25994K(26112K)->25994K(26112K) Class: 3102K(3264K)->3102K(3264K)
[5495.091s][info][gc             ] GC(1661) Pause Young (Allocation Failure) 5362M->3098M(5487M) 100.162ms
[5495.091s][info][gc,cpu         ] GC(1661) User=0.56s Sys=0.03s Real=0.10s
..[5496.779s][info][gc,start       ] GC(1662) Pause Young (Allocation Failure)
[5496.884s][info][gc,heap        ] GC(1662) PSYoungGen: 2584256K(2606592K)->170537K(2609664K) Eden: 2423296K(2423296K)->0K(2428416K) From: 160960K(183296K)->170537K(181248K)
[5496.884s][info][gc,heap        ] GC(1662) ParOldGen: 3011717K(3012096K)->3115709K(3116032K)
[5496.884s][info][gc,metaspace   ] GC(1662) Metaspace: 29099K(29376K)->29099K(29376K) NonClass: 25996K(26112K)->25996K(26112K) Class: 3102K(3264K)->3102K(3264K)
[5496.884s][info][gc             ] GC(1662) Pause Young (Allocation Failure) 5464M->3209M(5591M) 105.315ms
[5496.884s][info][gc,cpu         ] GC(1662) User=0.59s Sys=0.03s Real=0.11s
..[5498.513s][info][gc,start       ] GC(1663) Pause Young (Allocation Failure)
[5498.614s][info][gc,heap        ] GC(1663) PSYoungGen: 2598953K(2609664K)->158400K(2611712K) Eden: 2428416K(2428416K)->0K(2428416K) From: 170537K(181248K)->158400K(183296K)
[5498.614s][info][gc,heap        ] GC(1663) ParOldGen: 3115709K(3116032K)->3217853K(3217920K)
[5498.614s][info][gc,metaspace   ] GC(1663) Metaspace: 29099K(29376K)->29099K(29376K) NonClass: 25996K(26112K)->25996K(26112K) Class: 3102K(3264K)->3102K(3264K)
[5498.614s][info][gc             ] GC(1663) Pause Young (Allocation Failure) 5580M->3297M(5693M) 101.079ms
[5498.614s][info][gc,cpu         ] GC(1663) User=0.57s Sys=0.03s Real=0.10s
..[5500.315s][info][gc,start       ] GC(1664) Pause Young (Allocation Failure)
[5500.410s][info][gc,heap        ] GC(1664) PSYoungGen: 2586816K(2611712K)->146336K(2612224K) Eden: 2428416K(2428416K)->0K(2430976K) From: 158400K(183296K)->146336K(181248K)
[5500.410s][info][gc,heap        ] GC(1664) ParOldGen: 3217853K(3217920K)->3324021K(3324416K)
[5500.410s][info][gc,metaspace   ] GC(1664) Metaspace: 29099K(29376K)->29099K(29376K) NonClass: 25996K(26112K)->25996K(26112K) Class: 3102K(3264K)->3102K(3264K)
[5500.410s][info][gc             ] GC(1664) Pause Young (Allocation Failure) 5668M->3389M(5797M) 94.387ms
[5500.410s][info][gc,cpu         ] GC(1664) User=0.53s Sys=0.03s Real=0.09s
.[5502.089s][info][gc,start       ] GC(1665) Pause Young (Allocation Failure)
[5502.193s][info][gc,heap        ] GC(1665) PSYoungGen: 2577312K(2612224K)->170344K(2601472K) Eden: 2430976K(2430976K)->0K(2430976K) From: 146336K(181248K)->170344K(170496K)
[5502.193s][info][gc,heap        ] GC(1665) ParOldGen: 3324021K(3324416K)->3426693K(3426816K)
[5502.193s][info][gc,metaspace   ] GC(1665) Metaspace: 29099K(29376K)->29099K(29376K) NonClass: 25996K(26112K)->25996K(26112K) Class: 3102K(3264K)->3102K(3264K)
[5502.193s][info][gc             ] GC(1665) Pause Young (Allocation Failure) 5763M->3512M(5887M) 104.726ms
[5502.193s][info][gc,cpu         ] GC(1665) User=0.58s Sys=0.04s Real=0.10s
..[5503.792s][info][gc,start       ] GC(1666) Pause Young (Allocation Failure)
[5503.892s][info][gc,heap        ] GC(1666) PSYoungGen: 2601320K(2601472K)->155520K(2613760K) Eden: 2430976K(2430976K)->0K(2429952K) From: 170344K(170496K)->155520K(183808K)
[5503.892s][info][gc,heap        ] GC(1666) ParOldGen: 3426693K(3426816K)->3532501K(3532800K)
[5503.892s][info][gc,metaspace   ] GC(1666) Metaspace: 29099K(29376K)->29099K(29376K) NonClass: 25996K(26112K)->25996K(26112K) Class: 3102K(3264K)->3102K(3264K)
[5503.892s][info][gc             ] GC(1666) Pause Young (Allocation Failure) 5886M->3601M(6002M) 100.118ms
[5503.892s][info][gc,cpu         ] GC(1666) User=0.56s Sys=0.03s Real=0.10s
..[5505.567s][info][gc,start       ] GC(1667) Pause Young (Allocation Failure)
[5505.667s][info][gc,heap        ] GC(1667) PSYoungGen: 2585472K(2613760K)->159136K(2589184K) Eden: 2429952K(2429952K)->0K(2429952K) From: 155520K(183808K)->159136K(159232K)
[5505.667s][info][gc,heap        ] GC(1667) ParOldGen: 3532501K(3532800K)->3635413K(3635712K)
[5505.667s][info][gc,metaspace   ] GC(1667) Metaspace: 29099K(29376K)->29099K(29376K) NonClass: 25996K(26112K)->25996K(26112K) Class: 3102K(3264K)->3102K(3264K)
[5505.667s][info][gc             ] GC(1667) Pause Young (Allocation Failure) 5974M->3705M(6079M) 99.727ms
[5505.667s][info][gc,cpu         ] GC(1667) User=0.55s Sys=0.03s Real=0.10s
..[5507.332s][info][gc,start       ] GC(1668) Pause Young (Allocation Failure)
[5507.429s][info][gc,heap        ] GC(1668) PSYoungGen: 2589088K(2589184K)->152928K(2611200K) Eden: 2429952K(2429952K)->0K(2430976K) From: 159136K(159232K)->152928K(180224K)
[5507.429s][info][gc,heap        ] GC(1668) ParOldGen: 3635413K(3635712K)->3740693K(3741184K)
[5507.429s][info][gc,metaspace   ] GC(1668) Metaspace: 29099K(29376K)->29099K(29376K) NonClass: 25996K(26112K)->25996K(26112K) Class: 3102K(3264K)->3102K(3264K)
[5507.429s][info][gc             ] GC(1668) Pause Young (Allocation Failure) 6078M->3802M(6203M) 97.882ms
[5507.429s][info][gc,cpu         ] GC(1668) User=0.54s Sys=0.04s Real=0.10s
.[5508.988s][info][gc,start       ] GC(1669) Pause Young (Allocation Failure)
[5509.089s][info][gc,heap        ] GC(1669) PSYoungGen: 2583904K(2611200K)->159552K(2610176K) Eden: 2430976K(2430976K)->0K(2430976K) From: 152928K(180224K)->159552K(179200K)
[5509.089s][info][gc,heap        ] GC(1669) ParOldGen: 3740693K(3741184K)->3846981K(3847168K)
[5509.089s][info][gc,metaspace   ] GC(1669) Metaspace: 29099K(29376K)->29099K(29376K) NonClass: 25996K(26112K)->25996K(26112K) Class: 3102K(3264K)->3102K(3264K)
[5509.089s][info][gc             ] GC(1669) Pause Young (Allocation Failure) 6176M->3912M(6306M) 100.557ms
[5509.089s][info][gc,cpu         ] GC(1669) User=0.57s Sys=0.03s Real=0.10s
..[5510.724s][info][gc,start       ] GC(1670) Pause Young (Allocation Failure)
[5510.823s][info][gc,heap        ] GC(1670) PSYoungGen: 2590528K(2610176K)->154240K(2614272K) Eden: 2430976K(2430976K)->0K(2437120K) From: 159552K(179200K)->154240K(177152K)
[5510.823s][info][gc,heap        ] GC(1670) ParOldGen: 3846981K(3847168K)->3950533K(3950592K)
[5510.823s][info][gc,metaspace   ] GC(1670) Metaspace: 29099K(29376K)->29099K(29376K) NonClass: 25996K(26112K)->25996K(26112K) Class: 3102K(3264K)->3102K(3264K)
[5510.823s][info][gc             ] GC(1670) Pause Young (Allocation Failure) 6286M->4008M(6411M) 98.822ms
[5510.823s][info][gc,cpu         ] GC(1670) User=0.56s Sys=0.03s Real=0.09s
..[5512.603s][info][gc,start       ] GC(1671) Pause Young (Allocation Failure)
[5512.707s][info][gc,heap        ] GC(1671) PSYoungGen: 2591360K(2614272K)->159159K(2613760K) Eden: 2437120K(2437120K)->0K(2437120K) From: 154240K(177152K)->159159K(176640K)
[5512.707s][info][gc,heap        ] GC(1671) ParOldGen: 3950533K(3950592K)->4055853K(4056064K)
[5512.707s][info][gc,metaspace   ] GC(1671) Metaspace: 29099K(29376K)->29099K(29376K) NonClass: 25996K(26112K)->25996K(26112K) Class: 3102K(3264K)->3102K(3264K)
[5512.707s][info][gc             ] GC(1671) Pause Young (Allocation Failure) 6388M->4116M(6513M) 104.613ms
[5512.708s][info][gc,cpu         ] GC(1671) User=0.58s Sys=0.04s Real=0.11s
..[5514.440s][info][gc,start       ] GC(1672) Pause Young (Allocation Failure)
[5514.542s][info][gc,heap        ] GC(1672) PSYoungGen: 2596279K(2613760K)->159717K(2617856K) Eden: 2437120K(2437120K)->0K(2443264K) From: 159159K(176640K)->159717K(174592K)
[5514.542s][info][gc,heap        ] GC(1672) ParOldGen: 4055853K(4056064K)->4157669K(4157952K)
[5514.542s][info][gc,metaspace   ] GC(1672) Metaspace: 29099K(29376K)->29099K(29376K) NonClass: 25996K(26112K)->25996K(26112K) Class: 3102K(3264K)->3102K(3264K)
[5514.542s][info][gc             ] GC(1672) Pause Young (Allocation Failure) 6496M->4216M(6617M) 102.281ms
[5514.543s][info][gc,cpu         ] GC(1672) User=0.57s Sys=0.04s Real=0.10s
.[5516.253s][info][gc,start       ] GC(1673) Pause Young (Allocation Failure)
[5516.348s][info][gc,heap        ] GC(1673) PSYoungGen: 2602981K(2617856K)->150176K(2616832K) Eden: 2443264K(2443264K)->0K(2443264K) From: 159717K(174592K)->150176K(173568K)
[5516.348s][info][gc,heap        ] GC(1673) ParOldGen: 4157669K(4157952K)->4258653K(4258816K)
[5516.348s][info][gc,metaspace   ] GC(1673) Metaspace: 29099K(29376K)->29099K(29376K) NonClass: 25996K(26112K)->25996K(26112K) Class: 3102K(3264K)->3102K(3264K)
[5516.348s][info][gc             ] GC(1673) Pause Young (Allocation Failure) 6602M->4305M(6714M) 95.432ms
[5516.348s][info][gc,cpu         ] GC(1673) User=0.53s Sys=0.04s Real=0.10s
..|[5518.070s][info][gc,start       ] GC(1674) Pause Young (Allocation Failure)
[5518.172s][info][gc,heap        ] GC(1674) PSYoungGen: 2593440K(2616832K)->161600K(2621440K) Eden: 2443264K(2443264K)->0K(2447872K) From: 150176K(173568K)->161600K(173568K)
[5518.172s][info][gc,heap        ] GC(1674) ParOldGen: 4258653K(4258816K)->4365357K(4365824K)
[5518.172s][info][gc,metaspace   ] GC(1674) Metaspace: 29099K(29376K)->29099K(29376K) NonClass: 25996K(26112K)->25996K(26112K) Class: 3102K(3264K)->3102K(3264K)
[5518.172s][info][gc             ] GC(1674) Pause Young (Allocation Failure) 6691M->4420M(6823M) 101.877ms
[5518.172s][info][gc,cpu         ] GC(1674) User=0.56s Sys=0.04s Real=0.10s
..[5519.932s][info][gc,start       ] GC(1675) Pause Young (Allocation Failure)
[5520.036s][info][gc,heap        ] GC(1675) PSYoungGen: 2609472K(2621440K)->168864K(2616832K) Eden: 2447872K(2447872K)->0K(2447872K) From: 161600K(173568K)->168864K(168960K)
[5520.036s][info][gc,heap        ] GC(1675) ParOldGen: 4365357K(4365824K)->4468205K(4468224K)
[5520.036s][info][gc,metaspace   ] GC(1675) Metaspace: 29099K(29376K)->29099K(29376K) NonClass: 25996K(26112K)->25996K(26112K) Class: 3102K(3264K)->3102K(3264K)
[5520.036s][info][gc             ] GC(1675) Pause Young (Allocation Failure) 6811M->4528M(6919M) 104.410ms
[5520.037s][info][gc,cpu         ] GC(1675) User=0.59s Sys=0.03s Real=0.11s
..[5521.681s][info][gc,start       ] GC(1676) Pause Young (Allocation Failure)
[5521.785s][info][gc,heap        ] GC(1676) PSYoungGen: 2616736K(2616832K)->160981K(2620928K) Eden: 2447872K(2447872K)->0K(2444800K) From: 168864K(168960K)->160981K(176128K)
[5521.785s][info][gc,heap        ] GC(1676) ParOldGen: 4468205K(4468224K)->4574869K(4575232K)
[5521.785s][info][gc,metaspace   ] GC(1676) Metaspace: 29099K(29376K)->29099K(29376K) NonClass: 25996K(26112K)->25996K(26112K) Class: 3102K(3264K)->3102K(3264K)
[5521.785s][info][gc             ] GC(1676) Pause Young (Allocation Failure) 6918M->4624M(7027M) 103.837ms
[5521.785s][info][gc,cpu         ] GC(1676) User=0.58s Sys=0.03s Real=0.11s
..[5523.454s][info][gc,start       ] GC(1677) Pause Young (Allocation Failure)
[5523.555s][info][gc,heap        ] GC(1677) PSYoungGen: 2605781K(2620928K)->160356K(2605568K) Eden: 2444800K(2444800K)->0K(2444800K) From: 160981K(176128K)->160356K(160768K)
[5523.555s][info][gc,heap        ] GC(1677) ParOldGen: 4574869K(4575232K)->4674645K(4675072K)
[5523.555s][info][gc,metaspace   ] GC(1677) Metaspace: 29099K(29376K)->29099K(29376K) NonClass: 25996K(26112K)->25996K(26112K) Class: 3102K(3264K)->3102K(3264K)
[5523.555s][info][gc             ] GC(1677) Pause Young (Allocation Failure) 7012M->4721M(7110M) 100.841ms
[5523.555s][info][gc,cpu         ] GC(1677) User=0.57s Sys=0.02s Real=0.11s
.[5525.168s][info][gc,start       ] GC(1678) Pause Young (Allocation Failure)
[5525.271s][info][gc,heap        ] GC(1678) PSYoungGen: 2605156K(2605568K)->157529K(2619392K) Eden: 2444800K(2444800K)->0K(2445824K) From: 160356K(160768K)->157529K(173568K)
[5525.271s][info][gc,heap        ] GC(1678) ParOldGen: 4674645K(4675072K)->4781797K(4782080K)
[5525.271s][info][gc,metaspace   ] GC(1678) Metaspace: 29099K(29376K)->29099K(29376K) NonClass: 25996K(26112K)->25996K(26112K) Class: 3102K(3264K)->3102K(3264K)
[5525.271s][info][gc             ] GC(1678) Pause Young (Allocation Failure) 7109M->4823M(7228M) 102.672ms
[5525.271s][info][gc,cpu         ] GC(1678) User=0.57s Sys=0.04s Real=0.10s
..[5526.941s][info][gc,start       ] GC(1679) Pause Young (Allocation Failure)
[5527.045s][info][gc,heap        ] GC(1679) PSYoungGen: 2603353K(2619392K)->165317K(2618368K) Eden: 2445824K(2445824K)->0K(2445824K) From: 157529K(173568K)->165317K(172544K)
[5527.045s][info][gc,heap        ] GC(1679) ParOldGen: 4781797K(4782080K)->4884853K(4884992K)
[5527.045s][info][gc,metaspace   ] GC(1679) Metaspace: 29099K(29376K)->29099K(29376K) NonClass: 25996K(26112K)->25996K(26112K) Class: 3102K(3264K)->3102K(3264K)
[5527.045s][info][gc             ] GC(1679) Pause Young (Allocation Failure) 7212M->4931M(7327M) 104.202ms
[5527.045s][info][gc,cpu         ] GC(1679) User=0.59s Sys=0.03s Real=0.11s
..[5528.642s][info][gc,start       ] GC(1680) Pause Young (Allocation Failure)
[5528.745s][info][gc,heap        ] GC(1680) PSYoungGen: 2611141K(2618368K)->164544K(2621440K) Eden: 2445824K(2445824K)->0K(2447872K) From: 165317K(172544K)->164544K(173568K)
[5528.745s][info][gc,heap        ] GC(1680) ParOldGen: 4884853K(4884992K)->4988765K(4988928K)
[5528.745s][info][gc,metaspace   ] GC(1680) Metaspace: 29099K(29376K)->29099K(29376K) NonClass: 25996K(26112K)->25996K(26112K) Class: 3102K(3264K)->3102K(3264K)
[5528.745s][info][gc             ] GC(1680) Pause Young (Allocation Failure) 7320M->5032M(7432M) 102.747ms
[5528.745s][info][gc,cpu         ] GC(1680) User=0.57s Sys=0.03s Real=0.11s
.[5530.393s][info][gc,start       ] GC(1681) Pause Young (Allocation Failure)
[5530.494s][info][gc,heap        ] GC(1681) PSYoungGen: 2612416K(2621440K)->151049K(2621952K) Eden: 2447872K(2447872K)->0K(2447872K) From: 164544K(173568K)->151049K(174080K)
[5530.494s][info][gc,heap        ] GC(1681) ParOldGen: 4988765K(4988928K)->5099101K(5099520K)
[5530.494s][info][gc,metaspace   ] GC(1681) Metaspace: 29099K(29376K)->29099K(29376K) NonClass: 25996K(26112K)->25996K(26112K) Class: 3102K(3264K)->3102K(3264K)
[5530.494s][info][gc             ] GC(1681) Pause Young (Allocation Failure) 7423M->5127M(7540M) 101.035ms
[5530.494s][info][gc,cpu         ] GC(1681) User=0.56s Sys=0.04s Real=0.10s
..[5532.066s][info][gc,start       ] GC(1682) Pause Young (Allocation Failure)
[5532.169s][info][gc,heap        ] GC(1682) PSYoungGen: 2598921K(2621952K)->166208K(2619904K) Eden: 2447872K(2447872K)->0K(2445824K) From: 151049K(174080K)->166208K(174080K)
[5532.169s][info][gc,heap        ] GC(1682) ParOldGen: 5099101K(5099520K)->5199437K(5199872K)
[5532.169s][info][gc,metaspace   ] GC(1682) Metaspace: 29099K(29376K)->29099K(29376K) NonClass: 25996K(26112K)->25996K(26112K) Class: 3102K(3264K)->3102K(3264K)
[5532.169s][info][gc             ] GC(1682) Pause Young (Allocation Failure) 7517M->5239M(7636M) 103.394ms
[5532.169s][info][gc,cpu         ] GC(1682) User=0.59s Sys=0.03s Real=0.10s
..[5533.936s][info][gc,start       ] GC(1683) Pause Young (Allocation Failure)
[5534.040s][info][gc,heap        ] GC(1683) PSYoungGen: 2612032K(2619904K)->162805K(2620928K) Eden: 2445824K(2445824K)->0K(2445824K) From: 166208K(174080K)->162805K(175104K)
[5534.040s][info][gc,heap        ] GC(1683) ParOldGen: 5199437K(5199872K)->5306645K(5306880K)
[5534.040s][info][gc,metaspace   ] GC(1683) Metaspace: 29099K(29376K)->29099K(29376K) NonClass: 25996K(26112K)->25996K(26112K) Class: 3102K(3264K)->3102K(3264K)
[5534.040s][info][gc             ] GC(1683) Pause Young (Allocation Failure) 7628M->5341M(7742M) 103.416ms
[5534.040s][info][gc,cpu         ] GC(1683) User=0.59s Sys=0.03s Real=0.10s
..[5535.617s][info][gc,start       ] GC(1684) Pause Young (Allocation Failure)
[5535.721s][info][gc,heap        ] GC(1684) PSYoungGen: 2608629K(2620928K)->162192K(2619392K) Eden: 2445824K(2445824K)->0K(2446336K) From: 162805K(175104K)->162192K(173056K)
[5535.721s][info][gc,heap        ] GC(1684) ParOldGen: 5306645K(5306880K)->5410989K(5411328K)
[5535.721s][info][gc,metaspace   ] GC(1684) Metaspace: 29099K(29376K)->29099K(29376K) NonClass: 25996K(26112K)->25996K(26112K) Class: 3102K(3264K)->3102K(3264K)
[5535.721s][info][gc             ] GC(1684) Pause Young (Allocation Failure) 7729M->5442M(7842M) 104.266ms
[5535.721s][info][gc,cpu         ] GC(1684) User=0.58s Sys=0.03s Real=0.10s
.[5537.459s][info][gc,start       ] GC(1685) Pause Young (Allocation Failure)
[5537.559s][info][gc,heap        ] GC(1685) PSYoungGen: 2608528K(2619392K)->155648K(2620416K) Eden: 2446336K(2446336K)->0K(2446336K) From: 162192K(173056K)->155648K(174080K)
[5537.559s][info][gc,heap        ] GC(1685) ParOldGen: 5410989K(5411328K)->5516181K(5516288K)
[5537.559s][info][gc,metaspace   ] GC(1685) Metaspace: 29099K(29376K)->29099K(29376K) NonClass: 25996K(26112K)->25996K(26112K) Class: 3102K(3264K)->3102K(3264K)
[5537.559s][info][gc             ] GC(1685) Pause Young (Allocation Failure) 7831M->5538M(7946M) 100.055ms
[5537.559s][info][gc,cpu         ] GC(1685) User=0.54s Sys=0.05s Real=0.10s
..[5539.140s][info][gc,start       ] GC(1686) Pause Full (Allocation Failure)
[5539.140s][info][gc,phases,start] GC(1686) Marking Phase
[5539.475s][info][gc,phases      ] GC(1686) Marking Phase 334.537ms
[5539.475s][info][gc,phases,start] GC(1686) Summary Phase
[5539.475s][info][gc,phases      ] GC(1686) Summary Phase 0.109ms
[5539.475s][info][gc,phases,start] GC(1686) Forward
[5539.605s][info][gc,phases      ] GC(1686) Forward 130.283ms
[5539.605s][info][gc,phases,start] GC(1686) Adjust Pointers
[5539.825s][info][gc,phases      ] GC(1686) Adjust Pointers 219.585ms
[5539.825s][info][gc,phases,start] GC(1686) Compaction Phase
[5539.979s][info][gc,phases      ] GC(1686) Compaction Phase 153.646ms
[5539.980s][info][gc,phases,start] GC(1686) Post Compact
[5539.987s][info][gc,phases      ] GC(1686) Post Compact 7.027ms
[5540.119s][info][gc,heap        ] GC(1686) PSYoungGen: 2601984K(2620416K)->0K(2621440K) Eden: 2446336K(2446336K)->0K(2448384K) From: 155648K(174080K)->0K(173056K)
[5540.119s][info][gc,heap        ] GC(1686) ParOldGen: 5516181K(5516288K)->1637034K(2007040K)
[5540.119s][info][gc,metaspace   ] GC(1686) Metaspace: 29099K(29376K)->29099K(29376K) NonClass: 25996K(26112K)->25996K(26112K) Class: 3102K(3264K)->3102K(3264K)
[5540.119s][info][gc             ] GC(1686) Pause Full (Allocation Failure) 7927M->1598M(4520M) 978.884ms
[5540.119s][info][gc,cpu         ] GC(1686) User=4.59s Sys=0.13s Real=0.98s
..[5541.424s][info][gc,start       ] GC(1687) Pause Young (Allocation Failure)
[5541.501s][info][gc,heap        ] GC(1687) PSYoungGen: 2448384K(2621440K)->173552K(2621952K) Eden: 2448384K(2448384K)->0K(2448384K) From: 0K(173056K)->173552K(173568K)
[5541.501s][info][gc,heap        ] GC(1687) ParOldGen: 1637034K(2007040K)->1641146K(2007040K)
[5541.501s][info][gc,metaspace   ] GC(1687) Metaspace: 29099K(29376K)->29099K(29376K) NonClass: 25996K(26112K)->25996K(26112K) Class: 3102K(3264K)->3102K(3264K)
[5541.501s][info][gc             ] GC(1687) Pause Young (Allocation Failure) 3989M->1772M(4520M) 77.001ms
[5541.502s][info][gc,cpu         ] GC(1687) User=0.45s Sys=0.00s Real=0.07s
.[5542.783s][info][gc,start       ] GC(1688) Pause Young (Allocation Failure)
[5542.881s][info][gc,heap        ] GC(1688) PSYoungGen: 2621936K(2621952K)->169440K(2610688K) Eden: 2448384K(2448384K)->0K(2436608K) From: 173552K(173568K)->169440K(174080K)
[5542.881s][info][gc,heap        ] GC(1688) ParOldGen: 1641146K(2007040K)->1746010K(2007040K)
[5542.881s][info][gc,metaspace   ] GC(1688) Metaspace: 29099K(29376K)->29099K(29376K) NonClass: 25996K(26112K)->25996K(26112K) Class: 3102K(3264K)->3102K(3264K)
[5542.881s][info][gc             ] GC(1688) Pause Young (Allocation Failure) 4163M->1870M(4509M) 98.481ms
[5542.881s][info][gc,cpu         ] GC(1688) User=0.59s Sys=0.00s Real=0.10s
..[5544.551s][info][gc,start       ] GC(1689) Pause Young (Allocation Failure)
[5544.651s][info][gc,heap        ] GC(1689) PSYoungGen: 2606048K(2610688K)->165070K(2616320K) Eden: 2436608K(2436608K)->0K(2436608K) From: 169440K(174080K)->165070K(179712K)
[5544.651s][info][gc,heap        ] GC(1689) ParOldGen: 1746010K(2007040K)->1852474K(2007040K)
[5544.651s][info][gc,metaspace   ] GC(1689) Metaspace: 29099K(29376K)->29099K(29376K) NonClass: 25996K(26112K)->25996K(26112K) Class: 3102K(3264K)->3102K(3264K)
[5544.651s][info][gc             ] GC(1689) Pause Young (Allocation Failure) 4250M->1970M(4515M) 99.534ms
[5544.651s][info][gc,cpu         ] GC(1689) User=0.59s Sys=0.00s Real=0.10s
.[5546.429s][info][gc,start       ] GC(1690) Pause Young (Allocation Failure)
[5546.527s][info][gc,heap        ] GC(1690) PSYoungGen: 2601678K(2616320K)->162981K(2612736K) Eden: 2436608K(2436608K)->0K(2437120K) From: 165070K(179712K)->162981K(175616K)
[5546.527s][info][gc,heap        ] GC(1690) ParOldGen: 1852474K(2007040K)->1956546K(2007040K)
[5546.527s][info][gc,metaspace   ] GC(1690) Metaspace: 29099K(29376K)->29099K(29376K) NonClass: 25996K(26112K)->25996K(26112K) Class: 3102K(3264K)->3102K(3264K)
[5546.527s][info][gc             ] GC(1690) Pause Young (Allocation Failure) 4349M->2069M(4511M) 97.955ms
[5546.527s][info][gc,cpu         ] GC(1690) User=0.58s Sys=0.00s Real=0.10s
..[5548.289s][info][gc,start       ] GC(1691) Pause Young (Allocation Failure)
[5548.382s][info][gc,heap        ] GC(1691) PSYoungGen: 2600101K(2612736K)->145184K(2614784K) Eden: 2437120K(2437120K)->0K(2437120K) From: 162981K(175616K)->145184K(177664K)
[5548.382s][info][gc,heap        ] GC(1691) ParOldGen: 1956546K(2007040K)->2062290K(2062336K)
[5548.382s][info][gc,metaspace   ] GC(1691) Metaspace: 29099K(29376K)->29099K(29376K) NonClass: 25996K(26112K)->25996K(26112K) Class: 3102K(3264K)->3102K(3264K)
[5548.382s][info][gc             ] GC(1691) Pause Young (Allocation Failure) 4449M->2155M(4567M) 92.534ms
[5548.382s][info][gc,cpu         ] GC(1691) User=0.54s Sys=0.01s Real=0.09s
..[5550.034s][info][gc,start       ] GC(1692) Pause Young (Allocation Failure)
[5550.136s][info][gc,heap        ] GC(1692) PSYoungGen: 2582304K(2614784K)->169056K(2614784K) Eden: 2437120K(2437120K)->0K(2435584K) From: 145184K(177664K)->169056K(179200K)
[5550.136s][info][gc,heap        ] GC(1692) ParOldGen: 2062290K(2062336K)->2165242K(2165248K)
[5550.136s][info][gc,metaspace   ] GC(1692) Metaspace: 29099K(29376K)->29099K(29376K) NonClass: 25996K(26112K)->25996K(26112K) Class: 3102K(3264K)->3102K(3264K)
[5550.136s][info][gc             ] GC(1692) Pause Young (Allocation Failure) 4535M->2279M(4668M) 102.192ms
[5550.136s][info][gc,cpu         ] GC(1692) User=0.58s Sys=0.03s Real=0.11s
..[5551.863s][info][gc,start       ] GC(1693) Pause Young (Allocation Failure)
[5551.960s][info][gc,heap        ] GC(1693) PSYoungGen: 2604640K(2614784K)->154944K(2615808K) Eden: 2435584K(2435584K)->0K(2435584K) From: 169056K(179200K)->154944K(180224K)
[5551.960s][info][gc,heap        ] GC(1693) ParOldGen: 2165242K(2165248K)->2266770K(2267136K)
[5551.960s][info][gc,metaspace   ] GC(1693) Metaspace: 29099K(29376K)->29099K(29376K) NonClass: 25996K(26112K)->25996K(26112K) Class: 3102K(3264K)->3102K(3264K)
[5551.960s][info][gc             ] GC(1693) Pause Young (Allocation Failure) 4658M->2364M(4768M) 96.617ms
[5551.960s][info][gc,cpu         ] GC(1693) User=0.54s Sys=0.03s Real=0.10s
..[5553.678s][info][gc,start       ] GC(1694) Pause Young (Allocation Failure)
[5553.777s][info][gc,heap        ] GC(1694) PSYoungGen: 2590528K(2615808K)->159616K(2612224K) Eden: 2435584K(2435584K)->0K(2436096K) From: 154944K(180224K)->159616K(176128K)
[5553.777s][info][gc,heap        ] GC(1694) ParOldGen: 2266770K(2267136K)->2369266K(2369536K)
[5553.777s][info][gc,metaspace   ] GC(1694) Metaspace: 29099K(29376K)->29099K(29376K) NonClass: 25996K(26112K)->25996K(26112K) Class: 3102K(3264K)->3102K(3264K)
[5553.777s][info][gc             ] GC(1694) Pause Young (Allocation Failure) 4743M->2469M(4865M) 98.969ms
[5553.777s][info][gc,cpu         ] GC(1694) User=0.55s Sys=0.03s Real=0.10s
.[5555.423s][info][gc,start       ] GC(1695) Pause Young (Allocation Failure)
[5555.520s][info][gc,heap        ] GC(1695) PSYoungGen: 2595712K(2612224K)->147840K(2614272K) Eden: 2436096K(2436096K)->0K(2436096K) From: 159616K(176128K)->147840K(178176K)
[5555.520s][info][gc,heap        ] GC(1695) ParOldGen: 2369266K(2369536K)->2476282K(2476544K)
[5555.520s][info][gc,metaspace   ] GC(1695) Metaspace: 29099K(29376K)->29099K(29376K) NonClass: 25996K(26112K)->25996K(26112K) Class: 3102K(3264K)->3102K(3264K)
[5555.520s][info][gc             ] GC(1695) Pause Young (Allocation Failure) 4848M->2562M(4971M) 96.987ms
[5555.520s][info][gc,cpu         ] GC(1695) User=0.54s Sys=0.03s Real=0.10s
..[5557.132s][info][gc,start       ] GC(1696) Pause Young (Allocation Failure)
[5557.234s][info][gc,heap        ] GC(1696) PSYoungGen: 2583936K(2614272K)->166816K(2616320K) Eden: 2436096K(2436096K)->0K(2437632K) From: 147840K(178176K)->166816K(178688K)
[5557.234s][info][gc,heap        ] GC(1696) ParOldGen: 2476282K(2476544K)->2578426K(2578432K)
[5557.234s][info][gc,metaspace   ] GC(1696) Metaspace: 29099K(29376K)->29099K(29376K) NonClass: 25996K(26112K)->25996K(26112K) Class: 3102K(3264K)->3102K(3264K)
[5557.234s][info][gc             ] GC(1696) Pause Young (Allocation Failure) 4941M->2680M(5073M) 101.898ms
[5557.234s][info][gc,cpu         ] GC(1696) User=0.57s Sys=0.03s Real=0.10s
..[5558.958s][info][gc,start       ] GC(1697) Pause Young (Allocation Failure)
[5559.063s][info][gc,heap        ] GC(1697) PSYoungGen: 2604448K(2616320K)->170971K(2608640K) Eden: 2437632K(2437632K)->0K(2437632K) From: 166816K(178688K)->170971K(171008K)
[5559.063s][info][gc,heap        ] GC(1697) ParOldGen: 2578426K(2578432K)->2682514K(2682880K)
[5559.063s][info][gc,metaspace   ] GC(1697) Metaspace: 29099K(29376K)->29099K(29376K) NonClass: 25996K(26112K)->25996K(26112K) Class: 3102K(3264K)->3102K(3264K)
[5559.063s][info][gc             ] GC(1697) Pause Young (Allocation Failure) 5061M->2786M(5167M) 105.455ms
[5559.063s][info][gc,cpu         ] GC(1697) User=0.60s Sys=0.03s Real=0.10s
..[5560.838s][info][gc,start       ] GC(1698) Pause Young (Allocation Failure)
[5560.946s][info][gc,heap        ] GC(1698) PSYoungGen: 2608603K(2608640K)->170825K(2611712K) Eden: 2437632K(2437632K)->0K(2430464K) From: 170971K(171008K)->170825K(181248K)
[5560.946s][info][gc,heap        ] GC(1698) ParOldGen: 2682514K(2682880K)->2786634K(2786816K)
[5560.946s][info][gc,metaspace   ] GC(1698) Metaspace: 29099K(29376K)->29099K(29376K) NonClass: 25996K(26112K)->25996K(26112K) Class: 3102K(3264K)->3102K(3264K)
[5560.946s][info][gc             ] GC(1698) Pause Young (Allocation Failure) 5167M->2888M(5272M) 107.191ms
[5560.946s][info][gc,cpu         ] GC(1698) User=0.61s Sys=0.03s Real=0.11s
.[5562.580s][info][gc,start       ] GC(1699) Pause Young (Allocation Failure)
[5562.677s][info][gc,heap        ] GC(1699) PSYoungGen: 2601289K(2611712K)->150752K(2613248K) Eden: 2430464K(2430464K)->0K(2430464K) From: 170825K(181248K)->150752K(182784K)
[5562.677s][info][gc,heap        ] GC(1699) ParOldGen: 2786634K(2786816K)->2890194K(2890240K)
[5562.677s][info][gc,metaspace   ] GC(1699) Metaspace: 29099K(29376K)->29099K(29376K) NonClass: 25996K(26112K)->25996K(26112K) Class: 3102K(3264K)->3102K(3264K)
[5562.677s][info][gc             ] GC(1699) Pause Young (Allocation Failure) 5261M->2969M(5374M) 96.340ms
[5562.677s][info][gc,cpu         ] GC(1699) User=0.55s Sys=0.02s Real=0.10s
..[5564.405s][info][gc,start       ] GC(1700) Pause Young (Allocation Failure)
[5564.503s][info][gc,heap        ] GC(1700) PSYoungGen: 2581216K(2613248K)->152896K(2612224K) Eden: 2430464K(2430464K)->0K(2430464K) From: 150752K(182784K)->152896K(181760K)
[5564.503s][info][gc,heap        ] GC(1700) ParOldGen: 2890194K(2890240K)->2993514K(2993664K)
[5564.503s][info][gc,metaspace   ] GC(1700) Metaspace: 29099K(29376K)->29099K(29376K) NonClass: 25996K(26112K)->25996K(26112K) Class: 3102K(3264K)->3102K(3264K)
[5564.503s][info][gc             ] GC(1700) Pause Young (Allocation Failure) 5343M->3072M(5474M) 97.931ms
[5564.503s][info][gc,cpu         ] GC(1700) User=0.54s Sys=0.04s Real=0.09s
..[5566.164s][info][gc,start       ] GC(1701) Pause Young (Allocation Failure)
[5566.259s][info][gc,heap        ] GC(1701) PSYoungGen: 2583360K(2612224K)->144928K(2612736K) Eden: 2430464K(2430464K)->0K(2430464K) From: 152896K(181760K)->144928K(182272K)
[5566.259s][info][gc,heap        ] GC(1701) ParOldGen: 2993514K(2993664K)->3098458K(3098624K)
[5566.259s][info][gc,metaspace   ] GC(1701) Metaspace: 29099K(29376K)->29099K(29376K) NonClass: 25996K(26112K)->25996K(26112K) Class: 3102K(3264K)->3102K(3264K)
[5566.259s][info][gc             ] GC(1701) Pause Young (Allocation Failure) 5446M->3167M(5577M) 95.447ms
[5566.259s][info][gc,cpu         ] GC(1701) User=0.53s Sys=0.03s Real=0.10s
..[5567.961s][info][gc,start       ] GC(1702) Pause Young (Allocation Failure)
[5568.063s][info][gc,heap        ] GC(1702) PSYoungGen: 2575392K(2612736K)->165060K(2613248K) Eden: 2430464K(2430464K)->0K(2430464K) From: 144928K(182272K)->165060K(182784K)
[5568.063s][info][gc,heap        ] GC(1702) ParOldGen: 3098458K(3098624K)->3200402K(3200512K)
[5568.063s][info][gc,metaspace   ] GC(1702) Metaspace: 29099K(29376K)->29099K(29376K) NonClass: 25996K(26112K)->25996K(26112K) Class: 3102K(3264K)->3102K(3264K)
[5568.063s][info][gc             ] GC(1702) Pause Young (Allocation Failure) 5540M->3286M(5677M) 101.276ms
[5568.063s][info][gc,cpu         ] GC(1702) User=0.57s Sys=0.04s Real=0.10s
.[5569.735s][info][gc,start       ] GC(1703) Pause Young (Allocation Failure)
[5569.834s][info][gc,heap        ] GC(1703) PSYoungGen: 2595524K(2613248K)->155968K(2586624K) Eden: 2430464K(2430464K)->0K(2430464K) From: 165060K(182784K)->155968K(156160K)
[5569.834s][info][gc,heap        ] GC(1703) ParOldGen: 3200402K(3200512K)->3303306K(3303424K)
[5569.834s][info][gc,metaspace   ] GC(1703) Metaspace: 29099K(29376K)->29099K(29376K) NonClass: 25996K(26112K)->25996K(26112K) Class: 3102K(3264K)->3102K(3264K)
[5569.834s][info][gc             ] GC(1703) Pause Young (Allocation Failure) 5660M->3378M(5752M) 98.282ms
[5569.834s][info][gc,cpu         ] GC(1703) User=0.55s Sys=0.03s Real=0.09s
..[5571.562s][info][gc,start       ] GC(1704) Pause Young (Allocation Failure)
[5571.663s][info][gc,heap        ] GC(1704) PSYoungGen: 2586432K(2586624K)->154693K(2612224K) Eden: 2430464K(2430464K)->0K(2431488K) From: 155968K(156160K)->154693K(180736K)
[5571.663s][info][gc,heap        ] GC(1704) ParOldGen: 3303306K(3303424K)->3411218K(3411456K)
[5571.663s][info][gc,metaspace   ] GC(1704) Metaspace: 29099K(29376K)->29099K(29376K) NonClass: 25996K(26112K)->25996K(26112K) Class: 3102K(3264K)->3102K(3264K)
[5571.663s][info][gc             ] GC(1704) Pause Young (Allocation Failure) 5751M->3482M(5882M) 100.358ms
[5571.663s][info][gc,cpu         ] GC(1704) User=0.57s Sys=0.02s Real=0.10s
..[5573.318s][info][gc,start       ] GC(1705) Pause Young (Allocation Failure)
[5573.412s][info][gc,heap        ] GC(1705) PSYoungGen: 2586181K(2612224K)->145536K(2611200K) Eden: 2431488K(2431488K)->0K(2431488K) From: 154693K(180736K)->145536K(179712K)
[5573.412s][info][gc,heap        ] GC(1705) ParOldGen: 3411218K(3411456K)->3512826K(3512832K)
[5573.412s][info][gc,metaspace   ] GC(1705) Metaspace: 29099K(29376K)->29099K(29376K) NonClass: 25996K(26112K)->25996K(26112K) Class: 3102K(3264K)->3102K(3264K)
[5573.412s][info][gc             ] GC(1705) Pause Young (Allocation Failure) 5856M->3572M(5980M) 93.864ms
[5573.412s][info][gc,cpu         ] GC(1705) User=0.52s Sys=0.03s Real=0.09s
..[5575.152s][info][gc,start       ] GC(1706) Pause Young (Allocation Failure)
[5575.253s][info][gc,heap        ] GC(1706) PSYoungGen: 2577024K(2611200K)->163840K(2615296K) Eden: 2431488K(2431488K)->0K(2435584K) From: 145536K(179712K)->163840K(179712K)
[5575.253s][info][gc,heap        ] GC(1706) ParOldGen: 3512826K(3512832K)->3614338K(3614720K)
[5575.253s][info][gc,metaspace   ] GC(1706) Metaspace: 29099K(29376K)->29099K(29376K) NonClass: 25996K(26112K)->25996K(26112K) Class: 3102K(3264K)->3102K(3264K)
[5575.253s][info][gc             ] GC(1706) Pause Young (Allocation Failure) 5947M->3689M(6084M) 100.290ms
[5575.253s][info][gc,cpu         ] GC(1706) User=0.56s Sys=0.03s Real=0.10s
.[5576.935s][info][gc,start       ] GC(1707) Pause Young (Allocation Failure)
[5577.041s][info][gc,heap        ] GC(1707) PSYoungGen: 2599424K(2615296K)->169573K(2605568K) Eden: 2435584K(2435584K)->0K(2435584K) From: 163840K(179712K)->169573K(169984K)
[5577.041s][info][gc,heap        ] GC(1707) ParOldGen: 3614338K(3614720K)->3721378K(3721728K)
[5577.041s][info][gc,metaspace   ] GC(1707) Metaspace: 29099K(29376K)->29099K(29376K) NonClass: 25996K(26112K)->25996K(26112K) Class: 3102K(3264K)->3102K(3264K)
[5577.041s][info][gc             ] GC(1707) Pause Young (Allocation Failure) 6068M->3799M(6179M) 105.748ms
[5577.041s][info][gc,cpu         ] GC(1707) User=0.59s Sys=0.03s Real=0.10s
.. (rIR:aIR:PR = 9548:9548:9549) (tPR = 140372) [OK] 
  5577s: Performance info:
         Transaction,    Success,    Partial,     Failed,   Receipts, AvgBarcode, 
             Overall,     579065,          0,          0,     550080,      59.48, 
         Response times:
             Request,    Success,    Partial,     Failed,   SkipFail,     Probes,    Samples,      min,      p50,      p90,      p95,      p99,      max, 
       TotalPurchase,     549983,          0,          0,          0,     348364,     536811,      200,     6800,    60000,    97000,   272000,  1200000,
     InStorePurchase,     292563,          0,          0,          0,     182855,     282449,      300,     6800,    60000,    99000,   274000,  1000000,
      OnlinePurchase,     199709,          0,          0,          0,     127889,     196739,      200,     6900,    60000,    98000,   270000,  1200000,
        InstPurchase,      57711,          0,          0,          0,      37620,      57623,      400,     6700,    59000,    86000,   273000,   610000,
          AssocOfCat,        580,          0,          0,          0,        455,        793,    21000,    42000,    89000,   137600,   482000,  1200000,
      AssocOfProduct,       5792,          0,          0,          0,       4144,       6530,      400,     6700,    61000,   104000,   260000,   700000,
      BusinessReport,       1452,          0,          0,          0,       1260,       2137,    30000,    53000,   129200,   173000,   363240,  1100000,
          CustBuyBeh,       5768,          0,          0,          0,       4194,       6581,      300,     7200,    63000,   106000,   274180,   700000,
       ProductReturn,      15390,          0,          0,          0,       9693,      15022,      400,     7700,    66000,   103000,   275000,   630000,

  5577s: (70%)   IR =   9686 [5578.720s][info][gc,start       ] GC(1708) Pause Young (Allocation Failure)
[5578.818s][info][gc,heap        ] GC(1708) PSYoungGen: 2605157K(2605568K)->151456K(2614784K) Eden: 2435584K(2435584K)->0K(2433024K) From: 169573K(169984K)->151456K(181760K)
[5578.818s][info][gc,heap        ] GC(1708) ParOldGen: 3721378K(3721728K)->3826258K(3826688K)
[5578.818s][info][gc,metaspace   ] GC(1708) Metaspace: 29099K(29376K)->29099K(29376K) NonClass: 25996K(26112K)->25996K(26112K) Class: 3102K(3264K)->3102K(3264K)
[5578.818s][info][gc             ] GC(1708) Pause Young (Allocation Failure) 6178M->3884M(6290M) 97.227ms
[5578.818s][info][gc,cpu         ] GC(1708) User=0.55s Sys=0.02s Real=0.10s
..[5580.450s][info][gc,start       ] GC(1709) Pause Young (Allocation Failure)
[5580.553s][info][gc,heap        ] GC(1709) PSYoungGen: 2584480K(2614784K)->163332K(2596864K) Eden: 2433024K(2433024K)->0K(2433024K) From: 151456K(181760K)->163332K(163840K)
[5580.553s][info][gc,heap        ] GC(1709) ParOldGen: 3826258K(3826688K)->3929810K(3930112K)
[5580.553s][info][gc,metaspace   ] GC(1709) Metaspace: 29099K(29376K)->29099K(29376K) NonClass: 25996K(26112K)->25996K(26112K) Class: 3102K(3264K)->3102K(3264K)
[5580.553s][info][gc             ] GC(1709) Pause Young (Allocation Failure) 6260M->3997M(6374M) 102.441ms
[5580.553s][info][gc,cpu         ] GC(1709) User=0.58s Sys=0.02s Real=0.10s
..[5582.197s][info][gc,start       ] GC(1710) Pause Young (Allocation Failure)
[5582.294s][info][gc,heap        ] GC(1710) PSYoungGen: 2596356K(2596864K)->144672K(2613760K) Eden: 2433024K(2433024K)->0K(2433024K) From: 163332K(163840K)->144672K(180736K)
[5582.294s][info][gc,heap        ] GC(1710) ParOldGen: 3929810K(3930112K)->4035650K(4036096K)
[5582.294s][info][gc,metaspace   ] GC(1710) Metaspace: 29099K(29376K)->29099K(29376K) NonClass: 25996K(26112K)->25996K(26112K) Class: 3102K(3264K)->3102K(3264K)
[5582.294s][info][gc             ] GC(1710) Pause Young (Allocation Failure) 6373M->4082M(6494M) 96.273ms
[5582.294s][info][gc,cpu         ] GC(1710) User=0.54s Sys=0.03s Real=0.09s
.[5583.858s][info][gc,start       ] GC(1711) Pause Young (Allocation Failure)
[5583.958s][info][gc,heap        ] GC(1711) PSYoungGen: 2577696K(2613760K)->157952K(2591232K) Eden: 2433024K(2433024K)->0K(2433024K) From: 144672K(180736K)->157952K(158208K)
[5583.958s][info][gc,heap        ] GC(1711) ParOldGen: 4035650K(4036096K)->4139266K(4139520K)
[5583.958s][info][gc,metaspace   ] GC(1711) Metaspace: 29099K(29376K)->29099K(29376K) NonClass: 25996K(26112K)->25996K(26112K) Class: 3102K(3264K)->3102K(3264K)
[5583.958s][info][gc             ] GC(1711) Pause Young (Allocation Failure) 6458M->4196M(6573M) 99.424ms
[5583.958s][info][gc,cpu         ] GC(1711) User=0.55s Sys=0.03s Real=0.10s
..[5585.692s][info][gc,start       ] GC(1712) Pause Young (Allocation Failure)
[5585.791s][info][gc,heap        ] GC(1712) PSYoungGen: 2590976K(2591232K)->159072K(2614784K) Eden: 2433024K(2433024K)->0K(2436096K) From: 157952K(158208K)->159072K(178688K)
[5585.791s][info][gc,heap        ] GC(1712) ParOldGen: 4139266K(4139520K)->4242498K(4242944K)
[5585.791s][info][gc,metaspace   ] GC(1712) Metaspace: 29099K(29376K)->29099K(29376K) NonClass: 25996K(26112K)->25996K(26112K) Class: 3102K(3264K)->3102K(3264K)
[5585.791s][info][gc             ] GC(1712) Pause Young (Allocation Failure) 6572M->4298M(6697M) 99.194ms
[5585.791s][info][gc,cpu         ] GC(1712) User=0.55s Sys=0.04s Real=0.10s
..[5587.388s][info][gc,start       ] GC(1713) Pause Young (Allocation Failure)
[5587.488s][info][gc,heap        ] GC(1713) PSYoungGen: 2595168K(2614784K)->155440K(2613248K) Eden: 2436096K(2436096K)->0K(2436096K) From: 159072K(178688K)->155440K(177152K)
[5587.488s][info][gc,heap        ] GC(1713) ParOldGen: 4242498K(4242944K)->4349394K(4349440K)
[5587.488s][info][gc,metaspace   ] GC(1713) Metaspace: 29099K(29376K)->29099K(29376K) NonClass: 25996K(26112K)->25996K(26112K) Class: 3102K(3264K)->3102K(3264K)
[5587.488s][info][gc             ] GC(1713) Pause Young (Allocation Failure) 6677M->4399M(6799M) 99.623ms
[5587.488s][info][gc,cpu         ] GC(1713) User=0.56s Sys=0.03s Real=0.10s
.[5589.121s][info][gc,start       ] GC(1714) Pause Young (Allocation Failure)
[5589.226s][info][gc,heap        ] GC(1714) PSYoungGen: 2591536K(2613248K)->169194K(2613248K) Eden: 2436096K(2436096K)->0K(2437632K) From: 155440K(177152K)->169194K(175616K)
[5589.226s][info][gc,heap        ] GC(1714) ParOldGen: 4349394K(4349440K)->4454498K(4454912K)
[5589.226s][info][gc,metaspace   ] GC(1714) Metaspace: 29099K(29376K)->29099K(29376K) NonClass: 25996K(26112K)->25996K(26112K) Class: 3102K(3264K)->3102K(3264K)
[5589.226s][info][gc             ] GC(1714) Pause Young (Allocation Failure) 6778M->4515M(6902M) 105.449ms
[5589.226s][info][gc,cpu         ] GC(1714) User=0.60s Sys=0.02s Real=0.11s
..[5590.860s][info][gc,start       ] GC(1715) Pause Young (Allocation Failure)
[5590.959s][info][gc,heap        ] GC(1715) PSYoungGen: 2606826K(2613248K)->157824K(2615808K) Eden: 2437632K(2437632K)->0K(2437632K) From: 169194K(175616K)->157824K(178176K)
[5590.959s][info][gc,heap        ] GC(1715) ParOldGen: 4454498K(4454912K)->4555818K(4556288K)
[5590.959s][info][gc,metaspace   ] GC(1715) Metaspace: 29099K(29376K)->29099K(29376K) NonClass: 25996K(26112K)->25996K(26112K) Class: 3102K(3264K)->3102K(3264K)
[5590.959s][info][gc             ] GC(1715) Pause Young (Allocation Failure) 6895M->4603M(7004M) 99.621ms
[5590.959s][info][gc,cpu         ] GC(1715) User=0.56s Sys=0.02s Real=0.10s
..[5592.610s][info][gc,start       ] GC(1716) Pause Young (Allocation Failure)
[5592.716s][info][gc,heap        ] GC(1716) PSYoungGen: 2595456K(2615808K)->165464K(2617856K) Eden: 2437632K(2437632K)->0K(2441216K) From: 157824K(178176K)->165464K(176640K)
[5592.717s][info][gc,heap        ] GC(1716) ParOldGen: 4555818K(4556288K)->4661026K(4661248K)
[5592.717s][info][gc,metaspace   ] GC(1716) Metaspace: 29099K(29376K)->29099K(29376K) NonClass: 25996K(26112K)->25996K(26112K) Class: 3102K(3264K)->3102K(3264K)
[5592.717s][info][gc             ] GC(1716) Pause Young (Allocation Failure) 6983M->4713M(7108M) 106.294ms
[5592.717s][info][gc,cpu         ] GC(1716) User=0.59s Sys=0.04s Real=0.11s
..[5594.412s][info][gc,start       ] GC(1717) Pause Young (Allocation Failure)
[5594.514s][info][gc,heap        ] GC(1717) PSYoungGen: 2606680K(2617856K)->163040K(2618368K) Eden: 2441216K(2441216K)->0K(2441216K) From: 165464K(176640K)->163040K(177152K)
[5594.514s][info][gc,heap        ] GC(1717) ParOldGen: 4661026K(4661248K)->4764354K(4764672K)
[5594.514s][info][gc,metaspace   ] GC(1717) Metaspace: 29099K(29376K)->29099K(29376K) NonClass: 25996K(26112K)->25996K(26112K) Class: 3102K(3264K)->3102K(3264K)
[5594.514s][info][gc             ] GC(1717) Pause Young (Allocation Failure) 7097M->4811M(7210M) 102.300ms
[5594.514s][info][gc,cpu         ] GC(1717) User=0.58s Sys=0.02s Real=0.10s
.[5596.129s][info][gc,start       ] GC(1718) Pause Young (Allocation Failure)
[5596.230s][info][gc,heap        ] GC(1718) PSYoungGen: 2604256K(2618368K)->158528K(2615808K) Eden: 2441216K(2441216K)->0K(2442240K) From: 163040K(177152K)->158528K(173568K)
[5596.230s][info][gc,heap        ] GC(1718) ParOldGen: 4764354K(4764672K)->4870530K(4870656K)
[5596.230s][info][gc,metaspace   ] GC(1718) Metaspace: 29099K(29376K)->29099K(29376K) NonClass: 25996K(26112K)->25996K(26112K) Class: 3102K(3264K)->3102K(3264K)
[5596.231s][info][gc             ] GC(1718) Pause Young (Allocation Failure) 7195M->4911M(7311M) 101.385ms
[5596.231s][info][gc,cpu         ] GC(1718) User=0.56s Sys=0.04s Real=0.10s
..[5597.967s][info][gc,start       ] GC(1719) Pause Young (Allocation Failure)
[5598.070s][info][gc,heap        ] GC(1719) PSYoungGen: 2600768K(2615808K)->162752K(2617344K) Eden: 2442240K(2442240K)->0K(2442240K) From: 158528K(173568K)->162752K(175104K)
[5598.070s][info][gc,heap        ] GC(1719) ParOldGen: 4870530K(4870656K)->4973594K(4974080K)
[5598.070s][info][gc,metaspace   ] GC(1719) Metaspace: 29099K(29376K)->29099K(29376K) NonClass: 25996K(26112K)->25996K(26112K) Class: 3102K(3264K)->3102K(3264K)
[5598.070s][info][gc             ] GC(1719) Pause Young (Allocation Failure) 7296M->5015M(7413M) 102.503ms
[5598.070s][info][gc,cpu         ] GC(1719) User=0.59s Sys=0.03s Real=0.10s
.|.[5599.632s][info][gc,start       ] GC(1720) Pause Young (Allocation Failure)
[5599.733s][info][gc,heap        ] GC(1720) PSYoungGen: 2604992K(2617344K)->157696K(2618880K) Eden: 2442240K(2442240K)->0K(2445824K) From: 162752K(175104K)->157696K(173056K)
[5599.733s][info][gc,heap        ] GC(1720) ParOldGen: 4973594K(4974080K)->5079074K(5079552K)
[5599.733s][info][gc,metaspace   ] GC(1720) Metaspace: 29099K(29376K)->29099K(29376K) NonClass: 25996K(26112K)->25996K(26112K) Class: 3102K(3264K)->3102K(3264K)
[5599.733s][info][gc             ] GC(1720) Pause Young (Allocation Failure) 7400M->5114M(7518M) 100.941ms
[5599.733s][info][gc,cpu         ] GC(1720) User=0.57s Sys=0.03s Real=0.10s
..[5601.343s][info][gc,start       ] GC(1721) Pause Young (Allocation Failure)
[5601.444s][info][gc,heap        ] GC(1721) PSYoungGen: 2603520K(2618880K)->155860K(2619904K) Eden: 2445824K(2445824K)->0K(2445824K) From: 157696K(173056K)->155860K(174080K)
[5601.444s][info][gc,heap        ] GC(1721) ParOldGen: 5079074K(5079552K)->5184946K(5185024K)
[5601.444s][info][gc,metaspace   ] GC(1721) Metaspace: 29099K(29376K)->29099K(29376K) NonClass: 25996K(26112K)->25996K(26112K) Class: 3102K(3264K)->3102K(3264K)
[5601.444s][info][gc             ] GC(1721) Pause Young (Allocation Failure) 7502M->5215M(7622M) 101.490ms
[5601.444s][info][gc,cpu         ] GC(1721) User=0.56s Sys=0.04s Real=0.10s
.[5603.108s][info][gc,start       ] GC(1722) Pause Young (Allocation Failure)
[5603.215s][info][gc,heap        ] GC(1722) PSYoungGen: 2601684K(2619904K)->172037K(2615808K) Eden: 2445824K(2445824K)->0K(2442752K) From: 155860K(174080K)->172037K(173056K)
[5603.215s][info][gc,heap        ] GC(1722) ParOldGen: 5184946K(5185024K)->5290042K(5290496K)
[5603.215s][info][gc,metaspace   ] GC(1722) Metaspace: 29099K(29376K)->29099K(29376K) NonClass: 25996K(26112K)->25996K(26112K) Class: 3102K(3264K)->3102K(3264K)
[5603.215s][info][gc             ] GC(1722) Pause Young (Allocation Failure) 7604M->5334M(7721M) 106.703ms
[5603.215s][info][gc,cpu         ] GC(1722) User=0.60s Sys=0.03s Real=0.11s
..[5604.908s][info][gc,start       ] GC(1723) Pause Young (Allocation Failure)
[5605.008s][info][gc,heap        ] GC(1723) PSYoungGen: 2614789K(2615808K)->159840K(2619392K) Eden: 2442752K(2442752K)->0K(2442752K) From: 172037K(173056K)->159840K(176640K)
[5605.008s][info][gc,heap        ] GC(1723) ParOldGen: 5290042K(5290496K)->5392914K(5393408K)
[5605.008s][info][gc,metaspace   ] GC(1723) Metaspace: 29099K(29376K)->29099K(29376K) NonClass: 25996K(26112K)->25996K(26112K) Class: 3102K(3264K)->3102K(3264K)
[5605.008s][info][gc             ] GC(1723) Pause Young (Allocation Failure) 7719M->5422M(7825M) 100.092ms
[5605.008s][info][gc,cpu         ] GC(1723) User=0.55s Sys=0.04s Real=0.10s
..[5606.700s][info][gc,start       ] GC(1724) Pause Young (Allocation Failure)
[5606.801s][info][gc,heap        ] GC(1724) PSYoungGen: 2602592K(2619392K)->153504K(2616832K) Eden: 2442752K(2442752K)->0K(2444288K) From: 159840K(176640K)->153504K(172544K)
[5606.801s][info][gc,heap        ] GC(1724) ParOldGen: 5392914K(5393408K)->5499554K(5499904K)
[5606.801s][info][gc,metaspace   ] GC(1724) Metaspace: 29099K(29376K)->29099K(29376K) NonClass: 25996K(26112K)->25996K(26112K) Class: 3102K(3264K)->3102K(3264K)
[5606.801s][info][gc             ] GC(1724) Pause Young (Allocation Failure) 7808M->5520M(7926M) 101.018ms
[5606.801s][info][gc,cpu         ] GC(1724) User=0.57s Sys=0.02s Real=0.10s
..[5608.431s][info][gc,start       ] GC(1725) Pause Full (Allocation Failure)
[5608.431s][info][gc,phases,start] GC(1725) Marking Phase
[5608.747s][info][gc,phases      ] GC(1725) Marking Phase 315.849ms
[5608.747s][info][gc,phases,start] GC(1725) Summary Phase
[5608.747s][info][gc,phases      ] GC(1725) Summary Phase 0.112ms
[5608.747s][info][gc,phases,start] GC(1725) Forward
[5608.879s][info][gc,phases      ] GC(1725) Forward 132.035ms
[5608.879s][info][gc,phases,start] GC(1725) Adjust Pointers
[5609.092s][info][gc,phases      ] GC(1725) Adjust Pointers 213.070ms
[5609.092s][info][gc,phases,start] GC(1725) Compaction Phase
[5609.242s][info][gc,phases      ] GC(1725) Compaction Phase 150.021ms
[5609.244s][info][gc,phases,start] GC(1725) Post Compact
[5609.251s][info][gc,phases      ] GC(1725) Post Compact 7.012ms
[5609.379s][info][gc,heap        ] GC(1725) PSYoungGen: 2597792K(2616832K)->0K(2618880K) Eden: 2444288K(2444288K)->0K(2444288K) From: 153504K(172544K)->0K(174592K)
[5609.379s][info][gc,heap        ] GC(1725) ParOldGen: 5499554K(5499904K)->1618008K(1994752K)
[5609.379s][info][gc,metaspace   ] GC(1725) Metaspace: 29099K(29376K)->29099K(29376K) NonClass: 25996K(26112K)->25996K(26112K) Class: 3102K(3264K)->3102K(3264K)
[5609.379s][info][gc             ] GC(1725) Pause Full (Allocation Failure) 7907M->1580M(4505M) 948.380ms
[5609.379s][info][gc,cpu         ] GC(1725) User=4.41s Sys=0.13s Real=0.95s
..[5610.639s][info][gc,start       ] GC(1726) Pause Young (Allocation Failure)
[5610.707s][info][gc,heap        ] GC(1726) PSYoungGen: 2444288K(2618880K)->162006K(2620416K) Eden: 2444288K(2444288K)->0K(2446848K) From: 0K(174592K)->162006K(173568K)
[5610.707s][info][gc,heap        ] GC(1726) ParOldGen: 1618008K(1994752K)->1618008K(1994752K)
[5610.707s][info][gc,metaspace   ] GC(1726) Metaspace: 29099K(29376K)->29099K(29376K) NonClass: 25996K(26112K)->25996K(26112K) Class: 3102K(3264K)->3102K(3264K)
[5610.707s][info][gc             ] GC(1726) Pause Young (Allocation Failure) 3967M->1738M(4507M) 67.629ms
[5610.707s][info][gc,cpu         ] GC(1726) User=0.40s Sys=0.00s Real=0.07s
.[5612.039s][info][gc,start       ] GC(1727) Pause Young (Allocation Failure)
[5612.137s][info][gc,heap        ] GC(1727) PSYoungGen: 2608854K(2620416K)->170672K(2617856K) Eden: 2446848K(2446848K)->0K(2446848K) From: 162006K(173568K)->170672K(171008K)
[5612.137s][info][gc,heap        ] GC(1727) ParOldGen: 1618008K(1994752K)->1722856K(1994752K)
[5612.137s][info][gc,metaspace   ] GC(1727) Metaspace: 29099K(29376K)->29099K(29376K) NonClass: 25996K(26112K)->25996K(26112K) Class: 3102K(3264K)->3102K(3264K)
[5612.137s][info][gc             ] GC(1727) Pause Young (Allocation Failure) 4127M->1849M(4504M) 97.986ms
[5612.137s][info][gc,cpu         ] GC(1727) User=0.59s Sys=0.00s Real=0.10s
..[5613.726s][info][gc,start       ] GC(1728) Pause Young (Allocation Failure)
[5613.821s][info][gc,heap        ] GC(1728) PSYoungGen: 2617520K(2617856K)->157440K(2620416K) Eden: 2446848K(2446848K)->0K(2443776K) From: 170672K(171008K)->157440K(176640K)
[5613.821s][info][gc,heap        ] GC(1728) ParOldGen: 1722856K(1994752K)->1832384K(1994752K)
[5613.821s][info][gc,metaspace   ] GC(1728) Metaspace: 29099K(29376K)->29099K(29376K) NonClass: 25996K(26112K)->25996K(26112K) Class: 3102K(3264K)->3102K(3264K)
[5613.821s][info][gc             ] GC(1728) Pause Young (Allocation Failure) 4238M->1943M(4507M) 94.956ms
[5613.821s][info][gc,cpu         ] GC(1728) User=0.57s Sys=0.00s Real=0.09s
.[5615.507s][info][gc,start       ] GC(1729) Pause Young (Allocation Failure)
[5615.597s][info][gc,heap        ] GC(1729) PSYoungGen: 2601216K(2620416K)->149056K(2619392K) Eden: 2443776K(2443776K)->0K(2443776K) From: 157440K(176640K)->149056K(175616K)
[5615.597s][info][gc,heap        ] GC(1729) ParOldGen: 1832384K(1994752K)->1933864K(1994752K)
[5615.597s][info][gc,metaspace   ] GC(1729) Metaspace: 29099K(29376K)->29099K(29376K) NonClass: 25996K(26112K)->25996K(26112K) Class: 3102K(3264K)->3102K(3264K)
[5615.597s][info][gc             ] GC(1729) Pause Young (Allocation Failure) 4329M->2034M(4506M) 89.932ms
[5615.597s][info][gc,cpu         ] GC(1729) User=0.54s Sys=0.00s Real=0.09s
..[5617.280s][info][gc,start       ] GC(1730) Pause Young (Allocation Failure)
[5617.372s][info][gc,heap        ] GC(1730) PSYoungGen: 2592832K(2619392K)->149088K(2618880K) Eden: 2443776K(2443776K)->0K(2442752K) From: 149056K(175616K)->149088K(176128K)
[5617.372s][info][gc,heap        ] GC(1730) ParOldGen: 1933864K(1994752K)->2035808K(2036224K)
[5617.372s][info][gc,metaspace   ] GC(1730) Metaspace: 29099K(29376K)->29099K(29376K) NonClass: 25996K(26112K)->25996K(26112K) Class: 3102K(3264K)->3102K(3264K)
[5617.372s][info][gc             ] GC(1730) Pause Young (Allocation Failure) 4420M->2133M(4546M) 92.046ms
[5617.372s][info][gc,cpu         ] GC(1730) User=0.52s Sys=0.02s Real=0.09s
..[5619.063s][info][gc,start       ] GC(1731) Pause Young (Allocation Failure)
[5619.172s][info][gc,heap        ] GC(1731) PSYoungGen: 2591840K(2618880K)->176612K(2619392K) Eden: 2442752K(2442752K)->0K(2442752K) From: 149088K(176128K)->176612K(176640K)
[5619.172s][info][gc,heap        ] GC(1731) ParOldGen: 2035808K(2036224K)->2147320K(2147328K)
[5619.172s][info][gc,metaspace   ] GC(1731) Metaspace: 29099K(29376K)->29099K(29376K) NonClass: 25996K(26112K)->25996K(26112K) Class: 3102K(3264K)->3102K(3264K)
[5619.172s][info][gc             ] GC(1731) Pause Young (Allocation Failure) 4519M->2269M(4655M) 109.642ms
[5619.172s][info][gc,cpu         ] GC(1731) User=0.61s Sys=0.03s Real=0.11s
..[5620.777s][info][gc,start       ] GC(1732) Pause Young (Allocation Failure)
[5620.877s][info][gc,heap        ] GC(1732) PSYoungGen: 2619364K(2619392K)->159443K(2533376K) Eden: 2442752K(2442752K)->0K(2356736K) From: 176612K(176640K)->159443K(176640K)
[5620.877s][info][gc,heap        ] GC(1732) ParOldGen: 2147320K(2147328K)->2251648K(2251776K)
[5620.877s][info][gc,metaspace   ] GC(1732) Metaspace: 29099K(29376K)->29099K(29376K) NonClass: 25996K(26112K)->25996K(26112K) Class: 3102K(3264K)->3102K(3264K)
[5620.877s][info][gc             ] GC(1732) Pause Young (Allocation Failure) 4654M->2354M(4673M) 99.736ms
[5620.877s][info][gc,cpu         ] GC(1732) User=0.55s Sys=0.04s Real=0.10s
.[5622.458s][info][gc,start       ] GC(1733) Pause Young (Allocation Failure)
[5622.554s][info][gc,heap        ] GC(1733) PSYoungGen: 2516179K(2533376K)->148768K(2576384K) Eden: 2356736K(2356736K)->0K(2356736K) From: 159443K(176640K)->148768K(219648K)
[5622.554s][info][gc,heap        ] GC(1733) ParOldGen: 2251648K(2251776K)->2357912K(2358272K)
[5622.554s][info][gc,metaspace   ] GC(1733) Metaspace: 29099K(29376K)->29099K(29376K) NonClass: 25996K(26112K)->25996K(26112K) Class: 3102K(3264K)->3102K(3264K)
[5622.554s][info][gc             ] GC(1733) Pause Young (Allocation Failure) 4656M->2447M(4819M) 95.386ms
[5622.554s][info][gc,cpu         ] GC(1733) User=0.54s Sys=0.03s Real=0.09s
..[5624.172s][info][gc,start       ] GC(1734) Pause Young (Allocation Failure)
[5624.270s][info][gc,heap        ] GC(1734) PSYoungGen: 2505504K(2576384K)->154805K(2569728K) Eden: 2356736K(2356736K)->0K(2358272K) From: 148768K(219648K)->154805K(211456K)
[5624.270s][info][gc,heap        ] GC(1734) ParOldGen: 2357912K(2358272K)->2462152K(2462208K)
[5624.270s][info][gc,metaspace   ] GC(1734) Metaspace: 29099K(29376K)->29099K(29376K) NonClass: 25996K(26112K)->25996K(26112K) Class: 3102K(3264K)->3102K(3264K)
[5624.270s][info][gc             ] GC(1734) Pause Young (Allocation Failure) 4749M->2555M(4914M) 97.223ms
[5624.270s][info][gc,cpu         ] GC(1734) User=0.55s Sys=0.03s Real=0.10s
..[5625.802s][info][gc,start       ] GC(1735) Pause Young (Allocation Failure)
[5625.896s][info][gc,heap        ] GC(1735) PSYoungGen: 2513077K(2569728K)->152320K(2573824K) Eden: 2358272K(2358272K)->0K(2358272K) From: 154805K(211456K)->152320K(215552K)
[5625.896s][info][gc,heap        ] GC(1735) ParOldGen: 2462152K(2462208K)->2563824K(2564096K)
[5625.896s][info][gc,metaspace   ] GC(1735) Metaspace: 29099K(29376K)->29099K(29376K) NonClass: 25996K(26112K)->25996K(26112K) Class: 3102K(3264K)->3102K(3264K)
[5625.896s][info][gc             ] GC(1735) Pause Young (Allocation Failure) 4858M->2652M(5017M) 94.630ms
[5625.896s][info][gc,cpu         ] GC(1735) User=0.53s Sys=0.04s Real=0.10s
.[5627.466s][info][gc,start       ] GC(1736) Pause Young (Allocation Failure)
[5627.561s][info][gc,heap        ] GC(1736) PSYoungGen: 2510592K(2573824K)->144789K(2576896K) Eden: 2358272K(2358272K)->0K(2367488K) From: 152320K(215552K)->144789K(209408K)
[5627.561s][info][gc,heap        ] GC(1736) ParOldGen: 2563824K(2564096K)->2666184K(2666496K)
[5627.561s][info][gc,metaspace   ] GC(1736) Metaspace: 29099K(29376K)->29099K(29376K) NonClass: 25996K(26112K)->25996K(26112K) Class: 3102K(3264K)->3102K(3264K)
[5627.561s][info][gc             ] GC(1736) Pause Young (Allocation Failure) 4955M->2745M(5120M) 94.692ms
[5627.561s][info][gc,cpu         ] GC(1736) User=0.53s Sys=0.03s Real=0.09s
..[5629.147s][info][gc,start       ] GC(1737) Pause Young (Allocation Failure)
[5629.250s][info][gc,heap        ] GC(1737) PSYoungGen: 2512277K(2576896K)->171728K(2579456K) Eden: 2367488K(2367488K)->0K(2367488K) From: 144789K(209408K)->171728K(211968K)
[5629.250s][info][gc,heap        ] GC(1737) ParOldGen: 2666184K(2666496K)->2766216K(2766336K)
[5629.250s][info][gc,metaspace   ] GC(1737) Metaspace: 29099K(29376K)->29099K(29376K) NonClass: 25996K(26112K)->25996K(26112K) Class: 3102K(3264K)->3102K(3264K)
[5629.250s][info][gc             ] GC(1737) Pause Young (Allocation Failure) 5057M->2869M(5220M) 102.948ms
[5629.250s][info][gc,cpu         ] GC(1737) User=0.58s Sys=0.02s Real=0.10s
..[5630.909s][info][gc,start       ] GC(1738) Pause Young (Allocation Failure)
[5631.010s][info][gc,heap        ] GC(1738) PSYoungGen: 2539216K(2579456K)->161568K(2573824K) Eden: 2367488K(2367488K)->0K(2373632K) From: 171728K(211968K)->161568K(200192K)
[5631.010s][info][gc,heap        ] GC(1738) ParOldGen: 2766216K(2766336K)->2871288K(2871296K)
[5631.010s][info][gc,metaspace   ] GC(1738) Metaspace: 29099K(29376K)->29099K(29376K) NonClass: 25996K(26112K)->25996K(26112K) Class: 3102K(3264K)->3102K(3264K)
[5631.010s][info][gc             ] GC(1738) Pause Young (Allocation Failure) 5181M->2961M(5317M) 100.614ms
[5631.010s][info][gc,cpu         ] GC(1738) User=0.56s Sys=0.04s Real=0.10s
.[5632.654s][info][gc,start       ] GC(1739) Pause Young (Allocation Failure)
[5632.759s][info][gc,heap        ] GC(1739) PSYoungGen: 2535200K(2573824K)->173307K(2579456K) Eden: 2373632K(2373632K)->0K(2373632K) From: 161568K(200192K)->173307K(205824K)
[5632.759s][info][gc,heap        ] GC(1739) ParOldGen: 2871288K(2871296K)->2971208K(2971648K)
[5632.759s][info][gc,metaspace   ] GC(1739) Metaspace: 29099K(29376K)->29099K(29376K) NonClass: 25996K(26112K)->25996K(26112K) Class: 3102K(3264K)->3102K(3264K)
[5632.759s][info][gc             ] GC(1739) Pause Young (Allocation Failure) 5279M->3070M(5421M) 105.137ms
[5632.759s][info][gc,cpu         ] GC(1739) User=0.59s Sys=0.04s Real=0.11s
..[5634.380s][info][gc,start       ] GC(1740) Pause Young (Allocation Failure)
[5634.477s][info][gc,heap        ] GC(1740) PSYoungGen: 2546939K(2579456K)->149440K(2586624K) Eden: 2373632K(2373632K)->0K(2384896K) From: 173307K(205824K)->149440K(201728K)
[5634.477s][info][gc,heap        ] GC(1740) ParOldGen: 2971208K(2971648K)->3076320K(3076608K)
[5634.477s][info][gc,metaspace   ] GC(1740) Metaspace: 29099K(29376K)->29099K(29376K) NonClass: 25996K(26112K)->25996K(26112K) Class: 3102K(3264K)->3102K(3264K)
[5634.477s][info][gc             ] GC(1740) Pause Young (Allocation Failure) 5388M->3150M(5530M) 96.522ms
[5634.477s][info][gc,cpu         ] GC(1740) User=0.54s Sys=0.03s Real=0.10s
..[5636.051s][info][gc,start       ] GC(1741) Pause Young (Allocation Failure)
[5636.149s][info][gc,heap        ] GC(1741) PSYoungGen: 2534336K(2586624K)->163232K(2588672K) Eden: 2384896K(2384896K)->0K(2384896K) From: 149440K(201728K)->163232K(203776K)
[5636.149s][info][gc,heap        ] GC(1741) ParOldGen: 3076320K(3076608K)->3175928K(3175936K)
[5636.149s][info][gc,metaspace   ] GC(1741) Metaspace: 29099K(29376K)->29099K(29376K) NonClass: 25996K(26112K)->25996K(26112K) Class: 3102K(3264K)->3102K(3264K)
[5636.149s][info][gc             ] GC(1741) Pause Young (Allocation Failure) 5479M->3260M(5629M) 98.158ms
[5636.149s][info][gc,cpu         ] GC(1741) User=0.56s Sys=0.03s Real=0.10s
.[5637.805s][info][gc,start       ] GC(1742) Pause Young (Allocation Failure)
[5637.903s][info][gc,heap        ] GC(1742) PSYoungGen: 2548128K(2588672K)->155040K(2590208K) Eden: 2384896K(2384896K)->0K(2392576K) From: 163232K(203776K)->155040K(197632K)
[5637.903s][info][gc,heap        ] GC(1742) ParOldGen: 3175928K(3175936K)->3282472K(3282944K)
[5637.903s][info][gc,metaspace   ] GC(1742) Metaspace: 29099K(29376K)->29099K(29376K) NonClass: 25996K(26112K)->25996K(26112K) Class: 3102K(3264K)->3102K(3264K)
[5637.903s][info][gc             ] GC(1742) Pause Young (Allocation Failure) 5589M->3356M(5735M) 98.242ms
[5637.903s][info][gc,cpu         ] GC(1742) User=0.55s Sys=0.03s Real=0.09s
..[5639.516s][info][gc,start       ] GC(1743) Pause Young (Allocation Failure)
[5639.618s][info][gc,heap        ] GC(1743) PSYoungGen: 2547616K(2590208K)->161333K(2590208K) Eden: 2392576K(2392576K)->0K(2392576K) From: 155040K(197632K)->161333K(197632K)
[5639.618s][info][gc,heap        ] GC(1743) ParOldGen: 3282472K(3282944K)->3386288K(3386368K)
[5639.618s][info][gc,metaspace   ] GC(1743) Metaspace: 29099K(29376K)->29099K(29376K) NonClass: 25996K(26112K)->25996K(26112K) Class: 3102K(3264K)->3102K(3264K)
[5639.618s][info][gc             ] GC(1743) Pause Young (Allocation Failure) 5693M->3464M(5836M) 101.413ms
[5639.618s][info][gc,cpu         ] GC(1743) User=0.57s Sys=0.03s Real=0.10s
..[5641.184s][info][gc,start       ] GC(1744) Pause Young (Allocation Failure)
[5641.278s][info][gc,heap        ] GC(1744) PSYoungGen: 2553909K(2590208K)->144928K(2595840K) Eden: 2392576K(2392576K)->0K(2401280K) From: 161333K(197632K)->144928K(194560K)
[5641.278s][info][gc,heap        ] GC(1744) ParOldGen: 3386288K(3386368K)->3488680K(3488768K)
[5641.278s][info][gc,metaspace   ] GC(1744) Metaspace: 29099K(29376K)->29099K(29376K) NonClass: 25996K(26112K)->25996K(26112K) Class: 3102K(3264K)->3102K(3264K)
[5641.278s][info][gc             ] GC(1744) Pause Young (Allocation Failure) 5800M->3548M(5942M) 94.193ms
[5641.278s][info][gc,cpu         ] GC(1744) User=0.52s Sys=0.04s Real=0.10s
.[5642.865s][info][gc,start       ] GC(1745) Pause Young (Allocation Failure)
[5642.964s][info][gc,heap        ] GC(1745) PSYoungGen: 2546208K(2595840K)->155008K(2595328K) Eden: 2401280K(2401280K)->0K(2401280K) From: 144928K(194560K)->155008K(194048K)
[5642.964s][info][gc,heap        ] GC(1745) ParOldGen: 3488680K(3488768K)->3592568K(3592704K)
[5642.964s][info][gc,metaspace   ] GC(1745) Metaspace: 29099K(29376K)->29099K(29376K) NonClass: 25996K(26112K)->25996K(26112K) Class: 3102K(3264K)->3102K(3264K)
[5642.964s][info][gc             ] GC(1745) Pause Young (Allocation Failure) 5893M->3659M(6043M) 98.678ms
[5642.964s][info][gc,cpu         ] GC(1745) User=0.55s Sys=0.03s Real=0.09s
..[5644.631s][info][gc,start       ] GC(1746) Pause Young (Allocation Failure)
[5644.731s][info][gc,heap        ] GC(1746) PSYoungGen: 2556288K(2595328K)->158944K(2598400K) Eden: 2401280K(2401280K)->0K(2409984K) From: 155008K(194048K)->158944K(188416K)
[5644.731s][info][gc,heap        ] GC(1746) ParOldGen: 3592568K(3592704K)->3696296K(3696640K)
[5644.731s][info][gc,metaspace   ] GC(1746) Metaspace: 29099K(29376K)->29099K(29376K) NonClass: 25996K(26112K)->25996K(26112K) Class: 3102K(3264K)->3102K(3264K)
[5644.731s][info][gc             ] GC(1746) Pause Young (Allocation Failure) 6004M->3764M(6147M) 100.134ms
[5644.731s][info][gc,cpu         ] GC(1746) User=0.56s Sys=0.03s Real=0.10s
..[5646.348s][info][gc,start       ] GC(1747) Pause Young (Allocation Failure)
[5646.450s][info][gc,heap        ] GC(1747) PSYoungGen: 2568928K(2598400K)->159561K(2598912K) Eden: 2409984K(2409984K)->0K(2409984K) From: 158944K(188416K)->159561K(188928K)
[5646.450s][info][gc,heap        ] GC(1747) ParOldGen: 3696296K(3696640K)->3800688K(3801088K)
[5646.450s][info][gc,metaspace   ] GC(1747) Metaspace: 29099K(29376K)->29099K(29376K) NonClass: 25996K(26112K)->25996K(26112K) Class: 3102K(3264K)->3102K(3264K)
[5646.450s][info][gc             ] GC(1747) Pause Young (Allocation Failure) 6118M->3867M(6250M) 102.384ms
[5646.450s][info][gc,cpu         ] GC(1747) User=0.56s Sys=0.05s Real=0.10s
..[5648.069s][info][gc,start       ] GC(1748) Pause Young (Allocation Failure)
[5648.171s][info][gc,heap        ] GC(1748) PSYoungGen: 2569545K(2598912K)->168453K(2604032K) Eden: 2409984K(2409984K)->0K(2418176K) From: 159561K(188928K)->168453K(185856K)
[5648.171s][info][gc,heap        ] GC(1748) ParOldGen: 3800688K(3801088K)->3902632K(3902976K)
[5648.171s][info][gc,metaspace   ] GC(1748) Metaspace: 29099K(29376K)->29099K(29376K) NonClass: 25996K(26112K)->25996K(26112K) Class: 3102K(3264K)->3102K(3264K)
[5648.171s][info][gc             ] GC(1748) Pause Young (Allocation Failure) 6220M->3975M(6354M) 102.057ms
[5648.171s][info][gc,cpu         ] GC(1748) User=0.59s Sys=0.02s Real=0.10s
.[5649.772s][info][gc,start       ] GC(1749) Pause Young (Allocation Failure)
[5649.877s][info][gc,heap        ] GC(1749) PSYoungGen: 2586629K(2604032K)->168680K(2604544K) Eden: 2418176K(2418176K)->0K(2418176K) From: 168453K(185856K)->168680K(186368K)
[5649.877s][info][gc,heap        ] GC(1749) ParOldGen: 3902632K(3902976K)->4007584K(4007936K)
[5649.877s][info][gc,metaspace   ] GC(1749) Metaspace: 29099K(29376K)->29099K(29376K) NonClass: 25996K(26112K)->25996K(26112K) Class: 3102K(3264K)->3102K(3264K)
[5649.877s][info][gc             ] GC(1749) Pause Young (Allocation Failure) 6337M->4078M(6457M) 105.410ms
[5649.877s][info][gc,cpu         ] GC(1749) User=0.60s Sys=0.04s Real=0.11s
..[5651.424s][info][gc,start       ] GC(1750) Pause Young (Allocation Failure)
[5651.524s][info][gc,heap        ] GC(1750) PSYoungGen: 2586856K(2604544K)->156544K(2607104K) Eden: 2418176K(2418176K)->0K(2422784K) From: 168680K(186368K)->156544K(184320K)
[5651.524s][info][gc,heap        ] GC(1750) ParOldGen: 4007584K(4007936K)->4111536K(4111872K)
[5651.524s][info][gc,metaspace   ] GC(1750) Metaspace: 29099K(29376K)->29099K(29376K) NonClass: 25996K(26112K)->25996K(26112K) Class: 3102K(3264K)->3102K(3264K)
[5651.524s][info][gc             ] GC(1750) Pause Young (Allocation Failure) 6439M->4168M(6561M) 99.989ms
[5651.524s][info][gc,cpu         ] GC(1750) User=0.56s Sys=0.03s Real=0.10s
..[5653.190s][info][gc,start       ] GC(1751) Pause Young (Allocation Failure)
[5653.287s][info][gc,heap        ] GC(1751) PSYoungGen: 2579328K(2607104K)->150816K(2608128K) Eden: 2422784K(2422784K)->0K(2422784K) From: 156544K(184320K)->150816K(185344K)
[5653.287s][info][gc,heap        ] GC(1751) ParOldGen: 4111536K(4111872K)->4214712K(4214784K)
[5653.287s][info][gc,metaspace   ] GC(1751) Metaspace: 29099K(29376K)->29099K(29376K) NonClass: 25996K(26112K)->25996K(26112K) Class: 3102K(3264K)->3102K(3264K)
[5653.287s][info][gc             ] GC(1751) Pause Young (Allocation Failure) 6534M->4263M(6663M) 97.692ms
[5653.287s][info][gc,cpu         ] GC(1751) User=0.53s Sys=0.04s Real=0.10s
.[5654.970s][info][gc,start       ] GC(1752) Pause Young (Allocation Failure)
[5655.070s][info][gc,heap        ] GC(1752) PSYoungGen: 2573600K(2608128K)->157312K(2606080K) Eden: 2422784K(2422784K)->0K(2425856K) From: 150816K(185344K)->157312K(180224K)
[5655.070s][info][gc,heap        ] GC(1752) ParOldGen: 4214712K(4214784K)->4321528K(4321792K)
[5655.070s][info][gc,metaspace   ] GC(1752) Metaspace: 29099K(29376K)->29099K(29376K) NonClass: 25996K(26112K)->25996K(26112K) Class: 3102K(3264K)->3102K(3264K)
[5655.070s][info][gc             ] GC(1752) Pause Young (Allocation Failure) 6629M->4373M(6765M) 99.949ms
[5655.070s][info][gc,cpu         ] GC(1752) User=0.56s Sys=0.03s Real=0.10s
..[5656.716s][info][gc,start       ] GC(1753) Pause Young (Allocation Failure)
[5656.819s][info][gc,heap        ] GC(1753) PSYoungGen: 2583168K(2606080K)->166436K(2608640K) Eden: 2425856K(2425856K)->0K(2425856K) From: 157312K(180224K)->166436K(182784K)
[5656.819s][info][gc,heap        ] GC(1753) ParOldGen: 4321528K(4321792K)->4423808K(4424192K)
[5656.819s][info][gc,metaspace   ] GC(1753) Metaspace: 29099K(29376K)->29099K(29376K) NonClass: 25996K(26112K)->25996K(26112K) Class: 3102K(3264K)->3102K(3264K)
[5656.819s][info][gc             ] GC(1753) Pause Young (Allocation Failure) 6742M->4482M(6868M) 103.193ms
[5656.819s][info][gc,cpu         ] GC(1753) User=0.57s Sys=0.04s Real=0.10s
..[5658.488s][info][gc,start       ] GC(1754) Pause Young (Allocation Failure)
[5658.584s][info][gc,heap        ] GC(1754) PSYoungGen: 2592292K(2608640K)->146656K(2613248K) Eden: 2425856K(2425856K)->0K(2430464K) From: 166436K(182784K)->146656K(182784K)
[5658.585s][info][gc,heap        ] GC(1754) ParOldGen: 4423808K(4424192K)->4528584K(4528640K)
[5658.585s][info][gc,metaspace   ] GC(1754) Metaspace: 29099K(29376K)->29099K(29376K) NonClass: 25996K(26112K)->25996K(26112K) Class: 3102K(3264K)->3102K(3264K)
[5658.585s][info][gc             ] GC(1754) Pause Young (Allocation Failure) 6851M->4565M(6974M) 96.912ms
[5658.585s][info][gc,cpu         ] GC(1754) User=0.54s Sys=0.03s Real=0.10s
. (rIR:aIR:PR = 9686:9755:9755) (tPR = 144288) [OK] 
  5659s: Performance info:
         Transaction,    Success,    Partial,     Failed,   Receipts, AvgBarcode, 
             Overall,     593532,          0,          0,     564005,      59.48, 
         Response times:
             Request,    Success,    Partial,     Failed,   SkipFail,     Probes,    Samples,      min,      p50,      p90,      p95,      p99,      max, 
       TotalPurchase,     564126,          0,          0,          0,     350532,     489208,      300,     6900,    53000,    96000,   860000,  1000000,
     InStorePurchase,     297403,          0,          0,          0,     184315,     257010,      300,     7000,    54000,    98000,   860000,  1000000,
      OnlinePurchase,     207781,          0,          0,          0,     129003,     179956,      300,     6800,    52000,    94000,   830000,   980000,
        InstPurchase,      58942,          0,          0,          0,      37214,      52242,      300,     7000,    54000,    99000,   860000,   980000,
          AssocOfCat,        592,          0,          0,          0,        468,        756,    26000,    45000,   102900,   148150,   334290,   495000,
      AssocOfProduct,       5840,          0,          0,          0,       4240,       6103,      400,     6400,    50600,    86000,   299960,   710000,
      BusinessReport,       1476,          0,          0,          0,       1275,       1918,    29000,    55000,   124000,   176000,   930000,  1200000,
          CustBuyBeh,       5867,          0,          0,          0,       4259,       6125,      300,     5400,    50000,    89000,   740000,   980000,
       ProductReturn,      15601,          0,          0,          0,      10111,      14233,      300,     6000,    51000,    93000,   930000,  1200000,

  5659s: (71%)   IR =   9824 [5660.156s][info][gc,start       ] GC(1755) Pause Young (Allocation Failure)
[5660.254s][info][gc,heap        ] GC(1755) PSYoungGen: 2577120K(2613248K)->151493K(2582016K) Eden: 2430464K(2430464K)->0K(2430464K) From: 146656K(182784K)->151493K(151552K)
[5660.254s][info][gc,heap        ] GC(1755) ParOldGen: 4528584K(4528640K)->4631936K(4632064K)
[5660.254s][info][gc,metaspace   ] GC(1755) Metaspace: 29099K(29376K)->29099K(29376K) NonClass: 25996K(26112K)->25996K(26112K) Class: 3102K(3264K)->3102K(3264K)
[5660.254s][info][gc             ] GC(1755) Pause Young (Allocation Failure) 6939M->4671M(7045M) 98.285ms
[5660.254s][info][gc,cpu         ] GC(1755) User=0.54s Sys=0.04s Real=0.09s
..[5661.861s][info][gc,start       ] GC(1756) Pause Young (Allocation Failure)
[5661.960s][info][gc,heap        ] GC(1756) PSYoungGen: 2581957K(2582016K)->154560K(2613760K) Eden: 2430464K(2430464K)->0K(2432000K) From: 151493K(151552K)->154560K(181760K)
[5661.960s][info][gc,heap        ] GC(1756) ParOldGen: 4631936K(4632064K)->4734648K(4734976K)
[5661.960s][info][gc,metaspace   ] GC(1756) Metaspace: 29099K(29376K)->29099K(29376K) NonClass: 25996K(26112K)->25996K(26112K) Class: 3102K(3264K)->3102K(3264K)
[5661.960s][info][gc             ] GC(1756) Pause Young (Allocation Failure) 7044M->4774M(7176M) 99.541ms
[5661.960s][info][gc,cpu         ] GC(1756) User=0.55s Sys=0.03s Real=0.10s
..[5663.605s][info][gc,start       ] GC(1757) Pause Young (Allocation Failure)
[5663.710s][info][gc,heap        ] GC(1757) PSYoungGen: 2586560K(2613760K)->166122K(2612224K) Eden: 2432000K(2432000K)->0K(2432000K) From: 154560K(181760K)->166122K(180224K)
[5663.710s][info][gc,heap        ] GC(1757) ParOldGen: 4734648K(4734976K)->4838600K(4838912K)
[5663.710s][info][gc,metaspace   ] GC(1757) Metaspace: 29099K(29376K)->29099K(29376K) NonClass: 25996K(26112K)->25996K(26112K) Class: 3102K(3264K)->3102K(3264K)
[5663.710s][info][gc             ] GC(1757) Pause Young (Allocation Failure) 7149M->4887M(7276M) 104.957ms
[5663.710s][info][gc,cpu         ] GC(1757) User=0.60s Sys=0.03s Real=0.10s
.[5665.291s][info][gc,start       ] GC(1758) Pause Young (Allocation Failure)
[5665.389s][info][gc,heap        ] GC(1758) PSYoungGen: 2598122K(2612224K)->152512K(2613760K) Eden: 2432000K(2432000K)->0K(2434560K) From: 166122K(180224K)->152512K(179200K)
[5665.389s][info][gc,heap        ] GC(1758) ParOldGen: 4838600K(4838912K)->4942640K(4942848K)
[5665.389s][info][gc,metaspace   ] GC(1758) Metaspace: 29099K(29376K)->29099K(29376K) NonClass: 25996K(26112K)->25996K(26112K) Class: 3102K(3264K)->3102K(3264K)
[5665.389s][info][gc             ] GC(1758) Pause Young (Allocation Failure) 7262M->4975M(7379M) 98.052ms
[5665.389s][info][gc,cpu         ] GC(1758) User=0.55s Sys=0.02s Real=0.10s
..[5667.023s][info][gc,start       ] GC(1759) Pause Young (Allocation Failure)
[5667.129s][info][gc,heap        ] GC(1759) PSYoungGen: 2587072K(2613760K)->171236K(2606080K) Eden: 2434560K(2434560K)->0K(2434560K) From: 152512K(179200K)->171236K(171520K)
[5667.129s][info][gc,heap        ] GC(1759) ParOldGen: 4942640K(4942848K)->5047000K(5047296K)
[5667.129s][info][gc,metaspace   ] GC(1759) Metaspace: 29099K(29376K)->29099K(29376K) NonClass: 25996K(26112K)->25996K(26112K) Class: 3102K(3264K)->3102K(3264K)
[5667.129s][info][gc             ] GC(1759) Pause Young (Allocation Failure) 7353M->5095M(7474M) 105.753ms
[5667.129s][info][gc,cpu         ] GC(1759) User=0.60s Sys=0.03s Real=0.11s
..[5668.734s][info][gc,start       ] GC(1760) Pause Young (Allocation Failure)
[5668.834s][info][gc,heap        ] GC(1760) PSYoungGen: 2605796K(2606080K)->155072K(2614784K) Eden: 2434560K(2434560K)->0K(2432000K) From: 171236K(171520K)->155072K(182784K)
[5668.834s][info][gc,heap        ] GC(1760) ParOldGen: 5047000K(5047296K)->5151264K(5151744K)
[5668.834s][info][gc,metaspace   ] GC(1760) Metaspace: 29099K(29376K)->29099K(29376K) NonClass: 25996K(26112K)->25996K(26112K) Class: 3102K(3264K)->3102K(3264K)
[5668.834s][info][gc             ] GC(1760) Pause Young (Allocation Failure) 7473M->5181M(7584M) 100.057ms
[5668.834s][info][gc,cpu         ] GC(1760) User=0.56s Sys=0.03s Real=0.10s
.|.[5670.521s][info][gc,start       ] GC(1761) Pause Young (Allocation Failure)
[5670.621s][info][gc,heap        ] GC(1761) PSYoungGen: 2587072K(2614784K)->155072K(2587136K) Eden: 2432000K(2432000K)->0K(2432000K) From: 155072K(182784K)->155072K(155136K)
[5670.621s][info][gc,heap        ] GC(1761) ParOldGen: 5151264K(5151744K)->5254472K(5254656K)
[5670.621s][info][gc,metaspace   ] GC(1761) Metaspace: 29099K(29376K)->29099K(29376K) NonClass: 25996K(26112K)->25996K(26112K) Class: 3102K(3264K)->3102K(3264K)
[5670.621s][info][gc             ] GC(1761) Pause Young (Allocation Failure) 7556M->5282M(7658M) 100.637ms
[5670.621s][info][gc,cpu         ] GC(1761) User=0.56s Sys=0.03s Real=0.10s
.[5672.214s][info][gc,start       ] GC(1762) Pause Young (Allocation Failure)
[5672.314s][info][gc,heap        ] GC(1762) PSYoungGen: 2587072K(2587136K)->151712K(2612736K) Eden: 2432000K(2432000K)->0K(2433024K) From: 155072K(155136K)->151712K(179712K)
[5672.314s][info][gc,heap        ] GC(1762) ParOldGen: 5254472K(5254656K)->5359616K(5360128K)
[5672.314s][info][gc,metaspace   ] GC(1762) Metaspace: 29099K(29376K)->29099K(29376K) NonClass: 25996K(26112K)->25996K(26112K) Class: 3102K(3264K)->3102K(3264K)
[5672.314s][info][gc             ] GC(1762) Pause Young (Allocation Failure) 7657M->5382M(7786M) 100.063ms
[5672.314s][info][gc,cpu         ] GC(1762) User=0.56s Sys=0.03s Real=0.10s
..[5673.985s][info][gc,start       ] GC(1763) Pause Young (Allocation Failure)
[5674.085s][info][gc,heap        ] GC(1763) PSYoungGen: 2584736K(2612736K)->162080K(2611712K) Eden: 2433024K(2433024K)->0K(2433024K) From: 151712K(179712K)->162080K(178688K)
[5674.085s][info][gc,heap        ] GC(1763) ParOldGen: 5359616K(5360128K)->5463056K(5463552K)
[5674.085s][info][gc,metaspace   ] GC(1763) Metaspace: 29099K(29376K)->29099K(29376K) NonClass: 25996K(26112K)->25996K(26112K) Class: 3102K(3264K)->3102K(3264K)
[5674.085s][info][gc             ] GC(1763) Pause Young (Allocation Failure) 7758M->5493M(7886M) 100.812ms
[5674.086s][info][gc,cpu         ] GC(1763) User=0.56s Sys=0.04s Real=0.10s
..[5675.616s][info][gc,start       ] GC(1764) Pause Young (Allocation Failure)
[5675.717s][info][gc,heap        ] GC(1764) PSYoungGen: 2595104K(2611712K)->154944K(2615808K) Eden: 2433024K(2433024K)->0K(2439168K) From: 162080K(178688K)->154944K(176640K)
[5675.717s][info][gc,heap        ] GC(1764) ParOldGen: 5463056K(5463552K)->5571344K(5571584K)
[5675.717s][info][gc,metaspace   ] GC(1764) Metaspace: 29099K(29376K)->29099K(29376K) NonClass: 25996K(26112K)->25996K(26112K) Class: 3102K(3264K)->3102K(3264K)
[5675.717s][info][gc             ] GC(1764) Pause Young (Allocation Failure) 7869M->5592M(7995M) 101.331ms
[5675.717s][info][gc,cpu         ] GC(1764) User=0.57s Sys=0.03s Real=0.10s
.[5677.331s][info][gc,start       ] GC(1765) Pause Full (Allocation Failure)
[5677.331s][info][gc,phases,start] GC(1765) Marking Phase
[5677.645s][info][gc,phases      ] GC(1765) Marking Phase 314.722ms
[5677.645s][info][gc,phases,start] GC(1765) Summary Phase
[5677.645s][info][gc,phases      ] GC(1765) Summary Phase 0.101ms
[5677.645s][info][gc,phases,start] GC(1765) Forward
[5677.768s][info][gc,phases      ] GC(1765) Forward 122.758ms
[5677.768s][info][gc,phases,start] GC(1765) Adjust Pointers
[5677.981s][info][gc,phases      ] GC(1765) Adjust Pointers 212.327ms
[5677.981s][info][gc,phases,start] GC(1765) Compaction Phase
[5678.131s][info][gc,phases      ] GC(1765) Compaction Phase 150.179ms
[5678.132s][info][gc,phases,start] GC(1765) Post Compact
[5678.139s][info][gc,phases      ] GC(1765) Post Compact 6.893ms
[5678.262s][info][gc,heap        ] GC(1765) PSYoungGen: 2594112K(2615808K)->0K(2615808K) Eden: 2439168K(2439168K)->0K(2439168K) From: 154944K(176640K)->0K(176640K)
[5678.262s][info][gc,heap        ] GC(1765) ParOldGen: 5571344K(5571584K)->1617982K(2001920K)
[5678.262s][info][gc,metaspace   ] GC(1765) Metaspace: 29099K(29376K)->29099K(29376K) NonClass: 25996K(26112K)->25996K(26112K) Class: 3102K(3264K)->3102K(3264K)
[5678.263s][info][gc             ] GC(1765) Pause Full (Allocation Failure) 7974M->1580M(4509M) 931.965ms
[5678.263s][info][gc,cpu         ] GC(1765) User=4.43s Sys=0.13s Real=0.93s
..[5679.572s][info][gc,start       ] GC(1766) Pause Young (Allocation Failure)
[5679.639s][info][gc,heap        ] GC(1766) PSYoungGen: 2439168K(2615808K)->160938K(2618368K) Eden: 2439168K(2439168K)->0K(2442752K) From: 0K(176640K)->160938K(175616K)
[5679.639s][info][gc,heap        ] GC(1766) ParOldGen: 1617982K(2001920K)->1617982K(2001920K)
[5679.639s][info][gc,metaspace   ] GC(1766) Metaspace: 29099K(29376K)->29099K(29376K) NonClass: 25996K(26112K)->25996K(26112K) Class: 3102K(3264K)->3102K(3264K)
[5679.639s][info][gc             ] GC(1766) Pause Young (Allocation Failure) 3962M->1737M(4512M) 66.826ms
[5679.639s][info][gc,cpu         ] GC(1766) User=0.40s Sys=0.00s Real=0.07s
.[5680.863s][info][gc,start       ] GC(1767) Pause Young (Allocation Failure)
[5680.964s][info][gc,heap        ] GC(1767) PSYoungGen: 2603690K(2618368K)->176101K(2618880K) Eden: 2442752K(2442752K)->0K(2442752K) From: 160938K(175616K)->176101K(176128K)
[5680.964s][info][gc,heap        ] GC(1767) ParOldGen: 1617982K(2001920K)->1721878K(2001920K)
[5680.964s][info][gc,metaspace   ] GC(1767) Metaspace: 29099K(29376K)->29099K(29376K) NonClass: 25996K(26112K)->25996K(26112K) Class: 3102K(3264K)->3102K(3264K)
[5680.964s][info][gc             ] GC(1767) Pause Young (Allocation Failure) 4122M->1853M(4512M) 101.683ms
[5680.964s][info][gc,cpu         ] GC(1767) User=0.61s Sys=0.00s Real=0.11s
..[5682.584s][info][gc,start       ] GC(1768) Pause Young (Allocation Failure)
[5682.678s][info][gc,heap        ] GC(1768) PSYoungGen: 2618853K(2618880K)->153792K(2539008K) Eden: 2442752K(2442752K)->0K(2361856K) From: 176101K(176128K)->153792K(177152K)
[5682.678s][info][gc,heap        ] GC(1768) ParOldGen: 1721878K(2001920K)->1830014K(2001920K)
[5682.678s][info][gc,metaspace   ] GC(1768) Metaspace: 29099K(29376K)->29099K(29376K) NonClass: 25996K(26112K)->25996K(26112K) Class: 3102K(3264K)->3102K(3264K)
[5682.678s][info][gc             ] GC(1768) Pause Young (Allocation Failure) 4238M->1937M(4434M) 93.432ms
[5682.678s][info][gc,cpu         ] GC(1768) User=0.55s Sys=0.00s Real=0.10s
.[5684.216s][info][gc,start       ] GC(1769) Pause Young (Allocation Failure)
[5684.306s][info][gc,heap        ] GC(1769) PSYoungGen: 2515648K(2539008K)->141248K(2578944K) Eden: 2361856K(2361856K)->0K(2361856K) From: 153792K(177152K)->141248K(217088K)
[5684.306s][info][gc,heap        ] GC(1769) ParOldGen: 1830014K(2001920K)->1937990K(2001920K)
[5684.306s][info][gc,metaspace   ] GC(1769) Metaspace: 29099K(29376K)->29099K(29376K) NonClass: 25996K(26112K)->25996K(26112K) Class: 3102K(3264K)->3102K(3264K)
[5684.306s][info][gc             ] GC(1769) Pause Young (Allocation Failure) 4243M->2030M(4473M) 89.922ms
[5684.306s][info][gc,cpu         ] GC(1769) User=0.53s Sys=0.00s Real=0.09s
..[5685.946s][info][gc,start       ] GC(1770) Pause Young (Allocation Failure)
[5686.042s][info][gc,heap        ] GC(1770) PSYoungGen: 2503104K(2578944K)->160020K(2570752K) Eden: 2361856K(2361856K)->0K(2361856K) From: 141248K(217088K)->160020K(208896K)
[5686.042s][info][gc,heap        ] GC(1770) ParOldGen: 1937990K(2001920K)->2037646K(2037760K)
[5686.042s][info][gc,metaspace   ] GC(1770) Metaspace: 29099K(29376K)->29099K(29376K) NonClass: 25996K(26112K)->25996K(26112K) Class: 3102K(3264K)->3102K(3264K)
[5686.042s][info][gc             ] GC(1770) Pause Young (Allocation Failure) 4337M->2146M(4500M) 95.668ms
[5686.042s][info][gc,cpu         ] GC(1770) User=0.56s Sys=0.02s Real=0.09s
..[5687.662s][info][gc,start       ] GC(1771) Pause Young (Allocation Failure)
[5687.759s][info][gc,heap        ] GC(1771) PSYoungGen: 2521876K(2570752K)->152192K(2574848K) Eden: 2361856K(2361856K)->0K(2361856K) From: 160020K(208896K)->152192K(212992K)
[5687.759s][info][gc,heap        ] GC(1771) ParOldGen: 2037646K(2037760K)->2139062K(2139136K)
[5687.759s][info][gc,metaspace   ] GC(1771) Metaspace: 29099K(29376K)->29099K(29376K) NonClass: 25996K(26112K)->25996K(26112K) Class: 3102K(3264K)->3102K(3264K)
[5687.759s][info][gc             ] GC(1771) Pause Young (Allocation Failure) 4452M->2237M(4603M) 97.066ms
[5687.759s][info][gc,cpu         ] GC(1771) User=0.55s Sys=0.04s Real=0.10s
.[5689.214s][info][gc,start       ] GC(1772) Pause Young (Allocation Failure)
[5689.308s][info][gc,heap        ] GC(1772) PSYoungGen: 2514048K(2574848K)->141344K(2580480K) Eden: 2361856K(2361856K)->0K(2372608K) From: 152192K(212992K)->141344K(207872K)
[5689.308s][info][gc,heap        ] GC(1772) ParOldGen: 2139062K(2139136K)->2245550K(2245632K)
[5689.308s][info][gc,metaspace   ] GC(1772) Metaspace: 29099K(29376K)->29099K(29376K) NonClass: 25996K(26112K)->25996K(26112K) Class: 3102K(3264K)->3102K(3264K)
[5689.308s][info][gc             ] GC(1772) Pause Young (Allocation Failure) 4544M->2330M(4713M) 93.830ms
[5689.308s][info][gc,cpu         ] GC(1772) User=0.52s Sys=0.03s Real=0.10s
..[5690.913s][info][gc,start       ] GC(1773) Pause Young (Allocation Failure)
[5691.010s][info][gc,heap        ] GC(1773) PSYoungGen: 2513952K(2580480K)->160096K(2582528K) Eden: 2372608K(2372608K)->0K(2372608K) From: 141344K(207872K)->160096K(209920K)
[5691.010s][info][gc,heap        ] GC(1773) ParOldGen: 2245550K(2245632K)->2343774K(2343936K)
[5691.010s][info][gc,metaspace   ] GC(1773) Metaspace: 29099K(29376K)->29099K(29376K) NonClass: 25996K(26112K)->25996K(26112K) Class: 3102K(3264K)->3102K(3264K)
[5691.010s][info][gc             ] GC(1773) Pause Young (Allocation Failure) 4647M->2445M(4811M) 96.934ms
[5691.010s][info][gc,cpu         ] GC(1773) User=0.55s Sys=0.03s Real=0.10s
..[5692.598s][info][gc,start       ] GC(1774) Pause Young (Allocation Failure)
[5692.693s][info][gc,heap        ] GC(1774) PSYoungGen: 2532704K(2582528K)->148512K(2584064K) Eden: 2372608K(2372608K)->0K(2380288K) From: 160096K(209920K)->148512K(203776K)
[5692.693s][info][gc,heap        ] GC(1774) ParOldGen: 2343774K(2343936K)->2449302K(2449408K)
[5692.693s][info][gc,metaspace   ] GC(1774) Metaspace: 29099K(29376K)->29099K(29376K) NonClass: 25996K(26112K)->25996K(26112K) Class: 3102K(3264K)->3102K(3264K)
[5692.693s][info][gc             ] GC(1774) Pause Young (Allocation Failure) 4762M->2536M(4915M) 95.200ms
[5692.693s][info][gc,cpu         ] GC(1774) User=0.54s Sys=0.03s Real=0.09s
.[5694.280s][info][gc,start       ] GC(1775) Pause Young (Allocation Failure)
[5694.380s][info][gc,heap        ] GC(1775) PSYoungGen: 2528800K(2584064K)->160090K(2583552K) Eden: 2380288K(2380288K)->0K(2380288K) From: 148512K(203776K)->160090K(203264K)
[5694.380s][info][gc,heap        ] GC(1775) ParOldGen: 2449302K(2449408K)->2551638K(2551808K)
[5694.380s][info][gc,metaspace   ] GC(1775) Metaspace: 29099K(29376K)->29099K(29376K) NonClass: 25996K(26112K)->25996K(26112K) Class: 3102K(3264K)->3102K(3264K)
[5694.380s][info][gc             ] GC(1775) Pause Young (Allocation Failure) 4861M->2648M(5015M) 100.110ms
[5694.380s][info][gc,cpu         ] GC(1775) User=0.56s Sys=0.04s Real=0.10s
..[5695.984s][info][gc,start       ] GC(1776) Pause Young (Allocation Failure)
[5696.086s][info][gc,heap        ] GC(1776) PSYoungGen: 2540378K(2583552K)->166512K(2589696K) Eden: 2380288K(2380288K)->0K(2390528K) From: 160090K(203264K)->166512K(199168K)
[5696.086s][info][gc,heap        ] GC(1776) ParOldGen: 2551638K(2551808K)->2653718K(2654208K)
[5696.086s][info][gc,metaspace   ] GC(1776) Metaspace: 29099K(29376K)->29099K(29376K) NonClass: 25996K(26112K)->25996K(26112K) Class: 3102K(3264K)->3102K(3264K)
[5696.086s][info][gc             ] GC(1776) Pause Young (Allocation Failure) 4972M->2754M(5121M) 101.989ms
[5696.086s][info][gc,cpu         ] GC(1776) User=0.58s Sys=0.03s Real=0.11s
..[5697.709s][info][gc,start       ] GC(1777) Pause Young (Allocation Failure)
[5697.804s][info][gc,heap        ] GC(1777) PSYoungGen: 2557040K(2589696K)->150880K(2588160K) Eden: 2390528K(2390528K)->0K(2390528K) From: 166512K(199168K)->150880K(197632K)
[5697.804s][info][gc,heap        ] GC(1777) ParOldGen: 2653718K(2654208K)->2758598K(2758656K)
[5697.804s][info][gc,metaspace   ] GC(1777) Metaspace: 29099K(29376K)->29099K(29376K) NonClass: 25996K(26112K)->25996K(26112K) Class: 3102K(3264K)->3102K(3264K)
[5697.804s][info][gc             ] GC(1777) Pause Young (Allocation Failure) 5088M->2841M(5221M) 95.011ms
[5697.804s][info][gc,cpu         ] GC(1777) User=0.53s Sys=0.04s Real=0.09s
.[5699.425s][info][gc,start       ] GC(1778) Pause Young (Allocation Failure)
[5699.520s][info][gc,heap        ] GC(1778) PSYoungGen: 2541408K(2588160K)->144384K(2595840K) Eden: 2390528K(2390528K)->0K(2400256K) From: 150880K(197632K)->144384K(195584K)
[5699.520s][info][gc,heap        ] GC(1778) ParOldGen: 2758598K(2758656K)->2863294K(2863616K)
[5699.520s][info][gc,metaspace   ] GC(1778) Metaspace: 29099K(29376K)->29099K(29376K) NonClass: 25996K(26112K)->25996K(26112K) Class: 3102K(3264K)->3102K(3264K)
[5699.520s][info][gc             ] GC(1778) Pause Young (Allocation Failure) 5175M->2937M(5331M) 94.815ms
[5699.520s][info][gc,cpu         ] GC(1778) User=0.52s Sys=0.04s Real=0.09s
..[5701.111s][info][gc,start       ] GC(1779) Pause Young (Allocation Failure)
[5701.208s][info][gc,heap        ] GC(1779) PSYoungGen: 2544640K(2595840K)->159904K(2594816K) Eden: 2400256K(2400256K)->0K(2400256K) From: 144384K(195584K)->159904K(194560K)
[5701.208s][info][gc,heap        ] GC(1779) ParOldGen: 2863294K(2863616K)->2963750K(2963968K)
[5701.208s][info][gc,metaspace   ] GC(1779) Metaspace: 29099K(29376K)->29099K(29376K) NonClass: 25996K(26112K)->25996K(26112K) Class: 3102K(3264K)->3102K(3264K)
[5701.208s][info][gc             ] GC(1779) Pause Young (Allocation Failure) 5281M->3050M(5428M) 97.438ms
[5701.208s][info][gc,cpu         ] GC(1779) User=0.55s Sys=0.02s Real=0.10s
..[5702.795s][info][gc,start       ] GC(1780) Pause Young (Allocation Failure)
[5702.896s][info][gc,heap        ] GC(1780) PSYoungGen: 2560160K(2594816K)->160080K(2598912K) Eden: 2400256K(2400256K)->0K(2408448K) From: 159904K(194560K)->160080K(190464K)
[5702.896s][info][gc,heap        ] GC(1780) ParOldGen: 2963750K(2963968K)->3068230K(3068416K)
[5702.896s][info][gc,metaspace   ] GC(1780) Metaspace: 29099K(29376K)->29099K(29376K) NonClass: 25996K(26112K)->25996K(26112K) Class: 3102K(3264K)->3102K(3264K)
[5702.896s][info][gc             ] GC(1780) Pause Young (Allocation Failure) 5394M->3152M(5534M) 100.378ms
[5702.896s][info][gc,cpu         ] GC(1780) User=0.56s Sys=0.03s Real=0.10s
.[5704.591s][info][gc,start       ] GC(1781) Pause Young (Allocation Failure)
[5704.690s][info][gc,heap        ] GC(1781) PSYoungGen: 2568528K(2598912K)->162928K(2597376K) Eden: 2408448K(2408448K)->0K(2408448K) From: 160080K(190464K)->162928K(188928K)
[5704.690s][info][gc,heap        ] GC(1781) ParOldGen: 3068230K(3068416K)->3170086K(3170304K)
[5704.690s][info][gc,metaspace   ] GC(1781) Metaspace: 29099K(29376K)->29099K(29376K) NonClass: 25996K(26112K)->25996K(26112K) Class: 3102K(3264K)->3102K(3264K)
[5704.691s][info][gc             ] GC(1781) Pause Young (Allocation Failure) 5504M->3254M(5632M) 99.875ms
[5704.691s][info][gc,cpu         ] GC(1781) User=0.56s Sys=0.03s Real=0.10s
..[5706.230s][info][gc,start       ] GC(1782) Pause Young (Allocation Failure)
[5706.324s][info][gc,heap        ] GC(1782) PSYoungGen: 2571376K(2597376K)->144608K(2604544K) Eden: 2408448K(2408448K)->0K(2417152K) From: 162928K(188928K)->144608K(187392K)
[5706.324s][info][gc,heap        ] GC(1782) ParOldGen: 3170086K(3170304K)->3275230K(3275264K)
[5706.324s][info][gc,metaspace   ] GC(1782) Metaspace: 29099K(29376K)->29099K(29376K) NonClass: 25996K(26112K)->25996K(26112K) Class: 3102K(3264K)->3102K(3264K)
[5706.324s][info][gc             ] GC(1782) Pause Young (Allocation Failure) 5606M->3339M(5742M) 94.098ms
[5706.324s][info][gc,cpu         ] GC(1782) User=0.53s Sys=0.03s Real=0.09s
..[5708.018s][info][gc,start       ] GC(1783) Pause Young (Allocation Failure)
[5708.121s][info][gc,heap        ] GC(1783) PSYoungGen: 2561760K(2604544K)->169216K(2604032K) Eden: 2417152K(2417152K)->0K(2417152K) From: 144608K(187392K)->169216K(186880K)
[5708.121s][info][gc,heap        ] GC(1783) ParOldGen: 3275230K(3275264K)->3378246K(3378688K)
[5708.121s][info][gc,metaspace   ] GC(1783) Metaspace: 29099K(29376K)->29099K(29376K) NonClass: 25996K(26112K)->25996K(26112K) Class: 3102K(3264K)->3102K(3264K)
[5708.121s][info][gc             ] GC(1783) Pause Young (Allocation Failure) 5700M->3464M(5842M) 102.660ms
[5708.121s][info][gc,cpu         ] GC(1783) User=0.58s Sys=0.03s Real=0.10s
..[5709.763s][info][gc,start       ] GC(1784) Pause Young (Allocation Failure)
[5709.867s][info][gc,heap        ] GC(1784) PSYoungGen: 2586368K(2604032K)->168728K(2605568K) Eden: 2417152K(2417152K)->0K(2417152K) From: 169216K(186880K)->168728K(188416K)
[5709.867s][info][gc,heap        ] GC(1784) ParOldGen: 3378246K(3378688K)->3480270K(3480576K)
[5709.867s][info][gc,metaspace   ] GC(1784) Metaspace: 29099K(29376K)->29099K(29376K) NonClass: 25996K(26112K)->25996K(26112K) Class: 3102K(3264K)->3102K(3264K)
[5709.867s][info][gc             ] GC(1784) Pause Young (Allocation Failure) 5824M->3563M(5943M) 103.199ms
[5709.867s][info][gc,cpu         ] GC(1784) User=0.58s Sys=0.04s Real=0.11s
.[5711.511s][info][gc,start       ] GC(1785) Pause Young (Allocation Failure)
[5711.606s][info][gc,heap        ] GC(1785) PSYoungGen: 2585880K(2605568K)->145440K(2606592K) Eden: 2417152K(2417152K)->0K(2417152K) From: 168728K(188416K)->145440K(189440K)
[5711.606s][info][gc,heap        ] GC(1785) ParOldGen: 3480270K(3480576K)->3586518K(3586560K)
[5711.606s][info][gc,metaspace   ] GC(1785) Metaspace: 29099K(29376K)->29099K(29376K) NonClass: 25996K(26112K)->25996K(26112K) Class: 3102K(3264K)->3102K(3264K)
[5711.606s][info][gc             ] GC(1785) Pause Young (Allocation Failure) 5923M->3644M(6048M) 95.273ms
[5711.606s][info][gc,cpu         ] GC(1785) User=0.53s Sys=0.03s Real=0.10s
..[5713.177s][info][gc,start       ] GC(1786) Pause Young (Allocation Failure)
[5713.271s][info][gc,heap        ] GC(1786) PSYoungGen: 2562592K(2606592K)->141504K(2605056K) Eden: 2417152K(2417152K)->0K(2417664K) From: 145440K(189440K)->141504K(187392K)
[5713.271s][info][gc,heap        ] GC(1786) ParOldGen: 3586518K(3586560K)->3688678K(3688960K)
[5713.271s][info][gc,metaspace   ] GC(1786) Metaspace: 29099K(29376K)->29099K(29376K) NonClass: 25996K(26112K)->25996K(26112K) Class: 3102K(3264K)->3102K(3264K)
[5713.271s][info][gc             ] GC(1786) Pause Young (Allocation Failure) 6004M->3740M(6146M) 93.278ms
[5713.271s][info][gc,cpu         ] GC(1786) User=0.53s Sys=0.02s Real=0.09s
..[5714.921s][info][gc,start       ] GC(1787) Pause Young (Allocation Failure)
[5715.019s][info][gc,heap        ] GC(1787) PSYoungGen: 2559168K(2605056K)->156416K(2574336K) Eden: 2417664K(2417664K)->0K(2417664K) From: 141504K(187392K)->156416K(156672K)
[5715.019s][info][gc,heap        ] GC(1787) ParOldGen: 3688678K(3688960K)->3789542K(3789824K)
[5715.019s][info][gc,metaspace   ] GC(1787) Metaspace: 29099K(29376K)->29099K(29376K) NonClass: 25996K(26112K)->25996K(26112K) Class: 3102K(3264K)->3102K(3264K)
[5715.019s][info][gc             ] GC(1787) Pause Young (Allocation Failure) 6101M->3853M(6215M) 97.530ms
[5715.019s][info][gc,cpu         ] GC(1787) User=0.54s Sys=0.04s Real=0.10s
.[5716.685s][info][gc,start       ] GC(1788) Pause Young (Allocation Failure)
[5716.781s][info][gc,heap        ] GC(1788) PSYoungGen: 2574080K(2574336K)->151200K(2607616K) Eden: 2417664K(2417664K)->0K(2422272K) From: 156416K(156672K)->151200K(185344K)
[5716.781s][info][gc,heap        ] GC(1788) ParOldGen: 3789542K(3789824K)->3893574K(3893760K)
[5716.782s][info][gc,metaspace   ] GC(1788) Metaspace: 29099K(29376K)->29099K(29376K) NonClass: 25996K(26112K)->25996K(26112K) Class: 3102K(3264K)->3102K(3264K)
[5716.782s][info][gc             ] GC(1788) Pause Young (Allocation Failure) 6214M->3949M(6349M) 96.805ms
[5716.782s][info][gc,cpu         ] GC(1788) User=0.54s Sys=0.03s Real=0.09s
..[5718.423s][info][gc,start       ] GC(1789) Pause Young (Allocation Failure)
[5718.521s][info][gc,heap        ] GC(1789) PSYoungGen: 2573472K(2607616K)->150002K(2605568K) Eden: 2422272K(2422272K)->0K(2422272K) From: 151200K(185344K)->150002K(183296K)
[5718.521s][info][gc,heap        ] GC(1789) ParOldGen: 3893574K(3893760K)->3997326K(3997696K)
[5718.521s][info][gc,metaspace   ] GC(1789) Metaspace: 29099K(29376K)->29099K(29376K) NonClass: 25996K(26112K)->25996K(26112K) Class: 3102K(3264K)->3102K(3264K)
[5718.521s][info][gc             ] GC(1789) Pause Young (Allocation Failure) 6315M->4050M(6448M) 97.380ms
[5718.521s][info][gc,cpu         ] GC(1789) User=0.55s Sys=0.03s Real=0.10s
..[5720.154s][info][gc,start       ] GC(1790) Pause Young (Allocation Failure)
[5720.255s][info][gc,heap        ] GC(1790) PSYoungGen: 2572274K(2605568K)->163268K(2608640K) Eden: 2422272K(2422272K)->0K(2426880K) From: 150002K(183296K)->163268K(181760K)
[5720.255s][info][gc,heap        ] GC(1790) ParOldGen: 3997326K(3997696K)->4100454K(4100608K)
[5720.255s][info][gc,metaspace   ] GC(1790) Metaspace: 29099K(29376K)->29099K(29376K) NonClass: 25996K(26112K)->25996K(26112K) Class: 3102K(3264K)->3102K(3264K)
[5720.255s][info][gc             ] GC(1790) Pause Young (Allocation Failure) 6415M->4163M(6552M) 101.307ms
[5720.255s][info][gc,cpu         ] GC(1790) User=0.57s Sys=0.02s Real=0.11s
..[5721.863s][info][gc,start       ] GC(1791) Pause Young (Allocation Failure)
[5721.965s][info][gc,heap        ] GC(1791) PSYoungGen: 2590148K(2608640K)->167200K(2609152K) Eden: 2426880K(2426880K)->0K(2426880K) From: 163268K(181760K)->167200K(182272K)
[5721.965s][info][gc,heap        ] GC(1791) ParOldGen: 4100454K(4100608K)->4202878K(4203008K)
[5721.965s][info][gc,metaspace   ] GC(1791) Metaspace: 29099K(29376K)->29099K(29376K) NonClass: 25996K(26112K)->25996K(26112K) Class: 3102K(3264K)->3102K(3264K)
[5721.965s][info][gc             ] GC(1791) Pause Young (Allocation Failure) 6533M->4267M(6652M) 102.462ms
[5721.965s][info][gc,cpu         ] GC(1791) User=0.58s Sys=0.03s Real=0.11s
.[5723.587s][info][gc,start       ] GC(1792) Pause Young (Allocation Failure)
[5723.688s][info][gc,heap        ] GC(1792) PSYoungGen: 2594080K(2609152K)->153909K(2611200K) Eden: 2426880K(2426880K)->0K(2429952K) From: 167200K(182272K)->153909K(181248K)
[5723.688s][info][gc,heap        ] GC(1792) ParOldGen: 4202878K(4203008K)->4310774K(4311040K)
[5723.688s][info][gc,metaspace   ] GC(1792) Metaspace: 29099K(29376K)->29099K(29376K) NonClass: 25996K(26112K)->25996K(26112K) Class: 3102K(3264K)->3102K(3264K)
[5723.688s][info][gc             ] GC(1792) Pause Young (Allocation Failure) 6637M->4360M(6760M) 100.858ms
[5723.688s][info][gc,cpu         ] GC(1792) User=0.56s Sys=0.03s Real=0.10s
..[5725.278s][info][gc,start       ] GC(1793) Pause Young (Allocation Failure)
[5725.373s][info][gc,heap        ] GC(1793) PSYoungGen: 2583861K(2611200K)->148960K(2611712K) Eden: 2429952K(2429952K)->0K(2429952K) From: 153909K(181248K)->148960K(181760K)
[5725.373s][info][gc,heap        ] GC(1793) ParOldGen: 4310774K(4311040K)->4412582K(4412928K)
[5725.373s][info][gc,metaspace   ] GC(1793) Metaspace: 29099K(29376K)->29099K(29376K) NonClass: 25996K(26112K)->25996K(26112K) Class: 3102K(3264K)->3102K(3264K)
[5725.373s][info][gc             ] GC(1793) Pause Young (Allocation Failure) 6733M->4454M(6860M) 95.478ms
[5725.373s][info][gc,cpu         ] GC(1793) User=0.53s Sys=0.03s Real=0.09s
..[5727.059s][info][gc,start       ] GC(1794) Pause Young (Allocation Failure)
[5727.161s][info][gc,heap        ] GC(1794) PSYoungGen: 2578912K(2611712K)->166612K(2612736K) Eden: 2429952K(2429952K)->0K(2432000K) From: 148960K(181760K)->166612K(180736K)
[5727.161s][info][gc,heap        ] GC(1794) ParOldGen: 4412582K(4412928K)->4516798K(4516864K)
[5727.161s][info][gc,metaspace   ] GC(1794) Metaspace: 29099K(29376K)->29099K(29376K) NonClass: 25996K(26112K)->25996K(26112K) Class: 3102K(3264K)->3102K(3264K)
[5727.161s][info][gc             ] GC(1794) Pause Young (Allocation Failure) 6827M->4573M(6962M) 102.534ms
[5727.161s][info][gc,cpu         ] GC(1794) User=0.58s Sys=0.03s Real=0.10s
.[5728.772s][info][gc,start       ] GC(1795) Pause Young (Allocation Failure)
[5728.876s][info][gc,heap        ] GC(1795) PSYoungGen: 2598612K(2612736K)->161462K(2613760K) Eden: 2432000K(2432000K)->0K(2432000K) From: 166612K(180736K)->161462K(181760K)
[5728.876s][info][gc,heap        ] GC(1795) ParOldGen: 4516798K(4516864K)->4621126K(4621312K)
[5728.876s][info][gc,metaspace   ] GC(1795) Metaspace: 29099K(29376K)->29099K(29376K) NonClass: 25996K(26112K)->25996K(26112K) Class: 3102K(3264K)->3102K(3264K)
[5728.876s][info][gc             ] GC(1795) Pause Young (Allocation Failure) 6948M->4670M(7065M) 103.833ms
[5728.876s][info][gc,cpu         ] GC(1795) User=0.58s Sys=0.03s Real=0.11s
.. (rIR:aIR:PR = 9824:9806:9806) (tPR = 145795) [OK] 
  5729s: Performance info:
         Transaction,    Success,    Partial,     Failed,   Receipts, AvgBarcode, 
             Overall,     592700,          0,          0,     563111,      59.47, 
         Response times:
             Request,    Success,    Partial,     Failed,   SkipFail,     Probes,    Samples,      min,      p50,      p90,      p95,      p99,      max, 
       TotalPurchase,     563111,          0,          0,          0,     349110,     426136,      300,     7000,    62000,   108000,   298000,  1100000,
     InStorePurchase,     296846,          0,          0,          0,     183616,     224054,      300,     7000,    63000,   110000,   298000,  1100000,
      OnlinePurchase,     207663,          0,          0,          0,     128846,     157344,      300,     7100,    62000,   107000,   297000,  1100000,
        InstPurchase,      58602,          0,          0,          0,      36648,      44738,      400,     6900,    61000,   108000,   290000,  1100000,
          AssocOfCat,        594,          0,          0,          0,        474,        656,    25000,    47000,   118300,   157300,   420460,   497000,
      AssocOfProduct,       5935,          0,          0,          0,       4215,       5367,      600,     6600,    59000,    97000,   311640,   459000,
      BusinessReport,       1494,          0,          0,          0,       1282,       1668,    31000,    58000,   135100,   166000,   325240,   597000,
          CustBuyBeh,       5873,          0,          0,          0,       4280,       5417,      200,     5900,    58000,   102100,   271000,  1100000,
       ProductReturn,      15693,          0,          0,          0,       9000,      11029,      200,     5700,    54000,    94500,   248000,   990000,

  5729s: (72%)   IR =   9963 [5730.471s][info][gc,start       ] GC(1796) Pause Young (Allocation Failure)
[5730.568s][info][gc,heap        ] GC(1796) PSYoungGen: 2593462K(2613760K)->148032K(2611712K) Eden: 2432000K(2432000K)->0K(2433024K) From: 161462K(181760K)->148032K(178688K)
[5730.568s][info][gc,heap        ] GC(1796) ParOldGen: 4621126K(4621312K)->4726654K(4726784K)
[5730.568s][info][gc,metaspace   ] GC(1796) Metaspace: 29099K(29376K)->29099K(29376K) NonClass: 25996K(26112K)->25996K(26112K) Class: 3102K(3264K)->3102K(3264K)
[5730.568s][info][gc             ] GC(1796) Pause Young (Allocation Failure) 7045M->4760M(7166M) 96.933ms
[5730.568s][info][gc,cpu         ] GC(1796) User=0.53s Sys=0.04s Real=0.10s
..[5732.166s][info][gc,start       ] GC(1797) Pause Young (Allocation Failure)
[5732.275s][info][gc,heap        ] GC(1797) PSYoungGen: 2581056K(2611712K)->180222K(2613248K) Eden: 2433024K(2433024K)->0K(2433024K) From: 148032K(178688K)->180222K(180224K)
[5732.275s][info][gc,heap        ] GC(1797) ParOldGen: 4726654K(4726784K)->4830270K(4830720K)
[5732.275s][info][gc,metaspace   ] GC(1797) Metaspace: 29099K(29376K)->29099K(29376K) NonClass: 25996K(26112K)->25996K(26112K) Class: 3102K(3264K)->3102K(3264K)
[5732.275s][info][gc             ] GC(1797) Pause Young (Allocation Failure) 7136M->4893M(7269M) 108.921ms
[5732.275s][info][gc,cpu         ] GC(1797) User=0.61s Sys=0.03s Real=0.11s
.[5733.774s][info][gc,start       ] GC(1798) Pause Young (Allocation Failure)
[5733.874s][info][gc,heap        ] GC(1798) PSYoungGen: 2613246K(2613248K)->155392K(2535424K) Eden: 2433024K(2433024K)->0K(2352640K) From: 180222K(180224K)->155392K(182784K)
[5733.874s][info][gc,heap        ] GC(1798) ParOldGen: 4830270K(4830720K)->4935678K(4935680K)
[5733.874s][info][gc,metaspace   ] GC(1798) Metaspace: 29099K(29376K)->29099K(29376K) NonClass: 25996K(26112K)->25996K(26112K) Class: 3102K(3264K)->3102K(3264K)
[5733.874s][info][gc             ] GC(1798) Pause Young (Allocation Failure) 7269M->4971M(7296M) 99.952ms
[5733.874s][info][gc,cpu         ] GC(1798) User=0.56s Sys=0.03s Real=0.10s
..[5735.478s][info][gc,start       ] GC(1799) Pause Young (Allocation Failure)
[5735.578s][info][gc,heap        ] GC(1799) PSYoungGen: 2508032K(2535424K)->153013K(2574336K) Eden: 2352640K(2352640K)->0K(2352640K) From: 155392K(182784K)->153013K(221696K)
[5735.578s][info][gc,heap        ] GC(1799) ParOldGen: 4935678K(4935680K)->5040950K(5041152K)
[5735.578s][info][gc,metaspace   ] GC(1799) Metaspace: 29099K(29376K)->29099K(29376K) NonClass: 25996K(26112K)->25996K(26112K) Class: 3102K(3264K)->3102K(3264K)
[5735.578s][info][gc             ] GC(1799) Pause Young (Allocation Failure) 7269M->5072M(7437M) 100.772ms
[5735.578s][info][gc,cpu         ] GC(1799) User=0.57s Sys=0.03s Real=0.10s
..[5737.128s][info][gc,start       ] GC(1800) Pause Young (Allocation Failure)
[5737.228s][info][gc,heap        ] GC(1800) PSYoungGen: 2505653K(2574336K)->165728K(2561536K) Eden: 2352640K(2352640K)->0K(2355200K) From: 153013K(221696K)->165728K(206336K)
[5737.228s][info][gc,heap        ] GC(1800) ParOldGen: 5040950K(5041152K)->5138902K(5138944K)
[5737.228s][info][gc,metaspace   ] GC(1800) Metaspace: 29099K(29376K)->29099K(29376K) NonClass: 25996K(26112K)->25996K(26112K) Class: 3102K(3264K)->3102K(3264K)
[5737.228s][info][gc             ] GC(1800) Pause Young (Allocation Failure) 7369M->5180M(7520M) 100.627ms
[5737.228s][info][gc,cpu         ] GC(1800) User=0.57s Sys=0.02s Real=0.10s
.[5738.694s][info][gc,start       ] GC(1801) Pause Young (Allocation Failure)
[5738.795s][info][gc,heap        ] GC(1801) PSYoungGen: 2520928K(2561536K)->158192K(2569216K) Eden: 2355200K(2355200K)->0K(2355200K) From: 165728K(206336K)->158192K(214016K)
[5738.795s][info][gc,heap        ] GC(1801) ParOldGen: 5138902K(5138944K)->5244886K(5244928K)
[5738.795s][info][gc,metaspace   ] GC(1801) Metaspace: 29099K(29376K)->29099K(29376K) NonClass: 25996K(26112K)->25996K(26112K) Class: 3102K(3264K)->3102K(3264K)
[5738.795s][info][gc             ] GC(1801) Pause Young (Allocation Failure) 7480M->5276M(7631M) 101.272ms
[5738.795s][info][gc,cpu         ] GC(1801) User=0.56s Sys=0.03s Real=0.11s
..[5740.345s][info][gc,start       ] GC(1802) Pause Young (Allocation Failure)
[5740.445s][info][gc,heap        ] GC(1802) PSYoungGen: 2513392K(2569216K)->155125K(2572800K) Eden: 2355200K(2355200K)->0K(2371072K) From: 158192K(214016K)->155125K(201728K)
[5740.445s][info][gc,heap        ] GC(1802) ParOldGen: 5244886K(5244928K)->5344894K(5345280K)
[5740.445s][info][gc,metaspace   ] GC(1802) Metaspace: 29099K(29376K)->29099K(29376K) NonClass: 25996K(26112K)->25996K(26112K) Class: 3102K(3264K)->3102K(3264K)
[5740.445s][info][gc             ] GC(1802) Pause Young (Allocation Failure) 7576M->5371M(7732M) 100.125ms
[5740.445s][info][gc,cpu         ] GC(1802) User=0.56s Sys=0.03s Real=0.10s
.[5741.993s][info][gc,start       ] GC(1803) Pause Young (Allocation Failure)
[5742.097s][info][gc,heap        ] GC(1803) PSYoungGen: 2526197K(2572800K)->163301K(2578944K) Eden: 2371072K(2371072K)->0K(2371072K) From: 155125K(201728K)->163301K(207872K)
[5742.097s][info][gc,heap        ] GC(1803) ParOldGen: 5344894K(5345280K)->5449470K(5449728K)
[5742.097s][info][gc,metaspace   ] GC(1803) Metaspace: 29099K(29376K)->29099K(29376K) NonClass: 25996K(26112K)->25996K(26112K) Class: 3102K(3264K)->3102K(3264K)
[5742.097s][info][gc             ] GC(1803) Pause Young (Allocation Failure) 7686M->5481M(7840M) 103.846ms
[5742.097s][info][gc,cpu         ] GC(1803) User=0.58s Sys=0.04s Real=0.11s
..[5743.744s][info][gc,start       ] GC(1804) Pause Young (Allocation Failure)
[5743.851s][info][gc,heap        ] GC(1804) PSYoungGen: 2534373K(2578944K)->170202K(2583040K) Eden: 2371072K(2371072K)->0K(2384384K) From: 163301K(207872K)->170202K(198656K)
[5743.851s][info][gc,heap        ] GC(1804) ParOldGen: 5449470K(5449728K)->5552758K(5553152K)
[5743.851s][info][gc,metaspace   ] GC(1804) Metaspace: 29099K(29376K)->29099K(29376K) NonClass: 25996K(26112K)->25996K(26112K) Class: 3102K(3264K)->3102K(3264K)
[5743.851s][info][gc             ] GC(1804) Pause Young (Allocation Failure) 7796M->5588M(7945M) 106.576ms
[5743.851s][info][gc,cpu         ] GC(1804) User=0.60s Sys=0.04s Real=0.10s
.|.[5745.440s][info][gc,start       ] GC(1805) Pause Full (Allocation Failure)
[5745.440s][info][gc,phases,start] GC(1805) Marking Phase
[5745.760s][info][gc,phases      ] GC(1805) Marking Phase 320.229ms
[5745.760s][info][gc,phases,start] GC(1805) Summary Phase
[5745.760s][info][gc,phases      ] GC(1805) Summary Phase 0.098ms
[5745.760s][info][gc,phases,start] GC(1805) Forward
[5745.898s][info][gc,phases      ] GC(1805) Forward 138.362ms
[5745.898s][info][gc,phases,start] GC(1805) Adjust Pointers
[5746.113s][info][gc,phases      ] GC(1805) Adjust Pointers 214.457ms
[5746.113s][info][gc,phases,start] GC(1805) Compaction Phase
[5746.263s][info][gc,phases      ] GC(1805) Compaction Phase 149.785ms
[5746.265s][info][gc,phases,start] GC(1805) Post Compact
[5746.272s][info][gc,phases      ] GC(1805) Post Compact 6.978ms
[5746.394s][info][gc,heap        ] GC(1805) PSYoungGen: 2554586K(2583040K)->0K(2586624K) Eden: 2384384K(2384384K)->0K(2384384K) From: 170202K(198656K)->0K(202240K)
[5746.394s][info][gc,heap        ] GC(1805) ParOldGen: 5552758K(5553152K)->1628210K(2021888K)
[5746.394s][info][gc,metaspace   ] GC(1805) Metaspace: 29099K(29376K)->29099K(29376K) NonClass: 25996K(26112K)->25996K(26112K) Class: 3102K(3264K)->3102K(3264K)
[5746.394s][info][gc             ] GC(1805) Pause Full (Allocation Failure) 7917M->1590M(4500M) 954.710ms
[5746.394s][info][gc,cpu         ] GC(1805) User=4.45s Sys=0.12s Real=0.96s
..[5747.616s][info][gc,start       ] GC(1806) Pause Young (Allocation Failure)
[5747.680s][info][gc,heap        ] GC(1806) PSYoungGen: 2384384K(2586624K)->151904K(2590720K) Eden: 2384384K(2384384K)->0K(2391552K) From: 0K(202240K)->151904K(199168K)
[5747.680s][info][gc,heap        ] GC(1806) ParOldGen: 1628210K(2021888K)->1628210K(2021888K)
[5747.680s][info][gc,metaspace   ] GC(1806) Metaspace: 29099K(29376K)->29099K(29376K) NonClass: 25996K(26112K)->25996K(26112K) Class: 3102K(3264K)->3102K(3264K)
[5747.680s][info][gc             ] GC(1806) Pause Young (Allocation Failure) 3918M->1738M(4504M) 63.357ms
[5747.680s][info][gc,cpu         ] GC(1806) User=0.37s Sys=0.00s Real=0.06s
.[5748.972s][info][gc,start       ] GC(1807) Pause Young (Allocation Failure)
[5749.070s][info][gc,heap        ] GC(1807) PSYoungGen: 2543456K(2590720K)->166752K(2592256K) Eden: 2391552K(2391552K)->0K(2391552K) From: 151904K(199168K)->166752K(200704K)
[5749.070s][info][gc,heap        ] GC(1807) ParOldGen: 1628210K(2021888K)->1732890K(2021888K)
[5749.070s][info][gc,metaspace   ] GC(1807) Metaspace: 29099K(29376K)->29099K(29376K) NonClass: 25996K(26112K)->25996K(26112K) Class: 3102K(3264K)->3102K(3264K)
[5749.070s][info][gc             ] GC(1807) Pause Young (Allocation Failure) 4073M->1855M(4506M) 98.369ms
[5749.070s][info][gc,cpu         ] GC(1807) User=0.58s Sys=0.00s Real=0.10s
.[5750.534s][info][gc,start       ] GC(1808) Pause Young (Allocation Failure)
[5750.628s][info][gc,heap        ] GC(1808) PSYoungGen: 2558304K(2592256K)->159492K(2591232K) Eden: 2391552K(2391552K)->0K(2397184K) From: 166752K(200704K)->159492K(194048K)
[5750.628s][info][gc,heap        ] GC(1808) ParOldGen: 1732890K(2021888K)->1834682K(2021888K)
[5750.628s][info][gc,metaspace   ] GC(1808) Metaspace: 29099K(29376K)->29099K(29376K) NonClass: 25996K(26112K)->25996K(26112K) Class: 3102K(3264K)->3102K(3264K)
[5750.628s][info][gc             ] GC(1808) Pause Young (Allocation Failure) 4190M->1947M(4505M) 94.655ms
[5750.628s][info][gc,cpu         ] GC(1808) User=0.56s Sys=0.00s Real=0.10s
..[5752.199s][info][gc,start       ] GC(1809) Pause Young (Allocation Failure)
[5752.287s][info][gc,heap        ] GC(1809) PSYoungGen: 2556676K(2591232K)->142400K(2592768K) Eden: 2397184K(2397184K)->0K(2397184K) From: 159492K(194048K)->142400K(195584K)
[5752.287s][info][gc,heap        ] GC(1809) ParOldGen: 1834682K(2021888K)->1938778K(2021888K)
[5752.287s][info][gc,metaspace   ] GC(1809) Metaspace: 29099K(29376K)->29099K(29376K) NonClass: 25996K(26112K)->25996K(26112K) Class: 3102K(3264K)->3102K(3264K)
[5752.287s][info][gc             ] GC(1809) Pause Young (Allocation Failure) 4288M->2032M(4506M) 88.391ms
[5752.287s][info][gc,cpu         ] GC(1809) User=0.52s Sys=0.00s Real=0.09s
..[5754.016s][info][gc,start       ] GC(1810) Pause Young (Allocation Failure)
[5754.116s][info][gc,heap        ] GC(1810) PSYoungGen: 2539584K(2592768K)->170788K(2599936K) Eden: 2397184K(2397184K)->0K(2403840K) From: 142400K(195584K)->170788K(196096K)
[5754.116s][info][gc,heap        ] GC(1810) ParOldGen: 1938778K(2021888K)->2041314K(2041344K)
[5754.116s][info][gc,metaspace   ] GC(1810) Metaspace: 29099K(29376K)->29099K(29376K) NonClass: 25996K(26112K)->25996K(26112K) Class: 3102K(3264K)->3102K(3264K)
[5754.116s][info][gc             ] GC(1810) Pause Young (Allocation Failure) 4373M->2160M(4532M) 99.853ms
[5754.116s][info][gc,cpu         ] GC(1810) User=0.59s Sys=0.00s Real=0.10s
.[5755.633s][info][gc,start       ] GC(1811) Pause Young (Allocation Failure)
[5755.734s][info][gc,heap        ] GC(1811) PSYoungGen: 2574628K(2599936K)->154900K(2558976K) Eden: 2403840K(2403840K)->0K(2403840K) From: 170788K(196096K)->154900K(155136K)
[5755.734s][info][gc,heap        ] GC(1811) ParOldGen: 2041314K(2041344K)->2145458K(2145792K)
[5755.734s][info][gc,metaspace   ] GC(1811) Metaspace: 29099K(29376K)->29099K(29376K) NonClass: 25996K(26112K)->25996K(26112K) Class: 3102K(3264K)->3102K(3264K)
[5755.734s][info][gc             ] GC(1811) Pause Young (Allocation Failure) 4507M->2246M(4594M) 100.980ms
[5755.734s][info][gc,cpu         ] GC(1811) User=0.57s Sys=0.03s Real=0.10s
..[5757.345s][info][gc,start       ] GC(1812) Pause Young (Allocation Failure)
[5757.447s][info][gc,heap        ] GC(1812) PSYoungGen: 2558740K(2558976K)->151552K(2599424K) Eden: 2403840K(2403840K)->0K(2405376K) From: 154900K(155136K)->151552K(194048K)
[5757.447s][info][gc,heap        ] GC(1812) ParOldGen: 2145458K(2145792K)->2246282K(2246656K)
[5757.447s][info][gc,metaspace   ] GC(1812) Metaspace: 29099K(29376K)->29099K(29376K) NonClass: 25996K(26112K)->25996K(26112K) Class: 3102K(3264K)->3102K(3264K)
[5757.447s][info][gc             ] GC(1812) Pause Young (Allocation Failure) 4593M->2341M(4732M) 101.435ms
[5757.447s][info][gc,cpu         ] GC(1812) User=0.57s Sys=0.02s Real=0.10s
..[5759.106s][info][gc,start       ] GC(1813) Pause Young (Allocation Failure)
[5759.207s][info][gc,heap        ] GC(1813) PSYoungGen: 2556928K(2599424K)->164512K(2597888K) Eden: 2405376K(2405376K)->0K(2405376K) From: 151552K(194048K)->164512K(192512K)
[5759.207s][info][gc,heap        ] GC(1813) ParOldGen: 2246282K(2246656K)->2348346K(2348544K)
[5759.207s][info][gc,metaspace   ] GC(1813) Metaspace: 29099K(29376K)->29099K(29376K) NonClass: 25996K(26112K)->25996K(26112K) Class: 3102K(3264K)->3102K(3264K)
[5759.207s][info][gc             ] GC(1813) Pause Young (Allocation Failure) 4690M->2453M(4830M) 100.608ms
[5759.207s][info][gc,cpu         ] GC(1813) User=0.56s Sys=0.04s Real=0.10s
.[5760.769s][info][gc,start       ] GC(1814) Pause Young (Allocation Failure)
[5760.867s][info][gc,heap        ] GC(1814) PSYoungGen: 2569888K(2597888K)->152224K(2600960K) Eden: 2405376K(2405376K)->0K(2410496K) From: 164512K(192512K)->152224K(190464K)
[5760.867s][info][gc,heap        ] GC(1814) ParOldGen: 2348346K(2348544K)->2458714K(2459136K)
[5760.867s][info][gc,metaspace   ] GC(1814) Metaspace: 29099K(29376K)->29099K(29376K) NonClass: 25996K(26112K)->25996K(26112K) Class: 3102K(3264K)->3102K(3264K)
[5760.867s][info][gc             ] GC(1814) Pause Young (Allocation Failure) 4802M->2549M(4941M) 97.527ms
[5760.867s][info][gc,cpu         ] GC(1814) User=0.54s Sys=0.04s Real=0.10s
..[5762.489s][info][gc,start       ] GC(1815) Pause Young (Allocation Failure)
[5762.584s][info][gc,heap        ] GC(1815) PSYoungGen: 2562720K(2600960K)->149504K(2599936K) Eden: 2410496K(2410496K)->0K(2410496K) From: 152224K(190464K)->149504K(189440K)
[5762.584s][info][gc,heap        ] GC(1815) ParOldGen: 2458714K(2459136K)->2558274K(2558464K)
[5762.584s][info][gc,metaspace   ] GC(1815) Metaspace: 29099K(29376K)->29099K(29376K) NonClass: 25996K(26112K)->25996K(26112K) Class: 3102K(3264K)->3102K(3264K)
[5762.584s][info][gc             ] GC(1815) Pause Young (Allocation Failure) 4903M->2644M(5037M) 94.836ms
[5762.584s][info][gc,cpu         ] GC(1815) User=0.54s Sys=0.03s Real=0.09s
..[5764.264s][info][gc,start       ] GC(1816) Pause Young (Allocation Failure)
[5764.362s][info][gc,heap        ] GC(1816) PSYoungGen: 2560000K(2599936K)->154452K(2603520K) Eden: 2410496K(2410496K)->0K(2418176K) From: 149504K(189440K)->154452K(185344K)
[5764.362s][info][gc,heap        ] GC(1816) ParOldGen: 2558274K(2558464K)->2661362K(2661376K)
[5764.362s][info][gc,metaspace   ] GC(1816) Metaspace: 29099K(29376K)->29099K(29376K) NonClass: 25996K(26112K)->25996K(26112K) Class: 3102K(3264K)->3102K(3264K)
[5764.362s][info][gc             ] GC(1816) Pause Young (Allocation Failure) 4998M->2749M(5141M) 98.246ms
[5764.362s][info][gc,cpu         ] GC(1816) User=0.54s Sys=0.03s Real=0.10s
..[5766.009s][info][gc,start       ] GC(1817) Pause Young (Allocation Failure)
[5766.123s][info][gc,heap        ] GC(1817) PSYoungGen: 2572628K(2603520K)->167648K(2604032K) Eden: 2418176K(2418176K)->0K(2418176K) From: 154452K(185344K)->167648K(185856K)
[5766.123s][info][gc,heap        ] GC(1817) ParOldGen: 2661362K(2661376K)->2764258K(2764288K)
[5766.123s][info][gc,metaspace   ] GC(1817) Metaspace: 29099K(29376K)->29099K(29376K) NonClass: 25996K(26112K)->25996K(26112K) Class: 3102K(3264K)->3102K(3264K)
[5766.123s][info][gc             ] GC(1817) Pause Young (Allocation Failure) 5111M->2863M(5242M) 113.515ms
[5766.123s][info][gc,cpu         ] GC(1817) User=0.64s Sys=0.02s Real=0.11s
[5766.179s][info][gc,start       ] GC(1818) Pause Full (Diagnostic Command)
[5766.179s][info][gc,phases,start] GC(1818) Marking Phase
[5766.479s][info][gc,phases      ] GC(1818) Marking Phase 300.004ms
[5766.479s][info][gc,phases,start] GC(1818) Summary Phase
[5766.479s][info][gc,phases      ] GC(1818) Summary Phase 0.044ms
[5766.479s][info][gc,phases,start] GC(1818) Forward
[5766.681s][info][gc,phases      ] GC(1818) Forward 202.291ms
[5766.681s][info][gc,phases,start] GC(1818) Adjust Pointers
[5766.892s][info][gc,phases      ] GC(1818) Adjust Pointers 211.444ms
[5766.892s][info][gc,phases,start] GC(1818) Compaction Phase
[5767.068s][info][gc,phases      ] GC(1818) Compaction Phase 175.790ms
[5767.071s][info][gc,phases,start] GC(1818) Post Compact
[5767.074s][info][gc,phases      ] GC(1818) Post Compact 2.754ms
[5767.074s][info][gc,heap        ] GC(1818) PSYoungGen: 290120K(2604032K)->0K(2604032K) Eden: 122472K(2418176K)->0K(2418176K) From: 167648K(185856K)->0K(185856K)
[5767.074s][info][gc,heap        ] GC(1818) ParOldGen: 2764258K(2764288K)->1344757K(2764288K)
[5767.074s][info][gc,metaspace   ] GC(1818) Metaspace: 29099K(29376K)->29099K(29376K) NonClass: 25996K(26112K)->25996K(26112K) Class: 3102K(3264K)->3102K(3264K)
[5767.074s][info][gc             ] GC(1818) Pause Full (Diagnostic Command) 2982M->1313M(5242M) 895.234ms
[5767.074s][info][gc,cpu         ] GC(1818) User=4.63s Sys=0.00s Real=0.89s
..[5768.346s][info][gc,start       ] GC(1819) Pause Young (Allocation Failure)
[5768.413s][info][gc,heap        ] GC(1819) PSYoungGen: 2418176K(2604032K)->166167K(2609664K) Eden: 2418176K(2418176K)->0K(2422784K) From: 0K(185856K)->166167K(186880K)
[5768.413s][info][gc,heap        ] GC(1819) ParOldGen: 1344757K(2764288K)->1344757K(2764288K)
[5768.413s][info][gc,metaspace   ] GC(1819) Metaspace: 29099K(29376K)->29099K(29376K) NonClass: 25996K(26112K)->25996K(26112K) Class: 3102K(3264K)->3102K(3264K)
[5768.413s][info][gc             ] GC(1819) Pause Young (Allocation Failure) 3674M->1475M(5248M) 67.289ms
[5768.413s][info][gc,cpu         ] GC(1819) User=0.40s Sys=0.00s Real=0.06s
.[5769.664s][info][gc,start       ] GC(1820) Pause Young (Allocation Failure)
[5769.760s][info][gc,heap        ] GC(1820) PSYoungGen: 2588951K(2609664K)->164240K(2587136K) Eden: 2422784K(2422784K)->0K(2422784K) From: 166167K(186880K)->164240K(164352K)
[5769.760s][info][gc,heap        ] GC(1820) ParOldGen: 1344757K(2764288K)->1450560K(2764288K)
[5769.760s][info][gc,metaspace   ] GC(1820) Metaspace: 29099K(29376K)->29099K(29376K) NonClass: 25996K(26112K)->25996K(26112K) Class: 3102K(3264K)->3102K(3264K)
[5769.760s][info][gc             ] GC(1820) Pause Young (Allocation Failure) 3841M->1576M(5226M) 95.874ms
[5769.760s][info][gc,cpu         ] GC(1820) User=0.57s Sys=0.00s Real=0.10s
.[5771.134s][info][gc,start       ] GC(1821) Pause Young (Allocation Failure)
[5771.264s][info][gc,heap        ] GC(1821) PSYoungGen: 2587024K(2587136K)->163337K(2609664K) Eden: 2422784K(2422784K)->0K(2424320K) From: 164240K(164352K)->163337K(185344K)
[5771.265s][info][gc,heap        ] GC(1821) ParOldGen: 1450560K(2764288K)->1557072K(2764288K)
[5771.265s][info][gc,metaspace   ] GC(1821) Metaspace: 29099K(29376K)->29099K(29376K) NonClass: 25996K(26112K)->25996K(26112K) Class: 3102K(3264K)->3102K(3264K)
[5771.265s][info][gc             ] GC(1821) Pause Young (Allocation Failure) 3942M->1680M(5248M) 130.198ms
[5771.265s][info][gc,cpu         ] GC(1821) User=0.57s Sys=0.00s Real=0.14s
..[5772.934s][info][gc,start       ] GC(1822) Pause Young (Allocation Failure)
[5773.024s][info][gc,heap        ] GC(1822) PSYoungGen: 2587657K(2609664K)->155872K(2608128K) Eden: 2424320K(2424320K)->0K(2424320K) From: 163337K(185344K)->155872K(183808K)
[5773.024s][info][gc,heap        ] GC(1822) ParOldGen: 1557072K(2764288K)->1657040K(2764288K)
[5773.024s][info][gc,metaspace   ] GC(1822) Metaspace: 29099K(29376K)->29099K(29376K) NonClass: 25996K(26112K)->25996K(26112K) Class: 3102K(3264K)->3102K(3264K)
[5773.024s][info][gc             ] GC(1822) Pause Young (Allocation Failure) 4047M->1770M(5246M) 89.973ms
[5773.024s][info][gc,cpu         ] GC(1822) User=0.53s Sys=0.00s Real=0.09s
..[5774.616s][info][gc,start       ] GC(1823) Pause Young (Allocation Failure)
[5774.712s][info][gc,heap        ] GC(1823) PSYoungGen: 2580192K(2608128K)->160932K(2610688K) Eden: 2424320K(2424320K)->0K(2428416K) From: 155872K(183808K)->160932K(182272K)
[5774.712s][info][gc,heap        ] GC(1823) ParOldGen: 1657040K(2764288K)->1761248K(2764288K)
[5774.712s][info][gc,metaspace   ] GC(1823) Metaspace: 29099K(29376K)->29099K(29376K) NonClass: 25996K(26112K)->25996K(26112K) Class: 3102K(3264K)->3102K(3264K)
[5774.712s][info][gc             ] GC(1823) Pause Young (Allocation Failure) 4137M->1877M(5249M) 95.562ms
[5774.712s][info][gc,cpu         ] GC(1823) User=0.56s Sys=0.00s Real=0.09s
.[5776.307s][info][gc,start       ] GC(1824) Pause Young (Allocation Failure)
[5776.398s][info][gc,heap        ] GC(1824) PSYoungGen: 2589348K(2610688K)->147392K(2609152K) Eden: 2428416K(2428416K)->0K(2428416K) From: 160932K(182272K)->147392K(180736K)
[5776.398s][info][gc,heap        ] GC(1824) ParOldGen: 1761248K(2764288K)->1865768K(2764288K)
[5776.398s][info][gc,metaspace   ] GC(1824) Metaspace: 29099K(29376K)->29099K(29376K) NonClass: 25996K(26112K)->25996K(26112K) Class: 3102K(3264K)->3102K(3264K)
[5776.398s][info][gc             ] GC(1824) Pause Young (Allocation Failure) 4248M->1965M(5247M) 90.931ms
[5776.398s][info][gc,cpu         ] GC(1824) User=0.54s Sys=0.00s Real=0.09s
..[5778.011s][info][gc,start       ] GC(1825) Pause Young (Allocation Failure)
[5778.104s][info][gc,heap        ] GC(1825) PSYoungGen: 2575808K(2609152K)->159936K(2612736K) Eden: 2428416K(2428416K)->0K(2434560K) From: 147392K(180736K)->159936K(178176K)
[5778.104s][info][gc,heap        ] GC(1825) ParOldGen: 1865768K(2764288K)->1970704K(2764288K)
[5778.104s][info][gc,metaspace   ] GC(1825) Metaspace: 29099K(29376K)->29099K(29376K) NonClass: 25996K(26112K)->25996K(26112K) Class: 3102K(3264K)->3102K(3264K)
[5778.104s][info][gc             ] GC(1825) Pause Young (Allocation Failure) 4337M->2080M(5251M) 93.740ms
[5778.104s][info][gc,cpu         ] GC(1825) User=0.56s Sys=0.00s Real=0.10s
..[5779.676s][info][gc,start       ] GC(1826) Pause Young (Allocation Failure)
[5779.776s][info][gc,heap        ] GC(1826) PSYoungGen: 2594496K(2612736K)->170056K(2613248K) Eden: 2434560K(2434560K)->0K(2434560K) From: 159936K(178176K)->170056K(178688K)
[5779.776s][info][gc,heap        ] GC(1826) ParOldGen: 1970704K(2764288K)->2074824K(2764288K)
[5779.776s][info][gc,metaspace   ] GC(1826) Metaspace: 29099K(29376K)->29099K(29376K) NonClass: 25996K(26112K)->25996K(26112K) Class: 3102K(3264K)->3102K(3264K)
[5779.776s][info][gc             ] GC(1826) Pause Young (Allocation Failure) 4458M->2192M(5251M) 100.103ms
[5779.776s][info][gc,cpu         ] GC(1826) User=0.59s Sys=0.00s Real=0.10s
.[5781.386s][info][gc,start       ] GC(1827) Pause Young (Allocation Failure)
[5781.484s][info][gc,heap        ] GC(1827) PSYoungGen: 2604616K(2613248K)->164112K(2615808K) Eden: 2434560K(2434560K)->0K(2435072K) From: 170056K(178688K)->164112K(180736K)
[5781.484s][info][gc,heap        ] GC(1827) ParOldGen: 2074824K(2764288K)->2178616K(2764288K)
[5781.484s][info][gc,metaspace   ] GC(1827) Metaspace: 29099K(29376K)->29099K(29376K) NonClass: 25996K(26112K)->25996K(26112K) Class: 3102K(3264K)->3102K(3264K)
[5781.484s][info][gc             ] GC(1827) Pause Young (Allocation Failure) 4569M->2287M(5254M) 98.427ms
[5781.484s][info][gc,cpu         ] GC(1827) User=0.58s Sys=0.00s Real=0.10s
..[5783.110s][info][gc,start       ] GC(1828) Pause Young (Allocation Failure)
[5783.204s][info][gc,heap        ] GC(1828) PSYoungGen: 2599184K(2615808K)->161504K(2596864K) Eden: 2435072K(2435072K)->0K(2435072K) From: 164112K(180736K)->161504K(161792K)
[5783.204s][info][gc,heap        ] GC(1828) ParOldGen: 2178616K(2764288K)->2280616K(2764288K)
[5783.204s][info][gc,metaspace   ] GC(1828) Metaspace: 29099K(29376K)->29099K(29376K) NonClass: 25996K(26112K)->25996K(26112K) Class: 3102K(3264K)->3102K(3264K)
[5783.204s][info][gc             ] GC(1828) Pause Young (Allocation Failure) 4665M->2384M(5235M) 94.143ms
[5783.204s][info][gc,cpu         ] GC(1828) User=0.56s Sys=0.00s Real=0.09s
..[5784.797s][info][gc,start       ] GC(1829) Pause Young (Allocation Failure)
[5784.892s][info][gc,heap        ] GC(1829) PSYoungGen: 2596576K(2596864K)->158752K(2615296K) Eden: 2435072K(2435072K)->0K(2436608K) From: 161504K(161792K)->158752K(178688K)
[5784.892s][info][gc,heap        ] GC(1829) ParOldGen: 2280616K(2764288K)->2386000K(2764288K)
[5784.892s][info][gc,metaspace   ] GC(1829) Metaspace: 29099K(29376K)->29099K(29376K) NonClass: 25996K(26112K)->25996K(26112K) Class: 3102K(3264K)->3102K(3264K)
[5784.892s][info][gc             ] GC(1829) Pause Young (Allocation Failure) 4762M->2485M(5253M) 95.356ms
[5784.892s][info][gc,cpu         ] GC(1829) User=0.57s Sys=0.00s Real=0.09s
.[5786.562s][info][gc,start       ] GC(1830) Pause Young (Allocation Failure)
[5786.664s][info][gc,heap        ] GC(1830) PSYoungGen: 2595360K(2615296K)->174084K(2613760K) Eden: 2436608K(2436608K)->0K(2436608K) From: 158752K(178688K)->174084K(177152K)
[5786.664s][info][gc,heap        ] GC(1830) ParOldGen: 2386000K(2764288K)->2490632K(2764288K)
[5786.664s][info][gc,metaspace   ] GC(1830) Metaspace: 29099K(29376K)->29099K(29376K) NonClass: 25996K(26112K)->25996K(26112K) Class: 3102K(3264K)->3102K(3264K)
[5786.664s][info][gc             ] GC(1830) Pause Young (Allocation Failure) 4864M->2602M(5252M) 101.955ms
[5786.664s][info][gc,cpu         ] GC(1830) User=0.60s Sys=0.00s Real=0.10s
..[5788.226s][info][gc,start       ] GC(1831) Pause Young (Allocation Failure)
[5788.319s][info][gc,heap        ] GC(1831) PSYoungGen: 2610692K(2613760K)->149280K(2615296K) Eden: 2436608K(2436608K)->0K(2434560K) From: 174084K(177152K)->149280K(180736K)
[5788.319s][info][gc,heap        ] GC(1831) ParOldGen: 2490632K(2764288K)->2595968K(2764288K)
[5788.319s][info][gc,metaspace   ] GC(1831) Metaspace: 29099K(29376K)->29099K(29376K) NonClass: 25996K(26112K)->25996K(26112K) Class: 3102K(3264K)->3102K(3264K)
[5788.319s][info][gc             ] GC(1831) Pause Young (Allocation Failure) 4981M->2680M(5253M) 92.849ms
[5788.319s][info][gc,cpu         ] GC(1831) User=0.55s Sys=0.00s Real=0.09s
..[5789.969s][info][gc,start       ] GC(1832) Pause Young (Allocation Failure)
[5790.065s][info][gc,heap        ] GC(1832) PSYoungGen: 2583840K(2615296K)->161087K(2595840K) Eden: 2434560K(2434560K)->0K(2434560K) From: 149280K(180736K)->161087K(161280K)
[5790.065s][info][gc,heap        ] GC(1832) ParOldGen: 2595968K(2764288K)->2698664K(2764288K)
[5790.065s][info][gc,metaspace   ] GC(1832) Metaspace: 29099K(29376K)->29099K(29376K) NonClass: 25996K(26112K)->25996K(26112K) Class: 3102K(3264K)->3102K(3264K)
[5790.065s][info][gc             ] GC(1832) Pause Young (Allocation Failure) 5058M->2792M(5234M) 96.524ms
[5790.065s][info][gc,cpu         ] GC(1832) User=0.57s Sys=0.01s Real=0.10s
.[5791.680s][info][gc,start       ] GC(1833) Pause Young (Allocation Failure)
[5791.782s][info][gc,heap        ] GC(1833) PSYoungGen: 2595647K(2595840K)->167678K(2613248K) Eden: 2434560K(2434560K)->0K(2434048K) From: 161087K(161280K)->167678K(179200K)
[5791.782s][info][gc,heap        ] GC(1833) ParOldGen: 2698664K(2764288K)->2806392K(2806784K)
[5791.782s][info][gc,metaspace   ] GC(1833) Metaspace: 29099K(29376K)->29099K(29376K) NonClass: 25996K(26112K)->25996K(26112K) Class: 3102K(3264K)->3102K(3264K)
[5791.782s][info][gc             ] GC(1833) Pause Young (Allocation Failure) 5170M->2904M(5293M) 102.240ms
[5791.782s][info][gc,cpu         ] GC(1833) User=0.59s Sys=0.02s Real=0.10s
..[5793.408s][info][gc,start       ] GC(1834) Pause Young (Allocation Failure)
[5793.504s][info][gc,heap        ] GC(1834) PSYoungGen: 2601726K(2613248K)->148000K(2613760K) Eden: 2434048K(2434048K)->0K(2434048K) From: 167678K(179200K)->148000K(179712K)
[5793.504s][info][gc,heap        ] GC(1834) ParOldGen: 2806392K(2806784K)->2910336K(2910720K)
[5793.504s][info][gc,metaspace   ] GC(1834) Metaspace: 29099K(29376K)->29099K(29376K) NonClass: 25996K(26112K)->25996K(26112K) Class: 3102K(3264K)->3102K(3264K)
[5793.505s][info][gc             ] GC(1834) Pause Young (Allocation Failure) 5281M->2986M(5395M) 96.103ms
[5793.505s][info][gc,cpu         ] GC(1834) User=0.54s Sys=0.03s Real=0.10s
..[5795.163s][info][gc,start       ] GC(1835) Pause Young (Allocation Failure)
[5795.260s][info][gc,heap        ] GC(1835) PSYoungGen: 2582048K(2613760K)->150688K(2615808K) Eden: 2434048K(2434048K)->0K(2436096K) From: 148000K(179712K)->150688K(179712K)
[5795.260s][info][gc,heap        ] GC(1835) ParOldGen: 2910336K(2910720K)->3014088K(3014144K)
[5795.260s][info][gc,metaspace   ] GC(1835) Metaspace: 29099K(29376K)->29099K(29376K) NonClass: 25996K(26112K)->25996K(26112K) Class: 3102K(3264K)->3102K(3264K)
[5795.260s][info][gc             ] GC(1835) Pause Young (Allocation Failure) 5363M->3090M(5498M) 96.892ms
[5795.260s][info][gc,cpu         ] GC(1835) User=0.53s Sys=0.04s Real=0.10s
.[5796.803s][info][gc,start       ] GC(1836) Pause Young (Allocation Failure)
[5796.906s][info][gc,heap        ] GC(1836) PSYoungGen: 2586784K(2615808K)->166672K(2603008K) Eden: 2436096K(2436096K)->0K(2436096K) From: 150688K(179712K)->166672K(166912K)
[5796.906s][info][gc,heap        ] GC(1836) ParOldGen: 3014088K(3014144K)->3118632K(3119104K)
[5796.906s][info][gc,metaspace   ] GC(1836) Metaspace: 29099K(29376K)->29099K(29376K) NonClass: 25996K(26112K)->25996K(26112K) Class: 3102K(3264K)->3102K(3264K)
[5796.906s][info][gc             ] GC(1836) Pause Young (Allocation Failure) 5469M->3208M(5588M) 102.573ms
[5796.906s][info][gc,cpu         ] GC(1836) User=0.58s Sys=0.03s Real=0.11s
..[5798.553s][info][gc,start       ] GC(1837) Pause Young (Allocation Failure)
[5798.654s][info][gc,heap        ] GC(1837) PSYoungGen: 2602768K(2603008K)->161520K(2616832K) Eden: 2436096K(2436096K)->0K(2436096K) From: 166672K(166912K)->161520K(180736K)
[5798.654s][info][gc,heap        ] GC(1837) ParOldGen: 3118632K(3119104K)->3219904K(3219968K)
[5798.654s][info][gc,metaspace   ] GC(1837) Metaspace: 29099K(29376K)->29099K(29376K) NonClass: 25996K(26112K)->25996K(26112K) Class: 3102K(3264K)->3102K(3264K)
[5798.654s][info][gc             ] GC(1837) Pause Young (Allocation Failure) 5587M->3302M(5700M) 100.759ms
[5798.654s][info][gc,cpu         ] GC(1837) User=0.55s Sys=0.04s Real=0.10s
..[5800.251s][info][gc,start       ] GC(1838) Pause Young (Allocation Failure)
[5800.353s][info][gc,heap        ] GC(1838) PSYoungGen: 2597616K(2616832K)->158089K(2594304K) Eden: 2436096K(2436096K)->0K(2436096K) From: 161520K(180736K)->158089K(158208K)
[5800.353s][info][gc,heap        ] GC(1838) ParOldGen: 3219904K(3219968K)->3327800K(3328000K)
[5800.353s][info][gc,metaspace   ] GC(1838) Metaspace: 29099K(29376K)->29099K(29376K) NonClass: 25996K(26112K)->25996K(26112K) Class: 3102K(3264K)->3102K(3264K)
[5800.353s][info][gc             ] GC(1838) Pause Young (Allocation Failure) 5681M->3404M(5783M) 102.313ms
[5800.353s][info][gc,cpu         ] GC(1838) User=0.57s Sys=0.04s Real=0.10s
..[5801.929s][info][gc,start       ] GC(1839) Pause Young (Allocation Failure)
[5802.027s][info][gc,heap        ] GC(1839) PSYoungGen: 2594185K(2594304K)->158912K(2615296K) Eden: 2436096K(2436096K)->0K(2437632K) From: 158089K(158208K)->158912K(177664K)
[5802.027s][info][gc,heap        ] GC(1839) ParOldGen: 3327800K(3328000K)->3428592K(3428864K)
[5802.027s][info][gc,metaspace   ] GC(1839) Metaspace: 29099K(29376K)->29099K(29376K) NonClass: 25996K(26112K)->25996K(26112K) Class: 3102K(3264K)->3102K(3264K)
[5802.027s][info][gc             ] GC(1839) Pause Young (Allocation Failure) 5783M->3503M(5902M) 98.287ms
[5802.027s][info][gc,cpu         ] GC(1839) User=0.54s Sys=0.04s Real=0.10s
.[5803.618s][info][gc,start       ] GC(1840) Pause Young (Allocation Failure)
[5803.719s][info][gc,heap        ] GC(1840) PSYoungGen: 2596544K(2615296K)->159328K(2613760K) Eden: 2437632K(2437632K)->0K(2437632K) From: 158912K(177664K)->159328K(176128K)
[5803.719s][info][gc,heap        ] GC(1840) ParOldGen: 3428592K(3428864K)->3533968K(3534336K)
[5803.719s][info][gc,metaspace   ] GC(1840) Metaspace: 29099K(29376K)->29099K(29376K) NonClass: 25996K(26112K)->25996K(26112K) Class: 3102K(3264K)->3102K(3264K)
[5803.719s][info][gc             ] GC(1840) Pause Young (Allocation Failure) 5883M->3606M(6004M) 100.974ms
[5803.719s][info][gc,cpu         ] GC(1840) User=0.57s Sys=0.04s Real=0.10s
.. (rIR:aIR:PR = 9963:9888:9888) (tPR = 146593) [OK] 
  5804s: Performance info:
         Transaction,    Success,    Partial,     Failed,   Receipts, AvgBarcode, 
             Overall,     601359,          0,          0,     571204,      59.47, 
         Response times:
             Request,    Success,    Partial,     Failed,   SkipFail,     Probes,    Samples,      min,      p50,      p90,      p95,      p99,      max, 
       TotalPurchase,     571206,          0,          0,          0,     339450,     452469,      300,     8000,   163000,   397000,   630000,  1100000,
     InStorePurchase,     300433,          0,          0,          0,     177739,     237177,      300,     7900,   162000,   396000,   580000,  1100000,
      OnlinePurchase,     209690,          0,          0,          0,     124529,     166694,      300,     8100,   163000,   397000,   630000,   930000,
        InstPurchase,      61083,          0,          0,          0,      37182,      48598,      400,     8000,   169000,   424000,   680000,   930000,
          AssocOfCat,        605,          0,          0,          0,        491,        736,    24000,    50000,   210000,   621500,   800000,  1200000,
      AssocOfProduct,       6065,          0,          0,          0,       4383,       5854,      400,     6100,   136000,   314250,   638000,   930000,
      BusinessReport,       1520,          0,          0,          0,       1268,       1825,    30000,    59000,   228400,   344700,   541000,  1100000,
          CustBuyBeh,       6025,          0,          0,          0,       4366,       5935,      500,     6700,   138400,   417000,   670000,   930000,
       ProductReturn,      15940,          0,          0,          0,       8933,      12257,      200,     8000,   171000,   422000,   680000,   930000,

  5804s: (73%)   IR =  10101 [5805.417s][info][gc,start       ] GC(1841) Pause Young (Allocation Failure)
[5805.518s][info][gc,heap        ] GC(1841) PSYoungGen: 2596960K(2613760K)->158304K(2618368K) Eden: 2437632K(2437632K)->0K(2443776K) From: 159328K(176128K)->158304K(174592K)
[5805.518s][info][gc,heap        ] GC(1841) ParOldGen: 3533968K(3534336K)->3638048K(3638272K)
[5805.518s][info][gc,metaspace   ] GC(1841) Metaspace: 29099K(29376K)->29099K(29376K) NonClass: 25996K(26112K)->25996K(26112K) Class: 3102K(3264K)->3102K(3264K)
[5805.518s][info][gc             ] GC(1841) Pause Young (Allocation Failure) 5987M->3707M(6110M) 100.429ms
[5805.518s][info][gc,cpu         ] GC(1841) User=0.56s Sys=0.03s Real=0.10s
..[5807.129s][info][gc,start       ] GC(1842) Pause Young (Allocation Failure)
[5807.232s][info][gc,heap        ] GC(1842) PSYoungGen: 2602080K(2618368K)->164948K(2616832K) Eden: 2443776K(2443776K)->0K(2443776K) From: 158304K(174592K)->164948K(173056K)
[5807.232s][info][gc,heap        ] GC(1842) ParOldGen: 3638048K(3638272K)->3744904K(3745280K)
[5807.232s][info][gc,metaspace   ] GC(1842) Metaspace: 29099K(29376K)->29099K(29376K) NonClass: 25996K(26112K)->25996K(26112K) Class: 3102K(3264K)->3102K(3264K)
[5807.232s][info][gc             ] GC(1842) Pause Young (Allocation Failure) 6093M->3818M(6213M) 103.120ms
[5807.232s][info][gc,cpu         ] GC(1842) User=0.58s Sys=0.04s Real=0.10s
.[5808.828s][info][gc,start       ] GC(1843) Pause Young (Allocation Failure)
[5808.929s][info][gc,heap        ] GC(1843) PSYoungGen: 2608724K(2616832K)->161232K(2621952K) Eden: 2443776K(2443776K)->0K(2448896K) From: 164948K(173056K)->161232K(173056K)
[5808.929s][info][gc,heap        ] GC(1843) ParOldGen: 3744904K(3745280K)->3847888K(3848192K)
[5808.929s][info][gc,metaspace   ] GC(1843) Metaspace: 29099K(29376K)->29099K(29376K) NonClass: 25996K(26112K)->25996K(26112K) Class: 3102K(3264K)->3102K(3264K)
[5808.929s][info][gc             ] GC(1843) Pause Young (Allocation Failure) 6204M->3915M(6318M) 100.997ms
[5808.929s][info][gc,cpu         ] GC(1843) User=0.56s Sys=0.02s Real=0.10s
..[5810.524s][info][gc,start       ] GC(1844) Pause Young (Allocation Failure)
[5810.627s][info][gc,heap        ] GC(1844) PSYoungGen: 2610128K(2621952K)->163044K(2621952K) Eden: 2448896K(2448896K)->0K(2448896K) From: 161232K(173056K)->163044K(173056K)
[5810.627s][info][gc,heap        ] GC(1844) ParOldGen: 3847888K(3848192K)->3951376K(3951616K)
[5810.627s][info][gc,metaspace   ] GC(1844) Metaspace: 29099K(29376K)->29099K(29376K) NonClass: 25996K(26112K)->25996K(26112K) Class: 3102K(3264K)->3102K(3264K)
[5810.627s][info][gc             ] GC(1844) Pause Young (Allocation Failure) 6306M->4017M(6419M) 102.715ms
[5810.627s][info][gc,cpu         ] GC(1844) User=0.57s Sys=0.04s Real=0.11s
..[5812.184s][info][gc,start       ] GC(1845) Pause Young (Allocation Failure)
[5812.283s][info][gc,heap        ] GC(1845) PSYoungGen: 2611940K(2621952K)->152212K(2622976K) Eden: 2448896K(2448896K)->0K(2449920K) From: 163044K(173056K)->152212K(173056K)
[5812.283s][info][gc,heap        ] GC(1845) ParOldGen: 3951376K(3951616K)->4056632K(4057088K)
[5812.283s][info][gc,metaspace   ] GC(1845) Metaspace: 29099K(29376K)->29099K(29376K) NonClass: 25996K(26112K)->25996K(26112K) Class: 3102K(3264K)->3102K(3264K)
[5812.283s][info][gc             ] GC(1845) Pause Young (Allocation Failure) 6409M->4110M(6523M) 98.719ms
[5812.283s][info][gc,cpu         ] GC(1845) User=0.55s Sys=0.03s Real=0.09s
.[5813.885s][info][gc,start       ] GC(1846) Pause Young (Allocation Failure)
[5813.983s][info][gc,heap        ] GC(1846) PSYoungGen: 2602132K(2622976K)->157856K(2608128K) Eden: 2449920K(2449920K)->0K(2449920K) From: 152212K(173056K)->157856K(158208K)
[5813.983s][info][gc,heap        ] GC(1846) ParOldGen: 4056632K(4057088K)->4160128K(4160512K)
[5813.983s][info][gc,metaspace   ] GC(1846) Metaspace: 29099K(29376K)->29099K(29376K) NonClass: 25996K(26112K)->25996K(26112K) Class: 3102K(3264K)->3102K(3264K)
[5813.983s][info][gc             ] GC(1846) Pause Young (Allocation Failure) 6502M->4216M(6610M) 98.726ms
[5813.983s][info][gc,cpu         ] GC(1846) User=0.54s Sys=0.04s Real=0.09s
.|.[5815.522s][info][gc,start       ] GC(1847) Pause Young (Allocation Failure)
[5815.621s][info][gc,heap        ] GC(1847) PSYoungGen: 2607776K(2608128K)->152128K(2621952K) Eden: 2449920K(2449920K)->0K(2449920K) From: 157856K(158208K)->152128K(172032K)
[5815.621s][info][gc,heap        ] GC(1847) ParOldGen: 4160128K(4160512K)->4266448K(4266496K)
[5815.621s][info][gc,metaspace   ] GC(1847) Metaspace: 29099K(29376K)->29099K(29376K) NonClass: 25996K(26112K)->25996K(26112K) Class: 3102K(3264K)->3102K(3264K)
[5815.621s][info][gc             ] GC(1847) Pause Young (Allocation Failure) 6609M->4315M(6727M) 98.663ms
[5815.621s][info][gc,cpu         ] GC(1847) User=0.55s Sys=0.03s Real=0.10s
..[5817.260s][info][gc,start       ] GC(1848) Pause Young (Allocation Failure)
[5817.362s][info][gc,heap        ] GC(1848) PSYoungGen: 2602048K(2621952K)->157056K(2621952K) Eden: 2449920K(2449920K)->0K(2449920K) From: 152128K(172032K)->157056K(172032K)
[5817.362s][info][gc,heap        ] GC(1848) ParOldGen: 4266448K(4266496K)->4370408K(4370432K)
[5817.362s][info][gc,metaspace   ] GC(1848) Metaspace: 29099K(29376K)->29099K(29376K) NonClass: 25996K(26112K)->25996K(26112K) Class: 3102K(3264K)->3102K(3264K)
[5817.362s][info][gc             ] GC(1848) Pause Young (Allocation Failure) 6707M->4421M(6828M) 101.394ms
[5817.362s][info][gc,cpu         ] GC(1848) User=0.56s Sys=0.03s Real=0.10s
.[5818.964s][info][gc,start       ] GC(1849) Pause Young (Allocation Failure)
[5819.064s][info][gc,heap        ] GC(1849) PSYoungGen: 2606976K(2621952K)->154368K(2623488K) Eden: 2449920K(2449920K)->0K(2452480K) From: 157056K(172032K)->154368K(171008K)
[5819.064s][info][gc,heap        ] GC(1849) ParOldGen: 4370408K(4370432K)->4475552K(4475904K)
[5819.064s][info][gc,metaspace   ] GC(1849) Metaspace: 29099K(29376K)->29099K(29376K) NonClass: 25996K(26112K)->25996K(26112K) Class: 3102K(3264K)->3102K(3264K)
[5819.064s][info][gc             ] GC(1849) Pause Young (Allocation Failure) 6813M->4521M(6933M) 99.303ms
[5819.064s][info][gc,cpu         ] GC(1849) User=0.54s Sys=0.05s Real=0.09s
..[5820.661s][info][gc,start       ] GC(1850) Pause Young (Allocation Failure)
[5820.758s][info][gc,heap        ] GC(1850) PSYoungGen: 2606848K(2623488K)->153280K(2622976K) Eden: 2452480K(2452480K)->0K(2452480K) From: 154368K(171008K)->153280K(170496K)
[5820.758s][info][gc,heap        ] GC(1850) ParOldGen: 4475552K(4475904K)->4578688K(4578816K)
[5820.758s][info][gc,metaspace   ] GC(1850) Metaspace: 29099K(29376K)->29099K(29376K) NonClass: 25996K(26112K)->25996K(26112K) Class: 3102K(3264K)->3102K(3264K)
[5820.758s][info][gc             ] GC(1850) Pause Young (Allocation Failure) 6916M->4621M(7033M) 97.313ms
[5820.758s][info][gc,cpu         ] GC(1850) User=0.54s Sys=0.03s Real=0.10s
..[5822.395s][info][gc,start       ] GC(1851) Pause Young (Allocation Failure)
[5822.493s][info][gc,heap        ] GC(1851) PSYoungGen: 2605760K(2622976K)->150496K(2624512K) Eden: 2452480K(2452480K)->0K(2454528K) From: 153280K(170496K)->150496K(169984K)
[5822.493s][info][gc,heap        ] GC(1851) ParOldGen: 4578688K(4578816K)->4682968K(4683264K)
[5822.493s][info][gc,metaspace   ] GC(1851) Metaspace: 29099K(29376K)->29099K(29376K) NonClass: 25996K(26112K)->25996K(26112K) Class: 3102K(3264K)->3102K(3264K)
[5822.493s][info][gc             ] GC(1851) Pause Young (Allocation Failure) 7016M->4720M(7136M) 98.493ms
[5822.493s][info][gc,cpu         ] GC(1851) User=0.54s Sys=0.03s Real=0.09s
.[5824.087s][info][gc,start       ] GC(1852) Pause Young (Allocation Failure)
[5824.193s][info][gc,heap        ] GC(1852) PSYoungGen: 2605024K(2624512K)->169956K(2624512K) Eden: 2454528K(2454528K)->0K(2454528K) From: 150496K(169984K)->169956K(169984K)
[5824.193s][info][gc,heap        ] GC(1852) ParOldGen: 4682968K(4683264K)->4789584K(4789760K)
[5824.193s][info][gc,metaspace   ] GC(1852) Metaspace: 29099K(29376K)->29099K(29376K) NonClass: 25996K(26112K)->25996K(26112K) Class: 3102K(3264K)->3102K(3264K)
[5824.193s][info][gc             ] GC(1852) Pause Young (Allocation Failure) 7117M->4843M(7240M) 106.475ms
[5824.193s][info][gc,cpu         ] GC(1852) User=0.60s Sys=0.02s Real=0.10s
..[5825.838s][info][gc,start       ] GC(1853) Pause Young (Allocation Failure)
[5825.938s][info][gc,heap        ] GC(1853) PSYoungGen: 2624484K(2624512K)->158176K(2546688K) Eden: 2454528K(2454528K)->0K(2375168K) From: 169956K(169984K)->158176K(171520K)
[5825.938s][info][gc,heap        ] GC(1853) ParOldGen: 4789584K(4789760K)->4892496K(4892672K)
[5825.938s][info][gc,metaspace   ] GC(1853) Metaspace: 29099K(29376K)->29099K(29376K) NonClass: 25996K(26112K)->25996K(26112K) Class: 3102K(3264K)->3102K(3264K)
[5825.938s][info][gc             ] GC(1853) Pause Young (Allocation Failure) 7240M->4932M(7265M) 100.309ms
[5825.938s][info][gc,cpu         ] GC(1853) User=0.57s Sys=0.03s Real=0.10s
..[5827.429s][info][gc,start       ] GC(1854) Pause Young (Allocation Failure)
[5827.528s][info][gc,heap        ] GC(1854) PSYoungGen: 2533344K(2546688K)->151936K(2585600K) Eden: 2375168K(2375168K)->0K(2375168K) From: 158176K(171520K)->151936K(210432K)
[5827.528s][info][gc,heap        ] GC(1854) ParOldGen: 4892496K(4892672K)->4997968K(4998144K)
[5827.528s][info][gc,metaspace   ] GC(1854) Metaspace: 29099K(29376K)->29099K(29376K) NonClass: 25996K(26112K)->25996K(26112K) Class: 3102K(3264K)->3102K(3264K)
[5827.528s][info][gc             ] GC(1854) Pause Young (Allocation Failure) 7251M->5029M(7406M) 99.116ms
[5827.528s][info][gc,cpu         ] GC(1854) User=0.57s Sys=0.02s Real=0.10s
.[5828.962s][info][gc,start       ] GC(1855) Pause Young (Allocation Failure)
[5829.061s][info][gc,heap        ] GC(1855) PSYoungGen: 2527104K(2585600K)->152928K(2579968K) Eden: 2375168K(2375168K)->0K(2376704K) From: 151936K(210432K)->152928K(203264K)
[5829.061s][info][gc,heap        ] GC(1855) ParOldGen: 4997968K(4998144K)->5103864K(5104128K)
[5829.061s][info][gc,metaspace   ] GC(1855) Metaspace: 29099K(29376K)->29099K(29376K) NonClass: 25996K(26112K)->25996K(26112K) Class: 3102K(3264K)->3102K(3264K)
[5829.061s][info][gc             ] GC(1855) Pause Young (Allocation Failure) 7348M->5133M(7504M) 98.295ms
[5829.061s][info][gc,cpu         ] GC(1855) User=0.54s Sys=0.04s Real=0.10s
..[5830.631s][info][gc,start       ] GC(1856) Pause Young (Allocation Failure)
[5830.732s][info][gc,heap        ] GC(1856) PSYoungGen: 2529632K(2579968K)->157968K(2583552K) Eden: 2376704K(2376704K)->0K(2376704K) From: 152928K(203264K)->157968K(206848K)
[5830.732s][info][gc,heap        ] GC(1856) ParOldGen: 5103864K(5104128K)->5205224K(5205504K)
[5830.732s][info][gc,metaspace   ] GC(1856) Metaspace: 29099K(29376K)->29099K(29376K) NonClass: 25996K(26112K)->25996K(26112K) Class: 3102K(3264K)->3102K(3264K)
[5830.732s][info][gc             ] GC(1856) Pause Young (Allocation Failure) 7454M->5237M(7606M) 101.286ms
[5830.732s][info][gc,cpu         ] GC(1856) User=0.57s Sys=0.04s Real=0.10s
..[5832.277s][info][gc,start       ] GC(1857) Pause Young (Allocation Failure)
[5832.375s][info][gc,heap        ] GC(1857) PSYoungGen: 2534672K(2583552K)->149072K(2586624K) Eden: 2376704K(2376704K)->0K(2385408K) From: 157968K(206848K)->149072K(201216K)
[5832.375s][info][gc,heap        ] GC(1857) ParOldGen: 5205224K(5205504K)->5308448K(5308928K)
[5832.375s][info][gc,metaspace   ] GC(1857) Metaspace: 29099K(29376K)->29099K(29376K) NonClass: 25996K(26112K)->25996K(26112K) Class: 3102K(3264K)->3102K(3264K)
[5832.375s][info][gc             ] GC(1857) Pause Young (Allocation Failure) 7558M->5329M(7710M) 97.911ms
[5832.375s][info][gc,cpu         ] GC(1857) User=0.55s Sys=0.03s Real=0.10s
.[5833.824s][info][gc,start       ] GC(1858) Pause Young (Allocation Failure)
[5833.927s][info][gc,heap        ] GC(1858) PSYoungGen: 2534480K(2586624K)->165173K(2588160K) Eden: 2385408K(2385408K)->0K(2385408K) From: 149072K(201216K)->165173K(202752K)
[5833.927s][info][gc,heap        ] GC(1858) ParOldGen: 5308448K(5308928K)->5409576K(5409792K)
[5833.927s][info][gc,metaspace   ] GC(1858) Metaspace: 29099K(29376K)->29099K(29376K) NonClass: 25996K(26112K)->25996K(26112K) Class: 3102K(3264K)->3102K(3264K)
[5833.927s][info][gc             ] GC(1858) Pause Young (Allocation Failure) 7659M->5444M(7810M) 102.859ms
[5833.927s][info][gc,cpu         ] GC(1858) User=0.58s Sys=0.02s Real=0.11s
..[5835.436s][info][gc,start       ] GC(1859) Pause Young (Allocation Failure)
[5835.539s][info][gc,heap        ] GC(1859) PSYoungGen: 2550581K(2588160K)->156784K(2589696K) Eden: 2385408K(2385408K)->0K(2393600K) From: 165173K(202752K)->156784K(196096K)
[5835.539s][info][gc,heap        ] GC(1859) ParOldGen: 5409576K(5409792K)->5515072K(5515264K)
[5835.539s][info][gc,metaspace   ] GC(1859) Metaspace: 29099K(29376K)->29099K(29376K) NonClass: 25996K(26112K)->25996K(26112K) Class: 3102K(3264K)->3102K(3264K)
[5835.539s][info][gc             ] GC(1859) Pause Young (Allocation Failure) 7773M->5538M(7915M) 103.411ms
[5835.539s][info][gc,cpu         ] GC(1859) User=0.58s Sys=0.03s Real=0.10s
.[5837.046s][info][gc,start       ] GC(1860) Pause Full (Allocation Failure)
[5837.046s][info][gc,phases,start] GC(1860) Marking Phase
[5837.364s][info][gc,phases      ] GC(1860) Marking Phase 318.064ms
[5837.364s][info][gc,phases,start] GC(1860) Summary Phase
[5837.364s][info][gc,phases      ] GC(1860) Summary Phase 0.111ms
[5837.364s][info][gc,phases,start] GC(1860) Forward
[5837.491s][info][gc,phases      ] GC(1860) Forward 126.821ms
[5837.491s][info][gc,phases,start] GC(1860) Adjust Pointers
[5837.706s][info][gc,phases      ] GC(1860) Adjust Pointers 214.786ms
[5837.706s][info][gc,phases,start] GC(1860) Compaction Phase
[5837.858s][info][gc,phases      ] GC(1860) Compaction Phase 151.859ms
[5837.859s][info][gc,phases,start] GC(1860) Post Compact
[5837.866s][info][gc,phases      ] GC(1860) Post Compact 6.871ms
[5837.997s][info][gc,heap        ] GC(1860) PSYoungGen: 2550384K(2589696K)->0K(2590720K) Eden: 2393600K(2393600K)->0K(2393600K) From: 156784K(196096K)->0K(197120K)
[5837.997s][info][gc,heap        ] GC(1860) ParOldGen: 5515072K(5515264K)->1631365K(2034176K)
[5837.997s][info][gc,metaspace   ] GC(1860) Metaspace: 29099K(29376K)->29099K(29376K) NonClass: 25996K(26112K)->25996K(26112K) Class: 3102K(3264K)->3102K(3264K)
[5837.997s][info][gc             ] GC(1860) Pause Full (Allocation Failure) 7876M->1593M(4516M) 950.612ms
[5837.997s][info][gc,cpu         ] GC(1860) User=4.45s Sys=0.13s Real=0.95s
..[5839.269s][info][gc,start       ] GC(1861) Pause Young (Allocation Failure)
[5839.331s][info][gc,heap        ] GC(1861) PSYoungGen: 2393600K(2590720K)->148932K(2595840K) Eden: 2393600K(2393600K)->0K(2401792K) From: 0K(197120K)->148932K(194048K)
[5839.331s][info][gc,heap        ] GC(1861) ParOldGen: 1631365K(2034176K)->1631365K(2034176K)
[5839.331s][info][gc,metaspace   ] GC(1861) Metaspace: 29099K(29376K)->29099K(29376K) NonClass: 25996K(26112K)->25996K(26112K) Class: 3102K(3264K)->3102K(3264K)
[5839.331s][info][gc             ] GC(1861) Pause Young (Allocation Failure) 3930M->1738M(4521M) 62.328ms
[5839.331s][info][gc,cpu         ] GC(1861) User=0.37s Sys=0.01s Real=0.06s
.[5840.583s][info][gc,start       ] GC(1862) Pause Young (Allocation Failure)
[5840.684s][info][gc,heap        ] GC(1862) PSYoungGen: 2550724K(2595840K)->173056K(2597376K) Eden: 2401792K(2401792K)->0K(2401792K) From: 148932K(194048K)->173056K(195584K)
[5840.684s][info][gc,heap        ] GC(1862) ParOldGen: 1631365K(2034176K)->1736153K(2034176K)
[5840.684s][info][gc,metaspace   ] GC(1862) Metaspace: 29099K(29376K)->29099K(29376K) NonClass: 25996K(26112K)->25996K(26112K) Class: 3102K(3264K)->3102K(3264K)
[5840.684s][info][gc             ] GC(1862) Pause Young (Allocation Failure) 4084M->1864M(4523M) 101.274ms
[5840.684s][info][gc,cpu         ] GC(1862) User=0.60s Sys=0.00s Real=0.10s
.[5842.089s][info][gc,start       ] GC(1863) Pause Young (Allocation Failure)
[5842.183s][info][gc,heap        ] GC(1863) PSYoungGen: 2574848K(2597376K)->159104K(2596352K) Eden: 2401792K(2401792K)->0K(2403840K) From: 173056K(195584K)->159104K(192512K)
[5842.183s][info][gc,heap        ] GC(1863) ParOldGen: 1736153K(2034176K)->1841249K(2034176K)
[5842.183s][info][gc,metaspace   ] GC(1863) Metaspace: 29099K(29376K)->29099K(29376K) NonClass: 25996K(26112K)->25996K(26112K) Class: 3102K(3264K)->3102K(3264K)
[5842.183s][info][gc             ] GC(1863) Pause Young (Allocation Failure) 4209M->1953M(4522M) 94.203ms
[5842.183s][info][gc,cpu         ] GC(1863) User=0.56s Sys=0.00s Real=0.09s
..[5843.778s][info][gc,start       ] GC(1864) Pause Young (Allocation Failure)
[5843.871s][info][gc,heap        ] GC(1864) PSYoungGen: 2562944K(2596352K)->158560K(2597888K) Eden: 2403840K(2403840K)->0K(2403840K) From: 159104K(192512K)->158560K(194048K)
[5843.871s][info][gc,heap        ] GC(1864) ParOldGen: 1841249K(2034176K)->1942393K(2034176K)
[5843.871s][info][gc,metaspace   ] GC(1864) Metaspace: 29099K(29376K)->29099K(29376K) NonClass: 25996K(26112K)->25996K(26112K) Class: 3102K(3264K)->3102K(3264K)
[5843.871s][info][gc             ] GC(1864) Pause Young (Allocation Failure) 4300M->2051M(4523M) 93.481ms
[5843.871s][info][gc,cpu         ] GC(1864) User=0.56s Sys=0.00s Real=0.09s
..[5845.461s][info][gc,start       ] GC(1865) Pause Young (Allocation Failure)
[5845.553s][info][gc,heap        ] GC(1865) PSYoungGen: 2562400K(2597888K)->147840K(2600960K) Eden: 2403840K(2403840K)->0K(2410496K) From: 158560K(194048K)->147840K(190464K)
[5845.553s][info][gc,heap        ] GC(1865) ParOldGen: 1942393K(2034176K)->2047609K(2048000K)
[5845.553s][info][gc,metaspace   ] GC(1865) Metaspace: 29099K(29376K)->29099K(29376K) NonClass: 25996K(26112K)->25996K(26112K) Class: 3102K(3264K)->3102K(3264K)
[5845.553s][info][gc             ] GC(1865) Pause Young (Allocation Failure) 4399M->2143M(4540M) 91.835ms
[5845.553s][info][gc,cpu         ] GC(1865) User=0.54s Sys=0.00s Real=0.09s
.[5847.219s][info][gc,start       ] GC(1866) Pause Young (Allocation Failure)
[5847.315s][info][gc,heap        ] GC(1866) PSYoungGen: 2558336K(2600960K)->147892K(2600960K) Eden: 2410496K(2410496K)->0K(2410496K) From: 147840K(190464K)->147892K(190464K)
[5847.315s][info][gc,heap        ] GC(1866) ParOldGen: 2047609K(2048000K)->2150593K(2150912K)
[5847.315s][info][gc,metaspace   ] GC(1866) Metaspace: 29099K(29376K)->29099K(29376K) NonClass: 25996K(26112K)->25996K(26112K) Class: 3102K(3264K)->3102K(3264K)
[5847.315s][info][gc             ] GC(1866) Pause Young (Allocation Failure) 4497M->2244M(4640M) 96.883ms
[5847.315s][info][gc,cpu         ] GC(1866) User=0.55s Sys=0.02s Real=0.10s
..[5848.888s][info][gc,start       ] GC(1867) Pause Young (Allocation Failure)
[5848.990s][info][gc,heap        ] GC(1867) PSYoungGen: 2558388K(2600960K)->169061K(2604544K) Eden: 2410496K(2410496K)->0K(2414592K) From: 147892K(190464K)->169061K(189952K)
[5848.991s][info][gc,heap        ] GC(1867) ParOldGen: 2150593K(2150912K)->2251921K(2252288K)
[5848.991s][info][gc,metaspace   ] GC(1867) Metaspace: 29099K(29376K)->29099K(29376K) NonClass: 25996K(26112K)->25996K(26112K) Class: 3102K(3264K)->3102K(3264K)
[5848.991s][info][gc             ] GC(1867) Pause Young (Allocation Failure) 4598M->2364M(4743M) 102.111ms
[5848.991s][info][gc,cpu         ] GC(1867) User=0.58s Sys=0.03s Real=0.10s
..[5850.564s][info][gc,start       ] GC(1868) Pause Young (Allocation Failure)
[5850.660s][info][gc,heap        ] GC(1868) PSYoungGen: 2583653K(2604544K)->152035K(2566656K) Eden: 2414592K(2414592K)->0K(2414592K) From: 169061K(189952K)->152035K(152064K)
[5850.660s][info][gc,heap        ] GC(1868) ParOldGen: 2251921K(2252288K)->2356017K(2356224K)
[5850.660s][info][gc,metaspace   ] GC(1868) Metaspace: 29099K(29376K)->29099K(29376K) NonClass: 25996K(26112K)->25996K(26112K) Class: 3102K(3264K)->3102K(3264K)
[5850.660s][info][gc             ] GC(1868) Pause Young (Allocation Failure) 4722M->2449M(4807M) 95.998ms
[5850.660s][info][gc,cpu         ] GC(1868) User=0.54s Sys=0.03s Real=0.10s
.[5852.245s][info][gc,start       ] GC(1869) Pause Young (Allocation Failure)
[5852.341s][info][gc,heap        ] GC(1869) PSYoungGen: 2566627K(2566656K)->147936K(2605568K) Eden: 2414592K(2414592K)->0K(2416640K) From: 152035K(152064K)->147936K(188928K)
[5852.341s][info][gc,heap        ] GC(1869) ParOldGen: 2356017K(2356224K)->2459281K(2459648K)
[5852.341s][info][gc,metaspace   ] GC(1869) Metaspace: 29099K(29376K)->29099K(29376K) NonClass: 25996K(26112K)->25996K(26112K) Class: 3102K(3264K)->3102K(3264K)
[5852.341s][info][gc             ] GC(1869) Pause Young (Allocation Failure) 4807M->2546M(4946M) 95.599ms
[5852.341s][info][gc,cpu         ] GC(1869) User=0.54s Sys=0.03s Real=0.09s
..[5853.922s][info][gc,start       ] GC(1870) Pause Young (Allocation Failure)
[5854.022s][info][gc,heap        ] GC(1870) PSYoungGen: 2564576K(2605568K)->154819K(2604544K) Eden: 2416640K(2416640K)->0K(2416640K) From: 147936K(188928K)->154819K(187904K)
[5854.022s][info][gc,heap        ] GC(1870) ParOldGen: 2459281K(2459648K)->2566137K(2566144K)
[5854.022s][info][gc,metaspace   ] GC(1870) Metaspace: 29099K(29376K)->29099K(29376K) NonClass: 25996K(26112K)->25996K(26112K) Class: 3102K(3264K)->3102K(3264K)
[5854.022s][info][gc             ] GC(1870) Pause Young (Allocation Failure) 4906M->2657M(5049M) 99.509ms
[5854.022s][info][gc,cpu         ] GC(1870) User=0.56s Sys=0.03s Real=0.10s
..[5855.666s][info][gc,start       ] GC(1871) Pause Young (Allocation Failure)
[5855.762s][info][gc,heap        ] GC(1871) PSYoungGen: 2571459K(2604544K)->155200K(2606080K) Eden: 2416640K(2416640K)->0K(2421248K) From: 154819K(187904K)->155200K(184832K)
[5855.762s][info][gc,heap        ] GC(1871) ParOldGen: 2566137K(2566144K)->2663721K(2663936K)
[5855.762s][info][gc,metaspace   ] GC(1871) Metaspace: 29099K(29376K)->29099K(29376K) NonClass: 25996K(26112K)->25996K(26112K) Class: 3102K(3264K)->3102K(3264K)
[5855.762s][info][gc             ] GC(1871) Pause Young (Allocation Failure) 5017M->2752M(5146M) 95.758ms
[5855.762s][info][gc,cpu         ] GC(1871) User=0.53s Sys=0.04s Real=0.09s
.[5857.369s][info][gc,start       ] GC(1872) Pause Young (Allocation Failure)
[5857.472s][info][gc,heap        ] GC(1872) PSYoungGen: 2576448K(2606080K)->159289K(2604544K) Eden: 2421248K(2421248K)->0K(2421248K) From: 155200K(184832K)->159289K(183296K)
[5857.472s][info][gc,heap        ] GC(1872) ParOldGen: 2663721K(2663936K)->2771281K(2771456K)
[5857.472s][info][gc,metaspace   ] GC(1872) Metaspace: 29099K(29376K)->29099K(29376K) NonClass: 25996K(26112K)->25996K(26112K) Class: 3102K(3264K)->3102K(3264K)
[5857.472s][info][gc             ] GC(1872) Pause Young (Allocation Failure) 5117M->2861M(5250M) 102.978ms
[5857.472s][info][gc,cpu         ] GC(1872) User=0.57s Sys=0.04s Real=0.10s
..[5859.009s][info][gc,start       ] GC(1873) Pause Young (Allocation Failure)
[5859.108s][info][gc,heap        ] GC(1873) PSYoungGen: 2580537K(2604544K)->160000K(2610688K) Eden: 2421248K(2421248K)->0K(2429440K) From: 159289K(183296K)->160000K(181248K)
[5859.108s][info][gc,heap        ] GC(1873) ParOldGen: 2771281K(2771456K)->2873945K(2874368K)
[5859.108s][info][gc,metaspace   ] GC(1873) Metaspace: 29099K(29376K)->29099K(29376K) NonClass: 25996K(26112K)->25996K(26112K) Class: 3102K(3264K)->3102K(3264K)
[5859.108s][info][gc             ] GC(1873) Pause Young (Allocation Failure) 5226M->2962M(5356M) 98.649ms
[5859.108s][info][gc,cpu         ] GC(1873) User=0.55s Sys=0.04s Real=0.10s
..[5860.748s][info][gc,start       ] GC(1874) Pause Young (Allocation Failure)
[5860.850s][info][gc,heap        ] GC(1874) PSYoungGen: 2589440K(2610688K)->162868K(2609152K) Eden: 2429440K(2429440K)->0K(2429440K) From: 160000K(181248K)->162868K(179712K)
[5860.851s][info][gc,heap        ] GC(1874) ParOldGen: 2873945K(2874368K)->2978401K(2978816K)
[5860.851s][info][gc,metaspace   ] GC(1874) Metaspace: 29099K(29376K)->29099K(29376K) NonClass: 25996K(26112K)->25996K(26112K) Class: 3102K(3264K)->3102K(3264K)
[5860.851s][info][gc             ] GC(1874) Pause Young (Allocation Failure) 5335M->3067M(5457M) 102.953ms
[5860.851s][info][gc,cpu         ] GC(1874) User=0.57s Sys=0.03s Real=0.10s
.[5862.407s][info][gc,start       ] GC(1875) Pause Young (Allocation Failure)
[5862.506s][info][gc,heap        ] GC(1875) PSYoungGen: 2592308K(2609152K)->155160K(2614784K) Eden: 2429440K(2429440K)->0K(2436608K) From: 162868K(179712K)->155160K(178176K)
[5862.506s][info][gc,heap        ] GC(1875) ParOldGen: 2978401K(2978816K)->3081977K(3082240K)
[5862.506s][info][gc,metaspace   ] GC(1875) Metaspace: 29099K(29376K)->29099K(29376K) NonClass: 25996K(26112K)->25996K(26112K) Class: 3102K(3264K)->3102K(3264K)
[5862.506s][info][gc             ] GC(1875) Pause Young (Allocation Failure) 5440M->3161M(5563M) 99.437ms
[5862.506s][info][gc,cpu         ] GC(1875) User=0.56s Sys=0.03s Real=0.10s
..[5864.042s][info][gc,start       ] GC(1876) Pause Young (Allocation Failure)
[5864.147s][info][gc,heap        ] GC(1876) PSYoungGen: 2591768K(2614784K)->170608K(2614272K) Eden: 2436608K(2436608K)->0K(2436608K) From: 155160K(178176K)->170608K(177664K)
[5864.147s][info][gc,heap        ] GC(1876) ParOldGen: 3081977K(3082240K)->3187577K(3187712K)
[5864.147s][info][gc,metaspace   ] GC(1876) Metaspace: 29099K(29376K)->29099K(29376K) NonClass: 25996K(26112K)->25996K(26112K) Class: 3102K(3264K)->3102K(3264K)
[5864.147s][info][gc             ] GC(1876) Pause Young (Allocation Failure) 5540M->3279M(5666M) 105.691ms
[5864.147s][info][gc,cpu         ] GC(1876) User=0.59s Sys=0.04s Real=0.11s
..[5865.769s][info][gc,start       ] GC(1877) Pause Young (Allocation Failure)
[5865.872s][info][gc,heap        ] GC(1877) PSYoungGen: 2607216K(2614272K)->167477K(2614272K) Eden: 2436608K(2436608K)->0K(2433536K) From: 170608K(177664K)->167477K(180736K)
[5865.872s][info][gc,heap        ] GC(1877) ParOldGen: 3187577K(3187712K)->3291129K(3291136K)
[5865.872s][info][gc,metaspace   ] GC(1877) Metaspace: 29099K(29376K)->29099K(29376K) NonClass: 25996K(26112K)->25996K(26112K) Class: 3102K(3264K)->3102K(3264K)
[5865.872s][info][gc             ] GC(1877) Pause Young (Allocation Failure) 5658M->3377M(5767M) 103.163ms
[5865.872s][info][gc,cpu         ] GC(1877) User=0.57s Sys=0.04s Real=0.10s
.[5867.415s][info][gc,start       ] GC(1878) Pause Young (Allocation Failure)
[5867.517s][info][gc,heap        ] GC(1878) PSYoungGen: 2601013K(2614272K)->159053K(2592768K) Eden: 2433536K(2433536K)->0K(2433536K) From: 167477K(180736K)->159053K(159232K)
[5867.517s][info][gc,heap        ] GC(1878) ParOldGen: 3291129K(3291136K)->3397321K(3397632K)
[5867.517s][info][gc,metaspace   ] GC(1878) Metaspace: 29099K(29376K)->29099K(29376K) NonClass: 25996K(26112K)->25996K(26112K) Class: 3102K(3264K)->3102K(3264K)
[5867.517s][info][gc             ] GC(1878) Pause Young (Allocation Failure) 5754M->3473M(5850M) 102.019ms
[5867.517s][info][gc,cpu         ] GC(1878) User=0.58s Sys=0.02s Real=0.10s
..[5869.038s][info][gc,start       ] GC(1879) Pause Young (Allocation Failure)
[5869.143s][info][gc,heap        ] GC(1879) PSYoungGen: 2592589K(2592768K)->173332K(2610176K) Eden: 2433536K(2433536K)->0K(2430464K) From: 159053K(159232K)->173332K(179712K)
[5869.143s][info][gc,heap        ] GC(1879) ParOldGen: 3397321K(3397632K)->3499145K(3499520K)
[5869.143s][info][gc,metaspace   ] GC(1879) Metaspace: 29099K(29376K)->29099K(29376K) NonClass: 25996K(26112K)->25996K(26112K) Class: 3102K(3264K)->3102K(3264K)
[5869.143s][info][gc             ] GC(1879) Pause Young (Allocation Failure) 5849M->3586M(5966M) 104.630ms
[5869.143s][info][gc,cpu         ] GC(1879) User=0.60s Sys=0.03s Real=0.10s
..[5870.727s][info][gc,start       ] GC(1880) Pause Young (Allocation Failure)
[5870.827s][info][gc,heap        ] GC(1880) PSYoungGen: 2603796K(2610176K)->158560K(2613248K) Eden: 2430464K(2430464K)->0K(2430464K) From: 173332K(179712K)->158560K(182784K)
[5870.827s][info][gc,heap        ] GC(1880) ParOldGen: 3499145K(3499520K)->3604161K(3604480K)
[5870.827s][info][gc,metaspace   ] GC(1880) Metaspace: 29099K(29376K)->29099K(29376K) NonClass: 25996K(26112K)->25996K(26112K) Class: 3102K(3264K)->3102K(3264K)
[5870.827s][info][gc             ] GC(1880) Pause Young (Allocation Failure) 5959M->3674M(6072M) 100.554ms
[5870.827s][info][gc,cpu         ] GC(1880) User=0.57s Sys=0.03s Real=0.10s
.[5872.362s][info][gc,start       ] GC(1881) Pause Young (Allocation Failure)
[5872.467s][info][gc,heap        ] GC(1881) PSYoungGen: 2589024K(2613248K)->165280K(2612224K) Eden: 2430464K(2430464K)->0K(2432512K) From: 158560K(182784K)->165280K(179712K)
[5872.467s][info][gc,heap        ] GC(1881) ParOldGen: 3604161K(3604480K)->3707473K(3707904K)
[5872.467s][info][gc,metaspace   ] GC(1881) Metaspace: 29099K(29376K)->29099K(29376K) NonClass: 25996K(26112K)->25996K(26112K) Class: 3102K(3264K)->3102K(3264K)
[5872.467s][info][gc             ] GC(1881) Pause Young (Allocation Failure) 6048M->3781M(6172M) 105.418ms
[5872.467s][info][gc,cpu         ] GC(1881) User=0.57s Sys=0.05s Real=0.11s
..[5874.052s][info][gc,start       ] GC(1882) Pause Young (Allocation Failure)
[5874.152s][info][gc,heap        ] GC(1882) PSYoungGen: 2597792K(2612224K)->158816K(2613248K) Eden: 2432512K(2432512K)->0K(2432512K) From: 165280K(179712K)->158816K(180736K)
[5874.152s][info][gc,heap        ] GC(1882) ParOldGen: 3707473K(3707904K)->3811865K(3812352K)
[5874.152s][info][gc,metaspace   ] GC(1882) Metaspace: 29099K(29376K)->29099K(29376K) NonClass: 25996K(26112K)->25996K(26112K) Class: 3102K(3264K)->3102K(3264K)
[5874.152s][info][gc             ] GC(1882) Pause Young (Allocation Failure) 6157M->3877M(6275M) 99.951ms
[5874.152s][info][gc,cpu         ] GC(1882) User=0.55s Sys=0.04s Real=0.10s
. (rIR:aIR:PR = 10101:10106:10110) (tPR = 150615) [OK] 
  5874s: Performance info:
         Transaction,    Success,    Partial,     Failed,   Receipts, AvgBarcode, 
             Overall,     613099,          0,          0,     582356,      59.47, 
         Response times:
             Request,    Success,    Partial,     Failed,   SkipFail,     Probes,    Samples,      min,      p50,      p90,      p95,      p99,      max, 
       TotalPurchase,     582436,          0,          0,          0,     348631,     421101,      300,     7600,    78000,   198000,   476000,  1500000,
     InStorePurchase,     304601,          0,          0,          0,     182860,     220451,      300,     7800,    79000,   205000,   448000,   730000,
      OnlinePurchase,     215331,          0,          0,          0,     128413,     155982,      300,     7300,    76000,   191000,   458000,  1500000,
        InstPurchase,      62504,          0,          0,          0,      37358,      44668,      300,     7600,    76000,   221000,   620000,   980000,
          AssocOfCat,        616,          0,          0,          0,        526,        723,    24000,    49000,   137000,   322400,   542000,   660000,
      AssocOfProduct,       6175,          0,          0,          0,       3265,       4108,      700,     9200,    88000,   246550,   481000,   730000,
      BusinessReport,       1536,          0,          0,          0,       1317,       1718,    32000,    58000,   147200,   230000,   461770,  1100000,
          CustBuyBeh,       6087,          0,          0,          0,       3345,       4251,      400,     8800,    84000,   191400,   523000,   700000,
       ProductReturn,      16331,          0,          0,          0,       9398,      11559,      200,     7600,    77000,   217000,   507000,   730000,

  5874s: (74%)   IR =  10239 [5875.645s][info][gc,start       ] GC(1883) Pause Young (Allocation Failure)
[5875.748s][info][gc,heap        ] GC(1883) PSYoungGen: 2591328K(2613248K)->166809K(2614784K) Eden: 2432512K(2432512K)->0K(2435584K) From: 158816K(180736K)->166809K(179200K)
[5875.748s][info][gc,heap        ] GC(1883) ParOldGen: 3811865K(3812352K)->3914929K(3915264K)
[5875.748s][info][gc,metaspace   ] GC(1883) Metaspace: 29102K(29376K)->29102K(29376K) NonClass: 25999K(26112K)->25999K(26112K) Class: 3102K(3264K)->3102K(3264K)
[5875.748s][info][gc             ] GC(1883) Pause Young (Allocation Failure) 6253M->3986M(6377M) 103.077ms
[5875.748s][info][gc,cpu         ] GC(1883) User=0.57s Sys=0.03s Real=0.10s
..[5877.347s][info][gc,start       ] GC(1884) Pause Young (Allocation Failure)
[5877.446s][info][gc,heap        ] GC(1884) PSYoungGen: 2602393K(2614784K)->151808K(2614784K) Eden: 2435584K(2435584K)->0K(2435584K) From: 166809K(179200K)->151808K(179200K)
[5877.446s][info][gc,heap        ] GC(1884) ParOldGen: 3914929K(3915264K)->4019881K(4020224K)
[5877.446s][info][gc,metaspace   ] GC(1884) Metaspace: 29103K(29376K)->29103K(29376K) NonClass: 26001K(26112K)->26001K(26112K) Class: 3102K(3264K)->3102K(3264K)
[5877.446s][info][gc             ] GC(1884) Pause Young (Allocation Failure) 6364M->4073M(6479M) 98.775ms
[5877.446s][info][gc,cpu         ] GC(1884) User=0.55s Sys=0.04s Real=0.10s
..[5879.067s][info][gc,start       ] GC(1885) Pause Young (Allocation Failure)
[5879.172s][info][gc,heap        ] GC(1885) PSYoungGen: 2587392K(2614784K)->165541K(2616832K) Eden: 2435584K(2435584K)->0K(2437632K) From: 151808K(179200K)->165541K(179200K)
[5879.172s][info][gc,heap        ] GC(1885) ParOldGen: 4019881K(4020224K)->4124465K(4124672K)
[5879.172s][info][gc,metaspace   ] GC(1885) Metaspace: 29103K(29376K)->29103K(29376K) NonClass: 26001K(26112K)->26001K(26112K) Class: 3102K(3264K)->3102K(3264K)
[5879.172s][info][gc             ] GC(1885) Pause Young (Allocation Failure) 6452M->4189M(6583M) 104.948ms
[5879.172s][info][gc,cpu         ] GC(1885) User=0.60s Sys=0.03s Real=0.10s
.[5880.550s][info][gc,start       ] GC(1886) Pause Young (Allocation Failure)
[5880.651s][info][gc,heap        ] GC(1886) PSYoungGen: 2603173K(2616832K)->159925K(2597888K) Eden: 2437632K(2437632K)->0K(2437632K) From: 165541K(179200K)->159925K(160256K)
[5880.651s][info][gc,heap        ] GC(1886) ParOldGen: 4124465K(4124672K)->4228009K(4228096K)
[5880.651s][info][gc,metaspace   ] GC(1886) Metaspace: 29103K(29376K)->29103K(29376K) NonClass: 26001K(26112K)->26001K(26112K) Class: 3102K(3264K)->3102K(3264K)
[5880.651s][info][gc             ] GC(1886) Pause Young (Allocation Failure) 6569M->4285M(6666M) 100.820ms
[5880.651s][info][gc,cpu         ] GC(1886) User=0.55s Sys=0.04s Real=0.10s
..[5882.226s][info][gc,start       ] GC(1887) Pause Young (Allocation Failure)
[5882.329s][info][gc,heap        ] GC(1887) PSYoungGen: 2597557K(2597888K)->158818K(2616320K) Eden: 2437632K(2437632K)->0K(2438656K) From: 159925K(160256K)->158818K(177664K)
[5882.329s][info][gc,heap        ] GC(1887) ParOldGen: 4228009K(4228096K)->4332585K(4333056K)
[5882.329s][info][gc,metaspace   ] GC(1887) Metaspace: 29103K(29376K)->29103K(29376K) NonClass: 26001K(26112K)->26001K(26112K) Class: 3102K(3264K)->3102K(3264K)
[5882.329s][info][gc             ] GC(1887) Pause Young (Allocation Failure) 6665M->4386M(6786M) 102.926ms
[5882.329s][info][gc,cpu         ] GC(1887) User=0.57s Sys=0.04s Real=0.10s
..[5883.965s][info][gc,start       ] GC(1888) Pause Young (Allocation Failure)
[5884.073s][info][gc,heap        ] GC(1888) PSYoungGen: 2597474K(2616320K)->173753K(2615296K) Eden: 2438656K(2438656K)->0K(2438656K) From: 158818K(177664K)->173753K(176640K)
[5884.073s][info][gc,heap        ] GC(1888) ParOldGen: 4332585K(4333056K)->4438865K(4439040K)
[5884.073s][info][gc,metaspace   ] GC(1888) Metaspace: 29103K(29376K)->29103K(29376K) NonClass: 26001K(26112K)->26001K(26112K) Class: 3102K(3264K)->3102K(3264K)
[5884.073s][info][gc             ] GC(1888) Pause Young (Allocation Failure) 6767M->4504M(6889M) 108.703ms
[5884.073s][info][gc,cpu         ] GC(1888) User=0.62s Sys=0.03s Real=0.10s
.[5885.578s][info][gc,start       ] GC(1889) Pause Young (Allocation Failure)
[5885.679s][info][gc,heap        ] GC(1889) PSYoungGen: 2612409K(2615296K)->158000K(2617344K) Eden: 2438656K(2438656K)->0K(2437632K) From: 173753K(176640K)->158000K(179712K)
[5885.679s][info][gc,heap        ] GC(1889) ParOldGen: 4438865K(4439040K)->4543009K(4543488K)
[5885.679s][info][gc,metaspace   ] GC(1889) Metaspace: 29103K(29376K)->29103K(29376K) NonClass: 26001K(26112K)->26001K(26112K) Class: 3102K(3264K)->3102K(3264K)
[5885.679s][info][gc             ] GC(1889) Pause Young (Allocation Failure) 6886M->4590M(6993M) 100.269ms
[5885.679s][info][gc,cpu         ] GC(1889) User=0.56s Sys=0.04s Real=0.10s
..[5887.260s][info][gc,start       ] GC(1890) Pause Young (Allocation Failure)
[5887.360s][info][gc,heap        ] GC(1890) PSYoungGen: 2595632K(2617344K)->152549K(2616320K) Eden: 2437632K(2437632K)->0K(2437632K) From: 158000K(179712K)->152549K(178688K)
[5887.360s][info][gc,heap        ] GC(1890) ParOldGen: 4543009K(4543488K)->4646809K(4646912K)
[5887.360s][info][gc,metaspace   ] GC(1890) Metaspace: 29103K(29376K)->29103K(29376K) NonClass: 26001K(26112K)->26001K(26112K) Class: 3102K(3264K)->3102K(3264K)
[5887.360s][info][gc             ] GC(1890) Pause Young (Allocation Failure) 6971M->4686M(7093M) 99.489ms
[5887.360s][info][gc,cpu         ] GC(1890) User=0.56s Sys=0.02s Real=0.10s
..[5888.988s][info][gc,start       ] GC(1891) Pause Young (Allocation Failure)
[5889.095s][info][gc,heap        ] GC(1891) PSYoungGen: 2590181K(2616320K)->171060K(2613248K) Eden: 2437632K(2437632K)->0K(2434560K) From: 152549K(178688K)->171060K(178688K)
[5889.095s][info][gc,heap        ] GC(1891) ParOldGen: 4646809K(4646912K)->4753033K(4753408K)
[5889.095s][info][gc,metaspace   ] GC(1891) Metaspace: 29103K(29376K)->29103K(29376K) NonClass: 26001K(26112K)->26001K(26112K) Class: 3102K(3264K)->3102K(3264K)
[5889.095s][info][gc             ] GC(1891) Pause Young (Allocation Failure) 7067M->4808M(7194M) 106.755ms
[5889.095s][info][gc,cpu         ] GC(1891) User=0.59s Sys=0.03s Real=0.11s
.|[5890.657s][info][gc,start       ] GC(1892) Pause Young (Allocation Failure)
[5890.758s][info][gc,heap        ] GC(1892) PSYoungGen: 2605620K(2613248K)->157845K(2615296K) Eden: 2434560K(2434560K)->0K(2434560K) From: 171060K(178688K)->157845K(180736K)
[5890.758s][info][gc,heap        ] GC(1892) ParOldGen: 4753033K(4753408K)->4856305K(4856320K)
[5890.758s][info][gc,metaspace   ] GC(1892) Metaspace: 29103K(29376K)->29103K(29376K) NonClass: 26001K(26112K)->26001K(26112K) Class: 3102K(3264K)->3102K(3264K)
[5890.758s][info][gc             ] GC(1892) Pause Young (Allocation Failure) 7186M->4896M(7296M) 100.758ms
[5890.758s][info][gc,cpu         ] GC(1892) User=0.57s Sys=0.04s Real=0.10s
..[5892.266s][info][gc,start       ] GC(1893) Pause Young (Allocation Failure)
[5892.367s][info][gc,heap        ] GC(1893) PSYoungGen: 2592405K(2615296K)->156660K(2612224K) Eden: 2434560K(2434560K)->0K(2435584K) From: 157845K(180736K)->156660K(176640K)
[5892.367s][info][gc,heap        ] GC(1893) ParOldGen: 4856305K(4856320K)->4957177K(4957184K)
[5892.367s][info][gc,metaspace   ] GC(1893) Metaspace: 29103K(29376K)->29103K(29376K) NonClass: 26001K(26112K)->26001K(26112K) Class: 3102K(3264K)->3102K(3264K)
[5892.367s][info][gc             ] GC(1893) Pause Young (Allocation Failure) 7274M->4993M(7392M) 100.213ms
[5892.367s][info][gc,cpu         ] GC(1893) User=0.55s Sys=0.03s Real=0.10s
..[5894.012s][info][gc,start       ] GC(1894) Pause Young (Allocation Failure)
[5894.113s][info][gc,heap        ] GC(1894) PSYoungGen: 2592244K(2612224K)->159712K(2614272K) Eden: 2435584K(2435584K)->0K(2435584K) From: 156660K(176640K)->159712K(178688K)
[5894.113s][info][gc,heap        ] GC(1894) ParOldGen: 4957177K(4957184K)->5062705K(5063168K)
[5894.113s][info][gc,metaspace   ] GC(1894) Metaspace: 29103K(29376K)->29103K(29376K) NonClass: 26001K(26112K)->26001K(26112K) Class: 3102K(3264K)->3102K(3264K)
[5894.113s][info][gc             ] GC(1894) Pause Young (Allocation Failure) 7372M->5100M(7497M) 101.204ms
[5894.113s][info][gc,cpu         ] GC(1894) User=0.56s Sys=0.04s Real=0.10s
.[5895.580s][info][gc,start       ] GC(1895) Pause Young (Allocation Failure)
[5895.684s][info][gc,heap        ] GC(1895) PSYoungGen: 2595296K(2614272K)->159904K(2613760K) Eden: 2435584K(2435584K)->0K(2440192K) From: 159712K(178688K)->159904K(173568K)
[5895.684s][info][gc,heap        ] GC(1895) ParOldGen: 5062705K(5063168K)->5169497K(5169664K)
[5895.684s][info][gc,metaspace   ] GC(1895) Metaspace: 29103K(29376K)->29103K(29376K) NonClass: 26001K(26112K)->26001K(26112K) Class: 3102K(3264K)->3102K(3264K)
[5895.684s][info][gc             ] GC(1895) Pause Young (Allocation Failure) 7478M->5204M(7601M) 103.984ms
[5895.684s][info][gc,cpu         ] GC(1895) User=0.58s Sys=0.03s Real=0.10s
..[5897.289s][info][gc,start       ] GC(1896) Pause Young (Allocation Failure)
[5897.387s][info][gc,heap        ] GC(1896) PSYoungGen: 2600096K(2613760K)->149504K(2615808K) Eden: 2440192K(2440192K)->0K(2440192K) From: 159904K(173568K)->149504K(175616K)
[5897.387s][info][gc,heap        ] GC(1896) ParOldGen: 5169497K(5169664K)->5269833K(5270016K)
[5897.387s][info][gc,metaspace   ] GC(1896) Metaspace: 29103K(29376K)->29103K(29376K) NonClass: 26001K(26112K)->26001K(26112K) Class: 3102K(3264K)->3102K(3264K)
[5897.387s][info][gc             ] GC(1896) Pause Young (Allocation Failure) 7587M->5292M(7701M) 97.662ms
[5897.387s][info][gc,cpu         ] GC(1896) User=0.55s Sys=0.02s Real=0.10s
..[5898.933s][info][gc,start       ] GC(1897) Pause Young (Allocation Failure)
[5899.035s][info][gc,heap        ] GC(1897) PSYoungGen: 2589696K(2615808K)->161824K(2618880K) Eden: 2440192K(2440192K)->0K(2444288K) From: 149504K(175616K)->161824K(174592K)
[5899.035s][info][gc,heap        ] GC(1897) ParOldGen: 5269833K(5270016K)->5373065K(5373440K)
[5899.035s][info][gc,metaspace   ] GC(1897) Metaspace: 29103K(29376K)->29103K(29376K) NonClass: 26001K(26112K)->26001K(26112K) Class: 3102K(3264K)->3102K(3264K)
[5899.035s][info][gc             ] GC(1897) Pause Young (Allocation Failure) 7675M->5405M(7805M) 102.223ms
[5899.035s][info][gc,cpu         ] GC(1897) User=0.58s Sys=0.03s Real=0.11s
.[5900.671s][info][gc,start       ] GC(1898) Pause Young (Allocation Failure)
[5900.772s][info][gc,heap        ] GC(1898) PSYoungGen: 2606112K(2618880K)->156448K(2619392K) Eden: 2444288K(2444288K)->0K(2444288K) From: 161824K(174592K)->156448K(175104K)
[5900.772s][info][gc,heap        ] GC(1898) ParOldGen: 5373065K(5373440K)->5476593K(5476864K)
[5900.772s][info][gc,metaspace   ] GC(1898) Metaspace: 29103K(29376K)->29103K(29376K) NonClass: 26001K(26112K)->26001K(26112K) Class: 3102K(3264K)->3102K(3264K)
[5900.772s][info][gc             ] GC(1898) Pause Young (Allocation Failure) 7792M->5501M(7906M) 100.569ms
[5900.772s][info][gc,cpu         ] GC(1898) User=0.56s Sys=0.03s Real=0.10s
..[5902.380s][info][gc,start       ] GC(1899) Pause Young (Allocation Failure)
[5902.486s][info][gc,heap        ] GC(1899) PSYoungGen: 2600736K(2619392K)->163433K(2620416K) Eden: 2444288K(2444288K)->0K(2446336K) From: 156448K(175104K)->163433K(174080K)
[5902.486s][info][gc,heap        ] GC(1899) ParOldGen: 5476593K(5476864K)->5582313K(5582336K)
[5902.486s][info][gc,metaspace   ] GC(1899) Metaspace: 29103K(29376K)->29103K(29376K) NonClass: 26001K(26112K)->26001K(26112K) Class: 3102K(3264K)->3102K(3264K)
[5902.486s][info][gc             ] GC(1899) Pause Young (Allocation Failure) 7888M->5611M(8010M) 106.041ms
[5902.486s][info][gc,cpu         ] GC(1899) User=0.59s Sys=0.03s Real=0.11s
..[5904.003s][info][gc,start       ] GC(1900) Pause Full (Allocation Failure)
[5904.003s][info][gc,phases,start] GC(1900) Marking Phase
[5904.324s][info][gc,phases      ] GC(1900) Marking Phase 320.532ms
[5904.324s][info][gc,phases,start] GC(1900) Summary Phase
[5904.324s][info][gc,phases      ] GC(1900) Summary Phase 0.101ms
[5904.324s][info][gc,phases,start] GC(1900) Forward
[5904.462s][info][gc,phases      ] GC(1900) Forward 138.370ms
[5904.462s][info][gc,phases,start] GC(1900) Adjust Pointers
[5904.679s][info][gc,phases      ] GC(1900) Adjust Pointers 216.639ms
[5904.679s][info][gc,phases,start] GC(1900) Compaction Phase
[5904.832s][info][gc,phases      ] GC(1900) Compaction Phase 152.973ms
[5904.833s][info][gc,phases,start] GC(1900) Post Compact
[5904.840s][info][gc,phases      ] GC(1900) Post Compact 7.096ms
[5904.963s][info][gc,heap        ] GC(1900) PSYoungGen: 2609769K(2620416K)->0K(2620416K) Eden: 2446336K(2446336K)->0K(2446336K) From: 163433K(174080K)->0K(174080K)
[5904.963s][info][gc,heap        ] GC(1900) ParOldGen: 5582313K(5582336K)->1635057K(2047488K)
[5904.963s][info][gc,metaspace   ] GC(1900) Metaspace: 29103K(29376K)->29103K(29376K) NonClass: 26001K(26112K)->26001K(26112K) Class: 3102K(3264K)->3102K(3264K)
[5904.963s][info][gc             ] GC(1900) Pause Full (Allocation Failure) 8000M->1596M(4558M) 960.189ms
[5904.963s][info][gc,cpu         ] GC(1900) User=4.50s Sys=0.12s Real=0.96s
..[5906.311s][info][gc,start       ] GC(1901) Pause Young (Allocation Failure)
[5906.380s][info][gc,heap        ] GC(1901) PSYoungGen: 2446336K(2620416K)->166180K(2619904K) Eden: 2446336K(2446336K)->0K(2445824K) From: 0K(174080K)->166180K(174080K)
[5906.380s][info][gc,heap        ] GC(1901) ParOldGen: 1635057K(2047488K)->1635057K(2047488K)
[5906.380s][info][gc,metaspace   ] GC(1901) Metaspace: 29103K(29376K)->29103K(29376K) NonClass: 26001K(26112K)->26001K(26112K) Class: 3102K(3264K)->3102K(3264K)
[5906.380s][info][gc             ] GC(1901) Pause Young (Allocation Failure) 3985M->1759M(4558M) 69.729ms
[5906.380s][info][gc,cpu         ] GC(1901) User=0.41s Sys=0.01s Real=0.07s
.[5907.586s][info][gc,start       ] GC(1902) Pause Young (Allocation Failure)
[5907.694s][info][gc,heap        ] GC(1902) PSYoungGen: 2612004K(2619904K)->175086K(2620928K) Eden: 2445824K(2445824K)->0K(2445824K) From: 166180K(174080K)->175086K(175104K)
[5907.694s][info][gc,heap        ] GC(1902) ParOldGen: 1635057K(2047488K)->1753302K(2047488K)
[5907.694s][info][gc,metaspace   ] GC(1902) Metaspace: 29103K(29376K)->29103K(29376K) NonClass: 26001K(26112K)->26001K(26112K) Class: 3102K(3264K)->3102K(3264K)
[5907.694s][info][gc             ] GC(1902) Pause Young (Allocation Failure) 4147M->1883M(4559M) 107.948ms
[5907.694s][info][gc,cpu         ] GC(1902) User=0.64s Sys=0.00s Real=0.10s
.[5909.038s][info][gc,start       ] GC(1903) Pause Young (Allocation Failure)
[5909.133s][info][gc,heap        ] GC(1903) PSYoungGen: 2620910K(2620928K)->158112K(2529792K) Eden: 2445824K(2445824K)->0K(2354688K) From: 175086K(175104K)->158112K(175104K)
[5909.133s][info][gc,heap        ] GC(1903) ParOldGen: 1753302K(2047488K)->1861902K(2047488K)
[5909.133s][info][gc,metaspace   ] GC(1903) Metaspace: 29103K(29376K)->29103K(29376K) NonClass: 26001K(26112K)->26001K(26112K) Class: 3102K(3264K)->3102K(3264K)
[5909.133s][info][gc             ] GC(1903) Pause Young (Allocation Failure) 4271M->1972M(4470M) 94.254ms
[5909.133s][info][gc,cpu         ] GC(1903) User=0.57s Sys=0.00s Real=0.09s
..[5910.610s][info][gc,start       ] GC(1904) Pause Young (Allocation Failure)
[5910.702s][info][gc,heap        ] GC(1904) PSYoungGen: 2512799K(2529792K)->153216K(2575360K) Eden: 2354687K(2354688K)->0K(2354688K) From: 158112K(175104K)->153216K(220672K)
[5910.702s][info][gc,heap        ] GC(1904) ParOldGen: 1861902K(2047488K)->1964814K(2047488K)
[5910.702s][info][gc,metaspace   ] GC(1904) Metaspace: 29103K(29376K)->29103K(29376K) NonClass: 26001K(26112K)->26001K(26112K) Class: 3102K(3264K)->3102K(3264K)
[5910.702s][info][gc             ] GC(1904) Pause Young (Allocation Failure) 4272M->2068M(4514M) 92.122ms
[5910.702s][info][gc,cpu         ] GC(1904) User=0.55s Sys=0.00s Real=0.09s
.[5912.345s][info][gc,start       ] GC(1905) Pause Young (Allocation Failure)
[5912.440s][info][gc,heap        ] GC(1905) PSYoungGen: 2507904K(2575360K)->157472K(2568704K) Eden: 2354688K(2354688K)->0K(2356224K) From: 153216K(220672K)->157472K(212480K)
[5912.440s][info][gc,heap        ] GC(1905) ParOldGen: 1964814K(2047488K)->2066254K(2066432K)
[5912.440s][info][gc,metaspace   ] GC(1905) Metaspace: 29103K(29376K)->29103K(29376K) NonClass: 26001K(26112K)->26001K(26112K) Class: 3102K(3264K)->3102K(3264K)
[5912.440s][info][gc             ] GC(1905) Pause Young (Allocation Failure) 4367M->2171M(4526M) 94.534ms
[5912.440s][info][gc,cpu         ] GC(1905) User=0.55s Sys=0.01s Real=0.09s
..[5913.980s][info][gc,start       ] GC(1906) Pause Young (Allocation Failure)
[5914.084s][info][gc,heap        ] GC(1906) PSYoungGen: 2513696K(2568704K)->166894K(2572800K) Eden: 2356224K(2356224K)->0K(2356224K) From: 157472K(212480K)->166894K(216576K)
[5914.084s][info][gc,heap        ] GC(1906) ParOldGen: 2066254K(2066432K)->2171998K(2172416K)
[5914.084s][info][gc,metaspace   ] GC(1906) Metaspace: 29103K(29376K)->29103K(29376K) NonClass: 26001K(26112K)->26001K(26112K) Class: 3102K(3264K)->3102K(3264K)
[5914.084s][info][gc             ] GC(1906) Pause Young (Allocation Failure) 4472M->2284M(4634M) 103.687ms
[5914.084s][info][gc,cpu         ] GC(1906) User=0.58s Sys=0.03s Real=0.10s
..[5915.578s][info][gc,start       ] GC(1907) Pause Young (Allocation Failure)
[5915.671s][info][gc,heap        ] GC(1907) PSYoungGen: 2523118K(2572800K)->150752K(2577920K) Eden: 2356224K(2356224K)->0K(2367488K) From: 166894K(216576K)->150752K(210432K)
[5915.672s][info][gc,heap        ] GC(1907) ParOldGen: 2171998K(2172416K)->2267134K(2267136K)
[5915.672s][info][gc,metaspace   ] GC(1907) Metaspace: 29103K(29376K)->29103K(29376K) NonClass: 26001K(26112K)->26001K(26112K) Class: 3102K(3264K)->3102K(3264K)
[5915.672s][info][gc             ] GC(1907) Pause Young (Allocation Failure) 4585M->2361M(4731M) 93.720ms
[5915.672s][info][gc,cpu         ] GC(1907) User=0.52s Sys=0.03s Real=0.09s
.[5917.162s][info][gc,start       ] GC(1908) Pause Young (Allocation Failure)
[5917.262s][info][gc,heap        ] GC(1908) PSYoungGen: 2518240K(2577920K)->153513K(2578432K) Eden: 2367488K(2367488K)->0K(2367488K) From: 150752K(210432K)->153513K(210944K)
[5917.262s][info][gc,heap        ] GC(1908) ParOldGen: 2267134K(2267136K)->2371438K(2371584K)
[5917.262s][info][gc,metaspace   ] GC(1908) Metaspace: 29103K(29376K)->29103K(29376K) NonClass: 26001K(26112K)->26001K(26112K) Class: 3102K(3264K)->3102K(3264K)
[5917.262s][info][gc             ] GC(1908) Pause Young (Allocation Failure) 4673M->2465M(4834M) 99.697ms
[5917.262s][info][gc,cpu         ] GC(1908) User=0.56s Sys=0.03s Real=0.10s
..[5918.791s][info][gc,start       ] GC(1909) Pause Young (Allocation Failure)
[5918.891s][info][gc,heap        ] GC(1909) PSYoungGen: 2521001K(2578432K)->163161K(2578432K) Eden: 2367488K(2367488K)->0K(2376192K) From: 153513K(210944K)->163161K(202240K)
[5918.891s][info][gc,heap        ] GC(1909) ParOldGen: 2371438K(2371584K)->2470222K(2470400K)
[5918.891s][info][gc,metaspace   ] GC(1909) Metaspace: 29103K(29376K)->29103K(29376K) NonClass: 26001K(26112K)->26001K(26112K) Class: 3102K(3264K)->3102K(3264K)
[5918.891s][info][gc             ] GC(1909) Pause Young (Allocation Failure) 4777M->2571M(4930M) 99.487ms
[5918.891s][info][gc,cpu         ] GC(1909) User=0.57s Sys=0.03s Real=0.10s
.[5920.459s][info][gc,start       ] GC(1910) Pause Young (Allocation Failure)
[5920.554s][info][gc,heap        ] GC(1910) PSYoungGen: 2539353K(2578432K)->150464K(2580992K) Eden: 2376192K(2376192K)->0K(2376192K) From: 163161K(202240K)->150464K(204800K)
[5920.554s][info][gc,heap        ] GC(1910) ParOldGen: 2470222K(2470400K)->2571966K(2572288K)
[5920.554s][info][gc,metaspace   ] GC(1910) Metaspace: 29103K(29376K)->29103K(29376K) NonClass: 26001K(26112K)->26001K(26112K) Class: 3102K(3264K)->3102K(3264K)
[5920.554s][info][gc             ] GC(1910) Pause Young (Allocation Failure) 4892M->2658M(5032M) 94.724ms
[5920.554s][info][gc,cpu         ] GC(1910) User=0.53s Sys=0.03s Real=0.09s
..[5922.079s][info][gc,start       ] GC(1911) Pause Young (Allocation Failure)
[5922.178s][info][gc,heap        ] GC(1911) PSYoungGen: 2526656K(2580992K)->152704K(2586112K) Eden: 2376192K(2376192K)->0K(2387456K) From: 150464K(204800K)->152704K(198656K)
[5922.178s][info][gc,heap        ] GC(1911) ParOldGen: 2571966K(2572288K)->2678398K(2678784K)
[5922.178s][info][gc,metaspace   ] GC(1911) Metaspace: 29103K(29376K)->29103K(29376K) NonClass: 26001K(26112K)->26001K(26112K) Class: 3102K(3264K)->3102K(3264K)
[5922.178s][info][gc             ] GC(1911) Pause Young (Allocation Failure) 4979M->2764M(5141M) 98.367ms
[5922.178s][info][gc,cpu         ] GC(1911) User=0.55s Sys=0.04s Real=0.10s
..[5923.692s][info][gc,start       ] GC(1912) Pause Young (Allocation Failure)
[5923.788s][info][gc,heap        ] GC(1912) PSYoungGen: 2540160K(2586112K)->157984K(2589184K) Eden: 2387456K(2387456K)->0K(2387456K) From: 152704K(198656K)->157984K(201728K)
[5923.788s][info][gc,heap        ] GC(1912) ParOldGen: 2678398K(2678784K)->2776222K(2776576K)
[5923.788s][info][gc,metaspace   ] GC(1912) Metaspace: 29103K(29376K)->29103K(29376K) NonClass: 26001K(26112K)->26001K(26112K) Class: 3102K(3264K)->3102K(3264K)
[5923.788s][info][gc             ] GC(1912) Pause Young (Allocation Failure) 5096M->2865M(5240M) 96.847ms
[5923.788s][info][gc,cpu         ] GC(1912) User=0.53s Sys=0.04s Real=0.10s
.[5925.285s][info][gc,start       ] GC(1913) Pause Young (Allocation Failure)
[5925.384s][info][gc,heap        ] GC(1913) PSYoungGen: 2545440K(2589184K)->153728K(2590208K) Eden: 2387456K(2387456K)->0K(2395648K) From: 157984K(201728K)->153728K(194560K)
[5925.384s][info][gc,heap        ] GC(1913) ParOldGen: 2776222K(2776576K)->2883758K(2884096K)
[5925.384s][info][gc,metaspace   ] GC(1913) Metaspace: 29103K(29376K)->29103K(29376K) NonClass: 26001K(26112K)->26001K(26112K) Class: 3102K(3264K)->3102K(3264K)
[5925.384s][info][gc             ] GC(1913) Pause Young (Allocation Failure) 5196M->2966M(5346M) 99.299ms
[5925.384s][info][gc,cpu         ] GC(1913) User=0.55s Sys=0.04s Real=0.09s
..[5926.923s][info][gc,start       ] GC(1914) Pause Young (Allocation Failure)
[5927.026s][info][gc,heap        ] GC(1914) PSYoungGen: 2549376K(2590208K)->172485K(2592256K) Eden: 2395648K(2395648K)->0K(2395648K) From: 153728K(194560K)->172485K(196608K)
[5927.026s][info][gc,heap        ] GC(1914) ParOldGen: 2883758K(2884096K)->2982494K(2982912K)
[5927.026s][info][gc,metaspace   ] GC(1914) Metaspace: 29103K(29376K)->29103K(29376K) NonClass: 26001K(26112K)->26001K(26112K) Class: 3102K(3264K)->3102K(3264K)
[5927.026s][info][gc             ] GC(1914) Pause Young (Allocation Failure) 5305M->3081M(5444M) 102.999ms
[5927.026s][info][gc,cpu         ] GC(1914) User=0.59s Sys=0.03s Real=0.11s
.[5928.424s][info][gc,start       ] GC(1915) Pause Young (Allocation Failure)
[5928.524s][info][gc,heap        ] GC(1915) PSYoungGen: 2568133K(2592256K)->154180K(2595840K) Eden: 2395648K(2395648K)->0K(2402304K) From: 172485K(196608K)->154180K(193536K)
[5928.524s][info][gc,heap        ] GC(1915) ParOldGen: 2982494K(2982912K)->3090662K(3090944K)
[5928.524s][info][gc,metaspace   ] GC(1915) Metaspace: 29103K(29376K)->29103K(29376K) NonClass: 26001K(26112K)->26001K(26112K) Class: 3102K(3264K)->3102K(3264K)
[5928.524s][info][gc             ] GC(1915) Pause Young (Allocation Failure) 5420M->3168M(5553M) 100.204ms
[5928.524s][info][gc,cpu         ] GC(1915) User=0.57s Sys=0.03s Real=0.11s
..[5930.054s][info][gc,start       ] GC(1916) Pause Young (Allocation Failure)
[5930.157s][info][gc,heap        ] GC(1916) PSYoungGen: 2556484K(2595840K)->170020K(2597376K) Eden: 2402304K(2402304K)->0K(2402304K) From: 154180K(193536K)->170020K(195072K)
[5930.157s][info][gc,heap        ] GC(1916) ParOldGen: 3090662K(3090944K)->3193422K(3193856K)
[5930.157s][info][gc,metaspace   ] GC(1916) Metaspace: 29103K(29376K)->29103K(29376K) NonClass: 26001K(26112K)->26001K(26112K) Class: 3102K(3264K)->3102K(3264K)
[5930.157s][info][gc             ] GC(1916) Pause Young (Allocation Failure) 5514M->3284M(5655M) 103.017ms
[5930.157s][info][gc,cpu         ] GC(1916) User=0.58s Sys=0.03s Real=0.11s
..[5931.667s][info][gc,start       ] GC(1917) Pause Young (Allocation Failure)
[5931.766s][info][gc,heap        ] GC(1917) PSYoungGen: 2572324K(2597376K)->155616K(2596352K) Eden: 2402304K(2402304K)->0K(2406400K) From: 170020K(195072K)->155616K(189952K)
[5931.766s][info][gc,heap        ] GC(1917) ParOldGen: 3193422K(3193856K)->3296094K(3296256K)
[5931.766s][info][gc,metaspace   ] GC(1917) Metaspace: 29103K(29376K)->29103K(29376K) NonClass: 26001K(26112K)->26001K(26112K) Class: 3102K(3264K)->3102K(3264K)
[5931.766s][info][gc             ] GC(1917) Pause Young (Allocation Failure) 5630M->3370M(5754M) 99.256ms
[5931.766s][info][gc,cpu         ] GC(1917) User=0.56s Sys=0.03s Real=0.10s
.[5933.273s][info][gc,start       ] GC(1918) Pause Young (Allocation Failure)
[5933.371s][info][gc,heap        ] GC(1918) PSYoungGen: 2562016K(2596352K)->152608K(2598912K) Eden: 2406400K(2406400K)->0K(2406400K) From: 155616K(189952K)->152608K(192512K)
[5933.371s][info][gc,heap        ] GC(1918) ParOldGen: 3296094K(3296256K)->3400766K(3401216K)
[5933.371s][info][gc,metaspace   ] GC(1918) Metaspace: 29103K(29376K)->29103K(29376K) NonClass: 26001K(26112K)->26001K(26112K) Class: 3102K(3264K)->3102K(3264K)
[5933.371s][info][gc             ] GC(1918) Pause Young (Allocation Failure) 5720M->3470M(5859M) 98.409ms
[5933.371s][info][gc,cpu         ] GC(1918) User=0.54s Sys=0.04s Real=0.10s
..[5934.973s][info][gc,start       ] GC(1919) Pause Young (Allocation Failure)
[5935.072s][info][gc,heap        ] GC(1919) PSYoungGen: 2559008K(2598912K)->156064K(2597376K) Eden: 2406400K(2406400K)->0K(2412032K) From: 152608K(192512K)->156064K(185344K)
[5935.072s][info][gc,heap        ] GC(1919) ParOldGen: 3400766K(3401216K)->3503878K(3504128K)
[5935.072s][info][gc,metaspace   ] GC(1919) Metaspace: 29103K(29376K)->29103K(29376K) NonClass: 26001K(26112K)->26001K(26112K) Class: 3102K(3264K)->3102K(3264K)
[5935.072s][info][gc             ] GC(1919) Pause Young (Allocation Failure) 5820M->3574M(5958M) 98.365ms
[5935.072s][info][gc,cpu         ] GC(1919) User=0.55s Sys=0.03s Real=0.10s
.[5936.656s][info][gc,start       ] GC(1920) Pause Young (Allocation Failure)
[5936.756s][info][gc,heap        ] GC(1920) PSYoungGen: 2568096K(2597376K)->155477K(2600960K) Eden: 2412032K(2412032K)->0K(2412032K) From: 156064K(185344K)->155477K(188928K)
[5936.756s][info][gc,heap        ] GC(1920) ParOldGen: 3503878K(3504128K)->3606102K(3606528K)
[5936.756s][info][gc,metaspace   ] GC(1920) Metaspace: 29103K(29376K)->29103K(29376K) NonClass: 26001K(26112K)->26001K(26112K) Class: 3102K(3264K)->3102K(3264K)
[5936.756s][info][gc             ] GC(1920) Pause Young (Allocation Failure) 5929M->3673M(6062M) 100.118ms
[5936.756s][info][gc,cpu         ] GC(1920) User=0.56s Sys=0.03s Real=0.10s
..[5938.347s][info][gc,start       ] GC(1921) Pause Young (Allocation Failure)
[5938.451s][info][gc,heap        ] GC(1921) PSYoungGen: 2567509K(2600960K)->163600K(2603520K) Eden: 2412032K(2412032K)->0K(2420224K) From: 155477K(188928K)->163600K(183296K)
[5938.451s][info][gc,heap        ] GC(1921) ParOldGen: 3606102K(3606528K)->3704702K(3704832K)
[5938.451s][info][gc,metaspace   ] GC(1921) Metaspace: 29103K(29376K)->29103K(29376K) NonClass: 26001K(26112K)->26001K(26112K) Class: 3102K(3264K)->3102K(3264K)
[5938.451s][info][gc             ] GC(1921) Pause Young (Allocation Failure) 6028M->3777M(6160M) 104.679ms
[5938.451s][info][gc,cpu         ] GC(1921) User=0.58s Sys=0.04s Real=0.10s
..[5940.024s][info][gc,start       ] GC(1922) Pause Young (Allocation Failure)
[5940.132s][info][gc,heap        ] GC(1922) PSYoungGen: 2583824K(2603520K)->171888K(2606080K) Eden: 2420224K(2420224K)->0K(2420224K) From: 163600K(183296K)->171888K(185856K)
[5940.132s][info][gc,heap        ] GC(1922) ParOldGen: 3704702K(3704832K)->3809886K(3810304K)
[5940.132s][info][gc,metaspace   ] GC(1922) Metaspace: 29103K(29376K)->29103K(29376K) NonClass: 26001K(26112K)->26001K(26112K) Class: 3102K(3264K)->3102K(3264K)
[5940.132s][info][gc             ] GC(1922) Pause Young (Allocation Failure) 6141M->3888M(6266M) 107.555ms
[5940.132s][info][gc,cpu         ] GC(1922) User=0.60s Sys=0.03s Real=0.10s
.[5941.620s][info][gc,start       ] GC(1923) Pause Young (Allocation Failure)
[5941.720s][info][gc,heap        ] GC(1923) PSYoungGen: 2592112K(2606080K)->155808K(2608640K) Eden: 2420224K(2420224K)->0K(2422784K) From: 171888K(185856K)->155808K(185856K)
[5941.720s][info][gc,heap        ] GC(1923) ParOldGen: 3809886K(3810304K)->3914022K(3914240K)
[5941.720s][info][gc,metaspace   ] GC(1923) Metaspace: 29103K(29376K)->29103K(29376K) NonClass: 26001K(26112K)->26001K(26112K) Class: 3102K(3264K)->3102K(3264K)
[5941.720s][info][gc             ] GC(1923) Pause Young (Allocation Failure) 6251M->3974M(6370M) 99.702ms
[5941.720s][info][gc,cpu         ] GC(1923) User=0.56s Sys=0.02s Real=0.10s
..[5943.276s][info][gc,start       ] GC(1924) Pause Young (Allocation Failure)
[5943.375s][info][gc,heap        ] GC(1924) PSYoungGen: 2578592K(2608640K)->154320K(2608640K) Eden: 2422784K(2422784K)->0K(2422784K) From: 155808K(185856K)->154320K(185856K)
[5943.375s][info][gc,heap        ] GC(1924) ParOldGen: 3914022K(3914240K)->4017342K(4017664K)
[5943.375s][info][gc,metaspace   ] GC(1924) Metaspace: 29103K(29376K)->29103K(29376K) NonClass: 26001K(26112K)->26001K(26112K) Class: 3102K(3264K)->3102K(3264K)
[5943.375s][info][gc             ] GC(1924) Pause Young (Allocation Failure) 6340M->4073M(6471M) 98.977ms
[5943.375s][info][gc,cpu         ] GC(1924) User=0.55s Sys=0.03s Real=0.10s
..[5945.008s][info][gc,start       ] GC(1925) Pause Young (Allocation Failure)
[5945.113s][info][gc,heap        ] GC(1925) PSYoungGen: 2577104K(2608640K)->170784K(2607104K) Eden: 2422784K(2422784K)->0K(2422784K) From: 154320K(185856K)->170784K(184320K)
[5945.113s][info][gc,heap        ] GC(1925) ParOldGen: 4017342K(4017664K)->4121806K(4122112K)
[5945.113s][info][gc,metaspace   ] GC(1925) Metaspace: 29103K(29376K)->29103K(29376K) NonClass: 26001K(26112K)->26001K(26112K) Class: 3102K(3264K)->3102K(3264K)
[5945.113s][info][gc             ] GC(1925) Pause Young (Allocation Failure) 6439M->4191M(6571M) 105.210ms
[5945.113s][info][gc,cpu         ] GC(1925) User=0.58s Sys=0.04s Real=0.10s
.[5946.591s][info][gc,start       ] GC(1926) Pause Young (Allocation Failure)
[5946.696s][info][gc,heap        ] GC(1926) PSYoungGen: 2593568K(2607104K)->163210K(2608640K) Eden: 2422784K(2422784K)->0K(2422784K) From: 170784K(184320K)->163210K(185856K)
[5946.696s][info][gc,heap        ] GC(1926) ParOldGen: 4121806K(4122112K)->4227414K(4227584K)
[5946.696s][info][gc,metaspace   ] GC(1926) Metaspace: 29103K(29376K)->29103K(29376K) NonClass: 26001K(26112K)->26001K(26112K) Class: 3102K(3264K)->3102K(3264K)
[5946.696s][info][gc             ] GC(1926) Pause Young (Allocation Failure) 6557M->4287M(6676M) 104.757ms
[5946.696s][info][gc,cpu         ] GC(1926) User=0.57s Sys=0.04s Real=0.11s
..[5948.254s][info][gc,start       ] GC(1927) Pause Young (Allocation Failure)
[5948.357s][info][gc,heap        ] GC(1927) PSYoungGen: 2585994K(2608640K)->163396K(2607104K) Eden: 2422784K(2422784K)->0K(2425856K) From: 163210K(185856K)->163396K(181248K)
[5948.357s][info][gc,heap        ] GC(1927) ParOldGen: 4227414K(4227584K)->4328518K(4328960K)
[5948.357s][info][gc,metaspace   ] GC(1927) Metaspace: 29103K(29376K)->29103K(29376K) NonClass: 26001K(26112K)->26001K(26112K) Class: 3102K(3264K)->3102K(3264K)
[5948.357s][info][gc             ] GC(1927) Pause Young (Allocation Failure) 6653M->4386M(6773M) 103.274ms
[5948.357s][info][gc,cpu         ] GC(1927) User=0.58s Sys=0.03s Real=0.11s
.[5949.864s][info][gc,start       ] GC(1928) Pause Young (Allocation Failure)
[5949.964s][info][gc,heap        ] GC(1928) PSYoungGen: 2589252K(2607104K)->159040K(2608640K) Eden: 2425856K(2425856K)->0K(2425856K) From: 163396K(181248K)->159040K(182784K)
[5949.964s][info][gc,heap        ] GC(1928) ParOldGen: 4328518K(4328960K)->4432550K(4432896K)
[5949.964s][info][gc,metaspace   ] GC(1928) Metaspace: 29103K(29376K)->29103K(29376K) NonClass: 26001K(26112K)->26001K(26112K) Class: 3102K(3264K)->3102K(3264K)
[5949.964s][info][gc             ] GC(1928) Pause Young (Allocation Failure) 6755M->4483M(6876M) 100.111ms
[5949.964s][info][gc,cpu         ] GC(1928) User=0.57s Sys=0.02s Real=0.11s
. (rIR:aIR:PR = 10239:10220:10212) (tPR = 153301) [OK] 
  5949s: Performance info:
         Transaction,    Success,    Partial,     Failed,   Receipts, AvgBarcode, 
             Overall,     613310,          0,          0,     582688,      59.48, 
         Response times:
             Request,    Success,    Partial,     Failed,   SkipFail,     Probes,    Samples,      min,      p50,      p90,      p95,      p99,      max, 
       TotalPurchase,     583256,          0,          0,          0,     343382,     453405,      300,     7900,    87000,   147000,   527940,  1100000,
     InStorePurchase,     304033,          0,          0,          0,     181291,     239121,      300,     7900,    86000,   142000,   535000,   980000,
      OnlinePurchase,     217530,          0,          0,          0,     126020,     166356,      300,     8000,    87000,   142000,   528000,  1100000,
        InstPurchase,      61693,          0,          0,          0,      36071,      47928,      300,     7600,    93000,   186000,   506000,   980000,
          AssocOfCat,        616,          0,          0,          0,        502,        768,    26000,    50000,   162000,   239750,   500950,   650000,
      AssocOfProduct,       6063,          0,          0,          0,       3297,       4631,      500,     8000,    92000,   191000,   561000,   750000,
      BusinessReport,       1530,          0,          0,          0,       1340,       1951,    32000,    61000,   166800,   258600,   750000,  1100000,
          CustBuyBeh,       6024,          0,          0,          0,       3328,       4664,      200,     9650,   104500,   174750,   547000,   750000,
       ProductReturn,      16411,          0,          0,          0,       9544,      12694,      200,     6900,    93000,   175250,   588000,   980000,

  5949s: (75%)   IR =  10378 .[5951.612s][info][gc,start       ] GC(1929) Pause Young (Allocation Failure)
[5951.714s][info][gc,heap        ] GC(1929) PSYoungGen: 2584896K(2608640K)->154291K(2611200K) Eden: 2425856K(2425856K)->0K(2432000K) From: 159040K(182784K)->154291K(179200K)
[5951.714s][info][gc,heap        ] GC(1929) ParOldGen: 4432550K(4432896K)->4539134K(4539392K)
[5951.714s][info][gc,metaspace   ] GC(1929) Metaspace: 29103K(29376K)->29103K(29376K) NonClass: 26001K(26112K)->26001K(26112K) Class: 3102K(3264K)->3102K(3264K)
[5951.714s][info][gc             ] GC(1929) Pause Young (Allocation Failure) 6852M->4583M(6983M) 101.987ms
[5951.714s][info][gc,cpu         ] GC(1929) User=0.57s Sys=0.03s Real=0.10s
..[5953.251s][info][gc,start       ] GC(1930) Pause Young (Allocation Failure)
[5953.355s][info][gc,heap        ] GC(1930) PSYoungGen: 2586291K(2611200K)->161103K(2612224K) Eden: 2432000K(2432000K)->0K(2432000K) From: 154291K(179200K)->161103K(180224K)
[5953.355s][info][gc,heap        ] GC(1930) ParOldGen: 4539134K(4539392K)->4643478K(4643840K)
[5953.355s][info][gc,metaspace   ] GC(1930) Metaspace: 29103K(29376K)->29103K(29376K) NonClass: 26001K(26112K)->26001K(26112K) Class: 3102K(3264K)->3102K(3264K)
[5953.355s][info][gc             ] GC(1930) Pause Young (Allocation Failure) 6958M->4691M(7086M) 104.432ms
[5953.355s][info][gc,cpu         ] GC(1930) User=0.58s Sys=0.04s Real=0.11s
.[5954.916s][info][gc,start       ] GC(1931) Pause Young (Allocation Failure)
[5955.015s][info][gc,heap        ] GC(1931) PSYoungGen: 2593103K(2612224K)->160864K(2612224K) Eden: 2432000K(2432000K)->0K(2437120K) From: 161103K(180224K)->160864K(175104K)
[5955.015s][info][gc,heap        ] GC(1931) ParOldGen: 4643478K(4643840K)->4742910K(4743168K)
[5955.015s][info][gc,metaspace   ] GC(1931) Metaspace: 29103K(29376K)->29103K(29376K) NonClass: 26001K(26112K)->26001K(26112K) Class: 3102K(3264K)->3102K(3264K)
[5955.015s][info][gc             ] GC(1931) Pause Young (Allocation Failure) 7066M->4788M(7183M) 99.590ms
[5955.015s][info][gc,cpu         ] GC(1931) User=0.55s Sys=0.04s Real=0.10s
..[5956.575s][info][gc,start       ] GC(1932) Pause Young (Allocation Failure)
[5956.693s][info][gc,heap        ] GC(1932) PSYoungGen: 2597984K(2612224K)->176621K(2613760K) Eden: 2437120K(2437120K)->0K(2437120K) From: 160864K(175104K)->176621K(176640K)
[5956.693s][info][gc,heap        ] GC(1932) ParOldGen: 4742910K(4743168K)->4854470K(4854784K)
[5956.693s][info][gc,metaspace   ] GC(1932) Metaspace: 29103K(29376K)->29103K(29376K) NonClass: 26001K(26112K)->26001K(26112K) Class: 3102K(3264K)->3102K(3264K)
[5956.693s][info][gc             ] GC(1932) Pause Young (Allocation Failure) 7168M->4913M(7293M) 118.111ms
[5956.693s][info][gc,cpu         ] GC(1932) User=0.65s Sys=0.03s Real=0.11s
..[5958.223s][info][gc,start       ] GC(1933) Pause Young (Allocation Failure)
[5958.323s][info][gc,heap        ] GC(1933) PSYoungGen: 2613741K(2613760K)->158640K(2537984K) Eden: 2437120K(2437120K)->0K(2355712K) From: 176621K(176640K)->158640K(182272K)
[5958.323s][info][gc,heap        ] GC(1933) ParOldGen: 4854470K(4854784K)->4953446K(4953600K)
[5958.323s][info][gc,metaspace   ] GC(1933) Metaspace: 29103K(29376K)->29103K(29376K) NonClass: 26001K(26112K)->26001K(26112K) Class: 3102K(3264K)->3102K(3264K)
[5958.323s][info][gc             ] GC(1933) Pause Young (Allocation Failure) 7293M->4992M(7316M) 100.567ms
[5958.323s][info][gc,cpu         ] GC(1933) User=0.55s Sys=0.04s Real=0.10s
.[5959.807s][info][gc,start       ] GC(1934) Pause Young (Allocation Failure)
[5959.908s][info][gc,heap        ] GC(1934) PSYoungGen: 2514352K(2537984K)->154517K(2575872K) Eden: 2355712K(2355712K)->0K(2355712K) From: 158640K(182272K)->154517K(220160K)
[5959.908s][info][gc,heap        ] GC(1934) ParOldGen: 4953446K(4953600K)->5061222K(5061632K)
[5959.908s][info][gc,metaspace   ] GC(1934) Metaspace: 29103K(29376K)->29103K(29376K) NonClass: 26001K(26112K)->26001K(26112K) Class: 3102K(3264K)->3102K(3264K)
[5959.908s][info][gc             ] GC(1934) Pause Young (Allocation Failure) 7292M->5093M(7458M) 100.671ms
[5959.908s][info][gc,cpu         ] GC(1934) User=0.56s Sys=0.03s Real=0.10s
..[5961.411s][info][gc,start       ] GC(1935) Pause Young (Allocation Failure)
[5961.516s][info][gc,heap        ] GC(1935) PSYoungGen: 2510229K(2575872K)->169434K(2564608K) Eden: 2355712K(2355712K)->0K(2357760K) From: 154517K(220160K)->169434K(206848K)
[5961.516s][info][gc,heap        ] GC(1935) ParOldGen: 5061222K(5061632K)->5160798K(5160960K)
[5961.516s][info][gc,metaspace   ] GC(1935) Metaspace: 29103K(29376K)->29103K(29376K) NonClass: 26001K(26112K)->26001K(26112K) Class: 3102K(3264K)->3102K(3264K)
[5961.516s][info][gc             ] GC(1935) Pause Young (Allocation Failure) 7393M->5205M(7544M) 105.379ms
[5961.516s][info][gc,cpu         ] GC(1935) User=0.59s Sys=0.03s Real=0.11s
.[5963.056s][info][gc,start       ] GC(1936) Pause Young (Allocation Failure)
[5963.159s][info][gc,heap        ] GC(1936) PSYoungGen: 2527194K(2564608K)->163604K(2571264K) Eden: 2357760K(2357760K)->0K(2357760K) From: 169434K(206848K)->163604K(213504K)
[5963.159s][info][gc,heap        ] GC(1936) ParOldGen: 5160798K(5160960K)->5266166K(5266432K)
[5963.159s][info][gc,metaspace   ] GC(1936) Metaspace: 29103K(29376K)->29103K(29376K) NonClass: 26001K(26112K)->26001K(26112K) Class: 3102K(3264K)->3102K(3264K)
[5963.159s][info][gc             ] GC(1936) Pause Young (Allocation Failure) 7507M->5302M(7654M) 103.974ms
[5963.160s][info][gc,cpu         ] GC(1936) User=0.59s Sys=0.02s Real=0.10s
..[5964.615s][info][gc,start       ] GC(1937) Pause Young (Allocation Failure)
[5964.718s][info][gc,heap        ] GC(1937) PSYoungGen: 2521364K(2571264K)->155924K(2576384K) Eden: 2357760K(2357760K)->0K(2372096K) From: 163604K(213504K)->155924K(204288K)
[5964.718s][info][gc,heap        ] GC(1937) ParOldGen: 5266166K(5266432K)->5370950K(5371392K)
[5964.718s][info][gc,metaspace   ] GC(1937) Metaspace: 29103K(29376K)->29103K(29376K) NonClass: 26001K(26112K)->26001K(26112K) Class: 3102K(3264K)->3102K(3264K)
[5964.718s][info][gc             ] GC(1937) Pause Young (Allocation Failure) 7605M->5397M(7761M) 103.444ms
[5964.718s][info][gc,cpu         ] GC(1937) User=0.58s Sys=0.03s Real=0.10s
.[5966.116s][info][gc,start       ] GC(1938) Pause Young (Allocation Failure)
[5966.217s][info][gc,heap        ] GC(1938) PSYoungGen: 2528020K(2576384K)->159616K(2580992K) Eden: 2372096K(2372096K)->0K(2372096K) From: 155924K(204288K)->159616K(208896K)
[5966.217s][info][gc,heap        ] GC(1938) ParOldGen: 5370950K(5371392K)->5471438K(5471744K)
[5966.217s][info][gc,metaspace   ] GC(1938) Metaspace: 29103K(29376K)->29103K(29376K) NonClass: 26001K(26112K)->26001K(26112K) Class: 3102K(3264K)->3102K(3264K)
[5966.217s][info][gc             ] GC(1938) Pause Young (Allocation Failure) 7713M->5499M(7864M) 100.759ms
[5966.217s][info][gc,cpu         ] GC(1938) User=0.57s Sys=0.02s Real=0.10s
..|[5967.711s][info][gc,start       ] GC(1939) Pause Young (Allocation Failure)
[5967.814s][info][gc,heap        ] GC(1939) PSYoungGen: 2531712K(2580992K)->162560K(2578944K) Eden: 2372096K(2372096K)->0K(2380800K) From: 159616K(208896K)->162560K(198144K)
[5967.814s][info][gc,heap        ] GC(1939) ParOldGen: 5471438K(5471744K)->5575022K(5575168K)
[5967.814s][info][gc,metaspace   ] GC(1939) Metaspace: 29103K(29376K)->29103K(29376K) NonClass: 26001K(26112K)->26001K(26112K) Class: 3102K(3264K)->3102K(3264K)
[5967.814s][info][gc             ] GC(1939) Pause Young (Allocation Failure) 7815M->5603M(7963M) 102.867ms
[5967.814s][info][gc,cpu         ] GC(1939) User=0.58s Sys=0.03s Real=0.10s
.[5969.236s][info][gc,start       ] GC(1940) Pause Full (Allocation Failure)
[5969.236s][info][gc,phases,start] GC(1940) Marking Phase
[5969.549s][info][gc,phases      ] GC(1940) Marking Phase 312.968ms
[5969.549s][info][gc,phases,start] GC(1940) Summary Phase
[5969.549s][info][gc,phases      ] GC(1940) Summary Phase 0.099ms
[5969.549s][info][gc,phases,start] GC(1940) Forward
[5969.668s][info][gc,phases      ] GC(1940) Forward 119.417ms
[5969.668s][info][gc,phases,start] GC(1940) Adjust Pointers
[5969.880s][info][gc,phases      ] GC(1940) Adjust Pointers 211.597ms
[5969.880s][info][gc,phases,start] GC(1940) Compaction Phase
[5970.029s][info][gc,phases      ] GC(1940) Compaction Phase 149.168ms
[5970.030s][info][gc,phases,start] GC(1940) Post Compact
[5970.037s][info][gc,phases      ] GC(1940) Post Compact 6.874ms
[5970.162s][info][gc,heap        ] GC(1940) PSYoungGen: 2543360K(2578944K)->0K(2584064K) Eden: 2380800K(2380800K)->0K(2380800K) From: 162560K(198144K)->0K(203264K)
[5970.162s][info][gc,heap        ] GC(1940) ParOldGen: 5575022K(5575168K)->1615864K(2040320K)
[5970.162s][info][gc,metaspace   ] GC(1940) Metaspace: 29103K(29376K)->29103K(29376K) NonClass: 26001K(26112K)->26001K(26112K) Class: 3102K(3264K)->3102K(3264K)
[5970.162s][info][gc             ] GC(1940) Pause Full (Allocation Failure) 7928M->1577M(4516M) 926.374ms
[5970.162s][info][gc,cpu         ] GC(1940) User=4.39s Sys=0.12s Real=0.92s
..[5971.416s][info][gc,start       ] GC(1941) Pause Young (Allocation Failure)
[5971.488s][info][gc,heap        ] GC(1941) PSYoungGen: 2380800K(2584064K)->176432K(2592768K) Eden: 2380800K(2380800K)->0K(2389504K) From: 0K(203264K)->176432K(203264K)
[5971.488s][info][gc,heap        ] GC(1941) ParOldGen: 1615864K(2040320K)->1615864K(2040320K)
[5971.488s][info][gc,metaspace   ] GC(1941) Metaspace: 29103K(29376K)->29103K(29376K) NonClass: 26001K(26112K)->26001K(26112K) Class: 3102K(3264K)->3102K(3264K)
[5971.488s][info][gc             ] GC(1941) Pause Young (Allocation Failure) 3902M->1750M(4524M) 72.508ms
[5971.488s][info][gc,cpu         ] GC(1941) User=0.43s Sys=0.00s Real=0.07s
.[5972.714s][info][gc,start       ] GC(1942) Pause Young (Allocation Failure)
[5972.808s][info][gc,heap        ] GC(1942) PSYoungGen: 2565936K(2592768K)->158020K(2547712K) Eden: 2389504K(2389504K)->0K(2389504K) From: 176432K(203264K)->158020K(158208K)
[5972.808s][info][gc,heap        ] GC(1942) ParOldGen: 1615864K(2040320K)->1719712K(2040320K)
[5972.808s][info][gc,metaspace   ] GC(1942) Metaspace: 29103K(29376K)->29103K(29376K) NonClass: 26001K(26112K)->26001K(26112K) Class: 3102K(3264K)->3102K(3264K)
[5972.808s][info][gc             ] GC(1942) Pause Young (Allocation Failure) 4083M->1833M(4480M) 94.062ms
[5972.808s][info][gc,cpu         ] GC(1942) User=0.56s Sys=0.00s Real=0.10s
.[5974.109s][info][gc,start       ] GC(1943) Pause Young (Allocation Failure)
[5974.253s][info][gc,heap        ] GC(1943) PSYoungGen: 2547524K(2547712K)->166000K(2593792K) Eden: 2389504K(2389504K)->0K(2392576K) From: 158020K(158208K)->166000K(201216K)
[5974.253s][info][gc,heap        ] GC(1943) ParOldGen: 1719712K(2040320K)->1824120K(2040320K)
[5974.253s][info][gc,metaspace   ] GC(1943) Metaspace: 29103K(29376K)->29103K(29376K) NonClass: 26001K(26112K)->26001K(26112K) Class: 3102K(3264K)->3102K(3264K)
[5974.253s][info][gc             ] GC(1943) Pause Young (Allocation Failure) 4167M->1943M(4525M) 143.312ms
[5974.253s][info][gc,cpu         ] GC(1943) User=0.58s Sys=0.00s Real=0.14s
..[5975.662s][info][gc,start       ] GC(1944) Pause Young (Allocation Failure)
[5975.755s][info][gc,heap        ] GC(1944) PSYoungGen: 2558576K(2593792K)->159136K(2590720K) Eden: 2392576K(2392576K)->0K(2392576K) From: 166000K(201216K)->159136K(198144K)
[5975.755s][info][gc,heap        ] GC(1944) ParOldGen: 1824120K(2040320K)->1923984K(2040320K)
[5975.755s][info][gc,metaspace   ] GC(1944) Metaspace: 29103K(29376K)->29103K(29376K) NonClass: 26001K(26112K)->26001K(26112K) Class: 3102K(3264K)->3102K(3264K)
[5975.755s][info][gc             ] GC(1944) Pause Young (Allocation Failure) 4279M->2034M(4522M) 93.563ms
[5975.756s][info][gc,cpu         ] GC(1944) User=0.55s Sys=0.00s Real=0.10s
.[5977.280s][info][gc,start       ] GC(1945) Pause Young (Allocation Failure)
[5977.372s][info][gc,heap        ] GC(1945) PSYoungGen: 2551712K(2590720K)->148064K(2592768K) Eden: 2392576K(2392576K)->0K(2396672K) From: 159136K(198144K)->148064K(196096K)
[5977.372s][info][gc,heap        ] GC(1945) ParOldGen: 1923984K(2040320K)->2030832K(2040320K)
[5977.372s][info][gc,metaspace   ] GC(1945) Metaspace: 29103K(29376K)->29103K(29376K) NonClass: 26001K(26112K)->26001K(26112K) Class: 3102K(3264K)->3102K(3264K)
[5977.372s][info][gc             ] GC(1945) Pause Young (Allocation Failure) 4370M->2127M(4524M) 92.668ms
[5977.373s][info][gc,cpu         ] GC(1945) User=0.55s Sys=0.00s Real=0.09s
..[5978.917s][info][gc,start       ] GC(1946) Pause Young (Allocation Failure)
[5979.016s][info][gc,heap        ] GC(1946) PSYoungGen: 2544736K(2592768K)->161844K(2592768K) Eden: 2396672K(2396672K)->0K(2396672K) From: 148064K(196096K)->161844K(196096K)
[5979.016s][info][gc,heap        ] GC(1946) ParOldGen: 2030832K(2040320K)->2130872K(2130944K)
[5979.016s][info][gc,metaspace   ] GC(1946) Metaspace: 29103K(29376K)->29103K(29376K) NonClass: 26001K(26112K)->26001K(26112K) Class: 3102K(3264K)->3102K(3264K)
[5979.016s][info][gc             ] GC(1946) Pause Young (Allocation Failure) 4468M->2238M(4613M) 98.991ms
[5979.016s][info][gc,cpu         ] GC(1946) User=0.57s Sys=0.02s Real=0.10s
.[5980.521s][info][gc,start       ] GC(1947) Pause Young (Allocation Failure)
[5980.624s][info][gc,heap        ] GC(1947) PSYoungGen: 2558516K(2592768K)->163508K(2596352K) Eden: 2396672K(2396672K)->0K(2406400K) From: 161844K(196096K)->163508K(189952K)
[5980.624s][info][gc,heap        ] GC(1947) ParOldGen: 2130872K(2130944K)->2236280K(2236416K)
[5980.624s][info][gc,metaspace   ] GC(1947) Metaspace: 29103K(29376K)->29103K(29376K) NonClass: 26001K(26112K)->26001K(26112K) Class: 3102K(3264K)->3102K(3264K)
[5980.624s][info][gc             ] GC(1947) Pause Young (Allocation Failure) 4579M->2343M(4719M) 102.692ms
[5980.624s][info][gc,cpu         ] GC(1947) User=0.57s Sys=0.04s Real=0.10s
..[5982.112s][info][gc,start       ] GC(1948) Pause Young (Allocation Failure)
[5982.210s][info][gc,heap        ] GC(1948) PSYoungGen: 2569908K(2596352K)->161024K(2596864K) Eden: 2406400K(2406400K)->0K(2406400K) From: 163508K(189952K)->161024K(190464K)
[5982.210s][info][gc,heap        ] GC(1948) ParOldGen: 2236280K(2236416K)->2338768K(2338816K)
[5982.210s][info][gc,metaspace   ] GC(1948) Metaspace: 29103K(29376K)->29103K(29376K) NonClass: 26001K(26112K)->26001K(26112K) Class: 3102K(3264K)->3102K(3264K)
[5982.210s][info][gc             ] GC(1948) Pause Young (Allocation Failure) 4693M->2441M(4820M) 98.732ms
[5982.211s][info][gc,cpu         ] GC(1948) User=0.55s Sys=0.03s Real=0.10s
..[5983.711s][info][gc,start       ] GC(1949) Pause Young (Allocation Failure)
[5983.815s][info][gc,heap        ] GC(1949) PSYoungGen: 2567424K(2596864K)->175120K(2602496K) Eden: 2406400K(2406400K)->0K(2414080K) From: 161024K(190464K)->175120K(188416K)
[5983.815s][info][gc,heap        ] GC(1949) ParOldGen: 2338768K(2338816K)->2441688K(2441728K)
[5983.815s][info][gc,metaspace   ] GC(1949) Metaspace: 29103K(29376K)->29103K(29376K) NonClass: 26001K(26112K)->26001K(26112K) Class: 3102K(3264K)->3102K(3264K)
[5983.815s][info][gc             ] GC(1949) Pause Young (Allocation Failure) 4791M->2555M(4926M) 104.310ms
[5983.815s][info][gc,cpu         ] GC(1949) User=0.57s Sys=0.04s Real=0.11s
.[5985.307s][info][gc,start       ] GC(1950) Pause Young (Allocation Failure)
[5985.404s][info][gc,heap        ] GC(1950) PSYoungGen: 2589200K(2602496K)->150048K(2604032K) Eden: 2414080K(2414080K)->0K(2414080K) From: 175120K(188416K)->150048K(189952K)
[5985.404s][info][gc,heap        ] GC(1950) ParOldGen: 2441688K(2441728K)->2544936K(2545152K)
[5985.404s][info][gc,metaspace   ] GC(1950) Metaspace: 29103K(29376K)->29103K(29376K) NonClass: 26001K(26112K)->26001K(26112K) Class: 3102K(3264K)->3102K(3264K)
[5985.404s][info][gc             ] GC(1950) Pause Young (Allocation Failure) 4912M->2631M(5028M) 96.397ms
[5985.404s][info][gc,cpu         ] GC(1950) User=0.54s Sys=0.02s Real=0.09s
..[5987.029s][info][gc,start       ] GC(1951) Pause Young (Allocation Failure)
[5987.128s][info][gc,heap        ] GC(1951) PSYoungGen: 2564128K(2604032K)->160704K(2601984K) Eden: 2414080K(2414080K)->0K(2416128K) From: 150048K(189952K)->160704K(185856K)
[5987.128s][info][gc,heap        ] GC(1951) ParOldGen: 2544936K(2545152K)->2648456K(2648576K)
[5987.128s][info][gc,metaspace   ] GC(1951) Metaspace: 29103K(29376K)->29103K(29376K) NonClass: 26001K(26112K)->26001K(26112K) Class: 3102K(3264K)->3102K(3264K)
[5987.128s][info][gc             ] GC(1951) Pause Young (Allocation Failure) 4989M->2743M(5127M) 98.851ms
[5987.128s][info][gc,cpu         ] GC(1951) User=0.56s Sys=0.03s Real=0.10s
.[5988.683s][info][gc,start       ] GC(1952) Pause Young (Allocation Failure)
[5988.781s][info][gc,heap        ] GC(1952) PSYoungGen: 2576832K(2601984K)->150080K(2604032K) Eden: 2416128K(2416128K)->0K(2416128K) From: 160704K(185856K)->150080K(187904K)
[5988.781s][info][gc,heap        ] GC(1952) ParOldGen: 2648456K(2648576K)->2756152K(2756608K)
[5988.781s][info][gc,metaspace   ] GC(1952) Metaspace: 29103K(29376K)->29103K(29376K) NonClass: 26001K(26112K)->26001K(26112K) Class: 3102K(3264K)->3102K(3264K)
[5988.781s][info][gc             ] GC(1952) Pause Young (Allocation Failure) 5102M->2838M(5235M) 98.221ms
[5988.781s][info][gc,cpu         ] GC(1952) User=0.55s Sys=0.03s Real=0.10s
..[5990.253s][info][gc,start       ] GC(1953) Pause Young (Allocation Failure)
[5990.354s][info][gc,heap        ] GC(1953) PSYoungGen: 2566208K(2604032K)->161349K(2603008K) Eden: 2416128K(2416128K)->0K(2420224K) From: 150080K(187904K)->161349K(182784K)
[5990.354s][info][gc,heap        ] GC(1953) ParOldGen: 2756152K(2756608K)->2857008K(2857472K)
[5990.354s][info][gc,metaspace   ] GC(1953) Metaspace: 29103K(29376K)->29103K(29376K) NonClass: 26001K(26112K)->26001K(26112K) Class: 3102K(3264K)->3102K(3264K)
[5990.354s][info][gc             ] GC(1953) Pause Young (Allocation Failure) 5197M->2947M(5332M) 100.420ms
[5990.354s][info][gc,cpu         ] GC(1953) User=0.57s Sys=0.02s Real=0.10s
..[5991.836s][info][gc,start       ] GC(1954) Pause Young (Allocation Failure)
[5991.934s][info][gc,heap        ] GC(1954) PSYoungGen: 2581573K(2603008K)->160096K(2605568K) Eden: 2420224K(2420224K)->0K(2420224K) From: 161349K(182784K)->160096K(185344K)
[5991.934s][info][gc,heap        ] GC(1954) ParOldGen: 2857008K(2857472K)->2957656K(2957824K)
[5991.934s][info][gc,metaspace   ] GC(1954) Metaspace: 29103K(29376K)->29103K(29376K) NonClass: 26001K(26112K)->26001K(26112K) Class: 3102K(3264K)->3102K(3264K)
[5991.934s][info][gc             ] GC(1954) Pause Young (Allocation Failure) 5311M->3044M(5433M) 97.846ms
[5991.934s][info][gc,cpu         ] GC(1954) User=0.55s Sys=0.03s Real=0.09s
.[5993.516s][info][gc,start       ] GC(1955) Pause Young (Allocation Failure)
[5993.620s][info][gc,heap        ] GC(1955) PSYoungGen: 2580320K(2605568K)->169092K(2610688K) Eden: 2420224K(2420224K)->0K(2427392K) From: 160096K(185344K)->169092K(183296K)
[5993.620s][info][gc,heap        ] GC(1955) ParOldGen: 2957656K(2957824K)->3059520K(3059712K)
[5993.620s][info][gc,metaspace   ] GC(1955) Metaspace: 29103K(29376K)->29103K(29376K) NonClass: 26001K(26112K)->26001K(26112K) Class: 3102K(3264K)->3102K(3264K)
[5993.620s][info][gc             ] GC(1955) Pause Young (Allocation Failure) 5408M->3152M(5537M) 104.144ms
[5993.620s][info][gc,cpu         ] GC(1955) User=0.58s Sys=0.04s Real=0.10s
..[5995.000s][info][gc,start       ] GC(1956) Pause Young (Allocation Failure)
[5995.105s][info][gc,heap        ] GC(1956) PSYoungGen: 2596484K(2610688K)->170372K(2611200K) Eden: 2427392K(2427392K)->0K(2427392K) From: 169092K(183296K)->170372K(183808K)
[5995.105s][info][gc,heap        ] GC(1956) ParOldGen: 3059520K(3059712K)->3166240K(3166720K)
[5995.105s][info][gc,metaspace   ] GC(1956) Metaspace: 29103K(29376K)->29103K(29376K) NonClass: 26001K(26112K)->26001K(26112K) Class: 3102K(3264K)->3102K(3264K)
[5995.105s][info][gc             ] GC(1956) Pause Young (Allocation Failure) 5523M->3258M(5642M) 104.781ms
[5995.105s][info][gc,cpu         ] GC(1956) User=0.59s Sys=0.03s Real=0.11s
.[5996.611s][info][gc,start       ] GC(1957) Pause Young (Allocation Failure)
[5996.713s][info][gc,heap        ] GC(1957) PSYoungGen: 2597764K(2611200K)->163859K(2609152K) Eden: 2427392K(2427392K)->0K(2427392K) From: 170372K(183808K)->163859K(181760K)
[5996.713s][info][gc,heap        ] GC(1957) ParOldGen: 3166240K(3166720K)->3268128K(3268608K)
[5996.713s][info][gc,metaspace   ] GC(1957) Metaspace: 29103K(29376K)->29103K(29376K) NonClass: 26001K(26112K)->26001K(26112K) Class: 3102K(3264K)->3102K(3264K)
[5996.713s][info][gc             ] GC(1957) Pause Young (Allocation Failure) 5628M->3351M(5740M) 101.615ms
[5996.713s][info][gc,cpu         ] GC(1957) User=0.56s Sys=0.04s Real=0.10s
..[5998.306s][info][gc,start       ] GC(1958) Pause Young (Allocation Failure)
[5998.414s][info][gc,heap        ] GC(1958) PSYoungGen: 2591251K(2609152K)->172239K(2610176K) Eden: 2427392K(2427392K)->0K(2427392K) From: 163859K(181760K)->172239K(182784K)
[5998.414s][info][gc,heap        ] GC(1958) ParOldGen: 3268128K(3268608K)->3375896K(3376128K)
[5998.414s][info][gc,metaspace   ] GC(1958) Metaspace: 29103K(29376K)->29103K(29376K) NonClass: 26001K(26112K)->26001K(26112K) Class: 3102K(3264K)->3102K(3264K)
[5998.414s][info][gc             ] GC(1958) Pause Young (Allocation Failure) 5722M->3464M(5846M) 108.149ms
[5998.414s][info][gc,cpu         ] GC(1958) User=0.60s Sys=0.03s Real=0.10s
..[5999.876s][info][gc,start       ] GC(1959) Pause Young (Allocation Failure)
[5999.979s][info][gc,heap        ] GC(1959) PSYoungGen: 2599631K(2610176K)->171140K(2610688K) Eden: 2427392K(2427392K)->0K(2426368K) From: 172239K(182784K)->171140K(184320K)
[5999.979s][info][gc,heap        ] GC(1959) ParOldGen: 3375896K(3376128K)->3475384K(3475456K)
[5999.979s][info][gc,metaspace   ] GC(1959) Metaspace: 29103K(29376K)->29103K(29376K) NonClass: 26001K(26112K)->26001K(26112K) Class: 3102K(3264K)->3102K(3264K)
[5999.979s][info][gc             ] GC(1959) Pause Young (Allocation Failure) 5835M->3561M(5943M) 103.428ms
[5999.979s][info][gc,cpu         ] GC(1959) User=0.58s Sys=0.03s Real=0.10s
.[6001.409s][info][gc,start       ] GC(1960) Pause Young (Allocation Failure)
[6001.506s][info][gc,heap        ] GC(1960) PSYoungGen: 2597508K(2610688K)->148448K(2574848K) Eden: 2426368K(2426368K)->0K(2426368K) From: 171140K(184320K)->148448K(148480K)
[6001.506s][info][gc,heap        ] GC(1960) ParOldGen: 3475384K(3475456K)->3582928K(3582976K)
[6001.506s][info][gc,metaspace   ] GC(1960) Metaspace: 29103K(29376K)->29103K(29376K) NonClass: 26001K(26112K)->26001K(26112K) Class: 3102K(3264K)->3102K(3264K)
[6001.506s][info][gc             ] GC(1960) Pause Young (Allocation Failure) 5930M->3643M(6013M) 96.737ms
[6001.506s][info][gc,cpu         ] GC(1960) User=0.55s Sys=0.03s Real=0.10s
..[6002.988s][info][gc,start       ] GC(1961) Pause Young (Allocation Failure)
[6003.089s][info][gc,heap        ] GC(1961) PSYoungGen: 2574816K(2574848K)->164672K(2612224K) Eden: 2426368K(2426368K)->0K(2426368K) From: 148448K(148480K)->164672K(185856K)
[6003.089s][info][gc,heap        ] GC(1961) ParOldGen: 3582928K(3582976K)->3685312K(3685376K)
[6003.089s][info][gc,metaspace   ] GC(1961) Metaspace: 29103K(29376K)->29103K(29376K) NonClass: 26001K(26112K)->26001K(26112K) Class: 3102K(3264K)->3102K(3264K)
[6003.089s][info][gc             ] GC(1961) Pause Young (Allocation Failure) 6013M->3759M(6150M) 100.773ms
[6003.089s][info][gc,cpu         ] GC(1961) User=0.56s Sys=0.03s Real=0.10s
.[6004.713s][info][gc,start       ] GC(1962) Pause Young (Allocation Failure)
[6004.814s][info][gc,heap        ] GC(1962) PSYoungGen: 2591040K(2612224K)->162512K(2589184K) Eden: 2426368K(2426368K)->0K(2426368K) From: 164672K(185856K)->162512K(162816K)
[6004.814s][info][gc,heap        ] GC(1962) ParOldGen: 3685312K(3685376K)->3789968K(3790336K)
[6004.814s][info][gc,metaspace   ] GC(1962) Metaspace: 29103K(29376K)->29103K(29376K) NonClass: 26001K(26112K)->26001K(26112K) Class: 3102K(3264K)->3102K(3264K)
[6004.814s][info][gc             ] GC(1962) Pause Young (Allocation Failure) 6129M->3859M(6230M) 101.505ms
[6004.814s][info][gc,cpu         ] GC(1962) User=0.56s Sys=0.03s Real=0.10s
..[6006.465s][info][gc,start       ] GC(1963) Pause Young (Allocation Failure)
[6006.565s][info][gc,heap        ] GC(1963) PSYoungGen: 2588880K(2589184K)->154336K(2609152K) Eden: 2426368K(2426368K)->0K(2426880K) From: 162512K(162816K)->154336K(182272K)
[6006.565s][info][gc,heap        ] GC(1963) ParOldGen: 3789968K(3790336K)->3892144K(3892224K)
[6006.565s][info][gc,metaspace   ] GC(1963) Metaspace: 29103K(29376K)->29103K(29376K) NonClass: 26001K(26112K)->26001K(26112K) Class: 3102K(3264K)->3102K(3264K)
[6006.565s][info][gc             ] GC(1963) Pause Young (Allocation Failure) 6229M->3951M(6349M) 99.461ms
[6006.565s][info][gc,cpu         ] GC(1963) User=0.56s Sys=0.03s Real=0.10s
..[6008.162s][info][gc,start       ] GC(1964) Pause Young (Allocation Failure)
[6008.259s][info][gc,heap        ] GC(1964) PSYoungGen: 2581216K(2609152K)->144096K(2608640K) Eden: 2426880K(2426880K)->0K(2426880K) From: 154336K(182272K)->144096K(181760K)
[6008.259s][info][gc,heap        ] GC(1964) ParOldGen: 3892144K(3892224K)->4000776K(4001280K)
[6008.259s][info][gc,metaspace   ] GC(1964) Metaspace: 29103K(29376K)->29103K(29376K) NonClass: 26001K(26112K)->26001K(26112K) Class: 3102K(3264K)->3102K(3264K)
[6008.259s][info][gc             ] GC(1964) Pause Young (Allocation Failure) 6321M->4047M(6455M) 96.741ms
[6008.259s][info][gc,cpu         ] GC(1964) User=0.54s Sys=0.04s Real=0.10s
.[6009.850s][info][gc,start       ] GC(1965) Pause Young (Allocation Failure)
[6009.949s][info][gc,heap        ] GC(1965) PSYoungGen: 2570976K(2608640K)->158240K(2612224K) Eden: 2426880K(2426880K)->0K(2431488K) From: 144096K(181760K)->158240K(180736K)
[6009.949s][info][gc,heap        ] GC(1965) ParOldGen: 4000776K(4001280K)->4102488K(4102656K)
[6009.949s][info][gc,metaspace   ] GC(1965) Metaspace: 29103K(29376K)->29103K(29376K) NonClass: 26001K(26112K)->26001K(26112K) Class: 3102K(3264K)->3102K(3264K)
[6009.949s][info][gc             ] GC(1965) Pause Young (Allocation Failure) 6417M->4160M(6557M) 99.081ms
[6009.949s][info][gc,cpu         ] GC(1965) User=0.56s Sys=0.03s Real=0.10s
..[6011.501s][info][gc,start       ] GC(1966) Pause Young (Allocation Failure)
[6011.604s][info][gc,heap        ] GC(1966) PSYoungGen: 2589728K(2612224K)->162917K(2612736K) Eden: 2431488K(2431488K)->0K(2431488K) From: 158240K(180736K)->162917K(181248K)
[6011.604s][info][gc,heap        ] GC(1966) ParOldGen: 4102488K(4102656K)->4205728K(4206080K)
[6011.604s][info][gc,metaspace   ] GC(1966) Metaspace: 29103K(29376K)->29103K(29376K) NonClass: 26001K(26112K)->26001K(26112K) Class: 3102K(3264K)->3102K(3264K)
[6011.604s][info][gc             ] GC(1966) Pause Young (Allocation Failure) 6535M->4266M(6659M) 103.100ms
[6011.604s][info][gc,cpu         ] GC(1966) User=0.58s Sys=0.03s Real=0.10s
..[6013.148s][info][gc,start       ] GC(1967) Pause Young (Allocation Failure)
[6013.246s][info][gc,heap        ] GC(1967) PSYoungGen: 2594405K(2612736K)->150464K(2614272K) Eden: 2431488K(2431488K)->0K(2434560K) From: 162917K(181248K)->150464K(179712K)
[6013.246s][info][gc,heap        ] GC(1967) ParOldGen: 4205728K(4206080K)->4308608K(4308992K)
[6013.246s][info][gc,metaspace   ] GC(1967) Metaspace: 29103K(29376K)->29103K(29376K) NonClass: 26001K(26112K)->26001K(26112K) Class: 3102K(3264K)->3102K(3264K)
[6013.246s][info][gc             ] GC(1967) Pause Young (Allocation Failure) 6640M->4354M(6761M) 98.180ms
[6013.246s][info][gc,cpu         ] GC(1967) User=0.54s Sys=0.03s Real=0.10s
.[6014.826s][info][gc,start       ] GC(1968) Pause Young (Allocation Failure)
[6014.928s][info][gc,heap        ] GC(1968) PSYoungGen: 2585024K(2614272K)->164224K(2614272K) Eden: 2434560K(2434560K)->0K(2434560K) From: 150464K(179712K)->164224K(179712K)
[6014.928s][info][gc,heap        ] GC(1968) ParOldGen: 4308608K(4308992K)->4410640K(4410880K)
[6014.928s][info][gc,metaspace   ] GC(1968) Metaspace: 29103K(29376K)->29103K(29376K) NonClass: 26001K(26112K)->26001K(26112K) Class: 3102K(3264K)->3102K(3264K)
[6014.928s][info][gc             ] GC(1968) Pause Young (Allocation Failure) 6732M->4467M(6860M) 101.464ms
[6014.928s][info][gc,cpu         ] GC(1968) User=0.57s Sys=0.03s Real=0.10s
..[6016.393s][info][gc,start       ] GC(1969) Pause Young (Allocation Failure)
[6016.492s][info][gc,heap        ] GC(1969) PSYoungGen: 2598784K(2614272K)->150080K(2615296K) Eden: 2434560K(2434560K)->0K(2436608K) From: 164224K(179712K)->150080K(178688K)
[6016.492s][info][gc,heap        ] GC(1969) ParOldGen: 4410640K(4410880K)->4517352K(4517376K)
[6016.492s][info][gc,metaspace   ] GC(1969) Metaspace: 29103K(29376K)->29103K(29376K) NonClass: 26001K(26112K)->26001K(26112K) Class: 3102K(3264K)->3102K(3264K)
[6016.492s][info][gc             ] GC(1969) Pause Young (Allocation Failure) 6845M->4558M(6965M) 98.717ms
[6016.492s][info][gc,cpu         ] GC(1969) User=0.53s Sys=0.04s Real=0.10s
.[6017.975s][info][gc,start       ] GC(1970) Pause Young (Allocation Failure)
[6018.077s][info][gc,heap        ] GC(1970) PSYoungGen: 2586688K(2615296K)->161120K(2615808K) Eden: 2436608K(2436608K)->0K(2436608K) From: 150080K(178688K)->161120K(179200K)
[6018.077s][info][gc,heap        ] GC(1970) ParOldGen: 4517352K(4517376K)->4621000K(4621312K)
[6018.077s][info][gc,metaspace   ] GC(1970) Metaspace: 29103K(29376K)->29103K(29376K) NonClass: 26001K(26112K)->26001K(26112K) Class: 3102K(3264K)->3102K(3264K)
[6018.077s][info][gc             ] GC(1970) Pause Young (Allocation Failure) 6937M->4670M(7067M) 101.884ms
[6018.077s][info][gc,cpu         ] GC(1970) User=0.58s Sys=0.02s Real=0.10s
..[6019.643s][info][gc,start       ] GC(1971) Pause Young (Allocation Failure)
[6019.749s][info][gc,heap        ] GC(1971) PSYoungGen: 2597728K(2615808K)->161792K(2615296K) Eden: 2436608K(2436608K)->0K(2438656K) From: 161120K(179200K)->161792K(176640K)
[6019.749s][info][gc,heap        ] GC(1971) ParOldGen: 4621000K(4621312K)->4725728K(4725760K)
[6019.749s][info][gc,metaspace   ] GC(1971) Metaspace: 29103K(29376K)->29103K(29376K) NonClass: 26001K(26112K)->26001K(26112K) Class: 3102K(3264K)->3102K(3264K)
[6019.749s][info][gc             ] GC(1971) Pause Young (Allocation Failure) 7049M->4772M(7169M) 105.510ms
[6019.749s][info][gc,cpu         ] GC(1971) User=0.59s Sys=0.03s Real=0.11s
..[6021.279s][info][gc,start       ] GC(1972) Pause Young (Allocation Failure)
[6021.376s][info][gc,heap        ] GC(1972) PSYoungGen: 2600448K(2615296K)->148256K(2615808K) Eden: 2438656K(2438656K)->0K(2438656K) From: 161792K(176640K)->148256K(177152K)
[6021.376s][info][gc,heap        ] GC(1972) ParOldGen: 4725728K(4725760K)->4829256K(4829696K)
[6021.376s][info][gc,metaspace   ] GC(1972) Metaspace: 29103K(29376K)->29103K(29376K) NonClass: 26001K(26112K)->26001K(26112K) Class: 3102K(3264K)->3102K(3264K)
[6021.376s][info][gc             ] GC(1972) Pause Young (Allocation Failure) 7154M->4860M(7271M) 97.111ms
[6021.376s][info][gc,cpu         ] GC(1972) User=0.54s Sys=0.04s Real=0.10s
.[6022.851s][info][gc,start       ] GC(1973) Pause Young (Allocation Failure)
[6022.957s][info][gc,heap        ] GC(1973) PSYoungGen: 2586912K(2615808K)->168292K(2614784K) Eden: 2438656K(2438656K)->0K(2437632K) From: 148256K(177152K)->168292K(177152K)
[6022.958s][info][gc,heap        ] GC(1973) ParOldGen: 4829256K(4829696K)->4934744K(4935168K)
[6022.958s][info][gc,metaspace   ] GC(1973) Metaspace: 29103K(29376K)->29103K(29376K) NonClass: 26001K(26112K)->26001K(26112K) Class: 3102K(3264K)->3102K(3264K)
[6022.958s][info][gc             ] GC(1973) Pause Young (Allocation Failure) 7242M->4983M(7373M) 106.147ms
[6022.958s][info][gc,cpu         ] GC(1973) User=0.60s Sys=0.03s Real=0.11s
..[6024.590s][info][gc,start       ] GC(1974) Pause Young (Allocation Failure)
[6024.692s][info][gc,heap        ] GC(1974) PSYoungGen: 2605924K(2614784K)->158368K(2616832K) Eden: 2437632K(2437632K)->0K(2437632K) From: 168292K(177152K)->158368K(179200K)
[6024.692s][info][gc,heap        ] GC(1974) ParOldGen: 4934744K(4935168K)->5037568K(5038080K)
[6024.692s][info][gc,metaspace   ] GC(1974) Metaspace: 29103K(29376K)->29103K(29376K) NonClass: 26001K(26112K)->26001K(26112K) Class: 3102K(3264K)->3102K(3264K)
[6024.692s][info][gc             ] GC(1974) Pause Young (Allocation Failure) 7363M->5074M(7475M) 101.698ms
[6024.692s][info][gc,cpu         ] GC(1974) User=0.57s Sys=0.03s Real=0.10s
..[6026.314s][info][gc,start       ] GC(1975) Pause Young (Allocation Failure)
[6026.418s][info][gc,heap        ] GC(1975) PSYoungGen: 2596000K(2616832K)->159402K(2613760K) Eden: 2437632K(2437632K)->0K(2439680K) From: 158368K(179200K)->159402K(174080K)
[6026.418s][info][gc,heap        ] GC(1975) ParOldGen: 5037568K(5038080K)->5142264K(5142528K)
[6026.418s][info][gc,metaspace   ] GC(1975) Metaspace: 29103K(29376K)->29103K(29376K) NonClass: 26001K(26112K)->26001K(26112K) Class: 3102K(3264K)->3102K(3264K)
[6026.418s][info][gc             ] GC(1975) Pause Young (Allocation Failure) 7454M->5177M(7574M) 103.634ms
[6026.418s][info][gc,cpu         ] GC(1975) User=0.58s Sys=0.03s Real=0.11s
.[6027.936s][info][gc,start       ] GC(1976) Pause Young (Allocation Failure)
[6028.040s][info][gc,heap        ] GC(1976) PSYoungGen: 2599082K(2613760K)->165029K(2615296K) Eden: 2439680K(2439680K)->0K(2439680K) From: 159402K(174080K)->165029K(175616K)
[6028.040s][info][gc,heap        ] GC(1976) ParOldGen: 5142264K(5142528K)->5245520K(5245952K)
[6028.040s][info][gc,metaspace   ] GC(1976) Metaspace: 29103K(29376K)->29103K(29376K) NonClass: 26001K(26112K)->26001K(26112K) Class: 3102K(3264K)->3102K(3264K)
[6028.040s][info][gc             ] GC(1976) Pause Young (Allocation Failure) 7559M->5283M(7677M) 103.745ms
[6028.040s][info][gc,cpu         ] GC(1976) User=0.58s Sys=0.04s Real=0.10s
. (rIR:aIR:PR = 10378:10361:10361) (tPR = 156444) [OK] 
  6028s: Performance info:
         Transaction,    Success,    Partial,     Failed,   Receipts, AvgBarcode, 
             Overall,     631263,          0,          0,     599704,      59.47, 
         Response times:
             Request,    Success,    Partial,     Failed,   SkipFail,     Probes,    Samples,      min,      p50,      p90,      p95,      p99,      max, 
       TotalPurchase,     599680,          0,          0,          0,     347972,     471142,      300,     8800,    95000,   194000,   855700,  1100000,
     InStorePurchase,     311892,          0,          0,          0,     182030,     246780,      300,     8700,    95000,   192000,   850000,   940000,
      OnlinePurchase,     225769,          0,          0,          0,     128756,     173510,      300,     8800,    96000,   198000,   860000,   930000,
        InstPurchase,      62019,          0,          0,          0,      37186,      50852,      400,     9000,    96000,   193000,   880000,  1100000,
          AssocOfCat,        631,          0,          0,          0,        532,        835,    19500,    54000,   164800,   270000,   435200,   511000,
      AssocOfProduct,       6400,          0,          0,          0,       3489,       4930,      800,     8900,    88000,   230450,   930000,  1500000,
      BusinessReport,       1583,          0,          0,          0,       1391,       2020,    32000,    64000,   173000,   315000,  1200000,  1500000,
          CustBuyBeh,       6300,          0,          0,          0,       3456,       4898,      200,     8700,    95000,   228000,   930000,  1100000,
       ProductReturn,      16699,          0,          0,          0,       9638,      13447,      200,     7800,    91000,   192000,   301520,   680000,

  6028s: (76%)   IR =  10516 .[6029.589s][info][gc,start       ] GC(1977) Pause Young (Allocation Failure)
[6029.696s][info][gc,heap        ] GC(1977) PSYoungGen: 2604709K(2615296K)->170980K(2614784K) Eden: 2439680K(2439680K)->0K(2438656K) From: 165029K(175616K)->170980K(176128K)
[6029.696s][info][gc,heap        ] GC(1977) ParOldGen: 5245520K(5245952K)->5350408K(5350912K)
[6029.696s][info][gc,metaspace   ] GC(1977) Metaspace: 29103K(29376K)->29103K(29376K) NonClass: 26001K(26112K)->26001K(26112K) Class: 3102K(3264K)->3102K(3264K)
[6029.696s][info][gc             ] GC(1977) Pause Young (Allocation Failure) 7666M->5391M(7779M) 107.679ms
[6029.696s][info][gc,cpu         ] GC(1977) User=0.59s Sys=0.04s Real=0.11s
.[6031.282s][info][gc,start       ] GC(1978) Pause Young (Allocation Failure)
[6031.384s][info][gc,heap        ] GC(1978) PSYoungGen: 2609636K(2614784K)->155344K(2617344K) Eden: 2438656K(2438656K)->0K(2438656K) From: 170980K(176128K)->155344K(178688K)
[6031.384s][info][gc,heap        ] GC(1978) ParOldGen: 5350408K(5350912K)->5454144K(5454336K)
[6031.384s][info][gc,metaspace   ] GC(1978) Metaspace: 29103K(29376K)->29103K(29376K) NonClass: 26001K(26112K)->26001K(26112K) Class: 3102K(3264K)->3102K(3264K)
[6031.384s][info][gc             ] GC(1978) Pause Young (Allocation Failure) 7773M->5478M(7882M) 101.886ms
[6031.384s][info][gc,cpu         ] GC(1978) User=0.56s Sys=0.03s Real=0.10s
..[6032.879s][info][gc,start       ] GC(1979) Pause Young (Allocation Failure)
[6032.984s][info][gc,heap        ] GC(1979) PSYoungGen: 2594000K(2617344K)->165636K(2617344K) Eden: 2438656K(2438656K)->0K(2439680K) From: 155344K(178688K)->165636K(177664K)
[6032.984s][info][gc,heap        ] GC(1979) ParOldGen: 5454144K(5454336K)->5559816K(5560320K)
[6032.984s][info][gc,metaspace   ] GC(1979) Metaspace: 29103K(29376K)->29103K(29376K) NonClass: 26001K(26112K)->26001K(26112K) Class: 3102K(3264K)->3102K(3264K)
[6032.984s][info][gc             ] GC(1979) Pause Young (Allocation Failure) 7859M->5591M(7986M) 104.783ms
[6032.984s][info][gc,cpu         ] GC(1979) User=0.59s Sys=0.04s Real=0.10s
..[6034.489s][info][gc,start       ] GC(1980) Pause Full (Allocation Failure)
[6034.489s][info][gc,phases,start] GC(1980) Marking Phase
[6034.804s][info][gc,phases      ] GC(1980) Marking Phase 315.807ms
[6034.804s][info][gc,phases,start] GC(1980) Summary Phase
[6034.805s][info][gc,phases      ] GC(1980) Summary Phase 0.099ms
[6034.805s][info][gc,phases,start] GC(1980) Forward
[6034.938s][info][gc,phases      ] GC(1980) Forward 133.847ms
[6034.938s][info][gc,phases,start] GC(1980) Adjust Pointers
[6035.153s][info][gc,phases      ] GC(1980) Adjust Pointers 214.096ms
[6035.153s][info][gc,phases,start] GC(1980) Compaction Phase
[6035.303s][info][gc,phases      ] GC(1980) Compaction Phase 150.220ms
[6035.305s][info][gc,phases,start] GC(1980) Post Compact
[6035.312s][info][gc,phases      ] GC(1980) Post Compact 7.081ms
[6035.434s][info][gc,heap        ] GC(1980) PSYoungGen: 2605316K(2617344K)->0K(2617856K) Eden: 2439680K(2439680K)->0K(2439680K) From: 165636K(177664K)->0K(178176K)
[6035.434s][info][gc,heap        ] GC(1980) ParOldGen: 5559816K(5560320K)->1622117K(2053632K)
[6035.434s][info][gc,metaspace   ] GC(1980) Metaspace: 29103K(29376K)->29103K(29376K) NonClass: 26001K(26112K)->26001K(26112K) Class: 3102K(3264K)->3102K(3264K)
[6035.435s][info][gc             ] GC(1980) Pause Full (Allocation Failure) 7973M->1584M(4562M) 945.951ms
[6035.435s][info][gc,cpu         ] GC(1980) User=4.42s Sys=0.13s Real=0.95s
..[6036.641s][info][gc,start       ] GC(1981) Pause Young (Allocation Failure)
[6036.712s][info][gc,heap        ] GC(1981) PSYoungGen: 2439680K(2617856K)->173584K(2611712K) Eden: 2439680K(2439680K)->0K(2433536K) From: 0K(178176K)->173584K(178176K)
[6036.712s][info][gc,heap        ] GC(1981) ParOldGen: 1622117K(2053632K)->1622117K(2053632K)
[6036.712s][info][gc,metaspace   ] GC(1981) Metaspace: 29103K(29376K)->29103K(29376K) NonClass: 26001K(26112K)->26001K(26112K) Class: 3102K(3264K)->3102K(3264K)
[6036.712s][info][gc             ] GC(1981) Pause Young (Allocation Failure) 3966M->1753M(4556M) 71.304ms
[6036.712s][info][gc,cpu         ] GC(1981) User=0.42s Sys=0.00s Real=0.07s
.[6038.031s][info][gc,start       ] GC(1982) Pause Young (Allocation Failure)
[6038.142s][info][gc,heap        ] GC(1982) PSYoungGen: 2607120K(2611712K)->181232K(2614784K) Eden: 2433536K(2433536K)->0K(2433536K) From: 173584K(178176K)->181232K(181248K)
[6038.142s][info][gc,heap        ] GC(1982) ParOldGen: 1622117K(2053632K)->1742973K(2053632K)
[6038.142s][info][gc,metaspace   ] GC(1982) Metaspace: 29103K(29376K)->29103K(29376K) NonClass: 26001K(26112K)->26001K(26112K) Class: 3102K(3264K)->3102K(3264K)
[6038.142s][info][gc             ] GC(1982) Pause Young (Allocation Failure) 4130M->1879M(4559M) 110.237ms
[6038.142s][info][gc,cpu         ] GC(1982) User=0.66s Sys=0.00s Real=0.11s
.[6039.503s][info][gc,start       ] GC(1983) Pause Young (Allocation Failure)
[6039.593s][info][gc,heap        ] GC(1983) PSYoungGen: 2614768K(2614784K)->149728K(2517504K) Eden: 2433536K(2433536K)->0K(2336256K) From: 181232K(181248K)->149728K(181248K)
[6039.593s][info][gc,heap        ] GC(1983) ParOldGen: 1742973K(2053632K)->1847677K(2053632K)
[6039.593s][info][gc,metaspace   ] GC(1983) Metaspace: 29103K(29376K)->29103K(29376K) NonClass: 26001K(26112K)->26001K(26112K) Class: 3102K(3264K)->3102K(3264K)
[6039.593s][info][gc             ] GC(1983) Pause Young (Allocation Failure) 4255M->1950M(4464M) 90.227ms
[6039.593s][info][gc,cpu         ] GC(1983) User=0.53s Sys=0.00s Real=0.09s
..[6040.943s][info][gc,start       ] GC(1984) Pause Young (Allocation Failure)
[6041.037s][info][gc,heap        ] GC(1984) PSYoungGen: 2485984K(2517504K)->158496K(2566144K) Eden: 2336256K(2336256K)->0K(2336256K) From: 149728K(181248K)->158496K(229888K)
[6041.037s][info][gc,heap        ] GC(1984) ParOldGen: 1847677K(2053632K)->1949221K(2053632K)
[6041.037s][info][gc,metaspace   ] GC(1984) Metaspace: 29103K(29376K)->29103K(29376K) NonClass: 26001K(26112K)->26001K(26112K) Class: 3102K(3264K)->3102K(3264K)
[6041.037s][info][gc             ] GC(1984) Pause Young (Allocation Failure) 4232M->2058M(4511M) 93.351ms
[6041.037s][info][gc,cpu         ] GC(1984) User=0.56s Sys=0.00s Real=0.10s
.[6042.553s][info][gc,start       ] GC(1985) Pause Young (Allocation Failure)
[6042.646s][info][gc,heap        ] GC(1985) PSYoungGen: 2494752K(2566144K)->149480K(2560000K) Eden: 2336256K(2336256K)->0K(2339328K) From: 158496K(229888K)->149480K(220672K)
[6042.646s][info][gc,heap        ] GC(1985) ParOldGen: 1949221K(2053632K)->2053709K(2054144K)
[6042.646s][info][gc,metaspace   ] GC(1985) Metaspace: 29103K(29376K)->29103K(29376K) NonClass: 26001K(26112K)->26001K(26112K) Class: 3102K(3264K)->3102K(3264K)
[6042.646s][info][gc             ] GC(1985) Pause Young (Allocation Failure) 4339M->2151M(4506M) 92.400ms
[6042.646s][info][gc,cpu         ] GC(1985) User=0.54s Sys=0.00s Real=0.10s
..[6044.188s][info][gc,start       ] GC(1986) Pause Young (Allocation Failure)
[6044.279s][info][gc,heap        ] GC(1986) PSYoungGen: 2488808K(2560000K)->142912K(2564608K) Eden: 2339328K(2339328K)->0K(2339328K) From: 149480K(220672K)->142912K(225280K)
[6044.279s][info][gc,heap        ] GC(1986) ParOldGen: 2053709K(2054144K)->2155461K(2155520K)
[6044.279s][info][gc,metaspace   ] GC(1986) Metaspace: 29103K(29376K)->29103K(29376K) NonClass: 26001K(26112K)->26001K(26112K) Class: 3102K(3264K)->3102K(3264K)
[6044.279s][info][gc             ] GC(1986) Pause Young (Allocation Failure) 4436M->2244M(4609M) 91.182ms
[6044.279s][info][gc,cpu         ] GC(1986) User=0.51s Sys=0.03s Real=0.09s
..[6045.794s][info][gc,start       ] GC(1987) Pause Young (Allocation Failure)
[6045.891s][info][gc,heap        ] GC(1987) PSYoungGen: 2482240K(2564608K)->149333K(2564608K) Eden: 2339328K(2339328K)->0K(2346496K) From: 142912K(225280K)->149333K(218112K)
[6045.891s][info][gc,heap        ] GC(1987) ParOldGen: 2155461K(2155520K)->2260181K(2260480K)
[6045.891s][info][gc,metaspace   ] GC(1987) Metaspace: 29103K(29376K)->29103K(29376K) NonClass: 26001K(26112K)->26001K(26112K) Class: 3102K(3264K)->3102K(3264K)
[6045.891s][info][gc             ] GC(1987) Pause Young (Allocation Failure) 4529M->2353M(4712M) 96.326ms
[6045.891s][info][gc,cpu         ] GC(1987) User=0.54s Sys=0.03s Real=0.10s
.[6047.334s][info][gc,start       ] GC(1988) Pause Young (Allocation Failure)
[6047.426s][info][gc,heap        ] GC(1988) PSYoungGen: 2495829K(2564608K)->144032K(2568192K) Eden: 2346496K(2346496K)->0K(2346496K) From: 149333K(218112K)->144032K(221696K)
[6047.426s][info][gc,heap        ] GC(1988) ParOldGen: 2260181K(2260480K)->2361437K(2361856K)
[6047.426s][info][gc,metaspace   ] GC(1988) Metaspace: 29103K(29376K)->29103K(29376K) NonClass: 26001K(26112K)->26001K(26112K) Class: 3102K(3264K)->3102K(3264K)
[6047.426s][info][gc             ] GC(1988) Pause Young (Allocation Failure) 4644M->2446M(4814M) 92.337ms
[6047.426s][info][gc,cpu         ] GC(1988) User=0.51s Sys=0.04s Real=0.10s
..[6048.971s][info][gc,start       ] GC(1989) Pause Young (Allocation Failure)
[6049.076s][info][gc,heap        ] GC(1989) PSYoungGen: 2490528K(2568192K)->177428K(2571776K) Eden: 2346496K(2346496K)->0K(2354688K) From: 144032K(221696K)->177428K(217088K)
[6049.076s][info][gc,heap        ] GC(1989) ParOldGen: 2361437K(2361856K)->2461109K(2461184K)
[6049.076s][info][gc,metaspace   ] GC(1989) Metaspace: 29103K(29376K)->29103K(29376K) NonClass: 26001K(26112K)->26001K(26112K) Class: 3102K(3264K)->3102K(3264K)
[6049.076s][info][gc             ] GC(1989) Pause Young (Allocation Failure) 4738M->2576M(4915M) 104.725ms
[6049.076s][info][gc,cpu         ] GC(1989) User=0.60s Sys=0.03s Real=0.11s
.[6050.579s][info][gc,start       ] GC(1990) Pause Young (Allocation Failure)
[6050.679s][info][gc,heap        ] GC(1990) PSYoungGen: 2532116K(2571776K)->156736K(2573824K) Eden: 2354688K(2354688K)->0K(2354688K) From: 177428K(217088K)->156736K(219136K)
[6050.679s][info][gc,heap        ] GC(1990) ParOldGen: 2461109K(2461184K)->2567021K(2567168K)
[6050.679s][info][gc,metaspace   ] GC(1990) Metaspace: 29103K(29376K)->29103K(29376K) NonClass: 26001K(26112K)->26001K(26112K) Class: 3102K(3264K)->3102K(3264K)
[6050.679s][info][gc             ] GC(1990) Pause Young (Allocation Failure) 4876M->2659M(5020M) 99.672ms
[6050.679s][info][gc,cpu         ] GC(1990) User=0.56s Sys=0.03s Real=0.10s
..[6052.110s][info][gc,start       ] GC(1991) Pause Young (Allocation Failure)
[6052.209s][info][gc,heap        ] GC(1991) PSYoungGen: 2511424K(2573824K)->155478K(2571776K) Eden: 2354688K(2354688K)->0K(2361856K) From: 156736K(219136K)->155478K(209920K)
[6052.209s][info][gc,heap        ] GC(1991) ParOldGen: 2567021K(2567168K)->2671893K(2672128K)
[6052.209s][info][gc,metaspace   ] GC(1991) Metaspace: 29103K(29376K)->29103K(29376K) NonClass: 26001K(26112K)->26001K(26112K) Class: 3102K(3264K)->3102K(3264K)
[6052.209s][info][gc             ] GC(1991) Pause Young (Allocation Failure) 4959M->2761M(5121M) 98.924ms
[6052.209s][info][gc,cpu         ] GC(1991) User=0.56s Sys=0.04s Real=0.10s
.[6053.595s][info][gc,start       ] GC(1992) Pause Young (Allocation Failure)
[6053.690s][info][gc,heap        ] GC(1992) PSYoungGen: 2517334K(2571776K)->153920K(2573312K) Eden: 2361856K(2361856K)->0K(2361856K) From: 155478K(209920K)->153920K(211456K)
[6053.690s][info][gc,heap        ] GC(1992) ParOldGen: 2671893K(2672128K)->2771013K(2771456K)
[6053.690s][info][gc,metaspace   ] GC(1992) Metaspace: 29103K(29376K)->29103K(29376K) NonClass: 26001K(26112K)->26001K(26112K) Class: 3102K(3264K)->3102K(3264K)
[6053.690s][info][gc             ] GC(1992) Pause Young (Allocation Failure) 5067M->2856M(5219M) 95.542ms
[6053.690s][info][gc,cpu         ] GC(1992) User=0.54s Sys=0.03s Real=0.09s
..[6055.109s][info][gc,start       ] GC(1993) Pause Young (Allocation Failure)
[6055.213s][info][gc,heap        ] GC(1993) PSYoungGen: 2515776K(2573312K)->173152K(2583552K) Eden: 2361856K(2361856K)->0K(2375168K) From: 153920K(211456K)->173152K(208384K)
[6055.213s][info][gc,heap        ] GC(1993) ParOldGen: 2771013K(2771456K)->2875541K(2875904K)
[6055.213s][info][gc,metaspace   ] GC(1993) Metaspace: 29103K(29376K)->29103K(29376K) NonClass: 26001K(26112K)->26001K(26112K) Class: 3102K(3264K)->3102K(3264K)
[6055.213s][info][gc             ] GC(1993) Pause Young (Allocation Failure) 5162M->2977M(5331M) 103.822ms
[6055.213s][info][gc,cpu         ] GC(1993) User=0.58s Sys=0.04s Real=0.10s
.[6056.566s][info][gc,start       ] GC(1994) Pause Young (Allocation Failure)
[6056.664s][info][gc,heap        ] GC(1994) PSYoungGen: 2548320K(2583552K)->154880K(2583040K) Eden: 2375168K(2375168K)->0K(2375168K) From: 173152K(208384K)->154880K(207872K)
[6056.664s][info][gc,heap        ] GC(1994) ParOldGen: 2875541K(2875904K)->2978973K(2979328K)
[6056.664s][info][gc,metaspace   ] GC(1994) Metaspace: 29103K(29376K)->29103K(29376K) NonClass: 26001K(26112K)->26001K(26112K) Class: 3102K(3264K)->3102K(3264K)
[6056.664s][info][gc             ] GC(1994) Pause Young (Allocation Failure) 5296M->3060M(5432M) 97.826ms
[6056.664s][info][gc,cpu         ] GC(1994) User=0.54s Sys=0.04s Real=0.09s
..[6058.164s][info][gc,start       ] GC(1995) Pause Young (Allocation Failure)
[6058.261s][info][gc,heap        ] GC(1995) PSYoungGen: 2530048K(2583040K)->156704K(2585088K) Eden: 2375168K(2375168K)->0K(2382848K) From: 154880K(207872K)->156704K(202240K)
[6058.261s][info][gc,heap        ] GC(1995) ParOldGen: 2978973K(2979328K)->3079597K(3079680K)
[6058.261s][info][gc,metaspace   ] GC(1995) Metaspace: 29103K(29376K)->29103K(29376K) NonClass: 26001K(26112K)->26001K(26112K) Class: 3102K(3264K)->3102K(3264K)
[6058.261s][info][gc             ] GC(1995) Pause Young (Allocation Failure) 5379M->3160M(5532M) 97.324ms
[6058.261s][info][gc,cpu         ] GC(1995) User=0.55s Sys=0.02s Real=0.10s
. (rIR:aIR:PR = 10516:10667:10665) (tPR = 157512) [IR is over limit] [PR is over limit] 
  6058s: Performance info:
         Transaction,    Success,    Partial,     Failed,   Receipts, AvgBarcode, 
             Overall,     215189,          0,          0,     204682,      59.47, 
         Response times:
             Request,    Success,    Partial,     Failed,   SkipFail,     Probes,    Samples,      min,      p50,      p90,      p95,      p99,      max, 
       TotalPurchase,     204396,          0,          0,          0,     119716,     180460,      300,    12500,   257000,   475000,   930000,  1300000,
     InStorePurchase,     107904,          0,          0,          0,      62745,      94711,      300,    12400,   267000,   475000,   930000,  1300000,
      OnlinePurchase,      74934,          0,          0,          0,      44125,      66301,      300,    12300,   256000,   474000,   940000,  1300000,
        InstPurchase,      21558,          0,          0,          0,      12846,      19448,      400,    13600,   248000,   476000,   900000,   960000,
          AssocOfCat,        212,          0,          0,          0,        182,        331,    22000,    54000,   381000,   740000,   890000,  1100000,
      AssocOfProduct,       2137,          0,          0,          0,       1206,       1889,      800,    14800,   291000,   670000,   990000,   990000,
      BusinessReport,        532,          0,          0,          0,        463,        760,    30000,    70500,   323900,   541000,   740000,  1300000,
          CustBuyBeh,       2159,          0,          0,          0,       1199,       1867,      200,    15100,   407000,   710000,   990000,  1100000,
       ProductReturn,       5744,          0,          0,          0,       3468,       5267,      200,    12600,   385000,   692000,   990000,  1100000,

  6058s: 
  6058s: Failed, 9 overall retries left, retrying 1 of 1
  6058s: (76%)   IR =  10516 [6059.875s][info][gc,start       ] GC(1996) Pause Young (Allocation Failure)
[6059.975s][info][gc,heap        ] GC(1996) PSYoungGen: 2539552K(2585088K)->154225K(2584576K) Eden: 2382848K(2382848K)->0K(2382848K) From: 156704K(202240K)->154225K(201728K)
[6059.975s][info][gc,heap        ] GC(1996) ParOldGen: 3079597K(3079680K)->3187437K(3187712K)
[6059.975s][info][gc,metaspace   ] GC(1996) Metaspace: 29103K(29376K)->29103K(29376K) NonClass: 26001K(26112K)->26001K(26112K) Class: 3102K(3264K)->3102K(3264K)
[6059.975s][info][gc             ] GC(1996) Pause Young (Allocation Failure) 5487M->3263M(5637M) 99.628ms
[6059.975s][info][gc,cpu         ] GC(1996) User=0.56s Sys=0.03s Real=0.10s
..[6061.483s][info][gc,start       ] GC(1997) Pause Young (Allocation Failure)
[6061.580s][info][gc,heap        ] GC(1997) PSYoungGen: 2537073K(2584576K)->154004K(2591744K) Eden: 2382848K(2382848K)->0K(2394624K) From: 154225K(201728K)->154004K(197120K)
[6061.580s][info][gc,heap        ] GC(1997) ParOldGen: 3187437K(3187712K)->3287349K(3287552K)
[6061.580s][info][gc,metaspace   ] GC(1997) Metaspace: 29103K(29376K)->29103K(29376K) NonClass: 26001K(26112K)->26001K(26112K) Class: 3102K(3264K)->3102K(3264K)
[6061.580s][info][gc             ] GC(1997) Pause Young (Allocation Failure) 5590M->3360M(5741M) 97.649ms
[6061.580s][info][gc,cpu         ] GC(1997) User=0.55s Sys=0.03s Real=0.10s
..[6063.067s][info][gc,start       ] GC(1998) Pause Young (Allocation Failure)
[6063.165s][info][gc,heap        ] GC(1998) PSYoungGen: 2548628K(2591744K)->161344K(2590720K) Eden: 2394624K(2394624K)->0K(2394624K) From: 154004K(197120K)->161344K(196096K)
[6063.165s][info][gc,heap        ] GC(1998) ParOldGen: 3287349K(3287552K)->3388453K(3388928K)
[6063.165s][info][gc,metaspace   ] GC(1998) Metaspace: 29103K(29376K)->29103K(29376K) NonClass: 26001K(26112K)->26001K(26112K) Class: 3102K(3264K)->3102K(3264K)
[6063.166s][info][gc             ] GC(1998) Pause Young (Allocation Failure) 5699M->3466M(5839M) 98.763ms
[6063.166s][info][gc,cpu         ] GC(1998) User=0.55s Sys=0.03s Real=0.10s
.[6064.652s][info][gc,start       ] GC(1999) Pause Young (Allocation Failure)
[6064.751s][info][gc,heap        ] GC(1999) PSYoungGen: 2555968K(2590720K)->157824K(2597376K) Eden: 2394624K(2394624K)->0K(2405376K) From: 161344K(196096K)->157824K(192000K)
[6064.751s][info][gc,heap        ] GC(1999) ParOldGen: 3388453K(3388928K)->3491149K(3491328K)
[6064.751s][info][gc,metaspace   ] GC(1999) Metaspace: 29103K(29376K)->29103K(29376K) NonClass: 26001K(26112K)->26001K(26112K) Class: 3102K(3264K)->3102K(3264K)
[6064.751s][info][gc             ] GC(1999) Pause Young (Allocation Failure) 5805M->3563M(5946M) 99.100ms
[6064.751s][info][gc,cpu         ] GC(1999) User=0.56s Sys=0.03s Real=0.10s
..[6066.159s][info][gc,start       ] GC(2000) Pause Young (Allocation Failure)
[6066.264s][info][gc,heap        ] GC(2000) PSYoungGen: 2563200K(2597376K)->169312K(2595840K) Eden: 2405376K(2405376K)->0K(2405376K) From: 157824K(192000K)->169312K(190464K)
[6066.264s][info][gc,heap        ] GC(2000) ParOldGen: 3491149K(3491328K)->3595989K(3596288K)
[6066.264s][info][gc,metaspace   ] GC(2000) Metaspace: 29103K(29376K)->29103K(29376K) NonClass: 26001K(26112K)->26001K(26112K) Class: 3102K(3264K)->3102K(3264K)
[6066.264s][info][gc             ] GC(2000) Pause Young (Allocation Failure) 5912M->3677M(6047M) 105.079ms
[6066.264s][info][gc,cpu         ] GC(2000) User=0.59s Sys=0.03s Real=0.10s
.[6067.342s][info][gc,start       ] GC(2001) Pause Full (Diagnostic Command)
[6067.342s][info][gc,phases,start] GC(2001) Marking Phase
[6067.655s][info][gc,phases      ] GC(2001) Marking Phase 313.470ms
[6067.655s][info][gc,phases,start] GC(2001) Summary Phase
[6067.655s][info][gc,phases      ] GC(2001) Summary Phase 0.072ms
[6067.655s][info][gc,phases,start] GC(2001) Forward
[6067.840s][info][gc,phases      ] GC(2001) Forward 184.808ms
[6067.840s][info][gc,phases,start] GC(2001) Adjust Pointers
[6068.066s][info][gc,phases      ] GC(2001) Adjust Pointers 225.753ms
[6068.066s][info][gc,phases,start] GC(2001) Compaction Phase
[6068.246s][info][gc,phases      ] GC(2001) Compaction Phase 180.087ms
[6068.249s][info][gc,phases,start] GC(2001) Post Compact
[6068.253s][info][gc,phases      ] GC(2001) Post Compact 4.646ms
[6068.253s][info][gc,heap        ] GC(2001) PSYoungGen: 1919346K(2595840K)->0K(2595840K) Eden: 1750034K(2405376K)->0K(2405376K) From: 169312K(190464K)->0K(190464K)
[6068.253s][info][gc,heap        ] GC(2001) ParOldGen: 3595989K(3596288K)->1339763K(3596288K)
[6068.253s][info][gc,metaspace   ] GC(2001) Metaspace: 29103K(29376K)->29103K(29376K) NonClass: 26001K(26112K)->26001K(26112K) Class: 3102K(3264K)->3102K(3264K)
[6068.253s][info][gc             ] GC(2001) Pause Full (Diagnostic Command) 5386M->1308M(6047M) 911.875ms
[6068.253s][info][gc,cpu         ] GC(2001) User=4.79s Sys=0.00s Real=0.91s
..[6069.501s][info][gc,start       ] GC(2002) Pause Young (Allocation Failure)
[6069.564s][info][gc,heap        ] GC(2002) PSYoungGen: 2405376K(2595840K)->155120K(2604032K) Eden: 2405376K(2405376K)->0K(2415104K) From: 0K(190464K)->155120K(188928K)
[6069.564s][info][gc,heap        ] GC(2002) ParOldGen: 1339763K(3596288K)->1339763K(3596288K)
[6069.564s][info][gc,metaspace   ] GC(2002) Metaspace: 29103K(29376K)->29103K(29376K) NonClass: 26001K(26112K)->26001K(26112K) Class: 3102K(3264K)->3102K(3264K)
[6069.564s][info][gc             ] GC(2002) Pause Young (Allocation Failure) 3657M->1459M(6055M) 63.799ms
[6069.564s][info][gc,cpu         ] GC(2002) User=0.38s Sys=0.00s Real=0.07s
.[6070.834s][info][gc,start       ] GC(2003) Pause Young (Allocation Failure)
[6070.930s][info][gc,heap        ] GC(2003) PSYoungGen: 2570224K(2604032K)->165728K(2604032K) Eden: 2415104K(2415104K)->0K(2415104K) From: 155120K(188928K)->165728K(188928K)
[6070.930s][info][gc,heap        ] GC(2003) ParOldGen: 1339763K(3596288K)->1442923K(3596288K)
[6070.930s][info][gc,metaspace   ] GC(2003) Metaspace: 29103K(29376K)->29103K(29376K) NonClass: 26001K(26112K)->26001K(26112K) Class: 3102K(3264K)->3102K(3264K)
[6070.930s][info][gc             ] GC(2003) Pause Young (Allocation Failure) 3818M->1570M(6055M) 96.162ms
[6070.930s][info][gc,cpu         ] GC(2003) User=0.57s Sys=0.00s Real=0.10s
.[6072.246s][info][gc,start       ] GC(2004) Pause Young (Allocation Failure)
[6072.336s][info][gc,heap        ] GC(2004) PSYoungGen: 2580832K(2604032K)->147424K(2606592K) Eden: 2415104K(2415104K)->0K(2418688K) From: 165728K(188928K)->147424K(187904K)
[6072.336s][info][gc,heap        ] GC(2004) ParOldGen: 1442923K(3596288K)->1546379K(3596288K)
[6072.336s][info][gc,metaspace   ] GC(2004) Metaspace: 29103K(29376K)->29103K(29376K) NonClass: 26001K(26112K)->26001K(26112K) Class: 3102K(3264K)->3102K(3264K)
[6072.336s][info][gc             ] GC(2004) Pause Young (Allocation Failure) 3929M->1654M(6057M) 90.209ms
[6072.336s][info][gc,cpu         ] GC(2004) User=0.53s Sys=0.01s Real=0.09s
..[6073.716s][info][gc,start       ] GC(2005) Pause Young (Allocation Failure)
[6073.810s][info][gc,heap        ] GC(2005) PSYoungGen: 2566112K(2606592K)->160096K(2578944K) Eden: 2418688K(2418688K)->0K(2418688K) From: 147424K(187904K)->160096K(160256K)
[6073.810s][info][gc,heap        ] GC(2005) ParOldGen: 1546379K(3596288K)->1647619K(3596288K)
[6073.810s][info][gc,metaspace   ] GC(2005) Metaspace: 29103K(29376K)->29103K(29376K) NonClass: 26001K(26112K)->26001K(26112K) Class: 3102K(3264K)->3102K(3264K)
[6073.810s][info][gc             ] GC(2005) Pause Young (Allocation Failure) 4016M->1765M(6030M) 94.389ms
[6073.810s][info][gc,cpu         ] GC(2005) User=0.56s Sys=0.00s Real=0.09s
.[6075.306s][info][gc,start       ] GC(2006) Pause Young (Allocation Failure)
[6075.401s][info][gc,heap        ] GC(2006) PSYoungGen: 2578784K(2578944K)->154869K(2607104K) Eden: 2418688K(2418688K)->0K(2422272K) From: 160096K(160256K)->154869K(184832K)
[6075.401s][info][gc,heap        ] GC(2006) ParOldGen: 1647619K(3596288K)->1753131K(3596288K)
[6075.401s][info][gc,metaspace   ] GC(2006) Metaspace: 29103K(29376K)->29103K(29376K) NonClass: 26001K(26112K)->26001K(26112K) Class: 3102K(3264K)->3102K(3264K)
[6075.401s][info][gc             ] GC(2006) Pause Young (Allocation Failure) 4127M->1863M(6058M) 94.844ms
[6075.401s][info][gc,cpu         ] GC(2006) User=0.56s Sys=0.00s Real=0.09s
..[6076.884s][info][gc,start       ] GC(2007) Pause Young (Allocation Failure)
[6076.981s][info][gc,heap        ] GC(2007) PSYoungGen: 2577141K(2607104K)->163120K(2605568K) Eden: 2422272K(2422272K)->0K(2422272K) From: 154869K(184832K)->163120K(183296K)
[6076.981s][info][gc,heap        ] GC(2007) ParOldGen: 1753131K(3596288K)->1857587K(3596288K)
[6076.981s][info][gc,metaspace   ] GC(2007) Metaspace: 29103K(29376K)->29103K(29376K) NonClass: 26001K(26112K)->26001K(26112K) Class: 3102K(3264K)->3102K(3264K)
[6076.981s][info][gc             ] GC(2007) Pause Young (Allocation Failure) 4228M->1973M(6056M) 96.337ms
[6076.981s][info][gc,cpu         ] GC(2007) User=0.58s Sys=0.00s Real=0.10s
.[6078.482s][info][gc,start       ] GC(2008) Pause Young (Allocation Failure)
[6078.573s][info][gc,heap        ] GC(2008) PSYoungGen: 2585392K(2605568K)->148288K(2610688K) Eden: 2422272K(2422272K)->0K(2428416K) From: 163120K(183296K)->148288K(182272K)
[6078.573s][info][gc,heap        ] GC(2008) ParOldGen: 1857587K(3596288K)->1962171K(3596288K)
[6078.573s][info][gc,metaspace   ] GC(2008) Metaspace: 29103K(29376K)->29103K(29376K) NonClass: 26001K(26112K)->26001K(26112K) Class: 3102K(3264K)->3102K(3264K)
[6078.573s][info][gc             ] GC(2008) Pause Young (Allocation Failure) 4338M->2060M(6061M) 91.081ms
[6078.573s][info][gc,cpu         ] GC(2008) User=0.54s Sys=0.00s Real=0.09s
..[6080.137s][info][gc,start       ] GC(2009) Pause Young (Allocation Failure)
[6080.232s][info][gc,heap        ] GC(2009) PSYoungGen: 2576704K(2610688K)->163104K(2610176K) Eden: 2428416K(2428416K)->0K(2428416K) From: 148288K(182272K)->163104K(181760K)
[6080.232s][info][gc,heap        ] GC(2009) ParOldGen: 1962171K(3596288K)->2063867K(3596288K)
[6080.232s][info][gc,metaspace   ] GC(2009) Metaspace: 29103K(29376K)->29103K(29376K) NonClass: 26001K(26112K)->26001K(26112K) Class: 3102K(3264K)->3102K(3264K)
[6080.232s][info][gc             ] GC(2009) Pause Young (Allocation Failure) 4432M->2174M(6061M) 95.217ms
[6080.232s][info][gc,cpu         ] GC(2009) User=0.57s Sys=0.00s Real=0.09s
.|.[6081.781s][info][gc,start       ] GC(2010) Pause Young (Allocation Failure)
[6081.875s][info][gc,heap        ] GC(2010) PSYoungGen: 2591520K(2610176K)->158560K(2611200K) Eden: 2428416K(2428416K)->0K(2433024K) From: 163104K(181760K)->158560K(178176K)
[6081.875s][info][gc,heap        ] GC(2010) ParOldGen: 2063867K(3596288K)->2168443K(3596288K)
[6081.875s][info][gc,metaspace   ] GC(2010) Metaspace: 29103K(29376K)->29103K(29376K) NonClass: 26001K(26112K)->26001K(26112K) Class: 3102K(3264K)->3102K(3264K)
[6081.875s][info][gc             ] GC(2010) Pause Young (Allocation Failure) 4546M->2272M(6062M) 94.202ms
[6081.875s][info][gc,cpu         ] GC(2010) User=0.56s Sys=0.00s Real=0.10s
.[6083.363s][info][gc,start       ] GC(2011) Pause Young (Allocation Failure)
[6083.455s][info][gc,heap        ] GC(2011) PSYoungGen: 2591584K(2611200K)->147776K(2612224K) Eden: 2433024K(2433024K)->0K(2433024K) From: 158560K(178176K)->147776K(179200K)
[6083.455s][info][gc,heap        ] GC(2011) ParOldGen: 2168443K(3596288K)->2275571K(3596288K)
[6083.455s][info][gc,metaspace   ] GC(2011) Metaspace: 29103K(29376K)->29103K(29376K) NonClass: 26001K(26112K)->26001K(26112K) Class: 3102K(3264K)->3102K(3264K)
[6083.455s][info][gc             ] GC(2011) Pause Young (Allocation Failure) 4648M->2366M(6063M) 92.489ms
[6083.455s][info][gc,cpu         ] GC(2011) User=0.55s Sys=0.00s Real=0.10s
..[6084.945s][info][gc,start       ] GC(2012) Pause Young (Allocation Failure)
[6085.040s][info][gc,heap        ] GC(2012) PSYoungGen: 2580800K(2612224K)->157984K(2612736K) Eden: 2433024K(2433024K)->0K(2437632K) From: 147776K(179200K)->157984K(175104K)
[6085.040s][info][gc,heap        ] GC(2012) ParOldGen: 2275571K(3596288K)->2379795K(3596288K)
[6085.040s][info][gc,metaspace   ] GC(2012) Metaspace: 29103K(29376K)->29103K(29376K) NonClass: 26001K(26112K)->26001K(26112K) Class: 3102K(3264K)->3102K(3264K)
[6085.040s][info][gc             ] GC(2012) Pause Young (Allocation Failure) 4742M->2478M(6063M) 94.790ms
[6085.040s][info][gc,cpu         ] GC(2012) User=0.56s Sys=0.00s Real=0.09s
.[6086.661s][info][gc,start       ] GC(2013) Pause Young (Allocation Failure)
[6086.759s][info][gc,heap        ] GC(2013) PSYoungGen: 2595616K(2612736K)->166410K(2614784K) Eden: 2437632K(2437632K)->0K(2437632K) From: 157984K(175104K)->166410K(177152K)
[6086.759s][info][gc,heap        ] GC(2013) ParOldGen: 2379795K(3596288K)->2482291K(3596288K)
[6086.759s][info][gc,metaspace   ] GC(2013) Metaspace: 29103K(29376K)->29103K(29376K) NonClass: 26001K(26112K)->26001K(26112K) Class: 3102K(3264K)->3102K(3264K)
[6086.759s][info][gc             ] GC(2013) Pause Young (Allocation Failure) 4858M->2586M(6065M) 98.443ms
[6086.759s][info][gc,cpu         ] GC(2013) User=0.58s Sys=0.01s Real=0.10s
..[6088.303s][info][gc,start       ] GC(2014) Pause Young (Allocation Failure)
[6088.397s][info][gc,heap        ] GC(2014) PSYoungGen: 2604042K(2614784K)->155780K(2617856K) Eden: 2437632K(2437632K)->0K(2440704K) From: 166410K(177152K)->155780K(177152K)
[6088.397s][info][gc,heap        ] GC(2014) ParOldGen: 2482291K(3596288K)->2587867K(3596288K)
[6088.397s][info][gc,metaspace   ] GC(2014) Metaspace: 29103K(29376K)->29103K(29376K) NonClass: 26001K(26112K)->26001K(26112K) Class: 3102K(3264K)->3102K(3264K)
[6088.397s][info][gc             ] GC(2014) Pause Young (Allocation Failure) 4967M->2679M(6068M) 93.908ms
[6088.397s][info][gc,cpu         ] GC(2014) User=0.56s Sys=0.00s Real=0.10s
..[6089.921s][info][gc,start       ] GC(2015) Pause Young (Allocation Failure)
[6090.014s][info][gc,heap        ] GC(2015) PSYoungGen: 2596484K(2617856K)->158272K(2599424K) Eden: 2440704K(2440704K)->0K(2440704K) From: 155780K(177152K)->158272K(158720K)
[6090.014s][info][gc,heap        ] GC(2015) ParOldGen: 2587867K(3596288K)->2692043K(3596288K)
[6090.014s][info][gc,metaspace   ] GC(2015) Metaspace: 29103K(29376K)->29103K(29376K) NonClass: 26001K(26112K)->26001K(26112K) Class: 3102K(3264K)->3102K(3264K)
[6090.014s][info][gc             ] GC(2015) Pause Young (Allocation Failure) 5062M->2783M(6050M) 93.570ms
[6090.014s][info][gc,cpu         ] GC(2015) User=0.56s Sys=0.00s Real=0.09s
.[6091.509s][info][gc,start       ] GC(2016) Pause Young (Allocation Failure)
[6091.604s][info][gc,heap        ] GC(2016) PSYoungGen: 2598976K(2599424K)->156864K(2618368K) Eden: 2440704K(2440704K)->0K(2443264K) From: 158272K(158720K)->156864K(175104K)
[6091.604s][info][gc,heap        ] GC(2016) ParOldGen: 2692043K(3596288K)->2794787K(3596288K)
[6091.604s][info][gc,metaspace   ] GC(2016) Metaspace: 29103K(29376K)->29103K(29376K) NonClass: 26001K(26112K)->26001K(26112K) Class: 3102K(3264K)->3102K(3264K)
[6091.604s][info][gc             ] GC(2016) Pause Young (Allocation Failure) 5167M->2882M(6069M) 94.495ms
[6091.604s][info][gc,cpu         ] GC(2016) User=0.56s Sys=0.00s Real=0.09s
..[6093.096s][info][gc,start       ] GC(2017) Pause Young (Allocation Failure)
[6093.197s][info][gc,heap        ] GC(2017) PSYoungGen: 2600128K(2618368K)->172096K(2616832K) Eden: 2443264K(2443264K)->0K(2443264K) From: 156864K(175104K)->172096K(173568K)
[6093.197s][info][gc,heap        ] GC(2017) ParOldGen: 2794787K(3596288K)->2900339K(3596288K)
[6093.197s][info][gc,metaspace   ] GC(2017) Metaspace: 29103K(29376K)->29103K(29376K) NonClass: 26001K(26112K)->26001K(26112K) Class: 3102K(3264K)->3102K(3264K)
[6093.197s][info][gc             ] GC(2017) Pause Young (Allocation Failure) 5268M->3000M(6067M) 101.490ms
[6093.197s][info][gc,cpu         ] GC(2017) User=0.61s Sys=0.00s Real=0.10s
.[6094.711s][info][gc,start       ] GC(2018) Pause Young (Allocation Failure)
[6094.811s][info][gc,heap        ] GC(2018) PSYoungGen: 2615360K(2616832K)->165605K(2617856K) Eden: 2443264K(2443264K)->0K(2440704K) From: 172096K(173568K)->165605K(177152K)
[6094.811s][info][gc,heap        ] GC(2018) ParOldGen: 2900339K(3596288K)->3006523K(3596288K)
[6094.811s][info][gc,metaspace   ] GC(2018) Metaspace: 29103K(29376K)->29103K(29376K) NonClass: 26001K(26112K)->26001K(26112K) Class: 3102K(3264K)->3102K(3264K)
[6094.811s][info][gc             ] GC(2018) Pause Young (Allocation Failure) 5386M->3097M(6068M) 99.899ms
[6094.811s][info][gc,cpu         ] GC(2018) User=0.59s Sys=0.00s Real=0.10s
..[6096.345s][info][gc,start       ] GC(2019) Pause Young (Allocation Failure)
[6096.443s][info][gc,heap        ] GC(2019) PSYoungGen: 2606309K(2617856K)->161301K(2602496K) Eden: 2440704K(2440704K)->0K(2440704K) From: 165605K(177152K)->161301K(161792K)
[6096.443s][info][gc,heap        ] GC(2019) ParOldGen: 3006523K(3596288K)->3111427K(3596288K)
[6096.443s][info][gc,metaspace   ] GC(2019) Metaspace: 29103K(29376K)->29103K(29376K) NonClass: 26001K(26112K)->26001K(26112K) Class: 3102K(3264K)->3102K(3264K)
[6096.443s][info][gc             ] GC(2019) Pause Young (Allocation Failure) 5481M->3196M(6053M) 98.189ms
[6096.443s][info][gc,cpu         ] GC(2019) User=0.58s Sys=0.00s Real=0.09s
..[6098.037s][info][gc,start       ] GC(2020) Pause Young (Allocation Failure)
[6098.131s][info][gc,heap        ] GC(2020) PSYoungGen: 2602005K(2602496K)->157408K(2618880K) Eden: 2440704K(2440704K)->0K(2442240K) From: 161301K(161792K)->157408K(176640K)
[6098.131s][info][gc,heap        ] GC(2020) ParOldGen: 3111427K(3596288K)->3216547K(3596288K)
[6098.131s][info][gc,metaspace   ] GC(2020) Metaspace: 29103K(29376K)->29103K(29376K) NonClass: 26001K(26112K)->26001K(26112K) Class: 3102K(3264K)->3102K(3264K)
[6098.131s][info][gc             ] GC(2020) Pause Young (Allocation Failure) 5579M->3294M(6069M) 93.956ms
[6098.131s][info][gc,cpu         ] GC(2020) User=0.56s Sys=0.00s Real=0.09s
.[6099.705s][info][gc,start       ] GC(2021) Pause Young (Allocation Failure)
[6099.800s][info][gc,heap        ] GC(2021) PSYoungGen: 2599648K(2618880K)->157696K(2617856K) Eden: 2442240K(2442240K)->0K(2442240K) From: 157408K(176640K)->157696K(175616K)
[6099.800s][info][gc,heap        ] GC(2021) ParOldGen: 3216547K(3596288K)->3319747K(3596288K)
[6099.800s][info][gc,metaspace   ] GC(2021) Metaspace: 29103K(29376K)->29103K(29376K) NonClass: 26001K(26112K)->26001K(26112K) Class: 3102K(3264K)->3102K(3264K)
[6099.800s][info][gc             ] GC(2021) Pause Young (Allocation Failure) 5679M->3395M(6068M) 94.781ms
[6099.800s][info][gc,cpu         ] GC(2021) User=0.56s Sys=0.00s Real=0.09s
..[6101.453s][info][gc,start       ] GC(2022) Pause Young (Allocation Failure)
[6101.549s][info][gc,heap        ] GC(2022) PSYoungGen: 2599936K(2617856K)->153824K(2617856K) Eden: 2442240K(2442240K)->0K(2443776K) From: 157696K(175616K)->153824K(174080K)
[6101.549s][info][gc,heap        ] GC(2022) ParOldGen: 3319747K(3596288K)->3423723K(3596288K)
[6101.549s][info][gc,metaspace   ] GC(2022) Metaspace: 29103K(29376K)->29103K(29376K) NonClass: 26001K(26112K)->26001K(26112K) Class: 3102K(3264K)->3102K(3264K)
[6101.549s][info][gc             ] GC(2022) Pause Young (Allocation Failure) 5780M->3493M(6068M) 95.747ms
[6101.549s][info][gc,cpu         ] GC(2022) User=0.57s Sys=0.00s Real=0.10s
..[6103.131s][info][gc,start       ] GC(2023) Pause Young (Allocation Failure)
[6103.231s][info][gc,heap        ] GC(2023) PSYoungGen: 2597600K(2617856K)->170036K(2617856K) Eden: 2443776K(2443776K)->0K(2443776K) From: 153824K(174080K)->170036K(174080K)
[6103.231s][info][gc,heap        ] GC(2023) ParOldGen: 3423723K(3596288K)->3527371K(3596288K)
[6103.231s][info][gc,metaspace   ] GC(2023) Metaspace: 29103K(29376K)->29103K(29376K) NonClass: 26001K(26112K)->26001K(26112K) Class: 3102K(3264K)->3102K(3264K)
[6103.231s][info][gc             ] GC(2023) Pause Young (Allocation Failure) 5880M->3610M(6068M) 99.547ms
[6103.231s][info][gc,cpu         ] GC(2023) User=0.59s Sys=0.00s Real=0.10s
.[6104.747s][info][gc,start       ] GC(2024) Pause Young (Allocation Failure)
[6104.846s][info][gc,heap        ] GC(2024) PSYoungGen: 2613812K(2617856K)->155792K(2620416K) Eden: 2443776K(2443776K)->0K(2443776K) From: 170036K(174080K)->155792K(176640K)
[6104.846s][info][gc,heap        ] GC(2024) ParOldGen: 3527371K(3596288K)->3635163K(3635200K)
[6104.846s][info][gc,metaspace   ] GC(2024) Metaspace: 29103K(29376K)->29103K(29376K) NonClass: 26001K(26112K)->26001K(26112K) Class: 3102K(3264K)->3102K(3264K)
[6104.846s][info][gc             ] GC(2024) Pause Young (Allocation Failure) 5997M->3702M(6109M) 99.216ms
[6104.846s][info][gc,cpu         ] GC(2024) User=0.57s Sys=0.02s Real=0.10s
..[6106.348s][info][gc,start       ] GC(2025) Pause Young (Allocation Failure)
[6106.446s][info][gc,heap        ] GC(2025) PSYoungGen: 2599568K(2620416K)->155072K(2598912K) Eden: 2443776K(2443776K)->0K(2443776K) From: 155792K(176640K)->155072K(155136K)
[6106.446s][info][gc,heap        ] GC(2025) ParOldGen: 3635163K(3635200K)->3735899K(3736064K)
[6106.446s][info][gc,metaspace   ] GC(2025) Metaspace: 29103K(29376K)->29103K(29376K) NonClass: 26001K(26112K)->26001K(26112K) Class: 3102K(3264K)->3102K(3264K)
[6106.446s][info][gc             ] GC(2025) Pause Young (Allocation Failure) 6088M->3799M(6186M) 98.232ms
[6106.446s][info][gc,cpu         ] GC(2025) User=0.55s Sys=0.03s Real=0.10s
.[6107.991s][info][gc,start       ] GC(2026) Pause Young (Allocation Failure)
[6108.100s][info][gc,heap        ] GC(2026) PSYoungGen: 2598848K(2598912K)->175093K(2533888K) Eden: 2443776K(2443776K)->0K(2358784K) From: 155072K(155136K)->175093K(175104K)
[6108.100s][info][gc,heap        ] GC(2026) ParOldGen: 3735899K(3736064K)->3842867K(3843072K)
[6108.100s][info][gc,metaspace   ] GC(2026) Metaspace: 29103K(29376K)->29103K(29376K) NonClass: 26001K(26112K)->26001K(26112K) Class: 3102K(3264K)->3102K(3264K)
[6108.100s][info][gc             ] GC(2026) Pause Young (Allocation Failure) 6186M->3923M(6227M) 109.116ms
[6108.100s][info][gc,cpu         ] GC(2026) User=0.61s Sys=0.04s Real=0.11s
..[6109.513s][info][gc,start       ] GC(2027) Pause Young (Allocation Failure)
[6109.610s][info][gc,heap        ] GC(2027) PSYoungGen: 2533877K(2533888K)->144640K(2577408K) Eden: 2358784K(2358784K)->0K(2358784K) From: 175093K(175104K)->144640K(218624K)
[6109.610s][info][gc,heap        ] GC(2027) ParOldGen: 3842867K(3843072K)->3952843K(3953152K)
[6109.610s][info][gc,metaspace   ] GC(2027) Metaspace: 29103K(29376K)->29103K(29376K) NonClass: 26001K(26112K)->26001K(26112K) Class: 3102K(3264K)->3102K(3264K)
[6109.610s][info][gc             ] GC(2027) Pause Young (Allocation Failure) 6227M->4001M(6377M) 96.934ms
[6109.610s][info][gc,cpu         ] GC(2027) User=0.54s Sys=0.03s Real=0.10s
.[6111.078s][info][gc,start       ] GC(2028) Pause Young (Allocation Failure)
[6111.178s][info][gc,heap        ] GC(2028) PSYoungGen: 2503424K(2577408K)->164912K(2569216K) Eden: 2358784K(2358784K)->0K(2358784K) From: 144640K(218624K)->164912K(210432K)
[6111.178s][info][gc,heap        ] GC(2028) ParOldGen: 3952843K(3953152K)->4052363K(4052480K)
[6111.178s][info][gc,metaspace   ] GC(2028) Metaspace: 29103K(29376K)->29103K(29376K) NonClass: 26001K(26112K)->26001K(26112K) Class: 3102K(3264K)->3102K(3264K)
[6111.178s][info][gc             ] GC(2028) Pause Young (Allocation Failure) 6304M->4118M(6466M) 100.014ms
[6111.178s][info][gc,cpu         ] GC(2028) User=0.55s Sys=0.04s Real=0.10s
..[6112.682s][info][gc,start       ] GC(2029) Pause Young (Allocation Failure)
[6112.780s][info][gc,heap        ] GC(2029) PSYoungGen: 2523696K(2569216K)->152416K(2573312K) Eden: 2358784K(2358784K)->0K(2358784K) From: 164912K(210432K)->152416K(214528K)
[6112.780s][info][gc,heap        ] GC(2029) ParOldGen: 4052363K(4052480K)->4156195K(4156416K)
[6112.780s][info][gc,metaspace   ] GC(2029) Metaspace: 29103K(29376K)->29103K(29376K) NonClass: 26001K(26112K)->26001K(26112K) Class: 3102K(3264K)->3102K(3264K)
[6112.780s][info][gc             ] GC(2029) Pause Young (Allocation Failure) 6421M->4207M(6572M) 97.300ms
[6112.780s][info][gc,cpu         ] GC(2029) User=0.55s Sys=0.03s Real=0.10s
..[6114.241s][info][gc,start       ] GC(2030) Pause Young (Allocation Failure)
[6114.336s][info][gc,heap        ] GC(2030) PSYoungGen: 2511200K(2573312K)->143616K(2578432K) Eden: 2358784K(2358784K)->0K(2369024K) From: 152416K(214528K)->143616K(209408K)
[6114.336s][info][gc,heap        ] GC(2030) ParOldGen: 4156195K(4156416K)->4260395K(4260864K)
[6114.336s][info][gc,metaspace   ] GC(2030) Metaspace: 29103K(29376K)->29103K(29376K) NonClass: 26001K(26112K)->26001K(26112K) Class: 3102K(3264K)->3102K(3264K)
[6114.336s][info][gc             ] GC(2030) Pause Young (Allocation Failure) 6511M->4300M(6679M) 95.301ms
[6114.336s][info][gc,cpu         ] GC(2030) User=0.53s Sys=0.04s Real=0.10s
.[6115.749s][info][gc,start       ] GC(2031) Pause Young (Allocation Failure)
[6115.848s][info][gc,heap        ] GC(2031) PSYoungGen: 2512640K(2578432K)->153472K(2580992K) Eden: 2369024K(2369024K)->0K(2369024K) From: 143616K(209408K)->153472K(211968K)
[6115.848s][info][gc,heap        ] GC(2031) ParOldGen: 4260395K(4260864K)->4364219K(4364288K)
[6115.848s][info][gc,metaspace   ] GC(2031) Metaspace: 29103K(29376K)->29103K(29376K) NonClass: 26001K(26112K)->26001K(26112K) Class: 3102K(3264K)->3102K(3264K)
[6115.848s][info][gc             ] GC(2031) Pause Young (Allocation Failure) 6614M->4411M(6782M) 98.869ms
[6115.848s][info][gc,cpu         ] GC(2031) User=0.55s Sys=0.03s Real=0.10s
..[6117.326s][info][gc,start       ] GC(2032) Pause Young (Allocation Failure)
[6117.421s][info][gc,heap        ] GC(2032) PSYoungGen: 2522496K(2580992K)->147200K(2581504K) Eden: 2369024K(2369024K)->0K(2375168K) From: 153472K(211968K)->147200K(206336K)
[6117.421s][info][gc,heap        ] GC(2032) ParOldGen: 4364219K(4364288K)->4463155K(4463616K)
[6117.421s][info][gc,metaspace   ] GC(2032) Metaspace: 29103K(29376K)->29103K(29376K) NonClass: 26001K(26112K)->26001K(26112K) Class: 3102K(3264K)->3102K(3264K)
[6117.421s][info][gc             ] GC(2032) Pause Young (Allocation Failure) 6725M->4502M(6880M) 94.704ms
[6117.421s][info][gc,cpu         ] GC(2032) User=0.51s Sys=0.04s Real=0.09s
.[6118.951s][info][gc,start       ] GC(2033) Pause Young (Allocation Failure)
[6119.052s][info][gc,heap        ] GC(2033) PSYoungGen: 2522368K(2581504K)->161664K(2582528K) Eden: 2375168K(2375168K)->0K(2375168K) From: 147200K(206336K)->161664K(207360K)
[6119.052s][info][gc,heap        ] GC(2033) ParOldGen: 4463155K(4463616K)->4566227K(4566528K)
[6119.052s][info][gc,metaspace   ] GC(2033) Metaspace: 29103K(29376K)->29103K(29376K) NonClass: 26001K(26112K)->26001K(26112K) Class: 3102K(3264K)->3102K(3264K)
[6119.052s][info][gc             ] GC(2033) Pause Young (Allocation Failure) 6821M->4617M(6981M) 101.084ms
[6119.052s][info][gc,cpu         ] GC(2033) User=0.56s Sys=0.04s Real=0.10s
..[6120.496s][info][gc,start       ] GC(2034) Pause Young (Allocation Failure)
[6120.596s][info][gc,heap        ] GC(2034) PSYoungGen: 2536832K(2582528K)->152169K(2586112K) Eden: 2375168K(2375168K)->0K(2384896K) From: 161664K(207360K)->152169K(201216K)
[6120.596s][info][gc,heap        ] GC(2034) ParOldGen: 4566227K(4566528K)->4673307K(4673536K)
[6120.596s][info][gc,metaspace   ] GC(2034) Metaspace: 29103K(29376K)->29103K(29376K) NonClass: 26001K(26112K)->26001K(26112K) Class: 3102K(3264K)->3102K(3264K)
[6120.596s][info][gc             ] GC(2034) Pause Young (Allocation Failure) 6936M->4712M(7089M) 100.572ms
[6120.596s][info][gc,cpu         ] GC(2034) User=0.57s Sys=0.03s Real=0.10s
.[6122.127s][info][gc,start       ] GC(2035) Pause Young (Allocation Failure)
[6122.227s][info][gc,heap        ] GC(2035) PSYoungGen: 2537065K(2586112K)->161280K(2585088K) Eden: 2384896K(2384896K)->0K(2384896K) From: 152169K(201216K)->161280K(200192K)
[6122.227s][info][gc,heap        ] GC(2035) ParOldGen: 4673307K(4673536K)->4773387K(4773888K)
[6122.227s][info][gc,metaspace   ] GC(2035) Metaspace: 29103K(29376K)->29103K(29376K) NonClass: 26001K(26112K)->26001K(26112K) Class: 3102K(3264K)->3102K(3264K)
[6122.227s][info][gc             ] GC(2035) Pause Young (Allocation Failure) 7041M->4819M(7186M) 99.548ms
[6122.227s][info][gc,cpu         ] GC(2035) User=0.56s Sys=0.03s Real=0.10s
..[6123.788s][info][gc,start       ] GC(2036) Pause Young (Allocation Failure)
[6123.888s][info][gc,heap        ] GC(2036) PSYoungGen: 2546176K(2585088K)->156208K(2593280K) Eden: 2384896K(2384896K)->0K(2397184K) From: 161280K(200192K)->156208K(196096K)
[6123.888s][info][gc,heap        ] GC(2036) ParOldGen: 4773387K(4773888K)->4875771K(4875776K)
[6123.888s][info][gc,metaspace   ] GC(2036) Metaspace: 29103K(29376K)->29103K(29376K) NonClass: 26001K(26112K)->26001K(26112K) Class: 3102K(3264K)->3102K(3264K)
[6123.888s][info][gc             ] GC(2036) Pause Young (Allocation Failure) 7148M->4914M(7294M) 99.994ms
[6123.889s][info][gc,cpu         ] GC(2036) User=0.56s Sys=0.03s Real=0.10s
.[6125.308s][info][gc,start       ] GC(2037) Pause Young (Allocation Failure)
[6125.412s][info][gc,heap        ] GC(2037) PSYoungGen: 2553392K(2593280K)->157049K(2591232K) Eden: 2397184K(2397184K)->0K(2397184K) From: 156208K(196096K)->157049K(194048K)
[6125.412s][info][gc,heap        ] GC(2037) ParOldGen: 4875771K(4875776K)->4982475K(4982784K)
[6125.412s][info][gc,metaspace   ] GC(2037) Metaspace: 29103K(29376K)->29103K(29376K) NonClass: 26001K(26112K)->26001K(26112K) Class: 3102K(3264K)->3102K(3264K)
[6125.412s][info][gc             ] GC(2037) Pause Young (Allocation Failure) 7255M->5019M(7396M) 103.651ms
[6125.412s][info][gc,cpu         ] GC(2037) User=0.58s Sys=0.03s Real=0.10s
..[6126.860s][info][gc,start       ] GC(2038) Pause Young (Allocation Failure)
[6126.958s][info][gc,heap        ] GC(2038) PSYoungGen: 2554233K(2591232K)->154848K(2598912K) Eden: 2397184K(2397184K)->0K(2407936K) From: 157049K(194048K)->154848K(190976K)
[6126.958s][info][gc,heap        ] GC(2038) ParOldGen: 4982475K(4982784K)->5082091K(5082112K)
[6126.958s][info][gc,metaspace   ] GC(2038) Metaspace: 29103K(29376K)->29103K(29376K) NonClass: 26001K(26112K)->26001K(26112K) Class: 3102K(3264K)->3102K(3264K)
[6126.958s][info][gc             ] GC(2038) Pause Young (Allocation Failure) 7360M->5114M(7501M) 97.862ms
[6126.958s][info][gc,cpu         ] GC(2038) User=0.54s Sys=0.03s Real=0.10s
.[6128.447s][info][gc,start       ] GC(2039) Pause Young (Allocation Failure)
[6128.547s][info][gc,heap        ] GC(2039) PSYoungGen: 2562784K(2598912K)->155552K(2596864K) Eden: 2407936K(2407936K)->0K(2407936K) From: 154848K(190976K)->155552K(188928K)
[6128.547s][info][gc,heap        ] GC(2039) ParOldGen: 5082091K(5082112K)->5184179K(5184512K)
[6128.547s][info][gc,metaspace   ] GC(2039) Metaspace: 29103K(29376K)->29103K(29376K) NonClass: 26001K(26112K)->26001K(26112K) Class: 3102K(3264K)->3102K(3264K)
[6128.547s][info][gc             ] GC(2039) Pause Young (Allocation Failure) 7465M->5214M(7599M) 100.166ms
[6128.547s][info][gc,cpu         ] GC(2039) User=0.56s Sys=0.03s Real=0.10s
..[6130.098s][info][gc,start       ] GC(2040) Pause Young (Allocation Failure)
[6130.207s][info][gc,heap        ] GC(2040) PSYoungGen: 2563488K(2596864K)->175706K(2599936K) Eden: 2407936K(2407936K)->0K(2413056K) From: 155552K(188928K)->175706K(186880K)
[6130.207s][info][gc,heap        ] GC(2040) ParOldGen: 5184179K(5184512K)->5288211K(5288448K)
[6130.207s][info][gc,metaspace   ] GC(2040) Metaspace: 29103K(29376K)->29103K(29376K) NonClass: 26001K(26112K)->26001K(26112K) Class: 3102K(3264K)->3102K(3264K)
[6130.207s][info][gc             ] GC(2040) Pause Young (Allocation Failure) 7566M->5335M(7703M) 108.570ms
[6130.207s][info][gc,cpu         ] GC(2040) User=0.61s Sys=0.03s Real=0.11s
..[6131.663s][info][gc,start       ] GC(2041) Pause Young (Allocation Failure)
[6131.765s][info][gc,heap        ] GC(2041) PSYoungGen: 2588762K(2599936K)->158036K(2603008K) Eden: 2413056K(2413056K)->0K(2413056K) From: 175706K(186880K)->158036K(189952K)
[6131.765s][info][gc,heap        ] GC(2041) ParOldGen: 5288211K(5288448K)->5394531K(5394944K)
[6131.765s][info][gc,metaspace   ] GC(2041) Metaspace: 29103K(29376K)->29103K(29376K) NonClass: 26001K(26112K)->26001K(26112K) Class: 3102K(3264K)->3102K(3264K)
[6131.765s][info][gc             ] GC(2041) Pause Young (Allocation Failure) 7692M->5422M(7810M) 101.554ms
[6131.765s][info][gc,cpu         ] GC(2041) User=0.57s Sys=0.04s Real=0.11s
.[6133.298s][info][gc,start       ] GC(2042) Pause Young (Allocation Failure)
[6133.398s][info][gc,heap        ] GC(2042) PSYoungGen: 2571092K(2603008K)->155429K(2600960K) Eden: 2413056K(2413056K)->0K(2418176K) From: 158036K(189952K)->155429K(182784K)
[6133.398s][info][gc,heap        ] GC(2042) ParOldGen: 5394531K(5394944K)->5494571K(5494784K)
[6133.398s][info][gc,metaspace   ] GC(2042) Metaspace: 29103K(29376K)->29103K(29376K) NonClass: 26001K(26112K)->26001K(26112K) Class: 3102K(3264K)->3102K(3264K)
[6133.399s][info][gc             ] GC(2042) Pause Young (Allocation Failure) 7778M->5517M(7906M) 100.178ms
[6133.399s][info][gc,cpu         ] GC(2042) User=0.56s Sys=0.03s Real=0.10s
..[6134.919s][info][gc,start       ] GC(2043) Pause Full (Allocation Failure)
[6134.919s][info][gc,phases,start] GC(2043) Marking Phase
[6135.236s][info][gc,phases      ] GC(2043) Marking Phase 316.759ms
[6135.236s][info][gc,phases,start] GC(2043) Summary Phase
[6135.236s][info][gc,phases      ] GC(2043) Summary Phase 0.107ms
[6135.236s][info][gc,phases,start] GC(2043) Forward
[6135.360s][info][gc,phases      ] GC(2043) Forward 123.182ms
[6135.360s][info][gc,phases,start] GC(2043) Adjust Pointers
[6135.574s][info][gc,phases      ] GC(2043) Adjust Pointers 213.934ms
[6135.574s][info][gc,phases,start] GC(2043) Compaction Phase
[6135.723s][info][gc,phases      ] GC(2043) Compaction Phase 149.063ms
[6135.724s][info][gc,phases,start] GC(2043) Post Compact
[6135.731s][info][gc,phases      ] GC(2043) Post Compact 6.924ms
[6135.851s][info][gc,heap        ] GC(2043) PSYoungGen: 2573605K(2600960K)->0K(2604032K) Eden: 2418176K(2418176K)->0K(2418176K) From: 155429K(182784K)->0K(185856K)
[6135.851s][info][gc,heap        ] GC(2043) ParOldGen: 5494571K(5494784K)->1625012K(2069504K)
[6135.851s][info][gc,metaspace   ] GC(2043) Metaspace: 29103K(29376K)->29103K(29376K) NonClass: 26001K(26112K)->26001K(26112K) Class: 3102K(3264K)->3102K(3264K)
[6135.851s][info][gc             ] GC(2043) Pause Full (Allocation Failure) 7879M->1586M(4564M) 931.469ms
[6135.851s][info][gc,cpu         ] GC(2043) User=4.40s Sys=0.12s Real=0.93s
..[6137.124s][info][gc,start       ] GC(2044) Pause Young (Allocation Failure)
[6137.235s][info][gc,heap        ] GC(2044) PSYoungGen: 2418176K(2604032K)->156512K(2606080K) Eden: 2418176K(2418176K)->0K(2424320K) From: 0K(185856K)->156512K(181760K)
[6137.235s][info][gc,heap        ] GC(2044) ParOldGen: 1625012K(2069504K)->1625012K(2069504K)
[6137.235s][info][gc,metaspace   ] GC(2044) Metaspace: 29103K(29376K)->29103K(29376K) NonClass: 26001K(26112K)->26001K(26112K) Class: 3102K(3264K)->3102K(3264K)
[6137.235s][info][gc             ] GC(2044) Pause Young (Allocation Failure) 3948M->1739M(4566M) 110.383ms
[6137.235s][info][gc,cpu         ] GC(2044) User=0.38s Sys=0.00s Real=0.12s
.[6138.446s][info][gc,start       ] GC(2045) Pause Young (Allocation Failure)
[6138.547s][info][gc,heap        ] GC(2045) PSYoungGen: 2580832K(2606080K)->171454K(2608128K) Eden: 2424320K(2424320K)->0K(2424320K) From: 156512K(181760K)->171454K(183808K)
[6138.547s][info][gc,heap        ] GC(2045) ParOldGen: 1625012K(2069504K)->1725796K(2069504K)
[6138.547s][info][gc,metaspace   ] GC(2045) Metaspace: 29103K(29376K)->29103K(29376K) NonClass: 26001K(26112K)->26001K(26112K) Class: 3102K(3264K)->3102K(3264K)
[6138.547s][info][gc             ] GC(2045) Pause Young (Allocation Failure) 4107M->1852M(4568M) 100.994ms
[6138.547s][info][gc,cpu         ] GC(2045) User=0.60s Sys=0.00s Real=0.10s
.[6139.830s][info][gc,start       ] GC(2046) Pause Young (Allocation Failure)
[6139.928s][info][gc,heap        ] GC(2046) PSYoungGen: 2595774K(2608128K)->167952K(2610176K) Eden: 2424320K(2424320K)->0K(2424320K) From: 171454K(183808K)->167952K(185856K)
[6139.928s][info][gc,heap        ] GC(2046) ParOldGen: 1725796K(2069504K)->1833324K(2069504K)
[6139.928s][info][gc,metaspace   ] GC(2046) Metaspace: 29103K(29376K)->29103K(29376K) NonClass: 26001K(26112K)->26001K(26112K) Class: 3102K(3264K)->3102K(3264K)
[6139.928s][info][gc             ] GC(2046) Pause Young (Allocation Failure) 4220M->1954M(4570M) 97.947ms
[6139.928s][info][gc,cpu         ] GC(2046) User=0.59s Sys=0.00s Real=0.10s
..[6141.393s][info][gc,start       ] GC(2047) Pause Young (Allocation Failure)
[6141.485s][info][gc,heap        ] GC(2047) PSYoungGen: 2592272K(2610176K)->149792K(2610176K) Eden: 2424320K(2424320K)->0K(2424320K) From: 167952K(185856K)->149792K(185856K)
[6141.485s][info][gc,heap        ] GC(2047) ParOldGen: 1833324K(2069504K)->1938668K(2069504K)
[6141.485s][info][gc,metaspace   ] GC(2047) Metaspace: 29103K(29376K)->29103K(29376K) NonClass: 26001K(26112K)->26001K(26112K) Class: 3102K(3264K)->3102K(3264K)
[6141.485s][info][gc             ] GC(2047) Pause Young (Allocation Failure) 4321M->2039M(4570M) 92.130ms
[6141.485s][info][gc,cpu         ] GC(2047) User=0.55s Sys=0.00s Real=0.10s
 (rIR:aIR:PR = 10516:10460:10460) (tPR = 153002) [OK] 
  6141s: Performance info:
         Transaction,    Success,    Partial,     Failed,   Receipts, AvgBarcode, 
             Overall,     635379,          0,          0,     603538,      59.48, 
         Response times:
             Request,    Success,    Partial,     Failed,   SkipFail,     Probes,    Samples,      min,      p50,      p90,      p95,      p99,      max, 
       TotalPurchase,     603573,          0,          0,          0,     345225,     498140,      300,    11000,   177000,   405000,   860000,  1400000,
     InStorePurchase,     321471,          0,          0,          0,     181138,     261684,      300,    11100,   177000,   413000,   860000,  1100000,
      OnlinePurchase,     217925,          0,          0,          0,     127172,     182696,      300,    10900,   178000,   396000,   890000,  1300000,
        InstPurchase,      64177,          0,          0,          0,      36915,      53760,      300,    10900,   180900,   404000,   910000,  1400000,
          AssocOfCat,        639,          0,          0,          0,        523,        853,    21000,    59000,   278200,   430000,   710000,  1000000,
      AssocOfProduct,       6332,          0,          0,          0,       3577,       5265,      400,    11700,   174000,   396700,   810000,   960000,
      BusinessReport,       1601,          0,          0,          0,       1415,       2174,    32000,    62000,   214000,   367750,   700000,   930000,
          CustBuyBeh,       6382,          0,          0,          0,       3570,       5292,      200,     7900,   159700,   395700,   690000,   910000,
       ProductReturn,      16832,          0,          0,          0,       9972,      14609,      300,    10600,   179000,   405000,   730000,   910000,

  6141s: (77%)   IR =  10654 .[6143.064s][info][gc,start       ] GC(2048) Pause Young (Allocation Failure)
[6143.165s][info][gc,heap        ] GC(2048) PSYoungGen: 2574112K(2610176K)->173769K(2606080K) Eden: 2424320K(2424320K)->0K(2420224K) From: 149792K(185856K)->173769K(185856K)
[6143.165s][info][gc,heap        ] GC(2048) ParOldGen: 1938668K(2069504K)->2040348K(2069504K)
[6143.165s][info][gc,metaspace   ] GC(2048) Metaspace: 29103K(29376K)->29103K(29376K) NonClass: 26001K(26112K)->26001K(26112K) Class: 3102K(3264K)->3102K(3264K)
[6143.165s][info][gc             ] GC(2048) Pause Young (Allocation Failure) 4407M->2162M(4566M) 100.767ms
[6143.165s][info][gc,cpu         ] GC(2048) User=0.60s Sys=0.00s Real=0.11s
..[6144.664s][info][gc,start       ] GC(2049) Pause Young (Allocation Failure)
[6144.764s][info][gc,heap        ] GC(2049) PSYoungGen: 2593993K(2606080K)->163220K(2608128K) Eden: 2420224K(2420224K)->0K(2420224K) From: 173769K(185856K)->163220K(187904K)
[6144.764s][info][gc,heap        ] GC(2049) ParOldGen: 2040348K(2069504K)->2145140K(2145280K)
[6144.764s][info][gc,metaspace   ] GC(2049) Metaspace: 29103K(29376K)->29103K(29376K) NonClass: 26001K(26112K)->26001K(26112K) Class: 3102K(3264K)->3102K(3264K)
[6144.764s][info][gc             ] GC(2049) Pause Young (Allocation Failure) 4525M->2254M(4642M) 100.589ms
[6144.764s][info][gc,cpu         ] GC(2049) User=0.57s Sys=0.03s Real=0.10s
.[6146.219s][info][gc,start       ] GC(2050) Pause Young (Allocation Failure)
[6146.319s][info][gc,heap        ] GC(2050) PSYoungGen: 2583444K(2608128K)->155375K(2606080K) Eden: 2420224K(2420224K)->0K(2422272K) From: 163220K(187904K)->155375K(183808K)
[6146.319s][info][gc,heap        ] GC(2050) ParOldGen: 2145140K(2145280K)->2251836K(2252288K)
[6146.319s][info][gc,metaspace   ] GC(2050) Metaspace: 29103K(29376K)->29103K(29376K) NonClass: 26001K(26112K)->26001K(26112K) Class: 3102K(3264K)->3102K(3264K)
[6146.319s][info][gc             ] GC(2050) Pause Young (Allocation Failure) 4617M->2350M(4744M) 100.036ms
[6146.319s][info][gc,cpu         ] GC(2050) User=0.55s Sys=0.03s Real=0.10s
..[6147.815s][info][gc,start       ] GC(2051) Pause Young (Allocation Failure)
[6147.914s][info][gc,heap        ] GC(2051) PSYoungGen: 2577647K(2606080K)->163040K(2607104K) Eden: 2422272K(2422272K)->0K(2422272K) From: 155375K(183808K)->163040K(184832K)
[6147.914s][info][gc,heap        ] GC(2051) ParOldGen: 2251836K(2252288K)->2351540K(2351616K)
[6147.914s][info][gc,metaspace   ] GC(2051) Metaspace: 29103K(29376K)->29103K(29376K) NonClass: 26001K(26112K)->26001K(26112K) Class: 3102K(3264K)->3102K(3264K)
[6147.914s][info][gc             ] GC(2051) Pause Young (Allocation Failure) 4716M->2455M(4842M) 99.081ms
[6147.914s][info][gc,cpu         ] GC(2051) User=0.56s Sys=0.04s Real=0.10s
.[6149.336s][info][gc,start       ] GC(2052) Pause Young (Allocation Failure)
[6149.431s][info][gc,heap        ] GC(2052) PSYoungGen: 2585312K(2607104K)->141888K(2609664K) Eden: 2422272K(2422272K)->0K(2426368K) From: 163040K(184832K)->141888K(183296K)
[6149.431s][info][gc,heap        ] GC(2052) ParOldGen: 2351540K(2351616K)->2461716K(2462208K)
[6149.431s][info][gc,metaspace   ] GC(2052) Metaspace: 29103K(29376K)->29103K(29376K) NonClass: 26001K(26112K)->26001K(26112K) Class: 3102K(3264K)->3102K(3264K)
[6149.431s][info][gc             ] GC(2052) Pause Young (Allocation Failure) 4821M->2542M(4953M) 94.761ms
[6149.431s][info][gc,cpu         ] GC(2052) User=0.52s Sys=0.04s Real=0.09s
..|[6150.944s][info][gc,start       ] GC(2053) Pause Young (Allocation Failure)
[6151.041s][info][gc,heap        ] GC(2053) PSYoungGen: 2568256K(2609664K)->160288K(2610688K) Eden: 2426368K(2426368K)->0K(2426368K) From: 141888K(183296K)->160288K(184320K)
[6151.041s][info][gc,heap        ] GC(2053) ParOldGen: 2461716K(2462208K)->2559604K(2560000K)
[6151.041s][info][gc,metaspace   ] GC(2053) Metaspace: 29103K(29376K)->29103K(29376K) NonClass: 26001K(26112K)->26001K(26112K) Class: 3102K(3264K)->3102K(3264K)
[6151.041s][info][gc             ] GC(2053) Pause Young (Allocation Failure) 4912M->2656M(5049M) 96.680ms
[6151.041s][info][gc,cpu         ] GC(2053) User=0.54s Sys=0.04s Real=0.09s
..[6152.579s][info][gc,start       ] GC(2054) Pause Young (Allocation Failure)
[6152.674s][info][gc,heap        ] GC(2054) PSYoungGen: 2586656K(2610688K)->148224K(2611200K) Eden: 2426368K(2426368K)->0K(2428928K) From: 160288K(184320K)->148224K(182272K)
[6152.674s][info][gc,heap        ] GC(2054) ParOldGen: 2559604K(2560000K)->2665612K(2665984K)
[6152.674s][info][gc,metaspace   ] GC(2054) Metaspace: 29103K(29376K)->29103K(29376K) NonClass: 26001K(26112K)->26001K(26112K) Class: 3102K(3264K)->3102K(3264K)
[6152.674s][info][gc             ] GC(2054) Pause Young (Allocation Failure) 5025M->2747M(5153M) 95.640ms
[6152.674s][info][gc,cpu         ] GC(2054) User=0.54s Sys=0.03s Real=0.09s
.[6154.259s][info][gc,start       ] GC(2055) Pause Young (Allocation Failure)
[6154.364s][info][gc,heap        ] GC(2055) PSYoungGen: 2577152K(2611200K)->168511K(2610688K) Eden: 2428928K(2428928K)->0K(2428928K) From: 148224K(182272K)->168511K(181760K)
[6154.364s][info][gc,heap        ] GC(2055) ParOldGen: 2665612K(2665984K)->2768108K(2768384K)
[6154.364s][info][gc,metaspace   ] GC(2055) Metaspace: 29103K(29376K)->29103K(29376K) NonClass: 26001K(26112K)->26001K(26112K) Class: 3102K(3264K)->3102K(3264K)
[6154.364s][info][gc             ] GC(2055) Pause Young (Allocation Failure) 5119M->2867M(5253M) 105.163ms
[6154.364s][info][gc,cpu         ] GC(2055) User=0.59s Sys=0.03s Real=0.10s
..[6155.908s][info][gc,start       ] GC(2056) Pause Young (Allocation Failure)
[6156.011s][info][gc,heap        ] GC(2056) PSYoungGen: 2597439K(2610688K)->166692K(2611712K) Eden: 2428928K(2428928K)->0K(2428416K) From: 168511K(181760K)->166692K(183296K)
[6156.011s][info][gc,heap        ] GC(2056) ParOldGen: 2768108K(2768384K)->2871748K(2871808K)
[6156.011s][info][gc,metaspace   ] GC(2056) Metaspace: 29103K(29376K)->29103K(29376K) NonClass: 26001K(26112K)->26001K(26112K) Class: 3102K(3264K)->3102K(3264K)
[6156.011s][info][gc             ] GC(2056) Pause Young (Allocation Failure) 5239M->2967M(5355M) 102.653ms
[6156.011s][info][gc,cpu         ] GC(2056) User=0.57s Sys=0.04s Real=0.10s
.[6157.556s][info][gc,start       ] GC(2057) Pause Young (Allocation Failure)
[6157.655s][info][gc,heap        ] GC(2057) PSYoungGen: 2595108K(2611712K)->154884K(2583552K) Eden: 2428416K(2428416K)->0K(2428416K) From: 166692K(183296K)->154884K(155136K)
[6157.655s][info][gc,heap        ] GC(2057) ParOldGen: 2871748K(2871808K)->2977380K(2977792K)
[6157.655s][info][gc,metaspace   ] GC(2057) Metaspace: 29103K(29376K)->29103K(29376K) NonClass: 26001K(26112K)->26001K(26112K) Class: 3102K(3264K)->3102K(3264K)
[6157.655s][info][gc             ] GC(2057) Pause Young (Allocation Failure) 5338M->3058M(5431M) 99.435ms
[6157.655s][info][gc,cpu         ] GC(2057) User=0.55s Sys=0.03s Real=0.10s
..[6159.153s][info][gc,start       ] GC(2058) Pause Young (Allocation Failure)
[6159.252s][info][gc,heap        ] GC(2058) PSYoungGen: 2583300K(2583552K)->154880K(2612736K) Eden: 2428416K(2428416K)->0K(2430464K) From: 154884K(155136K)->154880K(182272K)
[6159.252s][info][gc,heap        ] GC(2058) ParOldGen: 2977380K(2977792K)->3079668K(3079680K)
[6159.252s][info][gc,metaspace   ] GC(2058) Metaspace: 29103K(29376K)->29103K(29376K) NonClass: 26001K(26112K)->26001K(26112K) Class: 3102K(3264K)->3102K(3264K)
[6159.252s][info][gc             ] GC(2058) Pause Young (Allocation Failure) 5430M->3158M(5559M) 99.213ms
[6159.252s][info][gc,cpu         ] GC(2058) User=0.55s Sys=0.03s Real=0.10s
..[6160.710s][info][gc,start       ] GC(2059) Pause Young (Allocation Failure)
[6160.812s][info][gc,heap        ] GC(2059) PSYoungGen: 2585344K(2612736K)->163206K(2611200K) Eden: 2430464K(2430464K)->0K(2430464K) From: 154880K(182272K)->163206K(180736K)
[6160.812s][info][gc,heap        ] GC(2059) ParOldGen: 3079668K(3079680K)->3183540K(3183616K)
[6160.812s][info][gc,metaspace   ] GC(2059) Metaspace: 29103K(29376K)->29103K(29376K) NonClass: 26001K(26112K)->26001K(26112K) Class: 3102K(3264K)->3102K(3264K)
[6160.812s][info][gc             ] GC(2059) Pause Young (Allocation Failure) 5532M->3268M(5659M) 102.324ms
[6160.813s][info][gc,cpu         ] GC(2059) User=0.57s Sys=0.05s Real=0.10s
.[6162.303s][info][gc,start       ] GC(2060) Pause Young (Allocation Failure)
[6162.400s][info][gc,heap        ] GC(2060) PSYoungGen: 2593670K(2611200K)->150483K(2613760K) Eden: 2430464K(2430464K)->0K(2433536K) From: 163206K(180736K)->150483K(180224K)
[6162.400s][info][gc,heap        ] GC(2060) ParOldGen: 3183540K(3183616K)->3286188K(3286528K)
[6162.400s][info][gc,metaspace   ] GC(2060) Metaspace: 29103K(29376K)->29103K(29376K) NonClass: 26001K(26112K)->26001K(26112K) Class: 3102K(3264K)->3102K(3264K)
[6162.400s][info][gc             ] GC(2060) Pause Young (Allocation Failure) 5641M->3356M(5762M) 96.584ms
[6162.400s][info][gc,cpu         ] GC(2060) User=0.53s Sys=0.04s Real=0.10s
..[6163.964s][info][gc,start       ] GC(2061) Pause Young (Allocation Failure)
[6164.065s][info][gc,heap        ] GC(2061) PSYoungGen: 2584019K(2613760K)->164608K(2613248K) Eden: 2433536K(2433536K)->0K(2433536K) From: 150483K(180224K)->164608K(179712K)
[6164.065s][info][gc,heap        ] GC(2061) ParOldGen: 3286188K(3286528K)->3389620K(3389952K)
[6164.065s][info][gc,metaspace   ] GC(2061) Metaspace: 29103K(29376K)->29103K(29376K) NonClass: 26001K(26112K)->26001K(26112K) Class: 3102K(3264K)->3102K(3264K)
[6164.065s][info][gc             ] GC(2061) Pause Young (Allocation Failure) 5732M->3470M(5862M) 100.683ms
[6164.065s][info][gc,cpu         ] GC(2061) User=0.57s Sys=0.03s Real=0.11s
.[6165.576s][info][gc,start       ] GC(2062) Pause Young (Allocation Failure)
[6165.673s][info][gc,heap        ] GC(2062) PSYoungGen: 2598144K(2613248K)->150144K(2615808K) Eden: 2433536K(2433536K)->0K(2436608K) From: 164608K(179712K)->150144K(179200K)
[6165.673s][info][gc,heap        ] GC(2062) ParOldGen: 3389620K(3389952K)->3497460K(3497472K)
[6165.673s][info][gc,metaspace   ] GC(2062) Metaspace: 29103K(29376K)->29103K(29376K) NonClass: 26001K(26112K)->26001K(26112K) Class: 3102K(3264K)->3102K(3264K)
[6165.673s][info][gc             ] GC(2062) Pause Young (Allocation Failure) 5847M->3562M(5970M) 97.072ms
[6165.673s][info][gc,cpu         ] GC(2062) User=0.53s Sys=0.04s Real=0.09s
..[6167.194s][info][gc,start       ] GC(2063) Pause Young (Allocation Failure)
[6167.292s][info][gc,heap        ] GC(2063) PSYoungGen: 2586752K(2615808K)->153156K(2615808K) Eden: 2436608K(2436608K)->0K(2436608K) From: 150144K(179200K)->153156K(179200K)
[6167.292s][info][gc,heap        ] GC(2063) ParOldGen: 3497460K(3497472K)->3598468K(3598848K)
[6167.292s][info][gc,metaspace   ] GC(2063) Metaspace: 29103K(29376K)->29103K(29376K) NonClass: 26001K(26112K)->26001K(26112K) Class: 3102K(3264K)->3102K(3264K)
[6167.292s][info][gc             ] GC(2063) Pause Young (Allocation Failure) 5941M->3663M(6069M) 98.080ms
[6167.292s][info][gc,cpu         ] GC(2063) User=0.56s Sys=0.03s Real=0.10s
.[6168.679s][info][gc,start       ] GC(2064) Pause Young (Allocation Failure)
[6168.780s][info][gc,heap        ] GC(2064) PSYoungGen: 2589764K(2615808K)->161972K(2616320K) Eden: 2436608K(2436608K)->0K(2438144K) From: 153156K(179200K)->161972K(178176K)
[6168.780s][info][gc,heap        ] GC(2064) ParOldGen: 3598468K(3598848K)->3703092K(3703296K)
[6168.780s][info][gc,metaspace   ] GC(2064) Metaspace: 29103K(29376K)->29103K(29376K) NonClass: 26001K(26112K)->26001K(26112K) Class: 3102K(3264K)->3102K(3264K)
[6168.780s][info][gc             ] GC(2064) Pause Young (Allocation Failure) 6043M->3774M(6171M) 101.474ms
[6168.780s][info][gc,cpu         ] GC(2064) User=0.58s Sys=0.03s Real=0.10s
..[6170.282s][info][gc,start       ] GC(2065) Pause Young (Allocation Failure)
[6170.381s][info][gc,heap        ] GC(2065) PSYoungGen: 2600116K(2616320K)->156340K(2615808K) Eden: 2438144K(2438144K)->0K(2438144K) From: 161972K(178176K)->156340K(177664K)
[6170.381s][info][gc,heap        ] GC(2065) ParOldGen: 3703092K(3703296K)->3806660K(3806720K)
[6170.381s][info][gc,metaspace   ] GC(2065) Metaspace: 29103K(29376K)->29103K(29376K) NonClass: 26001K(26112K)->26001K(26112K) Class: 3102K(3264K)->3102K(3264K)
[6170.381s][info][gc             ] GC(2065) Pause Young (Allocation Failure) 6155M->3870M(6272M) 98.985ms
[6170.381s][info][gc,cpu         ] GC(2065) User=0.56s Sys=0.02s Real=0.10s
.[6171.852s][info][gc,start       ] GC(2066) Pause Young (Allocation Failure)
[6171.954s][info][gc,heap        ] GC(2066) PSYoungGen: 2594484K(2615808K)->160836K(2617344K) Eden: 2438144K(2438144K)->0K(2441216K) From: 156340K(177664K)->160836K(176128K)
[6171.954s][info][gc,heap        ] GC(2066) ParOldGen: 3806660K(3806720K)->3912388K(3912704K)
[6171.954s][info][gc,metaspace   ] GC(2066) Metaspace: 29103K(29376K)->29103K(29376K) NonClass: 26001K(26112K)->26001K(26112K) Class: 3102K(3264K)->3102K(3264K)
[6171.954s][info][gc             ] GC(2066) Pause Young (Allocation Failure) 6251M->3977M(6377M) 101.880ms
[6171.954s][info][gc,cpu         ] GC(2066) User=0.57s Sys=0.04s Real=0.10s
..[6173.511s][info][gc,start       ] GC(2067) Pause Young (Allocation Failure)
[6173.612s][info][gc,heap        ] GC(2067) PSYoungGen: 2602052K(2617344K)->162228K(2616320K) Eden: 2441216K(2441216K)->0K(2441216K) From: 160836K(176128K)->162228K(175104K)
[6173.612s][info][gc,heap        ] GC(2067) ParOldGen: 3912388K(3912704K)->4013532K(4013568K)
[6173.612s][info][gc,metaspace   ] GC(2067) Metaspace: 29103K(29376K)->29103K(29376K) NonClass: 26001K(26112K)->26001K(26112K) Class: 3102K(3264K)->3102K(3264K)
[6173.612s][info][gc             ] GC(2067) Pause Young (Allocation Failure) 6361M->4077M(6474M) 100.956ms
[6173.612s][info][gc,cpu         ] GC(2067) User=0.57s Sys=0.03s Real=0.10s
..[6175.068s][info][gc,start       ] GC(2068) Pause Young (Allocation Failure)
[6175.171s][info][gc,heap        ] GC(2068) PSYoungGen: 2603444K(2616320K)->165216K(2619392K) Eden: 2441216K(2441216K)->0K(2444288K) From: 162228K(175104K)->165216K(175104K)
[6175.171s][info][gc,heap        ] GC(2068) ParOldGen: 4013532K(4013568K)->4121500K(4121600K)
[6175.172s][info][gc,metaspace   ] GC(2068) Metaspace: 29103K(29376K)->29103K(29376K) NonClass: 26001K(26112K)->26001K(26112K) Class: 3102K(3264K)->3102K(3264K)
[6175.172s][info][gc             ] GC(2068) Pause Young (Allocation Failure) 6461M->4186M(6583M) 103.836ms
[6175.172s][info][gc,cpu         ] GC(2068) User=0.58s Sys=0.03s Real=0.10s
.[6176.712s][info][gc,start       ] GC(2069) Pause Young (Allocation Failure)
[6176.809s][info][gc,heap        ] GC(2069) PSYoungGen: 2609504K(2619392K)->150513K(2619904K) Eden: 2444288K(2444288K)->0K(2444288K) From: 165216K(175104K)->150513K(175616K)
[6176.809s][info][gc,heap        ] GC(2069) ParOldGen: 4121500K(4121600K)->4226004K(4226048K)
[6176.809s][info][gc,metaspace   ] GC(2069) Metaspace: 29103K(29376K)->29103K(29376K) NonClass: 26001K(26112K)->26001K(26112K) Class: 3102K(3264K)->3102K(3264K)
[6176.809s][info][gc             ] GC(2069) Pause Young (Allocation Failure) 6573M->4273M(6685M) 97.256ms
[6176.809s][info][gc,cpu         ] GC(2069) User=0.54s Sys=0.04s Real=0.10s
..[6178.368s][info][gc,start       ] GC(2070) Pause Young (Allocation Failure)
[6178.469s][info][gc,heap        ] GC(2070) PSYoungGen: 2594801K(2619904K)->160021K(2618368K) Eden: 2444288K(2444288K)->0K(2444800K) From: 150513K(175616K)->160021K(173568K)
[6178.469s][info][gc,heap        ] GC(2070) ParOldGen: 4226004K(4226048K)->4325732K(4325888K)
[6178.469s][info][gc,metaspace   ] GC(2070) Metaspace: 29103K(29376K)->29103K(29376K) NonClass: 26001K(26112K)->26001K(26112K) Class: 3102K(3264K)->3102K(3264K)
[6178.469s][info][gc             ] GC(2070) Pause Young (Allocation Failure) 6660M->4380M(6781M) 100.648ms
[6178.469s][info][gc,cpu         ] GC(2070) User=0.55s Sys=0.04s Real=0.10s
.[6179.980s][info][gc,start       ] GC(2071) Pause Young (Allocation Failure)
[6180.082s][info][gc,heap        ] GC(2071) PSYoungGen: 2604821K(2618368K)->159808K(2619392K) Eden: 2444799K(2444800K)->0K(2444800K) From: 160021K(173568K)->159808K(174592K)
[6180.082s][info][gc,heap        ] GC(2071) ParOldGen: 4325732K(4325888K)->4430940K(4431360K)
[6180.082s][info][gc,metaspace   ] GC(2071) Metaspace: 29103K(29376K)->29103K(29376K) NonClass: 26001K(26112K)->26001K(26112K) Class: 3102K(3264K)->3102K(3264K)
[6180.082s][info][gc             ] GC(2071) Pause Young (Allocation Failure) 6768M->4483M(6885M) 101.571ms
[6180.082s][info][gc,cpu         ] GC(2071) User=0.56s Sys=0.04s Real=0.10s
..[6181.570s][info][gc,start       ] GC(2072) Pause Young (Allocation Failure)
[6181.676s][info][gc,heap        ] GC(2072) PSYoungGen: 2604608K(2619392K)->170580K(2616320K) Eden: 2444800K(2444800K)->0K(2442752K) From: 159808K(174592K)->170580K(173568K)
[6181.676s][info][gc,heap        ] GC(2072) ParOldGen: 4430940K(4431360K)->4533340K(4533760K)
[6181.676s][info][gc,metaspace   ] GC(2072) Metaspace: 29103K(29376K)->29103K(29376K) NonClass: 26001K(26112K)->26001K(26112K) Class: 3102K(3264K)->3102K(3264K)
[6181.676s][info][gc             ] GC(2072) Pause Young (Allocation Failure) 6870M->4593M(6982M) 106.037ms
[6181.676s][info][gc,cpu         ] GC(2072) User=0.60s Sys=0.02s Real=0.11s
..[6183.138s][info][gc,start       ] GC(2073) Pause Young (Allocation Failure)
[6183.250s][info][gc,heap        ] GC(2073) PSYoungGen: 2613332K(2616320K)->176633K(2619392K) Eden: 2442752K(2442752K)->0K(2442752K) From: 170580K(173568K)->176633K(176640K)
[6183.250s][info][gc,heap        ] GC(2073) ParOldGen: 4533340K(4533760K)->4646140K(4646400K)
[6183.250s][info][gc,metaspace   ] GC(2073) Metaspace: 29103K(29376K)->29103K(29376K) NonClass: 26001K(26112K)->26001K(26112K) Class: 3102K(3264K)->3102K(3264K)
[6183.250s][info][gc             ] GC(2073) Pause Young (Allocation Failure) 6979M->4709M(7095M) 112.143ms
[6183.250s][info][gc,cpu         ] GC(2073) User=0.63s Sys=0.03s Real=0.11s
.[6184.712s][info][gc,start       ] GC(2074) Pause Young (Allocation Failure)
[6184.818s][info][gc,heap        ] GC(2074) PSYoungGen: 2619385K(2619392K)->169561K(2536448K) Eden: 2442752K(2442752K)->0K(2359808K) From: 176633K(176640K)->169561K(176640K)
[6184.818s][info][gc,heap        ] GC(2074) ParOldGen: 4646140K(4646400K)->4747132K(4747264K)
[6184.818s][info][gc,metaspace   ] GC(2074) Metaspace: 29103K(29376K)->29103K(29376K) NonClass: 26001K(26112K)->26001K(26112K) Class: 3102K(3264K)->3102K(3264K)
[6184.818s][info][gc             ] GC(2074) Pause Young (Allocation Failure) 7095M->4801M(7113M) 105.752ms
[6184.818s][info][gc,cpu         ] GC(2074) User=0.58s Sys=0.04s Real=0.11s
..[6186.250s][info][gc,start       ] GC(2075) Pause Young (Allocation Failure)
[6186.346s][info][gc,heap        ] GC(2075) PSYoungGen: 2529369K(2536448K)->144672K(2504704K) Eden: 2359808K(2359808K)->0K(2359808K) From: 169561K(176640K)->144672K(144896K)
[6186.346s][info][gc,heap        ] GC(2075) ParOldGen: 4747132K(4747264K)->4854956K(4855296K)
[6186.346s][info][gc,metaspace   ] GC(2075) Metaspace: 29103K(29376K)->29103K(29376K) NonClass: 26001K(26112K)->26001K(26112K) Class: 3102K(3264K)->3102K(3264K)
[6186.346s][info][gc             ] GC(2075) Pause Young (Allocation Failure) 7105M->4882M(7187M) 95.821ms
[6186.346s][info][gc,cpu         ] GC(2075) User=0.53s Sys=0.04s Real=0.10s
.[6187.762s][info][gc,start       ] GC(2076) Pause Young (Allocation Failure)
[6187.864s][info][gc,heap        ] GC(2076) PSYoungGen: 2504480K(2504704K)->162004K(2580992K) Eden: 2359807K(2359808K)->0K(2362368K) From: 144672K(144896K)->162004K(218624K)
[6187.864s][info][gc,heap        ] GC(2076) ParOldGen: 4854956K(4855296K)->4956988K(4957184K)
[6187.864s][info][gc,metaspace   ] GC(2076) Metaspace: 29103K(29376K)->29103K(29376K) NonClass: 26001K(26112K)->26001K(26112K) Class: 3102K(3264K)->3102K(3264K)
[6187.864s][info][gc             ] GC(2076) Pause Young (Allocation Failure) 7186M->4999M(7361M) 102.155ms
[6187.864s][info][gc,cpu         ] GC(2076) User=0.57s Sys=0.03s Real=0.10s
..[6189.303s][info][gc,start       ] GC(2077) Pause Young (Allocation Failure)
[6189.399s][info][gc,heap        ] GC(2077) PSYoungGen: 2524372K(2580992K)->146112K(2508800K) Eden: 2362368K(2362368K)->0K(2362368K) From: 162004K(218624K)->146112K(146432K)
[6189.399s][info][gc,heap        ] GC(2077) ParOldGen: 4956988K(4957184K)->5060372K(5060608K)
[6189.399s][info][gc,metaspace   ] GC(2077) Metaspace: 29103K(29376K)->29103K(29376K) NonClass: 26001K(26112K)->26001K(26112K) Class: 3102K(3264K)->3102K(3264K)
[6189.399s][info][gc             ] GC(2077) Pause Young (Allocation Failure) 7306M->5084M(7392M) 95.675ms
[6189.399s][info][gc,cpu         ] GC(2077) User=0.53s Sys=0.04s Real=0.10s
.[6190.857s][info][gc,start       ] GC(2078) Pause Young (Allocation Failure)
[6190.960s][info][gc,heap        ] GC(2078) PSYoungGen: 2508480K(2508800K)->160489K(2580992K) Eden: 2362368K(2362368K)->0K(2366464K) From: 146112K(146432K)->160489K(214528K)
[6190.960s][info][gc,heap        ] GC(2078) ParOldGen: 5060372K(5060608K)->5164468K(5164544K)
[6190.960s][info][gc,metaspace   ] GC(2078) Metaspace: 29103K(29376K)->29103K(29376K) NonClass: 26001K(26112K)->26001K(26112K) Class: 3102K(3264K)->3102K(3264K)
[6190.960s][info][gc             ] GC(2078) Pause Young (Allocation Failure) 7391M->5200M(7564M) 103.185ms
[6190.960s][info][gc,cpu         ] GC(2078) User=0.57s Sys=0.03s Real=0.10s
..[6192.417s][info][gc,start       ] GC(2079) Pause Young (Allocation Failure)
[6192.515s][info][gc,heap        ] GC(2079) PSYoungGen: 2526953K(2580992K)->148484K(2576896K) Eden: 2366464K(2366464K)->0K(2366464K) From: 160489K(214528K)->148484K(210432K)
[6192.515s][info][gc,heap        ] GC(2079) ParOldGen: 5164468K(5164544K)->5268932K(5268992K)
[6192.515s][info][gc,metaspace   ] GC(2079) Metaspace: 29103K(29376K)->29103K(29376K) NonClass: 26001K(26112K)->26001K(26112K) Class: 3102K(3264K)->3102K(3264K)
[6192.515s][info][gc             ] GC(2079) Pause Young (Allocation Failure) 7511M->5290M(7662M) 97.886ms
[6192.515s][info][gc,cpu         ] GC(2079) User=0.55s Sys=0.03s Real=0.10s
.[6193.981s][info][gc,start       ] GC(2080) Pause Young (Allocation Failure)
[6194.082s][info][gc,heap        ] GC(2080) PSYoungGen: 2514948K(2576896K)->157248K(2582016K) Eden: 2366464K(2366464K)->0K(2374656K) From: 148484K(210432K)->157248K(207360K)
[6194.082s][info][gc,heap        ] GC(2080) ParOldGen: 5268932K(5268992K)->5368484K(5368832K)
[6194.082s][info][gc,metaspace   ] GC(2080) Metaspace: 29103K(29376K)->29103K(29376K) NonClass: 26001K(26112K)->26001K(26112K) Class: 3102K(3264K)->3102K(3264K)
[6194.082s][info][gc             ] GC(2080) Pause Young (Allocation Failure) 7601M->5396M(7764M) 100.727ms
[6194.082s][info][gc,cpu         ] GC(2080) User=0.57s Sys=0.03s Real=0.10s
..[6195.534s][info][gc,start       ] GC(2081) Pause Young (Allocation Failure)
[6195.639s][info][gc,heap        ] GC(2081) PSYoungGen: 2531904K(2582016K)->164357K(2580480K) Eden: 2374656K(2374656K)->0K(2374656K) From: 157248K(207360K)->164357K(205824K)
[6195.639s][info][gc,heap        ] GC(2081) ParOldGen: 5368484K(5368832K)->5470884K(5471232K)
[6195.639s][info][gc,metaspace   ] GC(2081) Metaspace: 29103K(29376K)->29103K(29376K) NonClass: 26001K(26112K)->26001K(26112K) Class: 3102K(3264K)->3102K(3264K)
[6195.639s][info][gc             ] GC(2081) Pause Young (Allocation Failure) 7715M->5503M(7863M) 105.085ms
[6195.639s][info][gc,cpu         ] GC(2081) User=0.59s Sys=0.03s Real=0.11s
.[6197.026s][info][gc,start       ] GC(2082) Pause Young (Allocation Failure)
[6197.133s][info][gc,heap        ] GC(2082) PSYoungGen: 2539013K(2580480K)->173775K(2584576K) Eden: 2374656K(2374656K)->0K(2382848K) From: 164357K(205824K)->173775K(201728K)
[6197.133s][info][gc,heap        ] GC(2082) ParOldGen: 5470884K(5471232K)->5571268K(5571584K)
[6197.133s][info][gc,metaspace   ] GC(2082) Metaspace: 29103K(29376K)->29103K(29376K) NonClass: 26001K(26112K)->26001K(26112K) Class: 3102K(3264K)->3102K(3264K)
[6197.133s][info][gc             ] GC(2082) Pause Young (Allocation Failure) 7822M->5610M(7965M) 106.521ms
[6197.133s][info][gc,cpu         ] GC(2082) User=0.60s Sys=0.03s Real=0.10s
..[6198.577s][info][gc,start       ] GC(2083) Pause Full (Allocation Failure)
[6198.577s][info][gc,phases,start] GC(2083) Marking Phase
[6198.897s][info][gc,phases      ] GC(2083) Marking Phase 319.995ms
[6198.897s][info][gc,phases,start] GC(2083) Summary Phase
[6198.897s][info][gc,phases      ] GC(2083) Summary Phase 0.099ms
[6198.897s][info][gc,phases,start] GC(2083) Forward
[6199.036s][info][gc,phases      ] GC(2083) Forward 138.805ms
[6199.036s][info][gc,phases,start] GC(2083) Adjust Pointers
[6199.251s][info][gc,phases      ] GC(2083) Adjust Pointers 214.507ms
[6199.251s][info][gc,phases,start] GC(2083) Compaction Phase
[6199.402s][info][gc,phases      ] GC(2083) Compaction Phase 151.693ms
[6199.404s][info][gc,phases,start] GC(2083) Post Compact
[6199.411s][info][gc,phases      ] GC(2083) Post Compact 6.886ms
[6199.547s][info][gc,heap        ] GC(2083) PSYoungGen: 2556623K(2584576K)->0K(2584576K) Eden: 2382848K(2382848K)->0K(2382848K) From: 173775K(201728K)->0K(201728K)
[6199.547s][info][gc,heap        ] GC(2083) ParOldGen: 5571268K(5571584K)->1629917K(2085376K)
[6199.547s][info][gc,metaspace   ] GC(2083) Metaspace: 29103K(29376K)->29103K(29376K) NonClass: 26001K(26112K)->26001K(26112K) Class: 3102K(3264K)->3102K(3264K)
[6199.547s][info][gc             ] GC(2083) Pause Full (Allocation Failure) 7937M->1591M(4560M) 970.317ms
[6199.547s][info][gc,cpu         ] GC(2083) User=4.46s Sys=0.14s Real=0.97s
.[6200.788s][info][gc,start       ] GC(2084) Pause Young (Allocation Failure)
[6200.860s][info][gc,heap        ] GC(2084) PSYoungGen: 2382848K(2584576K)->171109K(2592256K) Eden: 2382848K(2382848K)->0K(2392576K) From: 0K(201728K)->171109K(199680K)
[6200.860s][info][gc,heap        ] GC(2084) ParOldGen: 1629917K(2085376K)->1629917K(2085376K)
[6200.860s][info][gc,metaspace   ] GC(2084) Metaspace: 29103K(29376K)->29103K(29376K) NonClass: 26001K(26112K)->26001K(26112K) Class: 3102K(3264K)->3102K(3264K)
[6200.860s][info][gc             ] GC(2084) Pause Young (Allocation Failure) 3918M->1758M(4568M) 71.921ms
[6200.860s][info][gc,cpu         ] GC(2084) User=0.43s Sys=0.00s Real=0.07s
.[6202.080s][info][gc,start       ] GC(2085) Pause Young (Allocation Failure)
[6202.230s][info][gc,heap        ] GC(2085) PSYoungGen: 2563685K(2592256K)->183168K(2575872K) Eden: 2392576K(2392576K)->0K(2392576K) From: 171109K(199680K)->183168K(183296K)
[6202.230s][info][gc,heap        ] GC(2085) ParOldGen: 1629917K(2085376K)->1732109K(2085376K)
[6202.230s][info][gc,metaspace   ] GC(2085) Metaspace: 29103K(29376K)->29103K(29376K) NonClass: 26001K(26112K)->26001K(26112K) Class: 3102K(3264K)->3102K(3264K)
[6202.230s][info][gc             ] GC(2085) Pause Young (Allocation Failure) 4095M->1870M(4552M) 150.275ms
[6202.230s][info][gc,cpu         ] GC(2085) User=0.63s Sys=0.00s Real=0.15s
..[6203.471s][info][gc,start       ] GC(2086) Pause Young (Allocation Failure)
[6203.568s][info][gc,heap        ] GC(2086) PSYoungGen: 2575744K(2575872K)->163130K(2595328K) Eden: 2392576K(2392576K)->0K(2391552K) From: 183168K(183296K)->163130K(203776K)
[6203.568s][info][gc,heap        ] GC(2086) ParOldGen: 1732109K(2085376K)->1835389K(2085376K)
[6203.568s][info][gc,metaspace   ] GC(2086) Metaspace: 29103K(29376K)->29103K(29376K) NonClass: 26001K(26112K)->26001K(26112K) Class: 3102K(3264K)->3102K(3264K)
[6203.568s][info][gc             ] GC(2086) Pause Young (Allocation Failure) 4206M->1951M(4571M) 97.239ms
[6203.568s][info][gc,cpu         ] GC(2086) User=0.58s Sys=0.00s Real=0.10s
.[6204.886s][info][gc,start       ] GC(2087) Pause Young (Allocation Failure)
[6204.982s][info][gc,heap        ] GC(2087) PSYoungGen: 2554682K(2595328K)->160416K(2552320K) Eden: 2391552K(2391552K)->0K(2391552K) From: 163130K(203776K)->160416K(160768K)
[6204.982s][info][gc,heap        ] GC(2087) ParOldGen: 1835389K(2085376K)->1938997K(2085376K)
[6204.982s][info][gc,metaspace   ] GC(2087) Metaspace: 29103K(29376K)->29103K(29376K) NonClass: 26001K(26112K)->26001K(26112K) Class: 3102K(3264K)->3102K(3264K)
[6204.982s][info][gc             ] GC(2087) Pause Young (Allocation Failure) 4287M->2050M(4529M) 95.830ms
[6204.982s][info][gc,cpu         ] GC(2087) User=0.57s Sys=0.00s Real=0.09s
.[6206.378s][info][gc,start       ] GC(2088) Pause Young (Allocation Failure)
[6206.472s][info][gc,heap        ] GC(2088) PSYoungGen: 2551968K(2552320K)->153491K(2591744K) Eden: 2391552K(2391552K)->0K(2393088K) From: 160416K(160768K)->153491K(198656K)
[6206.472s][info][gc,heap        ] GC(2088) ParOldGen: 1938997K(2085376K)->2041445K(2085376K)
[6206.472s][info][gc,metaspace   ] GC(2088) Metaspace: 29103K(29376K)->29103K(29376K) NonClass: 26001K(26112K)->26001K(26112K) Class: 3102K(3264K)->3102K(3264K)
[6206.472s][info][gc             ] GC(2088) Pause Young (Allocation Failure) 4385M->2143M(4567M) 93.843ms
[6206.472s][info][gc,cpu         ] GC(2088) User=0.56s Sys=0.00s Real=0.09s
..[6207.967s][info][gc,start       ] GC(2089) Pause Young (Allocation Failure)
[6208.065s][info][gc,heap        ] GC(2089) PSYoungGen: 2546579K(2591744K)->167092K(2590208K) Eden: 2393088K(2393088K)->0K(2393088K) From: 153491K(198656K)->167092K(197120K)
[6208.065s][info][gc,heap        ] GC(2089) ParOldGen: 2041445K(2085376K)->2141533K(2141696K)
[6208.065s][info][gc,metaspace   ] GC(2089) Metaspace: 29103K(29376K)->29103K(29376K) NonClass: 26001K(26112K)->26001K(26112K) Class: 3102K(3264K)->3102K(3264K)
[6208.065s][info][gc             ] GC(2089) Pause Young (Allocation Failure) 4480M->2254M(4621M) 98.152ms
[6208.065s][info][gc,cpu         ] GC(2089) User=0.56s Sys=0.02s Real=0.10s
..[6209.625s][info][gc,start       ] GC(2090) Pause Young (Allocation Failure)
[6209.728s][info][gc,heap        ] GC(2090) PSYoungGen: 2560180K(2590208K)->165888K(2596352K) Eden: 2393088K(2393088K)->0K(2402816K) From: 167092K(197120K)->165888K(193536K)
[6209.728s][info][gc,heap        ] GC(2090) ParOldGen: 2141533K(2141696K)->2247813K(2248192K)
[6209.728s][info][gc,metaspace   ] GC(2090) Metaspace: 29103K(29376K)->29103K(29376K) NonClass: 26001K(26112K)->26001K(26112K) Class: 3102K(3264K)->3102K(3264K)
[6209.728s][info][gc             ] GC(2090) Pause Young (Allocation Failure) 4591M->2357M(4731M) 103.091ms
[6209.728s][info][gc,cpu         ] GC(2090) User=0.58s Sys=0.03s Real=0.10s
.[6211.142s][info][gc,start       ] GC(2091) Pause Young (Allocation Failure)
[6211.243s][info][gc,heap        ] GC(2091) PSYoungGen: 2568704K(2596352K)->163296K(2595328K) Eden: 2402816K(2402816K)->0K(2402816K) From: 165888K(193536K)->163296K(192512K)
[6211.243s][info][gc,heap        ] GC(2091) ParOldGen: 2247813K(2248192K)->2353061K(2353152K)
[6211.243s][info][gc,metaspace   ] GC(2091) Metaspace: 29103K(29376K)->29103K(29376K) NonClass: 26001K(26112K)->26001K(26112K) Class: 3102K(3264K)->3102K(3264K)
[6211.243s][info][gc             ] GC(2091) Pause Young (Allocation Failure) 4703M->2457M(4832M) 101.825ms
[6211.243s][info][gc,cpu         ] GC(2091) User=0.57s Sys=0.04s Real=0.10s
. (rIR:aIR:PR = 10654:10630:10627) (tPR = 158546) [OK] 
  6211s: Performance info:
         Transaction,    Success,    Partial,     Failed,   Receipts, AvgBarcode, 
             Overall,     647647,          0,          0,     614900,      59.47, 
         Response times:
             Request,    Success,    Partial,     Failed,   SkipFail,     Probes,    Samples,      min,      p50,      p90,      p95,      p99,      max, 
       TotalPurchase,     615116,          0,          0,          0,     345562,     421417,      200,    10500,    96000,   176000,   597000,   970000,
     InStorePurchase,     322652,          0,          0,          0,     181717,     221568,      200,    10500,    92000,   173000,   620000,   970000,
      OnlinePurchase,     227612,          0,          0,          0,     127349,     155372,      300,    10600,   102000,   164000,   595000,   970000,
        InstPurchase,      64852,          0,          0,          0,      36496,      44477,      400,     9800,   102000,   263000,   568440,   900000,
          AssocOfCat,        649,          0,          0,          0,        531,        766,    25000,    52000,   140300,   265250,   519270,   670000,
      AssocOfProduct,       6491,          0,          0,          0,       3633,       4584,      500,     9900,    97000,   249500,   630000,   880000,
      BusinessReport,       1622,          0,          0,          0,       1389,       1857,    32000,    64000,   172200,   394100,   700000,  1100000,
          CustBuyBeh,       6423,          0,          0,          0,       3699,       4714,      400,    10900,   104000,   236500,   670000,   880000,
       ProductReturn,      17563,          0,          0,          0,       8933,      11277,      200,    10500,   102000,   171000,   505000,   740000,

  6211s: (78%)   IR =  10793 .[6212.722s][info][gc,start       ] GC(2092) Pause Young (Allocation Failure)
[6212.821s][info][gc,heap        ] GC(2092) PSYoungGen: 2566112K(2595328K)->158016K(2601472K) Eden: 2402816K(2402816K)->0K(2411520K) From: 163296K(192512K)->158016K(189952K)
[6212.821s][info][gc,heap        ] GC(2092) ParOldGen: 2353061K(2353152K)->2455133K(2455552K)
[6212.821s][info][gc,metaspace   ] GC(2092) Metaspace: 29103K(29376K)->29103K(29376K) NonClass: 26001K(26112K)->26001K(26112K) Class: 3102K(3264K)->3102K(3264K)
[6212.821s][info][gc             ] GC(2092) Pause Young (Allocation Failure) 4803M->2551M(4938M) 98.295ms
[6212.821s][info][gc,cpu         ] GC(2092) User=0.55s Sys=0.04s Real=0.10s
.[6214.236s][info][gc,start       ] GC(2093) Pause Young (Allocation Failure)
[6214.332s][info][gc,heap        ] GC(2093) PSYoungGen: 2569536K(2601472K)->148720K(2599936K) Eden: 2411520K(2411520K)->0K(2411520K) From: 158016K(189952K)->148720K(188416K)
[6214.332s][info][gc,heap        ] GC(2093) ParOldGen: 2455133K(2455552K)->2560861K(2561024K)
[6214.332s][info][gc,metaspace   ] GC(2093) Metaspace: 29103K(29376K)->29103K(29376K) NonClass: 26001K(26112K)->26001K(26112K) Class: 3102K(3264K)->3102K(3264K)
[6214.332s][info][gc             ] GC(2093) Pause Young (Allocation Failure) 4906M->2646M(5040M) 95.596ms
[6214.332s][info][gc,cpu         ] GC(2093) User=0.54s Sys=0.03s Real=0.09s
..[6215.842s][info][gc,start       ] GC(2094) Pause Young (Allocation Failure)
[6215.942s][info][gc,heap        ] GC(2094) PSYoungGen: 2560240K(2599936K)->163328K(2603520K) Eden: 2411520K(2411520K)->0K(2418688K) From: 148720K(188416K)->163328K(184832K)
[6215.942s][info][gc,heap        ] GC(2094) ParOldGen: 2560861K(2561024K)->2661701K(2661888K)
[6215.942s][info][gc,metaspace   ] GC(2094) Metaspace: 29103K(29376K)->29103K(29376K) NonClass: 26001K(26112K)->26001K(26112K) Class: 3102K(3264K)->3102K(3264K)
[6215.942s][info][gc             ] GC(2094) Pause Young (Allocation Failure) 5001M->2758M(5142M) 99.664ms
[6215.942s][info][gc,cpu         ] GC(2094) User=0.55s Sys=0.03s Real=0.10s
.[6217.295s][info][gc,start       ] GC(2095) Pause Young (Allocation Failure)
[6217.397s][info][gc,heap        ] GC(2095) PSYoungGen: 2582016K(2603520K)->160996K(2605056K) Eden: 2418688K(2418688K)->0K(2418688K) From: 163328K(184832K)->160996K(186368K)
[6217.397s][info][gc,heap        ] GC(2095) ParOldGen: 2661701K(2661888K)->2766733K(2766848K)
[6217.397s][info][gc,metaspace   ] GC(2095) Metaspace: 29103K(29376K)->29103K(29376K) NonClass: 26001K(26112K)->26001K(26112K) Class: 3102K(3264K)->3102K(3264K)
[6217.397s][info][gc             ] GC(2095) Pause Young (Allocation Failure) 5120M->2859M(5246M) 102.271ms
[6217.397s][info][gc,cpu         ] GC(2095) User=0.56s Sys=0.03s Real=0.10s
..[6218.872s][info][gc,start       ] GC(2096) Pause Young (Allocation Failure)
[6218.975s][info][gc,heap        ] GC(2096) PSYoungGen: 2579684K(2605056K)->167968K(2609152K) Eden: 2418688K(2418688K)->0K(2424832K) From: 160996K(186368K)->167968K(184320K)
[6218.975s][info][gc,heap        ] GC(2096) ParOldGen: 2766733K(2766848K)->2873973K(2874368K)
[6218.975s][info][gc,metaspace   ] GC(2096) Metaspace: 29103K(29376K)->29103K(29376K) NonClass: 26001K(26112K)->26001K(26112K) Class: 3102K(3264K)->3102K(3264K)
[6218.975s][info][gc             ] GC(2096) Pause Young (Allocation Failure) 5221M->2970M(5355M) 103.005ms
[6218.975s][info][gc,cpu         ] GC(2096) User=0.58s Sys=0.03s Real=0.11s
.[6220.434s][info][gc,start       ] GC(2097) Pause Young (Allocation Failure)
[6220.535s][info][gc,heap        ] GC(2097) PSYoungGen: 2592800K(2609152K)->162308K(2609152K) Eden: 2424832K(2424832K)->0K(2424832K) From: 167968K(184320K)->162308K(184320K)
[6220.535s][info][gc,heap        ] GC(2097) ParOldGen: 2873973K(2874368K)->2978605K(2978816K)
[6220.535s][info][gc,metaspace   ] GC(2097) Metaspace: 29103K(29376K)->29103K(29376K) NonClass: 26001K(26112K)->26001K(26112K) Class: 3102K(3264K)->3102K(3264K)
[6220.535s][info][gc             ] GC(2097) Pause Young (Allocation Failure) 5338M->3067M(5457M) 101.278ms
[6220.535s][info][gc,cpu         ] GC(2097) User=0.56s Sys=0.04s Real=0.11s
..[6222.020s][info][gc,start       ] GC(2098) Pause Young (Allocation Failure)
[6222.120s][info][gc,heap        ] GC(2098) PSYoungGen: 2587140K(2609152K)->163271K(2610176K) Eden: 2424832K(2424832K)->0K(2428928K) From: 162308K(184320K)->163271K(181248K)
[6222.120s][info][gc,heap        ] GC(2098) ParOldGen: 2978605K(2978816K)->3080365K(3080704K)
[6222.120s][info][gc,metaspace   ] GC(2098) Metaspace: 29103K(29376K)->29103K(29376K) NonClass: 26001K(26112K)->26001K(26112K) Class: 3102K(3264K)->3102K(3264K)
[6222.120s][info][gc             ] GC(2098) Pause Young (Allocation Failure) 5435M->3167M(5557M) 100.128ms
[6222.120s][info][gc,cpu         ] GC(2098) User=0.57s Sys=0.02s Real=0.10s
.[6223.552s][info][gc,start       ] GC(2099) Pause Young (Allocation Failure)
[6223.654s][info][gc,heap        ] GC(2099) PSYoungGen: 2592199K(2610176K)->161776K(2609664K) Eden: 2428928K(2428928K)->0K(2428928K) From: 163271K(181248K)->161776K(180736K)
[6223.654s][info][gc,heap        ] GC(2099) ParOldGen: 3080365K(3080704K)->3186669K(3186688K)
[6223.654s][info][gc,metaspace   ] GC(2099) Metaspace: 29103K(29376K)->29103K(29376K) NonClass: 26001K(26112K)->26001K(26112K) Class: 3102K(3264K)->3102K(3264K)
[6223.654s][info][gc             ] GC(2099) Pause Young (Allocation Failure) 5539M->3269M(5660M) 102.061ms
[6223.654s][info][gc,cpu         ] GC(2099) User=0.56s Sys=0.04s Real=0.10s
..[6225.113s][info][gc,start       ] GC(2100) Pause Young (Allocation Failure)
[6225.217s][info][gc,heap        ] GC(2100) PSYoungGen: 2590704K(2609664K)->172341K(2611712K) Eden: 2428928K(2428928K)->0K(2432512K) From: 161776K(180736K)->172341K(179200K)
[6225.217s][info][gc,heap        ] GC(2100) ParOldGen: 3186669K(3186688K)->3287829K(3288064K)
[6225.217s][info][gc,metaspace   ] GC(2100) Metaspace: 29103K(29376K)->29103K(29376K) NonClass: 26001K(26112K)->26001K(26112K) Class: 3102K(3264K)->3102K(3264K)
[6225.217s][info][gc             ] GC(2100) Pause Young (Allocation Failure) 5641M->3379M(5761M) 104.866ms
[6225.217s][info][gc,cpu         ] GC(2100) User=0.59s Sys=0.03s Real=0.11s
.[6226.574s][info][gc,start       ] GC(2101) Pause Young (Allocation Failure)
[6226.676s][info][gc,heap        ] GC(2101) PSYoungGen: 2604853K(2611712K)->160485K(2613248K) Eden: 2432512K(2432512K)->0K(2432512K) From: 172341K(179200K)->160485K(180736K)
[6226.676s][info][gc,heap        ] GC(2101) ParOldGen: 3287829K(3288064K)->3394029K(3394048K)
[6226.676s][info][gc,metaspace   ] GC(2101) Metaspace: 29103K(29376K)->29103K(29376K) NonClass: 26001K(26112K)->26001K(26112K) Class: 3102K(3264K)->3102K(3264K)
[6226.676s][info][gc             ] GC(2101) Pause Young (Allocation Failure) 5754M->3471M(5866M) 102.385ms
[6226.676s][info][gc,cpu         ] GC(2101) User=0.57s Sys=0.03s Real=0.11s
..[6228.131s][info][gc,start       ] GC(2102) Pause Young (Allocation Failure)
[6228.238s][info][gc,heap        ] GC(2102) PSYoungGen: 2592997K(2613248K)->175653K(2610176K) Eden: 2432512K(2432512K)->0K(2430464K) From: 160485K(180736K)->175653K(179712K)
[6228.238s][info][gc,heap        ] GC(2102) ParOldGen: 3394029K(3394048K)->3496397K(3496448K)
[6228.238s][info][gc,metaspace   ] GC(2102) Metaspace: 29103K(29376K)->29103K(29376K) NonClass: 26001K(26112K)->26001K(26112K) Class: 3102K(3264K)->3102K(3264K)
[6228.238s][info][gc             ] GC(2102) Pause Young (Allocation Failure) 5846M->3585M(5963M) 106.709ms
[6228.238s][info][gc,cpu         ] GC(2102) User=0.60s Sys=0.04s Real=0.11s
.[6229.709s][info][gc,start       ] GC(2103) Pause Young (Allocation Failure)
[6229.813s][info][gc,heap        ] GC(2103) PSYoungGen: 2606117K(2610176K)->169092K(2613248K) Eden: 2430464K(2430464K)->0K(2430464K) From: 175653K(179712K)->169092K(182784K)
[6229.813s][info][gc,heap        ] GC(2103) ParOldGen: 3496397K(3496448K)->3599965K(3600384K)
[6229.813s][info][gc,metaspace   ] GC(2103) Metaspace: 29103K(29376K)->29103K(29376K) NonClass: 26001K(26112K)->26001K(26112K) Class: 3102K(3264K)->3102K(3264K)
[6229.813s][info][gc             ] GC(2103) Pause Young (Allocation Failure) 5959M->3680M(6068M) 104.198ms
[6229.813s][info][gc,cpu         ] GC(2103) User=0.58s Sys=0.03s Real=0.10s
..[6231.332s][info][gc,start       ] GC(2104) Pause Young (Allocation Failure)
[6231.436s][info][gc,heap        ] GC(2104) PSYoungGen: 2599556K(2613248K)->169280K(2612224K) Eden: 2430464K(2430464K)->0K(2430464K) From: 169092K(182784K)->169280K(181760K)
[6231.436s][info][gc,heap        ] GC(2104) ParOldGen: 3599965K(3600384K)->3701717K(3701760K)
[6231.436s][info][gc,metaspace   ] GC(2104) Metaspace: 29103K(29376K)->29103K(29376K) NonClass: 26001K(26112K)->26001K(26112K) Class: 3102K(3264K)->3102K(3264K)
[6231.436s][info][gc             ] GC(2104) Pause Young (Allocation Failure) 6054M->3780M(6166M) 104.274ms
[6231.436s][info][gc,cpu         ] GC(2104) User=0.57s Sys=0.04s Real=0.11s
..[6232.887s][info][gc,start       ] GC(2105) Pause Young (Allocation Failure)
[6232.986s][info][gc,heap        ] GC(2105) PSYoungGen: 2599744K(2612224K)->155840K(2612736K) Eden: 2430464K(2430464K)->0K(2430464K) From: 169280K(181760K)->155840K(182272K)
[6232.986s][info][gc,heap        ] GC(2105) ParOldGen: 3701717K(3701760K)->3810333K(3810816K)
[6232.986s][info][gc,metaspace   ] GC(2105) Metaspace: 29103K(29376K)->29103K(29376K) NonClass: 26001K(26112K)->26001K(26112K) Class: 3102K(3264K)->3102K(3264K)
[6232.986s][info][gc             ] GC(2105) Pause Young (Allocation Failure) 6153M->3873M(6273M) 99.689ms
[6232.986s][info][gc,cpu         ] GC(2105) User=0.56s Sys=0.03s Real=0.10s
.[6234.469s][info][gc,start       ] GC(2106) Pause Young (Allocation Failure)
[6234.571s][info][gc,heap        ] GC(2106) PSYoungGen: 2586304K(2612736K)->163476K(2610688K) Eden: 2430464K(2430464K)->0K(2431488K) From: 155840K(182272K)->163476K(179200K)
[6234.571s][info][gc,heap        ] GC(2106) ParOldGen: 3810333K(3810816K)->3912141K(3912192K)
[6234.571s][info][gc,metaspace   ] GC(2106) Metaspace: 29103K(29376K)->29103K(29376K) NonClass: 26001K(26112K)->26001K(26112K) Class: 3102K(3264K)->3102K(3264K)
[6234.571s][info][gc             ] GC(2106) Pause Young (Allocation Failure) 6246M->3980M(6370M) 102.343ms
[6234.572s][info][gc,cpu         ] GC(2106) User=0.58s Sys=0.02s Real=0.10s
.[6235.965s][info][gc,start       ] GC(2107) Pause Young (Allocation Failure)
[6236.064s][info][gc,heap        ] GC(2107) PSYoungGen: 2594964K(2610688K)->154048K(2612224K) Eden: 2431488K(2431488K)->0K(2431488K) From: 163476K(179200K)->154048K(180736K)
[6236.064s][info][gc,heap        ] GC(2107) ParOldGen: 3912141K(3912192K)->4019189K(4019200K)
[6236.064s][info][gc,metaspace   ] GC(2107) Metaspace: 29103K(29376K)->29103K(29376K) NonClass: 26001K(26112K)->26001K(26112K) Class: 3102K(3264K)->3102K(3264K)
[6236.064s][info][gc             ] GC(2107) Pause Young (Allocation Failure) 6354M->4075M(6476M) 98.733ms
[6236.064s][info][gc,cpu         ] GC(2107) User=0.56s Sys=0.02s Real=0.09s
..[6237.543s][info][gc,start       ] GC(2108) Pause Young (Allocation Failure)
[6237.639s][info][gc,heap        ] GC(2108) PSYoungGen: 2585536K(2612224K)->156064K(2615296K) Eden: 2431488K(2431488K)->0K(2434560K) From: 154048K(180736K)->156064K(180736K)
[6237.639s][info][gc,heap        ] GC(2108) ParOldGen: 4019189K(4019200K)->4118837K(4119040K)
[6237.639s][info][gc,metaspace   ] GC(2108) Metaspace: 29103K(29376K)->29103K(29376K) NonClass: 26001K(26112K)->26001K(26112K) Class: 3102K(3264K)->3102K(3264K)
[6237.639s][info][gc             ] GC(2108) Pause Young (Allocation Failure) 6449M->4174M(6576M) 96.850ms
[6237.640s][info][gc,cpu         ] GC(2108) User=0.53s Sys=0.04s Real=0.10s
..[6239.163s][info][gc,start       ] GC(2109) Pause Young (Allocation Failure)
[6239.260s][info][gc,heap        ] GC(2109) PSYoungGen: 2590624K(2615296K)->147296K(2582016K) Eden: 2434560K(2434560K)->0K(2434560K) From: 156064K(180736K)->147296K(147456K)
[6239.260s][info][gc,heap        ] GC(2109) ParOldGen: 4118837K(4119040K)->4224365K(4224512K)
[6239.260s][info][gc,metaspace   ] GC(2109) Metaspace: 29103K(29376K)->29103K(29376K) NonClass: 26001K(26112K)->26001K(26112K) Class: 3102K(3264K)->3102K(3264K)
[6239.260s][info][gc             ] GC(2109) Pause Young (Allocation Failure) 6552M->4269M(6647M) 96.890ms
[6239.260s][info][gc,cpu         ] GC(2109) User=0.52s Sys=0.05s Real=0.10s
.[6240.714s][info][gc,start       ] GC(2110) Pause Young (Allocation Failure)
[6240.811s][info][gc,heap        ] GC(2110) PSYoungGen: 2581856K(2582016K)->151168K(2614784K) Eden: 2434560K(2434560K)->0K(2433536K) From: 147296K(147456K)->151168K(181248K)
[6240.811s][info][gc,heap        ] GC(2110) ParOldGen: 4224365K(4224512K)->4329941K(4329984K)
[6240.811s][info][gc,metaspace   ] GC(2110) Metaspace: 29103K(29376K)->29103K(29376K) NonClass: 26001K(26112K)->26001K(26112K) Class: 3102K(3264K)->3102K(3264K)
[6240.811s][info][gc             ] GC(2110) Pause Young (Allocation Failure) 6646M->4376M(6782M) 97.043ms
[6240.812s][info][gc,cpu         ] GC(2110) User=0.53s Sys=0.04s Real=0.09s
.|.[6242.343s][info][gc,start       ] GC(2111) Pause Young (Allocation Failure)
[6242.440s][info][gc,heap        ] GC(2111) PSYoungGen: 2584704K(2614784K)->149696K(2583552K) Eden: 2433536K(2433536K)->0K(2433536K) From: 151168K(181248K)->149696K(150016K)
[6242.440s][info][gc,heap        ] GC(2111) ParOldGen: 4329941K(4329984K)->4432925K(4433408K)
[6242.440s][info][gc,metaspace   ] GC(2111) Metaspace: 29103K(29376K)->29103K(29376K) NonClass: 26001K(26112K)->26001K(26112K) Class: 3102K(3264K)->3102K(3264K)
[6242.440s][info][gc             ] GC(2111) Pause Young (Allocation Failure) 6752M->4475M(6852M) 97.162ms
[6242.440s][info][gc,cpu         ] GC(2111) User=0.54s Sys=0.03s Real=0.10s
.[6243.908s][info][gc,start       ] GC(2112) Pause Young (Allocation Failure)
[6244.013s][info][gc,heap        ] GC(2112) PSYoungGen: 2583232K(2583552K)->169760K(2611200K) Eden: 2433536K(2433536K)->0K(2430464K) From: 149696K(150016K)->169760K(180736K)
[6244.013s][info][gc,heap        ] GC(2112) ParOldGen: 4432925K(4433408K)->4536149K(4536320K)
[6244.013s][info][gc,metaspace   ] GC(2112) Metaspace: 29103K(29376K)->29103K(29376K) NonClass: 26001K(26112K)->26001K(26112K) Class: 3102K(3264K)->3102K(3264K)
[6244.013s][info][gc             ] GC(2112) Pause Young (Allocation Failure) 6851M->4595M(6980M) 105.120ms
[6244.013s][info][gc,cpu         ] GC(2112) User=0.58s Sys=0.04s Real=0.10s
..[6245.461s][info][gc,start       ] GC(2113) Pause Young (Allocation Failure)
[6245.561s][info][gc,heap        ] GC(2113) PSYoungGen: 2600224K(2611200K)->152784K(2613248K) Eden: 2430464K(2430464K)->0K(2430464K) From: 169760K(180736K)->152784K(182784K)
[6245.561s][info][gc,heap        ] GC(2113) ParOldGen: 4536149K(4536320K)->4641077K(4641280K)
[6245.561s][info][gc,metaspace   ] GC(2113) Metaspace: 29103K(29376K)->29103K(29376K) NonClass: 26001K(26112K)->26001K(26112K) Class: 3102K(3264K)->3102K(3264K)
[6245.561s][info][gc             ] GC(2113) Pause Young (Allocation Failure) 6969M->4681M(7084M) 99.613ms
[6245.561s][info][gc,cpu         ] GC(2113) User=0.56s Sys=0.03s Real=0.10s
.[6247.072s][info][gc,start       ] GC(2114) Pause Young (Allocation Failure)
[6247.182s][info][gc,heap        ] GC(2114) PSYoungGen: 2583248K(2613248K)->181733K(2526208K) Eden: 2430464K(2430464K)->0K(2344448K) From: 152784K(182784K)->181733K(181760K)
[6247.182s][info][gc,heap        ] GC(2114) ParOldGen: 4641077K(4641280K)->4743885K(4744192K)
[6247.182s][info][gc,metaspace   ] GC(2114) Metaspace: 29103K(29376K)->29103K(29376K) NonClass: 26001K(26112K)->26001K(26112K) Class: 3102K(3264K)->3102K(3264K)
[6247.182s][info][gc             ] GC(2114) Pause Young (Allocation Failure) 7055M->4810M(7100M) 110.197ms
[6247.182s][info][gc,cpu         ] GC(2114) User=0.63s Sys=0.02s Real=0.11s
..[6248.610s][info][gc,start       ] GC(2115) Pause Young (Allocation Failure)
[6248.717s][info][gc,heap        ] GC(2115) PSYoungGen: 2526181K(2526208K)->164345K(2570240K) Eden: 2344448K(2344448K)->0K(2344448K) From: 181733K(181760K)->164345K(225792K)
[6248.717s][info][gc,heap        ] GC(2115) ParOldGen: 4743885K(4744192K)->4851645K(4851712K)
[6248.717s][info][gc,metaspace   ] GC(2115) Metaspace: 29103K(29376K)->29103K(29376K) NonClass: 26001K(26112K)->26001K(26112K) Class: 3102K(3264K)->3102K(3264K)
[6248.717s][info][gc             ] GC(2115) Pause Young (Allocation Failure) 7099M->4898M(7248M) 106.901ms
[6248.717s][info][gc,cpu         ] GC(2115) User=0.60s Sys=0.04s Real=0.11s
.[6250.214s][info][gc,start       ] GC(2116) Pause Young (Allocation Failure)
[6250.314s][info][gc,heap        ] GC(2116) PSYoungGen: 2508793K(2570240K)->154560K(2562048K) Eden: 2344448K(2344448K)->0K(2348544K) From: 164345K(225792K)->154560K(213504K)
[6250.314s][info][gc,heap        ] GC(2116) ParOldGen: 4851645K(4851712K)->4949013K(4949504K)
[6250.314s][info][gc,metaspace   ] GC(2116) Metaspace: 29103K(29376K)->29103K(29376K) NonClass: 26001K(26112K)->26001K(26112K) Class: 3102K(3264K)->3102K(3264K)
[6250.314s][info][gc             ] GC(2116) Pause Young (Allocation Failure) 7187M->4983M(7335M) 99.604ms
[6250.314s][info][gc,cpu         ] GC(2116) User=0.55s Sys=0.04s Real=0.09s
..[6251.704s][info][gc,start       ] GC(2117) Pause Young (Allocation Failure)
[6251.800s][info][gc,heap        ] GC(2117) PSYoungGen: 2503104K(2562048K)->146752K(2568192K) Eden: 2348544K(2348544K)->0K(2348544K) From: 154560K(213504K)->146752K(219648K)
[6251.800s][info][gc,heap        ] GC(2117) ParOldGen: 4949013K(4949504K)->5053645K(5053952K)
[6251.800s][info][gc,metaspace   ] GC(2117) Metaspace: 29103K(29376K)->29103K(29376K) NonClass: 26001K(26112K)->26001K(26112K) Class: 3102K(3264K)->3102K(3264K)
[6251.800s][info][gc             ] GC(2117) Pause Young (Allocation Failure) 7277M->5078M(7443M) 96.316ms
[6251.800s][info][gc,cpu         ] GC(2117) User=0.54s Sys=0.03s Real=0.10s
.[6253.261s][info][gc,start       ] GC(2118) Pause Young (Allocation Failure)
[6253.356s][info][gc,heap        ] GC(2118) PSYoungGen: 2495296K(2568192K)->145920K(2572288K) Eden: 2348544K(2348544K)->0K(2357760K) From: 146752K(219648K)->145920K(214528K)
[6253.356s][info][gc,heap        ] GC(2118) ParOldGen: 5053645K(5053952K)->5153757K(5153792K)
[6253.356s][info][gc,metaspace   ] GC(2118) Metaspace: 29103K(29376K)->29103K(29376K) NonClass: 26001K(26112K)->26001K(26112K) Class: 3102K(3264K)->3102K(3264K)
[6253.356s][info][gc             ] GC(2118) Pause Young (Allocation Failure) 7372M->5175M(7545M) 95.160ms
[6253.356s][info][gc,cpu         ] GC(2118) User=0.53s Sys=0.03s Real=0.10s
..[6254.776s][info][gc,start       ] GC(2119) Pause Young (Allocation Failure)
[6254.875s][info][gc,heap        ] GC(2119) PSYoungGen: 2503680K(2572288K)->155072K(2574848K) Eden: 2357760K(2357760K)->0K(2357760K) From: 145920K(214528K)->155072K(217088K)
[6254.875s][info][gc,heap        ] GC(2119) ParOldGen: 5153757K(5153792K)->5256917K(5257216K)
[6254.875s][info][gc,metaspace   ] GC(2119) Metaspace: 29103K(29376K)->29103K(29376K) NonClass: 26001K(26112K)->26001K(26112K) Class: 3102K(3264K)->3102K(3264K)
[6254.875s][info][gc             ] GC(2119) Pause Young (Allocation Failure) 7477M->5285M(7648M) 99.035ms
[6254.875s][info][gc,cpu         ] GC(2119) User=0.55s Sys=0.04s Real=0.10s
.[6256.341s][info][gc,start       ] GC(2120) Pause Young (Allocation Failure)
[6256.446s][info][gc,heap        ] GC(2120) PSYoungGen: 2512832K(2574848K)->164608K(2570752K) Eden: 2357760K(2357760K)->0K(2365440K) From: 155072K(217088K)->164608K(205312K)
[6256.446s][info][gc,heap        ] GC(2120) ParOldGen: 5256917K(5257216K)->5355637K(5356032K)
[6256.446s][info][gc,metaspace   ] GC(2120) Metaspace: 29103K(29376K)->29103K(29376K) NonClass: 26001K(26112K)->26001K(26112K) Class: 3102K(3264K)->3102K(3264K)
[6256.446s][info][gc             ] GC(2120) Pause Young (Allocation Failure) 7587M->5390M(7741M) 105.157ms
[6256.446s][info][gc,cpu         ] GC(2120) User=0.59s Sys=0.03s Real=0.11s
..[6257.961s][info][gc,start       ] GC(2121) Pause Young (Allocation Failure)
[6258.063s][info][gc,heap        ] GC(2121) PSYoungGen: 2530048K(2570752K)->156160K(2574336K) Eden: 2365440K(2365440K)->0K(2365440K) From: 164608K(205312K)->156160K(208896K)
[6258.063s][info][gc,heap        ] GC(2121) ParOldGen: 5355637K(5356032K)->5464085K(5464576K)
[6258.063s][info][gc,metaspace   ] GC(2121) Metaspace: 29103K(29376K)->29103K(29376K) NonClass: 26001K(26112K)->26001K(26112K) Class: 3102K(3264K)->3102K(3264K)
[6258.063s][info][gc             ] GC(2121) Pause Young (Allocation Failure) 7700M->5488M(7850M) 102.293ms
[6258.063s][info][gc,cpu         ] GC(2121) User=0.58s Sys=0.02s Real=0.10s
..[6259.578s][info][gc,start       ] GC(2122) Pause Young (Allocation Failure)
[6259.676s][info][gc,heap        ] GC(2122) PSYoungGen: 2521600K(2574336K)->151328K(2581504K) Eden: 2365440K(2365440K)->0K(2381312K) From: 156160K(208896K)->151328K(200192K)
[6259.676s][info][gc,heap        ] GC(2122) ParOldGen: 5464085K(5464576K)->5565357K(5565440K)
[6259.676s][info][gc,metaspace   ] GC(2122) Metaspace: 29103K(29376K)->29103K(29376K) NonClass: 26001K(26112K)->26001K(26112K) Class: 3102K(3264K)->3102K(3264K)
[6259.676s][info][gc             ] GC(2122) Pause Young (Allocation Failure) 7798M->5582M(7956M) 98.140ms
[6259.676s][info][gc,cpu         ] GC(2122) User=0.54s Sys=0.03s Real=0.10s
.[6261.119s][info][gc,start       ] GC(2123) Pause Full (Allocation Failure)
[6261.119s][info][gc,phases,start] GC(2123) Marking Phase
[6261.440s][info][gc,phases      ] GC(2123) Marking Phase 321.306ms
[6261.440s][info][gc,phases,start] GC(2123) Summary Phase
[6261.440s][info][gc,phases      ] GC(2123) Summary Phase 0.097ms
[6261.440s][info][gc,phases,start] GC(2123) Forward
[6261.564s][info][gc,phases      ] GC(2123) Forward 123.424ms
[6261.564s][info][gc,phases,start] GC(2123) Adjust Pointers
[6261.781s][info][gc,phases      ] GC(2123) Adjust Pointers 216.767ms
[6261.781s][info][gc,phases,start] GC(2123) Compaction Phase
[6261.934s][info][gc,phases      ] GC(2123) Compaction Phase 152.822ms
[6261.935s][info][gc,phases,start] GC(2123) Post Compact
[6261.942s][info][gc,phases      ] GC(2123) Post Compact 6.947ms
[6262.078s][info][gc,heap        ] GC(2123) PSYoungGen: 2532640K(2581504K)->0K(2584576K) Eden: 2381312K(2381312K)->0K(2381312K) From: 151328K(200192K)->0K(203264K)
[6262.078s][info][gc,heap        ] GC(2123) ParOldGen: 5565357K(5565440K)->1638895K(2106368K)
[6262.078s][info][gc,metaspace   ] GC(2123) Metaspace: 29103K(29376K)->29103K(29376K) NonClass: 26001K(26112K)->26001K(26112K) Class: 3102K(3264K)->3102K(3264K)
[6262.078s][info][gc             ] GC(2123) Pause Full (Allocation Failure) 7908M->1600M(4581M) 959.066ms
[6262.078s][info][gc,cpu         ] GC(2123) User=4.51s Sys=0.13s Real=0.96s
..[6263.302s][info][gc,start       ] GC(2124) Pause Young (Allocation Failure)
[6263.381s][info][gc,heap        ] GC(2124) PSYoungGen: 2381312K(2584576K)->186965K(2582528K) Eden: 2381312K(2381312K)->0K(2379264K) From: 0K(203264K)->186965K(203264K)
[6263.381s][info][gc,heap        ] GC(2124) ParOldGen: 1638895K(2106368K)->1638895K(2106368K)
[6263.381s][info][gc,metaspace   ] GC(2124) Metaspace: 29103K(29376K)->29103K(29376K) NonClass: 26001K(26112K)->26001K(26112K) Class: 3102K(3264K)->3102K(3264K)
[6263.381s][info][gc             ] GC(2124) Pause Young (Allocation Failure) 3925M->1783M(4579M) 79.048ms
[6263.381s][info][gc,cpu         ] GC(2124) User=0.46s Sys=0.01s Real=0.08s
.[6264.612s][info][gc,start       ] GC(2125) Pause Young (Allocation Failure)
[6264.705s][info][gc,heap        ] GC(2125) PSYoungGen: 2566229K(2582528K)->153632K(2587648K) Eden: 2379264K(2379264K)->0K(2379264K) From: 186965K(203264K)->153632K(208384K)
[6264.705s][info][gc,heap        ] GC(2125) ParOldGen: 1638895K(2106368K)->1746327K(2106368K)
[6264.705s][info][gc,metaspace   ] GC(2125) Metaspace: 29103K(29376K)->29103K(29376K) NonClass: 26001K(26112K)->26001K(26112K) Class: 3102K(3264K)->3102K(3264K)
[6264.705s][info][gc             ] GC(2125) Pause Young (Allocation Failure) 4106M->1855M(4584M) 92.891ms
[6264.705s][info][gc,cpu         ] GC(2125) User=0.55s Sys=0.00s Real=0.10s
.[6266.006s][info][gc,start       ] GC(2126) Pause Young (Allocation Failure)
[6266.097s][info][gc,heap        ] GC(2126) PSYoungGen: 2532896K(2587648K)->153120K(2580480K) Eden: 2379264K(2379264K)->0K(2381312K) From: 153632K(208384K)->153120K(199168K)
[6266.097s][info][gc,heap        ] GC(2126) ParOldGen: 1746327K(2106368K)->1852935K(2106368K)
[6266.097s][info][gc,metaspace   ] GC(2126) Metaspace: 29103K(29376K)->29103K(29376K) NonClass: 26001K(26112K)->26001K(26112K) Class: 3102K(3264K)->3102K(3264K)
[6266.097s][info][gc             ] GC(2126) Pause Young (Allocation Failure) 4178M->1959M(4577M) 91.498ms
[6266.097s][info][gc,cpu         ] GC(2126) User=0.55s Sys=0.00s Real=0.09s
.[6267.404s][info][gc,start       ] GC(2127) Pause Young (Allocation Failure)
[6267.495s][info][gc,heap        ] GC(2127) PSYoungGen: 2534432K(2580480K)->153184K(2585088K) Eden: 2381312K(2381312K)->0K(2381312K) From: 153120K(199168K)->153184K(203776K)
[6267.495s][info][gc,heap        ] GC(2127) ParOldGen: 1852935K(2106368K)->1949615K(2106368K)
[6267.495s][info][gc,metaspace   ] GC(2127) Metaspace: 29103K(29376K)->29103K(29376K) NonClass: 26001K(26112K)->26001K(26112K) Class: 3102K(3264K)->3102K(3264K)
[6267.495s][info][gc             ] GC(2127) Pause Young (Allocation Failure) 4284M->2053M(4581M) 91.013ms
[6267.495s][info][gc,cpu         ] GC(2127) User=0.54s Sys=0.00s Real=0.10s
..[6268.921s][info][gc,start       ] GC(2128) Pause Young (Allocation Failure)
[6269.022s][info][gc,heap        ] GC(2128) PSYoungGen: 2534496K(2585088K)->172725K(2590208K) Eden: 2381312K(2381312K)->0K(2391040K) From: 153184K(203776K)->172725K(199168K)
[6269.022s][info][gc,heap        ] GC(2128) ParOldGen: 1949615K(2106368K)->2054119K(2106368K)
[6269.022s][info][gc,metaspace   ] GC(2128) Metaspace: 29103K(29376K)->29103K(29376K) NonClass: 26001K(26112K)->26001K(26112K) Class: 3102K(3264K)->3102K(3264K)
[6269.023s][info][gc             ] GC(2128) Pause Young (Allocation Failure) 4379M->2174M(4586M) 101.254ms
[6269.023s][info][gc,cpu         ] GC(2128) User=0.61s Sys=0.00s Real=0.10s
.[6270.350s][info][gc,start       ] GC(2129) Pause Young (Allocation Failure)
[6270.450s][info][gc,heap        ] GC(2129) PSYoungGen: 2563765K(2590208K)->161661K(2592256K) Eden: 2391040K(2391040K)->0K(2391040K) From: 172725K(199168K)->161661K(201216K)
[6270.450s][info][gc,heap        ] GC(2129) ParOldGen: 2054119K(2106368K)->2158055K(2158080K)
[6270.450s][info][gc,metaspace   ] GC(2129) Metaspace: 29103K(29376K)->29103K(29376K) NonClass: 26001K(26112K)->26001K(26112K) Class: 3102K(3264K)->3102K(3264K)
[6270.450s][info][gc             ] GC(2129) Pause Young (Allocation Failure) 4509M->2265M(4639M) 99.815ms
[6270.450s][info][gc,cpu         ] GC(2129) User=0.57s Sys=0.02s Real=0.10s
..[6271.965s][info][gc,start       ] GC(2130) Pause Young (Allocation Failure)
[6272.069s][info][gc,heap        ] GC(2130) PSYoungGen: 2552701K(2592256K)->172567K(2593280K) Eden: 2391040K(2391040K)->0K(2395648K) From: 161661K(201216K)->172567K(197632K)
[6272.069s][info][gc,heap        ] GC(2130) ParOldGen: 2158055K(2158080K)->2260487K(2260992K)
[6272.069s][info][gc,metaspace   ] GC(2130) Metaspace: 29103K(29376K)->29103K(29376K) NonClass: 26001K(26112K)->26001K(26112K) Class: 3102K(3264K)->3102K(3264K)
[6272.069s][info][gc             ] GC(2130) Pause Young (Allocation Failure) 4600M->2376M(4740M) 104.175ms
[6272.069s][info][gc,cpu         ] GC(2130) User=0.59s Sys=0.03s Real=0.10s
.[6273.480s][info][gc,start       ] GC(2131) Pause Young (Allocation Failure)
[6273.577s][info][gc,heap        ] GC(2131) PSYoungGen: 2568215K(2593280K)->151248K(2593280K) Eden: 2395648K(2395648K)->0K(2395648K) From: 172567K(197632K)->151248K(197632K)
[6273.577s][info][gc,heap        ] GC(2131) ParOldGen: 2260487K(2260992K)->2367479K(2367488K)
[6273.577s][info][gc,metaspace   ] GC(2131) Metaspace: 29103K(29376K)->29103K(29376K) NonClass: 26001K(26112K)->26001K(26112K) Class: 3102K(3264K)->3102K(3264K)
[6273.577s][info][gc             ] GC(2131) Pause Young (Allocation Failure) 4715M->2459M(4844M) 97.408ms
[6273.577s][info][gc,cpu         ] GC(2131) User=0.54s Sys=0.03s Real=0.10s
..[6275.002s][info][gc,start       ] GC(2132) Pause Young (Allocation Failure)
[6275.106s][info][gc,heap        ] GC(2132) PSYoungGen: 2546896K(2593280K)->174070K(2596352K) Eden: 2395648K(2395648K)->0K(2399744K) From: 151248K(197632K)->174070K(196608K)
[6275.106s][info][gc,heap        ] GC(2132) ParOldGen: 2367479K(2367488K)->2466559K(2466816K)
[6275.106s][info][gc,metaspace   ] GC(2132) Metaspace: 29103K(29376K)->29103K(29376K) NonClass: 26001K(26112K)->26001K(26112K) Class: 3102K(3264K)->3102K(3264K)
[6275.106s][info][gc             ] GC(2132) Pause Young (Allocation Failure) 4799M->2578M(4944M) 103.722ms
[6275.106s][info][gc,cpu         ] GC(2132) User=0.59s Sys=0.03s Real=0.11s
.[6276.521s][info][gc,start       ] GC(2133) Pause Young (Allocation Failure)
[6276.616s][info][gc,heap        ] GC(2133) PSYoungGen: 2573814K(2596352K)->148512K(2597376K) Eden: 2399744K(2399744K)->0K(2399744K) From: 174070K(196608K)->148512K(197632K)
[6276.616s][info][gc,heap        ] GC(2133) ParOldGen: 2466559K(2466816K)->2573327K(2573824K)
[6276.616s][info][gc,metaspace   ] GC(2133) Metaspace: 29103K(29376K)->29103K(29376K) NonClass: 26001K(26112K)->26001K(26112K) Class: 3102K(3264K)->3102K(3264K)
[6276.616s][info][gc             ] GC(2133) Pause Young (Allocation Failure) 4922M->2658M(5050M) 95.369ms
[6276.616s][info][gc,cpu         ] GC(2133) User=0.53s Sys=0.04s Real=0.10s
..[6278.162s][info][gc,start       ] GC(2134) Pause Young (Allocation Failure)
[6278.265s][info][gc,heap        ] GC(2134) PSYoungGen: 2548256K(2597376K)->171376K(2598400K) Eden: 2399744K(2399744K)->0K(2401792K) From: 148512K(197632K)->171376K(196608K)
[6278.265s][info][gc,heap        ] GC(2134) ParOldGen: 2573327K(2573824K)->2675351K(2675712K)
[6278.265s][info][gc,metaspace   ] GC(2134) Metaspace: 29103K(29376K)->29103K(29376K) NonClass: 26001K(26112K)->26001K(26112K) Class: 3102K(3264K)->3102K(3264K)
[6278.265s][info][gc             ] GC(2134) Pause Young (Allocation Failure) 5001M->2780M(5150M) 102.731ms
[6278.265s][info][gc,cpu         ] GC(2134) User=0.58s Sys=0.02s Real=0.11s
.[6279.627s][info][gc,start       ] GC(2135) Pause Young (Allocation Failure)
[6279.729s][info][gc,heap        ] GC(2135) PSYoungGen: 2573168K(2598400K)->161445K(2563584K) Eden: 2401792K(2401792K)->0K(2401792K) From: 171376K(196608K)->161445K(161792K)
[6279.729s][info][gc,heap        ] GC(2135) ParOldGen: 2675351K(2675712K)->2780511K(2780672K)
[6279.729s][info][gc,metaspace   ] GC(2135) Metaspace: 29103K(29376K)->29103K(29376K) NonClass: 26001K(26112K)->26001K(26112K) Class: 3102K(3264K)->3102K(3264K)
[6279.729s][info][gc             ] GC(2135) Pause Young (Allocation Failure) 5125M->2873M(5219M) 102.046ms
[6279.729s][info][gc,cpu         ] GC(2135) User=0.57s Sys=0.04s Real=0.10s
..[6281.124s][info][gc,start       ] GC(2136) Pause Young (Allocation Failure)
[6281.224s][info][gc,heap        ] GC(2136) PSYoungGen: 2563237K(2563584K)->167808K(2597376K) Eden: 2401792K(2401792K)->0K(2403840K) From: 161445K(161792K)->167808K(193536K)
[6281.224s][info][gc,heap        ] GC(2136) ParOldGen: 2780511K(2780672K)->2882767K(2883072K)
[6281.224s][info][gc,metaspace   ] GC(2136) Metaspace: 29103K(29376K)->29103K(29376K) NonClass: 26001K(26112K)->26001K(26112K) Class: 3102K(3264K)->3102K(3264K)
[6281.224s][info][gc             ] GC(2136) Pause Young (Allocation Failure) 5218M->2979M(5352M) 100.011ms
[6281.224s][info][gc,cpu         ] GC(2136) User=0.56s Sys=0.03s Real=0.10s
.[6282.675s][info][gc,start       ] GC(2137) Pause Young (Allocation Failure)
[6282.776s][info][gc,heap        ] GC(2137) PSYoungGen: 2571648K(2597376K)->157558K(2596352K) Eden: 2403840K(2403840K)->0K(2403840K) From: 167808K(193536K)->157558K(192512K)
[6282.776s][info][gc,heap        ] GC(2137) ParOldGen: 2882767K(2883072K)->2991351K(2991616K)
[6282.776s][info][gc,metaspace   ] GC(2137) Metaspace: 29103K(29376K)->29103K(29376K) NonClass: 26001K(26112K)->26001K(26112K) Class: 3102K(3264K)->3102K(3264K)
[6282.776s][info][gc             ] GC(2137) Pause Young (Allocation Failure) 5326M->3075M(5457M) 101.190ms
[6282.776s][info][gc,cpu         ] GC(2137) User=0.57s Sys=0.03s Real=0.10s
..[6284.210s][info][gc,start       ] GC(2138) Pause Young (Allocation Failure)
[6284.305s][info][gc,heap        ] GC(2138) PSYoungGen: 2561398K(2596352K)->144864K(2599936K) Eden: 2403840K(2403840K)->0K(2409472K) From: 157558K(192512K)->144864K(190464K)
[6284.305s][info][gc,heap        ] GC(2138) ParOldGen: 2991351K(2991616K)->3094327K(3094528K)
[6284.305s][info][gc,metaspace   ] GC(2138) Metaspace: 29103K(29376K)->29103K(29376K) NonClass: 26001K(26112K)->26001K(26112K) Class: 3102K(3264K)->3102K(3264K)
[6284.305s][info][gc             ] GC(2138) Pause Young (Allocation Failure) 5422M->3163M(5561M) 94.735ms
[6284.305s][info][gc,cpu         ] GC(2138) User=0.51s Sys=0.04s Real=0.10s
.[6285.768s][info][gc,start       ] GC(2139) Pause Young (Allocation Failure)
[6285.868s][info][gc,heap        ] GC(2139) PSYoungGen: 2554336K(2599936K)->157147K(2600448K) Eden: 2409472K(2409472K)->0K(2409472K) From: 144864K(190464K)->157147K(190976K)
[6285.868s][info][gc,heap        ] GC(2139) ParOldGen: 3094327K(3094528K)->3196247K(3196416K)
[6285.868s][info][gc,metaspace   ] GC(2139) Metaspace: 29103K(29376K)->29103K(29376K) NonClass: 26001K(26112K)->26001K(26112K) Class: 3102K(3264K)->3102K(3264K)
[6285.868s][info][gc             ] GC(2139) Pause Young (Allocation Failure) 5516M->3274M(5661M) 99.580ms
[6285.868s][info][gc,cpu         ] GC(2139) User=0.56s Sys=0.03s Real=0.10s
..[6287.421s][info][gc,start       ] GC(2140) Pause Young (Allocation Failure)
[6287.521s][info][gc,heap        ] GC(2140) PSYoungGen: 2566619K(2600448K)->163092K(2603520K) Eden: 2409472K(2409472K)->0K(2416128K) From: 157147K(190976K)->163092K(187392K)
[6287.521s][info][gc,heap        ] GC(2140) ParOldGen: 3196247K(3196416K)->3296079K(3296256K)
[6287.521s][info][gc,metaspace   ] GC(2140) Metaspace: 29103K(29376K)->29103K(29376K) NonClass: 26001K(26112K)->26001K(26112K) Class: 3102K(3264K)->3102K(3264K)
[6287.521s][info][gc             ] GC(2140) Pause Young (Allocation Failure) 5627M->3378M(5761M) 100.186ms
[6287.521s][info][gc,cpu         ] GC(2140) User=0.57s Sys=0.03s Real=0.10s
..[6288.933s][info][gc,start       ] GC(2141) Pause Young (Allocation Failure)
[6289.035s][info][gc,heap        ] GC(2141) PSYoungGen: 2579220K(2603520K)->160288K(2603008K) Eden: 2416128K(2416128K)->0K(2416128K) From: 163092K(187392K)->160288K(186880K)
[6289.035s][info][gc,heap        ] GC(2141) ParOldGen: 3296079K(3296256K)->3405903K(3406336K)
[6289.035s][info][gc,metaspace   ] GC(2141) Metaspace: 29103K(29376K)->29103K(29376K) NonClass: 26001K(26112K)->26001K(26112K) Class: 3102K(3264K)->3102K(3264K)
[6289.035s][info][gc             ] GC(2141) Pause Young (Allocation Failure) 5737M->3482M(5868M) 102.170ms
[6289.035s][info][gc,cpu         ] GC(2141) User=0.58s Sys=0.02s Real=0.11s
.[6290.427s][info][gc,start       ] GC(2142) Pause Young (Allocation Failure)
[6290.522s][info][gc,heap        ] GC(2142) PSYoungGen: 2576416K(2603008K)->149696K(2606592K) Eden: 2416128K(2416128K)->0K(2422272K) From: 160288K(186880K)->149696K(184320K)
[6290.522s][info][gc,heap        ] GC(2142) ParOldGen: 3405903K(3406336K)->3505495K(3505664K)
[6290.522s][info][gc,metaspace   ] GC(2142) Metaspace: 29103K(29376K)->29103K(29376K) NonClass: 26001K(26112K)->26001K(26112K) Class: 3102K(3264K)->3102K(3264K)
[6290.522s][info][gc             ] GC(2142) Pause Young (Allocation Failure) 5842M->3569M(5969M) 94.645ms
[6290.522s][info][gc,cpu         ] GC(2142) User=0.53s Sys=0.03s Real=0.09s
..[6291.986s][info][gc,start       ] GC(2143) Pause Young (Allocation Failure)
[6292.086s][info][gc,heap        ] GC(2143) PSYoungGen: 2571968K(2606592K)->161696K(2606080K) Eden: 2422272K(2422272K)->0K(2422272K) From: 149696K(184320K)->161696K(183808K)
[6292.086s][info][gc,heap        ] GC(2143) ParOldGen: 3505495K(3505664K)->3608135K(3608576K)
[6292.086s][info][gc,metaspace   ] GC(2143) Metaspace: 29103K(29376K)->29103K(29376K) NonClass: 26001K(26112K)->26001K(26112K) Class: 3102K(3264K)->3102K(3264K)
[6292.086s][info][gc             ] GC(2143) Pause Young (Allocation Failure) 5935M->3681M(6069M) 99.529ms
[6292.086s][info][gc,cpu         ] GC(2143) User=0.56s Sys=0.04s Real=0.10s
.[6293.540s][info][gc,start       ] GC(2144) Pause Young (Allocation Failure)
[6293.638s][info][gc,heap        ] GC(2144) PSYoungGen: 2583968K(2606080K)->153056K(2611200K) Eden: 2422272K(2422272K)->0K(2428928K) From: 161696K(183808K)->153056K(182272K)
[6293.638s][info][gc,heap        ] GC(2144) ParOldGen: 3608135K(3608576K)->3713711K(3714048K)
[6293.638s][info][gc,metaspace   ] GC(2144) Metaspace: 29103K(29376K)->29103K(29376K) NonClass: 26001K(26112K)->26001K(26112K) Class: 3102K(3264K)->3102K(3264K)
[6293.638s][info][gc             ] GC(2144) Pause Young (Allocation Failure) 6046M->3776M(6177M) 98.224ms
[6293.638s][info][gc,cpu         ] GC(2144) User=0.55s Sys=0.02s Real=0.10s
..[6295.179s][info][gc,start       ] GC(2145) Pause Young (Allocation Failure)
[6295.277s][info][gc,heap        ] GC(2145) PSYoungGen: 2581984K(2611200K)->148160K(2610176K) Eden: 2428928K(2428928K)->0K(2428928K) From: 153056K(182272K)->148160K(181248K)
[6295.277s][info][gc,heap        ] GC(2145) ParOldGen: 3713711K(3714048K)->3819423K(3819520K)
[6295.277s][info][gc,metaspace   ] GC(2145) Metaspace: 29103K(29376K)->29103K(29376K) NonClass: 26001K(26112K)->26001K(26112K) Class: 3102K(3264K)->3102K(3264K)
[6295.277s][info][gc             ] GC(2145) Pause Young (Allocation Failure) 6148M->3874M(6279M) 98.203ms
[6295.277s][info][gc,cpu         ] GC(2145) User=0.55s Sys=0.02s Real=0.10s
.[6296.761s][info][gc,start       ] GC(2146) Pause Young (Allocation Failure)
[6296.866s][info][gc,heap        ] GC(2146) PSYoungGen: 2577088K(2610176K)->167984K(2611712K) Eden: 2428928K(2428928K)->0K(2430976K) From: 148160K(181248K)->167984K(180736K)
[6296.866s][info][gc,heap        ] GC(2146) ParOldGen: 3819423K(3819520K)->3921951K(3922432K)
[6296.866s][info][gc,metaspace   ] GC(2146) Metaspace: 29103K(29376K)->29103K(29376K) NonClass: 26001K(26112K)->26001K(26112K) Class: 3102K(3264K)->3102K(3264K)
[6296.866s][info][gc             ] GC(2146) Pause Young (Allocation Failure) 6246M->3994M(6381M) 104.455ms
[6296.866s][info][gc,cpu         ] GC(2146) User=0.59s Sys=0.03s Real=0.11s
..[6298.306s][info][gc,start       ] GC(2147) Pause Young (Allocation Failure)
[6298.403s][info][gc,heap        ] GC(2147) PSYoungGen: 2598960K(2611712K)->144064K(2613248K) Eden: 2430976K(2430976K)->0K(2430976K) From: 167984K(180736K)->144064K(182272K)
[6298.403s][info][gc,heap        ] GC(2147) ParOldGen: 3921951K(3922432K)->4028591K(4028928K)
[6298.403s][info][gc,metaspace   ] GC(2147) Metaspace: 29103K(29376K)->29103K(29376K) NonClass: 26001K(26112K)->26001K(26112K) Class: 3102K(3264K)->3102K(3264K)
[6298.403s][info][gc             ] GC(2147) Pause Young (Allocation Failure) 6368M->4074M(6486M) 96.197ms
[6298.403s][info][gc,cpu         ] GC(2147) User=0.53s Sys=0.03s Real=0.09s
.[6299.909s][info][gc,start       ] GC(2148) Pause Young (Allocation Failure)
[6300.009s][info][gc,heap        ] GC(2148) PSYoungGen: 2575040K(2613248K)->161632K(2611712K) Eden: 2430976K(2430976K)->0K(2431488K) From: 144064K(182272K)->161632K(180224K)
[6300.009s][info][gc,heap        ] GC(2148) ParOldGen: 4028591K(4028928K)->4130199K(4130304K)
[6300.009s][info][gc,metaspace   ] GC(2148) Metaspace: 29103K(29376K)->29103K(29376K) NonClass: 26001K(26112K)->26001K(26112K) Class: 3102K(3264K)->3102K(3264K)
[6300.010s][info][gc             ] GC(2148) Pause Young (Allocation Failure) 6448M->4191M(6584M) 100.065ms
[6300.010s][info][gc,cpu         ] GC(2148) User=0.56s Sys=0.03s Real=0.10s
..[6301.516s][info][gc,start       ] GC(2149) Pause Young (Allocation Failure)
[6301.618s][info][gc,heap        ] GC(2149) PSYoungGen: 2593120K(2611712K)->160529K(2612736K) Eden: 2431488K(2431488K)->0K(2431488K) From: 161632K(180224K)->160529K(181248K)
[6301.618s][info][gc,heap        ] GC(2149) ParOldGen: 4130199K(4130304K)->4235399K(4235776K)
[6301.618s][info][gc,metaspace   ] GC(2149) Metaspace: 29103K(29376K)->29103K(29376K) NonClass: 26001K(26112K)->26001K(26112K) Class: 3102K(3264K)->3102K(3264K)
[6301.618s][info][gc             ] GC(2149) Pause Young (Allocation Failure) 6565M->4292M(6688M) 102.740ms
[6301.618s][info][gc,cpu         ] GC(2149) User=0.57s Sys=0.03s Real=0.10s
. (rIR:aIR:PR = 10793:10730:10730) (tPR = 159081) [OK] 
  6302s: Performance info:
         Transaction,    Success,    Partial,     Failed,   Receipts, AvgBarcode, 
             Overall,     654588,          0,          0,     621730,      59.47, 
         Response times:
             Request,    Success,    Partial,     Failed,   SkipFail,     Probes,    Samples,      min,      p50,      p90,      p95,      p99,      max, 
       TotalPurchase,     621636,          0,          0,          0,     343719,     548277,      200,    12000,   118000,   211000,   482000,   790000,
     InStorePurchase,     327437,          0,          0,          0,     180385,     287380,      300,    12200,   116000,   196000,   486000,   790000,
      OnlinePurchase,     228585,          0,          0,          0,     125891,     201944,      200,    12000,   122000,   231000,   481000,   790000,
        InstPurchase,      65614,          0,          0,          0,      37443,      58953,      300,    11200,   119000,   222000,   465460,   730000,
          AssocOfCat,        661,          0,          0,          0,        536,        953,    25000,    59000,   168200,   236300,   549460,  1200000,
      AssocOfProduct,       6581,          0,          0,          0,       3729,       6006,      400,    10300,   122000,   230000,   458930,   595000,
      BusinessReport,       1646,          0,          0,          0,       1408,       2410,    30000,    62000,   170000,   230250,   544000,  1100000,
          CustBuyBeh,       6579,          0,          0,          0,       3718,       6119,      100,    10300,   117000,   222000,   458000,   610000,
       ProductReturn,      17397,          0,          0,          0,       9036,      14932,      200,    12700,   121700,   204000,   504000,   760000,

  6302s: (79%)   IR =  10931 [6303.220s][info][gc,start       ] GC(2150) Pause Young (Allocation Failure)
[6303.316s][info][gc,heap        ] GC(2150) PSYoungGen: 2592017K(2612736K)->147040K(2613760K) Eden: 2431488K(2431488K)->0K(2434560K) From: 160529K(181248K)->147040K(179200K)
[6303.316s][info][gc,heap        ] GC(2150) ParOldGen: 4235399K(4235776K)->4339159K(4339200K)
[6303.316s][info][gc,metaspace   ] GC(2150) Metaspace: 29103K(29376K)->29103K(29376K) NonClass: 26001K(26112K)->26001K(26112K) Class: 3102K(3264K)->3102K(3264K)
[6303.316s][info][gc             ] GC(2150) Pause Young (Allocation Failure) 6667M->4381M(6790M) 96.582ms
[6303.316s][info][gc,cpu         ] GC(2150) User=0.54s Sys=0.03s Real=0.10s
..[6304.796s][info][gc,start       ] GC(2151) Pause Young (Allocation Failure)
[6304.899s][info][gc,heap        ] GC(2151) PSYoungGen: 2581600K(2613760K)->164592K(2614272K) Eden: 2434560K(2434560K)->0K(2434560K) From: 147040K(179200K)->164592K(179712K)
[6304.899s][info][gc,heap        ] GC(2151) ParOldGen: 4339159K(4339200K)->4442871K(4443136K)
[6304.899s][info][gc,metaspace   ] GC(2151) Metaspace: 29103K(29376K)->29103K(29376K) NonClass: 26001K(26112K)->26001K(26112K) Class: 3102K(3264K)->3102K(3264K)
[6304.899s][info][gc             ] GC(2151) Pause Young (Allocation Failure) 6758M->4499M(6892M) 102.831ms
[6304.899s][info][gc,cpu         ] GC(2151) User=0.58s Sys=0.03s Real=0.10s
..[6306.418s][info][gc,start       ] GC(2152) Pause Young (Allocation Failure)
[6306.520s][info][gc,heap        ] GC(2152) PSYoungGen: 2599152K(2614272K)->156992K(2612736K) Eden: 2434560K(2434560K)->0K(2436096K) From: 164592K(179712K)->156992K(176640K)
[6306.520s][info][gc,heap        ] GC(2152) ParOldGen: 4442871K(4443136K)->4549135K(4549632K)
[6306.520s][info][gc,metaspace   ] GC(2152) Metaspace: 29103K(29376K)->29103K(29376K) NonClass: 26001K(26112K)->26001K(26112K) Class: 3102K(3264K)->3102K(3264K)
[6306.520s][info][gc             ] GC(2152) Pause Young (Allocation Failure) 6876M->4595M(6994M) 102.291ms
[6306.520s][info][gc,cpu         ] GC(2152) User=0.56s Sys=0.04s Real=0.10s
.[6307.974s][info][gc,start       ] GC(2153) Pause Young (Allocation Failure)
[6308.075s][info][gc,heap        ] GC(2153) PSYoungGen: 2593088K(2612736K)->162304K(2614272K) Eden: 2436096K(2436096K)->0K(2436096K) From: 156992K(176640K)->162304K(178176K)
[6308.075s][info][gc,heap        ] GC(2153) ParOldGen: 4549135K(4549632K)->4650687K(4651008K)
[6308.075s][info][gc,metaspace   ] GC(2153) Metaspace: 29103K(29376K)->29103K(29376K) NonClass: 26001K(26112K)->26001K(26112K) Class: 3102K(3264K)->3102K(3264K)
[6308.075s][info][gc             ] GC(2153) Pause Young (Allocation Failure) 6974M->4700M(7095M) 101.205ms
[6308.075s][info][gc,cpu         ] GC(2153) User=0.58s Sys=0.03s Real=0.11s
..[6309.549s][info][gc,start       ] GC(2154) Pause Young (Allocation Failure)
[6309.654s][info][gc,heap        ] GC(2154) PSYoungGen: 2598400K(2614272K)->165065K(2616832K) Eden: 2436096K(2436096K)->0K(2438656K) From: 162304K(178176K)->165065K(178176K)
[6309.654s][info][gc,heap        ] GC(2154) ParOldGen: 4650687K(4651008K)->4757991K(4758016K)
[6309.654s][info][gc,metaspace   ] GC(2154) Metaspace: 29103K(29376K)->29103K(29376K) NonClass: 26001K(26112K)->26001K(26112K) Class: 3102K(3264K)->3102K(3264K)
[6309.654s][info][gc             ] GC(2154) Pause Young (Allocation Failure) 7079M->4807M(7202M) 105.751ms
[6309.654s][info][gc,cpu         ] GC(2154) User=0.59s Sys=0.02s Real=0.10s
.|[6311.098s][info][gc,start       ] GC(2155) Pause Young (Allocation Failure)
[6311.201s][info][gc,heap        ] GC(2155) PSYoungGen: 2603721K(2616832K)->164512K(2617344K) Eden: 2438656K(2438656K)->0K(2438656K) From: 165065K(178176K)->164512K(178688K)
[6311.201s][info][gc,heap        ] GC(2155) ParOldGen: 4757991K(4758016K)->4860711K(4860928K)
[6311.201s][info][gc,metaspace   ] GC(2155) Metaspace: 29103K(29376K)->29103K(29376K) NonClass: 26001K(26112K)->26001K(26112K) Class: 3102K(3264K)->3102K(3264K)
[6311.201s][info][gc             ] GC(2155) Pause Young (Allocation Failure) 7189M->4907M(7303M) 102.730ms
[6311.201s][info][gc,cpu         ] GC(2155) User=0.58s Sys=0.03s Real=0.10s
..[6312.691s][info][gc,start       ] GC(2156) Pause Young (Allocation Failure)
[6312.793s][info][gc,heap        ] GC(2156) PSYoungGen: 2603168K(2617344K)->159813K(2614272K) Eden: 2438656K(2438656K)->0K(2438656K) From: 164512K(178688K)->159813K(175616K)
[6312.793s][info][gc,heap        ] GC(2156) ParOldGen: 4860711K(4860928K)->4963951K(4964352K)
[6312.793s][info][gc,metaspace   ] GC(2156) Metaspace: 29103K(29376K)->29103K(29376K) NonClass: 26001K(26112K)->26001K(26112K) Class: 3102K(3264K)->3102K(3264K)
[6312.793s][info][gc             ] GC(2156) Pause Young (Allocation Failure) 7288M->5003M(7401M) 101.889ms
[6312.793s][info][gc,cpu         ] GC(2156) User=0.56s Sys=0.04s Real=0.10s
.[6314.192s][info][gc,start       ] GC(2157) Pause Young (Allocation Failure)
[6314.294s][info][gc,heap        ] GC(2157) PSYoungGen: 2598469K(2614272K)->162752K(2615808K) Eden: 2438656K(2438656K)->0K(2438656K) From: 159813K(175616K)->162752K(177152K)
[6314.294s][info][gc,heap        ] GC(2157) ParOldGen: 4963951K(4964352K)->5065111K(5065216K)
[6314.294s][info][gc,metaspace   ] GC(2157) Metaspace: 29103K(29376K)->29103K(29376K) NonClass: 26001K(26112K)->26001K(26112K) Class: 3102K(3264K)->3102K(3264K)
[6314.294s][info][gc             ] GC(2157) Pause Young (Allocation Failure) 7385M->5105M(7501M) 101.797ms
[6314.294s][info][gc,cpu         ] GC(2157) User=0.56s Sys=0.05s Real=0.10s
..[6315.754s][info][gc,start       ] GC(2158) Pause Young (Allocation Failure)
[6315.855s][info][gc,heap        ] GC(2158) PSYoungGen: 2601408K(2615808K)->154592K(2616320K) Eden: 2438656K(2438656K)->0K(2442240K) From: 162752K(177152K)->154592K(174080K)
[6315.855s][info][gc,heap        ] GC(2158) ParOldGen: 5065111K(5065216K)->5175503K(5175808K)
[6315.855s][info][gc,metaspace   ] GC(2158) Metaspace: 29103K(29376K)->29103K(29376K) NonClass: 26001K(26112K)->26001K(26112K) Class: 3102K(3264K)->3102K(3264K)
[6315.855s][info][gc             ] GC(2158) Pause Young (Allocation Failure) 7486M->5205M(7609M) 101.560ms
[6315.855s][info][gc,cpu         ] GC(2158) User=0.57s Sys=0.03s Real=0.11s
.[6317.288s][info][gc,start       ] GC(2159) Pause Young (Allocation Failure)
[6317.390s][info][gc,heap        ] GC(2159) PSYoungGen: 2596832K(2616320K)->162692K(2617856K) Eden: 2442240K(2442240K)->0K(2442240K) From: 154592K(174080K)->162692K(175616K)
[6317.390s][info][gc,heap        ] GC(2159) ParOldGen: 5175503K(5175808K)->5273087K(5273088K)
[6317.390s][info][gc,metaspace   ] GC(2159) Metaspace: 29103K(29376K)->29103K(29376K) NonClass: 26001K(26112K)->26001K(26112K) Class: 3102K(3264K)->3102K(3264K)
[6317.390s][info][gc             ] GC(2159) Pause Young (Allocation Failure) 7590M->5308M(7706M) 102.006ms
[6317.390s][info][gc,cpu         ] GC(2159) User=0.57s Sys=0.03s Real=0.10s
..[6318.812s][info][gc,start       ] GC(2160) Pause Young (Allocation Failure)
[6318.915s][info][gc,heap        ] GC(2160) PSYoungGen: 2604932K(2617856K)->160128K(2617856K) Eden: 2442240K(2442240K)->0K(2445312K) From: 162692K(175616K)->160128K(172544K)
[6318.915s][info][gc,heap        ] GC(2160) ParOldGen: 5273087K(5273088K)->5381071K(5381120K)
[6318.915s][info][gc,metaspace   ] GC(2160) Metaspace: 29103K(29376K)->29103K(29376K) NonClass: 26001K(26112K)->26001K(26112K) Class: 3102K(3264K)->3102K(3264K)
[6318.915s][info][gc             ] GC(2160) Pause Young (Allocation Failure) 7693M->5411M(7811M) 102.812ms
[6318.915s][info][gc,cpu         ] GC(2160) User=0.57s Sys=0.05s Real=0.11s
.[6320.360s][info][gc,start       ] GC(2161) Pause Young (Allocation Failure)
[6320.460s][info][gc,heap        ] GC(2161) PSYoungGen: 2605440K(2617856K)->154400K(2619392K) Eden: 2445312K(2445312K)->0K(2445312K) From: 160128K(172544K)->154400K(174080K)
[6320.460s][info][gc,heap        ] GC(2161) ParOldGen: 5381071K(5381120K)->5483359K(5483520K)
[6320.460s][info][gc,metaspace   ] GC(2161) Metaspace: 29103K(29376K)->29103K(29376K) NonClass: 26001K(26112K)->26001K(26112K) Class: 3102K(3264K)->3102K(3264K)
[6320.460s][info][gc             ] GC(2161) Pause Young (Allocation Failure) 7799M->5505M(7913M) 99.259ms
[6320.460s][info][gc,cpu         ] GC(2161) User=0.56s Sys=0.03s Real=0.10s
..[6321.899s][info][gc,start       ] GC(2162) Pause Full (Allocation Failure)
[6321.899s][info][gc,phases,start] GC(2162) Marking Phase
[6322.219s][info][gc,phases      ] GC(2162) Marking Phase 319.819ms
[6322.219s][info][gc,phases,start] GC(2162) Summary Phase
[6322.219s][info][gc,phases      ] GC(2162) Summary Phase 0.099ms
[6322.219s][info][gc,phases,start] GC(2162) Forward
[6322.358s][info][gc,phases      ] GC(2162) Forward 138.596ms
[6322.358s][info][gc,phases,start] GC(2162) Adjust Pointers
[6322.575s][info][gc,phases      ] GC(2162) Adjust Pointers 217.021ms
[6322.575s][info][gc,phases,start] GC(2162) Compaction Phase
[6322.728s][info][gc,phases      ] GC(2162) Compaction Phase 152.422ms
[6322.729s][info][gc,phases,start] GC(2162) Post Compact
[6322.736s][info][gc,phases      ] GC(2162) Post Compact 6.977ms
[6322.871s][info][gc,heap        ] GC(2162) PSYoungGen: 2599712K(2619392K)->0K(2621440K) Eden: 2445312K(2445312K)->0K(2448384K) From: 154400K(174080K)->0K(173056K)
[6322.871s][info][gc,heap        ] GC(2162) ParOldGen: 5483359K(5483520K)->1629728K(2110464K)
[6322.871s][info][gc,metaspace   ] GC(2162) Metaspace: 29103K(29376K)->29103K(29376K) NonClass: 26001K(26112K)->26001K(26112K) Class: 3102K(3264K)->3102K(3264K)
[6322.871s][info][gc             ] GC(2162) Pause Full (Allocation Failure) 7893M->1591M(4621M) 971.674ms
[6322.871s][info][gc,cpu         ] GC(2162) User=4.49s Sys=0.13s Real=0.97s
..[6324.231s][info][gc,start       ] GC(2163) Pause Young (Allocation Failure)
[6324.306s][info][gc,heap        ] GC(2163) PSYoungGen: 2448384K(2621440K)->173545K(2621952K) Eden: 2448384K(2448384K)->0K(2448384K) From: 0K(173056K)->173545K(173568K)
[6324.306s][info][gc,heap        ] GC(2163) ParOldGen: 1629728K(2110464K)->1633392K(2110464K)
[6324.306s][info][gc,metaspace   ] GC(2163) Metaspace: 29103K(29376K)->29103K(29376K) NonClass: 26001K(26112K)->26001K(26112K) Class: 3102K(3264K)->3102K(3264K)
[6324.306s][info][gc             ] GC(2163) Pause Young (Allocation Failure) 3982M->1764M(4621M) 74.825ms
[6324.306s][info][gc,cpu         ] GC(2163) User=0.44s Sys=0.00s Real=0.08s
.[6325.574s][info][gc,start       ] GC(2164) Pause Young (Allocation Failure)
[6325.668s][info][gc,heap        ] GC(2164) PSYoungGen: 2621929K(2621952K)->156051K(2614784K) Eden: 2448384K(2448384K)->0K(2440704K) From: 173545K(173568K)->156051K(174080K)
[6325.668s][info][gc,heap        ] GC(2164) ParOldGen: 1633392K(2110464K)->1740040K(2110464K)
[6325.668s][info][gc,metaspace   ] GC(2164) Metaspace: 29103K(29376K)->29103K(29376K) NonClass: 26001K(26112K)->26001K(26112K) Class: 3102K(3264K)->3102K(3264K)
[6325.668s][info][gc             ] GC(2164) Pause Young (Allocation Failure) 4155M->1851M(4614M) 93.992ms
[6325.668s][info][gc,cpu         ] GC(2164) User=0.55s Sys=0.00s Real=0.10s
.[6326.955s][info][gc,start       ] GC(2165) Pause Young (Allocation Failure)
[6327.052s][info][gc,heap        ] GC(2165) PSYoungGen: 2596755K(2614784K)->170612K(2611712K) Eden: 2440704K(2440704K)->0K(2440704K) From: 156051K(174080K)->170612K(171008K)
[6327.052s][info][gc,heap        ] GC(2165) ParOldGen: 1740040K(2110464K)->1845472K(2110464K)
[6327.052s][info][gc,metaspace   ] GC(2165) Metaspace: 29103K(29376K)->29103K(29376K) NonClass: 26001K(26112K)->26001K(26112K) Class: 3102K(3264K)->3102K(3264K)
[6327.052s][info][gc             ] GC(2165) Pause Young (Allocation Failure) 4235M->1968M(4611M) 97.883ms
[6327.052s][info][gc,cpu         ] GC(2165) User=0.58s Sys=0.00s Real=0.09s
.[6328.371s][info][gc,start       ] GC(2166) Pause Young (Allocation Failure)
[6328.462s][info][gc,heap        ] GC(2166) PSYoungGen: 2611316K(2611712K)->152576K(2616320K) Eden: 2440704K(2440704K)->0K(2436608K) From: 170612K(171008K)->152576K(179712K)
[6328.462s][info][gc,heap        ] GC(2166) ParOldGen: 1845472K(2110464K)->1948312K(2110464K)
[6328.462s][info][gc,metaspace   ] GC(2166) Metaspace: 29103K(29376K)->29103K(29376K) NonClass: 26001K(26112K)->26001K(26112K) Class: 3102K(3264K)->3102K(3264K)
[6328.462s][info][gc             ] GC(2166) Pause Young (Allocation Failure) 4352M->2051M(4616M) 91.428ms
[6328.462s][info][gc,cpu         ] GC(2166) User=0.54s Sys=0.00s Real=0.09s
.[6329.719s][info][gc,start       ] GC(2167) Pause Young (Allocation Failure)
[6329.815s][info][gc,heap        ] GC(2167) PSYoungGen: 2589184K(2616320K)->162208K(2598912K) Eden: 2436608K(2436608K)->0K(2436608K) From: 152576K(179712K)->162208K(162304K)
[6329.815s][info][gc,heap        ] GC(2167) ParOldGen: 1948312K(2110464K)->2054056K(2110464K)
[6329.815s][info][gc,metaspace   ] GC(2167) Metaspace: 29103K(29376K)->29103K(29376K) NonClass: 26001K(26112K)->26001K(26112K) Class: 3102K(3264K)->3102K(3264K)
[6329.815s][info][gc             ] GC(2167) Pause Young (Allocation Failure) 4431M->2164M(4599M) 95.441ms
[6329.815s][info][gc,cpu         ] GC(2167) User=0.56s Sys=0.00s Real=0.10s
..[6331.257s][info][gc,start       ] GC(2168) Pause Young (Allocation Failure)
[6331.353s][info][gc,heap        ] GC(2168) PSYoungGen: 2598816K(2598912K)->152162K(2614784K) Eden: 2436608K(2436608K)->0K(2436608K) From: 162208K(162304K)->152162K(178176K)
[6331.353s][info][gc,heap        ] GC(2168) ParOldGen: 2054056K(2110464K)->2160640K(2161152K)
[6331.353s][info][gc,metaspace   ] GC(2168) Metaspace: 29103K(29376K)->29103K(29376K) NonClass: 26001K(26112K)->26001K(26112K) Class: 3102K(3264K)->3102K(3264K)
[6331.353s][info][gc             ] GC(2168) Pause Young (Allocation Failure) 4543M->2258M(4664M) 95.888ms
[6331.353s][info][gc,cpu         ] GC(2168) User=0.55s Sys=0.02s Real=0.09s
..[6332.891s][info][gc,start       ] GC(2169) Pause Young (Allocation Failure)
[6332.991s][info][gc,heap        ] GC(2169) PSYoungGen: 2588770K(2614784K)->166196K(2614784K) Eden: 2436608K(2436608K)->0K(2436608K) From: 152162K(178176K)->166196K(178176K)
[6332.991s][info][gc,heap        ] GC(2169) ParOldGen: 2160640K(2161152K)->2262128K(2262528K)
[6332.991s][info][gc,metaspace   ] GC(2169) Metaspace: 29103K(29376K)->29103K(29376K) NonClass: 26001K(26112K)->26001K(26112K) Class: 3102K(3264K)->3102K(3264K)
[6332.991s][info][gc             ] GC(2169) Pause Young (Allocation Failure) 4638M->2371M(4763M) 100.121ms
[6332.991s][info][gc,cpu         ] GC(2169) User=0.55s Sys=0.04s Real=0.10s
.[6334.343s][info][gc,start       ] GC(2170) Pause Young (Allocation Failure)
[6334.440s][info][gc,heap        ] GC(2170) PSYoungGen: 2602804K(2614784K)->145824K(2616320K) Eden: 2436608K(2436608K)->0K(2437632K) From: 166196K(178176K)->145824K(178688K)
[6334.440s][info][gc,heap        ] GC(2170) ParOldGen: 2262128K(2262528K)->2368224K(2368512K)
[6334.440s][info][gc,metaspace   ] GC(2170) Metaspace: 29103K(29376K)->29103K(29376K) NonClass: 26001K(26112K)->26001K(26112K) Class: 3102K(3264K)->3102K(3264K)
[6334.440s][info][gc             ] GC(2170) Pause Young (Allocation Failure) 4750M->2455M(4868M) 96.460ms
[6334.440s][info][gc,cpu         ] GC(2170) User=0.53s Sys=0.04s Real=0.10s
..[6335.908s][info][gc,start       ] GC(2171) Pause Young (Allocation Failure)
[6336.009s][info][gc,heap        ] GC(2171) PSYoungGen: 2583456K(2616320K)->170560K(2608640K) Eden: 2437632K(2437632K)->0K(2437632K) From: 145824K(178688K)->170560K(171008K)
[6336.009s][info][gc,heap        ] GC(2171) ParOldGen: 2368224K(2368512K)->2468576K(2468864K)
[6336.009s][info][gc,metaspace   ] GC(2171) Metaspace: 29103K(29376K)->29103K(29376K) NonClass: 26001K(26112K)->26001K(26112K) Class: 3102K(3264K)->3102K(3264K)
[6336.009s][info][gc             ] GC(2171) Pause Young (Allocation Failure) 4835M->2577M(4958M) 101.607ms
[6336.009s][info][gc,cpu         ] GC(2171) User=0.57s Sys=0.03s Real=0.10s
.[6337.451s][info][gc,start       ] GC(2172) Pause Young (Allocation Failure)
[6337.548s][info][gc,heap        ] GC(2172) PSYoungGen: 2608192K(2608640K)->146368K(2614272K) Eden: 2437632K(2437632K)->0K(2432512K) From: 170560K(171008K)->146368K(181760K)
[6337.548s][info][gc,heap        ] GC(2172) ParOldGen: 2468576K(2468864K)->2581392K(2581504K)
[6337.548s][info][gc,metaspace   ] GC(2172) Metaspace: 29103K(29376K)->29103K(29376K) NonClass: 26001K(26112K)->26001K(26112K) Class: 3102K(3264K)->3102K(3264K)
[6337.548s][info][gc             ] GC(2172) Pause Young (Allocation Failure) 4957M->2663M(5074M) 97.938ms
[6337.549s][info][gc,cpu         ] GC(2172) User=0.53s Sys=0.04s Real=0.10s
..[6339.030s][info][gc,start       ] GC(2173) Pause Young (Allocation Failure)
[6339.128s][info][gc,heap        ] GC(2173) PSYoungGen: 2578880K(2614272K)->161280K(2594304K) Eden: 2432512K(2432512K)->0K(2432512K) From: 146368K(181760K)->161280K(161792K)
[6339.128s][info][gc,heap        ] GC(2173) ParOldGen: 2581392K(2581504K)->2680920K(2681344K)
[6339.128s][info][gc,metaspace   ] GC(2173) Metaspace: 29103K(29376K)->29103K(29376K) NonClass: 26001K(26112K)->26001K(26112K) Class: 3102K(3264K)->3102K(3264K)
[6339.128s][info][gc             ] GC(2173) Pause Young (Allocation Failure) 5039M->2775M(5152M) 98.578ms
[6339.128s][info][gc,cpu         ] GC(2173) User=0.56s Sys=0.03s Real=0.10s
.[6340.556s][info][gc,start       ] GC(2174) Pause Young (Allocation Failure)
[6340.657s][info][gc,heap        ] GC(2174) PSYoungGen: 2593792K(2594304K)->161110K(2613760K) Eden: 2432512K(2432512K)->0K(2433536K) From: 161280K(161792K)->161110K(180224K)
[6340.657s][info][gc,heap        ] GC(2174) ParOldGen: 2680920K(2681344K)->2787416K(2787840K)
[6340.657s][info][gc,metaspace   ] GC(2174) Metaspace: 29103K(29376K)->29103K(29376K) NonClass: 26001K(26112K)->26001K(26112K) Class: 3102K(3264K)->3102K(3264K)
[6340.657s][info][gc             ] GC(2174) Pause Young (Allocation Failure) 5151M->2879M(5275M) 101.717ms
[6340.657s][info][gc,cpu         ] GC(2174) User=0.58s Sys=0.02s Real=0.10s
..[6342.096s][info][gc,start       ] GC(2175) Pause Young (Allocation Failure)
[6342.200s][info][gc,heap        ] GC(2175) PSYoungGen: 2594646K(2613760K)->177536K(2611200K) Eden: 2433536K(2433536K)->0K(2433536K) From: 161110K(180224K)->177536K(177664K)
[6342.200s][info][gc,heap        ] GC(2175) ParOldGen: 2787416K(2787840K)->2889096K(2889216K)
[6342.200s][info][gc,metaspace   ] GC(2175) Metaspace: 29103K(29376K)->29103K(29376K) NonClass: 26001K(26112K)->26001K(26112K) Class: 3102K(3264K)->3102K(3264K)
[6342.200s][info][gc             ] GC(2175) Pause Young (Allocation Failure) 5255M->2994M(5371M) 104.594ms
[6342.200s][info][gc,cpu         ] GC(2175) User=0.58s Sys=0.04s Real=0.10s
.[6343.709s][info][gc,start       ] GC(2176) Pause Young (Allocation Failure)
[6343.808s][info][gc,heap        ] GC(2176) PSYoungGen: 2611072K(2611200K)->156352K(2613760K) Eden: 2433536K(2433536K)->0K(2429952K) From: 177536K(177664K)->156352K(183808K)
[6343.808s][info][gc,heap        ] GC(2176) ParOldGen: 2889096K(2889216K)->2996488K(2996736K)
[6343.808s][info][gc,metaspace   ] GC(2176) Metaspace: 29103K(29376K)->29103K(29376K) NonClass: 26001K(26112K)->26001K(26112K) Class: 3102K(3264K)->3102K(3264K)
[6343.808s][info][gc             ] GC(2176) Pause Young (Allocation Failure) 5371M->3078M(5479M) 98.407ms
[6343.808s][info][gc,cpu         ] GC(2176) User=0.54s Sys=0.04s Real=0.10s
..[6345.291s][info][gc,start       ] GC(2177) Pause Young (Allocation Failure)
[6345.393s][info][gc,heap        ] GC(2177) PSYoungGen: 2586304K(2613760K)->160864K(2591232K) Eden: 2429952K(2429952K)->0K(2429952K) From: 156352K(183808K)->160864K(161280K)
[6345.393s][info][gc,heap        ] GC(2177) ParOldGen: 2996488K(2996736K)->3100184K(3100672K)
[6345.393s][info][gc,metaspace   ] GC(2177) Metaspace: 29103K(29376K)->29103K(29376K) NonClass: 26001K(26112K)->26001K(26112K) Class: 3102K(3264K)->3102K(3264K)
[6345.393s][info][gc             ] GC(2177) Pause Young (Allocation Failure) 5451M->3184M(5558M) 101.853ms
[6345.393s][info][gc,cpu         ] GC(2177) User=0.57s Sys=0.03s Real=0.10s
.[6346.901s][info][gc,start       ] GC(2178) Pause Young (Allocation Failure)
[6347.000s][info][gc,heap        ] GC(2178) PSYoungGen: 2590816K(2591232K)->151680K(2610688K) Eden: 2429952K(2429952K)->0K(2430464K) From: 160864K(161280K)->151680K(180224K)
[6347.000s][info][gc,heap        ] GC(2178) ParOldGen: 3100184K(3100672K)->3208984K(3209216K)
[6347.000s][info][gc,metaspace   ] GC(2178) Metaspace: 29103K(29376K)->29103K(29376K) NonClass: 26001K(26112K)->26001K(26112K) Class: 3102K(3264K)->3102K(3264K)
[6347.000s][info][gc             ] GC(2178) Pause Young (Allocation Failure) 5557M->3281M(5683M) 99.488ms
[6347.000s][info][gc,cpu         ] GC(2178) User=0.55s Sys=0.05s Real=0.10s
..[6348.420s][info][gc,start       ] GC(2179) Pause Young (Allocation Failure)
[6348.518s][info][gc,heap        ] GC(2179) PSYoungGen: 2582144K(2610688K)->153712K(2610176K) Eden: 2430464K(2430464K)->0K(2430464K) From: 151680K(180224K)->153712K(179712K)
[6348.518s][info][gc,heap        ] GC(2179) ParOldGen: 3208984K(3209216K)->3310720K(3311104K)
[6348.518s][info][gc,metaspace   ] GC(2179) Metaspace: 29103K(29376K)->29103K(29376K) NonClass: 26001K(26112K)->26001K(26112K) Class: 3102K(3264K)->3102K(3264K)
[6348.518s][info][gc             ] GC(2179) Pause Young (Allocation Failure) 5655M->3383M(5782M) 98.156ms
[6348.518s][info][gc,cpu         ] GC(2179) User=0.54s Sys=0.03s Real=0.10s
.[6350.004s][info][gc,start       ] GC(2180) Pause Young (Allocation Failure)
[6350.102s][info][gc,heap        ] GC(2180) PSYoungGen: 2584176K(2610176K)->158528K(2613248K) Eden: 2430464K(2430464K)->0K(2437120K) From: 153712K(179712K)->158528K(176128K)
[6350.102s][info][gc,heap        ] GC(2180) ParOldGen: 3310720K(3311104K)->3414008K(3414016K)
[6350.102s][info][gc,metaspace   ] GC(2180) Metaspace: 29103K(29376K)->29103K(29376K) NonClass: 26001K(26112K)->26001K(26112K) Class: 3102K(3264K)->3102K(3264K)
[6350.102s][info][gc             ] GC(2180) Pause Young (Allocation Failure) 5756M->3488M(5886M) 98.292ms
[6350.102s][info][gc,cpu         ] GC(2180) User=0.55s Sys=0.03s Real=0.10s
..[6351.570s][info][gc,start       ] GC(2181) Pause Young (Allocation Failure)
[6351.670s][info][gc,heap        ] GC(2181) PSYoungGen: 2595648K(2613248K)->165008K(2614272K) Eden: 2437120K(2437120K)->0K(2437120K) From: 158528K(176128K)->165008K(177152K)
[6351.670s][info][gc,heap        ] GC(2181) ParOldGen: 3414008K(3414016K)->3516944K(3517440K)
[6351.670s][info][gc,metaspace   ] GC(2181) Metaspace: 29103K(29376K)->29103K(29376K) NonClass: 26001K(26112K)->26001K(26112K) Class: 3102K(3264K)->3102K(3264K)
[6351.670s][info][gc             ] GC(2181) Pause Young (Allocation Failure) 5868M->3595M(5988M) 100.622ms
[6351.671s][info][gc,cpu         ] GC(2181) User=0.57s Sys=0.02s Real=0.10s
.[6353.139s][info][gc,start       ] GC(2182) Pause Young (Allocation Failure)
[6353.239s][info][gc,heap        ] GC(2182) PSYoungGen: 2602128K(2614272K)->161440K(2617344K) Eden: 2437120K(2437120K)->0K(2441216K) From: 165008K(177152K)->161440K(176128K)
[6353.239s][info][gc,heap        ] GC(2182) ParOldGen: 3516944K(3517440K)->3623632K(3623936K)
[6353.239s][info][gc,metaspace   ] GC(2182) Metaspace: 29103K(29376K)->29103K(29376K) NonClass: 26001K(26112K)->26001K(26112K) Class: 3102K(3264K)->3102K(3264K)
[6353.239s][info][gc             ] GC(2182) Pause Young (Allocation Failure) 5975M->3696M(6095M) 100.053ms
[6353.239s][info][gc,cpu         ] GC(2182) User=0.56s Sys=0.04s Real=0.10s
..[6354.686s][info][gc,start       ] GC(2183) Pause Young (Allocation Failure)
[6354.789s][info][gc,heap        ] GC(2183) PSYoungGen: 2602656K(2617344K)->167380K(2617856K) Eden: 2441216K(2441216K)->0K(2441216K) From: 161440K(176128K)->167380K(176640K)
[6354.789s][info][gc,heap        ] GC(2183) ParOldGen: 3623632K(3623936K)->3724320K(3724800K)
[6354.789s][info][gc,metaspace   ] GC(2183) Metaspace: 29103K(29376K)->29103K(29376K) NonClass: 26001K(26112K)->26001K(26112K) Class: 3102K(3264K)->3102K(3264K)
[6354.789s][info][gc             ] GC(2183) Pause Young (Allocation Failure) 6080M->3800M(6194M) 103.043ms
[6354.789s][info][gc,cpu         ] GC(2183) User=0.59s Sys=0.03s Real=0.10s
..[6356.271s][info][gc,start       ] GC(2184) Pause Young (Allocation Failure)
[6356.367s][info][gc,heap        ] GC(2184) PSYoungGen: 2608596K(2617856K)->147840K(2617344K) Eden: 2441216K(2441216K)->0K(2439680K) From: 167380K(176640K)->147840K(177664K)
[6356.367s][info][gc,heap        ] GC(2184) ParOldGen: 3724320K(3724800K)->3829096K(3829248K)
[6356.367s][info][gc,metaspace   ] GC(2184) Metaspace: 29103K(29376K)->29103K(29376K) NonClass: 26001K(26112K)->26001K(26112K) Class: 3102K(3264K)->3102K(3264K)
[6356.367s][info][gc             ] GC(2184) Pause Young (Allocation Failure) 6184M->3883M(6295M) 95.718ms
[6356.367s][info][gc,cpu         ] GC(2184) User=0.53s Sys=0.04s Real=0.10s
.[6357.795s][info][gc,start       ] GC(2185) Pause Young (Allocation Failure)
[6357.897s][info][gc,heap        ] GC(2185) PSYoungGen: 2587520K(2617344K)->166724K(2606592K) Eden: 2439680K(2439680K)->0K(2439680K) From: 147840K(177664K)->166724K(166912K)
[6357.897s][info][gc,heap        ] GC(2185) ParOldGen: 3829096K(3829248K)->3933400K(3933696K)
[6357.897s][info][gc,metaspace   ] GC(2185) Metaspace: 29103K(29376K)->29103K(29376K) NonClass: 26001K(26112K)->26001K(26112K) Class: 3102K(3264K)->3102K(3264K)
[6357.897s][info][gc             ] GC(2185) Pause Young (Allocation Failure) 6266M->4004M(6387M) 102.336ms
[6357.897s][info][gc,cpu         ] GC(2185) User=0.57s Sys=0.04s Real=0.10s
..[6359.317s][info][gc,start       ] GC(2186) Pause Young (Allocation Failure)
[6359.414s][info][gc,heap        ] GC(2186) PSYoungGen: 2606404K(2606592K)->150912K(2617344K) Eden: 2439680K(2439680K)->0K(2438144K) From: 166724K(166912K)->150912K(179200K)
[6359.415s][info][gc,heap        ] GC(2186) ParOldGen: 3933400K(3933696K)->4040288K(4040704K)
[6359.415s][info][gc,metaspace   ] GC(2186) Metaspace: 29103K(29376K)->29103K(29376K) NonClass: 26001K(26112K)->26001K(26112K) Class: 3102K(3264K)->3102K(3264K)
[6359.415s][info][gc             ] GC(2186) Pause Young (Allocation Failure) 6386M->4092M(6502M) 97.390ms
[6359.415s][info][gc,cpu         ] GC(2186) User=0.54s Sys=0.04s Real=0.10s
.[6360.874s][info][gc,start       ] GC(2187) Pause Young (Allocation Failure)
[6360.974s][info][gc,heap        ] GC(2187) PSYoungGen: 2589056K(2617344K)->161684K(2599936K) Eden: 2438144K(2438144K)->0K(2438144K) From: 150912K(179200K)->161684K(161792K)
[6360.974s][info][gc,heap        ] GC(2187) ParOldGen: 4040288K(4040704K)->4145064K(4145152K)
[6360.974s][info][gc,metaspace   ] GC(2187) Metaspace: 29103K(29376K)->29103K(29376K) NonClass: 26001K(26112K)->26001K(26112K) Class: 3102K(3264K)->3102K(3264K)
[6360.974s][info][gc             ] GC(2187) Pause Young (Allocation Failure) 6473M->4205M(6587M) 100.621ms
[6360.974s][info][gc,cpu         ] GC(2187) User=0.57s Sys=0.03s Real=0.11s
..[6362.450s][info][gc,start       ] GC(2188) Pause Young (Allocation Failure)
[6362.548s][info][gc,heap        ] GC(2188) PSYoungGen: 2599828K(2599936K)->151264K(2616320K) Eden: 2438144K(2438144K)->0K(2438656K) From: 161684K(161792K)->151264K(177664K)
[6362.548s][info][gc,heap        ] GC(2188) ParOldGen: 4145064K(4145152K)->4247056K(4247552K)
[6362.548s][info][gc,metaspace   ] GC(2188) Metaspace: 29103K(29376K)->29103K(29376K) NonClass: 26001K(26112K)->26001K(26112K) Class: 3102K(3264K)->3102K(3264K)
[6362.548s][info][gc             ] GC(2188) Pause Young (Allocation Failure) 6586M->4295M(6703M) 98.292ms
[6362.548s][info][gc,cpu         ] GC(2188) User=0.56s Sys=0.02s Real=0.10s
.[6364.007s][info][gc,start       ] GC(2189) Pause Young (Allocation Failure)
[6364.121s][info][gc,heap        ] GC(2189) PSYoungGen: 2589920K(2616320K)->177124K(2615808K) Eden: 2438656K(2438656K)->0K(2438656K) From: 151264K(177664K)->177124K(177152K)
[6364.121s][info][gc,heap        ] GC(2189) ParOldGen: 4247056K(4247552K)->4363640K(4363776K)
[6364.121s][info][gc,metaspace   ] GC(2189) Metaspace: 29103K(29376K)->29103K(29376K) NonClass: 26001K(26112K)->26001K(26112K) Class: 3102K(3264K)->3102K(3264K)
[6364.121s][info][gc             ] GC(2189) Pause Young (Allocation Failure) 6676M->4434M(6816M) 114.121ms
[6364.121s][info][gc,cpu         ] GC(2189) User=0.64s Sys=0.04s Real=0.11s
..[6365.623s][info][gc,start       ] GC(2190) Pause Young (Allocation Failure)
[6365.723s][info][gc,heap        ] GC(2190) PSYoungGen: 2615780K(2615808K)->160644K(2531840K) Eden: 2438656K(2438656K)->0K(2351616K) From: 177124K(177152K)->160644K(180224K)
[6365.723s][info][gc,heap        ] GC(2190) ParOldGen: 4363640K(4363776K)->4464328K(4464640K)
[6365.723s][info][gc,metaspace   ] GC(2190) Metaspace: 29103K(29376K)->29103K(29376K) NonClass: 26001K(26112K)->26001K(26112K) Class: 3102K(3264K)->3102K(3264K)
[6365.723s][info][gc             ] GC(2190) Pause Young (Allocation Failure) 6815M->4516M(6832M) 100.584ms
[6365.723s][info][gc,cpu         ] GC(2190) User=0.56s Sys=0.03s Real=0.10s
.[6367.117s][info][gc,start       ] GC(2191) Pause Young (Allocation Failure)
[6367.220s][info][gc,heap        ] GC(2191) PSYoungGen: 2512260K(2531840K)->164736K(2573824K) Eden: 2351616K(2351616K)->0K(2351616K) From: 160644K(180224K)->164736K(222208K)
[6367.220s][info][gc,heap        ] GC(2191) ParOldGen: 4464328K(4464640K)->4569608K(4570112K)
[6367.220s][info][gc,metaspace   ] GC(2191) Metaspace: 29103K(29376K)->29103K(29376K) NonClass: 26001K(26112K)->26001K(26112K) Class: 3102K(3264K)->3102K(3264K)
[6367.220s][info][gc             ] GC(2191) Pause Young (Allocation Failure) 6813M->4623M(6976M) 102.535ms
[6367.220s][info][gc,cpu         ] GC(2191) User=0.59s Sys=0.03s Real=0.10s
..[6368.523s][info][gc,start       ] GC(2192) Pause Full (Diagnostic Command)
[6368.523s][info][gc,phases,start] GC(2192) Marking Phase
[6368.842s][info][gc,phases      ] GC(2192) Marking Phase 318.544ms
[6368.842s][info][gc,phases,start] GC(2192) Summary Phase
[6368.842s][info][gc,phases      ] GC(2192) Summary Phase 0.088ms
[6368.842s][info][gc,phases,start] GC(2192) Forward
[6369.028s][info][gc,phases      ] GC(2192) Forward 185.812ms
[6369.028s][info][gc,phases,start] GC(2192) Adjust Pointers
[6369.259s][info][gc,phases      ] GC(2192) Adjust Pointers 231.703ms
[6369.259s][info][gc,phases,start] GC(2192) Compaction Phase
[6369.445s][info][gc,phases      ] GC(2192) Compaction Phase 185.119ms
[6369.447s][info][gc,phases,start] GC(2192) Post Compact
[6369.453s][info][gc,phases      ] GC(2192) Post Compact 5.993ms
[6369.453s][info][gc,heap        ] GC(2192) PSYoungGen: 2474140K(2573824K)->0K(2573824K) Eden: 2309404K(2351616K)->0K(2351616K) From: 164736K(222208K)->0K(222208K)
[6369.453s][info][gc,heap        ] GC(2192) ParOldGen: 4569608K(4570112K)->1344276K(4570112K)
[6369.453s][info][gc,metaspace   ] GC(2192) Metaspace: 29103K(29376K)->29103K(29376K) NonClass: 26001K(26112K)->26001K(26112K) Class: 3102K(3264K)->3102K(3264K)
[6369.453s][info][gc             ] GC(2192) Pause Full (Diagnostic Command) 6878M->1312M(6976M) 930.247ms
[6369.453s][info][gc,cpu         ] GC(2192) User=4.89s Sys=0.00s Real=0.93s
..[6370.684s][info][gc,start       ] GC(2193) Pause Young (Allocation Failure)
[6370.748s][info][gc,heap        ] GC(2193) PSYoungGen: 2351616K(2573824K)->154884K(2565632K) Eden: 2351616K(2351616K)->0K(2355712K) From: 0K(222208K)->154884K(209920K)
[6370.748s][info][gc,heap        ] GC(2193) ParOldGen: 1344276K(4570112K)->1344276K(4570112K)
[6370.748s][info][gc,metaspace   ] GC(2193) Metaspace: 29103K(29376K)->29103K(29376K) NonClass: 26001K(26112K)->26001K(26112K) Class: 3102K(3264K)->3102K(3264K)
[6370.748s][info][gc             ] GC(2193) Pause Young (Allocation Failure) 3609M->1464M(6968M) 64.498ms
[6370.748s][info][gc,cpu         ] GC(2193) User=0.38s Sys=0.00s Real=0.07s
 (rIR:aIR:PR = 10931:10827:10823) (tPR = 161765) [OK] 
  6370s: Performance info:
         Transaction,    Success,    Partial,     Failed,   Receipts, AvgBarcode, 
             Overall,     651133,          0,          0,     618268,      59.47, 
         Response times:
             Request,    Success,    Partial,     Failed,   SkipFail,     Probes,    Samples,      min,      p50,      p90,      p95,      p99,      max, 
       TotalPurchase,     619168,          0,          0,          0,     312937,     408736,      300,    16000,   286000,   515000,   890000,  1200000,
     InStorePurchase,     322589,          0,          0,          0,     164317,     214727,      300,    16100,   285000,   513000,   890000,  1200000,
      OnlinePurchase,     230735,          0,          0,          0,     115287,     150447,      300,    15800,   312000,   497000,   770000,  1100000,
        InstPurchase,      65844,          0,          0,          0,      33333,      43562,      300,    16200,   290700,   600000,   930000,  1100000,
          AssocOfCat,        649,          0,          0,          0,        489,        706,    25000,    68000,   340300,   489950,   769300,   870000,
      AssocOfProduct,       6495,          0,          0,          0,       3645,       4714,      500,    15600,   251000,   368500,   688500,   840000,
      BusinessReport,       1630,          0,          0,          0,       1314,       1804,    31000,    74000,   343000,   406000,   584000,  1200000,
          CustBuyBeh,       6641,          0,          0,          0,       3601,       4612,      300,    15000,   269000,   398000,   630000,   810000,
       ProductReturn,      17107,          0,          0,          0,       8570,      11202,      200,    14900,   288000,   536000,   930000,  1100000,

  6370s: (80%)   IR =  11070 .[6371.979s][info][gc,start       ] GC(2194) Pause Young (Allocation Failure)
[6372.075s][info][gc,heap        ] GC(2194) PSYoungGen: 2510596K(2565632K)->167968K(2571776K) Eden: 2355712K(2355712K)->0K(2355712K) From: 154884K(209920K)->167968K(216064K)
[6372.075s][info][gc,heap        ] GC(2194) ParOldGen: 1344276K(4570112K)->1443204K(4570112K)
[6372.075s][info][gc,metaspace   ] GC(2194) Metaspace: 29103K(29376K)->29103K(29376K) NonClass: 26001K(26112K)->26001K(26112K) Class: 3102K(3264K)->3102K(3264K)
[6372.075s][info][gc             ] GC(2194) Pause Young (Allocation Failure) 3764M->1573M(6974M) 96.315ms
[6372.075s][info][gc,cpu         ] GC(2194) User=0.57s Sys=0.00s Real=0.10s
.[6373.530s][info][gc,start       ] GC(2195) Pause Young (Allocation Failure)
[6373.624s][info][gc,heap        ] GC(2195) PSYoungGen: 2523680K(2571776K)->151091K(2575360K) Eden: 2355712K(2355712K)->0K(2368512K) From: 167968K(216064K)->151091K(206848K)
[6373.624s][info][gc,heap        ] GC(2195) ParOldGen: 1443204K(4570112K)->1551972K(4570112K)
[6373.624s][info][gc,metaspace   ] GC(2195) Metaspace: 29103K(29376K)->29103K(29376K) NonClass: 26001K(26112K)->26001K(26112K) Class: 3102K(3264K)->3102K(3264K)
[6373.624s][info][gc             ] GC(2195) Pause Young (Allocation Failure) 3873M->1663M(6978M) 93.676ms
[6373.624s][info][gc,cpu         ] GC(2195) User=0.56s Sys=0.00s Real=0.09s
..[6374.965s][info][gc,start       ] GC(2196) Pause Young (Allocation Failure)
[6375.061s][info][gc,heap        ] GC(2196) PSYoungGen: 2519603K(2575360K)->164692K(2578432K) Eden: 2368512K(2368512K)->0K(2368512K) From: 151091K(206848K)->164692K(209920K)
[6375.061s][info][gc,heap        ] GC(2196) ParOldGen: 1551972K(4570112K)->1655028K(4570112K)
[6375.061s][info][gc,metaspace   ] GC(2196) Metaspace: 29103K(29376K)->29103K(29376K) NonClass: 26001K(26112K)->26001K(26112K) Class: 3102K(3264K)->3102K(3264K)
[6375.061s][info][gc             ] GC(2196) Pause Young (Allocation Failure) 3976M->1777M(6981M) 95.983ms
[6375.061s][info][gc,cpu         ] GC(2196) User=0.57s Sys=0.00s Real=0.09s
.[6376.438s][info][gc,start       ] GC(2197) Pause Young (Allocation Failure)
[6376.531s][info][gc,heap        ] GC(2197) PSYoungGen: 2533204K(2578432K)->152334K(2583552K) Eden: 2368512K(2368512K)->0K(2379776K) From: 164692K(209920K)->152334K(203776K)
[6376.531s][info][gc,heap        ] GC(2197) ParOldGen: 1655028K(4570112K)->1756892K(4570112K)
[6376.531s][info][gc,metaspace   ] GC(2197) Metaspace: 29103K(29376K)->29103K(29376K) NonClass: 26001K(26112K)->26001K(26112K) Class: 3102K(3264K)->3102K(3264K)
[6376.531s][info][gc             ] GC(2197) Pause Young (Allocation Failure) 4090M->1864M(6986M) 92.425ms
[6376.531s][info][gc,cpu         ] GC(2197) User=0.54s Sys=0.00s Real=0.09s
..[6377.956s][info][gc,start       ] GC(2198) Pause Young (Allocation Failure)
[6378.051s][info][gc,heap        ] GC(2198) PSYoungGen: 2532110K(2583552K)->162464K(2584576K) Eden: 2379776K(2379776K)->0K(2379776K) From: 152334K(203776K)->162464K(204800K)
[6378.051s][info][gc,heap        ] GC(2198) ParOldGen: 1756892K(4570112K)->1857940K(4570112K)
[6378.051s][info][gc,metaspace   ] GC(2198) Metaspace: 29103K(29376K)->29103K(29376K) NonClass: 26001K(26112K)->26001K(26112K) Class: 3102K(3264K)->3102K(3264K)
[6378.051s][info][gc             ] GC(2198) Pause Young (Allocation Failure) 4188M->1973M(6987M) 95.140ms
[6378.051s][info][gc,cpu         ] GC(2198) User=0.56s Sys=0.00s Real=0.09s
.|[6379.516s][info][gc,start       ] GC(2199) Pause Young (Allocation Failure)
[6379.615s][info][gc,heap        ] GC(2199) PSYoungGen: 2542240K(2584576K)->162345K(2587648K) Eden: 2379776K(2379776K)->0K(2390016K) From: 162464K(204800K)->162345K(197632K)
[6379.615s][info][gc,heap        ] GC(2199) ParOldGen: 1857940K(4570112K)->1962180K(4570112K)
[6379.615s][info][gc,metaspace   ] GC(2199) Metaspace: 29103K(29376K)->29103K(29376K) NonClass: 26001K(26112K)->26001K(26112K) Class: 3102K(3264K)->3102K(3264K)
[6379.615s][info][gc             ] GC(2199) Pause Young (Allocation Failure) 4297M->2074M(6990M) 98.479ms
[6379.615s][info][gc,cpu         ] GC(2199) User=0.58s Sys=0.00s Real=0.10s
..[6380.974s][info][gc,start       ] GC(2200) Pause Young (Allocation Failure)
[6381.066s][info][gc,heap        ] GC(2200) PSYoungGen: 2552361K(2587648K)->153920K(2588160K) Eden: 2390016K(2390016K)->0K(2390016K) From: 162345K(197632K)->153920K(198144K)
[6381.066s][info][gc,heap        ] GC(2200) ParOldGen: 1962180K(4570112K)->2067556K(4570112K)
[6381.066s][info][gc,metaspace   ] GC(2200) Metaspace: 29103K(29376K)->29103K(29376K) NonClass: 26001K(26112K)->26001K(26112K) Class: 3102K(3264K)->3102K(3264K)
[6381.066s][info][gc             ] GC(2200) Pause Young (Allocation Failure) 4408M->2169M(6990M) 92.361ms
[6381.066s][info][gc,cpu         ] GC(2200) User=0.55s Sys=0.00s Real=0.10s
.[6382.568s][info][gc,start       ] GC(2201) Pause Young (Allocation Failure)
[6382.660s][info][gc,heap        ] GC(2201) PSYoungGen: 2543936K(2588160K)->157120K(2594816K) Eden: 2390016K(2390016K)->0K(2401280K) From: 153920K(198144K)->157120K(193536K)
[6382.660s][info][gc,heap        ] GC(2201) ParOldGen: 2067556K(4570112K)->2166588K(4570112K)
[6382.660s][info][gc,metaspace   ] GC(2201) Metaspace: 29103K(29376K)->29103K(29376K) NonClass: 26001K(26112K)->26001K(26112K) Class: 3102K(3264K)->3102K(3264K)
[6382.660s][info][gc             ] GC(2201) Pause Young (Allocation Failure) 4503M->2269M(6997M) 92.025ms
[6382.660s][info][gc,cpu         ] GC(2201) User=0.55s Sys=0.00s Real=0.09s
..[6384.098s][info][gc,start       ] GC(2202) Pause Young (Allocation Failure)
[6384.201s][info][gc,heap        ] GC(2202) PSYoungGen: 2558400K(2594816K)->171590K(2595840K) Eden: 2401280K(2401280K)->0K(2401280K) From: 157120K(193536K)->171590K(194560K)
[6384.201s][info][gc,heap        ] GC(2202) ParOldGen: 2166588K(4570112K)->2274132K(4570112K)
[6384.201s][info][gc,metaspace   ] GC(2202) Metaspace: 29103K(29376K)->29103K(29376K) NonClass: 26001K(26112K)->26001K(26112K) Class: 3102K(3264K)->3102K(3264K)
[6384.201s][info][gc             ] GC(2202) Pause Young (Allocation Failure) 4614M->2388M(6998M) 103.178ms
[6384.201s][info][gc,cpu         ] GC(2202) User=0.62s Sys=0.00s Real=0.10s
.[6385.523s][info][gc,start       ] GC(2203) Pause Young (Allocation Failure)
[6385.618s][info][gc,heap        ] GC(2203) PSYoungGen: 2572870K(2595840K)->156064K(2598400K) Eden: 2401280K(2401280K)->0K(2406912K) From: 171590K(194560K)->156064K(191488K)
[6385.618s][info][gc,heap        ] GC(2203) ParOldGen: 2274132K(4570112K)->2376180K(4570112K)
[6385.618s][info][gc,metaspace   ] GC(2203) Metaspace: 29103K(29376K)->29103K(29376K) NonClass: 26001K(26112K)->26001K(26112K) Class: 3102K(3264K)->3102K(3264K)
[6385.618s][info][gc             ] GC(2203) Pause Young (Allocation Failure) 4733M->2472M(7000M) 94.385ms
[6385.618s][info][gc,cpu         ] GC(2203) User=0.56s Sys=0.00s Real=0.10s
..[6387.078s][info][gc,start       ] GC(2204) Pause Young (Allocation Failure)
[6387.176s][info][gc,heap        ] GC(2204) PSYoungGen: 2562976K(2598400K)->169344K(2599936K) Eden: 2406912K(2406912K)->0K(2406912K) From: 156064K(191488K)->169344K(193024K)
[6387.176s][info][gc,heap        ] GC(2204) ParOldGen: 2376180K(4570112K)->2479140K(4570112K)
[6387.176s][info][gc,metaspace   ] GC(2204) Metaspace: 29103K(29376K)->29103K(29376K) NonClass: 26001K(26112K)->26001K(26112K) Class: 3102K(3264K)->3102K(3264K)
[6387.176s][info][gc             ] GC(2204) Pause Young (Allocation Failure) 4823M->2586M(7002M) 98.705ms
[6387.176s][info][gc,cpu         ] GC(2204) User=0.58s Sys=0.00s Real=0.10s
.[6388.534s][info][gc,start       ] GC(2205) Pause Young (Allocation Failure)
[6388.633s][info][gc,heap        ] GC(2205) PSYoungGen: 2576256K(2599936K)->159582K(2598400K) Eden: 2406912K(2406912K)->0K(2411008K) From: 169344K(193024K)->159582K(187392K)
[6388.633s][info][gc,heap        ] GC(2205) ParOldGen: 2479140K(4570112K)->2583924K(4570112K)
[6388.633s][info][gc,metaspace   ] GC(2205) Metaspace: 29103K(29376K)->29103K(29376K) NonClass: 26001K(26112K)->26001K(26112K) Class: 3102K(3264K)->3102K(3264K)
[6388.633s][info][gc             ] GC(2205) Pause Young (Allocation Failure) 4936M->2679M(7000M) 99.005ms
[6388.633s][info][gc,cpu         ] GC(2205) User=0.58s Sys=0.00s Real=0.10s
..[6389.983s][info][gc,start       ] GC(2206) Pause Young (Allocation Failure)
[6390.079s][info][gc,heap        ] GC(2206) PSYoungGen: 2570590K(2598400K)->166592K(2600960K) Eden: 2411008K(2411008K)->0K(2411008K) From: 159582K(187392K)->166592K(189952K)
[6390.079s][info][gc,heap        ] GC(2206) ParOldGen: 2583924K(4570112K)->2683924K(4570112K)
[6390.079s][info][gc,metaspace   ] GC(2206) Metaspace: 29103K(29376K)->29103K(29376K) NonClass: 26001K(26112K)->26001K(26112K) Class: 3102K(3264K)->3102K(3264K)
[6390.079s][info][gc             ] GC(2206) Pause Young (Allocation Failure) 5033M->2783M(7003M) 96.069ms
[6390.079s][info][gc,cpu         ] GC(2206) User=0.57s Sys=0.00s Real=0.10s
.[6391.579s][info][gc,start       ] GC(2207) Pause Young (Allocation Failure)
[6391.678s][info][gc,heap        ] GC(2207) PSYoungGen: 2577600K(2600960K)->162327K(2600960K) Eden: 2411008K(2411008K)->0K(2417664K) From: 166592K(189952K)->162327K(183296K)
[6391.678s][info][gc,heap        ] GC(2207) ParOldGen: 2683924K(4570112K)->2789356K(4570112K)
[6391.678s][info][gc,metaspace   ] GC(2207) Metaspace: 29103K(29376K)->29103K(29376K) NonClass: 26001K(26112K)->26001K(26112K) Class: 3102K(3264K)->3102K(3264K)
[6391.678s][info][gc             ] GC(2207) Pause Young (Allocation Failure) 5138M->2882M(7003M) 98.280ms
[6391.678s][info][gc,cpu         ] GC(2207) User=0.58s Sys=0.00s Real=0.10s
..[6393.083s][info][gc,start       ] GC(2208) Pause Young (Allocation Failure)
[6393.187s][info][gc,heap        ] GC(2208) PSYoungGen: 2579991K(2600960K)->181680K(2604032K) Eden: 2417664K(2417664K)->0K(2417664K) From: 162327K(183296K)->181680K(186368K)
[6393.187s][info][gc,heap        ] GC(2208) ParOldGen: 2789356K(4570112K)->2893012K(4570112K)
[6393.187s][info][gc,metaspace   ] GC(2208) Metaspace: 29103K(29376K)->29103K(29376K) NonClass: 26001K(26112K)->26001K(26112K) Class: 3102K(3264K)->3102K(3264K)
[6393.187s][info][gc             ] GC(2208) Pause Young (Allocation Failure) 5243M->3002M(7006M) 104.063ms
[6393.188s][info][gc,cpu         ] GC(2208) User=0.61s Sys=0.01s Real=0.11s
.[6394.544s][info][gc,start       ] GC(2209) Pause Young (Allocation Failure)
[6394.645s][info][gc,heap        ] GC(2209) PSYoungGen: 2599344K(2604032K)->171813K(2605056K) Eden: 2417664K(2417664K)->0K(2414080K) From: 181680K(186368K)->171813K(190976K)
[6394.645s][info][gc,heap        ] GC(2209) ParOldGen: 2893012K(4570112K)->2998716K(4570112K)
[6394.645s][info][gc,metaspace   ] GC(2209) Metaspace: 29103K(29376K)->29103K(29376K) NonClass: 26001K(26112K)->26001K(26112K) Class: 3102K(3264K)->3102K(3264K)
[6394.646s][info][gc             ] GC(2209) Pause Young (Allocation Failure) 5363M->3096M(7007M) 101.462ms
[6394.646s][info][gc,cpu         ] GC(2209) User=0.61s Sys=0.00s Real=0.11s
..[6396.085s][info][gc,start       ] GC(2210) Pause Young (Allocation Failure)
[6396.189s][info][gc,heap        ] GC(2210) PSYoungGen: 2585893K(2605056K)->182720K(2596864K) Eden: 2414080K(2414080K)->0K(2414080K) From: 171813K(190976K)->182720K(182784K)
[6396.190s][info][gc,heap        ] GC(2210) ParOldGen: 2998716K(4570112K)->3101100K(4570112K)
[6396.190s][info][gc,metaspace   ] GC(2210) Metaspace: 29103K(29376K)->29103K(29376K) NonClass: 26001K(26112K)->26001K(26112K) Class: 3102K(3264K)->3102K(3264K)
[6396.190s][info][gc             ] GC(2210) Pause Young (Allocation Failure) 5453M->3206M(6999M) 104.562ms
[6396.190s][info][gc,cpu         ] GC(2210) User=0.62s Sys=0.00s Real=0.10s
.[6397.582s][info][gc,start       ] GC(2211) Pause Young (Allocation Failure)
[6397.680s][info][gc,heap        ] GC(2211) PSYoungGen: 2596800K(2596864K)->159252K(2603008K) Eden: 2414080K(2414080K)->0K(2408448K) From: 182720K(182784K)->159252K(194560K)
[6397.680s][info][gc,heap        ] GC(2211) ParOldGen: 3101100K(4570112K)->3206116K(4570112K)
[6397.680s][info][gc,metaspace   ] GC(2211) Metaspace: 29103K(29376K)->29103K(29376K) NonClass: 26001K(26112K)->26001K(26112K) Class: 3102K(3264K)->3102K(3264K)
[6397.680s][info][gc             ] GC(2211) Pause Young (Allocation Failure) 5564M->3286M(7005M) 97.975ms
[6397.680s][info][gc,cpu         ] GC(2211) User=0.58s Sys=0.00s Real=0.10s
..[6399.086s][info][gc,start       ] GC(2212) Pause Young (Allocation Failure)
[6399.181s][info][gc,heap        ] GC(2212) PSYoungGen: 2567700K(2603008K)->157984K(2566656K) Eden: 2408448K(2408448K)->0K(2408448K) From: 159252K(194560K)->157984K(158208K)
[6399.181s][info][gc,heap        ] GC(2212) ParOldGen: 3206116K(4570112K)->3311636K(4570112K)
[6399.181s][info][gc,metaspace   ] GC(2212) Metaspace: 29103K(29376K)->29103K(29376K) NonClass: 26001K(26112K)->26001K(26112K) Class: 3102K(3264K)->3102K(3264K)
[6399.181s][info][gc             ] GC(2212) Pause Young (Allocation Failure) 5638M->3388M(6969M) 95.140ms
[6399.182s][info][gc,cpu         ] GC(2212) User=0.56s Sys=0.00s Real=0.09s
.[6400.608s][info][gc,start       ] GC(2213) Pause Young (Allocation Failure)
[6400.705s][info][gc,heap        ] GC(2213) PSYoungGen: 2566432K(2566656K)->161376K(2601984K) Eden: 2408448K(2408448K)->0K(2409984K) From: 157984K(158208K)->161376K(192000K)
[6400.705s][info][gc,heap        ] GC(2213) ParOldGen: 3311636K(4570112K)->3414812K(4570112K)
[6400.705s][info][gc,metaspace   ] GC(2213) Metaspace: 29103K(29376K)->29103K(29376K) NonClass: 26001K(26112K)->26001K(26112K) Class: 3102K(3264K)->3102K(3264K)
[6400.705s][info][gc             ] GC(2213) Pause Young (Allocation Failure) 5740M->3492M(7004M) 97.023ms
[6400.705s][info][gc,cpu         ] GC(2213) User=0.57s Sys=0.01s Real=0.10s
..[6402.068s][info][gc,start       ] GC(2214) Pause Young (Allocation Failure)
[6402.163s][info][gc,heap        ] GC(2214) PSYoungGen: 2571360K(2601984K)->159872K(2600448K) Eden: 2409984K(2409984K)->0K(2409984K) From: 161376K(192000K)->159872K(190464K)
[6402.163s][info][gc,heap        ] GC(2214) ParOldGen: 3414812K(4570112K)->3518612K(4570112K)
[6402.163s][info][gc,metaspace   ] GC(2214) Metaspace: 29103K(29376K)->29103K(29376K) NonClass: 26001K(26112K)->26001K(26112K) Class: 3102K(3264K)->3102K(3264K)
[6402.163s][info][gc             ] GC(2214) Pause Young (Allocation Failure) 5845M->3592M(7002M) 95.622ms
[6402.163s][info][gc,cpu         ] GC(2214) User=0.56s Sys=0.00s Real=0.09s
.[6403.587s][info][gc,start       ] GC(2215) Pause Young (Allocation Failure)
[6403.686s][info][gc,heap        ] GC(2215) PSYoungGen: 2569856K(2600448K)->164692K(2603008K) Eden: 2409984K(2409984K)->0K(2416128K) From: 159872K(190464K)->164692K(186880K)
[6403.686s][info][gc,heap        ] GC(2215) ParOldGen: 3518612K(4570112K)->3621684K(4570112K)
[6403.686s][info][gc,metaspace   ] GC(2215) Metaspace: 29103K(29376K)->29103K(29376K) NonClass: 26001K(26112K)->26001K(26112K) Class: 3102K(3264K)->3102K(3264K)
[6403.686s][info][gc             ] GC(2215) Pause Young (Allocation Failure) 5945M->3697M(7005M) 98.705ms
[6403.686s][info][gc,cpu         ] GC(2215) User=0.59s Sys=0.00s Real=0.10s
..[6405.049s][info][gc,start       ] GC(2216) Pause Young (Allocation Failure)
[6405.149s][info][gc,heap        ] GC(2216) PSYoungGen: 2580820K(2603008K)->168320K(2602496K) Eden: 2416128K(2416128K)->0K(2416128K) From: 164692K(186880K)->168320K(186368K)
[6405.149s][info][gc,heap        ] GC(2216) ParOldGen: 3621684K(4570112K)->3727412K(4570112K)
[6405.149s][info][gc,metaspace   ] GC(2216) Metaspace: 29103K(29376K)->29103K(29376K) NonClass: 26001K(26112K)->26001K(26112K) Class: 3102K(3264K)->3102K(3264K)
[6405.149s][info][gc             ] GC(2216) Pause Young (Allocation Failure) 6057M->3804M(7004M) 100.175ms
[6405.149s][info][gc,cpu         ] GC(2216) User=0.59s Sys=0.00s Real=0.10s
.[6406.527s][info][gc,start       ] GC(2217) Pause Young (Allocation Failure)
[6406.629s][info][gc,heap        ] GC(2217) PSYoungGen: 2584448K(2602496K)->168843K(2608640K) Eden: 2416128K(2416128K)->0K(2423808K) From: 168320K(186368K)->168843K(184832K)
[6406.629s][info][gc,heap        ] GC(2217) ParOldGen: 3727412K(4570112K)->3833748K(4570112K)
[6406.629s][info][gc,metaspace   ] GC(2217) Metaspace: 29103K(29376K)->29103K(29376K) NonClass: 26001K(26112K)->26001K(26112K) Class: 3102K(3264K)->3102K(3264K)
[6406.629s][info][gc             ] GC(2217) Pause Young (Allocation Failure) 6163M->3908M(7010M) 101.974ms
[6406.629s][info][gc,cpu         ] GC(2217) User=0.60s Sys=0.00s Real=0.10s
.[6408.053s][info][gc,start       ] GC(2218) Pause Young (Allocation Failure)
[6408.149s][info][gc,heap        ] GC(2218) PSYoungGen: 2592651K(2608640K)->161536K(2608640K) Eden: 2423808K(2423808K)->0K(2423808K) From: 168843K(184832K)->161536K(184832K)
[6408.149s][info][gc,heap        ] GC(2218) ParOldGen: 3833748K(4570112K)->3936676K(4570112K)
[6408.149s][info][gc,metaspace   ] GC(2218) Metaspace: 29103K(29376K)->29103K(29376K) NonClass: 26001K(26112K)->26001K(26112K) Class: 3102K(3264K)->3102K(3264K)
[6408.149s][info][gc             ] GC(2218) Pause Young (Allocation Failure) 6275M->4002M(7010M) 96.178ms
[6408.149s][info][gc,cpu         ] GC(2218) User=0.57s Sys=0.00s Real=0.10s
..[6409.605s][info][gc,start       ] GC(2219) Pause Young (Allocation Failure)
[6409.708s][info][gc,heap        ] GC(2219) PSYoungGen: 2585344K(2608640K)->167940K(2610176K) Eden: 2423808K(2423808K)->0K(2427392K) From: 161536K(184832K)->167940K(182784K)
[6409.708s][info][gc,heap        ] GC(2219) ParOldGen: 3936676K(4570112K)->4042012K(4570112K)
[6409.708s][info][gc,metaspace   ] GC(2219) Metaspace: 29103K(29376K)->29103K(29376K) NonClass: 26001K(26112K)->26001K(26112K) Class: 3102K(3264K)->3102K(3264K)
[6409.708s][info][gc             ] GC(2219) Pause Young (Allocation Failure) 6369M->4111M(7012M) 103.097ms
[6409.708s][info][gc,cpu         ] GC(2219) User=0.61s Sys=0.00s Real=0.10s
.[6411.180s][info][gc,start       ] GC(2220) Pause Young (Allocation Failure)
[6411.279s][info][gc,heap        ] GC(2220) PSYoungGen: 2595332K(2610176K)->165876K(2610176K) Eden: 2427392K(2427392K)->0K(2427392K) From: 167940K(182784K)->165876K(182784K)
[6411.279s][info][gc,heap        ] GC(2220) ParOldGen: 4042012K(4570112K)->4142412K(4570112K)
[6411.279s][info][gc,metaspace   ] GC(2220) Metaspace: 29103K(29376K)->29103K(29376K) NonClass: 26001K(26112K)->26001K(26112K) Class: 3102K(3264K)->3102K(3264K)
[6411.279s][info][gc             ] GC(2220) Pause Young (Allocation Failure) 6481M->4207M(7012M) 99.272ms
[6411.279s][info][gc,cpu         ] GC(2220) User=0.58s Sys=0.00s Real=0.10s
..[6412.626s][info][gc,start       ] GC(2221) Pause Young (Allocation Failure)
[6412.731s][info][gc,heap        ] GC(2221) PSYoungGen: 2593268K(2610176K)->170638K(2611200K) Eden: 2427392K(2427392K)->0K(2429952K) From: 165876K(182784K)->170638K(181248K)
[6412.731s][info][gc,heap        ] GC(2221) ParOldGen: 4142412K(4570112K)->4250828K(4570112K)
[6412.731s][info][gc,metaspace   ] GC(2221) Metaspace: 29103K(29376K)->29103K(29376K) NonClass: 26001K(26112K)->26001K(26112K) Class: 3102K(3264K)->3102K(3264K)
[6412.731s][info][gc             ] GC(2221) Pause Young (Allocation Failure) 6577M->4317M(7013M) 104.585ms
[6412.731s][info][gc,cpu         ] GC(2221) User=0.62s Sys=0.01s Real=0.10s
.[6414.137s][info][gc,start       ] GC(2222) Pause Young (Allocation Failure)
[6414.239s][info][gc,heap        ] GC(2222) PSYoungGen: 2600590K(2611200K)->170228K(2611712K) Eden: 2429952K(2429952K)->0K(2429952K) From: 170638K(181248K)->170228K(181760K)
[6414.239s][info][gc,heap        ] GC(2222) ParOldGen: 4250828K(4570112K)->4353500K(4570112K)
[6414.239s][info][gc,metaspace   ] GC(2222) Metaspace: 29103K(29376K)->29103K(29376K) NonClass: 26001K(26112K)->26001K(26112K) Class: 3102K(3264K)->3102K(3264K)
[6414.239s][info][gc             ] GC(2222) Pause Young (Allocation Failure) 6690M->4417M(7013M) 101.534ms
[6414.239s][info][gc,cpu         ] GC(2222) User=0.60s Sys=0.00s Real=0.10s
..[6415.663s][info][gc,start       ] GC(2223) Pause Young (Allocation Failure)
[6415.765s][info][gc,heap        ] GC(2223) PSYoungGen: 2600180K(2611712K)->169141K(2613248K) Eden: 2429952K(2429952K)->0K(2432512K) From: 170228K(181760K)->169141K(180736K)
[6415.765s][info][gc,heap        ] GC(2223) ParOldGen: 4353500K(4570112K)->4455852K(4570112K)
[6415.765s][info][gc,metaspace   ] GC(2223) Metaspace: 29103K(29376K)->29103K(29376K) NonClass: 26001K(26112K)->26001K(26112K) Class: 3102K(3264K)->3102K(3264K)
[6415.765s][info][gc             ] GC(2223) Pause Young (Allocation Failure) 6790M->4516M(7015M) 102.268ms
[6415.765s][info][gc,cpu         ] GC(2223) User=0.60s Sys=0.00s Real=0.11s
.[6417.209s][info][gc,start       ] GC(2224) Pause Young (Allocation Failure)
[6417.303s][info][gc,heap        ] GC(2224) PSYoungGen: 2601653K(2613248K)->149920K(2582528K) Eden: 2432512K(2432512K)->0K(2432512K) From: 169141K(180736K)->149920K(150016K)
[6417.303s][info][gc,heap        ] GC(2224) ParOldGen: 4455852K(4570112K)->4560732K(4570112K)
[6417.303s][info][gc,metaspace   ] GC(2224) Metaspace: 29103K(29376K)->29103K(29376K) NonClass: 26001K(26112K)->26001K(26112K) Class: 3102K(3264K)->3102K(3264K)
[6417.303s][info][gc             ] GC(2224) Pause Young (Allocation Failure) 6892M->4600M(6985M) 93.644ms
[6417.303s][info][gc,cpu         ] GC(2224) User=0.54s Sys=0.00s Real=0.09s
..[6418.735s][info][gc,start       ] GC(2225) Pause Young (Allocation Failure)
[6418.836s][info][gc,heap        ] GC(2225) PSYoungGen: 2582432K(2582528K)->159603K(2614272K) Eden: 2432512K(2432512K)->0K(2431488K) From: 149920K(150016K)->159603K(182784K)
[6418.836s][info][gc,heap        ] GC(2225) ParOldGen: 4560732K(4570112K)->4665660K(4665856K)
[6418.836s][info][gc,metaspace   ] GC(2225) Metaspace: 29103K(29376K)->29103K(29376K) NonClass: 26001K(26112K)->26001K(26112K) Class: 3102K(3264K)->3102K(3264K)
[6418.836s][info][gc             ] GC(2225) Pause Young (Allocation Failure) 6975M->4712M(7109M) 101.148ms
[6418.836s][info][gc,cpu         ] GC(2225) User=0.57s Sys=0.03s Real=0.10s
.[6420.279s][info][gc,start       ] GC(2226) Pause Young (Allocation Failure)
[6420.377s][info][gc,heap        ] GC(2226) PSYoungGen: 2591091K(2614272K)->146929K(2578432K) Eden: 2431488K(2431488K)->0K(2431488K) From: 159603K(182784K)->146929K(146944K)
[6420.377s][info][gc,heap        ] GC(2226) ParOldGen: 4665660K(4665856K)->4770396K(4770816K)
[6420.377s][info][gc,metaspace   ] GC(2226) Metaspace: 29103K(29376K)->29103K(29376K) NonClass: 26001K(26112K)->26001K(26112K) Class: 3102K(3264K)->3102K(3264K)
[6420.377s][info][gc             ] GC(2226) Pause Young (Allocation Failure) 7086M->4802M(7177M) 98.330ms
[6420.377s][info][gc,cpu         ] GC(2226) User=0.54s Sys=0.03s Real=0.10s
..[6421.856s][info][gc,start       ] GC(2227) Pause Young (Allocation Failure)
[6421.958s][info][gc,heap        ] GC(2227) PSYoungGen: 2578417K(2578432K)->160932K(2614784K) Eden: 2431488K(2431488K)->0K(2431488K) From: 146929K(146944K)->160932K(183296K)
[6421.958s][info][gc,heap        ] GC(2227) ParOldGen: 4770396K(4770816K)->4873852K(4874240K)
[6421.958s][info][gc,metaspace   ] GC(2227) Metaspace: 29103K(29376K)->29103K(29376K) NonClass: 26001K(26112K)->26001K(26112K) Class: 3102K(3264K)->3102K(3264K)
[6421.958s][info][gc             ] GC(2227) Pause Young (Allocation Failure) 7176M->4916M(7313M) 101.517ms
[6421.958s][info][gc,cpu         ] GC(2227) User=0.57s Sys=0.03s Real=0.10s
..[6423.396s][info][gc,start       ] GC(2228) Pause Young (Allocation Failure)
[6423.495s][info][gc,heap        ] GC(2228) PSYoungGen: 2592420K(2614784K)->157584K(2589184K) Eden: 2431488K(2431488K)->0K(2431488K) From: 160932K(183296K)->157584K(157696K)
[6423.495s][info][gc,heap        ] GC(2228) ParOldGen: 4873852K(4874240K)->4975380K(4975616K)
[6423.495s][info][gc,metaspace   ] GC(2228) Metaspace: 29103K(29376K)->29103K(29376K) NonClass: 26001K(26112K)->26001K(26112K) Class: 3102K(3264K)->3102K(3264K)
[6423.495s][info][gc             ] GC(2228) Pause Young (Allocation Failure) 7291M->5012M(7387M) 99.286ms
[6423.495s][info][gc,cpu         ] GC(2228) User=0.55s Sys=0.03s Real=0.10s
.[6424.963s][info][gc,start       ] GC(2229) Pause Young (Allocation Failure)
[6425.066s][info][gc,heap        ] GC(2229) PSYoungGen: 2589072K(2589184K)->161376K(2613248K) Eden: 2431488K(2431488K)->0K(2433024K) From: 157584K(157696K)->161376K(180224K)
[6425.066s][info][gc,heap        ] GC(2229) ParOldGen: 4975380K(4975616K)->5081692K(5082112K)
[6425.066s][info][gc,metaspace   ] GC(2229) Metaspace: 29103K(29376K)->29103K(29376K) NonClass: 26001K(26112K)->26001K(26112K) Class: 3102K(3264K)->3102K(3264K)
[6425.066s][info][gc             ] GC(2229) Pause Young (Allocation Failure) 7387M->5120M(7515M) 103.897ms
[6425.067s][info][gc,cpu         ] GC(2229) User=0.58s Sys=0.04s Real=0.11s
..[6426.565s][info][gc,start       ] GC(2230) Pause Young (Allocation Failure)
[6426.664s][info][gc,heap        ] GC(2230) PSYoungGen: 2594400K(2613248K)->153504K(2611712K) Eden: 2433024K(2433024K)->0K(2433024K) From: 161376K(180224K)->153504K(178688K)
[6426.664s][info][gc,heap        ] GC(2230) ParOldGen: 5081692K(5082112K)->5183140K(5183488K)
[6426.664s][info][gc,metaspace   ] GC(2230) Metaspace: 29103K(29376K)->29103K(29376K) NonClass: 26001K(26112K)->26001K(26112K) Class: 3102K(3264K)->3102K(3264K)
[6426.664s][info][gc             ] GC(2230) Pause Young (Allocation Failure) 7496M->5211M(7612M) 98.428ms
[6426.664s][info][gc,cpu         ] GC(2230) User=0.54s Sys=0.03s Real=0.09s
.[6428.086s][info][gc,start       ] GC(2231) Pause Young (Allocation Failure)
[6428.194s][info][gc,heap        ] GC(2231) PSYoungGen: 2586528K(2611712K)->170789K(2614272K) Eden: 2433024K(2433024K)->0K(2435584K) From: 153504K(178688K)->170789K(178688K)
[6428.194s][info][gc,heap        ] GC(2231) ParOldGen: 5183140K(5183488K)->5289100K(5289472K)
[6428.194s][info][gc,metaspace   ] GC(2231) Metaspace: 29103K(29376K)->29103K(29376K) NonClass: 26001K(26112K)->26001K(26112K) Class: 3102K(3264K)->3102K(3264K)
[6428.194s][info][gc             ] GC(2231) Pause Young (Allocation Failure) 7587M->5331M(7718M) 108.587ms
[6428.194s][info][gc,cpu         ] GC(2231) User=0.60s Sys=0.04s Real=0.10s
..[6429.713s][info][gc,start       ] GC(2232) Pause Young (Allocation Failure)
[6429.813s][info][gc,heap        ] GC(2232) PSYoungGen: 2606373K(2614272K)->158016K(2615808K) Eden: 2435584K(2435584K)->0K(2435584K) From: 170789K(178688K)->158016K(180224K)
[6429.813s][info][gc,heap        ] GC(2232) ParOldGen: 5289100K(5289472K)->5391540K(5391872K)
[6429.813s][info][gc,metaspace   ] GC(2232) Metaspace: 29103K(29376K)->29103K(29376K) NonClass: 26001K(26112K)->26001K(26112K) Class: 3102K(3264K)->3102K(3264K)
[6429.813s][info][gc             ] GC(2232) Pause Young (Allocation Failure) 7710M->5419M(7820M) 100.236ms
[6429.813s][info][gc,cpu         ] GC(2232) User=0.56s Sys=0.04s Real=0.10s
.[6431.252s][info][gc,start       ] GC(2233) Pause Young (Allocation Failure)
[6431.353s][info][gc,heap        ] GC(2233) PSYoungGen: 2593600K(2615808K)->154473K(2614272K) Eden: 2435584K(2435584K)->0K(2436608K) From: 158016K(180224K)->154473K(177664K)
[6431.353s][info][gc,heap        ] GC(2233) ParOldGen: 5391540K(5391872K)->5495132K(5495296K)
[6431.353s][info][gc,metaspace   ] GC(2233) Metaspace: 29103K(29376K)->29103K(29376K) NonClass: 26001K(26112K)->26001K(26112K) Class: 3102K(3264K)->3102K(3264K)
[6431.353s][info][gc             ] GC(2233) Pause Young (Allocation Failure) 7797M->5517M(7919M) 101.373ms
[6431.353s][info][gc,cpu         ] GC(2233) User=0.57s Sys=0.03s Real=0.10s
..[6432.772s][info][gc,start       ] GC(2234) Pause Full (Allocation Failure)
[6432.772s][info][gc,phases,start] GC(2234) Marking Phase
[6433.095s][info][gc,phases      ] GC(2234) Marking Phase 322.848ms
[6433.095s][info][gc,phases,start] GC(2234) Summary Phase
[6433.095s][info][gc,phases      ] GC(2234) Summary Phase 0.099ms
[6433.095s][info][gc,phases,start] GC(2234) Forward
[6433.220s][info][gc,phases      ] GC(2234) Forward 124.577ms
[6433.220s][info][gc,phases,start] GC(2234) Adjust Pointers
[6433.439s][info][gc,phases      ] GC(2234) Adjust Pointers 219.227ms
[6433.439s][info][gc,phases,start] GC(2234) Compaction Phase
[6433.592s][info][gc,phases      ] GC(2234) Compaction Phase 152.872ms
[6433.594s][info][gc,phases,start] GC(2234) Post Compact
[6433.601s][info][gc,phases      ] GC(2234) Post Compact 6.844ms
[6433.725s][info][gc,heap        ] GC(2234) PSYoungGen: 2591081K(2614272K)->0K(2615296K) Eden: 2436608K(2436608K)->0K(2436608K) From: 154473K(177664K)->0K(178688K)
[6433.725s][info][gc,heap        ] GC(2234) ParOldGen: 5495132K(5495296K)->1635971K(2125312K)
[6433.725s][info][gc,metaspace   ] GC(2234) Metaspace: 29103K(29376K)->29103K(29376K) NonClass: 26001K(26112K)->26001K(26112K) Class: 3102K(3264K)->3102K(3264K)
[6433.725s][info][gc             ] GC(2234) Pause Full (Allocation Failure) 7896M->1597M(4629M) 953.041ms
[6433.725s][info][gc,cpu         ] GC(2234) User=4.54s Sys=0.13s Real=0.96s
.[6435.089s][info][gc,start       ] GC(2235) Pause Young (Allocation Failure)
[6435.154s][info][gc,heap        ] GC(2235) PSYoungGen: 2436608K(2615296K)->156736K(2615296K) Eden: 2436608K(2436608K)->0K(2438656K) From: 0K(178688K)->156736K(176640K)
[6435.154s][info][gc,heap        ] GC(2235) ParOldGen: 1635971K(2125312K)->1635971K(2125312K)
[6435.154s][info][gc,metaspace   ] GC(2235) Metaspace: 29103K(29376K)->29103K(29376K) NonClass: 26001K(26112K)->26001K(26112K) Class: 3102K(3264K)->3102K(3264K)
[6435.154s][info][gc             ] GC(2235) Pause Young (Allocation Failure) 3977M->1750M(4629M) 64.883ms
[6435.154s][info][gc,cpu         ] GC(2235) User=0.39s Sys=0.00s Real=0.06s
..[6436.441s][info][gc,start       ] GC(2236) Pause Young (Allocation Failure)
[6436.534s][info][gc,heap        ] GC(2236) PSYoungGen: 2595392K(2615296K)->153792K(2616320K) Eden: 2438656K(2438656K)->0K(2438656K) From: 156736K(176640K)->153792K(177664K)
[6436.534s][info][gc,heap        ] GC(2236) ParOldGen: 1635971K(2125312K)->1737779K(2125312K)
[6436.534s][info][gc,metaspace   ] GC(2236) Metaspace: 29103K(29376K)->29103K(29376K) NonClass: 26001K(26112K)->26001K(26112K) Class: 3102K(3264K)->3102K(3264K)
[6436.534s][info][gc             ] GC(2236) Pause Young (Allocation Failure) 4132M->1847M(4630M) 92.598ms
[6436.534s][info][gc,cpu         ] GC(2236) User=0.55s Sys=0.00s Real=0.09s
.[6437.802s][info][gc,start       ] GC(2237) Pause Young (Allocation Failure)
[6437.899s][info][gc,heap        ] GC(2237) PSYoungGen: 2592448K(2616320K)->163341K(2616832K) Eden: 2438656K(2438656K)->0K(2441216K) From: 153792K(177664K)->163341K(175616K)
[6437.899s][info][gc,heap        ] GC(2237) ParOldGen: 1737779K(2125312K)->1842987K(2125312K)
[6437.899s][info][gc,metaspace   ] GC(2237) Metaspace: 29103K(29376K)->29103K(29376K) NonClass: 26001K(26112K)->26001K(26112K) Class: 3102K(3264K)->3102K(3264K)
[6437.899s][info][gc             ] GC(2237) Pause Young (Allocation Failure) 4228M->1959M(4631M) 97.363ms
[6437.899s][info][gc,cpu         ] GC(2237) User=0.57s Sys=0.00s Real=0.10s
.[6439.225s][info][gc,start       ] GC(2238) Pause Young (Allocation Failure)
[6439.328s][info][gc,heap        ] GC(2238) PSYoungGen: 2604557K(2616832K)->176628K(2617856K) Eden: 2441216K(2441216K)->0K(2441216K) From: 163341K(175616K)->176628K(176640K)
[6439.328s][info][gc,heap        ] GC(2238) ParOldGen: 1842987K(2125312K)->1949995K(2125312K)
[6439.328s][info][gc,metaspace   ] GC(2238) Metaspace: 29103K(29376K)->29103K(29376K) NonClass: 26001K(26112K)->26001K(26112K) Class: 3102K(3264K)->3102K(3264K)
[6439.328s][info][gc             ] GC(2238) Pause Young (Allocation Failure) 4343M->2076M(4632M) 103.433ms
[6439.329s][info][gc,cpu         ] GC(2238) User=0.61s Sys=0.00s Real=0.10s
. (rIR:aIR:PR = 11070:11048:11049) (tPR = 164525) [OK] 
  6439s: Performance info:
         Transaction,    Success,    Partial,     Failed,   Receipts, AvgBarcode, 
             Overall,     670406,          0,          0,     637127,      59.48, 
         Response times:
             Request,    Success,    Partial,     Failed,   SkipFail,     Probes,    Samples,      min,      p50,      p90,      p95,      p99,      max, 
       TotalPurchase,     637079,          0,          0,          0,     330415,     412508,      300,    14500,   148000,   452000,   710000,  1500000,
     InStorePurchase,     334025,          0,          0,          0,     172647,     216173,      300,    14600,   148000,   452000,   710000,  1500000,
      OnlinePurchase,     235819,          0,          0,          0,     122310,     152532,      300,    14500,   148000,   440000,   710000,  1500000,
        InstPurchase,      67235,          0,          0,          0,      35458,      43803,      300,    14100,   147000,   477000,   760000,  1100000,
          AssocOfCat,        666,          0,          0,          0,        530,        727,    26000,    61000,   189200,   469000,   800000,  1100000,
      AssocOfProduct,       6732,          0,          0,          0,       3735,       4789,      500,    13000,   137000,   542000,   970000,  1300000,
      BusinessReport,       1670,          0,          0,          0,       1407,       1835,    34000,    77000,   265000,   586200,  1100000,  1300000,
          CustBuyBeh,       6653,          0,          0,          0,       3655,       4714,      300,    14800,   166000,   521000,   910000,  1200000,
       ProductReturn,      17551,          0,          0,          0,       9470,      11695,      200,    16500,   155800,   390000,   900000,  1100000,

  6439s: (81%)   IR =  11208 .[6440.715s][info][gc,start       ] GC(2239) Pause Young (Allocation Failure)
[6440.808s][info][gc,heap        ] GC(2239) PSYoungGen: 2617844K(2617856K)->151808K(2534912K) Eden: 2441216K(2441216K)->0K(2356736K) From: 176628K(176640K)->151808K(178176K)
[6440.808s][info][gc,heap        ] GC(2239) ParOldGen: 1949995K(2125312K)->2056675K(2125312K)
[6440.808s][info][gc,metaspace   ] GC(2239) Metaspace: 29103K(29376K)->29103K(29376K) NonClass: 26001K(26112K)->26001K(26112K) Class: 3102K(3264K)->3102K(3264K)
[6440.808s][info][gc             ] GC(2239) Pause Young (Allocation Failure) 4460M->2156M(4551M) 93.369ms
[6440.808s][info][gc,cpu         ] GC(2239) User=0.56s Sys=0.00s Real=0.09s
.[6442.249s][info][gc,start       ] GC(2240) Pause Young (Allocation Failure)
[6442.349s][info][gc,heap        ] GC(2240) PSYoungGen: 2508544K(2534912K)->158652K(2576384K) Eden: 2356736K(2356736K)->0K(2356736K) From: 151808K(178176K)->158652K(219648K)
[6442.349s][info][gc,heap        ] GC(2240) ParOldGen: 2056675K(2125312K)->2159411K(2159616K)
[6442.349s][info][gc,metaspace   ] GC(2240) Metaspace: 29103K(29376K)->29103K(29376K) NonClass: 26001K(26112K)->26001K(26112K) Class: 3102K(3264K)->3102K(3264K)
[6442.349s][info][gc             ] GC(2240) Pause Young (Allocation Failure) 4458M->2263M(4625M) 99.104ms
[6442.349s][info][gc,cpu         ] GC(2240) User=0.57s Sys=0.01s Real=0.10s
..[6443.734s][info][gc,start       ] GC(2241) Pause Young (Allocation Failure)
[6443.830s][info][gc,heap        ] GC(2241) PSYoungGen: 2515388K(2576384K)->152597K(2569216K) Eden: 2356736K(2356736K)->0K(2359808K) From: 158652K(219648K)->152597K(209408K)
[6443.830s][info][gc,heap        ] GC(2241) ParOldGen: 2159411K(2159616K)->2262995K(2263040K)
[6443.830s][info][gc,metaspace   ] GC(2241) Metaspace: 29103K(29376K)->29103K(29376K) NonClass: 26001K(26112K)->26001K(26112K) Class: 3102K(3264K)->3102K(3264K)
[6443.831s][info][gc             ] GC(2241) Pause Young (Allocation Failure) 4565M->2358M(4719M) 96.229ms
[6443.831s][info][gc,cpu         ] GC(2241) User=0.55s Sys=0.03s Real=0.10s
.[6445.274s][info][gc,start       ] GC(2242) Pause Young (Allocation Failure)
[6445.371s][info][gc,heap        ] GC(2242) PSYoungGen: 2512405K(2569216K)->158544K(2574336K) Eden: 2359808K(2359808K)->0K(2359808K) From: 152597K(209408K)->158544K(214528K)
[6445.371s][info][gc,heap        ] GC(2242) ParOldGen: 2262995K(2263040K)->2361155K(2361344K)
[6445.371s][info][gc,metaspace   ] GC(2242) Metaspace: 29103K(29376K)->29103K(29376K) NonClass: 26001K(26112K)->26001K(26112K) Class: 3102K(3264K)->3102K(3264K)
[6445.371s][info][gc             ] GC(2242) Pause Young (Allocation Failure) 4663M->2460M(4820M) 97.158ms
[6445.371s][info][gc,cpu         ] GC(2242) User=0.54s Sys=0.03s Real=0.10s
..[6446.695s][info][gc,start       ] GC(2243) Pause Young (Allocation Failure)
[6446.790s][info][gc,heap        ] GC(2243) PSYoungGen: 2518352K(2574336K)->149440K(2576384K) Eden: 2359808K(2359808K)->0K(2370048K) From: 158544K(214528K)->149440K(206336K)
[6446.790s][info][gc,heap        ] GC(2243) ParOldGen: 2361155K(2361344K)->2466339K(2466816K)
[6446.790s][info][gc,metaspace   ] GC(2243) Metaspace: 29103K(29376K)->29103K(29376K) NonClass: 26001K(26112K)->26001K(26112K) Class: 3102K(3264K)->3102K(3264K)
[6446.790s][info][gc             ] GC(2243) Pause Young (Allocation Failure) 4765M->2554M(4925M) 94.805ms
[6446.790s][info][gc,cpu         ] GC(2243) User=0.52s Sys=0.03s Real=0.09s
.[6448.193s][info][gc,start       ] GC(2244) Pause Young (Allocation Failure)
[6448.285s][info][gc,heap        ] GC(2244) PSYoungGen: 2519488K(2576384K)->140960K(2579968K) Eden: 2370048K(2370048K)->0K(2370048K) From: 149440K(206336K)->140960K(209920K)
[6448.285s][info][gc,heap        ] GC(2244) ParOldGen: 2466339K(2466816K)->2568931K(2569216K)
[6448.285s][info][gc,metaspace   ] GC(2244) Metaspace: 29103K(29376K)->29103K(29376K) NonClass: 26001K(26112K)->26001K(26112K) Class: 3102K(3264K)->3102K(3264K)
[6448.285s][info][gc             ] GC(2244) Pause Young (Allocation Failure) 4868M->2646M(5028M) 91.917ms
[6448.285s][info][gc,cpu         ] GC(2244) User=0.51s Sys=0.03s Real=0.10s
.[6449.678s][info][gc,start       ] GC(2245) Pause Young (Allocation Failure)
[6449.783s][info][gc,heap        ] GC(2245) PSYoungGen: 2511008K(2579968K)->172896K(2584064K) Eden: 2370048K(2370048K)->0K(2376192K) From: 140960K(209920K)->172896K(207872K)
[6449.783s][info][gc,heap        ] GC(2245) ParOldGen: 2568931K(2569216K)->2670123K(2670592K)
[6449.783s][info][gc,metaspace   ] GC(2245) Metaspace: 29103K(29376K)->29103K(29376K) NonClass: 26001K(26112K)->26001K(26112K) Class: 3102K(3264K)->3102K(3264K)
[6449.783s][info][gc             ] GC(2245) Pause Young (Allocation Failure) 4960M->2776M(5131M) 104.652ms
[6449.783s][info][gc,cpu         ] GC(2245) User=0.59s Sys=0.04s Real=0.10s
..[6451.078s][info][gc,start       ] GC(2246) Pause Young (Allocation Failure)
[6451.187s][info][gc,heap        ] GC(2246) PSYoungGen: 2549088K(2584064K)->172590K(2585088K) Eden: 2376192K(2376192K)->0K(2376192K) From: 172896K(207872K)->172590K(208896K)
[6451.187s][info][gc,heap        ] GC(2246) ParOldGen: 2670123K(2670592K)->2774491K(2774528K)
[6451.187s][info][gc,metaspace   ] GC(2246) Metaspace: 29103K(29376K)->29103K(29376K) NonClass: 26001K(26112K)->26001K(26112K) Class: 3102K(3264K)->3102K(3264K)
[6451.187s][info][gc             ] GC(2246) Pause Young (Allocation Failure) 5096M->2878M(5234M) 108.602ms
[6451.187s][info][gc,cpu         ] GC(2246) User=0.60s Sys=0.04s Real=0.11s
.[6452.534s][info][gc,start       ] GC(2247) Pause Young (Allocation Failure)
[6452.634s][info][gc,heap        ] GC(2247) PSYoungGen: 2548782K(2585088K)->161392K(2578944K) Eden: 2376192K(2376192K)->0K(2379264K) From: 172590K(208896K)->161392K(199680K)
[6452.634s][info][gc,heap        ] GC(2247) ParOldGen: 2774491K(2774528K)->2875699K(2875904K)
[6452.634s][info][gc,metaspace   ] GC(2247) Metaspace: 29103K(29376K)->29103K(29376K) NonClass: 26001K(26112K)->26001K(26112K) Class: 3102K(3264K)->3102K(3264K)
[6452.634s][info][gc             ] GC(2247) Pause Young (Allocation Failure) 5198M->2965M(5327M) 99.681ms
[6452.634s][info][gc,cpu         ] GC(2247) User=0.54s Sys=0.05s Real=0.10s
.|[6453.957s][info][gc,start       ] GC(2248) Pause Young (Allocation Failure)
[6454.056s][info][gc,heap        ] GC(2248) PSYoungGen: 2540656K(2578944K)->160448K(2583040K) Eden: 2379264K(2379264K)->0K(2379264K) From: 161392K(199680K)->160448K(203776K)
[6454.056s][info][gc,heap        ] GC(2248) ParOldGen: 2875699K(2875904K)->2980611K(2980864K)
[6454.056s][info][gc,metaspace   ] GC(2248) Metaspace: 29103K(29376K)->29103K(29376K) NonClass: 26001K(26112K)->26001K(26112K) Class: 3102K(3264K)->3102K(3264K)
[6454.056s][info][gc             ] GC(2248) Pause Young (Allocation Failure) 5289M->3067M(5433M) 99.183ms
[6454.056s][info][gc,cpu         ] GC(2248) User=0.56s Sys=0.03s Real=0.10s
..[6455.451s][info][gc,start       ] GC(2249) Pause Young (Allocation Failure)
[6455.550s][info][gc,heap        ] GC(2249) PSYoungGen: 2539712K(2583040K)->152448K(2587136K) Eden: 2379264K(2379264K)->0K(2391552K) From: 160448K(203776K)->152448K(195584K)
[6455.550s][info][gc,heap        ] GC(2249) ParOldGen: 2980611K(2980864K)->3084395K(3084800K)
[6455.550s][info][gc,metaspace   ] GC(2249) Metaspace: 29103K(29376K)->29103K(29376K) NonClass: 26001K(26112K)->26001K(26112K) Class: 3102K(3264K)->3102K(3264K)
[6455.550s][info][gc             ] GC(2249) Pause Young (Allocation Failure) 5390M->3160M(5539M) 98.910ms
[6455.550s][info][gc,cpu         ] GC(2249) User=0.56s Sys=0.03s Real=0.10s
.[6456.921s][info][gc,start       ] GC(2250) Pause Young (Allocation Failure)
[6457.028s][info][gc,heap        ] GC(2250) PSYoungGen: 2544000K(2587136K)->175412K(2590208K) Eden: 2391552K(2391552K)->0K(2391552K) From: 152448K(195584K)->175412K(198656K)
[6457.028s][info][gc,heap        ] GC(2250) ParOldGen: 3084395K(3084800K)->3185051K(3185152K)
[6457.028s][info][gc,metaspace   ] GC(2250) Metaspace: 29103K(29376K)->29103K(29376K) NonClass: 26001K(26112K)->26001K(26112K) Class: 3102K(3264K)->3102K(3264K)
[6457.028s][info][gc             ] GC(2250) Pause Young (Allocation Failure) 5496M->3281M(5640M) 107.001ms
[6457.028s][info][gc,cpu         ] GC(2250) User=0.59s Sys=0.04s Real=0.11s
..[6458.420s][info][gc,start       ] GC(2251) Pause Young (Allocation Failure)
[6458.520s][info][gc,heap        ] GC(2251) PSYoungGen: 2566964K(2590208K)->158665K(2592768K) Eden: 2391552K(2391552K)->0K(2397184K) From: 175412K(198656K)->158665K(195584K)
[6458.520s][info][gc,heap        ] GC(2251) ParOldGen: 3185051K(3185152K)->3291579K(3291648K)
[6458.520s][info][gc,metaspace   ] GC(2251) Metaspace: 29103K(29376K)->29103K(29376K) NonClass: 26001K(26112K)->26001K(26112K) Class: 3102K(3264K)->3102K(3264K)
[6458.520s][info][gc             ] GC(2251) Pause Young (Allocation Failure) 5617M->3369M(5746M) 100.762ms
[6458.521s][info][gc,cpu         ] GC(2251) User=0.57s Sys=0.03s Real=0.10s
.[6460.029s][info][gc,start       ] GC(2252) Pause Young (Allocation Failure)
[6460.130s][info][gc,heap        ] GC(2252) PSYoungGen: 2555849K(2592768K)->164352K(2594304K) Eden: 2397184K(2397184K)->0K(2397184K) From: 158665K(195584K)->164352K(197120K)
[6460.130s][info][gc,heap        ] GC(2252) ParOldGen: 3291579K(3291648K)->3392043K(3392512K)
[6460.130s][info][gc,metaspace   ] GC(2252) Metaspace: 29103K(29376K)->29103K(29376K) NonClass: 26001K(26112K)->26001K(26112K) Class: 3102K(3264K)->3102K(3264K)
[6460.130s][info][gc             ] GC(2252) Pause Young (Allocation Failure) 5710M->3473M(5846M) 101.037ms
[6460.130s][info][gc,cpu         ] GC(2252) User=0.56s Sys=0.03s Real=0.10s
..[6461.510s][info][gc,start       ] GC(2253) Pause Young (Allocation Failure)
[6461.609s][info][gc,heap        ] GC(2253) PSYoungGen: 2561536K(2594304K)->159524K(2596352K) Eden: 2397184K(2397184K)->0K(2404864K) From: 164352K(197120K)->159524K(191488K)
[6461.609s][info][gc,heap        ] GC(2253) ParOldGen: 3392043K(3392512K)->3495275K(3495424K)
[6461.609s][info][gc,metaspace   ] GC(2253) Metaspace: 29103K(29376K)->29103K(29376K) NonClass: 26001K(26112K)->26001K(26112K) Class: 3102K(3264K)->3102K(3264K)
[6461.609s][info][gc             ] GC(2253) Pause Young (Allocation Failure) 5814M->3569M(5949M) 99.568ms
[6461.609s][info][gc,cpu         ] GC(2253) User=0.56s Sys=0.03s Real=0.10s
.[6463.048s][info][gc,start       ] GC(2254) Pause Young (Allocation Failure)
[6463.153s][info][gc,heap        ] GC(2254) PSYoungGen: 2564388K(2596352K)->174976K(2596864K) Eden: 2404864K(2404864K)->0K(2404864K) From: 159524K(191488K)->174976K(192000K)
[6463.153s][info][gc,heap        ] GC(2254) ParOldGen: 3495275K(3495424K)->3598267K(3598336K)
[6463.153s][info][gc,metaspace   ] GC(2254) Metaspace: 29103K(29376K)->29103K(29376K) NonClass: 26001K(26112K)->26001K(26112K) Class: 3102K(3264K)->3102K(3264K)
[6463.153s][info][gc             ] GC(2254) Pause Young (Allocation Failure) 5917M->3684M(6050M) 104.998ms
[6463.153s][info][gc,cpu         ] GC(2254) User=0.59s Sys=0.04s Real=0.10s
..[6464.608s][info][gc,start       ] GC(2255) Pause Young (Allocation Failure)
[6464.706s][info][gc,heap        ] GC(2255) PSYoungGen: 2579840K(2596864K)->152672K(2603008K) Eden: 2404864K(2404864K)->0K(2409984K) From: 174976K(192000K)->152672K(193024K)
[6464.706s][info][gc,heap        ] GC(2255) ParOldGen: 3598267K(3598336K)->3703907K(3704320K)
[6464.706s][info][gc,metaspace   ] GC(2255) Metaspace: 29103K(29376K)->29103K(29376K) NonClass: 26001K(26112K)->26001K(26112K) Class: 3102K(3264K)->3102K(3264K)
[6464.706s][info][gc             ] GC(2255) Pause Young (Allocation Failure) 6033M->3766M(6159M) 97.961ms
[6464.706s][info][gc,cpu         ] GC(2255) User=0.53s Sys=0.05s Real=0.10s
.[6466.039s][info][gc,start       ] GC(2256) Pause Young (Allocation Failure)
[6466.142s][info][gc,heap        ] GC(2256) PSYoungGen: 2562656K(2603008K)->165376K(2575872K) Eden: 2409984K(2409984K)->0K(2409984K) From: 152672K(193024K)->165376K(165888K)
[6466.142s][info][gc,heap        ] GC(2256) ParOldGen: 3703907K(3704320K)->3807819K(3808256K)
[6466.142s][info][gc,metaspace   ] GC(2256) Metaspace: 29103K(29376K)->29103K(29376K) NonClass: 26001K(26112K)->26001K(26112K) Class: 3102K(3264K)->3102K(3264K)
[6466.142s][info][gc             ] GC(2256) Pause Young (Allocation Failure) 6119M->3880M(6234M) 102.535ms
[6466.142s][info][gc,cpu         ] GC(2256) User=0.58s Sys=0.03s Real=0.10s
..[6467.604s][info][gc,start       ] GC(2257) Pause Young (Allocation Failure)
[6467.707s][info][gc,heap        ] GC(2257) PSYoungGen: 2575360K(2575872K)->160505K(2603008K) Eden: 2409984K(2409984K)->0K(2412544K) From: 165376K(165888K)->160505K(190464K)
[6467.707s][info][gc,heap        ] GC(2257) ParOldGen: 3807819K(3808256K)->3910011K(3910144K)
[6467.707s][info][gc,metaspace   ] GC(2257) Metaspace: 29103K(29376K)->29103K(29376K) NonClass: 26001K(26112K)->26001K(26112K) Class: 3102K(3264K)->3102K(3264K)
[6467.707s][info][gc             ] GC(2257) Pause Young (Allocation Failure) 6233M->3975M(6360M) 103.135ms
[6467.707s][info][gc,cpu         ] GC(2257) User=0.58s Sys=0.02s Real=0.11s
.[6469.122s][info][gc,start       ] GC(2258) Pause Young (Allocation Failure)
[6469.229s][info][gc,heap        ] GC(2258) PSYoungGen: 2573049K(2603008K)->177272K(2600960K) Eden: 2412544K(2412544K)->0K(2412544K) From: 160505K(190464K)->177272K(188416K)
[6469.229s][info][gc,heap        ] GC(2258) ParOldGen: 3910011K(3910144K)->4011451K(4011520K)
[6469.229s][info][gc,metaspace   ] GC(2258) Metaspace: 29103K(29376K)->29103K(29376K) NonClass: 26001K(26112K)->26001K(26112K) Class: 3102K(3264K)->3102K(3264K)
[6469.229s][info][gc             ] GC(2258) Pause Young (Allocation Failure) 6331M->4090M(6457M) 106.581ms
[6469.229s][info][gc,cpu         ] GC(2258) User=0.61s Sys=0.03s Real=0.11s
..[6470.717s][info][gc,start       ] GC(2259) Pause Young (Allocation Failure)
[6470.814s][info][gc,heap        ] GC(2259) PSYoungGen: 2589816K(2600960K)->151872K(2605568K) Eden: 2412544K(2412544K)->0K(2414592K) From: 177272K(188416K)->151872K(190976K)
[6470.814s][info][gc,heap        ] GC(2259) ParOldGen: 4011451K(4011520K)->4116643K(4116992K)
[6470.814s][info][gc,metaspace   ] GC(2259) Metaspace: 29103K(29376K)->29103K(29376K) NonClass: 26001K(26112K)->26001K(26112K) Class: 3102K(3264K)->3102K(3264K)
[6470.814s][info][gc             ] GC(2259) Pause Young (Allocation Failure) 6446M->4168M(6565M) 97.012ms
[6470.814s][info][gc,cpu         ] GC(2259) User=0.54s Sys=0.03s Real=0.09s
.[6472.195s][info][gc,start       ] GC(2260) Pause Young (Allocation Failure)
[6472.295s][info][gc,heap        ] GC(2260) PSYoungGen: 2566464K(2605568K)->157300K(2572288K) Eden: 2414592K(2414592K)->0K(2414592K) From: 151872K(190976K)->157300K(157696K)
[6472.295s][info][gc,heap        ] GC(2260) ParOldGen: 4116643K(4116992K)->4217923K(4218368K)
[6472.295s][info][gc,metaspace   ] GC(2260) Metaspace: 29103K(29376K)->29103K(29376K) NonClass: 26001K(26112K)->26001K(26112K) Class: 3102K(3264K)->3102K(3264K)
[6472.295s][info][gc             ] GC(2260) Pause Young (Allocation Failure) 6526M->4272M(6631M) 100.338ms
[6472.295s][info][gc,cpu         ] GC(2260) User=0.56s Sys=0.03s Real=0.10s
..[6473.661s][info][gc,start       ] GC(2261) Pause Young (Allocation Failure)
[6473.763s][info][gc,heap        ] GC(2261) PSYoungGen: 2571892K(2572288K)->159700K(2605568K) Eden: 2414592K(2414592K)->0K(2416640K) From: 157300K(157696K)->159700K(188928K)
[6473.763s][info][gc,heap        ] GC(2261) ParOldGen: 4217923K(4218368K)->4322467K(4322816K)
[6473.763s][info][gc,metaspace   ] GC(2261) Metaspace: 29103K(29376K)->29103K(29376K) NonClass: 26001K(26112K)->26001K(26112K) Class: 3102K(3264K)->3102K(3264K)
[6473.763s][info][gc             ] GC(2261) Pause Young (Allocation Failure) 6630M->4377M(6766M) 101.450ms
[6473.763s][info][gc,cpu         ] GC(2261) User=0.57s Sys=0.03s Real=0.10s
.[6475.183s][info][gc,start       ] GC(2262) Pause Young (Allocation Failure)
[6475.281s][info][gc,heap        ] GC(2262) PSYoungGen: 2576340K(2605568K)->152977K(2603520K) Eden: 2416640K(2416640K)->0K(2416640K) From: 159700K(188928K)->152977K(186880K)
[6475.281s][info][gc,heap        ] GC(2262) ParOldGen: 4322467K(4322816K)->4425203K(4425216K)
[6475.281s][info][gc,metaspace   ] GC(2262) Metaspace: 29103K(29376K)->29103K(29376K) NonClass: 26001K(26112K)->26001K(26112K) Class: 3102K(3264K)->3102K(3264K)
[6475.281s][info][gc             ] GC(2262) Pause Young (Allocation Failure) 6737M->4470M(6864M) 98.180ms
[6475.281s][info][gc,cpu         ] GC(2262) User=0.55s Sys=0.03s Real=0.10s
..[6476.615s][info][gc,start       ] GC(2263) Pause Young (Allocation Failure)
[6476.719s][info][gc,heap        ] GC(2263) PSYoungGen: 2569617K(2603520K)->164938K(2607104K) Eden: 2416640K(2416640K)->0K(2421248K) From: 152977K(186880K)->164938K(185856K)
[6476.719s][info][gc,heap        ] GC(2263) ParOldGen: 4425203K(4425216K)->4531707K(4531712K)
[6476.719s][info][gc,metaspace   ] GC(2263) Metaspace: 29103K(29376K)->29103K(29376K) NonClass: 26001K(26112K)->26001K(26112K) Class: 3102K(3264K)->3102K(3264K)
[6476.719s][info][gc             ] GC(2263) Pause Young (Allocation Failure) 6830M->4586M(6971M) 104.611ms
[6476.719s][info][gc,cpu         ] GC(2263) User=0.58s Sys=0.03s Real=0.10s
.[6478.141s][info][gc,start       ] GC(2264) Pause Young (Allocation Failure)
[6478.241s][info][gc,heap        ] GC(2264) PSYoungGen: 2586186K(2607104K)->160192K(2606080K) Eden: 2421248K(2421248K)->0K(2421248K) From: 164938K(185856K)->160192K(184832K)
[6478.241s][info][gc,heap        ] GC(2264) ParOldGen: 4531707K(4531712K)->4635515K(4635648K)
[6478.241s][info][gc,metaspace   ] GC(2264) Metaspace: 29103K(29376K)->29103K(29376K) NonClass: 26001K(26112K)->26001K(26112K) Class: 3102K(3264K)->3102K(3264K)
[6478.241s][info][gc             ] GC(2264) Pause Young (Allocation Failure) 6951M->4683M(7072M) 100.351ms
[6478.241s][info][gc,cpu         ] GC(2264) User=0.56s Sys=0.04s Real=0.10s
..[6479.723s][info][gc,start       ] GC(2265) Pause Young (Allocation Failure)
[6479.829s][info][gc,heap        ] GC(2265) PSYoungGen: 2581440K(2606080K)->166469K(2608640K) Eden: 2421248K(2421248K)->0K(2425856K) From: 160192K(184832K)->166469K(182784K)
[6479.829s][info][gc,heap        ] GC(2265) ParOldGen: 4635515K(4635648K)->4739867K(4740096K)
[6479.829s][info][gc,metaspace   ] GC(2265) Metaspace: 29103K(29376K)->29103K(29376K) NonClass: 26001K(26112K)->26001K(26112K) Class: 3102K(3264K)->3102K(3264K)
[6479.829s][info][gc             ] GC(2265) Pause Young (Allocation Failure) 7047M->4791M(7176M) 106.546ms
[6479.829s][info][gc,cpu         ] GC(2265) User=0.59s Sys=0.04s Real=0.11s
.[6481.264s][info][gc,start       ] GC(2266) Pause Young (Allocation Failure)
[6481.362s][info][gc,heap        ] GC(2266) PSYoungGen: 2592325K(2608640K)->150464K(2608128K) Eden: 2425856K(2425856K)->0K(2425856K) From: 166469K(182784K)->150464K(182272K)
[6481.362s][info][gc,heap        ] GC(2266) ParOldGen: 4739867K(4740096K)->4841859K(4841984K)
[6481.362s][info][gc,metaspace   ] GC(2266) Metaspace: 29103K(29376K)->29103K(29376K) NonClass: 26001K(26112K)->26001K(26112K) Class: 3102K(3264K)->3102K(3264K)
[6481.362s][info][gc             ] GC(2266) Pause Young (Allocation Failure) 7160M->4875M(7275M) 97.497ms
[6481.362s][info][gc,cpu         ] GC(2266) User=0.54s Sys=0.02s Real=0.10s
..[6482.787s][info][gc,start       ] GC(2267) Pause Young (Allocation Failure)
[6482.889s][info][gc,heap        ] GC(2267) PSYoungGen: 2576320K(2608128K)->157184K(2611200K) Eden: 2425856K(2425856K)->0K(2431488K) From: 150464K(182272K)->157184K(179712K)
[6482.889s][info][gc,heap        ] GC(2267) ParOldGen: 4841859K(4841984K)->4949875K(4950016K)
[6482.889s][info][gc,metaspace   ] GC(2267) Metaspace: 29103K(29376K)->29103K(29376K) NonClass: 26001K(26112K)->26001K(26112K) Class: 3102K(3264K)->3102K(3264K)
[6482.889s][info][gc             ] GC(2267) Pause Young (Allocation Failure) 7244M->4987M(7384M) 101.841ms
[6482.889s][info][gc,cpu         ] GC(2267) User=0.57s Sys=0.03s Real=0.10s
.[6484.246s][info][gc,start       ] GC(2268) Pause Young (Allocation Failure)
[6484.348s][info][gc,heap        ] GC(2268) PSYoungGen: 2588672K(2611200K)->156000K(2612224K) Eden: 2431488K(2431488K)->0K(2431488K) From: 157184K(179712K)->156000K(180736K)
[6484.348s][info][gc,heap        ] GC(2268) ParOldGen: 4949875K(4950016K)->5052483K(5052928K)
[6484.348s][info][gc,metaspace   ] GC(2268) Metaspace: 29103K(29376K)->29103K(29376K) NonClass: 26001K(26112K)->26001K(26112K) Class: 3102K(3264K)->3102K(3264K)
[6484.348s][info][gc             ] GC(2268) Pause Young (Allocation Failure) 7361M->5086M(7485M) 101.512ms
[6484.348s][info][gc,cpu         ] GC(2268) User=0.56s Sys=0.03s Real=0.10s
..[6485.873s][info][gc,start       ] GC(2269) Pause Young (Allocation Failure)
[6485.979s][info][gc,heap        ] GC(2269) PSYoungGen: 2587488K(2612224K)->174224K(2610176K) Eden: 2431488K(2431488K)->0K(2430464K) From: 156000K(180736K)->174224K(179712K)
[6485.979s][info][gc,heap        ] GC(2269) ParOldGen: 5052483K(5052928K)->5150403K(5150720K)
[6485.979s][info][gc,metaspace   ] GC(2269) Metaspace: 29103K(29376K)->29103K(29376K) NonClass: 26001K(26112K)->26001K(26112K) Class: 3102K(3264K)->3102K(3264K)
[6485.979s][info][gc             ] GC(2269) Pause Young (Allocation Failure) 7460M->5199M(7579M) 105.680ms
[6485.979s][info][gc,cpu         ] GC(2269) User=0.59s Sys=0.03s Real=0.11s
.[6487.368s][info][gc,start       ] GC(2270) Pause Young (Allocation Failure)
[6487.475s][info][gc,heap        ] GC(2270) PSYoungGen: 2604688K(2610176K)->159468K(2613248K) Eden: 2430464K(2430464K)->0K(2430464K) From: 174224K(179712K)->159468K(182784K)
[6487.475s][info][gc,heap        ] GC(2270) ParOldGen: 5150403K(5150720K)->5260363K(5260800K)
[6487.475s][info][gc,metaspace   ] GC(2270) Metaspace: 29103K(29376K)->29103K(29376K) NonClass: 26001K(26112K)->26001K(26112K) Class: 3102K(3264K)->3102K(3264K)
[6487.475s][info][gc             ] GC(2270) Pause Young (Allocation Failure) 7573M->5292M(7689M) 106.146ms
[6487.475s][info][gc,cpu         ] GC(2270) User=0.58s Sys=0.05s Real=0.11s
..[6488.846s][info][gc,start       ] GC(2271) Pause Young (Allocation Failure)
[6488.948s][info][gc,heap        ] GC(2271) PSYoungGen: 2589932K(2613248K)->161344K(2607616K) Eden: 2430464K(2430464K)->0K(2432000K) From: 159468K(182784K)->161344K(175616K)
[6488.948s][info][gc,heap        ] GC(2271) ParOldGen: 5260363K(5260800K)->5361179K(5361664K)
[6488.948s][info][gc,metaspace   ] GC(2271) Metaspace: 29103K(29376K)->29103K(29376K) NonClass: 26001K(26112K)->26001K(26112K) Class: 3102K(3264K)->3102K(3264K)
[6488.948s][info][gc             ] GC(2271) Pause Young (Allocation Failure) 7666M->5393M(7782M) 101.819ms
[6488.948s][info][gc,cpu         ] GC(2271) User=0.57s Sys=0.04s Real=0.10s
.[6490.400s][info][gc,start       ] GC(2272) Pause Young (Allocation Failure)
[6490.501s][info][gc,heap        ] GC(2272) PSYoungGen: 2593344K(2607616K)->149696K(2611200K) Eden: 2432000K(2432000K)->0K(2432000K) From: 161344K(175616K)->149696K(179200K)
[6490.501s][info][gc,heap        ] GC(2272) ParOldGen: 5361179K(5361664K)->5467099K(5467136K)
[6490.501s][info][gc,metaspace   ] GC(2272) Metaspace: 29103K(29376K)->29103K(29376K) NonClass: 26001K(26112K)->26001K(26112K) Class: 3102K(3264K)->3102K(3264K)
[6490.501s][info][gc             ] GC(2272) Pause Young (Allocation Failure) 7768M->5485M(7889M) 100.211ms
[6490.501s][info][gc,cpu         ] GC(2272) User=0.55s Sys=0.03s Real=0.10s
..[6491.963s][info][gc,start       ] GC(2273) Pause Young (Allocation Failure)
[6492.068s][info][gc,heap        ] GC(2273) PSYoungGen: 2581696K(2611200K)->167824K(2615296K) Eden: 2432000K(2432000K)->0K(2435584K) From: 149696K(179200K)->167824K(179712K)
[6492.068s][info][gc,heap        ] GC(2273) ParOldGen: 5467099K(5467136K)->5571107K(5571584K)
[6492.068s][info][gc,metaspace   ] GC(2273) Metaspace: 29103K(29376K)->29103K(29376K) NonClass: 26001K(26112K)->26001K(26112K) Class: 3102K(3264K)->3102K(3264K)
[6492.068s][info][gc             ] GC(2273) Pause Young (Allocation Failure) 7860M->5604M(7995M) 105.319ms
[6492.068s][info][gc,cpu         ] GC(2273) User=0.59s Sys=0.03s Real=0.11s
.[6493.493s][info][gc,start       ] GC(2274) Pause Full (Allocation Failure)
[6493.493s][info][gc,phases,start] GC(2274) Marking Phase
[6493.817s][info][gc,phases      ] GC(2274) Marking Phase 323.775ms
[6493.817s][info][gc,phases,start] GC(2274) Summary Phase
[6493.817s][info][gc,phases      ] GC(2274) Summary Phase 0.113ms
[6493.817s][info][gc,phases,start] GC(2274) Forward
[6493.946s][info][gc,phases      ] GC(2274) Forward 128.676ms
[6493.946s][info][gc,phases,start] GC(2274) Adjust Pointers
[6494.163s][info][gc,phases      ] GC(2274) Adjust Pointers 217.032ms
[6494.163s][info][gc,phases,start] GC(2274) Compaction Phase
[6494.314s][info][gc,phases      ] GC(2274) Compaction Phase 151.332ms
[6494.315s][info][gc,phases,start] GC(2274) Post Compact
[6494.322s][info][gc,phases      ] GC(2274) Post Compact 6.996ms
[6494.445s][info][gc,heap        ] GC(2274) PSYoungGen: 2603408K(2615296K)->0K(2615808K) Eden: 2435584K(2435584K)->0K(2435584K) From: 167824K(179712K)->0K(180224K)
[6494.445s][info][gc,heap        ] GC(2274) ParOldGen: 5571107K(5571584K)->1634401K(2138624K)
[6494.445s][info][gc,metaspace   ] GC(2274) Metaspace: 29103K(29376K)->29103K(29376K) NonClass: 26001K(26112K)->26001K(26112K) Class: 3102K(3264K)->3102K(3264K)
[6494.445s][info][gc             ] GC(2274) Pause Full (Allocation Failure) 7982M->1596M(4643M) 951.958ms
[6494.445s][info][gc,cpu         ] GC(2274) User=4.52s Sys=0.12s Real=0.96s
..[6495.680s][info][gc,start       ] GC(2275) Pause Young (Allocation Failure)
[6495.742s][info][gc,heap        ] GC(2275) PSYoungGen: 2435584K(2615808K)->154213K(2614784K) Eden: 2435584K(2435584K)->0K(2435584K) From: 0K(180224K)->154213K(179200K)
[6495.742s][info][gc,heap        ] GC(2275) ParOldGen: 1634401K(2138624K)->1634401K(2138624K)
[6495.742s][info][gc,metaspace   ] GC(2275) Metaspace: 29103K(29376K)->29103K(29376K) NonClass: 26001K(26112K)->26001K(26112K) Class: 3102K(3264K)->3102K(3264K)
[6495.742s][info][gc             ] GC(2275) Pause Young (Allocation Failure) 3974M->1746M(4642M) 61.948ms
[6495.742s][info][gc,cpu         ] GC(2275) User=0.36s Sys=0.00s Real=0.06s
.[6497.028s][info][gc,start       ] GC(2276) Pause Young (Allocation Failure)
[6497.126s][info][gc,heap        ] GC(2276) PSYoungGen: 2589797K(2614784K)->169056K(2615296K) Eden: 2435584K(2435584K)->0K(2435584K) From: 154213K(179200K)->169056K(179712K)
[6497.126s][info][gc,heap        ] GC(2276) ParOldGen: 1634401K(2138624K)->1738774K(2138624K)
[6497.126s][info][gc,metaspace   ] GC(2276) Metaspace: 29103K(29376K)->29103K(29376K) NonClass: 26001K(26112K)->26001K(26112K) Class: 3102K(3264K)->3102K(3264K)
[6497.126s][info][gc             ] GC(2276) Pause Young (Allocation Failure) 4125M->1863M(4642M) 98.065ms
[6497.126s][info][gc,cpu         ] GC(2276) User=0.59s Sys=0.00s Real=0.10s
.[6498.388s][info][gc,start       ] GC(2277) Pause Young (Allocation Failure)
[6498.483s][info][gc,heap        ] GC(2277) PSYoungGen: 2604640K(2615296K)->157024K(2615296K) Eden: 2435584K(2435584K)->0K(2435584K) From: 169056K(179712K)->157024K(179712K)
[6498.483s][info][gc,heap        ] GC(2277) ParOldGen: 1738774K(2138624K)->1840806K(2138624K)
[6498.483s][info][gc,metaspace   ] GC(2277) Metaspace: 29103K(29376K)->29103K(29376K) NonClass: 26001K(26112K)->26001K(26112K) Class: 3102K(3264K)->3102K(3264K)
[6498.483s][info][gc             ] GC(2277) Pause Young (Allocation Failure) 4241M->1951M(4642M) 94.761ms
[6498.483s][info][gc,cpu         ] GC(2277) User=0.56s Sys=0.00s Real=0.09s
.[6499.838s][info][gc,start       ] GC(2278) Pause Young (Allocation Failure)
[6499.936s][info][gc,heap        ] GC(2278) PSYoungGen: 2592608K(2615296K)->162208K(2597888K) Eden: 2435584K(2435584K)->0K(2435584K) From: 157024K(179712K)->162208K(162304K)
[6499.936s][info][gc,heap        ] GC(2278) ParOldGen: 1840806K(2138624K)->1950374K(2138624K)
[6499.936s][info][gc,metaspace   ] GC(2278) Metaspace: 29103K(29376K)->29103K(29376K) NonClass: 26001K(26112K)->26001K(26112K) Class: 3102K(3264K)->3102K(3264K)
[6499.936s][info][gc             ] GC(2278) Pause Young (Allocation Failure) 4329M->2063M(4625M) 98.242ms
[6499.936s][info][gc,cpu         ] GC(2278) User=0.59s Sys=0.00s Real=0.10s
..[6501.282s][info][gc,start       ] GC(2279) Pause Young (Allocation Failure)
[6501.387s][info][gc,heap        ] GC(2279) PSYoungGen: 2597792K(2597888K)->178154K(2530816K) Eden: 2435584K(2435584K)->0K(2352640K) From: 162208K(162304K)->178154K(178176K)
[6501.387s][info][gc,heap        ] GC(2279) ParOldGen: 1950374K(2138624K)->2054766K(2138624K)
[6501.387s][info][gc,metaspace   ] GC(2279) Metaspace: 29103K(29376K)->29103K(29376K) NonClass: 26001K(26112K)->26001K(26112K) Class: 3102K(3264K)->3102K(3264K)
[6501.387s][info][gc             ] GC(2279) Pause Young (Allocation Failure) 4441M->2180M(4560M) 105.777ms
[6501.388s][info][gc,cpu         ] GC(2279) User=0.62s Sys=0.00s Real=0.11s
.[6502.656s][info][gc,start       ] GC(2280) Pause Young (Allocation Failure)
[6502.755s][info][gc,heap        ] GC(2280) PSYoungGen: 2530794K(2530816K)->162137K(2574336K) Eden: 2352640K(2352640K)->0K(2352640K) From: 178154K(178176K)->162137K(221696K)
[6502.755s][info][gc,heap        ] GC(2280) ParOldGen: 2054766K(2138624K)->2160590K(2160640K)
[6502.755s][info][gc,metaspace   ] GC(2280) Metaspace: 29103K(29376K)->29103K(29376K) NonClass: 26001K(26112K)->26001K(26112K) Class: 3102K(3264K)->3102K(3264K)
[6502.755s][info][gc             ] GC(2280) Pause Young (Allocation Failure) 4478M->2268M(4624M) 98.882ms
[6502.755s][info][gc,cpu         ] GC(2280) User=0.57s Sys=0.01s Real=0.10s
.[6504.026s][info][gc,start       ] GC(2281) Pause Young (Allocation Failure)
[6504.126s][info][gc,heap        ] GC(2281) PSYoungGen: 2514777K(2574336K)->167044K(2564096K) Eden: 2352640K(2352640K)->0K(2355712K) From: 162137K(221696K)->167044K(208384K)
[6504.126s][info][gc,heap        ] GC(2281) ParOldGen: 2160590K(2160640K)->2261110K(2261504K)
[6504.126s][info][gc,metaspace   ] GC(2281) Metaspace: 29103K(29376K)->29103K(29376K) NonClass: 26001K(26112K)->26001K(26112K) Class: 3102K(3264K)->3102K(3264K)
[6504.126s][info][gc             ] GC(2281) Pause Young (Allocation Failure) 4565M->2371M(4712M) 100.718ms
[6504.127s][info][gc,cpu         ] GC(2281) User=0.57s Sys=0.03s Real=0.10s
..[6505.469s][info][gc,start       ] GC(2282) Pause Young (Allocation Failure)
[6505.567s][info][gc,heap        ] GC(2282) PSYoungGen: 2522756K(2564096K)->153120K(2570752K) Eden: 2355712K(2355712K)->0K(2355712K) From: 167044K(208384K)->153120K(215040K)
[6505.567s][info][gc,heap        ] GC(2282) ParOldGen: 2261110K(2261504K)->2366318K(2366464K)
[6505.567s][info][gc,metaspace   ] GC(2282) Metaspace: 29103K(29376K)->29103K(29376K) NonClass: 26001K(26112K)->26001K(26112K) Class: 3102K(3264K)->3102K(3264K)
[6505.567s][info][gc             ] GC(2282) Pause Young (Allocation Failure) 4671M->2460M(4821M) 97.799ms
[6505.567s][info][gc,cpu         ] GC(2282) User=0.55s Sys=0.03s Real=0.10s
.[6506.939s][info][gc,start       ] GC(2283) Pause Young (Allocation Failure)
[6507.036s][info][gc,heap        ] GC(2283) PSYoungGen: 2508832K(2570752K)->155040K(2576384K) Eden: 2355712K(2355712K)->0K(2367488K) From: 153120K(215040K)->155040K(208896K)
[6507.036s][info][gc,heap        ] GC(2283) ParOldGen: 2366318K(2366464K)->2468542K(2468864K)
[6507.036s][info][gc,metaspace   ] GC(2283) Metaspace: 29103K(29376K)->29103K(29376K) NonClass: 26001K(26112K)->26001K(26112K) Class: 3102K(3264K)->3102K(3264K)
[6507.036s][info][gc             ] GC(2283) Pause Young (Allocation Failure) 4760M->2562M(4927M) 96.343ms
[6507.036s][info][gc,cpu         ] GC(2283) User=0.54s Sys=0.03s Real=0.10s
..[6508.476s][info][gc,start       ] GC(2284) Pause Young (Allocation Failure)
[6508.575s][info][gc,heap        ] GC(2284) PSYoungGen: 2522528K(2576384K)->157528K(2579456K) Eden: 2367488K(2367488K)->0K(2367488K) From: 155040K(208896K)->157528K(211968K)
[6508.575s][info][gc,heap        ] GC(2284) ParOldGen: 2468542K(2468864K)->2569662K(2569728K)
[6508.575s][info][gc,metaspace   ] GC(2284) Metaspace: 29103K(29376K)->29103K(29376K) NonClass: 26001K(26112K)->26001K(26112K) Class: 3102K(3264K)->3102K(3264K)
[6508.575s][info][gc             ] GC(2284) Pause Young (Allocation Failure) 4874M->2663M(5028M) 98.808ms
[6508.575s][info][gc,cpu         ] GC(2284) User=0.55s Sys=0.03s Real=0.10s
.[6509.951s][info][gc,start       ] GC(2285) Pause Young (Allocation Failure)
[6510.050s][info][gc,heap        ] GC(2285) PSYoungGen: 2525016K(2579456K)->157824K(2578432K) Eden: 2367488K(2367488K)->0K(2374656K) From: 157528K(211968K)->157824K(203776K)
[6510.050s][info][gc,heap        ] GC(2285) ParOldGen: 2569662K(2569728K)->2675806K(2676224K)
[6510.050s][info][gc,metaspace   ] GC(2285) Metaspace: 29103K(29376K)->29103K(29376K) NonClass: 26001K(26112K)->26001K(26112K) Class: 3102K(3264K)->3102K(3264K)
[6510.050s][info][gc             ] GC(2285) Pause Young (Allocation Failure) 4975M->2767M(5131M) 98.775ms
[6510.050s][info][gc,cpu         ] GC(2285) User=0.54s Sys=0.04s Real=0.10s
..[6511.471s][info][gc,start       ] GC(2286) Pause Young (Allocation Failure)
[6511.572s][info][gc,heap        ] GC(2286) PSYoungGen: 2532480K(2578432K)->164709K(2581504K) Eden: 2374656K(2374656K)->0K(2374656K) From: 157824K(203776K)->164709K(206848K)
[6511.572s][info][gc,heap        ] GC(2286) ParOldGen: 2675806K(2676224K)->2776102K(2776576K)
[6511.572s][info][gc,metaspace   ] GC(2286) Metaspace: 29103K(29376K)->29103K(29376K) NonClass: 26001K(26112K)->26001K(26112K) Class: 3102K(3264K)->3102K(3264K)
[6511.572s][info][gc             ] GC(2286) Pause Young (Allocation Failure) 5086M->2871M(5232M) 100.923ms
[6511.572s][info][gc,cpu         ] GC(2286) User=0.56s Sys=0.04s Real=0.10s
.[6512.975s][info][gc,start       ] GC(2287) Pause Young (Allocation Failure)
[6513.079s][info][gc,heap        ] GC(2287) PSYoungGen: 2539365K(2581504K)->166068K(2583040K) Eden: 2374656K(2374656K)->0K(2386432K) From: 164709K(206848K)->166068K(196608K)
[6513.079s][info][gc,heap        ] GC(2287) ParOldGen: 2776102K(2776576K)->2881054K(2881536K)
[6513.079s][info][gc,metaspace   ] GC(2287) Metaspace: 29103K(29376K)->29103K(29376K) NonClass: 26001K(26112K)->26001K(26112K) Class: 3102K(3264K)->3102K(3264K)
[6513.079s][info][gc             ] GC(2287) Pause Young (Allocation Failure) 5190M->2975M(5336M) 103.837ms
[6513.079s][info][gc,cpu         ] GC(2287) User=0.58s Sys=0.03s Real=0.10s
. (rIR:aIR:PR = 11208:11102:11102) (tPR = 165412) [OK] 
  6513s: Performance info:
         Transaction,    Success,    Partial,     Failed,   Receipts, AvgBarcode, 
             Overall,     669857,          0,          0,     636279,      59.47, 
         Response times:
             Request,    Success,    Partial,     Failed,   SkipFail,     Probes,    Samples,      min,      p50,      p90,      p95,      p99,      max, 
       TotalPurchase,     636276,          0,          0,          0,     328868,     441251,      200,    17400,   170000,   376000,   650000,  1100000,
     InStorePurchase,     333170,          0,          0,          0,     172416,     232304,      300,    17600,   168000,   395000,   630000,   900000,
      OnlinePurchase,     235464,          0,          0,          0,     121448,     162613,      200,    17200,   174000,   376000,   700000,  1100000,
        InstPurchase,      67642,          0,          0,          0,      35004,      46334,      400,    17000,   169000,   396000,   780000,  1100000,
          AssocOfCat,        678,          0,          0,          0,        552,        854,    24000,    60000,   196500,   381500,   714500,   760000,
      AssocOfProduct,       6767,          0,          0,          0,       3764,       5257,     1100,    22000,   166200,   399000,   704200,   790000,
      BusinessReport,       1687,          0,          0,          0,       1461,       2047,    32000,    74000,   232000,   460000,   800000,  1100000,
          CustBuyBeh,       6772,          0,          0,          0,       3686,       5168,      200,    19700,   188000,   412550,   720000,   770000,
       ProductReturn,      17669,          0,          0,          0,       9468,      12859,      200,    19500,   179000,   421000,   750000,   910000,

  6513s: (82%)   IR =  11346 .[6514.513s][info][gc,start       ] GC(2288) Pause Young (Allocation Failure)
[6514.610s][info][gc,heap        ] GC(2288) PSYoungGen: 2552500K(2583040K)->151072K(2585600K) Eden: 2386432K(2386432K)->0K(2386432K) From: 166068K(196608K)->151072K(199168K)
[6514.610s][info][gc,heap        ] GC(2288) ParOldGen: 2881054K(2881536K)->2982206K(2982400K)
[6514.610s][info][gc,metaspace   ] GC(2288) Metaspace: 29103K(29376K)->29103K(29376K) NonClass: 26001K(26112K)->26001K(26112K) Class: 3102K(3264K)->3102K(3264K)
[6514.610s][info][gc             ] GC(2288) Pause Young (Allocation Failure) 5306M->3059M(5437M) 96.914ms
[6514.610s][info][gc,cpu         ] GC(2288) User=0.54s Sys=0.03s Real=0.10s
.[6516.009s][info][gc,start       ] GC(2289) Pause Young (Allocation Failure)
[6516.109s][info][gc,heap        ] GC(2289) PSYoungGen: 2537504K(2585600K)->161360K(2590208K) Eden: 2386432K(2386432K)->0K(2398208K) From: 151072K(199168K)->161360K(192000K)
[6516.109s][info][gc,heap        ] GC(2289) ParOldGen: 2982206K(2982400K)->3085022K(3085312K)
[6516.109s][info][gc,metaspace   ] GC(2289) Metaspace: 29103K(29376K)->29103K(29376K) NonClass: 26001K(26112K)->26001K(26112K) Class: 3102K(3264K)->3102K(3264K)
[6516.109s][info][gc             ] GC(2289) Pause Young (Allocation Failure) 5390M->3170M(5542M) 100.963ms
[6516.110s][info][gc,cpu         ] GC(2289) User=0.56s Sys=0.04s Real=0.10s
.[6517.477s][info][gc,start       ] GC(2290) Pause Young (Allocation Failure)
[6517.576s][info][gc,heap        ] GC(2290) PSYoungGen: 2559568K(2590208K)->157248K(2593792K) Eden: 2398208K(2398208K)->0K(2398208K) From: 161360K(192000K)->157248K(195584K)
[6517.576s][info][gc,heap        ] GC(2290) ParOldGen: 3085022K(3085312K)->3186518K(3186688K)
[6517.576s][info][gc,metaspace   ] GC(2290) Metaspace: 29103K(29376K)->29103K(29376K) NonClass: 26001K(26112K)->26001K(26112K) Class: 3102K(3264K)->3102K(3264K)
[6517.576s][info][gc             ] GC(2290) Pause Young (Allocation Failure) 5512M->3265M(5645M) 99.001ms
[6517.576s][info][gc,cpu         ] GC(2290) User=0.56s Sys=0.03s Real=0.10s
..[6518.977s][info][gc,start       ] GC(2291) Pause Young (Allocation Failure)
[6519.078s][info][gc,heap        ] GC(2291) PSYoungGen: 2555456K(2593792K)->161204K(2593792K) Eden: 2398208K(2398208K)->0K(2406912K) From: 157248K(195584K)->161204K(186880K)
[6519.078s][info][gc,heap        ] GC(2291) ParOldGen: 3186518K(3186688K)->3292070K(3292160K)
[6519.078s][info][gc,metaspace   ] GC(2291) Metaspace: 29103K(29376K)->29103K(29376K) NonClass: 26001K(26112K)->26001K(26112K) Class: 3102K(3264K)->3102K(3264K)
[6519.078s][info][gc             ] GC(2291) Pause Young (Allocation Failure) 5607M->3372M(5748M) 101.488ms
[6519.078s][info][gc,cpu         ] GC(2291) User=0.58s Sys=0.03s Real=0.10s
.[6520.459s][info][gc,start       ] GC(2292) Pause Young (Allocation Failure)
[6520.557s][info][gc,heap        ] GC(2292) PSYoungGen: 2568116K(2593792K)->155328K(2597888K) Eden: 2406912K(2406912K)->0K(2406912K) From: 161204K(186880K)->155328K(190976K)
[6520.557s][info][gc,heap        ] GC(2292) ParOldGen: 3292070K(3292160K)->3391854K(3392000K)
[6520.557s][info][gc,metaspace   ] GC(2292) Metaspace: 29103K(29376K)->29103K(29376K) NonClass: 26001K(26112K)->26001K(26112K) Class: 3102K(3264K)->3102K(3264K)
[6520.557s][info][gc             ] GC(2292) Pause Young (Allocation Failure) 5722M->3464M(5849M) 98.097ms
[6520.557s][info][gc,cpu         ] GC(2292) User=0.54s Sys=0.03s Real=0.10s
..[6521.897s][info][gc,start       ] GC(2293) Pause Young (Allocation Failure)
[6521.998s][info][gc,heap        ] GC(2293) PSYoungGen: 2562240K(2597888K)->158772K(2598912K) Eden: 2406912K(2406912K)->0K(2415104K) From: 155328K(190976K)->158772K(183808K)
[6521.998s][info][gc,heap        ] GC(2293) ParOldGen: 3391854K(3392000K)->3499550K(3500032K)
[6521.998s][info][gc,metaspace   ] GC(2293) Metaspace: 29103K(29376K)->29103K(29376K) NonClass: 26001K(26112K)->26001K(26112K) Class: 3102K(3264K)->3102K(3264K)
[6521.998s][info][gc             ] GC(2293) Pause Young (Allocation Failure) 5814M->3572M(5956M) 100.541ms
[6521.998s][info][gc,cpu         ] GC(2293) User=0.56s Sys=0.03s Real=0.10s
.[6523.342s][info][gc,start       ] GC(2294) Pause Young (Allocation Failure)
[6523.442s][info][gc,heap        ] GC(2294) PSYoungGen: 2573876K(2598912K)->162960K(2602496K) Eden: 2415104K(2415104K)->0K(2415104K) From: 158772K(183808K)->162960K(187392K)
[6523.442s][info][gc,heap        ] GC(2294) ParOldGen: 3499550K(3500032K)->3599046K(3599360K)
[6523.442s][info][gc,metaspace   ] GC(2294) Metaspace: 29103K(29376K)->29103K(29376K) NonClass: 26001K(26112K)->26001K(26112K) Class: 3102K(3264K)->3102K(3264K)
[6523.442s][info][gc             ] GC(2294) Pause Young (Allocation Failure) 5931M->3673M(6056M) 100.320ms
[6523.443s][info][gc,cpu         ] GC(2294) User=0.56s Sys=0.03s Real=0.10s
.|.[6524.841s][info][gc,start       ] GC(2295) Pause Young (Allocation Failure)
[6524.947s][info][gc,heap        ] GC(2295) PSYoungGen: 2578064K(2602496K)->170612K(2608640K) Eden: 2415104K(2415104K)->0K(2423296K) From: 162960K(187392K)->170612K(185344K)
[6524.947s][info][gc,heap        ] GC(2295) ParOldGen: 3599046K(3599360K)->3703278K(3703296K)
[6524.947s][info][gc,metaspace   ] GC(2295) Metaspace: 29103K(29376K)->29103K(29376K) NonClass: 26001K(26112K)->26001K(26112K) Class: 3102K(3264K)->3102K(3264K)
[6524.947s][info][gc             ] GC(2295) Pause Young (Allocation Failure) 6032M->3783M(6164M) 105.167ms
[6524.947s][info][gc,cpu         ] GC(2295) User=0.59s Sys=0.03s Real=0.11s
.[6526.303s][info][gc,start       ] GC(2296) Pause Young (Allocation Failure)
[6526.408s][info][gc,heap        ] GC(2296) PSYoungGen: 2593908K(2608640K)->160005K(2583552K) Eden: 2423296K(2423296K)->0K(2423296K) From: 170612K(185344K)->160005K(160256K)
[6526.408s][info][gc,heap        ] GC(2296) ParOldGen: 3703278K(3703296K)->3809038K(3809280K)
[6526.408s][info][gc,metaspace   ] GC(2296) Metaspace: 29103K(29376K)->29103K(29376K) NonClass: 26001K(26112K)->26001K(26112K) Class: 3102K(3264K)->3102K(3264K)
[6526.408s][info][gc             ] GC(2296) Pause Young (Allocation Failure) 6149M->3876M(6243M) 104.773ms
[6526.408s][info][gc,cpu         ] GC(2296) User=0.57s Sys=0.04s Real=0.11s
..[6527.801s][info][gc,start       ] GC(2297) Pause Young (Allocation Failure)
[6527.902s][info][gc,heap        ] GC(2297) PSYoungGen: 2583301K(2583552K)->165221K(2609664K) Eden: 2423296K(2423296K)->0K(2425344K) From: 160005K(160256K)->165221K(184320K)
[6527.902s][info][gc,heap        ] GC(2297) ParOldGen: 3809038K(3809280K)->3908630K(3909120K)
[6527.902s][info][gc,metaspace   ] GC(2297) Metaspace: 29103K(29376K)->29103K(29376K) NonClass: 26001K(26112K)->26001K(26112K) Class: 3102K(3264K)->3102K(3264K)
[6527.902s][info][gc             ] GC(2297) Pause Young (Allocation Failure) 6242M->3978M(6366M) 100.676ms
[6527.902s][info][gc,cpu         ] GC(2297) User=0.56s Sys=0.03s Real=0.10s
.[6529.333s][info][gc,start       ] GC(2298) Pause Young (Allocation Failure)
[6529.431s][info][gc,heap        ] GC(2298) PSYoungGen: 2590565K(2609664K)->148320K(2608640K) Eden: 2425344K(2425344K)->0K(2425344K) From: 165221K(184320K)->148320K(183296K)
[6529.431s][info][gc,heap        ] GC(2298) ParOldGen: 3908630K(3909120K)->4015494K(4015616K)
[6529.431s][info][gc,metaspace   ] GC(2298) Metaspace: 29103K(29376K)->29103K(29376K) NonClass: 26001K(26112K)->26001K(26112K) Class: 3102K(3264K)->3102K(3264K)
[6529.431s][info][gc             ] GC(2298) Pause Young (Allocation Failure) 6346M->4066M(6469M) 97.853ms
[6529.431s][info][gc,cpu         ] GC(2298) User=0.55s Sys=0.03s Real=0.10s
.[6530.843s][info][gc,start       ] GC(2299) Pause Young (Allocation Failure)
[6530.942s][info][gc,heap        ] GC(2299) PSYoungGen: 2573664K(2608640K)->155072K(2611200K) Eden: 2425344K(2425344K)->0K(2428928K) From: 148320K(183296K)->155072K(182272K)
[6530.942s][info][gc,heap        ] GC(2299) ParOldGen: 4015494K(4015616K)->4121670K(4122112K)
[6530.942s][info][gc,metaspace   ] GC(2299) Metaspace: 29103K(29376K)->29103K(29376K) NonClass: 26001K(26112K)->26001K(26112K) Class: 3102K(3264K)->3102K(3264K)
[6530.942s][info][gc             ] GC(2299) Pause Young (Allocation Failure) 6434M->4176M(6575M) 99.582ms
[6530.942s][info][gc,cpu         ] GC(2299) User=0.56s Sys=0.03s Real=0.10s
..[6532.300s][info][gc,start       ] GC(2300) Pause Young (Allocation Failure)
[6532.398s][info][gc,heap        ] GC(2300) PSYoungGen: 2584000K(2611200K)->151744K(2611712K) Eden: 2428928K(2428928K)->0K(2428928K) From: 155072K(182272K)->151744K(182784K)
[6532.398s][info][gc,heap        ] GC(2300) ParOldGen: 4121670K(4122112K)->4221654K(4221952K)
[6532.398s][info][gc,metaspace   ] GC(2300) Metaspace: 29103K(29376K)->29103K(29376K) NonClass: 26001K(26112K)->26001K(26112K) Class: 3102K(3264K)->3102K(3264K)
[6532.398s][info][gc             ] GC(2300) Pause Young (Allocation Failure) 6548M->4270M(6673M) 98.682ms
[6532.398s][info][gc,cpu         ] GC(2300) User=0.55s Sys=0.03s Real=0.10s
.[6533.809s][info][gc,start       ] GC(2301) Pause Young (Allocation Failure)
[6533.914s][info][gc,heap        ] GC(2301) PSYoungGen: 2580672K(2611712K)->163354K(2611200K) Eden: 2428928K(2428928K)->0K(2430976K) From: 151744K(182784K)->163354K(180224K)
[6533.914s][info][gc,heap        ] GC(2301) ParOldGen: 4221654K(4221952K)->4329174K(4329472K)
[6533.914s][info][gc,metaspace   ] GC(2301) Metaspace: 29103K(29376K)->29103K(29376K) NonClass: 26001K(26112K)->26001K(26112K) Class: 3102K(3264K)->3102K(3264K)
[6533.914s][info][gc             ] GC(2301) Pause Young (Allocation Failure) 6642M->4387M(6778M) 104.549ms
[6533.914s][info][gc,cpu         ] GC(2301) User=0.57s Sys=0.04s Real=0.10s
..[6535.348s][info][gc,start       ] GC(2302) Pause Young (Allocation Failure)
[6535.450s][info][gc,heap        ] GC(2302) PSYoungGen: 2594330K(2611200K)->161188K(2612224K) Eden: 2430976K(2430976K)->0K(2430976K) From: 163354K(180224K)->161188K(181248K)
[6535.450s][info][gc,heap        ] GC(2302) ParOldGen: 4329174K(4329472K)->4429790K(4429824K)
[6535.450s][info][gc,metaspace   ] GC(2302) Metaspace: 29103K(29376K)->29103K(29376K) NonClass: 26001K(26112K)->26001K(26112K) Class: 3102K(3264K)->3102K(3264K)
[6535.450s][info][gc             ] GC(2302) Pause Young (Allocation Failure) 6761M->4483M(6877M) 102.479ms
[6535.450s][info][gc,cpu         ] GC(2302) User=0.57s Sys=0.03s Real=0.10s
.[6536.890s][info][gc,start       ] GC(2303) Pause Young (Allocation Failure)
[6536.995s][info][gc,heap        ] GC(2303) PSYoungGen: 2592164K(2612224K)->169984K(2611712K) Eden: 2430976K(2430976K)->0K(2432512K) From: 161188K(181248K)->169984K(179200K)
[6536.995s][info][gc,heap        ] GC(2303) ParOldGen: 4429790K(4429824K)->4535734K(4535808K)
[6536.995s][info][gc,metaspace   ] GC(2303) Metaspace: 29103K(29376K)->29103K(29376K) NonClass: 26001K(26112K)->26001K(26112K) Class: 3102K(3264K)->3102K(3264K)
[6536.995s][info][gc             ] GC(2303) Pause Young (Allocation Failure) 6857M->4595M(6980M) 105.224ms
[6536.995s][info][gc,cpu         ] GC(2303) User=0.60s Sys=0.03s Real=0.11s
..[6538.357s][info][gc,start       ] GC(2304) Pause Young (Allocation Failure)
[6538.456s][info][gc,heap        ] GC(2304) PSYoungGen: 2602496K(2611712K)->149152K(2613760K) Eden: 2432512K(2432512K)->0K(2432512K) From: 169984K(179200K)->149152K(181248K)
[6538.456s][info][gc,heap        ] GC(2304) ParOldGen: 4535734K(4535808K)->4641310K(4641792K)
[6538.456s][info][gc,metaspace   ] GC(2304) Metaspace: 29103K(29376K)->29103K(29376K) NonClass: 26001K(26112K)->26001K(26112K) Class: 3102K(3264K)->3102K(3264K)
[6538.456s][info][gc             ] GC(2304) Pause Young (Allocation Failure) 6970M->4678M(7085M) 99.083ms
[6538.456s][info][gc,cpu         ] GC(2304) User=0.56s Sys=0.02s Real=0.10s
.[6539.840s][info][gc,start       ] GC(2305) Pause Young (Allocation Failure)
[6539.943s][info][gc,heap        ] GC(2305) PSYoungGen: 2581664K(2613760K)->165744K(2614784K) Eden: 2432512K(2432512K)->0K(2433536K) From: 149152K(181248K)->165744K(181248K)
[6539.943s][info][gc,heap        ] GC(2305) ParOldGen: 4641310K(4641792K)->4742518K(4742656K)
[6539.943s][info][gc,metaspace   ] GC(2305) Metaspace: 29103K(29376K)->29103K(29376K) NonClass: 26001K(26112K)->26001K(26112K) Class: 3102K(3264K)->3102K(3264K)
[6539.943s][info][gc             ] GC(2305) Pause Young (Allocation Failure) 7053M->4793M(7185M) 103.301ms
[6539.943s][info][gc,cpu         ] GC(2305) User=0.57s Sys=0.04s Real=0.10s
..[6541.326s][info][gc,start       ] GC(2306) Pause Young (Allocation Failure)
[6541.428s][info][gc,heap        ] GC(2306) PSYoungGen: 2599280K(2614784K)->158116K(2591744K) Eden: 2433536K(2433536K)->0K(2433536K) From: 165744K(181248K)->158116K(158208K)
[6541.428s][info][gc,heap        ] GC(2306) ParOldGen: 4742518K(4742656K)->4848030K(4848128K)
[6541.428s][info][gc,metaspace   ] GC(2306) Metaspace: 29103K(29376K)->29103K(29376K) NonClass: 26001K(26112K)->26001K(26112K) Class: 3102K(3264K)->3102K(3264K)
[6541.428s][info][gc             ] GC(2306) Pause Young (Allocation Failure) 7169M->4888M(7265M) 101.517ms
[6541.428s][info][gc,cpu         ] GC(2306) User=0.57s Sys=0.04s Real=0.10s
.[6542.862s][info][gc,start       ] GC(2307) Pause Young (Allocation Failure)
[6542.963s][info][gc,heap        ] GC(2307) PSYoungGen: 2591652K(2591744K)->161408K(2614784K) Eden: 2433536K(2433536K)->0K(2435072K) From: 158116K(158208K)->161408K(179712K)
[6542.963s][info][gc,heap        ] GC(2307) ParOldGen: 4848030K(4848128K)->4951502K(4951552K)
[6542.963s][info][gc,metaspace   ] GC(2307) Metaspace: 29103K(29376K)->29103K(29376K) NonClass: 26001K(26112K)->26001K(26112K) Class: 3102K(3264K)->3102K(3264K)
[6542.963s][info][gc             ] GC(2307) Pause Young (Allocation Failure) 7265M->4993M(7389M) 101.457ms
[6542.963s][info][gc,cpu         ] GC(2307) User=0.57s Sys=0.03s Real=0.10s
..[6544.374s][info][gc,start       ] GC(2308) Pause Young (Allocation Failure)
[6544.474s][info][gc,heap        ] GC(2308) PSYoungGen: 2596480K(2614784K)->144800K(2613248K) Eden: 2435072K(2435072K)->0K(2435072K) From: 161408K(179712K)->144800K(178176K)
[6544.474s][info][gc,heap        ] GC(2308) ParOldGen: 4951502K(4951552K)->5060582K(5060608K)
[6544.474s][info][gc,metaspace   ] GC(2308) Metaspace: 29103K(29376K)->29103K(29376K) NonClass: 26001K(26112K)->26001K(26112K) Class: 3102K(3264K)->3102K(3264K)
[6544.474s][info][gc             ] GC(2308) Pause Young (Allocation Failure) 7371M->5083M(7494M) 99.926ms
[6544.474s][info][gc,cpu         ] GC(2308) User=0.55s Sys=0.03s Real=0.10s
.[6545.950s][info][gc,start       ] GC(2309) Pause Young (Allocation Failure)
[6546.057s][info][gc,heap        ] GC(2309) PSYoungGen: 2579872K(2613248K)->171604K(2611712K) Eden: 2435072K(2435072K)->0K(2432512K) From: 144800K(178176K)->171604K(179200K)
[6546.057s][info][gc,heap        ] GC(2309) ParOldGen: 5060582K(5060608K)->5159862K(5159936K)
[6546.057s][info][gc,metaspace   ] GC(2309) Metaspace: 29103K(29376K)->29103K(29376K) NonClass: 26001K(26112K)->26001K(26112K) Class: 3102K(3264K)->3102K(3264K)
[6546.057s][info][gc             ] GC(2309) Pause Young (Allocation Failure) 7461M->5206M(7589M) 106.762ms
[6546.057s][info][gc,cpu         ] GC(2309) User=0.60s Sys=0.04s Real=0.11s
..[6547.493s][info][gc,start       ] GC(2310) Pause Young (Allocation Failure)
[6547.599s][info][gc,heap        ] GC(2310) PSYoungGen: 2604116K(2611712K)->168968K(2601984K) Eden: 2432512K(2432512K)->0K(2432512K) From: 171604K(179200K)->168968K(169472K)
[6547.599s][info][gc,heap        ] GC(2310) ParOldGen: 5159862K(5159936K)->5263206K(5263360K)
[6547.599s][info][gc,metaspace   ] GC(2310) Metaspace: 29103K(29376K)->29103K(29376K) NonClass: 26001K(26112K)->26001K(26112K) Class: 3102K(3264K)->3102K(3264K)
[6547.599s][info][gc             ] GC(2310) Pause Young (Allocation Failure) 7582M->5304M(7681M) 105.993ms
[6547.599s][info][gc,cpu         ] GC(2310) User=0.59s Sys=0.03s Real=0.11s
.[6549.023s][info][gc,start       ] GC(2311) Pause Young (Allocation Failure)
[6549.129s][info][gc,heap        ] GC(2311) PSYoungGen: 2601480K(2601984K)->169076K(2611200K) Eden: 2432512K(2432512K)->0K(2428416K) From: 168968K(169472K)->169076K(182784K)
[6549.129s][info][gc,heap        ] GC(2311) ParOldGen: 5263206K(5263360K)->5367534K(5367808K)
[6549.129s][info][gc,metaspace   ] GC(2311) Metaspace: 29103K(29376K)->29103K(29376K) NonClass: 26001K(26112K)->26001K(26112K) Class: 3102K(3264K)->3102K(3264K)
[6549.129s][info][gc             ] GC(2311) Pause Young (Allocation Failure) 7680M->5406M(7792M) 106.290ms
[6549.129s][info][gc,cpu         ] GC(2311) User=0.59s Sys=0.03s Real=0.11s
..[6550.452s][info][gc,start       ] GC(2312) Pause Young (Allocation Failure)
[6550.554s][info][gc,heap        ] GC(2312) PSYoungGen: 2597492K(2611200K)->153520K(2612224K) Eden: 2428416K(2428416K)->0K(2428416K) From: 169076K(182784K)->153520K(183808K)
[6550.554s][info][gc,heap        ] GC(2312) ParOldGen: 5367534K(5367808K)->5473030K(5473280K)
[6550.554s][info][gc,metaspace   ] GC(2312) Metaspace: 29103K(29376K)->29103K(29376K) NonClass: 26001K(26112K)->26001K(26112K) Class: 3102K(3264K)->3102K(3264K)
[6550.554s][info][gc             ] GC(2312) Pause Young (Allocation Failure) 7778M->5494M(7896M) 101.290ms
[6550.554s][info][gc,cpu         ] GC(2312) User=0.57s Sys=0.02s Real=0.10s
.[6551.948s][info][gc,start       ] GC(2313) Pause Young (Allocation Failure)
[6552.052s][info][gc,heap        ] GC(2313) PSYoungGen: 2581936K(2612224K)->164672K(2611200K) Eden: 2428416K(2428416K)->0K(2429440K) From: 153520K(183808K)->164672K(181760K)
[6552.052s][info][gc,heap        ] GC(2313) ParOldGen: 5473030K(5473280K)->5574990K(5575168K)
[6552.052s][info][gc,metaspace   ] GC(2313) Metaspace: 29103K(29376K)->29103K(29376K) NonClass: 26001K(26112K)->26001K(26112K) Class: 3102K(3264K)->3102K(3264K)
[6552.052s][info][gc             ] GC(2313) Pause Young (Allocation Failure) 7866M->5605M(7994M) 103.301ms
[6552.052s][info][gc,cpu         ] GC(2313) User=0.58s Sys=0.03s Real=0.10s
.[6553.411s][info][gc,start       ] GC(2314) Pause Full (Allocation Failure)
[6553.411s][info][gc,phases,start] GC(2314) Marking Phase
[6553.738s][info][gc,phases      ] GC(2314) Marking Phase 326.936ms
[6553.738s][info][gc,phases,start] GC(2314) Summary Phase
[6553.738s][info][gc,phases      ] GC(2314) Summary Phase 0.111ms
[6553.738s][info][gc,phases,start] GC(2314) Forward
[6553.874s][info][gc,phases      ] GC(2314) Forward 135.846ms
[6553.874s][info][gc,phases,start] GC(2314) Adjust Pointers
[6554.090s][info][gc,phases      ] GC(2314) Adjust Pointers 215.983ms
[6554.090s][info][gc,phases,start] GC(2314) Compaction Phase
[6554.243s][info][gc,phases      ] GC(2314) Compaction Phase 152.900ms
[6554.245s][info][gc,phases,start] GC(2314) Post Compact
[6554.252s][info][gc,phases      ] GC(2314) Post Compact 6.887ms
[6554.375s][info][gc,heap        ] GC(2314) PSYoungGen: 2594112K(2611200K)->0K(2611712K) Eden: 2429440K(2429440K)->0K(2429440K) From: 164672K(181760K)->0K(182272K)
[6554.375s][info][gc,heap        ] GC(2314) ParOldGen: 5574990K(5575168K)->1638837K(2155520K)
[6554.375s][info][gc,metaspace   ] GC(2314) Metaspace: 29103K(29376K)->29103K(29376K) NonClass: 26001K(26112K)->26001K(26112K) Class: 3102K(3264K)->3102K(3264K)
[6554.375s][info][gc             ] GC(2314) Pause Full (Allocation Failure) 7977M->1600M(4655M) 963.685ms
[6554.375s][info][gc,cpu         ] GC(2314) User=4.48s Sys=0.12s Real=0.97s
..[6555.597s][info][gc,start       ] GC(2315) Pause Young (Allocation Failure)
[6555.664s][info][gc,heap        ] GC(2315) PSYoungGen: 2429440K(2611712K)->163040K(2610688K) Eden: 2429440K(2429440K)->0K(2431488K) From: 0K(182272K)->163040K(179200K)
[6555.664s][info][gc,heap        ] GC(2315) ParOldGen: 1638837K(2155520K)->1638837K(2155520K)
[6555.664s][info][gc,metaspace   ] GC(2315) Metaspace: 29103K(29376K)->29103K(29376K) NonClass: 26001K(26112K)->26001K(26112K) Class: 3102K(3264K)->3102K(3264K)
[6555.664s][info][gc             ] GC(2315) Pause Young (Allocation Failure) 3972M->1759M(4654M) 67.238ms
[6555.664s][info][gc,cpu         ] GC(2315) User=0.40s Sys=0.00s Real=0.06s
.[6557.000s][info][gc,start       ] GC(2316) Pause Young (Allocation Failure)
[6557.096s][info][gc,heap        ] GC(2316) PSYoungGen: 2594528K(2610688K)->156688K(2612224K) Eden: 2431488K(2431488K)->0K(2431488K) From: 163040K(179200K)->156688K(180736K)
[6557.096s][info][gc,heap        ] GC(2316) ParOldGen: 1638837K(2155520K)->1749341K(2155520K)
[6557.096s][info][gc,metaspace   ] GC(2316) Metaspace: 29103K(29376K)->29103K(29376K) NonClass: 26001K(26112K)->26001K(26112K) Class: 3102K(3264K)->3102K(3264K)
[6557.096s][info][gc             ] GC(2316) Pause Young (Allocation Failure) 4134M->1861M(4656M) 95.744ms
[6557.096s][info][gc,cpu         ] GC(2316) User=0.57s Sys=0.00s Real=0.10s
.[6558.383s][info][gc,start       ] GC(2317) Pause Young (Allocation Failure)
[6558.477s][info][gc,heap        ] GC(2317) PSYoungGen: 2588176K(2612224K)->163652K(2612736K) Eden: 2431488K(2431488K)->0K(2435584K) From: 156688K(180736K)->163652K(177152K)
[6558.477s][info][gc,heap        ] GC(2317) ParOldGen: 1749341K(2155520K)->1847141K(2155520K)
[6558.477s][info][gc,metaspace   ] GC(2317) Metaspace: 29103K(29376K)->29103K(29376K) NonClass: 26001K(26112K)->26001K(26112K) Class: 3102K(3264K)->3102K(3264K)
[6558.477s][info][gc             ] GC(2317) Pause Young (Allocation Failure) 4235M->1963M(4656M) 94.313ms
[6558.477s][info][gc,cpu         ] GC(2317) User=0.56s Sys=0.00s Real=0.10s
.[6559.811s][info][gc,start       ] GC(2318) Pause Young (Allocation Failure)
[6559.908s][info][gc,heap        ] GC(2318) PSYoungGen: 2599236K(2612736K)->159673K(2614272K) Eden: 2435584K(2435584K)->0K(2435584K) From: 163652K(177152K)->159673K(178688K)
[6559.908s][info][gc,heap        ] GC(2318) ParOldGen: 1847141K(2155520K)->1956261K(2155520K)
[6559.908s][info][gc,metaspace   ] GC(2318) Metaspace: 29103K(29376K)->29103K(29376K) NonClass: 26001K(26112K)->26001K(26112K) Class: 3102K(3264K)->3102K(3264K)
[6559.908s][info][gc             ] GC(2318) Pause Young (Allocation Failure) 4342M->2066M(4658M) 96.619ms
[6559.908s][info][gc,cpu         ] GC(2318) User=0.57s Sys=0.00s Real=0.10s
..[6561.166s][info][gc,start       ] GC(2319) Pause Young (Allocation Failure)
[6561.303s][info][gc,heap        ] GC(2319) PSYoungGen: 2595257K(2614272K)->150848K(2616832K) Eden: 2435584K(2435584K)->0K(2439680K) From: 159673K(178688K)->150848K(177152K)
[6561.303s][info][gc,heap        ] GC(2319) ParOldGen: 1956261K(2155520K)->2055525K(2155520K)
[6561.303s][info][gc,metaspace   ] GC(2319) Metaspace: 29103K(29376K)->29103K(29376K) NonClass: 26001K(26112K)->26001K(26112K) Class: 3102K(3264K)->3102K(3264K)
[6561.303s][info][gc             ] GC(2319) Pause Young (Allocation Failure) 4444M->2154M(4660M) 137.211ms
[6561.303s][info][gc,cpu         ] GC(2319) User=0.54s Sys=0.00s Real=0.13s
.[6562.598s][info][gc,start       ] GC(2320) Pause Young (Allocation Failure)
[6562.697s][info][gc,heap        ] GC(2320) PSYoungGen: 2590528K(2616832K)->166437K(2617344K) Eden: 2439680K(2439680K)->0K(2439680K) From: 150848K(177152K)->166437K(177664K)
[6562.697s][info][gc,heap        ] GC(2320) ParOldGen: 2055525K(2155520K)->2161349K(2161664K)
[6562.697s][info][gc,metaspace   ] GC(2320) Metaspace: 29103K(29376K)->29103K(29376K) NonClass: 26001K(26112K)->26001K(26112K) Class: 3102K(3264K)->3102K(3264K)
[6562.697s][info][gc             ] GC(2320) Pause Young (Allocation Failure) 4537M->2273M(4667M) 98.846ms
[6562.697s][info][gc,cpu         ] GC(2320) User=0.58s Sys=0.01s Real=0.10s
.[6564.016s][info][gc,start       ] GC(2321) Pause Young (Allocation Failure)
[6564.122s][info][gc,heap        ] GC(2321) PSYoungGen: 2606117K(2617344K)->170197K(2614784K) Eden: 2439680K(2439680K)->0K(2436608K) From: 166437K(177664K)->170197K(178176K)
[6564.122s][info][gc,heap        ] GC(2321) ParOldGen: 2161349K(2161664K)->2266917K(2267136K)
[6564.122s][info][gc,metaspace   ] GC(2321) Metaspace: 29103K(29376K)->29103K(29376K) NonClass: 26001K(26112K)->26001K(26112K) Class: 3102K(3264K)->3102K(3264K)
[6564.122s][info][gc             ] GC(2321) Pause Young (Allocation Failure) 4655M->2379M(4767M) 105.659ms
[6564.122s][info][gc,cpu         ] GC(2321) User=0.59s Sys=0.04s Real=0.10s
..[6565.442s][info][gc,start       ] GC(2322) Pause Young (Allocation Failure)
[6565.538s][info][gc,heap        ] GC(2322) PSYoungGen: 2606805K(2614784K)->149536K(2586624K) Eden: 2436608K(2436608K)->0K(2436608K) From: 170197K(178176K)->149536K(150016K)
[6565.538s][info][gc,heap        ] GC(2322) ParOldGen: 2266917K(2267136K)->2374509K(2374656K)
[6565.538s][info][gc,metaspace   ] GC(2322) Metaspace: 29103K(29376K)->29103K(29376K) NonClass: 26001K(26112K)->26001K(26112K) Class: 3102K(3264K)->3102K(3264K)
[6565.538s][info][gc             ] GC(2322) Pause Young (Allocation Failure) 4759M->2464M(4845M) 95.761ms
[6565.538s][info][gc,cpu         ] GC(2322) User=0.53s Sys=0.03s Real=0.10s
.[6566.953s][info][gc,start       ] GC(2323) Pause Young (Allocation Failure)
[6567.055s][info][gc,heap        ] GC(2323) PSYoungGen: 2586144K(2586624K)->171188K(2611712K) Eden: 2436608K(2436608K)->0K(2431488K) From: 149536K(150016K)->171188K(180224K)
[6567.055s][info][gc,heap        ] GC(2323) ParOldGen: 2374509K(2374656K)->2477677K(2478080K)
[6567.055s][info][gc,metaspace   ] GC(2323) Metaspace: 29103K(29376K)->29103K(29376K) NonClass: 26001K(26112K)->26001K(26112K) Class: 3102K(3264K)->3102K(3264K)
[6567.055s][info][gc             ] GC(2323) Pause Young (Allocation Failure) 4844M->2586M(4970M) 102.180ms
[6567.055s][info][gc,cpu         ] GC(2323) User=0.58s Sys=0.03s Real=0.11s
..[6568.483s][info][gc,start       ] GC(2324) Pause Young (Allocation Failure)
[6568.584s][info][gc,heap        ] GC(2324) PSYoungGen: 2602676K(2611712K)->165024K(2613760K) Eden: 2431488K(2431488K)->0K(2431488K) From: 171188K(180224K)->165024K(182272K)
[6568.584s][info][gc,heap        ] GC(2324) ParOldGen: 2477677K(2478080K)->2582133K(2582528K)
[6568.584s][info][gc,metaspace   ] GC(2324) Metaspace: 29103K(29376K)->29103K(29376K) NonClass: 26001K(26112K)->26001K(26112K) Class: 3102K(3264K)->3102K(3264K)
[6568.584s][info][gc             ] GC(2324) Pause Young (Allocation Failure) 4961M->2682M(5074M) 101.401ms
[6568.584s][info][gc,cpu         ] GC(2324) User=0.57s Sys=0.03s Real=0.11s
.[6569.999s][info][gc,start       ] GC(2325) Pause Young (Allocation Failure)
[6570.103s][info][gc,heap        ] GC(2325) PSYoungGen: 2596512K(2613760K)->172512K(2610688K) Eden: 2431488K(2431488K)->0K(2429440K) From: 165024K(182272K)->172512K(181248K)
[6570.104s][info][gc,heap        ] GC(2325) ParOldGen: 2582133K(2582528K)->2685813K(2685952K)
[6570.104s][info][gc,metaspace   ] GC(2325) Metaspace: 29103K(29376K)->29103K(29376K) NonClass: 26001K(26112K)->26001K(26112K) Class: 3102K(3264K)->3102K(3264K)
[6570.104s][info][gc             ] GC(2325) Pause Young (Allocation Failure) 5057M->2791M(5172M) 104.331ms
[6570.104s][info][gc,cpu         ] GC(2325) User=0.58s Sys=0.04s Real=0.10s
..[6571.433s][info][gc,start       ] GC(2326) Pause Young (Allocation Failure)
[6571.529s][info][gc,heap        ] GC(2326) PSYoungGen: 2601952K(2610688K)->152864K(2612736K) Eden: 2429440K(2429440K)->0K(2429440K) From: 172512K(181248K)->152864K(183296K)
[6571.529s][info][gc,heap        ] GC(2326) ParOldGen: 2685813K(2685952K)->2789021K(2789376K)
[6571.529s][info][gc,metaspace   ] GC(2326) Metaspace: 29103K(29376K)->29103K(29376K) NonClass: 26001K(26112K)->26001K(26112K) Class: 3102K(3264K)->3102K(3264K)
[6571.529s][info][gc             ] GC(2326) Pause Young (Allocation Failure) 5163M->2872M(5275M) 96.231ms
[6571.529s][info][gc,cpu         ] GC(2326) User=0.54s Sys=0.03s Real=0.10s
.[6572.907s][info][gc,start       ] GC(2327) Pause Young (Allocation Failure)
[6573.007s][info][gc,heap        ] GC(2327) PSYoungGen: 2582304K(2612736K)->166784K(2611712K) Eden: 2429440K(2429440K)->0K(2429440K) From: 152864K(183296K)->166784K(182272K)
[6573.007s][info][gc,heap        ] GC(2327) ParOldGen: 2789021K(2789376K)->2890237K(2890240K)
[6573.007s][info][gc,metaspace   ] GC(2327) Metaspace: 29103K(29376K)->29103K(29376K) NonClass: 26001K(26112K)->26001K(26112K) Class: 3102K(3264K)->3102K(3264K)
[6573.007s][info][gc             ] GC(2327) Pause Young (Allocation Failure) 5245M->2985M(5373M) 99.849ms
[6573.007s][info][gc,cpu         ] GC(2327) User=0.57s Sys=0.03s Real=0.10s
.[6574.403s][info][gc,start       ] GC(2328) Pause Young (Allocation Failure)
[6574.499s][info][gc,heap        ] GC(2328) PSYoungGen: 2596224K(2611712K)->151104K(2612224K) Eden: 2429440K(2429440K)->0K(2429440K) From: 166784K(182272K)->151104K(182784K)
[6574.499s][info][gc,heap        ] GC(2328) ParOldGen: 2890237K(2890240K)->2996885K(2997248K)
[6574.499s][info][gc,metaspace   ] GC(2328) Metaspace: 29103K(29376K)->29103K(29376K) NonClass: 26001K(26112K)->26001K(26112K) Class: 3102K(3264K)->3102K(3264K)
[6574.499s][info][gc             ] GC(2328) Pause Young (Allocation Failure) 5357M->3074M(5478M) 96.912ms
[6574.500s][info][gc,cpu         ] GC(2328) User=0.53s Sys=0.03s Real=0.10s
..[6575.869s][info][gc,start       ] GC(2329) Pause Young (Allocation Failure)
[6575.969s][info][gc,heap        ] GC(2329) PSYoungGen: 2580544K(2612224K)->160928K(2609152K) Eden: 2429440K(2429440K)->0K(2430464K) From: 151104K(182784K)->160928K(178688K)
[6575.969s][info][gc,heap        ] GC(2329) ParOldGen: 2996885K(2997248K)->3101541K(3101696K)
[6575.969s][info][gc,metaspace   ] GC(2329) Metaspace: 29103K(29376K)->29103K(29376K) NonClass: 26001K(26112K)->26001K(26112K) Class: 3102K(3264K)->3102K(3264K)
[6575.969s][info][gc             ] GC(2329) Pause Young (Allocation Failure) 5446M->3186M(5577M) 100.513ms
[6575.969s][info][gc,cpu         ] GC(2329) User=0.57s Sys=0.03s Real=0.10s
.[6577.338s][info][gc,start       ] GC(2330) Pause Young (Allocation Failure)
[6577.439s][info][gc,heap        ] GC(2330) PSYoungGen: 2591392K(2609152K)->157586K(2611200K) Eden: 2430464K(2430464K)->0K(2430464K) From: 160928K(178688K)->157586K(180736K)
[6577.439s][info][gc,heap        ] GC(2330) ParOldGen: 3101541K(3101696K)->3208541K(3208704K)
[6577.439s][info][gc,metaspace   ] GC(2330) Metaspace: 29103K(29376K)->29103K(29376K) NonClass: 26001K(26112K)->26001K(26112K) Class: 3102K(3264K)->3102K(3264K)
[6577.439s][info][gc             ] GC(2330) Pause Young (Allocation Failure) 5559M->3287M(5683M) 100.404ms
[6577.439s][info][gc,cpu         ] GC(2330) User=0.56s Sys=0.04s Real=0.10s
..[6578.857s][info][gc,start       ] GC(2331) Pause Young (Allocation Failure)
[6578.955s][info][gc,heap        ] GC(2331) PSYoungGen: 2588050K(2611200K)->159840K(2611712K) Eden: 2430464K(2430464K)->0K(2436096K) From: 157586K(180736K)->159840K(175616K)
[6578.955s][info][gc,heap        ] GC(2331) ParOldGen: 3208541K(3208704K)->3310917K(3311104K)
[6578.955s][info][gc,metaspace   ] GC(2331) Metaspace: 29103K(29376K)->29103K(29376K) NonClass: 26001K(26112K)->26001K(26112K) Class: 3102K(3264K)->3102K(3264K)
[6578.955s][info][gc             ] GC(2331) Pause Young (Allocation Failure) 5660M->3389M(5784M) 97.874ms
[6578.955s][info][gc,cpu         ] GC(2331) User=0.56s Sys=0.02s Real=0.10s
.[6580.393s][info][gc,start       ] GC(2332) Pause Young (Allocation Failure)
[6580.489s][info][gc,heap        ] GC(2332) PSYoungGen: 2595936K(2611712K)->149792K(2613760K) Eden: 2436096K(2436096K)->0K(2436096K) From: 159840K(175616K)->149792K(177664K)
[6580.489s][info][gc,heap        ] GC(2332) ParOldGen: 3310917K(3311104K)->3417245K(3417600K)
[6580.489s][info][gc,metaspace   ] GC(2332) Metaspace: 29103K(29376K)->29103K(29376K) NonClass: 26001K(26112K)->26001K(26112K) Class: 3102K(3264K)->3102K(3264K)
[6580.489s][info][gc             ] GC(2332) Pause Young (Allocation Failure) 5768M->3483M(5890M) 96.278ms
[6580.489s][info][gc,cpu         ] GC(2332) User=0.53s Sys=0.04s Real=0.10s
..[6581.856s][info][gc,start       ] GC(2333) Pause Young (Allocation Failure)
[6581.957s][info][gc,heap        ] GC(2333) PSYoungGen: 2585888K(2613760K)->162304K(2616832K) Eden: 2436096K(2436096K)->0K(2440192K) From: 149792K(177664K)->162304K(176640K)
[6581.957s][info][gc,heap        ] GC(2333) ParOldGen: 3417245K(3417600K)->3522141K(3522560K)
[6581.957s][info][gc,metaspace   ] GC(2333) Metaspace: 29103K(29376K)->29103K(29376K) NonClass: 26001K(26112K)->26001K(26112K) Class: 3102K(3264K)->3102K(3264K)
[6581.957s][info][gc             ] GC(2333) Pause Young (Allocation Failure) 5862M->3598M(5995M) 100.991ms
[6581.957s][info][gc,cpu         ] GC(2333) User=0.57s Sys=0.02s Real=0.10s
.[6583.281s][info][gc,start       ] GC(2334) Pause Young (Allocation Failure)
[6583.378s][info][gc,heap        ] GC(2334) PSYoungGen: 2602496K(2616832K)->151648K(2617344K) Eden: 2440192K(2440192K)->0K(2440192K) From: 162304K(176640K)->151648K(177152K)
[6583.378s][info][gc,heap        ] GC(2334) ParOldGen: 3522141K(3522560K)->3624901K(3624960K)
[6583.378s][info][gc,metaspace   ] GC(2334) Metaspace: 29103K(29376K)->29103K(29376K) NonClass: 26001K(26112K)->26001K(26112K) Class: 3102K(3264K)->3102K(3264K)
[6583.378s][info][gc             ] GC(2334) Pause Young (Allocation Failure) 5981M->3688M(6096M) 96.916ms
[6583.378s][info][gc,cpu         ] GC(2334) User=0.54s Sys=0.03s Real=0.10s
.. (rIR:aIR:PR = 11346:11344:11346) (tPR = 167862) [OK] 
  6584s: Performance info:
         Transaction,    Success,    Partial,     Failed,   Receipts, AvgBarcode, 
             Overall,     692093,          0,          0,     657116,      59.47, 
         Response times:
             Request,    Success,    Partial,     Failed,   SkipFail,     Probes,    Samples,      min,      p50,      p90,      p95,      p99,      max, 
       TotalPurchase,     657152,          0,          0,          0,     328149,     428766,      300,    25000,   198000,   378000,   640000,  1000000,
     InStorePurchase,     345167,          0,          0,          0,     172439,     225523,      300,    24000,   191000,   377000,   640000,  1000000,
      OnlinePurchase,     240902,          0,          0,          0,     120089,     157298,      300,    26000,   200000,   378000,   650000,  1000000,
        InstPurchase,      71083,          0,          0,          0,      35621,      45945,      300,    24000,   209000,   378700,   630000,  1000000,
          AssocOfCat,        692,          0,          0,          0,        559,        789,    24000,    77000,   354000,   528000,   720000,  1100000,
      AssocOfProduct,       6916,          0,          0,          0,       3892,       5214,      500,    23000,   261000,   413000,   680000,   970000,
      BusinessReport,       1729,          0,          0,          0,       1468,       1947,    32000,    91000,   326200,   486000,   970000,  1200000,
          CustBuyBeh,       6861,          0,          0,          0,       3956,       5179,      200,    22000,   199000,   422000,   620000,   990000,
       ProductReturn,      18624,          0,          0,          0,       8662,      11269,      200,    25000,   291000,   426000,   643000,   920000,

  6584s: (83%)   IR =  11485 [6584.847s][info][gc,start       ] GC(2335) Pause Young (Allocation Failure)
[6584.949s][info][gc,heap        ] GC(2335) PSYoungGen: 2591840K(2617344K)->160672K(2616832K) Eden: 2440192K(2440192K)->0K(2442240K) From: 151648K(177152K)->160672K(174592K)
[6584.949s][info][gc,heap        ] GC(2335) ParOldGen: 3624901K(3624960K)->3730421K(3730432K)
[6584.949s][info][gc,metaspace   ] GC(2335) Metaspace: 29103K(29376K)->29103K(29376K) NonClass: 26001K(26112K)->26001K(26112K) Class: 3102K(3264K)->3102K(3264K)
[6584.949s][info][gc             ] GC(2335) Pause Young (Allocation Failure) 6071M->3799M(6198M) 102.100ms
[6584.949s][info][gc,cpu         ] GC(2335) User=0.57s Sys=0.03s Real=0.10s
.[6586.295s][info][gc,start       ] GC(2336) Pause Young (Allocation Failure)
[6586.396s][info][gc,heap        ] GC(2336) PSYoungGen: 2602912K(2616832K)->158698K(2617856K) Eden: 2442240K(2442240K)->0K(2442240K) From: 160672K(174592K)->158698K(175616K)
[6586.396s][info][gc,heap        ] GC(2336) ParOldGen: 3730421K(3730432K)->3834925K(3835392K)
[6586.396s][info][gc,metaspace   ] GC(2336) Metaspace: 29103K(29376K)->29103K(29376K) NonClass: 26001K(26112K)->26001K(26112K) Class: 3102K(3264K)->3102K(3264K)
[6586.396s][info][gc             ] GC(2336) Pause Young (Allocation Failure) 6184M->3900M(6302M) 101.458ms
[6586.396s][info][gc,cpu         ] GC(2336) User=0.56s Sys=0.04s Real=0.10s
.[6587.775s][info][gc,start       ] GC(2337) Pause Young (Allocation Failure)
[6587.886s][info][gc,heap        ] GC(2337) PSYoungGen: 2600938K(2617856K)->174069K(2533888K) Eden: 2442240K(2442240K)->0K(2359808K) From: 158698K(175616K)->174069K(174080K)
[6587.886s][info][gc,heap        ] GC(2337) ParOldGen: 3834925K(3835392K)->3943381K(3943424K)
[6587.886s][info][gc,metaspace   ] GC(2337) Metaspace: 29103K(29376K)->29103K(29376K) NonClass: 26001K(26112K)->26001K(26112K) Class: 3102K(3264K)->3102K(3264K)
[6587.886s][info][gc             ] GC(2337) Pause Young (Allocation Failure) 6285M->4020M(6325M) 110.483ms
[6587.886s][info][gc,cpu         ] GC(2337) User=0.61s Sys=0.04s Real=0.11s
..[6589.244s][info][gc,start       ] GC(2338) Pause Young (Allocation Failure)
[6589.342s][info][gc,heap        ] GC(2338) PSYoungGen: 2533877K(2533888K)->153312K(2577920K) Eden: 2359808K(2359808K)->0K(2359808K) From: 174069K(174080K)->153312K(218112K)
[6589.342s][info][gc,heap        ] GC(2338) ParOldGen: 3943381K(3943424K)->4048421K(4048896K)
[6589.342s][info][gc,metaspace   ] GC(2338) Metaspace: 29103K(29376K)->29103K(29376K) NonClass: 26001K(26112K)->26001K(26112K) Class: 3102K(3264K)->3102K(3264K)
[6589.342s][info][gc             ] GC(2338) Pause Young (Allocation Failure) 6325M->4103M(6471M) 97.713ms
[6589.342s][info][gc,cpu         ] GC(2338) User=0.55s Sys=0.03s Real=0.10s
.[6590.674s][info][gc,start       ] GC(2339) Pause Young (Allocation Failure)
[6590.772s][info][gc,heap        ] GC(2339) PSYoungGen: 2513120K(2577920K)->152245K(2573312K) Eden: 2359808K(2359808K)->0K(2361344K) From: 153312K(218112K)->152245K(211968K)
[6590.772s][info][gc,heap        ] GC(2339) ParOldGen: 4048421K(4048896K)->4154029K(4154368K)
[6590.772s][info][gc,metaspace   ] GC(2339) Metaspace: 29103K(29376K)->29103K(29376K) NonClass: 26001K(26112K)->26001K(26112K) Class: 3102K(3264K)->3102K(3264K)
[6590.772s][info][gc             ] GC(2339) Pause Young (Allocation Failure) 6407M->4205M(6570M) 98.511ms
[6590.772s][info][gc,cpu         ] GC(2339) User=0.56s Sys=0.02s Real=0.10s
..[6592.164s][info][gc,start       ] GC(2340) Pause Young (Allocation Failure)
[6592.263s][info][gc,heap        ] GC(2340) PSYoungGen: 2513589K(2573312K)->156930K(2576384K) Eden: 2361344K(2361344K)->0K(2361344K) From: 152245K(211968K)->156930K(215040K)
[6592.263s][info][gc,heap        ] GC(2340) ParOldGen: 4154029K(4154368K)->4252677K(4253184K)
[6592.263s][info][gc,metaspace   ] GC(2340) Metaspace: 29103K(29376K)->29103K(29376K) NonClass: 26001K(26112K)->26001K(26112K) Class: 3102K(3264K)->3102K(3264K)
[6592.263s][info][gc             ] GC(2340) Pause Young (Allocation Failure) 6511M->4306M(6669M) 99.279ms
[6592.263s][info][gc,cpu         ] GC(2340) User=0.55s Sys=0.03s Real=0.10s
.[6593.575s][info][gc,start       ] GC(2341) Pause Young (Allocation Failure)
[6593.677s][info][gc,heap        ] GC(2341) PSYoungGen: 2518274K(2576384K)->156468K(2574336K) Eden: 2361344K(2361344K)->0K(2368512K) From: 156930K(215040K)->156468K(205824K)
[6593.677s][info][gc,heap        ] GC(2341) ParOldGen: 4252677K(4253184K)->4357997K(4358144K)
[6593.677s][info][gc,metaspace   ] GC(2341) Metaspace: 29103K(29376K)->29103K(29376K) NonClass: 26001K(26112K)->26001K(26112K) Class: 3102K(3264K)->3102K(3264K)
[6593.677s][info][gc             ] GC(2341) Pause Young (Allocation Failure) 6612M->4408M(6770M) 101.812ms
[6593.677s][info][gc,cpu         ] GC(2341) User=0.57s Sys=0.03s Real=0.10s
.|[6595.022s][info][gc,start       ] GC(2342) Pause Young (Allocation Failure)
[6595.122s][info][gc,heap        ] GC(2342) PSYoungGen: 2524980K(2574336K)->157664K(2577920K) Eden: 2368512K(2368512K)->0K(2368512K) From: 156468K(205824K)->157664K(209408K)
[6595.122s][info][gc,heap        ] GC(2342) ParOldGen: 4357997K(4358144K)->4460485K(4460544K)
[6595.122s][info][gc,metaspace   ] GC(2342) Metaspace: 29103K(29376K)->29103K(29376K) NonClass: 26001K(26112K)->26001K(26112K) Class: 3102K(3264K)->3102K(3264K)
[6595.122s][info][gc             ] GC(2342) Pause Young (Allocation Failure) 6721M->4509M(6873M) 99.626ms
[6595.122s][info][gc,cpu         ] GC(2342) User=0.56s Sys=0.03s Real=0.10s
..[6596.447s][info][gc,start       ] GC(2343) Pause Young (Allocation Failure)
[6596.548s][info][gc,heap        ] GC(2343) PSYoungGen: 2526176K(2577920K)->162752K(2578944K) Eden: 2368512K(2368512K)->0K(2380288K) From: 157664K(209408K)->162752K(198656K)
[6596.548s][info][gc,heap        ] GC(2343) ParOldGen: 4460485K(4460544K)->4561429K(4561920K)
[6596.548s][info][gc,metaspace   ] GC(2343) Metaspace: 29103K(29376K)->29103K(29376K) NonClass: 26001K(26112K)->26001K(26112K) Class: 3102K(3264K)->3102K(3264K)
[6596.548s][info][gc             ] GC(2343) Pause Young (Allocation Failure) 6822M->4613M(6973M) 100.926ms
[6596.548s][info][gc,cpu         ] GC(2343) User=0.56s Sys=0.03s Real=0.10s
.[6597.866s][info][gc,start       ] GC(2344) Pause Young (Allocation Failure)
[6597.968s][info][gc,heap        ] GC(2344) PSYoungGen: 2543040K(2578944K)->157376K(2583040K) Eden: 2380288K(2380288K)->0K(2380288K) From: 162752K(198656K)->157376K(202752K)
[6597.968s][info][gc,heap        ] GC(2344) ParOldGen: 4561429K(4561920K)->4669037K(4669440K)
[6597.968s][info][gc,metaspace   ] GC(2344) Metaspace: 29103K(29376K)->29103K(29376K) NonClass: 26001K(26112K)->26001K(26112K) Class: 3102K(3264K)->3102K(3264K)
[6597.968s][info][gc             ] GC(2344) Pause Young (Allocation Failure) 6937M->4713M(7082M) 101.859ms
[6597.968s][info][gc,cpu         ] GC(2344) User=0.58s Sys=0.02s Real=0.10s
..[6599.302s][info][gc,start       ] GC(2345) Pause Young (Allocation Failure)
[6599.398s][info][gc,heap        ] GC(2345) PSYoungGen: 2537664K(2583040K)->148992K(2589696K) Eden: 2380288K(2380288K)->0K(2393088K) From: 157376K(202752K)->148992K(196608K)
[6599.398s][info][gc,heap        ] GC(2345) ParOldGen: 4669037K(4669440K)->4769157K(4769280K)
[6599.398s][info][gc,metaspace   ] GC(2345) Metaspace: 29103K(29376K)->29103K(29376K) NonClass: 26001K(26112K)->26001K(26112K) Class: 3102K(3264K)->3102K(3264K)
[6599.398s][info][gc             ] GC(2345) Pause Young (Allocation Failure) 7037M->4802M(7186M) 96.119ms
[6599.398s][info][gc,cpu         ] GC(2345) User=0.53s Sys=0.03s Real=0.10s
.[6600.762s][info][gc,start       ] GC(2346) Pause Young (Allocation Failure)
[6600.863s][info][gc,heap        ] GC(2346) PSYoungGen: 2542080K(2589696K)->155824K(2592256K) Eden: 2393088K(2393088K)->0K(2393088K) From: 148992K(196608K)->155824K(199168K)
[6600.863s][info][gc,heap        ] GC(2346) ParOldGen: 4769157K(4769280K)->4875557K(4875776K)
[6600.863s][info][gc,metaspace   ] GC(2346) Metaspace: 29103K(29376K)->29103K(29376K) NonClass: 26001K(26112K)->26001K(26112K) Class: 3102K(3264K)->3102K(3264K)
[6600.863s][info][gc             ] GC(2346) Pause Young (Allocation Failure) 7139M->4913M(7293M) 101.245ms
[6600.864s][info][gc,cpu         ] GC(2346) User=0.55s Sys=0.04s Real=0.10s
..[6602.219s][info][gc,start       ] GC(2347) Pause Young (Allocation Failure)
[6602.320s][info][gc,heap        ] GC(2347) PSYoungGen: 2548912K(2592256K)->157322K(2591744K) Eden: 2393088K(2393088K)->0K(2400256K) From: 155824K(199168K)->157322K(191488K)
[6602.320s][info][gc,heap        ] GC(2347) ParOldGen: 4875557K(4875776K)->4976053K(4976128K)
[6602.320s][info][gc,metaspace   ] GC(2347) Metaspace: 29103K(29376K)->29103K(29376K) NonClass: 26001K(26112K)->26001K(26112K) Class: 3102K(3264K)->3102K(3264K)
[6602.320s][info][gc             ] GC(2347) Pause Young (Allocation Failure) 7250M->5013M(7390M) 100.555ms
[6602.320s][info][gc,cpu         ] GC(2347) User=0.56s Sys=0.03s Real=0.10s
.[6603.634s][info][gc,start       ] GC(2348) Pause Young (Allocation Failure)
[6603.736s][info][gc,heap        ] GC(2348) PSYoungGen: 2557578K(2591744K)->165152K(2594304K) Eden: 2400256K(2400256K)->0K(2400256K) From: 157322K(191488K)->165152K(194048K)
[6603.736s][info][gc,heap        ] GC(2348) ParOldGen: 4976053K(4976128K)->5078045K(5078528K)
[6603.736s][info][gc,metaspace   ] GC(2348) Metaspace: 29103K(29376K)->29103K(29376K) NonClass: 26001K(26112K)->26001K(26112K) Class: 3102K(3264K)->3102K(3264K)
[6603.736s][info][gc             ] GC(2348) Pause Young (Allocation Failure) 7357M->5120M(7493M) 102.129ms
[6603.736s][info][gc,cpu         ] GC(2348) User=0.58s Sys=0.03s Real=0.11s
.[6605.129s][info][gc,start       ] GC(2349) Pause Young (Allocation Failure)
[6605.233s][info][gc,heap        ] GC(2349) PSYoungGen: 2565408K(2594304K)->159904K(2596352K) Eden: 2400256K(2400256K)->0K(2409984K) From: 165152K(194048K)->159904K(186368K)
[6605.233s][info][gc,heap        ] GC(2349) ParOldGen: 5078045K(5078528K)->5185597K(5186048K)
[6605.233s][info][gc,metaspace   ] GC(2349) Metaspace: 29103K(29376K)->29103K(29376K) NonClass: 26001K(26112K)->26001K(26112K) Class: 3102K(3264K)->3102K(3264K)
[6605.233s][info][gc             ] GC(2349) Pause Young (Allocation Failure) 7464M->5220M(7600M) 104.277ms
[6605.233s][info][gc,cpu         ] GC(2349) User=0.58s Sys=0.04s Real=0.10s
..[6606.616s][info][gc,start       ] GC(2350) Pause Young (Allocation Failure)
[6606.714s][info][gc,heap        ] GC(2350) PSYoungGen: 2569888K(2596352K)->152896K(2599424K) Eden: 2409984K(2409984K)->0K(2409984K) From: 159904K(186368K)->152896K(189440K)
[6606.714s][info][gc,heap        ] GC(2350) ParOldGen: 5185597K(5186048K)->5287141K(5287424K)
[6606.714s][info][gc,metaspace   ] GC(2350) Metaspace: 29103K(29376K)->29103K(29376K) NonClass: 26001K(26112K)->26001K(26112K) Class: 3102K(3264K)->3102K(3264K)
[6606.714s][info][gc             ] GC(2350) Pause Young (Allocation Failure) 7573M->5312M(7702M) 97.841ms
[6606.714s][info][gc,cpu         ] GC(2350) User=0.54s Sys=0.04s Real=0.09s
.[6608.061s][info][gc,start       ] GC(2351) Pause Young (Allocation Failure)
[6608.163s][info][gc,heap        ] GC(2351) PSYoungGen: 2562880K(2599424K)->161376K(2600448K) Eden: 2409984K(2409984K)->0K(2418176K) From: 152896K(189440K)->161376K(182272K)
[6608.163s][info][gc,heap        ] GC(2351) ParOldGen: 5287141K(5287424K)->5390229K(5390336K)
[6608.163s][info][gc,metaspace   ] GC(2351) Metaspace: 29103K(29376K)->29103K(29376K) NonClass: 26001K(26112K)->26001K(26112K) Class: 3102K(3264K)->3102K(3264K)
[6608.163s][info][gc             ] GC(2351) Pause Young (Allocation Failure) 7666M->5421M(7803M) 101.851ms
[6608.163s][info][gc,cpu         ] GC(2351) User=0.56s Sys=0.03s Real=0.10s
..[6609.511s][info][gc,start       ] GC(2352) Pause Young (Allocation Failure)
[6609.617s][info][gc,heap        ] GC(2352) PSYoungGen: 2579552K(2600448K)->165504K(2604032K) Eden: 2418176K(2418176K)->0K(2418176K) From: 161376K(182272K)->165504K(185856K)
[6609.617s][info][gc,heap        ] GC(2352) ParOldGen: 5390229K(5390336K)->5493677K(5493760K)
[6609.617s][info][gc,metaspace   ] GC(2352) Metaspace: 29103K(29376K)->29103K(29376K) NonClass: 26001K(26112K)->26001K(26112K) Class: 3102K(3264K)->3102K(3264K)
[6609.617s][info][gc             ] GC(2352) Pause Young (Allocation Failure) 7782M->5526M(7908M) 105.379ms
[6609.617s][info][gc,cpu         ] GC(2352) User=0.59s Sys=0.02s Real=0.11s
.[6611.039s][info][gc,start       ] GC(2353) Pause Full (Allocation Failure)
[6611.039s][info][gc,phases,start] GC(2353) Marking Phase
[6611.371s][info][gc,phases      ] GC(2353) Marking Phase 331.362ms
[6611.371s][info][gc,phases,start] GC(2353) Summary Phase
[6611.371s][info][gc,phases      ] GC(2353) Summary Phase 0.118ms
[6611.371s][info][gc,phases,start] GC(2353) Forward
[6611.513s][info][gc,phases      ] GC(2353) Forward 142.355ms
[6611.513s][info][gc,phases,start] GC(2353) Adjust Pointers
[6611.732s][info][gc,phases      ] GC(2353) Adjust Pointers 219.076ms
[6611.732s][info][gc,phases,start] GC(2353) Compaction Phase
[6611.887s][info][gc,phases      ] GC(2353) Compaction Phase 154.160ms
[6611.888s][info][gc,phases,start] GC(2353) Post Compact
[6611.895s][info][gc,phases      ] GC(2353) Post Compact 7.008ms
[6612.017s][info][gc,heap        ] GC(2353) PSYoungGen: 2583680K(2604032K)->0K(2609152K) Eden: 2418176K(2418176K)->0K(2425344K) From: 165504K(185856K)->0K(183808K)
[6612.017s][info][gc,heap        ] GC(2353) ParOldGen: 5493677K(5493760K)->1642474K(2172416K)
[6612.017s][info][gc,metaspace   ] GC(2353) Metaspace: 29103K(29376K)->29093K(29376K) NonClass: 26001K(26112K)->25993K(26112K) Class: 3102K(3264K)->3099K(3264K)
[6612.017s][info][gc             ] GC(2353) Pause Full (Allocation Failure) 7888M->1603M(4669M) 977.378ms
[6612.017s][info][gc,cpu         ] GC(2353) User=4.59s Sys=0.13s Real=0.98s
.[6613.292s][info][gc,start       ] GC(2354) Pause Young (Allocation Failure)
[6613.377s][info][gc,heap        ] GC(2354) PSYoungGen: 2425344K(2609152K)->184803K(2610176K) Eden: 2425344K(2425344K)->0K(2425344K) From: 0K(183808K)->184803K(184832K)
[6613.377s][info][gc,heap        ] GC(2354) ParOldGen: 1642474K(2172416K)->1662602K(2172416K)
[6613.377s][info][gc,metaspace   ] GC(2354) Metaspace: 29094K(29376K)->29094K(29376K) NonClass: 25994K(26112K)->25994K(26112K) Class: 3099K(3264K)->3099K(3264K)
[6613.377s][info][gc             ] GC(2354) Pause Young (Allocation Failure) 3972M->1804M(4670M) 85.842ms
[6613.377s][info][gc,cpu         ] GC(2354) User=0.52s Sys=0.00s Real=0.09s
.[6614.567s][info][gc,start       ] GC(2355) Pause Young (Allocation Failure)
[6614.671s][info][gc,heap        ] GC(2355) PSYoungGen: 2610147K(2610176K)->168832K(2588672K) Eden: 2425344K(2425344K)->0K(2402816K) From: 184803K(184832K)->168832K(185856K)
[6614.671s][info][gc,heap        ] GC(2355) ParOldGen: 1662602K(2172416K)->1769122K(2172416K)
[6614.671s][info][gc,metaspace   ] GC(2355) Metaspace: 29094K(29376K)->29094K(29376K) NonClass: 25994K(26112K)->25994K(26112K) Class: 3099K(3264K)->3099K(3264K)
[6614.671s][info][gc             ] GC(2355) Pause Young (Allocation Failure) 4172M->1892M(4649M) 103.704ms
[6614.671s][info][gc,cpu         ] GC(2355) User=0.61s Sys=0.00s Real=0.10s
..[6616.037s][info][gc,start       ] GC(2356) Pause Young (Allocation Failure)
[6616.140s][info][gc,heap        ] GC(2356) PSYoungGen: 2571648K(2588672K)->163640K(2599424K) Eden: 2402816K(2402816K)->0K(2402816K) From: 168832K(185856K)->163640K(196608K)
[6616.140s][info][gc,heap        ] GC(2356) ParOldGen: 1769122K(2172416K)->1884626K(2172416K)
[6616.140s][info][gc,metaspace   ] GC(2356) Metaspace: 29094K(29376K)->29094K(29376K) NonClass: 25994K(26112K)->25994K(26112K) Class: 3099K(3264K)->3099K(3264K)
[6616.140s][info][gc             ] GC(2356) Pause Young (Allocation Failure) 4239M->2000M(4660M) 102.717ms
[6616.140s][info][gc,cpu         ] GC(2356) User=0.61s Sys=0.00s Real=0.10s
.[6617.466s][info][gc,start       ] GC(2357) Pause Young (Allocation Failure)
[6617.556s][info][gc,heap        ] GC(2357) PSYoungGen: 2566456K(2599424K)->151040K(2595840K) Eden: 2402816K(2402816K)->0K(2405376K) From: 163640K(196608K)->151040K(190464K)
[6617.556s][info][gc,heap        ] GC(2357) ParOldGen: 1884626K(2172416K)->1979322K(2172416K)
[6617.556s][info][gc,metaspace   ] GC(2357) Metaspace: 29094K(29376K)->29094K(29376K) NonClass: 25994K(26112K)->25994K(26112K) Class: 3099K(3264K)->3099K(3264K)
[6617.556s][info][gc             ] GC(2357) Pause Young (Allocation Failure) 4346M->2080M(4656M) 89.441ms
[6617.556s][info][gc,cpu         ] GC(2357) User=0.52s Sys=0.01s Real=0.09s
.[6618.785s][info][gc,start       ] GC(2358) Pause Young (Allocation Failure)
[6618.880s][info][gc,heap        ] GC(2358) PSYoungGen: 2556416K(2595840K)->162144K(2598912K) Eden: 2405376K(2405376K)->0K(2405376K) From: 151040K(190464K)->162144K(193536K)
[6618.880s][info][gc,heap        ] GC(2358) ParOldGen: 1979322K(2172416K)->2081130K(2172416K)
[6618.880s][info][gc,metaspace   ] GC(2358) Metaspace: 29094K(29376K)->29094K(29376K) NonClass: 25994K(26112K)->25994K(26112K) Class: 3099K(3264K)->3099K(3264K)
[6618.880s][info][gc             ] GC(2358) Pause Young (Allocation Failure) 4429M->2190M(4659M) 95.325ms
[6618.880s][info][gc,cpu         ] GC(2358) User=0.56s Sys=0.00s Real=0.09s
..[6620.234s][info][gc,start       ] GC(2359) Pause Young (Allocation Failure)
[6620.332s][info][gc,heap        ] GC(2359) PSYoungGen: 2567520K(2598912K)->165472K(2597888K) Eden: 2405376K(2405376K)->0K(2411520K) From: 162144K(193536K)->165472K(186368K)
[6620.332s][info][gc,heap        ] GC(2359) ParOldGen: 2081130K(2172416K)->2188338K(2188800K)
[6620.332s][info][gc,metaspace   ] GC(2359) Metaspace: 29094K(29376K)->29094K(29376K) NonClass: 25994K(26112K)->25994K(26112K) Class: 3099K(3264K)->3099K(3264K)
[6620.332s][info][gc             ] GC(2359) Pause Young (Allocation Failure) 4539M->2298M(4674M) 97.907ms
[6620.332s][info][gc,cpu         ] GC(2359) User=0.57s Sys=0.01s Real=0.10s
.[6621.584s][info][gc,start       ] GC(2360) Pause Young (Allocation Failure)
[6621.680s][info][gc,heap        ] GC(2360) PSYoungGen: 2576992K(2597888K)->153504K(2600448K) Eden: 2411520K(2411520K)->0K(2411520K) From: 165472K(186368K)->153504K(188928K)
[6621.680s][info][gc,heap        ] GC(2360) ParOldGen: 2188338K(2188800K)->2290162K(2290176K)
[6621.680s][info][gc,metaspace   ] GC(2360) Metaspace: 29094K(29376K)->29094K(29376K) NonClass: 25994K(26112K)->25994K(26112K) Class: 3099K(3264K)->3099K(3264K)
[6621.680s][info][gc             ] GC(2360) Pause Young (Allocation Failure) 4653M->2386M(4776M) 95.805ms
[6621.680s][info][gc,cpu         ] GC(2360) User=0.53s Sys=0.03s Real=0.10s
.[6622.992s][info][gc,start       ] GC(2361) Pause Young (Allocation Failure)
[6623.090s][info][gc,heap        ] GC(2361) PSYoungGen: 2565024K(2600448K)->158912K(2602496K) Eden: 2411520K(2411520K)->0K(2418688K) From: 153504K(188928K)->158912K(183808K)
[6623.090s][info][gc,heap        ] GC(2361) ParOldGen: 2290162K(2290176K)->2393698K(2394112K)
[6623.090s][info][gc,metaspace   ] GC(2361) Metaspace: 29094K(29376K)->29094K(29376K) NonClass: 25994K(26112K)->25994K(26112K) Class: 3099K(3264K)->3099K(3264K)
[6623.090s][info][gc             ] GC(2361) Pause Young (Allocation Failure) 4741M->2492M(4879M) 98.287ms
[6623.090s][info][gc,cpu         ] GC(2361) User=0.54s Sys=0.04s Real=0.10s
..[6624.454s][info][gc,start       ] GC(2362) Pause Young (Allocation Failure)
[6624.549s][info][gc,heap        ] GC(2362) PSYoungGen: 2577600K(2602496K)->153024K(2605056K) Eden: 2418688K(2418688K)->0K(2418688K) From: 158912K(183808K)->153024K(186368K)
[6624.549s][info][gc,heap        ] GC(2362) ParOldGen: 2393698K(2394112K)->2497330K(2497536K)
[6624.549s][info][gc,metaspace   ] GC(2362) Metaspace: 29094K(29376K)->29094K(29376K) NonClass: 25994K(26112K)->25994K(26112K) Class: 3099K(3264K)->3099K(3264K)
[6624.549s][info][gc             ] GC(2362) Pause Young (Allocation Failure) 4854M->2588M(4983M) 95.698ms
[6624.549s][info][gc,cpu         ] GC(2362) User=0.53s Sys=0.03s Real=0.10s
.[6625.833s][info][gc,start       ] GC(2363) Pause Young (Allocation Failure)
[6625.930s][info][gc,heap        ] GC(2363) PSYoungGen: 2571712K(2605056K)->158976K(2605056K) Eden: 2418688K(2418688K)->0K(2423808K) From: 153024K(186368K)->158976K(181248K)
[6625.930s][info][gc,heap        ] GC(2363) ParOldGen: 2497330K(2497536K)->2599858K(2599936K)
[6625.930s][info][gc,metaspace   ] GC(2363) Metaspace: 29094K(29376K)->29094K(29376K) NonClass: 25994K(26112K)->25994K(26112K) Class: 3099K(3264K)->3099K(3264K)
[6625.930s][info][gc             ] GC(2363) Pause Young (Allocation Failure) 4950M->2694M(5083M) 96.962ms
[6625.930s][info][gc,cpu         ] GC(2363) User=0.53s Sys=0.04s Real=0.10s
.[6627.262s][info][gc,start       ] GC(2364) Pause Young (Allocation Failure)
[6627.365s][info][gc,heap        ] GC(2364) PSYoungGen: 2582784K(2605056K)->163024K(2607616K) Eden: 2423808K(2423808K)->0K(2423808K) From: 158976K(181248K)->163024K(183808K)
[6627.365s][info][gc,heap        ] GC(2364) ParOldGen: 2599858K(2599936K)->2704194K(2704384K)
[6627.365s][info][gc,metaspace   ] GC(2364) Metaspace: 29094K(29376K)->29094K(29376K) NonClass: 25994K(26112K)->25994K(26112K) Class: 3099K(3264K)->3099K(3264K)
[6627.365s][info][gc             ] GC(2364) Pause Young (Allocation Failure) 5061M->2800M(5187M) 102.724ms
[6627.365s][info][gc,cpu         ] GC(2364) User=0.58s Sys=0.03s Real=0.11s
..[6628.830s][info][gc,start       ] GC(2365) Pause Young (Allocation Failure)
[6628.935s][info][gc,heap        ] GC(2365) PSYoungGen: 2586832K(2607616K)->168768K(2612224K) Eden: 2423808K(2423808K)->0K(2429952K) From: 163024K(183808K)->168768K(182272K)
[6628.935s][info][gc,heap        ] GC(2365) ParOldGen: 2704194K(2704384K)->2810298K(2810368K)
[6628.935s][info][gc,metaspace   ] GC(2365) Metaspace: 29094K(29376K)->29094K(29376K) NonClass: 25994K(26112K)->25994K(26112K) Class: 3099K(3264K)->3099K(3264K)
[6628.935s][info][gc             ] GC(2365) Pause Young (Allocation Failure) 5167M->2909M(5295M) 104.714ms
[6628.935s][info][gc,cpu         ] GC(2365) User=0.58s Sys=0.03s Real=0.11s
.[6630.312s][info][gc,start       ] GC(2366) Pause Young (Allocation Failure)
[6630.411s][info][gc,heap        ] GC(2366) PSYoungGen: 2598720K(2612224K)->153376K(2612736K) Eden: 2429952K(2429952K)->0K(2429952K) From: 168768K(182272K)->153376K(182784K)
[6630.411s][info][gc,heap        ] GC(2366) ParOldGen: 2810298K(2810368K)->2915250K(2915328K)
[6630.411s][info][gc,metaspace   ] GC(2366) Metaspace: 29094K(29376K)->29094K(29376K) NonClass: 25994K(26112K)->25994K(26112K) Class: 3099K(3264K)->3099K(3264K)
[6630.411s][info][gc             ] GC(2366) Pause Young (Allocation Failure) 5282M->2996M(5398M) 98.148ms
[6630.411s][info][gc,cpu         ] GC(2366) User=0.54s Sys=0.04s Real=0.10s
..[6631.762s][info][gc,start       ] GC(2367) Pause Young (Allocation Failure)
[6631.864s][info][gc,heap        ] GC(2367) PSYoungGen: 2583328K(2612736K)->163643K(2611200K) Eden: 2429952K(2429952K)->0K(2430976K) From: 153376K(182784K)->163643K(180224K)
[6631.864s][info][gc,heap        ] GC(2367) ParOldGen: 2915250K(2915328K)->3019570K(3019776K)
[6631.864s][info][gc,metaspace   ] GC(2367) Metaspace: 29094K(29376K)->29094K(29376K) NonClass: 25994K(26112K)->25994K(26112K) Class: 3099K(3264K)->3099K(3264K)
[6631.864s][info][gc             ] GC(2367) Pause Young (Allocation Failure) 5369M->3108M(5499M) 101.796ms
[6631.864s][info][gc,cpu         ] GC(2367) User=0.57s Sys=0.03s Real=0.10s
.[6633.283s][info][gc,start       ] GC(2368) Pause Young (Allocation Failure)
[6633.378s][info][gc,heap        ] GC(2368) PSYoungGen: 2594619K(2611200K)->146016K(2612224K) Eden: 2430976K(2430976K)->0K(2430976K) From: 163643K(180224K)->146016K(181248K)
[6633.378s][info][gc,heap        ] GC(2368) ParOldGen: 3019570K(3019776K)->3126082K(3126272K)
[6633.378s][info][gc,metaspace   ] GC(2368) Metaspace: 29094K(29376K)->29094K(29376K) NonClass: 25994K(26112K)->25994K(26112K) Class: 3099K(3264K)->3099K(3264K)
[6633.378s][info][gc             ] GC(2368) Pause Young (Allocation Failure) 5482M->3195M(5604M) 95.139ms
[6633.378s][info][gc,cpu         ] GC(2368) User=0.52s Sys=0.03s Real=0.10s
..[6634.716s][info][gc,start       ] GC(2369) Pause Young (Allocation Failure)
[6634.822s][info][gc,heap        ] GC(2369) PSYoungGen: 2576992K(2612224K)->174264K(2608128K) Eden: 2430976K(2430976K)->0K(2426368K) From: 146016K(181248K)->174264K(181760K)
[6634.822s][info][gc,heap        ] GC(2369) ParOldGen: 3126082K(3126272K)->3227778K(3228160K)
[6634.822s][info][gc,metaspace   ] GC(2369) Metaspace: 29094K(29376K)->29094K(29376K) NonClass: 25994K(26112K)->25994K(26112K) Class: 3099K(3264K)->3099K(3264K)
[6634.822s][info][gc             ] GC(2369) Pause Young (Allocation Failure) 5569M->3322M(5699M) 106.050ms
[6634.822s][info][gc,cpu         ] GC(2369) User=0.59s Sys=0.03s Real=0.10s
.[6636.162s][info][gc,start       ] GC(2370) Pause Young (Allocation Failure)
[6636.261s][info][gc,heap        ] GC(2370) PSYoungGen: 2600632K(2608128K)->152672K(2611200K) Eden: 2426368K(2426368K)->0K(2426368K) From: 174264K(181760K)->152672K(184832K)
[6636.261s][info][gc,heap        ] GC(2370) ParOldGen: 3227778K(3228160K)->3335026K(3335168K)
[6636.261s][info][gc,metaspace   ] GC(2370) Metaspace: 29094K(29376K)->29094K(29376K) NonClass: 25994K(26112K)->25994K(26112K) Class: 3099K(3264K)->3099K(3264K)
[6636.261s][info][gc             ] GC(2370) Pause Young (Allocation Failure) 5691M->3405M(5807M) 99.289ms
[6636.261s][info][gc,cpu         ] GC(2370) User=0.56s Sys=0.02s Real=0.10s
.[6637.593s][info][gc,start       ] GC(2371) Pause Young (Allocation Failure)
[6637.696s][info][gc,heap        ] GC(2371) PSYoungGen: 2579040K(2611200K)->161212K(2606592K) Eden: 2426368K(2426368K)->0K(2426880K) From: 152672K(184832K)->161212K(179712K)
[6637.696s][info][gc,heap        ] GC(2371) ParOldGen: 3335026K(3335168K)->3440794K(3441152K)
[6637.696s][info][gc,metaspace   ] GC(2371) Metaspace: 29094K(29376K)->29094K(29376K) NonClass: 25994K(26112K)->25994K(26112K) Class: 3099K(3264K)->3099K(3264K)
[6637.696s][info][gc             ] GC(2371) Pause Young (Allocation Failure) 5775M->3517M(5906M) 102.728ms
[6637.696s][info][gc,cpu         ] GC(2371) User=0.57s Sys=0.03s Real=0.11s
..[6639.147s][info][gc,start       ] GC(2372) Pause Young (Allocation Failure)
[6639.243s][info][gc,heap        ] GC(2372) PSYoungGen: 2588092K(2606592K)->148512K(2609152K) Eden: 2426880K(2426880K)->0K(2426880K) From: 161212K(179712K)->148512K(182272K)
[6639.243s][info][gc,heap        ] GC(2372) ParOldGen: 3440794K(3441152K)->3543234K(3543552K)
[6639.243s][info][gc,metaspace   ] GC(2372) Metaspace: 29094K(29376K)->29094K(29376K) NonClass: 25994K(26112K)->25994K(26112K) Class: 3099K(3264K)->3099K(3264K)
[6639.243s][info][gc             ] GC(2372) Pause Young (Allocation Failure) 5887M->3605M(6008M) 95.958ms
[6639.243s][info][gc,cpu         ] GC(2372) User=0.54s Sys=0.03s Real=0.09s
.[6640.650s][info][gc,start       ] GC(2373) Pause Young (Allocation Failure)
[6640.749s][info][gc,heap        ] GC(2373) PSYoungGen: 2575392K(2609152K)->154848K(2611200K) Eden: 2426880K(2426880K)->0K(2432000K) From: 148512K(182272K)->154848K(179200K)
[6640.749s][info][gc,heap        ] GC(2373) ParOldGen: 3543234K(3543552K)->3649874K(3650048K)
[6640.749s][info][gc,metaspace   ] GC(2373) Metaspace: 29094K(29376K)->29094K(29376K) NonClass: 25994K(26112K)->25994K(26112K) Class: 3099K(3264K)->3099K(3264K)
[6640.749s][info][gc             ] GC(2373) Pause Young (Allocation Failure) 5975M->3715M(6114M) 99.368ms
[6640.749s][info][gc,cpu         ] GC(2373) User=0.55s Sys=0.03s Real=0.10s
..[6642.091s][info][gc,start       ] GC(2374) Pause Young (Allocation Failure)
[6642.192s][info][gc,heap        ] GC(2374) PSYoungGen: 2586848K(2611200K)->168864K(2612736K) Eden: 2432000K(2432000K)->0K(2432000K) From: 154848K(179200K)->168864K(180736K)
[6642.192s][info][gc,heap        ] GC(2374) ParOldGen: 3649874K(3650048K)->3750794K(3750912K)
[6642.192s][info][gc,metaspace   ] GC(2374) Metaspace: 29094K(29376K)->29094K(29376K) NonClass: 25994K(26112K)->25994K(26112K) Class: 3099K(3264K)->3099K(3264K)
[6642.192s][info][gc             ] GC(2374) Pause Young (Allocation Failure) 6090M->3827M(6214M) 101.217ms
[6642.192s][info][gc,cpu         ] GC(2374) User=0.56s Sys=0.04s Real=0.10s
.[6643.580s][info][gc,start       ] GC(2375) Pause Young (Allocation Failure)
[6643.684s][info][gc,heap        ] GC(2375) PSYoungGen: 2600864K(2612736K)->162592K(2613760K) Eden: 2432000K(2432000K)->0K(2433024K) From: 168864K(180736K)->162592K(180736K)
[6643.684s][info][gc,heap        ] GC(2375) ParOldGen: 3750794K(3750912K)->3854834K(3854848K)
[6643.684s][info][gc,metaspace   ] GC(2375) Metaspace: 29094K(29376K)->29094K(29376K) NonClass: 25994K(26112K)->25994K(26112K) Class: 3099K(3264K)->3099K(3264K)
[6643.684s][info][gc             ] GC(2375) Pause Young (Allocation Failure) 6202M->3923M(6317M) 104.140ms
[6643.684s][info][gc,cpu         ] GC(2375) User=0.57s Sys=0.05s Real=0.10s
..[6645.017s][info][gc,start       ] GC(2376) Pause Young (Allocation Failure)
[6645.123s][info][gc,heap        ] GC(2376) PSYoungGen: 2595616K(2613760K)->171284K(2604544K) Eden: 2433024K(2433024K)->0K(2433024K) From: 162592K(180736K)->171284K(171520K)
[6645.123s][info][gc,heap        ] GC(2376) ParOldGen: 3854834K(3854848K)->3960146K(3960320K)
[6645.123s][info][gc,metaspace   ] GC(2376) Metaspace: 29094K(29376K)->29094K(29376K) NonClass: 25994K(26112K)->25994K(26112K) Class: 3099K(3264K)->3099K(3264K)
[6645.123s][info][gc             ] GC(2376) Pause Young (Allocation Failure) 6299M->4034M(6411M) 105.560ms
[6645.123s][info][gc,cpu         ] GC(2376) User=0.60s Sys=0.03s Real=0.10s
.[6646.491s][info][gc,start       ] GC(2377) Pause Young (Allocation Failure)
[6646.598s][info][gc,heap        ] GC(2377) PSYoungGen: 2604308K(2604544K)->168858K(2611200K) Eden: 2433024K(2433024K)->0K(2428416K) From: 171284K(171520K)->168858K(182784K)
[6646.598s][info][gc,heap        ] GC(2377) ParOldGen: 3960146K(3960320K)->4063218K(4063232K)
[6646.598s][info][gc,metaspace   ] GC(2377) Metaspace: 29094K(29376K)->29094K(29376K) NonClass: 25994K(26112K)->25994K(26112K) Class: 3099K(3264K)->3099K(3264K)
[6646.598s][info][gc             ] GC(2377) Pause Young (Allocation Failure) 6410M->4132M(6518M) 106.262ms
[6646.598s][info][gc,cpu         ] GC(2377) User=0.59s Sys=0.03s Real=0.11s
.[6647.952s][info][gc,start       ] GC(2378) Pause Young (Allocation Failure)
[6648.059s][info][gc,heap        ] GC(2378) PSYoungGen: 2597274K(2611200K)->172628K(2601472K) Eden: 2428416K(2428416K)->0K(2428416K) From: 168858K(182784K)->172628K(173056K)
[6648.059s][info][gc,heap        ] GC(2378) ParOldGen: 4063218K(4063232K)->4168210K(4168704K)
[6648.059s][info][gc,metaspace   ] GC(2378) Metaspace: 29094K(29376K)->29094K(29376K) NonClass: 25994K(26112K)->25994K(26112K) Class: 3099K(3264K)->3099K(3264K)
[6648.059s][info][gc             ] GC(2378) Pause Young (Allocation Failure) 6504M->4239M(6611M) 107.059ms
[6648.059s][info][gc,cpu         ] GC(2378) User=0.60s Sys=0.03s Real=0.11s
..[6649.397s][info][gc,start       ] GC(2379) Pause Young (Allocation Failure)
[6649.497s][info][gc,heap        ] GC(2379) PSYoungGen: 2601044K(2601472K)->154368K(2611200K) Eden: 2428416K(2428416K)->0K(2425856K) From: 172628K(173056K)->154368K(185344K)
[6649.497s][info][gc,heap        ] GC(2379) ParOldGen: 4168210K(4168704K)->4274146K(4274176K)
[6649.497s][info][gc,metaspace   ] GC(2379) Metaspace: 29094K(29376K)->29094K(29376K) NonClass: 25994K(26112K)->25994K(26112K) Class: 3099K(3264K)->3099K(3264K)
[6649.497s][info][gc             ] GC(2379) Pause Young (Allocation Failure) 6610M->4324M(6724M) 100.008ms
[6649.497s][info][gc,cpu         ] GC(2379) User=0.56s Sys=0.03s Real=0.10s
.[6650.849s][info][gc,start       ] GC(2380) Pause Young (Allocation Failure)
[6650.949s][info][gc,heap        ] GC(2380) PSYoungGen: 2580224K(2611200K)->161088K(2587136K) Eden: 2425856K(2425856K)->0K(2425856K) From: 154368K(185344K)->161088K(161280K)
[6650.949s][info][gc,heap        ] GC(2380) ParOldGen: 4274146K(4274176K)->4377178K(4377600K)
[6650.949s][info][gc,metaspace   ] GC(2380) Metaspace: 29094K(29376K)->29094K(29376K) NonClass: 25994K(26112K)->25994K(26112K) Class: 3099K(3264K)->3099K(3264K)
[6650.949s][info][gc             ] GC(2380) Pause Young (Allocation Failure) 6693M->4431M(6801M) 99.810ms
[6650.949s][info][gc,cpu         ] GC(2380) User=0.56s Sys=0.03s Real=0.10s
..[6652.317s][info][gc,start       ] GC(2381) Pause Young (Allocation Failure)
[6652.417s][info][gc,heap        ] GC(2381) PSYoungGen: 2586944K(2587136K)->150400K(2608640K) Eden: 2425856K(2425856K)->0K(2425856K) From: 161088K(161280K)->150400K(182784K)
[6652.417s][info][gc,heap        ] GC(2381) ParOldGen: 4377178K(4377600K)->4485018K(4485120K)
[6652.417s][info][gc,metaspace   ] GC(2381) Metaspace: 29094K(29376K)->29094K(29376K) NonClass: 25994K(26112K)->25994K(26112K) Class: 3099K(3264K)->3099K(3264K)
[6652.417s][info][gc             ] GC(2381) Pause Young (Allocation Failure) 6800M->4526M(6927M) 100.586ms
[6652.417s][info][gc,cpu         ] GC(2381) User=0.55s Sys=0.03s Real=0.10s
.[6653.776s][info][gc,start       ] GC(2382) Pause Young (Allocation Failure)
[6653.878s][info][gc,heap        ] GC(2382) PSYoungGen: 2576256K(2608640K)->165568K(2608640K) Eden: 2425856K(2425856K)->0K(2425856K) From: 150400K(182784K)->165568K(182784K)
[6653.878s][info][gc,heap        ] GC(2382) ParOldGen: 4485018K(4485120K)->4584602K(4584960K)
[6653.878s][info][gc,metaspace   ] GC(2382) Metaspace: 29094K(29376K)->29094K(29376K) NonClass: 25994K(26112K)->25994K(26112K) Class: 3099K(3264K)->3099K(3264K)
[6653.878s][info][gc             ] GC(2382) Pause Young (Allocation Failure) 6895M->4638M(7025M) 101.937ms
[6653.878s][info][gc,cpu         ] GC(2382) User=0.57s Sys=0.04s Real=0.10s
. (rIR:aIR:PR = 11485:11518:11520) (tPR = 171640) [OK] 
  6654s: Performance info:
         Transaction,    Success,    Partial,     Failed,   Receipts, AvgBarcode, 
             Overall,     693192,          0,          0,     658461,      59.47, 
         Response times:
             Request,    Success,    Partial,     Failed,   SkipFail,     Probes,    Samples,      min,      p50,      p90,      p95,      p99,      max, 
       TotalPurchase,     658570,          0,          0,          0,     311557,     417512,      300,    33000,   357000,   610000,   870000,  1600000,
     InStorePurchase,     344705,          0,          0,          0,     163548,     219080,      300,    33000,   330000,   594000,   820000,  1600000,
      OnlinePurchase,     244180,          0,          0,          0,     114579,     153932,      300,    33000,   404000,   700000,   880000,  1500000,
        InstPurchase,      69685,          0,          0,          0,      33430,      44500,      400,    34000,   404000,   610000,   930000,  1400000,
          AssocOfCat,        690,          0,          0,          0,        516,        787,    27000,    91000,   370600,   710000,  1100000,  1200000,
      AssocOfProduct,       6927,          0,          0,          0,       3787,       5090,      400,    34000,   346900,   610000,   810000,  1500000,
      BusinessReport,       1726,          0,          0,          0,       1430,       1992,    31000,    96000,   433100,   780000,  1100000,  1500000,
          CustBuyBeh,       6821,          0,          0,          0,       3704,       4934,      600,    32000,   356500,   570000,   980000,  1100000,
       ProductReturn,      18578,          0,          0,          0,       8499,      11263,      500,    34000,   364000,   660000,   840000,  1100000,

  6654s: (84%)   IR =  11623 [6655.281s][info][gc,start       ] GC(2383) Pause Young (Allocation Failure)
[6655.387s][info][gc,heap        ] GC(2383) PSYoungGen: 2591424K(2608640K)->162522K(2610688K) Eden: 2425856K(2425856K)->0K(2430976K) From: 165568K(182784K)->162522K(179712K)
[6655.387s][info][gc,heap        ] GC(2383) ParOldGen: 4584602K(4584960K)->4688874K(4688896K)
[6655.387s][info][gc,metaspace   ] GC(2383) Metaspace: 29094K(29376K)->29094K(29376K) NonClass: 25994K(26112K)->25994K(26112K) Class: 3099K(3264K)->3099K(3264K)
[6655.387s][info][gc             ] GC(2383) Pause Young (Allocation Failure) 7007M->4737M(7128M) 106.109ms
[6655.387s][info][gc,cpu         ] GC(2383) User=0.59s Sys=0.03s Real=0.11s
..[6656.750s][info][gc,start       ] GC(2384) Pause Young (Allocation Failure)
[6656.851s][info][gc,heap        ] GC(2384) PSYoungGen: 2593498K(2610688K)->159232K(2611712K) Eden: 2430976K(2430976K)->0K(2430976K) From: 162522K(179712K)->159232K(180736K)
[6656.851s][info][gc,heap        ] GC(2384) ParOldGen: 4688874K(4688896K)->4795650K(4795904K)
[6656.851s][info][gc,metaspace   ] GC(2384) Metaspace: 29094K(29376K)->29094K(29376K) NonClass: 25994K(26112K)->25994K(26112K) Class: 3099K(3264K)->3099K(3264K)
[6656.851s][info][gc             ] GC(2384) Pause Young (Allocation Failure) 7111M->4838M(7234M) 101.565ms
[6656.852s][info][gc,cpu         ] GC(2384) User=0.57s Sys=0.03s Real=0.10s
.[6658.145s][info][gc,start       ] GC(2385) Pause Young (Allocation Failure)
[6658.285s][info][gc,heap        ] GC(2385) PSYoungGen: 2590208K(2611712K)->179172K(2527744K) Eden: 2430976K(2430976K)->0K(2348544K) From: 159232K(180736K)->179172K(179200K)
[6658.285s][info][gc,heap        ] GC(2385) ParOldGen: 4795650K(4795904K)->4902730K(4902912K)
[6658.285s][info][gc,metaspace   ] GC(2385) Metaspace: 29094K(29376K)->29094K(29376K) NonClass: 25994K(26112K)->25994K(26112K) Class: 3099K(3264K)->3099K(3264K)
[6658.285s][info][gc             ] GC(2385) Pause Young (Allocation Failure) 7212M->4962M(7256M) 140.200ms
[6658.285s][info][gc,cpu         ] GC(2385) User=0.63s Sys=0.03s Real=0.14s
..[6659.579s][info][gc,start       ] GC(2386) Pause Young (Allocation Failure)
[6659.680s][info][gc,heap        ] GC(2386) PSYoungGen: 2527716K(2527744K)->156160K(2572288K) Eden: 2348544K(2348544K)->0K(2348544K) From: 179172K(179200K)->156160K(223744K)
[6659.680s][info][gc,heap        ] GC(2386) ParOldGen: 4902730K(4902912K)->5006290K(5006336K)
[6659.680s][info][gc,metaspace   ] GC(2386) Metaspace: 29094K(29376K)->29094K(29376K) NonClass: 25994K(26112K)->25994K(26112K) Class: 3099K(3264K)->3099K(3264K)
[6659.680s][info][gc             ] GC(2386) Pause Young (Allocation Failure) 7256M->5041M(7401M) 100.630ms
[6659.680s][info][gc,cpu         ] GC(2386) User=0.55s Sys=0.05s Real=0.10s
.[6661.031s][info][gc,start       ] GC(2387) Pause Young (Allocation Failure)
[6661.132s][info][gc,heap        ] GC(2387) PSYoungGen: 2504704K(2572288K)->163268K(2563072K) Eden: 2348544K(2348544K)->0K(2350592K) From: 156160K(223744K)->163268K(212480K)
[6661.132s][info][gc,heap        ] GC(2387) ParOldGen: 5006290K(5006336K)->5107066K(5107200K)
[6661.132s][info][gc,metaspace   ] GC(2387) Metaspace: 29094K(29376K)->29094K(29376K) NonClass: 25994K(26112K)->25994K(26112K) Class: 3099K(3264K)->3099K(3264K)
[6661.132s][info][gc             ] GC(2387) Pause Young (Allocation Failure) 7334M->5146M(7490M) 101.103ms
[6661.132s][info][gc,cpu         ] GC(2387) User=0.57s Sys=0.03s Real=0.10s
.[6662.491s][info][gc,start       ] GC(2388) Pause Young (Allocation Failure)
[6662.588s][info][gc,heap        ] GC(2388) PSYoungGen: 2513860K(2563072K)->152480K(2568704K) Eden: 2350592K(2350592K)->0K(2350592K) From: 163268K(212480K)->152480K(218112K)
[6662.588s][info][gc,heap        ] GC(2388) ParOldGen: 5107066K(5107200K)->5207706K(5208064K)
[6662.588s][info][gc,metaspace   ] GC(2388) Metaspace: 29094K(29376K)->29094K(29376K) NonClass: 25994K(26112K)->25994K(26112K) Class: 3099K(3264K)->3099K(3264K)
[6662.589s][info][gc             ] GC(2388) Pause Young (Allocation Failure) 7442M->5234M(7594M) 97.362ms
[6662.589s][info][gc,cpu         ] GC(2388) User=0.54s Sys=0.03s Real=0.10s
..[6663.846s][info][gc,start       ] GC(2389) Pause Young (Allocation Failure)
[6663.953s][info][gc,heap        ] GC(2389) PSYoungGen: 2503072K(2568704K)->166036K(2568192K) Eden: 2350592K(2350592K)->0K(2361344K) From: 152480K(218112K)->166036K(206848K)
[6663.953s][info][gc,heap        ] GC(2389) ParOldGen: 5207706K(5208064K)->5315034K(5315072K)
[6663.953s][info][gc,metaspace   ] GC(2389) Metaspace: 29094K(29376K)->29094K(29376K) NonClass: 25994K(26112K)->25994K(26112K) Class: 3099K(3264K)->3099K(3264K)
[6663.953s][info][gc             ] GC(2389) Pause Young (Allocation Failure) 7530M->5352M(7698M) 106.581ms
[6663.953s][info][gc,cpu         ] GC(2389) User=0.59s Sys=0.04s Real=0.10s
.[6665.245s][info][gc,start       ] GC(2390) Pause Young (Allocation Failure)
[6665.342s][info][gc,heap        ] GC(2390) PSYoungGen: 2527380K(2568192K)->147264K(2573824K) Eden: 2361344K(2361344K)->0K(2361344K) From: 166036K(206848K)->147264K(212480K)
[6665.342s][info][gc,heap        ] GC(2390) ParOldGen: 5315034K(5315072K)->5417426K(5417472K)
[6665.342s][info][gc,metaspace   ] GC(2390) Metaspace: 29094K(29376K)->29094K(29376K) NonClass: 25994K(26112K)->25994K(26112K) Class: 3099K(3264K)->3099K(3264K)
[6665.342s][info][gc             ] GC(2390) Pause Young (Allocation Failure) 7658M->5434M(7804M) 97.503ms
[6665.342s][info][gc,cpu         ] GC(2390) User=0.54s Sys=0.03s Real=0.09s
.[6666.572s][info][gc,start       ] GC(2391) Pause Young (Allocation Failure)
[6666.674s][info][gc,heap        ] GC(2391) PSYoungGen: 2508608K(2573824K)->162911K(2574848K) Eden: 2361344K(2361344K)->0K(2371584K) From: 147264K(212480K)->162911K(203264K)
[6666.674s][info][gc,heap        ] GC(2391) ParOldGen: 5417426K(5417472K)->5518178K(5518336K)
[6666.674s][info][gc,metaspace   ] GC(2391) Metaspace: 29094K(29376K)->29094K(29376K) NonClass: 25994K(26112K)->25994K(26112K) Class: 3099K(3264K)->3099K(3264K)
[6666.674s][info][gc             ] GC(2391) Pause Young (Allocation Failure) 7740M->5547M(7903M) 101.809ms
[6666.674s][info][gc,cpu         ] GC(2391) User=0.58s Sys=0.03s Real=0.10s
..[6667.958s][info][gc,start       ] GC(2392) Pause Full (Allocation Failure)
[6667.958s][info][gc,phases,start] GC(2392) Marking Phase
[6668.303s][info][gc,phases      ] GC(2392) Marking Phase 344.985ms
[6668.303s][info][gc,phases,start] GC(2392) Summary Phase
[6668.303s][info][gc,phases      ] GC(2392) Summary Phase 0.104ms
[6668.303s][info][gc,phases,start] GC(2392) Forward
[6668.424s][info][gc,phases      ] GC(2392) Forward 121.145ms
[6668.424s][info][gc,phases,start] GC(2392) Adjust Pointers
[6668.640s][info][gc,phases      ] GC(2392) Adjust Pointers 215.332ms
[6668.640s][info][gc,phases,start] GC(2392) Compaction Phase
[6668.792s][info][gc,phases      ] GC(2392) Compaction Phase 152.616ms
[6668.793s][info][gc,phases,start] GC(2392) Post Compact
[6668.800s][info][gc,phases      ] GC(2392) Post Compact 6.881ms
[6668.937s][info][gc,heap        ] GC(2392) PSYoungGen: 2534495K(2574848K)->0K(2579456K) Eden: 2371584K(2371584K)->0K(2371584K) From: 162911K(203264K)->0K(207872K)
[6668.937s][info][gc,heap        ] GC(2392) ParOldGen: 5518178K(5518336K)->1629789K(2174976K)
[6668.937s][info][gc,metaspace   ] GC(2392) Metaspace: 29094K(29376K)->29090K(29376K) NonClass: 25994K(26112K)->25992K(26112K) Class: 3099K(3264K)->3098K(3264K)
[6668.937s][info][gc             ] GC(2392) Pause Full (Allocation Failure) 7863M->1591M(4643M) 979.480ms
[6668.937s][info][gc,cpu         ] GC(2392) User=4.49s Sys=0.14s Real=0.98s
.[6669.981s][info][gc,start       ] GC(2393) Pause Full (Diagnostic Command)
[6669.981s][info][gc,phases,start] GC(2393) Marking Phase
[6670.351s][info][gc,phases      ] GC(2393) Marking Phase 370.557ms
[6670.351s][info][gc,phases,start] GC(2393) Summary Phase
[6670.351s][info][gc,phases      ] GC(2393) Summary Phase 0.055ms
[6670.351s][info][gc,phases,start] GC(2393) Forward
[6670.488s][info][gc,phases      ] GC(2393) Forward 136.922ms
[6670.488s][info][gc,phases,start] GC(2393) Adjust Pointers
[6670.722s][info][gc,phases      ] GC(2393) Adjust Pointers 233.820ms
[6670.722s][info][gc,phases,start] GC(2393) Compaction Phase
[6670.989s][info][gc,phases      ] GC(2393) Compaction Phase 266.609ms
[6670.991s][info][gc,phases,start] GC(2393) Post Compact
[6670.995s][info][gc,phases      ] GC(2393) Post Compact 3.263ms
[6670.995s][info][gc,heap        ] GC(2393) PSYoungGen: 2082077K(2579456K)->0K(2579456K) Eden: 2082077K(2371584K)->0K(2371584K) From: 0K(207872K)->0K(207872K)
[6670.995s][info][gc,heap        ] GC(2393) ParOldGen: 1629789K(2174976K)->1374011K(2174976K)
[6670.995s][info][gc,metaspace   ] GC(2393) Metaspace: 29090K(29376K)->29090K(29376K) NonClass: 25992K(26112K)->25992K(26112K) Class: 3098K(3264K)->3098K(3264K)
[6670.995s][info][gc             ] GC(2393) Pause Full (Diagnostic Command) 3624M->1341M(4643M) 1014.195ms
[6670.995s][info][gc,cpu         ] GC(2393) User=5.57s Sys=0.01s Real=1.02s
?.[6672.292s][info][gc,start       ] GC(2394) Pause Young (Allocation Failure)
[6672.372s][info][gc,heap        ] GC(2394) PSYoungGen: 2371584K(2579456K)->188329K(2579968K) Eden: 2371584K(2371584K)->0K(2372096K) From: 0K(207872K)->188329K(207872K)
[6672.373s][info][gc,heap        ] GC(2394) ParOldGen: 1374011K(2174976K)->1374011K(2174976K)
[6672.373s][info][gc,metaspace   ] GC(2394) Metaspace: 29090K(29376K)->29090K(29376K) NonClass: 25992K(26112K)->25992K(26112K) Class: 3098K(3264K)->3098K(3264K)
[6672.373s][info][gc             ] GC(2394) Pause Young (Allocation Failure) 3657M->1525M(4643M) 80.510ms
[6672.373s][info][gc,cpu         ] GC(2394) User=0.48s Sys=0.00s Real=0.08s
?.[6673.562s][info][gc,start       ] GC(2395) Pause Young (Allocation Failure)
[6673.663s][info][gc,heap        ] GC(2395) PSYoungGen: 2560425K(2579968K)->163200K(2584064K) Eden: 2372096K(2372096K)->0K(2372096K) From: 188329K(207872K)->163200K(211968K)
[6673.663s][info][gc,heap        ] GC(2395) ParOldGen: 1374011K(2174976K)->1494827K(2174976K)
[6673.663s][info][gc,metaspace   ] GC(2395) Metaspace: 29090K(29376K)->29090K(29376K) NonClass: 25992K(26112K)->25992K(26112K) Class: 3098K(3264K)->3098K(3264K)
[6673.663s][info][gc             ] GC(2395) Pause Young (Allocation Failure) 3842M->1619M(4647M) 101.266ms
[6673.663s][info][gc,cpu         ] GC(2395) User=0.60s Sys=0.00s Real=0.10s
.[6674.850s][info][gc,start       ] GC(2396) Pause Young (Allocation Failure)
[6674.945s][info][gc,heap        ] GC(2396) PSYoungGen: 2535296K(2584064K)->154560K(2580480K) Eden: 2372096K(2372096K)->0K(2375680K) From: 163200K(211968K)->154560K(204800K)
[6674.945s][info][gc,heap        ] GC(2396) ParOldGen: 1494827K(2174976K)->1601243K(2174976K)
[6674.945s][info][gc,metaspace   ] GC(2396) Metaspace: 29090K(29376K)->29090K(29376K) NonClass: 25992K(26112K)->25992K(26112K) Class: 3098K(3264K)->3098K(3264K)
[6674.945s][info][gc             ] GC(2396) Pause Young (Allocation Failure) 3935M->1714M(4644M) 94.553ms
[6674.945s][info][gc,cpu         ] GC(2396) User=0.56s Sys=0.00s Real=0.10s
.[6676.345s][info][gc,start       ] GC(2397) Pause Young (Allocation Failure)
[6676.442s][info][gc,heap        ] GC(2397) PSYoungGen: 2530240K(2580480K)->159061K(2582528K) Eden: 2375680K(2375680K)->0K(2375680K) From: 154560K(204800K)->159061K(206848K)
[6676.442s][info][gc,heap        ] GC(2397) ParOldGen: 1601243K(2174976K)->1709172K(2174976K)
[6676.442s][info][gc,metaspace   ] GC(2397) Metaspace: 29090K(29376K)->29090K(29376K) NonClass: 25992K(26112K)->25992K(26112K) Class: 3098K(3264K)->3098K(3264K)
[6676.442s][info][gc             ] GC(2397) Pause Young (Allocation Failure) 4034M->1824M(4646M) 96.828ms
[6676.442s][info][gc,cpu         ] GC(2397) User=0.57s Sys=0.00s Real=0.09s
.[6677.739s][info][gc,start       ] GC(2398) Pause Young (Allocation Failure)
[6677.830s][info][gc,heap        ] GC(2398) PSYoungGen: 2534741K(2582528K)->148640K(2587648K) Eden: 2375680K(2375680K)->0K(2384896K) From: 159061K(206848K)->148640K(202752K)
[6677.830s][info][gc,heap        ] GC(2398) ParOldGen: 1709172K(2174976K)->1810836K(2174976K)
[6677.830s][info][gc,metaspace   ] GC(2398) Metaspace: 29090K(29376K)->29090K(29376K) NonClass: 25992K(26112K)->25992K(26112K) Class: 3098K(3264K)->3098K(3264K)
[6677.830s][info][gc             ] GC(2398) Pause Young (Allocation Failure) 4144M->1913M(4651M) 90.163ms
[6677.830s][info][gc,cpu         ] GC(2398) User=0.54s Sys=0.00s Real=0.09s
..[6679.013s][info][gc,start       ] GC(2399) Pause Young (Allocation Failure)
[6679.108s][info][gc,heap        ] GC(2399) PSYoungGen: 2533536K(2587648K)->167104K(2588160K) Eden: 2384896K(2384896K)->0K(2384896K) From: 148640K(202752K)->167104K(203264K)
[6679.108s][info][gc,heap        ] GC(2399) ParOldGen: 1810836K(2174976K)->1907996K(2174976K)
[6679.108s][info][gc,metaspace   ] GC(2399) Metaspace: 29090K(29376K)->29090K(29376K) NonClass: 25992K(26112K)->25992K(26112K) Class: 3098K(3264K)->3098K(3264K)
[6679.108s][info][gc             ] GC(2399) Pause Young (Allocation Failure) 4242M->2026M(4651M) 95.128ms
[6679.108s][info][gc,cpu         ] GC(2399) User=0.56s Sys=0.00s Real=0.10s
.[6680.414s][info][gc,start       ] GC(2400) Pause Young (Allocation Failure)
[6680.521s][info][gc,heap        ] GC(2400) PSYoungGen: 2552000K(2588160K)->182570K(2587648K) Eden: 2384896K(2384896K)->0K(2386944K) From: 167104K(203264K)->182570K(200704K)
[6680.521s][info][gc,heap        ] GC(2400) ParOldGen: 1907996K(2174976K)->2018684K(2174976K)
[6680.521s][info][gc,metaspace   ] GC(2400) Metaspace: 29090K(29376K)->29090K(29376K) NonClass: 25992K(26112K)->25992K(26112K) Class: 3098K(3264K)->3098K(3264K)
[6680.521s][info][gc             ] GC(2400) Pause Young (Allocation Failure) 4355M->2149M(4651M) 106.840ms
[6680.521s][info][gc,cpu         ] GC(2400) User=0.64s Sys=0.00s Real=0.11s
.[6681.797s][info][gc,start       ] GC(2401) Pause Young (Allocation Failure)
[6681.898s][info][gc,heap        ] GC(2401) PSYoungGen: 2569514K(2587648K)->174836K(2590720K) Eden: 2386944K(2386944K)->0K(2386944K) From: 182570K(200704K)->174836K(203776K)
[6681.898s][info][gc,heap        ] GC(2401) ParOldGen: 2018684K(2174976K)->2118836K(2174976K)
[6681.898s][info][gc,metaspace   ] GC(2401) Metaspace: 29090K(29376K)->29090K(29376K) NonClass: 25992K(26112K)->25992K(26112K) Class: 3098K(3264K)->3098K(3264K)
[6681.898s][info][gc             ] GC(2401) Pause Young (Allocation Failure) 4480M->2239M(4654M) 100.746ms
[6681.898s][info][gc,cpu         ] GC(2401) User=0.60s Sys=0.00s Real=0.10s
.[6683.093s][info][gc,start       ] GC(2402) Pause Young (Allocation Failure)
[6683.242s][info][gc,heap        ] GC(2402) PSYoungGen: 2561780K(2590720K)->173248K(2588672K) Eden: 2386944K(2386944K)->0K(2388992K) From: 174836K(203776K)->173248K(199680K)
[6683.242s][info][gc,heap        ] GC(2402) ParOldGen: 2118836K(2174976K)->2218820K(2219008K)
[6683.242s][info][gc,metaspace   ] GC(2402) Metaspace: 29090K(29376K)->29090K(29376K) NonClass: 25992K(26112K)->25992K(26112K) Class: 3098K(3264K)->3098K(3264K)
[6683.242s][info][gc             ] GC(2402) Pause Young (Allocation Failure) 4570M->2336M(4695M) 149.311ms
[6683.242s][info][gc,cpu         ] GC(2402) User=0.59s Sys=0.01s Real=0.15s
.[6684.447s][info][gc,start       ] GC(2403) Pause Young (Allocation Failure)
[6684.554s][info][gc,heap        ] GC(2403) PSYoungGen: 2562240K(2588672K)->179968K(2590720K) Eden: 2388992K(2388992K)->0K(2388992K) From: 173248K(199680K)->179968K(201728K)
[6684.554s][info][gc,heap        ] GC(2403) ParOldGen: 2218820K(2219008K)->2328956K(2329088K)
[6684.554s][info][gc,metaspace   ] GC(2403) Metaspace: 29090K(29376K)->29090K(29376K) NonClass: 25992K(26112K)->25992K(26112K) Class: 3098K(3264K)->3098K(3264K)
[6684.554s][info][gc             ] GC(2403) Pause Young (Allocation Failure) 4669M->2450M(4804M) 107.666ms
[6684.554s][info][gc,cpu         ] GC(2403) User=0.61s Sys=0.02s Real=0.10s
. (rIR:aIR:PR = 11623:11384:11217) (tPR = 166055) [IR is under limit] [PR is under limit] 
  6684s: Performance info:
         Transaction,    Success,    Partial,     Failed,   Receipts, AvgBarcode, 
             Overall,     274206,          0,          0,     260286,      59.47, 
         Response times:
             Request,    Success,    Partial,     Failed,   SkipFail,     Probes,    Samples,      min,      p50,      p90,      p95,      p99,      max, 
       TotalPurchase,     264642,          0,          0,          0,      51225,     177624,      200,   285000,  1400000,  1700000,  2100000,  2700000,
     InStorePurchase,     138794,          0,          0,          0,      26807,      93249,      200,   319000,  1400000,  1700000,  1800000,  1900000,
      OnlinePurchase,      98000,          0,          0,          0,      18892,      65601,      300,   264000,  1400000,  1800000,  2200000,  2600000,
        InstPurchase,      27848,          0,          0,          0,       5526,      18774,      300,   384000,  1400000,  1700000,  2200000,  2700000,
          AssocOfCat,        280,          0,          0,          0,         95,        353,    31000,   496000,  1600000,  2200000,  2300000,  2300000,
      AssocOfProduct,       2816,          0,          0,          0,        835,       2203,      500,   308000,  1200000,  1900000,  2200000,  2300000,
      BusinessReport,        689,          0,          0,          0,        313,        829,    36000,   411000,  1700000,  2000000,  2200000,  2300000,
          CustBuyBeh,       2764,          0,          0,          0,        903,       2265,      300,   428000,  1800000,  1900000,  2200000,  2300000,
       ProductReturn,       7564,          0,          0,          0,       1656,       4865,      700,   437000,  1200000,  1800000,  2200000,  2400000,

  6684s: 
  6684s: Failed, 8 overall retries left, retrying 1 of 1
  6684s: (84%)   IR =  11623 [6685.829s][info][gc,start       ] GC(2404) Pause Young (Allocation Failure)
[6685.926s][info][gc,heap        ] GC(2404) PSYoungGen: 2568960K(2590720K)->154944K(2593280K) Eden: 2388992K(2388992K)->0K(2391552K) From: 179968K(201728K)->154944K(201728K)
[6685.926s][info][gc,heap        ] GC(2404) ParOldGen: 2328956K(2329088K)->2435892K(2436096K)
[6685.926s][info][gc,metaspace   ] GC(2404) Metaspace: 29090K(29376K)->29090K(29376K) NonClass: 25992K(26112K)->25992K(26112K) Class: 3098K(3264K)->3098K(3264K)
[6685.926s][info][gc             ] GC(2404) Pause Young (Allocation Failure) 4783M->2530M(4911M) 96.869ms
[6685.926s][info][gc,cpu         ] GC(2404) User=0.54s Sys=0.04s Real=0.10s
.[6687.155s][info][gc,start       ] GC(2405) Pause Young (Allocation Failure)
[6687.310s][info][gc,heap        ] GC(2405) PSYoungGen: 2546496K(2593280K)->181301K(2573312K) Eden: 2391552K(2391552K)->0K(2391552K) From: 154944K(201728K)->181301K(181760K)
[6687.310s][info][gc,heap        ] GC(2405) ParOldGen: 2435892K(2436096K)->2534684K(2534912K)
[6687.310s][info][gc,metaspace   ] GC(2405) Metaspace: 29090K(29376K)->29090K(29376K) NonClass: 25992K(26112K)->25992K(26112K) Class: 3098K(3264K)->3098K(3264K)
[6687.310s][info][gc             ] GC(2405) Pause Young (Allocation Failure) 4865M->2652M(4988M) 155.122ms
[6687.310s][info][gc,cpu         ] GC(2405) User=0.62s Sys=0.03s Real=0.15s
..[6688.584s][info][gc,start       ] GC(2406) Pause Young (Allocation Failure)
[6688.687s][info][gc,heap        ] GC(2406) PSYoungGen: 2572853K(2573312K)->162900K(2594816K) Eden: 2391552K(2391552K)->0K(2391040K) From: 181301K(181760K)->162900K(203776K)
[6688.687s][info][gc,heap        ] GC(2406) ParOldGen: 2534684K(2534912K)->2642244K(2642432K)
[6688.687s][info][gc,metaspace   ] GC(2406) Metaspace: 29090K(29376K)->29090K(29376K) NonClass: 25992K(26112K)->25992K(26112K) Class: 3098K(3264K)->3098K(3264K)
[6688.687s][info][gc             ] GC(2406) Pause Young (Allocation Failure) 4987M->2739M(5114M) 103.902ms
[6688.688s][info][gc,cpu         ] GC(2406) User=0.59s Sys=0.03s Real=0.11s
.[6690.042s][info][gc,start       ] GC(2407) Pause Young (Allocation Failure)
[6690.146s][info][gc,heap        ] GC(2407) PSYoungGen: 2553940K(2594816K)->168890K(2560000K) Eden: 2391040K(2391040K)->0K(2391040K) From: 162900K(203776K)->168890K(168960K)
[6690.146s][info][gc,heap        ] GC(2407) ParOldGen: 2642244K(2642432K)->2745540K(2745856K)
[6690.146s][info][gc,metaspace   ] GC(2407) Metaspace: 29090K(29376K)->29090K(29376K) NonClass: 25992K(26112K)->25992K(26112K) Class: 3098K(3264K)->3098K(3264K)
[6690.146s][info][gc             ] GC(2407) Pause Young (Allocation Failure) 5074M->2846M(5181M) 103.649ms
[6690.146s][info][gc,cpu         ] GC(2407) User=0.59s Sys=0.03s Real=0.11s
.[6691.478s][info][gc,start       ] GC(2408) Pause Young (Allocation Failure)
[6691.580s][info][gc,heap        ] GC(2408) PSYoungGen: 2559930K(2560000K)->163604K(2591232K) Eden: 2391040K(2391040K)->0K(2393088K) From: 168890K(168960K)->163604K(198144K)
[6691.580s][info][gc,heap        ] GC(2408) ParOldGen: 2745540K(2745856K)->2847788K(2848256K)
[6691.580s][info][gc,metaspace   ] GC(2408) Metaspace: 29090K(29376K)->29090K(29376K) NonClass: 25992K(26112K)->25992K(26112K) Class: 3098K(3264K)->3098K(3264K)
[6691.580s][info][gc             ] GC(2408) Pause Young (Allocation Failure) 5181M->2940M(5312M) 101.160ms
[6691.580s][info][gc,cpu         ] GC(2408) User=0.56s Sys=0.04s Real=0.10s
..[6692.920s][info][gc,start       ] GC(2409) Pause Young (Allocation Failure)
[6693.019s][info][gc,heap        ] GC(2409) PSYoungGen: 2556692K(2591232K)->157664K(2589184K) Eden: 2393088K(2393088K)->0K(2393088K) From: 163604K(198144K)->157664K(196096K)
[6693.019s][info][gc,heap        ] GC(2409) ParOldGen: 2847788K(2848256K)->2952428K(2952704K)
[6693.019s][info][gc,metaspace   ] GC(2409) Metaspace: 29090K(29376K)->29090K(29376K) NonClass: 25992K(26112K)->25992K(26112K) Class: 3098K(3264K)->3098K(3264K)
[6693.019s][info][gc             ] GC(2409) Pause Young (Allocation Failure) 5277M->3037M(5412M) 98.564ms
[6693.019s][info][gc,cpu         ] GC(2409) User=0.54s Sys=0.04s Real=0.10s
.[6694.417s][info][gc,start       ] GC(2410) Pause Young (Allocation Failure)
[6694.513s][info][gc,heap        ] GC(2410) PSYoungGen: 2550752K(2589184K)->153521K(2597376K) Eden: 2393088K(2393088K)->0K(2402304K) From: 157664K(196096K)->153521K(195072K)
[6694.513s][info][gc,heap        ] GC(2410) ParOldGen: 2952428K(2952704K)->3056412K(3056640K)
[6694.513s][info][gc,metaspace   ] GC(2410) Metaspace: 29090K(29376K)->29090K(29376K) NonClass: 25992K(26112K)->25992K(26112K) Class: 3098K(3264K)->3098K(3264K)
[6694.513s][info][gc             ] GC(2410) Pause Young (Allocation Failure) 5374M->3134M(5521M) 96.259ms
[6694.513s][info][gc,cpu         ] GC(2410) User=0.54s Sys=0.02s Real=0.09s
..[6695.890s][info][gc,start       ] GC(2411) Pause Young (Allocation Failure)
[6695.986s][info][gc,heap        ] GC(2411) PSYoungGen: 2555825K(2597376K)->155872K(2596864K) Eden: 2402304K(2402304K)->0K(2402304K) From: 153521K(195072K)->155872K(194560K)
[6695.986s][info][gc,heap        ] GC(2411) ParOldGen: 3056412K(3056640K)->3159172K(3159552K)
[6695.986s][info][gc,metaspace   ] GC(2411) Metaspace: 29090K(29376K)->29090K(29376K) NonClass: 25992K(26112K)->25992K(26112K) Class: 3098K(3264K)->3098K(3264K)
[6695.986s][info][gc             ] GC(2411) Pause Young (Allocation Failure) 5480M->3237M(5621M) 95.951ms
[6695.986s][info][gc,cpu         ] GC(2411) User=0.54s Sys=0.03s Real=0.10s
.[6697.299s][info][gc,start       ] GC(2412) Pause Young (Allocation Failure)
[6697.395s][info][gc,heap        ] GC(2412) PSYoungGen: 2558176K(2596864K)->151456K(2599936K) Eden: 2402304K(2402304K)->0K(2406912K) From: 155872K(194560K)->151456K(193024K)
[6697.395s][info][gc,heap        ] GC(2412) ParOldGen: 3159172K(3159552K)->3261116K(3261440K)
[6697.395s][info][gc,metaspace   ] GC(2412) Metaspace: 29090K(29376K)->29090K(29376K) NonClass: 25992K(26112K)->25992K(26112K) Class: 3098K(3264K)->3098K(3264K)
[6697.395s][info][gc             ] GC(2412) Pause Young (Allocation Failure) 5583M->3332M(5724M) 96.046ms
[6697.395s][info][gc,cpu         ] GC(2412) User=0.54s Sys=0.03s Real=0.10s
..[6698.808s][info][gc,start       ] GC(2413) Pause Young (Allocation Failure)
[6698.910s][info][gc,heap        ] GC(2413) PSYoungGen: 2558366K(2599936K)->164020K(2599424K) Eden: 2406910K(2406912K)->0K(2406912K) From: 151456K(193024K)->164020K(192512K)
[6698.910s][info][gc,heap        ] GC(2413) ParOldGen: 3261116K(3261440K)->3366908K(3366912K)
[6698.910s][info][gc,metaspace   ] GC(2413) Metaspace: 29090K(29376K)->29090K(29376K) NonClass: 25992K(26112K)->25992K(26112K) Class: 3098K(3264K)->3098K(3264K)
[6698.910s][info][gc             ] GC(2413) Pause Young (Allocation Failure) 5683M->3448M(5826M) 101.869ms
[6698.910s][info][gc,cpu         ] GC(2413) User=0.57s Sys=0.03s Real=0.10s
.[6700.230s][info][gc,start       ] GC(2414) Pause Young (Allocation Failure)
[6700.333s][info][gc,heap        ] GC(2414) PSYoungGen: 2570932K(2599424K)->164997K(2601472K) Eden: 2406912K(2406912K)->0K(2412544K) From: 164020K(192512K)->164997K(188928K)
[6700.333s][info][gc,heap        ] GC(2414) ParOldGen: 3366908K(3366912K)->3470604K(3470848K)
[6700.333s][info][gc,metaspace   ] GC(2414) Metaspace: 29090K(29376K)->29090K(29376K) NonClass: 25992K(26112K)->25992K(26112K) Class: 3098K(3264K)->3098K(3264K)
[6700.333s][info][gc             ] GC(2414) Pause Young (Allocation Failure) 5798M->3550M(5930M) 102.695ms
[6700.333s][info][gc,cpu         ] GC(2414) User=0.59s Sys=0.02s Real=0.10s
.[6701.679s][info][gc,start       ] GC(2415) Pause Young (Allocation Failure)
[6701.778s][info][gc,heap        ] GC(2415) PSYoungGen: 2577541K(2601472K)->160725K(2600448K) Eden: 2412544K(2412544K)->0K(2412544K) From: 164997K(188928K)->160725K(187904K)
[6701.778s][info][gc,heap        ] GC(2415) ParOldGen: 3470604K(3470848K)->3572516K(3572736K)
[6701.778s][info][gc,metaspace   ] GC(2415) Metaspace: 29090K(29376K)->29090K(29376K) NonClass: 25992K(26112K)->25992K(26112K) Class: 3098K(3264K)->3098K(3264K)
[6701.778s][info][gc             ] GC(2415) Pause Young (Allocation Failure) 5906M->3645M(6028M) 98.651ms
[6701.778s][info][gc,cpu         ] GC(2415) User=0.56s Sys=0.03s Real=0.10s
..|[6703.142s][info][gc,start       ] GC(2416) Pause Young (Allocation Failure)
[6703.251s][info][gc,heap        ] GC(2416) PSYoungGen: 2573269K(2600448K)->180649K(2600448K) Eden: 2412544K(2412544K)->0K(2414592K) From: 160725K(187904K)->180649K(185856K)
[6703.251s][info][gc,heap        ] GC(2416) ParOldGen: 3572516K(3572736K)->3675436K(3675648K)
[6703.251s][info][gc,metaspace   ] GC(2416) Metaspace: 29090K(29376K)->29090K(29376K) NonClass: 25992K(26112K)->25992K(26112K) Class: 3098K(3264K)->3098K(3264K)
[6703.251s][info][gc             ] GC(2416) Pause Young (Allocation Failure) 6001M->3765M(6129M) 108.706ms
[6703.251s][info][gc,cpu         ] GC(2416) User=0.62s Sys=0.04s Real=0.11s
.[6704.580s][info][gc,start       ] GC(2417) Pause Young (Allocation Failure)
[6704.679s][info][gc,heap        ] GC(2417) PSYoungGen: 2595241K(2600448K)->155680K(2605056K) Eden: 2414592K(2414592K)->0K(2414592K) From: 180649K(185856K)->155680K(190464K)
[6704.679s][info][gc,heap        ] GC(2417) ParOldGen: 3675436K(3675648K)->3782700K(3783168K)
[6704.679s][info][gc,metaspace   ] GC(2417) Metaspace: 29090K(29376K)->29090K(29376K) NonClass: 25992K(26112K)->25992K(26112K) Class: 3098K(3264K)->3098K(3264K)
[6704.679s][info][gc             ] GC(2417) Pause Young (Allocation Failure) 6123M->3846M(6238M) 99.615ms
[6704.679s][info][gc,cpu         ] GC(2417) User=0.56s Sys=0.03s Real=0.10s
..[6706.014s][info][gc,start       ] GC(2418) Pause Young (Allocation Failure)
[6706.116s][info][gc,heap        ] GC(2418) PSYoungGen: 2570272K(2605056K)->171344K(2604544K) Eden: 2414592K(2414592K)->0K(2416128K) From: 155680K(190464K)->171344K(188416K)
[6706.116s][info][gc,heap        ] GC(2418) ParOldGen: 3782700K(3783168K)->3880580K(3880960K)
[6706.116s][info][gc,metaspace   ] GC(2418) Metaspace: 29090K(29376K)->29090K(29376K) NonClass: 25992K(26112K)->25992K(26112K) Class: 3098K(3264K)->3098K(3264K)
[6706.116s][info][gc             ] GC(2418) Pause Young (Allocation Failure) 6204M->3956M(6333M) 102.021ms
[6706.116s][info][gc,cpu         ] GC(2418) User=0.58s Sys=0.03s Real=0.11s
.[6707.532s][info][gc,start       ] GC(2419) Pause Young (Allocation Failure)
[6707.638s][info][gc,heap        ] GC(2419) PSYoungGen: 2587472K(2604544K)->170421K(2605568K) Eden: 2416128K(2416128K)->0K(2416128K) From: 171344K(188416K)->170421K(189440K)
[6707.638s][info][gc,heap        ] GC(2419) ParOldGen: 3880580K(3880960K)->3986492K(3986944K)
[6707.638s][info][gc,metaspace   ] GC(2419) Metaspace: 29090K(29376K)->29090K(29376K) NonClass: 25992K(26112K)->25992K(26112K) Class: 3098K(3264K)->3098K(3264K)
[6707.638s][info][gc             ] GC(2419) Pause Young (Allocation Failure) 6316M->4059M(6438M) 106.466ms
[6707.638s][info][gc,cpu         ] GC(2419) User=0.60s Sys=0.03s Real=0.11s
..[6709.057s][info][gc,start       ] GC(2420) Pause Young (Allocation Failure)
[6709.161s][info][gc,heap        ] GC(2420) PSYoungGen: 2586549K(2605568K)->172128K(2606080K) Eden: 2416128K(2416128K)->0K(2417152K) From: 170421K(189440K)->172128K(188928K)
[6709.161s][info][gc,heap        ] GC(2420) ParOldGen: 3986492K(3986944K)->4090572K(4090880K)
[6709.161s][info][gc,metaspace   ] GC(2420) Metaspace: 29090K(29376K)->29090K(29376K) NonClass: 25992K(26112K)->25992K(26112K) Class: 3098K(3264K)->3098K(3264K)
[6709.161s][info][gc             ] GC(2420) Pause Young (Allocation Failure) 6418M->4162M(6540M) 104.285ms
[6709.161s][info][gc,cpu         ] GC(2420) User=0.59s Sys=0.03s Real=0.10s
.[6710.485s][info][gc,start       ] GC(2421) Pause Young (Allocation Failure)
[6710.586s][info][gc,heap        ] GC(2421) PSYoungGen: 2589280K(2606080K)->155616K(2606592K) Eden: 2417152K(2417152K)->0K(2417152K) From: 172128K(188928K)->155616K(189440K)
[6710.586s][info][gc,heap        ] GC(2421) ParOldGen: 4090572K(4090880K)->4198012K(4198400K)
[6710.586s][info][gc,metaspace   ] GC(2421) Metaspace: 29090K(29376K)->29090K(29376K) NonClass: 25992K(26112K)->25992K(26112K) Class: 3098K(3264K)->3098K(3264K)
[6710.586s][info][gc             ] GC(2421) Pause Young (Allocation Failure) 6523M->4251M(6645M) 101.290ms
[6710.586s][info][gc,cpu         ] GC(2421) User=0.56s Sys=0.03s Real=0.10s
..[6711.936s][info][gc,start       ] GC(2422) Pause Young (Allocation Failure)
[6712.035s][info][gc,heap        ] GC(2422) PSYoungGen: 2572768K(2606592K)->155520K(2604544K) Eden: 2417152K(2417152K)->0K(2417664K) From: 155616K(189440K)->155520K(186880K)
[6712.035s][info][gc,heap        ] GC(2422) ParOldGen: 4198012K(4198400K)->4301076K(4301312K)
[6712.035s][info][gc,metaspace   ] GC(2422) Metaspace: 29090K(29376K)->29090K(29376K) NonClass: 25992K(26112K)->25992K(26112K) Class: 3098K(3264K)->3098K(3264K)
[6712.035s][info][gc             ] GC(2422) Pause Young (Allocation Failure) 6612M->4352M(6744M) 98.307ms
[6712.035s][info][gc,cpu         ] GC(2422) User=0.54s Sys=0.05s Real=0.10s
.[6713.414s][info][gc,start       ] GC(2423) Pause Young (Allocation Failure)
[6713.520s][info][gc,heap        ] GC(2423) PSYoungGen: 2573184K(2604544K)->172793K(2605568K) Eden: 2417664K(2417664K)->0K(2417664K) From: 155520K(186880K)->172793K(187904K)
[6713.520s][info][gc,heap        ] GC(2423) ParOldGen: 4301076K(4301312K)->4401020K(4401152K)
[6713.520s][info][gc,metaspace   ] GC(2423) Metaspace: 29090K(29376K)->29090K(29376K) NonClass: 25992K(26112K)->25992K(26112K) Class: 3098K(3264K)->3098K(3264K)
[6713.520s][info][gc             ] GC(2423) Pause Young (Allocation Failure) 6713M->4466M(6842M) 106.624ms
[6713.520s][info][gc,cpu         ] GC(2423) User=0.59s Sys=0.05s Real=0.11s
.[6714.833s][info][gc,start       ] GC(2424) Pause Young (Allocation Failure)
[6714.933s][info][gc,heap        ] GC(2424) PSYoungGen: 2590457K(2605568K)->159520K(2606080K) Eden: 2417664K(2417664K)->0K(2419200K) From: 172793K(187904K)->159520K(186880K)
[6714.933s][info][gc,heap        ] GC(2424) ParOldGen: 4401020K(4401152K)->4506116K(4506624K)
[6714.933s][info][gc,metaspace   ] GC(2424) Metaspace: 29090K(29376K)->29090K(29376K) NonClass: 25992K(26112K)->25992K(26112K) Class: 3098K(3264K)->3098K(3264K)
[6714.933s][info][gc             ] GC(2424) Pause Young (Allocation Failure) 6827M->4556M(6946M) 99.932ms
[6714.933s][info][gc,cpu         ] GC(2424) User=0.56s Sys=0.03s Real=0.10s
..[6716.348s][info][gc,start       ] GC(2425) Pause Young (Allocation Failure)
[6716.451s][info][gc,heap        ] GC(2425) PSYoungGen: 2578720K(2606080K)->161396K(2606592K) Eden: 2419200K(2419200K)->0K(2419200K) From: 159520K(186880K)->161396K(187392K)
[6716.451s][info][gc,heap        ] GC(2425) ParOldGen: 4506116K(4506624K)->4610732K(4611072K)
[6716.451s][info][gc,metaspace   ] GC(2425) Metaspace: 29090K(29376K)->29090K(29376K) NonClass: 25992K(26112K)->25992K(26112K) Class: 3098K(3264K)->3098K(3264K)
[6716.451s][info][gc             ] GC(2425) Pause Young (Allocation Failure) 6918M->4660M(7048M) 103.254ms
[6716.451s][info][gc,cpu         ] GC(2425) User=0.58s Sys=0.03s Real=0.10s
.[6717.788s][info][gc,start       ] GC(2426) Pause Young (Allocation Failure)
[6717.892s][info][gc,heap        ] GC(2426) PSYoungGen: 2580596K(2606592K)->166772K(2606592K) Eden: 2419200K(2419200K)->0K(2422784K) From: 161396K(187392K)->166772K(183808K)
[6717.892s][info][gc,heap        ] GC(2426) ParOldGen: 4610732K(4611072K)->4713252K(4713472K)
[6717.892s][info][gc,metaspace   ] GC(2426) Metaspace: 29090K(29376K)->29090K(29376K) NonClass: 25992K(26112K)->25992K(26112K) Class: 3098K(3264K)->3098K(3264K)
[6717.892s][info][gc             ] GC(2426) Pause Young (Allocation Failure) 7022M->4765M(7148M) 103.774ms
[6717.892s][info][gc,cpu         ] GC(2426) User=0.58s Sys=0.03s Real=0.10s
..[6719.276s][info][gc,start       ] GC(2427) Pause Young (Allocation Failure)
[6719.378s][info][gc,heap        ] GC(2427) PSYoungGen: 2589556K(2606592K)->157888K(2607104K) Eden: 2422784K(2422784K)->0K(2422784K) From: 166772K(183808K)->157888K(184320K)
[6719.378s][info][gc,heap        ] GC(2427) ParOldGen: 4713252K(4713472K)->4816524K(4816896K)
[6719.378s][info][gc,metaspace   ] GC(2427) Metaspace: 29090K(29376K)->29090K(29376K) NonClass: 25992K(26112K)->25992K(26112K) Class: 3098K(3264K)->3098K(3264K)
[6719.378s][info][gc             ] GC(2427) Pause Young (Allocation Failure) 7131M->4857M(7250M) 101.707ms
[6719.378s][info][gc,cpu         ] GC(2427) User=0.56s Sys=0.04s Real=0.10s
.[6720.768s][info][gc,start       ] GC(2428) Pause Young (Allocation Failure)
[6720.873s][info][gc,heap        ] GC(2428) PSYoungGen: 2580672K(2607104K)->164649K(2607616K) Eden: 2422784K(2422784K)->0K(2427904K) From: 157888K(184320K)->164649K(179712K)
[6720.873s][info][gc,heap        ] GC(2428) ParOldGen: 4816524K(4816896K)->4922700K(4922880K)
[6720.873s][info][gc,metaspace   ] GC(2428) Metaspace: 29090K(29376K)->29090K(29376K) NonClass: 25992K(26112K)->25992K(26112K) Class: 3098K(3264K)->3098K(3264K)
[6720.873s][info][gc             ] GC(2428) Pause Young (Allocation Failure) 7223M->4968M(7354M) 105.572ms
[6720.873s][info][gc,cpu         ] GC(2428) User=0.59s Sys=0.02s Real=0.10s
..[6722.256s][info][gc,start       ] GC(2429) Pause Young (Allocation Failure)
[6722.354s][info][gc,heap        ] GC(2429) PSYoungGen: 2592553K(2607616K)->145088K(2609664K) Eden: 2427904K(2427904K)->0K(2427904K) From: 164649K(179712K)->145088K(181760K)
[6722.354s][info][gc,heap        ] GC(2429) ParOldGen: 4922700K(4922880K)->5030108K(5030400K)
[6722.354s][info][gc,metaspace   ] GC(2429) Metaspace: 29090K(29376K)->29090K(29376K) NonClass: 25992K(26112K)->25992K(26112K) Class: 3098K(3264K)->3098K(3264K)
[6722.354s][info][gc             ] GC(2429) Pause Young (Allocation Failure) 7339M->5053M(7461M) 98.625ms
[6722.354s][info][gc,cpu         ] GC(2429) User=0.54s Sys=0.04s Real=0.09s
.[6723.731s][info][gc,start       ] GC(2430) Pause Young (Allocation Failure)
[6723.829s][info][gc,heap        ] GC(2430) PSYoungGen: 2572992K(2609664K)->156896K(2613248K) Eden: 2427904K(2427904K)->0K(2430464K) From: 145088K(181760K)->156896K(182784K)
[6723.829s][info][gc,heap        ] GC(2430) ParOldGen: 5030108K(5030400K)->5129140K(5129216K)
[6723.829s][info][gc,metaspace   ] GC(2430) Metaspace: 29090K(29376K)->29090K(29376K) NonClass: 25992K(26112K)->25992K(26112K) Class: 3098K(3264K)->3098K(3264K)
[6723.829s][info][gc             ] GC(2430) Pause Young (Allocation Failure) 7424M->5162M(7561M) 97.826ms
[6723.829s][info][gc,cpu         ] GC(2430) User=0.54s Sys=0.04s Real=0.10s
..[6725.253s][info][gc,start       ] GC(2431) Pause Young (Allocation Failure)
[6725.355s][info][gc,heap        ] GC(2431) PSYoungGen: 2587360K(2613248K)->151328K(2612736K) Eden: 2430464K(2430464K)->0K(2430464K) From: 156896K(182784K)->151328K(182272K)
[6725.355s][info][gc,heap        ] GC(2431) ParOldGen: 5129140K(5129216K)->5234756K(5235200K)
[6725.355s][info][gc,metaspace   ] GC(2431) Metaspace: 29090K(29376K)->29090K(29376K) NonClass: 25992K(26112K)->25992K(26112K) Class: 3098K(3264K)->3098K(3264K)
[6725.355s][info][gc             ] GC(2431) Pause Young (Allocation Failure) 7535M->5259M(7664M) 101.433ms
[6725.355s][info][gc,cpu         ] GC(2431) User=0.56s Sys=0.03s Real=0.11s
.[6726.698s][info][gc,start       ] GC(2432) Pause Young (Allocation Failure)
[6726.803s][info][gc,heap        ] GC(2432) PSYoungGen: 2581792K(2612736K)->168376K(2611712K) Eden: 2430464K(2430464K)->0K(2429952K) From: 151328K(182272K)->168376K(181760K)
[6726.803s][info][gc,heap        ] GC(2432) ParOldGen: 5234756K(5235200K)->5336820K(5337088K)
[6726.803s][info][gc,metaspace   ] GC(2432) Metaspace: 29090K(29376K)->29090K(29376K) NonClass: 25992K(26112K)->25992K(26112K) Class: 3098K(3264K)->3098K(3264K)
[6726.803s][info][gc             ] GC(2432) Pause Young (Allocation Failure) 7633M->5376M(7762M) 104.919ms
[6726.803s][info][gc,cpu         ] GC(2432) User=0.59s Sys=0.02s Real=0.10s
.[6728.213s][info][gc,start       ] GC(2433) Pause Young (Allocation Failure)
[6728.314s][info][gc,heap        ] GC(2433) PSYoungGen: 2598328K(2611712K)->153300K(2612736K) Eden: 2429952K(2429952K)->0K(2429952K) From: 168376K(181760K)->153300K(182784K)
[6728.314s][info][gc,heap        ] GC(2433) ParOldGen: 5336820K(5337088K)->5441260K(5441536K)
[6728.314s][info][gc,metaspace   ] GC(2433) Metaspace: 29090K(29376K)->29090K(29376K) NonClass: 25992K(26112K)->25992K(26112K) Class: 3098K(3264K)->3098K(3264K)
[6728.314s][info][gc             ] GC(2433) Pause Young (Allocation Failure) 7749M->5463M(7865M) 101.243ms
[6728.314s][info][gc,cpu         ] GC(2433) User=0.56s Sys=0.03s Real=0.10s
..[6729.714s][info][gc,start       ] GC(2434) Pause Young (Allocation Failure)
[6729.817s][info][gc,heap        ] GC(2434) PSYoungGen: 2583252K(2612736K)->160103K(2609152K) Eden: 2429952K(2429952K)->0K(2431488K) From: 153300K(182784K)->160103K(177664K)
[6729.817s][info][gc,heap        ] GC(2434) ParOldGen: 5441260K(5441536K)->5545972K(5545984K)
[6729.817s][info][gc,metaspace   ] GC(2434) Metaspace: 29090K(29376K)->29090K(29376K) NonClass: 25992K(26112K)->25992K(26112K) Class: 3098K(3264K)->3098K(3264K)
[6729.817s][info][gc             ] GC(2434) Pause Young (Allocation Failure) 7836M->5572M(7964M) 102.871ms
[6729.817s][info][gc,cpu         ] GC(2434) User=0.57s Sys=0.04s Real=0.10s
.[6731.156s][info][gc,start       ] GC(2435) Pause Full (Allocation Failure)
[6731.156s][info][gc,phases,start] GC(2435) Marking Phase
[6731.488s][info][gc,phases      ] GC(2435) Marking Phase 332.241ms
[6731.488s][info][gc,phases,start] GC(2435) Summary Phase
[6731.488s][info][gc,phases      ] GC(2435) Summary Phase 0.106ms
[6731.488s][info][gc,phases,start] GC(2435) Forward
[6731.629s][info][gc,phases      ] GC(2435) Forward 140.941ms
[6731.629s][info][gc,phases,start] GC(2435) Adjust Pointers
[6731.850s][info][gc,phases      ] GC(2435) Adjust Pointers 220.106ms
[6731.850s][info][gc,phases,start] GC(2435) Compaction Phase
[6732.003s][info][gc,phases      ] GC(2435) Compaction Phase 153.449ms
[6732.004s][info][gc,phases,start] GC(2435) Post Compact
[6732.011s][info][gc,phases      ] GC(2435) Post Compact 6.867ms
[6732.149s][info][gc,heap        ] GC(2435) PSYoungGen: 2591591K(2609152K)->0K(2611200K) Eden: 2431488K(2431488K)->0K(2431488K) From: 160103K(177664K)->0K(179712K)
[6732.149s][info][gc,heap        ] GC(2435) ParOldGen: 5545972K(5545984K)->1647758K(2206208K)
[6732.149s][info][gc,metaspace   ] GC(2435) Metaspace: 29090K(29376K)->29090K(29376K) NonClass: 25992K(26112K)->25992K(26112K) Class: 3098K(3264K)->3098K(3264K)
[6732.149s][info][gc             ] GC(2435) Pause Full (Allocation Failure) 7946M->1609M(4704M) 993.227ms
[6732.149s][info][gc,cpu         ] GC(2435) User=4.59s Sys=0.14s Real=0.99s
..[6733.427s][info][gc,start       ] GC(2436) Pause Young (Allocation Failure)
[6733.495s][info][gc,heap        ] GC(2436) PSYoungGen: 2431488K(2611200K)->163922K(2615296K) Eden: 2431488K(2431488K)->0K(2436608K) From: 0K(179712K)->163922K(178688K)
[6733.495s][info][gc,heap        ] GC(2436) ParOldGen: 1647758K(2206208K)->1647758K(2206208K)
[6733.495s][info][gc,metaspace   ] GC(2436) Metaspace: 29090K(29376K)->29090K(29376K) NonClass: 25992K(26112K)->25992K(26112K) Class: 3098K(3264K)->3098K(3264K)
[6733.495s][info][gc             ] GC(2436) Pause Young (Allocation Failure) 3983M->1769M(4708M) 68.699ms
[6733.495s][info][gc,cpu         ] GC(2436) User=0.41s Sys=0.00s Real=0.07s
.[6734.727s][info][gc,start       ] GC(2437) Pause Young (Allocation Failure)
[6734.837s][info][gc,heap        ] GC(2437) PSYoungGen: 2600530K(2615296K)->179170K(2615808K) Eden: 2436608K(2436608K)->0K(2436608K) From: 163922K(178688K)->179170K(179200K)
[6734.837s][info][gc,heap        ] GC(2437) ParOldGen: 1647758K(2206208K)->1766038K(2206208K)
[6734.837s][info][gc,metaspace   ] GC(2437) Metaspace: 29090K(29376K)->29090K(29376K) NonClass: 25992K(26112K)->25992K(26112K) Class: 3098K(3264K)->3098K(3264K)
[6734.837s][info][gc             ] GC(2437) Pause Young (Allocation Failure) 4148M->1899M(4709M) 110.327ms
[6734.837s][info][gc,cpu         ] GC(2437) User=0.66s Sys=0.00s Real=0.11s
.[6736.062s][info][gc,start       ] GC(2438) Pause Young (Allocation Failure)
[6736.159s][info][gc,heap        ] GC(2438) PSYoungGen: 2615778K(2615808K)->167520K(2528768K) Eden: 2436608K(2436608K)->0K(2348544K) From: 179170K(179200K)->167520K(180224K)
[6736.159s][info][gc,heap        ] GC(2438) ParOldGen: 1766038K(2206208K)->1865246K(2206208K)
[6736.159s][info][gc,metaspace   ] GC(2438) Metaspace: 29090K(29376K)->29090K(29376K) NonClass: 25992K(26112K)->25992K(26112K) Class: 3098K(3264K)->3098K(3264K)
[6736.159s][info][gc             ] GC(2438) Pause Young (Allocation Failure) 4279M->1985M(4624M) 96.912ms
[6736.159s][info][gc,cpu         ] GC(2438) User=0.58s Sys=0.00s Real=0.10s
.[6737.454s][info][gc,start       ] GC(2439) Pause Young (Allocation Failure)
[6737.556s][info][gc,heap        ] GC(2439) PSYoungGen: 2516064K(2528768K)->166832K(2572288K) Eden: 2348544K(2348544K)->0K(2348544K) From: 167520K(180224K)->166832K(223744K)
[6737.556s][info][gc,heap        ] GC(2439) ParOldGen: 1865246K(2206208K)->1975918K(2206208K)
[6737.556s][info][gc,metaspace   ] GC(2439) Metaspace: 29090K(29376K)->29090K(29376K) NonClass: 25992K(26112K)->25992K(26112K) Class: 3098K(3264K)->3098K(3264K)
[6737.556s][info][gc             ] GC(2439) Pause Young (Allocation Failure) 4278M->2092M(4666M) 101.775ms
[6737.556s][info][gc,cpu         ] GC(2439) User=0.60s Sys=0.00s Real=0.11s
.[6738.848s][info][gc,start       ] GC(2440) Pause Young (Allocation Failure)
[6738.939s][info][gc,heap        ] GC(2440) PSYoungGen: 2515376K(2572288K)->150026K(2566656K) Eden: 2348544K(2348544K)->0K(2352128K) From: 166832K(223744K)->150026K(214528K)
[6738.940s][info][gc,heap        ] GC(2440) ParOldGen: 1975918K(2206208K)->2076942K(2206208K)
[6738.940s][info][gc,metaspace   ] GC(2440) Metaspace: 29090K(29376K)->29090K(29376K) NonClass: 25992K(26112K)->25992K(26112K) Class: 3098K(3264K)->3098K(3264K)
[6738.940s][info][gc             ] GC(2440) Pause Young (Allocation Failure) 4386M->2174M(4661M) 91.470ms
[6738.940s][info][gc,cpu         ] GC(2440) User=0.54s Sys=0.00s Real=0.09s
..[6740.118s][info][gc,start       ] GC(2441) Pause Young (Allocation Failure)
[6740.266s][info][gc,heap        ] GC(2441) PSYoungGen: 2502154K(2566656K)->179525K(2571264K) Eden: 2352128K(2352128K)->0K(2352128K) From: 150026K(214528K)->179525K(219136K)
[6740.266s][info][gc,heap        ] GC(2441) ParOldGen: 2076942K(2206208K)->2173006K(2206208K)
[6740.266s][info][gc,metaspace   ] GC(2441) Metaspace: 29090K(29376K)->29090K(29376K) NonClass: 25992K(26112K)->25992K(26112K) Class: 3098K(3264K)->3098K(3264K)
[6740.266s][info][gc             ] GC(2441) Pause Young (Allocation Failure) 4471M->2297M(4665M) 147.369ms
[6740.266s][info][gc,cpu         ] GC(2441) User=0.60s Sys=0.00s Real=0.15s
.[6741.564s][info][gc,start       ] GC(2442) Pause Young (Allocation Failure)
[6741.661s][info][gc,heap        ] GC(2442) PSYoungGen: 2531653K(2571264K)->146880K(2574336K) Eden: 2352128K(2352128K)->0K(2359296K) From: 179525K(219136K)->146880K(215040K)
[6741.661s][info][gc,heap        ] GC(2442) ParOldGen: 2173006K(2206208K)->2282318K(2282496K)
[6741.661s][info][gc,metaspace   ] GC(2442) Metaspace: 29090K(29376K)->29090K(29376K) NonClass: 25992K(26112K)->25992K(26112K) Class: 3098K(3264K)->3098K(3264K)
[6741.661s][info][gc             ] GC(2442) Pause Young (Allocation Failure) 4594M->2372M(4743M) 97.199ms
[6741.661s][info][gc,cpu         ] GC(2442) User=0.56s Sys=0.02s Real=0.10s
.[6742.898s][info][gc,start       ] GC(2443) Pause Young (Allocation Failure)
[6743.000s][info][gc,heap        ] GC(2443) PSYoungGen: 2506176K(2574336K)->168170K(2576384K) Eden: 2359296K(2359296K)->0K(2359296K) From: 146880K(215040K)->168170K(217088K)
[6743.000s][info][gc,heap        ] GC(2443) ParOldGen: 2282318K(2282496K)->2382126K(2382336K)
[6743.000s][info][gc,metaspace   ] GC(2443) Metaspace: 29090K(29376K)->29090K(29376K) NonClass: 25992K(26112K)->25992K(26112K) Class: 3098K(3264K)->3098K(3264K)
[6743.000s][info][gc             ] GC(2443) Pause Young (Allocation Failure) 4676M->2490M(4842M) 102.279ms
[6743.001s][info][gc,cpu         ] GC(2443) User=0.59s Sys=0.02s Real=0.10s
..[6744.311s][info][gc,start       ] GC(2444) Pause Young (Allocation Failure)
[6744.412s][info][gc,heap        ] GC(2444) PSYoungGen: 2527466K(2576384K)->154176K(2577408K) Eden: 2359296K(2359296K)->0K(2365440K) From: 168170K(217088K)->154176K(211968K)
[6744.412s][info][gc,heap        ] GC(2444) ParOldGen: 2382126K(2382336K)->2486342K(2486784K)
[6744.412s][info][gc,metaspace   ] GC(2444) Metaspace: 29090K(29376K)->29090K(29376K) NonClass: 25992K(26112K)->25992K(26112K) Class: 3098K(3264K)->3098K(3264K)
[6744.412s][info][gc             ] GC(2444) Pause Young (Allocation Failure) 4794M->2578M(4945M) 100.423ms
[6744.412s][info][gc,cpu         ] GC(2444) User=0.56s Sys=0.03s Real=0.10s
.[6745.689s][info][gc,start       ] GC(2445) Pause Young (Allocation Failure)
[6745.798s][info][gc,heap        ] GC(2445) PSYoungGen: 2519616K(2577408K)->175434K(2576384K) Eden: 2365440K(2365440K)->0K(2365440K) From: 154176K(211968K)->175434K(210944K)
[6745.798s][info][gc,heap        ] GC(2445) ParOldGen: 2486342K(2486784K)->2589910K(2590208K)
[6745.798s][info][gc,metaspace   ] GC(2445) Metaspace: 29090K(29376K)->29090K(29376K) NonClass: 25992K(26112K)->25992K(26112K) Class: 3098K(3264K)->3098K(3264K)
[6745.798s][info][gc             ] GC(2445) Pause Young (Allocation Failure) 4888M->2700M(5045M) 108.807ms
[6745.798s][info][gc,cpu         ] GC(2445) User=0.61s Sys=0.04s Real=0.11s
.[6747.050s][info][gc,start       ] GC(2446) Pause Young (Allocation Failure)
[6747.151s][info][gc,heap        ] GC(2446) PSYoungGen: 2540874K(2576384K)->166576K(2580480K) Eden: 2365440K(2365440K)->0K(2375680K) From: 175434K(210944K)->166576K(204800K)
[6747.151s][info][gc,heap        ] GC(2446) ParOldGen: 2589910K(2590208K)->2690502K(2690560K)
[6747.151s][info][gc,metaspace   ] GC(2446) Metaspace: 29090K(29376K)->29090K(29376K) NonClass: 25992K(26112K)->25992K(26112K) Class: 3098K(3264K)->3098K(3264K)
[6747.151s][info][gc             ] GC(2446) Pause Young (Allocation Failure) 5010M->2790M(5147M) 100.538ms
[6747.151s][info][gc,cpu         ] GC(2446) User=0.57s Sys=0.03s Real=0.10s
..[6748.463s][info][gc,start       ] GC(2447) Pause Young (Allocation Failure)
[6748.563s][info][gc,heap        ] GC(2447) PSYoungGen: 2542256K(2580480K)->157365K(2581504K) Eden: 2375680K(2375680K)->0K(2375680K) From: 166576K(204800K)->157365K(205824K)
[6748.563s][info][gc,heap        ] GC(2447) ParOldGen: 2690502K(2690560K)->2794526K(2795008K)
[6748.563s][info][gc,metaspace   ] GC(2447) Metaspace: 29090K(29376K)->29090K(29376K) NonClass: 25992K(26112K)->25992K(26112K) Class: 3098K(3264K)->3098K(3264K)
[6748.563s][info][gc             ] GC(2447) Pause Young (Allocation Failure) 5110M->2882M(5250M) 100.019ms
[6748.563s][info][gc,cpu         ] GC(2447) User=0.56s Sys=0.03s Real=0.10s
.[6749.829s][info][gc,start       ] GC(2448) Pause Young (Allocation Failure)
[6749.932s][info][gc,heap        ] GC(2448) PSYoungGen: 2533045K(2581504K)->164000K(2585088K) Eden: 2375680K(2375680K)->0K(2386432K) From: 157365K(205824K)->164000K(198656K)
[6749.932s][info][gc,heap        ] GC(2448) ParOldGen: 2794526K(2795008K)->2897278K(2897408K)
[6749.932s][info][gc,metaspace   ] GC(2448) Metaspace: 29090K(29376K)->29090K(29376K) NonClass: 25992K(26112K)->25992K(26112K) Class: 3098K(3264K)->3098K(3264K)
[6749.932s][info][gc             ] GC(2448) Pause Young (Allocation Failure) 5202M->2989M(5354M) 102.496ms
[6749.932s][info][gc,cpu         ] GC(2448) User=0.58s Sys=0.03s Real=0.10s
.[6751.273s][info][gc,start       ] GC(2449) Pause Young (Allocation Failure)
[6751.378s][info][gc,heap        ] GC(2449) PSYoungGen: 2550432K(2585088K)->170564K(2587136K) Eden: 2386432K(2386432K)->0K(2386432K) From: 164000K(198656K)->170564K(200704K)
[6751.378s][info][gc,heap        ] GC(2449) ParOldGen: 2897278K(2897408K)->3002726K(3002880K)
[6751.378s][info][gc,metaspace   ] GC(2449) Metaspace: 29090K(29376K)->29090K(29376K) NonClass: 25992K(26112K)->25992K(26112K) Class: 3098K(3264K)->3098K(3264K)
[6751.378s][info][gc             ] GC(2449) Pause Young (Allocation Failure) 5320M->3098M(5459M) 104.908ms
[6751.378s][info][gc,cpu         ] GC(2449) User=0.59s Sys=0.03s Real=0.11s
.[6752.654s][info][gc,start       ] GC(2450) Pause Young (Allocation Failure)
[6752.754s][info][gc,heap        ] GC(2450) PSYoungGen: 2556996K(2587136K)->161966K(2591232K) Eden: 2386432K(2386432K)->0K(2396672K) From: 170564K(200704K)->161966K(194560K)
[6752.755s][info][gc,heap        ] GC(2450) ParOldGen: 3002726K(3002880K)->3105942K(3106304K)
[6752.755s][info][gc,metaspace   ] GC(2450) Metaspace: 29090K(29376K)->29090K(29376K) NonClass: 25992K(26112K)->25992K(26112K) Class: 3098K(3264K)->3098K(3264K)
[6752.755s][info][gc             ] GC(2450) Pause Young (Allocation Failure) 5429M->3191M(5564M) 100.938ms
[6752.755s][info][gc,cpu         ] GC(2450) User=0.56s Sys=0.03s Real=0.11s
..[6754.073s][info][gc,start       ] GC(2451) Pause Young (Allocation Failure)
[6754.176s][info][gc,heap        ] GC(2451) PSYoungGen: 2558638K(2591232K)->167360K(2593280K) Eden: 2396672K(2396672K)->0K(2396672K) From: 161966K(194560K)->167360K(196608K)
[6754.176s][info][gc,heap        ] GC(2451) ParOldGen: 3105942K(3106304K)->3208694K(3208704K)
[6754.176s][info][gc,metaspace   ] GC(2451) Metaspace: 29090K(29376K)->29090K(29376K) NonClass: 25992K(26112K)->25992K(26112K) Class: 3098K(3264K)->3098K(3264K)
[6754.176s][info][gc             ] GC(2451) Pause Young (Allocation Failure) 5531M->3296M(5666M) 102.555ms
[6754.176s][info][gc,cpu         ] GC(2451) User=0.58s Sys=0.02s Real=0.11s
.[6755.547s][info][gc,start       ] GC(2452) Pause Young (Allocation Failure)
[6755.649s][info][gc,heap        ] GC(2452) PSYoungGen: 2564032K(2593280K)->158464K(2598400K) Eden: 2396672K(2396672K)->0K(2405888K) From: 167360K(196608K)->158464K(192512K)
[6755.649s][info][gc,heap        ] GC(2452) ParOldGen: 3208694K(3208704K)->3313934K(3314176K)
[6755.649s][info][gc,metaspace   ] GC(2452) Metaspace: 29090K(29376K)->29090K(29376K) NonClass: 25992K(26112K)->25992K(26112K) Class: 3098K(3264K)->3098K(3264K)
[6755.649s][info][gc             ] GC(2452) Pause Young (Allocation Failure) 5637M->3391M(5774M) 101.776ms
[6755.649s][info][gc,cpu         ] GC(2452) User=0.56s Sys=0.04s Real=0.10s
..[6756.987s][info][gc,start       ] GC(2453) Pause Young (Allocation Failure)
[6757.089s][info][gc,heap        ] GC(2453) PSYoungGen: 2564352K(2598400K)->169184K(2598400K) Eden: 2405888K(2405888K)->0K(2405888K) From: 158464K(192512K)->169184K(192512K)
[6757.089s][info][gc,heap        ] GC(2453) ParOldGen: 3313934K(3314176K)->3417286K(3417600K)
[6757.089s][info][gc,metaspace   ] GC(2453) Metaspace: 29090K(29376K)->29090K(29376K) NonClass: 25992K(26112K)->25992K(26112K) Class: 3098K(3264K)->3098K(3264K)
[6757.089s][info][gc             ] GC(2453) Pause Young (Allocation Failure) 5740M->3502M(5875M) 102.584ms
[6757.089s][info][gc,cpu         ] GC(2453) User=0.59s Sys=0.03s Real=0.10s
.[6758.522s][info][gc,start       ] GC(2454) Pause Young (Allocation Failure)
[6758.622s][info][gc,heap        ] GC(2454) PSYoungGen: 2575072K(2598400K)->163088K(2600960K) Eden: 2405888K(2405888K)->0K(2412544K) From: 169184K(192512K)->163088K(188416K)
[6758.622s][info][gc,heap        ] GC(2454) ParOldGen: 3417286K(3417600K)->3520886K(3521024K)
[6758.622s][info][gc,metaspace   ] GC(2454) Metaspace: 29090K(29376K)->29090K(29376K) NonClass: 25992K(26112K)->25992K(26112K) Class: 3098K(3264K)->3098K(3264K)
[6758.622s][info][gc             ] GC(2454) Pause Young (Allocation Failure) 5851M->3597M(5978M) 100.004ms
[6758.622s][info][gc,cpu         ] GC(2454) User=0.56s Sys=0.03s Real=0.10s
..[6759.939s][info][gc,start       ] GC(2455) Pause Young (Allocation Failure)
[6760.037s][info][gc,heap        ] GC(2455) PSYoungGen: 2575632K(2600960K)->151392K(2601472K) Eden: 2412544K(2412544K)->0K(2412544K) From: 163088K(188416K)->151392K(188928K)
[6760.037s][info][gc,heap        ] GC(2455) ParOldGen: 3520886K(3521024K)->3630206K(3630592K)
[6760.037s][info][gc,metaspace   ] GC(2455) Metaspace: 29090K(29376K)->29090K(29376K) NonClass: 25992K(26112K)->25992K(26112K) Class: 3098K(3264K)->3098K(3264K)
[6760.037s][info][gc             ] GC(2455) Pause Young (Allocation Failure) 5953M->3692M(6086M) 98.600ms
[6760.038s][info][gc,cpu         ] GC(2455) User=0.55s Sys=0.04s Real=0.10s
.[6761.405s][info][gc,start       ] GC(2456) Pause Young (Allocation Failure)
[6761.505s][info][gc,heap        ] GC(2456) PSYoungGen: 2563936K(2601472K)->160512K(2603520K) Eden: 2412544K(2412544K)->0K(2417664K) From: 151392K(188928K)->160512K(185856K)
[6761.505s][info][gc,heap        ] GC(2456) ParOldGen: 3630206K(3630592K)->3728254K(3728384K)
[6761.505s][info][gc,metaspace   ] GC(2456) Metaspace: 29090K(29376K)->29090K(29376K) NonClass: 25992K(26112K)->25992K(26112K) Class: 3098K(3264K)->3098K(3264K)
[6761.505s][info][gc             ] GC(2456) Pause Young (Allocation Failure) 6048M->3797M(6183M) 99.818ms
[6761.505s][info][gc,cpu         ] GC(2456) User=0.54s Sys=0.05s Real=0.10s
.[6762.853s][info][gc,start       ] GC(2457) Pause Young (Allocation Failure)
[6762.961s][info][gc,heap        ] GC(2457) PSYoungGen: 2578176K(2603520K)->174724K(2605056K) Eden: 2417664K(2417664K)->0K(2417664K) From: 160512K(185856K)->174724K(187392K)
[6762.961s][info][gc,heap        ] GC(2457) ParOldGen: 3728254K(3728384K)->3833382K(3833856K)
[6762.961s][info][gc,metaspace   ] GC(2457) Metaspace: 29090K(29376K)->29090K(29376K) NonClass: 25992K(26112K)->25992K(26112K) Class: 3098K(3264K)->3098K(3264K)
[6762.961s][info][gc             ] GC(2457) Pause Young (Allocation Failure) 6158M->3914M(6288M) 107.707ms
[6762.961s][info][gc,cpu         ] GC(2457) User=0.61s Sys=0.03s Real=0.11s
. (rIR:aIR:PR = 11623:11528:11528) (tPR = 170187) [OK] 
  6763s: Performance info:
         Transaction,    Success,    Partial,     Failed,   Receipts, AvgBarcode, 
             Overall,     694590,          0,          0,     659948,      59.48, 
         Response times:
             Request,    Success,    Partial,     Failed,   SkipFail,     Probes,    Samples,      min,      p50,      p90,      p95,      p99,      max, 
       TotalPurchase,     660430,          0,          0,          0,     296029,     468534,      300,    49000,   410000,   690000,  1100000,  1500000,
     InStorePurchase,     349270,          0,          0,          0,     154782,     246710,      300,    49000,   400000,   690000,  1100000,  1300000,
      OnlinePurchase,     241666,          0,          0,          0,     109256,     172675,      300,    49000,   422000,   690000,  1000000,  1300000,
        InstPurchase,      69494,          0,          0,          0,      31991,      49149,      400,    50000,   454000,   710000,  1100000,  1500000,
          AssocOfCat,        698,          0,          0,          0,        487,        884,    29000,   120000,   459000,   830000,  1100000,  1100000,
      AssocOfProduct,       6972,          0,          0,          0,       3836,       5944,     2000,    55000,   443000,   650000,   980000,  1100000,
      BusinessReport,       1746,          0,          0,          0,       1372,       2221,    33000,   114000,   454000,   730000,  1100000,  1500000,
          CustBuyBeh,       6928,          0,          0,          0,       3810,       5948,      300,    48000,   475000,   670000,   970000,  1200000,
       ProductReturn,      18332,          0,          0,          0,       8056,      12795,      200,    55000,   334000,   497000,   800000,  1500000,

  6763s: (85%)   IR =  11761 .[6764.396s][info][gc,start       ] GC(2458) Pause Young (Allocation Failure)
[6764.498s][info][gc,heap        ] GC(2458) PSYoungGen: 2592388K(2605056K)->156500K(2607616K) Eden: 2417664K(2417664K)->0K(2418688K) From: 174724K(187392K)->156500K(188928K)
[6764.498s][info][gc,heap        ] GC(2458) ParOldGen: 3833382K(3833856K)->3938942K(3939328K)
[6764.498s][info][gc,metaspace   ] GC(2458) Metaspace: 29090K(29376K)->29090K(29376K) NonClass: 25992K(26112K)->25992K(26112K) Class: 3098K(3264K)->3098K(3264K)
[6764.498s][info][gc             ] GC(2458) Pause Young (Allocation Failure) 6275M->3999M(6393M) 101.346ms
[6764.498s][info][gc,cpu         ] GC(2458) User=0.57s Sys=0.03s Real=0.10s
.[6765.806s][info][gc,start       ] GC(2459) Pause Young (Allocation Failure)
[6765.911s][info][gc,heap        ] GC(2459) PSYoungGen: 2575188K(2607616K)->171232K(2607104K) Eden: 2418688K(2418688K)->0K(2418688K) From: 156500K(188928K)->171232K(188416K)
[6765.911s][info][gc,heap        ] GC(2459) ParOldGen: 3938942K(3939328K)->4040438K(4040704K)
[6765.911s][info][gc,metaspace   ] GC(2459) Metaspace: 29090K(29376K)->29090K(29376K) NonClass: 25992K(26112K)->25992K(26112K) Class: 3098K(3264K)->3098K(3264K)
[6765.911s][info][gc             ] GC(2459) Pause Young (Allocation Failure) 6361M->4112M(6492M) 104.660ms
[6765.911s][info][gc,cpu         ] GC(2459) User=0.58s Sys=0.03s Real=0.10s
..[6767.325s][info][gc,start       ] GC(2460) Pause Young (Allocation Failure)
[6767.430s][info][gc,heap        ] GC(2460) PSYoungGen: 2589920K(2607104K)->162789K(2604032K) Eden: 2418688K(2418688K)->0K(2419200K) From: 171232K(188416K)->162789K(184832K)
[6767.430s][info][gc,heap        ] GC(2460) ParOldGen: 4040438K(4040704K)->4146238K(4146688K)
[6767.430s][info][gc,metaspace   ] GC(2460) Metaspace: 29090K(29376K)->29090K(29376K) NonClass: 25992K(26112K)->25992K(26112K) Class: 3098K(3264K)->3098K(3264K)
[6767.430s][info][gc             ] GC(2460) Pause Young (Allocation Failure) 6474M->4208M(6592M) 104.153ms
[6767.430s][info][gc,cpu         ] GC(2460) User=0.57s Sys=0.04s Real=0.10s
.[6768.778s][info][gc,start       ] GC(2461) Pause Young (Allocation Failure)
[6768.880s][info][gc,heap        ] GC(2461) PSYoungGen: 2581989K(2604032K)->161648K(2605568K) Eden: 2419200K(2419200K)->0K(2419200K) From: 162789K(184832K)->161648K(186368K)
[6768.880s][info][gc,heap        ] GC(2461) ParOldGen: 4146238K(4146688K)->4251166K(4251648K)
[6768.880s][info][gc,metaspace   ] GC(2461) Metaspace: 29090K(29376K)->29090K(29376K) NonClass: 25992K(26112K)->25992K(26112K) Class: 3098K(3264K)->3098K(3264K)
[6768.880s][info][gc             ] GC(2461) Pause Young (Allocation Failure) 6570M->4309M(6696M) 102.027ms
[6768.880s][info][gc,cpu         ] GC(2461) User=0.58s Sys=0.03s Real=0.10s
.[6770.232s][info][gc,start       ] GC(2462) Pause Young (Allocation Failure)
[6770.333s][info][gc,heap        ] GC(2462) PSYoungGen: 2580848K(2605568K)->160157K(2607616K) Eden: 2419200K(2419200K)->0K(2424832K) From: 161648K(186368K)->160157K(182784K)
[6770.333s][info][gc,heap        ] GC(2462) ParOldGen: 4251166K(4251648K)->4351750K(4352000K)
[6770.333s][info][gc,metaspace   ] GC(2462) Metaspace: 29090K(29376K)->29090K(29376K) NonClass: 25992K(26112K)->25992K(26112K) Class: 3098K(3264K)->3098K(3264K)
[6770.333s][info][gc             ] GC(2462) Pause Young (Allocation Failure) 6671M->4406M(6796M) 101.570ms
[6770.333s][info][gc,cpu         ] GC(2462) User=0.58s Sys=0.02s Real=0.10s
..[6771.638s][info][gc,start       ] GC(2463) Pause Young (Allocation Failure)
[6771.744s][info][gc,heap        ] GC(2463) PSYoungGen: 2584989K(2607616K)->168228K(2608640K) Eden: 2424832K(2424832K)->0K(2424832K) From: 160157K(182784K)->168228K(183808K)
[6771.745s][info][gc,heap        ] GC(2463) ParOldGen: 4351750K(4352000K)->4457366K(4457472K)
[6771.745s][info][gc,metaspace   ] GC(2463) Metaspace: 29090K(29376K)->29090K(29376K) NonClass: 25992K(26112K)->25992K(26112K) Class: 3098K(3264K)->3098K(3264K)
[6771.745s][info][gc             ] GC(2463) Pause Young (Allocation Failure) 6774M->4517M(6900M) 106.149ms
[6771.745s][info][gc,cpu         ] GC(2463) User=0.61s Sys=0.02s Real=0.11s
.[6773.062s][info][gc,start       ] GC(2464) Pause Young (Allocation Failure)
[6773.170s][info][gc,heap        ] GC(2464) PSYoungGen: 2593060K(2608640K)->176117K(2607616K) Eden: 2424832K(2424832K)->0K(2424320K) From: 168228K(183808K)->176117K(183296K)
[6773.170s][info][gc,heap        ] GC(2464) ParOldGen: 4457366K(4457472K)->4559630K(4559872K)
[6773.170s][info][gc,metaspace   ] GC(2464) Metaspace: 29090K(29376K)->29090K(29376K) NonClass: 25992K(26112K)->25992K(26112K) Class: 3098K(3264K)->3098K(3264K)
[6773.170s][info][gc             ] GC(2464) Pause Young (Allocation Failure) 6885M->4624M(6999M) 107.681ms
[6773.170s][info][gc,cpu         ] GC(2464) User=0.60s Sys=0.04s Real=0.11s
.[6774.505s][info][gc,start       ] GC(2465) Pause Young (Allocation Failure)
[6774.606s][info][gc,heap        ] GC(2465) PSYoungGen: 2600437K(2607616K)->157216K(2610176K) Eden: 2424320K(2424320K)->0K(2424320K) From: 176117K(183296K)->157216K(185856K)
[6774.606s][info][gc,heap        ] GC(2465) ParOldGen: 4559630K(4559872K)->4664870K(4665344K)
[6774.606s][info][gc,metaspace   ] GC(2465) Metaspace: 29090K(29376K)->29090K(29376K) NonClass: 25992K(26112K)->25992K(26112K) Class: 3098K(3264K)->3098K(3264K)
[6774.606s][info][gc             ] GC(2465) Pause Young (Allocation Failure) 6992M->4709M(7105M) 101.834ms
[6774.606s][info][gc,cpu         ] GC(2465) User=0.56s Sys=0.05s Real=0.10s
..[6775.875s][info][gc,start       ] GC(2466) Pause Young (Allocation Failure)
[6775.976s][info][gc,heap        ] GC(2466) PSYoungGen: 2581536K(2610176K)->163200K(2605568K) Eden: 2424320K(2424320K)->0K(2424832K) From: 157216K(185856K)->163200K(180736K)
[6775.976s][info][gc,heap        ] GC(2466) ParOldGen: 4664870K(4665344K)->4769318K(4769792K)
[6775.976s][info][gc,metaspace   ] GC(2466) Metaspace: 29090K(29376K)->29090K(29376K) NonClass: 25992K(26112K)->25992K(26112K) Class: 3098K(3264K)->3098K(3264K)
[6775.976s][info][gc             ] GC(2466) Pause Young (Allocation Failure) 7076M->4816M(7202M) 101.416ms
[6775.976s][info][gc,cpu         ] GC(2466) User=0.57s Sys=0.03s Real=0.10s
.[6777.328s][info][gc,start       ] GC(2467) Pause Young (Allocation Failure)
[6777.430s][info][gc,heap        ] GC(2467) PSYoungGen: 2588032K(2605568K)->159104K(2608128K) Eden: 2424832K(2424832K)->0K(2424832K) From: 163200K(180736K)->159104K(183296K)
[6777.430s][info][gc,heap        ] GC(2467) ParOldGen: 4769318K(4769792K)->4873342K(4873728K)
[6777.430s][info][gc,metaspace   ] GC(2467) Metaspace: 29090K(29376K)->29090K(29376K) NonClass: 25992K(26112K)->25992K(26112K) Class: 3098K(3264K)->3098K(3264K)
[6777.430s][info][gc             ] GC(2467) Pause Young (Allocation Failure) 7184M->4914M(7306M) 101.917ms
[6777.430s][info][gc,cpu         ] GC(2467) User=0.57s Sys=0.03s Real=0.10s
.|[6778.724s][info][gc,start       ] GC(2468) Pause Young (Allocation Failure)
[6778.828s][info][gc,heap        ] GC(2468) PSYoungGen: 2583936K(2608128K)->162628K(2608640K) Eden: 2424832K(2424832K)->0K(2430464K) From: 159104K(183296K)->162628K(178176K)
[6778.828s][info][gc,heap        ] GC(2468) ParOldGen: 4873342K(4873728K)->4979406K(4979712K)
[6778.828s][info][gc,metaspace   ] GC(2468) Metaspace: 29090K(29376K)->29090K(29376K) NonClass: 25992K(26112K)->25992K(26112K) Class: 3098K(3264K)->3098K(3264K)
[6778.828s][info][gc             ] GC(2468) Pause Young (Allocation Failure) 7282M->5021M(7410M) 104.470ms
[6778.828s][info][gc,cpu         ] GC(2468) User=0.58s Sys=0.04s Real=0.11s
..[6780.156s][info][gc,start       ] GC(2469) Pause Young (Allocation Failure)
[6780.305s][info][gc,heap        ] GC(2469) PSYoungGen: 2593092K(2608640K)->151652K(2611200K) Eden: 2430464K(2430464K)->0K(2430464K) From: 162628K(178176K)->151652K(180736K)
[6780.305s][info][gc,heap        ] GC(2469) ParOldGen: 4979406K(4979712K)->5086942K(5087232K)
[6780.305s][info][gc,metaspace   ] GC(2469) Metaspace: 29090K(29376K)->29090K(29376K) NonClass: 25992K(26112K)->25992K(26112K) Class: 3098K(3264K)->3098K(3264K)
[6780.305s][info][gc             ] GC(2469) Pause Young (Allocation Failure) 7395M->5115M(7518M) 149.483ms
[6780.305s][info][gc,cpu         ] GC(2469) User=0.58s Sys=0.02s Real=0.15s
.[6781.559s][info][gc,start       ] GC(2470) Pause Young (Allocation Failure)
[6781.668s][info][gc,heap        ] GC(2470) PSYoungGen: 2582116K(2611200K)->174917K(2609664K) Eden: 2430464K(2430464K)->0K(2428416K) From: 151652K(180736K)->174917K(181248K)
[6781.668s][info][gc,heap        ] GC(2470) ParOldGen: 5086942K(5087232K)->5187502K(5187584K)
[6781.668s][info][gc,metaspace   ] GC(2470) Metaspace: 29090K(29376K)->29090K(29376K) NonClass: 25992K(26112K)->25992K(26112K) Class: 3098K(3264K)->3098K(3264K)
[6781.668s][info][gc             ] GC(2470) Pause Young (Allocation Failure) 7489M->5236M(7614M) 109.260ms
[6781.668s][info][gc,cpu         ] GC(2470) User=0.62s Sys=0.03s Real=0.11s
.[6782.983s][info][gc,start       ] GC(2471) Pause Young (Allocation Failure)
[6783.089s][info][gc,heap        ] GC(2471) PSYoungGen: 2603333K(2609664K)->167620K(2612224K) Eden: 2428416K(2428416K)->0K(2428416K) From: 174917K(181248K)->167620K(183808K)
[6783.089s][info][gc,heap        ] GC(2471) ParOldGen: 5187502K(5187584K)->5295854K(5296128K)
[6783.089s][info][gc,metaspace   ] GC(2471) Metaspace: 29090K(29376K)->29090K(29376K) NonClass: 25992K(26112K)->25992K(26112K) Class: 3098K(3264K)->3098K(3264K)
[6783.089s][info][gc             ] GC(2471) Pause Young (Allocation Failure) 7608M->5335M(7723M) 106.351ms
[6783.089s][info][gc,cpu         ] GC(2471) User=0.60s Sys=0.03s Real=0.11s
..[6784.459s][info][gc,start       ] GC(2472) Pause Young (Allocation Failure)
[6784.558s][info][gc,heap        ] GC(2472) PSYoungGen: 2596036K(2612224K)->151312K(2611712K) Eden: 2428416K(2428416K)->0K(2428416K) From: 167620K(183808K)->151312K(183296K)
[6784.558s][info][gc,heap        ] GC(2472) ParOldGen: 5295854K(5296128K)->5399590K(5400064K)
[6784.558s][info][gc,metaspace   ] GC(2472) Metaspace: 29090K(29376K)->29090K(29376K) NonClass: 25992K(26112K)->25992K(26112K) Class: 3098K(3264K)->3098K(3264K)
[6784.558s][info][gc             ] GC(2472) Pause Young (Allocation Failure) 7706M->5420M(7824M) 99.671ms
[6784.558s][info][gc,cpu         ] GC(2472) User=0.54s Sys=0.04s Real=0.10s
.[6785.877s][info][gc,start       ] GC(2473) Pause Young (Allocation Failure)
[6785.985s][info][gc,heap        ] GC(2473) PSYoungGen: 2579728K(2611712K)->174848K(2603520K) Eden: 2428416K(2428416K)->0K(2428416K) From: 151312K(183296K)->174848K(175104K)
[6785.985s][info][gc,heap        ] GC(2473) ParOldGen: 5399590K(5400064K)->5501454K(5501952K)
[6785.985s][info][gc,metaspace   ] GC(2473) Metaspace: 29090K(29376K)->29090K(29376K) NonClass: 25992K(26112K)->25992K(26112K) Class: 3098K(3264K)->3098K(3264K)
[6785.985s][info][gc             ] GC(2473) Pause Young (Allocation Failure) 7792M->5543M(7915M) 107.483ms
[6785.985s][info][gc,cpu         ] GC(2473) User=0.62s Sys=0.02s Real=0.11s
..[6787.306s][info][gc,start       ] GC(2474) Pause Full (Allocation Failure)
[6787.306s][info][gc,phases,start] GC(2474) Marking Phase
[6787.633s][info][gc,phases      ] GC(2474) Marking Phase 327.411ms
[6787.633s][info][gc,phases,start] GC(2474) Summary Phase
[6787.633s][info][gc,phases      ] GC(2474) Summary Phase 0.111ms
[6787.634s][info][gc,phases,start] GC(2474) Forward
[6787.764s][info][gc,phases      ] GC(2474) Forward 130.483ms
[6787.764s][info][gc,phases,start] GC(2474) Adjust Pointers
[6787.981s][info][gc,phases      ] GC(2474) Adjust Pointers 216.677ms
[6787.981s][info][gc,phases,start] GC(2474) Compaction Phase
[6788.134s][info][gc,phases      ] GC(2474) Compaction Phase 153.088ms
[6788.136s][info][gc,phases,start] GC(2474) Post Compact
[6788.143s][info][gc,phases      ] GC(2474) Post Compact 6.838ms
[6788.278s][info][gc,heap        ] GC(2474) PSYoungGen: 2603264K(2603520K)->0K(2610176K) Eden: 2428416K(2428416K)->0K(2424320K) From: 174848K(175104K)->0K(185856K)
[6788.278s][info][gc,heap        ] GC(2474) ParOldGen: 5501454K(5501952K)->1635403K(2209280K)
[6788.278s][info][gc,metaspace   ] GC(2474) Metaspace: 29090K(29376K)->29085K(29376K) NonClass: 25992K(26112K)->25988K(26112K) Class: 3098K(3264K)->3096K(3264K)
[6788.278s][info][gc             ] GC(2474) Pause Full (Allocation Failure) 7914M->1597M(4706M) 972.205ms
[6788.278s][info][gc,cpu         ] GC(2474) User=4.52s Sys=0.13s Real=0.97s
.[6789.494s][info][gc,start       ] GC(2475) Pause Young (Allocation Failure)
[6789.569s][info][gc,heap        ] GC(2475) PSYoungGen: 2424320K(2610176K)->177224K(2601984K) Eden: 2424320K(2424320K)->0K(2424320K) From: 0K(185856K)->177224K(177664K)
[6789.569s][info][gc,heap        ] GC(2475) ParOldGen: 1635403K(2209280K)->1635403K(2209280K)
[6789.569s][info][gc,metaspace   ] GC(2475) Metaspace: 29085K(29376K)->29085K(29376K) NonClass: 25988K(26112K)->25988K(26112K) Class: 3096K(3264K)->3096K(3264K)
[6789.569s][info][gc             ] GC(2475) Pause Young (Allocation Failure) 3964M->1770M(4698M) 74.490ms
[6789.569s][info][gc,cpu         ] GC(2475) User=0.44s Sys=0.00s Real=0.08s
.[6790.936s][info][gc,start       ] GC(2476) Pause Young (Allocation Failure)
[6791.027s][info][gc,heap        ] GC(2476) PSYoungGen: 2601544K(2601984K)->138624K(2603008K) Eden: 2424320K(2424320K)->0K(2414080K) From: 177224K(177664K)->138624K(188928K)
[6791.027s][info][gc,heap        ] GC(2476) ParOldGen: 1635403K(2209280K)->1751467K(2209280K)
[6791.027s][info][gc,metaspace   ] GC(2476) Metaspace: 29085K(29376K)->29085K(29376K) NonClass: 25988K(26112K)->25988K(26112K) Class: 3096K(3264K)->3096K(3264K)
[6791.027s][info][gc             ] GC(2476) Pause Young (Allocation Failure) 4137M->1845M(4699M) 91.057ms
[6791.027s][info][gc,cpu         ] GC(2476) User=0.54s Sys=0.00s Real=0.09s
..[6792.277s][info][gc,start       ] GC(2477) Pause Young (Allocation Failure)
[6792.369s][info][gc,heap        ] GC(2477) PSYoungGen: 2552704K(2603008K)->159717K(2605056K) Eden: 2414080K(2414080K)->0K(2414080K) From: 138624K(188928K)->159717K(190976K)
[6792.369s][info][gc,heap        ] GC(2477) ParOldGen: 1751467K(2209280K)->1844243K(2209280K)
[6792.369s][info][gc,metaspace   ] GC(2477) Metaspace: 29085K(29376K)->29085K(29376K) NonClass: 25988K(26112K)->25988K(26112K) Class: 3096K(3264K)->3096K(3264K)
[6792.369s][info][gc             ] GC(2477) Pause Young (Allocation Failure) 4203M->1956M(4701M) 91.395ms
[6792.369s][info][gc,cpu         ] GC(2477) User=0.54s Sys=0.00s Real=0.09s
.[6793.578s][info][gc,start       ] GC(2478) Pause Young (Allocation Failure)
[6793.679s][info][gc,heap        ] GC(2478) PSYoungGen: 2573797K(2605056K)->174288K(2603520K) Eden: 2414080K(2414080K)->0K(2414592K) From: 159717K(190976K)->174288K(188928K)
[6793.679s][info][gc,heap        ] GC(2478) ParOldGen: 1844243K(2209280K)->1950507K(2209280K)
[6793.679s][info][gc,metaspace   ] GC(2478) Metaspace: 29085K(29376K)->29085K(29376K) NonClass: 25988K(26112K)->25988K(26112K) Class: 3096K(3264K)->3096K(3264K)
[6793.679s][info][gc             ] GC(2478) Pause Young (Allocation Failure) 4314M->2074M(4700M) 101.251ms
[6793.679s][info][gc,cpu         ] GC(2478) User=0.60s Sys=0.00s Real=0.10s
.[6794.900s][info][gc,start       ] GC(2479) Pause Young (Allocation Failure)
[6795.000s][info][gc,heap        ] GC(2479) PSYoungGen: 2588880K(2603520K)->173360K(2588160K) Eden: 2414592K(2414592K)->0K(2414592K) From: 174288K(188928K)->173360K(173568K)
[6795.000s][info][gc,heap        ] GC(2479) ParOldGen: 1950507K(2209280K)->2058243K(2209280K)
[6795.000s][info][gc,metaspace   ] GC(2479) Metaspace: 29085K(29376K)->29085K(29376K) NonClass: 25988K(26112K)->25988K(26112K) Class: 3096K(3264K)->3096K(3264K)
[6795.000s][info][gc             ] GC(2479) Pause Young (Allocation Failure) 4432M->2179M(4685M) 100.081ms
[6795.000s][info][gc,cpu         ] GC(2479) User=0.59s Sys=0.00s Real=0.10s
.[6796.415s][info][gc,start       ] GC(2480) Pause Young (Allocation Failure)
[6796.510s][info][gc,heap        ] GC(2480) PSYoungGen: 2587952K(2588160K)->152873K(2605056K) Eden: 2414592K(2414592K)->0K(2413568K) From: 173360K(173568K)->152873K(191488K)
[6796.510s][info][gc,heap        ] GC(2480) ParOldGen: 2058243K(2209280K)->2166507K(2209280K)
[6796.510s][info][gc,metaspace   ] GC(2480) Metaspace: 29085K(29376K)->29085K(29376K) NonClass: 25988K(26112K)->25988K(26112K) Class: 3096K(3264K)->3096K(3264K)
[6796.510s][info][gc             ] GC(2480) Pause Young (Allocation Failure) 4537M->2265M(4701M) 94.411ms
[6796.510s][info][gc,cpu         ] GC(2480) User=0.56s Sys=0.00s Real=0.09s
.[6797.760s][info][gc,start       ] GC(2481) Pause Young (Allocation Failure)
[6797.855s][info][gc,heap        ] GC(2481) PSYoungGen: 2566441K(2605056K)->156192K(2570240K) Eden: 2413568K(2413568K)->0K(2413568K) From: 152873K(191488K)->156192K(156672K)
[6797.855s][info][gc,heap        ] GC(2481) ParOldGen: 2166507K(2209280K)->2265235K(2265600K)
[6797.855s][info][gc,metaspace   ] GC(2481) Metaspace: 29085K(29376K)->29085K(29376K) NonClass: 25988K(26112K)->25988K(26112K) Class: 3096K(3264K)->3096K(3264K)
[6797.855s][info][gc             ] GC(2481) Pause Young (Allocation Failure) 4622M->2364M(4722M) 95.291ms
[6797.856s][info][gc,cpu         ] GC(2481) User=0.55s Sys=0.01s Real=0.10s
.[6799.074s][info][gc,start       ] GC(2482) Pause Young (Allocation Failure)
[6799.224s][info][gc,heap        ] GC(2482) PSYoungGen: 2569760K(2570240K)->179477K(2599424K) Eden: 2413568K(2413568K)->0K(2409984K) From: 156192K(156672K)->179477K(189440K)
[6799.224s][info][gc,heap        ] GC(2482) ParOldGen: 2265235K(2265600K)->2369387K(2369536K)
[6799.224s][info][gc,metaspace   ] GC(2482) Metaspace: 29085K(29376K)->29085K(29376K) NonClass: 25988K(26112K)->25988K(26112K) Class: 3096K(3264K)->3096K(3264K)
[6799.224s][info][gc             ] GC(2482) Pause Young (Allocation Failure) 4721M->2489M(4852M) 150.491ms
[6799.224s][info][gc,cpu         ] GC(2482) User=0.61s Sys=0.03s Real=0.16s
..[6800.549s][info][gc,start       ] GC(2483) Pause Young (Allocation Failure)
[6800.646s][info][gc,heap        ] GC(2483) PSYoungGen: 2589461K(2599424K)->146261K(2603008K) Eden: 2409984K(2409984K)->0K(2409984K) From: 179477K(189440K)->146261K(193024K)
[6800.646s][info][gc,heap        ] GC(2483) ParOldGen: 2369387K(2369536K)->2478523K(2478592K)
[6800.646s][info][gc,metaspace   ] GC(2483) Metaspace: 29085K(29376K)->29085K(29376K) NonClass: 25988K(26112K)->25988K(26112K) Class: 3096K(3264K)->3096K(3264K)
[6800.646s][info][gc             ] GC(2483) Pause Young (Allocation Failure) 4842M->2563M(4962M) 97.148ms
[6800.646s][info][gc,cpu         ] GC(2483) User=0.55s Sys=0.02s Real=0.10s
.[6801.858s][info][gc,start       ] GC(2484) Pause Young (Allocation Failure)
[6801.961s][info][gc,heap        ] GC(2484) PSYoungGen: 2556245K(2603008K)->168736K(2601984K) Eden: 2409984K(2409984K)->0K(2409984K) From: 146261K(193024K)->168736K(192000K)
[6801.961s][info][gc,heap        ] GC(2484) ParOldGen: 2478523K(2478592K)->2578859K(2578944K)
[6801.961s][info][gc,metaspace   ] GC(2484) Metaspace: 29085K(29376K)->29085K(29376K) NonClass: 25988K(26112K)->25988K(26112K) Class: 3096K(3264K)->3096K(3264K)
[6801.961s][info][gc             ] GC(2484) Pause Young (Allocation Failure) 4916M->2683M(5059M) 103.430ms
[6801.961s][info][gc,cpu         ] GC(2484) User=0.59s Sys=0.03s Real=0.10s
.[6803.311s][info][gc,start       ] GC(2485) Pause Young (Allocation Failure)
[6803.415s][info][gc,heap        ] GC(2485) PSYoungGen: 2578720K(2601984K)->159872K(2570240K) Eden: 2409984K(2409984K)->0K(2409984K) From: 168736K(192000K)->159872K(160256K)
[6803.415s][info][gc,heap        ] GC(2485) ParOldGen: 2578859K(2578944K)->2688179K(2688512K)
[6803.415s][info][gc,metaspace   ] GC(2485) Metaspace: 29085K(29376K)->29085K(29376K) NonClass: 25988K(26112K)->25988K(26112K) Class: 3096K(3264K)->3096K(3264K)
[6803.415s][info][gc             ] GC(2485) Pause Young (Allocation Failure) 5036M->2781M(5135M) 104.229ms
[6803.415s][info][gc,cpu         ] GC(2485) User=0.59s Sys=0.03s Real=0.11s
.[6804.624s][info][gc,start       ] GC(2486) Pause Young (Allocation Failure)
[6804.728s][info][gc,heap        ] GC(2486) PSYoungGen: 2569856K(2570240K)->174256K(2599936K) Eden: 2409984K(2409984K)->0K(2409984K) From: 159872K(160256K)->174256K(189952K)
[6804.728s][info][gc,heap        ] GC(2486) ParOldGen: 2688179K(2688512K)->2786227K(2786304K)
[6804.728s][info][gc,metaspace   ] GC(2486) Metaspace: 29085K(29376K)->29085K(29376K) NonClass: 25988K(26112K)->25988K(26112K) Class: 3096K(3264K)->3096K(3264K)
[6804.728s][info][gc             ] GC(2486) Pause Young (Allocation Failure) 5134M->2891M(5260M) 104.260ms
[6804.728s][info][gc,cpu         ] GC(2486) User=0.58s Sys=0.04s Real=0.11s
..[6806.001s][info][gc,start       ] GC(2487) Pause Young (Allocation Failure)
[6806.104s][info][gc,heap        ] GC(2487) PSYoungGen: 2584240K(2599936K)->165248K(2601472K) Eden: 2409984K(2409984K)->0K(2409984K) From: 174256K(189952K)->165248K(191488K)
[6806.104s][info][gc,heap        ] GC(2487) ParOldGen: 2786227K(2786304K)->2899147K(2899456K)
[6806.104s][info][gc,metaspace   ] GC(2487) Metaspace: 29085K(29376K)->29085K(29376K) NonClass: 25988K(26112K)->25988K(26112K) Class: 3096K(3264K)->3096K(3264K)
[6806.104s][info][gc             ] GC(2487) Pause Young (Allocation Failure) 5244M->2992M(5372M) 103.193ms
[6806.104s][info][gc,cpu         ] GC(2487) User=0.58s Sys=0.04s Real=0.10s
.[6807.448s][info][gc,start       ] GC(2488) Pause Young (Allocation Failure)
[6807.547s][info][gc,heap        ] GC(2488) PSYoungGen: 2575232K(2601472K)->153440K(2603008K) Eden: 2409984K(2409984K)->0K(2415104K) From: 165248K(191488K)->153440K(187904K)
[6807.547s][info][gc,heap        ] GC(2488) ParOldGen: 2899147K(2899456K)->3004155K(3004416K)
[6807.547s][info][gc,metaspace   ] GC(2488) Metaspace: 29085K(29376K)->29085K(29376K) NonClass: 25988K(26112K)->25988K(26112K) Class: 3096K(3264K)->3096K(3264K)
[6807.547s][info][gc             ] GC(2488) Pause Young (Allocation Failure) 5346M->3083M(5476M) 98.888ms
[6807.547s][info][gc,cpu         ] GC(2488) User=0.55s Sys=0.03s Real=0.10s
.[6808.814s][info][gc,start       ] GC(2489) Pause Young (Allocation Failure)
[6808.917s][info][gc,heap        ] GC(2489) PSYoungGen: 2568544K(2603008K)->171648K(2603520K) Eden: 2415104K(2415104K)->0K(2415104K) From: 153440K(187904K)->171648K(188416K)
[6808.917s][info][gc,heap        ] GC(2489) ParOldGen: 3004155K(3004416K)->3105043K(3105280K)
[6808.917s][info][gc,metaspace   ] GC(2489) Metaspace: 29085K(29376K)->29085K(29376K) NonClass: 25988K(26112K)->25988K(26112K) Class: 3096K(3264K)->3096K(3264K)
[6808.917s][info][gc             ] GC(2489) Pause Young (Allocation Failure) 5442M->3199M(5575M) 103.524ms
[6808.917s][info][gc,cpu         ] GC(2489) User=0.59s Sys=0.02s Real=0.11s
..[6810.246s][info][gc,start       ] GC(2490) Pause Young (Allocation Failure)
[6810.348s][info][gc,heap        ] GC(2490) PSYoungGen: 2586752K(2603520K)->160980K(2604544K) Eden: 2415104K(2415104K)->0K(2418176K) From: 171648K(188416K)->160980K(186368K)
[6810.348s][info][gc,heap        ] GC(2490) ParOldGen: 3105043K(3105280K)->3209579K(3209728K)
[6810.348s][info][gc,metaspace   ] GC(2490) Metaspace: 29085K(29376K)->29085K(29376K) NonClass: 25988K(26112K)->25988K(26112K) Class: 3096K(3264K)->3096K(3264K)
[6810.348s][info][gc             ] GC(2490) Pause Young (Allocation Failure) 5558M->3291M(5678M) 102.076ms
[6810.349s][info][gc,cpu         ] GC(2490) User=0.56s Sys=0.04s Real=0.10s
.[6811.629s][info][gc,start       ] GC(2491) Pause Young (Allocation Failure)
[6811.733s][info][gc,heap        ] GC(2491) PSYoungGen: 2579156K(2604544K)->166288K(2605568K) Eden: 2418176K(2418176K)->0K(2418176K) From: 160980K(186368K)->166288K(187392K)
[6811.733s][info][gc,heap        ] GC(2491) ParOldGen: 3209579K(3209728K)->3314243K(3314688K)
[6811.733s][info][gc,metaspace   ] GC(2491) Metaspace: 29085K(29376K)->29085K(29376K) NonClass: 25988K(26112K)->25988K(26112K) Class: 3096K(3264K)->3096K(3264K)
[6811.733s][info][gc             ] GC(2491) Pause Young (Allocation Failure) 5653M->3398M(5781M) 103.904ms
[6811.733s][info][gc,cpu         ] GC(2491) User=0.59s Sys=0.04s Real=0.10s
.[6813.017s][info][gc,start       ] GC(2492) Pause Young (Allocation Failure)
[6813.120s][info][gc,heap        ] GC(2492) PSYoungGen: 2584464K(2605568K)->169716K(2608128K) Eden: 2418176K(2418176K)->0K(2422272K) From: 166288K(187392K)->169716K(185856K)
[6813.120s][info][gc,heap        ] GC(2492) ParOldGen: 3314243K(3314688K)->3418843K(3419136K)
[6813.120s][info][gc,metaspace   ] GC(2492) Metaspace: 29085K(29376K)->29085K(29376K) NonClass: 25988K(26112K)->25988K(26112K) Class: 3096K(3264K)->3096K(3264K)
[6813.120s][info][gc             ] GC(2492) Pause Young (Allocation Failure) 5760M->3504M(5886M) 103.435ms
[6813.120s][info][gc,cpu         ] GC(2492) User=0.58s Sys=0.03s Real=0.10s
..[6814.453s][info][gc,start       ] GC(2493) Pause Young (Allocation Failure)
[6814.556s][info][gc,heap        ] GC(2493) PSYoungGen: 2591988K(2608128K)->163744K(2608128K) Eden: 2422272K(2422272K)->0K(2422272K) From: 169716K(185856K)->163744K(185856K)
[6814.556s][info][gc,heap        ] GC(2493) ParOldGen: 3418843K(3419136K)->3522787K(3523072K)
[6814.556s][info][gc,metaspace   ] GC(2493) Metaspace: 29085K(29376K)->29085K(29376K) NonClass: 25988K(26112K)->25988K(26112K) Class: 3096K(3264K)->3096K(3264K)
[6814.556s][info][gc             ] GC(2493) Pause Young (Allocation Failure) 5869M->3600M(5987M) 103.202ms
[6814.556s][info][gc,cpu         ] GC(2493) User=0.57s Sys=0.04s Real=0.11s
.[6815.789s][info][gc,start       ] GC(2494) Pause Young (Allocation Failure)
[6815.894s][info][gc,heap        ] GC(2494) PSYoungGen: 2586016K(2608128K)->174852K(2606080K) Eden: 2422272K(2422272K)->0K(2422272K) From: 163744K(185856K)->174852K(183808K)
[6815.894s][info][gc,heap        ] GC(2494) ParOldGen: 3522787K(3523072K)->3625195K(3625472K)
[6815.894s][info][gc,metaspace   ] GC(2494) Metaspace: 29085K(29376K)->29085K(29376K) NonClass: 25988K(26112K)->25988K(26112K) Class: 3096K(3264K)->3096K(3264K)
[6815.894s][info][gc             ] GC(2494) Pause Young (Allocation Failure) 5965M->3710M(6085M) 105.526ms
[6815.894s][info][gc,cpu         ] GC(2494) User=0.60s Sys=0.02s Real=0.10s
.[6817.229s][info][gc,start       ] GC(2495) Pause Young (Allocation Failure)
[6817.333s][info][gc,heap        ] GC(2495) PSYoungGen: 2597124K(2606080K)->166432K(2608128K) Eden: 2422272K(2422272K)->0K(2422272K) From: 174852K(183808K)->166432K(185856K)
[6817.333s][info][gc,heap        ] GC(2495) ParOldGen: 3625195K(3625472K)->3734979K(3735040K)
[6817.333s][info][gc,metaspace   ] GC(2495) Metaspace: 29085K(29376K)->29085K(29376K) NonClass: 25988K(26112K)->25988K(26112K) Class: 3096K(3264K)->3096K(3264K)
[6817.333s][info][gc             ] GC(2495) Pause Young (Allocation Failure) 6076M->3809M(6194M) 103.670ms
[6817.333s][info][gc,cpu         ] GC(2495) User=0.58s Sys=0.03s Real=0.10s
..[6818.673s][info][gc,start       ] GC(2496) Pause Young (Allocation Failure)
[6818.772s][info][gc,heap        ] GC(2496) PSYoungGen: 2588704K(2608128K)->153600K(2609664K) Eden: 2422272K(2422272K)->0K(2425856K) From: 166432K(185856K)->153600K(183808K)
[6818.772s][info][gc,heap        ] GC(2496) ParOldGen: 3734979K(3735040K)->3840219K(3840512K)
[6818.772s][info][gc,metaspace   ] GC(2496) Metaspace: 29085K(29376K)->29085K(29376K) NonClass: 25988K(26112K)->25988K(26112K) Class: 3096K(3264K)->3096K(3264K)
[6818.772s][info][gc             ] GC(2496) Pause Young (Allocation Failure) 6175M->3900M(6299M) 98.795ms
[6818.772s][info][gc,cpu         ] GC(2496) User=0.55s Sys=0.03s Real=0.10s
.[6820.035s][info][gc,start       ] GC(2497) Pause Young (Allocation Failure)
[6820.143s][info][gc,heap        ] GC(2497) PSYoungGen: 2579456K(2609664K)->176010K(2601984K) Eden: 2425856K(2425856K)->0K(2425856K) From: 153600K(183808K)->176010K(176128K)
[6820.143s][info][gc,heap        ] GC(2497) ParOldGen: 3840219K(3840512K)->3943619K(3943936K)
[6820.143s][info][gc,metaspace   ] GC(2497) Metaspace: 29085K(29376K)->29085K(29376K) NonClass: 25988K(26112K)->25988K(26112K) Class: 3096K(3264K)->3096K(3264K)
[6820.143s][info][gc             ] GC(2497) Pause Young (Allocation Failure) 6269M->4023M(6392M) 107.629ms
[6820.143s][info][gc,cpu         ] GC(2497) User=0.60s Sys=0.04s Real=0.10s
.[6821.451s][info][gc,start       ] GC(2498) Pause Young (Allocation Failure)
[6821.555s][info][gc,heap        ] GC(2498) PSYoungGen: 2601866K(2601984K)->164458K(2611200K) Eden: 2425856K(2425856K)->0K(2424320K) From: 176010K(176128K)->164458K(186880K)
[6821.555s][info][gc,heap        ] GC(2498) ParOldGen: 3943619K(3943936K)->4048059K(4048384K)
[6821.555s][info][gc,metaspace   ] GC(2498) Metaspace: 29085K(29376K)->29085K(29376K) NonClass: 25988K(26112K)->25988K(26112K) Class: 3096K(3264K)->3096K(3264K)
[6821.555s][info][gc             ] GC(2498) Pause Young (Allocation Failure) 6392M->4113M(6503M) 104.860ms
[6821.555s][info][gc,cpu         ] GC(2498) User=0.59s Sys=0.04s Real=0.11s
..[6822.859s][info][gc,start       ] GC(2499) Pause Young (Allocation Failure)
[6822.961s][info][gc,heap        ] GC(2499) PSYoungGen: 2588778K(2611200K)->162613K(2587136K) Eden: 2424320K(2424320K)->0K(2424320K) From: 164458K(186880K)->162613K(162816K)
[6822.961s][info][gc,heap        ] GC(2499) ParOldGen: 4048059K(4048384K)->4153595K(4153856K)
[6822.961s][info][gc,metaspace   ] GC(2499) Metaspace: 29085K(29376K)->29085K(29376K) NonClass: 25988K(26112K)->25988K(26112K) Class: 3096K(3264K)->3096K(3264K)
[6822.961s][info][gc             ] GC(2499) Pause Young (Allocation Failure) 6481M->4215M(6583M) 101.992ms
[6822.961s][info][gc,cpu         ] GC(2499) User=0.57s Sys=0.04s Real=0.10s
.[6824.356s][info][gc,start       ] GC(2500) Pause Young (Allocation Failure)
[6824.458s][info][gc,heap        ] GC(2500) PSYoungGen: 2586933K(2587136K)->156188K(2607616K) Eden: 2424320K(2424320K)->0K(2424320K) From: 162613K(162816K)->156188K(183296K)
[6824.458s][info][gc,heap        ] GC(2500) ParOldGen: 4153595K(4153856K)->4259003K(4259328K)
[6824.458s][info][gc,metaspace   ] GC(2500) Metaspace: 29085K(29376K)->29085K(29376K) NonClass: 25988K(26112K)->25988K(26112K) Class: 3096K(3264K)->3096K(3264K)
[6824.458s][info][gc             ] GC(2500) Pause Young (Allocation Failure) 6582M->4311M(6706M) 101.362ms
[6824.458s][info][gc,cpu         ] GC(2500) User=0.57s Sys=0.03s Real=0.10s
.[6825.744s][info][gc,start       ] GC(2501) Pause Young (Allocation Failure)
[6825.848s][info][gc,heap        ] GC(2501) PSYoungGen: 2580508K(2607616K)->171365K(2607616K) Eden: 2424320K(2424320K)->0K(2424320K) From: 156188K(183296K)->171365K(183296K)
[6825.848s][info][gc,heap        ] GC(2501) ParOldGen: 4259003K(4259328K)->4355611K(4356096K)
[6825.848s][info][gc,metaspace   ] GC(2501) Metaspace: 29085K(29376K)->29085K(29376K) NonClass: 25988K(26112K)->25988K(26112K) Class: 3096K(3264K)->3096K(3264K)
[6825.848s][info][gc             ] GC(2501) Pause Young (Allocation Failure) 6679M->4420M(6800M) 104.118ms
[6825.849s][info][gc,cpu         ] GC(2501) User=0.58s Sys=0.03s Real=0.11s
..[6827.147s][info][gc,start       ] GC(2502) Pause Young (Allocation Failure)
[6827.302s][info][gc,heap        ] GC(2502) PSYoungGen: 2595685K(2607616K)->172304K(2610176K) Eden: 2424320K(2424320K)->0K(2426368K) From: 171365K(183296K)->172304K(183808K)
[6827.302s][info][gc,heap        ] GC(2502) ParOldGen: 4355611K(4356096K)->4464595K(4464640K)
[6827.302s][info][gc,metaspace   ] GC(2502) Metaspace: 29085K(29376K)->29085K(29376K) NonClass: 25988K(26112K)->25988K(26112K) Class: 3096K(3264K)->3096K(3264K)
[6827.302s][info][gc             ] GC(2502) Pause Young (Allocation Failure) 6788M->4528M(6909M) 155.119ms
[6827.302s][info][gc,cpu         ] GC(2502) User=0.62s Sys=0.02s Real=0.15s
.[6828.644s][info][gc,start       ] GC(2503) Pause Young (Allocation Failure)
[6828.746s][info][gc,heap        ] GC(2503) PSYoungGen: 2598672K(2610176K)->164512K(2591232K) Eden: 2426368K(2426368K)->0K(2426368K) From: 172304K(183808K)->164512K(164864K)
[6828.746s][info][gc,heap        ] GC(2503) ParOldGen: 4464595K(4464640K)->4566427K(4566528K)
[6828.746s][info][gc,metaspace   ] GC(2503) Metaspace: 29085K(29376K)->29085K(29376K) NonClass: 25988K(26112K)->25988K(26112K) Class: 3096K(3264K)->3096K(3264K)
[6828.746s][info][gc             ] GC(2503) Pause Young (Allocation Failure) 6897M->4620M(6990M) 101.776ms
[6828.746s][info][gc,cpu         ] GC(2503) User=0.57s Sys=0.03s Real=0.10s
.[6830.043s][info][gc,start       ] GC(2504) Pause Young (Allocation Failure)
[6830.155s][info][gc,heap        ] GC(2504) PSYoungGen: 2590880K(2591232K)->179577K(2606592K) Eden: 2426368K(2426368K)->0K(2423296K) From: 164512K(164864K)->179577K(183296K)
[6830.155s][info][gc,heap        ] GC(2504) ParOldGen: 4566427K(4566528K)->4674955K(4675072K)
[6830.155s][info][gc,metaspace   ] GC(2504) Metaspace: 29085K(29376K)->29085K(29376K) NonClass: 25988K(26112K)->25988K(26112K) Class: 3096K(3264K)->3096K(3264K)
[6830.155s][info][gc             ] GC(2504) Pause Young (Allocation Failure) 6989M->4740M(7111M) 111.854ms
[6830.155s][info][gc,cpu         ] GC(2504) User=0.64s Sys=0.03s Real=0.12s
..[6831.467s][info][gc,start       ] GC(2505) Pause Young (Allocation Failure)
[6831.562s][info][gc,heap        ] GC(2505) PSYoungGen: 2602873K(2606592K)->149312K(2572800K) Eden: 2423296K(2423296K)->0K(2423296K) From: 179577K(183296K)->149312K(149504K)
[6831.562s][info][gc,heap        ] GC(2505) ParOldGen: 4674955K(4675072K)->4775323K(4775424K)
[6831.562s][info][gc,metaspace   ] GC(2505) Metaspace: 29085K(29376K)->29085K(29376K) NonClass: 25988K(26112K)->25988K(26112K) Class: 3096K(3264K)->3096K(3264K)
[6831.562s][info][gc             ] GC(2505) Pause Young (Allocation Failure) 7107M->4809M(7176M) 95.483ms
[6831.562s][info][gc,cpu         ] GC(2505) User=0.53s Sys=0.04s Real=0.09s
.[6832.931s][info][gc,start       ] GC(2506) Pause Young (Allocation Failure)
[6833.032s][info][gc,heap        ] GC(2506) PSYoungGen: 2572608K(2572800K)->162080K(2610176K) Eden: 2423296K(2423296K)->0K(2422784K) From: 149312K(149504K)->162080K(187392K)
[6833.032s][info][gc,heap        ] GC(2506) ParOldGen: 4775323K(4775424K)->4878019K(4878336K)
[6833.032s][info][gc,metaspace   ] GC(2506) Metaspace: 29085K(29376K)->29085K(29376K) NonClass: 25988K(26112K)->25988K(26112K) Class: 3096K(3264K)->3096K(3264K)
[6833.032s][info][gc             ] GC(2506) Pause Young (Allocation Failure) 7175M->4921M(7313M) 100.598ms
[6833.032s][info][gc,cpu         ] GC(2506) User=0.57s Sys=0.02s Real=0.10s
..[6834.425s][info][gc,start       ] GC(2507) Pause Young (Allocation Failure)
[6834.526s][info][gc,heap        ] GC(2507) PSYoungGen: 2584864K(2610176K)->151362K(2608640K) Eden: 2422784K(2422784K)->0K(2422784K) From: 162080K(187392K)->151362K(185856K)
[6834.526s][info][gc,heap        ] GC(2507) ParOldGen: 4878019K(4878336K)->4983619K(4983808K)
[6834.526s][info][gc,metaspace   ] GC(2507) Metaspace: 29085K(29376K)->29085K(29376K) NonClass: 25988K(26112K)->25988K(26112K) Class: 3096K(3264K)->3096K(3264K)
[6834.526s][info][gc             ] GC(2507) Pause Young (Allocation Failure) 7287M->5014M(7414M) 100.984ms
[6834.527s][info][gc,cpu         ] GC(2507) User=0.56s Sys=0.04s Real=0.10s
.[6835.899s][info][gc,start       ] GC(2508) Pause Young (Allocation Failure)
[6836.004s][info][gc,heap        ] GC(2508) PSYoungGen: 2574146K(2608640K)->163508K(2606080K) Eden: 2422784K(2422784K)->0K(2423808K) From: 151362K(185856K)->163508K(182272K)
[6836.004s][info][gc,heap        ] GC(2508) ParOldGen: 4983619K(4983808K)->5086003K(5086208K)
[6836.004s][info][gc,metaspace   ] GC(2508) Metaspace: 29085K(29376K)->29085K(29376K) NonClass: 25988K(26112K)->25988K(26112K) Class: 3096K(3264K)->3096K(3264K)
[6836.004s][info][gc             ] GC(2508) Pause Young (Allocation Failure) 7380M->5126M(7512M) 105.411ms
[6836.004s][info][gc,cpu         ] GC(2508) User=0.59s Sys=0.04s Real=0.10s
.[6837.329s][info][gc,start       ] GC(2509) Pause Young (Allocation Failure)
[6837.434s][info][gc,heap        ] GC(2509) PSYoungGen: 2587316K(2606080K)->162810K(2607616K) Eden: 2423808K(2423808K)->0K(2423808K) From: 163508K(182272K)->162810K(183808K)
[6837.434s][info][gc,heap        ] GC(2509) ParOldGen: 5086003K(5086208K)->5188395K(5188608K)
[6837.434s][info][gc,metaspace   ] GC(2509) Metaspace: 29085K(29376K)->29085K(29376K) NonClass: 25988K(26112K)->25988K(26112K) Class: 3096K(3264K)->3096K(3264K)
[6837.434s][info][gc             ] GC(2509) Pause Young (Allocation Failure) 7493M->5225M(7613M) 104.944ms
[6837.434s][info][gc,cpu         ] GC(2509) User=0.58s Sys=0.03s Real=0.10s
..[6838.757s][info][gc,start       ] GC(2510) Pause Young (Allocation Failure)
[6838.867s][info][gc,heap        ] GC(2510) PSYoungGen: 2586618K(2607616K)->171540K(2610176K) Eden: 2423808K(2423808K)->0K(2428416K) From: 162810K(183808K)->171540K(181760K)
[6838.867s][info][gc,heap        ] GC(2510) ParOldGen: 5188395K(5188608K)->5294291K(5294592K)
[6838.867s][info][gc,metaspace   ] GC(2510) Metaspace: 29085K(29376K)->29085K(29376K) NonClass: 25988K(26112K)->25988K(26112K) Class: 3096K(3264K)->3096K(3264K)
[6838.867s][info][gc             ] GC(2510) Pause Young (Allocation Failure) 7592M->5337M(7719M) 110.546ms
[6838.867s][info][gc,cpu         ] GC(2510) User=0.62s Sys=0.03s Real=0.11s
.[6840.177s][info][gc,start       ] GC(2511) Pause Young (Allocation Failure)
[6840.285s][info][gc,heap        ] GC(2511) PSYoungGen: 2599956K(2610176K)->157184K(2611712K) Eden: 2428416K(2428416K)->0K(2428416K) From: 171540K(181760K)->157184K(183296K)
[6840.285s][info][gc,heap        ] GC(2511) ParOldGen: 5294291K(5294592K)->5400123K(5400576K)
[6840.285s][info][gc,metaspace   ] GC(2511) Metaspace: 29085K(29376K)->29085K(29376K) NonClass: 25988K(26112K)->25988K(26112K) Class: 3096K(3264K)->3096K(3264K)
[6840.285s][info][gc             ] GC(2511) Pause Young (Allocation Failure) 7709M->5427M(7824M) 107.229ms
[6840.285s][info][gc,cpu         ] GC(2511) User=0.57s Sys=0.03s Real=0.11s
..[6841.612s][info][gc,start       ] GC(2512) Pause Young (Allocation Failure)
[6841.715s][info][gc,heap        ] GC(2512) PSYoungGen: 2585600K(2611712K)->157888K(2611200K) Eden: 2428416K(2428416K)->0K(2430464K) From: 157184K(183296K)->157888K(180736K)
[6841.715s][info][gc,heap        ] GC(2512) ParOldGen: 5400123K(5400576K)->5504051K(5504512K)
[6841.715s][info][gc,metaspace   ] GC(2512) Metaspace: 29085K(29376K)->29085K(29376K) NonClass: 25988K(26112K)->25988K(26112K) Class: 3096K(3264K)->3096K(3264K)
[6841.715s][info][gc             ] GC(2512) Pause Young (Allocation Failure) 7798M->5529M(7925M) 103.077ms
[6841.715s][info][gc,cpu         ] GC(2512) User=0.57s Sys=0.04s Real=0.11s
.[6843.103s][info][gc,start       ] GC(2513) Pause Full (Allocation Failure)
[6843.103s][info][gc,phases,start] GC(2513) Marking Phase
[6843.425s][info][gc,phases      ] GC(2513) Marking Phase 321.725ms
[6843.425s][info][gc,phases,start] GC(2513) Summary Phase
[6843.425s][info][gc,phases      ] GC(2513) Summary Phase 0.097ms
[6843.425s][info][gc,phases,start] GC(2513) Forward
[6843.562s][info][gc,phases      ] GC(2513) Forward 137.019ms
[6843.562s][info][gc,phases,start] GC(2513) Adjust Pointers
[6843.782s][info][gc,phases      ] GC(2513) Adjust Pointers 219.878ms
[6843.782s][info][gc,phases,start] GC(2513) Compaction Phase
[6843.937s][info][gc,phases      ] GC(2513) Compaction Phase 155.080ms
[6843.939s][info][gc,phases,start] GC(2513) Post Compact
[6843.946s][info][gc,phases      ] GC(2513) Post Compact 6.870ms
[6844.066s][info][gc,heap        ] GC(2513) PSYoungGen: 2588352K(2611200K)->0K(2612224K) Eden: 2430464K(2430464K)->0K(2430464K) From: 157888K(180736K)->0K(181760K)
[6844.066s][info][gc,heap        ] GC(2513) ParOldGen: 5504051K(5504512K)->1638291K(2227200K)
[6844.066s][info][gc,metaspace   ] GC(2513) Metaspace: 29085K(29376K)->29085K(29376K) NonClass: 25988K(26112K)->25988K(26112K) Class: 3096K(3264K)->3096K(3264K)
[6844.066s][info][gc             ] GC(2513) Pause Full (Allocation Failure) 7902M->1599M(4726M) 962.498ms
[6844.066s][info][gc,cpu         ] GC(2513) User=4.55s Sys=0.12s Real=0.97s
. (rIR:aIR:PR = 11761:11710:11711) (tPR = 174162) [OK] 
  6843s: Performance info:
         Transaction,    Success,    Partial,     Failed,   Receipts, AvgBarcode, 
             Overall,     777360,          0,          0,     738765,      59.48, 
         Response times:
             Request,    Success,    Partial,     Failed,   SkipFail,     Probes,    Samples,      min,      p50,      p90,      p95,      p99,      max, 
       TotalPurchase,     738747,          0,          0,          0,     286856,     488318,      300,   127000,   527000,   710000,  1200000,  1600000,
     InStorePurchase,     389134,          0,          0,          0,     149068,     255885,      300,   127000,   531000,   710000,  1200000,  1600000,
      OnlinePurchase,     272547,          0,          0,          0,     104717,     179815,      300,   128000,   507000,   700000,  1200000,  1500000,
        InstPurchase,      77066,          0,          0,          0,      33071,      52618,      400,   126000,   546000,   760000,  1200000,  1400000,
          AssocOfCat,        772,          0,          0,          0,        571,        961,    26000,   165000,   520800,   660000,  1100000,  1200000,
      AssocOfProduct,       7637,          0,          0,          0,       4006,       6214,      800,   127000,   508000,   700000,  1100000,  1100000,
      BusinessReport,       1924,          0,          0,          0,       1434,       2306,    30000,   193000,   516600,   696500,  1200000,  1600000,
          CustBuyBeh,       7689,          0,          0,          0,       3993,       6228,      400,   116000,   472000,   640000,   810000,  1300000,
       ProductReturn,      20295,          0,          0,          0,       8356,      13826,      600,   121000,   505300,   640000,   930000,  1100000,

  6843s: (86%)   IR =  11900 .[6845.371s][info][gc,start       ] GC(2514) Pause Young (Allocation Failure)
[6845.436s][info][gc,heap        ] GC(2514) PSYoungGen: 2430464K(2612224K)->154400K(2613248K) Eden: 2430464K(2430464K)->0K(2432512K) From: 0K(181760K)->154400K(180736K)
[6845.436s][info][gc,heap        ] GC(2514) ParOldGen: 1638291K(2227200K)->1638291K(2227200K)
[6845.436s][info][gc,metaspace   ] GC(2514) Metaspace: 29085K(29376K)->29085K(29376K) NonClass: 25988K(26112K)->25988K(26112K) Class: 3096K(3264K)->3096K(3264K)
[6845.436s][info][gc             ] GC(2514) Pause Young (Allocation Failure) 3973M->1750M(4727M) 65.123ms
[6845.436s][info][gc,cpu         ] GC(2514) User=0.38s Sys=0.00s Real=0.07s
.[6846.712s][info][gc,start       ] GC(2515) Pause Young (Allocation Failure)
[6846.809s][info][gc,heap        ] GC(2515) PSYoungGen: 2586912K(2613248K)->164809K(2613760K) Eden: 2432512K(2432512K)->0K(2432512K) From: 154400K(180736K)->164809K(181248K)
[6846.809s][info][gc,heap        ] GC(2515) ParOldGen: 1638291K(2227200K)->1740667K(2227200K)
[6846.809s][info][gc,metaspace   ] GC(2515) Metaspace: 29085K(29376K)->29085K(29376K) NonClass: 25988K(26112K)->25988K(26112K) Class: 3096K(3264K)->3096K(3264K)
[6846.809s][info][gc             ] GC(2515) Pause Young (Allocation Failure) 4126M->1860M(4727M) 97.131ms
[6846.809s][info][gc,cpu         ] GC(2515) User=0.58s Sys=0.00s Real=0.10s
.[6848.064s][info][gc,start       ] GC(2516) Pause Young (Allocation Failure)
[6848.166s][info][gc,heap        ] GC(2516) PSYoungGen: 2597321K(2613760K)->180196K(2527744K) Eden: 2432512K(2432512K)->0K(2347520K) From: 164809K(181248K)->180196K(180224K)
[6848.166s][info][gc,heap        ] GC(2516) ParOldGen: 1740667K(2227200K)->1846547K(2227200K)
[6848.166s][info][gc,metaspace   ] GC(2516) Metaspace: 29085K(29376K)->29085K(29376K) NonClass: 25988K(26112K)->25988K(26112K) Class: 3096K(3264K)->3096K(3264K)
[6848.166s][info][gc             ] GC(2516) Pause Young (Allocation Failure) 4236M->1979M(4643M) 102.912ms
[6848.166s][info][gc,cpu         ] GC(2516) User=0.61s Sys=0.00s Real=0.11s
.[6849.473s][info][gc,start       ] GC(2517) Pause Young (Allocation Failure)
[6849.563s][info][gc,heap        ] GC(2517) PSYoungGen: 2527716K(2527744K)->144896K(2571776K) Eden: 2347520K(2347520K)->0K(2347520K) From: 180196K(180224K)->144896K(224256K)
[6849.563s][info][gc,heap        ] GC(2517) ParOldGen: 1846547K(2227200K)->1954915K(2227200K)
[6849.563s][info][gc,metaspace   ] GC(2517) Metaspace: 29085K(29376K)->29085K(29376K) NonClass: 25988K(26112K)->25988K(26112K) Class: 3096K(3264K)->3096K(3264K)
[6849.563s][info][gc             ] GC(2517) Pause Young (Allocation Failure) 4271M->2050M(4686M) 90.121ms
[6849.563s][info][gc,cpu         ] GC(2517) User=0.53s Sys=0.00s Real=0.09s
..[6850.800s][info][gc,start       ] GC(2518) Pause Young (Allocation Failure)
[6850.892s][info][gc,heap        ] GC(2518) PSYoungGen: 2492416K(2571776K)->151456K(2568704K) Eden: 2347520K(2347520K)->0K(2347520K) From: 144896K(224256K)->151456K(221184K)
[6850.892s][info][gc,heap        ] GC(2518) ParOldGen: 1954915K(2227200K)->2056267K(2227200K)
[6850.892s][info][gc,metaspace   ] GC(2518) Metaspace: 29085K(29376K)->29085K(29376K) NonClass: 25988K(26112K)->25988K(26112K) Class: 3096K(3264K)->3096K(3264K)
[6850.892s][info][gc             ] GC(2518) Pause Young (Allocation Failure) 4343M->2155M(4683M) 91.574ms
[6850.892s][info][gc,cpu         ] GC(2518) User=0.54s Sys=0.00s Real=0.09s
.[6852.126s][info][gc,start       ] GC(2519) Pause Young (Allocation Failure)
[6852.267s][info][gc,heap        ] GC(2519) PSYoungGen: 2498976K(2568704K)->161440K(2570240K) Eden: 2347520K(2347520K)->0K(2347520K) From: 151456K(221184K)->161440K(222720K)
[6852.267s][info][gc,heap        ] GC(2519) ParOldGen: 2056267K(2227200K)->2157379K(2227200K)
[6852.267s][info][gc,metaspace   ] GC(2519) Metaspace: 29085K(29376K)->29085K(29376K) NonClass: 25988K(26112K)->25988K(26112K) Class: 3096K(3264K)->3096K(3264K)
[6852.267s][info][gc             ] GC(2519) Pause Young (Allocation Failure) 4448M->2264M(4685M) 140.923ms
[6852.267s][info][gc,cpu         ] GC(2519) User=0.56s Sys=0.00s Real=0.14s
.[6853.515s][info][gc,start       ] GC(2520) Pause Young (Allocation Failure)
[6853.610s][info][gc,heap        ] GC(2520) PSYoungGen: 2508960K(2570240K)->151008K(2571776K) Eden: 2347520K(2347520K)->0K(2353664K) From: 161440K(222720K)->151008K(218112K)
[6853.610s][info][gc,heap        ] GC(2520) ParOldGen: 2157379K(2227200K)->2264419K(2264576K)
[6853.610s][info][gc,metaspace   ] GC(2520) Metaspace: 29085K(29376K)->29085K(29376K) NonClass: 25988K(26112K)->25988K(26112K) Class: 3096K(3264K)->3096K(3264K)
[6853.611s][info][gc             ] GC(2520) Pause Young (Allocation Failure) 4556M->2358M(4723M) 95.336ms
[6853.611s][info][gc,cpu         ] GC(2520) User=0.56s Sys=0.01s Real=0.09s
..[6854.812s][info][gc,start       ] GC(2521) Pause Young (Allocation Failure)
[6854.917s][info][gc,heap        ] GC(2521) PSYoungGen: 2504672K(2571776K)->175860K(2570752K) Eden: 2353664K(2353664K)->0K(2353664K) From: 151008K(218112K)->175860K(217088K)
[6854.917s][info][gc,heap        ] GC(2521) ParOldGen: 2264419K(2264576K)->2365939K(2365952K)
[6854.917s][info][gc,metaspace   ] GC(2521) Metaspace: 29085K(29376K)->29085K(29376K) NonClass: 25988K(26112K)->25988K(26112K) Class: 3096K(3264K)->3096K(3264K)
[6854.917s][info][gc             ] GC(2521) Pause Young (Allocation Failure) 4657M->2482M(4821M) 104.861ms
[6854.917s][info][gc,cpu         ] GC(2521) User=0.59s Sys=0.03s Real=0.11s
.[6856.153s][info][gc,start       ] GC(2522) Pause Young (Allocation Failure)
[6856.303s][info][gc,heap        ] GC(2522) PSYoungGen: 2529524K(2570752K)->166612K(2573824K) Eden: 2353664K(2353664K)->0K(2363904K) From: 175860K(217088K)->166612K(209920K)
[6856.303s][info][gc,heap        ] GC(2522) ParOldGen: 2365939K(2365952K)->2470003K(2470400K)
[6856.303s][info][gc,metaspace   ] GC(2522) Metaspace: 29085K(29376K)->29085K(29376K) NonClass: 25988K(26112K)->25988K(26112K) Class: 3096K(3264K)->3096K(3264K)
[6856.303s][info][gc             ] GC(2522) Pause Young (Allocation Failure) 4780M->2574M(4926M) 149.801ms
[6856.303s][info][gc,cpu         ] GC(2522) User=0.58s Sys=0.03s Real=0.15s
.[6857.548s][info][gc,start       ] GC(2523) Pause Young (Allocation Failure)
[6857.645s][info][gc,heap        ] GC(2523) PSYoungGen: 2530516K(2573824K)->152576K(2574848K) Eden: 2363904K(2363904K)->0K(2363904K) From: 166612K(209920K)->152576K(210944K)
[6857.645s][info][gc,heap        ] GC(2523) ParOldGen: 2470003K(2470400K)->2575195K(2575360K)
[6857.645s][info][gc,metaspace   ] GC(2523) Metaspace: 29085K(29376K)->29085K(29376K) NonClass: 25988K(26112K)->25988K(26112K) Class: 3096K(3264K)->3096K(3264K)
[6857.645s][info][gc             ] GC(2523) Pause Young (Allocation Failure) 4883M->2663M(5029M) 97.144ms
[6857.645s][info][gc,cpu         ] GC(2523) User=0.54s Sys=0.03s Real=0.10s
.[6858.900s][info][gc,start       ] GC(2524) Pause Young (Allocation Failure)
[6859.001s][info][gc,heap        ] GC(2524) PSYoungGen: 2516480K(2574848K)->168800K(2579968K) Eden: 2363904K(2363904K)->0K(2376192K) From: 152576K(210944K)->168800K(203776K)
[6859.001s][info][gc,heap        ] GC(2524) ParOldGen: 2575195K(2575360K)->2677667K(2677760K)
[6859.001s][info][gc,metaspace   ] GC(2524) Metaspace: 29085K(29376K)->29085K(29376K) NonClass: 25988K(26112K)->25988K(26112K) Class: 3096K(3264K)->3096K(3264K)
[6859.001s][info][gc             ] GC(2524) Pause Young (Allocation Failure) 4972M->2779M(5134M) 101.599ms
[6859.002s][info][gc,cpu         ] GC(2524) User=0.58s Sys=0.03s Real=0.10s
..[6860.316s][info][gc,start       ] GC(2525) Pause Young (Allocation Failure)
[6860.415s][info][gc,heap        ] GC(2525) PSYoungGen: 2544992K(2579968K)->152150K(2582016K) Eden: 2376192K(2376192K)->0K(2376192K) From: 168800K(203776K)->152150K(205824K)
[6860.415s][info][gc,heap        ] GC(2525) ParOldGen: 2677667K(2677760K)->2780787K(2781184K)
[6860.415s][info][gc,metaspace   ] GC(2525) Metaspace: 29085K(29376K)->29085K(29376K) NonClass: 25988K(26112K)->25988K(26112K) Class: 3096K(3264K)->3096K(3264K)
[6860.415s][info][gc             ] GC(2525) Pause Young (Allocation Failure) 5100M->2864M(5237M) 99.073ms
[6860.415s][info][gc,cpu         ] GC(2525) User=0.54s Sys=0.03s Real=0.10s
.[6861.653s][info][gc,start       ] GC(2526) Pause Young (Allocation Failure)
[6861.753s][info][gc,heap        ] GC(2526) PSYoungGen: 2528342K(2582016K)->164400K(2582528K) Eden: 2376192K(2376192K)->0K(2385920K) From: 152150K(205824K)->164400K(196608K)
[6861.753s][info][gc,heap        ] GC(2526) ParOldGen: 2780787K(2781184K)->2881571K(2882048K)
[6861.753s][info][gc,metaspace   ] GC(2526) Metaspace: 29085K(29376K)->29085K(29376K) NonClass: 25988K(26112K)->25988K(26112K) Class: 3096K(3264K)->3096K(3264K)
[6861.753s][info][gc             ] GC(2526) Pause Young (Allocation Failure) 5184M->2974M(5336M) 100.163ms
[6861.753s][info][gc,cpu         ] GC(2526) User=0.57s Sys=0.03s Real=0.10s
.[6863.029s][info][gc,start       ] GC(2527) Pause Young (Allocation Failure)
[6863.130s][info][gc,heap        ] GC(2527) PSYoungGen: 2550320K(2582528K)->166418K(2586624K) Eden: 2385920K(2385920K)->0K(2385920K) From: 164400K(196608K)->166418K(200704K)
[6863.130s][info][gc,heap        ] GC(2527) ParOldGen: 2881571K(2882048K)->2988811K(2989056K)
[6863.130s][info][gc,metaspace   ] GC(2527) Metaspace: 29085K(29376K)->29085K(29376K) NonClass: 25988K(26112K)->25988K(26112K) Class: 3096K(3264K)->3096K(3264K)
[6863.130s][info][gc             ] GC(2527) Pause Young (Allocation Failure) 5304M->3081M(5445M) 101.899ms
[6863.131s][info][gc,cpu         ] GC(2527) User=0.57s Sys=0.04s Real=0.10s
..[6864.457s][info][gc,start       ] GC(2528) Pause Young (Allocation Failure)
[6864.556s][info][gc,heap        ] GC(2528) PSYoungGen: 2552338K(2586624K)->154000K(2591232K) Eden: 2385920K(2385920K)->0K(2397696K) From: 166418K(200704K)->154000K(193536K)
[6864.556s][info][gc,heap        ] GC(2528) ParOldGen: 2988811K(2989056K)->3092995K(3093504K)
[6864.556s][info][gc,metaspace   ] GC(2528) Metaspace: 29085K(29376K)->29085K(29376K) NonClass: 25988K(26112K)->25988K(26112K) Class: 3096K(3264K)->3096K(3264K)
[6864.556s][info][gc             ] GC(2528) Pause Young (Allocation Failure) 5411M->3170M(5551M) 99.526ms
[6864.556s][info][gc,cpu         ] GC(2528) User=0.56s Sys=0.04s Real=0.10s
.[6865.856s][info][gc,start       ] GC(2529) Pause Young (Allocation Failure)
[6865.960s][info][gc,heap        ] GC(2529) PSYoungGen: 2551696K(2591232K)->172224K(2593792K) Eden: 2397696K(2397696K)->0K(2397696K) From: 154000K(193536K)->172224K(196096K)
[6865.960s][info][gc,heap        ] GC(2529) ParOldGen: 3092995K(3093504K)->3194043K(3194368K)
[6865.960s][info][gc,metaspace   ] GC(2529) Metaspace: 29085K(29376K)->29085K(29376K) NonClass: 25988K(26112K)->25988K(26112K) Class: 3096K(3264K)->3096K(3264K)
[6865.960s][info][gc             ] GC(2529) Pause Young (Allocation Failure) 5512M->3287M(5652M) 104.054ms
[6865.960s][info][gc,cpu         ] GC(2529) User=0.58s Sys=0.03s Real=0.10s
.[6867.250s][info][gc,start       ] GC(2530) Pause Young (Allocation Failure)
[6867.353s][info][gc,heap        ] GC(2530) PSYoungGen: 2569920K(2593792K)->167264K(2595840K) Eden: 2397696K(2397696K)->0K(2403840K) From: 172224K(196096K)->167264K(192000K)
[6867.353s][info][gc,heap        ] GC(2530) ParOldGen: 3194043K(3194368K)->3293203K(3293696K)
[6867.353s][info][gc,metaspace   ] GC(2530) Metaspace: 29085K(29376K)->29085K(29376K) NonClass: 25988K(26112K)->25988K(26112K) Class: 3096K(3264K)->3096K(3264K)
[6867.353s][info][gc             ] GC(2530) Pause Young (Allocation Failure) 5628M->3379M(5751M) 103.158ms
[6867.353s][info][gc,cpu         ] GC(2530) User=0.56s Sys=0.04s Real=0.10s
.[6868.623s][info][gc,start       ] GC(2531) Pause Young (Allocation Failure)
[6868.723s][info][gc,heap        ] GC(2531) PSYoungGen: 2571104K(2595840K)->158176K(2597888K) Eden: 2403840K(2403840K)->0K(2403840K) From: 167264K(192000K)->158176K(194048K)
[6868.723s][info][gc,heap        ] GC(2531) ParOldGen: 3293203K(3293696K)->3400043K(3400192K)
[6868.723s][info][gc,metaspace   ] GC(2531) Metaspace: 29085K(29376K)->29085K(29376K) NonClass: 25988K(26112K)->25988K(26112K) Class: 3096K(3264K)->3096K(3264K)
[6868.723s][info][gc             ] GC(2531) Pause Young (Allocation Failure) 5726M->3474M(5857M) 99.544ms
[6868.723s][info][gc,cpu         ] GC(2531) User=0.56s Sys=0.04s Real=0.10s
..[6870.012s][info][gc,start       ] GC(2532) Pause Young (Allocation Failure)
[6870.119s][info][gc,heap        ] GC(2532) PSYoungGen: 2562016K(2597888K)->176116K(2600448K) Eden: 2403840K(2403840K)->0K(2408448K) From: 158176K(194048K)->176116K(192000K)
[6870.119s][info][gc,heap        ] GC(2532) ParOldGen: 3400043K(3400192K)->3505515K(3505664K)
[6870.119s][info][gc,metaspace   ] GC(2532) Metaspace: 29085K(29376K)->29085K(29376K) NonClass: 25988K(26112K)->25988K(26112K) Class: 3096K(3264K)->3096K(3264K)
[6870.119s][info][gc             ] GC(2532) Pause Young (Allocation Failure) 5822M->3595M(5963M) 107.256ms
[6870.119s][info][gc,cpu         ] GC(2532) User=0.60s Sys=0.03s Real=0.11s
.[6871.424s][info][gc,start       ] GC(2533) Pause Young (Allocation Failure)
[6871.522s][info][gc,heap        ] GC(2533) PSYoungGen: 2584564K(2600448K)->158208K(2601984K) Eden: 2408448K(2408448K)->0K(2408448K) From: 176116K(192000K)->158208K(193536K)
[6871.522s][info][gc,heap        ] GC(2533) ParOldGen: 3505515K(3505664K)->3607347K(3607552K)
[6871.522s][info][gc,metaspace   ] GC(2533) Metaspace: 29085K(29376K)->29085K(29376K) NonClass: 25988K(26112K)->25988K(26112K) Class: 3096K(3264K)->3096K(3264K)
[6871.522s][info][gc             ] GC(2533) Pause Young (Allocation Failure) 5947M->3677M(6064M) 98.559ms
[6871.522s][info][gc,cpu         ] GC(2533) User=0.56s Sys=0.03s Real=0.10s
.[6872.793s][info][gc,start       ] GC(2534) Pause Young (Allocation Failure)
[6872.892s][info][gc,heap        ] GC(2534) PSYoungGen: 2566656K(2601984K)->155744K(2600448K) Eden: 2408448K(2408448K)->0K(2410496K) From: 158208K(193536K)->155744K(189952K)
[6872.892s][info][gc,heap        ] GC(2534) ParOldGen: 3607347K(3607552K)->3714643K(3715072K)
[6872.892s][info][gc,metaspace   ] GC(2534) Metaspace: 29085K(29376K)->29085K(29376K) NonClass: 25988K(26112K)->25988K(26112K) Class: 3096K(3264K)->3096K(3264K)
[6872.892s][info][gc             ] GC(2534) Pause Young (Allocation Failure) 6029M->3779M(6167M) 98.905ms
[6872.892s][info][gc,cpu         ] GC(2534) User=0.55s Sys=0.03s Real=0.10s
..[6874.235s][info][gc,start       ] GC(2535) Pause Young (Allocation Failure)
[6874.337s][info][gc,heap        ] GC(2535) PSYoungGen: 2566240K(2600448K)->160736K(2601472K) Eden: 2410496K(2410496K)->0K(2410496K) From: 155744K(189952K)->160736K(190976K)
[6874.337s][info][gc,heap        ] GC(2535) ParOldGen: 3714643K(3715072K)->3817539K(3817984K)
[6874.337s][info][gc,metaspace   ] GC(2535) Metaspace: 29085K(29376K)->29085K(29376K) NonClass: 25988K(26112K)->25988K(26112K) Class: 3096K(3264K)->3096K(3264K)
[6874.337s][info][gc             ] GC(2535) Pause Young (Allocation Failure) 6133M->3885M(6269M) 102.114ms
[6874.337s][info][gc,cpu         ] GC(2535) User=0.57s Sys=0.04s Real=0.10s
. (rIR:aIR:PR = 11900:12229:12224) (tPR = 179518) [IR is over limit] [PR is over limit] 
  6874s: Performance info:
         Transaction,    Success,    Partial,     Failed,   Receipts, AvgBarcode, 
             Overall,     260586,          0,          0,     247587,      59.47, 
         Response times:
             Request,    Success,    Partial,     Failed,   SkipFail,     Probes,    Samples,      min,      p50,      p90,      p95,      p99,      max, 
       TotalPurchase,     247924,          0,          0,          0,      94786,     184020,      400,   256000,   432000,   481000,   554000,   730000,
     InStorePurchase,     132245,          0,          0,          0,      49914,      96665,      400,   254000,   429000,   479000,   546000,   730000,
      OnlinePurchase,      90046,          0,          0,          0,      34662,      67717,     1000,   260000,   436000,   483000,   556000,   730000,
        InstPurchase,      25633,          0,          0,          0,      10210,      19638,     2300,   250000,   424100,   478000,   549000,   730000,
          AssocOfCat,        255,          0,          0,          0,        181,        344,    88000,   335000,   519000,   555750,   620000,   650000,
      AssocOfProduct,       2641,          0,          0,          0,       1299,       2408,     7500,   256000,   428000,   487550,   571000,   640000,
      BusinessReport,        637,          0,          0,          0,        527,        924,    59000,   330000,   514000,   561000,   670000,   710000,
          CustBuyBeh,       2570,          0,          0,          0,       1341,       2426,     8700,   255000,   425000,   479000,   559000,   720000,
       ProductReturn,       6677,          0,          0,          0,       2769,       5231,      500,   259000,   425000,   481000,   569000,   690000,

  6874s: 
  6874s: Failed, 7 overall retries left, retrying 1 of 1
  6874s: (86%)   IR =  11900 [6875.616s][info][gc,start       ] GC(2536) Pause Young (Allocation Failure)
[6875.718s][info][gc,heap        ] GC(2536) PSYoungGen: 2571232K(2601472K)->165408K(2601984K) Eden: 2410496K(2410496K)->0K(2416128K) From: 160736K(190976K)->165408K(185856K)
[6875.718s][info][gc,heap        ] GC(2536) ParOldGen: 3817539K(3817984K)->3921523K(3921920K)
[6875.718s][info][gc,metaspace   ] GC(2536) Metaspace: 29085K(29376K)->29085K(29376K) NonClass: 25988K(26112K)->25988K(26112K) Class: 3096K(3264K)->3096K(3264K)
[6875.718s][info][gc             ] GC(2536) Pause Young (Allocation Failure) 6239M->3991M(6371M) 102.548ms
[6875.718s][info][gc,cpu         ] GC(2536) User=0.57s Sys=0.04s Real=0.10s
.[6877.070s][info][gc,start       ] GC(2537) Pause Young (Allocation Failure)
[6877.173s][info][gc,heap        ] GC(2537) PSYoungGen: 2581536K(2601984K)->163072K(2603008K) Eden: 2416128K(2416128K)->0K(2416128K) From: 165408K(185856K)->163072K(186880K)
[6877.173s][info][gc,heap        ] GC(2537) ParOldGen: 3921523K(3921920K)->4030115K(4030464K)
[6877.173s][info][gc,metaspace   ] GC(2537) Metaspace: 29085K(29376K)->29085K(29376K) NonClass: 25988K(26112K)->25988K(26112K) Class: 3096K(3264K)->3096K(3264K)
[6877.173s][info][gc             ] GC(2537) Pause Young (Allocation Failure) 6350M->4094M(6478M) 102.679ms
[6877.173s][info][gc,cpu         ] GC(2537) User=0.59s Sys=0.02s Real=0.10s
..[6878.573s][info][gc,start       ] GC(2538) Pause Young (Allocation Failure)
[6878.684s][info][gc,heap        ] GC(2538) PSYoungGen: 2579200K(2603008K)->172719K(2606592K) Eden: 2416128K(2416128K)->0K(2421760K) From: 163072K(186880K)->172719K(184832K)
[6878.684s][info][gc,heap        ] GC(2538) ParOldGen: 4030115K(4030464K)->4134467K(4134912K)
[6878.684s][info][gc,metaspace   ] GC(2538) Metaspace: 29085K(29376K)->29085K(29376K) NonClass: 25988K(26112K)->25988K(26112K) Class: 3096K(3264K)->3096K(3264K)
[6878.684s][info][gc             ] GC(2538) Pause Young (Allocation Failure) 6454M->4206M(6583M) 110.954ms
[6878.684s][info][gc,cpu         ] GC(2538) User=0.62s Sys=0.04s Real=0.11s
.[6879.990s][info][gc,start       ] GC(2539) Pause Young (Allocation Failure)
[6880.093s][info][gc,heap        ] GC(2539) PSYoungGen: 2594479K(2606592K)->166304K(2608128K) Eden: 2421760K(2421760K)->0K(2421760K) From: 172719K(184832K)->166304K(186368K)
[6880.093s][info][gc,heap        ] GC(2539) ParOldGen: 4134467K(4134912K)->4236843K(4237312K)
[6880.093s][info][gc,metaspace   ] GC(2539) Metaspace: 29085K(29376K)->29085K(29376K) NonClass: 25988K(26112K)->25988K(26112K) Class: 3096K(3264K)->3096K(3264K)
[6880.093s][info][gc             ] GC(2539) Pause Young (Allocation Failure) 6571M->4299M(6685M) 102.997ms
[6880.093s][info][gc,cpu         ] GC(2539) User=0.58s Sys=0.03s Real=0.10s
..[6881.448s][info][gc,start       ] GC(2540) Pause Young (Allocation Failure)
[6881.547s][info][gc,heap        ] GC(2540) PSYoungGen: 2588064K(2608128K)->157088K(2607616K) Eden: 2421760K(2421760K)->0K(2424832K) From: 166304K(186368K)->157088K(182784K)
[6881.547s][info][gc,heap        ] GC(2540) ParOldGen: 4236843K(4237312K)->4340307K(4340736K)
[6881.547s][info][gc,metaspace   ] GC(2540) Metaspace: 29085K(29376K)->29085K(29376K) NonClass: 25988K(26112K)->25988K(26112K) Class: 3096K(3264K)->3096K(3264K)
[6881.548s][info][gc             ] GC(2540) Pause Young (Allocation Failure) 6664M->4391M(6785M) 99.737ms
[6881.548s][info][gc,cpu         ] GC(2540) User=0.57s Sys=0.02s Real=0.10s
.[6882.843s][info][gc,start       ] GC(2541) Pause Young (Allocation Failure)
[6882.944s][info][gc,heap        ] GC(2541) PSYoungGen: 2581920K(2607616K)->160032K(2608640K) Eden: 2424832K(2424832K)->0K(2424832K) From: 157088K(182784K)->160032K(183808K)
[6882.944s][info][gc,heap        ] GC(2541) ParOldGen: 4340307K(4340736K)->4444371K(4444672K)
[6882.944s][info][gc,metaspace   ] GC(2541) Metaspace: 29085K(29376K)->29085K(29376K) NonClass: 25988K(26112K)->25988K(26112K) Class: 3096K(3264K)->3096K(3264K)
[6882.944s][info][gc             ] GC(2541) Pause Young (Allocation Failure) 6759M->4496M(6888M) 100.339ms
[6882.944s][info][gc,cpu         ] GC(2541) User=0.56s Sys=0.03s Real=0.10s
.[6884.290s][info][gc,start       ] GC(2542) Pause Young (Allocation Failure)
[6884.391s][info][gc,heap        ] GC(2542) PSYoungGen: 2584864K(2608640K)->156804K(2610176K) Eden: 2424832K(2424832K)->0K(2429440K) From: 160032K(183808K)->156804K(180736K)
[6884.391s][info][gc,heap        ] GC(2542) ParOldGen: 4444371K(4444672K)->4549643K(4550144K)
[6884.391s][info][gc,metaspace   ] GC(2542) Metaspace: 29085K(29376K)->29085K(29376K) NonClass: 25988K(26112K)->25988K(26112K) Class: 3096K(3264K)->3096K(3264K)
[6884.391s][info][gc             ] GC(2542) Pause Young (Allocation Failure) 6864M->4596M(6992M) 101.686ms
[6884.391s][info][gc,cpu         ] GC(2542) User=0.56s Sys=0.04s Real=0.10s
..[6885.767s][info][gc,start       ] GC(2543) Pause Young (Allocation Failure)
[6885.871s][info][gc,heap        ] GC(2543) PSYoungGen: 2586244K(2610176K)->164298K(2611200K) Eden: 2429440K(2429440K)->0K(2429440K) From: 156804K(180736K)->164298K(181760K)
[6885.871s][info][gc,heap        ] GC(2543) ParOldGen: 4549643K(4550144K)->4657355K(4657664K)
[6885.871s][info][gc,metaspace   ] GC(2543) Metaspace: 29085K(29376K)->29085K(29376K) NonClass: 25988K(26112K)->25988K(26112K) Class: 3096K(3264K)->3096K(3264K)
[6885.871s][info][gc             ] GC(2543) Pause Young (Allocation Failure) 6968M->4708M(7098M) 104.079ms
[6885.871s][info][gc,cpu         ] GC(2543) User=0.59s Sys=0.03s Real=0.10s
.[6887.147s][info][gc,start       ] GC(2544) Pause Young (Allocation Failure)
[6887.273s][info][gc,heap        ] GC(2544) PSYoungGen: 2593738K(2611200K)->180713K(2526208K) Eden: 2429440K(2429440K)->0K(2345472K) From: 164298K(181760K)->180713K(180736K)
[6887.273s][info][gc,heap        ] GC(2544) ParOldGen: 4657355K(4657664K)->4765323K(4765696K)
[6887.273s][info][gc,metaspace   ] GC(2544) Metaspace: 29085K(29376K)->29085K(29376K) NonClass: 25988K(26112K)->25988K(26112K) Class: 3096K(3264K)->3096K(3264K)
[6887.273s][info][gc             ] GC(2544) Pause Young (Allocation Failure) 7081M->4830M(7121M) 125.439ms
[6887.273s][info][gc,cpu         ] GC(2544) User=0.64s Sys=0.05s Real=0.12s
.[6888.520s][info][gc,start       ] GC(2545) Pause Young (Allocation Failure)
[6888.622s][info][gc,heap        ] GC(2545) PSYoungGen: 2526185K(2526208K)->158272K(2570752K) Eden: 2345472K(2345472K)->0K(2345472K) From: 180713K(180736K)->158272K(225280K)
[6888.622s][info][gc,heap        ] GC(2545) ParOldGen: 4765323K(4765696K)->4870371K(4870656K)
[6888.622s][info][gc,metaspace   ] GC(2545) Metaspace: 29085K(29376K)->29085K(29376K) NonClass: 25988K(26112K)->25988K(26112K) Class: 3096K(3264K)->3096K(3264K)
[6888.622s][info][gc             ] GC(2545) Pause Young (Allocation Failure) 7120M->4910M(7267M) 101.165ms
[6888.622s][info][gc,cpu         ] GC(2545) User=0.56s Sys=0.04s Real=0.10s
..[6889.900s][info][gc,start       ] GC(2546) Pause Young (Allocation Failure)
[6890.003s][info][gc,heap        ] GC(2546) PSYoungGen: 2503744K(2570752K)->162160K(2563584K) Eden: 2345472K(2345472K)->0K(2347520K) From: 158272K(225280K)->162160K(216064K)
[6890.003s][info][gc,heap        ] GC(2546) ParOldGen: 4870371K(4870656K)->4973843K(4974080K)
[6890.003s][info][gc,metaspace   ] GC(2546) Metaspace: 29085K(29376K)->29085K(29376K) NonClass: 25988K(26112K)->25988K(26112K) Class: 3096K(3264K)->3096K(3264K)
[6890.003s][info][gc             ] GC(2546) Pause Young (Allocation Failure) 7201M->5015M(7361M) 102.830ms
[6890.003s][info][gc,cpu         ] GC(2546) User=0.57s Sys=0.04s Real=0.10s
.[6891.312s][info][gc,start       ] GC(2547) Pause Young (Allocation Failure)
[6891.411s][info][gc,heap        ] GC(2547) PSYoungGen: 2509680K(2563584K)->153872K(2568192K) Eden: 2347520K(2347520K)->0K(2347520K) From: 162160K(216064K)->153872K(220672K)
[6891.411s][info][gc,heap        ] GC(2547) ParOldGen: 4973843K(4974080K)->5075051K(5075456K)
[6891.411s][info][gc,metaspace   ] GC(2547) Metaspace: 29085K(29376K)->29085K(29376K) NonClass: 25988K(26112K)->25988K(26112K) Class: 3096K(3264K)->3096K(3264K)
[6891.411s][info][gc             ] GC(2547) Pause Young (Allocation Failure) 7308M->5106M(7464M) 99.208ms
[6891.411s][info][gc,cpu         ] GC(2547) User=0.56s Sys=0.03s Real=0.10s
.[6892.718s][info][gc,start       ] GC(2548) Pause Young (Allocation Failure)
[6892.815s][info][gc,heap        ] GC(2548) PSYoungGen: 2501392K(2568192K)->145312K(2572800K) Eden: 2347520K(2347520K)->0K(2356224K) From: 153872K(220672K)->145312K(216576K)
[6892.815s][info][gc,heap        ] GC(2548) ParOldGen: 5075051K(5075456K)->5179227K(5179392K)
[6892.815s][info][gc,metaspace   ] GC(2548) Metaspace: 29085K(29376K)->29085K(29376K) NonClass: 25988K(26112K)->25988K(26112K) Class: 3096K(3264K)->3096K(3264K)
[6892.815s][info][gc             ] GC(2548) Pause Young (Allocation Failure) 7398M->5199M(7570M) 96.779ms
[6892.815s][info][gc,cpu         ] GC(2548) User=0.53s Sys=0.04s Real=0.10s
..[6894.093s][info][gc,start       ] GC(2549) Pause Young (Allocation Failure)
[6894.199s][info][gc,heap        ] GC(2549) PSYoungGen: 2501536K(2572800K)->180549K(2574848K) Eden: 2356224K(2356224K)->0K(2356224K) From: 145312K(216576K)->180549K(218624K)
[6894.199s][info][gc,heap        ] GC(2549) ParOldGen: 5179227K(5179392K)->5275827K(5276160K)
[6894.199s][info][gc,metaspace   ] GC(2549) Metaspace: 29085K(29376K)->29085K(29376K) NonClass: 25988K(26112K)->25988K(26112K) Class: 3096K(3264K)->3096K(3264K)
[6894.199s][info][gc             ] GC(2549) Pause Young (Allocation Failure) 7500M->5328M(7667M) 106.305ms
[6894.199s][info][gc,cpu         ] GC(2549) User=0.61s Sys=0.03s Real=0.11s
.[6895.450s][info][gc,start       ] GC(2550) Pause Young (Allocation Failure)
[6895.561s][info][gc,heap        ] GC(2550) PSYoungGen: 2536773K(2574848K)->171300K(2568704K) Eden: 2356224K(2356224K)->0K(2359296K) From: 180549K(218624K)->171300K(209408K)
[6895.561s][info][gc,heap        ] GC(2550) ParOldGen: 5275827K(5276160K)->5382683K(5383168K)
[6895.561s][info][gc,metaspace   ] GC(2550) Metaspace: 29085K(29376K)->29085K(29376K) NonClass: 25988K(26112K)->25988K(26112K) Class: 3096K(3264K)->3096K(3264K)
[6895.561s][info][gc             ] GC(2550) Pause Young (Allocation Failure) 7629M->5423M(7765M) 111.619ms
[6895.561s][info][gc,cpu         ] GC(2550) User=0.63s Sys=0.03s Real=0.11s
.|[6896.865s][info][gc,start       ] GC(2551) Pause Young (Allocation Failure)
[6896.965s][info][gc,heap        ] GC(2551) PSYoungGen: 2530596K(2568704K)->158272K(2573312K) Eden: 2359296K(2359296K)->0K(2359296K) From: 171300K(209408K)->158272K(214016K)
[6896.965s][info][gc,heap        ] GC(2551) ParOldGen: 5382683K(5383168K)->5486411K(5486592K)
[6896.965s][info][gc,metaspace   ] GC(2551) Metaspace: 29085K(29376K)->29085K(29376K) NonClass: 25988K(26112K)->25988K(26112K) Class: 3096K(3264K)->3096K(3264K)
[6896.965s][info][gc             ] GC(2551) Pause Young (Allocation Failure) 7727M->5512M(7871M) 100.835ms
[6896.965s][info][gc,cpu         ] GC(2551) User=0.57s Sys=0.02s Real=0.10s
..[6898.261s][info][gc,start       ] GC(2552) Pause Full (Allocation Failure)
[6898.261s][info][gc,phases,start] GC(2552) Marking Phase
[6898.578s][info][gc,phases      ] GC(2552) Marking Phase 316.989ms
[6898.578s][info][gc,phases,start] GC(2552) Summary Phase
[6898.578s][info][gc,phases      ] GC(2552) Summary Phase 0.109ms
[6898.578s][info][gc,phases,start] GC(2552) Forward
[6898.708s][info][gc,phases      ] GC(2552) Forward 130.007ms
[6898.708s][info][gc,phases,start] GC(2552) Adjust Pointers
[6898.922s][info][gc,phases      ] GC(2552) Adjust Pointers 213.305ms
[6898.922s][info][gc,phases,start] GC(2552) Compaction Phase
[6899.071s][info][gc,phases      ] GC(2552) Compaction Phase 149.494ms
[6899.073s][info][gc,phases,start] GC(2552) Post Compact
[6899.080s][info][gc,phases      ] GC(2552) Post Compact 6.769ms
[6899.243s][info][gc,heap        ] GC(2552) PSYoungGen: 2517568K(2573312K)->0K(2579968K) Eden: 2359296K(2359296K)->0K(2370560K) From: 158272K(214016K)->0K(209408K)
[6899.243s][info][gc,heap        ] GC(2552) ParOldGen: 5486411K(5486592K)->1615225K(2220032K)
[6899.243s][info][gc,metaspace   ] GC(2552) Metaspace: 29085K(29376K)->29083K(29376K) NonClass: 25988K(26112K)->25987K(26112K) Class: 3096K(3264K)->3096K(3264K)
[6899.243s][info][gc             ] GC(2552) Pause Full (Allocation Failure) 7816M->1577M(4687M) 982.239ms
[6899.243s][info][gc,cpu         ] GC(2552) User=4.39s Sys=0.12s Real=0.98s
.[6900.441s][info][gc,start       ] GC(2553) Pause Young (Allocation Failure)
[6900.509s][info][gc,heap        ] GC(2553) PSYoungGen: 2370560K(2579968K)->166051K(2582016K) Eden: 2370560K(2370560K)->0K(2370560K) From: 0K(209408K)->166051K(211456K)
[6900.509s][info][gc,heap        ] GC(2553) ParOldGen: 1615225K(2220032K)->1615225K(2220032K)
[6900.509s][info][gc,metaspace   ] GC(2553) Metaspace: 29083K(29376K)->29083K(29376K) NonClass: 25987K(26112K)->25987K(26112K) Class: 3096K(3264K)->3096K(3264K)
[6900.509s][info][gc             ] GC(2553) Pause Young (Allocation Failure) 3892M->1739M(4689M) 68.627ms
[6900.509s][info][gc,cpu         ] GC(2553) User=0.40s Sys=0.00s Real=0.07s
.[6901.836s][info][gc,start       ] GC(2554) Pause Young (Allocation Failure)
[6901.927s][info][gc,heap        ] GC(2554) PSYoungGen: 2536611K(2582016K)->140320K(2581504K) Eden: 2370560K(2370560K)->0K(2374144K) From: 166051K(211456K)->140320K(207360K)
[6901.927s][info][gc,heap        ] GC(2554) ParOldGen: 1615225K(2220032K)->1729793K(2220032K)
[6901.927s][info][gc,metaspace   ] GC(2554) Metaspace: 29083K(29376K)->29083K(29376K) NonClass: 25987K(26112K)->25987K(26112K) Class: 3096K(3264K)->3096K(3264K)
[6901.927s][info][gc             ] GC(2554) Pause Young (Allocation Failure) 4054M->1826M(4689M) 90.893ms
[6901.927s][info][gc,cpu         ] GC(2554) User=0.55s Sys=0.00s Real=0.09s
.[6903.068s][info][gc,start       ] GC(2555) Pause Young (Allocation Failure)
[6903.163s][info][gc,heap        ] GC(2555) PSYoungGen: 2514464K(2581504K)->172992K(2582528K) Eden: 2374144K(2374144K)->0K(2374144K) From: 140320K(207360K)->172992K(208384K)
[6903.163s][info][gc,heap        ] GC(2555) ParOldGen: 1729793K(2220032K)->1824425K(2220032K)
[6903.163s][info][gc,metaspace   ] GC(2555) Metaspace: 29083K(29376K)->29083K(29376K) NonClass: 25987K(26112K)->25987K(26112K) Class: 3096K(3264K)->3096K(3264K)
[6903.163s][info][gc             ] GC(2555) Pause Young (Allocation Failure) 4144M->1950M(4690M) 95.105ms
[6903.163s][info][gc,cpu         ] GC(2555) User=0.57s Sys=0.00s Real=0.09s
.[6904.535s][info][gc,start       ] GC(2556) Pause Young (Allocation Failure)
[6904.627s][info][gc,heap        ] GC(2556) PSYoungGen: 2547136K(2582528K)->145044K(2587136K) Eden: 2374144K(2374144K)->0K(2380800K) From: 172992K(208384K)->145044K(206336K)
[6904.627s][info][gc,heap        ] GC(2556) ParOldGen: 1824425K(2220032K)->1938705K(2220032K)
[6904.627s][info][gc,metaspace   ] GC(2556) Metaspace: 29083K(29376K)->29083K(29376K) NonClass: 25987K(26112K)->25987K(26112K) Class: 3096K(3264K)->3096K(3264K)
[6904.627s][info][gc             ] GC(2556) Pause Young (Allocation Failure) 4269M->2034M(4694M) 92.459ms
[6904.627s][info][gc,cpu         ] GC(2556) User=0.55s Sys=0.00s Real=0.09s
.[6905.867s][info][gc,start       ] GC(2557) Pause Young (Allocation Failure)
[6905.956s][info][gc,heap        ] GC(2557) PSYoungGen: 2525844K(2587136K)->153600K(2587136K) Eden: 2380800K(2380800K)->0K(2380800K) From: 145044K(206336K)->153600K(206336K)
[6905.956s][info][gc,heap        ] GC(2557) ParOldGen: 1938705K(2220032K)->2035473K(2220032K)
[6905.956s][info][gc,metaspace   ] GC(2557) Metaspace: 29083K(29376K)->29083K(29376K) NonClass: 25987K(26112K)->25987K(26112K) Class: 3096K(3264K)->3096K(3264K)
[6905.956s][info][gc             ] GC(2557) Pause Young (Allocation Failure) 4359M->2137M(4694M) 88.963ms
[6905.956s][info][gc,cpu         ] GC(2557) User=0.52s Sys=0.00s Real=0.09s
..[6907.171s][info][gc,start       ] GC(2558) Pause Young (Allocation Failure)
[6907.323s][info][gc,heap        ] GC(2558) PSYoungGen: 2534400K(2587136K)->181199K(2585088K) Eden: 2380800K(2380800K)->0K(2380800K) From: 153600K(206336K)->181199K(204288K)
[6907.323s][info][gc,heap        ] GC(2558) ParOldGen: 2035473K(2220032K)->2139873K(2220032K)
[6907.323s][info][gc,metaspace   ] GC(2558) Metaspace: 29083K(29376K)->29083K(29376K) NonClass: 25987K(26112K)->25987K(26112K) Class: 3096K(3264K)->3096K(3264K)
[6907.323s][info][gc             ] GC(2558) Pause Young (Allocation Failure) 4462M->2266M(4692M) 151.793ms
[6907.323s][info][gc,cpu         ] GC(2558) User=0.64s Sys=0.00s Real=0.15s
.[6908.520s][info][gc,start       ] GC(2559) Pause Young (Allocation Failure)
[6908.625s][info][gc,heap        ] GC(2559) PSYoungGen: 2561999K(2585088K)->179114K(2587648K) Eden: 2380800K(2380800K)->0K(2380800K) From: 181199K(204288K)->179114K(206848K)
[6908.625s][info][gc,heap        ] GC(2559) ParOldGen: 2139873K(2220032K)->2243153K(2243584K)
[6908.625s][info][gc,metaspace   ] GC(2559) Metaspace: 29083K(29376K)->29083K(29376K) NonClass: 25987K(26112K)->25987K(26112K) Class: 3096K(3264K)->3096K(3264K)
[6908.625s][info][gc             ] GC(2559) Pause Young (Allocation Failure) 4591M->2365M(4718M) 105.343ms
[6908.625s][info][gc,cpu         ] GC(2559) User=0.62s Sys=0.00s Real=0.11s
.[6909.915s][info][gc,start       ] GC(2560) Pause Young (Allocation Failure)
[6910.014s][info][gc,heap        ] GC(2560) PSYoungGen: 2559914K(2587648K)->150304K(2587136K) Eden: 2380800K(2380800K)->0K(2381312K) From: 179114K(206848K)->150304K(205824K)
[6910.014s][info][gc,heap        ] GC(2560) ParOldGen: 2243153K(2243584K)->2352481K(2352640K)
[6910.014s][info][gc,metaspace   ] GC(2560) Metaspace: 29083K(29376K)->29083K(29376K) NonClass: 25987K(26112K)->25987K(26112K) Class: 3096K(3264K)->3096K(3264K)
[6910.014s][info][gc             ] GC(2560) Pause Young (Allocation Failure) 4690M->2444M(4824M) 99.331ms
[6910.014s][info][gc,cpu         ] GC(2560) User=0.54s Sys=0.04s Real=0.09s
.[6911.368s][info][gc,start       ] GC(2561) Pause Young (Allocation Failure)
[6911.467s][info][gc,heap        ] GC(2561) PSYoungGen: 2531616K(2587136K)->152912K(2587648K) Eden: 2381312K(2381312K)->0K(2381312K) From: 150304K(205824K)->152912K(206336K)
[6911.467s][info][gc,heap        ] GC(2561) ParOldGen: 2352481K(2352640K)->2453985K(2454016K)
[6911.467s][info][gc,metaspace   ] GC(2561) Metaspace: 29083K(29376K)->29083K(29376K) NonClass: 25987K(26112K)->25987K(26112K) Class: 3096K(3264K)->3096K(3264K)
[6911.467s][info][gc             ] GC(2561) Pause Young (Allocation Failure) 4769M->2545M(4923M) 98.597ms
[6911.467s][info][gc,cpu         ] GC(2561) User=0.54s Sys=0.04s Real=0.10s
.[6912.702s][info][gc,start       ] GC(2562) Pause Young (Allocation Failure)
[6912.800s][info][gc,heap        ] GC(2562) PSYoungGen: 2534224K(2587648K)->158400K(2585088K) Eden: 2381312K(2381312K)->0K(2385408K) From: 152912K(206336K)->158400K(199680K)
[6912.800s][info][gc,heap        ] GC(2562) ParOldGen: 2453985K(2454016K)->2554689K(2554880K)
[6912.800s][info][gc,metaspace   ] GC(2562) Metaspace: 29083K(29376K)->29083K(29376K) NonClass: 25987K(26112K)->25987K(26112K) Class: 3096K(3264K)->3096K(3264K)
[6912.800s][info][gc             ] GC(2562) Pause Young (Allocation Failure) 4871M->2649M(5019M) 97.358ms
[6912.800s][info][gc,cpu         ] GC(2562) User=0.55s Sys=0.03s Real=0.10s
..[6914.021s][info][gc,start       ] GC(2563) Pause Young (Allocation Failure)
[6914.121s][info][gc,heap        ] GC(2563) PSYoungGen: 2543808K(2585088K)->163264K(2586624K) Eden: 2385408K(2385408K)->0K(2385408K) From: 158400K(199680K)->163264K(201216K)
[6914.121s][info][gc,heap        ] GC(2563) ParOldGen: 2554689K(2554880K)->2657017K(2657280K)
[6914.121s][info][gc,metaspace   ] GC(2563) Metaspace: 29083K(29376K)->29083K(29376K) NonClass: 25987K(26112K)->25987K(26112K) Class: 3096K(3264K)->3096K(3264K)
[6914.121s][info][gc             ] GC(2563) Pause Young (Allocation Failure) 4979M->2754M(5121M) 100.060ms
[6914.121s][info][gc,cpu         ] GC(2563) User=0.56s Sys=0.03s Real=0.10s
.[6915.490s][info][gc,start       ] GC(2564) Pause Young (Allocation Failure)
[6915.593s][info][gc,heap        ] GC(2564) PSYoungGen: 2548672K(2586624K)->161088K(2590720K) Eden: 2385408K(2385408K)->0K(2397184K) From: 163264K(201216K)->161088K(193536K)
[6915.593s][info][gc,heap        ] GC(2564) ParOldGen: 2657017K(2657280K)->2767913K(2768384K)
[6915.593s][info][gc,metaspace   ] GC(2564) Metaspace: 29083K(29376K)->29083K(29376K) NonClass: 25987K(26112K)->25987K(26112K) Class: 3096K(3264K)->3096K(3264K)
[6915.593s][info][gc             ] GC(2564) Pause Young (Allocation Failure) 5083M->2860M(5233M) 103.647ms
[6915.593s][info][gc,cpu         ] GC(2564) User=0.59s Sys=0.02s Real=0.10s
.[6916.769s][info][gc,start       ] GC(2565) Pause Young (Allocation Failure)
[6916.878s][info][gc,heap        ] GC(2565) PSYoungGen: 2558272K(2590720K)->187204K(2591744K) Eden: 2397184K(2397184K)->0K(2397184K) From: 161088K(193536K)->187204K(194560K)
[6916.878s][info][gc,heap        ] GC(2565) ParOldGen: 2767913K(2768384K)->2863305K(2863616K)
[6916.878s][info][gc,metaspace   ] GC(2565) Metaspace: 29083K(29376K)->29083K(29376K) NonClass: 25987K(26112K)->25987K(26112K) Class: 3096K(3264K)->3096K(3264K)
[6916.878s][info][gc             ] GC(2565) Pause Young (Allocation Failure) 5201M->2979M(5327M) 108.509ms
[6916.878s][info][gc,cpu         ] GC(2565) User=0.62s Sys=0.03s Real=0.11s
..[6918.238s][info][gc,start       ] GC(2566) Pause Young (Allocation Failure)
[6918.340s][info][gc,heap        ] GC(2566) PSYoungGen: 2584388K(2591744K)->156096K(2597888K) Eden: 2397184K(2397184K)->0K(2397696K) From: 187204K(194560K)->156096K(200192K)
[6918.340s][info][gc,heap        ] GC(2566) ParOldGen: 2863305K(2863616K)->2977673K(2977792K)
[6918.340s][info][gc,metaspace   ] GC(2566) Metaspace: 29083K(29376K)->29083K(29376K) NonClass: 25987K(26112K)->25987K(26112K) Class: 3096K(3264K)->3096K(3264K)
[6918.340s][info][gc             ] GC(2566) Pause Young (Allocation Failure) 5320M->3060M(5445M) 101.834ms
[6918.340s][info][gc,cpu         ] GC(2566) User=0.57s Sys=0.04s Real=0.10s
.[6919.586s][info][gc,start       ] GC(2567) Pause Young (Allocation Failure)
[6919.682s][info][gc,heap        ] GC(2567) PSYoungGen: 2553792K(2597888K)->155936K(2553856K) Eden: 2397696K(2397696K)->0K(2397696K) From: 156096K(200192K)->155936K(156160K)
[6919.682s][info][gc,heap        ] GC(2567) ParOldGen: 2977673K(2977792K)->3075705K(3076096K)
[6919.682s][info][gc,metaspace   ] GC(2567) Metaspace: 29083K(29376K)->29083K(29376K) NonClass: 25987K(26112K)->25987K(26112K) Class: 3096K(3264K)->3096K(3264K)
[6919.682s][info][gc             ] GC(2567) Pause Young (Allocation Failure) 5401M->3155M(5498M) 96.050ms
[6919.682s][info][gc,cpu         ] GC(2567) User=0.54s Sys=0.03s Real=0.09s
.[6920.933s][info][gc,start       ] GC(2568) Pause Young (Allocation Failure)
[6921.037s][info][gc,heap        ] GC(2568) PSYoungGen: 2553632K(2553856K)->171222K(2594816K) Eden: 2397696K(2397696K)->0K(2398208K) From: 155936K(156160K)->171222K(196608K)
[6921.037s][info][gc,heap        ] GC(2568) ParOldGen: 3075705K(3076096K)->3181113K(3181568K)
[6921.037s][info][gc,metaspace   ] GC(2568) Metaspace: 29083K(29376K)->29083K(29376K) NonClass: 25987K(26112K)->25987K(26112K) Class: 3096K(3264K)->3096K(3264K)
[6921.037s][info][gc             ] GC(2568) Pause Young (Allocation Failure) 5497M->3273M(5641M) 104.329ms
[6921.037s][info][gc,cpu         ] GC(2568) User=0.59s Sys=0.03s Real=0.11s
.[6922.369s][info][gc,start       ] GC(2569) Pause Young (Allocation Failure)
[6922.465s][info][gc,heap        ] GC(2569) PSYoungGen: 2569430K(2594816K)->145120K(2594304K) Eden: 2398208K(2398208K)->0K(2398208K) From: 171222K(196608K)->145120K(196096K)
[6922.465s][info][gc,heap        ] GC(2569) ParOldGen: 3181113K(3181568K)->3289521K(3289600K)
[6922.465s][info][gc,metaspace   ] GC(2569) Metaspace: 29083K(29376K)->29083K(29376K) NonClass: 25987K(26112K)->25987K(26112K) Class: 3096K(3264K)->3096K(3264K)
[6922.465s][info][gc             ] GC(2569) Pause Young (Allocation Failure) 5615M->3354M(5746M) 96.077ms
[6922.465s][info][gc,cpu         ] GC(2569) User=0.53s Sys=0.03s Real=0.10s
..[6923.687s][info][gc,start       ] GC(2570) Pause Young (Allocation Failure)
[6923.785s][info][gc,heap        ] GC(2570) PSYoungGen: 2543328K(2594304K)->161344K(2594304K) Eden: 2398208K(2398208K)->0K(2403840K) From: 145120K(196096K)->161344K(190464K)
[6923.785s][info][gc,heap        ] GC(2570) ParOldGen: 3289521K(3289600K)->3390057K(3390464K)
[6923.785s][info][gc,metaspace   ] GC(2570) Metaspace: 29083K(29376K)->29083K(29376K) NonClass: 25987K(26112K)->25987K(26112K) Class: 3096K(3264K)->3096K(3264K)
[6923.785s][info][gc             ] GC(2570) Pause Young (Allocation Failure) 5696M->3468M(5844M) 98.831ms
[6923.785s][info][gc,cpu         ] GC(2570) User=0.57s Sys=0.03s Real=0.10s
.[6925.047s][info][gc,start       ] GC(2571) Pause Young (Allocation Failure)
[6925.160s][info][gc,heap        ] GC(2571) PSYoungGen: 2565184K(2594304K)->185210K(2596864K) Eden: 2403840K(2403840K)->0K(2403840K) From: 161344K(190464K)->185210K(193024K)
[6925.160s][info][gc,heap        ] GC(2571) ParOldGen: 3390057K(3390464K)->3496169K(3496448K)
