[0.002s][info][gc,init] CardTable entry size: 512
[0.002s][info][gc     ] Using G1
[0.009s][info][gc,init] Version: 24-internal-adhoc.thomas.source (release)
[0.009s][info][gc,init] CPUs: 8 total, 6 available
[0.009s][info][gc,init] Memory: 15662M
[0.009s][info][gc,init] Large Page Support: Disabled
[0.009s][info][gc,init] NUMA Support: Disabled
[0.009s][info][gc,init] Compressed Oops: Enabled (Zero based)
[0.009s][info][gc,init] Heap Region Size: 2M
[0.009s][info][gc,init] Heap Min Capacity: 4G
[0.009s][info][gc,init] Heap Initial Capacity: 4G
[0.009s][info][gc,init] Heap Max Capacity: 4G
[0.009s][info][gc,init] Pre-touch: Disabled
[0.009s][info][gc,init] Parallel Workers: 6
[0.009s][info][gc,init] Concurrent Workers: 2
[0.009s][info][gc,init] Concurrent Refinement Workers: 6
[0.009s][info][gc,init] Periodic GC: Disabled
[0.009s][info][gc,metaspace] CDS archive(s) not mapped
[0.009s][info][gc,metaspace] Compressed class space mapped at: 0x00000000b6000000-0x00000000f6000000, reserved size: 1073741824
[0.009s][info][gc,metaspace] UseCompressedClassPointers 1, UseCompactObjectHeaders 1, narrow klass pointer bits 22, max shift 10
[0.009s][info][gc,metaspace] Narrow klass base: 0x00000000b6000000, Narrow klass shift: 9, Narrow klass range: 0x40000000

SPECjbb2015 Java Business Benchmark
 (c) Standard Performance Evaluation Corporation, 2015

Preparing to launch All-in-one SPECjbb2015.

Reading property file: /shared/projects/openjdk/analysis/lilliput-benefits/specjbb/results-COH-ON-Parallel-1/./config/specjbb2015.props

     0s: Enumerating plugins...
     0s:    Connectivity:
     0s:             HTTP_Grizzly: Grizzly HTTP server, JDK HTTP client
     0s:              NIO_Grizzly: Grizzly NIO server, Grizzly NIO client
     0s:               HTTP_Jetty: Jetty HTTP server, JDK HTTP client
     0s:    Snapshot:
     0s:                 InMemory: Stores snapshots in heap memory
     0s:    Data Writers:
     0s:                     Demo: Send all frame to listener
     0s:                   InFile: Writing Data into file
     0s:                   Silent: Drop all frames
     0s: 
     0s: Kit validation is skipped.
     0s: Tests are skipped.
     0s: 
     0s: [0.935s][info][gc,start    ] GC(0) Pause Young (Normal) (G1 Evacuation Pause)
[0.935s][info][gc,task     ] GC(0) Using 6 workers of 6 for evacuation
[0.940s][info][gc,phases   ] GC(0)   Pre Evacuate Collection Set: 0.30ms
[0.940s][info][gc,phases   ] GC(0)   Merge Heap Roots: 0.09ms
[0.940s][info][gc,phases   ] GC(0)   Evacuate Collection Set: 4.09ms
[0.940s][info][gc,phases   ] GC(0)   Post Evacuate Collection Set: 0.47ms
[0.940s][info][gc,phases   ] GC(0)   Other: 0.37ms
[0.940s][info][gc,heap     ] GC(0) Eden regions: 102->0(99)
[0.940s][info][gc,heap     ] GC(0) Survivor regions: 0->3(13)
[0.940s][info][gc,heap     ] GC(0) Old regions: 0->0
[0.940s][info][gc,heap     ] GC(0) Humongous regions: 0->0
[0.940s][info][gc,metaspace] GC(0) Metaspace: 21091K(21312K)->21091K(21312K) NonClass: 17091K(17216K)->17091K(17216K) Class: 3999K(4096K)->3999K(4096K)
[0.940s][info][gc          ] GC(0) Pause Young (Normal) (G1 Evacuation Pause) 204M->4M(4096M) 5.475ms
[0.940s][info][gc,cpu      ] GC(0) User=0.03s Sys=0.00s Real=0.00s
[1.091s][info][gc,start    ] GC(1) Pause Young (Concurrent Start) (Metadata GC Threshold)
[1.092s][info][gc,task     ] GC(1) Using 6 workers of 6 for evacuation
[1.094s][info][gc,phases   ] GC(1)   Pre Evacuate Collection Set: 0.30ms
[1.094s][info][gc,phases   ] GC(1)   Merge Heap Roots: 0.02ms
[1.094s][info][gc,phases   ] GC(1)   Evacuate Collection Set: 2.25ms
[1.094s][info][gc,phases   ] GC(1)   Post Evacuate Collection Set: 0.29ms
[1.094s][info][gc,phases   ] GC(1)   Other: 0.06ms
[1.094s][info][gc,heap     ] GC(1) Eden regions: 47->0(99)
[1.094s][info][gc,heap     ] GC(1) Survivor regions: 3->3(13)
[1.094s][info][gc,heap     ] GC(1) Old regions: 0->0
[1.094s][info][gc,heap     ] GC(1) Humongous regions: 0->0
[1.094s][info][gc,metaspace] GC(1) Metaspace: 21408K(21504K)->21408K(21504K) NonClass: 17379K(17408K)->17379K(17408K) Class: 4029K(4096K)->4029K(4096K)
[1.095s][info][gc          ] GC(1) Pause Young (Concurrent Start) (Metadata GC Threshold) 98M->5M(4096M) 3.038ms
[1.095s][info][gc          ] GC(2) Concurrent Mark Cycle
[1.095s][info][gc,cpu      ] GC(1) User=0.01s Sys=0.00s Real=0.00s
[1.095s][info][gc,marking  ] GC(2) Concurrent Scan Root Regions
[1.096s][info][gc,marking  ] GC(2) Concurrent Scan Root Regions 1.550ms
[1.096s][info][gc,marking  ] GC(2) Concurrent Mark
[1.096s][info][gc,marking  ] GC(2) Concurrent Mark From Roots
[1.096s][info][gc,task     ] GC(2) Using 2 workers of 2 for marking
[1.097s][info][gc,marking  ] GC(2) Concurrent Mark From Roots 0.735ms
[1.097s][info][gc,marking  ] GC(2) Concurrent Preclean
[1.097s][info][gc,marking  ] GC(2) Concurrent Preclean 0.005ms
[1.097s][info][gc,start    ] GC(2) Pause Remark
[1.098s][info][gc          ] GC(2) Pause Remark 6M->6M(4096M) 0.781ms
[1.098s][info][gc,cpu      ] GC(2) User=0.00s Sys=0.00s Real=0.00s
[1.098s][info][gc,marking  ] GC(2) Concurrent Mark 1.599ms
[1.098s][info][gc,marking  ] GC(2) Concurrent Rebuild Remembered Sets and Scrub Regions
[1.098s][info][gc,marking  ] GC(2) Concurrent Rebuild Remembered Sets and Scrub Regions 0.054ms
[1.098s][info][gc,start    ] GC(2) Pause Cleanup
[1.098s][info][gc          ] GC(2) Pause Cleanup 6M->6M(4096M) 0.010ms
[1.098s][info][gc,cpu      ] GC(2) User=0.00s Sys=0.00s Real=0.00s
[1.098s][info][gc,marking  ] GC(2) Concurrent Clear Claimed Marks
[1.098s][info][gc,marking  ] GC(2) Concurrent Clear Claimed Marks 0.005ms
[1.098s][info][gc,marking  ] GC(2) Concurrent Cleanup for Next Mark
[1.104s][info][gc,marking  ] GC(2) Concurrent Cleanup for Next Mark 5.531ms
[1.104s][info][gc          ] GC(2) Concurrent Mark Cycle 9.070ms
Ladies and gentlemen, this is your Controller speaking.
     0s: We are delighted in having you for benchmark run today.
     0s: 
     0s: Binary log file is ./specjbb2015-C-20240907-00001.data.gz
     0s: 
     0s: Performing handshake with all agents ...
     0s: 
     0s:  Agent Group1.TxInjector.CompositeTxInjector has attached to Controller
     0s:  Agent Group1.Backend.CompositeBackend has attached to Controller
     0s: 
     0s: All agents have connected.
     0s: 
     0s: Attached agents info:

Group "Group1"
    TxInjectors:
        CompositeTxInjector, includes { Driver } @ [local in-Java link]
    Backends:
        CompositeBackend, includes { SM(2),SP(2) } @ [local in-Java link]

     0s: Initializing... (init[1.272s][info][gc,start    ] GC(3) Pause Young (Normal) (G1 Evacuation Pause)
[1.272s][info][gc,task     ] GC(3) Using 6 workers of 6 for evacuation
[1.334s][info][gc,phases   ] GC(3)   Pre Evacuate Collection Set: 0.28ms
[1.334s][info][gc,phases   ] GC(3)   Merge Heap Roots: 0.07ms
[1.334s][info][gc,phases   ] GC(3)   Evacuate Collection Set: 61.31ms
[1.334s][info][gc,phases   ] GC(3)   Post Evacuate Collection Set: 0.63ms
[1.334s][info][gc,phases   ] GC(3)   Other: 0.06ms
[1.334s][info][gc,heap     ] GC(3) Eden regions: 99->0(89)
[1.334s][info][gc,heap     ] GC(3) Survivor regions: 3->13(13)
[1.334s][info][gc,heap     ] GC(3) Old regions: 0->53
[1.334s][info][gc,heap     ] GC(3) Humongous regions: 15->15
[1.334s][info][gc,metaspace] GC(3) Metaspace: 22638K(22848K)->22638K(22848K) NonClass: 18377K(18496K)->18377K(18496K) Class: 4261K(4352K)->4261K(4352K)
[1.334s][info][gc          ] GC(3) Pause Young (Normal) (G1 Evacuation Pause) 233M->161M(4096M) 62.477ms
[1.334s][info][gc,cpu      ] GC(3) User=0.30s Sys=0.07s Real=0.06s
[1.623s][info][gc,start    ] GC(4) Pause Young (Normal) (G1 Evacuation Pause)
[1.623s][info][gc,task     ] GC(4) Using 6 workers of 6 for evacuation
[1.694s][info][gc,phases   ] GC(4)   Pre Evacuate Collection Set: 0.28ms
[1.694s][info][gc,phases   ] GC(4)   Merge Heap Roots: 0.22ms
[1.694s][info][gc,phases   ] GC(4)   Evacuate Collection Set: 69.90ms
[1.694s][info][gc,phases   ] GC(4)   Post Evacuate Collection Set: 0.44ms
[1.694s][info][gc,phases   ] GC(4)   Other: 0.05ms
[1.694s][info][gc,heap     ] GC(4) Eden regions: 89->0(89)
[1.694s][info][gc,heap     ] GC(4) Survivor regions: 13->13(13)
[1.694s][info][gc,heap     ] GC(4) Old regions: 53->118
[1.694s][info][gc,heap     ] GC(4) Humongous regions: 15->15
[1.694s][info][gc,metaspace] GC(4) Metaspace: 22671K(22848K)->22671K(22848K) NonClass: 18409K(18496K)->18409K(18496K) Class: 4261K(4352K)->4261K(4352K)
[1.694s][info][gc          ] GC(4) Pause Young (Normal) (G1 Evacuation Pause) 339M->292M(4096M) 71.043ms
[1.694s][info][gc,cpu      ] GC(4) User=0.40s Sys=0.02s Real=0.07s
[1.849s][info][gc,start    ] GC(5) Pause Young (Normal) (G1 Evacuation Pause)
[1.849s][info][gc,task     ] GC(5) Using 6 workers of 6 for evacuation
[1.928s][info][gc,phases   ] GC(5)   Pre Evacuate Collection Set: 0.32ms
[1.928s][info][gc,phases   ] GC(5)   Merge Heap Roots: 0.14ms
[1.928s][info][gc,phases   ] GC(5)   Evacuate Collection Set: 77.55ms
[1.928s][info][gc,phases   ] GC(5)   Post Evacuate Collection Set: 0.28ms
[1.928s][info][gc,phases   ] GC(5)   Other: 0.06ms
[1.928s][info][gc,heap     ] GC(5) Eden regions: 89->0(89)
[1.928s][info][gc,heap     ] GC(5) Survivor regions: 13->13(13)
[1.928s][info][gc,heap     ] GC(5) Old regions: 118->191
[1.928s][info][gc,heap     ] GC(5) Humongous regions: 19->19
[1.928s][info][gc,metaspace] GC(5) Metaspace: 22684K(22848K)->22684K(22848K) NonClass: 18422K(18496K)->18422K(18496K) Class: 4261K(4352K)->4261K(4352K)
[1.928s][info][gc          ] GC(5) Pause Young (Normal) (G1 Evacuation Pause) 478M->446M(4096M) 78.481ms
[1.928s][info][gc,cpu      ] GC(5) User=0.44s Sys=0.02s Real=0.08s
[2.060s][info][gc,start    ] GC(6) Pause Young (Normal) (G1 Evacuation Pause)
[2.060s][info][gc,task     ] GC(6) Using 6 workers of 6 for evacuation
[2.140s][info][gc,phases   ] GC(6)   Pre Evacuate Collection Set: 0.29ms
[2.140s][info][gc,phases   ] GC(6)   Merge Heap Roots: 0.08ms
[2.140s][info][gc,phases   ] GC(6)   Evacuate Collection Set: 78.78ms
[2.140s][info][gc,phases   ] GC(6)   Post Evacuate Collection Set: 0.25ms
[2.140s][info][gc,phases   ] GC(6)   Other: 0.06ms
[2.140s][info][gc,heap     ] GC(6) Eden regions: 89->0(89)
[2.140s][info][gc,heap     ] GC(6) Survivor regions: 13->13(13)
[2.140s][info][gc,heap     ] GC(6) Old regions: 191->269
[2.140s][info][gc,heap     ] GC(6) Humongous regions: 19->19
[2.140s][info][gc,metaspace] GC(6) Metaspace: 22684K(22848K)->22684K(22848K) NonClass: 18422K(18496K)->18422K(18496K) Class: 4261K(4352K)->4261K(4352K)
[2.140s][info][gc          ] GC(6) Pause Young (Normal) (G1 Evacuation Pause) 624M->601M(4096M) 79.638ms
[2.140s][info][gc,cpu      ] GC(6) User=0.45s Sys=0.03s Real=0.08s
[2.268s][info][gc,start    ] GC(7) Pause Young (Normal) (G1 Evacuation Pause)
[2.268s][info][gc,task     ] GC(7) Using 6 workers of 6 for evacuation
[2.348s][info][gc,phases   ] GC(7)   Pre Evacuate Collection Set: 0.30ms
[2.348s][info][gc,phases   ] GC(7)   Merge Heap Roots: 0.04ms
[2.348s][info][gc,phases   ] GC(7)   Evacuate Collection Set: 79.06ms
[2.348s][info][gc,phases   ] GC(7)   Post Evacuate Collection Set: 0.22ms
[2.348s][info][gc,phases   ] GC(7)   Other: 0.05ms
[2.348s][info][gc,heap     ] GC(7) Eden regions: 89->0(89)
[2.348s][info][gc,heap     ] GC(7) Survivor regions: 13->13(13)
[2.348s][info][gc,heap     ] GC(7) Old regions: 269->346
[2.348s][info][gc,heap     ] GC(7) Humongous regions: 19->19
[2.348s][info][gc,metaspace] GC(7) Metaspace: 22697K(22848K)->22697K(22848K) NonClass: 18435K(18496K)->18435K(18496K) Class: 4261K(4352K)->4261K(4352K)
[2.348s][info][gc          ] GC(7) Pause Young (Normal) (G1 Evacuation Pause) 779M->756M(4096M) 79.847ms
[2.348s][info][gc,cpu      ] GC(7) User=0.45s Sys=0.02s Real=0.08s
[2.581s][info][gc,start    ] GC(8) Pause Young (Normal) (G1 Evacuation Pause)
[2.581s][info][gc,task     ] GC(8) Using 6 workers of 6 for evacuation
[2.652s][info][gc,phases   ] GC(8)   Pre Evacuate Collection Set: 0.24ms
[2.652s][info][gc,phases   ] GC(8)   Merge Heap Roots: 0.09ms
[2.652s][info][gc,phases   ] GC(8)   Evacuate Collection Set: 70.81ms
[2.652s][info][gc,phases   ] GC(8)   Post Evacuate Collection Set: 0.24ms
[2.652s][info][gc,phases   ] GC(8)   Other: 0.05ms
[2.652s][info][gc,heap     ] GC(8) Eden regions: 89->0(89)
[2.652s][info][gc,heap     ] GC(8) Survivor regions: 13->13(13)
[2.652s][info][gc,heap     ] GC(8) Old regions: 346->402
[2.652s][info][gc,heap     ] GC(8) Humongous regions: 29->29
[2.652s][info][gc,metaspace] GC(8) Metaspace: 22728K(22976K)->22728K(22976K) NonClass: 18464K(18560K)->18464K(18560K) Class: 4264K(4416K)->4264K(4416K)
[2.652s][info][gc          ] GC(8) Pause Young (Normal) (G1 Evacuation Pause) 954M->887M(4096M) 71.582ms
[2.652s][info][gc,cpu      ] GC(8) User=0.40s Sys=0.02s Real=0.07s
[2.895s][info][gc,start    ] GC(9) Pause Young (Normal) (G1 Evacuation Pause)
[2.895s][info][gc,task     ] GC(9) Using 6 workers of 6 for evacuation
[2.971s][info][gc,phases   ] GC(9)   Pre Evacuate Collection Set: 0.31ms
[2.971s][info][gc,phases   ] GC(9)   Merge Heap Roots: 0.25ms
[2.971s][info][gc,phases   ] GC(9)   Evacuate Collection Set: 74.94ms
[2.971s][info][gc,phases   ] GC(9)   Post Evacuate Collection Set: 0.34ms
[2.971s][info][gc,phases   ] GC(9)   Other: 0.05ms
[2.971s][info][gc,heap     ] GC(9) Eden regions: 89->0(89)
[2.971s][info][gc,heap     ] GC(9) Survivor regions: 13->13(13)
[2.971s][info][gc,heap     ] GC(9) Old regions: 402->446
[2.971s][info][gc,heap     ] GC(9) Humongous regions: 39->39
[2.971s][info][gc,metaspace] GC(9) Metaspace: 22773K(23040K)->22773K(23040K) NonClass: 18507K(18624K)->18507K(18624K) Class: 4266K(4416K)->4266K(4416K)
[2.971s][info][gc          ] GC(9) Pause Young (Normal) (G1 Evacuation Pause) 1085M->996M(4096M) 76.053ms
[2.971s][info][gc,cpu      ] GC(9) User=0.43s Sys=0.03s Real=0.07s
) OK
     3s: 
     3s: Check whether properties are compliant
     3s: (validation=PASSED) Property settings are COMPLIANT.
     3s: 
     3s: Searching for high-bound for max-jOPS possible for this system
     3s: Searching from base IR = 100
     3s:       rampup IR =      0 [reconfig (term) [3.283s][info][gc,start    ] GC(10) Pause Full (System.gc())
[3.283s][info][gc,task     ] GC(10) Using 6 workers of 6 for full compaction
[3.284s][info][gc,phases,start] GC(10) Phase 1: Mark live objects
[3.299s][info][gc,phases      ] GC(10) Phase 1: Mark live objects 15.092ms
[3.299s][info][gc,phases,start] GC(10) Phase 2: Prepare compaction
[3.304s][info][gc,phases      ] GC(10) Phase 2: Prepare compaction 5.615ms
[3.304s][info][gc,phases,start] GC(10) Phase 3: Adjust pointers
[3.312s][info][gc,phases      ] GC(10) Phase 3: Adjust pointers 7.595ms
[3.312s][info][gc,phases,start] GC(10) Phase 4: Compact heap
[3.320s][info][gc,phases      ] GC(10) Phase 4: Compact heap 8.063ms
[3.320s][info][gc,phases,start] GC(10) Phase 5: Reset Metadata
[3.322s][info][gc,phases      ] GC(10) Phase 5: Reset Metadata 2.331ms
[3.327s][info][gc,heap        ] GC(10) Eden regions: 63->0(102)
[3.327s][info][gc,heap        ] GC(10) Survivor regions: 13->0(13)
[3.327s][info][gc,heap        ] GC(10) Old regions: 446->33
[3.327s][info][gc,heap        ] GC(10) Humongous regions: 46->13
[3.327s][info][gc,metaspace   ] GC(10) Metaspace: 23038K(23232K)->23038K(23232K) NonClass: 18730K(18816K)->18730K(18816K) Class: 4307K(4416K)->4307K(4416K)
[3.327s][info][gc             ] GC(10) Pause Full (System.gc()) 1135M->86M(4096M) 44.001ms
[3.327s][info][gc,cpu         ] GC(10) User=0.23s Sys=0.00s Real=0.05s
(init[3.612s][info][gc,start       ] GC(11) Pause Young (Normal) (G1 Evacuation Pause)
[3.612s][info][gc,task        ] GC(11) Using 6 workers of 6 for evacuation
[3.667s][info][gc,phases      ] GC(11)   Pre Evacuate Collection Set: 0.30ms
[3.667s][info][gc,phases      ] GC(11)   Merge Heap Roots: 0.05ms
[3.667s][info][gc,phases      ] GC(11)   Evacuate Collection Set: 54.07ms
[3.667s][info][gc,phases      ] GC(11)   Post Evacuate Collection Set: 0.34ms
[3.667s][info][gc,phases      ] GC(11)   Other: 0.05ms
[3.667s][info][gc,heap        ] GC(11) Eden regions: 102->0(89)
[3.667s][info][gc,heap        ] GC(11) Survivor regions: 0->13(13)
[3.667s][info][gc,heap        ] GC(11) Old regions: 33->92
[3.667s][info][gc,heap        ] GC(11) Humongous regions: 15->15
[3.667s][info][gc,metaspace   ] GC(11) Metaspace: 23046K(23232K)->23046K(23232K) NonClass: 18738K(18816K)->18738K(18816K) Class: 4307K(4416K)->4307K(4416K)
[3.667s][info][gc             ] GC(11) Pause Young (Normal) (G1 Evacuation Pause) 294M->234M(4096M) 54.947ms
[3.667s][info][gc,cpu         ] GC(11) User=0.32s Sys=0.00s Real=0.06s
[3.694s][info][gc,start       ] GC(12) Pause Young (Normal) (G1 Evacuation Pause)
[3.694s][info][gc,task        ] GC(12) Using 6 workers of 6 for evacuation
[3.764s][info][gc,phases      ] GC(12)   Pre Evacuate Collection Set: 0.33ms
[3.764s][info][gc,phases      ] GC(12)   Merge Heap Roots: 0.23ms
[3.764s][info][gc,phases      ] GC(12)   Evacuate Collection Set: 68.93ms
[3.764s][info][gc,phases      ] GC(12)   Post Evacuate Collection Set: 0.20ms
[3.764s][info][gc,phases      ] GC(12)   Other: 0.05ms
[3.764s][info][gc,heap        ] GC(12) Eden regions: 89->0(89)
[3.764s][info][gc,heap        ] GC(12) Survivor regions: 13->13(13)
[3.764s][info][gc,heap        ] GC(12) Old regions: 92->168
[3.764s][info][gc,heap        ] GC(12) Humongous regions: 15->15
[3.764s][info][gc,metaspace   ] GC(12) Metaspace: 23046K(23232K)->23046K(23232K) NonClass: 18738K(18816K)->18738K(18816K) Class: 4307K(4416K)->4307K(4416K)
[3.764s][info][gc             ] GC(12) Pause Young (Normal) (G1 Evacuation Pause) 412M->385M(4096M) 69.869ms
[3.764s][info][gc,cpu         ] GC(12) User=0.41s Sys=0.00s Real=0.07s
[3.788s][info][gc,start       ] GC(13) Pause Young (Normal) (G1 Evacuation Pause)
[3.788s][info][gc,task        ] GC(13) Using 6 workers of 6 for evacuation
[3.851s][info][gc,phases      ] GC(13)   Pre Evacuate Collection Set: 0.30ms
[3.851s][info][gc,phases      ] GC(13)   Merge Heap Roots: 0.07ms
[3.851s][info][gc,phases      ] GC(13)   Evacuate Collection Set: 62.02ms
[3.851s][info][gc,phases      ] GC(13)   Post Evacuate Collection Set: 0.19ms
[3.851s][info][gc,phases      ] GC(13)   Other: 0.05ms
[3.851s][info][gc,heap        ] GC(13) Eden regions: 89->0(89)
[3.851s][info][gc,heap        ] GC(13) Survivor regions: 13->13(13)
[3.851s][info][gc,heap        ] GC(13) Old regions: 168->245
[3.851s][info][gc,heap        ] GC(13) Humongous regions: 15->15
[3.851s][info][gc,metaspace   ] GC(13) Metaspace: 23046K(23232K)->23046K(23232K) NonClass: 18738K(18816K)->18738K(18816K) Class: 4307K(4416K)->4307K(4416K)
[3.851s][info][gc             ] GC(13) Pause Young (Normal) (G1 Evacuation Pause) 563M->539M(4096M) 62.749ms
[3.851s][info][gc,cpu         ] GC(13) User=0.37s Sys=0.00s Real=0.06s
[3.880s][info][gc,start       ] GC(14) Pause Young (Normal) (G1 Evacuation Pause)
[3.880s][info][gc,task        ] GC(14) Using 6 workers of 6 for evacuation
[3.945s][info][gc,phases      ] GC(14)   Pre Evacuate Collection Set: 0.28ms
[3.945s][info][gc,phases      ] GC(14)   Merge Heap Roots: 0.08ms
[3.945s][info][gc,phases      ] GC(14)   Evacuate Collection Set: 63.84ms
[3.945s][info][gc,phases      ] GC(14)   Post Evacuate Collection Set: 0.21ms
[3.945s][info][gc,phases      ] GC(14)   Other: 0.05ms
[3.945s][info][gc,heap        ] GC(14) Eden regions: 89->0(89)
[3.945s][info][gc,heap        ] GC(14) Survivor regions: 13->13(13)
[3.945s][info][gc,heap        ] GC(14) Old regions: 245->320
[3.945s][info][gc,heap        ] GC(14) Humongous regions: 15->15
[3.945s][info][gc,metaspace   ] GC(14) Metaspace: 23054K(23232K)->23054K(23232K) NonClass: 18746K(18816K)->18746K(18816K) Class: 4307K(4416K)->4307K(4416K)
[3.945s][info][gc             ] GC(14) Pause Young (Normal) (G1 Evacuation Pause) 717M->690M(4096M) 64.573ms
[3.945s][info][gc,cpu         ] GC(14) User=0.39s Sys=0.00s Real=0.06s
[4.098s][info][gc,start       ] GC(15) Pause Young (Normal) (G1 Evacuation Pause)
[4.098s][info][gc,task        ] GC(15) Using 6 workers of 6 for evacuation
[4.159s][info][gc,phases      ] GC(15)   Pre Evacuate Collection Set: 0.30ms
[4.159s][info][gc,phases      ] GC(15)   Merge Heap Roots: 0.12ms
[4.159s][info][gc,phases      ] GC(15)   Evacuate Collection Set: 60.54ms
[4.159s][info][gc,phases      ] GC(15)   Post Evacuate Collection Set: 0.22ms
[4.159s][info][gc,phases      ] GC(15)   Other: 0.05ms
[4.159s][info][gc,heap        ] GC(15) Eden regions: 89->0(107)
[4.159s][info][gc,heap        ] GC(15) Survivor regions: 13->13(13)
[4.159s][info][gc,heap        ] GC(15) Old regions: 320->379
[4.159s][info][gc,heap        ] GC(15) Humongous regions: 21->21
[4.159s][info][gc,metaspace   ] GC(15) Metaspace: 23057K(23232K)->23057K(23232K) NonClass: 18750K(18816K)->18750K(18816K) Class: 4307K(4416K)->4307K(4416K)
[4.159s][info][gc             ] GC(15) Pause Young (Normal) (G1 Evacuation Pause) 880M->820M(4096M) 61.368ms
[4.159s][info][gc,cpu         ] GC(15) User=0.36s Sys=0.00s Real=0.06s
[4.338s][info][gc,start       ] GC(16) Pause Young (Normal) (G1 Evacuation Pause)
[4.338s][info][gc,task        ] GC(16) Using 6 workers of 6 for evacuation
[4.410s][info][gc,phases      ] GC(16)   Pre Evacuate Collection Set: 0.28ms
[4.410s][info][gc,phases      ] GC(16)   Merge Heap Roots: 0.21ms
[4.410s][info][gc,phases      ] GC(16)   Evacuate Collection Set: 71.06ms
[4.410s][info][gc,phases      ] GC(16)   Post Evacuate Collection Set: 0.27ms
[4.410s][info][gc,phases      ] GC(16)   Other: 0.06ms
[4.410s][info][gc,heap        ] GC(16) Eden regions: 94->0(120)
[4.410s][info][gc,heap        ] GC(16) Survivor regions: 13->14(14)
[4.410s][info][gc,heap        ] GC(16) Old regions: 379->435
[4.410s][info][gc,heap        ] GC(16) Humongous regions: 29->29
[4.410s][info][gc,metaspace   ] GC(16) Metaspace: 23059K(23232K)->23059K(23232K) NonClass: 18751K(18816K)->18751K(18816K) Class: 4307K(4416K)->4307K(4416K)
[4.410s][info][gc             ] GC(16) Pause Young (Normal) (G1 Evacuation Pause) 1024M->949M(4096M) 72.025ms
[4.410s][info][gc,cpu         ] GC(16) User=0.43s Sys=0.00s Real=0.07s
) ] ... (rIR:aIR:PR = 0:0:0) (tPR = 0) [OK] 
     7s:       rampup IR =     10 [7.683s][info][gc,start       ] GC(17) Pause Young (Normal) (G1 Evacuation Pause)
[7.683s][info][gc,task        ] GC(17) Using 6 workers of 6 for evacuation
[7.765s][info][gc,phases      ] GC(17)   Pre Evacuate Collection Set: 0.31ms
[7.765s][info][gc,phases      ] GC(17)   Merge Heap Roots: 0.29ms
[7.765s][info][gc,phases      ] GC(17)   Evacuate Collection Set: 80.98ms
[7.765s][info][gc,phases      ] GC(17)   Post Evacuate Collection Set: 0.24ms
[7.765s][info][gc,phases      ] GC(17)   Other: 0.05ms
[7.765s][info][gc,heap        ] GC(17) Eden regions: 100->0(124)
[7.765s][info][gc,heap        ] GC(17) Survivor regions: 14->15(15)
[7.765s][info][gc,heap        ] GC(17) Old regions: 435->480
[7.765s][info][gc,heap        ] GC(17) Humongous regions: 46->46
[7.765s][info][gc,metaspace   ] GC(17) Metaspace: 23104K(23296K)->23104K(23296K) NonClass: 18796K(18880K)->18796K(18880K) Class: 4308K(4416K)->4308K(4416K)
[7.765s][info][gc             ] GC(17) Pause Young (Normal) (G1 Evacuation Pause) 1183M->1075M(4096M) 82.010ms
[7.765s][info][gc,cpu         ] GC(17) User=0.47s Sys=0.02s Real=0.08s
... (rIR:aIR:PR = 10:10:10) (tPR = 762) [OK] 
    10s:       rampup IR =     20 ... (rIR:aIR:PR = 20:17:17) (tPR = 1373) [OK] 
    13s:       rampup IR =     30 .... (rIR:aIR:PR = 30:32:32) (tPR = 2444) [OK] 
    17s:       rampup IR =     40 .... (rIR:aIR:PR = 40:40:40) (tPR = 3204) [OK] 
    21s:       rampup IR =     50 .... (rIR:aIR:PR = 50:52:51) (tPR = 3489) [OK] 
    25s:       rampup IR =     60 .... (rIR:aIR:PR = 60:63:61) (tPR = 3982) [OK] 
    29s:       rampup IR =     70 .[31.194s][info][gc,start       ] GC(18) Pause Young (Normal) (G1 Evacuation Pause)
[31.194s][info][gc,task        ] GC(18) Using 6 workers of 6 for evacuation
[31.222s][info][gc,phases      ] GC(18)   Pre Evacuate Collection Set: 0.36ms
[31.222s][info][gc,phases      ] GC(18)   Merge Heap Roots: 0.21ms
[31.222s][info][gc,phases      ] GC(18)   Evacuate Collection Set: 26.82ms
[31.222s][info][gc,phases      ] GC(18)   Post Evacuate Collection Set: 0.31ms
[31.222s][info][gc,phases      ] GC(18)   Other: 0.06ms
[31.222s][info][gc,heap        ] GC(18) Eden regions: 134->0(196)
[31.222s][info][gc,heap        ] GC(18) Survivor regions: 15->8(19)
[31.222s][info][gc,heap        ] GC(18) Old regions: 480->496
[31.222s][info][gc,heap        ] GC(18) Humongous regions: 46->46
[31.222s][info][gc,metaspace   ] GC(18) Metaspace: 25118K(25280K)->25118K(25280K) NonClass: 20631K(20736K)->20631K(20736K) Class: 4486K(4544K)->4486K(4544K)
[31.222s][info][gc             ] GC(18) Pause Young (Normal) (G1 Evacuation Pause) 1343M->1092M(4096M) 27.902ms
[31.222s][info][gc,cpu         ] GC(18) User=0.16s Sys=0.00s Real=0.03s
... (rIR:aIR:PR = 70:72:70) (tPR = 3988) [OK] 
    33s:       rampup IR =     80 .... (rIR:aIR:PR = 80:80:77) (tPR = 4577) [OK] 
    37s:       rampup IR =     90 .... (rIR:aIR:PR = 90:90:88) (tPR = 4449) [OK] 
    41s:       rampup IR =    100 .... (rIR:aIR:PR = 100:104:101) (tPR = 4362) [OK] 
    45s:    snapshot, IR =    100 ....|......[56.436s][info][gc,start       ] GC(19) Pause Young (Normal) (G1 Evacuation Pause)
[56.437s][info][gc,task        ] GC(19) Using 6 workers of 6 for evacuation
[56.461s][info][gc,phases      ] GC(19)   Pre Evacuate Collection Set: 0.34ms
[56.461s][info][gc,phases      ] GC(19)   Merge Heap Roots: 0.18ms
[56.461s][info][gc,phases      ] GC(19)   Evacuate Collection Set: 23.01ms
[56.461s][info][gc,phases      ] GC(19)   Post Evacuate Collection Set: 0.43ms
[56.461s][info][gc,phases      ] GC(19)   Other: 0.08ms
[56.461s][info][gc,heap        ] GC(19) Eden regions: 220->0(229)
[56.461s][info][gc,heap        ] GC(19) Survivor regions: 8->20(29)
[56.461s][info][gc,heap        ] GC(19) Old regions: 496->496
[56.461s][info][gc,heap        ] GC(19) Humongous regions: 46->46
[56.461s][info][gc,metaspace   ] GC(19) Metaspace: 27077K(27328K)->27077K(27328K) NonClass: 22267K(22400K)->22267K(22400K) Class: 4810K(4928K)->4810K(4928K)
[56.461s][info][gc             ] GC(19) Pause Young (Normal) (G1 Evacuation Pause) 1532M->1117M(4096M) 24.190ms
[56.461s][info][gc,cpu         ] GC(19) User=0.14s Sys=0.00s Real=0.02s
........................ (rIR:aIR:PR = 100:100:98) (tPR = 3188) [OK] 
    79s: Performing snapshot: (quiescence.....) (stop TxI) (stop BE) (saving... [84.920s][info][gc,start       ] GC(20) Pause Young (Normal) (G1 Evacuation Pause)
[84.920s][info][gc,task        ] GC(20) Using 6 workers of 6 for evacuation
[84.960s][info][gc,phases      ] GC(20)   Pre Evacuate Collection Set: 0.31ms
[84.960s][info][gc,phases      ] GC(20)   Merge Heap Roots: 0.21ms
[84.960s][info][gc,phases      ] GC(20)   Evacuate Collection Set: 39.23ms
[84.960s][info][gc,phases      ] GC(20)   Post Evacuate Collection Set: 0.40ms
[84.960s][info][gc,phases      ] GC(20)   Other: 0.07ms
[84.960s][info][gc,heap        ] GC(20) Eden regions: 239->0(283)
[84.960s][info][gc,heap        ] GC(20) Survivor regions: 20->30(33)
[84.960s][info][gc,heap        ] GC(20) Old regions: 496->502
[84.960s][info][gc,heap        ] GC(20) Humongous regions: 88->71
[84.960s][info][gc,metaspace   ] GC(20) Metaspace: 27344K(27584K)->27344K(27584K) NonClass: 22524K(22656K)->22524K(22656K) Class: 4819K(4928K)->4819K(4928K)
[84.960s][info][gc             ] GC(20) Pause Young (Normal) (G1 Evacuation Pause) 1679M->1199M(4096M) 40.353ms
[84.960s][info][gc,cpu         ] GC(20) User=0.22s Sys=0.02s Real=0.04s
103304 Kb) (term) [86.700s][info][gc,start       ] GC(21) Pause Full (System.gc())
[86.700s][info][gc,task        ] GC(21) Using 6 workers of 6 for full compaction
[86.700s][info][gc,phases,start] GC(21) Phase 1: Mark live objects
[86.715s][info][gc,phases      ] GC(21) Phase 1: Mark live objects 14.706ms
[86.715s][info][gc,phases,start] GC(21) Phase 2: Prepare compaction
[86.717s][info][gc,phases      ] GC(21) Phase 2: Prepare compaction 2.098ms
[86.717s][info][gc,phases,start] GC(21) Phase 3: Adjust pointers
[86.723s][info][gc,phases      ] GC(21) Phase 3: Adjust pointers 6.030ms
[86.723s][info][gc,phases,start] GC(21) Phase 4: Compact heap
[86.725s][info][gc,phases      ] GC(21) Phase 4: Compact heap 2.015ms
[86.725s][info][gc,phases,start] GC(21) Phase 5: Reset Metadata
[86.730s][info][gc,phases      ] GC(21) Phase 5: Reset Metadata 4.288ms
[86.735s][info][gc,heap        ] GC(21) Eden regions: 54->0(337)
[86.735s][info][gc,heap        ] GC(21) Survivor regions: 30->0(33)
[86.735s][info][gc,heap        ] GC(21) Old regions: 502->34
[86.735s][info][gc,heap        ] GC(21) Humongous regions: 314->66
[86.735s][info][gc,metaspace   ] GC(21) Metaspace: 27366K(27584K)->27366K(27584K) NonClass: 22546K(22656K)->22546K(22656K) Class: 4819K(4928K)->4819K(4928K)
[86.735s][info][gc             ] GC(21) Pause Full (System.gc()) 1792M->193M(4096M) 35.673ms
[86.736s][info][gc,cpu         ] GC(21) User=0.18s Sys=0.00s Real=0.04s
(init[87.438s][info][gc,start       ] GC(22) Pause Young (Normal) (G1 Evacuation Pause)
[87.438s][info][gc,task        ] GC(22) Using 6 workers of 6 for evacuation
[87.639s][info][gc,mmu         ] GC(22) MMU target violated: 200.8ms (200.0ms/201.0ms)
[87.639s][info][gc,phases      ] GC(22)   Pre Evacuate Collection Set: 0.31ms
[87.639s][info][gc,phases      ] GC(22)   Merge Heap Roots: 0.38ms
[87.639s][info][gc,phases      ] GC(22)   Evacuate Collection Set: 199.63ms
[87.639s][info][gc,phases      ] GC(22)   Post Evacuate Collection Set: 0.42ms
[87.639s][info][gc,phases      ] GC(22)   Other: 0.11ms
[87.639s][info][gc,heap        ] GC(22) Eden regions: 313->0(222)
[87.639s][info][gc,heap        ] GC(22) Survivor regions: 0->40(40)
[87.639s][info][gc,heap        ] GC(22) Old regions: 34->106
[87.639s][info][gc,heap        ] GC(22) Humongous regions: 121->120
[87.639s][info][gc,metaspace   ] GC(22) Metaspace: 27462K(27712K)->27462K(27712K) NonClass: 22634K(22784K)->22634K(22784K) Class: 4828K(4928K)->4828K(4928K)
[87.639s][info][gc             ] GC(22) Pause Young (Normal) (G1 Evacuation Pause) 929M->524M(4096M) 200.953ms
[87.639s][info][gc,cpu         ] GC(22) User=1.17s Sys=0.02s Real=0.20s
[87.917s][info][gc,start       ] GC(23) Pause Young (Normal) (G1 Evacuation Pause)
[87.917s][info][gc,task        ] GC(23) Using 6 workers of 6 for evacuation
[88.034s][info][gc,phases      ] GC(23)   Pre Evacuate Collection Set: 0.29ms
[88.034s][info][gc,phases      ] GC(23)   Merge Heap Roots: 0.33ms
[88.034s][info][gc,phases      ] GC(23)   Evacuate Collection Set: 116.36ms
[88.034s][info][gc,phases      ] GC(23)   Post Evacuate Collection Set: 0.39ms
[88.034s][info][gc,phases      ] GC(23)   Other: 0.06ms
[88.034s][info][gc,heap        ] GC(23) Eden regions: 204->0(242)
[88.034s][info][gc,heap        ] GC(23) Survivor regions: 40->31(31)
[88.034s][info][gc,heap        ] GC(23) Old regions: 106->172
[88.034s][info][gc,heap        ] GC(23) Humongous regions: 125->125
[88.034s][info][gc,metaspace   ] GC(23) Metaspace: 27480K(27712K)->27480K(27712K) NonClass: 22650K(22784K)->22650K(22784K) Class: 4830K(4928K)->4830K(4928K)
[88.034s][info][gc             ] GC(23) Pause Young (Normal) (G1 Evacuation Pause) 942M->648M(4096M) 117.544ms
[88.034s][info][gc,cpu         ] GC(23) User=0.70s Sys=0.00s Real=0.11s
[88.663s][info][gc,start       ] GC(24) Pause Young (Normal) (G1 Evacuation Pause)
[88.663s][info][gc,task        ] GC(24) Using 6 workers of 6 for evacuation
[88.819s][info][gc,phases      ] GC(24)   Pre Evacuate Collection Set: 0.29ms
[88.819s][info][gc,phases      ] GC(24)   Merge Heap Roots: 0.32ms
[88.819s][info][gc,phases      ] GC(24)   Evacuate Collection Set: 155.27ms
[88.819s][info][gc,phases      ] GC(24)   Post Evacuate Collection Set: 0.48ms
[88.819s][info][gc,phases      ] GC(24)   Other: 0.06ms
[88.819s][info][gc,heap        ] GC(24) Eden regions: 237->0(217)
[88.819s][info][gc,heap        ] GC(24) Survivor regions: 31->34(34)
[88.819s][info][gc,heap        ] GC(24) Old regions: 172->293
[88.819s][info][gc,heap        ] GC(24) Humongous regions: 162->160
[88.819s][info][gc,metaspace   ] GC(24) Metaspace: 27490K(27712K)->27490K(27712K) NonClass: 22659K(22784K)->22659K(22784K) Class: 4831K(4928K)->4831K(4928K)
[88.819s][info][gc             ] GC(24) Pause Young (Normal) (G1 Evacuation Pause) 1196M->967M(4096M) 156.561ms
[88.819s][info][gc,cpu         ] GC(24) User=0.85s Sys=0.00s Real=0.16s
) ...
    91s:       rampup IR =      0 ... (rIR:aIR:PR = 0:0:0) (tPR = 0) [OK] 
    94s:       rampup IR =     10 ... (rIR:aIR:PR = 10:9:9) (tPR = 200) [OK] 
    97s:       rampup IR =     20 ..[99.886s][info][gc,start       ] GC(25) Pause Young (Normal) (G1 Evacuation Pause)
[99.886s][info][gc,task        ] GC(25) Using 6 workers of 6 for evacuation
[100.045s][info][gc,phases      ] GC(25)   Pre Evacuate Collection Set: 0.31ms
[100.045s][info][gc,phases      ] GC(25)   Merge Heap Roots: 0.35ms
[100.045s][info][gc,phases      ] GC(25)   Evacuate Collection Set: 158.30ms
[100.045s][info][gc,phases      ] GC(25)   Post Evacuate Collection Set: 0.38ms
[100.045s][info][gc,phases      ] GC(25)   Other: 0.06ms
[100.045s][info][gc,heap        ] GC(25) Eden regions: 233->0(193)
[100.045s][info][gc,heap        ] GC(25) Survivor regions: 34->34(34)
[100.045s][info][gc,heap        ] GC(25) Old regions: 293->471
[100.045s][info][gc,heap        ] GC(25) Humongous regions: 160->160
[100.045s][info][gc,metaspace   ] GC(25) Metaspace: 27531K(27712K)->27531K(27712K) NonClass: 22699K(22784K)->22699K(22784K) Class: 4831K(4928K)->4831K(4928K)
[100.045s][info][gc             ] GC(25) Pause Young (Normal) (G1 Evacuation Pause) 1433M->1322M(4096M) 159.530ms
[100.045s][info][gc,cpu         ] GC(25) User=0.95s Sys=0.00s Real=0.16s
. (rIR:aIR:PR = 20:18:18) (tPR = 672) [OK] 
   100s:       rampup IR =     30 .... (rIR:aIR:PR = 30:30:30) (tPR = 646) [OK] 
   104s:       rampup IR =     40 .... (rIR:aIR:PR = 40:40:40) (tPR = 1031) [OK] 
   108s:       rampup IR =     50 .... (rIR:aIR:PR = 50:52:51) (tPR = 1225) [OK] 
   112s:       rampup IR =     60 .... (rIR:aIR:PR = 60:62:60) (tPR = 1410) [OK] 
   116s:       rampup IR =     70 .... (rIR:aIR:PR = 70:72:70) (tPR = 1358) [OK] 
   120s:       rampup IR =     80 .... (rIR:aIR:PR = 80:82:80) (tPR = 1935) [OK] 
   124s:       rampup IR =     90 .... (rIR:aIR:PR = 90:95:93) (tPR = 1782) [OK] 
   128s:       rampup IR =    100 .... (rIR:aIR:PR = 100:99:96) (tPR = 2210) [OK] 
   132s:       trying IR =    200 ..... (rIR:aIR:PR = 200:201:196) (tPR = 3914) [OK] 
   137s:       trying IR =    220 ...[141.220s][info][gc,start       ] GC(26) Pause Young (Normal) (G1 Evacuation Pause)
[141.220s][info][gc,task        ] GC(26) Using 6 workers of 6 for evacuation
[141.268s][info][gc,phases      ] GC(26)   Pre Evacuate Collection Set: 0.35ms
[141.268s][info][gc,phases      ] GC(26)   Merge Heap Roots: 0.54ms
[141.268s][info][gc,phases      ] GC(26)   Evacuate Collection Set: 45.66ms
[141.268s][info][gc,phases      ] GC(26)   Post Evacuate Collection Set: 0.50ms
[141.268s][info][gc,phases      ] GC(26)   Other: 0.06ms
[141.268s][info][gc,heap        ] GC(26) Eden regions: 195->0(297)
[141.268s][info][gc,heap        ] GC(26) Survivor regions: 34->18(29)
[141.268s][info][gc,heap        ] GC(26) Old regions: 471->504
[141.268s][info][gc,heap        ] GC(26) Humongous regions: 160->160
[141.268s][info][gc,metaspace   ] GC(26) Metaspace: 27672K(27904K)->27672K(27904K) NonClass: 22839K(22976K)->22839K(22976K) Class: 4833K(4928K)->4833K(4928K)
[141.268s][info][gc             ] GC(26) Pause Young (Normal) (G1 Evacuation Pause) 1712M->1356M(4096M) 47.239ms
[141.268s][info][gc,cpu         ] GC(26) User=0.28s Sys=0.00s Real=0.05s
.. (rIR:aIR:PR = 220:222:218) (tPR = 4068) [OK] 
   142s:       trying IR =    244 .... (rIR:aIR:PR = 244:241:237) (tPR = 4431) [OK] 
   146s:       trying IR =    273 ...... (rIR:aIR:PR = 273:272:267) (tPR = 5039) [OK] 
   152s:       trying IR =    307 ..[155.843s][info][gc,start       ] GC(27) Pause Young (Normal) (G1 Evacuation Pause)
[155.843s][info][gc,task        ] GC(27) Using 6 workers of 6 for evacuation
[155.884s][info][gc,phases      ] GC(27)   Pre Evacuate Collection Set: 0.33ms
[155.884s][info][gc,phases      ] GC(27)   Merge Heap Roots: 0.55ms
[155.884s][info][gc,phases      ] GC(27)   Evacuate Collection Set: 39.68ms
[155.884s][info][gc,phases      ] GC(27)   Post Evacuate Collection Set: 0.53ms
[155.884s][info][gc,phases      ] GC(27)   Other: 0.06ms
[155.884s][info][gc,heap        ] GC(27) Eden regions: 290->0(339)
[155.884s][info][gc,heap        ] GC(27) Survivor regions: 18->35(39)
[155.884s][info][gc,heap        ] GC(27) Old regions: 504->504
[155.884s][info][gc,heap        ] GC(27) Humongous regions: 160->160
[155.884s][info][gc,metaspace   ] GC(27) Metaspace: 27750K(27968K)->27750K(27968K) NonClass: 22916K(23040K)->22916K(23040K) Class: 4833K(4928K)->4833K(4928K)
[155.884s][info][gc             ] GC(27) Pause Young (Normal) (G1 Evacuation Pause) 1936M->1389M(4096M) 41.285ms
[155.884s][info][gc,cpu         ] GC(27) User=0.25s Sys=0.00s Real=0.04s
.. (rIR:aIR:PR = 307:305:299) (tPR = 5787) [OK] 
   156s:       trying IR =    349 .... (rIR:aIR:PR = 349:348:340) (tPR = 6258) [OK] 
   160s:       trying IR =    399 .... (rIR:aIR:PR = 399:408:399) (tPR = 7449) [OK] 
   164s:       trying IR =    458 .[166.632s][info][gc,start       ] GC(28) Pause Young (Normal) (G1 Evacuation Pause)
[166.632s][info][gc,task        ] GC(28) Using 6 workers of 6 for evacuation
[166.690s][info][gc,phases      ] GC(28)   Pre Evacuate Collection Set: 0.35ms
[166.690s][info][gc,phases      ] GC(28)   Merge Heap Roots: 0.50ms
[166.690s][info][gc,phases      ] GC(28)   Evacuate Collection Set: 56.43ms
[166.690s][info][gc,phases      ] GC(28)   Post Evacuate Collection Set: 0.52ms
[166.690s][info][gc,phases      ] GC(28)   Other: 0.07ms
[166.690s][info][gc,heap        ] GC(28) Eden regions: 330->0(383)
[166.690s][info][gc,heap        ] GC(28) Survivor regions: 35->38(46)
[166.690s][info][gc,heap        ] GC(28) Old regions: 504->520
[166.690s][info][gc,heap        ] GC(28) Humongous regions: 160->160
[166.690s][info][gc,metaspace   ] GC(28) Metaspace: 27804K(27968K)->27804K(27968K) NonClass: 22963K(23040K)->22963K(23040K) Class: 4840K(4928K)->4840K(4928K)
[166.690s][info][gc             ] GC(28) Pause Young (Normal) (G1 Evacuation Pause) 2049M->1429M(4096M) 58.012ms
[166.690s][info][gc,cpu         ] GC(28) User=0.33s Sys=0.01s Real=0.06s
..... (rIR:aIR:PR = 458:461:451) (tPR = 7907) [OK] 
   170s:       trying IR =    530 .... (rIR:aIR:PR = 530:528:516) (tPR = 9050) [OK] 
   174s:       trying IR =    616 .[176.026s][info][gc,start       ] GC(29) Pause Young (Normal) (G1 Evacuation Pause)
[176.026s][info][gc,task        ] GC(29) Using 6 workers of 6 for evacuation
[176.084s][info][gc,phases      ] GC(29)   Pre Evacuate Collection Set: 0.34ms
[176.084s][info][gc,phases      ] GC(29)   Merge Heap Roots: 0.44ms
[176.084s][info][gc,phases      ] GC(29)   Evacuate Collection Set: 56.56ms
[176.084s][info][gc,phases      ] GC(29)   Post Evacuate Collection Set: 0.50ms
[176.084s][info][gc,phases      ] GC(29)   Other: 0.07ms
[176.084s][info][gc,heap        ] GC(29) Eden regions: 394->0(440)
[176.084s][info][gc,heap        ] GC(29) Survivor regions: 38->40(54)
[176.084s][info][gc,heap        ] GC(29) Old regions: 520->537
[176.084s][info][gc,heap        ] GC(29) Humongous regions: 160->160
[176.084s][info][gc,metaspace   ] GC(29) Metaspace: 27844K(28096K)->27844K(28096K) NonClass: 23002K(23168K)->23002K(23168K) Class: 4841K(4928K)->4841K(4928K)
[176.084s][info][gc             ] GC(29) Pause Young (Normal) (G1 Evacuation Pause) 2217M->1466M(4096M) 58.042ms
[176.084s][info][gc,cpu         ] GC(29) User=0.33s Sys=0.01s Real=0.05s
... (rIR:aIR:PR = 616:612:597) (tPR = 10828) [OK] 
   178s:       trying IR =    719 .... (rIR:aIR:PR = 719:733:717) (tPR = 12816) [OK] 
   182s:       trying IR =    843 [183.714s][info][gc,start       ] GC(30) Pause Young (Normal) (G1 Evacuation Pause)
[183.714s][info][gc,task        ] GC(30) Using 6 workers of 6 for evacuation
[183.773s][info][gc,phases      ] GC(30)   Pre Evacuate Collection Set: 0.35ms
[183.773s][info][gc,phases      ] GC(30)   Merge Heap Roots: 0.39ms
[183.773s][info][gc,phases      ] GC(30)   Evacuate Collection Set: 57.39ms
[183.773s][info][gc,phases      ] GC(30)   Post Evacuate Collection Set: 0.45ms
[183.773s][info][gc,phases      ] GC(30)   Other: 0.07ms
[183.773s][info][gc,heap        ] GC(30) Eden regions: 456->0(501)
[183.773s][info][gc,heap        ] GC(30) Survivor regions: 40->45(62)
[183.773s][info][gc,heap        ] GC(30) Old regions: 537->553
[183.773s][info][gc,heap        ] GC(30) Humongous regions: 160->160
[183.773s][info][gc,metaspace   ] GC(30) Metaspace: 27906K(28160K)->27906K(28160K) NonClass: 23063K(23232K)->23063K(23232K) Class: 4843K(4928K)->4843K(4928K)
[183.773s][info][gc             ] GC(30) Pause Young (Normal) (G1 Evacuation Pause) 2378M->1509M(4096M) 58.819ms
[183.773s][info][gc,cpu         ] GC(30) User=0.34s Sys=0.01s Real=0.06s
..... (rIR:aIR:PR = 843:844:825) (tPR = 13856) [OK] 
   187s:       trying IR =    992 ..[190.541s][info][gc,start       ] GC(31) Pause Young (Normal) (G1 Evacuation Pause)
[190.541s][info][gc,task        ] GC(31) Using 6 workers of 6 for evacuation
[190.607s][info][gc,phases      ] GC(31)   Pre Evacuate Collection Set: 0.33ms
[190.607s][info][gc,phases      ] GC(31)   Merge Heap Roots: 0.36ms
[190.607s][info][gc,phases      ] GC(31)   Evacuate Collection Set: 64.57ms
[190.607s][info][gc,phases      ] GC(31)   Post Evacuate Collection Set: 0.53ms
[190.607s][info][gc,phases      ] GC(31)   Other: 0.07ms
[190.607s][info][gc,heap        ] GC(31) Eden regions: 516->0(559)
[190.607s][info][gc,heap        ] GC(31) Survivor regions: 45->50(71)
[190.607s][info][gc,heap        ] GC(31) Old regions: 553->572
[190.607s][info][gc,heap        ] GC(31) Humongous regions: 160->160
[190.607s][info][gc,metaspace   ] GC(31) Metaspace: 27933K(28160K)->27933K(28160K) NonClass: 23090K(23232K)->23090K(23232K) Class: 4843K(4928K)->4843K(4928K)
[190.607s][info][gc             ] GC(31) Pause Young (Normal) (G1 Evacuation Pause) 2541M->1555M(4096M) 65.984ms
[190.607s][info][gc,cpu         ] GC(31) User=0.37s Sys=0.02s Real=0.07s
.. (rIR:aIR:PR = 992:999:979) (tPR = 16638) [OK] 
   191s:       trying IR =   1170 .... (rIR:aIR:PR = 1170:1184:1160) (tPR = 21048) [OK] 
   195s:       trying IR =   1384 [196.773s][info][gc,start       ] GC(32) Pause Young (Normal) (G1 Evacuation Pause)
[196.773s][info][gc,task        ] GC(32) Using 6 workers of 6 for evacuation
[196.844s][info][gc,phases      ] GC(32)   Pre Evacuate Collection Set: 0.32ms
[196.844s][info][gc,phases      ] GC(32)   Merge Heap Roots: 0.34ms
[196.844s][info][gc,phases      ] GC(32)   Evacuate Collection Set: 69.88ms
[196.844s][info][gc,phases      ] GC(32)   Post Evacuate Collection Set: 0.60ms
[196.844s][info][gc,phases      ] GC(32)   Other: 0.08ms
[196.844s][info][gc,heap        ] GC(32) Eden regions: 571->0(610)
[196.844s][info][gc,heap        ] GC(32) Survivor regions: 50->58(78)
[196.844s][info][gc,heap        ] GC(32) Old regions: 572->592
[196.844s][info][gc,heap        ] GC(32) Humongous regions: 160->160
[196.844s][info][gc,metaspace   ] GC(32) Metaspace: 28054K(28352K)->28054K(28352K) NonClass: 23194K(23360K)->23194K(23360K) Class: 4859K(4992K)->4859K(4992K)
[196.844s][info][gc             ] GC(32) Pause Young (Normal) (G1 Evacuation Pause) 2697M->1611M(4096M) 71.343ms
[196.844s][info][gc,cpu         ] GC(32) User=0.41s Sys=0.02s Real=0.07s
.... (rIR:aIR:PR = 1384:1392:1377) (tPR = 23140) [OK] 
   199s:       trying IR =   1641 .[201.864s][info][gc,start       ] GC(33) Pause Young (Normal) (G1 Evacuation Pause)
[201.864s][info][gc,task        ] GC(33) Using 6 workers of 6 for evacuation
[201.943s][info][gc,phases      ] GC(33)   Pre Evacuate Collection Set: 0.36ms
[201.943s][info][gc,phases      ] GC(33)   Merge Heap Roots: 0.38ms
[201.943s][info][gc,phases      ] GC(33)   Evacuate Collection Set: 76.87ms
[201.943s][info][gc,phases      ] GC(33)   Post Evacuate Collection Set: 0.62ms
[201.943s][info][gc,phases      ] GC(33)   Other: 0.08ms
[201.943s][info][gc,heap        ] GC(33) Eden regions: 620->0(663)
[201.943s][info][gc,heap        ] GC(33) Survivor regions: 58->62(85)
[201.943s][info][gc,heap        ] GC(33) Old regions: 592->615
[201.943s][info][gc,heap        ] GC(33) Humongous regions: 162->162
[201.943s][info][gc,metaspace   ] GC(33) Metaspace: 28084K(28352K)->28084K(28352K) NonClass: 23225K(23360K)->23225K(23360K) Class: 4859K(4992K)->4859K(4992K)
[201.943s][info][gc             ] GC(33) Pause Young (Normal) (G1 Evacuation Pause) 2855M->1669M(4096M) 78.448ms
[201.943s][info][gc,cpu         ] GC(33) User=0.45s Sys=0.01s Real=0.08s
... (rIR:aIR:PR = 1641:1624:1624) (tPR = 26115) [OK] 
   203s:       trying IR =   1949 ..[206.444s][info][gc,start       ] GC(34) Pause Young (Normal) (G1 Evacuation Pause)
[206.444s][info][gc,task        ] GC(34) Using 6 workers of 6 for evacuation
[206.528s][info][gc,phases      ] GC(34)   Pre Evacuate Collection Set: 0.39ms
[206.528s][info][gc,phases      ] GC(34)   Merge Heap Roots: 0.34ms
[206.528s][info][gc,phases      ] GC(34)   Evacuate Collection Set: 82.33ms
[206.528s][info][gc,phases      ] GC(34)   Post Evacuate Collection Set: 0.71ms
[206.528s][info][gc,phases      ] GC(34)   Other: 0.08ms
[206.528s][info][gc,heap        ] GC(34) Eden regions: 668->0(709)
[206.528s][info][gc,heap        ] GC(34) Survivor regions: 62->68(92)
[206.528s][info][gc,heap        ] GC(34) Old regions: 615->640
[206.528s][info][gc,heap        ] GC(34) Humongous regions: 162->162
[206.528s][info][gc,metaspace   ] GC(34) Metaspace: 28096K(28352K)->28096K(28352K) NonClass: 23237K(23360K)->23237K(23360K) Class: 4859K(4992K)->4859K(4992K)
[206.528s][info][gc             ] GC(34) Pause Young (Normal) (G1 Evacuation Pause) 3005M->1731M(4096M) 83.967ms
[206.528s][info][gc,cpu         ] GC(34) User=0.48s Sys=0.02s Real=0.09s
.. (rIR:aIR:PR = 1949:1918:1918) (tPR = 32800) [OK] 
   207s:       trying IR =   2319 ..[210.486s][info][gc,start       ] GC(35) Pause Young (Normal) (G1 Evacuation Pause)
[210.486s][info][gc,task        ] GC(35) Using 6 workers of 6 for evacuation
[210.576s][info][gc,phases      ] GC(35)   Pre Evacuate Collection Set: 0.32ms
[210.576s][info][gc,phases      ] GC(35)   Merge Heap Roots: 0.36ms
[210.576s][info][gc,phases      ] GC(35)   Evacuate Collection Set: 87.98ms
[210.576s][info][gc,phases      ] GC(35)   Post Evacuate Collection Set: 0.69ms
[210.576s][info][gc,phases      ] GC(35)   Other: 0.08ms
[210.576s][info][gc,heap        ] GC(35) Eden regions: 712->0(753)
[210.576s][info][gc,heap        ] GC(35) Survivor regions: 68->71(98)
[210.576s][info][gc,heap        ] GC(35) Old regions: 640->665
[210.576s][info][gc,heap        ] GC(35) Humongous regions: 162->162
[210.576s][info][gc,metaspace   ] GC(35) Metaspace: 28129K(28416K)->28129K(28416K) NonClass: 23270K(23424K)->23270K(23424K) Class: 4859K(4992K)->4859K(4992K)
[210.576s][info][gc             ] GC(35) Pause Young (Normal) (G1 Evacuation Pause) 3155M->1789M(4096M) 89.567ms
[210.576s][info][gc,cpu         ] GC(35) User=0.51s Sys=0.02s Real=0.09s
.. (rIR:aIR:PR = 2319:2304:2304) (tPR = 36897) [OK] 
   211s:       trying IR =   2762 ..[214.514s][info][gc,start       ] GC(36) Pause Young (Normal) (G1 Evacuation Pause)
[214.514s][info][gc,task        ] GC(36) Using 6 workers of 6 for evacuation
[214.608s][info][gc,phases      ] GC(36)   Pre Evacuate Collection Set: 0.33ms
[214.608s][info][gc,phases      ] GC(36)   Merge Heap Roots: 0.33ms
[214.608s][info][gc,phases      ] GC(36)   Evacuate Collection Set: 92.33ms
[214.608s][info][gc,phases      ] GC(36)   Post Evacuate Collection Set: 0.75ms
[214.608s][info][gc,phases      ] GC(36)   Other: 0.07ms
[214.608s][info][gc,heap        ] GC(36) Eden regions: 758->0(792)
[214.608s][info][gc,heap        ] GC(36) Survivor regions: 71->76(104)
[214.608s][info][gc,heap        ] GC(36) Old regions: 665->692
[214.608s][info][gc,heap        ] GC(36) Humongous regions: 162->162
[214.608s][info][gc,metaspace   ] GC(36) Metaspace: 28196K(28480K)->28196K(28480K) NonClass: 23336K(23488K)->23336K(23488K) Class: 4860K(4992K)->4860K(4992K)
[214.608s][info][gc             ] GC(36) Pause Young (Normal) (G1 Evacuation Pause) 3305M->1852M(4096M) 93.937ms
[214.608s][info][gc,cpu         ] GC(36) User=0.54s Sys=0.02s Real=0.10s
.. (rIR:aIR:PR = 2762:2744:2744) (tPR = 45588) [OK] 
   215s:       trying IR =   3295 ..[218.268s][info][gc,start       ] GC(37) Pause Young (Normal) (G1 Evacuation Pause)
[218.268s][info][gc,task        ] GC(37) Using 6 workers of 6 for evacuation
[218.367s][info][gc,phases      ] GC(37)   Pre Evacuate Collection Set: 0.32ms
[218.367s][info][gc,phases      ] GC(37)   Merge Heap Roots: 0.37ms
[218.367s][info][gc,phases      ] GC(37)   Evacuate Collection Set: 97.30ms
[218.367s][info][gc,phases      ] GC(37)   Post Evacuate Collection Set: 0.79ms
[218.367s][info][gc,phases      ] GC(37)   Other: 0.08ms
[218.367s][info][gc,heap        ] GC(37) Eden regions: 792->0(800)
[218.367s][info][gc,heap        ] GC(37) Survivor regions: 76->81(109)
[218.367s][info][gc,heap        ] GC(37) Old regions: 692->720
[218.367s][info][gc,heap        ] GC(37) Humongous regions: 162->162
[218.367s][info][gc,metaspace   ] GC(37) Metaspace: 28487K(28800K)->28487K(28800K) NonClass: 23606K(23744K)->23606K(23744K) Class: 4881K(5056K)->4881K(5056K)
[218.367s][info][gc             ] GC(37) Pause Young (Normal) (G1 Evacuation Pause) 3436M->1919M(4096M) 98.991ms
[218.367s][info][gc,cpu         ] GC(37) User=0.56s Sys=0.02s Real=0.10s
.. (rIR:aIR:PR = 3295:3315:3315) (tPR = 49285) [OK] 
   219s:       trying IR =   3934 .[221.644s][info][gc,start       ] GC(38) Pause Young (Normal) (G1 Evacuation Pause)
[221.644s][info][gc,task        ] GC(38) Using 6 workers of 6 for evacuation
[221.743s][info][gc,phases      ] GC(38)   Pre Evacuate Collection Set: 0.33ms
[221.743s][info][gc,phases      ] GC(38)   Merge Heap Roots: 0.42ms
[221.743s][info][gc,phases      ] GC(38)   Evacuate Collection Set: 97.24ms
[221.743s][info][gc,phases      ] GC(38)   Post Evacuate Collection Set: 0.83ms
[221.743s][info][gc,phases      ] GC(38)   Other: 0.08ms
[221.743s][info][gc,heap        ] GC(38) Eden regions: 800->0(804)
[221.743s][info][gc,heap        ] GC(38) Survivor regions: 81->86(111)
[221.743s][info][gc,heap        ] GC(38) Old regions: 720->749
[221.743s][info][gc,heap        ] GC(38) Humongous regions: 162->162
[221.743s][info][gc,metaspace   ] GC(38) Metaspace: 28596K(28928K)->28596K(28928K) NonClass: 23715K(23872K)->23715K(23872K) Class: 4881K(5056K)->4881K(5056K)
[221.743s][info][gc             ] GC(38) Pause Young (Normal) (G1 Evacuation Pause) 3519M->1986M(4096M) 99.026ms
[221.743s][info][gc,cpu         ] GC(38) User=0.57s Sys=0.01s Real=0.10s
... (rIR:aIR:PR = 3934:3894:3894) (tPR = 57221) [OK] 
   223s:       trying IR =   4701 [224.841s][info][gc,start       ] GC(39) Pause Young (Normal) (G1 Evacuation Pause)
[224.842s][info][gc,task        ] GC(39) Using 6 workers of 6 for evacuation
[224.944s][info][gc,phases      ] GC(39)   Pre Evacuate Collection Set: 0.33ms
[224.944s][info][gc,phases      ] GC(39)   Merge Heap Roots: 0.43ms
[224.944s][info][gc,phases      ] GC(39)   Evacuate Collection Set: 100.48ms
[224.944s][info][gc,phases      ] GC(39)   Post Evacuate Collection Set: 0.87ms
[224.944s][info][gc,phases      ] GC(39)   Other: 0.08ms
[224.944s][info][gc,heap        ] GC(39) Eden regions: 804->0(801)
[224.944s][info][gc,heap        ] GC(39) Survivor regions: 86->88(112)
[224.944s][info][gc,heap        ] GC(39) Old regions: 749->780
[224.944s][info][gc,heap        ] GC(39) Humongous regions: 162->162
[224.944s][info][gc,metaspace   ] GC(39) Metaspace: 28628K(28928K)->28628K(28928K) NonClass: 23747K(23872K)->23747K(23872K) Class: 4881K(5056K)->4881K(5056K)
[224.944s][info][gc             ] GC(39) Pause Young (Normal) (G1 Evacuation Pause) 3594M->2052M(4096M) 102.321ms
[224.944s][info][gc,cpu         ] GC(39) User=0.59s Sys=0.01s Real=0.10s
...[227.565s][info][gc,start       ] GC(40) Pause Young (Concurrent Start) (G1 Evacuation Pause)
[227.565s][info][gc,task        ] GC(40) Using 6 workers of 6 for evacuation
[227.670s][info][gc,phases      ] GC(40)   Pre Evacuate Collection Set: 0.39ms
[227.670s][info][gc,phases      ] GC(40)   Merge Heap Roots: 0.40ms
[227.670s][info][gc,phases      ] GC(40)   Evacuate Collection Set: 103.56ms
[227.670s][info][gc,phases      ] GC(40)   Post Evacuate Collection Set: 0.83ms
[227.670s][info][gc,phases      ] GC(40)   Other: 0.09ms
[227.670s][info][gc,heap        ] GC(40) Eden regions: 801->0(789)
[227.670s][info][gc,heap        ] GC(40) Survivor regions: 88->92(112)
[227.670s][info][gc,heap        ] GC(40) Old regions: 780->810
[227.670s][info][gc,heap        ] GC(40) Humongous regions: 162->162
[227.670s][info][gc,metaspace   ] GC(40) Metaspace: 28631K(28928K)->28631K(28928K) NonClass: 23749K(23872K)->23749K(23872K) Class: 4882K(5056K)->4882K(5056K)
[227.670s][info][gc             ] GC(40) Pause Young (Concurrent Start) (G1 Evacuation Pause) 3654M->2119M(4096M) 105.424ms
[227.670s][info][gc             ] GC(41) Concurrent Mark Cycle
[227.670s][info][gc,marking     ] GC(41) Concurrent Scan Root Regions
[227.670s][info][gc,cpu         ] GC(40) User=0.63s Sys=0.00s Real=0.11s
[227.819s][info][gc,marking     ] GC(41) Concurrent Scan Root Regions 148.618ms
[227.819s][info][gc,marking     ] GC(41) Concurrent Mark
[227.819s][info][gc,marking     ] GC(41) Concurrent Mark From Roots
[227.819s][info][gc,task        ] GC(41) Using 2 workers of 2 for marking
. (rIR:aIR:PR = 4701:4730:4730) (tPR = 73694) [OK] 
   227s:       trying IR =   5621 [228.513s][info][gc,marking     ] GC(41) Concurrent Mark From Roots 694.147ms
[228.513s][info][gc,marking     ] GC(41) Concurrent Preclean
[228.513s][info][gc,marking     ] GC(41) Concurrent Preclean 0.067ms
[228.513s][info][gc,start       ] GC(41) Pause Remark
[228.519s][info][gc             ] GC(41) Pause Remark 2724M->2506M(4096M) 6.076ms
[228.519s][info][gc,cpu         ] GC(41) User=0.03s Sys=0.00s Real=0.01s
[228.521s][info][gc,marking     ] GC(41) Concurrent Mark 702.119ms
[228.521s][info][gc,marking     ] GC(41) Concurrent Rebuild Remembered Sets and Scrub Regions
[228.842s][info][gc,marking     ] GC(41) Concurrent Rebuild Remembered Sets and Scrub Regions 321.216ms
[228.842s][info][gc,start       ] GC(41) Pause Cleanup
[228.843s][info][gc             ] GC(41) Pause Cleanup 2753M->2753M(4096M) 0.416ms
[228.843s][info][gc,cpu         ] GC(41) User=0.00s Sys=0.00s Real=0.00s
[228.843s][info][gc,marking     ] GC(41) Concurrent Clear Claimed Marks
[228.843s][info][gc,marking     ] GC(41) Concurrent Clear Claimed Marks 0.033ms
[228.843s][info][gc,marking     ] GC(41) Concurrent Cleanup for Next Mark
[228.849s][info][gc,marking     ] GC(41) Concurrent Cleanup for Next Mark 5.568ms
[228.849s][info][gc             ] GC(41) Concurrent Mark Cycle 1178.824ms
.[229.937s][info][gc,start       ] GC(42) Pause Young (Prepare Mixed) (G1 Evacuation Pause)
[229.937s][info][gc,task        ] GC(42) Using 6 workers of 6 for evacuation
[230.037s][info][gc,phases      ] GC(42)   Pre Evacuate Collection Set: 0.35ms
[230.037s][info][gc,phases      ] GC(42)   Merge Heap Roots: 0.42ms
[230.037s][info][gc,phases      ] GC(42)   Evacuate Collection Set: 98.19ms
[230.037s][info][gc,phases      ] GC(42)   Post Evacuate Collection Set: 0.91ms
[230.037s][info][gc,phases      ] GC(42)   Other: 0.09ms
[230.037s][info][gc,heap        ] GC(42) Eden regions: 789->0(852)
[230.037s][info][gc,heap        ] GC(42) Survivor regions: 92->88(111)
[230.037s][info][gc,heap        ] GC(42) Old regions: 786->818
[230.037s][info][gc,heap        ] GC(42) Humongous regions: 77->77
[230.037s][info][gc,metaspace   ] GC(42) Metaspace: 28645K(28928K)->28645K(28928K) NonClass: 23763K(23872K)->23763K(23872K) Class: 4882K(5056K)->4882K(5056K)
[230.037s][info][gc             ] GC(42) Pause Young (Prepare Mixed) (G1 Evacuation Pause) 3479M->1959M(4096M) 100.088ms
[230.037s][info][gc,cpu         ] GC(42) User=0.59s Sys=0.00s Real=0.10s
...[232.406s][info][gc,start       ] GC(43) Pause Young (Mixed) (G1 Evacuation Pause)
[232.406s][info][gc,task        ] GC(43) Using 6 workers of 6 for evacuation
[232.516s][info][gc,phases      ] GC(43)   Pre Evacuate Collection Set: 0.38ms
[232.516s][info][gc,phases      ] GC(43)   Merge Heap Roots: 0.59ms
[232.516s][info][gc,phases      ] GC(43)   Evacuate Collection Set: 107.84ms
[232.516s][info][gc,phases      ] GC(43)   Post Evacuate Collection Set: 0.88ms
[232.516s][info][gc,phases      ] GC(43)   Other: 0.12ms
[232.516s][info][gc,heap        ] GC(43) Eden regions: 852->0(855)
[232.516s][info][gc,heap        ] GC(43) Survivor regions: 88->89(118)
[232.516s][info][gc,heap        ] GC(43) Old regions: 818->797
[232.516s][info][gc,heap        ] GC(43) Humongous regions: 77->77
[232.516s][info][gc,metaspace   ] GC(43) Metaspace: 28646K(28928K)->28646K(28928K) NonClass: 23764K(23872K)->23764K(23872K) Class: 4882K(5056K)->4882K(5056K)
[232.516s][info][gc             ] GC(43) Pause Young (Mixed) (G1 Evacuation Pause) 3663M->1922M(4096M) 109.946ms
[232.516s][info][gc,cpu         ] GC(43) User=0.63s Sys=0.02s Real=0.11s
. (rIR:aIR:PR = 5621:5610:5609) (tPR = 83066) [OK] 
   232s:       trying IR =   6725 .[234.603s][info][gc,start       ] GC(44) Pause Young (Mixed) (G1 Evacuation Pause)
[234.603s][info][gc,task        ] GC(44) Using 6 workers of 6 for evacuation
[234.715s][info][gc,phases      ] GC(44)   Pre Evacuate Collection Set: 0.34ms
[234.715s][info][gc,phases      ] GC(44)   Merge Heap Roots: 0.67ms
[234.715s][info][gc,phases      ] GC(44)   Evacuate Collection Set: 109.27ms
[234.715s][info][gc,phases      ] GC(44)   Merge Optional Heap Roots: 0.03ms
[234.715s][info][gc,phases      ] GC(44)   Evacuate Optional Collection Set: 0.34ms
[234.715s][info][gc,phases      ] GC(44)   Post Evacuate Collection Set: 1.08ms
[234.715s][info][gc,phases      ] GC(44)   Other: 0.11ms
[234.715s][info][gc,heap        ] GC(44) Eden regions: 855->0(881)
[234.715s][info][gc,heap        ] GC(44) Survivor regions: 89->93(118)
[234.715s][info][gc,heap        ] GC(44) Old regions: 797->764
[234.715s][info][gc,heap        ] GC(44) Humongous regions: 77->77
[234.715s][info][gc,metaspace   ] GC(44) Metaspace: 28684K(28992K)->28684K(28992K) NonClass: 23802K(23936K)->23802K(23936K) Class: 4882K(5056K)->4882K(5056K)
[234.715s][info][gc             ] GC(44) Pause Young (Mixed) (G1 Evacuation Pause) 3632M->1864M(4096M) 111.969ms
[234.715s][info][gc,cpu         ] GC(44) User=0.67s Sys=0.01s Real=0.12s
..[236.784s][info][gc,start       ] GC(45) Pause Young (Mixed) (G1 Evacuation Pause)
[236.784s][info][gc,task        ] GC(45) Using 6 workers of 6 for evacuation
[236.903s][info][gc,phases      ] GC(45)   Pre Evacuate Collection Set: 0.36ms
[236.903s][info][gc,phases      ] GC(45)   Merge Heap Roots: 0.69ms
[236.903s][info][gc,phases      ] GC(45)   Evacuate Collection Set: 115.66ms
[236.903s][info][gc,phases      ] GC(45)   Merge Optional Heap Roots: 0.05ms
[236.903s][info][gc,phases      ] GC(45)   Evacuate Optional Collection Set: 0.78ms
[236.903s][info][gc,phases      ] GC(45)   Post Evacuate Collection Set: 1.02ms
[236.903s][info][gc,phases      ] GC(45)   Other: 0.12ms
[236.903s][info][gc,heap        ] GC(45) Eden regions: 881->0(491)
[236.903s][info][gc,heap        ] GC(45) Survivor regions: 93->95(122)
[236.903s][info][gc,heap        ] GC(45) Old regions: 764->712
[236.903s][info][gc,heap        ] GC(45) Humongous regions: 77->77
[236.903s][info][gc,metaspace   ] GC(45) Metaspace: 28685K(28992K)->28685K(28992K) NonClass: 23803K(23936K)->23803K(23936K) Class: 4882K(5056K)->4882K(5056K)
[236.903s][info][gc             ] GC(45) Pause Young (Mixed) (G1 Evacuation Pause) 3626M->1764M(4096M) 118.798ms
[236.903s][info][gc,cpu         ] GC(45) User=0.69s Sys=0.01s Real=0.12s
. (rIR:aIR:PR = 6725:6749:6749) (tPR = 103858) [OK] 
   236s:       trying IR =   8050 [238.000s][info][gc,start       ] GC(46) Pause Young (Mixed) (G1 Evacuation Pause)
[238.000s][info][gc,task        ] GC(46) Using 6 workers of 6 for evacuation
[238.104s][info][gc,phases      ] GC(46)   Pre Evacuate Collection Set: 0.36ms
[238.104s][info][gc,phases      ] GC(46)   Merge Heap Roots: 0.68ms
[238.104s][info][gc,phases      ] GC(46)   Evacuate Collection Set: 101.88ms
[238.104s][info][gc,phases      ] GC(46)   Post Evacuate Collection Set: 0.99ms
[238.104s][info][gc,phases      ] GC(46)   Other: 0.08ms
[238.104s][info][gc,heap        ] GC(46) Eden regions: 559->0(929)
[238.104s][info][gc,heap        ] GC(46) Survivor regions: 95->37(82)
[238.104s][info][gc,heap        ] GC(46) Old regions: 712->737
[238.104s][info][gc,heap        ] GC(46) Humongous regions: 77->77
[238.104s][info][gc,metaspace   ] GC(46) Metaspace: 28698K(28992K)->28698K(28992K) NonClass: 23816K(23936K)->23816K(23936K) Class: 4882K(5056K)->4882K(5056K)
[238.104s][info][gc             ] GC(46) Pause Young (Mixed) (G1 Evacuation Pause) 2882M->1697M(4096M) 104.139ms
[238.104s][info][gc,cpu         ] GC(46) User=0.61s Sys=0.01s Real=0.10s
..[239.934s][info][gc,start       ] GC(47) Pause Young (Mixed) (G1 Evacuation Pause)
[239.934s][info][gc,task        ] GC(47) Using 6 workers of 6 for evacuation
[240.031s][info][gc,phases      ] GC(47)   Pre Evacuate Collection Set: 0.38ms
[240.031s][info][gc,phases      ] GC(47)   Merge Heap Roots: 0.88ms
[240.031s][info][gc,phases      ] GC(47)   Evacuate Collection Set: 90.12ms
[240.031s][info][gc,phases      ] GC(47)   Merge Optional Heap Roots: 0.16ms
[240.031s][info][gc,phases      ] GC(47)   Evacuate Optional Collection Set: 4.34ms
[240.031s][info][gc,phases      ] GC(47)   Post Evacuate Collection Set: 1.17ms
[240.031s][info][gc,phases      ] GC(47)   Other: 0.13ms
[240.031s][info][gc,heap        ] GC(47) Eden regions: 929->0(957)
[240.031s][info][gc,heap        ] GC(47) Survivor regions: 37->81(121)
[240.031s][info][gc,heap        ] GC(47) Old regions: 737->657
[240.031s][info][gc,heap        ] GC(47) Humongous regions: 77->77
[240.031s][info][gc,metaspace   ] GC(47) Metaspace: 28698K(28992K)->28698K(28992K) NonClass: 23816K(23936K)->23816K(23936K) Class: 4882K(5056K)->4882K(5056K)
[240.031s][info][gc             ] GC(47) Pause Young (Mixed) (G1 Evacuation Pause) 3555M->1626M(4096M) 97.305ms
[240.031s][info][gc,cpu         ] GC(47) User=0.58s Sys=0.00s Real=0.10s
..[241.911s][info][gc,start       ] GC(48) Pause Young (Mixed) (G1 Evacuation Pause)
[241.911s][info][gc,task        ] GC(48) Using 6 workers of 6 for evacuation
[242.050s][info][gc,phases      ] GC(48)   Pre Evacuate Collection Set: 0.38ms
[242.050s][info][gc,phases      ] GC(48)   Merge Heap Roots: 0.89ms
[242.050s][info][gc,phases      ] GC(48)   Evacuate Collection Set: 125.85ms
[242.050s][info][gc,phases      ] GC(48)   Merge Optional Heap Roots: 0.16ms
[242.050s][info][gc,phases      ] GC(48)   Evacuate Optional Collection Set: 10.44ms
[242.050s][info][gc,phases      ] GC(48)   Post Evacuate Collection Set: 0.99ms
[242.050s][info][gc,phases      ] GC(48)   Other: 0.10ms
[242.050s][info][gc,heap        ] GC(48) Eden regions: 957->0(978)
[242.050s][info][gc,heap        ] GC(48) Survivor regions: 81->102(130)
[242.050s][info][gc,heap        ] GC(48) Old regions: 657->617
[242.050s][info][gc,heap        ] GC(48) Humongous regions: 77->77
[242.050s][info][gc,metaspace   ] GC(48) Metaspace: 28698K(28992K)->28698K(28992K) NonClass: 23816K(23936K)->23816K(23936K) Class: 4882K(5056K)->4882K(5056K)
[242.050s][info][gc             ] GC(48) Pause Young (Mixed) (G1 Evacuation Pause) 3540M->1588M(4096M) 138.932ms
[242.050s][info][gc,cpu         ] GC(48) User=0.82s Sys=0.01s Real=0.14s
. (rIR:aIR:PR = 8050:7877:7875) (tPR = 120941) [OK] 
   241s:       trying IR =   9640 .[243.688s][info][gc,start       ] GC(49) Pause Young (Mixed) (G1 Evacuation Pause)
[243.688s][info][gc,task        ] GC(49) Using 6 workers of 6 for evacuation
[243.808s][info][gc,phases      ] GC(49)   Pre Evacuate Collection Set: 0.38ms
[243.808s][info][gc,phases      ] GC(49)   Merge Heap Roots: 0.61ms
[243.808s][info][gc,phases      ] GC(49)   Evacuate Collection Set: 117.56ms
[243.808s][info][gc,phases      ] GC(49)   Post Evacuate Collection Set: 0.78ms
[243.808s][info][gc,phases      ] GC(49)   Other: 0.09ms
[243.808s][info][gc,heap        ] GC(49) Eden regions: 978->0(976)
[243.808s][info][gc,heap        ] GC(49) Survivor regions: 102->106(135)
[243.808s][info][gc,heap        ] GC(49) Old regions: 617->643
[243.808s][info][gc,heap        ] GC(49) Humongous regions: 77->77
[243.808s][info][gc,metaspace   ] GC(49) Metaspace: 28698K(28992K)->28698K(28992K) NonClass: 23816K(23936K)->23816K(23936K) Class: 4882K(5056K)->4882K(5056K)
[243.808s][info][gc             ] GC(49) Pause Young (Mixed) (G1 Evacuation Pause) 3544M->1649M(4096M) 119.540ms
[243.808s][info][gc,cpu         ] GC(49) User=0.71s Sys=0.00s Real=0.12s
..[245.288s][info][gc,start       ] GC(50) Pause Young (Normal) (G1 Evacuation Pause)
[245.288s][info][gc,task        ] GC(50) Using 6 workers of 6 for evacuation
[245.399s][info][gc,phases      ] GC(50)   Pre Evacuate Collection Set: 0.36ms
[245.399s][info][gc,phases      ] GC(50)   Merge Heap Roots: 0.42ms
[245.399s][info][gc,phases      ] GC(50)   Evacuate Collection Set: 109.94ms
[245.399s][info][gc,phases      ] GC(50)   Post Evacuate Collection Set: 0.88ms
[245.399s][info][gc,phases      ] GC(50)   Other: 0.08ms
[245.399s][info][gc,heap        ] GC(50) Eden regions: 976->0(974)
[245.399s][info][gc,heap        ] GC(50) Survivor regions: 106->103(136)
[245.399s][info][gc,heap        ] GC(50) Old regions: 643->673
[245.399s][info][gc,heap        ] GC(50) Humongous regions: 77->77
[245.399s][info][gc,metaspace   ] GC(50) Metaspace: 28720K(28992K)->28720K(28992K) NonClass: 23838K(23936K)->23838K(23936K) Class: 4882K(5056K)->4882K(5056K)
[245.400s][info][gc             ] GC(50) Pause Young (Normal) (G1 Evacuation Pause) 3601M->1703M(4096M) 111.830ms
[245.400s][info][gc,cpu         ] GC(50) User=0.66s Sys=0.00s Real=0.11s
.[246.967s][info][gc,start       ] GC(51) Pause Young (Normal) (G1 Evacuation Pause)
[246.967s][info][gc,task        ] GC(51) Using 6 workers of 6 for evacuation
[247.079s][info][gc,phases      ] GC(51)   Pre Evacuate Collection Set: 0.33ms
[247.079s][info][gc,phases      ] GC(51)   Merge Heap Roots: 0.47ms
[247.079s][info][gc,phases      ] GC(51)   Evacuate Collection Set: 110.47ms
[247.079s][info][gc,phases      ] GC(51)   Post Evacuate Collection Set: 0.79ms
[247.079s][info][gc,phases      ] GC(51)   Other: 0.10ms
[247.079s][info][gc,heap        ] GC(51) Eden regions: 974->0(960)
[247.079s][info][gc,heap        ] GC(51) Survivor regions: 103->101(135)
[247.079s][info][gc,heap        ] GC(51) Old regions: 673->706
[247.079s][info][gc,heap        ] GC(51) Humongous regions: 77->77
[247.079s][info][gc,metaspace   ] GC(51) Metaspace: 28733K(29056K)->28733K(29056K) NonClass: 23850K(24000K)->23850K(24000K) Class: 4882K(5056K)->4882K(5056K)
[247.079s][info][gc             ] GC(51) Pause Young (Normal) (G1 Evacuation Pause) 3651M->1763M(4096M) 112.280ms
[247.079s][info][gc,cpu         ] GC(51) User=0.67s Sys=0.00s Real=0.11s
. (rIR:aIR:PR = 9640:9440:9451) (tPR = 143778) [OK] 
   247s:       trying IR =  11548 .[248.471s][info][gc,start       ] GC(52) Pause Young (Normal) (G1 Evacuation Pause)
[248.471s][info][gc,task        ] GC(52) Using 6 workers of 6 for evacuation
[248.583s][info][gc,phases      ] GC(52)   Pre Evacuate Collection Set: 0.34ms
[248.583s][info][gc,phases      ] GC(52)   Merge Heap Roots: 0.43ms
[248.583s][info][gc,phases      ] GC(52)   Evacuate Collection Set: 110.31ms
[248.583s][info][gc,phases      ] GC(52)   Post Evacuate Collection Set: 0.83ms
[248.583s][info][gc,phases      ] GC(52)   Other: 0.08ms
[248.583s][info][gc,heap        ] GC(52) Eden regions: 960->0(923)
[248.583s][info][gc,heap        ] GC(52) Survivor regions: 101->104(133)
[248.583s][info][gc,heap        ] GC(52) Old regions: 706->737
[248.583s][info][gc,heap        ] GC(52) Humongous regions: 77->77
[248.583s][info][gc,metaspace   ] GC(52) Metaspace: 28733K(29056K)->28733K(29056K) NonClass: 23850K(24000K)->23850K(24000K) Class: 4882K(5056K)->4882K(5056K)
[248.583s][info][gc             ] GC(52) Pause Young (Normal) (G1 Evacuation Pause) 3683M->1833M(4096M) 112.136ms
[248.583s][info][gc,cpu         ] GC(52) User=0.66s Sys=0.00s Real=0.11s
.[249.767s][info][gc,start       ] GC(53) Pause Young (Normal) (G1 Evacuation Pause)
[249.767s][info][gc,task        ] GC(53) Using 6 workers of 6 for evacuation
[249.929s][info][gc,phases      ] GC(53)   Pre Evacuate Collection Set: 0.36ms
[249.929s][info][gc,phases      ] GC(53)   Merge Heap Roots: 0.42ms
[249.929s][info][gc,phases      ] GC(53)   Evacuate Collection Set: 159.84ms
[249.929s][info][gc,phases      ] GC(53)   Post Evacuate Collection Set: 0.85ms
[249.929s][info][gc,phases      ] GC(53)   Other: 0.08ms
[249.929s][info][gc,heap        ] GC(53) Eden regions: 923->0(889)
[249.929s][info][gc,heap        ] GC(53) Survivor regions: 104->105(129)
[249.929s][info][gc,heap        ] GC(53) Old regions: 737->769
[249.929s][info][gc,heap        ] GC(53) Humongous regions: 77->77
[249.929s][info][gc,metaspace   ] GC(53) Metaspace: 28734K(29056K)->28734K(29056K) NonClass: 23851K(24000K)->23851K(24000K) Class: 4882K(5056K)->4882K(5056K)
[249.929s][info][gc             ] GC(53) Pause Young (Normal) (G1 Evacuation Pause) 3679M->1898M(4096M) 161.683ms
[249.929s][info][gc,cpu         ] GC(53) User=0.69s Sys=0.00s Real=0.16s
.[251.126s][info][gc,start       ] GC(54) Pause Young (Normal) (G1 Evacuation Pause)
[251.126s][info][gc,task        ] GC(54) Using 6 workers of 6 for evacuation
[251.231s][info][gc,phases      ] GC(54)   Pre Evacuate Collection Set: 0.38ms
[251.231s][info][gc,phases      ] GC(54)   Merge Heap Roots: 0.42ms
[251.231s][info][gc,phases      ] GC(54)   Evacuate Collection Set: 103.18ms
[251.231s][info][gc,phases      ] GC(54)   Post Evacuate Collection Set: 0.77ms
[251.231s][info][gc,phases      ] GC(54)   Other: 0.07ms
[251.231s][info][gc,heap        ] GC(54) Eden regions: 889->0(908)
[251.231s][info][gc,heap        ] GC(54) Survivor regions: 105->56(125)
[251.231s][info][gc,heap        ] GC(54) Old regions: 769->841
[251.231s][info][gc,heap        ] GC(54) Humongous regions: 77->77
[251.231s][info][gc,metaspace   ] GC(54) Metaspace: 28739K(29056K)->28739K(29056K) NonClass: 23857K(24000K)->23857K(24000K) Class: 4882K(5056K)->4882K(5056K)
[251.231s][info][gc             ] GC(54) Pause Young (Normal) (G1 Evacuation Pause) 3676M->1944M(4096M) 104.949ms
[251.231s][info][gc,cpu         ] GC(54) User=0.62s Sys=0.00s Real=0.10s
.[252.465s][info][gc,start       ] GC(55) Pause Young (Normal) (G1 Evacuation Pause)
[252.465s][info][gc,task        ] GC(55) Using 6 workers of 6 for evacuation
[252.551s][info][gc,phases      ] GC(55)   Pre Evacuate Collection Set: 0.35ms
[252.551s][info][gc,phases      ] GC(55)   Merge Heap Roots: 0.39ms
[252.551s][info][gc,phases      ] GC(55)   Evacuate Collection Set: 83.95ms
[252.551s][info][gc,phases      ] GC(55)   Post Evacuate Collection Set: 0.76ms
[252.551s][info][gc,phases      ] GC(55)   Other: 0.08ms
[252.551s][info][gc,heap        ] GC(55) Eden regions: 908->0(835)
[252.551s][info][gc,heap        ] GC(55) Survivor regions: 56->96(121)
[252.551s][info][gc,heap        ] GC(55) Old regions: 841->841
[252.551s][info][gc,heap        ] GC(55) Humongous regions: 77->77
[252.551s][info][gc,metaspace   ] GC(55) Metaspace: 28739K(29056K)->28739K(29056K) NonClass: 23857K(24000K)->23857K(24000K) Class: 4882K(5056K)->4882K(5056K)
[252.551s][info][gc             ] GC(55) Pause Young (Normal) (G1 Evacuation Pause) 3760M->2024M(4096M) 85.677ms
[252.551s][info][gc,cpu         ] GC(55) User=0.51s Sys=0.00s Real=0.08s
. (rIR:aIR:PR = 11548:11430:11447) (tPR = 177917) [OK] 
   252s:       trying IR =  13837 [253.610s][info][gc,start       ] GC(56) Pause Young (Normal) (G1 Evacuation Pause)
[253.610s][info][gc,task        ] GC(56) Using 6 workers of 6 for evacuation
[253.717s][info][gc,phases      ] GC(56)   Pre Evacuate Collection Set: 0.37ms
[253.717s][info][gc,phases      ] GC(56)   Merge Heap Roots: 0.47ms
[253.717s][info][gc,phases      ] GC(56)   Evacuate Collection Set: 104.83ms
[253.717s][info][gc,phases      ] GC(56)   Post Evacuate Collection Set: 0.80ms
[253.717s][info][gc,phases      ] GC(56)   Other: 0.82ms
[253.717s][info][gc,heap        ] GC(56) Eden regions: 835->0(799)
[253.717s][info][gc,heap        ] GC(56) Survivor regions: 96->99(117)
[253.717s][info][gc,heap        ] GC(56) Old regions: 841->871
[253.717s][info][gc,heap        ] GC(56) Humongous regions: 77->77
[253.717s][info][gc,metaspace   ] GC(56) Metaspace: 28739K(29056K)->28739K(29056K) NonClass: 23857K(24000K)->23857K(24000K) Class: 4882K(5056K)->4882K(5056K)
[253.717s][info][gc             ] GC(56) Pause Young (Normal) (G1 Evacuation Pause) 3694M->2090M(4096M) 107.407ms
[253.717s][info][gc,cpu         ] GC(56) User=0.63s Sys=0.01s Real=0.11s
.[254.751s][info][gc,start       ] GC(57) Pause Young (Concurrent Start) (G1 Evacuation Pause)
[254.751s][info][gc,task        ] GC(57) Using 6 workers of 6 for evacuation
[254.909s][info][gc,phases      ] GC(57)   Pre Evacuate Collection Set: 0.37ms
[254.909s][info][gc,phases      ] GC(57)   Merge Heap Roots: 0.45ms
[254.909s][info][gc,phases      ] GC(57)   Evacuate Collection Set: 156.85ms
[254.909s][info][gc,phases      ] GC(57)   Post Evacuate Collection Set: 0.72ms
[254.909s][info][gc,phases      ] GC(57)   Other: 0.09ms
[254.909s][info][gc,heap        ] GC(57) Eden regions: 799->0(804)
[254.910s][info][gc,heap        ] GC(57) Survivor regions: 99->61(113)
[254.910s][info][gc,heap        ] GC(57) Old regions: 871->942
[254.910s][info][gc,heap        ] GC(57) Humongous regions: 77->77
[254.910s][info][gc,metaspace   ] GC(57) Metaspace: 28739K(29056K)->28739K(29056K) NonClass: 23857K(24000K)->23857K(24000K) Class: 4882K(5056K)->4882K(5056K)
[254.910s][info][gc             ] GC(57) Pause Young (Concurrent Start) (G1 Evacuation Pause) 3688M->2155M(4096M) 158.615ms
[254.910s][info][gc             ] GC(58) Concurrent Mark Cycle
[254.910s][info][gc,cpu         ] GC(57) User=0.67s Sys=0.00s Real=0.16s
[254.910s][info][gc,marking     ] GC(58) Concurrent Scan Root Regions
[255.081s][info][gc,marking     ] GC(58) Concurrent Scan Root Regions 171.425ms
[255.081s][info][gc,marking     ] GC(58) Concurrent Mark
[255.081s][info][gc,marking     ] GC(58) Concurrent Mark From Roots
[255.081s][info][gc,task        ] GC(58) Using 2 workers of 2 for marking
.[256.454s][info][gc,marking     ] GC(58) Concurrent Mark From Roots 1372.881ms
[256.454s][info][gc,marking     ] GC(58) Concurrent Preclean
[256.454s][info][gc,marking     ] GC(58) Concurrent Preclean 0.238ms
[256.454s][info][gc,start       ] GC(58) Pause Remark
[256.461s][info][gc             ] GC(58) Pause Remark 3612M->3586M(4096M) 6.196ms
[256.461s][info][gc,cpu         ] GC(58) User=0.03s Sys=0.00s Real=0.01s
[256.461s][info][gc,marking     ] GC(58) Concurrent Mark 1379.637ms
[256.461s][info][gc,marking     ] GC(58) Concurrent Rebuild Remembered Sets and Scrub Regions
[256.560s][info][gc,start       ] GC(59) Pause Young (Normal) (G1 Evacuation Pause)
[256.560s][info][gc,task        ] GC(59) Using 6 workers of 6 for evacuation
[256.639s][info][gc,phases      ] GC(59)   Pre Evacuate Collection Set: 0.31ms
[256.639s][info][gc,phases      ] GC(59)   Merge Heap Roots: 0.38ms
[256.639s][info][gc,phases      ] GC(59)   Evacuate Collection Set: 76.48ms
[256.639s][info][gc,phases      ] GC(59)   Post Evacuate Collection Set: 0.80ms
[256.639s][info][gc,phases      ] GC(59)   Other: 0.09ms
[256.639s][info][gc,heap        ] GC(59) Eden regions: 804->0(797)
[256.639s][info][gc,heap        ] GC(59) Survivor regions: 61->51(109)
[256.639s][info][gc,heap        ] GC(59) Old regions: 929->969
[256.639s][info][gc,heap        ] GC(59) Humongous regions: 77->77
[256.639s][info][gc,metaspace   ] GC(59) Metaspace: 28739K(29056K)->28739K(29056K) NonClass: 23857K(24000K)->23857K(24000K) Class: 4882K(5056K)->4882K(5056K)
[256.639s][info][gc             ] GC(59) Pause Young (Normal) (G1 Evacuation Pause) 3737M->2190M(4096M) 78.181ms
[256.639s][info][gc,cpu         ] GC(59) User=0.46s Sys=0.00s Real=0.08s
.[257.321s][info][gc,marking     ] GC(58) Concurrent Rebuild Remembered Sets and Scrub Regions 860.260ms
[257.324s][info][gc,start       ] GC(58) Pause Cleanup
[257.324s][info][gc             ] GC(58) Pause Cleanup 3150M->3150M(4096M) 0.357ms
[257.324s][info][gc,cpu         ] GC(58) User=0.00s Sys=0.00s Real=0.00s
[257.324s][info][gc,marking     ] GC(58) Concurrent Clear Claimed Marks
[257.324s][info][gc,marking     ] GC(58) Concurrent Clear Claimed Marks 0.041ms
[257.324s][info][gc,marking     ] GC(58) Concurrent Cleanup for Next Mark
[257.330s][info][gc,marking     ] GC(58) Concurrent Cleanup for Next Mark 5.382ms
[257.330s][info][gc             ] GC(58) Concurrent Mark Cycle 2420.072ms
[257.719s][info][gc,start       ] GC(60) Pause Young (Prepare Mixed) (G1 Evacuation Pause)
[257.719s][info][gc,task        ] GC(60) Using 6 workers of 6 for evacuation
[257.853s][info][gc,phases      ] GC(60)   Pre Evacuate Collection Set: 0.33ms
[257.853s][info][gc,phases      ] GC(60)   Merge Heap Roots: 0.49ms
[257.853s][info][gc,phases      ] GC(60)   Evacuate Collection Set: 131.47ms
[257.853s][info][gc,phases      ] GC(60)   Post Evacuate Collection Set: 0.91ms
[257.853s][info][gc,phases      ] GC(60)   Other: 0.10ms
[257.853s][info][gc,heap        ] GC(60) Eden regions: 797->0(707)
[257.853s][info][gc,heap        ] GC(60) Survivor regions: 51->96(106)
[257.853s][info][gc,heap        ] GC(60) Old regions: 969->969
[257.853s][info][gc,heap        ] GC(60) Humongous regions: 77->77
[257.853s][info][gc,metaspace   ] GC(60) Metaspace: 28742K(29056K)->28742K(29056K) NonClass: 23859K(24000K)->23859K(24000K) Class: 4882K(5056K)->4882K(5056K)
[257.853s][info][gc             ] GC(60) Pause Young (Prepare Mixed) (G1 Evacuation Pause) 3784M->2281M(4096M) 133.453ms
[257.853s][info][gc,cpu         ] GC(60) User=0.52s Sys=0.00s Real=0.13s
.[258.728s][info][gc,start       ] GC(61) Pause Young (Mixed) (G1 Evacuation Pause)
[258.728s][info][gc,task        ] GC(61) Using 6 workers of 6 for evacuation
[258.873s][info][gc,phases      ] GC(61)   Pre Evacuate Collection Set: 0.41ms
[258.873s][info][gc,phases      ] GC(61)   Merge Heap Roots: 0.57ms
[258.873s][info][gc,phases      ] GC(61)   Evacuate Collection Set: 142.40ms
[258.873s][info][gc,phases      ] GC(61)   Post Evacuate Collection Set: 0.96ms
[258.873s][info][gc,phases      ] GC(61)   Other: 0.84ms
[258.873s][info][gc,heap        ] GC(61) Eden regions: 707->0(926)
[258.873s][info][gc,heap        ] GC(61) Survivor regions: 96->46(101)
[258.873s][info][gc,heap        ] GC(61) Old regions: 969->834
[258.873s][info][gc,heap        ] GC(61) Humongous regions: 77->77
[258.874s][info][gc,metaspace   ] GC(61) Metaspace: 28742K(29056K)->28742K(29056K) NonClass: 23859K(24000K)->23859K(24000K) Class: 4882K(5056K)->4882K(5056K)
[258.874s][info][gc             ] GC(61) Pause Young (Mixed) (G1 Evacuation Pause) 3695M->1911M(4096M) 145.303ms
[258.874s][info][gc,cpu         ] GC(61) User=0.59s Sys=0.00s Real=0.14s
.[260.110s][info][gc,start       ] GC(62) Pause Young (Mixed) (G1 Evacuation Pause)
[260.110s][info][gc,task        ] GC(62) Using 6 workers of 6 for evacuation
[260.212s][info][gc,phases      ] GC(62)   Pre Evacuate Collection Set: 0.41ms
[260.212s][info][gc,phases      ] GC(62)   Merge Heap Roots: 0.66ms
[260.212s][info][gc,phases      ] GC(62)   Evacuate Collection Set: 99.05ms
[260.212s][info][gc,phases      ] GC(62)   Post Evacuate Collection Set: 1.06ms
[260.212s][info][gc,phases      ] GC(62)   Other: 0.10ms
[260.212s][info][gc,heap        ] GC(62) Eden regions: 926->0(1032)
[260.212s][info][gc,heap        ] GC(62) Survivor regions: 46->96(122)
[260.212s][info][gc,heap        ] GC(62) Old regions: 834->644
[260.212s][info][gc,heap        ] GC(62) Humongous regions: 77->77
[260.212s][info][gc,metaspace   ] GC(62) Metaspace: 28747K(29056K)->28747K(29056K) NonClass: 23864K(24000K)->23864K(24000K) Class: 4882K(5056K)->4882K(5056K)
[260.212s][info][gc             ] GC(62) Pause Young (Mixed) (G1 Evacuation Pause) 3763M->1630M(4096M) 101.417ms
[260.212s][info][gc,cpu         ] GC(62) User=0.61s Sys=0.00s Real=0.10s
..[261.601s][info][gc,start       ] GC(63) Pause Young (Mixed) (G1 Evacuation Pause)
[261.601s][info][gc,task        ] GC(63) Using 6 workers of 6 for evacuation
[261.724s][info][gc,phases      ] GC(63)   Pre Evacuate Collection Set: 0.37ms
[261.724s][info][gc,phases      ] GC(63)   Merge Heap Roots: 0.76ms
[261.724s][info][gc,phases      ] GC(63)   Evacuate Collection Set: 120.74ms
[261.724s][info][gc,phases      ] GC(63)   Post Evacuate Collection Set: 1.09ms
[261.724s][info][gc,phases      ] GC(63)   Other: 0.13ms
[261.724s][info][gc,heap        ] GC(63) Eden regions: 1032->0(997)
[261.724s][info][gc,heap        ] GC(63) Survivor regions: 96->103(141)
[261.724s][info][gc,heap        ] GC(63) Old regions: 644->612
[261.724s][info][gc,heap        ] GC(63) Humongous regions: 77->77
[261.724s][info][gc,metaspace   ] GC(63) Metaspace: 28750K(29056K)->28750K(29056K) NonClass: 23868K(24000K)->23868K(24000K) Class: 4882K(5056K)->4882K(5056K)
[261.724s][info][gc             ] GC(63) Pause Young (Mixed) (G1 Evacuation Pause) 3694M->1580M(4096M) 123.208ms
[261.724s][info][gc,cpu         ] GC(63) User=0.73s Sys=0.00s Real=0.12s
.[263.074s][info][gc,start       ] GC(64) Pause Young (Mixed) (G1 Evacuation Pause)
[263.074s][info][gc,task        ] GC(64) Using 6 workers of 6 for evacuation
[263.225s][info][gc,phases      ] GC(64)   Pre Evacuate Collection Set: 0.37ms
[263.225s][info][gc,phases      ] GC(64)   Merge Heap Roots: 1.16ms
[263.225s][info][gc,phases      ] GC(64)   Evacuate Collection Set: 148.49ms
[263.225s][info][gc,phases      ] GC(64)   Post Evacuate Collection Set: 0.86ms
[263.225s][info][gc,phases      ] GC(64)   Other: 0.09ms
[263.225s][info][gc,heap        ] GC(64) Eden regions: 998->0(1000)
[263.225s][info][gc,heap        ] GC(64) Survivor regions: 103->115(138)
[263.225s][info][gc,heap        ] GC(64) Old regions: 612->602
[263.225s][info][gc,heap        ] GC(64) Humongous regions: 77->77
[263.225s][info][gc,metaspace   ] GC(64) Metaspace: 28751K(29056K)->28751K(29056K) NonClass: 23868K(24000K)->23868K(24000K) Class: 4882K(5056K)->4882K(5056K)
[263.225s][info][gc             ] GC(64) Pause Young (Mixed) (G1 Evacuation Pause) 3576M->1584M(4096M) 151.102ms
[263.225s][info][gc,cpu         ] GC(64) User=0.90s Sys=0.00s Real=0.16s
.[264.448s][info][gc,start       ] GC(65) Pause Young (Normal) (G1 Evacuation Pause)
[264.448s][info][gc,task        ] GC(65) Using 6 workers of 6 for evacuation
[264.570s][info][gc,phases      ] GC(65)   Pre Evacuate Collection Set: 0.32ms
[264.570s][info][gc,phases      ] GC(65)   Merge Heap Roots: 0.46ms
[264.570s][info][gc,phases      ] GC(65)   Evacuate Collection Set: 120.69ms
[264.570s][info][gc,phases      ] GC(65)   Post Evacuate Collection Set: 0.84ms
[264.570s][info][gc,phases      ] GC(65)   Other: 0.08ms
[264.570s][info][gc,heap        ] GC(65) Eden regions: 1002->0(1004)
[264.570s][info][gc,heap        ] GC(65) Survivor regions: 115->115(140)
[264.570s][info][gc,heap        ] GC(65) Old regions: 602->634
[264.570s][info][gc,heap        ] GC(65) Humongous regions: 77->77
[264.570s][info][gc,metaspace   ] GC(65) Metaspace: 28751K(29056K)->28751K(29056K) NonClass: 23868K(24000K)->23868K(24000K) Class: 4882K(5056K)->4882K(5056K)
[264.570s][info][gc             ] GC(65) Pause Young (Normal) (G1 Evacuation Pause) 3588M->1648M(4096M) 122.512ms
[264.570s][info][gc,cpu         ] GC(65) User=0.73s Sys=0.00s Real=0.12s
.[265.881s][info][gc,start       ] GC(66) Pause Young (Normal) (G1 Evacuation Pause)
[265.881s][info][gc,task        ] GC(66) Using 6 workers of 6 for evacuation
[266.003s][info][gc,phases      ] GC(66)   Pre Evacuate Collection Set: 0.30ms
[266.003s][info][gc,phases      ] GC(66)   Merge Heap Roots: 0.44ms
[266.003s][info][gc,phases      ] GC(66)   Evacuate Collection Set: 120.70ms
[266.003s][info][gc,phases      ] GC(66)   Post Evacuate Collection Set: 0.82ms
[266.003s][info][gc,phases      ] GC(66)   Other: 0.07ms
[266.003s][info][gc,heap        ] GC(66) Eden regions: 1004->0(1000)
[266.003s][info][gc,heap        ] GC(66) Survivor regions: 115->72(140)
[266.003s][info][gc,heap        ] GC(66) Old regions: 634->708
[266.003s][info][gc,heap        ] GC(66) Humongous regions: 77->77
[266.003s][info][gc,metaspace   ] GC(66) Metaspace: 28751K(29056K)->28751K(29056K) NonClass: 23868K(24000K)->23868K(24000K) Class: 4882K(5056K)->4882K(5056K)
[266.003s][info][gc             ] GC(66) Pause Young (Normal) (G1 Evacuation Pause) 3656M->1711M(4096M) 122.471ms
[266.003s][info][gc,cpu         ] GC(66) User=0.73s Sys=0.00s Real=0.12s
.[267.267s][info][gc,start       ] GC(67) Pause Young (Normal) (G1 Evacuation Pause)
[267.267s][info][gc,task        ] GC(67) Using 6 workers of 6 for evacuation
[267.368s][info][gc,phases      ] GC(67)   Pre Evacuate Collection Set: 0.31ms
[267.369s][info][gc,phases      ] GC(67)   Merge Heap Roots: 0.45ms
[267.369s][info][gc,phases      ] GC(67)   Evacuate Collection Set: 100.34ms
[267.369s][info][gc,phases      ] GC(67)   Post Evacuate Collection Set: 0.75ms
[267.369s][info][gc,phases      ] GC(67)   Other: 0.07ms
[267.369s][info][gc,heap        ] GC(67) Eden regions: 1000->0(963)
[267.369s][info][gc,heap        ] GC(67) Survivor regions: 72->74(134)
[267.369s][info][gc,heap        ] GC(67) Old regions: 708->753
[267.369s][info][gc,heap        ] GC(67) Humongous regions: 77->77
[267.369s][info][gc,metaspace   ] GC(67) Metaspace: 28751K(29056K)->28751K(29056K) NonClass: 23868K(24000K)->23868K(24000K) Class: 4882K(5056K)->4882K(5056K)
[267.369s][info][gc             ] GC(67) Pause Young (Normal) (G1 Evacuation Pause) 3711M->1803M(4096M) 102.079ms
[267.369s][info][gc,cpu         ] GC(67) User=0.61s Sys=0.00s Real=0.10s
.[268.689s][info][gc,start       ] GC(68) Pause Young (Normal) (G1 Evacuation Pause)
[268.689s][info][gc,task        ] GC(68) Using 6 workers of 6 for evacuation
[268.832s][info][gc,phases      ] GC(68)   Pre Evacuate Collection Set: 0.34ms
[268.832s][info][gc,phases      ] GC(68)   Merge Heap Roots: 0.41ms
[268.832s][info][gc,phases      ] GC(68)   Evacuate Collection Set: 141.28ms
[268.832s][info][gc,phases      ] GC(68)   Post Evacuate Collection Set: 0.84ms
[268.832s][info][gc,phases      ] GC(68)   Other: 0.07ms
[268.832s][info][gc,heap        ] GC(68) Eden regions: 963->0(933)
[268.832s][info][gc,heap        ] GC(68) Survivor regions: 74->65(130)
[268.832s][info][gc,heap        ] GC(68) Old regions: 753->799
[268.832s][info][gc,heap        ] GC(68) Humongous regions: 77->77
[268.832s][info][gc,metaspace   ] GC(68) Metaspace: 28751K(29056K)->28751K(29056K) NonClass: 23868K(24000K)->23868K(24000K) Class: 4882K(5056K)->4882K(5056K)
[268.832s][info][gc             ] GC(68) Pause Young (Normal) (G1 Evacuation Pause) 3729M->1878M(4096M) 143.065ms
[268.832s][info][gc,cpu         ] GC(68) User=0.58s Sys=0.00s Real=0.14s
.[270.060s][info][gc,start       ] GC(69) Pause Young (Normal) (G1 Evacuation Pause)
[270.060s][info][gc,task        ] GC(69) Using 6 workers of 6 for evacuation
[270.151s][info][gc,phases      ] GC(69)   Pre Evacuate Collection Set: 0.35ms
[270.151s][info][gc,phases      ] GC(69)   Merge Heap Roots: 0.41ms
[270.151s][info][gc,phases      ] GC(69)   Evacuate Collection Set: 89.00ms
[270.151s][info][gc,phases      ] GC(69)   Post Evacuate Collection Set: 0.75ms
[270.151s][info][gc,phases      ] GC(69)   Other: 0.08ms
[270.151s][info][gc,heap        ] GC(69) Eden regions: 933->0(900)
[270.151s][info][gc,heap        ] GC(69) Survivor regions: 65->64(125)
[270.151s][info][gc,heap        ] GC(69) Old regions: 799->840
[270.151s][info][gc,heap        ] GC(69) Humongous regions: 77->77
[270.151s][info][gc,metaspace   ] GC(69) Metaspace: 28755K(29120K)->28755K(29120K) NonClass: 23872K(24064K)->23872K(24064K) Class: 4882K(5056K)->4882K(5056K)
[270.151s][info][gc             ] GC(69) Pause Young (Normal) (G1 Evacuation Pause) 3744M->1958M(4096M) 90.708ms
[270.151s][info][gc,cpu         ] GC(69) User=0.54s Sys=0.00s Real=0.09s
.[271.314s][info][gc,start       ] GC(70) Pause Young (Normal) (G1 Evacuation Pause)
[271.314s][info][gc,task        ] GC(70) Using 6 workers of 6 for evacuation
[271.407s][info][gc,phases      ] GC(70)   Pre Evacuate Collection Set: 0.30ms
[271.407s][info][gc,phases      ] GC(70)   Merge Heap Roots: 0.41ms
[271.407s][info][gc,phases      ] GC(70)   Evacuate Collection Set: 91.60ms
[271.407s][info][gc,phases      ] GC(70)   Post Evacuate Collection Set: 0.79ms
[271.407s][info][gc,phases      ] GC(70)   Other: 0.08ms
[271.407s][info][gc,heap        ] GC(70) Eden regions: 900->0(855)
[271.407s][info][gc,heap        ] GC(70) Survivor regions: 64->65(121)
[271.407s][info][gc,heap        ] GC(70) Old regions: 840->883
[271.407s][info][gc,heap        ] GC(70) Humongous regions: 77->77
[271.407s][info][gc,metaspace   ] GC(70) Metaspace: 28755K(29120K)->28755K(29120K) NonClass: 23872K(24064K)->23872K(24064K) Class: 4882K(5056K)->4882K(5056K)
[271.407s][info][gc             ] GC(70) Pause Young (Normal) (G1 Evacuation Pause) 3758M->2045M(4096M) 93.305ms
[271.407s][info][gc,cpu         ] GC(70) User=0.56s Sys=0.00s Real=0.10s
.[272.517s][info][gc,start       ] GC(71) Pause Young (Concurrent Start) (G1 Evacuation Pause)
[272.517s][info][gc,task        ] GC(71) Using 6 workers of 6 for evacuation
[272.605s][info][gc,phases      ] GC(71)   Pre Evacuate Collection Set: 0.37ms
[272.605s][info][gc,phases      ] GC(71)   Merge Heap Roots: 0.41ms
[272.605s][info][gc,phases      ] GC(71)   Evacuate Collection Set: 86.11ms
[272.605s][info][gc,phases      ] GC(71)   Post Evacuate Collection Set: 0.70ms
[272.605s][info][gc,phases      ] GC(71)   Other: 0.11ms
[272.605s][info][gc,heap        ] GC(71) Eden regions: 855->0(823)
[272.605s][info][gc,heap        ] GC(71) Survivor regions: 65->59(115)
[272.605s][info][gc,heap        ] GC(71) Old regions: 883->927
[272.605s][info][gc,heap        ] GC(71) Humongous regions: 77->77
[272.605s][info][gc,metaspace   ] GC(71) Metaspace: 28755K(29120K)->28755K(29120K) NonClass: 23872K(24064K)->23872K(24064K) Class: 4882K(5056K)->4882K(5056K)
[272.605s][info][gc             ] GC(71) Pause Young (Concurrent Start) (G1 Evacuation Pause) 3755M->2122M(4096M) 87.853ms
[272.605s][info][gc             ] GC(72) Concurrent Mark Cycle
[272.605s][info][gc,marking     ] GC(72) Concurrent Scan Root Regions
[272.605s][info][gc,cpu         ] GC(71) User=0.52s Sys=0.00s Real=0.09s
[272.708s][info][gc,marking     ] GC(72) Concurrent Scan Root Regions 103.330ms
[272.708s][info][gc,marking     ] GC(72) Concurrent Mark
[272.708s][info][gc,marking     ] GC(72) Concurrent Mark From Roots
[272.708s][info][gc,task        ] GC(72) Using 2 workers of 2 for marking
.[274.094s][info][gc,marking     ] GC(72) Concurrent Mark From Roots 1385.438ms
[274.094s][info][gc,marking     ] GC(72) Concurrent Preclean
[274.094s][info][gc,marking     ] GC(72) Concurrent Preclean 0.069ms
[274.097s][info][gc,start       ] GC(72) Pause Remark
[274.100s][info][gc             ] GC(72) Pause Remark 3666M->3652M(4096M) 3.233ms
[274.100s][info][gc,cpu         ] GC(72) User=0.01s Sys=0.00s Real=0.00s
[274.101s][info][gc,marking     ] GC(72) Concurrent Mark 1392.876ms
[274.101s][info][gc,marking     ] GC(72) Concurrent Rebuild Remembered Sets and Scrub Regions
[274.206s][info][gc,start       ] GC(73) Pause Young (Normal) (G1 Evacuation Pause)
[274.206s][info][gc,task        ] GC(73) Using 6 workers of 6 for evacuation
[274.300s][info][gc,phases      ] GC(73)   Pre Evacuate Collection Set: 0.32ms
[274.300s][info][gc,phases      ] GC(73)   Merge Heap Roots: 0.46ms
[274.300s][info][gc,phases      ] GC(73)   Evacuate Collection Set: 91.52ms
[274.300s][info][gc,phases      ] GC(73)   Post Evacuate Collection Set: 0.82ms
[274.300s][info][gc,phases      ] GC(73)   Other: 0.83ms
[274.300s][info][gc,heap        ] GC(73) Eden regions: 823->0(778)
[274.300s][info][gc,heap        ] GC(73) Survivor regions: 59->64(111)
[274.300s][info][gc,heap        ] GC(73) Old regions: 920->962
[274.300s][info][gc,heap        ] GC(73) Humongous regions: 77->77
[274.300s][info][gc,metaspace   ] GC(73) Metaspace: 28757K(29120K)->28757K(29120K) NonClass: 23874K(24064K)->23874K(24064K) Class: 4882K(5056K)->4882K(5056K)
[274.300s][info][gc             ] GC(73) Pause Young (Normal) (G1 Evacuation Pause) 3754M->2202M(4096M) 94.073ms
[274.300s][info][gc,cpu         ] GC(73) User=0.56s Sys=0.00s Real=0.09s
.[274.554s][info][gc,marking     ] GC(72) Concurrent Rebuild Remembered Sets and Scrub Regions 452.774ms
[274.555s][info][gc,start       ] GC(72) Pause Cleanup
[274.555s][info][gc             ] GC(72) Pause Cleanup 2491M->2491M(4096M) 0.303ms
[274.555s][info][gc,cpu         ] GC(72) User=0.00s Sys=0.00s Real=0.00s
[274.558s][info][gc,marking     ] GC(72) Concurrent Clear Claimed Marks
[274.558s][info][gc,marking     ] GC(72) Concurrent Clear Claimed Marks 0.064ms
[274.558s][info][gc,marking     ] GC(72) Concurrent Cleanup for Next Mark
[274.562s][info][gc,marking     ] GC(72) Concurrent Cleanup for Next Mark 4.335ms
[274.562s][info][gc             ] GC(72) Concurrent Mark Cycle 1957.427ms
[275.337s][info][gc,start       ] GC(74) Pause Young (Prepare Mixed) (G1 Evacuation Pause)
[275.337s][info][gc,task        ] GC(74) Using 6 workers of 6 for evacuation
[275.427s][info][gc,phases      ] GC(74)   Pre Evacuate Collection Set: 0.29ms
[275.427s][info][gc,phases      ] GC(74)   Merge Heap Roots: 0.47ms
[275.427s][info][gc,phases      ] GC(74)   Evacuate Collection Set: 88.52ms
[275.427s][info][gc,phases      ] GC(74)   Post Evacuate Collection Set: 0.91ms
[275.427s][info][gc,phases      ] GC(74)   Other: 0.09ms
[275.427s][info][gc,heap        ] GC(74) Eden regions: 778->0(742)
[275.427s][info][gc,heap        ] GC(74) Survivor regions: 64->61(106)
[275.427s][info][gc,heap        ] GC(74) Old regions: 962->1004
[275.427s][info][gc,heap        ] GC(74) Humongous regions: 77->77
[275.427s][info][gc,metaspace   ] GC(74) Metaspace: 28758K(29120K)->28758K(29120K) NonClass: 23875K(24064K)->23875K(24064K) Class: 4882K(5056K)->4882K(5056K)
[275.427s][info][gc             ] GC(74) Pause Young (Prepare Mixed) (G1 Evacuation Pause) 3758M->2280M(4096M) 90.407ms
[275.427s][info][gc,cpu         ] GC(74) User=0.54s Sys=0.00s Real=0.09s
.[276.392s][info][gc,start       ] GC(75) Pause Young (Mixed) (G1 Evacuation Pause)
[276.392s][info][gc,task        ] GC(75) Using 6 workers of 6 for evacuation
[276.477s][info][gc,phases      ] GC(75)   Pre Evacuate Collection Set: 0.37ms
[276.477s][info][gc,phases      ] GC(75)   Merge Heap Roots: 0.54ms
[276.477s][info][gc,phases      ] GC(75)   Evacuate Collection Set: 83.14ms
[276.477s][info][gc,phases      ] GC(75)   Post Evacuate Collection Set: 1.00ms
[276.477s][info][gc,phases      ] GC(75)   Other: 0.11ms
[276.477s][info][gc,heap        ] GC(75) Eden regions: 742->0(909)
[276.477s][info][gc,heap        ] GC(75) Survivor regions: 61->54(101)
[276.477s][info][gc,heap        ] GC(75) Old regions: 1004->842
[276.477s][info][gc,heap        ] GC(75) Humongous regions: 77->77
[276.477s][info][gc,metaspace   ] GC(75) Metaspace: 28758K(29120K)->28758K(29120K) NonClass: 23875K(24064K)->23875K(24064K) Class: 4882K(5056K)->4882K(5056K)
[276.477s][info][gc             ] GC(75) Pause Young (Mixed) (G1 Evacuation Pause) 3764M->1941M(4096M) 85.296ms
[276.477s][info][gc,cpu         ] GC(75) User=0.51s Sys=0.00s Real=0.09s
.[277.747s][info][gc,start       ] GC(76) Pause Young (Mixed) (G1 Evacuation Pause)
[277.747s][info][gc,task        ] GC(76) Using 6 workers of 6 for evacuation
[277.899s][info][gc,phases      ] GC(76)   Pre Evacuate Collection Set: 0.40ms
[277.899s][info][gc,phases      ] GC(76)   Merge Heap Roots: 0.69ms
[277.899s][info][gc,phases      ] GC(76)   Evacuate Collection Set: 149.80ms
[277.899s][info][gc,phases      ] GC(76)   Post Evacuate Collection Set: 1.07ms
[277.899s][info][gc,phases      ] GC(76)   Other: 0.11ms
[277.899s][info][gc,heap        ] GC(76) Eden regions: 909->0(1021)
[277.899s][info][gc,heap        ] GC(76) Survivor regions: 54->97(121)
[277.899s][info][gc,heap        ] GC(76) Old regions: 842->653
[277.899s][info][gc,heap        ] GC(76) Humongous regions: 77->77
[277.899s][info][gc,metaspace   ] GC(76) Metaspace: 28758K(29120K)->28758K(29120K) NonClass: 23875K(24064K)->23875K(24064K) Class: 4882K(5056K)->4882K(5056K)
[277.899s][info][gc             ] GC(76) Pause Young (Mixed) (G1 Evacuation Pause) 3759M->1649M(4096M) 152.183ms
[277.899s][info][gc,cpu         ] GC(76) User=0.63s Sys=0.00s Real=0.15s
.[279.089s][info][gc,start       ] GC(77) Pause Young (Mixed) (G1 Evacuation Pause)
[279.089s][info][gc,task        ] GC(77) Using 6 workers of 6 for evacuation
[279.224s][info][gc,phases      ] GC(77)   Pre Evacuate Collection Set: 0.38ms
[279.224s][info][gc,phases      ] GC(77)   Merge Heap Roots: 0.74ms
[279.224s][info][gc,phases      ] GC(77)   Evacuate Collection Set: 128.41ms
[279.224s][info][gc,phases      ] GC(77)   Merge Optional Heap Roots: 0.08ms
[279.224s][info][gc,phases      ] GC(77)   Evacuate Optional Collection Set: 3.46ms
[279.224s][info][gc,phases      ] GC(77)   Post Evacuate Collection Set: 1.06ms
[279.224s][info][gc,phases      ] GC(77)   Other: 0.11ms
[279.224s][info][gc,heap        ] GC(77) Eden regions: 1021->0(1029)
[279.224s][info][gc,heap        ] GC(77) Survivor regions: 97->115(140)
[279.224s][info][gc,heap        ] GC(77) Old regions: 653->609
[279.224s][info][gc,heap        ] GC(77) Humongous regions: 77->77
[279.224s][info][gc,metaspace   ] GC(77) Metaspace: 28758K(29120K)->28758K(29120K) NonClass: 23875K(24064K)->23875K(24064K) Class: 4882K(5056K)->4882K(5056K)
[279.224s][info][gc             ] GC(77) Pause Young (Mixed) (G1 Evacuation Pause) 3691M->1597M(4096M) 134.430ms
[279.224s][info][gc,cpu         ] GC(77) User=0.80s Sys=0.00s Real=0.13s
.[280.442s][info][gc,start       ] GC(78) Pause Young (Mixed) (G1 Evacuation Pause)
[280.442s][info][gc,task        ] GC(78) Using 6 workers of 6 for evacuation
[280.589s][info][gc,phases      ] GC(78)   Pre Evacuate Collection Set: 0.35ms
[280.589s][info][gc,phases      ] GC(78)   Merge Heap Roots: 0.84ms
[280.589s][info][gc,phases      ] GC(78)   Evacuate Collection Set: 144.26ms
[280.589s][info][gc,phases      ] GC(78)   Post Evacuate Collection Set: 0.83ms
[280.589s][info][gc,phases      ] GC(78)   Other: 0.08ms
[280.589s][info][gc,heap        ] GC(78) Eden regions: 1029->0(1037)
[280.589s][info][gc,heap        ] GC(78) Survivor regions: 115->77(143)
[280.589s][info][gc,heap        ] GC(78) Old regions: 609->664
[280.589s][info][gc,heap        ] GC(78) Humongous regions: 77->77
[280.589s][info][gc,metaspace   ] GC(78) Metaspace: 28758K(29120K)->28758K(29120K) NonClass: 23875K(24064K)->23875K(24064K) Class: 4882K(5056K)->4882K(5056K)
[280.589s][info][gc             ] GC(78) Pause Young (Mixed) (G1 Evacuation Pause) 3655M->1633M(4096M) 146.498ms
[280.589s][info][gc,cpu         ] GC(78) User=0.87s Sys=0.00s Real=0.15s
.[282.125s][info][gc,start       ] GC(79) Pause Young (Concurrent Start) (G1 Evacuation Pause)
[282.125s][info][gc,task        ] GC(79) Using 6 workers of 6 for evacuation
[282.224s][info][gc,phases      ] GC(79)   Pre Evacuate Collection Set: 0.37ms
[282.224s][info][gc,phases      ] GC(79)   Merge Heap Roots: 0.44ms
[282.224s][info][gc,phases      ] GC(79)   Evacuate Collection Set: 97.49ms
[282.224s][info][gc,phases      ] GC(79)   Post Evacuate Collection Set: 0.82ms
[282.224s][info][gc,phases      ] GC(79)   Other: 0.10ms
[282.224s][info][gc,heap        ] GC(79) Eden regions: 1037->0(1005)
[282.224s][info][gc,heap        ] GC(79) Survivor regions: 77->63(140)
[282.224s][info][gc,heap        ] GC(79) Old regions: 664->720
[282.224s][info][gc,heap        ] GC(79) Humongous regions: 77->77
[282.224s][info][gc,metaspace   ] GC(79) Metaspace: 28759K(29120K)->28759K(29120K) NonClass: 23877K(24064K)->23877K(24064K) Class: 4882K(5056K)->4882K(5056K)
[282.224s][info][gc             ] GC(79) Pause Young (Concurrent Start) (G1 Evacuation Pause) 3707M->1717M(4096M) 99.351ms
[282.224s][info][gc             ] GC(80) Concurrent Mark Cycle
[282.224s][info][gc,marking     ] GC(80) Concurrent Scan Root Regions
[282.224s][info][gc,cpu         ] GC(79) User=0.59s Sys=0.00s Real=0.10s
[282.424s][info][gc,marking     ] GC(80) Concurrent Scan Root Regions 199.639ms
[282.424s][info][gc,marking     ] GC(80) Concurrent Mark
[282.424s][info][gc,marking     ] GC(80) Concurrent Mark From Roots
[282.424s][info][gc,task        ] GC(80) Using 2 workers of 2 for marking
.. (rIR:aIR:PR = 13837:12733:11618) (tPR = 168262) [IR is under limit] [PR is under limit] 
   283s: Re-initializing (term[284.111s][info][gc,start       ] GC(81) Pause Young (Normal) (G1 Evacuation Pause)
[284.111s][info][gc,task        ] GC(81) Using 6 workers of 6 for evacuation
[284.218s][info][gc,phases      ] GC(81)   Pre Evacuate Collection Set: 0.30ms
[284.218s][info][gc,phases      ] GC(81)   Merge Heap Roots: 0.47ms
[284.218s][info][gc,phases      ] GC(81)   Evacuate Collection Set: 104.87ms
[284.218s][info][gc,phases      ] GC(81)   Post Evacuate Collection Set: 0.82ms
[284.218s][info][gc,phases      ] GC(81)   Other: 0.08ms
[284.218s][info][gc,heap        ] GC(81) Eden regions: 1005->0(906)
[284.218s][info][gc,heap        ] GC(81) Survivor regions: 63->121(134)
[284.218s][info][gc,heap        ] GC(81) Old regions: 720->720
[284.218s][info][gc,heap        ] GC(81) Humongous regions: 77->77
[284.218s][info][gc,metaspace   ] GC(81) Metaspace: 28762K(29120K)->28762K(29120K) NonClass: 23879K(24064K)->23879K(24064K) Class: 4882K(5056K)->4882K(5056K)
[284.218s][info][gc             ] GC(81) Pause Young (Normal) (G1 Evacuation Pause) 3727M->1833M(4096M) 106.659ms
[284.218s][info][gc,cpu         ] GC(81) User=0.64s Sys=0.00s Real=0.11s
[284.252s][info][gc,marking     ] GC(80) Concurrent Mark From Roots 1827.800ms
[284.252s][info][gc,marking     ] GC(80) Concurrent Preclean
[284.253s][info][gc,marking     ] GC(80) Concurrent Preclean 1.089ms
[284.253s][info][gc,start       ] GC(80) Pause Remark
[284.262s][info][gc             ] GC(80) Pause Remark 1870M->1870M(4096M) 8.831ms
[284.262s][info][gc,cpu         ] GC(80) User=0.05s Sys=0.00s Real=0.01s
[284.262s][info][gc,marking     ] GC(80) Concurrent Mark 1838.105ms
[284.262s][info][gc,marking     ] GC(80) Concurrent Rebuild Remembered Sets and Scrub Regions
[284.726s][info][gc,marking     ] GC(80) Concurrent Rebuild Remembered Sets and Scrub Regions 464.487ms
[284.727s][info][gc,start       ] GC(80) Pause Cleanup
[284.727s][info][gc             ] GC(80) Pause Cleanup 2464M->2464M(4096M) 0.218ms
[284.727s][info][gc,cpu         ] GC(80) User=0.00s Sys=0.00s Real=0.00s
[284.727s][info][gc,marking     ] GC(80) Concurrent Clear Claimed Marks
[284.727s][info][gc,marking     ] GC(80) Concurrent Clear Claimed Marks 0.029ms
[284.727s][info][gc,marking     ] GC(80) Concurrent Cleanup for Next Mark
[284.732s][info][gc,marking     ] GC(80) Concurrent Cleanup for Next Mark 5.345ms
[284.732s][info][gc             ] GC(80) Concurrent Mark Cycle 2508.230ms
[285.491s][info][gc,start       ] GC(82) Pause Young (Prepare Mixed) (G1 Evacuation Pause)
[285.491s][info][gc,task        ] GC(82) Using 6 workers of 6 for evacuation
[285.606s][info][gc,phases      ] GC(82)   Pre Evacuate Collection Set: 0.36ms
[285.606s][info][gc,phases      ] GC(82)   Merge Heap Roots: 0.54ms
[285.606s][info][gc,phases      ] GC(82)   Evacuate Collection Set: 113.86ms
[285.606s][info][gc,phases      ] GC(82)   Post Evacuate Collection Set: 0.86ms
[285.606s][info][gc,phases      ] GC(82)   Other: 0.08ms
[285.606s][info][gc,heap        ] GC(82) Eden regions: 906->0(936)
[285.606s][info][gc,heap        ] GC(82) Survivor regions: 121->65(129)
[285.606s][info][gc,heap        ] GC(82) Old regions: 720->794
[285.606s][info][gc,heap        ] GC(82) Humongous regions: 77->77
[285.606s][info][gc,metaspace   ] GC(82) Metaspace: 28762K(29120K)->28762K(29120K) NonClass: 23880K(24064K)->23880K(24064K) Class: 4882K(5056K)->4882K(5056K)
[285.606s][info][gc             ] GC(82) Pause Young (Prepare Mixed) (G1 Evacuation Pause) 3645M->1868M(4096M) 115.830ms
[285.606s][info][gc,cpu         ] GC(82) User=0.69s Sys=0.00s Real=0.12s
[286.950s][info][gc,start       ] GC(83) Pause Young (Mixed) (G1 Evacuation Pause)
[286.950s][info][gc,task        ] GC(83) Using 6 workers of 6 for evacuation
[287.054s][info][gc,phases      ] GC(83)   Pre Evacuate Collection Set: 0.40ms
[287.054s][info][gc,phases      ] GC(83)   Merge Heap Roots: 0.55ms
[287.054s][info][gc,phases      ] GC(83)   Evacuate Collection Set: 101.56ms
[287.054s][info][gc,phases      ] GC(83)   Post Evacuate Collection Set: 1.00ms
[287.054s][info][gc,phases      ] GC(83)   Other: 0.09ms
[287.054s][info][gc,heap        ] GC(83) Eden regions: 936->0(1057)
[287.054s][info][gc,heap        ] GC(83) Survivor regions: 65->64(126)
[287.054s][info][gc,heap        ] GC(83) Old regions: 794->643
[287.054s][info][gc,heap        ] GC(83) Humongous regions: 77->77
[287.054s][info][gc,metaspace   ] GC(83) Metaspace: 28773K(29120K)->28773K(29120K) NonClass: 23890K(24064K)->23890K(24064K) Class: 4882K(5056K)->4882K(5056K)
[287.054s][info][gc             ] GC(83) Pause Young (Mixed) (G1 Evacuation Pause) 3740M->1565M(4096M) 103.729ms
[287.054s][info][gc,cpu         ] GC(83) User=0.61s Sys=0.00s Real=0.10s
) [287.551s][info][gc,start       ] GC(84) Pause Full (System.gc())
[287.551s][info][gc,task        ] GC(84) Using 6 workers of 6 for full compaction
[287.551s][info][gc,phases,start] GC(84) Phase 1: Mark live objects
[287.565s][info][gc,phases      ] GC(84) Phase 1: Mark live objects 14.350ms
[287.565s][info][gc,phases,start] GC(84) Phase 2: Prepare compaction
[287.568s][info][gc,phases      ] GC(84) Phase 2: Prepare compaction 2.562ms
[287.568s][info][gc,phases,start] GC(84) Phase 3: Adjust pointers
[287.575s][info][gc,phases      ] GC(84) Phase 3: Adjust pointers 6.773ms
[287.575s][info][gc,phases,start] GC(84) Phase 4: Compact heap
[287.578s][info][gc,phases      ] GC(84) Phase 4: Compact heap 2.649ms
[287.578s][info][gc,phases,start] GC(84) Phase 5: Reset Metadata
[287.582s][info][gc,phases      ] GC(84) Phase 5: Reset Metadata 4.260ms
[287.588s][info][gc,heap        ] GC(84) Eden regions: 380->0(1228)
[287.588s][info][gc,heap        ] GC(84) Survivor regions: 64->0(126)
[287.588s][info][gc,heap        ] GC(84) Old regions: 643->34
[287.588s][info][gc,heap        ] GC(84) Humongous regions: 77->66
[287.588s][info][gc,metaspace   ] GC(84) Metaspace: 28774K(29120K)->28774K(29120K) NonClass: 23892K(24064K)->23892K(24064K) Class: 4882K(5056K)->4882K(5056K)
[287.588s][info][gc             ] GC(84) Pause Full (System.gc()) 2324M->194M(4096M) 37.476ms
[287.588s][info][gc,cpu         ] GC(84) User=0.20s Sys=0.00s Real=0.04s
(init[287.825s][info][gc,start       ] GC(85) Pause Young (Concurrent Start) (G1 Humongous Allocation)
[287.825s][info][gc,task        ] GC(85) Using 6 workers of 6 for evacuation
[287.834s][info][gc,phases      ] GC(85)   Pre Evacuate Collection Set: 0.34ms
[287.834s][info][gc,phases      ] GC(85)   Merge Heap Roots: 0.03ms
[287.834s][info][gc,phases      ] GC(85)   Evacuate Collection Set: 7.84ms
[287.834s][info][gc,phases      ] GC(85)   Post Evacuate Collection Set: 0.23ms
[287.834s][info][gc,phases      ] GC(85)   Other: 0.08ms
[287.834s][info][gc,heap        ] GC(85) Eden regions: 33->0(1219)
[287.834s][info][gc,heap        ] GC(85) Survivor regions: 0->9(154)
[287.834s][info][gc,heap        ] GC(85) Old regions: 34->34
[287.834s][info][gc,heap        ] GC(85) Humongous regions: 66->66
[287.834s][info][gc,metaspace   ] GC(85) Metaspace: 28782K(29120K)->28782K(29120K) NonClass: 23899K(24064K)->23899K(24064K) Class: 4882K(5056K)->4882K(5056K)
[287.834s][info][gc             ] GC(85) Pause Young (Concurrent Start) (G1 Humongous Allocation) 259M->212M(4096M) 8.645ms
[287.834s][info][gc             ] GC(86) Concurrent Mark Cycle
[287.834s][info][gc,cpu         ] GC(85) User=0.05s Sys=0.00s Real=0.00s
[287.834s][info][gc,marking     ] GC(86) Concurrent Scan Root Regions
[287.838s][info][gc,marking     ] GC(86) Concurrent Scan Root Regions 4.189ms
[287.838s][info][gc,marking     ] GC(86) Concurrent Mark
[287.838s][info][gc,marking     ] GC(86) Concurrent Mark From Roots
[287.838s][info][gc,task        ] GC(86) Using 2 workers of 2 for marking
[287.878s][info][gc,marking     ] GC(86) Concurrent Mark From Roots 40.139ms
[287.878s][info][gc,marking     ] GC(86) Concurrent Preclean
[287.878s][info][gc,marking     ] GC(86) Concurrent Preclean 0.050ms
[287.878s][info][gc,start       ] GC(86) Pause Remark
[287.880s][info][gc             ] GC(86) Pause Remark 292M->292M(4096M) 1.875ms
[287.880s][info][gc,cpu         ] GC(86) User=0.01s Sys=0.00s Real=0.00s
[287.880s][info][gc,marking     ] GC(86) Concurrent Mark 42.231ms
[287.880s][info][gc,marking     ] GC(86) Concurrent Rebuild Remembered Sets and Scrub Regions
[287.902s][info][gc,marking     ] GC(86) Concurrent Rebuild Remembered Sets and Scrub Regions 21.485ms
[287.902s][info][gc,start       ] GC(86) Pause Cleanup
[287.902s][info][gc             ] GC(86) Pause Cleanup 346M->346M(4096M) 0.065ms
[287.902s][info][gc,cpu         ] GC(86) User=0.00s Sys=0.00s Real=0.00s
[287.902s][info][gc,marking     ] GC(86) Concurrent Clear Claimed Marks
[287.902s][info][gc,marking     ] GC(86) Concurrent Clear Claimed Marks 0.034ms
[287.902s][info][gc,marking     ] GC(86) Concurrent Cleanup for Next Mark
[287.906s][info][gc,marking     ] GC(86) Concurrent Cleanup for Next Mark 4.311ms
[287.906s][info][gc             ] GC(86) Concurrent Mark Cycle 72.604ms
) ... OK
   291s: Searching from base IR = 11548
   291s:       rampup IR =      0 ... (rIR:aIR:PR = 0:0:0) (tPR = 0) [OK] 
   294s:       rampup IR =   1155 ...[298.186s][info][gc,start       ] GC(87) Pause Young (Prepare Mixed) (G1 Evacuation Pause)
[298.186s][info][gc,task        ] GC(87) Using 6 workers of 6 for evacuation
[298.667s][info][gc,mmu         ] GC(87) MMU target violated: 201.0ms (200.0ms/201.0ms)
[298.667s][info][gc,phases      ] GC(87)   Pre Evacuate Collection Set: 0.32ms
[298.667s][info][gc,phases      ] GC(87)   Merge Heap Roots: 0.59ms
[298.667s][info][gc,phases      ] GC(87)   Evacuate Collection Set: 478.95ms
[298.667s][info][gc,phases      ] GC(87)   Post Evacuate Collection Set: 1.28ms
[298.667s][info][gc,phases      ] GC(87)   Other: 0.16ms
[298.667s][info][gc,heap        ] GC(87) Eden regions: 1219->0(418)
[298.667s][info][gc,heap        ] GC(87) Survivor regions: 9->154(154)
[298.667s][info][gc,heap        ] GC(87) Old regions: 34->343
[298.667s][info][gc,heap        ] GC(87) Humongous regions: 163->155
[298.667s][info][gc,metaspace   ] GC(87) Metaspace: 28793K(29120K)->28793K(29120K) NonClass: 23909K(24064K)->23909K(24064K) Class: 4883K(5056K)->4883K(5056K)
[298.667s][info][gc             ] GC(87) Pause Young (Prepare Mixed) (G1 Evacuation Pause) 2844M->1297M(4096M) 481.418ms
[298.667s][info][gc,cpu         ] GC(87) User=2.87s Sys=0.00s Real=0.48s
. (rIR:aIR:PR = 1155:1145:1120) (tPR = 23816) [OK] 
   298s:       rampup IR =   2310 .[300.919s][info][gc,start       ] GC(88) Pause Young (Mixed) (G1 Evacuation Pause)
[300.919s][info][gc,task        ] GC(88) Using 6 workers of 6 for evacuation
[301.112s][info][gc,phases      ] GC(88)   Pre Evacuate Collection Set: 0.33ms
[301.112s][info][gc,phases      ] GC(88)   Merge Heap Roots: 0.63ms
[301.112s][info][gc,phases      ] GC(88)   Evacuate Collection Set: 191.60ms
[301.112s][info][gc,phases      ] GC(88)   Post Evacuate Collection Set: 0.48ms
[301.112s][info][gc,phases      ] GC(88)   Other: 0.07ms
[301.112s][info][gc,heap        ] GC(88) Eden regions: 413->0(664)
[301.112s][info][gc,heap        ] GC(88) Survivor regions: 154->26(71)
[301.112s][info][gc,heap        ] GC(88) Old regions: 343->495
[301.112s][info][gc,heap        ] GC(88) Humongous regions: 155->155
[301.112s][info][gc,metaspace   ] GC(88) Metaspace: 28793K(29120K)->28793K(29120K) NonClass: 23909K(24064K)->23909K(24064K) Class: 4883K(5056K)->4883K(5056K)
[301.112s][info][gc             ] GC(88) Pause Young (Mixed) (G1 Evacuation Pause) 2123M->1347M(4096M) 193.232ms
[301.112s][info][gc,cpu         ] GC(88) User=1.15s Sys=0.00s Real=0.19s
....[304.409s][info][gc,start       ] GC(89) Pause Young (Concurrent Start) (G1 Evacuation Pause)
[304.409s][info][gc,task        ] GC(89) Using 6 workers of 6 for evacuation
[304.467s][info][gc,phases      ] GC(89)   Pre Evacuate Collection Set: 0.37ms
[304.467s][info][gc,phases      ] GC(89)   Merge Heap Roots: 0.44ms
[304.467s][info][gc,phases      ] GC(89)   Evacuate Collection Set: 57.12ms
[304.467s][info][gc,phases      ] GC(89)   Post Evacuate Collection Set: 0.72ms
[304.467s][info][gc,phases      ] GC(89)   Other: 0.09ms
[304.467s][info][gc,heap        ] GC(89) Eden regions: 693->0(692)
[304.467s][info][gc,heap        ] GC(89) Survivor regions: 26->58(90)
[304.467s][info][gc,heap        ] GC(89) Old regions: 495->495
[304.467s][info][gc,heap        ] GC(89) Humongous regions: 155->155
[304.467s][info][gc,metaspace   ] GC(89) Metaspace: 28794K(29120K)->28794K(29120K) NonClass: 23910K(24064K)->23910K(24064K) Class: 4883K(5056K)->4883K(5056K)
[304.467s][info][gc             ] GC(89) Pause Young (Concurrent Start) (G1 Evacuation Pause) 2733M->1411M(4096M) 58.867ms
[304.467s][info][gc             ] GC(90) Concurrent Mark Cycle
[304.467s][info][gc,marking     ] GC(90) Concurrent Scan Root Regions
[304.467s][info][gc,cpu         ] GC(89) User=0.35s Sys=0.00s Real=0.06s
[304.548s][info][gc,marking     ] GC(90) Concurrent Scan Root Regions 80.534ms
[304.548s][info][gc,marking     ] GC(90) Concurrent Mark
[304.548s][info][gc,marking     ] GC(90) Concurrent Mark From Roots
[304.548s][info][gc,task        ] GC(90) Using 2 workers of 2 for marking
. (rIR:aIR:PR = 2310:2305:2256) (tPR = 41711) [OK] 
   304s:       rampup IR =   3464 [305.182s][info][gc,marking     ] GC(90) Concurrent Mark From Roots 634.039ms
[305.182s][info][gc,marking     ] GC(90) Concurrent Preclean
[305.182s][info][gc,marking     ] GC(90) Concurrent Preclean 0.052ms
[305.182s][info][gc,start       ] GC(90) Pause Remark
[305.188s][info][gc             ] GC(90) Pause Remark 1733M->1519M(4096M) 5.591ms
[305.188s][info][gc,cpu         ] GC(90) User=0.03s Sys=0.00s Real=0.01s
[305.188s][info][gc,marking     ] GC(90) Concurrent Mark 639.956ms
[305.188s][info][gc,marking     ] GC(90) Concurrent Rebuild Remembered Sets and Scrub Regions
[305.525s][info][gc,marking     ] GC(90) Concurrent Rebuild Remembered Sets and Scrub Regions 337.017ms
[305.525s][info][gc,start       ] GC(90) Pause Cleanup
[305.525s][info][gc             ] GC(90) Pause Cleanup 1713M->1713M(4096M) 0.104ms
[305.525s][info][gc,cpu         ] GC(90) User=0.00s Sys=0.00s Real=0.00s
[305.525s][info][gc,marking     ] GC(90) Concurrent Clear Claimed Marks
[305.525s][info][gc,marking     ] GC(90) Concurrent Clear Claimed Marks 0.031ms
[305.525s][info][gc,marking     ] GC(90) Concurrent Cleanup for Next Mark
[305.529s][info][gc,marking     ] GC(90) Concurrent Cleanup for Next Mark 3.273ms
[305.529s][info][gc             ] GC(90) Concurrent Mark Cycle 1061.230ms
.[306.983s][info][gc,start       ] GC(91) Pause Young (Prepare Mixed) (G1 Evacuation Pause)
[306.983s][info][gc,task        ] GC(91) Using 6 workers of 6 for evacuation
[307.060s][info][gc,phases      ] GC(91)   Pre Evacuate Collection Set: 0.36ms
[307.060s][info][gc,phases      ] GC(91)   Merge Heap Roots: 0.54ms
[307.060s][info][gc,phases      ] GC(91)   Evacuate Collection Set: 74.70ms
[307.060s][info][gc,phases      ] GC(91)   Post Evacuate Collection Set: 0.70ms
[307.060s][info][gc,phases      ] GC(91)   Other: 0.07ms
[307.060s][info][gc,heap        ] GC(91) Eden regions: 684->0(843)
[307.060s][info][gc,heap        ] GC(91) Survivor regions: 58->66(93)
[307.060s][info][gc,heap        ] GC(91) Old regions: 468->487
[307.060s][info][gc,heap        ] GC(91) Humongous regions: 75->75
[307.060s][info][gc,metaspace   ] GC(91) Metaspace: 28794K(29120K)->28794K(29120K) NonClass: 23910K(24064K)->23910K(24064K) Class: 4883K(5056K)->4883K(5056K)
[307.060s][info][gc             ] GC(91) Pause Young (Prepare Mixed) (G1 Evacuation Pause) 2565M->1252M(4096M) 76.496ms
[307.060s][info][gc,cpu         ] GC(91) User=0.45s Sys=0.00s Real=0.08s
... (rIR:aIR:PR = 3464:3462:3393) (tPR = 58490) [OK] 
   308s:       rampup IR =   4619 [309.957s][info][gc,start       ] GC(92) Pause Young (Mixed) (G1 Evacuation Pause)
[309.957s][info][gc,task        ] GC(92) Using 6 workers of 6 for evacuation
[310.053s][info][gc,phases      ] GC(92)   Pre Evacuate Collection Set: 0.37ms
[310.053s][info][gc,phases      ] GC(92)   Merge Heap Roots: 0.41ms
[310.053s][info][gc,phases      ] GC(92)   Evacuate Collection Set: 93.65ms
[310.053s][info][gc,phases      ] GC(92)   Post Evacuate Collection Set: 0.82ms
[310.053s][info][gc,phases      ] GC(92)   Other: 0.08ms
[310.053s][info][gc,heap        ] GC(92) Eden regions: 958->0(976)
[310.053s][info][gc,heap        ] GC(92) Survivor regions: 66->82(128)
[310.053s][info][gc,heap        ] GC(92) Old regions: 487->508
[310.053s][info][gc,heap        ] GC(92) Humongous regions: 75->75
[310.053s][info][gc,metaspace   ] GC(92) Metaspace: 28794K(29120K)->28794K(29120K) NonClass: 23910K(24064K)->23910K(24064K) Class: 4883K(5056K)->4883K(5056K)
[310.053s][info][gc             ] GC(92) Pause Young (Mixed) (G1 Evacuation Pause) 3168M->1325M(4096M) 95.448ms
[310.053s][info][gc,cpu         ] GC(92) User=0.57s Sys=0.00s Real=0.09s
...[312.711s][info][gc,start       ] GC(93) Pause Young (Mixed) (G1 Evacuation Pause)
[312.711s][info][gc,task        ] GC(93) Using 6 workers of 6 for evacuation
[312.813s][info][gc,phases      ] GC(93)   Pre Evacuate Collection Set: 0.33ms
[312.813s][info][gc,phases      ] GC(93)   Merge Heap Roots: 0.41ms
[312.813s][info][gc,phases      ] GC(93)   Evacuate Collection Set: 100.41ms
[312.813s][info][gc,phases      ] GC(93)   Post Evacuate Collection Set: 0.94ms
[312.813s][info][gc,phases      ] GC(93)   Other: 0.09ms
[312.814s][info][gc,heap        ] GC(93) Eden regions: 1040->0(1056)
[312.814s][info][gc,heap        ] GC(93) Survivor regions: 82->95(141)
[312.814s][info][gc,heap        ] GC(93) Old regions: 508->527
[312.814s][info][gc,heap        ] GC(93) Humongous regions: 77->77
[312.814s][info][gc,metaspace   ] GC(93) Metaspace: 28797K(29120K)->28797K(29120K) NonClass: 23913K(24064K)->23913K(24064K) Class: 4883K(5056K)->4883K(5056K)
[312.814s][info][gc             ] GC(93) Pause Young (Mixed) (G1 Evacuation Pause) 3409M->1394M(4096M) 102.312ms
[312.814s][info][gc,cpu         ] GC(93) User=0.60s Sys=0.00s Real=0.10s
. (rIR:aIR:PR = 4619:4606:4606) (tPR = 75841) [OK] 
   312s:       rampup IR =   5774 .[315.042s][info][gc,start       ] GC(94) Pause Young (Mixed) (G1 Evacuation Pause)
[315.042s][info][gc,task        ] GC(94) Using 6 workers of 6 for evacuation
[315.156s][info][gc,phases      ] GC(94)   Pre Evacuate Collection Set: 0.38ms
[315.156s][info][gc,phases      ] GC(94)   Merge Heap Roots: 0.44ms
[315.156s][info][gc,phases      ] GC(94)   Evacuate Collection Set: 111.33ms
[315.156s][info][gc,phases      ] GC(94)   Merge Optional Heap Roots: 0.03ms
[315.156s][info][gc,phases      ] GC(94)   Evacuate Optional Collection Set: 0.94ms
[315.156s][info][gc,phases      ] GC(94)   Post Evacuate Collection Set: 1.00ms
[315.156s][info][gc,phases      ] GC(94)   Other: 0.09ms
[315.156s][info][gc,heap        ] GC(94) Eden regions: 1056->0(1069)
[315.156s][info][gc,heap        ] GC(94) Survivor regions: 95->97(144)
[315.156s][info][gc,heap        ] GC(94) Old regions: 527->537
[315.156s][info][gc,heap        ] GC(94) Humongous regions: 77->77
[315.156s][info][gc,metaspace   ] GC(94) Metaspace: 28797K(29120K)->28797K(29120K) NonClass: 23914K(24064K)->23914K(24064K) Class: 4883K(5056K)->4883K(5056K)
[315.156s][info][gc             ] GC(94) Pause Young (Mixed) (G1 Evacuation Pause) 3506M->1419M(4096M) 114.361ms
[315.156s][info][gc,cpu         ] GC(94) User=0.68s Sys=0.00s Real=0.12s
...[317.661s][info][gc,start       ] GC(95) Pause Young (Mixed) (G1 Evacuation Pause)
[317.661s][info][gc,task        ] GC(95) Using 6 workers of 6 for evacuation
[317.783s][info][gc,phases      ] GC(95)   Pre Evacuate Collection Set: 0.34ms
[317.783s][info][gc,phases      ] GC(95)   Merge Heap Roots: 0.45ms
[317.783s][info][gc,phases      ] GC(95)   Evacuate Collection Set: 119.93ms
[317.783s][info][gc,phases      ] GC(95)   Post Evacuate Collection Set: 0.96ms
[317.783s][info][gc,phases      ] GC(95)   Other: 0.08ms
[317.783s][info][gc,heap        ] GC(95) Eden regions: 1069->0(1056)
[317.783s][info][gc,heap        ] GC(95) Survivor regions: 97->106(146)
[317.783s][info][gc,heap        ] GC(95) Old regions: 537->570
[317.783s][info][gc,heap        ] GC(95) Humongous regions: 77->77
[317.783s][info][gc,metaspace   ] GC(95) Metaspace: 28801K(29120K)->28801K(29120K) NonClass: 23917K(24064K)->23917K(24064K) Class: 4883K(5056K)->4883K(5056K)
[317.783s][info][gc             ] GC(95) Pause Young (Mixed) (G1 Evacuation Pause) 3557M->1502M(4096M) 121.883ms
[317.783s][info][gc,cpu         ] GC(95) User=0.72s Sys=0.00s Real=0.12s
. (rIR:aIR:PR = 5774:5766:5763) (tPR = 91926) [OK] 
   317s:       rampup IR =   6929 ..[320.174s][info][gc,start       ] GC(96) Pause Young (Concurrent Start) (G1 Evacuation Pause)
[320.174s][info][gc,task        ] GC(96) Using 6 workers of 6 for evacuation
[320.288s][info][gc,phases      ] GC(96)   Pre Evacuate Collection Set: 0.39ms
[320.288s][info][gc,phases      ] GC(96)   Merge Heap Roots: 0.40ms
[320.288s][info][gc,phases      ] GC(96)   Evacuate Collection Set: 112.07ms
[320.288s][info][gc,phases      ] GC(96)   Post Evacuate Collection Set: 0.92ms
[320.288s][info][gc,phases      ] GC(96)   Other: 0.10ms
[320.288s][info][gc,heap        ] GC(96) Eden regions: 1056->0(1045)
[320.288s][info][gc,heap        ] GC(96) Survivor regions: 106->105(146)
[320.288s][info][gc,heap        ] GC(96) Old regions: 570->604
[320.288s][info][gc,heap        ] GC(96) Humongous regions: 77->77
[320.288s][info][gc,metaspace   ] GC(96) Metaspace: 28801K(29120K)->28801K(29120K) NonClass: 23917K(24064K)->23917K(24064K) Class: 4883K(5056K)->4883K(5056K)
[320.288s][info][gc             ] GC(96) Pause Young (Concurrent Start) (G1 Evacuation Pause) 3614M->1568M(4096M) 114.018ms
[320.288s][info][gc             ] GC(97) Concurrent Mark Cycle
[320.288s][info][gc,marking     ] GC(97) Concurrent Scan Root Regions
[320.288s][info][gc,cpu         ] GC(96) User=0.68s Sys=0.00s Real=0.12s
[320.482s][info][gc,marking     ] GC(97) Concurrent Scan Root Regions 193.483ms
[320.482s][info][gc,marking     ] GC(97) Concurrent Mark
[320.482s][info][gc,marking     ] GC(97) Concurrent Mark From Roots
[320.482s][info][gc,task        ] GC(97) Using 2 workers of 2 for marking
.[321.292s][info][gc,marking     ] GC(97) Concurrent Mark From Roots 810.295ms
[321.292s][info][gc,marking     ] GC(97) Concurrent Preclean
[321.292s][info][gc,marking     ] GC(97) Concurrent Preclean 0.106ms
[321.294s][info][gc,start       ] GC(97) Pause Remark
[321.303s][info][gc             ] GC(97) Pause Remark 2524M->2524M(4096M) 8.926ms
[321.303s][info][gc,cpu         ] GC(97) User=0.05s Sys=0.00s Real=0.01s
[321.303s][info][gc,marking     ] GC(97) Concurrent Mark 821.096ms
[321.303s][info][gc,marking     ] GC(97) Concurrent Rebuild Remembered Sets and Scrub Regions
[321.628s][info][gc,marking     ] GC(97) Concurrent Rebuild Remembered Sets and Scrub Regions 325.310ms
[321.629s][info][gc,start       ] GC(97) Pause Cleanup
[321.629s][info][gc             ] GC(97) Pause Cleanup 2856M->2856M(4096M) 0.192ms
[321.629s][info][gc,cpu         ] GC(97) User=0.01s Sys=0.00s Real=0.00s
[321.629s][info][gc,marking     ] GC(97) Concurrent Clear Claimed Marks
[321.629s][info][gc,marking     ] GC(97) Concurrent Clear Claimed Marks 0.041ms
[321.629s][info][gc,marking     ] GC(97) Concurrent Cleanup for Next Mark
[321.633s][info][gc,marking     ] GC(97) Concurrent Cleanup for Next Mark 3.986ms
[321.633s][info][gc             ] GC(97) Concurrent Mark Cycle 1344.725ms
. (rIR:aIR:PR = 6929:6972:6952) (tPR = 106514) [OK] 
   321s:       rampup IR =   8084 [322.528s][info][gc,start       ] GC(98) Pause Young (Prepare Mixed) (G1 Evacuation Pause)
[322.528s][info][gc,task        ] GC(98) Using 6 workers of 6 for evacuation
[322.651s][info][gc,phases      ] GC(98)   Pre Evacuate Collection Set: 0.33ms
[322.651s][info][gc,phases      ] GC(98)   Merge Heap Roots: 0.54ms
[322.651s][info][gc,phases      ] GC(98)   Evacuate Collection Set: 120.89ms
[322.651s][info][gc,phases      ] GC(98)   Post Evacuate Collection Set: 1.02ms
[322.651s][info][gc,phases      ] GC(98)   Other: 0.08ms
[322.651s][info][gc,heap        ] GC(98) Eden regions: 1045->0(1006)
[322.651s][info][gc,heap        ] GC(98) Survivor regions: 105->112(144)
[322.651s][info][gc,heap        ] GC(98) Old regions: 604->638
[322.651s][info][gc,heap        ] GC(98) Humongous regions: 77->77
[322.651s][info][gc,metaspace   ] GC(98) Metaspace: 28801K(29120K)->28801K(29120K) NonClass: 23917K(24064K)->23917K(24064K) Class: 4883K(5056K)->4883K(5056K)
[322.651s][info][gc             ] GC(98) Pause Young (Prepare Mixed) (G1 Evacuation Pause) 3658M->1651M(4096M) 122.990ms
[322.651s][info][gc,cpu         ] GC(98) User=0.73s Sys=0.00s Real=0.12s
..[324.483s][info][gc,start       ] GC(99) Pause Young (Mixed) (G1 Evacuation Pause)
[324.483s][info][gc,task        ] GC(99) Using 6 workers of 6 for evacuation
[324.621s][info][gc,phases      ] GC(99)   Pre Evacuate Collection Set: 0.40ms
[324.621s][info][gc,phases      ] GC(99)   Merge Heap Roots: 0.65ms
[324.621s][info][gc,phases      ] GC(99)   Evacuate Collection Set: 134.45ms
[324.621s][info][gc,phases      ] GC(99)   Merge Optional Heap Roots: 0.05ms
[324.621s][info][gc,phases      ] GC(99)   Evacuate Optional Collection Set: 1.19ms
[324.621s][info][gc,phases      ] GC(99)   Post Evacuate Collection Set: 1.13ms
[324.621s][info][gc,phases      ] GC(99)   Other: 0.10ms
[324.621s][info][gc,heap        ] GC(99) Eden regions: 1006->0(1119)
[324.621s][info][gc,heap        ] GC(99) Survivor regions: 112->109(140)
[324.621s][info][gc,heap        ] GC(99) Old regions: 638->487
[324.621s][info][gc,heap        ] GC(99) Humongous regions: 77->77
[324.621s][info][gc,metaspace   ] GC(99) Metaspace: 28802K(29120K)->28802K(29120K) NonClass: 23918K(24064K)->23918K(24064K) Class: 4883K(5056K)->4883K(5056K)
[324.621s][info][gc             ] GC(99) Pause Young (Mixed) (G1 Evacuation Pause) 3663M->1341M(4096M) 138.117ms
[324.621s][info][gc,cpu         ] GC(99) User=0.82s Sys=0.00s Real=0.14s
.. (rIR:aIR:PR = 8084:8210:8230) (tPR = 125902) [OK] 
   326s:       rampup IR =   9238 [326.687s][info][gc,start       ] GC(100) Pause Young (Mixed) (G1 Evacuation Pause)
[326.687s][info][gc,task        ] GC(100) Using 6 workers of 6 for evacuation
[326.828s][info][gc,phases      ] GC(100)   Pre Evacuate Collection Set: 0.37ms
[326.828s][info][gc,phases      ] GC(100)   Merge Heap Roots: 0.79ms
[326.828s][info][gc,phases      ] GC(100)   Evacuate Collection Set: 138.00ms
[326.828s][info][gc,phases      ] GC(100)   Post Evacuate Collection Set: 1.11ms
[326.828s][info][gc,phases      ] GC(100)   Other: 0.09ms
[326.828s][info][gc,heap        ] GC(100) Eden regions: 1119->0(1119)
[326.828s][info][gc,heap        ] GC(100) Survivor regions: 109->109(154)
[326.828s][info][gc,heap        ] GC(100) Old regions: 487->490
[326.828s][info][gc,heap        ] GC(100) Humongous regions: 77->77
[326.828s][info][gc,metaspace   ] GC(100) Metaspace: 28804K(29120K)->28804K(29120K) NonClass: 23920K(24064K)->23920K(24064K) Class: 4883K(5056K)->4883K(5056K)
[326.828s][info][gc             ] GC(100) Pause Young (Mixed) (G1 Evacuation Pause) 3579M->1348M(4096M) 140.479ms
[326.828s][info][gc,cpu         ] GC(100) User=0.83s Sys=0.00s Real=0.14s
..[328.638s][info][gc,start       ] GC(101) Pause Young (Concurrent Start) (G1 Evacuation Pause)
[328.638s][info][gc,task        ] GC(101) Using 6 workers of 6 for evacuation
[328.762s][info][gc,phases      ] GC(101)   Pre Evacuate Collection Set: 0.36ms
[328.762s][info][gc,phases      ] GC(101)   Merge Heap Roots: 0.46ms
[328.762s][info][gc,phases      ] GC(101)   Evacuate Collection Set: 122.35ms
[328.762s][info][gc,phases      ] GC(101)   Post Evacuate Collection Set: 0.98ms
[328.762s][info][gc,phases      ] GC(101)   Other: 0.10ms
[328.762s][info][gc,heap        ] GC(101) Eden regions: 1119->0(1111)
[328.762s][info][gc,heap        ] GC(101) Survivor regions: 109->117(154)
[328.762s][info][gc,heap        ] GC(101) Old regions: 490->521
[328.762s][info][gc,heap        ] GC(101) Humongous regions: 77->77
[328.762s][info][gc,metaspace   ] GC(101) Metaspace: 28804K(29120K)->28804K(29120K) NonClass: 23921K(24064K)->23921K(24064K) Class: 4883K(5056K)->4883K(5056K)
[328.762s][info][gc             ] GC(101) Pause Young (Concurrent Start) (G1 Evacuation Pause) 3586M->1427M(4096M) 124.387ms
[328.762s][info][gc             ] GC(102) Concurrent Mark Cycle
[328.762s][info][gc,marking     ] GC(102) Concurrent Scan Root Regions
[328.762s][info][gc,cpu         ] GC(101) User=0.74s Sys=0.00s Real=0.12s
[328.962s][info][gc,marking     ] GC(102) Concurrent Scan Root Regions 199.520ms
[328.962s][info][gc,marking     ] GC(102) Concurrent Mark
[328.962s][info][gc,marking     ] GC(102) Concurrent Mark From Roots
[328.962s][info][gc,task        ] GC(102) Using 2 workers of 2 for marking
.[329.942s][info][gc,marking     ] GC(102) Concurrent Mark From Roots 980.024ms
[329.942s][info][gc,marking     ] GC(102) Concurrent Preclean
[329.942s][info][gc,marking     ] GC(102) Concurrent Preclean 0.142ms
[329.943s][info][gc,start       ] GC(102) Pause Remark
[329.946s][info][gc             ] GC(102) Pause Remark 2577M->2577M(4096M) 2.678ms
[329.946s][info][gc,cpu         ] GC(102) User=0.01s Sys=0.00s Real=0.01s
[329.946s][info][gc,marking     ] GC(102) Concurrent Mark 984.379ms
[329.946s][info][gc,marking     ] GC(102) Concurrent Rebuild Remembered Sets and Scrub Regions
.[330.221s][info][gc,marking     ] GC(102) Concurrent Rebuild Remembered Sets and Scrub Regions 275.373ms
[330.222s][info][gc,start       ] GC(102) Pause Cleanup
[330.222s][info][gc             ] GC(102) Pause Cleanup 2854M->2854M(4096M) 0.169ms
[330.222s][info][gc,cpu         ] GC(102) User=0.00s Sys=0.00s Real=0.00s
[330.224s][info][gc,marking     ] GC(102) Concurrent Clear Claimed Marks
[330.224s][info][gc,marking     ] GC(102) Concurrent Clear Claimed Marks 0.070ms
[330.224s][info][gc,marking     ] GC(102) Concurrent Cleanup for Next Mark
[330.268s][info][gc,marking     ] GC(102) Concurrent Cleanup for Next Mark 43.347ms
[330.268s][info][gc             ] GC(102) Concurrent Mark Cycle 1505.700ms
[330.730s][info][gc,start       ] GC(103) Pause Young (Prepare Mixed) (G1 Evacuation Pause)
[330.730s][info][gc,task        ] GC(103) Using 6 workers of 6 for evacuation
[330.902s][info][gc,phases      ] GC(103)   Pre Evacuate Collection Set: 0.34ms
[330.902s][info][gc,phases      ] GC(103)   Merge Heap Roots: 0.55ms
[330.902s][info][gc,phases      ] GC(103)   Evacuate Collection Set: 170.03ms
[330.902s][info][gc,phases      ] GC(103)   Post Evacuate Collection Set: 1.03ms
[330.902s][info][gc,phases      ] GC(103)   Other: 0.09ms
[330.902s][info][gc,heap        ] GC(103) Eden regions: 1111->0(1083)
[330.902s][info][gc,heap        ] GC(103) Survivor regions: 117->115(154)
[330.902s][info][gc,heap        ] GC(103) Old regions: 521->555
[330.902s][info][gc,heap        ] GC(103) Humongous regions: 77->77
[330.902s][info][gc,metaspace   ] GC(103) Metaspace: 28804K(29120K)->28804K(29120K) NonClass: 23921K(24064K)->23921K(24064K) Class: 4883K(5056K)->4883K(5056K)
[330.902s][info][gc             ] GC(103) Pause Young (Prepare Mixed) (G1 Evacuation Pause) 3649M->1489M(4096M) 172.149ms
[330.902s][info][gc,cpu         ] GC(103) User=0.75s Sys=0.00s Real=0.17s
..[332.620s][info][gc,start       ] GC(104) Pause Young (Mixed) (G1 Evacuation Pause)
[332.620s][info][gc,task        ] GC(104) Using 6 workers of 6 for evacuation
[332.786s][info][gc,phases      ] GC(104)   Pre Evacuate Collection Set: 0.39ms
[332.786s][info][gc,phases      ] GC(104)   Merge Heap Roots: 0.76ms
[332.786s][info][gc,phases      ] GC(104)   Evacuate Collection Set: 147.48ms
[332.786s][info][gc,phases      ] GC(104)   Merge Optional Heap Roots: 0.21ms
[332.786s][info][gc,phases      ] GC(104)   Evacuate Optional Collection Set: 15.83ms
[332.786s][info][gc,phases      ] GC(104)   Post Evacuate Collection Set: 1.23ms
[332.786s][info][gc,phases      ] GC(104)   Other: 0.10ms
[332.786s][info][gc,heap        ] GC(104) Eden regions: 1083->0(1112)
[332.786s][info][gc,heap        ] GC(104) Survivor regions: 115->116(150)
[332.786s][info][gc,heap        ] GC(104) Old regions: 555->461
[332.786s][info][gc,heap        ] GC(104) Humongous regions: 77->77
[332.786s][info][gc,metaspace   ] GC(104) Metaspace: 28804K(29120K)->28804K(29120K) NonClass: 23921K(24064K)->23921K(24064K) Class: 4883K(5056K)->4883K(5056K)
[332.786s][info][gc             ] GC(104) Pause Young (Mixed) (G1 Evacuation Pause) 3655M->1304M(4096M) 166.135ms
[332.786s][info][gc,cpu         ] GC(104) User=0.98s Sys=0.00s Real=0.17s
. (rIR:aIR:PR = 9238:9198:9200) (tPR = 131578) [OK] 
   333s:       rampup IR =  10393 .[334.446s][info][gc,start       ] GC(105) Pause Young (Mixed) (G1 Evacuation Pause)
[334.446s][info][gc,task        ] GC(105) Using 6 workers of 6 for evacuation
[334.577s][info][gc,phases      ] GC(105)   Pre Evacuate Collection Set: 0.31ms
[334.577s][info][gc,phases      ] GC(105)   Merge Heap Roots: 0.61ms
[334.577s][info][gc,phases      ] GC(105)   Evacuate Collection Set: 129.27ms
[334.577s][info][gc,phases      ] GC(105)   Post Evacuate Collection Set: 1.04ms
[334.577s][info][gc,phases      ] GC(105)   Other: 0.08ms
[334.577s][info][gc,heap        ] GC(105) Eden regions: 1112->0(1111)
[334.577s][info][gc,heap        ] GC(105) Survivor regions: 116->117(154)
[334.577s][info][gc,heap        ] GC(105) Old regions: 461->494
[334.577s][info][gc,heap        ] GC(105) Humongous regions: 77->77
[334.577s][info][gc,metaspace   ] GC(105) Metaspace: 28806K(29120K)->28806K(29120K) NonClass: 23922K(24064K)->23922K(24064K) Class: 4883K(5056K)->4883K(5056K)
[334.577s][info][gc             ] GC(105) Pause Young (Mixed) (G1 Evacuation Pause) 3528M->1373M(4096M) 131.435ms
[334.577s][info][gc,cpu         ] GC(105) User=0.78s Sys=0.01s Real=0.13s
.[336.245s][info][gc,start       ] GC(106) Pause Young (Concurrent Start) (G1 Evacuation Pause)
[336.245s][info][gc,task        ] GC(106) Using 6 workers of 6 for evacuation
[336.366s][info][gc,phases      ] GC(106)   Pre Evacuate Collection Set: 0.39ms
[336.366s][info][gc,phases      ] GC(106)   Merge Heap Roots: 0.48ms
[336.366s][info][gc,phases      ] GC(106)   Evacuate Collection Set: 118.46ms
[336.366s][info][gc,phases      ] GC(106)   Post Evacuate Collection Set: 0.93ms
[336.366s][info][gc,phases      ] GC(106)   Other: 0.11ms
[336.366s][info][gc,heap        ] GC(106) Eden regions: 1111->0(1117)
[336.366s][info][gc,heap        ] GC(106) Survivor regions: 117->111(154)
[336.366s][info][gc,heap        ] GC(106) Old regions: 494->525
[336.366s][info][gc,heap        ] GC(106) Humongous regions: 77->77
[336.366s][info][gc,metaspace   ] GC(106) Metaspace: 28808K(29120K)->28808K(29120K) NonClass: 23925K(24064K)->23925K(24064K) Class: 4883K(5056K)->4883K(5056K)
[336.366s][info][gc             ] GC(106) Pause Young (Concurrent Start) (G1 Evacuation Pause) 3595M->1423M(4096M) 120.497ms
[336.366s][info][gc             ] GC(107) Concurrent Mark Cycle
[336.366s][info][gc,marking     ] GC(107) Concurrent Scan Root Regions
[336.366s][info][gc,cpu         ] GC(106) User=0.72s Sys=0.00s Real=0.12s
.[336.539s][info][gc,marking     ] GC(107) Concurrent Scan Root Regions 173.316ms
[336.539s][info][gc,marking     ] GC(107) Concurrent Mark
[336.539s][info][gc,marking     ] GC(107) Concurrent Mark From Roots
[336.539s][info][gc,task        ] GC(107) Using 2 workers of 2 for marking
[337.260s][info][gc,marking     ] GC(107) Concurrent Mark From Roots 720.538ms
[337.260s][info][gc,marking     ] GC(107) Concurrent Preclean
[337.260s][info][gc,marking     ] GC(107) Concurrent Preclean 0.105ms
[337.261s][info][gc,start       ] GC(107) Pause Remark
[337.264s][info][gc             ] GC(107) Pause Remark 2291M->2291M(4096M) 2.587ms
[337.264s][info][gc,cpu         ] GC(107) User=0.01s Sys=0.00s Real=0.00s
[337.264s][info][gc,marking     ] GC(107) Concurrent Mark 724.538ms
[337.264s][info][gc,marking     ] GC(107) Concurrent Rebuild Remembered Sets and Scrub Regions
.[337.704s][info][gc,marking     ] GC(107) Concurrent Rebuild Remembered Sets and Scrub Regions 440.159ms
[337.705s][info][gc,start       ] GC(107) Pause Cleanup
[337.706s][info][gc             ] GC(107) Pause Cleanup 2827M->2827M(4096M) 0.172ms
[337.706s][info][gc,cpu         ] GC(107) User=0.00s Sys=0.00s Real=0.00s
[337.706s][info][gc,marking     ] GC(107) Concurrent Clear Claimed Marks
[337.706s][info][gc,marking     ] GC(107) Concurrent Clear Claimed Marks 0.037ms
[337.706s][info][gc,marking     ] GC(107) Concurrent Cleanup for Next Mark
[337.711s][info][gc,marking     ] GC(107) Concurrent Cleanup for Next Mark 5.010ms
[337.711s][info][gc             ] GC(107) Concurrent Mark Cycle 1345.363ms
[338.281s][info][gc,start       ] GC(108) Pause Young (Prepare Mixed) (G1 Evacuation Pause)
[338.281s][info][gc,task        ] GC(108) Using 6 workers of 6 for evacuation
[338.405s][info][gc,phases      ] GC(108)   Pre Evacuate Collection Set: 0.33ms
[338.405s][info][gc,phases      ] GC(108)   Merge Heap Roots: 0.53ms
[338.405s][info][gc,phases      ] GC(108)   Evacuate Collection Set: 121.81ms
[338.405s][info][gc,phases      ] GC(108)   Post Evacuate Collection Set: 0.97ms
[338.405s][info][gc,phases      ] GC(108)   Other: 0.08ms
[338.405s][info][gc,heap        ] GC(108) Eden regions: 1117->0(1084)
[338.405s][info][gc,heap        ] GC(108) Survivor regions: 111->113(154)
[338.405s][info][gc,heap        ] GC(108) Old regions: 525->558
[338.405s][info][gc,heap        ] GC(108) Humongous regions: 77->77
[338.405s][info][gc,metaspace   ] GC(108) Metaspace: 28808K(29120K)->28808K(29120K) NonClass: 23925K(24064K)->23925K(24064K) Class: 4883K(5056K)->4883K(5056K)
[338.405s][info][gc             ] GC(108) Pause Young (Prepare Mixed) (G1 Evacuation Pause) 3657M->1491M(4096M) 123.841ms
[338.405s][info][gc,cpu         ] GC(108) User=0.74s Sys=0.00s Real=0.13s
..[339.921s][info][gc,start       ] GC(109) Pause Young (Mixed) (G1 Evacuation Pause)
[339.922s][info][gc,task        ] GC(109) Using 6 workers of 6 for evacuation
[340.072s][info][gc,phases      ] GC(109)   Pre Evacuate Collection Set: 0.38ms
[340.072s][info][gc,phases      ] GC(109)   Merge Heap Roots: 0.84ms
[340.072s][info][gc,phases      ] GC(109)   Evacuate Collection Set: 147.84ms
[340.072s][info][gc,phases      ] GC(109)   Post Evacuate Collection Set: 1.05ms
[340.072s][info][gc,phases      ] GC(109)   Other: 0.09ms
[340.072s][info][gc,heap        ] GC(109) Eden regions: 1084->0(1115)
[340.072s][info][gc,heap        ] GC(109) Survivor regions: 113->113(150)
[340.072s][info][gc,heap        ] GC(109) Old regions: 558->462
[340.072s][info][gc,heap        ] GC(109) Humongous regions: 77->77
[340.072s][info][gc,metaspace   ] GC(109) Metaspace: 28809K(29120K)->28809K(29120K) NonClass: 23926K(24064K)->23926K(24064K) Class: 4883K(5056K)->4883K(5056K)
[340.072s][info][gc             ] GC(109) Pause Young (Mixed) (G1 Evacuation Pause) 3659M->1301M(4096M) 150.334ms
[340.072s][info][gc,cpu         ] GC(109) User=0.89s Sys=0.00s Real=0.15s
.[341.648s][info][gc,start       ] GC(110) Pause Young (Concurrent Start) (G1 Evacuation Pause)
[341.648s][info][gc,task        ] GC(110) Using 6 workers of 6 for evacuation
[341.769s][info][gc,phases      ] GC(110)   Pre Evacuate Collection Set: 0.39ms
[341.769s][info][gc,phases      ] GC(110)   Merge Heap Roots: 0.47ms
[341.769s][info][gc,phases      ] GC(110)   Evacuate Collection Set: 118.77ms
[341.769s][info][gc,phases      ] GC(110)   Post Evacuate Collection Set: 0.90ms
[341.769s][info][gc,phases      ] GC(110)   Other: 0.12ms
[341.769s][info][gc,heap        ] GC(110) Eden regions: 1115->0(1118)
[341.769s][info][gc,heap        ] GC(110) Survivor regions: 113->110(154)
[341.769s][info][gc,heap        ] GC(110) Old regions: 462->496
[341.769s][info][gc,heap        ] GC(110) Humongous regions: 77->77
[341.769s][info][gc,metaspace   ] GC(110) Metaspace: 28810K(29120K)->28810K(29120K) NonClass: 23926K(24064K)->23926K(24064K) Class: 4883K(5056K)->4883K(5056K)
[341.769s][info][gc             ] GC(110) Pause Young (Concurrent Start) (G1 Evacuation Pause) 3531M->1361M(4096M) 120.773ms
[341.769s][info][gc             ] GC(111) Concurrent Mark Cycle
[341.769s][info][gc,marking     ] GC(111) Concurrent Scan Root Regions
[341.769s][info][gc,cpu         ] GC(110) User=0.72s Sys=0.00s Real=0.12s
.[341.911s][info][gc,marking     ] GC(111) Concurrent Scan Root Regions 141.799ms
[341.911s][info][gc,marking     ] GC(111) Concurrent Mark
[341.911s][info][gc,marking     ] GC(111) Concurrent Mark From Roots
[341.911s][info][gc,task        ] GC(111) Using 2 workers of 2 for marking
[342.672s][info][gc,marking     ] GC(111) Concurrent Mark From Roots 760.550ms
[342.672s][info][gc,marking     ] GC(111) Concurrent Preclean
[342.672s][info][gc,marking     ] GC(111) Concurrent Preclean 0.055ms
[342.672s][info][gc,start       ] GC(111) Pause Remark
[342.674s][info][gc             ] GC(111) Pause Remark 2315M->2315M(4096M) 2.302ms
[342.674s][info][gc,cpu         ] GC(111) User=0.01s Sys=0.00s Real=0.00s
[342.674s][info][gc,marking     ] GC(111) Concurrent Mark 763.441ms
[342.674s][info][gc,marking     ] GC(111) Concurrent Rebuild Remembered Sets and Scrub Regions
.[342.990s][info][gc,marking     ] GC(111) Concurrent Rebuild Remembered Sets and Scrub Regions 315.169ms
[342.992s][info][gc,start       ] GC(111) Pause Cleanup
[342.992s][info][gc             ] GC(111) Pause Cleanup 2553M->2553M(4096M) 0.155ms
[342.992s][info][gc,cpu         ] GC(111) User=0.00s Sys=0.00s Real=0.00s
[342.992s][info][gc,marking     ] GC(111) Concurrent Clear Claimed Marks
[342.992s][info][gc,marking     ] GC(111) Concurrent Clear Claimed Marks 0.042ms
[342.992s][info][gc,marking     ] GC(111) Concurrent Cleanup for Next Mark
[342.997s][info][gc,marking     ] GC(111) Concurrent Cleanup for Next Mark 4.760ms
[342.997s][info][gc             ] GC(111) Concurrent Mark Cycle 1227.647ms
[343.700s][info][gc,start       ] GC(112) Pause Young (Prepare Mixed) (G1 Evacuation Pause)
[343.700s][info][gc,task        ] GC(112) Using 6 workers of 6 for evacuation
[343.876s][info][gc,phases      ] GC(112)   Pre Evacuate Collection Set: 0.33ms
[343.876s][info][gc,phases      ] GC(112)   Merge Heap Roots: 0.54ms
[343.876s][info][gc,phases      ] GC(112)   Evacuate Collection Set: 173.75ms
[343.876s][info][gc,phases      ] GC(112)   Post Evacuate Collection Set: 1.01ms
[343.876s][info][gc,phases      ] GC(112)   Other: 0.09ms
[343.876s][info][gc,heap        ] GC(112) Eden regions: 1118->0(1102)
[343.876s][info][gc,heap        ] GC(112) Survivor regions: 110->120(154)
[343.876s][info][gc,heap        ] GC(112) Old regions: 496->526
[343.876s][info][gc,heap        ] GC(112) Humongous regions: 77->77
[343.876s][info][gc,metaspace   ] GC(112) Metaspace: 28810K(29120K)->28810K(29120K) NonClass: 23927K(24064K)->23927K(24064K) Class: 4883K(5056K)->4883K(5056K)
[343.876s][info][gc             ] GC(112) Pause Young (Prepare Mixed) (G1 Evacuation Pause) 3597M->1442M(4096M) 175.861ms
[343.876s][info][gc,cpu         ] GC(112) User=0.77s Sys=0.00s Real=0.18s
..[345.377s][info][gc,start       ] GC(113) Pause Young (Mixed) (G1 Evacuation Pause)
[345.377s][info][gc,task        ] GC(113) Using 6 workers of 6 for evacuation
[345.523s][info][gc,phases      ] GC(113)   Pre Evacuate Collection Set: 0.34ms
[345.523s][info][gc,phases      ] GC(113)   Merge Heap Roots: 0.76ms
[345.523s][info][gc,phases      ] GC(113)   Evacuate Collection Set: 143.33ms
[345.523s][info][gc,phases      ] GC(113)   Post Evacuate Collection Set: 1.01ms
[345.523s][info][gc,phases      ] GC(113)   Other: 0.09ms
[345.523s][info][gc,heap        ] GC(113) Eden regions: 1102->0(1113)
[345.523s][info][gc,heap        ] GC(113) Survivor regions: 120->115(153)
[345.523s][info][gc,heap        ] GC(113) Old regions: 526->468
[345.523s][info][gc,heap        ] GC(113) Humongous regions: 77->77
[345.523s][info][gc,metaspace   ] GC(113) Metaspace: 28813K(29120K)->28813K(29120K) NonClass: 23930K(24064K)->23930K(24064K) Class: 4883K(5056K)->4883K(5056K)
[345.523s][info][gc             ] GC(113) Pause Young (Mixed) (G1 Evacuation Pause) 3646M->1316M(4096M) 145.651ms
[345.523s][info][gc,cpu         ] GC(113) User=0.87s Sys=0.00s Real=0.14s
.. (rIR:aIR:PR = 10393:10221:10221) (tPR = 151117) [OK] 
   346s:       rampup IR =  11548 [347.101s][info][gc,start       ] GC(114) Pause Young (Concurrent Start) (G1 Evacuation Pause)
[347.101s][info][gc,task        ] GC(114) Using 6 workers of 6 for evacuation
[347.218s][info][gc,phases      ] GC(114)   Pre Evacuate Collection Set: 0.42ms
[347.218s][info][gc,phases      ] GC(114)   Merge Heap Roots: 0.51ms
[347.218s][info][gc,phases      ] GC(114)   Evacuate Collection Set: 115.05ms
[347.218s][info][gc,phases      ] GC(114)   Post Evacuate Collection Set: 0.91ms
[347.218s][info][gc,phases      ] GC(114)   Other: 0.13ms
[347.218s][info][gc,heap        ] GC(114) Eden regions: 1113->0(1120)
[347.218s][info][gc,heap        ] GC(114) Survivor regions: 115->108(154)
[347.218s][info][gc,heap        ] GC(114) Old regions: 468->500
[347.218s][info][gc,heap        ] GC(114) Humongous regions: 77->77
[347.218s][info][gc,metaspace   ] GC(114) Metaspace: 28813K(29120K)->28813K(29120K) NonClass: 23930K(24064K)->23930K(24064K) Class: 4883K(5056K)->4883K(5056K)
[347.218s][info][gc             ] GC(114) Pause Young (Concurrent Start) (G1 Evacuation Pause) 3542M->1367M(4096M) 117.160ms
[347.218s][info][gc             ] GC(115) Concurrent Mark Cycle
[347.218s][info][gc,marking     ] GC(115) Concurrent Scan Root Regions
[347.218s][info][gc,cpu         ] GC(114) User=0.70s Sys=0.00s Real=0.12s
[347.392s][info][gc,marking     ] GC(115) Concurrent Scan Root Regions 173.702ms
[347.392s][info][gc,marking     ] GC(115) Concurrent Mark
[347.392s][info][gc,marking     ] GC(115) Concurrent Mark From Roots
[347.392s][info][gc,task        ] GC(115) Using 2 workers of 2 for marking
[348.098s][info][gc,marking     ] GC(115) Concurrent Mark From Roots 705.530ms
[348.098s][info][gc,marking     ] GC(115) Concurrent Preclean
[348.098s][info][gc,marking     ] GC(115) Concurrent Preclean 0.125ms
.[348.100s][info][gc,start       ] GC(115) Pause Remark
[348.103s][info][gc             ] GC(115) Pause Remark 2235M->2235M(4096M) 2.881ms
[348.103s][info][gc,cpu         ] GC(115) User=0.02s Sys=0.00s Real=0.00s
[348.103s][info][gc,marking     ] GC(115) Concurrent Mark 710.982ms
[348.103s][info][gc,marking     ] GC(115) Concurrent Rebuild Remembered Sets and Scrub Regions
[348.398s][info][gc,marking     ] GC(115) Concurrent Rebuild Remembered Sets and Scrub Regions 295.113ms
[348.399s][info][gc,start       ] GC(115) Pause Cleanup
[348.399s][info][gc             ] GC(115) Pause Cleanup 2557M->2557M(4096M) 0.136ms
[348.399s][info][gc,cpu         ] GC(115) User=0.00s Sys=0.00s Real=0.00s
[348.399s][info][gc,marking     ] GC(115) Concurrent Clear Claimed Marks
[348.399s][info][gc,marking     ] GC(115) Concurrent Clear Claimed Marks 0.030ms
[348.399s][info][gc,marking     ] GC(115) Concurrent Cleanup for Next Mark
[348.404s][info][gc,marking     ] GC(115) Concurrent Cleanup for Next Mark 5.474ms
[348.404s][info][gc             ] GC(115) Concurrent Mark Cycle 1185.972ms
[349.116s][info][gc,start       ] GC(116) Pause Young (Prepare Mixed) (G1 Evacuation Pause)
[349.116s][info][gc,task        ] GC(116) Using 6 workers of 6 for evacuation
[349.239s][info][gc,phases      ] GC(116)   Pre Evacuate Collection Set: 0.34ms
[349.239s][info][gc,phases      ] GC(116)   Merge Heap Roots: 0.52ms
[349.239s][info][gc,phases      ] GC(116)   Evacuate Collection Set: 121.30ms
[349.239s][info][gc,phases      ] GC(116)   Post Evacuate Collection Set: 0.99ms
[349.239s][info][gc,phases      ] GC(116)   Other: 0.09ms
[349.239s][info][gc,heap        ] GC(116) Eden regions: 1120->0(1110)
[349.239s][info][gc,heap        ] GC(116) Survivor regions: 108->113(154)
[349.239s][info][gc,heap        ] GC(116) Old regions: 500->532
[349.239s][info][gc,heap        ] GC(116) Humongous regions: 77->77
[349.239s][info][gc,metaspace   ] GC(116) Metaspace: 28814K(29120K)->28814K(29120K) NonClass: 23930K(24064K)->23930K(24064K) Class: 4883K(5056K)->4883K(5056K)
[349.239s][info][gc             ] GC(116) Pause Young (Prepare Mixed) (G1 Evacuation Pause) 3607M->1440M(4096M) 123.366ms
[349.240s][info][gc,cpu         ] GC(116) User=0.73s Sys=0.00s Real=0.12s
..[350.649s][info][gc,start       ] GC(117) Pause Young (Mixed) (G1 Evacuation Pause)
[350.649s][info][gc,task        ] GC(117) Using 6 workers of 6 for evacuation
[350.849s][info][gc,phases      ] GC(117)   Pre Evacuate Collection Set: 0.37ms
[350.849s][info][gc,phases      ] GC(117)   Merge Heap Roots: 0.86ms
[350.849s][info][gc,phases      ] GC(117)   Evacuate Collection Set: 197.48ms
[350.849s][info][gc,phases      ] GC(117)   Post Evacuate Collection Set: 1.05ms
[350.849s][info][gc,phases      ] GC(117)   Other: 0.09ms
[350.849s][info][gc,heap        ] GC(117) Eden regions: 1110->0(1111)
[350.849s][info][gc,heap        ] GC(117) Survivor regions: 113->117(153)
[350.849s][info][gc,heap        ] GC(117) Old regions: 532->464
[350.849s][info][gc,heap        ] GC(117) Humongous regions: 77->77
[350.849s][info][gc,metaspace   ] GC(117) Metaspace: 28815K(29120K)->28815K(29120K) NonClass: 23931K(24064K)->23931K(24064K) Class: 4883K(5056K)->4883K(5056K)
[350.849s][info][gc             ] GC(117) Pause Young (Mixed) (G1 Evacuation Pause) 3660M->1313M(4096M) 199.966ms
[350.849s][info][gc,cpu         ] GC(117) User=0.91s Sys=0.00s Real=0.20s
.[352.355s][info][gc,start       ] GC(118) Pause Young (Concurrent Start) (G1 Evacuation Pause)
[352.355s][info][gc,task        ] GC(118) Using 6 workers of 6 for evacuation
[352.472s][info][gc,phases      ] GC(118)   Pre Evacuate Collection Set: 0.36ms
[352.472s][info][gc,phases      ] GC(118)   Merge Heap Roots: 0.49ms
[352.472s][info][gc,phases      ] GC(118)   Evacuate Collection Set: 115.14ms
[352.472s][info][gc,phases      ] GC(118)   Post Evacuate Collection Set: 0.94ms
[352.472s][info][gc,phases      ] GC(118)   Other: 0.10ms
[352.472s][info][gc,heap        ] GC(118) Eden regions: 1111->0(1119)
[352.472s][info][gc,heap        ] GC(118) Survivor regions: 117->109(154)
[352.472s][info][gc,heap        ] GC(118) Old regions: 464->497
[352.472s][info][gc,heap        ] GC(118) Humongous regions: 77->77
[352.472s][info][gc,metaspace   ] GC(118) Metaspace: 28816K(29120K)->28816K(29120K) NonClass: 23933K(24064K)->23933K(24064K) Class: 4883K(5056K)->4883K(5056K)
[352.472s][info][gc             ] GC(118) Pause Young (Concurrent Start) (G1 Evacuation Pause) 3535M->1362M(4096M) 117.175ms
[352.472s][info][gc             ] GC(119) Concurrent Mark Cycle
[352.472s][info][gc,marking     ] GC(119) Concurrent Scan Root Regions
[352.473s][info][gc,cpu         ] GC(118) User=0.70s Sys=0.00s Real=0.11s
.[352.693s][info][gc,marking     ] GC(119) Concurrent Scan Root Regions 220.117ms
[352.693s][info][gc,marking     ] GC(119) Concurrent Mark
[352.693s][info][gc,marking     ] GC(119) Concurrent Mark From Roots
[352.693s][info][gc,task        ] GC(119) Using 2 workers of 2 for marking
[353.572s][info][gc,marking     ] GC(119) Concurrent Mark From Roots 879.708ms
[353.572s][info][gc,marking     ] GC(119) Concurrent Preclean
[353.572s][info][gc,marking     ] GC(119) Concurrent Preclean 0.049ms
[353.575s][info][gc,start       ] GC(119) Pause Remark
[353.577s][info][gc             ] GC(119) Pause Remark 2522M->2522M(4096M) 2.109ms
[353.578s][info][gc,cpu         ] GC(119) User=0.01s Sys=0.00s Real=0.00s
[353.579s][info][gc,marking     ] GC(119) Concurrent Mark 886.338ms
[353.579s][info][gc,marking     ] GC(119) Concurrent Rebuild Remembered Sets and Scrub Regions
[353.936s][info][gc,marking     ] GC(119) Concurrent Rebuild Remembered Sets and Scrub Regions 357.068ms
[353.936s][info][gc,start       ] GC(119) Pause Cleanup
[353.937s][info][gc             ] GC(119) Pause Cleanup 2834M->2834M(4096M) 0.135ms
[353.937s][info][gc,cpu         ] GC(119) User=0.00s Sys=0.00s Real=0.00s
[353.937s][info][gc,marking     ] GC(119) Concurrent Clear Claimed Marks
[353.937s][info][gc,marking     ] GC(119) Concurrent Clear Claimed Marks 0.037ms
[353.937s][info][gc,marking     ] GC(119) Concurrent Cleanup for Next Mark
[353.942s][info][gc,marking     ] GC(119) Concurrent Cleanup for Next Mark 5.150ms
[353.942s][info][gc             ] GC(119) Concurrent Mark Cycle 1469.415ms
.[354.524s][info][gc,start       ] GC(120) Pause Young (Prepare Mixed) (G1 Evacuation Pause)
[354.524s][info][gc,task        ] GC(120) Using 6 workers of 6 for evacuation
[354.643s][info][gc,phases      ] GC(120)   Pre Evacuate Collection Set: 0.33ms
[354.643s][info][gc,phases      ] GC(120)   Merge Heap Roots: 0.56ms
[354.643s][info][gc,phases      ] GC(120)   Evacuate Collection Set: 117.22ms
[354.643s][info][gc,phases      ] GC(120)   Post Evacuate Collection Set: 0.96ms
[354.643s][info][gc,phases      ] GC(120)   Other: 0.09ms
[354.643s][info][gc,heap        ] GC(120) Eden regions: 1119->0(1119)
[354.643s][info][gc,heap        ] GC(120) Survivor regions: 109->109(154)
[354.643s][info][gc,heap        ] GC(120) Old regions: 497->531
[354.643s][info][gc,heap        ] GC(120) Humongous regions: 77->77
[354.643s][info][gc,metaspace   ] GC(120) Metaspace: 28820K(29120K)->28820K(29120K) NonClass: 23937K(24064K)->23937K(24064K) Class: 4883K(5056K)->4883K(5056K)
[354.643s][info][gc             ] GC(120) Pause Young (Prepare Mixed) (G1 Evacuation Pause) 3600M->1429M(4096M) 119.287ms
[354.643s][info][gc,cpu         ] GC(120) User=0.71s Sys=0.00s Real=0.12s
.[356.041s][info][gc,start       ] GC(121) Pause Young (Mixed) (G1 Evacuation Pause)
[356.041s][info][gc,task        ] GC(121) Using 6 workers of 6 for evacuation
[356.187s][info][gc,phases      ] GC(121)   Pre Evacuate Collection Set: 0.38ms
[356.187s][info][gc,phases      ] GC(121)   Merge Heap Roots: 0.59ms
[356.187s][info][gc,phases      ] GC(121)   Evacuate Collection Set: 135.80ms
[356.187s][info][gc,phases      ] GC(121)   Merge Optional Heap Roots: 0.13ms
[356.187s][info][gc,phases      ] GC(121)   Evacuate Optional Collection Set: 7.34ms
[356.187s][info][gc,phases      ] GC(121)   Post Evacuate Collection Set: 1.08ms
[356.187s][info][gc,phases      ] GC(121)   Other: 0.10ms
[356.187s][info][gc,heap        ] GC(121) Eden regions: 1119->0(1110)
[356.187s][info][gc,heap        ] GC(121) Survivor regions: 109->118(154)
[356.187s][info][gc,heap        ] GC(121) Old regions: 531->467
[356.187s][info][gc,heap        ] GC(121) Humongous regions: 77->77
[356.187s][info][gc,metaspace   ] GC(121) Metaspace: 28820K(29120K)->28820K(29120K) NonClass: 23937K(24064K)->23937K(24064K) Class: 4883K(5056K)->4883K(5056K)
[356.187s][info][gc             ] GC(121) Pause Young (Mixed) (G1 Evacuation Pause) 3667M->1320M(4096M) 145.562ms
[356.187s][info][gc,cpu         ] GC(121) User=0.86s Sys=0.00s Real=0.15s
.[357.601s][info][gc,start       ] GC(122) Pause Young (Mixed) (G1 Evacuation Pause)
[357.601s][info][gc,task        ] GC(122) Using 6 workers of 6 for evacuation
[357.732s][info][gc,phases      ] GC(122)   Pre Evacuate Collection Set: 0.36ms
[357.732s][info][gc,phases      ] GC(122)   Merge Heap Roots: 0.55ms
[357.732s][info][gc,phases      ] GC(122)   Evacuate Collection Set: 128.91ms
[357.732s][info][gc,phases      ] GC(122)   Post Evacuate Collection Set: 0.97ms
[357.732s][info][gc,phases      ] GC(122)   Other: 0.08ms
[357.732s][info][gc,heap        ] GC(122) Eden regions: 1110->0(1106)
[357.732s][info][gc,heap        ] GC(122) Survivor regions: 118->122(154)
[357.732s][info][gc,heap        ] GC(122) Old regions: 467->498
[357.732s][info][gc,heap        ] GC(122) Humongous regions: 77->77
[357.732s][info][gc,metaspace   ] GC(122) Metaspace: 28820K(29120K)->28820K(29120K) NonClass: 23937K(24064K)->23937K(24064K) Class: 4883K(5056K)->4883K(5056K)
[357.732s][info][gc             ] GC(122) Pause Young (Mixed) (G1 Evacuation Pause) 3540M->1389M(4096M) 130.997ms
[357.732s][info][gc,cpu         ] GC(122) User=0.78s Sys=0.00s Real=0.13s
..[359.156s][info][gc,start       ] GC(123) Pause Young (Concurrent Start) (G1 Evacuation Pause)
[359.156s][info][gc,task        ] GC(123) Using 6 workers of 6 for evacuation
[359.288s][info][gc,phases      ] GC(123)   Pre Evacuate Collection Set: 0.36ms
[359.288s][info][gc,phases      ] GC(123)   Merge Heap Roots: 0.48ms
[359.288s][info][gc,phases      ] GC(123)   Evacuate Collection Set: 130.02ms
[359.288s][info][gc,phases      ] GC(123)   Post Evacuate Collection Set: 0.99ms
[359.288s][info][gc,phases      ] GC(123)   Other: 0.11ms
[359.288s][info][gc,heap        ] GC(123) Eden regions: 1106->0(1094)
[359.288s][info][gc,heap        ] GC(123) Survivor regions: 122->121(154)
[359.288s][info][gc,heap        ] GC(123) Old regions: 498->532
[359.288s][info][gc,heap        ] GC(123) Humongous regions: 77->77
[359.288s][info][gc,metaspace   ] GC(123) Metaspace: 28820K(29120K)->28820K(29120K) NonClass: 23937K(24064K)->23937K(24064K) Class: 4883K(5056K)->4883K(5056K)
[359.288s][info][gc             ] GC(123) Pause Young (Concurrent Start) (G1 Evacuation Pause) 3601M->1455M(4096M) 132.074ms
[359.288s][info][gc             ] GC(124) Concurrent Mark Cycle
[359.288s][info][gc,marking     ] GC(124) Concurrent Scan Root Regions
[359.288s][info][gc,cpu         ] GC(123) User=0.79s Sys=0.00s Real=0.13s
[359.536s][info][gc,marking     ] GC(124) Concurrent Scan Root Regions 248.130ms
[359.537s][info][gc,marking     ] GC(124) Concurrent Mark
[359.537s][info][gc,marking     ] GC(124) Concurrent Mark From Roots
[359.537s][info][gc,task        ] GC(124) Using 2 workers of 2 for marking
. (rIR:aIR:PR = 11548:11112:11144) (tPR = 167067) [OK] 
   359s:    snapshot, IR =  11548 .[361.265s][info][gc,start       ] GC(125) Pause Young (Normal) (G1 Evacuation Pause)
[361.265s][info][gc,task        ] GC(125) Using 6 workers of 6 for evacuation
[361.393s][info][gc,phases      ] GC(125)   Pre Evacuate Collection Set: 0.30ms
[361.393s][info][gc,phases      ] GC(125)   Merge Heap Roots: 0.48ms
[361.393s][info][gc,phases      ] GC(125)   Evacuate Collection Set: 126.74ms
[361.393s][info][gc,phases      ] GC(125)   Post Evacuate Collection Set: 0.97ms
[361.393s][info][gc,phases      ] GC(125)   Other: 0.09ms
[361.393s][info][gc,heap        ] GC(125) Eden regions: 1094->0(1062)
[361.393s][info][gc,heap        ] GC(125) Survivor regions: 121->121(152)
[361.393s][info][gc,heap        ] GC(125) Old regions: 532->564
[361.393s][info][gc,heap        ] GC(125) Humongous regions: 77->77
[361.393s][info][gc,metaspace   ] GC(125) Metaspace: 28824K(29120K)->28824K(29120K) NonClass: 23940K(24064K)->23940K(24064K) Class: 4883K(5056K)->4883K(5056K)
[361.393s][info][gc             ] GC(125) Pause Young (Normal) (G1 Evacuation Pause) 3643M->1520M(4096M) 128.721ms
[361.393s][info][gc,cpu         ] GC(125) User=0.77s Sys=0.00s Real=0.13s
[361.448s][info][gc,marking     ] GC(124) Concurrent Mark From Roots 1911.262ms
[361.448s][info][gc,marking     ] GC(124) Concurrent Preclean
[361.448s][info][gc,marking     ] GC(124) Concurrent Preclean 0.084ms
[361.448s][info][gc,start       ] GC(124) Pause Remark
[361.451s][info][gc             ] GC(124) Pause Remark 1581M->1581M(4096M) 2.265ms
[361.451s][info][gc,cpu         ] GC(124) User=0.02s Sys=0.00s Real=0.00s
[361.451s][info][gc,marking     ] GC(124) Concurrent Mark 1914.144ms
[361.451s][info][gc,marking     ] GC(124) Concurrent Rebuild Remembered Sets and Scrub Regions
.[362.555s][info][gc,marking     ] GC(124) Concurrent Rebuild Remembered Sets and Scrub Regions 1104.082ms
[362.557s][info][gc,start       ] GC(124) Pause Cleanup
[362.557s][info][gc             ] GC(124) Pause Cleanup 3042M->3042M(4096M) 0.171ms
[362.557s][info][gc,cpu         ] GC(124) User=0.00s Sys=0.00s Real=0.00s
[362.557s][info][gc,marking     ] GC(124) Concurrent Clear Claimed Marks
[362.557s][info][gc,marking     ] GC(124) Concurrent Clear Claimed Marks 0.032ms
[362.557s][info][gc,marking     ] GC(124) Concurrent Cleanup for Next Mark
[362.631s][info][gc,marking     ] GC(124) Concurrent Cleanup for Next Mark 73.536ms
[362.631s][info][gc             ] GC(124) Concurrent Mark Cycle 3342.489ms
[362.972s][info][gc,start       ] GC(126) Pause Young (Prepare Mixed) (G1 Evacuation Pause)
[362.972s][info][gc,task        ] GC(126) Using 6 workers of 6 for evacuation
[363.095s][info][gc,phases      ] GC(126)   Pre Evacuate Collection Set: 0.35ms
[363.095s][info][gc,phases      ] GC(126)   Merge Heap Roots: 0.50ms
[363.095s][info][gc,phases      ] GC(126)   Evacuate Collection Set: 120.77ms
[363.095s][info][gc,phases      ] GC(126)   Post Evacuate Collection Set: 0.94ms
[363.095s][info][gc,phases      ] GC(126)   Other: 0.09ms
[363.095s][info][gc,heap        ] GC(126) Eden regions: 1062->0(1069)
[363.095s][info][gc,heap        ] GC(126) Survivor regions: 121->69(148)
[363.095s][info][gc,heap        ] GC(126) Old regions: 564->644
[363.095s][info][gc,heap        ] GC(126) Humongous regions: 77->77
[363.095s][info][gc,metaspace   ] GC(126) Metaspace: 28825K(29120K)->28825K(29120K) NonClass: 23941K(24064K)->23941K(24064K) Class: 4883K(5056K)->4883K(5056K)
[363.095s][info][gc             ] GC(126) Pause Young (Prepare Mixed) (G1 Evacuation Pause) 3644M->1576M(4096M) 122.774ms
[363.095s][info][gc,cpu         ] GC(126) User=0.73s Sys=0.00s Real=0.13s
.[364.419s][info][gc,start       ] GC(127) Pause Young (Mixed) (G1 Evacuation Pause)
[364.419s][info][gc,task        ] GC(127) Using 6 workers of 6 for evacuation
[364.543s][info][gc,phases      ] GC(127)   Pre Evacuate Collection Set: 0.43ms
[364.543s][info][gc,phases      ] GC(127)   Merge Heap Roots: 0.80ms
[364.543s][info][gc,phases      ] GC(127)   Evacuate Collection Set: 121.68ms
[364.543s][info][gc,phases      ] GC(127)   Post Evacuate Collection Set: 0.95ms
[364.543s][info][gc,phases      ] GC(127)   Other: 0.09ms
[364.543s][info][gc,heap        ] GC(127) Eden regions: 1069->0(1117)
[364.543s][info][gc,heap        ] GC(127) Survivor regions: 69->111(143)
[364.543s][info][gc,heap        ] GC(127) Old regions: 644->513
[364.543s][info][gc,heap        ] GC(127) Humongous regions: 77->77
[364.543s][info][gc,metaspace   ] GC(127) Metaspace: 28825K(29120K)->28825K(29120K) NonClass: 23941K(24064K)->23941K(24064K) Class: 4883K(5056K)->4883K(5056K)
[364.543s][info][gc             ] GC(127) Pause Young (Mixed) (G1 Evacuation Pause) 3714M->1397M(4096M) 124.073ms
[364.544s][info][gc,cpu         ] GC(127) User=0.74s Sys=0.00s Real=0.12s
..[366.081s][info][gc,start       ] GC(128) Pause Young (Concurrent Start) (G1 Evacuation Pause)
[366.081s][info][gc,task        ] GC(128) Using 6 workers of 6 for evacuation
[366.203s][info][gc,phases      ] GC(128)   Pre Evacuate Collection Set: 0.36ms
[366.203s][info][gc,phases      ] GC(128)   Merge Heap Roots: 0.51ms
[366.203s][info][gc,phases      ] GC(128)   Evacuate Collection Set: 120.57ms
[366.203s][info][gc,phases      ] GC(128)   Post Evacuate Collection Set: 0.91ms
[366.203s][info][gc,phases      ] GC(128)   Other: 0.11ms
[366.203s][info][gc,heap        ] GC(128) Eden regions: 1117->0(1100)
[366.203s][info][gc,heap        ] GC(128) Survivor regions: 111->113(154)
[366.203s][info][gc,heap        ] GC(128) Old regions: 513->542
[366.203s][info][gc,heap        ] GC(128) Humongous regions: 77->77
[366.203s][info][gc,metaspace   ] GC(128) Metaspace: 28825K(29120K)->28825K(29120K) NonClass: 23941K(24064K)->23941K(24064K) Class: 4883K(5056K)->4883K(5056K)
[366.203s][info][gc             ] GC(128) Pause Young (Concurrent Start) (G1 Evacuation Pause) 3631M->1461M(4096M) 122.587ms
[366.203s][info][gc             ] GC(129) Concurrent Mark Cycle
[366.204s][info][gc,marking     ] GC(129) Concurrent Scan Root Regions
[366.204s][info][gc,cpu         ] GC(128) User=0.73s Sys=0.00s Real=0.12s
[366.444s][info][gc,marking     ] GC(129) Concurrent Scan Root Regions 240.576ms
[366.444s][info][gc,marking     ] GC(129) Concurrent Mark
[366.444s][info][gc,marking     ] GC(129) Concurrent Mark From Roots
[366.444s][info][gc,task        ] GC(129) Using 2 workers of 2 for marking
.[368.105s][info][gc,start       ] GC(130) Pause Young (Normal) (G1 Evacuation Pause)
[368.105s][info][gc,task        ] GC(130) Using 6 workers of 6 for evacuation
[368.229s][info][gc,phases      ] GC(130)   Pre Evacuate Collection Set: 0.35ms
[368.229s][info][gc,phases      ] GC(130)   Merge Heap Roots: 0.56ms
[368.229s][info][gc,phases      ] GC(130)   Evacuate Collection Set: 121.79ms
[368.229s][info][gc,phases      ] GC(130)   Post Evacuate Collection Set: 0.88ms
[368.229s][info][gc,phases      ] GC(130)   Other: 0.83ms
[368.229s][info][gc,heap        ] GC(130) Eden regions: 1100->0(1063)
[368.229s][info][gc,heap        ] GC(130) Survivor regions: 113->115(152)
[368.229s][info][gc,heap        ] GC(130) Old regions: 542->575
[368.229s][info][gc,heap        ] GC(130) Humongous regions: 77->77
[368.229s][info][gc,metaspace   ] GC(130) Metaspace: 28832K(29120K)->28832K(29120K) NonClass: 23949K(24064K)->23949K(24064K) Class: 4883K(5056K)->4883K(5056K)
[368.229s][info][gc             ] GC(130) Pause Young (Normal) (G1 Evacuation Pause) 3661M->1530M(4096M) 124.556ms
[368.229s][info][gc,cpu         ] GC(130) User=0.74s Sys=0.00s Real=0.12s
.[368.404s][info][gc,marking     ] GC(129) Concurrent Mark From Roots 1959.649ms
[368.404s][info][gc,marking     ] GC(129) Concurrent Preclean
[368.404s][info][gc,marking     ] GC(129) Concurrent Preclean 0.106ms
[368.408s][info][gc,start       ] GC(129) Pause Remark
[368.411s][info][gc             ] GC(129) Pause Remark 1690M->1690M(4096M) 2.372ms
[368.411s][info][gc,cpu         ] GC(129) User=0.01s Sys=0.00s Real=0.00s
[368.411s][info][gc,marking     ] GC(129) Concurrent Mark 1966.952ms
[368.411s][info][gc,marking     ] GC(129) Concurrent Rebuild Remembered Sets and Scrub Regions
[368.705s][info][gc,marking     ] GC(129) Concurrent Rebuild Remembered Sets and Scrub Regions 293.824ms
[368.707s][info][gc,start       ] GC(129) Pause Cleanup
[368.707s][info][gc             ] GC(129) Pause Cleanup 1958M->1958M(4096M) 0.180ms
[368.707s][info][gc,cpu         ] GC(129) User=0.00s Sys=0.00s Real=0.00s
[368.707s][info][gc,marking     ] GC(129) Concurrent Clear Claimed Marks
[368.707s][info][gc,marking     ] GC(129) Concurrent Clear Claimed Marks 0.030ms
[368.707s][info][gc,marking     ] GC(129) Concurrent Cleanup for Next Mark
[368.712s][info][gc,marking     ] GC(129) Concurrent Cleanup for Next Mark 5.137ms
[368.713s][info][gc             ] GC(129) Concurrent Mark Cycle 2509.035ms
.[369.632s][info][gc,start       ] GC(131) Pause Young (Prepare Mixed) (G1 Evacuation Pause)
[369.632s][info][gc,task        ] GC(131) Using 6 workers of 6 for evacuation
[369.756s][info][gc,phases      ] GC(131)   Pre Evacuate Collection Set: 0.36ms
[369.756s][info][gc,phases      ] GC(131)   Merge Heap Roots: 0.53ms
[369.756s][info][gc,phases      ] GC(131)   Evacuate Collection Set: 121.61ms
[369.756s][info][gc,phases      ] GC(131)   Post Evacuate Collection Set: 0.96ms
[369.756s][info][gc,phases      ] GC(131)   Other: 0.09ms
[369.756s][info][gc,heap        ] GC(131) Eden regions: 1063->0(1029)
[369.756s][info][gc,heap        ] GC(131) Survivor regions: 115->117(148)
[369.756s][info][gc,heap        ] GC(131) Old regions: 575->605
[369.756s][info][gc,heap        ] GC(131) Humongous regions: 77->77
[369.756s][info][gc,metaspace   ] GC(131) Metaspace: 28832K(29120K)->28832K(29120K) NonClass: 23949K(24064K)->23949K(24064K) Class: 4883K(5056K)->4883K(5056K)
[369.756s][info][gc             ] GC(131) Pause Young (Prepare Mixed) (G1 Evacuation Pause) 3656M->1594M(4096M) 123.679ms
[369.756s][info][gc,cpu         ] GC(131) User=0.73s Sys=0.00s Real=0.13s
.[371.299s][info][gc,start       ] GC(132) Pause Young (Mixed) (G1 Evacuation Pause)
[371.299s][info][gc,task        ] GC(132) Using 6 workers of 6 for evacuation
[371.448s][info][gc,phases      ] GC(132)   Pre Evacuate Collection Set: 0.38ms
[371.448s][info][gc,phases      ] GC(132)   Merge Heap Roots: 0.71ms
[371.448s][info][gc,phases      ] GC(132)   Evacuate Collection Set: 140.55ms
[371.448s][info][gc,phases      ] GC(132)   Merge Optional Heap Roots: 0.11ms
[371.448s][info][gc,phases      ] GC(132)   Evacuate Optional Collection Set: 6.45ms
[371.448s][info][gc,phases      ] GC(132)   Post Evacuate Collection Set: 1.11ms
[371.448s][info][gc,phases      ] GC(132)   Other: 0.10ms
[371.448s][info][gc,heap        ] GC(132) Eden regions: 1029->0(1113)
[371.448s][info][gc,heap        ] GC(132) Survivor regions: 117->115(144)
[371.448s][info][gc,heap        ] GC(132) Old regions: 605->506
[371.448s][info][gc,heap        ] GC(132) Humongous regions: 77->77
[371.448s][info][gc,metaspace   ] GC(132) Metaspace: 28832K(29120K)->28832K(29120K) NonClass: 23949K(24064K)->23949K(24064K) Class: 4883K(5056K)->4883K(5056K)
[371.448s][info][gc             ] GC(132) Pause Young (Mixed) (G1 Evacuation Pause) 3652M->1391M(4096M) 149.547ms
[371.448s][info][gc,cpu         ] GC(132) User=0.89s Sys=0.00s Real=0.15s
.[372.863s][info][gc,start       ] GC(133) Pause Young (Mixed) (G1 Evacuation Pause)
[372.863s][info][gc,task        ] GC(133) Using 6 workers of 6 for evacuation
[373.009s][info][gc,phases      ] GC(133)   Pre Evacuate Collection Set: 0.35ms
[373.009s][info][gc,phases      ] GC(133)   Merge Heap Roots: 0.88ms
[373.009s][info][gc,phases      ] GC(133)   Evacuate Collection Set: 143.12ms
[373.009s][info][gc,phases      ] GC(133)   Post Evacuate Collection Set: 0.89ms
[373.009s][info][gc,phases      ] GC(133)   Other: 0.09ms
[373.009s][info][gc,heap        ] GC(133) Eden regions: 1113->0(1111)
[373.009s][info][gc,heap        ] GC(133) Survivor regions: 115->113(154)
[373.009s][info][gc,heap        ] GC(133) Old regions: 506->531
[373.009s][info][gc,heap        ] GC(133) Humongous regions: 77->77
[373.009s][info][gc,metaspace   ] GC(133) Metaspace: 28835K(29184K)->28835K(29184K) NonClass: 23951K(24128K)->23951K(24128K) Class: 4883K(5056K)->4883K(5056K)
[373.009s][info][gc             ] GC(133) Pause Young (Mixed) (G1 Evacuation Pause) 3617M->1439M(4096M) 145.455ms
[373.009s][info][gc,cpu         ] GC(133) User=0.87s Sys=0.00s Real=0.15s
.[374.486s][info][gc,start       ] GC(134) Pause Young (Concurrent Start) (G1 Evacuation Pause)
[374.486s][info][gc,task        ] GC(134) Using 6 workers of 6 for evacuation
[374.606s][info][gc,phases      ] GC(134)   Pre Evacuate Collection Set: 0.36ms
[374.606s][info][gc,phases      ] GC(134)   Merge Heap Roots: 0.48ms
[374.606s][info][gc,phases      ] GC(134)   Evacuate Collection Set: 118.82ms
[374.606s][info][gc,phases      ] GC(134)   Post Evacuate Collection Set: 0.89ms
[374.606s][info][gc,phases      ] GC(134)   Other: 0.11ms
[374.606s][info][gc,heap        ] GC(134) Eden regions: 1111->0(1076)
[374.606s][info][gc,heap        ] GC(134) Survivor regions: 113->117(153)
[374.606s][info][gc,heap        ] GC(134) Old regions: 531->558
[374.607s][info][gc,heap        ] GC(134) Humongous regions: 77->77
[374.607s][info][gc,metaspace   ] GC(134) Metaspace: 28835K(29184K)->28835K(29184K) NonClass: 23951K(24128K)->23951K(24128K) Class: 4883K(5056K)->4883K(5056K)
[374.607s][info][gc             ] GC(134) Pause Young (Concurrent Start) (G1 Evacuation Pause) 3661M->1500M(4096M) 120.813ms
[374.607s][info][gc             ] GC(135) Concurrent Mark Cycle
[374.607s][info][gc,marking     ] GC(135) Concurrent Scan Root Regions
[374.607s][info][gc,cpu         ] GC(134) User=0.72s Sys=0.00s Real=0.12s
.[374.936s][info][gc,marking     ] GC(135) Concurrent Scan Root Regions 329.541ms
[374.936s][info][gc,marking     ] GC(135) Concurrent Mark
[374.936s][info][gc,marking     ] GC(135) Concurrent Mark From Roots
[374.936s][info][gc,task        ] GC(135) Using 2 workers of 2 for marking
.[376.466s][info][gc,start       ] GC(136) Pause Young (Normal) (G1 Evacuation Pause)
[376.466s][info][gc,task        ] GC(136) Using 6 workers of 6 for evacuation
[376.593s][info][gc,phases      ] GC(136)   Pre Evacuate Collection Set: 0.32ms
[376.593s][info][gc,phases      ] GC(136)   Merge Heap Roots: 0.49ms
[376.593s][info][gc,phases      ] GC(136)   Evacuate Collection Set: 125.12ms
[376.593s][info][gc,phases      ] GC(136)   Post Evacuate Collection Set: 0.88ms
[376.593s][info][gc,phases      ] GC(136)   Other: 0.09ms
[376.593s][info][gc,heap        ] GC(136) Eden regions: 1076->0(1045)
[376.593s][info][gc,heap        ] GC(136) Survivor regions: 117->115(150)
[376.593s][info][gc,heap        ] GC(136) Old regions: 558->593
[376.593s][info][gc,heap        ] GC(136) Humongous regions: 77->77
[376.593s][info][gc,metaspace   ] GC(136) Metaspace: 28835K(29184K)->28835K(29184K) NonClass: 23951K(24128K)->23951K(24128K) Class: 4883K(5056K)->4883K(5056K)
[376.593s][info][gc             ] GC(136) Pause Young (Normal) (G1 Evacuation Pause) 3652M->1566M(4096M) 127.014ms
[376.593s][info][gc,cpu         ] GC(136) User=0.75s Sys=0.00s Real=0.12s
[376.838s][info][gc,marking     ] GC(135) Concurrent Mark From Roots 1901.685ms
[376.838s][info][gc,marking     ] GC(135) Concurrent Preclean
[376.838s][info][gc,marking     ] GC(135) Concurrent Preclean 0.053ms
[376.838s][info][gc,start       ] GC(135) Pause Remark
[376.843s][info][gc             ] GC(135) Pause Remark 1754M->1754M(4096M) 4.793ms
[376.843s][info][gc,cpu         ] GC(135) User=0.02s Sys=0.00s Real=0.00s
[376.843s][info][gc,marking     ] GC(135) Concurrent Mark 1906.845ms
[376.843s][info][gc,marking     ] GC(135) Concurrent Rebuild Remembered Sets and Scrub Regions
[377.126s][info][gc,marking     ] GC(135) Concurrent Rebuild Remembered Sets and Scrub Regions 283.408ms
[377.127s][info][gc,start       ] GC(135) Pause Cleanup
[377.127s][info][gc             ] GC(135) Pause Cleanup 2069M->2069M(4096M) 0.149ms
[377.127s][info][gc,cpu         ] GC(135) User=0.00s Sys=0.00s Real=0.00s
[377.128s][info][gc,marking     ] GC(135) Concurrent Clear Claimed Marks
[377.128s][info][gc,marking     ] GC(135) Concurrent Clear Claimed Marks 0.055ms
[377.128s][info][gc,marking     ] GC(135) Concurrent Cleanup for Next Mark
[377.134s][info][gc,marking     ] GC(135) Concurrent Cleanup for Next Mark 5.350ms
[377.134s][info][gc             ] GC(135) Concurrent Mark Cycle 2527.291ms
.[378.034s][info][gc,start       ] GC(137) Pause Young (Prepare Mixed) (G1 Evacuation Pause)
[378.034s][info][gc,task        ] GC(137) Using 6 workers of 6 for evacuation
[378.162s][info][gc,phases      ] GC(137)   Pre Evacuate Collection Set: 0.32ms
[378.162s][info][gc,phases      ] GC(137)   Merge Heap Roots: 0.53ms
[378.162s][info][gc,phases      ] GC(137)   Evacuate Collection Set: 126.16ms
[378.162s][info][gc,phases      ] GC(137)   Post Evacuate Collection Set: 0.92ms
[378.162s][info][gc,phases      ] GC(137)   Other: 0.08ms
[378.162s][info][gc,heap        ] GC(137) Eden regions: 1045->0(1002)
[378.162s][info][gc,heap        ] GC(137) Survivor regions: 115->121(145)
[378.162s][info][gc,heap        ] GC(137) Old regions: 593->624
[378.162s][info][gc,heap        ] GC(137) Humongous regions: 77->77
[378.162s][info][gc,metaspace   ] GC(137) Metaspace: 28835K(29184K)->28835K(29184K) NonClass: 23951K(24128K)->23951K(24128K) Class: 4883K(5056K)->4883K(5056K)
[378.162s][info][gc             ] GC(137) Pause Young (Prepare Mixed) (G1 Evacuation Pause) 3656M->1641M(4096M) 128.157ms
[378.162s][info][gc,cpu         ] GC(137) User=0.76s Sys=0.00s Real=0.13s
.[379.495s][info][gc,start       ] GC(138) Pause Young (Mixed) (G1 Evacuation Pause)
[379.495s][info][gc,task        ] GC(138) Using 6 workers of 6 for evacuation
[379.635s][info][gc,phases      ] GC(138)   Pre Evacuate Collection Set: 0.38ms
[379.635s][info][gc,phases      ] GC(138)   Merge Heap Roots: 0.77ms
[379.635s][info][gc,phases      ] GC(138)   Evacuate Collection Set: 134.52ms
[379.635s][info][gc,phases      ] GC(138)   Merge Optional Heap Roots: 0.15ms
[379.635s][info][gc,phases      ] GC(138)   Evacuate Optional Collection Set: 3.67ms
[379.635s][info][gc,phases      ] GC(138)   Post Evacuate Collection Set: 0.94ms
[379.635s][info][gc,phases      ] GC(138)   Other: 0.09ms
[379.635s][info][gc,heap        ] GC(138) Eden regions: 1002->0(1161)
[379.635s][info][gc,heap        ] GC(138) Survivor regions: 121->65(141)
[379.635s][info][gc,heap        ] GC(138) Old regions: 624->545
[379.635s][info][gc,heap        ] GC(138) Humongous regions: 77->77
[379.635s][info][gc,metaspace   ] GC(138) Metaspace: 28835K(29184K)->28835K(29184K) NonClass: 23951K(24128K)->23951K(24128K) Class: 4883K(5056K)->4883K(5056K)
[379.635s][info][gc             ] GC(138) Pause Young (Mixed) (G1 Evacuation Pause) 3645M->1370M(4096M) 140.667ms
[379.635s][info][gc,cpu         ] GC(138) User=0.84s Sys=0.00s Real=0.15s
..[381.236s][info][gc,start       ] GC(139) Pause Young (Concurrent Start) (G1 Evacuation Pause)
[381.236s][info][gc,task        ] GC(139) Using 6 workers of 6 for evacuation
[381.345s][info][gc,phases      ] GC(139)   Pre Evacuate Collection Set: 0.37ms
[381.345s][info][gc,phases      ] GC(139)   Merge Heap Roots: 0.55ms
[381.345s][info][gc,phases      ] GC(139)   Evacuate Collection Set: 107.03ms
[381.345s][info][gc,phases      ] GC(139)   Post Evacuate Collection Set: 0.87ms
[381.345s][info][gc,phases      ] GC(139)   Other: 0.11ms
[381.345s][info][gc,heap        ] GC(139) Eden regions: 1161->0(1083)
[381.345s][info][gc,heap        ] GC(139) Survivor regions: 65->120(154)
[381.345s][info][gc,heap        ] GC(139) Old regions: 545->545
[381.345s][info][gc,heap        ] GC(139) Humongous regions: 77->77
[381.345s][info][gc,metaspace   ] GC(139) Metaspace: 28835K(29184K)->28835K(29184K) NonClass: 23951K(24128K)->23951K(24128K) Class: 4883K(5056K)->4883K(5056K)
[381.345s][info][gc             ] GC(139) Pause Young (Concurrent Start) (G1 Evacuation Pause) 3692M->1480M(4096M) 109.053ms
[381.345s][info][gc             ] GC(140) Concurrent Mark Cycle
[381.345s][info][gc,marking     ] GC(140) Concurrent Scan Root Regions
[381.345s][info][gc,cpu         ] GC(139) User=0.65s Sys=0.00s Real=0.11s
[381.447s][info][gc,marking     ] GC(140) Concurrent Scan Root Regions 102.327ms
[381.447s][info][gc,marking     ] GC(140) Concurrent Mark
[381.447s][info][gc,marking     ] GC(140) Concurrent Mark From Roots
[381.447s][info][gc,task        ] GC(140) Using 2 workers of 2 for marking
.[382.546s][info][gc,marking     ] GC(140) Concurrent Mark From Roots 1098.146ms
[382.546s][info][gc,marking     ] GC(140) Concurrent Preclean
[382.546s][info][gc,marking     ] GC(140) Concurrent Preclean 0.082ms
[382.547s][info][gc,start       ] GC(140) Pause Remark
[382.549s][info][gc             ] GC(140) Pause Remark 2732M->2732M(4096M) 2.538ms
[382.549s][info][gc,cpu         ] GC(140) User=0.01s Sys=0.00s Real=0.00s
[382.549s][info][gc,marking     ] GC(140) Concurrent Mark 1101.871ms
[382.549s][info][gc,marking     ] GC(140) Concurrent Rebuild Remembered Sets and Scrub Regions
[383.221s][info][gc,marking     ] GC(140) Concurrent Rebuild Remembered Sets and Scrub Regions 671.449ms
[383.223s][info][gc,start       ] GC(140) Pause Cleanup
[383.223s][info][gc             ] GC(140) Pause Cleanup 3570M->3570M(4096M) 0.177ms
[383.223s][info][gc,cpu         ] GC(140) User=0.00s Sys=0.00s Real=0.00s
[383.224s][info][gc,marking     ] GC(140) Concurrent Clear Claimed Marks
[383.224s][info][gc,marking     ] GC(140) Concurrent Clear Claimed Marks 0.044ms
[383.224s][info][gc,marking     ] GC(140) Concurrent Cleanup for Next Mark
[383.229s][info][gc,marking     ] GC(140) Concurrent Cleanup for Next Mark 5.011ms
[383.229s][info][gc             ] GC(140) Concurrent Mark Cycle 1883.972ms
.[383.278s][info][gc,start       ] GC(141) Pause Young (Prepare Mixed) (G1 Evacuation Pause)
[383.278s][info][gc,task        ] GC(141) Using 6 workers of 6 for evacuation
[383.398s][info][gc,phases      ] GC(141)   Pre Evacuate Collection Set: 0.36ms
[383.398s][info][gc,phases      ] GC(141)   Merge Heap Roots: 0.52ms
[383.398s][info][gc,phases      ] GC(141)   Evacuate Collection Set: 118.24ms
[383.398s][info][gc,phases      ] GC(141)   Post Evacuate Collection Set: 0.96ms
[383.398s][info][gc,phases      ] GC(141)   Other: 0.09ms
[383.398s][info][gc,heap        ] GC(141) Eden regions: 1083->0(1089)
[383.398s][info][gc,heap        ] GC(141) Survivor regions: 120->72(151)
[383.398s][info][gc,heap        ] GC(141) Old regions: 545->617
[383.398s][info][gc,heap        ] GC(141) Humongous regions: 77->77
[383.398s][info][gc,metaspace   ] GC(141) Metaspace: 28835K(29184K)->28835K(29184K) NonClass: 23951K(24128K)->23951K(24128K) Class: 4883K(5056K)->4883K(5056K)
[383.398s][info][gc             ] GC(141) Pause Young (Prepare Mixed) (G1 Evacuation Pause) 3646M->1527M(4096M) 120.308ms
[383.398s][info][gc,cpu         ] GC(141) User=0.72s Sys=0.00s Real=0.12s
.[384.909s][info][gc,start       ] GC(142) Pause Young (Mixed) (G1 Evacuation Pause)
[384.909s][info][gc,task        ] GC(142) Using 6 workers of 6 for evacuation
[385.036s][info][gc,phases      ] GC(142)   Pre Evacuate Collection Set: 0.43ms
[385.036s][info][gc,phases      ] GC(142)   Merge Heap Roots: 0.91ms
[385.036s][info][gc,phases      ] GC(142)   Evacuate Collection Set: 124.64ms
[385.036s][info][gc,phases      ] GC(142)   Post Evacuate Collection Set: 1.04ms
[385.036s][info][gc,phases      ] GC(142)   Other: 0.10ms
[385.036s][info][gc,heap        ] GC(142) Eden regions: 1089->0(1115)
[385.036s][info][gc,heap        ] GC(142) Survivor regions: 72->113(146)
[385.036s][info][gc,heap        ] GC(142) Old regions: 617->483
[385.036s][info][gc,heap        ] GC(142) Humongous regions: 77->77
[385.036s][info][gc,metaspace   ] GC(142) Metaspace: 28835K(29184K)->28835K(29184K) NonClass: 23951K(24128K)->23951K(24128K) Class: 4883K(5056K)->4883K(5056K)
[385.036s][info][gc             ] GC(142) Pause Young (Mixed) (G1 Evacuation Pause) 3705M->1341M(4096M) 127.254ms
[385.036s][info][gc,cpu         ] GC(142) User=0.76s Sys=0.00s Real=0.13s
.[386.344s][info][gc,start       ] GC(143) Pause Young (Concurrent Start) (G1 Evacuation Pause)
[386.344s][info][gc,task        ] GC(143) Using 6 workers of 6 for evacuation
[386.467s][info][gc,phases      ] GC(143)   Pre Evacuate Collection Set: 0.37ms
[386.467s][info][gc,phases      ] GC(143)   Merge Heap Roots: 0.48ms
[386.467s][info][gc,phases      ] GC(143)   Evacuate Collection Set: 121.44ms
[386.467s][info][gc,phases      ] GC(143)   Post Evacuate Collection Set: 0.89ms
[386.467s][info][gc,phases      ] GC(143)   Other: 0.11ms
[386.467s][info][gc,heap        ] GC(143) Eden regions: 1115->0(1111)
[386.467s][info][gc,heap        ] GC(143) Survivor regions: 113->117(154)
[386.467s][info][gc,heap        ] GC(143) Old regions: 483->515
[386.467s][info][gc,heap        ] GC(143) Humongous regions: 77->77
[386.467s][info][gc,metaspace   ] GC(143) Metaspace: 28835K(29184K)->28835K(29184K) NonClass: 23951K(24128K)->23951K(24128K) Class: 4883K(5056K)->4883K(5056K)
[386.467s][info][gc             ] GC(143) Pause Young (Concurrent Start) (G1 Evacuation Pause) 3571M->1413M(4096M) 123.431ms
[386.467s][info][gc             ] GC(144) Concurrent Mark Cycle
[386.467s][info][gc,marking     ] GC(144) Concurrent Scan Root Regions
[386.467s][info][gc,cpu         ] GC(143) User=0.74s Sys=0.00s Real=0.13s
.[386.727s][info][gc,marking     ] GC(144) Concurrent Scan Root Regions 260.146ms
[386.727s][info][gc,marking     ] GC(144) Concurrent Mark
[386.727s][info][gc,marking     ] GC(144) Concurrent Mark From Roots
[386.727s][info][gc,task        ] GC(144) Using 2 workers of 2 for marking
.[388.319s][info][gc,marking     ] GC(144) Concurrent Mark From Roots 1591.292ms
[388.319s][info][gc,marking     ] GC(144) Concurrent Preclean
[388.319s][info][gc,marking     ] GC(144) Concurrent Preclean 0.094ms
[388.319s][info][gc,start       ] GC(144) Pause Remark
[388.322s][info][gc             ] GC(144) Pause Remark 3399M->3399M(4096M) 2.888ms
[388.322s][info][gc,cpu         ] GC(144) User=0.01s Sys=0.00s Real=0.00s
[388.322s][info][gc,marking     ] GC(144) Concurrent Mark 1594.646ms
[388.322s][info][gc,marking     ] GC(144) Concurrent Rebuild Remembered Sets and Scrub Regions
[388.465s][info][gc,start       ] GC(145) Pause Young (Normal) (G1 Evacuation Pause)
[388.466s][info][gc,task        ] GC(145) Using 6 workers of 6 for evacuation
[388.586s][info][gc,phases      ] GC(145)   Pre Evacuate Collection Set: 0.30ms
[388.586s][info][gc,phases      ] GC(145)   Merge Heap Roots: 0.47ms
[388.586s][info][gc,phases      ] GC(145)   Evacuate Collection Set: 119.16ms
[388.586s][info][gc,phases      ] GC(145)   Post Evacuate Collection Set: 0.91ms
[388.587s][info][gc,phases      ] GC(145)   Other: 0.08ms
[388.587s][info][gc,heap        ] GC(145) Eden regions: 1111->0(1118)
[388.587s][info][gc,heap        ] GC(145) Survivor regions: 117->69(154)
[388.587s][info][gc,heap        ] GC(145) Old regions: 515->591
[388.587s][info][gc,heap        ] GC(145) Humongous regions: 77->77
[388.587s][info][gc,metaspace   ] GC(145) Metaspace: 28838K(29184K)->28838K(29184K) NonClass: 23954K(24128K)->23954K(24128K) Class: 4883K(5056K)->4883K(5056K)
[388.587s][info][gc             ] GC(145) Pause Young (Normal) (G1 Evacuation Pause) 3635M->1470M(4096M) 121.078ms
[388.587s][info][gc,cpu         ] GC(145) User=0.72s Sys=0.00s Real=0.12s
[388.891s][info][gc,marking     ] GC(144) Concurrent Rebuild Remembered Sets and Scrub Regions 569.137ms
[388.896s][info][gc,start       ] GC(144) Pause Cleanup
[388.896s][info][gc             ] GC(144) Pause Cleanup 1780M->1780M(4096M) 0.169ms
[388.896s][info][gc,cpu         ] GC(144) User=0.00s Sys=0.00s Real=0.00s
[388.896s][info][gc,marking     ] GC(144) Concurrent Clear Claimed Marks
[388.896s][info][gc,marking     ] GC(144) Concurrent Clear Claimed Marks 0.041ms
[388.896s][info][gc,marking     ] GC(144) Concurrent Cleanup for Next Mark
[388.902s][info][gc,marking     ] GC(144) Concurrent Cleanup for Next Mark 5.324ms
[388.902s][info][gc             ] GC(144) Concurrent Mark Cycle 2434.610ms
.[390.113s][info][gc,start       ] GC(146) Pause Young (Prepare Mixed) (G1 Evacuation Pause)
[390.113s][info][gc,task        ] GC(146) Using 6 workers of 6 for evacuation
[390.215s][info][gc,phases      ] GC(146)   Pre Evacuate Collection Set: 0.33ms
[390.215s][info][gc,phases      ] GC(146)   Merge Heap Roots: 0.49ms
[390.215s][info][gc,phases      ] GC(146)   Evacuate Collection Set: 99.55ms
[390.215s][info][gc,phases      ] GC(146)   Post Evacuate Collection Set: 0.94ms
[390.215s][info][gc,phases      ] GC(146)   Other: 0.09ms
[390.215s][info][gc,heap        ] GC(146) Eden regions: 1118->0(1045)
[390.215s][info][gc,heap        ] GC(146) Survivor regions: 69->116(149)
[390.215s][info][gc,heap        ] GC(146) Old regions: 591->591
[390.215s][info][gc,heap        ] GC(146) Humongous regions: 77->77
[390.215s][info][gc,metaspace   ] GC(146) Metaspace: 28838K(29184K)->28838K(29184K) NonClass: 23954K(24128K)->23954K(24128K) Class: 4883K(5056K)->4883K(5056K)
[390.215s][info][gc             ] GC(146) Pause Young (Prepare Mixed) (G1 Evacuation Pause) 3706M->1564M(4096M) 101.536ms
[390.215s][info][gc,cpu         ] GC(146) User=0.60s Sys=0.00s Real=0.11s
. (rIR:aIR:PR = 11548:11229:10858) (tPR = 163914) [PR is under limit] 
   390s: Re-initializing (term[391.571s][info][gc,start       ] GC(147) Pause Young (Mixed) (G1 Evacuation Pause)
[391.571s][info][gc,task        ] GC(147) Using 6 workers of 6 for evacuation
[391.707s][info][gc,phases      ] GC(147)   Pre Evacuate Collection Set: 0.37ms
[391.707s][info][gc,phases      ] GC(147)   Merge Heap Roots: 0.61ms
[391.707s][info][gc,phases      ] GC(147)   Evacuate Collection Set: 133.53ms
[391.707s][info][gc,phases      ] GC(147)   Post Evacuate Collection Set: 0.99ms
[391.707s][info][gc,phases      ] GC(147)   Other: 0.09ms
[391.707s][info][gc,heap        ] GC(147) Eden regions: 1045->0(1113)
[391.707s][info][gc,heap        ] GC(147) Survivor regions: 116->115(146)
[391.707s][info][gc,heap        ] GC(147) Old regions: 591->510
[391.707s][info][gc,heap        ] GC(147) Humongous regions: 77->77
[391.707s][info][gc,metaspace   ] GC(147) Metaspace: 28838K(29184K)->28838K(29184K) NonClass: 23954K(24128K)->23954K(24128K) Class: 4883K(5056K)->4883K(5056K)
[391.707s][info][gc             ] GC(147) Pause Young (Mixed) (G1 Evacuation Pause) 3654M->1401M(4096M) 135.715ms
[391.707s][info][gc,cpu         ] GC(147) User=0.80s Sys=0.00s Real=0.14s
[393.152s][info][gc,start       ] GC(148) Pause Young (Concurrent Start) (G1 Evacuation Pause)
[393.152s][info][gc,task        ] GC(148) Using 6 workers of 6 for evacuation
[393.287s][info][gc,phases      ] GC(148)   Pre Evacuate Collection Set: 0.38ms
[393.287s][info][gc,phases      ] GC(148)   Merge Heap Roots: 0.50ms
[393.287s][info][gc,phases      ] GC(148)   Evacuate Collection Set: 133.50ms
[393.287s][info][gc,phases      ] GC(148)   Post Evacuate Collection Set: 0.89ms
[393.287s][info][gc,phases      ] GC(148)   Other: 0.12ms
[393.287s][info][gc,heap        ] GC(148) Eden regions: 1113->0(1068)
[393.287s][info][gc,heap        ] GC(148) Survivor regions: 115->129(154)
[393.287s][info][gc,heap        ] GC(148) Old regions: 510->542
[393.287s][info][gc,heap        ] GC(148) Humongous regions: 77->77
[393.287s][info][gc,metaspace   ] GC(148) Metaspace: 28838K(29184K)->28838K(29184K) NonClass: 23954K(24128K)->23954K(24128K) Class: 4883K(5056K)->4883K(5056K)
[393.287s][info][gc             ] GC(148) Pause Young (Concurrent Start) (G1 Evacuation Pause) 3627M->1492M(4096M) 135.521ms
[393.287s][info][gc             ] GC(149) Concurrent Mark Cycle
[393.287s][info][gc,marking     ] GC(149) Concurrent Scan Root Regions
[393.287s][info][gc,cpu         ] GC(148) User=0.80s Sys=0.00s Real=0.14s
[393.492s][info][gc,marking     ] GC(149) Concurrent Scan Root Regions 204.285ms
[393.492s][info][gc,marking     ] GC(149) Concurrent Mark
[393.492s][info][gc,marking     ] GC(149) Concurrent Mark From Roots
[393.492s][info][gc,task        ] GC(149) Using 2 workers of 2 for marking
[394.729s][info][gc,marking     ] GC(149) Concurrent Mark From Roots 1237.494ms
[394.729s][info][gc,marking     ] GC(149) Concurrent Preclean
[394.729s][info][gc,marking     ] GC(149) Concurrent Preclean 0.117ms
[394.733s][info][gc,start       ] GC(149) Pause Remark
[394.735s][info][gc             ] GC(149) Pause Remark 3068M->3068M(4096M) 2.413ms
[394.735s][info][gc,cpu         ] GC(149) User=0.01s Sys=0.00s Real=0.01s
[394.736s][info][gc,marking     ] GC(149) Concurrent Mark 1244.483ms
[394.736s][info][gc,marking     ] GC(149) Concurrent Rebuild Remembered Sets and Scrub Regions
[395.207s][info][gc,start       ] GC(150) Pause Young (Normal) (G1 Evacuation Pause)
[395.207s][info][gc,task        ] GC(150) Using 6 workers of 6 for evacuation
[395.348s][info][gc,phases      ] GC(150)   Pre Evacuate Collection Set: 0.39ms
[395.348s][info][gc,phases      ] GC(150)   Merge Heap Roots: 0.58ms
[395.348s][info][gc,phases      ] GC(150)   Evacuate Collection Set: 138.71ms
[395.348s][info][gc,phases      ] GC(150)   Post Evacuate Collection Set: 0.91ms
[395.348s][info][gc,phases      ] GC(150)   Other: 0.86ms
[395.348s][info][gc,heap        ] GC(150) Eden regions: 1068->0(1065)
[395.348s][info][gc,heap        ] GC(150) Survivor regions: 129->80(150)
[395.348s][info][gc,heap        ] GC(150) Old regions: 542->630
[395.348s][info][gc,heap        ] GC(150) Humongous regions: 77->77
[395.348s][info][gc,metaspace   ] GC(150) Metaspace: 28838K(29184K)->28838K(29184K) NonClass: 23954K(24128K)->23954K(24128K) Class: 4883K(5056K)->4883K(5056K)
[395.348s][info][gc             ] GC(150) Pause Young (Normal) (G1 Evacuation Pause) 3628M->1570M(4096M) 141.590ms
[395.348s][info][gc,cpu         ] GC(150) User=0.84s Sys=0.00s Real=0.14s
[395.672s][info][gc,marking     ] GC(149) Concurrent Rebuild Remembered Sets and Scrub Regions 935.706ms
[395.673s][info][gc,start       ] GC(149) Pause Cleanup
[395.674s][info][gc             ] GC(149) Pause Cleanup 2130M->2130M(4096M) 0.171ms
[395.674s][info][gc,cpu         ] GC(149) User=0.00s Sys=0.00s Real=0.00s
[395.675s][info][gc,marking     ] GC(149) Concurrent Clear Claimed Marks
[395.675s][info][gc,marking     ] GC(149) Concurrent Clear Claimed Marks 0.038ms
[395.675s][info][gc,marking     ] GC(149) Concurrent Cleanup for Next Mark
[395.680s][info][gc,marking     ] GC(149) Concurrent Cleanup for Next Mark 4.743ms
[395.680s][info][gc             ] GC(149) Concurrent Mark Cycle 2392.491ms
) [395.729s][info][gc,start       ] GC(151) Pause Full (System.gc())
[395.729s][info][gc,task        ] GC(151) Using 6 workers of 6 for full compaction
[395.729s][info][gc,phases,start] GC(151) Phase 1: Mark live objects
[395.744s][info][gc,phases      ] GC(151) Phase 1: Mark live objects 14.457ms
[395.744s][info][gc,phases,start] GC(151) Phase 2: Prepare compaction
[395.746s][info][gc,phases      ] GC(151) Phase 2: Prepare compaction 2.460ms
[395.746s][info][gc,phases,start] GC(151) Phase 3: Adjust pointers
[395.753s][info][gc,phases      ] GC(151) Phase 3: Adjust pointers 6.842ms
[395.753s][info][gc,phases,start] GC(151) Phase 4: Compact heap
[395.756s][info][gc,phases      ] GC(151) Phase 4: Compact heap 2.462ms
[395.756s][info][gc,phases,start] GC(151) Phase 5: Reset Metadata
[395.760s][info][gc,phases      ] GC(151) Phase 5: Reset Metadata 4.446ms
[395.767s][info][gc,heap        ] GC(151) Eden regions: 326->0(1228)
[395.767s][info][gc,heap        ] GC(151) Survivor regions: 80->0(150)
[395.767s][info][gc,heap        ] GC(151) Old regions: 630->34
[395.767s][info][gc,heap        ] GC(151) Humongous regions: 77->66
[395.767s][info][gc,metaspace   ] GC(151) Metaspace: 28840K(29184K)->28840K(29184K) NonClass: 23957K(24128K)->23957K(24128K) Class: 4883K(5056K)->4883K(5056K)
[395.767s][info][gc             ] GC(151) Pause Full (System.gc()) 2221M->194M(4096M) 38.118ms
[395.767s][info][gc,cpu         ] GC(151) User=0.20s Sys=0.00s Real=0.04s
(init[396.004s][info][gc,start       ] GC(152) Pause Young (Concurrent Start) (G1 Humongous Allocation)
[396.004s][info][gc,task        ] GC(152) Using 6 workers of 6 for evacuation
[396.012s][info][gc,phases      ] GC(152)   Pre Evacuate Collection Set: 0.36ms
[396.012s][info][gc,phases      ] GC(152)   Merge Heap Roots: 0.02ms
[396.012s][info][gc,phases      ] GC(152)   Evacuate Collection Set: 7.99ms
[396.012s][info][gc,phases      ] GC(152)   Post Evacuate Collection Set: 0.23ms
[396.012s][info][gc,phases      ] GC(152)   Other: 0.08ms
[396.012s][info][gc,heap        ] GC(152) Eden regions: 30->0(1219)
[396.012s][info][gc,heap        ] GC(152) Survivor regions: 0->9(154)
[396.012s][info][gc,heap        ] GC(152) Old regions: 34->34
[396.012s][info][gc,heap        ] GC(152) Humongous regions: 66->66
[396.012s][info][gc,metaspace   ] GC(152) Metaspace: 28840K(29184K)->28840K(29184K) NonClass: 23957K(24128K)->23957K(24128K) Class: 4883K(5056K)->4883K(5056K)
[396.012s][info][gc             ] GC(152) Pause Young (Concurrent Start) (G1 Humongous Allocation) 254M->211M(4096M) 8.812ms
[396.012s][info][gc             ] GC(153) Concurrent Mark Cycle
[396.012s][info][gc,cpu         ] GC(152) User=0.05s Sys=0.00s Real=0.01s
[396.012s][info][gc,marking     ] GC(153) Concurrent Scan Root Regions
[396.016s][info][gc,marking     ] GC(153) Concurrent Scan Root Regions 3.623ms
[396.016s][info][gc,marking     ] GC(153) Concurrent Mark
[396.016s][info][gc,marking     ] GC(153) Concurrent Mark From Roots
[396.016s][info][gc,task        ] GC(153) Using 2 workers of 2 for marking
[396.063s][info][gc,marking     ] GC(153) Concurrent Mark From Roots 46.947ms
[396.063s][info][gc,marking     ] GC(153) Concurrent Preclean
[396.063s][info][gc,marking     ] GC(153) Concurrent Preclean 0.049ms
[396.063s][info][gc,start       ] GC(153) Pause Remark
[396.065s][info][gc             ] GC(153) Pause Remark 286M->286M(4096M) 1.841ms
[396.065s][info][gc,cpu         ] GC(153) User=0.01s Sys=0.00s Real=0.01s
[396.065s][info][gc,marking     ] GC(153) Concurrent Mark 49.014ms
[396.065s][info][gc,marking     ] GC(153) Concurrent Rebuild Remembered Sets and Scrub Regions
[396.085s][info][gc,marking     ] GC(153) Concurrent Rebuild Remembered Sets and Scrub Regions 19.364ms
[396.085s][info][gc,start       ] GC(153) Pause Cleanup
[396.085s][info][gc             ] GC(153) Pause Cleanup 311M->311M(4096M) 0.077ms
[396.085s][info][gc,cpu         ] GC(153) User=0.00s Sys=0.00s Real=0.00s
[396.085s][info][gc,marking     ] GC(153) Concurrent Clear Claimed Marks
[396.085s][info][gc,marking     ] GC(153) Concurrent Clear Claimed Marks 0.031ms
[396.085s][info][gc,marking     ] GC(153) Concurrent Cleanup for Next Mark
[396.089s][info][gc,marking     ] GC(153) Concurrent Cleanup for Next Mark 4.437ms
[396.089s][info][gc             ] GC(153) Concurrent Mark Cycle 76.826ms
) ... OK
   400s: high-bound for max-jOPS is measured to be 13837
   400s: 
   400s: Restarting (term) [400.459s][info][gc,start       ] GC(154) Pause Full (System.gc())
[400.459s][info][gc,task        ] GC(154) Using 6 workers of 6 for full compaction
[400.460s][info][gc,phases,start] GC(154) Phase 1: Mark live objects
[400.474s][info][gc,phases      ] GC(154) Phase 1: Mark live objects 14.663ms
[400.474s][info][gc,phases,start] GC(154) Phase 2: Prepare compaction
[400.477s][info][gc,phases      ] GC(154) Phase 2: Prepare compaction 2.282ms
[400.477s][info][gc,phases,start] GC(154) Phase 3: Adjust pointers
[400.483s][info][gc,phases      ] GC(154) Phase 3: Adjust pointers 6.874ms
[400.483s][info][gc,phases,start] GC(154) Phase 4: Compact heap
[400.486s][info][gc,phases      ] GC(154) Phase 4: Compact heap 2.160ms
[400.486s][info][gc,phases,start] GC(154) Phase 5: Reset Metadata
[400.490s][info][gc,phases      ] GC(154) Phase 5: Reset Metadata 4.182ms
[400.496s][info][gc,heap        ] GC(154) Eden regions: 929->0(1228)
[400.496s][info][gc,heap        ] GC(154) Survivor regions: 9->0(154)
[400.496s][info][gc,heap        ] GC(154) Old regions: 34->34
[400.496s][info][gc,heap        ] GC(154) Humongous regions: 163->66
[400.496s][info][gc,metaspace   ] GC(154) Metaspace: 28852K(29184K)->28852K(29184K) NonClass: 23969K(24128K)->23969K(24128K) Class: 4883K(5056K)->4883K(5056K)
[400.496s][info][gc             ] GC(154) Pause Full (System.gc()) 2261M->193M(4096M) 37.248ms
[400.496s][info][gc,cpu         ] GC(154) User=0.20s Sys=0.00s Real=0.04s
(init[400.732s][info][gc,start       ] GC(155) Pause Young (Concurrent Start) (G1 Humongous Allocation)
[400.733s][info][gc,task        ] GC(155) Using 6 workers of 6 for evacuation
[400.746s][info][gc,phases      ] GC(155)   Pre Evacuate Collection Set: 0.39ms
[400.746s][info][gc,phases      ] GC(155)   Merge Heap Roots: 0.04ms
[400.746s][info][gc,phases      ] GC(155)   Evacuate Collection Set: 13.14ms
[400.746s][info][gc,phases      ] GC(155)   Post Evacuate Collection Set: 0.27ms
[400.746s][info][gc,phases      ] GC(155)   Other: 0.07ms
[400.746s][info][gc,heap        ] GC(155) Eden regions: 48->0(1213)
[400.746s][info][gc,heap        ] GC(155) Survivor regions: 0->15(154)
[400.747s][info][gc,heap        ] GC(155) Old regions: 34->34
[400.747s][info][gc,heap        ] GC(155) Humongous regions: 66->66
[400.747s][info][gc,metaspace   ] GC(155) Metaspace: 28852K(29184K)->28852K(29184K) NonClass: 23969K(24128K)->23969K(24128K) Class: 4883K(5056K)->4883K(5056K)
[400.747s][info][gc             ] GC(155) Pause Young (Concurrent Start) (G1 Humongous Allocation) 289M->222M(4096M) 14.049ms
[400.747s][info][gc             ] GC(156) Concurrent Mark Cycle
[400.747s][info][gc,cpu         ] GC(155) User=0.07s Sys=0.01s Real=0.02s
[400.747s][info][gc,marking     ] GC(156) Concurrent Scan Root Regions
[400.756s][info][gc,marking     ] GC(156) Concurrent Scan Root Regions 9.188ms
[400.756s][info][gc,marking     ] GC(156) Concurrent Mark
[400.756s][info][gc,marking     ] GC(156) Concurrent Mark From Roots
[400.756s][info][gc,task        ] GC(156) Using 2 workers of 2 for marking
[400.802s][info][gc,marking     ] GC(156) Concurrent Mark From Roots 45.783ms
[400.802s][info][gc,marking     ] GC(156) Concurrent Preclean
[400.802s][info][gc,marking     ] GC(156) Concurrent Preclean 0.045ms
[400.802s][info][gc,start       ] GC(156) Pause Remark
[400.804s][info][gc             ] GC(156) Pause Remark 301M->301M(4096M) 1.843ms
[400.804s][info][gc,cpu         ] GC(156) User=0.00s Sys=0.00s Real=0.00s
[400.804s][info][gc,marking     ] GC(156) Concurrent Mark 47.814ms
[400.804s][info][gc,marking     ] GC(156) Concurrent Rebuild Remembered Sets and Scrub Regions
[400.825s][info][gc,marking     ] GC(156) Concurrent Rebuild Remembered Sets and Scrub Regions 21.249ms
[400.825s][info][gc,start       ] GC(156) Pause Cleanup
[400.825s][info][gc             ] GC(156) Pause Cleanup 343M->343M(4096M) 0.066ms
[400.825s][info][gc,cpu         ] GC(156) User=0.00s Sys=0.00s Real=0.00s
[400.825s][info][gc,marking     ] GC(156) Concurrent Clear Claimed Marks
[400.825s][info][gc,marking     ] GC(156) Concurrent Clear Claimed Marks 0.034ms
[400.825s][info][gc,marking     ] GC(156) Concurrent Cleanup for Next Mark
[400.829s][info][gc,marking     ] GC(156) Concurrent Cleanup for Next Mark 4.039ms
[400.829s][info][gc             ] GC(156) Concurrent Mark Cycle 82.649ms
) ... OK
   404s: 
   404s: Warmup for building throughput-responsetime curve
   404s: (10%)   IR =   1384 ..[408.124s][info][gc,start       ] GC(157) Pause Young (Prepare Mixed) (G1 Evacuation Pause)
[408.124s][info][gc,task        ] GC(157) Using 6 workers of 6 for evacuation
[408.602s][info][gc,mmu         ] GC(157) MMU target violated: 201.0ms (200.0ms/201.0ms)
[408.602s][info][gc,phases      ] GC(157)   Pre Evacuate Collection Set: 0.34ms
[408.602s][info][gc,phases      ] GC(157)   Merge Heap Roots: 0.63ms
[408.602s][info][gc,phases      ] GC(157)   Evacuate Collection Set: 475.52ms
[408.602s][info][gc,phases      ] GC(157)   Post Evacuate Collection Set: 1.30ms
[408.602s][info][gc,phases      ] GC(157)   Other: 0.12ms
[408.602s][info][gc,heap        ] GC(157) Eden regions: 1213->0(482)
[408.602s][info][gc,heap        ] GC(157) Survivor regions: 15->154(154)
[408.602s][info][gc,heap        ] GC(157) Old regions: 34->343
[408.602s][info][gc,heap        ] GC(157) Humongous regions: 163->155
[408.602s][info][gc,metaspace   ] GC(157) Metaspace: 28854K(29184K)->28854K(29184K) NonClass: 23970K(24128K)->23970K(24128K) Class: 4883K(5056K)->4883K(5056K)
[408.602s][info][gc             ] GC(157) Pause Young (Prepare Mixed) (G1 Evacuation Pause) 2842M->1297M(4096M) 478.035ms
[408.602s][info][gc,cpu         ] GC(157) User=2.85s Sys=0.00s Real=0.48s
....[412.304s][info][gc,start       ] GC(158) Pause Young (Mixed) (G1 Evacuation Pause)
[412.305s][info][gc,task        ] GC(158) Using 6 workers of 6 for evacuation
[412.499s][info][gc,phases      ] GC(158)   Pre Evacuate Collection Set: 0.35ms
[412.499s][info][gc,phases      ] GC(158)   Merge Heap Roots: 0.61ms
[412.499s][info][gc,phases      ] GC(158)   Evacuate Collection Set: 192.65ms
[412.499s][info][gc,phases      ] GC(158)   Post Evacuate Collection Set: 0.62ms
[412.499s][info][gc,phases      ] GC(158)   Other: 0.07ms
[412.499s][info][gc,heap        ] GC(158) Eden regions: 474->0(653)
[412.499s][info][gc,heap        ] GC(158) Survivor regions: 154->29(79)
[412.499s][info][gc,heap        ] GC(158) Old regions: 343->494
[412.499s][info][gc,heap        ] GC(158) Humongous regions: 155->155
[412.499s][info][gc,metaspace   ] GC(158) Metaspace: 28855K(29184K)->28855K(29184K) NonClass: 23971K(24128K)->23971K(24128K) Class: 4883K(5056K)->4883K(5056K)
[412.499s][info][gc             ] GC(158) Pause Young (Mixed) (G1 Evacuation Pause) 2245M->1350M(4096M) 194.462ms
[412.499s][info][gc,cpu         ] GC(158) User=1.16s Sys=0.00s Real=0.20s
......[418.021s][info][gc,start       ] GC(159) Pause Young (Concurrent Start) (G1 Evacuation Pause)
[418.021s][info][gc,task        ] GC(159) Using 6 workers of 6 for evacuation
[418.079s][info][gc,phases      ] GC(159)   Pre Evacuate Collection Set: 0.44ms
[418.079s][info][gc,phases      ] GC(159)   Merge Heap Roots: 0.43ms
[418.079s][info][gc,phases      ] GC(159)   Evacuate Collection Set: 56.42ms
[418.079s][info][gc,phases      ] GC(159)   Post Evacuate Collection Set: 0.67ms
[418.079s][info][gc,phases      ] GC(159)   Other: 0.11ms
[418.079s][info][gc,heap        ] GC(159) Eden regions: 682->0(695)
[418.079s][info][gc,heap        ] GC(159) Survivor regions: 29->59(89)
[418.079s][info][gc,heap        ] GC(159) Old regions: 494->494
[418.079s][info][gc,heap        ] GC(159) Humongous regions: 155->155
[418.079s][info][gc,metaspace   ] GC(159) Metaspace: 28855K(29184K)->28855K(29184K) NonClass: 23971K(24128K)->23971K(24128K) Class: 4883K(5056K)->4883K(5056K)
[418.079s][info][gc             ] GC(159) Pause Young (Concurrent Start) (G1 Evacuation Pause) 2714M->1410M(4096M) 58.200ms
[418.079s][info][gc             ] GC(160) Concurrent Mark Cycle
[418.079s][info][gc,marking     ] GC(160) Concurrent Scan Root Regions
[418.079s][info][gc,cpu         ] GC(159) User=0.34s Sys=0.00s Real=0.06s
[418.141s][info][gc,marking     ] GC(160) Concurrent Scan Root Regions 61.946ms
[418.141s][info][gc,marking     ] GC(160) Concurrent Mark
[418.141s][info][gc,marking     ] GC(160) Concurrent Mark From Roots
[418.141s][info][gc,task        ] GC(160) Using 2 workers of 2 for marking
.[418.679s][info][gc,marking     ] GC(160) Concurrent Mark From Roots 537.378ms
[418.679s][info][gc,marking     ] GC(160) Concurrent Preclean
[418.679s][info][gc,marking     ] GC(160) Concurrent Preclean 0.057ms
[418.679s][info][gc,start       ] GC(160) Pause Remark
[418.683s][info][gc             ] GC(160) Pause Remark 1589M->1369M(4096M) 3.481ms
[418.683s][info][gc,cpu         ] GC(160) User=0.02s Sys=0.00s Real=0.00s
[418.683s][info][gc,marking     ] GC(160) Concurrent Mark 541.189ms
[418.683s][info][gc,marking     ] GC(160) Concurrent Rebuild Remembered Sets and Scrub Regions
[418.882s][info][gc,marking     ] GC(160) Concurrent Rebuild Remembered Sets and Scrub Regions 198.908ms
[418.882s][info][gc,start       ] GC(160) Pause Cleanup
[418.882s][info][gc             ] GC(160) Pause Cleanup 1413M->1413M(4096M) 0.110ms
[418.882s][info][gc,cpu         ] GC(160) User=0.00s Sys=0.00s Real=0.00s
[418.882s][info][gc,marking     ] GC(160) Concurrent Clear Claimed Marks
[418.882s][info][gc,marking     ] GC(160) Concurrent Clear Claimed Marks 0.031ms
[418.882s][info][gc,marking     ] GC(160) Concurrent Cleanup for Next Mark
[418.886s][info][gc,marking     ] GC(160) Concurrent Cleanup for Next Mark 3.865ms
[418.886s][info][gc             ] GC(160) Concurrent Mark Cycle 806.432ms
.....[423.843s][info][gc,start       ] GC(161) Pause Young (Prepare Mixed) (G1 Evacuation Pause)
[423.843s][info][gc,task        ] GC(161) Using 6 workers of 6 for evacuation
[423.921s][info][gc,phases      ] GC(161)   Pre Evacuate Collection Set: 0.35ms
[423.921s][info][gc,phases      ] GC(161)   Merge Heap Roots: 0.52ms
[423.921s][info][gc,phases      ] GC(161)   Evacuate Collection Set: 76.44ms
[423.921s][info][gc,phases      ] GC(161)   Post Evacuate Collection Set: 0.71ms
[423.921s][info][gc,phases      ] GC(161)   Other: 0.08ms
[423.921s][info][gc,heap        ] GC(161) Eden regions: 686->0(956)
[423.921s][info][gc,heap        ] GC(161) Survivor regions: 59->66(94)
[423.921s][info][gc,heap        ] GC(161) Old regions: 464->485
[423.921s][info][gc,heap        ] GC(161) Humongous regions: 75->75
[423.921s][info][gc,metaspace   ] GC(161) Metaspace: 28857K(29184K)->28857K(29184K) NonClass: 23973K(24128K)->23973K(24128K) Class: 4883K(5056K)->4883K(5056K)
[423.922s][info][gc             ] GC(161) Pause Young (Prepare Mixed) (G1 Evacuation Pause) 2562M->1246M(4096M) 78.237ms
[423.922s][info][gc,cpu         ] GC(161) User=0.46s Sys=0.00s Real=0.08s
........[432.540s][info][gc,start       ] GC(162) Pause Young (Mixed) (G1 Evacuation Pause)
[432.540s][info][gc,task        ] GC(162) Using 6 workers of 6 for evacuation
[432.639s][info][gc,phases      ] GC(162)   Pre Evacuate Collection Set: 0.32ms
[432.639s][info][gc,phases      ] GC(162)   Merge Heap Roots: 0.50ms
[432.639s][info][gc,phases      ] GC(162)   Evacuate Collection Set: 97.03ms
[432.639s][info][gc,phases      ] GC(162)   Post Evacuate Collection Set: 0.91ms
[432.639s][info][gc,phases      ] GC(162)   Other: 0.08ms
[432.639s][info][gc,heap        ] GC(162) Eden regions: 1010->0(844)
[432.639s][info][gc,heap        ] GC(162) Survivor regions: 66->108(135)
[432.639s][info][gc,heap        ] GC(162) Old regions: 485->482
[432.639s][info][gc,heap        ] GC(162) Humongous regions: 75->75
[432.639s][info][gc,metaspace   ] GC(162) Metaspace: 28858K(29184K)->28858K(29184K) NonClass: 23974K(24128K)->23974K(24128K) Class: 4883K(5056K)->4883K(5056K)
[432.639s][info][gc             ] GC(162) Pause Young (Mixed) (G1 Evacuation Pause) 3266M->1325M(4096M) 98.978ms
[432.639s][info][gc,cpu         ] GC(162) User=0.59s Sys=0.00s Real=0.10s
........[440.050s][info][gc,start       ] GC(163) Pause Young (Mixed) (G1 Evacuation Pause)
[440.050s][info][gc,task        ] GC(163) Using 6 workers of 6 for evacuation
[440.166s][info][gc,phases      ] GC(163)   Pre Evacuate Collection Set: 0.37ms
[440.166s][info][gc,phases      ] GC(163)   Merge Heap Roots: 0.48ms
[440.166s][info][gc,phases      ] GC(163)   Evacuate Collection Set: 114.81ms
[440.166s][info][gc,phases      ] GC(163)   Post Evacuate Collection Set: 0.78ms
[440.166s][info][gc,phases      ] GC(163)   Other: 0.08ms
[440.166s][info][gc,heap        ] GC(163) Eden regions: 875->0(1071)
[440.166s][info][gc,heap        ] GC(163) Survivor regions: 108->90(123)
[440.166s][info][gc,heap        ] GC(163) Old regions: 482->522
[440.166s][info][gc,heap        ] GC(163) Humongous regions: 77->77
[440.166s][info][gc,metaspace   ] GC(163) Metaspace: 28860K(29184K)->28860K(29184K) NonClass: 23976K(24128K)->23976K(24128K) Class: 4883K(5056K)->4883K(5056K)
[440.166s][info][gc             ] GC(163) Pause Young (Mixed) (G1 Evacuation Pause) 3079M->1374M(4096M) 116.641ms
[440.166s][info][gc,cpu         ] GC(163) User=0.69s Sys=0.00s Real=0.12s
.........[449.605s][info][gc,start       ] GC(164) Pause Young (Mixed) (G1 Evacuation Pause)
[449.605s][info][gc,task        ] GC(164) Using 6 workers of 6 for evacuation
[449.725s][info][gc,phases      ] GC(164)   Pre Evacuate Collection Set: 0.38ms
[449.725s][info][gc,phases      ] GC(164)   Merge Heap Roots: 0.56ms
[449.725s][info][gc,phases      ] GC(164)   Evacuate Collection Set: 112.90ms
[449.725s][info][gc,phases      ] GC(164)   Merge Optional Heap Roots: 0.31ms
[449.725s][info][gc,phases      ] GC(164)   Evacuate Optional Collection Set: 4.80ms
[449.725s][info][gc,phases      ] GC(164)   Post Evacuate Collection Set: 1.07ms
[449.725s][info][gc,phases      ] GC(164)   Other: 0.09ms
[449.725s][info][gc,heap        ] GC(164) Eden regions: 1071->0(1084)
[449.725s][info][gc,heap        ] GC(164) Survivor regions: 90->92(146)
[449.725s][info][gc,heap        ] GC(164) Old regions: 522->534
[449.725s][info][gc,heap        ] GC(164) Humongous regions: 77->77
[449.725s][info][gc,metaspace   ] GC(164) Metaspace: 28860K(29184K)->28860K(29184K) NonClass: 23977K(24128K)->23977K(24128K) Class: 4883K(5056K)->4883K(5056K)
[449.725s][info][gc             ] GC(164) Pause Young (Mixed) (G1 Evacuation Pause) 3516M->1402M(4096M) 120.239ms
[449.725s][info][gc,cpu         ] GC(164) User=0.71s Sys=0.01s Real=0.12s
...........[460.720s][info][gc,start       ] GC(165) Pause Young (Mixed) (G1 Evacuation Pause)
[460.720s][info][gc,task        ] GC(165) Using 6 workers of 6 for evacuation
[460.841s][info][gc,phases      ] GC(165)   Pre Evacuate Collection Set: 0.35ms
[460.842s][info][gc,phases      ] GC(165)   Merge Heap Roots: 0.69ms
[460.842s][info][gc,phases      ] GC(165)   Evacuate Collection Set: 119.11ms
[460.842s][info][gc,phases      ] GC(165)   Post Evacuate Collection Set: 0.91ms
[460.842s][info][gc,phases      ] GC(165)   Other: 0.10ms
[460.842s][info][gc,heap        ] GC(165) Eden regions: 1084->0(1067)
[460.842s][info][gc,heap        ] GC(165) Survivor regions: 92->106(147)
[460.842s][info][gc,heap        ] GC(165) Old regions: 534->562
[460.842s][info][gc,heap        ] GC(165) Humongous regions: 77->77
[460.842s][info][gc,metaspace   ] GC(165) Metaspace: 28861K(29184K)->28861K(29184K) NonClass: 23977K(24128K)->23977K(24128K) Class: 4883K(5056K)->4883K(5056K)
[460.842s][info][gc             ] GC(165) Pause Young (Mixed) (G1 Evacuation Pause) 3570M->1485M(4096M) 121.300ms
[460.842s][info][gc,cpu         ] GC(165) User=0.72s Sys=0.00s Real=0.12s
............[472.507s][info][gc,start       ] GC(166) Pause Young (Concurrent Start) (G1 Evacuation Pause)
[472.507s][info][gc,task        ] GC(166) Using 6 workers of 6 for evacuation
[472.622s][info][gc,phases      ] GC(166)   Pre Evacuate Collection Set: 0.40ms
[472.622s][info][gc,phases      ] GC(166)   Merge Heap Roots: 0.42ms
[472.622s][info][gc,phases      ] GC(166)   Evacuate Collection Set: 113.41ms
[472.622s][info][gc,phases      ] GC(166)   Post Evacuate Collection Set: 0.93ms
[472.622s][info][gc,phases      ] GC(166)   Other: 0.11ms
[472.622s][info][gc,heap        ] GC(166) Eden regions: 1067->0(1054)
[472.622s][info][gc,heap        ] GC(166) Survivor regions: 106->105(147)
[472.622s][info][gc,heap        ] GC(166) Old regions: 562->597
[472.622s][info][gc,heap        ] GC(166) Humongous regions: 77->77
[472.622s][info][gc,metaspace   ] GC(166) Metaspace: 28865K(29184K)->28865K(29184K) NonClass: 23981K(24128K)->23981K(24128K) Class: 4883K(5056K)->4883K(5056K)
[472.623s][info][gc             ] GC(166) Pause Young (Concurrent Start) (G1 Evacuation Pause) 3619M->1554M(4096M) 115.400ms
[472.623s][info][gc             ] GC(167) Concurrent Mark Cycle
[472.623s][info][gc,marking     ] GC(167) Concurrent Scan Root Regions
[472.623s][info][gc,cpu         ] GC(166) User=0.69s Sys=0.00s Real=0.11s
[472.738s][info][gc,marking     ] GC(167) Concurrent Scan Root Regions 115.438ms
[472.738s][info][gc,marking     ] GC(167) Concurrent Mark
[472.738s][info][gc,marking     ] GC(167) Concurrent Mark From Roots
[472.738s][info][gc,task        ] GC(167) Using 2 workers of 2 for marking
.[473.200s][info][gc,marking     ] GC(167) Concurrent Mark From Roots 461.553ms
[473.200s][info][gc,marking     ] GC(167) Concurrent Preclean
[473.200s][info][gc,marking     ] GC(167) Concurrent Preclean 0.058ms
[473.200s][info][gc,start       ] GC(167) Pause Remark
[473.203s][info][gc             ] GC(167) Pause Remark 1680M->1680M(4096M) 3.180ms
[473.203s][info][gc,cpu         ] GC(167) User=0.02s Sys=0.00s Real=0.00s
[473.203s][info][gc,marking     ] GC(167) Concurrent Mark 465.063ms
[473.203s][info][gc,marking     ] GC(167) Concurrent Rebuild Remembered Sets and Scrub Regions
[473.401s][info][gc,marking     ] GC(167) Concurrent Rebuild Remembered Sets and Scrub Regions 198.026ms
[473.401s][info][gc,start       ] GC(167) Pause Cleanup
[473.401s][info][gc             ] GC(167) Pause Cleanup 1704M->1704M(4096M) 0.168ms
[473.401s][info][gc,cpu         ] GC(167) User=0.00s Sys=0.00s Real=0.00s
[473.402s][info][gc,marking     ] GC(167) Concurrent Clear Claimed Marks
[473.402s][info][gc,marking     ] GC(167) Concurrent Clear Claimed Marks 0.032ms
[473.402s][info][gc,marking     ] GC(167) Concurrent Cleanup for Next Mark
[473.405s][info][gc,marking     ] GC(167) Concurrent Cleanup for Next Mark 3.208ms
[473.405s][info][gc             ] GC(167) Concurrent Mark Cycle 782.266ms
...........[484.690s][info][gc,start       ] GC(168) Pause Young (Prepare Mixed) (G1 Evacuation Pause)
[484.690s][info][gc,task        ] GC(168) Using 6 workers of 6 for evacuation
[484.808s][info][gc,phases      ] GC(168)   Pre Evacuate Collection Set: 0.36ms
[484.808s][info][gc,phases      ] GC(168)   Merge Heap Roots: 0.51ms
[484.808s][info][gc,phases      ] GC(168)   Evacuate Collection Set: 115.13ms
[484.808s][info][gc,phases      ] GC(168)   Post Evacuate Collection Set: 0.97ms
[484.808s][info][gc,phases      ] GC(168)   Other: 0.09ms
[484.808s][info][gc,heap        ] GC(168) Eden regions: 1054->0(1024)
[484.808s][info][gc,heap        ] GC(168) Survivor regions: 105->106(145)
[484.808s][info][gc,heap        ] GC(168) Old regions: 597->632
[484.808s][info][gc,heap        ] GC(168) Humongous regions: 77->77
[484.808s][info][gc,metaspace   ] GC(168) Metaspace: 28867K(29184K)->28867K(29184K) NonClass: 23983K(24128K)->23983K(24128K) Class: 4883K(5056K)->4883K(5056K)
[484.808s][info][gc             ] GC(168) Pause Young (Prepare Mixed) (G1 Evacuation Pause) 3662M->1625M(4096M) 117.216ms
[484.808s][info][gc,cpu         ] GC(168) User=0.70s Sys=0.00s Real=0.12s
............[496.593s][info][gc,start       ] GC(169) Pause Young (Mixed) (G1 Evacuation Pause)
[496.593s][info][gc,task        ] GC(169) Using 6 workers of 6 for evacuation
[496.726s][info][gc,phases      ] GC(169)   Pre Evacuate Collection Set: 0.48ms
[496.726s][info][gc,phases      ] GC(169)   Merge Heap Roots: 0.69ms
[496.726s][info][gc,phases      ] GC(169)   Evacuate Collection Set: 129.97ms
[496.726s][info][gc,phases      ] GC(169)   Post Evacuate Collection Set: 1.15ms
[496.726s][info][gc,phases      ] GC(169)   Other: 0.10ms
[496.726s][info][gc,heap        ] GC(169) Eden regions: 1024->0(1124)
[496.726s][info][gc,heap        ] GC(169) Survivor regions: 106->104(142)
[496.726s][info][gc,heap        ] GC(169) Old regions: 632->482
[496.726s][info][gc,heap        ] GC(169) Humongous regions: 77->77
[496.726s][info][gc,metaspace   ] GC(169) Metaspace: 28867K(29184K)->28867K(29184K) NonClass: 23983K(24128K)->23983K(24128K) Class: 4883K(5056K)->4883K(5056K)
[496.726s][info][gc             ] GC(169) Pause Young (Mixed) (G1 Evacuation Pause) 3673M->1321M(4096M) 132.552ms
[496.726s][info][gc,cpu         ] GC(169) User=0.79s Sys=0.00s Real=0.14s
.............[509.778s][info][gc,start       ] GC(170) Pause Young (Mixed) (G1 Evacuation Pause)
[509.778s][info][gc,task        ] GC(170) Using 6 workers of 6 for evacuation
[509.914s][info][gc,phases      ] GC(170)   Pre Evacuate Collection Set: 0.35ms
[509.914s][info][gc,phases      ] GC(170)   Merge Heap Roots: 0.88ms
[509.914s][info][gc,phases      ] GC(170)   Evacuate Collection Set: 134.33ms
[509.914s][info][gc,phases      ] GC(170)   Post Evacuate Collection Set: 0.97ms
[509.914s][info][gc,phases      ] GC(170)   Other: 0.08ms
[509.914s][info][gc,heap        ] GC(170) Eden regions: 1124->0(1122)
[509.914s][info][gc,heap        ] GC(170) Survivor regions: 104->106(154)
[509.914s][info][gc,heap        ] GC(170) Old regions: 482->493
[509.914s][info][gc,heap        ] GC(170) Humongous regions: 77->77
[509.914s][info][gc,metaspace   ] GC(170) Metaspace: 28867K(29184K)->28867K(29184K) NonClass: 23983K(24128K)->23983K(24128K) Class: 4883K(5056K)->4883K(5056K)
[509.914s][info][gc             ] GC(170) Pause Young (Mixed) (G1 Evacuation Pause) 3569M->1348M(4096M) 136.738ms
[509.914s][info][gc,cpu         ] GC(170) User=0.82s Sys=0.00s Real=0.13s
..............[523.146s][info][gc,start       ] GC(171) Pause Young (Concurrent Start) (G1 Evacuation Pause)
[523.147s][info][gc,task        ] GC(171) Using 6 workers of 6 for evacuation
[523.267s][info][gc,phases      ] GC(171)   Pre Evacuate Collection Set: 0.40ms
[523.267s][info][gc,phases      ] GC(171)   Merge Heap Roots: 0.46ms
[523.267s][info][gc,phases      ] GC(171)   Evacuate Collection Set: 118.90ms
[523.267s][info][gc,phases      ] GC(171)   Post Evacuate Collection Set: 0.93ms
[523.267s][info][gc,phases      ] GC(171)   Other: 0.11ms
[523.267s][info][gc,heap        ] GC(171) Eden regions: 1122->0(1116)
[523.267s][info][gc,heap        ] GC(171) Survivor regions: 106->112(154)
[523.267s][info][gc,heap        ] GC(171) Old regions: 493->523
[523.267s][info][gc,heap        ] GC(171) Humongous regions: 77->77
[523.267s][info][gc,metaspace   ] GC(171) Metaspace: 28868K(29184K)->28868K(29184K) NonClass: 23984K(24128K)->23984K(24128K) Class: 4883K(5056K)->4883K(5056K)
[523.267s][info][gc             ] GC(171) Pause Young (Concurrent Start) (G1 Evacuation Pause) 3592M->1421M(4096M) 120.931ms
[523.267s][info][gc             ] GC(172) Concurrent Mark Cycle
[523.267s][info][gc,marking     ] GC(172) Concurrent Scan Root Regions
[523.267s][info][gc,cpu         ] GC(171) User=0.72s Sys=0.00s Real=0.12s
[523.433s][info][gc,marking     ] GC(172) Concurrent Scan Root Regions 165.757ms
[523.433s][info][gc,marking     ] GC(172) Concurrent Mark
[523.433s][info][gc,marking     ] GC(172) Concurrent Mark From Roots
[523.433s][info][gc,task        ] GC(172) Using 2 workers of 2 for marking
.[524.281s][info][gc,marking     ] GC(172) Concurrent Mark From Roots 847.388ms
[524.281s][info][gc,marking     ] GC(172) Concurrent Preclean
[524.281s][info][gc,marking     ] GC(172) Concurrent Preclean 0.061ms
[524.281s][info][gc,start       ] GC(172) Pause Remark
[524.284s][info][gc             ] GC(172) Pause Remark 1603M->1603M(4096M) 2.804ms
[524.284s][info][gc,cpu         ] GC(172) User=0.02s Sys=0.00s Real=0.00s
[524.284s][info][gc,marking     ] GC(172) Concurrent Mark 850.541ms
[524.284s][info][gc,marking     ] GC(172) Concurrent Rebuild Remembered Sets and Scrub Regions
[524.504s][info][gc,marking     ] GC(172) Concurrent Rebuild Remembered Sets and Scrub Regions 220.646ms
[524.505s][info][gc,start       ] GC(172) Pause Cleanup
[524.505s][info][gc             ] GC(172) Pause Cleanup 1653M->1653M(4096M) 0.143ms
[524.505s][info][gc,cpu         ] GC(172) User=0.00s Sys=0.00s Real=0.01s
[524.505s][info][gc,marking     ] GC(172) Concurrent Clear Claimed Marks
[524.505s][info][gc,marking     ] GC(172) Concurrent Clear Claimed Marks 0.033ms
[524.505s][info][gc,marking     ] GC(172) Concurrent Cleanup for Next Mark
[524.508s][info][gc,marking     ] GC(172) Concurrent Cleanup for Next Mark 3.641ms
[524.509s][info][gc             ] GC(172) Concurrent Mark Cycle 1241.083ms
............[536.458s][info][gc,start       ] GC(173) Pause Young (Prepare Mixed) (G1 Evacuation Pause)
[536.458s][info][gc,task        ] GC(173) Using 6 workers of 6 for evacuation
[536.576s][info][gc,phases      ] GC(173)   Pre Evacuate Collection Set: 0.33ms
[536.576s][info][gc,phases      ] GC(173)   Merge Heap Roots: 0.53ms
[536.576s][info][gc,phases      ] GC(173)   Evacuate Collection Set: 115.63ms
[536.576s][info][gc,phases      ] GC(173)   Post Evacuate Collection Set: 0.98ms
[536.576s][info][gc,phases      ] GC(173)   Other: 0.08ms
[536.576s][info][gc,heap        ] GC(173) Eden regions: 1116->0(1093)
[536.576s][info][gc,heap        ] GC(173) Survivor regions: 112->109(154)
[536.576s][info][gc,heap        ] GC(173) Old regions: 523->557
[536.576s][info][gc,heap        ] GC(173) Humongous regions: 77->77
[536.576s][info][gc,metaspace   ] GC(173) Metaspace: 28869K(29184K)->28869K(29184K) NonClass: 23986K(24128K)->23986K(24128K) Class: 4883K(5056K)->4883K(5056K)
[536.576s][info][gc             ] GC(173) Pause Young (Prepare Mixed) (G1 Evacuation Pause) 3653M->1482M(4096M) 117.662ms
[536.576s][info][gc,cpu         ] GC(173) User=0.69s Sys=0.00s Real=0.12s
.............[549.366s][info][gc,start       ] GC(174) Pause Young (Mixed) (G1 Evacuation Pause)
[549.366s][info][gc,task        ] GC(174) Using 6 workers of 6 for evacuation
[549.524s][info][gc,phases      ] GC(174)   Pre Evacuate Collection Set: 0.39ms
[549.524s][info][gc,phases      ] GC(174)   Merge Heap Roots: 1.02ms
[549.524s][info][gc,phases      ] GC(174)   Evacuate Collection Set: 148.88ms
[549.524s][info][gc,phases      ] GC(174)   Merge Optional Heap Roots: 0.40ms
[549.524s][info][gc,phases      ] GC(174)   Evacuate Optional Collection Set: 6.67ms
[549.524s][info][gc,phases      ] GC(174)   Post Evacuate Collection Set: 1.27ms
[549.525s][info][gc,phases      ] GC(174)   Other: 0.10ms
[549.525s][info][gc,heap        ] GC(174) Eden regions: 1093->0(1121)
[549.525s][info][gc,heap        ] GC(174) Survivor regions: 109->107(151)
[549.525s][info][gc,heap        ] GC(174) Old regions: 557->461
[549.525s][info][gc,heap        ] GC(174) Humongous regions: 77->77
[549.525s][info][gc,metaspace   ] GC(174) Metaspace: 28870K(29184K)->28870K(29184K) NonClass: 23987K(24128K)->23987K(24128K) Class: 4883K(5056K)->4883K(5056K)
[549.525s][info][gc             ] GC(174) Pause Young (Mixed) (G1 Evacuation Pause) 3668M->1285M(4096M) 158.867ms
[549.525s][info][gc,cpu         ] GC(174) User=0.95s Sys=0.00s Real=0.15s
.............[562.737s][info][gc,start       ] GC(175) Pause Young (Concurrent Start) (G1 Evacuation Pause)
[562.737s][info][gc,task        ] GC(175) Using 6 workers of 6 for evacuation
[562.860s][info][gc,phases      ] GC(175)   Pre Evacuate Collection Set: 0.39ms
[562.860s][info][gc,phases      ] GC(175)   Merge Heap Roots: 0.62ms
[562.860s][info][gc,phases      ] GC(175)   Evacuate Collection Set: 120.54ms
[562.860s][info][gc,phases      ] GC(175)   Post Evacuate Collection Set: 0.92ms
[562.860s][info][gc,phases      ] GC(175)   Other: 0.11ms
[562.860s][info][gc,heap        ] GC(175) Eden regions: 1121->0(1119)
[562.860s][info][gc,heap        ] GC(175) Survivor regions: 107->109(154)
[562.860s][info][gc,heap        ] GC(175) Old regions: 461->494
[562.860s][info][gc,heap        ] GC(175) Humongous regions: 77->77
[562.860s][info][gc,metaspace   ] GC(175) Metaspace: 28871K(29184K)->28871K(29184K) NonClass: 23987K(24128K)->23987K(24128K) Class: 4883K(5056K)->4883K(5056K)
[562.860s][info][gc             ] GC(175) Pause Young (Concurrent Start) (G1 Evacuation Pause) 3527M->1356M(4096M) 122.709ms
[562.860s][info][gc             ] GC(176) Concurrent Mark Cycle
[562.860s][info][gc,marking     ] GC(176) Concurrent Scan Root Regions
[562.860s][info][gc,cpu         ] GC(175) User=0.73s Sys=0.00s Real=0.12s
.[562.980s][info][gc,marking     ] GC(176) Concurrent Scan Root Regions 120.343ms
[562.980s][info][gc,marking     ] GC(176) Concurrent Mark
[562.980s][info][gc,marking     ] GC(176) Concurrent Mark From Roots
[562.980s][info][gc,task        ] GC(176) Using 2 workers of 2 for marking
[563.508s][info][gc,marking     ] GC(176) Concurrent Mark From Roots 528.402ms
[563.509s][info][gc,marking     ] GC(176) Concurrent Preclean
[563.509s][info][gc,marking     ] GC(176) Concurrent Preclean 0.050ms
[563.509s][info][gc,start       ] GC(176) Pause Remark
[563.511s][info][gc             ] GC(176) Pause Remark 1486M->1486M(4096M) 2.260ms
[563.511s][info][gc,cpu         ] GC(176) User=0.01s Sys=0.00s Real=0.00s
[563.511s][info][gc,marking     ] GC(176) Concurrent Mark 530.939ms
[563.511s][info][gc,marking     ] GC(176) Concurrent Rebuild Remembered Sets and Scrub Regions
[563.721s][info][gc,marking     ] GC(176) Concurrent Rebuild Remembered Sets and Scrub Regions 209.720ms
[563.721s][info][gc,start       ] GC(176) Pause Cleanup
[563.721s][info][gc             ] GC(176) Pause Cleanup 1521M->1521M(4096M) 0.125ms
[563.721s][info][gc,cpu         ] GC(176) User=0.00s Sys=0.00s Real=0.00s
[563.721s][info][gc,marking     ] GC(176) Concurrent Clear Claimed Marks
[563.721s][info][gc,marking     ] GC(176) Concurrent Clear Claimed Marks 0.032ms
[563.721s][info][gc,marking     ] GC(176) Concurrent Cleanup for Next Mark
[563.725s][info][gc,marking     ] GC(176) Concurrent Cleanup for Next Mark 3.423ms
[563.725s][info][gc             ] GC(176) Concurrent Mark Cycle 864.890ms
.............[576.171s][info][gc,start       ] GC(177) Pause Young (Prepare Mixed) (G1 Evacuation Pause)
[576.171s][info][gc,task        ] GC(177) Using 6 workers of 6 for evacuation
[576.288s][info][gc,phases      ] GC(177)   Pre Evacuate Collection Set: 0.33ms
[576.288s][info][gc,phases      ] GC(177)   Merge Heap Roots: 0.52ms
[576.288s][info][gc,phases      ] GC(177)   Evacuate Collection Set: 114.89ms
[576.288s][info][gc,phases      ] GC(177)   Post Evacuate Collection Set: 0.96ms
[576.288s][info][gc,phases      ] GC(177)   Other: 0.09ms
[576.288s][info][gc,heap        ] GC(177) Eden regions: 1119->0(1119)
[576.288s][info][gc,heap        ] GC(177) Survivor regions: 109->109(154)
[576.288s][info][gc,heap        ] GC(177) Old regions: 494->525
[576.288s][info][gc,heap        ] GC(177) Humongous regions: 77->77
[576.288s][info][gc,metaspace   ] GC(177) Metaspace: 28871K(29184K)->28871K(29184K) NonClass: 23988K(24128K)->23988K(24128K) Class: 4883K(5056K)->4883K(5056K)
[576.288s][info][gc             ] GC(177) Pause Young (Prepare Mixed) (G1 Evacuation Pause) 3594M->1418M(4096M) 116.936ms
[576.288s][info][gc,cpu         ] GC(177) User=0.70s Sys=0.00s Real=0.12s
.......... (rIR:aIR:PR = 1384:1384:1384) (tPR = 21171) [OK] 
   585s: 
   585s: Building throughput-responsetime curve
   585s: ( 0%)   IR =      0 ...|............................................................ (rIR:aIR:PR = 0:0:0) (tPR = 0) [OK] 
   648s: Performance info:
         Transaction,    Success,    Partial,     Failed,   Receipts, AvgBarcode, 
         Response times:
             Request,    Success,    Partial,     Failed,   SkipFail,     Probes,    Samples,      min,      p50,      p90,      p95,      p99,      max, 

   648s: ( 1%)   IR =    138 ....|..............................[683.202s][info][gc,start       ] GC(178) Pause Young (Mixed) (G1 Evacuation Pause)
[683.202s][info][gc,task        ] GC(178) Using 6 workers of 6 for evacuation
[683.338s][info][gc,phases      ] GC(178)   Pre Evacuate Collection Set: 0.36ms
[683.338s][info][gc,phases      ] GC(178)   Merge Heap Roots: 0.80ms
[683.338s][info][gc,phases      ] GC(178)   Evacuate Collection Set: 133.76ms
[683.338s][info][gc,phases      ] GC(178)   Post Evacuate Collection Set: 0.96ms
[683.338s][info][gc,phases      ] GC(178)   Other: 0.10ms
[683.338s][info][gc,heap        ] GC(178) Eden regions: 1119->0(1120)
[683.338s][info][gc,heap        ] GC(178) Survivor regions: 109->108(154)
[683.338s][info][gc,heap        ] GC(178) Old regions: 525->463
[683.338s][info][gc,heap        ] GC(178) Humongous regions: 77->77
[683.338s][info][gc,metaspace   ] GC(178) Metaspace: 28876K(29184K)->28876K(29184K) NonClass: 23993K(24128K)->23993K(24128K) Class: 4883K(5056K)->4883K(5056K)
[683.338s][info][gc             ] GC(178) Pause Young (Mixed) (G1 Evacuation Pause) 3656M->1292M(4096M) 136.105ms
[683.338s][info][gc,cpu         ] GC(178) User=0.81s Sys=0.00s Real=0.14s
.............................. (rIR:aIR:PR = 138:138:138) (tPR = 2160) [OK] 
   712s: Performance info:
         Transaction,    Success,    Partial,     Failed,   Receipts, AvgBarcode, 
             Overall,       8289,          0,          0,       7869,      59.48, 
         Response times:
             Request,    Success,    Partial,     Failed,   SkipFail,     Probes,    Samples,      min,      p50,      p90,      p95,      p99,      max, 
       TotalPurchase,       7869,          0,          0,          0,       7306,       8261,      300,      400,      500,      600,      800,   138000,
     InStorePurchase,       4136,          0,          0,          0,       3893,       4364,      300,      400,      500,      600,      800,   138000,
      OnlinePurchase,       2900,          0,          0,          0,       2689,       3034,      300,      400,      600,      700,      900,   137000,
        InstPurchase,        833,          0,          0,          0,        724,        863,      300,      500,      500,      600,      800,     1000,
          AssocOfCat,          8,          0,          0,          0,          6,          8,    17000,    19650,    27000,    27000,    27000,    27000,
      AssocOfProduct,         85,          0,          0,          0,         82,         87,      400,      600,      700,      700,      900,      900,
      BusinessReport,         23,          0,          0,          0,         22,         22,    16800,    22000,    28800,    33400,    34000,    34000,
          CustBuyBeh,         83,          0,          0,          0,         79,         88,      200,      200,      300,      355,     1000,     1000,
       ProductReturn,        221,          0,          0,          0,        168,        239,      200,      300,      300,      400,      500,      500,

   712s: ( 2%)   IR =    277 .....|..............................................[764.618s][info][gc,start       ] GC(179) Pause Young (Concurrent Start) (G1 Evacuation Pause)
[764.618s][info][gc,task        ] GC(179) Using 6 workers of 6 for evacuation
[764.735s][info][gc,phases      ] GC(179)   Pre Evacuate Collection Set: 0.37ms
[764.735s][info][gc,phases      ] GC(179)   Merge Heap Roots: 0.48ms
[764.735s][info][gc,phases      ] GC(179)   Evacuate Collection Set: 114.42ms
[764.735s][info][gc,phases      ] GC(179)   Post Evacuate Collection Set: 0.92ms
[764.735s][info][gc,phases      ] GC(179)   Other: 0.14ms
[764.735s][info][gc,heap        ] GC(179) Eden regions: 1120->0(1121)
[764.735s][info][gc,heap        ] GC(179) Survivor regions: 108->107(154)
[764.735s][info][gc,heap        ] GC(179) Old regions: 463->496
[764.735s][info][gc,heap        ] GC(179) Humongous regions: 77->77
[764.735s][info][gc,metaspace   ] GC(179) Metaspace: 28890K(29184K)->28890K(29184K) NonClass: 24006K(24128K)->24006K(24128K) Class: 4883K(5056K)->4883K(5056K)
[764.735s][info][gc             ] GC(179) Pause Young (Concurrent Start) (G1 Evacuation Pause) 3532M->1355M(4096M) 116.455ms
[764.735s][info][gc             ] GC(180) Concurrent Mark Cycle
[764.735s][info][gc,marking     ] GC(180) Concurrent Scan Root Regions
[764.735s][info][gc,cpu         ] GC(179) User=0.69s Sys=0.00s Real=0.11s
[764.894s][info][gc,marking     ] GC(180) Concurrent Scan Root Regions 158.946ms
[764.894s][info][gc,marking     ] GC(180) Concurrent Mark
[764.894s][info][gc,marking     ] GC(180) Concurrent Mark From Roots
[764.894s][info][gc,task        ] GC(180) Using 2 workers of 2 for marking
.[765.733s][info][gc,marking     ] GC(180) Concurrent Mark From Roots 839.696ms
[765.733s][info][gc,marking     ] GC(180) Concurrent Preclean
[765.733s][info][gc,marking     ] GC(180) Concurrent Preclean 0.052ms
[765.734s][info][gc,start       ] GC(180) Pause Remark
[765.736s][info][gc             ] GC(180) Pause Remark 1396M->1396M(4096M) 2.497ms
[765.736s][info][gc,cpu         ] GC(180) User=0.01s Sys=0.00s Real=0.01s
[765.736s][info][gc,marking     ] GC(180) Concurrent Mark 842.480ms
[765.736s][info][gc,marking     ] GC(180) Concurrent Rebuild Remembered Sets and Scrub Regions
.[766.113s][info][gc,marking     ] GC(180) Concurrent Rebuild Remembered Sets and Scrub Regions 376.838ms
[766.113s][info][gc,start       ] GC(180) Pause Cleanup
[766.113s][info][gc             ] GC(180) Pause Cleanup 1415M->1415M(4096M) 0.122ms
[766.113s][info][gc,cpu         ] GC(180) User=0.00s Sys=0.00s Real=0.00s
[766.113s][info][gc,marking     ] GC(180) Concurrent Clear Claimed Marks
[766.113s][info][gc,marking     ] GC(180) Concurrent Clear Claimed Marks 0.028ms
[766.113s][info][gc,marking     ] GC(180) Concurrent Cleanup for Next Mark
[766.117s][info][gc,marking     ] GC(180) Concurrent Cleanup for Next Mark 3.311ms
[766.117s][info][gc             ] GC(180) Concurrent Mark Cycle 1382.030ms
............ (rIR:aIR:PR = 277:277:277) (tPR = 4168) [OK] 
   777s: Performance info:
         Transaction,    Success,    Partial,     Failed,   Receipts, AvgBarcode, 
             Overall,      16623,          0,          0,      15789,      59.48, 
         Response times:
             Request,    Success,    Partial,     Failed,   SkipFail,     Probes,    Samples,      min,      p50,      p90,      p95,      p99,      max, 
       TotalPurchase,      15789,          0,          0,          0,      14951,      16779,      300,      500,      700,      800,     1000,   118000,
     InStorePurchase,       8301,          0,          0,          0,       7941,       8905,      300,      500,      700,      800,     1000,     3300,
      OnlinePurchase,       5825,          0,          0,          0,       5482,       6107,      300,      500,      700,      800,     1000,     3300,
        InstPurchase,       1663,          0,          0,          0,       1528,       1767,      300,      500,      700,      800,     1000,   118000,
          AssocOfCat,         18,          0,          0,          0,         17,         17,    17500,    22000,    25000,    25000,    25000,    25000,
      AssocOfProduct,        164,          0,          0,          0,        127,        193,      400,      700,      800,      900,     1100,     1100,
      BusinessReport,         43,          0,          0,          0,         42,         44,    17700,    24000,    27500,    29500,    40000,    40000,
          CustBuyBeh,        166,          0,          0,          0,        115,        168,      200,      400,      700,      700,      831,      900,
       ProductReturn,        443,          0,          0,          0,        366,        490,      200,      300,      600,      700,     1009,     3200,

   777s: ( 3%)   IR =    415 ....|...............................[813.698s][info][gc,start       ] GC(181) Pause Young (Prepare Mixed) (G1 Evacuation Pause)
[813.698s][info][gc,task        ] GC(181) Using 6 workers of 6 for evacuation
[813.813s][info][gc,phases      ] GC(181)   Pre Evacuate Collection Set: 0.33ms
[813.813s][info][gc,phases      ] GC(181)   Merge Heap Roots: 0.58ms
[813.813s][info][gc,phases      ] GC(181)   Evacuate Collection Set: 113.33ms
[813.813s][info][gc,phases      ] GC(181)   Post Evacuate Collection Set: 0.97ms
[813.813s][info][gc,phases      ] GC(181)   Other: 0.11ms
[813.813s][info][gc,heap        ] GC(181) Eden regions: 1121->0(1122)
[813.813s][info][gc,heap        ] GC(181) Survivor regions: 107->106(154)
[813.813s][info][gc,heap        ] GC(181) Old regions: 496->528
[813.813s][info][gc,heap        ] GC(181) Humongous regions: 77->77
[813.813s][info][gc,metaspace   ] GC(181) Metaspace: 28894K(29184K)->28894K(29184K) NonClass: 24010K(24128K)->24010K(24128K) Class: 4883K(5056K)->4883K(5056K)
[813.813s][info][gc             ] GC(181) Pause Young (Prepare Mixed) (G1 Evacuation Pause) 3597M->1418M(4096M) 115.456ms
[813.813s][info][gc,cpu         ] GC(181) User=0.69s Sys=0.00s Real=0.11s
............................. (rIR:aIR:PR = 415:415:415) (tPR = 6273) [OK] 
   841s: Performance info:
         Transaction,    Success,    Partial,     Failed,   Receipts, AvgBarcode, 
             Overall,      24932,          0,          0,      23687,      59.49, 
         Response times:
             Request,    Success,    Partial,     Failed,   SkipFail,     Probes,    Samples,      min,      p50,      p90,      p95,      p99,      max, 
       TotalPurchase,      23687,          0,          0,          0,      22443,      24718,      300,      600,      900,     1000,     1200,   118000,
     InStorePurchase,      12475,          0,          0,          0,      11892,      13023,      300,      600,      900,     1000,     1200,   118000,
      OnlinePurchase,       8721,          0,          0,          0,       8291,       9137,      300,      600,      900,     1000,     1200,     2700,
        InstPurchase,       2491,          0,          0,          0,       2260,       2558,      400,      600,      900,     1000,     1241,     2700,
          AssocOfCat,         26,          0,          0,          0,         23,         26,    18600,    22000,    24300,    25650,    26000,    26000,
      AssocOfProduct,        249,          0,          0,          0,        187,        246,      300,      800,     1000,     1100,     1406,     1500,
      BusinessReport,         61,          0,          0,          0,         59,         65,    17400,    25000,    27400,    31700,    33000,    33000,
          CustBuyBeh,        248,          0,          0,          0,        177,        229,      200,      600,      800,     1000,     1200,     1500,
       ProductReturn,        661,          0,          0,          0,        552,        696,      200,      500,      800,      900,     1400,     2200,

   841s: ( 4%)   IR =    553 ....|........[854.545s][info][gc,start       ] GC(182) Pause Young (Mixed) (G1 Evacuation Pause)
[854.545s][info][gc,task        ] GC(182) Using 6 workers of 6 for evacuation
[854.683s][info][gc,phases      ] GC(182)   Pre Evacuate Collection Set: 0.40ms
[854.683s][info][gc,phases      ] GC(182)   Merge Heap Roots: 0.78ms
[854.683s][info][gc,phases      ] GC(182)   Evacuate Collection Set: 136.02ms
[854.683s][info][gc,phases      ] GC(182)   Post Evacuate Collection Set: 0.95ms
[854.683s][info][gc,phases      ] GC(182)   Other: 0.10ms
[854.683s][info][gc,heap        ] GC(182) Eden regions: 1122->0(1120)
[854.683s][info][gc,heap        ] GC(182) Survivor regions: 106->108(154)
[854.683s][info][gc,heap        ] GC(182) Old regions: 528->462
[854.683s][info][gc,heap        ] GC(182) Humongous regions: 77->77
[854.683s][info][gc,metaspace   ] GC(182) Metaspace: 28897K(29184K)->28897K(29184K) NonClass: 24013K(24128K)->24013K(24128K) Class: 4883K(5056K)->4883K(5056K)
[854.683s][info][gc             ] GC(182) Pause Young (Mixed) (G1 Evacuation Pause) 3662M->1289M(4096M) 138.390ms
[854.683s][info][gc,cpu         ] GC(182) User=0.83s Sys=0.00s Real=0.14s
..................................[888.469s][info][gc,start       ] GC(183) Pause Young (Concurrent Start) (G1 Evacuation Pause)
[888.469s][info][gc,task        ] GC(183) Using 6 workers of 6 for evacuation
[888.585s][info][gc,phases      ] GC(183)   Pre Evacuate Collection Set: 0.42ms
[888.585s][info][gc,phases      ] GC(183)   Merge Heap Roots: 0.54ms
[888.585s][info][gc,phases      ] GC(183)   Evacuate Collection Set: 113.63ms
[888.585s][info][gc,phases      ] GC(183)   Post Evacuate Collection Set: 0.89ms
[888.585s][info][gc,phases      ] GC(183)   Other: 0.12ms
[888.585s][info][gc,heap        ] GC(183) Eden regions: 1120->0(1120)
[888.585s][info][gc,heap        ] GC(183) Survivor regions: 108->108(154)
[888.585s][info][gc,heap        ] GC(183) Old regions: 462->494
[888.585s][info][gc,heap        ] GC(183) Humongous regions: 77->77
[888.585s][info][gc,metaspace   ] GC(183) Metaspace: 28898K(29184K)->28898K(29184K) NonClass: 24015K(24128K)->24015K(24128K) Class: 4883K(5056K)->4883K(5056K)
[888.585s][info][gc             ] GC(183) Pause Young (Concurrent Start) (G1 Evacuation Pause) 3529M->1355M(4096M) 115.739ms
[888.585s][info][gc             ] GC(184) Concurrent Mark Cycle
[888.585s][info][gc,marking     ] GC(184) Concurrent Scan Root Regions
[888.585s][info][gc,cpu         ] GC(183) User=0.69s Sys=0.00s Real=0.11s
[888.746s][info][gc,marking     ] GC(184) Concurrent Scan Root Regions 161.595ms
[888.746s][info][gc,marking     ] GC(184) Concurrent Mark
[888.746s][info][gc,marking     ] GC(184) Concurrent Mark From Roots
[888.746s][info][gc,task        ] GC(184) Using 2 workers of 2 for marking
.[889.614s][info][gc,marking     ] GC(184) Concurrent Mark From Roots 867.557ms
[889.614s][info][gc,marking     ] GC(184) Concurrent Preclean
[889.614s][info][gc,marking     ] GC(184) Concurrent Preclean 0.039ms
[889.614s][info][gc,start       ] GC(184) Pause Remark
[889.616s][info][gc             ] GC(184) Pause Remark 1442M->1442M(4096M) 2.325ms
[889.616s][info][gc,cpu         ] GC(184) User=0.01s Sys=0.00s Real=0.01s
[889.616s][info][gc,marking     ] GC(184) Concurrent Mark 870.150ms
[889.616s][info][gc,marking     ] GC(184) Concurrent Rebuild Remembered Sets and Scrub Regions
[889.998s][info][gc,marking     ] GC(184) Concurrent Rebuild Remembered Sets and Scrub Regions 381.327ms
[889.998s][info][gc,start       ] GC(184) Pause Cleanup
[889.998s][info][gc             ] GC(184) Pause Cleanup 1462M->1462M(4096M) 0.124ms
[889.998s][info][gc,cpu         ] GC(184) User=0.00s Sys=0.00s Real=0.00s
[889.998s][info][gc,marking     ] GC(184) Concurrent Clear Claimed Marks
[889.998s][info][gc,marking     ] GC(184) Concurrent Clear Claimed Marks 0.031ms
[889.998s][info][gc,marking     ] GC(184) Concurrent Cleanup for Next Mark
[890.001s][info][gc,marking     ] GC(184) Concurrent Cleanup for Next Mark 3.309ms
[890.002s][info][gc             ] GC(184) Concurrent Mark Cycle 1416.856ms
................. (rIR:aIR:PR = 553:553:553) (tPR = 8211) [OK] 
   905s: Performance info:
         Transaction,    Success,    Partial,     Failed,   Receipts, AvgBarcode, 
             Overall,      33171,          0,          0,      31513,      59.47, 
         Response times:
             Request,    Success,    Partial,     Failed,   SkipFail,     Probes,    Samples,      min,      p50,      p90,      p95,      p99,      max, 
       TotalPurchase,      31513,          0,          0,          0,      30053,      33000,      300,      700,     1100,     1200,     1600,   140000,
     InStorePurchase,      16590,          0,          0,          0,      15872,      17259,      300,      700,     1100,     1200,     1500,   140000,
      OnlinePurchase,      11608,          0,          0,          0,      11121,      12256,      300,      700,     1100,     1200,     1600,   124000,
        InstPurchase,       3315,          0,          0,          0,       3060,       3485,      400,      700,     1100,     1200,     1600,     6900,
          AssocOfCat,         32,          0,          0,          0,         29,         34,    17500,    22500,    26000,    28250,    29000,    29000,
      AssocOfProduct,        335,          0,          0,          0,        254,        351,      400,     1000,     1200,     1400,     3348,     4000,
      BusinessReport,         84,          0,          0,          0,         79,         86,    17700,    23500,    29000,    31650,    34000,    34000,
          CustBuyBeh,        331,          0,          0,          0,        254,        339,      200,      700,     1000,     1200,     1600,     4000,
       ProductReturn,        876,          0,          0,          0,        763,        939,      200,      500,      900,     1000,     1200,     1500,

   905s: ( 5%)   IR =    692 .....|.......[919.146s][info][gc,start       ] GC(185) Pause Young (Prepare Mixed) (G1 Evacuation Pause)
[919.147s][info][gc,task        ] GC(185) Using 6 workers of 6 for evacuation
[919.264s][info][gc,phases      ] GC(185)   Pre Evacuate Collection Set: 0.35ms
[919.264s][info][gc,phases      ] GC(185)   Merge Heap Roots: 0.53ms
[919.264s][info][gc,phases      ] GC(185)   Evacuate Collection Set: 115.83ms
[919.264s][info][gc,phases      ] GC(185)   Post Evacuate Collection Set: 0.93ms
[919.264s][info][gc,phases      ] GC(185)   Other: 0.09ms
[919.264s][info][gc,heap        ] GC(185) Eden regions: 1120->0(1118)
[919.264s][info][gc,heap        ] GC(185) Survivor regions: 108->110(154)
[919.264s][info][gc,heap        ] GC(185) Old regions: 494->527
[919.264s][info][gc,heap        ] GC(185) Humongous regions: 77->77
[919.264s][info][gc,metaspace   ] GC(185) Metaspace: 28900K(29184K)->28900K(29184K) NonClass: 24016K(24128K)->24016K(24128K) Class: 4883K(5056K)->4883K(5056K)
[919.264s][info][gc             ] GC(185) Pause Young (Prepare Mixed) (G1 Evacuation Pause) 3595M->1423M(4096M) 117.883ms
[919.264s][info][gc,cpu         ] GC(185) User=0.70s Sys=0.00s Real=0.11s
...........................[946.275s][info][gc,start       ] GC(186) Pause Young (Mixed) (G1 Evacuation Pause)
[946.275s][info][gc,task        ] GC(186) Using 6 workers of 6 for evacuation
[946.417s][info][gc,phases      ] GC(186)   Pre Evacuate Collection Set: 0.38ms
[946.417s][info][gc,phases      ] GC(186)   Merge Heap Roots: 0.74ms
[946.417s][info][gc,phases      ] GC(186)   Evacuate Collection Set: 139.76ms
[946.417s][info][gc,phases      ] GC(186)   Post Evacuate Collection Set: 1.05ms
[946.417s][info][gc,phases      ] GC(186)   Other: 0.09ms
[946.417s][info][gc,heap        ] GC(186) Eden regions: 1118->0(1119)
[946.417s][info][gc,heap        ] GC(186) Survivor regions: 110->109(154)
[946.417s][info][gc,heap        ] GC(186) Old regions: 527->464
[946.417s][info][gc,heap        ] GC(186) Humongous regions: 77->77
[946.417s][info][gc,metaspace   ] GC(186) Metaspace: 28900K(29184K)->28900K(29184K) NonClass: 24016K(24128K)->24016K(24128K) Class: 4883K(5056K)->4883K(5056K)
[946.417s][info][gc             ] GC(186) Pause Young (Mixed) (G1 Evacuation Pause) 3659M->1295M(4096M) 142.152ms
[946.417s][info][gc,cpu         ] GC(186) User=0.85s Sys=0.00s Real=0.14s
.......................... (rIR:aIR:PR = 692:692:692) (tPR = 10512) [OK] 
   971s: Performance info:
         Transaction,    Success,    Partial,     Failed,   Receipts, AvgBarcode, 
             Overall,      41724,          0,          0,      39645,      59.50, 
         Response times:
             Request,    Success,    Partial,     Failed,   SkipFail,     Probes,    Samples,      min,      p50,      p90,      p95,      p99,      max, 
       TotalPurchase,      39645,          0,          0,          0,      37913,      42069,      300,      800,     1200,     1400,     1700,     6200,
     InStorePurchase,      20855,          0,          0,          0,      20051,      22182,      300,      800,     1200,     1300,     1600,     6100,
      OnlinePurchase,      14628,          0,          0,          0,      14046,      15581,      300,      800,     1200,     1400,     1600,     6200,
        InstPurchase,       4162,          0,          0,          0,       3816,       4306,      400,     1000,     1300,     1400,     1893,     6100,
          AssocOfCat,         42,          0,          0,          0,         39,         44,    18900,    22000,    24500,    25750,   167000,   167000,
      AssocOfProduct,        415,          0,          0,          0,        348,        467,      400,     1100,     1500,     1560,     1932,     6200,
      BusinessReport,        103,          0,          0,          0,        100,        111,    18400,    24000,    29000,    34000,   131120,   143000,
          CustBuyBeh,        419,          0,          0,          0,        330,        427,      200,      700,     1100,     1200,     1400,     1800,
       ProductReturn,       1100,          0,          0,          0,        960,       1155,      200,      800,     1100,     1200,     1600,     2800,

   971s: ( 6%)   IR =    830 .[973.399s][info][gc,start       ] GC(187) Pause Young (Concurrent Start) (G1 Evacuation Pause)
[973.399s][info][gc,task        ] GC(187) Using 6 workers of 6 for evacuation
[973.517s][info][gc,phases      ] GC(187)   Pre Evacuate Collection Set: 0.41ms
[973.517s][info][gc,phases      ] GC(187)   Merge Heap Roots: 0.50ms
[973.517s][info][gc,phases      ] GC(187)   Evacuate Collection Set: 115.82ms
[973.517s][info][gc,phases      ] GC(187)   Post Evacuate Collection Set: 0.89ms
[973.517s][info][gc,phases      ] GC(187)   Other: 0.10ms
[973.517s][info][gc,heap        ] GC(187) Eden regions: 1119->0(1118)
[973.517s][info][gc,heap        ] GC(187) Survivor regions: 109->110(154)
[973.517s][info][gc,heap        ] GC(187) Old regions: 464->496
[973.517s][info][gc,heap        ] GC(187) Humongous regions: 77->77
[973.517s][info][gc,metaspace   ] GC(187) Metaspace: 28906K(29184K)->28906K(29184K) NonClass: 24023K(24128K)->24023K(24128K) Class: 4883K(5056K)->4883K(5056K)
[973.517s][info][gc             ] GC(187) Pause Young (Concurrent Start) (G1 Evacuation Pause) 3533M->1361M(4096M) 117.879ms
[973.517s][info][gc             ] GC(188) Concurrent Mark Cycle
[973.517s][info][gc,marking     ] GC(188) Concurrent Scan Root Regions
[973.517s][info][gc,cpu         ] GC(187) User=0.70s Sys=0.00s Real=0.12s
.[973.686s][info][gc,marking     ] GC(188) Concurrent Scan Root Regions 168.850ms
[973.686s][info][gc,marking     ] GC(188) Concurrent Mark
[973.686s][info][gc,marking     ] GC(188) Concurrent Mark From Roots
[973.686s][info][gc,task        ] GC(188) Using 2 workers of 2 for marking
[974.211s][info][gc,marking     ] GC(188) Concurrent Mark From Roots 525.644ms
[974.211s][info][gc,marking     ] GC(188) Concurrent Preclean
[974.212s][info][gc,marking     ] GC(188) Concurrent Preclean 0.049ms
[974.212s][info][gc,start       ] GC(188) Pause Remark
[974.214s][info][gc             ] GC(188) Pause Remark 1466M->1466M(4096M) 2.475ms
[974.214s][info][gc,cpu         ] GC(188) User=0.01s Sys=0.00s Real=0.00s
[974.214s][info][gc,marking     ] GC(188) Concurrent Mark 528.408ms
[974.214s][info][gc,marking     ] GC(188) Concurrent Rebuild Remembered Sets and Scrub Regions
[974.414s][info][gc,marking     ] GC(188) Concurrent Rebuild Remembered Sets and Scrub Regions 199.342ms
[974.414s][info][gc,start       ] GC(188) Pause Cleanup
[974.414s][info][gc             ] GC(188) Pause Cleanup 1482M->1482M(4096M) 0.126ms
[974.414s][info][gc,cpu         ] GC(188) User=0.00s Sys=0.00s Real=0.00s
[974.414s][info][gc,marking     ] GC(188) Concurrent Clear Claimed Marks
[974.414s][info][gc,marking     ] GC(188) Concurrent Clear Claimed Marks 0.031ms
[974.414s][info][gc,marking     ] GC(188) Concurrent Cleanup for Next Mark
[974.417s][info][gc,marking     ] GC(188) Concurrent Cleanup for Next Mark 3.191ms
[974.417s][info][gc             ] GC(188) Concurrent Mark Cycle 900.296ms
...|...................[995.781s][info][gc,start       ] GC(189) Pause Young (Prepare Mixed) (G1 Evacuation Pause)
[995.781s][info][gc,task        ] GC(189) Using 6 workers of 6 for evacuation
[995.897s][info][gc,phases      ] GC(189)   Pre Evacuate Collection Set: 0.37ms
[995.897s][info][gc,phases      ] GC(189)   Merge Heap Roots: 0.57ms
[995.897s][info][gc,phases      ] GC(189)   Evacuate Collection Set: 114.11ms
[995.897s][info][gc,phases      ] GC(189)   Post Evacuate Collection Set: 0.96ms
[995.897s][info][gc,phases      ] GC(189)   Other: 0.09ms
[995.897s][info][gc,heap        ] GC(189) Eden regions: 1118->0(1120)
[995.897s][info][gc,heap        ] GC(189) Survivor regions: 110->108(154)
[995.897s][info][gc,heap        ] GC(189) Old regions: 496->528
[995.897s][info][gc,heap        ] GC(189) Humongous regions: 77->77
[995.897s][info][gc,metaspace   ] GC(189) Metaspace: 28906K(29184K)->28906K(29184K) NonClass: 24023K(24128K)->24023K(24128K) Class: 4883K(5056K)->4883K(5056K)
[995.897s][info][gc             ] GC(189) Pause Young (Prepare Mixed) (G1 Evacuation Pause) 3597M->1422M(4096M) 116.215ms
[995.897s][info][gc,cpu         ] GC(189) User=0.70s Sys=0.00s Real=0.12s
.......................[1018.944s][info][gc,start       ] GC(190) Pause Young (Mixed) (G1 Evacuation Pause)
[1018.944s][info][gc,task        ] GC(190) Using 6 workers of 6 for evacuation
[1019.080s][info][gc,phases      ] GC(190)   Pre Evacuate Collection Set: 0.41ms
[1019.080s][info][gc,phases      ] GC(190)   Merge Heap Roots: 0.80ms
[1019.080s][info][gc,phases      ] GC(190)   Evacuate Collection Set: 133.98ms
[1019.080s][info][gc,phases      ] GC(190)   Post Evacuate Collection Set: 0.96ms
[1019.080s][info][gc,phases      ] GC(190)   Other: 0.09ms
[1019.080s][info][gc,heap        ] GC(190) Eden regions: 1120->0(1120)
[1019.080s][info][gc,heap        ] GC(190) Survivor regions: 108->108(154)
[1019.080s][info][gc,heap        ] GC(190) Old regions: 528->463
[1019.080s][info][gc,heap        ] GC(190) Humongous regions: 77->77
[1019.080s][info][gc,metaspace   ] GC(190) Metaspace: 28906K(29184K)->28906K(29184K) NonClass: 24023K(24128K)->24023K(24128K) Class: 4883K(5056K)->4883K(5056K)
[1019.080s][info][gc             ] GC(190) Pause Young (Mixed) (G1 Evacuation Pause) 3662M->1292M(4096M) 136.384ms
[1019.080s][info][gc,cpu         ] GC(190) User=0.82s Sys=0.00s Real=0.14s
.................. (rIR:aIR:PR = 830:830:830) (tPR = 12257) [OK] 
  1036s: Performance info:
         Transaction,    Success,    Partial,     Failed,   Receipts, AvgBarcode, 
             Overall,      49830,          0,          0,      47338,      59.45, 
         Response times:
             Request,    Success,    Partial,     Failed,   SkipFail,     Probes,    Samples,      min,      p50,      p90,      p95,      p99,      max, 
       TotalPurchase,      47338,          0,          0,          0,      45879,      51012,      300,     1000,     1400,     1600,     2087,   143000,
     InStorePurchase,      24929,          0,          0,          0,      24265,      26783,      300,     1000,     1400,     1600,     2000,   143000,
      OnlinePurchase,      17427,          0,          0,          0,      16870,      18785,      300,      900,     1400,     1570,     2100,   139000,
        InstPurchase,       4982,          0,          0,          0,       4744,       5444,      400,     1000,     1400,     1500,     2100,   139000,
          AssocOfCat,         50,          0,          0,          0,         46,         53,    17000,    22000,    25600,    29500,    47000,    47000,
      AssocOfProduct,        497,          0,          0,          0,        402,        519,      600,     1400,     1700,     1900,     5540,     8100,
      BusinessReport,        123,          0,          0,          0,         87,        123,    16900,    25000,    29000,    30000,    40000,    40000,
          CustBuyBeh,        498,          0,          0,          0,        403,        528,      200,      500,     1000,     1100,     1500,     3200,
       ProductReturn,       1324,          0,          0,          0,       1172,       1372,      200,      500,     1000,     1200,     1500,     6700,

  1036s: ( 7%)   IR =    969 ....[1041.164s][info][gc,start       ] GC(191) Pause Young (Concurrent Start) (G1 Evacuation Pause)
[1041.164s][info][gc,task        ] GC(191) Using 6 workers of 6 for evacuation
[1041.281s][info][gc,phases      ] GC(191)   Pre Evacuate Collection Set: 0.39ms
[1041.281s][info][gc,phases      ] GC(191)   Merge Heap Roots: 0.55ms
[1041.281s][info][gc,phases      ] GC(191)   Evacuate Collection Set: 115.20ms
[1041.281s][info][gc,phases      ] GC(191)   Post Evacuate Collection Set: 0.88ms
[1041.281s][info][gc,phases      ] GC(191)   Other: 0.10ms
[1041.281s][info][gc,heap        ] GC(191) Eden regions: 1120->0(1119)
[1041.281s][info][gc,heap        ] GC(191) Survivor regions: 108->109(154)
[1041.281s][info][gc,heap        ] GC(191) Old regions: 463->494
[1041.281s][info][gc,heap        ] GC(191) Humongous regions: 77->77
[1041.281s][info][gc,metaspace   ] GC(191) Metaspace: 28907K(29184K)->28907K(29184K) NonClass: 24023K(24128K)->24023K(24128K) Class: 4883K(5056K)->4883K(5056K)
[1041.281s][info][gc             ] GC(191) Pause Young (Concurrent Start) (G1 Evacuation Pause) 3532M->1355M(4096M) 117.262ms
[1041.281s][info][gc             ] GC(192) Concurrent Mark Cycle
[1041.281s][info][gc,marking     ] GC(192) Concurrent Scan Root Regions
[1041.281s][info][gc,cpu         ] GC(191) User=0.69s Sys=0.00s Real=0.12s
[1041.392s][info][gc,marking     ] GC(192) Concurrent Scan Root Regions 110.851ms
[1041.392s][info][gc,marking     ] GC(192) Concurrent Mark
[1041.392s][info][gc,marking     ] GC(192) Concurrent Mark From Roots
[1041.392s][info][gc,task        ] GC(192) Using 2 workers of 2 for marking
.|[1041.935s][info][gc,marking     ] GC(192) Concurrent Mark From Roots 542.746ms
[1041.935s][info][gc,marking     ] GC(192) Concurrent Preclean
[1041.935s][info][gc,marking     ] GC(192) Concurrent Preclean 0.059ms
[1041.935s][info][gc,start       ] GC(192) Pause Remark
[1041.937s][info][gc             ] GC(192) Pause Remark 1461M->1461M(4096M) 2.334ms
[1041.937s][info][gc,cpu         ] GC(192) User=0.01s Sys=0.00s Real=0.00s
[1041.937s][info][gc,marking     ] GC(192) Concurrent Mark 545.388ms
[1041.937s][info][gc,marking     ] GC(192) Concurrent Rebuild Remembered Sets and Scrub Regions
[1042.140s][info][gc,marking     ] GC(192) Concurrent Rebuild Remembered Sets and Scrub Regions 202.201ms
[1042.140s][info][gc,start       ] GC(192) Pause Cleanup
[1042.140s][info][gc             ] GC(192) Pause Cleanup 1481M->1481M(4096M) 0.127ms
[1042.140s][info][gc,cpu         ] GC(192) User=0.00s Sys=0.00s Real=0.00s
[1042.140s][info][gc,marking     ] GC(192) Concurrent Clear Claimed Marks
[1042.140s][info][gc,marking     ] GC(192) Concurrent Clear Claimed Marks 0.031ms
[1042.140s][info][gc,marking     ] GC(192) Concurrent Cleanup for Next Mark
[1042.143s][info][gc,marking     ] GC(192) Concurrent Cleanup for Next Mark 3.171ms
[1042.143s][info][gc             ] GC(192) Concurrent Mark Cycle 862.090ms
...................[1060.674s][info][gc,start       ] GC(193) Pause Young (Prepare Mixed) (G1 Evacuation Pause)
[1060.674s][info][gc,task        ] GC(193) Using 6 workers of 6 for evacuation
[1060.791s][info][gc,phases      ] GC(193)   Pre Evacuate Collection Set: 0.36ms
[1060.791s][info][gc,phases      ] GC(193)   Merge Heap Roots: 0.51ms
[1060.791s][info][gc,phases      ] GC(193)   Evacuate Collection Set: 114.78ms
[1060.791s][info][gc,phases      ] GC(193)   Post Evacuate Collection Set: 0.98ms
[1060.791s][info][gc,phases      ] GC(193)   Other: 0.09ms
[1060.791s][info][gc,heap        ] GC(193) Eden regions: 1119->0(1119)
[1060.791s][info][gc,heap        ] GC(193) Survivor regions: 109->109(154)
[1060.791s][info][gc,heap        ] GC(193) Old regions: 494->526
[1060.791s][info][gc,heap        ] GC(193) Humongous regions: 77->77
[1060.791s][info][gc,metaspace   ] GC(193) Metaspace: 28907K(29184K)->28907K(29184K) NonClass: 24023K(24128K)->24023K(24128K) Class: 4883K(5056K)->4883K(5056K)
[1060.791s][info][gc             ] GC(193) Pause Young (Prepare Mixed) (G1 Evacuation Pause) 3593M->1419M(4096M) 116.856ms
[1060.791s][info][gc,cpu         ] GC(193) User=0.70s Sys=0.00s Real=0.12s
...................[1080.225s][info][gc,start       ] GC(194) Pause Young (Mixed) (G1 Evacuation Pause)
[1080.225s][info][gc,task        ] GC(194) Using 6 workers of 6 for evacuation
[1080.360s][info][gc,phases      ] GC(194)   Pre Evacuate Collection Set: 0.39ms
[1080.360s][info][gc,phases      ] GC(194)   Merge Heap Roots: 0.75ms
[1080.360s][info][gc,phases      ] GC(194)   Evacuate Collection Set: 133.21ms
[1080.360s][info][gc,phases      ] GC(194)   Post Evacuate Collection Set: 0.95ms
[1080.360s][info][gc,phases      ] GC(194)   Other: 0.09ms
[1080.360s][info][gc,heap        ] GC(194) Eden regions: 1119->0(1120)
[1080.360s][info][gc,heap        ] GC(194) Survivor regions: 109->108(154)
[1080.360s][info][gc,heap        ] GC(194) Old regions: 526->463
[1080.360s][info][gc,heap        ] GC(194) Humongous regions: 77->77
[1080.360s][info][gc,metaspace   ] GC(194) Metaspace: 28907K(29184K)->28907K(29184K) NonClass: 24023K(24128K)->24023K(24128K) Class: 4883K(5056K)->4883K(5056K)
[1080.361s][info][gc             ] GC(194) Pause Young (Mixed) (G1 Evacuation Pause) 3657M->1291M(4096M) 135.531ms
[1080.361s][info][gc,cpu         ] GC(194) User=0.80s Sys=0.00s Real=0.13s
....................[1099.874s][info][gc,start       ] GC(195) Pause Young (Concurrent Start) (G1 Evacuation Pause)
[1099.874s][info][gc,task        ] GC(195) Using 6 workers of 6 for evacuation
[1099.991s][info][gc,phases      ] GC(195)   Pre Evacuate Collection Set: 0.42ms
[1099.991s][info][gc,phases      ] GC(195)   Merge Heap Roots: 0.50ms
[1099.991s][info][gc,phases      ] GC(195)   Evacuate Collection Set: 114.53ms
[1099.991s][info][gc,phases      ] GC(195)   Post Evacuate Collection Set: 0.88ms
[1099.991s][info][gc,phases      ] GC(195)   Other: 0.11ms
[1099.991s][info][gc,heap        ] GC(195) Eden regions: 1120->0(1118)
[1099.991s][info][gc,heap        ] GC(195) Survivor regions: 108->110(154)
[1099.991s][info][gc,heap        ] GC(195) Old regions: 463->495
[1099.991s][info][gc,heap        ] GC(195) Humongous regions: 77->77
[1099.991s][info][gc,metaspace   ] GC(195) Metaspace: 28907K(29184K)->28907K(29184K) NonClass: 24023K(24128K)->24023K(24128K) Class: 4883K(5056K)->4883K(5056K)
[1099.991s][info][gc             ] GC(195) Pause Young (Concurrent Start) (G1 Evacuation Pause) 3531M->1359M(4096M) 116.572ms
[1099.991s][info][gc             ] GC(196) Concurrent Mark Cycle
[1099.991s][info][gc,marking     ] GC(196) Concurrent Scan Root Regions
[1099.991s][info][gc,cpu         ] GC(195) User=0.70s Sys=0.00s Real=0.12s
[1100.102s][info][gc,marking     ] GC(196) Concurrent Scan Root Regions 111.251ms
[1100.102s][info][gc,marking     ] GC(196) Concurrent Mark
[1100.102s][info][gc,marking     ] GC(196) Concurrent Mark From Roots
[1100.102s][info][gc,task        ] GC(196) Using 2 workers of 2 for marking
.[1100.619s][info][gc,marking     ] GC(196) Concurrent Mark From Roots 516.980ms
[1100.619s][info][gc,marking     ] GC(196) Concurrent Preclean
[1100.619s][info][gc,marking     ] GC(196) Concurrent Preclean 0.050ms
[1100.619s][info][gc,start       ] GC(196) Pause Remark
[1100.622s][info][gc             ] GC(196) Pause Remark 1448M->1448M(4096M) 2.227ms
[1100.622s][info][gc,cpu         ] GC(196) User=0.01s Sys=0.00s Real=0.00s
[1100.622s][info][gc,marking     ] GC(196) Concurrent Mark 519.497ms
[1100.622s][info][gc,marking     ] GC(196) Concurrent Rebuild Remembered Sets and Scrub Regions
[1100.822s][info][gc,marking     ] GC(196) Concurrent Rebuild Remembered Sets and Scrub Regions 200.099ms
[1100.822s][info][gc,start       ] GC(196) Pause Cleanup
[1100.822s][info][gc             ] GC(196) Pause Cleanup 1465M->1465M(4096M) 0.125ms
[1100.822s][info][gc,cpu         ] GC(196) User=0.00s Sys=0.00s Real=0.00s
[1100.822s][info][gc,marking     ] GC(196) Concurrent Clear Claimed Marks
[1100.822s][info][gc,marking     ] GC(196) Concurrent Clear Claimed Marks 0.032ms
[1100.822s][info][gc,marking     ] GC(196) Concurrent Cleanup for Next Mark
[1100.825s][info][gc,marking     ] GC(196) Concurrent Cleanup for Next Mark 3.227ms
[1100.825s][info][gc             ] GC(196) Concurrent Mark Cycle 834.612ms
. (rIR:aIR:PR = 969:970:970) (tPR = 14482) [OK] 
  1101s: Performance info:
         Transaction,    Success,    Partial,     Failed,   Receipts, AvgBarcode, 
             Overall,      58216,          0,          0,      55311,      59.49, 
         Response times:
             Request,    Success,    Partial,     Failed,   SkipFail,     Probes,    Samples,      min,      p50,      p90,      p95,      p99,      max, 
       TotalPurchase,      55311,          0,          0,          0,      53694,      59215,      300,     1100,     1500,     1700,     2300,   139000,
     InStorePurchase,      29131,          0,          0,          0,      28333,      31063,      300,     1100,     1500,     1700,     2300,   138000,
      OnlinePurchase,      20355,          0,          0,          0,      19797,      21833,      300,     1100,     1600,     1700,     2266,   139000,
        InstPurchase,       5825,          0,          0,          0,       5564,       6319,      400,     1100,     1600,     1800,     2300,   138000,
          AssocOfCat,         58,          0,          0,          0,         57,         62,    17700,    23000,    27000,    28000,    33000,    33000,
      AssocOfProduct,        577,          0,          0,          0,        481,        623,      600,     1400,     1800,     2000,     4700,    10000,
      BusinessReport,        146,          0,          0,          0,        101,        143,    18300,    24000,    29000,    33800,    52120,    64000,
          CustBuyBeh,        586,          0,          0,          0,        473,        590,      100,      500,     1000,     1200,     1827,     2800,
       ProductReturn,       1538,          0,          0,          0,       1390,       1644,      200,     1000,     1500,     1700,     4260,   120000,

  1101s: ( 8%)   IR =   1107 ....|...........[1117.518s][info][gc,start       ] GC(197) Pause Young (Prepare Mixed) (G1 Evacuation Pause)
[1117.518s][info][gc,task        ] GC(197) Using 6 workers of 6 for evacuation
[1117.638s][info][gc,phases      ] GC(197)   Pre Evacuate Collection Set: 0.39ms
[1117.638s][info][gc,phases      ] GC(197)   Merge Heap Roots: 0.56ms
[1117.638s][info][gc,phases      ] GC(197)   Evacuate Collection Set: 117.85ms
[1117.638s][info][gc,phases      ] GC(197)   Post Evacuate Collection Set: 0.96ms
[1117.638s][info][gc,phases      ] GC(197)   Other: 0.08ms
[1117.638s][info][gc,heap        ] GC(197) Eden regions: 1118->0(1117)
[1117.638s][info][gc,heap        ] GC(197) Survivor regions: 110->111(154)
[1117.638s][info][gc,heap        ] GC(197) Old regions: 495->527
[1117.638s][info][gc,heap        ] GC(197) Humongous regions: 77->77
[1117.638s][info][gc,metaspace   ] GC(197) Metaspace: 28908K(29184K)->28908K(29184K) NonClass: 24024K(24128K)->24024K(24128K) Class: 4883K(5056K)->4883K(5056K)
[1117.638s][info][gc             ] GC(197) Pause Young (Prepare Mixed) (G1 Evacuation Pause) 3595M->1426M(4096M) 119.964ms
[1117.638s][info][gc,cpu         ] GC(197) User=0.72s Sys=0.00s Real=0.12s
.................[1134.471s][info][gc,start       ] GC(198) Pause Young (Mixed) (G1 Evacuation Pause)
[1134.471s][info][gc,task        ] GC(198) Using 6 workers of 6 for evacuation
[1134.609s][info][gc,phases      ] GC(198)   Pre Evacuate Collection Set: 0.37ms
[1134.609s][info][gc,phases      ] GC(198)   Merge Heap Roots: 0.83ms
[1134.609s][info][gc,phases      ] GC(198)   Evacuate Collection Set: 135.96ms
[1134.609s][info][gc,phases      ] GC(198)   Post Evacuate Collection Set: 1.23ms
[1134.609s][info][gc,phases      ] GC(198)   Other: 0.09ms
[1134.609s][info][gc,heap        ] GC(198) Eden regions: 1117->0(1118)
[1134.609s][info][gc,heap        ] GC(198) Survivor regions: 111->110(154)
[1134.609s][info][gc,heap        ] GC(198) Old regions: 527->466
[1134.609s][info][gc,heap        ] GC(198) Humongous regions: 77->77
[1134.609s][info][gc,metaspace   ] GC(198) Metaspace: 28908K(29184K)->28908K(29184K) NonClass: 24024K(24128K)->24024K(24128K) Class: 4883K(5056K)->4883K(5056K)
[1134.609s][info][gc             ] GC(198) Pause Young (Mixed) (G1 Evacuation Pause) 3660M->1302M(4096M) 138.651ms
[1134.609s][info][gc,cpu         ] GC(198) User=0.82s Sys=0.00s Real=0.14s
..................[1151.774s][info][gc,start       ] GC(199) Pause Young (Concurrent Start) (G1 Evacuation Pause)
[1151.774s][info][gc,task        ] GC(199) Using 6 workers of 6 for evacuation
[1151.890s][info][gc,phases      ] GC(199)   Pre Evacuate Collection Set: 0.41ms
[1151.890s][info][gc,phases      ] GC(199)   Merge Heap Roots: 0.53ms
[1151.890s][info][gc,phases      ] GC(199)   Evacuate Collection Set: 114.18ms
[1151.890s][info][gc,phases      ] GC(199)   Post Evacuate Collection Set: 0.90ms
[1151.890s][info][gc,phases      ] GC(199)   Other: 0.12ms
[1151.890s][info][gc,heap        ] GC(199) Eden regions: 1118->0(1120)
[1151.890s][info][gc,heap        ] GC(199) Survivor regions: 110->108(154)
[1151.890s][info][gc,heap        ] GC(199) Old regions: 466->499
[1151.890s][info][gc,heap        ] GC(199) Humongous regions: 77->77
[1151.890s][info][gc,metaspace   ] GC(199) Metaspace: 28908K(29184K)->28908K(29184K) NonClass: 24024K(24128K)->24024K(24128K) Class: 4883K(5056K)->4883K(5056K)
[1151.890s][info][gc             ] GC(199) Pause Young (Concurrent Start) (G1 Evacuation Pause) 3538M->1365M(4096M) 116.275ms
[1151.890s][info][gc             ] GC(200) Concurrent Mark Cycle
[1151.890s][info][gc,marking     ] GC(200) Concurrent Scan Root Regions
[1151.890s][info][gc,cpu         ] GC(199) User=0.69s Sys=0.00s Real=0.12s
[1152.003s][info][gc,marking     ] GC(200) Concurrent Scan Root Regions 112.864ms
[1152.003s][info][gc,marking     ] GC(200) Concurrent Mark
[1152.003s][info][gc,marking     ] GC(200) Concurrent Mark From Roots
[1152.003s][info][gc,task        ] GC(200) Using 2 workers of 2 for marking
[1152.533s][info][gc,marking     ] GC(200) Concurrent Mark From Roots 529.254ms
[1152.533s][info][gc,marking     ] GC(200) Concurrent Preclean
[1152.533s][info][gc,marking     ] GC(200) Concurrent Preclean 0.053ms
[1152.533s][info][gc,start       ] GC(200) Pause Remark
[1152.535s][info][gc             ] GC(200) Pause Remark 1473M->1473M(4096M) 2.380ms
[1152.535s][info][gc,cpu         ] GC(200) User=0.01s Sys=0.01s Real=0.01s
[1152.535s][info][gc,marking     ] GC(200) Concurrent Mark 531.968ms
[1152.535s][info][gc,marking     ] GC(200) Concurrent Rebuild Remembered Sets and Scrub Regions
.[1152.750s][info][gc,marking     ] GC(200) Concurrent Rebuild Remembered Sets and Scrub Regions 214.971ms
[1152.750s][info][gc,start       ] GC(200) Pause Cleanup
[1152.750s][info][gc             ] GC(200) Pause Cleanup 1511M->1511M(4096M) 0.142ms
[1152.751s][info][gc,cpu         ] GC(200) User=0.00s Sys=0.00s Real=0.00s
[1152.751s][info][gc,marking     ] GC(200) Concurrent Clear Claimed Marks
[1152.751s][info][gc,marking     ] GC(200) Concurrent Clear Claimed Marks 0.034ms
[1152.751s][info][gc,marking     ] GC(200) Concurrent Cleanup for Next Mark
[1152.754s][info][gc,marking     ] GC(200) Concurrent Cleanup for Next Mark 3.379ms
[1152.754s][info][gc             ] GC(200) Concurrent Mark Cycle 863.726ms
............. (rIR:aIR:PR = 1107:1106:1106) (tPR = 16343) [OK] 
  1165s: Performance info:
         Transaction,    Success,    Partial,     Failed,   Receipts, AvgBarcode, 
             Overall,      66436,          0,          0,      63123,      59.47, 
         Response times:
             Request,    Success,    Partial,     Failed,   SkipFail,     Probes,    Samples,      min,      p50,      p90,      p95,      p99,      max, 
       TotalPurchase,      63123,          0,          0,          0,      61367,      66368,      300,     1200,     1700,     1800,     2300,   124000,
     InStorePurchase,      33243,          0,          0,          0,      32511,      35151,      300,     1200,     1700,     1800,     2300,   124000,
      OnlinePurchase,      23245,          0,          0,          0,      22526,      24270,      300,     1200,     1700,     1800,     2400,   123000,
        InstPurchase,       6635,          0,          0,          0,       6330,       6947,      400,     1300,     1800,     1900,     2400,   119000,
          AssocOfCat,         68,          0,          0,          0,         64,         70,    18100,    23000,    27000,    32600,   171000,   171000,
      AssocOfProduct,        656,          0,          0,          0,        537,        649,      400,     1400,     1900,     2000,     2400,    11100,
      BusinessReport,        165,          0,          0,          0,        113,        160,    18000,    24000,    29000,    30950,    83510,   150000,
          CustBuyBeh,        665,          0,          0,          0,        539,        666,      200,      500,     1100,     1400,     2100,     3600,
       ProductReturn,       1759,          0,          0,          0,       1581,       1845,      200,     1200,     1700,     1800,     2400,   124000,

  1165s: ( 9%)   IR =   1245 ..[1168.634s][info][gc,start       ] GC(201) Pause Young (Prepare Mixed) (G1 Evacuation Pause)
[1168.634s][info][gc,task        ] GC(201) Using 6 workers of 6 for evacuation
[1168.751s][info][gc,phases      ] GC(201)   Pre Evacuate Collection Set: 0.31ms
[1168.751s][info][gc,phases      ] GC(201)   Merge Heap Roots: 0.52ms
[1168.751s][info][gc,phases      ] GC(201)   Evacuate Collection Set: 114.71ms
[1168.751s][info][gc,phases      ] GC(201)   Post Evacuate Collection Set: 0.93ms
[1168.751s][info][gc,phases      ] GC(201)   Other: 0.09ms
[1168.751s][info][gc,heap        ] GC(201) Eden regions: 1120->0(1119)
[1168.751s][info][gc,heap        ] GC(201) Survivor regions: 108->109(154)
[1168.751s][info][gc,heap        ] GC(201) Old regions: 499->531
[1168.751s][info][gc,heap        ] GC(201) Humongous regions: 77->77
[1168.751s][info][gc,metaspace   ] GC(201) Metaspace: 28910K(29184K)->28910K(29184K) NonClass: 24027K(24128K)->24027K(24128K) Class: 4883K(5056K)->4883K(5056K)
[1168.751s][info][gc             ] GC(201) Pause Young (Prepare Mixed) (G1 Evacuation Pause) 3605M->1431M(4096M) 116.713ms
[1168.751s][info][gc,cpu         ] GC(201) User=0.69s Sys=0.00s Real=0.12s
.....|...........[1183.849s][info][gc,start       ] GC(202) Pause Young (Mixed) (G1 Evacuation Pause)
[1183.849s][info][gc,task        ] GC(202) Using 6 workers of 6 for evacuation
[1183.976s][info][gc,phases      ] GC(202)   Pre Evacuate Collection Set: 0.43ms
[1183.976s][info][gc,phases      ] GC(202)   Merge Heap Roots: 0.63ms
[1183.976s][info][gc,phases      ] GC(202)   Evacuate Collection Set: 125.05ms
[1183.976s][info][gc,phases      ] GC(202)   Post Evacuate Collection Set: 0.95ms
[1183.976s][info][gc,phases      ] GC(202)   Other: 0.09ms
[1183.976s][info][gc,heap        ] GC(202) Eden regions: 1119->0(1120)
[1183.976s][info][gc,heap        ] GC(202) Survivor regions: 109->108(154)
[1183.976s][info][gc,heap        ] GC(202) Old regions: 531->467
[1183.976s][info][gc,heap        ] GC(202) Humongous regions: 77->77
[1183.976s][info][gc,metaspace   ] GC(202) Metaspace: 28910K(29184K)->28910K(29184K) NonClass: 24027K(24128K)->24027K(24128K) Class: 4883K(5056K)->4883K(5056K)
[1183.976s][info][gc             ] GC(202) Pause Young (Mixed) (G1 Evacuation Pause) 3669M->1299M(4096M) 127.295ms
[1183.976s][info][gc,cpu         ] GC(202) User=0.76s Sys=0.00s Real=0.13s
...............[1199.174s][info][gc,start       ] GC(203) Pause Young (Concurrent Start) (G1 Evacuation Pause)
[1199.174s][info][gc,task        ] GC(203) Using 6 workers of 6 for evacuation
[1199.291s][info][gc,phases      ] GC(203)   Pre Evacuate Collection Set: 0.41ms
[1199.291s][info][gc,phases      ] GC(203)   Merge Heap Roots: 0.57ms
[1199.291s][info][gc,phases      ] GC(203)   Evacuate Collection Set: 114.73ms
[1199.291s][info][gc,phases      ] GC(203)   Post Evacuate Collection Set: 0.88ms
[1199.291s][info][gc,phases      ] GC(203)   Other: 0.12ms
[1199.291s][info][gc,heap        ] GC(203) Eden regions: 1120->0(1120)
[1199.291s][info][gc,heap        ] GC(203) Survivor regions: 108->108(154)
[1199.291s][info][gc,heap        ] GC(203) Old regions: 467->498
[1199.291s][info][gc,heap        ] GC(203) Humongous regions: 77->77
[1199.291s][info][gc,metaspace   ] GC(203) Metaspace: 28915K(29184K)->28915K(29184K) NonClass: 24031K(24128K)->24031K(24128K) Class: 4883K(5056K)->4883K(5056K)
[1199.291s][info][gc             ] GC(203) Pause Young (Concurrent Start) (G1 Evacuation Pause) 3539M->1362M(4096M) 116.856ms
[1199.291s][info][gc             ] GC(204) Concurrent Mark Cycle
[1199.291s][info][gc,marking     ] GC(204) Concurrent Scan Root Regions
[1199.291s][info][gc,cpu         ] GC(203) User=0.69s Sys=0.00s Real=0.12s
[1199.414s][info][gc,marking     ] GC(204) Concurrent Scan Root Regions 122.474ms
[1199.414s][info][gc,marking     ] GC(204) Concurrent Mark
[1199.414s][info][gc,marking     ] GC(204) Concurrent Mark From Roots
[1199.414s][info][gc,task        ] GC(204) Using 2 workers of 2 for marking
.[1199.945s][info][gc,marking     ] GC(204) Concurrent Mark From Roots 530.757ms
[1199.945s][info][gc,marking     ] GC(204) Concurrent Preclean
[1199.945s][info][gc,marking     ] GC(204) Concurrent Preclean 0.052ms
[1199.945s][info][gc,start       ] GC(204) Pause Remark
[1199.947s][info][gc             ] GC(204) Pause Remark 1465M->1465M(4096M) 2.382ms
[1199.947s][info][gc,cpu         ] GC(204) User=0.02s Sys=0.00s Real=0.00s
[1199.947s][info][gc,marking     ] GC(204) Concurrent Mark 533.427ms
[1199.947s][info][gc,marking     ] GC(204) Concurrent Rebuild Remembered Sets and Scrub Regions
[1200.153s][info][gc,marking     ] GC(204) Concurrent Rebuild Remembered Sets and Scrub Regions 205.961ms
[1200.153s][info][gc,start       ] GC(204) Pause Cleanup
[1200.154s][info][gc             ] GC(204) Pause Cleanup 1494M->1494M(4096M) 0.141ms
[1200.154s][info][gc,cpu         ] GC(204) User=0.00s Sys=0.00s Real=0.00s
[1200.154s][info][gc,marking     ] GC(204) Concurrent Clear Claimed Marks
[1200.154s][info][gc,marking     ] GC(204) Concurrent Clear Claimed Marks 0.033ms
[1200.154s][info][gc,marking     ] GC(204) Concurrent Cleanup for Next Mark
[1200.158s][info][gc,marking     ] GC(204) Concurrent Cleanup for Next Mark 4.254ms
[1200.158s][info][gc             ] GC(204) Concurrent Mark Cycle 866.694ms
..............[1214.330s][info][gc,start       ] GC(205) Pause Young (Prepare Mixed) (G1 Evacuation Pause)
[1214.330s][info][gc,task        ] GC(205) Using 6 workers of 6 for evacuation
[1214.446s][info][gc,phases      ] GC(205)   Pre Evacuate Collection Set: 0.37ms
[1214.446s][info][gc,phases      ] GC(205)   Merge Heap Roots: 0.54ms
[1214.446s][info][gc,phases      ] GC(205)   Evacuate Collection Set: 113.52ms
[1214.446s][info][gc,phases      ] GC(205)   Post Evacuate Collection Set: 0.92ms
[1214.446s][info][gc,phases      ] GC(205)   Other: 0.09ms
[1214.446s][info][gc,heap        ] GC(205) Eden regions: 1120->0(1120)
[1214.446s][info][gc,heap        ] GC(205) Survivor regions: 108->108(154)
[1214.446s][info][gc,heap        ] GC(205) Old regions: 498->530
[1214.446s][info][gc,heap        ] GC(205) Humongous regions: 77->77
[1214.446s][info][gc,metaspace   ] GC(205) Metaspace: 28915K(29184K)->28915K(29184K) NonClass: 24031K(24128K)->24031K(24128K) Class: 4883K(5056K)->4883K(5056K)
[1214.446s][info][gc             ] GC(205) Pause Young (Prepare Mixed) (G1 Evacuation Pause) 3602M->1426M(4096M) 115.555ms
[1214.446s][info][gc,cpu         ] GC(205) User=0.68s Sys=0.00s Real=0.12s
...............[1229.563s][info][gc,start       ] GC(206) Pause Young (Mixed) (G1 Evacuation Pause)
[1229.563s][info][gc,task        ] GC(206) Using 6 workers of 6 for evacuation
[1229.695s][info][gc,phases      ] GC(206)   Pre Evacuate Collection Set: 0.43ms
[1229.695s][info][gc,phases      ] GC(206)   Merge Heap Roots: 0.70ms
[1229.695s][info][gc,phases      ] GC(206)   Evacuate Collection Set: 130.01ms
[1229.695s][info][gc,phases      ] GC(206)   Post Evacuate Collection Set: 0.96ms
[1229.696s][info][gc,phases      ] GC(206)   Other: 0.09ms
[1229.696s][info][gc,heap        ] GC(206) Eden regions: 1120->0(1120)
[1229.696s][info][gc,heap        ] GC(206) Survivor regions: 108->108(154)
[1229.696s][info][gc,heap        ] GC(206) Old regions: 530->465
[1229.696s][info][gc,heap        ] GC(206) Humongous regions: 77->77
[1229.696s][info][gc,metaspace   ] GC(206) Metaspace: 28915K(29184K)->28915K(29184K) NonClass: 24031K(24128K)->24031K(24128K) Class: 4883K(5056K)->4883K(5056K)
[1229.696s][info][gc             ] GC(206) Pause Young (Mixed) (G1 Evacuation Pause) 3666M->1296M(4096M) 132.337ms
[1229.696s][info][gc,cpu         ] GC(206) User=0.79s Sys=0.00s Real=0.14s
.... (rIR:aIR:PR = 1245:1245:1245) (tPR = 18702) [OK] 
  1232s: Performance info:
         Transaction,    Success,    Partial,     Failed,   Receipts, AvgBarcode, 
             Overall,      74751,          0,          0,      71010,      59.47, 
         Response times:
             Request,    Success,    Partial,     Failed,   SkipFail,     Probes,    Samples,      min,      p50,      p90,      p95,      p99,      max, 
       TotalPurchase,      71010,          0,          0,          0,      68902,      77963,      300,     1300,     1900,     2100,     3400,   135000,
     InStorePurchase,      37351,          0,          0,          0,      36415,      41053,      300,     1200,     1900,     2100,     3200,   135000,
      OnlinePurchase,      26172,          0,          0,          0,      25429,      28762,      300,     1300,     1900,     2100,     3700,   135000,
        InstPurchase,       7487,          0,          0,          0,       7058,       8148,      400,     1300,     1900,     2100,     3600,   135000,
          AssocOfCat,         74,          0,          0,          0,         72,         83,    17700,    23000,    27600,    29000,    48000,    48000,
      AssocOfProduct,        748,          0,          0,          0,        651,        834,      400,     1250,     1700,     1900,     3930,   129000,
      BusinessReport,        187,          0,          0,          0,        136,        212,    18200,    25000,    29000,    31000,    45830,   151000,
          CustBuyBeh,        751,          0,          0,          0,        645,        835,      200,     1400,     1900,     2100,     5068,    16200,
       ProductReturn,       1981,          0,          0,          0,       1774,       2118,      200,      700,     1300,     1500,     2281,     7700,

  1232s: (10%)   IR =   1384 .....|.....[1243.367s][info][gc,start       ] GC(207) Pause Young (Concurrent Start) (G1 Evacuation Pause)
[1243.367s][info][gc,task        ] GC(207) Using 6 workers of 6 for evacuation
[1243.489s][info][gc,phases      ] GC(207)   Pre Evacuate Collection Set: 0.41ms
[1243.489s][info][gc,phases      ] GC(207)   Merge Heap Roots: 0.54ms
[1243.489s][info][gc,phases      ] GC(207)   Evacuate Collection Set: 120.57ms
[1243.489s][info][gc,phases      ] GC(207)   Post Evacuate Collection Set: 0.92ms
[1243.489s][info][gc,phases      ] GC(207)   Other: 0.11ms
[1243.489s][info][gc,heap        ] GC(207) Eden regions: 1120->0(1114)
[1243.489s][info][gc,heap        ] GC(207) Survivor regions: 108->114(154)
[1243.489s][info][gc,heap        ] GC(207) Old regions: 465->497
[1243.489s][info][gc,heap        ] GC(207) Humongous regions: 77->77
[1243.489s][info][gc,metaspace   ] GC(207) Metaspace: 28916K(29248K)->28916K(29248K) NonClass: 24032K(24192K)->24032K(24192K) Class: 4883K(5056K)->4883K(5056K)
[1243.489s][info][gc             ] GC(207) Pause Young (Concurrent Start) (G1 Evacuation Pause) 3536M->1372M(4096M) 122.671ms
[1243.489s][info][gc             ] GC(208) Concurrent Mark Cycle
[1243.489s][info][gc,marking     ] GC(208) Concurrent Scan Root Regions
[1243.489s][info][gc,cpu         ] GC(207) User=0.73s Sys=0.00s Real=0.12s
[1243.616s][info][gc,marking     ] GC(208) Concurrent Scan Root Regions 126.312ms
[1243.616s][info][gc,marking     ] GC(208) Concurrent Mark
[1243.616s][info][gc,marking     ] GC(208) Concurrent Mark From Roots
[1243.616s][info][gc,task        ] GC(208) Using 2 workers of 2 for marking
.[1244.147s][info][gc,marking     ] GC(208) Concurrent Mark From Roots 531.447ms
[1244.147s][info][gc,marking     ] GC(208) Concurrent Preclean
[1244.147s][info][gc,marking     ] GC(208) Concurrent Preclean 0.050ms
[1244.147s][info][gc,start       ] GC(208) Pause Remark
[1244.150s][info][gc             ] GC(208) Pause Remark 1488M->1488M(4096M) 2.345ms
[1244.150s][info][gc,cpu         ] GC(208) User=0.01s Sys=0.00s Real=0.00s
[1244.150s][info][gc,marking     ] GC(208) Concurrent Mark 534.114ms
[1244.150s][info][gc,marking     ] GC(208) Concurrent Rebuild Remembered Sets and Scrub Regions
[1244.362s][info][gc,marking     ] GC(208) Concurrent Rebuild Remembered Sets and Scrub Regions 212.318ms
[1244.362s][info][gc,start       ] GC(208) Pause Cleanup
[1244.362s][info][gc             ] GC(208) Pause Cleanup 1520M->1520M(4096M) 0.118ms
[1244.362s][info][gc,cpu         ] GC(208) User=0.00s Sys=0.00s Real=0.00s
[1244.362s][info][gc,marking     ] GC(208) Concurrent Clear Claimed Marks
[1244.362s][info][gc,marking     ] GC(208) Concurrent Clear Claimed Marks 0.035ms
[1244.362s][info][gc,marking     ] GC(208) Concurrent Cleanup for Next Mark
[1244.366s][info][gc,marking     ] GC(208) Concurrent Cleanup for Next Mark 3.250ms
[1244.366s][info][gc             ] GC(208) Concurrent Mark Cycle 876.478ms
.............[1257.192s][info][gc,start       ] GC(209) Pause Young (Prepare Mixed) (G1 Evacuation Pause)
[1257.192s][info][gc,task        ] GC(209) Using 6 workers of 6 for evacuation
[1257.311s][info][gc,phases      ] GC(209)   Pre Evacuate Collection Set: 0.38ms
[1257.311s][info][gc,phases      ] GC(209)   Merge Heap Roots: 0.56ms
[1257.311s][info][gc,phases      ] GC(209)   Evacuate Collection Set: 116.57ms
[1257.311s][info][gc,phases      ] GC(209)   Post Evacuate Collection Set: 0.96ms
[1257.311s][info][gc,phases      ] GC(209)   Other: 0.09ms
[1257.311s][info][gc,heap        ] GC(209) Eden regions: 1114->0(1118)
[1257.311s][info][gc,heap        ] GC(209) Survivor regions: 114->110(154)
[1257.311s][info][gc,heap        ] GC(209) Old regions: 497->529
[1257.311s][info][gc,heap        ] GC(209) Humongous regions: 77->77
[1257.311s][info][gc,metaspace   ] GC(209) Metaspace: 28916K(29248K)->28916K(29248K) NonClass: 24032K(24192K)->24032K(24192K) Class: 4883K(5056K)->4883K(5056K)
[1257.311s][info][gc             ] GC(209) Pause Young (Prepare Mixed) (G1 Evacuation Pause) 3600M->1428M(4096M) 118.705ms
[1257.311s][info][gc,cpu         ] GC(209) User=0.71s Sys=0.00s Real=0.12s
..............[1270.862s][info][gc,start       ] GC(210) Pause Young (Mixed) (G1 Evacuation Pause)
[1270.862s][info][gc,task        ] GC(210) Using 6 workers of 6 for evacuation
[1270.993s][info][gc,phases      ] GC(210)   Pre Evacuate Collection Set: 0.38ms
[1270.993s][info][gc,phases      ] GC(210)   Merge Heap Roots: 0.73ms
[1270.993s][info][gc,phases      ] GC(210)   Evacuate Collection Set: 128.13ms
[1270.993s][info][gc,phases      ] GC(210)   Post Evacuate Collection Set: 0.95ms
[1270.993s][info][gc,phases      ] GC(210)   Other: 0.09ms
[1270.993s][info][gc,heap        ] GC(210) Eden regions: 1118->0(1119)
[1270.993s][info][gc,heap        ] GC(210) Survivor regions: 110->109(154)
[1270.993s][info][gc,heap        ] GC(210) Old regions: 529->466
[1270.993s][info][gc,heap        ] GC(210) Humongous regions: 77->77
[1270.993s][info][gc,metaspace   ] GC(210) Metaspace: 28916K(29248K)->28916K(29248K) NonClass: 24033K(24192K)->24033K(24192K) Class: 4883K(5056K)->4883K(5056K)
[1270.993s][info][gc             ] GC(210) Pause Young (Mixed) (G1 Evacuation Pause) 3664M->1299M(4096M) 130.427ms
[1270.993s][info][gc,cpu         ] GC(210) User=0.78s Sys=0.00s Real=0.13s
.............[1284.511s][info][gc,start       ] GC(211) Pause Young (Concurrent Start) (G1 Evacuation Pause)
[1284.511s][info][gc,task        ] GC(211) Using 6 workers of 6 for evacuation
[1284.629s][info][gc,phases      ] GC(211)   Pre Evacuate Collection Set: 0.40ms
[1284.629s][info][gc,phases      ] GC(211)   Merge Heap Roots: 0.50ms
[1284.629s][info][gc,phases      ] GC(211)   Evacuate Collection Set: 115.75ms
[1284.629s][info][gc,phases      ] GC(211)   Post Evacuate Collection Set: 0.89ms
[1284.629s][info][gc,phases      ] GC(211)   Other: 0.12ms
[1284.629s][info][gc,heap        ] GC(211) Eden regions: 1119->0(1118)
[1284.629s][info][gc,heap        ] GC(211) Survivor regions: 109->110(154)
[1284.629s][info][gc,heap        ] GC(211) Old regions: 466->498
[1284.629s][info][gc,heap        ] GC(211) Humongous regions: 77->77
[1284.629s][info][gc,metaspace   ] GC(211) Metaspace: 28916K(29248K)->28916K(29248K) NonClass: 24033K(24192K)->24033K(24192K) Class: 4883K(5056K)->4883K(5056K)
[1284.629s][info][gc             ] GC(211) Pause Young (Concurrent Start) (G1 Evacuation Pause) 3537M->1366M(4096M) 117.831ms
[1284.629s][info][gc             ] GC(212) Concurrent Mark Cycle
[1284.629s][info][gc,marking     ] GC(212) Concurrent Scan Root Regions
[1284.629s][info][gc,cpu         ] GC(211) User=0.70s Sys=0.00s Real=0.12s
[1284.749s][info][gc,marking     ] GC(212) Concurrent Scan Root Regions 119.677ms
[1284.749s][info][gc,marking     ] GC(212) Concurrent Mark
[1284.749s][info][gc,marking     ] GC(212) Concurrent Mark From Roots
[1284.749s][info][gc,task        ] GC(212) Using 2 workers of 2 for marking
.[1285.305s][info][gc,marking     ] GC(212) Concurrent Mark From Roots 556.537ms
[1285.305s][info][gc,marking     ] GC(212) Concurrent Preclean
[1285.305s][info][gc,marking     ] GC(212) Concurrent Preclean 0.049ms
[1285.305s][info][gc,start       ] GC(212) Pause Remark
[1285.308s][info][gc             ] GC(212) Pause Remark 1502M->1502M(4096M) 2.353ms
[1285.308s][info][gc,cpu         ] GC(212) User=0.01s Sys=0.00s Real=0.00s
[1285.308s][info][gc,marking     ] GC(212) Concurrent Mark 559.187ms
[1285.308s][info][gc,marking     ] GC(212) Concurrent Rebuild Remembered Sets and Scrub Regions
[1285.513s][info][gc,marking     ] GC(212) Concurrent Rebuild Remembered Sets and Scrub Regions 204.747ms
[1285.514s][info][gc,start       ] GC(212) Pause Cleanup
[1285.514s][info][gc             ] GC(212) Pause Cleanup 1528M->1528M(4096M) 0.127ms
[1285.514s][info][gc,cpu         ] GC(212) User=0.00s Sys=0.00s Real=0.00s
[1285.514s][info][gc,marking     ] GC(212) Concurrent Clear Claimed Marks
[1285.514s][info][gc,marking     ] GC(212) Concurrent Clear Claimed Marks 0.037ms
[1285.514s][info][gc,marking     ] GC(212) Concurrent Cleanup for Next Mark
[1285.518s][info][gc,marking     ] GC(212) Concurrent Cleanup for Next Mark 4.030ms
[1285.518s][info][gc             ] GC(212) Concurrent Mark Cycle 889.100ms
............. (rIR:aIR:PR = 1384:1385:1385) (tPR = 20359) [OK] 
  1297s: Performance info:
         Transaction,    Success,    Partial,     Failed,   Receipts, AvgBarcode, 
             Overall,      83143,          0,          0,      78988,      59.47, 
         Response times:
             Request,    Success,    Partial,     Failed,   SkipFail,     Probes,    Samples,      min,      p50,      p90,      p95,      p99,      max, 
       TotalPurchase,      78984,          0,          0,          0,      76735,      84078,      300,     1400,     2000,     2300,     3800,   142000,
     InStorePurchase,      41556,          0,          0,          0,      40452,      44067,      300,     1400,     2000,     2300,     3600,   137000,
      OnlinePurchase,      29128,          0,          0,          0,      28381,      31176,      300,     1400,     2100,     2300,     3900,   142000,
        InstPurchase,       8300,          0,          0,          0,       7902,       8835,      400,     1400,     2000,     2300,     3900,   133000,
          AssocOfCat,         83,          0,          0,          0,         79,         89,    17300,    23000,    28000,    31500,    37000,    37000,
      AssocOfProduct,        832,          0,          0,          0,        713,        879,      800,     1700,     2200,     2400,     3600,    28000,
      BusinessReport,        207,          0,          0,          0,        158,        228,    17800,    25000,    31000,    38000,   143270,   176000,
          CustBuyBeh,        829,          0,          0,          0,        692,        851,      200,     1400,     1900,     2100,    10628,    27000,
       ProductReturn,       2204,          0,          0,          0,       2017,       2309,      200,     1100,     1900,     2100,     3090,    32000,

  1297s: (11%)   IR =   1522 [1298.139s][info][gc,start       ] GC(213) Pause Young (Prepare Mixed) (G1 Evacuation Pause)
[1298.139s][info][gc,task        ] GC(213) Using 6 workers of 6 for evacuation
[1298.258s][info][gc,phases      ] GC(213)   Pre Evacuate Collection Set: 0.33ms
[1298.258s][info][gc,phases      ] GC(213)   Merge Heap Roots: 0.58ms
[1298.258s][info][gc,phases      ] GC(213)   Evacuate Collection Set: 117.06ms
[1298.258s][info][gc,phases      ] GC(213)   Post Evacuate Collection Set: 0.92ms
[1298.258s][info][gc,phases      ] GC(213)   Other: 0.09ms
[1298.258s][info][gc,heap        ] GC(213) Eden regions: 1118->0(1118)
[1298.258s][info][gc,heap        ] GC(213) Survivor regions: 110->110(154)
[1298.258s][info][gc,heap        ] GC(213) Old regions: 498->530
[1298.258s][info][gc,heap        ] GC(213) Humongous regions: 77->77
[1298.258s][info][gc,metaspace   ] GC(213) Metaspace: 28917K(29248K)->28917K(29248K) NonClass: 24034K(24192K)->24034K(24192K) Class: 4883K(5056K)->4883K(5056K)
[1298.258s][info][gc             ] GC(213) Pause Young (Prepare Mixed) (G1 Evacuation Pause) 3602M->1431M(4096M) 119.106ms
[1298.258s][info][gc,cpu         ] GC(213) User=0.71s Sys=0.00s Real=0.12s
......|......[1310.646s][info][gc,start       ] GC(214) Pause Young (Mixed) (G1 Evacuation Pause)
[1310.646s][info][gc,task        ] GC(214) Using 6 workers of 6 for evacuation
[1310.778s][info][gc,phases      ] GC(214)   Pre Evacuate Collection Set: 0.41ms
[1310.778s][info][gc,phases      ] GC(214)   Merge Heap Roots: 0.68ms
[1310.778s][info][gc,phases      ] GC(214)   Evacuate Collection Set: 129.49ms
[1310.778s][info][gc,phases      ] GC(214)   Post Evacuate Collection Set: 0.92ms
[1310.778s][info][gc,phases      ] GC(214)   Other: 0.11ms
[1310.778s][info][gc,heap        ] GC(214) Eden regions: 1118->0(1119)
[1310.778s][info][gc,heap        ] GC(214) Survivor regions: 110->109(154)
[1310.778s][info][gc,heap        ] GC(214) Old regions: 530->466
[1310.778s][info][gc,heap        ] GC(214) Humongous regions: 77->77
[1310.778s][info][gc,metaspace   ] GC(214) Metaspace: 28917K(29248K)->28917K(29248K) NonClass: 24034K(24192K)->24034K(24192K) Class: 4883K(5056K)->4883K(5056K)
[1310.778s][info][gc             ] GC(214) Pause Young (Mixed) (G1 Evacuation Pause) 3667M->1299M(4096M) 131.740ms
[1310.778s][info][gc,cpu         ] GC(214) User=0.78s Sys=0.00s Real=0.13s
.............[1323.025s][info][gc,start       ] GC(215) Pause Young (Concurrent Start) (G1 Evacuation Pause)
[1323.025s][info][gc,task        ] GC(215) Using 6 workers of 6 for evacuation
[1323.143s][info][gc,phases      ] GC(215)   Pre Evacuate Collection Set: 0.39ms
[1323.143s][info][gc,phases      ] GC(215)   Merge Heap Roots: 0.53ms
[1323.143s][info][gc,phases      ] GC(215)   Evacuate Collection Set: 115.93ms
[1323.143s][info][gc,phases      ] GC(215)   Post Evacuate Collection Set: 0.90ms
[1323.143s][info][gc,phases      ] GC(215)   Other: 0.12ms
[1323.143s][info][gc,heap        ] GC(215) Eden regions: 1119->0(1120)
[1323.143s][info][gc,heap        ] GC(215) Survivor regions: 109->108(154)
[1323.143s][info][gc,heap        ] GC(215) Old regions: 466->498
[1323.143s][info][gc,heap        ] GC(215) Humongous regions: 77->77
[1323.143s][info][gc,metaspace   ] GC(215) Metaspace: 28917K(29248K)->28917K(29248K) NonClass: 24034K(24192K)->24034K(24192K) Class: 4883K(5056K)->4883K(5056K)
[1323.143s][info][gc             ] GC(215) Pause Young (Concurrent Start) (G1 Evacuation Pause) 3537M->1363M(4096M) 117.995ms
[1323.143s][info][gc             ] GC(216) Concurrent Mark Cycle
[1323.143s][info][gc,marking     ] GC(216) Concurrent Scan Root Regions
[1323.143s][info][gc,cpu         ] GC(215) User=0.71s Sys=0.00s Real=0.11s
[1323.262s][info][gc,marking     ] GC(216) Concurrent Scan Root Regions 118.793ms
[1323.262s][info][gc,marking     ] GC(216) Concurrent Mark
[1323.262s][info][gc,marking     ] GC(216) Concurrent Mark From Roots
[1323.262s][info][gc,task        ] GC(216) Using 2 workers of 2 for marking
[1323.823s][info][gc,marking     ] GC(216) Concurrent Mark From Roots 560.852ms
[1323.823s][info][gc,marking     ] GC(216) Concurrent Preclean
[1323.823s][info][gc,marking     ] GC(216) Concurrent Preclean 0.049ms
[1323.823s][info][gc,start       ] GC(216) Pause Remark
[1323.825s][info][gc             ] GC(216) Pause Remark 1509M->1509M(4096M) 2.340ms
[1323.826s][info][gc,cpu         ] GC(216) User=0.01s Sys=0.00s Real=0.01s
[1323.826s][info][gc,marking     ] GC(216) Concurrent Mark 563.487ms
[1323.826s][info][gc,marking     ] GC(216) Concurrent Rebuild Remembered Sets and Scrub Regions
.[1324.029s][info][gc,marking     ] GC(216) Concurrent Rebuild Remembered Sets and Scrub Regions 203.791ms
[1324.030s][info][gc,start       ] GC(216) Pause Cleanup
[1324.030s][info][gc             ] GC(216) Pause Cleanup 1537M->1537M(4096M) 0.122ms
[1324.030s][info][gc,cpu         ] GC(216) User=0.00s Sys=0.00s Real=0.00s
[1324.030s][info][gc,marking     ] GC(216) Concurrent Clear Claimed Marks
[1324.030s][info][gc,marking     ] GC(216) Concurrent Clear Claimed Marks 0.034ms
[1324.030s][info][gc,marking     ] GC(216) Concurrent Cleanup for Next Mark
[1324.034s][info][gc,marking     ] GC(216) Concurrent Cleanup for Next Mark 4.507ms
[1324.034s][info][gc             ] GC(216) Concurrent Mark Cycle 891.112ms
...........[1335.532s][info][gc,start       ] GC(217) Pause Young (Prepare Mixed) (G1 Evacuation Pause)
[1335.532s][info][gc,task        ] GC(217) Using 6 workers of 6 for evacuation
[1335.648s][info][gc,phases      ] GC(217)   Pre Evacuate Collection Set: 0.36ms
[1335.648s][info][gc,phases      ] GC(217)   Merge Heap Roots: 0.58ms
[1335.648s][info][gc,phases      ] GC(217)   Evacuate Collection Set: 114.33ms
[1335.648s][info][gc,phases      ] GC(217)   Post Evacuate Collection Set: 0.92ms
[1335.649s][info][gc,phases      ] GC(217)   Other: 0.09ms
[1335.649s][info][gc,heap        ] GC(217) Eden regions: 1120->0(1120)
[1335.649s][info][gc,heap        ] GC(217) Survivor regions: 108->108(154)
[1335.649s][info][gc,heap        ] GC(217) Old regions: 498->531
[1335.649s][info][gc,heap        ] GC(217) Humongous regions: 77->77
[1335.649s][info][gc,metaspace   ] GC(217) Metaspace: 28917K(29248K)->28917K(29248K) NonClass: 24034K(24192K)->24034K(24192K) Class: 4883K(5056K)->4883K(5056K)
[1335.649s][info][gc             ] GC(217) Pause Young (Prepare Mixed) (G1 Evacuation Pause) 3603M->1428M(4096M) 116.430ms
[1335.649s][info][gc,cpu         ] GC(217) User=0.69s Sys=0.00s Real=0.12s
............[1347.876s][info][gc,start       ] GC(218) Pause Young (Mixed) (G1 Evacuation Pause)
[1347.876s][info][gc,task        ] GC(218) Using 6 workers of 6 for evacuation
[1348.006s][info][gc,phases      ] GC(218)   Pre Evacuate Collection Set: 0.39ms
[1348.006s][info][gc,phases      ] GC(218)   Merge Heap Roots: 0.58ms
[1348.006s][info][gc,phases      ] GC(218)   Evacuate Collection Set: 127.62ms
[1348.006s][info][gc,phases      ] GC(218)   Post Evacuate Collection Set: 0.96ms
[1348.006s][info][gc,phases      ] GC(218)   Other: 0.09ms
[1348.006s][info][gc,heap        ] GC(218) Eden regions: 1120->0(1119)
[1348.006s][info][gc,heap        ] GC(218) Survivor regions: 108->109(154)
[1348.006s][info][gc,heap        ] GC(218) Old regions: 531->466
[1348.006s][info][gc,heap        ] GC(218) Humongous regions: 77->77
[1348.006s][info][gc,metaspace   ] GC(218) Metaspace: 28917K(29248K)->28917K(29248K) NonClass: 24034K(24192K)->24034K(24192K) Class: 4883K(5056K)->4883K(5056K)
[1348.006s][info][gc             ] GC(218) Pause Young (Mixed) (G1 Evacuation Pause) 3668M->1299M(4096M) 129.789ms
[1348.006s][info][gc,cpu         ] GC(218) User=0.77s Sys=0.00s Real=0.13s
.............[1360.394s][info][gc,start       ] GC(219) Pause Young (Concurrent Start) (G1 Evacuation Pause)
[1360.394s][info][gc,task        ] GC(219) Using 6 workers of 6 for evacuation
[1360.511s][info][gc,phases      ] GC(219)   Pre Evacuate Collection Set: 0.37ms
[1360.511s][info][gc,phases      ] GC(219)   Merge Heap Roots: 0.54ms
[1360.511s][info][gc,phases      ] GC(219)   Evacuate Collection Set: 115.19ms
[1360.511s][info][gc,phases      ] GC(219)   Post Evacuate Collection Set: 0.88ms
[1360.511s][info][gc,phases      ] GC(219)   Other: 0.16ms
[1360.511s][info][gc,heap        ] GC(219) Eden regions: 1119->0(1119)
[1360.511s][info][gc,heap        ] GC(219) Survivor regions: 109->109(154)
[1360.511s][info][gc,heap        ] GC(219) Old regions: 466->498
[1360.511s][info][gc,heap        ] GC(219) Humongous regions: 77->77
[1360.511s][info][gc,metaspace   ] GC(219) Metaspace: 28917K(29248K)->28917K(29248K) NonClass: 24034K(24192K)->24034K(24192K) Class: 4883K(5056K)->4883K(5056K)
[1360.511s][info][gc             ] GC(219) Pause Young (Concurrent Start) (G1 Evacuation Pause) 3537M->1364M(4096M) 117.264ms
[1360.511s][info][gc             ] GC(220) Concurrent Mark Cycle
[1360.511s][info][gc,marking     ] GC(220) Concurrent Scan Root Regions
[1360.511s][info][gc,cpu         ] GC(219) User=0.70s Sys=0.00s Real=0.12s
[1360.628s][info][gc,marking     ] GC(220) Concurrent Scan Root Regions 117.038ms
[1360.628s][info][gc,marking     ] GC(220) Concurrent Mark
[1360.628s][info][gc,marking     ] GC(220) Concurrent Mark From Roots
[1360.628s][info][gc,task        ] GC(220) Using 2 workers of 2 for marking
.[1361.188s][info][gc,marking     ] GC(220) Concurrent Mark From Roots 560.164ms
[1361.188s][info][gc,marking     ] GC(220) Concurrent Preclean
[1361.188s][info][gc,marking     ] GC(220) Concurrent Preclean 0.055ms
[1361.189s][info][gc,start       ] GC(220) Pause Remark
[1361.191s][info][gc             ] GC(220) Pause Remark 1527M->1527M(4096M) 2.444ms
[1361.191s][info][gc,cpu         ] GC(220) User=0.01s Sys=0.00s Real=0.00s
[1361.191s][info][gc,marking     ] GC(220) Concurrent Mark 562.925ms
[1361.191s][info][gc,marking     ] GC(220) Concurrent Rebuild Remembered Sets and Scrub Regions
[1361.405s][info][gc,marking     ] GC(220) Concurrent Rebuild Remembered Sets and Scrub Regions 213.431ms
[1361.405s][info][gc,start       ] GC(220) Pause Cleanup
[1361.405s][info][gc             ] GC(220) Pause Cleanup 1565M->1565M(4096M) 0.124ms
[1361.405s][info][gc,cpu         ] GC(220) User=0.00s Sys=0.00s Real=0.01s
[1361.405s][info][gc,marking     ] GC(220) Concurrent Clear Claimed Marks
[1361.405s][info][gc,marking     ] GC(220) Concurrent Clear Claimed Marks 0.033ms
[1361.405s][info][gc,marking     ] GC(220) Concurrent Cleanup for Next Mark
[1361.408s][info][gc,marking     ] GC(220) Concurrent Cleanup for Next Mark 3.159ms
[1361.408s][info][gc             ] GC(220) Concurrent Mark Cycle 897.069ms
... (rIR:aIR:PR = 1522:1521:1521) (tPR = 22690) [OK] 
  1363s: Performance info:
         Transaction,    Success,    Partial,     Failed,   Receipts, AvgBarcode, 
             Overall,      91507,          0,          0,      86930,      59.47, 
         Response times:
             Request,    Success,    Partial,     Failed,   SkipFail,     Probes,    Samples,      min,      p50,      p90,      p95,      p99,      max, 
       TotalPurchase,      86930,          0,          0,          0,      84266,      94110,      300,     1500,     2200,     2500,     4300,   136000,
     InStorePurchase,      45744,          0,          0,          0,      44545,      49632,      300,     1400,     2200,     2400,     4200,   136000,
      OnlinePurchase,      32034,          0,          0,          0,      30977,      34551,      300,     1600,     2300,     2500,     4300,   135000,
        InstPurchase,       9152,          0,          0,          0,       8744,       9927,      400,     1600,     2300,     2600,     4772,   135000,
          AssocOfCat,         91,          0,          0,          0,         91,         99,    18000,    23000,    29000,    32000,   162000,   162000,
      AssocOfProduct,        917,          0,          0,          0,        792,        995,      500,     1800,     2300,     2500,     3408,     7700,
      BusinessReport,        228,          0,          0,          0,        174,        264,    17600,    26000,    30000,    34750,    58350,    64000,
          CustBuyBeh,        915,          0,          0,          0,        792,        991,      200,     1500,     2200,     2540,    11480,   121000,
       ProductReturn,       2426,          0,          0,          0,       2207,       2605,      200,     1500,     2200,     2400,     6894,   122000,

  1363s: (12%)   IR =   1660 ......|..[1372.097s][info][gc,start       ] GC(221) Pause Young (Prepare Mixed) (G1 Evacuation Pause)
[1372.097s][info][gc,task        ] GC(221) Using 6 workers of 6 for evacuation
[1372.214s][info][gc,phases      ] GC(221)   Pre Evacuate Collection Set: 0.36ms
[1372.214s][info][gc,phases      ] GC(221)   Merge Heap Roots: 0.53ms
[1372.214s][info][gc,phases      ] GC(221)   Evacuate Collection Set: 114.79ms
[1372.214s][info][gc,phases      ] GC(221)   Post Evacuate Collection Set: 0.97ms
[1372.214s][info][gc,phases      ] GC(221)   Other: 0.09ms
[1372.214s][info][gc,heap        ] GC(221) Eden regions: 1119->0(1120)
[1372.214s][info][gc,heap        ] GC(221) Survivor regions: 109->108(154)
[1372.214s][info][gc,heap        ] GC(221) Old regions: 498->530
[1372.214s][info][gc,heap        ] GC(221) Humongous regions: 77->77
[1372.214s][info][gc,metaspace   ] GC(221) Metaspace: 28917K(29248K)->28917K(29248K) NonClass: 24034K(24192K)->24034K(24192K) Class: 4883K(5056K)->4883K(5056K)
[1372.214s][info][gc             ] GC(221) Pause Young (Prepare Mixed) (G1 Evacuation Pause) 3602M->1425M(4096M) 116.896ms
[1372.214s][info][gc,cpu         ] GC(221) User=0.69s Sys=0.00s Real=0.11s
...........[1383.498s][info][gc,start       ] GC(222) Pause Young (Mixed) (G1 Evacuation Pause)
[1383.498s][info][gc,task        ] GC(222) Using 6 workers of 6 for evacuation
[1383.630s][info][gc,phases      ] GC(222)   Pre Evacuate Collection Set: 0.39ms
[1383.630s][info][gc,phases      ] GC(222)   Merge Heap Roots: 0.75ms
[1383.630s][info][gc,phases      ] GC(222)   Evacuate Collection Set: 129.97ms
[1383.630s][info][gc,phases      ] GC(222)   Post Evacuate Collection Set: 0.99ms
[1383.630s][info][gc,phases      ] GC(222)   Other: 0.09ms
[1383.630s][info][gc,heap        ] GC(222) Eden regions: 1120->0(1120)
[1383.630s][info][gc,heap        ] GC(222) Survivor regions: 108->108(154)
[1383.630s][info][gc,heap        ] GC(222) Old regions: 530->465
[1383.630s][info][gc,heap        ] GC(222) Humongous regions: 77->77
[1383.630s][info][gc,metaspace   ] GC(222) Metaspace: 28917K(29248K)->28917K(29248K) NonClass: 24034K(24192K)->24034K(24192K) Class: 4883K(5056K)->4883K(5056K)
[1383.630s][info][gc             ] GC(222) Pause Young (Mixed) (G1 Evacuation Pause) 3665M->1296M(4096M) 132.320ms
[1383.631s][info][gc,cpu         ] GC(222) User=0.79s Sys=0.00s Real=0.13s
...........[1394.935s][info][gc,start       ] GC(223) Pause Young (Concurrent Start) (G1 Evacuation Pause)
[1394.935s][info][gc,task        ] GC(223) Using 6 workers of 6 for evacuation
[1395.052s][info][gc,phases      ] GC(223)   Pre Evacuate Collection Set: 0.41ms
[1395.052s][info][gc,phases      ] GC(223)   Merge Heap Roots: 0.49ms
[1395.052s][info][gc,phases      ] GC(223)   Evacuate Collection Set: 115.28ms
[1395.052s][info][gc,phases      ] GC(223)   Post Evacuate Collection Set: 0.89ms
[1395.052s][info][gc,phases      ] GC(223)   Other: 0.09ms
[1395.052s][info][gc,heap        ] GC(223) Eden regions: 1120->0(1119)
[1395.052s][info][gc,heap        ] GC(223) Survivor regions: 108->109(154)
[1395.052s][info][gc,heap        ] GC(223) Old regions: 465->496
[1395.052s][info][gc,heap        ] GC(223) Humongous regions: 77->77
[1395.052s][info][gc,metaspace   ] GC(223) Metaspace: 28917K(29248K)->28917K(29248K) NonClass: 24034K(24192K)->24034K(24192K) Class: 4883K(5056K)->4883K(5056K)
[1395.052s][info][gc             ] GC(223) Pause Young (Concurrent Start) (G1 Evacuation Pause) 3536M->1360M(4096M) 117.297ms
[1395.052s][info][gc             ] GC(224) Concurrent Mark Cycle
[1395.052s][info][gc,marking     ] GC(224) Concurrent Scan Root Regions
[1395.052s][info][gc,cpu         ] GC(223) User=0.70s Sys=0.00s Real=0.11s
.[1395.181s][info][gc,marking     ] GC(224) Concurrent Scan Root Regions 128.840ms
[1395.181s][info][gc,marking     ] GC(224) Concurrent Mark
[1395.181s][info][gc,marking     ] GC(224) Concurrent Mark From Roots
[1395.181s][info][gc,task        ] GC(224) Using 2 workers of 2 for marking
[1395.731s][info][gc,marking     ] GC(224) Concurrent Mark From Roots 549.642ms
[1395.731s][info][gc,marking     ] GC(224) Concurrent Preclean
[1395.731s][info][gc,marking     ] GC(224) Concurrent Preclean 0.055ms
[1395.731s][info][gc,start       ] GC(224) Pause Remark
[1395.733s][info][gc             ] GC(224) Pause Remark 1513M->1513M(4096M) 2.259ms
[1395.733s][info][gc,cpu         ] GC(224) User=0.01s Sys=0.00s Real=0.00s
[1395.733s][info][gc,marking     ] GC(224) Concurrent Mark 552.210ms
[1395.733s][info][gc,marking     ] GC(224) Concurrent Rebuild Remembered Sets and Scrub Regions
[1395.959s][info][gc,marking     ] GC(224) Concurrent Rebuild Remembered Sets and Scrub Regions 225.583ms
[1395.959s][info][gc,start       ] GC(224) Pause Cleanup
[1395.959s][info][gc             ] GC(224) Pause Cleanup 1571M->1571M(4096M) 0.123ms
[1395.959s][info][gc,cpu         ] GC(224) User=0.00s Sys=0.00s Real=0.00s
[1395.959s][info][gc,marking     ] GC(224) Concurrent Clear Claimed Marks
[1395.959s][info][gc,marking     ] GC(224) Concurrent Clear Claimed Marks 0.032ms
[1395.959s][info][gc,marking     ] GC(224) Concurrent Cleanup for Next Mark
[1395.962s][info][gc,marking     ] GC(224) Concurrent Cleanup for Next Mark 3.222ms
[1395.962s][info][gc             ] GC(224) Concurrent Mark Cycle 910.305ms
...........[1406.355s][info][gc,start       ] GC(225) Pause Young (Prepare Mixed) (G1 Evacuation Pause)
[1406.355s][info][gc,task        ] GC(225) Using 6 workers of 6 for evacuation
[1406.470s][info][gc,phases      ] GC(225)   Pre Evacuate Collection Set: 0.35ms
[1406.470s][info][gc,phases      ] GC(225)   Merge Heap Roots: 0.61ms
[1406.470s][info][gc,phases      ] GC(225)   Evacuate Collection Set: 113.52ms
[1406.470s][info][gc,phases      ] GC(225)   Post Evacuate Collection Set: 0.93ms
[1406.470s][info][gc,phases      ] GC(225)   Other: 0.09ms
[1406.470s][info][gc,heap        ] GC(225) Eden regions: 1119->0(1120)
[1406.470s][info][gc,heap        ] GC(225) Survivor regions: 109->108(154)
[1406.470s][info][gc,heap        ] GC(225) Old regions: 496->528
[1406.470s][info][gc,heap        ] GC(225) Humongous regions: 77->77
[1406.470s][info][gc,metaspace   ] GC(225) Metaspace: 28917K(29248K)->28917K(29248K) NonClass: 24034K(24192K)->24034K(24192K) Class: 4883K(5056K)->4883K(5056K)
[1406.470s][info][gc             ] GC(225) Pause Young (Prepare Mixed) (G1 Evacuation Pause) 3598M->1422M(4096M) 115.634ms
[1406.470s][info][gc,cpu         ] GC(225) User=0.68s Sys=0.00s Real=0.11s
...........[1417.754s][info][gc,start       ] GC(226) Pause Young (Mixed) (G1 Evacuation Pause)
[1417.754s][info][gc,task        ] GC(226) Using 6 workers of 6 for evacuation
[1417.883s][info][gc,phases      ] GC(226)   Pre Evacuate Collection Set: 0.38ms
[1417.883s][info][gc,phases      ] GC(226)   Merge Heap Roots: 0.63ms
[1417.883s][info][gc,phases      ] GC(226)   Evacuate Collection Set: 126.42ms
[1417.883s][info][gc,phases      ] GC(226)   Post Evacuate Collection Set: 0.93ms
[1417.883s][info][gc,phases      ] GC(226)   Other: 0.10ms
[1417.883s][info][gc,heap        ] GC(226) Eden regions: 1120->0(1119)
[1417.883s][info][gc,heap        ] GC(226) Survivor regions: 108->109(154)
[1417.883s][info][gc,heap        ] GC(226) Old regions: 528->466
[1417.883s][info][gc,heap        ] GC(226) Humongous regions: 77->77
[1417.883s][info][gc,metaspace   ] GC(226) Metaspace: 28919K(29248K)->28919K(29248K) NonClass: 24035K(24192K)->24035K(24192K) Class: 4883K(5056K)->4883K(5056K)
[1417.883s][info][gc             ] GC(226) Pause Young (Mixed) (G1 Evacuation Pause) 3662M->1299M(4096M) 128.602ms
[1417.883s][info][gc,cpu         ] GC(226) User=0.76s Sys=0.00s Real=0.13s
............[1429.168s][info][gc,start       ] GC(227) Pause Young (Concurrent Start) (G1 Evacuation Pause)
[1429.168s][info][gc,task        ] GC(227) Using 6 workers of 6 for evacuation
[1429.283s][info][gc,phases      ] GC(227)   Pre Evacuate Collection Set: 0.41ms
[1429.283s][info][gc,phases      ] GC(227)   Merge Heap Roots: 0.53ms
[1429.283s][info][gc,phases      ] GC(227)   Evacuate Collection Set: 113.51ms
[1429.283s][info][gc,phases      ] GC(227)   Post Evacuate Collection Set: 0.87ms
[1429.283s][info][gc,phases      ] GC(227)   Other: 0.11ms
[1429.283s][info][gc,heap        ] GC(227) Eden regions: 1119->0(1121)
[1429.283s][info][gc,heap        ] GC(227) Survivor regions: 109->107(154)
[1429.283s][info][gc,heap        ] GC(227) Old regions: 466->498
[1429.283s][info][gc,heap        ] GC(227) Humongous regions: 77->77
[1429.283s][info][gc,metaspace   ] GC(227) Metaspace: 28919K(29248K)->28919K(29248K) NonClass: 24035K(24192K)->24035K(24192K) Class: 4883K(5056K)->4883K(5056K)
[1429.283s][info][gc             ] GC(227) Pause Young (Concurrent Start) (G1 Evacuation Pause) 3537M->1360M(4096M) 115.570ms
[1429.283s][info][gc             ] GC(228) Concurrent Mark Cycle
[1429.283s][info][gc,marking     ] GC(228) Concurrent Scan Root Regions
[1429.283s][info][gc,cpu         ] GC(227) User=0.69s Sys=0.00s Real=0.11s
[1429.414s][info][gc,marking     ] GC(228) Concurrent Scan Root Regions 130.445ms
[1429.414s][info][gc,marking     ] GC(228) Concurrent Mark
[1429.414s][info][gc,marking     ] GC(228) Concurrent Mark From Roots
[1429.414s][info][gc,task        ] GC(228) Using 2 workers of 2 for marking
[1429.975s][info][gc,marking     ] GC(228) Concurrent Mark From Roots 560.947ms
[1429.975s][info][gc,marking     ] GC(228) Concurrent Preclean
[1429.975s][info][gc,marking     ] GC(228) Concurrent Preclean 0.046ms
[1429.975s][info][gc,start       ] GC(228) Pause Remark
[1429.977s][info][gc             ] GC(228) Pause Remark 1521M->1521M(4096M) 2.210ms
[1429.977s][info][gc,cpu         ] GC(228) User=0.01s Sys=0.00s Real=0.00s
[1429.977s][info][gc,marking     ] GC(228) Concurrent Mark 563.427ms
[1429.977s][info][gc,marking     ] GC(228) Concurrent Rebuild Remembered Sets and Scrub Regions
. (rIR:aIR:PR = 1660:1660:1660) (tPR = 24671) [OK] 
  1429s: Performance info:
         Transaction,    Success,    Partial,     Failed,   Receipts, AvgBarcode, 
             Overall,      99639,          0,          0,      94660,      59.47, 
         Response times:
             Request,    Success,    Partial,     Failed,   SkipFail,     Probes,    Samples,      min,      p50,      p90,      p95,      p99,      max, 
       TotalPurchase,      94660,          0,          0,          0,      91578,     102538,      300,     1600,     2400,     2600,     4600,   146000,
     InStorePurchase,      49836,          0,          0,          0,      48231,      53813,      300,     1600,     2300,     2600,     4300,   146000,
      OnlinePurchase,      34856,          0,          0,          0,      33930,      37946,      300,     1700,     2400,     2700,     5500,   137000,
        InstPurchase,       9968,          0,          0,          0,       9417,      10779,      400,     1600,     2300,     2600,     4320,   132000,
          AssocOfCat,        100,          0,          0,          0,         93,        108,    17300,    24000,    29100,    32100,    51460,    52000,
      AssocOfProduct,        992,          0,          0,          0,        852,       1070,      500,     1100,     1700,     2000,     2700,     4800,
      BusinessReport,        249,          0,          0,          0,        186,        270,    18400,    27000,    32000,    35000,    60000,    72000,
          CustBuyBeh,        992,          0,          0,          0,        878,       1110,      200,     1400,     2100,     2400,     5112,   132000,
       ProductReturn,       2646,          0,          0,          0,       2411,       2870,      300,     1700,     2300,     2600,     4816,   120000,

  1429s: (13%)   IR =   1799 [1430.199s][info][gc,marking     ] GC(228) Concurrent Rebuild Remembered Sets and Scrub Regions 221.829ms
[1430.199s][info][gc,start       ] GC(228) Pause Cleanup
[1430.199s][info][gc             ] GC(228) Pause Cleanup 1564M->1564M(4096M) 0.133ms
[1430.199s][info][gc,cpu         ] GC(228) User=0.00s Sys=0.00s Real=0.00s
[1430.199s][info][gc,marking     ] GC(228) Concurrent Clear Claimed Marks
[1430.200s][info][gc,marking     ] GC(228) Concurrent Clear Claimed Marks 0.030ms
[1430.200s][info][gc,marking     ] GC(228) Concurrent Cleanup for Next Mark
[1430.203s][info][gc,marking     ] GC(228) Concurrent Cleanup for Next Mark 3.193ms
[1430.203s][info][gc             ] GC(228) Concurrent Mark Cycle 919.359ms
.....|....[1439.844s][info][gc,start       ] GC(229) Pause Young (Prepare Mixed) (G1 Evacuation Pause)
[1439.844s][info][gc,task        ] GC(229) Using 6 workers of 6 for evacuation
[1439.961s][info][gc,phases      ] GC(229)   Pre Evacuate Collection Set: 0.35ms
[1439.961s][info][gc,phases      ] GC(229)   Merge Heap Roots: 0.58ms
[1439.961s][info][gc,phases      ] GC(229)   Evacuate Collection Set: 114.35ms
[1439.961s][info][gc,phases      ] GC(229)   Post Evacuate Collection Set: 0.97ms
[1439.961s][info][gc,phases      ] GC(229)   Other: 0.09ms
[1439.961s][info][gc,heap        ] GC(229) Eden regions: 1121->0(1120)
[1439.961s][info][gc,heap        ] GC(229) Survivor regions: 107->108(154)
[1439.961s][info][gc,heap        ] GC(229) Old regions: 498->529
[1439.961s][info][gc,heap        ] GC(229) Humongous regions: 77->77
[1439.961s][info][gc,metaspace   ] GC(229) Metaspace: 28921K(29248K)->28921K(29248K) NonClass: 24038K(24192K)->24038K(24192K) Class: 4883K(5056K)->4883K(5056K)
[1439.961s][info][gc             ] GC(229) Pause Young (Prepare Mixed) (G1 Evacuation Pause) 3602M->1425M(4096M) 116.487ms
[1439.961s][info][gc,cpu         ] GC(229) User=0.69s Sys=0.00s Real=0.12s
...........[1450.442s][info][gc,start       ] GC(230) Pause Young (Mixed) (G1 Evacuation Pause)
[1450.442s][info][gc,task        ] GC(230) Using 6 workers of 6 for evacuation
[1450.575s][info][gc,phases      ] GC(230)   Pre Evacuate Collection Set: 0.44ms
[1450.575s][info][gc,phases      ] GC(230)   Merge Heap Roots: 0.80ms
[1450.575s][info][gc,phases      ] GC(230)   Evacuate Collection Set: 130.99ms
[1450.575s][info][gc,phases      ] GC(230)   Post Evacuate Collection Set: 0.98ms
[1450.575s][info][gc,phases      ] GC(230)   Other: 0.10ms
[1450.575s][info][gc,heap        ] GC(230) Eden regions: 1120->0(1119)
[1450.575s][info][gc,heap        ] GC(230) Survivor regions: 108->109(154)
[1450.575s][info][gc,heap        ] GC(230) Old regions: 529->466
[1450.575s][info][gc,heap        ] GC(230) Humongous regions: 77->77
[1450.575s][info][gc,metaspace   ] GC(230) Metaspace: 28921K(29248K)->28921K(29248K) NonClass: 24038K(24192K)->24038K(24192K) Class: 4883K(5056K)->4883K(5056K)
[1450.575s][info][gc             ] GC(230) Pause Young (Mixed) (G1 Evacuation Pause) 3665M->1299M(4096M) 133.443ms
[1450.575s][info][gc,cpu         ] GC(230) User=0.79s Sys=0.00s Real=0.14s
..........[1461.029s][info][gc,start       ] GC(231) Pause Young (Concurrent Start) (G1 Evacuation Pause)
[1461.029s][info][gc,task        ] GC(231) Using 6 workers of 6 for evacuation
[1461.148s][info][gc,phases      ] GC(231)   Pre Evacuate Collection Set: 0.43ms
[1461.148s][info][gc,phases      ] GC(231)   Merge Heap Roots: 0.55ms
[1461.148s][info][gc,phases      ] GC(231)   Evacuate Collection Set: 116.95ms
[1461.148s][info][gc,phases      ] GC(231)   Post Evacuate Collection Set: 0.89ms
[1461.148s][info][gc,phases      ] GC(231)   Other: 0.12ms
[1461.148s][info][gc,heap        ] GC(231) Eden regions: 1119->0(1116)
[1461.148s][info][gc,heap        ] GC(231) Survivor regions: 109->112(154)
[1461.148s][info][gc,heap        ] GC(231) Old regions: 466->498
[1461.148s][info][gc,heap        ] GC(231) Humongous regions: 77->77
[1461.148s][info][gc,metaspace   ] GC(231) Metaspace: 28921K(29248K)->28921K(29248K) NonClass: 24038K(24192K)->24038K(24192K) Class: 4883K(5056K)->4883K(5056K)
[1461.148s][info][gc             ] GC(231) Pause Young (Concurrent Start) (G1 Evacuation Pause) 3537M->1369M(4096M) 119.090ms
[1461.148s][info][gc             ] GC(232) Concurrent Mark Cycle
[1461.148s][info][gc,marking     ] GC(232) Concurrent Scan Root Regions
[1461.148s][info][gc,cpu         ] GC(231) User=0.70s Sys=0.00s Real=0.12s
.[1461.280s][info][gc,marking     ] GC(232) Concurrent Scan Root Regions 131.834ms
[1461.280s][info][gc,marking     ] GC(232) Concurrent Mark
[1461.280s][info][gc,marking     ] GC(232) Concurrent Mark From Roots
[1461.280s][info][gc,task        ] GC(232) Using 2 workers of 2 for marking
.[1462.189s][info][gc,marking     ] GC(232) Concurrent Mark From Roots 909.752ms
[1462.189s][info][gc,marking     ] GC(232) Concurrent Preclean
[1462.189s][info][gc,marking     ] GC(232) Concurrent Preclean 0.049ms
[1462.190s][info][gc,start       ] GC(232) Pause Remark
[1462.192s][info][gc             ] GC(232) Pause Remark 1615M->1615M(4096M) 2.376ms
[1462.192s][info][gc,cpu         ] GC(232) User=0.01s Sys=0.00s Real=0.00s
[1462.192s][info][gc,marking     ] GC(232) Concurrent Mark 912.408ms
[1462.192s][info][gc,marking     ] GC(232) Concurrent Rebuild Remembered Sets and Scrub Regions
[1462.535s][info][gc,marking     ] GC(232) Concurrent Rebuild Remembered Sets and Scrub Regions 342.605ms
[1462.535s][info][gc,start       ] GC(232) Pause Cleanup
[1462.535s][info][gc             ] GC(232) Pause Cleanup 1720M->1720M(4096M) 0.125ms
[1462.535s][info][gc,cpu         ] GC(232) User=0.00s Sys=0.00s Real=0.00s
[1462.535s][info][gc,marking     ] GC(232) Concurrent Clear Claimed Marks
[1462.535s][info][gc,marking     ] GC(232) Concurrent Clear Claimed Marks 0.034ms
[1462.535s][info][gc,marking     ] GC(232) Concurrent Cleanup for Next Mark
[1462.538s][info][gc,marking     ] GC(232) Concurrent Cleanup for Next Mark 3.438ms
[1462.539s][info][gc             ] GC(232) Concurrent Mark Cycle 1390.815ms
.........[1471.401s][info][gc,start       ] GC(233) Pause Young (Prepare Mixed) (G1 Evacuation Pause)
[1471.401s][info][gc,task        ] GC(233) Using 6 workers of 6 for evacuation
[1471.517s][info][gc,phases      ] GC(233)   Pre Evacuate Collection Set: 0.39ms
[1471.517s][info][gc,phases      ] GC(233)   Merge Heap Roots: 0.58ms
[1471.517s][info][gc,phases      ] GC(233)   Evacuate Collection Set: 113.45ms
[1471.517s][info][gc,phases      ] GC(233)   Post Evacuate Collection Set: 0.96ms
[1471.517s][info][gc,phases      ] GC(233)   Other: 0.10ms
[1471.517s][info][gc,heap        ] GC(233) Eden regions: 1116->0(1121)
[1471.517s][info][gc,heap        ] GC(233) Survivor regions: 112->107(154)
[1471.517s][info][gc,heap        ] GC(233) Old regions: 498->529
[1471.517s][info][gc,heap        ] GC(233) Humongous regions: 77->77
[1471.517s][info][gc,metaspace   ] GC(233) Metaspace: 28921K(29248K)->28921K(29248K) NonClass: 24038K(24192K)->24038K(24192K) Class: 4883K(5056K)->4883K(5056K)
[1471.517s][info][gc             ] GC(233) Pause Young (Prepare Mixed) (G1 Evacuation Pause) 3601M->1423M(4096M) 115.655ms
[1471.517s][info][gc,cpu         ] GC(233) User=0.69s Sys=0.00s Real=0.12s
..........[1482.038s][info][gc,start       ] GC(234) Pause Young (Mixed) (G1 Evacuation Pause)
[1482.038s][info][gc,task        ] GC(234) Using 6 workers of 6 for evacuation
[1482.170s][info][gc,phases      ] GC(234)   Pre Evacuate Collection Set: 0.40ms
[1482.170s][info][gc,phases      ] GC(234)   Merge Heap Roots: 0.85ms
[1482.170s][info][gc,phases      ] GC(234)   Evacuate Collection Set: 129.40ms
[1482.170s][info][gc,phases      ] GC(234)   Post Evacuate Collection Set: 0.95ms
[1482.170s][info][gc,phases      ] GC(234)   Other: 0.10ms
[1482.170s][info][gc,heap        ] GC(234) Eden regions: 1121->0(1120)
[1482.170s][info][gc,heap        ] GC(234) Survivor regions: 107->108(154)
[1482.170s][info][gc,heap        ] GC(234) Old regions: 529->467
[1482.170s][info][gc,heap        ] GC(234) Humongous regions: 77->77
[1482.170s][info][gc,metaspace   ] GC(234) Metaspace: 28921K(29248K)->28921K(29248K) NonClass: 24038K(24192K)->24038K(24192K) Class: 4883K(5056K)->4883K(5056K)
[1482.170s][info][gc             ] GC(234) Pause Young (Mixed) (G1 Evacuation Pause) 3665M->1299M(4096M) 131.838ms
[1482.170s][info][gc,cpu         ] GC(234) User=0.78s Sys=0.00s Real=0.13s
...........[1492.532s][info][gc,start       ] GC(235) Pause Young (Concurrent Start) (G1 Evacuation Pause)
[1492.532s][info][gc,task        ] GC(235) Using 6 workers of 6 for evacuation
[1492.649s][info][gc,phases      ] GC(235)   Pre Evacuate Collection Set: 0.39ms
[1492.649s][info][gc,phases      ] GC(235)   Merge Heap Roots: 0.52ms
[1492.649s][info][gc,phases      ] GC(235)   Evacuate Collection Set: 115.34ms
[1492.649s][info][gc,phases      ] GC(235)   Post Evacuate Collection Set: 0.88ms
[1492.649s][info][gc,phases      ] GC(235)   Other: 0.10ms
[1492.649s][info][gc,heap        ] GC(235) Eden regions: 1120->0(1120)
[1492.649s][info][gc,heap        ] GC(235) Survivor regions: 108->108(154)
[1492.649s][info][gc,heap        ] GC(235) Old regions: 467->498
[1492.649s][info][gc,heap        ] GC(235) Humongous regions: 77->77
[1492.649s][info][gc,metaspace   ] GC(235) Metaspace: 28921K(29248K)->28921K(29248K) NonClass: 24038K(24192K)->24038K(24192K) Class: 4883K(5056K)->4883K(5056K)
[1492.649s][info][gc             ] GC(235) Pause Young (Concurrent Start) (G1 Evacuation Pause) 3539M->1362M(4096M) 117.378ms
[1492.649s][info][gc             ] GC(236) Concurrent Mark Cycle
[1492.649s][info][gc,marking     ] GC(236) Concurrent Scan Root Regions
[1492.649s][info][gc,cpu         ] GC(235) User=0.70s Sys=0.00s Real=0.12s
[1492.813s][info][gc,marking     ] GC(236) Concurrent Scan Root Regions 163.430ms
[1492.813s][info][gc,marking     ] GC(236) Concurrent Mark
[1492.813s][info][gc,marking     ] GC(236) Concurrent Mark From Roots
[1492.813s][info][gc,task        ] GC(236) Using 2 workers of 2 for marking
.[1493.728s][info][gc,marking     ] GC(236) Concurrent Mark From Roots 915.203ms
[1493.728s][info][gc,marking     ] GC(236) Concurrent Preclean
[1493.728s][info][gc,marking     ] GC(236) Concurrent Preclean 0.050ms
[1493.728s][info][gc,start       ] GC(236) Pause Remark
[1493.730s][info][gc             ] GC(236) Pause Remark 1654M->1654M(4096M) 2.392ms
[1493.731s][info][gc,cpu         ] GC(236) User=0.02s Sys=0.00s Real=0.00s
[1493.731s][info][gc,marking     ] GC(236) Concurrent Mark 917.866ms
[1493.731s][info][gc,marking     ] GC(236) Concurrent Rebuild Remembered Sets and Scrub Regions
[1494.120s][info][gc,marking     ] GC(236) Concurrent Rebuild Remembered Sets and Scrub Regions 388.981ms
[1494.120s][info][gc,start       ] GC(236) Pause Cleanup
[1494.120s][info][gc             ] GC(236) Pause Cleanup 1728M->1728M(4096M) 0.133ms
[1494.120s][info][gc,cpu         ] GC(236) User=0.00s Sys=0.00s Real=0.00s
[1494.120s][info][gc,marking     ] GC(236) Concurrent Clear Claimed Marks
[1494.120s][info][gc,marking     ] GC(236) Concurrent Clear Claimed Marks 0.030ms
[1494.120s][info][gc,marking     ] GC(236) Concurrent Cleanup for Next Mark
[1494.123s][info][gc,marking     ] GC(236) Concurrent Cleanup for Next Mark 3.427ms
[1494.123s][info][gc             ] GC(236) Concurrent Mark Cycle 1474.191ms
.. (rIR:aIR:PR = 1799:1800:1800) (tPR = 26890) [OK] 
  1495s: Performance info:
         Transaction,    Success,    Partial,     Failed,   Receipts, AvgBarcode, 
             Overall,     108156,          0,          0,     102737,      59.47, 
         Response times:
             Request,    Success,    Partial,     Failed,   SkipFail,     Probes,    Samples,      min,      p50,      p90,      p95,      p99,      max, 
       TotalPurchase,     102737,          0,          0,          0,      99803,     109379,      300,     1700,     2500,     2800,     5200,   149000,
     InStorePurchase,      54059,          0,          0,          0,      52622,      57525,      300,     1700,     2500,     2800,     5800,   140000,
      OnlinePurchase,      37877,          0,          0,          0,      36838,      40362,      300,     1500,     2500,     2800,     4400,   149000,
        InstPurchase,      10801,          0,          0,          0,      10343,      11492,      400,     2000,     2700,     3100,     6007,   149000,
          AssocOfCat,        109,          0,          0,          0,        103,        116,    18300,    24500,    28300,    34150,    57470,    59000,
      AssocOfProduct,       1083,          0,          0,          0,        961,       1185,      400,     1000,     1800,     2100,     2900,     9400,
      BusinessReport,        273,          0,          0,          0,        205,        281,    17700,    27000,    32000,    34000,    49520,   166000,
          CustBuyBeh,       1081,          0,          0,          0,        959,       1161,      300,     1800,     2600,     3000,     5100,   120000,
       ProductReturn,       2873,          0,          0,          0,       2715,       3146,      200,     1700,     2400,     2700,     6849,   137000,

  1495s: (14%)   IR =   1937 ......|.[1502.308s][info][gc,start       ] GC(237) Pause Young (Prepare Mixed) (G1 Evacuation Pause)
[1502.308s][info][gc,task        ] GC(237) Using 6 workers of 6 for evacuation
[1502.427s][info][gc,phases      ] GC(237)   Pre Evacuate Collection Set: 0.38ms
[1502.427s][info][gc,phases      ] GC(237)   Merge Heap Roots: 0.56ms
[1502.427s][info][gc,phases      ] GC(237)   Evacuate Collection Set: 116.51ms
[1502.427s][info][gc,phases      ] GC(237)   Post Evacuate Collection Set: 0.97ms
[1502.427s][info][gc,phases      ] GC(237)   Other: 0.09ms
[1502.427s][info][gc,heap        ] GC(237) Eden regions: 1120->0(1119)
[1502.427s][info][gc,heap        ] GC(237) Survivor regions: 108->108(154)
[1502.427s][info][gc,heap        ] GC(237) Old regions: 498->530
[1502.427s][info][gc,heap        ] GC(237) Humongous regions: 80->80
[1502.427s][info][gc,metaspace   ] GC(237) Metaspace: 28921K(29248K)->28921K(29248K) NonClass: 24038K(24192K)->24038K(24192K) Class: 4883K(5056K)->4883K(5056K)
[1502.427s][info][gc             ] GC(237) Pause Young (Prepare Mixed) (G1 Evacuation Pause) 3608M->1432M(4096M) 118.642ms
[1502.427s][info][gc,cpu         ] GC(237) User=0.71s Sys=0.00s Real=0.12s
.........[1512.084s][info][gc,start       ] GC(238) Pause Young (Mixed) (G1 Evacuation Pause)
[1512.084s][info][gc,task        ] GC(238) Using 6 workers of 6 for evacuation
[1512.219s][info][gc,phases      ] GC(238)   Pre Evacuate Collection Set: 0.42ms
[1512.219s][info][gc,phases      ] GC(238)   Merge Heap Roots: 0.75ms
[1512.219s][info][gc,phases      ] GC(238)   Evacuate Collection Set: 133.03ms
[1512.219s][info][gc,phases      ] GC(238)   Post Evacuate Collection Set: 0.97ms
[1512.219s][info][gc,phases      ] GC(238)   Other: 0.10ms
[1512.219s][info][gc,heap        ] GC(238) Eden regions: 1119->0(1121)
[1512.219s][info][gc,heap        ] GC(238) Survivor regions: 108->107(154)
[1512.219s][info][gc,heap        ] GC(238) Old regions: 530->467
[1512.219s][info][gc,heap        ] GC(238) Humongous regions: 80->80
[1512.219s][info][gc,metaspace   ] GC(238) Metaspace: 28921K(29248K)->28921K(29248K) NonClass: 24038K(24192K)->24038K(24192K) Class: 4883K(5056K)->4883K(5056K)
[1512.219s][info][gc             ] GC(238) Pause Young (Mixed) (G1 Evacuation Pause) 3670M->1305M(4096M) 135.381ms
[1512.219s][info][gc,cpu         ] GC(238) User=0.81s Sys=0.00s Real=0.14s
..........[1521.799s][info][gc,start       ] GC(239) Pause Young (Concurrent Start) (G1 Evacuation Pause)
[1521.799s][info][gc,task        ] GC(239) Using 6 workers of 6 for evacuation
[1521.921s][info][gc,phases      ] GC(239)   Pre Evacuate Collection Set: 0.42ms
[1521.921s][info][gc,phases      ] GC(239)   Merge Heap Roots: 0.51ms
[1521.921s][info][gc,phases      ] GC(239)   Evacuate Collection Set: 120.41ms
[1521.921s][info][gc,phases      ] GC(239)   Post Evacuate Collection Set: 0.89ms
[1521.921s][info][gc,phases      ] GC(239)   Other: 0.11ms
[1521.921s][info][gc,heap        ] GC(239) Eden regions: 1121->0(1117)
[1521.921s][info][gc,heap        ] GC(239) Survivor regions: 107->111(154)
[1521.921s][info][gc,heap        ] GC(239) Old regions: 467->499
[1521.921s][info][gc,heap        ] GC(239) Humongous regions: 80->80
[1521.921s][info][gc,metaspace   ] GC(239) Metaspace: 28921K(29248K)->28921K(29248K) NonClass: 24038K(24192K)->24038K(24192K) Class: 4883K(5056K)->4883K(5056K)
[1521.921s][info][gc             ] GC(239) Pause Young (Concurrent Start) (G1 Evacuation Pause) 3547M->1376M(4096M) 122.494ms
[1521.921s][info][gc             ] GC(240) Concurrent Mark Cycle
[1521.921s][info][gc,marking     ] GC(240) Concurrent Scan Root Regions
[1521.921s][info][gc,cpu         ] GC(239) User=0.73s Sys=0.00s Real=0.12s
[1522.092s][info][gc,marking     ] GC(240) Concurrent Scan Root Regions 170.529ms
[1522.092s][info][gc,marking     ] GC(240) Concurrent Mark
[1522.092s][info][gc,marking     ] GC(240) Concurrent Mark From Roots
[1522.092s][info][gc,task        ] GC(240) Using 2 workers of 2 for marking
.[1523.059s][info][gc,marking     ] GC(240) Concurrent Mark From Roots 967.181ms
[1523.059s][info][gc,marking     ] GC(240) Concurrent Preclean
[1523.059s][info][gc,marking     ] GC(240) Concurrent Preclean 0.055ms
[1523.059s][info][gc,start       ] GC(240) Pause Remark
[1523.062s][info][gc             ] GC(240) Pause Remark 1678M->1678M(4096M) 2.663ms
[1523.062s][info][gc,cpu         ] GC(240) User=0.02s Sys=0.00s Real=0.00s
[1523.062s][info][gc,marking     ] GC(240) Concurrent Mark 970.136ms
[1523.062s][info][gc,marking     ] GC(240) Concurrent Rebuild Remembered Sets and Scrub Regions
.[1523.406s][info][gc,marking     ] GC(240) Concurrent Rebuild Remembered Sets and Scrub Regions 344.217ms
[1523.407s][info][gc,start       ] GC(240) Pause Cleanup
[1523.407s][info][gc             ] GC(240) Pause Cleanup 1737M->1737M(4096M) 0.128ms
[1523.407s][info][gc,cpu         ] GC(240) User=0.00s Sys=0.00s Real=0.00s
[1523.407s][info][gc,marking     ] GC(240) Concurrent Clear Claimed Marks
[1523.407s][info][gc,marking     ] GC(240) Concurrent Clear Claimed Marks 0.028ms
[1523.407s][info][gc,marking     ] GC(240) Concurrent Cleanup for Next Mark
[1523.411s][info][gc,marking     ] GC(240) Concurrent Cleanup for Next Mark 4.345ms
[1523.411s][info][gc             ] GC(240) Concurrent Mark Cycle 1489.737ms
........[1531.700s][info][gc,start       ] GC(241) Pause Young (Prepare Mixed) (G1 Evacuation Pause)
[1531.700s][info][gc,task        ] GC(241) Using 6 workers of 6 for evacuation
[1531.817s][info][gc,phases      ] GC(241)   Pre Evacuate Collection Set: 0.40ms
[1531.817s][info][gc,phases      ] GC(241)   Merge Heap Roots: 0.55ms
[1531.817s][info][gc,phases      ] GC(241)   Evacuate Collection Set: 114.51ms
[1531.817s][info][gc,phases      ] GC(241)   Post Evacuate Collection Set: 0.92ms
[1531.817s][info][gc,phases      ] GC(241)   Other: 0.09ms
[1531.817s][info][gc,heap        ] GC(241) Eden regions: 1117->0(1116)
[1531.817s][info][gc,heap        ] GC(241) Survivor regions: 111->109(154)
[1531.817s][info][gc,heap        ] GC(241) Old regions: 499->531
[1531.817s][info][gc,heap        ] GC(241) Humongous regions: 80->80
[1531.817s][info][gc,metaspace   ] GC(241) Metaspace: 28921K(29248K)->28921K(29248K) NonClass: 24038K(24192K)->24038K(24192K) Class: 4883K(5056K)->4883K(5056K)
[1531.817s][info][gc             ] GC(241) Pause Young (Prepare Mixed) (G1 Evacuation Pause) 3610M->1436M(4096M) 116.600ms
[1531.817s][info][gc,cpu         ] GC(241) User=0.69s Sys=0.00s Real=0.12s
..........[1541.395s][info][gc,start       ] GC(242) Pause Young (Mixed) (G1 Evacuation Pause)
[1541.395s][info][gc,task        ] GC(242) Using 6 workers of 6 for evacuation
[1541.529s][info][gc,phases      ] GC(242)   Pre Evacuate Collection Set: 0.37ms
[1541.529s][info][gc,phases      ] GC(242)   Merge Heap Roots: 0.71ms
[1541.529s][info][gc,phases      ] GC(242)   Evacuate Collection Set: 132.06ms
[1541.529s][info][gc,phases      ] GC(242)   Post Evacuate Collection Set: 0.95ms
[1541.529s][info][gc,phases      ] GC(242)   Other: 0.09ms
[1541.529s][info][gc,heap        ] GC(242) Eden regions: 1116->0(1119)
[1541.529s][info][gc,heap        ] GC(242) Survivor regions: 109->109(154)
[1541.529s][info][gc,heap        ] GC(242) Old regions: 531->466
[1541.529s][info][gc,heap        ] GC(242) Humongous regions: 80->80
[1541.529s][info][gc,metaspace   ] GC(242) Metaspace: 28921K(29248K)->28921K(29248K) NonClass: 24038K(24192K)->24038K(24192K) Class: 4883K(5056K)->4883K(5056K)
[1541.529s][info][gc             ] GC(242) Pause Young (Mixed) (G1 Evacuation Pause) 3668M->1305M(4096M) 134.320ms
[1541.529s][info][gc,cpu         ] GC(242) User=0.80s Sys=0.00s Real=0.13s
.........[1551.107s][info][gc,start       ] GC(243) Pause Young (Concurrent Start) (G1 Evacuation Pause)
[1551.107s][info][gc,task        ] GC(243) Using 6 workers of 6 for evacuation
[1551.224s][info][gc,phases      ] GC(243)   Pre Evacuate Collection Set: 0.42ms
[1551.224s][info][gc,phases      ] GC(243)   Merge Heap Roots: 0.55ms
[1551.224s][info][gc,phases      ] GC(243)   Evacuate Collection Set: 114.75ms
[1551.224s][info][gc,phases      ] GC(243)   Post Evacuate Collection Set: 0.90ms
[1551.224s][info][gc,phases      ] GC(243)   Other: 0.12ms
[1551.224s][info][gc,heap        ] GC(243) Eden regions: 1119->0(1120)
[1551.224s][info][gc,heap        ] GC(243) Survivor regions: 109->108(154)
[1551.224s][info][gc,heap        ] GC(243) Old regions: 466->498
[1551.224s][info][gc,heap        ] GC(243) Humongous regions: 80->80
[1551.224s][info][gc,metaspace   ] GC(243) Metaspace: 28921K(29248K)->28921K(29248K) NonClass: 24038K(24192K)->24038K(24192K) Class: 4883K(5056K)->4883K(5056K)
[1551.224s][info][gc             ] GC(243) Pause Young (Concurrent Start) (G1 Evacuation Pause) 3543M->1368M(4096M) 116.888ms
[1551.224s][info][gc             ] GC(244) Concurrent Mark Cycle
[1551.224s][info][gc,marking     ] GC(244) Concurrent Scan Root Regions
[1551.224s][info][gc,cpu         ] GC(243) User=0.69s Sys=0.00s Real=0.11s
.[1551.347s][info][gc,marking     ] GC(244) Concurrent Scan Root Regions 122.948ms
[1551.347s][info][gc,marking     ] GC(244) Concurrent Mark
[1551.347s][info][gc,marking     ] GC(244) Concurrent Mark From Roots
[1551.347s][info][gc,task        ] GC(244) Using 2 workers of 2 for marking
[1551.890s][info][gc,marking     ] GC(244) Concurrent Mark From Roots 543.611ms
[1551.890s][info][gc,marking     ] GC(244) Concurrent Preclean
[1551.890s][info][gc,marking     ] GC(244) Concurrent Preclean 0.058ms
[1551.891s][info][gc,start       ] GC(244) Pause Remark
[1551.893s][info][gc             ] GC(244) Pause Remark 1564M->1564M(4096M) 2.242ms
[1551.893s][info][gc,cpu         ] GC(244) User=0.01s Sys=0.00s Real=0.00s
[1551.893s][info][gc,marking     ] GC(244) Concurrent Mark 546.620ms
[1551.893s][info][gc,marking     ] GC(244) Concurrent Rebuild Remembered Sets and Scrub Regions
[1552.099s][info][gc,marking     ] GC(244) Concurrent Rebuild Remembered Sets and Scrub Regions 205.465ms
[1552.099s][info][gc,start       ] GC(244) Pause Cleanup
[1552.099s][info][gc             ] GC(244) Pause Cleanup 1601M->1601M(4096M) 0.124ms
[1552.099s][info][gc,cpu         ] GC(244) User=0.00s Sys=0.00s Real=0.00s
[1552.099s][info][gc,marking     ] GC(244) Concurrent Clear Claimed Marks
[1552.099s][info][gc,marking     ] GC(244) Concurrent Clear Claimed Marks 0.032ms
[1552.099s][info][gc,marking     ] GC(244) Concurrent Cleanup for Next Mark
[1552.102s][info][gc,marking     ] GC(244) Concurrent Cleanup for Next Mark 3.170ms
[1552.102s][info][gc             ] GC(244) Concurrent Mark Cycle 878.733ms
.........[1560.885s][info][gc,start       ] GC(245) Pause Young (Prepare Mixed) (G1 Evacuation Pause)
[1560.885s][info][gc,task        ] GC(245) Using 6 workers of 6 for evacuation
[1561.002s][info][gc,phases      ] GC(245)   Pre Evacuate Collection Set: 0.35ms
[1561.002s][info][gc,phases      ] GC(245)   Merge Heap Roots: 0.59ms
[1561.002s][info][gc,phases      ] GC(245)   Evacuate Collection Set: 114.47ms
[1561.002s][info][gc,phases      ] GC(245)   Post Evacuate Collection Set: 0.93ms
[1561.002s][info][gc,phases      ] GC(245)   Other: 0.09ms
[1561.002s][info][gc,heap        ] GC(245) Eden regions: 1120->0(1119)
[1561.002s][info][gc,heap        ] GC(245) Survivor regions: 108->108(154)
[1561.002s][info][gc,heap        ] GC(245) Old regions: 498->530
[1561.002s][info][gc,heap        ] GC(245) Humongous regions: 80->80
[1561.002s][info][gc,metaspace   ] GC(245) Metaspace: 28921K(29248K)->28921K(29248K) NonClass: 24038K(24192K)->24038K(24192K) Class: 4883K(5056K)->4883K(5056K)
[1561.002s][info][gc             ] GC(245) Pause Young (Prepare Mixed) (G1 Evacuation Pause) 3608M->1432M(4096M) 116.601ms
[1561.002s][info][gc,cpu         ] GC(245) User=0.70s Sys=0.00s Real=0.11s
. (rIR:aIR:PR = 1937:1938:1938) (tPR = 28794) [OK] 
  1561s: Performance info:
         Transaction,    Success,    Partial,     Failed,   Receipts, AvgBarcode, 
             Overall,     116369,          0,          0,     110565,      59.47, 
         Response times:
             Request,    Success,    Partial,     Failed,   SkipFail,     Probes,    Samples,      min,      p50,      p90,      p95,      p99,      max, 
       TotalPurchase,     110565,          0,          0,          0,     107931,     120049,      300,     1800,     2700,     3000,     7900,   141000,
     InStorePurchase,      58211,          0,          0,          0,      56997,      63043,      300,     1800,     2700,     3000,     7656,   141000,
      OnlinePurchase,      40708,          0,          0,          0,      39643,      44275,      300,     1800,     2700,     3000,     8600,   139000,
        InstPurchase,      11646,          0,          0,          0,      11291,      12731,      400,     1700,     2700,     3000,     6300,   141000,
          AssocOfCat,        117,          0,          0,          0,        113,        126,    18600,    25000,    30000,    38650,    48570,    51000,
      AssocOfProduct,       1158,          0,          0,          0,       1013,       1222,      400,     1100,     1800,     2200,     4108,   124000,
      BusinessReport,        292,          0,          0,          0,        238,        316,    18400,    27000,    35000,    39000,   155250,   181000,
          CustBuyBeh,       1162,          0,          0,          0,       1022,       1248,      500,     2000,     2700,     3000,     8504,    26000,
       ProductReturn,       3075,          0,          0,          0,       2864,       3355,      200,     1600,     2700,     3000,     9500,   139000,

  1561s: (15%)   IR =   2076 ......|..[1569.998s][info][gc,start       ] GC(246) Pause Young (Mixed) (G1 Evacuation Pause)
[1569.998s][info][gc,task        ] GC(246) Using 6 workers of 6 for evacuation
[1570.130s][info][gc,phases      ] GC(246)   Pre Evacuate Collection Set: 0.38ms
[1570.130s][info][gc,phases      ] GC(246)   Merge Heap Roots: 0.73ms
[1570.130s][info][gc,phases      ] GC(246)   Evacuate Collection Set: 129.58ms
[1570.130s][info][gc,phases      ] GC(246)   Post Evacuate Collection Set: 0.96ms
[1570.130s][info][gc,phases      ] GC(246)   Other: 0.09ms
[1570.130s][info][gc,heap        ] GC(246) Eden regions: 1119->0(1119)
[1570.130s][info][gc,heap        ] GC(246) Survivor regions: 108->109(154)
[1570.130s][info][gc,heap        ] GC(246) Old regions: 530->465
[1570.130s][info][gc,heap        ] GC(246) Humongous regions: 80->80
[1570.130s][info][gc,metaspace   ] GC(246) Metaspace: 28923K(29248K)->28923K(29248K) NonClass: 24040K(24192K)->24040K(24192K) Class: 4883K(5056K)->4883K(5056K)
[1570.130s][info][gc             ] GC(246) Pause Young (Mixed) (G1 Evacuation Pause) 3670M->1305M(4096M) 131.876ms
[1570.130s][info][gc,cpu         ] GC(246) User=0.78s Sys=0.00s Real=0.13s
.........[1579.105s][info][gc,start       ] GC(247) Pause Young (Concurrent Start) (G1 Evacuation Pause)
[1579.105s][info][gc,task        ] GC(247) Using 6 workers of 6 for evacuation
[1579.221s][info][gc,phases      ] GC(247)   Pre Evacuate Collection Set: 0.44ms
[1579.221s][info][gc,phases      ] GC(247)   Merge Heap Roots: 0.50ms
[1579.221s][info][gc,phases      ] GC(247)   Evacuate Collection Set: 113.43ms
[1579.221s][info][gc,phases      ] GC(247)   Post Evacuate Collection Set: 0.89ms
[1579.221s][info][gc,phases      ] GC(247)   Other: 0.12ms
[1579.221s][info][gc,heap        ] GC(247) Eden regions: 1119->0(1120)
[1579.221s][info][gc,heap        ] GC(247) Survivor regions: 109->108(154)
[1579.221s][info][gc,heap        ] GC(247) Old regions: 465->498
[1579.221s][info][gc,heap        ] GC(247) Humongous regions: 80->80
[1579.221s][info][gc,metaspace   ] GC(247) Metaspace: 28923K(29248K)->28923K(29248K) NonClass: 24040K(24192K)->24040K(24192K) Class: 4883K(5056K)->4883K(5056K)
[1579.221s][info][gc             ] GC(247) Pause Young (Concurrent Start) (G1 Evacuation Pause) 3543M->1368M(4096M) 115.518ms
[1579.221s][info][gc             ] GC(248) Concurrent Mark Cycle
[1579.221s][info][gc,marking     ] GC(248) Concurrent Scan Root Regions
[1579.221s][info][gc,cpu         ] GC(247) User=0.68s Sys=0.00s Real=0.11s
.[1579.343s][info][gc,marking     ] GC(248) Concurrent Scan Root Regions 122.034ms
[1579.343s][info][gc,marking     ] GC(248) Concurrent Mark
[1579.343s][info][gc,marking     ] GC(248) Concurrent Mark From Roots
[1579.343s][info][gc,task        ] GC(248) Using 2 workers of 2 for marking
[1579.921s][info][gc,marking     ] GC(248) Concurrent Mark From Roots 577.608ms
[1579.921s][info][gc,marking     ] GC(248) Concurrent Preclean
[1579.921s][info][gc,marking     ] GC(248) Concurrent Preclean 0.049ms
[1579.921s][info][gc,start       ] GC(248) Pause Remark
[1579.923s][info][gc             ] GC(248) Pause Remark 1556M->1556M(4096M) 2.456ms
[1579.923s][info][gc,cpu         ] GC(248) User=0.01s Sys=0.00s Real=0.00s
[1579.923s][info][gc,marking     ] GC(248) Concurrent Mark 580.368ms
[1579.923s][info][gc,marking     ] GC(248) Concurrent Rebuild Remembered Sets and Scrub Regions
[1580.140s][info][gc,marking     ] GC(248) Concurrent Rebuild Remembered Sets and Scrub Regions 216.246ms
[1580.140s][info][gc,start       ] GC(248) Pause Cleanup
[1580.140s][info][gc             ] GC(248) Pause Cleanup 1602M->1602M(4096M) 0.121ms
[1580.140s][info][gc,cpu         ] GC(248) User=0.00s Sys=0.00s Real=0.00s
[1580.140s][info][gc,marking     ] GC(248) Concurrent Clear Claimed Marks
[1580.140s][info][gc,marking     ] GC(248) Concurrent Clear Claimed Marks 0.028ms
[1580.140s][info][gc,marking     ] GC(248) Concurrent Cleanup for Next Mark
[1580.143s][info][gc,marking     ] GC(248) Concurrent Cleanup for Next Mark 3.204ms
[1580.143s][info][gc             ] GC(248) Concurrent Mark Cycle 922.271ms
........[1588.276s][info][gc,start       ] GC(249) Pause Young (Prepare Mixed) (G1 Evacuation Pause)
[1588.276s][info][gc,task        ] GC(249) Using 6 workers of 6 for evacuation
[1588.393s][info][gc,phases      ] GC(249)   Pre Evacuate Collection Set: 0.37ms
[1588.393s][info][gc,phases      ] GC(249)   Merge Heap Roots: 0.58ms
[1588.393s][info][gc,phases      ] GC(249)   Evacuate Collection Set: 114.03ms
[1588.393s][info][gc,phases      ] GC(249)   Post Evacuate Collection Set: 0.94ms
[1588.393s][info][gc,phases      ] GC(249)   Other: 0.09ms
[1588.393s][info][gc,heap        ] GC(249) Eden regions: 1120->0(1119)
[1588.393s][info][gc,heap        ] GC(249) Survivor regions: 108->108(154)
[1588.393s][info][gc,heap        ] GC(249) Old regions: 498->530
[1588.393s][info][gc,heap        ] GC(249) Humongous regions: 80->80
[1588.393s][info][gc,metaspace   ] GC(249) Metaspace: 28923K(29248K)->28923K(29248K) NonClass: 24040K(24192K)->24040K(24192K) Class: 4883K(5056K)->4883K(5056K)
[1588.393s][info][gc             ] GC(249) Pause Young (Prepare Mixed) (G1 Evacuation Pause) 3608M->1433M(4096M) 116.157ms
[1588.393s][info][gc,cpu         ] GC(249) User=0.69s Sys=0.00s Real=0.11s
.........[1597.367s][info][gc,start       ] GC(250) Pause Young (Mixed) (G1 Evacuation Pause)
[1597.367s][info][gc,task        ] GC(250) Using 6 workers of 6 for evacuation
[1597.499s][info][gc,phases      ] GC(250)   Pre Evacuate Collection Set: 0.44ms
[1597.499s][info][gc,phases      ] GC(250)   Merge Heap Roots: 0.76ms
[1597.499s][info][gc,phases      ] GC(250)   Evacuate Collection Set: 129.41ms
[1597.499s][info][gc,phases      ] GC(250)   Post Evacuate Collection Set: 0.96ms
[1597.499s][info][gc,phases      ] GC(250)   Other: 0.10ms
[1597.499s][info][gc,heap        ] GC(250) Eden regions: 1119->0(1120)
[1597.499s][info][gc,heap        ] GC(250) Survivor regions: 108->108(154)
[1597.499s][info][gc,heap        ] GC(250) Old regions: 530->466
[1597.499s][info][gc,heap        ] GC(250) Humongous regions: 80->80
[1597.499s][info][gc,metaspace   ] GC(250) Metaspace: 28923K(29248K)->28923K(29248K) NonClass: 24040K(24192K)->24040K(24192K) Class: 4883K(5056K)->4883K(5056K)
[1597.499s][info][gc             ] GC(250) Pause Young (Mixed) (G1 Evacuation Pause) 3671M->1305M(4096M) 131.839ms
[1597.499s][info][gc,cpu         ] GC(250) User=0.78s Sys=0.00s Real=0.13s
..........[1606.536s][info][gc,start       ] GC(251) Pause Young (Concurrent Start) (G1 Evacuation Pause)
[1606.536s][info][gc,task        ] GC(251) Using 6 workers of 6 for evacuation
[1606.653s][info][gc,phases      ] GC(251)   Pre Evacuate Collection Set: 0.43ms
[1606.653s][info][gc,phases      ] GC(251)   Merge Heap Roots: 0.51ms
[1606.653s][info][gc,phases      ] GC(251)   Evacuate Collection Set: 115.24ms
[1606.653s][info][gc,phases      ] GC(251)   Post Evacuate Collection Set: 0.90ms
[1606.653s][info][gc,phases      ] GC(251)   Other: 0.12ms
[1606.653s][info][gc,heap        ] GC(251) Eden regions: 1120->0(1119)
[1606.653s][info][gc,heap        ] GC(251) Survivor regions: 108->109(154)
[1606.653s][info][gc,heap        ] GC(251) Old regions: 466->498
[1606.653s][info][gc,heap        ] GC(251) Humongous regions: 80->80
[1606.653s][info][gc,metaspace   ] GC(251) Metaspace: 28923K(29248K)->28923K(29248K) NonClass: 24040K(24192K)->24040K(24192K) Class: 4883K(5056K)->4883K(5056K)
[1606.653s][info][gc             ] GC(251) Pause Young (Concurrent Start) (G1 Evacuation Pause) 3545M->1370M(4096M) 117.329ms
[1606.653s][info][gc             ] GC(252) Concurrent Mark Cycle
[1606.653s][info][gc,marking     ] GC(252) Concurrent Scan Root Regions
[1606.653s][info][gc,cpu         ] GC(251) User=0.69s Sys=0.00s Real=0.11s
[1606.775s][info][gc,marking     ] GC(252) Concurrent Scan Root Regions 122.120ms
[1606.775s][info][gc,marking     ] GC(252) Concurrent Mark
[1606.775s][info][gc,marking     ] GC(252) Concurrent Mark From Roots
[1606.775s][info][gc,task        ] GC(252) Using 2 workers of 2 for marking
[1607.349s][info][gc,marking     ] GC(252) Concurrent Mark From Roots 573.680ms
[1607.349s][info][gc,marking     ] GC(252) Concurrent Preclean
[1607.349s][info][gc,marking     ] GC(252) Concurrent Preclean 0.053ms
[1607.349s][info][gc,start       ] GC(252) Pause Remark
[1607.352s][info][gc             ] GC(252) Pause Remark 1566M->1566M(4096M) 2.510ms
[1607.352s][info][gc,cpu         ] GC(252) User=0.01s Sys=0.00s Real=0.00s
[1607.352s][info][gc,marking     ] GC(252) Concurrent Mark 576.494ms
[1607.352s][info][gc,marking     ] GC(252) Concurrent Rebuild Remembered Sets and Scrub Regions
.[1607.590s][info][gc,marking     ] GC(252) Concurrent Rebuild Remembered Sets and Scrub Regions 238.536ms
[1607.591s][info][gc,start       ] GC(252) Pause Cleanup
[1607.591s][info][gc             ] GC(252) Pause Cleanup 1646M->1646M(4096M) 0.120ms
[1607.591s][info][gc,cpu         ] GC(252) User=0.00s Sys=0.00s Real=0.00s
[1607.591s][info][gc,marking     ] GC(252) Concurrent Clear Claimed Marks
[1607.591s][info][gc,marking     ] GC(252) Concurrent Clear Claimed Marks 0.034ms
[1607.591s][info][gc,marking     ] GC(252) Concurrent Cleanup for Next Mark
[1607.594s][info][gc,marking     ] GC(252) Concurrent Cleanup for Next Mark 3.554ms
[1607.594s][info][gc             ] GC(252) Concurrent Mark Cycle 941.133ms
........[1615.656s][info][gc,start       ] GC(253) Pause Young (Prepare Mixed) (G1 Evacuation Pause)
[1615.656s][info][gc,task        ] GC(253) Using 6 workers of 6 for evacuation
[1615.778s][info][gc,phases      ] GC(253)   Pre Evacuate Collection Set: 0.33ms
[1615.778s][info][gc,phases      ] GC(253)   Merge Heap Roots: 0.53ms
[1615.778s][info][gc,phases      ] GC(253)   Evacuate Collection Set: 120.03ms
[1615.778s][info][gc,phases      ] GC(253)   Post Evacuate Collection Set: 0.94ms
[1615.778s][info][gc,phases      ] GC(253)   Other: 0.08ms
[1615.778s][info][gc,heap        ] GC(253) Eden regions: 1119->0(1109)
[1615.778s][info][gc,heap        ] GC(253) Survivor regions: 109->113(154)
[1615.778s][info][gc,heap        ] GC(253) Old regions: 498->530
[1615.778s][info][gc,heap        ] GC(253) Humongous regions: 80->80
[1615.778s][info][gc,metaspace   ] GC(253) Metaspace: 28923K(29248K)->28923K(29248K) NonClass: 24040K(24192K)->24040K(24192K) Class: 4883K(5056K)->4883K(5056K)
[1615.778s][info][gc             ] GC(253) Pause Young (Prepare Mixed) (G1 Evacuation Pause) 3608M->1443M(4096M) 122.052ms
[1615.778s][info][gc,cpu         ] GC(253) User=0.73s Sys=0.00s Real=0.12s
.........[1624.654s][info][gc,start       ] GC(254) Pause Young (Mixed) (G1 Evacuation Pause)
[1624.655s][info][gc,task        ] GC(254) Using 6 workers of 6 for evacuation
[1624.788s][info][gc,phases      ] GC(254)   Pre Evacuate Collection Set: 0.42ms
[1624.788s][info][gc,phases      ] GC(254)   Merge Heap Roots: 0.67ms
[1624.788s][info][gc,phases      ] GC(254)   Evacuate Collection Set: 131.18ms
[1624.788s][info][gc,phases      ] GC(254)   Post Evacuate Collection Set: 0.96ms
[1624.788s][info][gc,phases      ] GC(254)   Other: 0.09ms
[1624.788s][info][gc,heap        ] GC(254) Eden regions: 1109->0(1120)
[1624.788s][info][gc,heap        ] GC(254) Survivor regions: 113->108(153)
[1624.788s][info][gc,heap        ] GC(254) Old regions: 530->468
[1624.788s][info][gc,heap        ] GC(254) Humongous regions: 80->80
[1624.788s][info][gc,metaspace   ] GC(254) Metaspace: 28923K(29248K)->28923K(29248K) NonClass: 24040K(24192K)->24040K(24192K) Class: 4883K(5056K)->4883K(5056K)
[1624.788s][info][gc             ] GC(254) Pause Young (Mixed) (G1 Evacuation Pause) 3661M->1307M(4096M) 133.458ms
[1624.788s][info][gc,cpu         ] GC(254) User=0.80s Sys=0.00s Real=0.14s
... (rIR:aIR:PR = 2076:2077:2077) (tPR = 30946) [OK] 
  1627s: Performance info:
         Transaction,    Success,    Partial,     Failed,   Receipts, AvgBarcode, 
             Overall,     125140,          0,          0,     118883,      59.47, 
         Response times:
             Request,    Success,    Partial,     Failed,   SkipFail,     Probes,    Samples,      min,      p50,      p90,      p95,      p99,      max, 
       TotalPurchase,     118880,          0,          0,          0,     115673,     128602,      300,     1800,     2800,     3100,     8100,   138000,
     InStorePurchase,      62560,          0,          0,          0,      61174,      67756,      300,     1800,     2800,     3100,     8000,   138000,
      OnlinePurchase,      43788,          0,          0,          0,      42547,      47340,      300,     1800,     2800,     3100,     7500,   137000,
        InstPurchase,      12532,          0,          0,          0,      11952,      13506,      400,     2100,     3000,     3300,    11079,   138000,
          AssocOfCat,        126,          0,          0,          0,         95,        154,    17400,    26000,    29000,    31000,    84500,   145000,
      AssocOfProduct,       1254,          0,          0,          0,       1059,       1278,      700,     2600,     3300,     3800,    14784,   126000,
      BusinessReport,        310,          0,          0,          0,        235,        317,    18800,    28000,    35000,    39000,    64740,   158000,
          CustBuyBeh,       1259,          0,          0,          0,       1105,       1313,      200,      900,     1600,     2100,     3572,   118000,
       ProductReturn,       3308,          0,          0,          0,       3044,       3603,      300,     2100,     2900,     3300,    13500,   137000,

  1627s: (16%)   IR =   2214 .....|[1633.462s][info][gc,start       ] GC(255) Pause Young (Concurrent Start) (G1 Evacuation Pause)
[1633.462s][info][gc,task        ] GC(255) Using 6 workers of 6 for evacuation
[1633.578s][info][gc,phases      ] GC(255)   Pre Evacuate Collection Set: 0.38ms
[1633.578s][info][gc,phases      ] GC(255)   Merge Heap Roots: 0.52ms
[1633.578s][info][gc,phases      ] GC(255)   Evacuate Collection Set: 113.96ms
[1633.578s][info][gc,phases      ] GC(255)   Post Evacuate Collection Set: 0.90ms
[1633.578s][info][gc,phases      ] GC(255)   Other: 0.11ms
[1633.578s][info][gc,heap        ] GC(255) Eden regions: 1120->0(1120)
[1633.578s][info][gc,heap        ] GC(255) Survivor regions: 108->108(154)
[1633.578s][info][gc,heap        ] GC(255) Old regions: 468->500
[1633.578s][info][gc,heap        ] GC(255) Humongous regions: 80->80
[1633.578s][info][gc,metaspace   ] GC(255) Metaspace: 28925K(29248K)->28925K(29248K) NonClass: 24042K(24192K)->24042K(24192K) Class: 4883K(5056K)->4883K(5056K)
[1633.578s][info][gc             ] GC(255) Pause Young (Concurrent Start) (G1 Evacuation Pause) 3547M->1371M(4096M) 116.017ms
[1633.578s][info][gc             ] GC(256) Concurrent Mark Cycle
[1633.578s][info][gc,marking     ] GC(256) Concurrent Scan Root Regions
[1633.578s][info][gc,cpu         ] GC(255) User=0.69s Sys=0.00s Real=0.12s
.[1633.700s][info][gc,marking     ] GC(256) Concurrent Scan Root Regions 121.534ms
[1633.700s][info][gc,marking     ] GC(256) Concurrent Mark
[1633.700s][info][gc,marking     ] GC(256) Concurrent Mark From Roots
[1633.700s][info][gc,task        ] GC(256) Using 2 workers of 2 for marking
[1634.257s][info][gc,marking     ] GC(256) Concurrent Mark From Roots 557.587ms
[1634.257s][info][gc,marking     ] GC(256) Concurrent Preclean
[1634.258s][info][gc,marking     ] GC(256) Concurrent Preclean 0.073ms
[1634.258s][info][gc,start       ] GC(256) Pause Remark
[1634.260s][info][gc             ] GC(256) Pause Remark 1604M->1604M(4096M) 2.533ms
[1634.260s][info][gc,cpu         ] GC(256) User=0.01s Sys=0.00s Real=0.00s
[1634.261s][info][gc,marking     ] GC(256) Concurrent Mark 561.531ms
[1634.261s][info][gc,marking     ] GC(256) Concurrent Rebuild Remembered Sets and Scrub Regions
[1634.497s][info][gc,marking     ] GC(256) Concurrent Rebuild Remembered Sets and Scrub Regions 235.758ms
[1634.497s][info][gc,start       ] GC(256) Pause Cleanup
[1634.497s][info][gc             ] GC(256) Pause Cleanup 1669M->1669M(4096M) 0.129ms
[1634.497s][info][gc,cpu         ] GC(256) User=0.00s Sys=0.00s Real=0.00s
[1634.498s][info][gc,marking     ] GC(256) Concurrent Clear Claimed Marks
[1634.498s][info][gc,marking     ] GC(256) Concurrent Clear Claimed Marks 0.041ms
[1634.498s][info][gc,marking     ] GC(256) Concurrent Cleanup for Next Mark
[1634.502s][info][gc,marking     ] GC(256) Concurrent Cleanup for Next Mark 4.136ms
[1634.502s][info][gc             ] GC(256) Concurrent Mark Cycle 923.547ms
........[1641.987s][info][gc,start       ] GC(257) Pause Young (Prepare Mixed) (G1 Evacuation Pause)
[1641.987s][info][gc,task        ] GC(257) Using 6 workers of 6 for evacuation
[1642.105s][info][gc,phases      ] GC(257)   Pre Evacuate Collection Set: 0.33ms
[1642.105s][info][gc,phases      ] GC(257)   Merge Heap Roots: 0.51ms
[1642.105s][info][gc,phases      ] GC(257)   Evacuate Collection Set: 115.29ms
[1642.105s][info][gc,phases      ] GC(257)   Post Evacuate Collection Set: 0.98ms
[1642.105s][info][gc,phases      ] GC(257)   Other: 0.09ms
[1642.105s][info][gc,heap        ] GC(257) Eden regions: 1120->0(1114)
[1642.105s][info][gc,heap        ] GC(257) Survivor regions: 108->110(154)
[1642.105s][info][gc,heap        ] GC(257) Old regions: 500->531
[1642.105s][info][gc,heap        ] GC(257) Humongous regions: 80->80
[1642.105s][info][gc,metaspace   ] GC(257) Metaspace: 28925K(29248K)->28925K(29248K) NonClass: 24042K(24192K)->24042K(24192K) Class: 4883K(5056K)->4883K(5056K)
[1642.105s][info][gc             ] GC(257) Pause Young (Prepare Mixed) (G1 Evacuation Pause) 3611M->1438M(4096M) 117.334ms
[1642.105s][info][gc,cpu         ] GC(257) User=0.70s Sys=0.00s Real=0.12s
........[1650.499s][info][gc,start       ] GC(258) Pause Young (Mixed) (G1 Evacuation Pause)
[1650.499s][info][gc,task        ] GC(258) Using 6 workers of 6 for evacuation
[1650.636s][info][gc,phases      ] GC(258)   Pre Evacuate Collection Set: 0.36ms
[1650.636s][info][gc,phases      ] GC(258)   Merge Heap Roots: 0.72ms
[1650.636s][info][gc,phases      ] GC(258)   Evacuate Collection Set: 134.60ms
[1650.636s][info][gc,phases      ] GC(258)   Post Evacuate Collection Set: 0.92ms
[1650.636s][info][gc,phases      ] GC(258)   Other: 0.09ms
[1650.636s][info][gc,heap        ] GC(258) Eden regions: 1114->0(1117)
[1650.636s][info][gc,heap        ] GC(258) Survivor regions: 110->111(153)
[1650.636s][info][gc,heap        ] GC(258) Old regions: 531->469
[1650.636s][info][gc,heap        ] GC(258) Humongous regions: 80->80
[1650.636s][info][gc,metaspace   ] GC(258) Metaspace: 28925K(29248K)->28925K(29248K) NonClass: 24042K(24192K)->24042K(24192K) Class: 4883K(5056K)->4883K(5056K)
[1650.636s][info][gc             ] GC(258) Pause Young (Mixed) (G1 Evacuation Pause) 3666M->1315M(4096M) 136.840ms
[1650.636s][info][gc,cpu         ] GC(258) User=0.81s Sys=0.00s Real=0.14s
.........[1659.036s][info][gc,start       ] GC(259) Pause Young (Concurrent Start) (G1 Evacuation Pause)
[1659.036s][info][gc,task        ] GC(259) Using 6 workers of 6 for evacuation
[1659.151s][info][gc,phases      ] GC(259)   Pre Evacuate Collection Set: 0.45ms
[1659.151s][info][gc,phases      ] GC(259)   Merge Heap Roots: 0.53ms
[1659.151s][info][gc,phases      ] GC(259)   Evacuate Collection Set: 112.98ms
[1659.151s][info][gc,phases      ] GC(259)   Post Evacuate Collection Set: 0.96ms
[1659.151s][info][gc,phases      ] GC(259)   Other: 0.11ms
[1659.151s][info][gc,heap        ] GC(259) Eden regions: 1117->0(1120)
[1659.151s][info][gc,heap        ] GC(259) Survivor regions: 111->108(154)
[1659.151s][info][gc,heap        ] GC(259) Old regions: 469->501
[1659.151s][info][gc,heap        ] GC(259) Humongous regions: 80->80
[1659.151s][info][gc,metaspace   ] GC(259) Metaspace: 28925K(29248K)->28925K(29248K) NonClass: 24042K(24192K)->24042K(24192K) Class: 4883K(5056K)->4883K(5056K)
[1659.151s][info][gc             ] GC(259) Pause Young (Concurrent Start) (G1 Evacuation Pause) 3549M->1373M(4096M) 115.183ms
[1659.151s][info][gc             ] GC(260) Concurrent Mark Cycle
[1659.151s][info][gc,marking     ] GC(260) Concurrent Scan Root Regions
[1659.151s][info][gc,cpu         ] GC(259) User=0.69s Sys=0.00s Real=0.11s
[1659.265s][info][gc,marking     ] GC(260) Concurrent Scan Root Regions 113.162ms
[1659.265s][info][gc,marking     ] GC(260) Concurrent Mark
[1659.265s][info][gc,marking     ] GC(260) Concurrent Mark From Roots
[1659.265s][info][gc,task        ] GC(260) Using 2 workers of 2 for marking
.[1659.812s][info][gc,marking     ] GC(260) Concurrent Mark From Roots 547.574ms
[1659.812s][info][gc,marking     ] GC(260) Concurrent Preclean
[1659.812s][info][gc,marking     ] GC(260) Concurrent Preclean 0.058ms
[1659.812s][info][gc,start       ] GC(260) Pause Remark
[1659.815s][info][gc             ] GC(260) Pause Remark 1561M->1561M(4096M) 2.514ms
[1659.815s][info][gc,cpu         ] GC(260) User=0.02s Sys=0.00s Real=0.01s
[1659.815s][info][gc,marking     ] GC(260) Concurrent Mark 550.394ms
[1659.815s][info][gc,marking     ] GC(260) Concurrent Rebuild Remembered Sets and Scrub Regions
[1660.029s][info][gc,marking     ] GC(260) Concurrent Rebuild Remembered Sets and Scrub Regions 213.744ms
[1660.029s][info][gc,start       ] GC(260) Pause Cleanup
[1660.029s][info][gc             ] GC(260) Pause Cleanup 1614M->1614M(4096M) 0.125ms
[1660.029s][info][gc,cpu         ] GC(260) User=0.00s Sys=0.00s Real=0.00s
[1660.029s][info][gc,marking     ] GC(260) Concurrent Clear Claimed Marks
[1660.029s][info][gc,marking     ] GC(260) Concurrent Clear Claimed Marks 0.031ms
[1660.029s][info][gc,marking     ] GC(260) Concurrent Cleanup for Next Mark
[1660.032s][info][gc,marking     ] GC(260) Concurrent Cleanup for Next Mark 3.176ms
[1660.032s][info][gc             ] GC(260) Concurrent Mark Cycle 880.958ms
.......[1667.587s][info][gc,start       ] GC(261) Pause Young (Prepare Mixed) (G1 Evacuation Pause)
[1667.587s][info][gc,task        ] GC(261) Using 6 workers of 6 for evacuation
[1667.706s][info][gc,phases      ] GC(261)   Pre Evacuate Collection Set: 0.34ms
[1667.706s][info][gc,phases      ] GC(261)   Merge Heap Roots: 0.54ms
[1667.706s][info][gc,phases      ] GC(261)   Evacuate Collection Set: 117.67ms
[1667.706s][info][gc,phases      ] GC(261)   Post Evacuate Collection Set: 0.95ms
[1667.706s][info][gc,phases      ] GC(261)   Other: 0.08ms
[1667.706s][info][gc,heap        ] GC(261) Eden regions: 1120->0(1110)
[1667.706s][info][gc,heap        ] GC(261) Survivor regions: 108->111(154)
[1667.706s][info][gc,heap        ] GC(261) Old regions: 501->533
[1667.706s][info][gc,heap        ] GC(261) Humongous regions: 80->80
[1667.706s][info][gc,metaspace   ] GC(261) Metaspace: 28925K(29248K)->28925K(29248K) NonClass: 24042K(24192K)->24042K(24192K) Class: 4883K(5056K)->4883K(5056K)
[1667.706s][info][gc             ] GC(261) Pause Young (Prepare Mixed) (G1 Evacuation Pause) 3613M->1443M(4096M) 119.709ms
[1667.706s][info][gc,cpu         ] GC(261) User=0.71s Sys=0.00s Real=0.12s
.........[1676.043s][info][gc,start       ] GC(262) Pause Young (Mixed) (G1 Evacuation Pause)
[1676.043s][info][gc,task        ] GC(262) Using 6 workers of 6 for evacuation
[1676.179s][info][gc,phases      ] GC(262)   Pre Evacuate Collection Set: 0.39ms
[1676.179s][info][gc,phases      ] GC(262)   Merge Heap Roots: 0.75ms
[1676.179s][info][gc,phases      ] GC(262)   Evacuate Collection Set: 133.78ms
[1676.179s][info][gc,phases      ] GC(262)   Post Evacuate Collection Set: 0.93ms
[1676.179s][info][gc,phases      ] GC(262)   Other: 0.09ms
[1676.179s][info][gc,heap        ] GC(262) Eden regions: 1110->0(1119)
[1676.179s][info][gc,heap        ] GC(262) Survivor regions: 111->109(153)
[1676.179s][info][gc,heap        ] GC(262) Old regions: 533->469
[1676.179s][info][gc,heap        ] GC(262) Humongous regions: 80->80
[1676.179s][info][gc,metaspace   ] GC(262) Metaspace: 28925K(29248K)->28925K(29248K) NonClass: 24042K(24192K)->24042K(24192K) Class: 4883K(5056K)->4883K(5056K)
[1676.179s][info][gc             ] GC(262) Pause Young (Mixed) (G1 Evacuation Pause) 3663M->1311M(4096M) 136.063ms
[1676.179s][info][gc,cpu         ] GC(262) User=0.81s Sys=0.00s Real=0.14s
........[1684.523s][info][gc,start       ] GC(263) Pause Young (Concurrent Start) (G1 Evacuation Pause)
[1684.523s][info][gc,task        ] GC(263) Using 6 workers of 6 for evacuation
[1684.645s][info][gc,phases      ] GC(263)   Pre Evacuate Collection Set: 0.40ms
[1684.645s][info][gc,phases      ] GC(263)   Merge Heap Roots: 0.55ms
[1684.645s][info][gc,phases      ] GC(263)   Evacuate Collection Set: 119.86ms
[1684.645s][info][gc,phases      ] GC(263)   Post Evacuate Collection Set: 0.96ms
[1684.645s][info][gc,phases      ] GC(263)   Other: 0.12ms
[1684.645s][info][gc,heap        ] GC(263) Eden regions: 1119->0(1116)
[1684.645s][info][gc,heap        ] GC(263) Survivor regions: 109->112(154)
[1684.645s][info][gc,heap        ] GC(263) Old regions: 469->501
[1684.645s][info][gc,heap        ] GC(263) Humongous regions: 80->80
[1684.645s][info][gc,metaspace   ] GC(263) Metaspace: 28925K(29248K)->28925K(29248K) NonClass: 24042K(24192K)->24042K(24192K) Class: 4883K(5056K)->4883K(5056K)
[1684.645s][info][gc             ] GC(263) Pause Young (Concurrent Start) (G1 Evacuation Pause) 3549M->1382M(4096M) 122.011ms
[1684.645s][info][gc             ] GC(264) Concurrent Mark Cycle
[1684.645s][info][gc,marking     ] GC(264) Concurrent Scan Root Regions
[1684.645s][info][gc,cpu         ] GC(263) User=0.72s Sys=0.00s Real=0.13s
.[1684.761s][info][gc,marking     ] GC(264) Concurrent Scan Root Regions 115.308ms
[1684.761s][info][gc,marking     ] GC(264) Concurrent Mark
[1684.761s][info][gc,marking     ] GC(264) Concurrent Mark From Roots
[1684.761s][info][gc,task        ] GC(264) Using 2 workers of 2 for marking
[1685.322s][info][gc,marking     ] GC(264) Concurrent Mark From Roots 560.905ms
[1685.322s][info][gc,marking     ] GC(264) Concurrent Preclean
[1685.322s][info][gc,marking     ] GC(264) Concurrent Preclean 0.058ms
[1685.322s][info][gc,start       ] GC(264) Pause Remark
[1685.324s][info][gc             ] GC(264) Pause Remark 1570M->1570M(4096M) 2.337ms
[1685.324s][info][gc,cpu         ] GC(264) User=0.02s Sys=0.00s Real=0.00s
[1685.324s][info][gc,marking     ] GC(264) Concurrent Mark 563.546ms
[1685.324s][info][gc,marking     ] GC(264) Concurrent Rebuild Remembered Sets and Scrub Regions
[1685.539s][info][gc,marking     ] GC(264) Concurrent Rebuild Remembered Sets and Scrub Regions 215.052ms
[1685.540s][info][gc,start       ] GC(264) Pause Cleanup
[1685.540s][info][gc             ] GC(264) Pause Cleanup 1634M->1634M(4096M) 0.121ms
[1685.540s][info][gc,cpu         ] GC(264) User=0.00s Sys=0.00s Real=0.00s
[1685.540s][info][gc,marking     ] GC(264) Concurrent Clear Claimed Marks
[1685.540s][info][gc,marking     ] GC(264) Concurrent Clear Claimed Marks 0.045ms
[1685.540s][info][gc,marking     ] GC(264) Concurrent Cleanup for Next Mark
[1685.544s][info][gc,marking     ] GC(264) Concurrent Cleanup for Next Mark 4.176ms
[1685.544s][info][gc             ] GC(264) Concurrent Mark Cycle 898.652ms
........ (rIR:aIR:PR = 2214:2213:2213) (tPR = 32774) [OK] 
  1692s: Performance info:
         Transaction,    Success,    Partial,     Failed,   Receipts, AvgBarcode, 
             Overall,     133219,          0,          0,     126549,      59.46, 
         Response times:
             Request,    Success,    Partial,     Failed,   SkipFail,     Probes,    Samples,      min,      p50,      p90,      p95,      p99,      max, 
       TotalPurchase,     126548,          0,          0,          0,     123624,     135684,      300,     1900,     3000,     3400,     9100,   139000,
     InStorePurchase,      66644,          0,          0,          0,      65294,      71376,      300,     2000,     3000,     3500,     9000,   132000,
      OnlinePurchase,      46578,          0,          0,          0,      45548,      50097,      300,     1900,     3000,     3400,     9102,   139000,
        InstPurchase,      13326,          0,          0,          0,      12782,      14211,      400,     1900,     3000,     3400,     9788,   132000,
          AssocOfCat,        133,          0,          0,          0,         90,        118,    17800,    25000,    30000,    37050,    68580,    72000,
      AssocOfProduct,       1336,          0,          0,          0,       1180,       1387,      500,     2700,     3600,     4300,    15428,    67000,
      BusinessReport,        334,          0,          0,          0,        263,        372,    19100,    28000,    37700,    57350,   163000,   173000,
          CustBuyBeh,       1330,          0,          0,          0,       1165,       1355,      100,      600,     1400,     1700,     4544,    10200,
       ProductReturn,       3539,          0,          0,          0,       3302,       3795,      200,     1600,     2640,     3000,     8000,   120000,

  1692s: (17%)   IR =   2352 [1693.000s][info][gc,start       ] GC(265) Pause Young (Prepare Mixed) (G1 Evacuation Pause)
[1693.000s][info][gc,task        ] GC(265) Using 6 workers of 6 for evacuation
[1693.121s][info][gc,phases      ] GC(265)   Pre Evacuate Collection Set: 0.35ms
[1693.122s][info][gc,phases      ] GC(265)   Merge Heap Roots: 0.58ms
[1693.122s][info][gc,phases      ] GC(265)   Evacuate Collection Set: 119.29ms
[1693.122s][info][gc,phases      ] GC(265)   Post Evacuate Collection Set: 0.96ms
[1693.122s][info][gc,phases      ] GC(265)   Other: 0.09ms
[1693.122s][info][gc,heap        ] GC(265) Eden regions: 1116->0(1110)
[1693.122s][info][gc,heap        ] GC(265) Survivor regions: 112->111(154)
[1693.122s][info][gc,heap        ] GC(265) Old regions: 501->533
[1693.122s][info][gc,heap        ] GC(265) Humongous regions: 80->80
[1693.122s][info][gc,metaspace   ] GC(265) Metaspace: 28925K(29248K)->28925K(29248K) NonClass: 24042K(24192K)->24042K(24192K) Class: 4883K(5056K)->4883K(5056K)
[1693.122s][info][gc             ] GC(265) Pause Young (Prepare Mixed) (G1 Evacuation Pause) 3614M->1445M(4096M) 121.406ms
[1693.122s][info][gc,cpu         ] GC(265) User=0.73s Sys=0.00s Real=0.12s
.....|...[1701.013s][info][gc,start       ] GC(266) Pause Young (Mixed) (G1 Evacuation Pause)
[1701.013s][info][gc,task        ] GC(266) Using 6 workers of 6 for evacuation
[1701.146s][info][gc,phases      ] GC(266)   Pre Evacuate Collection Set: 0.39ms
[1701.146s][info][gc,phases      ] GC(266)   Merge Heap Roots: 0.74ms
[1701.146s][info][gc,phases      ] GC(266)   Evacuate Collection Set: 131.25ms
[1701.146s][info][gc,phases      ] GC(266)   Post Evacuate Collection Set: 0.98ms
[1701.146s][info][gc,phases      ] GC(266)   Other: 0.09ms
[1701.146s][info][gc,heap        ] GC(266) Eden regions: 1110->0(1120)
[1701.146s][info][gc,heap        ] GC(266) Survivor regions: 111->108(153)
[1701.146s][info][gc,heap        ] GC(266) Old regions: 533->469
[1701.146s][info][gc,heap        ] GC(266) Humongous regions: 80->80
[1701.146s][info][gc,metaspace   ] GC(266) Metaspace: 28925K(29248K)->28925K(29248K) NonClass: 24042K(24192K)->24042K(24192K) Class: 4883K(5056K)->4883K(5056K)
[1701.146s][info][gc             ] GC(266) Pause Young (Mixed) (G1 Evacuation Pause) 3665M->1309M(4096M) 133.583ms
[1701.146s][info][gc,cpu         ] GC(266) User=0.80s Sys=0.00s Real=0.14s
........[1709.058s][info][gc,start       ] GC(267) Pause Young (Concurrent Start) (G1 Evacuation Pause)
[1709.058s][info][gc,task        ] GC(267) Using 6 workers of 6 for evacuation
[1709.173s][info][gc,phases      ] GC(267)   Pre Evacuate Collection Set: 0.41ms
[1709.173s][info][gc,phases      ] GC(267)   Merge Heap Roots: 0.49ms
[1709.173s][info][gc,phases      ] GC(267)   Evacuate Collection Set: 113.75ms
[1709.173s][info][gc,phases      ] GC(267)   Post Evacuate Collection Set: 0.90ms
[1709.173s][info][gc,phases      ] GC(267)   Other: 0.10ms
[1709.173s][info][gc,heap        ] GC(267) Eden regions: 1120->0(1121)
[1709.173s][info][gc,heap        ] GC(267) Survivor regions: 108->107(154)
[1709.173s][info][gc,heap        ] GC(267) Old regions: 469->501
[1709.173s][info][gc,heap        ] GC(267) Humongous regions: 80->80
[1709.173s][info][gc,metaspace   ] GC(267) Metaspace: 28925K(29248K)->28925K(29248K) NonClass: 24042K(24192K)->24042K(24192K) Class: 4883K(5056K)->4883K(5056K)
[1709.173s][info][gc             ] GC(267) Pause Young (Concurrent Start) (G1 Evacuation Pause) 3549M->1371M(4096M) 115.781ms
[1709.173s][info][gc             ] GC(268) Concurrent Mark Cycle
[1709.173s][info][gc,marking     ] GC(268) Concurrent Scan Root Regions
[1709.173s][info][gc,cpu         ] GC(267) User=0.69s Sys=0.01s Real=0.11s
[1709.292s][info][gc,marking     ] GC(268) Concurrent Scan Root Regions 118.387ms
[1709.292s][info][gc,marking     ] GC(268) Concurrent Mark
[1709.292s][info][gc,marking     ] GC(268) Concurrent Mark From Roots
[1709.292s][info][gc,task        ] GC(268) Using 2 workers of 2 for marking
.[1709.847s][info][gc,marking     ] GC(268) Concurrent Mark From Roots 555.363ms
[1709.847s][info][gc,marking     ] GC(268) Concurrent Preclean
[1709.847s][info][gc,marking     ] GC(268) Concurrent Preclean 0.053ms
[1709.847s][info][gc,start       ] GC(268) Pause Remark
[1709.850s][info][gc             ] GC(268) Pause Remark 1562M->1562M(4096M) 2.351ms
[1709.850s][info][gc,cpu         ] GC(268) User=0.01s Sys=0.00s Real=0.00s
[1709.850s][info][gc,marking     ] GC(268) Concurrent Mark 558.013ms
[1709.850s][info][gc,marking     ] GC(268) Concurrent Rebuild Remembered Sets and Scrub Regions
[1710.068s][info][gc,marking     ] GC(268) Concurrent Rebuild Remembered Sets and Scrub Regions 217.646ms
[1710.068s][info][gc,start       ] GC(268) Pause Cleanup
[1710.068s][info][gc             ] GC(268) Pause Cleanup 1618M->1618M(4096M) 0.131ms
[1710.068s][info][gc,cpu         ] GC(268) User=0.00s Sys=0.00s Real=0.00s
[1710.068s][info][gc,marking     ] GC(268) Concurrent Clear Claimed Marks
[1710.068s][info][gc,marking     ] GC(268) Concurrent Clear Claimed Marks 0.034ms
[1710.068s][info][gc,marking     ] GC(268) Concurrent Cleanup for Next Mark
[1710.071s][info][gc,marking     ] GC(268) Concurrent Cleanup for Next Mark 3.192ms
[1710.071s][info][gc             ] GC(268) Concurrent Mark Cycle 897.775ms
.......[1717.085s][info][gc,start       ] GC(269) Pause Young (Prepare Mixed) (G1 Evacuation Pause)
[1717.085s][info][gc,task        ] GC(269) Using 6 workers of 6 for evacuation
[1717.201s][info][gc,phases      ] GC(269)   Pre Evacuate Collection Set: 0.34ms
[1717.201s][info][gc,phases      ] GC(269)   Merge Heap Roots: 0.56ms
[1717.201s][info][gc,phases      ] GC(269)   Evacuate Collection Set: 113.98ms
[1717.201s][info][gc,phases      ] GC(269)   Post Evacuate Collection Set: 0.96ms
[1717.201s][info][gc,phases      ] GC(269)   Other: 0.10ms
[1717.201s][info][gc,heap        ] GC(269) Eden regions: 1121->0(1118)
[1717.201s][info][gc,heap        ] GC(269) Survivor regions: 107->107(154)
[1717.201s][info][gc,heap        ] GC(269) Old regions: 501->533
[1717.201s][info][gc,heap        ] GC(269) Humongous regions: 80->80
[1717.201s][info][gc,metaspace   ] GC(269) Metaspace: 28925K(29248K)->28925K(29248K) NonClass: 24042K(24192K)->24042K(24192K) Class: 4883K(5056K)->4883K(5056K)
[1717.201s][info][gc             ] GC(269) Pause Young (Prepare Mixed) (G1 Evacuation Pause) 3613M->1436M(4096M) 116.082ms
[1717.201s][info][gc,cpu         ] GC(269) User=0.69s Sys=0.00s Real=0.11s
........[1725.177s][info][gc,start       ] GC(270) Pause Young (Mixed) (G1 Evacuation Pause)
[1725.177s][info][gc,task        ] GC(270) Using 6 workers of 6 for evacuation
[1725.316s][info][gc,phases      ] GC(270)   Pre Evacuate Collection Set: 0.36ms
[1725.316s][info][gc,phases      ] GC(270)   Merge Heap Roots: 0.85ms
[1725.316s][info][gc,phases      ] GC(270)   Evacuate Collection Set: 136.41ms
[1725.316s][info][gc,phases      ] GC(270)   Post Evacuate Collection Set: 0.96ms
[1725.316s][info][gc,phases      ] GC(270)   Other: 0.09ms
[1725.316s][info][gc,heap        ] GC(270) Eden regions: 1118->0(1119)
[1725.316s][info][gc,heap        ] GC(270) Survivor regions: 107->109(154)
[1725.316s][info][gc,heap        ] GC(270) Old regions: 533->468
[1725.316s][info][gc,heap        ] GC(270) Humongous regions: 80->80
[1725.316s][info][gc,metaspace   ] GC(270) Metaspace: 28925K(29248K)->28925K(29248K) NonClass: 24042K(24192K)->24042K(24192K) Class: 4883K(5056K)->4883K(5056K)
[1725.316s][info][gc             ] GC(270) Pause Young (Mixed) (G1 Evacuation Pause) 3672M->1310M(4096M) 138.816ms
[1725.316s][info][gc,cpu         ] GC(270) User=0.83s Sys=0.00s Real=0.14s
........[1733.130s][info][gc,start       ] GC(271) Pause Young (Concurrent Start) (G1 Evacuation Pause)
[1733.130s][info][gc,task        ] GC(271) Using 6 workers of 6 for evacuation
[1733.245s][info][gc,phases      ] GC(271)   Pre Evacuate Collection Set: 0.37ms
[1733.245s][info][gc,phases      ] GC(271)   Merge Heap Roots: 0.49ms
[1733.245s][info][gc,phases      ] GC(271)   Evacuate Collection Set: 113.68ms
[1733.245s][info][gc,phases      ] GC(271)   Post Evacuate Collection Set: 0.88ms
[1733.245s][info][gc,phases      ] GC(271)   Other: 0.13ms
[1733.245s][info][gc,heap        ] GC(271) Eden regions: 1119->0(1120)
[1733.245s][info][gc,heap        ] GC(271) Survivor regions: 109->108(154)
[1733.245s][info][gc,heap        ] GC(271) Old regions: 468->501
[1733.245s][info][gc,heap        ] GC(271) Humongous regions: 80->80
[1733.245s][info][gc,metaspace   ] GC(271) Metaspace: 28925K(29248K)->28925K(29248K) NonClass: 24042K(24192K)->24042K(24192K) Class: 4883K(5056K)->4883K(5056K)
[1733.245s][info][gc             ] GC(271) Pause Young (Concurrent Start) (G1 Evacuation Pause) 3548M->1374M(4096M) 115.674ms
[1733.245s][info][gc             ] GC(272) Concurrent Mark Cycle
[1733.245s][info][gc,marking     ] GC(272) Concurrent Scan Root Regions
[1733.245s][info][gc,cpu         ] GC(271) User=0.69s Sys=0.00s Real=0.12s
[1733.359s][info][gc,marking     ] GC(272) Concurrent Scan Root Regions 113.738ms
[1733.359s][info][gc,marking     ] GC(272) Concurrent Mark
[1733.359s][info][gc,marking     ] GC(272) Concurrent Mark From Roots
[1733.359s][info][gc,task        ] GC(272) Using 2 workers of 2 for marking
.[1733.934s][info][gc,marking     ] GC(272) Concurrent Mark From Roots 574.624ms
[1733.934s][info][gc,marking     ] GC(272) Concurrent Preclean
[1733.934s][info][gc,marking     ] GC(272) Concurrent Preclean 0.062ms
[1733.934s][info][gc,start       ] GC(272) Pause Remark
[1733.937s][info][gc             ] GC(272) Pause Remark 1580M->1580M(4096M) 2.659ms
[1733.937s][info][gc,cpu         ] GC(272) User=0.01s Sys=0.00s Real=0.01s
[1733.937s][info][gc,marking     ] GC(272) Concurrent Mark 577.606ms
[1733.937s][info][gc,marking     ] GC(272) Concurrent Rebuild Remembered Sets and Scrub Regions
[1734.152s][info][gc,marking     ] GC(272) Concurrent Rebuild Remembered Sets and Scrub Regions 215.689ms
[1734.153s][info][gc,start       ] GC(272) Pause Cleanup
[1734.153s][info][gc             ] GC(272) Pause Cleanup 1647M->1647M(4096M) 0.131ms
[1734.153s][info][gc,cpu         ] GC(272) User=0.00s Sys=0.00s Real=0.00s
[1734.153s][info][gc,marking     ] GC(272) Concurrent Clear Claimed Marks
[1734.153s][info][gc,marking     ] GC(272) Concurrent Clear Claimed Marks 0.034ms
[1734.153s][info][gc,marking     ] GC(272) Concurrent Cleanup for Next Mark
[1734.156s][info][gc,marking     ] GC(272) Concurrent Cleanup for Next Mark 3.275ms
[1734.156s][info][gc             ] GC(272) Concurrent Mark Cycle 910.884ms
.......[1741.197s][info][gc,start       ] GC(273) Pause Young (Prepare Mixed) (G1 Evacuation Pause)
[1741.197s][info][gc,task        ] GC(273) Using 6 workers of 6 for evacuation
[1741.314s][info][gc,phases      ] GC(273)   Pre Evacuate Collection Set: 0.37ms
[1741.314s][info][gc,phases      ] GC(273)   Merge Heap Roots: 0.54ms
[1741.314s][info][gc,phases      ] GC(273)   Evacuate Collection Set: 114.99ms
[1741.314s][info][gc,phases      ] GC(273)   Post Evacuate Collection Set: 0.96ms
[1741.314s][info][gc,phases      ] GC(273)   Other: 0.10ms
[1741.314s][info][gc,heap        ] GC(273) Eden regions: 1120->0(1118)
[1741.314s][info][gc,heap        ] GC(273) Survivor regions: 108->107(154)
[1741.314s][info][gc,heap        ] GC(273) Old regions: 501->533
[1741.314s][info][gc,heap        ] GC(273) Humongous regions: 80->80
[1741.314s][info][gc,metaspace   ] GC(273) Metaspace: 28925K(29248K)->28925K(29248K) NonClass: 24042K(24192K)->24042K(24192K) Class: 4883K(5056K)->4883K(5056K)
[1741.314s][info][gc             ] GC(273) Pause Young (Prepare Mixed) (G1 Evacuation Pause) 3614M->1436M(4096M) 117.090ms
[1741.314s][info][gc,cpu         ] GC(273) User=0.70s Sys=0.00s Real=0.11s
........[1749.307s][info][gc,start       ] GC(274) Pause Young (Mixed) (G1 Evacuation Pause)
[1749.307s][info][gc,task        ] GC(274) Using 6 workers of 6 for evacuation
[1749.436s][info][gc,phases      ] GC(274)   Pre Evacuate Collection Set: 0.38ms
[1749.436s][info][gc,phases      ] GC(274)   Merge Heap Roots: 0.66ms
[1749.436s][info][gc,phases      ] GC(274)   Evacuate Collection Set: 127.52ms
[1749.436s][info][gc,phases      ] GC(274)   Post Evacuate Collection Set: 0.98ms
[1749.437s][info][gc,phases      ] GC(274)   Other: 0.09ms
[1749.437s][info][gc,heap        ] GC(274) Eden regions: 1118->0(1120)
[1749.437s][info][gc,heap        ] GC(274) Survivor regions: 107->108(154)
[1749.437s][info][gc,heap        ] GC(274) Old regions: 533->468
[1749.437s][info][gc,heap        ] GC(274) Humongous regions: 80->80
[1749.437s][info][gc,metaspace   ] GC(274) Metaspace: 28926K(29248K)->28926K(29248K) NonClass: 24043K(24192K)->24043K(24192K) Class: 4883K(5056K)->4883K(5056K)
[1749.437s][info][gc             ] GC(274) Pause Young (Mixed) (G1 Evacuation Pause) 3672M->1308M(4096M) 129.776ms
[1749.437s][info][gc,cpu         ] GC(274) User=0.77s Sys=0.00s Real=0.13s
........[1757.289s][info][gc,start       ] GC(275) Pause Young (Concurrent Start) (G1 Evacuation Pause)
[1757.289s][info][gc,task        ] GC(275) Using 6 workers of 6 for evacuation
[1757.405s][info][gc,phases      ] GC(275)   Pre Evacuate Collection Set: 0.38ms
[1757.405s][info][gc,phases      ] GC(275)   Merge Heap Roots: 0.48ms
[1757.405s][info][gc,phases      ] GC(275)   Evacuate Collection Set: 113.58ms
[1757.405s][info][gc,phases      ] GC(275)   Post Evacuate Collection Set: 0.90ms
[1757.405s][info][gc,phases      ] GC(275)   Other: 0.12ms
[1757.405s][info][gc,heap        ] GC(275) Eden regions: 1120->0(1120)
[1757.405s][info][gc,heap        ] GC(275) Survivor regions: 108->108(154)
[1757.405s][info][gc,heap        ] GC(275) Old regions: 468->501
[1757.405s][info][gc,heap        ] GC(275) Humongous regions: 80->80
[1757.405s][info][gc,metaspace   ] GC(275) Metaspace: 28926K(29248K)->28926K(29248K) NonClass: 24043K(24192K)->24043K(24192K) Class: 4883K(5056K)->4883K(5056K)
[1757.405s][info][gc             ] GC(275) Pause Young (Concurrent Start) (G1 Evacuation Pause) 3548M->1373M(4096M) 115.609ms
[1757.405s][info][gc             ] GC(276) Concurrent Mark Cycle
[1757.405s][info][gc,marking     ] GC(276) Concurrent Scan Root Regions
[1757.405s][info][gc,cpu         ] GC(275) User=0.68s Sys=0.00s Real=0.11s
[1757.526s][info][gc,marking     ] GC(276) Concurrent Scan Root Regions 121.751ms
[1757.527s][info][gc,marking     ] GC(276) Concurrent Mark
[1757.527s][info][gc,marking     ] GC(276) Concurrent Mark From Roots
[1757.527s][info][gc,task        ] GC(276) Using 2 workers of 2 for marking
. (rIR:aIR:PR = 2352:2353:2353) (tPR = 34781) [OK] 
  1757s: Performance info:
         Transaction,    Success,    Partial,     Failed,   Receipts, AvgBarcode, 
             Overall,     141298,          0,          0,     134227,      59.48, 
         Response times:
             Request,    Success,    Partial,     Failed,   SkipFail,     Probes,    Samples,      min,      p50,      p90,      p95,      p99,      max, 
       TotalPurchase,     134227,          0,          0,          0,     131317,     143286,      300,     2100,     3200,     3700,    11800,   172000,
     InStorePurchase,      70630,          0,          0,          0,      69307,      75353,      300,     2100,     3200,     3700,    11546,   172000,
      OnlinePurchase,      49444,          0,          0,          0,      48398,      52901,      300,     2200,     3200,     3700,    12700,   172000,
        InstPurchase,      14153,          0,          0,          0,      13612,      15032,      400,     1600,     3000,     3500,     9600,   138000,
          AssocOfCat,        143,          0,          0,          0,         90,        130,    17700,    26000,    30900,    36450,    50660,    55000,
      AssocOfProduct,       1421,          0,          0,          0,       1285,       1573,      500,     2400,     3300,     3900,    13500,   122000,
      BusinessReport,        352,          0,          0,          0,        283,        387,    18700,    28000,    35000,    37600,   134000,   189000,
          CustBuyBeh,       1418,          0,          0,          0,       1278,       1515,      300,     2500,     3400,     4300,    20776,   120000,
       ProductReturn,       3737,          0,          0,          0,       3462,       3915,      200,     1500,     2700,     3100,     7236,   137000,

  1757s: (18%)   IR =   2491 [1758.092s][info][gc,marking     ] GC(276) Concurrent Mark From Roots 565.420ms
[1758.092s][info][gc,marking     ] GC(276) Concurrent Preclean
[1758.092s][info][gc,marking     ] GC(276) Concurrent Preclean 0.061ms
[1758.093s][info][gc,start       ] GC(276) Pause Remark
[1758.095s][info][gc             ] GC(276) Pause Remark 1611M->1611M(4096M) 2.500ms
[1758.095s][info][gc,cpu         ] GC(276) User=0.02s Sys=0.00s Real=0.01s
[1758.096s][info][gc,marking     ] GC(276) Concurrent Mark 569.236ms
[1758.096s][info][gc,marking     ] GC(276) Concurrent Rebuild Remembered Sets and Scrub Regions
[1758.449s][info][gc,marking     ] GC(276) Concurrent Rebuild Remembered Sets and Scrub Regions 353.384ms
[1758.449s][info][gc,start       ] GC(276) Pause Cleanup
[1758.449s][info][gc             ] GC(276) Pause Cleanup 1715M->1715M(4096M) 0.121ms
[1758.449s][info][gc,cpu         ] GC(276) User=0.00s Sys=0.00s Real=0.00s
[1758.450s][info][gc,marking     ] GC(276) Concurrent Clear Claimed Marks
[1758.450s][info][gc,marking     ] GC(276) Concurrent Clear Claimed Marks 0.031ms
[1758.450s][info][gc,marking     ] GC(276) Concurrent Cleanup for Next Mark
[1758.454s][info][gc,marking     ] GC(276) Concurrent Cleanup for Next Mark 4.443ms
[1758.454s][info][gc             ] GC(276) Concurrent Mark Cycle 1049.391ms
....|...[1765.038s][info][gc,start       ] GC(277) Pause Young (Prepare Mixed) (G1 Evacuation Pause)
[1765.038s][info][gc,task        ] GC(277) Using 6 workers of 6 for evacuation
[1765.153s][info][gc,phases      ] GC(277)   Pre Evacuate Collection Set: 0.34ms
[1765.153s][info][gc,phases      ] GC(277)   Merge Heap Roots: 0.55ms
[1765.153s][info][gc,phases      ] GC(277)   Evacuate Collection Set: 113.33ms
[1765.153s][info][gc,phases      ] GC(277)   Post Evacuate Collection Set: 0.98ms
[1765.153s][info][gc,phases      ] GC(277)   Other: 0.10ms
[1765.153s][info][gc,heap        ] GC(277) Eden regions: 1120->0(1118)
[1765.153s][info][gc,heap        ] GC(277) Survivor regions: 108->107(154)
[1765.153s][info][gc,heap        ] GC(277) Old regions: 501->533
[1765.153s][info][gc,heap        ] GC(277) Humongous regions: 80->80
[1765.153s][info][gc,metaspace   ] GC(277) Metaspace: 28929K(29248K)->28929K(29248K) NonClass: 24045K(24192K)->24045K(24192K) Class: 4883K(5056K)->4883K(5056K)
[1765.153s][info][gc             ] GC(277) Pause Young (Prepare Mixed) (G1 Evacuation Pause) 3613M->1436M(4096M) 115.420ms
[1765.153s][info][gc,cpu         ] GC(277) User=0.69s Sys=0.00s Real=0.11s
.......[1772.505s][info][gc,start       ] GC(278) Pause Young (Mixed) (G1 Evacuation Pause)
[1772.505s][info][gc,task        ] GC(278) Using 6 workers of 6 for evacuation
[1772.642s][info][gc,phases      ] GC(278)   Pre Evacuate Collection Set: 0.40ms
[1772.642s][info][gc,phases      ] GC(278)   Merge Heap Roots: 0.88ms
[1772.642s][info][gc,phases      ] GC(278)   Evacuate Collection Set: 135.04ms
[1772.642s][info][gc,phases      ] GC(278)   Post Evacuate Collection Set: 0.96ms
[1772.642s][info][gc,phases      ] GC(278)   Other: 0.09ms
[1772.642s][info][gc,heap        ] GC(278) Eden regions: 1118->0(1120)
[1772.642s][info][gc,heap        ] GC(278) Survivor regions: 107->108(154)
[1772.642s][info][gc,heap        ] GC(278) Old regions: 533->468
[1772.642s][info][gc,heap        ] GC(278) Humongous regions: 80->80
[1772.642s][info][gc,metaspace   ] GC(278) Metaspace: 28929K(29248K)->28929K(29248K) NonClass: 24045K(24192K)->24045K(24192K) Class: 4883K(5056K)->4883K(5056K)
[1772.642s][info][gc             ] GC(278) Pause Young (Mixed) (G1 Evacuation Pause) 3672M->1309M(4096M) 137.510ms
[1772.642s][info][gc,cpu         ] GC(278) User=0.82s Sys=0.00s Real=0.14s
........[1780.134s][info][gc,start       ] GC(279) Pause Young (Concurrent Start) (G1 Evacuation Pause)
[1780.134s][info][gc,task        ] GC(279) Using 6 workers of 6 for evacuation
[1780.250s][info][gc,phases      ] GC(279)   Pre Evacuate Collection Set: 0.46ms
[1780.250s][info][gc,phases      ] GC(279)   Merge Heap Roots: 0.59ms
[1780.250s][info][gc,phases      ] GC(279)   Evacuate Collection Set: 113.95ms
[1780.250s][info][gc,phases      ] GC(279)   Post Evacuate Collection Set: 0.90ms
[1780.250s][info][gc,phases      ] GC(279)   Other: 0.12ms
[1780.250s][info][gc,heap        ] GC(279) Eden regions: 1120->0(1121)
[1780.250s][info][gc,heap        ] GC(279) Survivor regions: 108->107(154)
[1780.250s][info][gc,heap        ] GC(279) Old regions: 468->501
[1780.250s][info][gc,heap        ] GC(279) Humongous regions: 80->80
[1780.250s][info][gc,metaspace   ] GC(279) Metaspace: 28930K(29248K)->28930K(29248K) NonClass: 24047K(24192K)->24047K(24192K) Class: 4883K(5056K)->4883K(5056K)
[1780.250s][info][gc             ] GC(279) Pause Young (Concurrent Start) (G1 Evacuation Pause) 3549M->1371M(4096M) 116.147ms
[1780.250s][info][gc             ] GC(280) Concurrent Mark Cycle
[1780.250s][info][gc,marking     ] GC(280) Concurrent Scan Root Regions
[1780.250s][info][gc,cpu         ] GC(279) User=0.69s Sys=0.00s Real=0.12s
[1780.372s][info][gc,marking     ] GC(280) Concurrent Scan Root Regions 122.295ms
[1780.372s][info][gc,marking     ] GC(280) Concurrent Mark
[1780.372s][info][gc,marking     ] GC(280) Concurrent Mark From Roots
[1780.372s][info][gc,task        ] GC(280) Using 2 workers of 2 for marking
.[1780.929s][info][gc,marking     ] GC(280) Concurrent Mark From Roots 556.770ms
[1780.929s][info][gc,marking     ] GC(280) Concurrent Preclean
[1780.929s][info][gc,marking     ] GC(280) Concurrent Preclean 0.052ms
[1780.929s][info][gc,start       ] GC(280) Pause Remark
[1780.932s][info][gc             ] GC(280) Pause Remark 1615M->1615M(4096M) 2.562ms
[1780.932s][info][gc,cpu         ] GC(280) User=0.01s Sys=0.00s Real=0.00s
[1780.932s][info][gc,marking     ] GC(280) Concurrent Mark 559.633ms
[1780.932s][info][gc,marking     ] GC(280) Concurrent Rebuild Remembered Sets and Scrub Regions
[1781.148s][info][gc,marking     ] GC(280) Concurrent Rebuild Remembered Sets and Scrub Regions 215.520ms
[1781.148s][info][gc,start       ] GC(280) Pause Cleanup
[1781.148s][info][gc             ] GC(280) Pause Cleanup 1695M->1695M(4096M) 0.128ms
[1781.148s][info][gc,cpu         ] GC(280) User=0.00s Sys=0.00s Real=0.00s
[1781.148s][info][gc,marking     ] GC(280) Concurrent Clear Claimed Marks
[1781.148s][info][gc,marking     ] GC(280) Concurrent Clear Claimed Marks 0.033ms
[1781.148s][info][gc,marking     ] GC(280) Concurrent Cleanup for Next Mark
[1781.151s][info][gc,marking     ] GC(280) Concurrent Cleanup for Next Mark 3.222ms
[1781.151s][info][gc             ] GC(280) Concurrent Mark Cycle 901.158ms
......[1787.677s][info][gc,start       ] GC(281) Pause Young (Prepare Mixed) (G1 Evacuation Pause)
[1787.677s][info][gc,task        ] GC(281) Using 6 workers of 6 for evacuation
[1787.795s][info][gc,phases      ] GC(281)   Pre Evacuate Collection Set: 0.36ms
[1787.795s][info][gc,phases      ] GC(281)   Merge Heap Roots: 0.58ms
[1787.795s][info][gc,phases      ] GC(281)   Evacuate Collection Set: 115.69ms
[1787.795s][info][gc,phases      ] GC(281)   Post Evacuate Collection Set: 0.94ms
[1787.795s][info][gc,phases      ] GC(281)   Other: 0.08ms
[1787.795s][info][gc,heap        ] GC(281) Eden regions: 1121->0(1111)
[1787.795s][info][gc,heap        ] GC(281) Survivor regions: 107->111(154)
[1787.795s][info][gc,heap        ] GC(281) Old regions: 501->532
[1787.795s][info][gc,heap        ] GC(281) Humongous regions: 80->80
[1787.795s][info][gc,metaspace   ] GC(281) Metaspace: 28930K(29248K)->28930K(29248K) NonClass: 24047K(24192K)->24047K(24192K) Class: 4883K(5056K)->4883K(5056K)
[1787.795s][info][gc             ] GC(281) Pause Young (Prepare Mixed) (G1 Evacuation Pause) 3613M->1442M(4096M) 117.802ms
[1787.795s][info][gc,cpu         ] GC(281) User=0.70s Sys=0.00s Real=0.12s
........[1795.206s][info][gc,start       ] GC(282) Pause Young (Mixed) (G1 Evacuation Pause)
[1795.206s][info][gc,task        ] GC(282) Using 6 workers of 6 for evacuation
[1795.337s][info][gc,phases      ] GC(282)   Pre Evacuate Collection Set: 0.41ms
[1795.337s][info][gc,phases      ] GC(282)   Merge Heap Roots: 0.72ms
[1795.337s][info][gc,phases      ] GC(282)   Evacuate Collection Set: 129.34ms
[1795.337s][info][gc,phases      ] GC(282)   Post Evacuate Collection Set: 0.96ms
[1795.337s][info][gc,phases      ] GC(282)   Other: 0.09ms
[1795.337s][info][gc,heap        ] GC(282) Eden regions: 1111->0(1120)
[1795.337s][info][gc,heap        ] GC(282) Survivor regions: 111->108(153)
[1795.337s][info][gc,heap        ] GC(282) Old regions: 532->470
[1795.337s][info][gc,heap        ] GC(282) Humongous regions: 80->80
[1795.337s][info][gc,metaspace   ] GC(282) Metaspace: 28931K(29248K)->28931K(29248K) NonClass: 24048K(24192K)->24048K(24192K) Class: 4883K(5056K)->4883K(5056K)
[1795.337s][info][gc             ] GC(282) Pause Young (Mixed) (G1 Evacuation Pause) 3664M->1311M(4096M) 131.648ms
[1795.337s][info][gc,cpu         ] GC(282) User=0.79s Sys=0.00s Real=0.13s
.......[1802.834s][info][gc,start       ] GC(283) Pause Young (Concurrent Start) (G1 Evacuation Pause)
[1802.834s][info][gc,task        ] GC(283) Using 6 workers of 6 for evacuation
[1802.958s][info][gc,phases      ] GC(283)   Pre Evacuate Collection Set: 0.37ms
[1802.958s][info][gc,phases      ] GC(283)   Merge Heap Roots: 0.48ms
[1802.958s][info][gc,phases      ] GC(283)   Evacuate Collection Set: 122.14ms
[1802.958s][info][gc,phases      ] GC(283)   Post Evacuate Collection Set: 0.92ms
[1802.958s][info][gc,phases      ] GC(283)   Other: 0.10ms
[1802.958s][info][gc,heap        ] GC(283) Eden regions: 1120->0(1114)
[1802.958s][info][gc,heap        ] GC(283) Survivor regions: 108->114(154)
[1802.958s][info][gc,heap        ] GC(283) Old regions: 470->501
[1802.958s][info][gc,heap        ] GC(283) Humongous regions: 80->80
[1802.958s][info][gc,metaspace   ] GC(283) Metaspace: 28931K(29248K)->28931K(29248K) NonClass: 24048K(24192K)->24048K(24192K) Class: 4883K(5056K)->4883K(5056K)
[1802.958s][info][gc             ] GC(283) Pause Young (Concurrent Start) (G1 Evacuation Pause) 3551M->1387M(4096M) 124.168ms
[1802.958s][info][gc             ] GC(284) Concurrent Mark Cycle
[1802.958s][info][gc,marking     ] GC(284) Concurrent Scan Root Regions
[1802.958s][info][gc,cpu         ] GC(283) User=0.74s Sys=0.00s Real=0.13s
.[1803.096s][info][gc,marking     ] GC(284) Concurrent Scan Root Regions 137.665ms
[1803.096s][info][gc,marking     ] GC(284) Concurrent Mark
[1803.096s][info][gc,marking     ] GC(284) Concurrent Mark From Roots
[1803.096s][info][gc,task        ] GC(284) Using 2 workers of 2 for marking
[1803.704s][info][gc,marking     ] GC(284) Concurrent Mark From Roots 607.608ms
[1803.704s][info][gc,marking     ] GC(284) Concurrent Preclean
[1803.704s][info][gc,marking     ] GC(284) Concurrent Preclean 0.056ms
[1803.704s][info][gc,start       ] GC(284) Pause Remark
[1803.706s][info][gc             ] GC(284) Pause Remark 1645M->1645M(4096M) 2.459ms
[1803.706s][info][gc,cpu         ] GC(284) User=0.01s Sys=0.00s Real=0.01s
[1803.707s][info][gc,marking     ] GC(284) Concurrent Mark 610.409ms
[1803.707s][info][gc,marking     ] GC(284) Concurrent Rebuild Remembered Sets and Scrub Regions
[1803.954s][info][gc,marking     ] GC(284) Concurrent Rebuild Remembered Sets and Scrub Regions 247.735ms
[1803.954s][info][gc,start       ] GC(284) Pause Cleanup
[1803.955s][info][gc             ] GC(284) Pause Cleanup 1705M->1705M(4096M) 0.781ms
[1803.955s][info][gc,cpu         ] GC(284) User=0.00s Sys=0.00s Real=0.01s
[1803.955s][info][gc,marking     ] GC(284) Concurrent Clear Claimed Marks
[1803.955s][info][gc,marking     ] GC(284) Concurrent Clear Claimed Marks 0.037ms
[1803.955s][info][gc,marking     ] GC(284) Concurrent Cleanup for Next Mark
[1803.959s][info][gc,marking     ] GC(284) Concurrent Cleanup for Next Mark 3.178ms
[1803.959s][info][gc             ] GC(284) Concurrent Mark Cycle 1000.184ms
.......[1810.445s][info][gc,start       ] GC(285) Pause Young (Prepare Mixed) (G1 Evacuation Pause)
[1810.445s][info][gc,task        ] GC(285) Using 6 workers of 6 for evacuation
[1810.561s][info][gc,phases      ] GC(285)   Pre Evacuate Collection Set: 0.36ms
[1810.561s][info][gc,phases      ] GC(285)   Merge Heap Roots: 0.55ms
[1810.561s][info][gc,phases      ] GC(285)   Evacuate Collection Set: 113.98ms
[1810.561s][info][gc,phases      ] GC(285)   Post Evacuate Collection Set: 0.94ms
[1810.561s][info][gc,phases      ] GC(285)   Other: 0.09ms
[1810.561s][info][gc,heap        ] GC(285) Eden regions: 1114->0(1114)
[1810.561s][info][gc,heap        ] GC(285) Survivor regions: 114->109(154)
[1810.561s][info][gc,heap        ] GC(285) Old regions: 501->533
[1810.561s][info][gc,heap        ] GC(285) Humongous regions: 80->80
[1810.561s][info][gc,metaspace   ] GC(285) Metaspace: 28931K(29248K)->28931K(29248K) NonClass: 24048K(24192K)->24048K(24192K) Class: 4883K(5056K)->4883K(5056K)
[1810.561s][info][gc             ] GC(285) Pause Young (Prepare Mixed) (G1 Evacuation Pause) 3615M->1440M(4096M) 116.053ms
[1810.561s][info][gc,cpu         ] GC(285) User=0.69s Sys=0.00s Real=0.11s
.......[1817.870s][info][gc,start       ] GC(286) Pause Young (Mixed) (G1 Evacuation Pause)
[1817.871s][info][gc,task        ] GC(286) Using 6 workers of 6 for evacuation
[1818.001s][info][gc,phases      ] GC(286)   Pre Evacuate Collection Set: 0.38ms
[1818.001s][info][gc,phases      ] GC(286)   Merge Heap Roots: 0.61ms
[1818.001s][info][gc,phases      ] GC(286)   Evacuate Collection Set: 128.58ms
[1818.001s][info][gc,phases      ] GC(286)   Post Evacuate Collection Set: 0.94ms
[1818.001s][info][gc,phases      ] GC(286)   Other: 0.10ms
[1818.001s][info][gc,heap        ] GC(286) Eden regions: 1114->0(1120)
[1818.001s][info][gc,heap        ] GC(286) Survivor regions: 109->108(153)
[1818.001s][info][gc,heap        ] GC(286) Old regions: 533->468
[1818.001s][info][gc,heap        ] GC(286) Humongous regions: 80->80
[1818.001s][info][gc,metaspace   ] GC(286) Metaspace: 28931K(29248K)->28931K(29248K) NonClass: 24048K(24192K)->24048K(24192K) Class: 4883K(5056K)->4883K(5056K)
[1818.001s][info][gc             ] GC(286) Pause Young (Mixed) (G1 Evacuation Pause) 3668M->1309M(4096M) 130.782ms
[1818.001s][info][gc,cpu         ] GC(286) User=0.78s Sys=0.00s Real=0.13s
..... (rIR:aIR:PR = 2491:2492:2492) (tPR = 37025) [OK] 
  1821s: Performance info:
         Transaction,    Success,    Partial,     Failed,   Receipts, AvgBarcode, 
             Overall,     149973,          0,          0,     142480,      59.47, 
         Response times:
             Request,    Success,    Partial,     Failed,   SkipFail,     Probes,    Samples,      min,      p50,      p90,      p95,      p99,      max, 
       TotalPurchase,     142480,          0,          0,          0,     139385,     149734,      300,     2200,     3400,     3900,    15100,   209000,
     InStorePurchase,      74975,          0,          0,          0,      73622,      78902,      300,     2100,     3300,     3800,    15400,   209000,
      OnlinePurchase,      52518,          0,          0,          0,      51299,      55023,      300,     2200,     3400,     3900,    15576,   168000,
        InstPurchase,      14987,          0,          0,          0,      14464,      15809,      400,     2100,     3200,     3700,    13600,   142000,
          AssocOfCat,        150,          0,          0,          0,        103,        167,    18800,    26000,    35000,    41600,    94920,    99000,
      AssocOfProduct,       1502,          0,          0,          0,       1353,       1610,      400,     1800,     2900,     3300,    12400,   133000,
      BusinessReport,        371,          0,          0,          0,        298,        391,    18400,    28000,    36000,    41000,    94000,   185000,
          CustBuyBeh,       1496,          0,          0,          0,       1330,       1557,      200,     2300,     3400,     3900,    20188,   135000,
       ProductReturn,       3974,          0,          0,          0,       3744,       4255,      200,     1700,     2900,     3320,    13200,   135000,

  1821s: (19%)   IR =   2629 ...[1825.373s][info][gc,start       ] GC(287) Pause Young (Concurrent Start) (G1 Evacuation Pause)
[1825.373s][info][gc,task        ] GC(287) Using 6 workers of 6 for evacuation
[1825.489s][info][gc,phases      ] GC(287)   Pre Evacuate Collection Set: 0.40ms
[1825.489s][info][gc,phases      ] GC(287)   Merge Heap Roots: 0.51ms
[1825.489s][info][gc,phases      ] GC(287)   Evacuate Collection Set: 114.56ms
[1825.489s][info][gc,phases      ] GC(287)   Post Evacuate Collection Set: 0.92ms
[1825.489s][info][gc,phases      ] GC(287)   Other: 0.11ms
[1825.489s][info][gc,heap        ] GC(287) Eden regions: 1120->0(1120)
[1825.489s][info][gc,heap        ] GC(287) Survivor regions: 108->108(154)
[1825.489s][info][gc,heap        ] GC(287) Old regions: 468->501
[1825.489s][info][gc,heap        ] GC(287) Humongous regions: 80->80
[1825.489s][info][gc,metaspace   ] GC(287) Metaspace: 28932K(29248K)->28932K(29248K) NonClass: 24048K(24192K)->24048K(24192K) Class: 4883K(5056K)->4883K(5056K)
[1825.489s][info][gc             ] GC(287) Pause Young (Concurrent Start) (G1 Evacuation Pause) 3549M->1374M(4096M) 116.623ms
[1825.489s][info][gc             ] GC(288) Concurrent Mark Cycle
[1825.489s][info][gc,marking     ] GC(288) Concurrent Scan Root Regions
[1825.489s][info][gc,cpu         ] GC(287) User=0.69s Sys=0.00s Real=0.12s
[1825.621s][info][gc,marking     ] GC(288) Concurrent Scan Root Regions 132.123ms
[1825.621s][info][gc,marking     ] GC(288) Concurrent Mark
[1825.621s][info][gc,marking     ] GC(288) Concurrent Mark From Roots
[1825.621s][info][gc,task        ] GC(288) Using 2 workers of 2 for marking
.[1826.237s][info][gc,marking     ] GC(288) Concurrent Mark From Roots 615.742ms
[1826.237s][info][gc,marking     ] GC(288) Concurrent Preclean
[1826.237s][info][gc,marking     ] GC(288) Concurrent Preclean 0.087ms
[1826.237s][info][gc,start       ] GC(288) Pause Remark
[1826.240s][info][gc             ] GC(288) Pause Remark 1630M->1630M(4096M) 2.606ms
[1826.240s][info][gc,cpu         ] GC(288) User=0.01s Sys=0.00s Real=0.00s
[1826.240s][info][gc,marking     ] GC(288) Concurrent Mark 618.685ms
[1826.240s][info][gc,marking     ] GC(288) Concurrent Rebuild Remembered Sets and Scrub Regions
[1826.475s][info][gc,marking     ] GC(288) Concurrent Rebuild Remembered Sets and Scrub Regions 235.144ms
[1826.476s][info][gc,start       ] GC(288) Pause Cleanup
[1826.476s][info][gc             ] GC(288) Pause Cleanup 1691M->1691M(4096M) 0.131ms
[1826.476s][info][gc,cpu         ] GC(288) User=0.00s Sys=0.00s Real=0.00s
[1826.476s][info][gc,marking     ] GC(288) Concurrent Clear Claimed Marks
[1826.476s][info][gc,marking     ] GC(288) Concurrent Clear Claimed Marks 0.033ms
[1826.476s][info][gc,marking     ] GC(288) Concurrent Cleanup for Next Mark
[1826.481s][info][gc,marking     ] GC(288) Concurrent Cleanup for Next Mark 4.624ms
[1826.481s][info][gc             ] GC(288) Concurrent Mark Cycle 991.626ms
..|....[1832.619s][info][gc,start       ] GC(289) Pause Young (Prepare Mixed) (G1 Evacuation Pause)
[1832.619s][info][gc,task        ] GC(289) Using 6 workers of 6 for evacuation
[1832.738s][info][gc,phases      ] GC(289)   Pre Evacuate Collection Set: 0.34ms
[1832.738s][info][gc,phases      ] GC(289)   Merge Heap Roots: 0.65ms
[1832.738s][info][gc,phases      ] GC(289)   Evacuate Collection Set: 116.07ms
[1832.738s][info][gc,phases      ] GC(289)   Post Evacuate Collection Set: 0.95ms
[1832.738s][info][gc,phases      ] GC(289)   Other: 0.08ms
[1832.738s][info][gc,heap        ] GC(289) Eden regions: 1120->0(1113)
[1832.738s][info][gc,heap        ] GC(289) Survivor regions: 108->110(154)
[1832.738s][info][gc,heap        ] GC(289) Old regions: 501->532
[1832.738s][info][gc,heap        ] GC(289) Humongous regions: 80->80
[1832.738s][info][gc,metaspace   ] GC(289) Metaspace: 28932K(29248K)->28932K(29248K) NonClass: 24048K(24192K)->24048K(24192K) Class: 4883K(5056K)->4883K(5056K)
[1832.738s][info][gc             ] GC(289) Pause Young (Prepare Mixed) (G1 Evacuation Pause) 3614M->1439M(4096M) 118.238ms
[1832.738s][info][gc,cpu         ] GC(289) User=0.70s Sys=0.00s Real=0.12s
.......[1839.807s][info][gc,start       ] GC(290) Pause Young (Mixed) (G1 Evacuation Pause)
[1839.807s][info][gc,task        ] GC(290) Using 6 workers of 6 for evacuation
[1839.941s][info][gc,phases      ] GC(290)   Pre Evacuate Collection Set: 0.38ms
[1839.941s][info][gc,phases      ] GC(290)   Merge Heap Roots: 0.83ms
[1839.941s][info][gc,phases      ] GC(290)   Evacuate Collection Set: 131.70ms
[1839.941s][info][gc,phases      ] GC(290)   Post Evacuate Collection Set: 0.96ms
[1839.941s][info][gc,phases      ] GC(290)   Other: 0.09ms
[1839.941s][info][gc,heap        ] GC(290) Eden regions: 1113->0(1120)
[1839.941s][info][gc,heap        ] GC(290) Survivor regions: 110->108(153)
[1839.941s][info][gc,heap        ] GC(290) Old regions: 532->469
[1839.941s][info][gc,heap        ] GC(290) Humongous regions: 80->80
[1839.941s][info][gc,metaspace   ] GC(290) Metaspace: 28932K(29248K)->28932K(29248K) NonClass: 24048K(24192K)->24048K(24192K) Class: 4883K(5056K)->4883K(5056K)
[1839.941s][info][gc             ] GC(290) Pause Young (Mixed) (G1 Evacuation Pause) 3665M->1309M(4096M) 134.099ms
[1839.941s][info][gc,cpu         ] GC(290) User=0.79s Sys=0.00s Real=0.13s
.......[1846.877s][info][gc,start       ] GC(291) Pause Young (Concurrent Start) (G1 Evacuation Pause)
[1846.877s][info][gc,task        ] GC(291) Using 6 workers of 6 for evacuation
[1846.995s][info][gc,phases      ] GC(291)   Pre Evacuate Collection Set: 0.38ms
[1846.995s][info][gc,phases      ] GC(291)   Merge Heap Roots: 0.53ms
[1846.995s][info][gc,phases      ] GC(291)   Evacuate Collection Set: 115.69ms
[1846.995s][info][gc,phases      ] GC(291)   Post Evacuate Collection Set: 0.95ms
[1846.995s][info][gc,phases      ] GC(291)   Other: 0.11ms
[1846.995s][info][gc,heap        ] GC(291) Eden regions: 1120->0(1119)
[1846.995s][info][gc,heap        ] GC(291) Survivor regions: 108->109(154)
[1846.995s][info][gc,heap        ] GC(291) Old regions: 469->501
[1846.995s][info][gc,heap        ] GC(291) Humongous regions: 80->80
[1846.995s][info][gc,metaspace   ] GC(291) Metaspace: 28932K(29248K)->28932K(29248K) NonClass: 24048K(24192K)->24048K(24192K) Class: 4883K(5056K)->4883K(5056K)
[1846.995s][info][gc             ] GC(291) Pause Young (Concurrent Start) (G1 Evacuation Pause) 3549M->1377M(4096M) 117.822ms
[1846.995s][info][gc             ] GC(292) Concurrent Mark Cycle
[1846.995s][info][gc,marking     ] GC(292) Concurrent Scan Root Regions
[1846.995s][info][gc,cpu         ] GC(291) User=0.70s Sys=0.00s Real=0.12s
.[1847.131s][info][gc,marking     ] GC(292) Concurrent Scan Root Regions 136.444ms
[1847.131s][info][gc,marking     ] GC(292) Concurrent Mark
[1847.131s][info][gc,marking     ] GC(292) Concurrent Mark From Roots
[1847.131s][info][gc,task        ] GC(292) Using 2 workers of 2 for marking
[1847.742s][info][gc,marking     ] GC(292) Concurrent Mark From Roots 610.808ms
[1847.742s][info][gc,marking     ] GC(292) Concurrent Preclean
[1847.742s][info][gc,marking     ] GC(292) Concurrent Preclean 0.077ms
[1847.742s][info][gc,start       ] GC(292) Pause Remark
[1847.745s][info][gc             ] GC(292) Pause Remark 1634M->1634M(4096M) 2.604ms
[1847.745s][info][gc,cpu         ] GC(292) User=0.01s Sys=0.00s Real=0.01s
[1847.745s][info][gc,marking     ] GC(292) Concurrent Mark 613.860ms
[1847.745s][info][gc,marking     ] GC(292) Concurrent Rebuild Remembered Sets and Scrub Regions
[1847.997s][info][gc,marking     ] GC(292) Concurrent Rebuild Remembered Sets and Scrub Regions 251.812ms
[1847.997s][info][gc,start       ] GC(292) Pause Cleanup
[1847.997s][info][gc             ] GC(292) Pause Cleanup 1710M->1710M(4096M) 0.128ms
[1847.997s][info][gc,cpu         ] GC(292) User=0.00s Sys=0.00s Real=0.00s
[1847.997s][info][gc,marking     ] GC(292) Concurrent Clear Claimed Marks
[1847.997s][info][gc,marking     ] GC(292) Concurrent Clear Claimed Marks 0.032ms
[1847.997s][info][gc,marking     ] GC(292) Concurrent Cleanup for Next Mark
[1848.002s][info][gc,marking     ] GC(292) Concurrent Cleanup for Next Mark 4.350ms
[1848.002s][info][gc             ] GC(292) Concurrent Mark Cycle 1006.985ms
.......[1854.105s][info][gc,start       ] GC(293) Pause Young (Prepare Mixed) (G1 Evacuation Pause)
[1854.105s][info][gc,task        ] GC(293) Using 6 workers of 6 for evacuation
[1854.222s][info][gc,phases      ] GC(293)   Pre Evacuate Collection Set: 0.32ms
[1854.222s][info][gc,phases      ] GC(293)   Merge Heap Roots: 0.60ms
[1854.222s][info][gc,phases      ] GC(293)   Evacuate Collection Set: 115.22ms
[1854.222s][info][gc,phases      ] GC(293)   Post Evacuate Collection Set: 0.92ms
[1854.222s][info][gc,phases      ] GC(293)   Other: 0.09ms
[1854.222s][info][gc,heap        ] GC(293) Eden regions: 1119->0(1118)
[1854.222s][info][gc,heap        ] GC(293) Survivor regions: 109->107(154)
[1854.222s][info][gc,heap        ] GC(293) Old regions: 501->533
[1854.222s][info][gc,heap        ] GC(293) Humongous regions: 80->80
[1854.222s][info][gc,metaspace   ] GC(293) Metaspace: 28932K(29248K)->28932K(29248K) NonClass: 24048K(24192K)->24048K(24192K) Class: 4883K(5056K)->4883K(5056K)
[1854.222s][info][gc             ] GC(293) Pause Young (Prepare Mixed) (G1 Evacuation Pause) 3615M->1437M(4096M) 117.271ms
[1854.222s][info][gc,cpu         ] GC(293) User=0.70s Sys=0.00s Real=0.11s
.......[1861.273s][info][gc,start       ] GC(294) Pause Young (Mixed) (G1 Evacuation Pause)
[1861.273s][info][gc,task        ] GC(294) Using 6 workers of 6 for evacuation
[1861.406s][info][gc,phases      ] GC(294)   Pre Evacuate Collection Set: 0.42ms
[1861.406s][info][gc,phases      ] GC(294)   Merge Heap Roots: 0.80ms
[1861.406s][info][gc,phases      ] GC(294)   Evacuate Collection Set: 130.51ms
[1861.406s][info][gc,phases      ] GC(294)   Post Evacuate Collection Set: 0.98ms
[1861.406s][info][gc,phases      ] GC(294)   Other: 0.09ms
[1861.406s][info][gc,heap        ] GC(294) Eden regions: 1118->0(1121)
[1861.406s][info][gc,heap        ] GC(294) Survivor regions: 107->107(154)
[1861.406s][info][gc,heap        ] GC(294) Old regions: 533->469
[1861.406s][info][gc,heap        ] GC(294) Humongous regions: 80->80
[1861.406s][info][gc,metaspace   ] GC(294) Metaspace: 28932K(29248K)->28932K(29248K) NonClass: 24048K(24192K)->24048K(24192K) Class: 4883K(5056K)->4883K(5056K)
[1861.406s][info][gc             ] GC(294) Pause Young (Mixed) (G1 Evacuation Pause) 3673M->1308M(4096M) 132.936ms
[1861.406s][info][gc,cpu         ] GC(294) User=0.79s Sys=0.00s Real=0.14s
.......[1868.497s][info][gc,start       ] GC(295) Pause Young (Concurrent Start) (G1 Evacuation Pause)
[1868.497s][info][gc,task        ] GC(295) Using 6 workers of 6 for evacuation
[1868.617s][info][gc,phases      ] GC(295)   Pre Evacuate Collection Set: 0.45ms
[1868.617s][info][gc,phases      ] GC(295)   Merge Heap Roots: 0.55ms
[1868.617s][info][gc,phases      ] GC(295)   Evacuate Collection Set: 117.73ms
[1868.617s][info][gc,phases      ] GC(295)   Post Evacuate Collection Set: 0.90ms
[1868.617s][info][gc,phases      ] GC(295)   Other: 0.13ms
[1868.617s][info][gc,heap        ] GC(295) Eden regions: 1121->0(1117)
[1868.617s][info][gc,heap        ] GC(295) Survivor regions: 107->111(154)
[1868.617s][info][gc,heap        ] GC(295) Old regions: 469->501
[1868.617s][info][gc,heap        ] GC(295) Humongous regions: 80->80
[1868.617s][info][gc,metaspace   ] GC(295) Metaspace: 28932K(29248K)->28932K(29248K) NonClass: 24048K(24192K)->24048K(24192K) Class: 4883K(5056K)->4883K(5056K)
[1868.617s][info][gc             ] GC(295) Pause Young (Concurrent Start) (G1 Evacuation Pause) 3550M->1379M(4096M) 119.893ms
[1868.617s][info][gc             ] GC(296) Concurrent Mark Cycle
[1868.617s][info][gc,marking     ] GC(296) Concurrent Scan Root Regions
[1868.617s][info][gc,cpu         ] GC(295) User=0.71s Sys=0.00s Real=0.12s
[1868.752s][info][gc,marking     ] GC(296) Concurrent Scan Root Regions 134.849ms
[1868.752s][info][gc,marking     ] GC(296) Concurrent Mark
[1868.752s][info][gc,marking     ] GC(296) Concurrent Mark From Roots
[1868.752s][info][gc,task        ] GC(296) Using 2 workers of 2 for marking
.[1869.392s][info][gc,marking     ] GC(296) Concurrent Mark From Roots 640.240ms
[1869.392s][info][gc,marking     ] GC(296) Concurrent Preclean
[1869.392s][info][gc,marking     ] GC(296) Concurrent Preclean 0.062ms
[1869.392s][info][gc,start       ] GC(296) Pause Remark
[1869.395s][info][gc             ] GC(296) Pause Remark 1681M->1681M(4096M) 2.514ms
[1869.395s][info][gc,cpu         ] GC(296) User=0.02s Sys=0.00s Real=0.00s
[1869.395s][info][gc,marking     ] GC(296) Concurrent Mark 643.061ms
[1869.395s][info][gc,marking     ] GC(296) Concurrent Rebuild Remembered Sets and Scrub Regions
[1869.606s][info][gc,marking     ] GC(296) Concurrent Rebuild Remembered Sets and Scrub Regions 211.724ms
[1869.607s][info][gc,start       ] GC(296) Pause Cleanup
[1869.607s][info][gc             ] GC(296) Pause Cleanup 1750M->1750M(4096M) 0.114ms
[1869.607s][info][gc,cpu         ] GC(296) User=0.00s Sys=0.00s Real=0.00s
[1869.607s][info][gc,marking     ] GC(296) Concurrent Clear Claimed Marks
[1869.607s][info][gc,marking     ] GC(296) Concurrent Clear Claimed Marks 0.037ms
[1869.607s][info][gc,marking     ] GC(296) Concurrent Cleanup for Next Mark
[1869.612s][info][gc,marking     ] GC(296) Concurrent Cleanup for Next Mark 4.834ms
[1869.612s][info][gc             ] GC(296) Concurrent Mark Cycle 994.939ms
......[1875.612s][info][gc,start       ] GC(297) Pause Young (Prepare Mixed) (G1 Evacuation Pause)
[1875.612s][info][gc,task        ] GC(297) Using 6 workers of 6 for evacuation
[1875.728s][info][gc,phases      ] GC(297)   Pre Evacuate Collection Set: 0.34ms
[1875.728s][info][gc,phases      ] GC(297)   Merge Heap Roots: 0.59ms
[1875.728s][info][gc,phases      ] GC(297)   Evacuate Collection Set: 114.59ms
[1875.728s][info][gc,phases      ] GC(297)   Post Evacuate Collection Set: 0.91ms
[1875.728s][info][gc,phases      ] GC(297)   Other: 0.09ms
[1875.728s][info][gc,heap        ] GC(297) Eden regions: 1117->0(1114)
[1875.728s][info][gc,heap        ] GC(297) Survivor regions: 111->109(154)
[1875.728s][info][gc,heap        ] GC(297) Old regions: 501->533
[1875.728s][info][gc,heap        ] GC(297) Humongous regions: 80->80
[1875.728s][info][gc,metaspace   ] GC(297) Metaspace: 28932K(29248K)->28932K(29248K) NonClass: 24048K(24192K)->24048K(24192K) Class: 4883K(5056K)->4883K(5056K)
[1875.728s][info][gc             ] GC(297) Pause Young (Prepare Mixed) (G1 Evacuation Pause) 3613M->1439M(4096M) 116.662ms
[1875.728s][info][gc,cpu         ] GC(297) User=0.69s Sys=0.00s Real=0.12s
.......[1882.857s][info][gc,start       ] GC(298) Pause Young (Mixed) (G1 Evacuation Pause)
[1882.858s][info][gc,task        ] GC(298) Using 6 workers of 6 for evacuation
[1882.990s][info][gc,phases      ] GC(298)   Pre Evacuate Collection Set: 0.39ms
[1882.990s][info][gc,phases      ] GC(298)   Merge Heap Roots: 0.71ms
[1882.990s][info][gc,phases      ] GC(298)   Evacuate Collection Set: 129.96ms
[1882.990s][info][gc,phases      ] GC(298)   Post Evacuate Collection Set: 0.93ms
[1882.990s][info][gc,phases      ] GC(298)   Other: 0.10ms
[1882.990s][info][gc,heap        ] GC(298) Eden regions: 1114->0(1119)
[1882.990s][info][gc,heap        ] GC(298) Survivor regions: 109->109(153)
[1882.990s][info][gc,heap        ] GC(298) Old regions: 533->468
[1882.990s][info][gc,heap        ] GC(298) Humongous regions: 80->80
[1882.990s][info][gc,metaspace   ] GC(298) Metaspace: 28933K(29248K)->28933K(29248K) NonClass: 24049K(24192K)->24049K(24192K) Class: 4883K(5056K)->4883K(5056K)
[1882.990s][info][gc             ] GC(298) Pause Young (Mixed) (G1 Evacuation Pause) 3667M->1310M(4096M) 132.199ms
[1882.990s][info][gc,cpu         ] GC(298) User=0.79s Sys=0.00s Real=0.13s
...... (rIR:aIR:PR = 2629:2630:2630) (tPR = 39066) [OK] 
  1887s: Performance info:
         Transaction,    Success,    Partial,     Failed,   Receipts, AvgBarcode, 
             Overall,     157917,          0,          0,     150030,      59.47, 
         Response times:
             Request,    Success,    Partial,     Failed,   SkipFail,     Probes,    Samples,      min,      p50,      p90,      p95,      p99,      max, 
       TotalPurchase,     150030,          0,          0,          0,     147138,     163029,      300,     2200,     3500,     4000,    15500,   141000,
     InStorePurchase,      78998,          0,          0,          0,      77667,      85939,      300,     2300,     3500,     4000,    16100,   139000,
      OnlinePurchase,      55247,          0,          0,          0,      54267,      59992,      300,     2100,     3500,     4000,    14700,   141000,
        InstPurchase,      15785,          0,          0,          0,      15204,      17098,      400,     2300,     3500,     4000,    14500,   139000,
          AssocOfCat,        159,          0,          0,          0,        111,        166,    18700,    27000,    35300,    38000,   152970,   159000,
      AssocOfProduct,       1584,          0,          0,          0,       1429,       1694,      500,     2800,     3600,     4000,    14400,   136000,
      BusinessReport,        396,          0,          0,          0,        318,        405,    19900,    30000,    38000,    43400,    70000,   166000,
          CustBuyBeh,       1576,          0,          0,          0,       1423,       1736,      500,     2100,     3400,     3800,    15730,   125000,
       ProductReturn,       4172,          0,          0,          0,       3878,       4469,      200,     1800,     3100,     3600,    13090,   137000,

  1887s: (20%)   IR =   2767 .[1889.892s][info][gc,start       ] GC(299) Pause Young (Concurrent Start) (G1 Evacuation Pause)
[1889.892s][info][gc,task        ] GC(299) Using 6 workers of 6 for evacuation
[1890.011s][info][gc,phases      ] GC(299)   Pre Evacuate Collection Set: 0.39ms
[1890.011s][info][gc,phases      ] GC(299)   Merge Heap Roots: 0.54ms
[1890.011s][info][gc,phases      ] GC(299)   Evacuate Collection Set: 117.42ms
[1890.011s][info][gc,phases      ] GC(299)   Post Evacuate Collection Set: 0.89ms
[1890.011s][info][gc,phases      ] GC(299)   Other: 0.14ms
[1890.012s][info][gc,heap        ] GC(299) Eden regions: 1119->0(1117)
[1890.012s][info][gc,heap        ] GC(299) Survivor regions: 109->111(154)
[1890.012s][info][gc,heap        ] GC(299) Old regions: 468->500
[1890.012s][info][gc,heap        ] GC(299) Humongous regions: 80->80
[1890.012s][info][gc,metaspace   ] GC(299) Metaspace: 28933K(29248K)->28933K(29248K) NonClass: 24049K(24192K)->24049K(24192K) Class: 4883K(5056K)->4883K(5056K)
[1890.012s][info][gc             ] GC(299) Pause Young (Concurrent Start) (G1 Evacuation Pause) 3548M->1377M(4096M) 119.525ms
[1890.012s][info][gc             ] GC(300) Concurrent Mark Cycle
[1890.012s][info][gc,marking     ] GC(300) Concurrent Scan Root Regions
[1890.012s][info][gc,cpu         ] GC(299) User=0.71s Sys=0.00s Real=0.12s
.[1890.136s][info][gc,marking     ] GC(300) Concurrent Scan Root Regions 124.679ms
[1890.136s][info][gc,marking     ] GC(300) Concurrent Mark
[1890.136s][info][gc,marking     ] GC(300) Concurrent Mark From Roots
[1890.136s][info][gc,task        ] GC(300) Using 2 workers of 2 for marking
[1890.722s][info][gc,marking     ] GC(300) Concurrent Mark From Roots 585.301ms
[1890.722s][info][gc,marking     ] GC(300) Concurrent Preclean
[1890.722s][info][gc,marking     ] GC(300) Concurrent Preclean 0.064ms
[1890.722s][info][gc,start       ] GC(300) Pause Remark
[1890.725s][info][gc             ] GC(300) Pause Remark 1654M->1654M(4096M) 2.452ms
[1890.725s][info][gc,cpu         ] GC(300) User=0.02s Sys=0.00s Real=0.00s
[1890.725s][info][gc,marking     ] GC(300) Concurrent Mark 588.305ms
[1890.725s][info][gc,marking     ] GC(300) Concurrent Rebuild Remembered Sets and Scrub Regions
[1890.947s][info][gc,marking     ] GC(300) Concurrent Rebuild Remembered Sets and Scrub Regions 222.063ms
[1890.947s][info][gc,start       ] GC(300) Pause Cleanup
[1890.947s][info][gc             ] GC(300) Pause Cleanup 1709M->1709M(4096M) 0.139ms
[1890.947s][info][gc,cpu         ] GC(300) User=0.00s Sys=0.00s Real=0.00s
[1890.947s][info][gc,marking     ] GC(300) Concurrent Clear Claimed Marks
[1890.947s][info][gc,marking     ] GC(300) Concurrent Clear Claimed Marks 0.028ms
[1890.947s][info][gc,marking     ] GC(300) Concurrent Cleanup for Next Mark
[1890.950s][info][gc,marking     ] GC(300) Concurrent Cleanup for Next Mark 3.253ms
[1890.950s][info][gc             ] GC(300) Concurrent Mark Cycle 938.861ms
....|..[1896.740s][info][gc,start       ] GC(301) Pause Young (Prepare Mixed) (G1 Evacuation Pause)
[1896.740s][info][gc,task        ] GC(301) Using 6 workers of 6 for evacuation
[1896.857s][info][gc,phases      ] GC(301)   Pre Evacuate Collection Set: 0.34ms
[1896.857s][info][gc,phases      ] GC(301)   Merge Heap Roots: 0.57ms
[1896.857s][info][gc,phases      ] GC(301)   Evacuate Collection Set: 114.56ms
[1896.857s][info][gc,phases      ] GC(301)   Post Evacuate Collection Set: 0.94ms
[1896.857s][info][gc,phases      ] GC(301)   Other: 0.08ms
[1896.857s][info][gc,heap        ] GC(301) Eden regions: 1117->0(1117)
[1896.857s][info][gc,heap        ] GC(301) Survivor regions: 111->108(154)
[1896.857s][info][gc,heap        ] GC(301) Old regions: 500->532
[1896.857s][info][gc,heap        ] GC(301) Humongous regions: 80->80
[1896.857s][info][gc,metaspace   ] GC(301) Metaspace: 28933K(29248K)->28933K(29248K) NonClass: 24049K(24192K)->24049K(24192K) Class: 4883K(5056K)->4883K(5056K)
[1896.857s][info][gc             ] GC(301) Pause Young (Prepare Mixed) (G1 Evacuation Pause) 3611M->1435M(4096M) 116.632ms
[1896.857s][info][gc,cpu         ] GC(301) User=0.70s Sys=0.00s Real=0.12s
.......[1903.445s][info][gc,start       ] GC(302) Pause Young (Mixed) (G1 Evacuation Pause)
[1903.445s][info][gc,task        ] GC(302) Using 6 workers of 6 for evacuation
[1903.580s][info][gc,phases      ] GC(302)   Pre Evacuate Collection Set: 0.43ms
[1903.580s][info][gc,phases      ] GC(302)   Merge Heap Roots: 0.81ms
[1903.580s][info][gc,phases      ] GC(302)   Evacuate Collection Set: 132.65ms
[1903.580s][info][gc,phases      ] GC(302)   Post Evacuate Collection Set: 0.97ms
[1903.580s][info][gc,phases      ] GC(302)   Other: 0.09ms
[1903.580s][info][gc,heap        ] GC(302) Eden regions: 1117->0(1121)
[1903.580s][info][gc,heap        ] GC(302) Survivor regions: 108->107(154)
[1903.580s][info][gc,heap        ] GC(302) Old regions: 532->469
[1903.580s][info][gc,heap        ] GC(302) Humongous regions: 80->80
[1903.580s][info][gc,metaspace   ] GC(302) Metaspace: 28933K(29248K)->28933K(29248K) NonClass: 24049K(24192K)->24049K(24192K) Class: 4883K(5056K)->4883K(5056K)
[1903.580s][info][gc             ] GC(302) Pause Young (Mixed) (G1 Evacuation Pause) 3669M->1309M(4096M) 135.087ms
[1903.580s][info][gc,cpu         ] GC(302) User=0.80s Sys=0.00s Real=0.13s
.......[1910.371s][info][gc,start       ] GC(303) Pause Young (Concurrent Start) (G1 Evacuation Pause)
[1910.371s][info][gc,task        ] GC(303) Using 6 workers of 6 for evacuation
[1910.489s][info][gc,phases      ] GC(303)   Pre Evacuate Collection Set: 0.38ms
[1910.489s][info][gc,phases      ] GC(303)   Merge Heap Roots: 0.51ms
[1910.489s][info][gc,phases      ] GC(303)   Evacuate Collection Set: 116.06ms
[1910.489s][info][gc,phases      ] GC(303)   Post Evacuate Collection Set: 0.90ms
[1910.489s][info][gc,phases      ] GC(303)   Other: 0.11ms
[1910.489s][info][gc,heap        ] GC(303) Eden regions: 1121->0(1118)
[1910.489s][info][gc,heap        ] GC(303) Survivor regions: 107->110(154)
[1910.489s][info][gc,heap        ] GC(303) Old regions: 469->501
[1910.489s][info][gc,heap        ] GC(303) Humongous regions: 80->80
[1910.489s][info][gc,metaspace   ] GC(303) Metaspace: 28933K(29248K)->28933K(29248K) NonClass: 24049K(24192K)->24049K(24192K) Class: 4883K(5056K)->4883K(5056K)
[1910.489s][info][gc             ] GC(303) Pause Young (Concurrent Start) (G1 Evacuation Pause) 3551M->1379M(4096M) 118.083ms
[1910.489s][info][gc             ] GC(304) Concurrent Mark Cycle
[1910.489s][info][gc,marking     ] GC(304) Concurrent Scan Root Regions
[1910.489s][info][gc,cpu         ] GC(303) User=0.70s Sys=0.00s Real=0.12s
[1910.625s][info][gc,marking     ] GC(304) Concurrent Scan Root Regions 135.379ms
[1910.625s][info][gc,marking     ] GC(304) Concurrent Mark
[1910.625s][info][gc,marking     ] GC(304) Concurrent Mark From Roots
[1910.625s][info][gc,task        ] GC(304) Using 2 workers of 2 for marking
.[1911.234s][info][gc,marking     ] GC(304) Concurrent Mark From Roots 609.598ms
[1911.234s][info][gc,marking     ] GC(304) Concurrent Preclean
[1911.234s][info][gc,marking     ] GC(304) Concurrent Preclean 0.052ms
[1911.234s][info][gc,start       ] GC(304) Pause Remark
[1911.237s][info][gc             ] GC(304) Pause Remark 1665M->1665M(4096M) 2.667ms
[1911.237s][info][gc,cpu         ] GC(304) User=0.01s Sys=0.00s Real=0.01s
[1911.237s][info][gc,marking     ] GC(304) Concurrent Mark 612.567ms
[1911.237s][info][gc,marking     ] GC(304) Concurrent Rebuild Remembered Sets and Scrub Regions
[1911.490s][info][gc,marking     ] GC(304) Concurrent Rebuild Remembered Sets and Scrub Regions 252.726ms
[1911.490s][info][gc,start       ] GC(304) Pause Cleanup
[1911.490s][info][gc             ] GC(304) Pause Cleanup 1765M->1765M(4096M) 0.129ms
[1911.490s][info][gc,cpu         ] GC(304) User=0.00s Sys=0.00s Real=0.00s
[1911.490s][info][gc,marking     ] GC(304) Concurrent Clear Claimed Marks
[1911.490s][info][gc,marking     ] GC(304) Concurrent Clear Claimed Marks 0.046ms
[1911.490s][info][gc,marking     ] GC(304) Concurrent Cleanup for Next Mark
[1911.494s][info][gc,marking     ] GC(304) Concurrent Cleanup for Next Mark 3.551ms
[1911.494s][info][gc             ] GC(304) Concurrent Mark Cycle 1004.745ms
......[1917.187s][info][gc,start       ] GC(305) Pause Young (Prepare Mixed) (G1 Evacuation Pause)
[1917.187s][info][gc,task        ] GC(305) Using 6 workers of 6 for evacuation
[1917.303s][info][gc,phases      ] GC(305)   Pre Evacuate Collection Set: 0.32ms
[1917.303s][info][gc,phases      ] GC(305)   Merge Heap Roots: 0.53ms
[1917.303s][info][gc,phases      ] GC(305)   Evacuate Collection Set: 114.25ms
[1917.303s][info][gc,phases      ] GC(305)   Post Evacuate Collection Set: 0.95ms
[1917.303s][info][gc,phases      ] GC(305)   Other: 0.08ms
[1917.303s][info][gc,heap        ] GC(305) Eden regions: 1118->0(1115)
[1917.303s][info][gc,heap        ] GC(305) Survivor regions: 110->109(154)
[1917.303s][info][gc,heap        ] GC(305) Old regions: 501->532
[1917.303s][info][gc,heap        ] GC(305) Humongous regions: 80->80
[1917.303s][info][gc,metaspace   ] GC(305) Metaspace: 28933K(29248K)->28933K(29248K) NonClass: 24049K(24192K)->24049K(24192K) Class: 4883K(5056K)->4883K(5056K)
[1917.303s][info][gc             ] GC(305) Pause Young (Prepare Mixed) (G1 Evacuation Pause) 3615M->1439M(4096M) 116.290ms
[1917.303s][info][gc,cpu         ] GC(305) User=0.69s Sys=0.00s Real=0.11s
......[1924.071s][info][gc,start       ] GC(306) Pause Young (Mixed) (G1 Evacuation Pause)
[1924.071s][info][gc,task        ] GC(306) Using 6 workers of 6 for evacuation
[1924.204s][info][gc,phases      ] GC(306)   Pre Evacuate Collection Set: 0.39ms
[1924.204s][info][gc,phases      ] GC(306)   Merge Heap Roots: 0.71ms
[1924.204s][info][gc,phases      ] GC(306)   Evacuate Collection Set: 131.06ms
[1924.204s][info][gc,phases      ] GC(306)   Post Evacuate Collection Set: 0.95ms
[1924.204s][info][gc,phases      ] GC(306)   Other: 0.09ms
[1924.204s][info][gc,heap        ] GC(306) Eden regions: 1115->0(1120)
[1924.204s][info][gc,heap        ] GC(306) Survivor regions: 109->108(153)
[1924.204s][info][gc,heap        ] GC(306) Old regions: 532->469
[1924.204s][info][gc,heap        ] GC(306) Humongous regions: 80->80
[1924.204s][info][gc,metaspace   ] GC(306) Metaspace: 28933K(29248K)->28933K(29248K) NonClass: 24049K(24192K)->24049K(24192K) Class: 4883K(5056K)->4883K(5056K)
[1924.204s][info][gc             ] GC(306) Pause Young (Mixed) (G1 Evacuation Pause) 3669M->1310M(4096M) 133.326ms
[1924.204s][info][gc,cpu         ] GC(306) User=0.79s Sys=0.00s Real=0.13s
.......[1930.814s][info][gc,start       ] GC(307) Pause Young (Concurrent Start) (G1 Evacuation Pause)
[1930.814s][info][gc,task        ] GC(307) Using 6 workers of 6 for evacuation
[1930.930s][info][gc,phases      ] GC(307)   Pre Evacuate Collection Set: 0.44ms
[1930.930s][info][gc,phases      ] GC(307)   Merge Heap Roots: 0.54ms
[1930.930s][info][gc,phases      ] GC(307)   Evacuate Collection Set: 113.80ms
[1930.930s][info][gc,phases      ] GC(307)   Post Evacuate Collection Set: 0.88ms
[1930.930s][info][gc,phases      ] GC(307)   Other: 0.14ms
[1930.930s][info][gc,heap        ] GC(307) Eden regions: 1120->0(1120)
[1930.930s][info][gc,heap        ] GC(307) Survivor regions: 108->108(154)
[1930.930s][info][gc,heap        ] GC(307) Old regions: 469->501
[1930.930s][info][gc,heap        ] GC(307) Humongous regions: 80->80
[1930.930s][info][gc,metaspace   ] GC(307) Metaspace: 28933K(29248K)->28933K(29248K) NonClass: 24049K(24192K)->24049K(24192K) Class: 4883K(5056K)->4883K(5056K)
[1930.930s][info][gc             ] GC(307) Pause Young (Concurrent Start) (G1 Evacuation Pause) 3550M->1373M(4096M) 115.940ms
[1930.930s][info][gc             ] GC(308) Concurrent Mark Cycle
[1930.930s][info][gc,marking     ] GC(308) Concurrent Scan Root Regions
[1930.930s][info][gc,cpu         ] GC(307) User=0.69s Sys=0.00s Real=0.12s
[1931.078s][info][gc,marking     ] GC(308) Concurrent Scan Root Regions 147.554ms
[1931.078s][info][gc,marking     ] GC(308) Concurrent Mark
[1931.078s][info][gc,marking     ] GC(308) Concurrent Mark From Roots
[1931.078s][info][gc,task        ] GC(308) Using 2 workers of 2 for marking
.[1931.719s][info][gc,marking     ] GC(308) Concurrent Mark From Roots 640.822ms
[1931.719s][info][gc,marking     ] GC(308) Concurrent Preclean
[1931.719s][info][gc,marking     ] GC(308) Concurrent Preclean 0.055ms
[1931.719s][info][gc,start       ] GC(308) Pause Remark
[1931.721s][info][gc             ] GC(308) Pause Remark 1710M->1710M(4096M) 2.353ms
[1931.721s][info][gc,cpu         ] GC(308) User=0.02s Sys=0.00s Real=0.00s
[1931.721s][info][gc,marking     ] GC(308) Concurrent Mark 643.488ms
[1931.721s][info][gc,marking     ] GC(308) Concurrent Rebuild Remembered Sets and Scrub Regions
[1931.996s][info][gc,marking     ] GC(308) Concurrent Rebuild Remembered Sets and Scrub Regions 274.080ms
[1931.996s][info][gc,start       ] GC(308) Pause Cleanup
[1931.996s][info][gc             ] GC(308) Pause Cleanup 1788M->1788M(4096M) 0.123ms
[1931.996s][info][gc,cpu         ] GC(308) User=0.00s Sys=0.00s Real=0.00s
[1931.996s][info][gc,marking     ] GC(308) Concurrent Clear Claimed Marks
[1931.996s][info][gc,marking     ] GC(308) Concurrent Clear Claimed Marks 0.030ms
[1931.996s][info][gc,marking     ] GC(308) Concurrent Cleanup for Next Mark
[1931.999s][info][gc,marking     ] GC(308) Concurrent Cleanup for Next Mark 3.149ms
[1931.999s][info][gc             ] GC(308) Concurrent Mark Cycle 1068.746ms
......[1937.583s][info][gc,start       ] GC(309) Pause Young (Prepare Mixed) (G1 Evacuation Pause)
[1937.583s][info][gc,task        ] GC(309) Using 6 workers of 6 for evacuation
[1937.701s][info][gc,phases      ] GC(309)   Pre Evacuate Collection Set: 0.30ms
[1937.701s][info][gc,phases      ] GC(309)   Merge Heap Roots: 0.54ms
[1937.701s][info][gc,phases      ] GC(309)   Evacuate Collection Set: 116.10ms
[1937.701s][info][gc,phases      ] GC(309)   Post Evacuate Collection Set: 0.98ms
[1937.701s][info][gc,phases      ] GC(309)   Other: 0.09ms
[1937.701s][info][gc,heap        ] GC(309) Eden regions: 1120->0(1114)
[1937.701s][info][gc,heap        ] GC(309) Survivor regions: 108->109(154)
[1937.701s][info][gc,heap        ] GC(309) Old regions: 501->533
[1937.701s][info][gc,heap        ] GC(309) Humongous regions: 80->80
[1937.701s][info][gc,metaspace   ] GC(309) Metaspace: 28933K(29248K)->28933K(29248K) NonClass: 24049K(24192K)->24049K(24192K) Class: 4883K(5056K)->4883K(5056K)
[1937.701s][info][gc             ] GC(309) Pause Young (Prepare Mixed) (G1 Evacuation Pause) 3613M->1439M(4096M) 118.158ms
[1937.701s][info][gc,cpu         ] GC(309) User=0.70s Sys=0.00s Real=0.12s
.......[1944.467s][info][gc,start       ] GC(310) Pause Young (Mixed) (G1 Evacuation Pause)
[1944.467s][info][gc,task        ] GC(310) Using 6 workers of 6 for evacuation
[1944.597s][info][gc,phases      ] GC(310)   Pre Evacuate Collection Set: 0.37ms
[1944.597s][info][gc,phases      ] GC(310)   Merge Heap Roots: 0.71ms
[1944.597s][info][gc,phases      ] GC(310)   Evacuate Collection Set: 128.06ms
[1944.597s][info][gc,phases      ] GC(310)   Post Evacuate Collection Set: 0.98ms
[1944.597s][info][gc,phases      ] GC(310)   Other: 0.10ms
[1944.597s][info][gc,heap        ] GC(310) Eden regions: 1114->0(1120)
[1944.597s][info][gc,heap        ] GC(310) Survivor regions: 109->108(153)
[1944.597s][info][gc,heap        ] GC(310) Old regions: 533->468
[1944.597s][info][gc,heap        ] GC(310) Humongous regions: 80->80
[1944.597s][info][gc,metaspace   ] GC(310) Metaspace: 28933K(29248K)->28933K(29248K) NonClass: 24049K(24192K)->24049K(24192K) Class: 4883K(5056K)->4883K(5056K)
[1944.597s][info][gc             ] GC(310) Pause Young (Mixed) (G1 Evacuation Pause) 3667M->1309M(4096M) 130.326ms
[1944.598s][info][gc,cpu         ] GC(310) User=0.77s Sys=0.00s Real=0.13s
.......[1951.265s][info][gc,start       ] GC(311) Pause Young (Concurrent Start) (G1 Evacuation Pause)
[1951.265s][info][gc,task        ] GC(311) Using 6 workers of 6 for evacuation
[1951.382s][info][gc,phases      ] GC(311)   Pre Evacuate Collection Set: 0.41ms
[1951.382s][info][gc,phases      ] GC(311)   Merge Heap Roots: 0.56ms
[1951.382s][info][gc,phases      ] GC(311)   Evacuate Collection Set: 114.61ms
[1951.382s][info][gc,phases      ] GC(311)   Post Evacuate Collection Set: 0.90ms
[1951.382s][info][gc,phases      ] GC(311)   Other: 0.10ms
[1951.382s][info][gc,heap        ] GC(311) Eden regions: 1120->0(1120)
[1951.382s][info][gc,heap        ] GC(311) Survivor regions: 108->108(154)
[1951.382s][info][gc,heap        ] GC(311) Old regions: 468->500
[1951.382s][info][gc,heap        ] GC(311) Humongous regions: 80->80
[1951.382s][info][gc,metaspace   ] GC(311) Metaspace: 28933K(29248K)->28933K(29248K) NonClass: 24049K(24192K)->24049K(24192K) Class: 4883K(5056K)->4883K(5056K)
[1951.382s][info][gc             ] GC(311) Pause Young (Concurrent Start) (G1 Evacuation Pause) 3549M->1372M(4096M) 116.735ms
[1951.382s][info][gc             ] GC(312) Concurrent Mark Cycle
[1951.382s][info][gc,marking     ] GC(312) Concurrent Scan Root Regions
[1951.382s][info][gc,cpu         ] GC(311) User=0.70s Sys=0.00s Real=0.11s
[1951.504s][info][gc,marking     ] GC(312) Concurrent Scan Root Regions 121.914ms
[1951.504s][info][gc,marking     ] GC(312) Concurrent Mark
[1951.504s][info][gc,marking     ] GC(312) Concurrent Mark From Roots
[1951.504s][info][gc,task        ] GC(312) Using 2 workers of 2 for marking
[1952.125s][info][gc,marking     ] GC(312) Concurrent Mark From Roots 621.037ms
[1952.125s][info][gc,marking     ] GC(312) Concurrent Preclean
[1952.125s][info][gc,marking     ] GC(312) Concurrent Preclean 0.053ms
[1952.125s][info][gc,start       ] GC(312) Pause Remark
[1952.128s][info][gc             ] GC(312) Pause Remark 1657M->1657M(4096M) 2.675ms
[1952.128s][info][gc,cpu         ] GC(312) User=0.01s Sys=0.00s Real=0.00s
[1952.128s][info][gc,marking     ] GC(312) Concurrent Mark 624.021ms
[1952.128s][info][gc,marking     ] GC(312) Concurrent Rebuild Remembered Sets and Scrub Regions
.[1952.369s][info][gc,marking     ] GC(312) Concurrent Rebuild Remembered Sets and Scrub Regions 240.534ms
[1952.369s][info][gc,start       ] GC(312) Pause Cleanup
[1952.369s][info][gc             ] GC(312) Pause Cleanup 1747M->1747M(4096M) 0.119ms
[1952.369s][info][gc,cpu         ] GC(312) User=0.00s Sys=0.00s Real=0.00s
[1952.369s][info][gc,marking     ] GC(312) Concurrent Clear Claimed Marks
[1952.369s][info][gc,marking     ] GC(312) Concurrent Clear Claimed Marks 0.029ms
[1952.369s][info][gc,marking     ] GC(312) Concurrent Cleanup for Next Mark
[1952.373s][info][gc,marking     ] GC(312) Concurrent Cleanup for Next Mark 4.395ms
[1952.374s][info][gc             ] GC(312) Concurrent Mark Cycle 991.355ms
.. (rIR:aIR:PR = 2767:2766:2766) (tPR = 41107) [OK] 
  1954s: Performance info:
         Transaction,    Success,    Partial,     Failed,   Receipts, AvgBarcode, 
             Overall,     166334,          0,          0,     157996,      59.49, 
         Response times:
             Request,    Success,    Partial,     Failed,   SkipFail,     Probes,    Samples,      min,      p50,      p90,      p95,      p99,      max, 
       TotalPurchase,     157996,          0,          0,          0,     154005,     170864,      300,     2300,     3700,     4500,    18900,   145000,
     InStorePurchase,      83152,          0,          0,          0,      81462,      90340,      300,     2300,     3700,     4500,    18600,   145000,
      OnlinePurchase,      58203,          0,          0,          0,      56431,      62428,      300,     2300,     3700,     4500,    18700,   145000,
        InstPurchase,      16641,          0,          0,          0,      16112,      18096,      400,     2600,     3900,     4800,    23000,   143000,
          AssocOfCat,        168,          0,          0,          0,        111,        152,    18200,    27000,    37700,    49050,   151110,   158000,
      AssocOfProduct,       1670,          0,          0,          0,       1498,       1806,      500,     2300,     3800,     4500,    16100,   135000,
      BusinessReport,        412,          0,          0,          0,        330,        450,    19200,    30000,    41000,    53000,   156450,   178000,
          CustBuyBeh,       1665,          0,          0,          0,       1492,       1829,      100,      600,     2900,     3300,     8540,    35000,
       ProductReturn,       4423,          0,          0,          0,       4143,       4763,      200,     1600,     3400,     4200,    16072,   137000,

  1954s: (21%)   IR =   2906 ...[1957.952s][info][gc,start       ] GC(313) Pause Young (Prepare Mixed) (G1 Evacuation Pause)
[1957.952s][info][gc,task        ] GC(313) Using 6 workers of 6 for evacuation
[1958.070s][info][gc,phases      ] GC(313)   Pre Evacuate Collection Set: 0.34ms
[1958.070s][info][gc,phases      ] GC(313)   Merge Heap Roots: 0.63ms
[1958.070s][info][gc,phases      ] GC(313)   Evacuate Collection Set: 116.16ms
[1958.070s][info][gc,phases      ] GC(313)   Post Evacuate Collection Set: 0.92ms
[1958.070s][info][gc,phases      ] GC(313)   Other: 0.08ms
[1958.070s][info][gc,heap        ] GC(313) Eden regions: 1120->0(1113)
[1958.070s][info][gc,heap        ] GC(313) Survivor regions: 108->110(154)
[1958.070s][info][gc,heap        ] GC(313) Old regions: 500->532
[1958.070s][info][gc,heap        ] GC(313) Humongous regions: 80->80
[1958.070s][info][gc,metaspace   ] GC(313) Metaspace: 28933K(29248K)->28933K(29248K) NonClass: 24049K(24192K)->24049K(24192K) Class: 4883K(5056K)->4883K(5056K)
[1958.070s][info][gc             ] GC(313) Pause Young (Prepare Mixed) (G1 Evacuation Pause) 3612M->1439M(4096M) 118.278ms
[1958.070s][info][gc,cpu         ] GC(313) User=0.70s Sys=0.00s Real=0.12s
..|.....[1964.398s][info][gc,start       ] GC(314) Pause Young (Mixed) (G1 Evacuation Pause)
[1964.398s][info][gc,task        ] GC(314) Using 6 workers of 6 for evacuation
[1964.536s][info][gc,phases      ] GC(314)   Pre Evacuate Collection Set: 0.40ms
[1964.536s][info][gc,phases      ] GC(314)   Merge Heap Roots: 0.74ms
[1964.536s][info][gc,phases      ] GC(314)   Evacuate Collection Set: 134.90ms
[1964.536s][info][gc,phases      ] GC(314)   Post Evacuate Collection Set: 0.99ms
[1964.536s][info][gc,phases      ] GC(314)   Other: 0.09ms
[1964.536s][info][gc,heap        ] GC(314) Eden regions: 1113->0(1117)
[1964.536s][info][gc,heap        ] GC(314) Survivor regions: 110->111(153)
[1964.536s][info][gc,heap        ] GC(314) Old regions: 532->468
[1964.536s][info][gc,heap        ] GC(314) Humongous regions: 80->80
[1964.536s][info][gc,metaspace   ] GC(314) Metaspace: 28933K(29248K)->28933K(29248K) NonClass: 24049K(24192K)->24049K(24192K) Class: 4883K(5056K)->4883K(5056K)
[1964.536s][info][gc             ] GC(314) Pause Young (Mixed) (G1 Evacuation Pause) 3665M->1314M(4096M) 137.258ms
[1964.536s][info][gc,cpu         ] GC(314) User=0.82s Sys=0.00s Real=0.14s
......[1970.877s][info][gc,start       ] GC(315) Pause Young (Concurrent Start) (G1 Evacuation Pause)
[1970.878s][info][gc,task        ] GC(315) Using 6 workers of 6 for evacuation
[1970.995s][info][gc,phases      ] GC(315)   Pre Evacuate Collection Set: 0.46ms
[1970.995s][info][gc,phases      ] GC(315)   Merge Heap Roots: 0.56ms
[1970.995s][info][gc,phases      ] GC(315)   Evacuate Collection Set: 115.82ms
[1970.995s][info][gc,phases      ] GC(315)   Post Evacuate Collection Set: 0.92ms
[1970.995s][info][gc,phases      ] GC(315)   Other: 0.12ms
[1970.995s][info][gc,heap        ] GC(315) Eden regions: 1117->0(1117)
[1970.995s][info][gc,heap        ] GC(315) Survivor regions: 111->111(154)
[1970.995s][info][gc,heap        ] GC(315) Old regions: 468->501
[1970.995s][info][gc,heap        ] GC(315) Humongous regions: 80->80
[1970.995s][info][gc,metaspace   ] GC(315) Metaspace: 28933K(29248K)->28933K(29248K) NonClass: 24049K(24192K)->24049K(24192K) Class: 4883K(5056K)->4883K(5056K)
[1970.995s][info][gc             ] GC(315) Pause Young (Concurrent Start) (G1 Evacuation Pause) 3548M->1379M(4096M) 118.023ms
[1970.996s][info][gc             ] GC(316) Concurrent Mark Cycle
[1970.996s][info][gc,marking     ] GC(316) Concurrent Scan Root Regions
[1970.996s][info][gc,cpu         ] GC(315) User=0.70s Sys=0.00s Real=0.12s
[1971.132s][info][gc,marking     ] GC(316) Concurrent Scan Root Regions 136.142ms
[1971.132s][info][gc,marking     ] GC(316) Concurrent Mark
[1971.132s][info][gc,marking     ] GC(316) Concurrent Mark From Roots
[1971.132s][info][gc,task        ] GC(316) Using 2 workers of 2 for marking
.[1971.782s][info][gc,marking     ] GC(316) Concurrent Mark From Roots 649.799ms
[1971.782s][info][gc,marking     ] GC(316) Concurrent Preclean
[1971.782s][info][gc,marking     ] GC(316) Concurrent Preclean 0.052ms
[1971.782s][info][gc,start       ] GC(316) Pause Remark
[1971.784s][info][gc             ] GC(316) Pause Remark 1695M->1695M(4096M) 2.332ms
[1971.784s][info][gc,cpu         ] GC(316) User=0.01s Sys=0.00s Real=0.00s
[1971.784s][info][gc,marking     ] GC(316) Concurrent Mark 652.425ms
[1971.784s][info][gc,marking     ] GC(316) Concurrent Rebuild Remembered Sets and Scrub Regions
[1972.036s][info][gc,marking     ] GC(316) Concurrent Rebuild Remembered Sets and Scrub Regions 252.167ms
[1972.036s][info][gc,start       ] GC(316) Pause Cleanup
[1972.037s][info][gc             ] GC(316) Pause Cleanup 1813M->1813M(4096M) 0.130ms
[1972.037s][info][gc,cpu         ] GC(316) User=0.00s Sys=0.00s Real=0.00s
[1972.037s][info][gc,marking     ] GC(316) Concurrent Clear Claimed Marks
[1972.037s][info][gc,marking     ] GC(316) Concurrent Clear Claimed Marks 0.041ms
[1972.037s][info][gc,marking     ] GC(316) Concurrent Cleanup for Next Mark
[1972.041s][info][gc,marking     ] GC(316) Concurrent Cleanup for Next Mark 3.826ms
[1972.041s][info][gc             ] GC(316) Concurrent Mark Cycle 1045.395ms
......[1977.427s][info][gc,start       ] GC(317) Pause Young (Prepare Mixed) (G1 Evacuation Pause)
[1977.427s][info][gc,task        ] GC(317) Using 6 workers of 6 for evacuation
[1977.544s][info][gc,phases      ] GC(317)   Pre Evacuate Collection Set: 0.36ms
[1977.544s][info][gc,phases      ] GC(317)   Merge Heap Roots: 0.56ms
[1977.544s][info][gc,phases      ] GC(317)   Evacuate Collection Set: 115.34ms
[1977.544s][info][gc,phases      ] GC(317)   Post Evacuate Collection Set: 0.94ms
[1977.544s][info][gc,phases      ] GC(317)   Other: 0.10ms
[1977.544s][info][gc,heap        ] GC(317) Eden regions: 1117->0(1116)
[1977.544s][info][gc,heap        ] GC(317) Survivor regions: 111->108(154)
[1977.544s][info][gc,heap        ] GC(317) Old regions: 501->533
[1977.544s][info][gc,heap        ] GC(317) Humongous regions: 80->80
[1977.544s][info][gc,metaspace   ] GC(317) Metaspace: 28933K(29248K)->28933K(29248K) NonClass: 24049K(24192K)->24049K(24192K) Class: 4883K(5056K)->4883K(5056K)
[1977.544s][info][gc             ] GC(317) Pause Young (Prepare Mixed) (G1 Evacuation Pause) 3613M->1437M(4096M) 117.424ms
[1977.544s][info][gc,cpu         ] GC(317) User=0.69s Sys=0.00s Real=0.11s
......[1983.891s][info][gc,start       ] GC(318) Pause Young (Mixed) (G1 Evacuation Pause)
[1983.891s][info][gc,task        ] GC(318) Using 6 workers of 6 for evacuation
[1984.024s][info][gc,phases      ] GC(318)   Pre Evacuate Collection Set: 0.44ms
[1984.024s][info][gc,phases      ] GC(318)   Merge Heap Roots: 0.88ms
[1984.024s][info][gc,phases      ] GC(318)   Evacuate Collection Set: 130.74ms
[1984.024s][info][gc,phases      ] GC(318)   Post Evacuate Collection Set: 0.94ms
[1984.024s][info][gc,phases      ] GC(318)   Other: 0.10ms
[1984.024s][info][gc,heap        ] GC(318) Eden regions: 1116->0(1119)
[1984.024s][info][gc,heap        ] GC(318) Survivor regions: 108->109(153)
[1984.024s][info][gc,heap        ] GC(318) Old regions: 533->469
[1984.024s][info][gc,heap        ] GC(318) Humongous regions: 80->80
[1984.024s][info][gc,metaspace   ] GC(318) Metaspace: 28933K(29248K)->28933K(29248K) NonClass: 24049K(24192K)->24049K(24192K) Class: 4883K(5056K)->4883K(5056K)
[1984.024s][info][gc             ] GC(318) Pause Young (Mixed) (G1 Evacuation Pause) 3669M->1312M(4096M) 133.252ms
[1984.024s][info][gc,cpu         ] GC(318) User=0.79s Sys=0.00s Real=0.13s
.......[1990.394s][info][gc,start       ] GC(319) Pause Young (Concurrent Start) (G1 Evacuation Pause)
[1990.394s][info][gc,task        ] GC(319) Using 6 workers of 6 for evacuation
[1990.511s][info][gc,phases      ] GC(319)   Pre Evacuate Collection Set: 0.46ms
[1990.511s][info][gc,phases      ] GC(319)   Merge Heap Roots: 0.56ms
[1990.511s][info][gc,phases      ] GC(319)   Evacuate Collection Set: 114.43ms
[1990.511s][info][gc,phases      ] GC(319)   Post Evacuate Collection Set: 0.91ms
[1990.511s][info][gc,phases      ] GC(319)   Other: 0.13ms
[1990.511s][info][gc,heap        ] GC(319) Eden regions: 1119->0(1120)
[1990.511s][info][gc,heap        ] GC(319) Survivor regions: 109->108(154)
[1990.511s][info][gc,heap        ] GC(319) Old regions: 469->502
[1990.511s][info][gc,heap        ] GC(319) Humongous regions: 80->80
[1990.511s][info][gc,metaspace   ] GC(319) Metaspace: 28933K(29248K)->28933K(29248K) NonClass: 24049K(24192K)->24049K(24192K) Class: 4883K(5056K)->4883K(5056K)
[1990.511s][info][gc             ] GC(319) Pause Young (Concurrent Start) (G1 Evacuation Pause) 3550M->1375M(4096M) 116.621ms
[1990.511s][info][gc             ] GC(320) Concurrent Mark Cycle
[1990.511s][info][gc,marking     ] GC(320) Concurrent Scan Root Regions
[1990.511s][info][gc,cpu         ] GC(319) User=0.69s Sys=0.00s Real=0.12s
[1990.639s][info][gc,marking     ] GC(320) Concurrent Scan Root Regions 127.496ms
[1990.639s][info][gc,marking     ] GC(320) Concurrent Mark
[1990.639s][info][gc,marking     ] GC(320) Concurrent Mark From Roots
[1990.639s][info][gc,task        ] GC(320) Using 2 workers of 2 for marking
[1991.238s][info][gc,marking     ] GC(320) Concurrent Mark From Roots 599.179ms
[1991.238s][info][gc,marking     ] GC(320) Concurrent Preclean
[1991.238s][info][gc,marking     ] GC(320) Concurrent Preclean 0.061ms
[1991.238s][info][gc,start       ] GC(320) Pause Remark
[1991.241s][info][gc             ] GC(320) Pause Remark 1687M->1687M(4096M) 2.631ms
[1991.241s][info][gc,cpu         ] GC(320) User=0.02s Sys=0.00s Real=0.00s
[1991.241s][info][gc,marking     ] GC(320) Concurrent Mark 602.105ms
[1991.241s][info][gc,marking     ] GC(320) Concurrent Rebuild Remembered Sets and Scrub Regions
.[1991.461s][info][gc,marking     ] GC(320) Concurrent Rebuild Remembered Sets and Scrub Regions 219.850ms
[1991.461s][info][gc,start       ] GC(320) Pause Cleanup
[1991.461s][info][gc             ] GC(320) Pause Cleanup 1752M->1752M(4096M) 0.136ms
[1991.461s][info][gc,cpu         ] GC(320) User=0.00s Sys=0.00s Real=0.00s
[1991.461s][info][gc,marking     ] GC(320) Concurrent Clear Claimed Marks
[1991.461s][info][gc,marking     ] GC(320) Concurrent Clear Claimed Marks 0.029ms
[1991.461s][info][gc,marking     ] GC(320) Concurrent Cleanup for Next Mark
[1991.465s][info][gc,marking     ] GC(320) Concurrent Cleanup for Next Mark 4.101ms
[1991.465s][info][gc             ] GC(320) Concurrent Mark Cycle 954.072ms
.....[1996.803s][info][gc,start       ] GC(321) Pause Young (Prepare Mixed) (G1 Evacuation Pause)
[1996.803s][info][gc,task        ] GC(321) Using 6 workers of 6 for evacuation
[1996.918s][info][gc,phases      ] GC(321)   Pre Evacuate Collection Set: 0.33ms
[1996.918s][info][gc,phases      ] GC(321)   Merge Heap Roots: 0.59ms
[1996.918s][info][gc,phases      ] GC(321)   Evacuate Collection Set: 113.14ms
[1996.918s][info][gc,phases      ] GC(321)   Post Evacuate Collection Set: 0.93ms
[1996.918s][info][gc,phases      ] GC(321)   Other: 0.10ms
[1996.918s][info][gc,heap        ] GC(321) Eden regions: 1120->0(1115)
[1996.918s][info][gc,heap        ] GC(321) Survivor regions: 108->108(154)
[1996.918s][info][gc,heap        ] GC(321) Old regions: 502->534
[1996.918s][info][gc,heap        ] GC(321) Humongous regions: 80->80
[1996.918s][info][gc,metaspace   ] GC(321) Metaspace: 28933K(29248K)->28933K(29248K) NonClass: 24049K(24192K)->24049K(24192K) Class: 4883K(5056K)->4883K(5056K)
[1996.919s][info][gc             ] GC(321) Pause Young (Prepare Mixed) (G1 Evacuation Pause) 3615M->1439M(4096M) 115.213ms
[1996.919s][info][gc,cpu         ] GC(321) User=0.68s Sys=0.00s Real=0.12s
......[2003.247s][info][gc,start       ] GC(322) Pause Young (Mixed) (G1 Evacuation Pause)
[2003.247s][info][gc,task        ] GC(322) Using 6 workers of 6 for evacuation
[2003.378s][info][gc,phases      ] GC(322)   Pre Evacuate Collection Set: 0.37ms
[2003.378s][info][gc,phases      ] GC(322)   Merge Heap Roots: 0.74ms
[2003.378s][info][gc,phases      ] GC(322)   Evacuate Collection Set: 129.63ms
[2003.378s][info][gc,phases      ] GC(322)   Post Evacuate Collection Set: 0.98ms
[2003.378s][info][gc,phases      ] GC(322)   Other: 0.09ms
[2003.378s][info][gc,heap        ] GC(322) Eden regions: 1115->0(1120)
[2003.378s][info][gc,heap        ] GC(322) Survivor regions: 108->108(153)
[2003.378s][info][gc,heap        ] GC(322) Old regions: 534->469
[2003.378s][info][gc,heap        ] GC(322) Humongous regions: 80->80
[2003.378s][info][gc,metaspace   ] GC(322) Metaspace: 28933K(29248K)->28933K(29248K) NonClass: 24049K(24192K)->24049K(24192K) Class: 4883K(5056K)->4883K(5056K)
[2003.378s][info][gc             ] GC(322) Pause Young (Mixed) (G1 Evacuation Pause) 3669M->1310M(4096M) 131.934ms
[2003.379s][info][gc,cpu         ] GC(322) User=0.79s Sys=0.00s Real=0.13s
.......[2009.724s][info][gc,start       ] GC(323) Pause Young (Concurrent Start) (G1 Evacuation Pause)
[2009.724s][info][gc,task        ] GC(323) Using 6 workers of 6 for evacuation
[2009.844s][info][gc,phases      ] GC(323)   Pre Evacuate Collection Set: 0.38ms
[2009.844s][info][gc,phases      ] GC(323)   Merge Heap Roots: 0.51ms
[2009.844s][info][gc,phases      ] GC(323)   Evacuate Collection Set: 118.46ms
[2009.844s][info][gc,phases      ] GC(323)   Post Evacuate Collection Set: 0.90ms
[2009.844s][info][gc,phases      ] GC(323)   Other: 0.10ms
[2009.844s][info][gc,heap        ] GC(323) Eden regions: 1120->0(1120)
[2009.844s][info][gc,heap        ] GC(323) Survivor regions: 108->108(154)
[2009.844s][info][gc,heap        ] GC(323) Old regions: 469->500
[2009.844s][info][gc,heap        ] GC(323) Humongous regions: 80->80
[2009.844s][info][gc,metaspace   ] GC(323) Metaspace: 28933K(29248K)->28933K(29248K) NonClass: 24049K(24192K)->24049K(24192K) Class: 4883K(5056K)->4883K(5056K)
[2009.845s][info][gc             ] GC(323) Pause Young (Concurrent Start) (G1 Evacuation Pause) 3550M->1372M(4096M) 120.469ms
[2009.845s][info][gc             ] GC(324) Concurrent Mark Cycle
[2009.845s][info][gc,marking     ] GC(324) Concurrent Scan Root Regions
[2009.845s][info][gc,cpu         ] GC(323) User=0.71s Sys=0.00s Real=0.12s
[2009.963s][info][gc,marking     ] GC(324) Concurrent Scan Root Regions 118.920ms
[2009.963s][info][gc,marking     ] GC(324) Concurrent Mark
[2009.963s][info][gc,marking     ] GC(324) Concurrent Mark From Roots
[2009.963s][info][gc,task        ] GC(324) Using 2 workers of 2 for marking
.[2010.535s][info][gc,marking     ] GC(324) Concurrent Mark From Roots 571.637ms
[2010.535s][info][gc,marking     ] GC(324) Concurrent Preclean
[2010.535s][info][gc,marking     ] GC(324) Concurrent Preclean 0.055ms
[2010.535s][info][gc,start       ] GC(324) Pause Remark
[2010.538s][info][gc             ] GC(324) Pause Remark 1652M->1652M(4096M) 2.435ms
[2010.538s][info][gc,cpu         ] GC(324) User=0.01s Sys=0.00s Real=0.00s
[2010.538s][info][gc,marking     ] GC(324) Concurrent Mark 574.403ms
[2010.538s][info][gc,marking     ] GC(324) Concurrent Rebuild Remembered Sets and Scrub Regions
[2010.761s][info][gc,marking     ] GC(324) Concurrent Rebuild Remembered Sets and Scrub Regions 223.175ms
[2010.762s][info][gc,start       ] GC(324) Pause Cleanup
[2010.762s][info][gc             ] GC(324) Pause Cleanup 1742M->1742M(4096M) 0.132ms
[2010.762s][info][gc,cpu         ] GC(324) User=0.00s Sys=0.00s Real=0.00s
[2010.762s][info][gc,marking     ] GC(324) Concurrent Clear Claimed Marks
[2010.762s][info][gc,marking     ] GC(324) Concurrent Clear Claimed Marks 0.032ms
[2010.762s][info][gc,marking     ] GC(324) Concurrent Cleanup for Next Mark
[2010.766s][info][gc,marking     ] GC(324) Concurrent Cleanup for Next Mark 4.397ms
[2010.766s][info][gc             ] GC(324) Concurrent Mark Cycle 921.947ms
.....[2016.214s][info][gc,start       ] GC(325) Pause Young (Prepare Mixed) (G1 Evacuation Pause)
[2016.214s][info][gc,task        ] GC(325) Using 6 workers of 6 for evacuation
[2016.333s][info][gc,phases      ] GC(325)   Pre Evacuate Collection Set: 0.35ms
[2016.333s][info][gc,phases      ] GC(325)   Merge Heap Roots: 0.56ms
[2016.333s][info][gc,phases      ] GC(325)   Evacuate Collection Set: 116.75ms
[2016.333s][info][gc,phases      ] GC(325)   Post Evacuate Collection Set: 0.93ms
[2016.333s][info][gc,phases      ] GC(325)   Other: 0.09ms
[2016.333s][info][gc,heap        ] GC(325) Eden regions: 1120->0(1113)
[2016.333s][info][gc,heap        ] GC(325) Survivor regions: 108->110(154)
[2016.333s][info][gc,heap        ] GC(325) Old regions: 500->532
[2016.333s][info][gc,heap        ] GC(325) Humongous regions: 80->80
[2016.333s][info][gc,metaspace   ] GC(325) Metaspace: 28933K(29248K)->28933K(29248K) NonClass: 24049K(24192K)->24049K(24192K) Class: 4883K(5056K)->4883K(5056K)
[2016.333s][info][gc             ] GC(325) Pause Young (Prepare Mixed) (G1 Evacuation Pause) 3612M->1440M(4096M) 118.823ms
[2016.333s][info][gc,cpu         ] GC(325) User=0.71s Sys=0.00s Real=0.12s
.... (rIR:aIR:PR = 2906:2905:2905) (tPR = 43256) [OK] 
  2019s: Performance info:
         Transaction,    Success,    Partial,     Failed,   Receipts, AvgBarcode, 
             Overall,     174744,          0,          0,     166014,      59.46, 
         Response times:
             Request,    Success,    Partial,     Failed,   SkipFail,     Probes,    Samples,      min,      p50,      p90,      p95,      p99,      max, 
       TotalPurchase,     166014,          0,          0,          0,     162345,     177589,      300,     2400,     3900,     4700,    22000,   171000,
     InStorePurchase,      87381,          0,          0,          0,      85742,      93566,      300,     2400,     3900,     4700,    22000,   171000,
      OnlinePurchase,      61146,          0,          0,          0,      59666,      65216,      300,     2400,     3900,     4700,    21000,   152000,
        InstPurchase,      17487,          0,          0,          0,      16937,      18807,      400,     2700,     4100,     5000,    23000,   147000,
          AssocOfCat,        175,          0,          0,          0,        132,        182,    18200,    27000,    32000,    37000,   163700,   172000,
      AssocOfProduct,       1744,          0,          0,          0,       1612,       1955,      600,     3100,     4200,     5000,    33000,   133000,
      BusinessReport,        432,          0,          0,          0,        344,        466,    19700,    30000,    38000,    47000,   149660,   172000,
          CustBuyBeh,       1745,          0,          0,          0,       1584,       1888,      300,     2300,     3900,     5200,    21550,   151000,
       ProductReturn,       4634,          0,          0,          0,       4377,       4970,      200,     2700,     4100,     5000,    17500,   146000,

  2019s: (22%)   IR =   3044 ...[2022.579s][info][gc,start       ] GC(326) Pause Young (Mixed) (G1 Evacuation Pause)
[2022.579s][info][gc,task        ] GC(326) Using 6 workers of 6 for evacuation
[2022.712s][info][gc,phases      ] GC(326)   Pre Evacuate Collection Set: 0.40ms
[2022.712s][info][gc,phases      ] GC(326)   Merge Heap Roots: 0.75ms
[2022.712s][info][gc,phases      ] GC(326)   Evacuate Collection Set: 131.33ms
[2022.712s][info][gc,phases      ] GC(326)   Post Evacuate Collection Set: 1.00ms
[2022.712s][info][gc,phases      ] GC(326)   Other: 0.09ms
[2022.712s][info][gc,heap        ] GC(326) Eden regions: 1113->0(1120)
[2022.712s][info][gc,heap        ] GC(326) Survivor regions: 110->108(153)
[2022.712s][info][gc,heap        ] GC(326) Old regions: 532->468
[2022.712s][info][gc,heap        ] GC(326) Humongous regions: 80->80
[2022.712s][info][gc,metaspace   ] GC(326) Metaspace: 28933K(29248K)->28933K(29248K) NonClass: 24049K(24192K)->24049K(24192K) Class: 4883K(5056K)->4883K(5056K)
[2022.712s][info][gc             ] GC(326) Pause Young (Mixed) (G1 Evacuation Pause) 3666M->1308M(4096M) 133.701ms
[2022.712s][info][gc,cpu         ] GC(326) User=0.80s Sys=0.00s Real=0.13s
..|....[2028.791s][info][gc,start       ] GC(327) Pause Young (Concurrent Start) (G1 Evacuation Pause)
[2028.792s][info][gc,task        ] GC(327) Using 6 workers of 6 for evacuation
[2028.908s][info][gc,phases      ] GC(327)   Pre Evacuate Collection Set: 0.40ms
[2028.908s][info][gc,phases      ] GC(327)   Merge Heap Roots: 0.49ms
[2028.908s][info][gc,phases      ] GC(327)   Evacuate Collection Set: 114.81ms
[2028.908s][info][gc,phases      ] GC(327)   Post Evacuate Collection Set: 0.89ms
[2028.908s][info][gc,phases      ] GC(327)   Other: 0.10ms
[2028.908s][info][gc,heap        ] GC(327) Eden regions: 1120->0(1119)
[2028.908s][info][gc,heap        ] GC(327) Survivor regions: 108->109(154)
[2028.908s][info][gc,heap        ] GC(327) Old regions: 468->501
[2028.908s][info][gc,heap        ] GC(327) Humongous regions: 80->80
[2028.908s][info][gc,metaspace   ] GC(327) Metaspace: 28933K(29248K)->28933K(29248K) NonClass: 24050K(24192K)->24050K(24192K) Class: 4883K(5056K)->4883K(5056K)
[2028.908s][info][gc             ] GC(327) Pause Young (Concurrent Start) (G1 Evacuation Pause) 3548M->1375M(4096M) 116.834ms
[2028.908s][info][gc             ] GC(328) Concurrent Mark Cycle
[2028.908s][info][gc,marking     ] GC(328) Concurrent Scan Root Regions
[2028.908s][info][gc,cpu         ] GC(327) User=0.70s Sys=0.00s Real=0.12s
[2029.048s][info][gc,marking     ] GC(328) Concurrent Scan Root Regions 139.396ms
[2029.048s][info][gc,marking     ] GC(328) Concurrent Mark
[2029.048s][info][gc,marking     ] GC(328) Concurrent Mark From Roots
[2029.048s][info][gc,task        ] GC(328) Using 2 workers of 2 for marking
.[2029.675s][info][gc,marking     ] GC(328) Concurrent Mark From Roots 627.054ms
[2029.675s][info][gc,marking     ] GC(328) Concurrent Preclean
[2029.675s][info][gc,marking     ] GC(328) Concurrent Preclean 0.073ms
[2029.675s][info][gc,start       ] GC(328) Pause Remark
[2029.678s][info][gc             ] GC(328) Pause Remark 1692M->1692M(4096M) 2.658ms
[2029.678s][info][gc,cpu         ] GC(328) User=0.02s Sys=0.00s Real=0.00s
[2029.678s][info][gc,marking     ] GC(328) Concurrent Mark 630.083ms
[2029.678s][info][gc,marking     ] GC(328) Concurrent Rebuild Remembered Sets and Scrub Regions
[2029.919s][info][gc,marking     ] GC(328) Concurrent Rebuild Remembered Sets and Scrub Regions 240.703ms
[2029.919s][info][gc,start       ] GC(328) Pause Cleanup
[2029.919s][info][gc             ] GC(328) Pause Cleanup 1774M->1774M(4096M) 0.124ms
[2029.919s][info][gc,cpu         ] GC(328) User=0.00s Sys=0.00s Real=0.00s
[2029.919s][info][gc,marking     ] GC(328) Concurrent Clear Claimed Marks
[2029.919s][info][gc,marking     ] GC(328) Concurrent Clear Claimed Marks 0.037ms
[2029.919s][info][gc,marking     ] GC(328) Concurrent Cleanup for Next Mark
[2029.924s][info][gc,marking     ] GC(328) Concurrent Cleanup for Next Mark 4.509ms
[2029.924s][info][gc             ] GC(328) Concurrent Mark Cycle 1015.731ms
.....[2034.976s][info][gc,start       ] GC(329) Pause Young (Prepare Mixed) (G1 Evacuation Pause)
[2034.976s][info][gc,task        ] GC(329) Using 6 workers of 6 for evacuation
[2035.093s][info][gc,phases      ] GC(329)   Pre Evacuate Collection Set: 0.35ms
[2035.093s][info][gc,phases      ] GC(329)   Merge Heap Roots: 0.54ms
[2035.093s][info][gc,phases      ] GC(329)   Evacuate Collection Set: 115.45ms
[2035.094s][info][gc,phases      ] GC(329)   Post Evacuate Collection Set: 0.96ms
[2035.094s][info][gc,phases      ] GC(329)   Other: 0.09ms
[2035.094s][info][gc,heap        ] GC(329) Eden regions: 1119->0(1115)
[2035.094s][info][gc,heap        ] GC(329) Survivor regions: 109->109(154)
[2035.094s][info][gc,heap        ] GC(329) Old regions: 501->532
[2035.094s][info][gc,heap        ] GC(329) Humongous regions: 80->80
[2035.094s][info][gc,metaspace   ] GC(329) Metaspace: 28933K(29248K)->28933K(29248K) NonClass: 24050K(24192K)->24050K(24192K) Class: 4883K(5056K)->4883K(5056K)
[2035.094s][info][gc             ] GC(329) Pause Young (Prepare Mixed) (G1 Evacuation Pause) 3613M->1439M(4096M) 117.533ms
[2035.094s][info][gc,cpu         ] GC(329) User=0.70s Sys=0.00s Real=0.11s
......[2041.150s][info][gc,start       ] GC(330) Pause Young (Mixed) (G1 Evacuation Pause)
[2041.151s][info][gc,task        ] GC(330) Using 6 workers of 6 for evacuation
[2041.285s][info][gc,phases      ] GC(330)   Pre Evacuate Collection Set: 0.38ms
[2041.285s][info][gc,phases      ] GC(330)   Merge Heap Roots: 0.83ms
[2041.285s][info][gc,phases      ] GC(330)   Evacuate Collection Set: 132.12ms
[2041.285s][info][gc,phases      ] GC(330)   Post Evacuate Collection Set: 0.93ms
[2041.285s][info][gc,phases      ] GC(330)   Other: 0.09ms
[2041.285s][info][gc,heap        ] GC(330) Eden regions: 1115->0(1121)
[2041.285s][info][gc,heap        ] GC(330) Survivor regions: 109->107(153)
[2041.285s][info][gc,heap        ] GC(330) Old regions: 532->469
[2041.285s][info][gc,heap        ] GC(330) Humongous regions: 80->80
[2041.285s][info][gc,metaspace   ] GC(330) Metaspace: 28933K(29248K)->28933K(29248K) NonClass: 24050K(24192K)->24050K(24192K) Class: 4883K(5056K)->4883K(5056K)
[2041.285s][info][gc             ] GC(330) Pause Young (Mixed) (G1 Evacuation Pause) 3669M->1308M(4096M) 134.496ms
[2041.285s][info][gc,cpu         ] GC(330) User=0.80s Sys=0.00s Real=0.14s
......[2047.233s][info][gc,start       ] GC(331) Pause Young (Concurrent Start) (G1 Evacuation Pause)
[2047.233s][info][gc,task        ] GC(331) Using 6 workers of 6 for evacuation
[2047.349s][info][gc,phases      ] GC(331)   Pre Evacuate Collection Set: 0.42ms
[2047.349s][info][gc,phases      ] GC(331)   Merge Heap Roots: 0.52ms
[2047.349s][info][gc,phases      ] GC(331)   Evacuate Collection Set: 113.11ms
[2047.349s][info][gc,phases      ] GC(331)   Post Evacuate Collection Set: 0.93ms
[2047.349s][info][gc,phases      ] GC(331)   Other: 0.12ms
[2047.349s][info][gc,heap        ] GC(331) Eden regions: 1121->0(1121)
[2047.349s][info][gc,heap        ] GC(331) Survivor regions: 107->107(154)
[2047.349s][info][gc,heap        ] GC(331) Old regions: 469->501
[2047.349s][info][gc,heap        ] GC(331) Humongous regions: 80->80
[2047.349s][info][gc,metaspace   ] GC(331) Metaspace: 28933K(29248K)->28933K(29248K) NonClass: 24050K(24192K)->24050K(24192K) Class: 4883K(5056K)->4883K(5056K)
[2047.349s][info][gc             ] GC(331) Pause Young (Concurrent Start) (G1 Evacuation Pause) 3550M->1372M(4096M) 115.225ms
[2047.349s][info][gc             ] GC(332) Concurrent Mark Cycle
[2047.349s][info][gc,marking     ] GC(332) Concurrent Scan Root Regions
[2047.349s][info][gc,cpu         ] GC(331) User=0.68s Sys=0.00s Real=0.12s
.[2047.479s][info][gc,marking     ] GC(332) Concurrent Scan Root Regions 130.521ms
[2047.479s][info][gc,marking     ] GC(332) Concurrent Mark
[2047.479s][info][gc,marking     ] GC(332) Concurrent Mark From Roots
[2047.479s][info][gc,task        ] GC(332) Using 2 workers of 2 for marking
[2048.132s][info][gc,marking     ] GC(332) Concurrent Mark From Roots 652.412ms
[2048.132s][info][gc,marking     ] GC(332) Concurrent Preclean
[2048.132s][info][gc,marking     ] GC(332) Concurrent Preclean 0.065ms
[2048.132s][info][gc,start       ] GC(332) Pause Remark
[2048.135s][info][gc             ] GC(332) Pause Remark 1669M->1669M(4096M) 2.741ms
[2048.135s][info][gc,cpu         ] GC(332) User=0.02s Sys=0.00s Real=0.00s
[2048.135s][info][gc,marking     ] GC(332) Concurrent Mark 655.460ms
[2048.135s][info][gc,marking     ] GC(332) Concurrent Rebuild Remembered Sets and Scrub Regions
[2048.350s][info][gc,marking     ] GC(332) Concurrent Rebuild Remembered Sets and Scrub Regions 214.770ms
[2048.350s][info][gc,start       ] GC(332) Pause Cleanup
[2048.350s][info][gc             ] GC(332) Pause Cleanup 1736M->1736M(4096M) 0.127ms
[2048.350s][info][gc,cpu         ] GC(332) User=0.00s Sys=0.00s Real=0.00s
[2048.350s][info][gc,marking     ] GC(332) Concurrent Clear Claimed Marks
[2048.350s][info][gc,marking     ] GC(332) Concurrent Clear Claimed Marks 0.030ms
[2048.350s][info][gc,marking     ] GC(332) Concurrent Cleanup for Next Mark
[2048.354s][info][gc,marking     ] GC(332) Concurrent Cleanup for Next Mark 3.587ms
[2048.354s][info][gc             ] GC(332) Concurrent Mark Cycle 1004.853ms
......[2053.479s][info][gc,start       ] GC(333) Pause Young (Prepare Mixed) (G1 Evacuation Pause)
[2053.479s][info][gc,task        ] GC(333) Using 6 workers of 6 for evacuation
[2053.600s][info][gc,phases      ] GC(333)   Pre Evacuate Collection Set: 0.33ms
[2053.600s][info][gc,phases      ] GC(333)   Merge Heap Roots: 0.60ms
[2053.600s][info][gc,phases      ] GC(333)   Evacuate Collection Set: 118.99ms
[2053.600s][info][gc,phases      ] GC(333)   Post Evacuate Collection Set: 0.94ms
[2053.600s][info][gc,phases      ] GC(333)   Other: 0.08ms
[2053.600s][info][gc,heap        ] GC(333) Eden regions: 1121->0(1108)
[2053.600s][info][gc,heap        ] GC(333) Survivor regions: 107->112(154)
[2053.600s][info][gc,heap        ] GC(333) Old regions: 501->533
[2053.600s][info][gc,heap        ] GC(333) Humongous regions: 80->80
[2053.600s][info][gc,metaspace   ] GC(333) Metaspace: 28933K(29248K)->28933K(29248K) NonClass: 24050K(24192K)->24050K(24192K) Class: 4883K(5056K)->4883K(5056K)
[2053.600s][info][gc             ] GC(333) Pause Young (Prepare Mixed) (G1 Evacuation Pause) 3614M->1446M(4096M) 121.077ms
[2053.600s][info][gc,cpu         ] GC(333) User=0.72s Sys=0.00s Real=0.12s
......[2059.725s][info][gc,start       ] GC(334) Pause Young (Mixed) (G1 Evacuation Pause)
[2059.725s][info][gc,task        ] GC(334) Using 6 workers of 6 for evacuation
[2059.857s][info][gc,phases      ] GC(334)   Pre Evacuate Collection Set: 0.41ms
[2059.857s][info][gc,phases      ] GC(334)   Merge Heap Roots: 0.81ms
[2059.857s][info][gc,phases      ] GC(334)   Evacuate Collection Set: 130.47ms
[2059.857s][info][gc,phases      ] GC(334)   Post Evacuate Collection Set: 0.98ms
[2059.857s][info][gc,phases      ] GC(334)   Other: 0.10ms
[2059.857s][info][gc,heap        ] GC(334) Eden regions: 1108->0(1120)
[2059.857s][info][gc,heap        ] GC(334) Survivor regions: 112->108(153)
[2059.857s][info][gc,heap        ] GC(334) Old regions: 533->470
[2059.857s][info][gc,heap        ] GC(334) Humongous regions: 80->80
[2059.857s][info][gc,metaspace   ] GC(334) Metaspace: 28933K(29248K)->28933K(29248K) NonClass: 24050K(24192K)->24050K(24192K) Class: 4883K(5056K)->4883K(5056K)
[2059.858s][info][gc             ] GC(334) Pause Young (Mixed) (G1 Evacuation Pause) 3662M->1311M(4096M) 132.926ms
[2059.858s][info][gc,cpu         ] GC(334) User=0.79s Sys=0.00s Real=0.14s
......[2065.805s][info][gc,start       ] GC(335) Pause Young (Concurrent Start) (G1 Evacuation Pause)
[2065.805s][info][gc,task        ] GC(335) Using 6 workers of 6 for evacuation
[2065.927s][info][gc,phases      ] GC(335)   Pre Evacuate Collection Set: 0.39ms
[2065.927s][info][gc,phases      ] GC(335)   Merge Heap Roots: 0.53ms
[2065.927s][info][gc,phases      ] GC(335)   Evacuate Collection Set: 119.65ms
[2065.927s][info][gc,phases      ] GC(335)   Post Evacuate Collection Set: 0.90ms
[2065.927s][info][gc,phases      ] GC(335)   Other: 0.15ms
[2065.927s][info][gc,heap        ] GC(335) Eden regions: 1120->0(1115)
[2065.927s][info][gc,heap        ] GC(335) Survivor regions: 108->113(154)
[2065.927s][info][gc,heap        ] GC(335) Old regions: 470->501
[2065.927s][info][gc,heap        ] GC(335) Humongous regions: 80->80
[2065.927s][info][gc,metaspace   ] GC(335) Metaspace: 28933K(29248K)->28933K(29248K) NonClass: 24050K(24192K)->24050K(24192K) Class: 4883K(5056K)->4883K(5056K)
[2065.927s][info][gc             ] GC(335) Pause Young (Concurrent Start) (G1 Evacuation Pause) 3551M->1385M(4096M) 121.744ms
[2065.927s][info][gc             ] GC(336) Concurrent Mark Cycle
[2065.927s][info][gc,marking     ] GC(336) Concurrent Scan Root Regions
[2065.927s][info][gc,cpu         ] GC(335) User=0.72s Sys=0.00s Real=0.12s
[2066.061s][info][gc,marking     ] GC(336) Concurrent Scan Root Regions 134.356ms
[2066.061s][info][gc,marking     ] GC(336) Concurrent Mark
[2066.061s][info][gc,marking     ] GC(336) Concurrent Mark From Roots
[2066.062s][info][gc,task        ] GC(336) Using 2 workers of 2 for marking
.[2066.632s][info][gc,marking     ] GC(336) Concurrent Mark From Roots 570.846ms
[2066.632s][info][gc,marking     ] GC(336) Concurrent Preclean
[2066.632s][info][gc,marking     ] GC(336) Concurrent Preclean 0.052ms
[2066.633s][info][gc,start       ] GC(336) Pause Remark
[2066.635s][info][gc             ] GC(336) Pause Remark 1652M->1652M(4096M) 2.422ms
[2066.635s][info][gc,cpu         ] GC(336) User=0.01s Sys=0.00s Real=0.01s
[2066.635s][info][gc,marking     ] GC(336) Concurrent Mark 573.575ms
[2066.635s][info][gc,marking     ] GC(336) Concurrent Rebuild Remembered Sets and Scrub Regions
[2066.903s][info][gc,marking     ] GC(336) Concurrent Rebuild Remembered Sets and Scrub Regions 268.070ms
[2066.903s][info][gc,start       ] GC(336) Pause Cleanup
[2066.903s][info][gc             ] GC(336) Pause Cleanup 1759M->1759M(4096M) 0.131ms
[2066.903s][info][gc,cpu         ] GC(336) User=0.00s Sys=0.00s Real=0.00s
[2066.903s][info][gc,marking     ] GC(336) Concurrent Clear Claimed Marks
[2066.904s][info][gc,marking     ] GC(336) Concurrent Clear Claimed Marks 0.028ms
[2066.904s][info][gc,marking     ] GC(336) Concurrent Cleanup for Next Mark
[2066.907s][info][gc,marking     ] GC(336) Concurrent Cleanup for Next Mark 3.762ms
[2066.907s][info][gc             ] GC(336) Concurrent Mark Cycle 980.255ms
.....[2072.068s][info][gc,start       ] GC(337) Pause Young (Prepare Mixed) (G1 Evacuation Pause)
[2072.068s][info][gc,task        ] GC(337) Using 6 workers of 6 for evacuation
[2072.186s][info][gc,phases      ] GC(337)   Pre Evacuate Collection Set: 0.32ms
[2072.186s][info][gc,phases      ] GC(337)   Merge Heap Roots: 0.62ms
[2072.186s][info][gc,phases      ] GC(337)   Evacuate Collection Set: 115.60ms
[2072.186s][info][gc,phases      ] GC(337)   Post Evacuate Collection Set: 0.94ms
[2072.186s][info][gc,phases      ] GC(337)   Other: 0.08ms
[2072.186s][info][gc,heap        ] GC(337) Eden regions: 1115->0(1116)
[2072.186s][info][gc,heap        ] GC(337) Survivor regions: 113->108(154)
[2072.186s][info][gc,heap        ] GC(337) Old regions: 501->533
[2072.186s][info][gc,heap        ] GC(337) Humongous regions: 80->80
[2072.186s][info][gc,metaspace   ] GC(337) Metaspace: 28933K(29248K)->28933K(29248K) NonClass: 24050K(24192K)->24050K(24192K) Class: 4883K(5056K)->4883K(5056K)
[2072.186s][info][gc             ] GC(337) Pause Young (Prepare Mixed) (G1 Evacuation Pause) 3615M->1438M(4096M) 117.672ms
[2072.186s][info][gc,cpu         ] GC(337) User=0.69s Sys=0.01s Real=0.12s
......[2078.311s][info][gc,start       ] GC(338) Pause Young (Mixed) (G1 Evacuation Pause)
[2078.311s][info][gc,task        ] GC(338) Using 6 workers of 6 for evacuation
[2078.445s][info][gc,phases      ] GC(338)   Pre Evacuate Collection Set: 0.38ms
[2078.445s][info][gc,phases      ] GC(338)   Merge Heap Roots: 0.86ms
[2078.445s][info][gc,phases      ] GC(338)   Evacuate Collection Set: 131.59ms
[2078.445s][info][gc,phases      ] GC(338)   Post Evacuate Collection Set: 0.95ms
[2078.445s][info][gc,phases      ] GC(338)   Other: 0.09ms
[2078.445s][info][gc,heap        ] GC(338) Eden regions: 1116->0(1121)
[2078.445s][info][gc,heap        ] GC(338) Survivor regions: 108->107(153)
[2078.445s][info][gc,heap        ] GC(338) Old regions: 533->468
[2078.445s][info][gc,heap        ] GC(338) Humongous regions: 80->80
[2078.445s][info][gc,metaspace   ] GC(338) Metaspace: 28933K(29248K)->28933K(29248K) NonClass: 24050K(24192K)->24050K(24192K) Class: 4883K(5056K)->4883K(5056K)
[2078.445s][info][gc             ] GC(338) Pause Young (Mixed) (G1 Evacuation Pause) 3670M->1307M(4096M) 133.996ms
[2078.445s][info][gc,cpu         ] GC(338) User=0.80s Sys=0.00s Real=0.14s
......[2084.380s][info][gc,start       ] GC(339) Pause Young (Concurrent Start) (G1 Evacuation Pause)
[2084.380s][info][gc,task        ] GC(339) Using 6 workers of 6 for evacuation
[2084.495s][info][gc,phases      ] GC(339)   Pre Evacuate Collection Set: 0.39ms
[2084.495s][info][gc,phases      ] GC(339)   Merge Heap Roots: 0.49ms
[2084.495s][info][gc,phases      ] GC(339)   Evacuate Collection Set: 113.28ms
[2084.495s][info][gc,phases      ] GC(339)   Post Evacuate Collection Set: 0.92ms
[2084.495s][info][gc,phases      ] GC(339)   Other: 0.12ms
[2084.495s][info][gc,heap        ] GC(339) Eden regions: 1121->0(1121)
[2084.495s][info][gc,heap        ] GC(339) Survivor regions: 107->107(154)
[2084.495s][info][gc,heap        ] GC(339) Old regions: 468->500
[2084.495s][info][gc,heap        ] GC(339) Humongous regions: 80->80
[2084.495s][info][gc,metaspace   ] GC(339) Metaspace: 28933K(29248K)->28933K(29248K) NonClass: 24050K(24192K)->24050K(24192K) Class: 4883K(5056K)->4883K(5056K)
[2084.495s][info][gc             ] GC(339) Pause Young (Concurrent Start) (G1 Evacuation Pause) 3549M->1371M(4096M) 115.342ms
[2084.495s][info][gc             ] GC(340) Concurrent Mark Cycle
[2084.495s][info][gc,marking     ] GC(340) Concurrent Scan Root Regions
[2084.495s][info][gc,cpu         ] GC(339) User=0.69s Sys=0.00s Real=0.12s
. (rIR:aIR:PR = 3044:3037:3037) (tPR = 44994) [OK] 
  2084s: Performance info:
         Transaction,    Success,    Partial,     Failed,   Receipts, AvgBarcode, 
             Overall,     182465,          0,          0,     173336,      59.48, 
         Response times:
             Request,    Success,    Partial,     Failed,   SkipFail,     Probes,    Samples,      min,      p50,      p90,      p95,      p99,      max, 
       TotalPurchase,     173335,          0,          0,          0,     170072,     185085,      200,     2600,     4100,     5000,    24000,   216000,
     InStorePurchase,      91149,          0,          0,          0,      89452,      96807,      300,     2500,     4100,     4900,    23000,   216000,
      OnlinePurchase,      63955,          0,          0,          0,      62879,      68722,      200,     2700,     4200,     5000,    24000,   216000,
        InstPurchase,      18231,          0,          0,          0,      17741,      19556,      400,     2500,     4200,     5000,    23000,   216000,
          AssocOfCat,        186,          0,          0,          0,        144,        206,    17300,    26000,    34000,    38650,    53930,    60000,
      AssocOfProduct,       1832,          0,          0,          0,       1612,       1914,      700,     2200,     3600,     4425,    21000,   136000,
      BusinessReport,        459,          0,          0,          0,        379,        493,    18300,    30000,    41000,    50000,   165300,   220000,
          CustBuyBeh,       1832,          0,          0,          0,       1654,       1993,      100,     2000,     3300,     3900,    17624,   216000,
       ProductReturn,       4820,          0,          0,          0,       4542,       5169,      200,     1700,     3600,     4400,    14430,   137000,

  2084s: (23%)   IR =   3183 [2084.616s][info][gc,marking     ] GC(340) Concurrent Scan Root Regions 120.596ms
[2084.616s][info][gc,marking     ] GC(340) Concurrent Mark
[2084.616s][info][gc,marking     ] GC(340) Concurrent Mark From Roots
[2084.616s][info][gc,task        ] GC(340) Using 2 workers of 2 for marking
[2085.216s][info][gc,marking     ] GC(340) Concurrent Mark From Roots 599.811ms
[2085.216s][info][gc,marking     ] GC(340) Concurrent Preclean
[2085.216s][info][gc,marking     ] GC(340) Concurrent Preclean 0.046ms
[2085.216s][info][gc,start       ] GC(340) Pause Remark
[2085.218s][info][gc             ] GC(340) Pause Remark 1667M->1667M(4096M) 2.615ms
[2085.218s][info][gc,cpu         ] GC(340) User=0.01s Sys=0.00s Real=0.00s
[2085.219s][info][gc,marking     ] GC(340) Concurrent Mark 602.727ms
[2085.219s][info][gc,marking     ] GC(340) Concurrent Rebuild Remembered Sets and Scrub Regions
[2085.443s][info][gc,marking     ] GC(340) Concurrent Rebuild Remembered Sets and Scrub Regions 224.580ms
[2085.444s][info][gc,start       ] GC(340) Pause Cleanup
[2085.444s][info][gc             ] GC(340) Pause Cleanup 1752M->1752M(4096M) 0.134ms
[2085.444s][info][gc,cpu         ] GC(340) User=0.00s Sys=0.00s Real=0.00s
[2085.444s][info][gc,marking     ] GC(340) Concurrent Clear Claimed Marks
[2085.444s][info][gc,marking     ] GC(340) Concurrent Clear Claimed Marks 0.036ms
[2085.444s][info][gc,marking     ] GC(340) Concurrent Cleanup for Next Mark
[2085.448s][info][gc,marking     ] GC(340) Concurrent Cleanup for Next Mark 4.198ms
[2085.449s][info][gc             ] GC(340) Concurrent Mark Cycle 953.387ms
.....|[2090.403s][info][gc,start       ] GC(341) Pause Young (Prepare Mixed) (G1 Evacuation Pause)
[2090.404s][info][gc,task        ] GC(341) Using 6 workers of 6 for evacuation
[2090.523s][info][gc,phases      ] GC(341)   Pre Evacuate Collection Set: 0.35ms
[2090.523s][info][gc,phases      ] GC(341)   Merge Heap Roots: 0.55ms
[2090.523s][info][gc,phases      ] GC(341)   Evacuate Collection Set: 116.99ms
[2090.523s][info][gc,phases      ] GC(341)   Post Evacuate Collection Set: 1.02ms
[2090.523s][info][gc,phases      ] GC(341)   Other: 0.09ms
[2090.523s][info][gc,heap        ] GC(341) Eden regions: 1121->0(1115)
[2090.523s][info][gc,heap        ] GC(341) Survivor regions: 107->109(154)
[2090.523s][info][gc,heap        ] GC(341) Old regions: 500->532
[2090.523s][info][gc,heap        ] GC(341) Humongous regions: 80->80
[2090.523s][info][gc,metaspace   ] GC(341) Metaspace: 28935K(29248K)->28935K(29248K) NonClass: 24051K(24192K)->24051K(24192K) Class: 4883K(5056K)->4883K(5056K)
[2090.523s][info][gc             ] GC(341) Pause Young (Prepare Mixed) (G1 Evacuation Pause) 3613M->1438M(4096M) 119.142ms
[2090.523s][info][gc,cpu         ] GC(341) User=0.71s Sys=0.00s Real=0.12s
......[2096.307s][info][gc,start       ] GC(342) Pause Young (Mixed) (G1 Evacuation Pause)
[2096.307s][info][gc,task        ] GC(342) Using 6 workers of 6 for evacuation
[2096.438s][info][gc,phases      ] GC(342)   Pre Evacuate Collection Set: 0.40ms
[2096.438s][info][gc,phases      ] GC(342)   Merge Heap Roots: 0.74ms
[2096.438s][info][gc,phases      ] GC(342)   Evacuate Collection Set: 128.65ms
[2096.438s][info][gc,phases      ] GC(342)   Post Evacuate Collection Set: 0.98ms
[2096.438s][info][gc,phases      ] GC(342)   Other: 0.10ms
[2096.438s][info][gc,heap        ] GC(342) Eden regions: 1115->0(1119)
[2096.438s][info][gc,heap        ] GC(342) Survivor regions: 109->109(153)
[2096.438s][info][gc,heap        ] GC(342) Old regions: 532->469
[2096.438s][info][gc,heap        ] GC(342) Humongous regions: 80->80
[2096.438s][info][gc,metaspace   ] GC(342) Metaspace: 28935K(29248K)->28935K(29248K) NonClass: 24051K(24192K)->24051K(24192K) Class: 4883K(5056K)->4883K(5056K)
[2096.438s][info][gc             ] GC(342) Pause Young (Mixed) (G1 Evacuation Pause) 3668M->1312M(4096M) 130.993ms
[2096.438s][info][gc,cpu         ] GC(342) User=0.78s Sys=0.00s Real=0.13s
......[2102.224s][info][gc,start       ] GC(343) Pause Young (Concurrent Start) (G1 Evacuation Pause)
[2102.224s][info][gc,task        ] GC(343) Using 6 workers of 6 for evacuation
[2102.342s][info][gc,phases      ] GC(343)   Pre Evacuate Collection Set: 0.42ms
[2102.342s][info][gc,phases      ] GC(343)   Merge Heap Roots: 0.60ms
[2102.342s][info][gc,phases      ] GC(343)   Evacuate Collection Set: 115.75ms
[2102.342s][info][gc,phases      ] GC(343)   Post Evacuate Collection Set: 0.90ms
[2102.342s][info][gc,phases      ] GC(343)   Other: 0.13ms
[2102.342s][info][gc,heap        ] GC(343) Eden regions: 1119->0(1120)
[2102.342s][info][gc,heap        ] GC(343) Survivor regions: 109->108(154)
[2102.342s][info][gc,heap        ] GC(343) Old regions: 469->502
[2102.342s][info][gc,heap        ] GC(343) Humongous regions: 80->80
[2102.342s][info][gc,metaspace   ] GC(343) Metaspace: 28935K(29248K)->28935K(29248K) NonClass: 24051K(24192K)->24051K(24192K) Class: 4883K(5056K)->4883K(5056K)
[2102.342s][info][gc             ] GC(343) Pause Young (Concurrent Start) (G1 Evacuation Pause) 3550M->1376M(4096M) 117.924ms
[2102.342s][info][gc             ] GC(344) Concurrent Mark Cycle
[2102.342s][info][gc,marking     ] GC(344) Concurrent Scan Root Regions
[2102.342s][info][gc,cpu         ] GC(343) User=0.70s Sys=0.00s Real=0.12s
[2102.511s][info][gc,marking     ] GC(344) Concurrent Scan Root Regions 169.720ms
[2102.511s][info][gc,marking     ] GC(344) Concurrent Mark
[2102.511s][info][gc,marking     ] GC(344) Concurrent Mark From Roots
[2102.511s][info][gc,task        ] GC(344) Using 2 workers of 2 for marking
.[2103.459s][info][gc,marking     ] GC(344) Concurrent Mark From Roots 947.959ms
[2103.459s][info][gc,marking     ] GC(344) Concurrent Preclean
[2103.460s][info][gc,marking     ] GC(344) Concurrent Preclean 0.061ms
[2103.460s][info][gc,start       ] GC(344) Pause Remark
[2103.462s][info][gc             ] GC(344) Pause Remark 1861M->1861M(4096M) 2.538ms
[2103.462s][info][gc,cpu         ] GC(344) User=0.01s Sys=0.00s Real=0.00s
[2103.462s][info][gc,marking     ] GC(344) Concurrent Mark 950.812ms
[2103.462s][info][gc,marking     ] GC(344) Concurrent Rebuild Remembered Sets and Scrub Regions
.[2103.863s][info][gc,marking     ] GC(344) Concurrent Rebuild Remembered Sets and Scrub Regions 401.104ms
[2103.864s][info][gc,start       ] GC(344) Pause Cleanup
[2103.864s][info][gc             ] GC(344) Pause Cleanup 1986M->1986M(4096M) 0.119ms
[2103.864s][info][gc,cpu         ] GC(344) User=0.00s Sys=0.00s Real=0.00s
[2103.864s][info][gc,marking     ] GC(344) Concurrent Clear Claimed Marks
[2103.864s][info][gc,marking     ] GC(344) Concurrent Clear Claimed Marks 0.038ms
[2103.864s][info][gc,marking     ] GC(344) Concurrent Cleanup for Next Mark
[2103.867s][info][gc,marking     ] GC(344) Concurrent Cleanup for Next Mark 3.688ms
[2103.867s][info][gc             ] GC(344) Concurrent Mark Cycle 1525.835ms
....[2108.105s][info][gc,start       ] GC(345) Pause Young (Prepare Mixed) (G1 Evacuation Pause)
[2108.105s][info][gc,task        ] GC(345) Using 6 workers of 6 for evacuation
[2108.221s][info][gc,phases      ] GC(345)   Pre Evacuate Collection Set: 0.34ms
[2108.221s][info][gc,phases      ] GC(345)   Merge Heap Roots: 0.54ms
[2108.221s][info][gc,phases      ] GC(345)   Evacuate Collection Set: 113.61ms
[2108.221s][info][gc,phases      ] GC(345)   Post Evacuate Collection Set: 0.95ms
[2108.221s][info][gc,phases      ] GC(345)   Other: 0.10ms
[2108.221s][info][gc,heap        ] GC(345) Eden regions: 1120->0(1119)
[2108.221s][info][gc,heap        ] GC(345) Survivor regions: 108->106(154)
[2108.221s][info][gc,heap        ] GC(345) Old regions: 502->534
[2108.221s][info][gc,heap        ] GC(345) Humongous regions: 80->80
[2108.221s][info][gc,metaspace   ] GC(345) Metaspace: 28935K(29248K)->28935K(29248K) NonClass: 24051K(24192K)->24051K(24192K) Class: 4883K(5056K)->4883K(5056K)
[2108.221s][info][gc             ] GC(345) Pause Young (Prepare Mixed) (G1 Evacuation Pause) 3616M->1437M(4096M) 115.675ms
[2108.221s][info][gc,cpu         ] GC(345) User=0.69s Sys=0.00s Real=0.11s
......[2114.035s][info][gc,start       ] GC(346) Pause Young (Mixed) (G1 Evacuation Pause)
[2114.035s][info][gc,task        ] GC(346) Using 6 workers of 6 for evacuation
[2114.167s][info][gc,phases      ] GC(346)   Pre Evacuate Collection Set: 0.38ms
[2114.167s][info][gc,phases      ] GC(346)   Merge Heap Roots: 0.76ms
[2114.167s][info][gc,phases      ] GC(346)   Evacuate Collection Set: 130.43ms
[2114.167s][info][gc,phases      ] GC(346)   Post Evacuate Collection Set: 0.96ms
[2114.167s][info][gc,phases      ] GC(346)   Other: 0.09ms
[2114.167s][info][gc,heap        ] GC(346) Eden regions: 1119->0(1120)
[2114.167s][info][gc,heap        ] GC(346) Survivor regions: 106->108(154)
[2114.167s][info][gc,heap        ] GC(346) Old regions: 534->470
[2114.167s][info][gc,heap        ] GC(346) Humongous regions: 80->80
[2114.167s][info][gc,metaspace   ] GC(346) Metaspace: 28935K(29248K)->28935K(29248K) NonClass: 24051K(24192K)->24051K(24192K) Class: 4883K(5056K)->4883K(5056K)
[2114.167s][info][gc             ] GC(346) Pause Young (Mixed) (G1 Evacuation Pause) 3675M->1312M(4096M) 132.768ms
[2114.167s][info][gc,cpu         ] GC(346) User=0.79s Sys=0.00s Real=0.14s
......[2119.993s][info][gc,start       ] GC(347) Pause Young (Concurrent Start) (G1 Evacuation Pause)
[2119.993s][info][gc,task        ] GC(347) Using 6 workers of 6 for evacuation
[2120.109s][info][gc,phases      ] GC(347)   Pre Evacuate Collection Set: 0.36ms
[2120.109s][info][gc,phases      ] GC(347)   Merge Heap Roots: 0.51ms
[2120.109s][info][gc,phases      ] GC(347)   Evacuate Collection Set: 114.51ms
[2120.109s][info][gc,phases      ] GC(347)   Post Evacuate Collection Set: 0.88ms
[2120.109s][info][gc,phases      ] GC(347)   Other: 0.10ms
[2120.109s][info][gc,heap        ] GC(347) Eden regions: 1120->0(1119)
[2120.109s][info][gc,heap        ] GC(347) Survivor regions: 108->109(154)
[2120.109s][info][gc,heap        ] GC(347) Old regions: 470->502
[2120.109s][info][gc,heap        ] GC(347) Humongous regions: 80->80
[2120.109s][info][gc,metaspace   ] GC(347) Metaspace: 28935K(29248K)->28935K(29248K) NonClass: 24051K(24192K)->24051K(24192K) Class: 4883K(5056K)->4883K(5056K)
[2120.109s][info][gc             ] GC(347) Pause Young (Concurrent Start) (G1 Evacuation Pause) 3552M->1379M(4096M) 116.482ms
[2120.109s][info][gc             ] GC(348) Concurrent Mark Cycle
[2120.109s][info][gc,marking     ] GC(348) Concurrent Scan Root Regions
[2120.109s][info][gc,cpu         ] GC(347) User=0.69s Sys=0.00s Real=0.12s
[2120.280s][info][gc,marking     ] GC(348) Concurrent Scan Root Regions 170.104ms
[2120.280s][info][gc,marking     ] GC(348) Concurrent Mark
[2120.280s][info][gc,marking     ] GC(348) Concurrent Mark From Roots
[2120.280s][info][gc,task        ] GC(348) Using 2 workers of 2 for marking
.[2121.233s][info][gc,marking     ] GC(348) Concurrent Mark From Roots 953.099ms
[2121.233s][info][gc,marking     ] GC(348) Concurrent Preclean
[2121.233s][info][gc,marking     ] GC(348) Concurrent Preclean 0.062ms
[2121.233s][info][gc,start       ] GC(348) Pause Remark
[2121.236s][info][gc             ] GC(348) Pause Remark 1878M->1878M(4096M) 2.662ms
[2121.236s][info][gc,cpu         ] GC(348) User=0.01s Sys=0.00s Real=0.01s
[2121.236s][info][gc,marking     ] GC(348) Concurrent Mark 956.096ms
[2121.236s][info][gc,marking     ] GC(348) Concurrent Rebuild Remembered Sets and Scrub Regions
.[2121.592s][info][gc,marking     ] GC(348) Concurrent Rebuild Remembered Sets and Scrub Regions 356.533ms
[2121.592s][info][gc,start       ] GC(348) Pause Cleanup
[2121.593s][info][gc             ] GC(348) Pause Cleanup 2021M->2021M(4096M) 0.133ms
[2121.593s][info][gc,cpu         ] GC(348) User=0.00s Sys=0.00s Real=0.00s
[2121.593s][info][gc,marking     ] GC(348) Concurrent Clear Claimed Marks
[2121.593s][info][gc,marking     ] GC(348) Concurrent Clear Claimed Marks 0.027ms
[2121.593s][info][gc,marking     ] GC(348) Concurrent Cleanup for Next Mark
[2121.596s][info][gc,marking     ] GC(348) Concurrent Cleanup for Next Mark 3.340ms
[2121.596s][info][gc             ] GC(348) Concurrent Mark Cycle 1486.537ms
....[2125.926s][info][gc,start       ] GC(349) Pause Young (Prepare Mixed) (G1 Evacuation Pause)
[2125.926s][info][gc,task        ] GC(349) Using 6 workers of 6 for evacuation
[2126.043s][info][gc,phases      ] GC(349)   Pre Evacuate Collection Set: 0.35ms
[2126.043s][info][gc,phases      ] GC(349)   Merge Heap Roots: 0.64ms
[2126.043s][info][gc,phases      ] GC(349)   Evacuate Collection Set: 115.37ms
[2126.043s][info][gc,phases      ] GC(349)   Post Evacuate Collection Set: 0.94ms
[2126.043s][info][gc,phases      ] GC(349)   Other: 0.11ms
[2126.043s][info][gc,heap        ] GC(349) Eden regions: 1119->0(1113)
[2126.043s][info][gc,heap        ] GC(349) Survivor regions: 109->109(154)
[2126.043s][info][gc,heap        ] GC(349) Old regions: 502->534
[2126.043s][info][gc,heap        ] GC(349) Humongous regions: 80->80
[2126.043s][info][gc,metaspace   ] GC(349) Metaspace: 28935K(29248K)->28935K(29248K) NonClass: 24051K(24192K)->24051K(24192K) Class: 4883K(5056K)->4883K(5056K)
[2126.043s][info][gc             ] GC(349) Pause Young (Prepare Mixed) (G1 Evacuation Pause) 3617M->1443M(4096M) 117.546ms
[2126.043s][info][gc,cpu         ] GC(349) User=0.70s Sys=0.00s Real=0.11s
......[2131.872s][info][gc,start       ] GC(350) Pause Young (Mixed) (G1 Evacuation Pause)
[2131.872s][info][gc,task        ] GC(350) Using 6 workers of 6 for evacuation
[2132.010s][info][gc,phases      ] GC(350)   Pre Evacuate Collection Set: 0.39ms
[2132.010s][info][gc,phases      ] GC(350)   Merge Heap Roots: 0.83ms
[2132.010s][info][gc,phases      ] GC(350)   Evacuate Collection Set: 135.24ms
[2132.010s][info][gc,phases      ] GC(350)   Post Evacuate Collection Set: 1.01ms
[2132.010s][info][gc,phases      ] GC(350)   Other: 0.09ms
[2132.010s][info][gc,heap        ] GC(350) Eden regions: 1113->0(1118)
[2132.010s][info][gc,heap        ] GC(350) Survivor regions: 109->110(153)
[2132.010s][info][gc,heap        ] GC(350) Old regions: 534->470
[2132.010s][info][gc,heap        ] GC(350) Humongous regions: 80->80
[2132.010s][info][gc,metaspace   ] GC(350) Metaspace: 28935K(29248K)->28935K(29248K) NonClass: 24051K(24192K)->24051K(24192K) Class: 4883K(5056K)->4883K(5056K)
[2132.010s][info][gc             ] GC(350) Pause Young (Mixed) (G1 Evacuation Pause) 3669M->1315M(4096M) 137.688ms
[2132.010s][info][gc,cpu         ] GC(350) User=0.82s Sys=0.00s Real=0.14s
......[2137.695s][info][gc,start       ] GC(351) Pause Young (Concurrent Start) (G1 Evacuation Pause)
[2137.695s][info][gc,task        ] GC(351) Using 6 workers of 6 for evacuation
[2137.810s][info][gc,phases      ] GC(351)   Pre Evacuate Collection Set: 0.41ms
[2137.810s][info][gc,phases      ] GC(351)   Merge Heap Roots: 0.47ms
[2137.810s][info][gc,phases      ] GC(351)   Evacuate Collection Set: 113.04ms
[2137.810s][info][gc,phases      ] GC(351)   Post Evacuate Collection Set: 0.89ms
[2137.810s][info][gc,phases      ] GC(351)   Other: 0.11ms
[2137.810s][info][gc,heap        ] GC(351) Eden regions: 1118->0(1120)
[2137.810s][info][gc,heap        ] GC(351) Survivor regions: 110->108(154)
[2137.810s][info][gc,heap        ] GC(351) Old regions: 470->502
[2137.810s][info][gc,heap        ] GC(351) Humongous regions: 80->80
[2137.810s][info][gc,metaspace   ] GC(351) Metaspace: 28935K(29248K)->28935K(29248K) NonClass: 24051K(24192K)->24051K(24192K) Class: 4883K(5056K)->4883K(5056K)
[2137.810s][info][gc             ] GC(351) Pause Young (Concurrent Start) (G1 Evacuation Pause) 3551M->1376M(4096M) 115.070ms
[2137.810s][info][gc             ] GC(352) Concurrent Mark Cycle
[2137.810s][info][gc,marking     ] GC(352) Concurrent Scan Root Regions
[2137.810s][info][gc,cpu         ] GC(351) User=0.69s Sys=0.00s Real=0.11s
[2137.976s][info][gc,marking     ] GC(352) Concurrent Scan Root Regions 165.756ms
[2137.976s][info][gc,marking     ] GC(352) Concurrent Mark
[2137.976s][info][gc,marking     ] GC(352) Concurrent Mark From Roots
[2137.976s][info][gc,task        ] GC(352) Using 2 workers of 2 for marking
.[2138.974s][info][gc,marking     ] GC(352) Concurrent Mark From Roots 997.390ms
[2138.974s][info][gc,marking     ] GC(352) Concurrent Preclean
[2138.974s][info][gc,marking     ] GC(352) Concurrent Preclean 0.073ms
[2138.974s][info][gc,start       ] GC(352) Pause Remark
[2138.977s][info][gc             ] GC(352) Pause Remark 1862M->1862M(4096M) 3.114ms
[2138.977s][info][gc,cpu         ] GC(352) User=0.02s Sys=0.00s Real=0.01s
[2138.977s][info][gc,marking     ] GC(352) Concurrent Mark 1000.839ms
[2138.977s][info][gc,marking     ] GC(352) Concurrent Rebuild Remembered Sets and Scrub Regions
[2139.332s][info][gc,marking     ] GC(352) Concurrent Rebuild Remembered Sets and Scrub Regions 355.359ms
[2139.333s][info][gc,start       ] GC(352) Pause Cleanup
[2139.333s][info][gc             ] GC(352) Pause Cleanup 2008M->2008M(4096M) 0.128ms
[2139.333s][info][gc,cpu         ] GC(352) User=0.00s Sys=0.00s Real=0.00s
[2139.333s][info][gc,marking     ] GC(352) Concurrent Clear Claimed Marks
[2139.333s][info][gc,marking     ] GC(352) Concurrent Clear Claimed Marks 0.036ms
[2139.333s][info][gc,marking     ] GC(352) Concurrent Cleanup for Next Mark
[2139.337s][info][gc,marking     ] GC(352) Concurrent Cleanup for Next Mark 3.780ms
[2139.337s][info][gc             ] GC(352) Concurrent Mark Cycle 1526.253ms
.....[2143.637s][info][gc,start       ] GC(353) Pause Young (Prepare Mixed) (G1 Evacuation Pause)
[2143.638s][info][gc,task        ] GC(353) Using 6 workers of 6 for evacuation
[2143.752s][info][gc,phases      ] GC(353)   Pre Evacuate Collection Set: 0.33ms
[2143.752s][info][gc,phases      ] GC(353)   Merge Heap Roots: 0.50ms
[2143.752s][info][gc,phases      ] GC(353)   Evacuate Collection Set: 112.75ms
[2143.752s][info][gc,phases      ] GC(353)   Post Evacuate Collection Set: 0.93ms
[2143.752s][info][gc,phases      ] GC(353)   Other: 0.09ms
[2143.752s][info][gc,heap        ] GC(353) Eden regions: 1120->0(1114)
[2143.752s][info][gc,heap        ] GC(353) Survivor regions: 108->108(154)
[2143.752s][info][gc,heap        ] GC(353) Old regions: 502->535
[2143.752s][info][gc,heap        ] GC(353) Humongous regions: 80->80
[2143.752s][info][gc,metaspace   ] GC(353) Metaspace: 28935K(29248K)->28935K(29248K) NonClass: 24051K(24192K)->24051K(24192K) Class: 4883K(5056K)->4883K(5056K)
[2143.752s][info][gc             ] GC(353) Pause Young (Prepare Mixed) (G1 Evacuation Pause) 3616M->1441M(4096M) 114.724ms
[2143.752s][info][gc,cpu         ] GC(353) User=0.68s Sys=0.00s Real=0.11s
......[2149.592s][info][gc,start       ] GC(354) Pause Young (Mixed) (G1 Evacuation Pause)
[2149.592s][info][gc,task        ] GC(354) Using 6 workers of 6 for evacuation
[2149.724s][info][gc,phases      ] GC(354)   Pre Evacuate Collection Set: 0.38ms
[2149.724s][info][gc,phases      ] GC(354)   Merge Heap Roots: 0.77ms
[2149.724s][info][gc,phases      ] GC(354)   Evacuate Collection Set: 129.63ms
[2149.724s][info][gc,phases      ] GC(354)   Post Evacuate Collection Set: 0.97ms
[2149.724s][info][gc,phases      ] GC(354)   Other: 0.09ms
[2149.724s][info][gc,heap        ] GC(354) Eden regions: 1114->0(1120)
[2149.724s][info][gc,heap        ] GC(354) Survivor regions: 108->108(153)
[2149.724s][info][gc,heap        ] GC(354) Old regions: 535->473
[2149.724s][info][gc,heap        ] GC(354) Humongous regions: 80->80
[2149.724s][info][gc,metaspace   ] GC(354) Metaspace: 28935K(29248K)->28935K(29248K) NonClass: 24051K(24192K)->24051K(24192K) Class: 4883K(5056K)->4883K(5056K)
[2149.724s][info][gc             ] GC(354) Pause Young (Mixed) (G1 Evacuation Pause) 3669M->1318M(4096M) 131.961ms
[2149.724s][info][gc,cpu         ] GC(354) User=0.79s Sys=0.00s Real=0.13s
 (rIR:aIR:PR = 3183:3181:3181) (tPR = 47313) [OK] 
  2149s: Performance info:
         Transaction,    Success,    Partial,     Failed,   Receipts, AvgBarcode, 
             Overall,     190967,          0,          0,     181418,      59.47, 
         Response times:
             Request,    Success,    Partial,     Failed,   SkipFail,     Probes,    Samples,      min,      p50,      p90,      p95,      p99,      max, 
       TotalPurchase,     181418,          0,          0,          0,     178468,     193937,      300,     2700,     4300,     5200,    22000,   196000,
     InStorePurchase,      95499,          0,          0,          0,      94231,     102096,      300,     2700,     4300,     5200,    22000,   148000,
      OnlinePurchase,      66825,          0,          0,          0,      65753,      71563,      300,     2500,     4300,     5100,    21000,   148000,
        InstPurchase,      19094,          0,          0,          0,      18484,      20278,      400,     2900,     4400,     5400,    24000,   196000,
          AssocOfCat,        191,          0,          0,          0,        148,        228,    18700,    27000,    36000,    39550,    64130,   145000,
      AssocOfProduct,       1916,          0,          0,          0,       1712,       1989,      500,     3100,     4600,     5300,    13630,   144000,
      BusinessReport,        479,          0,          0,          0,        391,        505,    19600,    31000,    40000,    46700,    78640,   174000,
          CustBuyBeh,       1913,          0,          0,          0,       1690,       1975,      500,     1900,     3900,     4620,    15116,   144000,
       ProductReturn,       5050,          0,          0,          0,       4746,       5355,      200,     1500,     3300,     4100,    12400,   123000,

  2149s: (24%)   IR =   3321 .....|[2155.407s][info][gc,start       ] GC(355) Pause Young (Concurrent Start) (G1 Evacuation Pause)
[2155.407s][info][gc,task        ] GC(355) Using 6 workers of 6 for evacuation
[2155.523s][info][gc,phases      ] GC(355)   Pre Evacuate Collection Set: 0.42ms
[2155.523s][info][gc,phases      ] GC(355)   Merge Heap Roots: 0.64ms
[2155.523s][info][gc,phases      ] GC(355)   Evacuate Collection Set: 114.42ms
[2155.523s][info][gc,phases      ] GC(355)   Post Evacuate Collection Set: 0.92ms
[2155.523s][info][gc,phases      ] GC(355)   Other: 0.13ms
[2155.523s][info][gc,heap        ] GC(355) Eden regions: 1120->0(1120)
[2155.523s][info][gc,heap        ] GC(355) Survivor regions: 108->108(154)
[2155.523s][info][gc,heap        ] GC(355) Old regions: 473->505
[2155.523s][info][gc,heap        ] GC(355) Humongous regions: 80->80
[2155.523s][info][gc,metaspace   ] GC(355) Metaspace: 28941K(29248K)->28941K(29248K) NonClass: 24058K(24192K)->24058K(24192K) Class: 4883K(5056K)->4883K(5056K)
[2155.523s][info][gc             ] GC(355) Pause Young (Concurrent Start) (G1 Evacuation Pause) 3558M->1382M(4096M) 116.676ms
[2155.523s][info][gc             ] GC(356) Concurrent Mark Cycle
[2155.523s][info][gc,marking     ] GC(356) Concurrent Scan Root Regions
[2155.523s][info][gc,cpu         ] GC(355) User=0.69s Sys=0.00s Real=0.11s
[2155.690s][info][gc,marking     ] GC(356) Concurrent Scan Root Regions 166.950ms
[2155.690s][info][gc,marking     ] GC(356) Concurrent Mark
[2155.690s][info][gc,marking     ] GC(356) Concurrent Mark From Roots
[2155.690s][info][gc,task        ] GC(356) Using 2 workers of 2 for marking
.[2156.295s][info][gc,marking     ] GC(356) Concurrent Mark From Roots 604.162ms
[2156.295s][info][gc,marking     ] GC(356) Concurrent Preclean
[2156.295s][info][gc,marking     ] GC(356) Concurrent Preclean 0.064ms
[2156.295s][info][gc,start       ] GC(356) Pause Remark
[2156.297s][info][gc             ] GC(356) Pause Remark 1742M->1742M(4096M) 2.633ms
[2156.298s][info][gc,cpu         ] GC(356) User=0.01s Sys=0.00s Real=0.00s
[2156.298s][info][gc,marking     ] GC(356) Concurrent Mark 607.244ms
[2156.298s][info][gc,marking     ] GC(356) Concurrent Rebuild Remembered Sets and Scrub Regions
[2156.528s][info][gc,marking     ] GC(356) Concurrent Rebuild Remembered Sets and Scrub Regions 229.986ms
[2156.528s][info][gc,start       ] GC(356) Pause Cleanup
[2156.528s][info][gc             ] GC(356) Pause Cleanup 1830M->1830M(4096M) 0.115ms
[2156.528s][info][gc,cpu         ] GC(356) User=0.00s Sys=0.00s Real=0.00s
[2156.528s][info][gc,marking     ] GC(356) Concurrent Clear Claimed Marks
[2156.528s][info][gc,marking     ] GC(356) Concurrent Clear Claimed Marks 0.028ms
[2156.528s][info][gc,marking     ] GC(356) Concurrent Cleanup for Next Mark
[2156.531s][info][gc,marking     ] GC(356) Concurrent Cleanup for Next Mark 3.381ms
[2156.531s][info][gc             ] GC(356) Concurrent Mark Cycle 1008.049ms
.....[2161.034s][info][gc,start       ] GC(357) Pause Young (Prepare Mixed) (G1 Evacuation Pause)
[2161.034s][info][gc,task        ] GC(357) Using 6 workers of 6 for evacuation
[2161.148s][info][gc,phases      ] GC(357)   Pre Evacuate Collection Set: 0.32ms
[2161.148s][info][gc,phases      ] GC(357)   Merge Heap Roots: 0.63ms
[2161.148s][info][gc,phases      ] GC(357)   Evacuate Collection Set: 112.37ms
[2161.148s][info][gc,phases      ] GC(357)   Post Evacuate Collection Set: 0.93ms
[2161.148s][info][gc,phases      ] GC(357)   Other: 0.10ms
[2161.148s][info][gc,heap        ] GC(357) Eden regions: 1120->0(1114)
[2161.148s][info][gc,heap        ] GC(357) Survivor regions: 108->107(154)
[2161.148s][info][gc,heap        ] GC(357) Old regions: 505->537
[2161.148s][info][gc,heap        ] GC(357) Humongous regions: 80->80
[2161.149s][info][gc,metaspace   ] GC(357) Metaspace: 28941K(29248K)->28941K(29248K) NonClass: 24058K(24192K)->24058K(24192K) Class: 4883K(5056K)->4883K(5056K)
[2161.149s][info][gc             ] GC(357) Pause Young (Prepare Mixed) (G1 Evacuation Pause) 3622M->1444M(4096M) 114.482ms
[2161.149s][info][gc,cpu         ] GC(357) User=0.69s Sys=0.00s Real=0.12s
.....[2166.695s][info][gc,start       ] GC(358) Pause Young (Mixed) (G1 Evacuation Pause)
[2166.695s][info][gc,task        ] GC(358) Using 6 workers of 6 for evacuation
[2166.829s][info][gc,phases      ] GC(358)   Pre Evacuate Collection Set: 0.44ms
[2166.829s][info][gc,phases      ] GC(358)   Merge Heap Roots: 0.82ms
[2166.829s][info][gc,phases      ] GC(358)   Evacuate Collection Set: 131.74ms
[2166.829s][info][gc,phases      ] GC(358)   Post Evacuate Collection Set: 1.00ms
[2166.829s][info][gc,phases      ] GC(358)   Other: 0.09ms
[2166.829s][info][gc,heap        ] GC(358) Eden regions: 1114->0(1120)
[2166.829s][info][gc,heap        ] GC(358) Survivor regions: 107->108(153)
[2166.829s][info][gc,heap        ] GC(358) Old regions: 537->471
[2166.829s][info][gc,heap        ] GC(358) Humongous regions: 80->80
[2166.829s][info][gc,metaspace   ] GC(358) Metaspace: 28941K(29248K)->28941K(29248K) NonClass: 24058K(24192K)->24058K(24192K) Class: 4883K(5056K)->4883K(5056K)
[2166.829s][info][gc             ] GC(358) Pause Young (Mixed) (G1 Evacuation Pause) 3672M->1315M(4096M) 134.228ms
[2166.829s][info][gc,cpu         ] GC(358) User=0.80s Sys=0.00s Real=0.14s
......[2172.335s][info][gc,start       ] GC(359) Pause Young (Concurrent Start) (G1 Evacuation Pause)
[2172.335s][info][gc,task        ] GC(359) Using 6 workers of 6 for evacuation
[2172.450s][info][gc,phases      ] GC(359)   Pre Evacuate Collection Set: 0.41ms
[2172.450s][info][gc,phases      ] GC(359)   Merge Heap Roots: 0.52ms
[2172.450s][info][gc,phases      ] GC(359)   Evacuate Collection Set: 112.79ms
[2172.450s][info][gc,phases      ] GC(359)   Post Evacuate Collection Set: 0.89ms
[2172.450s][info][gc,phases      ] GC(359)   Other: 0.12ms
[2172.450s][info][gc,heap        ] GC(359) Eden regions: 1120->0(1120)
[2172.450s][info][gc,heap        ] GC(359) Survivor regions: 108->108(154)
[2172.450s][info][gc,heap        ] GC(359) Old regions: 471->503
[2172.450s][info][gc,heap        ] GC(359) Humongous regions: 80->80
[2172.450s][info][gc,metaspace   ] GC(359) Metaspace: 28941K(29248K)->28941K(29248K) NonClass: 24058K(24192K)->24058K(24192K) Class: 4883K(5056K)->4883K(5056K)
[2172.450s][info][gc             ] GC(359) Pause Young (Concurrent Start) (G1 Evacuation Pause) 3555M->1378M(4096M) 114.868ms
[2172.450s][info][gc             ] GC(360) Concurrent Mark Cycle
[2172.450s][info][gc,marking     ] GC(360) Concurrent Scan Root Regions
[2172.450s][info][gc,cpu         ] GC(359) User=0.68s Sys=0.00s Real=0.11s
[2172.616s][info][gc,marking     ] GC(360) Concurrent Scan Root Regions 165.805ms
[2172.616s][info][gc,marking     ] GC(360) Concurrent Mark
[2172.616s][info][gc,marking     ] GC(360) Concurrent Mark From Roots
[2172.616s][info][gc,task        ] GC(360) Using 2 workers of 2 for marking
.[2173.567s][info][gc,marking     ] GC(360) Concurrent Mark From Roots 950.743ms
[2173.567s][info][gc,marking     ] GC(360) Concurrent Preclean
[2173.567s][info][gc,marking     ] GC(360) Concurrent Preclean 0.082ms
[2173.567s][info][gc,start       ] GC(360) Pause Remark
[2173.570s][info][gc             ] GC(360) Pause Remark 1850M->1850M(4096M) 2.842ms
[2173.570s][info][gc,cpu         ] GC(360) User=0.01s Sys=0.00s Real=0.00s
[2173.570s][info][gc,marking     ] GC(360) Concurrent Mark 954.536ms
[2173.570s][info][gc,marking     ] GC(360) Concurrent Rebuild Remembered Sets and Scrub Regions
[2173.819s][info][gc,marking     ] GC(360) Concurrent Rebuild Remembered Sets and Scrub Regions 248.973ms
[2173.820s][info][gc,start       ] GC(360) Pause Cleanup
[2173.820s][info][gc             ] GC(360) Pause Cleanup 1927M->1927M(4096M) 0.151ms
[2173.820s][info][gc,cpu         ] GC(360) User=0.00s Sys=0.00s Real=0.00s
[2173.820s][info][gc,marking     ] GC(360) Concurrent Clear Claimed Marks
[2173.820s][info][gc,marking     ] GC(360) Concurrent Clear Claimed Marks 0.030ms
[2173.820s][info][gc,marking     ] GC(360) Concurrent Cleanup for Next Mark
[2173.823s][info][gc,marking     ] GC(360) Concurrent Cleanup for Next Mark 3.272ms
[2173.823s][info][gc             ] GC(360) Concurrent Mark Cycle 1373.119ms
.....[2178.002s][info][gc,start       ] GC(361) Pause Young (Prepare Mixed) (G1 Evacuation Pause)
[2178.002s][info][gc,task        ] GC(361) Using 6 workers of 6 for evacuation
[2178.121s][info][gc,phases      ] GC(361)   Pre Evacuate Collection Set: 0.34ms
[2178.121s][info][gc,phases      ] GC(361)   Merge Heap Roots: 0.61ms
[2178.121s][info][gc,phases      ] GC(361)   Evacuate Collection Set: 116.52ms
[2178.121s][info][gc,phases      ] GC(361)   Post Evacuate Collection Set: 0.93ms
[2178.121s][info][gc,phases      ] GC(361)   Other: 0.09ms
[2178.121s][info][gc,heap        ] GC(361) Eden regions: 1120->0(1112)
[2178.121s][info][gc,heap        ] GC(361) Survivor regions: 108->109(154)
[2178.121s][info][gc,heap        ] GC(361) Old regions: 503->535
[2178.121s][info][gc,heap        ] GC(361) Humongous regions: 80->80
[2178.121s][info][gc,metaspace   ] GC(361) Metaspace: 28941K(29248K)->28941K(29248K) NonClass: 24058K(24192K)->24058K(24192K) Class: 4883K(5056K)->4883K(5056K)
[2178.121s][info][gc             ] GC(361) Pause Young (Prepare Mixed) (G1 Evacuation Pause) 3618M->1445M(4096M) 118.643ms
[2178.121s][info][gc,cpu         ] GC(361) User=0.71s Sys=0.00s Real=0.12s
.....[2183.645s][info][gc,start       ] GC(362) Pause Young (Mixed) (G1 Evacuation Pause)
[2183.646s][info][gc,task        ] GC(362) Using 6 workers of 6 for evacuation
[2183.777s][info][gc,phases      ] GC(362)   Pre Evacuate Collection Set: 0.37ms
[2183.777s][info][gc,phases      ] GC(362)   Merge Heap Roots: 0.73ms
[2183.777s][info][gc,phases      ] GC(362)   Evacuate Collection Set: 129.13ms
[2183.777s][info][gc,phases      ] GC(362)   Post Evacuate Collection Set: 0.95ms
[2183.777s][info][gc,phases      ] GC(362)   Other: 0.09ms
[2183.777s][info][gc,heap        ] GC(362) Eden regions: 1112->0(1120)
[2183.777s][info][gc,heap        ] GC(362) Survivor regions: 109->108(153)
[2183.777s][info][gc,heap        ] GC(362) Old regions: 535->471
[2183.777s][info][gc,heap        ] GC(362) Humongous regions: 80->80
[2183.777s][info][gc,metaspace   ] GC(362) Metaspace: 28941K(29248K)->28941K(29248K) NonClass: 24058K(24192K)->24058K(24192K) Class: 4883K(5056K)->4883K(5056K)
[2183.777s][info][gc             ] GC(362) Pause Young (Mixed) (G1 Evacuation Pause) 3669M->1315M(4096M) 131.402ms
[2183.777s][info][gc,cpu         ] GC(362) User=0.79s Sys=0.00s Real=0.13s
......[2189.445s][info][gc,start       ] GC(363) Pause Young (Concurrent Start) (G1 Evacuation Pause)
[2189.445s][info][gc,task        ] GC(363) Using 6 workers of 6 for evacuation
[2189.562s][info][gc,phases      ] GC(363)   Pre Evacuate Collection Set: 0.42ms
[2189.562s][info][gc,phases      ] GC(363)   Merge Heap Roots: 0.50ms
[2189.562s][info][gc,phases      ] GC(363)   Evacuate Collection Set: 115.31ms
[2189.562s][info][gc,phases      ] GC(363)   Post Evacuate Collection Set: 0.89ms
[2189.562s][info][gc,phases      ] GC(363)   Other: 0.12ms
[2189.562s][info][gc,heap        ] GC(363) Eden regions: 1120->0(1119)
[2189.562s][info][gc,heap        ] GC(363) Survivor regions: 108->109(154)
[2189.562s][info][gc,heap        ] GC(363) Old regions: 471->503
[2189.562s][info][gc,heap        ] GC(363) Humongous regions: 80->80
[2189.562s][info][gc,metaspace   ] GC(363) Metaspace: 28941K(29248K)->28941K(29248K) NonClass: 24058K(24192K)->24058K(24192K) Class: 4883K(5056K)->4883K(5056K)
[2189.562s][info][gc             ] GC(363) Pause Young (Concurrent Start) (G1 Evacuation Pause) 3555M->1380M(4096M) 117.364ms
[2189.562s][info][gc             ] GC(364) Concurrent Mark Cycle
[2189.562s][info][gc,marking     ] GC(364) Concurrent Scan Root Regions
[2189.562s][info][gc,cpu         ] GC(363) User=0.70s Sys=0.00s Real=0.12s
[2189.694s][info][gc,marking     ] GC(364) Concurrent Scan Root Regions 131.718ms
[2189.694s][info][gc,marking     ] GC(364) Concurrent Mark
[2189.694s][info][gc,marking     ] GC(364) Concurrent Mark From Roots
[2189.694s][info][gc,task        ] GC(364) Using 2 workers of 2 for marking
.[2190.302s][info][gc,marking     ] GC(364) Concurrent Mark From Roots 608.268ms
[2190.302s][info][gc,marking     ] GC(364) Concurrent Preclean
[2190.302s][info][gc,marking     ] GC(364) Concurrent Preclean 0.085ms
[2190.302s][info][gc,start       ] GC(364) Pause Remark
[2190.305s][info][gc             ] GC(364) Pause Remark 1753M->1753M(4096M) 2.659ms
[2190.305s][info][gc,cpu         ] GC(364) User=0.01s Sys=0.00s Real=0.01s
[2190.306s][info][gc,marking     ] GC(364) Concurrent Mark 612.669ms
[2190.306s][info][gc,marking     ] GC(364) Concurrent Rebuild Remembered Sets and Scrub Regions
[2190.541s][info][gc,marking     ] GC(364) Concurrent Rebuild Remembered Sets and Scrub Regions 234.540ms
[2190.541s][info][gc,start       ] GC(364) Pause Cleanup
[2190.541s][info][gc             ] GC(364) Pause Cleanup 1846M->1846M(4096M) 0.117ms
[2190.541s][info][gc,cpu         ] GC(364) User=0.00s Sys=0.00s Real=0.00s
[2190.541s][info][gc,marking     ] GC(364) Concurrent Clear Claimed Marks
[2190.541s][info][gc,marking     ] GC(364) Concurrent Clear Claimed Marks 0.034ms
[2190.541s][info][gc,marking     ] GC(364) Concurrent Cleanup for Next Mark
[2190.545s][info][gc,marking     ] GC(364) Concurrent Cleanup for Next Mark 3.999ms
[2190.545s][info][gc             ] GC(364) Concurrent Mark Cycle 983.410ms
.....[2195.004s][info][gc,start       ] GC(365) Pause Young (Prepare Mixed) (G1 Evacuation Pause)
[2195.004s][info][gc,task        ] GC(365) Using 6 workers of 6 for evacuation
[2195.123s][info][gc,phases      ] GC(365)   Pre Evacuate Collection Set: 0.34ms
[2195.123s][info][gc,phases      ] GC(365)   Merge Heap Roots: 0.53ms
[2195.123s][info][gc,phases      ] GC(365)   Evacuate Collection Set: 117.08ms
[2195.123s][info][gc,phases      ] GC(365)   Post Evacuate Collection Set: 0.94ms
[2195.123s][info][gc,phases      ] GC(365)   Other: 0.10ms
[2195.123s][info][gc,heap        ] GC(365) Eden regions: 1119->0(1108)
[2195.123s][info][gc,heap        ] GC(365) Survivor regions: 109->111(154)
[2195.123s][info][gc,heap        ] GC(365) Old regions: 503->535
[2195.123s][info][gc,heap        ] GC(365) Humongous regions: 80->80
[2195.123s][info][gc,metaspace   ] GC(365) Metaspace: 28941K(29248K)->28941K(29248K) NonClass: 24058K(24192K)->24058K(24192K) Class: 4883K(5056K)->4883K(5056K)
[2195.123s][info][gc             ] GC(365) Pause Young (Prepare Mixed) (G1 Evacuation Pause) 3618M->1447M(4096M) 119.129ms
[2195.123s][info][gc,cpu         ] GC(365) User=0.71s Sys=0.00s Real=0.12s
.....[2200.627s][info][gc,start       ] GC(366) Pause Young (Mixed) (G1 Evacuation Pause)
[2200.627s][info][gc,task        ] GC(366) Using 6 workers of 6 for evacuation
[2200.760s][info][gc,phases      ] GC(366)   Pre Evacuate Collection Set: 0.37ms
[2200.760s][info][gc,phases      ] GC(366)   Merge Heap Roots: 0.75ms
[2200.760s][info][gc,phases      ] GC(366)   Evacuate Collection Set: 131.18ms
[2200.760s][info][gc,phases      ] GC(366)   Post Evacuate Collection Set: 0.97ms
[2200.761s][info][gc,phases      ] GC(366)   Other: 0.09ms
[2200.761s][info][gc,heap        ] GC(366) Eden regions: 1108->0(1120)
[2200.761s][info][gc,heap        ] GC(366) Survivor regions: 111->108(153)
[2200.761s][info][gc,heap        ] GC(366) Old regions: 535->470
[2200.761s][info][gc,heap        ] GC(366) Humongous regions: 80->80
[2200.761s][info][gc,metaspace   ] GC(366) Metaspace: 28941K(29248K)->28941K(29248K) NonClass: 24058K(24192K)->24058K(24192K) Class: 4883K(5056K)->4883K(5056K)
[2200.761s][info][gc             ] GC(366) Pause Young (Mixed) (G1 Evacuation Pause) 3663M->1312M(4096M) 133.471ms
[2200.761s][info][gc,cpu         ] GC(366) User=0.79s Sys=0.00s Real=0.13s
......[2206.261s][info][gc,start       ] GC(367) Pause Young (Concurrent Start) (G1 Evacuation Pause)
[2206.261s][info][gc,task        ] GC(367) Using 6 workers of 6 for evacuation
[2206.375s][info][gc,phases      ] GC(367)   Pre Evacuate Collection Set: 0.38ms
[2206.375s][info][gc,phases      ] GC(367)   Merge Heap Roots: 0.50ms
[2206.375s][info][gc,phases      ] GC(367)   Evacuate Collection Set: 112.80ms
[2206.375s][info][gc,phases      ] GC(367)   Post Evacuate Collection Set: 0.89ms
[2206.375s][info][gc,phases      ] GC(367)   Other: 0.10ms
[2206.375s][info][gc,heap        ] GC(367) Eden regions: 1120->0(1120)
[2206.375s][info][gc,heap        ] GC(367) Survivor regions: 108->108(154)
[2206.375s][info][gc,heap        ] GC(367) Old regions: 470->502
[2206.375s][info][gc,heap        ] GC(367) Humongous regions: 80->80
[2206.375s][info][gc,metaspace   ] GC(367) Metaspace: 28941K(29248K)->28941K(29248K) NonClass: 24058K(24192K)->24058K(24192K) Class: 4883K(5056K)->4883K(5056K)
[2206.376s][info][gc             ] GC(367) Pause Young (Concurrent Start) (G1 Evacuation Pause) 3552M->1376M(4096M) 114.825ms
[2206.376s][info][gc             ] GC(368) Concurrent Mark Cycle
[2206.376s][info][gc,marking     ] GC(368) Concurrent Scan Root Regions
[2206.376s][info][gc,cpu         ] GC(367) User=0.68s Sys=0.00s Real=0.12s
[2206.495s][info][gc,marking     ] GC(368) Concurrent Scan Root Regions 119.678ms
[2206.495s][info][gc,marking     ] GC(368) Concurrent Mark
[2206.495s][info][gc,marking     ] GC(368) Concurrent Mark From Roots
[2206.495s][info][gc,task        ] GC(368) Using 2 workers of 2 for marking
.[2207.083s][info][gc,marking     ] GC(368) Concurrent Mark From Roots 587.605ms
[2207.083s][info][gc,marking     ] GC(368) Concurrent Preclean
[2207.083s][info][gc,marking     ] GC(368) Concurrent Preclean 0.082ms
[2207.083s][info][gc,start       ] GC(368) Pause Remark
[2207.086s][info][gc             ] GC(368) Pause Remark 1691M->1691M(4096M) 2.658ms
[2207.086s][info][gc,cpu         ] GC(368) User=0.01s Sys=0.00s Real=0.01s
[2207.087s][info][gc,marking     ] GC(368) Concurrent Mark 591.409ms
[2207.087s][info][gc,marking     ] GC(368) Concurrent Rebuild Remembered Sets and Scrub Regions
[2207.298s][info][gc,marking     ] GC(368) Concurrent Rebuild Remembered Sets and Scrub Regions 211.759ms
[2207.299s][info][gc,start       ] GC(368) Pause Cleanup
[2207.299s][info][gc             ] GC(368) Pause Cleanup 1767M->1767M(4096M) 0.120ms
[2207.299s][info][gc,cpu         ] GC(368) User=0.00s Sys=0.00s Real=0.00s
[2207.299s][info][gc,marking     ] GC(368) Concurrent Clear Claimed Marks
[2207.299s][info][gc,marking     ] GC(368) Concurrent Clear Claimed Marks 0.032ms
[2207.299s][info][gc,marking     ] GC(368) Concurrent Cleanup for Next Mark
[2207.303s][info][gc,marking     ] GC(368) Concurrent Cleanup for Next Mark 4.086ms
[2207.303s][info][gc             ] GC(368) Concurrent Mark Cycle 927.454ms
.....[2211.939s][info][gc,start       ] GC(369) Pause Young (Prepare Mixed) (G1 Evacuation Pause)
[2211.939s][info][gc,task        ] GC(369) Using 6 workers of 6 for evacuation
[2212.059s][info][gc,phases      ] GC(369)   Pre Evacuate Collection Set: 0.31ms
[2212.059s][info][gc,phases      ] GC(369)   Merge Heap Roots: 0.59ms
[2212.059s][info][gc,phases      ] GC(369)   Evacuate Collection Set: 118.73ms
[2212.059s][info][gc,phases      ] GC(369)   Post Evacuate Collection Set: 0.96ms
[2212.059s][info][gc,phases      ] GC(369)   Other: 0.08ms
[2212.059s][info][gc,heap        ] GC(369) Eden regions: 1120->0(1107)
[2212.059s][info][gc,heap        ] GC(369) Survivor regions: 108->112(154)
[2212.059s][info][gc,heap        ] GC(369) Old regions: 502->534
[2212.059s][info][gc,heap        ] GC(369) Humongous regions: 80->80
[2212.059s][info][gc,metaspace   ] GC(369) Metaspace: 28947K(29248K)->28947K(29248K) NonClass: 24063K(24192K)->24063K(24192K) Class: 4883K(5056K)->4883K(5056K)
[2212.059s][info][gc             ] GC(369) Pause Young (Prepare Mixed) (G1 Evacuation Pause) 3616M->1447M(4096M) 120.811ms
[2212.059s][info][gc,cpu         ] GC(369) User=0.72s Sys=0.00s Real=0.12s
... (rIR:aIR:PR = 3321:3320:3321) (tPR = 49162) [OK] 
  2214s: Performance info:
         Transaction,    Success,    Partial,     Failed,   Receipts, AvgBarcode, 
             Overall,     199658,          0,          0,     189658,      59.47, 
         Response times:
             Request,    Success,    Partial,     Failed,   SkipFail,     Probes,    Samples,      min,      p50,      p90,      p95,      p99,      max, 
       TotalPurchase,     189658,          0,          0,          0,     186164,     203111,      300,     2700,     4500,     5700,    22000,   167000,
     InStorePurchase,      99825,          0,          0,          0,      98166,     106928,      300,     2700,     4500,     5700,    21000,   167000,
      OnlinePurchase,      69876,          0,          0,          0,      68625,      74825,      300,     3000,     4700,     6000,    24000,   167000,
        InstPurchase,      19957,          0,          0,          0,      19373,      21358,      400,     2100,     4100,     5100,    16782,   139000,
          AssocOfCat,        199,          0,          0,          0,        159,        222,    17600,    28000,    38700,    44000,    67550,    76000,
      AssocOfProduct,       2007,          0,          0,          0,       1830,       2114,      600,     3500,     4900,     6300,    19555,   127000,
      BusinessReport,        502,          0,          0,          0,        428,        532,    19800,    31000,    43000,    53000,    88690,   185000,
          CustBuyBeh,       1998,          0,          0,          0,       1795,       2114,      200,     2000,     3800,     4600,    11500,    42000,
       ProductReturn,       5293,          0,          0,          0,       4975,       5608,      200,     1700,     3600,     4500,    14200,   136000,

  2214s: (25%)   IR =   3459 ..[2217.506s][info][gc,start       ] GC(370) Pause Young (Mixed) (G1 Evacuation Pause)
[2217.506s][info][gc,task        ] GC(370) Using 6 workers of 6 for evacuation
[2217.639s][info][gc,phases      ] GC(370)   Pre Evacuate Collection Set: 0.39ms
[2217.639s][info][gc,phases      ] GC(370)   Merge Heap Roots: 0.76ms
[2217.639s][info][gc,phases      ] GC(370)   Evacuate Collection Set: 130.40ms
[2217.639s][info][gc,phases      ] GC(370)   Post Evacuate Collection Set: 0.94ms
[2217.639s][info][gc,phases      ] GC(370)   Other: 0.09ms
[2217.639s][info][gc,heap        ] GC(370) Eden regions: 1107->0(1120)
[2217.639s][info][gc,heap        ] GC(370) Survivor regions: 112->108(153)
[2217.639s][info][gc,heap        ] GC(370) Old regions: 534->472
[2217.639s][info][gc,heap        ] GC(370) Humongous regions: 80->80
[2217.639s][info][gc,metaspace   ] GC(370) Metaspace: 28947K(29248K)->28947K(29248K) NonClass: 24063K(24192K)->24063K(24192K) Class: 4883K(5056K)->4883K(5056K)
[2217.639s][info][gc             ] GC(370) Pause Young (Mixed) (G1 Evacuation Pause) 3661M->1316M(4096M) 132.713ms
[2217.639s][info][gc,cpu         ] GC(370) User=0.79s Sys=0.00s Real=0.13s
....|..[2222.987s][info][gc,start       ] GC(371) Pause Young (Concurrent Start) (G1 Evacuation Pause)
[2222.987s][info][gc,task        ] GC(371) Using 6 workers of 6 for evacuation
[2223.107s][info][gc,phases      ] GC(371)   Pre Evacuate Collection Set: 0.39ms
[2223.107s][info][gc,phases      ] GC(371)   Merge Heap Roots: 0.50ms
[2223.107s][info][gc,phases      ] GC(371)   Evacuate Collection Set: 117.61ms
[2223.107s][info][gc,phases      ] GC(371)   Post Evacuate Collection Set: 0.90ms
[2223.107s][info][gc,phases      ] GC(371)   Other: 0.10ms
[2223.107s][info][gc,heap        ] GC(371) Eden regions: 1120->0(1117)
[2223.107s][info][gc,heap        ] GC(371) Survivor regions: 108->111(154)
[2223.107s][info][gc,heap        ] GC(371) Old regions: 472->504
[2223.107s][info][gc,heap        ] GC(371) Humongous regions: 80->80
[2223.107s][info][gc,metaspace   ] GC(371) Metaspace: 28947K(29248K)->28947K(29248K) NonClass: 24063K(24192K)->24063K(24192K) Class: 4883K(5056K)->4883K(5056K)
[2223.107s][info][gc             ] GC(371) Pause Young (Concurrent Start) (G1 Evacuation Pause) 3556M->1385M(4096M) 119.619ms
[2223.107s][info][gc             ] GC(372) Concurrent Mark Cycle
[2223.107s][info][gc,marking     ] GC(372) Concurrent Scan Root Regions
[2223.107s][info][gc,cpu         ] GC(371) User=0.71s Sys=0.00s Real=0.12s
[2223.278s][info][gc,marking     ] GC(372) Concurrent Scan Root Regions 171.395ms
[2223.278s][info][gc,marking     ] GC(372) Concurrent Mark
[2223.278s][info][gc,marking     ] GC(372) Concurrent Mark From Roots
[2223.278s][info][gc,task        ] GC(372) Using 2 workers of 2 for marking
.[2224.229s][info][gc,marking     ] GC(372) Concurrent Mark From Roots 950.361ms
[2224.229s][info][gc,marking     ] GC(372) Concurrent Preclean
[2224.229s][info][gc,marking     ] GC(372) Concurrent Preclean 0.079ms
[2224.229s][info][gc,start       ] GC(372) Pause Remark
[2224.232s][info][gc             ] GC(372) Pause Remark 1883M->1883M(4096M) 2.963ms
[2224.232s][info][gc,cpu         ] GC(372) User=0.01s Sys=0.00s Real=0.00s
[2224.232s][info][gc,marking     ] GC(372) Concurrent Mark 953.734ms
[2224.232s][info][gc,marking     ] GC(372) Concurrent Rebuild Remembered Sets and Scrub Regions
[2224.583s][info][gc,marking     ] GC(372) Concurrent Rebuild Remembered Sets and Scrub Regions 351.341ms
[2224.584s][info][gc,start       ] GC(372) Pause Cleanup
[2224.584s][info][gc             ] GC(372) Pause Cleanup 2049M->2049M(4096M) 0.121ms
[2224.584s][info][gc,cpu         ] GC(372) User=0.00s Sys=0.00s Real=0.00s
[2224.584s][info][gc,marking     ] GC(372) Concurrent Clear Claimed Marks
[2224.584s][info][gc,marking     ] GC(372) Concurrent Clear Claimed Marks 0.039ms
[2224.584s][info][gc,marking     ] GC(372) Concurrent Cleanup for Next Mark
[2224.588s][info][gc,marking     ] GC(372) Concurrent Cleanup for Next Mark 3.900ms
[2224.588s][info][gc             ] GC(372) Concurrent Mark Cycle 1480.878ms
....[2228.385s][info][gc,start       ] GC(373) Pause Young (Prepare Mixed) (G1 Evacuation Pause)
[2228.385s][info][gc,task        ] GC(373) Using 6 workers of 6 for evacuation
[2228.501s][info][gc,phases      ] GC(373)   Pre Evacuate Collection Set: 0.34ms
[2228.501s][info][gc,phases      ] GC(373)   Merge Heap Roots: 0.55ms
[2228.501s][info][gc,phases      ] GC(373)   Evacuate Collection Set: 113.79ms
[2228.501s][info][gc,phases      ] GC(373)   Post Evacuate Collection Set: 0.93ms
[2228.501s][info][gc,phases      ] GC(373)   Other: 0.09ms
[2228.501s][info][gc,heap        ] GC(373) Eden regions: 1117->0(1114)
[2228.501s][info][gc,heap        ] GC(373) Survivor regions: 111->108(154)
[2228.501s][info][gc,heap        ] GC(373) Old regions: 504->535
[2228.501s][info][gc,heap        ] GC(373) Humongous regions: 80->80
[2228.501s][info][gc,metaspace   ] GC(373) Metaspace: 28947K(29248K)->28947K(29248K) NonClass: 24063K(24192K)->24063K(24192K) Class: 4883K(5056K)->4883K(5056K)
[2228.501s][info][gc             ] GC(373) Pause Young (Prepare Mixed) (G1 Evacuation Pause) 3619M->1443M(4096M) 115.824ms
[2228.501s][info][gc,cpu         ] GC(373) User=0.68s Sys=0.00s Real=0.11s
.....[2233.804s][info][gc,start       ] GC(374) Pause Young (Mixed) (G1 Evacuation Pause)
[2233.804s][info][gc,task        ] GC(374) Using 6 workers of 6 for evacuation
[2233.934s][info][gc,phases      ] GC(374)   Pre Evacuate Collection Set: 0.39ms
[2233.934s][info][gc,phases      ] GC(374)   Merge Heap Roots: 0.70ms
[2233.934s][info][gc,phases      ] GC(374)   Evacuate Collection Set: 127.08ms
[2233.934s][info][gc,phases      ] GC(374)   Post Evacuate Collection Set: 0.95ms
[2233.934s][info][gc,phases      ] GC(374)   Other: 0.09ms
[2233.934s][info][gc,heap        ] GC(374) Eden regions: 1114->0(1120)
[2233.934s][info][gc,heap        ] GC(374) Survivor regions: 108->108(153)
[2233.934s][info][gc,heap        ] GC(374) Old regions: 535->472
[2233.934s][info][gc,heap        ] GC(374) Humongous regions: 80->80
[2233.934s][info][gc,metaspace   ] GC(374) Metaspace: 28947K(29248K)->28947K(29248K) NonClass: 24063K(24192K)->24063K(24192K) Class: 4883K(5056K)->4883K(5056K)
[2233.934s][info][gc             ] GC(374) Pause Young (Mixed) (G1 Evacuation Pause) 3671M->1315M(4096M) 129.323ms
[2233.934s][info][gc,cpu         ] GC(374) User=0.77s Sys=0.00s Real=0.13s
......[2239.292s][info][gc,start       ] GC(375) Pause Young (Concurrent Start) (G1 Evacuation Pause)
[2239.292s][info][gc,task        ] GC(375) Using 6 workers of 6 for evacuation
[2239.410s][info][gc,phases      ] GC(375)   Pre Evacuate Collection Set: 0.40ms
[2239.410s][info][gc,phases      ] GC(375)   Merge Heap Roots: 0.54ms
[2239.410s][info][gc,phases      ] GC(375)   Evacuate Collection Set: 115.76ms
[2239.410s][info][gc,phases      ] GC(375)   Post Evacuate Collection Set: 0.90ms
[2239.410s][info][gc,phases      ] GC(375)   Other: 0.13ms
[2239.410s][info][gc,heap        ] GC(375) Eden regions: 1120->0(1118)
[2239.410s][info][gc,heap        ] GC(375) Survivor regions: 108->110(154)
[2239.410s][info][gc,heap        ] GC(375) Old regions: 472->503
[2239.410s][info][gc,heap        ] GC(375) Humongous regions: 80->80
[2239.410s][info][gc,metaspace   ] GC(375) Metaspace: 28947K(29248K)->28947K(29248K) NonClass: 24063K(24192K)->24063K(24192K) Class: 4883K(5056K)->4883K(5056K)
[2239.410s][info][gc             ] GC(375) Pause Young (Concurrent Start) (G1 Evacuation Pause) 3555M->1382M(4096M) 117.861ms
[2239.410s][info][gc             ] GC(376) Concurrent Mark Cycle
[2239.410s][info][gc,marking     ] GC(376) Concurrent Scan Root Regions
[2239.410s][info][gc,cpu         ] GC(375) User=0.70s Sys=0.00s Real=0.12s
[2239.542s][info][gc,marking     ] GC(376) Concurrent Scan Root Regions 131.467ms
[2239.542s][info][gc,marking     ] GC(376) Concurrent Mark
[2239.542s][info][gc,marking     ] GC(376) Concurrent Mark From Roots
[2239.542s][info][gc,task        ] GC(376) Using 2 workers of 2 for marking
.[2240.138s][info][gc,marking     ] GC(376) Concurrent Mark From Roots 596.603ms
[2240.138s][info][gc,marking     ] GC(376) Concurrent Preclean
[2240.138s][info][gc,marking     ] GC(376) Concurrent Preclean 0.059ms
[2240.139s][info][gc,start       ] GC(376) Pause Remark
[2240.141s][info][gc             ] GC(376) Pause Remark 1726M->1726M(4096M) 2.545ms
[2240.141s][info][gc,cpu         ] GC(376) User=0.01s Sys=0.00s Real=0.00s
[2240.141s][info][gc,marking     ] GC(376) Concurrent Mark 599.508ms
[2240.141s][info][gc,marking     ] GC(376) Concurrent Rebuild Remembered Sets and Scrub Regions
[2240.499s][info][gc,marking     ] GC(376) Concurrent Rebuild Remembered Sets and Scrub Regions 358.133ms
[2240.500s][info][gc,start       ] GC(376) Pause Cleanup
[2240.500s][info][gc             ] GC(376) Pause Cleanup 1888M->1888M(4096M) 0.120ms
[2240.500s][info][gc,cpu         ] GC(376) User=0.00s Sys=0.00s Real=0.00s
[2240.500s][info][gc,marking     ] GC(376) Concurrent Clear Claimed Marks
[2240.500s][info][gc,marking     ] GC(376) Concurrent Clear Claimed Marks 0.028ms
[2240.500s][info][gc,marking     ] GC(376) Concurrent Cleanup for Next Mark
[2240.503s][info][gc,marking     ] GC(376) Concurrent Cleanup for Next Mark 3.345ms
[2240.503s][info][gc             ] GC(376) Concurrent Mark Cycle 1092.933ms
....[2244.603s][info][gc,start       ] GC(377) Pause Young (Prepare Mixed) (G1 Evacuation Pause)
[2244.603s][info][gc,task        ] GC(377) Using 6 workers of 6 for evacuation
[2244.723s][info][gc,phases      ] GC(377)   Pre Evacuate Collection Set: 0.34ms
[2244.723s][info][gc,phases      ] GC(377)   Merge Heap Roots: 0.66ms
[2244.723s][info][gc,phases      ] GC(377)   Evacuate Collection Set: 118.50ms
[2244.723s][info][gc,phases      ] GC(377)   Post Evacuate Collection Set: 0.99ms
[2244.723s][info][gc,phases      ] GC(377)   Other: 0.10ms
[2244.723s][info][gc,heap        ] GC(377) Eden regions: 1118->0(1109)
[2244.723s][info][gc,heap        ] GC(377) Survivor regions: 110->111(154)
[2244.723s][info][gc,heap        ] GC(377) Old regions: 503->534
[2244.723s][info][gc,heap        ] GC(377) Humongous regions: 80->80
[2244.723s][info][gc,metaspace   ] GC(377) Metaspace: 28947K(29248K)->28947K(29248K) NonClass: 24063K(24192K)->24063K(24192K) Class: 4883K(5056K)->4883K(5056K)
[2244.723s][info][gc             ] GC(377) Pause Young (Prepare Mixed) (G1 Evacuation Pause) 3618M->1446M(4096M) 120.742ms
[2244.723s][info][gc,cpu         ] GC(377) User=0.72s Sys=0.00s Real=0.12s
......[2250.126s][info][gc,start       ] GC(378) Pause Young (Mixed) (G1 Evacuation Pause)
[2250.126s][info][gc,task        ] GC(378) Using 6 workers of 6 for evacuation
[2250.259s][info][gc,phases      ] GC(378)   Pre Evacuate Collection Set: 0.39ms
[2250.259s][info][gc,phases      ] GC(378)   Merge Heap Roots: 0.86ms
[2250.259s][info][gc,phases      ] GC(378)   Evacuate Collection Set: 131.14ms
[2250.259s][info][gc,phases      ] GC(378)   Post Evacuate Collection Set: 0.95ms
[2250.259s][info][gc,phases      ] GC(378)   Other: 0.10ms
[2250.259s][info][gc,heap        ] GC(378) Eden regions: 1109->0(1121)
[2250.259s][info][gc,heap        ] GC(378) Survivor regions: 111->107(153)
[2250.259s][info][gc,heap        ] GC(378) Old regions: 534->471
[2250.259s][info][gc,heap        ] GC(378) Humongous regions: 80->80
[2250.259s][info][gc,metaspace   ] GC(378) Metaspace: 28947K(29248K)->28947K(29248K) NonClass: 24063K(24192K)->24063K(24192K) Class: 4883K(5056K)->4883K(5056K)
[2250.259s][info][gc             ] GC(378) Pause Young (Mixed) (G1 Evacuation Pause) 3664M->1312M(4096M) 133.579ms
[2250.259s][info][gc,cpu         ] GC(378) User=0.79s Sys=0.00s Real=0.13s
.....[2255.539s][info][gc,start       ] GC(379) Pause Young (Concurrent Start) (G1 Evacuation Pause)
[2255.539s][info][gc,task        ] GC(379) Using 6 workers of 6 for evacuation
[2255.654s][info][gc,phases      ] GC(379)   Pre Evacuate Collection Set: 0.35ms
[2255.654s][info][gc,phases      ] GC(379)   Merge Heap Roots: 0.48ms
[2255.654s][info][gc,phases      ] GC(379)   Evacuate Collection Set: 113.56ms
[2255.654s][info][gc,phases      ] GC(379)   Post Evacuate Collection Set: 0.91ms
[2255.654s][info][gc,phases      ] GC(379)   Other: 0.09ms
[2255.654s][info][gc,heap        ] GC(379) Eden regions: 1121->0(1120)
[2255.654s][info][gc,heap        ] GC(379) Survivor regions: 107->108(154)
[2255.654s][info][gc,heap        ] GC(379) Old regions: 471->503
[2255.654s][info][gc,heap        ] GC(379) Humongous regions: 80->80
[2255.654s][info][gc,metaspace   ] GC(379) Metaspace: 28947K(29248K)->28947K(29248K) NonClass: 24063K(24192K)->24063K(24192K) Class: 4883K(5056K)->4883K(5056K)
[2255.654s][info][gc             ] GC(379) Pause Young (Concurrent Start) (G1 Evacuation Pause) 3554M->1377M(4096M) 115.542ms
[2255.654s][info][gc             ] GC(380) Concurrent Mark Cycle
[2255.654s][info][gc,marking     ] GC(380) Concurrent Scan Root Regions
[2255.654s][info][gc,cpu         ] GC(379) User=0.68s Sys=0.00s Real=0.11s
[2255.822s][info][gc,marking     ] GC(380) Concurrent Scan Root Regions 167.667ms
[2255.822s][info][gc,marking     ] GC(380) Concurrent Mark
[2255.822s][info][gc,marking     ] GC(380) Concurrent Mark From Roots
[2255.822s][info][gc,task        ] GC(380) Using 2 workers of 2 for marking
.[2256.434s][info][gc,marking     ] GC(380) Concurrent Mark From Roots 612.295ms
[2256.434s][info][gc,marking     ] GC(380) Concurrent Preclean
[2256.434s][info][gc,marking     ] GC(380) Concurrent Preclean 0.064ms
[2256.435s][info][gc,start       ] GC(380) Pause Remark
[2256.437s][info][gc             ] GC(380) Pause Remark 1710M->1710M(4096M) 2.675ms
[2256.437s][info][gc,cpu         ] GC(380) User=0.02s Sys=0.00s Real=0.01s
[2256.437s][info][gc,marking     ] GC(380) Concurrent Mark 615.333ms
[2256.437s][info][gc,marking     ] GC(380) Concurrent Rebuild Remembered Sets and Scrub Regions
[2256.664s][info][gc,marking     ] GC(380) Concurrent Rebuild Remembered Sets and Scrub Regions 226.403ms
[2256.664s][info][gc,start       ] GC(380) Pause Cleanup
[2256.664s][info][gc             ] GC(380) Pause Cleanup 1813M->1813M(4096M) 0.124ms
[2256.664s][info][gc,cpu         ] GC(380) User=0.00s Sys=0.00s Real=0.00s
[2256.664s][info][gc,marking     ] GC(380) Concurrent Clear Claimed Marks
[2256.664s][info][gc,marking     ] GC(380) Concurrent Clear Claimed Marks 0.031ms
[2256.664s][info][gc,marking     ] GC(380) Concurrent Cleanup for Next Mark
[2256.667s][info][gc,marking     ] GC(380) Concurrent Cleanup for Next Mark 3.180ms
[2256.667s][info][gc             ] GC(380) Concurrent Mark Cycle 1013.099ms
....[2260.932s][info][gc,start       ] GC(381) Pause Young (Prepare Mixed) (G1 Evacuation Pause)
[2260.932s][info][gc,task        ] GC(381) Using 6 workers of 6 for evacuation
[2261.049s][info][gc,phases      ] GC(381)   Pre Evacuate Collection Set: 0.35ms
[2261.049s][info][gc,phases      ] GC(381)   Merge Heap Roots: 0.55ms
[2261.049s][info][gc,phases      ] GC(381)   Evacuate Collection Set: 114.83ms
[2261.049s][info][gc,phases      ] GC(381)   Post Evacuate Collection Set: 0.93ms
[2261.049s][info][gc,phases      ] GC(381)   Other: 0.09ms
[2261.049s][info][gc,heap        ] GC(381) Eden regions: 1120->0(1112)
[2261.049s][info][gc,heap        ] GC(381) Survivor regions: 108->109(154)
[2261.049s][info][gc,heap        ] GC(381) Old regions: 503->535
[2261.049s][info][gc,heap        ] GC(381) Humongous regions: 80->80
[2261.049s][info][gc,metaspace   ] GC(381) Metaspace: 28947K(29248K)->28947K(29248K) NonClass: 24063K(24192K)->24063K(24192K) Class: 4883K(5056K)->4883K(5056K)
[2261.049s][info][gc             ] GC(381) Pause Young (Prepare Mixed) (G1 Evacuation Pause) 3617M->1444M(4096M) 116.879ms
[2261.049s][info][gc,cpu         ] GC(381) User=0.69s Sys=0.00s Real=0.12s
......[2266.352s][info][gc,start       ] GC(382) Pause Young (Mixed) (G1 Evacuation Pause)
[2266.352s][info][gc,task        ] GC(382) Using 6 workers of 6 for evacuation
[2266.482s][info][gc,phases      ] GC(382)   Pre Evacuate Collection Set: 0.38ms
[2266.482s][info][gc,phases      ] GC(382)   Merge Heap Roots: 0.64ms
[2266.482s][info][gc,phases      ] GC(382)   Evacuate Collection Set: 127.67ms
[2266.482s][info][gc,phases      ] GC(382)   Post Evacuate Collection Set: 0.97ms
[2266.482s][info][gc,phases      ] GC(382)   Other: 0.09ms
[2266.482s][info][gc,heap        ] GC(382) Eden regions: 1112->0(1121)
[2266.482s][info][gc,heap        ] GC(382) Survivor regions: 109->107(153)
[2266.482s][info][gc,heap        ] GC(382) Old regions: 535->472
[2266.482s][info][gc,heap        ] GC(382) Humongous regions: 80->80
[2266.482s][info][gc,metaspace   ] GC(382) Metaspace: 28947K(29248K)->28947K(29248K) NonClass: 24063K(24192K)->24063K(24192K) Class: 4883K(5056K)->4883K(5056K)
[2266.482s][info][gc             ] GC(382) Pause Young (Mixed) (G1 Evacuation Pause) 3668M->1315M(4096M) 129.901ms
[2266.482s][info][gc,cpu         ] GC(382) User=0.77s Sys=0.00s Real=0.13s
.....[2271.848s][info][gc,start       ] GC(383) Pause Young (Concurrent Start) (G1 Evacuation Pause)
[2271.848s][info][gc,task        ] GC(383) Using 6 workers of 6 for evacuation
[2271.966s][info][gc,phases      ] GC(383)   Pre Evacuate Collection Set: 0.43ms
[2271.966s][info][gc,phases      ] GC(383)   Merge Heap Roots: 0.53ms
[2271.966s][info][gc,phases      ] GC(383)   Evacuate Collection Set: 116.21ms
[2271.966s][info][gc,phases      ] GC(383)   Post Evacuate Collection Set: 0.88ms
[2271.966s][info][gc,phases      ] GC(383)   Other: 0.12ms
[2271.966s][info][gc,heap        ] GC(383) Eden regions: 1121->0(1118)
[2271.966s][info][gc,heap        ] GC(383) Survivor regions: 107->110(154)
[2271.966s][info][gc,heap        ] GC(383) Old regions: 472->504
[2271.966s][info][gc,heap        ] GC(383) Humongous regions: 80->80
[2271.966s][info][gc,metaspace   ] GC(383) Metaspace: 28947K(29248K)->28947K(29248K) NonClass: 24063K(24192K)->24063K(24192K) Class: 4883K(5056K)->4883K(5056K)
[2271.966s][info][gc             ] GC(383) Pause Young (Concurrent Start) (G1 Evacuation Pause) 3557M->1384M(4096M) 118.295ms
[2271.966s][info][gc             ] GC(384) Concurrent Mark Cycle
[2271.966s][info][gc,marking     ] GC(384) Concurrent Scan Root Regions
[2271.966s][info][gc,cpu         ] GC(383) User=0.71s Sys=0.00s Real=0.12s
.[2272.136s][info][gc,marking     ] GC(384) Concurrent Scan Root Regions 170.424ms
[2272.136s][info][gc,marking     ] GC(384) Concurrent Mark
[2272.136s][info][gc,marking     ] GC(384) Concurrent Mark From Roots
[2272.136s][info][gc,task        ] GC(384) Using 2 workers of 2 for marking
[2272.725s][info][gc,marking     ] GC(384) Concurrent Mark From Roots 588.163ms
[2272.725s][info][gc,marking     ] GC(384) Concurrent Preclean
[2272.725s][info][gc,marking     ] GC(384) Concurrent Preclean 0.062ms
[2272.725s][info][gc,start       ] GC(384) Pause Remark
[2272.728s][info][gc             ] GC(384) Pause Remark 1750M->1750M(4096M) 2.716ms
[2272.728s][info][gc,cpu         ] GC(384) User=0.01s Sys=0.00s Real=0.00s
[2272.728s][info][gc,marking     ] GC(384) Concurrent Mark 591.187ms
[2272.728s][info][gc,marking     ] GC(384) Concurrent Rebuild Remembered Sets and Scrub Regions
[2272.959s][info][gc,marking     ] GC(384) Concurrent Rebuild Remembered Sets and Scrub Regions 231.479ms
[2272.959s][info][gc,start       ] GC(384) Pause Cleanup
[2272.959s][info][gc             ] GC(384) Pause Cleanup 1857M->1857M(4096M) 0.129ms
[2272.959s][info][gc,cpu         ] GC(384) User=0.00s Sys=0.00s Real=0.00s
[2272.959s][info][gc,marking     ] GC(384) Concurrent Clear Claimed Marks
[2272.959s][info][gc,marking     ] GC(384) Concurrent Clear Claimed Marks 0.036ms
[2272.959s][info][gc,marking     ] GC(384) Concurrent Cleanup for Next Mark
[2272.963s][info][gc,marking     ] GC(384) Concurrent Cleanup for Next Mark 3.464ms
[2272.963s][info][gc             ] GC(384) Concurrent Mark Cycle 997.059ms
.....[2277.227s][info][gc,start       ] GC(385) Pause Young (Prepare Mixed) (G1 Evacuation Pause)
[2277.227s][info][gc,task        ] GC(385) Using 6 workers of 6 for evacuation
[2277.343s][info][gc,phases      ] GC(385)   Pre Evacuate Collection Set: 0.37ms
[2277.343s][info][gc,phases      ] GC(385)   Merge Heap Roots: 0.54ms
[2277.343s][info][gc,phases      ] GC(385)   Evacuate Collection Set: 114.00ms
[2277.343s][info][gc,phases      ] GC(385)   Post Evacuate Collection Set: 0.95ms
[2277.343s][info][gc,phases      ] GC(385)   Other: 0.09ms
[2277.343s][info][gc,heap        ] GC(385) Eden regions: 1118->0(1113)
[2277.343s][info][gc,heap        ] GC(385) Survivor regions: 110->108(154)
[2277.343s][info][gc,heap        ] GC(385) Old regions: 504->536
[2277.343s][info][gc,heap        ] GC(385) Humongous regions: 80->80
[2277.343s][info][gc,metaspace   ] GC(385) Metaspace: 28947K(29248K)->28947K(29248K) NonClass: 24063K(24192K)->24063K(24192K) Class: 4883K(5056K)->4883K(5056K)
[2277.343s][info][gc             ] GC(385) Pause Young (Prepare Mixed) (G1 Evacuation Pause) 3620M->1443M(4096M) 116.090ms
[2277.343s][info][gc,cpu         ] GC(385) User=0.69s Sys=0.00s Real=0.11s
.... (rIR:aIR:PR = 3459:3460:3460) (tPR = 51689) [OK] 
  2280s: Performance info:
         Transaction,    Success,    Partial,     Failed,   Receipts, AvgBarcode, 
             Overall,     208217,          0,          0,     197801,      59.47, 
         Response times:
             Request,    Success,    Partial,     Failed,   SkipFail,     Probes,    Samples,      min,      p50,      p90,      p95,      p99,      max, 
       TotalPurchase,     197801,          0,          0,          0,     193722,     213705,      300,     2800,     4800,     6400,    40000,   152000,
     InStorePurchase,     104142,          0,          0,          0,     102086,     112238,      300,     2900,     4800,     6500,    40000,   152000,
      OnlinePurchase,      72860,          0,          0,          0,      71500,      78956,      300,     2800,     4800,     6400,    41000,   140000,
        InstPurchase,      20799,          0,          0,          0,      20136,      22511,      400,     2500,     4600,     5900,    34000,   139000,
          AssocOfCat,        207,          0,          0,          0,        151,        235,    16500,    28000,    39400,    53000,   148160,   186000,
      AssocOfProduct,       2089,          0,          0,          0,       1924,       2295,      800,     3400,     5300,     7100,    49160,   126000,
      BusinessReport,        519,          0,          0,          0,        438,        559,    19600,    31000,    41000,    50000,   104000,   187000,
          CustBuyBeh,       2082,          0,          0,          0,       1893,       2269,      200,     2200,     4600,     6100,    26300,   124000,
       ProductReturn,       5519,          0,          0,          0,       5215,       6025,      200,     2500,     4400,     6000,    33740,   140000,

  2280s: (26%)   IR =   3598 .[2282.645s][info][gc,start       ] GC(386) Pause Young (Mixed) (G1 Evacuation Pause)
[2282.645s][info][gc,task        ] GC(386) Using 6 workers of 6 for evacuation
[2282.780s][info][gc,phases      ] GC(386)   Pre Evacuate Collection Set: 0.41ms
[2282.780s][info][gc,phases      ] GC(386)   Merge Heap Roots: 0.80ms
[2282.780s][info][gc,phases      ] GC(386)   Evacuate Collection Set: 132.18ms
[2282.780s][info][gc,phases      ] GC(386)   Post Evacuate Collection Set: 1.02ms
[2282.780s][info][gc,phases      ] GC(386)   Other: 0.10ms
[2282.780s][info][gc,heap        ] GC(386) Eden regions: 1113->0(1120)
[2282.780s][info][gc,heap        ] GC(386) Survivor regions: 108->108(153)
[2282.780s][info][gc,heap        ] GC(386) Old regions: 536->472
[2282.780s][info][gc,heap        ] GC(386) Humongous regions: 80->80
[2282.780s][info][gc,metaspace   ] GC(386) Metaspace: 28947K(29248K)->28947K(29248K) NonClass: 24063K(24192K)->24063K(24192K) Class: 4883K(5056K)->4883K(5056K)
[2282.780s][info][gc             ] GC(386) Pause Young (Mixed) (G1 Evacuation Pause) 3669M->1315M(4096M) 134.635ms
[2282.780s][info][gc,cpu         ] GC(386) User=0.79s Sys=0.01s Real=0.13s
...|..[2287.925s][info][gc,start       ] GC(387) Pause Young (Concurrent Start) (G1 Evacuation Pause)
[2287.925s][info][gc,task        ] GC(387) Using 6 workers of 6 for evacuation
[2288.047s][info][gc,phases      ] GC(387)   Pre Evacuate Collection Set: 0.41ms
[2288.047s][info][gc,phases      ] GC(387)   Merge Heap Roots: 0.54ms
[2288.047s][info][gc,phases      ] GC(387)   Evacuate Collection Set: 120.21ms
[2288.047s][info][gc,phases      ] GC(387)   Post Evacuate Collection Set: 0.91ms
[2288.047s][info][gc,phases      ] GC(387)   Other: 0.12ms
[2288.047s][info][gc,heap        ] GC(387) Eden regions: 1120->0(1115)
[2288.047s][info][gc,heap        ] GC(387) Survivor regions: 108->113(154)
[2288.047s][info][gc,heap        ] GC(387) Old regions: 472->504
[2288.047s][info][gc,heap        ] GC(387) Humongous regions: 80->80
[2288.047s][info][gc,metaspace   ] GC(387) Metaspace: 28947K(29248K)->28947K(29248K) NonClass: 24063K(24192K)->24063K(24192K) Class: 4883K(5056K)->4883K(5056K)
[2288.047s][info][gc             ] GC(387) Pause Young (Concurrent Start) (G1 Evacuation Pause) 3555M->1389M(4096M) 122.313ms
[2288.047s][info][gc             ] GC(388) Concurrent Mark Cycle
[2288.047s][info][gc,marking     ] GC(388) Concurrent Scan Root Regions
[2288.047s][info][gc,cpu         ] GC(387) User=0.73s Sys=0.00s Real=0.12s
.[2288.200s][info][gc,marking     ] GC(388) Concurrent Scan Root Regions 152.402ms
[2288.200s][info][gc,marking     ] GC(388) Concurrent Mark
[2288.200s][info][gc,marking     ] GC(388) Concurrent Mark From Roots
[2288.200s][info][gc,task        ] GC(388) Using 2 workers of 2 for marking
[2289.152s][info][gc,marking     ] GC(388) Concurrent Mark From Roots 952.585ms
[2289.152s][info][gc,marking     ] GC(388) Concurrent Preclean
[2289.152s][info][gc,marking     ] GC(388) Concurrent Preclean 0.078ms
[2289.154s][info][gc,start       ] GC(388) Pause Remark
[2289.157s][info][gc             ] GC(388) Pause Remark 1901M->1901M(4096M) 2.962ms
[2289.157s][info][gc,cpu         ] GC(388) User=0.01s Sys=0.00s Real=0.01s
[2289.157s][info][gc,marking     ] GC(388) Concurrent Mark 957.049ms
[2289.157s][info][gc,marking     ] GC(388) Concurrent Rebuild Remembered Sets and Scrub Regions
.[2289.512s][info][gc,marking     ] GC(388) Concurrent Rebuild Remembered Sets and Scrub Regions 355.529ms
[2289.512s][info][gc,start       ] GC(388) Pause Cleanup
[2289.513s][info][gc             ] GC(388) Pause Cleanup 2071M->2071M(4096M) 0.115ms
[2289.513s][info][gc,cpu         ] GC(388) User=0.00s Sys=0.00s Real=0.00s
[2289.513s][info][gc,marking     ] GC(388) Concurrent Clear Claimed Marks
[2289.513s][info][gc,marking     ] GC(388) Concurrent Clear Claimed Marks 0.026ms
[2289.513s][info][gc,marking     ] GC(388) Concurrent Cleanup for Next Mark
[2289.516s][info][gc,marking     ] GC(388) Concurrent Cleanup for Next Mark 3.293ms
[2289.516s][info][gc             ] GC(388) Concurrent Mark Cycle 1468.759ms
...[2293.105s][info][gc,start       ] GC(389) Pause Young (Prepare Mixed) (G1 Evacuation Pause)
[2293.105s][info][gc,task        ] GC(389) Using 6 workers of 6 for evacuation
[2293.223s][info][gc,phases      ] GC(389)   Pre Evacuate Collection Set: 0.32ms
[2293.223s][info][gc,phases      ] GC(389)   Merge Heap Roots: 0.55ms
[2293.223s][info][gc,phases      ] GC(389)   Evacuate Collection Set: 115.68ms
[2293.223s][info][gc,phases      ] GC(389)   Post Evacuate Collection Set: 0.95ms
[2293.223s][info][gc,phases      ] GC(389)   Other: 0.09ms
[2293.223s][info][gc,heap        ] GC(389) Eden regions: 1115->0(1112)
[2293.223s][info][gc,heap        ] GC(389) Survivor regions: 113->109(154)
[2293.223s][info][gc,heap        ] GC(389) Old regions: 504->535
[2293.223s][info][gc,heap        ] GC(389) Humongous regions: 80->80
[2293.223s][info][gc,metaspace   ] GC(389) Metaspace: 28947K(29248K)->28947K(29248K) NonClass: 24063K(24192K)->24063K(24192K) Class: 4883K(5056K)->4883K(5056K)
[2293.223s][info][gc             ] GC(389) Pause Young (Prepare Mixed) (G1 Evacuation Pause) 3619M->1444M(4096M) 117.736ms
[2293.223s][info][gc,cpu         ] GC(389) User=0.70s Sys=0.00s Real=0.11s
......[2298.244s][info][gc,start       ] GC(390) Pause Young (Mixed) (G1 Evacuation Pause)
[2298.244s][info][gc,task        ] GC(390) Using 6 workers of 6 for evacuation
[2298.375s][info][gc,phases      ] GC(390)   Pre Evacuate Collection Set: 0.41ms
[2298.375s][info][gc,phases      ] GC(390)   Merge Heap Roots: 0.72ms
[2298.375s][info][gc,phases      ] GC(390)   Evacuate Collection Set: 128.96ms
[2298.375s][info][gc,phases      ] GC(390)   Post Evacuate Collection Set: 0.97ms
[2298.375s][info][gc,phases      ] GC(390)   Other: 0.10ms
[2298.375s][info][gc,heap        ] GC(390) Eden regions: 1112->0(1121)
[2298.375s][info][gc,heap        ] GC(390) Survivor regions: 109->107(153)
[2298.375s][info][gc,heap        ] GC(390) Old regions: 535->472
[2298.375s][info][gc,heap        ] GC(390) Humongous regions: 80->80
[2298.375s][info][gc,metaspace   ] GC(390) Metaspace: 28947K(29248K)->28947K(29248K) NonClass: 24063K(24192K)->24063K(24192K) Class: 4883K(5056K)->4883K(5056K)
[2298.375s][info][gc             ] GC(390) Pause Young (Mixed) (G1 Evacuation Pause) 3668M->1315M(4096M) 131.291ms
[2298.375s][info][gc,cpu         ] GC(390) User=0.78s Sys=0.00s Real=0.14s
.....[2303.575s][info][gc,start       ] GC(391) Pause Young (Concurrent Start) (G1 Evacuation Pause)
[2303.575s][info][gc,task        ] GC(391) Using 6 workers of 6 for evacuation
[2303.692s][info][gc,phases      ] GC(391)   Pre Evacuate Collection Set: 0.46ms
[2303.692s][info][gc,phases      ] GC(391)   Merge Heap Roots: 0.61ms
[2303.692s][info][gc,phases      ] GC(391)   Evacuate Collection Set: 114.90ms
[2303.692s][info][gc,phases      ] GC(391)   Post Evacuate Collection Set: 0.90ms
[2303.692s][info][gc,phases      ] GC(391)   Other: 0.15ms
[2303.692s][info][gc,heap        ] GC(391) Eden regions: 1121->0(1120)
[2303.692s][info][gc,heap        ] GC(391) Survivor regions: 107->108(154)
[2303.692s][info][gc,heap        ] GC(391) Old regions: 472->505
[2303.692s][info][gc,heap        ] GC(391) Humongous regions: 80->80
[2303.692s][info][gc,metaspace   ] GC(391) Metaspace: 28947K(29248K)->28947K(29248K) NonClass: 24063K(24192K)->24063K(24192K) Class: 4883K(5056K)->4883K(5056K)
[2303.692s][info][gc             ] GC(391) Pause Young (Concurrent Start) (G1 Evacuation Pause) 3557M->1381M(4096M) 117.160ms
[2303.692s][info][gc             ] GC(392) Concurrent Mark Cycle
[2303.692s][info][gc,marking     ] GC(392) Concurrent Scan Root Regions
[2303.692s][info][gc,cpu         ] GC(391) User=0.70s Sys=0.00s Real=0.11s
[2303.862s][info][gc,marking     ] GC(392) Concurrent Scan Root Regions 169.676ms
[2303.862s][info][gc,marking     ] GC(392) Concurrent Mark
[2303.862s][info][gc,marking     ] GC(392) Concurrent Mark From Roots
[2303.862s][info][gc,task        ] GC(392) Using 2 workers of 2 for marking
.[2304.856s][info][gc,marking     ] GC(392) Concurrent Mark From Roots 994.133ms
[2304.856s][info][gc,marking     ] GC(392) Concurrent Preclean
[2304.856s][info][gc,marking     ] GC(392) Concurrent Preclean 0.063ms
[2304.856s][info][gc,start       ] GC(392) Pause Remark
[2304.859s][info][gc             ] GC(392) Pause Remark 1935M->1935M(4096M) 2.902ms
[2304.859s][info][gc,cpu         ] GC(392) User=0.01s Sys=0.00s Real=0.00s
[2304.860s][info][gc,marking     ] GC(392) Concurrent Mark 997.713ms
[2304.860s][info][gc,marking     ] GC(392) Concurrent Rebuild Remembered Sets and Scrub Regions
[2305.213s][info][gc,marking     ] GC(392) Concurrent Rebuild Remembered Sets and Scrub Regions 353.733ms
[2305.213s][info][gc,start       ] GC(392) Pause Cleanup
[2305.214s][info][gc             ] GC(392) Pause Cleanup 2101M->2101M(4096M) 0.120ms
[2305.214s][info][gc,cpu         ] GC(392) User=0.00s Sys=0.00s Real=0.00s
[2305.214s][info][gc,marking     ] GC(392) Concurrent Clear Claimed Marks
[2305.214s][info][gc,marking     ] GC(392) Concurrent Clear Claimed Marks 0.034ms
[2305.214s][info][gc,marking     ] GC(392) Concurrent Cleanup for Next Mark
[2305.219s][info][gc,marking     ] GC(392) Concurrent Cleanup for Next Mark 5.053ms
[2305.219s][info][gc             ] GC(392) Concurrent Mark Cycle 1526.976ms
....[2308.808s][info][gc,start       ] GC(393) Pause Young (Prepare Mixed) (G1 Evacuation Pause)
[2308.808s][info][gc,task        ] GC(393) Using 6 workers of 6 for evacuation
[2308.924s][info][gc,phases      ] GC(393)   Pre Evacuate Collection Set: 0.37ms
[2308.924s][info][gc,phases      ] GC(393)   Merge Heap Roots: 0.63ms
[2308.924s][info][gc,phases      ] GC(393)   Evacuate Collection Set: 114.13ms
[2308.924s][info][gc,phases      ] GC(393)   Post Evacuate Collection Set: 0.92ms
[2308.924s][info][gc,phases      ] GC(393)   Other: 0.11ms
[2308.924s][info][gc,heap        ] GC(393) Eden regions: 1120->0(1109)
[2308.924s][info][gc,heap        ] GC(393) Survivor regions: 108->110(154)
[2308.924s][info][gc,heap        ] GC(393) Old regions: 505->536
[2308.924s][info][gc,heap        ] GC(393) Humongous regions: 80->80
[2308.924s][info][gc,metaspace   ] GC(393) Metaspace: 28947K(29248K)->28947K(29248K) NonClass: 24063K(24192K)->24063K(24192K) Class: 4883K(5056K)->4883K(5056K)
[2308.924s][info][gc             ] GC(393) Pause Young (Prepare Mixed) (G1 Evacuation Pause) 3621M->1448M(4096M) 116.292ms
[2308.924s][info][gc,cpu         ] GC(393) User=0.68s Sys=0.00s Real=0.11s
.....[2313.974s][info][gc,start       ] GC(394) Pause Young (Mixed) (G1 Evacuation Pause)
[2313.974s][info][gc,task        ] GC(394) Using 6 workers of 6 for evacuation
[2314.108s][info][gc,phases      ] GC(394)   Pre Evacuate Collection Set: 0.43ms
[2314.108s][info][gc,phases      ] GC(394)   Merge Heap Roots: 0.78ms
[2314.108s][info][gc,phases      ] GC(394)   Evacuate Collection Set: 131.39ms
[2314.108s][info][gc,phases      ] GC(394)   Post Evacuate Collection Set: 0.96ms
[2314.108s][info][gc,phases      ] GC(394)   Other: 0.11ms
[2314.108s][info][gc,heap        ] GC(394) Eden regions: 1109->0(1118)
[2314.108s][info][gc,heap        ] GC(394) Survivor regions: 110->110(153)
[2314.108s][info][gc,heap        ] GC(394) Old regions: 536->472
[2314.108s][info][gc,heap        ] GC(394) Humongous regions: 80->80
[2314.108s][info][gc,metaspace   ] GC(394) Metaspace: 28947K(29248K)->28947K(29248K) NonClass: 24063K(24192K)->24063K(24192K) Class: 4883K(5056K)->4883K(5056K)
[2314.108s][info][gc             ] GC(394) Pause Young (Mixed) (G1 Evacuation Pause) 3666M->1320M(4096M) 133.780ms
[2314.108s][info][gc,cpu         ] GC(394) User=0.79s Sys=0.00s Real=0.14s
.....[2319.190s][info][gc,start       ] GC(395) Pause Young (Concurrent Start) (G1 Evacuation Pause)
[2319.190s][info][gc,task        ] GC(395) Using 6 workers of 6 for evacuation
[2319.305s][info][gc,phases      ] GC(395)   Pre Evacuate Collection Set: 0.39ms
[2319.305s][info][gc,phases      ] GC(395)   Merge Heap Roots: 0.53ms
[2319.305s][info][gc,phases      ] GC(395)   Evacuate Collection Set: 113.76ms
[2319.305s][info][gc,phases      ] GC(395)   Post Evacuate Collection Set: 0.91ms
[2319.305s][info][gc,phases      ] GC(395)   Other: 0.13ms
[2319.305s][info][gc,heap        ] GC(395) Eden regions: 1118->0(1121)
[2319.305s][info][gc,heap        ] GC(395) Survivor regions: 110->107(154)
[2319.305s][info][gc,heap        ] GC(395) Old regions: 472->505
[2319.305s][info][gc,heap        ] GC(395) Humongous regions: 80->80
[2319.305s][info][gc,metaspace   ] GC(395) Metaspace: 28947K(29248K)->28947K(29248K) NonClass: 24063K(24192K)->24063K(24192K) Class: 4883K(5056K)->4883K(5056K)
[2319.305s][info][gc             ] GC(395) Pause Young (Concurrent Start) (G1 Evacuation Pause) 3556M->1379M(4096M) 115.851ms
[2319.305s][info][gc             ] GC(396) Concurrent Mark Cycle
[2319.305s][info][gc,marking     ] GC(396) Concurrent Scan Root Regions
[2319.305s][info][gc,cpu         ] GC(395) User=0.69s Sys=0.00s Real=0.12s
.[2319.473s][info][gc,marking     ] GC(396) Concurrent Scan Root Regions 167.126ms
[2319.473s][info][gc,marking     ] GC(396) Concurrent Mark
[2319.473s][info][gc,marking     ] GC(396) Concurrent Mark From Roots
[2319.473s][info][gc,task        ] GC(396) Using 2 workers of 2 for marking
.[2320.428s][info][gc,marking     ] GC(396) Concurrent Mark From Roots 955.519ms
[2320.428s][info][gc,marking     ] GC(396) Concurrent Preclean
[2320.428s][info][gc,marking     ] GC(396) Concurrent Preclean 0.057ms
[2320.428s][info][gc,start       ] GC(396) Pause Remark
[2320.431s][info][gc             ] GC(396) Pause Remark 1890M->1890M(4096M) 2.749ms
[2320.431s][info][gc,cpu         ] GC(396) User=0.02s Sys=0.00s Real=0.00s
[2320.431s][info][gc,marking     ] GC(396) Concurrent Mark 958.553ms
[2320.431s][info][gc,marking     ] GC(396) Concurrent Rebuild Remembered Sets and Scrub Regions
[2320.836s][info][gc,marking     ] GC(396) Concurrent Rebuild Remembered Sets and Scrub Regions 404.705ms
[2320.836s][info][gc,start       ] GC(396) Pause Cleanup
[2320.836s][info][gc             ] GC(396) Pause Cleanup 2070M->2070M(4096M) 0.133ms
[2320.836s][info][gc,cpu         ] GC(396) User=0.00s Sys=0.00s Real=0.00s
[2320.836s][info][gc,marking     ] GC(396) Concurrent Clear Claimed Marks
[2320.836s][info][gc,marking     ] GC(396) Concurrent Clear Claimed Marks 0.032ms
[2320.836s][info][gc,marking     ] GC(396) Concurrent Cleanup for Next Mark
[2320.841s][info][gc,marking     ] GC(396) Concurrent Cleanup for Next Mark 4.637ms
[2320.841s][info][gc             ] GC(396) Concurrent Mark Cycle 1535.563ms
....[2324.452s][info][gc,start       ] GC(397) Pause Young (Prepare Mixed) (G1 Evacuation Pause)
[2324.452s][info][gc,task        ] GC(397) Using 6 workers of 6 for evacuation
[2324.571s][info][gc,phases      ] GC(397)   Pre Evacuate Collection Set: 0.38ms
[2324.571s][info][gc,phases      ] GC(397)   Merge Heap Roots: 0.61ms
[2324.571s][info][gc,phases      ] GC(397)   Evacuate Collection Set: 116.89ms
[2324.571s][info][gc,phases      ] GC(397)   Post Evacuate Collection Set: 0.96ms
[2324.571s][info][gc,phases      ] GC(397)   Other: 0.10ms
[2324.571s][info][gc,heap        ] GC(397) Eden regions: 1121->0(1113)
[2324.571s][info][gc,heap        ] GC(397) Survivor regions: 107->108(154)
[2324.571s][info][gc,heap        ] GC(397) Old regions: 505->536
[2324.571s][info][gc,heap        ] GC(397) Humongous regions: 80->80
[2324.571s][info][gc,metaspace   ] GC(397) Metaspace: 28947K(29248K)->28947K(29248K) NonClass: 24063K(24192K)->24063K(24192K) Class: 4883K(5056K)->4883K(5056K)
[2324.571s][info][gc             ] GC(397) Pause Young (Prepare Mixed) (G1 Evacuation Pause) 3621M->1444M(4096M) 119.088ms
[2324.571s][info][gc,cpu         ] GC(397) User=0.69s Sys=0.00s Real=0.12s
.....[2329.636s][info][gc,start       ] GC(398) Pause Young (Mixed) (G1 Evacuation Pause)
[2329.636s][info][gc,task        ] GC(398) Using 6 workers of 6 for evacuation
[2329.770s][info][gc,phases      ] GC(398)   Pre Evacuate Collection Set: 0.39ms
[2329.770s][info][gc,phases      ] GC(398)   Merge Heap Roots: 0.77ms
[2329.770s][info][gc,phases      ] GC(398)   Evacuate Collection Set: 131.85ms
[2329.770s][info][gc,phases      ] GC(398)   Post Evacuate Collection Set: 0.99ms
[2329.771s][info][gc,phases      ] GC(398)   Other: 0.09ms
[2329.771s][info][gc,heap        ] GC(398) Eden regions: 1113->0(1119)
[2329.771s][info][gc,heap        ] GC(398) Survivor regions: 108->109(153)
[2329.771s][info][gc,heap        ] GC(398) Old regions: 536->471
[2329.771s][info][gc,heap        ] GC(398) Humongous regions: 80->80
[2329.771s][info][gc,metaspace   ] GC(398) Metaspace: 28947K(29248K)->28947K(29248K) NonClass: 24063K(24192K)->24063K(24192K) Class: 4883K(5056K)->4883K(5056K)
[2329.771s][info][gc             ] GC(398) Pause Young (Mixed) (G1 Evacuation Pause) 3670M->1317M(4096M) 134.217ms
[2329.771s][info][gc,cpu         ] GC(398) User=0.79s Sys=0.00s Real=0.13s
.....[2334.792s][info][gc,start       ] GC(399) Pause Young (Concurrent Start) (G1 Evacuation Pause)
[2334.792s][info][gc,task        ] GC(399) Using 6 workers of 6 for evacuation
[2334.908s][info][gc,phases      ] GC(399)   Pre Evacuate Collection Set: 0.38ms
[2334.908s][info][gc,phases      ] GC(399)   Merge Heap Roots: 0.53ms
[2334.908s][info][gc,phases      ] GC(399)   Evacuate Collection Set: 114.21ms
[2334.908s][info][gc,phases      ] GC(399)   Post Evacuate Collection Set: 0.89ms
[2334.908s][info][gc,phases      ] GC(399)   Other: 0.11ms
[2334.908s][info][gc,heap        ] GC(399) Eden regions: 1119->0(1120)
[2334.908s][info][gc,heap        ] GC(399) Survivor regions: 109->108(154)
[2334.908s][info][gc,heap        ] GC(399) Old regions: 471->504
[2334.908s][info][gc,heap        ] GC(399) Humongous regions: 80->80
[2334.908s][info][gc,metaspace   ] GC(399) Metaspace: 28947K(29248K)->28947K(29248K) NonClass: 24063K(24192K)->24063K(24192K) Class: 4883K(5056K)->4883K(5056K)
[2334.908s][info][gc             ] GC(399) Pause Young (Concurrent Start) (G1 Evacuation Pause) 3555M->1380M(4096M) 116.250ms
[2334.908s][info][gc             ] GC(400) Concurrent Mark Cycle
[2334.908s][info][gc,marking     ] GC(400) Concurrent Scan Root Regions
[2334.908s][info][gc,cpu         ] GC(399) User=0.69s Sys=0.00s Real=0.12s
[2335.031s][info][gc,marking     ] GC(400) Concurrent Scan Root Regions 122.821ms
[2335.031s][info][gc,marking     ] GC(400) Concurrent Mark
[2335.031s][info][gc,marking     ] GC(400) Concurrent Mark From Roots
[2335.031s][info][gc,task        ] GC(400) Using 2 workers of 2 for marking
.[2335.626s][info][gc,marking     ] GC(400) Concurrent Mark From Roots 594.609ms
[2335.626s][info][gc,marking     ] GC(400) Concurrent Preclean
[2335.626s][info][gc,marking     ] GC(400) Concurrent Preclean 0.064ms
[2335.626s][info][gc,start       ] GC(400) Pause Remark
[2335.629s][info][gc             ] GC(400) Pause Remark 1695M->1695M(4096M) 2.595ms
[2335.629s][info][gc,cpu         ] GC(400) User=0.01s Sys=0.00s Real=0.00s
[2335.629s][info][gc,marking     ] GC(400) Concurrent Mark 597.477ms
[2335.629s][info][gc,marking     ] GC(400) Concurrent Rebuild Remembered Sets and Scrub Regions
[2335.906s][info][gc,marking     ] GC(400) Concurrent Rebuild Remembered Sets and Scrub Regions 277.794ms
[2335.907s][info][gc,start       ] GC(400) Pause Cleanup
[2335.907s][info][gc             ] GC(400) Pause Cleanup 1826M->1826M(4096M) 0.127ms
[2335.907s][info][gc,cpu         ] GC(400) User=0.00s Sys=0.00s Real=0.00s
[2335.907s][info][gc,marking     ] GC(400) Concurrent Clear Claimed Marks
[2335.907s][info][gc,marking     ] GC(400) Concurrent Clear Claimed Marks 0.039ms
[2335.907s][info][gc,marking     ] GC(400) Concurrent Cleanup for Next Mark
[2335.910s][info][gc,marking     ] GC(400) Concurrent Cleanup for Next Mark 3.688ms
[2335.911s][info][gc             ] GC(400) Concurrent Mark Cycle 1002.264ms
....[2340.095s][info][gc,start       ] GC(401) Pause Young (Prepare Mixed) (G1 Evacuation Pause)
[2340.095s][info][gc,task        ] GC(401) Using 6 workers of 6 for evacuation
[2340.213s][info][gc,phases      ] GC(401)   Pre Evacuate Collection Set: 0.34ms
[2340.213s][info][gc,phases      ] GC(401)   Merge Heap Roots: 0.56ms
[2340.213s][info][gc,phases      ] GC(401)   Evacuate Collection Set: 116.41ms
[2340.213s][info][gc,phases      ] GC(401)   Post Evacuate Collection Set: 0.94ms
[2340.213s][info][gc,phases      ] GC(401)   Other: 0.09ms
[2340.213s][info][gc,heap        ] GC(401) Eden regions: 1120->0(1111)
[2340.213s][info][gc,heap        ] GC(401) Survivor regions: 108->109(154)
[2340.213s][info][gc,heap        ] GC(401) Old regions: 504->536
[2340.213s][info][gc,heap        ] GC(401) Humongous regions: 80->80
[2340.213s][info][gc,metaspace   ] GC(401) Metaspace: 28947K(29248K)->28947K(29248K) NonClass: 24063K(24192K)->24063K(24192K) Class: 4883K(5056K)->4883K(5056K)
[2340.213s][info][gc             ] GC(401) Pause Young (Prepare Mixed) (G1 Evacuation Pause) 3620M->1446M(4096M) 118.464ms
[2340.213s][info][gc,cpu         ] GC(401) User=0.71s Sys=0.00s Real=0.12s
.....[2345.248s][info][gc,start       ] GC(402) Pause Young (Mixed) (G1 Evacuation Pause)
[2345.248s][info][gc,task        ] GC(402) Using 6 workers of 6 for evacuation
[2345.380s][info][gc,phases      ] GC(402)   Pre Evacuate Collection Set: 0.41ms
[2345.380s][info][gc,phases      ] GC(402)   Merge Heap Roots: 0.76ms
[2345.380s][info][gc,phases      ] GC(402)   Evacuate Collection Set: 129.46ms
[2345.380s][info][gc,phases      ] GC(402)   Post Evacuate Collection Set: 0.98ms
[2345.380s][info][gc,phases      ] GC(402)   Other: 0.10ms
[2345.380s][info][gc,heap        ] GC(402) Eden regions: 1111->0(1118)
[2345.380s][info][gc,heap        ] GC(402) Survivor regions: 109->110(153)
[2345.380s][info][gc,heap        ] GC(402) Old regions: 536->470
[2345.380s][info][gc,heap        ] GC(402) Humongous regions: 80->80
[2345.380s][info][gc,metaspace   ] GC(402) Metaspace: 28947K(29248K)->28947K(29248K) NonClass: 24063K(24192K)->24063K(24192K) Class: 4883K(5056K)->4883K(5056K)
[2345.380s][info][gc             ] GC(402) Pause Young (Mixed) (G1 Evacuation Pause) 3668M->1316M(4096M) 131.882ms
[2345.380s][info][gc,cpu         ] GC(402) User=0.79s Sys=0.00s Real=0.13s
. (rIR:aIR:PR = 3598:3589:3589) (tPR = 53363) [OK] 
  2345s: Performance info:
         Transaction,    Success,    Partial,     Failed,   Receipts, AvgBarcode, 
             Overall,     216277,          0,          0,     205455,      59.48, 
         Response times:
             Request,    Success,    Partial,     Failed,   SkipFail,     Probes,    Samples,      min,      p50,      p90,      p95,      p99,      max, 
       TotalPurchase,     205458,          0,          0,          0,     200905,     215277,      300,     2900,     5000,     6500,    31000,   173000,
     InStorePurchase,     108164,          0,          0,          0,     106343,     113694,      300,     2900,     4900,     6400,    31000,   149000,
      OnlinePurchase,      75678,          0,          0,          0,      73653,      78838,      300,     3200,     5100,     6800,    33000,   173000,
        InstPurchase,      21616,          0,          0,          0,      20909,      22745,      400,     2500,     4700,     6300,    30000,   149000,
          AssocOfCat,        216,          0,          0,          0,        166,        235,    18500,    28000,    38000,    44200,    84360,   159000,
      AssocOfProduct,       2182,          0,          0,          0,       2003,       2302,      700,     3300,     5300,     7085,    33000,   152000,
      BusinessReport,        538,          0,          0,          0,        458,        586,    21000,    32000,    44300,    57000,   152000,   219000,
          CustBuyBeh,       2163,          0,          0,          0,       1971,       2242,      100,     3900,     5700,     7200,    38570,   141000,
       ProductReturn,       5725,          0,          0,          0,       5437,       6105,      200,     2800,     4700,     6400,    28000,   140000,

  2345s: (27%)   IR =   3736 ....[2350.399s][info][gc,start       ] GC(403) Pause Young (Concurrent Start) (G1 Evacuation Pause)
[2350.399s][info][gc,task        ] GC(403) Using 6 workers of 6 for evacuation
[2350.518s][info][gc,phases      ] GC(403)   Pre Evacuate Collection Set: 0.44ms
[2350.518s][info][gc,phases      ] GC(403)   Merge Heap Roots: 0.58ms
[2350.518s][info][gc,phases      ] GC(403)   Evacuate Collection Set: 117.26ms
[2350.518s][info][gc,phases      ] GC(403)   Post Evacuate Collection Set: 0.92ms
[2350.518s][info][gc,phases      ] GC(403)   Other: 0.14ms
[2350.518s][info][gc,heap        ] GC(403) Eden regions: 1118->0(1118)
[2350.518s][info][gc,heap        ] GC(403) Survivor regions: 110->110(154)
[2350.518s][info][gc,heap        ] GC(403) Old regions: 470->503
[2350.518s][info][gc,heap        ] GC(403) Humongous regions: 80->80
[2350.518s][info][gc,metaspace   ] GC(403) Metaspace: 28947K(29248K)->28947K(29248K) NonClass: 24063K(24192K)->24063K(24192K) Class: 4883K(5056K)->4883K(5056K)
[2350.518s][info][gc             ] GC(403) Pause Young (Concurrent Start) (G1 Evacuation Pause) 3552M->1381M(4096M) 119.517ms
[2350.518s][info][gc             ] GC(404) Concurrent Mark Cycle
[2350.518s][info][gc,marking     ] GC(404) Concurrent Scan Root Regions
[2350.519s][info][gc,cpu         ] GC(403) User=0.71s Sys=0.00s Real=0.12s
.[2350.642s][info][gc,marking     ] GC(404) Concurrent Scan Root Regions 123.138ms
[2350.642s][info][gc,marking     ] GC(404) Concurrent Mark
[2350.642s][info][gc,marking     ] GC(404) Concurrent Mark From Roots
[2350.642s][info][gc,task        ] GC(404) Using 2 workers of 2 for marking
[2351.274s][info][gc,marking     ] GC(404) Concurrent Mark From Roots 632.282ms
[2351.274s][info][gc,marking     ] GC(404) Concurrent Preclean
[2351.274s][info][gc,marking     ] GC(404) Concurrent Preclean 0.099ms
[2351.275s][info][gc,start       ] GC(404) Pause Remark
[2351.277s][info][gc             ] GC(404) Pause Remark 1793M->1793M(4096M) 2.264ms
[2351.277s][info][gc,cpu         ] GC(404) User=0.02s Sys=0.00s Real=0.01s
[2351.277s][info][gc,marking     ] GC(404) Concurrent Mark 635.377ms
[2351.277s][info][gc,marking     ] GC(404) Concurrent Rebuild Remembered Sets and Scrub Regions
[2351.502s][info][gc,marking     ] GC(404) Concurrent Rebuild Remembered Sets and Scrub Regions 224.705ms
[2351.502s][info][gc,start       ] GC(404) Pause Cleanup
[2351.502s][info][gc             ] GC(404) Pause Cleanup 1889M->1889M(4096M) 0.116ms
[2351.502s][info][gc,cpu         ] GC(404) User=0.00s Sys=0.00s Real=0.00s
[2351.502s][info][gc,marking     ] GC(404) Concurrent Clear Claimed Marks
[2351.502s][info][gc,marking     ] GC(404) Concurrent Clear Claimed Marks 0.027ms
[2351.502s][info][gc,marking     ] GC(404) Concurrent Cleanup for Next Mark
[2351.505s][info][gc,marking     ] GC(404) Concurrent Cleanup for Next Mark 3.160ms
[2351.505s][info][gc             ] GC(404) Concurrent Mark Cycle 986.878ms
...|.[2355.328s][info][gc,start       ] GC(405) Pause Young (Prepare Mixed) (G1 Evacuation Pause)
[2355.329s][info][gc,task        ] GC(405) Using 6 workers of 6 for evacuation
[2355.444s][info][gc,phases      ] GC(405)   Pre Evacuate Collection Set: 0.36ms
[2355.444s][info][gc,phases      ] GC(405)   Merge Heap Roots: 0.54ms
[2355.444s][info][gc,phases      ] GC(405)   Evacuate Collection Set: 113.62ms
[2355.444s][info][gc,phases      ] GC(405)   Post Evacuate Collection Set: 0.94ms
[2355.444s][info][gc,phases      ] GC(405)   Other: 0.08ms
[2355.444s][info][gc,heap        ] GC(405) Eden regions: 1118->0(1115)
[2355.444s][info][gc,heap        ] GC(405) Survivor regions: 110->108(154)
[2355.444s][info][gc,heap        ] GC(405) Old regions: 503->534
[2355.444s][info][gc,heap        ] GC(405) Humongous regions: 80->80
[2355.444s][info][gc,metaspace   ] GC(405) Metaspace: 28947K(29248K)->28947K(29248K) NonClass: 24063K(24192K)->24063K(24192K) Class: 4883K(5056K)->4883K(5056K)
[2355.444s][info][gc             ] GC(405) Pause Young (Prepare Mixed) (G1 Evacuation Pause) 3617M->1440M(4096M) 115.713ms
[2355.444s][info][gc,cpu         ] GC(405) User=0.69s Sys=0.00s Real=0.11s
.....[2360.347s][info][gc,start       ] GC(406) Pause Young (Mixed) (G1 Evacuation Pause)
[2360.347s][info][gc,task        ] GC(406) Using 6 workers of 6 for evacuation
[2360.481s][info][gc,phases      ] GC(406)   Pre Evacuate Collection Set: 0.41ms
[2360.481s][info][gc,phases      ] GC(406)   Merge Heap Roots: 0.74ms
[2360.481s][info][gc,phases      ] GC(406)   Evacuate Collection Set: 131.42ms
[2360.481s][info][gc,phases      ] GC(406)   Post Evacuate Collection Set: 0.96ms
[2360.481s][info][gc,phases      ] GC(406)   Other: 0.09ms
[2360.481s][info][gc,heap        ] GC(406) Eden regions: 1115->0(1121)
[2360.481s][info][gc,heap        ] GC(406) Survivor regions: 108->107(153)
[2360.481s][info][gc,heap        ] GC(406) Old regions: 534->471
[2360.481s][info][gc,heap        ] GC(406) Humongous regions: 80->80
[2360.481s][info][gc,metaspace   ] GC(406) Metaspace: 28947K(29248K)->28947K(29248K) NonClass: 24063K(24192K)->24063K(24192K) Class: 4883K(5056K)->4883K(5056K)
[2360.481s][info][gc             ] GC(406) Pause Young (Mixed) (G1 Evacuation Pause) 3670M->1313M(4096M) 133.758ms
[2360.481s][info][gc,cpu         ] GC(406) User=0.80s Sys=0.00s Real=0.13s
.....[2365.380s][info][gc,start       ] GC(407) Pause Young (Concurrent Start) (G1 Evacuation Pause)
[2365.380s][info][gc,task        ] GC(407) Using 6 workers of 6 for evacuation
[2365.495s][info][gc,phases      ] GC(407)   Pre Evacuate Collection Set: 0.46ms
[2365.495s][info][gc,phases      ] GC(407)   Merge Heap Roots: 0.55ms
[2365.495s][info][gc,phases      ] GC(407)   Evacuate Collection Set: 112.40ms
[2365.495s][info][gc,phases      ] GC(407)   Post Evacuate Collection Set: 0.88ms
[2365.495s][info][gc,phases      ] GC(407)   Other: 0.13ms
[2365.495s][info][gc,heap        ] GC(407) Eden regions: 1121->0(1121)
[2365.495s][info][gc,heap        ] GC(407) Survivor regions: 107->107(154)
[2365.495s][info][gc,heap        ] GC(407) Old regions: 471->502
[2365.495s][info][gc,heap        ] GC(407) Humongous regions: 80->80
[2365.495s][info][gc,metaspace   ] GC(407) Metaspace: 28947K(29248K)->28947K(29248K) NonClass: 24063K(24192K)->24063K(24192K) Class: 4883K(5056K)->4883K(5056K)
[2365.495s][info][gc             ] GC(407) Pause Young (Concurrent Start) (G1 Evacuation Pause) 3555M->1375M(4096M) 114.569ms
[2365.495s][info][gc             ] GC(408) Concurrent Mark Cycle
[2365.495s][info][gc,marking     ] GC(408) Concurrent Scan Root Regions
[2365.495s][info][gc,cpu         ] GC(407) User=0.68s Sys=0.00s Real=0.12s
.[2365.620s][info][gc,marking     ] GC(408) Concurrent Scan Root Regions 125.302ms
[2365.620s][info][gc,marking     ] GC(408) Concurrent Mark
[2365.620s][info][gc,marking     ] GC(408) Concurrent Mark From Roots
[2365.620s][info][gc,task        ] GC(408) Using 2 workers of 2 for marking
[2366.324s][info][gc,marking     ] GC(408) Concurrent Mark From Roots 703.152ms
[2366.324s][info][gc,marking     ] GC(408) Concurrent Preclean
[2366.324s][info][gc,marking     ] GC(408) Concurrent Preclean 0.083ms
[2366.325s][info][gc,start       ] GC(408) Pause Remark
[2366.327s][info][gc             ] GC(408) Pause Remark 1767M->1767M(4096M) 2.536ms
[2366.327s][info][gc,cpu         ] GC(408) User=0.01s Sys=0.00s Real=0.00s
[2366.328s][info][gc,marking     ] GC(408) Concurrent Mark 707.132ms
[2366.328s][info][gc,marking     ] GC(408) Concurrent Rebuild Remembered Sets and Scrub Regions
.[2366.559s][info][gc,marking     ] GC(408) Concurrent Rebuild Remembered Sets and Scrub Regions 231.376ms
[2366.559s][info][gc,start       ] GC(408) Pause Cleanup
[2366.559s][info][gc             ] GC(408) Pause Cleanup 1881M->1881M(4096M) 0.123ms
[2366.559s][info][gc,cpu         ] GC(408) User=0.00s Sys=0.00s Real=0.00s
[2366.559s][info][gc,marking     ] GC(408) Concurrent Clear Claimed Marks
[2366.559s][info][gc,marking     ] GC(408) Concurrent Clear Claimed Marks 0.029ms
[2366.559s][info][gc,marking     ] GC(408) Concurrent Cleanup for Next Mark
[2366.564s][info][gc,marking     ] GC(408) Concurrent Cleanup for Next Mark 4.876ms
[2366.564s][info][gc             ] GC(408) Concurrent Mark Cycle 1069.182ms
...[2370.516s][info][gc,start       ] GC(409) Pause Young (Prepare Mixed) (G1 Evacuation Pause)
[2370.516s][info][gc,task        ] GC(409) Using 6 workers of 6 for evacuation
[2370.633s][info][gc,phases      ] GC(409)   Pre Evacuate Collection Set: 0.33ms
[2370.633s][info][gc,phases      ] GC(409)   Merge Heap Roots: 0.55ms
[2370.633s][info][gc,phases      ] GC(409)   Evacuate Collection Set: 114.86ms
[2370.633s][info][gc,phases      ] GC(409)   Post Evacuate Collection Set: 0.92ms
[2370.633s][info][gc,phases      ] GC(409)   Other: 0.10ms
[2370.633s][info][gc,heap        ] GC(409) Eden regions: 1121->0(1114)
[2370.633s][info][gc,heap        ] GC(409) Survivor regions: 107->109(154)
[2370.633s][info][gc,heap        ] GC(409) Old regions: 502->533
[2370.633s][info][gc,heap        ] GC(409) Humongous regions: 80->80
[2370.633s][info][gc,metaspace   ] GC(409) Metaspace: 28947K(29248K)->28947K(29248K) NonClass: 24063K(24192K)->24063K(24192K) Class: 4883K(5056K)->4883K(5056K)
[2370.633s][info][gc             ] GC(409) Pause Young (Prepare Mixed) (G1 Evacuation Pause) 3617M->1441M(4096M) 116.904ms
[2370.633s][info][gc,cpu         ] GC(409) User=0.69s Sys=0.00s Real=0.11s
.....[2375.513s][info][gc,start       ] GC(410) Pause Young (Mixed) (G1 Evacuation Pause)
[2375.513s][info][gc,task        ] GC(410) Using 6 workers of 6 for evacuation
[2375.647s][info][gc,phases      ] GC(410)   Pre Evacuate Collection Set: 0.35ms
[2375.647s][info][gc,phases      ] GC(410)   Merge Heap Roots: 0.77ms
[2375.647s][info][gc,phases      ] GC(410)   Evacuate Collection Set: 131.50ms
[2375.647s][info][gc,phases      ] GC(410)   Post Evacuate Collection Set: 0.95ms
[2375.647s][info][gc,phases      ] GC(410)   Other: 0.09ms
[2375.647s][info][gc,heap        ] GC(410) Eden regions: 1114->0(1118)
[2375.647s][info][gc,heap        ] GC(410) Survivor regions: 109->110(153)
[2375.647s][info][gc,heap        ] GC(410) Old regions: 533->471
[2375.647s][info][gc,heap        ] GC(410) Humongous regions: 80->80
[2375.647s][info][gc,metaspace   ] GC(410) Metaspace: 28947K(29248K)->28947K(29248K) NonClass: 24063K(24192K)->24063K(24192K) Class: 4883K(5056K)->4883K(5056K)
[2375.647s][info][gc             ] GC(410) Pause Young (Mixed) (G1 Evacuation Pause) 3669M->1318M(4096M) 133.818ms
[2375.647s][info][gc,cpu         ] GC(410) User=0.80s Sys=0.00s Real=0.14s
.....[2380.509s][info][gc,start       ] GC(411) Pause Young (Concurrent Start) (G1 Evacuation Pause)
[2380.509s][info][gc,task        ] GC(411) Using 6 workers of 6 for evacuation
[2380.625s][info][gc,phases      ] GC(411)   Pre Evacuate Collection Set: 0.37ms
[2380.625s][info][gc,phases      ] GC(411)   Merge Heap Roots: 0.50ms
[2380.625s][info][gc,phases      ] GC(411)   Evacuate Collection Set: 114.64ms
[2380.625s][info][gc,phases      ] GC(411)   Post Evacuate Collection Set: 0.89ms
[2380.625s][info][gc,phases      ] GC(411)   Other: 0.11ms
[2380.625s][info][gc,heap        ] GC(411) Eden regions: 1118->0(1120)
[2380.626s][info][gc,heap        ] GC(411) Survivor regions: 110->108(154)
[2380.626s][info][gc,heap        ] GC(411) Old regions: 471->503
[2380.626s][info][gc,heap        ] GC(411) Humongous regions: 80->80
[2380.626s][info][gc,metaspace   ] GC(411) Metaspace: 28947K(29248K)->28947K(29248K) NonClass: 24063K(24192K)->24063K(24192K) Class: 4883K(5056K)->4883K(5056K)
[2380.626s][info][gc             ] GC(411) Pause Young (Concurrent Start) (G1 Evacuation Pause) 3554M->1377M(4096M) 116.643ms
[2380.626s][info][gc             ] GC(412) Concurrent Mark Cycle
[2380.626s][info][gc,marking     ] GC(412) Concurrent Scan Root Regions
[2380.626s][info][gc,cpu         ] GC(411) User=0.69s Sys=0.00s Real=0.12s
.[2380.734s][info][gc,marking     ] GC(412) Concurrent Scan Root Regions 108.713ms
[2380.734s][info][gc,marking     ] GC(412) Concurrent Mark
[2380.734s][info][gc,marking     ] GC(412) Concurrent Mark From Roots
[2380.734s][info][gc,task        ] GC(412) Using 2 workers of 2 for marking
[2381.342s][info][gc,marking     ] GC(412) Concurrent Mark From Roots 608.019ms
[2381.342s][info][gc,marking     ] GC(412) Concurrent Preclean
[2381.342s][info][gc,marking     ] GC(412) Concurrent Preclean 0.062ms
[2381.343s][info][gc,start       ] GC(412) Pause Remark
[2381.345s][info][gc             ] GC(412) Pause Remark 1761M->1761M(4096M) 2.690ms
[2381.345s][info][gc,cpu         ] GC(412) User=0.01s Sys=0.00s Real=0.01s
[2381.345s][info][gc,marking     ] GC(412) Concurrent Mark 611.022ms
[2381.345s][info][gc,marking     ] GC(412) Concurrent Rebuild Remembered Sets and Scrub Regions
[2381.569s][info][gc,marking     ] GC(412) Concurrent Rebuild Remembered Sets and Scrub Regions 223.615ms
[2381.569s][info][gc,start       ] GC(412) Pause Cleanup
[2381.569s][info][gc             ] GC(412) Pause Cleanup 1846M->1846M(4096M) 0.116ms
[2381.569s][info][gc,cpu         ] GC(412) User=0.00s Sys=0.00s Real=0.00s
[2381.569s][info][gc,marking     ] GC(412) Concurrent Clear Claimed Marks
[2381.569s][info][gc,marking     ] GC(412) Concurrent Clear Claimed Marks 0.028ms
[2381.569s][info][gc,marking     ] GC(412) Concurrent Cleanup for Next Mark
[2381.573s][info][gc,marking     ] GC(412) Concurrent Cleanup for Next Mark 3.693ms
[2381.573s][info][gc             ] GC(412) Concurrent Mark Cycle 947.503ms
....[2385.565s][info][gc,start       ] GC(413) Pause Young (Prepare Mixed) (G1 Evacuation Pause)
[2385.565s][info][gc,task        ] GC(413) Using 6 workers of 6 for evacuation
[2385.684s][info][gc,phases      ] GC(413)   Pre Evacuate Collection Set: 0.35ms
[2385.684s][info][gc,phases      ] GC(413)   Merge Heap Roots: 0.69ms
[2385.684s][info][gc,phases      ] GC(413)   Evacuate Collection Set: 117.08ms
[2385.684s][info][gc,phases      ] GC(413)   Post Evacuate Collection Set: 0.97ms
[2385.684s][info][gc,phases      ] GC(413)   Other: 0.09ms
[2385.684s][info][gc,heap        ] GC(413) Eden regions: 1120->0(1110)
[2385.684s][info][gc,heap        ] GC(413) Survivor regions: 108->110(154)
[2385.684s][info][gc,heap        ] GC(413) Old regions: 503->535
[2385.684s][info][gc,heap        ] GC(413) Humongous regions: 80->80
[2385.684s][info][gc,metaspace   ] GC(413) Metaspace: 28947K(29248K)->28947K(29248K) NonClass: 24063K(24192K)->24063K(24192K) Class: 4883K(5056K)->4883K(5056K)
[2385.684s][info][gc             ] GC(413) Pause Young (Prepare Mixed) (G1 Evacuation Pause) 3617M->1445M(4096M) 119.327ms
[2385.684s][info][gc,cpu         ] GC(413) User=0.71s Sys=0.00s Real=0.11s
.....[2390.564s][info][gc,start       ] GC(414) Pause Young (Mixed) (G1 Evacuation Pause)
[2390.564s][info][gc,task        ] GC(414) Using 6 workers of 6 for evacuation
[2390.696s][info][gc,phases      ] GC(414)   Pre Evacuate Collection Set: 0.43ms
[2390.696s][info][gc,phases      ] GC(414)   Merge Heap Roots: 0.79ms
[2390.696s][info][gc,phases      ] GC(414)   Evacuate Collection Set: 129.55ms
[2390.696s][info][gc,phases      ] GC(414)   Post Evacuate Collection Set: 0.95ms
[2390.696s][info][gc,phases      ] GC(414)   Other: 0.09ms
[2390.696s][info][gc,heap        ] GC(414) Eden regions: 1110->0(1120)
[2390.696s][info][gc,heap        ] GC(414) Survivor regions: 110->108(153)
[2390.696s][info][gc,heap        ] GC(414) Old regions: 535->472
[2390.696s][info][gc,heap        ] GC(414) Humongous regions: 80->80
[2390.696s][info][gc,metaspace   ] GC(414) Metaspace: 28947K(29248K)->28947K(29248K) NonClass: 24063K(24192K)->24063K(24192K) Class: 4883K(5056K)->4883K(5056K)
[2390.696s][info][gc             ] GC(414) Pause Young (Mixed) (G1 Evacuation Pause) 3665M->1316M(4096M) 131.949ms
[2390.696s][info][gc,cpu         ] GC(414) User=0.79s Sys=0.00s Real=0.14s
.....[2395.583s][info][gc,start       ] GC(415) Pause Young (Concurrent Start) (G1 Evacuation Pause)
[2395.583s][info][gc,task        ] GC(415) Using 6 workers of 6 for evacuation
[2395.704s][info][gc,phases      ] GC(415)   Pre Evacuate Collection Set: 0.43ms
[2395.704s][info][gc,phases      ] GC(415)   Merge Heap Roots: 0.60ms
[2395.704s][info][gc,phases      ] GC(415)   Evacuate Collection Set: 118.96ms
[2395.704s][info][gc,phases      ] GC(415)   Post Evacuate Collection Set: 0.96ms
[2395.704s][info][gc,phases      ] GC(415)   Other: 0.13ms
[2395.704s][info][gc,heap        ] GC(415) Eden regions: 1120->0(1116)
[2395.704s][info][gc,heap        ] GC(415) Survivor regions: 108->112(154)
[2395.704s][info][gc,heap        ] GC(415) Old regions: 472->504
[2395.704s][info][gc,heap        ] GC(415) Humongous regions: 80->80
[2395.704s][info][gc,metaspace   ] GC(415) Metaspace: 28947K(29248K)->28947K(29248K) NonClass: 24063K(24192K)->24063K(24192K) Class: 4883K(5056K)->4883K(5056K)
[2395.704s][info][gc             ] GC(415) Pause Young (Concurrent Start) (G1 Evacuation Pause) 3556M->1388M(4096M) 121.204ms
[2395.704s][info][gc             ] GC(416) Concurrent Mark Cycle
[2395.704s][info][gc,marking     ] GC(416) Concurrent Scan Root Regions
[2395.704s][info][gc,cpu         ] GC(415) User=0.72s Sys=0.00s Real=0.12s
.[2395.861s][info][gc,marking     ] GC(416) Concurrent Scan Root Regions 156.355ms
[2395.861s][info][gc,marking     ] GC(416) Concurrent Mark
[2395.861s][info][gc,marking     ] GC(416) Concurrent Mark From Roots
[2395.861s][info][gc,task        ] GC(416) Using 2 workers of 2 for marking
[2396.536s][info][gc,marking     ] GC(416) Concurrent Mark From Roots 675.503ms
[2396.536s][info][gc,marking     ] GC(416) Concurrent Preclean
[2396.536s][info][gc,marking     ] GC(416) Concurrent Preclean 0.089ms
[2396.537s][info][gc,start       ] GC(416) Pause Remark
[2396.540s][info][gc             ] GC(416) Pause Remark 1779M->1779M(4096M) 2.676ms
[2396.540s][info][gc,cpu         ] GC(416) User=0.01s Sys=0.00s Real=0.00s
[2396.540s][info][gc,marking     ] GC(416) Concurrent Mark 679.420ms
[2396.540s][info][gc,marking     ] GC(416) Concurrent Rebuild Remembered Sets and Scrub Regions
.[2396.847s][info][gc,marking     ] GC(416) Concurrent Rebuild Remembered Sets and Scrub Regions 306.855ms
[2396.847s][info][gc,start       ] GC(416) Pause Cleanup
[2396.847s][info][gc             ] GC(416) Pause Cleanup 1928M->1928M(4096M) 0.125ms
[2396.847s][info][gc,cpu         ] GC(416) User=0.00s Sys=0.00s Real=0.00s
[2396.847s][info][gc,marking     ] GC(416) Concurrent Clear Claimed Marks
[2396.847s][info][gc,marking     ] GC(416) Concurrent Clear Claimed Marks 0.028ms
[2396.847s][info][gc,marking     ] GC(416) Concurrent Cleanup for Next Mark
[2396.850s][info][gc,marking     ] GC(416) Concurrent Cleanup for Next Mark 3.181ms
[2396.850s][info][gc             ] GC(416) Concurrent Mark Cycle 1146.289ms
...[2400.577s][info][gc,start       ] GC(417) Pause Young (Prepare Mixed) (G1 Evacuation Pause)
[2400.577s][info][gc,task        ] GC(417) Using 6 workers of 6 for evacuation
[2400.695s][info][gc,phases      ] GC(417)   Pre Evacuate Collection Set: 0.30ms
[2400.695s][info][gc,phases      ] GC(417)   Merge Heap Roots: 0.57ms
[2400.695s][info][gc,phases      ] GC(417)   Evacuate Collection Set: 115.48ms
[2400.695s][info][gc,phases      ] GC(417)   Post Evacuate Collection Set: 0.98ms
[2400.695s][info][gc,phases      ] GC(417)   Other: 0.09ms
[2400.695s][info][gc,heap        ] GC(417) Eden regions: 1116->0(1110)
[2400.695s][info][gc,heap        ] GC(417) Survivor regions: 112->110(154)
[2400.695s][info][gc,heap        ] GC(417) Old regions: 504->535
[2400.695s][info][gc,heap        ] GC(417) Humongous regions: 80->80
[2400.695s][info][gc,metaspace   ] GC(417) Metaspace: 28947K(29248K)->28947K(29248K) NonClass: 24063K(24192K)->24063K(24192K) Class: 4883K(5056K)->4883K(5056K)
[2400.695s][info][gc             ] GC(417) Pause Young (Prepare Mixed) (G1 Evacuation Pause) 3620M->1446M(4096M) 117.558ms
[2400.695s][info][gc,cpu         ] GC(417) User=0.70s Sys=0.00s Real=0.12s
.....[2405.602s][info][gc,start       ] GC(418) Pause Young (Mixed) (G1 Evacuation Pause)
[2405.602s][info][gc,task        ] GC(418) Using 6 workers of 6 for evacuation
[2405.733s][info][gc,phases      ] GC(418)   Pre Evacuate Collection Set: 0.42ms
[2405.733s][info][gc,phases      ] GC(418)   Merge Heap Roots: 0.76ms
[2405.733s][info][gc,phases      ] GC(418)   Evacuate Collection Set: 128.74ms
[2405.733s][info][gc,phases      ] GC(418)   Post Evacuate Collection Set: 0.99ms
[2405.733s][info][gc,phases      ] GC(418)   Other: 0.10ms
[2405.733s][info][gc,heap        ] GC(418) Eden regions: 1110->0(1120)
[2405.733s][info][gc,heap        ] GC(418) Survivor regions: 110->108(153)
[2405.733s][info][gc,heap        ] GC(418) Old regions: 535->470
[2405.733s][info][gc,heap        ] GC(418) Humongous regions: 80->80
[2405.733s][info][gc,metaspace   ] GC(418) Metaspace: 28947K(29248K)->28947K(29248K) NonClass: 24063K(24192K)->24063K(24192K) Class: 4883K(5056K)->4883K(5056K)
[2405.733s][info][gc             ] GC(418) Pause Young (Mixed) (G1 Evacuation Pause) 3666M->1311M(4096M) 131.163ms
[2405.733s][info][gc,cpu         ] GC(418) User=0.78s Sys=0.00s Real=0.13s
.....[2410.662s][info][gc,start       ] GC(419) Pause Young (Concurrent Start) (G1 Evacuation Pause)
[2410.662s][info][gc,task        ] GC(419) Using 6 workers of 6 for evacuation
[2410.780s][info][gc,phases      ] GC(419)   Pre Evacuate Collection Set: 0.42ms
[2410.780s][info][gc,phases      ] GC(419)   Merge Heap Roots: 0.52ms
[2410.780s][info][gc,phases      ] GC(419)   Evacuate Collection Set: 115.79ms
[2410.780s][info][gc,phases      ] GC(419)   Post Evacuate Collection Set: 0.90ms
[2410.780s][info][gc,phases      ] GC(419)   Other: 0.13ms
[2410.780s][info][gc,heap        ] GC(419) Eden regions: 1120->0(1119)
[2410.780s][info][gc,heap        ] GC(419) Survivor regions: 108->109(154)
[2410.780s][info][gc,heap        ] GC(419) Old regions: 470->502
[2410.780s][info][gc,heap        ] GC(419) Humongous regions: 80->80
[2410.780s][info][gc,metaspace   ] GC(419) Metaspace: 28947K(29248K)->28947K(29248K) NonClass: 24063K(24192K)->24063K(24192K) Class: 4883K(5056K)->4883K(5056K)
[2410.780s][info][gc             ] GC(419) Pause Young (Concurrent Start) (G1 Evacuation Pause) 3551M->1377M(4096M) 117.912ms
[2410.780s][info][gc             ] GC(420) Concurrent Mark Cycle
[2410.780s][info][gc,marking     ] GC(420) Concurrent Scan Root Regions
[2410.780s][info][gc,cpu         ] GC(419) User=0.70s Sys=0.00s Real=0.12s
.[2410.943s][info][gc,marking     ] GC(420) Concurrent Scan Root Regions 163.195ms
[2410.943s][info][gc,marking     ] GC(420) Concurrent Mark
[2410.943s][info][gc,marking     ] GC(420) Concurrent Mark From Roots
[2410.943s][info][gc,task        ] GC(420) Using 2 workers of 2 for marking
[2411.653s][info][gc,marking     ] GC(420) Concurrent Mark From Roots 709.366ms
[2411.653s][info][gc,marking     ] GC(420) Concurrent Preclean
[2411.653s][info][gc,marking     ] GC(420) Concurrent Preclean 0.058ms
[2411.653s][info][gc,start       ] GC(420) Pause Remark
[2411.656s][info][gc             ] GC(420) Pause Remark 1838M->1838M(4096M) 2.922ms
[2411.656s][info][gc,cpu         ] GC(420) User=0.01s Sys=0.00s Real=0.01s
[2411.656s][info][gc,marking     ] GC(420) Concurrent Mark 712.577ms
[2411.656s][info][gc,marking     ] GC(420) Concurrent Rebuild Remembered Sets and Scrub Regions
.[2411.961s][info][gc,marking     ] GC(420) Concurrent Rebuild Remembered Sets and Scrub Regions 304.592ms
[2411.961s][info][gc,start       ] GC(420) Pause Cleanup
[2411.961s][info][gc             ] GC(420) Pause Cleanup 1972M->1972M(4096M) 0.135ms
[2411.961s][info][gc,cpu         ] GC(420) User=0.00s Sys=0.00s Real=0.00s
[2411.961s][info][gc,marking     ] GC(420) Concurrent Clear Claimed Marks
[2411.961s][info][gc,marking     ] GC(420) Concurrent Clear Claimed Marks 0.031ms
[2411.961s][info][gc,marking     ] GC(420) Concurrent Cleanup for Next Mark
[2411.964s][info][gc,marking     ] GC(420) Concurrent Cleanup for Next Mark 3.180ms
[2411.964s][info][gc             ] GC(420) Concurrent Mark Cycle 1184.034ms
.. (rIR:aIR:PR = 3736:3738:3738) (tPR = 55454) [OK] 
  2413s: Performance info:
         Transaction,    Success,    Partial,     Failed,   Receipts, AvgBarcode, 
             Overall,     225204,          0,          0,     213929,      59.47, 
         Response times:
             Request,    Success,    Partial,     Failed,   SkipFail,     Probes,    Samples,      min,      p50,      p90,      p95,      p99,      max, 
       TotalPurchase,     213929,          0,          0,          0,     209386,     239820,      300,     3000,     5200,     6900,    32000,   200000,
     InStorePurchase,     112576,          0,          0,          0,     110657,     126435,      300,     3100,     5200,     6900,    33000,   139000,
      OnlinePurchase,      78825,          0,          0,          0,      76880,      88010,      300,     3000,     5100,     6800,    32000,   200000,
        InstPurchase,      22528,          0,          0,          0,      21849,      25375,      400,     2800,     5100,     7100,    30000,   139000,
          AssocOfCat,        223,          0,          0,          0,        155,        242,    16900,    29000,    40000,    52550,    69570,    87000,
      AssocOfProduct,       2258,          0,          0,          0,       2031,       2468,      500,     2000,     5100,     6600,    32000,   138000,
      BusinessReport,        560,          0,          0,          0,        458,        603,    19700,    31000,    45000,    54000,   153920,   220000,
          CustBuyBeh,       2250,          0,          0,          0,       2035,       2491,      200,     3000,     5400,     7640,    36080,   139000,
       ProductReturn,       5984,          0,          0,          0,       5742,       6806,      400,     3600,     5700,     8465,    35930,   136000,

  2413s: (28%)   IR =   3874 .[2415.663s][info][gc,start       ] GC(421) Pause Young (Prepare Mixed) (G1 Evacuation Pause)
[2415.663s][info][gc,task        ] GC(421) Using 6 workers of 6 for evacuation
[2415.781s][info][gc,phases      ] GC(421)   Pre Evacuate Collection Set: 0.36ms
[2415.781s][info][gc,phases      ] GC(421)   Merge Heap Roots: 0.60ms
[2415.781s][info][gc,phases      ] GC(421)   Evacuate Collection Set: 115.56ms
[2415.781s][info][gc,phases      ] GC(421)   Post Evacuate Collection Set: 0.92ms
[2415.781s][info][gc,phases      ] GC(421)   Other: 0.08ms
[2415.781s][info][gc,heap        ] GC(421) Eden regions: 1119->0(1113)
[2415.781s][info][gc,heap        ] GC(421) Survivor regions: 109->109(154)
[2415.781s][info][gc,heap        ] GC(421) Old regions: 502->534
[2415.781s][info][gc,heap        ] GC(421) Humongous regions: 80->80
[2415.781s][info][gc,metaspace   ] GC(421) Metaspace: 28947K(29248K)->28947K(29248K) NonClass: 24063K(24192K)->24063K(24192K) Class: 4883K(5056K)->4883K(5056K)
[2415.781s][info][gc             ] GC(421) Pause Young (Prepare Mixed) (G1 Evacuation Pause) 3615M->1441M(4096M) 117.665ms
[2415.781s][info][gc,cpu         ] GC(421) User=0.70s Sys=0.00s Real=0.12s
....|.[2420.490s][info][gc,start       ] GC(422) Pause Young (Mixed) (G1 Evacuation Pause)
[2420.490s][info][gc,task        ] GC(422) Using 6 workers of 6 for evacuation
[2420.625s][info][gc,phases      ] GC(422)   Pre Evacuate Collection Set: 0.40ms
[2420.625s][info][gc,phases      ] GC(422)   Merge Heap Roots: 0.77ms
[2420.625s][info][gc,phases      ] GC(422)   Evacuate Collection Set: 132.87ms
[2420.625s][info][gc,phases      ] GC(422)   Post Evacuate Collection Set: 0.97ms
[2420.625s][info][gc,phases      ] GC(422)   Other: 0.09ms
[2420.625s][info][gc,heap        ] GC(422) Eden regions: 1113->0(1120)
[2420.625s][info][gc,heap        ] GC(422) Survivor regions: 109->108(153)
[2420.625s][info][gc,heap        ] GC(422) Old regions: 534->471
[2420.625s][info][gc,heap        ] GC(422) Humongous regions: 80->80
[2420.625s][info][gc,metaspace   ] GC(422) Metaspace: 28947K(29248K)->28947K(29248K) NonClass: 24063K(24192K)->24063K(24192K) Class: 4883K(5056K)->4883K(5056K)
[2420.625s][info][gc             ] GC(422) Pause Young (Mixed) (G1 Evacuation Pause) 3667M->1315M(4096M) 135.226ms
[2420.625s][info][gc,cpu         ] GC(422) User=0.81s Sys=0.00s Real=0.14s
.....[2425.409s][info][gc,start       ] GC(423) Pause Young (Concurrent Start) (G1 Evacuation Pause)
[2425.409s][info][gc,task        ] GC(423) Using 6 workers of 6 for evacuation
[2425.526s][info][gc,phases      ] GC(423)   Pre Evacuate Collection Set: 0.43ms
[2425.526s][info][gc,phases      ] GC(423)   Merge Heap Roots: 0.54ms
[2425.526s][info][gc,phases      ] GC(423)   Evacuate Collection Set: 114.92ms
[2425.526s][info][gc,phases      ] GC(423)   Post Evacuate Collection Set: 0.91ms
[2425.526s][info][gc,phases      ] GC(423)   Other: 0.10ms
[2425.526s][info][gc,heap        ] GC(423) Eden regions: 1120->0(1119)
[2425.526s][info][gc,heap        ] GC(423) Survivor regions: 108->109(154)
[2425.526s][info][gc,heap        ] GC(423) Old regions: 471->504
[2425.526s][info][gc,heap        ] GC(423) Humongous regions: 80->80
[2425.526s][info][gc,metaspace   ] GC(423) Metaspace: 28947K(29248K)->28947K(29248K) NonClass: 24063K(24192K)->24063K(24192K) Class: 4883K(5056K)->4883K(5056K)
[2425.526s][info][gc             ] GC(423) Pause Young (Concurrent Start) (G1 Evacuation Pause) 3555M->1381M(4096M) 117.047ms
[2425.526s][info][gc             ] GC(424) Concurrent Mark Cycle
[2425.526s][info][gc,marking     ] GC(424) Concurrent Scan Root Regions
[2425.526s][info][gc,cpu         ] GC(423) User=0.69s Sys=0.01s Real=0.12s
[2425.697s][info][gc,marking     ] GC(424) Concurrent Scan Root Regions 171.364ms
[2425.697s][info][gc,marking     ] GC(424) Concurrent Mark
[2425.697s][info][gc,marking     ] GC(424) Concurrent Mark From Roots
[2425.697s][info][gc,task        ] GC(424) Using 2 workers of 2 for marking
.[2426.390s][info][gc,marking     ] GC(424) Concurrent Mark From Roots 692.493ms
[2426.390s][info][gc,marking     ] GC(424) Concurrent Preclean
[2426.390s][info][gc,marking     ] GC(424) Concurrent Preclean 0.065ms
[2426.390s][info][gc,start       ] GC(424) Pause Remark
[2426.392s][info][gc             ] GC(424) Pause Remark 1841M->1841M(4096M) 2.416ms
[2426.392s][info][gc,cpu         ] GC(424) User=0.01s Sys=0.00s Real=0.00s
[2426.392s][info][gc,marking     ] GC(424) Concurrent Mark 695.207ms
[2426.392s][info][gc,marking     ] GC(424) Concurrent Rebuild Remembered Sets and Scrub Regions
[2426.675s][info][gc,marking     ] GC(424) Concurrent Rebuild Remembered Sets and Scrub Regions 282.273ms
[2426.675s][info][gc,start       ] GC(424) Pause Cleanup
[2426.675s][info][gc             ] GC(424) Pause Cleanup 2004M->2004M(4096M) 0.128ms
[2426.675s][info][gc,cpu         ] GC(424) User=0.00s Sys=0.00s Real=0.00s
[2426.675s][info][gc,marking     ] GC(424) Concurrent Clear Claimed Marks
[2426.675s][info][gc,marking     ] GC(424) Concurrent Clear Claimed Marks 0.027ms
[2426.675s][info][gc,marking     ] GC(424) Concurrent Cleanup for Next Mark
[2426.678s][info][gc,marking     ] GC(424) Concurrent Cleanup for Next Mark 3.292ms
[2426.678s][info][gc             ] GC(424) Concurrent Mark Cycle 1152.568ms
....[2430.258s][info][gc,start       ] GC(425) Pause Young (Prepare Mixed) (G1 Evacuation Pause)
[2430.258s][info][gc,task        ] GC(425) Using 6 workers of 6 for evacuation
[2430.373s][info][gc,phases      ] GC(425)   Pre Evacuate Collection Set: 0.35ms
[2430.373s][info][gc,phases      ] GC(425)   Merge Heap Roots: 0.58ms
[2430.373s][info][gc,phases      ] GC(425)   Evacuate Collection Set: 113.44ms
[2430.373s][info][gc,phases      ] GC(425)   Post Evacuate Collection Set: 0.93ms
[2430.373s][info][gc,phases      ] GC(425)   Other: 0.09ms
[2430.373s][info][gc,heap        ] GC(425) Eden regions: 1119->0(1116)
[2430.373s][info][gc,heap        ] GC(425) Survivor regions: 109->107(154)
[2430.373s][info][gc,heap        ] GC(425) Old regions: 504->535
[2430.373s][info][gc,heap        ] GC(425) Humongous regions: 80->80
[2430.373s][info][gc,metaspace   ] GC(425) Metaspace: 28947K(29248K)->28947K(29248K) NonClass: 24063K(24192K)->24063K(24192K) Class: 4883K(5056K)->4883K(5056K)
[2430.373s][info][gc             ] GC(425) Pause Young (Prepare Mixed) (G1 Evacuation Pause) 3619M->1441M(4096M) 115.510ms
[2430.373s][info][gc,cpu         ] GC(425) User=0.68s Sys=0.00s Real=0.11s
.....[2435.032s][info][gc,start       ] GC(426) Pause Young (Mixed) (G1 Evacuation Pause)
[2435.032s][info][gc,task        ] GC(426) Using 6 workers of 6 for evacuation
[2435.166s][info][gc,phases      ] GC(426)   Pre Evacuate Collection Set: 0.43ms
[2435.166s][info][gc,phases      ] GC(426)   Merge Heap Roots: 0.92ms
[2435.166s][info][gc,phases      ] GC(426)   Evacuate Collection Set: 131.08ms
[2435.166s][info][gc,phases      ] GC(426)   Post Evacuate Collection Set: 0.97ms
[2435.166s][info][gc,phases      ] GC(426)   Other: 0.10ms
[2435.166s][info][gc,heap        ] GC(426) Eden regions: 1116->0(1119)
[2435.166s][info][gc,heap        ] GC(426) Survivor regions: 107->109(153)
[2435.166s][info][gc,heap        ] GC(426) Old regions: 535->471
[2435.166s][info][gc,heap        ] GC(426) Humongous regions: 80->80
[2435.166s][info][gc,metaspace   ] GC(426) Metaspace: 28947K(29248K)->28947K(29248K) NonClass: 24063K(24192K)->24063K(24192K) Class: 4883K(5056K)->4883K(5056K)
[2435.166s][info][gc             ] GC(426) Pause Young (Mixed) (G1 Evacuation Pause) 3673M->1316M(4096M) 133.639ms
[2435.166s][info][gc,cpu         ] GC(426) User=0.80s Sys=0.00s Real=0.14s
.....[2439.946s][info][gc,start       ] GC(427) Pause Young (Concurrent Start) (G1 Evacuation Pause)
[2439.946s][info][gc,task        ] GC(427) Using 6 workers of 6 for evacuation
[2440.063s][info][gc,phases      ] GC(427)   Pre Evacuate Collection Set: 0.40ms
[2440.063s][info][gc,phases      ] GC(427)   Merge Heap Roots: 0.51ms
[2440.063s][info][gc,phases      ] GC(427)   Evacuate Collection Set: 114.85ms
[2440.063s][info][gc,phases      ] GC(427)   Post Evacuate Collection Set: 0.89ms
[2440.063s][info][gc,phases      ] GC(427)   Other: 0.10ms
[2440.063s][info][gc,heap        ] GC(427) Eden regions: 1119->0(1118)
[2440.063s][info][gc,heap        ] GC(427) Survivor regions: 109->110(154)
[2440.063s][info][gc,heap        ] GC(427) Old regions: 471->504
[2440.063s][info][gc,heap        ] GC(427) Humongous regions: 80->80
[2440.063s][info][gc,metaspace   ] GC(427) Metaspace: 28947K(29248K)->28947K(29248K) NonClass: 24063K(24192K)->24063K(24192K) Class: 4883K(5056K)->4883K(5056K)
[2440.063s][info][gc             ] GC(427) Pause Young (Concurrent Start) (G1 Evacuation Pause) 3554M->1383M(4096M) 116.912ms
[2440.063s][info][gc             ] GC(428) Concurrent Mark Cycle
[2440.063s][info][gc,marking     ] GC(428) Concurrent Scan Root Regions
[2440.063s][info][gc,cpu         ] GC(427) User=0.70s Sys=0.00s Real=0.11s
[2440.232s][info][gc,marking     ] GC(428) Concurrent Scan Root Regions 168.603ms
[2440.232s][info][gc,marking     ] GC(428) Concurrent Mark
[2440.232s][info][gc,marking     ] GC(428) Concurrent Mark From Roots
[2440.232s][info][gc,task        ] GC(428) Using 2 workers of 2 for marking
.[2441.195s][info][gc,marking     ] GC(428) Concurrent Mark From Roots 963.774ms
[2441.196s][info][gc,marking     ] GC(428) Concurrent Preclean
[2441.196s][info][gc,marking     ] GC(428) Concurrent Preclean 0.083ms
[2441.197s][info][gc,start       ] GC(428) Pause Remark
[2441.200s][info][gc             ] GC(428) Pause Remark 1997M->1997M(4096M) 2.802ms
[2441.200s][info][gc,cpu         ] GC(428) User=0.02s Sys=0.00s Real=0.00s
[2441.200s][info][gc,marking     ] GC(428) Concurrent Mark 968.291ms
[2441.200s][info][gc,marking     ] GC(428) Concurrent Rebuild Remembered Sets and Scrub Regions
[2441.426s][info][gc,marking     ] GC(428) Concurrent Rebuild Remembered Sets and Scrub Regions 226.241ms
[2441.426s][info][gc,start       ] GC(428) Pause Cleanup
[2441.427s][info][gc             ] GC(428) Pause Cleanup 2091M->2091M(4096M) 0.124ms
[2441.427s][info][gc,cpu         ] GC(428) User=0.00s Sys=0.00s Real=0.00s
[2441.427s][info][gc,marking     ] GC(428) Concurrent Clear Claimed Marks
[2441.427s][info][gc,marking     ] GC(428) Concurrent Clear Claimed Marks 0.035ms
[2441.427s][info][gc,marking     ] GC(428) Concurrent Cleanup for Next Mark
[2441.431s][info][gc,marking     ] GC(428) Concurrent Cleanup for Next Mark 4.197ms
[2441.431s][info][gc             ] GC(428) Concurrent Mark Cycle 1367.870ms
...[2444.832s][info][gc,start       ] GC(429) Pause Young (Prepare Mixed) (G1 Evacuation Pause)
[2444.832s][info][gc,task        ] GC(429) Using 6 workers of 6 for evacuation
[2444.953s][info][gc,phases      ] GC(429)   Pre Evacuate Collection Set: 0.35ms
[2444.953s][info][gc,phases      ] GC(429)   Merge Heap Roots: 0.61ms
[2444.953s][info][gc,phases      ] GC(429)   Evacuate Collection Set: 118.91ms
[2444.953s][info][gc,phases      ] GC(429)   Post Evacuate Collection Set: 0.97ms
[2444.953s][info][gc,phases      ] GC(429)   Other: 0.09ms
[2444.953s][info][gc,heap        ] GC(429) Eden regions: 1118->0(1106)
[2444.953s][info][gc,heap        ] GC(429) Survivor regions: 110->112(154)
[2444.953s][info][gc,heap        ] GC(429) Old regions: 504->535
[2444.953s][info][gc,heap        ] GC(429) Humongous regions: 80->80
[2444.953s][info][gc,metaspace   ] GC(429) Metaspace: 28947K(29248K)->28947K(29248K) NonClass: 24063K(24192K)->24063K(24192K) Class: 4883K(5056K)->4883K(5056K)
[2444.954s][info][gc             ] GC(429) Pause Young (Prepare Mixed) (G1 Evacuation Pause) 3619M->1450M(4096M) 121.063ms
[2444.954s][info][gc,cpu         ] GC(429) User=0.72s Sys=0.00s Real=0.12s
.....[2449.487s][info][gc,start       ] GC(430) Pause Young (Mixed) (G1 Evacuation Pause)
[2449.487s][info][gc,task        ] GC(430) Using 6 workers of 6 for evacuation
[2449.619s][info][gc,phases      ] GC(430)   Pre Evacuate Collection Set: 0.44ms
[2449.619s][info][gc,phases      ] GC(430)   Merge Heap Roots: 0.78ms
[2449.619s][info][gc,phases      ] GC(430)   Evacuate Collection Set: 129.97ms
[2449.619s][info][gc,phases      ] GC(430)   Post Evacuate Collection Set: 0.97ms
[2449.619s][info][gc,phases      ] GC(430)   Other: 0.09ms
[2449.619s][info][gc,heap        ] GC(430) Eden regions: 1106->0(1121)
[2449.619s][info][gc,heap        ] GC(430) Survivor regions: 112->107(153)
[2449.619s][info][gc,heap        ] GC(430) Old regions: 535->471
[2449.619s][info][gc,heap        ] GC(430) Humongous regions: 80->80
[2449.619s][info][gc,metaspace   ] GC(430) Metaspace: 28947K(29248K)->28947K(29248K) NonClass: 24063K(24192K)->24063K(24192K) Class: 4883K(5056K)->4883K(5056K)
[2449.619s][info][gc             ] GC(430) Pause Young (Mixed) (G1 Evacuation Pause) 3662M->1313M(4096M) 132.411ms
[2449.619s][info][gc,cpu         ] GC(430) User=0.78s Sys=0.00s Real=0.13s
.....[2454.400s][info][gc,start       ] GC(431) Pause Young (Concurrent Start) (G1 Evacuation Pause)
[2454.400s][info][gc,task        ] GC(431) Using 6 workers of 6 for evacuation
[2454.515s][info][gc,phases      ] GC(431)   Pre Evacuate Collection Set: 0.41ms
[2454.515s][info][gc,phases      ] GC(431)   Merge Heap Roots: 0.49ms
[2454.515s][info][gc,phases      ] GC(431)   Evacuate Collection Set: 113.38ms
[2454.515s][info][gc,phases      ] GC(431)   Post Evacuate Collection Set: 0.89ms
[2454.516s][info][gc,phases      ] GC(431)   Other: 0.13ms
[2454.516s][info][gc,heap        ] GC(431) Eden regions: 1121->0(1121)
[2454.516s][info][gc,heap        ] GC(431) Survivor regions: 107->107(154)
[2454.516s][info][gc,heap        ] GC(431) Old regions: 471->504
[2454.516s][info][gc,heap        ] GC(431) Humongous regions: 80->80
[2454.516s][info][gc,metaspace   ] GC(431) Metaspace: 28947K(29248K)->28947K(29248K) NonClass: 24063K(24192K)->24063K(24192K) Class: 4883K(5056K)->4883K(5056K)
[2454.516s][info][gc             ] GC(431) Pause Young (Concurrent Start) (G1 Evacuation Pause) 3555M->1378M(4096M) 115.434ms
[2454.516s][info][gc             ] GC(432) Concurrent Mark Cycle
[2454.516s][info][gc,marking     ] GC(432) Concurrent Scan Root Regions
[2454.516s][info][gc,cpu         ] GC(431) User=0.69s Sys=0.00s Real=0.12s
[2454.654s][info][gc,marking     ] GC(432) Concurrent Scan Root Regions 138.617ms
[2454.654s][info][gc,marking     ] GC(432) Concurrent Mark
[2454.654s][info][gc,marking     ] GC(432) Concurrent Mark From Roots
[2454.654s][info][gc,task        ] GC(432) Using 2 workers of 2 for marking
.[2455.616s][info][gc,marking     ] GC(432) Concurrent Mark From Roots 961.805ms
[2455.616s][info][gc,marking     ] GC(432) Concurrent Preclean
[2455.616s][info][gc,marking     ] GC(432) Concurrent Preclean 0.057ms
[2455.616s][info][gc,start       ] GC(432) Pause Remark
[2455.619s][info][gc             ] GC(432) Pause Remark 1932M->1932M(4096M) 2.868ms
[2455.619s][info][gc,cpu         ] GC(432) User=0.01s Sys=0.00s Real=0.00s
[2455.619s][info][gc,marking     ] GC(432) Concurrent Mark 964.995ms
[2455.619s][info][gc,marking     ] GC(432) Concurrent Rebuild Remembered Sets and Scrub Regions
.[2456.027s][info][gc,marking     ] GC(432) Concurrent Rebuild Remembered Sets and Scrub Regions 407.778ms
[2456.027s][info][gc,start       ] GC(432) Pause Cleanup
[2456.027s][info][gc             ] GC(432) Pause Cleanup 2133M->2133M(4096M) 0.130ms
[2456.027s][info][gc,cpu         ] GC(432) User=0.00s Sys=0.00s Real=0.00s
[2456.027s][info][gc,marking     ] GC(432) Concurrent Clear Claimed Marks
[2456.027s][info][gc,marking     ] GC(432) Concurrent Clear Claimed Marks 0.043ms
[2456.028s][info][gc,marking     ] GC(432) Concurrent Cleanup for Next Mark
[2456.033s][info][gc,marking     ] GC(432) Concurrent Cleanup for Next Mark 5.248ms
[2456.033s][info][gc             ] GC(432) Concurrent Mark Cycle 1517.231ms
...[2459.281s][info][gc,start       ] GC(433) Pause Young (Prepare Mixed) (G1 Evacuation Pause)
[2459.281s][info][gc,task        ] GC(433) Using 6 workers of 6 for evacuation
[2459.398s][info][gc,phases      ] GC(433)   Pre Evacuate Collection Set: 0.33ms
[2459.398s][info][gc,phases      ] GC(433)   Merge Heap Roots: 0.55ms
[2459.398s][info][gc,phases      ] GC(433)   Evacuate Collection Set: 114.94ms
[2459.398s][info][gc,phases      ] GC(433)   Post Evacuate Collection Set: 0.93ms
[2459.398s][info][gc,phases      ] GC(433)   Other: 0.09ms
[2459.398s][info][gc,heap        ] GC(433) Eden regions: 1121->0(1112)
[2459.398s][info][gc,heap        ] GC(433) Survivor regions: 107->109(154)
[2459.398s][info][gc,heap        ] GC(433) Old regions: 504->535
[2459.398s][info][gc,heap        ] GC(433) Humongous regions: 80->80
[2459.398s][info][gc,metaspace   ] GC(433) Metaspace: 28947K(29248K)->28947K(29248K) NonClass: 24063K(24192K)->24063K(24192K) Class: 4883K(5056K)->4883K(5056K)
[2459.398s][info][gc             ] GC(433) Pause Young (Prepare Mixed) (G1 Evacuation Pause) 3620M->1443M(4096M) 116.979ms
[2459.398s][info][gc,cpu         ] GC(433) User=0.70s Sys=0.01s Real=0.12s
.....[2464.121s][info][gc,start       ] GC(434) Pause Young (Mixed) (G1 Evacuation Pause)
[2464.121s][info][gc,task        ] GC(434) Using 6 workers of 6 for evacuation
[2464.254s][info][gc,phases      ] GC(434)   Pre Evacuate Collection Set: 0.37ms
[2464.254s][info][gc,phases      ] GC(434)   Merge Heap Roots: 0.77ms
[2464.254s][info][gc,phases      ] GC(434)   Evacuate Collection Set: 130.78ms
[2464.254s][info][gc,phases      ] GC(434)   Post Evacuate Collection Set: 0.97ms
[2464.254s][info][gc,phases      ] GC(434)   Other: 0.10ms
[2464.254s][info][gc,heap        ] GC(434) Eden regions: 1112->0(1121)
[2464.254s][info][gc,heap        ] GC(434) Survivor regions: 109->107(153)
[2464.254s][info][gc,heap        ] GC(434) Old regions: 535->473
[2464.254s][info][gc,heap        ] GC(434) Humongous regions: 80->80
[2464.254s][info][gc,metaspace   ] GC(434) Metaspace: 28947K(29248K)->28947K(29248K) NonClass: 24063K(24192K)->24063K(24192K) Class: 4883K(5056K)->4883K(5056K)
[2464.254s][info][gc             ] GC(434) Pause Young (Mixed) (G1 Evacuation Pause) 3667M->1315M(4096M) 133.131ms
[2464.254s][info][gc,cpu         ] GC(434) User=0.79s Sys=0.00s Real=0.13s
....[2468.945s][info][gc,start       ] GC(435) Pause Young (Concurrent Start) (G1 Evacuation Pause)
[2468.945s][info][gc,task        ] GC(435) Using 6 workers of 6 for evacuation
[2469.061s][info][gc,phases      ] GC(435)   Pre Evacuate Collection Set: 0.40ms
[2469.061s][info][gc,phases      ] GC(435)   Merge Heap Roots: 0.52ms
[2469.061s][info][gc,phases      ] GC(435)   Evacuate Collection Set: 114.29ms
[2469.061s][info][gc,phases      ] GC(435)   Post Evacuate Collection Set: 0.90ms
[2469.061s][info][gc,phases      ] GC(435)   Other: 0.11ms
[2469.061s][info][gc,heap        ] GC(435) Eden regions: 1121->0(1119)
[2469.061s][info][gc,heap        ] GC(435) Survivor regions: 107->109(154)
[2469.061s][info][gc,heap        ] GC(435) Old regions: 473->505
[2469.061s][info][gc,heap        ] GC(435) Humongous regions: 80->80
[2469.061s][info][gc,metaspace   ] GC(435) Metaspace: 28947K(29248K)->28947K(29248K) NonClass: 24063K(24192K)->24063K(24192K) Class: 4883K(5056K)->4883K(5056K)
[2469.061s][info][gc             ] GC(435) Pause Young (Concurrent Start) (G1 Evacuation Pause) 3557M->1383M(4096M) 116.343ms
[2469.061s][info][gc             ] GC(436) Concurrent Mark Cycle
[2469.061s][info][gc,marking     ] GC(436) Concurrent Scan Root Regions
[2469.061s][info][gc,cpu         ] GC(435) User=0.69s Sys=0.00s Real=0.11s
.[2469.193s][info][gc,marking     ] GC(436) Concurrent Scan Root Regions 131.381ms
[2469.193s][info][gc,marking     ] GC(436) Concurrent Mark
[2469.193s][info][gc,marking     ] GC(436) Concurrent Mark From Roots
[2469.193s][info][gc,task        ] GC(436) Using 2 workers of 2 for marking
[2469.783s][info][gc,marking     ] GC(436) Concurrent Mark From Roots 590.143ms
[2469.783s][info][gc,marking     ] GC(436) Concurrent Preclean
[2469.783s][info][gc,marking     ] GC(436) Concurrent Preclean 0.073ms
[2469.783s][info][gc,start       ] GC(436) Pause Remark
[2469.786s][info][gc             ] GC(436) Pause Remark 1731M->1731M(4096M) 2.745ms
[2469.786s][info][gc,cpu         ] GC(436) User=0.02s Sys=0.00s Real=0.01s
[2469.786s][info][gc,marking     ] GC(436) Concurrent Mark 593.223ms
[2469.786s][info][gc,marking     ] GC(436) Concurrent Rebuild Remembered Sets and Scrub Regions
[2470.018s][info][gc,marking     ] GC(436) Concurrent Rebuild Remembered Sets and Scrub Regions 231.648ms
[2470.018s][info][gc,start       ] GC(436) Pause Cleanup
[2470.018s][info][gc             ] GC(436) Pause Cleanup 1849M->1849M(4096M) 0.134ms
[2470.018s][info][gc,cpu         ] GC(436) User=0.00s Sys=0.00s Real=0.00s
[2470.018s][info][gc,marking     ] GC(436) Concurrent Clear Claimed Marks
[2470.018s][info][gc,marking     ] GC(436) Concurrent Clear Claimed Marks 0.033ms
[2470.018s][info][gc,marking     ] GC(436) Concurrent Cleanup for Next Mark
[2470.021s][info][gc,marking     ] GC(436) Concurrent Cleanup for Next Mark 3.181ms
[2470.021s][info][gc             ] GC(436) Concurrent Mark Cycle 959.951ms
....[2473.841s][info][gc,start       ] GC(437) Pause Young (Prepare Mixed) (G1 Evacuation Pause)
[2473.841s][info][gc,task        ] GC(437) Using 6 workers of 6 for evacuation
[2473.960s][info][gc,phases      ] GC(437)   Pre Evacuate Collection Set: 0.35ms
[2473.960s][info][gc,phases      ] GC(437)   Merge Heap Roots: 0.65ms
[2473.960s][info][gc,phases      ] GC(437)   Evacuate Collection Set: 117.36ms
[2473.960s][info][gc,phases      ] GC(437)   Post Evacuate Collection Set: 0.94ms
[2473.960s][info][gc,phases      ] GC(437)   Other: 0.08ms
[2473.960s][info][gc,heap        ] GC(437) Eden regions: 1119->0(1110)
[2473.960s][info][gc,heap        ] GC(437) Survivor regions: 109->109(154)
[2473.960s][info][gc,heap        ] GC(437) Old regions: 505->537
[2473.960s][info][gc,heap        ] GC(437) Humongous regions: 80->80
[2473.960s][info][gc,metaspace   ] GC(437) Metaspace: 28947K(29248K)->28947K(29248K) NonClass: 24063K(24192K)->24063K(24192K) Class: 4883K(5056K)->4883K(5056K)
[2473.960s][info][gc             ] GC(437) Pause Young (Prepare Mixed) (G1 Evacuation Pause) 3621M->1447M(4096M) 119.529ms
[2473.960s][info][gc,cpu         ] GC(437) User=0.71s Sys=0.00s Real=0.12s
.....[2478.628s][info][gc,start       ] GC(438) Pause Young (Mixed) (G1 Evacuation Pause)
[2478.628s][info][gc,task        ] GC(438) Using 6 workers of 6 for evacuation
[2478.761s][info][gc,phases      ] GC(438)   Pre Evacuate Collection Set: 0.39ms
[2478.761s][info][gc,phases      ] GC(438)   Merge Heap Roots: 0.64ms
[2478.761s][info][gc,phases      ] GC(438)   Evacuate Collection Set: 130.86ms
[2478.761s][info][gc,phases      ] GC(438)   Post Evacuate Collection Set: 0.96ms
[2478.761s][info][gc,phases      ] GC(438)   Other: 0.09ms
[2478.761s][info][gc,heap        ] GC(438) Eden regions: 1110->0(1118)
[2478.761s][info][gc,heap        ] GC(438) Survivor regions: 109->110(153)
[2478.761s][info][gc,heap        ] GC(438) Old regions: 537->472
[2478.761s][info][gc,heap        ] GC(438) Humongous regions: 80->80
[2478.761s][info][gc,metaspace   ] GC(438) Metaspace: 28947K(29248K)->28947K(29248K) NonClass: 24063K(24192K)->24063K(24192K) Class: 4883K(5056K)->4883K(5056K)
[2478.761s][info][gc             ] GC(438) Pause Young (Mixed) (G1 Evacuation Pause) 3667M->1320M(4096M) 133.067ms
[2478.761s][info][gc,cpu         ] GC(438) User=0.79s Sys=0.00s Real=0.13s
. (rIR:aIR:PR = 3874:3875:3875) (tPR = 57547) [OK] 
  2479s: Performance info:
         Transaction,    Success,    Partial,     Failed,   Receipts, AvgBarcode, 
             Overall,     233919,          0,          0,     222216,      59.47, 
         Response times:
             Request,    Success,    Partial,     Failed,   SkipFail,     Probes,    Samples,      min,      p50,      p90,      p95,      p99,      max, 
       TotalPurchase,     222216,          0,          0,          0,     218477,     237299,      300,     3100,     5400,     7500,    41000,   214000,
     InStorePurchase,     116916,          0,          0,          0,     115303,     125023,      300,     3000,     5300,     7300,    39000,   214000,
      OnlinePurchase,      81920,          0,          0,          0,      80404,      87090,      300,     3200,     5500,     7800,    42000,   214000,
        InstPurchase,      23380,          0,          0,          0,      22770,      25186,      400,     3000,     5400,     7600,    42000,   214000,
          AssocOfCat,        233,          0,          0,          0,        167,        241,    21000,    31000,    47800,    59800,   130060,   141000,
      AssocOfProduct,       2342,          0,          0,          0,       2092,       2364,      400,     3900,     5900,     8875,    54100,   142000,
      BusinessReport,        584,          0,          0,          0,        476,        625,    20000,    32000,    46000,    60000,   104000,   172000,
          CustBuyBeh,       2347,          0,          0,          0,       2123,       2438,      500,     2800,     4600,     7500,    28000,   123000,
       ProductReturn,       6197,          0,          0,          0,       5844,       6543,      200,     3800,     5800,     7900,    45000,   141000,

  2479s: (29%)   IR =   4013 ....|[2483.352s][info][gc,start       ] GC(439) Pause Young (Concurrent Start) (G1 Evacuation Pause)
[2483.353s][info][gc,task        ] GC(439) Using 6 workers of 6 for evacuation
[2483.470s][info][gc,phases      ] GC(439)   Pre Evacuate Collection Set: 0.34ms
[2483.470s][info][gc,phases      ] GC(439)   Merge Heap Roots: 0.52ms
[2483.470s][info][gc,phases      ] GC(439)   Evacuate Collection Set: 115.73ms
[2483.470s][info][gc,phases      ] GC(439)   Post Evacuate Collection Set: 0.90ms
[2483.470s][info][gc,phases      ] GC(439)   Other: 0.10ms
[2483.470s][info][gc,heap        ] GC(439) Eden regions: 1118->0(1119)
[2483.470s][info][gc,heap        ] GC(439) Survivor regions: 110->109(154)
[2483.470s][info][gc,heap        ] GC(439) Old regions: 472->504
[2483.470s][info][gc,heap        ] GC(439) Humongous regions: 80->80
[2483.470s][info][gc,metaspace   ] GC(439) Metaspace: 28949K(29248K)->28949K(29248K) NonClass: 24065K(24192K)->24065K(24192K) Class: 4883K(5056K)->4883K(5056K)
[2483.470s][info][gc             ] GC(439) Pause Young (Concurrent Start) (G1 Evacuation Pause) 3556M->1381M(4096M) 117.739ms
[2483.470s][info][gc             ] GC(440) Concurrent Mark Cycle
[2483.470s][info][gc,marking     ] GC(440) Concurrent Scan Root Regions
[2483.470s][info][gc,cpu         ] GC(439) User=0.70s Sys=0.00s Real=0.12s
[2483.606s][info][gc,marking     ] GC(440) Concurrent Scan Root Regions 136.036ms
[2483.606s][info][gc,marking     ] GC(440) Concurrent Mark
[2483.606s][info][gc,marking     ] GC(440) Concurrent Mark From Roots
[2483.606s][info][gc,task        ] GC(440) Using 2 workers of 2 for marking
.[2484.252s][info][gc,marking     ] GC(440) Concurrent Mark From Roots 646.134ms
[2484.252s][info][gc,marking     ] GC(440) Concurrent Preclean
[2484.253s][info][gc,marking     ] GC(440) Concurrent Preclean 0.064ms
[2484.253s][info][gc,start       ] GC(440) Pause Remark
[2484.255s][info][gc             ] GC(440) Pause Remark 1830M->1830M(4096M) 2.471ms
[2484.255s][info][gc,cpu         ] GC(440) User=0.01s Sys=0.00s Real=0.01s
[2484.255s][info][gc,marking     ] GC(440) Concurrent Mark 648.914ms
[2484.255s][info][gc,marking     ] GC(440) Concurrent Rebuild Remembered Sets and Scrub Regions
[2484.498s][info][gc,marking     ] GC(440) Concurrent Rebuild Remembered Sets and Scrub Regions 242.929ms
[2484.499s][info][gc,start       ] GC(440) Pause Cleanup
[2484.499s][info][gc             ] GC(440) Pause Cleanup 1961M->1961M(4096M) 0.130ms
[2484.499s][info][gc,cpu         ] GC(440) User=0.00s Sys=0.00s Real=0.00s
[2484.499s][info][gc,marking     ] GC(440) Concurrent Clear Claimed Marks
[2484.499s][info][gc,marking     ] GC(440) Concurrent Clear Claimed Marks 0.040ms
[2484.499s][info][gc,marking     ] GC(440) Concurrent Cleanup for Next Mark
[2484.503s][info][gc,marking     ] GC(440) Concurrent Cleanup for Next Mark 4.286ms
[2484.503s][info][gc             ] GC(440) Concurrent Mark Cycle 1033.146ms
...[2487.990s][info][gc,start       ] GC(441) Pause Young (Prepare Mixed) (G1 Evacuation Pause)
[2487.990s][info][gc,task        ] GC(441) Using 6 workers of 6 for evacuation
[2488.108s][info][gc,phases      ] GC(441)   Pre Evacuate Collection Set: 0.36ms
[2488.108s][info][gc,phases      ] GC(441)   Merge Heap Roots: 0.58ms
[2488.108s][info][gc,phases      ] GC(441)   Evacuate Collection Set: 115.34ms
[2488.108s][info][gc,phases      ] GC(441)   Post Evacuate Collection Set: 0.97ms
[2488.108s][info][gc,phases      ] GC(441)   Other: 0.10ms
[2488.108s][info][gc,heap        ] GC(441) Eden regions: 1119->0(1112)
[2488.108s][info][gc,heap        ] GC(441) Survivor regions: 109->109(154)
[2488.108s][info][gc,heap        ] GC(441) Old regions: 504->535
[2488.108s][info][gc,heap        ] GC(441) Humongous regions: 80->80
[2488.108s][info][gc,metaspace   ] GC(441) Metaspace: 28949K(29248K)->28949K(29248K) NonClass: 24065K(24192K)->24065K(24192K) Class: 4883K(5056K)->4883K(5056K)
[2488.108s][info][gc             ] GC(441) Pause Young (Prepare Mixed) (G1 Evacuation Pause) 3619M->1444M(4096M) 117.486ms
[2488.108s][info][gc,cpu         ] GC(441) User=0.70s Sys=0.00s Real=0.12s
.....[2492.653s][info][gc,start       ] GC(442) Pause Young (Mixed) (G1 Evacuation Pause)
[2492.653s][info][gc,task        ] GC(442) Using 6 workers of 6 for evacuation
[2492.790s][info][gc,phases      ] GC(442)   Pre Evacuate Collection Set: 0.39ms
[2492.790s][info][gc,phases      ] GC(442)   Merge Heap Roots: 0.84ms
[2492.790s][info][gc,phases      ] GC(442)   Evacuate Collection Set: 134.34ms
[2492.790s][info][gc,phases      ] GC(442)   Post Evacuate Collection Set: 0.96ms
[2492.790s][info][gc,phases      ] GC(442)   Other: 0.09ms
[2492.790s][info][gc,heap        ] GC(442) Eden regions: 1112->0(1119)
[2492.790s][info][gc,heap        ] GC(442) Survivor regions: 109->109(153)
[2492.790s][info][gc,heap        ] GC(442) Old regions: 535->472
[2492.790s][info][gc,heap        ] GC(442) Humongous regions: 80->80
[2492.790s][info][gc,metaspace   ] GC(442) Metaspace: 28949K(29248K)->28949K(29248K) NonClass: 24065K(24192K)->24065K(24192K) Class: 4883K(5056K)->4883K(5056K)
[2492.790s][info][gc             ] GC(442) Pause Young (Mixed) (G1 Evacuation Pause) 3668M->1318M(4096M) 136.771ms
[2492.790s][info][gc,cpu         ] GC(442) User=0.81s Sys=0.00s Real=0.14s
.....[2497.315s][info][gc,start       ] GC(443) Pause Young (Concurrent Start) (G1 Evacuation Pause)
[2497.315s][info][gc,task        ] GC(443) Using 6 workers of 6 for evacuation
[2497.436s][info][gc,phases      ] GC(443)   Pre Evacuate Collection Set: 0.40ms
[2497.436s][info][gc,phases      ] GC(443)   Merge Heap Roots: 0.55ms
[2497.436s][info][gc,phases      ] GC(443)   Evacuate Collection Set: 118.63ms
[2497.436s][info][gc,phases      ] GC(443)   Post Evacuate Collection Set: 0.89ms
[2497.436s][info][gc,phases      ] GC(443)   Other: 0.12ms
[2497.436s][info][gc,heap        ] GC(443) Eden regions: 1119->0(1118)
[2497.436s][info][gc,heap        ] GC(443) Survivor regions: 109->110(154)
[2497.436s][info][gc,heap        ] GC(443) Old regions: 472->504
[2497.436s][info][gc,heap        ] GC(443) Humongous regions: 80->80
[2497.436s][info][gc,metaspace   ] GC(443) Metaspace: 28949K(29248K)->28949K(29248K) NonClass: 24065K(24192K)->24065K(24192K) Class: 4883K(5056K)->4883K(5056K)
[2497.436s][info][gc             ] GC(443) Pause Young (Concurrent Start) (G1 Evacuation Pause) 3556M->1384M(4096M) 120.708ms
[2497.436s][info][gc             ] GC(444) Concurrent Mark Cycle
[2497.436s][info][gc,marking     ] GC(444) Concurrent Scan Root Regions
[2497.436s][info][gc,cpu         ] GC(443) User=0.72s Sys=0.00s Real=0.12s
[2497.581s][info][gc,marking     ] GC(444) Concurrent Scan Root Regions 145.480ms
[2497.581s][info][gc,marking     ] GC(444) Concurrent Mark
[2497.581s][info][gc,marking     ] GC(444) Concurrent Mark From Roots
[2497.582s][info][gc,task        ] GC(444) Using 2 workers of 2 for marking
[2498.213s][info][gc,marking     ] GC(444) Concurrent Mark From Roots 631.803ms
[2498.213s][info][gc,marking     ] GC(444) Concurrent Preclean
[2498.213s][info][gc,marking     ] GC(444) Concurrent Preclean 0.058ms
[2498.214s][info][gc,start       ] GC(444) Pause Remark
[2498.216s][info][gc             ] GC(444) Pause Remark 1833M->1833M(4096M) 2.572ms
[2498.216s][info][gc,cpu         ] GC(444) User=0.01s Sys=0.00s Real=0.01s
[2498.216s][info][gc,marking     ] GC(444) Concurrent Mark 634.680ms
[2498.216s][info][gc,marking     ] GC(444) Concurrent Rebuild Remembered Sets and Scrub Regions
.[2498.438s][info][gc,marking     ] GC(444) Concurrent Rebuild Remembered Sets and Scrub Regions 221.416ms
[2498.438s][info][gc,start       ] GC(444) Pause Cleanup
[2498.438s][info][gc             ] GC(444) Pause Cleanup 1913M->1913M(4096M) 0.127ms
[2498.438s][info][gc,cpu         ] GC(444) User=0.00s Sys=0.00s Real=0.00s
[2498.438s][info][gc,marking     ] GC(444) Concurrent Clear Claimed Marks
[2498.438s][info][gc,marking     ] GC(444) Concurrent Clear Claimed Marks 0.052ms
[2498.438s][info][gc,marking     ] GC(444) Concurrent Cleanup for Next Mark
[2498.441s][info][gc,marking     ] GC(444) Concurrent Cleanup for Next Mark 3.162ms
[2498.441s][info][gc             ] GC(444) Concurrent Mark Cycle 1005.281ms
...[2502.082s][info][gc,start       ] GC(445) Pause Young (Prepare Mixed) (G1 Evacuation Pause)
[2502.082s][info][gc,task        ] GC(445) Using 6 workers of 6 for evacuation
[2502.200s][info][gc,phases      ] GC(445)   Pre Evacuate Collection Set: 0.33ms
[2502.200s][info][gc,phases      ] GC(445)   Merge Heap Roots: 0.61ms
[2502.200s][info][gc,phases      ] GC(445)   Evacuate Collection Set: 115.73ms
[2502.200s][info][gc,phases      ] GC(445)   Post Evacuate Collection Set: 0.95ms
[2502.200s][info][gc,phases      ] GC(445)   Other: 0.09ms
[2502.200s][info][gc,heap        ] GC(445) Eden regions: 1118->0(1113)
[2502.200s][info][gc,heap        ] GC(445) Survivor regions: 110->108(154)
[2502.200s][info][gc,heap        ] GC(445) Old regions: 504->536
[2502.200s][info][gc,heap        ] GC(445) Humongous regions: 80->80
[2502.200s][info][gc,metaspace   ] GC(445) Metaspace: 28949K(29248K)->28949K(29248K) NonClass: 24065K(24192K)->24065K(24192K) Class: 4883K(5056K)->4883K(5056K)
[2502.200s][info][gc             ] GC(445) Pause Young (Prepare Mixed) (G1 Evacuation Pause) 3620M->1445M(4096M) 117.853ms
[2502.200s][info][gc,cpu         ] GC(445) User=0.70s Sys=0.00s Real=0.12s
.....[2506.702s][info][gc,start       ] GC(446) Pause Young (Mixed) (G1 Evacuation Pause)
[2506.702s][info][gc,task        ] GC(446) Using 6 workers of 6 for evacuation
[2506.837s][info][gc,phases      ] GC(446)   Pre Evacuate Collection Set: 0.38ms
[2506.837s][info][gc,phases      ] GC(446)   Merge Heap Roots: 0.71ms
[2506.837s][info][gc,phases      ] GC(446)   Evacuate Collection Set: 132.51ms
[2506.837s][info][gc,phases      ] GC(446)   Post Evacuate Collection Set: 0.98ms
[2506.837s][info][gc,phases      ] GC(446)   Other: 0.09ms
[2506.837s][info][gc,heap        ] GC(446) Eden regions: 1113->0(1119)
[2506.837s][info][gc,heap        ] GC(446) Survivor regions: 108->109(153)
[2506.837s][info][gc,heap        ] GC(446) Old regions: 536->474
[2506.837s][info][gc,heap        ] GC(446) Humongous regions: 80->80
[2506.837s][info][gc,metaspace   ] GC(446) Metaspace: 28949K(29248K)->28949K(29248K) NonClass: 24065K(24192K)->24065K(24192K) Class: 4883K(5056K)->4883K(5056K)
[2506.837s][info][gc             ] GC(446) Pause Young (Mixed) (G1 Evacuation Pause) 3671M->1321M(4096M) 134.825ms
[2506.837s][info][gc,cpu         ] GC(446) User=0.80s Sys=0.00s Real=0.14s
.....[2511.379s][info][gc,start       ] GC(447) Pause Young (Concurrent Start) (G1 Evacuation Pause)
[2511.379s][info][gc,task        ] GC(447) Using 6 workers of 6 for evacuation
[2511.495s][info][gc,phases      ] GC(447)   Pre Evacuate Collection Set: 0.42ms
[2511.496s][info][gc,phases      ] GC(447)   Merge Heap Roots: 0.58ms
[2511.496s][info][gc,phases      ] GC(447)   Evacuate Collection Set: 114.77ms
[2511.496s][info][gc,phases      ] GC(447)   Post Evacuate Collection Set: 0.88ms
[2511.496s][info][gc,phases      ] GC(447)   Other: 0.13ms
[2511.496s][info][gc,heap        ] GC(447) Eden regions: 1119->0(1120)
[2511.496s][info][gc,heap        ] GC(447) Survivor regions: 109->108(154)
[2511.496s][info][gc,heap        ] GC(447) Old regions: 474->506
[2511.496s][info][gc,heap        ] GC(447) Humongous regions: 80->80
[2511.496s][info][gc,metaspace   ] GC(447) Metaspace: 28949K(29248K)->28949K(29248K) NonClass: 24065K(24192K)->24065K(24192K) Class: 4883K(5056K)->4883K(5056K)
[2511.496s][info][gc             ] GC(447) Pause Young (Concurrent Start) (G1 Evacuation Pause) 3559M->1383M(4096M) 116.914ms
[2511.496s][info][gc             ] GC(448) Concurrent Mark Cycle
[2511.496s][info][gc,marking     ] GC(448) Concurrent Scan Root Regions
[2511.496s][info][gc,cpu         ] GC(447) User=0.69s Sys=0.00s Real=0.12s
[2511.663s][info][gc,marking     ] GC(448) Concurrent Scan Root Regions 167.849ms
[2511.664s][info][gc,marking     ] GC(448) Concurrent Mark
[2511.664s][info][gc,marking     ] GC(448) Concurrent Mark From Roots
[2511.664s][info][gc,task        ] GC(448) Using 2 workers of 2 for marking
.[2512.393s][info][gc,marking     ] GC(448) Concurrent Mark From Roots 729.559ms
[2512.393s][info][gc,marking     ] GC(448) Concurrent Preclean
[2512.393s][info][gc,marking     ] GC(448) Concurrent Preclean 0.059ms
[2512.393s][info][gc,start       ] GC(448) Pause Remark
[2512.396s][info][gc             ] GC(448) Pause Remark 1897M->1897M(4096M) 2.744ms
[2512.396s][info][gc,cpu         ] GC(448) User=0.01s Sys=0.00s Real=0.01s
[2512.396s][info][gc,marking     ] GC(448) Concurrent Mark 732.619ms
[2512.396s][info][gc,marking     ] GC(448) Concurrent Rebuild Remembered Sets and Scrub Regions
[2512.638s][info][gc,marking     ] GC(448) Concurrent Rebuild Remembered Sets and Scrub Regions 242.173ms
[2512.639s][info][gc,start       ] GC(448) Pause Cleanup
[2512.639s][info][gc             ] GC(448) Pause Cleanup 1995M->1995M(4096M) 0.125ms
[2512.639s][info][gc,cpu         ] GC(448) User=0.00s Sys=0.00s Real=0.00s
[2512.639s][info][gc,marking     ] GC(448) Concurrent Clear Claimed Marks
[2512.639s][info][gc,marking     ] GC(448) Concurrent Clear Claimed Marks 0.024ms
[2512.639s][info][gc,marking     ] GC(448) Concurrent Cleanup for Next Mark
[2512.644s][info][gc,marking     ] GC(448) Concurrent Cleanup for Next Mark 4.821ms
[2512.644s][info][gc             ] GC(448) Concurrent Mark Cycle 1148.128ms
...[2516.050s][info][gc,start       ] GC(449) Pause Young (Prepare Mixed) (G1 Evacuation Pause)
[2516.050s][info][gc,task        ] GC(449) Using 6 workers of 6 for evacuation
[2516.165s][info][gc,phases      ] GC(449)   Pre Evacuate Collection Set: 0.37ms
[2516.165s][info][gc,phases      ] GC(449)   Merge Heap Roots: 0.69ms
[2516.165s][info][gc,phases      ] GC(449)   Evacuate Collection Set: 112.92ms
[2516.165s][info][gc,phases      ] GC(449)   Post Evacuate Collection Set: 0.94ms
[2516.165s][info][gc,phases      ] GC(449)   Other: 0.10ms
[2516.165s][info][gc,heap        ] GC(449) Eden regions: 1120->0(1113)
[2516.165s][info][gc,heap        ] GC(449) Survivor regions: 108->107(154)
[2516.165s][info][gc,heap        ] GC(449) Old regions: 506->538
[2516.165s][info][gc,heap        ] GC(449) Humongous regions: 80->80
[2516.165s][info][gc,metaspace   ] GC(449) Metaspace: 28949K(29248K)->28949K(29248K) NonClass: 24065K(24192K)->24065K(24192K) Class: 4883K(5056K)->4883K(5056K)
[2516.165s][info][gc             ] GC(449) Pause Young (Prepare Mixed) (G1 Evacuation Pause) 3623M->1446M(4096M) 115.154ms
[2516.166s][info][gc,cpu         ] GC(449) User=0.68s Sys=0.00s Real=0.12s
.....[2520.709s][info][gc,start       ] GC(450) Pause Young (Mixed) (G1 Evacuation Pause)
[2520.709s][info][gc,task        ] GC(450) Using 6 workers of 6 for evacuation
[2520.842s][info][gc,phases      ] GC(450)   Pre Evacuate Collection Set: 0.36ms
[2520.842s][info][gc,phases      ] GC(450)   Merge Heap Roots: 0.72ms
[2520.842s][info][gc,phases      ] GC(450)   Evacuate Collection Set: 131.28ms
[2520.842s][info][gc,phases      ] GC(450)   Post Evacuate Collection Set: 0.95ms
[2520.842s][info][gc,phases      ] GC(450)   Other: 0.09ms
[2520.842s][info][gc,heap        ] GC(450) Eden regions: 1113->0(1119)
[2520.842s][info][gc,heap        ] GC(450) Survivor regions: 107->109(153)
[2520.842s][info][gc,heap        ] GC(450) Old regions: 538->472
[2520.842s][info][gc,heap        ] GC(450) Humongous regions: 80->80
[2520.842s][info][gc,metaspace   ] GC(450) Metaspace: 28949K(29248K)->28949K(29248K) NonClass: 24065K(24192K)->24065K(24192K) Class: 4883K(5056K)->4883K(5056K)
[2520.842s][info][gc             ] GC(450) Pause Young (Mixed) (G1 Evacuation Pause) 3672M->1319M(4096M) 133.525ms
[2520.842s][info][gc,cpu         ] GC(450) User=0.79s Sys=0.00s Real=0.13s
.....[2525.425s][info][gc,start       ] GC(451) Pause Young (Concurrent Start) (G1 Evacuation Pause)
[2525.425s][info][gc,task        ] GC(451) Using 6 workers of 6 for evacuation
[2525.541s][info][gc,phases      ] GC(451)   Pre Evacuate Collection Set: 0.39ms
[2525.541s][info][gc,phases      ] GC(451)   Merge Heap Roots: 0.50ms
[2525.541s][info][gc,phases      ] GC(451)   Evacuate Collection Set: 114.08ms
[2525.541s][info][gc,phases      ] GC(451)   Post Evacuate Collection Set: 0.90ms
[2525.541s][info][gc,phases      ] GC(451)   Other: 0.12ms
[2525.541s][info][gc,heap        ] GC(451) Eden regions: 1119->0(1120)
[2525.541s][info][gc,heap        ] GC(451) Survivor regions: 109->108(154)
[2525.541s][info][gc,heap        ] GC(451) Old regions: 472->504
[2525.541s][info][gc,heap        ] GC(451) Humongous regions: 80->80
[2525.541s][info][gc,metaspace   ] GC(451) Metaspace: 28949K(29248K)->28949K(29248K) NonClass: 24065K(24192K)->24065K(24192K) Class: 4883K(5056K)->4883K(5056K)
[2525.541s][info][gc             ] GC(451) Pause Young (Concurrent Start) (G1 Evacuation Pause) 3557M->1381M(4096M) 116.133ms
[2525.541s][info][gc             ] GC(452) Concurrent Mark Cycle
[2525.541s][info][gc,marking     ] GC(452) Concurrent Scan Root Regions
[2525.541s][info][gc,cpu         ] GC(451) User=0.69s Sys=0.00s Real=0.11s
[2525.670s][info][gc,marking     ] GC(452) Concurrent Scan Root Regions 128.516ms
[2525.670s][info][gc,marking     ] GC(452) Concurrent Mark
[2525.670s][info][gc,marking     ] GC(452) Concurrent Mark From Roots
[2525.670s][info][gc,task        ] GC(452) Using 2 workers of 2 for marking
.[2526.287s][info][gc,marking     ] GC(452) Concurrent Mark From Roots 617.464ms
[2526.287s][info][gc,marking     ] GC(452) Concurrent Preclean
[2526.287s][info][gc,marking     ] GC(452) Concurrent Preclean 0.059ms
[2526.287s][info][gc,start       ] GC(452) Pause Remark
[2526.290s][info][gc             ] GC(452) Pause Remark 1769M->1769M(4096M) 2.530ms
[2526.290s][info][gc,cpu         ] GC(452) User=0.01s Sys=0.00s Real=0.00s
[2526.290s][info][gc,marking     ] GC(452) Concurrent Mark 620.315ms
[2526.290s][info][gc,marking     ] GC(452) Concurrent Rebuild Remembered Sets and Scrub Regions
[2526.520s][info][gc,marking     ] GC(452) Concurrent Rebuild Remembered Sets and Scrub Regions 230.318ms
[2526.521s][info][gc,start       ] GC(452) Pause Cleanup
[2526.521s][info][gc             ] GC(452) Pause Cleanup 1875M->1875M(4096M) 0.128ms
[2526.521s][info][gc,cpu         ] GC(452) User=0.00s Sys=0.00s Real=0.00s
[2526.521s][info][gc,marking     ] GC(452) Concurrent Clear Claimed Marks
[2526.521s][info][gc,marking     ] GC(452) Concurrent Clear Claimed Marks 0.031ms
[2526.521s][info][gc,marking     ] GC(452) Concurrent Cleanup for Next Mark
[2526.524s][info][gc,marking     ] GC(452) Concurrent Cleanup for Next Mark 3.241ms
[2526.524s][info][gc             ] GC(452) Concurrent Mark Cycle 982.874ms
...[2530.087s][info][gc,start       ] GC(453) Pause Young (Prepare Mixed) (G1 Evacuation Pause)
[2530.087s][info][gc,task        ] GC(453) Using 6 workers of 6 for evacuation
[2530.201s][info][gc,phases      ] GC(453)   Pre Evacuate Collection Set: 0.33ms
[2530.201s][info][gc,phases      ] GC(453)   Merge Heap Roots: 0.55ms
[2530.201s][info][gc,phases      ] GC(453)   Evacuate Collection Set: 112.39ms
[2530.201s][info][gc,phases      ] GC(453)   Post Evacuate Collection Set: 0.94ms
[2530.201s][info][gc,phases      ] GC(453)   Other: 0.09ms
[2530.201s][info][gc,heap        ] GC(453) Eden regions: 1120->0(1115)
[2530.201s][info][gc,heap        ] GC(453) Survivor regions: 108->107(154)
[2530.201s][info][gc,heap        ] GC(453) Old regions: 504->536
[2530.201s][info][gc,heap        ] GC(453) Humongous regions: 80->80
[2530.201s][info][gc,metaspace   ] GC(453) Metaspace: 28949K(29248K)->28949K(29248K) NonClass: 24065K(24192K)->24065K(24192K) Class: 4883K(5056K)->4883K(5056K)
[2530.201s][info][gc             ] GC(453) Pause Young (Prepare Mixed) (G1 Evacuation Pause) 3621M->1441M(4096M) 114.436ms
[2530.201s][info][gc,cpu         ] GC(453) User=0.68s Sys=0.00s Real=0.11s
.....[2534.782s][info][gc,start       ] GC(454) Pause Young (Mixed) (G1 Evacuation Pause)
[2534.782s][info][gc,task        ] GC(454) Using 6 workers of 6 for evacuation
[2534.915s][info][gc,phases      ] GC(454)   Pre Evacuate Collection Set: 0.37ms
[2534.915s][info][gc,phases      ] GC(454)   Merge Heap Roots: 0.80ms
[2534.915s][info][gc,phases      ] GC(454)   Evacuate Collection Set: 130.33ms
[2534.915s][info][gc,phases      ] GC(454)   Post Evacuate Collection Set: 0.96ms
[2534.915s][info][gc,phases      ] GC(454)   Other: 0.09ms
[2534.915s][info][gc,heap        ] GC(454) Eden regions: 1115->0(1120)
[2534.915s][info][gc,heap        ] GC(454) Survivor regions: 107->108(153)
[2534.915s][info][gc,heap        ] GC(454) Old regions: 536->471
[2534.915s][info][gc,heap        ] GC(454) Humongous regions: 80->80
[2534.915s][info][gc,metaspace   ] GC(454) Metaspace: 28949K(29248K)->28949K(29248K) NonClass: 24065K(24192K)->24065K(24192K) Class: 4883K(5056K)->4883K(5056K)
[2534.915s][info][gc             ] GC(454) Pause Young (Mixed) (G1 Evacuation Pause) 3671M->1315M(4096M) 132.700ms
[2534.915s][info][gc,cpu         ] GC(454) User=0.79s Sys=0.00s Real=0.14s
.....[2539.507s][info][gc,start       ] GC(455) Pause Young (Concurrent Start) (G1 Evacuation Pause)
[2539.507s][info][gc,task        ] GC(455) Using 6 workers of 6 for evacuation
[2539.626s][info][gc,phases      ] GC(455)   Pre Evacuate Collection Set: 0.41ms
[2539.626s][info][gc,phases      ] GC(455)   Merge Heap Roots: 0.51ms
[2539.626s][info][gc,phases      ] GC(455)   Evacuate Collection Set: 117.37ms
[2539.626s][info][gc,phases      ] GC(455)   Post Evacuate Collection Set: 0.91ms
[2539.627s][info][gc,phases      ] GC(455)   Other: 0.11ms
[2539.627s][info][gc,heap        ] GC(455) Eden regions: 1120->0(1117)
[2539.627s][info][gc,heap        ] GC(455) Survivor regions: 108->111(154)
[2539.627s][info][gc,heap        ] GC(455) Old regions: 471->503
[2539.627s][info][gc,heap        ] GC(455) Humongous regions: 80->80
[2539.627s][info][gc,metaspace   ] GC(455) Metaspace: 28949K(29248K)->28949K(29248K) NonClass: 24065K(24192K)->24065K(24192K) Class: 4883K(5056K)->4883K(5056K)
[2539.627s][info][gc             ] GC(455) Pause Young (Concurrent Start) (G1 Evacuation Pause) 3555M->1384M(4096M) 119.471ms
[2539.627s][info][gc             ] GC(456) Concurrent Mark Cycle
[2539.627s][info][gc,marking     ] GC(456) Concurrent Scan Root Regions
[2539.627s][info][gc,cpu         ] GC(455) User=0.71s Sys=0.00s Real=0.12s
[2539.801s][info][gc,marking     ] GC(456) Concurrent Scan Root Regions 173.964ms
[2539.801s][info][gc,marking     ] GC(456) Concurrent Mark
[2539.801s][info][gc,marking     ] GC(456) Concurrent Mark From Roots
[2539.801s][info][gc,task        ] GC(456) Using 2 workers of 2 for marking
.[2540.495s][info][gc,marking     ] GC(456) Concurrent Mark From Roots 694.034ms
[2540.495s][info][gc,marking     ] GC(456) Concurrent Preclean
[2540.495s][info][gc,marking     ] GC(456) Concurrent Preclean 0.060ms
[2540.495s][info][gc,start       ] GC(456) Pause Remark
[2540.498s][info][gc             ] GC(456) Pause Remark 1832M->1832M(4096M) 3.209ms
[2540.498s][info][gc,cpu         ] GC(456) User=0.02s Sys=0.00s Real=0.00s
[2540.498s][info][gc,marking     ] GC(456) Concurrent Mark 697.540ms
[2540.498s][info][gc,marking     ] GC(456) Concurrent Rebuild Remembered Sets and Scrub Regions
[2540.724s][info][gc,marking     ] GC(456) Concurrent Rebuild Remembered Sets and Scrub Regions 226.293ms
[2540.725s][info][gc,start       ] GC(456) Pause Cleanup
[2540.725s][info][gc             ] GC(456) Pause Cleanup 1949M->1949M(4096M) 0.132ms
[2540.725s][info][gc,cpu         ] GC(456) User=0.00s Sys=0.00s Real=0.01s
[2540.725s][info][gc,marking     ] GC(456) Concurrent Clear Claimed Marks
[2540.725s][info][gc,marking     ] GC(456) Concurrent Clear Claimed Marks 0.028ms
[2540.725s][info][gc,marking     ] GC(456) Concurrent Cleanup for Next Mark
[2540.729s][info][gc,marking     ] GC(456) Concurrent Cleanup for Next Mark 4.299ms
[2540.729s][info][gc             ] GC(456) Concurrent Mark Cycle 1102.620ms
... (rIR:aIR:PR = 4013:4014:4014) (tPR = 59874) [OK] 
  2543s: Performance info:
         Transaction,    Success,    Partial,     Failed,   Receipts, AvgBarcode, 
             Overall,     241034,          0,          0,     228997,      59.47, 
         Response times:
             Request,    Success,    Partial,     Failed,   SkipFail,     Probes,    Samples,      min,      p50,      p90,      p95,      p99,      max, 
       TotalPurchase,     228998,          0,          0,          0,     226088,     240948,      300,     3300,     5900,     8700,    43000,   218000,
     InStorePurchase,     120490,          0,          0,          0,     119270,     126845,      300,     3300,     5800,     8600,    42000,   218000,
      OnlinePurchase,      84427,          0,          0,          0,      83282,      88780,      300,     3400,     5900,     8995,    44000,   191000,
        InstPurchase,      24081,          0,          0,          0,      23536,      25323,      400,     3200,     5900,     8700,    41000,   152000,
          AssocOfCat,        240,          0,          0,          0,        186,        261,    18600,    30000,    40000,    54000,   104180,   160000,
      AssocOfProduct,       2413,          0,          0,          0,       2177,       2492,      500,     2400,     4300,     7000,    36000,   138000,
      BusinessReport,        605,          0,          0,          0,        529,        659,    19900,    33000,    48000,    59000,   162000,   187000,
          CustBuyBeh,       2405,          0,          0,          0,       2216,       2528,      300,     4200,     7100,    12600,    46420,   138000,
       ProductReturn,       6374,          0,          0,          0,       6120,       6813,      200,     3600,     5900,     8800,    46000,   152000,

  2543s: (30%)   IR =   4151 [2544.084s][info][gc,start       ] GC(457) Pause Young (Prepare Mixed) (G1 Evacuation Pause)
[2544.084s][info][gc,task        ] GC(457) Using 6 workers of 6 for evacuation
[2544.203s][info][gc,phases      ] GC(457)   Pre Evacuate Collection Set: 0.34ms
[2544.203s][info][gc,phases      ] GC(457)   Merge Heap Roots: 0.57ms
[2544.203s][info][gc,phases      ] GC(457)   Evacuate Collection Set: 116.47ms
[2544.203s][info][gc,phases      ] GC(457)   Post Evacuate Collection Set: 0.96ms
[2544.203s][info][gc,phases      ] GC(457)   Other: 0.11ms
[2544.203s][info][gc,heap        ] GC(457) Eden regions: 1117->0(1111)
[2544.203s][info][gc,heap        ] GC(457) Survivor regions: 111->109(154)
[2544.203s][info][gc,heap        ] GC(457) Old regions: 503->536
[2544.203s][info][gc,heap        ] GC(457) Humongous regions: 80->80
[2544.203s][info][gc,metaspace   ] GC(457) Metaspace: 28949K(29248K)->28949K(29248K) NonClass: 24065K(24192K)->24065K(24192K) Class: 4883K(5056K)->4883K(5056K)
[2544.203s][info][gc             ] GC(457) Pause Young (Prepare Mixed) (G1 Evacuation Pause) 3618M->1446M(4096M) 118.582ms
[2544.203s][info][gc,cpu         ] GC(457) User=0.71s Sys=0.00s Real=0.12s
.....|[2548.684s][info][gc,start       ] GC(458) Pause Young (Mixed) (G1 Evacuation Pause)
[2548.684s][info][gc,task        ] GC(458) Using 6 workers of 6 for evacuation
[2548.814s][info][gc,phases      ] GC(458)   Pre Evacuate Collection Set: 0.38ms
[2548.814s][info][gc,phases      ] GC(458)   Merge Heap Roots: 0.70ms
[2548.814s][info][gc,phases      ] GC(458)   Evacuate Collection Set: 128.22ms
[2548.814s][info][gc,phases      ] GC(458)   Post Evacuate Collection Set: 0.95ms
[2548.814s][info][gc,phases      ] GC(458)   Other: 0.09ms
[2548.814s][info][gc,heap        ] GC(458) Eden regions: 1111->0(1119)
[2548.814s][info][gc,heap        ] GC(458) Survivor regions: 109->109(153)
[2548.814s][info][gc,heap        ] GC(458) Old regions: 536->472
[2548.814s][info][gc,heap        ] GC(458) Humongous regions: 80->80
[2548.814s][info][gc,metaspace   ] GC(458) Metaspace: 28949K(29248K)->28949K(29248K) NonClass: 24065K(24192K)->24065K(24192K) Class: 4883K(5056K)->4883K(5056K)
[2548.814s][info][gc             ] GC(458) Pause Young (Mixed) (G1 Evacuation Pause) 3668M->1317M(4096M) 130.475ms
[2548.814s][info][gc,cpu         ] GC(458) User=0.78s Sys=0.00s Real=0.13s
....[2553.125s][info][gc,start       ] GC(459) Pause Young (Concurrent Start) (G1 Evacuation Pause)
[2553.126s][info][gc,task        ] GC(459) Using 6 workers of 6 for evacuation
[2553.245s][info][gc,phases      ] GC(459)   Pre Evacuate Collection Set: 0.39ms
[2553.245s][info][gc,phases      ] GC(459)   Merge Heap Roots: 0.54ms
[2553.245s][info][gc,phases      ] GC(459)   Evacuate Collection Set: 117.36ms
[2553.245s][info][gc,phases      ] GC(459)   Post Evacuate Collection Set: 0.89ms
[2553.245s][info][gc,phases      ] GC(459)   Other: 0.14ms
[2553.245s][info][gc,heap        ] GC(459) Eden regions: 1119->0(1119)
[2553.245s][info][gc,heap        ] GC(459) Survivor regions: 109->109(154)
[2553.245s][info][gc,heap        ] GC(459) Old regions: 472->504
[2553.245s][info][gc,heap        ] GC(459) Humongous regions: 80->80
[2553.245s][info][gc,metaspace   ] GC(459) Metaspace: 28949K(29248K)->28949K(29248K) NonClass: 24065K(24192K)->24065K(24192K) Class: 4883K(5056K)->4883K(5056K)
[2553.245s][info][gc             ] GC(459) Pause Young (Concurrent Start) (G1 Evacuation Pause) 3555M->1382M(4096M) 119.465ms
[2553.245s][info][gc             ] GC(460) Concurrent Mark Cycle
[2553.245s][info][gc,marking     ] GC(460) Concurrent Scan Root Regions
[2553.245s][info][gc,cpu         ] GC(459) User=0.71s Sys=0.00s Real=0.12s
.[2553.375s][info][gc,marking     ] GC(460) Concurrent Scan Root Regions 130.188ms
[2553.375s][info][gc,marking     ] GC(460) Concurrent Mark
[2553.375s][info][gc,marking     ] GC(460) Concurrent Mark From Roots
[2553.375s][info][gc,task        ] GC(460) Using 2 workers of 2 for marking
[2554.026s][info][gc,marking     ] GC(460) Concurrent Mark From Roots 650.971ms
[2554.026s][info][gc,marking     ] GC(460) Concurrent Preclean
[2554.026s][info][gc,marking     ] GC(460) Concurrent Preclean 0.082ms
[2554.027s][info][gc,start       ] GC(460) Pause Remark
[2554.030s][info][gc             ] GC(460) Pause Remark 1818M->1818M(4096M) 2.865ms
[2554.030s][info][gc,cpu         ] GC(460) User=0.02s Sys=0.00s Real=0.00s
[2554.031s][info][gc,marking     ] GC(460) Concurrent Mark 655.614ms
[2554.031s][info][gc,marking     ] GC(460) Concurrent Rebuild Remembered Sets and Scrub Regions
[2554.263s][info][gc,marking     ] GC(460) Concurrent Rebuild Remembered Sets and Scrub Regions 232.527ms
[2554.264s][info][gc,start       ] GC(460) Pause Cleanup
[2554.264s][info][gc             ] GC(460) Pause Cleanup 1933M->1933M(4096M) 0.128ms
[2554.264s][info][gc,cpu         ] GC(460) User=0.00s Sys=0.00s Real=0.00s
[2554.264s][info][gc,marking     ] GC(460) Concurrent Clear Claimed Marks
[2554.265s][info][gc,marking     ] GC(460) Concurrent Clear Claimed Marks 0.037ms
[2554.265s][info][gc,marking     ] GC(460) Concurrent Cleanup for Next Mark
[2554.270s][info][gc,marking     ] GC(460) Concurrent Cleanup for Next Mark 5.444ms
[2554.270s][info][gc             ] GC(460) Concurrent Mark Cycle 1025.069ms
....[2557.737s][info][gc,start       ] GC(461) Pause Young (Prepare Mixed) (G1 Evacuation Pause)
[2557.737s][info][gc,task        ] GC(461) Using 6 workers of 6 for evacuation
[2557.854s][info][gc,phases      ] GC(461)   Pre Evacuate Collection Set: 0.37ms
[2557.854s][info][gc,phases      ] GC(461)   Merge Heap Roots: 0.57ms
[2557.854s][info][gc,phases      ] GC(461)   Evacuate Collection Set: 114.71ms
[2557.854s][info][gc,phases      ] GC(461)   Post Evacuate Collection Set: 0.95ms
[2557.854s][info][gc,phases      ] GC(461)   Other: 0.09ms
[2557.854s][info][gc,heap        ] GC(461) Eden regions: 1119->0(1111)
[2557.854s][info][gc,heap        ] GC(461) Survivor regions: 109->109(154)
[2557.854s][info][gc,heap        ] GC(461) Old regions: 504->536
[2557.854s][info][gc,heap        ] GC(461) Humongous regions: 80->80
[2557.854s][info][gc,metaspace   ] GC(461) Metaspace: 28949K(29248K)->28949K(29248K) NonClass: 24065K(24192K)->24065K(24192K) Class: 4883K(5056K)->4883K(5056K)
[2557.854s][info][gc             ] GC(461) Pause Young (Prepare Mixed) (G1 Evacuation Pause) 3620M->1447M(4096M) 116.817ms
[2557.854s][info][gc,cpu         ] GC(461) User=0.69s Sys=0.00s Real=0.11s
....[2562.214s][info][gc,start       ] GC(462) Pause Young (Mixed) (G1 Evacuation Pause)
[2562.214s][info][gc,task        ] GC(462) Using 6 workers of 6 for evacuation
[2562.350s][info][gc,phases      ] GC(462)   Pre Evacuate Collection Set: 0.41ms
[2562.350s][info][gc,phases      ] GC(462)   Merge Heap Roots: 0.81ms
[2562.350s][info][gc,phases      ] GC(462)   Evacuate Collection Set: 133.85ms
[2562.350s][info][gc,phases      ] GC(462)   Post Evacuate Collection Set: 0.98ms
[2562.350s][info][gc,phases      ] GC(462)   Other: 0.10ms
[2562.350s][info][gc,heap        ] GC(462) Eden regions: 1111->0(1119)
[2562.350s][info][gc,heap        ] GC(462) Survivor regions: 109->109(153)
[2562.350s][info][gc,heap        ] GC(462) Old regions: 536->472
[2562.350s][info][gc,heap        ] GC(462) Humongous regions: 80->80
[2562.350s][info][gc,metaspace   ] GC(462) Metaspace: 28951K(29248K)->28951K(29248K) NonClass: 24068K(24192K)->24068K(24192K) Class: 4883K(5056K)->4883K(5056K)
[2562.350s][info][gc             ] GC(462) Pause Young (Mixed) (G1 Evacuation Pause) 3669M->1319M(4096M) 136.282ms
[2562.350s][info][gc,cpu         ] GC(462) User=0.81s Sys=0.00s Real=0.14s
.....[2566.710s][info][gc,start       ] GC(463) Pause Young (Concurrent Start) (G1 Evacuation Pause)
[2566.710s][info][gc,task        ] GC(463) Using 6 workers of 6 for evacuation
[2566.828s][info][gc,phases      ] GC(463)   Pre Evacuate Collection Set: 0.41ms
[2566.828s][info][gc,phases      ] GC(463)   Merge Heap Roots: 0.52ms
[2566.828s][info][gc,phases      ] GC(463)   Evacuate Collection Set: 115.82ms
[2566.828s][info][gc,phases      ] GC(463)   Post Evacuate Collection Set: 0.97ms
[2566.828s][info][gc,phases      ] GC(463)   Other: 0.13ms
[2566.828s][info][gc,heap        ] GC(463) Eden regions: 1119->0(1118)
[2566.828s][info][gc,heap        ] GC(463) Survivor regions: 109->110(154)
[2566.828s][info][gc,heap        ] GC(463) Old regions: 472->504
[2566.828s][info][gc,heap        ] GC(463) Humongous regions: 80->80
[2566.828s][info][gc,metaspace   ] GC(463) Metaspace: 28951K(29248K)->28951K(29248K) NonClass: 24068K(24192K)->24068K(24192K) Class: 4883K(5056K)->4883K(5056K)
[2566.828s][info][gc             ] GC(463) Pause Young (Concurrent Start) (G1 Evacuation Pause) 3557M->1385M(4096M) 117.996ms
[2566.828s][info][gc             ] GC(464) Concurrent Mark Cycle
[2566.828s][info][gc,marking     ] GC(464) Concurrent Scan Root Regions
[2566.828s][info][gc,cpu         ] GC(463) User=0.70s Sys=0.00s Real=0.12s
[2566.960s][info][gc,marking     ] GC(464) Concurrent Scan Root Regions 132.114ms
[2566.960s][info][gc,marking     ] GC(464) Concurrent Mark
[2566.960s][info][gc,marking     ] GC(464) Concurrent Mark From Roots
[2566.960s][info][gc,task        ] GC(464) Using 2 workers of 2 for marking
.[2567.580s][info][gc,marking     ] GC(464) Concurrent Mark From Roots 619.223ms
[2567.580s][info][gc,marking     ] GC(464) Concurrent Preclean
[2567.580s][info][gc,marking     ] GC(464) Concurrent Preclean 0.068ms
[2567.580s][info][gc,start       ] GC(464) Pause Remark
[2567.582s][info][gc             ] GC(464) Pause Remark 1798M->1798M(4096M) 2.658ms
[2567.582s][info][gc,cpu         ] GC(464) User=0.01s Sys=0.00s Real=0.00s
[2567.582s][info][gc,marking     ] GC(464) Concurrent Mark 622.216ms
[2567.582s][info][gc,marking     ] GC(464) Concurrent Rebuild Remembered Sets and Scrub Regions
[2567.864s][info][gc,marking     ] GC(464) Concurrent Rebuild Remembered Sets and Scrub Regions 281.637ms
[2567.864s][info][gc,start       ] GC(464) Pause Cleanup
[2567.864s][info][gc             ] GC(464) Pause Cleanup 1954M->1954M(4096M) 0.128ms
[2567.864s][info][gc,cpu         ] GC(464) User=0.00s Sys=0.00s Real=0.00s
[2567.866s][info][gc,marking     ] GC(464) Concurrent Clear Claimed Marks
[2567.866s][info][gc,marking     ] GC(464) Concurrent Clear Claimed Marks 0.040ms
[2567.866s][info][gc,marking     ] GC(464) Concurrent Cleanup for Next Mark
[2567.871s][info][gc,marking     ] GC(464) Concurrent Cleanup for Next Mark 4.866ms
[2567.871s][info][gc             ] GC(464) Concurrent Mark Cycle 1042.562ms
...[2571.276s][info][gc,start       ] GC(465) Pause Young (Prepare Mixed) (G1 Evacuation Pause)
[2571.276s][info][gc,task        ] GC(465) Using 6 workers of 6 for evacuation
[2571.397s][info][gc,phases      ] GC(465)   Pre Evacuate Collection Set: 0.33ms
[2571.397s][info][gc,phases      ] GC(465)   Merge Heap Roots: 0.56ms
[2571.397s][info][gc,phases      ] GC(465)   Evacuate Collection Set: 119.10ms
[2571.397s][info][gc,phases      ] GC(465)   Post Evacuate Collection Set: 0.92ms
[2571.397s][info][gc,phases      ] GC(465)   Other: 0.08ms
[2571.397s][info][gc,heap        ] GC(465) Eden regions: 1118->0(1105)
[2571.397s][info][gc,heap        ] GC(465) Survivor regions: 110->112(154)
[2571.397s][info][gc,heap        ] GC(465) Old regions: 504->536
[2571.397s][info][gc,heap        ] GC(465) Humongous regions: 80->80
[2571.397s][info][gc,metaspace   ] GC(465) Metaspace: 28951K(29248K)->28951K(29248K) NonClass: 24068K(24192K)->24068K(24192K) Class: 4883K(5056K)->4883K(5056K)
[2571.397s][info][gc             ] GC(465) Pause Young (Prepare Mixed) (G1 Evacuation Pause) 3621M->1452M(4096M) 121.149ms
[2571.397s][info][gc,cpu         ] GC(465) User=0.71s Sys=0.00s Real=0.12s
.....[2575.776s][info][gc,start       ] GC(466) Pause Young (Mixed) (G1 Evacuation Pause)
[2575.777s][info][gc,task        ] GC(466) Using 6 workers of 6 for evacuation
[2575.909s][info][gc,phases      ] GC(466)   Pre Evacuate Collection Set: 0.37ms
[2575.909s][info][gc,phases      ] GC(466)   Merge Heap Roots: 0.79ms
[2575.909s][info][gc,phases      ] GC(466)   Evacuate Collection Set: 130.08ms
[2575.909s][info][gc,phases      ] GC(466)   Post Evacuate Collection Set: 0.96ms
[2575.909s][info][gc,phases      ] GC(466)   Other: 0.09ms
[2575.909s][info][gc,heap        ] GC(466) Eden regions: 1105->0(1119)
[2575.909s][info][gc,heap        ] GC(466) Survivor regions: 112->109(153)
[2575.909s][info][gc,heap        ] GC(466) Old regions: 536->472
[2575.909s][info][gc,heap        ] GC(466) Humongous regions: 80->80
[2575.909s][info][gc,metaspace   ] GC(466) Metaspace: 28956K(29248K)->28956K(29248K) NonClass: 24072K(24192K)->24072K(24192K) Class: 4883K(5056K)->4883K(5056K)
[2575.909s][info][gc             ] GC(466) Pause Young (Mixed) (G1 Evacuation Pause) 3662M->1318M(4096M) 132.422ms
[2575.909s][info][gc,cpu         ] GC(466) User=0.78s Sys=0.00s Real=0.13s
....[2580.341s][info][gc,start       ] GC(467) Pause Young (Concurrent Start) (G1 Evacuation Pause)
[2580.341s][info][gc,task        ] GC(467) Using 6 workers of 6 for evacuation
[2580.461s][info][gc,phases      ] GC(467)   Pre Evacuate Collection Set: 0.38ms
[2580.461s][info][gc,phases      ] GC(467)   Merge Heap Roots: 0.49ms
[2580.461s][info][gc,phases      ] GC(467)   Evacuate Collection Set: 118.37ms
[2580.461s][info][gc,phases      ] GC(467)   Post Evacuate Collection Set: 0.92ms
[2580.461s][info][gc,phases      ] GC(467)   Other: 0.10ms
[2580.461s][info][gc,heap        ] GC(467) Eden regions: 1119->0(1119)
[2580.461s][info][gc,heap        ] GC(467) Survivor regions: 109->109(154)
[2580.461s][info][gc,heap        ] GC(467) Old regions: 472->505
[2580.461s][info][gc,heap        ] GC(467) Humongous regions: 80->80
[2580.461s][info][gc,metaspace   ] GC(467) Metaspace: 28956K(29248K)->28956K(29248K) NonClass: 24072K(24192K)->24072K(24192K) Class: 4883K(5056K)->4883K(5056K)
[2580.461s][info][gc             ] GC(467) Pause Young (Concurrent Start) (G1 Evacuation Pause) 3556M->1385M(4096M) 120.403ms
[2580.461s][info][gc             ] GC(468) Concurrent Mark Cycle
[2580.461s][info][gc,marking     ] GC(468) Concurrent Scan Root Regions
[2580.461s][info][gc,cpu         ] GC(467) User=0.71s Sys=0.00s Real=0.12s
.[2580.597s][info][gc,marking     ] GC(468) Concurrent Scan Root Regions 135.369ms
[2580.597s][info][gc,marking     ] GC(468) Concurrent Mark
[2580.597s][info][gc,marking     ] GC(468) Concurrent Mark From Roots
[2580.597s][info][gc,task        ] GC(468) Using 2 workers of 2 for marking
[2581.253s][info][gc,marking     ] GC(468) Concurrent Mark From Roots 656.785ms
[2581.253s][info][gc,marking     ] GC(468) Concurrent Preclean
[2581.253s][info][gc,marking     ] GC(468) Concurrent Preclean 0.070ms
[2581.254s][info][gc,start       ] GC(468) Pause Remark
[2581.257s][info][gc             ] GC(468) Pause Remark 1894M->1894M(4096M) 2.970ms
[2581.257s][info][gc,cpu         ] GC(468) User=0.01s Sys=0.00s Real=0.01s
[2581.257s][info][gc,marking     ] GC(468) Concurrent Mark 660.068ms
[2581.257s][info][gc,marking     ] GC(468) Concurrent Rebuild Remembered Sets and Scrub Regions
[2581.481s][info][gc,marking     ] GC(468) Concurrent Rebuild Remembered Sets and Scrub Regions 224.819ms
[2581.482s][info][gc,start       ] GC(468) Pause Cleanup
[2581.482s][info][gc             ] GC(468) Pause Cleanup 1982M->1982M(4096M) 0.822ms
[2581.483s][info][gc,cpu         ] GC(468) User=0.00s Sys=0.00s Real=0.00s
[2581.483s][info][gc,marking     ] GC(468) Concurrent Clear Claimed Marks
[2581.484s][info][gc,marking     ] GC(468) Concurrent Clear Claimed Marks 0.041ms
[2581.484s][info][gc,marking     ] GC(468) Concurrent Cleanup for Next Mark
[2581.488s][info][gc,marking     ] GC(468) Concurrent Cleanup for Next Mark 4.603ms
[2581.488s][info][gc             ] GC(468) Concurrent Mark Cycle 1027.056ms
....[2584.813s][info][gc,start       ] GC(469) Pause Young (Prepare Mixed) (G1 Evacuation Pause)
[2584.813s][info][gc,task        ] GC(469) Using 6 workers of 6 for evacuation
[2584.929s][info][gc,phases      ] GC(469)   Pre Evacuate Collection Set: 0.36ms
[2584.929s][info][gc,phases      ] GC(469)   Merge Heap Roots: 0.54ms
[2584.929s][info][gc,phases      ] GC(469)   Evacuate Collection Set: 113.97ms
[2584.929s][info][gc,phases      ] GC(469)   Post Evacuate Collection Set: 0.93ms
[2584.929s][info][gc,phases      ] GC(469)   Other: 0.09ms
[2584.929s][info][gc,heap        ] GC(469) Eden regions: 1119->0(1109)
[2584.929s][info][gc,heap        ] GC(469) Survivor regions: 109->109(154)
[2584.929s][info][gc,heap        ] GC(469) Old regions: 505->538
[2584.929s][info][gc,heap        ] GC(469) Humongous regions: 80->80
[2584.929s][info][gc,metaspace   ] GC(469) Metaspace: 28956K(29248K)->28956K(29248K) NonClass: 24072K(24192K)->24072K(24192K) Class: 4883K(5056K)->4883K(5056K)
[2584.929s][info][gc             ] GC(469) Pause Young (Prepare Mixed) (G1 Evacuation Pause) 3623M->1449M(4096M) 116.034ms
[2584.929s][info][gc,cpu         ] GC(469) User=0.69s Sys=0.00s Real=0.12s
....[2589.363s][info][gc,start       ] GC(470) Pause Young (Mixed) (G1 Evacuation Pause)
[2589.363s][info][gc,task        ] GC(470) Using 6 workers of 6 for evacuation
[2589.493s][info][gc,phases      ] GC(470)   Pre Evacuate Collection Set: 0.38ms
[2589.493s][info][gc,phases      ] GC(470)   Merge Heap Roots: 0.71ms
[2589.493s][info][gc,phases      ] GC(470)   Evacuate Collection Set: 127.45ms
[2589.493s][info][gc,phases      ] GC(470)   Post Evacuate Collection Set: 0.97ms
[2589.493s][info][gc,phases      ] GC(470)   Other: 0.09ms
[2589.493s][info][gc,heap        ] GC(470) Eden regions: 1109->0(1121)
[2589.493s][info][gc,heap        ] GC(470) Survivor regions: 109->107(153)
[2589.493s][info][gc,heap        ] GC(470) Old regions: 538->473
[2589.493s][info][gc,heap        ] GC(470) Humongous regions: 80->80
[2589.493s][info][gc,metaspace   ] GC(470) Metaspace: 28956K(29248K)->28956K(29248K) NonClass: 24072K(24192K)->24072K(24192K) Class: 4883K(5056K)->4883K(5056K)
[2589.493s][info][gc             ] GC(470) Pause Young (Mixed) (G1 Evacuation Pause) 3667M->1316M(4096M) 129.730ms
[2589.493s][info][gc,cpu         ] GC(470) User=0.77s Sys=0.00s Real=0.13s
.....[2593.873s][info][gc,start       ] GC(471) Pause Young (Concurrent Start) (G1 Evacuation Pause)
[2593.873s][info][gc,task        ] GC(471) Using 6 workers of 6 for evacuation
[2593.988s][info][gc,phases      ] GC(471)   Pre Evacuate Collection Set: 0.37ms
[2593.988s][info][gc,phases      ] GC(471)   Merge Heap Roots: 0.47ms
[2593.988s][info][gc,phases      ] GC(471)   Evacuate Collection Set: 113.25ms
[2593.988s][info][gc,phases      ] GC(471)   Post Evacuate Collection Set: 0.90ms
[2593.988s][info][gc,phases      ] GC(471)   Other: 0.13ms
[2593.988s][info][gc,heap        ] GC(471) Eden regions: 1121->0(1119)
[2593.988s][info][gc,heap        ] GC(471) Survivor regions: 107->109(154)
[2593.988s][info][gc,heap        ] GC(471) Old regions: 473->504
[2593.988s][info][gc,heap        ] GC(471) Humongous regions: 80->80
[2593.988s][info][gc,metaspace   ] GC(471) Metaspace: 28958K(29248K)->28958K(29248K) NonClass: 24074K(24192K)->24074K(24192K) Class: 4883K(5056K)->4883K(5056K)
[2593.988s][info][gc             ] GC(471) Pause Young (Concurrent Start) (G1 Evacuation Pause) 3558M->1383M(4096M) 115.279ms
[2593.989s][info][gc             ] GC(472) Concurrent Mark Cycle
[2593.989s][info][gc,marking     ] GC(472) Concurrent Scan Root Regions
[2593.989s][info][gc,cpu         ] GC(471) User=0.69s Sys=0.00s Real=0.12s
[2594.159s][info][gc,marking     ] GC(472) Concurrent Scan Root Regions 170.615ms
[2594.159s][info][gc,marking     ] GC(472) Concurrent Mark
[2594.159s][info][gc,marking     ] GC(472) Concurrent Mark From Roots
[2594.159s][info][gc,task        ] GC(472) Using 2 workers of 2 for marking
.[2595.135s][info][gc,marking     ] GC(472) Concurrent Mark From Roots 975.799ms
[2595.135s][info][gc,marking     ] GC(472) Concurrent Preclean
[2595.135s][info][gc,marking     ] GC(472) Concurrent Preclean 0.066ms
[2595.135s][info][gc,start       ] GC(472) Pause Remark
[2595.138s][info][gc             ] GC(472) Pause Remark 2007M->2007M(4096M) 2.987ms
[2595.138s][info][gc,cpu         ] GC(472) User=0.02s Sys=0.00s Real=0.00s
[2595.138s][info][gc,marking     ] GC(472) Concurrent Mark 979.122ms
[2595.138s][info][gc,marking     ] GC(472) Concurrent Rebuild Remembered Sets and Scrub Regions
[2595.506s][info][gc,marking     ] GC(472) Concurrent Rebuild Remembered Sets and Scrub Regions 367.555ms
[2595.506s][info][gc,start       ] GC(472) Pause Cleanup
[2595.506s][info][gc             ] GC(472) Pause Cleanup 2185M->2185M(4096M) 0.140ms
[2595.506s][info][gc,cpu         ] GC(472) User=0.00s Sys=0.00s Real=0.00s
[2595.506s][info][gc,marking     ] GC(472) Concurrent Clear Claimed Marks
[2595.506s][info][gc,marking     ] GC(472) Concurrent Clear Claimed Marks 0.035ms
[2595.506s][info][gc,marking     ] GC(472) Concurrent Cleanup for Next Mark
[2595.510s][info][gc,marking     ] GC(472) Concurrent Cleanup for Next Mark 3.427ms
[2595.510s][info][gc             ] GC(472) Concurrent Mark Cycle 1521.269ms
...[2598.276s][info][gc,start       ] GC(473) Pause Young (Prepare Mixed) (G1 Evacuation Pause)
[2598.276s][info][gc,task        ] GC(473) Using 6 workers of 6 for evacuation
[2598.391s][info][gc,phases      ] GC(473)   Pre Evacuate Collection Set: 0.37ms
[2598.391s][info][gc,phases      ] GC(473)   Merge Heap Roots: 0.65ms
[2598.391s][info][gc,phases      ] GC(473)   Evacuate Collection Set: 113.12ms
[2598.391s][info][gc,phases      ] GC(473)   Post Evacuate Collection Set: 0.96ms
[2598.391s][info][gc,phases      ] GC(473)   Other: 0.09ms
[2598.391s][info][gc,heap        ] GC(473) Eden regions: 1119->0(1115)
[2598.391s][info][gc,heap        ] GC(473) Survivor regions: 109->107(154)
[2598.391s][info][gc,heap        ] GC(473) Old regions: 504->536
[2598.391s][info][gc,heap        ] GC(473) Humongous regions: 80->80
[2598.391s][info][gc,metaspace   ] GC(473) Metaspace: 28958K(29248K)->28958K(29248K) NonClass: 24074K(24192K)->24074K(24192K) Class: 4883K(5056K)->4883K(5056K)
[2598.391s][info][gc             ] GC(473) Pause Young (Prepare Mixed) (G1 Evacuation Pause) 3621M->1443M(4096M) 115.328ms
[2598.391s][info][gc,cpu         ] GC(473) User=0.68s Sys=0.00s Real=0.11s
.....[2602.875s][info][gc,start       ] GC(474) Pause Young (Mixed) (G1 Evacuation Pause)
[2602.875s][info][gc,task        ] GC(474) Using 6 workers of 6 for evacuation
[2603.015s][info][gc,phases      ] GC(474)   Pre Evacuate Collection Set: 0.42ms
[2603.016s][info][gc,phases      ] GC(474)   Merge Heap Roots: 0.78ms
[2603.016s][info][gc,phases      ] GC(474)   Evacuate Collection Set: 137.99ms
[2603.016s][info][gc,phases      ] GC(474)   Post Evacuate Collection Set: 0.99ms
[2603.016s][info][gc,phases      ] GC(474)   Other: 0.09ms
[2603.016s][info][gc,heap        ] GC(474) Eden regions: 1115->0(1119)
[2603.016s][info][gc,heap        ] GC(474) Survivor regions: 107->109(153)
[2603.016s][info][gc,heap        ] GC(474) Old regions: 536->472
[2603.016s][info][gc,heap        ] GC(474) Humongous regions: 80->80
[2603.016s][info][gc,metaspace   ] GC(474) Metaspace: 28958K(29248K)->28958K(29248K) NonClass: 24074K(24192K)->24074K(24192K) Class: 4883K(5056K)->4883K(5056K)
[2603.016s][info][gc             ] GC(474) Pause Young (Mixed) (G1 Evacuation Pause) 3673M->1318M(4096M) 140.452ms
[2603.016s][info][gc,cpu         ] GC(474) User=0.84s Sys=0.00s Real=0.14s
....[2607.440s][info][gc,start       ] GC(475) Pause Young (Concurrent Start) (G1 Evacuation Pause)
[2607.441s][info][gc,task        ] GC(475) Using 6 workers of 6 for evacuation
[2607.557s][info][gc,phases      ] GC(475)   Pre Evacuate Collection Set: 0.40ms
[2607.557s][info][gc,phases      ] GC(475)   Merge Heap Roots: 0.57ms
[2607.557s][info][gc,phases      ] GC(475)   Evacuate Collection Set: 114.79ms
[2607.557s][info][gc,phases      ] GC(475)   Post Evacuate Collection Set: 0.91ms
[2607.557s][info][gc,phases      ] GC(475)   Other: 0.13ms
[2607.557s][info][gc,heap        ] GC(475) Eden regions: 1119->0(1118)
[2607.557s][info][gc,heap        ] GC(475) Survivor regions: 109->110(154)
[2607.557s][info][gc,heap        ] GC(475) Old regions: 472->504
[2607.557s][info][gc,heap        ] GC(475) Humongous regions: 80->80
[2607.557s][info][gc,metaspace   ] GC(475) Metaspace: 28958K(29248K)->28958K(29248K) NonClass: 24074K(24192K)->24074K(24192K) Class: 4883K(5056K)->4883K(5056K)
[2607.557s][info][gc             ] GC(475) Pause Young (Concurrent Start) (G1 Evacuation Pause) 3556M->1383M(4096M) 116.934ms
[2607.557s][info][gc             ] GC(476) Concurrent Mark Cycle
[2607.557s][info][gc,marking     ] GC(476) Concurrent Scan Root Regions
[2607.557s][info][gc,cpu         ] GC(475) User=0.69s Sys=0.00s Real=0.12s
.[2607.712s][info][gc,marking     ] GC(476) Concurrent Scan Root Regions 155.038ms
[2607.712s][info][gc,marking     ] GC(476) Concurrent Mark
[2607.712s][info][gc,marking     ] GC(476) Concurrent Mark From Roots
[2607.713s][info][gc,task        ] GC(476) Using 2 workers of 2 for marking
[2608.343s][info][gc,marking     ] GC(476) Concurrent Mark From Roots 630.299ms
[2608.343s][info][gc,marking     ] GC(476) Concurrent Preclean
[2608.343s][info][gc,marking     ] GC(476) Concurrent Preclean 0.067ms
[2608.343s][info][gc,start       ] GC(476) Pause Remark
[2608.346s][info][gc             ] GC(476) Pause Remark 1828M->1828M(4096M) 2.487ms
[2608.346s][info][gc,cpu         ] GC(476) User=0.02s Sys=0.00s Real=0.01s
[2608.346s][info][gc,marking     ] GC(476) Concurrent Mark 633.089ms
[2608.346s][info][gc,marking     ] GC(476) Concurrent Rebuild Remembered Sets and Scrub Regions
[2608.588s][info][gc,marking     ] GC(476) Concurrent Rebuild Remembered Sets and Scrub Regions 242.284ms
[2608.588s][info][gc,start       ] GC(476) Pause Cleanup
[2608.588s][info][gc             ] GC(476) Pause Cleanup 1965M->1965M(4096M) 0.119ms
[2608.588s][info][gc,cpu         ] GC(476) User=0.00s Sys=0.00s Real=0.00s
[2608.588s][info][gc,marking     ] GC(476) Concurrent Clear Claimed Marks
[2608.588s][info][gc,marking     ] GC(476) Concurrent Clear Claimed Marks 0.026ms
[2608.588s][info][gc,marking     ] GC(476) Concurrent Cleanup for Next Mark
[2608.593s][info][gc,marking     ] GC(476) Concurrent Cleanup for Next Mark 4.568ms
[2608.593s][info][gc             ] GC(476) Concurrent Mark Cycle 1035.475ms
. (rIR:aIR:PR = 4151:4150:4150) (tPR = 61672) [OK] 
  2608s: Performance info:
         Transaction,    Success,    Partial,     Failed,   Receipts, AvgBarcode, 
             Overall,     250322,          0,          0,     237822,      59.48, 
         Response times:
             Request,    Success,    Partial,     Failed,   SkipFail,     Probes,    Samples,      min,      p50,      p90,      p95,      p99,      max, 
       TotalPurchase,     237822,          0,          0,          0,     233362,     254359,      300,     3400,     6000,     9300,    42000,   199000,
     InStorePurchase,     125201,          0,          0,          0,     123125,     133965,      300,     3500,     6000,     9300,    43000,   199000,
      OnlinePurchase,      87617,          0,          0,          0,      86099,      93795,      300,     3300,     6000,     9300,    41000,   156000,
        InstPurchase,      25004,          0,          0,          0,      24138,      26599,      400,     3300,     6000,     9300,    40000,   138000,
          AssocOfCat,        254,          0,          0,          0,        189,        270,    21000,    31000,    47900,    62900,    76190,   160000,
      AssocOfProduct,       2500,          0,          0,          0,       2288,       2696,      300,     2100,     5100,     7300,    36000,   138000,
      BusinessReport,        629,          0,          0,          0,        525,        649,    20000,    33000,    53000,    69500,   178500,   204000,
          CustBuyBeh,       2506,          0,          0,          0,       2281,       2635,      300,     3000,     5800,    10360,    40000,   137000,
       ProductReturn,       6611,          0,          0,          0,       6337,       7242,      200,     2300,     4600,     6400,    30000,   135000,

  2608s: (31%)   IR =   4289 ...[2611.802s][info][gc,start       ] GC(477) Pause Young (Prepare Mixed) (G1 Evacuation Pause)
[2611.802s][info][gc,task        ] GC(477) Using 6 workers of 6 for evacuation
[2611.920s][info][gc,phases      ] GC(477)   Pre Evacuate Collection Set: 0.33ms
[2611.920s][info][gc,phases      ] GC(477)   Merge Heap Roots: 0.57ms
[2611.920s][info][gc,phases      ] GC(477)   Evacuate Collection Set: 115.65ms
[2611.920s][info][gc,phases      ] GC(477)   Post Evacuate Collection Set: 0.95ms
[2611.920s][info][gc,phases      ] GC(477)   Other: 0.09ms
[2611.920s][info][gc,heap        ] GC(477) Eden regions: 1118->0(1112)
[2611.920s][info][gc,heap        ] GC(477) Survivor regions: 110->108(154)
[2611.920s][info][gc,heap        ] GC(477) Old regions: 504->537
[2611.920s][info][gc,heap        ] GC(477) Humongous regions: 80->80
[2611.920s][info][gc,metaspace   ] GC(477) Metaspace: 28958K(29248K)->28958K(29248K) NonClass: 24074K(24192K)->24074K(24192K) Class: 4883K(5056K)->4883K(5056K)
[2611.920s][info][gc             ] GC(477) Pause Young (Prepare Mixed) (G1 Evacuation Pause) 3619M->1446M(4096M) 117.724ms
[2611.920s][info][gc,cpu         ] GC(477) User=0.70s Sys=0.00s Real=0.12s
..|..[2616.188s][info][gc,start       ] GC(478) Pause Young (Mixed) (G1 Evacuation Pause)
[2616.188s][info][gc,task        ] GC(478) Using 6 workers of 6 for evacuation
[2616.319s][info][gc,phases      ] GC(478)   Pre Evacuate Collection Set: 0.37ms
[2616.319s][info][gc,phases      ] GC(478)   Merge Heap Roots: 0.69ms
[2616.319s][info][gc,phases      ] GC(478)   Evacuate Collection Set: 128.47ms
[2616.319s][info][gc,phases      ] GC(478)   Post Evacuate Collection Set: 0.97ms
[2616.319s][info][gc,phases      ] GC(478)   Other: 0.09ms
[2616.319s][info][gc,heap        ] GC(478) Eden regions: 1112->0(1120)
[2616.319s][info][gc,heap        ] GC(478) Survivor regions: 108->108(153)
[2616.319s][info][gc,heap        ] GC(478) Old regions: 537->473
[2616.319s][info][gc,heap        ] GC(478) Humongous regions: 80->80
[2616.319s][info][gc,metaspace   ] GC(478) Metaspace: 28958K(29248K)->28958K(29248K) NonClass: 24074K(24192K)->24074K(24192K) Class: 4883K(5056K)->4883K(5056K)
[2616.319s][info][gc             ] GC(478) Pause Young (Mixed) (G1 Evacuation Pause) 3670M->1318M(4096M) 130.707ms
[2616.319s][info][gc,cpu         ] GC(478) User=0.78s Sys=0.00s Real=0.13s
....[2620.585s][info][gc,start       ] GC(479) Pause Young (Concurrent Start) (G1 Evacuation Pause)
[2620.585s][info][gc,task        ] GC(479) Using 6 workers of 6 for evacuation
[2620.701s][info][gc,phases      ] GC(479)   Pre Evacuate Collection Set: 0.40ms
[2620.701s][info][gc,phases      ] GC(479)   Merge Heap Roots: 0.51ms
[2620.701s][info][gc,phases      ] GC(479)   Evacuate Collection Set: 114.07ms
[2620.701s][info][gc,phases      ] GC(479)   Post Evacuate Collection Set: 0.89ms
[2620.701s][info][gc,phases      ] GC(479)   Other: 0.13ms
[2620.701s][info][gc,heap        ] GC(479) Eden regions: 1120->0(1119)
[2620.701s][info][gc,heap        ] GC(479) Survivor regions: 108->109(154)
[2620.701s][info][gc,heap        ] GC(479) Old regions: 473->505
[2620.701s][info][gc,heap        ] GC(479) Humongous regions: 80->80
[2620.701s][info][gc,metaspace   ] GC(479) Metaspace: 28958K(29248K)->28958K(29248K) NonClass: 24074K(24192K)->24074K(24192K) Class: 4883K(5056K)->4883K(5056K)
[2620.702s][info][gc             ] GC(479) Pause Young (Concurrent Start) (G1 Evacuation Pause) 3558M->1385M(4096M) 116.121ms
[2620.702s][info][gc             ] GC(480) Concurrent Mark Cycle
[2620.702s][info][gc,marking     ] GC(480) Concurrent Scan Root Regions
[2620.702s][info][gc,cpu         ] GC(479) User=0.69s Sys=0.00s Real=0.11s
.[2620.822s][info][gc,marking     ] GC(480) Concurrent Scan Root Regions 120.244ms
[2620.822s][info][gc,marking     ] GC(480) Concurrent Mark
[2620.822s][info][gc,marking     ] GC(480) Concurrent Mark From Roots
[2620.822s][info][gc,task        ] GC(480) Using 2 workers of 2 for marking
[2621.460s][info][gc,marking     ] GC(480) Concurrent Mark From Roots 638.037ms
[2621.460s][info][gc,marking     ] GC(480) Concurrent Preclean
[2621.460s][info][gc,marking     ] GC(480) Concurrent Preclean 0.089ms
[2621.460s][info][gc,start       ] GC(480) Pause Remark
[2621.463s][info][gc             ] GC(480) Pause Remark 1808M->1808M(4096M) 2.730ms
[2621.463s][info][gc,cpu         ] GC(480) User=0.01s Sys=0.00s Real=0.00s
[2621.463s][info][gc,marking     ] GC(480) Concurrent Mark 641.421ms
[2621.463s][info][gc,marking     ] GC(480) Concurrent Rebuild Remembered Sets and Scrub Regions
[2621.693s][info][gc,marking     ] GC(480) Concurrent Rebuild Remembered Sets and Scrub Regions 229.922ms
[2621.693s][info][gc,start       ] GC(480) Pause Cleanup
[2621.694s][info][gc             ] GC(480) Pause Cleanup 1927M->1927M(4096M) 0.127ms
[2621.694s][info][gc,cpu         ] GC(480) User=0.00s Sys=0.00s Real=0.00s
[2621.694s][info][gc,marking     ] GC(480) Concurrent Clear Claimed Marks
[2621.694s][info][gc,marking     ] GC(480) Concurrent Clear Claimed Marks 0.030ms
[2621.694s][info][gc,marking     ] GC(480) Concurrent Cleanup for Next Mark
[2621.698s][info][gc,marking     ] GC(480) Concurrent Cleanup for Next Mark 4.606ms
[2621.698s][info][gc             ] GC(480) Concurrent Mark Cycle 996.736ms
....[2624.970s][info][gc,start       ] GC(481) Pause Young (Prepare Mixed) (G1 Evacuation Pause)
[2624.970s][info][gc,task        ] GC(481) Using 6 workers of 6 for evacuation
[2625.087s][info][gc,phases      ] GC(481)   Pre Evacuate Collection Set: 0.35ms
[2625.087s][info][gc,phases      ] GC(481)   Merge Heap Roots: 0.56ms
[2625.087s][info][gc,phases      ] GC(481)   Evacuate Collection Set: 114.96ms
[2625.087s][info][gc,phases      ] GC(481)   Post Evacuate Collection Set: 0.94ms
[2625.087s][info][gc,phases      ] GC(481)   Other: 0.09ms
[2625.087s][info][gc,heap        ] GC(481) Eden regions: 1119->0(1108)
[2625.087s][info][gc,heap        ] GC(481) Survivor regions: 109->110(154)
[2625.087s][info][gc,heap        ] GC(481) Old regions: 505->537
[2625.087s][info][gc,heap        ] GC(481) Humongous regions: 80->80
[2625.087s][info][gc,metaspace   ] GC(481) Metaspace: 28958K(29248K)->28958K(29248K) NonClass: 24074K(24192K)->24074K(24192K) Class: 4883K(5056K)->4883K(5056K)
[2625.087s][info][gc             ] GC(481) Pause Young (Prepare Mixed) (G1 Evacuation Pause) 3623M->1449M(4096M) 117.032ms
[2625.087s][info][gc,cpu         ] GC(481) User=0.70s Sys=0.00s Real=0.12s
....[2629.345s][info][gc,start       ] GC(482) Pause Young (Mixed) (G1 Evacuation Pause)
[2629.345s][info][gc,task        ] GC(482) Using 6 workers of 6 for evacuation
[2629.477s][info][gc,phases      ] GC(482)   Pre Evacuate Collection Set: 0.39ms
[2629.477s][info][gc,phases      ] GC(482)   Merge Heap Roots: 0.78ms
[2629.477s][info][gc,phases      ] GC(482)   Evacuate Collection Set: 129.40ms
[2629.477s][info][gc,phases      ] GC(482)   Post Evacuate Collection Set: 0.97ms
[2629.477s][info][gc,phases      ] GC(482)   Other: 0.10ms
[2629.477s][info][gc,heap        ] GC(482) Eden regions: 1108->0(1120)
[2629.477s][info][gc,heap        ] GC(482) Survivor regions: 110->108(153)
[2629.477s][info][gc,heap        ] GC(482) Old regions: 537->473
[2629.477s][info][gc,heap        ] GC(482) Humongous regions: 80->80
[2629.477s][info][gc,metaspace   ] GC(482) Metaspace: 28958K(29248K)->28958K(29248K) NonClass: 24074K(24192K)->24074K(24192K) Class: 4883K(5056K)->4883K(5056K)
[2629.477s][info][gc             ] GC(482) Pause Young (Mixed) (G1 Evacuation Pause) 3665M->1317M(4096M) 131.771ms
[2629.477s][info][gc,cpu         ] GC(482) User=0.78s Sys=0.00s Real=0.13s
.....[2633.735s][info][gc,start       ] GC(483) Pause Young (Concurrent Start) (G1 Evacuation Pause)
[2633.735s][info][gc,task        ] GC(483) Using 6 workers of 6 for evacuation
[2633.850s][info][gc,phases      ] GC(483)   Pre Evacuate Collection Set: 0.39ms
[2633.850s][info][gc,phases      ] GC(483)   Merge Heap Roots: 0.50ms
[2633.850s][info][gc,phases      ] GC(483)   Evacuate Collection Set: 113.77ms
[2633.850s][info][gc,phases      ] GC(483)   Post Evacuate Collection Set: 0.90ms
[2633.850s][info][gc,phases      ] GC(483)   Other: 0.11ms
[2633.850s][info][gc,heap        ] GC(483) Eden regions: 1120->0(1119)
[2633.850s][info][gc,heap        ] GC(483) Survivor regions: 108->109(154)
[2633.850s][info][gc,heap        ] GC(483) Old regions: 473->505
[2633.850s][info][gc,heap        ] GC(483) Humongous regions: 80->80
[2633.850s][info][gc,metaspace   ] GC(483) Metaspace: 28958K(29248K)->28958K(29248K) NonClass: 24074K(24192K)->24074K(24192K) Class: 4883K(5056K)->4883K(5056K)
[2633.850s][info][gc             ] GC(483) Pause Young (Concurrent Start) (G1 Evacuation Pause) 3557M->1383M(4096M) 115.802ms
[2633.850s][info][gc             ] GC(484) Concurrent Mark Cycle
[2633.850s][info][gc,marking     ] GC(484) Concurrent Scan Root Regions
[2633.850s][info][gc,cpu         ] GC(483) User=0.69s Sys=0.00s Real=0.12s
[2633.986s][info][gc,marking     ] GC(484) Concurrent Scan Root Regions 135.769ms
[2633.986s][info][gc,marking     ] GC(484) Concurrent Mark
[2633.986s][info][gc,marking     ] GC(484) Concurrent Mark From Roots
[2633.986s][info][gc,task        ] GC(484) Using 2 workers of 2 for marking
[2634.627s][info][gc,marking     ] GC(484) Concurrent Mark From Roots 640.356ms
[2634.627s][info][gc,marking     ] GC(484) Concurrent Preclean
[2634.627s][info][gc,marking     ] GC(484) Concurrent Preclean 0.059ms
[2634.627s][info][gc,start       ] GC(484) Pause Remark
[2634.629s][info][gc             ] GC(484) Pause Remark 1849M->1849M(4096M) 2.423ms
[2634.629s][info][gc,cpu         ] GC(484) User=0.01s Sys=0.00s Real=0.00s
[2634.629s][info][gc,marking     ] GC(484) Concurrent Mark 643.069ms
[2634.629s][info][gc,marking     ] GC(484) Concurrent Rebuild Remembered Sets and Scrub Regions
.[2634.911s][info][gc,marking     ] GC(484) Concurrent Rebuild Remembered Sets and Scrub Regions 281.730ms
[2634.911s][info][gc,start       ] GC(484) Pause Cleanup
[2634.911s][info][gc             ] GC(484) Pause Cleanup 1989M->1989M(4096M) 0.125ms
[2634.911s][info][gc,cpu         ] GC(484) User=0.00s Sys=0.00s Real=0.00s
[2634.911s][info][gc,marking     ] GC(484) Concurrent Clear Claimed Marks
[2634.911s][info][gc,marking     ] GC(484) Concurrent Clear Claimed Marks 0.028ms
[2634.911s][info][gc,marking     ] GC(484) Concurrent Cleanup for Next Mark
[2634.916s][info][gc,marking     ] GC(484) Concurrent Cleanup for Next Mark 4.367ms
[2634.916s][info][gc             ] GC(484) Concurrent Mark Cycle 1065.434ms
...[2638.055s][info][gc,start       ] GC(485) Pause Young (Prepare Mixed) (G1 Evacuation Pause)
[2638.055s][info][gc,task        ] GC(485) Using 6 workers of 6 for evacuation
[2638.172s][info][gc,phases      ] GC(485)   Pre Evacuate Collection Set: 0.35ms
[2638.172s][info][gc,phases      ] GC(485)   Merge Heap Roots: 0.54ms
[2638.172s][info][gc,phases      ] GC(485)   Evacuate Collection Set: 114.68ms
[2638.172s][info][gc,phases      ] GC(485)   Post Evacuate Collection Set: 0.93ms
[2638.172s][info][gc,phases      ] GC(485)   Other: 0.09ms
[2638.172s][info][gc,heap        ] GC(485) Eden regions: 1119->0(1113)
[2638.172s][info][gc,heap        ] GC(485) Survivor regions: 109->108(154)
[2638.172s][info][gc,heap        ] GC(485) Old regions: 505->536
[2638.172s][info][gc,heap        ] GC(485) Humongous regions: 80->80
[2638.172s][info][gc,metaspace   ] GC(485) Metaspace: 28958K(29248K)->28958K(29248K) NonClass: 24074K(24192K)->24074K(24192K) Class: 4883K(5056K)->4883K(5056K)
[2638.172s][info][gc             ] GC(485) Pause Young (Prepare Mixed) (G1 Evacuation Pause) 3621M->1444M(4096M) 116.751ms
[2638.172s][info][gc,cpu         ] GC(485) User=0.69s Sys=0.00s Real=0.11s
....[2642.415s][info][gc,start       ] GC(486) Pause Young (Mixed) (G1 Evacuation Pause)
[2642.415s][info][gc,task        ] GC(486) Using 6 workers of 6 for evacuation
[2642.547s][info][gc,phases      ] GC(486)   Pre Evacuate Collection Set: 0.38ms
[2642.547s][info][gc,phases      ] GC(486)   Merge Heap Roots: 0.69ms
[2642.547s][info][gc,phases      ] GC(486)   Evacuate Collection Set: 129.35ms
[2642.547s][info][gc,phases      ] GC(486)   Post Evacuate Collection Set: 0.98ms
[2642.547s][info][gc,phases      ] GC(486)   Other: 0.09ms
[2642.547s][info][gc,heap        ] GC(486) Eden regions: 1113->0(1120)
[2642.547s][info][gc,heap        ] GC(486) Survivor regions: 108->108(153)
[2642.547s][info][gc,heap        ] GC(486) Old regions: 536->472
[2642.547s][info][gc,heap        ] GC(486) Humongous regions: 80->80
[2642.547s][info][gc,metaspace   ] GC(486) Metaspace: 28958K(29248K)->28958K(29248K) NonClass: 24074K(24192K)->24074K(24192K) Class: 4883K(5056K)->4883K(5056K)
[2642.547s][info][gc             ] GC(486) Pause Young (Mixed) (G1 Evacuation Pause) 3670M->1317M(4096M) 131.629ms
[2642.547s][info][gc,cpu         ] GC(486) User=0.78s Sys=0.00s Real=0.13s
.....[2646.834s][info][gc,start       ] GC(487) Pause Young (Concurrent Start) (G1 Evacuation Pause)
[2646.834s][info][gc,task        ] GC(487) Using 6 workers of 6 for evacuation
[2646.953s][info][gc,phases      ] GC(487)   Pre Evacuate Collection Set: 0.38ms
[2646.953s][info][gc,phases      ] GC(487)   Merge Heap Roots: 0.51ms
[2646.953s][info][gc,phases      ] GC(487)   Evacuate Collection Set: 117.31ms
[2646.953s][info][gc,phases      ] GC(487)   Post Evacuate Collection Set: 0.90ms
[2646.953s][info][gc,phases      ] GC(487)   Other: 0.10ms
[2646.953s][info][gc,heap        ] GC(487) Eden regions: 1120->0(1116)
[2646.953s][info][gc,heap        ] GC(487) Survivor regions: 108->112(154)
[2646.953s][info][gc,heap        ] GC(487) Old regions: 472->504
[2646.953s][info][gc,heap        ] GC(487) Humongous regions: 80->80
[2646.953s][info][gc,metaspace   ] GC(487) Metaspace: 28958K(29248K)->28958K(29248K) NonClass: 24074K(24192K)->24074K(24192K) Class: 4883K(5056K)->4883K(5056K)
[2646.953s][info][gc             ] GC(487) Pause Young (Concurrent Start) (G1 Evacuation Pause) 3557M->1387M(4096M) 119.319ms
[2646.953s][info][gc             ] GC(488) Concurrent Mark Cycle
[2646.953s][info][gc,marking     ] GC(488) Concurrent Scan Root Regions
[2646.953s][info][gc,cpu         ] GC(487) User=0.71s Sys=0.00s Real=0.12s
[2647.121s][info][gc,marking     ] GC(488) Concurrent Scan Root Regions 167.980ms
[2647.121s][info][gc,marking     ] GC(488) Concurrent Mark
[2647.121s][info][gc,marking     ] GC(488) Concurrent Mark From Roots
[2647.121s][info][gc,task        ] GC(488) Using 2 workers of 2 for marking
.[2647.737s][info][gc,marking     ] GC(488) Concurrent Mark From Roots 615.974ms
[2647.737s][info][gc,marking     ] GC(488) Concurrent Preclean
[2647.738s][info][gc,marking     ] GC(488) Concurrent Preclean 0.058ms
[2647.738s][info][gc,start       ] GC(488) Pause Remark
[2647.740s][info][gc             ] GC(488) Pause Remark 1839M->1839M(4096M) 2.674ms
[2647.740s][info][gc,cpu         ] GC(488) User=0.01s Sys=0.00s Real=0.00s
[2647.740s][info][gc,marking     ] GC(488) Concurrent Mark 618.924ms
[2647.740s][info][gc,marking     ] GC(488) Concurrent Rebuild Remembered Sets and Scrub Regions
[2648.030s][info][gc,marking     ] GC(488) Concurrent Rebuild Remembered Sets and Scrub Regions 290.107ms
[2648.031s][info][gc,start       ] GC(488) Pause Cleanup
[2648.031s][info][gc             ] GC(488) Pause Cleanup 1973M->1973M(4096M) 0.134ms
[2648.031s][info][gc,cpu         ] GC(488) User=0.00s Sys=0.00s Real=0.00s
[2648.031s][info][gc,marking     ] GC(488) Concurrent Clear Claimed Marks
[2648.031s][info][gc,marking     ] GC(488) Concurrent Clear Claimed Marks 0.033ms
[2648.031s][info][gc,marking     ] GC(488) Concurrent Cleanup for Next Mark
[2648.037s][info][gc,marking     ] GC(488) Concurrent Cleanup for Next Mark 5.246ms
[2648.037s][info][gc             ] GC(488) Concurrent Mark Cycle 1083.308ms
...[2651.250s][info][gc,start       ] GC(489) Pause Young (Prepare Mixed) (G1 Evacuation Pause)
[2651.250s][info][gc,task        ] GC(489) Using 6 workers of 6 for evacuation
[2651.371s][info][gc,phases      ] GC(489)   Pre Evacuate Collection Set: 0.33ms
[2651.371s][info][gc,phases      ] GC(489)   Merge Heap Roots: 0.56ms
[2651.371s][info][gc,phases      ] GC(489)   Evacuate Collection Set: 118.56ms
[2651.371s][info][gc,phases      ] GC(489)   Post Evacuate Collection Set: 0.93ms
[2651.371s][info][gc,phases      ] GC(489)   Other: 0.09ms
[2651.371s][info][gc,heap        ] GC(489) Eden regions: 1116->0(1108)
[2651.371s][info][gc,heap        ] GC(489) Survivor regions: 112->111(154)
[2651.371s][info][gc,heap        ] GC(489) Old regions: 504->535
[2651.371s][info][gc,heap        ] GC(489) Humongous regions: 80->80
[2651.371s][info][gc,metaspace   ] GC(489) Metaspace: 28958K(29248K)->28958K(29248K) NonClass: 24074K(24192K)->24074K(24192K) Class: 4883K(5056K)->4883K(5056K)
[2651.371s][info][gc             ] GC(489) Pause Young (Prepare Mixed) (G1 Evacuation Pause) 3619M->1449M(4096M) 120.587ms
[2651.371s][info][gc,cpu         ] GC(489) User=0.71s Sys=0.00s Real=0.12s
....[2655.714s][info][gc,start       ] GC(490) Pause Young (Mixed) (G1 Evacuation Pause)
[2655.714s][info][gc,task        ] GC(490) Using 6 workers of 6 for evacuation
[2655.847s][info][gc,phases      ] GC(490)   Pre Evacuate Collection Set: 0.41ms
[2655.847s][info][gc,phases      ] GC(490)   Merge Heap Roots: 0.78ms
[2655.847s][info][gc,phases      ] GC(490)   Evacuate Collection Set: 130.12ms
[2655.847s][info][gc,phases      ] GC(490)   Post Evacuate Collection Set: 0.93ms
[2655.847s][info][gc,phases      ] GC(490)   Other: 0.09ms
[2655.847s][info][gc,heap        ] GC(490) Eden regions: 1108->0(1119)
[2655.847s][info][gc,heap        ] GC(490) Survivor regions: 111->109(153)
[2655.847s][info][gc,heap        ] GC(490) Old regions: 535->472
[2655.847s][info][gc,heap        ] GC(490) Humongous regions: 80->80
[2655.847s][info][gc,metaspace   ] GC(490) Metaspace: 28958K(29248K)->28958K(29248K) NonClass: 24074K(24192K)->24074K(24192K) Class: 4883K(5056K)->4883K(5056K)
[2655.847s][info][gc             ] GC(490) Pause Young (Mixed) (G1 Evacuation Pause) 3665M->1318M(4096M) 132.473ms
[2655.847s][info][gc,cpu         ] GC(490) User=0.79s Sys=0.01s Real=0.14s
.....[2660.078s][info][gc,start       ] GC(491) Pause Young (Concurrent Start) (G1 Evacuation Pause)
[2660.078s][info][gc,task        ] GC(491) Using 6 workers of 6 for evacuation
[2660.193s][info][gc,phases      ] GC(491)   Pre Evacuate Collection Set: 0.40ms
[2660.193s][info][gc,phases      ] GC(491)   Merge Heap Roots: 0.57ms
[2660.193s][info][gc,phases      ] GC(491)   Evacuate Collection Set: 113.69ms
[2660.193s][info][gc,phases      ] GC(491)   Post Evacuate Collection Set: 0.89ms
[2660.193s][info][gc,phases      ] GC(491)   Other: 0.11ms
[2660.193s][info][gc,heap        ] GC(491) Eden regions: 1119->0(1120)
[2660.193s][info][gc,heap        ] GC(491) Survivor regions: 109->108(154)
[2660.193s][info][gc,heap        ] GC(491) Old regions: 472->504
[2660.193s][info][gc,heap        ] GC(491) Humongous regions: 80->80
[2660.193s][info][gc,metaspace   ] GC(491) Metaspace: 28958K(29248K)->28958K(29248K) NonClass: 24075K(24192K)->24075K(24192K) Class: 4883K(5056K)->4883K(5056K)
[2660.193s][info][gc             ] GC(491) Pause Young (Concurrent Start) (G1 Evacuation Pause) 3556M->1379M(4096M) 115.796ms
[2660.194s][info][gc             ] GC(492) Concurrent Mark Cycle
[2660.194s][info][gc,marking     ] GC(492) Concurrent Scan Root Regions
[2660.194s][info][gc,cpu         ] GC(491) User=0.69s Sys=0.00s Real=0.11s
[2660.318s][info][gc,marking     ] GC(492) Concurrent Scan Root Regions 124.161ms
[2660.318s][info][gc,marking     ] GC(492) Concurrent Mark
[2660.318s][info][gc,marking     ] GC(492) Concurrent Mark From Roots
[2660.318s][info][gc,task        ] GC(492) Using 2 workers of 2 for marking
.[2660.954s][info][gc,marking     ] GC(492) Concurrent Mark From Roots 636.677ms
[2660.954s][info][gc,marking     ] GC(492) Concurrent Preclean
[2660.955s][info][gc,marking     ] GC(492) Concurrent Preclean 0.088ms
[2660.955s][info][gc,start       ] GC(492) Pause Remark
[2660.957s][info][gc             ] GC(492) Pause Remark 1855M->1855M(4096M) 2.580ms
[2660.958s][info][gc,cpu         ] GC(492) User=0.01s Sys=0.00s Real=0.00s
[2660.958s][info][gc,marking     ] GC(492) Concurrent Mark 640.610ms
[2660.958s][info][gc,marking     ] GC(492) Concurrent Rebuild Remembered Sets and Scrub Regions
[2661.191s][info][gc,marking     ] GC(492) Concurrent Rebuild Remembered Sets and Scrub Regions 232.153ms
[2661.191s][info][gc,start       ] GC(492) Pause Cleanup
[2661.191s][info][gc             ] GC(492) Pause Cleanup 1977M->1977M(4096M) 0.122ms
[2661.191s][info][gc,cpu         ] GC(492) User=0.00s Sys=0.00s Real=0.00s
[2661.191s][info][gc,marking     ] GC(492) Concurrent Clear Claimed Marks
[2661.191s][info][gc,marking     ] GC(492) Concurrent Clear Claimed Marks 0.032ms
[2661.191s][info][gc,marking     ] GC(492) Concurrent Cleanup for Next Mark
[2661.194s][info][gc,marking     ] GC(492) Concurrent Cleanup for Next Mark 3.510ms
[2661.194s][info][gc             ] GC(492) Concurrent Mark Cycle 1000.942ms
...[2664.391s][info][gc,start       ] GC(493) Pause Young (Prepare Mixed) (G1 Evacuation Pause)
[2664.391s][info][gc,task        ] GC(493) Using 6 workers of 6 for evacuation
[2664.506s][info][gc,phases      ] GC(493)   Pre Evacuate Collection Set: 0.33ms
[2664.506s][info][gc,phases      ] GC(493)   Merge Heap Roots: 0.54ms
[2664.506s][info][gc,phases      ] GC(493)   Evacuate Collection Set: 112.77ms
[2664.506s][info][gc,phases      ] GC(493)   Post Evacuate Collection Set: 0.95ms
[2664.506s][info][gc,phases      ] GC(493)   Other: 0.09ms
[2664.506s][info][gc,heap        ] GC(493) Eden regions: 1120->0(1115)
[2664.506s][info][gc,heap        ] GC(493) Survivor regions: 108->107(154)
[2664.506s][info][gc,heap        ] GC(493) Old regions: 504->536
[2664.506s][info][gc,heap        ] GC(493) Humongous regions: 80->80
[2664.506s][info][gc,metaspace   ] GC(493) Metaspace: 28958K(29248K)->28958K(29248K) NonClass: 24075K(24192K)->24075K(24192K) Class: 4883K(5056K)->4883K(5056K)
[2664.506s][info][gc             ] GC(493) Pause Young (Prepare Mixed) (G1 Evacuation Pause) 3619M->1442M(4096M) 114.824ms
[2664.506s][info][gc,cpu         ] GC(493) User=0.69s Sys=0.00s Real=0.12s
....[2668.789s][info][gc,start       ] GC(494) Pause Young (Mixed) (G1 Evacuation Pause)
[2668.789s][info][gc,task        ] GC(494) Using 6 workers of 6 for evacuation
[2668.926s][info][gc,phases      ] GC(494)   Pre Evacuate Collection Set: 0.38ms
[2668.926s][info][gc,phases      ] GC(494)   Merge Heap Roots: 0.70ms
[2668.926s][info][gc,phases      ] GC(494)   Evacuate Collection Set: 134.56ms
[2668.926s][info][gc,phases      ] GC(494)   Post Evacuate Collection Set: 0.96ms
[2668.926s][info][gc,phases      ] GC(494)   Other: 0.09ms
[2668.926s][info][gc,heap        ] GC(494) Eden regions: 1115->0(1116)
[2668.926s][info][gc,heap        ] GC(494) Survivor regions: 107->112(153)
[2668.926s][info][gc,heap        ] GC(494) Old regions: 536->472
[2668.926s][info][gc,heap        ] GC(494) Humongous regions: 80->80
[2668.926s][info][gc,metaspace   ] GC(494) Metaspace: 28958K(29248K)->28958K(29248K) NonClass: 24075K(24192K)->24075K(24192K) Class: 4883K(5056K)->4883K(5056K)
[2668.926s][info][gc             ] GC(494) Pause Young (Mixed) (G1 Evacuation Pause) 3672M->1323M(4096M) 136.834ms
[2668.926s][info][gc,cpu         ] GC(494) User=0.82s Sys=0.00s Real=0.14s
.....[2673.113s][info][gc,start       ] GC(495) Pause Young (Concurrent Start) (G1 Evacuation Pause)
[2673.113s][info][gc,task        ] GC(495) Using 6 workers of 6 for evacuation
[2673.230s][info][gc,phases      ] GC(495)   Pre Evacuate Collection Set: 0.44ms
[2673.230s][info][gc,phases      ] GC(495)   Merge Heap Roots: 0.55ms
[2673.230s][info][gc,phases      ] GC(495)   Evacuate Collection Set: 114.50ms
[2673.230s][info][gc,phases      ] GC(495)   Post Evacuate Collection Set: 0.92ms
[2673.230s][info][gc,phases      ] GC(495)   Other: 0.13ms
[2673.230s][info][gc,heap        ] GC(495) Eden regions: 1116->0(1120)
[2673.230s][info][gc,heap        ] GC(495) Survivor regions: 112->108(154)
[2673.230s][info][gc,heap        ] GC(495) Old regions: 472->503
[2673.230s][info][gc,heap        ] GC(495) Humongous regions: 80->80
[2673.230s][info][gc,metaspace   ] GC(495) Metaspace: 28958K(29248K)->28958K(29248K) NonClass: 24075K(24192K)->24075K(24192K) Class: 4883K(5056K)->4883K(5056K)
[2673.230s][info][gc             ] GC(495) Pause Young (Concurrent Start) (G1 Evacuation Pause) 3555M->1377M(4096M) 116.704ms
[2673.230s][info][gc             ] GC(496) Concurrent Mark Cycle
[2673.230s][info][gc,marking     ] GC(496) Concurrent Scan Root Regions
[2673.230s][info][gc,cpu         ] GC(495) User=0.69s Sys=0.00s Real=0.12s
[2673.397s][info][gc,marking     ] GC(496) Concurrent Scan Root Regions 166.728ms
[2673.397s][info][gc,marking     ] GC(496) Concurrent Mark
[2673.397s][info][gc,marking     ] GC(496) Concurrent Mark From Roots
[2673.397s][info][gc,task        ] GC(496) Using 2 workers of 2 for marking
. (rIR:aIR:PR = 4289:4288:4288) (tPR = 63696) [OK] 
  2673s: Performance info:
         Transaction,    Success,    Partial,     Failed,   Receipts, AvgBarcode, 
             Overall,     258481,          0,          0,     245587,      59.48, 
         Response times:
             Request,    Success,    Partial,     Failed,   SkipFail,     Probes,    Samples,      min,      p50,      p90,      p95,      p99,      max, 
       TotalPurchase,     245587,          0,          0,          0,     242089,     262391,      300,     3400,     6100,     9500,    36000,   178000,
     InStorePurchase,     129253,          0,          0,          0,     127696,     137987,      300,     3400,     6100,     9600,    36000,   178000,
      OnlinePurchase,      90484,          0,          0,          0,      89257,      96768,      300,     3400,     6100,     9600,    37000,   158000,
        InstPurchase,      25850,          0,          0,          0,      25136,      27636,      400,     3000,     5800,     8800,    37000,   158000,
          AssocOfCat,        260,          0,          0,          0,        198,        282,    19100,    32000,    48700,    61000,   156080,   178000,
      AssocOfProduct,       2573,          0,          0,          0,       2351,       2732,      400,     3700,     6200,     9770,    38000,   138000,
      BusinessReport,        639,          0,          0,          0,        532,        674,    21000,    34000,    49000,    70000,   131250,   210000,
          CustBuyBeh,       2578,          0,          0,          0,       2380,       2777,      700,     3600,     6100,    11510,    32440,   144000,
       ProductReturn,       6844,          0,          0,          0,       6452,       7284,      200,     3600,     6100,     9800,    42000,   138000,

  2673s: (32%)   IR =   4428 [2674.013s][info][gc,marking     ] GC(496) Concurrent Mark From Roots 615.769ms
[2674.013s][info][gc,marking     ] GC(496) Concurrent Preclean
[2674.013s][info][gc,marking     ] GC(496) Concurrent Preclean 0.067ms
[2674.013s][info][gc,start       ] GC(496) Pause Remark
[2674.016s][info][gc             ] GC(496) Pause Remark 1797M->1797M(4096M) 2.814ms
[2674.016s][info][gc,cpu         ] GC(496) User=0.02s Sys=0.00s Real=0.01s
[2674.016s][info][gc,marking     ] GC(496) Concurrent Mark 618.902ms
[2674.016s][info][gc,marking     ] GC(496) Concurrent Rebuild Remembered Sets and Scrub Regions
[2674.375s][info][gc,marking     ] GC(496) Concurrent Rebuild Remembered Sets and Scrub Regions 359.231ms
[2674.375s][info][gc,start       ] GC(496) Pause Cleanup
[2674.375s][info][gc             ] GC(496) Pause Cleanup 1999M->1999M(4096M) 0.127ms
[2674.375s][info][gc,cpu         ] GC(496) User=0.00s Sys=0.00s Real=0.00s
[2674.375s][info][gc,marking     ] GC(496) Concurrent Clear Claimed Marks
[2674.375s][info][gc,marking     ] GC(496) Concurrent Clear Claimed Marks 0.029ms
[2674.375s][info][gc,marking     ] GC(496) Concurrent Cleanup for Next Mark
[2674.380s][info][gc,marking     ] GC(496) Concurrent Cleanup for Next Mark 4.732ms
[2674.380s][info][gc             ] GC(496) Concurrent Mark Cycle 1150.097ms
...[2677.531s][info][gc,start       ] GC(497) Pause Young (Prepare Mixed) (G1 Evacuation Pause)
[2677.531s][info][gc,task        ] GC(497) Using 6 workers of 6 for evacuation
[2677.648s][info][gc,phases      ] GC(497)   Pre Evacuate Collection Set: 0.35ms
[2677.648s][info][gc,phases      ] GC(497)   Merge Heap Roots: 0.54ms
[2677.648s][info][gc,phases      ] GC(497)   Evacuate Collection Set: 114.72ms
[2677.648s][info][gc,phases      ] GC(497)   Post Evacuate Collection Set: 0.94ms
[2677.648s][info][gc,phases      ] GC(497)   Other: 0.09ms
[2677.648s][info][gc,heap        ] GC(497) Eden regions: 1120->0(1111)
[2677.648s][info][gc,heap        ] GC(497) Survivor regions: 108->110(154)
[2677.648s][info][gc,heap        ] GC(497) Old regions: 503->534
[2677.648s][info][gc,heap        ] GC(497) Humongous regions: 80->80
[2677.648s][info][gc,metaspace   ] GC(497) Metaspace: 28958K(29248K)->28958K(29248K) NonClass: 24075K(24192K)->24075K(24192K) Class: 4883K(5056K)->4883K(5056K)
[2677.648s][info][gc             ] GC(497) Pause Young (Prepare Mixed) (G1 Evacuation Pause) 3617M->1443M(4096M) 116.794ms
[2677.648s][info][gc,cpu         ] GC(497) User=0.70s Sys=0.00s Real=0.12s
.|...[2681.721s][info][gc,start       ] GC(498) Pause Young (Mixed) (G1 Evacuation Pause)
[2681.721s][info][gc,task        ] GC(498) Using 6 workers of 6 for evacuation
[2681.857s][info][gc,phases      ] GC(498)   Pre Evacuate Collection Set: 0.40ms
[2681.857s][info][gc,phases      ] GC(498)   Merge Heap Roots: 0.82ms
[2681.857s][info][gc,phases      ] GC(498)   Evacuate Collection Set: 133.46ms
[2681.857s][info][gc,phases      ] GC(498)   Post Evacuate Collection Set: 0.99ms
[2681.857s][info][gc,phases      ] GC(498)   Other: 0.09ms
[2681.857s][info][gc,heap        ] GC(498) Eden regions: 1111->0(1116)
[2681.857s][info][gc,heap        ] GC(498) Survivor regions: 110->112(153)
[2681.857s][info][gc,heap        ] GC(498) Old regions: 534->471
[2681.857s][info][gc,heap        ] GC(498) Humongous regions: 80->80
[2681.857s][info][gc,metaspace   ] GC(498) Metaspace: 28958K(29248K)->28958K(29248K) NonClass: 24075K(24192K)->24075K(24192K) Class: 4883K(5056K)->4883K(5056K)
[2681.857s][info][gc             ] GC(498) Pause Young (Mixed) (G1 Evacuation Pause) 3665M->1322M(4096M) 135.884ms
[2681.857s][info][gc,cpu         ] GC(498) User=0.81s Sys=0.00s Real=0.14s
....[2685.895s][info][gc,start       ] GC(499) Pause Young (Concurrent Start) (G1 Evacuation Pause)
[2685.895s][info][gc,task        ] GC(499) Using 6 workers of 6 for evacuation
[2686.011s][info][gc,phases      ] GC(499)   Pre Evacuate Collection Set: 0.39ms
[2686.011s][info][gc,phases      ] GC(499)   Merge Heap Roots: 0.51ms
[2686.011s][info][gc,phases      ] GC(499)   Evacuate Collection Set: 114.39ms
[2686.011s][info][gc,phases      ] GC(499)   Post Evacuate Collection Set: 0.91ms
[2686.011s][info][gc,phases      ] GC(499)   Other: 0.11ms
[2686.011s][info][gc,heap        ] GC(499) Eden regions: 1116->0(1119)
[2686.011s][info][gc,heap        ] GC(499) Survivor regions: 112->109(154)
[2686.011s][info][gc,heap        ] GC(499) Old regions: 471->504
[2686.011s][info][gc,heap        ] GC(499) Humongous regions: 80->80
[2686.011s][info][gc,metaspace   ] GC(499) Metaspace: 28958K(29248K)->28958K(29248K) NonClass: 24075K(24192K)->24075K(24192K) Class: 4883K(5056K)->4883K(5056K)
[2686.012s][info][gc             ] GC(499) Pause Young (Concurrent Start) (G1 Evacuation Pause) 3554M->1382M(4096M) 116.461ms
[2686.012s][info][gc             ] GC(500) Concurrent Mark Cycle
[2686.012s][info][gc,marking     ] GC(500) Concurrent Scan Root Regions
[2686.012s][info][gc,cpu         ] GC(499) User=0.69s Sys=0.00s Real=0.11s
.[2686.143s][info][gc,marking     ] GC(500) Concurrent Scan Root Regions 131.488ms
[2686.143s][info][gc,marking     ] GC(500) Concurrent Mark
[2686.143s][info][gc,marking     ] GC(500) Concurrent Mark From Roots
[2686.143s][info][gc,task        ] GC(500) Using 2 workers of 2 for marking
[2686.783s][info][gc,marking     ] GC(500) Concurrent Mark From Roots 639.430ms
[2686.783s][info][gc,marking     ] GC(500) Concurrent Preclean
[2686.783s][info][gc,marking     ] GC(500) Concurrent Preclean 0.059ms
[2686.783s][info][gc,start       ] GC(500) Pause Remark
[2686.786s][info][gc             ] GC(500) Pause Remark 1897M->1897M(4096M) 3.144ms
[2686.786s][info][gc,cpu         ] GC(500) User=0.01s Sys=0.00s Real=0.01s
[2686.786s][info][gc,marking     ] GC(500) Concurrent Mark 642.892ms
[2686.786s][info][gc,marking     ] GC(500) Concurrent Rebuild Remembered Sets and Scrub Regions
[2687.006s][info][gc,marking     ] GC(500) Concurrent Rebuild Remembered Sets and Scrub Regions 220.355ms
[2687.007s][info][gc,start       ] GC(500) Pause Cleanup
[2687.007s][info][gc             ] GC(500) Pause Cleanup 1961M->1961M(4096M) 0.783ms
[2687.007s][info][gc,cpu         ] GC(500) User=0.00s Sys=0.00s Real=0.00s
[2687.007s][info][gc,marking     ] GC(500) Concurrent Clear Claimed Marks
[2687.007s][info][gc,marking     ] GC(500) Concurrent Clear Claimed Marks 0.034ms
[2687.007s][info][gc,marking     ] GC(500) Concurrent Cleanup for Next Mark
[2687.011s][info][gc,marking     ] GC(500) Concurrent Cleanup for Next Mark 3.228ms
[2687.011s][info][gc             ] GC(500) Concurrent Mark Cycle 999.210ms
....[2690.236s][info][gc,start       ] GC(501) Pause Young (Prepare Mixed) (G1 Evacuation Pause)
[2690.236s][info][gc,task        ] GC(501) Using 6 workers of 6 for evacuation
[2690.351s][info][gc,phases      ] GC(501)   Pre Evacuate Collection Set: 0.33ms
[2690.351s][info][gc,phases      ] GC(501)   Merge Heap Roots: 0.56ms
[2690.351s][info][gc,phases      ] GC(501)   Evacuate Collection Set: 113.09ms
[2690.351s][info][gc,phases      ] GC(501)   Post Evacuate Collection Set: 0.93ms
[2690.351s][info][gc,phases      ] GC(501)   Other: 0.09ms
[2690.351s][info][gc,heap        ] GC(501) Eden regions: 1119->0(1114)
[2690.351s][info][gc,heap        ] GC(501) Survivor regions: 109->108(154)
[2690.351s][info][gc,heap        ] GC(501) Old regions: 504->535
[2690.351s][info][gc,heap        ] GC(501) Humongous regions: 80->80
[2690.351s][info][gc,metaspace   ] GC(501) Metaspace: 28958K(29248K)->28958K(29248K) NonClass: 24075K(24192K)->24075K(24192K) Class: 4883K(5056K)->4883K(5056K)
[2690.351s][info][gc             ] GC(501) Pause Young (Prepare Mixed) (G1 Evacuation Pause) 3620M->1442M(4096M) 115.151ms
[2690.351s][info][gc,cpu         ] GC(501) User=0.68s Sys=0.00s Real=0.11s
....[2694.434s][info][gc,start       ] GC(502) Pause Young (Mixed) (G1 Evacuation Pause)
[2694.434s][info][gc,task        ] GC(502) Using 6 workers of 6 for evacuation
[2694.568s][info][gc,phases      ] GC(502)   Pre Evacuate Collection Set: 0.37ms
[2694.568s][info][gc,phases      ] GC(502)   Merge Heap Roots: 0.74ms
[2694.568s][info][gc,phases      ] GC(502)   Evacuate Collection Set: 131.90ms
[2694.568s][info][gc,phases      ] GC(502)   Post Evacuate Collection Set: 0.96ms
[2694.568s][info][gc,phases      ] GC(502)   Other: 0.09ms
[2694.568s][info][gc,heap        ] GC(502) Eden regions: 1114->0(1118)
[2694.568s][info][gc,heap        ] GC(502) Survivor regions: 108->110(153)
[2694.568s][info][gc,heap        ] GC(502) Old regions: 535->472
[2694.568s][info][gc,heap        ] GC(502) Humongous regions: 80->80
[2694.568s][info][gc,metaspace   ] GC(502) Metaspace: 28958K(29248K)->28958K(29248K) NonClass: 24075K(24192K)->24075K(24192K) Class: 4883K(5056K)->4883K(5056K)
[2694.568s][info][gc             ] GC(502) Pause Young (Mixed) (G1 Evacuation Pause) 3670M->1321M(4096M) 134.196ms
[2694.569s][info][gc,cpu         ] GC(502) User=0.80s Sys=0.00s Real=0.14s
....[2698.632s][info][gc,start       ] GC(503) Pause Young (Concurrent Start) (G1 Evacuation Pause)
[2698.632s][info][gc,task        ] GC(503) Using 6 workers of 6 for evacuation
[2698.748s][info][gc,phases      ] GC(503)   Pre Evacuate Collection Set: 0.36ms
[2698.748s][info][gc,phases      ] GC(503)   Merge Heap Roots: 0.47ms
[2698.748s][info][gc,phases      ] GC(503)   Evacuate Collection Set: 113.87ms
[2698.748s][info][gc,phases      ] GC(503)   Post Evacuate Collection Set: 0.93ms
[2698.748s][info][gc,phases      ] GC(503)   Other: 0.11ms
[2698.748s][info][gc,heap        ] GC(503) Eden regions: 1118->0(1120)
[2698.748s][info][gc,heap        ] GC(503) Survivor regions: 110->108(154)
[2698.748s][info][gc,heap        ] GC(503) Old regions: 472->505
[2698.748s][info][gc,heap        ] GC(503) Humongous regions: 80->80
[2698.748s][info][gc,metaspace   ] GC(503) Metaspace: 28958K(29248K)->28958K(29248K) NonClass: 24075K(24192K)->24075K(24192K) Class: 4883K(5056K)->4883K(5056K)
[2698.748s][info][gc             ] GC(503) Pause Young (Concurrent Start) (G1 Evacuation Pause) 3557M->1383M(4096M) 115.879ms
[2698.748s][info][gc             ] GC(504) Concurrent Mark Cycle
[2698.748s][info][gc,marking     ] GC(504) Concurrent Scan Root Regions
[2698.748s][info][gc,cpu         ] GC(503) User=0.69s Sys=0.00s Real=0.12s
[2698.880s][info][gc,marking     ] GC(504) Concurrent Scan Root Regions 132.237ms
[2698.880s][info][gc,marking     ] GC(504) Concurrent Mark
[2698.880s][info][gc,marking     ] GC(504) Concurrent Mark From Roots
[2698.880s][info][gc,task        ] GC(504) Using 2 workers of 2 for marking
.[2699.428s][info][gc,marking     ] GC(504) Concurrent Mark From Roots 547.769ms
[2699.428s][info][gc,marking     ] GC(504) Concurrent Preclean
[2699.428s][info][gc,marking     ] GC(504) Concurrent Preclean 0.065ms
[2699.428s][info][gc,start       ] GC(504) Pause Remark
[2699.431s][info][gc             ] GC(504) Pause Remark 1811M->1811M(4096M) 2.626ms
[2699.431s][info][gc,cpu         ] GC(504) User=0.02s Sys=0.00s Real=0.00s
[2699.431s][info][gc,marking     ] GC(504) Concurrent Mark 550.751ms
[2699.431s][info][gc,marking     ] GC(504) Concurrent Rebuild Remembered Sets and Scrub Regions
[2699.644s][info][gc,marking     ] GC(504) Concurrent Rebuild Remembered Sets and Scrub Regions 212.959ms
[2699.644s][info][gc,start       ] GC(504) Pause Cleanup
[2699.644s][info][gc             ] GC(504) Pause Cleanup 1924M->1924M(4096M) 0.117ms
[2699.644s][info][gc,cpu         ] GC(504) User=0.00s Sys=0.00s Real=0.00s
[2699.644s][info][gc,marking     ] GC(504) Concurrent Clear Claimed Marks
[2699.644s][info][gc,marking     ] GC(504) Concurrent Clear Claimed Marks 0.041ms
[2699.644s][info][gc,marking     ] GC(504) Concurrent Cleanup for Next Mark
[2699.649s][info][gc,marking     ] GC(504) Concurrent Cleanup for Next Mark 4.452ms
[2699.649s][info][gc             ] GC(504) Concurrent Mark Cycle 900.892ms
...[2702.958s][info][gc,start       ] GC(505) Pause Young (Prepare Mixed) (G1 Evacuation Pause)
[2702.958s][info][gc,task        ] GC(505) Using 6 workers of 6 for evacuation
[2703.075s][info][gc,phases      ] GC(505)   Pre Evacuate Collection Set: 0.39ms
[2703.075s][info][gc,phases      ] GC(505)   Merge Heap Roots: 0.60ms
[2703.075s][info][gc,phases      ] GC(505)   Evacuate Collection Set: 114.78ms
[2703.075s][info][gc,phases      ] GC(505)   Post Evacuate Collection Set: 0.93ms
[2703.075s][info][gc,phases      ] GC(505)   Other: 0.09ms
[2703.075s][info][gc,heap        ] GC(505) Eden regions: 1120->0(1110)
[2703.075s][info][gc,heap        ] GC(505) Survivor regions: 108->109(154)
[2703.075s][info][gc,heap        ] GC(505) Old regions: 505->537
[2703.075s][info][gc,heap        ] GC(505) Humongous regions: 80->80
[2703.075s][info][gc,metaspace   ] GC(505) Metaspace: 28958K(29248K)->28958K(29248K) NonClass: 24075K(24192K)->24075K(24192K) Class: 4883K(5056K)->4883K(5056K)
[2703.075s][info][gc             ] GC(505) Pause Young (Prepare Mixed) (G1 Evacuation Pause) 3623M->1448M(4096M) 116.933ms
[2703.075s][info][gc,cpu         ] GC(505) User=0.69s Sys=0.00s Real=0.11s
.....[2707.105s][info][gc,start       ] GC(506) Pause Young (Mixed) (G1 Evacuation Pause)
[2707.105s][info][gc,task        ] GC(506) Using 6 workers of 6 for evacuation
[2707.235s][info][gc,phases      ] GC(506)   Pre Evacuate Collection Set: 0.39ms
[2707.235s][info][gc,phases      ] GC(506)   Merge Heap Roots: 0.76ms
[2707.235s][info][gc,phases      ] GC(506)   Evacuate Collection Set: 128.35ms
[2707.235s][info][gc,phases      ] GC(506)   Post Evacuate Collection Set: 0.97ms
[2707.235s][info][gc,phases      ] GC(506)   Other: 0.09ms
[2707.235s][info][gc,heap        ] GC(506) Eden regions: 1110->0(1120)
[2707.235s][info][gc,heap        ] GC(506) Survivor regions: 109->108(153)
[2707.235s][info][gc,heap        ] GC(506) Old regions: 537->473
[2707.235s][info][gc,heap        ] GC(506) Humongous regions: 80->80
[2707.235s][info][gc,metaspace   ] GC(506) Metaspace: 28958K(29248K)->28958K(29248K) NonClass: 24075K(24192K)->24075K(24192K) Class: 4883K(5056K)->4883K(5056K)
[2707.235s][info][gc             ] GC(506) Pause Young (Mixed) (G1 Evacuation Pause) 3668M->1319M(4096M) 130.676ms
[2707.235s][info][gc,cpu         ] GC(506) User=0.77s Sys=0.00s Real=0.13s
....[2711.413s][info][gc,start       ] GC(507) Pause Young (Concurrent Start) (G1 Evacuation Pause)
[2711.413s][info][gc,task        ] GC(507) Using 6 workers of 6 for evacuation
[2711.532s][info][gc,phases      ] GC(507)   Pre Evacuate Collection Set: 0.40ms
[2711.532s][info][gc,phases      ] GC(507)   Merge Heap Roots: 0.50ms
[2711.532s][info][gc,phases      ] GC(507)   Evacuate Collection Set: 117.44ms
[2711.532s][info][gc,phases      ] GC(507)   Post Evacuate Collection Set: 0.90ms
[2711.532s][info][gc,phases      ] GC(507)   Other: 0.13ms
[2711.532s][info][gc,heap        ] GC(507) Eden regions: 1120->0(1118)
[2711.532s][info][gc,heap        ] GC(507) Survivor regions: 108->110(154)
[2711.532s][info][gc,heap        ] GC(507) Old regions: 473->505
[2711.532s][info][gc,heap        ] GC(507) Humongous regions: 80->80
[2711.532s][info][gc,metaspace   ] GC(507) Metaspace: 28958K(29248K)->28958K(29248K) NonClass: 24075K(24192K)->24075K(24192K) Class: 4883K(5056K)->4883K(5056K)
[2711.532s][info][gc             ] GC(507) Pause Young (Concurrent Start) (G1 Evacuation Pause) 3559M->1386M(4096M) 119.519ms
[2711.532s][info][gc             ] GC(508) Concurrent Mark Cycle
[2711.532s][info][gc,marking     ] GC(508) Concurrent Scan Root Regions
[2711.532s][info][gc,cpu         ] GC(507) User=0.71s Sys=0.00s Real=0.12s
[2711.688s][info][gc,marking     ] GC(508) Concurrent Scan Root Regions 155.505ms
[2711.688s][info][gc,marking     ] GC(508) Concurrent Mark
[2711.688s][info][gc,marking     ] GC(508) Concurrent Mark From Roots
[2711.688s][info][gc,task        ] GC(508) Using 2 workers of 2 for marking
.[2712.315s][info][gc,marking     ] GC(508) Concurrent Mark From Roots 627.148ms
[2712.315s][info][gc,marking     ] GC(508) Concurrent Preclean
[2712.315s][info][gc,marking     ] GC(508) Concurrent Preclean 0.112ms
[2712.315s][info][gc,start       ] GC(508) Pause Remark
[2712.319s][info][gc             ] GC(508) Pause Remark 1873M->1873M(4096M) 3.521ms
[2712.319s][info][gc,cpu         ] GC(508) User=0.01s Sys=0.00s Real=0.00s
[2712.319s][info][gc,marking     ] GC(508) Concurrent Mark 631.111ms
[2712.319s][info][gc,marking     ] GC(508) Concurrent Rebuild Remembered Sets and Scrub Regions
[2712.604s][info][gc,marking     ] GC(508) Concurrent Rebuild Remembered Sets and Scrub Regions 285.421ms
[2712.605s][info][gc,start       ] GC(508) Pause Cleanup
[2712.605s][info][gc             ] GC(508) Pause Cleanup 2008M->2008M(4096M) 0.133ms
[2712.605s][info][gc,cpu         ] GC(508) User=0.00s Sys=0.00s Real=0.00s
[2712.605s][info][gc,marking     ] GC(508) Concurrent Clear Claimed Marks
[2712.605s][info][gc,marking     ] GC(508) Concurrent Clear Claimed Marks 0.032ms
[2712.605s][info][gc,marking     ] GC(508) Concurrent Cleanup for Next Mark
[2712.608s][info][gc,marking     ] GC(508) Concurrent Cleanup for Next Mark 3.347ms
[2712.608s][info][gc             ] GC(508) Concurrent Mark Cycle 1075.912ms
...[2715.642s][info][gc,start       ] GC(509) Pause Young (Prepare Mixed) (G1 Evacuation Pause)
[2715.642s][info][gc,task        ] GC(509) Using 6 workers of 6 for evacuation
[2715.758s][info][gc,phases      ] GC(509)   Pre Evacuate Collection Set: 0.34ms
[2715.758s][info][gc,phases      ] GC(509)   Merge Heap Roots: 0.57ms
[2715.758s][info][gc,phases      ] GC(509)   Evacuate Collection Set: 113.94ms
[2715.758s][info][gc,phases      ] GC(509)   Post Evacuate Collection Set: 0.92ms
[2715.758s][info][gc,phases      ] GC(509)   Other: 0.09ms
[2715.758s][info][gc,heap        ] GC(509) Eden regions: 1118->0(1110)
[2715.758s][info][gc,heap        ] GC(509) Survivor regions: 110->109(154)
[2715.758s][info][gc,heap        ] GC(509) Old regions: 505->537
[2715.758s][info][gc,heap        ] GC(509) Humongous regions: 80->80
[2715.758s][info][gc,metaspace   ] GC(509) Metaspace: 28958K(29248K)->28958K(29248K) NonClass: 24077K(24192K)->24077K(24192K) Class: 4881K(5056K)->4881K(5056K)
[2715.758s][info][gc             ] GC(509) Pause Young (Prepare Mixed) (G1 Evacuation Pause) 3622M->1448M(4096M) 115.982ms
[2715.758s][info][gc,cpu         ] GC(509) User=0.69s Sys=0.00s Real=0.12s
....[2719.800s][info][gc,start       ] GC(510) Pause Young (Mixed) (G1 Evacuation Pause)
[2719.800s][info][gc,task        ] GC(510) Using 6 workers of 6 for evacuation
[2719.934s][info][gc,phases      ] GC(510)   Pre Evacuate Collection Set: 0.36ms
[2719.934s][info][gc,phases      ] GC(510)   Merge Heap Roots: 0.74ms
[2719.934s][info][gc,phases      ] GC(510)   Evacuate Collection Set: 132.22ms
[2719.934s][info][gc,phases      ] GC(510)   Post Evacuate Collection Set: 0.96ms
[2719.934s][info][gc,phases      ] GC(510)   Other: 0.09ms
[2719.934s][info][gc,heap        ] GC(510) Eden regions: 1110->0(1119)
[2719.934s][info][gc,heap        ] GC(510) Survivor regions: 109->109(153)
[2719.934s][info][gc,heap        ] GC(510) Old regions: 537->472
[2719.934s][info][gc,heap        ] GC(510) Humongous regions: 80->80
[2719.934s][info][gc,metaspace   ] GC(510) Metaspace: 28958K(29248K)->28958K(29248K) NonClass: 24077K(24192K)->24077K(24192K) Class: 4881K(5056K)->4881K(5056K)
[2719.934s][info][gc             ] GC(510) Pause Young (Mixed) (G1 Evacuation Pause) 3668M->1319M(4096M) 134.517ms
[2719.935s][info][gc,cpu         ] GC(510) User=0.80s Sys=0.00s Real=0.13s
....[2724.074s][info][gc,start       ] GC(511) Pause Young (Concurrent Start) (G1 Evacuation Pause)
[2724.074s][info][gc,task        ] GC(511) Using 6 workers of 6 for evacuation
[2724.189s][info][gc,phases      ] GC(511)   Pre Evacuate Collection Set: 0.41ms
[2724.189s][info][gc,phases      ] GC(511)   Merge Heap Roots: 0.49ms
[2724.189s][info][gc,phases      ] GC(511)   Evacuate Collection Set: 112.44ms
[2724.189s][info][gc,phases      ] GC(511)   Post Evacuate Collection Set: 0.91ms
[2724.189s][info][gc,phases      ] GC(511)   Other: 0.12ms
[2724.189s][info][gc,heap        ] GC(511) Eden regions: 1119->0(1121)
[2724.189s][info][gc,heap        ] GC(511) Survivor regions: 109->107(154)
[2724.189s][info][gc,heap        ] GC(511) Old regions: 472->504
[2724.189s][info][gc,heap        ] GC(511) Humongous regions: 80->80
[2724.189s][info][gc,metaspace   ] GC(511) Metaspace: 28958K(29248K)->28958K(29248K) NonClass: 24077K(24192K)->24077K(24192K) Class: 4881K(5056K)->4881K(5056K)
[2724.189s][info][gc             ] GC(511) Pause Young (Concurrent Start) (G1 Evacuation Pause) 3557M->1377M(4096M) 114.504ms
[2724.189s][info][gc             ] GC(512) Concurrent Mark Cycle
[2724.189s][info][gc,marking     ] GC(512) Concurrent Scan Root Regions
[2724.189s][info][gc,cpu         ] GC(511) User=0.69s Sys=0.00s Real=0.12s
.[2724.351s][info][gc,marking     ] GC(512) Concurrent Scan Root Regions 162.018ms
[2724.351s][info][gc,marking     ] GC(512) Concurrent Mark
[2724.351s][info][gc,marking     ] GC(512) Concurrent Mark From Roots
[2724.351s][info][gc,task        ] GC(512) Using 2 workers of 2 for marking
[2724.989s][info][gc,marking     ] GC(512) Concurrent Mark From Roots 638.404ms
[2724.990s][info][gc,marking     ] GC(512) Concurrent Preclean
[2724.990s][info][gc,marking     ] GC(512) Concurrent Preclean 0.105ms
[2724.990s][info][gc,start       ] GC(512) Pause Remark
[2724.994s][info][gc             ] GC(512) Pause Remark 1863M->1863M(4096M) 3.894ms
[2724.994s][info][gc,cpu         ] GC(512) User=0.02s Sys=0.00s Real=0.00s
[2724.994s][info][gc,marking     ] GC(512) Concurrent Mark 643.190ms
[2724.994s][info][gc,marking     ] GC(512) Concurrent Rebuild Remembered Sets and Scrub Regions
.[2725.261s][info][gc,marking     ] GC(512) Concurrent Rebuild Remembered Sets and Scrub Regions 266.415ms
[2725.261s][info][gc,start       ] GC(512) Pause Cleanup
[2725.261s][info][gc             ] GC(512) Pause Cleanup 2006M->2006M(4096M) 0.123ms
[2725.261s][info][gc,cpu         ] GC(512) User=0.00s Sys=0.00s Real=0.00s
[2725.261s][info][gc,marking     ] GC(512) Concurrent Clear Claimed Marks
[2725.261s][info][gc,marking     ] GC(512) Concurrent Clear Claimed Marks 0.029ms
[2725.261s][info][gc,marking     ] GC(512) Concurrent Cleanup for Next Mark
[2725.264s][info][gc,marking     ] GC(512) Concurrent Cleanup for Next Mark 3.263ms
[2725.264s][info][gc             ] GC(512) Concurrent Mark Cycle 1075.391ms
...[2728.367s][info][gc,start       ] GC(513) Pause Young (Prepare Mixed) (G1 Evacuation Pause)
[2728.367s][info][gc,task        ] GC(513) Using 6 workers of 6 for evacuation
[2728.491s][info][gc,phases      ] GC(513)   Pre Evacuate Collection Set: 0.35ms
[2728.491s][info][gc,phases      ] GC(513)   Merge Heap Roots: 0.55ms
[2728.491s][info][gc,phases      ] GC(513)   Evacuate Collection Set: 121.16ms
[2728.491s][info][gc,phases      ] GC(513)   Post Evacuate Collection Set: 0.94ms
[2728.491s][info][gc,phases      ] GC(513)   Other: 0.09ms
[2728.491s][info][gc,heap        ] GC(513) Eden regions: 1121->0(1100)
[2728.491s][info][gc,heap        ] GC(513) Survivor regions: 107->115(154)
[2728.491s][info][gc,heap        ] GC(513) Old regions: 504->535
[2728.491s][info][gc,heap        ] GC(513) Humongous regions: 80->80
[2728.491s][info][gc,metaspace   ] GC(513) Metaspace: 28957K(29248K)->28957K(29248K) NonClass: 24076K(24192K)->24076K(24192K) Class: 4880K(5056K)->4880K(5056K)
[2728.491s][info][gc             ] GC(513) Pause Young (Prepare Mixed) (G1 Evacuation Pause) 3619M->1456M(4096M) 123.215ms
[2728.491s][info][gc,cpu         ] GC(513) User=0.73s Sys=0.00s Real=0.12s
....[2732.511s][info][gc,start       ] GC(514) Pause Young (Mixed) (G1 Evacuation Pause)
[2732.511s][info][gc,task        ] GC(514) Using 6 workers of 6 for evacuation
[2732.642s][info][gc,phases      ] GC(514)   Pre Evacuate Collection Set: 0.39ms
[2732.642s][info][gc,phases      ] GC(514)   Merge Heap Roots: 0.83ms
[2732.642s][info][gc,phases      ] GC(514)   Evacuate Collection Set: 128.53ms
[2732.642s][info][gc,phases      ] GC(514)   Post Evacuate Collection Set: 0.96ms
[2732.642s][info][gc,phases      ] GC(514)   Other: 0.09ms
[2732.642s][info][gc,heap        ] GC(514) Eden regions: 1100->0(1120)
[2732.642s][info][gc,heap        ] GC(514) Survivor regions: 115->108(152)
[2732.642s][info][gc,heap        ] GC(514) Old regions: 535->473
[2732.642s][info][gc,heap        ] GC(514) Humongous regions: 80->80
[2732.642s][info][gc,metaspace   ] GC(514) Metaspace: 28957K(29248K)->28957K(29248K) NonClass: 24076K(24192K)->24076K(24192K) Class: 4880K(5056K)->4880K(5056K)
[2732.642s][info][gc             ] GC(514) Pause Young (Mixed) (G1 Evacuation Pause) 3656M->1318M(4096M) 130.950ms
[2732.642s][info][gc,cpu         ] GC(514) User=0.78s Sys=0.00s Real=0.13s
....[2736.691s][info][gc,start       ] GC(515) Pause Young (Concurrent Start) (G1 Evacuation Pause)
[2736.691s][info][gc,task        ] GC(515) Using 6 workers of 6 for evacuation
[2736.814s][info][gc,phases      ] GC(515)   Pre Evacuate Collection Set: 0.41ms
[2736.814s][info][gc,phases      ] GC(515)   Merge Heap Roots: 0.58ms
[2736.814s][info][gc,phases      ] GC(515)   Evacuate Collection Set: 121.05ms
[2736.814s][info][gc,phases      ] GC(515)   Post Evacuate Collection Set: 0.76ms
[2736.814s][info][gc,phases      ] GC(515)   Other: 0.11ms
[2736.814s][info][gc,heap        ] GC(515) Eden regions: 1120->0(1116)
[2736.814s][info][gc,heap        ] GC(515) Survivor regions: 108->112(154)
[2736.814s][info][gc,heap        ] GC(515) Old regions: 473->505
[2736.814s][info][gc,heap        ] GC(515) Humongous regions: 80->80
[2736.814s][info][gc,metaspace   ] GC(515) Metaspace: 28957K(29248K)->28957K(29248K) NonClass: 24076K(24192K)->24076K(24192K) Class: 4880K(5056K)->4880K(5056K)
[2736.814s][info][gc             ] GC(515) Pause Young (Concurrent Start) (G1 Evacuation Pause) 3558M->1390M(4096M) 123.044ms
[2736.814s][info][gc             ] GC(516) Concurrent Mark Cycle
[2736.814s][info][gc,marking     ] GC(516) Concurrent Scan Root Regions
[2736.814s][info][gc,cpu         ] GC(515) User=0.73s Sys=0.00s Real=0.12s
[2736.972s][info][gc,marking     ] GC(516) Concurrent Scan Root Regions 158.259ms
[2736.972s][info][gc,marking     ] GC(516) Concurrent Mark
[2736.972s][info][gc,marking     ] GC(516) Concurrent Mark From Roots
[2736.972s][info][gc,task        ] GC(516) Using 2 workers of 2 for marking
.[2737.661s][info][gc,marking     ] GC(516) Concurrent Mark From Roots 688.854ms
[2737.661s][info][gc,marking     ] GC(516) Concurrent Preclean
[2737.661s][info][gc,marking     ] GC(516) Concurrent Preclean 0.100ms
[2737.661s][info][gc,start       ] GC(516) Pause Remark
[2737.665s][info][gc             ] GC(516) Pause Remark 1843M->1843M(4096M) 4.188ms
[2737.665s][info][gc,cpu         ] GC(516) User=0.02s Sys=0.00s Real=0.01s
[2737.665s][info][gc,marking     ] GC(516) Concurrent Mark 693.423ms
[2737.665s][info][gc,marking     ] GC(516) Concurrent Rebuild Remembered Sets and Scrub Regions
[2737.979s][info][gc,marking     ] GC(516) Concurrent Rebuild Remembered Sets and Scrub Regions 313.926ms
[2737.980s][info][gc,start       ] GC(516) Pause Cleanup
[2737.980s][info][gc             ] GC(516) Pause Cleanup 2029M->2029M(4096M) 0.131ms
[2737.980s][info][gc,cpu         ] GC(516) User=0.00s Sys=0.00s Real=0.00s
[2737.980s][info][gc,marking     ] GC(516) Concurrent Clear Claimed Marks
[2737.980s][info][gc,marking     ] GC(516) Concurrent Clear Claimed Marks 0.026ms
[2737.980s][info][gc,marking     ] GC(516) Concurrent Cleanup for Next Mark
[2737.983s][info][gc,marking     ] GC(516) Concurrent Cleanup for Next Mark 3.206ms
[2737.983s][info][gc             ] GC(516) Concurrent Mark Cycle 1169.287ms
. (rIR:aIR:PR = 4428:4427:4427) (tPR = 66106) [OK] 
  2738s: Performance info:
         Transaction,    Success,    Partial,     Failed,   Receipts, AvgBarcode, 
             Overall,     266597,          0,          0,     253284,      59.48, 
         Response times:
             Request,    Success,    Partial,     Failed,   SkipFail,     Probes,    Samples,      min,      p50,      p90,      p95,      p99,      max, 
       TotalPurchase,     253284,          0,          0,          0,     248880,     265624,      300,     3500,     6600,    11500,    49000,   248000,
     InStorePurchase,     133305,          0,          0,          0,     131490,     140202,      300,     3400,     6500,    11385,    49000,   248000,
      OnlinePurchase,      93287,          0,          0,          0,      91524,      97562,      300,     3600,     6500,    11600,    49000,   248000,
        InstPurchase,      26692,          0,          0,          0,      25866,      27860,      300,     3900,     6800,    11700,    51000,   248000,
          AssocOfCat,        271,          0,          0,          0,        204,        262,    19100,    31000,    57400,    75550,   172700,   215000,
      AssocOfProduct,       2665,          0,          0,          0,       2482,       2814,      600,     4300,     7250,    14400,    54000,   236000,
      BusinessReport,        666,          0,          0,          0,        594,        734,    19900,    34000,    53000,    69000,   166650,   246000,
          CustBuyBeh,       2658,          0,          0,          0,       2475,       2840,      300,     4100,     7300,    14755,    56000,   195000,
       ProductReturn,       7053,          0,          0,          0,       6711,       7417,      200,     3300,     6500,    11600,    55000,   248000,

  2738s: (33%)   IR =   4566 ..[2740.942s][info][gc,start       ] GC(517) Pause Young (Prepare Mixed) (G1 Evacuation Pause)
[2740.942s][info][gc,task        ] GC(517) Using 6 workers of 6 for evacuation
[2741.064s][info][gc,phases      ] GC(517)   Pre Evacuate Collection Set: 0.36ms
[2741.064s][info][gc,phases      ] GC(517)   Merge Heap Roots: 0.62ms
[2741.064s][info][gc,phases      ] GC(517)   Evacuate Collection Set: 119.96ms
[2741.064s][info][gc,phases      ] GC(517)   Post Evacuate Collection Set: 0.97ms
[2741.064s][info][gc,phases      ] GC(517)   Other: 0.09ms
[2741.064s][info][gc,heap        ] GC(517) Eden regions: 1116->0(1105)
[2741.064s][info][gc,heap        ] GC(517) Survivor regions: 112->112(154)
[2741.064s][info][gc,heap        ] GC(517) Old regions: 505->536
[2741.064s][info][gc,heap        ] GC(517) Humongous regions: 80->80
[2741.064s][info][gc,metaspace   ] GC(517) Metaspace: 28953K(29248K)->28953K(29248K) NonClass: 24074K(24192K)->24074K(24192K) Class: 4879K(5056K)->4879K(5056K)
[2741.064s][info][gc             ] GC(517) Pause Young (Prepare Mixed) (G1 Evacuation Pause) 3622M->1453M(4096M) 122.123ms
[2741.064s][info][gc,cpu         ] GC(517) User=0.72s Sys=0.00s Real=0.12s
....[2744.943s][info][gc,start       ] GC(518) Pause Young (Mixed) (G1 Evacuation Pause)
[2744.943s][info][gc,task        ] GC(518) Using 6 workers of 6 for evacuation
[2745.075s][info][gc,phases      ] GC(518)   Pre Evacuate Collection Set: 0.36ms
[2745.076s][info][gc,phases      ] GC(518)   Merge Heap Roots: 0.62ms
[2745.076s][info][gc,phases      ] GC(518)   Evacuate Collection Set: 130.21ms
[2745.076s][info][gc,phases      ] GC(518)   Post Evacuate Collection Set: 0.98ms
[2745.076s][info][gc,phases      ] GC(518)   Other: 0.08ms
[2745.076s][info][gc,heap        ] GC(518) Eden regions: 1105->0(1117)
[2745.076s][info][gc,heap        ] GC(518) Survivor regions: 112->111(153)
[2745.076s][info][gc,heap        ] GC(518) Old regions: 536->473
[2745.076s][info][gc,heap        ] GC(518) Humongous regions: 80->80
[2745.076s][info][gc,metaspace   ] GC(518) Metaspace: 28953K(29248K)->28953K(29248K) NonClass: 24074K(24192K)->24074K(24192K) Class: 4879K(5056K)->4879K(5056K)
[2745.076s][info][gc             ] GC(518) Pause Young (Mixed) (G1 Evacuation Pause) 3663M->1323M(4096M) 132.390ms
[2745.076s][info][gc,cpu         ] GC(518) User=0.79s Sys=0.00s Real=0.14s
.|...[2749.118s][info][gc,start       ] GC(519) Pause Young (Concurrent Start) (G1 Evacuation Pause)
[2749.119s][info][gc,task        ] GC(519) Using 6 workers of 6 for evacuation
[2749.233s][info][gc,phases      ] GC(519)   Pre Evacuate Collection Set: 0.41ms
[2749.233s][info][gc,phases      ] GC(519)   Merge Heap Roots: 0.51ms
[2749.233s][info][gc,phases      ] GC(519)   Evacuate Collection Set: 113.00ms
[2749.233s][info][gc,phases      ] GC(519)   Post Evacuate Collection Set: 0.88ms
[2749.233s][info][gc,phases      ] GC(519)   Other: 0.11ms
[2749.233s][info][gc,heap        ] GC(519) Eden regions: 1117->0(1121)
[2749.233s][info][gc,heap        ] GC(519) Survivor regions: 111->107(154)
[2749.233s][info][gc,heap        ] GC(519) Old regions: 473->506
[2749.233s][info][gc,heap        ] GC(519) Humongous regions: 80->80
[2749.233s][info][gc,metaspace   ] GC(519) Metaspace: 28953K(29248K)->28953K(29248K) NonClass: 24074K(24192K)->24074K(24192K) Class: 4879K(5056K)->4879K(5056K)
[2749.234s][info][gc             ] GC(519) Pause Young (Concurrent Start) (G1 Evacuation Pause) 3557M->1381M(4096M) 115.062ms
[2749.234s][info][gc             ] GC(520) Concurrent Mark Cycle
[2749.234s][info][gc,marking     ] GC(520) Concurrent Scan Root Regions
[2749.234s][info][gc,cpu         ] GC(519) User=0.69s Sys=0.00s Real=0.11s
.[2749.391s][info][gc,marking     ] GC(520) Concurrent Scan Root Regions 157.847ms
[2749.391s][info][gc,marking     ] GC(520) Concurrent Mark
[2749.391s][info][gc,marking     ] GC(520) Concurrent Mark From Roots
[2749.391s][info][gc,task        ] GC(520) Using 2 workers of 2 for marking
[2750.153s][info][gc,marking     ] GC(520) Concurrent Mark From Roots 761.584ms
[2750.153s][info][gc,marking     ] GC(520) Concurrent Preclean
[2750.153s][info][gc,marking     ] GC(520) Concurrent Preclean 0.088ms
[2750.153s][info][gc,start       ] GC(520) Pause Remark
[2750.156s][info][gc             ] GC(520) Pause Remark 1939M->1939M(4096M) 3.013ms
[2750.156s][info][gc,cpu         ] GC(520) User=0.02s Sys=0.00s Real=0.01s
[2750.156s][info][gc,marking     ] GC(520) Concurrent Mark 764.917ms
[2750.156s][info][gc,marking     ] GC(520) Concurrent Rebuild Remembered Sets and Scrub Regions
.[2750.421s][info][gc,marking     ] GC(520) Concurrent Rebuild Remembered Sets and Scrub Regions 265.091ms
[2750.422s][info][gc,start       ] GC(520) Pause Cleanup
[2750.422s][info][gc             ] GC(520) Pause Cleanup 2077M->2077M(4096M) 0.120ms
[2750.422s][info][gc,cpu         ] GC(520) User=0.00s Sys=0.00s Real=0.00s
[2750.422s][info][gc,marking     ] GC(520) Concurrent Clear Claimed Marks
[2750.422s][info][gc,marking     ] GC(520) Concurrent Clear Claimed Marks 0.022ms
[2750.422s][info][gc,marking     ] GC(520) Concurrent Cleanup for Next Mark
[2750.427s][info][gc,marking     ] GC(520) Concurrent Cleanup for Next Mark 4.644ms
[2750.427s][info][gc             ] GC(520) Concurrent Mark Cycle 1193.102ms
..[2753.274s][info][gc,start       ] GC(521) Pause Young (Prepare Mixed) (G1 Evacuation Pause)
[2753.274s][info][gc,task        ] GC(521) Using 6 workers of 6 for evacuation
[2753.392s][info][gc,phases      ] GC(521)   Pre Evacuate Collection Set: 0.37ms
[2753.392s][info][gc,phases      ] GC(521)   Merge Heap Roots: 0.65ms
[2753.392s][info][gc,phases      ] GC(521)   Evacuate Collection Set: 115.19ms
[2753.392s][info][gc,phases      ] GC(521)   Post Evacuate Collection Set: 0.94ms
[2753.392s][info][gc,phases      ] GC(521)   Other: 0.10ms
[2753.392s][info][gc,heap        ] GC(521) Eden regions: 1121->0(1110)
[2753.392s][info][gc,heap        ] GC(521) Survivor regions: 107->109(154)
[2753.392s][info][gc,heap        ] GC(521) Old regions: 506->537
[2753.392s][info][gc,heap        ] GC(521) Humongous regions: 80->80
[2753.392s][info][gc,metaspace   ] GC(521) Metaspace: 28953K(29248K)->28953K(29248K) NonClass: 24074K(24192K)->24074K(24192K) Class: 4879K(5056K)->4879K(5056K)
[2753.392s][info][gc             ] GC(521) Pause Young (Prepare Mixed) (G1 Evacuation Pause) 3623M->1449M(4096M) 117.391ms
[2753.392s][info][gc,cpu         ] GC(521) User=0.69s Sys=0.00s Real=0.12s
....[2757.331s][info][gc,start       ] GC(522) Pause Young (Mixed) (G1 Evacuation Pause)
[2757.331s][info][gc,task        ] GC(522) Using 6 workers of 6 for evacuation
[2757.465s][info][gc,phases      ] GC(522)   Pre Evacuate Collection Set: 0.36ms
[2757.465s][info][gc,phases      ] GC(522)   Merge Heap Roots: 0.69ms
[2757.465s][info][gc,phases      ] GC(522)   Evacuate Collection Set: 131.84ms
[2757.465s][info][gc,phases      ] GC(522)   Post Evacuate Collection Set: 0.97ms
[2757.465s][info][gc,phases      ] GC(522)   Other: 0.09ms
[2757.465s][info][gc,heap        ] GC(522) Eden regions: 1110->0(1117)
[2757.465s][info][gc,heap        ] GC(522) Survivor regions: 109->111(153)
[2757.465s][info][gc,heap        ] GC(522) Old regions: 537->472
[2757.465s][info][gc,heap        ] GC(522) Humongous regions: 80->80
[2757.465s][info][gc,metaspace   ] GC(522) Metaspace: 28953K(29248K)->28953K(29248K) NonClass: 24074K(24192K)->24074K(24192K) Class: 4879K(5056K)->4879K(5056K)
[2757.465s][info][gc             ] GC(522) Pause Young (Mixed) (G1 Evacuation Pause) 3669M->1322M(4096M) 134.081ms
[2757.465s][info][gc,cpu         ] GC(522) User=0.80s Sys=0.00s Real=0.14s
....[2761.455s][info][gc,start       ] GC(523) Pause Young (Concurrent Start) (G1 Evacuation Pause)
[2761.455s][info][gc,task        ] GC(523) Using 6 workers of 6 for evacuation
[2761.578s][info][gc,phases      ] GC(523)   Pre Evacuate Collection Set: 0.40ms
[2761.578s][info][gc,phases      ] GC(523)   Merge Heap Roots: 0.51ms
[2761.578s][info][gc,phases      ] GC(523)   Evacuate Collection Set: 120.80ms
[2761.578s][info][gc,phases      ] GC(523)   Post Evacuate Collection Set: 0.92ms
[2761.578s][info][gc,phases      ] GC(523)   Other: 0.10ms
[2761.578s][info][gc,heap        ] GC(523) Eden regions: 1117->0(1116)
[2761.578s][info][gc,heap        ] GC(523) Survivor regions: 111->112(154)
[2761.578s][info][gc,heap        ] GC(523) Old regions: 472->505
[2761.578s][info][gc,heap        ] GC(523) Humongous regions: 80->80
[2761.578s][info][gc,metaspace   ] GC(523) Metaspace: 28953K(29248K)->28953K(29248K) NonClass: 24074K(24192K)->24074K(24192K) Class: 4879K(5056K)->4879K(5056K)
[2761.578s][info][gc             ] GC(523) Pause Young (Concurrent Start) (G1 Evacuation Pause) 3556M->1390M(4096M) 122.879ms
[2761.578s][info][gc             ] GC(524) Concurrent Mark Cycle
[2761.578s][info][gc,marking     ] GC(524) Concurrent Scan Root Regions
[2761.578s][info][gc,cpu         ] GC(523) User=0.74s Sys=0.00s Real=0.12s
.[2761.764s][info][gc,marking     ] GC(524) Concurrent Scan Root Regions 185.642ms
[2761.764s][info][gc,marking     ] GC(524) Concurrent Mark
[2761.764s][info][gc,marking     ] GC(524) Concurrent Mark From Roots
[2761.764s][info][gc,task        ] GC(524) Using 2 workers of 2 for marking
.[2762.741s][info][gc,marking     ] GC(524) Concurrent Mark From Roots 977.057ms
[2762.741s][info][gc,marking     ] GC(524) Concurrent Preclean
[2762.741s][info][gc,marking     ] GC(524) Concurrent Preclean 0.133ms
[2762.741s][info][gc,start       ] GC(524) Pause Remark
[2762.744s][info][gc             ] GC(524) Pause Remark 2099M->2099M(4096M) 2.775ms
[2762.744s][info][gc,cpu         ] GC(524) User=0.01s Sys=0.00s Real=0.00s
[2762.744s][info][gc,marking     ] GC(524) Concurrent Mark 980.351ms
[2762.744s][info][gc,marking     ] GC(524) Concurrent Rebuild Remembered Sets and Scrub Regions
[2763.156s][info][gc,marking     ] GC(524) Concurrent Rebuild Remembered Sets and Scrub Regions 411.452ms
[2763.156s][info][gc,start       ] GC(524) Pause Cleanup
[2763.156s][info][gc             ] GC(524) Pause Cleanup 2318M->2318M(4096M) 0.126ms
[2763.156s][info][gc,cpu         ] GC(524) User=0.00s Sys=0.00s Real=0.00s
[2763.156s][info][gc,marking     ] GC(524) Concurrent Clear Claimed Marks
[2763.156s][info][gc,marking     ] GC(524) Concurrent Clear Claimed Marks 0.027ms
[2763.156s][info][gc,marking     ] GC(524) Concurrent Cleanup for Next Mark
[2763.161s][info][gc,marking     ] GC(524) Concurrent Cleanup for Next Mark 4.454ms
[2763.161s][info][gc             ] GC(524) Concurrent Mark Cycle 1582.448ms
..[2765.569s][info][gc,start       ] GC(525) Pause Young (Prepare Mixed) (G1 Evacuation Pause)
[2765.569s][info][gc,task        ] GC(525) Using 6 workers of 6 for evacuation
[2765.683s][info][gc,phases      ] GC(525)   Pre Evacuate Collection Set: 0.35ms
[2765.684s][info][gc,phases      ] GC(525)   Merge Heap Roots: 0.54ms
[2765.684s][info][gc,phases      ] GC(525)   Evacuate Collection Set: 113.01ms
[2765.684s][info][gc,phases      ] GC(525)   Post Evacuate Collection Set: 0.94ms
[2765.684s][info][gc,phases      ] GC(525)   Other: 0.09ms
[2765.684s][info][gc,heap        ] GC(525) Eden regions: 1116->0(1111)
[2765.684s][info][gc,heap        ] GC(525) Survivor regions: 112->109(154)
[2765.684s][info][gc,heap        ] GC(525) Old regions: 505->536
[2765.684s][info][gc,heap        ] GC(525) Humongous regions: 80->80
[2765.684s][info][gc,metaspace   ] GC(525) Metaspace: 28953K(29248K)->28953K(29248K) NonClass: 24074K(24192K)->24074K(24192K) Class: 4879K(5056K)->4879K(5056K)
[2765.684s][info][gc             ] GC(525) Pause Young (Prepare Mixed) (G1 Evacuation Pause) 3622M->1445M(4096M) 115.052ms
[2765.684s][info][gc,cpu         ] GC(525) User=0.69s Sys=0.00s Real=0.11s
....[2769.685s][info][gc,start       ] GC(526) Pause Young (Mixed) (G1 Evacuation Pause)
[2769.685s][info][gc,task        ] GC(526) Using 6 workers of 6 for evacuation
[2769.817s][info][gc,phases      ] GC(526)   Pre Evacuate Collection Set: 0.40ms
[2769.817s][info][gc,phases      ] GC(526)   Merge Heap Roots: 0.82ms
[2769.817s][info][gc,phases      ] GC(526)   Evacuate Collection Set: 130.25ms
[2769.817s][info][gc,phases      ] GC(526)   Post Evacuate Collection Set: 0.95ms
[2769.817s][info][gc,phases      ] GC(526)   Other: 0.10ms
[2769.817s][info][gc,heap        ] GC(526) Eden regions: 1111->0(1119)
[2769.817s][info][gc,heap        ] GC(526) Survivor regions: 109->109(153)
[2769.817s][info][gc,heap        ] GC(526) Old regions: 536->472
[2769.817s][info][gc,heap        ] GC(526) Humongous regions: 80->80
[2769.817s][info][gc,metaspace   ] GC(526) Metaspace: 28953K(29248K)->28953K(29248K) NonClass: 24074K(24192K)->24074K(24192K) Class: 4879K(5056K)->4879K(5056K)
[2769.818s][info][gc             ] GC(526) Pause Young (Mixed) (G1 Evacuation Pause) 3667M->1318M(4096M) 132.664ms
[2769.818s][info][gc,cpu         ] GC(526) User=0.79s Sys=0.00s Real=0.13s
....[2773.757s][info][gc,start       ] GC(527) Pause Young (Concurrent Start) (G1 Evacuation Pause)
[2773.757s][info][gc,task        ] GC(527) Using 6 workers of 6 for evacuation
[2773.876s][info][gc,phases      ] GC(527)   Pre Evacuate Collection Set: 0.38ms
[2773.876s][info][gc,phases      ] GC(527)   Merge Heap Roots: 0.50ms
[2773.876s][info][gc,phases      ] GC(527)   Evacuate Collection Set: 117.00ms
[2773.876s][info][gc,phases      ] GC(527)   Post Evacuate Collection Set: 0.88ms
[2773.876s][info][gc,phases      ] GC(527)   Other: 0.11ms
[2773.876s][info][gc,heap        ] GC(527) Eden regions: 1119->0(1118)
[2773.876s][info][gc,heap        ] GC(527) Survivor regions: 109->110(154)
[2773.876s][info][gc,heap        ] GC(527) Old regions: 472->504
[2773.876s][info][gc,heap        ] GC(527) Humongous regions: 80->80
[2773.876s][info][gc,metaspace   ] GC(527) Metaspace: 28953K(29248K)->28953K(29248K) NonClass: 24074K(24192K)->24074K(24192K) Class: 4879K(5056K)->4879K(5056K)
[2773.876s][info][gc             ] GC(527) Pause Young (Concurrent Start) (G1 Evacuation Pause) 3556M->1384M(4096M) 119.003ms
[2773.876s][info][gc             ] GC(528) Concurrent Mark Cycle
[2773.876s][info][gc,marking     ] GC(528) Concurrent Scan Root Regions
[2773.876s][info][gc,cpu         ] GC(527) User=0.70s Sys=0.00s Real=0.12s
.[2773.999s][info][gc,marking     ] GC(528) Concurrent Scan Root Regions 123.168ms
[2773.999s][info][gc,marking     ] GC(528) Concurrent Mark
[2773.999s][info][gc,marking     ] GC(528) Concurrent Mark From Roots
[2773.999s][info][gc,task        ] GC(528) Using 2 workers of 2 for marking
[2774.556s][info][gc,marking     ] GC(528) Concurrent Mark From Roots 556.811ms
[2774.556s][info][gc,marking     ] GC(528) Concurrent Preclean
[2774.556s][info][gc,marking     ] GC(528) Concurrent Preclean 0.137ms
[2774.556s][info][gc,start       ] GC(528) Pause Remark
[2774.559s][info][gc             ] GC(528) Pause Remark 1818M->1818M(4096M) 2.622ms
[2774.559s][info][gc,cpu         ] GC(528) User=0.02s Sys=0.00s Real=0.00s
[2774.559s][info][gc,marking     ] GC(528) Concurrent Mark 560.320ms
[2774.559s][info][gc,marking     ] GC(528) Concurrent Rebuild Remembered Sets and Scrub Regions
[2774.769s][info][gc,marking     ] GC(528) Concurrent Rebuild Remembered Sets and Scrub Regions 209.727ms
[2774.769s][info][gc,start       ] GC(528) Pause Cleanup
[2774.769s][info][gc             ] GC(528) Pause Cleanup 1935M->1935M(4096M) 0.138ms
[2774.769s][info][gc,cpu         ] GC(528) User=0.00s Sys=0.00s Real=0.00s
[2774.769s][info][gc,marking     ] GC(528) Concurrent Clear Claimed Marks
[2774.769s][info][gc,marking     ] GC(528) Concurrent Clear Claimed Marks 0.031ms
[2774.769s][info][gc,marking     ] GC(528) Concurrent Cleanup for Next Mark
[2774.820s][info][gc,marking     ] GC(528) Concurrent Cleanup for Next Mark 50.494ms
[2774.820s][info][gc             ] GC(528) Concurrent Mark Cycle 944.248ms
...[2777.890s][info][gc,start       ] GC(529) Pause Young (Prepare Mixed) (G1 Evacuation Pause)
[2777.890s][info][gc,task        ] GC(529) Using 6 workers of 6 for evacuation
[2778.011s][info][gc,phases      ] GC(529)   Pre Evacuate Collection Set: 0.35ms
[2778.011s][info][gc,phases      ] GC(529)   Merge Heap Roots: 0.57ms
[2778.011s][info][gc,phases      ] GC(529)   Evacuate Collection Set: 118.10ms
[2778.011s][info][gc,phases      ] GC(529)   Post Evacuate Collection Set: 0.92ms
[2778.011s][info][gc,phases      ] GC(529)   Other: 0.87ms
[2778.011s][info][gc,heap        ] GC(529) Eden regions: 1118->0(1108)
[2778.011s][info][gc,heap        ] GC(529) Survivor regions: 110->111(154)
[2778.011s][info][gc,heap        ] GC(529) Old regions: 504->535
[2778.011s][info][gc,heap        ] GC(529) Humongous regions: 80->80
[2778.011s][info][gc,metaspace   ] GC(529) Metaspace: 28953K(29248K)->28953K(29248K) NonClass: 24074K(24192K)->24074K(24192K) Class: 4879K(5056K)->4879K(5056K)
[2778.011s][info][gc             ] GC(529) Pause Young (Prepare Mixed) (G1 Evacuation Pause) 3620M->1449M(4096M) 120.951ms
[2778.011s][info][gc,cpu         ] GC(529) User=0.71s Sys=0.00s Real=0.12s
....[2781.920s][info][gc,start       ] GC(530) Pause Young (Mixed) (G1 Evacuation Pause)
[2781.920s][info][gc,task        ] GC(530) Using 6 workers of 6 for evacuation
[2782.056s][info][gc,phases      ] GC(530)   Pre Evacuate Collection Set: 0.36ms
[2782.056s][info][gc,phases      ] GC(530)   Merge Heap Roots: 0.77ms
[2782.056s][info][gc,phases      ] GC(530)   Evacuate Collection Set: 134.21ms
[2782.056s][info][gc,phases      ] GC(530)   Post Evacuate Collection Set: 0.96ms
[2782.056s][info][gc,phases      ] GC(530)   Other: 0.09ms
[2782.056s][info][gc,heap        ] GC(530) Eden regions: 1108->0(1117)
[2782.056s][info][gc,heap        ] GC(530) Survivor regions: 111->111(153)
[2782.056s][info][gc,heap        ] GC(530) Old regions: 535->473
[2782.056s][info][gc,heap        ] GC(530) Humongous regions: 80->80
[2782.056s][info][gc,metaspace   ] GC(530) Metaspace: 28953K(29248K)->28953K(29248K) NonClass: 24074K(24192K)->24074K(24192K) Class: 4879K(5056K)->4879K(5056K)
[2782.056s][info][gc             ] GC(530) Pause Young (Mixed) (G1 Evacuation Pause) 3665M->1324M(4096M) 136.531ms
[2782.056s][info][gc,cpu         ] GC(530) User=0.81s Sys=0.00s Real=0.14s
.....[2786.097s][info][gc,start       ] GC(531) Pause Young (Concurrent Start) (G1 Evacuation Pause)
[2786.097s][info][gc,task        ] GC(531) Using 6 workers of 6 for evacuation
[2786.213s][info][gc,phases      ] GC(531)   Pre Evacuate Collection Set: 0.34ms
[2786.213s][info][gc,phases      ] GC(531)   Merge Heap Roots: 0.53ms
[2786.213s][info][gc,phases      ] GC(531)   Evacuate Collection Set: 114.25ms
[2786.213s][info][gc,phases      ] GC(531)   Post Evacuate Collection Set: 0.92ms
[2786.214s][info][gc,phases      ] GC(531)   Other: 0.11ms
[2786.214s][info][gc,heap        ] GC(531) Eden regions: 1117->0(1120)
[2786.214s][info][gc,heap        ] GC(531) Survivor regions: 111->108(154)
[2786.214s][info][gc,heap        ] GC(531) Old regions: 473->505
[2786.214s][info][gc,heap        ] GC(531) Humongous regions: 80->80
[2786.214s][info][gc,metaspace   ] GC(531) Metaspace: 28953K(29248K)->28953K(29248K) NonClass: 24074K(24192K)->24074K(24192K) Class: 4879K(5056K)->4879K(5056K)
[2786.214s][info][gc             ] GC(531) Pause Young (Concurrent Start) (G1 Evacuation Pause) 3558M->1382M(4096M) 116.312ms
[2786.214s][info][gc             ] GC(532) Concurrent Mark Cycle
[2786.214s][info][gc,marking     ] GC(532) Concurrent Scan Root Regions
[2786.214s][info][gc,cpu         ] GC(531) User=0.69s Sys=0.00s Real=0.11s
[2786.350s][info][gc,marking     ] GC(532) Concurrent Scan Root Regions 136.018ms
[2786.350s][info][gc,marking     ] GC(532) Concurrent Mark
[2786.350s][info][gc,marking     ] GC(532) Concurrent Mark From Roots
[2786.350s][info][gc,task        ] GC(532) Using 2 workers of 2 for marking
.[2787.102s][info][gc,marking     ] GC(532) Concurrent Mark From Roots 751.887ms
[2787.102s][info][gc,marking     ] GC(532) Concurrent Preclean
[2787.102s][info][gc,marking     ] GC(532) Concurrent Preclean 0.135ms
[2787.104s][info][gc,start       ] GC(532) Pause Remark
[2787.107s][info][gc             ] GC(532) Pause Remark 1956M->1956M(4096M) 3.050ms
[2787.107s][info][gc,cpu         ] GC(532) User=0.01s Sys=0.00s Real=0.01s
[2787.107s][info][gc,marking     ] GC(532) Concurrent Mark 757.651ms
[2787.107s][info][gc,marking     ] GC(532) Concurrent Rebuild Remembered Sets and Scrub Regions
[2787.372s][info][gc,marking     ] GC(532) Concurrent Rebuild Remembered Sets and Scrub Regions 264.328ms
[2787.372s][info][gc,start       ] GC(532) Pause Cleanup
[2787.372s][info][gc             ] GC(532) Pause Cleanup 2096M->2096M(4096M) 0.110ms
[2787.372s][info][gc,cpu         ] GC(532) User=0.00s Sys=0.00s Real=0.00s
[2787.372s][info][gc,marking     ] GC(532) Concurrent Clear Claimed Marks
[2787.372s][info][gc,marking     ] GC(532) Concurrent Clear Claimed Marks 0.033ms
[2787.372s][info][gc,marking     ] GC(532) Concurrent Cleanup for Next Mark
[2787.377s][info][gc,marking     ] GC(532) Concurrent Cleanup for Next Mark 4.674ms
[2787.377s][info][gc             ] GC(532) Concurrent Mark Cycle 1163.418ms
...[2790.207s][info][gc,start       ] GC(533) Pause Young (Prepare Mixed) (G1 Evacuation Pause)
[2790.207s][info][gc,task        ] GC(533) Using 6 workers of 6 for evacuation
[2790.322s][info][gc,phases      ] GC(533)   Pre Evacuate Collection Set: 0.30ms
[2790.322s][info][gc,phases      ] GC(533)   Merge Heap Roots: 0.49ms
[2790.322s][info][gc,phases      ] GC(533)   Evacuate Collection Set: 112.97ms
[2790.322s][info][gc,phases      ] GC(533)   Post Evacuate Collection Set: 0.94ms
[2790.322s][info][gc,phases      ] GC(533)   Other: 0.09ms
[2790.322s][info][gc,heap        ] GC(533) Eden regions: 1120->0(1113)
[2790.322s][info][gc,heap        ] GC(533) Survivor regions: 108->108(154)
[2790.322s][info][gc,heap        ] GC(533) Old regions: 505->536
[2790.322s][info][gc,heap        ] GC(533) Humongous regions: 80->80
[2790.322s][info][gc,metaspace   ] GC(533) Metaspace: 28953K(29248K)->28953K(29248K) NonClass: 24074K(24192K)->24074K(24192K) Class: 4879K(5056K)->4879K(5056K)
[2790.322s][info][gc             ] GC(533) Pause Young (Prepare Mixed) (G1 Evacuation Pause) 3622M->1444M(4096M) 114.926ms
[2790.322s][info][gc,cpu         ] GC(533) User=0.69s Sys=0.00s Real=0.11s
....[2794.261s][info][gc,start       ] GC(534) Pause Young (Mixed) (G1 Evacuation Pause)
[2794.261s][info][gc,task        ] GC(534) Using 6 workers of 6 for evacuation
[2794.394s][info][gc,phases      ] GC(534)   Pre Evacuate Collection Set: 0.37ms
[2794.394s][info][gc,phases      ] GC(534)   Merge Heap Roots: 0.74ms
[2794.394s][info][gc,phases      ] GC(534)   Evacuate Collection Set: 130.64ms
[2794.394s][info][gc,phases      ] GC(534)   Post Evacuate Collection Set: 0.95ms
[2794.394s][info][gc,phases      ] GC(534)   Other: 0.09ms
[2794.394s][info][gc,heap        ] GC(534) Eden regions: 1113->0(1121)
[2794.394s][info][gc,heap        ] GC(534) Survivor regions: 108->107(153)
[2794.394s][info][gc,heap        ] GC(534) Old regions: 536->472
[2794.394s][info][gc,heap        ] GC(534) Humongous regions: 80->80
[2794.394s][info][gc,metaspace   ] GC(534) Metaspace: 28953K(29248K)->28953K(29248K) NonClass: 24074K(24192K)->24074K(24192K) Class: 4879K(5056K)->4879K(5056K)
[2794.394s][info][gc             ] GC(534) Pause Young (Mixed) (G1 Evacuation Pause) 3670M->1315M(4096M) 132.928ms
[2794.394s][info][gc,cpu         ] GC(534) User=0.79s Sys=0.00s Real=0.13s
....[2798.417s][info][gc,start       ] GC(535) Pause Young (Concurrent Start) (G1 Evacuation Pause)
[2798.417s][info][gc,task        ] GC(535) Using 6 workers of 6 for evacuation
[2798.534s][info][gc,phases      ] GC(535)   Pre Evacuate Collection Set: 0.35ms
[2798.534s][info][gc,phases      ] GC(535)   Merge Heap Roots: 0.47ms
[2798.534s][info][gc,phases      ] GC(535)   Evacuate Collection Set: 115.74ms
[2798.534s][info][gc,phases      ] GC(535)   Post Evacuate Collection Set: 0.92ms
[2798.534s][info][gc,phases      ] GC(535)   Other: 0.12ms
[2798.534s][info][gc,heap        ] GC(535) Eden regions: 1121->0(1117)
[2798.534s][info][gc,heap        ] GC(535) Survivor regions: 107->111(154)
[2798.534s][info][gc,heap        ] GC(535) Old regions: 472->504
[2798.534s][info][gc,heap        ] GC(535) Humongous regions: 80->80
[2798.534s][info][gc,metaspace   ] GC(535) Metaspace: 28953K(29248K)->28953K(29248K) NonClass: 24074K(24192K)->24074K(24192K) Class: 4879K(5056K)->4879K(5056K)
[2798.534s][info][gc             ] GC(535) Pause Young (Concurrent Start) (G1 Evacuation Pause) 3557M->1386M(4096M) 117.741ms
[2798.534s][info][gc             ] GC(536) Concurrent Mark Cycle
[2798.534s][info][gc,marking     ] GC(536) Concurrent Scan Root Regions
[2798.535s][info][gc,cpu         ] GC(535) User=0.70s Sys=0.00s Real=0.11s
[2798.705s][info][gc,marking     ] GC(536) Concurrent Scan Root Regions 170.158ms
[2798.705s][info][gc,marking     ] GC(536) Concurrent Mark
[2798.705s][info][gc,marking     ] GC(536) Concurrent Mark From Roots
[2798.705s][info][gc,task        ] GC(536) Using 2 workers of 2 for marking
.[2799.442s][info][gc,marking     ] GC(536) Concurrent Mark From Roots 737.529ms
[2799.442s][info][gc,marking     ] GC(536) Concurrent Preclean
[2799.442s][info][gc,marking     ] GC(536) Concurrent Preclean 0.136ms
[2799.443s][info][gc,start       ] GC(536) Pause Remark
[2799.447s][info][gc             ] GC(536) Pause Remark 1939M->1939M(4096M) 4.105ms
[2799.447s][info][gc,cpu         ] GC(536) User=0.02s Sys=0.00s Real=0.01s
[2799.448s][info][gc,marking     ] GC(536) Concurrent Mark 742.903ms
[2799.448s][info][gc,marking     ] GC(536) Concurrent Rebuild Remembered Sets and Scrub Regions
[2799.719s][info][gc,marking     ] GC(536) Concurrent Rebuild Remembered Sets and Scrub Regions 271.064ms
[2799.719s][info][gc,start       ] GC(536) Pause Cleanup
[2799.719s][info][gc             ] GC(536) Pause Cleanup 2101M->2101M(4096M) 0.107ms
[2799.719s][info][gc,cpu         ] GC(536) User=0.00s Sys=0.00s Real=0.00s
[2799.719s][info][gc,marking     ] GC(536) Concurrent Clear Claimed Marks
[2799.719s][info][gc,marking     ] GC(536) Concurrent Clear Claimed Marks 0.024ms
[2799.719s][info][gc,marking     ] GC(536) Concurrent Cleanup for Next Mark
[2799.722s][info][gc,marking     ] GC(536) Concurrent Cleanup for Next Mark 3.192ms
[2799.722s][info][gc             ] GC(536) Concurrent Mark Cycle 1187.726ms
...[2802.535s][info][gc,start       ] GC(537) Pause Young (Prepare Mixed) (G1 Evacuation Pause)
[2802.535s][info][gc,task        ] GC(537) Using 6 workers of 6 for evacuation
[2802.652s][info][gc,phases      ] GC(537)   Pre Evacuate Collection Set: 0.31ms
[2802.652s][info][gc,phases      ] GC(537)   Merge Heap Roots: 0.49ms
[2802.652s][info][gc,phases      ] GC(537)   Evacuate Collection Set: 115.16ms
[2802.652s][info][gc,phases      ] GC(537)   Post Evacuate Collection Set: 0.92ms
[2802.652s][info][gc,phases      ] GC(537)   Other: 0.08ms
[2802.652s][info][gc,heap        ] GC(537) Eden regions: 1117->0(1111)
[2802.652s][info][gc,heap        ] GC(537) Survivor regions: 111->109(154)
[2802.652s][info][gc,heap        ] GC(537) Old regions: 504->536
[2802.652s][info][gc,heap        ] GC(537) Humongous regions: 80->80
[2802.652s][info][gc,metaspace   ] GC(537) Metaspace: 28952K(29248K)->28952K(29248K) NonClass: 24073K(24192K)->24073K(24192K) Class: 4878K(5056K)->4878K(5056K)
[2802.652s][info][gc             ] GC(537) Pause Young (Prepare Mixed) (G1 Evacuation Pause) 3620M->1447M(4096M) 117.082ms
[2802.652s][info][gc,cpu         ] GC(537) User=0.70s Sys=0.00s Real=0.11s
.... (rIR:aIR:PR = 4566:4564:4564) (tPR = 67493) [OK] 
  2805s: Performance info:
         Transaction,    Success,    Partial,     Failed,   Receipts, AvgBarcode, 
             Overall,     277754,          0,          0,     263862,      59.47, 
         Response times:
             Request,    Success,    Partial,     Failed,   SkipFail,     Probes,    Samples,      min,      p50,      p90,      p95,      p99,      max, 
       TotalPurchase,     263862,          0,          0,          0,     259689,     290087,      300,     3600,     6800,    11800,    49000,   185000,
     InStorePurchase,     138935,          0,          0,          0,     137089,     152586,      300,     3700,     6900,    11900,    49000,   185000,
      OnlinePurchase,      97167,          0,          0,          0,      95752,     107215,      300,     3400,     6700,    11400,    48000,   185000,
        InstPurchase,      27760,          0,          0,          0,      26848,      30286,      400,     3700,     7000,    12600,    51130,   185000,
          AssocOfCat,        275,          0,          0,          0,        199,        277,    21000,    32000,    47000,    62100,    91420,   161000,
      AssocOfProduct,       2776,          0,          0,          0,       2553,       3010,      300,     4900,     7800,    12545,    55890,   143000,
      BusinessReport,        690,          0,          0,          0,        579,        765,    21000,    33000,    52400,    72000,   169380,   286000,
          CustBuyBeh,       2786,          0,          0,          0,       2478,       2899,      200,     1900,     5600,     8700,    50000,   145000,
       ProductReturn,       7365,          0,          0,          0,       7074,       8330,      200,     3400,     6600,    12045,    49690,   142000,

  2805s: (34%)   IR =   4705 [2806.731s][info][gc,start       ] GC(538) Pause Young (Mixed) (G1 Evacuation Pause)
[2806.732s][info][gc,task        ] GC(538) Using 6 workers of 6 for evacuation
[2806.864s][info][gc,phases      ] GC(538)   Pre Evacuate Collection Set: 0.35ms
[2806.864s][info][gc,phases      ] GC(538)   Merge Heap Roots: 0.73ms
[2806.864s][info][gc,phases      ] GC(538)   Evacuate Collection Set: 130.79ms
[2806.864s][info][gc,phases      ] GC(538)   Post Evacuate Collection Set: 0.93ms
[2806.864s][info][gc,phases      ] GC(538)   Other: 0.09ms
[2806.864s][info][gc,heap        ] GC(538) Eden regions: 1111->0(1118)
[2806.864s][info][gc,heap        ] GC(538) Survivor regions: 109->110(153)
[2806.864s][info][gc,heap        ] GC(538) Old regions: 536->473
[2806.864s][info][gc,heap        ] GC(538) Humongous regions: 80->80
[2806.864s][info][gc,metaspace   ] GC(538) Metaspace: 28952K(29248K)->28952K(29248K) NonClass: 24073K(24192K)->24073K(24192K) Class: 4878K(5056K)->4878K(5056K)
[2806.864s][info][gc             ] GC(538) Pause Young (Mixed) (G1 Evacuation Pause) 3669M->1321M(4096M) 133.010ms
[2806.865s][info][gc,cpu         ] GC(538) User=0.80s Sys=0.00s Real=0.13s
....|[2810.693s][info][gc,start       ] GC(539) Pause Young (Concurrent Start) (G1 Evacuation Pause)
[2810.693s][info][gc,task        ] GC(539) Using 6 workers of 6 for evacuation
[2810.810s][info][gc,phases      ] GC(539)   Pre Evacuate Collection Set: 0.38ms
[2810.810s][info][gc,phases      ] GC(539)   Merge Heap Roots: 0.46ms
[2810.810s][info][gc,phases      ] GC(539)   Evacuate Collection Set: 114.95ms
[2810.810s][info][gc,phases      ] GC(539)   Post Evacuate Collection Set: 0.87ms
[2810.810s][info][gc,phases      ] GC(539)   Other: 0.11ms
[2810.810s][info][gc,heap        ] GC(539) Eden regions: 1118->0(1118)
[2810.810s][info][gc,heap        ] GC(539) Survivor regions: 110->110(154)
[2810.810s][info][gc,heap        ] GC(539) Old regions: 473->504
[2810.810s][info][gc,heap        ] GC(539) Humongous regions: 80->80
[2810.810s][info][gc,metaspace   ] GC(539) Metaspace: 28952K(29248K)->28952K(29248K) NonClass: 24073K(24192K)->24073K(24192K) Class: 4878K(5056K)->4878K(5056K)
[2810.810s][info][gc             ] GC(539) Pause Young (Concurrent Start) (G1 Evacuation Pause) 3557M->1385M(4096M) 116.911ms
[2810.810s][info][gc             ] GC(540) Concurrent Mark Cycle
[2810.810s][info][gc,marking     ] GC(540) Concurrent Scan Root Regions
[2810.810s][info][gc,cpu         ] GC(539) User=0.70s Sys=0.00s Real=0.12s
[2811.006s][info][gc,marking     ] GC(540) Concurrent Scan Root Regions 195.664ms
[2811.006s][info][gc,marking     ] GC(540) Concurrent Mark
[2811.006s][info][gc,marking     ] GC(540) Concurrent Mark From Roots
[2811.006s][info][gc,task        ] GC(540) Using 2 workers of 2 for marking
.[2811.700s][info][gc,marking     ] GC(540) Concurrent Mark From Roots 694.231ms
[2811.700s][info][gc,marking     ] GC(540) Concurrent Preclean
[2811.700s][info][gc,marking     ] GC(540) Concurrent Preclean 0.111ms
[2811.700s][info][gc,start       ] GC(540) Pause Remark
[2811.703s][info][gc             ] GC(540) Pause Remark 1993M->1993M(4096M) 2.748ms
[2811.703s][info][gc,cpu         ] GC(540) User=0.01s Sys=0.00s Real=0.00s
[2811.703s][info][gc,marking     ] GC(540) Concurrent Mark 697.306ms
[2811.703s][info][gc,marking     ] GC(540) Concurrent Rebuild Remembered Sets and Scrub Regions
[2811.983s][info][gc,marking     ] GC(540) Concurrent Rebuild Remembered Sets and Scrub Regions 280.320ms
[2811.984s][info][gc,start       ] GC(540) Pause Cleanup
[2811.984s][info][gc             ] GC(540) Pause Cleanup 2152M->2152M(4096M) 0.101ms
[2811.984s][info][gc,cpu         ] GC(540) User=0.00s Sys=0.00s Real=0.00s
[2811.984s][info][gc,marking     ] GC(540) Concurrent Clear Claimed Marks
[2811.984s][info][gc,marking     ] GC(540) Concurrent Clear Claimed Marks 0.029ms
[2811.984s][info][gc,marking     ] GC(540) Concurrent Cleanup for Next Mark
[2811.988s][info][gc,marking     ] GC(540) Concurrent Cleanup for Next Mark 4.477ms
[2811.988s][info][gc             ] GC(540) Concurrent Mark Cycle 1178.224ms
...[2814.657s][info][gc,start       ] GC(541) Pause Young (Prepare Mixed) (G1 Evacuation Pause)
[2814.657s][info][gc,task        ] GC(541) Using 6 workers of 6 for evacuation
[2814.777s][info][gc,phases      ] GC(541)   Pre Evacuate Collection Set: 0.34ms
[2814.777s][info][gc,phases      ] GC(541)   Merge Heap Roots: 0.54ms
[2814.777s][info][gc,phases      ] GC(541)   Evacuate Collection Set: 118.47ms
[2814.777s][info][gc,phases      ] GC(541)   Post Evacuate Collection Set: 0.88ms
[2814.777s][info][gc,phases      ] GC(541)   Other: 0.09ms
[2814.777s][info][gc,heap        ] GC(541) Eden regions: 1118->0(1106)
[2814.777s][info][gc,heap        ] GC(541) Survivor regions: 110->111(154)
[2814.777s][info][gc,heap        ] GC(541) Old regions: 504->537
[2814.777s][info][gc,heap        ] GC(541) Humongous regions: 80->80
[2814.777s][info][gc,metaspace   ] GC(541) Metaspace: 28952K(29248K)->28952K(29248K) NonClass: 24073K(24192K)->24073K(24192K) Class: 4878K(5056K)->4878K(5056K)
[2814.777s][info][gc             ] GC(541) Pause Young (Prepare Mixed) (G1 Evacuation Pause) 3621M->1453M(4096M) 120.438ms
[2814.777s][info][gc,cpu         ] GC(541) User=0.71s Sys=0.00s Real=0.12s
....[2818.644s][info][gc,start       ] GC(542) Pause Young (Mixed) (G1 Evacuation Pause)
[2818.644s][info][gc,task        ] GC(542) Using 6 workers of 6 for evacuation
[2818.775s][info][gc,phases      ] GC(542)   Pre Evacuate Collection Set: 0.39ms
[2818.775s][info][gc,phases      ] GC(542)   Merge Heap Roots: 0.63ms
[2818.775s][info][gc,phases      ] GC(542)   Evacuate Collection Set: 128.80ms
[2818.775s][info][gc,phases      ] GC(542)   Post Evacuate Collection Set: 0.95ms
[2818.775s][info][gc,phases      ] GC(542)   Other: 0.09ms
[2818.775s][info][gc,heap        ] GC(542) Eden regions: 1106->0(1119)
[2818.775s][info][gc,heap        ] GC(542) Survivor regions: 111->109(153)
[2818.775s][info][gc,heap        ] GC(542) Old regions: 537->473
[2818.775s][info][gc,heap        ] GC(542) Humongous regions: 80->80
[2818.775s][info][gc,metaspace   ] GC(542) Metaspace: 28952K(29248K)->28952K(29248K) NonClass: 24073K(24192K)->24073K(24192K) Class: 4878K(5056K)->4878K(5056K)
[2818.775s][info][gc             ] GC(542) Pause Young (Mixed) (G1 Evacuation Pause) 3665M->1320M(4096M) 130.977ms
[2818.775s][info][gc,cpu         ] GC(542) User=0.78s Sys=0.00s Real=0.14s
....[2822.615s][info][gc,start       ] GC(543) Pause Young (Concurrent Start) (G1 Evacuation Pause)
[2822.615s][info][gc,task        ] GC(543) Using 6 workers of 6 for evacuation
[2822.730s][info][gc,phases      ] GC(543)   Pre Evacuate Collection Set: 0.41ms
[2822.730s][info][gc,phases      ] GC(543)   Merge Heap Roots: 0.51ms
[2822.730s][info][gc,phases      ] GC(543)   Evacuate Collection Set: 113.11ms
[2822.730s][info][gc,phases      ] GC(543)   Post Evacuate Collection Set: 0.87ms
[2822.730s][info][gc,phases      ] GC(543)   Other: 0.12ms
[2822.730s][info][gc,heap        ] GC(543) Eden regions: 1119->0(1120)
[2822.730s][info][gc,heap        ] GC(543) Survivor regions: 109->108(154)
[2822.731s][info][gc,heap        ] GC(543) Old regions: 473->505
[2822.731s][info][gc,heap        ] GC(543) Humongous regions: 80->80
[2822.731s][info][gc,metaspace   ] GC(543) Metaspace: 28952K(29248K)->28952K(29248K) NonClass: 24073K(24192K)->24073K(24192K) Class: 4878K(5056K)->4878K(5056K)
[2822.731s][info][gc             ] GC(543) Pause Young (Concurrent Start) (G1 Evacuation Pause) 3558M->1382M(4096M) 115.159ms
[2822.731s][info][gc             ] GC(544) Concurrent Mark Cycle
[2822.731s][info][gc,marking     ] GC(544) Concurrent Scan Root Regions
[2822.731s][info][gc,cpu         ] GC(543) User=0.68s Sys=0.00s Real=0.11s
[2822.894s][info][gc,marking     ] GC(544) Concurrent Scan Root Regions 163.027ms
[2822.894s][info][gc,marking     ] GC(544) Concurrent Mark
[2822.894s][info][gc,marking     ] GC(544) Concurrent Mark From Roots
[2822.894s][info][gc,task        ] GC(544) Using 2 workers of 2 for marking
.[2823.614s][info][gc,marking     ] GC(544) Concurrent Mark From Roots 720.021ms
[2823.614s][info][gc,marking     ] GC(544) Concurrent Preclean
[2823.614s][info][gc,marking     ] GC(544) Concurrent Preclean 0.091ms
[2823.614s][info][gc,start       ] GC(544) Pause Remark
[2823.617s][info][gc             ] GC(544) Pause Remark 1939M->1939M(4096M) 2.849ms
[2823.617s][info][gc,cpu         ] GC(544) User=0.01s Sys=0.00s Real=0.01s
[2823.617s][info][gc,marking     ] GC(544) Concurrent Mark 723.202ms
[2823.617s][info][gc,marking     ] GC(544) Concurrent Rebuild Remembered Sets and Scrub Regions
[2823.912s][info][gc,marking     ] GC(544) Concurrent Rebuild Remembered Sets and Scrub Regions 294.734ms
[2823.912s][info][gc,start       ] GC(544) Pause Cleanup
[2823.912s][info][gc             ] GC(544) Pause Cleanup 2077M->2077M(4096M) 0.106ms
[2823.912s][info][gc,cpu         ] GC(544) User=0.00s Sys=0.00s Real=0.00s
[2823.912s][info][gc,marking     ] GC(544) Concurrent Clear Claimed Marks
[2823.912s][info][gc,marking     ] GC(544) Concurrent Clear Claimed Marks 0.027ms
[2823.912s][info][gc,marking     ] GC(544) Concurrent Cleanup for Next Mark
[2823.915s][info][gc,marking     ] GC(544) Concurrent Cleanup for Next Mark 3.191ms
[2823.915s][info][gc             ] GC(544) Concurrent Mark Cycle 1184.615ms
...[2826.630s][info][gc,start       ] GC(545) Pause Young (Prepare Mixed) (G1 Evacuation Pause)
[2826.630s][info][gc,task        ] GC(545) Using 6 workers of 6 for evacuation
[2826.751s][info][gc,phases      ] GC(545)   Pre Evacuate Collection Set: 0.33ms
[2826.751s][info][gc,phases      ] GC(545)   Merge Heap Roots: 0.57ms
[2826.751s][info][gc,phases      ] GC(545)   Evacuate Collection Set: 119.44ms
[2826.751s][info][gc,phases      ] GC(545)   Post Evacuate Collection Set: 0.92ms
[2826.751s][info][gc,phases      ] GC(545)   Other: 0.08ms
[2826.751s][info][gc,heap        ] GC(545) Eden regions: 1120->0(1106)
[2826.751s][info][gc,heap        ] GC(545) Survivor regions: 108->111(154)
[2826.751s][info][gc,heap        ] GC(545) Old regions: 505->537
[2826.751s][info][gc,heap        ] GC(545) Humongous regions: 80->80
[2826.751s][info][gc,metaspace   ] GC(545) Metaspace: 28952K(29248K)->28952K(29248K) NonClass: 24073K(24192K)->24073K(24192K) Class: 4878K(5056K)->4878K(5056K)
[2826.751s][info][gc             ] GC(545) Pause Young (Prepare Mixed) (G1 Evacuation Pause) 3622M->1452M(4096M) 121.468ms
[2826.751s][info][gc,cpu         ] GC(545) User=0.72s Sys=0.00s Real=0.12s
....[2830.644s][info][gc,start       ] GC(546) Pause Young (Mixed) (G1 Evacuation Pause)
[2830.644s][info][gc,task        ] GC(546) Using 6 workers of 6 for evacuation
[2830.776s][info][gc,phases      ] GC(546)   Pre Evacuate Collection Set: 0.38ms
[2830.776s][info][gc,phases      ] GC(546)   Merge Heap Roots: 0.64ms
[2830.776s][info][gc,phases      ] GC(546)   Evacuate Collection Set: 129.72ms
[2830.776s][info][gc,phases      ] GC(546)   Post Evacuate Collection Set: 0.92ms
[2830.776s][info][gc,phases      ] GC(546)   Other: 0.10ms
[2830.776s][info][gc,heap        ] GC(546) Eden regions: 1106->0(1119)
[2830.776s][info][gc,heap        ] GC(546) Survivor regions: 111->109(153)
[2830.776s][info][gc,heap        ] GC(546) Old regions: 537->473
[2830.776s][info][gc,heap        ] GC(546) Humongous regions: 80->80
[2830.776s][info][gc,metaspace   ] GC(546) Metaspace: 28952K(29248K)->28952K(29248K) NonClass: 24073K(24192K)->24073K(24192K) Class: 4878K(5056K)->4878K(5056K)
[2830.776s][info][gc             ] GC(546) Pause Young (Mixed) (G1 Evacuation Pause) 3664M->1320M(4096M) 131.911ms
[2830.776s][info][gc,cpu         ] GC(546) User=0.78s Sys=0.00s Real=0.14s
....[2834.548s][info][gc,start       ] GC(547) Pause Young (Concurrent Start) (G1 Evacuation Pause)
[2834.548s][info][gc,task        ] GC(547) Using 6 workers of 6 for evacuation
[2834.667s][info][gc,phases      ] GC(547)   Pre Evacuate Collection Set: 0.35ms
[2834.667s][info][gc,phases      ] GC(547)   Merge Heap Roots: 0.46ms
[2834.667s][info][gc,phases      ] GC(547)   Evacuate Collection Set: 116.92ms
[2834.667s][info][gc,phases      ] GC(547)   Post Evacuate Collection Set: 0.88ms
[2834.667s][info][gc,phases      ] GC(547)   Other: 0.11ms
[2834.667s][info][gc,heap        ] GC(547) Eden regions: 1119->0(1118)
[2834.667s][info][gc,heap        ] GC(547) Survivor regions: 109->110(154)
[2834.667s][info][gc,heap        ] GC(547) Old regions: 473->505
[2834.667s][info][gc,heap        ] GC(547) Humongous regions: 80->80
[2834.667s][info][gc,metaspace   ] GC(547) Metaspace: 28952K(29248K)->28952K(29248K) NonClass: 24073K(24192K)->24073K(24192K) Class: 4878K(5056K)->4878K(5056K)
[2834.667s][info][gc             ] GC(547) Pause Young (Concurrent Start) (G1 Evacuation Pause) 3558M->1385M(4096M) 118.840ms
[2834.667s][info][gc             ] GC(548) Concurrent Mark Cycle
[2834.667s][info][gc,marking     ] GC(548) Concurrent Scan Root Regions
[2834.667s][info][gc,cpu         ] GC(547) User=0.71s Sys=0.00s Real=0.12s
[2834.836s][info][gc,marking     ] GC(548) Concurrent Scan Root Regions 169.011ms
[2834.836s][info][gc,marking     ] GC(548) Concurrent Mark
[2834.836s][info][gc,marking     ] GC(548) Concurrent Mark From Roots
[2834.836s][info][gc,task        ] GC(548) Using 2 workers of 2 for marking
.[2835.843s][info][gc,marking     ] GC(548) Concurrent Mark From Roots 1006.763ms
[2835.843s][info][gc,marking     ] GC(548) Concurrent Preclean
[2835.843s][info][gc,marking     ] GC(548) Concurrent Preclean 0.112ms
[2835.843s][info][gc,start       ] GC(548) Pause Remark
[2835.846s][info][gc             ] GC(548) Pause Remark 2061M->2061M(4096M) 2.700ms
[2835.846s][info][gc,cpu         ] GC(548) User=0.01s Sys=0.00s Real=0.01s
[2835.846s][info][gc,marking     ] GC(548) Concurrent Mark 1009.813ms
[2835.846s][info][gc,marking     ] GC(548) Concurrent Rebuild Remembered Sets and Scrub Regions
.[2836.202s][info][gc,marking     ] GC(548) Concurrent Rebuild Remembered Sets and Scrub Regions 355.897ms
[2836.203s][info][gc,start       ] GC(548) Pause Cleanup
[2836.204s][info][gc             ] GC(548) Pause Cleanup 2275M->2275M(4096M) 0.128ms
[2836.204s][info][gc,cpu         ] GC(548) User=0.00s Sys=0.00s Real=0.00s
[2836.204s][info][gc,marking     ] GC(548) Concurrent Clear Claimed Marks
[2836.204s][info][gc,marking     ] GC(548) Concurrent Clear Claimed Marks 0.029ms
[2836.204s][info][gc,marking     ] GC(548) Concurrent Cleanup for Next Mark
[2836.209s][info][gc,marking     ] GC(548) Concurrent Cleanup for Next Mark 5.374ms
[2836.209s][info][gc             ] GC(548) Concurrent Mark Cycle 1541.877ms
..[2838.570s][info][gc,start       ] GC(549) Pause Young (Prepare Mixed) (G1 Evacuation Pause)
[2838.570s][info][gc,task        ] GC(549) Using 6 workers of 6 for evacuation
[2838.690s][info][gc,phases      ] GC(549)   Pre Evacuate Collection Set: 0.32ms
[2838.690s][info][gc,phases      ] GC(549)   Merge Heap Roots: 0.55ms
[2838.690s][info][gc,phases      ] GC(549)   Evacuate Collection Set: 118.00ms
[2838.690s][info][gc,phases      ] GC(549)   Post Evacuate Collection Set: 0.93ms
[2838.690s][info][gc,phases      ] GC(549)   Other: 0.08ms
[2838.690s][info][gc,heap        ] GC(549) Eden regions: 1118->0(1108)
[2838.690s][info][gc,heap        ] GC(549) Survivor regions: 110->110(154)
[2838.690s][info][gc,heap        ] GC(549) Old regions: 505->537
[2838.690s][info][gc,heap        ] GC(549) Humongous regions: 80->80
[2838.690s][info][gc,metaspace   ] GC(549) Metaspace: 28952K(29248K)->28952K(29248K) NonClass: 24073K(24192K)->24073K(24192K) Class: 4878K(5056K)->4878K(5056K)
[2838.690s][info][gc             ] GC(549) Pause Young (Prepare Mixed) (G1 Evacuation Pause) 3621M->1449M(4096M) 120.033ms
[2838.690s][info][gc,cpu         ] GC(549) User=0.71s Sys=0.00s Real=0.12s
....[2842.542s][info][gc,start       ] GC(550) Pause Young (Mixed) (G1 Evacuation Pause)
[2842.542s][info][gc,task        ] GC(550) Using 6 workers of 6 for evacuation
[2842.676s][info][gc,phases      ] GC(550)   Pre Evacuate Collection Set: 0.39ms
[2842.676s][info][gc,phases      ] GC(550)   Merge Heap Roots: 0.74ms
[2842.676s][info][gc,phases      ] GC(550)   Evacuate Collection Set: 132.42ms
[2842.676s][info][gc,phases      ] GC(550)   Post Evacuate Collection Set: 0.93ms
[2842.677s][info][gc,phases      ] GC(550)   Other: 0.09ms
[2842.677s][info][gc,heap        ] GC(550) Eden regions: 1108->0(1118)
[2842.677s][info][gc,heap        ] GC(550) Survivor regions: 110->110(153)
[2842.677s][info][gc,heap        ] GC(550) Old regions: 537->473
[2842.677s][info][gc,heap        ] GC(550) Humongous regions: 80->80
[2842.677s][info][gc,metaspace   ] GC(550) Metaspace: 28952K(29248K)->28952K(29248K) NonClass: 24073K(24192K)->24073K(24192K) Class: 4878K(5056K)->4878K(5056K)
[2842.677s][info][gc             ] GC(550) Pause Young (Mixed) (G1 Evacuation Pause) 3665M->1322M(4096M) 134.721ms
[2842.677s][info][gc,cpu         ] GC(550) User=0.80s Sys=0.00s Real=0.14s
....[2846.496s][info][gc,start       ] GC(551) Pause Young (Concurrent Start) (G1 Evacuation Pause)
[2846.496s][info][gc,task        ] GC(551) Using 6 workers of 6 for evacuation
[2846.617s][info][gc,phases      ] GC(551)   Pre Evacuate Collection Set: 0.36ms
[2846.617s][info][gc,phases      ] GC(551)   Merge Heap Roots: 0.49ms
[2846.617s][info][gc,phases      ] GC(551)   Evacuate Collection Set: 118.99ms
[2846.617s][info][gc,phases      ] GC(551)   Post Evacuate Collection Set: 0.87ms
[2846.617s][info][gc,phases      ] GC(551)   Other: 0.11ms
[2846.617s][info][gc,heap        ] GC(551) Eden regions: 1118->0(1116)
[2846.617s][info][gc,heap        ] GC(551) Survivor regions: 110->112(154)
[2846.617s][info][gc,heap        ] GC(551) Old regions: 473->505
[2846.617s][info][gc,heap        ] GC(551) Humongous regions: 80->80
[2846.617s][info][gc,metaspace   ] GC(551) Metaspace: 28952K(29248K)->28952K(29248K) NonClass: 24073K(24192K)->24073K(24192K) Class: 4878K(5056K)->4878K(5056K)
[2846.617s][info][gc             ] GC(551) Pause Young (Concurrent Start) (G1 Evacuation Pause) 3558M->1391M(4096M) 120.946ms
[2846.617s][info][gc             ] GC(552) Concurrent Mark Cycle
[2846.617s][info][gc,marking     ] GC(552) Concurrent Scan Root Regions
[2846.617s][info][gc,cpu         ] GC(551) User=0.72s Sys=0.00s Real=0.12s
[2846.798s][info][gc,marking     ] GC(552) Concurrent Scan Root Regions 181.528ms
[2846.798s][info][gc,marking     ] GC(552) Concurrent Mark
[2846.798s][info][gc,marking     ] GC(552) Concurrent Mark From Roots
[2846.798s][info][gc,task        ] GC(552) Using 2 workers of 2 for marking
.[2847.766s][info][gc,marking     ] GC(552) Concurrent Mark From Roots 967.743ms
[2847.766s][info][gc,marking     ] GC(552) Concurrent Preclean
[2847.766s][info][gc,marking     ] GC(552) Concurrent Preclean 0.130ms
[2847.767s][info][gc,start       ] GC(552) Pause Remark
[2847.770s][info][gc             ] GC(552) Pause Remark 2063M->2063M(4096M) 2.998ms
[2847.770s][info][gc,cpu         ] GC(552) User=0.01s Sys=0.00s Real=0.00s
[2847.770s][info][gc,marking     ] GC(552) Concurrent Mark 971.898ms
[2847.770s][info][gc,marking     ] GC(552) Concurrent Rebuild Remembered Sets and Scrub Regions
.[2848.175s][info][gc,marking     ] GC(552) Concurrent Rebuild Remembered Sets and Scrub Regions 404.905ms
[2848.175s][info][gc,start       ] GC(552) Pause Cleanup
[2848.175s][info][gc             ] GC(552) Pause Cleanup 2321M->2321M(4096M) 0.115ms
[2848.175s][info][gc,cpu         ] GC(552) User=0.00s Sys=0.00s Real=0.00s
[2848.175s][info][gc,marking     ] GC(552) Concurrent Clear Claimed Marks
[2848.175s][info][gc,marking     ] GC(552) Concurrent Clear Claimed Marks 0.029ms
[2848.176s][info][gc,marking     ] GC(552) Concurrent Cleanup for Next Mark
[2848.180s][info][gc,marking     ] GC(552) Concurrent Cleanup for Next Mark 4.131ms
[2848.180s][info][gc             ] GC(552) Concurrent Mark Cycle 1562.976ms
..[2850.496s][info][gc,start       ] GC(553) Pause Young (Prepare Mixed) (G1 Evacuation Pause)
[2850.496s][info][gc,task        ] GC(553) Using 6 workers of 6 for evacuation
[2850.613s][info][gc,phases      ] GC(553)   Pre Evacuate Collection Set: 0.36ms
[2850.613s][info][gc,phases      ] GC(553)   Merge Heap Roots: 0.51ms
[2850.613s][info][gc,phases      ] GC(553)   Evacuate Collection Set: 114.43ms
[2850.613s][info][gc,phases      ] GC(553)   Post Evacuate Collection Set: 0.89ms
[2850.613s][info][gc,phases      ] GC(553)   Other: 0.09ms
[2850.613s][info][gc,heap        ] GC(553) Eden regions: 1116->0(1112)
[2850.613s][info][gc,heap        ] GC(553) Survivor regions: 112->108(154)
[2850.613s][info][gc,heap        ] GC(553) Old regions: 505->537
[2850.613s][info][gc,heap        ] GC(553) Humongous regions: 80->80
[2850.613s][info][gc,metaspace   ] GC(553) Metaspace: 28952K(29248K)->28952K(29248K) NonClass: 24073K(24192K)->24073K(24192K) Class: 4878K(5056K)->4878K(5056K)
[2850.613s][info][gc             ] GC(553) Pause Young (Prepare Mixed) (G1 Evacuation Pause) 3623M->1446M(4096M) 116.417ms
[2850.613s][info][gc,cpu         ] GC(553) User=0.70s Sys=0.00s Real=0.11s
....[2854.414s][info][gc,start       ] GC(554) Pause Young (Mixed) (G1 Evacuation Pause)
[2854.414s][info][gc,task        ] GC(554) Using 6 workers of 6 for evacuation
[2854.548s][info][gc,phases      ] GC(554)   Pre Evacuate Collection Set: 0.37ms
[2854.548s][info][gc,phases      ] GC(554)   Merge Heap Roots: 0.68ms
[2854.548s][info][gc,phases      ] GC(554)   Evacuate Collection Set: 131.87ms
[2854.548s][info][gc,phases      ] GC(554)   Post Evacuate Collection Set: 0.96ms
[2854.548s][info][gc,phases      ] GC(554)   Other: 0.09ms
[2854.548s][info][gc,heap        ] GC(554) Eden regions: 1112->0(1118)
[2854.548s][info][gc,heap        ] GC(554) Survivor regions: 108->110(153)
[2854.548s][info][gc,heap        ] GC(554) Old regions: 537->474
[2854.548s][info][gc,heap        ] GC(554) Humongous regions: 80->80
[2854.548s][info][gc,metaspace   ] GC(554) Metaspace: 28952K(29248K)->28952K(29248K) NonClass: 24073K(24192K)->24073K(24192K) Class: 4878K(5056K)->4878K(5056K)
[2854.548s][info][gc             ] GC(554) Pause Young (Mixed) (G1 Evacuation Pause) 3670M->1323M(4096M) 134.093ms
[2854.548s][info][gc,cpu         ] GC(554) User=0.80s Sys=0.00s Real=0.14s
....[2858.472s][info][gc,start       ] GC(555) Pause Young (Concurrent Start) (G1 Evacuation Pause)
[2858.472s][info][gc,task        ] GC(555) Using 6 workers of 6 for evacuation
[2858.589s][info][gc,phases      ] GC(555)   Pre Evacuate Collection Set: 0.39ms
[2858.589s][info][gc,phases      ] GC(555)   Merge Heap Roots: 0.48ms
[2858.589s][info][gc,phases      ] GC(555)   Evacuate Collection Set: 115.07ms
[2858.589s][info][gc,phases      ] GC(555)   Post Evacuate Collection Set: 0.87ms
[2858.589s][info][gc,phases      ] GC(555)   Other: 0.12ms
[2858.589s][info][gc,heap        ] GC(555) Eden regions: 1118->0(1119)
[2858.589s][info][gc,heap        ] GC(555) Survivor regions: 110->109(154)
[2858.589s][info][gc,heap        ] GC(555) Old regions: 474->506
[2858.589s][info][gc,heap        ] GC(555) Humongous regions: 80->80
[2858.589s][info][gc,metaspace   ] GC(555) Metaspace: 28952K(29248K)->28952K(29248K) NonClass: 24073K(24192K)->24073K(24192K) Class: 4878K(5056K)->4878K(5056K)
[2858.589s][info][gc             ] GC(555) Pause Young (Concurrent Start) (G1 Evacuation Pause) 3559M->1385M(4096M) 117.061ms
[2858.589s][info][gc             ] GC(556) Concurrent Mark Cycle
[2858.589s][info][gc,marking     ] GC(556) Concurrent Scan Root Regions
[2858.589s][info][gc,cpu         ] GC(555) User=0.70s Sys=0.00s Real=0.12s
[2858.768s][info][gc,marking     ] GC(556) Concurrent Scan Root Regions 179.038ms
[2858.768s][info][gc,marking     ] GC(556) Concurrent Mark
[2858.768s][info][gc,marking     ] GC(556) Concurrent Mark From Roots
[2858.768s][info][gc,task        ] GC(556) Using 2 workers of 2 for marking
.[2859.734s][info][gc,marking     ] GC(556) Concurrent Mark From Roots 966.528ms
[2859.734s][info][gc,marking     ] GC(556) Concurrent Preclean
[2859.734s][info][gc,marking     ] GC(556) Concurrent Preclean 0.111ms
[2859.734s][info][gc,start       ] GC(556) Pause Remark
[2859.738s][info][gc             ] GC(556) Pause Remark 2101M->2101M(4096M) 3.248ms
[2859.738s][info][gc,cpu         ] GC(556) User=0.02s Sys=0.00s Real=0.01s
[2859.738s][info][gc,marking     ] GC(556) Concurrent Mark 970.108ms
[2859.738s][info][gc,marking     ] GC(556) Concurrent Rebuild Remembered Sets and Scrub Regions
[2860.137s][info][gc,marking     ] GC(556) Concurrent Rebuild Remembered Sets and Scrub Regions 398.960ms
[2860.137s][info][gc,start       ] GC(556) Pause Cleanup
[2860.137s][info][gc             ] GC(556) Pause Cleanup 2346M->2346M(4096M) 0.103ms
[2860.137s][info][gc,cpu         ] GC(556) User=0.00s Sys=0.00s Real=0.00s
[2860.137s][info][gc,marking     ] GC(556) Concurrent Clear Claimed Marks
[2860.137s][info][gc,marking     ] GC(556) Concurrent Clear Claimed Marks 0.027ms
[2860.137s][info][gc,marking     ] GC(556) Concurrent Cleanup for Next Mark
[2860.140s][info][gc,marking     ] GC(556) Concurrent Cleanup for Next Mark 3.286ms
[2860.140s][info][gc             ] GC(556) Concurrent Mark Cycle 1551.872ms
...[2862.436s][info][gc,start       ] GC(557) Pause Young (Prepare Mixed) (G1 Evacuation Pause)
[2862.436s][info][gc,task        ] GC(557) Using 6 workers of 6 for evacuation
[2862.555s][info][gc,phases      ] GC(557)   Pre Evacuate Collection Set: 0.33ms
[2862.555s][info][gc,phases      ] GC(557)   Merge Heap Roots: 0.52ms
[2862.555s][info][gc,phases      ] GC(557)   Evacuate Collection Set: 117.22ms
[2862.555s][info][gc,phases      ] GC(557)   Post Evacuate Collection Set: 0.92ms
[2862.555s][info][gc,phases      ] GC(557)   Other: 0.09ms
[2862.555s][info][gc,heap        ] GC(557) Eden regions: 1119->0(1106)
[2862.555s][info][gc,heap        ] GC(557) Survivor regions: 109->111(154)
[2862.555s][info][gc,heap        ] GC(557) Old regions: 506->537
[2862.555s][info][gc,heap        ] GC(557) Humongous regions: 80->80
[2862.555s][info][gc,metaspace   ] GC(557) Metaspace: 28952K(29248K)->28952K(29248K) NonClass: 24073K(24192K)->24073K(24192K) Class: 4878K(5056K)->4878K(5056K)
[2862.555s][info][gc             ] GC(557) Pause Young (Prepare Mixed) (G1 Evacuation Pause) 3623M->1453M(4096M) 119.204ms
[2862.555s][info][gc,cpu         ] GC(557) User=0.71s Sys=0.00s Real=0.12s
....[2866.399s][info][gc,start       ] GC(558) Pause Young (Mixed) (G1 Evacuation Pause)
[2866.399s][info][gc,task        ] GC(558) Using 6 workers of 6 for evacuation
[2866.528s][info][gc,phases      ] GC(558)   Pre Evacuate Collection Set: 0.38ms
[2866.528s][info][gc,phases      ] GC(558)   Merge Heap Roots: 0.63ms
[2866.528s][info][gc,phases      ] GC(558)   Evacuate Collection Set: 126.37ms
[2866.528s][info][gc,phases      ] GC(558)   Post Evacuate Collection Set: 0.94ms
[2866.528s][info][gc,phases      ] GC(558)   Other: 0.09ms
[2866.528s][info][gc,heap        ] GC(558) Eden regions: 1106->0(1121)
[2866.528s][info][gc,heap        ] GC(558) Survivor regions: 111->107(153)
[2866.528s][info][gc,heap        ] GC(558) Old regions: 537->474
[2866.528s][info][gc,heap        ] GC(558) Humongous regions: 80->80
[2866.528s][info][gc,metaspace   ] GC(558) Metaspace: 28952K(29248K)->28952K(29248K) NonClass: 24073K(24192K)->24073K(24192K) Class: 4878K(5056K)->4878K(5056K)
[2866.528s][info][gc             ] GC(558) Pause Young (Mixed) (G1 Evacuation Pause) 3665M->1318M(4096M) 128.546ms
[2866.528s][info][gc,cpu         ] GC(558) User=0.77s Sys=0.00s Real=0.13s
.... (rIR:aIR:PR = 4705:4706:4706) (tPR = 70324) [OK] 
  2870s: Performance info:
         Transaction,    Success,    Partial,     Failed,   Receipts, AvgBarcode, 
             Overall,     282570,          0,          0,     268442,      59.47, 
         Response times:
             Request,    Success,    Partial,     Failed,   SkipFail,     Probes,    Samples,      min,      p50,      p90,      p95,      p99,      max, 
       TotalPurchase,     268442,          0,          0,          0,     264032,     281787,      200,     3700,     7200,    16600,    70000,   234000,
     InStorePurchase,     141267,          0,          0,          0,     139347,     148412,      300,     3600,     7100,    16100,    69000,   233000,
      OnlinePurchase,      98912,          0,          0,          0,      97193,     103903,      200,     3800,     7300,    17500,    71000,   234000,
        InstPurchase,      28263,          0,          0,          0,      27492,      29472,      400,     3500,     7000,    16800,    71000,   168000,
          AssocOfCat,        281,          0,          0,          0,        223,        301,    19300,    30000,    50000,    58000,   155540,   163000,
      AssocOfProduct,       2828,          0,          0,          0,       2612,       2950,      500,     4000,     7200,    13245,    61000,   139000,
      BusinessReport,        711,          0,          0,          0,        625,        777,    21000,    33000,    55000,    82100,   167000,   194000,
          CustBuyBeh,       2824,          0,          0,          0,       2595,       2978,      200,     3300,     6700,    12420,    66000,   138000,
       ProductReturn,       7485,          0,          0,          0,       7060,       7698,      200,     3600,     7000,    14805,    63000,   157000,

  2870s: (35%)   IR =   4843 [2870.405s][info][gc,start       ] GC(559) Pause Young (Concurrent Start) (G1 Evacuation Pause)
[2870.405s][info][gc,task        ] GC(559) Using 6 workers of 6 for evacuation
[2870.524s][info][gc,phases      ] GC(559)   Pre Evacuate Collection Set: 0.34ms
[2870.524s][info][gc,phases      ] GC(559)   Merge Heap Roots: 0.48ms
[2870.524s][info][gc,phases      ] GC(559)   Evacuate Collection Set: 117.59ms
[2870.524s][info][gc,phases      ] GC(559)   Post Evacuate Collection Set: 0.88ms
[2870.524s][info][gc,phases      ] GC(559)   Other: 0.10ms
[2870.524s][info][gc,heap        ] GC(559) Eden regions: 1121->0(1117)
[2870.524s][info][gc,heap        ] GC(559) Survivor regions: 107->111(154)
[2870.524s][info][gc,heap        ] GC(559) Old regions: 474->506
[2870.524s][info][gc,heap        ] GC(559) Humongous regions: 80->80
[2870.524s][info][gc,metaspace   ] GC(559) Metaspace: 28952K(29248K)->28952K(29248K) NonClass: 24073K(24192K)->24073K(24192K) Class: 4878K(5056K)->4878K(5056K)
[2870.525s][info][gc             ] GC(559) Pause Young (Concurrent Start) (G1 Evacuation Pause) 3560M->1389M(4096M) 119.525ms
[2870.525s][info][gc             ] GC(560) Concurrent Mark Cycle
[2870.525s][info][gc,marking     ] GC(560) Concurrent Scan Root Regions
[2870.525s][info][gc,cpu         ] GC(559) User=0.71s Sys=0.00s Real=0.11s
[2870.697s][info][gc,marking     ] GC(560) Concurrent Scan Root Regions 172.621ms
[2870.697s][info][gc,marking     ] GC(560) Concurrent Mark
[2870.697s][info][gc,marking     ] GC(560) Concurrent Mark From Roots
[2870.697s][info][gc,task        ] GC(560) Using 2 workers of 2 for marking
.[2871.407s][info][gc,marking     ] GC(560) Concurrent Mark From Roots 709.274ms
[2871.407s][info][gc,marking     ] GC(560) Concurrent Preclean
[2871.407s][info][gc,marking     ] GC(560) Concurrent Preclean 0.107ms
[2871.407s][info][gc,start       ] GC(560) Pause Remark
[2871.409s][info][gc             ] GC(560) Pause Remark 1956M->1956M(4096M) 2.673ms
[2871.410s][info][gc,cpu         ] GC(560) User=0.01s Sys=0.00s Real=0.00s
[2871.410s][info][gc,marking     ] GC(560) Concurrent Mark 712.293ms
[2871.410s][info][gc,marking     ] GC(560) Concurrent Rebuild Remembered Sets and Scrub Regions
[2871.645s][info][gc,marking     ] GC(560) Concurrent Rebuild Remembered Sets and Scrub Regions 235.496ms
[2871.645s][info][gc,start       ] GC(560) Pause Cleanup
[2871.645s][info][gc             ] GC(560) Pause Cleanup 2106M->2106M(4096M) 0.104ms
[2871.645s][info][gc,cpu         ] GC(560) User=0.00s Sys=0.00s Real=0.00s
[2871.645s][info][gc,marking     ] GC(560) Concurrent Clear Claimed Marks
[2871.645s][info][gc,marking     ] GC(560) Concurrent Clear Claimed Marks 0.025ms
[2871.645s][info][gc,marking     ] GC(560) Concurrent Cleanup for Next Mark
[2871.650s][info][gc,marking     ] GC(560) Concurrent Cleanup for Next Mark 4.221ms
[2871.650s][info][gc             ] GC(560) Concurrent Mark Cycle 1125.159ms
...[2874.290s][info][gc,start       ] GC(561) Pause Young (Prepare Mixed) (G1 Evacuation Pause)
[2874.290s][info][gc,task        ] GC(561) Using 6 workers of 6 for evacuation
[2874.406s][info][gc,phases      ] GC(561)   Pre Evacuate Collection Set: 0.31ms
[2874.406s][info][gc,phases      ] GC(561)   Merge Heap Roots: 0.50ms
[2874.406s][info][gc,phases      ] GC(561)   Evacuate Collection Set: 114.16ms
[2874.406s][info][gc,phases      ] GC(561)   Post Evacuate Collection Set: 0.91ms
[2874.406s][info][gc,phases      ] GC(561)   Other: 0.08ms
[2874.406s][info][gc,heap        ] GC(561) Eden regions: 1117->0(1111)
[2874.406s][info][gc,heap        ] GC(561) Survivor regions: 111->108(154)
[2874.406s][info][gc,heap        ] GC(561) Old regions: 506->538
[2874.406s][info][gc,heap        ] GC(561) Humongous regions: 80->80
[2874.406s][info][gc,metaspace   ] GC(561) Metaspace: 28952K(29248K)->28952K(29248K) NonClass: 24073K(24192K)->24073K(24192K) Class: 4878K(5056K)->4878K(5056K)
[2874.406s][info][gc             ] GC(561) Pause Young (Prepare Mixed) (G1 Evacuation Pause) 3623M->1447M(4096M) 116.101ms
[2874.406s][info][gc,cpu         ] GC(561) User=0.69s Sys=0.00s Real=0.12s
...|[2878.230s][info][gc,start       ] GC(562) Pause Young (Mixed) (G1 Evacuation Pause)
[2878.230s][info][gc,task        ] GC(562) Using 6 workers of 6 for evacuation
[2878.365s][info][gc,phases      ] GC(562)   Pre Evacuate Collection Set: 0.37ms
[2878.365s][info][gc,phases      ] GC(562)   Merge Heap Roots: 0.78ms
[2878.365s][info][gc,phases      ] GC(562)   Evacuate Collection Set: 133.39ms
[2878.365s][info][gc,phases      ] GC(562)   Post Evacuate Collection Set: 0.96ms
[2878.365s][info][gc,phases      ] GC(562)   Other: 0.09ms
[2878.365s][info][gc,heap        ] GC(562) Eden regions: 1111->0(1117)
[2878.365s][info][gc,heap        ] GC(562) Survivor regions: 108->111(153)
[2878.365s][info][gc,heap        ] GC(562) Old regions: 538->472
[2878.365s][info][gc,heap        ] GC(562) Humongous regions: 80->80
[2878.365s][info][gc,metaspace   ] GC(562) Metaspace: 28952K(29248K)->28952K(29248K) NonClass: 24073K(24192K)->24073K(24192K) Class: 4878K(5056K)->4878K(5056K)
[2878.365s][info][gc             ] GC(562) Pause Young (Mixed) (G1 Evacuation Pause) 3669M->1322M(4096M) 135.724ms
[2878.365s][info][gc,cpu         ] GC(562) User=0.81s Sys=0.00s Real=0.14s
....[2882.036s][info][gc,start       ] GC(563) Pause Young (Concurrent Start) (G1 Evacuation Pause)
[2882.036s][info][gc,task        ] GC(563) Using 6 workers of 6 for evacuation
[2882.151s][info][gc,phases      ] GC(563)   Pre Evacuate Collection Set: 0.35ms
[2882.151s][info][gc,phases      ] GC(563)   Merge Heap Roots: 0.45ms
[2882.151s][info][gc,phases      ] GC(563)   Evacuate Collection Set: 112.51ms
[2882.151s][info][gc,phases      ] GC(563)   Post Evacuate Collection Set: 0.87ms
[2882.151s][info][gc,phases      ] GC(563)   Other: 0.10ms
[2882.151s][info][gc,heap        ] GC(563) Eden regions: 1117->0(1121)
[2882.151s][info][gc,heap        ] GC(563) Survivor regions: 111->107(154)
[2882.151s][info][gc,heap        ] GC(563) Old regions: 472->504
[2882.151s][info][gc,heap        ] GC(563) Humongous regions: 80->80
[2882.151s][info][gc,metaspace   ] GC(563) Metaspace: 28952K(29248K)->28952K(29248K) NonClass: 24073K(24192K)->24073K(24192K) Class: 4878K(5056K)->4878K(5056K)
[2882.151s][info][gc             ] GC(563) Pause Young (Concurrent Start) (G1 Evacuation Pause) 3556M->1378M(4096M) 114.416ms
[2882.151s][info][gc             ] GC(564) Concurrent Mark Cycle
[2882.151s][info][gc,marking     ] GC(564) Concurrent Scan Root Regions
[2882.151s][info][gc,cpu         ] GC(563) User=0.68s Sys=0.00s Real=0.11s
[2882.291s][info][gc,marking     ] GC(564) Concurrent Scan Root Regions 139.690ms
[2882.291s][info][gc,marking     ] GC(564) Concurrent Mark
[2882.291s][info][gc,marking     ] GC(564) Concurrent Mark From Roots
[2882.291s][info][gc,task        ] GC(564) Using 2 workers of 2 for marking
.[2882.912s][info][gc,marking     ] GC(564) Concurrent Mark From Roots 621.507ms
[2882.912s][info][gc,marking     ] GC(564) Concurrent Preclean
[2882.912s][info][gc,marking     ] GC(564) Concurrent Preclean 0.094ms
[2882.913s][info][gc,start       ] GC(564) Pause Remark
[2882.916s][info][gc             ] GC(564) Pause Remark 1846M->1846M(4096M) 2.838ms
[2882.916s][info][gc,cpu         ] GC(564) User=0.02s Sys=0.00s Real=0.01s
[2882.916s][info][gc,marking     ] GC(564) Concurrent Mark 625.135ms
[2882.916s][info][gc,marking     ] GC(564) Concurrent Rebuild Remembered Sets and Scrub Regions
[2883.169s][info][gc,marking     ] GC(564) Concurrent Rebuild Remembered Sets and Scrub Regions 253.504ms
[2883.169s][info][gc,start       ] GC(564) Pause Cleanup
[2883.170s][info][gc             ] GC(564) Pause Cleanup 2030M->2030M(4096M) 0.117ms
[2883.170s][info][gc,cpu         ] GC(564) User=0.00s Sys=0.00s Real=0.00s
[2883.170s][info][gc,marking     ] GC(564) Concurrent Clear Claimed Marks
[2883.170s][info][gc,marking     ] GC(564) Concurrent Clear Claimed Marks 0.041ms
[2883.170s][info][gc,marking     ] GC(564) Concurrent Cleanup for Next Mark
[2883.179s][info][gc,marking     ] GC(564) Concurrent Cleanup for Next Mark 9.278ms
[2883.179s][info][gc             ] GC(564) Concurrent Mark Cycle 1028.573ms
...[2885.990s][info][gc,start       ] GC(565) Pause Young (Prepare Mixed) (G1 Evacuation Pause)
[2885.990s][info][gc,task        ] GC(565) Using 6 workers of 6 for evacuation
[2886.110s][info][gc,phases      ] GC(565)   Pre Evacuate Collection Set: 0.33ms
[2886.110s][info][gc,phases      ] GC(565)   Merge Heap Roots: 0.51ms
[2886.110s][info][gc,phases      ] GC(565)   Evacuate Collection Set: 117.65ms
[2886.110s][info][gc,phases      ] GC(565)   Post Evacuate Collection Set: 0.93ms
[2886.110s][info][gc,phases      ] GC(565)   Other: 0.09ms
[2886.110s][info][gc,heap        ] GC(565) Eden regions: 1121->0(1107)
[2886.110s][info][gc,heap        ] GC(565) Survivor regions: 107->111(154)
[2886.110s][info][gc,heap        ] GC(565) Old regions: 504->536
[2886.110s][info][gc,heap        ] GC(565) Humongous regions: 80->80
[2886.110s][info][gc,metaspace   ] GC(565) Metaspace: 28952K(29248K)->28952K(29248K) NonClass: 24073K(24192K)->24073K(24192K) Class: 4878K(5056K)->4878K(5056K)
[2886.110s][info][gc             ] GC(565) Pause Young (Prepare Mixed) (G1 Evacuation Pause) 3620M->1450M(4096M) 119.657ms
[2886.110s][info][gc,cpu         ] GC(565) User=0.71s Sys=0.00s Real=0.12s
....[2889.815s][info][gc,start       ] GC(566) Pause Young (Mixed) (G1 Evacuation Pause)
[2889.815s][info][gc,task        ] GC(566) Using 6 workers of 6 for evacuation
[2889.952s][info][gc,phases      ] GC(566)   Pre Evacuate Collection Set: 0.35ms
[2889.952s][info][gc,phases      ] GC(566)   Merge Heap Roots: 0.75ms
[2889.952s][info][gc,phases      ] GC(566)   Evacuate Collection Set: 134.71ms
[2889.952s][info][gc,phases      ] GC(566)   Post Evacuate Collection Set: 0.91ms
[2889.952s][info][gc,phases      ] GC(566)   Other: 0.09ms
[2889.952s][info][gc,heap        ] GC(566) Eden regions: 1107->0(1117)
[2889.952s][info][gc,heap        ] GC(566) Survivor regions: 111->111(153)
[2889.952s][info][gc,heap        ] GC(566) Old regions: 536->473
[2889.952s][info][gc,heap        ] GC(566) Humongous regions: 80->80
[2889.952s][info][gc,metaspace   ] GC(566) Metaspace: 28952K(29248K)->28952K(29248K) NonClass: 24073K(24192K)->24073K(24192K) Class: 4878K(5056K)->4878K(5056K)
[2889.952s][info][gc             ] GC(566) Pause Young (Mixed) (G1 Evacuation Pause) 3664M->1323M(4096M) 136.939ms
[2889.952s][info][gc,cpu         ] GC(566) User=0.82s Sys=0.00s Real=0.13s
....[2893.673s][info][gc,start       ] GC(567) Pause Young (Concurrent Start) (G1 Evacuation Pause)
[2893.673s][info][gc,task        ] GC(567) Using 6 workers of 6 for evacuation
[2893.789s][info][gc,phases      ] GC(567)   Pre Evacuate Collection Set: 0.34ms
[2893.789s][info][gc,phases      ] GC(567)   Merge Heap Roots: 0.48ms
[2893.789s][info][gc,phases      ] GC(567)   Evacuate Collection Set: 114.72ms
[2893.789s][info][gc,phases      ] GC(567)   Post Evacuate Collection Set: 0.87ms
[2893.789s][info][gc,phases      ] GC(567)   Other: 0.10ms
[2893.789s][info][gc,heap        ] GC(567) Eden regions: 1117->0(1120)
[2893.789s][info][gc,heap        ] GC(567) Survivor regions: 111->108(154)
[2893.789s][info][gc,heap        ] GC(567) Old regions: 473->505
[2893.789s][info][gc,heap        ] GC(567) Humongous regions: 80->80
[2893.789s][info][gc,metaspace   ] GC(567) Metaspace: 28952K(29248K)->28952K(29248K) NonClass: 24073K(24192K)->24073K(24192K) Class: 4878K(5056K)->4878K(5056K)
[2893.789s][info][gc             ] GC(567) Pause Young (Concurrent Start) (G1 Evacuation Pause) 3557M->1381M(4096M) 116.637ms
[2893.789s][info][gc             ] GC(568) Concurrent Mark Cycle
[2893.789s][info][gc,marking     ] GC(568) Concurrent Scan Root Regions
[2893.789s][info][gc,cpu         ] GC(567) User=0.70s Sys=0.00s Real=0.12s
[2893.922s][info][gc,marking     ] GC(568) Concurrent Scan Root Regions 132.534ms
[2893.922s][info][gc,marking     ] GC(568) Concurrent Mark
[2893.922s][info][gc,marking     ] GC(568) Concurrent Mark From Roots
[2893.922s][info][gc,task        ] GC(568) Using 2 workers of 2 for marking
.[2894.577s][info][gc,marking     ] GC(568) Concurrent Mark From Roots 655.054ms
[2894.577s][info][gc,marking     ] GC(568) Concurrent Preclean
[2894.577s][info][gc,marking     ] GC(568) Concurrent Preclean 0.099ms
[2894.577s][info][gc,start       ] GC(568) Pause Remark
[2894.580s][info][gc             ] GC(568) Pause Remark 1910M->1910M(4096M) 3.058ms
[2894.580s][info][gc,cpu         ] GC(568) User=0.01s Sys=0.00s Real=0.00s
[2894.580s][info][gc,marking     ] GC(568) Concurrent Mark 658.442ms
[2894.580s][info][gc,marking     ] GC(568) Concurrent Rebuild Remembered Sets and Scrub Regions
[2894.860s][info][gc,marking     ] GC(568) Concurrent Rebuild Remembered Sets and Scrub Regions 279.535ms
[2894.860s][info][gc,start       ] GC(568) Pause Cleanup
[2894.860s][info][gc             ] GC(568) Pause Cleanup 2060M->2060M(4096M) 0.107ms
[2894.860s][info][gc,cpu         ] GC(568) User=0.00s Sys=0.00s Real=0.00s
[2894.860s][info][gc,marking     ] GC(568) Concurrent Clear Claimed Marks
[2894.860s][info][gc,marking     ] GC(568) Concurrent Clear Claimed Marks 0.027ms
[2894.860s][info][gc,marking     ] GC(568) Concurrent Cleanup for Next Mark
[2894.864s][info][gc,marking     ] GC(568) Concurrent Cleanup for Next Mark 3.689ms
[2894.864s][info][gc             ] GC(568) Concurrent Mark Cycle 1074.686ms
...[2897.480s][info][gc,start       ] GC(569) Pause Young (Prepare Mixed) (G1 Evacuation Pause)
[2897.480s][info][gc,task        ] GC(569) Using 6 workers of 6 for evacuation
[2897.596s][info][gc,phases      ] GC(569)   Pre Evacuate Collection Set: 0.36ms
[2897.596s][info][gc,phases      ] GC(569)   Merge Heap Roots: 0.54ms
[2897.596s][info][gc,phases      ] GC(569)   Evacuate Collection Set: 113.69ms
[2897.596s][info][gc,phases      ] GC(569)   Post Evacuate Collection Set: 0.92ms
[2897.596s][info][gc,phases      ] GC(569)   Other: 0.09ms
[2897.596s][info][gc,heap        ] GC(569) Eden regions: 1120->0(1112)
[2897.596s][info][gc,heap        ] GC(569) Survivor regions: 108->108(154)
[2897.596s][info][gc,heap        ] GC(569) Old regions: 505->537
[2897.596s][info][gc,heap        ] GC(569) Humongous regions: 80->80
[2897.596s][info][gc,metaspace   ] GC(569) Metaspace: 28952K(29248K)->28952K(29248K) NonClass: 24073K(24192K)->24073K(24192K) Class: 4878K(5056K)->4878K(5056K)
[2897.596s][info][gc             ] GC(569) Pause Young (Prepare Mixed) (G1 Evacuation Pause) 3621M->1446M(4096M) 115.711ms
[2897.596s][info][gc,cpu         ] GC(569) User=0.68s Sys=0.00s Real=0.12s
....[2901.420s][info][gc,start       ] GC(570) Pause Young (Mixed) (G1 Evacuation Pause)
[2901.420s][info][gc,task        ] GC(570) Using 6 workers of 6 for evacuation
[2901.551s][info][gc,phases      ] GC(570)   Pre Evacuate Collection Set: 0.37ms
[2901.551s][info][gc,phases      ] GC(570)   Merge Heap Roots: 0.64ms
[2901.551s][info][gc,phases      ] GC(570)   Evacuate Collection Set: 128.74ms
[2901.551s][info][gc,phases      ] GC(570)   Post Evacuate Collection Set: 0.95ms
[2901.551s][info][gc,phases      ] GC(570)   Other: 0.09ms
[2901.551s][info][gc,heap        ] GC(570) Eden regions: 1112->0(1120)
[2901.551s][info][gc,heap        ] GC(570) Survivor regions: 108->108(153)
[2901.551s][info][gc,heap        ] GC(570) Old regions: 537->474
[2901.551s][info][gc,heap        ] GC(570) Humongous regions: 80->80
[2901.551s][info][gc,metaspace   ] GC(570) Metaspace: 28952K(29248K)->28952K(29248K) NonClass: 24073K(24192K)->24073K(24192K) Class: 4878K(5056K)->4878K(5056K)
[2901.551s][info][gc             ] GC(570) Pause Young (Mixed) (G1 Evacuation Pause) 3670M->1319M(4096M) 130.920ms
[2901.551s][info][gc,cpu         ] GC(570) User=0.78s Sys=0.00s Real=0.13s
...[2905.207s][info][gc,start       ] GC(571) Pause Young (Concurrent Start) (G1 Evacuation Pause)
[2905.207s][info][gc,task        ] GC(571) Using 6 workers of 6 for evacuation
[2905.321s][info][gc,phases      ] GC(571)   Pre Evacuate Collection Set: 0.35ms
[2905.321s][info][gc,phases      ] GC(571)   Merge Heap Roots: 0.47ms
[2905.321s][info][gc,phases      ] GC(571)   Evacuate Collection Set: 112.11ms
[2905.321s][info][gc,phases      ] GC(571)   Post Evacuate Collection Set: 0.88ms
[2905.321s][info][gc,phases      ] GC(571)   Other: 0.11ms
[2905.321s][info][gc,heap        ] GC(571) Eden regions: 1120->0(1121)
[2905.321s][info][gc,heap        ] GC(571) Survivor regions: 108->107(154)
[2905.321s][info][gc,heap        ] GC(571) Old regions: 474->505
[2905.321s][info][gc,heap        ] GC(571) Humongous regions: 80->80
[2905.321s][info][gc,metaspace   ] GC(571) Metaspace: 28952K(29248K)->28952K(29248K) NonClass: 24073K(24192K)->24073K(24192K) Class: 4878K(5056K)->4878K(5056K)
[2905.321s][info][gc             ] GC(571) Pause Young (Concurrent Start) (G1 Evacuation Pause) 3559M->1380M(4096M) 114.040ms
[2905.321s][info][gc             ] GC(572) Concurrent Mark Cycle
[2905.321s][info][gc,marking     ] GC(572) Concurrent Scan Root Regions
[2905.321s][info][gc,cpu         ] GC(571) User=0.68s Sys=0.00s Real=0.11s
.[2905.441s][info][gc,marking     ] GC(572) Concurrent Scan Root Regions 120.007ms
[2905.441s][info][gc,marking     ] GC(572) Concurrent Mark
[2905.441s][info][gc,marking     ] GC(572) Concurrent Mark From Roots
[2905.441s][info][gc,task        ] GC(572) Using 2 workers of 2 for marking
[2906.070s][info][gc,marking     ] GC(572) Concurrent Mark From Roots 628.954ms
[2906.070s][info][gc,marking     ] GC(572) Concurrent Preclean
[2906.070s][info][gc,marking     ] GC(572) Concurrent Preclean 0.089ms
[2906.070s][info][gc,start       ] GC(572) Pause Remark
[2906.073s][info][gc             ] GC(572) Pause Remark 1846M->1846M(4096M) 2.929ms
[2906.073s][info][gc,cpu         ] GC(572) User=0.02s Sys=0.00s Real=0.00s
[2906.073s][info][gc,marking     ] GC(572) Concurrent Mark 632.199ms
[2906.073s][info][gc,marking     ] GC(572) Concurrent Rebuild Remembered Sets and Scrub Regions
[2906.304s][info][gc,marking     ] GC(572) Concurrent Rebuild Remembered Sets and Scrub Regions 230.309ms
[2906.304s][info][gc,start       ] GC(572) Pause Cleanup
[2906.304s][info][gc             ] GC(572) Pause Cleanup 1950M->1950M(4096M) 0.107ms
[2906.304s][info][gc,cpu         ] GC(572) User=0.00s Sys=0.00s Real=0.00s
[2906.305s][info][gc,marking     ] GC(572) Concurrent Clear Claimed Marks
[2906.305s][info][gc,marking     ] GC(572) Concurrent Clear Claimed Marks 0.027ms
[2906.305s][info][gc,marking     ] GC(572) Concurrent Cleanup for Next Mark
[2906.309s][info][gc,marking     ] GC(572) Concurrent Cleanup for Next Mark 4.440ms
[2906.309s][info][gc             ] GC(572) Concurrent Mark Cycle 987.934ms
...[2909.138s][info][gc,start       ] GC(573) Pause Young (Prepare Mixed) (G1 Evacuation Pause)
[2909.138s][info][gc,task        ] GC(573) Using 6 workers of 6 for evacuation
[2909.258s][info][gc,phases      ] GC(573)   Pre Evacuate Collection Set: 0.31ms
[2909.258s][info][gc,phases      ] GC(573)   Merge Heap Roots: 0.51ms
[2909.258s][info][gc,phases      ] GC(573)   Evacuate Collection Set: 117.41ms
[2909.258s][info][gc,phases      ] GC(573)   Post Evacuate Collection Set: 0.91ms
[2909.258s][info][gc,phases      ] GC(573)   Other: 0.08ms
[2909.258s][info][gc,heap        ] GC(573) Eden regions: 1121->0(1108)
[2909.258s][info][gc,heap        ] GC(573) Survivor regions: 107->110(154)
[2909.258s][info][gc,heap        ] GC(573) Old regions: 505->537
[2909.258s][info][gc,heap        ] GC(573) Humongous regions: 80->80
[2909.258s][info][gc,metaspace   ] GC(573) Metaspace: 28952K(29248K)->28952K(29248K) NonClass: 24073K(24192K)->24073K(24192K) Class: 4878K(5056K)->4878K(5056K)
[2909.258s][info][gc             ] GC(573) Pause Young (Prepare Mixed) (G1 Evacuation Pause) 3622M->1450M(4096M) 119.353ms
[2909.258s][info][gc,cpu         ] GC(573) User=0.71s Sys=0.00s Real=0.12s
....[2913.014s][info][gc,start       ] GC(574) Pause Young (Mixed) (G1 Evacuation Pause)
[2913.014s][info][gc,task        ] GC(574) Using 6 workers of 6 for evacuation
[2913.148s][info][gc,phases      ] GC(574)   Pre Evacuate Collection Set: 0.35ms
[2913.148s][info][gc,phases      ] GC(574)   Merge Heap Roots: 0.66ms
[2913.148s][info][gc,phases      ] GC(574)   Evacuate Collection Set: 131.75ms
[2913.148s][info][gc,phases      ] GC(574)   Post Evacuate Collection Set: 0.94ms
[2913.148s][info][gc,phases      ] GC(574)   Other: 0.09ms
[2913.148s][info][gc,heap        ] GC(574) Eden regions: 1108->0(1117)
[2913.148s][info][gc,heap        ] GC(574) Survivor regions: 110->111(153)
[2913.148s][info][gc,heap        ] GC(574) Old regions: 537->473
[2913.148s][info][gc,heap        ] GC(574) Humongous regions: 80->80
[2913.148s][info][gc,metaspace   ] GC(574) Metaspace: 28952K(29248K)->28952K(29248K) NonClass: 24073K(24192K)->24073K(24192K) Class: 4878K(5056K)->4878K(5056K)
[2913.148s][info][gc             ] GC(574) Pause Young (Mixed) (G1 Evacuation Pause) 3666M->1324M(4096M) 133.938ms
[2913.148s][info][gc,cpu         ] GC(574) User=0.80s Sys=0.00s Real=0.14s
....[2916.839s][info][gc,start       ] GC(575) Pause Young (Concurrent Start) (G1 Evacuation Pause)
[2916.839s][info][gc,task        ] GC(575) Using 6 workers of 6 for evacuation
[2916.961s][info][gc,phases      ] GC(575)   Pre Evacuate Collection Set: 0.31ms
[2916.961s][info][gc,phases      ] GC(575)   Merge Heap Roots: 0.48ms
[2916.961s][info][gc,phases      ] GC(575)   Evacuate Collection Set: 119.52ms
[2916.961s][info][gc,phases      ] GC(575)   Post Evacuate Collection Set: 0.88ms
[2916.961s][info][gc,phases      ] GC(575)   Other: 0.10ms
[2916.961s][info][gc,heap        ] GC(575) Eden regions: 1117->0(1116)
[2916.961s][info][gc,heap        ] GC(575) Survivor regions: 111->112(154)
[2916.961s][info][gc,heap        ] GC(575) Old regions: 473->505
[2916.961s][info][gc,heap        ] GC(575) Humongous regions: 80->80
[2916.961s][info][gc,metaspace   ] GC(575) Metaspace: 28952K(29248K)->28952K(29248K) NonClass: 24073K(24192K)->24073K(24192K) Class: 4878K(5056K)->4878K(5056K)
[2916.961s][info][gc             ] GC(575) Pause Young (Concurrent Start) (G1 Evacuation Pause) 3558M->1390M(4096M) 121.432ms
[2916.961s][info][gc             ] GC(576) Concurrent Mark Cycle
[2916.961s][info][gc,marking     ] GC(576) Concurrent Scan Root Regions
[2916.961s][info][gc,cpu         ] GC(575) User=0.72s Sys=0.00s Real=0.12s
[2917.106s][info][gc,marking     ] GC(576) Concurrent Scan Root Regions 145.384ms
[2917.106s][info][gc,marking     ] GC(576) Concurrent Mark
[2917.106s][info][gc,marking     ] GC(576) Concurrent Mark From Roots
[2917.106s][info][gc,task        ] GC(576) Using 2 workers of 2 for marking
.[2917.721s][info][gc,marking     ] GC(576) Concurrent Mark From Roots 615.301ms
[2917.722s][info][gc,marking     ] GC(576) Concurrent Preclean
[2917.722s][info][gc,marking     ] GC(576) Concurrent Preclean 0.125ms
[2917.722s][info][gc,start       ] GC(576) Pause Remark
[2917.726s][info][gc             ] GC(576) Pause Remark 1886M->1886M(4096M) 4.116ms
[2917.726s][info][gc,cpu         ] GC(576) User=0.02s Sys=0.00s Real=0.01s
[2917.726s][info][gc,marking     ] GC(576) Concurrent Mark 619.869ms
[2917.726s][info][gc,marking     ] GC(576) Concurrent Rebuild Remembered Sets and Scrub Regions
[2917.998s][info][gc,marking     ] GC(576) Concurrent Rebuild Remembered Sets and Scrub Regions 272.384ms
[2917.999s][info][gc,start       ] GC(576) Pause Cleanup
[2917.999s][info][gc             ] GC(576) Pause Cleanup 2062M->2062M(4096M) 0.104ms
[2917.999s][info][gc,cpu         ] GC(576) User=0.00s Sys=0.00s Real=0.00s
[2917.999s][info][gc,marking     ] GC(576) Concurrent Clear Claimed Marks
[2917.999s][info][gc,marking     ] GC(576) Concurrent Clear Claimed Marks 0.029ms
[2917.999s][info][gc,marking     ] GC(576) Concurrent Cleanup for Next Mark
[2918.005s][info][gc,marking     ] GC(576) Concurrent Cleanup for Next Mark 6.045ms
[2918.005s][info][gc             ] GC(576) Concurrent Mark Cycle 1044.238ms
...[2920.708s][info][gc,start       ] GC(577) Pause Young (Prepare Mixed) (G1 Evacuation Pause)
[2920.708s][info][gc,task        ] GC(577) Using 6 workers of 6 for evacuation
[2920.824s][info][gc,phases      ] GC(577)   Pre Evacuate Collection Set: 0.35ms
[2920.824s][info][gc,phases      ] GC(577)   Merge Heap Roots: 0.52ms
[2920.824s][info][gc,phases      ] GC(577)   Evacuate Collection Set: 114.26ms
[2920.824s][info][gc,phases      ] GC(577)   Post Evacuate Collection Set: 0.89ms
[2920.824s][info][gc,phases      ] GC(577)   Other: 0.08ms
[2920.824s][info][gc,heap        ] GC(577) Eden regions: 1116->0(1112)
[2920.824s][info][gc,heap        ] GC(577) Survivor regions: 112->108(154)
[2920.824s][info][gc,heap        ] GC(577) Old regions: 505->537
[2920.824s][info][gc,heap        ] GC(577) Humongous regions: 80->80
[2920.824s][info][gc,metaspace   ] GC(577) Metaspace: 28949K(29248K)->28949K(29248K) NonClass: 24071K(24192K)->24071K(24192K) Class: 4877K(5056K)->4877K(5056K)
[2920.824s][info][gc             ] GC(577) Pause Young (Prepare Mixed) (G1 Evacuation Pause) 3622M->1447M(4096M) 116.230ms
[2920.824s][info][gc,cpu         ] GC(577) User=0.69s Sys=0.00s Real=0.11s
....[2924.586s][info][gc,start       ] GC(578) Pause Young (Mixed) (G1 Evacuation Pause)
[2924.586s][info][gc,task        ] GC(578) Using 6 workers of 6 for evacuation
[2924.717s][info][gc,phases      ] GC(578)   Pre Evacuate Collection Set: 0.36ms
[2924.717s][info][gc,phases      ] GC(578)   Merge Heap Roots: 0.69ms
[2924.717s][info][gc,phases      ] GC(578)   Evacuate Collection Set: 129.10ms
[2924.717s][info][gc,phases      ] GC(578)   Post Evacuate Collection Set: 0.93ms
[2924.717s][info][gc,phases      ] GC(578)   Other: 0.09ms
[2924.717s][info][gc,heap        ] GC(578) Eden regions: 1112->0(1120)
[2924.717s][info][gc,heap        ] GC(578) Survivor regions: 108->108(153)
[2924.717s][info][gc,heap        ] GC(578) Old regions: 537->473
[2924.717s][info][gc,heap        ] GC(578) Humongous regions: 80->80
[2924.717s][info][gc,metaspace   ] GC(578) Metaspace: 28949K(29248K)->28949K(29248K) NonClass: 24071K(24192K)->24071K(24192K) Class: 4877K(5056K)->4877K(5056K)
[2924.717s][info][gc             ] GC(578) Pause Young (Mixed) (G1 Evacuation Pause) 3671M->1319M(4096M) 131.293ms
[2924.717s][info][gc,cpu         ] GC(578) User=0.78s Sys=0.00s Real=0.13s
....[2928.471s][info][gc,start       ] GC(579) Pause Young (Concurrent Start) (G1 Evacuation Pause)
[2928.471s][info][gc,task        ] GC(579) Using 6 workers of 6 for evacuation
[2928.592s][info][gc,phases      ] GC(579)   Pre Evacuate Collection Set: 0.38ms
[2928.592s][info][gc,phases      ] GC(579)   Merge Heap Roots: 0.43ms
[2928.592s][info][gc,phases      ] GC(579)   Evacuate Collection Set: 119.50ms
[2928.592s][info][gc,phases      ] GC(579)   Post Evacuate Collection Set: 0.74ms
[2928.592s][info][gc,phases      ] GC(579)   Other: 0.13ms
[2928.592s][info][gc,heap        ] GC(579) Eden regions: 1120->0(1116)
[2928.592s][info][gc,heap        ] GC(579) Survivor regions: 108->112(154)
[2928.592s][info][gc,heap        ] GC(579) Old regions: 473->505
[2928.592s][info][gc,heap        ] GC(579) Humongous regions: 80->80
[2928.592s][info][gc,metaspace   ] GC(579) Metaspace: 28949K(29248K)->28949K(29248K) NonClass: 24071K(24192K)->24071K(24192K) Class: 4877K(5056K)->4877K(5056K)
[2928.592s][info][gc             ] GC(579) Pause Young (Concurrent Start) (G1 Evacuation Pause) 3559M->1389M(4096M) 121.311ms
[2928.592s][info][gc             ] GC(580) Concurrent Mark Cycle
[2928.592s][info][gc,marking     ] GC(580) Concurrent Scan Root Regions
[2928.592s][info][gc,cpu         ] GC(579) User=0.72s Sys=0.00s Real=0.12s
[2928.724s][info][gc,marking     ] GC(580) Concurrent Scan Root Regions 131.291ms
[2928.724s][info][gc,marking     ] GC(580) Concurrent Mark
[2928.724s][info][gc,marking     ] GC(580) Concurrent Mark From Roots
[2928.724s][info][gc,task        ] GC(580) Using 2 workers of 2 for marking
[2929.361s][info][gc,marking     ] GC(580) Concurrent Mark From Roots 637.440ms
[2929.361s][info][gc,marking     ] GC(580) Concurrent Preclean
[2929.361s][info][gc,marking     ] GC(580) Concurrent Preclean 0.098ms
[2929.362s][info][gc,start       ] GC(580) Pause Remark
[2929.364s][info][gc             ] GC(580) Pause Remark 1903M->1903M(4096M) 2.584ms
[2929.364s][info][gc,cpu         ] GC(580) User=0.01s Sys=0.00s Real=0.00s
[2929.364s][info][gc,marking     ] GC(580) Concurrent Mark 640.498ms
[2929.364s][info][gc,marking     ] GC(580) Concurrent Rebuild Remembered Sets and Scrub Regions
.[2929.602s][info][gc,marking     ] GC(580) Concurrent Rebuild Remembered Sets and Scrub Regions 237.716ms
[2929.602s][info][gc,start       ] GC(580) Pause Cleanup
[2929.602s][info][gc             ] GC(580) Pause Cleanup 2051M->2051M(4096M) 0.096ms
[2929.602s][info][gc,cpu         ] GC(580) User=0.00s Sys=0.00s Real=0.00s
[2929.602s][info][gc,marking     ] GC(580) Concurrent Clear Claimed Marks
[2929.602s][info][gc,marking     ] GC(580) Concurrent Clear Claimed Marks 0.023ms
[2929.602s][info][gc,marking     ] GC(580) Concurrent Cleanup for Next Mark
[2929.607s][info][gc,marking     ] GC(580) Concurrent Cleanup for Next Mark 4.438ms
[2929.607s][info][gc             ] GC(580) Concurrent Mark Cycle 1014.418ms
..[2932.306s][info][gc,start       ] GC(581) Pause Young (Prepare Mixed) (G1 Evacuation Pause)
[2932.306s][info][gc,task        ] GC(581) Using 6 workers of 6 for evacuation
[2932.423s][info][gc,phases      ] GC(581)   Pre Evacuate Collection Set: 0.33ms
[2932.423s][info][gc,phases      ] GC(581)   Merge Heap Roots: 0.51ms
[2932.423s][info][gc,phases      ] GC(581)   Evacuate Collection Set: 115.32ms
[2932.423s][info][gc,phases      ] GC(581)   Post Evacuate Collection Set: 0.90ms
[2932.424s][info][gc,phases      ] GC(581)   Other: 0.09ms
[2932.424s][info][gc,heap        ] GC(581) Eden regions: 1116->0(1112)
[2932.424s][info][gc,heap        ] GC(581) Survivor regions: 112->108(154)
[2932.424s][info][gc,heap        ] GC(581) Old regions: 505->537
[2932.424s][info][gc,heap        ] GC(581) Humongous regions: 80->80
[2932.424s][info][gc,metaspace   ] GC(581) Metaspace: 28949K(29248K)->28949K(29248K) NonClass: 24071K(24192K)->24071K(24192K) Class: 4877K(5056K)->4877K(5056K)
[2932.424s][info][gc             ] GC(581) Pause Young (Prepare Mixed) (G1 Evacuation Pause) 3621M->1445M(4096M) 117.290ms
[2932.424s][info][gc,cpu         ] GC(581) User=0.70s Sys=0.00s Real=0.11s
....[2936.249s][info][gc,start       ] GC(582) Pause Young (Mixed) (G1 Evacuation Pause)
[2936.249s][info][gc,task        ] GC(582) Using 6 workers of 6 for evacuation
[2936.381s][info][gc,phases      ] GC(582)   Pre Evacuate Collection Set: 0.34ms
[2936.381s][info][gc,phases      ] GC(582)   Merge Heap Roots: 0.77ms
[2936.381s][info][gc,phases      ] GC(582)   Evacuate Collection Set: 130.66ms
[2936.381s][info][gc,phases      ] GC(582)   Post Evacuate Collection Set: 0.95ms
[2936.381s][info][gc,phases      ] GC(582)   Other: 0.09ms
[2936.381s][info][gc,heap        ] GC(582) Eden regions: 1112->0(1119)
[2936.381s][info][gc,heap        ] GC(582) Survivor regions: 108->109(153)
[2936.381s][info][gc,heap        ] GC(582) Old regions: 537->472
[2936.382s][info][gc,heap        ] GC(582) Humongous regions: 80->80
[2936.382s][info][gc,metaspace   ] GC(582) Metaspace: 28949K(29248K)->28949K(29248K) NonClass: 24071K(24192K)->24071K(24192K) Class: 4877K(5056K)->4877K(5056K)
[2936.382s][info][gc             ] GC(582) Pause Young (Mixed) (G1 Evacuation Pause) 3669M->1319M(4096M) 132.950ms
[2936.382s][info][gc,cpu         ] GC(582) User=0.79s Sys=0.01s Real=0.13s
.. (rIR:aIR:PR = 4843:4843:4843) (tPR = 71702) [OK] 
  2937s: Performance info:
         Transaction,    Success,    Partial,     Failed,   Receipts, AvgBarcode, 
             Overall,     291637,          0,          0,     277068,      59.47, 
         Response times:
             Request,    Success,    Partial,     Failed,   SkipFail,     Probes,    Samples,      min,      p50,      p90,      p95,      p99,      max, 
       TotalPurchase,     277068,          0,          0,          0,     272628,     304787,      300,     3700,     6900,    13700,    58000,   221000,
     InStorePurchase,     145830,          0,          0,          0,     143914,     160841,      300,     3400,     6800,    13100,    56000,   221000,
      OnlinePurchase,     102057,          0,          0,          0,     100285,     111912,      300,     3900,     7200,    14400,    61000,   221000,
        InstPurchase,      29181,          0,          0,          0,      28429,      32034,      400,     4200,     7300,    14000,    60000,   201000,
          AssocOfCat,        291,          0,          0,          0,        224,        314,    20000,    32000,    50500,    73750,   137250,   243000,
      AssocOfProduct,       2921,          0,          0,          0,       2681,       3106,      400,     4400,     7500,    18765,    62930,   140000,
      BusinessReport,        728,          0,          0,          0,        619,        803,    22000,    35000,    59000,    80600,   168920,   221000,
          CustBuyBeh,       2912,          0,          0,          0,       2723,       3227,      200,     3900,     7200,    14000,    63000,   139000,
       ProductReturn,       7717,          0,          0,          0,       7339,       8416,      200,     3600,     6700,    12400,    52830,   159000,

  2937s: (36%)   IR =   4981 ..[2940.005s][info][gc,start       ] GC(583) Pause Young (Concurrent Start) (G1 Evacuation Pause)
[2940.005s][info][gc,task        ] GC(583) Using 6 workers of 6 for evacuation
[2940.126s][info][gc,phases      ] GC(583)   Pre Evacuate Collection Set: 0.36ms
[2940.126s][info][gc,phases      ] GC(583)   Merge Heap Roots: 0.44ms
[2940.126s][info][gc,phases      ] GC(583)   Evacuate Collection Set: 118.89ms
[2940.126s][info][gc,phases      ] GC(583)   Post Evacuate Collection Set: 0.85ms
[2940.126s][info][gc,phases      ] GC(583)   Other: 0.12ms
[2940.126s][info][gc,heap        ] GC(583) Eden regions: 1119->0(1116)
[2940.126s][info][gc,heap        ] GC(583) Survivor regions: 109->112(154)
[2940.126s][info][gc,heap        ] GC(583) Old regions: 472->504
[2940.126s][info][gc,heap        ] GC(583) Humongous regions: 80->80
[2940.126s][info][gc,metaspace   ] GC(583) Metaspace: 28949K(29248K)->28949K(29248K) NonClass: 24071K(24192K)->24071K(24192K) Class: 4877K(5056K)->4877K(5056K)
[2940.126s][info][gc             ] GC(583) Pause Young (Concurrent Start) (G1 Evacuation Pause) 3557M->1389M(4096M) 120.801ms
[2940.126s][info][gc             ] GC(584) Concurrent Mark Cycle
[2940.126s][info][gc,marking     ] GC(584) Concurrent Scan Root Regions
[2940.126s][info][gc,cpu         ] GC(583) User=0.71s Sys=0.00s Real=0.12s
[2940.258s][info][gc,marking     ] GC(584) Concurrent Scan Root Regions 132.134ms
[2940.258s][info][gc,marking     ] GC(584) Concurrent Mark
[2940.258s][info][gc,marking     ] GC(584) Concurrent Mark From Roots
[2940.258s][info][gc,task        ] GC(584) Using 2 workers of 2 for marking
.[2940.887s][info][gc,marking     ] GC(584) Concurrent Mark From Roots 628.765ms
[2940.887s][info][gc,marking     ] GC(584) Concurrent Preclean
[2940.887s][info][gc,marking     ] GC(584) Concurrent Preclean 0.097ms
[2940.887s][info][gc,start       ] GC(584) Pause Remark
[2940.890s][info][gc             ] GC(584) Pause Remark 1883M->1883M(4096M) 2.515ms
[2940.890s][info][gc,cpu         ] GC(584) User=0.01s Sys=0.00s Real=0.00s
[2940.890s][info][gc,marking     ] GC(584) Concurrent Mark 631.620ms
[2940.890s][info][gc,marking     ] GC(584) Concurrent Rebuild Remembered Sets and Scrub Regions
[2941.124s][info][gc,marking     ] GC(584) Concurrent Rebuild Remembered Sets and Scrub Regions 234.677ms
[2941.125s][info][gc,start       ] GC(584) Pause Cleanup
[2941.125s][info][gc             ] GC(584) Pause Cleanup 2035M->2035M(4096M) 0.097ms
[2941.125s][info][gc,cpu         ] GC(584) User=0.00s Sys=0.00s Real=0.00s
[2941.125s][info][gc,marking     ] GC(584) Concurrent Clear Claimed Marks
[2941.125s][info][gc,marking     ] GC(584) Concurrent Clear Claimed Marks 0.022ms
[2941.125s][info][gc,marking     ] GC(584) Concurrent Cleanup for Next Mark
[2941.128s][info][gc,marking     ] GC(584) Concurrent Cleanup for Next Mark 3.133ms
[2941.128s][info][gc             ] GC(584) Concurrent Mark Cycle 1001.963ms
.|..[2943.761s][info][gc,start       ] GC(585) Pause Young (Prepare Mixed) (G1 Evacuation Pause)
[2943.762s][info][gc,task        ] GC(585) Using 6 workers of 6 for evacuation
[2943.880s][info][gc,phases      ] GC(585)   Pre Evacuate Collection Set: 0.31ms
[2943.880s][info][gc,phases      ] GC(585)   Merge Heap Roots: 0.58ms
[2943.880s][info][gc,phases      ] GC(585)   Evacuate Collection Set: 116.98ms
[2943.880s][info][gc,phases      ] GC(585)   Post Evacuate Collection Set: 0.92ms
[2943.880s][info][gc,phases      ] GC(585)   Other: 0.08ms
[2943.880s][info][gc,heap        ] GC(585) Eden regions: 1116->0(1108)
[2943.880s][info][gc,heap        ] GC(585) Survivor regions: 112->110(154)
[2943.880s][info][gc,heap        ] GC(585) Old regions: 504->537
[2943.880s][info][gc,heap        ] GC(585) Humongous regions: 80->80
[2943.880s][info][gc,metaspace   ] GC(585) Metaspace: 28949K(29248K)->28949K(29248K) NonClass: 24071K(24192K)->24071K(24192K) Class: 4877K(5056K)->4877K(5056K)
[2943.880s][info][gc             ] GC(585) Pause Young (Prepare Mixed) (G1 Evacuation Pause) 3621M->1450M(4096M) 119.027ms
[2943.881s][info][gc,cpu         ] GC(585) User=0.71s Sys=0.00s Real=0.12s
....[2947.587s][info][gc,start       ] GC(586) Pause Young (Mixed) (G1 Evacuation Pause)
[2947.587s][info][gc,task        ] GC(586) Using 6 workers of 6 for evacuation
[2947.720s][info][gc,phases      ] GC(586)   Pre Evacuate Collection Set: 0.37ms
[2947.720s][info][gc,phases      ] GC(586)   Merge Heap Roots: 0.71ms
[2947.720s][info][gc,phases      ] GC(586)   Evacuate Collection Set: 130.17ms
[2947.720s][info][gc,phases      ] GC(586)   Post Evacuate Collection Set: 0.97ms
[2947.720s][info][gc,phases      ] GC(586)   Other: 0.09ms
[2947.720s][info][gc,heap        ] GC(586) Eden regions: 1108->0(1119)
[2947.720s][info][gc,heap        ] GC(586) Survivor regions: 110->109(153)
[2947.720s][info][gc,heap        ] GC(586) Old regions: 537->475
[2947.720s][info][gc,heap        ] GC(586) Humongous regions: 80->80
[2947.720s][info][gc,metaspace   ] GC(586) Metaspace: 28949K(29248K)->28949K(29248K) NonClass: 24071K(24192K)->24071K(24192K) Class: 4877K(5056K)->4877K(5056K)
[2947.720s][info][gc             ] GC(586) Pause Young (Mixed) (G1 Evacuation Pause) 3666M->1324M(4096M) 132.430ms
[2947.720s][info][gc,cpu         ] GC(586) User=0.79s Sys=0.00s Real=0.13s
...[2951.323s][info][gc,start       ] GC(587) Pause Young (Concurrent Start) (G1 Evacuation Pause)
[2951.323s][info][gc,task        ] GC(587) Using 6 workers of 6 for evacuation
[2951.438s][info][gc,phases      ] GC(587)   Pre Evacuate Collection Set: 0.40ms
[2951.438s][info][gc,phases      ] GC(587)   Merge Heap Roots: 0.46ms
[2951.438s][info][gc,phases      ] GC(587)   Evacuate Collection Set: 113.65ms
[2951.438s][info][gc,phases      ] GC(587)   Post Evacuate Collection Set: 0.88ms
[2951.438s][info][gc,phases      ] GC(587)   Other: 0.12ms
[2951.438s][info][gc,heap        ] GC(587) Eden regions: 1119->0(1119)
[2951.438s][info][gc,heap        ] GC(587) Survivor regions: 109->109(154)
[2951.438s][info][gc,heap        ] GC(587) Old regions: 475->507
[2951.438s][info][gc,heap        ] GC(587) Humongous regions: 80->80
[2951.439s][info][gc,metaspace   ] GC(587) Metaspace: 28949K(29248K)->28949K(29248K) NonClass: 24071K(24192K)->24071K(24192K) Class: 4877K(5056K)->4877K(5056K)
[2951.439s][info][gc             ] GC(587) Pause Young (Concurrent Start) (G1 Evacuation Pause) 3562M->1387M(4096M) 115.666ms
[2951.439s][info][gc             ] GC(588) Concurrent Mark Cycle
[2951.439s][info][gc,marking     ] GC(588) Concurrent Scan Root Regions
[2951.439s][info][gc,cpu         ] GC(587) User=0.69s Sys=0.00s Real=0.12s
.[2951.576s][info][gc,marking     ] GC(588) Concurrent Scan Root Regions 137.869ms
[2951.576s][info][gc,marking     ] GC(588) Concurrent Mark
[2951.576s][info][gc,marking     ] GC(588) Concurrent Mark From Roots
[2951.577s][info][gc,task        ] GC(588) Using 2 workers of 2 for marking
[2952.217s][info][gc,marking     ] GC(588) Concurrent Mark From Roots 640.586ms
[2952.217s][info][gc,marking     ] GC(588) Concurrent Preclean
[2952.217s][info][gc,marking     ] GC(588) Concurrent Preclean 0.126ms
[2952.217s][info][gc,start       ] GC(588) Pause Remark
[2952.220s][info][gc             ] GC(588) Pause Remark 1902M->1902M(4096M) 2.932ms
[2952.220s][info][gc,cpu         ] GC(588) User=0.02s Sys=0.00s Real=0.00s
[2952.220s][info][gc,marking     ] GC(588) Concurrent Mark 643.898ms
[2952.220s][info][gc,marking     ] GC(588) Concurrent Rebuild Remembered Sets and Scrub Regions
[2952.455s][info][gc,marking     ] GC(588) Concurrent Rebuild Remembered Sets and Scrub Regions 234.846ms
[2952.455s][info][gc,start       ] GC(588) Pause Cleanup
[2952.456s][info][gc             ] GC(588) Pause Cleanup 2051M->2051M(4096M) 0.113ms
[2952.456s][info][gc,cpu         ] GC(588) User=0.00s Sys=0.00s Real=0.00s
[2952.456s][info][gc,marking     ] GC(588) Concurrent Clear Claimed Marks
[2952.456s][info][gc,marking     ] GC(588) Concurrent Clear Claimed Marks 0.028ms
[2952.456s][info][gc,marking     ] GC(588) Concurrent Cleanup for Next Mark
[2952.460s][info][gc,marking     ] GC(588) Concurrent Cleanup for Next Mark 4.137ms
[2952.460s][info][gc             ] GC(588) Concurrent Mark Cycle 1021.252ms
...[2955.099s][info][gc,start       ] GC(589) Pause Young (Prepare Mixed) (G1 Evacuation Pause)
[2955.099s][info][gc,task        ] GC(589) Using 6 workers of 6 for evacuation
[2955.216s][info][gc,phases      ] GC(589)   Pre Evacuate Collection Set: 0.36ms
[2955.216s][info][gc,phases      ] GC(589)   Merge Heap Roots: 0.53ms
[2955.216s][info][gc,phases      ] GC(589)   Evacuate Collection Set: 114.88ms
[2955.216s][info][gc,phases      ] GC(589)   Post Evacuate Collection Set: 0.91ms
[2955.216s][info][gc,phases      ] GC(589)   Other: 0.09ms
[2955.216s][info][gc,heap        ] GC(589) Eden regions: 1119->0(1111)
[2955.216s][info][gc,heap        ] GC(589) Survivor regions: 109->107(154)
[2955.216s][info][gc,heap        ] GC(589) Old regions: 507->540
[2955.216s][info][gc,heap        ] GC(589) Humongous regions: 80->80
[2955.216s][info][gc,metaspace   ] GC(589) Metaspace: 28949K(29248K)->28949K(29248K) NonClass: 24071K(24192K)->24071K(24192K) Class: 4877K(5056K)->4877K(5056K)
[2955.216s][info][gc             ] GC(589) Pause Young (Prepare Mixed) (G1 Evacuation Pause) 3625M->1450M(4096M) 116.910ms
[2955.216s][info][gc,cpu         ] GC(589) User=0.70s Sys=0.00s Real=0.12s
....[2958.876s][info][gc,start       ] GC(590) Pause Young (Mixed) (G1 Evacuation Pause)
[2958.876s][info][gc,task        ] GC(590) Using 6 workers of 6 for evacuation
[2959.009s][info][gc,phases      ] GC(590)   Pre Evacuate Collection Set: 0.38ms
[2959.009s][info][gc,phases      ] GC(590)   Merge Heap Roots: 0.71ms
[2959.009s][info][gc,phases      ] GC(590)   Evacuate Collection Set: 131.13ms
[2959.009s][info][gc,phases      ] GC(590)   Post Evacuate Collection Set: 0.93ms
[2959.009s][info][gc,phases      ] GC(590)   Other: 0.09ms
[2959.009s][info][gc,heap        ] GC(590) Eden regions: 1111->0(1117)
[2959.009s][info][gc,heap        ] GC(590) Survivor regions: 107->111(153)
[2959.009s][info][gc,heap        ] GC(590) Old regions: 540->473
[2959.009s][info][gc,heap        ] GC(590) Humongous regions: 80->80
[2959.009s][info][gc,metaspace   ] GC(590) Metaspace: 28949K(29248K)->28949K(29248K) NonClass: 24071K(24192K)->24071K(24192K) Class: 4877K(5056K)->4877K(5056K)
[2959.009s][info][gc             ] GC(590) Pause Young (Mixed) (G1 Evacuation Pause) 3672M->1323M(4096M) 133.369ms
[2959.009s][info][gc,cpu         ] GC(590) User=0.79s Sys=0.00s Real=0.13s
...[2962.584s][info][gc,start       ] GC(591) Pause Young (Concurrent Start) (G1 Evacuation Pause)
[2962.584s][info][gc,task        ] GC(591) Using 6 workers of 6 for evacuation
[2962.700s][info][gc,phases      ] GC(591)   Pre Evacuate Collection Set: 0.38ms
[2962.700s][info][gc,phases      ] GC(591)   Merge Heap Roots: 0.47ms
[2962.700s][info][gc,phases      ] GC(591)   Evacuate Collection Set: 114.22ms
[2962.700s][info][gc,phases      ] GC(591)   Post Evacuate Collection Set: 0.88ms
[2962.700s][info][gc,phases      ] GC(591)   Other: 0.12ms
[2962.700s][info][gc,heap        ] GC(591) Eden regions: 1117->0(1121)
[2962.700s][info][gc,heap        ] GC(591) Survivor regions: 111->107(154)
[2962.700s][info][gc,heap        ] GC(591) Old regions: 473->505
[2962.700s][info][gc,heap        ] GC(591) Humongous regions: 80->80
[2962.700s][info][gc,metaspace   ] GC(591) Metaspace: 28949K(29248K)->28949K(29248K) NonClass: 24071K(24192K)->24071K(24192K) Class: 4877K(5056K)->4877K(5056K)
[2962.700s][info][gc             ] GC(591) Pause Young (Concurrent Start) (G1 Evacuation Pause) 3557M->1380M(4096M) 116.220ms
[2962.700s][info][gc             ] GC(592) Concurrent Mark Cycle
[2962.700s][info][gc,marking     ] GC(592) Concurrent Scan Root Regions
[2962.700s][info][gc,cpu         ] GC(591) User=0.69s Sys=0.00s Real=0.12s
.[2962.863s][info][gc,marking     ] GC(592) Concurrent Scan Root Regions 163.254ms
[2962.863s][info][gc,marking     ] GC(592) Concurrent Mark
[2962.863s][info][gc,marking     ] GC(592) Concurrent Mark From Roots
[2962.863s][info][gc,task        ] GC(592) Using 2 workers of 2 for marking
[2963.593s][info][gc,marking     ] GC(592) Concurrent Mark From Roots 729.432ms
[2963.593s][info][gc,marking     ] GC(592) Concurrent Preclean
[2963.593s][info][gc,marking     ] GC(592) Concurrent Preclean 0.132ms
[2963.593s][info][gc,start       ] GC(592) Pause Remark
[2963.596s][info][gc             ] GC(592) Pause Remark 1958M->1958M(4096M) 3.109ms
[2963.596s][info][gc,cpu         ] GC(592) User=0.01s Sys=0.00s Real=0.01s
[2963.596s][info][gc,marking     ] GC(592) Concurrent Mark 732.902ms
[2963.596s][info][gc,marking     ] GC(592) Concurrent Rebuild Remembered Sets and Scrub Regions
.[2963.835s][info][gc,marking     ] GC(592) Concurrent Rebuild Remembered Sets and Scrub Regions 238.906ms
[2963.835s][info][gc,start       ] GC(592) Pause Cleanup
[2963.836s][info][gc             ] GC(592) Pause Cleanup 2104M->2104M(4096M) 0.109ms
[2963.836s][info][gc,cpu         ] GC(592) User=0.00s Sys=0.00s Real=0.00s
[2963.836s][info][gc,marking     ] GC(592) Concurrent Clear Claimed Marks
[2963.836s][info][gc,marking     ] GC(592) Concurrent Clear Claimed Marks 0.028ms
[2963.836s][info][gc,marking     ] GC(592) Concurrent Cleanup for Next Mark
[2963.839s][info][gc,marking     ] GC(592) Concurrent Cleanup for Next Mark 3.887ms
[2963.840s][info][gc             ] GC(592) Concurrent Mark Cycle 1139.405ms
..[2966.351s][info][gc,start       ] GC(593) Pause Young (Prepare Mixed) (G1 Evacuation Pause)
[2966.351s][info][gc,task        ] GC(593) Using 6 workers of 6 for evacuation
[2966.466s][info][gc,phases      ] GC(593)   Pre Evacuate Collection Set: 0.31ms
[2966.466s][info][gc,phases      ] GC(593)   Merge Heap Roots: 0.50ms
[2966.466s][info][gc,phases      ] GC(593)   Evacuate Collection Set: 113.38ms
[2966.466s][info][gc,phases      ] GC(593)   Post Evacuate Collection Set: 0.92ms
[2966.466s][info][gc,phases      ] GC(593)   Other: 0.09ms
[2966.466s][info][gc,heap        ] GC(593) Eden regions: 1121->0(1113)
[2966.466s][info][gc,heap        ] GC(593) Survivor regions: 107->108(154)
[2966.466s][info][gc,heap        ] GC(593) Old regions: 505->536
[2966.466s][info][gc,heap        ] GC(593) Humongous regions: 80->80
[2966.466s][info][gc,metaspace   ] GC(593) Metaspace: 28949K(29248K)->28949K(29248K) NonClass: 24071K(24192K)->24071K(24192K) Class: 4877K(5056K)->4877K(5056K)
[2966.466s][info][gc             ] GC(593) Pause Young (Prepare Mixed) (G1 Evacuation Pause) 3622M->1445M(4096M) 115.356ms
[2966.467s][info][gc,cpu         ] GC(593) User=0.69s Sys=0.00s Real=0.12s
....[2970.185s][info][gc,start       ] GC(594) Pause Young (Mixed) (G1 Evacuation Pause)
[2970.185s][info][gc,task        ] GC(594) Using 6 workers of 6 for evacuation
[2970.318s][info][gc,phases      ] GC(594)   Pre Evacuate Collection Set: 0.33ms
[2970.318s][info][gc,phases      ] GC(594)   Merge Heap Roots: 0.73ms
[2970.318s][info][gc,phases      ] GC(594)   Evacuate Collection Set: 130.36ms
[2970.318s][info][gc,phases      ] GC(594)   Post Evacuate Collection Set: 0.93ms
[2970.318s][info][gc,phases      ] GC(594)   Other: 0.09ms
[2970.318s][info][gc,heap        ] GC(594) Eden regions: 1113->0(1120)
[2970.318s][info][gc,heap        ] GC(594) Survivor regions: 108->108(153)
[2970.318s][info][gc,heap        ] GC(594) Old regions: 536->473
[2970.318s][info][gc,heap        ] GC(594) Humongous regions: 80->80
[2970.318s][info][gc,metaspace   ] GC(594) Metaspace: 28949K(29248K)->28949K(29248K) NonClass: 24071K(24192K)->24071K(24192K) Class: 4877K(5056K)->4877K(5056K)
[2970.318s][info][gc             ] GC(594) Pause Young (Mixed) (G1 Evacuation Pause) 3671M->1319M(4096M) 132.567ms
[2970.318s][info][gc,cpu         ] GC(594) User=0.79s Sys=0.00s Real=0.13s
....[2973.922s][info][gc,start       ] GC(595) Pause Young (Concurrent Start) (G1 Evacuation Pause)
[2973.922s][info][gc,task        ] GC(595) Using 6 workers of 6 for evacuation
[2974.043s][info][gc,phases      ] GC(595)   Pre Evacuate Collection Set: 0.42ms
[2974.043s][info][gc,phases      ] GC(595)   Merge Heap Roots: 0.47ms
[2974.043s][info][gc,phases      ] GC(595)   Evacuate Collection Set: 118.49ms
[2974.043s][info][gc,phases      ] GC(595)   Post Evacuate Collection Set: 0.84ms
[2974.043s][info][gc,phases      ] GC(595)   Other: 0.11ms
[2974.043s][info][gc,heap        ] GC(595) Eden regions: 1120->0(1116)
[2974.043s][info][gc,heap        ] GC(595) Survivor regions: 108->112(154)
[2974.043s][info][gc,heap        ] GC(595) Old regions: 473->505
[2974.043s][info][gc,heap        ] GC(595) Humongous regions: 80->80
[2974.043s][info][gc,metaspace   ] GC(595) Metaspace: 28949K(29248K)->28949K(29248K) NonClass: 24071K(24192K)->24071K(24192K) Class: 4877K(5056K)->4877K(5056K)
[2974.043s][info][gc             ] GC(595) Pause Young (Concurrent Start) (G1 Evacuation Pause) 3559M->1390M(4096M) 120.473ms
[2974.043s][info][gc             ] GC(596) Concurrent Mark Cycle
[2974.043s][info][gc,marking     ] GC(596) Concurrent Scan Root Regions
[2974.043s][info][gc,cpu         ] GC(595) User=0.71s Sys=0.00s Real=0.12s
[2974.180s][info][gc,marking     ] GC(596) Concurrent Scan Root Regions 137.583ms
[2974.180s][info][gc,marking     ] GC(596) Concurrent Mark
[2974.180s][info][gc,marking     ] GC(596) Concurrent Mark From Roots
[2974.180s][info][gc,task        ] GC(596) Using 2 workers of 2 for marking
[2974.824s][info][gc,marking     ] GC(596) Concurrent Mark From Roots 643.307ms
[2974.824s][info][gc,marking     ] GC(596) Concurrent Preclean
[2974.824s][info][gc,marking     ] GC(596) Concurrent Preclean 0.135ms
[2974.827s][info][gc,start       ] GC(596) Pause Remark
[2974.830s][info][gc             ] GC(596) Pause Remark 1928M->1928M(4096M) 3.098ms
[2974.830s][info][gc,cpu         ] GC(596) User=0.01s Sys=0.00s Real=0.00s
[2974.830s][info][gc,marking     ] GC(596) Concurrent Mark 649.601ms
[2974.830s][info][gc,marking     ] GC(596) Concurrent Rebuild Remembered Sets and Scrub Regions
.[2975.071s][info][gc,marking     ] GC(596) Concurrent Rebuild Remembered Sets and Scrub Regions 240.491ms
[2975.071s][info][gc,start       ] GC(596) Pause Cleanup
[2975.071s][info][gc             ] GC(596) Pause Cleanup 2079M->2079M(4096M) 0.114ms
[2975.071s][info][gc,cpu         ] GC(596) User=0.00s Sys=0.00s Real=0.00s
[2975.071s][info][gc,marking     ] GC(596) Concurrent Clear Claimed Marks
[2975.071s][info][gc,marking     ] GC(596) Concurrent Clear Claimed Marks 0.036ms
[2975.071s][info][gc,marking     ] GC(596) Concurrent Cleanup for Next Mark
[2975.076s][info][gc,marking     ] GC(596) Concurrent Cleanup for Next Mark 4.595ms
[2975.076s][info][gc             ] GC(596) Concurrent Mark Cycle 1033.418ms
..[2977.710s][info][gc,start       ] GC(597) Pause Young (Prepare Mixed) (G1 Evacuation Pause)
[2977.710s][info][gc,task        ] GC(597) Using 6 workers of 6 for evacuation
[2977.830s][info][gc,phases      ] GC(597)   Pre Evacuate Collection Set: 0.31ms
[2977.830s][info][gc,phases      ] GC(597)   Merge Heap Roots: 0.57ms
[2977.830s][info][gc,phases      ] GC(597)   Evacuate Collection Set: 118.18ms
[2977.830s][info][gc,phases      ] GC(597)   Post Evacuate Collection Set: 0.90ms
[2977.830s][info][gc,phases      ] GC(597)   Other: 0.09ms
[2977.830s][info][gc,heap        ] GC(597) Eden regions: 1116->0(1106)
[2977.830s][info][gc,heap        ] GC(597) Survivor regions: 112->111(154)
[2977.830s][info][gc,heap        ] GC(597) Old regions: 505->537
[2977.830s][info][gc,heap        ] GC(597) Humongous regions: 80->80
[2977.830s][info][gc,metaspace   ] GC(597) Metaspace: 28949K(29248K)->28949K(29248K) NonClass: 24071K(24192K)->24071K(24192K) Class: 4877K(5056K)->4877K(5056K)
[2977.830s][info][gc             ] GC(597) Pause Young (Prepare Mixed) (G1 Evacuation Pause) 3622M->1451M(4096M) 120.187ms
[2977.830s][info][gc,cpu         ] GC(597) User=0.72s Sys=0.00s Real=0.12s
....[2981.382s][info][gc,start       ] GC(598) Pause Young (Mixed) (G1 Evacuation Pause)
[2981.382s][info][gc,task        ] GC(598) Using 6 workers of 6 for evacuation
[2981.517s][info][gc,phases      ] GC(598)   Pre Evacuate Collection Set: 0.32ms
[2981.517s][info][gc,phases      ] GC(598)   Merge Heap Roots: 0.74ms
[2981.517s][info][gc,phases      ] GC(598)   Evacuate Collection Set: 132.31ms
[2981.517s][info][gc,phases      ] GC(598)   Post Evacuate Collection Set: 0.98ms
[2981.517s][info][gc,phases      ] GC(598)   Other: 0.10ms
[2981.517s][info][gc,heap        ] GC(598) Eden regions: 1106->0(1119)
[2981.517s][info][gc,heap        ] GC(598) Survivor regions: 111->109(153)
[2981.517s][info][gc,heap        ] GC(598) Old regions: 537->474
[2981.517s][info][gc,heap        ] GC(598) Humongous regions: 80->80
[2981.517s][info][gc,metaspace   ] GC(598) Metaspace: 28949K(29248K)->28949K(29248K) NonClass: 24071K(24192K)->24071K(24192K) Class: 4877K(5056K)->4877K(5056K)
[2981.517s][info][gc             ] GC(598) Pause Young (Mixed) (G1 Evacuation Pause) 3663M->1322M(4096M) 134.601ms
[2981.517s][info][gc,cpu         ] GC(598) User=0.80s Sys=0.00s Real=0.14s
....[2985.182s][info][gc,start       ] GC(599) Pause Young (Concurrent Start) (G1 Evacuation Pause)
[2985.182s][info][gc,task        ] GC(599) Using 6 workers of 6 for evacuation
[2985.297s][info][gc,phases      ] GC(599)   Pre Evacuate Collection Set: 0.42ms
[2985.297s][info][gc,phases      ] GC(599)   Merge Heap Roots: 0.49ms
[2985.297s][info][gc,phases      ] GC(599)   Evacuate Collection Set: 112.83ms
[2985.297s][info][gc,phases      ] GC(599)   Post Evacuate Collection Set: 0.87ms
[2985.297s][info][gc,phases      ] GC(599)   Other: 0.11ms
[2985.297s][info][gc,heap        ] GC(599) Eden regions: 1119->0(1121)
[2985.297s][info][gc,heap        ] GC(599) Survivor regions: 109->107(154)
[2985.297s][info][gc,heap        ] GC(599) Old regions: 474->506
[2985.297s][info][gc,heap        ] GC(599) Humongous regions: 80->80
[2985.297s][info][gc,metaspace   ] GC(599) Metaspace: 28949K(29248K)->28949K(29248K) NonClass: 24071K(24192K)->24071K(24192K) Class: 4877K(5056K)->4877K(5056K)
[2985.297s][info][gc             ] GC(599) Pause Young (Concurrent Start) (G1 Evacuation Pause) 3560M->1382M(4096M) 114.861ms
[2985.297s][info][gc             ] GC(600) Concurrent Mark Cycle
[2985.297s][info][gc,marking     ] GC(600) Concurrent Scan Root Regions
[2985.297s][info][gc,cpu         ] GC(599) User=0.69s Sys=0.00s Real=0.12s
[2985.429s][info][gc,marking     ] GC(600) Concurrent Scan Root Regions 132.184ms
[2985.430s][info][gc,marking     ] GC(600) Concurrent Mark
[2985.430s][info][gc,marking     ] GC(600) Concurrent Mark From Roots
[2985.430s][info][gc,task        ] GC(600) Using 2 workers of 2 for marking
.[2986.092s][info][gc,marking     ] GC(600) Concurrent Mark From Roots 661.958ms
[2986.092s][info][gc,marking     ] GC(600) Concurrent Preclean
[2986.092s][info][gc,marking     ] GC(600) Concurrent Preclean 0.136ms
[2986.092s][info][gc,start       ] GC(600) Pause Remark
[2986.095s][info][gc             ] GC(600) Pause Remark 1947M->1947M(4096M) 2.689ms
[2986.095s][info][gc,cpu         ] GC(600) User=0.02s Sys=0.00s Real=0.01s
[2986.095s][info][gc,marking     ] GC(600) Concurrent Mark 665.770ms
[2986.095s][info][gc,marking     ] GC(600) Concurrent Rebuild Remembered Sets and Scrub Regions
[2986.336s][info][gc,marking     ] GC(600) Concurrent Rebuild Remembered Sets and Scrub Regions 240.460ms
[2986.336s][info][gc,start       ] GC(600) Pause Cleanup
[2986.336s][info][gc             ] GC(600) Pause Cleanup 2100M->2100M(4096M) 0.107ms
[2986.336s][info][gc,cpu         ] GC(600) User=0.00s Sys=0.00s Real=0.00s
[2986.336s][info][gc,marking     ] GC(600) Concurrent Clear Claimed Marks
[2986.336s][info][gc,marking     ] GC(600) Concurrent Clear Claimed Marks 0.024ms
[2986.336s][info][gc,marking     ] GC(600) Concurrent Cleanup for Next Mark
[2986.340s][info][gc,marking     ] GC(600) Concurrent Cleanup for Next Mark 3.714ms
[2986.340s][info][gc             ] GC(600) Concurrent Mark Cycle 1042.633ms
..[2988.933s][info][gc,start       ] GC(601) Pause Young (Prepare Mixed) (G1 Evacuation Pause)
[2988.933s][info][gc,task        ] GC(601) Using 6 workers of 6 for evacuation
[2989.050s][info][gc,phases      ] GC(601)   Pre Evacuate Collection Set: 0.36ms
[2989.050s][info][gc,phases      ] GC(601)   Merge Heap Roots: 0.56ms
[2989.050s][info][gc,phases      ] GC(601)   Evacuate Collection Set: 114.54ms
[2989.050s][info][gc,phases      ] GC(601)   Post Evacuate Collection Set: 0.93ms
[2989.050s][info][gc,phases      ] GC(601)   Other: 0.82ms
[2989.050s][info][gc,heap        ] GC(601) Eden regions: 1121->0(1109)
[2989.050s][info][gc,heap        ] GC(601) Survivor regions: 107->109(154)
[2989.050s][info][gc,heap        ] GC(601) Old regions: 506->538
[2989.050s][info][gc,heap        ] GC(601) Humongous regions: 80->80
[2989.050s][info][gc,metaspace   ] GC(601) Metaspace: 28949K(29248K)->28949K(29248K) NonClass: 24071K(24192K)->24071K(24192K) Class: 4877K(5056K)->4877K(5056K)
[2989.050s][info][gc             ] GC(601) Pause Young (Prepare Mixed) (G1 Evacuation Pause) 3624M->1450M(4096M) 117.327ms
[2989.050s][info][gc,cpu         ] GC(601) User=0.69s Sys=0.00s Real=0.12s
....[2992.710s][info][gc,start       ] GC(602) Pause Young (Mixed) (G1 Evacuation Pause)
[2992.710s][info][gc,task        ] GC(602) Using 6 workers of 6 for evacuation
[2992.842s][info][gc,phases      ] GC(602)   Pre Evacuate Collection Set: 0.38ms
[2992.842s][info][gc,phases      ] GC(602)   Merge Heap Roots: 0.70ms
[2992.842s][info][gc,phases      ] GC(602)   Evacuate Collection Set: 129.75ms
[2992.842s][info][gc,phases      ] GC(602)   Post Evacuate Collection Set: 0.94ms
[2992.842s][info][gc,phases      ] GC(602)   Other: 0.09ms
[2992.842s][info][gc,heap        ] GC(602) Eden regions: 1109->0(1119)
[2992.842s][info][gc,heap        ] GC(602) Survivor regions: 109->109(153)
[2992.842s][info][gc,heap        ] GC(602) Old regions: 538->473
[2992.842s][info][gc,heap        ] GC(602) Humongous regions: 80->80
[2992.842s][info][gc,metaspace   ] GC(602) Metaspace: 28949K(29248K)->28949K(29248K) NonClass: 24071K(24192K)->24071K(24192K) Class: 4877K(5056K)->4877K(5056K)
[2992.842s][info][gc             ] GC(602) Pause Young (Mixed) (G1 Evacuation Pause) 3668M->1320M(4096M) 132.000ms
[2992.842s][info][gc,cpu         ] GC(602) User=0.79s Sys=0.00s Real=0.13s
....[2996.523s][info][gc,start       ] GC(603) Pause Young (Concurrent Start) (G1 Evacuation Pause)
[2996.523s][info][gc,task        ] GC(603) Using 6 workers of 6 for evacuation
[2996.643s][info][gc,phases      ] GC(603)   Pre Evacuate Collection Set: 0.36ms
[2996.643s][info][gc,phases      ] GC(603)   Merge Heap Roots: 0.48ms
[2996.643s][info][gc,phases      ] GC(603)   Evacuate Collection Set: 118.52ms
[2996.643s][info][gc,phases      ] GC(603)   Post Evacuate Collection Set: 0.90ms
[2996.643s][info][gc,phases      ] GC(603)   Other: 0.10ms
[2996.643s][info][gc,heap        ] GC(603) Eden regions: 1119->0(1115)
[2996.643s][info][gc,heap        ] GC(603) Survivor regions: 109->113(154)
[2996.643s][info][gc,heap        ] GC(603) Old regions: 473->505
[2996.643s][info][gc,heap        ] GC(603) Humongous regions: 80->80
[2996.643s][info][gc,metaspace   ] GC(603) Metaspace: 28949K(29248K)->28949K(29248K) NonClass: 24071K(24192K)->24071K(24192K) Class: 4877K(5056K)->4877K(5056K)
[2996.643s][info][gc             ] GC(603) Pause Young (Concurrent Start) (G1 Evacuation Pause) 3558M->1393M(4096M) 120.485ms
[2996.643s][info][gc             ] GC(604) Concurrent Mark Cycle
[2996.644s][info][gc,marking     ] GC(604) Concurrent Scan Root Regions
[2996.644s][info][gc,cpu         ] GC(603) User=0.71s Sys=0.00s Real=0.12s
[2996.777s][info][gc,marking     ] GC(604) Concurrent Scan Root Regions 133.827ms
[2996.777s][info][gc,marking     ] GC(604) Concurrent Mark
[2996.777s][info][gc,marking     ] GC(604) Concurrent Mark From Roots
[2996.777s][info][gc,task        ] GC(604) Using 2 workers of 2 for marking
.[2997.426s][info][gc,marking     ] GC(604) Concurrent Mark From Roots 648.891ms
[2997.426s][info][gc,marking     ] GC(604) Concurrent Preclean
[2997.426s][info][gc,marking     ] GC(604) Concurrent Preclean 0.105ms
[2997.429s][info][gc,start       ] GC(604) Pause Remark
[2997.432s][info][gc             ] GC(604) Pause Remark 1913M->1913M(4096M) 2.929ms
[2997.432s][info][gc,cpu         ] GC(604) User=0.02s Sys=0.00s Real=0.00s
[2997.432s][info][gc,marking     ] GC(604) Concurrent Mark 654.939ms
[2997.432s][info][gc,marking     ] GC(604) Concurrent Rebuild Remembered Sets and Scrub Regions
[2997.677s][info][gc,marking     ] GC(604) Concurrent Rebuild Remembered Sets and Scrub Regions 244.911ms
[2997.677s][info][gc,start       ] GC(604) Pause Cleanup
[2997.678s][info][gc             ] GC(604) Pause Cleanup 2121M->2121M(4096M) 0.104ms
[2997.678s][info][gc,cpu         ] GC(604) User=0.00s Sys=0.00s Real=0.00s
[2997.678s][info][gc,marking     ] GC(604) Concurrent Clear Claimed Marks
[2997.678s][info][gc,marking     ] GC(604) Concurrent Clear Claimed Marks 0.024ms
[2997.678s][info][gc,marking     ] GC(604) Concurrent Cleanup for Next Mark
[2997.682s][info][gc,marking     ] GC(604) Concurrent Cleanup for Next Mark 4.447ms
[2997.682s][info][gc             ] GC(604) Concurrent Mark Cycle 1038.555ms
...[3000.240s][info][gc,start       ] GC(605) Pause Young (Prepare Mixed) (G1 Evacuation Pause)
[3000.240s][info][gc,task        ] GC(605) Using 6 workers of 6 for evacuation
[3000.360s][info][gc,phases      ] GC(605)   Pre Evacuate Collection Set: 0.34ms
[3000.360s][info][gc,phases      ] GC(605)   Merge Heap Roots: 0.51ms
[3000.360s][info][gc,phases      ] GC(605)   Evacuate Collection Set: 118.46ms
[3000.360s][info][gc,phases      ] GC(605)   Post Evacuate Collection Set: 0.90ms
[3000.360s][info][gc,phases      ] GC(605)   Other: 0.09ms
[3000.360s][info][gc,heap        ] GC(605) Eden regions: 1115->0(1108)
[3000.360s][info][gc,heap        ] GC(605) Survivor regions: 113->110(154)
[3000.360s][info][gc,heap        ] GC(605) Old regions: 505->537
[3000.360s][info][gc,heap        ] GC(605) Humongous regions: 80->80
[3000.360s][info][gc,metaspace   ] GC(605) Metaspace: 28949K(29248K)->28949K(29248K) NonClass: 24071K(24192K)->24071K(24192K) Class: 4877K(5056K)->4877K(5056K)
[3000.360s][info][gc             ] GC(605) Pause Young (Prepare Mixed) (G1 Evacuation Pause) 3623M->1450M(4096M) 120.438ms
[3000.360s][info][gc,cpu         ] GC(605) User=0.72s Sys=0.00s Real=0.12s
.. (rIR:aIR:PR = 4981:4983:4983) (tPR = 73826) [OK] 
  3001s: Performance info:
         Transaction,    Success,    Partial,     Failed,   Receipts, AvgBarcode, 
             Overall,     301956,          0,          0,     286851,      59.48, 
         Response times:
             Request,    Success,    Partial,     Failed,   SkipFail,     Probes,    Samples,      min,      p50,      p90,      p95,      p99,      max, 
       TotalPurchase,     286851,          0,          0,          0,     281447,     300617,      300,     3800,     7800,    18200,    55000,   204000,
     InStorePurchase,     150943,          0,          0,          0,     148424,     158323,      300,     3800,     7600,    17700,    52000,   204000,
      OnlinePurchase,     105691,          0,          0,          0,     103646,     110612,      300,     3900,     8000,    19400,    56000,   203000,
        InstPurchase,      30217,          0,          0,          0,      29377,      31682,      400,     3800,     7600,    17085,    62000,   203000,
          AssocOfCat,        301,          0,          0,          0,        230,        310,    19100,    31000,    46900,    89000,   170230,   225000,
      AssocOfProduct,       3023,          0,          0,          0,       2773,       3215,      300,     3500,     7300,    16340,    46840,   151000,
      BusinessReport,        751,          0,          0,          0,        650,        796,    24000,    35000,    65300,    89150,   178060,   229000,
          CustBuyBeh,       3013,          0,          0,          0,       2788,       3168,      200,     3500,     7010,    19665,    59000,   141000,
       ProductReturn,       8017,          0,          0,          0,       7623,       8341,      500,     4500,     8400,    22000,    61000,   141000,

  3001s: (37%)   IR =   5120 .[3003.919s][info][gc,start       ] GC(606) Pause Young (Mixed) (G1 Evacuation Pause)
[3003.919s][info][gc,task        ] GC(606) Using 6 workers of 6 for evacuation
[3004.055s][info][gc,phases      ] GC(606)   Pre Evacuate Collection Set: 0.36ms
[3004.055s][info][gc,phases      ] GC(606)   Merge Heap Roots: 0.66ms
[3004.055s][info][gc,phases      ] GC(606)   Evacuate Collection Set: 133.96ms
[3004.055s][info][gc,phases      ] GC(606)   Post Evacuate Collection Set: 0.96ms
[3004.055s][info][gc,phases      ] GC(606)   Other: 0.08ms
[3004.055s][info][gc,heap        ] GC(606) Eden regions: 1108->0(1118)
[3004.055s][info][gc,heap        ] GC(606) Survivor regions: 110->110(153)
[3004.055s][info][gc,heap        ] GC(606) Old regions: 537->474
[3004.055s][info][gc,heap        ] GC(606) Humongous regions: 80->80
[3004.055s][info][gc,metaspace   ] GC(606) Metaspace: 28949K(29248K)->28949K(29248K) NonClass: 24071K(24192K)->24071K(24192K) Class: 4877K(5056K)->4877K(5056K)
[3004.055s][info][gc             ] GC(606) Pause Young (Mixed) (G1 Evacuation Pause) 3666M->1325M(4096M) 136.156ms
[3004.055s][info][gc,cpu         ] GC(606) User=0.81s Sys=0.00s Real=0.14s
....|[3007.633s][info][gc,start       ] GC(607) Pause Young (Concurrent Start) (G1 Evacuation Pause)
[3007.633s][info][gc,task        ] GC(607) Using 6 workers of 6 for evacuation
[3007.753s][info][gc,phases      ] GC(607)   Pre Evacuate Collection Set: 0.39ms
[3007.753s][info][gc,phases      ] GC(607)   Merge Heap Roots: 0.48ms
[3007.753s][info][gc,phases      ] GC(607)   Evacuate Collection Set: 118.42ms
[3007.753s][info][gc,phases      ] GC(607)   Post Evacuate Collection Set: 0.85ms
[3007.753s][info][gc,phases      ] GC(607)   Other: 0.12ms
[3007.753s][info][gc,heap        ] GC(607) Eden regions: 1118->0(1116)
[3007.753s][info][gc,heap        ] GC(607) Survivor regions: 110->112(154)
[3007.753s][info][gc,heap        ] GC(607) Old regions: 474->507
[3007.753s][info][gc,heap        ] GC(607) Humongous regions: 80->80
[3007.753s][info][gc,metaspace   ] GC(607) Metaspace: 28949K(29248K)->28949K(29248K) NonClass: 24071K(24192K)->24071K(24192K) Class: 4877K(5056K)->4877K(5056K)
[3007.753s][info][gc             ] GC(607) Pause Young (Concurrent Start) (G1 Evacuation Pause) 3561M->1394M(4096M) 120.392ms
[3007.753s][info][gc             ] GC(608) Concurrent Mark Cycle
[3007.753s][info][gc,marking     ] GC(608) Concurrent Scan Root Regions
[3007.753s][info][gc,cpu         ] GC(607) User=0.72s Sys=0.00s Real=0.12s
[3007.925s][info][gc,marking     ] GC(608) Concurrent Scan Root Regions 171.764ms
[3007.925s][info][gc,marking     ] GC(608) Concurrent Mark
[3007.925s][info][gc,marking     ] GC(608) Concurrent Mark From Roots
[3007.925s][info][gc,task        ] GC(608) Using 2 workers of 2 for marking
.[3008.721s][info][gc,marking     ] GC(608) Concurrent Mark From Roots 795.501ms
[3008.721s][info][gc,marking     ] GC(608) Concurrent Preclean
[3008.721s][info][gc,marking     ] GC(608) Concurrent Preclean 0.086ms
[3008.721s][info][gc,start       ] GC(608) Pause Remark
[3008.724s][info][gc             ] GC(608) Pause Remark 2080M->2080M(4096M) 2.931ms
[3008.724s][info][gc,cpu         ] GC(608) User=0.02s Sys=0.00s Real=0.00s
[3008.724s][info][gc,marking     ] GC(608) Concurrent Mark 798.783ms
[3008.724s][info][gc,marking     ] GC(608) Concurrent Rebuild Remembered Sets and Scrub Regions
[3009.017s][info][gc,marking     ] GC(608) Concurrent Rebuild Remembered Sets and Scrub Regions 292.708ms
[3009.017s][info][gc,start       ] GC(608) Pause Cleanup
[3009.017s][info][gc             ] GC(608) Pause Cleanup 2264M->2264M(4096M) 0.114ms
[3009.017s][info][gc,cpu         ] GC(608) User=0.00s Sys=0.00s Real=0.00s
[3009.017s][info][gc,marking     ] GC(608) Concurrent Clear Claimed Marks
[3009.017s][info][gc,marking     ] GC(608) Concurrent Clear Claimed Marks 0.033ms
[3009.017s][info][gc,marking     ] GC(608) Concurrent Cleanup for Next Mark
[3009.021s][info][gc,marking     ] GC(608) Concurrent Cleanup for Next Mark 4.270ms
[3009.021s][info][gc             ] GC(608) Concurrent Mark Cycle 1268.101ms
...[3011.320s][info][gc,start       ] GC(609) Pause Young (Prepare Mixed) (G1 Evacuation Pause)
[3011.320s][info][gc,task        ] GC(609) Using 6 workers of 6 for evacuation
[3011.435s][info][gc,phases      ] GC(609)   Pre Evacuate Collection Set: 0.30ms
[3011.435s][info][gc,phases      ] GC(609)   Merge Heap Roots: 0.50ms
[3011.435s][info][gc,phases      ] GC(609)   Evacuate Collection Set: 112.71ms
[3011.435s][info][gc,phases      ] GC(609)   Post Evacuate Collection Set: 0.93ms
[3011.435s][info][gc,phases      ] GC(609)   Other: 0.09ms
[3011.435s][info][gc,heap        ] GC(609) Eden regions: 1116->0(1111)
[3011.435s][info][gc,heap        ] GC(609) Survivor regions: 112->108(154)
[3011.435s][info][gc,heap        ] GC(609) Old regions: 507->538
[3011.435s][info][gc,heap        ] GC(609) Humongous regions: 80->80
[3011.435s][info][gc,metaspace   ] GC(609) Metaspace: 28949K(29248K)->28949K(29248K) NonClass: 24071K(24192K)->24071K(24192K) Class: 4877K(5056K)->4877K(5056K)
[3011.435s][info][gc             ] GC(609) Pause Young (Prepare Mixed) (G1 Evacuation Pause) 3626M->1449M(4096M) 114.671ms
[3011.435s][info][gc,cpu         ] GC(609) User=0.68s Sys=0.00s Real=0.11s
...[3014.923s][info][gc,start       ] GC(610) Pause Young (Mixed) (G1 Evacuation Pause)
[3014.923s][info][gc,task        ] GC(610) Using 6 workers of 6 for evacuation
[3015.060s][info][gc,phases      ] GC(610)   Pre Evacuate Collection Set: 0.35ms
[3015.060s][info][gc,phases      ] GC(610)   Merge Heap Roots: 0.66ms
[3015.060s][info][gc,phases      ] GC(610)   Evacuate Collection Set: 134.80ms
[3015.060s][info][gc,phases      ] GC(610)   Post Evacuate Collection Set: 0.93ms
[3015.060s][info][gc,phases      ] GC(610)   Other: 0.09ms
[3015.060s][info][gc,heap        ] GC(610) Eden regions: 1111->0(1116)
[3015.060s][info][gc,heap        ] GC(610) Survivor regions: 108->112(153)
[3015.060s][info][gc,heap        ] GC(610) Old regions: 538->475
[3015.060s][info][gc,heap        ] GC(610) Humongous regions: 80->80
[3015.060s][info][gc,metaspace   ] GC(610) Metaspace: 28949K(29248K)->28949K(29248K) NonClass: 24071K(24192K)->24071K(24192K) Class: 4877K(5056K)->4877K(5056K)
[3015.060s][info][gc             ] GC(610) Pause Young (Mixed) (G1 Evacuation Pause) 3671M->1330M(4096M) 136.956ms
[3015.060s][info][gc,cpu         ] GC(610) User=0.81s Sys=0.00s Real=0.14s
....[3018.607s][info][gc,start       ] GC(611) Pause Young (Concurrent Start) (G1 Evacuation Pause)
[3018.607s][info][gc,task        ] GC(611) Using 6 workers of 6 for evacuation
[3018.730s][info][gc,phases      ] GC(611)   Pre Evacuate Collection Set: 0.36ms
[3018.730s][info][gc,phases      ] GC(611)   Merge Heap Roots: 0.50ms
[3018.730s][info][gc,phases      ] GC(611)   Evacuate Collection Set: 120.86ms
[3018.730s][info][gc,phases      ] GC(611)   Post Evacuate Collection Set: 0.85ms
[3018.730s][info][gc,phases      ] GC(611)   Other: 0.12ms
[3018.730s][info][gc,heap        ] GC(611) Eden regions: 1116->0(1117)
[3018.730s][info][gc,heap        ] GC(611) Survivor regions: 112->111(154)
[3018.730s][info][gc,heap        ] GC(611) Old regions: 475->507
[3018.730s][info][gc,heap        ] GC(611) Humongous regions: 80->80
[3018.730s][info][gc,metaspace   ] GC(611) Metaspace: 28949K(29248K)->28949K(29248K) NonClass: 24071K(24192K)->24071K(24192K) Class: 4877K(5056K)->4877K(5056K)
[3018.730s][info][gc             ] GC(611) Pause Young (Concurrent Start) (G1 Evacuation Pause) 3562M->1393M(4096M) 122.816ms
[3018.730s][info][gc             ] GC(612) Concurrent Mark Cycle
[3018.730s][info][gc,marking     ] GC(612) Concurrent Scan Root Regions
[3018.730s][info][gc,cpu         ] GC(611) User=0.74s Sys=0.00s Real=0.12s
[3018.897s][info][gc,marking     ] GC(612) Concurrent Scan Root Regions 167.318ms
[3018.897s][info][gc,marking     ] GC(612) Concurrent Mark
[3018.897s][info][gc,marking     ] GC(612) Concurrent Mark From Roots
[3018.897s][info][gc,task        ] GC(612) Using 2 workers of 2 for marking
.[3019.670s][info][gc,marking     ] GC(612) Concurrent Mark From Roots 772.935ms
[3019.670s][info][gc,marking     ] GC(612) Concurrent Preclean
[3019.671s][info][gc,marking     ] GC(612) Concurrent Preclean 0.129ms
[3019.671s][info][gc,start       ] GC(612) Pause Remark
[3019.674s][info][gc             ] GC(612) Pause Remark 2046M->2046M(4096M) 3.685ms
[3019.674s][info][gc,cpu         ] GC(612) User=0.02s Sys=0.00s Real=0.00s
[3019.674s][info][gc,marking     ] GC(612) Concurrent Mark 777.015ms
[3019.674s][info][gc,marking     ] GC(612) Concurrent Rebuild Remembered Sets and Scrub Regions
[3020.013s][info][gc,marking     ] GC(612) Concurrent Rebuild Remembered Sets and Scrub Regions 338.943ms
[3020.014s][info][gc,start       ] GC(612) Pause Cleanup
[3020.014s][info][gc             ] GC(612) Pause Cleanup 2279M->2279M(4096M) 0.107ms
[3020.014s][info][gc,cpu         ] GC(612) User=0.00s Sys=0.00s Real=0.00s
[3020.014s][info][gc,marking     ] GC(612) Concurrent Clear Claimed Marks
[3020.014s][info][gc,marking     ] GC(612) Concurrent Clear Claimed Marks 0.028ms
[3020.014s][info][gc,marking     ] GC(612) Concurrent Cleanup for Next Mark
[3020.017s][info][gc,marking     ] GC(612) Concurrent Cleanup for Next Mark 3.163ms
[3020.017s][info][gc             ] GC(612) Concurrent Mark Cycle 1286.858ms
...[3022.288s][info][gc,start       ] GC(613) Pause Young (Prepare Mixed) (G1 Evacuation Pause)
[3022.288s][info][gc,task        ] GC(613) Using 6 workers of 6 for evacuation
[3022.406s][info][gc,phases      ] GC(613)   Pre Evacuate Collection Set: 0.31ms
[3022.406s][info][gc,phases      ] GC(613)   Merge Heap Roots: 0.54ms
[3022.406s][info][gc,phases      ] GC(613)   Evacuate Collection Set: 115.74ms
[3022.406s][info][gc,phases      ] GC(613)   Post Evacuate Collection Set: 0.93ms
[3022.406s][info][gc,phases      ] GC(613)   Other: 0.10ms
[3022.406s][info][gc,heap        ] GC(613) Eden regions: 1117->0(1109)
[3022.406s][info][gc,heap        ] GC(613) Survivor regions: 111->109(154)
[3022.406s][info][gc,heap        ] GC(613) Old regions: 507->538
[3022.406s][info][gc,heap        ] GC(613) Humongous regions: 80->80
[3022.406s][info][gc,metaspace   ] GC(613) Metaspace: 28949K(29248K)->28949K(29248K) NonClass: 24071K(24192K)->24071K(24192K) Class: 4877K(5056K)->4877K(5056K)
[3022.406s][info][gc             ] GC(613) Pause Young (Prepare Mixed) (G1 Evacuation Pause) 3627M->1450M(4096M) 117.774ms
[3022.406s][info][gc,cpu         ] GC(613) User=0.70s Sys=0.00s Real=0.12s
...[3025.874s][info][gc,start       ] GC(614) Pause Young (Mixed) (G1 Evacuation Pause)
[3025.874s][info][gc,task        ] GC(614) Using 6 workers of 6 for evacuation
[3026.007s][info][gc,phases      ] GC(614)   Pre Evacuate Collection Set: 0.36ms
[3026.007s][info][gc,phases      ] GC(614)   Merge Heap Roots: 0.68ms
[3026.007s][info][gc,phases      ] GC(614)   Evacuate Collection Set: 130.66ms
[3026.007s][info][gc,phases      ] GC(614)   Post Evacuate Collection Set: 0.94ms
[3026.007s][info][gc,phases      ] GC(614)   Other: 0.09ms
[3026.007s][info][gc,heap        ] GC(614) Eden regions: 1109->0(1119)
[3026.007s][info][gc,heap        ] GC(614) Survivor regions: 109->109(153)
[3026.007s][info][gc,heap        ] GC(614) Old regions: 538->473
[3026.007s][info][gc,heap        ] GC(614) Humongous regions: 80->80
[3026.007s][info][gc,metaspace   ] GC(614) Metaspace: 28949K(29248K)->28949K(29248K) NonClass: 24071K(24192K)->24071K(24192K) Class: 4877K(5056K)->4877K(5056K)
[3026.007s][info][gc             ] GC(614) Pause Young (Mixed) (G1 Evacuation Pause) 3668M->1321M(4096M) 132.856ms
[3026.007s][info][gc,cpu         ] GC(614) User=0.79s Sys=0.00s Real=0.14s
....[3029.567s][info][gc,start       ] GC(615) Pause Young (Concurrent Start) (G1 Evacuation Pause)
[3029.567s][info][gc,task        ] GC(615) Using 6 workers of 6 for evacuation
[3029.684s][info][gc,phases      ] GC(615)   Pre Evacuate Collection Set: 0.33ms
[3029.684s][info][gc,phases      ] GC(615)   Merge Heap Roots: 0.48ms
[3029.684s][info][gc,phases      ] GC(615)   Evacuate Collection Set: 115.08ms
[3029.684s][info][gc,phases      ] GC(615)   Post Evacuate Collection Set: 0.86ms
[3029.684s][info][gc,phases      ] GC(615)   Other: 0.10ms
[3029.684s][info][gc,heap        ] GC(615) Eden regions: 1119->0(1119)
[3029.684s][info][gc,heap        ] GC(615) Survivor regions: 109->109(154)
[3029.684s][info][gc,heap        ] GC(615) Old regions: 473->505
[3029.684s][info][gc,heap        ] GC(615) Humongous regions: 80->80
[3029.684s][info][gc,metaspace   ] GC(615) Metaspace: 28949K(29248K)->28949K(29248K) NonClass: 24071K(24192K)->24071K(24192K) Class: 4877K(5056K)->4877K(5056K)
[3029.684s][info][gc             ] GC(615) Pause Young (Concurrent Start) (G1 Evacuation Pause) 3559M->1384M(4096M) 116.986ms
[3029.684s][info][gc             ] GC(616) Concurrent Mark Cycle
[3029.684s][info][gc,marking     ] GC(616) Concurrent Scan Root Regions
[3029.684s][info][gc,cpu         ] GC(615) User=0.69s Sys=0.00s Real=0.11s
[3029.852s][info][gc,marking     ] GC(616) Concurrent Scan Root Regions 167.810ms
[3029.852s][info][gc,marking     ] GC(616) Concurrent Mark
[3029.852s][info][gc,marking     ] GC(616) Concurrent Mark From Roots
[3029.852s][info][gc,task        ] GC(616) Using 2 workers of 2 for marking
.[3030.873s][info][gc,marking     ] GC(616) Concurrent Mark From Roots 1021.110ms
[3030.873s][info][gc,marking     ] GC(616) Concurrent Preclean
[3030.873s][info][gc,marking     ] GC(616) Concurrent Preclean 0.131ms
[3030.874s][info][gc,start       ] GC(616) Pause Remark
[3030.877s][info][gc             ] GC(616) Pause Remark 2206M->2206M(4096M) 3.108ms
[3030.877s][info][gc,cpu         ] GC(616) User=0.02s Sys=0.00s Real=0.01s
[3030.877s][info][gc,marking     ] GC(616) Concurrent Mark 1025.690ms
[3030.877s][info][gc,marking     ] GC(616) Concurrent Rebuild Remembered Sets and Scrub Regions
.[3031.230s][info][gc,marking     ] GC(616) Concurrent Rebuild Remembered Sets and Scrub Regions 352.651ms
[3031.230s][info][gc,start       ] GC(616) Pause Cleanup
[3031.231s][info][gc             ] GC(616) Pause Cleanup 2402M->2402M(4096M) 0.111ms
[3031.231s][info][gc,cpu         ] GC(616) User=0.00s Sys=0.00s Real=0.00s
[3031.231s][info][gc,marking     ] GC(616) Concurrent Clear Claimed Marks
[3031.231s][info][gc,marking     ] GC(616) Concurrent Clear Claimed Marks 0.046ms
[3031.231s][info][gc,marking     ] GC(616) Concurrent Cleanup for Next Mark
[3031.235s][info][gc,marking     ] GC(616) Concurrent Cleanup for Next Mark 4.194ms
[3031.235s][info][gc             ] GC(616) Concurrent Mark Cycle 1551.230ms
..[3033.217s][info][gc,start       ] GC(617) Pause Young (Prepare Mixed) (G1 Evacuation Pause)
[3033.217s][info][gc,task        ] GC(617) Using 6 workers of 6 for evacuation
[3033.337s][info][gc,phases      ] GC(617)   Pre Evacuate Collection Set: 0.35ms
[3033.337s][info][gc,phases      ] GC(617)   Merge Heap Roots: 0.53ms
[3033.337s][info][gc,phases      ] GC(617)   Evacuate Collection Set: 118.64ms
[3033.337s][info][gc,phases      ] GC(617)   Post Evacuate Collection Set: 0.92ms
[3033.337s][info][gc,phases      ] GC(617)   Other: 0.10ms
[3033.337s][info][gc,heap        ] GC(617) Eden regions: 1119->0(1106)
[3033.337s][info][gc,heap        ] GC(617) Survivor regions: 109->111(154)
[3033.337s][info][gc,heap        ] GC(617) Old regions: 505->537
[3033.337s][info][gc,heap        ] GC(617) Humongous regions: 80->80
[3033.337s][info][gc,metaspace   ] GC(617) Metaspace: 28949K(29248K)->28949K(29248K) NonClass: 24071K(24192K)->24071K(24192K) Class: 4877K(5056K)->4877K(5056K)
[3033.337s][info][gc             ] GC(617) Pause Young (Prepare Mixed) (G1 Evacuation Pause) 3622M->1452M(4096M) 120.680ms
[3033.337s][info][gc,cpu         ] GC(617) User=0.72s Sys=0.00s Real=0.12s
...[3036.899s][info][gc,start       ] GC(618) Pause Young (Mixed) (G1 Evacuation Pause)
[3036.899s][info][gc,task        ] GC(618) Using 6 workers of 6 for evacuation
[3037.031s][info][gc,phases      ] GC(618)   Pre Evacuate Collection Set: 0.34ms
[3037.031s][info][gc,phases      ] GC(618)   Merge Heap Roots: 0.65ms
[3037.031s][info][gc,phases      ] GC(618)   Evacuate Collection Set: 130.01ms
[3037.031s][info][gc,phases      ] GC(618)   Post Evacuate Collection Set: 0.92ms
[3037.031s][info][gc,phases      ] GC(618)   Other: 0.08ms
[3037.031s][info][gc,heap        ] GC(618) Eden regions: 1106->0(1119)
[3037.031s][info][gc,heap        ] GC(618) Survivor regions: 111->109(153)
[3037.031s][info][gc,heap        ] GC(618) Old regions: 537->475
[3037.031s][info][gc,heap        ] GC(618) Humongous regions: 80->80
[3037.031s][info][gc,metaspace   ] GC(618) Metaspace: 28949K(29248K)->28949K(29248K) NonClass: 24071K(24192K)->24071K(24192K) Class: 4877K(5056K)->4877K(5056K)
[3037.031s][info][gc             ] GC(618) Pause Young (Mixed) (G1 Evacuation Pause) 3664M->1324M(4096M) 132.143ms
[3037.031s][info][gc,cpu         ] GC(618) User=0.79s Sys=0.00s Real=0.13s
....[3040.536s][info][gc,start       ] GC(619) Pause Young (Concurrent Start) (G1 Evacuation Pause)
[3040.536s][info][gc,task        ] GC(619) Using 6 workers of 6 for evacuation
[3040.655s][info][gc,phases      ] GC(619)   Pre Evacuate Collection Set: 0.39ms
[3040.655s][info][gc,phases      ] GC(619)   Merge Heap Roots: 0.48ms
[3040.655s][info][gc,phases      ] GC(619)   Evacuate Collection Set: 117.60ms
[3040.655s][info][gc,phases      ] GC(619)   Post Evacuate Collection Set: 0.88ms
[3040.655s][info][gc,phases      ] GC(619)   Other: 0.13ms
[3040.655s][info][gc,heap        ] GC(619) Eden regions: 1119->0(1116)
[3040.655s][info][gc,heap        ] GC(619) Survivor regions: 109->112(154)
[3040.655s][info][gc,heap        ] GC(619) Old regions: 475->507
[3040.655s][info][gc,heap        ] GC(619) Humongous regions: 80->80
[3040.655s][info][gc,metaspace   ] GC(619) Metaspace: 28949K(29248K)->28949K(29248K) NonClass: 24071K(24192K)->24071K(24192K) Class: 4877K(5056K)->4877K(5056K)
[3040.655s][info][gc             ] GC(619) Pause Young (Concurrent Start) (G1 Evacuation Pause) 3562M->1394M(4096M) 119.600ms
[3040.655s][info][gc             ] GC(620) Concurrent Mark Cycle
[3040.655s][info][gc,marking     ] GC(620) Concurrent Scan Root Regions
[3040.655s][info][gc,cpu         ] GC(619) User=0.71s Sys=0.00s Real=0.12s
[3040.859s][info][gc,marking     ] GC(620) Concurrent Scan Root Regions 203.376ms
[3040.859s][info][gc,marking     ] GC(620) Concurrent Mark
[3040.859s][info][gc,marking     ] GC(620) Concurrent Mark From Roots
[3040.859s][info][gc,task        ] GC(620) Using 2 workers of 2 for marking
.[3041.497s][info][gc,marking     ] GC(620) Concurrent Mark From Roots 638.776ms
[3041.497s][info][gc,marking     ] GC(620) Concurrent Preclean
[3041.498s][info][gc,marking     ] GC(620) Concurrent Preclean 0.105ms
[3041.498s][info][gc,start       ] GC(620) Pause Remark
[3041.500s][info][gc             ] GC(620) Pause Remark 1971M->1971M(4096M) 2.583ms
[3041.500s][info][gc,cpu         ] GC(620) User=0.01s Sys=0.00s Real=0.00s
[3041.500s][info][gc,marking     ] GC(620) Concurrent Mark 641.702ms
[3041.500s][info][gc,marking     ] GC(620) Concurrent Rebuild Remembered Sets and Scrub Regions
[3041.743s][info][gc,marking     ] GC(620) Concurrent Rebuild Remembered Sets and Scrub Regions 242.422ms
[3041.743s][info][gc,start       ] GC(620) Pause Cleanup
[3041.743s][info][gc             ] GC(620) Pause Cleanup 2135M->2135M(4096M) 0.109ms
[3041.743s][info][gc,cpu         ] GC(620) User=0.00s Sys=0.00s Real=0.00s
[3041.743s][info][gc,marking     ] GC(620) Concurrent Clear Claimed Marks
[3041.743s][info][gc,marking     ] GC(620) Concurrent Clear Claimed Marks 0.025ms
[3041.743s][info][gc,marking     ] GC(620) Concurrent Cleanup for Next Mark
[3041.747s][info][gc,marking     ] GC(620) Concurrent Cleanup for Next Mark 3.903ms
[3041.747s][info][gc             ] GC(620) Concurrent Mark Cycle 1091.894ms
...[3044.246s][info][gc,start       ] GC(621) Pause Young (Prepare Mixed) (G1 Evacuation Pause)
[3044.246s][info][gc,task        ] GC(621) Using 6 workers of 6 for evacuation
[3044.361s][info][gc,phases      ] GC(621)   Pre Evacuate Collection Set: 0.34ms
[3044.361s][info][gc,phases      ] GC(621)   Merge Heap Roots: 0.51ms
[3044.361s][info][gc,phases      ] GC(621)   Evacuate Collection Set: 113.35ms
[3044.361s][info][gc,phases      ] GC(621)   Post Evacuate Collection Set: 0.92ms
[3044.361s][info][gc,phases      ] GC(621)   Other: 0.08ms
[3044.362s][info][gc,heap        ] GC(621) Eden regions: 1116->0(1111)
[3044.362s][info][gc,heap        ] GC(621) Survivor regions: 112->108(154)
[3044.362s][info][gc,heap        ] GC(621) Old regions: 507->538
[3044.362s][info][gc,heap        ] GC(621) Humongous regions: 80->80
[3044.362s][info][gc,metaspace   ] GC(621) Metaspace: 28949K(29248K)->28949K(29248K) NonClass: 24071K(24192K)->24071K(24192K) Class: 4877K(5056K)->4877K(5056K)
[3044.362s][info][gc             ] GC(621) Pause Young (Prepare Mixed) (G1 Evacuation Pause) 3626M->1448M(4096M) 115.333ms
[3044.362s][info][gc,cpu         ] GC(621) User=0.68s Sys=0.00s Real=0.11s
...[3047.885s][info][gc,start       ] GC(622) Pause Young (Mixed) (G1 Evacuation Pause)
[3047.885s][info][gc,task        ] GC(622) Using 6 workers of 6 for evacuation
[3048.026s][info][gc,phases      ] GC(622)   Pre Evacuate Collection Set: 0.36ms
[3048.026s][info][gc,phases      ] GC(622)   Merge Heap Roots: 0.76ms
[3048.026s][info][gc,phases      ] GC(622)   Evacuate Collection Set: 138.62ms
[3048.026s][info][gc,phases      ] GC(622)   Post Evacuate Collection Set: 0.93ms
[3048.026s][info][gc,phases      ] GC(622)   Other: 0.09ms
[3048.026s][info][gc,heap        ] GC(622) Eden regions: 1111->0(1112)
[3048.026s][info][gc,heap        ] GC(622) Survivor regions: 108->116(153)
[3048.026s][info][gc,heap        ] GC(622) Old regions: 538->474
[3048.026s][info][gc,heap        ] GC(622) Humongous regions: 80->80
[3048.026s][info][gc,metaspace   ] GC(622) Metaspace: 28949K(29248K)->28949K(29248K) NonClass: 24071K(24192K)->24071K(24192K) Class: 4877K(5056K)->4877K(5056K)
[3048.026s][info][gc             ] GC(622) Pause Young (Mixed) (G1 Evacuation Pause) 3670M->1335M(4096M) 140.891ms
[3048.026s][info][gc,cpu         ] GC(622) User=0.83s Sys=0.00s Real=0.14s
....[3051.455s][info][gc,start       ] GC(623) Pause Young (Concurrent Start) (G1 Evacuation Pause)
[3051.455s][info][gc,task        ] GC(623) Using 6 workers of 6 for evacuation
[3051.569s][info][gc,phases      ] GC(623)   Pre Evacuate Collection Set: 0.33ms
[3051.569s][info][gc,phases      ] GC(623)   Merge Heap Roots: 0.48ms
[3051.569s][info][gc,phases      ] GC(623)   Evacuate Collection Set: 112.42ms
[3051.569s][info][gc,phases      ] GC(623)   Post Evacuate Collection Set: 0.85ms
[3051.569s][info][gc,phases      ] GC(623)   Other: 0.10ms
[3051.569s][info][gc,heap        ] GC(623) Eden regions: 1112->0(1121)
[3051.569s][info][gc,heap        ] GC(623) Survivor regions: 116->107(154)
[3051.569s][info][gc,heap        ] GC(623) Old regions: 474->506
[3051.569s][info][gc,heap        ] GC(623) Humongous regions: 80->80
[3051.569s][info][gc,metaspace   ] GC(623) Metaspace: 28949K(29248K)->28949K(29248K) NonClass: 24071K(24192K)->24071K(24192K) Class: 4877K(5056K)->4877K(5056K)
[3051.569s][info][gc             ] GC(623) Pause Young (Concurrent Start) (G1 Evacuation Pause) 3559M->1383M(4096M) 114.320ms
[3051.569s][info][gc             ] GC(624) Concurrent Mark Cycle
[3051.569s][info][gc,marking     ] GC(624) Concurrent Scan Root Regions
[3051.569s][info][gc,cpu         ] GC(623) User=0.68s Sys=0.00s Real=0.11s
[3051.674s][info][gc,marking     ] GC(624) Concurrent Scan Root Regions 104.984ms
[3051.674s][info][gc,marking     ] GC(624) Concurrent Mark
[3051.674s][info][gc,marking     ] GC(624) Concurrent Mark From Roots
[3051.674s][info][gc,task        ] GC(624) Using 2 workers of 2 for marking
.[3052.215s][info][gc,marking     ] GC(624) Concurrent Mark From Roots 540.343ms
[3052.215s][info][gc,marking     ] GC(624) Concurrent Preclean
[3052.215s][info][gc,marking     ] GC(624) Concurrent Preclean 0.114ms
[3052.215s][info][gc,start       ] GC(624) Pause Remark
[3052.218s][info][gc             ] GC(624) Pause Remark 1797M->1797M(4096M) 3.092ms
[3052.218s][info][gc,cpu         ] GC(624) User=0.02s Sys=0.01s Real=0.00s
[3052.218s][info][gc,marking     ] GC(624) Concurrent Mark 543.771ms
[3052.218s][info][gc,marking     ] GC(624) Concurrent Rebuild Remembered Sets and Scrub Regions
[3052.425s][info][gc,marking     ] GC(624) Concurrent Rebuild Remembered Sets and Scrub Regions 207.038ms
[3052.426s][info][gc,start       ] GC(624) Pause Cleanup
[3052.426s][info][gc             ] GC(624) Pause Cleanup 1919M->1919M(4096M) 0.111ms
[3052.426s][info][gc,cpu         ] GC(624) User=0.00s Sys=0.00s Real=0.00s
[3052.426s][info][gc,marking     ] GC(624) Concurrent Clear Claimed Marks
[3052.426s][info][gc,marking     ] GC(624) Concurrent Clear Claimed Marks 0.023ms
[3052.426s][info][gc,marking     ] GC(624) Concurrent Cleanup for Next Mark
[3052.431s][info][gc,marking     ] GC(624) Concurrent Cleanup for Next Mark 5.470ms
[3052.431s][info][gc             ] GC(624) Concurrent Mark Cycle 862.047ms
..[3055.182s][info][gc,start       ] GC(625) Pause Young (Prepare Mixed) (G1 Evacuation Pause)
[3055.182s][info][gc,task        ] GC(625) Using 6 workers of 6 for evacuation
[3055.303s][info][gc,phases      ] GC(625)   Pre Evacuate Collection Set: 0.35ms
[3055.303s][info][gc,phases      ] GC(625)   Merge Heap Roots: 0.52ms
[3055.303s][info][gc,phases      ] GC(625)   Evacuate Collection Set: 118.95ms
[3055.303s][info][gc,phases      ] GC(625)   Post Evacuate Collection Set: 0.91ms
[3055.303s][info][gc,phases      ] GC(625)   Other: 0.09ms
[3055.303s][info][gc,heap        ] GC(625) Eden regions: 1121->0(1112)
[3055.303s][info][gc,heap        ] GC(625) Survivor regions: 107->108(154)
[3055.303s][info][gc,heap        ] GC(625) Old regions: 506->537
[3055.303s][info][gc,heap        ] GC(625) Humongous regions: 80->80
[3055.303s][info][gc,metaspace   ] GC(625) Metaspace: 28949K(29248K)->28949K(29248K) NonClass: 24071K(24192K)->24071K(24192K) Class: 4877K(5056K)->4877K(5056K)
[3055.303s][info][gc             ] GC(625) Pause Young (Prepare Mixed) (G1 Evacuation Pause) 3625M->1446M(4096M) 120.950ms
[3055.303s][info][gc,cpu         ] GC(625) User=0.72s Sys=0.00s Real=0.12s
....[3058.842s][info][gc,start       ] GC(626) Pause Young (Mixed) (G1 Evacuation Pause)
[3058.842s][info][gc,task        ] GC(626) Using 6 workers of 6 for evacuation
[3058.972s][info][gc,phases      ] GC(626)   Pre Evacuate Collection Set: 0.34ms
[3058.972s][info][gc,phases      ] GC(626)   Merge Heap Roots: 0.63ms
[3058.972s][info][gc,phases      ] GC(626)   Evacuate Collection Set: 128.49ms
[3058.972s][info][gc,phases      ] GC(626)   Post Evacuate Collection Set: 0.94ms
[3058.972s][info][gc,phases      ] GC(626)   Other: 0.08ms
[3058.972s][info][gc,heap        ] GC(626) Eden regions: 1112->0(1118)
[3058.972s][info][gc,heap        ] GC(626) Survivor regions: 108->110(153)
[3058.972s][info][gc,heap        ] GC(626) Old regions: 537->472
[3058.972s][info][gc,heap        ] GC(626) Humongous regions: 80->80
[3058.972s][info][gc,metaspace   ] GC(626) Metaspace: 28949K(29248K)->28949K(29248K) NonClass: 24071K(24192K)->24071K(24192K) Class: 4877K(5056K)->4877K(5056K)
[3058.972s][info][gc             ] GC(626) Pause Young (Mixed) (G1 Evacuation Pause) 3670M->1320M(4096M) 130.621ms
[3058.972s][info][gc,cpu         ] GC(626) User=0.78s Sys=0.00s Real=0.13s
....[3062.489s][info][gc,start       ] GC(627) Pause Young (Concurrent Start) (G1 Evacuation Pause)
[3062.489s][info][gc,task        ] GC(627) Using 6 workers of 6 for evacuation
[3062.608s][info][gc,phases      ] GC(627)   Pre Evacuate Collection Set: 0.38ms
[3062.608s][info][gc,phases      ] GC(627)   Merge Heap Roots: 0.50ms
[3062.608s][info][gc,phases      ] GC(627)   Evacuate Collection Set: 117.19ms
[3062.608s][info][gc,phases      ] GC(627)   Post Evacuate Collection Set: 0.86ms
[3062.608s][info][gc,phases      ] GC(627)   Other: 0.12ms
[3062.608s][info][gc,heap        ] GC(627) Eden regions: 1118->0(1117)
[3062.608s][info][gc,heap        ] GC(627) Survivor regions: 110->111(154)
[3062.608s][info][gc,heap        ] GC(627) Old regions: 472->504
[3062.608s][info][gc,heap        ] GC(627) Humongous regions: 80->80
[3062.608s][info][gc,metaspace   ] GC(627) Metaspace: 28949K(29248K)->28949K(29248K) NonClass: 24071K(24192K)->24071K(24192K) Class: 4877K(5056K)->4877K(5056K)
[3062.608s][info][gc             ] GC(627) Pause Young (Concurrent Start) (G1 Evacuation Pause) 3556M->1386M(4096M) 119.174ms
[3062.608s][info][gc             ] GC(628) Concurrent Mark Cycle
[3062.608s][info][gc,marking     ] GC(628) Concurrent Scan Root Regions
[3062.608s][info][gc,cpu         ] GC(627) User=0.71s Sys=0.01s Real=0.12s
[3062.786s][info][gc,marking     ] GC(628) Concurrent Scan Root Regions 178.524ms
[3062.787s][info][gc,marking     ] GC(628) Concurrent Mark
[3062.787s][info][gc,marking     ] GC(628) Concurrent Mark From Roots
[3062.787s][info][gc,task        ] GC(628) Using 2 workers of 2 for marking
.[3063.548s][info][gc,marking     ] GC(628) Concurrent Mark From Roots 761.411ms
[3063.548s][info][gc,marking     ] GC(628) Concurrent Preclean
[3063.548s][info][gc,marking     ] GC(628) Concurrent Preclean 0.096ms
[3063.548s][info][gc,start       ] GC(628) Pause Remark
[3063.551s][info][gc             ] GC(628) Pause Remark 2040M->2040M(4096M) 3.028ms
[3063.551s][info][gc,cpu         ] GC(628) User=0.01s Sys=0.00s Real=0.00s
[3063.551s][info][gc,marking     ] GC(628) Concurrent Mark 764.800ms
[3063.551s][info][gc,marking     ] GC(628) Concurrent Rebuild Remembered Sets and Scrub Regions
[3063.866s][info][gc,marking     ] GC(628) Concurrent Rebuild Remembered Sets and Scrub Regions 314.917ms
[3063.866s][info][gc,start       ] GC(628) Pause Cleanup
[3063.867s][info][gc             ] GC(628) Pause Cleanup 2236M->2236M(4096M) 0.103ms
[3063.867s][info][gc,cpu         ] GC(628) User=0.00s Sys=0.00s Real=0.00s
[3063.867s][info][gc,marking     ] GC(628) Concurrent Clear Claimed Marks
[3063.867s][info][gc,marking     ] GC(628) Concurrent Clear Claimed Marks 0.027ms
[3063.867s][info][gc,marking     ] GC(628) Concurrent Cleanup for Next Mark
[3063.870s][info][gc,marking     ] GC(628) Concurrent Cleanup for Next Mark 3.217ms
[3063.870s][info][gc             ] GC(628) Concurrent Mark Cycle 1261.896ms
..[3066.184s][info][gc,start       ] GC(629) Pause Young (Prepare Mixed) (G1 Evacuation Pause)
[3066.184s][info][gc,task        ] GC(629) Using 6 workers of 6 for evacuation
[3066.302s][info][gc,phases      ] GC(629)   Pre Evacuate Collection Set: 0.31ms
[3066.302s][info][gc,phases      ] GC(629)   Merge Heap Roots: 0.50ms
[3066.302s][info][gc,phases      ] GC(629)   Evacuate Collection Set: 115.42ms
[3066.302s][info][gc,phases      ] GC(629)   Post Evacuate Collection Set: 0.94ms
[3066.302s][info][gc,phases      ] GC(629)   Other: 0.09ms
[3066.302s][info][gc,heap        ] GC(629) Eden regions: 1117->0(1113)
[3066.302s][info][gc,heap        ] GC(629) Survivor regions: 111->108(154)
[3066.302s][info][gc,heap        ] GC(629) Old regions: 504->536
[3066.302s][info][gc,heap        ] GC(629) Humongous regions: 80->80
[3066.302s][info][gc,metaspace   ] GC(629) Metaspace: 28949K(29248K)->28949K(29248K) NonClass: 24071K(24192K)->24071K(24192K) Class: 4877K(5056K)->4877K(5056K)
[3066.302s][info][gc             ] GC(629) Pause Young (Prepare Mixed) (G1 Evacuation Pause) 3620M->1444M(4096M) 117.426ms
[3066.302s][info][gc,cpu         ] GC(629) User=0.69s Sys=0.00s Real=0.12s
.. (rIR:aIR:PR = 5120:5120:5121) (tPR = 76106) [OK] 
  3067s: Performance info:
         Transaction,    Success,    Partial,     Failed,   Receipts, AvgBarcode, 
             Overall,     308233,          0,          0,     292811,      59.47, 
         Response times:
             Request,    Success,    Partial,     Failed,   SkipFail,     Probes,    Samples,      min,      p50,      p90,      p95,      p99,      max, 
       TotalPurchase,     292749,          0,          0,          0,     288577,     312023,      300,     4100,     8800,    25000,    86000,   219000,
     InStorePurchase,     154072,          0,          0,          0,     152355,     164412,      300,     4100,     8800,    25000,    87000,   218000,
      OnlinePurchase,     107846,          0,          0,          0,     106181,     114813,      300,     4000,     8800,    25000,    85000,   212000,
        InstPurchase,      30831,          0,          0,          0,      30041,      32798,      300,     4000,     8800,    25000,    89000,   219000,
          AssocOfCat,        309,          0,          0,          0,        239,        317,    18800,    32000,    50000,    61000,   148100,   183000,
      AssocOfProduct,       3085,          0,          0,          0,       2800,       3202,      500,     5600,    11370,    34000,    96970,   155000,
      BusinessReport,        769,          0,          0,          0,        646,        808,    23000,    34000,    55000,    74000,   180380,   244000,
          CustBuyBeh,       3088,          0,          0,          0,       2879,       3305,      200,     3600,     8340,    20700,    71000,   147000,
       ProductReturn,       8165,          0,          0,          0,       7793,       8632,      200,     3300,     8000,    25000,    81000,   156000,

  3067s: (38%)   IR =   5258 ..[3069.742s][info][gc,start       ] GC(630) Pause Young (Mixed) (G1 Evacuation Pause)
[3069.742s][info][gc,task        ] GC(630) Using 6 workers of 6 for evacuation
[3069.878s][info][gc,phases      ] GC(630)   Pre Evacuate Collection Set: 0.35ms
[3069.878s][info][gc,phases      ] GC(630)   Merge Heap Roots: 0.74ms
[3069.878s][info][gc,phases      ] GC(630)   Evacuate Collection Set: 133.59ms
[3069.878s][info][gc,phases      ] GC(630)   Post Evacuate Collection Set: 0.94ms
[3069.878s][info][gc,phases      ] GC(630)   Other: 0.08ms
[3069.878s][info][gc,heap        ] GC(630) Eden regions: 1113->0(1119)
[3069.878s][info][gc,heap        ] GC(630) Survivor regions: 108->109(153)
[3069.878s][info][gc,heap        ] GC(630) Old regions: 536->474
[3069.878s][info][gc,heap        ] GC(630) Humongous regions: 80->80
[3069.878s][info][gc,metaspace   ] GC(630) Metaspace: 28949K(29248K)->28949K(29248K) NonClass: 24071K(24192K)->24071K(24192K) Class: 4877K(5056K)->4877K(5056K)
[3069.878s][info][gc             ] GC(630) Pause Young (Mixed) (G1 Evacuation Pause) 3670M->1322M(4096M) 135.829ms
[3069.878s][info][gc,cpu         ] GC(630) User=0.80s Sys=0.00s Real=0.14s
..|.[3073.302s][info][gc,start       ] GC(631) Pause Young (Concurrent Start) (G1 Evacuation Pause)
[3073.302s][info][gc,task        ] GC(631) Using 6 workers of 6 for evacuation
[3073.423s][info][gc,phases      ] GC(631)   Pre Evacuate Collection Set: 0.36ms
[3073.423s][info][gc,phases      ] GC(631)   Merge Heap Roots: 0.47ms
[3073.423s][info][gc,phases      ] GC(631)   Evacuate Collection Set: 118.61ms
[3073.423s][info][gc,phases      ] GC(631)   Post Evacuate Collection Set: 0.91ms
[3073.423s][info][gc,phases      ] GC(631)   Other: 0.09ms
[3073.423s][info][gc,heap        ] GC(631) Eden regions: 1119->0(1117)
[3073.423s][info][gc,heap        ] GC(631) Survivor regions: 109->111(154)
[3073.423s][info][gc,heap        ] GC(631) Old regions: 474->506
[3073.423s][info][gc,heap        ] GC(631) Humongous regions: 80->80
[3073.423s][info][gc,metaspace   ] GC(631) Metaspace: 28949K(29248K)->28949K(29248K) NonClass: 24071K(24192K)->24071K(24192K) Class: 4877K(5056K)->4877K(5056K)
[3073.423s][info][gc             ] GC(631) Pause Young (Concurrent Start) (G1 Evacuation Pause) 3560M->1390M(4096M) 120.594ms
[3073.423s][info][gc             ] GC(632) Concurrent Mark Cycle
[3073.423s][info][gc,marking     ] GC(632) Concurrent Scan Root Regions
[3073.423s][info][gc,cpu         ] GC(631) User=0.72s Sys=0.00s Real=0.12s
.[3073.611s][info][gc,marking     ] GC(632) Concurrent Scan Root Regions 188.566ms
[3073.611s][info][gc,marking     ] GC(632) Concurrent Mark
[3073.611s][info][gc,marking     ] GC(632) Concurrent Mark From Roots
[3073.611s][info][gc,task        ] GC(632) Using 2 workers of 2 for marking
.[3074.584s][info][gc,marking     ] GC(632) Concurrent Mark From Roots 972.207ms
[3074.584s][info][gc,marking     ] GC(632) Concurrent Preclean
[3074.584s][info][gc,marking     ] GC(632) Concurrent Preclean 0.171ms
[3074.584s][info][gc,start       ] GC(632) Pause Remark
[3074.587s][info][gc             ] GC(632) Pause Remark 2172M->2172M(4096M) 3.489ms
[3074.587s][info][gc,cpu         ] GC(632) User=0.01s Sys=0.00s Real=0.01s
[3074.588s][info][gc,marking     ] GC(632) Concurrent Mark 976.492ms
[3074.588s][info][gc,marking     ] GC(632) Concurrent Rebuild Remembered Sets and Scrub Regions
[3074.994s][info][gc,marking     ] GC(632) Concurrent Rebuild Remembered Sets and Scrub Regions 406.598ms
[3074.995s][info][gc,start       ] GC(632) Pause Cleanup
[3074.995s][info][gc             ] GC(632) Pause Cleanup 2429M->2429M(4096M) 0.103ms
[3074.995s][info][gc,cpu         ] GC(632) User=0.00s Sys=0.00s Real=0.00s
[3074.995s][info][gc,marking     ] GC(632) Concurrent Clear Claimed Marks
[3074.995s][info][gc,marking     ] GC(632) Concurrent Clear Claimed Marks 0.035ms
[3074.995s][info][gc,marking     ] GC(632) Concurrent Cleanup for Next Mark
[3075.000s][info][gc,marking     ] GC(632) Concurrent Cleanup for Next Mark 4.628ms
[3075.000s][info][gc             ] GC(632) Concurrent Mark Cycle 1577.225ms
..[3076.880s][info][gc,start       ] GC(633) Pause Young (Prepare Mixed) (G1 Evacuation Pause)
[3076.880s][info][gc,task        ] GC(633) Using 6 workers of 6 for evacuation
[3076.996s][info][gc,phases      ] GC(633)   Pre Evacuate Collection Set: 0.30ms
[3076.996s][info][gc,phases      ] GC(633)   Merge Heap Roots: 0.53ms
[3076.996s][info][gc,phases      ] GC(633)   Evacuate Collection Set: 114.46ms
[3076.996s][info][gc,phases      ] GC(633)   Post Evacuate Collection Set: 0.91ms
[3076.996s][info][gc,phases      ] GC(633)   Other: 0.08ms
[3076.996s][info][gc,heap        ] GC(633) Eden regions: 1117->0(1109)
[3076.996s][info][gc,heap        ] GC(633) Survivor regions: 111->109(154)
[3076.996s][info][gc,heap        ] GC(633) Old regions: 506->538
[3076.996s][info][gc,heap        ] GC(633) Humongous regions: 80->80
[3076.996s][info][gc,metaspace   ] GC(633) Metaspace: 28949K(29248K)->28949K(29248K) NonClass: 24071K(24192K)->24071K(24192K) Class: 4877K(5056K)->4877K(5056K)
[3076.996s][info][gc             ] GC(633) Pause Young (Prepare Mixed) (G1 Evacuation Pause) 3624M->1450M(4096M) 116.400ms
[3076.996s][info][gc,cpu         ] GC(633) User=0.70s Sys=0.00s Real=0.12s
...[3080.434s][info][gc,start       ] GC(634) Pause Young (Mixed) (G1 Evacuation Pause)
[3080.434s][info][gc,task        ] GC(634) Using 6 workers of 6 for evacuation
[3080.569s][info][gc,phases      ] GC(634)   Pre Evacuate Collection Set: 0.33ms
[3080.570s][info][gc,phases      ] GC(634)   Merge Heap Roots: 0.67ms
[3080.570s][info][gc,phases      ] GC(634)   Evacuate Collection Set: 133.10ms
[3080.570s][info][gc,phases      ] GC(634)   Post Evacuate Collection Set: 0.91ms
[3080.570s][info][gc,phases      ] GC(634)   Other: 0.09ms
[3080.570s][info][gc,heap        ] GC(634) Eden regions: 1109->0(1117)
[3080.570s][info][gc,heap        ] GC(634) Survivor regions: 109->111(153)
[3080.570s][info][gc,heap        ] GC(634) Old regions: 538->473
[3080.570s][info][gc,heap        ] GC(634) Humongous regions: 80->80
[3080.570s][info][gc,metaspace   ] GC(634) Metaspace: 28949K(29248K)->28949K(29248K) NonClass: 24071K(24192K)->24071K(24192K) Class: 4877K(5056K)->4877K(5056K)
[3080.570s][info][gc             ] GC(634) Pause Young (Mixed) (G1 Evacuation Pause) 3668M->1324M(4096M) 135.240ms
[3080.570s][info][gc,cpu         ] GC(634) User=0.80s Sys=0.00s Real=0.14s
....[3083.968s][info][gc,start       ] GC(635) Pause Young (Concurrent Start) (G1 Evacuation Pause)
[3083.968s][info][gc,task        ] GC(635) Using 6 workers of 6 for evacuation
[3084.085s][info][gc,phases      ] GC(635)   Pre Evacuate Collection Set: 0.38ms
[3084.085s][info][gc,phases      ] GC(635)   Merge Heap Roots: 0.47ms
[3084.085s][info][gc,phases      ] GC(635)   Evacuate Collection Set: 114.93ms
[3084.085s][info][gc,phases      ] GC(635)   Post Evacuate Collection Set: 0.88ms
[3084.085s][info][gc,phases      ] GC(635)   Other: 0.10ms
[3084.085s][info][gc,heap        ] GC(635) Eden regions: 1117->0(1119)
[3084.085s][info][gc,heap        ] GC(635) Survivor regions: 111->109(154)
[3084.085s][info][gc,heap        ] GC(635) Old regions: 473->505
[3084.085s][info][gc,heap        ] GC(635) Humongous regions: 80->80
[3084.085s][info][gc,metaspace   ] GC(635) Metaspace: 28949K(29248K)->28949K(29248K) NonClass: 24071K(24192K)->24071K(24192K) Class: 4877K(5056K)->4877K(5056K)
[3084.085s][info][gc             ] GC(635) Pause Young (Concurrent Start) (G1 Evacuation Pause) 3558M->1385M(4096M) 116.897ms
[3084.085s][info][gc             ] GC(636) Concurrent Mark Cycle
[3084.085s][info][gc,marking     ] GC(636) Concurrent Scan Root Regions
[3084.085s][info][gc,cpu         ] GC(635) User=0.70s Sys=0.00s Real=0.12s
[3084.260s][info][gc,marking     ] GC(636) Concurrent Scan Root Regions 175.468ms
[3084.261s][info][gc,marking     ] GC(636) Concurrent Mark
[3084.261s][info][gc,marking     ] GC(636) Concurrent Mark From Roots
[3084.261s][info][gc,task        ] GC(636) Using 2 workers of 2 for marking
.[3084.994s][info][gc,marking     ] GC(636) Concurrent Mark From Roots 733.579ms
[3084.994s][info][gc,marking     ] GC(636) Concurrent Preclean
[3084.994s][info][gc,marking     ] GC(636) Concurrent Preclean 0.094ms
[3084.994s][info][gc,start       ] GC(636) Pause Remark
[3084.997s][info][gc             ] GC(636) Pause Remark 1979M->1979M(4096M) 2.750ms
[3084.997s][info][gc,cpu         ] GC(636) User=0.01s Sys=0.00s Real=0.01s
[3084.997s][info][gc,marking     ] GC(636) Concurrent Mark 736.671ms
[3084.997s][info][gc,marking     ] GC(636) Concurrent Rebuild Remembered Sets and Scrub Regions
[3085.287s][info][gc,marking     ] GC(636) Concurrent Rebuild Remembered Sets and Scrub Regions 289.460ms
[3085.287s][info][gc,start       ] GC(636) Pause Cleanup
[3085.287s][info][gc             ] GC(636) Pause Cleanup 2177M->2177M(4096M) 0.119ms
[3085.287s][info][gc,cpu         ] GC(636) User=0.00s Sys=0.00s Real=0.00s
[3085.287s][info][gc,marking     ] GC(636) Concurrent Clear Claimed Marks
[3085.287s][info][gc,marking     ] GC(636) Concurrent Clear Claimed Marks 0.032ms
[3085.287s][info][gc,marking     ] GC(636) Concurrent Cleanup for Next Mark
[3085.290s][info][gc,marking     ] GC(636) Concurrent Cleanup for Next Mark 3.268ms
[3085.290s][info][gc             ] GC(636) Concurrent Mark Cycle 1205.311ms
..[3087.553s][info][gc,start       ] GC(637) Pause Young (Prepare Mixed) (G1 Evacuation Pause)
[3087.553s][info][gc,task        ] GC(637) Using 6 workers of 6 for evacuation
[3087.669s][info][gc,phases      ] GC(637)   Pre Evacuate Collection Set: 0.35ms
[3087.669s][info][gc,phases      ] GC(637)   Merge Heap Roots: 0.52ms
[3087.669s][info][gc,phases      ] GC(637)   Evacuate Collection Set: 114.35ms
[3087.669s][info][gc,phases      ] GC(637)   Post Evacuate Collection Set: 0.92ms
[3087.669s][info][gc,phases      ] GC(637)   Other: 0.09ms
[3087.669s][info][gc,heap        ] GC(637) Eden regions: 1119->0(1110)
[3087.669s][info][gc,heap        ] GC(637) Survivor regions: 109->109(154)
[3087.669s][info][gc,heap        ] GC(637) Old regions: 505->537
[3087.669s][info][gc,heap        ] GC(637) Humongous regions: 80->80
[3087.669s][info][gc,metaspace   ] GC(637) Metaspace: 28949K(29248K)->28949K(29248K) NonClass: 24071K(24192K)->24071K(24192K) Class: 4877K(5056K)->4877K(5056K)
[3087.669s][info][gc             ] GC(637) Pause Young (Prepare Mixed) (G1 Evacuation Pause) 3623M->1448M(4096M) 116.375ms
[3087.669s][info][gc,cpu         ] GC(637) User=0.70s Sys=0.00s Real=0.12s
....[3091.148s][info][gc,start       ] GC(638) Pause Young (Mixed) (G1 Evacuation Pause)
[3091.148s][info][gc,task        ] GC(638) Using 6 workers of 6 for evacuation
[3091.281s][info][gc,phases      ] GC(638)   Pre Evacuate Collection Set: 0.36ms
[3091.281s][info][gc,phases      ] GC(638)   Merge Heap Roots: 0.73ms
[3091.281s][info][gc,phases      ] GC(638)   Evacuate Collection Set: 130.93ms
[3091.281s][info][gc,phases      ] GC(638)   Post Evacuate Collection Set: 0.92ms
[3091.281s][info][gc,phases      ] GC(638)   Other: 0.09ms
[3091.281s][info][gc,heap        ] GC(638) Eden regions: 1110->0(1120)
[3091.281s][info][gc,heap        ] GC(638) Survivor regions: 109->108(153)
[3091.281s][info][gc,heap        ] GC(638) Old regions: 537->473
[3091.281s][info][gc,heap        ] GC(638) Humongous regions: 80->80
[3091.281s][info][gc,metaspace   ] GC(638) Metaspace: 28949K(29248K)->28949K(29248K) NonClass: 24071K(24192K)->24071K(24192K) Class: 4877K(5056K)->4877K(5056K)
[3091.281s][info][gc             ] GC(638) Pause Young (Mixed) (G1 Evacuation Pause) 3668M->1318M(4096M) 133.152ms
[3091.281s][info][gc,cpu         ] GC(638) User=0.79s Sys=0.00s Real=0.13s
....[3094.679s][info][gc,start       ] GC(639) Pause Young (Concurrent Start) (G1 Evacuation Pause)
[3094.679s][info][gc,task        ] GC(639) Using 6 workers of 6 for evacuation
[3094.798s][info][gc,phases      ] GC(639)   Pre Evacuate Collection Set: 0.32ms
[3094.798s][info][gc,phases      ] GC(639)   Merge Heap Roots: 0.52ms
[3094.798s][info][gc,phases      ] GC(639)   Evacuate Collection Set: 116.82ms
[3094.798s][info][gc,phases      ] GC(639)   Post Evacuate Collection Set: 0.89ms
[3094.798s][info][gc,phases      ] GC(639)   Other: 0.10ms
[3094.798s][info][gc,heap        ] GC(639) Eden regions: 1120->0(1119)
[3094.798s][info][gc,heap        ] GC(639) Survivor regions: 108->109(154)
[3094.798s][info][gc,heap        ] GC(639) Old regions: 473->506
[3094.798s][info][gc,heap        ] GC(639) Humongous regions: 80->80
[3094.798s][info][gc,metaspace   ] GC(639) Metaspace: 28949K(29248K)->28949K(29248K) NonClass: 24071K(24192K)->24071K(24192K) Class: 4877K(5056K)->4877K(5056K)
[3094.798s][info][gc             ] GC(639) Pause Young (Concurrent Start) (G1 Evacuation Pause) 3558M->1386M(4096M) 118.782ms
[3094.798s][info][gc             ] GC(640) Concurrent Mark Cycle
[3094.798s][info][gc,marking     ] GC(640) Concurrent Scan Root Regions
[3094.798s][info][gc,cpu         ] GC(639) User=0.71s Sys=0.00s Real=0.12s
[3094.987s][info][gc,marking     ] GC(640) Concurrent Scan Root Regions 189.507ms
[3094.988s][info][gc,marking     ] GC(640) Concurrent Mark
[3094.988s][info][gc,marking     ] GC(640) Concurrent Mark From Roots
[3094.988s][info][gc,task        ] GC(640) Using 2 workers of 2 for marking
[3095.634s][info][gc,marking     ] GC(640) Concurrent Mark From Roots 646.467ms
[3095.634s][info][gc,marking     ] GC(640) Concurrent Preclean
[3095.634s][info][gc,marking     ] GC(640) Concurrent Preclean 0.104ms
[3095.634s][info][gc,start       ] GC(640) Pause Remark
[3095.637s][info][gc             ] GC(640) Pause Remark 1981M->1981M(4096M) 2.552ms
[3095.637s][info][gc,cpu         ] GC(640) User=0.02s Sys=0.00s Real=0.01s
[3095.637s][info][gc,marking     ] GC(640) Concurrent Mark 649.444ms
[3095.637s][info][gc,marking     ] GC(640) Concurrent Rebuild Remembered Sets and Scrub Regions
.[3095.916s][info][gc,marking     ] GC(640) Concurrent Rebuild Remembered Sets and Scrub Regions 279.084ms
[3095.916s][info][gc,start       ] GC(640) Pause Cleanup
[3095.916s][info][gc             ] GC(640) Pause Cleanup 2135M->2135M(4096M) 0.098ms
[3095.916s][info][gc,cpu         ] GC(640) User=0.00s Sys=0.00s Real=0.00s
[3095.916s][info][gc,marking     ] GC(640) Concurrent Clear Claimed Marks
[3095.916s][info][gc,marking     ] GC(640) Concurrent Clear Claimed Marks 0.024ms
[3095.916s][info][gc,marking     ] GC(640) Concurrent Cleanup for Next Mark
[3095.920s][info][gc,marking     ] GC(640) Concurrent Cleanup for Next Mark 3.550ms
[3095.920s][info][gc             ] GC(640) Concurrent Mark Cycle 1122.049ms
..[3098.288s][info][gc,start       ] GC(641) Pause Young (Prepare Mixed) (G1 Evacuation Pause)
[3098.289s][info][gc,task        ] GC(641) Using 6 workers of 6 for evacuation
[3098.404s][info][gc,phases      ] GC(641)   Pre Evacuate Collection Set: 0.35ms
[3098.404s][info][gc,phases      ] GC(641)   Merge Heap Roots: 0.56ms
[3098.404s][info][gc,phases      ] GC(641)   Evacuate Collection Set: 113.45ms
[3098.404s][info][gc,phases      ] GC(641)   Post Evacuate Collection Set: 0.94ms
[3098.404s][info][gc,phases      ] GC(641)   Other: 0.09ms
[3098.404s][info][gc,heap        ] GC(641) Eden regions: 1119->0(1112)
[3098.404s][info][gc,heap        ] GC(641) Survivor regions: 109->108(154)
[3098.404s][info][gc,heap        ] GC(641) Old regions: 506->537
[3098.404s][info][gc,heap        ] GC(641) Humongous regions: 80->80
[3098.404s][info][gc,metaspace   ] GC(641) Metaspace: 28949K(29248K)->28949K(29248K) NonClass: 24071K(24192K)->24071K(24192K) Class: 4877K(5056K)->4877K(5056K)
[3098.404s][info][gc             ] GC(641) Pause Young (Prepare Mixed) (G1 Evacuation Pause) 3624M->1446M(4096M) 115.515ms
[3098.404s][info][gc,cpu         ] GC(641) User=0.69s Sys=0.00s Real=0.11s
....[3101.825s][info][gc,start       ] GC(642) Pause Young (Mixed) (G1 Evacuation Pause)
[3101.825s][info][gc,task        ] GC(642) Using 6 workers of 6 for evacuation
[3101.962s][info][gc,phases      ] GC(642)   Pre Evacuate Collection Set: 0.35ms
[3101.962s][info][gc,phases      ] GC(642)   Merge Heap Roots: 0.70ms
[3101.962s][info][gc,phases      ] GC(642)   Evacuate Collection Set: 135.06ms
[3101.962s][info][gc,phases      ] GC(642)   Post Evacuate Collection Set: 0.88ms
[3101.962s][info][gc,phases      ] GC(642)   Other: 0.09ms
[3101.962s][info][gc,heap        ] GC(642) Eden regions: 1112->0(1116)
[3101.962s][info][gc,heap        ] GC(642) Survivor regions: 108->112(153)
[3101.962s][info][gc,heap        ] GC(642) Old regions: 537->473
[3101.962s][info][gc,heap        ] GC(642) Humongous regions: 80->80
[3101.962s][info][gc,metaspace   ] GC(642) Metaspace: 28949K(29248K)->28949K(29248K) NonClass: 24071K(24192K)->24071K(24192K) Class: 4877K(5056K)->4877K(5056K)
[3101.962s][info][gc             ] GC(642) Pause Young (Mixed) (G1 Evacuation Pause) 3670M->1327M(4096M) 137.218ms
[3101.962s][info][gc,cpu         ] GC(642) User=0.82s Sys=0.00s Real=0.14s
...[3105.443s][info][gc,start       ] GC(643) Pause Young (Concurrent Start) (G1 Evacuation Pause)
[3105.443s][info][gc,task        ] GC(643) Using 6 workers of 6 for evacuation
[3105.559s][info][gc,phases      ] GC(643)   Pre Evacuate Collection Set: 0.35ms
[3105.559s][info][gc,phases      ] GC(643)   Merge Heap Roots: 0.47ms
[3105.559s][info][gc,phases      ] GC(643)   Evacuate Collection Set: 114.64ms
[3105.559s][info][gc,phases      ] GC(643)   Post Evacuate Collection Set: 0.87ms
[3105.559s][info][gc,phases      ] GC(643)   Other: 0.10ms
[3105.559s][info][gc,heap        ] GC(643) Eden regions: 1116->0(1118)
[3105.559s][info][gc,heap        ] GC(643) Survivor regions: 112->110(154)
[3105.559s][info][gc,heap        ] GC(643) Old regions: 473->506
[3105.559s][info][gc,heap        ] GC(643) Humongous regions: 80->80
[3105.559s][info][gc,metaspace   ] GC(643) Metaspace: 28949K(29248K)->28949K(29248K) NonClass: 24071K(24192K)->24071K(24192K) Class: 4877K(5056K)->4877K(5056K)
[3105.559s][info][gc             ] GC(643) Pause Young (Concurrent Start) (G1 Evacuation Pause) 3559M->1387M(4096M) 116.590ms
[3105.559s][info][gc             ] GC(644) Concurrent Mark Cycle
[3105.559s][info][gc,marking     ] GC(644) Concurrent Scan Root Regions
[3105.559s][info][gc,cpu         ] GC(643) User=0.69s Sys=0.00s Real=0.12s
[3105.689s][info][gc,marking     ] GC(644) Concurrent Scan Root Regions 130.271ms
[3105.689s][info][gc,marking     ] GC(644) Concurrent Mark
[3105.689s][info][gc,marking     ] GC(644) Concurrent Mark From Roots
[3105.690s][info][gc,task        ] GC(644) Using 2 workers of 2 for marking
.[3106.392s][info][gc,marking     ] GC(644) Concurrent Mark From Roots 702.143ms
[3106.392s][info][gc,marking     ] GC(644) Concurrent Preclean
[3106.392s][info][gc,marking     ] GC(644) Concurrent Preclean 0.096ms
[3106.392s][info][gc,start       ] GC(644) Pause Remark
[3106.395s][info][gc             ] GC(644) Pause Remark 2035M->2035M(4096M) 2.880ms
[3106.395s][info][gc,cpu         ] GC(644) User=0.02s Sys=0.00s Real=0.01s
[3106.395s][info][gc,marking     ] GC(644) Concurrent Mark 705.379ms
[3106.395s][info][gc,marking     ] GC(644) Concurrent Rebuild Remembered Sets and Scrub Regions
[3106.628s][info][gc,marking     ] GC(644) Concurrent Rebuild Remembered Sets and Scrub Regions 233.575ms
[3106.629s][info][gc,start       ] GC(644) Pause Cleanup
[3106.629s][info][gc             ] GC(644) Pause Cleanup 2179M->2179M(4096M) 0.117ms
[3106.629s][info][gc,cpu         ] GC(644) User=0.00s Sys=0.00s Real=0.00s
[3106.629s][info][gc,marking     ] GC(644) Concurrent Clear Claimed Marks
[3106.629s][info][gc,marking     ] GC(644) Concurrent Clear Claimed Marks 0.029ms
[3106.629s][info][gc,marking     ] GC(644) Concurrent Cleanup for Next Mark
[3106.632s][info][gc,marking     ] GC(644) Concurrent Cleanup for Next Mark 3.195ms
[3106.632s][info][gc             ] GC(644) Concurrent Mark Cycle 1072.925ms
...[3108.971s][info][gc,start       ] GC(645) Pause Young (Prepare Mixed) (G1 Evacuation Pause)
[3108.972s][info][gc,task        ] GC(645) Using 6 workers of 6 for evacuation
[3109.094s][info][gc,phases      ] GC(645)   Pre Evacuate Collection Set: 0.31ms
[3109.094s][info][gc,phases      ] GC(645)   Merge Heap Roots: 0.49ms
[3109.094s][info][gc,phases      ] GC(645)   Evacuate Collection Set: 121.13ms
[3109.095s][info][gc,phases      ] GC(645)   Post Evacuate Collection Set: 0.93ms
[3109.095s][info][gc,phases      ] GC(645)   Other: 0.10ms
[3109.095s][info][gc,heap        ] GC(645) Eden regions: 1118->0(1097)
[3109.095s][info][gc,heap        ] GC(645) Survivor regions: 110->115(154)
[3109.095s][info][gc,heap        ] GC(645) Old regions: 506->538
[3109.095s][info][gc,heap        ] GC(645) Humongous regions: 80->80
[3109.095s][info][gc,metaspace   ] GC(645) Metaspace: 28949K(29248K)->28949K(29248K) NonClass: 24071K(24192K)->24071K(24192K) Class: 4877K(5056K)->4877K(5056K)
[3109.095s][info][gc             ] GC(645) Pause Young (Prepare Mixed) (G1 Evacuation Pause) 3623M->1462M(4096M) 123.079ms
[3109.095s][info][gc,cpu         ] GC(645) User=0.73s Sys=0.00s Real=0.12s
...[3112.464s][info][gc,start       ] GC(646) Pause Young (Mixed) (G1 Evacuation Pause)
[3112.464s][info][gc,task        ] GC(646) Using 6 workers of 6 for evacuation
[3112.599s][info][gc,phases      ] GC(646)   Pre Evacuate Collection Set: 0.41ms
[3112.599s][info][gc,phases      ] GC(646)   Merge Heap Roots: 0.72ms
[3112.599s][info][gc,phases      ] GC(646)   Evacuate Collection Set: 132.77ms
[3112.599s][info][gc,phases      ] GC(646)   Post Evacuate Collection Set: 0.93ms
[3112.599s][info][gc,phases      ] GC(646)   Other: 0.09ms
[3112.599s][info][gc,heap        ] GC(646) Eden regions: 1097->0(1118)
[3112.599s][info][gc,heap        ] GC(646) Survivor regions: 115->110(152)
[3112.599s][info][gc,heap        ] GC(646) Old regions: 538->475
[3112.599s][info][gc,heap        ] GC(646) Humongous regions: 80->80
[3112.599s][info][gc,metaspace   ] GC(646) Metaspace: 28949K(29248K)->28949K(29248K) NonClass: 24071K(24192K)->24071K(24192K) Class: 4877K(5056K)->4877K(5056K)
[3112.599s][info][gc             ] GC(646) Pause Young (Mixed) (G1 Evacuation Pause) 3656M->1326M(4096M) 135.069ms
[3112.599s][info][gc,cpu         ] GC(646) User=0.80s Sys=0.00s Real=0.14s
....[3116.039s][info][gc,start       ] GC(647) Pause Young (Concurrent Start) (G1 Evacuation Pause)
[3116.039s][info][gc,task        ] GC(647) Using 6 workers of 6 for evacuation
[3116.158s][info][gc,phases      ] GC(647)   Pre Evacuate Collection Set: 0.39ms
[3116.158s][info][gc,phases      ] GC(647)   Merge Heap Roots: 0.48ms
[3116.158s][info][gc,phases      ] GC(647)   Evacuate Collection Set: 117.21ms
[3116.158s][info][gc,phases      ] GC(647)   Post Evacuate Collection Set: 0.86ms
[3116.158s][info][gc,phases      ] GC(647)   Other: 0.12ms
[3116.158s][info][gc,heap        ] GC(647) Eden regions: 1118->0(1118)
[3116.158s][info][gc,heap        ] GC(647) Survivor regions: 110->110(154)
[3116.158s][info][gc,heap        ] GC(647) Old regions: 475->507
[3116.158s][info][gc,heap        ] GC(647) Humongous regions: 80->80
[3116.158s][info][gc,metaspace   ] GC(647) Metaspace: 28949K(29248K)->28949K(29248K) NonClass: 24071K(24192K)->24071K(24192K) Class: 4877K(5056K)->4877K(5056K)
[3116.159s][info][gc             ] GC(647) Pause Young (Concurrent Start) (G1 Evacuation Pause) 3562M->1390M(4096M) 119.189ms
[3116.159s][info][gc             ] GC(648) Concurrent Mark Cycle
[3116.159s][info][gc,marking     ] GC(648) Concurrent Scan Root Regions
[3116.159s][info][gc,cpu         ] GC(647) User=0.71s Sys=0.00s Real=0.12s
[3116.288s][info][gc,marking     ] GC(648) Concurrent Scan Root Regions 129.803ms
[3116.288s][info][gc,marking     ] GC(648) Concurrent Mark
[3116.288s][info][gc,marking     ] GC(648) Concurrent Mark From Roots
[3116.288s][info][gc,task        ] GC(648) Using 2 workers of 2 for marking
.[3116.938s][info][gc,marking     ] GC(648) Concurrent Mark From Roots 649.672ms
[3116.938s][info][gc,marking     ] GC(648) Concurrent Preclean
[3116.939s][info][gc,marking     ] GC(648) Concurrent Preclean 0.512ms
[3116.940s][info][gc,start       ] GC(648) Pause Remark
[3116.944s][info][gc             ] GC(648) Pause Remark 1938M->1938M(4096M) 4.009ms
[3116.944s][info][gc,cpu         ] GC(648) User=0.02s Sys=0.00s Real=0.00s
[3116.944s][info][gc,marking     ] GC(648) Concurrent Mark 655.575ms
[3116.944s][info][gc,marking     ] GC(648) Concurrent Rebuild Remembered Sets and Scrub Regions
[3117.193s][info][gc,marking     ] GC(648) Concurrent Rebuild Remembered Sets and Scrub Regions 248.614ms
[3117.193s][info][gc,start       ] GC(648) Pause Cleanup
[3117.193s][info][gc             ] GC(648) Pause Cleanup 2130M->2130M(4096M) 0.100ms
[3117.193s][info][gc,cpu         ] GC(648) User=0.00s Sys=0.00s Real=0.00s
[3117.193s][info][gc,marking     ] GC(648) Concurrent Clear Claimed Marks
[3117.193s][info][gc,marking     ] GC(648) Concurrent Clear Claimed Marks 0.032ms
[3117.193s][info][gc,marking     ] GC(648) Concurrent Cleanup for Next Mark
[3117.198s][info][gc,marking     ] GC(648) Concurrent Cleanup for Next Mark 5.258ms
[3117.198s][info][gc             ] GC(648) Concurrent Mark Cycle 1039.952ms
..[3119.591s][info][gc,start       ] GC(649) Pause Young (Prepare Mixed) (G1 Evacuation Pause)
[3119.591s][info][gc,task        ] GC(649) Using 6 workers of 6 for evacuation
[3119.707s][info][gc,phases      ] GC(649)   Pre Evacuate Collection Set: 0.34ms
[3119.707s][info][gc,phases      ] GC(649)   Merge Heap Roots: 0.58ms
[3119.707s][info][gc,phases      ] GC(649)   Evacuate Collection Set: 114.48ms
[3119.707s][info][gc,phases      ] GC(649)   Post Evacuate Collection Set: 0.91ms
[3119.707s][info][gc,phases      ] GC(649)   Other: 0.08ms
[3119.707s][info][gc,heap        ] GC(649) Eden regions: 1118->0(1107)
[3119.707s][info][gc,heap        ] GC(649) Survivor regions: 110->110(154)
[3119.707s][info][gc,heap        ] GC(649) Old regions: 507->538
[3119.707s][info][gc,heap        ] GC(649) Humongous regions: 80->80
[3119.707s][info][gc,metaspace   ] GC(649) Metaspace: 28891K(29248K)->28891K(29248K) NonClass: 24023K(24192K)->24023K(24192K) Class: 4868K(5056K)->4868K(5056K)
[3119.707s][info][gc             ] GC(649) Pause Young (Prepare Mixed) (G1 Evacuation Pause) 3626M->1452M(4096M) 116.522ms
[3119.707s][info][gc,cpu         ] GC(649) User=0.69s Sys=0.00s Real=0.12s
....[3123.103s][info][gc,start       ] GC(650) Pause Young (Mixed) (G1 Evacuation Pause)
[3123.103s][info][gc,task        ] GC(650) Using 6 workers of 6 for evacuation
[3123.235s][info][gc,phases      ] GC(650)   Pre Evacuate Collection Set: 0.38ms
[3123.235s][info][gc,phases      ] GC(650)   Merge Heap Roots: 0.62ms
[3123.235s][info][gc,phases      ] GC(650)   Evacuate Collection Set: 129.57ms
[3123.235s][info][gc,phases      ] GC(650)   Post Evacuate Collection Set: 0.93ms
[3123.235s][info][gc,phases      ] GC(650)   Other: 0.09ms
[3123.235s][info][gc,heap        ] GC(650) Eden regions: 1107->0(1119)
[3123.235s][info][gc,heap        ] GC(650) Survivor regions: 110->109(153)
[3123.235s][info][gc,heap        ] GC(650) Old regions: 538->473
[3123.235s][info][gc,heap        ] GC(650) Humongous regions: 80->80
[3123.235s][info][gc,metaspace   ] GC(650) Metaspace: 28891K(29248K)->28891K(29248K) NonClass: 24023K(24192K)->24023K(24192K) Class: 4868K(5056K)->4868K(5056K)
[3123.235s][info][gc             ] GC(650) Pause Young (Mixed) (G1 Evacuation Pause) 3666M->1320M(4096M) 131.719ms
[3123.235s][info][gc,cpu         ] GC(650) User=0.78s Sys=0.00s Real=0.13s
...[3126.698s][info][gc,start       ] GC(651) Pause Young (Concurrent Start) (G1 Evacuation Pause)
[3126.698s][info][gc,task        ] GC(651) Using 6 workers of 6 for evacuation
[3126.816s][info][gc,phases      ] GC(651)   Pre Evacuate Collection Set: 0.40ms
[3126.816s][info][gc,phases      ] GC(651)   Merge Heap Roots: 0.49ms
[3126.816s][info][gc,phases      ] GC(651)   Evacuate Collection Set: 115.70ms
[3126.816s][info][gc,phases      ] GC(651)   Post Evacuate Collection Set: 0.88ms
[3126.816s][info][gc,phases      ] GC(651)   Other: 0.12ms
[3126.816s][info][gc,heap        ] GC(651) Eden regions: 1119->0(1119)
[3126.816s][info][gc,heap        ] GC(651) Survivor regions: 109->109(154)
[3126.816s][info][gc,heap        ] GC(651) Old regions: 473->505
[3126.816s][info][gc,heap        ] GC(651) Humongous regions: 80->80
[3126.816s][info][gc,metaspace   ] GC(651) Metaspace: 28891K(29248K)->28891K(29248K) NonClass: 24023K(24192K)->24023K(24192K) Class: 4868K(5056K)->4868K(5056K)
[3126.816s][info][gc             ] GC(651) Pause Young (Concurrent Start) (G1 Evacuation Pause) 3558M->1384M(4096M) 117.719ms
[3126.816s][info][gc             ] GC(652) Concurrent Mark Cycle
[3126.816s][info][gc,marking     ] GC(652) Concurrent Scan Root Regions
[3126.816s][info][gc,cpu         ] GC(651) User=0.70s Sys=0.00s Real=0.12s
.[3126.987s][info][gc,marking     ] GC(652) Concurrent Scan Root Regions 170.713ms
[3126.987s][info][gc,marking     ] GC(652) Concurrent Mark
[3126.987s][info][gc,marking     ] GC(652) Concurrent Mark From Roots
[3126.987s][info][gc,task        ] GC(652) Using 2 workers of 2 for marking
.[3128.003s][info][gc,marking     ] GC(652) Concurrent Mark From Roots 1016.673ms
[3128.003s][info][gc,marking     ] GC(652) Concurrent Preclean
[3128.004s][info][gc,marking     ] GC(652) Concurrent Preclean 0.511ms
[3128.004s][info][gc,start       ] GC(652) Pause Remark
[3128.007s][info][gc             ] GC(652) Pause Remark 2175M->2175M(4096M) 2.879ms
[3128.007s][info][gc,cpu         ] GC(652) User=0.01s Sys=0.00s Real=0.01s
[3128.007s][info][gc,marking     ] GC(652) Concurrent Mark 1020.300ms
[3128.007s][info][gc,marking     ] GC(652) Concurrent Rebuild Remembered Sets and Scrub Regions
[3128.367s][info][gc,marking     ] GC(652) Concurrent Rebuild Remembered Sets and Scrub Regions 359.872ms
[3128.367s][info][gc,start       ] GC(652) Pause Cleanup
[3128.367s][info][gc             ] GC(652) Pause Cleanup 2425M->2425M(4096M) 0.123ms
[3128.367s][info][gc,cpu         ] GC(652) User=0.00s Sys=0.00s Real=0.00s
[3128.367s][info][gc,marking     ] GC(652) Concurrent Clear Claimed Marks
[3128.367s][info][gc,marking     ] GC(652) Concurrent Clear Claimed Marks 0.022ms
[3128.367s][info][gc,marking     ] GC(652) Concurrent Cleanup for Next Mark
[3128.371s][info][gc,marking     ] GC(652) Concurrent Cleanup for Next Mark 3.905ms
[3128.371s][info][gc             ] GC(652) Concurrent Mark Cycle 1555.234ms
..[3130.279s][info][gc,start       ] GC(653) Pause Young (Prepare Mixed) (G1 Evacuation Pause)
[3130.279s][info][gc,task        ] GC(653) Using 6 workers of 6 for evacuation
[3130.398s][info][gc,phases      ] GC(653)   Pre Evacuate Collection Set: 0.34ms
[3130.398s][info][gc,phases      ] GC(653)   Merge Heap Roots: 0.54ms
[3130.398s][info][gc,phases      ] GC(653)   Evacuate Collection Set: 116.32ms
[3130.398s][info][gc,phases      ] GC(653)   Post Evacuate Collection Set: 0.93ms
[3130.398s][info][gc,phases      ] GC(653)   Other: 0.08ms
[3130.398s][info][gc,heap        ] GC(653) Eden regions: 1119->0(1108)
[3130.398s][info][gc,heap        ] GC(653) Survivor regions: 109->110(154)
[3130.398s][info][gc,heap        ] GC(653) Old regions: 505->537
[3130.398s][info][gc,heap        ] GC(653) Humongous regions: 80->80
[3130.398s][info][gc,metaspace   ] GC(653) Metaspace: 28891K(29248K)->28891K(29248K) NonClass: 24023K(24192K)->24023K(24192K) Class: 4868K(5056K)->4868K(5056K)
[3130.398s][info][gc             ] GC(653) Pause Young (Prepare Mixed) (G1 Evacuation Pause) 3622M->1451M(4096M) 118.348ms
[3130.398s][info][gc,cpu         ] GC(653) User=0.71s Sys=0.00s Real=0.12s
.. (rIR:aIR:PR = 5258:5260:5259) (tPR = 78329) [OK] 
  3131s: Performance info:
         Transaction,    Success,    Partial,     Failed,   Receipts, AvgBarcode, 
             Overall,     318690,          0,          0,     302761,      59.47, 
         Response times:
             Request,    Success,    Partial,     Failed,   SkipFail,     Probes,    Samples,      min,      p50,      p90,      p95,      p99,      max, 
       TotalPurchase,     302844,          0,          0,          0,     296838,     316750,      300,     4100,     8900,    22000,    62000,   274000,
     InStorePurchase,     159409,          0,          0,          0,     156244,     166486,      300,     4200,     8900,    22000,    62000,   274000,
      OnlinePurchase,     111565,          0,          0,          0,     109597,     116855,      300,     4100,     8700,    21000,    62000,   206000,
        InstPurchase,      31870,          0,          0,          0,      30997,      33409,      400,     4100,     8800,    21000,    63000,   191000,
          AssocOfCat,        321,          0,          0,          0,        232,        293,    21000,    33000,    55000,    71300,   177140,   294000,
      AssocOfProduct,       3184,          0,          0,          0,       2922,       3315,      400,     3500,     7800,    18600,    58840,   206000,
      BusinessReport,        791,          0,          0,          0,        691,        856,    23000,    36000,    65600,    98000,   173150,   237000,
          CustBuyBeh,       3189,          0,          0,          0,       3031,       3500,      200,     4800,     9790,    27950,    61000,   148000,
       ProductReturn,       8448,          0,          0,          0,       8018,       8814,      300,     3900,     8700,    19925,    62000,   193000,

  3131s: (39%)   IR =   5396 .[3133.796s][info][gc,start       ] GC(654) Pause Young (Mixed) (G1 Evacuation Pause)
[3133.796s][info][gc,task        ] GC(654) Using 6 workers of 6 for evacuation
[3133.932s][info][gc,phases      ] GC(654)   Pre Evacuate Collection Set: 0.37ms
[3133.932s][info][gc,phases      ] GC(654)   Merge Heap Roots: 0.74ms
[3133.932s][info][gc,phases      ] GC(654)   Evacuate Collection Set: 133.59ms
[3133.932s][info][gc,phases      ] GC(654)   Post Evacuate Collection Set: 0.95ms
[3133.932s][info][gc,phases      ] GC(654)   Other: 0.09ms
[3133.932s][info][gc,heap        ] GC(654) Eden regions: 1108->0(1119)
[3133.932s][info][gc,heap        ] GC(654) Survivor regions: 110->109(153)
[3133.932s][info][gc,heap        ] GC(654) Old regions: 537->474
[3133.932s][info][gc,heap        ] GC(654) Humongous regions: 80->80
[3133.932s][info][gc,metaspace   ] GC(654) Metaspace: 28891K(29248K)->28891K(29248K) NonClass: 24023K(24192K)->24023K(24192K) Class: 4868K(5056K)->4868K(5056K)
[3133.932s][info][gc             ] GC(654) Pause Young (Mixed) (G1 Evacuation Pause) 3667M->1323M(4096M) 135.875ms
[3133.932s][info][gc,cpu         ] GC(654) User=0.81s Sys=0.00s Real=0.13s
...|.[3137.350s][info][gc,start       ] GC(655) Pause Young (Concurrent Start) (G1 Evacuation Pause)
[3137.350s][info][gc,task        ] GC(655) Using 6 workers of 6 for evacuation
[3137.465s][info][gc,phases      ] GC(655)   Pre Evacuate Collection Set: 0.34ms
[3137.465s][info][gc,phases      ] GC(655)   Merge Heap Roots: 0.47ms
[3137.465s][info][gc,phases      ] GC(655)   Evacuate Collection Set: 113.35ms
[3137.465s][info][gc,phases      ] GC(655)   Post Evacuate Collection Set: 0.87ms
[3137.465s][info][gc,phases      ] GC(655)   Other: 0.12ms
[3137.465s][info][gc,heap        ] GC(655) Eden regions: 1119->0(1119)
[3137.465s][info][gc,heap        ] GC(655) Survivor regions: 109->109(154)
[3137.465s][info][gc,heap        ] GC(655) Old regions: 474->505
[3137.465s][info][gc,heap        ] GC(655) Humongous regions: 80->80
[3137.465s][info][gc,metaspace   ] GC(655) Metaspace: 28892K(29248K)->28892K(29248K) NonClass: 24024K(24192K)->24024K(24192K) Class: 4868K(5056K)->4868K(5056K)
[3137.465s][info][gc             ] GC(655) Pause Young (Concurrent Start) (G1 Evacuation Pause) 3561M->1384M(4096M) 115.284ms
[3137.465s][info][gc             ] GC(656) Concurrent Mark Cycle
[3137.465s][info][gc,marking     ] GC(656) Concurrent Scan Root Regions
[3137.465s][info][gc,cpu         ] GC(655) User=0.69s Sys=0.00s Real=0.12s
[3137.626s][info][gc,marking     ] GC(656) Concurrent Scan Root Regions 161.147ms
[3137.626s][info][gc,marking     ] GC(656) Concurrent Mark
[3137.626s][info][gc,marking     ] GC(656) Concurrent Mark From Roots
[3137.626s][info][gc,task        ] GC(656) Using 2 workers of 2 for marking
.[3138.248s][info][gc,marking     ] GC(656) Concurrent Mark From Roots 621.285ms
[3138.248s][info][gc,marking     ] GC(656) Concurrent Preclean
[3138.249s][info][gc,marking     ] GC(656) Concurrent Preclean 0.987ms
[3138.249s][info][gc,start       ] GC(656) Pause Remark
[3138.253s][info][gc             ] GC(656) Pause Remark 1932M->1932M(4096M) 3.903ms
[3138.253s][info][gc,cpu         ] GC(656) User=0.02s Sys=0.00s Real=0.00s
[3138.253s][info][gc,marking     ] GC(656) Concurrent Mark 626.478ms
[3138.253s][info][gc,marking     ] GC(656) Concurrent Rebuild Remembered Sets and Scrub Regions
[3138.464s][info][gc,marking     ] GC(656) Concurrent Rebuild Remembered Sets and Scrub Regions 211.474ms
[3138.465s][info][gc,start       ] GC(656) Pause Cleanup
[3138.465s][info][gc             ] GC(656) Pause Cleanup 2069M->2069M(4096M) 0.114ms
[3138.465s][info][gc,cpu         ] GC(656) User=0.00s Sys=0.00s Real=0.00s
[3138.465s][info][gc,marking     ] GC(656) Concurrent Clear Claimed Marks
[3138.465s][info][gc,marking     ] GC(656) Concurrent Clear Claimed Marks 0.028ms
[3138.465s][info][gc,marking     ] GC(656) Concurrent Cleanup for Next Mark
[3138.469s][info][gc,marking     ] GC(656) Concurrent Cleanup for Next Mark 3.626ms
[3138.469s][info][gc             ] GC(656) Concurrent Mark Cycle 1003.706ms
..[3140.791s][info][gc,start       ] GC(657) Pause Young (Prepare Mixed) (G1 Evacuation Pause)
[3140.791s][info][gc,task        ] GC(657) Using 6 workers of 6 for evacuation
[3140.908s][info][gc,phases      ] GC(657)   Pre Evacuate Collection Set: 0.32ms
[3140.908s][info][gc,phases      ] GC(657)   Merge Heap Roots: 0.53ms
[3140.908s][info][gc,phases      ] GC(657)   Evacuate Collection Set: 115.66ms
[3140.908s][info][gc,phases      ] GC(657)   Post Evacuate Collection Set: 0.88ms
[3140.908s][info][gc,phases      ] GC(657)   Other: 0.09ms
[3140.909s][info][gc,heap        ] GC(657) Eden regions: 1119->0(1107)
[3140.909s][info][gc,heap        ] GC(657) Survivor regions: 109->110(154)
[3140.909s][info][gc,heap        ] GC(657) Old regions: 505->538
[3140.909s][info][gc,heap        ] GC(657) Humongous regions: 80->80
[3140.909s][info][gc,metaspace   ] GC(657) Metaspace: 28892K(29248K)->28892K(29248K) NonClass: 24024K(24192K)->24024K(24192K) Class: 4868K(5056K)->4868K(5056K)
[3140.909s][info][gc             ] GC(657) Pause Young (Prepare Mixed) (G1 Evacuation Pause) 3622M->1452M(4096M) 117.602ms
[3140.909s][info][gc,cpu         ] GC(657) User=0.70s Sys=0.00s Real=0.12s
....[3144.246s][info][gc,start       ] GC(658) Pause Young (Mixed) (G1 Evacuation Pause)
[3144.246s][info][gc,task        ] GC(658) Using 6 workers of 6 for evacuation
[3144.376s][info][gc,phases      ] GC(658)   Pre Evacuate Collection Set: 0.35ms
[3144.376s][info][gc,phases      ] GC(658)   Merge Heap Roots: 0.66ms
[3144.376s][info][gc,phases      ] GC(658)   Evacuate Collection Set: 127.61ms
[3144.376s][info][gc,phases      ] GC(658)   Post Evacuate Collection Set: 0.95ms
[3144.376s][info][gc,phases      ] GC(658)   Other: 0.09ms
[3144.376s][info][gc,heap        ] GC(658) Eden regions: 1107->0(1121)
[3144.376s][info][gc,heap        ] GC(658) Survivor regions: 110->107(153)
[3144.376s][info][gc,heap        ] GC(658) Old regions: 538->473
[3144.376s][info][gc,heap        ] GC(658) Humongous regions: 80->80
[3144.376s][info][gc,metaspace   ] GC(658) Metaspace: 28892K(29248K)->28892K(29248K) NonClass: 24024K(24192K)->24024K(24192K) Class: 4868K(5056K)->4868K(5056K)
[3144.376s][info][gc             ] GC(658) Pause Young (Mixed) (G1 Evacuation Pause) 3666M->1316M(4096M) 129.794ms
[3144.376s][info][gc,cpu         ] GC(658) User=0.77s Sys=0.00s Real=0.13s
...[3147.729s][info][gc,start       ] GC(659) Pause Young (Concurrent Start) (G1 Evacuation Pause)
[3147.729s][info][gc,task        ] GC(659) Using 6 workers of 6 for evacuation
[3147.848s][info][gc,phases      ] GC(659)   Pre Evacuate Collection Set: 0.38ms
[3147.848s][info][gc,phases      ] GC(659)   Merge Heap Roots: 0.48ms
[3147.848s][info][gc,phases      ] GC(659)   Evacuate Collection Set: 117.31ms
[3147.848s][info][gc,phases      ] GC(659)   Post Evacuate Collection Set: 0.88ms
[3147.848s][info][gc,phases      ] GC(659)   Other: 0.13ms
[3147.848s][info][gc,heap        ] GC(659) Eden regions: 1121->0(1117)
[3147.848s][info][gc,heap        ] GC(659) Survivor regions: 107->111(154)
[3147.848s][info][gc,heap        ] GC(659) Old regions: 473->504
[3147.848s][info][gc,heap        ] GC(659) Humongous regions: 80->80
[3147.848s][info][gc,metaspace   ] GC(659) Metaspace: 28892K(29248K)->28892K(29248K) NonClass: 24024K(24192K)->24024K(24192K) Class: 4868K(5056K)->4868K(5056K)
[3147.848s][info][gc             ] GC(659) Pause Young (Concurrent Start) (G1 Evacuation Pause) 3558M->1387M(4096M) 119.298ms
[3147.848s][info][gc             ] GC(660) Concurrent Mark Cycle
[3147.848s][info][gc,marking     ] GC(660) Concurrent Scan Root Regions
[3147.849s][info][gc,cpu         ] GC(659) User=0.71s Sys=0.00s Real=0.12s
[3147.985s][info][gc,marking     ] GC(660) Concurrent Scan Root Regions 136.704ms
[3147.985s][info][gc,marking     ] GC(660) Concurrent Mark
[3147.985s][info][gc,marking     ] GC(660) Concurrent Mark From Roots
[3147.985s][info][gc,task        ] GC(660) Using 2 workers of 2 for marking
.[3148.681s][info][gc,marking     ] GC(660) Concurrent Mark From Roots 695.762ms
[3148.681s][info][gc,marking     ] GC(660) Concurrent Preclean
[3148.681s][info][gc,marking     ] GC(660) Concurrent Preclean 0.378ms
[3148.682s][info][gc,start       ] GC(660) Pause Remark
[3148.685s][info][gc             ] GC(660) Pause Remark 2017M->2017M(4096M) 3.039ms
[3148.685s][info][gc,cpu         ] GC(660) User=0.02s Sys=0.00s Real=0.00s
[3148.685s][info][gc,marking     ] GC(660) Concurrent Mark 699.435ms
[3148.685s][info][gc,marking     ] GC(660) Concurrent Rebuild Remembered Sets and Scrub Regions
[3148.986s][info][gc,marking     ] GC(660) Concurrent Rebuild Remembered Sets and Scrub Regions 301.201ms
[3148.986s][info][gc,start       ] GC(660) Pause Cleanup
[3148.986s][info][gc             ] GC(660) Pause Cleanup 2214M->2214M(4096M) 0.102ms
[3148.986s][info][gc,cpu         ] GC(660) User=0.00s Sys=0.00s Real=0.00s
[3148.986s][info][gc,marking     ] GC(660) Concurrent Clear Claimed Marks
[3148.986s][info][gc,marking     ] GC(660) Concurrent Clear Claimed Marks 0.024ms
[3148.986s][info][gc,marking     ] GC(660) Concurrent Cleanup for Next Mark
[3148.991s][info][gc,marking     ] GC(660) Concurrent Cleanup for Next Mark 4.796ms
[3148.991s][info][gc             ] GC(660) Concurrent Mark Cycle 1142.741ms
...[3151.208s][info][gc,start       ] GC(661) Pause Young (Prepare Mixed) (G1 Evacuation Pause)
[3151.208s][info][gc,task        ] GC(661) Using 6 workers of 6 for evacuation
[3151.329s][info][gc,phases      ] GC(661)   Pre Evacuate Collection Set: 0.29ms
[3151.329s][info][gc,phases      ] GC(661)   Merge Heap Roots: 0.54ms
[3151.329s][info][gc,phases      ] GC(661)   Evacuate Collection Set: 118.28ms
[3151.329s][info][gc,phases      ] GC(661)   Post Evacuate Collection Set: 0.92ms
[3151.329s][info][gc,phases      ] GC(661)   Other: 0.08ms
[3151.329s][info][gc,heap        ] GC(661) Eden regions: 1117->0(1109)
[3151.329s][info][gc,heap        ] GC(661) Survivor regions: 111->110(154)
[3151.329s][info][gc,heap        ] GC(661) Old regions: 504->536
[3151.329s][info][gc,heap        ] GC(661) Humongous regions: 80->80
[3151.329s][info][gc,metaspace   ] GC(661) Metaspace: 28892K(29248K)->28892K(29248K) NonClass: 24024K(24192K)->24024K(24192K) Class: 4868K(5056K)->4868K(5056K)
[3151.329s][info][gc             ] GC(661) Pause Young (Prepare Mixed) (G1 Evacuation Pause) 3621M->1449M(4096M) 120.243ms
[3151.329s][info][gc,cpu         ] GC(661) User=0.72s Sys=0.00s Real=0.12s
...[3154.625s][info][gc,start       ] GC(662) Pause Young (Mixed) (G1 Evacuation Pause)
[3154.625s][info][gc,task        ] GC(662) Using 6 workers of 6 for evacuation
[3154.757s][info][gc,phases      ] GC(662)   Pre Evacuate Collection Set: 0.34ms
[3154.757s][info][gc,phases      ] GC(662)   Merge Heap Roots: 0.65ms
[3154.757s][info][gc,phases      ] GC(662)   Evacuate Collection Set: 129.69ms
[3154.757s][info][gc,phases      ] GC(662)   Post Evacuate Collection Set: 0.91ms
[3154.757s][info][gc,phases      ] GC(662)   Other: 0.09ms
[3154.757s][info][gc,heap        ] GC(662) Eden regions: 1109->0(1120)
[3154.757s][info][gc,heap        ] GC(662) Survivor regions: 110->108(153)
[3154.757s][info][gc,heap        ] GC(662) Old regions: 536->473
[3154.757s][info][gc,heap        ] GC(662) Humongous regions: 80->80
[3154.757s][info][gc,metaspace   ] GC(662) Metaspace: 28892K(29248K)->28892K(29248K) NonClass: 24024K(24192K)->24024K(24192K) Class: 4868K(5056K)->4868K(5056K)
[3154.757s][info][gc             ] GC(662) Pause Young (Mixed) (G1 Evacuation Pause) 3667M->1318M(4096M) 131.828ms
[3154.757s][info][gc,cpu         ] GC(662) User=0.78s Sys=0.00s Real=0.13s
...[3158.143s][info][gc,start       ] GC(663) Pause Young (Concurrent Start) (G1 Evacuation Pause)
[3158.143s][info][gc,task        ] GC(663) Using 6 workers of 6 for evacuation
[3158.257s][info][gc,phases      ] GC(663)   Pre Evacuate Collection Set: 0.36ms
[3158.257s][info][gc,phases      ] GC(663)   Merge Heap Roots: 0.49ms
[3158.257s][info][gc,phases      ] GC(663)   Evacuate Collection Set: 112.13ms
[3158.257s][info][gc,phases      ] GC(663)   Post Evacuate Collection Set: 0.87ms
[3158.257s][info][gc,phases      ] GC(663)   Other: 0.15ms
[3158.257s][info][gc,heap        ] GC(663) Eden regions: 1120->0(1121)
[3158.257s][info][gc,heap        ] GC(663) Survivor regions: 108->107(154)
[3158.257s][info][gc,heap        ] GC(663) Old regions: 473->505
[3158.257s][info][gc,heap        ] GC(663) Humongous regions: 80->80
[3158.257s][info][gc,metaspace   ] GC(663) Metaspace: 28893K(29248K)->28893K(29248K) NonClass: 24025K(24192K)->24025K(24192K) Class: 4868K(5056K)->4868K(5056K)
[3158.257s][info][gc             ] GC(663) Pause Young (Concurrent Start) (G1 Evacuation Pause) 3558M->1381M(4096M) 114.134ms
[3158.257s][info][gc             ] GC(664) Concurrent Mark Cycle
[3158.257s][info][gc,marking     ] GC(664) Concurrent Scan Root Regions
[3158.257s][info][gc,cpu         ] GC(663) User=0.68s Sys=0.00s Real=0.12s
.[3158.388s][info][gc,marking     ] GC(664) Concurrent Scan Root Regions 131.104ms
[3158.388s][info][gc,marking     ] GC(664) Concurrent Mark
[3158.388s][info][gc,marking     ] GC(664) Concurrent Mark From Roots
[3158.388s][info][gc,task        ] GC(664) Using 2 workers of 2 for marking
[3159.022s][info][gc,marking     ] GC(664) Concurrent Mark From Roots 633.919ms
[3159.022s][info][gc,marking     ] GC(664) Concurrent Preclean
[3159.023s][info][gc,marking     ] GC(664) Concurrent Preclean 0.557ms
[3159.023s][info][gc,start       ] GC(664) Pause Remark
[3159.027s][info][gc             ] GC(664) Pause Remark 1918M->1918M(4096M) 3.500ms
[3159.027s][info][gc,cpu         ] GC(664) User=0.01s Sys=0.00s Real=0.01s
[3159.027s][info][gc,marking     ] GC(664) Concurrent Mark 638.306ms
[3159.027s][info][gc,marking     ] GC(664) Concurrent Rebuild Remembered Sets and Scrub Regions
.[3159.328s][info][gc,marking     ] GC(664) Concurrent Rebuild Remembered Sets and Scrub Regions 301.379ms
[3159.329s][info][gc,start       ] GC(664) Pause Cleanup
[3159.329s][info][gc             ] GC(664) Pause Cleanup 2137M->2137M(4096M) 0.128ms
[3159.329s][info][gc,cpu         ] GC(664) User=0.00s Sys=0.00s Real=0.00s
[3159.330s][info][gc,marking     ] GC(664) Concurrent Clear Claimed Marks
[3159.330s][info][gc,marking     ] GC(664) Concurrent Clear Claimed Marks 0.038ms
[3159.330s][info][gc,marking     ] GC(664) Concurrent Cleanup for Next Mark
[3159.335s][info][gc,marking     ] GC(664) Concurrent Cleanup for Next Mark 5.171ms
[3159.335s][info][gc             ] GC(664) Concurrent Mark Cycle 1077.701ms
..[3161.612s][info][gc,start       ] GC(665) Pause Young (Prepare Mixed) (G1 Evacuation Pause)
[3161.612s][info][gc,task        ] GC(665) Using 6 workers of 6 for evacuation
[3161.728s][info][gc,phases      ] GC(665)   Pre Evacuate Collection Set: 0.31ms
[3161.728s][info][gc,phases      ] GC(665)   Merge Heap Roots: 0.55ms
[3161.728s][info][gc,phases      ] GC(665)   Evacuate Collection Set: 114.06ms
[3161.728s][info][gc,phases      ] GC(665)   Post Evacuate Collection Set: 0.89ms
[3161.728s][info][gc,phases      ] GC(665)   Other: 0.09ms
[3161.728s][info][gc,heap        ] GC(665) Eden regions: 1121->0(1112)
[3161.728s][info][gc,heap        ] GC(665) Survivor regions: 107->108(154)
[3161.728s][info][gc,heap        ] GC(665) Old regions: 505->537
[3161.728s][info][gc,heap        ] GC(665) Humongous regions: 80->80
[3161.728s][info][gc,metaspace   ] GC(665) Metaspace: 28893K(29248K)->28893K(29248K) NonClass: 24025K(24192K)->24025K(24192K) Class: 4868K(5056K)->4868K(5056K)
[3161.728s][info][gc             ] GC(665) Pause Young (Prepare Mixed) (G1 Evacuation Pause) 3623M->1446M(4096M) 116.031ms
[3161.728s][info][gc,cpu         ] GC(665) User=0.69s Sys=0.00s Real=0.12s
...[3165.157s][info][gc,start       ] GC(666) Pause Young (Mixed) (G1 Evacuation Pause)
[3165.158s][info][gc,task        ] GC(666) Using 6 workers of 6 for evacuation
[3165.290s][info][gc,phases      ] GC(666)   Pre Evacuate Collection Set: 0.41ms
[3165.291s][info][gc,phases      ] GC(666)   Merge Heap Roots: 0.70ms
[3165.291s][info][gc,phases      ] GC(666)   Evacuate Collection Set: 130.73ms
[3165.291s][info][gc,phases      ] GC(666)   Post Evacuate Collection Set: 1.00ms
[3165.291s][info][gc,phases      ] GC(666)   Other: 0.10ms
[3165.291s][info][gc,heap        ] GC(666) Eden regions: 1112->0(1118)
[3165.291s][info][gc,heap        ] GC(666) Survivor regions: 108->110(153)
[3165.291s][info][gc,heap        ] GC(666) Old regions: 537->472
[3165.291s][info][gc,heap        ] GC(666) Humongous regions: 80->80
[3165.291s][info][gc,metaspace   ] GC(666) Metaspace: 28893K(29248K)->28893K(29248K) NonClass: 24025K(24192K)->24025K(24192K) Class: 4868K(5056K)->4868K(5056K)
[3165.291s][info][gc             ] GC(666) Pause Young (Mixed) (G1 Evacuation Pause) 3670M->1320M(4096M) 133.107ms
[3165.291s][info][gc,cpu         ] GC(666) User=0.80s Sys=0.00s Real=0.13s
....[3168.586s][info][gc,start       ] GC(667) Pause Young (Concurrent Start) (G1 Evacuation Pause)
[3168.586s][info][gc,task        ] GC(667) Using 6 workers of 6 for evacuation
[3168.705s][info][gc,phases      ] GC(667)   Pre Evacuate Collection Set: 0.35ms
[3168.705s][info][gc,phases      ] GC(667)   Merge Heap Roots: 0.47ms
[3168.705s][info][gc,phases      ] GC(667)   Evacuate Collection Set: 116.82ms
[3168.705s][info][gc,phases      ] GC(667)   Post Evacuate Collection Set: 0.87ms
[3168.705s][info][gc,phases      ] GC(667)   Other: 0.11ms
[3168.705s][info][gc,heap        ] GC(667) Eden regions: 1118->0(1118)
[3168.705s][info][gc,heap        ] GC(667) Survivor regions: 110->110(154)
[3168.705s][info][gc,heap        ] GC(667) Old regions: 472->504
[3168.705s][info][gc,heap        ] GC(667) Humongous regions: 80->80
[3168.705s][info][gc,metaspace   ] GC(667) Metaspace: 28893K(29248K)->28893K(29248K) NonClass: 24025K(24192K)->24025K(24192K) Class: 4868K(5056K)->4868K(5056K)
[3168.705s][info][gc             ] GC(667) Pause Young (Concurrent Start) (G1 Evacuation Pause) 3556M->1385M(4096M) 118.738ms
[3168.705s][info][gc             ] GC(668) Concurrent Mark Cycle
[3168.705s][info][gc,marking     ] GC(668) Concurrent Scan Root Regions
[3168.705s][info][gc,cpu         ] GC(667) User=0.71s Sys=0.00s Real=0.12s
[3168.837s][info][gc,marking     ] GC(668) Concurrent Scan Root Regions 132.162ms
[3168.837s][info][gc,marking     ] GC(668) Concurrent Mark
[3168.837s][info][gc,marking     ] GC(668) Concurrent Mark From Roots
[3168.837s][info][gc,task        ] GC(668) Using 2 workers of 2 for marking
.[3169.511s][info][gc,marking     ] GC(668) Concurrent Mark From Roots 673.955ms
[3169.511s][info][gc,marking     ] GC(668) Concurrent Preclean
[3169.512s][info][gc,marking     ] GC(668) Concurrent Preclean 0.362ms
[3169.512s][info][gc,start       ] GC(668) Pause Remark
[3169.515s][info][gc             ] GC(668) Pause Remark 1986M->1986M(4096M) 3.259ms
[3169.515s][info][gc,cpu         ] GC(668) User=0.01s Sys=0.00s Real=0.01s
[3169.515s][info][gc,marking     ] GC(668) Concurrent Mark 677.840ms
[3169.515s][info][gc,marking     ] GC(668) Concurrent Rebuild Remembered Sets and Scrub Regions
[3169.758s][info][gc,marking     ] GC(668) Concurrent Rebuild Remembered Sets and Scrub Regions 243.086ms
[3169.758s][info][gc,start       ] GC(668) Pause Cleanup
[3169.758s][info][gc             ] GC(668) Pause Cleanup 2147M->2147M(4096M) 0.103ms
[3169.758s][info][gc,cpu         ] GC(668) User=0.01s Sys=0.00s Real=0.00s
[3169.759s][info][gc,marking     ] GC(668) Concurrent Clear Claimed Marks
[3169.759s][info][gc,marking     ] GC(668) Concurrent Clear Claimed Marks 0.026ms
[3169.759s][info][gc,marking     ] GC(668) Concurrent Cleanup for Next Mark
[3169.762s][info][gc,marking     ] GC(668) Concurrent Cleanup for Next Mark 3.711ms
[3169.762s][info][gc             ] GC(668) Concurrent Mark Cycle 1057.253ms
..[3172.018s][info][gc,start       ] GC(669) Pause Young (Prepare Mixed) (G1 Evacuation Pause)
[3172.018s][info][gc,task        ] GC(669) Using 6 workers of 6 for evacuation
[3172.136s][info][gc,phases      ] GC(669)   Pre Evacuate Collection Set: 0.31ms
[3172.136s][info][gc,phases      ] GC(669)   Merge Heap Roots: 0.54ms
[3172.136s][info][gc,phases      ] GC(669)   Evacuate Collection Set: 115.98ms
[3172.136s][info][gc,phases      ] GC(669)   Post Evacuate Collection Set: 0.94ms
[3172.136s][info][gc,phases      ] GC(669)   Other: 0.09ms
[3172.136s][info][gc,heap        ] GC(669) Eden regions: 1118->0(1110)
[3172.136s][info][gc,heap        ] GC(669) Survivor regions: 110->109(154)
[3172.136s][info][gc,heap        ] GC(669) Old regions: 504->537
[3172.136s][info][gc,heap        ] GC(669) Humongous regions: 80->80
[3172.136s][info][gc,metaspace   ] GC(669) Metaspace: 28893K(29248K)->28893K(29248K) NonClass: 24025K(24192K)->24025K(24192K) Class: 4868K(5056K)->4868K(5056K)
[3172.136s][info][gc             ] GC(669) Pause Young (Prepare Mixed) (G1 Evacuation Pause) 3621M->1449M(4096M) 117.986ms
[3172.136s][info][gc,cpu         ] GC(669) User=0.70s Sys=0.00s Real=0.12s
....[3175.514s][info][gc,start       ] GC(670) Pause Young (Mixed) (G1 Evacuation Pause)
[3175.514s][info][gc,task        ] GC(670) Using 6 workers of 6 for evacuation
[3175.652s][info][gc,phases      ] GC(670)   Pre Evacuate Collection Set: 0.38ms
[3175.652s][info][gc,phases      ] GC(670)   Merge Heap Roots: 0.74ms
[3175.652s][info][gc,phases      ] GC(670)   Evacuate Collection Set: 135.21ms
[3175.652s][info][gc,phases      ] GC(670)   Post Evacuate Collection Set: 0.92ms
[3175.652s][info][gc,phases      ] GC(670)   Other: 0.09ms
[3175.652s][info][gc,heap        ] GC(670) Eden regions: 1110->0(1116)
[3175.652s][info][gc,heap        ] GC(670) Survivor regions: 109->112(153)
[3175.652s][info][gc,heap        ] GC(670) Old regions: 537->472
[3175.652s][info][gc,heap        ] GC(670) Humongous regions: 80->80
[3175.652s][info][gc,metaspace   ] GC(670) Metaspace: 28893K(29248K)->28893K(29248K) NonClass: 24025K(24192K)->24025K(24192K) Class: 4868K(5056K)->4868K(5056K)
[3175.652s][info][gc             ] GC(670) Pause Young (Mixed) (G1 Evacuation Pause) 3669M->1326M(4096M) 137.469ms
[3175.652s][info][gc,cpu         ] GC(670) User=0.82s Sys=0.00s Real=0.14s
...[3178.971s][info][gc,start       ] GC(671) Pause Young (Concurrent Start) (G1 Evacuation Pause)
[3178.971s][info][gc,task        ] GC(671) Using 6 workers of 6 for evacuation
[3179.090s][info][gc,phases      ] GC(671)   Pre Evacuate Collection Set: 0.40ms
[3179.090s][info][gc,phases      ] GC(671)   Merge Heap Roots: 0.48ms
[3179.090s][info][gc,phases      ] GC(671)   Evacuate Collection Set: 117.77ms
[3179.090s][info][gc,phases      ] GC(671)   Post Evacuate Collection Set: 0.86ms
[3179.090s][info][gc,phases      ] GC(671)   Other: 0.12ms
[3179.090s][info][gc,heap        ] GC(671) Eden regions: 1116->0(1116)
[3179.090s][info][gc,heap        ] GC(671) Survivor regions: 112->112(154)
[3179.090s][info][gc,heap        ] GC(671) Old regions: 472->504
[3179.090s][info][gc,heap        ] GC(671) Humongous regions: 80->80
[3179.090s][info][gc,metaspace   ] GC(671) Metaspace: 28893K(29248K)->28893K(29248K) NonClass: 24025K(24192K)->24025K(24192K) Class: 4868K(5056K)->4868K(5056K)
[3179.091s][info][gc             ] GC(671) Pause Young (Concurrent Start) (G1 Evacuation Pause) 3558M->1390M(4096M) 119.757ms
[3179.091s][info][gc             ] GC(672) Concurrent Mark Cycle
[3179.091s][info][gc,marking     ] GC(672) Concurrent Scan Root Regions
[3179.091s][info][gc,cpu         ] GC(671) User=0.71s Sys=0.00s Real=0.12s
[3179.298s][info][gc,marking     ] GC(672) Concurrent Scan Root Regions 207.554ms
[3179.298s][info][gc,marking     ] GC(672) Concurrent Mark
[3179.298s][info][gc,marking     ] GC(672) Concurrent Mark From Roots
[3179.298s][info][gc,task        ] GC(672) Using 2 workers of 2 for marking
.[3180.080s][info][gc,marking     ] GC(672) Concurrent Mark From Roots 781.850ms
[3180.080s][info][gc,marking     ] GC(672) Concurrent Preclean
[3180.081s][info][gc,marking     ] GC(672) Concurrent Preclean 0.885ms
[3180.082s][info][gc,start       ] GC(672) Pause Remark
[3180.086s][info][gc             ] GC(672) Pause Remark 2116M->2116M(4096M) 3.939ms
[3180.086s][info][gc,cpu         ] GC(672) User=0.02s Sys=0.00s Real=0.01s
[3180.087s][info][gc,marking     ] GC(672) Concurrent Mark 788.671ms
[3180.087s][info][gc,marking     ] GC(672) Concurrent Rebuild Remembered Sets and Scrub Regions
[3180.330s][info][gc,marking     ] GC(672) Concurrent Rebuild Remembered Sets and Scrub Regions 243.095ms
[3180.331s][info][gc,start       ] GC(672) Pause Cleanup
[3180.331s][info][gc             ] GC(672) Pause Cleanup 2274M->2274M(4096M) 0.120ms
[3180.331s][info][gc,cpu         ] GC(672) User=0.00s Sys=0.00s Real=0.00s
[3180.331s][info][gc,marking     ] GC(672) Concurrent Clear Claimed Marks
[3180.331s][info][gc,marking     ] GC(672) Concurrent Clear Claimed Marks 0.024ms
[3180.331s][info][gc,marking     ] GC(672) Concurrent Cleanup for Next Mark
[3180.336s][info][gc,marking     ] GC(672) Concurrent Cleanup for Next Mark 4.641ms
[3180.336s][info][gc             ] GC(672) Concurrent Mark Cycle 1245.248ms
...[3182.396s][info][gc,start       ] GC(673) Pause Young (Prepare Mixed) (G1 Evacuation Pause)
[3182.396s][info][gc,task        ] GC(673) Using 6 workers of 6 for evacuation
[3182.515s][info][gc,phases      ] GC(673)   Pre Evacuate Collection Set: 0.35ms
[3182.515s][info][gc,phases      ] GC(673)   Merge Heap Roots: 0.57ms
[3182.515s][info][gc,phases      ] GC(673)   Evacuate Collection Set: 116.75ms
[3182.515s][info][gc,phases      ] GC(673)   Post Evacuate Collection Set: 0.94ms
[3182.515s][info][gc,phases      ] GC(673)   Other: 0.09ms
[3182.515s][info][gc,heap        ] GC(673) Eden regions: 1116->0(1109)
[3182.515s][info][gc,heap        ] GC(673) Survivor regions: 112->110(154)
[3182.515s][info][gc,heap        ] GC(673) Old regions: 504->536
[3182.515s][info][gc,heap        ] GC(673) Humongous regions: 80->80
[3182.515s][info][gc,metaspace   ] GC(673) Metaspace: 28893K(29248K)->28893K(29248K) NonClass: 24025K(24192K)->24025K(24192K) Class: 4868K(5056K)->4868K(5056K)
[3182.515s][info][gc             ] GC(673) Pause Young (Prepare Mixed) (G1 Evacuation Pause) 3622M->1449M(4096M) 118.816ms
[3182.515s][info][gc,cpu         ] GC(673) User=0.70s Sys=0.00s Real=0.12s
...[3185.873s][info][gc,start       ] GC(674) Pause Young (Mixed) (G1 Evacuation Pause)
[3185.873s][info][gc,task        ] GC(674) Using 6 workers of 6 for evacuation
[3186.015s][info][gc,phases      ] GC(674)   Pre Evacuate Collection Set: 0.35ms
[3186.015s][info][gc,phases      ] GC(674)   Merge Heap Roots: 0.74ms
[3186.015s][info][gc,phases      ] GC(674)   Evacuate Collection Set: 138.94ms
[3186.015s][info][gc,phases      ] GC(674)   Post Evacuate Collection Set: 0.96ms
[3186.015s][info][gc,phases      ] GC(674)   Other: 0.09ms
[3186.015s][info][gc,heap        ] GC(674) Eden regions: 1109->0(1115)
[3186.015s][info][gc,heap        ] GC(674) Survivor regions: 110->113(153)
[3186.015s][info][gc,heap        ] GC(674) Old regions: 536->473
[3186.015s][info][gc,heap        ] GC(674) Humongous regions: 80->80
[3186.015s][info][gc,metaspace   ] GC(674) Metaspace: 28894K(29248K)->28894K(29248K) NonClass: 24026K(24192K)->24026K(24192K) Class: 4868K(5056K)->4868K(5056K)
[3186.015s][info][gc             ] GC(674) Pause Young (Mixed) (G1 Evacuation Pause) 3667M->1328M(4096M) 141.209ms
[3186.015s][info][gc,cpu         ] GC(674) User=0.84s Sys=0.00s Real=0.14s
....[3189.391s][info][gc,start       ] GC(675) Pause Young (Concurrent Start) (G1 Evacuation Pause)
[3189.391s][info][gc,task        ] GC(675) Using 6 workers of 6 for evacuation
[3189.506s][info][gc,phases      ] GC(675)   Pre Evacuate Collection Set: 0.35ms
[3189.506s][info][gc,phases      ] GC(675)   Merge Heap Roots: 0.48ms
[3189.506s][info][gc,phases      ] GC(675)   Evacuate Collection Set: 113.09ms
[3189.506s][info][gc,phases      ] GC(675)   Post Evacuate Collection Set: 0.87ms
[3189.506s][info][gc,phases      ] GC(675)   Other: 0.09ms
[3189.506s][info][gc,heap        ] GC(675) Eden regions: 1115->0(1120)
[3189.506s][info][gc,heap        ] GC(675) Survivor regions: 113->108(154)
[3189.506s][info][gc,heap        ] GC(675) Old regions: 473->504
[3189.506s][info][gc,heap        ] GC(675) Humongous regions: 80->80
[3189.506s][info][gc,metaspace   ] GC(675) Metaspace: 28894K(29248K)->28894K(29248K) NonClass: 24026K(24192K)->24026K(24192K) Class: 4868K(5056K)->4868K(5056K)
[3189.506s][info][gc             ] GC(675) Pause Young (Concurrent Start) (G1 Evacuation Pause) 3558M->1382M(4096M) 115.004ms
[3189.506s][info][gc             ] GC(676) Concurrent Mark Cycle
[3189.506s][info][gc,marking     ] GC(676) Concurrent Scan Root Regions
[3189.506s][info][gc,cpu         ] GC(675) User=0.68s Sys=0.00s Real=0.12s
[3189.638s][info][gc,marking     ] GC(676) Concurrent Scan Root Regions 131.728ms
[3189.638s][info][gc,marking     ] GC(676) Concurrent Mark
[3189.638s][info][gc,marking     ] GC(676) Concurrent Mark From Roots
[3189.638s][info][gc,task        ] GC(676) Using 2 workers of 2 for marking
[3190.320s][info][gc,marking     ] GC(676) Concurrent Mark From Roots 682.132ms
[3190.320s][info][gc,marking     ] GC(676) Concurrent Preclean
[3190.320s][info][gc,marking     ] GC(676) Concurrent Preclean 0.091ms
[3190.320s][info][gc,start       ] GC(676) Pause Remark
[3190.323s][info][gc             ] GC(676) Pause Remark 2003M->2003M(4096M) 3.139ms
[3190.323s][info][gc,cpu         ] GC(676) User=0.01s Sys=0.00s Real=0.00s
[3190.323s][info][gc,marking     ] GC(676) Concurrent Mark 685.675ms
[3190.323s][info][gc,marking     ] GC(676) Concurrent Rebuild Remembered Sets and Scrub Regions
.[3190.562s][info][gc,marking     ] GC(676) Concurrent Rebuild Remembered Sets and Scrub Regions 239.195ms
[3190.563s][info][gc,start       ] GC(676) Pause Cleanup
[3190.563s][info][gc             ] GC(676) Pause Cleanup 2162M->2162M(4096M) 0.111ms
[3190.563s][info][gc,cpu         ] GC(676) User=0.00s Sys=0.00s Real=0.00s
[3190.563s][info][gc,marking     ] GC(676) Concurrent Clear Claimed Marks
[3190.563s][info][gc,marking     ] GC(676) Concurrent Clear Claimed Marks 0.025ms
[3190.563s][info][gc,marking     ] GC(676) Concurrent Cleanup for Next Mark
[3190.568s][info][gc,marking     ] GC(676) Concurrent Cleanup for Next Mark 4.778ms
[3190.568s][info][gc             ] GC(676) Concurrent Mark Cycle 1062.116ms
..[3192.812s][info][gc,start       ] GC(677) Pause Young (Prepare Mixed) (G1 Evacuation Pause)
[3192.812s][info][gc,task        ] GC(677) Using 6 workers of 6 for evacuation
[3192.936s][info][gc,phases      ] GC(677)   Pre Evacuate Collection Set: 0.29ms
[3192.936s][info][gc,phases      ] GC(677)   Merge Heap Roots: 0.50ms
[3192.936s][info][gc,phases      ] GC(677)   Evacuate Collection Set: 121.40ms
[3192.936s][info][gc,phases      ] GC(677)   Post Evacuate Collection Set: 0.95ms
[3192.936s][info][gc,phases      ] GC(677)   Other: 0.09ms
[3192.936s][info][gc,heap        ] GC(677) Eden regions: 1120->0(1103)
[3192.936s][info][gc,heap        ] GC(677) Survivor regions: 108->113(154)
[3192.936s][info][gc,heap        ] GC(677) Old regions: 504->536
[3192.936s][info][gc,heap        ] GC(677) Humongous regions: 80->80
[3192.936s][info][gc,metaspace   ] GC(677) Metaspace: 28894K(29248K)->28894K(29248K) NonClass: 24026K(24192K)->24026K(24192K) Class: 4868K(5056K)->4868K(5056K)
[3192.936s][info][gc             ] GC(677) Pause Young (Prepare Mixed) (G1 Evacuation Pause) 3622M->1456M(4096M) 123.370ms
[3192.936s][info][gc,cpu         ] GC(677) User=0.73s Sys=0.00s Real=0.13s
...[3196.273s][info][gc,start       ] GC(678) Pause Young (Mixed) (G1 Evacuation Pause)
[3196.273s][info][gc,task        ] GC(678) Using 6 workers of 6 for evacuation
[3196.405s][info][gc,phases      ] GC(678)   Pre Evacuate Collection Set: 0.37ms
[3196.405s][info][gc,phases      ] GC(678)   Merge Heap Roots: 0.67ms
[3196.405s][info][gc,phases      ] GC(678)   Evacuate Collection Set: 129.58ms
[3196.405s][info][gc,phases      ] GC(678)   Post Evacuate Collection Set: 0.97ms
[3196.405s][info][gc,phases      ] GC(678)   Other: 0.09ms
[3196.405s][info][gc,heap        ] GC(678) Eden regions: 1103->0(1120)
[3196.405s][info][gc,heap        ] GC(678) Survivor regions: 113->108(152)
[3196.405s][info][gc,heap        ] GC(678) Old regions: 536->473
[3196.405s][info][gc,heap        ] GC(678) Humongous regions: 80->80
[3196.405s][info][gc,metaspace   ] GC(678) Metaspace: 28894K(29248K)->28894K(29248K) NonClass: 24026K(24192K)->24026K(24192K) Class: 4868K(5056K)->4868K(5056K)
[3196.405s][info][gc             ] GC(678) Pause Young (Mixed) (G1 Evacuation Pause) 3662M->1318M(4096M) 131.808ms
[3196.405s][info][gc,cpu         ] GC(678) User=0.79s Sys=0.00s Real=0.14s
. (rIR:aIR:PR = 5396:5384:5384) (tPR = 79385) [OK] 
  3196s: Performance info:
         Transaction,    Success,    Partial,     Failed,   Receipts, AvgBarcode, 
             Overall,     325122,          0,          0,     308834,      59.48, 
         Response times:
             Request,    Success,    Partial,     Failed,   SkipFail,     Probes,    Samples,      min,      p50,      p90,      p95,      p99,      max, 
       TotalPurchase,     308837,          0,          0,          0,     302209,     324482,      300,     4200,     9700,    28000,    89000,   230000,
     InStorePurchase,     162532,          0,          0,          0,     159328,     170944,      300,     4400,    10000,    29000,    89000,   230000,
      OnlinePurchase,     113763,          0,          0,          0,     111311,     119252,      300,     3900,     9500,    28000,    87000,   230000,
        InstPurchase,      32542,          0,          0,          0,      31570,      34286,      400,     4300,     9600,    28000,    92000,   229000,
          AssocOfCat,        324,          0,          0,          0,        242,        326,    18400,    31000,    51300,    66300,   161570,   185000,
      AssocOfProduct,       3253,          0,          0,          0,       2980,       3346,      800,     4600,    10400,    31000,    98060,   230000,
      BusinessReport,        813,          0,          0,          0,        690,        864,    18300,    36000,    71000,   101000,   175700,   194000,
          CustBuyBeh,       3248,          0,          0,          0,       2985,       3379,      200,     3400,     8300,    23000,    77600,   157000,
       ProductReturn,       8629,          0,          0,          0,       8220,       9054,      300,     5200,    11400,    33000,    95000,   149000,

  3196s: (40%)   IR =   5535 ...[3199.702s][info][gc,start       ] GC(679) Pause Young (Concurrent Start) (G1 Evacuation Pause)
[3199.702s][info][gc,task        ] GC(679) Using 6 workers of 6 for evacuation
[3199.818s][info][gc,phases      ] GC(679)   Pre Evacuate Collection Set: 0.40ms
[3199.818s][info][gc,phases      ] GC(679)   Merge Heap Roots: 0.46ms
[3199.818s][info][gc,phases      ] GC(679)   Evacuate Collection Set: 114.12ms
[3199.818s][info][gc,phases      ] GC(679)   Post Evacuate Collection Set: 0.88ms
[3199.818s][info][gc,phases      ] GC(679)   Other: 0.12ms
[3199.818s][info][gc,heap        ] GC(679) Eden regions: 1120->0(1120)
[3199.818s][info][gc,heap        ] GC(679) Survivor regions: 108->108(154)
[3199.818s][info][gc,heap        ] GC(679) Old regions: 473->504
[3199.818s][info][gc,heap        ] GC(679) Humongous regions: 80->80
[3199.818s][info][gc,metaspace   ] GC(679) Metaspace: 28894K(29248K)->28894K(29248K) NonClass: 24026K(24192K)->24026K(24192K) Class: 4868K(5056K)->4868K(5056K)
[3199.818s][info][gc             ] GC(679) Pause Young (Concurrent Start) (G1 Evacuation Pause) 3558M->1381M(4096M) 116.118ms
[3199.818s][info][gc             ] GC(680) Concurrent Mark Cycle
[3199.818s][info][gc,marking     ] GC(680) Concurrent Scan Root Regions
[3199.818s][info][gc,cpu         ] GC(679) User=0.69s Sys=0.00s Real=0.12s
[3199.994s][info][gc,marking     ] GC(680) Concurrent Scan Root Regions 175.804ms
[3199.994s][info][gc,marking     ] GC(680) Concurrent Mark
[3199.994s][info][gc,marking     ] GC(680) Concurrent Mark From Roots
[3199.994s][info][gc,task        ] GC(680) Using 2 workers of 2 for marking
.[3200.739s][info][gc,marking     ] GC(680) Concurrent Mark From Roots 744.885ms
[3200.739s][info][gc,marking     ] GC(680) Concurrent Preclean
[3200.739s][info][gc,marking     ] GC(680) Concurrent Preclean 0.389ms
[3200.741s][info][gc,start       ] GC(680) Pause Remark
[3200.743s][info][gc             ] GC(680) Pause Remark 2027M->2027M(4096M) 2.578ms
[3200.743s][info][gc,cpu         ] GC(680) User=0.01s Sys=0.00s Real=0.00s
[3200.743s][info][gc,marking     ] GC(680) Concurrent Mark 749.407ms
[3200.743s][info][gc,marking     ] GC(680) Concurrent Rebuild Remembered Sets and Scrub Regions
[3201.107s][info][gc,marking     ] GC(680) Concurrent Rebuild Remembered Sets and Scrub Regions 363.883ms
[3201.108s][info][gc,start       ] GC(680) Pause Cleanup
[3201.108s][info][gc             ] GC(680) Pause Cleanup 2298M->2298M(4096M) 0.119ms
[3201.108s][info][gc,cpu         ] GC(680) User=0.00s Sys=0.00s Real=0.00s
[3201.108s][info][gc,marking     ] GC(680) Concurrent Clear Claimed Marks
[3201.108s][info][gc,marking     ] GC(680) Concurrent Clear Claimed Marks 0.034ms
[3201.108s][info][gc,marking     ] GC(680) Concurrent Cleanup for Next Mark
[3201.123s][info][gc,marking     ] GC(680) Concurrent Cleanup for Next Mark 14.872ms
[3201.123s][info][gc             ] GC(680) Concurrent Mark Cycle 1304.587ms
..|[3203.107s][info][gc,start       ] GC(681) Pause Young (Prepare Mixed) (G1 Evacuation Pause)
[3203.107s][info][gc,task        ] GC(681) Using 6 workers of 6 for evacuation
[3203.225s][info][gc,phases      ] GC(681)   Pre Evacuate Collection Set: 0.31ms
[3203.225s][info][gc,phases      ] GC(681)   Merge Heap Roots: 0.56ms
[3203.225s][info][gc,phases      ] GC(681)   Evacuate Collection Set: 115.97ms
[3203.225s][info][gc,phases      ] GC(681)   Post Evacuate Collection Set: 0.94ms
[3203.225s][info][gc,phases      ] GC(681)   Other: 0.09ms
[3203.225s][info][gc,heap        ] GC(681) Eden regions: 1120->0(1109)
[3203.225s][info][gc,heap        ] GC(681) Survivor regions: 108->110(154)
[3203.225s][info][gc,heap        ] GC(681) Old regions: 504->536
[3203.225s][info][gc,heap        ] GC(681) Humongous regions: 80->80
[3203.225s][info][gc,metaspace   ] GC(681) Metaspace: 28894K(29248K)->28894K(29248K) NonClass: 24026K(24192K)->24026K(24192K) Class: 4868K(5056K)->4868K(5056K)
[3203.225s][info][gc             ] GC(681) Pause Young (Prepare Mixed) (G1 Evacuation Pause) 3621M->1449M(4096M) 117.993ms
[3203.225s][info][gc,cpu         ] GC(681) User=0.71s Sys=0.00s Real=0.12s
....[3206.507s][info][gc,start       ] GC(682) Pause Young (Mixed) (G1 Evacuation Pause)
[3206.507s][info][gc,task        ] GC(682) Using 6 workers of 6 for evacuation
[3206.638s][info][gc,phases      ] GC(682)   Pre Evacuate Collection Set: 0.37ms
[3206.638s][info][gc,phases      ] GC(682)   Merge Heap Roots: 0.67ms
[3206.638s][info][gc,phases      ] GC(682)   Evacuate Collection Set: 128.91ms
[3206.638s][info][gc,phases      ] GC(682)   Post Evacuate Collection Set: 0.92ms
[3206.638s][info][gc,phases      ] GC(682)   Other: 0.09ms
[3206.638s][info][gc,heap        ] GC(682) Eden regions: 1109->0(1118)
[3206.638s][info][gc,heap        ] GC(682) Survivor regions: 110->110(153)
[3206.638s][info][gc,heap        ] GC(682) Old regions: 536->472
[3206.638s][info][gc,heap        ] GC(682) Humongous regions: 80->80
[3206.638s][info][gc,metaspace   ] GC(682) Metaspace: 28894K(29248K)->28894K(29248K) NonClass: 24026K(24192K)->24026K(24192K) Class: 4868K(5056K)->4868K(5056K)
[3206.638s][info][gc             ] GC(682) Pause Young (Mixed) (G1 Evacuation Pause) 3667M->1321M(4096M) 131.080ms
[3206.638s][info][gc,cpu         ] GC(682) User=0.78s Sys=0.01s Real=0.13s
...[3209.872s][info][gc,start       ] GC(683) Pause Young (Concurrent Start) (G1 Evacuation Pause)
[3209.872s][info][gc,task        ] GC(683) Using 6 workers of 6 for evacuation
[3209.988s][info][gc,phases      ] GC(683)   Pre Evacuate Collection Set: 0.40ms
[3209.988s][info][gc,phases      ] GC(683)   Merge Heap Roots: 0.47ms
[3209.988s][info][gc,phases      ] GC(683)   Evacuate Collection Set: 114.11ms
[3209.988s][info][gc,phases      ] GC(683)   Post Evacuate Collection Set: 0.87ms
[3209.988s][info][gc,phases      ] GC(683)   Other: 0.11ms
[3209.988s][info][gc,heap        ] GC(683) Eden regions: 1118->0(1119)
[3209.988s][info][gc,heap        ] GC(683) Survivor regions: 110->109(154)
[3209.988s][info][gc,heap        ] GC(683) Old regions: 472->505
[3209.988s][info][gc,heap        ] GC(683) Humongous regions: 80->80
[3209.988s][info][gc,metaspace   ] GC(683) Metaspace: 28894K(29248K)->28894K(29248K) NonClass: 24026K(24192K)->24026K(24192K) Class: 4868K(5056K)->4868K(5056K)
[3209.988s][info][gc             ] GC(683) Pause Young (Concurrent Start) (G1 Evacuation Pause) 3557M->1385M(4096M) 116.087ms
[3209.988s][info][gc             ] GC(684) Concurrent Mark Cycle
[3209.988s][info][gc,marking     ] GC(684) Concurrent Scan Root Regions
[3209.988s][info][gc,cpu         ] GC(683) User=0.69s Sys=0.00s Real=0.12s
[3210.159s][info][gc,marking     ] GC(684) Concurrent Scan Root Regions 171.288ms
[3210.159s][info][gc,marking     ] GC(684) Concurrent Mark
[3210.159s][info][gc,marking     ] GC(684) Concurrent Mark From Roots
[3210.159s][info][gc,task        ] GC(684) Using 2 workers of 2 for marking
.[3210.938s][info][gc,marking     ] GC(684) Concurrent Mark From Roots 779.128ms
[3210.938s][info][gc,marking     ] GC(684) Concurrent Preclean
[3210.939s][info][gc,marking     ] GC(684) Concurrent Preclean 0.274ms
[3210.939s][info][gc,start       ] GC(684) Pause Remark
[3210.942s][info][gc             ] GC(684) Pause Remark 2070M->2070M(4096M) 2.984ms
[3210.942s][info][gc,cpu         ] GC(684) User=0.01s Sys=0.00s Real=0.00s
[3210.942s][info][gc,marking     ] GC(684) Concurrent Mark 782.653ms
[3210.942s][info][gc,marking     ] GC(684) Concurrent Rebuild Remembered Sets and Scrub Regions
[3211.295s][info][gc,marking     ] GC(684) Concurrent Rebuild Remembered Sets and Scrub Regions 352.861ms
[3211.295s][info][gc,start       ] GC(684) Pause Cleanup
[3211.295s][info][gc             ] GC(684) Pause Cleanup 2334M->2334M(4096M) 0.113ms
[3211.295s][info][gc,cpu         ] GC(684) User=0.00s Sys=0.00s Real=0.01s
[3211.295s][info][gc,marking     ] GC(684) Concurrent Clear Claimed Marks
[3211.295s][info][gc,marking     ] GC(684) Concurrent Clear Claimed Marks 0.026ms
[3211.295s][info][gc,marking     ] GC(684) Concurrent Cleanup for Next Mark
[3211.298s][info][gc,marking     ] GC(684) Concurrent Cleanup for Next Mark 3.294ms
[3211.298s][info][gc             ] GC(684) Concurrent Mark Cycle 1310.590ms
..[3213.237s][info][gc,start       ] GC(685) Pause Young (Prepare Mixed) (G1 Evacuation Pause)
[3213.237s][info][gc,task        ] GC(685) Using 6 workers of 6 for evacuation
[3213.353s][info][gc,phases      ] GC(685)   Pre Evacuate Collection Set: 0.31ms
[3213.353s][info][gc,phases      ] GC(685)   Merge Heap Roots: 0.53ms
[3213.353s][info][gc,phases      ] GC(685)   Evacuate Collection Set: 114.27ms
[3213.353s][info][gc,phases      ] GC(685)   Post Evacuate Collection Set: 0.93ms
[3213.353s][info][gc,phases      ] GC(685)   Other: 0.08ms
[3213.354s][info][gc,heap        ] GC(685) Eden regions: 1119->0(1115)
[3213.354s][info][gc,heap        ] GC(685) Survivor regions: 109->107(154)
[3213.354s][info][gc,heap        ] GC(685) Old regions: 505->536
[3213.354s][info][gc,heap        ] GC(685) Humongous regions: 80->80
[3213.354s][info][gc,metaspace   ] GC(685) Metaspace: 28894K(29248K)->28894K(29248K) NonClass: 24026K(24192K)->24026K(24192K) Class: 4868K(5056K)->4868K(5056K)
[3213.354s][info][gc             ] GC(685) Pause Young (Prepare Mixed) (G1 Evacuation Pause) 3623M->1443M(4096M) 116.252ms
[3213.354s][info][gc,cpu         ] GC(685) User=0.69s Sys=0.00s Real=0.11s
....[3216.676s][info][gc,start       ] GC(686) Pause Young (Mixed) (G1 Evacuation Pause)
[3216.676s][info][gc,task        ] GC(686) Using 6 workers of 6 for evacuation
[3216.808s][info][gc,phases      ] GC(686)   Pre Evacuate Collection Set: 0.35ms
[3216.808s][info][gc,phases      ] GC(686)   Merge Heap Roots: 0.60ms
[3216.808s][info][gc,phases      ] GC(686)   Evacuate Collection Set: 130.16ms
[3216.808s][info][gc,phases      ] GC(686)   Post Evacuate Collection Set: 0.93ms
[3216.808s][info][gc,phases      ] GC(686)   Other: 0.09ms
[3216.808s][info][gc,heap        ] GC(686) Eden regions: 1115->0(1116)
[3216.808s][info][gc,heap        ] GC(686) Survivor regions: 107->112(153)
[3216.808s][info][gc,heap        ] GC(686) Old regions: 536->471
[3216.808s][info][gc,heap        ] GC(686) Humongous regions: 80->80
[3216.808s][info][gc,metaspace   ] GC(686) Metaspace: 28894K(29248K)->28894K(29248K) NonClass: 24026K(24192K)->24026K(24192K) Class: 4868K(5056K)->4868K(5056K)
[3216.808s][info][gc             ] GC(686) Pause Young (Mixed) (G1 Evacuation Pause) 3673M->1322M(4096M) 132.252ms
[3216.808s][info][gc,cpu         ] GC(686) User=0.79s Sys=0.00s Real=0.13s
...[3220.013s][info][gc,start       ] GC(687) Pause Young (Concurrent Start) (G1 Evacuation Pause)
[3220.014s][info][gc,task        ] GC(687) Using 6 workers of 6 for evacuation
[3220.131s][info][gc,phases      ] GC(687)   Pre Evacuate Collection Set: 0.39ms
[3220.131s][info][gc,phases      ] GC(687)   Merge Heap Roots: 0.46ms
[3220.131s][info][gc,phases      ] GC(687)   Evacuate Collection Set: 115.46ms
[3220.131s][info][gc,phases      ] GC(687)   Post Evacuate Collection Set: 0.89ms
[3220.131s][info][gc,phases      ] GC(687)   Other: 0.12ms
[3220.131s][info][gc,heap        ] GC(687) Eden regions: 1116->0(1118)
[3220.131s][info][gc,heap        ] GC(687) Survivor regions: 112->110(154)
[3220.131s][info][gc,heap        ] GC(687) Old regions: 471->503
[3220.131s][info][gc,heap        ] GC(687) Humongous regions: 80->80
[3220.131s][info][gc,metaspace   ] GC(687) Metaspace: 28894K(29248K)->28894K(29248K) NonClass: 24026K(24192K)->24026K(24192K) Class: 4868K(5056K)->4868K(5056K)
[3220.131s][info][gc             ] GC(687) Pause Young (Concurrent Start) (G1 Evacuation Pause) 3554M->1384M(4096M) 117.454ms
[3220.131s][info][gc             ] GC(688) Concurrent Mark Cycle
[3220.131s][info][gc,marking     ] GC(688) Concurrent Scan Root Regions
[3220.131s][info][gc,cpu         ] GC(687) User=0.70s Sys=0.00s Real=0.12s
[3220.306s][info][gc,marking     ] GC(688) Concurrent Scan Root Regions 175.383ms
[3220.306s][info][gc,marking     ] GC(688) Concurrent Mark
[3220.306s][info][gc,marking     ] GC(688) Concurrent Mark From Roots
[3220.306s][info][gc,task        ] GC(688) Using 2 workers of 2 for marking
.[3221.278s][info][gc,marking     ] GC(688) Concurrent Mark From Roots 971.529ms
[3221.278s][info][gc,marking     ] GC(688) Concurrent Preclean
[3221.278s][info][gc,marking     ] GC(688) Concurrent Preclean 0.128ms
[3221.279s][info][gc,start       ] GC(688) Pause Remark
[3221.282s][info][gc             ] GC(688) Pause Remark 2220M->2220M(4096M) 3.371ms
[3221.282s][info][gc,cpu         ] GC(688) User=0.02s Sys=0.00s Real=0.00s
[3221.282s][info][gc,marking     ] GC(688) Concurrent Mark 976.053ms
[3221.282s][info][gc,marking     ] GC(688) Concurrent Rebuild Remembered Sets and Scrub Regions
.[3221.521s][info][gc,marking     ] GC(688) Concurrent Rebuild Remembered Sets and Scrub Regions 238.451ms
[3221.521s][info][gc,start       ] GC(688) Pause Cleanup
[3221.521s][info][gc             ] GC(688) Pause Cleanup 2359M->2359M(4096M) 0.101ms
[3221.521s][info][gc,cpu         ] GC(688) User=0.00s Sys=0.00s Real=0.00s
[3221.521s][info][gc,marking     ] GC(688) Concurrent Clear Claimed Marks
[3221.522s][info][gc,marking     ] GC(688) Concurrent Clear Claimed Marks 0.026ms
[3221.522s][info][gc,marking     ] GC(688) Concurrent Cleanup for Next Mark
[3221.526s][info][gc,marking     ] GC(688) Concurrent Cleanup for Next Mark 4.743ms
[3221.526s][info][gc             ] GC(688) Concurrent Mark Cycle 1395.364ms
.[3223.401s][info][gc,start       ] GC(689) Pause Young (Prepare Mixed) (G1 Evacuation Pause)
[3223.401s][info][gc,task        ] GC(689) Using 6 workers of 6 for evacuation
[3223.518s][info][gc,phases      ] GC(689)   Pre Evacuate Collection Set: 0.33ms
[3223.518s][info][gc,phases      ] GC(689)   Merge Heap Roots: 0.57ms
[3223.518s][info][gc,phases      ] GC(689)   Evacuate Collection Set: 114.88ms
[3223.518s][info][gc,phases      ] GC(689)   Post Evacuate Collection Set: 0.94ms
[3223.518s][info][gc,phases      ] GC(689)   Other: 0.09ms
[3223.518s][info][gc,heap        ] GC(689) Eden regions: 1118->0(1113)
[3223.518s][info][gc,heap        ] GC(689) Survivor regions: 110->108(154)
[3223.518s][info][gc,heap        ] GC(689) Old regions: 503->536
[3223.518s][info][gc,heap        ] GC(689) Humongous regions: 80->80
[3223.518s][info][gc,metaspace   ] GC(689) Metaspace: 28894K(29248K)->28894K(29248K) NonClass: 24026K(24192K)->24026K(24192K) Class: 4868K(5056K)->4868K(5056K)
[3223.518s][info][gc             ] GC(689) Pause Young (Prepare Mixed) (G1 Evacuation Pause) 3620M->1445M(4096M) 116.951ms
[3223.518s][info][gc,cpu         ] GC(689) User=0.70s Sys=0.00s Real=0.12s
....[3226.832s][info][gc,start       ] GC(690) Pause Young (Mixed) (G1 Evacuation Pause)
[3226.832s][info][gc,task        ] GC(690) Using 6 workers of 6 for evacuation
[3226.967s][info][gc,phases      ] GC(690)   Pre Evacuate Collection Set: 0.39ms
[3226.967s][info][gc,phases      ] GC(690)   Merge Heap Roots: 0.79ms
[3226.967s][info][gc,phases      ] GC(690)   Evacuate Collection Set: 132.84ms
[3226.967s][info][gc,phases      ] GC(690)   Post Evacuate Collection Set: 0.97ms
[3226.967s][info][gc,phases      ] GC(690)   Other: 0.10ms
[3226.967s][info][gc,heap        ] GC(690) Eden regions: 1113->0(1118)
[3226.967s][info][gc,heap        ] GC(690) Survivor regions: 108->110(153)
[3226.967s][info][gc,heap        ] GC(690) Old regions: 536->472
[3226.967s][info][gc,heap        ] GC(690) Humongous regions: 80->80
[3226.967s][info][gc,metaspace   ] GC(690) Metaspace: 28894K(29248K)->28894K(29248K) NonClass: 24026K(24192K)->24026K(24192K) Class: 4868K(5056K)->4868K(5056K)
[3226.967s][info][gc             ] GC(690) Pause Young (Mixed) (G1 Evacuation Pause) 3671M->1321M(4096M) 135.248ms
[3226.967s][info][gc,cpu         ] GC(690) User=0.81s Sys=0.00s Real=0.14s
...[3230.204s][info][gc,start       ] GC(691) Pause Young (Concurrent Start) (G1 Evacuation Pause)
[3230.204s][info][gc,task        ] GC(691) Using 6 workers of 6 for evacuation
[3230.321s][info][gc,phases      ] GC(691)   Pre Evacuate Collection Set: 0.42ms
[3230.321s][info][gc,phases      ] GC(691)   Merge Heap Roots: 0.49ms
[3230.321s][info][gc,phases      ] GC(691)   Evacuate Collection Set: 114.66ms
[3230.321s][info][gc,phases      ] GC(691)   Post Evacuate Collection Set: 0.88ms
[3230.321s][info][gc,phases      ] GC(691)   Other: 0.12ms
[3230.321s][info][gc,heap        ] GC(691) Eden regions: 1118->0(1119)
[3230.321s][info][gc,heap        ] GC(691) Survivor regions: 110->109(154)
[3230.321s][info][gc,heap        ] GC(691) Old regions: 472->504
[3230.321s][info][gc,heap        ] GC(691) Humongous regions: 80->80
[3230.321s][info][gc,metaspace   ] GC(691) Metaspace: 28894K(29248K)->28894K(29248K) NonClass: 24026K(24192K)->24026K(24192K) Class: 4868K(5056K)->4868K(5056K)
[3230.321s][info][gc             ] GC(691) Pause Young (Concurrent Start) (G1 Evacuation Pause) 3557M->1382M(4096M) 116.719ms
[3230.321s][info][gc             ] GC(692) Concurrent Mark Cycle
[3230.321s][info][gc,marking     ] GC(692) Concurrent Scan Root Regions
[3230.321s][info][gc,cpu         ] GC(691) User=0.70s Sys=0.00s Real=0.12s
[3230.491s][info][gc,marking     ] GC(692) Concurrent Scan Root Regions 170.073ms
[3230.491s][info][gc,marking     ] GC(692) Concurrent Mark
[3230.491s][info][gc,marking     ] GC(692) Concurrent Mark From Roots
[3230.491s][info][gc,task        ] GC(692) Using 2 workers of 2 for marking
.[3231.467s][info][gc,marking     ] GC(692) Concurrent Mark From Roots 976.188ms
[3231.467s][info][gc,marking     ] GC(692) Concurrent Preclean
[3231.468s][info][gc,marking     ] GC(692) Concurrent Preclean 0.302ms
[3231.469s][info][gc,start       ] GC(692) Pause Remark
[3231.472s][info][gc             ] GC(692) Pause Remark 2232M->2232M(4096M) 3.100ms
[3231.472s][info][gc,cpu         ] GC(692) User=0.02s Sys=0.00s Real=0.00s
[3231.472s][info][gc,marking     ] GC(692) Concurrent Mark 981.250ms
[3231.472s][info][gc,marking     ] GC(692) Concurrent Rebuild Remembered Sets and Scrub Regions
.[3231.724s][info][gc,marking     ] GC(692) Concurrent Rebuild Remembered Sets and Scrub Regions 251.936ms
[3231.725s][info][gc,start       ] GC(692) Pause Cleanup
[3231.725s][info][gc             ] GC(692) Pause Cleanup 2421M->2421M(4096M) 0.103ms
[3231.725s][info][gc,cpu         ] GC(692) User=0.00s Sys=0.00s Real=0.00s
[3231.725s][info][gc,marking     ] GC(692) Concurrent Clear Claimed Marks
[3231.725s][info][gc,marking     ] GC(692) Concurrent Clear Claimed Marks 0.027ms
[3231.725s][info][gc,marking     ] GC(692) Concurrent Cleanup for Next Mark
[3231.729s][info][gc,marking     ] GC(692) Concurrent Cleanup for Next Mark 4.343ms
[3231.729s][info][gc             ] GC(692) Concurrent Mark Cycle 1408.070ms
.[3233.554s][info][gc,start       ] GC(693) Pause Young (Prepare Mixed) (G1 Evacuation Pause)
[3233.554s][info][gc,task        ] GC(693) Using 6 workers of 6 for evacuation
[3233.674s][info][gc,phases      ] GC(693)   Pre Evacuate Collection Set: 0.33ms
[3233.674s][info][gc,phases      ] GC(693)   Merge Heap Roots: 0.56ms
[3233.674s][info][gc,phases      ] GC(693)   Evacuate Collection Set: 118.51ms
[3233.674s][info][gc,phases      ] GC(693)   Post Evacuate Collection Set: 0.92ms
[3233.674s][info][gc,phases      ] GC(693)   Other: 0.09ms
[3233.674s][info][gc,heap        ] GC(693) Eden regions: 1119->0(1109)
[3233.674s][info][gc,heap        ] GC(693) Survivor regions: 109->110(154)
[3233.674s][info][gc,heap        ] GC(693) Old regions: 504->536
[3233.674s][info][gc,heap        ] GC(693) Humongous regions: 80->80
[3233.674s][info][gc,metaspace   ] GC(693) Metaspace: 28894K(29248K)->28894K(29248K) NonClass: 24026K(24192K)->24026K(24192K) Class: 4868K(5056K)->4868K(5056K)
[3233.674s][info][gc             ] GC(693) Pause Young (Prepare Mixed) (G1 Evacuation Pause) 3620M->1449M(4096M) 120.544ms
[3233.674s][info][gc,cpu         ] GC(693) User=0.72s Sys=0.00s Real=0.12s
....[3236.956s][info][gc,start       ] GC(694) Pause Young (Mixed) (G1 Evacuation Pause)
[3236.956s][info][gc,task        ] GC(694) Using 6 workers of 6 for evacuation
[3237.089s][info][gc,phases      ] GC(694)   Pre Evacuate Collection Set: 0.37ms
[3237.089s][info][gc,phases      ] GC(694)   Merge Heap Roots: 0.72ms
[3237.089s][info][gc,phases      ] GC(694)   Evacuate Collection Set: 131.20ms
[3237.089s][info][gc,phases      ] GC(694)   Post Evacuate Collection Set: 0.93ms
[3237.089s][info][gc,phases      ] GC(694)   Other: 0.09ms
[3237.089s][info][gc,heap        ] GC(694) Eden regions: 1109->0(1119)
[3237.089s][info][gc,heap        ] GC(694) Survivor regions: 110->109(153)
[3237.089s][info][gc,heap        ] GC(694) Old regions: 536->471
[3237.089s][info][gc,heap        ] GC(694) Humongous regions: 80->80
[3237.089s][info][gc,metaspace   ] GC(694) Metaspace: 28894K(29248K)->28894K(29248K) NonClass: 24026K(24192K)->24026K(24192K) Class: 4868K(5056K)->4868K(5056K)
[3237.089s][info][gc             ] GC(694) Pause Young (Mixed) (G1 Evacuation Pause) 3667M->1317M(4096M) 133.441ms
[3237.089s][info][gc,cpu         ] GC(694) User=0.78s Sys=0.00s Real=0.13s
...[3240.295s][info][gc,start       ] GC(695) Pause Young (Concurrent Start) (G1 Evacuation Pause)
[3240.295s][info][gc,task        ] GC(695) Using 6 workers of 6 for evacuation
[3240.411s][info][gc,phases      ] GC(695)   Pre Evacuate Collection Set: 0.38ms
[3240.411s][info][gc,phases      ] GC(695)   Merge Heap Roots: 0.44ms
[3240.411s][info][gc,phases      ] GC(695)   Evacuate Collection Set: 114.20ms
[3240.411s][info][gc,phases      ] GC(695)   Post Evacuate Collection Set: 0.86ms
[3240.411s][info][gc,phases      ] GC(695)   Other: 0.11ms
[3240.411s][info][gc,heap        ] GC(695) Eden regions: 1119->0(1119)
[3240.411s][info][gc,heap        ] GC(695) Survivor regions: 109->109(154)
[3240.411s][info][gc,heap        ] GC(695) Old regions: 471->502
[3240.411s][info][gc,heap        ] GC(695) Humongous regions: 80->80
[3240.411s][info][gc,metaspace   ] GC(695) Metaspace: 28894K(29248K)->28894K(29248K) NonClass: 24026K(24192K)->24026K(24192K) Class: 4868K(5056K)->4868K(5056K)
[3240.411s][info][gc             ] GC(695) Pause Young (Concurrent Start) (G1 Evacuation Pause) 3555M->1379M(4096M) 116.143ms
[3240.411s][info][gc             ] GC(696) Concurrent Mark Cycle
[3240.411s][info][gc,marking     ] GC(696) Concurrent Scan Root Regions
[3240.411s][info][gc,cpu         ] GC(695) User=0.69s Sys=0.00s Real=0.11s
[3240.581s][info][gc,marking     ] GC(696) Concurrent Scan Root Regions 169.318ms
[3240.581s][info][gc,marking     ] GC(696) Concurrent Mark
[3240.581s][info][gc,marking     ] GC(696) Concurrent Mark From Roots
[3240.581s][info][gc,task        ] GC(696) Using 2 workers of 2 for marking
.[3241.316s][info][gc,marking     ] GC(696) Concurrent Mark From Roots 734.941ms
[3241.316s][info][gc,marking     ] GC(696) Concurrent Preclean
[3241.316s][info][gc,marking     ] GC(696) Concurrent Preclean 0.274ms
[3241.317s][info][gc,start       ] GC(696) Pause Remark
[3241.320s][info][gc             ] GC(696) Pause Remark 1998M->1998M(4096M) 3.259ms
[3241.320s][info][gc,cpu         ] GC(696) User=0.02s Sys=0.00s Real=0.00s
[3241.320s][info][gc,marking     ] GC(696) Concurrent Mark 739.585ms
[3241.320s][info][gc,marking     ] GC(696) Concurrent Rebuild Remembered Sets and Scrub Regions
[3241.585s][info][gc,marking     ] GC(696) Concurrent Rebuild Remembered Sets and Scrub Regions 264.784ms
[3241.585s][info][gc,start       ] GC(696) Pause Cleanup
[3241.585s][info][gc             ] GC(696) Pause Cleanup 2161M->2161M(4096M) 0.112ms
[3241.585s][info][gc,cpu         ] GC(696) User=0.00s Sys=0.00s Real=0.00s
[3241.585s][info][gc,marking     ] GC(696) Concurrent Clear Claimed Marks
[3241.585s][info][gc,marking     ] GC(696) Concurrent Clear Claimed Marks 0.025ms
[3241.585s][info][gc,marking     ] GC(696) Concurrent Cleanup for Next Mark
[3241.592s][info][gc,marking     ] GC(696) Concurrent Cleanup for Next Mark 7.043ms
[3241.593s][info][gc             ] GC(696) Concurrent Mark Cycle 1181.242ms
...[3243.744s][info][gc,start       ] GC(697) Pause Young (Prepare Mixed) (G1 Evacuation Pause)
[3243.744s][info][gc,task        ] GC(697) Using 6 workers of 6 for evacuation
[3243.860s][info][gc,phases      ] GC(697)   Pre Evacuate Collection Set: 0.36ms
[3243.860s][info][gc,phases      ] GC(697)   Merge Heap Roots: 0.52ms
[3243.860s][info][gc,phases      ] GC(697)   Evacuate Collection Set: 114.19ms
[3243.860s][info][gc,phases      ] GC(697)   Post Evacuate Collection Set: 0.91ms
[3243.860s][info][gc,phases      ] GC(697)   Other: 0.10ms
[3243.860s][info][gc,heap        ] GC(697) Eden regions: 1119->0(1113)
[3243.860s][info][gc,heap        ] GC(697) Survivor regions: 109->109(154)
[3243.860s][info][gc,heap        ] GC(697) Old regions: 502->534
[3243.860s][info][gc,heap        ] GC(697) Humongous regions: 80->80
[3243.860s][info][gc,metaspace   ] GC(697) Metaspace: 28894K(29248K)->28894K(29248K) NonClass: 24026K(24192K)->24026K(24192K) Class: 4868K(5056K)->4868K(5056K)
[3243.860s][info][gc             ] GC(697) Pause Young (Prepare Mixed) (G1 Evacuation Pause) 3617M->1443M(4096M) 116.207ms
[3243.860s][info][gc,cpu         ] GC(697) User=0.70s Sys=0.00s Real=0.12s
...[3247.097s][info][gc,start       ] GC(698) Pause Young (Mixed) (G1 Evacuation Pause)
[3247.098s][info][gc,task        ] GC(698) Using 6 workers of 6 for evacuation
[3247.231s][info][gc,phases      ] GC(698)   Pre Evacuate Collection Set: 0.35ms
[3247.231s][info][gc,phases      ] GC(698)   Merge Heap Roots: 0.66ms
[3247.231s][info][gc,phases      ] GC(698)   Evacuate Collection Set: 130.97ms
[3247.231s][info][gc,phases      ] GC(698)   Post Evacuate Collection Set: 0.94ms
[3247.231s][info][gc,phases      ] GC(698)   Other: 0.09ms
[3247.231s][info][gc,heap        ] GC(698) Eden regions: 1113->0(1120)
[3247.231s][info][gc,heap        ] GC(698) Survivor regions: 109->108(153)
[3247.231s][info][gc,heap        ] GC(698) Old regions: 534->472
[3247.231s][info][gc,heap        ] GC(698) Humongous regions: 80->80
[3247.231s][info][gc,metaspace   ] GC(698) Metaspace: 28894K(29248K)->28894K(29248K) NonClass: 24026K(24192K)->24026K(24192K) Class: 4868K(5056K)->4868K(5056K)
[3247.231s][info][gc             ] GC(698) Pause Young (Mixed) (G1 Evacuation Pause) 3669M->1316M(4096M) 133.154ms
[3247.231s][info][gc,cpu         ] GC(698) User=0.79s Sys=0.00s Real=0.13s
...[3250.555s][info][gc,start       ] GC(699) Pause Young (Concurrent Start) (G1 Evacuation Pause)
[3250.555s][info][gc,task        ] GC(699) Using 6 workers of 6 for evacuation
[3250.677s][info][gc,phases      ] GC(699)   Pre Evacuate Collection Set: 0.39ms
[3250.677s][info][gc,phases      ] GC(699)   Merge Heap Roots: 0.46ms
[3250.677s][info][gc,phases      ] GC(699)   Evacuate Collection Set: 120.49ms
[3250.677s][info][gc,phases      ] GC(699)   Post Evacuate Collection Set: 0.89ms
[3250.677s][info][gc,phases      ] GC(699)   Other: 0.12ms
[3250.677s][info][gc,heap        ] GC(699) Eden regions: 1120->0(1115)
[3250.677s][info][gc,heap        ] GC(699) Survivor regions: 108->113(154)
[3250.677s][info][gc,heap        ] GC(699) Old regions: 472->503
[3250.677s][info][gc,heap        ] GC(699) Humongous regions: 80->80
[3250.677s][info][gc,metaspace   ] GC(699) Metaspace: 28894K(29248K)->28894K(29248K) NonClass: 24026K(24192K)->24026K(24192K) Class: 4868K(5056K)->4868K(5056K)
[3250.677s][info][gc             ] GC(699) Pause Young (Concurrent Start) (G1 Evacuation Pause) 3556M->1389M(4096M) 122.500ms
[3250.677s][info][gc             ] GC(700) Concurrent Mark Cycle
[3250.677s][info][gc,marking     ] GC(700) Concurrent Scan Root Regions
[3250.677s][info][gc,cpu         ] GC(699) User=0.73s Sys=0.00s Real=0.13s
.[3250.850s][info][gc,marking     ] GC(700) Concurrent Scan Root Regions 172.394ms
[3250.850s][info][gc,marking     ] GC(700) Concurrent Mark
[3250.850s][info][gc,marking     ] GC(700) Concurrent Mark From Roots
[3250.850s][info][gc,task        ] GC(700) Using 2 workers of 2 for marking
.[3251.866s][info][gc,marking     ] GC(700) Concurrent Mark From Roots 1016.332ms
[3251.866s][info][gc,marking     ] GC(700) Concurrent Preclean
[3251.866s][info][gc,marking     ] GC(700) Concurrent Preclean 0.193ms
[3251.866s][info][gc,start       ] GC(700) Pause Remark
[3251.870s][info][gc             ] GC(700) Pause Remark 2311M->2311M(4096M) 3.547ms
[3251.870s][info][gc,cpu         ] GC(700) User=0.02s Sys=0.00s Real=0.00s
[3251.870s][info][gc,marking     ] GC(700) Concurrent Mark 1020.302ms
[3251.870s][info][gc,marking     ] GC(700) Concurrent Rebuild Remembered Sets and Scrub Regions
[3252.102s][info][gc,marking     ] GC(700) Concurrent Rebuild Remembered Sets and Scrub Regions 232.335ms
[3252.102s][info][gc,start       ] GC(700) Pause Cleanup
[3252.102s][info][gc             ] GC(700) Pause Cleanup 2463M->2463M(4096M) 0.105ms
[3252.102s][info][gc,cpu         ] GC(700) User=0.00s Sys=0.00s Real=0.00s
[3252.103s][info][gc,marking     ] GC(700) Concurrent Clear Claimed Marks
[3252.103s][info][gc,marking     ] GC(700) Concurrent Clear Claimed Marks 0.021ms
[3252.103s][info][gc,marking     ] GC(700) Concurrent Cleanup for Next Mark
[3252.106s][info][gc,marking     ] GC(700) Concurrent Cleanup for Next Mark 3.594ms
[3252.106s][info][gc             ] GC(700) Concurrent Mark Cycle 1429.071ms
..[3253.921s][info][gc,start       ] GC(701) Pause Young (Prepare Mixed) (G1 Evacuation Pause)
[3253.921s][info][gc,task        ] GC(701) Using 6 workers of 6 for evacuation
[3254.042s][info][gc,phases      ] GC(701)   Pre Evacuate Collection Set: 0.31ms
[3254.042s][info][gc,phases      ] GC(701)   Merge Heap Roots: 0.51ms
[3254.042s][info][gc,phases      ] GC(701)   Evacuate Collection Set: 119.18ms
[3254.042s][info][gc,phases      ] GC(701)   Post Evacuate Collection Set: 0.90ms
[3254.042s][info][gc,phases      ] GC(701)   Other: 0.09ms
[3254.042s][info][gc,heap        ] GC(701) Eden regions: 1115->0(1106)
[3254.042s][info][gc,heap        ] GC(701) Survivor regions: 113->112(154)
[3254.042s][info][gc,heap        ] GC(701) Old regions: 503->535
[3254.042s][info][gc,heap        ] GC(701) Humongous regions: 80->80
[3254.042s][info][gc,metaspace   ] GC(701) Metaspace: 28894K(29248K)->28894K(29248K) NonClass: 24026K(24192K)->24026K(24192K) Class: 4868K(5056K)->4868K(5056K)
[3254.042s][info][gc             ] GC(701) Pause Young (Prepare Mixed) (G1 Evacuation Pause) 3619M->1452M(4096M) 121.114ms
[3254.042s][info][gc,cpu         ] GC(701) User=0.73s Sys=0.00s Real=0.12s
...[3257.262s][info][gc,start       ] GC(702) Pause Young (Mixed) (G1 Evacuation Pause)
[3257.263s][info][gc,task        ] GC(702) Using 6 workers of 6 for evacuation
[3257.400s][info][gc,phases      ] GC(702)   Pre Evacuate Collection Set: 0.34ms
[3257.400s][info][gc,phases      ] GC(702)   Merge Heap Roots: 0.68ms
[3257.400s][info][gc,phases      ] GC(702)   Evacuate Collection Set: 135.46ms
[3257.400s][info][gc,phases      ] GC(702)   Post Evacuate Collection Set: 0.96ms
[3257.400s][info][gc,phases      ] GC(702)   Other: 0.09ms
[3257.400s][info][gc,heap        ] GC(702) Eden regions: 1106->0(1117)
[3257.400s][info][gc,heap        ] GC(702) Survivor regions: 112->111(153)
[3257.400s][info][gc,heap        ] GC(702) Old regions: 535->471
[3257.400s][info][gc,heap        ] GC(702) Humongous regions: 80->80
[3257.400s][info][gc,metaspace   ] GC(702) Metaspace: 28894K(29248K)->28894K(29248K) NonClass: 24026K(24192K)->24026K(24192K) Class: 4868K(5056K)->4868K(5056K)
[3257.400s][info][gc             ] GC(702) Pause Young (Mixed) (G1 Evacuation Pause) 3664M->1320M(4096M) 137.666ms
[3257.400s][info][gc,cpu         ] GC(702) User=0.82s Sys=0.00s Real=0.14s
...[3260.611s][info][gc,start       ] GC(703) Pause Young (Concurrent Start) (G1 Evacuation Pause)
[3260.611s][info][gc,task        ] GC(703) Using 6 workers of 6 for evacuation
[3260.726s][info][gc,phases      ] GC(703)   Pre Evacuate Collection Set: 0.41ms
[3260.726s][info][gc,phases      ] GC(703)   Merge Heap Roots: 0.47ms
[3260.726s][info][gc,phases      ] GC(703)   Evacuate Collection Set: 112.65ms
[3260.726s][info][gc,phases      ] GC(703)   Post Evacuate Collection Set: 0.89ms
[3260.726s][info][gc,phases      ] GC(703)   Other: 0.12ms
[3260.726s][info][gc,heap        ] GC(703) Eden regions: 1117->0(1120)
[3260.726s][info][gc,heap        ] GC(703) Survivor regions: 111->108(154)
[3260.726s][info][gc,heap        ] GC(703) Old regions: 471->503
[3260.726s][info][gc,heap        ] GC(703) Humongous regions: 80->80
[3260.726s][info][gc,metaspace   ] GC(703) Metaspace: 28894K(29248K)->28894K(29248K) NonClass: 24026K(24192K)->24026K(24192K) Class: 4868K(5056K)->4868K(5056K)
[3260.726s][info][gc             ] GC(703) Pause Young (Concurrent Start) (G1 Evacuation Pause) 3554M->1378M(4096M) 114.709ms
[3260.726s][info][gc             ] GC(704) Concurrent Mark Cycle
[3260.726s][info][gc,marking     ] GC(704) Concurrent Scan Root Regions
[3260.726s][info][gc,cpu         ] GC(703) User=0.69s Sys=0.00s Real=0.12s
.[3260.859s][info][gc,marking     ] GC(704) Concurrent Scan Root Regions 133.088ms
[3260.859s][info][gc,marking     ] GC(704) Concurrent Mark
[3260.859s][info][gc,marking     ] GC(704) Concurrent Mark From Roots
[3260.859s][info][gc,task        ] GC(704) Using 2 workers of 2 for marking
[3261.504s][info][gc,marking     ] GC(704) Concurrent Mark From Roots 644.587ms
[3261.504s][info][gc,marking     ] GC(704) Concurrent Preclean
[3261.504s][info][gc,marking     ] GC(704) Concurrent Preclean 0.106ms
[3261.504s][info][gc,start       ] GC(704) Pause Remark
[3261.507s][info][gc             ] GC(704) Pause Remark 1940M->1940M(4096M) 2.892ms
[3261.507s][info][gc,cpu         ] GC(704) User=0.01s Sys=0.00s Real=0.01s
[3261.507s][info][gc,marking     ] GC(704) Concurrent Mark 647.815ms
[3261.507s][info][gc,marking     ] GC(704) Concurrent Rebuild Remembered Sets and Scrub Regions
.[3261.756s][info][gc,marking     ] GC(704) Concurrent Rebuild Remembered Sets and Scrub Regions 248.653ms
[3261.756s][info][gc,start       ] GC(704) Pause Cleanup
[3261.756s][info][gc             ] GC(704) Pause Cleanup 2118M->2118M(4096M) 0.112ms
[3261.756s][info][gc,cpu         ] GC(704) User=0.00s Sys=0.00s Real=0.00s
[3261.756s][info][gc,marking     ] GC(704) Concurrent Clear Claimed Marks
[3261.756s][info][gc,marking     ] GC(704) Concurrent Clear Claimed Marks 0.035ms
[3261.756s][info][gc,marking     ] GC(704) Concurrent Cleanup for Next Mark
[3261.761s][info][gc,marking     ] GC(704) Concurrent Cleanup for Next Mark 4.592ms
[3261.761s][info][gc             ] GC(704) Concurrent Mark Cycle 1034.917ms
. (rIR:aIR:PR = 5535:5536:5536) (tPR = 82324) [OK] 
  3262s: Performance info:
         Transaction,    Success,    Partial,     Failed,   Receipts, AvgBarcode, 
             Overall,     333573,          0,          0,     316891,      59.47, 
         Response times:
             Request,    Success,    Partial,     Failed,   SkipFail,     Probes,    Samples,      min,      p50,      p90,      p95,      p99,      max, 
       TotalPurchase,     316890,          0,          0,          0,     312163,     343956,      300,     4400,    10800,    31000,    91000,   272000,
     InStorePurchase,     166759,          0,          0,          0,     164210,     180724,      300,     4500,    10900,    32000,    91000,   262000,
      OnlinePurchase,     116788,          0,          0,          0,     115348,     127194,      300,     4400,    10800,    32000,    93000,   272000,
        InstPurchase,      33343,          0,          0,          0,      32605,      36038,      400,     3800,    10000,    28000,    89000,   205000,
          AssocOfCat,        334,          0,          0,          0,        262,        381,    24000,    35000,    67800,   101800,   197180,   217000,
      AssocOfProduct,       3333,          0,          0,          0,       3045,       3567,      400,     4400,    10600,    35600,   102000,   154000,
      BusinessReport,        836,          0,          0,          0,        751,       1001,    23000,    36000,    70000,    95900,   167960,   279000,
          CustBuyBeh,       3336,          0,          0,          0,       3092,       3641,      300,     3000,    10480,    33900,    84160,   151000,
       ProductReturn,       8844,          0,          0,          0,       8483,       9757,      200,     4700,    11500,    32000,    97000,   166000,

  3262s: (41%)   IR =   5673 .[3263.976s][info][gc,start       ] GC(705) Pause Young (Prepare Mixed) (G1 Evacuation Pause)
[3263.976s][info][gc,task        ] GC(705) Using 6 workers of 6 for evacuation
[3264.093s][info][gc,phases      ] GC(705)   Pre Evacuate Collection Set: 0.31ms
[3264.093s][info][gc,phases      ] GC(705)   Merge Heap Roots: 0.48ms
[3264.093s][info][gc,phases      ] GC(705)   Evacuate Collection Set: 115.99ms
[3264.093s][info][gc,phases      ] GC(705)   Post Evacuate Collection Set: 0.93ms
[3264.093s][info][gc,phases      ] GC(705)   Other: 0.09ms
[3264.093s][info][gc,heap        ] GC(705) Eden regions: 1120->0(1108)
[3264.093s][info][gc,heap        ] GC(705) Survivor regions: 108->111(154)
[3264.093s][info][gc,heap        ] GC(705) Old regions: 503->535
[3264.093s][info][gc,heap        ] GC(705) Humongous regions: 80->80
[3264.093s][info][gc,metaspace   ] GC(705) Metaspace: 28894K(29248K)->28894K(29248K) NonClass: 24026K(24192K)->24026K(24192K) Class: 4868K(5056K)->4868K(5056K)
[3264.093s][info][gc             ] GC(705) Pause Young (Prepare Mixed) (G1 Evacuation Pause) 3618M->1448M(4096M) 117.917ms
[3264.093s][info][gc,cpu         ] GC(705) User=0.70s Sys=0.00s Real=0.11s
...[3267.279s][info][gc,start       ] GC(706) Pause Young (Mixed) (G1 Evacuation Pause)
[3267.279s][info][gc,task        ] GC(706) Using 6 workers of 6 for evacuation
[3267.412s][info][gc,phases      ] GC(706)   Pre Evacuate Collection Set: 0.34ms
[3267.412s][info][gc,phases      ] GC(706)   Merge Heap Roots: 0.68ms
[3267.412s][info][gc,phases      ] GC(706)   Evacuate Collection Set: 130.86ms
[3267.412s][info][gc,phases      ] GC(706)   Post Evacuate Collection Set: 0.99ms
[3267.412s][info][gc,phases      ] GC(706)   Other: 0.09ms
[3267.412s][info][gc,heap        ] GC(706) Eden regions: 1108->0(1121)
[3267.412s][info][gc,heap        ] GC(706) Survivor regions: 111->107(153)
[3267.412s][info][gc,heap        ] GC(706) Old regions: 535->473
[3267.412s][info][gc,heap        ] GC(706) Humongous regions: 80->80
[3267.412s][info][gc,metaspace   ] GC(706) Metaspace: 28894K(29248K)->28894K(29248K) NonClass: 24026K(24192K)->24026K(24192K) Class: 4868K(5056K)->4868K(5056K)
[3267.412s][info][gc             ] GC(706) Pause Young (Mixed) (G1 Evacuation Pause) 3664M->1318M(4096M) 133.088ms
[3267.412s][info][gc,cpu         ] GC(706) User=0.80s Sys=0.00s Real=0.13s
..|.[3270.578s][info][gc,start       ] GC(707) Pause Young (Concurrent Start) (G1 Evacuation Pause)
[3270.578s][info][gc,task        ] GC(707) Using 6 workers of 6 for evacuation
[3270.698s][info][gc,phases      ] GC(707)   Pre Evacuate Collection Set: 0.34ms
[3270.698s][info][gc,phases      ] GC(707)   Merge Heap Roots: 0.48ms
[3270.698s][info][gc,phases      ] GC(707)   Evacuate Collection Set: 117.94ms
[3270.698s][info][gc,phases      ] GC(707)   Post Evacuate Collection Set: 0.86ms
[3270.698s][info][gc,phases      ] GC(707)   Other: 0.09ms
[3270.698s][info][gc,heap        ] GC(707) Eden regions: 1121->0(1118)
[3270.698s][info][gc,heap        ] GC(707) Survivor regions: 107->110(154)
[3270.698s][info][gc,heap        ] GC(707) Old regions: 473->506
[3270.698s][info][gc,heap        ] GC(707) Humongous regions: 80->80
[3270.698s][info][gc,metaspace   ] GC(707) Metaspace: 28894K(29248K)->28894K(29248K) NonClass: 24026K(24192K)->24026K(24192K) Class: 4868K(5056K)->4868K(5056K)
[3270.698s][info][gc             ] GC(707) Pause Young (Concurrent Start) (G1 Evacuation Pause) 3560M->1389M(4096M) 119.847ms
[3270.698s][info][gc             ] GC(708) Concurrent Mark Cycle
[3270.698s][info][gc,marking     ] GC(708) Concurrent Scan Root Regions
[3270.698s][info][gc,cpu         ] GC(707) User=0.72s Sys=0.00s Real=0.12s
.[3270.830s][info][gc,marking     ] GC(708) Concurrent Scan Root Regions 131.820ms
[3270.830s][info][gc,marking     ] GC(708) Concurrent Mark
[3270.830s][info][gc,marking     ] GC(708) Concurrent Mark From Roots
[3270.830s][info][gc,task        ] GC(708) Using 2 workers of 2 for marking
[3271.498s][info][gc,marking     ] GC(708) Concurrent Mark From Roots 668.444ms
[3271.498s][info][gc,marking     ] GC(708) Concurrent Preclean
[3271.499s][info][gc,marking     ] GC(708) Concurrent Preclean 0.209ms
[3271.499s][info][gc,start       ] GC(708) Pause Remark
[3271.501s][info][gc             ] GC(708) Pause Remark 2011M->2011M(4096M) 2.843ms
[3271.502s][info][gc,cpu         ] GC(708) User=0.01s Sys=0.00s Real=0.00s
[3271.502s][info][gc,marking     ] GC(708) Concurrent Mark 671.747ms
[3271.502s][info][gc,marking     ] GC(708) Concurrent Rebuild Remembered Sets and Scrub Regions
[3271.738s][info][gc,marking     ] GC(708) Concurrent Rebuild Remembered Sets and Scrub Regions 236.772ms
[3271.739s][info][gc,start       ] GC(708) Pause Cleanup
[3271.739s][info][gc             ] GC(708) Pause Cleanup 2165M->2165M(4096M) 0.107ms
[3271.739s][info][gc,cpu         ] GC(708) User=0.00s Sys=0.00s Real=0.00s
[3271.739s][info][gc,marking     ] GC(708) Concurrent Clear Claimed Marks
[3271.739s][info][gc,marking     ] GC(708) Concurrent Clear Claimed Marks 0.029ms
[3271.739s][info][gc,marking     ] GC(708) Concurrent Cleanup for Next Mark
[3271.744s][info][gc,marking     ] GC(708) Concurrent Cleanup for Next Mark 5.124ms
[3271.744s][info][gc             ] GC(708) Concurrent Mark Cycle 1046.194ms
...[3273.952s][info][gc,start       ] GC(709) Pause Young (Prepare Mixed) (G1 Evacuation Pause)
[3273.952s][info][gc,task        ] GC(709) Using 6 workers of 6 for evacuation
[3274.069s][info][gc,phases      ] GC(709)   Pre Evacuate Collection Set: 0.33ms
[3274.069s][info][gc,phases      ] GC(709)   Merge Heap Roots: 0.53ms
[3274.069s][info][gc,phases      ] GC(709)   Evacuate Collection Set: 115.71ms
[3274.069s][info][gc,phases      ] GC(709)   Post Evacuate Collection Set: 0.90ms
[3274.069s][info][gc,phases      ] GC(709)   Other: 0.08ms
[3274.069s][info][gc,heap        ] GC(709) Eden regions: 1118->0(1107)
[3274.069s][info][gc,heap        ] GC(709) Survivor regions: 110->110(154)
[3274.069s][info][gc,heap        ] GC(709) Old regions: 506->538
[3274.069s][info][gc,heap        ] GC(709) Humongous regions: 80->80
[3274.069s][info][gc,metaspace   ] GC(709) Metaspace: 28894K(29248K)->28894K(29248K) NonClass: 24026K(24192K)->24026K(24192K) Class: 4868K(5056K)->4868K(5056K)
[3274.069s][info][gc             ] GC(709) Pause Young (Prepare Mixed) (G1 Evacuation Pause) 3625M->1453M(4096M) 117.730ms
[3274.069s][info][gc,cpu         ] GC(709) User=0.69s Sys=0.00s Real=0.12s
...[3277.125s][info][gc,start       ] GC(710) Pause Young (Mixed) (G1 Evacuation Pause)
[3277.125s][info][gc,task        ] GC(710) Using 6 workers of 6 for evacuation
[3277.260s][info][gc,phases      ] GC(710)   Pre Evacuate Collection Set: 0.38ms
[3277.261s][info][gc,phases      ] GC(710)   Merge Heap Roots: 0.69ms
[3277.261s][info][gc,phases      ] GC(710)   Evacuate Collection Set: 132.93ms
[3277.261s][info][gc,phases      ] GC(710)   Post Evacuate Collection Set: 0.94ms
[3277.261s][info][gc,phases      ] GC(710)   Other: 0.09ms
[3277.261s][info][gc,heap        ] GC(710) Eden regions: 1107->0(1119)
[3277.261s][info][gc,heap        ] GC(710) Survivor regions: 110->109(153)
[3277.261s][info][gc,heap        ] GC(710) Old regions: 538->473
[3277.261s][info][gc,heap        ] GC(710) Humongous regions: 80->80
[3277.261s][info][gc,metaspace   ] GC(710) Metaspace: 28894K(29248K)->28894K(29248K) NonClass: 24026K(24192K)->24026K(24192K) Class: 4868K(5056K)->4868K(5056K)
[3277.261s][info][gc             ] GC(710) Pause Young (Mixed) (G1 Evacuation Pause) 3667M->1321M(4096M) 135.170ms
[3277.261s][info][gc,cpu         ] GC(710) User=0.80s Sys=0.00s Real=0.13s
...[3280.456s][info][gc,start       ] GC(711) Pause Young (Concurrent Start) (G1 Evacuation Pause)
[3280.456s][info][gc,task        ] GC(711) Using 6 workers of 6 for evacuation
[3280.573s][info][gc,phases      ] GC(711)   Pre Evacuate Collection Set: 0.34ms
[3280.573s][info][gc,phases      ] GC(711)   Merge Heap Roots: 0.47ms
[3280.573s][info][gc,phases      ] GC(711)   Evacuate Collection Set: 115.19ms
[3280.573s][info][gc,phases      ] GC(711)   Post Evacuate Collection Set: 0.89ms
[3280.573s][info][gc,phases      ] GC(711)   Other: 0.12ms
[3280.573s][info][gc,heap        ] GC(711) Eden regions: 1119->0(1121)
[3280.573s][info][gc,heap        ] GC(711) Survivor regions: 109->107(154)
[3280.573s][info][gc,heap        ] GC(711) Old regions: 473->506
[3280.573s][info][gc,heap        ] GC(711) Humongous regions: 80->80
[3280.573s][info][gc,metaspace   ] GC(711) Metaspace: 28895K(29248K)->28895K(29248K) NonClass: 24026K(24192K)->24026K(24192K) Class: 4868K(5056K)->4868K(5056K)
[3280.573s][info][gc             ] GC(711) Pause Young (Concurrent Start) (G1 Evacuation Pause) 3559M->1383M(4096M) 117.137ms
[3280.573s][info][gc             ] GC(712) Concurrent Mark Cycle
[3280.573s][info][gc,marking     ] GC(712) Concurrent Scan Root Regions
[3280.573s][info][gc,cpu         ] GC(711) User=0.69s Sys=0.00s Real=0.11s
[3280.706s][info][gc,marking     ] GC(712) Concurrent Scan Root Regions 132.608ms
[3280.706s][info][gc,marking     ] GC(712) Concurrent Mark
[3280.706s][info][gc,marking     ] GC(712) Concurrent Mark From Roots
[3280.706s][info][gc,task        ] GC(712) Using 2 workers of 2 for marking
.[3281.374s][info][gc,marking     ] GC(712) Concurrent Mark From Roots 668.639ms
[3281.374s][info][gc,marking     ] GC(712) Concurrent Preclean
[3281.374s][info][gc,marking     ] GC(712) Concurrent Preclean 0.068ms
[3281.374s][info][gc,start       ] GC(712) Pause Remark
[3281.378s][info][gc             ] GC(712) Pause Remark 2002M->2002M(4096M) 3.181ms
[3281.378s][info][gc,cpu         ] GC(712) User=0.02s Sys=0.00s Real=0.01s
[3281.378s][info][gc,marking     ] GC(712) Concurrent Mark 672.123ms
[3281.378s][info][gc,marking     ] GC(712) Concurrent Rebuild Remembered Sets and Scrub Regions
[3281.627s][info][gc,marking     ] GC(712) Concurrent Rebuild Remembered Sets and Scrub Regions 249.762ms
[3281.628s][info][gc,start       ] GC(712) Pause Cleanup
[3281.628s][info][gc             ] GC(712) Pause Cleanup 2187M->2187M(4096M) 0.117ms
[3281.628s][info][gc,cpu         ] GC(712) User=0.00s Sys=0.00s Real=0.00s
[3281.628s][info][gc,marking     ] GC(712) Concurrent Clear Claimed Marks
[3281.628s][info][gc,marking     ] GC(712) Concurrent Clear Claimed Marks 0.038ms
[3281.628s][info][gc,marking     ] GC(712) Concurrent Cleanup for Next Mark
[3281.633s][info][gc,marking     ] GC(712) Concurrent Cleanup for Next Mark 5.026ms
[3281.633s][info][gc             ] GC(712) Concurrent Mark Cycle 1060.293ms
..[3283.757s][info][gc,start       ] GC(713) Pause Young (Prepare Mixed) (G1 Evacuation Pause)
[3283.757s][info][gc,task        ] GC(713) Using 6 workers of 6 for evacuation
[3283.875s][info][gc,phases      ] GC(713)   Pre Evacuate Collection Set: 0.32ms
[3283.875s][info][gc,phases      ] GC(713)   Merge Heap Roots: 0.50ms
[3283.875s][info][gc,phases      ] GC(713)   Evacuate Collection Set: 116.01ms
[3283.875s][info][gc,phases      ] GC(713)   Post Evacuate Collection Set: 0.93ms
[3283.875s][info][gc,phases      ] GC(713)   Other: 0.08ms
[3283.875s][info][gc,heap        ] GC(713) Eden regions: 1121->0(1106)
[3283.875s][info][gc,heap        ] GC(713) Survivor regions: 107->111(154)
[3283.875s][info][gc,heap        ] GC(713) Old regions: 506->537
[3283.875s][info][gc,heap        ] GC(713) Humongous regions: 80->80
[3283.875s][info][gc,metaspace   ] GC(713) Metaspace: 28895K(29248K)->28895K(29248K) NonClass: 24026K(24192K)->24026K(24192K) Class: 4868K(5056K)->4868K(5056K)
[3283.875s][info][gc             ] GC(713) Pause Young (Prepare Mixed) (G1 Evacuation Pause) 3625M->1453M(4096M) 117.993ms
[3283.875s][info][gc,cpu         ] GC(713) User=0.71s Sys=0.00s Real=0.12s
....[3287.073s][info][gc,start       ] GC(714) Pause Young (Mixed) (G1 Evacuation Pause)
[3287.073s][info][gc,task        ] GC(714) Using 6 workers of 6 for evacuation
[3287.205s][info][gc,phases      ] GC(714)   Pre Evacuate Collection Set: 0.35ms
[3287.205s][info][gc,phases      ] GC(714)   Merge Heap Roots: 0.68ms
[3287.205s][info][gc,phases      ] GC(714)   Evacuate Collection Set: 130.32ms
[3287.205s][info][gc,phases      ] GC(714)   Post Evacuate Collection Set: 0.91ms
[3287.205s][info][gc,phases      ] GC(714)   Other: 0.09ms
[3287.205s][info][gc,heap        ] GC(714) Eden regions: 1106->0(1120)
[3287.205s][info][gc,heap        ] GC(714) Survivor regions: 111->108(153)
[3287.205s][info][gc,heap        ] GC(714) Old regions: 537->473
[3287.205s][info][gc,heap        ] GC(714) Humongous regions: 80->80
[3287.205s][info][gc,metaspace   ] GC(714) Metaspace: 28895K(29248K)->28895K(29248K) NonClass: 24026K(24192K)->24026K(24192K) Class: 4868K(5056K)->4868K(5056K)
[3287.205s][info][gc             ] GC(714) Pause Young (Mixed) (G1 Evacuation Pause) 3665M->1319M(4096M) 132.491ms
[3287.205s][info][gc,cpu         ] GC(714) User=0.78s Sys=0.00s Real=0.14s
...[3290.427s][info][gc,start       ] GC(715) Pause Young (Concurrent Start) (G1 Evacuation Pause)
[3290.427s][info][gc,task        ] GC(715) Using 6 workers of 6 for evacuation
[3290.547s][info][gc,phases      ] GC(715)   Pre Evacuate Collection Set: 0.33ms
[3290.547s][info][gc,phases      ] GC(715)   Merge Heap Roots: 0.45ms
[3290.547s][info][gc,phases      ] GC(715)   Evacuate Collection Set: 118.25ms
[3290.547s][info][gc,phases      ] GC(715)   Post Evacuate Collection Set: 0.77ms
[3290.547s][info][gc,phases      ] GC(715)   Other: 0.13ms
[3290.547s][info][gc,heap        ] GC(715) Eden regions: 1120->0(1116)
[3290.547s][info][gc,heap        ] GC(715) Survivor regions: 108->112(154)
[3290.547s][info][gc,heap        ] GC(715) Old regions: 473->505
[3290.547s][info][gc,heap        ] GC(715) Humongous regions: 80->80
[3290.547s][info][gc,metaspace   ] GC(715) Metaspace: 28895K(29248K)->28895K(29248K) NonClass: 24026K(24192K)->24026K(24192K) Class: 4868K(5056K)->4868K(5056K)
[3290.547s][info][gc             ] GC(715) Pause Young (Concurrent Start) (G1 Evacuation Pause) 3559M->1391M(4096M) 120.046ms
[3290.547s][info][gc             ] GC(716) Concurrent Mark Cycle
[3290.547s][info][gc,marking     ] GC(716) Concurrent Scan Root Regions
[3290.547s][info][gc,cpu         ] GC(715) User=0.71s Sys=0.00s Real=0.12s
[3290.722s][info][gc,marking     ] GC(716) Concurrent Scan Root Regions 174.932ms
[3290.722s][info][gc,marking     ] GC(716) Concurrent Mark
[3290.722s][info][gc,marking     ] GC(716) Concurrent Mark From Roots
[3290.722s][info][gc,task        ] GC(716) Using 2 workers of 2 for marking
.[3291.617s][info][gc,marking     ] GC(716) Concurrent Mark From Roots 895.484ms
[3291.617s][info][gc,marking     ] GC(716) Concurrent Preclean
[3291.617s][info][gc,marking     ] GC(716) Concurrent Preclean 0.166ms
[3291.619s][info][gc,start       ] GC(716) Pause Remark
[3291.621s][info][gc             ] GC(716) Pause Remark 2275M->2275M(4096M) 2.791ms
[3291.621s][info][gc,cpu         ] GC(716) User=0.02s Sys=0.00s Real=0.00s
[3291.622s][info][gc,marking     ] GC(716) Concurrent Mark 899.820ms
[3291.622s][info][gc,marking     ] GC(716) Concurrent Rebuild Remembered Sets and Scrub Regions
.[3291.940s][info][gc,marking     ] GC(716) Concurrent Rebuild Remembered Sets and Scrub Regions 318.469ms
[3291.941s][info][gc,start       ] GC(716) Pause Cleanup
[3291.942s][info][gc             ] GC(716) Pause Cleanup 2473M->2473M(4096M) 0.132ms
[3291.942s][info][gc,cpu         ] GC(716) User=0.00s Sys=0.00s Real=0.00s
[3291.942s][info][gc,marking     ] GC(716) Concurrent Clear Claimed Marks
[3291.942s][info][gc,marking     ] GC(716) Concurrent Clear Claimed Marks 0.046ms
[3291.942s][info][gc,marking     ] GC(716) Concurrent Cleanup for Next Mark
[3291.947s][info][gc,marking     ] GC(716) Concurrent Cleanup for Next Mark 5.064ms
[3291.947s][info][gc             ] GC(716) Concurrent Mark Cycle 1400.078ms
.[3293.671s][info][gc,start       ] GC(717) Pause Young (Prepare Mixed) (G1 Evacuation Pause)
[3293.671s][info][gc,task        ] GC(717) Using 6 workers of 6 for evacuation
[3293.787s][info][gc,phases      ] GC(717)   Pre Evacuate Collection Set: 0.35ms
[3293.787s][info][gc,phases      ] GC(717)   Merge Heap Roots: 0.53ms
[3293.787s][info][gc,phases      ] GC(717)   Evacuate Collection Set: 114.74ms
[3293.787s][info][gc,phases      ] GC(717)   Post Evacuate Collection Set: 0.93ms
[3293.787s][info][gc,phases      ] GC(717)   Other: 0.09ms
[3293.787s][info][gc,heap        ] GC(717) Eden regions: 1116->0(1110)
[3293.787s][info][gc,heap        ] GC(717) Survivor regions: 112->109(154)
[3293.787s][info][gc,heap        ] GC(717) Old regions: 505->537
[3293.787s][info][gc,heap        ] GC(717) Humongous regions: 80->80
[3293.787s][info][gc,metaspace   ] GC(717) Metaspace: 28895K(29248K)->28895K(29248K) NonClass: 24026K(24192K)->24026K(24192K) Class: 4868K(5056K)->4868K(5056K)
[3293.787s][info][gc             ] GC(717) Pause Young (Prepare Mixed) (G1 Evacuation Pause) 3623M->1449M(4096M) 116.766ms
[3293.788s][info][gc,cpu         ] GC(717) User=0.70s Sys=0.00s Real=0.12s
....[3296.943s][info][gc,start       ] GC(718) Pause Young (Mixed) (G1 Evacuation Pause)
[3296.943s][info][gc,task        ] GC(718) Using 6 workers of 6 for evacuation
[3297.077s][info][gc,phases      ] GC(718)   Pre Evacuate Collection Set: 0.36ms
[3297.077s][info][gc,phases      ] GC(718)   Merge Heap Roots: 0.68ms
[3297.077s][info][gc,phases      ] GC(718)   Evacuate Collection Set: 131.77ms
[3297.077s][info][gc,phases      ] GC(718)   Post Evacuate Collection Set: 0.93ms
[3297.077s][info][gc,phases      ] GC(718)   Other: 0.09ms
[3297.077s][info][gc,heap        ] GC(718) Eden regions: 1110->0(1118)
[3297.077s][info][gc,heap        ] GC(718) Survivor regions: 109->110(153)
[3297.077s][info][gc,heap        ] GC(718) Old regions: 537->473
[3297.077s][info][gc,heap        ] GC(718) Humongous regions: 80->80
[3297.077s][info][gc,metaspace   ] GC(718) Metaspace: 28895K(29248K)->28895K(29248K) NonClass: 24026K(24192K)->24026K(24192K) Class: 4868K(5056K)->4868K(5056K)
[3297.077s][info][gc             ] GC(718) Pause Young (Mixed) (G1 Evacuation Pause) 3669M->1323M(4096M) 133.965ms
[3297.077s][info][gc,cpu         ] GC(718) User=0.80s Sys=0.00s Real=0.14s
...[3300.290s][info][gc,start       ] GC(719) Pause Young (Concurrent Start) (G1 Evacuation Pause)
[3300.290s][info][gc,task        ] GC(719) Using 6 workers of 6 for evacuation
[3300.408s][info][gc,phases      ] GC(719)   Pre Evacuate Collection Set: 0.35ms
[3300.408s][info][gc,phases      ] GC(719)   Merge Heap Roots: 0.50ms
[3300.408s][info][gc,phases      ] GC(719)   Evacuate Collection Set: 115.52ms
[3300.408s][info][gc,phases      ] GC(719)   Post Evacuate Collection Set: 0.88ms
[3300.408s][info][gc,phases      ] GC(719)   Other: 0.12ms
[3300.408s][info][gc,heap        ] GC(719) Eden regions: 1118->0(1118)
[3300.408s][info][gc,heap        ] GC(719) Survivor regions: 110->110(154)
[3300.408s][info][gc,heap        ] GC(719) Old regions: 473->504
[3300.408s][info][gc,heap        ] GC(719) Humongous regions: 80->80
[3300.408s][info][gc,metaspace   ] GC(719) Metaspace: 28895K(29248K)->28895K(29248K) NonClass: 24026K(24192K)->24026K(24192K) Class: 4868K(5056K)->4868K(5056K)
[3300.408s][info][gc             ] GC(719) Pause Young (Concurrent Start) (G1 Evacuation Pause) 3559M->1385M(4096M) 117.506ms
[3300.408s][info][gc             ] GC(720) Concurrent Mark Cycle
[3300.408s][info][gc,marking     ] GC(720) Concurrent Scan Root Regions
[3300.408s][info][gc,cpu         ] GC(719) User=0.70s Sys=0.00s Real=0.12s
[3300.515s][info][gc,marking     ] GC(720) Concurrent Scan Root Regions 107.232ms
[3300.515s][info][gc,marking     ] GC(720) Concurrent Mark
[3300.515s][info][gc,marking     ] GC(720) Concurrent Mark From Roots
[3300.515s][info][gc,task        ] GC(720) Using 2 workers of 2 for marking
.[3301.061s][info][gc,marking     ] GC(720) Concurrent Mark From Roots 545.865ms
[3301.061s][info][gc,marking     ] GC(720) Concurrent Preclean
[3301.061s][info][gc,marking     ] GC(720) Concurrent Preclean 0.090ms
[3301.065s][info][gc,start       ] GC(720) Pause Remark
[3301.067s][info][gc             ] GC(720) Pause Remark 1889M->1889M(4096M) 2.663ms
[3301.067s][info][gc,cpu         ] GC(720) User=0.01s Sys=0.00s Real=0.01s
[3301.067s][info][gc,marking     ] GC(720) Concurrent Mark 552.299ms
[3301.067s][info][gc,marking     ] GC(720) Concurrent Rebuild Remembered Sets and Scrub Regions
[3301.315s][info][gc,marking     ] GC(720) Concurrent Rebuild Remembered Sets and Scrub Regions 247.610ms
[3301.315s][info][gc,start       ] GC(720) Pause Cleanup
[3301.315s][info][gc             ] GC(720) Pause Cleanup 2076M->2076M(4096M) 0.105ms
[3301.315s][info][gc,cpu         ] GC(720) User=0.00s Sys=0.00s Real=0.00s
[3301.315s][info][gc,marking     ] GC(720) Concurrent Clear Claimed Marks
[3301.315s][info][gc,marking     ] GC(720) Concurrent Clear Claimed Marks 0.031ms
[3301.315s][info][gc,marking     ] GC(720) Concurrent Cleanup for Next Mark
[3301.320s][info][gc,marking     ] GC(720) Concurrent Cleanup for Next Mark 4.585ms
[3301.320s][info][gc             ] GC(720) Concurrent Mark Cycle 912.235ms
..[3303.630s][info][gc,start       ] GC(721) Pause Young (Prepare Mixed) (G1 Evacuation Pause)
[3303.630s][info][gc,task        ] GC(721) Using 6 workers of 6 for evacuation
[3303.747s][info][gc,phases      ] GC(721)   Pre Evacuate Collection Set: 0.37ms
[3303.748s][info][gc,phases      ] GC(721)   Merge Heap Roots: 0.50ms
[3303.748s][info][gc,phases      ] GC(721)   Evacuate Collection Set: 115.08ms
[3303.748s][info][gc,phases      ] GC(721)   Post Evacuate Collection Set: 0.95ms
[3303.748s][info][gc,phases      ] GC(721)   Other: 0.09ms
[3303.748s][info][gc,heap        ] GC(721) Eden regions: 1118->0(1111)
[3303.748s][info][gc,heap        ] GC(721) Survivor regions: 110->109(154)
[3303.748s][info][gc,heap        ] GC(721) Old regions: 504->536
[3303.748s][info][gc,heap        ] GC(721) Humongous regions: 80->80
[3303.748s][info][gc,metaspace   ] GC(721) Metaspace: 28895K(29248K)->28895K(29248K) NonClass: 24026K(24192K)->24026K(24192K) Class: 4868K(5056K)->4868K(5056K)
[3303.748s][info][gc             ] GC(721) Pause Young (Prepare Mixed) (G1 Evacuation Pause) 3621M->1447M(4096M) 117.121ms
[3303.748s][info][gc,cpu         ] GC(721) User=0.70s Sys=0.00s Real=0.12s
...[3306.860s][info][gc,start       ] GC(722) Pause Young (Mixed) (G1 Evacuation Pause)
[3306.860s][info][gc,task        ] GC(722) Using 6 workers of 6 for evacuation
[3306.997s][info][gc,phases      ] GC(722)   Pre Evacuate Collection Set: 0.35ms
[3306.997s][info][gc,phases      ] GC(722)   Merge Heap Roots: 0.67ms
[3306.997s][info][gc,phases      ] GC(722)   Evacuate Collection Set: 134.79ms
[3306.997s][info][gc,phases      ] GC(722)   Post Evacuate Collection Set: 0.93ms
[3306.997s][info][gc,phases      ] GC(722)   Other: 0.09ms
[3306.997s][info][gc,heap        ] GC(722) Eden regions: 1111->0(1116)
[3306.997s][info][gc,heap        ] GC(722) Survivor regions: 109->112(153)
[3306.997s][info][gc,heap        ] GC(722) Old regions: 536->472
[3306.997s][info][gc,heap        ] GC(722) Humongous regions: 80->80
[3306.997s][info][gc,metaspace   ] GC(722) Metaspace: 28895K(29248K)->28895K(29248K) NonClass: 24026K(24192K)->24026K(24192K) Class: 4868K(5056K)->4868K(5056K)
[3306.997s][info][gc             ] GC(722) Pause Young (Mixed) (G1 Evacuation Pause) 3669M->1324M(4096M) 136.955ms
[3306.997s][info][gc,cpu         ] GC(722) User=0.82s Sys=0.00s Real=0.14s
....[3310.193s][info][gc,start       ] GC(723) Pause Young (Concurrent Start) (G1 Evacuation Pause)
[3310.193s][info][gc,task        ] GC(723) Using 6 workers of 6 for evacuation
[3310.310s][info][gc,phases      ] GC(723)   Pre Evacuate Collection Set: 0.40ms
[3310.310s][info][gc,phases      ] GC(723)   Merge Heap Roots: 0.46ms
[3310.310s][info][gc,phases      ] GC(723)   Evacuate Collection Set: 114.50ms
[3310.310s][info][gc,phases      ] GC(723)   Post Evacuate Collection Set: 0.89ms
[3310.310s][info][gc,phases      ] GC(723)   Other: 0.10ms
[3310.310s][info][gc,heap        ] GC(723) Eden regions: 1116->0(1121)
[3310.310s][info][gc,heap        ] GC(723) Survivor regions: 112->107(154)
[3310.310s][info][gc,heap        ] GC(723) Old regions: 472->504
[3310.310s][info][gc,heap        ] GC(723) Humongous regions: 80->80
[3310.310s][info][gc,metaspace   ] GC(723) Metaspace: 28895K(29248K)->28895K(29248K) NonClass: 24026K(24192K)->24026K(24192K) Class: 4868K(5056K)->4868K(5056K)
[3310.310s][info][gc             ] GC(723) Pause Young (Concurrent Start) (G1 Evacuation Pause) 3556M->1380M(4096M) 116.504ms
[3310.310s][info][gc             ] GC(724) Concurrent Mark Cycle
[3310.310s][info][gc,marking     ] GC(724) Concurrent Scan Root Regions
[3310.310s][info][gc,cpu         ] GC(723) User=0.69s Sys=0.00s Real=0.12s
[3310.451s][info][gc,marking     ] GC(724) Concurrent Scan Root Regions 141.313ms
[3310.451s][info][gc,marking     ] GC(724) Concurrent Mark
[3310.451s][info][gc,marking     ] GC(724) Concurrent Mark From Roots
[3310.451s][info][gc,task        ] GC(724) Using 2 workers of 2 for marking
.[3311.167s][info][gc,marking     ] GC(724) Concurrent Mark From Roots 716.053ms
[3311.167s][info][gc,marking     ] GC(724) Concurrent Preclean
[3311.167s][info][gc,marking     ] GC(724) Concurrent Preclean 0.111ms
[3311.168s][info][gc,start       ] GC(724) Pause Remark
[3311.171s][info][gc             ] GC(724) Pause Remark 2070M->2070M(4096M) 3.190ms
[3311.172s][info][gc,cpu         ] GC(724) User=0.02s Sys=0.00s Real=0.00s
[3311.172s][info][gc,marking     ] GC(724) Concurrent Mark 720.362ms
[3311.172s][info][gc,marking     ] GC(724) Concurrent Rebuild Remembered Sets and Scrub Regions
[3311.379s][info][gc,marking     ] GC(724) Concurrent Rebuild Remembered Sets and Scrub Regions 207.835ms
[3311.380s][info][gc,start       ] GC(724) Pause Cleanup
[3311.380s][info][gc             ] GC(724) Pause Cleanup 2188M->2188M(4096M) 0.109ms
[3311.380s][info][gc,cpu         ] GC(724) User=0.00s Sys=0.00s Real=0.00s
[3311.380s][info][gc,marking     ] GC(724) Concurrent Clear Claimed Marks
[3311.380s][info][gc,marking     ] GC(724) Concurrent Clear Claimed Marks 0.023ms
[3311.380s][info][gc,marking     ] GC(724) Concurrent Cleanup for Next Mark
[3311.386s][info][gc,marking     ] GC(724) Concurrent Cleanup for Next Mark 5.712ms
[3311.386s][info][gc             ] GC(724) Concurrent Mark Cycle 1076.414ms
..[3313.470s][info][gc,start       ] GC(725) Pause Young (Prepare Mixed) (G1 Evacuation Pause)
[3313.470s][info][gc,task        ] GC(725) Using 6 workers of 6 for evacuation
[3313.589s][info][gc,phases      ] GC(725)   Pre Evacuate Collection Set: 0.29ms
[3313.589s][info][gc,phases      ] GC(725)   Merge Heap Roots: 0.49ms
[3313.589s][info][gc,phases      ] GC(725)   Evacuate Collection Set: 117.06ms
[3313.589s][info][gc,phases      ] GC(725)   Post Evacuate Collection Set: 0.93ms
[3313.589s][info][gc,phases      ] GC(725)   Other: 0.09ms
[3313.589s][info][gc,heap        ] GC(725) Eden regions: 1121->0(1108)
[3313.589s][info][gc,heap        ] GC(725) Survivor regions: 107->111(154)
[3313.589s][info][gc,heap        ] GC(725) Old regions: 504->535
[3313.589s][info][gc,heap        ] GC(725) Humongous regions: 80->80
[3313.589s][info][gc,metaspace   ] GC(725) Metaspace: 28895K(29248K)->28895K(29248K) NonClass: 24026K(24192K)->24026K(24192K) Class: 4868K(5056K)->4868K(5056K)
[3313.589s][info][gc             ] GC(725) Pause Young (Prepare Mixed) (G1 Evacuation Pause) 3622M->1450M(4096M) 119.000ms
[3313.589s][info][gc,cpu         ] GC(725) User=0.71s Sys=0.00s Real=0.12s
...[3316.791s][info][gc,start       ] GC(726) Pause Young (Mixed) (G1 Evacuation Pause)
[3316.791s][info][gc,task        ] GC(726) Using 6 workers of 6 for evacuation
[3316.931s][info][gc,phases      ] GC(726)   Pre Evacuate Collection Set: 0.35ms
[3316.931s][info][gc,phases      ] GC(726)   Merge Heap Roots: 0.73ms
[3316.931s][info][gc,phases      ] GC(726)   Evacuate Collection Set: 137.95ms
[3316.931s][info][gc,phases      ] GC(726)   Post Evacuate Collection Set: 0.94ms
[3316.931s][info][gc,phases      ] GC(726)   Other: 0.09ms
[3316.931s][info][gc,heap        ] GC(726) Eden regions: 1108->0(1117)
[3316.931s][info][gc,heap        ] GC(726) Survivor regions: 111->111(153)
[3316.931s][info][gc,heap        ] GC(726) Old regions: 535->472
[3316.931s][info][gc,heap        ] GC(726) Humongous regions: 80->80
[3316.931s][info][gc,metaspace   ] GC(726) Metaspace: 28895K(29248K)->28895K(29248K) NonClass: 24026K(24192K)->24026K(24192K) Class: 4868K(5056K)->4868K(5056K)
[3316.931s][info][gc             ] GC(726) Pause Young (Mixed) (G1 Evacuation Pause) 3666M->1322M(4096M) 140.220ms
[3316.931s][info][gc,cpu         ] GC(726) User=0.84s Sys=0.00s Real=0.14s
....[3320.035s][info][gc,start       ] GC(727) Pause Young (Concurrent Start) (G1 Evacuation Pause)
[3320.035s][info][gc,task        ] GC(727) Using 6 workers of 6 for evacuation
[3320.149s][info][gc,phases      ] GC(727)   Pre Evacuate Collection Set: 0.35ms
[3320.149s][info][gc,phases      ] GC(727)   Merge Heap Roots: 0.45ms
[3320.149s][info][gc,phases      ] GC(727)   Evacuate Collection Set: 112.43ms
[3320.149s][info][gc,phases      ] GC(727)   Post Evacuate Collection Set: 0.86ms
[3320.149s][info][gc,phases      ] GC(727)   Other: 0.13ms
[3320.149s][info][gc,heap        ] GC(727) Eden regions: 1117->0(1122)
[3320.149s][info][gc,heap        ] GC(727) Survivor regions: 111->106(154)
[3320.149s][info][gc,heap        ] GC(727) Old regions: 472->503
[3320.149s][info][gc,heap        ] GC(727) Humongous regions: 80->80
[3320.149s][info][gc,metaspace   ] GC(727) Metaspace: 28895K(29248K)->28895K(29248K) NonClass: 24026K(24192K)->24026K(24192K) Class: 4868K(5056K)->4868K(5056K)
[3320.149s][info][gc             ] GC(727) Pause Young (Concurrent Start) (G1 Evacuation Pause) 3556M->1374M(4096M) 114.349ms
[3320.149s][info][gc             ] GC(728) Concurrent Mark Cycle
[3320.149s][info][gc,marking     ] GC(728) Concurrent Scan Root Regions
[3320.150s][info][gc,cpu         ] GC(727) User=0.68s Sys=0.00s Real=0.11s
[3320.277s][info][gc,marking     ] GC(728) Concurrent Scan Root Regions 127.079ms
[3320.277s][info][gc,marking     ] GC(728) Concurrent Mark
[3320.277s][info][gc,marking     ] GC(728) Concurrent Mark From Roots
[3320.277s][info][gc,task        ] GC(728) Using 2 workers of 2 for marking
[3320.947s][info][gc,marking     ] GC(728) Concurrent Mark From Roots 670.034ms
[3320.947s][info][gc,marking     ] GC(728) Concurrent Preclean
[3320.947s][info][gc,marking     ] GC(728) Concurrent Preclean 0.101ms
[3320.948s][info][gc,start       ] GC(728) Pause Remark
[3320.951s][info][gc             ] GC(728) Pause Remark 1962M->1962M(4096M) 2.883ms
[3320.951s][info][gc,cpu         ] GC(728) User=0.01s Sys=0.00s Real=0.00s
[3320.951s][info][gc,marking     ] GC(728) Concurrent Mark 674.562ms
[3320.951s][info][gc,marking     ] GC(728) Concurrent Rebuild Remembered Sets and Scrub Regions
.[3321.202s][info][gc,marking     ] GC(728) Concurrent Rebuild Remembered Sets and Scrub Regions 250.657ms
[3321.202s][info][gc,start       ] GC(728) Pause Cleanup
[3321.202s][info][gc             ] GC(728) Pause Cleanup 2177M->2177M(4096M) 0.111ms
[3321.202s][info][gc,cpu         ] GC(728) User=0.00s Sys=0.00s Real=0.00s
[3321.202s][info][gc,marking     ] GC(728) Concurrent Clear Claimed Marks
[3321.202s][info][gc,marking     ] GC(728) Concurrent Clear Claimed Marks 0.022ms
[3321.202s][info][gc,marking     ] GC(728) Concurrent Cleanup for Next Mark
[3321.206s][info][gc,marking     ] GC(728) Concurrent Cleanup for Next Mark 3.543ms
[3321.206s][info][gc             ] GC(728) Concurrent Mark Cycle 1056.276ms
..[3323.405s][info][gc,start       ] GC(729) Pause Young (Prepare Mixed) (G1 Evacuation Pause)
[3323.405s][info][gc,task        ] GC(729) Using 6 workers of 6 for evacuation
[3323.525s][info][gc,phases      ] GC(729)   Pre Evacuate Collection Set: 0.30ms
[3323.525s][info][gc,phases      ] GC(729)   Merge Heap Roots: 0.57ms
[3323.525s][info][gc,phases      ] GC(729)   Evacuate Collection Set: 117.86ms
[3323.525s][info][gc,phases      ] GC(729)   Post Evacuate Collection Set: 0.89ms
[3323.525s][info][gc,phases      ] GC(729)   Other: 0.10ms
[3323.525s][info][gc,heap        ] GC(729) Eden regions: 1122->0(1109)
[3323.525s][info][gc,heap        ] GC(729) Survivor regions: 106->111(154)
[3323.525s][info][gc,heap        ] GC(729) Old regions: 503->534
[3323.525s][info][gc,heap        ] GC(729) Humongous regions: 80->80
[3323.525s][info][gc,metaspace   ] GC(729) Metaspace: 28895K(29248K)->28895K(29248K) NonClass: 24026K(24192K)->24026K(24192K) Class: 4868K(5056K)->4868K(5056K)
[3323.525s][info][gc             ] GC(729) Pause Young (Prepare Mixed) (G1 Evacuation Pause) 3618M->1447M(4096M) 119.838ms
[3323.525s][info][gc,cpu         ] GC(729) User=0.71s Sys=0.00s Real=0.11s
...[3326.774s][info][gc,start       ] GC(730) Pause Young (Mixed) (G1 Evacuation Pause)
[3326.774s][info][gc,task        ] GC(730) Using 6 workers of 6 for evacuation
[3326.905s][info][gc,phases      ] GC(730)   Pre Evacuate Collection Set: 0.34ms
[3326.905s][info][gc,phases      ] GC(730)   Merge Heap Roots: 0.58ms
[3326.905s][info][gc,phases      ] GC(730)   Evacuate Collection Set: 128.91ms
[3326.905s][info][gc,phases      ] GC(730)   Post Evacuate Collection Set: 0.93ms
[3326.905s][info][gc,phases      ] GC(730)   Other: 0.08ms
[3326.905s][info][gc,heap        ] GC(730) Eden regions: 1109->0(1117)
[3326.905s][info][gc,heap        ] GC(730) Survivor regions: 111->111(153)
[3326.905s][info][gc,heap        ] GC(730) Old regions: 534->473
[3326.905s][info][gc,heap        ] GC(730) Humongous regions: 80->80
[3326.905s][info][gc,metaspace   ] GC(730) Metaspace: 28895K(29248K)->28895K(29248K) NonClass: 24026K(24192K)->24026K(24192K) Class: 4868K(5056K)->4868K(5056K)
[3326.905s][info][gc             ] GC(730) Pause Young (Mixed) (G1 Evacuation Pause) 3665M->1324M(4096M) 130.962ms
[3326.905s][info][gc,cpu         ] GC(730) User=0.78s Sys=0.00s Real=0.14s
... (rIR:aIR:PR = 5673:5675:5675) (tPR = 84122) [OK] 
  3328s: Performance info:
         Transaction,    Success,    Partial,     Failed,   Receipts, AvgBarcode, 
             Overall,     342188,          0,          0,     325097,      59.48, 
         Response times:
             Request,    Success,    Partial,     Failed,   SkipFail,     Probes,    Samples,      min,      p50,      p90,      p95,      p99,      max, 
       TotalPurchase,     325097,          0,          0,          0,     317773,     350599,      300,     4500,    11800,    33000,    84000,   209000,
     InStorePurchase,     171096,          0,          0,          0,     167561,     184504,      300,     4400,    11500,    33000,    83000,   209000,
      OnlinePurchase,     119767,          0,          0,          0,     116961,     129004,      300,     4800,    12300,    35000,    86000,   191000,
        InstPurchase,      34234,          0,          0,          0,      33251,      37091,      400,     4300,    11400,    32000,    82000,   184000,
          AssocOfCat,        341,          0,          0,          0,        268,        376,    20000,    33000,    55300,    77350,   180000,   188000,
      AssocOfProduct,       3422,          0,          0,          0,       3208,       3793,      700,     5000,    12160,    34000,    89120,   145000,
      BusinessReport,        856,          0,          0,          0,        751,        959,    19700,    36000,    63000,    86000,   171800,   314000,
          CustBuyBeh,       3421,          0,          0,          0,       3143,       3689,      200,     5600,    17500,    44000,    89200,   169000,
       ProductReturn,       9051,          0,          0,          0,       8711,       9907,      200,     4600,    11500,    35000,    85000,   219000,

  3328s: (42%)   IR =   5812 [3329.967s][info][gc,start       ] GC(731) Pause Young (Concurrent Start) (G1 Evacuation Pause)
[3329.967s][info][gc,task        ] GC(731) Using 6 workers of 6 for evacuation
[3330.085s][info][gc,phases      ] GC(731)   Pre Evacuate Collection Set: 0.37ms
[3330.085s][info][gc,phases      ] GC(731)   Merge Heap Roots: 0.44ms
[3330.085s][info][gc,phases      ] GC(731)   Evacuate Collection Set: 116.28ms
[3330.085s][info][gc,phases      ] GC(731)   Post Evacuate Collection Set: 0.95ms
[3330.085s][info][gc,phases      ] GC(731)   Other: 0.09ms
[3330.085s][info][gc,heap        ] GC(731) Eden regions: 1117->0(1119)
[3330.085s][info][gc,heap        ] GC(731) Survivor regions: 111->109(154)
[3330.085s][info][gc,heap        ] GC(731) Old regions: 473->506
[3330.085s][info][gc,heap        ] GC(731) Humongous regions: 80->80
[3330.085s][info][gc,metaspace   ] GC(731) Metaspace: 28895K(29248K)->28895K(29248K) NonClass: 24026K(24192K)->24026K(24192K) Class: 4868K(5056K)->4868K(5056K)
[3330.085s][info][gc             ] GC(731) Pause Young (Concurrent Start) (G1 Evacuation Pause) 3558M->1387M(4096M) 118.283ms
[3330.085s][info][gc             ] GC(732) Concurrent Mark Cycle
[3330.085s][info][gc,marking     ] GC(732) Concurrent Scan Root Regions
[3330.085s][info][gc,cpu         ] GC(731) User=0.70s Sys=0.00s Real=0.12s
.[3330.222s][info][gc,marking     ] GC(732) Concurrent Scan Root Regions 137.043ms
[3330.223s][info][gc,marking     ] GC(732) Concurrent Mark
[3330.223s][info][gc,marking     ] GC(732) Concurrent Mark From Roots
[3330.223s][info][gc,task        ] GC(732) Using 2 workers of 2 for marking
[3331.052s][info][gc,marking     ] GC(732) Concurrent Mark From Roots 829.026ms
[3331.052s][info][gc,marking     ] GC(732) Concurrent Preclean
[3331.052s][info][gc,marking     ] GC(732) Concurrent Preclean 0.122ms
[3331.052s][info][gc,start       ] GC(732) Pause Remark
[3331.055s][info][gc             ] GC(732) Pause Remark 2158M->2158M(4096M) 3.534ms
[3331.055s][info][gc,cpu         ] GC(732) User=0.02s Sys=0.00s Real=0.01s
[3331.055s][info][gc,marking     ] GC(732) Concurrent Mark 832.932ms
[3331.055s][info][gc,marking     ] GC(732) Concurrent Rebuild Remembered Sets and Scrub Regions
.[3331.308s][info][gc,marking     ] GC(732) Concurrent Rebuild Remembered Sets and Scrub Regions 252.617ms
[3331.308s][info][gc,start       ] GC(732) Pause Cleanup
[3331.309s][info][gc             ] GC(732) Pause Cleanup 2346M->2346M(4096M) 0.112ms
[3331.309s][info][gc,cpu         ] GC(732) User=0.00s Sys=0.00s Real=0.00s
[3331.309s][info][gc,marking     ] GC(732) Concurrent Clear Claimed Marks
[3331.309s][info][gc,marking     ] GC(732) Concurrent Clear Claimed Marks 0.030ms
[3331.309s][info][gc,marking     ] GC(732) Concurrent Cleanup for Next Mark
[3331.315s][info][gc,marking     ] GC(732) Concurrent Cleanup for Next Mark 5.996ms
[3331.315s][info][gc             ] GC(732) Concurrent Mark Cycle 1229.409ms
.[3333.193s][info][gc,start       ] GC(733) Pause Young (Prepare Mixed) (G1 Evacuation Pause)
[3333.193s][info][gc,task        ] GC(733) Using 6 workers of 6 for evacuation
[3333.313s][info][gc,phases      ] GC(733)   Pre Evacuate Collection Set: 0.34ms
[3333.313s][info][gc,phases      ] GC(733)   Merge Heap Roots: 0.53ms
[3333.313s][info][gc,phases      ] GC(733)   Evacuate Collection Set: 117.63ms
[3333.313s][info][gc,phases      ] GC(733)   Post Evacuate Collection Set: 0.93ms
[3333.313s][info][gc,phases      ] GC(733)   Other: 0.09ms
[3333.313s][info][gc,heap        ] GC(733) Eden regions: 1119->0(1103)
[3333.313s][info][gc,heap        ] GC(733) Survivor regions: 109->112(154)
[3333.313s][info][gc,heap        ] GC(733) Old regions: 506->538
[3333.313s][info][gc,heap        ] GC(733) Humongous regions: 80->80
[3333.313s][info][gc,metaspace   ] GC(733) Metaspace: 28895K(29248K)->28895K(29248K) NonClass: 24026K(24192K)->24026K(24192K) Class: 4868K(5056K)->4868K(5056K)
[3333.313s][info][gc             ] GC(733) Pause Young (Prepare Mixed) (G1 Evacuation Pause) 3625M->1457M(4096M) 119.651ms
[3333.313s][info][gc,cpu         ] GC(733) User=0.71s Sys=0.00s Real=0.12s
...[3336.311s][info][gc,start       ] GC(734) Pause Young (Mixed) (G1 Evacuation Pause)
[3336.311s][info][gc,task        ] GC(734) Using 6 workers of 6 for evacuation
[3336.448s][info][gc,phases      ] GC(734)   Pre Evacuate Collection Set: 0.35ms
[3336.448s][info][gc,phases      ] GC(734)   Merge Heap Roots: 0.81ms
[3336.448s][info][gc,phases      ] GC(734)   Evacuate Collection Set: 134.08ms
[3336.448s][info][gc,phases      ] GC(734)   Post Evacuate Collection Set: 0.99ms
[3336.448s][info][gc,phases      ] GC(734)   Other: 0.81ms
[3336.448s][info][gc,heap        ] GC(734) Eden regions: 1103->0(1117)
[3336.448s][info][gc,heap        ] GC(734) Survivor regions: 112->111(152)
[3336.448s][info][gc,heap        ] GC(734) Old regions: 538->471
[3336.448s][info][gc,heap        ] GC(734) Humongous regions: 80->80
[3336.448s][info][gc,metaspace   ] GC(734) Metaspace: 28895K(29248K)->28895K(29248K) NonClass: 24026K(24192K)->24026K(24192K) Class: 4868K(5056K)->4868K(5056K)
[3336.449s][info][gc             ] GC(734) Pause Young (Mixed) (G1 Evacuation Pause) 3663M->1321M(4096M) 137.198ms
[3336.449s][info][gc,cpu         ] GC(734) User=0.81s Sys=0.00s Real=0.14s
....[3339.505s][info][gc,start       ] GC(735) Pause Young (Concurrent Start) (G1 Evacuation Pause)
[3339.505s][info][gc,task        ] GC(735) Using 6 workers of 6 for evacuation
[3339.626s][info][gc,phases      ] GC(735)   Pre Evacuate Collection Set: 0.34ms
[3339.626s][info][gc,phases      ] GC(735)   Merge Heap Roots: 0.46ms
[3339.626s][info][gc,phases      ] GC(735)   Evacuate Collection Set: 118.51ms
[3339.626s][info][gc,phases      ] GC(735)   Post Evacuate Collection Set: 0.85ms
[3339.626s][info][gc,phases      ] GC(735)   Other: 0.12ms
[3339.626s][info][gc,heap        ] GC(735) Eden regions: 1117->0(1118)
[3339.626s][info][gc,heap        ] GC(735) Survivor regions: 111->110(154)
[3339.626s][info][gc,heap        ] GC(735) Old regions: 471->505
[3339.626s][info][gc,heap        ] GC(735) Humongous regions: 80->80
[3339.626s][info][gc,metaspace   ] GC(735) Metaspace: 28895K(29248K)->28895K(29248K) NonClass: 24026K(24192K)->24026K(24192K) Class: 4868K(5056K)->4868K(5056K)
[3339.626s][info][gc             ] GC(735) Pause Young (Concurrent Start) (G1 Evacuation Pause) 3555M->1386M(4096M) 120.415ms
[3339.626s][info][gc             ] GC(736) Concurrent Mark Cycle
[3339.626s][info][gc,marking     ] GC(736) Concurrent Scan Root Regions
[3339.626s][info][gc,cpu         ] GC(735) User=0.72s Sys=0.00s Real=0.12s
[3339.792s][info][gc,marking     ] GC(736) Concurrent Scan Root Regions 166.552ms
[3339.792s][info][gc,marking     ] GC(736) Concurrent Mark
[3339.793s][info][gc,marking     ] GC(736) Concurrent Mark From Roots
[3339.793s][info][gc,task        ] GC(736) Using 2 workers of 2 for marking
.[3340.581s][info][gc,marking     ] GC(736) Concurrent Mark From Roots 788.869ms
[3340.581s][info][gc,marking     ] GC(736) Concurrent Preclean
[3340.581s][info][gc,marking     ] GC(736) Concurrent Preclean 0.074ms
[3340.582s][info][gc,start       ] GC(736) Pause Remark
[3340.585s][info][gc             ] GC(736) Pause Remark 2100M->2100M(4096M) 3.868ms
[3340.586s][info][gc,cpu         ] GC(736) User=0.02s Sys=0.00s Real=0.01s
[3340.586s][info][gc,marking     ] GC(736) Concurrent Mark 793.069ms
[3340.586s][info][gc,marking     ] GC(736) Concurrent Rebuild Remembered Sets and Scrub Regions
[3340.831s][info][gc,marking     ] GC(736) Concurrent Rebuild Remembered Sets and Scrub Regions 245.562ms
[3340.831s][info][gc,start       ] GC(736) Pause Cleanup
[3340.831s][info][gc             ] GC(736) Pause Cleanup 2255M->2255M(4096M) 0.100ms
[3340.831s][info][gc,cpu         ] GC(736) User=0.00s Sys=0.00s Real=0.00s
[3340.832s][info][gc,marking     ] GC(736) Concurrent Clear Claimed Marks
[3340.832s][info][gc,marking     ] GC(736) Concurrent Clear Claimed Marks 0.031ms
[3340.832s][info][gc,marking     ] GC(736) Concurrent Cleanup for Next Mark
[3340.838s][info][gc,marking     ] GC(736) Concurrent Cleanup for Next Mark 5.848ms
[3340.838s][info][gc             ] GC(736) Concurrent Mark Cycle 1212.066ms
..[3342.804s][info][gc,start       ] GC(737) Pause Young (Prepare Mixed) (G1 Evacuation Pause)
[3342.804s][info][gc,task        ] GC(737) Using 6 workers of 6 for evacuation
[3342.924s][info][gc,phases      ] GC(737)   Pre Evacuate Collection Set: 0.34ms
[3342.924s][info][gc,phases      ] GC(737)   Merge Heap Roots: 0.55ms
[3342.924s][info][gc,phases      ] GC(737)   Evacuate Collection Set: 117.71ms
[3342.924s][info][gc,phases      ] GC(737)   Post Evacuate Collection Set: 0.93ms
[3342.924s][info][gc,phases      ] GC(737)   Other: 0.09ms
[3342.924s][info][gc,heap        ] GC(737) Eden regions: 1118->0(1104)
[3342.924s][info][gc,heap        ] GC(737) Survivor regions: 110->113(154)
[3342.924s][info][gc,heap        ] GC(737) Old regions: 505->535
[3342.924s][info][gc,heap        ] GC(737) Humongous regions: 80->80
[3342.924s][info][gc,metaspace   ] GC(737) Metaspace: 28895K(29248K)->28895K(29248K) NonClass: 24026K(24192K)->24026K(24192K) Class: 4868K(5056K)->4868K(5056K)
[3342.924s][info][gc             ] GC(737) Pause Young (Prepare Mixed) (G1 Evacuation Pause) 3622M->1454M(4096M) 119.769ms
[3342.924s][info][gc,cpu         ] GC(737) User=0.71s Sys=0.00s Real=0.12s
..|.[3345.981s][info][gc,start       ] GC(738) Pause Young (Mixed) (G1 Evacuation Pause)
[3345.981s][info][gc,task        ] GC(738) Using 6 workers of 6 for evacuation
[3346.118s][info][gc,phases      ] GC(738)   Pre Evacuate Collection Set: 0.34ms
[3346.118s][info][gc,phases      ] GC(738)   Merge Heap Roots: 0.65ms
[3346.118s][info][gc,phases      ] GC(738)   Evacuate Collection Set: 134.88ms
[3346.118s][info][gc,phases      ] GC(738)   Post Evacuate Collection Set: 0.94ms
[3346.118s][info][gc,phases      ] GC(738)   Other: 0.09ms
[3346.118s][info][gc,heap        ] GC(738) Eden regions: 1104->0(1117)
[3346.118s][info][gc,heap        ] GC(738) Survivor regions: 113->111(153)
[3346.118s][info][gc,heap        ] GC(738) Old regions: 535->473
[3346.118s][info][gc,heap        ] GC(738) Humongous regions: 80->80
[3346.118s][info][gc,metaspace   ] GC(738) Metaspace: 28895K(29248K)->28895K(29248K) NonClass: 24026K(24192K)->24026K(24192K) Class: 4868K(5056K)->4868K(5056K)
[3346.118s][info][gc             ] GC(738) Pause Young (Mixed) (G1 Evacuation Pause) 3662M->1325M(4096M) 137.027ms
[3346.118s][info][gc,cpu         ] GC(738) User=0.82s Sys=0.00s Real=0.14s
...[3349.217s][info][gc,start       ] GC(739) Pause Young (Concurrent Start) (G1 Evacuation Pause)
[3349.217s][info][gc,task        ] GC(739) Using 6 workers of 6 for evacuation
[3349.333s][info][gc,phases      ] GC(739)   Pre Evacuate Collection Set: 0.40ms
[3349.333s][info][gc,phases      ] GC(739)   Merge Heap Roots: 0.48ms
[3349.333s][info][gc,phases      ] GC(739)   Evacuate Collection Set: 114.25ms
[3349.333s][info][gc,phases      ] GC(739)   Post Evacuate Collection Set: 0.86ms
[3349.333s][info][gc,phases      ] GC(739)   Other: 0.12ms
[3349.333s][info][gc,heap        ] GC(739) Eden regions: 1117->0(1121)
[3349.333s][info][gc,heap        ] GC(739) Survivor regions: 111->107(154)
[3349.333s][info][gc,heap        ] GC(739) Old regions: 473->506
[3349.333s][info][gc,heap        ] GC(739) Humongous regions: 80->80
[3349.333s][info][gc,metaspace   ] GC(739) Metaspace: 28895K(29248K)->28895K(29248K) NonClass: 24026K(24192K)->24026K(24192K) Class: 4868K(5056K)->4868K(5056K)
[3349.333s][info][gc             ] GC(739) Pause Young (Concurrent Start) (G1 Evacuation Pause) 3559M->1382M(4096M) 116.248ms
[3349.333s][info][gc             ] GC(740) Concurrent Mark Cycle
[3349.333s][info][gc,marking     ] GC(740) Concurrent Scan Root Regions
[3349.333s][info][gc,cpu         ] GC(739) User=0.69s Sys=0.00s Real=0.11s
[3349.465s][info][gc,marking     ] GC(740) Concurrent Scan Root Regions 132.321ms
[3349.465s][info][gc,marking     ] GC(740) Concurrent Mark
[3349.465s][info][gc,marking     ] GC(740) Concurrent Mark From Roots
[3349.466s][info][gc,task        ] GC(740) Using 2 workers of 2 for marking
.[3350.144s][info][gc,marking     ] GC(740) Concurrent Mark From Roots 678.833ms
[3350.144s][info][gc,marking     ] GC(740) Concurrent Preclean
[3350.144s][info][gc,marking     ] GC(740) Concurrent Preclean 0.074ms
[3350.145s][info][gc,start       ] GC(740) Pause Remark
[3350.147s][info][gc             ] GC(740) Pause Remark 2018M->2018M(4096M) 2.597ms
[3350.147s][info][gc,cpu         ] GC(740) User=0.01s Sys=0.00s Real=0.01s
[3350.149s][info][gc,marking     ] GC(740) Concurrent Mark 683.224ms
[3350.149s][info][gc,marking     ] GC(740) Concurrent Rebuild Remembered Sets and Scrub Regions
[3350.386s][info][gc,marking     ] GC(740) Concurrent Rebuild Remembered Sets and Scrub Regions 237.168ms
[3350.388s][info][gc,start       ] GC(740) Pause Cleanup
[3350.388s][info][gc             ] GC(740) Pause Cleanup 2174M->2174M(4096M) 0.130ms
[3350.388s][info][gc,cpu         ] GC(740) User=0.00s Sys=0.00s Real=0.00s
[3350.388s][info][gc,marking     ] GC(740) Concurrent Clear Claimed Marks
[3350.388s][info][gc,marking     ] GC(740) Concurrent Clear Claimed Marks 0.023ms
[3350.388s][info][gc,marking     ] GC(740) Concurrent Cleanup for Next Mark
[3350.392s][info][gc,marking     ] GC(740) Concurrent Cleanup for Next Mark 3.429ms
[3350.392s][info][gc             ] GC(740) Concurrent Mark Cycle 1058.829ms
..[3352.434s][info][gc,start       ] GC(741) Pause Young (Prepare Mixed) (G1 Evacuation Pause)
[3352.434s][info][gc,task        ] GC(741) Using 6 workers of 6 for evacuation
[3352.552s][info][gc,phases      ] GC(741)   Pre Evacuate Collection Set: 0.29ms
[3352.552s][info][gc,phases      ] GC(741)   Merge Heap Roots: 0.52ms
[3352.552s][info][gc,phases      ] GC(741)   Evacuate Collection Set: 116.53ms
[3352.552s][info][gc,phases      ] GC(741)   Post Evacuate Collection Set: 0.90ms
[3352.552s][info][gc,phases      ] GC(741)   Other: 0.08ms
[3352.552s][info][gc,heap        ] GC(741) Eden regions: 1121->0(1106)
[3352.552s][info][gc,heap        ] GC(741) Survivor regions: 107->111(154)
[3352.552s][info][gc,heap        ] GC(741) Old regions: 506->537
[3352.552s][info][gc,heap        ] GC(741) Humongous regions: 80->80
[3352.552s][info][gc,metaspace   ] GC(741) Metaspace: 28895K(29248K)->28895K(29248K) NonClass: 24026K(24192K)->24026K(24192K) Class: 4868K(5056K)->4868K(5056K)
[3352.552s][info][gc             ] GC(741) Pause Young (Prepare Mixed) (G1 Evacuation Pause) 3624M->1454M(4096M) 118.468ms
[3352.552s][info][gc,cpu         ] GC(741) User=0.71s Sys=0.00s Real=0.12s
...[3355.647s][info][gc,start       ] GC(742) Pause Young (Mixed) (G1 Evacuation Pause)
[3355.647s][info][gc,task        ] GC(742) Using 6 workers of 6 for evacuation
[3355.781s][info][gc,phases      ] GC(742)   Pre Evacuate Collection Set: 0.35ms
[3355.781s][info][gc,phases      ] GC(742)   Merge Heap Roots: 0.69ms
[3355.781s][info][gc,phases      ] GC(742)   Evacuate Collection Set: 131.64ms
[3355.781s][info][gc,phases      ] GC(742)   Post Evacuate Collection Set: 0.92ms
[3355.781s][info][gc,phases      ] GC(742)   Other: 0.09ms
[3355.781s][info][gc,heap        ] GC(742) Eden regions: 1106->0(1116)
[3355.781s][info][gc,heap        ] GC(742) Survivor regions: 111->112(153)
[3355.781s][info][gc,heap        ] GC(742) Old regions: 537->473
[3355.781s][info][gc,heap        ] GC(742) Humongous regions: 80->80
[3355.781s][info][gc,metaspace   ] GC(742) Metaspace: 28895K(29248K)->28895K(29248K) NonClass: 24026K(24192K)->24026K(24192K) Class: 4868K(5056K)->4868K(5056K)
[3355.781s][info][gc             ] GC(742) Pause Young (Mixed) (G1 Evacuation Pause) 3666M->1326M(4096M) 133.819ms
[3355.781s][info][gc,cpu         ] GC(742) User=0.80s Sys=0.00s Real=0.13s
....[3358.901s][info][gc,start       ] GC(743) Pause Young (Concurrent Start) (G1 Evacuation Pause)
[3358.901s][info][gc,task        ] GC(743) Using 6 workers of 6 for evacuation
[3359.022s][info][gc,phases      ] GC(743)   Pre Evacuate Collection Set: 0.36ms
[3359.022s][info][gc,phases      ] GC(743)   Merge Heap Roots: 0.47ms
[3359.022s][info][gc,phases      ] GC(743)   Evacuate Collection Set: 118.80ms
[3359.022s][info][gc,phases      ] GC(743)   Post Evacuate Collection Set: 0.86ms
[3359.022s][info][gc,phases      ] GC(743)   Other: 0.13ms
[3359.022s][info][gc,heap        ] GC(743) Eden regions: 1116->0(1116)
[3359.022s][info][gc,heap        ] GC(743) Survivor regions: 112->112(154)
[3359.022s][info][gc,heap        ] GC(743) Old regions: 473->504
[3359.022s][info][gc,heap        ] GC(743) Humongous regions: 80->80
[3359.022s][info][gc,metaspace   ] GC(743) Metaspace: 28895K(29248K)->28895K(29248K) NonClass: 24026K(24192K)->24026K(24192K) Class: 4868K(5056K)->4868K(5056K)
[3359.022s][info][gc             ] GC(743) Pause Young (Concurrent Start) (G1 Evacuation Pause) 3558M->1389M(4096M) 120.760ms
[3359.022s][info][gc             ] GC(744) Concurrent Mark Cycle
[3359.022s][info][gc,marking     ] GC(744) Concurrent Scan Root Regions
[3359.022s][info][gc,cpu         ] GC(743) User=0.72s Sys=0.00s Real=0.12s
[3359.173s][info][gc,marking     ] GC(744) Concurrent Scan Root Regions 150.942ms
[3359.173s][info][gc,marking     ] GC(744) Concurrent Mark
[3359.173s][info][gc,marking     ] GC(744) Concurrent Mark From Roots
[3359.173s][info][gc,task        ] GC(744) Using 2 workers of 2 for marking
.[3359.893s][info][gc,marking     ] GC(744) Concurrent Mark From Roots 720.189ms
[3359.893s][info][gc,marking     ] GC(744) Concurrent Preclean
[3359.893s][info][gc,marking     ] GC(744) Concurrent Preclean 0.109ms
[3359.893s][info][gc,start       ] GC(744) Pause Remark
[3359.897s][info][gc             ] GC(744) Pause Remark 2107M->2107M(4096M) 3.615ms
[3359.897s][info][gc,cpu         ] GC(744) User=0.02s Sys=0.00s Real=0.01s
[3359.897s][info][gc,marking     ] GC(744) Concurrent Mark 724.277ms
[3359.897s][info][gc,marking     ] GC(744) Concurrent Rebuild Remembered Sets and Scrub Regions
[3360.107s][info][gc,marking     ] GC(744) Concurrent Rebuild Remembered Sets and Scrub Regions 209.917ms
[3360.107s][info][gc,start       ] GC(744) Pause Cleanup
[3360.107s][info][gc             ] GC(744) Pause Cleanup 2251M->2251M(4096M) 0.099ms
[3360.107s][info][gc,cpu         ] GC(744) User=0.00s Sys=0.00s Real=0.00s
[3360.108s][info][gc,marking     ] GC(744) Concurrent Clear Claimed Marks
[3360.108s][info][gc,marking     ] GC(744) Concurrent Clear Claimed Marks 0.032ms
[3360.108s][info][gc,marking     ] GC(744) Concurrent Cleanup for Next Mark
[3360.113s][info][gc,marking     ] GC(744) Concurrent Cleanup for Next Mark 5.021ms
[3360.113s][info][gc             ] GC(744) Concurrent Mark Cycle 1091.564ms
..[3362.095s][info][gc,start       ] GC(745) Pause Young (Prepare Mixed) (G1 Evacuation Pause)
[3362.095s][info][gc,task        ] GC(745) Using 6 workers of 6 for evacuation
[3362.209s][info][gc,phases      ] GC(745)   Pre Evacuate Collection Set: 0.35ms
[3362.209s][info][gc,phases      ] GC(745)   Merge Heap Roots: 0.53ms
[3362.209s][info][gc,phases      ] GC(745)   Evacuate Collection Set: 112.46ms
[3362.209s][info][gc,phases      ] GC(745)   Post Evacuate Collection Set: 0.92ms
[3362.209s][info][gc,phases      ] GC(745)   Other: 0.09ms
[3362.209s][info][gc,heap        ] GC(745) Eden regions: 1116->0(1117)
[3362.209s][info][gc,heap        ] GC(745) Survivor regions: 112->106(154)
[3362.209s][info][gc,heap        ] GC(745) Old regions: 504->536
[3362.209s][info][gc,heap        ] GC(745) Humongous regions: 80->80
[3362.209s][info][gc,metaspace   ] GC(745) Metaspace: 28895K(29248K)->28895K(29248K) NonClass: 24026K(24192K)->24026K(24192K) Class: 4868K(5056K)->4868K(5056K)
[3362.209s][info][gc             ] GC(745) Pause Young (Prepare Mixed) (G1 Evacuation Pause) 3621M->1442M(4096M) 114.466ms
[3362.209s][info][gc,cpu         ] GC(745) User=0.68s Sys=0.00s Real=0.11s
...[3365.332s][info][gc,start       ] GC(746) Pause Young (Mixed) (G1 Evacuation Pause)
[3365.333s][info][gc,task        ] GC(746) Using 6 workers of 6 for evacuation
[3365.464s][info][gc,phases      ] GC(746)   Pre Evacuate Collection Set: 0.37ms
[3365.464s][info][gc,phases      ] GC(746)   Merge Heap Roots: 0.68ms
[3365.464s][info][gc,phases      ] GC(746)   Evacuate Collection Set: 129.26ms
[3365.464s][info][gc,phases      ] GC(746)   Post Evacuate Collection Set: 0.94ms
[3365.464s][info][gc,phases      ] GC(746)   Other: 0.09ms
[3365.464s][info][gc,heap        ] GC(746) Eden regions: 1117->0(1121)
[3365.464s][info][gc,heap        ] GC(746) Survivor regions: 106->107(153)
[3365.464s][info][gc,heap        ] GC(746) Old regions: 536->471
[3365.464s][info][gc,heap        ] GC(746) Humongous regions: 80->80
[3365.464s][info][gc,metaspace   ] GC(746) Metaspace: 28895K(29248K)->28895K(29248K) NonClass: 24026K(24192K)->24026K(24192K) Class: 4868K(5056K)->4868K(5056K)
[3365.464s][info][gc             ] GC(746) Pause Young (Mixed) (G1 Evacuation Pause) 3676M->1314M(4096M) 131.496ms
[3365.464s][info][gc,cpu         ] GC(746) User=0.79s Sys=0.01s Real=0.13s
...[3368.586s][info][gc,start       ] GC(747) Pause Young (Concurrent Start) (G1 Evacuation Pause)
[3368.586s][info][gc,task        ] GC(747) Using 6 workers of 6 for evacuation
[3368.705s][info][gc,phases      ] GC(747)   Pre Evacuate Collection Set: 0.35ms
[3368.705s][info][gc,phases      ] GC(747)   Merge Heap Roots: 0.46ms
[3368.705s][info][gc,phases      ] GC(747)   Evacuate Collection Set: 117.79ms
[3368.705s][info][gc,phases      ] GC(747)   Post Evacuate Collection Set: 0.89ms
[3368.705s][info][gc,phases      ] GC(747)   Other: 0.09ms
[3368.705s][info][gc,heap        ] GC(747) Eden regions: 1121->0(1117)
[3368.705s][info][gc,heap        ] GC(747) Survivor regions: 107->111(154)
[3368.705s][info][gc,heap        ] GC(747) Old regions: 471->502
[3368.705s][info][gc,heap        ] GC(747) Humongous regions: 80->80
[3368.705s][info][gc,metaspace   ] GC(747) Metaspace: 28895K(29248K)->28895K(29248K) NonClass: 24026K(24192K)->24026K(24192K) Class: 4868K(5056K)->4868K(5056K)
[3368.705s][info][gc             ] GC(747) Pause Young (Concurrent Start) (G1 Evacuation Pause) 3556M->1384M(4096M) 119.709ms
[3368.705s][info][gc             ] GC(748) Concurrent Mark Cycle
[3368.705s][info][gc,marking     ] GC(748) Concurrent Scan Root Regions
[3368.705s][info][gc,cpu         ] GC(747) User=0.71s Sys=0.00s Real=0.12s
.[3368.838s][info][gc,marking     ] GC(748) Concurrent Scan Root Regions 132.799ms
[3368.838s][info][gc,marking     ] GC(748) Concurrent Mark
[3368.838s][info][gc,marking     ] GC(748) Concurrent Mark From Roots
[3368.838s][info][gc,task        ] GC(748) Using 2 workers of 2 for marking
[3369.518s][info][gc,marking     ] GC(748) Concurrent Mark From Roots 679.952ms
[3369.518s][info][gc,marking     ] GC(748) Concurrent Preclean
[3369.518s][info][gc,marking     ] GC(748) Concurrent Preclean 0.111ms
[3369.518s][info][gc,start       ] GC(748) Pause Remark
[3369.521s][info][gc             ] GC(748) Pause Remark 2030M->2030M(4096M) 2.500ms
[3369.521s][info][gc,cpu         ] GC(748) User=0.01s Sys=0.00s Real=0.00s
[3369.521s][info][gc,marking     ] GC(748) Concurrent Mark 682.807ms
[3369.521s][info][gc,marking     ] GC(748) Concurrent Rebuild Remembered Sets and Scrub Regions
[3369.771s][info][gc,marking     ] GC(748) Concurrent Rebuild Remembered Sets and Scrub Regions 250.404ms
[3369.772s][info][gc,start       ] GC(748) Pause Cleanup
[3369.772s][info][gc             ] GC(748) Pause Cleanup 2224M->2224M(4096M) 0.112ms
[3369.772s][info][gc,cpu         ] GC(748) User=0.00s Sys=0.00s Real=0.00s
[3369.772s][info][gc,marking     ] GC(748) Concurrent Clear Claimed Marks
[3369.772s][info][gc,marking     ] GC(748) Concurrent Clear Claimed Marks 0.026ms
[3369.772s][info][gc,marking     ] GC(748) Concurrent Cleanup for Next Mark
[3369.777s][info][gc,marking     ] GC(748) Concurrent Cleanup for Next Mark 4.679ms
[3369.777s][info][gc             ] GC(748) Concurrent Mark Cycle 1071.353ms
..[3371.715s][info][gc,start       ] GC(749) Pause Young (Prepare Mixed) (G1 Evacuation Pause)
[3371.715s][info][gc,task        ] GC(749) Using 6 workers of 6 for evacuation
[3371.832s][info][gc,phases      ] GC(749)   Pre Evacuate Collection Set: 0.31ms
[3371.832s][info][gc,phases      ] GC(749)   Merge Heap Roots: 0.55ms
[3371.832s][info][gc,phases      ] GC(749)   Evacuate Collection Set: 115.00ms
[3371.832s][info][gc,phases      ] GC(749)   Post Evacuate Collection Set: 0.91ms
[3371.832s][info][gc,phases      ] GC(749)   Other: 0.09ms
[3371.832s][info][gc,heap        ] GC(749) Eden regions: 1117->0(1114)
[3371.832s][info][gc,heap        ] GC(749) Survivor regions: 111->108(154)
[3371.832s][info][gc,heap        ] GC(749) Old regions: 502->535
[3371.832s][info][gc,heap        ] GC(749) Humongous regions: 80->80
[3371.832s][info][gc,metaspace   ] GC(749) Metaspace: 28895K(29248K)->28895K(29248K) NonClass: 24026K(24192K)->24026K(24192K) Class: 4868K(5056K)->4868K(5056K)
[3371.832s][info][gc             ] GC(749) Pause Young (Prepare Mixed) (G1 Evacuation Pause) 3618M->1443M(4096M) 117.006ms
[3371.832s][info][gc,cpu         ] GC(749) User=0.70s Sys=0.00s Real=0.11s
....[3375.049s][info][gc,start       ] GC(750) Pause Young (Mixed) (G1 Evacuation Pause)
[3375.049s][info][gc,task        ] GC(750) Using 6 workers of 6 for evacuation
[3375.181s][info][gc,phases      ] GC(750)   Pre Evacuate Collection Set: 0.35ms
[3375.181s][info][gc,phases      ] GC(750)   Merge Heap Roots: 0.68ms
[3375.181s][info][gc,phases      ] GC(750)   Evacuate Collection Set: 129.41ms
[3375.181s][info][gc,phases      ] GC(750)   Post Evacuate Collection Set: 0.95ms
[3375.181s][info][gc,phases      ] GC(750)   Other: 0.09ms
[3375.181s][info][gc,heap        ] GC(750) Eden regions: 1114->0(1121)
[3375.181s][info][gc,heap        ] GC(750) Survivor regions: 108->107(153)
[3375.181s][info][gc,heap        ] GC(750) Old regions: 535->473
[3375.181s][info][gc,heap        ] GC(750) Humongous regions: 80->80
[3375.181s][info][gc,metaspace   ] GC(750) Metaspace: 28895K(29248K)->28895K(29248K) NonClass: 24026K(24192K)->24026K(24192K) Class: 4868K(5056K)->4868K(5056K)
[3375.181s][info][gc             ] GC(750) Pause Young (Mixed) (G1 Evacuation Pause) 3671M->1317M(4096M) 131.608ms
[3375.181s][info][gc,cpu         ] GC(750) User=0.79s Sys=0.00s Real=0.13s
...[3378.197s][info][gc,start       ] GC(751) Pause Young (Concurrent Start) (G1 Evacuation Pause)
[3378.197s][info][gc,task        ] GC(751) Using 6 workers of 6 for evacuation
[3378.312s][info][gc,phases      ] GC(751)   Pre Evacuate Collection Set: 0.40ms
[3378.312s][info][gc,phases      ] GC(751)   Merge Heap Roots: 0.46ms
[3378.312s][info][gc,phases      ] GC(751)   Evacuate Collection Set: 113.04ms
[3378.312s][info][gc,phases      ] GC(751)   Post Evacuate Collection Set: 0.85ms
[3378.312s][info][gc,phases      ] GC(751)   Other: 0.12ms
[3378.312s][info][gc,heap        ] GC(751) Eden regions: 1121->0(1120)
[3378.312s][info][gc,heap        ] GC(751) Survivor regions: 107->108(154)
[3378.312s][info][gc,heap        ] GC(751) Old regions: 473->504
[3378.312s][info][gc,heap        ] GC(751) Humongous regions: 80->80
[3378.312s][info][gc,metaspace   ] GC(751) Metaspace: 28895K(29248K)->28895K(29248K) NonClass: 24026K(24192K)->24026K(24192K) Class: 4868K(5056K)->4868K(5056K)
[3378.312s][info][gc             ] GC(751) Pause Young (Concurrent Start) (G1 Evacuation Pause) 3559M->1382M(4096M) 115.007ms
[3378.312s][info][gc             ] GC(752) Concurrent Mark Cycle
[3378.312s][info][gc,marking     ] GC(752) Concurrent Scan Root Regions
[3378.312s][info][gc,cpu         ] GC(751) User=0.68s Sys=0.00s Real=0.11s
[3378.481s][info][gc,marking     ] GC(752) Concurrent Scan Root Regions 168.544ms
[3378.481s][info][gc,marking     ] GC(752) Concurrent Mark
[3378.481s][info][gc,marking     ] GC(752) Concurrent Mark From Roots
[3378.481s][info][gc,task        ] GC(752) Using 2 workers of 2 for marking
.[3379.290s][info][gc,marking     ] GC(752) Concurrent Mark From Roots 809.127ms
[3379.290s][info][gc,marking     ] GC(752) Concurrent Preclean
[3379.290s][info][gc,marking     ] GC(752) Concurrent Preclean 0.120ms
[3379.290s][info][gc,start       ] GC(752) Pause Remark
[3379.293s][info][gc             ] GC(752) Pause Remark 2120M->2120M(4096M) 2.942ms
[3379.293s][info][gc,cpu         ] GC(752) User=0.02s Sys=0.00s Real=0.00s
[3379.294s][info][gc,marking     ] GC(752) Concurrent Mark 813.263ms
[3379.294s][info][gc,marking     ] GC(752) Concurrent Rebuild Remembered Sets and Scrub Regions
[3379.562s][info][gc,marking     ] GC(752) Concurrent Rebuild Remembered Sets and Scrub Regions 268.305ms
[3379.563s][info][gc,start       ] GC(752) Pause Cleanup
[3379.563s][info][gc             ] GC(752) Pause Cleanup 2291M->2291M(4096M) 0.129ms
[3379.563s][info][gc,cpu         ] GC(752) User=0.00s Sys=0.00s Real=0.00s
[3379.563s][info][gc,marking     ] GC(752) Concurrent Clear Claimed Marks
[3379.563s][info][gc,marking     ] GC(752) Concurrent Clear Claimed Marks 0.026ms
[3379.563s][info][gc,marking     ] GC(752) Concurrent Cleanup for Next Mark
[3379.566s][info][gc,marking     ] GC(752) Concurrent Cleanup for Next Mark 3.650ms
[3379.566s][info][gc             ] GC(752) Concurrent Mark Cycle 1254.296ms
..[3381.463s][info][gc,start       ] GC(753) Pause Young (Prepare Mixed) (G1 Evacuation Pause)
[3381.463s][info][gc,task        ] GC(753) Using 6 workers of 6 for evacuation
[3381.578s][info][gc,phases      ] GC(753)   Pre Evacuate Collection Set: 0.31ms
[3381.578s][info][gc,phases      ] GC(753)   Merge Heap Roots: 0.49ms
[3381.579s][info][gc,phases      ] GC(753)   Evacuate Collection Set: 114.13ms
[3381.579s][info][gc,phases      ] GC(753)   Post Evacuate Collection Set: 0.90ms
[3381.579s][info][gc,phases      ] GC(753)   Other: 0.08ms
[3381.579s][info][gc,heap        ] GC(753) Eden regions: 1120->0(1112)
[3381.579s][info][gc,heap        ] GC(753) Survivor regions: 108->108(154)
[3381.579s][info][gc,heap        ] GC(753) Old regions: 504->537
[3381.579s][info][gc,heap        ] GC(753) Humongous regions: 80->80
[3381.579s][info][gc,metaspace   ] GC(753) Metaspace: 28895K(29248K)->28895K(29248K) NonClass: 24026K(24192K)->24026K(24192K) Class: 4868K(5056K)->4868K(5056K)
[3381.579s][info][gc             ] GC(753) Pause Young (Prepare Mixed) (G1 Evacuation Pause) 3622M->1447M(4096M) 116.050ms
[3381.579s][info][gc,cpu         ] GC(753) User=0.69s Sys=0.00s Real=0.12s
...[3384.600s][info][gc,start       ] GC(754) Pause Young (Mixed) (G1 Evacuation Pause)
[3384.600s][info][gc,task        ] GC(754) Using 6 workers of 6 for evacuation
[3384.735s][info][gc,phases      ] GC(754)   Pre Evacuate Collection Set: 0.33ms
[3384.735s][info][gc,phases      ] GC(754)   Merge Heap Roots: 0.70ms
[3384.735s][info][gc,phases      ] GC(754)   Evacuate Collection Set: 132.41ms
[3384.735s][info][gc,phases      ] GC(754)   Post Evacuate Collection Set: 0.97ms
[3384.735s][info][gc,phases      ] GC(754)   Other: 0.09ms
[3384.735s][info][gc,heap        ] GC(754) Eden regions: 1112->0(1119)
[3384.735s][info][gc,heap        ] GC(754) Survivor regions: 108->109(153)
[3384.735s][info][gc,heap        ] GC(754) Old regions: 537->474
[3384.735s][info][gc,heap        ] GC(754) Humongous regions: 80->80
[3384.735s][info][gc,metaspace   ] GC(754) Metaspace: 28895K(29248K)->28895K(29248K) NonClass: 24026K(24192K)->24026K(24192K) Class: 4868K(5056K)->4868K(5056K)
[3384.735s][info][gc             ] GC(754) Pause Young (Mixed) (G1 Evacuation Pause) 3671M->1324M(4096M) 134.631ms
[3384.735s][info][gc,cpu         ] GC(754) User=0.80s Sys=0.00s Real=0.13s
....[3387.937s][info][gc,start       ] GC(755) Pause Young (Concurrent Start) (G1 Evacuation Pause)
[3387.937s][info][gc,task        ] GC(755) Using 6 workers of 6 for evacuation
[3388.054s][info][gc,phases      ] GC(755)   Pre Evacuate Collection Set: 0.36ms
[3388.054s][info][gc,phases      ] GC(755)   Merge Heap Roots: 0.46ms
[3388.054s][info][gc,phases      ] GC(755)   Evacuate Collection Set: 115.44ms
[3388.054s][info][gc,phases      ] GC(755)   Post Evacuate Collection Set: 0.89ms
[3388.054s][info][gc,phases      ] GC(755)   Other: 0.13ms
[3388.054s][info][gc,heap        ] GC(755) Eden regions: 1119->0(1118)
[3388.054s][info][gc,heap        ] GC(755) Survivor regions: 109->110(154)
[3388.054s][info][gc,heap        ] GC(755) Old regions: 474->506
[3388.054s][info][gc,heap        ] GC(755) Humongous regions: 80->80
[3388.055s][info][gc,metaspace   ] GC(755) Metaspace: 28895K(29248K)->28895K(29248K) NonClass: 24026K(24192K)->24026K(24192K) Class: 4868K(5056K)->4868K(5056K)
[3388.055s][info][gc             ] GC(755) Pause Young (Concurrent Start) (G1 Evacuation Pause) 3562M->1389M(4096M) 117.402ms
[3388.055s][info][gc             ] GC(756) Concurrent Mark Cycle
[3388.055s][info][gc,marking     ] GC(756) Concurrent Scan Root Regions
[3388.055s][info][gc,cpu         ] GC(755) User=0.69s Sys=0.00s Real=0.11s
[3388.221s][info][gc,marking     ] GC(756) Concurrent Scan Root Regions 166.931ms
[3388.222s][info][gc,marking     ] GC(756) Concurrent Mark
[3388.222s][info][gc,marking     ] GC(756) Concurrent Mark From Roots
[3388.222s][info][gc,task        ] GC(756) Using 2 workers of 2 for marking
.[3389.057s][info][gc,marking     ] GC(756) Concurrent Mark From Roots 835.345ms
[3389.057s][info][gc,marking     ] GC(756) Concurrent Preclean
[3389.057s][info][gc,marking     ] GC(756) Concurrent Preclean 0.141ms
[3389.057s][info][gc,start       ] GC(756) Pause Remark
[3389.060s][info][gc             ] GC(756) Pause Remark 2175M->2175M(4096M) 2.921ms
[3389.060s][info][gc,cpu         ] GC(756) User=0.02s Sys=0.00s Real=0.00s
[3389.060s][info][gc,marking     ] GC(756) Concurrent Mark 838.899ms
[3389.060s][info][gc,marking     ] GC(756) Concurrent Rebuild Remembered Sets and Scrub Regions
[3389.340s][info][gc,marking     ] GC(756) Concurrent Rebuild Remembered Sets and Scrub Regions 279.903ms
[3389.341s][info][gc,start       ] GC(756) Pause Cleanup
[3389.341s][info][gc             ] GC(756) Pause Cleanup 2361M->2361M(4096M) 0.118ms
[3389.341s][info][gc,cpu         ] GC(756) User=0.00s Sys=0.00s Real=0.00s
[3389.341s][info][gc,marking     ] GC(756) Concurrent Clear Claimed Marks
[3389.341s][info][gc,marking     ] GC(756) Concurrent Clear Claimed Marks 0.026ms
[3389.341s][info][gc,marking     ] GC(756) Concurrent Cleanup for Next Mark
[3389.345s][info][gc,marking     ] GC(756) Concurrent Cleanup for Next Mark 3.892ms
[3389.345s][info][gc             ] GC(756) Concurrent Mark Cycle 1290.200ms
..[3391.120s][info][gc,start       ] GC(757) Pause Young (Prepare Mixed) (G1 Evacuation Pause)
[3391.120s][info][gc,task        ] GC(757) Using 6 workers of 6 for evacuation
[3391.234s][info][gc,phases      ] GC(757)   Pre Evacuate Collection Set: 0.31ms
[3391.234s][info][gc,phases      ] GC(757)   Merge Heap Roots: 0.49ms
[3391.234s][info][gc,phases      ] GC(757)   Evacuate Collection Set: 111.90ms
[3391.234s][info][gc,phases      ] GC(757)   Post Evacuate Collection Set: 0.91ms
[3391.234s][info][gc,phases      ] GC(757)   Other: 0.09ms
[3391.234s][info][gc,heap        ] GC(757) Eden regions: 1118->0(1113)
[3391.234s][info][gc,heap        ] GC(757) Survivor regions: 110->107(154)
[3391.234s][info][gc,heap        ] GC(757) Old regions: 506->538
[3391.234s][info][gc,heap        ] GC(757) Humongous regions: 80->80
[3391.234s][info][gc,metaspace   ] GC(757) Metaspace: 28895K(29248K)->28895K(29248K) NonClass: 24026K(24192K)->24026K(24192K) Class: 4868K(5056K)->4868K(5056K)
[3391.234s][info][gc             ] GC(757) Pause Young (Prepare Mixed) (G1 Evacuation Pause) 3625M->1447M(4096M) 113.826ms
[3391.234s][info][gc,cpu         ] GC(757) User=0.68s Sys=0.00s Real=0.11s
...[3394.355s][info][gc,start       ] GC(758) Pause Young (Mixed) (G1 Evacuation Pause)
[3394.355s][info][gc,task        ] GC(758) Using 6 workers of 6 for evacuation
[3394.496s][info][gc,phases      ] GC(758)   Pre Evacuate Collection Set: 0.36ms
[3394.496s][info][gc,phases      ] GC(758)   Merge Heap Roots: 0.66ms
[3394.496s][info][gc,phases      ] GC(758)   Evacuate Collection Set: 138.91ms
[3394.496s][info][gc,phases      ] GC(758)   Post Evacuate Collection Set: 0.94ms
[3394.496s][info][gc,phases      ] GC(758)   Other: 0.09ms
[3394.496s][info][gc,heap        ] GC(758) Eden regions: 1113->0(1115)
[3394.496s][info][gc,heap        ] GC(758) Survivor regions: 107->113(153)
[3394.496s][info][gc,heap        ] GC(758) Old regions: 538->475
[3394.496s][info][gc,heap        ] GC(758) Humongous regions: 80->80
[3394.496s][info][gc,metaspace   ] GC(758) Metaspace: 28895K(29248K)->28895K(29248K) NonClass: 24026K(24192K)->24026K(24192K) Class: 4868K(5056K)->4868K(5056K)
[3394.496s][info][gc             ] GC(758) Pause Young (Mixed) (G1 Evacuation Pause) 3673M->1332M(4096M) 141.088ms
[3394.496s][info][gc,cpu         ] GC(758) User=0.84s Sys=0.00s Real=0.14s
...[3397.583s][info][gc,start       ] GC(759) Pause Young (Concurrent Start) (G1 Evacuation Pause)
[3397.583s][info][gc,task        ] GC(759) Using 6 workers of 6 for evacuation
[3397.699s][info][gc,phases      ] GC(759)   Pre Evacuate Collection Set: 0.41ms
[3397.699s][info][gc,phases      ] GC(759)   Merge Heap Roots: 0.52ms
[3397.699s][info][gc,phases      ] GC(759)   Evacuate Collection Set: 113.56ms
[3397.699s][info][gc,phases      ] GC(759)   Post Evacuate Collection Set: 0.87ms
[3397.699s][info][gc,phases      ] GC(759)   Other: 0.16ms
[3397.699s][info][gc,heap        ] GC(759) Eden regions: 1115->0(1120)
[3397.699s][info][gc,heap        ] GC(759) Survivor regions: 113->108(154)
[3397.699s][info][gc,heap        ] GC(759) Old regions: 475->505
[3397.699s][info][gc,heap        ] GC(759) Humongous regions: 80->80
[3397.699s][info][gc,metaspace   ] GC(759) Metaspace: 28895K(29248K)->28895K(29248K) NonClass: 24026K(24192K)->24026K(24192K) Class: 4868K(5056K)->4868K(5056K)
[3397.699s][info][gc             ] GC(759) Pause Young (Concurrent Start) (G1 Evacuation Pause) 3562M->1384M(4096M) 115.675ms
[3397.699s][info][gc             ] GC(760) Concurrent Mark Cycle
[3397.699s][info][gc,marking     ] GC(760) Concurrent Scan Root Regions
[3397.699s][info][gc,cpu         ] GC(759) User=0.69s Sys=0.00s Real=0.12s
[3397.865s][info][gc,marking     ] GC(760) Concurrent Scan Root Regions 166.413ms
[3397.865s][info][gc,marking     ] GC(760) Concurrent Mark
[3397.865s][info][gc,marking     ] GC(760) Concurrent Mark From Roots
[3397.865s][info][gc,task        ] GC(760) Using 2 workers of 2 for marking
.[3398.888s][info][gc,marking     ] GC(760) Concurrent Mark From Roots 1022.379ms
[3398.888s][info][gc,marking     ] GC(760) Concurrent Preclean
[3398.888s][info][gc,marking     ] GC(760) Concurrent Preclean 0.177ms
[3398.889s][info][gc,start       ] GC(760) Pause Remark
[3398.891s][info][gc             ] GC(760) Pause Remark 2306M->2306M(4096M) 2.460ms
[3398.891s][info][gc,cpu         ] GC(760) User=0.01s Sys=0.00s Real=0.00s
[3398.891s][info][gc,marking     ] GC(760) Concurrent Mark 1025.989ms
[3398.891s][info][gc,marking     ] GC(760) Concurrent Rebuild Remembered Sets and Scrub Regions
.[3399.249s][info][gc,marking     ] GC(760) Concurrent Rebuild Remembered Sets and Scrub Regions 357.525ms
[3399.249s][info][gc,start       ] GC(760) Pause Cleanup
[3399.249s][info][gc             ] GC(760) Pause Cleanup 2554M->2554M(4096M) 0.110ms
[3399.249s][info][gc,cpu         ] GC(760) User=0.00s Sys=0.00s Real=0.00s
[3399.249s][info][gc,marking     ] GC(760) Concurrent Clear Claimed Marks
[3399.249s][info][gc,marking     ] GC(760) Concurrent Clear Claimed Marks 0.029ms
[3399.249s][info][gc,marking     ] GC(760) Concurrent Cleanup for Next Mark
[3399.253s][info][gc,marking     ] GC(760) Concurrent Cleanup for Next Mark 3.636ms
[3399.253s][info][gc             ] GC(760) Concurrent Mark Cycle 1553.985ms
.[3400.811s][info][gc,start       ] GC(761) Pause Young (Prepare Mixed) (G1 Evacuation Pause)
[3400.811s][info][gc,task        ] GC(761) Using 6 workers of 6 for evacuation
[3400.928s][info][gc,phases      ] GC(761)   Pre Evacuate Collection Set: 0.32ms
[3400.928s][info][gc,phases      ] GC(761)   Merge Heap Roots: 0.53ms
[3400.928s][info][gc,phases      ] GC(761)   Evacuate Collection Set: 114.92ms
[3400.928s][info][gc,phases      ] GC(761)   Post Evacuate Collection Set: 0.89ms
[3400.928s][info][gc,phases      ] GC(761)   Other: 0.08ms
[3400.928s][info][gc,heap        ] GC(761) Eden regions: 1120->0(1107)
[3400.928s][info][gc,heap        ] GC(761) Survivor regions: 108->110(154)
[3400.928s][info][gc,heap        ] GC(761) Old regions: 505->538
[3400.928s][info][gc,heap        ] GC(761) Humongous regions: 80->80
[3400.928s][info][gc,metaspace   ] GC(761) Metaspace: 28895K(29248K)->28895K(29248K) NonClass: 24026K(24192K)->24026K(24192K) Class: 4868K(5056K)->4868K(5056K)
[3400.928s][info][gc             ] GC(761) Pause Young (Prepare Mixed) (G1 Evacuation Pause) 3624M->1452M(4096M) 116.857ms
[3400.928s][info][gc,cpu         ] GC(761) User=0.70s Sys=0.00s Real=0.12s
....[3404.001s][info][gc,start       ] GC(762) Pause Young (Mixed) (G1 Evacuation Pause)
[3404.001s][info][gc,task        ] GC(762) Using 6 workers of 6 for evacuation
[3404.135s][info][gc,phases      ] GC(762)   Pre Evacuate Collection Set: 0.32ms
[3404.135s][info][gc,phases      ] GC(762)   Merge Heap Roots: 0.62ms
[3404.135s][info][gc,phases      ] GC(762)   Evacuate Collection Set: 132.36ms
[3404.135s][info][gc,phases      ] GC(762)   Post Evacuate Collection Set: 0.97ms
[3404.135s][info][gc,phases      ] GC(762)   Other: 0.09ms
[3404.135s][info][gc,heap        ] GC(762) Eden regions: 1107->0(1117)
[3404.135s][info][gc,heap        ] GC(762) Survivor regions: 110->111(153)
[3404.135s][info][gc,heap        ] GC(762) Old regions: 538->473
[3404.135s][info][gc,heap        ] GC(762) Humongous regions: 80->80
[3404.135s][info][gc,metaspace   ] GC(762) Metaspace: 28895K(29248K)->28895K(29248K) NonClass: 24026K(24192K)->24026K(24192K) Class: 4868K(5056K)->4868K(5056K)
[3404.135s][info][gc             ] GC(762) Pause Young (Mixed) (G1 Evacuation Pause) 3666M->1325M(4096M) 134.472ms
[3404.135s][info][gc,cpu         ] GC(762) User=0.80s Sys=0.00s Real=0.14s
. (rIR:aIR:PR = 5812:5817:5817) (tPR = 86325) [OK] 
  3404s: Performance info:
         Transaction,    Success,    Partial,     Failed,   Receipts, AvgBarcode, 
             Overall,     351920,          0,          0,     334319,      59.48, 
         Response times:
             Request,    Success,    Partial,     Failed,   SkipFail,     Probes,    Samples,      min,      p50,      p90,      p95,      p99,      max, 
       TotalPurchase,     334319,          0,          0,          0,     326423,     414148,      300,     4700,    12800,    36000,    97000,   223000,
     InStorePurchase,     176090,          0,          0,          0,     171910,     218154,      300,     4600,    13000,    36000,    96000,   223000,
      OnlinePurchase,     123055,          0,          0,          0,     120280,     152231,      300,     4500,    12400,    34000,    97000,   223000,
        InstPurchase,      35174,          0,          0,          0,      34233,      43763,      400,     5200,    12900,    38000,   100000,   221000,
          AssocOfCat,        355,          0,          0,          0,        260,        392,    19700,    31000,    59000,    81000,   158350,   213000,
      AssocOfProduct,       3519,          0,          0,          0,       3293,       4369,      800,     4200,    11900,    32000,    86300,   142000,
      BusinessReport,        877,          0,          0,          0,        751,       1081,    24000,    36000,    72800,   106900,   172360,   226000,
          CustBuyBeh,       3519,          0,          0,          0,       3283,       4337,      100,     3800,    10520,    30000,    87620,   220000,
       ProductReturn,       9331,          0,          0,          0,       8890,      11603,      200,     4500,    11700,    32000,    93000,   183000,

  3404s: (43%)   IR =   5950 ..[3407.221s][info][gc,start       ] GC(763) Pause Young (Concurrent Start) (G1 Evacuation Pause)
[3407.221s][info][gc,task        ] GC(763) Using 6 workers of 6 for evacuation
[3407.347s][info][gc,phases      ] GC(763)   Pre Evacuate Collection Set: 0.36ms
[3407.347s][info][gc,phases      ] GC(763)   Merge Heap Roots: 0.47ms
[3407.347s][info][gc,phases      ] GC(763)   Evacuate Collection Set: 123.35ms
[3407.347s][info][gc,phases      ] GC(763)   Post Evacuate Collection Set: 0.93ms
[3407.347s][info][gc,phases      ] GC(763)   Other: 0.12ms
[3407.347s][info][gc,heap        ] GC(763) Eden regions: 1117->0(1114)
[3407.347s][info][gc,heap        ] GC(763) Survivor regions: 111->114(154)
[3407.347s][info][gc,heap        ] GC(763) Old regions: 473->505
[3407.347s][info][gc,heap        ] GC(763) Humongous regions: 80->80
[3407.347s][info][gc,metaspace   ] GC(763) Metaspace: 28895K(29248K)->28895K(29248K) NonClass: 24026K(24192K)->24026K(24192K) Class: 4868K(5056K)->4868K(5056K)
[3407.347s][info][gc             ] GC(763) Pause Young (Concurrent Start) (G1 Evacuation Pause) 3559M->1395M(4096M) 125.362ms
[3407.347s][info][gc             ] GC(764) Concurrent Mark Cycle
[3407.347s][info][gc,marking     ] GC(764) Concurrent Scan Root Regions
[3407.347s][info][gc,cpu         ] GC(763) User=0.74s Sys=0.00s Real=0.13s
[3407.482s][info][gc,marking     ] GC(764) Concurrent Scan Root Regions 135.130ms
[3407.482s][info][gc,marking     ] GC(764) Concurrent Mark
[3407.482s][info][gc,marking     ] GC(764) Concurrent Mark From Roots
[3407.482s][info][gc,task        ] GC(764) Using 2 workers of 2 for marking
.[3408.172s][info][gc,marking     ] GC(764) Concurrent Mark From Roots 689.662ms
[3408.172s][info][gc,marking     ] GC(764) Concurrent Preclean
[3408.172s][info][gc,marking     ] GC(764) Concurrent Preclean 0.120ms
[3408.172s][info][gc,start       ] GC(764) Pause Remark
[3408.175s][info][gc             ] GC(764) Pause Remark 2074M->2074M(4096M) 3.012ms
[3408.175s][info][gc,cpu         ] GC(764) User=0.01s Sys=0.00s Real=0.01s
[3408.175s][info][gc,marking     ] GC(764) Concurrent Mark 693.242ms
[3408.175s][info][gc,marking     ] GC(764) Concurrent Rebuild Remembered Sets and Scrub Regions
[3408.474s][info][gc,marking     ] GC(764) Concurrent Rebuild Remembered Sets and Scrub Regions 298.743ms
[3408.474s][info][gc,start       ] GC(764) Pause Cleanup
[3408.475s][info][gc             ] GC(764) Pause Cleanup 2293M->2293M(4096M) 0.108ms
[3408.475s][info][gc,cpu         ] GC(764) User=0.00s Sys=0.00s Real=0.00s
[3408.475s][info][gc,marking     ] GC(764) Concurrent Clear Claimed Marks
[3408.475s][info][gc,marking     ] GC(764) Concurrent Clear Claimed Marks 0.028ms
[3408.475s][info][gc,marking     ] GC(764) Concurrent Cleanup for Next Mark
[3408.481s][info][gc,marking     ] GC(764) Concurrent Cleanup for Next Mark 5.808ms
[3408.481s][info][gc             ] GC(764) Concurrent Mark Cycle 1133.990ms
.|.[3410.382s][info][gc,start       ] GC(765) Pause Young (Prepare Mixed) (G1 Evacuation Pause)
[3410.382s][info][gc,task        ] GC(765) Using 6 workers of 6 for evacuation
[3410.503s][info][gc,phases      ] GC(765)   Pre Evacuate Collection Set: 0.29ms
[3410.503s][info][gc,phases      ] GC(765)   Merge Heap Roots: 0.52ms
[3410.503s][info][gc,phases      ] GC(765)   Evacuate Collection Set: 118.82ms
[3410.503s][info][gc,phases      ] GC(765)   Post Evacuate Collection Set: 0.91ms
[3410.503s][info][gc,phases      ] GC(765)   Other: 0.09ms
[3410.503s][info][gc,heap        ] GC(765) Eden regions: 1114->0(1105)
[3410.503s][info][gc,heap        ] GC(765) Survivor regions: 114->112(154)
[3410.503s][info][gc,heap        ] GC(765) Old regions: 505->536
[3410.503s][info][gc,heap        ] GC(765) Humongous regions: 80->80
[3410.503s][info][gc,metaspace   ] GC(765) Metaspace: 28895K(29248K)->28895K(29248K) NonClass: 24027K(24192K)->24027K(24192K) Class: 4868K(5056K)->4868K(5056K)
[3410.503s][info][gc             ] GC(765) Pause Young (Prepare Mixed) (G1 Evacuation Pause) 3623M->1453M(4096M) 120.753ms
[3410.503s][info][gc,cpu         ] GC(765) User=0.72s Sys=0.00s Real=0.12s
...[3413.460s][info][gc,start       ] GC(766) Pause Young (Mixed) (G1 Evacuation Pause)
[3413.460s][info][gc,task        ] GC(766) Using 6 workers of 6 for evacuation
[3413.594s][info][gc,phases      ] GC(766)   Pre Evacuate Collection Set: 0.39ms
[3413.594s][info][gc,phases      ] GC(766)   Merge Heap Roots: 0.68ms
[3413.594s][info][gc,phases      ] GC(766)   Evacuate Collection Set: 131.95ms
[3413.594s][info][gc,phases      ] GC(766)   Post Evacuate Collection Set: 0.95ms
[3413.594s][info][gc,phases      ] GC(766)   Other: 0.09ms
[3413.594s][info][gc,heap        ] GC(766) Eden regions: 1105->0(1118)
[3413.594s][info][gc,heap        ] GC(766) Survivor regions: 112->110(153)
[3413.594s][info][gc,heap        ] GC(766) Old regions: 536->471
[3413.594s][info][gc,heap        ] GC(766) Humongous regions: 80->80
[3413.594s][info][gc,metaspace   ] GC(766) Metaspace: 28895K(29248K)->28895K(29248K) NonClass: 24027K(24192K)->24027K(24192K) Class: 4868K(5056K)->4868K(5056K)
[3413.594s][info][gc             ] GC(766) Pause Young (Mixed) (G1 Evacuation Pause) 3663M->1320M(4096M) 134.188ms
[3413.594s][info][gc,cpu         ] GC(766) User=0.80s Sys=0.00s Real=0.13s
...[3416.593s][info][gc,start       ] GC(767) Pause Young (Concurrent Start) (G1 Evacuation Pause)
[3416.593s][info][gc,task        ] GC(767) Using 6 workers of 6 for evacuation
[3416.714s][info][gc,phases      ] GC(767)   Pre Evacuate Collection Set: 0.39ms
[3416.714s][info][gc,phases      ] GC(767)   Merge Heap Roots: 0.47ms
[3416.714s][info][gc,phases      ] GC(767)   Evacuate Collection Set: 119.10ms
[3416.714s][info][gc,phases      ] GC(767)   Post Evacuate Collection Set: 0.86ms
[3416.714s][info][gc,phases      ] GC(767)   Other: 0.11ms
[3416.714s][info][gc,heap        ] GC(767) Eden regions: 1118->0(1115)
[3416.714s][info][gc,heap        ] GC(767) Survivor regions: 110->113(154)
[3416.714s][info][gc,heap        ] GC(767) Old regions: 471->503
[3416.714s][info][gc,heap        ] GC(767) Humongous regions: 80->80
[3416.714s][info][gc,metaspace   ] GC(767) Metaspace: 28895K(29248K)->28895K(29248K) NonClass: 24027K(24192K)->24027K(24192K) Class: 4868K(5056K)->4868K(5056K)
[3416.714s][info][gc             ] GC(767) Pause Young (Concurrent Start) (G1 Evacuation Pause) 3556M->1389M(4096M) 121.055ms
[3416.714s][info][gc             ] GC(768) Concurrent Mark Cycle
[3416.714s][info][gc,marking     ] GC(768) Concurrent Scan Root Regions
[3416.714s][info][gc,cpu         ] GC(767) User=0.72s Sys=0.00s Real=0.12s
[3416.887s][info][gc,marking     ] GC(768) Concurrent Scan Root Regions 172.522ms
[3416.887s][info][gc,marking     ] GC(768) Concurrent Mark
[3416.887s][info][gc,marking     ] GC(768) Concurrent Mark From Roots
[3416.887s][info][gc,task        ] GC(768) Using 2 workers of 2 for marking
.[3417.710s][info][gc,marking     ] GC(768) Concurrent Mark From Roots 823.296ms
[3417.710s][info][gc,marking     ] GC(768) Concurrent Preclean
[3417.710s][info][gc,marking     ] GC(768) Concurrent Preclean 0.137ms
[3417.711s][info][gc,start       ] GC(768) Pause Remark
[3417.714s][info][gc             ] GC(768) Pause Remark 2181M->2181M(4096M) 3.366ms
[3417.714s][info][gc,cpu         ] GC(768) User=0.02s Sys=0.00s Real=0.00s
[3417.715s][info][gc,marking     ] GC(768) Concurrent Mark 828.627ms
[3417.715s][info][gc,marking     ] GC(768) Concurrent Rebuild Remembered Sets and Scrub Regions
[3418.053s][info][gc,marking     ] GC(768) Concurrent Rebuild Remembered Sets and Scrub Regions 337.931ms
[3418.054s][info][gc,start       ] GC(768) Pause Cleanup
[3418.054s][info][gc             ] GC(768) Pause Cleanup 2403M->2403M(4096M) 0.115ms
[3418.054s][info][gc,cpu         ] GC(768) User=0.00s Sys=0.00s Real=0.00s
[3418.054s][info][gc,marking     ] GC(768) Concurrent Clear Claimed Marks
[3418.054s][info][gc,marking     ] GC(768) Concurrent Clear Claimed Marks 0.038ms
[3418.054s][info][gc,marking     ] GC(768) Concurrent Cleanup for Next Mark
.[3418.058s][info][gc,marking     ] GC(768) Concurrent Cleanup for Next Mark 4.460ms
[3418.058s][info][gc             ] GC(768) Concurrent Mark Cycle 1344.418ms
.[3419.734s][info][gc,start       ] GC(769) Pause Young (Prepare Mixed) (G1 Evacuation Pause)
[3419.734s][info][gc,task        ] GC(769) Using 6 workers of 6 for evacuation
[3419.854s][info][gc,phases      ] GC(769)   Pre Evacuate Collection Set: 0.31ms
[3419.854s][info][gc,phases      ] GC(769)   Merge Heap Roots: 0.51ms
[3419.854s][info][gc,phases      ] GC(769)   Evacuate Collection Set: 117.93ms
[3419.854s][info][gc,phases      ] GC(769)   Post Evacuate Collection Set: 0.92ms
[3419.854s][info][gc,phases      ] GC(769)   Other: 0.09ms
[3419.854s][info][gc,heap        ] GC(769) Eden regions: 1115->0(1106)
[3419.854s][info][gc,heap        ] GC(769) Survivor regions: 113->112(154)
[3419.854s][info][gc,heap        ] GC(769) Old regions: 503->535
[3419.854s][info][gc,heap        ] GC(769) Humongous regions: 80->80
[3419.854s][info][gc,metaspace   ] GC(769) Metaspace: 28895K(29248K)->28895K(29248K) NonClass: 24027K(24192K)->24027K(24192K) Class: 4868K(5056K)->4868K(5056K)
[3419.854s][info][gc             ] GC(769) Pause Young (Prepare Mixed) (G1 Evacuation Pause) 3619M->1451M(4096M) 119.876ms
[3419.854s][info][gc,cpu         ] GC(769) User=0.71s Sys=0.00s Real=0.12s
...[3422.888s][info][gc,start       ] GC(770) Pause Young (Mixed) (G1 Evacuation Pause)
[3422.888s][info][gc,task        ] GC(770) Using 6 workers of 6 for evacuation
[3423.024s][info][gc,phases      ] GC(770)   Pre Evacuate Collection Set: 0.36ms
[3423.024s][info][gc,phases      ] GC(770)   Merge Heap Roots: 0.69ms
[3423.024s][info][gc,phases      ] GC(770)   Evacuate Collection Set: 133.82ms
[3423.024s][info][gc,phases      ] GC(770)   Post Evacuate Collection Set: 0.97ms
[3423.024s][info][gc,phases      ] GC(770)   Other: 0.09ms
[3423.024s][info][gc,heap        ] GC(770) Eden regions: 1106->0(1119)
[3423.024s][info][gc,heap        ] GC(770) Survivor regions: 112->109(153)
[3423.024s][info][gc,heap        ] GC(770) Old regions: 535->473
[3423.024s][info][gc,heap        ] GC(770) Humongous regions: 80->80
[3423.024s][info][gc,metaspace   ] GC(770) Metaspace: 28895K(29248K)->28895K(29248K) NonClass: 24027K(24192K)->24027K(24192K) Class: 4868K(5056K)->4868K(5056K)
[3423.024s][info][gc             ] GC(770) Pause Young (Mixed) (G1 Evacuation Pause) 3663M->1322M(4096M) 136.065ms
[3423.025s][info][gc,cpu         ] GC(770) User=0.81s Sys=0.00s Real=0.13s
...[3426.024s][info][gc,start       ] GC(771) Pause Young (Concurrent Start) (G1 Evacuation Pause)
[3426.024s][info][gc,task        ] GC(771) Using 6 workers of 6 for evacuation
[3426.144s][info][gc,phases      ] GC(771)   Pre Evacuate Collection Set: 0.34ms
[3426.144s][info][gc,phases      ] GC(771)   Merge Heap Roots: 0.48ms
[3426.144s][info][gc,phases      ] GC(771)   Evacuate Collection Set: 118.29ms
[3426.144s][info][gc,phases      ] GC(771)   Post Evacuate Collection Set: 0.87ms
[3426.144s][info][gc,phases      ] GC(771)   Other: 0.10ms
[3426.144s][info][gc,heap        ] GC(771) Eden regions: 1119->0(1116)
[3426.144s][info][gc,heap        ] GC(771) Survivor regions: 109->112(154)
[3426.144s][info][gc,heap        ] GC(771) Old regions: 473->505
[3426.144s][info][gc,heap        ] GC(771) Humongous regions: 80->80
[3426.144s][info][gc,metaspace   ] GC(771) Metaspace: 28895K(29248K)->28895K(29248K) NonClass: 24027K(24192K)->24027K(24192K) Class: 4868K(5056K)->4868K(5056K)
[3426.144s][info][gc             ] GC(771) Pause Young (Concurrent Start) (G1 Evacuation Pause) 3560M->1390M(4096M) 120.210ms
[3426.144s][info][gc             ] GC(772) Concurrent Mark Cycle
[3426.144s][info][gc,marking     ] GC(772) Concurrent Scan Root Regions
[3426.144s][info][gc,cpu         ] GC(771) User=0.72s Sys=0.00s Real=0.12s
.[3426.302s][info][gc,marking     ] GC(772) Concurrent Scan Root Regions 158.008ms
[3426.302s][info][gc,marking     ] GC(772) Concurrent Mark
[3426.302s][info][gc,marking     ] GC(772) Concurrent Mark From Roots
[3426.302s][info][gc,task        ] GC(772) Using 2 workers of 2 for marking
[3427.114s][info][gc,marking     ] GC(772) Concurrent Mark From Roots 811.925ms
[3427.114s][info][gc,marking     ] GC(772) Concurrent Preclean
[3427.115s][info][gc,marking     ] GC(772) Concurrent Preclean 0.134ms
[3427.115s][info][gc,start       ] GC(772) Pause Remark
[3427.118s][info][gc             ] GC(772) Pause Remark 2104M->2104M(4096M) 3.075ms
[3427.118s][info][gc,cpu         ] GC(772) User=0.02s Sys=0.00s Real=0.00s
[3427.119s][info][gc,marking     ] GC(772) Concurrent Mark 816.204ms
[3427.119s][info][gc,marking     ] GC(772) Concurrent Rebuild Remembered Sets and Scrub Regions
.[3427.410s][info][gc,marking     ] GC(772) Concurrent Rebuild Remembered Sets and Scrub Regions 291.451ms
[3427.411s][info][gc,start       ] GC(772) Pause Cleanup
[3427.411s][info][gc             ] GC(772) Pause Cleanup 2326M->2326M(4096M) 0.129ms
[3427.411s][info][gc,cpu         ] GC(772) User=0.00s Sys=0.00s Real=0.00s
[3427.411s][info][gc,marking     ] GC(772) Concurrent Clear Claimed Marks
[3427.411s][info][gc,marking     ] GC(772) Concurrent Clear Claimed Marks 0.033ms
[3427.411s][info][gc,marking     ] GC(772) Concurrent Cleanup for Next Mark
[3427.416s][info][gc,marking     ] GC(772) Concurrent Cleanup for Next Mark 4.888ms
[3427.416s][info][gc             ] GC(772) Concurrent Mark Cycle 1272.073ms
..[3429.213s][info][gc,start       ] GC(773) Pause Young (Prepare Mixed) (G1 Evacuation Pause)
[3429.213s][info][gc,task        ] GC(773) Using 6 workers of 6 for evacuation
[3429.327s][info][gc,phases      ] GC(773)   Pre Evacuate Collection Set: 0.32ms
[3429.327s][info][gc,phases      ] GC(773)   Merge Heap Roots: 0.50ms
[3429.327s][info][gc,phases      ] GC(773)   Evacuate Collection Set: 112.44ms
[3429.327s][info][gc,phases      ] GC(773)   Post Evacuate Collection Set: 0.92ms
[3429.327s][info][gc,phases      ] GC(773)   Other: 0.09ms
[3429.327s][info][gc,heap        ] GC(773) Eden regions: 1116->0(1115)
[3429.327s][info][gc,heap        ] GC(773) Survivor regions: 112->107(154)
[3429.327s][info][gc,heap        ] GC(773) Old regions: 505->536
[3429.327s][info][gc,heap        ] GC(773) Humongous regions: 80->80
[3429.327s][info][gc,metaspace   ] GC(773) Metaspace: 28895K(29248K)->28895K(29248K) NonClass: 24027K(24192K)->24027K(24192K) Class: 4868K(5056K)->4868K(5056K)
[3429.327s][info][gc             ] GC(773) Pause Young (Prepare Mixed) (G1 Evacuation Pause) 3622M->1443M(4096M) 114.401ms
[3429.327s][info][gc,cpu         ] GC(773) User=0.68s Sys=0.00s Real=0.12s
...[3432.317s][info][gc,start       ] GC(774) Pause Young (Mixed) (G1 Evacuation Pause)
[3432.317s][info][gc,task        ] GC(774) Using 6 workers of 6 for evacuation
[3432.450s][info][gc,phases      ] GC(774)   Pre Evacuate Collection Set: 0.33ms
[3432.450s][info][gc,phases      ] GC(774)   Merge Heap Roots: 0.63ms
[3432.450s][info][gc,phases      ] GC(774)   Evacuate Collection Set: 131.05ms
[3432.450s][info][gc,phases      ] GC(774)   Post Evacuate Collection Set: 0.94ms
[3432.450s][info][gc,phases      ] GC(774)   Other: 0.09ms
[3432.450s][info][gc,heap        ] GC(774) Eden regions: 1115->0(1118)
[3432.450s][info][gc,heap        ] GC(774) Survivor regions: 107->110(153)
[3432.450s][info][gc,heap        ] GC(774) Old regions: 536->471
[3432.450s][info][gc,heap        ] GC(774) Humongous regions: 80->80
[3432.450s][info][gc,metaspace   ] GC(774) Metaspace: 28895K(29248K)->28895K(29248K) NonClass: 24027K(24192K)->24027K(24192K) Class: 4868K(5056K)->4868K(5056K)
[3432.450s][info][gc             ] GC(774) Pause Young (Mixed) (G1 Evacuation Pause) 3673M->1320M(4096M) 133.171ms
[3432.450s][info][gc,cpu         ] GC(774) User=0.79s Sys=0.00s Real=0.13s
...[3435.480s][info][gc,start       ] GC(775) Pause Young (Concurrent Start) (G1 Evacuation Pause)
[3435.480s][info][gc,task        ] GC(775) Using 6 workers of 6 for evacuation
[3435.602s][info][gc,phases      ] GC(775)   Pre Evacuate Collection Set: 0.36ms
[3435.602s][info][gc,phases      ] GC(775)   Merge Heap Roots: 0.48ms
[3435.602s][info][gc,phases      ] GC(775)   Evacuate Collection Set: 120.30ms
[3435.602s][info][gc,phases      ] GC(775)   Post Evacuate Collection Set: 0.87ms
[3435.602s][info][gc,phases      ] GC(775)   Other: 0.12ms
[3435.602s][info][gc,heap        ] GC(775) Eden regions: 1118->0(1116)
[3435.602s][info][gc,heap        ] GC(775) Survivor regions: 110->112(154)
[3435.602s][info][gc,heap        ] GC(775) Old regions: 471->504
[3435.602s][info][gc,heap        ] GC(775) Humongous regions: 80->80
[3435.602s][info][gc,metaspace   ] GC(775) Metaspace: 28895K(29248K)->28895K(29248K) NonClass: 24027K(24192K)->24027K(24192K) Class: 4868K(5056K)->4868K(5056K)
[3435.602s][info][gc             ] GC(775) Pause Young (Concurrent Start) (G1 Evacuation Pause) 3556M->1388M(4096M) 122.267ms
[3435.602s][info][gc             ] GC(776) Concurrent Mark Cycle
[3435.602s][info][gc,marking     ] GC(776) Concurrent Scan Root Regions
[3435.602s][info][gc,cpu         ] GC(775) User=0.72s Sys=0.00s Real=0.12s
[3435.727s][info][gc,marking     ] GC(776) Concurrent Scan Root Regions 124.756ms
[3435.727s][info][gc,marking     ] GC(776) Concurrent Mark
[3435.727s][info][gc,marking     ] GC(776) Concurrent Mark From Roots
[3435.727s][info][gc,task        ] GC(776) Using 2 workers of 2 for marking
.[3436.279s][info][gc,marking     ] GC(776) Concurrent Mark From Roots 552.312ms
[3436.280s][info][gc,marking     ] GC(776) Concurrent Preclean
[3436.280s][info][gc,marking     ] GC(776) Concurrent Preclean 0.109ms
[3436.280s][info][gc,start       ] GC(776) Pause Remark
[3436.282s][info][gc             ] GC(776) Pause Remark 1935M->1935M(4096M) 2.586ms
[3436.282s][info][gc,cpu         ] GC(776) User=0.01s Sys=0.00s Real=0.00s
[3436.282s][info][gc,marking     ] GC(776) Concurrent Mark 555.328ms
[3436.282s][info][gc,marking     ] GC(776) Concurrent Rebuild Remembered Sets and Scrub Regions
[3436.542s][info][gc,marking     ] GC(776) Concurrent Rebuild Remembered Sets and Scrub Regions 259.420ms
[3436.542s][info][gc,start       ] GC(776) Pause Cleanup
[3436.542s][info][gc             ] GC(776) Pause Cleanup 2144M->2144M(4096M) 0.102ms
[3436.542s][info][gc,cpu         ] GC(776) User=0.00s Sys=0.00s Real=0.00s
[3436.543s][info][gc,marking     ] GC(776) Concurrent Clear Claimed Marks
[3436.543s][info][gc,marking     ] GC(776) Concurrent Clear Claimed Marks 0.037ms
[3436.543s][info][gc,marking     ] GC(776) Concurrent Cleanup for Next Mark
[3436.548s][info][gc,marking     ] GC(776) Concurrent Cleanup for Next Mark 4.589ms
[3436.548s][info][gc             ] GC(776) Concurrent Mark Cycle 945.659ms
..[3438.627s][info][gc,start       ] GC(777) Pause Young (Prepare Mixed) (G1 Evacuation Pause)
[3438.627s][info][gc,task        ] GC(777) Using 6 workers of 6 for evacuation
[3438.745s][info][gc,phases      ] GC(777)   Pre Evacuate Collection Set: 0.31ms
[3438.745s][info][gc,phases      ] GC(777)   Merge Heap Roots: 0.55ms
[3438.745s][info][gc,phases      ] GC(777)   Evacuate Collection Set: 116.41ms
[3438.745s][info][gc,phases      ] GC(777)   Post Evacuate Collection Set: 0.94ms
[3438.745s][info][gc,phases      ] GC(777)   Other: 0.09ms
[3438.745s][info][gc,heap        ] GC(777) Eden regions: 1116->0(1108)
[3438.745s][info][gc,heap        ] GC(777) Survivor regions: 112->111(154)
[3438.745s][info][gc,heap        ] GC(777) Old regions: 504->535
[3438.745s][info][gc,heap        ] GC(777) Humongous regions: 80->80
[3438.745s][info][gc,metaspace   ] GC(777) Metaspace: 28895K(29248K)->28895K(29248K) NonClass: 24027K(24192K)->24027K(24192K) Class: 4868K(5056K)->4868K(5056K)
[3438.745s][info][gc             ] GC(777) Pause Young (Prepare Mixed) (G1 Evacuation Pause) 3620M->1448M(4096M) 118.433ms
[3438.745s][info][gc,cpu         ] GC(777) User=0.71s Sys=0.00s Real=0.12s
...[3441.742s][info][gc,start       ] GC(778) Pause Young (Mixed) (G1 Evacuation Pause)
[3441.742s][info][gc,task        ] GC(778) Using 6 workers of 6 for evacuation
[3441.874s][info][gc,phases      ] GC(778)   Pre Evacuate Collection Set: 0.37ms
[3441.874s][info][gc,phases      ] GC(778)   Merge Heap Roots: 0.70ms
[3441.874s][info][gc,phases      ] GC(778)   Evacuate Collection Set: 129.80ms
[3441.874s][info][gc,phases      ] GC(778)   Post Evacuate Collection Set: 0.94ms
[3441.874s][info][gc,phases      ] GC(778)   Other: 0.09ms
[3441.874s][info][gc,heap        ] GC(778) Eden regions: 1108->0(1120)
[3441.874s][info][gc,heap        ] GC(778) Survivor regions: 111->108(153)
[3441.874s][info][gc,heap        ] GC(778) Old regions: 535->472
[3441.874s][info][gc,heap        ] GC(778) Humongous regions: 80->80
[3441.874s][info][gc,metaspace   ] GC(778) Metaspace: 28895K(29248K)->28895K(29248K) NonClass: 24027K(24192K)->24027K(24192K) Class: 4868K(5056K)->4868K(5056K)
[3441.874s][info][gc             ] GC(778) Pause Young (Mixed) (G1 Evacuation Pause) 3664M->1317M(4096M) 132.025ms
[3441.874s][info][gc,cpu         ] GC(778) User=0.78s Sys=0.00s Real=0.13s
...[3444.912s][info][gc,start       ] GC(779) Pause Young (Concurrent Start) (G1 Evacuation Pause)
[3444.912s][info][gc,task        ] GC(779) Using 6 workers of 6 for evacuation
[3445.028s][info][gc,phases      ] GC(779)   Pre Evacuate Collection Set: 0.40ms
[3445.028s][info][gc,phases      ] GC(779)   Merge Heap Roots: 0.49ms
[3445.028s][info][gc,phases      ] GC(779)   Evacuate Collection Set: 113.95ms
[3445.028s][info][gc,phases      ] GC(779)   Post Evacuate Collection Set: 0.89ms
[3445.028s][info][gc,phases      ] GC(779)   Other: 0.11ms
[3445.028s][info][gc,heap        ] GC(779) Eden regions: 1120->0(1118)
[3445.028s][info][gc,heap        ] GC(779) Survivor regions: 108->110(154)
[3445.028s][info][gc,heap        ] GC(779) Old regions: 472->503
[3445.028s][info][gc,heap        ] GC(779) Humongous regions: 80->80
[3445.028s][info][gc,metaspace   ] GC(779) Metaspace: 28895K(29248K)->28895K(29248K) NonClass: 24027K(24192K)->24027K(24192K) Class: 4868K(5056K)->4868K(5056K)
[3445.028s][info][gc             ] GC(779) Pause Young (Concurrent Start) (G1 Evacuation Pause) 3557M->1383M(4096M) 115.987ms
[3445.028s][info][gc             ] GC(780) Concurrent Mark Cycle
[3445.028s][info][gc,marking     ] GC(780) Concurrent Scan Root Regions
[3445.028s][info][gc,cpu         ] GC(779) User=0.69s Sys=0.00s Real=0.12s
.[3445.181s][info][gc,marking     ] GC(780) Concurrent Scan Root Regions 152.651ms
[3445.181s][info][gc,marking     ] GC(780) Concurrent Mark
[3445.181s][info][gc,marking     ] GC(780) Concurrent Mark From Roots
[3445.181s][info][gc,task        ] GC(780) Using 2 workers of 2 for marking
[3446.035s][info][gc,marking     ] GC(780) Concurrent Mark From Roots 853.854ms
[3446.035s][info][gc,marking     ] GC(780) Concurrent Preclean
[3446.035s][info][gc,marking     ] GC(780) Concurrent Preclean 0.096ms
[3446.035s][info][gc,start       ] GC(780) Pause Remark
[3446.038s][info][gc             ] GC(780) Pause Remark 2169M->2169M(4096M) 3.388ms
[3446.038s][info][gc,cpu         ] GC(780) User=0.02s Sys=0.00s Real=0.00s
[3446.038s][info][gc,marking     ] GC(780) Concurrent Mark 857.583ms
[3446.038s][info][gc,marking     ] GC(780) Concurrent Rebuild Remembered Sets and Scrub Regions
.[3446.400s][info][gc,marking     ] GC(780) Concurrent Rebuild Remembered Sets and Scrub Regions 361.201ms
[3446.400s][info][gc,start       ] GC(780) Pause Cleanup
[3446.400s][info][gc             ] GC(780) Pause Cleanup 2421M->2421M(4096M) 0.115ms
[3446.400s][info][gc,cpu         ] GC(780) User=0.00s Sys=0.00s Real=0.00s
[3446.400s][info][gc,marking     ] GC(780) Concurrent Clear Claimed Marks
[3446.400s][info][gc,marking     ] GC(780) Concurrent Clear Claimed Marks 0.024ms
[3446.400s][info][gc,marking     ] GC(780) Concurrent Cleanup for Next Mark
[3446.405s][info][gc,marking     ] GC(780) Concurrent Cleanup for Next Mark 4.943ms
[3446.405s][info][gc             ] GC(780) Concurrent Mark Cycle 1376.858ms
.[3448.063s][info][gc,start       ] GC(781) Pause Young (Prepare Mixed) (G1 Evacuation Pause)
[3448.063s][info][gc,task        ] GC(781) Using 6 workers of 6 for evacuation
[3448.179s][info][gc,phases      ] GC(781)   Pre Evacuate Collection Set: 0.35ms
[3448.179s][info][gc,phases      ] GC(781)   Merge Heap Roots: 0.53ms
[3448.179s][info][gc,phases      ] GC(781)   Evacuate Collection Set: 113.76ms
[3448.179s][info][gc,phases      ] GC(781)   Post Evacuate Collection Set: 0.93ms
[3448.179s][info][gc,phases      ] GC(781)   Other: 0.09ms
[3448.179s][info][gc,heap        ] GC(781) Eden regions: 1118->0(1114)
[3448.179s][info][gc,heap        ] GC(781) Survivor regions: 110->108(154)
[3448.179s][info][gc,heap        ] GC(781) Old regions: 503->535
[3448.179s][info][gc,heap        ] GC(781) Humongous regions: 80->80
[3448.179s][info][gc,metaspace   ] GC(781) Metaspace: 28895K(29248K)->28895K(29248K) NonClass: 24027K(24192K)->24027K(24192K) Class: 4868K(5056K)->4868K(5056K)
[3448.179s][info][gc             ] GC(781) Pause Young (Prepare Mixed) (G1 Evacuation Pause) 3619M->1442M(4096M) 115.787ms
[3448.179s][info][gc,cpu         ] GC(781) User=0.69s Sys=0.00s Real=0.12s
....[3451.196s][info][gc,start       ] GC(782) Pause Young (Mixed) (G1 Evacuation Pause)
[3451.196s][info][gc,task        ] GC(782) Using 6 workers of 6 for evacuation
[3451.334s][info][gc,phases      ] GC(782)   Pre Evacuate Collection Set: 0.35ms
[3451.334s][info][gc,phases      ] GC(782)   Merge Heap Roots: 0.74ms
[3451.334s][info][gc,phases      ] GC(782)   Evacuate Collection Set: 135.36ms
[3451.334s][info][gc,phases      ] GC(782)   Post Evacuate Collection Set: 0.93ms
[3451.334s][info][gc,phases      ] GC(782)   Other: 0.09ms
[3451.334s][info][gc,heap        ] GC(782) Eden regions: 1114->0(1120)
[3451.334s][info][gc,heap        ] GC(782) Survivor regions: 108->108(153)
[3451.334s][info][gc,heap        ] GC(782) Old regions: 535->472
[3451.334s][info][gc,heap        ] GC(782) Humongous regions: 80->80
[3451.334s][info][gc,metaspace   ] GC(782) Metaspace: 28895K(29248K)->28895K(29248K) NonClass: 24027K(24192K)->24027K(24192K) Class: 4868K(5056K)->4868K(5056K)
[3451.334s][info][gc             ] GC(782) Pause Young (Mixed) (G1 Evacuation Pause) 3670M->1316M(4096M) 137.610ms
[3451.334s][info][gc,cpu         ] GC(782) User=0.82s Sys=0.00s Real=0.13s
...[3454.355s][info][gc,start       ] GC(783) Pause Young (Concurrent Start) (G1 Evacuation Pause)
[3454.355s][info][gc,task        ] GC(783) Using 6 workers of 6 for evacuation
[3454.470s][info][gc,phases      ] GC(783)   Pre Evacuate Collection Set: 0.34ms
[3454.470s][info][gc,phases      ] GC(783)   Merge Heap Roots: 0.47ms
[3454.470s][info][gc,phases      ] GC(783)   Evacuate Collection Set: 113.48ms
[3454.470s][info][gc,phases      ] GC(783)   Post Evacuate Collection Set: 0.86ms
[3454.470s][info][gc,phases      ] GC(783)   Other: 0.11ms
[3454.470s][info][gc,heap        ] GC(783) Eden regions: 1120->0(1120)
[3454.470s][info][gc,heap        ] GC(783) Survivor regions: 108->108(154)
[3454.470s][info][gc,heap        ] GC(783) Old regions: 472->503
[3454.470s][info][gc,heap        ] GC(783) Humongous regions: 80->80
[3454.470s][info][gc,metaspace   ] GC(783) Metaspace: 28895K(29248K)->28895K(29248K) NonClass: 24027K(24192K)->24027K(24192K) Class: 4868K(5056K)->4868K(5056K)
[3454.470s][info][gc             ] GC(783) Pause Young (Concurrent Start) (G1 Evacuation Pause) 3556M->1379M(4096M) 115.382ms
[3454.470s][info][gc             ] GC(784) Concurrent Mark Cycle
[3454.470s][info][gc,marking     ] GC(784) Concurrent Scan Root Regions
[3454.470s][info][gc,cpu         ] GC(783) User=0.69s Sys=0.00s Real=0.12s
[3454.598s][info][gc,marking     ] GC(784) Concurrent Scan Root Regions 127.828ms
[3454.598s][info][gc,marking     ] GC(784) Concurrent Mark
[3454.598s][info][gc,marking     ] GC(784) Concurrent Mark From Roots
[3454.598s][info][gc,task        ] GC(784) Using 2 workers of 2 for marking
.[3455.263s][info][gc,marking     ] GC(784) Concurrent Mark From Roots 664.716ms
[3455.263s][info][gc,marking     ] GC(784) Concurrent Preclean
[3455.263s][info][gc,marking     ] GC(784) Concurrent Preclean 0.092ms
[3455.263s][info][gc,start       ] GC(784) Pause Remark
[3455.266s][info][gc             ] GC(784) Pause Remark 2000M->2000M(4096M) 2.903ms
[3455.266s][info][gc,cpu         ] GC(784) User=0.02s Sys=0.00s Real=0.01s
[3455.266s][info][gc,marking     ] GC(784) Concurrent Mark 667.926ms
[3455.266s][info][gc,marking     ] GC(784) Concurrent Rebuild Remembered Sets and Scrub Regions
[3455.509s][info][gc,marking     ] GC(784) Concurrent Rebuild Remembered Sets and Scrub Regions 242.689ms
[3455.509s][info][gc,start       ] GC(784) Pause Cleanup
[3455.509s][info][gc             ] GC(784) Pause Cleanup 2165M->2165M(4096M) 0.105ms
[3455.509s][info][gc,cpu         ] GC(784) User=0.00s Sys=0.00s Real=0.00s
[3455.509s][info][gc,marking     ] GC(784) Concurrent Clear Claimed Marks
[3455.509s][info][gc,marking     ] GC(784) Concurrent Clear Claimed Marks 0.021ms
[3455.509s][info][gc,marking     ] GC(784) Concurrent Cleanup for Next Mark
[3455.512s][info][gc,marking     ] GC(784) Concurrent Cleanup for Next Mark 3.240ms
[3455.512s][info][gc             ] GC(784) Concurrent Mark Cycle 1042.155ms
..[3457.526s][info][gc,start       ] GC(785) Pause Young (Prepare Mixed) (G1 Evacuation Pause)
[3457.526s][info][gc,task        ] GC(785) Using 6 workers of 6 for evacuation
[3457.642s][info][gc,phases      ] GC(785)   Pre Evacuate Collection Set: 0.32ms
[3457.642s][info][gc,phases      ] GC(785)   Merge Heap Roots: 0.52ms
[3457.642s][info][gc,phases      ] GC(785)   Evacuate Collection Set: 113.80ms
[3457.642s][info][gc,phases      ] GC(785)   Post Evacuate Collection Set: 0.91ms
[3457.642s][info][gc,phases      ] GC(785)   Other: 0.09ms
[3457.642s][info][gc,heap        ] GC(785) Eden regions: 1120->0(1112)
[3457.642s][info][gc,heap        ] GC(785) Survivor regions: 108->109(154)
[3457.642s][info][gc,heap        ] GC(785) Old regions: 503->535
[3457.642s][info][gc,heap        ] GC(785) Humongous regions: 80->80
[3457.642s][info][gc,metaspace   ] GC(785) Metaspace: 28895K(29248K)->28895K(29248K) NonClass: 24027K(24192K)->24027K(24192K) Class: 4868K(5056K)->4868K(5056K)
[3457.642s][info][gc             ] GC(785) Pause Young (Prepare Mixed) (G1 Evacuation Pause) 3619M->1445M(4096M) 115.787ms
[3457.642s][info][gc,cpu         ] GC(785) User=0.69s Sys=0.00s Real=0.11s
...[3460.630s][info][gc,start       ] GC(786) Pause Young (Mixed) (G1 Evacuation Pause)
[3460.630s][info][gc,task        ] GC(786) Using 6 workers of 6 for evacuation
[3460.764s][info][gc,phases      ] GC(786)   Pre Evacuate Collection Set: 0.36ms
[3460.764s][info][gc,phases      ] GC(786)   Merge Heap Roots: 0.73ms
[3460.764s][info][gc,phases      ] GC(786)   Evacuate Collection Set: 132.37ms
[3460.764s][info][gc,phases      ] GC(786)   Post Evacuate Collection Set: 0.93ms
[3460.764s][info][gc,phases      ] GC(786)   Other: 0.09ms
[3460.764s][info][gc,heap        ] GC(786) Eden regions: 1112->0(1119)
[3460.764s][info][gc,heap        ] GC(786) Survivor regions: 109->109(153)
[3460.764s][info][gc,heap        ] GC(786) Old regions: 535->473
[3460.764s][info][gc,heap        ] GC(786) Humongous regions: 80->80
[3460.764s][info][gc,metaspace   ] GC(786) Metaspace: 28895K(29248K)->28895K(29248K) NonClass: 24027K(24192K)->24027K(24192K) Class: 4868K(5056K)->4868K(5056K)
[3460.764s][info][gc             ] GC(786) Pause Young (Mixed) (G1 Evacuation Pause) 3669M->1320M(4096M) 134.627ms
[3460.764s][info][gc,cpu         ] GC(786) User=0.81s Sys=0.00s Real=0.13s
...[3463.889s][info][gc,start       ] GC(787) Pause Young (Concurrent Start) (G1 Evacuation Pause)
[3463.889s][info][gc,task        ] GC(787) Using 6 workers of 6 for evacuation
[3464.007s][info][gc,phases      ] GC(787)   Pre Evacuate Collection Set: 0.39ms
[3464.007s][info][gc,phases      ] GC(787)   Merge Heap Roots: 0.53ms
[3464.007s][info][gc,phases      ] GC(787)   Evacuate Collection Set: 116.08ms
[3464.007s][info][gc,phases      ] GC(787)   Post Evacuate Collection Set: 0.85ms
[3464.007s][info][gc,phases      ] GC(787)   Other: 0.12ms
[3464.007s][info][gc,heap        ] GC(787) Eden regions: 1119->0(1117)
[3464.007s][info][gc,heap        ] GC(787) Survivor regions: 109->111(154)
[3464.007s][info][gc,heap        ] GC(787) Old regions: 473->505
[3464.007s][info][gc,heap        ] GC(787) Humongous regions: 80->80
[3464.007s][info][gc,metaspace   ] GC(787) Metaspace: 28895K(29248K)->28895K(29248K) NonClass: 24027K(24192K)->24027K(24192K) Class: 4868K(5056K)->4868K(5056K)
[3464.007s][info][gc             ] GC(787) Pause Young (Concurrent Start) (G1 Evacuation Pause) 3558M->1389M(4096M) 118.118ms
[3464.007s][info][gc             ] GC(788) Concurrent Mark Cycle
[3464.007s][info][gc,marking     ] GC(788) Concurrent Scan Root Regions
[3464.007s][info][gc,cpu         ] GC(787) User=0.70s Sys=0.00s Real=0.12s
[3464.137s][info][gc,marking     ] GC(788) Concurrent Scan Root Regions 129.976ms
[3464.137s][info][gc,marking     ] GC(788) Concurrent Mark
[3464.137s][info][gc,marking     ] GC(788) Concurrent Mark From Roots
[3464.137s][info][gc,task        ] GC(788) Using 2 workers of 2 for marking
.[3464.834s][info][gc,marking     ] GC(788) Concurrent Mark From Roots 697.426ms
[3464.834s][info][gc,marking     ] GC(788) Concurrent Preclean
[3464.834s][info][gc,marking     ] GC(788) Concurrent Preclean 0.109ms
[3464.837s][info][gc,start       ] GC(788) Pause Remark
[3464.840s][info][gc             ] GC(788) Pause Remark 2031M->2031M(4096M) 2.894ms
[3464.840s][info][gc,cpu         ] GC(788) User=0.01s Sys=0.00s Real=0.00s
[3464.840s][info][gc,marking     ] GC(788) Concurrent Mark 703.690ms
[3464.840s][info][gc,marking     ] GC(788) Concurrent Rebuild Remembered Sets and Scrub Regions
[3465.098s][info][gc,marking     ] GC(788) Concurrent Rebuild Remembered Sets and Scrub Regions 257.887ms
[3465.099s][info][gc,start       ] GC(788) Pause Cleanup
[3465.099s][info][gc             ] GC(788) Pause Cleanup 2260M->2260M(4096M) 0.116ms
[3465.099s][info][gc,cpu         ] GC(788) User=0.00s Sys=0.00s Real=0.00s
[3465.099s][info][gc,marking     ] GC(788) Concurrent Clear Claimed Marks
[3465.099s][info][gc,marking     ] GC(788) Concurrent Clear Claimed Marks 0.031ms
[3465.099s][info][gc,marking     ] GC(788) Concurrent Cleanup for Next Mark
[3465.105s][info][gc,marking     ] GC(788) Concurrent Cleanup for Next Mark 6.164ms
[3465.105s][info][gc             ] GC(788) Concurrent Mark Cycle 1098.652ms
..[3467.048s][info][gc,start       ] GC(789) Pause Young (Prepare Mixed) (G1 Evacuation Pause)
[3467.048s][info][gc,task        ] GC(789) Using 6 workers of 6 for evacuation
[3467.163s][info][gc,phases      ] GC(789)   Pre Evacuate Collection Set: 0.34ms
[3467.163s][info][gc,phases      ] GC(789)   Merge Heap Roots: 0.55ms
[3467.163s][info][gc,phases      ] GC(789)   Evacuate Collection Set: 113.26ms
[3467.163s][info][gc,phases      ] GC(789)   Post Evacuate Collection Set: 0.93ms
[3467.163s][info][gc,phases      ] GC(789)   Other: 0.09ms
[3467.163s][info][gc,heap        ] GC(789) Eden regions: 1117->0(1113)
[3467.163s][info][gc,heap        ] GC(789) Survivor regions: 111->108(154)
[3467.163s][info][gc,heap        ] GC(789) Old regions: 505->536
[3467.163s][info][gc,heap        ] GC(789) Humongous regions: 80->80
[3467.163s][info][gc,metaspace   ] GC(789) Metaspace: 28895K(29248K)->28895K(29248K) NonClass: 24027K(24192K)->24027K(24192K) Class: 4868K(5056K)->4868K(5056K)
[3467.163s][info][gc             ] GC(789) Pause Young (Prepare Mixed) (G1 Evacuation Pause) 3623M->1445M(4096M) 115.318ms
[3467.163s][info][gc,cpu         ] GC(789) User=0.69s Sys=0.00s Real=0.11s
... (rIR:aIR:PR = 5950:5951:5951) (tPR = 88122) [OK] 
  3469s: Performance info:
         Transaction,    Success,    Partial,     Failed,   Receipts, AvgBarcode, 
             Overall,     358135,          0,          0,     340203,      59.47, 
         Response times:
             Request,    Success,    Partial,     Failed,   SkipFail,     Probes,    Samples,      min,      p50,      p90,      p95,      p99,      max, 
       TotalPurchase,     340203,          0,          0,          0,     333833,     358768,      300,     4800,    12800,    30000,   115000,   281000,
     InStorePurchase,     178971,          0,          0,          0,     175953,     188719,      300,     4700,    12600,    30000,   115000,   281000,
      OnlinePurchase,     125400,          0,          0,          0,     122982,     132375,      300,     4800,    13000,    31000,   115000,   281000,
        InstPurchase,      35832,          0,          0,          0,      34898,      37674,      400,     5000,    13000,    31000,   113000,   281000,
          AssocOfCat,        360,          0,          0,          0,        286,        371,    21000,    36000,    59000,    73000,   181120,   232000,
      AssocOfProduct,       3590,          0,          0,          0,       3349,       3732,      400,     6000,    15300,    35000,   116000,   271000,
      BusinessReport,        894,          0,          0,          0,        781,        946,    23000,    37000,    69000,   106000,   199530,   268000,
          CustBuyBeh,       3592,          0,          0,          0,       3331,       3699,      300,     4000,    11600,    25000,   111000,   234000,
       ProductReturn,       9496,          0,          0,          0,       9132,      10011,      200,     5300,    15400,    34000,   119000,   204000,

  3469s: (44%)   IR =   6088 [3470.123s][info][gc,start       ] GC(790) Pause Young (Mixed) (G1 Evacuation Pause)
[3470.123s][info][gc,task        ] GC(790) Using 6 workers of 6 for evacuation
[3470.260s][info][gc,phases      ] GC(790)   Pre Evacuate Collection Set: 0.35ms
[3470.260s][info][gc,phases      ] GC(790)   Merge Heap Roots: 0.72ms
[3470.260s][info][gc,phases      ] GC(790)   Evacuate Collection Set: 134.39ms
[3470.260s][info][gc,phases      ] GC(790)   Post Evacuate Collection Set: 1.01ms
[3470.260s][info][gc,phases      ] GC(790)   Other: 0.09ms
[3470.260s][info][gc,heap        ] GC(790) Eden regions: 1113->0(1119)
[3470.260s][info][gc,heap        ] GC(790) Survivor regions: 108->109(153)
[3470.260s][info][gc,heap        ] GC(790) Old regions: 536->473
[3470.260s][info][gc,heap        ] GC(790) Humongous regions: 80->80
[3470.260s][info][gc,metaspace   ] GC(790) Metaspace: 28895K(29248K)->28895K(29248K) NonClass: 24027K(24192K)->24027K(24192K) Class: 4868K(5056K)->4868K(5056K)
[3470.260s][info][gc             ] GC(790) Pause Young (Mixed) (G1 Evacuation Pause) 3671M->1320M(4096M) 136.688ms
[3470.260s][info][gc,cpu         ] GC(790) User=0.81s Sys=0.00s Real=0.14s
...[3473.172s][info][gc,start       ] GC(791) Pause Young (Concurrent Start) (G1 Evacuation Pause)
[3473.172s][info][gc,task        ] GC(791) Using 6 workers of 6 for evacuation
[3473.289s][info][gc,phases      ] GC(791)   Pre Evacuate Collection Set: 0.35ms
[3473.289s][info][gc,phases      ] GC(791)   Merge Heap Roots: 0.45ms
[3473.289s][info][gc,phases      ] GC(791)   Evacuate Collection Set: 115.09ms
[3473.289s][info][gc,phases      ] GC(791)   Post Evacuate Collection Set: 0.90ms
[3473.289s][info][gc,phases      ] GC(791)   Other: 0.12ms
[3473.289s][info][gc,heap        ] GC(791) Eden regions: 1119->0(1119)
[3473.289s][info][gc,heap        ] GC(791) Survivor regions: 109->109(154)
[3473.289s][info][gc,heap        ] GC(791) Old regions: 473->504
[3473.289s][info][gc,heap        ] GC(791) Humongous regions: 80->80
[3473.289s][info][gc,metaspace   ] GC(791) Metaspace: 28895K(29248K)->28895K(29248K) NonClass: 24027K(24192K)->24027K(24192K) Class: 4868K(5056K)->4868K(5056K)
[3473.289s][info][gc             ] GC(791) Pause Young (Concurrent Start) (G1 Evacuation Pause) 3558M->1383M(4096M) 117.042ms
[3473.289s][info][gc             ] GC(792) Concurrent Mark Cycle
[3473.289s][info][gc,marking     ] GC(792) Concurrent Scan Root Regions
[3473.289s][info][gc,cpu         ] GC(791) User=0.70s Sys=0.00s Real=0.12s
.[3473.419s][info][gc,marking     ] GC(792) Concurrent Scan Root Regions 129.894ms
[3473.419s][info][gc,marking     ] GC(792) Concurrent Mark
[3473.419s][info][gc,marking     ] GC(792) Concurrent Mark From Roots
[3473.419s][info][gc,task        ] GC(792) Using 2 workers of 2 for marking
[3474.094s][info][gc,marking     ] GC(792) Concurrent Mark From Roots 674.771ms
[3474.094s][info][gc,marking     ] GC(792) Concurrent Preclean
[3474.094s][info][gc,marking     ] GC(792) Concurrent Preclean 0.103ms
[3474.094s][info][gc,start       ] GC(792) Pause Remark
[3474.097s][info][gc             ] GC(792) Pause Remark 2037M->2037M(4096M) 2.864ms
[3474.097s][info][gc,cpu         ] GC(792) User=0.01s Sys=0.00s Real=0.01s
[3474.097s][info][gc,marking     ] GC(792) Concurrent Mark 678.091ms
[3474.097s][info][gc,marking     ] GC(792) Concurrent Rebuild Remembered Sets and Scrub Regions
.[3474.330s][info][gc,marking     ] GC(792) Concurrent Rebuild Remembered Sets and Scrub Regions 233.047ms
[3474.330s][info][gc,start       ] GC(792) Pause Cleanup
[3474.330s][info][gc             ] GC(792) Pause Cleanup 2158M->2158M(4096M) 0.101ms
[3474.330s][info][gc,cpu         ] GC(792) User=0.00s Sys=0.00s Real=0.00s
[3474.330s][info][gc,marking     ] GC(792) Concurrent Clear Claimed Marks
[3474.330s][info][gc,marking     ] GC(792) Concurrent Clear Claimed Marks 0.026ms
[3474.330s][info][gc,marking     ] GC(792) Concurrent Cleanup for Next Mark
[3474.335s][info][gc,marking     ] GC(792) Concurrent Cleanup for Next Mark 4.027ms
[3474.335s][info][gc             ] GC(792) Concurrent Mark Cycle 1045.539ms
.[3476.270s][info][gc,start       ] GC(793) Pause Young (Prepare Mixed) (G1 Evacuation Pause)
[3476.270s][info][gc,task        ] GC(793) Using 6 workers of 6 for evacuation
[3476.388s][info][gc,phases      ] GC(793)   Pre Evacuate Collection Set: 0.29ms
[3476.388s][info][gc,phases      ] GC(793)   Merge Heap Roots: 0.51ms
[3476.388s][info][gc,phases      ] GC(793)   Evacuate Collection Set: 116.35ms
[3476.388s][info][gc,phases      ] GC(793)   Post Evacuate Collection Set: 0.93ms
[3476.388s][info][gc,phases      ] GC(793)   Other: 0.08ms
[3476.388s][info][gc,heap        ] GC(793) Eden regions: 1119->0(1109)
[3476.388s][info][gc,heap        ] GC(793) Survivor regions: 109->110(154)
[3476.388s][info][gc,heap        ] GC(793) Old regions: 504->536
[3476.388s][info][gc,heap        ] GC(793) Humongous regions: 80->80
[3476.388s][info][gc,metaspace   ] GC(793) Metaspace: 28895K(29248K)->28895K(29248K) NonClass: 24027K(24192K)->24027K(24192K) Class: 4868K(5056K)->4868K(5056K)
[3476.388s][info][gc             ] GC(793) Pause Young (Prepare Mixed) (G1 Evacuation Pause) 3621M->1448M(4096M) 118.294ms
[3476.388s][info][gc,cpu         ] GC(793) User=0.71s Sys=0.00s Real=0.12s
...[3479.343s][info][gc,start       ] GC(794) Pause Young (Mixed) (G1 Evacuation Pause)
[3479.343s][info][gc,task        ] GC(794) Using 6 workers of 6 for evacuation
[3479.481s][info][gc,phases      ] GC(794)   Pre Evacuate Collection Set: 0.35ms
[3479.481s][info][gc,phases      ] GC(794)   Merge Heap Roots: 0.81ms
[3479.481s][info][gc,phases      ] GC(794)   Evacuate Collection Set: 135.60ms
[3479.481s][info][gc,phases      ] GC(794)   Post Evacuate Collection Set: 0.95ms
[3479.481s][info][gc,phases      ] GC(794)   Other: 0.10ms
[3479.481s][info][gc,heap        ] GC(794) Eden regions: 1109->0(1119)
[3479.481s][info][gc,heap        ] GC(794) Survivor regions: 110->109(153)
[3479.481s][info][gc,heap        ] GC(794) Old regions: 536->474
[3479.481s][info][gc,heap        ] GC(794) Humongous regions: 80->80
[3479.481s][info][gc,metaspace   ] GC(794) Metaspace: 28895K(29248K)->28895K(29248K) NonClass: 24027K(24192K)->24027K(24192K) Class: 4868K(5056K)->4868K(5056K)
[3479.481s][info][gc             ] GC(794) Pause Young (Mixed) (G1 Evacuation Pause) 3666M->1323M(4096M) 137.918ms
[3479.481s][info][gc,cpu         ] GC(794) User=0.82s Sys=0.00s Real=0.14s
..|.[3482.423s][info][gc,start       ] GC(795) Pause Young (Concurrent Start) (G1 Evacuation Pause)
[3482.423s][info][gc,task        ] GC(795) Using 6 workers of 6 for evacuation
[3482.539s][info][gc,phases      ] GC(795)   Pre Evacuate Collection Set: 0.37ms
[3482.539s][info][gc,phases      ] GC(795)   Merge Heap Roots: 0.53ms
[3482.539s][info][gc,phases      ] GC(795)   Evacuate Collection Set: 113.72ms
[3482.539s][info][gc,phases      ] GC(795)   Post Evacuate Collection Set: 0.86ms
[3482.539s][info][gc,phases      ] GC(795)   Other: 0.84ms
[3482.539s][info][gc,heap        ] GC(795) Eden regions: 1119->0(1120)
[3482.539s][info][gc,heap        ] GC(795) Survivor regions: 109->108(154)
[3482.539s][info][gc,heap        ] GC(795) Old regions: 474->507
[3482.539s][info][gc,heap        ] GC(795) Humongous regions: 80->80
[3482.539s][info][gc,metaspace   ] GC(795) Metaspace: 28895K(29248K)->28895K(29248K) NonClass: 24027K(24192K)->24027K(24192K) Class: 4868K(5056K)->4868K(5056K)
[3482.539s][info][gc             ] GC(795) Pause Young (Concurrent Start) (G1 Evacuation Pause) 3561M->1387M(4096M) 116.463ms
[3482.539s][info][gc             ] GC(796) Concurrent Mark Cycle
[3482.539s][info][gc,marking     ] GC(796) Concurrent Scan Root Regions
[3482.540s][info][gc,cpu         ] GC(795) User=0.69s Sys=0.01s Real=0.12s
.[3482.669s][info][gc,marking     ] GC(796) Concurrent Scan Root Regions 129.426ms
[3482.669s][info][gc,marking     ] GC(796) Concurrent Mark
[3482.669s][info][gc,marking     ] GC(796) Concurrent Mark From Roots
[3482.669s][info][gc,task        ] GC(796) Using 2 workers of 2 for marking
[3483.356s][info][gc,marking     ] GC(796) Concurrent Mark From Roots 687.299ms
[3483.356s][info][gc,marking     ] GC(796) Concurrent Preclean
[3483.356s][info][gc,marking     ] GC(796) Concurrent Preclean 0.143ms
[3483.358s][info][gc,start       ] GC(796) Pause Remark
[3483.362s][info][gc             ] GC(796) Pause Remark 2043M->2043M(4096M) 3.213ms
[3483.362s][info][gc,cpu         ] GC(796) User=0.02s Sys=0.00s Real=0.00s
[3483.362s][info][gc,marking     ] GC(796) Concurrent Mark 692.644ms
[3483.362s][info][gc,marking     ] GC(796) Concurrent Rebuild Remembered Sets and Scrub Regions
.[3483.664s][info][gc,marking     ] GC(796) Concurrent Rebuild Remembered Sets and Scrub Regions 302.717ms
[3483.664s][info][gc,start       ] GC(796) Pause Cleanup
[3483.665s][info][gc             ] GC(796) Pause Cleanup 2276M->2276M(4096M) 0.105ms
[3483.665s][info][gc,cpu         ] GC(796) User=0.00s Sys=0.00s Real=0.00s
[3483.665s][info][gc,marking     ] GC(796) Concurrent Clear Claimed Marks
[3483.665s][info][gc,marking     ] GC(796) Concurrent Clear Claimed Marks 0.022ms
[3483.665s][info][gc,marking     ] GC(796) Concurrent Cleanup for Next Mark
[3483.669s][info][gc,marking     ] GC(796) Concurrent Cleanup for Next Mark 3.894ms
[3483.669s][info][gc             ] GC(796) Concurrent Mark Cycle 1129.157ms
.[3485.551s][info][gc,start       ] GC(797) Pause Young (Prepare Mixed) (G1 Evacuation Pause)
[3485.551s][info][gc,task        ] GC(797) Using 6 workers of 6 for evacuation
[3485.669s][info][gc,phases      ] GC(797)   Pre Evacuate Collection Set: 0.31ms
[3485.669s][info][gc,phases      ] GC(797)   Merge Heap Roots: 0.52ms
[3485.669s][info][gc,phases      ] GC(797)   Evacuate Collection Set: 116.29ms
[3485.669s][info][gc,phases      ] GC(797)   Post Evacuate Collection Set: 0.89ms
[3485.669s][info][gc,phases      ] GC(797)   Other: 0.10ms
[3485.669s][info][gc,heap        ] GC(797) Eden regions: 1120->0(1104)
[3485.669s][info][gc,heap        ] GC(797) Survivor regions: 108->111(154)
[3485.669s][info][gc,heap        ] GC(797) Old regions: 507->539
[3485.669s][info][gc,heap        ] GC(797) Humongous regions: 80->80
[3485.669s][info][gc,metaspace   ] GC(797) Metaspace: 28895K(29248K)->28895K(29248K) NonClass: 24027K(24192K)->24027K(24192K) Class: 4868K(5056K)->4868K(5056K)
[3485.669s][info][gc             ] GC(797) Pause Young (Prepare Mixed) (G1 Evacuation Pause) 3627M->1456M(4096M) 118.266ms
[3485.669s][info][gc,cpu         ] GC(797) User=0.70s Sys=0.00s Real=0.12s
...[3488.597s][info][gc,start       ] GC(798) Pause Young (Mixed) (G1 Evacuation Pause)
[3488.597s][info][gc,task        ] GC(798) Using 6 workers of 6 for evacuation
[3488.731s][info][gc,phases      ] GC(798)   Pre Evacuate Collection Set: 0.35ms
[3488.732s][info][gc,phases      ] GC(798)   Merge Heap Roots: 0.65ms
[3488.732s][info][gc,phases      ] GC(798)   Evacuate Collection Set: 132.62ms
[3488.732s][info][gc,phases      ] GC(798)   Post Evacuate Collection Set: 0.93ms
[3488.732s][info][gc,phases      ] GC(798)   Other: 0.09ms
[3488.732s][info][gc,heap        ] GC(798) Eden regions: 1104->0(1120)
[3488.732s][info][gc,heap        ] GC(798) Survivor regions: 111->108(152)
[3488.732s][info][gc,heap        ] GC(798) Old regions: 539->474
[3488.732s][info][gc,heap        ] GC(798) Humongous regions: 80->80
[3488.732s][info][gc,metaspace   ] GC(798) Metaspace: 28895K(29248K)->28895K(29248K) NonClass: 24027K(24192K)->24027K(24192K) Class: 4868K(5056K)->4868K(5056K)
[3488.732s][info][gc             ] GC(798) Pause Young (Mixed) (G1 Evacuation Pause) 3664M->1322M(4096M) 134.794ms
[3488.732s][info][gc,cpu         ] GC(798) User=0.80s Sys=0.00s Real=0.13s
...[3491.651s][info][gc,start       ] GC(799) Pause Young (Concurrent Start) (G1 Evacuation Pause)
[3491.651s][info][gc,task        ] GC(799) Using 6 workers of 6 for evacuation
[3491.767s][info][gc,phases      ] GC(799)   Pre Evacuate Collection Set: 0.34ms
[3491.767s][info][gc,phases      ] GC(799)   Merge Heap Roots: 0.47ms
[3491.767s][info][gc,phases      ] GC(799)   Evacuate Collection Set: 113.71ms
[3491.767s][info][gc,phases      ] GC(799)   Post Evacuate Collection Set: 0.88ms
[3491.767s][info][gc,phases      ] GC(799)   Other: 0.10ms
[3491.767s][info][gc,heap        ] GC(799) Eden regions: 1120->0(1120)
[3491.767s][info][gc,heap        ] GC(799) Survivor regions: 108->108(154)
[3491.767s][info][gc,heap        ] GC(799) Old regions: 474->506
[3491.767s][info][gc,heap        ] GC(799) Humongous regions: 80->80
[3491.767s][info][gc,metaspace   ] GC(799) Metaspace: 28895K(29248K)->28895K(29248K) NonClass: 24027K(24192K)->24027K(24192K) Class: 4868K(5056K)->4868K(5056K)
[3491.767s][info][gc             ] GC(799) Pause Young (Concurrent Start) (G1 Evacuation Pause) 3562M->1386M(4096M) 115.656ms
[3491.767s][info][gc             ] GC(800) Concurrent Mark Cycle
[3491.767s][info][gc,marking     ] GC(800) Concurrent Scan Root Regions
[3491.767s][info][gc,cpu         ] GC(799) User=0.69s Sys=0.00s Real=0.12s
.[3491.936s][info][gc,marking     ] GC(800) Concurrent Scan Root Regions 168.577ms
[3491.936s][info][gc,marking     ] GC(800) Concurrent Mark
[3491.936s][info][gc,marking     ] GC(800) Concurrent Mark From Roots
[3491.936s][info][gc,task        ] GC(800) Using 2 workers of 2 for marking
[3492.602s][info][gc,marking     ] GC(800) Concurrent Mark From Roots 666.673ms
[3492.602s][info][gc,marking     ] GC(800) Concurrent Preclean
[3492.602s][info][gc,marking     ] GC(800) Concurrent Preclean 0.099ms
[3492.603s][info][gc,start       ] GC(800) Pause Remark
[3492.606s][info][gc             ] GC(800) Pause Remark 2046M->2046M(4096M) 3.131ms
[3492.606s][info][gc,cpu         ] GC(800) User=0.02s Sys=0.00s Real=0.01s
[3492.607s][info][gc,marking     ] GC(800) Concurrent Mark 671.553ms
[3492.607s][info][gc,marking     ] GC(800) Concurrent Rebuild Remembered Sets and Scrub Regions
.[3492.901s][info][gc,marking     ] GC(800) Concurrent Rebuild Remembered Sets and Scrub Regions 293.925ms
[3492.901s][info][gc,start       ] GC(800) Pause Cleanup
[3492.901s][info][gc             ] GC(800) Pause Cleanup 2296M->2296M(4096M) 0.101ms
[3492.901s][info][gc,cpu         ] GC(800) User=0.00s Sys=0.00s Real=0.00s
[3492.901s][info][gc,marking     ] GC(800) Concurrent Clear Claimed Marks
[3492.901s][info][gc,marking     ] GC(800) Concurrent Clear Claimed Marks 0.027ms
[3492.901s][info][gc,marking     ] GC(800) Concurrent Cleanup for Next Mark
[3492.907s][info][gc,marking     ] GC(800) Concurrent Cleanup for Next Mark 5.273ms
[3492.907s][info][gc             ] GC(800) Concurrent Mark Cycle 1139.792ms
.[3494.729s][info][gc,start       ] GC(801) Pause Young (Prepare Mixed) (G1 Evacuation Pause)
[3494.729s][info][gc,task        ] GC(801) Using 6 workers of 6 for evacuation
[3494.846s][info][gc,phases      ] GC(801)   Pre Evacuate Collection Set: 0.30ms
[3494.846s][info][gc,phases      ] GC(801)   Merge Heap Roots: 0.50ms
[3494.846s][info][gc,phases      ] GC(801)   Evacuate Collection Set: 114.33ms
[3494.846s][info][gc,phases      ] GC(801)   Post Evacuate Collection Set: 0.93ms
[3494.846s][info][gc,phases      ] GC(801)   Other: 0.08ms
[3494.846s][info][gc,heap        ] GC(801) Eden regions: 1120->0(1109)
[3494.846s][info][gc,heap        ] GC(801) Survivor regions: 108->109(154)
[3494.846s][info][gc,heap        ] GC(801) Old regions: 506->538
[3494.846s][info][gc,heap        ] GC(801) Humongous regions: 80->80
[3494.846s][info][gc,metaspace   ] GC(801) Metaspace: 28895K(29248K)->28895K(29248K) NonClass: 24027K(24192K)->24027K(24192K) Class: 4868K(5056K)->4868K(5056K)
[3494.846s][info][gc             ] GC(801) Pause Young (Prepare Mixed) (G1 Evacuation Pause) 3626M->1451M(4096M) 116.271ms
[3494.846s][info][gc,cpu         ] GC(801) User=0.69s Sys=0.00s Real=0.12s
...[3497.803s][info][gc,start       ] GC(802) Pause Young (Mixed) (G1 Evacuation Pause)
[3497.803s][info][gc,task        ] GC(802) Using 6 workers of 6 for evacuation
[3497.941s][info][gc,phases      ] GC(802)   Pre Evacuate Collection Set: 0.36ms
[3497.941s][info][gc,phases      ] GC(802)   Merge Heap Roots: 0.73ms
[3497.941s][info][gc,phases      ] GC(802)   Evacuate Collection Set: 135.23ms
[3497.941s][info][gc,phases      ] GC(802)   Post Evacuate Collection Set: 0.95ms
[3497.941s][info][gc,phases      ] GC(802)   Other: 0.09ms
[3497.941s][info][gc,heap        ] GC(802) Eden regions: 1109->0(1114)
[3497.941s][info][gc,heap        ] GC(802) Survivor regions: 109->114(153)
[3497.941s][info][gc,heap        ] GC(802) Old regions: 538->473
[3497.941s][info][gc,heap        ] GC(802) Humongous regions: 80->80
[3497.941s][info][gc,metaspace   ] GC(802) Metaspace: 28895K(29248K)->28895K(29248K) NonClass: 24027K(24192K)->24027K(24192K) Class: 4868K(5056K)->4868K(5056K)
[3497.941s][info][gc             ] GC(802) Pause Young (Mixed) (G1 Evacuation Pause) 3669M->1331M(4096M) 137.513ms
[3497.941s][info][gc,cpu         ] GC(802) User=0.82s Sys=0.00s Real=0.14s
...[3500.883s][info][gc,start       ] GC(803) Pause Young (Concurrent Start) (G1 Evacuation Pause)
[3500.883s][info][gc,task        ] GC(803) Using 6 workers of 6 for evacuation
[3501.001s][info][gc,phases      ] GC(803)   Pre Evacuate Collection Set: 0.38ms
[3501.001s][info][gc,phases      ] GC(803)   Merge Heap Roots: 0.50ms
[3501.001s][info][gc,phases      ] GC(803)   Evacuate Collection Set: 116.58ms
[3501.001s][info][gc,phases      ] GC(803)   Post Evacuate Collection Set: 0.88ms
[3501.001s][info][gc,phases      ] GC(803)   Other: 0.12ms
[3501.001s][info][gc,heap        ] GC(803) Eden regions: 1114->0(1119)
[3501.001s][info][gc,heap        ] GC(803) Survivor regions: 114->109(154)
[3501.001s][info][gc,heap        ] GC(803) Old regions: 473->505
[3501.001s][info][gc,heap        ] GC(803) Humongous regions: 80->80
[3501.001s][info][gc,metaspace   ] GC(803) Metaspace: 28895K(29248K)->28895K(29248K) NonClass: 24027K(24192K)->24027K(24192K) Class: 4868K(5056K)->4868K(5056K)
[3501.001s][info][gc             ] GC(803) Pause Young (Concurrent Start) (G1 Evacuation Pause) 3559M->1386M(4096M) 118.619ms
[3501.001s][info][gc             ] GC(804) Concurrent Mark Cycle
[3501.001s][info][gc,marking     ] GC(804) Concurrent Scan Root Regions
[3501.001s][info][gc,cpu         ] GC(803) User=0.71s Sys=0.00s Real=0.12s
.[3501.131s][info][gc,marking     ] GC(804) Concurrent Scan Root Regions 130.046ms
[3501.131s][info][gc,marking     ] GC(804) Concurrent Mark
[3501.131s][info][gc,marking     ] GC(804) Concurrent Mark From Roots
[3501.131s][info][gc,task        ] GC(804) Using 2 workers of 2 for marking
[3501.826s][info][gc,marking     ] GC(804) Concurrent Mark From Roots 694.507ms
[3501.826s][info][gc,marking     ] GC(804) Concurrent Preclean
[3501.826s][info][gc,marking     ] GC(804) Concurrent Preclean 0.097ms
[3501.826s][info][gc,start       ] GC(804) Pause Remark
[3501.829s][info][gc             ] GC(804) Pause Remark 2053M->2053M(4096M) 2.943ms
[3501.829s][info][gc,cpu         ] GC(804) User=0.02s Sys=0.00s Real=0.00s
[3501.829s][info][gc,marking     ] GC(804) Concurrent Mark 697.818ms
[3501.829s][info][gc,marking     ] GC(804) Concurrent Rebuild Remembered Sets and Scrub Regions
.[3502.120s][info][gc,marking     ] GC(804) Concurrent Rebuild Remembered Sets and Scrub Regions 291.064ms
[3502.120s][info][gc,start       ] GC(804) Pause Cleanup
[3502.121s][info][gc             ] GC(804) Pause Cleanup 2270M->2270M(4096M) 0.100ms
[3502.121s][info][gc,cpu         ] GC(804) User=0.00s Sys=0.00s Real=0.00s
[3502.121s][info][gc,marking     ] GC(804) Concurrent Clear Claimed Marks
[3502.121s][info][gc,marking     ] GC(804) Concurrent Clear Claimed Marks 0.023ms
[3502.121s][info][gc,marking     ] GC(804) Concurrent Cleanup for Next Mark
[3502.125s][info][gc,marking     ] GC(804) Concurrent Cleanup for Next Mark 3.970ms
[3502.125s][info][gc             ] GC(804) Concurrent Mark Cycle 1123.378ms
.[3503.964s][info][gc,start       ] GC(805) Pause Young (Prepare Mixed) (G1 Evacuation Pause)
[3503.964s][info][gc,task        ] GC(805) Using 6 workers of 6 for evacuation
[3504.088s][info][gc,phases      ] GC(805)   Pre Evacuate Collection Set: 0.30ms
[3504.088s][info][gc,phases      ] GC(805)   Merge Heap Roots: 0.57ms
[3504.088s][info][gc,phases      ] GC(805)   Evacuate Collection Set: 121.58ms
[3504.088s][info][gc,phases      ] GC(805)   Post Evacuate Collection Set: 0.92ms
[3504.088s][info][gc,phases      ] GC(805)   Other: 0.08ms
[3504.088s][info][gc,heap        ] GC(805) Eden regions: 1119->0(1098)
[3504.088s][info][gc,heap        ] GC(805) Survivor regions: 109->115(154)
[3504.088s][info][gc,heap        ] GC(805) Old regions: 505->537
[3504.088s][info][gc,heap        ] GC(805) Humongous regions: 80->80
[3504.088s][info][gc,metaspace   ] GC(805) Metaspace: 28895K(29248K)->28895K(29248K) NonClass: 24027K(24192K)->24027K(24192K) Class: 4868K(5056K)->4868K(5056K)
[3504.088s][info][gc             ] GC(805) Pause Young (Prepare Mixed) (G1 Evacuation Pause) 3624M->1461M(4096M) 123.583ms
[3504.088s][info][gc,cpu         ] GC(805) User=0.74s Sys=0.00s Real=0.13s
...[3506.984s][info][gc,start       ] GC(806) Pause Young (Mixed) (G1 Evacuation Pause)
[3506.984s][info][gc,task        ] GC(806) Using 6 workers of 6 for evacuation
[3507.117s][info][gc,phases      ] GC(806)   Pre Evacuate Collection Set: 0.36ms
[3507.117s][info][gc,phases      ] GC(806)   Merge Heap Roots: 0.68ms
[3507.117s][info][gc,phases      ] GC(806)   Evacuate Collection Set: 131.35ms
[3507.117s][info][gc,phases      ] GC(806)   Post Evacuate Collection Set: 0.94ms
[3507.117s][info][gc,phases      ] GC(806)   Other: 0.09ms
[3507.117s][info][gc,heap        ] GC(806) Eden regions: 1098->0(1117)
[3507.117s][info][gc,heap        ] GC(806) Survivor regions: 115->111(152)
[3507.117s][info][gc,heap        ] GC(806) Old regions: 537->474
[3507.117s][info][gc,heap        ] GC(806) Humongous regions: 80->80
[3507.117s][info][gc,metaspace   ] GC(806) Metaspace: 28895K(29248K)->28895K(29248K) NonClass: 24027K(24192K)->24027K(24192K) Class: 4868K(5056K)->4868K(5056K)
[3507.117s][info][gc             ] GC(806) Pause Young (Mixed) (G1 Evacuation Pause) 3657M->1326M(4096M) 133.536ms
[3507.117s][info][gc,cpu         ] GC(806) User=0.80s Sys=0.00s Real=0.14s
...[3510.042s][info][gc,start       ] GC(807) Pause Young (Concurrent Start) (G1 Evacuation Pause)
[3510.042s][info][gc,task        ] GC(807) Using 6 workers of 6 for evacuation
[3510.158s][info][gc,phases      ] GC(807)   Pre Evacuate Collection Set: 0.38ms
[3510.158s][info][gc,phases      ] GC(807)   Merge Heap Roots: 0.49ms
[3510.158s][info][gc,phases      ] GC(807)   Evacuate Collection Set: 114.10ms
[3510.158s][info][gc,phases      ] GC(807)   Post Evacuate Collection Set: 0.87ms
[3510.158s][info][gc,phases      ] GC(807)   Other: 0.11ms
[3510.158s][info][gc,heap        ] GC(807) Eden regions: 1117->0(1121)
[3510.158s][info][gc,heap        ] GC(807) Survivor regions: 111->107(154)
[3510.158s][info][gc,heap        ] GC(807) Old regions: 474->507
[3510.158s][info][gc,heap        ] GC(807) Humongous regions: 80->80
[3510.158s][info][gc,metaspace   ] GC(807) Metaspace: 28895K(29248K)->28895K(29248K) NonClass: 24027K(24192K)->24027K(24192K) Class: 4868K(5056K)->4868K(5056K)
[3510.158s][info][gc             ] GC(807) Pause Young (Concurrent Start) (G1 Evacuation Pause) 3560M->1385M(4096M) 116.073ms
[3510.158s][info][gc             ] GC(808) Concurrent Mark Cycle
[3510.158s][info][gc,marking     ] GC(808) Concurrent Scan Root Regions
[3510.158s][info][gc,cpu         ] GC(807) User=0.69s Sys=0.00s Real=0.12s
.[3510.337s][info][gc,marking     ] GC(808) Concurrent Scan Root Regions 178.712ms
[3510.337s][info][gc,marking     ] GC(808) Concurrent Mark
[3510.337s][info][gc,marking     ] GC(808) Concurrent Mark From Roots
[3510.337s][info][gc,task        ] GC(808) Using 2 workers of 2 for marking
.[3511.170s][info][gc,marking     ] GC(808) Concurrent Mark From Roots 833.160ms
[3511.170s][info][gc,marking     ] GC(808) Concurrent Preclean
[3511.170s][info][gc,marking     ] GC(808) Concurrent Preclean 0.120ms
[3511.173s][info][gc,start       ] GC(808) Pause Remark
[3511.177s][info][gc             ] GC(808) Pause Remark 2195M->2195M(4096M) 3.909ms
[3511.177s][info][gc,cpu         ] GC(808) User=0.02s Sys=0.00s Real=0.01s
[3511.177s][info][gc,marking     ] GC(808) Concurrent Mark 840.399ms
[3511.177s][info][gc,marking     ] GC(808) Concurrent Rebuild Remembered Sets and Scrub Regions
[3511.431s][info][gc,marking     ] GC(808) Concurrent Rebuild Remembered Sets and Scrub Regions 253.789ms
[3511.431s][info][gc,start       ] GC(808) Pause Cleanup
[3511.431s][info][gc             ] GC(808) Pause Cleanup 2398M->2398M(4096M) 0.098ms
[3511.431s][info][gc,cpu         ] GC(808) User=0.00s Sys=0.00s Real=0.00s
[3511.432s][info][gc,marking     ] GC(808) Concurrent Clear Claimed Marks
[3511.432s][info][gc,marking     ] GC(808) Concurrent Clear Claimed Marks 0.035ms
[3511.432s][info][gc,marking     ] GC(808) Concurrent Cleanup for Next Mark
[3511.466s][info][gc,marking     ] GC(808) Concurrent Cleanup for Next Mark 34.005ms
[3511.466s][info][gc             ] GC(808) Concurrent Mark Cycle 1307.910ms
.[3513.086s][info][gc,start       ] GC(809) Pause Young (Prepare Mixed) (G1 Evacuation Pause)
[3513.086s][info][gc,task        ] GC(809) Using 6 workers of 6 for evacuation
[3513.200s][info][gc,phases      ] GC(809)   Pre Evacuate Collection Set: 0.28ms
[3513.200s][info][gc,phases      ] GC(809)   Merge Heap Roots: 0.50ms
[3513.200s][info][gc,phases      ] GC(809)   Evacuate Collection Set: 112.47ms
[3513.200s][info][gc,phases      ] GC(809)   Post Evacuate Collection Set: 0.88ms
[3513.200s][info][gc,phases      ] GC(809)   Other: 0.09ms
[3513.200s][info][gc,heap        ] GC(809) Eden regions: 1121->0(1114)
[3513.200s][info][gc,heap        ] GC(809) Survivor regions: 107->106(154)
[3513.200s][info][gc,heap        ] GC(809) Old regions: 507->539
[3513.200s][info][gc,heap        ] GC(809) Humongous regions: 80->80
[3513.200s][info][gc,metaspace   ] GC(809) Metaspace: 28895K(29248K)->28895K(29248K) NonClass: 24027K(24192K)->24027K(24192K) Class: 4868K(5056K)->4868K(5056K)
[3513.200s][info][gc             ] GC(809) Pause Young (Prepare Mixed) (G1 Evacuation Pause) 3627M->1448M(4096M) 114.377ms
[3513.200s][info][gc,cpu         ] GC(809) User=0.68s Sys=0.00s Real=0.11s
....[3516.218s][info][gc,start       ] GC(810) Pause Young (Mixed) (G1 Evacuation Pause)
[3516.218s][info][gc,task        ] GC(810) Using 6 workers of 6 for evacuation
[3516.348s][info][gc,phases      ] GC(810)   Pre Evacuate Collection Set: 0.37ms
[3516.348s][info][gc,phases      ] GC(810)   Merge Heap Roots: 0.66ms
[3516.348s][info][gc,phases      ] GC(810)   Evacuate Collection Set: 128.26ms
[3516.348s][info][gc,phases      ] GC(810)   Post Evacuate Collection Set: 0.94ms
[3516.348s][info][gc,phases      ] GC(810)   Other: 0.08ms
[3516.348s][info][gc,heap        ] GC(810) Eden regions: 1114->0(1120)
[3516.348s][info][gc,heap        ] GC(810) Survivor regions: 106->108(153)
[3516.348s][info][gc,heap        ] GC(810) Old regions: 539->475
[3516.348s][info][gc,heap        ] GC(810) Humongous regions: 80->80
[3516.348s][info][gc,metaspace   ] GC(810) Metaspace: 28895K(29248K)->28895K(29248K) NonClass: 24027K(24192K)->24027K(24192K) Class: 4868K(5056K)->4868K(5056K)
[3516.348s][info][gc             ] GC(810) Pause Young (Mixed) (G1 Evacuation Pause) 3676M->1323M(4096M) 130.434ms
[3516.348s][info][gc,cpu         ] GC(810) User=0.78s Sys=0.00s Real=0.13s
...[3519.248s][info][gc,start       ] GC(811) Pause Young (Concurrent Start) (G1 Evacuation Pause)
[3519.248s][info][gc,task        ] GC(811) Using 6 workers of 6 for evacuation
[3519.362s][info][gc,phases      ] GC(811)   Pre Evacuate Collection Set: 0.34ms
[3519.362s][info][gc,phases      ] GC(811)   Merge Heap Roots: 0.49ms
[3519.362s][info][gc,phases      ] GC(811)   Evacuate Collection Set: 112.95ms
[3519.362s][info][gc,phases      ] GC(811)   Post Evacuate Collection Set: 0.89ms
[3519.362s][info][gc,phases      ] GC(811)   Other: 0.10ms
[3519.362s][info][gc,heap        ] GC(811) Eden regions: 1120->0(1120)
[3519.362s][info][gc,heap        ] GC(811) Survivor regions: 108->108(154)
[3519.362s][info][gc,heap        ] GC(811) Old regions: 475->506
[3519.362s][info][gc,heap        ] GC(811) Humongous regions: 80->80
[3519.362s][info][gc,metaspace   ] GC(811) Metaspace: 28895K(29248K)->28895K(29248K) NonClass: 24027K(24192K)->24027K(24192K) Class: 4868K(5056K)->4868K(5056K)
[3519.362s][info][gc             ] GC(811) Pause Young (Concurrent Start) (G1 Evacuation Pause) 3563M->1386M(4096M) 114.903ms
[3519.362s][info][gc             ] GC(812) Concurrent Mark Cycle
[3519.362s][info][gc,marking     ] GC(812) Concurrent Scan Root Regions
[3519.362s][info][gc,cpu         ] GC(811) User=0.68s Sys=0.00s Real=0.11s
[3519.494s][info][gc,marking     ] GC(812) Concurrent Scan Root Regions 131.850ms
[3519.494s][info][gc,marking     ] GC(812) Concurrent Mark
[3519.494s][info][gc,marking     ] GC(812) Concurrent Mark From Roots
[3519.494s][info][gc,task        ] GC(812) Using 2 workers of 2 for marking
[3520.199s][info][gc,marking     ] GC(812) Concurrent Mark From Roots 704.958ms
[3520.199s][info][gc,marking     ] GC(812) Concurrent Preclean
[3520.200s][info][gc,marking     ] GC(812) Concurrent Preclean 0.131ms
[3520.202s][info][gc,start       ] GC(812) Pause Remark
[3520.205s][info][gc             ] GC(812) Pause Remark 2068M->2068M(4096M) 3.242ms
[3520.205s][info][gc,cpu         ] GC(812) User=0.02s Sys=0.00s Real=0.01s
[3520.205s][info][gc,marking     ] GC(812) Concurrent Mark 711.111ms
[3520.206s][info][gc,marking     ] GC(812) Concurrent Rebuild Remembered Sets and Scrub Regions
.[3520.456s][info][gc,marking     ] GC(812) Concurrent Rebuild Remembered Sets and Scrub Regions 250.418ms
[3520.456s][info][gc,start       ] GC(812) Pause Cleanup
[3520.456s][info][gc             ] GC(812) Pause Cleanup 2261M->2261M(4096M) 0.108ms
[3520.456s][info][gc,cpu         ] GC(812) User=0.00s Sys=0.00s Real=0.00s
[3520.456s][info][gc,marking     ] GC(812) Concurrent Clear Claimed Marks
[3520.456s][info][gc,marking     ] GC(812) Concurrent Clear Claimed Marks 0.021ms
[3520.456s][info][gc,marking     ] GC(812) Concurrent Cleanup for Next Mark
[3520.460s][info][gc,marking     ] GC(812) Concurrent Cleanup for Next Mark 3.305ms
[3520.460s][info][gc             ] GC(812) Concurrent Mark Cycle 1097.126ms
..[3522.390s][info][gc,start       ] GC(813) Pause Young (Prepare Mixed) (G1 Evacuation Pause)
[3522.390s][info][gc,task        ] GC(813) Using 6 workers of 6 for evacuation
[3522.506s][info][gc,phases      ] GC(813)   Pre Evacuate Collection Set: 0.36ms
[3522.506s][info][gc,phases      ] GC(813)   Merge Heap Roots: 0.61ms
[3522.506s][info][gc,phases      ] GC(813)   Evacuate Collection Set: 114.06ms
[3522.506s][info][gc,phases      ] GC(813)   Post Evacuate Collection Set: 0.92ms
[3522.506s][info][gc,phases      ] GC(813)   Other: 0.08ms
[3522.506s][info][gc,heap        ] GC(813) Eden regions: 1120->0(1111)
[3522.506s][info][gc,heap        ] GC(813) Survivor regions: 108->108(154)
[3522.506s][info][gc,heap        ] GC(813) Old regions: 506->538
[3522.506s][info][gc,heap        ] GC(813) Humongous regions: 80->80
[3522.506s][info][gc,metaspace   ] GC(813) Metaspace: 28895K(29248K)->28895K(29248K) NonClass: 24027K(24192K)->24027K(24192K) Class: 4868K(5056K)->4868K(5056K)
[3522.506s][info][gc             ] GC(813) Pause Young (Prepare Mixed) (G1 Evacuation Pause) 3626M->1450M(4096M) 116.156ms
[3522.506s][info][gc,cpu         ] GC(813) User=0.69s Sys=0.01s Real=0.12s
...[3525.375s][info][gc,start       ] GC(814) Pause Young (Mixed) (G1 Evacuation Pause)
[3525.375s][info][gc,task        ] GC(814) Using 6 workers of 6 for evacuation
[3525.508s][info][gc,phases      ] GC(814)   Pre Evacuate Collection Set: 0.36ms
[3525.508s][info][gc,phases      ] GC(814)   Merge Heap Roots: 0.72ms
[3525.508s][info][gc,phases      ] GC(814)   Evacuate Collection Set: 131.43ms
[3525.508s][info][gc,phases      ] GC(814)   Post Evacuate Collection Set: 0.94ms
[3525.508s][info][gc,phases      ] GC(814)   Other: 0.09ms
[3525.508s][info][gc,heap        ] GC(814) Eden regions: 1111->0(1120)
[3525.508s][info][gc,heap        ] GC(814) Survivor regions: 108->108(153)
[3525.508s][info][gc,heap        ] GC(814) Old regions: 538->471
[3525.508s][info][gc,heap        ] GC(814) Humongous regions: 80->80
[3525.508s][info][gc,metaspace   ] GC(814) Metaspace: 28895K(29248K)->28895K(29248K) NonClass: 24027K(24192K)->24027K(24192K) Class: 4868K(5056K)->4868K(5056K)
[3525.508s][info][gc             ] GC(814) Pause Young (Mixed) (G1 Evacuation Pause) 3672M->1316M(4096M) 133.666ms
[3525.508s][info][gc,cpu         ] GC(814) User=0.80s Sys=0.00s Real=0.14s
...[3528.473s][info][gc,start       ] GC(815) Pause Young (Concurrent Start) (G1 Evacuation Pause)
[3528.473s][info][gc,task        ] GC(815) Using 6 workers of 6 for evacuation
[3528.589s][info][gc,phases      ] GC(815)   Pre Evacuate Collection Set: 0.39ms
[3528.589s][info][gc,phases      ] GC(815)   Merge Heap Roots: 0.46ms
[3528.589s][info][gc,phases      ] GC(815)   Evacuate Collection Set: 114.70ms
[3528.589s][info][gc,phases      ] GC(815)   Post Evacuate Collection Set: 0.87ms
[3528.589s][info][gc,phases      ] GC(815)   Other: 0.11ms
[3528.589s][info][gc,heap        ] GC(815) Eden regions: 1120->0(1120)
[3528.589s][info][gc,heap        ] GC(815) Survivor regions: 108->108(154)
[3528.589s][info][gc,heap        ] GC(815) Old regions: 471->503
[3528.589s][info][gc,heap        ] GC(815) Humongous regions: 80->80
[3528.589s][info][gc,metaspace   ] GC(815) Metaspace: 28895K(29248K)->28895K(29248K) NonClass: 24027K(24192K)->24027K(24192K) Class: 4868K(5056K)->4868K(5056K)
[3528.589s][info][gc             ] GC(815) Pause Young (Concurrent Start) (G1 Evacuation Pause) 3556M->1380M(4096M) 116.672ms
[3528.589s][info][gc             ] GC(816) Concurrent Mark Cycle
[3528.589s][info][gc,marking     ] GC(816) Concurrent Scan Root Regions
[3528.589s][info][gc,cpu         ] GC(815) User=0.69s Sys=0.00s Real=0.12s
[3528.721s][info][gc,marking     ] GC(816) Concurrent Scan Root Regions 131.430ms
[3528.721s][info][gc,marking     ] GC(816) Concurrent Mark
[3528.721s][info][gc,marking     ] GC(816) Concurrent Mark From Roots
[3528.721s][info][gc,task        ] GC(816) Using 2 workers of 2 for marking
.[3529.398s][info][gc,marking     ] GC(816) Concurrent Mark From Roots 676.738ms
[3529.398s][info][gc,marking     ] GC(816) Concurrent Preclean
[3529.398s][info][gc,marking     ] GC(816) Concurrent Preclean 0.108ms
[3529.398s][info][gc,start       ] GC(816) Pause Remark
[3529.402s][info][gc             ] GC(816) Pause Remark 2034M->2034M(4096M) 3.507ms
[3529.402s][info][gc,cpu         ] GC(816) User=0.02s Sys=0.00s Real=0.00s
[3529.403s][info][gc,marking     ] GC(816) Concurrent Mark 681.728ms
[3529.403s][info][gc,marking     ] GC(816) Concurrent Rebuild Remembered Sets and Scrub Regions
[3529.686s][info][gc,marking     ] GC(816) Concurrent Rebuild Remembered Sets and Scrub Regions 283.234ms
[3529.686s][info][gc,start       ] GC(816) Pause Cleanup
[3529.686s][info][gc             ] GC(816) Pause Cleanup 2223M->2223M(4096M) 0.114ms
[3529.686s][info][gc,cpu         ] GC(816) User=0.00s Sys=0.00s Real=0.00s
[3529.686s][info][gc,marking     ] GC(816) Concurrent Clear Claimed Marks
[3529.686s][info][gc,marking     ] GC(816) Concurrent Clear Claimed Marks 0.027ms
[3529.686s][info][gc,marking     ] GC(816) Concurrent Cleanup for Next Mark
[3529.691s][info][gc,marking     ] GC(816) Concurrent Cleanup for Next Mark 4.310ms
[3529.691s][info][gc             ] GC(816) Concurrent Mark Cycle 1101.209ms
..[3531.559s][info][gc,start       ] GC(817) Pause Young (Prepare Mixed) (G1 Evacuation Pause)
[3531.559s][info][gc,task        ] GC(817) Using 6 workers of 6 for evacuation
[3531.682s][info][gc,phases      ] GC(817)   Pre Evacuate Collection Set: 0.30ms
[3531.682s][info][gc,phases      ] GC(817)   Merge Heap Roots: 0.51ms
[3531.682s][info][gc,phases      ] GC(817)   Evacuate Collection Set: 120.62ms
[3531.682s][info][gc,phases      ] GC(817)   Post Evacuate Collection Set: 0.92ms
[3531.682s][info][gc,phases      ] GC(817)   Other: 0.08ms
[3531.682s][info][gc,heap        ] GC(817) Eden regions: 1120->0(1102)
[3531.682s][info][gc,heap        ] GC(817) Survivor regions: 108->114(154)
[3531.682s][info][gc,heap        ] GC(817) Old regions: 503->535
[3531.682s][info][gc,heap        ] GC(817) Humongous regions: 80->80
[3531.682s][info][gc,metaspace   ] GC(817) Metaspace: 28895K(29248K)->28895K(29248K) NonClass: 24027K(24192K)->24027K(24192K) Class: 4868K(5056K)->4868K(5056K)
[3531.682s][info][gc             ] GC(817) Pause Young (Prepare Mixed) (G1 Evacuation Pause) 3620M->1454M(4096M) 122.556ms
[3531.682s][info][gc,cpu         ] GC(817) User=0.73s Sys=0.00s Real=0.12s
...[3534.626s][info][gc,start       ] GC(818) Pause Young (Mixed) (G1 Evacuation Pause)
[3534.626s][info][gc,task        ] GC(818) Using 6 workers of 6 for evacuation
[3534.761s][info][gc,phases      ] GC(818)   Pre Evacuate Collection Set: 0.36ms
[3534.761s][info][gc,phases      ] GC(818)   Merge Heap Roots: 0.72ms
[3534.761s][info][gc,phases      ] GC(818)   Evacuate Collection Set: 132.43ms
[3534.761s][info][gc,phases      ] GC(818)   Post Evacuate Collection Set: 0.92ms
[3534.761s][info][gc,phases      ] GC(818)   Other: 0.09ms
[3534.761s][info][gc,heap        ] GC(818) Eden regions: 1102->0(1120)
[3534.761s][info][gc,heap        ] GC(818) Survivor regions: 114->108(152)
[3534.761s][info][gc,heap        ] GC(818) Old regions: 535->472
[3534.761s][info][gc,heap        ] GC(818) Humongous regions: 80->80
[3534.761s][info][gc,metaspace   ] GC(818) Metaspace: 28895K(29248K)->28895K(29248K) NonClass: 24027K(24192K)->24027K(24192K) Class: 4868K(5056K)->4868K(5056K)
[3534.761s][info][gc             ] GC(818) Pause Young (Mixed) (G1 Evacuation Pause) 3658M->1317M(4096M) 134.652ms
[3534.761s][info][gc,cpu         ] GC(818) User=0.80s Sys=0.00s Real=0.13s
...[3537.720s][info][gc,start       ] GC(819) Pause Young (Concurrent Start) (G1 Evacuation Pause)
[3537.720s][info][gc,task        ] GC(819) Using 6 workers of 6 for evacuation
[3537.836s][info][gc,phases      ] GC(819)   Pre Evacuate Collection Set: 0.39ms
[3537.836s][info][gc,phases      ] GC(819)   Merge Heap Roots: 0.49ms
[3537.836s][info][gc,phases      ] GC(819)   Evacuate Collection Set: 114.31ms
[3537.836s][info][gc,phases      ] GC(819)   Post Evacuate Collection Set: 0.86ms
[3537.836s][info][gc,phases      ] GC(819)   Other: 0.12ms
[3537.836s][info][gc,heap        ] GC(819) Eden regions: 1120->0(1119)
[3537.836s][info][gc,heap        ] GC(819) Survivor regions: 108->109(154)
[3537.836s][info][gc,heap        ] GC(819) Old regions: 472->503
[3537.836s][info][gc,heap        ] GC(819) Humongous regions: 80->80
[3537.836s][info][gc,metaspace   ] GC(819) Metaspace: 28895K(29248K)->28895K(29248K) NonClass: 24027K(24192K)->24027K(24192K) Class: 4868K(5056K)->4868K(5056K)
[3537.836s][info][gc             ] GC(819) Pause Young (Concurrent Start) (G1 Evacuation Pause) 3557M->1382M(4096M) 116.296ms
[3537.836s][info][gc             ] GC(820) Concurrent Mark Cycle
[3537.836s][info][gc,marking     ] GC(820) Concurrent Scan Root Regions
[3537.836s][info][gc,cpu         ] GC(819) User=0.69s Sys=0.00s Real=0.12s
[3538.005s][info][gc,marking     ] GC(820) Concurrent Scan Root Regions 168.581ms
[3538.005s][info][gc,marking     ] GC(820) Concurrent Mark
[3538.005s][info][gc,marking     ] GC(820) Concurrent Mark From Roots
[3538.005s][info][gc,task        ] GC(820) Using 2 workers of 2 for marking
.[3538.897s][info][gc,marking     ] GC(820) Concurrent Mark From Roots 892.014ms
[3538.897s][info][gc,marking     ] GC(820) Concurrent Preclean
[3538.897s][info][gc,marking     ] GC(820) Concurrent Preclean 0.188ms
[3538.897s][info][gc,start       ] GC(820) Pause Remark
[3538.901s][info][gc             ] GC(820) Pause Remark 2235M->2235M(4096M) 3.393ms
[3538.901s][info][gc,cpu         ] GC(820) User=0.02s Sys=0.00s Real=0.00s
[3538.901s][info][gc,marking     ] GC(820) Concurrent Mark 896.671ms
[3538.901s][info][gc,marking     ] GC(820) Concurrent Rebuild Remembered Sets and Scrub Regions
[3539.195s][info][gc,marking     ] GC(820) Concurrent Rebuild Remembered Sets and Scrub Regions 293.614ms
[3539.195s][info][gc,start       ] GC(820) Pause Cleanup
[3539.195s][info][gc             ] GC(820) Pause Cleanup 2451M->2451M(4096M) 0.108ms
[3539.195s][info][gc,cpu         ] GC(820) User=0.00s Sys=0.00s Real=0.00s
[3539.195s][info][gc,marking     ] GC(820) Concurrent Clear Claimed Marks
[3539.195s][info][gc,marking     ] GC(820) Concurrent Clear Claimed Marks 0.027ms
[3539.195s][info][gc,marking     ] GC(820) Concurrent Cleanup for Next Mark
[3539.200s][info][gc,marking     ] GC(820) Concurrent Cleanup for Next Mark 4.826ms
[3539.200s][info][gc             ] GC(820) Concurrent Mark Cycle 1364.168ms
..[3540.754s][info][gc,start       ] GC(821) Pause Young (Prepare Mixed) (G1 Evacuation Pause)
[3540.754s][info][gc,task        ] GC(821) Using 6 workers of 6 for evacuation
[3540.873s][info][gc,phases      ] GC(821)   Pre Evacuate Collection Set: 0.33ms
[3540.873s][info][gc,phases      ] GC(821)   Merge Heap Roots: 0.52ms
[3540.873s][info][gc,phases      ] GC(821)   Evacuate Collection Set: 116.91ms
[3540.873s][info][gc,phases      ] GC(821)   Post Evacuate Collection Set: 0.92ms
[3540.873s][info][gc,phases      ] GC(821)   Other: 0.09ms
[3540.873s][info][gc,heap        ] GC(821) Eden regions: 1119->0(1108)
[3540.873s][info][gc,heap        ] GC(821) Survivor regions: 109->111(154)
[3540.873s][info][gc,heap        ] GC(821) Old regions: 503->535
[3540.873s][info][gc,heap        ] GC(821) Humongous regions: 80->80
[3540.873s][info][gc,metaspace   ] GC(821) Metaspace: 28895K(29248K)->28895K(29248K) NonClass: 24027K(24192K)->24027K(24192K) Class: 4868K(5056K)->4868K(5056K)
[3540.873s][info][gc             ] GC(821) Pause Young (Prepare Mixed) (G1 Evacuation Pause) 3620M->1449M(4096M) 118.896ms
[3540.873s][info][gc,cpu         ] GC(821) User=0.71s Sys=0.00s Real=0.12s
. (rIR:aIR:PR = 6088:6090:6090) (tPR = 90686) [OK] 
  3541s: Performance info:
         Transaction,    Success,    Partial,     Failed,   Receipts, AvgBarcode, 
             Overall,     370211,          0,          0,     351696,      59.47, 
         Response times:
             Request,    Success,    Partial,     Failed,   SkipFail,     Probes,    Samples,      min,      p50,      p90,      p95,      p99,      max, 
       TotalPurchase,     351694,          0,          0,          0,     344512,     411409,      300,     4900,    16100,    43000,    99000,   247000,
     InStorePurchase,     185051,          0,          0,          0,     181169,     216351,      300,     4900,    15900,    42000,   100000,   219000,
      OnlinePurchase,     129600,          0,          0,          0,     127305,     151831,      300,     5000,    16500,    43000,    98000,   247000,
        InstPurchase,      37043,          0,          0,          0,      36038,      43227,      400,     4700,    15500,    41000,    94000,   246000,
          AssocOfCat,        373,          0,          0,          0,        314,        451,    22000,    35000,    71000,    89000,   173920,   207000,
      AssocOfProduct,       3704,          0,          0,          0,       3431,       4288,      500,     5900,    18110,    45000,   109110,   158000,
      BusinessReport,        927,          0,          0,          0,        812,       1087,    23000,    37000,    65200,    91600,   173120,   205000,
          CustBuyBeh,       3694,          0,          0,          0,       3416,       4293,      200,     4700,    12460,    37000,    84060,   145000,
       ProductReturn,       9816,          0,          0,          0,       9360,      11442,      200,     5100,    16900,    43000,    93000,   173000,

  3541s: (45%)   IR =   6227 ..[3543.828s][info][gc,start       ] GC(822) Pause Young (Mixed) (G1 Evacuation Pause)
[3543.828s][info][gc,task        ] GC(822) Using 6 workers of 6 for evacuation
[3543.962s][info][gc,phases      ] GC(822)   Pre Evacuate Collection Set: 0.40ms
[3543.962s][info][gc,phases      ] GC(822)   Merge Heap Roots: 0.71ms
[3543.962s][info][gc,phases      ] GC(822)   Evacuate Collection Set: 131.62ms
[3543.962s][info][gc,phases      ] GC(822)   Post Evacuate Collection Set: 0.99ms
[3543.962s][info][gc,phases      ] GC(822)   Other: 0.09ms
[3543.962s][info][gc,heap        ] GC(822) Eden regions: 1108->0(1118)
[3543.962s][info][gc,heap        ] GC(822) Survivor regions: 111->110(153)
[3543.962s][info][gc,heap        ] GC(822) Old regions: 535->472
[3543.962s][info][gc,heap        ] GC(822) Humongous regions: 80->80
[3543.962s][info][gc,metaspace   ] GC(822) Metaspace: 28897K(29248K)->28897K(29248K) NonClass: 24029K(24192K)->24029K(24192K) Class: 4868K(5056K)->4868K(5056K)
[3543.962s][info][gc             ] GC(822) Pause Young (Mixed) (G1 Evacuation Pause) 3665M->1322M(4096M) 133.929ms
[3543.962s][info][gc,cpu         ] GC(822) User=0.80s Sys=0.00s Real=0.13s
...[3546.800s][info][gc,start       ] GC(823) Pause Young (Concurrent Start) (G1 Evacuation Pause)
[3546.800s][info][gc,task        ] GC(823) Using 6 workers of 6 for evacuation
[3546.919s][info][gc,phases      ] GC(823)   Pre Evacuate Collection Set: 0.35ms
[3546.919s][info][gc,phases      ] GC(823)   Merge Heap Roots: 0.45ms
[3546.919s][info][gc,phases      ] GC(823)   Evacuate Collection Set: 117.31ms
[3546.919s][info][gc,phases      ] GC(823)   Post Evacuate Collection Set: 0.95ms
[3546.919s][info][gc,phases      ] GC(823)   Other: 0.09ms
[3546.919s][info][gc,heap        ] GC(823) Eden regions: 1118->0(1118)
[3546.919s][info][gc,heap        ] GC(823) Survivor regions: 110->110(154)
[3546.919s][info][gc,heap        ] GC(823) Old regions: 472->504
[3546.919s][info][gc,heap        ] GC(823) Humongous regions: 80->80
[3546.919s][info][gc,metaspace   ] GC(823) Metaspace: 28897K(29248K)->28897K(29248K) NonClass: 24029K(24192K)->24029K(24192K) Class: 4868K(5056K)->4868K(5056K)
[3546.919s][info][gc             ] GC(823) Pause Young (Concurrent Start) (G1 Evacuation Pause) 3558M->1386M(4096M) 119.294ms
[3546.919s][info][gc             ] GC(824) Concurrent Mark Cycle
[3546.919s][info][gc,marking     ] GC(824) Concurrent Scan Root Regions
[3546.919s][info][gc,cpu         ] GC(823) User=0.71s Sys=0.00s Real=0.12s
[3547.048s][info][gc,marking     ] GC(824) Concurrent Scan Root Regions 129.353ms
[3547.048s][info][gc,marking     ] GC(824) Concurrent Mark
[3547.048s][info][gc,marking     ] GC(824) Concurrent Mark From Roots
[3547.048s][info][gc,task        ] GC(824) Using 2 workers of 2 for marking
.|[3547.707s][info][gc,marking     ] GC(824) Concurrent Mark From Roots 658.746ms
[3547.707s][info][gc,marking     ] GC(824) Concurrent Preclean
[3547.707s][info][gc,marking     ] GC(824) Concurrent Preclean 0.095ms
[3547.707s][info][gc,start       ] GC(824) Pause Remark
[3547.710s][info][gc             ] GC(824) Pause Remark 2009M->2009M(4096M) 2.960ms
[3547.710s][info][gc,cpu         ] GC(824) User=0.02s Sys=0.00s Real=0.00s
[3547.710s][info][gc,marking     ] GC(824) Concurrent Mark 662.057ms
[3547.710s][info][gc,marking     ] GC(824) Concurrent Rebuild Remembered Sets and Scrub Regions
[3548.006s][info][gc,marking     ] GC(824) Concurrent Rebuild Remembered Sets and Scrub Regions 295.750ms
[3548.006s][info][gc,start       ] GC(824) Pause Cleanup
[3548.006s][info][gc             ] GC(824) Pause Cleanup 2240M->2240M(4096M) 0.112ms
[3548.006s][info][gc,cpu         ] GC(824) User=0.00s Sys=0.00s Real=0.00s
[3548.007s][info][gc,marking     ] GC(824) Concurrent Clear Claimed Marks
[3548.007s][info][gc,marking     ] GC(824) Concurrent Clear Claimed Marks 0.032ms
[3548.007s][info][gc,marking     ] GC(824) Concurrent Cleanup for Next Mark
[3548.011s][info][gc,marking     ] GC(824) Concurrent Cleanup for Next Mark 4.745ms
[3548.011s][info][gc             ] GC(824) Concurrent Mark Cycle 1092.432ms
..[3549.819s][info][gc,start       ] GC(825) Pause Young (Prepare Mixed) (G1 Evacuation Pause)
[3549.819s][info][gc,task        ] GC(825) Using 6 workers of 6 for evacuation
[3549.935s][info][gc,phases      ] GC(825)   Pre Evacuate Collection Set: 0.35ms
[3549.935s][info][gc,phases      ] GC(825)   Merge Heap Roots: 0.48ms
[3549.935s][info][gc,phases      ] GC(825)   Evacuate Collection Set: 114.77ms
[3549.935s][info][gc,phases      ] GC(825)   Post Evacuate Collection Set: 0.91ms
[3549.935s][info][gc,phases      ] GC(825)   Other: 0.09ms
[3549.935s][info][gc,heap        ] GC(825) Eden regions: 1118->0(1111)
[3549.935s][info][gc,heap        ] GC(825) Survivor regions: 110->109(154)
[3549.935s][info][gc,heap        ] GC(825) Old regions: 504->536
[3549.935s][info][gc,heap        ] GC(825) Humongous regions: 80->80
[3549.935s][info][gc,metaspace   ] GC(825) Metaspace: 28897K(29248K)->28897K(29248K) NonClass: 24029K(24192K)->24029K(24192K) Class: 4868K(5056K)->4868K(5056K)
[3549.935s][info][gc             ] GC(825) Pause Young (Prepare Mixed) (G1 Evacuation Pause) 3622M->1447M(4096M) 116.721ms
[3549.935s][info][gc,cpu         ] GC(825) User=0.69s Sys=0.00s Real=0.12s
...[3552.809s][info][gc,start       ] GC(826) Pause Young (Mixed) (G1 Evacuation Pause)
[3552.809s][info][gc,task        ] GC(826) Using 6 workers of 6 for evacuation
[3552.942s][info][gc,phases      ] GC(826)   Pre Evacuate Collection Set: 0.35ms
[3552.942s][info][gc,phases      ] GC(826)   Merge Heap Roots: 0.69ms
[3552.942s][info][gc,phases      ] GC(826)   Evacuate Collection Set: 131.41ms
[3552.942s][info][gc,phases      ] GC(826)   Post Evacuate Collection Set: 0.95ms
[3552.942s][info][gc,phases      ] GC(826)   Other: 0.09ms
[3552.942s][info][gc,heap        ] GC(826) Eden regions: 1111->0(1118)
[3552.942s][info][gc,heap        ] GC(826) Survivor regions: 109->110(153)
[3552.942s][info][gc,heap        ] GC(826) Old regions: 536->473
[3552.942s][info][gc,heap        ] GC(826) Humongous regions: 80->80
[3552.942s][info][gc,metaspace   ] GC(826) Metaspace: 28897K(29248K)->28897K(29248K) NonClass: 24029K(24192K)->24029K(24192K) Class: 4868K(5056K)->4868K(5056K)
[3552.942s][info][gc             ] GC(826) Pause Young (Mixed) (G1 Evacuation Pause) 3669M->1322M(4096M) 133.642ms
[3552.942s][info][gc,cpu         ] GC(826) User=0.80s Sys=0.00s Real=0.13s
...[3555.845s][info][gc,start       ] GC(827) Pause Young (Concurrent Start) (G1 Evacuation Pause)
[3555.845s][info][gc,task        ] GC(827) Using 6 workers of 6 for evacuation
[3555.962s][info][gc,phases      ] GC(827)   Pre Evacuate Collection Set: 0.34ms
[3555.962s][info][gc,phases      ] GC(827)   Merge Heap Roots: 0.47ms
[3555.962s][info][gc,phases      ] GC(827)   Evacuate Collection Set: 114.65ms
[3555.962s][info][gc,phases      ] GC(827)   Post Evacuate Collection Set: 0.87ms
[3555.962s][info][gc,phases      ] GC(827)   Other: 0.11ms
[3555.962s][info][gc,heap        ] GC(827) Eden regions: 1118->0(1118)
[3555.962s][info][gc,heap        ] GC(827) Survivor regions: 110->110(154)
[3555.962s][info][gc,heap        ] GC(827) Old regions: 473->505
[3555.962s][info][gc,heap        ] GC(827) Humongous regions: 80->80
[3555.962s][info][gc,metaspace   ] GC(827) Metaspace: 28897K(29248K)->28897K(29248K) NonClass: 24029K(24192K)->24029K(24192K) Class: 4868K(5056K)->4868K(5056K)
[3555.962s][info][gc             ] GC(827) Pause Young (Concurrent Start) (G1 Evacuation Pause) 3558M->1386M(4096M) 116.564ms
[3555.962s][info][gc             ] GC(828) Concurrent Mark Cycle
[3555.962s][info][gc,marking     ] GC(828) Concurrent Scan Root Regions
[3555.962s][info][gc,cpu         ] GC(827) User=0.70s Sys=0.00s Real=0.11s
[3556.132s][info][gc,marking     ] GC(828) Concurrent Scan Root Regions 170.011ms
[3556.132s][info][gc,marking     ] GC(828) Concurrent Mark
[3556.132s][info][gc,marking     ] GC(828) Concurrent Mark From Roots
[3556.132s][info][gc,task        ] GC(828) Using 2 workers of 2 for marking
.[3557.142s][info][gc,marking     ] GC(828) Concurrent Mark From Roots 1010.035ms
[3557.142s][info][gc,marking     ] GC(828) Concurrent Preclean
[3557.142s][info][gc,marking     ] GC(828) Concurrent Preclean 0.140ms
[3557.143s][info][gc,start       ] GC(828) Pause Remark
[3557.146s][info][gc             ] GC(828) Pause Remark 2362M->2362M(4096M) 2.774ms
[3557.146s][info][gc,cpu         ] GC(828) User=0.02s Sys=0.00s Real=0.01s
[3557.146s][info][gc,marking     ] GC(828) Concurrent Mark 1013.987ms
[3557.146s][info][gc,marking     ] GC(828) Concurrent Rebuild Remembered Sets and Scrub Regions
[3557.409s][info][gc,marking     ] GC(828) Concurrent Rebuild Remembered Sets and Scrub Regions 263.208ms
[3557.409s][info][gc,start       ] GC(828) Pause Cleanup
[3557.409s][info][gc             ] GC(828) Pause Cleanup 2574M->2574M(4096M) 0.104ms
[3557.409s][info][gc,cpu         ] GC(828) User=0.00s Sys=0.00s Real=0.00s
[3557.411s][info][gc,marking     ] GC(828) Concurrent Clear Claimed Marks
[3557.411s][info][gc,marking     ] GC(828) Concurrent Clear Claimed Marks 0.045ms
[3557.411s][info][gc,marking     ] GC(828) Concurrent Cleanup for Next Mark
[3557.416s][info][gc,marking     ] GC(828) Concurrent Cleanup for Next Mark 4.743ms
[3557.416s][info][gc             ] GC(828) Concurrent Mark Cycle 1454.170ms
..[3558.827s][info][gc,start       ] GC(829) Pause Young (Prepare Mixed) (G1 Evacuation Pause)
[3558.827s][info][gc,task        ] GC(829) Using 6 workers of 6 for evacuation
[3558.942s][info][gc,phases      ] GC(829)   Pre Evacuate Collection Set: 0.36ms
[3558.942s][info][gc,phases      ] GC(829)   Merge Heap Roots: 0.52ms
[3558.942s][info][gc,phases      ] GC(829)   Evacuate Collection Set: 113.35ms
[3558.942s][info][gc,phases      ] GC(829)   Post Evacuate Collection Set: 0.94ms
[3558.942s][info][gc,phases      ] GC(829)   Other: 0.09ms
[3558.942s][info][gc,heap        ] GC(829) Eden regions: 1118->0(1111)
[3558.942s][info][gc,heap        ] GC(829) Survivor regions: 110->109(154)
[3558.942s][info][gc,heap        ] GC(829) Old regions: 505->536
[3558.942s][info][gc,heap        ] GC(829) Humongous regions: 80->80
[3558.942s][info][gc,metaspace   ] GC(829) Metaspace: 28897K(29248K)->28897K(29248K) NonClass: 24029K(24192K)->24029K(24192K) Class: 4868K(5056K)->4868K(5056K)
[3558.942s][info][gc             ] GC(829) Pause Young (Prepare Mixed) (G1 Evacuation Pause) 3622M->1447M(4096M) 115.394ms
[3558.942s][info][gc,cpu         ] GC(829) User=0.68s Sys=0.00s Real=0.11s
...[3561.834s][info][gc,start       ] GC(830) Pause Young (Mixed) (G1 Evacuation Pause)
[3561.834s][info][gc,task        ] GC(830) Using 6 workers of 6 for evacuation
[3561.972s][info][gc,phases      ] GC(830)   Pre Evacuate Collection Set: 0.39ms
[3561.972s][info][gc,phases      ] GC(830)   Merge Heap Roots: 0.71ms
[3561.972s][info][gc,phases      ] GC(830)   Evacuate Collection Set: 135.40ms
[3561.972s][info][gc,phases      ] GC(830)   Post Evacuate Collection Set: 0.85ms
[3561.972s][info][gc,phases      ] GC(830)   Other: 0.09ms
[3561.972s][info][gc,heap        ] GC(830) Eden regions: 1111->0(1117)
[3561.972s][info][gc,heap        ] GC(830) Survivor regions: 109->111(153)
[3561.972s][info][gc,heap        ] GC(830) Old regions: 536->472
[3561.972s][info][gc,heap        ] GC(830) Humongous regions: 80->80
[3561.972s][info][gc,metaspace   ] GC(830) Metaspace: 28897K(29248K)->28897K(29248K) NonClass: 24029K(24192K)->24029K(24192K) Class: 4868K(5056K)->4868K(5056K)
[3561.972s][info][gc             ] GC(830) Pause Young (Mixed) (G1 Evacuation Pause) 3669M->1324M(4096M) 137.567ms
[3561.972s][info][gc,cpu         ] GC(830) User=0.81s Sys=0.00s Real=0.14s
...[3564.780s][info][gc,start       ] GC(831) Pause Young (Concurrent Start) (G1 Evacuation Pause)
[3564.780s][info][gc,task        ] GC(831) Using 6 workers of 6 for evacuation
[3564.895s][info][gc,phases      ] GC(831)   Pre Evacuate Collection Set: 0.35ms
[3564.895s][info][gc,phases      ] GC(831)   Merge Heap Roots: 0.46ms
[3564.895s][info][gc,phases      ] GC(831)   Evacuate Collection Set: 112.93ms
[3564.895s][info][gc,phases      ] GC(831)   Post Evacuate Collection Set: 0.87ms
[3564.895s][info][gc,phases      ] GC(831)   Other: 0.10ms
[3564.895s][info][gc,heap        ] GC(831) Eden regions: 1117->0(1119)
[3564.895s][info][gc,heap        ] GC(831) Survivor regions: 111->109(154)
[3564.895s][info][gc,heap        ] GC(831) Old regions: 472->504
[3564.895s][info][gc,heap        ] GC(831) Humongous regions: 80->80
[3564.895s][info][gc,metaspace   ] GC(831) Metaspace: 28897K(29248K)->28897K(29248K) NonClass: 24029K(24192K)->24029K(24192K) Class: 4868K(5056K)->4868K(5056K)
[3564.895s][info][gc             ] GC(831) Pause Young (Concurrent Start) (G1 Evacuation Pause) 3558M->1382M(4096M) 114.851ms
[3564.895s][info][gc             ] GC(832) Concurrent Mark Cycle
[3564.895s][info][gc,marking     ] GC(832) Concurrent Scan Root Regions
[3564.895s][info][gc,cpu         ] GC(831) User=0.69s Sys=0.00s Real=0.12s
[3565.030s][info][gc,marking     ] GC(832) Concurrent Scan Root Regions 134.780ms
[3565.030s][info][gc,marking     ] GC(832) Concurrent Mark
[3565.030s][info][gc,marking     ] GC(832) Concurrent Mark From Roots
[3565.030s][info][gc,task        ] GC(832) Using 2 workers of 2 for marking
.[3565.697s][info][gc,marking     ] GC(832) Concurrent Mark From Roots 667.717ms
[3565.698s][info][gc,marking     ] GC(832) Concurrent Preclean
[3565.698s][info][gc,marking     ] GC(832) Concurrent Preclean 0.102ms
[3565.698s][info][gc,start       ] GC(832) Pause Remark
[3565.702s][info][gc             ] GC(832) Pause Remark 2012M->2012M(4096M) 3.439ms
[3565.702s][info][gc,cpu         ] GC(832) User=0.02s Sys=0.00s Real=0.00s
[3565.703s][info][gc,marking     ] GC(832) Concurrent Mark 672.984ms
[3565.703s][info][gc,marking     ] GC(832) Concurrent Rebuild Remembered Sets and Scrub Regions
[3566.001s][info][gc,marking     ] GC(832) Concurrent Rebuild Remembered Sets and Scrub Regions 298.443ms
[3566.001s][info][gc,start       ] GC(832) Pause Cleanup
[3566.001s][info][gc             ] GC(832) Pause Cleanup 2237M->2237M(4096M) 0.104ms
[3566.001s][info][gc,cpu         ] GC(832) User=0.00s Sys=0.00s Real=0.00s
[3566.001s][info][gc,marking     ] GC(832) Concurrent Clear Claimed Marks
[3566.001s][info][gc,marking     ] GC(832) Concurrent Clear Claimed Marks 0.021ms
[3566.001s][info][gc,marking     ] GC(832) Concurrent Cleanup for Next Mark
[3566.005s][info][gc,marking     ] GC(832) Concurrent Cleanup for Next Mark 3.195ms
[3566.005s][info][gc             ] GC(832) Concurrent Mark Cycle 1109.837ms
..[3567.824s][info][gc,start       ] GC(833) Pause Young (Prepare Mixed) (G1 Evacuation Pause)
[3567.824s][info][gc,task        ] GC(833) Using 6 workers of 6 for evacuation
[3567.941s][info][gc,phases      ] GC(833)   Pre Evacuate Collection Set: 0.32ms
[3567.941s][info][gc,phases      ] GC(833)   Merge Heap Roots: 0.50ms
[3567.941s][info][gc,phases      ] GC(833)   Evacuate Collection Set: 116.05ms
[3567.941s][info][gc,phases      ] GC(833)   Post Evacuate Collection Set: 0.91ms
[3567.941s][info][gc,phases      ] GC(833)   Other: 0.09ms
[3567.941s][info][gc,heap        ] GC(833) Eden regions: 1119->0(1109)
[3567.941s][info][gc,heap        ] GC(833) Survivor regions: 109->110(154)
[3567.941s][info][gc,heap        ] GC(833) Old regions: 504->536
[3567.941s][info][gc,heap        ] GC(833) Humongous regions: 80->80
[3567.941s][info][gc,metaspace   ] GC(833) Metaspace: 28897K(29248K)->28897K(29248K) NonClass: 24029K(24192K)->24029K(24192K) Class: 4868K(5056K)->4868K(5056K)
[3567.942s][info][gc             ] GC(833) Pause Young (Prepare Mixed) (G1 Evacuation Pause) 3620M->1449M(4096M) 118.006ms
[3567.942s][info][gc,cpu         ] GC(833) User=0.70s Sys=0.00s Real=0.12s
...[3570.839s][info][gc,start       ] GC(834) Pause Young (Mixed) (G1 Evacuation Pause)
[3570.839s][info][gc,task        ] GC(834) Using 6 workers of 6 for evacuation
[3570.974s][info][gc,phases      ] GC(834)   Pre Evacuate Collection Set: 0.41ms
[3570.974s][info][gc,phases      ] GC(834)   Merge Heap Roots: 0.68ms
[3570.974s][info][gc,phases      ] GC(834)   Evacuate Collection Set: 132.48ms
[3570.974s][info][gc,phases      ] GC(834)   Post Evacuate Collection Set: 0.96ms
[3570.974s][info][gc,phases      ] GC(834)   Other: 0.09ms
[3570.974s][info][gc,heap        ] GC(834) Eden regions: 1109->0(1118)
[3570.974s][info][gc,heap        ] GC(834) Survivor regions: 110->110(153)
[3570.974s][info][gc,heap        ] GC(834) Old regions: 536->474
[3570.974s][info][gc,heap        ] GC(834) Humongous regions: 80->80
[3570.974s][info][gc,metaspace   ] GC(834) Metaspace: 28897K(29248K)->28897K(29248K) NonClass: 24029K(24192K)->24029K(24192K) Class: 4868K(5056K)->4868K(5056K)
[3570.974s][info][gc             ] GC(834) Pause Young (Mixed) (G1 Evacuation Pause) 3667M->1325M(4096M) 134.754ms
[3570.974s][info][gc,cpu         ] GC(834) User=0.80s Sys=0.00s Real=0.13s
...[3573.822s][info][gc,start       ] GC(835) Pause Young (Concurrent Start) (G1 Evacuation Pause)
[3573.822s][info][gc,task        ] GC(835) Using 6 workers of 6 for evacuation
[3573.939s][info][gc,phases      ] GC(835)   Pre Evacuate Collection Set: 0.41ms
[3573.939s][info][gc,phases      ] GC(835)   Merge Heap Roots: 0.48ms
[3573.939s][info][gc,phases      ] GC(835)   Evacuate Collection Set: 114.84ms
[3573.939s][info][gc,phases      ] GC(835)   Post Evacuate Collection Set: 0.89ms
[3573.939s][info][gc,phases      ] GC(835)   Other: 0.13ms
[3573.939s][info][gc,heap        ] GC(835) Eden regions: 1118->0(1118)
[3573.939s][info][gc,heap        ] GC(835) Survivor regions: 110->110(154)
[3573.939s][info][gc,heap        ] GC(835) Old regions: 474->505
[3573.939s][info][gc,heap        ] GC(835) Humongous regions: 80->80
[3573.939s][info][gc,metaspace   ] GC(835) Metaspace: 28897K(29248K)->28897K(29248K) NonClass: 24029K(24192K)->24029K(24192K) Class: 4868K(5056K)->4868K(5056K)
[3573.939s][info][gc             ] GC(835) Pause Young (Concurrent Start) (G1 Evacuation Pause) 3561M->1388M(4096M) 116.900ms
[3573.939s][info][gc             ] GC(836) Concurrent Mark Cycle
[3573.939s][info][gc,marking     ] GC(836) Concurrent Scan Root Regions
[3573.939s][info][gc,cpu         ] GC(835) User=0.70s Sys=0.00s Real=0.12s
[3574.074s][info][gc,marking     ] GC(836) Concurrent Scan Root Regions 134.633ms
[3574.074s][info][gc,marking     ] GC(836) Concurrent Mark
[3574.074s][info][gc,marking     ] GC(836) Concurrent Mark From Roots
[3574.074s][info][gc,task        ] GC(836) Using 2 workers of 2 for marking
.[3574.745s][info][gc,marking     ] GC(836) Concurrent Mark From Roots 671.503ms
[3574.745s][info][gc,marking     ] GC(836) Concurrent Preclean
[3574.745s][info][gc,marking     ] GC(836) Concurrent Preclean 0.129ms
[3574.745s][info][gc,start       ] GC(836) Pause Remark
[3574.749s][info][gc             ] GC(836) Pause Remark 2031M->2031M(4096M) 3.349ms
[3574.749s][info][gc,cpu         ] GC(836) User=0.02s Sys=0.00s Real=0.00s
[3574.749s][info][gc,marking     ] GC(836) Concurrent Mark 675.266ms
[3574.749s][info][gc,marking     ] GC(836) Concurrent Rebuild Remembered Sets and Scrub Regions
[3575.070s][info][gc,marking     ] GC(836) Concurrent Rebuild Remembered Sets and Scrub Regions 320.740ms
[3575.070s][info][gc,start       ] GC(836) Pause Cleanup
[3575.070s][info][gc             ] GC(836) Pause Cleanup 2293M->2293M(4096M) 0.113ms
[3575.070s][info][gc,cpu         ] GC(836) User=0.00s Sys=0.00s Real=0.00s
[3575.071s][info][gc,marking     ] GC(836) Concurrent Clear Claimed Marks
[3575.071s][info][gc,marking     ] GC(836) Concurrent Clear Claimed Marks 0.038ms
[3575.071s][info][gc,marking     ] GC(836) Concurrent Cleanup for Next Mark
[3575.084s][info][gc,marking     ] GC(836) Concurrent Cleanup for Next Mark 12.799ms
[3575.084s][info][gc             ] GC(836) Concurrent Mark Cycle 1144.724ms
..[3576.856s][info][gc,start       ] GC(837) Pause Young (Prepare Mixed) (G1 Evacuation Pause)
[3576.856s][info][gc,task        ] GC(837) Using 6 workers of 6 for evacuation
[3576.976s][info][gc,phases      ] GC(837)   Pre Evacuate Collection Set: 0.32ms
[3576.976s][info][gc,phases      ] GC(837)   Merge Heap Roots: 0.56ms
[3576.976s][info][gc,phases      ] GC(837)   Evacuate Collection Set: 118.52ms
[3576.976s][info][gc,phases      ] GC(837)   Post Evacuate Collection Set: 0.91ms
[3576.976s][info][gc,phases      ] GC(837)   Other: 0.09ms
[3576.976s][info][gc,heap        ] GC(837) Eden regions: 1118->0(1104)
[3576.976s][info][gc,heap        ] GC(837) Survivor regions: 110->112(154)
[3576.976s][info][gc,heap        ] GC(837) Old regions: 505->537
[3576.976s][info][gc,heap        ] GC(837) Humongous regions: 80->80
[3576.976s][info][gc,metaspace   ] GC(837) Metaspace: 28897K(29248K)->28897K(29248K) NonClass: 24029K(24192K)->24029K(24192K) Class: 4868K(5056K)->4868K(5056K)
[3576.976s][info][gc             ] GC(837) Pause Young (Prepare Mixed) (G1 Evacuation Pause) 3624M->1455M(4096M) 120.525ms
[3576.976s][info][gc,cpu         ] GC(837) User=0.72s Sys=0.00s Real=0.12s
...[3579.780s][info][gc,start       ] GC(838) Pause Young (Mixed) (G1 Evacuation Pause)
[3579.780s][info][gc,task        ] GC(838) Using 6 workers of 6 for evacuation
[3579.919s][info][gc,phases      ] GC(838)   Pre Evacuate Collection Set: 0.39ms
[3579.919s][info][gc,phases      ] GC(838)   Merge Heap Roots: 0.72ms
[3579.919s][info][gc,phases      ] GC(838)   Evacuate Collection Set: 136.61ms
[3579.919s][info][gc,phases      ] GC(838)   Post Evacuate Collection Set: 0.97ms
[3579.919s][info][gc,phases      ] GC(838)   Other: 0.09ms
[3579.919s][info][gc,heap        ] GC(838) Eden regions: 1104->0(1116)
[3579.919s][info][gc,heap        ] GC(838) Survivor regions: 112->112(152)
[3579.919s][info][gc,heap        ] GC(838) Old regions: 537->472
[3579.919s][info][gc,heap        ] GC(838) Humongous regions: 80->80
[3579.919s][info][gc,metaspace   ] GC(838) Metaspace: 28897K(29248K)->28897K(29248K) NonClass: 24029K(24192K)->24029K(24192K) Class: 4868K(5056K)->4868K(5056K)
[3579.919s][info][gc             ] GC(838) Pause Young (Mixed) (G1 Evacuation Pause) 3663M->1324M(4096M) 138.921ms
[3579.919s][info][gc,cpu         ] GC(838) User=0.83s Sys=0.00s Real=0.14s
...[3582.868s][info][gc,start       ] GC(839) Pause Young (Concurrent Start) (G1 Evacuation Pause)
[3582.868s][info][gc,task        ] GC(839) Using 6 workers of 6 for evacuation
[3582.988s][info][gc,phases      ] GC(839)   Pre Evacuate Collection Set: 0.36ms
[3582.988s][info][gc,phases      ] GC(839)   Merge Heap Roots: 0.48ms
[3582.988s][info][gc,phases      ] GC(839)   Evacuate Collection Set: 117.73ms
[3582.988s][info][gc,phases      ] GC(839)   Post Evacuate Collection Set: 0.87ms
[3582.988s][info][gc,phases      ] GC(839)   Other: 0.10ms
[3582.988s][info][gc,heap        ] GC(839) Eden regions: 1116->0(1117)
[3582.988s][info][gc,heap        ] GC(839) Survivor regions: 112->111(154)
[3582.988s][info][gc,heap        ] GC(839) Old regions: 472->503
[3582.988s][info][gc,heap        ] GC(839) Humongous regions: 80->80
[3582.988s][info][gc,metaspace   ] GC(839) Metaspace: 28897K(29248K)->28897K(29248K) NonClass: 24029K(24192K)->24029K(24192K) Class: 4868K(5056K)->4868K(5056K)
[3582.988s][info][gc             ] GC(839) Pause Young (Concurrent Start) (G1 Evacuation Pause) 3556M->1386M(4096M) 119.691ms
[3582.988s][info][gc             ] GC(840) Concurrent Mark Cycle
[3582.988s][info][gc,marking     ] GC(840) Concurrent Scan Root Regions
[3582.988s][info][gc,cpu         ] GC(839) User=0.71s Sys=0.01s Real=0.12s
[3583.159s][info][gc,marking     ] GC(840) Concurrent Scan Root Regions 170.535ms
[3583.159s][info][gc,marking     ] GC(840) Concurrent Mark
[3583.159s][info][gc,marking     ] GC(840) Concurrent Mark From Roots
[3583.159s][info][gc,task        ] GC(840) Using 2 workers of 2 for marking
.[3584.037s][info][gc,marking     ] GC(840) Concurrent Mark From Roots 878.489ms
[3584.037s][info][gc,marking     ] GC(840) Concurrent Preclean
[3584.037s][info][gc,marking     ] GC(840) Concurrent Preclean 0.127ms
[3584.038s][info][gc,start       ] GC(840) Pause Remark
[3584.041s][info][gc             ] GC(840) Pause Remark 2277M->2277M(4096M) 2.859ms
[3584.041s][info][gc,cpu         ] GC(840) User=0.01s Sys=0.00s Real=0.00s
[3584.041s][info][gc,marking     ] GC(840) Concurrent Mark 882.290ms
[3584.041s][info][gc,marking     ] GC(840) Concurrent Rebuild Remembered Sets and Scrub Regions
[3584.347s][info][gc,marking     ] GC(840) Concurrent Rebuild Remembered Sets and Scrub Regions 306.357ms
[3584.348s][info][gc,start       ] GC(840) Pause Cleanup
[3584.348s][info][gc             ] GC(840) Pause Cleanup 2518M->2518M(4096M) 0.116ms
[3584.348s][info][gc,cpu         ] GC(840) User=0.00s Sys=0.00s Real=0.00s
[3584.348s][info][gc,marking     ] GC(840) Concurrent Clear Claimed Marks
[3584.348s][info][gc,marking     ] GC(840) Concurrent Clear Claimed Marks 0.028ms
[3584.348s][info][gc,marking     ] GC(840) Concurrent Cleanup for Next Mark
[3584.351s][info][gc,marking     ] GC(840) Concurrent Cleanup for Next Mark 3.745ms
[3584.352s][info][gc             ] GC(840) Concurrent Mark Cycle 1363.401ms
..[3585.816s][info][gc,start       ] GC(841) Pause Young (Prepare Mixed) (G1 Evacuation Pause)
[3585.816s][info][gc,task        ] GC(841) Using 6 workers of 6 for evacuation
[3585.935s][info][gc,phases      ] GC(841)   Pre Evacuate Collection Set: 0.31ms
[3585.935s][info][gc,phases      ] GC(841)   Merge Heap Roots: 0.57ms
[3585.935s][info][gc,phases      ] GC(841)   Evacuate Collection Set: 116.74ms
[3585.935s][info][gc,phases      ] GC(841)   Post Evacuate Collection Set: 0.92ms
[3585.935s][info][gc,phases      ] GC(841)   Other: 0.09ms
[3585.935s][info][gc,heap        ] GC(841) Eden regions: 1117->0(1106)
[3585.935s][info][gc,heap        ] GC(841) Survivor regions: 111->112(154)
[3585.935s][info][gc,heap        ] GC(841) Old regions: 503->535
[3585.935s][info][gc,heap        ] GC(841) Humongous regions: 80->80
[3585.935s][info][gc,metaspace   ] GC(841) Metaspace: 28897K(29248K)->28897K(29248K) NonClass: 24029K(24192K)->24029K(24192K) Class: 4868K(5056K)->4868K(5056K)
[3585.935s][info][gc             ] GC(841) Pause Young (Prepare Mixed) (G1 Evacuation Pause) 3620M->1450M(4096M) 118.781ms
[3585.935s][info][gc,cpu         ] GC(841) User=0.71s Sys=0.00s Real=0.12s
...[3588.790s][info][gc,start       ] GC(842) Pause Young (Mixed) (G1 Evacuation Pause)
[3588.790s][info][gc,task        ] GC(842) Using 6 workers of 6 for evacuation
[3588.924s][info][gc,phases      ] GC(842)   Pre Evacuate Collection Set: 0.34ms
[3588.924s][info][gc,phases      ] GC(842)   Merge Heap Roots: 0.67ms
[3588.924s][info][gc,phases      ] GC(842)   Evacuate Collection Set: 131.70ms
[3588.924s][info][gc,phases      ] GC(842)   Post Evacuate Collection Set: 0.95ms
[3588.924s][info][gc,phases      ] GC(842)   Other: 0.09ms
[3588.924s][info][gc,heap        ] GC(842) Eden regions: 1106->0(1120)
[3588.924s][info][gc,heap        ] GC(842) Survivor regions: 112->108(153)
[3588.924s][info][gc,heap        ] GC(842) Old regions: 535->474
[3588.924s][info][gc,heap        ] GC(842) Humongous regions: 80->80
[3588.924s][info][gc,metaspace   ] GC(842) Metaspace: 28897K(29248K)->28897K(29248K) NonClass: 24029K(24192K)->24029K(24192K) Class: 4868K(5056K)->4868K(5056K)
[3588.924s][info][gc             ] GC(842) Pause Young (Mixed) (G1 Evacuation Pause) 3662M->1321M(4096M) 133.896ms
[3588.924s][info][gc,cpu         ] GC(842) User=0.80s Sys=0.00s Real=0.13s
...[3591.800s][info][gc,start       ] GC(843) Pause Young (Concurrent Start) (G1 Evacuation Pause)
[3591.800s][info][gc,task        ] GC(843) Using 6 workers of 6 for evacuation
[3591.920s][info][gc,phases      ] GC(843)   Pre Evacuate Collection Set: 0.35ms
[3591.920s][info][gc,phases      ] GC(843)   Merge Heap Roots: 0.49ms
[3591.920s][info][gc,phases      ] GC(843)   Evacuate Collection Set: 117.57ms
[3591.920s][info][gc,phases      ] GC(843)   Post Evacuate Collection Set: 0.89ms
[3591.920s][info][gc,phases      ] GC(843)   Other: 0.10ms
[3591.920s][info][gc,heap        ] GC(843) Eden regions: 1120->0(1118)
[3591.920s][info][gc,heap        ] GC(843) Survivor regions: 108->110(154)
[3591.920s][info][gc,heap        ] GC(843) Old regions: 474->505
[3591.920s][info][gc,heap        ] GC(843) Humongous regions: 80->80
[3591.920s][info][gc,metaspace   ] GC(843) Metaspace: 28897K(29248K)->28897K(29248K) NonClass: 24029K(24192K)->24029K(24192K) Class: 4868K(5056K)->4868K(5056K)
[3591.920s][info][gc             ] GC(843) Pause Young (Concurrent Start) (G1 Evacuation Pause) 3561M->1388M(4096M) 119.535ms
[3591.920s][info][gc             ] GC(844) Concurrent Mark Cycle
[3591.920s][info][gc,marking     ] GC(844) Concurrent Scan Root Regions
[3591.920s][info][gc,cpu         ] GC(843) User=0.71s Sys=0.00s Real=0.12s
[3592.090s][info][gc,marking     ] GC(844) Concurrent Scan Root Regions 169.828ms
[3592.090s][info][gc,marking     ] GC(844) Concurrent Mark
[3592.090s][info][gc,marking     ] GC(844) Concurrent Mark From Roots
[3592.090s][info][gc,task        ] GC(844) Using 2 workers of 2 for marking
.[3593.119s][info][gc,marking     ] GC(844) Concurrent Mark From Roots 1029.588ms
[3593.119s][info][gc,marking     ] GC(844) Concurrent Preclean
[3593.120s][info][gc,marking     ] GC(844) Concurrent Preclean 0.154ms
[3593.120s][info][gc,start       ] GC(844) Pause Remark
[3593.123s][info][gc             ] GC(844) Pause Remark 2368M->2368M(4096M) 2.822ms
[3593.123s][info][gc,cpu         ] GC(844) User=0.01s Sys=0.00s Real=0.00s
[3593.123s][info][gc,marking     ] GC(844) Concurrent Mark 1033.006ms
[3593.123s][info][gc,marking     ] GC(844) Concurrent Rebuild Remembered Sets and Scrub Regions
[3593.490s][info][gc,marking     ] GC(844) Concurrent Rebuild Remembered Sets and Scrub Regions 367.733ms
[3593.491s][info][gc,start       ] GC(844) Pause Cleanup
[3593.491s][info][gc             ] GC(844) Pause Cleanup 2644M->2644M(4096M) 0.106ms
[3593.491s][info][gc,cpu         ] GC(844) User=0.00s Sys=0.00s Real=0.00s
[3593.491s][info][gc,marking     ] GC(844) Concurrent Clear Claimed Marks
[3593.491s][info][gc,marking     ] GC(844) Concurrent Clear Claimed Marks 0.025ms
[3593.491s][info][gc,marking     ] GC(844) Concurrent Cleanup for Next Mark
[3593.496s][info][gc,marking     ] GC(844) Concurrent Cleanup for Next Mark 5.052ms
[3593.496s][info][gc             ] GC(844) Concurrent Mark Cycle 1576.122ms
..[3594.883s][info][gc,start       ] GC(845) Pause Young (Prepare Mixed) (G1 Evacuation Pause)
[3594.883s][info][gc,task        ] GC(845) Using 6 workers of 6 for evacuation
[3595.010s][info][gc,phases      ] GC(845)   Pre Evacuate Collection Set: 0.31ms
[3595.010s][info][gc,phases      ] GC(845)   Merge Heap Roots: 0.52ms
[3595.010s][info][gc,phases      ] GC(845)   Evacuate Collection Set: 124.27ms
[3595.010s][info][gc,phases      ] GC(845)   Post Evacuate Collection Set: 0.94ms
[3595.010s][info][gc,phases      ] GC(845)   Other: 0.09ms
[3595.010s][info][gc,heap        ] GC(845) Eden regions: 1118->0(1093)
[3595.010s][info][gc,heap        ] GC(845) Survivor regions: 110->118(154)
[3595.010s][info][gc,heap        ] GC(845) Old regions: 505->536
[3595.010s][info][gc,heap        ] GC(845) Humongous regions: 80->80
[3595.010s][info][gc,metaspace   ] GC(845) Metaspace: 28897K(29248K)->28897K(29248K) NonClass: 24029K(24192K)->24029K(24192K) Class: 4868K(5056K)->4868K(5056K)
[3595.010s][info][gc             ] GC(845) Pause Young (Prepare Mixed) (G1 Evacuation Pause) 3624M->1465M(4096M) 126.253ms
[3595.010s][info][gc,cpu         ] GC(845) User=0.75s Sys=0.00s Real=0.13s
...[3597.821s][info][gc,start       ] GC(846) Pause Young (Mixed) (G1 Evacuation Pause)
[3597.821s][info][gc,task        ] GC(846) Using 6 workers of 6 for evacuation
[3597.959s][info][gc,phases      ] GC(846)   Pre Evacuate Collection Set: 0.38ms
[3597.959s][info][gc,phases      ] GC(846)   Merge Heap Roots: 0.76ms
[3597.959s][info][gc,phases      ] GC(846)   Evacuate Collection Set: 135.69ms
[3597.959s][info][gc,phases      ] GC(846)   Post Evacuate Collection Set: 0.93ms
[3597.959s][info][gc,phases      ] GC(846)   Other: 0.08ms
[3597.959s][info][gc,heap        ] GC(846) Eden regions: 1093->0(1119)
[3597.959s][info][gc,heap        ] GC(846) Survivor regions: 118->109(152)
[3597.959s][info][gc,heap        ] GC(846) Old regions: 536->473
[3597.959s][info][gc,heap        ] GC(846) Humongous regions: 80->80
[3597.959s][info][gc,metaspace   ] GC(846) Metaspace: 28897K(29248K)->28897K(29248K) NonClass: 24029K(24192K)->24029K(24192K) Class: 4868K(5056K)->4868K(5056K)
[3597.959s][info][gc             ] GC(846) Pause Young (Mixed) (G1 Evacuation Pause) 3651M->1321M(4096M) 137.960ms
[3597.959s][info][gc,cpu         ] GC(846) User=0.82s Sys=0.00s Real=0.14s
...[3600.789s][info][gc,start       ] GC(847) Pause Young (Concurrent Start) (G1 Evacuation Pause)
[3600.789s][info][gc,task        ] GC(847) Using 6 workers of 6 for evacuation
[3600.906s][info][gc,phases      ] GC(847)   Pre Evacuate Collection Set: 0.35ms
[3600.906s][info][gc,phases      ] GC(847)   Merge Heap Roots: 0.46ms
[3600.906s][info][gc,phases      ] GC(847)   Evacuate Collection Set: 115.20ms
[3600.906s][info][gc,phases      ] GC(847)   Post Evacuate Collection Set: 0.88ms
[3600.906s][info][gc,phases      ] GC(847)   Other: 0.11ms
[3600.906s][info][gc,heap        ] GC(847) Eden regions: 1119->0(1120)
[3600.906s][info][gc,heap        ] GC(847) Survivor regions: 109->108(154)
[3600.906s][info][gc,heap        ] GC(847) Old regions: 473->506
[3600.906s][info][gc,heap        ] GC(847) Humongous regions: 80->80
[3600.906s][info][gc,metaspace   ] GC(847) Metaspace: 28897K(29248K)->28897K(29248K) NonClass: 24029K(24192K)->24029K(24192K) Class: 4868K(5056K)->4868K(5056K)
[3600.906s][info][gc             ] GC(847) Pause Young (Concurrent Start) (G1 Evacuation Pause) 3559M->1385M(4096M) 117.145ms
[3600.906s][info][gc             ] GC(848) Concurrent Mark Cycle
[3600.906s][info][gc,marking     ] GC(848) Concurrent Scan Root Regions
[3600.906s][info][gc,cpu         ] GC(847) User=0.69s Sys=0.00s Real=0.12s
[3601.073s][info][gc,marking     ] GC(848) Concurrent Scan Root Regions 166.955ms
[3601.073s][info][gc,marking     ] GC(848) Concurrent Mark
[3601.073s][info][gc,marking     ] GC(848) Concurrent Mark From Roots
[3601.073s][info][gc,task        ] GC(848) Using 2 workers of 2 for marking
.[3602.103s][info][gc,marking     ] GC(848) Concurrent Mark From Roots 1030.574ms
[3602.103s][info][gc,marking     ] GC(848) Concurrent Preclean
[3602.104s][info][gc,marking     ] GC(848) Concurrent Preclean 0.166ms
[3602.104s][info][gc,start       ] GC(848) Pause Remark
[3602.107s][info][gc             ] GC(848) Pause Remark 2331M->2331M(4096M) 3.534ms
[3602.107s][info][gc,cpu         ] GC(848) User=0.02s Sys=0.00s Real=0.01s
[3602.108s][info][gc,marking     ] GC(848) Concurrent Mark 1034.904ms
[3602.108s][info][gc,marking     ] GC(848) Concurrent Rebuild Remembered Sets and Scrub Regions
[3602.494s][info][gc,marking     ] GC(848) Concurrent Rebuild Remembered Sets and Scrub Regions 386.481ms
[3602.494s][info][gc,start       ] GC(848) Pause Cleanup
[3602.494s][info][gc             ] GC(848) Pause Cleanup 2687M->2687M(4096M) 0.107ms
[3602.494s][info][gc,cpu         ] GC(848) User=0.00s Sys=0.00s Real=0.00s
[3602.494s][info][gc,marking     ] GC(848) Concurrent Clear Claimed Marks
[3602.494s][info][gc,marking     ] GC(848) Concurrent Clear Claimed Marks 0.022ms
[3602.494s][info][gc,marking     ] GC(848) Concurrent Cleanup for Next Mark
[3602.498s][info][gc,marking     ] GC(848) Concurrent Cleanup for Next Mark 3.694ms
[3602.498s][info][gc             ] GC(848) Concurrent Mark Cycle 1592.494ms
..[3603.801s][info][gc,start       ] GC(849) Pause Young (Prepare Mixed) (G1 Evacuation Pause)
[3603.801s][info][gc,task        ] GC(849) Using 6 workers of 6 for evacuation
[3603.919s][info][gc,phases      ] GC(849)   Pre Evacuate Collection Set: 0.29ms
[3603.919s][info][gc,phases      ] GC(849)   Merge Heap Roots: 0.54ms
[3603.919s][info][gc,phases      ] GC(849)   Evacuate Collection Set: 116.66ms
[3603.919s][info][gc,phases      ] GC(849)   Post Evacuate Collection Set: 0.92ms
[3603.919s][info][gc,phases      ] GC(849)   Other: 0.09ms
[3603.919s][info][gc,heap        ] GC(849) Eden regions: 1120->0(1106)
[3603.919s][info][gc,heap        ] GC(849) Survivor regions: 108->111(154)
[3603.919s][info][gc,heap        ] GC(849) Old regions: 506->537
[3603.919s][info][gc,heap        ] GC(849) Humongous regions: 80->80
[3603.919s][info][gc,metaspace   ] GC(849) Metaspace: 28897K(29248K)->28897K(29248K) NonClass: 24029K(24192K)->24029K(24192K) Class: 4868K(5056K)->4868K(5056K)
[3603.919s][info][gc             ] GC(849) Pause Young (Prepare Mixed) (G1 Evacuation Pause) 3625M->1454M(4096M) 118.628ms
[3603.919s][info][gc,cpu         ] GC(849) User=0.71s Sys=0.00s Real=0.12s
...[3606.796s][info][gc,start       ] GC(850) Pause Young (Mixed) (G1 Evacuation Pause)
[3606.796s][info][gc,task        ] GC(850) Using 6 workers of 6 for evacuation
[3606.929s][info][gc,phases      ] GC(850)   Pre Evacuate Collection Set: 0.38ms
[3606.929s][info][gc,phases      ] GC(850)   Merge Heap Roots: 0.69ms
[3606.929s][info][gc,phases      ] GC(850)   Evacuate Collection Set: 130.49ms
[3606.929s][info][gc,phases      ] GC(850)   Post Evacuate Collection Set: 0.95ms
[3606.929s][info][gc,phases      ] GC(850)   Other: 0.09ms
[3606.929s][info][gc,heap        ] GC(850) Eden regions: 1106->0(1118)
[3606.929s][info][gc,heap        ] GC(850) Survivor regions: 111->110(153)
[3606.929s][info][gc,heap        ] GC(850) Old regions: 537->475
[3606.929s][info][gc,heap        ] GC(850) Humongous regions: 80->80
[3606.929s][info][gc,metaspace   ] GC(850) Metaspace: 28897K(29248K)->28897K(29248K) NonClass: 24029K(24192K)->24029K(24192K) Class: 4868K(5056K)->4868K(5056K)
[3606.929s][info][gc             ] GC(850) Pause Young (Mixed) (G1 Evacuation Pause) 3666M->1328M(4096M) 132.746ms
[3606.929s][info][gc,cpu         ] GC(850) User=0.79s Sys=0.00s Real=0.13s
. (rIR:aIR:PR = 6227:6230:6230) (tPR = 92486) [OK] 
  3607s: Performance info:
         Transaction,    Success,    Partial,     Failed,   Receipts, AvgBarcode, 
             Overall,     375245,          0,          0,     356473,      59.47, 
         Response times:
             Request,    Success,    Partial,     Failed,   SkipFail,     Probes,    Samples,      min,      p50,      p90,      p95,      p99,      max, 
       TotalPurchase,     356491,          0,          0,          0,     351457,     385752,      200,     5100,    18200,    45000,    90000,   219000,
     InStorePurchase,     187631,          0,          0,          0,     185448,     203339,      300,     5400,    19400,    46000,    93000,   200000,
      OnlinePurchase,     131332,          0,          0,          0,     129366,     141842,      200,     4700,    16900,    43000,    89000,   219000,
        InstPurchase,      37528,          0,          0,          0,      36643,      40571,      400,     4700,    17600,    43000,    84000,   186000,
          AssocOfCat,        375,          0,          0,          0,        323,        434,    20000,    35000,    66500,    89000,   134950,   229000,
      AssocOfProduct,       3746,          0,          0,          0,       3489,       4083,      600,     5500,    19260,    44000,    87000,   180000,
      BusinessReport,        935,          0,          0,          0,        798,        979,    22000,    38000,    77000,   102000,   185000,   240000,
          CustBuyBeh,       3762,          0,          0,          0,       3476,       4057,      100,     3000,    15400,    38000,    83420,   168000,
       ProductReturn,       9955,          0,          0,          0,       9546,      10761,      300,     5000,    19080,    44000,    91760,   158000,

  3607s: (46%)   IR =   6365 ..[3609.782s][info][gc,start       ] GC(851) Pause Young (Concurrent Start) (G1 Evacuation Pause)
[3609.782s][info][gc,task        ] GC(851) Using 6 workers of 6 for evacuation
[3609.906s][info][gc,phases      ] GC(851)   Pre Evacuate Collection Set: 0.32ms
[3609.906s][info][gc,phases      ] GC(851)   Merge Heap Roots: 0.49ms
[3609.906s][info][gc,phases      ] GC(851)   Evacuate Collection Set: 122.39ms
[3609.906s][info][gc,phases      ] GC(851)   Post Evacuate Collection Set: 0.94ms
[3609.906s][info][gc,phases      ] GC(851)   Other: 0.10ms
[3609.906s][info][gc,heap        ] GC(851) Eden regions: 1118->0(1113)
[3609.906s][info][gc,heap        ] GC(851) Survivor regions: 110->115(154)
[3609.906s][info][gc,heap        ] GC(851) Old regions: 475->507
[3609.906s][info][gc,heap        ] GC(851) Humongous regions: 80->80
[3609.906s][info][gc,metaspace   ] GC(851) Metaspace: 28898K(29248K)->28898K(29248K) NonClass: 24030K(24192K)->24030K(24192K) Class: 4868K(5056K)->4868K(5056K)
[3609.906s][info][gc             ] GC(851) Pause Young (Concurrent Start) (G1 Evacuation Pause) 3564M->1401M(4096M) 124.372ms
[3609.906s][info][gc             ] GC(852) Concurrent Mark Cycle
[3609.906s][info][gc,marking     ] GC(852) Concurrent Scan Root Regions
[3609.906s][info][gc,cpu         ] GC(851) User=0.74s Sys=0.00s Real=0.13s
[3610.040s][info][gc,marking     ] GC(852) Concurrent Scan Root Regions 134.055ms
[3610.040s][info][gc,marking     ] GC(852) Concurrent Mark
[3610.040s][info][gc,marking     ] GC(852) Concurrent Mark From Roots
[3610.040s][info][gc,task        ] GC(852) Using 2 workers of 2 for marking
.[3610.724s][info][gc,marking     ] GC(852) Concurrent Mark From Roots 683.132ms
[3610.724s][info][gc,marking     ] GC(852) Concurrent Preclean
[3610.724s][info][gc,marking     ] GC(852) Concurrent Preclean 0.110ms
[3610.724s][info][gc,start       ] GC(852) Pause Remark
[3610.728s][info][gc             ] GC(852) Pause Remark 2094M->2094M(4096M) 3.697ms
[3610.728s][info][gc,cpu         ] GC(852) User=0.02s Sys=0.00s Real=0.01s
[3610.728s][info][gc,marking     ] GC(852) Concurrent Mark 687.281ms
[3610.728s][info][gc,marking     ] GC(852) Concurrent Rebuild Remembered Sets and Scrub Regions
[3611.036s][info][gc,marking     ] GC(852) Concurrent Rebuild Remembered Sets and Scrub Regions 308.506ms
[3611.036s][info][gc,start       ] GC(852) Pause Cleanup
[3611.037s][info][gc             ] GC(852) Pause Cleanup 2366M->2366M(4096M) 0.105ms
[3611.037s][info][gc,cpu         ] GC(852) User=0.00s Sys=0.00s Real=0.00s
[3611.037s][info][gc,marking     ] GC(852) Concurrent Clear Claimed Marks
[3611.037s][info][gc,marking     ] GC(852) Concurrent Clear Claimed Marks 0.022ms
[3611.037s][info][gc,marking     ] GC(852) Concurrent Cleanup for Next Mark
[3611.041s][info][gc,marking     ] GC(852) Concurrent Cleanup for Next Mark 4.336ms
[3611.041s][info][gc             ] GC(852) Concurrent Mark Cycle 1134.606ms
.|.[3612.734s][info][gc,start       ] GC(853) Pause Young (Prepare Mixed) (G1 Evacuation Pause)
[3612.735s][info][gc,task        ] GC(853) Using 6 workers of 6 for evacuation
[3612.856s][info][gc,phases      ] GC(853)   Pre Evacuate Collection Set: 0.32ms
[3612.856s][info][gc,phases      ] GC(853)   Merge Heap Roots: 0.52ms
[3612.856s][info][gc,phases      ] GC(853)   Evacuate Collection Set: 119.13ms
[3612.856s][info][gc,phases      ] GC(853)   Post Evacuate Collection Set: 1.00ms
[3612.856s][info][gc,phases      ] GC(853)   Other: 0.09ms
[3612.856s][info][gc,heap        ] GC(853) Eden regions: 1113->0(1103)
[3612.856s][info][gc,heap        ] GC(853) Survivor regions: 115->112(154)
[3612.856s][info][gc,heap        ] GC(853) Old regions: 507->538
[3612.856s][info][gc,heap        ] GC(853) Humongous regions: 80->80
[3612.856s][info][gc,metaspace   ] GC(853) Metaspace: 28898K(29248K)->28898K(29248K) NonClass: 24030K(24192K)->24030K(24192K) Class: 4868K(5056K)->4868K(5056K)
[3612.856s][info][gc             ] GC(853) Pause Young (Prepare Mixed) (G1 Evacuation Pause) 3627M->1458M(4096M) 121.184ms
[3612.856s][info][gc,cpu         ] GC(853) User=0.72s Sys=0.00s Real=0.13s
...[3615.676s][info][gc,start       ] GC(854) Pause Young (Mixed) (G1 Evacuation Pause)
[3615.676s][info][gc,task        ] GC(854) Using 6 workers of 6 for evacuation
[3615.810s][info][gc,phases      ] GC(854)   Pre Evacuate Collection Set: 0.35ms
[3615.810s][info][gc,phases      ] GC(854)   Merge Heap Roots: 0.74ms
[3615.810s][info][gc,phases      ] GC(854)   Evacuate Collection Set: 131.85ms
[3615.810s][info][gc,phases      ] GC(854)   Post Evacuate Collection Set: 0.92ms
[3615.810s][info][gc,phases      ] GC(854)   Other: 0.08ms
[3615.810s][info][gc,heap        ] GC(854) Eden regions: 1103->0(1118)
[3615.810s][info][gc,heap        ] GC(854) Survivor regions: 112->110(152)
[3615.810s][info][gc,heap        ] GC(854) Old regions: 538->472
[3615.810s][info][gc,heap        ] GC(854) Humongous regions: 80->80
[3615.810s][info][gc,metaspace   ] GC(854) Metaspace: 28898K(29248K)->28898K(29248K) NonClass: 24030K(24192K)->24030K(24192K) Class: 4868K(5056K)->4868K(5056K)
[3615.810s][info][gc             ] GC(854) Pause Young (Mixed) (G1 Evacuation Pause) 3664M->1321M(4096M) 134.064ms
[3615.810s][info][gc,cpu         ] GC(854) User=0.80s Sys=0.00s Real=0.13s
..[3618.588s][info][gc,start       ] GC(855) Pause Young (Concurrent Start) (G1 Evacuation Pause)
[3618.588s][info][gc,task        ] GC(855) Using 6 workers of 6 for evacuation
[3618.708s][info][gc,phases      ] GC(855)   Pre Evacuate Collection Set: 0.38ms
[3618.708s][info][gc,phases      ] GC(855)   Merge Heap Roots: 0.45ms
[3618.708s][info][gc,phases      ] GC(855)   Evacuate Collection Set: 118.11ms
[3618.708s][info][gc,phases      ] GC(855)   Post Evacuate Collection Set: 0.88ms
[3618.708s][info][gc,phases      ] GC(855)   Other: 0.09ms
[3618.708s][info][gc,heap        ] GC(855) Eden regions: 1118->0(1117)
[3618.708s][info][gc,heap        ] GC(855) Survivor regions: 110->111(154)
[3618.708s][info][gc,heap        ] GC(855) Old regions: 472->505
[3618.708s][info][gc,heap        ] GC(855) Humongous regions: 80->80
[3618.708s][info][gc,metaspace   ] GC(855) Metaspace: 28898K(29248K)->28898K(29248K) NonClass: 24030K(24192K)->24030K(24192K) Class: 4868K(5056K)->4868K(5056K)
[3618.708s][info][gc             ] GC(855) Pause Young (Concurrent Start) (G1 Evacuation Pause) 3557M->1389M(4096M) 120.052ms
[3618.708s][info][gc             ] GC(856) Concurrent Mark Cycle
[3618.708s][info][gc,marking     ] GC(856) Concurrent Scan Root Regions
[3618.708s][info][gc,cpu         ] GC(855) User=0.71s Sys=0.00s Real=0.12s
.[3618.876s][info][gc,marking     ] GC(856) Concurrent Scan Root Regions 168.692ms
[3618.876s][info][gc,marking     ] GC(856) Concurrent Mark
[3618.876s][info][gc,marking     ] GC(856) Concurrent Mark From Roots
[3618.877s][info][gc,task        ] GC(856) Using 2 workers of 2 for marking
.[3619.897s][info][gc,marking     ] GC(856) Concurrent Mark From Roots 1020.391ms
[3619.897s][info][gc,marking     ] GC(856) Concurrent Preclean
[3619.897s][info][gc,marking     ] GC(856) Concurrent Preclean 0.138ms
[3619.898s][info][gc,start       ] GC(856) Pause Remark
[3619.901s][info][gc             ] GC(856) Pause Remark 2365M->2365M(4096M) 3.104ms
[3619.901s][info][gc,cpu         ] GC(856) User=0.01s Sys=0.00s Real=0.00s
[3619.902s][info][gc,marking     ] GC(856) Concurrent Mark 1025.151ms
[3619.902s][info][gc,marking     ] GC(856) Concurrent Rebuild Remembered Sets and Scrub Regions
[3620.261s][info][gc,marking     ] GC(856) Concurrent Rebuild Remembered Sets and Scrub Regions 359.271ms
[3620.261s][info][gc,start       ] GC(856) Pause Cleanup
[3620.261s][info][gc             ] GC(856) Pause Cleanup 2680M->2680M(4096M) 0.106ms
[3620.261s][info][gc,cpu         ] GC(856) User=0.00s Sys=0.00s Real=0.00s
[3620.261s][info][gc,marking     ] GC(856) Concurrent Clear Claimed Marks
[3620.261s][info][gc,marking     ] GC(856) Concurrent Clear Claimed Marks 0.020ms
[3620.261s][info][gc,marking     ] GC(856) Concurrent Cleanup for Next Mark
[3620.266s][info][gc,marking     ] GC(856) Concurrent Cleanup for Next Mark 4.365ms
[3620.266s][info][gc             ] GC(856) Concurrent Mark Cycle 1557.946ms
.[3621.534s][info][gc,start       ] GC(857) Pause Young (Prepare Mixed) (G1 Evacuation Pause)
[3621.534s][info][gc,task        ] GC(857) Using 6 workers of 6 for evacuation
[3621.653s][info][gc,phases      ] GC(857)   Pre Evacuate Collection Set: 0.34ms
[3621.654s][info][gc,phases      ] GC(857)   Merge Heap Roots: 0.56ms
[3621.654s][info][gc,phases      ] GC(857)   Evacuate Collection Set: 117.76ms
[3621.654s][info][gc,phases      ] GC(857)   Post Evacuate Collection Set: 0.92ms
[3621.654s][info][gc,phases      ] GC(857)   Other: 0.09ms
[3621.654s][info][gc,heap        ] GC(857) Eden regions: 1117->0(1110)
[3621.654s][info][gc,heap        ] GC(857) Survivor regions: 111->109(154)
[3621.654s][info][gc,heap        ] GC(857) Old regions: 505->537
[3621.654s][info][gc,heap        ] GC(857) Humongous regions: 80->80
[3621.654s][info][gc,metaspace   ] GC(857) Metaspace: 28898K(29248K)->28898K(29248K) NonClass: 24030K(24192K)->24030K(24192K) Class: 4868K(5056K)->4868K(5056K)
[3621.654s][info][gc             ] GC(857) Pause Young (Prepare Mixed) (G1 Evacuation Pause) 3623M->1450M(4096M) 119.792ms
[3621.654s][info][gc,cpu         ] GC(857) User=0.71s Sys=0.00s Real=0.12s
...[3624.425s][info][gc,start       ] GC(858) Pause Young (Mixed) (G1 Evacuation Pause)
[3624.425s][info][gc,task        ] GC(858) Using 6 workers of 6 for evacuation
[3624.557s][info][gc,phases      ] GC(858)   Pre Evacuate Collection Set: 0.38ms
[3624.557s][info][gc,phases      ] GC(858)   Merge Heap Roots: 0.67ms
[3624.557s][info][gc,phases      ] GC(858)   Evacuate Collection Set: 129.67ms
[3624.557s][info][gc,phases      ] GC(858)   Post Evacuate Collection Set: 0.95ms
[3624.557s][info][gc,phases      ] GC(858)   Other: 0.09ms
[3624.557s][info][gc,heap        ] GC(858) Eden regions: 1110->0(1120)
[3624.557s][info][gc,heap        ] GC(858) Survivor regions: 109->108(153)
[3624.557s][info][gc,heap        ] GC(858) Old regions: 537->474
[3624.557s][info][gc,heap        ] GC(858) Humongous regions: 80->80
[3624.557s][info][gc,metaspace   ] GC(858) Metaspace: 28898K(29248K)->28898K(29248K) NonClass: 24030K(24192K)->24030K(24192K) Class: 4868K(5056K)->4868K(5056K)
[3624.557s][info][gc             ] GC(858) Pause Young (Mixed) (G1 Evacuation Pause) 3670M->1320M(4096M) 131.895ms
[3624.557s][info][gc,cpu         ] GC(858) User=0.78s Sys=0.00s Real=0.13s
...[3627.422s][info][gc,start       ] GC(859) Pause Young (Concurrent Start) (G1 Evacuation Pause)
[3627.422s][info][gc,task        ] GC(859) Using 6 workers of 6 for evacuation
[3627.539s][info][gc,phases      ] GC(859)   Pre Evacuate Collection Set: 0.39ms
[3627.539s][info][gc,phases      ] GC(859)   Merge Heap Roots: 0.47ms
[3627.539s][info][gc,phases      ] GC(859)   Evacuate Collection Set: 115.03ms
[3627.539s][info][gc,phases      ] GC(859)   Post Evacuate Collection Set: 0.88ms
[3627.539s][info][gc,phases      ] GC(859)   Other: 0.10ms
[3627.539s][info][gc,heap        ] GC(859) Eden regions: 1120->0(1120)
[3627.539s][info][gc,heap        ] GC(859) Survivor regions: 108->108(154)
[3627.539s][info][gc,heap        ] GC(859) Old regions: 474->506
[3627.539s][info][gc,heap        ] GC(859) Humongous regions: 80->80
[3627.539s][info][gc,metaspace   ] GC(859) Metaspace: 28898K(29248K)->28898K(29248K) NonClass: 24030K(24192K)->24030K(24192K) Class: 4868K(5056K)->4868K(5056K)
[3627.539s][info][gc             ] GC(859) Pause Young (Concurrent Start) (G1 Evacuation Pause) 3560M->1386M(4096M) 117.007ms
[3627.539s][info][gc             ] GC(860) Concurrent Mark Cycle
[3627.539s][info][gc,marking     ] GC(860) Concurrent Scan Root Regions
[3627.539s][info][gc,cpu         ] GC(859) User=0.70s Sys=0.00s Real=0.12s
[3627.707s][info][gc,marking     ] GC(860) Concurrent Scan Root Regions 167.700ms
[3627.707s][info][gc,marking     ] GC(860) Concurrent Mark
[3627.707s][info][gc,marking     ] GC(860) Concurrent Mark From Roots
[3627.707s][info][gc,task        ] GC(860) Using 2 workers of 2 for marking
.[3628.674s][info][gc,marking     ] GC(860) Concurrent Mark From Roots 967.489ms
[3628.674s][info][gc,marking     ] GC(860) Concurrent Preclean
[3628.674s][info][gc,marking     ] GC(860) Concurrent Preclean 0.118ms
[3628.675s][info][gc,start       ] GC(860) Pause Remark
[3628.679s][info][gc             ] GC(860) Pause Remark 2345M->2345M(4096M) 4.238ms
[3628.679s][info][gc,cpu         ] GC(860) User=0.03s Sys=0.00s Real=0.01s
[3628.679s][info][gc,marking     ] GC(860) Concurrent Mark 972.091ms
[3628.679s][info][gc,marking     ] GC(860) Concurrent Rebuild Remembered Sets and Scrub Regions
.[3628.930s][info][gc,marking     ] GC(860) Concurrent Rebuild Remembered Sets and Scrub Regions 250.630ms
[3628.930s][info][gc,start       ] GC(860) Pause Cleanup
[3628.930s][info][gc             ] GC(860) Pause Cleanup 2524M->2524M(4096M) 0.111ms
[3628.930s][info][gc,cpu         ] GC(860) User=0.00s Sys=0.00s Real=0.00s
[3628.930s][info][gc,marking     ] GC(860) Concurrent Clear Claimed Marks
[3628.930s][info][gc,marking     ] GC(860) Concurrent Clear Claimed Marks 0.033ms
[3628.930s][info][gc,marking     ] GC(860) Concurrent Cleanup for Next Mark
[3628.935s][info][gc,marking     ] GC(860) Concurrent Cleanup for Next Mark 5.320ms
[3628.935s][info][gc             ] GC(860) Concurrent Mark Cycle 1396.485ms
.[3630.331s][info][gc,start       ] GC(861) Pause Young (Prepare Mixed) (G1 Evacuation Pause)
[3630.331s][info][gc,task        ] GC(861) Using 6 workers of 6 for evacuation
[3630.446s][info][gc,phases      ] GC(861)   Pre Evacuate Collection Set: 0.32ms
[3630.446s][info][gc,phases      ] GC(861)   Merge Heap Roots: 0.49ms
[3630.446s][info][gc,phases      ] GC(861)   Evacuate Collection Set: 113.26ms
[3630.446s][info][gc,phases      ] GC(861)   Post Evacuate Collection Set: 0.95ms
[3630.446s][info][gc,phases      ] GC(861)   Other: 0.09ms
[3630.446s][info][gc,heap        ] GC(861) Eden regions: 1120->0(1110)
[3630.446s][info][gc,heap        ] GC(861) Survivor regions: 108->109(154)
[3630.446s][info][gc,heap        ] GC(861) Old regions: 506->537
[3630.446s][info][gc,heap        ] GC(861) Humongous regions: 80->80
[3630.446s][info][gc,metaspace   ] GC(861) Metaspace: 28898K(29248K)->28898K(29248K) NonClass: 24030K(24192K)->24030K(24192K) Class: 4868K(5056K)->4868K(5056K)
[3630.446s][info][gc             ] GC(861) Pause Young (Prepare Mixed) (G1 Evacuation Pause) 3626M->1448M(4096M) 115.233ms
[3630.446s][info][gc,cpu         ] GC(861) User=0.68s Sys=0.00s Real=0.12s
...[3633.246s][info][gc,start       ] GC(862) Pause Young (Mixed) (G1 Evacuation Pause)
[3633.246s][info][gc,task        ] GC(862) Using 6 workers of 6 for evacuation
[3633.378s][info][gc,phases      ] GC(862)   Pre Evacuate Collection Set: 0.36ms
[3633.378s][info][gc,phases      ] GC(862)   Merge Heap Roots: 0.74ms
[3633.378s][info][gc,phases      ] GC(862)   Evacuate Collection Set: 130.38ms
[3633.378s][info][gc,phases      ] GC(862)   Post Evacuate Collection Set: 0.93ms
[3633.378s][info][gc,phases      ] GC(862)   Other: 0.10ms
[3633.378s][info][gc,heap        ] GC(862) Eden regions: 1110->0(1121)
[3633.378s][info][gc,heap        ] GC(862) Survivor regions: 109->107(153)
[3633.378s][info][gc,heap        ] GC(862) Old regions: 537->472
[3633.378s][info][gc,heap        ] GC(862) Humongous regions: 80->80
[3633.378s][info][gc,metaspace   ] GC(862) Metaspace: 28898K(29248K)->28898K(29248K) NonClass: 24030K(24192K)->24030K(24192K) Class: 4868K(5056K)->4868K(5056K)
[3633.378s][info][gc             ] GC(862) Pause Young (Mixed) (G1 Evacuation Pause) 3668M->1314M(4096M) 132.653ms
[3633.378s][info][gc,cpu         ] GC(862) User=0.79s Sys=0.00s Real=0.13s
...[3636.255s][info][gc,start       ] GC(863) Pause Young (Concurrent Start) (G1 Evacuation Pause)
[3636.255s][info][gc,task        ] GC(863) Using 6 workers of 6 for evacuation
[3636.370s][info][gc,phases      ] GC(863)   Pre Evacuate Collection Set: 0.40ms
[3636.370s][info][gc,phases      ] GC(863)   Merge Heap Roots: 0.49ms
[3636.370s][info][gc,phases      ] GC(863)   Evacuate Collection Set: 113.21ms
[3636.370s][info][gc,phases      ] GC(863)   Post Evacuate Collection Set: 0.84ms
[3636.370s][info][gc,phases      ] GC(863)   Other: 0.11ms
[3636.370s][info][gc,heap        ] GC(863) Eden regions: 1121->0(1120)
[3636.370s][info][gc,heap        ] GC(863) Survivor regions: 107->108(154)
[3636.370s][info][gc,heap        ] GC(863) Old regions: 472->503
[3636.370s][info][gc,heap        ] GC(863) Humongous regions: 80->80
[3636.370s][info][gc,metaspace   ] GC(863) Metaspace: 28898K(29248K)->28898K(29248K) NonClass: 24030K(24192K)->24030K(24192K) Class: 4868K(5056K)->4868K(5056K)
[3636.370s][info][gc             ] GC(863) Pause Young (Concurrent Start) (G1 Evacuation Pause) 3556M->1379M(4096M) 115.205ms
[3636.370s][info][gc             ] GC(864) Concurrent Mark Cycle
[3636.370s][info][gc,marking     ] GC(864) Concurrent Scan Root Regions
[3636.370s][info][gc,cpu         ] GC(863) User=0.68s Sys=0.00s Real=0.12s
[3636.499s][info][gc,marking     ] GC(864) Concurrent Scan Root Regions 129.005ms
[3636.499s][info][gc,marking     ] GC(864) Concurrent Mark
[3636.499s][info][gc,marking     ] GC(864) Concurrent Mark From Roots
[3636.499s][info][gc,task        ] GC(864) Using 2 workers of 2 for marking
.[3637.188s][info][gc,marking     ] GC(864) Concurrent Mark From Roots 688.708ms
[3637.188s][info][gc,marking     ] GC(864) Concurrent Preclean
[3637.188s][info][gc,marking     ] GC(864) Concurrent Preclean 0.107ms
[3637.191s][info][gc,start       ] GC(864) Pause Remark
[3637.195s][info][gc             ] GC(864) Pause Remark 2061M->2061M(4096M) 3.189ms
[3637.195s][info][gc,cpu         ] GC(864) User=0.01s Sys=0.00s Real=0.00s
[3637.195s][info][gc,marking     ] GC(864) Concurrent Mark 695.846ms
[3637.195s][info][gc,marking     ] GC(864) Concurrent Rebuild Remembered Sets and Scrub Regions
[3637.493s][info][gc,marking     ] GC(864) Concurrent Rebuild Remembered Sets and Scrub Regions 298.419ms
[3637.494s][info][gc,start       ] GC(864) Pause Cleanup
[3637.494s][info][gc             ] GC(864) Pause Cleanup 2310M->2310M(4096M) 0.108ms
[3637.494s][info][gc,cpu         ] GC(864) User=0.00s Sys=0.00s Real=0.00s
[3637.494s][info][gc,marking     ] GC(864) Concurrent Clear Claimed Marks
[3637.494s][info][gc,marking     ] GC(864) Concurrent Clear Claimed Marks 0.028ms
[3637.494s][info][gc,marking     ] GC(864) Concurrent Cleanup for Next Mark
[3637.499s][info][gc,marking     ] GC(864) Concurrent Cleanup for Next Mark 4.773ms
[3637.499s][info][gc             ] GC(864) Concurrent Mark Cycle 1128.859ms
..[3639.205s][info][gc,start       ] GC(865) Pause Young (Prepare Mixed) (G1 Evacuation Pause)
[3639.205s][info][gc,task        ] GC(865) Using 6 workers of 6 for evacuation
[3639.320s][info][gc,phases      ] GC(865)   Pre Evacuate Collection Set: 0.31ms
[3639.320s][info][gc,phases      ] GC(865)   Merge Heap Roots: 0.53ms
[3639.320s][info][gc,phases      ] GC(865)   Evacuate Collection Set: 113.17ms
[3639.320s][info][gc,phases      ] GC(865)   Post Evacuate Collection Set: 0.92ms
[3639.320s][info][gc,phases      ] GC(865)   Other: 0.10ms
[3639.320s][info][gc,heap        ] GC(865) Eden regions: 1120->0(1114)
[3639.320s][info][gc,heap        ] GC(865) Survivor regions: 108->108(154)
[3639.320s][info][gc,heap        ] GC(865) Old regions: 503->535
[3639.320s][info][gc,heap        ] GC(865) Humongous regions: 80->80
[3639.320s][info][gc,metaspace   ] GC(865) Metaspace: 28898K(29248K)->28898K(29248K) NonClass: 24030K(24192K)->24030K(24192K) Class: 4868K(5056K)->4868K(5056K)
[3639.320s][info][gc             ] GC(865) Pause Young (Prepare Mixed) (G1 Evacuation Pause) 3619M->1444M(4096M) 115.188ms
[3639.320s][info][gc,cpu         ] GC(865) User=0.69s Sys=0.00s Real=0.12s
...[3642.062s][info][gc,start       ] GC(866) Pause Young (Mixed) (G1 Evacuation Pause)
[3642.063s][info][gc,task        ] GC(866) Using 6 workers of 6 for evacuation
[3642.197s][info][gc,phases      ] GC(866)   Pre Evacuate Collection Set: 0.37ms
[3642.197s][info][gc,phases      ] GC(866)   Merge Heap Roots: 0.69ms
[3642.197s][info][gc,phases      ] GC(866)   Evacuate Collection Set: 131.92ms
[3642.197s][info][gc,phases      ] GC(866)   Post Evacuate Collection Set: 1.06ms
[3642.197s][info][gc,phases      ] GC(866)   Other: 0.09ms
[3642.197s][info][gc,heap        ] GC(866) Eden regions: 1114->0(1120)
[3642.197s][info][gc,heap        ] GC(866) Survivor regions: 108->108(153)
[3642.197s][info][gc,heap        ] GC(866) Old regions: 535->472
[3642.197s][info][gc,heap        ] GC(866) Humongous regions: 80->80
[3642.197s][info][gc,metaspace   ] GC(866) Metaspace: 28898K(29248K)->28898K(29248K) NonClass: 24030K(24192K)->24030K(24192K) Class: 4868K(5056K)->4868K(5056K)
[3642.197s][info][gc             ] GC(866) Pause Young (Mixed) (G1 Evacuation Pause) 3672M->1317M(4096M) 134.271ms
[3642.197s][info][gc,cpu         ] GC(866) User=0.80s Sys=0.00s Real=0.14s
...[3645.081s][info][gc,start       ] GC(867) Pause Young (Concurrent Start) (G1 Evacuation Pause)
[3645.081s][info][gc,task        ] GC(867) Using 6 workers of 6 for evacuation
[3645.201s][info][gc,phases      ] GC(867)   Pre Evacuate Collection Set: 0.36ms
[3645.201s][info][gc,phases      ] GC(867)   Merge Heap Roots: 0.46ms
[3645.201s][info][gc,phases      ] GC(867)   Evacuate Collection Set: 118.95ms
[3645.201s][info][gc,phases      ] GC(867)   Post Evacuate Collection Set: 0.87ms
[3645.201s][info][gc,phases      ] GC(867)   Other: 0.10ms
[3645.201s][info][gc,heap        ] GC(867) Eden regions: 1120->0(1117)
[3645.201s][info][gc,heap        ] GC(867) Survivor regions: 108->111(154)
[3645.201s][info][gc,heap        ] GC(867) Old regions: 472->504
[3645.201s][info][gc,heap        ] GC(867) Humongous regions: 80->80
[3645.201s][info][gc,metaspace   ] GC(867) Metaspace: 28898K(29248K)->28898K(29248K) NonClass: 24030K(24192K)->24030K(24192K) Class: 4868K(5056K)->4868K(5056K)
[3645.201s][info][gc             ] GC(867) Pause Young (Concurrent Start) (G1 Evacuation Pause) 3557M->1387M(4096M) 120.867ms
[3645.201s][info][gc             ] GC(868) Concurrent Mark Cycle
[3645.201s][info][gc,marking     ] GC(868) Concurrent Scan Root Regions
[3645.201s][info][gc,cpu         ] GC(867) User=0.72s Sys=0.00s Real=0.12s
[3645.413s][info][gc,marking     ] GC(868) Concurrent Scan Root Regions 211.411ms
[3645.413s][info][gc,marking     ] GC(868) Concurrent Mark
[3645.413s][info][gc,marking     ] GC(868) Concurrent Mark From Roots
[3645.413s][info][gc,task        ] GC(868) Using 2 workers of 2 for marking
.[3646.245s][info][gc,marking     ] GC(868) Concurrent Mark From Roots 831.782ms
[3646.245s][info][gc,marking     ] GC(868) Concurrent Preclean
[3646.245s][info][gc,marking     ] GC(868) Concurrent Preclean 0.075ms
[3646.245s][info][gc,start       ] GC(868) Pause Remark
[3646.249s][info][gc             ] GC(868) Pause Remark 2245M->2245M(4096M) 3.874ms
[3646.249s][info][gc,cpu         ] GC(868) User=0.02s Sys=0.00s Real=0.00s
[3646.249s][info][gc,marking     ] GC(868) Concurrent Mark 835.984ms
[3646.249s][info][gc,marking     ] GC(868) Concurrent Rebuild Remembered Sets and Scrub Regions
[3646.553s][info][gc,marking     ] GC(868) Concurrent Rebuild Remembered Sets and Scrub Regions 304.570ms
[3646.554s][info][gc,start       ] GC(868) Pause Cleanup
[3646.554s][info][gc             ] GC(868) Pause Cleanup 2499M->2499M(4096M) 0.117ms
[3646.554s][info][gc,cpu         ] GC(868) User=0.00s Sys=0.00s Real=0.00s
[3646.555s][info][gc,marking     ] GC(868) Concurrent Clear Claimed Marks
[3646.555s][info][gc,marking     ] GC(868) Concurrent Clear Claimed Marks 0.040ms
[3646.555s][info][gc,marking     ] GC(868) Concurrent Cleanup for Next Mark
[3646.561s][info][gc,marking     ] GC(868) Concurrent Cleanup for Next Mark 6.295ms
[3646.562s][info][gc             ] GC(868) Concurrent Mark Cycle 1360.072ms
..[3648.028s][info][gc,start       ] GC(869) Pause Young (Prepare Mixed) (G1 Evacuation Pause)
[3648.028s][info][gc,task        ] GC(869) Using 6 workers of 6 for evacuation
[3648.146s][info][gc,phases      ] GC(869)   Pre Evacuate Collection Set: 0.31ms
[3648.146s][info][gc,phases      ] GC(869)   Merge Heap Roots: 0.51ms
[3648.146s][info][gc,phases      ] GC(869)   Evacuate Collection Set: 115.99ms
[3648.146s][info][gc,phases      ] GC(869)   Post Evacuate Collection Set: 0.92ms
[3648.146s][info][gc,phases      ] GC(869)   Other: 0.09ms
[3648.146s][info][gc,heap        ] GC(869) Eden regions: 1117->0(1112)
[3648.146s][info][gc,heap        ] GC(869) Survivor regions: 111->109(154)
[3648.146s][info][gc,heap        ] GC(869) Old regions: 504->535
[3648.146s][info][gc,heap        ] GC(869) Humongous regions: 80->80
[3648.146s][info][gc,metaspace   ] GC(869) Metaspace: 28898K(29248K)->28898K(29248K) NonClass: 24030K(24192K)->24030K(24192K) Class: 4868K(5056K)->4868K(5056K)
[3648.146s][info][gc             ] GC(869) Pause Young (Prepare Mixed) (G1 Evacuation Pause) 3621M->1445M(4096M) 117.944ms
[3648.146s][info][gc,cpu         ] GC(869) User=0.70s Sys=0.00s Real=0.12s
...[3650.972s][info][gc,start       ] GC(870) Pause Young (Mixed) (G1 Evacuation Pause)
[3650.972s][info][gc,task        ] GC(870) Using 6 workers of 6 for evacuation
[3651.113s][info][gc,phases      ] GC(870)   Pre Evacuate Collection Set: 0.34ms
[3651.113s][info][gc,phases      ] GC(870)   Merge Heap Roots: 0.76ms
[3651.113s][info][gc,phases      ] GC(870)   Evacuate Collection Set: 139.15ms
[3651.113s][info][gc,phases      ] GC(870)   Post Evacuate Collection Set: 0.92ms
[3651.113s][info][gc,phases      ] GC(870)   Other: 0.09ms
[3651.113s][info][gc,heap        ] GC(870) Eden regions: 1112->0(1115)
[3651.113s][info][gc,heap        ] GC(870) Survivor regions: 109->113(153)
[3651.113s][info][gc,heap        ] GC(870) Old regions: 535->473
[3651.113s][info][gc,heap        ] GC(870) Humongous regions: 80->80
[3651.113s][info][gc,metaspace   ] GC(870) Metaspace: 28898K(29248K)->28898K(29248K) NonClass: 24030K(24192K)->24030K(24192K) Class: 4868K(5056K)->4868K(5056K)
[3651.113s][info][gc             ] GC(870) Pause Young (Mixed) (G1 Evacuation Pause) 3669M->1328M(4096M) 141.388ms
[3651.113s][info][gc,cpu         ] GC(870) User=0.85s Sys=0.00s Real=0.14s
...[3653.908s][info][gc,start       ] GC(871) Pause Young (Concurrent Start) (G1 Evacuation Pause)
[3653.908s][info][gc,task        ] GC(871) Using 6 workers of 6 for evacuation
[3654.025s][info][gc,phases      ] GC(871)   Pre Evacuate Collection Set: 0.39ms
[3654.025s][info][gc,phases      ] GC(871)   Merge Heap Roots: 0.47ms
[3654.025s][info][gc,phases      ] GC(871)   Evacuate Collection Set: 115.35ms
[3654.025s][info][gc,phases      ] GC(871)   Post Evacuate Collection Set: 0.88ms
[3654.025s][info][gc,phases      ] GC(871)   Other: 0.12ms
[3654.025s][info][gc,heap        ] GC(871) Eden regions: 1115->0(1117)
[3654.025s][info][gc,heap        ] GC(871) Survivor regions: 113->111(154)
[3654.025s][info][gc,heap        ] GC(871) Old regions: 473->505
[3654.025s][info][gc,heap        ] GC(871) Humongous regions: 80->80
[3654.025s][info][gc,metaspace   ] GC(871) Metaspace: 28898K(29248K)->28898K(29248K) NonClass: 24030K(24192K)->24030K(24192K) Class: 4868K(5056K)->4868K(5056K)
[3654.025s][info][gc             ] GC(871) Pause Young (Concurrent Start) (G1 Evacuation Pause) 3558M->1388M(4096M) 117.356ms
[3654.025s][info][gc             ] GC(872) Concurrent Mark Cycle
[3654.026s][info][gc,marking     ] GC(872) Concurrent Scan Root Regions
[3654.026s][info][gc,cpu         ] GC(871) User=0.69s Sys=0.00s Real=0.12s
[3654.196s][info][gc,marking     ] GC(872) Concurrent Scan Root Regions 170.540ms
[3654.196s][info][gc,marking     ] GC(872) Concurrent Mark
[3654.196s][info][gc,marking     ] GC(872) Concurrent Mark From Roots
[3654.196s][info][gc,task        ] GC(872) Using 2 workers of 2 for marking
.[3655.066s][info][gc,marking     ] GC(872) Concurrent Mark From Roots 869.680ms
[3655.066s][info][gc,marking     ] GC(872) Concurrent Preclean
[3655.066s][info][gc,marking     ] GC(872) Concurrent Preclean 0.134ms
[3655.066s][info][gc,start       ] GC(872) Pause Remark
[3655.070s][info][gc             ] GC(872) Pause Remark 2260M->2260M(4096M) 3.820ms
[3655.070s][info][gc,cpu         ] GC(872) User=0.02s Sys=0.00s Real=0.00s
[3655.070s][info][gc,marking     ] GC(872) Concurrent Mark 873.872ms
[3655.070s][info][gc,marking     ] GC(872) Concurrent Rebuild Remembered Sets and Scrub Regions
[3655.322s][info][gc,marking     ] GC(872) Concurrent Rebuild Remembered Sets and Scrub Regions 251.960ms
[3655.322s][info][gc,start       ] GC(872) Pause Cleanup
[3655.322s][info][gc             ] GC(872) Pause Cleanup 2455M->2455M(4096M) 0.109ms
[3655.322s][info][gc,cpu         ] GC(872) User=0.00s Sys=0.00s Real=0.00s
[3655.323s][info][gc,marking     ] GC(872) Concurrent Clear Claimed Marks
[3655.323s][info][gc,marking     ] GC(872) Concurrent Clear Claimed Marks 0.030ms
[3655.323s][info][gc,marking     ] GC(872) Concurrent Cleanup for Next Mark
[3655.329s][info][gc,marking     ] GC(872) Concurrent Cleanup for Next Mark 5.043ms
[3655.329s][info][gc             ] GC(872) Concurrent Mark Cycle 1303.085ms
..[3656.870s][info][gc,start       ] GC(873) Pause Young (Prepare Mixed) (G1 Evacuation Pause)
[3656.870s][info][gc,task        ] GC(873) Using 6 workers of 6 for evacuation
[3656.987s][info][gc,phases      ] GC(873)   Pre Evacuate Collection Set: 0.32ms
[3656.987s][info][gc,phases      ] GC(873)   Merge Heap Roots: 0.49ms
[3656.987s][info][gc,phases      ] GC(873)   Evacuate Collection Set: 115.36ms
[3656.987s][info][gc,phases      ] GC(873)   Post Evacuate Collection Set: 0.92ms
[3656.987s][info][gc,phases      ] GC(873)   Other: 0.09ms
[3656.987s][info][gc,heap        ] GC(873) Eden regions: 1117->0(1108)
[3656.987s][info][gc,heap        ] GC(873) Survivor regions: 111->110(154)
[3656.987s][info][gc,heap        ] GC(873) Old regions: 505->537
[3656.987s][info][gc,heap        ] GC(873) Humongous regions: 80->80
[3656.987s][info][gc,metaspace   ] GC(873) Metaspace: 28898K(29248K)->28898K(29248K) NonClass: 24030K(24192K)->24030K(24192K) Class: 4868K(5056K)->4868K(5056K)
[3656.987s][info][gc             ] GC(873) Pause Young (Prepare Mixed) (G1 Evacuation Pause) 3622M->1452M(4096M) 117.306ms
[3656.987s][info][gc,cpu         ] GC(873) User=0.70s Sys=0.00s Real=0.12s
..[3659.771s][info][gc,start       ] GC(874) Pause Young (Mixed) (G1 Evacuation Pause)
[3659.771s][info][gc,task        ] GC(874) Using 6 workers of 6 for evacuation
[3659.912s][info][gc,phases      ] GC(874)   Pre Evacuate Collection Set: 0.34ms
[3659.912s][info][gc,phases      ] GC(874)   Merge Heap Roots: 0.76ms
[3659.912s][info][gc,phases      ] GC(874)   Evacuate Collection Set: 138.82ms
[3659.912s][info][gc,phases      ] GC(874)   Post Evacuate Collection Set: 0.97ms
[3659.912s][info][gc,phases      ] GC(874)   Other: 0.09ms
[3659.912s][info][gc,heap        ] GC(874) Eden regions: 1108->0(1118)
[3659.912s][info][gc,heap        ] GC(874) Survivor regions: 110->110(153)
[3659.912s][info][gc,heap        ] GC(874) Old regions: 537->473
[3659.912s][info][gc,heap        ] GC(874) Humongous regions: 80->80
[3659.912s][info][gc,metaspace   ] GC(874) Metaspace: 28898K(29248K)->28898K(29248K) NonClass: 24030K(24192K)->24030K(24192K) Class: 4868K(5056K)->4868K(5056K)
[3659.912s][info][gc             ] GC(874) Pause Young (Mixed) (G1 Evacuation Pause) 3668M->1323M(4096M) 141.114ms
[3659.912s][info][gc,cpu         ] GC(874) User=0.83s Sys=0.00s Real=0.14s
...[3662.695s][info][gc,start       ] GC(875) Pause Young (Concurrent Start) (G1 Evacuation Pause)
[3662.695s][info][gc,task        ] GC(875) Using 6 workers of 6 for evacuation
[3662.814s][info][gc,phases      ] GC(875)   Pre Evacuate Collection Set: 0.38ms
[3662.814s][info][gc,phases      ] GC(875)   Merge Heap Roots: 0.46ms
[3662.814s][info][gc,phases      ] GC(875)   Evacuate Collection Set: 117.12ms
[3662.814s][info][gc,phases      ] GC(875)   Post Evacuate Collection Set: 0.87ms
[3662.814s][info][gc,phases      ] GC(875)   Other: 0.11ms
[3662.814s][info][gc,heap        ] GC(875) Eden regions: 1118->0(1117)
[3662.814s][info][gc,heap        ] GC(875) Survivor regions: 110->111(154)
[3662.814s][info][gc,heap        ] GC(875) Old regions: 473->505
[3662.814s][info][gc,heap        ] GC(875) Humongous regions: 80->80
[3662.814s][info][gc,metaspace   ] GC(875) Metaspace: 28898K(29248K)->28898K(29248K) NonClass: 24030K(24192K)->24030K(24192K) Class: 4868K(5056K)->4868K(5056K)
[3662.814s][info][gc             ] GC(875) Pause Young (Concurrent Start) (G1 Evacuation Pause) 3559M->1389M(4096M) 119.061ms
[3662.814s][info][gc             ] GC(876) Concurrent Mark Cycle
[3662.814s][info][gc,marking     ] GC(876) Concurrent Scan Root Regions
[3662.814s][info][gc,cpu         ] GC(875) User=0.71s Sys=0.00s Real=0.11s
.[3662.987s][info][gc,marking     ] GC(876) Concurrent Scan Root Regions 172.806ms
[3662.987s][info][gc,marking     ] GC(876) Concurrent Mark
[3662.987s][info][gc,marking     ] GC(876) Concurrent Mark From Roots
[3662.987s][info][gc,task        ] GC(876) Using 2 workers of 2 for marking
[3663.895s][info][gc,marking     ] GC(876) Concurrent Mark From Roots 907.941ms
[3663.895s][info][gc,marking     ] GC(876) Concurrent Preclean
[3663.895s][info][gc,marking     ] GC(876) Concurrent Preclean 0.125ms
[3663.896s][info][gc,start       ] GC(876) Pause Remark
[3663.899s][info][gc             ] GC(876) Pause Remark 2271M->2271M(4096M) 3.393ms
[3663.899s][info][gc,cpu         ] GC(876) User=0.02s Sys=0.00s Real=0.00s
[3663.899s][info][gc,marking     ] GC(876) Concurrent Mark 912.386ms
[3663.899s][info][gc,marking     ] GC(876) Concurrent Rebuild Remembered Sets and Scrub Regions
.[3664.235s][info][gc,marking     ] GC(876) Concurrent Rebuild Remembered Sets and Scrub Regions 335.003ms
[3664.235s][info][gc,start       ] GC(876) Pause Cleanup
[3664.235s][info][gc             ] GC(876) Pause Cleanup 2568M->2568M(4096M) 0.116ms
[3664.235s][info][gc,cpu         ] GC(876) User=0.00s Sys=0.00s Real=0.01s
[3664.235s][info][gc,marking     ] GC(876) Concurrent Clear Claimed Marks
[3664.235s][info][gc,marking     ] GC(876) Concurrent Clear Claimed Marks 0.021ms
[3664.235s][info][gc,marking     ] GC(876) Concurrent Cleanup for Next Mark
[3664.238s][info][gc,marking     ] GC(876) Concurrent Cleanup for Next Mark 3.183ms
[3664.238s][info][gc             ] GC(876) Concurrent Mark Cycle 1423.789ms
.[3665.625s][info][gc,start       ] GC(877) Pause Young (Prepare Mixed) (G1 Evacuation Pause)
[3665.625s][info][gc,task        ] GC(877) Using 6 workers of 6 for evacuation
[3665.744s][info][gc,phases      ] GC(877)   Pre Evacuate Collection Set: 0.29ms
[3665.744s][info][gc,phases      ] GC(877)   Merge Heap Roots: 0.53ms
[3665.744s][info][gc,phases      ] GC(877)   Evacuate Collection Set: 117.82ms
[3665.744s][info][gc,phases      ] GC(877)   Post Evacuate Collection Set: 0.92ms
[3665.745s][info][gc,phases      ] GC(877)   Other: 0.09ms
[3665.745s][info][gc,heap        ] GC(877) Eden regions: 1117->0(1108)
[3665.745s][info][gc,heap        ] GC(877) Survivor regions: 111->110(154)
[3665.745s][info][gc,heap        ] GC(877) Old regions: 505->537
[3665.745s][info][gc,heap        ] GC(877) Humongous regions: 80->80
[3665.745s][info][gc,metaspace   ] GC(877) Metaspace: 28898K(29248K)->28898K(29248K) NonClass: 24030K(24192K)->24030K(24192K) Class: 4868K(5056K)->4868K(5056K)
[3665.745s][info][gc             ] GC(877) Pause Young (Prepare Mixed) (G1 Evacuation Pause) 3623M->1451M(4096M) 119.809ms
[3665.745s][info][gc,cpu         ] GC(877) User=0.71s Sys=0.00s Real=0.11s
...[3668.567s][info][gc,start       ] GC(878) Pause Young (Mixed) (G1 Evacuation Pause)
[3668.567s][info][gc,task        ] GC(878) Using 6 workers of 6 for evacuation
[3668.703s][info][gc,phases      ] GC(878)   Pre Evacuate Collection Set: 0.35ms
[3668.704s][info][gc,phases      ] GC(878)   Merge Heap Roots: 0.77ms
[3668.704s][info][gc,phases      ] GC(878)   Evacuate Collection Set: 133.94ms
[3668.704s][info][gc,phases      ] GC(878)   Post Evacuate Collection Set: 0.94ms
[3668.704s][info][gc,phases      ] GC(878)   Other: 0.09ms
[3668.704s][info][gc,heap        ] GC(878) Eden regions: 1108->0(1119)
[3668.704s][info][gc,heap        ] GC(878) Survivor regions: 110->109(153)
[3668.704s][info][gc,heap        ] GC(878) Old regions: 537->475
[3668.704s][info][gc,heap        ] GC(878) Humongous regions: 80->80
[3668.704s][info][gc,metaspace   ] GC(878) Metaspace: 28898K(29248K)->28898K(29248K) NonClass: 24030K(24192K)->24030K(24192K) Class: 4868K(5056K)->4868K(5056K)
[3668.704s][info][gc             ] GC(878) Pause Young (Mixed) (G1 Evacuation Pause) 3667M->1325M(4096M) 136.217ms
[3668.704s][info][gc,cpu         ] GC(878) User=0.81s Sys=0.00s Real=0.13s
...[3671.545s][info][gc,start       ] GC(879) Pause Young (Concurrent Start) (G1 Evacuation Pause)
[3671.545s][info][gc,task        ] GC(879) Using 6 workers of 6 for evacuation
[3671.661s][info][gc,phases      ] GC(879)   Pre Evacuate Collection Set: 0.41ms
[3671.661s][info][gc,phases      ] GC(879)   Merge Heap Roots: 0.48ms
[3671.661s][info][gc,phases      ] GC(879)   Evacuate Collection Set: 113.38ms
[3671.661s][info][gc,phases      ] GC(879)   Post Evacuate Collection Set: 0.87ms
[3671.661s][info][gc,phases      ] GC(879)   Other: 0.12ms
[3671.661s][info][gc,heap        ] GC(879) Eden regions: 1119->0(1119)
[3671.661s][info][gc,heap        ] GC(879) Survivor regions: 109->109(154)
[3671.661s][info][gc,heap        ] GC(879) Old regions: 475->507
[3671.661s][info][gc,heap        ] GC(879) Humongous regions: 80->80
[3671.661s][info][gc,metaspace   ] GC(879) Metaspace: 28898K(29248K)->28898K(29248K) NonClass: 24030K(24192K)->24030K(24192K) Class: 4868K(5056K)->4868K(5056K)
[3671.661s][info][gc             ] GC(879) Pause Young (Concurrent Start) (G1 Evacuation Pause) 3563M->1388M(4096M) 115.416ms
[3671.661s][info][gc             ] GC(880) Concurrent Mark Cycle
[3671.661s][info][gc,marking     ] GC(880) Concurrent Scan Root Regions
[3671.661s][info][gc,cpu         ] GC(879) User=0.69s Sys=0.00s Real=0.11s
[3671.835s][info][gc,marking     ] GC(880) Concurrent Scan Root Regions 173.861ms
[3671.835s][info][gc,marking     ] GC(880) Concurrent Mark
[3671.835s][info][gc,marking     ] GC(880) Concurrent Mark From Roots
[3671.835s][info][gc,task        ] GC(880) Using 2 workers of 2 for marking
. (rIR:aIR:PR = 6365:6358:6358) (tPR = 94572) [OK] 
  3671s: Performance info:
         Transaction,    Success,    Partial,     Failed,   Receipts, AvgBarcode, 
             Overall,     383549,          0,          0,     364334,      59.47, 
         Response times:
             Request,    Success,    Partial,     Failed,   SkipFail,     Probes,    Samples,      min,      p50,      p90,      p95,      p99,      max, 
       TotalPurchase,     364334,          0,          0,          0,     355904,     382411,      300,     5300,    19400,    42000,   101000,   228000,
     InStorePurchase,     191779,          0,          0,          0,     187289,     201300,      300,     5200,    19200,    42000,   100000,   228000,
      OnlinePurchase,     134214,          0,          0,          0,     131269,     140662,      300,     5400,    19600,    43000,   103000,   227000,
        InstPurchase,      38341,          0,          0,          0,      37346,      40449,      400,     5300,    19300,    43000,   100000,   203000,
          AssocOfCat,        384,          0,          0,          0,        305,        401,    20000,    36000,    65800,   102600,   180500,   228000,
      AssocOfProduct,       3847,          0,          0,          0,       3610,       4057,      400,     5100,    17720,    40000,   109000,   171000,
      BusinessReport,        960,          0,          0,          0,        849,       1043,    19300,    38000,    78000,   120800,   183000,   250000,
          CustBuyBeh,       3835,          0,          0,          0,       3540,       3919,      300,     4000,    17500,    36000,    90800,   149000,
       ProductReturn,      10189,          0,          0,          0,       9693,      10622,      200,     4800,    18800,    41000,    99000,   153000,

  3671s: (47%)   IR =   6503 [3672.854s][info][gc,marking     ] GC(880) Concurrent Mark From Roots 1018.972ms
[3672.854s][info][gc,marking     ] GC(880) Concurrent Preclean
[3672.854s][info][gc,marking     ] GC(880) Concurrent Preclean 0.095ms
[3672.854s][info][gc,start       ] GC(880) Pause Remark
[3672.857s][info][gc             ] GC(880) Pause Remark 2356M->2356M(4096M) 3.095ms
[3672.857s][info][gc,cpu         ] GC(880) User=0.02s Sys=0.00s Real=0.01s
[3672.857s][info][gc,marking     ] GC(880) Concurrent Mark 1022.419ms
[3672.857s][info][gc,marking     ] GC(880) Concurrent Rebuild Remembered Sets and Scrub Regions
.[3673.212s][info][gc,marking     ] GC(880) Concurrent Rebuild Remembered Sets and Scrub Regions 355.199ms
[3673.213s][info][gc,start       ] GC(880) Pause Cleanup
[3673.213s][info][gc             ] GC(880) Pause Cleanup 2636M->2636M(4096M) 0.122ms
[3673.214s][info][gc,cpu         ] GC(880) User=0.00s Sys=0.00s Real=0.00s
[3673.214s][info][gc,marking     ] GC(880) Concurrent Clear Claimed Marks
[3673.214s][info][gc,marking     ] GC(880) Concurrent Clear Claimed Marks 0.038ms
[3673.214s][info][gc,marking     ] GC(880) Concurrent Cleanup for Next Mark
[3673.218s][info][gc,marking     ] GC(880) Concurrent Cleanup for Next Mark 3.935ms
[3673.218s][info][gc             ] GC(880) Concurrent Mark Cycle 1557.125ms
.[3674.479s][info][gc,start       ] GC(881) Pause Young (Prepare Mixed) (G1 Evacuation Pause)
[3674.479s][info][gc,task        ] GC(881) Using 6 workers of 6 for evacuation
[3674.604s][info][gc,phases      ] GC(881)   Pre Evacuate Collection Set: 0.30ms
[3674.604s][info][gc,phases      ] GC(881)   Merge Heap Roots: 0.54ms
[3674.604s][info][gc,phases      ] GC(881)   Evacuate Collection Set: 122.63ms
[3674.604s][info][gc,phases      ] GC(881)   Post Evacuate Collection Set: 0.90ms
[3674.604s][info][gc,phases      ] GC(881)   Other: 0.09ms
[3674.604s][info][gc,heap        ] GC(881) Eden regions: 1119->0(1095)
[3674.604s][info][gc,heap        ] GC(881) Survivor regions: 109->116(154)
[3674.604s][info][gc,heap        ] GC(881) Old regions: 507->538
[3674.604s][info][gc,heap        ] GC(881) Humongous regions: 80->80
[3674.604s][info][gc,metaspace   ] GC(881) Metaspace: 28898K(29248K)->28898K(29248K) NonClass: 24030K(24192K)->24030K(24192K) Class: 4868K(5056K)->4868K(5056K)
[3674.604s][info][gc             ] GC(881) Pause Young (Prepare Mixed) (G1 Evacuation Pause) 3626M->1465M(4096M) 124.578ms
[3674.604s][info][gc,cpu         ] GC(881) User=0.74s Sys=0.00s Real=0.12s
..|.[3677.307s][info][gc,start       ] GC(882) Pause Young (Mixed) (G1 Evacuation Pause)
[3677.307s][info][gc,task        ] GC(882) Using 6 workers of 6 for evacuation
[3677.437s][info][gc,phases      ] GC(882)   Pre Evacuate Collection Set: 0.34ms
[3677.437s][info][gc,phases      ] GC(882)   Merge Heap Roots: 0.59ms
[3677.437s][info][gc,phases      ] GC(882)   Evacuate Collection Set: 128.37ms
[3677.437s][info][gc,phases      ] GC(882)   Post Evacuate Collection Set: 0.91ms
[3677.437s][info][gc,phases      ] GC(882)   Other: 0.09ms
[3677.437s][info][gc,heap        ] GC(882) Eden regions: 1095->0(1119)
[3677.437s][info][gc,heap        ] GC(882) Survivor regions: 116->109(152)
[3677.437s][info][gc,heap        ] GC(882) Old regions: 538->473
[3677.437s][info][gc,heap        ] GC(882) Humongous regions: 80->80
[3677.437s][info][gc,metaspace   ] GC(882) Metaspace: 28898K(29248K)->28898K(29248K) NonClass: 24030K(24192K)->24030K(24192K) Class: 4868K(5056K)->4868K(5056K)
[3677.437s][info][gc             ] GC(882) Pause Young (Mixed) (G1 Evacuation Pause) 3655M->1321M(4096M) 130.445ms
[3677.438s][info][gc,cpu         ] GC(882) User=0.77s Sys=0.00s Real=0.13s
...[3680.178s][info][gc,start       ] GC(883) Pause Young (Concurrent Start) (G1 Evacuation Pause)
[3680.178s][info][gc,task        ] GC(883) Using 6 workers of 6 for evacuation
[3680.291s][info][gc,phases      ] GC(883)   Pre Evacuate Collection Set: 0.33ms
[3680.291s][info][gc,phases      ] GC(883)   Merge Heap Roots: 0.45ms
[3680.291s][info][gc,phases      ] GC(883)   Evacuate Collection Set: 111.71ms
[3680.291s][info][gc,phases      ] GC(883)   Post Evacuate Collection Set: 0.91ms
[3680.291s][info][gc,phases      ] GC(883)   Other: 0.11ms
[3680.291s][info][gc,heap        ] GC(883) Eden regions: 1119->0(1121)
[3680.291s][info][gc,heap        ] GC(883) Survivor regions: 109->107(154)
[3680.291s][info][gc,heap        ] GC(883) Old regions: 473->505
[3680.291s][info][gc,heap        ] GC(883) Humongous regions: 80->80
[3680.291s][info][gc,metaspace   ] GC(883) Metaspace: 28898K(29248K)->28898K(29248K) NonClass: 24030K(24192K)->24030K(24192K) Class: 4868K(5056K)->4868K(5056K)
[3680.291s][info][gc             ] GC(883) Pause Young (Concurrent Start) (G1 Evacuation Pause) 3559M->1382M(4096M) 113.642ms
[3680.291s][info][gc             ] GC(884) Concurrent Mark Cycle
[3680.291s][info][gc,marking     ] GC(884) Concurrent Scan Root Regions
[3680.291s][info][gc,cpu         ] GC(883) User=0.67s Sys=0.00s Real=0.11s
[3680.459s][info][gc,marking     ] GC(884) Concurrent Scan Root Regions 167.488ms
[3680.459s][info][gc,marking     ] GC(884) Concurrent Mark
[3680.459s][info][gc,marking     ] GC(884) Concurrent Mark From Roots
[3680.459s][info][gc,task        ] GC(884) Using 2 workers of 2 for marking
.[3681.443s][info][gc,marking     ] GC(884) Concurrent Mark From Roots 984.294ms
[3681.443s][info][gc,marking     ] GC(884) Concurrent Preclean
[3681.444s][info][gc,marking     ] GC(884) Concurrent Preclean 0.146ms
[3681.444s][info][gc,start       ] GC(884) Pause Remark
[3681.448s][info][gc             ] GC(884) Pause Remark 2368M->2368M(4096M) 3.842ms
[3681.448s][info][gc,cpu         ] GC(884) User=0.02s Sys=0.00s Real=0.01s
[3681.448s][info][gc,marking     ] GC(884) Concurrent Mark 989.264ms
[3681.448s][info][gc,marking     ] GC(884) Concurrent Rebuild Remembered Sets and Scrub Regions
[3681.859s][info][gc,marking     ] GC(884) Concurrent Rebuild Remembered Sets and Scrub Regions 410.590ms
[3681.859s][info][gc,start       ] GC(884) Pause Cleanup
[3681.859s][info][gc             ] GC(884) Pause Cleanup 2653M->2653M(4096M) 0.115ms
[3681.859s][info][gc,cpu         ] GC(884) User=0.00s Sys=0.00s Real=0.00s
[3681.859s][info][gc,marking     ] GC(884) Concurrent Clear Claimed Marks
[3681.859s][info][gc,marking     ] GC(884) Concurrent Clear Claimed Marks 0.026ms
[3681.859s][info][gc,marking     ] GC(884) Concurrent Cleanup for Next Mark
[3681.863s][info][gc,marking     ] GC(884) Concurrent Cleanup for Next Mark 3.389ms
[3681.863s][info][gc             ] GC(884) Concurrent Mark Cycle 1571.207ms
.[3683.089s][info][gc,start       ] GC(885) Pause Young (Prepare Mixed) (G1 Evacuation Pause)
[3683.089s][info][gc,task        ] GC(885) Using 6 workers of 6 for evacuation
[3683.203s][info][gc,phases      ] GC(885)   Pre Evacuate Collection Set: 0.30ms
[3683.203s][info][gc,phases      ] GC(885)   Merge Heap Roots: 0.52ms
[3683.203s][info][gc,phases      ] GC(885)   Evacuate Collection Set: 111.85ms
[3683.203s][info][gc,phases      ] GC(885)   Post Evacuate Collection Set: 0.92ms
[3683.203s][info][gc,phases      ] GC(885)   Other: 0.09ms
[3683.203s][info][gc,heap        ] GC(885) Eden regions: 1121->0(1115)
[3683.203s][info][gc,heap        ] GC(885) Survivor regions: 107->107(154)
[3683.203s][info][gc,heap        ] GC(885) Old regions: 505->536
[3683.203s][info][gc,heap        ] GC(885) Humongous regions: 80->80
[3683.203s][info][gc,metaspace   ] GC(885) Metaspace: 28898K(29248K)->28898K(29248K) NonClass: 24030K(24192K)->24030K(24192K) Class: 4868K(5056K)->4868K(5056K)
[3683.203s][info][gc             ] GC(885) Pause Young (Prepare Mixed) (G1 Evacuation Pause) 3624M->1443M(4096M) 113.821ms
[3683.203s][info][gc,cpu         ] GC(885) User=0.68s Sys=0.00s Real=0.11s
...[3685.949s][info][gc,start       ] GC(886) Pause Young (Mixed) (G1 Evacuation Pause)
[3685.949s][info][gc,task        ] GC(886) Using 6 workers of 6 for evacuation
[3686.088s][info][gc,phases      ] GC(886)   Pre Evacuate Collection Set: 0.32ms
[3686.088s][info][gc,phases      ] GC(886)   Merge Heap Roots: 0.70ms
[3686.088s][info][gc,phases      ] GC(886)   Evacuate Collection Set: 136.54ms
[3686.088s][info][gc,phases      ] GC(886)   Post Evacuate Collection Set: 0.92ms
[3686.088s][info][gc,phases      ] GC(886)   Other: 0.09ms
[3686.088s][info][gc,heap        ] GC(886) Eden regions: 1115->0(1117)
[3686.088s][info][gc,heap        ] GC(886) Survivor regions: 107->111(153)
[3686.088s][info][gc,heap        ] GC(886) Old regions: 536->472
[3686.088s][info][gc,heap        ] GC(886) Humongous regions: 80->80
[3686.088s][info][gc,metaspace   ] GC(886) Metaspace: 28898K(29248K)->28898K(29248K) NonClass: 24030K(24192K)->24030K(24192K) Class: 4868K(5056K)->4868K(5056K)
[3686.088s][info][gc             ] GC(886) Pause Young (Mixed) (G1 Evacuation Pause) 3673M->1324M(4096M) 138.703ms
[3686.088s][info][gc,cpu         ] GC(886) User=0.83s Sys=0.00s Real=0.14s
...[3688.866s][info][gc,start       ] GC(887) Pause Young (Concurrent Start) (G1 Evacuation Pause)
[3688.866s][info][gc,task        ] GC(887) Using 6 workers of 6 for evacuation
[3688.991s][info][gc,phases      ] GC(887)   Pre Evacuate Collection Set: 0.37ms
[3688.991s][info][gc,phases      ] GC(887)   Merge Heap Roots: 0.47ms
[3688.991s][info][gc,phases      ] GC(887)   Evacuate Collection Set: 123.38ms
[3688.991s][info][gc,phases      ] GC(887)   Post Evacuate Collection Set: 0.86ms
[3688.991s][info][gc,phases      ] GC(887)   Other: 0.12ms
[3688.991s][info][gc,heap        ] GC(887) Eden regions: 1117->0(1112)
[3688.991s][info][gc,heap        ] GC(887) Survivor regions: 111->116(154)
[3688.991s][info][gc,heap        ] GC(887) Old regions: 472->504
[3688.991s][info][gc,heap        ] GC(887) Humongous regions: 80->80
[3688.991s][info][gc,metaspace   ] GC(887) Metaspace: 28898K(29248K)->28898K(29248K) NonClass: 24030K(24192K)->24030K(24192K) Class: 4868K(5056K)->4868K(5056K)
[3688.991s][info][gc             ] GC(887) Pause Young (Concurrent Start) (G1 Evacuation Pause) 3558M->1398M(4096M) 125.331ms
[3688.991s][info][gc             ] GC(888) Concurrent Mark Cycle
[3688.991s][info][gc,marking     ] GC(888) Concurrent Scan Root Regions
[3688.991s][info][gc,cpu         ] GC(887) User=0.75s Sys=0.00s Real=0.12s
[3689.171s][info][gc,marking     ] GC(888) Concurrent Scan Root Regions 179.511ms
[3689.171s][info][gc,marking     ] GC(888) Concurrent Mark
[3689.171s][info][gc,marking     ] GC(888) Concurrent Mark From Roots
[3689.171s][info][gc,task        ] GC(888) Using 2 workers of 2 for marking
.[3690.094s][info][gc,marking     ] GC(888) Concurrent Mark From Roots 923.067ms
[3690.094s][info][gc,marking     ] GC(888) Concurrent Preclean
[3690.094s][info][gc,marking     ] GC(888) Concurrent Preclean 0.108ms
[3690.094s][info][gc,start       ] GC(888) Pause Remark
[3690.097s][info][gc             ] GC(888) Pause Remark 2346M->2346M(4096M) 2.988ms
[3690.097s][info][gc,cpu         ] GC(888) User=0.01s Sys=0.00s Real=0.01s
[3690.097s][info][gc,marking     ] GC(888) Concurrent Mark 926.412ms
[3690.097s][info][gc,marking     ] GC(888) Concurrent Rebuild Remembered Sets and Scrub Regions
[3690.343s][info][gc,marking     ] GC(888) Concurrent Rebuild Remembered Sets and Scrub Regions 245.875ms
[3690.343s][info][gc,start       ] GC(888) Pause Cleanup
[3690.343s][info][gc             ] GC(888) Pause Cleanup 2525M->2525M(4096M) 0.104ms
[3690.343s][info][gc,cpu         ] GC(888) User=0.00s Sys=0.00s Real=0.00s
[3690.343s][info][gc,marking     ] GC(888) Concurrent Clear Claimed Marks
[3690.343s][info][gc,marking     ] GC(888) Concurrent Clear Claimed Marks 0.022ms
[3690.343s][info][gc,marking     ] GC(888) Concurrent Cleanup for Next Mark
[3690.348s][info][gc,marking     ] GC(888) Concurrent Cleanup for Next Mark 4.356ms
[3690.348s][info][gc             ] GC(888) Concurrent Mark Cycle 1356.596ms
..[3691.714s][info][gc,start       ] GC(889) Pause Young (Prepare Mixed) (G1 Evacuation Pause)
[3691.714s][info][gc,task        ] GC(889) Using 6 workers of 6 for evacuation
[3691.831s][info][gc,phases      ] GC(889)   Pre Evacuate Collection Set: 0.32ms
[3691.831s][info][gc,phases      ] GC(889)   Merge Heap Roots: 0.52ms
[3691.831s][info][gc,phases      ] GC(889)   Evacuate Collection Set: 114.98ms
[3691.831s][info][gc,phases      ] GC(889)   Post Evacuate Collection Set: 0.92ms
[3691.831s][info][gc,phases      ] GC(889)   Other: 0.09ms
[3691.831s][info][gc,heap        ] GC(889) Eden regions: 1112->0(1109)
[3691.831s][info][gc,heap        ] GC(889) Survivor regions: 116->110(154)
[3691.831s][info][gc,heap        ] GC(889) Old regions: 504->536
[3691.831s][info][gc,heap        ] GC(889) Humongous regions: 80->80
[3691.831s][info][gc,metaspace   ] GC(889) Metaspace: 28898K(29248K)->28898K(29248K) NonClass: 24030K(24192K)->24030K(24192K) Class: 4868K(5056K)->4868K(5056K)
[3691.831s][info][gc             ] GC(889) Pause Young (Prepare Mixed) (G1 Evacuation Pause) 3622M->1448M(4096M) 116.952ms
[3691.831s][info][gc,cpu         ] GC(889) User=0.69s Sys=0.00s Real=0.12s
...[3694.542s][info][gc,start       ] GC(890) Pause Young (Mixed) (G1 Evacuation Pause)
[3694.542s][info][gc,task        ] GC(890) Using 6 workers of 6 for evacuation
[3694.675s][info][gc,phases      ] GC(890)   Pre Evacuate Collection Set: 0.40ms
[3694.675s][info][gc,phases      ] GC(890)   Merge Heap Roots: 0.65ms
[3694.675s][info][gc,phases      ] GC(890)   Evacuate Collection Set: 131.01ms
[3694.675s][info][gc,phases      ] GC(890)   Post Evacuate Collection Set: 0.96ms
[3694.675s][info][gc,phases      ] GC(890)   Other: 0.09ms
[3694.675s][info][gc,heap        ] GC(890) Eden regions: 1109->0(1120)
[3694.675s][info][gc,heap        ] GC(890) Survivor regions: 110->108(153)
[3694.675s][info][gc,heap        ] GC(890) Old regions: 536->473
[3694.675s][info][gc,heap        ] GC(890) Humongous regions: 80->80
[3694.675s][info][gc,metaspace   ] GC(890) Metaspace: 28898K(29248K)->28898K(29248K) NonClass: 24030K(24192K)->24030K(24192K) Class: 4868K(5056K)->4868K(5056K)
[3694.675s][info][gc             ] GC(890) Pause Young (Mixed) (G1 Evacuation Pause) 3666M->1318M(4096M) 133.238ms
[3694.675s][info][gc,cpu         ] GC(890) User=0.79s Sys=0.00s Real=0.14s
...[3697.445s][info][gc,start       ] GC(891) Pause Young (Concurrent Start) (G1 Evacuation Pause)
[3697.445s][info][gc,task        ] GC(891) Using 6 workers of 6 for evacuation
[3697.564s][info][gc,phases      ] GC(891)   Pre Evacuate Collection Set: 0.34ms
[3697.564s][info][gc,phases      ] GC(891)   Merge Heap Roots: 0.45ms
[3697.564s][info][gc,phases      ] GC(891)   Evacuate Collection Set: 117.18ms
[3697.564s][info][gc,phases      ] GC(891)   Post Evacuate Collection Set: 0.86ms
[3697.564s][info][gc,phases      ] GC(891)   Other: 0.10ms
[3697.564s][info][gc,heap        ] GC(891) Eden regions: 1120->0(1119)
[3697.564s][info][gc,heap        ] GC(891) Survivor regions: 108->109(154)
[3697.564s][info][gc,heap        ] GC(891) Old regions: 473->504
[3697.564s][info][gc,heap        ] GC(891) Humongous regions: 80->80
[3697.564s][info][gc,metaspace   ] GC(891) Metaspace: 28900K(29248K)->28900K(29248K) NonClass: 24032K(24192K)->24032K(24192K) Class: 4868K(5056K)->4868K(5056K)
[3697.564s][info][gc             ] GC(891) Pause Young (Concurrent Start) (G1 Evacuation Pause) 3558M->1384M(4096M) 119.055ms
[3697.564s][info][gc             ] GC(892) Concurrent Mark Cycle
[3697.564s][info][gc,marking     ] GC(892) Concurrent Scan Root Regions
[3697.564s][info][gc,cpu         ] GC(891) User=0.70s Sys=0.00s Real=0.12s
[3697.730s][info][gc,marking     ] GC(892) Concurrent Scan Root Regions 166.446ms
[3697.730s][info][gc,marking     ] GC(892) Concurrent Mark
[3697.730s][info][gc,marking     ] GC(892) Concurrent Mark From Roots
[3697.730s][info][gc,task        ] GC(892) Using 2 workers of 2 for marking
.[3698.596s][info][gc,marking     ] GC(892) Concurrent Mark From Roots 865.559ms
[3698.596s][info][gc,marking     ] GC(892) Concurrent Preclean
[3698.596s][info][gc,marking     ] GC(892) Concurrent Preclean 0.093ms
[3698.596s][info][gc,start       ] GC(892) Pause Remark
[3698.599s][info][gc             ] GC(892) Pause Remark 2274M->2274M(4096M) 3.318ms
[3698.599s][info][gc,cpu         ] GC(892) User=0.02s Sys=0.00s Real=0.00s
[3698.599s][info][gc,marking     ] GC(892) Concurrent Mark 869.183ms
[3698.599s][info][gc,marking     ] GC(892) Concurrent Rebuild Remembered Sets and Scrub Regions
[3698.940s][info][gc,marking     ] GC(892) Concurrent Rebuild Remembered Sets and Scrub Regions 340.173ms
[3698.940s][info][gc,start       ] GC(892) Pause Cleanup
[3698.940s][info][gc             ] GC(892) Pause Cleanup 2525M->2525M(4096M) 0.110ms
[3698.940s][info][gc,cpu         ] GC(892) User=0.00s Sys=0.00s Real=0.00s
[3698.940s][info][gc,marking     ] GC(892) Concurrent Clear Claimed Marks
[3698.940s][info][gc,marking     ] GC(892) Concurrent Clear Claimed Marks 0.027ms
[3698.940s][info][gc,marking     ] GC(892) Concurrent Cleanup for Next Mark
[3698.944s][info][gc,marking     ] GC(892) Concurrent Cleanup for Next Mark 3.751ms
[3698.944s][info][gc             ] GC(892) Concurrent Mark Cycle 1380.059ms
.[3700.359s][info][gc,start       ] GC(893) Pause Young (Prepare Mixed) (G1 Evacuation Pause)
[3700.359s][info][gc,task        ] GC(893) Using 6 workers of 6 for evacuation
[3700.479s][info][gc,phases      ] GC(893)   Pre Evacuate Collection Set: 0.31ms
[3700.480s][info][gc,phases      ] GC(893)   Merge Heap Roots: 0.50ms
[3700.480s][info][gc,phases      ] GC(893)   Evacuate Collection Set: 118.21ms
[3700.480s][info][gc,phases      ] GC(893)   Post Evacuate Collection Set: 0.92ms
[3700.480s][info][gc,phases      ] GC(893)   Other: 0.08ms
[3700.480s][info][gc,heap        ] GC(893) Eden regions: 1119->0(1108)
[3700.480s][info][gc,heap        ] GC(893) Survivor regions: 109->111(154)
[3700.480s][info][gc,heap        ] GC(893) Old regions: 504->535
[3700.480s][info][gc,heap        ] GC(893) Humongous regions: 80->80
[3700.480s][info][gc,metaspace   ] GC(893) Metaspace: 28900K(29248K)->28900K(29248K) NonClass: 24032K(24192K)->24032K(24192K) Class: 4868K(5056K)->4868K(5056K)
[3700.480s][info][gc             ] GC(893) Pause Young (Prepare Mixed) (G1 Evacuation Pause) 3622M->1450M(4096M) 120.136ms
[3700.480s][info][gc,cpu         ] GC(893) User=0.71s Sys=0.00s Real=0.12s
...[3703.188s][info][gc,start       ] GC(894) Pause Young (Mixed) (G1 Evacuation Pause)
[3703.188s][info][gc,task        ] GC(894) Using 6 workers of 6 for evacuation
[3703.324s][info][gc,phases      ] GC(894)   Pre Evacuate Collection Set: 0.35ms
[3703.324s][info][gc,phases      ] GC(894)   Merge Heap Roots: 0.82ms
[3703.324s][info][gc,phases      ] GC(894)   Evacuate Collection Set: 133.86ms
[3703.324s][info][gc,phases      ] GC(894)   Post Evacuate Collection Set: 0.94ms
[3703.324s][info][gc,phases      ] GC(894)   Other: 0.09ms
[3703.324s][info][gc,heap        ] GC(894) Eden regions: 1108->0(1119)
[3703.324s][info][gc,heap        ] GC(894) Survivor regions: 111->109(153)
[3703.324s][info][gc,heap        ] GC(894) Old regions: 535->473
[3703.324s][info][gc,heap        ] GC(894) Humongous regions: 80->80
[3703.324s][info][gc,metaspace   ] GC(894) Metaspace: 28900K(29248K)->28900K(29248K) NonClass: 24032K(24192K)->24032K(24192K) Class: 4868K(5056K)->4868K(5056K)
[3703.324s][info][gc             ] GC(894) Pause Young (Mixed) (G1 Evacuation Pause) 3666M->1321M(4096M) 136.201ms
[3703.324s][info][gc,cpu         ] GC(894) User=0.81s Sys=0.00s Real=0.13s
...[3706.107s][info][gc,start       ] GC(895) Pause Young (Concurrent Start) (G1 Evacuation Pause)
[3706.107s][info][gc,task        ] GC(895) Using 6 workers of 6 for evacuation
[3706.224s][info][gc,phases      ] GC(895)   Pre Evacuate Collection Set: 0.35ms
[3706.224s][info][gc,phases      ] GC(895)   Merge Heap Roots: 0.48ms
[3706.224s][info][gc,phases      ] GC(895)   Evacuate Collection Set: 115.38ms
[3706.224s][info][gc,phases      ] GC(895)   Post Evacuate Collection Set: 0.88ms
[3706.224s][info][gc,phases      ] GC(895)   Other: 0.10ms
[3706.224s][info][gc,heap        ] GC(895) Eden regions: 1119->0(1121)
[3706.224s][info][gc,heap        ] GC(895) Survivor regions: 109->107(154)
[3706.224s][info][gc,heap        ] GC(895) Old regions: 473->505
[3706.224s][info][gc,heap        ] GC(895) Humongous regions: 80->80
[3706.224s][info][gc,metaspace   ] GC(895) Metaspace: 28900K(29248K)->28900K(29248K) NonClass: 24032K(24192K)->24032K(24192K) Class: 4868K(5056K)->4868K(5056K)
[3706.224s][info][gc             ] GC(895) Pause Young (Concurrent Start) (G1 Evacuation Pause) 3559M->1381M(4096M) 117.323ms
[3706.224s][info][gc             ] GC(896) Concurrent Mark Cycle
[3706.224s][info][gc,marking     ] GC(896) Concurrent Scan Root Regions
[3706.225s][info][gc,cpu         ] GC(895) User=0.70s Sys=0.00s Real=0.11s
[3706.356s][info][gc,marking     ] GC(896) Concurrent Scan Root Regions 131.456ms
[3706.356s][info][gc,marking     ] GC(896) Concurrent Mark
[3706.356s][info][gc,marking     ] GC(896) Concurrent Mark From Roots
[3706.356s][info][gc,task        ] GC(896) Using 2 workers of 2 for marking
.[3707.054s][info][gc,marking     ] GC(896) Concurrent Mark From Roots 697.739ms
[3707.054s][info][gc,marking     ] GC(896) Concurrent Preclean
[3707.054s][info][gc,marking     ] GC(896) Concurrent Preclean 0.131ms
[3707.054s][info][gc,start       ] GC(896) Pause Remark
[3707.057s][info][gc             ] GC(896) Pause Remark 2097M->2097M(4096M) 3.002ms
[3707.057s][info][gc,cpu         ] GC(896) User=0.02s Sys=0.00s Real=0.01s
[3707.057s][info][gc,marking     ] GC(896) Concurrent Mark 701.178ms
[3707.057s][info][gc,marking     ] GC(896) Concurrent Rebuild Remembered Sets and Scrub Regions
[3707.310s][info][gc,marking     ] GC(896) Concurrent Rebuild Remembered Sets and Scrub Regions 252.338ms
[3707.310s][info][gc,start       ] GC(896) Pause Cleanup
[3707.310s][info][gc             ] GC(896) Pause Cleanup 2287M->2287M(4096M) 0.109ms
[3707.310s][info][gc,cpu         ] GC(896) User=0.00s Sys=0.00s Real=0.00s
[3707.310s][info][gc,marking     ] GC(896) Concurrent Clear Claimed Marks
[3707.310s][info][gc,marking     ] GC(896) Concurrent Clear Claimed Marks 0.020ms
[3707.310s][info][gc,marking     ] GC(896) Concurrent Cleanup for Next Mark
[3707.315s][info][gc,marking     ] GC(896) Concurrent Cleanup for Next Mark 4.454ms
[3707.315s][info][gc             ] GC(896) Concurrent Mark Cycle 1090.207ms
..[3708.998s][info][gc,start       ] GC(897) Pause Young (Prepare Mixed) (G1 Evacuation Pause)
[3708.998s][info][gc,task        ] GC(897) Using 6 workers of 6 for evacuation
[3709.119s][info][gc,phases      ] GC(897)   Pre Evacuate Collection Set: 0.33ms
[3709.119s][info][gc,phases      ] GC(897)   Merge Heap Roots: 0.58ms
[3709.119s][info][gc,phases      ] GC(897)   Evacuate Collection Set: 119.57ms
[3709.119s][info][gc,phases      ] GC(897)   Post Evacuate Collection Set: 0.94ms
[3709.119s][info][gc,phases      ] GC(897)   Other: 0.09ms
[3709.119s][info][gc,heap        ] GC(897) Eden regions: 1121->0(1104)
[3709.119s][info][gc,heap        ] GC(897) Survivor regions: 107->112(154)
[3709.119s][info][gc,heap        ] GC(897) Old regions: 505->537
[3709.119s][info][gc,heap        ] GC(897) Humongous regions: 80->80
[3709.119s][info][gc,metaspace   ] GC(897) Metaspace: 28900K(29248K)->28900K(29248K) NonClass: 24032K(24192K)->24032K(24192K) Class: 4868K(5056K)->4868K(5056K)
[3709.119s][info][gc             ] GC(897) Pause Young (Prepare Mixed) (G1 Evacuation Pause) 3623M->1455M(4096M) 121.664ms
[3709.119s][info][gc,cpu         ] GC(897) User=0.73s Sys=0.00s Real=0.12s
...[3711.842s][info][gc,start       ] GC(898) Pause Young (Mixed) (G1 Evacuation Pause)
[3711.842s][info][gc,task        ] GC(898) Using 6 workers of 6 for evacuation
[3711.976s][info][gc,phases      ] GC(898)   Pre Evacuate Collection Set: 0.36ms
[3711.976s][info][gc,phases      ] GC(898)   Merge Heap Roots: 0.72ms
[3711.976s][info][gc,phases      ] GC(898)   Evacuate Collection Set: 132.05ms
[3711.976s][info][gc,phases      ] GC(898)   Post Evacuate Collection Set: 0.94ms
[3711.976s][info][gc,phases      ] GC(898)   Other: 0.09ms
[3711.976s][info][gc,heap        ] GC(898) Eden regions: 1104->0(1118)
[3711.976s][info][gc,heap        ] GC(898) Survivor regions: 112->110(152)
[3711.976s][info][gc,heap        ] GC(898) Old regions: 537->473
[3711.976s][info][gc,heap        ] GC(898) Humongous regions: 80->80
[3711.976s][info][gc,metaspace   ] GC(898) Metaspace: 28900K(29248K)->28900K(29248K) NonClass: 24032K(24192K)->24032K(24192K) Class: 4868K(5056K)->4868K(5056K)
[3711.976s][info][gc             ] GC(898) Pause Young (Mixed) (G1 Evacuation Pause) 3663M->1323M(4096M) 134.283ms
[3711.976s][info][gc,cpu         ] GC(898) User=0.80s Sys=0.00s Real=0.14s
...[3714.725s][info][gc,start       ] GC(899) Pause Young (Concurrent Start) (G1 Evacuation Pause)
[3714.725s][info][gc,task        ] GC(899) Using 6 workers of 6 for evacuation
[3714.841s][info][gc,phases      ] GC(899)   Pre Evacuate Collection Set: 0.37ms
[3714.841s][info][gc,phases      ] GC(899)   Merge Heap Roots: 0.45ms
[3714.841s][info][gc,phases      ] GC(899)   Evacuate Collection Set: 114.26ms
[3714.841s][info][gc,phases      ] GC(899)   Post Evacuate Collection Set: 0.87ms
[3714.841s][info][gc,phases      ] GC(899)   Other: 0.08ms
[3714.841s][info][gc,heap        ] GC(899) Eden regions: 1118->0(1119)
[3714.841s][info][gc,heap        ] GC(899) Survivor regions: 110->109(154)
[3714.841s][info][gc,heap        ] GC(899) Old regions: 473->505
[3714.841s][info][gc,heap        ] GC(899) Humongous regions: 80->80
[3714.841s][info][gc,metaspace   ] GC(899) Metaspace: 28900K(29248K)->28900K(29248K) NonClass: 24032K(24192K)->24032K(24192K) Class: 4868K(5056K)->4868K(5056K)
[3714.841s][info][gc             ] GC(899) Pause Young (Concurrent Start) (G1 Evacuation Pause) 3559M->1385M(4096M) 116.169ms
[3714.841s][info][gc             ] GC(900) Concurrent Mark Cycle
[3714.841s][info][gc,marking     ] GC(900) Concurrent Scan Root Regions
[3714.841s][info][gc,cpu         ] GC(899) User=0.69s Sys=0.00s Real=0.11s
[3715.009s][info][gc,marking     ] GC(900) Concurrent Scan Root Regions 168.097ms
[3715.009s][info][gc,marking     ] GC(900) Concurrent Mark
[3715.009s][info][gc,marking     ] GC(900) Concurrent Mark From Roots
[3715.009s][info][gc,task        ] GC(900) Using 2 workers of 2 for marking
.[3716.036s][info][gc,marking     ] GC(900) Concurrent Mark From Roots 1026.343ms
[3716.036s][info][gc,marking     ] GC(900) Concurrent Preclean
[3716.036s][info][gc,marking     ] GC(900) Concurrent Preclean 0.110ms
[3716.036s][info][gc,start       ] GC(900) Pause Remark
[3716.040s][info][gc             ] GC(900) Pause Remark 2384M->2384M(4096M) 3.601ms
[3716.040s][info][gc,cpu         ] GC(900) User=0.02s Sys=0.00s Real=0.00s
[3716.040s][info][gc,marking     ] GC(900) Concurrent Mark 1030.458ms
[3716.040s][info][gc,marking     ] GC(900) Concurrent Rebuild Remembered Sets and Scrub Regions
[3716.387s][info][gc,marking     ] GC(900) Concurrent Rebuild Remembered Sets and Scrub Regions 347.009ms
[3716.387s][info][gc,start       ] GC(900) Pause Cleanup
[3716.387s][info][gc             ] GC(900) Pause Cleanup 2663M->2663M(4096M) 0.107ms
[3716.387s][info][gc,cpu         ] GC(900) User=0.00s Sys=0.00s Real=0.00s
[3716.387s][info][gc,marking     ] GC(900) Concurrent Clear Claimed Marks
[3716.387s][info][gc,marking     ] GC(900) Concurrent Clear Claimed Marks 0.025ms
[3716.387s][info][gc,marking     ] GC(900) Concurrent Cleanup for Next Mark
[3716.392s][info][gc,marking     ] GC(900) Concurrent Cleanup for Next Mark 5.151ms
[3716.392s][info][gc             ] GC(900) Concurrent Mark Cycle 1551.257ms
.[3717.614s][info][gc,start       ] GC(901) Pause Young (Prepare Mixed) (G1 Evacuation Pause)
[3717.614s][info][gc,task        ] GC(901) Using 6 workers of 6 for evacuation
[3717.736s][info][gc,phases      ] GC(901)   Pre Evacuate Collection Set: 0.29ms
[3717.736s][info][gc,phases      ] GC(901)   Merge Heap Roots: 0.51ms
[3717.736s][info][gc,phases      ] GC(901)   Evacuate Collection Set: 120.08ms
[3717.736s][info][gc,phases      ] GC(901)   Post Evacuate Collection Set: 0.94ms
[3717.736s][info][gc,phases      ] GC(901)   Other: 0.09ms
[3717.736s][info][gc,heap        ] GC(901) Eden regions: 1119->0(1104)
[3717.736s][info][gc,heap        ] GC(901) Survivor regions: 109->112(154)
[3717.736s][info][gc,heap        ] GC(901) Old regions: 505->537
[3717.736s][info][gc,heap        ] GC(901) Humongous regions: 80->80
[3717.736s][info][gc,metaspace   ] GC(901) Metaspace: 28900K(29248K)->28900K(29248K) NonClass: 24032K(24192K)->24032K(24192K) Class: 4868K(5056K)->4868K(5056K)
[3717.736s][info][gc             ] GC(901) Pause Young (Prepare Mixed) (G1 Evacuation Pause) 3623M->1456M(4096M) 122.038ms
[3717.736s][info][gc,cpu         ] GC(901) User=0.72s Sys=0.00s Real=0.13s
...[3720.428s][info][gc,start       ] GC(902) Pause Young (Mixed) (G1 Evacuation Pause)
[3720.428s][info][gc,task        ] GC(902) Using 6 workers of 6 for evacuation
[3720.561s][info][gc,phases      ] GC(902)   Pre Evacuate Collection Set: 0.38ms
[3720.561s][info][gc,phases      ] GC(902)   Merge Heap Roots: 0.70ms
[3720.561s][info][gc,phases      ] GC(902)   Evacuate Collection Set: 131.34ms
[3720.561s][info][gc,phases      ] GC(902)   Post Evacuate Collection Set: 0.92ms
[3720.561s][info][gc,phases      ] GC(902)   Other: 0.09ms
[3720.561s][info][gc,heap        ] GC(902) Eden regions: 1104->0(1119)
[3720.561s][info][gc,heap        ] GC(902) Survivor regions: 112->109(152)
[3720.561s][info][gc,heap        ] GC(902) Old regions: 537->474
[3720.561s][info][gc,heap        ] GC(902) Humongous regions: 80->80
[3720.561s][info][gc,metaspace   ] GC(902) Metaspace: 28900K(29248K)->28900K(29248K) NonClass: 24032K(24192K)->24032K(24192K) Class: 4868K(5056K)->4868K(5056K)
[3720.561s][info][gc             ] GC(902) Pause Young (Mixed) (G1 Evacuation Pause) 3664M->1324M(4096M) 133.556ms
[3720.561s][info][gc,cpu         ] GC(902) User=0.80s Sys=0.00s Real=0.13s
...[3723.372s][info][gc,start       ] GC(903) Pause Young (Concurrent Start) (G1 Evacuation Pause)
[3723.372s][info][gc,task        ] GC(903) Using 6 workers of 6 for evacuation
[3723.487s][info][gc,phases      ] GC(903)   Pre Evacuate Collection Set: 0.34ms
[3723.487s][info][gc,phases      ] GC(903)   Merge Heap Roots: 0.48ms
[3723.487s][info][gc,phases      ] GC(903)   Evacuate Collection Set: 113.89ms
[3723.487s][info][gc,phases      ] GC(903)   Post Evacuate Collection Set: 0.86ms
[3723.487s][info][gc,phases      ] GC(903)   Other: 0.12ms
[3723.487s][info][gc,heap        ] GC(903) Eden regions: 1119->0(1119)
[3723.487s][info][gc,heap        ] GC(903) Survivor regions: 109->109(154)
[3723.487s][info][gc,heap        ] GC(903) Old regions: 474->506
[3723.488s][info][gc,heap        ] GC(903) Humongous regions: 80->80
[3723.488s][info][gc,metaspace   ] GC(903) Metaspace: 28900K(29248K)->28900K(29248K) NonClass: 24032K(24192K)->24032K(24192K) Class: 4868K(5056K)->4868K(5056K)
[3723.488s][info][gc             ] GC(903) Pause Young (Concurrent Start) (G1 Evacuation Pause) 3562M->1387M(4096M) 115.821ms
[3723.488s][info][gc             ] GC(904) Concurrent Mark Cycle
[3723.488s][info][gc,marking     ] GC(904) Concurrent Scan Root Regions
[3723.488s][info][gc,cpu         ] GC(903) User=0.69s Sys=0.00s Real=0.12s
[3723.653s][info][gc,marking     ] GC(904) Concurrent Scan Root Regions 165.617ms
[3723.653s][info][gc,marking     ] GC(904) Concurrent Mark
[3723.653s][info][gc,marking     ] GC(904) Concurrent Mark From Roots
[3723.653s][info][gc,task        ] GC(904) Using 2 workers of 2 for marking
.[3724.628s][info][gc,marking     ] GC(904) Concurrent Mark From Roots 974.593ms
[3724.628s][info][gc,marking     ] GC(904) Concurrent Preclean
[3724.628s][info][gc,marking     ] GC(904) Concurrent Preclean 0.070ms
[3724.628s][info][gc,start       ] GC(904) Pause Remark
[3724.631s][info][gc             ] GC(904) Pause Remark 2360M->2360M(4096M) 2.588ms
[3724.631s][info][gc,cpu         ] GC(904) User=0.01s Sys=0.00s Real=0.00s
[3724.631s][info][gc,marking     ] GC(904) Concurrent Mark 977.478ms
[3724.631s][info][gc,marking     ] GC(904) Concurrent Rebuild Remembered Sets and Scrub Regions
.[3724.903s][info][gc,marking     ] GC(904) Concurrent Rebuild Remembered Sets and Scrub Regions 271.836ms
[3724.903s][info][gc,start       ] GC(904) Pause Cleanup
[3724.903s][info][gc             ] GC(904) Pause Cleanup 2567M->2567M(4096M) 0.108ms
[3724.903s][info][gc,cpu         ] GC(904) User=0.00s Sys=0.00s Real=0.00s
[3724.903s][info][gc,marking     ] GC(904) Concurrent Clear Claimed Marks
[3724.903s][info][gc,marking     ] GC(904) Concurrent Clear Claimed Marks 0.036ms
[3724.903s][info][gc,marking     ] GC(904) Concurrent Cleanup for Next Mark
[3724.908s][info][gc,marking     ] GC(904) Concurrent Cleanup for Next Mark 4.890ms
[3724.908s][info][gc             ] GC(904) Concurrent Mark Cycle 1420.510ms
.[3726.234s][info][gc,start       ] GC(905) Pause Young (Prepare Mixed) (G1 Evacuation Pause)
[3726.234s][info][gc,task        ] GC(905) Using 6 workers of 6 for evacuation
[3726.353s][info][gc,phases      ] GC(905)   Pre Evacuate Collection Set: 0.33ms
[3726.353s][info][gc,phases      ] GC(905)   Merge Heap Roots: 0.53ms
[3726.353s][info][gc,phases      ] GC(905)   Evacuate Collection Set: 116.59ms
[3726.353s][info][gc,phases      ] GC(905)   Post Evacuate Collection Set: 0.92ms
[3726.353s][info][gc,phases      ] GC(905)   Other: 0.09ms
[3726.353s][info][gc,heap        ] GC(905) Eden regions: 1119->0(1106)
[3726.353s][info][gc,heap        ] GC(905) Survivor regions: 109->111(154)
[3726.353s][info][gc,heap        ] GC(905) Old regions: 506->537
[3726.353s][info][gc,heap        ] GC(905) Humongous regions: 80->80
[3726.353s][info][gc,metaspace   ] GC(905) Metaspace: 28900K(29248K)->28900K(29248K) NonClass: 24032K(24192K)->24032K(24192K) Class: 4868K(5056K)->4868K(5056K)
[3726.353s][info][gc             ] GC(905) Pause Young (Prepare Mixed) (G1 Evacuation Pause) 3625M->1453M(4096M) 118.588ms
[3726.353s][info][gc,cpu         ] GC(905) User=0.71s Sys=0.00s Real=0.12s
...[3729.057s][info][gc,start       ] GC(906) Pause Young (Mixed) (G1 Evacuation Pause)
[3729.057s][info][gc,task        ] GC(906) Using 6 workers of 6 for evacuation
[3729.190s][info][gc,phases      ] GC(906)   Pre Evacuate Collection Set: 0.34ms
[3729.190s][info][gc,phases      ] GC(906)   Merge Heap Roots: 0.70ms
[3729.190s][info][gc,phases      ] GC(906)   Evacuate Collection Set: 131.42ms
[3729.190s][info][gc,phases      ] GC(906)   Post Evacuate Collection Set: 0.98ms
[3729.190s][info][gc,phases      ] GC(906)   Other: 0.09ms
[3729.190s][info][gc,heap        ] GC(906) Eden regions: 1106->0(1122)
[3729.190s][info][gc,heap        ] GC(906) Survivor regions: 111->106(153)
[3729.190s][info][gc,heap        ] GC(906) Old regions: 537->472
[3729.190s][info][gc,heap        ] GC(906) Humongous regions: 80->80
[3729.190s][info][gc,metaspace   ] GC(906) Metaspace: 28900K(29248K)->28900K(29248K) NonClass: 24032K(24192K)->24032K(24192K) Class: 4868K(5056K)->4868K(5056K)
[3729.190s][info][gc             ] GC(906) Pause Young (Mixed) (G1 Evacuation Pause) 3665M->1312M(4096M) 133.672ms
[3729.190s][info][gc,cpu         ] GC(906) User=0.79s Sys=0.00s Real=0.13s
...[3732.001s][info][gc,start       ] GC(907) Pause Young (Concurrent Start) (G1 Evacuation Pause)
[3732.001s][info][gc,task        ] GC(907) Using 6 workers of 6 for evacuation
[3732.122s][info][gc,phases      ] GC(907)   Pre Evacuate Collection Set: 0.38ms
[3732.122s][info][gc,phases      ] GC(907)   Merge Heap Roots: 0.46ms
[3732.122s][info][gc,phases      ] GC(907)   Evacuate Collection Set: 119.46ms
[3732.123s][info][gc,phases      ] GC(907)   Post Evacuate Collection Set: 0.87ms
[3732.123s][info][gc,phases      ] GC(907)   Other: 0.12ms
[3732.123s][info][gc,heap        ] GC(907) Eden regions: 1122->0(1113)
[3732.123s][info][gc,heap        ] GC(907) Survivor regions: 106->115(154)
[3732.123s][info][gc,heap        ] GC(907) Old regions: 472->504
[3732.123s][info][gc,heap        ] GC(907) Humongous regions: 80->80
[3732.123s][info][gc,metaspace   ] GC(907) Metaspace: 28900K(29248K)->28900K(29248K) NonClass: 24032K(24192K)->24032K(24192K) Class: 4868K(5056K)->4868K(5056K)
[3732.123s][info][gc             ] GC(907) Pause Young (Concurrent Start) (G1 Evacuation Pause) 3556M->1395M(4096M) 121.418ms
[3732.123s][info][gc             ] GC(908) Concurrent Mark Cycle
[3732.123s][info][gc,marking     ] GC(908) Concurrent Scan Root Regions
[3732.123s][info][gc,cpu         ] GC(907) User=0.72s Sys=0.00s Real=0.12s
[3732.282s][info][gc,marking     ] GC(908) Concurrent Scan Root Regions 158.960ms
[3732.282s][info][gc,marking     ] GC(908) Concurrent Mark
[3732.282s][info][gc,marking     ] GC(908) Concurrent Mark From Roots
[3732.282s][info][gc,task        ] GC(908) Using 2 workers of 2 for marking
.[3732.990s][info][gc,marking     ] GC(908) Concurrent Mark From Roots 708.317ms
[3732.990s][info][gc,marking     ] GC(908) Concurrent Preclean
[3732.990s][info][gc,marking     ] GC(908) Concurrent Preclean 0.167ms
[3732.991s][info][gc,start       ] GC(908) Pause Remark
[3732.993s][info][gc             ] GC(908) Pause Remark 2125M->2125M(4096M) 2.359ms
[3732.993s][info][gc,cpu         ] GC(908) User=0.01s Sys=0.00s Real=0.00s
[3732.993s][info][gc,marking     ] GC(908) Concurrent Mark 711.517ms
[3732.993s][info][gc,marking     ] GC(908) Concurrent Rebuild Remembered Sets and Scrub Regions
[3733.313s][info][gc,marking     ] GC(908) Concurrent Rebuild Remembered Sets and Scrub Regions 320.323ms
[3733.314s][info][gc,start       ] GC(908) Pause Cleanup
[3733.314s][info][gc             ] GC(908) Pause Cleanup 2410M->2410M(4096M) 0.102ms
[3733.314s][info][gc,cpu         ] GC(908) User=0.00s Sys=0.00s Real=0.00s
[3733.314s][info][gc,marking     ] GC(908) Concurrent Clear Claimed Marks
[3733.314s][info][gc,marking     ] GC(908) Concurrent Clear Claimed Marks 0.024ms
[3733.314s][info][gc,marking     ] GC(908) Concurrent Cleanup for Next Mark
[3733.318s][info][gc,marking     ] GC(908) Concurrent Cleanup for Next Mark 4.101ms
[3733.318s][info][gc             ] GC(908) Concurrent Mark Cycle 1195.368ms
..[3734.868s][info][gc,start       ] GC(909) Pause Young (Prepare Mixed) (G1 Evacuation Pause)
[3734.868s][info][gc,task        ] GC(909) Using 6 workers of 6 for evacuation
[3734.986s][info][gc,phases      ] GC(909)   Pre Evacuate Collection Set: 0.31ms
[3734.986s][info][gc,phases      ] GC(909)   Merge Heap Roots: 0.53ms
[3734.986s][info][gc,phases      ] GC(909)   Evacuate Collection Set: 116.50ms
[3734.986s][info][gc,phases      ] GC(909)   Post Evacuate Collection Set: 0.93ms
[3734.986s][info][gc,phases      ] GC(909)   Other: 0.09ms
[3734.986s][info][gc,heap        ] GC(909) Eden regions: 1113->0(1107)
[3734.986s][info][gc,heap        ] GC(909) Survivor regions: 115->111(154)
[3734.986s][info][gc,heap        ] GC(909) Old regions: 504->536
[3734.986s][info][gc,heap        ] GC(909) Humongous regions: 80->80
[3734.986s][info][gc,metaspace   ] GC(909) Metaspace: 28900K(29248K)->28900K(29248K) NonClass: 24032K(24192K)->24032K(24192K) Class: 4868K(5056K)->4868K(5056K)
[3734.987s][info][gc             ] GC(909) Pause Young (Prepare Mixed) (G1 Evacuation Pause) 3621M->1451M(4096M) 118.488ms
[3734.987s][info][gc,cpu         ] GC(909) User=0.71s Sys=0.00s Real=0.12s
.. (rIR:aIR:PR = 6503:6502:6502) (tPR = 96242) [OK] 
  3736s: Performance info:
         Transaction,    Success,    Partial,     Failed,   Receipts, AvgBarcode, 
             Overall,     394983,          0,          0,     375230,      59.48, 
         Response times:
             Request,    Success,    Partial,     Failed,   SkipFail,     Probes,    Samples,      min,      p50,      p90,      p95,      p99,      max, 
       TotalPurchase,     375230,          0,          0,          0,     363134,     389723,      200,     5400,    21000,    47000,   104000,   221000,
     InStorePurchase,     197524,          0,          0,          0,     191187,     204731,      200,     5200,    21000,    47000,   104000,   213000,
      OnlinePurchase,     138214,          0,          0,          0,     133765,     143622,      300,     5800,    22000,    49000,   106000,   221000,
        InstPurchase,      39492,          0,          0,          0,      38182,      41370,      400,     4800,    17000,    42000,   100000,   219000,
          AssocOfCat,        394,          0,          0,          0,        330,        426,    21000,    35000,    75000,    97650,   166000,   202000,
      AssocOfProduct,       3951,          0,          0,          0,       3714,       4200,      600,     4900,    17380,    43000,    93990,   199000,
      BusinessReport,        993,          0,          0,          0,        895,       1077,    22000,    38000,    71000,   100000,   183000,   300000,
          CustBuyBeh,       3956,          0,          0,          0,       3639,       4040,      200,     5900,    21000,    50000,   101590,   265000,
       ProductReturn,      10459,          0,          0,          0,       9955,      11026,      300,     4600,    18700,    44000,    98000,   187000,

  3736s: (48%)   IR =   6642 [3737.650s][info][gc,start       ] GC(910) Pause Young (Mixed) (G1 Evacuation Pause)
[3737.650s][info][gc,task        ] GC(910) Using 6 workers of 6 for evacuation
[3737.784s][info][gc,phases      ] GC(910)   Pre Evacuate Collection Set: 0.37ms
[3737.784s][info][gc,phases      ] GC(910)   Merge Heap Roots: 0.72ms
[3737.784s][info][gc,phases      ] GC(910)   Evacuate Collection Set: 132.12ms
[3737.784s][info][gc,phases      ] GC(910)   Post Evacuate Collection Set: 1.00ms
[3737.784s][info][gc,phases      ] GC(910)   Other: 0.09ms
[3737.784s][info][gc,heap        ] GC(910) Eden regions: 1107->0(1120)
[3737.784s][info][gc,heap        ] GC(910) Survivor regions: 111->108(153)
[3737.784s][info][gc,heap        ] GC(910) Old regions: 536->475
[3737.784s][info][gc,heap        ] GC(910) Humongous regions: 80->80
[3737.784s][info][gc,metaspace   ] GC(910) Metaspace: 28900K(29248K)->28900K(29248K) NonClass: 24032K(24192K)->24032K(24192K) Class: 4868K(5056K)->4868K(5056K)
[3737.784s][info][gc             ] GC(910) Pause Young (Mixed) (G1 Evacuation Pause) 3665M->1324M(4096M) 134.427ms
[3737.784s][info][gc,cpu         ] GC(910) User=0.80s Sys=0.00s Real=0.13s
...[3740.507s][info][gc,start       ] GC(911) Pause Young (Concurrent Start) (G1 Evacuation Pause)
[3740.507s][info][gc,task        ] GC(911) Using 6 workers of 6 for evacuation
[3740.624s][info][gc,phases      ] GC(911)   Pre Evacuate Collection Set: 0.37ms
[3740.624s][info][gc,phases      ] GC(911)   Merge Heap Roots: 0.51ms
[3740.624s][info][gc,phases      ] GC(911)   Evacuate Collection Set: 115.18ms
[3740.624s][info][gc,phases      ] GC(911)   Post Evacuate Collection Set: 0.86ms
[3740.624s][info][gc,phases      ] GC(911)   Other: 0.14ms
[3740.624s][info][gc,heap        ] GC(911) Eden regions: 1120->0(1120)
[3740.624s][info][gc,heap        ] GC(911) Survivor regions: 108->108(154)
[3740.624s][info][gc,heap        ] GC(911) Old regions: 475->507
[3740.624s][info][gc,heap        ] GC(911) Humongous regions: 80->80
[3740.624s][info][gc,metaspace   ] GC(911) Metaspace: 28900K(29248K)->28900K(29248K) NonClass: 24032K(24192K)->24032K(24192K) Class: 4868K(5056K)->4868K(5056K)
[3740.624s][info][gc             ] GC(911) Pause Young (Concurrent Start) (G1 Evacuation Pause) 3564M->1386M(4096M) 117.219ms
[3740.624s][info][gc             ] GC(912) Concurrent Mark Cycle
[3740.624s][info][gc,marking     ] GC(912) Concurrent Scan Root Regions
[3740.624s][info][gc,cpu         ] GC(911) User=0.70s Sys=0.00s Real=0.11s
[3740.789s][info][gc,marking     ] GC(912) Concurrent Scan Root Regions 164.970ms
[3740.789s][info][gc,marking     ] GC(912) Concurrent Mark
[3740.789s][info][gc,marking     ] GC(912) Concurrent Mark From Roots
[3740.789s][info][gc,task        ] GC(912) Using 2 workers of 2 for marking
.[3741.686s][info][gc,marking     ] GC(912) Concurrent Mark From Roots 897.052ms
[3741.686s][info][gc,marking     ] GC(912) Concurrent Preclean
[3741.686s][info][gc,marking     ] GC(912) Concurrent Preclean 0.151ms
[3741.686s][info][gc,start       ] GC(912) Pause Remark
[3741.689s][info][gc             ] GC(912) Pause Remark 2291M->2291M(4096M) 2.264ms
[3741.689s][info][gc,cpu         ] GC(912) User=0.01s Sys=0.00s Real=0.00s
[3741.689s][info][gc,marking     ] GC(912) Concurrent Mark 899.759ms
[3741.689s][info][gc,marking     ] GC(912) Concurrent Rebuild Remembered Sets and Scrub Regions
.[3742.065s][info][gc,marking     ] GC(912) Concurrent Rebuild Remembered Sets and Scrub Regions 376.671ms
[3742.065s][info][gc,start       ] GC(912) Pause Cleanup
[3742.066s][info][gc             ] GC(912) Pause Cleanup 2628M->2628M(4096M) 0.116ms
[3742.066s][info][gc,cpu         ] GC(912) User=0.00s Sys=0.00s Real=0.00s
[3742.066s][info][gc,marking     ] GC(912) Concurrent Clear Claimed Marks
[3742.066s][info][gc,marking     ] GC(912) Concurrent Clear Claimed Marks 0.026ms
[3742.066s][info][gc,marking     ] GC(912) Concurrent Cleanup for Next Mark
[3742.071s][info][gc,marking     ] GC(912) Concurrent Cleanup for Next Mark 4.997ms
[3742.071s][info][gc             ] GC(912) Concurrent Mark Cycle 1446.897ms
.[3743.320s][info][gc,start       ] GC(913) Pause Young (Prepare Mixed) (G1 Evacuation Pause)
[3743.320s][info][gc,task        ] GC(913) Using 6 workers of 6 for evacuation
[3743.437s][info][gc,phases      ] GC(913)   Pre Evacuate Collection Set: 0.34ms
[3743.437s][info][gc,phases      ] GC(913)   Merge Heap Roots: 0.51ms
[3743.437s][info][gc,phases      ] GC(913)   Evacuate Collection Set: 115.11ms
[3743.437s][info][gc,phases      ] GC(913)   Post Evacuate Collection Set: 0.92ms
[3743.437s][info][gc,phases      ] GC(913)   Other: 0.08ms
[3743.437s][info][gc,heap        ] GC(913) Eden regions: 1120->0(1111)
[3743.437s][info][gc,heap        ] GC(913) Survivor regions: 108->108(154)
[3743.437s][info][gc,heap        ] GC(913) Old regions: 507->538
[3743.437s][info][gc,heap        ] GC(913) Humongous regions: 80->80
[3743.437s][info][gc,metaspace   ] GC(913) Metaspace: 28900K(29248K)->28900K(29248K) NonClass: 24032K(24192K)->24032K(24192K) Class: 4868K(5056K)->4868K(5056K)
[3743.437s][info][gc             ] GC(913) Pause Young (Prepare Mixed) (G1 Evacuation Pause) 3626M->1449M(4096M) 117.105ms
[3743.437s][info][gc,cpu         ] GC(913) User=0.68s Sys=0.00s Real=0.12s
.|..[3746.084s][info][gc,start       ] GC(914) Pause Young (Mixed) (G1 Evacuation Pause)
[3746.084s][info][gc,task        ] GC(914) Using 6 workers of 6 for evacuation
[3746.220s][info][gc,phases      ] GC(914)   Pre Evacuate Collection Set: 0.38ms
[3746.221s][info][gc,phases      ] GC(914)   Merge Heap Roots: 0.71ms
[3746.221s][info][gc,phases      ] GC(914)   Evacuate Collection Set: 133.94ms
[3746.221s][info][gc,phases      ] GC(914)   Post Evacuate Collection Set: 0.87ms
[3746.221s][info][gc,phases      ] GC(914)   Other: 0.10ms
[3746.221s][info][gc,heap        ] GC(914) Eden regions: 1111->0(1120)
[3746.221s][info][gc,heap        ] GC(914) Survivor regions: 108->108(153)
[3746.221s][info][gc,heap        ] GC(914) Old regions: 538->474
[3746.221s][info][gc,heap        ] GC(914) Humongous regions: 80->80
[3746.221s][info][gc,metaspace   ] GC(914) Metaspace: 28900K(29248K)->28900K(29248K) NonClass: 24032K(24192K)->24032K(24192K) Class: 4868K(5056K)->4868K(5056K)
[3746.221s][info][gc             ] GC(914) Pause Young (Mixed) (G1 Evacuation Pause) 3671M->1321M(4096M) 136.137ms
[3746.221s][info][gc,cpu         ] GC(914) User=0.81s Sys=0.00s Real=0.14s
...[3748.964s][info][gc,start       ] GC(915) Pause Young (Concurrent Start) (G1 Evacuation Pause)
[3748.964s][info][gc,task        ] GC(915) Using 6 workers of 6 for evacuation
[3749.084s][info][gc,phases      ] GC(915)   Pre Evacuate Collection Set: 0.35ms
[3749.084s][info][gc,phases      ] GC(915)   Merge Heap Roots: 0.49ms
[3749.084s][info][gc,phases      ] GC(915)   Evacuate Collection Set: 117.70ms
[3749.084s][info][gc,phases      ] GC(915)   Post Evacuate Collection Set: 0.93ms
[3749.084s][info][gc,phases      ] GC(915)   Other: 0.14ms
[3749.084s][info][gc,heap        ] GC(915) Eden regions: 1120->0(1115)
[3749.084s][info][gc,heap        ] GC(915) Survivor regions: 108->113(154)
[3749.084s][info][gc,heap        ] GC(915) Old regions: 474->505
[3749.084s][info][gc,heap        ] GC(915) Humongous regions: 80->80
[3749.084s][info][gc,metaspace   ] GC(915) Metaspace: 28900K(29248K)->28900K(29248K) NonClass: 24032K(24192K)->24032K(24192K) Class: 4868K(5056K)->4868K(5056K)
[3749.084s][info][gc             ] GC(915) Pause Young (Concurrent Start) (G1 Evacuation Pause) 3561M->1394M(4096M) 119.743ms
[3749.084s][info][gc             ] GC(916) Concurrent Mark Cycle
[3749.084s][info][gc,marking     ] GC(916) Concurrent Scan Root Regions
[3749.084s][info][gc,cpu         ] GC(915) User=0.72s Sys=0.00s Real=0.12s
[3749.268s][info][gc,marking     ] GC(916) Concurrent Scan Root Regions 183.739ms
[3749.268s][info][gc,marking     ] GC(916) Concurrent Mark
[3749.268s][info][gc,marking     ] GC(916) Concurrent Mark From Roots
[3749.268s][info][gc,task        ] GC(916) Using 2 workers of 2 for marking
.[3750.291s][info][gc,marking     ] GC(916) Concurrent Mark From Roots 1022.952ms
[3750.291s][info][gc,marking     ] GC(916) Concurrent Preclean
[3750.291s][info][gc,marking     ] GC(916) Concurrent Preclean 0.152ms
[3750.293s][info][gc,start       ] GC(916) Pause Remark
[3750.297s][info][gc             ] GC(916) Pause Remark 2446M->2446M(4096M) 3.413ms
[3750.297s][info][gc,cpu         ] GC(916) User=0.02s Sys=0.00s Real=0.01s
[3750.297s][info][gc,marking     ] GC(916) Concurrent Mark 1028.922ms
[3750.297s][info][gc,marking     ] GC(916) Concurrent Rebuild Remembered Sets and Scrub Regions
[3750.708s][info][gc,marking     ] GC(916) Concurrent Rebuild Remembered Sets and Scrub Regions 411.009ms
[3750.708s][info][gc,start       ] GC(916) Pause Cleanup
[3750.708s][info][gc             ] GC(916) Pause Cleanup 2831M->2831M(4096M) 0.110ms
[3750.708s][info][gc,cpu         ] GC(916) User=0.00s Sys=0.00s Real=0.00s
[3750.708s][info][gc,marking     ] GC(916) Concurrent Clear Claimed Marks
[3750.708s][info][gc,marking     ] GC(916) Concurrent Clear Claimed Marks 0.026ms
[3750.708s][info][gc,marking     ] GC(916) Concurrent Cleanup for Next Mark
[3750.712s][info][gc,marking     ] GC(916) Concurrent Cleanup for Next Mark 3.375ms
[3750.712s][info][gc             ] GC(916) Concurrent Mark Cycle 1627.490ms
.[3751.823s][info][gc,start       ] GC(917) Pause Young (Prepare Mixed) (G1 Evacuation Pause)
[3751.823s][info][gc,task        ] GC(917) Using 6 workers of 6 for evacuation
[3751.946s][info][gc,phases      ] GC(917)   Pre Evacuate Collection Set: 0.33ms
[3751.946s][info][gc,phases      ] GC(917)   Merge Heap Roots: 0.52ms
[3751.946s][info][gc,phases      ] GC(917)   Evacuate Collection Set: 120.59ms
[3751.946s][info][gc,phases      ] GC(917)   Post Evacuate Collection Set: 0.92ms
[3751.946s][info][gc,phases      ] GC(917)   Other: 0.08ms
[3751.946s][info][gc,heap        ] GC(917) Eden regions: 1115->0(1103)
[3751.946s][info][gc,heap        ] GC(917) Survivor regions: 113->113(154)
[3751.946s][info][gc,heap        ] GC(917) Old regions: 505->536
[3751.946s][info][gc,heap        ] GC(917) Humongous regions: 80->80
[3751.946s][info][gc,metaspace   ] GC(917) Metaspace: 28900K(29248K)->28900K(29248K) NonClass: 24032K(24192K)->24032K(24192K) Class: 4868K(5056K)->4868K(5056K)
[3751.946s][info][gc             ] GC(917) Pause Young (Prepare Mixed) (G1 Evacuation Pause) 3624M->1456M(4096M) 122.581ms
[3751.946s][info][gc,cpu         ] GC(917) User=0.73s Sys=0.00s Real=0.13s
...[3754.498s][info][gc,start       ] GC(918) Pause Young (Mixed) (G1 Evacuation Pause)
[3754.498s][info][gc,task        ] GC(918) Using 6 workers of 6 for evacuation
[3754.638s][info][gc,phases      ] GC(918)   Pre Evacuate Collection Set: 0.36ms
[3754.638s][info][gc,phases      ] GC(918)   Merge Heap Roots: 0.64ms
[3754.638s][info][gc,phases      ] GC(918)   Evacuate Collection Set: 137.75ms
[3754.638s][info][gc,phases      ] GC(918)   Post Evacuate Collection Set: 0.94ms
[3754.638s][info][gc,phases      ] GC(918)   Other: 0.09ms
[3754.638s][info][gc,heap        ] GC(918) Eden regions: 1103->0(1114)
[3754.638s][info][gc,heap        ] GC(918) Survivor regions: 113->114(152)
[3754.638s][info][gc,heap        ] GC(918) Old regions: 536->473
[3754.638s][info][gc,heap        ] GC(918) Humongous regions: 80->80
[3754.638s][info][gc,metaspace   ] GC(918) Metaspace: 28900K(29248K)->28900K(29248K) NonClass: 24032K(24192K)->24032K(24192K) Class: 4868K(5056K)->4868K(5056K)
[3754.638s][info][gc             ] GC(918) Pause Young (Mixed) (G1 Evacuation Pause) 3662M->1330M(4096M) 139.916ms
[3754.638s][info][gc,cpu         ] GC(918) User=0.84s Sys=0.00s Real=0.14s
...[3757.414s][info][gc,start       ] GC(919) Pause Young (Concurrent Start) (G1 Evacuation Pause)
[3757.414s][info][gc,task        ] GC(919) Using 6 workers of 6 for evacuation
[3757.530s][info][gc,phases      ] GC(919)   Pre Evacuate Collection Set: 0.41ms
[3757.530s][info][gc,phases      ] GC(919)   Merge Heap Roots: 0.46ms
[3757.530s][info][gc,phases      ] GC(919)   Evacuate Collection Set: 113.77ms
[3757.530s][info][gc,phases      ] GC(919)   Post Evacuate Collection Set: 0.88ms
[3757.530s][info][gc,phases      ] GC(919)   Other: 0.11ms
[3757.530s][info][gc,heap        ] GC(919) Eden regions: 1114->0(1120)
[3757.530s][info][gc,heap        ] GC(919) Survivor regions: 114->108(154)
[3757.530s][info][gc,heap        ] GC(919) Old regions: 473->506
[3757.530s][info][gc,heap        ] GC(919) Humongous regions: 80->80
[3757.530s][info][gc,metaspace   ] GC(919) Metaspace: 28900K(29248K)->28900K(29248K) NonClass: 24032K(24192K)->24032K(24192K) Class: 4868K(5056K)->4868K(5056K)
[3757.530s][info][gc             ] GC(919) Pause Young (Concurrent Start) (G1 Evacuation Pause) 3558M->1384M(4096M) 115.768ms
[3757.530s][info][gc             ] GC(920) Concurrent Mark Cycle
[3757.530s][info][gc,marking     ] GC(920) Concurrent Scan Root Regions
[3757.530s][info][gc,cpu         ] GC(919) User=0.69s Sys=0.00s Real=0.12s
[3757.698s][info][gc,marking     ] GC(920) Concurrent Scan Root Regions 167.702ms
[3757.698s][info][gc,marking     ] GC(920) Concurrent Mark
[3757.698s][info][gc,marking     ] GC(920) Concurrent Mark From Roots
[3757.698s][info][gc,task        ] GC(920) Using 2 workers of 2 for marking
.[3758.681s][info][gc,marking     ] GC(920) Concurrent Mark From Roots 983.166ms
[3758.681s][info][gc,marking     ] GC(920) Concurrent Preclean
[3758.681s][info][gc,marking     ] GC(920) Concurrent Preclean 0.132ms
[3758.681s][info][gc,start       ] GC(920) Pause Remark
[3758.685s][info][gc             ] GC(920) Pause Remark 2437M->2437M(4096M) 3.186ms
[3758.685s][info][gc,cpu         ] GC(920) User=0.02s Sys=0.00s Real=0.00s
[3758.685s][info][gc,marking     ] GC(920) Concurrent Mark 987.365ms
[3758.685s][info][gc,marking     ] GC(920) Concurrent Rebuild Remembered Sets and Scrub Regions
.[3759.101s][info][gc,marking     ] GC(920) Concurrent Rebuild Remembered Sets and Scrub Regions 416.175ms
[3759.102s][info][gc,start       ] GC(920) Pause Cleanup
[3759.102s][info][gc             ] GC(920) Pause Cleanup 2789M->2789M(4096M) 0.113ms
[3759.102s][info][gc,cpu         ] GC(920) User=0.00s Sys=0.00s Real=0.00s
[3759.102s][info][gc,marking     ] GC(920) Concurrent Clear Claimed Marks
[3759.102s][info][gc,marking     ] GC(920) Concurrent Clear Claimed Marks 0.027ms
[3759.102s][info][gc,marking     ] GC(920) Concurrent Cleanup for Next Mark
[3759.107s][info][gc,marking     ] GC(920) Concurrent Cleanup for Next Mark 4.782ms
[3759.107s][info][gc             ] GC(920) Concurrent Mark Cycle 1576.625ms
.[3760.167s][info][gc,start       ] GC(921) Pause Young (Prepare Mixed) (G1 Evacuation Pause)
[3760.167s][info][gc,task        ] GC(921) Using 6 workers of 6 for evacuation
[3760.282s][info][gc,phases      ] GC(921)   Pre Evacuate Collection Set: 0.34ms
[3760.282s][info][gc,phases      ] GC(921)   Merge Heap Roots: 0.56ms
[3760.282s][info][gc,phases      ] GC(921)   Evacuate Collection Set: 112.83ms
[3760.282s][info][gc,phases      ] GC(921)   Post Evacuate Collection Set: 0.95ms
[3760.282s][info][gc,phases      ] GC(921)   Other: 0.08ms
[3760.282s][info][gc,heap        ] GC(921) Eden regions: 1120->0(1115)
[3760.282s][info][gc,heap        ] GC(921) Survivor regions: 108->107(154)
[3760.282s][info][gc,heap        ] GC(921) Old regions: 506->536
[3760.282s][info][gc,heap        ] GC(921) Humongous regions: 80->80
[3760.282s][info][gc,metaspace   ] GC(921) Metaspace: 28900K(29248K)->28900K(29248K) NonClass: 24032K(24192K)->24032K(24192K) Class: 4868K(5056K)->4868K(5056K)
[3760.282s][info][gc             ] GC(921) Pause Young (Prepare Mixed) (G1 Evacuation Pause) 3624M->1444M(4096M) 114.918ms
[3760.282s][info][gc,cpu         ] GC(921) User=0.68s Sys=0.00s Real=0.11s
..[3763.012s][info][gc,start       ] GC(922) Pause Young (Mixed) (G1 Evacuation Pause)
[3763.012s][info][gc,task        ] GC(922) Using 6 workers of 6 for evacuation
[3763.154s][info][gc,phases      ] GC(922)   Pre Evacuate Collection Set: 0.37ms
[3763.154s][info][gc,phases      ] GC(922)   Merge Heap Roots: 0.83ms
[3763.154s][info][gc,phases      ] GC(922)   Evacuate Collection Set: 139.66ms
[3763.154s][info][gc,phases      ] GC(922)   Post Evacuate Collection Set: 0.90ms
[3763.154s][info][gc,phases      ] GC(922)   Other: 0.08ms
[3763.154s][info][gc,heap        ] GC(922) Eden regions: 1115->0(1115)
[3763.154s][info][gc,heap        ] GC(922) Survivor regions: 107->113(153)
[3763.154s][info][gc,heap        ] GC(922) Old regions: 536->474
[3763.154s][info][gc,heap        ] GC(922) Humongous regions: 80->80
[3763.154s][info][gc,metaspace   ] GC(922) Metaspace: 28900K(29248K)->28900K(29248K) NonClass: 24032K(24192K)->24032K(24192K) Class: 4868K(5056K)->4868K(5056K)
[3763.154s][info][gc             ] GC(922) Pause Young (Mixed) (G1 Evacuation Pause) 3674M->1331M(4096M) 141.972ms
[3763.154s][info][gc,cpu         ] GC(922) User=0.84s Sys=0.00s Real=0.14s
...[3765.791s][info][gc,start       ] GC(923) Pause Young (Concurrent Start) (G1 Evacuation Pause)
[3765.791s][info][gc,task        ] GC(923) Using 6 workers of 6 for evacuation
[3765.913s][info][gc,phases      ] GC(923)   Pre Evacuate Collection Set: 0.37ms
[3765.913s][info][gc,phases      ] GC(923)   Merge Heap Roots: 0.47ms
[3765.913s][info][gc,phases      ] GC(923)   Evacuate Collection Set: 119.82ms
[3765.913s][info][gc,phases      ] GC(923)   Post Evacuate Collection Set: 0.86ms
[3765.913s][info][gc,phases      ] GC(923)   Other: 0.13ms
[3765.913s][info][gc,heap        ] GC(923) Eden regions: 1115->0(1114)
[3765.913s][info][gc,heap        ] GC(923) Survivor regions: 113->114(154)
[3765.913s][info][gc,heap        ] GC(923) Old regions: 474->505
[3765.913s][info][gc,heap        ] GC(923) Humongous regions: 80->80
[3765.913s][info][gc,metaspace   ] GC(923) Metaspace: 28900K(29248K)->28900K(29248K) NonClass: 24032K(24192K)->24032K(24192K) Class: 4868K(5056K)->4868K(5056K)
[3765.913s][info][gc             ] GC(923) Pause Young (Concurrent Start) (G1 Evacuation Pause) 3561M->1395M(4096M) 121.772ms
[3765.913s][info][gc             ] GC(924) Concurrent Mark Cycle
[3765.913s][info][gc,marking     ] GC(924) Concurrent Scan Root Regions
[3765.913s][info][gc,cpu         ] GC(923) User=0.72s Sys=0.00s Real=0.12s
[3766.086s][info][gc,marking     ] GC(924) Concurrent Scan Root Regions 172.981ms
[3766.086s][info][gc,marking     ] GC(924) Concurrent Mark
[3766.086s][info][gc,marking     ] GC(924) Concurrent Mark From Roots
[3766.086s][info][gc,task        ] GC(924) Using 2 workers of 2 for marking
.[3767.121s][info][gc,marking     ] GC(924) Concurrent Mark From Roots 1034.937ms
[3767.121s][info][gc,marking     ] GC(924) Concurrent Preclean
[3767.121s][info][gc,marking     ] GC(924) Concurrent Preclean 0.139ms
[3767.121s][info][gc,start       ] GC(924) Pause Remark
[3767.125s][info][gc             ] GC(924) Pause Remark 2412M->2412M(4096M) 3.297ms
[3767.125s][info][gc,cpu         ] GC(924) User=0.02s Sys=0.00s Real=0.00s
[3767.125s][info][gc,marking     ] GC(924) Concurrent Mark 1038.743ms
[3767.125s][info][gc,marking     ] GC(924) Concurrent Rebuild Remembered Sets and Scrub Regions
.[3767.489s][info][gc,marking     ] GC(924) Concurrent Rebuild Remembered Sets and Scrub Regions 363.908ms
[3767.489s][info][gc,start       ] GC(924) Pause Cleanup
[3767.489s][info][gc             ] GC(924) Pause Cleanup 2705M->2705M(4096M) 0.116ms
[3767.489s][info][gc,cpu         ] GC(924) User=0.00s Sys=0.00s Real=0.00s
[3767.489s][info][gc,marking     ] GC(924) Concurrent Clear Claimed Marks
[3767.489s][info][gc,marking     ] GC(924) Concurrent Clear Claimed Marks 0.024ms
[3767.489s][info][gc,marking     ] GC(924) Concurrent Cleanup for Next Mark
[3767.495s][info][gc,marking     ] GC(924) Concurrent Cleanup for Next Mark 5.878ms
[3767.495s][info][gc             ] GC(924) Concurrent Mark Cycle 1582.054ms
.[3768.611s][info][gc,start       ] GC(925) Pause Young (Prepare Mixed) (G1 Evacuation Pause)
[3768.611s][info][gc,task        ] GC(925) Using 6 workers of 6 for evacuation
[3768.727s][info][gc,phases      ] GC(925)   Pre Evacuate Collection Set: 0.33ms
[3768.727s][info][gc,phases      ] GC(925)   Merge Heap Roots: 0.52ms
[3768.727s][info][gc,phases      ] GC(925)   Evacuate Collection Set: 114.40ms
[3768.727s][info][gc,phases      ] GC(925)   Post Evacuate Collection Set: 0.93ms
[3768.727s][info][gc,phases      ] GC(925)   Other: 0.08ms
[3768.727s][info][gc,heap        ] GC(925) Eden regions: 1114->0(1113)
[3768.727s][info][gc,heap        ] GC(925) Survivor regions: 114->108(154)
[3768.727s][info][gc,heap        ] GC(925) Old regions: 505->536
[3768.727s][info][gc,heap        ] GC(925) Humongous regions: 80->80
[3768.727s][info][gc,metaspace   ] GC(925) Metaspace: 28900K(29248K)->28900K(29248K) NonClass: 24032K(24192K)->24032K(24192K) Class: 4868K(5056K)->4868K(5056K)
[3768.727s][info][gc             ] GC(925) Pause Young (Prepare Mixed) (G1 Evacuation Pause) 3623M->1446M(4096M) 116.415ms
[3768.727s][info][gc,cpu         ] GC(925) User=0.69s Sys=0.00s Real=0.12s
...[3771.423s][info][gc,start       ] GC(926) Pause Young (Mixed) (G1 Evacuation Pause)
[3771.423s][info][gc,task        ] GC(926) Using 6 workers of 6 for evacuation
[3771.556s][info][gc,phases      ] GC(926)   Pre Evacuate Collection Set: 0.38ms
[3771.556s][info][gc,phases      ] GC(926)   Merge Heap Roots: 0.81ms
[3771.556s][info][gc,phases      ] GC(926)   Evacuate Collection Set: 130.26ms
[3771.556s][info][gc,phases      ] GC(926)   Post Evacuate Collection Set: 0.92ms
[3771.556s][info][gc,phases      ] GC(926)   Other: 0.09ms
[3771.556s][info][gc,heap        ] GC(926) Eden regions: 1113->0(1120)
[3771.556s][info][gc,heap        ] GC(926) Survivor regions: 108->108(153)
[3771.556s][info][gc,heap        ] GC(926) Old regions: 536->474
[3771.556s][info][gc,heap        ] GC(926) Humongous regions: 80->80
[3771.556s][info][gc,metaspace   ] GC(926) Metaspace: 28900K(29248K)->28900K(29248K) NonClass: 24032K(24192K)->24032K(24192K) Class: 4868K(5056K)->4868K(5056K)
[3771.556s][info][gc             ] GC(926) Pause Young (Mixed) (G1 Evacuation Pause) 3672M->1321M(4096M) 132.591ms
[3771.556s][info][gc,cpu         ] GC(926) User=0.79s Sys=0.00s Real=0.14s
...[3774.279s][info][gc,start       ] GC(927) Pause Young (Concurrent Start) (G1 Evacuation Pause)
[3774.279s][info][gc,task        ] GC(927) Using 6 workers of 6 for evacuation
[3774.398s][info][gc,phases      ] GC(927)   Pre Evacuate Collection Set: 0.35ms
[3774.398s][info][gc,phases      ] GC(927)   Merge Heap Roots: 0.51ms
[3774.398s][info][gc,phases      ] GC(927)   Evacuate Collection Set: 116.81ms
[3774.398s][info][gc,phases      ] GC(927)   Post Evacuate Collection Set: 0.87ms
[3774.398s][info][gc,phases      ] GC(927)   Other: 0.10ms
[3774.398s][info][gc,heap        ] GC(927) Eden regions: 1120->0(1118)
[3774.398s][info][gc,heap        ] GC(927) Survivor regions: 108->110(154)
[3774.398s][info][gc,heap        ] GC(927) Old regions: 474->505
[3774.398s][info][gc,heap        ] GC(927) Humongous regions: 80->80
[3774.398s][info][gc,metaspace   ] GC(927) Metaspace: 28900K(29248K)->28900K(29248K) NonClass: 24032K(24192K)->24032K(24192K) Class: 4868K(5056K)->4868K(5056K)
[3774.398s][info][gc             ] GC(927) Pause Young (Concurrent Start) (G1 Evacuation Pause) 3561M->1388M(4096M) 118.774ms
[3774.398s][info][gc             ] GC(928) Concurrent Mark Cycle
[3774.398s][info][gc,marking     ] GC(928) Concurrent Scan Root Regions
[3774.398s][info][gc,cpu         ] GC(927) User=0.71s Sys=0.00s Real=0.12s
[3774.574s][info][gc,marking     ] GC(928) Concurrent Scan Root Regions 176.086ms
[3774.574s][info][gc,marking     ] GC(928) Concurrent Mark
[3774.574s][info][gc,marking     ] GC(928) Concurrent Mark From Roots
[3774.574s][info][gc,task        ] GC(928) Using 2 workers of 2 for marking
.[3775.468s][info][gc,marking     ] GC(928) Concurrent Mark From Roots 894.002ms
[3775.468s][info][gc,marking     ] GC(928) Concurrent Preclean
[3775.468s][info][gc,marking     ] GC(928) Concurrent Preclean 0.100ms
[3775.468s][info][gc,start       ] GC(928) Pause Remark
[3775.472s][info][gc             ] GC(928) Pause Remark 2317M->2317M(4096M) 3.167ms
[3775.472s][info][gc,cpu         ] GC(928) User=0.02s Sys=0.00s Real=0.00s
[3775.472s][info][gc,marking     ] GC(928) Concurrent Mark 897.542ms
[3775.472s][info][gc,marking     ] GC(928) Concurrent Rebuild Remembered Sets and Scrub Regions
[3775.821s][info][gc,marking     ] GC(928) Concurrent Rebuild Remembered Sets and Scrub Regions 349.163ms
[3775.821s][info][gc,start       ] GC(928) Pause Cleanup
[3775.821s][info][gc             ] GC(928) Pause Cleanup 2598M->2598M(4096M) 0.118ms
[3775.821s][info][gc,cpu         ] GC(928) User=0.00s Sys=0.00s Real=0.00s
[3775.821s][info][gc,marking     ] GC(928) Concurrent Clear Claimed Marks
[3775.821s][info][gc,marking     ] GC(928) Concurrent Clear Claimed Marks 0.026ms
[3775.821s][info][gc,marking     ] GC(928) Concurrent Cleanup for Next Mark
[3775.826s][info][gc,marking     ] GC(928) Concurrent Cleanup for Next Mark 4.222ms
[3775.826s][info][gc             ] GC(928) Concurrent Mark Cycle 1427.784ms
.[3777.119s][info][gc,start       ] GC(929) Pause Young (Prepare Mixed) (G1 Evacuation Pause)
[3777.119s][info][gc,task        ] GC(929) Using 6 workers of 6 for evacuation
[3777.235s][info][gc,phases      ] GC(929)   Pre Evacuate Collection Set: 0.33ms
[3777.235s][info][gc,phases      ] GC(929)   Merge Heap Roots: 0.55ms
[3777.235s][info][gc,phases      ] GC(929)   Evacuate Collection Set: 113.38ms
[3777.235s][info][gc,phases      ] GC(929)   Post Evacuate Collection Set: 0.94ms
[3777.235s][info][gc,phases      ] GC(929)   Other: 0.08ms
[3777.235s][info][gc,heap        ] GC(929) Eden regions: 1118->0(1112)
[3777.235s][info][gc,heap        ] GC(929) Survivor regions: 110->108(154)
[3777.235s][info][gc,heap        ] GC(929) Old regions: 505->537
[3777.235s][info][gc,heap        ] GC(929) Humongous regions: 80->80
[3777.235s][info][gc,metaspace   ] GC(929) Metaspace: 28900K(29248K)->28900K(29248K) NonClass: 24032K(24192K)->24032K(24192K) Class: 4868K(5056K)->4868K(5056K)
[3777.235s][info][gc             ] GC(929) Pause Young (Prepare Mixed) (G1 Evacuation Pause) 3624M->1448M(4096M) 115.438ms
[3777.235s][info][gc,cpu         ] GC(929) User=0.68s Sys=0.00s Real=0.12s
...[3779.970s][info][gc,start       ] GC(930) Pause Young (Mixed) (G1 Evacuation Pause)
[3779.970s][info][gc,task        ] GC(930) Using 6 workers of 6 for evacuation
[3780.106s][info][gc,phases      ] GC(930)   Pre Evacuate Collection Set: 0.34ms
[3780.106s][info][gc,phases      ] GC(930)   Merge Heap Roots: 0.73ms
[3780.106s][info][gc,phases      ] GC(930)   Evacuate Collection Set: 133.54ms
[3780.106s][info][gc,phases      ] GC(930)   Post Evacuate Collection Set: 0.95ms
[3780.106s][info][gc,phases      ] GC(930)   Other: 0.09ms
[3780.106s][info][gc,heap        ] GC(930) Eden regions: 1112->0(1116)
[3780.106s][info][gc,heap        ] GC(930) Survivor regions: 108->112(153)
[3780.106s][info][gc,heap        ] GC(930) Old regions: 537->473
[3780.106s][info][gc,heap        ] GC(930) Humongous regions: 80->80
[3780.106s][info][gc,metaspace   ] GC(930) Metaspace: 28900K(29248K)->28900K(29248K) NonClass: 24032K(24192K)->24032K(24192K) Class: 4868K(5056K)->4868K(5056K)
[3780.106s][info][gc             ] GC(930) Pause Young (Mixed) (G1 Evacuation Pause) 3672M->1327M(4096M) 135.802ms
[3780.106s][info][gc,cpu         ] GC(930) User=0.81s Sys=0.00s Real=0.14s
...[3782.752s][info][gc,start       ] GC(931) Pause Young (Concurrent Start) (G1 Evacuation Pause)
[3782.752s][info][gc,task        ] GC(931) Using 6 workers of 6 for evacuation
[3782.871s][info][gc,phases      ] GC(931)   Pre Evacuate Collection Set: 0.34ms
[3782.871s][info][gc,phases      ] GC(931)   Merge Heap Roots: 0.48ms
[3782.871s][info][gc,phases      ] GC(931)   Evacuate Collection Set: 116.81ms
[3782.871s][info][gc,phases      ] GC(931)   Post Evacuate Collection Set: 0.88ms
[3782.871s][info][gc,phases      ] GC(931)   Other: 0.11ms
[3782.871s][info][gc,heap        ] GC(931) Eden regions: 1116->0(1117)
[3782.871s][info][gc,heap        ] GC(931) Survivor regions: 112->111(154)
[3782.871s][info][gc,heap        ] GC(931) Old regions: 473->505
[3782.871s][info][gc,heap        ] GC(931) Humongous regions: 80->80
[3782.871s][info][gc,metaspace   ] GC(931) Metaspace: 28900K(29248K)->28900K(29248K) NonClass: 24032K(24192K)->24032K(24192K) Class: 4868K(5056K)->4868K(5056K)
[3782.871s][info][gc             ] GC(931) Pause Young (Concurrent Start) (G1 Evacuation Pause) 3559M->1388M(4096M) 118.775ms
[3782.871s][info][gc             ] GC(932) Concurrent Mark Cycle
[3782.871s][info][gc,marking     ] GC(932) Concurrent Scan Root Regions
[3782.871s][info][gc,cpu         ] GC(931) User=0.71s Sys=0.00s Real=0.12s
[3783.008s][info][gc,marking     ] GC(932) Concurrent Scan Root Regions 137.102ms
[3783.008s][info][gc,marking     ] GC(932) Concurrent Mark
[3783.008s][info][gc,marking     ] GC(932) Concurrent Mark From Roots
[3783.008s][info][gc,task        ] GC(932) Using 2 workers of 2 for marking
.[3783.724s][info][gc,marking     ] GC(932) Concurrent Mark From Roots 716.425ms
[3783.725s][info][gc,marking     ] GC(932) Concurrent Preclean
[3783.725s][info][gc,marking     ] GC(932) Concurrent Preclean 0.145ms
[3783.725s][info][gc,start       ] GC(932) Pause Remark
[3783.728s][info][gc             ] GC(932) Pause Remark 2135M->2135M(4096M) 3.061ms
[3783.728s][info][gc,cpu         ] GC(932) User=0.01s Sys=0.00s Real=0.00s
[3783.728s][info][gc,marking     ] GC(932) Concurrent Mark 719.942ms
[3783.728s][info][gc,marking     ] GC(932) Concurrent Rebuild Remembered Sets and Scrub Regions
[3784.038s][info][gc,marking     ] GC(932) Concurrent Rebuild Remembered Sets and Scrub Regions 310.317ms
[3784.038s][info][gc,start       ] GC(932) Pause Cleanup
[3784.039s][info][gc             ] GC(932) Pause Cleanup 2385M->2385M(4096M) 0.108ms
[3784.039s][info][gc,cpu         ] GC(932) User=0.00s Sys=0.00s Real=0.00s
[3784.039s][info][gc,marking     ] GC(932) Concurrent Clear Claimed Marks
[3784.039s][info][gc,marking     ] GC(932) Concurrent Clear Claimed Marks 0.031ms
[3784.039s][info][gc,marking     ] GC(932) Concurrent Cleanup for Next Mark
[3784.045s][info][gc,marking     ] GC(932) Concurrent Cleanup for Next Mark 6.025ms
[3784.045s][info][gc             ] GC(932) Concurrent Mark Cycle 1173.905ms
..[3785.580s][info][gc,start       ] GC(933) Pause Young (Prepare Mixed) (G1 Evacuation Pause)
[3785.580s][info][gc,task        ] GC(933) Using 6 workers of 6 for evacuation
[3785.697s][info][gc,phases      ] GC(933)   Pre Evacuate Collection Set: 0.32ms
[3785.697s][info][gc,phases      ] GC(933)   Merge Heap Roots: 0.55ms
[3785.697s][info][gc,phases      ] GC(933)   Evacuate Collection Set: 114.93ms
[3785.697s][info][gc,phases      ] GC(933)   Post Evacuate Collection Set: 0.92ms
[3785.697s][info][gc,phases      ] GC(933)   Other: 0.09ms
[3785.697s][info][gc,heap        ] GC(933) Eden regions: 1117->0(1113)
[3785.697s][info][gc,heap        ] GC(933) Survivor regions: 111->108(154)
[3785.697s][info][gc,heap        ] GC(933) Old regions: 505->536
[3785.697s][info][gc,heap        ] GC(933) Humongous regions: 80->80
[3785.697s][info][gc,metaspace   ] GC(933) Metaspace: 28900K(29248K)->28900K(29248K) NonClass: 24032K(24192K)->24032K(24192K) Class: 4868K(5056K)->4868K(5056K)
[3785.697s][info][gc             ] GC(933) Pause Young (Prepare Mixed) (G1 Evacuation Pause) 3622M->1446M(4096M) 116.943ms
[3785.697s][info][gc,cpu         ] GC(933) User=0.70s Sys=0.00s Real=0.12s
...[3788.379s][info][gc,start       ] GC(934) Pause Young (Mixed) (G1 Evacuation Pause)
[3788.379s][info][gc,task        ] GC(934) Using 6 workers of 6 for evacuation
[3788.512s][info][gc,phases      ] GC(934)   Pre Evacuate Collection Set: 0.35ms
[3788.512s][info][gc,phases      ] GC(934)   Merge Heap Roots: 0.70ms
[3788.512s][info][gc,phases      ] GC(934)   Evacuate Collection Set: 130.45ms
[3788.512s][info][gc,phases      ] GC(934)   Post Evacuate Collection Set: 0.94ms
[3788.512s][info][gc,phases      ] GC(934)   Other: 0.10ms
[3788.512s][info][gc,heap        ] GC(934) Eden regions: 1113->0(1120)
[3788.512s][info][gc,heap        ] GC(934) Survivor regions: 108->108(153)
[3788.512s][info][gc,heap        ] GC(934) Old regions: 536->472
[3788.512s][info][gc,heap        ] GC(934) Humongous regions: 80->80
[3788.512s][info][gc,metaspace   ] GC(934) Metaspace: 28900K(29248K)->28900K(29248K) NonClass: 24032K(24192K)->24032K(24192K) Class: 4868K(5056K)->4868K(5056K)
[3788.512s][info][gc             ] GC(934) Pause Young (Mixed) (G1 Evacuation Pause) 3672M->1317M(4096M) 132.680ms
[3788.512s][info][gc,cpu         ] GC(934) User=0.79s Sys=0.00s Real=0.13s
...[3791.315s][info][gc,start       ] GC(935) Pause Young (Concurrent Start) (G1 Evacuation Pause)
[3791.315s][info][gc,task        ] GC(935) Using 6 workers of 6 for evacuation
[3791.432s][info][gc,phases      ] GC(935)   Pre Evacuate Collection Set: 0.37ms
[3791.432s][info][gc,phases      ] GC(935)   Merge Heap Roots: 0.47ms
[3791.432s][info][gc,phases      ] GC(935)   Evacuate Collection Set: 115.34ms
[3791.432s][info][gc,phases      ] GC(935)   Post Evacuate Collection Set: 0.91ms
[3791.432s][info][gc,phases      ] GC(935)   Other: 0.11ms
[3791.432s][info][gc,heap        ] GC(935) Eden regions: 1120->0(1119)
[3791.432s][info][gc,heap        ] GC(935) Survivor regions: 108->109(154)
[3791.432s][info][gc,heap        ] GC(935) Old regions: 472->504
[3791.432s][info][gc,heap        ] GC(935) Humongous regions: 80->80
[3791.432s][info][gc,metaspace   ] GC(935) Metaspace: 28900K(29248K)->28900K(29248K) NonClass: 24032K(24192K)->24032K(24192K) Class: 4868K(5056K)->4868K(5056K)
[3791.432s][info][gc             ] GC(935) Pause Young (Concurrent Start) (G1 Evacuation Pause) 3557M->1383M(4096M) 117.329ms
[3791.432s][info][gc             ] GC(936) Concurrent Mark Cycle
[3791.432s][info][gc,marking     ] GC(936) Concurrent Scan Root Regions
[3791.432s][info][gc,cpu         ] GC(935) User=0.70s Sys=0.00s Real=0.11s
[3791.560s][info][gc,marking     ] GC(936) Concurrent Scan Root Regions 127.957ms
[3791.560s][info][gc,marking     ] GC(936) Concurrent Mark
[3791.560s][info][gc,marking     ] GC(936) Concurrent Mark From Roots
[3791.560s][info][gc,task        ] GC(936) Using 2 workers of 2 for marking
[3792.266s][info][gc,marking     ] GC(936) Concurrent Mark From Roots 706.031ms
[3792.266s][info][gc,marking     ] GC(936) Concurrent Preclean
[3792.267s][info][gc,marking     ] GC(936) Concurrent Preclean 0.098ms
[3792.268s][info][gc,start       ] GC(936) Pause Remark
[3792.271s][info][gc             ] GC(936) Pause Remark 2103M->2103M(4096M) 2.862ms
[3792.271s][info][gc,cpu         ] GC(936) User=0.01s Sys=0.00s Real=0.00s
[3792.271s][info][gc,marking     ] GC(936) Concurrent Mark 710.797ms
[3792.271s][info][gc,marking     ] GC(936) Concurrent Rebuild Remembered Sets and Scrub Regions
.[3792.540s][info][gc,marking     ] GC(936) Concurrent Rebuild Remembered Sets and Scrub Regions 269.118ms
[3792.541s][info][gc,start       ] GC(936) Pause Cleanup
[3792.541s][info][gc             ] GC(936) Pause Cleanup 2387M->2387M(4096M) 0.109ms
[3792.541s][info][gc,cpu         ] GC(936) User=0.00s Sys=0.00s Real=0.00s
[3792.542s][info][gc,marking     ] GC(936) Concurrent Clear Claimed Marks
[3792.542s][info][gc,marking     ] GC(936) Concurrent Clear Claimed Marks 0.039ms
[3792.542s][info][gc,marking     ] GC(936) Concurrent Cleanup for Next Mark
[3792.548s][info][gc,marking     ] GC(936) Concurrent Cleanup for Next Mark 5.376ms
[3792.548s][info][gc             ] GC(936) Concurrent Mark Cycle 1115.389ms
.[3794.023s][info][gc,start       ] GC(937) Pause Young (Prepare Mixed) (G1 Evacuation Pause)
[3794.024s][info][gc,task        ] GC(937) Using 6 workers of 6 for evacuation
[3794.142s][info][gc,phases      ] GC(937)   Pre Evacuate Collection Set: 0.35ms
[3794.142s][info][gc,phases      ] GC(937)   Merge Heap Roots: 0.51ms
[3794.142s][info][gc,phases      ] GC(937)   Evacuate Collection Set: 116.60ms
[3794.142s][info][gc,phases      ] GC(937)   Post Evacuate Collection Set: 0.93ms
[3794.142s][info][gc,phases      ] GC(937)   Other: 0.09ms
[3794.142s][info][gc,heap        ] GC(937) Eden regions: 1119->0(1110)
[3794.142s][info][gc,heap        ] GC(937) Survivor regions: 109->110(154)
[3794.142s][info][gc,heap        ] GC(937) Old regions: 504->535
[3794.142s][info][gc,heap        ] GC(937) Humongous regions: 80->80
[3794.142s][info][gc,metaspace   ] GC(937) Metaspace: 28900K(29248K)->28900K(29248K) NonClass: 24032K(24192K)->24032K(24192K) Class: 4868K(5056K)->4868K(5056K)
[3794.142s][info][gc             ] GC(937) Pause Young (Prepare Mixed) (G1 Evacuation Pause) 3621M->1448M(4096M) 118.617ms
[3794.142s][info][gc,cpu         ] GC(937) User=0.70s Sys=0.00s Real=0.12s
...[3796.847s][info][gc,start       ] GC(938) Pause Young (Mixed) (G1 Evacuation Pause)
[3796.847s][info][gc,task        ] GC(938) Using 6 workers of 6 for evacuation
[3796.983s][info][gc,phases      ] GC(938)   Pre Evacuate Collection Set: 0.36ms
[3796.983s][info][gc,phases      ] GC(938)   Merge Heap Roots: 0.70ms
[3796.983s][info][gc,phases      ] GC(938)   Evacuate Collection Set: 134.41ms
[3796.983s][info][gc,phases      ] GC(938)   Post Evacuate Collection Set: 0.95ms
[3796.983s][info][gc,phases      ] GC(938)   Other: 0.09ms
[3796.983s][info][gc,heap        ] GC(938) Eden regions: 1110->0(1118)
[3796.983s][info][gc,heap        ] GC(938) Survivor regions: 110->110(153)
[3796.983s][info][gc,heap        ] GC(938) Old regions: 535->474
[3796.983s][info][gc,heap        ] GC(938) Humongous regions: 80->80
[3796.983s][info][gc,metaspace   ] GC(938) Metaspace: 28900K(29248K)->28900K(29248K) NonClass: 24032K(24192K)->24032K(24192K) Class: 4868K(5056K)->4868K(5056K)
[3796.983s][info][gc             ] GC(938) Pause Young (Mixed) (G1 Evacuation Pause) 3668M->1325M(4096M) 136.642ms
[3796.983s][info][gc,cpu         ] GC(938) User=0.82s Sys=0.00s Real=0.13s
...[3799.684s][info][gc,start       ] GC(939) Pause Young (Concurrent Start) (G1 Evacuation Pause)
[3799.684s][info][gc,task        ] GC(939) Using 6 workers of 6 for evacuation
[3799.805s][info][gc,phases      ] GC(939)   Pre Evacuate Collection Set: 0.34ms
[3799.805s][info][gc,phases      ] GC(939)   Merge Heap Roots: 0.46ms
[3799.805s][info][gc,phases      ] GC(939)   Evacuate Collection Set: 119.26ms
[3799.805s][info][gc,phases      ] GC(939)   Post Evacuate Collection Set: 0.91ms
[3799.805s][info][gc,phases      ] GC(939)   Other: 0.11ms
[3799.805s][info][gc,heap        ] GC(939) Eden regions: 1118->0(1115)
[3799.805s][info][gc,heap        ] GC(939) Survivor regions: 110->113(154)
[3799.805s][info][gc,heap        ] GC(939) Old regions: 474->504
[3799.805s][info][gc,heap        ] GC(939) Humongous regions: 80->80
[3799.805s][info][gc,metaspace   ] GC(939) Metaspace: 28900K(29248K)->28900K(29248K) NonClass: 24032K(24192K)->24032K(24192K) Class: 4868K(5056K)->4868K(5056K)
[3799.805s][info][gc             ] GC(939) Pause Young (Concurrent Start) (G1 Evacuation Pause) 3561M->1391M(4096M) 121.206ms
[3799.805s][info][gc             ] GC(940) Concurrent Mark Cycle
[3799.805s][info][gc,marking     ] GC(940) Concurrent Scan Root Regions
[3799.805s][info][gc,cpu         ] GC(939) User=0.72s Sys=0.00s Real=0.13s
[3799.938s][info][gc,marking     ] GC(940) Concurrent Scan Root Regions 132.529ms
[3799.938s][info][gc,marking     ] GC(940) Concurrent Mark
[3799.938s][info][gc,marking     ] GC(940) Concurrent Mark From Roots
[3799.938s][info][gc,task        ] GC(940) Using 2 workers of 2 for marking
.[3800.654s][info][gc,marking     ] GC(940) Concurrent Mark From Roots 716.460ms
[3800.654s][info][gc,marking     ] GC(940) Concurrent Preclean
[3800.654s][info][gc,marking     ] GC(940) Concurrent Preclean 0.097ms
[3800.655s][info][gc,start       ] GC(940) Pause Remark
[3800.657s][info][gc             ] GC(940) Pause Remark 2134M->2134M(4096M) 2.882ms
[3800.657s][info][gc,cpu         ] GC(940) User=0.02s Sys=0.00s Real=0.01s
[3800.658s][info][gc,marking     ] GC(940) Concurrent Mark 719.964ms
[3800.658s][info][gc,marking     ] GC(940) Concurrent Rebuild Remembered Sets and Scrub Regions
[3800.954s][info][gc,marking     ] GC(940) Concurrent Rebuild Remembered Sets and Scrub Regions 296.407ms
[3800.954s][info][gc,start       ] GC(940) Pause Cleanup
[3800.954s][info][gc             ] GC(940) Pause Cleanup 2375M->2375M(4096M) 0.100ms
[3800.954s][info][gc,cpu         ] GC(940) User=0.00s Sys=0.00s Real=0.00s
[3800.954s][info][gc,marking     ] GC(940) Concurrent Clear Claimed Marks
[3800.954s][info][gc,marking     ] GC(940) Concurrent Clear Claimed Marks 0.023ms
[3800.954s][info][gc,marking     ] GC(940) Concurrent Cleanup for Next Mark
[3800.959s][info][gc,marking     ] GC(940) Concurrent Cleanup for Next Mark 4.535ms
[3800.959s][info][gc             ] GC(940) Concurrent Mark Cycle 1153.933ms
..[3802.455s][info][gc,start       ] GC(941) Pause Young (Prepare Mixed) (G1 Evacuation Pause)
[3802.455s][info][gc,task        ] GC(941) Using 6 workers of 6 for evacuation
[3802.573s][info][gc,phases      ] GC(941)   Pre Evacuate Collection Set: 0.38ms
[3802.573s][info][gc,phases      ] GC(941)   Merge Heap Roots: 0.56ms
[3802.573s][info][gc,phases      ] GC(941)   Evacuate Collection Set: 115.34ms
[3802.573s][info][gc,phases      ] GC(941)   Post Evacuate Collection Set: 0.98ms
[3802.573s][info][gc,phases      ] GC(941)   Other: 0.10ms
[3802.573s][info][gc,heap        ] GC(941) Eden regions: 1115->0(1113)
[3802.573s][info][gc,heap        ] GC(941) Survivor regions: 113->108(154)
[3802.573s][info][gc,heap        ] GC(941) Old regions: 504->536
[3802.573s][info][gc,heap        ] GC(941) Humongous regions: 80->80
[3802.573s][info][gc,metaspace   ] GC(941) Metaspace: 28900K(29248K)->28900K(29248K) NonClass: 24032K(24192K)->24032K(24192K) Class: 4868K(5056K)->4868K(5056K)
[3802.573s][info][gc             ] GC(941) Pause Young (Prepare Mixed) (G1 Evacuation Pause) 3621M->1445M(4096M) 117.511ms
[3802.573s][info][gc,cpu         ] GC(941) User=0.70s Sys=0.00s Real=0.11s
.. (rIR:aIR:PR = 6642:6645:6644) (tPR = 98378) [OK] 
  3804s: Performance info:
         Transaction,    Success,    Partial,     Failed,   Receipts, AvgBarcode, 
             Overall,     402022,          0,          0,     381946,      59.48, 
         Response times:
             Request,    Success,    Partial,     Failed,   SkipFail,     Probes,    Samples,      min,      p50,      p90,      p95,      p99,      max, 
       TotalPurchase,     382042,          0,          0,          0,     359663,     405428,      300,     5500,    33000,    59000,   143000,   309000,
     InStorePurchase,     200895,          0,          0,          0,     189064,     212865,      300,     5500,    33000,    59000,   139000,   295000,
      OnlinePurchase,     140877,          0,          0,          0,     132689,     149480,      300,     5700,    34000,    61950,   155000,   309000,
        InstPurchase,      40270,          0,          0,          0,      37910,      43083,      400,     5100,    30000,    56000,   132000,   309000,
          AssocOfCat,        401,          0,          0,          0,        308,        434,    24000,    39000,   101000,   162500,   217900,   276000,
      AssocOfProduct,       4012,          0,          0,          0,       3739,       4449,     1100,     6400,    39000,    65000,   142000,   273000,
      BusinessReport,       1002,          0,          0,          0,        870,       1095,    26000,    39000,    94400,   126600,   211120,   309000,
          CustBuyBeh,       4009,          0,          0,          0,       3779,       4516,      200,     3400,    27000,    47000,   142660,   265000,
       ProductReturn,      10646,          0,          0,          0,       9993,      11583,      200,     5900,    36000,    63000,   144000,   309000,

  3804s: (49%)   IR =   6780 [3805.241s][info][gc,start       ] GC(942) Pause Young (Mixed) (G1 Evacuation Pause)
[3805.241s][info][gc,task        ] GC(942) Using 6 workers of 6 for evacuation
[3805.382s][info][gc,phases      ] GC(942)   Pre Evacuate Collection Set: 0.33ms
[3805.382s][info][gc,phases      ] GC(942)   Merge Heap Roots: 0.78ms
[3805.382s][info][gc,phases      ] GC(942)   Evacuate Collection Set: 138.66ms
[3805.382s][info][gc,phases      ] GC(942)   Post Evacuate Collection Set: 0.98ms
[3805.382s][info][gc,phases      ] GC(942)   Other: 0.09ms
[3805.382s][info][gc,heap        ] GC(942) Eden regions: 1113->0(1118)
[3805.382s][info][gc,heap        ] GC(942) Survivor regions: 108->110(153)
[3805.382s][info][gc,heap        ] GC(942) Old regions: 536->474
[3805.382s][info][gc,heap        ] GC(942) Humongous regions: 80->80
[3805.382s][info][gc,metaspace   ] GC(942) Metaspace: 28900K(29248K)->28900K(29248K) NonClass: 24032K(24192K)->24032K(24192K) Class: 4868K(5056K)->4868K(5056K)
[3805.382s][info][gc             ] GC(942) Pause Young (Mixed) (G1 Evacuation Pause) 3671M->1326M(4096M) 140.972ms
[3805.382s][info][gc,cpu         ] GC(942) User=0.84s Sys=0.00s Real=0.14s
...[3808.028s][info][gc,start       ] GC(943) Pause Young (Concurrent Start) (G1 Evacuation Pause)
[3808.028s][info][gc,task        ] GC(943) Using 6 workers of 6 for evacuation
[3808.149s][info][gc,phases      ] GC(943)   Pre Evacuate Collection Set: 0.35ms
[3808.149s][info][gc,phases      ] GC(943)   Merge Heap Roots: 0.47ms
[3808.149s][info][gc,phases      ] GC(943)   Evacuate Collection Set: 119.51ms
[3808.149s][info][gc,phases      ] GC(943)   Post Evacuate Collection Set: 0.90ms
[3808.149s][info][gc,phases      ] GC(943)   Other: 0.12ms
[3808.149s][info][gc,heap        ] GC(943) Eden regions: 1118->0(1115)
[3808.149s][info][gc,heap        ] GC(943) Survivor regions: 110->113(154)
[3808.149s][info][gc,heap        ] GC(943) Old regions: 474->505
[3808.149s][info][gc,heap        ] GC(943) Humongous regions: 80->80
[3808.149s][info][gc,metaspace   ] GC(943) Metaspace: 28900K(29248K)->28900K(29248K) NonClass: 24032K(24192K)->24032K(24192K) Class: 4868K(5056K)->4868K(5056K)
[3808.149s][info][gc             ] GC(943) Pause Young (Concurrent Start) (G1 Evacuation Pause) 3562M->1394M(4096M) 121.478ms
[3808.149s][info][gc             ] GC(944) Concurrent Mark Cycle
[3808.149s][info][gc,marking     ] GC(944) Concurrent Scan Root Regions
[3808.149s][info][gc,cpu         ] GC(943) User=0.72s Sys=0.00s Real=0.12s
[3808.323s][info][gc,marking     ] GC(944) Concurrent Scan Root Regions 173.727ms
[3808.323s][info][gc,marking     ] GC(944) Concurrent Mark
[3808.323s][info][gc,marking     ] GC(944) Concurrent Mark From Roots
[3808.323s][info][gc,task        ] GC(944) Using 2 workers of 2 for marking
.[3809.218s][info][gc,marking     ] GC(944) Concurrent Mark From Roots 894.800ms
[3809.218s][info][gc,marking     ] GC(944) Concurrent Preclean
[3809.218s][info][gc,marking     ] GC(944) Concurrent Preclean 0.143ms
[3809.220s][info][gc,start       ] GC(944) Pause Remark
[3809.223s][info][gc             ] GC(944) Pause Remark 2320M->2320M(4096M) 3.314ms
[3809.223s][info][gc,cpu         ] GC(944) User=0.01s Sys=0.00s Real=0.00s
[3809.223s][info][gc,marking     ] GC(944) Concurrent Mark 899.990ms
[3809.223s][info][gc,marking     ] GC(944) Concurrent Rebuild Remembered Sets and Scrub Regions
[3809.486s][info][gc,marking     ] GC(944) Concurrent Rebuild Remembered Sets and Scrub Regions 262.971ms
[3809.486s][info][gc,start       ] GC(944) Pause Cleanup
[3809.486s][info][gc             ] GC(944) Pause Cleanup 2543M->2543M(4096M) 0.117ms
[3809.487s][info][gc,cpu         ] GC(944) User=0.00s Sys=0.00s Real=0.00s
[3809.487s][info][gc,marking     ] GC(944) Concurrent Clear Claimed Marks
[3809.487s][info][gc,marking     ] GC(944) Concurrent Clear Claimed Marks 0.022ms
[3809.487s][info][gc,marking     ] GC(944) Concurrent Cleanup for Next Mark
.[3809.490s][info][gc,marking     ] GC(944) Concurrent Cleanup for Next Mark 3.373ms
[3809.490s][info][gc             ] GC(944) Concurrent Mark Cycle 1340.541ms
.[3810.818s][info][gc,start       ] GC(945) Pause Young (Prepare Mixed) (G1 Evacuation Pause)
[3810.818s][info][gc,task        ] GC(945) Using 6 workers of 6 for evacuation
[3810.938s][info][gc,phases      ] GC(945)   Pre Evacuate Collection Set: 0.30ms
[3810.938s][info][gc,phases      ] GC(945)   Merge Heap Roots: 0.52ms
[3810.938s][info][gc,phases      ] GC(945)   Evacuate Collection Set: 118.08ms
[3810.938s][info][gc,phases      ] GC(945)   Post Evacuate Collection Set: 0.90ms
[3810.938s][info][gc,phases      ] GC(945)   Other: 0.09ms
[3810.938s][info][gc,heap        ] GC(945) Eden regions: 1115->0(1104)
[3810.938s][info][gc,heap        ] GC(945) Survivor regions: 113->112(154)
[3810.938s][info][gc,heap        ] GC(945) Old regions: 505->537
[3810.938s][info][gc,heap        ] GC(945) Humongous regions: 80->80
[3810.938s][info][gc,metaspace   ] GC(945) Metaspace: 28900K(29248K)->28900K(29248K) NonClass: 24032K(24192K)->24032K(24192K) Class: 4868K(5056K)->4868K(5056K)
[3810.938s][info][gc             ] GC(945) Pause Young (Prepare Mixed) (G1 Evacuation Pause) 3624M->1455M(4096M) 120.025ms
[3810.938s][info][gc,cpu         ] GC(945) User=0.71s Sys=0.00s Real=0.12s
..|.[3813.526s][info][gc,start       ] GC(946) Pause Young (Mixed) (G1 Evacuation Pause)
[3813.526s][info][gc,task        ] GC(946) Using 6 workers of 6 for evacuation
[3813.657s][info][gc,phases      ] GC(946)   Pre Evacuate Collection Set: 0.32ms
[3813.657s][info][gc,phases      ] GC(946)   Merge Heap Roots: 0.64ms
[3813.657s][info][gc,phases      ] GC(946)   Evacuate Collection Set: 128.86ms
[3813.657s][info][gc,phases      ] GC(946)   Post Evacuate Collection Set: 0.94ms
[3813.657s][info][gc,phases      ] GC(946)   Other: 0.09ms
[3813.657s][info][gc,heap        ] GC(946) Eden regions: 1104->0(1118)
[3813.657s][info][gc,heap        ] GC(946) Survivor regions: 112->110(152)
[3813.657s][info][gc,heap        ] GC(946) Old regions: 537->473
[3813.657s][info][gc,heap        ] GC(946) Humongous regions: 80->80
[3813.657s][info][gc,metaspace   ] GC(946) Metaspace: 28900K(29248K)->28900K(29248K) NonClass: 24032K(24192K)->24032K(24192K) Class: 4868K(5056K)->4868K(5056K)
[3813.657s][info][gc             ] GC(946) Pause Young (Mixed) (G1 Evacuation Pause) 3663M->1323M(4096M) 130.974ms
[3813.657s][info][gc,cpu         ] GC(946) User=0.78s Sys=0.00s Real=0.13s
..[3816.288s][info][gc,start       ] GC(947) Pause Young (Concurrent Start) (G1 Evacuation Pause)
[3816.288s][info][gc,task        ] GC(947) Using 6 workers of 6 for evacuation
[3816.403s][info][gc,phases      ] GC(947)   Pre Evacuate Collection Set: 0.35ms
[3816.403s][info][gc,phases      ] GC(947)   Merge Heap Roots: 0.48ms
[3816.403s][info][gc,phases      ] GC(947)   Evacuate Collection Set: 112.71ms
[3816.403s][info][gc,phases      ] GC(947)   Post Evacuate Collection Set: 0.89ms
[3816.403s][info][gc,phases      ] GC(947)   Other: 0.10ms
[3816.403s][info][gc,heap        ] GC(947) Eden regions: 1118->0(1121)
[3816.403s][info][gc,heap        ] GC(947) Survivor regions: 110->107(154)
[3816.403s][info][gc,heap        ] GC(947) Old regions: 473->506
[3816.403s][info][gc,heap        ] GC(947) Humongous regions: 80->80
[3816.403s][info][gc,metaspace   ] GC(947) Metaspace: 28900K(29248K)->28900K(29248K) NonClass: 24032K(24192K)->24032K(24192K) Class: 4868K(5056K)->4868K(5056K)
[3816.403s][info][gc             ] GC(947) Pause Young (Concurrent Start) (G1 Evacuation Pause) 3559M->1383M(4096M) 114.663ms
[3816.403s][info][gc             ] GC(948) Concurrent Mark Cycle
[3816.403s][info][gc,marking     ] GC(948) Concurrent Scan Root Regions
[3816.403s][info][gc,cpu         ] GC(947) User=0.68s Sys=0.00s Real=0.11s
.[3816.571s][info][gc,marking     ] GC(948) Concurrent Scan Root Regions 167.954ms
[3816.571s][info][gc,marking     ] GC(948) Concurrent Mark
[3816.571s][info][gc,marking     ] GC(948) Concurrent Mark From Roots
[3816.571s][info][gc,task        ] GC(948) Using 2 workers of 2 for marking
[3817.478s][info][gc,marking     ] GC(948) Concurrent Mark From Roots 907.641ms
[3817.479s][info][gc,marking     ] GC(948) Concurrent Preclean
[3817.479s][info][gc,marking     ] GC(948) Concurrent Preclean 0.134ms
[3817.479s][info][gc,start       ] GC(948) Pause Remark
[3817.483s][info][gc             ] GC(948) Pause Remark 2322M->2322M(4096M) 3.840ms
[3817.483s][info][gc,cpu         ] GC(948) User=0.02s Sys=0.00s Real=0.00s
[3817.483s][info][gc,marking     ] GC(948) Concurrent Mark 911.944ms
[3817.483s][info][gc,marking     ] GC(948) Concurrent Rebuild Remembered Sets and Scrub Regions
.[3817.840s][info][gc,marking     ] GC(948) Concurrent Rebuild Remembered Sets and Scrub Regions 356.924ms
[3817.840s][info][gc,start       ] GC(948) Pause Cleanup
[3817.840s][info][gc             ] GC(948) Pause Cleanup 2661M->2661M(4096M) 0.106ms
[3817.840s][info][gc,cpu         ] GC(948) User=0.00s Sys=0.00s Real=0.00s
[3817.840s][info][gc,marking     ] GC(948) Concurrent Clear Claimed Marks
[3817.840s][info][gc,marking     ] GC(948) Concurrent Clear Claimed Marks 0.022ms
[3817.840s][info][gc,marking     ] GC(948) Concurrent Cleanup for Next Mark
[3817.844s][info][gc,marking     ] GC(948) Concurrent Cleanup for Next Mark 3.981ms
[3817.844s][info][gc             ] GC(948) Concurrent Mark Cycle 1441.266ms
.[3819.036s][info][gc,start       ] GC(949) Pause Young (Prepare Mixed) (G1 Evacuation Pause)
[3819.036s][info][gc,task        ] GC(949) Using 6 workers of 6 for evacuation
[3819.152s][info][gc,phases      ] GC(949)   Pre Evacuate Collection Set: 0.31ms
[3819.152s][info][gc,phases      ] GC(949)   Merge Heap Roots: 0.52ms
[3819.152s][info][gc,phases      ] GC(949)   Evacuate Collection Set: 113.96ms
[3819.152s][info][gc,phases      ] GC(949)   Post Evacuate Collection Set: 0.95ms
[3819.152s][info][gc,phases      ] GC(949)   Other: 0.09ms
[3819.152s][info][gc,heap        ] GC(949) Eden regions: 1121->0(1112)
[3819.152s][info][gc,heap        ] GC(949) Survivor regions: 107->108(154)
[3819.152s][info][gc,heap        ] GC(949) Old regions: 506->537
[3819.152s][info][gc,heap        ] GC(949) Humongous regions: 80->80
[3819.152s][info][gc,metaspace   ] GC(949) Metaspace: 28900K(29248K)->28900K(29248K) NonClass: 24032K(24192K)->24032K(24192K) Class: 4868K(5056K)->4868K(5056K)
[3819.152s][info][gc             ] GC(949) Pause Young (Prepare Mixed) (G1 Evacuation Pause) 3625M->1446M(4096M) 115.975ms
[3819.152s][info][gc,cpu         ] GC(949) User=0.69s Sys=0.00s Real=0.11s
...[3821.801s][info][gc,start       ] GC(950) Pause Young (Mixed) (G1 Evacuation Pause)
[3821.801s][info][gc,task        ] GC(950) Using 6 workers of 6 for evacuation
[3821.943s][info][gc,phases      ] GC(950)   Pre Evacuate Collection Set: 0.37ms
[3821.943s][info][gc,phases      ] GC(950)   Merge Heap Roots: 0.78ms
[3821.943s][info][gc,phases      ] GC(950)   Evacuate Collection Set: 140.53ms
[3821.943s][info][gc,phases      ] GC(950)   Post Evacuate Collection Set: 1.01ms
[3821.943s][info][gc,phases      ] GC(950)   Other: 0.09ms
[3821.943s][info][gc,heap        ] GC(950) Eden regions: 1112->0(1114)
[3821.943s][info][gc,heap        ] GC(950) Survivor regions: 108->114(153)
[3821.943s][info][gc,heap        ] GC(950) Old regions: 537->474
[3821.943s][info][gc,heap        ] GC(950) Humongous regions: 80->80
[3821.943s][info][gc,metaspace   ] GC(950) Metaspace: 28900K(29248K)->28900K(29248K) NonClass: 24032K(24192K)->24032K(24192K) Class: 4868K(5056K)->4868K(5056K)
[3821.943s][info][gc             ] GC(950) Pause Young (Mixed) (G1 Evacuation Pause) 3670M->1333M(4096M) 142.911ms
[3821.943s][info][gc,cpu         ] GC(950) User=0.85s Sys=0.00s Real=0.14s
...[3824.577s][info][gc,start       ] GC(951) Pause Young (Concurrent Start) (G1 Evacuation Pause)
[3824.577s][info][gc,task        ] GC(951) Using 6 workers of 6 for evacuation
[3824.694s][info][gc,phases      ] GC(951)   Pre Evacuate Collection Set: 0.35ms
[3824.694s][info][gc,phases      ] GC(951)   Merge Heap Roots: 0.47ms
[3824.694s][info][gc,phases      ] GC(951)   Evacuate Collection Set: 114.72ms
[3824.694s][info][gc,phases      ] GC(951)   Post Evacuate Collection Set: 0.89ms
[3824.694s][info][gc,phases      ] GC(951)   Other: 0.14ms
[3824.694s][info][gc,heap        ] GC(951) Eden regions: 1114->0(1119)
[3824.694s][info][gc,heap        ] GC(951) Survivor regions: 114->109(154)
[3824.694s][info][gc,heap        ] GC(951) Old regions: 474->506
[3824.694s][info][gc,heap        ] GC(951) Humongous regions: 80->80
[3824.694s][info][gc,metaspace   ] GC(951) Metaspace: 28900K(29248K)->28900K(29248K) NonClass: 24032K(24192K)->24032K(24192K) Class: 4868K(5056K)->4868K(5056K)
[3824.694s][info][gc             ] GC(951) Pause Young (Concurrent Start) (G1 Evacuation Pause) 3561M->1386M(4096M) 116.704ms
[3824.694s][info][gc             ] GC(952) Concurrent Mark Cycle
[3824.694s][info][gc,marking     ] GC(952) Concurrent Scan Root Regions
[3824.694s][info][gc,cpu         ] GC(951) User=0.69s Sys=0.00s Real=0.11s
[3824.926s][info][gc,marking     ] GC(952) Concurrent Scan Root Regions 232.068ms
[3824.926s][info][gc,marking     ] GC(952) Concurrent Mark
[3824.926s][info][gc,marking     ] GC(952) Concurrent Mark From Roots
[3824.926s][info][gc,task        ] GC(952) Using 2 workers of 2 for marking
.[3825.877s][info][gc,marking     ] GC(952) Concurrent Mark From Roots 950.809ms
[3825.877s][info][gc,marking     ] GC(952) Concurrent Preclean
[3825.877s][info][gc,marking     ] GC(952) Concurrent Preclean 0.143ms
[3825.879s][info][gc,start       ] GC(952) Pause Remark
[3825.881s][info][gc             ] GC(952) Pause Remark 2400M->2400M(4096M) 2.574ms
[3825.882s][info][gc,cpu         ] GC(952) User=0.01s Sys=0.00s Real=0.00s
[3825.882s][info][gc,marking     ] GC(952) Concurrent Mark 955.430ms
[3825.882s][info][gc,marking     ] GC(952) Concurrent Rebuild Remembered Sets and Scrub Regions
[3826.236s][info][gc,marking     ] GC(952) Concurrent Rebuild Remembered Sets and Scrub Regions 354.259ms
[3826.237s][info][gc,start       ] GC(952) Pause Cleanup
[3826.238s][info][gc             ] GC(952) Pause Cleanup 2762M->2762M(4096M) 0.132ms
[3826.238s][info][gc,cpu         ] GC(952) User=0.00s Sys=0.00s Real=0.00s
[3826.238s][info][gc,marking     ] GC(952) Concurrent Clear Claimed Marks
[3826.238s][info][gc,marking     ] GC(952) Concurrent Clear Claimed Marks 0.035ms
[3826.238s][info][gc,marking     ] GC(952) Concurrent Cleanup for Next Mark
[3826.248s][info][gc,marking     ] GC(952) Concurrent Cleanup for Next Mark 10.576ms
[3826.248s][info][gc             ] GC(952) Concurrent Mark Cycle 1554.285ms
.[3827.339s][info][gc,start       ] GC(953) Pause Young (Prepare Mixed) (G1 Evacuation Pause)
[3827.339s][info][gc,task        ] GC(953) Using 6 workers of 6 for evacuation
[3827.456s][info][gc,phases      ] GC(953)   Pre Evacuate Collection Set: 0.30ms
[3827.456s][info][gc,phases      ] GC(953)   Merge Heap Roots: 0.52ms
[3827.456s][info][gc,phases      ] GC(953)   Evacuate Collection Set: 114.88ms
[3827.456s][info][gc,phases      ] GC(953)   Post Evacuate Collection Set: 0.91ms
[3827.456s][info][gc,phases      ] GC(953)   Other: 0.08ms
[3827.456s][info][gc,heap        ] GC(953) Eden regions: 1119->0(1110)
[3827.456s][info][gc,heap        ] GC(953) Survivor regions: 109->109(154)
[3827.456s][info][gc,heap        ] GC(953) Old regions: 506->537
[3827.456s][info][gc,heap        ] GC(953) Humongous regions: 80->80
[3827.456s][info][gc,metaspace   ] GC(953) Metaspace: 28900K(29248K)->28900K(29248K) NonClass: 24032K(24192K)->24032K(24192K) Class: 4868K(5056K)->4868K(5056K)
[3827.456s][info][gc             ] GC(953) Pause Young (Prepare Mixed) (G1 Evacuation Pause) 3624M->1449M(4096M) 116.820ms
[3827.456s][info][gc,cpu         ] GC(953) User=0.69s Sys=0.00s Real=0.12s
...[3830.072s][info][gc,start       ] GC(954) Pause Young (Mixed) (G1 Evacuation Pause)
[3830.072s][info][gc,task        ] GC(954) Using 6 workers of 6 for evacuation
[3830.208s][info][gc,phases      ] GC(954)   Pre Evacuate Collection Set: 0.34ms
[3830.208s][info][gc,phases      ] GC(954)   Merge Heap Roots: 0.68ms
[3830.208s][info][gc,phases      ] GC(954)   Evacuate Collection Set: 134.05ms
[3830.208s][info][gc,phases      ] GC(954)   Post Evacuate Collection Set: 0.94ms
[3830.208s][info][gc,phases      ] GC(954)   Other: 0.09ms
[3830.208s][info][gc,heap        ] GC(954) Eden regions: 1110->0(1119)
[3830.208s][info][gc,heap        ] GC(954) Survivor regions: 109->109(153)
[3830.208s][info][gc,heap        ] GC(954) Old regions: 537->473
[3830.208s][info][gc,heap        ] GC(954) Humongous regions: 80->80
[3830.208s][info][gc,metaspace   ] GC(954) Metaspace: 28900K(29248K)->28900K(29248K) NonClass: 24032K(24192K)->24032K(24192K) Class: 4868K(5056K)->4868K(5056K)
[3830.208s][info][gc             ] GC(954) Pause Young (Mixed) (G1 Evacuation Pause) 3669M->1322M(4096M) 136.236ms
[3830.208s][info][gc,cpu         ] GC(954) User=0.81s Sys=0.00s Real=0.14s
...[3832.857s][info][gc,start       ] GC(955) Pause Young (Concurrent Start) (G1 Evacuation Pause)
[3832.857s][info][gc,task        ] GC(955) Using 6 workers of 6 for evacuation
[3832.974s][info][gc,phases      ] GC(955)   Pre Evacuate Collection Set: 0.35ms
[3832.974s][info][gc,phases      ] GC(955)   Merge Heap Roots: 0.47ms
[3832.974s][info][gc,phases      ] GC(955)   Evacuate Collection Set: 115.84ms
[3832.974s][info][gc,phases      ] GC(955)   Post Evacuate Collection Set: 0.87ms
[3832.974s][info][gc,phases      ] GC(955)   Other: 0.08ms
[3832.974s][info][gc,heap        ] GC(955) Eden regions: 1119->0(1118)
[3832.974s][info][gc,heap        ] GC(955) Survivor regions: 109->110(154)
[3832.974s][info][gc,heap        ] GC(955) Old regions: 473->506
[3832.974s][info][gc,heap        ] GC(955) Humongous regions: 80->80
[3832.974s][info][gc,metaspace   ] GC(955) Metaspace: 28900K(29248K)->28900K(29248K) NonClass: 24032K(24192K)->24032K(24192K) Class: 4868K(5056K)->4868K(5056K)
[3832.974s][info][gc             ] GC(955) Pause Young (Concurrent Start) (G1 Evacuation Pause) 3560M->1389M(4096M) 117.734ms
[3832.974s][info][gc             ] GC(956) Concurrent Mark Cycle
[3832.974s][info][gc,marking     ] GC(956) Concurrent Scan Root Regions
[3832.974s][info][gc,cpu         ] GC(955) User=0.70s Sys=0.00s Real=0.11s
[3833.106s][info][gc,marking     ] GC(956) Concurrent Scan Root Regions 131.392ms
[3833.106s][info][gc,marking     ] GC(956) Concurrent Mark
[3833.106s][info][gc,marking     ] GC(956) Concurrent Mark From Roots
[3833.106s][info][gc,task        ] GC(956) Using 2 workers of 2 for marking
.[3833.828s][info][gc,marking     ] GC(956) Concurrent Mark From Roots 721.717ms
[3833.828s][info][gc,marking     ] GC(956) Concurrent Preclean
[3833.828s][info][gc,marking     ] GC(956) Concurrent Preclean 0.131ms
[3833.828s][info][gc,start       ] GC(956) Pause Remark
[3833.831s][info][gc             ] GC(956) Pause Remark 2123M->2123M(4096M) 3.031ms
[3833.831s][info][gc,cpu         ] GC(956) User=0.02s Sys=0.00s Real=0.00s
[3833.831s][info][gc,marking     ] GC(956) Concurrent Mark 725.596ms
[3833.831s][info][gc,marking     ] GC(956) Concurrent Rebuild Remembered Sets and Scrub Regions
[3834.088s][info][gc,marking     ] GC(956) Concurrent Rebuild Remembered Sets and Scrub Regions 256.891ms
[3834.088s][info][gc,start       ] GC(956) Pause Cleanup
[3834.089s][info][gc             ] GC(956) Pause Cleanup 2345M->2345M(4096M) 0.099ms
[3834.089s][info][gc,cpu         ] GC(956) User=0.00s Sys=0.00s Real=0.00s
[3834.089s][info][gc,marking     ] GC(956) Concurrent Clear Claimed Marks
[3834.089s][info][gc,marking     ] GC(956) Concurrent Clear Claimed Marks 0.019ms
[3834.089s][info][gc,marking     ] GC(956) Concurrent Cleanup for Next Mark
[3834.092s][info][gc,marking     ] GC(956) Concurrent Cleanup for Next Mark 3.639ms
[3834.092s][info][gc             ] GC(956) Concurrent Mark Cycle 1117.981ms
..[3835.591s][info][gc,start       ] GC(957) Pause Young (Prepare Mixed) (G1 Evacuation Pause)
[3835.591s][info][gc,task        ] GC(957) Using 6 workers of 6 for evacuation
[3835.707s][info][gc,phases      ] GC(957)   Pre Evacuate Collection Set: 0.32ms
[3835.707s][info][gc,phases      ] GC(957)   Merge Heap Roots: 0.50ms
[3835.707s][info][gc,phases      ] GC(957)   Evacuate Collection Set: 113.89ms
[3835.707s][info][gc,phases      ] GC(957)   Post Evacuate Collection Set: 0.92ms
[3835.707s][info][gc,phases      ] GC(957)   Other: 0.10ms
[3835.707s][info][gc,heap        ] GC(957) Eden regions: 1118->0(1111)
[3835.707s][info][gc,heap        ] GC(957) Survivor regions: 110->108(154)
[3835.707s][info][gc,heap        ] GC(957) Old regions: 506->538
[3835.707s][info][gc,heap        ] GC(957) Humongous regions: 80->80
[3835.707s][info][gc,metaspace   ] GC(957) Metaspace: 28900K(29248K)->28900K(29248K) NonClass: 24032K(24192K)->24032K(24192K) Class: 4868K(5056K)->4868K(5056K)
[3835.707s][info][gc             ] GC(957) Pause Young (Prepare Mixed) (G1 Evacuation Pause) 3625M->1450M(4096M) 115.879ms
[3835.707s][info][gc,cpu         ] GC(957) User=0.69s Sys=0.00s Real=0.12s
..[3838.429s][info][gc,start       ] GC(958) Pause Young (Mixed) (G1 Evacuation Pause)
[3838.429s][info][gc,task        ] GC(958) Using 6 workers of 6 for evacuation
[3838.567s][info][gc,phases      ] GC(958)   Pre Evacuate Collection Set: 0.35ms
[3838.567s][info][gc,phases      ] GC(958)   Merge Heap Roots: 0.67ms
[3838.567s][info][gc,phases      ] GC(958)   Evacuate Collection Set: 135.74ms
[3838.567s][info][gc,phases      ] GC(958)   Post Evacuate Collection Set: 0.95ms
[3838.567s][info][gc,phases      ] GC(958)   Other: 0.09ms
[3838.567s][info][gc,heap        ] GC(958) Eden regions: 1111->0(1116)
[3838.567s][info][gc,heap        ] GC(958) Survivor regions: 108->112(153)
[3838.567s][info][gc,heap        ] GC(958) Old regions: 538->473
[3838.567s][info][gc,heap        ] GC(958) Humongous regions: 80->80
[3838.567s][info][gc,metaspace   ] GC(958) Metaspace: 28900K(29248K)->28900K(29248K) NonClass: 24032K(24192K)->24032K(24192K) Class: 4868K(5056K)->4868K(5056K)
[3838.567s][info][gc             ] GC(958) Pause Young (Mixed) (G1 Evacuation Pause) 3672M->1328M(4096M) 137.928ms
[3838.567s][info][gc,cpu         ] GC(958) User=0.82s Sys=0.00s Real=0.14s
...[3841.126s][info][gc,start       ] GC(959) Pause Young (Concurrent Start) (G1 Evacuation Pause)
[3841.126s][info][gc,task        ] GC(959) Using 6 workers of 6 for evacuation
[3841.241s][info][gc,phases      ] GC(959)   Pre Evacuate Collection Set: 0.38ms
[3841.241s][info][gc,phases      ] GC(959)   Merge Heap Roots: 0.45ms
[3841.241s][info][gc,phases      ] GC(959)   Evacuate Collection Set: 112.84ms
[3841.241s][info][gc,phases      ] GC(959)   Post Evacuate Collection Set: 0.86ms
[3841.241s][info][gc,phases      ] GC(959)   Other: 0.10ms
[3841.241s][info][gc,heap        ] GC(959) Eden regions: 1116->0(1121)
[3841.241s][info][gc,heap        ] GC(959) Survivor regions: 112->107(154)
[3841.241s][info][gc,heap        ] GC(959) Old regions: 473->506
[3841.241s][info][gc,heap        ] GC(959) Humongous regions: 80->80
[3841.241s][info][gc,metaspace   ] GC(959) Metaspace: 28900K(29248K)->28900K(29248K) NonClass: 24032K(24192K)->24032K(24192K) Class: 4868K(5056K)->4868K(5056K)
[3841.241s][info][gc             ] GC(959) Pause Young (Concurrent Start) (G1 Evacuation Pause) 3560M->1382M(4096M) 114.755ms
[3841.241s][info][gc             ] GC(960) Concurrent Mark Cycle
[3841.241s][info][gc,marking     ] GC(960) Concurrent Scan Root Regions
[3841.241s][info][gc,cpu         ] GC(959) User=0.68s Sys=0.00s Real=0.11s
[3841.406s][info][gc,marking     ] GC(960) Concurrent Scan Root Regions 165.052ms
[3841.406s][info][gc,marking     ] GC(960) Concurrent Mark
[3841.406s][info][gc,marking     ] GC(960) Concurrent Mark From Roots
[3841.406s][info][gc,task        ] GC(960) Using 2 workers of 2 for marking
.[3842.304s][info][gc,marking     ] GC(960) Concurrent Mark From Roots 897.782ms
[3842.304s][info][gc,marking     ] GC(960) Concurrent Preclean
[3842.304s][info][gc,marking     ] GC(960) Concurrent Preclean 0.127ms
[3842.305s][info][gc,start       ] GC(960) Pause Remark
[3842.308s][info][gc             ] GC(960) Pause Remark 2326M->2326M(4096M) 3.047ms
[3842.308s][info][gc,cpu         ] GC(960) User=0.01s Sys=0.00s Real=0.00s
[3842.308s][info][gc,marking     ] GC(960) Concurrent Mark 901.981ms
[3842.308s][info][gc,marking     ] GC(960) Concurrent Rebuild Remembered Sets and Scrub Regions
.[3842.631s][info][gc,marking     ] GC(960) Concurrent Rebuild Remembered Sets and Scrub Regions 323.037ms
[3842.633s][info][gc,start       ] GC(960) Pause Cleanup
[3842.633s][info][gc             ] GC(960) Pause Cleanup 2594M->2594M(4096M) 0.136ms
[3842.633s][info][gc,cpu         ] GC(960) User=0.00s Sys=0.00s Real=0.00s
[3842.634s][info][gc,marking     ] GC(960) Concurrent Clear Claimed Marks
[3842.634s][info][gc,marking     ] GC(960) Concurrent Clear Claimed Marks 0.038ms
[3842.634s][info][gc,marking     ] GC(960) Concurrent Cleanup for Next Mark
[3842.639s][info][gc,marking     ] GC(960) Concurrent Cleanup for Next Mark 4.754ms
[3842.639s][info][gc             ] GC(960) Concurrent Mark Cycle 1397.718ms
.[3843.878s][info][gc,start       ] GC(961) Pause Young (Prepare Mixed) (G1 Evacuation Pause)
[3843.878s][info][gc,task        ] GC(961) Using 6 workers of 6 for evacuation
[3843.997s][info][gc,phases      ] GC(961)   Pre Evacuate Collection Set: 0.31ms
[3843.997s][info][gc,phases      ] GC(961)   Merge Heap Roots: 0.55ms
[3843.997s][info][gc,phases      ] GC(961)   Evacuate Collection Set: 116.91ms
[3843.997s][info][gc,phases      ] GC(961)   Post Evacuate Collection Set: 0.93ms
[3843.997s][info][gc,phases      ] GC(961)   Other: 0.09ms
[3843.997s][info][gc,heap        ] GC(961) Eden regions: 1121->0(1106)
[3843.997s][info][gc,heap        ] GC(961) Survivor regions: 107->110(154)
[3843.997s][info][gc,heap        ] GC(961) Old regions: 506->539
[3843.997s][info][gc,heap        ] GC(961) Humongous regions: 80->80
[3843.997s][info][gc,metaspace   ] GC(961) Metaspace: 28900K(29248K)->28900K(29248K) NonClass: 24032K(24192K)->24032K(24192K) Class: 4868K(5056K)->4868K(5056K)
[3843.997s][info][gc             ] GC(961) Pause Young (Prepare Mixed) (G1 Evacuation Pause) 3624M->1454M(4096M) 118.935ms
[3843.997s][info][gc,cpu         ] GC(961) User=0.71s Sys=0.00s Real=0.12s
..[3846.606s][info][gc,start       ] GC(962) Pause Young (Mixed) (G1 Evacuation Pause)
[3846.606s][info][gc,task        ] GC(962) Using 6 workers of 6 for evacuation
[3846.746s][info][gc,phases      ] GC(962)   Pre Evacuate Collection Set: 0.36ms
[3846.746s][info][gc,phases      ] GC(962)   Merge Heap Roots: 0.70ms
[3846.746s][info][gc,phases      ] GC(962)   Evacuate Collection Set: 137.94ms
[3846.746s][info][gc,phases      ] GC(962)   Post Evacuate Collection Set: 0.95ms
[3846.746s][info][gc,phases      ] GC(962)   Other: 0.10ms
[3846.746s][info][gc,heap        ] GC(962) Eden regions: 1106->0(1114)
[3846.746s][info][gc,heap        ] GC(962) Survivor regions: 110->114(152)
[3846.746s][info][gc,heap        ] GC(962) Old regions: 539->475
[3846.746s][info][gc,heap        ] GC(962) Humongous regions: 80->80
[3846.746s][info][gc,metaspace   ] GC(962) Metaspace: 28900K(29248K)->28900K(29248K) NonClass: 24032K(24192K)->24032K(24192K) Class: 4868K(5056K)->4868K(5056K)
[3846.746s][info][gc             ] GC(962) Pause Young (Mixed) (G1 Evacuation Pause) 3666M->1336M(4096M) 140.190ms
[3846.746s][info][gc,cpu         ] GC(962) User=0.83s Sys=0.00s Real=0.14s
...[3849.417s][info][gc,start       ] GC(963) Pause Young (Concurrent Start) (G1 Evacuation Pause)
[3849.417s][info][gc,task        ] GC(963) Using 6 workers of 6 for evacuation
[3849.538s][info][gc,phases      ] GC(963)   Pre Evacuate Collection Set: 0.38ms
[3849.538s][info][gc,phases      ] GC(963)   Merge Heap Roots: 0.46ms
[3849.538s][info][gc,phases      ] GC(963)   Evacuate Collection Set: 118.47ms
[3849.538s][info][gc,phases      ] GC(963)   Post Evacuate Collection Set: 0.88ms
[3849.538s][info][gc,phases      ] GC(963)   Other: 0.11ms
[3849.538s][info][gc,heap        ] GC(963) Eden regions: 1114->0(1117)
[3849.538s][info][gc,heap        ] GC(963) Survivor regions: 114->111(154)
[3849.538s][info][gc,heap        ] GC(963) Old regions: 475->507
[3849.538s][info][gc,heap        ] GC(963) Humongous regions: 80->80
[3849.538s][info][gc,metaspace   ] GC(963) Metaspace: 28900K(29248K)->28900K(29248K) NonClass: 24032K(24192K)->24032K(24192K) Class: 4868K(5056K)->4868K(5056K)
[3849.538s][info][gc             ] GC(963) Pause Young (Concurrent Start) (G1 Evacuation Pause) 3564M->1393M(4096M) 120.448ms
[3849.538s][info][gc             ] GC(964) Concurrent Mark Cycle
[3849.538s][info][gc,marking     ] GC(964) Concurrent Scan Root Regions
[3849.538s][info][gc,cpu         ] GC(963) User=0.71s Sys=0.00s Real=0.12s
[3849.668s][info][gc,marking     ] GC(964) Concurrent Scan Root Regions 129.736ms
[3849.668s][info][gc,marking     ] GC(964) Concurrent Mark
[3849.668s][info][gc,marking     ] GC(964) Concurrent Mark From Roots
[3849.668s][info][gc,task        ] GC(964) Using 2 workers of 2 for marking
.[3850.359s][info][gc,marking     ] GC(964) Concurrent Mark From Roots 691.454ms
[3850.359s][info][gc,marking     ] GC(964) Concurrent Preclean
[3850.359s][info][gc,marking     ] GC(964) Concurrent Preclean 0.135ms
[3850.360s][info][gc,start       ] GC(964) Pause Remark
[3850.363s][info][gc             ] GC(964) Pause Remark 2065M->2065M(4096M) 2.885ms
[3850.363s][info][gc,cpu         ] GC(964) User=0.01s Sys=0.00s Real=0.00s
[3850.363s][info][gc,marking     ] GC(964) Concurrent Mark 695.548ms
[3850.363s][info][gc,marking     ] GC(964) Concurrent Rebuild Remembered Sets and Scrub Regions
[3850.631s][info][gc,marking     ] GC(964) Concurrent Rebuild Remembered Sets and Scrub Regions 267.966ms
[3850.651s][info][gc,start       ] GC(964) Pause Cleanup
[3850.651s][info][gc             ] GC(964) Pause Cleanup 2351M->2351M(4096M) 0.136ms
[3850.651s][info][gc,cpu         ] GC(964) User=0.00s Sys=0.00s Real=0.00s
[3850.652s][info][gc,marking     ] GC(964) Concurrent Clear Claimed Marks
[3850.652s][info][gc,marking     ] GC(964) Concurrent Clear Claimed Marks 0.035ms
[3850.652s][info][gc,marking     ] GC(964) Concurrent Cleanup for Next Mark
[3850.658s][info][gc,marking     ] GC(964) Concurrent Cleanup for Next Mark 6.232ms
[3850.658s][info][gc             ] GC(964) Concurrent Mark Cycle 1120.350ms
..[3852.144s][info][gc,start       ] GC(965) Pause Young (Prepare Mixed) (G1 Evacuation Pause)
[3852.144s][info][gc,task        ] GC(965) Using 6 workers of 6 for evacuation
[3852.260s][info][gc,phases      ] GC(965)   Pre Evacuate Collection Set: 0.31ms
[3852.260s][info][gc,phases      ] GC(965)   Merge Heap Roots: 0.56ms
[3852.260s][info][gc,phases      ] GC(965)   Evacuate Collection Set: 114.83ms
[3852.260s][info][gc,phases      ] GC(965)   Post Evacuate Collection Set: 0.92ms
[3852.260s][info][gc,phases      ] GC(965)   Other: 0.08ms
[3852.260s][info][gc,heap        ] GC(965) Eden regions: 1117->0(1111)
[3852.260s][info][gc,heap        ] GC(965) Survivor regions: 111->108(154)
[3852.260s][info][gc,heap        ] GC(965) Old regions: 507->538
[3852.260s][info][gc,heap        ] GC(965) Humongous regions: 80->80
[3852.260s][info][gc,metaspace   ] GC(965) Metaspace: 28900K(29248K)->28900K(29248K) NonClass: 24032K(24192K)->24032K(24192K) Class: 4868K(5056K)->4868K(5056K)
[3852.260s][info][gc             ] GC(965) Pause Young (Prepare Mixed) (G1 Evacuation Pause) 3627M->1449M(4096M) 116.834ms
[3852.260s][info][gc,cpu         ] GC(965) User=0.69s Sys=0.00s Real=0.12s
...[3854.967s][info][gc,start       ] GC(966) Pause Young (Mixed) (G1 Evacuation Pause)
[3854.967s][info][gc,task        ] GC(966) Using 6 workers of 6 for evacuation
[3855.110s][info][gc,phases      ] GC(966)   Pre Evacuate Collection Set: 0.37ms
[3855.110s][info][gc,phases      ] GC(966)   Merge Heap Roots: 0.85ms
[3855.110s][info][gc,phases      ] GC(966)   Evacuate Collection Set: 140.05ms
[3855.110s][info][gc,phases      ] GC(966)   Post Evacuate Collection Set: 0.98ms
[3855.110s][info][gc,phases      ] GC(966)   Other: 0.10ms
[3855.110s][info][gc,heap        ] GC(966) Eden regions: 1111->0(1114)
[3855.110s][info][gc,heap        ] GC(966) Survivor regions: 108->114(153)
[3855.110s][info][gc,heap        ] GC(966) Old regions: 538->472
[3855.110s][info][gc,heap        ] GC(966) Humongous regions: 80->80
[3855.110s][info][gc,metaspace   ] GC(966) Metaspace: 28900K(29248K)->28900K(29248K) NonClass: 24032K(24192K)->24032K(24192K) Class: 4868K(5056K)->4868K(5056K)
[3855.110s][info][gc             ] GC(966) Pause Young (Mixed) (G1 Evacuation Pause) 3671M->1329M(4096M) 142.489ms
[3855.110s][info][gc,cpu         ] GC(966) User=0.85s Sys=0.00s Real=0.14s
..[3857.682s][info][gc,start       ] GC(967) Pause Young (Concurrent Start) (G1 Evacuation Pause)
[3857.682s][info][gc,task        ] GC(967) Using 6 workers of 6 for evacuation
[3857.799s][info][gc,phases      ] GC(967)   Pre Evacuate Collection Set: 0.37ms
[3857.799s][info][gc,phases      ] GC(967)   Merge Heap Roots: 0.48ms
[3857.799s][info][gc,phases      ] GC(967)   Evacuate Collection Set: 115.54ms
[3857.799s][info][gc,phases      ] GC(967)   Post Evacuate Collection Set: 0.87ms
[3857.799s][info][gc,phases      ] GC(967)   Other: 0.12ms
[3857.799s][info][gc,heap        ] GC(967) Eden regions: 1114->0(1117)
[3857.799s][info][gc,heap        ] GC(967) Survivor regions: 114->111(154)
[3857.799s][info][gc,heap        ] GC(967) Old regions: 472->503
[3857.799s][info][gc,heap        ] GC(967) Humongous regions: 80->80
[3857.799s][info][gc,metaspace   ] GC(967) Metaspace: 28900K(29248K)->28900K(29248K) NonClass: 24032K(24192K)->24032K(24192K) Class: 4868K(5056K)->4868K(5056K)
[3857.799s][info][gc             ] GC(967) Pause Young (Concurrent Start) (G1 Evacuation Pause) 3557M->1386M(4096M) 117.506ms
[3857.799s][info][gc             ] GC(968) Concurrent Mark Cycle
[3857.799s][info][gc,marking     ] GC(968) Concurrent Scan Root Regions
[3857.799s][info][gc,cpu         ] GC(967) User=0.70s Sys=0.00s Real=0.12s
.[3857.952s][info][gc,marking     ] GC(968) Concurrent Scan Root Regions 152.982ms
[3857.952s][info][gc,marking     ] GC(968) Concurrent Mark
[3857.952s][info][gc,marking     ] GC(968) Concurrent Mark From Roots
[3857.952s][info][gc,task        ] GC(968) Using 2 workers of 2 for marking
[3858.663s][info][gc,marking     ] GC(968) Concurrent Mark From Roots 710.594ms
[3858.663s][info][gc,marking     ] GC(968) Concurrent Preclean
[3858.663s][info][gc,marking     ] GC(968) Concurrent Preclean 0.123ms
[3858.663s][info][gc,start       ] GC(968) Pause Remark
[3858.665s][info][gc             ] GC(968) Pause Remark 2147M->2147M(4096M) 2.120ms
[3858.665s][info][gc,cpu         ] GC(968) User=0.01s Sys=0.00s Real=0.01s
[3858.665s][info][gc,marking     ] GC(968) Concurrent Mark 713.116ms
[3858.665s][info][gc,marking     ] GC(968) Concurrent Rebuild Remembered Sets and Scrub Regions
.[3858.961s][info][gc,marking     ] GC(968) Concurrent Rebuild Remembered Sets and Scrub Regions 295.283ms
[3858.961s][info][gc,start       ] GC(968) Pause Cleanup
[3858.961s][info][gc             ] GC(968) Pause Cleanup 2374M->2374M(4096M) 0.108ms
[3858.961s][info][gc,cpu         ] GC(968) User=0.00s Sys=0.00s Real=0.00s
[3858.961s][info][gc,marking     ] GC(968) Concurrent Clear Claimed Marks
[3858.961s][info][gc,marking     ] GC(968) Concurrent Clear Claimed Marks 0.028ms
[3858.961s][info][gc,marking     ] GC(968) Concurrent Cleanup for Next Mark
[3858.966s][info][gc,marking     ] GC(968) Concurrent Cleanup for Next Mark 4.891ms
[3858.966s][info][gc             ] GC(968) Concurrent Mark Cycle 1166.963ms
.[3860.446s][info][gc,start       ] GC(969) Pause Young (Prepare Mixed) (G1 Evacuation Pause)
[3860.446s][info][gc,task        ] GC(969) Using 6 workers of 6 for evacuation
[3860.566s][info][gc,phases      ] GC(969)   Pre Evacuate Collection Set: 0.33ms
[3860.566s][info][gc,phases      ] GC(969)   Merge Heap Roots: 0.56ms
[3860.566s][info][gc,phases      ] GC(969)   Evacuate Collection Set: 118.27ms
[3860.566s][info][gc,phases      ] GC(969)   Post Evacuate Collection Set: 0.90ms
[3860.566s][info][gc,phases      ] GC(969)   Other: 0.09ms
[3860.566s][info][gc,heap        ] GC(969) Eden regions: 1117->0(1107)
[3860.566s][info][gc,heap        ] GC(969) Survivor regions: 111->111(154)
[3860.566s][info][gc,heap        ] GC(969) Old regions: 503->536
[3860.566s][info][gc,heap        ] GC(969) Humongous regions: 80->80
[3860.566s][info][gc,metaspace   ] GC(969) Metaspace: 28900K(29248K)->28900K(29248K) NonClass: 24032K(24192K)->24032K(24192K) Class: 4868K(5056K)->4868K(5056K)
[3860.566s][info][gc             ] GC(969) Pause Young (Prepare Mixed) (G1 Evacuation Pause) 3620M->1451M(4096M) 120.281ms
[3860.566s][info][gc,cpu         ] GC(969) User=0.72s Sys=0.00s Real=0.12s
...[3863.172s][info][gc,start       ] GC(970) Pause Young (Mixed) (G1 Evacuation Pause)
[3863.172s][info][gc,task        ] GC(970) Using 6 workers of 6 for evacuation
[3863.306s][info][gc,phases      ] GC(970)   Pre Evacuate Collection Set: 0.36ms
[3863.306s][info][gc,phases      ] GC(970)   Merge Heap Roots: 0.74ms
[3863.306s][info][gc,phases      ] GC(970)   Evacuate Collection Set: 131.94ms
[3863.306s][info][gc,phases      ] GC(970)   Post Evacuate Collection Set: 0.93ms
[3863.306s][info][gc,phases      ] GC(970)   Other: 0.09ms
[3863.306s][info][gc,heap        ] GC(970) Eden regions: 1107->0(1121)
[3863.306s][info][gc,heap        ] GC(970) Survivor regions: 111->107(153)
[3863.306s][info][gc,heap        ] GC(970) Old regions: 536->474
[3863.306s][info][gc,heap        ] GC(970) Humongous regions: 80->80
[3863.306s][info][gc,metaspace   ] GC(970) Metaspace: 28900K(29248K)->28900K(29248K) NonClass: 24032K(24192K)->24032K(24192K) Class: 4868K(5056K)->4868K(5056K)
[3863.307s][info][gc             ] GC(970) Pause Young (Mixed) (G1 Evacuation Pause) 3665M->1319M(4096M) 134.198ms
[3863.307s][info][gc,cpu         ] GC(970) User=0.79s Sys=0.00s Real=0.14s
...[3865.981s][info][gc,start       ] GC(971) Pause Young (Concurrent Start) (G1 Evacuation Pause)
[3865.981s][info][gc,task        ] GC(971) Using 6 workers of 6 for evacuation
[3866.103s][info][gc,phases      ] GC(971)   Pre Evacuate Collection Set: 0.37ms
[3866.103s][info][gc,phases      ] GC(971)   Merge Heap Roots: 0.48ms
[3866.103s][info][gc,phases      ] GC(971)   Evacuate Collection Set: 120.23ms
[3866.103s][info][gc,phases      ] GC(971)   Post Evacuate Collection Set: 0.87ms
[3866.103s][info][gc,phases      ] GC(971)   Other: 0.10ms
[3866.103s][info][gc,heap        ] GC(971) Eden regions: 1121->0(1114)
[3866.103s][info][gc,heap        ] GC(971) Survivor regions: 107->114(154)
[3866.103s][info][gc,heap        ] GC(971) Old regions: 474->506
[3866.103s][info][gc,heap        ] GC(971) Humongous regions: 80->80
[3866.103s][info][gc,metaspace   ] GC(971) Metaspace: 28900K(29248K)->28900K(29248K) NonClass: 24032K(24192K)->24032K(24192K) Class: 4868K(5056K)->4868K(5056K)
[3866.103s][info][gc             ] GC(971) Pause Young (Concurrent Start) (G1 Evacuation Pause) 3561M->1397M(4096M) 122.190ms
[3866.103s][info][gc             ] GC(972) Concurrent Mark Cycle
[3866.103s][info][gc,marking     ] GC(972) Concurrent Scan Root Regions
[3866.103s][info][gc,cpu         ] GC(971) User=0.73s Sys=0.00s Real=0.12s
[3866.239s][info][gc,marking     ] GC(972) Concurrent Scan Root Regions 135.297ms
[3866.239s][info][gc,marking     ] GC(972) Concurrent Mark
[3866.239s][info][gc,marking     ] GC(972) Concurrent Mark From Roots
[3866.239s][info][gc,task        ] GC(972) Using 2 workers of 2 for marking
.[3866.952s][info][gc,marking     ] GC(972) Concurrent Mark From Roots 713.376ms
[3866.952s][info][gc,marking     ] GC(972) Concurrent Preclean
[3866.952s][info][gc,marking     ] GC(972) Concurrent Preclean 0.093ms
[3866.953s][info][gc,start       ] GC(972) Pause Remark
[3866.955s][info][gc             ] GC(972) Pause Remark 2163M->2163M(4096M) 2.453ms
[3866.955s][info][gc,cpu         ] GC(972) User=0.01s Sys=0.00s Real=0.01s
[3866.955s][info][gc,marking     ] GC(972) Concurrent Mark 716.506ms
[3866.955s][info][gc,marking     ] GC(972) Concurrent Rebuild Remembered Sets and Scrub Regions
[3867.209s][info][gc,marking     ] GC(972) Concurrent Rebuild Remembered Sets and Scrub Regions 253.851ms
[3867.209s][info][gc,start       ] GC(972) Pause Cleanup
[3867.209s][info][gc             ] GC(972) Pause Cleanup 2365M->2365M(4096M) 0.100ms
[3867.209s][info][gc,cpu         ] GC(972) User=0.00s Sys=0.00s Real=0.00s
[3867.210s][info][gc,marking     ] GC(972) Concurrent Clear Claimed Marks
[3867.210s][info][gc,marking     ] GC(972) Concurrent Clear Claimed Marks 0.030ms
[3867.210s][info][gc,marking     ] GC(972) Concurrent Cleanup for Next Mark
[3867.214s][info][gc,marking     ] GC(972) Concurrent Cleanup for Next Mark 4.517ms
[3867.214s][info][gc             ] GC(972) Concurrent Mark Cycle 1110.974ms
.[3868.735s][info][gc,start       ] GC(973) Pause Young (Prepare Mixed) (G1 Evacuation Pause)
[3868.735s][info][gc,task        ] GC(973) Using 6 workers of 6 for evacuation
[3868.852s][info][gc,phases      ] GC(973)   Pre Evacuate Collection Set: 0.32ms
[3868.852s][info][gc,phases      ] GC(973)   Merge Heap Roots: 0.52ms
[3868.852s][info][gc,phases      ] GC(973)   Evacuate Collection Set: 114.91ms
[3868.852s][info][gc,phases      ] GC(973)   Post Evacuate Collection Set: 0.90ms
[3868.852s][info][gc,phases      ] GC(973)   Other: 0.08ms
[3868.852s][info][gc,heap        ] GC(973) Eden regions: 1114->0(1108)
[3868.852s][info][gc,heap        ] GC(973) Survivor regions: 114->110(154)
[3868.852s][info][gc,heap        ] GC(973) Old regions: 506->537
[3868.852s][info][gc,heap        ] GC(973) Humongous regions: 80->80
[3868.852s][info][gc,metaspace   ] GC(973) Metaspace: 28900K(29248K)->28900K(29248K) NonClass: 24032K(24192K)->24032K(24192K) Class: 4868K(5056K)->4868K(5056K)
[3868.852s][info][gc             ] GC(973) Pause Young (Prepare Mixed) (G1 Evacuation Pause) 3625M->1450M(4096M) 116.851ms
[3868.852s][info][gc,cpu         ] GC(973) User=0.69s Sys=0.01s Real=0.11s
...[3871.465s][info][gc,start       ] GC(974) Pause Young (Mixed) (G1 Evacuation Pause)
[3871.465s][info][gc,task        ] GC(974) Using 6 workers of 6 for evacuation
[3871.604s][info][gc,phases      ] GC(974)   Pre Evacuate Collection Set: 0.38ms
[3871.604s][info][gc,phases      ] GC(974)   Merge Heap Roots: 0.70ms
[3871.604s][info][gc,phases      ] GC(974)   Evacuate Collection Set: 135.96ms
[3871.604s][info][gc,phases      ] GC(974)   Post Evacuate Collection Set: 0.96ms
[3871.604s][info][gc,phases      ] GC(974)   Other: 0.09ms
[3871.604s][info][gc,heap        ] GC(974) Eden regions: 1108->0(1117)
[3871.604s][info][gc,heap        ] GC(974) Survivor regions: 110->111(153)
[3871.604s][info][gc,heap        ] GC(974) Old regions: 537->474
[3871.604s][info][gc,heap        ] GC(974) Humongous regions: 80->80
[3871.604s][info][gc,metaspace   ] GC(974) Metaspace: 28900K(29248K)->28900K(29248K) NonClass: 24032K(24192K)->24032K(24192K) Class: 4868K(5056K)->4868K(5056K)
[3871.604s][info][gc             ] GC(974) Pause Young (Mixed) (G1 Evacuation Pause) 3666M->1326M(4096M) 138.228ms
[3871.604s][info][gc,cpu         ] GC(974) User=0.82s Sys=0.00s Real=0.13s
.. (rIR:aIR:PR = 6780:6777:6777) (tPR = 100191) [OK] 
  3872s: Performance info:
         Transaction,    Success,    Partial,     Failed,   Receipts, AvgBarcode, 
             Overall,     409570,          0,          0,     389074,      59.48, 
         Response times:
             Request,    Success,    Partial,     Failed,   SkipFail,     Probes,    Samples,      min,      p50,      p90,      p95,      p99,      max, 
       TotalPurchase,     389093,          0,          0,          0,     362841,     413779,      300,     5500,    36000,    66000,   128000,   275000,
     InStorePurchase,     205004,          0,          0,          0,     190606,     217036,      300,     5200,    34000,    64000,   127000,   275000,
      OnlinePurchase,     143121,          0,          0,          0,     133418,     152029,      300,     5900,    38000,    68000,   129000,   275000,
        InstPurchase,      40968,          0,          0,          0,      38817,      44714,      400,     5700,    37000,    67000,   129000,   264000,
          AssocOfCat,        412,          0,          0,          0,        340,        484,    19600,    36000,    84000,   127000,   183350,   208000,
      AssocOfProduct,       4104,          0,          0,          0,       3910,       4711,     1100,     7400,    48000,    79000,   141000,   222000,
      BusinessReport,       1022,          0,          0,          0,        885,       1112,    26000,    39000,    93000,   145000,   205000,   266000,
          CustBuyBeh,       4098,          0,          0,          0,       3790,       4511,      300,     5500,    37800,    68000,   129000,   201000,
       ProductReturn,      10864,          0,          0,          0,      10329,      11937,      200,     4800,    30000,    59100,   128000,   237000,

  3872s: (50%)   IR =   6918 .[3874.309s][info][gc,start       ] GC(975) Pause Young (Concurrent Start) (G1 Evacuation Pause)
[3874.309s][info][gc,task        ] GC(975) Using 6 workers of 6 for evacuation
[3874.425s][info][gc,phases      ] GC(975)   Pre Evacuate Collection Set: 0.38ms
[3874.426s][info][gc,phases      ] GC(975)   Merge Heap Roots: 0.48ms
[3874.426s][info][gc,phases      ] GC(975)   Evacuate Collection Set: 114.98ms
[3874.426s][info][gc,phases      ] GC(975)   Post Evacuate Collection Set: 0.86ms
[3874.426s][info][gc,phases      ] GC(975)   Other: 0.10ms
[3874.426s][info][gc,heap        ] GC(975) Eden regions: 1117->0(1118)
[3874.426s][info][gc,heap        ] GC(975) Survivor regions: 111->110(154)
[3874.426s][info][gc,heap        ] GC(975) Old regions: 474->505
[3874.426s][info][gc,heap        ] GC(975) Humongous regions: 80->80
[3874.426s][info][gc,metaspace   ] GC(975) Metaspace: 28900K(29248K)->28900K(29248K) NonClass: 24032K(24192K)->24032K(24192K) Class: 4868K(5056K)->4868K(5056K)
[3874.426s][info][gc             ] GC(975) Pause Young (Concurrent Start) (G1 Evacuation Pause) 3560M->1388M(4096M) 116.946ms
[3874.426s][info][gc             ] GC(976) Concurrent Mark Cycle
[3874.426s][info][gc,marking     ] GC(976) Concurrent Scan Root Regions
[3874.426s][info][gc,cpu         ] GC(975) User=0.70s Sys=0.00s Real=0.12s
[3874.626s][info][gc,marking     ] GC(976) Concurrent Scan Root Regions 200.172ms
[3874.626s][info][gc,marking     ] GC(976) Concurrent Mark
[3874.626s][info][gc,marking     ] GC(976) Concurrent Mark From Roots
[3874.626s][info][gc,task        ] GC(976) Using 2 workers of 2 for marking
.[3875.625s][info][gc,marking     ] GC(976) Concurrent Mark From Roots 999.417ms
[3875.625s][info][gc,marking     ] GC(976) Concurrent Preclean
[3875.625s][info][gc,marking     ] GC(976) Concurrent Preclean 0.149ms
[3875.626s][info][gc,start       ] GC(976) Pause Remark
[3875.629s][info][gc             ] GC(976) Pause Remark 2500M->2500M(4096M) 3.025ms
[3875.629s][info][gc,cpu         ] GC(976) User=0.01s Sys=0.00s Real=0.00s
[3875.630s][info][gc,marking     ] GC(976) Concurrent Mark 1004.336ms
[3875.630s][info][gc,marking     ] GC(976) Concurrent Rebuild Remembered Sets and Scrub Regions
.[3875.998s][info][gc,marking     ] GC(976) Concurrent Rebuild Remembered Sets and Scrub Regions 367.543ms
[3876.001s][info][gc,start       ] GC(976) Pause Cleanup
[3876.001s][info][gc             ] GC(976) Pause Cleanup 2817M->2817M(4096M) 0.123ms
[3876.001s][info][gc,cpu         ] GC(976) User=0.00s Sys=0.00s Real=0.00s
[3876.001s][info][gc,marking     ] GC(976) Concurrent Clear Claimed Marks
[3876.001s][info][gc,marking     ] GC(976) Concurrent Clear Claimed Marks 0.026ms
[3876.001s][info][gc,marking     ] GC(976) Concurrent Cleanup for Next Mark
[3876.006s][info][gc,marking     ] GC(976) Concurrent Cleanup for Next Mark 4.523ms
[3876.006s][info][gc             ] GC(976) Concurrent Mark Cycle 1580.296ms
.|[3877.014s][info][gc,start       ] GC(977) Pause Young (Prepare Mixed) (G1 Evacuation Pause)
[3877.014s][info][gc,task        ] GC(977) Using 6 workers of 6 for evacuation
[3877.132s][info][gc,phases      ] GC(977)   Pre Evacuate Collection Set: 0.32ms
[3877.132s][info][gc,phases      ] GC(977)   Merge Heap Roots: 0.48ms
[3877.132s][info][gc,phases      ] GC(977)   Evacuate Collection Set: 116.56ms
[3877.132s][info][gc,phases      ] GC(977)   Post Evacuate Collection Set: 0.92ms
[3877.132s][info][gc,phases      ] GC(977)   Other: 0.11ms
[3877.132s][info][gc,heap        ] GC(977) Eden regions: 1118->0(1105)
[3877.132s][info][gc,heap        ] GC(977) Survivor regions: 110->112(154)
[3877.132s][info][gc,heap        ] GC(977) Old regions: 505->536
[3877.132s][info][gc,heap        ] GC(977) Humongous regions: 80->80
[3877.132s][info][gc,metaspace   ] GC(977) Metaspace: 28900K(29248K)->28900K(29248K) NonClass: 24032K(24192K)->24032K(24192K) Class: 4868K(5056K)->4868K(5056K)
[3877.132s][info][gc             ] GC(977) Pause Young (Prepare Mixed) (G1 Evacuation Pause) 3624M->1454M(4096M) 118.534ms
[3877.132s][info][gc,cpu         ] GC(977) User=0.71s Sys=0.00s Real=0.12s
..[3879.710s][info][gc,start       ] GC(978) Pause Young (Mixed) (G1 Evacuation Pause)
[3879.710s][info][gc,task        ] GC(978) Using 6 workers of 6 for evacuation
[3879.847s][info][gc,phases      ] GC(978)   Pre Evacuate Collection Set: 0.36ms
[3879.847s][info][gc,phases      ] GC(978)   Merge Heap Roots: 0.77ms
[3879.847s][info][gc,phases      ] GC(978)   Evacuate Collection Set: 135.23ms
[3879.847s][info][gc,phases      ] GC(978)   Post Evacuate Collection Set: 0.97ms
[3879.847s][info][gc,phases      ] GC(978)   Other: 0.09ms
[3879.847s][info][gc,heap        ] GC(978) Eden regions: 1105->0(1119)
[3879.847s][info][gc,heap        ] GC(978) Survivor regions: 112->109(153)
[3879.847s][info][gc,heap        ] GC(978) Old regions: 536->474
[3879.847s][info][gc,heap        ] GC(978) Humongous regions: 80->80
[3879.847s][info][gc,metaspace   ] GC(978) Metaspace: 28900K(29248K)->28900K(29248K) NonClass: 24032K(24192K)->24032K(24192K) Class: 4868K(5056K)->4868K(5056K)
[3879.847s][info][gc             ] GC(978) Pause Young (Mixed) (G1 Evacuation Pause) 3664M->1322M(4096M) 137.552ms
[3879.847s][info][gc,cpu         ] GC(978) User=0.82s Sys=0.00s Real=0.14s
...[3882.387s][info][gc,start       ] GC(979) Pause Young (Concurrent Start) (G1 Evacuation Pause)
[3882.387s][info][gc,task        ] GC(979) Using 6 workers of 6 for evacuation
[3882.505s][info][gc,phases      ] GC(979)   Pre Evacuate Collection Set: 0.38ms
[3882.505s][info][gc,phases      ] GC(979)   Merge Heap Roots: 0.47ms
[3882.505s][info][gc,phases      ] GC(979)   Evacuate Collection Set: 115.71ms
[3882.505s][info][gc,phases      ] GC(979)   Post Evacuate Collection Set: 0.88ms
[3882.505s][info][gc,phases      ] GC(979)   Other: 0.10ms
[3882.505s][info][gc,heap        ] GC(979) Eden regions: 1119->0(1119)
[3882.505s][info][gc,heap        ] GC(979) Survivor regions: 109->109(154)
[3882.505s][info][gc,heap        ] GC(979) Old regions: 474->506
[3882.505s][info][gc,heap        ] GC(979) Humongous regions: 80->80
[3882.505s][info][gc,metaspace   ] GC(979) Metaspace: 28900K(29248K)->28900K(29248K) NonClass: 24032K(24192K)->24032K(24192K) Class: 4868K(5056K)->4868K(5056K)
[3882.505s][info][gc             ] GC(979) Pause Young (Concurrent Start) (G1 Evacuation Pause) 3560M->1386M(4096M) 117.672ms
[3882.505s][info][gc             ] GC(980) Concurrent Mark Cycle
[3882.505s][info][gc,marking     ] GC(980) Concurrent Scan Root Regions
[3882.505s][info][gc,cpu         ] GC(979) User=0.70s Sys=0.00s Real=0.12s
[3882.685s][info][gc,marking     ] GC(980) Concurrent Scan Root Regions 179.704ms
[3882.685s][info][gc,marking     ] GC(980) Concurrent Mark
[3882.685s][info][gc,marking     ] GC(980) Concurrent Mark From Roots
[3882.685s][info][gc,task        ] GC(980) Using 2 workers of 2 for marking
.[3883.656s][info][gc,marking     ] GC(980) Concurrent Mark From Roots 971.120ms
[3883.656s][info][gc,marking     ] GC(980) Concurrent Preclean
[3883.656s][info][gc,marking     ] GC(980) Concurrent Preclean 0.125ms
[3883.656s][info][gc,start       ] GC(980) Pause Remark
[3883.660s][info][gc             ] GC(980) Pause Remark 2400M->2400M(4096M) 3.673ms
[3883.660s][info][gc,cpu         ] GC(980) User=0.02s Sys=0.00s Real=0.00s
[3883.664s][info][gc,marking     ] GC(980) Concurrent Mark 978.849ms
[3883.664s][info][gc,marking     ] GC(980) Concurrent Rebuild Remembered Sets and Scrub Regions
.[3884.042s][info][gc,marking     ] GC(980) Concurrent Rebuild Remembered Sets and Scrub Regions 378.312ms
[3884.042s][info][gc,start       ] GC(980) Pause Cleanup
[3884.042s][info][gc             ] GC(980) Pause Cleanup 2780M->2780M(4096M) 0.124ms
[3884.042s][info][gc,cpu         ] GC(980) User=0.00s Sys=0.00s Real=0.00s
[3884.042s][info][gc,marking     ] GC(980) Concurrent Clear Claimed Marks
[3884.042s][info][gc,marking     ] GC(980) Concurrent Clear Claimed Marks 0.025ms
[3884.042s][info][gc,marking     ] GC(980) Concurrent Cleanup for Next Mark
[3884.047s][info][gc,marking     ] GC(980) Concurrent Cleanup for Next Mark 5.099ms
[3884.047s][info][gc             ] GC(980) Concurrent Mark Cycle 1542.553ms
.[3885.068s][info][gc,start       ] GC(981) Pause Young (Prepare Mixed) (G1 Evacuation Pause)
[3885.068s][info][gc,task        ] GC(981) Using 6 workers of 6 for evacuation
[3885.183s][info][gc,phases      ] GC(981)   Pre Evacuate Collection Set: 0.31ms
[3885.183s][info][gc,phases      ] GC(981)   Merge Heap Roots: 0.59ms
[3885.183s][info][gc,phases      ] GC(981)   Evacuate Collection Set: 113.06ms
[3885.183s][info][gc,phases      ] GC(981)   Post Evacuate Collection Set: 0.92ms
[3885.183s][info][gc,phases      ] GC(981)   Other: 0.09ms
[3885.183s][info][gc,heap        ] GC(981) Eden regions: 1119->0(1116)
[3885.183s][info][gc,heap        ] GC(981) Survivor regions: 109->106(154)
[3885.183s][info][gc,heap        ] GC(981) Old regions: 506->537
[3885.183s][info][gc,heap        ] GC(981) Humongous regions: 80->80
[3885.183s][info][gc,metaspace   ] GC(981) Metaspace: 28900K(29248K)->28900K(29248K) NonClass: 24032K(24192K)->24032K(24192K) Class: 4868K(5056K)->4868K(5056K)
[3885.183s][info][gc             ] GC(981) Pause Young (Prepare Mixed) (G1 Evacuation Pause) 3624M->1444M(4096M) 115.100ms
[3885.183s][info][gc,cpu         ] GC(981) User=0.68s Sys=0.00s Real=0.11s
..[3887.784s][info][gc,start       ] GC(982) Pause Young (Mixed) (G1 Evacuation Pause)
[3887.785s][info][gc,task        ] GC(982) Using 6 workers of 6 for evacuation
[3887.919s][info][gc,phases      ] GC(982)   Pre Evacuate Collection Set: 0.37ms
[3887.919s][info][gc,phases      ] GC(982)   Merge Heap Roots: 0.69ms
[3887.919s][info][gc,phases      ] GC(982)   Evacuate Collection Set: 132.13ms
[3887.919s][info][gc,phases      ] GC(982)   Post Evacuate Collection Set: 0.92ms
[3887.919s][info][gc,phases      ] GC(982)   Other: 0.10ms
[3887.919s][info][gc,heap        ] GC(982) Eden regions: 1116->0(1117)
[3887.919s][info][gc,heap        ] GC(982) Survivor regions: 106->111(153)
[3887.919s][info][gc,heap        ] GC(982) Old regions: 537->475
[3887.919s][info][gc,heap        ] GC(982) Humongous regions: 80->80
[3887.919s][info][gc,metaspace   ] GC(982) Metaspace: 28900K(29248K)->28900K(29248K) NonClass: 24032K(24192K)->24032K(24192K) Class: 4868K(5056K)->4868K(5056K)
[3887.919s][info][gc             ] GC(982) Pause Young (Mixed) (G1 Evacuation Pause) 3676M->1328M(4096M) 134.336ms
[3887.919s][info][gc,cpu         ] GC(982) User=0.80s Sys=0.00s Real=0.14s
...[3890.479s][info][gc,start       ] GC(983) Pause Young (Concurrent Start) (G1 Evacuation Pause)
[3890.479s][info][gc,task        ] GC(983) Using 6 workers of 6 for evacuation
[3890.595s][info][gc,phases      ] GC(983)   Pre Evacuate Collection Set: 0.34ms
[3890.595s][info][gc,phases      ] GC(983)   Merge Heap Roots: 0.48ms
[3890.595s][info][gc,phases      ] GC(983)   Evacuate Collection Set: 113.64ms
[3890.595s][info][gc,phases      ] GC(983)   Post Evacuate Collection Set: 0.88ms
[3890.595s][info][gc,phases      ] GC(983)   Other: 0.11ms
[3890.595s][info][gc,heap        ] GC(983) Eden regions: 1117->0(1119)
[3890.595s][info][gc,heap        ] GC(983) Survivor regions: 111->109(154)
[3890.595s][info][gc,heap        ] GC(983) Old regions: 475->506
[3890.595s][info][gc,heap        ] GC(983) Humongous regions: 80->80
[3890.595s][info][gc,metaspace   ] GC(983) Metaspace: 28900K(29248K)->28900K(29248K) NonClass: 24032K(24192K)->24032K(24192K) Class: 4868K(5056K)->4868K(5056K)
[3890.595s][info][gc             ] GC(983) Pause Young (Concurrent Start) (G1 Evacuation Pause) 3562M->1387M(4096M) 115.588ms
[3890.595s][info][gc             ] GC(984) Concurrent Mark Cycle
[3890.595s][info][gc,marking     ] GC(984) Concurrent Scan Root Regions
[3890.595s][info][gc,cpu         ] GC(983) User=0.69s Sys=0.00s Real=0.11s
[3890.761s][info][gc,marking     ] GC(984) Concurrent Scan Root Regions 166.482ms
[3890.761s][info][gc,marking     ] GC(984) Concurrent Mark
[3890.761s][info][gc,marking     ] GC(984) Concurrent Mark From Roots
[3890.761s][info][gc,task        ] GC(984) Using 2 workers of 2 for marking
.[3891.747s][info][gc,marking     ] GC(984) Concurrent Mark From Roots 985.420ms
[3891.747s][info][gc,marking     ] GC(984) Concurrent Preclean
[3891.747s][info][gc,marking     ] GC(984) Concurrent Preclean 0.102ms
[3891.747s][info][gc,start       ] GC(984) Pause Remark
[3891.751s][info][gc             ] GC(984) Pause Remark 2433M->2433M(4096M) 4.126ms
[3891.751s][info][gc,cpu         ] GC(984) User=0.02s Sys=0.00s Real=0.00s
[3891.751s][info][gc,marking     ] GC(984) Concurrent Mark 989.901ms
[3891.751s][info][gc,marking     ] GC(984) Concurrent Rebuild Remembered Sets and Scrub Regions
.[3892.160s][info][gc,marking     ] GC(984) Concurrent Rebuild Remembered Sets and Scrub Regions 408.727ms
[3892.160s][info][gc,start       ] GC(984) Pause Cleanup
[3892.160s][info][gc             ] GC(984) Pause Cleanup 2786M->2786M(4096M) 0.103ms
[3892.160s][info][gc,cpu         ] GC(984) User=0.00s Sys=0.00s Real=0.00s
[3892.160s][info][gc,marking     ] GC(984) Concurrent Clear Claimed Marks
[3892.160s][info][gc,marking     ] GC(984) Concurrent Clear Claimed Marks 0.024ms
[3892.160s][info][gc,marking     ] GC(984) Concurrent Cleanup for Next Mark
[3892.164s][info][gc,marking     ] GC(984) Concurrent Cleanup for Next Mark 3.290ms
[3892.164s][info][gc             ] GC(984) Concurrent Mark Cycle 1568.883ms
.[3893.204s][info][gc,start       ] GC(985) Pause Young (Prepare Mixed) (G1 Evacuation Pause)
[3893.204s][info][gc,task        ] GC(985) Using 6 workers of 6 for evacuation
[3893.323s][info][gc,phases      ] GC(985)   Pre Evacuate Collection Set: 0.29ms
[3893.323s][info][gc,phases      ] GC(985)   Merge Heap Roots: 0.51ms
[3893.323s][info][gc,phases      ] GC(985)   Evacuate Collection Set: 117.72ms
[3893.323s][info][gc,phases      ] GC(985)   Post Evacuate Collection Set: 0.94ms
[3893.323s][info][gc,phases      ] GC(985)   Other: 0.09ms
[3893.323s][info][gc,heap        ] GC(985) Eden regions: 1119->0(1103)
[3893.323s][info][gc,heap        ] GC(985) Survivor regions: 109->112(154)
[3893.323s][info][gc,heap        ] GC(985) Old regions: 506->538
[3893.323s][info][gc,heap        ] GC(985) Humongous regions: 80->80
[3893.323s][info][gc,metaspace   ] GC(985) Metaspace: 28900K(29248K)->28900K(29248K) NonClass: 24032K(24192K)->24032K(24192K) Class: 4868K(5056K)->4868K(5056K)
[3893.323s][info][gc             ] GC(985) Pause Young (Prepare Mixed) (G1 Evacuation Pause) 3625M->1458M(4096M) 119.678ms
[3893.323s][info][gc,cpu         ] GC(985) User=0.71s Sys=0.00s Real=0.12s
..[3895.831s][info][gc,start       ] GC(986) Pause Young (Mixed) (G1 Evacuation Pause)
[3895.831s][info][gc,task        ] GC(986) Using 6 workers of 6 for evacuation
[3895.968s][info][gc,phases      ] GC(986)   Pre Evacuate Collection Set: 0.36ms
[3895.968s][info][gc,phases      ] GC(986)   Merge Heap Roots: 0.73ms
[3895.968s][info][gc,phases      ] GC(986)   Evacuate Collection Set: 133.95ms
[3895.968s][info][gc,phases      ] GC(986)   Post Evacuate Collection Set: 0.99ms
[3895.968s][info][gc,phases      ] GC(986)   Other: 0.09ms
[3895.968s][info][gc,heap        ] GC(986) Eden regions: 1103->0(1118)
[3895.968s][info][gc,heap        ] GC(986) Survivor regions: 112->110(152)
[3895.968s][info][gc,heap        ] GC(986) Old regions: 538->474
[3895.968s][info][gc,heap        ] GC(986) Humongous regions: 80->80
[3895.968s][info][gc,metaspace   ] GC(986) Metaspace: 28900K(29248K)->28900K(29248K) NonClass: 24032K(24192K)->24032K(24192K) Class: 4868K(5056K)->4868K(5056K)
[3895.968s][info][gc             ] GC(986) Pause Young (Mixed) (G1 Evacuation Pause) 3664M->1324M(4096M) 136.250ms
[3895.968s][info][gc,cpu         ] GC(986) User=0.81s Sys=0.00s Real=0.14s
...[3898.601s][info][gc,start       ] GC(987) Pause Young (Concurrent Start) (G1 Evacuation Pause)
[3898.601s][info][gc,task        ] GC(987) Using 6 workers of 6 for evacuation
[3898.721s][info][gc,phases      ] GC(987)   Pre Evacuate Collection Set: 0.37ms
[3898.721s][info][gc,phases      ] GC(987)   Merge Heap Roots: 0.50ms
[3898.721s][info][gc,phases      ] GC(987)   Evacuate Collection Set: 117.69ms
[3898.721s][info][gc,phases      ] GC(987)   Post Evacuate Collection Set: 0.89ms
[3898.721s][info][gc,phases      ] GC(987)   Other: 0.12ms
[3898.721s][info][gc,heap        ] GC(987) Eden regions: 1118->0(1118)
[3898.721s][info][gc,heap        ] GC(987) Survivor regions: 110->110(154)
[3898.721s][info][gc,heap        ] GC(987) Old regions: 474->506
[3898.721s][info][gc,heap        ] GC(987) Humongous regions: 80->80
[3898.721s][info][gc,metaspace   ] GC(987) Metaspace: 28900K(29248K)->28900K(29248K) NonClass: 24032K(24192K)->24032K(24192K) Class: 4868K(5056K)->4868K(5056K)
[3898.721s][info][gc             ] GC(987) Pause Young (Concurrent Start) (G1 Evacuation Pause) 3560M->1390M(4096M) 119.692ms
[3898.721s][info][gc             ] GC(988) Concurrent Mark Cycle
[3898.721s][info][gc,marking     ] GC(988) Concurrent Scan Root Regions
[3898.721s][info][gc,cpu         ] GC(987) User=0.71s Sys=0.00s Real=0.12s
[3898.874s][info][gc,marking     ] GC(988) Concurrent Scan Root Regions 152.500ms
[3898.874s][info][gc,marking     ] GC(988) Concurrent Mark
[3898.874s][info][gc,marking     ] GC(988) Concurrent Mark From Roots
[3898.874s][info][gc,task        ] GC(988) Using 2 workers of 2 for marking
.[3899.578s][info][gc,marking     ] GC(988) Concurrent Mark From Roots 704.569ms
[3899.578s][info][gc,marking     ] GC(988) Concurrent Preclean
[3899.578s][info][gc,marking     ] GC(988) Concurrent Preclean 0.114ms
[3899.580s][info][gc,start       ] GC(988) Pause Remark
[3899.583s][info][gc             ] GC(988) Pause Remark 2148M->2148M(4096M) 2.891ms
[3899.583s][info][gc,cpu         ] GC(988) User=0.01s Sys=0.00s Real=0.00s
[3899.583s][info][gc,marking     ] GC(988) Concurrent Mark 709.446ms
[3899.583s][info][gc,marking     ] GC(988) Concurrent Rebuild Remembered Sets and Scrub Regions
[3899.919s][info][gc,marking     ] GC(988) Concurrent Rebuild Remembered Sets and Scrub Regions 335.508ms
[3899.919s][info][gc,start       ] GC(988) Pause Cleanup
[3899.920s][info][gc             ] GC(988) Pause Cleanup 2478M->2478M(4096M) 0.115ms
[3899.920s][info][gc,cpu         ] GC(988) User=0.00s Sys=0.00s Real=0.00s
[3899.920s][info][gc,marking     ] GC(988) Concurrent Clear Claimed Marks
[3899.920s][info][gc,marking     ] GC(988) Concurrent Clear Claimed Marks 0.027ms
[3899.920s][info][gc,marking     ] GC(988) Concurrent Cleanup for Next Mark
[3899.924s][info][gc,marking     ] GC(988) Concurrent Cleanup for Next Mark 4.375ms
[3899.924s][info][gc             ] GC(988) Concurrent Mark Cycle 1203.052ms
..[3901.253s][info][gc,start       ] GC(989) Pause Young (Prepare Mixed) (G1 Evacuation Pause)
[3901.254s][info][gc,task        ] GC(989) Using 6 workers of 6 for evacuation
[3901.369s][info][gc,phases      ] GC(989)   Pre Evacuate Collection Set: 0.33ms
[3901.369s][info][gc,phases      ] GC(989)   Merge Heap Roots: 0.52ms
[3901.369s][info][gc,phases      ] GC(989)   Evacuate Collection Set: 113.49ms
[3901.369s][info][gc,phases      ] GC(989)   Post Evacuate Collection Set: 0.92ms
[3901.369s][info][gc,phases      ] GC(989)   Other: 0.09ms
[3901.369s][info][gc,heap        ] GC(989) Eden regions: 1118->0(1110)
[3901.369s][info][gc,heap        ] GC(989) Survivor regions: 110->109(154)
[3901.369s][info][gc,heap        ] GC(989) Old regions: 506->537
[3901.369s][info][gc,heap        ] GC(989) Humongous regions: 80->80
[3901.369s][info][gc,metaspace   ] GC(989) Metaspace: 28900K(29248K)->28900K(29248K) NonClass: 24032K(24192K)->24032K(24192K) Class: 4868K(5056K)->4868K(5056K)
[3901.369s][info][gc             ] GC(989) Pause Young (Prepare Mixed) (G1 Evacuation Pause) 3626M->1448M(4096M) 115.481ms
[3901.369s][info][gc,cpu         ] GC(989) User=0.68s Sys=0.00s Real=0.12s
..[3903.961s][info][gc,start       ] GC(990) Pause Young (Mixed) (G1 Evacuation Pause)
[3903.961s][info][gc,task        ] GC(990) Using 6 workers of 6 for evacuation
[3904.097s][info][gc,phases      ] GC(990)   Pre Evacuate Collection Set: 0.35ms
[3904.097s][info][gc,phases      ] GC(990)   Merge Heap Roots: 0.72ms
[3904.097s][info][gc,phases      ] GC(990)   Evacuate Collection Set: 133.98ms
[3904.097s][info][gc,phases      ] GC(990)   Post Evacuate Collection Set: 0.93ms
[3904.097s][info][gc,phases      ] GC(990)   Other: 0.08ms
[3904.097s][info][gc,heap        ] GC(990) Eden regions: 1110->0(1117)
[3904.097s][info][gc,heap        ] GC(990) Survivor regions: 109->111(153)
[3904.097s][info][gc,heap        ] GC(990) Old regions: 537->474
[3904.097s][info][gc,heap        ] GC(990) Humongous regions: 80->80
[3904.097s][info][gc,metaspace   ] GC(990) Metaspace: 28900K(29248K)->28900K(29248K) NonClass: 24032K(24192K)->24032K(24192K) Class: 4868K(5056K)->4868K(5056K)
[3904.097s][info][gc             ] GC(990) Pause Young (Mixed) (G1 Evacuation Pause) 3668M->1326M(4096M) 136.189ms
[3904.097s][info][gc,cpu         ] GC(990) User=0.81s Sys=0.00s Real=0.14s
...[3906.645s][info][gc,start       ] GC(991) Pause Young (Concurrent Start) (G1 Evacuation Pause)
[3906.645s][info][gc,task        ] GC(991) Using 6 workers of 6 for evacuation
[3906.764s][info][gc,phases      ] GC(991)   Pre Evacuate Collection Set: 0.37ms
[3906.764s][info][gc,phases      ] GC(991)   Merge Heap Roots: 0.46ms
[3906.764s][info][gc,phases      ] GC(991)   Evacuate Collection Set: 117.00ms
[3906.764s][info][gc,phases      ] GC(991)   Post Evacuate Collection Set: 0.78ms
[3906.764s][info][gc,phases      ] GC(991)   Other: 0.11ms
[3906.764s][info][gc,heap        ] GC(991) Eden regions: 1117->0(1116)
[3906.764s][info][gc,heap        ] GC(991) Survivor regions: 111->112(154)
[3906.764s][info][gc,heap        ] GC(991) Old regions: 474->506
[3906.764s][info][gc,heap        ] GC(991) Humongous regions: 80->80
[3906.764s][info][gc,metaspace   ] GC(991) Metaspace: 28900K(29248K)->28900K(29248K) NonClass: 24032K(24192K)->24032K(24192K) Class: 4868K(5056K)->4868K(5056K)
[3906.764s][info][gc             ] GC(991) Pause Young (Concurrent Start) (G1 Evacuation Pause) 3560M->1392M(4096M) 118.861ms
[3906.764s][info][gc             ] GC(992) Concurrent Mark Cycle
[3906.764s][info][gc,marking     ] GC(992) Concurrent Scan Root Regions
[3906.764s][info][gc,cpu         ] GC(991) User=0.71s Sys=0.00s Real=0.11s
[3906.899s][info][gc,marking     ] GC(992) Concurrent Scan Root Regions 135.147ms
[3906.899s][info][gc,marking     ] GC(992) Concurrent Mark
[3906.899s][info][gc,marking     ] GC(992) Concurrent Mark From Roots
[3906.899s][info][gc,task        ] GC(992) Using 2 workers of 2 for marking
.[3907.689s][info][gc,marking     ] GC(992) Concurrent Mark From Roots 789.531ms
[3907.689s][info][gc,marking     ] GC(992) Concurrent Preclean
[3907.689s][info][gc,marking     ] GC(992) Concurrent Preclean 0.114ms
[3907.690s][info][gc,start       ] GC(992) Pause Remark
[3907.693s][info][gc             ] GC(992) Pause Remark 2196M->2196M(4096M) 2.632ms
[3907.693s][info][gc,cpu         ] GC(992) User=0.02s Sys=0.00s Real=0.00s
[3907.693s][info][gc,marking     ] GC(992) Concurrent Mark 793.517ms
[3907.693s][info][gc,marking     ] GC(992) Concurrent Rebuild Remembered Sets and Scrub Regions
[3908.028s][info][gc,marking     ] GC(992) Concurrent Rebuild Remembered Sets and Scrub Regions 334.921ms
[3908.028s][info][gc,start       ] GC(992) Pause Cleanup
[3908.028s][info][gc             ] GC(992) Pause Cleanup 2472M->2472M(4096M) 0.112ms
[3908.028s][info][gc,cpu         ] GC(992) User=0.00s Sys=0.00s Real=0.00s
[3908.028s][info][gc,marking     ] GC(992) Concurrent Clear Claimed Marks
[3908.028s][info][gc,marking     ] GC(992) Concurrent Clear Claimed Marks 0.026ms
[3908.028s][info][gc,marking     ] GC(992) Concurrent Cleanup for Next Mark
[3908.033s][info][gc,marking     ] GC(992) Concurrent Cleanup for Next Mark 4.721ms
[3908.033s][info][gc             ] GC(992) Concurrent Mark Cycle 1268.929ms
..[3909.440s][info][gc,start       ] GC(993) Pause Young (Prepare Mixed) (G1 Evacuation Pause)
[3909.440s][info][gc,task        ] GC(993) Using 6 workers of 6 for evacuation
[3909.562s][info][gc,phases      ] GC(993)   Pre Evacuate Collection Set: 0.31ms
[3909.562s][info][gc,phases      ] GC(993)   Merge Heap Roots: 0.52ms
[3909.562s][info][gc,phases      ] GC(993)   Evacuate Collection Set: 119.80ms
[3909.562s][info][gc,phases      ] GC(993)   Post Evacuate Collection Set: 0.92ms
[3909.562s][info][gc,phases      ] GC(993)   Other: 0.09ms
[3909.562s][info][gc,heap        ] GC(993) Eden regions: 1116->0(1099)
[3909.562s][info][gc,heap        ] GC(993) Survivor regions: 112->114(154)
[3909.562s][info][gc,heap        ] GC(993) Old regions: 506->538
[3909.562s][info][gc,heap        ] GC(993) Humongous regions: 80->80
[3909.562s][info][gc,metaspace   ] GC(993) Metaspace: 28900K(29248K)->28900K(29248K) NonClass: 24032K(24192K)->24032K(24192K) Class: 4868K(5056K)->4868K(5056K)
[3909.562s][info][gc             ] GC(993) Pause Young (Prepare Mixed) (G1 Evacuation Pause) 3624M->1460M(4096M) 121.777ms
[3909.562s][info][gc,cpu         ] GC(993) User=0.72s Sys=0.00s Real=0.12s
..[3912.078s][info][gc,start       ] GC(994) Pause Young (Mixed) (G1 Evacuation Pause)
[3912.078s][info][gc,task        ] GC(994) Using 6 workers of 6 for evacuation
[3912.210s][info][gc,phases      ] GC(994)   Pre Evacuate Collection Set: 0.35ms
[3912.210s][info][gc,phases      ] GC(994)   Merge Heap Roots: 0.70ms
[3912.210s][info][gc,phases      ] GC(994)   Evacuate Collection Set: 129.75ms
[3912.210s][info][gc,phases      ] GC(994)   Post Evacuate Collection Set: 0.92ms
[3912.210s][info][gc,phases      ] GC(994)   Other: 0.08ms
[3912.210s][info][gc,heap        ] GC(994) Eden regions: 1099->0(1121)
[3912.210s][info][gc,heap        ] GC(994) Survivor regions: 114->107(152)
[3912.210s][info][gc,heap        ] GC(994) Old regions: 538->474
[3912.210s][info][gc,heap        ] GC(994) Humongous regions: 80->80
[3912.210s][info][gc,metaspace   ] GC(994) Metaspace: 28900K(29248K)->28900K(29248K) NonClass: 24032K(24192K)->24032K(24192K) Class: 4868K(5056K)->4868K(5056K)
[3912.210s][info][gc             ] GC(994) Pause Young (Mixed) (G1 Evacuation Pause) 3658M->1319M(4096M) 131.933ms
[3912.210s][info][gc,cpu         ] GC(994) User=0.78s Sys=0.00s Real=0.13s
...[3914.820s][info][gc,start       ] GC(995) Pause Young (Concurrent Start) (G1 Evacuation Pause)
[3914.820s][info][gc,task        ] GC(995) Using 6 workers of 6 for evacuation
[3914.937s][info][gc,phases      ] GC(995)   Pre Evacuate Collection Set: 0.35ms
[3914.937s][info][gc,phases      ] GC(995)   Merge Heap Roots: 0.47ms
[3914.937s][info][gc,phases      ] GC(995)   Evacuate Collection Set: 115.15ms
[3914.937s][info][gc,phases      ] GC(995)   Post Evacuate Collection Set: 0.88ms
[3914.937s][info][gc,phases      ] GC(995)   Other: 0.11ms
[3914.937s][info][gc,heap        ] GC(995) Eden regions: 1121->0(1119)
[3914.937s][info][gc,heap        ] GC(995) Survivor regions: 107->109(154)
[3914.937s][info][gc,heap        ] GC(995) Old regions: 474->507
[3914.937s][info][gc,heap        ] GC(995) Humongous regions: 80->80
[3914.937s][info][gc,metaspace   ] GC(995) Metaspace: 28900K(29248K)->28900K(29248K) NonClass: 24032K(24192K)->24032K(24192K) Class: 4868K(5056K)->4868K(5056K)
[3914.937s][info][gc             ] GC(995) Pause Young (Concurrent Start) (G1 Evacuation Pause) 3561M->1389M(4096M) 117.096ms
[3914.937s][info][gc             ] GC(996) Concurrent Mark Cycle
[3914.937s][info][gc,marking     ] GC(996) Concurrent Scan Root Regions
[3914.937s][info][gc,cpu         ] GC(995) User=0.70s Sys=0.00s Real=0.12s
[3915.105s][info][gc,marking     ] GC(996) Concurrent Scan Root Regions 168.132ms
[3915.106s][info][gc,marking     ] GC(996) Concurrent Mark
[3915.106s][info][gc,marking     ] GC(996) Concurrent Mark From Roots
[3915.106s][info][gc,task        ] GC(996) Using 2 workers of 2 for marking
.[3916.198s][info][gc,marking     ] GC(996) Concurrent Mark From Roots 1092.035ms
[3916.198s][info][gc,marking     ] GC(996) Concurrent Preclean
[3916.198s][info][gc,marking     ] GC(996) Concurrent Preclean 0.149ms
[3916.199s][info][gc,start       ] GC(996) Pause Remark
[3916.202s][info][gc             ] GC(996) Pause Remark 2543M->2543M(4096M) 2.909ms
[3916.202s][info][gc,cpu         ] GC(996) User=0.01s Sys=0.00s Real=0.00s
[3916.202s][info][gc,marking     ] GC(996) Concurrent Mark 1096.479ms
[3916.202s][info][gc,marking     ] GC(996) Concurrent Rebuild Remembered Sets and Scrub Regions
.[3916.568s][info][gc,marking     ] GC(996) Concurrent Rebuild Remembered Sets and Scrub Regions 365.929ms
[3916.568s][info][gc,start       ] GC(996) Pause Cleanup
[3916.568s][info][gc             ] GC(996) Pause Cleanup 2859M->2859M(4096M) 0.115ms
[3916.568s][info][gc,cpu         ] GC(996) User=0.00s Sys=0.00s Real=0.00s
[3916.568s][info][gc,marking     ] GC(996) Concurrent Clear Claimed Marks
[3916.568s][info][gc,marking     ] GC(996) Concurrent Clear Claimed Marks 0.024ms
[3916.568s][info][gc,marking     ] GC(996) Concurrent Cleanup for Next Mark
[3916.573s][info][gc,marking     ] GC(996) Concurrent Cleanup for Next Mark 4.701ms
[3916.573s][info][gc             ] GC(996) Concurrent Mark Cycle 1635.735ms
.[3917.525s][info][gc,start       ] GC(997) Pause Young (Prepare Mixed) (G1 Evacuation Pause)
[3917.525s][info][gc,task        ] GC(997) Using 6 workers of 6 for evacuation
[3917.643s][info][gc,phases      ] GC(997)   Pre Evacuate Collection Set: 0.31ms
[3917.643s][info][gc,phases      ] GC(997)   Merge Heap Roots: 0.52ms
[3917.643s][info][gc,phases      ] GC(997)   Evacuate Collection Set: 116.18ms
[3917.643s][info][gc,phases      ] GC(997)   Post Evacuate Collection Set: 0.89ms
[3917.643s][info][gc,phases      ] GC(997)   Other: 0.10ms
[3917.643s][info][gc,heap        ] GC(997) Eden regions: 1119->0(1105)
[3917.643s][info][gc,heap        ] GC(997) Survivor regions: 109->111(154)
[3917.643s][info][gc,heap        ] GC(997) Old regions: 507->538
[3917.643s][info][gc,heap        ] GC(997) Humongous regions: 80->80
[3917.643s][info][gc,metaspace   ] GC(997) Metaspace: 28900K(29248K)->28900K(29248K) NonClass: 24032K(24192K)->24032K(24192K) Class: 4868K(5056K)->4868K(5056K)
[3917.643s][info][gc             ] GC(997) Pause Young (Prepare Mixed) (G1 Evacuation Pause) 3627M->1455M(4096M) 118.125ms
[3917.643s][info][gc,cpu         ] GC(997) User=0.71s Sys=0.00s Real=0.11s
..[3920.192s][info][gc,start       ] GC(998) Pause Young (Mixed) (G1 Evacuation Pause)
[3920.192s][info][gc,task        ] GC(998) Using 6 workers of 6 for evacuation
[3920.323s][info][gc,phases      ] GC(998)   Pre Evacuate Collection Set: 0.40ms
[3920.323s][info][gc,phases      ] GC(998)   Merge Heap Roots: 0.72ms
[3920.323s][info][gc,phases      ] GC(998)   Evacuate Collection Set: 128.73ms
[3920.323s][info][gc,phases      ] GC(998)   Post Evacuate Collection Set: 0.95ms
[3920.323s][info][gc,phases      ] GC(998)   Other: 0.09ms
[3920.323s][info][gc,heap        ] GC(998) Eden regions: 1105->0(1121)
[3920.323s][info][gc,heap        ] GC(998) Survivor regions: 111->107(152)
[3920.323s][info][gc,heap        ] GC(998) Old regions: 538->475
[3920.323s][info][gc,heap        ] GC(998) Humongous regions: 80->80
[3920.323s][info][gc,metaspace   ] GC(998) Metaspace: 28900K(29248K)->28900K(29248K) NonClass: 24032K(24192K)->24032K(24192K) Class: 4868K(5056K)->4868K(5056K)
[3920.323s][info][gc             ] GC(998) Pause Young (Mixed) (G1 Evacuation Pause) 3665M->1320M(4096M) 131.021ms
[3920.324s][info][gc,cpu         ] GC(998) User=0.78s Sys=0.00s Real=0.13s
...[3922.907s][info][gc,start       ] GC(999) Pause Young (Concurrent Start) (G1 Evacuation Pause)
[3922.907s][info][gc,task        ] GC(999) Using 6 workers of 6 for evacuation
[3923.025s][info][gc,phases      ] GC(999)   Pre Evacuate Collection Set: 0.36ms
[3923.025s][info][gc,phases      ] GC(999)   Merge Heap Roots: 0.47ms
[3923.025s][info][gc,phases      ] GC(999)   Evacuate Collection Set: 116.12ms
[3923.025s][info][gc,phases      ] GC(999)   Post Evacuate Collection Set: 0.86ms
[3923.025s][info][gc,phases      ] GC(999)   Other: 0.13ms
[3923.025s][info][gc,heap        ] GC(999) Eden regions: 1121->0(1118)
[3923.025s][info][gc,heap        ] GC(999) Survivor regions: 107->110(154)
[3923.025s][info][gc,heap        ] GC(999) Old regions: 475->506
[3923.025s][info][gc,heap        ] GC(999) Humongous regions: 80->80
[3923.025s][info][gc,metaspace   ] GC(999) Metaspace: 28900K(29248K)->28900K(29248K) NonClass: 24032K(24192K)->24032K(24192K) Class: 4868K(5056K)->4868K(5056K)
[3923.025s][info][gc             ] GC(999) Pause Young (Concurrent Start) (G1 Evacuation Pause) 3562M->1390M(4096M) 118.098ms
[3923.025s][info][gc             ] GC(1000) Concurrent Mark Cycle
[3923.025s][info][gc,marking     ] GC(1000) Concurrent Scan Root Regions
[3923.025s][info][gc,cpu         ] GC(999) User=0.69s Sys=0.01s Real=0.12s
[3923.192s][info][gc,marking     ] GC(1000) Concurrent Scan Root Regions 166.911ms
[3923.192s][info][gc,marking     ] GC(1000) Concurrent Mark
[3923.192s][info][gc,marking     ] GC(1000) Concurrent Mark From Roots
[3923.192s][info][gc,task        ] GC(1000) Using 2 workers of 2 for marking
.[3924.171s][info][gc,marking     ] GC(1000) Concurrent Mark From Roots 979.220ms
[3924.171s][info][gc,marking     ] GC(1000) Concurrent Preclean
[3924.171s][info][gc,marking     ] GC(1000) Concurrent Preclean 0.132ms
[3924.171s][info][gc,start       ] GC(1000) Pause Remark
[3924.175s][info][gc             ] GC(1000) Pause Remark 2330M->2330M(4096M) 3.371ms
[3924.175s][info][gc,cpu         ] GC(1000) User=0.02s Sys=0.00s Real=0.01s
[3924.175s][info][gc,marking     ] GC(1000) Concurrent Mark 983.035ms
[3924.175s][info][gc,marking     ] GC(1000) Concurrent Rebuild Remembered Sets and Scrub Regions
.[3924.540s][info][gc,marking     ] GC(1000) Concurrent Rebuild Remembered Sets and Scrub Regions 365.429ms
[3924.541s][info][gc,start       ] GC(1000) Pause Cleanup
[3924.541s][info][gc             ] GC(1000) Pause Cleanup 2682M->2682M(4096M) 0.120ms
[3924.541s][info][gc,cpu         ] GC(1000) User=0.00s Sys=0.00s Real=0.00s
[3924.542s][info][gc,marking     ] GC(1000) Concurrent Clear Claimed Marks
[3924.542s][info][gc,marking     ] GC(1000) Concurrent Clear Claimed Marks 0.025ms
[3924.542s][info][gc,marking     ] GC(1000) Concurrent Cleanup for Next Mark
[3924.548s][info][gc,marking     ] GC(1000) Concurrent Cleanup for Next Mark 6.653ms
[3924.548s][info][gc             ] GC(1000) Concurrent Mark Cycle 1523.408ms
.[3925.655s][info][gc,start       ] GC(1001) Pause Young (Prepare Mixed) (G1 Evacuation Pause)
[3925.655s][info][gc,task        ] GC(1001) Using 6 workers of 6 for evacuation
[3925.778s][info][gc,phases      ] GC(1001)   Pre Evacuate Collection Set: 0.30ms
[3925.778s][info][gc,phases      ] GC(1001)   Merge Heap Roots: 0.52ms
[3925.778s][info][gc,phases      ] GC(1001)   Evacuate Collection Set: 122.03ms
[3925.778s][info][gc,phases      ] GC(1001)   Post Evacuate Collection Set: 0.87ms
[3925.778s][info][gc,phases      ] GC(1001)   Other: 0.08ms
[3925.778s][info][gc,heap        ] GC(1001) Eden regions: 1118->0(1100)
[3925.778s][info][gc,heap        ] GC(1001) Survivor regions: 110->114(154)
[3925.778s][info][gc,heap        ] GC(1001) Old regions: 506->537
[3925.778s][info][gc,heap        ] GC(1001) Humongous regions: 80->80
[3925.778s][info][gc,metaspace   ] GC(1001) Metaspace: 28900K(29248K)->28900K(29248K) NonClass: 24032K(24192K)->24032K(24192K) Class: 4868K(5056K)->4868K(5056K)
[3925.778s][info][gc             ] GC(1001) Pause Young (Prepare Mixed) (G1 Evacuation Pause) 3626M->1458M(4096M) 123.913ms
[3925.779s][info][gc,cpu         ] GC(1001) User=0.73s Sys=0.00s Real=0.13s
..[3928.316s][info][gc,start       ] GC(1002) Pause Young (Mixed) (G1 Evacuation Pause)
[3928.316s][info][gc,task        ] GC(1002) Using 6 workers of 6 for evacuation
[3928.445s][info][gc,phases      ] GC(1002)   Pre Evacuate Collection Set: 0.37ms
[3928.445s][info][gc,phases      ] GC(1002)   Merge Heap Roots: 0.61ms
[3928.445s][info][gc,phases      ] GC(1002)   Evacuate Collection Set: 126.98ms
[3928.445s][info][gc,phases      ] GC(1002)   Post Evacuate Collection Set: 0.92ms
[3928.445s][info][gc,phases      ] GC(1002)   Other: 0.09ms
[3928.445s][info][gc,heap        ] GC(1002) Eden regions: 1100->0(1120)
[3928.445s][info][gc,heap        ] GC(1002) Survivor regions: 114->108(152)
[3928.445s][info][gc,heap        ] GC(1002) Old regions: 537->472
[3928.445s][info][gc,heap        ] GC(1002) Humongous regions: 80->80
[3928.445s][info][gc,metaspace   ] GC(1002) Metaspace: 28900K(29248K)->28900K(29248K) NonClass: 24032K(24192K)->24032K(24192K) Class: 4868K(5056K)->4868K(5056K)
[3928.445s][info][gc             ] GC(1002) Pause Young (Mixed) (G1 Evacuation Pause) 3658M->1316M(4096M) 129.108ms
[3928.446s][info][gc,cpu         ] GC(1002) User=0.77s Sys=0.00s Real=0.13s
...[3930.972s][info][gc,start       ] GC(1003) Pause Young (Concurrent Start) (G1 Evacuation Pause)
[3930.972s][info][gc,task        ] GC(1003) Using 6 workers of 6 for evacuation
[3931.090s][info][gc,phases      ] GC(1003)   Pre Evacuate Collection Set: 0.40ms
[3931.090s][info][gc,phases      ] GC(1003)   Merge Heap Roots: 0.49ms
[3931.090s][info][gc,phases      ] GC(1003)   Evacuate Collection Set: 116.16ms
[3931.090s][info][gc,phases      ] GC(1003)   Post Evacuate Collection Set: 0.90ms
[3931.090s][info][gc,phases      ] GC(1003)   Other: 0.13ms
[3931.090s][info][gc,heap        ] GC(1003) Eden regions: 1120->0(1118)
[3931.090s][info][gc,heap        ] GC(1003) Survivor regions: 108->110(154)
[3931.090s][info][gc,heap        ] GC(1003) Old regions: 472->504
[3931.090s][info][gc,heap        ] GC(1003) Humongous regions: 80->80
[3931.090s][info][gc,metaspace   ] GC(1003) Metaspace: 28900K(29248K)->28900K(29248K) NonClass: 24032K(24192K)->24032K(24192K) Class: 4868K(5056K)->4868K(5056K)
[3931.090s][info][gc             ] GC(1003) Pause Young (Concurrent Start) (G1 Evacuation Pause) 3556M->1385M(4096M) 118.198ms
[3931.090s][info][gc             ] GC(1004) Concurrent Mark Cycle
[3931.090s][info][gc,marking     ] GC(1004) Concurrent Scan Root Regions
[3931.090s][info][gc,cpu         ] GC(1003) User=0.70s Sys=0.00s Real=0.12s
[3931.261s][info][gc,marking     ] GC(1004) Concurrent Scan Root Regions 171.287ms
[3931.261s][info][gc,marking     ] GC(1004) Concurrent Mark
[3931.261s][info][gc,marking     ] GC(1004) Concurrent Mark From Roots
[3931.261s][info][gc,task        ] GC(1004) Using 2 workers of 2 for marking
.[3931.969s][info][gc,marking     ] GC(1004) Concurrent Mark From Roots 707.790ms
[3931.969s][info][gc,marking     ] GC(1004) Concurrent Preclean
[3931.969s][info][gc,marking     ] GC(1004) Concurrent Preclean 0.081ms
[3931.969s][info][gc,start       ] GC(1004) Pause Remark
[3931.972s][info][gc             ] GC(1004) Pause Remark 2150M->2150M(4096M) 2.457ms
[3931.972s][info][gc,cpu         ] GC(1004) User=0.01s Sys=0.00s Real=0.00s
[3931.972s][info][gc,marking     ] GC(1004) Concurrent Mark 710.567ms
[3931.972s][info][gc,marking     ] GC(1004) Concurrent Rebuild Remembered Sets and Scrub Regions
[3932.229s][info][gc,marking     ] GC(1004) Concurrent Rebuild Remembered Sets and Scrub Regions 257.305ms
[3932.230s][info][gc,start       ] GC(1004) Pause Cleanup
[3932.230s][info][gc             ] GC(1004) Pause Cleanup 2351M->2351M(4096M) 0.121ms
[3932.230s][info][gc,cpu         ] GC(1004) User=0.00s Sys=0.00s Real=0.00s
[3932.230s][info][gc,marking     ] GC(1004) Concurrent Clear Claimed Marks
[3932.230s][info][gc,marking     ] GC(1004) Concurrent Clear Claimed Marks 0.026ms
[3932.230s][info][gc,marking     ] GC(1004) Concurrent Cleanup for Next Mark
[3932.237s][info][gc,marking     ] GC(1004) Concurrent Cleanup for Next Mark 7.020ms
[3932.237s][info][gc             ] GC(1004) Concurrent Mark Cycle 1147.133ms
..[3933.725s][info][gc,start       ] GC(1005) Pause Young (Prepare Mixed) (G1 Evacuation Pause)
[3933.725s][info][gc,task        ] GC(1005) Using 6 workers of 6 for evacuation
[3933.842s][info][gc,phases      ] GC(1005)   Pre Evacuate Collection Set: 0.31ms
[3933.842s][info][gc,phases      ] GC(1005)   Merge Heap Roots: 0.52ms
[3933.842s][info][gc,phases      ] GC(1005)   Evacuate Collection Set: 116.01ms
[3933.842s][info][gc,phases      ] GC(1005)   Post Evacuate Collection Set: 0.91ms
[3933.842s][info][gc,phases      ] GC(1005)   Other: 0.08ms
[3933.842s][info][gc,heap        ] GC(1005) Eden regions: 1118->0(1109)
[3933.842s][info][gc,heap        ] GC(1005) Survivor regions: 110->110(154)
[3933.842s][info][gc,heap        ] GC(1005) Old regions: 504->536
[3933.842s][info][gc,heap        ] GC(1005) Humongous regions: 80->80
[3933.842s][info][gc,metaspace   ] GC(1005) Metaspace: 28900K(29248K)->28900K(29248K) NonClass: 24032K(24192K)->24032K(24192K) Class: 4868K(5056K)->4868K(5056K)
[3933.842s][info][gc             ] GC(1005) Pause Young (Prepare Mixed) (G1 Evacuation Pause) 3621M->1449M(4096M) 117.964ms
[3933.843s][info][gc,cpu         ] GC(1005) User=0.70s Sys=0.00s Real=0.12s
..[3936.427s][info][gc,start       ] GC(1006) Pause Young (Mixed) (G1 Evacuation Pause)
[3936.427s][info][gc,task        ] GC(1006) Using 6 workers of 6 for evacuation
[3936.557s][info][gc,phases      ] GC(1006)   Pre Evacuate Collection Set: 0.34ms
[3936.557s][info][gc,phases      ] GC(1006)   Merge Heap Roots: 0.67ms
[3936.557s][info][gc,phases      ] GC(1006)   Evacuate Collection Set: 128.33ms
[3936.557s][info][gc,phases      ] GC(1006)   Post Evacuate Collection Set: 0.94ms
[3936.557s][info][gc,phases      ] GC(1006)   Other: 0.09ms
[3936.557s][info][gc,heap        ] GC(1006) Eden regions: 1109->0(1119)
[3936.557s][info][gc,heap        ] GC(1006) Survivor regions: 110->109(153)
[3936.557s][info][gc,heap        ] GC(1006) Old regions: 536->473
[3936.557s][info][gc,heap        ] GC(1006) Humongous regions: 80->80
[3936.557s][info][gc,metaspace   ] GC(1006) Metaspace: 28900K(29248K)->28900K(29248K) NonClass: 24032K(24192K)->24032K(24192K) Class: 4868K(5056K)->4868K(5056K)
[3936.557s][info][gc             ] GC(1006) Pause Young (Mixed) (G1 Evacuation Pause) 3667M->1321M(4096M) 130.512ms
[3936.557s][info][gc,cpu         ] GC(1006) User=0.78s Sys=0.00s Real=0.13s
.. (rIR:aIR:PR = 6918:6917:6917) (tPR = 102555) [OK] 
  3937s: Performance info:
         Transaction,    Success,    Partial,     Failed,   Receipts, AvgBarcode, 
             Overall,     418903,          0,          0,     397926,      59.47, 
         Response times:
             Request,    Success,    Partial,     Failed,   SkipFail,     Probes,    Samples,      min,      p50,      p90,      p95,      p99,      max, 
       TotalPurchase,     397925,          0,          0,          0,     363684,     389725,      300,     5600,    31000,    61000,   115000,   358000,
     InStorePurchase,     209377,          0,          0,          0,     191656,     204761,      300,     5400,    31000,    60000,   114000,   358000,
      OnlinePurchase,     146580,          0,          0,          0,     133698,     143676,      300,     5800,    32000,    61000,   117000,   274000,
        InstPurchase,      41968,          0,          0,          0,      38330,      41288,      400,     5800,    33000,    62000,   117000,   253000,
          AssocOfCat,        420,          0,          0,          0,        357,        495,    25000,    39000,   109400,   151400,   212040,   293000,
      AssocOfProduct,       4189,          0,          0,          0,       3875,       4342,      600,     6200,    34000,    65850,   120570,   274000,
      BusinessReport,       1045,          0,          0,          0,        921,       1105,    26000,    41000,    93400,   130000,   193940,   399000,
          CustBuyBeh,       4187,          0,          0,          0,       3907,       4448,      400,     3800,    26000,    56000,   108020,   203000,
       ProductReturn,      11135,          0,          0,          0,       9477,      10408,      200,     6800,    42000,    73000,   120000,   274000,

  3937s: (51%)   IR =   7057 .[3939.112s][info][gc,start       ] GC(1007) Pause Young (Concurrent Start) (G1 Evacuation Pause)
[3939.112s][info][gc,task        ] GC(1007) Using 6 workers of 6 for evacuation
[3939.226s][info][gc,phases      ] GC(1007)   Pre Evacuate Collection Set: 0.36ms
[3939.226s][info][gc,phases      ] GC(1007)   Merge Heap Roots: 0.48ms
[3939.226s][info][gc,phases      ] GC(1007)   Evacuate Collection Set: 112.53ms
[3939.226s][info][gc,phases      ] GC(1007)   Post Evacuate Collection Set: 0.96ms
[3939.226s][info][gc,phases      ] GC(1007)   Other: 0.11ms
[3939.226s][info][gc,heap        ] GC(1007) Eden regions: 1119->0(1121)
[3939.226s][info][gc,heap        ] GC(1007) Survivor regions: 109->107(154)
[3939.226s][info][gc,heap        ] GC(1007) Old regions: 473->506
[3939.226s][info][gc,heap        ] GC(1007) Humongous regions: 80->80
[3939.226s][info][gc,metaspace   ] GC(1007) Metaspace: 28900K(29248K)->28900K(29248K) NonClass: 24032K(24192K)->24032K(24192K) Class: 4868K(5056K)->4868K(5056K)
[3939.226s][info][gc             ] GC(1007) Pause Young (Concurrent Start) (G1 Evacuation Pause) 3559M->1383M(4096M) 114.579ms
[3939.226s][info][gc             ] GC(1008) Concurrent Mark Cycle
[3939.226s][info][gc,marking     ] GC(1008) Concurrent Scan Root Regions
[3939.226s][info][gc,cpu         ] GC(1007) User=0.68s Sys=0.00s Real=0.12s
[3939.418s][info][gc,marking     ] GC(1008) Concurrent Scan Root Regions 191.727ms
[3939.418s][info][gc,marking     ] GC(1008) Concurrent Mark
[3939.418s][info][gc,marking     ] GC(1008) Concurrent Mark From Roots
[3939.418s][info][gc,task        ] GC(1008) Using 2 workers of 2 for marking
.[3940.164s][info][gc,marking     ] GC(1008) Concurrent Mark From Roots 745.663ms
[3940.164s][info][gc,marking     ] GC(1008) Concurrent Preclean
[3940.164s][info][gc,marking     ] GC(1008) Concurrent Preclean 0.132ms
[3940.165s][info][gc,start       ] GC(1008) Pause Remark
[3940.168s][info][gc             ] GC(1008) Pause Remark 2233M->2233M(4096M) 3.438ms
[3940.168s][info][gc,cpu         ] GC(1008) User=0.02s Sys=0.00s Real=0.01s
[3940.168s][info][gc,marking     ] GC(1008) Concurrent Mark 750.338ms
[3940.168s][info][gc,marking     ] GC(1008) Concurrent Rebuild Remembered Sets and Scrub Regions
[3940.430s][info][gc,marking     ] GC(1008) Concurrent Rebuild Remembered Sets and Scrub Regions 261.562ms
[3940.431s][info][gc,start       ] GC(1008) Pause Cleanup
[3940.431s][info][gc             ] GC(1008) Pause Cleanup 2467M->2467M(4096M) 0.124ms
[3940.431s][info][gc,cpu         ] GC(1008) User=0.00s Sys=0.00s Real=0.00s
[3940.431s][info][gc,marking     ] GC(1008) Concurrent Clear Claimed Marks
[3940.431s][info][gc,marking     ] GC(1008) Concurrent Clear Claimed Marks 0.032ms
[3940.431s][info][gc,marking     ] GC(1008) Concurrent Cleanup for Next Mark
[3940.435s][info][gc,marking     ] GC(1008) Concurrent Cleanup for Next Mark 4.014ms
[3940.435s][info][gc             ] GC(1008) Concurrent Mark Cycle 1209.366ms
..[3941.771s][info][gc,start       ] GC(1009) Pause Young (Prepare Mixed) (G1 Evacuation Pause)
[3941.771s][info][gc,task        ] GC(1009) Using 6 workers of 6 for evacuation
[3941.888s][info][gc,phases      ] GC(1009)   Pre Evacuate Collection Set: 0.34ms
[3941.888s][info][gc,phases      ] GC(1009)   Merge Heap Roots: 0.54ms
[3941.888s][info][gc,phases      ] GC(1009)   Evacuate Collection Set: 115.03ms
[3941.888s][info][gc,phases      ] GC(1009)   Post Evacuate Collection Set: 0.99ms
[3941.888s][info][gc,phases      ] GC(1009)   Other: 0.09ms
[3941.888s][info][gc,heap        ] GC(1009) Eden regions: 1121->0(1108)
[3941.888s][info][gc,heap        ] GC(1009) Survivor regions: 107->110(154)
[3941.888s][info][gc,heap        ] GC(1009) Old regions: 506->537
[3941.888s][info][gc,heap        ] GC(1009) Humongous regions: 80->80
[3941.888s][info][gc,metaspace   ] GC(1009) Metaspace: 28900K(29248K)->28900K(29248K) NonClass: 24032K(24192K)->24032K(24192K) Class: 4868K(5056K)->4868K(5056K)
[3941.888s][info][gc             ] GC(1009) Pause Young (Prepare Mixed) (G1 Evacuation Pause) 3625M->1451M(4096M) 117.139ms
[3941.888s][info][gc,cpu         ] GC(1009) User=0.70s Sys=0.00s Real=0.12s
.|.[3944.428s][info][gc,start       ] GC(1010) Pause Young (Mixed) (G1 Evacuation Pause)
[3944.428s][info][gc,task        ] GC(1010) Using 6 workers of 6 for evacuation
[3944.563s][info][gc,phases      ] GC(1010)   Pre Evacuate Collection Set: 0.36ms
[3944.563s][info][gc,phases      ] GC(1010)   Merge Heap Roots: 0.73ms
[3944.563s][info][gc,phases      ] GC(1010)   Evacuate Collection Set: 132.43ms
[3944.563s][info][gc,phases      ] GC(1010)   Post Evacuate Collection Set: 0.93ms
[3944.563s][info][gc,phases      ] GC(1010)   Other: 0.09ms
[3944.563s][info][gc,heap        ] GC(1010) Eden regions: 1108->0(1119)
[3944.563s][info][gc,heap        ] GC(1010) Survivor regions: 110->109(153)
[3944.563s][info][gc,heap        ] GC(1010) Old regions: 537->473
[3944.563s][info][gc,heap        ] GC(1010) Humongous regions: 80->80
[3944.563s][info][gc,metaspace   ] GC(1010) Metaspace: 28900K(29248K)->28900K(29248K) NonClass: 24032K(24192K)->24032K(24192K) Class: 4868K(5056K)->4868K(5056K)
[3944.563s][info][gc             ] GC(1010) Pause Young (Mixed) (G1 Evacuation Pause) 3667M->1322M(4096M) 134.667ms
[3944.563s][info][gc,cpu         ] GC(1010) User=0.80s Sys=0.00s Real=0.13s
...[3947.043s][info][gc,start       ] GC(1011) Pause Young (Concurrent Start) (G1 Evacuation Pause)
[3947.043s][info][gc,task        ] GC(1011) Using 6 workers of 6 for evacuation
[3947.159s][info][gc,phases      ] GC(1011)   Pre Evacuate Collection Set: 0.38ms
[3947.159s][info][gc,phases      ] GC(1011)   Merge Heap Roots: 0.48ms
[3947.159s][info][gc,phases      ] GC(1011)   Evacuate Collection Set: 113.67ms
[3947.159s][info][gc,phases      ] GC(1011)   Post Evacuate Collection Set: 0.88ms
[3947.159s][info][gc,phases      ] GC(1011)   Other: 0.11ms
[3947.159s][info][gc,heap        ] GC(1011) Eden regions: 1119->0(1121)
[3947.159s][info][gc,heap        ] GC(1011) Survivor regions: 109->107(154)
[3947.159s][info][gc,heap        ] GC(1011) Old regions: 473->505
[3947.159s][info][gc,heap        ] GC(1011) Humongous regions: 80->80
[3947.159s][info][gc,metaspace   ] GC(1011) Metaspace: 28900K(29248K)->28900K(29248K) NonClass: 24032K(24192K)->24032K(24192K) Class: 4868K(5056K)->4868K(5056K)
[3947.159s][info][gc             ] GC(1011) Pause Young (Concurrent Start) (G1 Evacuation Pause) 3560M->1382M(4096M) 115.653ms
[3947.159s][info][gc             ] GC(1012) Concurrent Mark Cycle
[3947.159s][info][gc,marking     ] GC(1012) Concurrent Scan Root Regions
[3947.159s][info][gc,cpu         ] GC(1011) User=0.69s Sys=0.00s Real=0.12s
[3947.289s][info][gc,marking     ] GC(1012) Concurrent Scan Root Regions 129.949ms
[3947.289s][info][gc,marking     ] GC(1012) Concurrent Mark
[3947.289s][info][gc,marking     ] GC(1012) Concurrent Mark From Roots
[3947.289s][info][gc,task        ] GC(1012) Using 2 workers of 2 for marking
.[3947.896s][info][gc,marking     ] GC(1012) Concurrent Mark From Roots 606.843ms
[3947.896s][info][gc,marking     ] GC(1012) Concurrent Preclean
[3947.896s][info][gc,marking     ] GC(1012) Concurrent Preclean 0.084ms
[3947.896s][info][gc,start       ] GC(1012) Pause Remark
[3947.899s][info][gc             ] GC(1012) Pause Remark 2034M->2034M(4096M) 3.063ms
[3947.899s][info][gc,cpu         ] GC(1012) User=0.02s Sys=0.00s Real=0.00s
[3947.900s][info][gc,marking     ] GC(1012) Concurrent Mark 611.274ms
[3947.900s][info][gc,marking     ] GC(1012) Concurrent Rebuild Remembered Sets and Scrub Regions
[3948.269s][info][gc,marking     ] GC(1012) Concurrent Rebuild Remembered Sets and Scrub Regions 368.509ms
[3948.269s][info][gc,start       ] GC(1012) Pause Cleanup
[3948.269s][info][gc             ] GC(1012) Pause Cleanup 2372M->2372M(4096M) 0.123ms
[3948.269s][info][gc,cpu         ] GC(1012) User=0.00s Sys=0.00s Real=0.00s
[3948.269s][info][gc,marking     ] GC(1012) Concurrent Clear Claimed Marks
[3948.269s][info][gc,marking     ] GC(1012) Concurrent Clear Claimed Marks 0.030ms
[3948.269s][info][gc,marking     ] GC(1012) Concurrent Cleanup for Next Mark
[3948.274s][info][gc,marking     ] GC(1012) Concurrent Cleanup for Next Mark 5.401ms
[3948.274s][info][gc             ] GC(1012) Concurrent Mark Cycle 1115.759ms
..[3949.721s][info][gc,start       ] GC(1013) Pause Young (Prepare Mixed) (G1 Evacuation Pause)
[3949.721s][info][gc,task        ] GC(1013) Using 6 workers of 6 for evacuation
[3949.841s][info][gc,phases      ] GC(1013)   Pre Evacuate Collection Set: 0.31ms
[3949.841s][info][gc,phases      ] GC(1013)   Merge Heap Roots: 0.53ms
[3949.841s][info][gc,phases      ] GC(1013)   Evacuate Collection Set: 118.73ms
[3949.841s][info][gc,phases      ] GC(1013)   Post Evacuate Collection Set: 0.95ms
[3949.841s][info][gc,phases      ] GC(1013)   Other: 0.09ms
[3949.841s][info][gc,heap        ] GC(1013) Eden regions: 1121->0(1105)
[3949.841s][info][gc,heap        ] GC(1013) Survivor regions: 107->112(154)
[3949.841s][info][gc,heap        ] GC(1013) Old regions: 505->536
[3949.841s][info][gc,heap        ] GC(1013) Humongous regions: 80->80
[3949.841s][info][gc,metaspace   ] GC(1013) Metaspace: 28900K(29248K)->28900K(29248K) NonClass: 24032K(24192K)->24032K(24192K) Class: 4868K(5056K)->4868K(5056K)
[3949.841s][info][gc             ] GC(1013) Pause Young (Prepare Mixed) (G1 Evacuation Pause) 3624M->1453M(4096M) 120.745ms
[3949.841s][info][gc,cpu         ] GC(1013) User=0.71s Sys=0.00s Real=0.12s
..[3952.326s][info][gc,start       ] GC(1014) Pause Young (Mixed) (G1 Evacuation Pause)
[3952.326s][info][gc,task        ] GC(1014) Using 6 workers of 6 for evacuation
[3952.459s][info][gc,phases      ] GC(1014)   Pre Evacuate Collection Set: 0.37ms
[3952.459s][info][gc,phases      ] GC(1014)   Merge Heap Roots: 0.73ms
[3952.459s][info][gc,phases      ] GC(1014)   Evacuate Collection Set: 130.69ms
[3952.459s][info][gc,phases      ] GC(1014)   Post Evacuate Collection Set: 0.96ms
[3952.459s][info][gc,phases      ] GC(1014)   Other: 0.09ms
[3952.459s][info][gc,heap        ] GC(1014) Eden regions: 1105->0(1120)
[3952.459s][info][gc,heap        ] GC(1014) Survivor regions: 112->108(153)
[3952.459s][info][gc,heap        ] GC(1014) Old regions: 536->472
[3952.459s][info][gc,heap        ] GC(1014) Humongous regions: 80->80
[3952.459s][info][gc,metaspace   ] GC(1014) Metaspace: 28900K(29248K)->28900K(29248K) NonClass: 24032K(24192K)->24032K(24192K) Class: 4868K(5056K)->4868K(5056K)
[3952.459s][info][gc             ] GC(1014) Pause Young (Mixed) (G1 Evacuation Pause) 3663M->1318M(4096M) 132.963ms
[3952.459s][info][gc,cpu         ] GC(1014) User=0.79s Sys=0.00s Real=0.13s
...[3954.964s][info][gc,start       ] GC(1015) Pause Young (Concurrent Start) (G1 Evacuation Pause)
[3954.964s][info][gc,task        ] GC(1015) Using 6 workers of 6 for evacuation
[3955.082s][info][gc,phases      ] GC(1015)   Pre Evacuate Collection Set: 0.34ms
[3955.082s][info][gc,phases      ] GC(1015)   Merge Heap Roots: 0.49ms
[3955.082s][info][gc,phases      ] GC(1015)   Evacuate Collection Set: 116.13ms
[3955.082s][info][gc,phases      ] GC(1015)   Post Evacuate Collection Set: 0.88ms
[3955.082s][info][gc,phases      ] GC(1015)   Other: 0.10ms
[3955.082s][info][gc,heap        ] GC(1015) Eden regions: 1120->0(1118)
[3955.082s][info][gc,heap        ] GC(1015) Survivor regions: 108->110(154)
[3955.082s][info][gc,heap        ] GC(1015) Old regions: 472->504
[3955.082s][info][gc,heap        ] GC(1015) Humongous regions: 80->80
[3955.082s][info][gc,metaspace   ] GC(1015) Metaspace: 28900K(29248K)->28900K(29248K) NonClass: 24032K(24192K)->24032K(24192K) Class: 4868K(5056K)->4868K(5056K)
[3955.082s][info][gc             ] GC(1015) Pause Young (Concurrent Start) (G1 Evacuation Pause) 3558M->1384M(4096M) 118.075ms
[3955.082s][info][gc             ] GC(1016) Concurrent Mark Cycle
[3955.082s][info][gc,marking     ] GC(1016) Concurrent Scan Root Regions
[3955.082s][info][gc,cpu         ] GC(1015) User=0.70s Sys=0.00s Real=0.12s
[3955.252s][info][gc,marking     ] GC(1016) Concurrent Scan Root Regions 169.152ms
[3955.252s][info][gc,marking     ] GC(1016) Concurrent Mark
[3955.252s][info][gc,marking     ] GC(1016) Concurrent Mark From Roots
[3955.252s][info][gc,task        ] GC(1016) Using 2 workers of 2 for marking
.[3955.965s][info][gc,marking     ] GC(1016) Concurrent Mark From Roots 712.891ms
[3955.965s][info][gc,marking     ] GC(1016) Concurrent Preclean
[3955.965s][info][gc,marking     ] GC(1016) Concurrent Preclean 0.068ms
[3955.965s][info][gc,start       ] GC(1016) Pause Remark
[3955.968s][info][gc             ] GC(1016) Pause Remark 2187M->2187M(4096M) 2.871ms
[3955.968s][info][gc,cpu         ] GC(1016) User=0.02s Sys=0.00s Real=0.01s
[3955.968s][info][gc,marking     ] GC(1016) Concurrent Mark 716.085ms
[3955.968s][info][gc,marking     ] GC(1016) Concurrent Rebuild Remembered Sets and Scrub Regions
[3956.230s][info][gc,marking     ] GC(1016) Concurrent Rebuild Remembered Sets and Scrub Regions 261.895ms
[3956.230s][info][gc,start       ] GC(1016) Pause Cleanup
[3956.231s][info][gc             ] GC(1016) Pause Cleanup 2400M->2400M(4096M) 0.122ms
[3956.231s][info][gc,cpu         ] GC(1016) User=0.00s Sys=0.00s Real=0.00s
[3956.231s][info][gc,marking     ] GC(1016) Concurrent Clear Claimed Marks
[3956.231s][info][gc,marking     ] GC(1016) Concurrent Clear Claimed Marks 0.031ms
[3956.231s][info][gc,marking     ] GC(1016) Concurrent Cleanup for Next Mark
[3956.237s][info][gc,marking     ] GC(1016) Concurrent Cleanup for Next Mark 5.462ms
[3956.237s][info][gc             ] GC(1016) Concurrent Mark Cycle 1154.216ms
.[3957.608s][info][gc,start       ] GC(1017) Pause Young (Prepare Mixed) (G1 Evacuation Pause)
[3957.608s][info][gc,task        ] GC(1017) Using 6 workers of 6 for evacuation
[3957.727s][info][gc,phases      ] GC(1017)   Pre Evacuate Collection Set: 0.33ms
[3957.727s][info][gc,phases      ] GC(1017)   Merge Heap Roots: 0.52ms
[3957.727s][info][gc,phases      ] GC(1017)   Evacuate Collection Set: 117.18ms
[3957.727s][info][gc,phases      ] GC(1017)   Post Evacuate Collection Set: 0.93ms
[3957.727s][info][gc,phases      ] GC(1017)   Other: 0.09ms
[3957.727s][info][gc,heap        ] GC(1017) Eden regions: 1118->0(1108)
[3957.727s][info][gc,heap        ] GC(1017) Survivor regions: 110->111(154)
[3957.727s][info][gc,heap        ] GC(1017) Old regions: 504->535
[3957.727s][info][gc,heap        ] GC(1017) Humongous regions: 80->80
[3957.727s][info][gc,metaspace   ] GC(1017) Metaspace: 28900K(29248K)->28900K(29248K) NonClass: 24032K(24192K)->24032K(24192K) Class: 4868K(5056K)->4868K(5056K)
[3957.727s][info][gc             ] GC(1017) Pause Young (Prepare Mixed) (G1 Evacuation Pause) 3620M->1449M(4096M) 119.165ms
[3957.727s][info][gc,cpu         ] GC(1017) User=0.71s Sys=0.00s Real=0.12s
...[3960.265s][info][gc,start       ] GC(1018) Pause Young (Mixed) (G1 Evacuation Pause)
[3960.265s][info][gc,task        ] GC(1018) Using 6 workers of 6 for evacuation
[3960.402s][info][gc,phases      ] GC(1018)   Pre Evacuate Collection Set: 0.37ms
[3960.402s][info][gc,phases      ] GC(1018)   Merge Heap Roots: 0.68ms
[3960.402s][info][gc,phases      ] GC(1018)   Evacuate Collection Set: 134.91ms
[3960.402s][info][gc,phases      ] GC(1018)   Post Evacuate Collection Set: 0.95ms
[3960.402s][info][gc,phases      ] GC(1018)   Other: 0.09ms
[3960.402s][info][gc,heap        ] GC(1018) Eden regions: 1108->0(1117)
[3960.402s][info][gc,heap        ] GC(1018) Survivor regions: 111->111(153)
[3960.402s][info][gc,heap        ] GC(1018) Old regions: 535->473
[3960.402s][info][gc,heap        ] GC(1018) Humongous regions: 80->80
[3960.402s][info][gc,metaspace   ] GC(1018) Metaspace: 28900K(29248K)->28900K(29248K) NonClass: 24032K(24192K)->24032K(24192K) Class: 4868K(5056K)->4868K(5056K)
[3960.402s][info][gc             ] GC(1018) Pause Young (Mixed) (G1 Evacuation Pause) 3665M->1325M(4096M) 137.120ms
[3960.402s][info][gc,cpu         ] GC(1018) User=0.81s Sys=0.00s Real=0.14s
...[3962.949s][info][gc,start       ] GC(1019) Pause Young (Concurrent Start) (G1 Evacuation Pause)
[3962.949s][info][gc,task        ] GC(1019) Using 6 workers of 6 for evacuation
[3963.072s][info][gc,phases      ] GC(1019)   Pre Evacuate Collection Set: 0.35ms
[3963.072s][info][gc,phases      ] GC(1019)   Merge Heap Roots: 0.57ms
[3963.072s][info][gc,phases      ] GC(1019)   Evacuate Collection Set: 120.55ms
[3963.072s][info][gc,phases      ] GC(1019)   Post Evacuate Collection Set: 0.87ms
[3963.072s][info][gc,phases      ] GC(1019)   Other: 0.10ms
[3963.072s][info][gc,heap        ] GC(1019) Eden regions: 1117->0(1115)
[3963.072s][info][gc,heap        ] GC(1019) Survivor regions: 111->113(154)
[3963.072s][info][gc,heap        ] GC(1019) Old regions: 473->504
[3963.072s][info][gc,heap        ] GC(1019) Humongous regions: 80->80
[3963.072s][info][gc,metaspace   ] GC(1019) Metaspace: 28900K(29248K)->28900K(29248K) NonClass: 24032K(24192K)->24032K(24192K) Class: 4868K(5056K)->4868K(5056K)
[3963.072s][info][gc             ] GC(1019) Pause Young (Concurrent Start) (G1 Evacuation Pause) 3559M->1390M(4096M) 122.588ms
[3963.072s][info][gc             ] GC(1020) Concurrent Mark Cycle
[3963.072s][info][gc,marking     ] GC(1020) Concurrent Scan Root Regions
[3963.072s][info][gc,cpu         ] GC(1019) User=0.73s Sys=0.00s Real=0.12s
[3963.253s][info][gc,marking     ] GC(1020) Concurrent Scan Root Regions 181.312ms
[3963.253s][info][gc,marking     ] GC(1020) Concurrent Mark
[3963.253s][info][gc,marking     ] GC(1020) Concurrent Mark From Roots
[3963.253s][info][gc,task        ] GC(1020) Using 2 workers of 2 for marking
.[3964.248s][info][gc,marking     ] GC(1020) Concurrent Mark From Roots 994.654ms
[3964.248s][info][gc,marking     ] GC(1020) Concurrent Preclean
[3964.248s][info][gc,marking     ] GC(1020) Concurrent Preclean 0.119ms
[3964.249s][info][gc,start       ] GC(1020) Pause Remark
[3964.253s][info][gc             ] GC(1020) Pause Remark 2496M->2496M(4096M) 4.116ms
[3964.253s][info][gc,cpu         ] GC(1020) User=0.02s Sys=0.00s Real=0.00s
[3964.253s][info][gc,marking     ] GC(1020) Concurrent Mark 1000.271ms
[3964.253s][info][gc,marking     ] GC(1020) Concurrent Rebuild Remembered Sets and Scrub Regions
[3964.614s][info][gc,marking     ] GC(1020) Concurrent Rebuild Remembered Sets and Scrub Regions 360.138ms
[3964.614s][info][gc,start       ] GC(1020) Pause Cleanup
[3964.614s][info][gc             ] GC(1020) Pause Cleanup 2806M->2806M(4096M) 0.126ms
[3964.614s][info][gc,cpu         ] GC(1020) User=0.00s Sys=0.00s Real=0.00s
[3964.614s][info][gc,marking     ] GC(1020) Concurrent Clear Claimed Marks
[3964.614s][info][gc,marking     ] GC(1020) Concurrent Clear Claimed Marks 0.039ms
[3964.614s][info][gc,marking     ] GC(1020) Concurrent Cleanup for Next Mark
[3964.619s][info][gc,marking     ] GC(1020) Concurrent Cleanup for Next Mark 4.871ms
[3964.619s][info][gc             ] GC(1020) Concurrent Mark Cycle 1547.696ms
.[3965.545s][info][gc,start       ] GC(1021) Pause Young (Prepare Mixed) (G1 Evacuation Pause)
[3965.545s][info][gc,task        ] GC(1021) Using 6 workers of 6 for evacuation
[3965.661s][info][gc,phases      ] GC(1021)   Pre Evacuate Collection Set: 0.33ms
[3965.661s][info][gc,phases      ] GC(1021)   Merge Heap Roots: 0.56ms
[3965.661s][info][gc,phases      ] GC(1021)   Evacuate Collection Set: 114.38ms
[3965.661s][info][gc,phases      ] GC(1021)   Post Evacuate Collection Set: 0.96ms
[3965.661s][info][gc,phases      ] GC(1021)   Other: 0.09ms
[3965.661s][info][gc,heap        ] GC(1021) Eden regions: 1115->0(1112)
[3965.661s][info][gc,heap        ] GC(1021) Survivor regions: 113->108(154)
[3965.661s][info][gc,heap        ] GC(1021) Old regions: 504->537
[3965.661s][info][gc,heap        ] GC(1021) Humongous regions: 80->80
[3965.661s][info][gc,metaspace   ] GC(1021) Metaspace: 28900K(29248K)->28900K(29248K) NonClass: 24032K(24192K)->24032K(24192K) Class: 4868K(5056K)->4868K(5056K)
[3965.661s][info][gc             ] GC(1021) Pause Young (Prepare Mixed) (G1 Evacuation Pause) 3620M->1447M(4096M) 116.467ms
[3965.661s][info][gc,cpu         ] GC(1021) User=0.69s Sys=0.00s Real=0.12s
...[3968.221s][info][gc,start       ] GC(1022) Pause Young (Mixed) (G1 Evacuation Pause)
[3968.221s][info][gc,task        ] GC(1022) Using 6 workers of 6 for evacuation
[3968.350s][info][gc,phases      ] GC(1022)   Pre Evacuate Collection Set: 0.36ms
[3968.350s][info][gc,phases      ] GC(1022)   Merge Heap Roots: 0.76ms
[3968.350s][info][gc,phases      ] GC(1022)   Evacuate Collection Set: 126.87ms
[3968.350s][info][gc,phases      ] GC(1022)   Post Evacuate Collection Set: 0.94ms
[3968.350s][info][gc,phases      ] GC(1022)   Other: 0.09ms
[3968.350s][info][gc,heap        ] GC(1022) Eden regions: 1112->0(1121)
[3968.350s][info][gc,heap        ] GC(1022) Survivor regions: 108->107(153)
[3968.350s][info][gc,heap        ] GC(1022) Old regions: 537->473
[3968.350s][info][gc,heap        ] GC(1022) Humongous regions: 80->80
[3968.350s][info][gc,metaspace   ] GC(1022) Metaspace: 28900K(29248K)->28900K(29248K) NonClass: 24032K(24192K)->24032K(24192K) Class: 4868K(5056K)->4868K(5056K)
[3968.350s][info][gc             ] GC(1022) Pause Young (Mixed) (G1 Evacuation Pause) 3671M->1318M(4096M) 129.163ms
[3968.350s][info][gc,cpu         ] GC(1022) User=0.77s Sys=0.00s Real=0.13s
...[3970.853s][info][gc,start       ] GC(1023) Pause Young (Concurrent Start) (G1 Evacuation Pause)
[3970.853s][info][gc,task        ] GC(1023) Using 6 workers of 6 for evacuation
[3970.970s][info][gc,phases      ] GC(1023)   Pre Evacuate Collection Set: 0.39ms
[3970.970s][info][gc,phases      ] GC(1023)   Merge Heap Roots: 0.45ms
[3970.970s][info][gc,phases      ] GC(1023)   Evacuate Collection Set: 114.68ms
[3970.970s][info][gc,phases      ] GC(1023)   Post Evacuate Collection Set: 0.87ms
[3970.970s][info][gc,phases      ] GC(1023)   Other: 0.12ms
[3970.970s][info][gc,heap        ] GC(1023) Eden regions: 1121->0(1118)
[3970.970s][info][gc,heap        ] GC(1023) Survivor regions: 107->110(154)
[3970.970s][info][gc,heap        ] GC(1023) Old regions: 473->505
[3970.970s][info][gc,heap        ] GC(1023) Humongous regions: 80->80
[3970.970s][info][gc,metaspace   ] GC(1023) Metaspace: 28900K(29248K)->28900K(29248K) NonClass: 24032K(24192K)->24032K(24192K) Class: 4868K(5056K)->4868K(5056K)
[3970.970s][info][gc             ] GC(1023) Pause Young (Concurrent Start) (G1 Evacuation Pause) 3560M->1386M(4096M) 116.633ms
[3970.970s][info][gc             ] GC(1024) Concurrent Mark Cycle
[3970.970s][info][gc,marking     ] GC(1024) Concurrent Scan Root Regions
[3970.970s][info][gc,cpu         ] GC(1023) User=0.70s Sys=0.00s Real=0.12s
[3971.135s][info][gc,marking     ] GC(1024) Concurrent Scan Root Regions 165.503ms
[3971.135s][info][gc,marking     ] GC(1024) Concurrent Mark
[3971.135s][info][gc,marking     ] GC(1024) Concurrent Mark From Roots
[3971.135s][info][gc,task        ] GC(1024) Using 2 workers of 2 for marking
.[3972.063s][info][gc,marking     ] GC(1024) Concurrent Mark From Roots 927.958ms
[3972.063s][info][gc,marking     ] GC(1024) Concurrent Preclean
[3972.064s][info][gc,marking     ] GC(1024) Concurrent Preclean 0.136ms
[3972.064s][info][gc,start       ] GC(1024) Pause Remark
[3972.067s][info][gc             ] GC(1024) Pause Remark 2368M->2368M(4096M) 3.223ms
[3972.067s][info][gc,cpu         ] GC(1024) User=0.02s Sys=0.00s Real=0.01s
[3972.067s][info][gc,marking     ] GC(1024) Concurrent Mark 931.632ms
[3972.067s][info][gc,marking     ] GC(1024) Concurrent Rebuild Remembered Sets and Scrub Regions
[3972.368s][info][gc,marking     ] GC(1024) Concurrent Rebuild Remembered Sets and Scrub Regions 301.148ms
[3972.368s][info][gc,start       ] GC(1024) Pause Cleanup
[3972.368s][info][gc             ] GC(1024) Pause Cleanup 2610M->2610M(4096M) 0.097ms
[3972.368s][info][gc,cpu         ] GC(1024) User=0.00s Sys=0.00s Real=0.00s
[3972.368s][info][gc,marking     ] GC(1024) Concurrent Clear Claimed Marks
[3972.368s][info][gc,marking     ] GC(1024) Concurrent Clear Claimed Marks 0.027ms
[3972.368s][info][gc,marking     ] GC(1024) Concurrent Cleanup for Next Mark
[3972.372s][info][gc,marking     ] GC(1024) Concurrent Cleanup for Next Mark 3.443ms
[3972.372s][info][gc             ] GC(1024) Concurrent Mark Cycle 1402.138ms
.[3973.531s][info][gc,start       ] GC(1025) Pause Young (Prepare Mixed) (G1 Evacuation Pause)
[3973.531s][info][gc,task        ] GC(1025) Using 6 workers of 6 for evacuation
[3973.652s][info][gc,phases      ] GC(1025)   Pre Evacuate Collection Set: 0.31ms
[3973.653s][info][gc,phases      ] GC(1025)   Merge Heap Roots: 0.50ms
[3973.653s][info][gc,phases      ] GC(1025)   Evacuate Collection Set: 120.10ms
[3973.653s][info][gc,phases      ] GC(1025)   Post Evacuate Collection Set: 0.92ms
[3973.653s][info][gc,phases      ] GC(1025)   Other: 0.08ms
[3973.653s][info][gc,heap        ] GC(1025) Eden regions: 1118->0(1103)
[3973.653s][info][gc,heap        ] GC(1025) Survivor regions: 110->113(154)
[3973.653s][info][gc,heap        ] GC(1025) Old regions: 505->536
[3973.653s][info][gc,heap        ] GC(1025) Humongous regions: 80->80
[3973.653s][info][gc,metaspace   ] GC(1025) Metaspace: 28900K(29248K)->28900K(29248K) NonClass: 24032K(24192K)->24032K(24192K) Class: 4868K(5056K)->4868K(5056K)
[3973.653s][info][gc             ] GC(1025) Pause Young (Prepare Mixed) (G1 Evacuation Pause) 3622M->1455M(4096M) 122.059ms
[3973.653s][info][gc,cpu         ] GC(1025) User=0.72s Sys=0.00s Real=0.12s
...[3976.114s][info][gc,start       ] GC(1026) Pause Young (Mixed) (G1 Evacuation Pause)
[3976.114s][info][gc,task        ] GC(1026) Using 6 workers of 6 for evacuation
[3976.253s][info][gc,phases      ] GC(1026)   Pre Evacuate Collection Set: 0.36ms
[3976.253s][info][gc,phases      ] GC(1026)   Merge Heap Roots: 0.64ms
[3976.253s][info][gc,phases      ] GC(1026)   Evacuate Collection Set: 137.11ms
[3976.253s][info][gc,phases      ] GC(1026)   Post Evacuate Collection Set: 1.01ms
[3976.253s][info][gc,phases      ] GC(1026)   Other: 0.09ms
[3976.253s][info][gc,heap        ] GC(1026) Eden regions: 1103->0(1115)
[3976.253s][info][gc,heap        ] GC(1026) Survivor regions: 113->113(152)
[3976.253s][info][gc,heap        ] GC(1026) Old regions: 536->472
[3976.253s][info][gc,heap        ] GC(1026) Humongous regions: 80->80
[3976.253s][info][gc,metaspace   ] GC(1026) Metaspace: 28902K(29248K)->28902K(29248K) NonClass: 24034K(24192K)->24034K(24192K) Class: 4868K(5056K)->4868K(5056K)
[3976.253s][info][gc             ] GC(1026) Pause Young (Mixed) (G1 Evacuation Pause) 3661M->1328M(4096M) 139.366ms
[3976.254s][info][gc,cpu         ] GC(1026) User=0.83s Sys=0.00s Real=0.14s
..[3978.746s][info][gc,start       ] GC(1027) Pause Young (Concurrent Start) (G1 Evacuation Pause)
[3978.746s][info][gc,task        ] GC(1027) Using 6 workers of 6 for evacuation
[3978.866s][info][gc,phases      ] GC(1027)   Pre Evacuate Collection Set: 0.35ms
[3978.867s][info][gc,phases      ] GC(1027)   Merge Heap Roots: 0.48ms
[3978.867s][info][gc,phases      ] GC(1027)   Evacuate Collection Set: 118.90ms
[3978.867s][info][gc,phases      ] GC(1027)   Post Evacuate Collection Set: 0.90ms
[3978.867s][info][gc,phases      ] GC(1027)   Other: 0.10ms
[3978.867s][info][gc,heap        ] GC(1027) Eden regions: 1115->0(1117)
[3978.867s][info][gc,heap        ] GC(1027) Survivor regions: 113->111(154)
[3978.867s][info][gc,heap        ] GC(1027) Old regions: 472->504
[3978.867s][info][gc,heap        ] GC(1027) Humongous regions: 80->80
[3978.867s][info][gc,metaspace   ] GC(1027) Metaspace: 28902K(29248K)->28902K(29248K) NonClass: 24034K(24192K)->24034K(24192K) Class: 4868K(5056K)->4868K(5056K)
[3978.867s][info][gc             ] GC(1027) Pause Young (Concurrent Start) (G1 Evacuation Pause) 3558M->1388M(4096M) 120.880ms
[3978.867s][info][gc             ] GC(1028) Concurrent Mark Cycle
[3978.867s][info][gc,marking     ] GC(1028) Concurrent Scan Root Regions
[3978.867s][info][gc,cpu         ] GC(1027) User=0.72s Sys=0.00s Real=0.12s
.[3979.037s][info][gc,marking     ] GC(1028) Concurrent Scan Root Regions 169.921ms
[3979.037s][info][gc,marking     ] GC(1028) Concurrent Mark
[3979.037s][info][gc,marking     ] GC(1028) Concurrent Mark From Roots
[3979.037s][info][gc,task        ] GC(1028) Using 2 workers of 2 for marking
.[3980.059s][info][gc,marking     ] GC(1028) Concurrent Mark From Roots 1022.384ms
[3980.059s][info][gc,marking     ] GC(1028) Concurrent Preclean
[3980.059s][info][gc,marking     ] GC(1028) Concurrent Preclean 0.133ms
[3980.059s][info][gc,start       ] GC(1028) Pause Remark
[3980.064s][info][gc             ] GC(1028) Pause Remark 2483M->2483M(4096M) 4.333ms
[3980.064s][info][gc,cpu         ] GC(1028) User=0.03s Sys=0.00s Real=0.00s
[3980.066s][info][gc,marking     ] GC(1028) Concurrent Mark 1028.949ms
[3980.066s][info][gc,marking     ] GC(1028) Concurrent Rebuild Remembered Sets and Scrub Regions
[3980.371s][info][gc,marking     ] GC(1028) Concurrent Rebuild Remembered Sets and Scrub Regions 305.233ms
[3980.371s][info][gc,start       ] GC(1028) Pause Cleanup
[3980.371s][info][gc             ] GC(1028) Pause Cleanup 2734M->2734M(4096M) 0.117ms
[3980.371s][info][gc,cpu         ] GC(1028) User=0.00s Sys=0.00s Real=0.00s
[3980.372s][info][gc,marking     ] GC(1028) Concurrent Clear Claimed Marks
[3980.372s][info][gc,marking     ] GC(1028) Concurrent Clear Claimed Marks 0.036ms
[3980.372s][info][gc,marking     ] GC(1028) Concurrent Cleanup for Next Mark
[3980.377s][info][gc,marking     ] GC(1028) Concurrent Cleanup for Next Mark 5.535ms
[3980.377s][info][gc             ] GC(1028) Concurrent Mark Cycle 1510.661ms
.[3981.361s][info][gc,start       ] GC(1029) Pause Young (Prepare Mixed) (G1 Evacuation Pause)
[3981.361s][info][gc,task        ] GC(1029) Using 6 workers of 6 for evacuation
[3981.479s][info][gc,phases      ] GC(1029)   Pre Evacuate Collection Set: 0.31ms
[3981.479s][info][gc,phases      ] GC(1029)   Merge Heap Roots: 0.53ms
[3981.479s][info][gc,phases      ] GC(1029)   Evacuate Collection Set: 115.81ms
[3981.479s][info][gc,phases      ] GC(1029)   Post Evacuate Collection Set: 0.96ms
[3981.479s][info][gc,phases      ] GC(1029)   Other: 0.09ms
[3981.479s][info][gc,heap        ] GC(1029) Eden regions: 1117->0(1109)
[3981.479s][info][gc,heap        ] GC(1029) Survivor regions: 111->110(154)
[3981.479s][info][gc,heap        ] GC(1029) Old regions: 504->536
[3981.479s][info][gc,heap        ] GC(1029) Humongous regions: 80->80
[3981.479s][info][gc,metaspace   ] GC(1029) Metaspace: 28902K(29248K)->28902K(29248K) NonClass: 24034K(24192K)->24034K(24192K) Class: 4868K(5056K)->4868K(5056K)
[3981.479s][info][gc             ] GC(1029) Pause Young (Prepare Mixed) (G1 Evacuation Pause) 3622M->1449M(4096M) 117.843ms
[3981.479s][info][gc,cpu         ] GC(1029) User=0.70s Sys=0.00s Real=0.12s
...[3984.006s][info][gc,start       ] GC(1030) Pause Young (Mixed) (G1 Evacuation Pause)
[3984.006s][info][gc,task        ] GC(1030) Using 6 workers of 6 for evacuation
[3984.142s][info][gc,phases      ] GC(1030)   Pre Evacuate Collection Set: 0.36ms
[3984.142s][info][gc,phases      ] GC(1030)   Merge Heap Roots: 0.74ms
[3984.142s][info][gc,phases      ] GC(1030)   Evacuate Collection Set: 134.37ms
[3984.142s][info][gc,phases      ] GC(1030)   Post Evacuate Collection Set: 0.92ms
[3984.142s][info][gc,phases      ] GC(1030)   Other: 0.09ms
[3984.142s][info][gc,heap        ] GC(1030) Eden regions: 1109->0(1118)
[3984.142s][info][gc,heap        ] GC(1030) Survivor regions: 110->110(153)
[3984.142s][info][gc,heap        ] GC(1030) Old regions: 536->474
[3984.142s][info][gc,heap        ] GC(1030) Humongous regions: 80->80
[3984.142s][info][gc,metaspace   ] GC(1030) Metaspace: 28902K(29248K)->28902K(29248K) NonClass: 24034K(24192K)->24034K(24192K) Class: 4868K(5056K)->4868K(5056K)
[3984.142s][info][gc             ] GC(1030) Pause Young (Mixed) (G1 Evacuation Pause) 3667M->1325M(4096M) 136.607ms
[3984.142s][info][gc,cpu         ] GC(1030) User=0.82s Sys=0.00s Real=0.13s
..[3986.710s][info][gc,start       ] GC(1031) Pause Young (Concurrent Start) (G1 Evacuation Pause)
[3986.710s][info][gc,task        ] GC(1031) Using 6 workers of 6 for evacuation
[3986.827s][info][gc,phases      ] GC(1031)   Pre Evacuate Collection Set: 0.36ms
[3986.827s][info][gc,phases      ] GC(1031)   Merge Heap Roots: 0.48ms
[3986.827s][info][gc,phases      ] GC(1031)   Evacuate Collection Set: 114.74ms
[3986.827s][info][gc,phases      ] GC(1031)   Post Evacuate Collection Set: 0.86ms
[3986.827s][info][gc,phases      ] GC(1031)   Other: 0.11ms
[3986.827s][info][gc,heap        ] GC(1031) Eden regions: 1118->0(1118)
[3986.827s][info][gc,heap        ] GC(1031) Survivor regions: 110->110(154)
[3986.827s][info][gc,heap        ] GC(1031) Old regions: 474->505
[3986.827s][info][gc,heap        ] GC(1031) Humongous regions: 80->80
[3986.827s][info][gc,metaspace   ] GC(1031) Metaspace: 28902K(29248K)->28902K(29248K) NonClass: 24034K(24192K)->24034K(24192K) Class: 4868K(5056K)->4868K(5056K)
[3986.827s][info][gc             ] GC(1031) Pause Young (Concurrent Start) (G1 Evacuation Pause) 3561M->1387M(4096M) 116.681ms
[3986.827s][info][gc             ] GC(1032) Concurrent Mark Cycle
[3986.827s][info][gc,marking     ] GC(1032) Concurrent Scan Root Regions
[3986.827s][info][gc,cpu         ] GC(1031) User=0.70s Sys=0.00s Real=0.12s
.[3986.993s][info][gc,marking     ] GC(1032) Concurrent Scan Root Regions 166.384ms
[3986.993s][info][gc,marking     ] GC(1032) Concurrent Mark
[3986.993s][info][gc,marking     ] GC(1032) Concurrent Mark From Roots
[3986.993s][info][gc,task        ] GC(1032) Using 2 workers of 2 for marking
.[3987.989s][info][gc,marking     ] GC(1032) Concurrent Mark From Roots 995.951ms
[3987.989s][info][gc,marking     ] GC(1032) Concurrent Preclean
[3987.989s][info][gc,marking     ] GC(1032) Concurrent Preclean 0.129ms
[3987.990s][info][gc,start       ] GC(1032) Pause Remark
[3987.993s][info][gc             ] GC(1032) Pause Remark 2458M->2458M(4096M) 3.172ms
[3987.994s][info][gc,cpu         ] GC(1032) User=0.02s Sys=0.00s Real=0.00s
[3987.994s][info][gc,marking     ] GC(1032) Concurrent Mark 1001.097ms
[3987.994s][info][gc,marking     ] GC(1032) Concurrent Rebuild Remembered Sets and Scrub Regions
[3988.251s][info][gc,marking     ] GC(1032) Concurrent Rebuild Remembered Sets and Scrub Regions 256.736ms
[3988.251s][info][gc,start       ] GC(1032) Pause Cleanup
[3988.251s][info][gc             ] GC(1032) Pause Cleanup 2685M->2685M(4096M) 0.111ms
[3988.251s][info][gc,cpu         ] GC(1032) User=0.00s Sys=0.00s Real=0.00s
[3988.251s][info][gc,marking     ] GC(1032) Concurrent Clear Claimed Marks
[3988.251s][info][gc,marking     ] GC(1032) Concurrent Clear Claimed Marks 0.030ms
[3988.251s][info][gc,marking     ] GC(1032) Concurrent Cleanup for Next Mark
[3988.256s][info][gc,marking     ] GC(1032) Concurrent Cleanup for Next Mark 4.922ms
[3988.256s][info][gc             ] GC(1032) Concurrent Mark Cycle 1429.646ms
.[3989.339s][info][gc,start       ] GC(1033) Pause Young (Prepare Mixed) (G1 Evacuation Pause)
[3989.339s][info][gc,task        ] GC(1033) Using 6 workers of 6 for evacuation
[3989.460s][info][gc,phases      ] GC(1033)   Pre Evacuate Collection Set: 0.30ms
[3989.460s][info][gc,phases      ] GC(1033)   Merge Heap Roots: 0.55ms
[3989.460s][info][gc,phases      ] GC(1033)   Evacuate Collection Set: 118.55ms
[3989.460s][info][gc,phases      ] GC(1033)   Post Evacuate Collection Set: 0.90ms
[3989.460s][info][gc,phases      ] GC(1033)   Other: 0.09ms
[3989.460s][info][gc,heap        ] GC(1033) Eden regions: 1118->0(1105)
[3989.460s][info][gc,heap        ] GC(1033) Survivor regions: 110->112(154)
[3989.460s][info][gc,heap        ] GC(1033) Old regions: 505->536
[3989.460s][info][gc,heap        ] GC(1033) Humongous regions: 80->80
[3989.460s][info][gc,metaspace   ] GC(1033) Metaspace: 28902K(29248K)->28902K(29248K) NonClass: 24034K(24192K)->24034K(24192K) Class: 4868K(5056K)->4868K(5056K)
[3989.460s][info][gc             ] GC(1033) Pause Young (Prepare Mixed) (G1 Evacuation Pause) 3623M->1454M(4096M) 120.532ms
[3989.460s][info][gc,cpu         ] GC(1033) User=0.71s Sys=0.00s Real=0.12s
...[3991.963s][info][gc,start       ] GC(1034) Pause Young (Mixed) (G1 Evacuation Pause)
[3991.963s][info][gc,task        ] GC(1034) Using 6 workers of 6 for evacuation
[3992.096s][info][gc,phases      ] GC(1034)   Pre Evacuate Collection Set: 0.36ms
[3992.096s][info][gc,phases      ] GC(1034)   Merge Heap Roots: 0.65ms
[3992.096s][info][gc,phases      ] GC(1034)   Evacuate Collection Set: 130.14ms
[3992.096s][info][gc,phases      ] GC(1034)   Post Evacuate Collection Set: 0.93ms
[3992.096s][info][gc,phases      ] GC(1034)   Other: 0.09ms
[3992.096s][info][gc,heap        ] GC(1034) Eden regions: 1105->0(1118)
[3992.096s][info][gc,heap        ] GC(1034) Survivor regions: 112->110(153)
[3992.096s][info][gc,heap        ] GC(1034) Old regions: 536->474
[3992.096s][info][gc,heap        ] GC(1034) Humongous regions: 80->80
[3992.096s][info][gc,metaspace   ] GC(1034) Metaspace: 28902K(29248K)->28902K(29248K) NonClass: 24034K(24192K)->24034K(24192K) Class: 4868K(5056K)->4868K(5056K)
[3992.096s][info][gc             ] GC(1034) Pause Young (Mixed) (G1 Evacuation Pause) 3664M->1325M(4096M) 132.295ms
[3992.096s][info][gc,cpu         ] GC(1034) User=0.79s Sys=0.00s Real=0.14s
..[3994.720s][info][gc,start       ] GC(1035) Pause Young (Concurrent Start) (G1 Evacuation Pause)
[3994.720s][info][gc,task        ] GC(1035) Using 6 workers of 6 for evacuation
[3994.841s][info][gc,phases      ] GC(1035)   Pre Evacuate Collection Set: 0.34ms
[3994.841s][info][gc,phases      ] GC(1035)   Merge Heap Roots: 0.50ms
[3994.841s][info][gc,phases      ] GC(1035)   Evacuate Collection Set: 118.60ms
[3994.841s][info][gc,phases      ] GC(1035)   Post Evacuate Collection Set: 0.87ms
[3994.841s][info][gc,phases      ] GC(1035)   Other: 0.10ms
[3994.841s][info][gc,heap        ] GC(1035) Eden regions: 1118->0(1116)
[3994.841s][info][gc,heap        ] GC(1035) Survivor regions: 110->112(154)
[3994.841s][info][gc,heap        ] GC(1035) Old regions: 474->506
[3994.841s][info][gc,heap        ] GC(1035) Humongous regions: 80->80
[3994.841s][info][gc,metaspace   ] GC(1035) Metaspace: 28902K(29248K)->28902K(29248K) NonClass: 24034K(24192K)->24034K(24192K) Class: 4868K(5056K)->4868K(5056K)
[3994.841s][info][gc             ] GC(1035) Pause Young (Concurrent Start) (G1 Evacuation Pause) 3561M->1393M(4096M) 120.531ms
[3994.841s][info][gc             ] GC(1036) Concurrent Mark Cycle
[3994.841s][info][gc,marking     ] GC(1036) Concurrent Scan Root Regions
[3994.841s][info][gc,cpu         ] GC(1035) User=0.72s Sys=0.00s Real=0.12s
[3995.018s][info][gc,marking     ] GC(1036) Concurrent Scan Root Regions 177.349ms
[3995.018s][info][gc,marking     ] GC(1036) Concurrent Mark
[3995.018s][info][gc,marking     ] GC(1036) Concurrent Mark From Roots
[3995.018s][info][gc,task        ] GC(1036) Using 2 workers of 2 for marking
.[3995.892s][info][gc,marking     ] GC(1036) Concurrent Mark From Roots 873.922ms
[3995.892s][info][gc,marking     ] GC(1036) Concurrent Preclean
[3995.892s][info][gc,marking     ] GC(1036) Concurrent Preclean 0.124ms
[3995.893s][info][gc,start       ] GC(1036) Pause Remark
[3995.897s][info][gc             ] GC(1036) Pause Remark 2378M->2378M(4096M) 4.315ms
[3995.897s][info][gc,cpu         ] GC(1036) User=0.03s Sys=0.00s Real=0.01s
[3995.897s][info][gc,marking     ] GC(1036) Concurrent Mark 879.067ms
[3995.897s][info][gc,marking     ] GC(1036) Concurrent Rebuild Remembered Sets and Scrub Regions
.[3996.249s][info][gc,marking     ] GC(1036) Concurrent Rebuild Remembered Sets and Scrub Regions 352.005ms
[3996.250s][info][gc,start       ] GC(1036) Pause Cleanup
[3996.250s][info][gc             ] GC(1036) Pause Cleanup 2716M->2716M(4096M) 0.113ms
[3996.250s][info][gc,cpu         ] GC(1036) User=0.00s Sys=0.00s Real=0.00s
[3996.250s][info][gc,marking     ] GC(1036) Concurrent Clear Claimed Marks
[3996.250s][info][gc,marking     ] GC(1036) Concurrent Clear Claimed Marks 0.024ms
[3996.250s][info][gc,marking     ] GC(1036) Concurrent Cleanup for Next Mark
[3996.255s][info][gc,marking     ] GC(1036) Concurrent Cleanup for Next Mark 4.989ms
[3996.255s][info][gc             ] GC(1036) Concurrent Mark Cycle 1413.942ms
.[3997.339s][info][gc,start       ] GC(1037) Pause Young (Prepare Mixed) (G1 Evacuation Pause)
[3997.339s][info][gc,task        ] GC(1037) Using 6 workers of 6 for evacuation
[3997.454s][info][gc,phases      ] GC(1037)   Pre Evacuate Collection Set: 0.35ms
[3997.454s][info][gc,phases      ] GC(1037)   Merge Heap Roots: 0.53ms
[3997.454s][info][gc,phases      ] GC(1037)   Evacuate Collection Set: 112.82ms
[3997.454s][info][gc,phases      ] GC(1037)   Post Evacuate Collection Set: 0.94ms
[3997.454s][info][gc,phases      ] GC(1037)   Other: 0.09ms
[3997.454s][info][gc,heap        ] GC(1037) Eden regions: 1116->0(1111)
[3997.454s][info][gc,heap        ] GC(1037) Survivor regions: 112->109(154)
[3997.454s][info][gc,heap        ] GC(1037) Old regions: 506->536
[3997.454s][info][gc,heap        ] GC(1037) Humongous regions: 80->80
[3997.454s][info][gc,metaspace   ] GC(1037) Metaspace: 28902K(29248K)->28902K(29248K) NonClass: 24034K(24192K)->24034K(24192K) Class: 4868K(5056K)->4868K(5056K)
[3997.454s][info][gc             ] GC(1037) Pause Young (Prepare Mixed) (G1 Evacuation Pause) 3625M->1447M(4096M) 114.879ms
[3997.454s][info][gc,cpu         ] GC(1037) User=0.68s Sys=0.00s Real=0.11s
..[3999.954s][info][gc,start       ] GC(1038) Pause Young (Mixed) (G1 Evacuation Pause)
[3999.954s][info][gc,task        ] GC(1038) Using 6 workers of 6 for evacuation
[4000.089s][info][gc,phases      ] GC(1038)   Pre Evacuate Collection Set: 0.36ms
[4000.089s][info][gc,phases      ] GC(1038)   Merge Heap Roots: 0.71ms
[4000.089s][info][gc,phases      ] GC(1038)   Evacuate Collection Set: 132.84ms
[4000.089s][info][gc,phases      ] GC(1038)   Post Evacuate Collection Set: 0.94ms
[4000.089s][info][gc,phases      ] GC(1038)   Other: 0.09ms
[4000.089s][info][gc,heap        ] GC(1038) Eden regions: 1111->0(1118)
[4000.089s][info][gc,heap        ] GC(1038) Survivor regions: 109->110(153)
[4000.089s][info][gc,heap        ] GC(1038) Old regions: 536->472
[4000.089s][info][gc,heap        ] GC(1038) Humongous regions: 80->80
[4000.089s][info][gc,metaspace   ] GC(1038) Metaspace: 28902K(29248K)->28902K(29248K) NonClass: 24034K(24192K)->24034K(24192K) Class: 4868K(5056K)->4868K(5056K)
[4000.089s][info][gc             ] GC(1038) Pause Young (Mixed) (G1 Evacuation Pause) 3669M->1322M(4096M) 135.071ms
[4000.089s][info][gc,cpu         ] GC(1038) User=0.81s Sys=0.00s Real=0.14s
...[4002.608s][info][gc,start       ] GC(1039) Pause Young (Concurrent Start) (G1 Evacuation Pause)
[4002.608s][info][gc,task        ] GC(1039) Using 6 workers of 6 for evacuation
[4002.729s][info][gc,phases      ] GC(1039)   Pre Evacuate Collection Set: 0.35ms
[4002.729s][info][gc,phases      ] GC(1039)   Merge Heap Roots: 0.46ms
[4002.729s][info][gc,phases      ] GC(1039)   Evacuate Collection Set: 119.53ms
[4002.729s][info][gc,phases      ] GC(1039)   Post Evacuate Collection Set: 0.87ms
[4002.729s][info][gc,phases      ] GC(1039)   Other: 0.08ms
[4002.729s][info][gc,heap        ] GC(1039) Eden regions: 1118->0(1115)
[4002.729s][info][gc,heap        ] GC(1039) Survivor regions: 110->113(154)
[4002.729s][info][gc,heap        ] GC(1039) Old regions: 472->505
[4002.729s][info][gc,heap        ] GC(1039) Humongous regions: 80->80
[4002.729s][info][gc,metaspace   ] GC(1039) Metaspace: 28902K(29248K)->28902K(29248K) NonClass: 24034K(24192K)->24034K(24192K) Class: 4868K(5056K)->4868K(5056K)
[4002.729s][info][gc             ] GC(1039) Pause Young (Concurrent Start) (G1 Evacuation Pause) 3558M->1392M(4096M) 121.435ms
[4002.729s][info][gc             ] GC(1040) Concurrent Mark Cycle
[4002.729s][info][gc,marking     ] GC(1040) Concurrent Scan Root Regions
[4002.729s][info][gc,cpu         ] GC(1039) User=0.72s Sys=0.00s Real=0.12s
[4002.904s][info][gc,marking     ] GC(1040) Concurrent Scan Root Regions 174.141ms
[4002.904s][info][gc,marking     ] GC(1040) Concurrent Mark
[4002.904s][info][gc,marking     ] GC(1040) Concurrent Mark From Roots
[4002.904s][info][gc,task        ] GC(1040) Using 2 workers of 2 for marking
. (rIR:aIR:PR = 7057:7072:7072) (tPR = 104820) [OK] 
  4003s: Performance info:
         Transaction,    Success,    Partial,     Failed,   Receipts, AvgBarcode, 
             Overall,     427636,          0,          0,     406351,      59.47, 
         Response times:
             Request,    Success,    Partial,     Failed,   SkipFail,     Probes,    Samples,      min,      p50,      p90,      p95,      p99,      max, 
       TotalPurchase,     406647,          0,          0,          0,     362666,     394714,      300,     5600,    35000,    64000,   124000,   257000,
     InStorePurchase,     214032,          0,          0,          0,     190812,     207518,      300,     5700,    35000,    64000,   125000,   257000,
      OnlinePurchase,     149756,          0,          0,          0,     133757,     145494,      300,     5500,    35000,    64000,   123000,   257000,
        InstPurchase,      42859,          0,          0,          0,      38097,      41702,      400,     5700,    36000,    65000,   127000,   257000,
          AssocOfCat,        429,          0,          0,          0,        356,        454,    26000,    38000,    93500,   124500,   179250,   202000,
      AssocOfProduct,       4259,          0,          0,          0,       3922,       4492,      400,     5900,    33000,    61000,   120000,   196000,
      BusinessReport,       1062,          0,          0,          0,        920,       1123,    25000,    41000,   100000,   141400,   191760,   226000,
          CustBuyBeh,       4266,          0,          0,          0,       3919,       4459,      100,     3900,    28000,    56000,   119000,   188000,
       ProductReturn,      11287,          0,          0,          0,       9606,      10622,      200,     5500,    35000,    67000,   127000,   216000,

  4003s: (52%)   IR =   7195 [4003.901s][info][gc,marking     ] GC(1040) Concurrent Mark From Roots 997.745ms
[4003.901s][info][gc,marking     ] GC(1040) Concurrent Preclean
[4003.901s][info][gc,marking     ] GC(1040) Concurrent Preclean 0.071ms
[4003.902s][info][gc,start       ] GC(1040) Pause Remark
[4003.906s][info][gc             ] GC(1040) Pause Remark 2448M->2448M(4096M) 3.994ms
[4003.906s][info][gc,cpu         ] GC(1040) User=0.02s Sys=0.01s Real=0.01s
[4003.906s][info][gc,marking     ] GC(1040) Concurrent Mark 1002.086ms
[4003.906s][info][gc,marking     ] GC(1040) Concurrent Rebuild Remembered Sets and Scrub Regions
[4004.229s][info][gc,marking     ] GC(1040) Concurrent Rebuild Remembered Sets and Scrub Regions 323.206ms
[4004.229s][info][gc,start       ] GC(1040) Pause Cleanup
[4004.229s][info][gc             ] GC(1040) Pause Cleanup 2731M->2731M(4096M) 0.118ms
[4004.229s][info][gc,cpu         ] GC(1040) User=0.00s Sys=0.00s Real=0.00s
[4004.229s][info][gc,marking     ] GC(1040) Concurrent Clear Claimed Marks
[4004.229s][info][gc,marking     ] GC(1040) Concurrent Clear Claimed Marks 0.028ms
[4004.229s][info][gc,marking     ] GC(1040) Concurrent Cleanup for Next Mark
[4004.233s][info][gc,marking     ] GC(1040) Concurrent Cleanup for Next Mark 3.321ms
[4004.233s][info][gc             ] GC(1040) Concurrent Mark Cycle 1503.300ms
..[4005.284s][info][gc,start       ] GC(1041) Pause Young (Prepare Mixed) (G1 Evacuation Pause)
[4005.284s][info][gc,task        ] GC(1041) Using 6 workers of 6 for evacuation
[4005.400s][info][gc,phases      ] GC(1041)   Pre Evacuate Collection Set: 0.32ms
[4005.400s][info][gc,phases      ] GC(1041)   Merge Heap Roots: 0.50ms
[4005.400s][info][gc,phases      ] GC(1041)   Evacuate Collection Set: 113.56ms
[4005.400s][info][gc,phases      ] GC(1041)   Post Evacuate Collection Set: 0.94ms
[4005.400s][info][gc,phases      ] GC(1041)   Other: 0.09ms
[4005.400s][info][gc,heap        ] GC(1041) Eden regions: 1115->0(1112)
[4005.400s][info][gc,heap        ] GC(1041) Survivor regions: 113->108(154)
[4005.400s][info][gc,heap        ] GC(1041) Old regions: 505->537
[4005.400s][info][gc,heap        ] GC(1041) Humongous regions: 80->80
[4005.400s][info][gc,metaspace   ] GC(1041) Metaspace: 28902K(29248K)->28902K(29248K) NonClass: 24034K(24192K)->24034K(24192K) Class: 4868K(5056K)->4868K(5056K)
[4005.400s][info][gc             ] GC(1041) Pause Young (Prepare Mixed) (G1 Evacuation Pause) 3622M->1447M(4096M) 115.545ms
[4005.400s][info][gc,cpu         ] GC(1041) User=0.69s Sys=0.00s Real=0.12s
..[4007.896s][info][gc,start       ] GC(1042) Pause Young (Mixed) (G1 Evacuation Pause)
[4007.896s][info][gc,task        ] GC(1042) Using 6 workers of 6 for evacuation
[4008.029s][info][gc,phases      ] GC(1042)   Pre Evacuate Collection Set: 0.39ms
[4008.029s][info][gc,phases      ] GC(1042)   Merge Heap Roots: 0.64ms
[4008.029s][info][gc,phases      ] GC(1042)   Evacuate Collection Set: 130.65ms
[4008.029s][info][gc,phases      ] GC(1042)   Post Evacuate Collection Set: 0.96ms
[4008.029s][info][gc,phases      ] GC(1042)   Other: 0.09ms
[4008.029s][info][gc,heap        ] GC(1042) Eden regions: 1112->0(1118)
[4008.029s][info][gc,heap        ] GC(1042) Survivor regions: 108->110(153)
[4008.029s][info][gc,heap        ] GC(1042) Old regions: 537->474
[4008.029s][info][gc,heap        ] GC(1042) Humongous regions: 80->80
[4008.029s][info][gc,metaspace   ] GC(1042) Metaspace: 28902K(29248K)->28902K(29248K) NonClass: 24034K(24192K)->24034K(24192K) Class: 4868K(5056K)->4868K(5056K)
[4008.029s][info][gc             ] GC(1042) Pause Young (Mixed) (G1 Evacuation Pause) 3671M->1326M(4096M) 132.865ms
[4008.029s][info][gc,cpu         ] GC(1042) User=0.79s Sys=0.00s Real=0.13s
.|..[4010.545s][info][gc,start       ] GC(1043) Pause Young (Concurrent Start) (G1 Evacuation Pause)
[4010.545s][info][gc,task        ] GC(1043) Using 6 workers of 6 for evacuation
[4010.661s][info][gc,phases      ] GC(1043)   Pre Evacuate Collection Set: 0.39ms
[4010.661s][info][gc,phases      ] GC(1043)   Merge Heap Roots: 0.54ms
[4010.661s][info][gc,phases      ] GC(1043)   Evacuate Collection Set: 113.88ms
[4010.661s][info][gc,phases      ] GC(1043)   Post Evacuate Collection Set: 0.89ms
[4010.661s][info][gc,phases      ] GC(1043)   Other: 0.10ms
[4010.661s][info][gc,heap        ] GC(1043) Eden regions: 1118->0(1119)
[4010.661s][info][gc,heap        ] GC(1043) Survivor regions: 110->109(154)
[4010.661s][info][gc,heap        ] GC(1043) Old regions: 474->507
[4010.661s][info][gc,heap        ] GC(1043) Humongous regions: 80->80
[4010.661s][info][gc,metaspace   ] GC(1043) Metaspace: 28902K(29248K)->28902K(29248K) NonClass: 24034K(24192K)->24034K(24192K) Class: 4868K(5056K)->4868K(5056K)
[4010.661s][info][gc             ] GC(1043) Pause Young (Concurrent Start) (G1 Evacuation Pause) 3562M->1388M(4096M) 115.939ms
[4010.661s][info][gc             ] GC(1044) Concurrent Mark Cycle
[4010.661s][info][gc,marking     ] GC(1044) Concurrent Scan Root Regions
[4010.661s][info][gc,cpu         ] GC(1043) User=0.69s Sys=0.00s Real=0.11s
[4010.810s][info][gc,marking     ] GC(1044) Concurrent Scan Root Regions 148.604ms
[4010.810s][info][gc,marking     ] GC(1044) Concurrent Mark
[4010.810s][info][gc,marking     ] GC(1044) Concurrent Mark From Roots
[4010.810s][info][gc,task        ] GC(1044) Using 2 workers of 2 for marking
.[4011.576s][info][gc,marking     ] GC(1044) Concurrent Mark From Roots 766.033ms
[4011.576s][info][gc,marking     ] GC(1044) Concurrent Preclean
[4011.576s][info][gc,marking     ] GC(1044) Concurrent Preclean 0.117ms
[4011.577s][info][gc,start       ] GC(1044) Pause Remark
[4011.579s][info][gc             ] GC(1044) Pause Remark 2246M->2246M(4096M) 2.807ms
[4011.579s][info][gc,cpu         ] GC(1044) User=0.02s Sys=0.00s Real=0.00s
[4011.580s][info][gc,marking     ] GC(1044) Concurrent Mark 770.103ms
[4011.580s][info][gc,marking     ] GC(1044) Concurrent Rebuild Remembered Sets and Scrub Regions
[4011.889s][info][gc,marking     ] GC(1044) Concurrent Rebuild Remembered Sets and Scrub Regions 308.859ms
[4011.889s][info][gc,start       ] GC(1044) Pause Cleanup
[4011.889s][info][gc             ] GC(1044) Pause Cleanup 2529M->2529M(4096M) 0.113ms
[4011.889s][info][gc,cpu         ] GC(1044) User=0.00s Sys=0.00s Real=0.00s
[4011.889s][info][gc,marking     ] GC(1044) Concurrent Clear Claimed Marks
[4011.889s][info][gc,marking     ] GC(1044) Concurrent Clear Claimed Marks 0.029ms
[4011.889s][info][gc,marking     ] GC(1044) Concurrent Cleanup for Next Mark
[4011.895s][info][gc,marking     ] GC(1044) Concurrent Cleanup for Next Mark 5.776ms
[4011.895s][info][gc             ] GC(1044) Concurrent Mark Cycle 1233.916ms
.[4013.181s][info][gc,start       ] GC(1045) Pause Young (Prepare Mixed) (G1 Evacuation Pause)
[4013.181s][info][gc,task        ] GC(1045) Using 6 workers of 6 for evacuation
[4013.296s][info][gc,phases      ] GC(1045)   Pre Evacuate Collection Set: 0.35ms
[4013.296s][info][gc,phases      ] GC(1045)   Merge Heap Roots: 0.50ms
[4013.296s][info][gc,phases      ] GC(1045)   Evacuate Collection Set: 112.95ms
[4013.296s][info][gc,phases      ] GC(1045)   Post Evacuate Collection Set: 0.93ms
[4013.296s][info][gc,phases      ] GC(1045)   Other: 0.08ms
[4013.296s][info][gc,heap        ] GC(1045) Eden regions: 1119->0(1110)
[4013.296s][info][gc,heap        ] GC(1045) Survivor regions: 109->108(154)
[4013.296s][info][gc,heap        ] GC(1045) Old regions: 507->539
[4013.296s][info][gc,heap        ] GC(1045) Humongous regions: 80->80
[4013.296s][info][gc,metaspace   ] GC(1045) Metaspace: 28902K(29248K)->28902K(29248K) NonClass: 24034K(24192K)->24034K(24192K) Class: 4868K(5056K)->4868K(5056K)
[4013.296s][info][gc             ] GC(1045) Pause Young (Prepare Mixed) (G1 Evacuation Pause) 3626M->1451M(4096M) 114.958ms
[4013.296s][info][gc,cpu         ] GC(1045) User=0.68s Sys=0.00s Real=0.12s
...[4015.813s][info][gc,start       ] GC(1046) Pause Young (Mixed) (G1 Evacuation Pause)
[4015.813s][info][gc,task        ] GC(1046) Using 6 workers of 6 for evacuation
[4015.950s][info][gc,phases      ] GC(1046)   Pre Evacuate Collection Set: 0.37ms
[4015.950s][info][gc,phases      ] GC(1046)   Merge Heap Roots: 0.72ms
[4015.950s][info][gc,phases      ] GC(1046)   Evacuate Collection Set: 135.09ms
[4015.950s][info][gc,phases      ] GC(1046)   Post Evacuate Collection Set: 0.92ms
[4015.950s][info][gc,phases      ] GC(1046)   Other: 0.09ms
[4015.950s][info][gc,heap        ] GC(1046) Eden regions: 1110->0(1117)
[4015.950s][info][gc,heap        ] GC(1046) Survivor regions: 108->111(153)
[4015.950s][info][gc,heap        ] GC(1046) Old regions: 539->474
[4015.950s][info][gc,heap        ] GC(1046) Humongous regions: 80->80
[4015.950s][info][gc,metaspace   ] GC(1046) Metaspace: 28902K(29248K)->28902K(29248K) NonClass: 24034K(24192K)->24034K(24192K) Class: 4868K(5056K)->4868K(5056K)
[4015.950s][info][gc             ] GC(1046) Pause Young (Mixed) (G1 Evacuation Pause) 3671M->1328M(4096M) 137.310ms
[4015.951s][info][gc,cpu         ] GC(1046) User=0.82s Sys=0.00s Real=0.14s
...[4018.394s][info][gc,start       ] GC(1047) Pause Young (Concurrent Start) (G1 Evacuation Pause)
[4018.394s][info][gc,task        ] GC(1047) Using 6 workers of 6 for evacuation
[4018.511s][info][gc,phases      ] GC(1047)   Pre Evacuate Collection Set: 0.37ms
[4018.511s][info][gc,phases      ] GC(1047)   Merge Heap Roots: 0.48ms
[4018.511s][info][gc,phases      ] GC(1047)   Evacuate Collection Set: 114.83ms
[4018.511s][info][gc,phases      ] GC(1047)   Post Evacuate Collection Set: 0.87ms
[4018.511s][info][gc,phases      ] GC(1047)   Other: 0.09ms
[4018.511s][info][gc,heap        ] GC(1047) Eden regions: 1117->0(1120)
[4018.511s][info][gc,heap        ] GC(1047) Survivor regions: 111->108(154)
[4018.511s][info][gc,heap        ] GC(1047) Old regions: 474->506
[4018.511s][info][gc,heap        ] GC(1047) Humongous regions: 80->80
[4018.511s][info][gc,metaspace   ] GC(1047) Metaspace: 28902K(29248K)->28902K(29248K) NonClass: 24034K(24192K)->24034K(24192K) Class: 4868K(5056K)->4868K(5056K)
[4018.511s][info][gc             ] GC(1047) Pause Young (Concurrent Start) (G1 Evacuation Pause) 3562M->1385M(4096M) 116.783ms
[4018.511s][info][gc             ] GC(1048) Concurrent Mark Cycle
[4018.511s][info][gc,marking     ] GC(1048) Concurrent Scan Root Regions
[4018.511s][info][gc,cpu         ] GC(1047) User=0.69s Sys=0.00s Real=0.12s
[4018.638s][info][gc,marking     ] GC(1048) Concurrent Scan Root Regions 127.708ms
[4018.638s][info][gc,marking     ] GC(1048) Concurrent Mark
[4018.638s][info][gc,marking     ] GC(1048) Concurrent Mark From Roots
[4018.638s][info][gc,task        ] GC(1048) Using 2 workers of 2 for marking
.[4019.342s][info][gc,marking     ] GC(1048) Concurrent Mark From Roots 703.257ms
[4019.342s][info][gc,marking     ] GC(1048) Concurrent Preclean
[4019.342s][info][gc,marking     ] GC(1048) Concurrent Preclean 0.114ms
[4019.345s][info][gc,start       ] GC(1048) Pause Remark
[4019.348s][info][gc             ] GC(1048) Pause Remark 2125M->2125M(4096M) 3.068ms
[4019.348s][info][gc,cpu         ] GC(1048) User=0.01s Sys=0.00s Real=0.01s
[4019.348s][info][gc,marking     ] GC(1048) Concurrent Mark 709.319ms
[4019.348s][info][gc,marking     ] GC(1048) Concurrent Rebuild Remembered Sets and Scrub Regions
[4019.615s][info][gc,marking     ] GC(1048) Concurrent Rebuild Remembered Sets and Scrub Regions 267.746ms
[4019.616s][info][gc,start       ] GC(1048) Pause Cleanup
[4019.616s][info][gc             ] GC(1048) Pause Cleanup 2399M->2399M(4096M) 0.154ms
[4019.616s][info][gc,cpu         ] GC(1048) User=0.00s Sys=0.00s Real=0.00s
[4019.616s][info][gc,marking     ] GC(1048) Concurrent Clear Claimed Marks
[4019.616s][info][gc,marking     ] GC(1048) Concurrent Clear Claimed Marks 0.023ms
[4019.616s][info][gc,marking     ] GC(1048) Concurrent Cleanup for Next Mark
[4019.621s][info][gc,marking     ] GC(1048) Concurrent Cleanup for Next Mark 4.702ms
[4019.621s][info][gc             ] GC(1048) Concurrent Mark Cycle 1110.002ms
.[4020.981s][info][gc,start       ] GC(1049) Pause Young (Prepare Mixed) (G1 Evacuation Pause)
[4020.981s][info][gc,task        ] GC(1049) Using 6 workers of 6 for evacuation
[4021.100s][info][gc,phases      ] GC(1049)   Pre Evacuate Collection Set: 0.32ms
[4021.100s][info][gc,phases      ] GC(1049)   Merge Heap Roots: 0.48ms
[4021.100s][info][gc,phases      ] GC(1049)   Evacuate Collection Set: 117.61ms
[4021.100s][info][gc,phases      ] GC(1049)   Post Evacuate Collection Set: 0.91ms
[4021.100s][info][gc,phases      ] GC(1049)   Other: 0.09ms
[4021.100s][info][gc,heap        ] GC(1049) Eden regions: 1120->0(1102)
[4021.100s][info][gc,heap        ] GC(1049) Survivor regions: 108->113(154)
[4021.100s][info][gc,heap        ] GC(1049) Old regions: 506->537
[4021.100s][info][gc,heap        ] GC(1049) Humongous regions: 80->80
[4021.100s][info][gc,metaspace   ] GC(1049) Metaspace: 28902K(29248K)->28902K(29248K) NonClass: 24034K(24192K)->24034K(24192K) Class: 4868K(5056K)->4868K(5056K)
[4021.100s][info][gc             ] GC(1049) Pause Young (Prepare Mixed) (G1 Evacuation Pause) 3625M->1458M(4096M) 119.533ms
[4021.100s][info][gc,cpu         ] GC(1049) User=0.71s Sys=0.00s Real=0.12s
...[4023.623s][info][gc,start       ] GC(1050) Pause Young (Mixed) (G1 Evacuation Pause)
[4023.623s][info][gc,task        ] GC(1050) Using 6 workers of 6 for evacuation
[4023.756s][info][gc,phases      ] GC(1050)   Pre Evacuate Collection Set: 0.34ms
[4023.756s][info][gc,phases      ] GC(1050)   Merge Heap Roots: 0.65ms
[4023.756s][info][gc,phases      ] GC(1050)   Evacuate Collection Set: 131.07ms
[4023.756s][info][gc,phases      ] GC(1050)   Post Evacuate Collection Set: 0.93ms
[4023.756s][info][gc,phases      ] GC(1050)   Other: 0.08ms
[4023.756s][info][gc,heap        ] GC(1050) Eden regions: 1102->0(1119)
[4023.756s][info][gc,heap        ] GC(1050) Survivor regions: 113->109(152)
[4023.756s][info][gc,heap        ] GC(1050) Old regions: 537->473
[4023.756s][info][gc,heap        ] GC(1050) Humongous regions: 80->80
[4023.756s][info][gc,metaspace   ] GC(1050) Metaspace: 28902K(29248K)->28902K(29248K) NonClass: 24034K(24192K)->24034K(24192K) Class: 4868K(5056K)->4868K(5056K)
[4023.756s][info][gc             ] GC(1050) Pause Young (Mixed) (G1 Evacuation Pause) 3662M->1321M(4096M) 133.217ms
[4023.756s][info][gc,cpu         ] GC(1050) User=0.79s Sys=0.00s Real=0.14s
..[4026.165s][info][gc,start       ] GC(1051) Pause Young (Concurrent Start) (G1 Evacuation Pause)
[4026.165s][info][gc,task        ] GC(1051) Using 6 workers of 6 for evacuation
[4026.282s][info][gc,phases      ] GC(1051)   Pre Evacuate Collection Set: 0.36ms
[4026.282s][info][gc,phases      ] GC(1051)   Merge Heap Roots: 0.48ms
[4026.282s][info][gc,phases      ] GC(1051)   Evacuate Collection Set: 114.53ms
[4026.282s][info][gc,phases      ] GC(1051)   Post Evacuate Collection Set: 0.86ms
[4026.282s][info][gc,phases      ] GC(1051)   Other: 0.13ms
[4026.282s][info][gc,heap        ] GC(1051) Eden regions: 1119->0(1120)
[4026.282s][info][gc,heap        ] GC(1051) Survivor regions: 109->108(154)
[4026.282s][info][gc,heap        ] GC(1051) Old regions: 473->506
[4026.282s][info][gc,heap        ] GC(1051) Humongous regions: 80->80
[4026.282s][info][gc,metaspace   ] GC(1051) Metaspace: 28902K(29248K)->28902K(29248K) NonClass: 24034K(24192K)->24034K(24192K) Class: 4868K(5056K)->4868K(5056K)
[4026.282s][info][gc             ] GC(1051) Pause Young (Concurrent Start) (G1 Evacuation Pause) 3559M->1385M(4096M) 116.490ms
[4026.282s][info][gc             ] GC(1052) Concurrent Mark Cycle
[4026.282s][info][gc,marking     ] GC(1052) Concurrent Scan Root Regions
[4026.282s][info][gc,cpu         ] GC(1051) User=0.69s Sys=0.01s Real=0.11s
.[4026.411s][info][gc,marking     ] GC(1052) Concurrent Scan Root Regions 128.888ms
[4026.411s][info][gc,marking     ] GC(1052) Concurrent Mark
[4026.411s][info][gc,marking     ] GC(1052) Concurrent Mark From Roots
[4026.411s][info][gc,task        ] GC(1052) Using 2 workers of 2 for marking
[4027.146s][info][gc,marking     ] GC(1052) Concurrent Mark From Roots 734.703ms
[4027.146s][info][gc,marking     ] GC(1052) Concurrent Preclean
[4027.146s][info][gc,marking     ] GC(1052) Concurrent Preclean 0.120ms
[4027.146s][info][gc,start       ] GC(1052) Pause Remark
[4027.150s][info][gc             ] GC(1052) Pause Remark 2250M->2250M(4096M) 3.929ms
[4027.150s][info][gc,cpu         ] GC(1052) User=0.02s Sys=0.00s Real=0.00s
[4027.150s][info][gc,marking     ] GC(1052) Concurrent Mark 739.123ms
[4027.150s][info][gc,marking     ] GC(1052) Concurrent Rebuild Remembered Sets and Scrub Regions
[4027.400s][info][gc,marking     ] GC(1052) Concurrent Rebuild Remembered Sets and Scrub Regions 250.008ms
[4027.400s][info][gc,start       ] GC(1052) Pause Cleanup
[4027.401s][info][gc             ] GC(1052) Pause Cleanup 2416M->2416M(4096M) 0.783ms
[4027.401s][info][gc,cpu         ] GC(1052) User=0.00s Sys=0.00s Real=0.00s
[4027.401s][info][gc,marking     ] GC(1052) Concurrent Clear Claimed Marks
[4027.401s][info][gc,marking     ] GC(1052) Concurrent Clear Claimed Marks 0.022ms
[4027.401s][info][gc,marking     ] GC(1052) Concurrent Cleanup for Next Mark
[4027.406s][info][gc,marking     ] GC(1052) Concurrent Cleanup for Next Mark 4.939ms
[4027.406s][info][gc             ] GC(1052) Concurrent Mark Cycle 1124.089ms
..[4028.766s][info][gc,start       ] GC(1053) Pause Young (Prepare Mixed) (G1 Evacuation Pause)
[4028.766s][info][gc,task        ] GC(1053) Using 6 workers of 6 for evacuation
[4028.886s][info][gc,phases      ] GC(1053)   Pre Evacuate Collection Set: 0.31ms
[4028.886s][info][gc,phases      ] GC(1053)   Merge Heap Roots: 0.52ms
[4028.886s][info][gc,phases      ] GC(1053)   Evacuate Collection Set: 118.04ms
[4028.886s][info][gc,phases      ] GC(1053)   Post Evacuate Collection Set: 0.92ms
[4028.886s][info][gc,phases      ] GC(1053)   Other: 0.09ms
[4028.886s][info][gc,heap        ] GC(1053) Eden regions: 1120->0(1103)
[4028.886s][info][gc,heap        ] GC(1053) Survivor regions: 108->112(154)
[4028.886s][info][gc,heap        ] GC(1053) Old regions: 506->538
[4028.886s][info][gc,heap        ] GC(1053) Humongous regions: 80->80
[4028.886s][info][gc,metaspace   ] GC(1053) Metaspace: 28902K(29248K)->28902K(29248K) NonClass: 24034K(24192K)->24034K(24192K) Class: 4868K(5056K)->4868K(5056K)
[4028.886s][info][gc             ] GC(1053) Pause Young (Prepare Mixed) (G1 Evacuation Pause) 3625M->1458M(4096M) 120.009ms
[4028.886s][info][gc,cpu         ] GC(1053) User=0.71s Sys=0.00s Real=0.12s
..[4031.372s][info][gc,start       ] GC(1054) Pause Young (Mixed) (G1 Evacuation Pause)
[4031.373s][info][gc,task        ] GC(1054) Using 6 workers of 6 for evacuation
[4031.509s][info][gc,phases      ] GC(1054)   Pre Evacuate Collection Set: 0.36ms
[4031.509s][info][gc,phases      ] GC(1054)   Merge Heap Roots: 0.83ms
[4031.509s][info][gc,phases      ] GC(1054)   Evacuate Collection Set: 134.43ms
[4031.509s][info][gc,phases      ] GC(1054)   Post Evacuate Collection Set: 0.98ms
[4031.509s][info][gc,phases      ] GC(1054)   Other: 0.10ms
[4031.509s][info][gc,heap        ] GC(1054) Eden regions: 1103->0(1119)
[4031.509s][info][gc,heap        ] GC(1054) Survivor regions: 112->109(152)
[4031.509s][info][gc,heap        ] GC(1054) Old regions: 538->475
[4031.509s][info][gc,heap        ] GC(1054) Humongous regions: 80->80
[4031.509s][info][gc,metaspace   ] GC(1054) Metaspace: 28902K(29248K)->28902K(29248K) NonClass: 24034K(24192K)->24034K(24192K) Class: 4868K(5056K)->4868K(5056K)
[4031.509s][info][gc             ] GC(1054) Pause Young (Mixed) (G1 Evacuation Pause) 3664M->1325M(4096M) 136.822ms
[4031.509s][info][gc,cpu         ] GC(1054) User=0.81s Sys=0.00s Real=0.14s
...[4033.996s][info][gc,start       ] GC(1055) Pause Young (Concurrent Start) (G1 Evacuation Pause)
[4033.996s][info][gc,task        ] GC(1055) Using 6 workers of 6 for evacuation
[4034.115s][info][gc,phases      ] GC(1055)   Pre Evacuate Collection Set: 0.33ms
[4034.115s][info][gc,phases      ] GC(1055)   Merge Heap Roots: 0.49ms
[4034.115s][info][gc,phases      ] GC(1055)   Evacuate Collection Set: 117.37ms
[4034.115s][info][gc,phases      ] GC(1055)   Post Evacuate Collection Set: 0.88ms
[4034.115s][info][gc,phases      ] GC(1055)   Other: 0.10ms
[4034.115s][info][gc,heap        ] GC(1055) Eden regions: 1119->0(1117)
[4034.115s][info][gc,heap        ] GC(1055) Survivor regions: 109->111(154)
[4034.115s][info][gc,heap        ] GC(1055) Old regions: 475->508
[4034.115s][info][gc,heap        ] GC(1055) Humongous regions: 80->80
[4034.115s][info][gc,metaspace   ] GC(1055) Metaspace: 28902K(29248K)->28902K(29248K) NonClass: 24034K(24192K)->24034K(24192K) Class: 4868K(5056K)->4868K(5056K)
[4034.115s][info][gc             ] GC(1055) Pause Young (Concurrent Start) (G1 Evacuation Pause) 3563M->1394M(4096M) 119.284ms
[4034.115s][info][gc             ] GC(1056) Concurrent Mark Cycle
[4034.115s][info][gc,marking     ] GC(1056) Concurrent Scan Root Regions
[4034.115s][info][gc,cpu         ] GC(1055) User=0.71s Sys=0.00s Real=0.12s
[4034.254s][info][gc,marking     ] GC(1056) Concurrent Scan Root Regions 138.668ms
[4034.254s][info][gc,marking     ] GC(1056) Concurrent Mark
[4034.254s][info][gc,marking     ] GC(1056) Concurrent Mark From Roots
[4034.254s][info][gc,task        ] GC(1056) Using 2 workers of 2 for marking
.[4034.973s][info][gc,marking     ] GC(1056) Concurrent Mark From Roots 719.056ms
[4034.973s][info][gc,marking     ] GC(1056) Concurrent Preclean
[4034.973s][info][gc,marking     ] GC(1056) Concurrent Preclean 0.100ms
[4034.973s][info][gc,start       ] GC(1056) Pause Remark
[4034.976s][info][gc             ] GC(1056) Pause Remark 2149M->2149M(4096M) 3.100ms
[4034.976s][info][gc,cpu         ] GC(1056) User=0.02s Sys=0.00s Real=0.01s
[4034.977s][info][gc,marking     ] GC(1056) Concurrent Mark 722.896ms
[4034.977s][info][gc,marking     ] GC(1056) Concurrent Rebuild Remembered Sets and Scrub Regions
[4035.245s][info][gc,marking     ] GC(1056) Concurrent Rebuild Remembered Sets and Scrub Regions 268.336ms
[4035.245s][info][gc,start       ] GC(1056) Pause Cleanup
[4035.245s][info][gc             ] GC(1056) Pause Cleanup 2435M->2435M(4096M) 0.108ms
[4035.245s][info][gc,cpu         ] GC(1056) User=0.00s Sys=0.00s Real=0.00s
[4035.245s][info][gc,marking     ] GC(1056) Concurrent Clear Claimed Marks
[4035.245s][info][gc,marking     ] GC(1056) Concurrent Clear Claimed Marks 0.026ms
[4035.245s][info][gc,marking     ] GC(1056) Concurrent Cleanup for Next Mark
[4035.249s][info][gc,marking     ] GC(1056) Concurrent Cleanup for Next Mark 3.901ms
[4035.249s][info][gc             ] GC(1056) Concurrent Mark Cycle 1134.287ms
..[4036.617s][info][gc,start       ] GC(1057) Pause Young (Prepare Mixed) (G1 Evacuation Pause)
[4036.617s][info][gc,task        ] GC(1057) Using 6 workers of 6 for evacuation
[4036.734s][info][gc,phases      ] GC(1057)   Pre Evacuate Collection Set: 0.32ms
[4036.734s][info][gc,phases      ] GC(1057)   Merge Heap Roots: 0.54ms
[4036.734s][info][gc,phases      ] GC(1057)   Evacuate Collection Set: 115.54ms
[4036.734s][info][gc,phases      ] GC(1057)   Post Evacuate Collection Set: 0.93ms
[4036.734s][info][gc,phases      ] GC(1057)   Other: 0.08ms
[4036.734s][info][gc,heap        ] GC(1057) Eden regions: 1117->0(1107)
[4036.734s][info][gc,heap        ] GC(1057) Survivor regions: 111->110(154)
[4036.734s][info][gc,heap        ] GC(1057) Old regions: 508->538
[4036.734s][info][gc,heap        ] GC(1057) Humongous regions: 80->80
[4036.734s][info][gc,metaspace   ] GC(1057) Metaspace: 28902K(29248K)->28902K(29248K) NonClass: 24034K(24192K)->24034K(24192K) Class: 4868K(5056K)->4868K(5056K)
[4036.734s][info][gc             ] GC(1057) Pause Young (Prepare Mixed) (G1 Evacuation Pause) 3628M->1453M(4096M) 117.559ms
[4036.734s][info][gc,cpu         ] GC(1057) User=0.70s Sys=0.00s Real=0.11s
..[4039.140s][info][gc,start       ] GC(1058) Pause Young (Mixed) (G1 Evacuation Pause)
[4039.140s][info][gc,task        ] GC(1058) Using 6 workers of 6 for evacuation
[4039.271s][info][gc,phases      ] GC(1058)   Pre Evacuate Collection Set: 0.32ms
[4039.271s][info][gc,phases      ] GC(1058)   Merge Heap Roots: 0.71ms
[4039.271s][info][gc,phases      ] GC(1058)   Evacuate Collection Set: 129.58ms
[4039.271s][info][gc,phases      ] GC(1058)   Post Evacuate Collection Set: 0.94ms
[4039.271s][info][gc,phases      ] GC(1058)   Other: 0.09ms
[4039.271s][info][gc,heap        ] GC(1058) Eden regions: 1107->0(1120)
[4039.271s][info][gc,heap        ] GC(1058) Survivor regions: 110->108(153)
[4039.271s][info][gc,heap        ] GC(1058) Old regions: 538->474
[4039.271s][info][gc,heap        ] GC(1058) Humongous regions: 80->80
[4039.271s][info][gc,metaspace   ] GC(1058) Metaspace: 28902K(29248K)->28902K(29248K) NonClass: 24034K(24192K)->24034K(24192K) Class: 4868K(5056K)->4868K(5056K)
[4039.271s][info][gc             ] GC(1058) Pause Young (Mixed) (G1 Evacuation Pause) 3667M->1320M(4096M) 131.802ms
[4039.272s][info][gc,cpu         ] GC(1058) User=0.78s Sys=0.00s Real=0.13s
...[4041.809s][info][gc,start       ] GC(1059) Pause Young (Concurrent Start) (G1 Evacuation Pause)
[4041.809s][info][gc,task        ] GC(1059) Using 6 workers of 6 for evacuation
[4041.928s][info][gc,phases      ] GC(1059)   Pre Evacuate Collection Set: 0.36ms
[4041.928s][info][gc,phases      ] GC(1059)   Merge Heap Roots: 0.54ms
[4041.928s][info][gc,phases      ] GC(1059)   Evacuate Collection Set: 117.25ms
[4041.928s][info][gc,phases      ] GC(1059)   Post Evacuate Collection Set: 0.87ms
[4041.928s][info][gc,phases      ] GC(1059)   Other: 0.13ms
[4041.928s][info][gc,heap        ] GC(1059) Eden regions: 1120->0(1116)
[4041.928s][info][gc,heap        ] GC(1059) Survivor regions: 108->112(154)
[4041.928s][info][gc,heap        ] GC(1059) Old regions: 474->505
[4041.928s][info][gc,heap        ] GC(1059) Humongous regions: 80->80
[4041.928s][info][gc,metaspace   ] GC(1059) Metaspace: 28902K(29248K)->28902K(29248K) NonClass: 24034K(24192K)->24034K(24192K) Class: 4868K(5056K)->4868K(5056K)
[4041.928s][info][gc             ] GC(1059) Pause Young (Concurrent Start) (G1 Evacuation Pause) 3560M->1391M(4096M) 119.313ms
[4041.928s][info][gc             ] GC(1060) Concurrent Mark Cycle
[4041.928s][info][gc,marking     ] GC(1060) Concurrent Scan Root Regions
[4041.928s][info][gc,cpu         ] GC(1059) User=0.71s Sys=0.00s Real=0.12s
[4042.099s][info][gc,marking     ] GC(1060) Concurrent Scan Root Regions 171.106ms
[4042.099s][info][gc,marking     ] GC(1060) Concurrent Mark
[4042.099s][info][gc,marking     ] GC(1060) Concurrent Mark From Roots
[4042.099s][info][gc,task        ] GC(1060) Using 2 workers of 2 for marking
.[4043.136s][info][gc,marking     ] GC(1060) Concurrent Mark From Roots 1037.048ms
[4043.136s][info][gc,marking     ] GC(1060) Concurrent Preclean
[4043.136s][info][gc,marking     ] GC(1060) Concurrent Preclean 0.128ms
[4043.139s][info][gc,start       ] GC(1060) Pause Remark
[4043.143s][info][gc             ] GC(1060) Pause Remark 2489M->2489M(4096M) 4.074ms
[4043.143s][info][gc,cpu         ] GC(1060) User=0.02s Sys=0.00s Real=0.00s
[4043.144s][info][gc,marking     ] GC(1060) Concurrent Mark 1044.722ms
[4043.144s][info][gc,marking     ] GC(1060) Concurrent Rebuild Remembered Sets and Scrub Regions
[4043.409s][info][gc,marking     ] GC(1060) Concurrent Rebuild Remembered Sets and Scrub Regions 265.702ms
[4043.410s][info][gc,start       ] GC(1060) Pause Cleanup
[4043.410s][info][gc             ] GC(1060) Pause Cleanup 2753M->2753M(4096M) 0.112ms
[4043.410s][info][gc,cpu         ] GC(1060) User=0.00s Sys=0.00s Real=0.00s
[4043.410s][info][gc,marking     ] GC(1060) Concurrent Clear Claimed Marks
[4043.410s][info][gc,marking     ] GC(1060) Concurrent Clear Claimed Marks 0.031ms
[4043.410s][info][gc,marking     ] GC(1060) Concurrent Cleanup for Next Mark
[4043.415s][info][gc,marking     ] GC(1060) Concurrent Cleanup for Next Mark 4.581ms
[4043.415s][info][gc             ] GC(1060) Concurrent Mark Cycle 1486.831ms
.[4044.371s][info][gc,start       ] GC(1061) Pause Young (Prepare Mixed) (G1 Evacuation Pause)
[4044.371s][info][gc,task        ] GC(1061) Using 6 workers of 6 for evacuation
[4044.489s][info][gc,phases      ] GC(1061)   Pre Evacuate Collection Set: 0.31ms
[4044.489s][info][gc,phases      ] GC(1061)   Merge Heap Roots: 0.52ms
[4044.489s][info][gc,phases      ] GC(1061)   Evacuate Collection Set: 115.35ms
[4044.489s][info][gc,phases      ] GC(1061)   Post Evacuate Collection Set: 0.92ms
[4044.489s][info][gc,phases      ] GC(1061)   Other: 0.09ms
[4044.489s][info][gc,heap        ] GC(1061) Eden regions: 1116->0(1107)
[4044.489s][info][gc,heap        ] GC(1061) Survivor regions: 112->111(154)
[4044.489s][info][gc,heap        ] GC(1061) Old regions: 505->536
[4044.489s][info][gc,heap        ] GC(1061) Humongous regions: 80->80
[4044.489s][info][gc,metaspace   ] GC(1061) Metaspace: 28902K(29248K)->28902K(29248K) NonClass: 24034K(24192K)->24034K(24192K) Class: 4868K(5056K)->4868K(5056K)
[4044.489s][info][gc             ] GC(1061) Pause Young (Prepare Mixed) (G1 Evacuation Pause) 3623M->1451M(4096M) 117.336ms
[4044.489s][info][gc,cpu         ] GC(1061) User=0.70s Sys=0.00s Real=0.12s
...[4047.036s][info][gc,start       ] GC(1062) Pause Young (Mixed) (G1 Evacuation Pause)
[4047.036s][info][gc,task        ] GC(1062) Using 6 workers of 6 for evacuation
[4047.172s][info][gc,phases      ] GC(1062)   Pre Evacuate Collection Set: 0.41ms
[4047.172s][info][gc,phases      ] GC(1062)   Merge Heap Roots: 0.74ms
[4047.172s][info][gc,phases      ] GC(1062)   Evacuate Collection Set: 134.33ms
[4047.172s][info][gc,phases      ] GC(1062)   Post Evacuate Collection Set: 0.94ms
[4047.172s][info][gc,phases      ] GC(1062)   Other: 0.09ms
[4047.172s][info][gc,heap        ] GC(1062) Eden regions: 1107->0(1117)
[4047.172s][info][gc,heap        ] GC(1062) Survivor regions: 111->111(153)
[4047.172s][info][gc,heap        ] GC(1062) Old regions: 536->473
[4047.172s][info][gc,heap        ] GC(1062) Humongous regions: 80->80
[4047.172s][info][gc,metaspace   ] GC(1062) Metaspace: 28902K(29248K)->28902K(29248K) NonClass: 24034K(24192K)->24034K(24192K) Class: 4868K(5056K)->4868K(5056K)
[4047.172s][info][gc             ] GC(1062) Pause Young (Mixed) (G1 Evacuation Pause) 3665M->1325M(4096M) 136.657ms
[4047.172s][info][gc,cpu         ] GC(1062) User=0.81s Sys=0.00s Real=0.13s
..[4049.601s][info][gc,start       ] GC(1063) Pause Young (Concurrent Start) (G1 Evacuation Pause)
[4049.601s][info][gc,task        ] GC(1063) Using 6 workers of 6 for evacuation
[4049.724s][info][gc,phases      ] GC(1063)   Pre Evacuate Collection Set: 0.37ms
[4049.724s][info][gc,phases      ] GC(1063)   Merge Heap Roots: 0.47ms
[4049.724s][info][gc,phases      ] GC(1063)   Evacuate Collection Set: 120.99ms
[4049.724s][info][gc,phases      ] GC(1063)   Post Evacuate Collection Set: 0.88ms
[4049.724s][info][gc,phases      ] GC(1063)   Other: 0.13ms
[4049.724s][info][gc,heap        ] GC(1063) Eden regions: 1117->0(1113)
[4049.724s][info][gc,heap        ] GC(1063) Survivor regions: 111->115(154)
[4049.724s][info][gc,heap        ] GC(1063) Old regions: 473->505
[4049.724s][info][gc,heap        ] GC(1063) Humongous regions: 80->80
[4049.724s][info][gc,metaspace   ] GC(1063) Metaspace: 28902K(29248K)->28902K(29248K) NonClass: 24034K(24192K)->24034K(24192K) Class: 4868K(5056K)->4868K(5056K)
[4049.724s][info][gc             ] GC(1063) Pause Young (Concurrent Start) (G1 Evacuation Pause) 3559M->1396M(4096M) 122.959ms
[4049.724s][info][gc             ] GC(1064) Concurrent Mark Cycle
[4049.724s][info][gc,marking     ] GC(1064) Concurrent Scan Root Regions
[4049.724s][info][gc,cpu         ] GC(1063) User=0.73s Sys=0.00s Real=0.12s
.[4049.841s][info][gc,marking     ] GC(1064) Concurrent Scan Root Regions 117.675ms
[4049.841s][info][gc,marking     ] GC(1064) Concurrent Mark
[4049.841s][info][gc,marking     ] GC(1064) Concurrent Mark From Roots
[4049.841s][info][gc,task        ] GC(1064) Using 2 workers of 2 for marking
[4050.475s][info][gc,marking     ] GC(1064) Concurrent Mark From Roots 633.582ms
[4050.475s][info][gc,marking     ] GC(1064) Concurrent Preclean
[4050.475s][info][gc,marking     ] GC(1064) Concurrent Preclean 0.114ms
[4050.477s][info][gc,start       ] GC(1064) Pause Remark
[4050.479s][info][gc             ] GC(1064) Pause Remark 2004M->2004M(4096M) 2.671ms
[4050.479s][info][gc,cpu         ] GC(1064) User=0.02s Sys=0.00s Real=0.00s
[4050.480s][info][gc,marking     ] GC(1064) Concurrent Mark 638.292ms
[4050.480s][info][gc,marking     ] GC(1064) Concurrent Rebuild Remembered Sets and Scrub Regions
[4050.707s][info][gc,marking     ] GC(1064) Concurrent Rebuild Remembered Sets and Scrub Regions 227.582ms
[4050.707s][info][gc,start       ] GC(1064) Pause Cleanup
[4050.708s][info][gc             ] GC(1064) Pause Cleanup 2223M->2223M(4096M) 0.122ms
[4050.708s][info][gc,cpu         ] GC(1064) User=0.00s Sys=0.00s Real=0.00s
[4050.709s][info][gc,marking     ] GC(1064) Concurrent Clear Claimed Marks
[4050.709s][info][gc,marking     ] GC(1064) Concurrent Clear Claimed Marks 0.046ms
[4050.709s][info][gc,marking     ] GC(1064) Concurrent Cleanup for Next Mark
[4050.715s][info][gc,marking     ] GC(1064) Concurrent Cleanup for Next Mark 6.418ms
[4050.715s][info][gc             ] GC(1064) Concurrent Mark Cycle 991.697ms
..[4052.121s][info][gc,start       ] GC(1065) Pause Young (Prepare Mixed) (G1 Evacuation Pause)
[4052.121s][info][gc,task        ] GC(1065) Using 6 workers of 6 for evacuation
[4052.243s][info][gc,phases      ] GC(1065)   Pre Evacuate Collection Set: 0.29ms
[4052.243s][info][gc,phases      ] GC(1065)   Merge Heap Roots: 0.51ms
[4052.243s][info][gc,phases      ] GC(1065)   Evacuate Collection Set: 120.37ms
[4052.243s][info][gc,phases      ] GC(1065)   Post Evacuate Collection Set: 0.93ms
[4052.243s][info][gc,phases      ] GC(1065)   Other: 0.09ms
[4052.243s][info][gc,heap        ] GC(1065) Eden regions: 1113->0(1102)
[4052.243s][info][gc,heap        ] GC(1065) Survivor regions: 115->112(154)
[4052.243s][info][gc,heap        ] GC(1065) Old regions: 505->539
[4052.243s][info][gc,heap        ] GC(1065) Humongous regions: 80->80
[4052.243s][info][gc,metaspace   ] GC(1065) Metaspace: 28902K(29248K)->28902K(29248K) NonClass: 24034K(24192K)->24034K(24192K) Class: 4868K(5056K)->4868K(5056K)
[4052.243s][info][gc             ] GC(1065) Pause Young (Prepare Mixed) (G1 Evacuation Pause) 3622M->1458M(4096M) 122.301ms
[4052.243s][info][gc,cpu         ] GC(1065) User=0.73s Sys=0.00s Real=0.12s
..[4054.732s][info][gc,start       ] GC(1066) Pause Young (Mixed) (G1 Evacuation Pause)
[4054.732s][info][gc,task        ] GC(1066) Using 6 workers of 6 for evacuation
[4054.868s][info][gc,phases      ] GC(1066)   Pre Evacuate Collection Set: 0.34ms
[4054.868s][info][gc,phases      ] GC(1066)   Merge Heap Roots: 0.72ms
[4054.868s][info][gc,phases      ] GC(1066)   Evacuate Collection Set: 133.65ms
[4054.868s][info][gc,phases      ] GC(1066)   Post Evacuate Collection Set: 0.83ms
[4054.868s][info][gc,phases      ] GC(1066)   Other: 0.09ms
[4054.868s][info][gc,heap        ] GC(1066) Eden regions: 1102->0(1119)
[4054.868s][info][gc,heap        ] GC(1066) Survivor regions: 112->109(152)
[4054.868s][info][gc,heap        ] GC(1066) Old regions: 539->474
[4054.868s][info][gc,heap        ] GC(1066) Humongous regions: 80->80
[4054.868s][info][gc,metaspace   ] GC(1066) Metaspace: 28902K(29248K)->28902K(29248K) NonClass: 24034K(24192K)->24034K(24192K) Class: 4868K(5056K)->4868K(5056K)
[4054.868s][info][gc             ] GC(1066) Pause Young (Mixed) (G1 Evacuation Pause) 3662M->1323M(4096M) 135.775ms
[4054.868s][info][gc,cpu         ] GC(1066) User=0.81s Sys=0.00s Real=0.14s
...[4057.364s][info][gc,start       ] GC(1067) Pause Young (Concurrent Start) (G1 Evacuation Pause)
[4057.364s][info][gc,task        ] GC(1067) Using 6 workers of 6 for evacuation
[4057.478s][info][gc,phases      ] GC(1067)   Pre Evacuate Collection Set: 0.37ms
[4057.478s][info][gc,phases      ] GC(1067)   Merge Heap Roots: 0.52ms
[4057.478s][info][gc,phases      ] GC(1067)   Evacuate Collection Set: 112.19ms
[4057.478s][info][gc,phases      ] GC(1067)   Post Evacuate Collection Set: 0.88ms
[4057.478s][info][gc,phases      ] GC(1067)   Other: 0.12ms
[4057.478s][info][gc,heap        ] GC(1067) Eden regions: 1119->0(1120)
[4057.478s][info][gc,heap        ] GC(1067) Survivor regions: 109->108(154)
[4057.478s][info][gc,heap        ] GC(1067) Old regions: 474->506
[4057.478s][info][gc,heap        ] GC(1067) Humongous regions: 80->80
[4057.478s][info][gc,metaspace   ] GC(1067) Metaspace: 28904K(29312K)->28904K(29312K) NonClass: 24036K(24256K)->24036K(24256K) Class: 4868K(5056K)->4868K(5056K)
[4057.479s][info][gc             ] GC(1067) Pause Young (Concurrent Start) (G1 Evacuation Pause) 3561M->1384M(4096M) 114.216ms
[4057.479s][info][gc             ] GC(1068) Concurrent Mark Cycle
[4057.479s][info][gc,marking     ] GC(1068) Concurrent Scan Root Regions
[4057.479s][info][gc,cpu         ] GC(1067) User=0.68s Sys=0.00s Real=0.12s
[4057.585s][info][gc,marking     ] GC(1068) Concurrent Scan Root Regions 105.964ms
[4057.585s][info][gc,marking     ] GC(1068) Concurrent Mark
[4057.585s][info][gc,marking     ] GC(1068) Concurrent Mark From Roots
[4057.585s][info][gc,task        ] GC(1068) Using 2 workers of 2 for marking
.[4058.147s][info][gc,marking     ] GC(1068) Concurrent Mark From Roots 562.280ms
[4058.147s][info][gc,marking     ] GC(1068) Concurrent Preclean
[4058.147s][info][gc,marking     ] GC(1068) Concurrent Preclean 0.107ms
[4058.149s][info][gc,start       ] GC(1068) Pause Remark
[4058.151s][info][gc             ] GC(1068) Pause Remark 1926M->1926M(4096M) 2.841ms
[4058.151s][info][gc,cpu         ] GC(1068) User=0.02s Sys=0.00s Real=0.00s
[4058.152s][info][gc,marking     ] GC(1068) Concurrent Mark 566.982ms
[4058.152s][info][gc,marking     ] GC(1068) Concurrent Rebuild Remembered Sets and Scrub Regions
[4058.373s][info][gc,marking     ] GC(1068) Concurrent Rebuild Remembered Sets and Scrub Regions 221.613ms
[4058.375s][info][gc,start       ] GC(1068) Pause Cleanup
[4058.375s][info][gc             ] GC(1068) Pause Cleanup 2138M->2138M(4096M) 0.120ms
[4058.375s][info][gc,cpu         ] GC(1068) User=0.00s Sys=0.00s Real=0.00s
[4058.375s][info][gc,marking     ] GC(1068) Concurrent Clear Claimed Marks
[4058.375s][info][gc,marking     ] GC(1068) Concurrent Clear Claimed Marks 0.031ms
[4058.375s][info][gc,marking     ] GC(1068) Concurrent Cleanup for Next Mark
[4058.380s][info][gc,marking     ] GC(1068) Concurrent Cleanup for Next Mark 5.728ms
[4058.380s][info][gc             ] GC(1068) Concurrent Mark Cycle 901.965ms
..[4060.043s][info][gc,start       ] GC(1069) Pause Young (Prepare Mixed) (G1 Evacuation Pause)
[4060.043s][info][gc,task        ] GC(1069) Using 6 workers of 6 for evacuation
[4060.163s][info][gc,phases      ] GC(1069)   Pre Evacuate Collection Set: 0.32ms
[4060.163s][info][gc,phases      ] GC(1069)   Merge Heap Roots: 0.50ms
[4060.163s][info][gc,phases      ] GC(1069)   Evacuate Collection Set: 118.07ms
[4060.163s][info][gc,phases      ] GC(1069)   Post Evacuate Collection Set: 0.82ms
[4060.163s][info][gc,phases      ] GC(1069)   Other: 0.09ms
[4060.163s][info][gc,heap        ] GC(1069) Eden regions: 1120->0(1104)
[4060.163s][info][gc,heap        ] GC(1069) Survivor regions: 108->112(154)
[4060.163s][info][gc,heap        ] GC(1069) Old regions: 506->537
[4060.163s][info][gc,heap        ] GC(1069) Humongous regions: 80->80
[4060.163s][info][gc,metaspace   ] GC(1069) Metaspace: 28904K(29312K)->28904K(29312K) NonClass: 24036K(24256K)->24036K(24256K) Class: 4868K(5056K)->4868K(5056K)
[4060.163s][info][gc             ] GC(1069) Pause Young (Prepare Mixed) (G1 Evacuation Pause) 3624M->1455M(4096M) 119.935ms
[4060.163s][info][gc,cpu         ] GC(1069) User=0.71s Sys=0.00s Real=0.12s
..[4062.617s][info][gc,start       ] GC(1070) Pause Young (Mixed) (G1 Evacuation Pause)
[4062.617s][info][gc,task        ] GC(1070) Using 6 workers of 6 for evacuation
[4062.756s][info][gc,phases      ] GC(1070)   Pre Evacuate Collection Set: 0.37ms
[4062.756s][info][gc,phases      ] GC(1070)   Merge Heap Roots: 0.80ms
[4062.756s][info][gc,phases      ] GC(1070)   Evacuate Collection Set: 136.05ms
[4062.756s][info][gc,phases      ] GC(1070)   Post Evacuate Collection Set: 0.94ms
[4062.756s][info][gc,phases      ] GC(1070)   Other: 0.09ms
[4062.756s][info][gc,heap        ] GC(1070) Eden regions: 1104->0(1119)
[4062.756s][info][gc,heap        ] GC(1070) Survivor regions: 112->109(152)
[4062.756s][info][gc,heap        ] GC(1070) Old regions: 537->474
[4062.756s][info][gc,heap        ] GC(1070) Humongous regions: 80->80
[4062.756s][info][gc,metaspace   ] GC(1070) Metaspace: 28904K(29312K)->28904K(29312K) NonClass: 24036K(24256K)->24036K(24256K) Class: 4868K(5056K)->4868K(5056K)
[4062.756s][info][gc             ] GC(1070) Pause Young (Mixed) (G1 Evacuation Pause) 3663M->1323M(4096M) 138.378ms
[4062.756s][info][gc,cpu         ] GC(1070) User=0.83s Sys=0.00s Real=0.14s
...[4065.186s][info][gc,start       ] GC(1071) Pause Young (Concurrent Start) (G1 Evacuation Pause)
[4065.186s][info][gc,task        ] GC(1071) Using 6 workers of 6 for evacuation
[4065.303s][info][gc,phases      ] GC(1071)   Pre Evacuate Collection Set: 0.37ms
[4065.303s][info][gc,phases      ] GC(1071)   Merge Heap Roots: 0.47ms
[4065.303s][info][gc,phases      ] GC(1071)   Evacuate Collection Set: 115.42ms
[4065.303s][info][gc,phases      ] GC(1071)   Post Evacuate Collection Set: 0.87ms
[4065.303s][info][gc,phases      ] GC(1071)   Other: 0.10ms
[4065.303s][info][gc,heap        ] GC(1071) Eden regions: 1119->0(1121)
[4065.303s][info][gc,heap        ] GC(1071) Survivor regions: 109->107(154)
[4065.303s][info][gc,heap        ] GC(1071) Old regions: 474->506
[4065.303s][info][gc,heap        ] GC(1071) Humongous regions: 80->80
[4065.303s][info][gc,metaspace   ] GC(1071) Metaspace: 28904K(29312K)->28904K(29312K) NonClass: 24036K(24256K)->24036K(24256K) Class: 4868K(5056K)->4868K(5056K)
[4065.303s][info][gc             ] GC(1071) Pause Young (Concurrent Start) (G1 Evacuation Pause) 3561M->1384M(4096M) 117.362ms
[4065.303s][info][gc             ] GC(1072) Concurrent Mark Cycle
[4065.303s][info][gc,marking     ] GC(1072) Concurrent Scan Root Regions
[4065.303s][info][gc,cpu         ] GC(1071) User=0.70s Sys=0.00s Real=0.11s
[4065.442s][info][gc,marking     ] GC(1072) Concurrent Scan Root Regions 138.602ms
[4065.442s][info][gc,marking     ] GC(1072) Concurrent Mark
[4065.442s][info][gc,marking     ] GC(1072) Concurrent Mark From Roots
[4065.442s][info][gc,task        ] GC(1072) Using 2 workers of 2 for marking
.[4066.161s][info][gc,marking     ] GC(1072) Concurrent Mark From Roots 719.225ms
[4066.161s][info][gc,marking     ] GC(1072) Concurrent Preclean
[4066.161s][info][gc,marking     ] GC(1072) Concurrent Preclean 0.128ms
[4066.161s][info][gc,start       ] GC(1072) Pause Remark
[4066.164s][info][gc             ] GC(1072) Pause Remark 2180M->2180M(4096M) 2.475ms
[4066.164s][info][gc,cpu         ] GC(1072) User=0.01s Sys=0.00s Real=0.00s
[4066.165s][info][gc,marking     ] GC(1072) Concurrent Mark 722.857ms
[4066.165s][info][gc,marking     ] GC(1072) Concurrent Rebuild Remembered Sets and Scrub Regions
[4066.531s][info][gc,marking     ] GC(1072) Concurrent Rebuild Remembered Sets and Scrub Regions 366.274ms
[4066.531s][info][gc,start       ] GC(1072) Pause Cleanup
[4066.531s][info][gc             ] GC(1072) Pause Cleanup 2507M->2507M(4096M) 0.106ms
[4066.531s][info][gc,cpu         ] GC(1072) User=0.00s Sys=0.00s Real=0.00s
[4066.531s][info][gc,marking     ] GC(1072) Concurrent Clear Claimed Marks
[4066.531s][info][gc,marking     ] GC(1072) Concurrent Clear Claimed Marks 0.030ms
[4066.531s][info][gc,marking     ] GC(1072) Concurrent Cleanup for Next Mark
[4066.536s][info][gc,marking     ] GC(1072) Concurrent Cleanup for Next Mark 5.101ms
[4066.536s][info][gc             ] GC(1072) Concurrent Mark Cycle 1233.466ms
.[4067.837s][info][gc,start       ] GC(1073) Pause Young (Prepare Mixed) (G1 Evacuation Pause)
[4067.837s][info][gc,task        ] GC(1073) Using 6 workers of 6 for evacuation
[4067.957s][info][gc,phases      ] GC(1073)   Pre Evacuate Collection Set: 0.30ms
[4067.957s][info][gc,phases      ] GC(1073)   Merge Heap Roots: 0.50ms
[4067.957s][info][gc,phases      ] GC(1073)   Evacuate Collection Set: 118.92ms
[4067.957s][info][gc,phases      ] GC(1073)   Post Evacuate Collection Set: 0.91ms
[4067.957s][info][gc,phases      ] GC(1073)   Other: 0.10ms
[4067.957s][info][gc,heap        ] GC(1073) Eden regions: 1121->0(1103)
[4067.957s][info][gc,heap        ] GC(1073) Survivor regions: 107->112(154)
[4067.957s][info][gc,heap        ] GC(1073) Old regions: 506->538
[4067.957s][info][gc,heap        ] GC(1073) Humongous regions: 80->80
[4067.957s][info][gc,metaspace   ] GC(1073) Metaspace: 28904K(29312K)->28904K(29312K) NonClass: 24036K(24256K)->24036K(24256K) Class: 4868K(5056K)->4868K(5056K)
[4067.957s][info][gc             ] GC(1073) Pause Young (Prepare Mixed) (G1 Evacuation Pause) 3626M->1456M(4096M) 120.870ms
[4067.958s][info][gc,cpu         ] GC(1073) User=0.72s Sys=0.00s Real=0.12s
.. (rIR:aIR:PR = 7195:7178:7178) (tPR = 106597) [OK] 
  4068s: Performance info:
         Transaction,    Success,    Partial,     Failed,   Receipts, AvgBarcode, 
             Overall,     436206,          0,          0,     414367,      59.47, 
         Response times:
             Request,    Success,    Partial,     Failed,   SkipFail,     Probes,    Samples,      min,      p50,      p90,      p95,      p99,      max, 
       TotalPurchase,     414367,          0,          0,          0,     362868,     398031,      200,     5900,    65000,   105000,   173000,   349000,
     InStorePurchase,     217564,          0,          0,          0,     190303,     208222,      300,     5900,    65000,   105000,   173000,   336000,
      OnlinePurchase,     153069,          0,          0,          0,     133840,     146959,      200,     6000,    66000,   106000,   175000,   349000,
        InstPurchase,      43734,          0,          0,          0,      38725,      42850,      300,     5500,    64000,   102000,   169000,   330000,
          AssocOfCat,        435,          0,          0,          0,        331,        432,    23000,    40000,   134700,   169350,   237050,   271000,
      AssocOfProduct,       4391,          0,          0,          0,       4096,       4744,      500,     6000,    64500,   106000,   175550,   237000,
      BusinessReport,       1096,          0,          0,          0,        956,       1166,    25000,    41000,   117900,   163650,   238330,   318000,
          CustBuyBeh,       4375,          0,          0,          0,       4118,       4754,      300,     6300,    69000,   106000,   182000,   336000,
       ProductReturn,      11542,          0,          0,          0,       9745,      10949,      200,     6300,    65000,   106000,   178000,   277000,

  4068s: (53%)   IR =   7334 .[4070.388s][info][gc,start       ] GC(1074) Pause Young (Mixed) (G1 Evacuation Pause)
[4070.388s][info][gc,task        ] GC(1074) Using 6 workers of 6 for evacuation
[4070.527s][info][gc,phases      ] GC(1074)   Pre Evacuate Collection Set: 0.33ms
[4070.527s][info][gc,phases      ] GC(1074)   Merge Heap Roots: 0.73ms
[4070.527s][info][gc,phases      ] GC(1074)   Evacuate Collection Set: 136.55ms
[4070.527s][info][gc,phases      ] GC(1074)   Post Evacuate Collection Set: 1.00ms
[4070.527s][info][gc,phases      ] GC(1074)   Other: 0.09ms
[4070.527s][info][gc,heap        ] GC(1074) Eden regions: 1103->0(1118)
[4070.527s][info][gc,heap        ] GC(1074) Survivor regions: 112->110(152)
[4070.527s][info][gc,heap        ] GC(1074) Old regions: 538->476
[4070.527s][info][gc,heap        ] GC(1074) Humongous regions: 80->80
[4070.527s][info][gc,metaspace   ] GC(1074) Metaspace: 28905K(29312K)->28905K(29312K) NonClass: 24036K(24256K)->24036K(24256K) Class: 4868K(5056K)->4868K(5056K)
[4070.527s][info][gc             ] GC(1074) Pause Young (Mixed) (G1 Evacuation Pause) 3662M->1329M(4096M) 138.824ms
[4070.527s][info][gc,cpu         ] GC(1074) User=0.82s Sys=0.00s Real=0.14s
..[4072.999s][info][gc,start       ] GC(1075) Pause Young (Concurrent Start) (G1 Evacuation Pause)
[4072.999s][info][gc,task        ] GC(1075) Using 6 workers of 6 for evacuation
[4073.121s][info][gc,phases      ] GC(1075)   Pre Evacuate Collection Set: 0.35ms
[4073.121s][info][gc,phases      ] GC(1075)   Merge Heap Roots: 0.48ms
[4073.121s][info][gc,phases      ] GC(1075)   Evacuate Collection Set: 119.83ms
[4073.121s][info][gc,phases      ] GC(1075)   Post Evacuate Collection Set: 0.90ms
[4073.121s][info][gc,phases      ] GC(1075)   Other: 0.11ms
[4073.121s][info][gc,heap        ] GC(1075) Eden regions: 1118->0(1117)
[4073.121s][info][gc,heap        ] GC(1075) Survivor regions: 110->111(154)
[4073.121s][info][gc,heap        ] GC(1075) Old regions: 476->509
[4073.121s][info][gc,heap        ] GC(1075) Humongous regions: 80->80
[4073.121s][info][gc,metaspace   ] GC(1075) Metaspace: 28905K(29312K)->28905K(29312K) NonClass: 24036K(24256K)->24036K(24256K) Class: 4868K(5056K)->4868K(5056K)
[4073.121s][info][gc             ] GC(1075) Pause Young (Concurrent Start) (G1 Evacuation Pause) 3565M->1398M(4096M) 121.841ms
[4073.121s][info][gc             ] GC(1076) Concurrent Mark Cycle
[4073.121s][info][gc,marking     ] GC(1076) Concurrent Scan Root Regions
[4073.121s][info][gc,cpu         ] GC(1075) User=0.72s Sys=0.00s Real=0.12s
.[4073.292s][info][gc,marking     ] GC(1076) Concurrent Scan Root Regions 171.434ms
[4073.292s][info][gc,marking     ] GC(1076) Concurrent Mark
[4073.292s][info][gc,marking     ] GC(1076) Concurrent Mark From Roots
[4073.292s][info][gc,task        ] GC(1076) Using 2 workers of 2 for marking
.[4074.271s][info][gc,marking     ] GC(1076) Concurrent Mark From Roots 978.695ms
[4074.271s][info][gc,marking     ] GC(1076) Concurrent Preclean
[4074.271s][info][gc,marking     ] GC(1076) Concurrent Preclean 0.133ms
[4074.273s][info][gc,start       ] GC(1076) Pause Remark
[4074.277s][info][gc             ] GC(1076) Pause Remark 2520M->2520M(4096M) 4.019ms
[4074.277s][info][gc,cpu         ] GC(1076) User=0.03s Sys=0.00s Real=0.01s
[4074.277s][info][gc,marking     ] GC(1076) Concurrent Mark 984.449ms
[4074.277s][info][gc,marking     ] GC(1076) Concurrent Rebuild Remembered Sets and Scrub Regions
[4074.642s][info][gc,marking     ] GC(1076) Concurrent Rebuild Remembered Sets and Scrub Regions 365.267ms
[4074.642s][info][gc,start       ] GC(1076) Pause Cleanup
[4074.642s][info][gc             ] GC(1076) Pause Cleanup 2828M->2828M(4096M) 0.118ms
[4074.642s][info][gc,cpu         ] GC(1076) User=0.00s Sys=0.00s Real=0.00s
[4074.642s][info][gc,marking     ] GC(1076) Concurrent Clear Claimed Marks
[4074.643s][info][gc,marking     ] GC(1076) Concurrent Clear Claimed Marks 0.026ms
[4074.643s][info][gc,marking     ] GC(1076) Concurrent Cleanup for Next Mark
[4074.647s][info][gc,marking     ] GC(1076) Concurrent Cleanup for Next Mark 4.676ms
[4074.647s][info][gc             ] GC(1076) Concurrent Mark Cycle 1526.388ms
.[4075.534s][info][gc,start       ] GC(1077) Pause Young (Prepare Mixed) (G1 Evacuation Pause)
[4075.534s][info][gc,task        ] GC(1077) Using 6 workers of 6 for evacuation
[4075.655s][info][gc,phases      ] GC(1077)   Pre Evacuate Collection Set: 0.30ms
[4075.655s][info][gc,phases      ] GC(1077)   Merge Heap Roots: 0.49ms
[4075.655s][info][gc,phases      ] GC(1077)   Evacuate Collection Set: 119.43ms
[4075.655s][info][gc,phases      ] GC(1077)   Post Evacuate Collection Set: 0.90ms
[4075.655s][info][gc,phases      ] GC(1077)   Other: 0.09ms
[4075.655s][info][gc,heap        ] GC(1077) Eden regions: 1117->0(1098)
[4075.655s][info][gc,heap        ] GC(1077) Survivor regions: 111->114(154)
[4075.655s][info][gc,heap        ] GC(1077) Old regions: 509->539
[4075.655s][info][gc,heap        ] GC(1077) Humongous regions: 80->80
[4075.655s][info][gc,metaspace   ] GC(1077) Metaspace: 28905K(29312K)->28905K(29312K) NonClass: 24036K(24256K)->24036K(24256K) Class: 4868K(5056K)->4868K(5056K)
[4075.655s][info][gc             ] GC(1077) Pause Young (Prepare Mixed) (G1 Evacuation Pause) 3632M->1464M(4096M) 121.336ms
[4075.655s][info][gc,cpu         ] GC(1077) User=0.72s Sys=0.00s Real=0.13s
.|.[4077.983s][info][gc,start       ] GC(1078) Pause Young (Mixed) (G1 Evacuation Pause)
[4077.983s][info][gc,task        ] GC(1078) Using 6 workers of 6 for evacuation
[4078.122s][info][gc,phases      ] GC(1078)   Pre Evacuate Collection Set: 0.38ms
[4078.122s][info][gc,phases      ] GC(1078)   Merge Heap Roots: 0.71ms
[4078.122s][info][gc,phases      ] GC(1078)   Evacuate Collection Set: 137.11ms
[4078.122s][info][gc,phases      ] GC(1078)   Post Evacuate Collection Set: 0.94ms
[4078.122s][info][gc,phases      ] GC(1078)   Other: 0.09ms
[4078.122s][info][gc,heap        ] GC(1078) Eden regions: 1098->0(1115)
[4078.122s][info][gc,heap        ] GC(1078) Survivor regions: 114->113(152)
[4078.122s][info][gc,heap        ] GC(1078) Old regions: 539->474
[4078.122s][info][gc,heap        ] GC(1078) Humongous regions: 80->80
[4078.122s][info][gc,metaspace   ] GC(1078) Metaspace: 28905K(29312K)->28905K(29312K) NonClass: 24036K(24256K)->24036K(24256K) Class: 4868K(5056K)->4868K(5056K)
[4078.122s][info][gc             ] GC(1078) Pause Young (Mixed) (G1 Evacuation Pause) 3660M->1332M(4096M) 139.390ms
[4078.122s][info][gc,cpu         ] GC(1078) User=0.83s Sys=0.00s Real=0.14s
...[4080.530s][info][gc,start       ] GC(1079) Pause Young (Concurrent Start) (G1 Evacuation Pause)
[4080.530s][info][gc,task        ] GC(1079) Using 6 workers of 6 for evacuation
[4080.651s][info][gc,phases      ] GC(1079)   Pre Evacuate Collection Set: 0.35ms
[4080.651s][info][gc,phases      ] GC(1079)   Merge Heap Roots: 0.45ms
[4080.651s][info][gc,phases      ] GC(1079)   Evacuate Collection Set: 119.58ms
[4080.651s][info][gc,phases      ] GC(1079)   Post Evacuate Collection Set: 0.87ms
[4080.651s][info][gc,phases      ] GC(1079)   Other: 0.10ms
[4080.652s][info][gc,heap        ] GC(1079) Eden regions: 1115->0(1117)
[4080.652s][info][gc,heap        ] GC(1079) Survivor regions: 113->111(154)
[4080.652s][info][gc,heap        ] GC(1079) Old regions: 474->507
[4080.652s][info][gc,heap        ] GC(1079) Humongous regions: 80->80
[4080.652s][info][gc,metaspace   ] GC(1079) Metaspace: 28905K(29312K)->28905K(29312K) NonClass: 24036K(24256K)->24036K(24256K) Class: 4868K(5056K)->4868K(5056K)
[4080.652s][info][gc             ] GC(1079) Pause Young (Concurrent Start) (G1 Evacuation Pause) 3562M->1393M(4096M) 121.469ms
[4080.652s][info][gc             ] GC(1080) Concurrent Mark Cycle
[4080.652s][info][gc,marking     ] GC(1080) Concurrent Scan Root Regions
[4080.652s][info][gc,cpu         ] GC(1079) User=0.72s Sys=0.00s Real=0.12s
[4080.826s][info][gc,marking     ] GC(1080) Concurrent Scan Root Regions 174.656ms
[4080.826s][info][gc,marking     ] GC(1080) Concurrent Mark
[4080.826s][info][gc,marking     ] GC(1080) Concurrent Mark From Roots
[4080.826s][info][gc,task        ] GC(1080) Using 2 workers of 2 for marking
.[4081.872s][info][gc,marking     ] GC(1080) Concurrent Mark From Roots 1045.436ms
[4081.872s][info][gc,marking     ] GC(1080) Concurrent Preclean
[4081.872s][info][gc,marking     ] GC(1080) Concurrent Preclean 0.134ms
[4081.875s][info][gc,start       ] GC(1080) Pause Remark
[4081.878s][info][gc             ] GC(1080) Pause Remark 2539M->2539M(4096M) 2.942ms
[4081.878s][info][gc,cpu         ] GC(1080) User=0.01s Sys=0.01s Real=0.00s
[4081.878s][info][gc,marking     ] GC(1080) Concurrent Mark 1052.141ms
[4081.878s][info][gc,marking     ] GC(1080) Concurrent Rebuild Remembered Sets and Scrub Regions
[4082.244s][info][gc,marking     ] GC(1080) Concurrent Rebuild Remembered Sets and Scrub Regions 365.061ms
[4082.244s][info][gc,start       ] GC(1080) Pause Cleanup
[4082.244s][info][gc             ] GC(1080) Pause Cleanup 2825M->2825M(4096M) 0.117ms
[4082.244s][info][gc,cpu         ] GC(1080) User=0.00s Sys=0.00s Real=0.00s
[4082.244s][info][gc,marking     ] GC(1080) Concurrent Clear Claimed Marks
[4082.244s][info][gc,marking     ] GC(1080) Concurrent Clear Claimed Marks 0.031ms
[4082.244s][info][gc,marking     ] GC(1080) Concurrent Cleanup for Next Mark
[4082.251s][info][gc,marking     ] GC(1080) Concurrent Cleanup for Next Mark 6.021ms
[4082.251s][info][gc             ] GC(1080) Concurrent Mark Cycle 1599.026ms
.[4083.141s][info][gc,start       ] GC(1081) Pause Young (Prepare Mixed) (G1 Evacuation Pause)
[4083.141s][info][gc,task        ] GC(1081) Using 6 workers of 6 for evacuation
[4083.256s][info][gc,phases      ] GC(1081)   Pre Evacuate Collection Set: 0.38ms
[4083.256s][info][gc,phases      ] GC(1081)   Merge Heap Roots: 0.59ms
[4083.256s][info][gc,phases      ] GC(1081)   Evacuate Collection Set: 112.45ms
[4083.256s][info][gc,phases      ] GC(1081)   Post Evacuate Collection Set: 0.93ms
[4083.256s][info][gc,phases      ] GC(1081)   Other: 0.85ms
[4083.256s][info][gc,heap        ] GC(1081) Eden regions: 1117->0(1113)
[4083.256s][info][gc,heap        ] GC(1081) Survivor regions: 111->107(154)
[4083.256s][info][gc,heap        ] GC(1081) Old regions: 507->538
[4083.256s][info][gc,heap        ] GC(1081) Humongous regions: 80->80
[4083.256s][info][gc,metaspace   ] GC(1081) Metaspace: 28905K(29312K)->28905K(29312K) NonClass: 24036K(24256K)->24036K(24256K) Class: 4868K(5056K)->4868K(5056K)
[4083.256s][info][gc             ] GC(1081) Pause Young (Prepare Mixed) (G1 Evacuation Pause) 3627M->1447M(4096M) 115.345ms
[4083.256s][info][gc,cpu         ] GC(1081) User=0.68s Sys=0.00s Real=0.12s
...[4085.715s][info][gc,start       ] GC(1082) Pause Young (Mixed) (G1 Evacuation Pause)
[4085.715s][info][gc,task        ] GC(1082) Using 6 workers of 6 for evacuation
[4085.849s][info][gc,phases      ] GC(1082)   Pre Evacuate Collection Set: 0.35ms
[4085.849s][info][gc,phases      ] GC(1082)   Merge Heap Roots: 0.68ms
[4085.849s][info][gc,phases      ] GC(1082)   Evacuate Collection Set: 131.54ms
[4085.849s][info][gc,phases      ] GC(1082)   Post Evacuate Collection Set: 0.90ms
[4085.849s][info][gc,phases      ] GC(1082)   Other: 0.09ms
[4085.849s][info][gc,heap        ] GC(1082) Eden regions: 1113->0(1118)
[4085.849s][info][gc,heap        ] GC(1082) Survivor regions: 107->110(153)
[4085.849s][info][gc,heap        ] GC(1082) Old regions: 538->474
[4085.849s][info][gc,heap        ] GC(1082) Humongous regions: 80->80
[4085.849s][info][gc,metaspace   ] GC(1082) Metaspace: 28905K(29312K)->28905K(29312K) NonClass: 24036K(24256K)->24036K(24256K) Class: 4868K(5056K)->4868K(5056K)
[4085.849s][info][gc             ] GC(1082) Pause Young (Mixed) (G1 Evacuation Pause) 3673M->1325M(4096M) 133.688ms
[4085.849s][info][gc,cpu         ] GC(1082) User=0.79s Sys=0.00s Real=0.13s
..[4088.218s][info][gc,start       ] GC(1083) Pause Young (Concurrent Start) (G1 Evacuation Pause)
[4088.218s][info][gc,task        ] GC(1083) Using 6 workers of 6 for evacuation
[4088.335s][info][gc,phases      ] GC(1083)   Pre Evacuate Collection Set: 0.37ms
[4088.335s][info][gc,phases      ] GC(1083)   Merge Heap Roots: 0.47ms
[4088.335s][info][gc,phases      ] GC(1083)   Evacuate Collection Set: 114.85ms
[4088.335s][info][gc,phases      ] GC(1083)   Post Evacuate Collection Set: 0.86ms
[4088.335s][info][gc,phases      ] GC(1083)   Other: 0.11ms
[4088.335s][info][gc,heap        ] GC(1083) Eden regions: 1118->0(1118)
[4088.335s][info][gc,heap        ] GC(1083) Survivor regions: 110->110(154)
[4088.335s][info][gc,heap        ] GC(1083) Old regions: 474->506
[4088.335s][info][gc,heap        ] GC(1083) Humongous regions: 80->80
[4088.335s][info][gc,metaspace   ] GC(1083) Metaspace: 28905K(29312K)->28905K(29312K) NonClass: 24036K(24256K)->24036K(24256K) Class: 4868K(5056K)->4868K(5056K)
[4088.335s][info][gc             ] GC(1083) Pause Young (Concurrent Start) (G1 Evacuation Pause) 3561M->1389M(4096M) 116.784ms
[4088.335s][info][gc             ] GC(1084) Concurrent Mark Cycle
[4088.335s][info][gc,marking     ] GC(1084) Concurrent Scan Root Regions
[4088.335s][info][gc,cpu         ] GC(1083) User=0.70s Sys=0.00s Real=0.12s
.[4088.512s][info][gc,marking     ] GC(1084) Concurrent Scan Root Regions 176.931ms
[4088.512s][info][gc,marking     ] GC(1084) Concurrent Mark
[4088.512s][info][gc,marking     ] GC(1084) Concurrent Mark From Roots
[4088.512s][info][gc,task        ] GC(1084) Using 2 workers of 2 for marking
.[4089.449s][info][gc,marking     ] GC(1084) Concurrent Mark From Roots 937.185ms
[4089.449s][info][gc,marking     ] GC(1084) Concurrent Preclean
[4089.449s][info][gc,marking     ] GC(1084) Concurrent Preclean 0.155ms
[4089.450s][info][gc,start       ] GC(1084) Pause Remark
[4089.453s][info][gc             ] GC(1084) Pause Remark 2406M->2406M(4096M) 3.546ms
[4089.453s][info][gc,cpu         ] GC(1084) User=0.02s Sys=0.00s Real=0.00s
[4089.453s][info][gc,marking     ] GC(1084) Concurrent Mark 941.265ms
[4089.453s][info][gc,marking     ] GC(1084) Concurrent Rebuild Remembered Sets and Scrub Regions
[4089.833s][info][gc,marking     ] GC(1084) Concurrent Rebuild Remembered Sets and Scrub Regions 379.983ms
[4089.833s][info][gc,start       ] GC(1084) Pause Cleanup
[4089.834s][info][gc             ] GC(1084) Pause Cleanup 2762M->2762M(4096M) 0.116ms
[4089.834s][info][gc,cpu         ] GC(1084) User=0.00s Sys=0.00s Real=0.00s
[4089.834s][info][gc,marking     ] GC(1084) Concurrent Clear Claimed Marks
[4089.834s][info][gc,marking     ] GC(1084) Concurrent Clear Claimed Marks 0.040ms
[4089.834s][info][gc,marking     ] GC(1084) Concurrent Cleanup for Next Mark
[4089.838s][info][gc,marking     ] GC(1084) Concurrent Cleanup for Next Mark 3.564ms
[4089.838s][info][gc             ] GC(1084) Concurrent Mark Cycle 1502.667ms
.[4090.791s][info][gc,start       ] GC(1085) Pause Young (Prepare Mixed) (G1 Evacuation Pause)
[4090.791s][info][gc,task        ] GC(1085) Using 6 workers of 6 for evacuation
[4090.910s][info][gc,phases      ] GC(1085)   Pre Evacuate Collection Set: 0.35ms
[4090.910s][info][gc,phases      ] GC(1085)   Merge Heap Roots: 0.56ms
[4090.910s][info][gc,phases      ] GC(1085)   Evacuate Collection Set: 116.48ms
[4090.910s][info][gc,phases      ] GC(1085)   Post Evacuate Collection Set: 0.92ms
[4090.910s][info][gc,phases      ] GC(1085)   Other: 0.08ms
[4090.910s][info][gc,heap        ] GC(1085) Eden regions: 1118->0(1105)
[4090.910s][info][gc,heap        ] GC(1085) Survivor regions: 110->111(154)
[4090.910s][info][gc,heap        ] GC(1085) Old regions: 506->538
[4090.910s][info][gc,heap        ] GC(1085) Humongous regions: 80->80
[4090.910s][info][gc,metaspace   ] GC(1085) Metaspace: 28905K(29312K)->28905K(29312K) NonClass: 24036K(24256K)->24036K(24256K) Class: 4868K(5056K)->4868K(5056K)
[4090.910s][info][gc             ] GC(1085) Pause Young (Prepare Mixed) (G1 Evacuation Pause) 3625M->1455M(4096M) 118.515ms
[4090.910s][info][gc,cpu         ] GC(1085) User=0.71s Sys=0.00s Real=0.12s
..[4093.303s][info][gc,start       ] GC(1086) Pause Young (Mixed) (G1 Evacuation Pause)
[4093.303s][info][gc,task        ] GC(1086) Using 6 workers of 6 for evacuation
[4093.437s][info][gc,phases      ] GC(1086)   Pre Evacuate Collection Set: 0.34ms
[4093.437s][info][gc,phases      ] GC(1086)   Merge Heap Roots: 0.71ms
[4093.437s][info][gc,phases      ] GC(1086)   Evacuate Collection Set: 131.60ms
[4093.437s][info][gc,phases      ] GC(1086)   Post Evacuate Collection Set: 1.05ms
[4093.437s][info][gc,phases      ] GC(1086)   Other: 0.10ms
[4093.437s][info][gc,heap        ] GC(1086) Eden regions: 1105->0(1118)
[4093.437s][info][gc,heap        ] GC(1086) Survivor regions: 111->110(152)
[4093.437s][info][gc,heap        ] GC(1086) Old regions: 538->474
[4093.437s][info][gc,heap        ] GC(1086) Humongous regions: 80->80
[4093.437s][info][gc,metaspace   ] GC(1086) Metaspace: 28905K(29312K)->28905K(29312K) NonClass: 24036K(24256K)->24036K(24256K) Class: 4868K(5056K)->4868K(5056K)
[4093.437s][info][gc             ] GC(1086) Pause Young (Mixed) (G1 Evacuation Pause) 3665M->1325M(4096M) 133.920ms
[4093.437s][info][gc,cpu         ] GC(1086) User=0.80s Sys=0.00s Real=0.14s
...[4095.856s][info][gc,start       ] GC(1087) Pause Young (Concurrent Start) (G1 Evacuation Pause)
[4095.856s][info][gc,task        ] GC(1087) Using 6 workers of 6 for evacuation
[4095.974s][info][gc,phases      ] GC(1087)   Pre Evacuate Collection Set: 0.40ms
[4095.974s][info][gc,phases      ] GC(1087)   Merge Heap Roots: 0.47ms
[4095.974s][info][gc,phases      ] GC(1087)   Evacuate Collection Set: 116.78ms
[4095.974s][info][gc,phases      ] GC(1087)   Post Evacuate Collection Set: 0.89ms
[4095.974s][info][gc,phases      ] GC(1087)   Other: 0.13ms
[4095.974s][info][gc,heap        ] GC(1087) Eden regions: 1118->0(1117)
[4095.974s][info][gc,heap        ] GC(1087) Survivor regions: 110->111(154)
[4095.974s][info][gc,heap        ] GC(1087) Old regions: 474->505
[4095.974s][info][gc,heap        ] GC(1087) Humongous regions: 80->80
[4095.974s][info][gc,metaspace   ] GC(1087) Metaspace: 28905K(29312K)->28905K(29312K) NonClass: 24036K(24256K)->24036K(24256K) Class: 4868K(5056K)->4868K(5056K)
[4095.975s][info][gc             ] GC(1087) Pause Young (Concurrent Start) (G1 Evacuation Pause) 3561M->1389M(4096M) 118.808ms
[4095.975s][info][gc             ] GC(1088) Concurrent Mark Cycle
[4095.975s][info][gc,marking     ] GC(1088) Concurrent Scan Root Regions
[4095.975s][info][gc,cpu         ] GC(1087) User=0.71s Sys=0.01s Real=0.11s
[4096.144s][info][gc,marking     ] GC(1088) Concurrent Scan Root Regions 169.379ms
[4096.144s][info][gc,marking     ] GC(1088) Concurrent Mark
[4096.144s][info][gc,marking     ] GC(1088) Concurrent Mark From Roots
[4096.144s][info][gc,task        ] GC(1088) Using 2 workers of 2 for marking
.[4097.132s][info][gc,marking     ] GC(1088) Concurrent Mark From Roots 987.670ms
[4097.132s][info][gc,marking     ] GC(1088) Concurrent Preclean
[4097.132s][info][gc,marking     ] GC(1088) Concurrent Preclean 0.122ms
[4097.132s][info][gc,start       ] GC(1088) Pause Remark
[4097.136s][info][gc             ] GC(1088) Pause Remark 2489M->2489M(4096M) 3.943ms
[4097.136s][info][gc,cpu         ] GC(1088) User=0.02s Sys=0.00s Real=0.01s
[4097.137s][info][gc,marking     ] GC(1088) Concurrent Mark 992.577ms
[4097.137s][info][gc,marking     ] GC(1088) Concurrent Rebuild Remembered Sets and Scrub Regions
.[4097.491s][info][gc,marking     ] GC(1088) Concurrent Rebuild Remembered Sets and Scrub Regions 354.577ms
[4097.492s][info][gc,start       ] GC(1088) Pause Cleanup
[4097.492s][info][gc             ] GC(1088) Pause Cleanup 2801M->2801M(4096M) 0.120ms
[4097.492s][info][gc,cpu         ] GC(1088) User=0.00s Sys=0.00s Real=0.00s
[4097.492s][info][gc,marking     ] GC(1088) Concurrent Clear Claimed Marks
[4097.492s][info][gc,marking     ] GC(1088) Concurrent Clear Claimed Marks 0.031ms
[4097.492s][info][gc,marking     ] GC(1088) Concurrent Cleanup for Next Mark
[4097.496s][info][gc,marking     ] GC(1088) Concurrent Cleanup for Next Mark 4.263ms
[4097.497s][info][gc             ] GC(1088) Concurrent Mark Cycle 1521.977ms
[4098.360s][info][gc,start       ] GC(1089) Pause Young (Prepare Mixed) (G1 Evacuation Pause)
[4098.360s][info][gc,task        ] GC(1089) Using 6 workers of 6 for evacuation
[4098.478s][info][gc,phases      ] GC(1089)   Pre Evacuate Collection Set: 0.34ms
[4098.478s][info][gc,phases      ] GC(1089)   Merge Heap Roots: 0.55ms
[4098.478s][info][gc,phases      ] GC(1089)   Evacuate Collection Set: 115.03ms
[4098.478s][info][gc,phases      ] GC(1089)   Post Evacuate Collection Set: 0.91ms
[4098.478s][info][gc,phases      ] GC(1089)   Other: 0.82ms
[4098.478s][info][gc,heap        ] GC(1089) Eden regions: 1117->0(1108)
[4098.478s][info][gc,heap        ] GC(1089) Survivor regions: 111->110(154)
[4098.478s][info][gc,heap        ] GC(1089) Old regions: 505->537
[4098.478s][info][gc,heap        ] GC(1089) Humongous regions: 80->80
[4098.478s][info][gc,metaspace   ] GC(1089) Metaspace: 28905K(29312K)->28905K(29312K) NonClass: 24036K(24256K)->24036K(24256K) Class: 4868K(5056K)->4868K(5056K)
[4098.478s][info][gc             ] GC(1089) Pause Young (Prepare Mixed) (G1 Evacuation Pause) 3623M->1451M(4096M) 117.802ms
[4098.478s][info][gc,cpu         ] GC(1089) User=0.69s Sys=0.00s Real=0.12s
...[4100.911s][info][gc,start       ] GC(1090) Pause Young (Mixed) (G1 Evacuation Pause)
[4100.911s][info][gc,task        ] GC(1090) Using 6 workers of 6 for evacuation
[4101.045s][info][gc,phases      ] GC(1090)   Pre Evacuate Collection Set: 0.40ms
[4101.045s][info][gc,phases      ] GC(1090)   Merge Heap Roots: 0.73ms
[4101.045s][info][gc,phases      ] GC(1090)   Evacuate Collection Set: 131.70ms
[4101.045s][info][gc,phases      ] GC(1090)   Post Evacuate Collection Set: 0.96ms
[4101.045s][info][gc,phases      ] GC(1090)   Other: 0.09ms
[4101.045s][info][gc,heap        ] GC(1090) Eden regions: 1108->0(1118)
[4101.045s][info][gc,heap        ] GC(1090) Survivor regions: 110->110(153)
[4101.045s][info][gc,heap        ] GC(1090) Old regions: 537->474
[4101.045s][info][gc,heap        ] GC(1090) Humongous regions: 80->80
[4101.045s][info][gc,metaspace   ] GC(1090) Metaspace: 28905K(29312K)->28905K(29312K) NonClass: 24036K(24256K)->24036K(24256K) Class: 4868K(5056K)->4868K(5056K)
[4101.045s][info][gc             ] GC(1090) Pause Young (Mixed) (G1 Evacuation Pause) 3667M->1325M(4096M) 134.036ms
[4101.045s][info][gc,cpu         ] GC(1090) User=0.80s Sys=0.00s Real=0.14s
...[4103.501s][info][gc,start       ] GC(1091) Pause Young (Concurrent Start) (G1 Evacuation Pause)
[4103.501s][info][gc,task        ] GC(1091) Using 6 workers of 6 for evacuation
[4103.620s][info][gc,phases      ] GC(1091)   Pre Evacuate Collection Set: 0.38ms
[4103.620s][info][gc,phases      ] GC(1091)   Merge Heap Roots: 0.45ms
[4103.620s][info][gc,phases      ] GC(1091)   Evacuate Collection Set: 117.18ms
[4103.620s][info][gc,phases      ] GC(1091)   Post Evacuate Collection Set: 0.88ms
[4103.620s][info][gc,phases      ] GC(1091)   Other: 0.10ms
[4103.620s][info][gc,heap        ] GC(1091) Eden regions: 1118->0(1117)
[4103.620s][info][gc,heap        ] GC(1091) Survivor regions: 110->111(154)
[4103.620s][info][gc,heap        ] GC(1091) Old regions: 474->506
[4103.620s][info][gc,heap        ] GC(1091) Humongous regions: 80->80
[4103.620s][info][gc,metaspace   ] GC(1091) Metaspace: 28905K(29312K)->28905K(29312K) NonClass: 24036K(24256K)->24036K(24256K) Class: 4868K(5056K)->4868K(5056K)
[4103.620s][info][gc             ] GC(1091) Pause Young (Concurrent Start) (G1 Evacuation Pause) 3561M->1392M(4096M) 119.118ms
[4103.621s][info][gc             ] GC(1092) Concurrent Mark Cycle
[4103.621s][info][gc,marking     ] GC(1092) Concurrent Scan Root Regions
[4103.621s][info][gc,cpu         ] GC(1091) User=0.71s Sys=0.00s Real=0.12s
[4103.797s][info][gc,marking     ] GC(1092) Concurrent Scan Root Regions 176.938ms
[4103.798s][info][gc,marking     ] GC(1092) Concurrent Mark
[4103.798s][info][gc,marking     ] GC(1092) Concurrent Mark From Roots
[4103.798s][info][gc,task        ] GC(1092) Using 2 workers of 2 for marking
.[4104.886s][info][gc,marking     ] GC(1092) Concurrent Mark From Roots 1088.559ms
[4104.886s][info][gc,marking     ] GC(1092) Concurrent Preclean
[4104.886s][info][gc,marking     ] GC(1092) Concurrent Preclean 0.127ms
[4104.887s][info][gc,start       ] GC(1092) Pause Remark
[4104.891s][info][gc             ] GC(1092) Pause Remark 2604M->2604M(4096M) 3.847ms
[4104.891s][info][gc,cpu         ] GC(1092) User=0.02s Sys=0.00s Real=0.00s
[4104.891s][info][gc,marking     ] GC(1092) Concurrent Mark 1093.562ms
[4104.891s][info][gc,marking     ] GC(1092) Concurrent Rebuild Remembered Sets and Scrub Regions
[4105.166s][info][gc,marking     ] GC(1092) Concurrent Rebuild Remembered Sets and Scrub Regions 275.306ms
[4105.167s][info][gc,start       ] GC(1092) Pause Cleanup
[4105.167s][info][gc             ] GC(1092) Pause Cleanup 2873M->2873M(4096M) 0.108ms
[4105.167s][info][gc,cpu         ] GC(1092) User=0.00s Sys=0.00s Real=0.00s
[4105.167s][info][gc,marking     ] GC(1092) Concurrent Clear Claimed Marks
[4105.167s][info][gc,marking     ] GC(1092) Concurrent Clear Claimed Marks 0.023ms
[4105.167s][info][gc,marking     ] GC(1092) Concurrent Cleanup for Next Mark
[4105.174s][info][gc,marking     ] GC(1092) Concurrent Cleanup for Next Mark 7.730ms
[4105.175s][info][gc             ] GC(1092) Concurrent Mark Cycle 1553.995ms
.[4106.040s][info][gc,start       ] GC(1093) Pause Young (Prepare Mixed) (G1 Evacuation Pause)
[4106.040s][info][gc,task        ] GC(1093) Using 6 workers of 6 for evacuation
[4106.157s][info][gc,phases      ] GC(1093)   Pre Evacuate Collection Set: 0.33ms
[4106.157s][info][gc,phases      ] GC(1093)   Merge Heap Roots: 0.54ms
[4106.157s][info][gc,phases      ] GC(1093)   Evacuate Collection Set: 115.15ms
[4106.157s][info][gc,phases      ] GC(1093)   Post Evacuate Collection Set: 0.96ms
[4106.157s][info][gc,phases      ] GC(1093)   Other: 0.09ms
[4106.157s][info][gc,heap        ] GC(1093) Eden regions: 1117->0(1108)
[4106.157s][info][gc,heap        ] GC(1093) Survivor regions: 111->110(154)
[4106.157s][info][gc,heap        ] GC(1093) Old regions: 506->537
[4106.157s][info][gc,heap        ] GC(1093) Humongous regions: 80->80
[4106.157s][info][gc,metaspace   ] GC(1093) Metaspace: 28905K(29312K)->28905K(29312K) NonClass: 24036K(24256K)->24036K(24256K) Class: 4868K(5056K)->4868K(5056K)
[4106.157s][info][gc             ] GC(1093) Pause Young (Prepare Mixed) (G1 Evacuation Pause) 3626M->1450M(4096M) 117.210ms
[4106.157s][info][gc,cpu         ] GC(1093) User=0.70s Sys=0.00s Real=0.12s
..[4108.561s][info][gc,start       ] GC(1094) Pause Young (Mixed) (G1 Evacuation Pause)
[4108.561s][info][gc,task        ] GC(1094) Using 6 workers of 6 for evacuation
[4108.698s][info][gc,phases      ] GC(1094)   Pre Evacuate Collection Set: 0.38ms
[4108.698s][info][gc,phases      ] GC(1094)   Merge Heap Roots: 0.77ms
[4108.698s][info][gc,phases      ] GC(1094)   Evacuate Collection Set: 134.50ms
[4108.698s][info][gc,phases      ] GC(1094)   Post Evacuate Collection Set: 0.92ms
[4108.698s][info][gc,phases      ] GC(1094)   Other: 0.83ms
[4108.698s][info][gc,heap        ] GC(1094) Eden regions: 1108->0(1118)
[4108.698s][info][gc,heap        ] GC(1094) Survivor regions: 110->110(153)
[4108.698s][info][gc,heap        ] GC(1094) Old regions: 537->473
[4108.698s][info][gc,heap        ] GC(1094) Humongous regions: 80->80
[4108.698s][info][gc,metaspace   ] GC(1094) Metaspace: 28905K(29312K)->28905K(29312K) NonClass: 24036K(24256K)->24036K(24256K) Class: 4868K(5056K)->4868K(5056K)
[4108.698s][info][gc             ] GC(1094) Pause Young (Mixed) (G1 Evacuation Pause) 3666M->1324M(4096M) 137.534ms
[4108.698s][info][gc,cpu         ] GC(1094) User=0.82s Sys=0.00s Real=0.14s
...[4111.117s][info][gc,start       ] GC(1095) Pause Young (Concurrent Start) (G1 Evacuation Pause)
[4111.117s][info][gc,task        ] GC(1095) Using 6 workers of 6 for evacuation
[4111.236s][info][gc,phases      ] GC(1095)   Pre Evacuate Collection Set: 0.35ms
[4111.236s][info][gc,phases      ] GC(1095)   Merge Heap Roots: 0.47ms
[4111.236s][info][gc,phases      ] GC(1095)   Evacuate Collection Set: 117.30ms
[4111.236s][info][gc,phases      ] GC(1095)   Post Evacuate Collection Set: 0.89ms
[4111.236s][info][gc,phases      ] GC(1095)   Other: 0.13ms
[4111.236s][info][gc,heap        ] GC(1095) Eden regions: 1118->0(1117)
[4111.236s][info][gc,heap        ] GC(1095) Survivor regions: 110->111(154)
[4111.236s][info][gc,heap        ] GC(1095) Old regions: 473->505
[4111.236s][info][gc,heap        ] GC(1095) Humongous regions: 80->80
[4111.236s][info][gc,metaspace   ] GC(1095) Metaspace: 28905K(29312K)->28905K(29312K) NonClass: 24036K(24256K)->24036K(24256K) Class: 4868K(5056K)->4868K(5056K)
[4111.236s][info][gc             ] GC(1095) Pause Young (Concurrent Start) (G1 Evacuation Pause) 3560M->1389M(4096M) 119.275ms
[4111.236s][info][gc             ] GC(1096) Concurrent Mark Cycle
[4111.236s][info][gc,marking     ] GC(1096) Concurrent Scan Root Regions
[4111.236s][info][gc,cpu         ] GC(1095) User=0.70s Sys=0.00s Real=0.12s
[4111.369s][info][gc,marking     ] GC(1096) Concurrent Scan Root Regions 132.436ms
[4111.369s][info][gc,marking     ] GC(1096) Concurrent Mark
[4111.369s][info][gc,marking     ] GC(1096) Concurrent Mark From Roots
[4111.369s][info][gc,task        ] GC(1096) Using 2 workers of 2 for marking
.[4112.360s][info][gc,marking     ] GC(1096) Concurrent Mark From Roots 990.943ms
[4112.360s][info][gc,marking     ] GC(1096) Concurrent Preclean
[4112.360s][info][gc,marking     ] GC(1096) Concurrent Preclean 0.143ms
[4112.362s][info][gc,start       ] GC(1096) Pause Remark
[4112.364s][info][gc             ] GC(1096) Pause Remark 2443M->2443M(4096M) 2.915ms
[4112.364s][info][gc,cpu         ] GC(1096) User=0.02s Sys=0.00s Real=0.00s
[4112.365s][info][gc,marking     ] GC(1096) Concurrent Mark 996.024ms
[4112.365s][info][gc,marking     ] GC(1096) Concurrent Rebuild Remembered Sets and Scrub Regions
[4112.631s][info][gc,marking     ] GC(1096) Concurrent Rebuild Remembered Sets and Scrub Regions 266.734ms
[4112.632s][info][gc,start       ] GC(1096) Pause Cleanup
[4112.632s][info][gc             ] GC(1096) Pause Cleanup 2743M->2743M(4096M) 0.120ms
[4112.632s][info][gc,cpu         ] GC(1096) User=0.00s Sys=0.00s Real=0.00s
[4112.632s][info][gc,marking     ] GC(1096) Concurrent Clear Claimed Marks
[4112.632s][info][gc,marking     ] GC(1096) Concurrent Clear Claimed Marks 0.027ms
[4112.632s][info][gc,marking     ] GC(1096) Concurrent Cleanup for Next Mark
[4112.640s][info][gc,marking     ] GC(1096) Concurrent Cleanup for Next Mark 7.694ms
[4112.640s][info][gc             ] GC(1096) Concurrent Mark Cycle 1403.928ms
.[4113.593s][info][gc,start       ] GC(1097) Pause Young (Prepare Mixed) (G1 Evacuation Pause)
[4113.593s][info][gc,task        ] GC(1097) Using 6 workers of 6 for evacuation
[4113.715s][info][gc,phases      ] GC(1097)   Pre Evacuate Collection Set: 0.32ms
[4113.715s][info][gc,phases      ] GC(1097)   Merge Heap Roots: 0.48ms
[4113.715s][info][gc,phases      ] GC(1097)   Evacuate Collection Set: 120.55ms
[4113.715s][info][gc,phases      ] GC(1097)   Post Evacuate Collection Set: 0.94ms
[4113.715s][info][gc,phases      ] GC(1097)   Other: 0.09ms
[4113.715s][info][gc,heap        ] GC(1097) Eden regions: 1117->0(1099)
[4113.715s][info][gc,heap        ] GC(1097) Survivor regions: 111->115(154)
[4113.715s][info][gc,heap        ] GC(1097) Old regions: 505->536
[4113.715s][info][gc,heap        ] GC(1097) Humongous regions: 80->80
[4113.715s][info][gc,metaspace   ] GC(1097) Metaspace: 28905K(29312K)->28905K(29312K) NonClass: 24036K(24256K)->24036K(24256K) Class: 4868K(5056K)->4868K(5056K)
[4113.715s][info][gc             ] GC(1097) Pause Young (Prepare Mixed) (G1 Evacuation Pause) 3623M->1460M(4096M) 122.506ms
[4113.715s][info][gc,cpu         ] GC(1097) User=0.73s Sys=0.00s Real=0.13s
...[4116.185s][info][gc,start       ] GC(1098) Pause Young (Mixed) (G1 Evacuation Pause)
[4116.185s][info][gc,task        ] GC(1098) Using 6 workers of 6 for evacuation
[4116.321s][info][gc,phases      ] GC(1098)   Pre Evacuate Collection Set: 0.41ms
[4116.321s][info][gc,phases      ] GC(1098)   Merge Heap Roots: 0.66ms
[4116.321s][info][gc,phases      ] GC(1098)   Evacuate Collection Set: 133.96ms
[4116.321s][info][gc,phases      ] GC(1098)   Post Evacuate Collection Set: 0.99ms
[4116.321s][info][gc,phases      ] GC(1098)   Other: 0.09ms
[4116.321s][info][gc,heap        ] GC(1098) Eden regions: 1099->0(1118)
[4116.321s][info][gc,heap        ] GC(1098) Survivor regions: 115->110(152)
[4116.321s][info][gc,heap        ] GC(1098) Old regions: 536->474
[4116.321s][info][gc,heap        ] GC(1098) Humongous regions: 80->80
[4116.321s][info][gc,metaspace   ] GC(1098) Metaspace: 28905K(29312K)->28905K(29312K) NonClass: 24036K(24256K)->24036K(24256K) Class: 4868K(5056K)->4868K(5056K)
[4116.321s][info][gc             ] GC(1098) Pause Young (Mixed) (G1 Evacuation Pause) 3658M->1325M(4096M) 136.250ms
[4116.321s][info][gc,cpu         ] GC(1098) User=0.81s Sys=0.00s Real=0.13s
..[4118.719s][info][gc,start       ] GC(1099) Pause Young (Concurrent Start) (G1 Evacuation Pause)
[4118.719s][info][gc,task        ] GC(1099) Using 6 workers of 6 for evacuation
[4118.837s][info][gc,phases      ] GC(1099)   Pre Evacuate Collection Set: 0.37ms
[4118.837s][info][gc,phases      ] GC(1099)   Merge Heap Roots: 0.46ms
[4118.838s][info][gc,phases      ] GC(1099)   Evacuate Collection Set: 116.29ms
[4118.838s][info][gc,phases      ] GC(1099)   Post Evacuate Collection Set: 0.87ms
[4118.838s][info][gc,phases      ] GC(1099)   Other: 0.11ms
[4118.838s][info][gc,heap        ] GC(1099) Eden regions: 1118->0(1116)
[4118.838s][info][gc,heap        ] GC(1099) Survivor regions: 110->112(154)
[4118.838s][info][gc,heap        ] GC(1099) Old regions: 474->506
[4118.838s][info][gc,heap        ] GC(1099) Humongous regions: 80->80
[4118.838s][info][gc,metaspace   ] GC(1099) Metaspace: 28905K(29312K)->28905K(29312K) NonClass: 24036K(24256K)->24036K(24256K) Class: 4868K(5056K)->4868K(5056K)
[4118.838s][info][gc             ] GC(1099) Pause Young (Concurrent Start) (G1 Evacuation Pause) 3561M->1393M(4096M) 118.256ms
[4118.838s][info][gc             ] GC(1100) Concurrent Mark Cycle
[4118.838s][info][gc,marking     ] GC(1100) Concurrent Scan Root Regions
[4118.838s][info][gc,cpu         ] GC(1099) User=0.70s Sys=0.00s Real=0.12s
.[4119.069s][info][gc,marking     ] GC(1100) Concurrent Scan Root Regions 230.914ms
[4119.069s][info][gc,marking     ] GC(1100) Concurrent Mark
[4119.069s][info][gc,marking     ] GC(1100) Concurrent Mark From Roots
[4119.069s][info][gc,task        ] GC(1100) Using 2 workers of 2 for marking
[4119.831s][info][gc,marking     ] GC(1100) Concurrent Mark From Roots 762.204ms
[4119.831s][info][gc,marking     ] GC(1100) Concurrent Preclean
[4119.831s][info][gc,marking     ] GC(1100) Concurrent Preclean 0.152ms
[4119.833s][info][gc,start       ] GC(1100) Pause Remark
[4119.836s][info][gc             ] GC(1100) Pause Remark 2309M->2309M(4096M) 3.085ms
[4119.836s][info][gc,cpu         ] GC(1100) User=0.02s Sys=0.00s Real=0.01s
[4119.836s][info][gc,marking     ] GC(1100) Concurrent Mark 767.638ms
[4119.836s][info][gc,marking     ] GC(1100) Concurrent Rebuild Remembered Sets and Scrub Regions
.[4120.109s][info][gc,marking     ] GC(1100) Concurrent Rebuild Remembered Sets and Scrub Regions 272.919ms
[4120.110s][info][gc,start       ] GC(1100) Pause Cleanup
[4120.110s][info][gc             ] GC(1100) Pause Cleanup 2595M->2595M(4096M) 0.120ms
[4120.110s][info][gc,cpu         ] GC(1100) User=0.00s Sys=0.00s Real=0.00s
[4120.110s][info][gc,marking     ] GC(1100) Concurrent Clear Claimed Marks
[4120.110s][info][gc,marking     ] GC(1100) Concurrent Clear Claimed Marks 0.029ms
[4120.110s][info][gc,marking     ] GC(1100) Concurrent Cleanup for Next Mark
[4120.117s][info][gc,marking     ] GC(1100) Concurrent Cleanup for Next Mark 6.394ms
[4120.117s][info][gc             ] GC(1100) Concurrent Mark Cycle 1279.203ms
.[4121.257s][info][gc,start       ] GC(1101) Pause Young (Prepare Mixed) (G1 Evacuation Pause)
[4121.257s][info][gc,task        ] GC(1101) Using 6 workers of 6 for evacuation
[4121.375s][info][gc,phases      ] GC(1101)   Pre Evacuate Collection Set: 0.34ms
[4121.375s][info][gc,phases      ] GC(1101)   Merge Heap Roots: 0.51ms
[4121.375s][info][gc,phases      ] GC(1101)   Evacuate Collection Set: 115.86ms
[4121.375s][info][gc,phases      ] GC(1101)   Post Evacuate Collection Set: 0.93ms
[4121.375s][info][gc,phases      ] GC(1101)   Other: 0.09ms
[4121.375s][info][gc,heap        ] GC(1101) Eden regions: 1116->0(1109)
[4121.375s][info][gc,heap        ] GC(1101) Survivor regions: 112->109(154)
[4121.375s][info][gc,heap        ] GC(1101) Old regions: 506->538
[4121.375s][info][gc,heap        ] GC(1101) Humongous regions: 80->80
[4121.375s][info][gc,metaspace   ] GC(1101) Metaspace: 28905K(29312K)->28905K(29312K) NonClass: 24036K(24256K)->24036K(24256K) Class: 4868K(5056K)->4868K(5056K)
[4121.375s][info][gc             ] GC(1101) Pause Young (Prepare Mixed) (G1 Evacuation Pause) 3625M->1451M(4096M) 117.857ms
[4121.375s][info][gc,cpu         ] GC(1101) User=0.70s Sys=0.00s Real=0.12s
..[4123.818s][info][gc,start       ] GC(1102) Pause Young (Mixed) (G1 Evacuation Pause)
[4123.819s][info][gc,task        ] GC(1102) Using 6 workers of 6 for evacuation
[4123.958s][info][gc,phases      ] GC(1102)   Pre Evacuate Collection Set: 0.41ms
[4123.958s][info][gc,phases      ] GC(1102)   Merge Heap Roots: 0.80ms
[4123.958s][info][gc,phases      ] GC(1102)   Evacuate Collection Set: 136.31ms
[4123.958s][info][gc,phases      ] GC(1102)   Post Evacuate Collection Set: 0.95ms
[4123.958s][info][gc,phases      ] GC(1102)   Other: 0.84ms
[4123.958s][info][gc,heap        ] GC(1102) Eden regions: 1109->0(1116)
[4123.958s][info][gc,heap        ] GC(1102) Survivor regions: 109->112(153)
[4123.958s][info][gc,heap        ] GC(1102) Old regions: 538->474
[4123.958s][info][gc,heap        ] GC(1102) Humongous regions: 80->80
[4123.958s][info][gc,metaspace   ] GC(1102) Metaspace: 28905K(29312K)->28905K(29312K) NonClass: 24036K(24256K)->24036K(24256K) Class: 4868K(5056K)->4868K(5056K)
[4123.958s][info][gc             ] GC(1102) Pause Young (Mixed) (G1 Evacuation Pause) 3669M->1328M(4096M) 139.451ms
[4123.958s][info][gc,cpu         ] GC(1102) User=0.83s Sys=0.00s Real=0.14s
...[4126.393s][info][gc,start       ] GC(1103) Pause Young (Concurrent Start) (G1 Evacuation Pause)
[4126.394s][info][gc,task        ] GC(1103) Using 6 workers of 6 for evacuation
[4126.512s][info][gc,phases      ] GC(1103)   Pre Evacuate Collection Set: 0.36ms
[4126.512s][info][gc,phases      ] GC(1103)   Merge Heap Roots: 0.46ms
[4126.512s][info][gc,phases      ] GC(1103)   Evacuate Collection Set: 116.44ms
[4126.512s][info][gc,phases      ] GC(1103)   Post Evacuate Collection Set: 0.85ms
[4126.512s][info][gc,phases      ] GC(1103)   Other: 0.12ms
[4126.512s][info][gc,heap        ] GC(1103) Eden regions: 1116->0(1117)
[4126.512s][info][gc,heap        ] GC(1103) Survivor regions: 112->111(154)
[4126.512s][info][gc,heap        ] GC(1103) Old regions: 474->505
[4126.512s][info][gc,heap        ] GC(1103) Humongous regions: 80->80
[4126.512s][info][gc,metaspace   ] GC(1103) Metaspace: 28905K(29312K)->28905K(29312K) NonClass: 24036K(24256K)->24036K(24256K) Class: 4868K(5056K)->4868K(5056K)
[4126.512s][info][gc             ] GC(1103) Pause Young (Concurrent Start) (G1 Evacuation Pause) 3560M->1388M(4096M) 118.360ms
[4126.512s][info][gc             ] GC(1104) Concurrent Mark Cycle
[4126.512s][info][gc,marking     ] GC(1104) Concurrent Scan Root Regions
[4126.512s][info][gc,cpu         ] GC(1103) User=0.70s Sys=0.00s Real=0.12s
[4126.643s][info][gc,marking     ] GC(1104) Concurrent Scan Root Regions 131.071ms
[4126.643s][info][gc,marking     ] GC(1104) Concurrent Mark
[4126.643s][info][gc,marking     ] GC(1104) Concurrent Mark From Roots
[4126.643s][info][gc,task        ] GC(1104) Using 2 workers of 2 for marking
.[4127.384s][info][gc,marking     ] GC(1104) Concurrent Mark From Roots 741.306ms
[4127.384s][info][gc,marking     ] GC(1104) Concurrent Preclean
[4127.385s][info][gc,marking     ] GC(1104) Concurrent Preclean 0.114ms
[4127.385s][info][gc,start       ] GC(1104) Pause Remark
[4127.388s][info][gc             ] GC(1104) Pause Remark 2215M->2215M(4096M) 3.224ms
[4127.388s][info][gc,cpu         ] GC(1104) User=0.02s Sys=0.00s Real=0.01s
[4127.388s][info][gc,marking     ] GC(1104) Concurrent Mark 744.957ms
[4127.388s][info][gc,marking     ] GC(1104) Concurrent Rebuild Remembered Sets and Scrub Regions
[4127.670s][info][gc,marking     ] GC(1104) Concurrent Rebuild Remembered Sets and Scrub Regions 282.315ms
[4127.670s][info][gc,start       ] GC(1104) Pause Cleanup
[4127.671s][info][gc             ] GC(1104) Pause Cleanup 2502M->2502M(4096M) 0.108ms
[4127.671s][info][gc,cpu         ] GC(1104) User=0.00s Sys=0.00s Real=0.00s
[4127.671s][info][gc,marking     ] GC(1104) Concurrent Clear Claimed Marks
[4127.671s][info][gc,marking     ] GC(1104) Concurrent Clear Claimed Marks 0.026ms
[4127.671s][info][gc,marking     ] GC(1104) Concurrent Cleanup for Next Mark
[4127.676s][info][gc,marking     ] GC(1104) Concurrent Cleanup for Next Mark 4.844ms
[4127.676s][info][gc             ] GC(1104) Concurrent Mark Cycle 1163.728ms
.[4128.942s][info][gc,start       ] GC(1105) Pause Young (Prepare Mixed) (G1 Evacuation Pause)
[4128.942s][info][gc,task        ] GC(1105) Using 6 workers of 6 for evacuation
[4129.061s][info][gc,phases      ] GC(1105)   Pre Evacuate Collection Set: 0.32ms
[4129.061s][info][gc,phases      ] GC(1105)   Merge Heap Roots: 0.54ms
[4129.061s][info][gc,phases      ] GC(1105)   Evacuate Collection Set: 116.63ms
[4129.061s][info][gc,phases      ] GC(1105)   Post Evacuate Collection Set: 0.93ms
[4129.061s][info][gc,phases      ] GC(1105)   Other: 0.09ms
[4129.061s][info][gc,heap        ] GC(1105) Eden regions: 1117->0(1107)
[4129.061s][info][gc,heap        ] GC(1105) Survivor regions: 111->111(154)
[4129.061s][info][gc,heap        ] GC(1105) Old regions: 505->536
[4129.061s][info][gc,heap        ] GC(1105) Humongous regions: 80->80
[4129.061s][info][gc,metaspace   ] GC(1105) Metaspace: 28905K(29312K)->28905K(29312K) NonClass: 24036K(24256K)->24036K(24256K) Class: 4868K(5056K)->4868K(5056K)
[4129.061s][info][gc             ] GC(1105) Pause Young (Prepare Mixed) (G1 Evacuation Pause) 3622M->1452M(4096M) 118.655ms
[4129.061s][info][gc,cpu         ] GC(1105) User=0.71s Sys=0.00s Real=0.12s
...[4131.474s][info][gc,start       ] GC(1106) Pause Young (Mixed) (G1 Evacuation Pause)
[4131.474s][info][gc,task        ] GC(1106) Using 6 workers of 6 for evacuation
[4131.614s][info][gc,phases      ] GC(1106)   Pre Evacuate Collection Set: 0.38ms
[4131.614s][info][gc,phases      ] GC(1106)   Merge Heap Roots: 0.77ms
[4131.614s][info][gc,phases      ] GC(1106)   Evacuate Collection Set: 137.68ms
[4131.614s][info][gc,phases      ] GC(1106)   Post Evacuate Collection Set: 0.96ms
[4131.614s][info][gc,phases      ] GC(1106)   Other: 0.09ms
[4131.614s][info][gc,heap        ] GC(1106) Eden regions: 1107->0(1115)
[4131.614s][info][gc,heap        ] GC(1106) Survivor regions: 111->113(153)
[4131.614s][info][gc,heap        ] GC(1106) Old regions: 536->472
[4131.614s][info][gc,heap        ] GC(1106) Humongous regions: 80->80
[4131.614s][info][gc,metaspace   ] GC(1106) Metaspace: 28905K(29312K)->28905K(29312K) NonClass: 24036K(24256K)->24036K(24256K) Class: 4868K(5056K)->4868K(5056K)
[4131.614s][info][gc             ] GC(1106) Pause Young (Mixed) (G1 Evacuation Pause) 3666M->1328M(4096M) 140.000ms
[4131.614s][info][gc,cpu         ] GC(1106) User=0.84s Sys=0.00s Real=0.14s
..[4133.998s][info][gc,start       ] GC(1107) Pause Young (Concurrent Start) (G1 Evacuation Pause)
[4133.998s][info][gc,task        ] GC(1107) Using 6 workers of 6 for evacuation
[4134.124s][info][gc,phases      ] GC(1107)   Pre Evacuate Collection Set: 0.35ms
[4134.124s][info][gc,phases      ] GC(1107)   Merge Heap Roots: 0.50ms
[4134.124s][info][gc,phases      ] GC(1107)   Evacuate Collection Set: 124.04ms
[4134.124s][info][gc,phases      ] GC(1107)   Post Evacuate Collection Set: 0.87ms
[4134.124s][info][gc,phases      ] GC(1107)   Other: 0.11ms
[4134.124s][info][gc,heap        ] GC(1107) Eden regions: 1115->0(1112)
[4134.124s][info][gc,heap        ] GC(1107) Survivor regions: 113->116(154)
[4134.124s][info][gc,heap        ] GC(1107) Old regions: 472->504
[4134.124s][info][gc,heap        ] GC(1107) Humongous regions: 80->80
[4134.124s][info][gc,metaspace   ] GC(1107) Metaspace: 28905K(29312K)->28905K(29312K) NonClass: 24036K(24256K)->24036K(24256K) Class: 4868K(5056K)->4868K(5056K)
[4134.124s][info][gc             ] GC(1107) Pause Young (Concurrent Start) (G1 Evacuation Pause) 3558M->1397M(4096M) 125.997ms
[4134.124s][info][gc             ] GC(1108) Concurrent Mark Cycle
[4134.124s][info][gc,marking     ] GC(1108) Concurrent Scan Root Regions
[4134.124s][info][gc,cpu         ] GC(1107) User=0.75s Sys=0.00s Real=0.12s
.[4134.313s][info][gc,marking     ] GC(1108) Concurrent Scan Root Regions 189.381ms
[4134.313s][info][gc,marking     ] GC(1108) Concurrent Mark
[4134.313s][info][gc,marking     ] GC(1108) Concurrent Mark From Roots
[4134.313s][info][gc,task        ] GC(1108) Using 2 workers of 2 for marking
.[4135.347s][info][gc,marking     ] GC(1108) Concurrent Mark From Roots 1033.344ms
[4135.347s][info][gc,marking     ] GC(1108) Concurrent Preclean
[4135.347s][info][gc,marking     ] GC(1108) Concurrent Preclean 0.114ms
[4135.349s][info][gc,start       ] GC(1108) Pause Remark
[4135.353s][info][gc             ] GC(1108) Pause Remark 2557M->2557M(4096M) 3.575ms
[4135.353s][info][gc,cpu         ] GC(1108) User=0.02s Sys=0.00s Real=0.00s
[4135.353s][info][gc,marking     ] GC(1108) Concurrent Mark 1039.449ms
[4135.353s][info][gc,marking     ] GC(1108) Concurrent Rebuild Remembered Sets and Scrub Regions
[4135.673s][info][gc,marking     ] GC(1108) Concurrent Rebuild Remembered Sets and Scrub Regions 320.391ms
[4135.673s][info][gc,start       ] GC(1108) Pause Cleanup
[4135.674s][info][gc             ] GC(1108) Pause Cleanup 2843M->2843M(4096M) 0.107ms
[4135.674s][info][gc,cpu         ] GC(1108) User=0.00s Sys=0.00s Real=0.00s
[4135.674s][info][gc,marking     ] GC(1108) Concurrent Clear Claimed Marks
[4135.674s][info][gc,marking     ] GC(1108) Concurrent Clear Claimed Marks 0.021ms
[4135.674s][info][gc,marking     ] GC(1108) Concurrent Cleanup for Next Mark
[4135.683s][info][gc,marking     ] GC(1108) Concurrent Cleanup for Next Mark 9.168ms
[4135.683s][info][gc             ] GC(1108) Concurrent Mark Cycle 1558.828ms
.[4136.537s][info][gc,start       ] GC(1109) Pause Young (Prepare Mixed) (G1 Evacuation Pause)
[4136.537s][info][gc,task        ] GC(1109) Using 6 workers of 6 for evacuation
[4136.655s][info][gc,phases      ] GC(1109)   Pre Evacuate Collection Set: 0.32ms
[4136.655s][info][gc,phases      ] GC(1109)   Merge Heap Roots: 0.48ms
[4136.655s][info][gc,phases      ] GC(1109)   Evacuate Collection Set: 116.76ms
[4136.655s][info][gc,phases      ] GC(1109)   Post Evacuate Collection Set: 0.93ms
[4136.655s][info][gc,phases      ] GC(1109)   Other: 0.08ms
[4136.656s][info][gc,heap        ] GC(1109) Eden regions: 1112->0(1108)
[4136.656s][info][gc,heap        ] GC(1109) Survivor regions: 116->111(154)
[4136.656s][info][gc,heap        ] GC(1109) Old regions: 504->535
[4136.656s][info][gc,heap        ] GC(1109) Humongous regions: 80->80
[4136.656s][info][gc,metaspace   ] GC(1109) Metaspace: 28905K(29312K)->28905K(29312K) NonClass: 24036K(24256K)->24036K(24256K) Class: 4868K(5056K)->4868K(5056K)
[4136.656s][info][gc             ] GC(1109) Pause Young (Prepare Mixed) (G1 Evacuation Pause) 3621M->1449M(4096M) 118.692ms
[4136.656s][info][gc,cpu         ] GC(1109) User=0.71s Sys=0.00s Real=0.12s
. (rIR:aIR:PR = 7334:7353:7353) (tPR = 109500) [OK] 
  4137s: Performance info:
         Transaction,    Success,    Partial,     Failed,   Receipts, AvgBarcode, 
             Overall,     448088,          0,          0,     425767,      59.47, 
         Response times:
             Request,    Success,    Partial,     Failed,   SkipFail,     Probes,    Samples,      min,      p50,      p90,      p95,      p99,      max, 
       TotalPurchase,     425775,          0,          0,          0,     361085,     409923,      300,     6300,    53000,    77000,   127000,   304000,
     InStorePurchase,     223838,          0,          0,          0,     189484,     215277,      300,     6200,    53000,    77000,   127000,   292000,
      OnlinePurchase,     157126,          0,          0,          0,     133230,     150821,      300,     6400,    53000,    78000,   128000,   304000,
        InstPurchase,      44811,          0,          0,          0,      38371,      43825,      300,     6300,    53000,    75700,   126000,   254000,
          AssocOfCat,        447,          0,          0,          0,        367,        485,    22000,    39000,    89000,   111400,   185640,   330000,
      AssocOfProduct,       4475,          0,          0,          0,       4145,       4885,      500,     7100,    55000,    79000,   131000,   230000,
      BusinessReport,       1118,          0,          0,          0,       1001,       1277,    23000,    43000,   105200,   146300,   206880,   314000,
          CustBuyBeh,       4476,          0,          0,          0,       4132,       4876,      300,     6800,    55000,    81150,   131230,   220000,
       ProductReturn,      11801,          0,          0,          0,      10092,      11733,      200,     5800,    51000,    77000,   128000,   230000,

  4137s: (54%)   IR =   7472 .[4138.981s][info][gc,start       ] GC(1110) Pause Young (Mixed) (G1 Evacuation Pause)
[4138.981s][info][gc,task        ] GC(1110) Using 6 workers of 6 for evacuation
[4139.114s][info][gc,phases      ] GC(1110)   Pre Evacuate Collection Set: 0.38ms
[4139.114s][info][gc,phases      ] GC(1110)   Merge Heap Roots: 0.67ms
[4139.114s][info][gc,phases      ] GC(1110)   Evacuate Collection Set: 131.34ms
[4139.114s][info][gc,phases      ] GC(1110)   Post Evacuate Collection Set: 1.00ms
[4139.114s][info][gc,phases      ] GC(1110)   Other: 0.09ms
[4139.115s][info][gc,heap        ] GC(1110) Eden regions: 1108->0(1119)
[4139.115s][info][gc,heap        ] GC(1110) Survivor regions: 111->109(153)
[4139.115s][info][gc,heap        ] GC(1110) Old regions: 535->473
[4139.115s][info][gc,heap        ] GC(1110) Humongous regions: 80->80
[4139.115s][info][gc,metaspace   ] GC(1110) Metaspace: 28905K(29312K)->28905K(29312K) NonClass: 24036K(24256K)->24036K(24256K) Class: 4868K(5056K)->4868K(5056K)
[4139.115s][info][gc             ] GC(1110) Pause Young (Mixed) (G1 Evacuation Pause) 3665M->1322M(4096M) 133.639ms
[4139.115s][info][gc,cpu         ] GC(1110) User=0.79s Sys=0.00s Real=0.13s
...[4141.554s][info][gc,start       ] GC(1111) Pause Young (Concurrent Start) (G1 Evacuation Pause)
[4141.554s][info][gc,task        ] GC(1111) Using 6 workers of 6 for evacuation
[4141.672s][info][gc,phases      ] GC(1111)   Pre Evacuate Collection Set: 0.40ms
[4141.672s][info][gc,phases      ] GC(1111)   Merge Heap Roots: 0.50ms
[4141.672s][info][gc,phases      ] GC(1111)   Evacuate Collection Set: 116.16ms
[4141.672s][info][gc,phases      ] GC(1111)   Post Evacuate Collection Set: 0.87ms
[4141.672s][info][gc,phases      ] GC(1111)   Other: 0.14ms
[4141.672s][info][gc,heap        ] GC(1111) Eden regions: 1119->0(1118)
[4141.672s][info][gc,heap        ] GC(1111) Survivor regions: 109->110(154)
[4141.672s][info][gc,heap        ] GC(1111) Old regions: 473->505
[4141.672s][info][gc,heap        ] GC(1111) Humongous regions: 80->80
[4141.672s][info][gc,metaspace   ] GC(1111) Metaspace: 28905K(29312K)->28905K(29312K) NonClass: 24036K(24256K)->24036K(24256K) Class: 4868K(5056K)->4868K(5056K)
[4141.672s][info][gc             ] GC(1111) Pause Young (Concurrent Start) (G1 Evacuation Pause) 3560M->1387M(4096M) 118.208ms
[4141.672s][info][gc             ] GC(1112) Concurrent Mark Cycle
[4141.672s][info][gc,marking     ] GC(1112) Concurrent Scan Root Regions
[4141.672s][info][gc,cpu         ] GC(1111) User=0.71s Sys=0.00s Real=0.12s
[4141.807s][info][gc,marking     ] GC(1112) Concurrent Scan Root Regions 135.095ms
[4141.807s][info][gc,marking     ] GC(1112) Concurrent Mark
[4141.807s][info][gc,marking     ] GC(1112) Concurrent Mark From Roots
[4141.807s][info][gc,task        ] GC(1112) Using 2 workers of 2 for marking
.[4142.522s][info][gc,marking     ] GC(1112) Concurrent Mark From Roots 714.709ms
[4142.522s][info][gc,marking     ] GC(1112) Concurrent Preclean
[4142.522s][info][gc,marking     ] GC(1112) Concurrent Preclean 0.135ms
[4142.524s][info][gc,start       ] GC(1112) Pause Remark
[4142.527s][info][gc             ] GC(1112) Pause Remark 2131M->2131M(4096M) 2.885ms
[4142.527s][info][gc,cpu         ] GC(1112) User=0.02s Sys=0.00s Real=0.01s
[4142.527s][info][gc,marking     ] GC(1112) Concurrent Mark 719.587ms
[4142.527s][info][gc,marking     ] GC(1112) Concurrent Rebuild Remembered Sets and Scrub Regions
[4142.767s][info][gc,marking     ] GC(1112) Concurrent Rebuild Remembered Sets and Scrub Regions 240.284ms
[4142.768s][info][gc,start       ] GC(1112) Pause Cleanup
[4142.768s][info][gc             ] GC(1112) Pause Cleanup 2347M->2347M(4096M) 0.123ms
[4142.768s][info][gc,cpu         ] GC(1112) User=0.00s Sys=0.00s Real=0.00s
[4142.768s][info][gc,marking     ] GC(1112) Concurrent Clear Claimed Marks
[4142.769s][info][gc,marking     ] GC(1112) Concurrent Clear Claimed Marks 0.034ms
[4142.769s][info][gc,marking     ] GC(1112) Concurrent Cleanup for Next Mark
[4142.832s][info][gc,marking     ] GC(1112) Concurrent Cleanup for Next Mark 63.192ms
[4142.832s][info][gc             ] GC(1112) Concurrent Mark Cycle 1159.815ms
.[4144.088s][info][gc,start       ] GC(1113) Pause Young (Prepare Mixed) (G1 Evacuation Pause)
[4144.088s][info][gc,task        ] GC(1113) Using 6 workers of 6 for evacuation
[4144.204s][info][gc,phases      ] GC(1113)   Pre Evacuate Collection Set: 0.31ms
[4144.204s][info][gc,phases      ] GC(1113)   Merge Heap Roots: 0.50ms
[4144.204s][info][gc,phases      ] GC(1113)   Evacuate Collection Set: 114.76ms
[4144.204s][info][gc,phases      ] GC(1113)   Post Evacuate Collection Set: 0.93ms
[4144.204s][info][gc,phases      ] GC(1113)   Other: 0.09ms
[4144.204s][info][gc,heap        ] GC(1113) Eden regions: 1118->0(1108)
[4144.204s][info][gc,heap        ] GC(1113) Survivor regions: 110->110(154)
[4144.204s][info][gc,heap        ] GC(1113) Old regions: 505->537
[4144.204s][info][gc,heap        ] GC(1113) Humongous regions: 80->80
[4144.204s][info][gc,metaspace   ] GC(1113) Metaspace: 28905K(29312K)->28905K(29312K) NonClass: 24036K(24256K)->24036K(24256K) Class: 4868K(5056K)->4868K(5056K)
[4144.205s][info][gc             ] GC(1113) Pause Young (Prepare Mixed) (G1 Evacuation Pause) 3623M->1450M(4096M) 116.727ms
[4144.205s][info][gc,cpu         ] GC(1113) User=0.70s Sys=0.00s Real=0.11s
...[4146.595s][info][gc,start       ] GC(1114) Pause Young (Mixed) (G1 Evacuation Pause)
[4146.595s][info][gc,task        ] GC(1114) Using 6 workers of 6 for evacuation
[4146.732s][info][gc,phases      ] GC(1114)   Pre Evacuate Collection Set: 0.34ms
[4146.732s][info][gc,phases      ] GC(1114)   Merge Heap Roots: 0.67ms
[4146.732s][info][gc,phases      ] GC(1114)   Evacuate Collection Set: 135.43ms
[4146.732s][info][gc,phases      ] GC(1114)   Post Evacuate Collection Set: 0.96ms
[4146.732s][info][gc,phases      ] GC(1114)   Other: 0.09ms
[4146.732s][info][gc,heap        ] GC(1114) Eden regions: 1108->0(1117)
[4146.732s][info][gc,heap        ] GC(1114) Survivor regions: 110->111(153)
[4146.732s][info][gc,heap        ] GC(1114) Old regions: 537->475
[4146.732s][info][gc,heap        ] GC(1114) Humongous regions: 80->80
[4146.732s][info][gc,metaspace   ] GC(1114) Metaspace: 28905K(29312K)->28905K(29312K) NonClass: 24036K(24256K)->24036K(24256K) Class: 4868K(5056K)->4868K(5056K)
[4146.732s][info][gc             ] GC(1114) Pause Young (Mixed) (G1 Evacuation Pause) 3666M->1329M(4096M) 137.626ms
[4146.732s][info][gc,cpu         ] GC(1114) User=0.82s Sys=0.00s Real=0.13s
..[4149.113s][info][gc,start       ] GC(1115) Pause Young (Concurrent Start) (G1 Evacuation Pause)
[4149.113s][info][gc,task        ] GC(1115) Using 6 workers of 6 for evacuation
[4149.232s][info][gc,phases      ] GC(1115)   Pre Evacuate Collection Set: 0.34ms
[4149.232s][info][gc,phases      ] GC(1115)   Merge Heap Roots: 0.46ms
[4149.232s][info][gc,phases      ] GC(1115)   Evacuate Collection Set: 117.23ms
[4149.232s][info][gc,phases      ] GC(1115)   Post Evacuate Collection Set: 0.87ms
[4149.232s][info][gc,phases      ] GC(1115)   Other: 0.13ms
[4149.232s][info][gc,heap        ] GC(1115) Eden regions: 1117->0(1118)
[4149.232s][info][gc,heap        ] GC(1115) Survivor regions: 111->110(154)
[4149.232s][info][gc,heap        ] GC(1115) Old regions: 475->507
[4149.232s][info][gc,heap        ] GC(1115) Humongous regions: 80->80
[4149.232s][info][gc,metaspace   ] GC(1115) Metaspace: 28905K(29312K)->28905K(29312K) NonClass: 24036K(24256K)->24036K(24256K) Class: 4868K(5056K)->4868K(5056K)
[4149.232s][info][gc             ] GC(1115) Pause Young (Concurrent Start) (G1 Evacuation Pause) 3563M->1391M(4096M) 119.175ms
[4149.232s][info][gc             ] GC(1116) Concurrent Mark Cycle
[4149.232s][info][gc,marking     ] GC(1116) Concurrent Scan Root Regions
[4149.232s][info][gc,cpu         ] GC(1115) User=0.71s Sys=0.00s Real=0.12s
.[4149.366s][info][gc,marking     ] GC(1116) Concurrent Scan Root Regions 133.662ms
[4149.366s][info][gc,marking     ] GC(1116) Concurrent Mark
[4149.366s][info][gc,marking     ] GC(1116) Concurrent Mark From Roots
[4149.366s][info][gc,task        ] GC(1116) Using 2 workers of 2 for marking
[4150.078s][info][gc,marking     ] GC(1116) Concurrent Mark From Roots 711.687ms
[4150.078s][info][gc,marking     ] GC(1116) Concurrent Preclean
[4150.078s][info][gc,marking     ] GC(1116) Concurrent Preclean 0.100ms
[4150.081s][info][gc,start       ] GC(1116) Pause Remark
[4150.085s][info][gc             ] GC(1116) Pause Remark 2175M->2175M(4096M) 3.182ms
[4150.085s][info][gc,cpu         ] GC(1116) User=0.01s Sys=0.00s Real=0.00s
[4150.085s][info][gc,marking     ] GC(1116) Concurrent Mark 718.576ms
[4150.085s][info][gc,marking     ] GC(1116) Concurrent Rebuild Remembered Sets and Scrub Regions
[4150.299s][info][gc,marking     ] GC(1116) Concurrent Rebuild Remembered Sets and Scrub Regions 213.872ms
[4150.299s][info][gc,start       ] GC(1116) Pause Cleanup
[4150.299s][info][gc             ] GC(1116) Pause Cleanup 2365M->2365M(4096M) 0.100ms
[4150.299s][info][gc,cpu         ] GC(1116) User=0.00s Sys=0.00s Real=0.00s
[4150.299s][info][gc,marking     ] GC(1116) Concurrent Clear Claimed Marks
[4150.299s][info][gc,marking     ] GC(1116) Concurrent Clear Claimed Marks 0.020ms
[4150.299s][info][gc,marking     ] GC(1116) Concurrent Cleanup for Next Mark
[4150.304s][info][gc,marking     ] GC(1116) Concurrent Cleanup for Next Mark 5.105ms
[4150.304s][info][gc             ] GC(1116) Concurrent Mark Cycle 1071.671ms
..[4151.671s][info][gc,start       ] GC(1117) Pause Young (Prepare Mixed) (G1 Evacuation Pause)
[4151.672s][info][gc,task        ] GC(1117) Using 6 workers of 6 for evacuation
[4151.793s][info][gc,phases      ] GC(1117)   Pre Evacuate Collection Set: 0.34ms
[4151.794s][info][gc,phases      ] GC(1117)   Merge Heap Roots: 0.55ms
[4151.794s][info][gc,phases      ] GC(1117)   Evacuate Collection Set: 120.01ms
[4151.794s][info][gc,phases      ] GC(1117)   Post Evacuate Collection Set: 0.95ms
[4151.794s][info][gc,phases      ] GC(1117)   Other: 0.09ms
[4151.794s][info][gc,heap        ] GC(1117) Eden regions: 1118->0(1100)
[4151.794s][info][gc,heap        ] GC(1117) Survivor regions: 110->113(154)
[4151.794s][info][gc,heap        ] GC(1117) Old regions: 507->539
[4151.794s][info][gc,heap        ] GC(1117) Humongous regions: 80->80
[4151.794s][info][gc,metaspace   ] GC(1117) Metaspace: 28905K(29312K)->28905K(29312K) NonClass: 24036K(24256K)->24036K(24256K) Class: 4868K(5056K)->4868K(5056K)
[4151.794s][info][gc             ] GC(1117) Pause Young (Prepare Mixed) (G1 Evacuation Pause) 3627M->1460M(4096M) 122.066ms
[4151.794s][info][gc,cpu         ] GC(1117) User=0.72s Sys=0.00s Real=0.12s
..|[4154.086s][info][gc,start       ] GC(1118) Pause Young (Mixed) (G1 Evacuation Pause)
[4154.086s][info][gc,task        ] GC(1118) Using 6 workers of 6 for evacuation
[4154.219s][info][gc,phases      ] GC(1118)   Pre Evacuate Collection Set: 0.37ms
[4154.219s][info][gc,phases      ] GC(1118)   Merge Heap Roots: 0.74ms
[4154.219s][info][gc,phases      ] GC(1118)   Evacuate Collection Set: 130.89ms
[4154.219s][info][gc,phases      ] GC(1118)   Post Evacuate Collection Set: 0.95ms
[4154.219s][info][gc,phases      ] GC(1118)   Other: 0.09ms
[4154.219s][info][gc,heap        ] GC(1118) Eden regions: 1100->0(1122)
[4154.219s][info][gc,heap        ] GC(1118) Survivor regions: 113->106(152)
[4154.219s][info][gc,heap        ] GC(1118) Old regions: 539->473
[4154.219s][info][gc,heap        ] GC(1118) Humongous regions: 80->80
[4154.219s][info][gc,metaspace   ] GC(1118) Metaspace: 28905K(29312K)->28905K(29312K) NonClass: 24036K(24256K)->24036K(24256K) Class: 4868K(5056K)->4868K(5056K)
[4154.219s][info][gc             ] GC(1118) Pause Young (Mixed) (G1 Evacuation Pause) 3660M->1315M(4096M) 133.160ms
[4154.219s][info][gc,cpu         ] GC(1118) User=0.80s Sys=0.00s Real=0.13s
...[4156.620s][info][gc,start       ] GC(1119) Pause Young (Concurrent Start) (G1 Evacuation Pause)
[4156.620s][info][gc,task        ] GC(1119) Using 6 workers of 6 for evacuation
[4156.736s][info][gc,phases      ] GC(1119)   Pre Evacuate Collection Set: 0.40ms
[4156.736s][info][gc,phases      ] GC(1119)   Merge Heap Roots: 0.46ms
[4156.736s][info][gc,phases      ] GC(1119)   Evacuate Collection Set: 114.19ms
[4156.736s][info][gc,phases      ] GC(1119)   Post Evacuate Collection Set: 0.86ms
[4156.736s][info][gc,phases      ] GC(1119)   Other: 0.11ms
[4156.736s][info][gc,heap        ] GC(1119) Eden regions: 1122->0(1119)
[4156.736s][info][gc,heap        ] GC(1119) Survivor regions: 106->109(154)
[4156.736s][info][gc,heap        ] GC(1119) Old regions: 473->505
[4156.736s][info][gc,heap        ] GC(1119) Humongous regions: 80->80
[4156.736s][info][gc,metaspace   ] GC(1119) Metaspace: 28905K(29312K)->28905K(29312K) NonClass: 24036K(24256K)->24036K(24256K) Class: 4868K(5056K)->4868K(5056K)
[4156.736s][info][gc             ] GC(1119) Pause Young (Concurrent Start) (G1 Evacuation Pause) 3559M->1384M(4096M) 116.158ms
[4156.736s][info][gc             ] GC(1120) Concurrent Mark Cycle
[4156.736s][info][gc,marking     ] GC(1120) Concurrent Scan Root Regions
[4156.736s][info][gc,cpu         ] GC(1119) User=0.69s Sys=0.00s Real=0.12s
[4156.873s][info][gc,marking     ] GC(1120) Concurrent Scan Root Regions 136.942ms
[4156.873s][info][gc,marking     ] GC(1120) Concurrent Mark
[4156.873s][info][gc,marking     ] GC(1120) Concurrent Mark From Roots
[4156.873s][info][gc,task        ] GC(1120) Using 2 workers of 2 for marking
.[4157.916s][info][gc,marking     ] GC(1120) Concurrent Mark From Roots 1043.011ms
[4157.916s][info][gc,marking     ] GC(1120) Concurrent Preclean
[4157.916s][info][gc,marking     ] GC(1120) Concurrent Preclean 0.129ms
[4157.918s][info][gc,start       ] GC(1120) Pause Remark
[4157.921s][info][gc             ] GC(1120) Pause Remark 2480M->2480M(4096M) 3.532ms
[4157.921s][info][gc,cpu         ] GC(1120) User=0.01s Sys=0.00s Real=0.00s
[4157.922s][info][gc,marking     ] GC(1120) Concurrent Mark 1048.455ms
[4157.922s][info][gc,marking     ] GC(1120) Concurrent Rebuild Remembered Sets and Scrub Regions
[4158.196s][info][gc,marking     ] GC(1120) Concurrent Rebuild Remembered Sets and Scrub Regions 274.170ms
[4158.196s][info][gc,start       ] GC(1120) Pause Cleanup
[4158.196s][info][gc             ] GC(1120) Pause Cleanup 2775M->2775M(4096M) 0.101ms
[4158.196s][info][gc,cpu         ] GC(1120) User=0.00s Sys=0.00s Real=0.00s
[4158.196s][info][gc,marking     ] GC(1120) Concurrent Clear Claimed Marks
[4158.196s][info][gc,marking     ] GC(1120) Concurrent Clear Claimed Marks 0.021ms
[4158.196s][info][gc,marking     ] GC(1120) Concurrent Cleanup for Next Mark
[4158.201s][info][gc,marking     ] GC(1120) Concurrent Cleanup for Next Mark 4.467ms
[4158.201s][info][gc             ] GC(1120) Concurrent Mark Cycle 1464.518ms
.[4159.144s][info][gc,start       ] GC(1121) Pause Young (Prepare Mixed) (G1 Evacuation Pause)
[4159.144s][info][gc,task        ] GC(1121) Using 6 workers of 6 for evacuation
[4159.261s][info][gc,phases      ] GC(1121)   Pre Evacuate Collection Set: 0.32ms
[4159.261s][info][gc,phases      ] GC(1121)   Merge Heap Roots: 0.52ms
[4159.261s][info][gc,phases      ] GC(1121)   Evacuate Collection Set: 115.39ms
[4159.261s][info][gc,phases      ] GC(1121)   Post Evacuate Collection Set: 0.91ms
[4159.261s][info][gc,phases      ] GC(1121)   Other: 0.08ms
[4159.261s][info][gc,heap        ] GC(1121) Eden regions: 1119->0(1109)
[4159.261s][info][gc,heap        ] GC(1121) Survivor regions: 109->110(154)
[4159.261s][info][gc,heap        ] GC(1121) Old regions: 505->536
[4159.261s][info][gc,heap        ] GC(1121) Humongous regions: 80->80
[4159.261s][info][gc,metaspace   ] GC(1121) Metaspace: 28905K(29312K)->28905K(29312K) NonClass: 24036K(24256K)->24036K(24256K) Class: 4868K(5056K)->4868K(5056K)
[4159.261s][info][gc             ] GC(1121) Pause Young (Prepare Mixed) (G1 Evacuation Pause) 3622M->1448M(4096M) 117.328ms
[4159.261s][info][gc,cpu         ] GC(1121) User=0.70s Sys=0.00s Real=0.12s
...[4161.614s][info][gc,start       ] GC(1122) Pause Young (Mixed) (G1 Evacuation Pause)
[4161.614s][info][gc,task        ] GC(1122) Using 6 workers of 6 for evacuation
[4161.752s][info][gc,phases      ] GC(1122)   Pre Evacuate Collection Set: 0.35ms
[4161.752s][info][gc,phases      ] GC(1122)   Merge Heap Roots: 0.72ms
[4161.752s][info][gc,phases      ] GC(1122)   Evacuate Collection Set: 135.89ms
[4161.752s][info][gc,phases      ] GC(1122)   Post Evacuate Collection Set: 0.95ms
[4161.752s][info][gc,phases      ] GC(1122)   Other: 0.09ms
[4161.752s][info][gc,heap        ] GC(1122) Eden regions: 1109->0(1116)
[4161.752s][info][gc,heap        ] GC(1122) Survivor regions: 110->112(153)
[4161.752s][info][gc,heap        ] GC(1122) Old regions: 536->474
[4161.752s][info][gc,heap        ] GC(1122) Humongous regions: 80->80
[4161.752s][info][gc,metaspace   ] GC(1122) Metaspace: 28905K(29312K)->28905K(29312K) NonClass: 24036K(24256K)->24036K(24256K) Class: 4868K(5056K)->4868K(5056K)
[4161.752s][info][gc             ] GC(1122) Pause Young (Mixed) (G1 Evacuation Pause) 3666M->1329M(4096M) 138.146ms
[4161.752s][info][gc,cpu         ] GC(1122) User=0.82s Sys=0.00s Real=0.14s
..[4164.116s][info][gc,start       ] GC(1123) Pause Young (Concurrent Start) (G1 Evacuation Pause)
[4164.116s][info][gc,task        ] GC(1123) Using 6 workers of 6 for evacuation
[4164.233s][info][gc,phases      ] GC(1123)   Pre Evacuate Collection Set: 0.37ms
[4164.233s][info][gc,phases      ] GC(1123)   Merge Heap Roots: 0.48ms
[4164.233s][info][gc,phases      ] GC(1123)   Evacuate Collection Set: 114.90ms
[4164.233s][info][gc,phases      ] GC(1123)   Post Evacuate Collection Set: 0.87ms
[4164.233s][info][gc,phases      ] GC(1123)   Other: 0.12ms
[4164.233s][info][gc,heap        ] GC(1123) Eden regions: 1116->0(1120)
[4164.233s][info][gc,heap        ] GC(1123) Survivor regions: 112->108(154)
[4164.233s][info][gc,heap        ] GC(1123) Old regions: 474->506
[4164.233s][info][gc,heap        ] GC(1123) Humongous regions: 80->80
[4164.233s][info][gc,metaspace   ] GC(1123) Metaspace: 28905K(29312K)->28905K(29312K) NonClass: 24036K(24256K)->24036K(24256K) Class: 4868K(5056K)->4868K(5056K)
[4164.233s][info][gc             ] GC(1123) Pause Young (Concurrent Start) (G1 Evacuation Pause) 3561M->1386M(4096M) 116.907ms
[4164.233s][info][gc             ] GC(1124) Concurrent Mark Cycle
[4164.233s][info][gc,marking     ] GC(1124) Concurrent Scan Root Regions
[4164.233s][info][gc,cpu         ] GC(1123) User=0.69s Sys=0.00s Real=0.11s
[4164.408s][info][gc,marking     ] GC(1124) Concurrent Scan Root Regions 174.670ms
[4164.409s][info][gc,marking     ] GC(1124) Concurrent Mark
[4164.409s][info][gc,marking     ] GC(1124) Concurrent Mark From Roots
[4164.409s][info][gc,task        ] GC(1124) Using 2 workers of 2 for marking
.[4165.111s][info][gc,marking     ] GC(1124) Concurrent Mark From Roots 701.228ms
[4165.111s][info][gc,marking     ] GC(1124) Concurrent Preclean
[4165.111s][info][gc,marking     ] GC(1124) Concurrent Preclean 0.137ms
[4165.113s][info][gc,start       ] GC(1124) Pause Remark
[4165.116s][info][gc             ] GC(1124) Pause Remark 2196M->2196M(4096M) 3.012ms
[4165.116s][info][gc,cpu         ] GC(1124) User=0.01s Sys=0.00s Real=0.01s
[4165.117s][info][gc,marking     ] GC(1124) Concurrent Mark 708.122ms
[4165.117s][info][gc,marking     ] GC(1124) Concurrent Rebuild Remembered Sets and Scrub Regions
[4165.385s][info][gc,marking     ] GC(1124) Concurrent Rebuild Remembered Sets and Scrub Regions 267.732ms
[4165.386s][info][gc,start       ] GC(1124) Pause Cleanup
[4165.386s][info][gc             ] GC(1124) Pause Cleanup 2442M->2442M(4096M) 0.129ms
[4165.386s][info][gc,cpu         ] GC(1124) User=0.00s Sys=0.00s Real=0.00s
[4165.386s][info][gc,marking     ] GC(1124) Concurrent Clear Claimed Marks
[4165.386s][info][gc,marking     ] GC(1124) Concurrent Clear Claimed Marks 0.034ms
[4165.386s][info][gc,marking     ] GC(1124) Concurrent Cleanup for Next Mark
[4165.391s][info][gc,marking     ] GC(1124) Concurrent Cleanup for Next Mark 5.244ms
[4165.391s][info][gc             ] GC(1124) Concurrent Mark Cycle 1158.438ms
..[4166.633s][info][gc,start       ] GC(1125) Pause Young (Prepare Mixed) (G1 Evacuation Pause)
[4166.633s][info][gc,task        ] GC(1125) Using 6 workers of 6 for evacuation
[4166.751s][info][gc,phases      ] GC(1125)   Pre Evacuate Collection Set: 0.33ms
[4166.751s][info][gc,phases      ] GC(1125)   Merge Heap Roots: 0.52ms
[4166.751s][info][gc,phases      ] GC(1125)   Evacuate Collection Set: 115.96ms
[4166.751s][info][gc,phases      ] GC(1125)   Post Evacuate Collection Set: 0.93ms
[4166.751s][info][gc,phases      ] GC(1125)   Other: 0.09ms
[4166.751s][info][gc,heap        ] GC(1125) Eden regions: 1120->0(1109)
[4166.751s][info][gc,heap        ] GC(1125) Survivor regions: 108->109(154)
[4166.751s][info][gc,heap        ] GC(1125) Old regions: 506->538
[4166.751s][info][gc,heap        ] GC(1125) Humongous regions: 80->80
[4166.751s][info][gc,metaspace   ] GC(1125) Metaspace: 28905K(29312K)->28905K(29312K) NonClass: 24036K(24256K)->24036K(24256K) Class: 4868K(5056K)->4868K(5056K)
[4166.751s][info][gc             ] GC(1125) Pause Young (Prepare Mixed) (G1 Evacuation Pause) 3626M->1451M(4096M) 117.988ms
[4166.751s][info][gc,cpu         ] GC(1125) User=0.71s Sys=0.00s Real=0.12s
..[4169.147s][info][gc,start       ] GC(1126) Pause Young (Mixed) (G1 Evacuation Pause)
[4169.147s][info][gc,task        ] GC(1126) Using 6 workers of 6 for evacuation
[4169.282s][info][gc,phases      ] GC(1126)   Pre Evacuate Collection Set: 0.34ms
[4169.282s][info][gc,phases      ] GC(1126)   Merge Heap Roots: 0.83ms
[4169.282s][info][gc,phases      ] GC(1126)   Evacuate Collection Set: 132.87ms
[4169.282s][info][gc,phases      ] GC(1126)   Post Evacuate Collection Set: 0.93ms
[4169.282s][info][gc,phases      ] GC(1126)   Other: 0.09ms
[4169.282s][info][gc,heap        ] GC(1126) Eden regions: 1109->0(1119)
[4169.282s][info][gc,heap        ] GC(1126) Survivor regions: 109->109(153)
[4169.282s][info][gc,heap        ] GC(1126) Old regions: 538->474
[4169.282s][info][gc,heap        ] GC(1126) Humongous regions: 80->80
[4169.282s][info][gc,metaspace   ] GC(1126) Metaspace: 28905K(29312K)->28905K(29312K) NonClass: 24036K(24256K)->24036K(24256K) Class: 4868K(5056K)->4868K(5056K)
[4169.282s][info][gc             ] GC(1126) Pause Young (Mixed) (G1 Evacuation Pause) 3669M->1323M(4096M) 135.197ms
[4169.283s][info][gc,cpu         ] GC(1126) User=0.80s Sys=0.00s Real=0.13s
...[4171.676s][info][gc,start       ] GC(1127) Pause Young (Concurrent Start) (G1 Evacuation Pause)
[4171.676s][info][gc,task        ] GC(1127) Using 6 workers of 6 for evacuation
[4171.792s][info][gc,phases      ] GC(1127)   Pre Evacuate Collection Set: 0.40ms
[4171.792s][info][gc,phases      ] GC(1127)   Merge Heap Roots: 0.47ms
[4171.792s][info][gc,phases      ] GC(1127)   Evacuate Collection Set: 114.29ms
[4171.792s][info][gc,phases      ] GC(1127)   Post Evacuate Collection Set: 0.88ms
[4171.792s][info][gc,phases      ] GC(1127)   Other: 0.11ms
[4171.792s][info][gc,heap        ] GC(1127) Eden regions: 1119->0(1118)
[4171.792s][info][gc,heap        ] GC(1127) Survivor regions: 109->110(154)
[4171.792s][info][gc,heap        ] GC(1127) Old regions: 474->506
[4171.792s][info][gc,heap        ] GC(1127) Humongous regions: 80->80
[4171.792s][info][gc,metaspace   ] GC(1127) Metaspace: 28905K(29312K)->28905K(29312K) NonClass: 24036K(24256K)->24036K(24256K) Class: 4868K(5056K)->4868K(5056K)
[4171.792s][info][gc             ] GC(1127) Pause Young (Concurrent Start) (G1 Evacuation Pause) 3561M->1388M(4096M) 116.287ms
[4171.792s][info][gc             ] GC(1128) Concurrent Mark Cycle
[4171.792s][info][gc,marking     ] GC(1128) Concurrent Scan Root Regions
[4171.792s][info][gc,cpu         ] GC(1127) User=0.69s Sys=0.00s Real=0.11s
[4171.932s][info][gc,marking     ] GC(1128) Concurrent Scan Root Regions 139.440ms
[4171.932s][info][gc,marking     ] GC(1128) Concurrent Mark
[4171.932s][info][gc,marking     ] GC(1128) Concurrent Mark From Roots
[4171.932s][info][gc,task        ] GC(1128) Using 2 workers of 2 for marking
.[4172.689s][info][gc,marking     ] GC(1128) Concurrent Mark From Roots 757.234ms
[4172.689s][info][gc,marking     ] GC(1128) Concurrent Preclean
[4172.689s][info][gc,marking     ] GC(1128) Concurrent Preclean 0.129ms
[4172.691s][info][gc,start       ] GC(1128) Pause Remark
[4172.694s][info][gc             ] GC(1128) Pause Remark 2224M->2224M(4096M) 3.081ms
[4172.694s][info][gc,cpu         ] GC(1128) User=0.01s Sys=0.00s Real=0.00s
[4172.695s][info][gc,marking     ] GC(1128) Concurrent Mark 763.617ms
[4172.695s][info][gc,marking     ] GC(1128) Concurrent Rebuild Remembered Sets and Scrub Regions
[4173.031s][info][gc,marking     ] GC(1128) Concurrent Rebuild Remembered Sets and Scrub Regions 335.290ms
[4173.032s][info][gc,start       ] GC(1128) Pause Cleanup
[4173.032s][info][gc             ] GC(1128) Pause Cleanup 2520M->2520M(4096M) 0.115ms
[4173.032s][info][gc,cpu         ] GC(1128) User=0.00s Sys=0.00s Real=0.00s
[4173.032s][info][gc,marking     ] GC(1128) Concurrent Clear Claimed Marks
[4173.032s][info][gc,marking     ] GC(1128) Concurrent Clear Claimed Marks 0.046ms
[4173.032s][info][gc,marking     ] GC(1128) Concurrent Cleanup for Next Mark
[4173.050s][info][gc,marking     ] GC(1128) Concurrent Cleanup for Next Mark 17.375ms
[4173.050s][info][gc             ] GC(1128) Concurrent Mark Cycle 1257.413ms
.[4174.226s][info][gc,start       ] GC(1129) Pause Young (Prepare Mixed) (G1 Evacuation Pause)
[4174.226s][info][gc,task        ] GC(1129) Using 6 workers of 6 for evacuation
[4174.345s][info][gc,phases      ] GC(1129)   Pre Evacuate Collection Set: 0.31ms
[4174.345s][info][gc,phases      ] GC(1129)   Merge Heap Roots: 0.51ms
[4174.345s][info][gc,phases      ] GC(1129)   Evacuate Collection Set: 116.73ms
[4174.345s][info][gc,phases      ] GC(1129)   Post Evacuate Collection Set: 0.91ms
[4174.345s][info][gc,phases      ] GC(1129)   Other: 0.08ms
[4174.345s][info][gc,heap        ] GC(1129) Eden regions: 1118->0(1108)
[4174.345s][info][gc,heap        ] GC(1129) Survivor regions: 110->110(154)
[4174.345s][info][gc,heap        ] GC(1129) Old regions: 506->537
[4174.345s][info][gc,heap        ] GC(1129) Humongous regions: 80->80
[4174.345s][info][gc,metaspace   ] GC(1129) Metaspace: 28905K(29312K)->28905K(29312K) NonClass: 24036K(24256K)->24036K(24256K) Class: 4868K(5056K)->4868K(5056K)
[4174.345s][info][gc             ] GC(1129) Pause Young (Prepare Mixed) (G1 Evacuation Pause) 3624M->1452M(4096M) 118.659ms
[4174.345s][info][gc,cpu         ] GC(1129) User=0.70s Sys=0.00s Real=0.12s
...[4176.670s][info][gc,start       ] GC(1130) Pause Young (Mixed) (G1 Evacuation Pause)
[4176.670s][info][gc,task        ] GC(1130) Using 6 workers of 6 for evacuation
[4176.806s][info][gc,phases      ] GC(1130)   Pre Evacuate Collection Set: 0.37ms
[4176.806s][info][gc,phases      ] GC(1130)   Merge Heap Roots: 0.69ms
[4176.806s][info][gc,phases      ] GC(1130)   Evacuate Collection Set: 133.84ms
[4176.806s][info][gc,phases      ] GC(1130)   Post Evacuate Collection Set: 0.94ms
[4176.806s][info][gc,phases      ] GC(1130)   Other: 0.09ms
[4176.806s][info][gc,heap        ] GC(1130) Eden regions: 1108->0(1118)
[4176.806s][info][gc,heap        ] GC(1130) Survivor regions: 110->110(153)
[4176.806s][info][gc,heap        ] GC(1130) Old regions: 537->475
[4176.806s][info][gc,heap        ] GC(1130) Humongous regions: 80->80
[4176.806s][info][gc,metaspace   ] GC(1130) Metaspace: 28905K(29312K)->28905K(29312K) NonClass: 24036K(24256K)->24036K(24256K) Class: 4868K(5056K)->4868K(5056K)
[4176.806s][info][gc             ] GC(1130) Pause Young (Mixed) (G1 Evacuation Pause) 3668M->1327M(4096M) 136.054ms
[4176.806s][info][gc,cpu         ] GC(1130) User=0.81s Sys=0.00s Real=0.14s
..[4179.209s][info][gc,start       ] GC(1131) Pause Young (Concurrent Start) (G1 Evacuation Pause)
[4179.209s][info][gc,task        ] GC(1131) Using 6 workers of 6 for evacuation
[4179.332s][info][gc,phases      ] GC(1131)   Pre Evacuate Collection Set: 0.37ms
[4179.332s][info][gc,phases      ] GC(1131)   Merge Heap Roots: 0.49ms
[4179.332s][info][gc,phases      ] GC(1131)   Evacuate Collection Set: 120.55ms
[4179.332s][info][gc,phases      ] GC(1131)   Post Evacuate Collection Set: 0.87ms
[4179.332s][info][gc,phases      ] GC(1131)   Other: 0.13ms
[4179.332s][info][gc,heap        ] GC(1131) Eden regions: 1118->0(1115)
[4179.332s][info][gc,heap        ] GC(1131) Survivor regions: 110->113(154)
[4179.332s][info][gc,heap        ] GC(1131) Old regions: 475->507
[4179.332s][info][gc,heap        ] GC(1131) Humongous regions: 80->80
[4179.332s][info][gc,metaspace   ] GC(1131) Metaspace: 28905K(29312K)->28905K(29312K) NonClass: 24036K(24256K)->24036K(24256K) Class: 4868K(5056K)->4868K(5056K)
[4179.332s][info][gc             ] GC(1131) Pause Young (Concurrent Start) (G1 Evacuation Pause) 3563M->1396M(4096M) 122.547ms
[4179.332s][info][gc             ] GC(1132) Concurrent Mark Cycle
[4179.332s][info][gc,marking     ] GC(1132) Concurrent Scan Root Regions
[4179.332s][info][gc,cpu         ] GC(1131) User=0.73s Sys=0.00s Real=0.12s
[4179.517s][info][gc,marking     ] GC(1132) Concurrent Scan Root Regions 184.848ms
[4179.517s][info][gc,marking     ] GC(1132) Concurrent Mark
[4179.517s][info][gc,marking     ] GC(1132) Concurrent Mark From Roots
[4179.517s][info][gc,task        ] GC(1132) Using 2 workers of 2 for marking
.[4180.521s][info][gc,marking     ] GC(1132) Concurrent Mark From Roots 1003.968ms
[4180.521s][info][gc,marking     ] GC(1132) Concurrent Preclean
[4180.521s][info][gc,marking     ] GC(1132) Concurrent Preclean 0.135ms
[4180.522s][info][gc,start       ] GC(1132) Pause Remark
[4180.525s][info][gc             ] GC(1132) Pause Remark 2520M->2520M(4096M) 3.331ms
[4180.525s][info][gc,cpu         ] GC(1132) User=0.02s Sys=0.00s Real=0.01s
[4180.526s][info][gc,marking     ] GC(1132) Concurrent Mark 1009.540ms
[4180.526s][info][gc,marking     ] GC(1132) Concurrent Rebuild Remembered Sets and Scrub Regions
.[4180.949s][info][gc,marking     ] GC(1132) Concurrent Rebuild Remembered Sets and Scrub Regions 422.405ms
[4180.950s][info][gc,start       ] GC(1132) Pause Cleanup
[4180.950s][info][gc             ] GC(1132) Pause Cleanup 2952M->2952M(4096M) 0.127ms
[4180.950s][info][gc,cpu         ] GC(1132) User=0.00s Sys=0.00s Real=0.00s
[4180.950s][info][gc,marking     ] GC(1132) Concurrent Clear Claimed Marks
[4180.950s][info][gc,marking     ] GC(1132) Concurrent Clear Claimed Marks 0.029ms
[4180.950s][info][gc,marking     ] GC(1132) Concurrent Cleanup for Next Mark
[4180.959s][info][gc,marking     ] GC(1132) Concurrent Cleanup for Next Mark 8.425ms
[4180.959s][info][gc             ] GC(1132) Concurrent Mark Cycle 1627.154ms
.[4181.696s][info][gc,start       ] GC(1133) Pause Young (Prepare Mixed) (G1 Evacuation Pause)
[4181.696s][info][gc,task        ] GC(1133) Using 6 workers of 6 for evacuation
[4181.814s][info][gc,phases      ] GC(1133)   Pre Evacuate Collection Set: 0.33ms
[4181.814s][info][gc,phases      ] GC(1133)   Merge Heap Roots: 0.54ms
[4181.814s][info][gc,phases      ] GC(1133)   Evacuate Collection Set: 116.18ms
[4181.814s][info][gc,phases      ] GC(1133)   Post Evacuate Collection Set: 0.90ms
[4181.814s][info][gc,phases      ] GC(1133)   Other: 0.09ms
[4181.814s][info][gc,heap        ] GC(1133) Eden regions: 1115->0(1105)
[4181.814s][info][gc,heap        ] GC(1133) Survivor regions: 113->111(154)
[4181.814s][info][gc,heap        ] GC(1133) Old regions: 507->538
[4181.814s][info][gc,heap        ] GC(1133) Humongous regions: 80->80
[4181.814s][info][gc,metaspace   ] GC(1133) Metaspace: 28905K(29312K)->28905K(29312K) NonClass: 24036K(24256K)->24036K(24256K) Class: 4868K(5056K)->4868K(5056K)
[4181.814s][info][gc             ] GC(1133) Pause Young (Prepare Mixed) (G1 Evacuation Pause) 3626M->1455M(4096M) 118.173ms
[4181.814s][info][gc,cpu         ] GC(1133) User=0.71s Sys=0.00s Real=0.11s
..[4184.170s][info][gc,start       ] GC(1134) Pause Young (Mixed) (G1 Evacuation Pause)
[4184.170s][info][gc,task        ] GC(1134) Using 6 workers of 6 for evacuation
[4184.304s][info][gc,phases      ] GC(1134)   Pre Evacuate Collection Set: 0.37ms
[4184.304s][info][gc,phases      ] GC(1134)   Merge Heap Roots: 0.74ms
[4184.304s][info][gc,phases      ] GC(1134)   Evacuate Collection Set: 131.14ms
[4184.304s][info][gc,phases      ] GC(1134)   Post Evacuate Collection Set: 0.97ms
[4184.304s][info][gc,phases      ] GC(1134)   Other: 0.10ms
[4184.304s][info][gc,heap        ] GC(1134) Eden regions: 1105->0(1120)
[4184.304s][info][gc,heap        ] GC(1134) Survivor regions: 111->108(152)
[4184.304s][info][gc,heap        ] GC(1134) Old regions: 538->475
[4184.304s][info][gc,heap        ] GC(1134) Humongous regions: 80->80
[4184.304s][info][gc,metaspace   ] GC(1134) Metaspace: 28905K(29312K)->28905K(29312K) NonClass: 24036K(24256K)->24036K(24256K) Class: 4868K(5056K)->4868K(5056K)
[4184.304s][info][gc             ] GC(1134) Pause Young (Mixed) (G1 Evacuation Pause) 3665M->1323M(4096M) 133.438ms
[4184.304s][info][gc,cpu         ] GC(1134) User=0.79s Sys=0.00s Real=0.13s
..[4186.659s][info][gc,start       ] GC(1135) Pause Young (Concurrent Start) (G1 Evacuation Pause)
[4186.659s][info][gc,task        ] GC(1135) Using 6 workers of 6 for evacuation
[4186.781s][info][gc,phases      ] GC(1135)   Pre Evacuate Collection Set: 0.37ms
[4186.781s][info][gc,phases      ] GC(1135)   Merge Heap Roots: 0.45ms
[4186.781s][info][gc,phases      ] GC(1135)   Evacuate Collection Set: 119.70ms
[4186.781s][info][gc,phases      ] GC(1135)   Post Evacuate Collection Set: 0.82ms
[4186.781s][info][gc,phases      ] GC(1135)   Other: 0.10ms
[4186.781s][info][gc,heap        ] GC(1135) Eden regions: 1120->0(1117)
[4186.781s][info][gc,heap        ] GC(1135) Survivor regions: 108->111(154)
[4186.781s][info][gc,heap        ] GC(1135) Old regions: 475->507
[4186.781s][info][gc,heap        ] GC(1135) Humongous regions: 80->80
[4186.781s][info][gc,metaspace   ] GC(1135) Metaspace: 28905K(29312K)->28905K(29312K) NonClass: 24036K(24256K)->24036K(24256K) Class: 4868K(5056K)->4868K(5056K)
[4186.781s][info][gc             ] GC(1135) Pause Young (Concurrent Start) (G1 Evacuation Pause) 3563M->1394M(4096M) 121.574ms
[4186.781s][info][gc             ] GC(1136) Concurrent Mark Cycle
[4186.781s][info][gc,marking     ] GC(1136) Concurrent Scan Root Regions
[4186.781s][info][gc,cpu         ] GC(1135) User=0.73s Sys=0.00s Real=0.12s
.[4186.967s][info][gc,marking     ] GC(1136) Concurrent Scan Root Regions 186.538ms
[4186.968s][info][gc,marking     ] GC(1136) Concurrent Mark
[4186.968s][info][gc,marking     ] GC(1136) Concurrent Mark From Roots
[4186.968s][info][gc,task        ] GC(1136) Using 2 workers of 2 for marking
.[4187.969s][info][gc,marking     ] GC(1136) Concurrent Mark From Roots 1001.335ms
[4187.969s][info][gc,marking     ] GC(1136) Concurrent Preclean
[4187.969s][info][gc,marking     ] GC(1136) Concurrent Preclean 0.130ms
[4187.970s][info][gc,start       ] GC(1136) Pause Remark
[4187.973s][info][gc             ] GC(1136) Pause Remark 2512M->2512M(4096M) 3.216ms
[4187.973s][info][gc,cpu         ] GC(1136) User=0.02s Sys=0.00s Real=0.00s
[4187.973s][info][gc,marking     ] GC(1136) Concurrent Mark 1005.668ms
[4187.973s][info][gc,marking     ] GC(1136) Concurrent Rebuild Remembered Sets and Scrub Regions
[4188.315s][info][gc,marking     ] GC(1136) Concurrent Rebuild Remembered Sets and Scrub Regions 341.636ms
[4188.315s][info][gc,start       ] GC(1136) Pause Cleanup
[4188.315s][info][gc             ] GC(1136) Pause Cleanup 2872M->2872M(4096M) 0.122ms
[4188.315s][info][gc,cpu         ] GC(1136) User=0.00s Sys=0.00s Real=0.00s
[4188.315s][info][gc,marking     ] GC(1136) Concurrent Clear Claimed Marks
[4188.315s][info][gc,marking     ] GC(1136) Concurrent Clear Claimed Marks 0.025ms
[4188.315s][info][gc,marking     ] GC(1136) Concurrent Cleanup for Next Mark
[4188.320s][info][gc,marking     ] GC(1136) Concurrent Cleanup for Next Mark 5.090ms
[4188.320s][info][gc             ] GC(1136) Concurrent Mark Cycle 1539.477ms
.[4189.203s][info][gc,start       ] GC(1137) Pause Young (Prepare Mixed) (G1 Evacuation Pause)
[4189.203s][info][gc,task        ] GC(1137) Using 6 workers of 6 for evacuation
[4189.321s][info][gc,phases      ] GC(1137)   Pre Evacuate Collection Set: 0.31ms
[4189.321s][info][gc,phases      ] GC(1137)   Merge Heap Roots: 0.51ms
[4189.321s][info][gc,phases      ] GC(1137)   Evacuate Collection Set: 116.41ms
[4189.321s][info][gc,phases      ] GC(1137)   Post Evacuate Collection Set: 0.91ms
[4189.321s][info][gc,phases      ] GC(1137)   Other: 0.08ms
[4189.321s][info][gc,heap        ] GC(1137) Eden regions: 1117->0(1110)
[4189.321s][info][gc,heap        ] GC(1137) Survivor regions: 111->108(154)
[4189.321s][info][gc,heap        ] GC(1137) Old regions: 507->539
[4189.321s][info][gc,heap        ] GC(1137) Humongous regions: 80->80
[4189.321s][info][gc,metaspace   ] GC(1137) Metaspace: 28905K(29312K)->28905K(29312K) NonClass: 24036K(24256K)->24036K(24256K) Class: 4868K(5056K)->4868K(5056K)
[4189.321s][info][gc             ] GC(1137) Pause Young (Prepare Mixed) (G1 Evacuation Pause) 3628M->1451M(4096M) 118.347ms
[4189.321s][info][gc,cpu         ] GC(1137) User=0.71s Sys=0.00s Real=0.12s
..[4191.723s][info][gc,start       ] GC(1138) Pause Young (Mixed) (G1 Evacuation Pause)
[4191.723s][info][gc,task        ] GC(1138) Using 6 workers of 6 for evacuation
[4191.857s][info][gc,phases      ] GC(1138)   Pre Evacuate Collection Set: 0.40ms
[4191.857s][info][gc,phases      ] GC(1138)   Merge Heap Roots: 0.65ms
[4191.857s][info][gc,phases      ] GC(1138)   Evacuate Collection Set: 131.18ms
[4191.857s][info][gc,phases      ] GC(1138)   Post Evacuate Collection Set: 0.95ms
[4191.857s][info][gc,phases      ] GC(1138)   Other: 0.09ms
[4191.857s][info][gc,heap        ] GC(1138) Eden regions: 1110->0(1118)
[4191.857s][info][gc,heap        ] GC(1138) Survivor regions: 108->110(153)
[4191.857s][info][gc,heap        ] GC(1138) Old regions: 539->475
[4191.857s][info][gc,heap        ] GC(1138) Humongous regions: 80->80
[4191.857s][info][gc,metaspace   ] GC(1138) Metaspace: 28905K(29312K)->28905K(29312K) NonClass: 24036K(24256K)->24036K(24256K) Class: 4868K(5056K)->4868K(5056K)
[4191.857s][info][gc             ] GC(1138) Pause Young (Mixed) (G1 Evacuation Pause) 3671M->1327M(4096M) 133.423ms
[4191.857s][info][gc,cpu         ] GC(1138) User=0.79s Sys=0.00s Real=0.14s
...[4194.278s][info][gc,start       ] GC(1139) Pause Young (Concurrent Start) (G1 Evacuation Pause)
[4194.278s][info][gc,task        ] GC(1139) Using 6 workers of 6 for evacuation
[4194.394s][info][gc,phases      ] GC(1139)   Pre Evacuate Collection Set: 0.34ms
[4194.394s][info][gc,phases      ] GC(1139)   Merge Heap Roots: 0.48ms
[4194.394s][info][gc,phases      ] GC(1139)   Evacuate Collection Set: 114.09ms
[4194.394s][info][gc,phases      ] GC(1139)   Post Evacuate Collection Set: 0.89ms
[4194.394s][info][gc,phases      ] GC(1139)   Other: 0.12ms
[4194.394s][info][gc,heap        ] GC(1139) Eden regions: 1118->0(1120)
[4194.394s][info][gc,heap        ] GC(1139) Survivor regions: 110->108(154)
[4194.394s][info][gc,heap        ] GC(1139) Old regions: 475->506
[4194.394s][info][gc,heap        ] GC(1139) Humongous regions: 80->80
[4194.394s][info][gc,metaspace   ] GC(1139) Metaspace: 28905K(29312K)->28905K(29312K) NonClass: 24036K(24256K)->24036K(24256K) Class: 4868K(5056K)->4868K(5056K)
[4194.394s][info][gc             ] GC(1139) Pause Young (Concurrent Start) (G1 Evacuation Pause) 3563M->1386M(4096M) 116.071ms
[4194.394s][info][gc             ] GC(1140) Concurrent Mark Cycle
[4194.394s][info][gc,marking     ] GC(1140) Concurrent Scan Root Regions
[4194.394s][info][gc,cpu         ] GC(1139) User=0.69s Sys=0.00s Real=0.11s
[4194.561s][info][gc,marking     ] GC(1140) Concurrent Scan Root Regions 167.158ms
[4194.561s][info][gc,marking     ] GC(1140) Concurrent Mark
[4194.561s][info][gc,marking     ] GC(1140) Concurrent Mark From Roots
[4194.561s][info][gc,task        ] GC(1140) Using 2 workers of 2 for marking
.[4195.599s][info][gc,marking     ] GC(1140) Concurrent Mark From Roots 1038.041ms
[4195.599s][info][gc,marking     ] GC(1140) Concurrent Preclean
[4195.600s][info][gc,marking     ] GC(1140) Concurrent Preclean 0.125ms
[4195.602s][info][gc,start       ] GC(1140) Pause Remark
[4195.606s][info][gc             ] GC(1140) Pause Remark 2590M->2590M(4096M) 3.368ms
[4195.606s][info][gc,cpu         ] GC(1140) User=0.02s Sys=0.00s Real=0.01s
[4195.606s][info][gc,marking     ] GC(1140) Concurrent Mark 1044.950ms
[4195.606s][info][gc,marking     ] GC(1140) Concurrent Rebuild Remembered Sets and Scrub Regions
[4195.925s][info][gc,marking     ] GC(1140) Concurrent Rebuild Remembered Sets and Scrub Regions 318.231ms
[4195.925s][info][gc,start       ] GC(1140) Pause Cleanup
[4195.925s][info][gc             ] GC(1140) Pause Cleanup 2862M->2862M(4096M) 0.119ms
[4195.925s][info][gc,cpu         ] GC(1140) User=0.00s Sys=0.00s Real=0.01s
[4195.925s][info][gc,marking     ] GC(1140) Concurrent Clear Claimed Marks
[4195.925s][info][gc,marking     ] GC(1140) Concurrent Clear Claimed Marks 0.032ms
[4195.925s][info][gc,marking     ] GC(1140) Concurrent Cleanup for Next Mark
[4195.929s][info][gc,marking     ] GC(1140) Concurrent Cleanup for Next Mark 4.316ms
[4195.929s][info][gc             ] GC(1140) Concurrent Mark Cycle 1535.253ms
.[4196.750s][info][gc,start       ] GC(1141) Pause Young (Prepare Mixed) (G1 Evacuation Pause)
[4196.750s][info][gc,task        ] GC(1141) Using 6 workers of 6 for evacuation
[4196.870s][info][gc,phases      ] GC(1141)   Pre Evacuate Collection Set: 0.34ms
[4196.870s][info][gc,phases      ] GC(1141)   Merge Heap Roots: 0.54ms
[4196.870s][info][gc,phases      ] GC(1141)   Evacuate Collection Set: 118.04ms
[4196.870s][info][gc,phases      ] GC(1141)   Post Evacuate Collection Set: 0.91ms
[4196.870s][info][gc,phases      ] GC(1141)   Other: 0.09ms
[4196.870s][info][gc,heap        ] GC(1141) Eden regions: 1120->0(1107)
[4196.870s][info][gc,heap        ] GC(1141) Survivor regions: 108->110(154)
[4196.870s][info][gc,heap        ] GC(1141) Old regions: 506->538
[4196.870s][info][gc,heap        ] GC(1141) Humongous regions: 80->80
[4196.870s][info][gc,metaspace   ] GC(1141) Metaspace: 28905K(29312K)->28905K(29312K) NonClass: 24036K(24256K)->24036K(24256K) Class: 4868K(5056K)->4868K(5056K)
[4196.870s][info][gc             ] GC(1141) Pause Young (Prepare Mixed) (G1 Evacuation Pause) 3626M->1453M(4096M) 120.043ms
[4196.870s][info][gc,cpu         ] GC(1141) User=0.72s Sys=0.00s Real=0.12s
...[4199.251s][info][gc,start       ] GC(1142) Pause Young (Mixed) (G1 Evacuation Pause)
[4199.251s][info][gc,task        ] GC(1142) Using 6 workers of 6 for evacuation
[4199.384s][info][gc,phases      ] GC(1142)   Pre Evacuate Collection Set: 0.38ms
[4199.384s][info][gc,phases      ] GC(1142)   Merge Heap Roots: 0.72ms
[4199.384s][info][gc,phases      ] GC(1142)   Evacuate Collection Set: 130.82ms
[4199.384s][info][gc,phases      ] GC(1142)   Post Evacuate Collection Set: 0.99ms
[4199.384s][info][gc,phases      ] GC(1142)   Other: 0.09ms
[4199.384s][info][gc,heap        ] GC(1142) Eden regions: 1107->0(1122)
[4199.384s][info][gc,heap        ] GC(1142) Survivor regions: 110->106(153)
[4199.384s][info][gc,heap        ] GC(1142) Old regions: 538->472
[4199.384s][info][gc,heap        ] GC(1142) Humongous regions: 80->80
[4199.384s][info][gc,metaspace   ] GC(1142) Metaspace: 28905K(29312K)->28905K(29312K) NonClass: 24036K(24256K)->24036K(24256K) Class: 4868K(5056K)->4868K(5056K)
[4199.384s][info][gc             ] GC(1142) Pause Young (Mixed) (G1 Evacuation Pause) 3667M->1313M(4096M) 133.122ms
[4199.384s][info][gc,cpu         ] GC(1142) User=0.79s Sys=0.00s Real=0.13s
..[4201.818s][info][gc,start       ] GC(1143) Pause Young (Concurrent Start) (G1 Evacuation Pause)
[4201.818s][info][gc,task        ] GC(1143) Using 6 workers of 6 for evacuation
[4201.935s][info][gc,phases      ] GC(1143)   Pre Evacuate Collection Set: 0.33ms
[4201.935s][info][gc,phases      ] GC(1143)   Merge Heap Roots: 0.49ms
[4201.935s][info][gc,phases      ] GC(1143)   Evacuate Collection Set: 115.61ms
[4201.935s][info][gc,phases      ] GC(1143)   Post Evacuate Collection Set: 0.87ms
[4201.935s][info][gc,phases      ] GC(1143)   Other: 0.11ms
[4201.935s][info][gc,heap        ] GC(1143) Eden regions: 1122->0(1116)
[4201.935s][info][gc,heap        ] GC(1143) Survivor regions: 106->112(154)
[4201.935s][info][gc,heap        ] GC(1143) Old regions: 472->501
[4201.935s][info][gc,heap        ] GC(1143) Humongous regions: 80->80
[4201.935s][info][gc,metaspace   ] GC(1143) Metaspace: 28905K(29312K)->28905K(29312K) NonClass: 24036K(24256K)->24036K(24256K) Class: 4868K(5056K)->4868K(5056K)
[4201.935s][info][gc             ] GC(1143) Pause Young (Concurrent Start) (G1 Evacuation Pause) 3557M->1384M(4096M) 117.535ms
[4201.935s][info][gc             ] GC(1144) Concurrent Mark Cycle
[4201.935s][info][gc,marking     ] GC(1144) Concurrent Scan Root Regions
[4201.936s][info][gc,cpu         ] GC(1143) User=0.70s Sys=0.00s Real=0.12s
[4202.065s][info][gc,marking     ] GC(1144) Concurrent Scan Root Regions 129.278ms
[4202.065s][info][gc,marking     ] GC(1144) Concurrent Mark
[4202.065s][info][gc,marking     ] GC(1144) Concurrent Mark From Roots
[4202.065s][info][gc,task        ] GC(1144) Using 2 workers of 2 for marking
.[4202.638s][info][gc,marking     ] GC(1144) Concurrent Mark From Roots 573.493ms
[4202.638s][info][gc,marking     ] GC(1144) Concurrent Preclean
[4202.639s][info][gc,marking     ] GC(1144) Concurrent Preclean 0.119ms
[4202.640s][info][gc,start       ] GC(1144) Pause Remark
[4202.643s][info][gc             ] GC(1144) Pause Remark 1964M->1964M(4096M) 2.860ms
[4202.643s][info][gc,cpu         ] GC(1144) User=0.01s Sys=0.00s Real=0.00s
[4202.644s][info][gc,marking     ] GC(1144) Concurrent Mark 578.669ms
[4202.644s][info][gc,marking     ] GC(1144) Concurrent Rebuild Remembered Sets and Scrub Regions
[4203.067s][info][gc,marking     ] GC(1144) Concurrent Rebuild Remembered Sets and Scrub Regions 423.789ms
[4203.069s][info][gc,start       ] GC(1144) Pause Cleanup
[4203.069s][info][gc             ] GC(1144) Pause Cleanup 2400M->2400M(4096M) 0.131ms
[4203.069s][info][gc,cpu         ] GC(1144) User=0.00s Sys=0.00s Real=0.00s
[4203.069s][info][gc,marking     ] GC(1144) Concurrent Clear Claimed Marks
[4203.069s][info][gc,marking     ] GC(1144) Concurrent Clear Claimed Marks 0.028ms
[4203.069s][info][gc,marking     ] GC(1144) Concurrent Cleanup for Next Mark
[4203.076s][info][gc,marking     ] GC(1144) Concurrent Cleanup for Next Mark 6.711ms
[4203.076s][info][gc             ] GC(1144) Concurrent Mark Cycle 1140.380ms
.[4204.257s][info][gc,start       ] GC(1145) Pause Young (Prepare Mixed) (G1 Evacuation Pause)
[4204.257s][info][gc,task        ] GC(1145) Using 6 workers of 6 for evacuation
[4204.373s][info][gc,phases      ] GC(1145)   Pre Evacuate Collection Set: 0.32ms
[4204.373s][info][gc,phases      ] GC(1145)   Merge Heap Roots: 0.50ms
[4204.373s][info][gc,phases      ] GC(1145)   Evacuate Collection Set: 114.00ms
[4204.373s][info][gc,phases      ] GC(1145)   Post Evacuate Collection Set: 0.91ms
[4204.373s][info][gc,phases      ] GC(1145)   Other: 0.08ms
[4204.373s][info][gc,heap        ] GC(1145) Eden regions: 1116->0(1114)
[4204.373s][info][gc,heap        ] GC(1145) Survivor regions: 112->109(154)
[4204.373s][info][gc,heap        ] GC(1145) Old regions: 501->533
[4204.373s][info][gc,heap        ] GC(1145) Humongous regions: 80->80
[4204.373s][info][gc,metaspace   ] GC(1145) Metaspace: 28905K(29312K)->28905K(29312K) NonClass: 24036K(24256K)->24036K(24256K) Class: 4868K(5056K)->4868K(5056K)
[4204.373s][info][gc             ] GC(1145) Pause Young (Prepare Mixed) (G1 Evacuation Pause) 3616M->1440M(4096M) 115.938ms
[4204.373s][info][gc,cpu         ] GC(1145) User=0.69s Sys=0.00s Real=0.11s
...[4206.711s][info][gc,start       ] GC(1146) Pause Young (Mixed) (G1 Evacuation Pause)
[4206.711s][info][gc,task        ] GC(1146) Using 6 workers of 6 for evacuation
[4206.845s][info][gc,phases      ] GC(1146)   Pre Evacuate Collection Set: 0.35ms
[4206.845s][info][gc,phases      ] GC(1146)   Merge Heap Roots: 0.68ms
[4206.845s][info][gc,phases      ] GC(1146)   Evacuate Collection Set: 132.06ms
[4206.845s][info][gc,phases      ] GC(1146)   Post Evacuate Collection Set: 0.96ms
[4206.845s][info][gc,phases      ] GC(1146)   Other: 0.10ms
[4206.845s][info][gc,heap        ] GC(1146) Eden regions: 1114->0(1119)
[4206.845s][info][gc,heap        ] GC(1146) Survivor regions: 109->109(153)
[4206.845s][info][gc,heap        ] GC(1146) Old regions: 533->473
[4206.845s][info][gc,heap        ] GC(1146) Humongous regions: 80->80
[4206.845s][info][gc,metaspace   ] GC(1146) Metaspace: 28905K(29312K)->28905K(29312K) NonClass: 24036K(24256K)->24036K(24256K) Class: 4868K(5056K)->4868K(5056K)
[4206.845s][info][gc             ] GC(1146) Pause Young (Mixed) (G1 Evacuation Pause) 3668M->1322M(4096M) 134.284ms
[4206.845s][info][gc,cpu         ] GC(1146) User=0.80s Sys=0.00s Real=0.14s
..[4209.231s][info][gc,start       ] GC(1147) Pause Young (Concurrent Start) (G1 Evacuation Pause)
[4209.231s][info][gc,task        ] GC(1147) Using 6 workers of 6 for evacuation
[4209.352s][info][gc,phases      ] GC(1147)   Pre Evacuate Collection Set: 0.35ms
[4209.352s][info][gc,phases      ] GC(1147)   Merge Heap Roots: 0.51ms
[4209.352s][info][gc,phases      ] GC(1147)   Evacuate Collection Set: 119.52ms
[4209.352s][info][gc,phases      ] GC(1147)   Post Evacuate Collection Set: 0.86ms
[4209.352s][info][gc,phases      ] GC(1147)   Other: 0.11ms
[4209.352s][info][gc,heap        ] GC(1147) Eden regions: 1119->0(1117)
[4209.352s][info][gc,heap        ] GC(1147) Survivor regions: 109->111(154)
[4209.352s][info][gc,heap        ] GC(1147) Old regions: 473->505
[4209.352s][info][gc,heap        ] GC(1147) Humongous regions: 80->80
[4209.352s][info][gc,metaspace   ] GC(1147) Metaspace: 28905K(29312K)->28905K(29312K) NonClass: 24036K(24256K)->24036K(24256K) Class: 4868K(5056K)->4868K(5056K)
[4209.352s][info][gc             ] GC(1147) Pause Young (Concurrent Start) (G1 Evacuation Pause) 3560M->1390M(4096M) 121.490ms
[4209.352s][info][gc             ] GC(1148) Concurrent Mark Cycle
[4209.352s][info][gc,marking     ] GC(1148) Concurrent Scan Root Regions
[4209.352s][info][gc,cpu         ] GC(1147) User=0.72s Sys=0.00s Real=0.12s
.[4209.529s][info][gc,marking     ] GC(1148) Concurrent Scan Root Regions 176.862ms
[4209.529s][info][gc,marking     ] GC(1148) Concurrent Mark
[4209.529s][info][gc,marking     ] GC(1148) Concurrent Mark From Roots
[4209.529s][info][gc,task        ] GC(1148) Using 2 workers of 2 for marking
[4210.300s][info][gc,marking     ] GC(1148) Concurrent Mark From Roots 770.788ms
[4210.300s][info][gc,marking     ] GC(1148) Concurrent Preclean
[4210.300s][info][gc,marking     ] GC(1148) Concurrent Preclean 0.115ms
[4210.300s][info][gc,start       ] GC(1148) Pause Remark
[4210.304s][info][gc             ] GC(1148) Pause Remark 2289M->2289M(4096M) 3.698ms
[4210.304s][info][gc,cpu         ] GC(1148) User=0.02s Sys=0.00s Real=0.00s
[4210.304s][info][gc,marking     ] GC(1148) Concurrent Mark 774.871ms
[4210.304s][info][gc,marking     ] GC(1148) Concurrent Rebuild Remembered Sets and Scrub Regions
.[4210.580s][info][gc,marking     ] GC(1148) Concurrent Rebuild Remembered Sets and Scrub Regions 276.416ms
[4210.580s][info][gc,start       ] GC(1148) Pause Cleanup
[4210.581s][info][gc             ] GC(1148) Pause Cleanup 2561M->2561M(4096M) 0.110ms
[4210.581s][info][gc,cpu         ] GC(1148) User=0.00s Sys=0.00s Real=0.00s
[4210.581s][info][gc,marking     ] GC(1148) Concurrent Clear Claimed Marks
[4210.581s][info][gc,marking     ] GC(1148) Concurrent Clear Claimed Marks 0.026ms
[4210.581s][info][gc,marking     ] GC(1148) Concurrent Cleanup for Next Mark
[4210.585s][info][gc,marking     ] GC(1148) Concurrent Cleanup for Next Mark 4.569ms
[4210.585s][info][gc             ] GC(1148) Concurrent Mark Cycle 1233.242ms
.[4211.793s][info][gc,start       ] GC(1149) Pause Young (Prepare Mixed) (G1 Evacuation Pause)
[4211.793s][info][gc,task        ] GC(1149) Using 6 workers of 6 for evacuation
[4211.915s][info][gc,phases      ] GC(1149)   Pre Evacuate Collection Set: 0.30ms
[4211.915s][info][gc,phases      ] GC(1149)   Merge Heap Roots: 0.53ms
[4211.915s][info][gc,phases      ] GC(1149)   Evacuate Collection Set: 120.42ms
[4211.915s][info][gc,phases      ] GC(1149)   Post Evacuate Collection Set: 0.94ms
[4211.915s][info][gc,phases      ] GC(1149)   Other: 0.10ms
[4211.915s][info][gc,heap        ] GC(1149) Eden regions: 1117->0(1101)
[4211.915s][info][gc,heap        ] GC(1149) Survivor regions: 111->114(154)
[4211.915s][info][gc,heap        ] GC(1149) Old regions: 505->536
[4211.915s][info][gc,heap        ] GC(1149) Humongous regions: 80->80
[4211.916s][info][gc,metaspace   ] GC(1149) Metaspace: 28905K(29312K)->28905K(29312K) NonClass: 24036K(24256K)->24036K(24256K) Class: 4868K(5056K)->4868K(5056K)
[4211.916s][info][gc             ] GC(1149) Pause Young (Prepare Mixed) (G1 Evacuation Pause) 3624M->1457M(4096M) 122.419ms
[4211.916s][info][gc,cpu         ] GC(1149) User=0.73s Sys=0.00s Real=0.13s
.. (rIR:aIR:PR = 7472:7466:7466) (tPR = 110919) [OK] 
  4213s: Performance info:
         Transaction,    Success,    Partial,     Failed,   Receipts, AvgBarcode, 
             Overall,     448336,          0,          0,     425928,      59.47, 
         Response times:
             Request,    Success,    Partial,     Failed,   SkipFail,     Probes,    Samples,      min,      p50,      p90,      p95,      p99,      max, 
       TotalPurchase,     425928,          0,          0,          0,     357376,     460872,      300,     6200,    67000,   113000,   179000,   579000,
     InStorePurchase,     223880,          0,          0,          0,     188258,     242771,      300,     6300,    68000,   114000,   180000,   579000,
      OnlinePurchase,     157187,          0,          0,          0,     131707,     169383,      300,     6200,    67000,   113000,   180000,   551000,
        InstPurchase,      44861,          0,          0,          0,      37411,      48718,      400,     5600,    64000,   110000,   174000,   311000,
          AssocOfCat,        451,          0,          0,          0,        356,        539,    23000,    40000,   147000,   187000,   235800,   268000,
      AssocOfProduct,       4499,          0,          0,          0,       4136,       5638,      400,     7100,    70000,   113000,   181000,   230000,
      BusinessReport,       1123,          0,          0,          0,       1001,       1430,    23000,    43000,   128000,   174000,   238000,   293000,
          CustBuyBeh,       4469,          0,          0,          0,       4120,       5561,      200,     5800,    61000,    97000,   170000,   280000,
       ProductReturn,      11865,          0,          0,          0,      10172,      13359,      200,     6100,    67000,   118000,   174000,   272000,

  4213s: (55%)   IR =   7610 [4214.282s][info][gc,start       ] GC(1150) Pause Young (Mixed) (G1 Evacuation Pause)
[4214.282s][info][gc,task        ] GC(1150) Using 6 workers of 6 for evacuation
[4214.422s][info][gc,phases      ] GC(1150)   Pre Evacuate Collection Set: 0.37ms
[4214.422s][info][gc,phases      ] GC(1150)   Merge Heap Roots: 0.95ms
[4214.422s][info][gc,phases      ] GC(1150)   Evacuate Collection Set: 137.99ms
[4214.422s][info][gc,phases      ] GC(1150)   Post Evacuate Collection Set: 0.91ms
[4214.422s][info][gc,phases      ] GC(1150)   Other: 0.09ms
[4214.422s][info][gc,heap        ] GC(1150) Eden regions: 1101->0(1117)
[4214.422s][info][gc,heap        ] GC(1150) Survivor regions: 114->111(152)
[4214.422s][info][gc,heap        ] GC(1150) Old regions: 536->474
[4214.422s][info][gc,heap        ] GC(1150) Humongous regions: 80->80
[4214.422s][info][gc,metaspace   ] GC(1150) Metaspace: 28905K(29312K)->28905K(29312K) NonClass: 24036K(24256K)->24036K(24256K) Class: 4868K(5056K)->4868K(5056K)
[4214.422s][info][gc             ] GC(1150) Pause Young (Mixed) (G1 Evacuation Pause) 3659M->1326M(4096M) 140.429ms
[4214.422s][info][gc,cpu         ] GC(1150) User=0.83s Sys=0.00s Real=0.14s
...[4216.769s][info][gc,start       ] GC(1151) Pause Young (Concurrent Start) (G1 Evacuation Pause)
[4216.769s][info][gc,task        ] GC(1151) Using 6 workers of 6 for evacuation
[4216.886s][info][gc,phases      ] GC(1151)   Pre Evacuate Collection Set: 0.38ms
[4216.886s][info][gc,phases      ] GC(1151)   Merge Heap Roots: 0.47ms
[4216.886s][info][gc,phases      ] GC(1151)   Evacuate Collection Set: 115.83ms
[4216.886s][info][gc,phases      ] GC(1151)   Post Evacuate Collection Set: 0.87ms
[4216.886s][info][gc,phases      ] GC(1151)   Other: 0.11ms
[4216.886s][info][gc,heap        ] GC(1151) Eden regions: 1117->0(1119)
[4216.886s][info][gc,heap        ] GC(1151) Survivor regions: 111->109(154)
[4216.886s][info][gc,heap        ] GC(1151) Old regions: 474->506
[4216.886s][info][gc,heap        ] GC(1151) Humongous regions: 80->80
[4216.886s][info][gc,metaspace   ] GC(1151) Metaspace: 28905K(29312K)->28905K(29312K) NonClass: 24036K(24256K)->24036K(24256K) Class: 4868K(5056K)->4868K(5056K)
[4216.886s][info][gc             ] GC(1151) Pause Young (Concurrent Start) (G1 Evacuation Pause) 3560M->1387M(4096M) 117.770ms
[4216.886s][info][gc             ] GC(1152) Concurrent Mark Cycle
[4216.886s][info][gc,marking     ] GC(1152) Concurrent Scan Root Regions
[4216.886s][info][gc,cpu         ] GC(1151) User=0.70s Sys=0.00s Real=0.12s
[4217.054s][info][gc,marking     ] GC(1152) Concurrent Scan Root Regions 167.917ms
[4217.054s][info][gc,marking     ] GC(1152) Concurrent Mark
[4217.054s][info][gc,marking     ] GC(1152) Concurrent Mark From Roots
[4217.054s][info][gc,task        ] GC(1152) Using 2 workers of 2 for marking
.[4218.023s][info][gc,marking     ] GC(1152) Concurrent Mark From Roots 968.010ms
[4218.023s][info][gc,marking     ] GC(1152) Concurrent Preclean
[4218.023s][info][gc,marking     ] GC(1152) Concurrent Preclean 0.083ms
[4218.023s][info][gc,start       ] GC(1152) Pause Remark
[4218.026s][info][gc             ] GC(1152) Pause Remark 2476M->2476M(4096M) 3.603ms
[4218.026s][info][gc,cpu         ] GC(1152) User=0.02s Sys=0.00s Real=0.01s
[4218.026s][info][gc,marking     ] GC(1152) Concurrent Mark 971.958ms
[4218.026s][info][gc,marking     ] GC(1152) Concurrent Rebuild Remembered Sets and Scrub Regions
[4218.336s][info][gc,marking     ] GC(1152) Concurrent Rebuild Remembered Sets and Scrub Regions 309.844ms
[4218.339s][info][gc,start       ] GC(1152) Pause Cleanup
[4218.339s][info][gc             ] GC(1152) Pause Cleanup 2745M->2745M(4096M) 0.134ms
[4218.339s][info][gc,cpu         ] GC(1152) User=0.00s Sys=0.00s Real=0.00s
[4218.339s][info][gc,marking     ] GC(1152) Concurrent Clear Claimed Marks
[4218.339s][info][gc,marking     ] GC(1152) Concurrent Clear Claimed Marks 0.032ms
[4218.339s][info][gc,marking     ] GC(1152) Concurrent Cleanup for Next Mark
[4218.344s][info][gc,marking     ] GC(1152) Concurrent Cleanup for Next Mark 5.318ms
[4218.344s][info][gc             ] GC(1152) Concurrent Mark Cycle 1457.949ms
.|[4219.220s][info][gc,start       ] GC(1153) Pause Young (Prepare Mixed) (G1 Evacuation Pause)
[4219.220s][info][gc,task        ] GC(1153) Using 6 workers of 6 for evacuation
[4219.336s][info][gc,phases      ] GC(1153)   Pre Evacuate Collection Set: 0.33ms
[4219.336s][info][gc,phases      ] GC(1153)   Merge Heap Roots: 0.52ms
[4219.336s][info][gc,phases      ] GC(1153)   Evacuate Collection Set: 113.64ms
[4219.336s][info][gc,phases      ] GC(1153)   Post Evacuate Collection Set: 0.90ms
[4219.336s][info][gc,phases      ] GC(1153)   Other: 0.08ms
[4219.336s][info][gc,heap        ] GC(1153) Eden regions: 1119->0(1112)
[4219.336s][info][gc,heap        ] GC(1153) Survivor regions: 109->108(154)
[4219.336s][info][gc,heap        ] GC(1153) Old regions: 506->537
[4219.336s][info][gc,heap        ] GC(1153) Humongous regions: 80->80
[4219.336s][info][gc,metaspace   ] GC(1153) Metaspace: 28905K(29312K)->28905K(29312K) NonClass: 24036K(24256K)->24036K(24256K) Class: 4868K(5056K)->4868K(5056K)
[4219.336s][info][gc             ] GC(1153) Pause Young (Prepare Mixed) (G1 Evacuation Pause) 3625M->1447M(4096M) 115.608ms
[4219.336s][info][gc,cpu         ] GC(1153) User=0.69s Sys=0.00s Real=0.12s
...[4221.671s][info][gc,start       ] GC(1154) Pause Young (Mixed) (G1 Evacuation Pause)
[4221.671s][info][gc,task        ] GC(1154) Using 6 workers of 6 for evacuation
[4221.806s][info][gc,phases      ] GC(1154)   Pre Evacuate Collection Set: 0.38ms
[4221.806s][info][gc,phases      ] GC(1154)   Merge Heap Roots: 0.74ms
[4221.806s][info][gc,phases      ] GC(1154)   Evacuate Collection Set: 132.54ms
[4221.806s][info][gc,phases      ] GC(1154)   Post Evacuate Collection Set: 0.96ms
[4221.806s][info][gc,phases      ] GC(1154)   Other: 0.09ms
[4221.806s][info][gc,heap        ] GC(1154) Eden regions: 1112->0(1119)
[4221.806s][info][gc,heap        ] GC(1154) Survivor regions: 108->109(153)
[4221.806s][info][gc,heap        ] GC(1154) Old regions: 537->474
[4221.806s][info][gc,heap        ] GC(1154) Humongous regions: 80->80
[4221.806s][info][gc,metaspace   ] GC(1154) Metaspace: 28905K(29312K)->28905K(29312K) NonClass: 24036K(24256K)->24036K(24256K) Class: 4868K(5056K)->4868K(5056K)
[4221.806s][info][gc             ] GC(1154) Pause Young (Mixed) (G1 Evacuation Pause) 3671M->1323M(4096M) 134.848ms
[4221.806s][info][gc,cpu         ] GC(1154) User=0.80s Sys=0.00s Real=0.14s
..[4224.145s][info][gc,start       ] GC(1155) Pause Young (Concurrent Start) (G1 Evacuation Pause)
[4224.145s][info][gc,task        ] GC(1155) Using 6 workers of 6 for evacuation
[4224.263s][info][gc,phases      ] GC(1155)   Pre Evacuate Collection Set: 0.32ms
[4224.263s][info][gc,phases      ] GC(1155)   Merge Heap Roots: 0.48ms
[4224.263s][info][gc,phases      ] GC(1155)   Evacuate Collection Set: 116.17ms
[4224.263s][info][gc,phases      ] GC(1155)   Post Evacuate Collection Set: 0.88ms
[4224.263s][info][gc,phases      ] GC(1155)   Other: 0.10ms
[4224.263s][info][gc,heap        ] GC(1155) Eden regions: 1119->0(1118)
[4224.263s][info][gc,heap        ] GC(1155) Survivor regions: 109->110(154)
[4224.263s][info][gc,heap        ] GC(1155) Old regions: 474->505
[4224.263s][info][gc,heap        ] GC(1155) Humongous regions: 80->80
[4224.263s][info][gc,metaspace   ] GC(1155) Metaspace: 28905K(29312K)->28905K(29312K) NonClass: 24036K(24256K)->24036K(24256K) Class: 4868K(5056K)->4868K(5056K)
[4224.263s][info][gc             ] GC(1155) Pause Young (Concurrent Start) (G1 Evacuation Pause) 3561M->1386M(4096M) 118.098ms
[4224.263s][info][gc             ] GC(1156) Concurrent Mark Cycle
[4224.263s][info][gc,marking     ] GC(1156) Concurrent Scan Root Regions
[4224.263s][info][gc,cpu         ] GC(1155) User=0.70s Sys=0.00s Real=0.11s
[4224.400s][info][gc,marking     ] GC(1156) Concurrent Scan Root Regions 137.167ms
[4224.400s][info][gc,marking     ] GC(1156) Concurrent Mark
[4224.400s][info][gc,marking     ] GC(1156) Concurrent Mark From Roots
[4224.400s][info][gc,task        ] GC(1156) Using 2 workers of 2 for marking
.[4225.157s][info][gc,marking     ] GC(1156) Concurrent Mark From Roots 756.648ms
[4225.157s][info][gc,marking     ] GC(1156) Concurrent Preclean
[4225.157s][info][gc,marking     ] GC(1156) Concurrent Preclean 0.118ms
[4225.161s][info][gc,start       ] GC(1156) Pause Remark
[4225.164s][info][gc             ] GC(1156) Pause Remark 2222M->2222M(4096M) 3.363ms
[4225.164s][info][gc,cpu         ] GC(1156) User=0.02s Sys=0.00s Real=0.00s
[4225.165s][info][gc,marking     ] GC(1156) Concurrent Mark 764.812ms
[4225.165s][info][gc,marking     ] GC(1156) Concurrent Rebuild Remembered Sets and Scrub Regions
[4225.462s][info][gc,marking     ] GC(1156) Concurrent Rebuild Remembered Sets and Scrub Regions 297.137ms
[4225.463s][info][gc,start       ] GC(1156) Pause Cleanup
[4225.463s][info][gc             ] GC(1156) Pause Cleanup 2512M->2512M(4096M) 0.105ms
[4225.463s][info][gc,cpu         ] GC(1156) User=0.00s Sys=0.00s Real=0.00s
[4225.463s][info][gc,marking     ] GC(1156) Concurrent Clear Claimed Marks
[4225.463s][info][gc,marking     ] GC(1156) Concurrent Clear Claimed Marks 0.021ms
[4225.463s][info][gc,marking     ] GC(1156) Concurrent Cleanup for Next Mark
[4225.468s][info][gc,marking     ] GC(1156) Concurrent Cleanup for Next Mark 5.140ms
[4225.468s][info][gc             ] GC(1156) Concurrent Mark Cycle 1205.102ms
.[4226.547s][info][gc,start       ] GC(1157) Pause Young (Prepare Mixed) (G1 Evacuation Pause)
[4226.547s][info][gc,task        ] GC(1157) Using 6 workers of 6 for evacuation
[4226.665s][info][gc,phases      ] GC(1157)   Pre Evacuate Collection Set: 0.34ms
[4226.665s][info][gc,phases      ] GC(1157)   Merge Heap Roots: 0.54ms
[4226.665s][info][gc,phases      ] GC(1157)   Evacuate Collection Set: 115.95ms
[4226.665s][info][gc,phases      ] GC(1157)   Post Evacuate Collection Set: 0.93ms
[4226.665s][info][gc,phases      ] GC(1157)   Other: 0.09ms
[4226.665s][info][gc,heap        ] GC(1157) Eden regions: 1118->0(1106)
[4226.665s][info][gc,heap        ] GC(1157) Survivor regions: 110->111(154)
[4226.665s][info][gc,heap        ] GC(1157) Old regions: 505->537
[4226.665s][info][gc,heap        ] GC(1157) Humongous regions: 80->80
[4226.665s][info][gc,metaspace   ] GC(1157) Metaspace: 28905K(29312K)->28905K(29312K) NonClass: 24036K(24256K)->24036K(24256K) Class: 4868K(5056K)->4868K(5056K)
[4226.665s][info][gc             ] GC(1157) Pause Young (Prepare Mixed) (G1 Evacuation Pause) 3622M->1453M(4096M) 117.985ms
[4226.665s][info][gc,cpu         ] GC(1157) User=0.71s Sys=0.00s Real=0.12s
...[4229.033s][info][gc,start       ] GC(1158) Pause Young (Mixed) (G1 Evacuation Pause)
[4229.033s][info][gc,task        ] GC(1158) Using 6 workers of 6 for evacuation
[4229.164s][info][gc,phases      ] GC(1158)   Pre Evacuate Collection Set: 0.35ms
[4229.164s][info][gc,phases      ] GC(1158)   Merge Heap Roots: 0.76ms
[4229.164s][info][gc,phases      ] GC(1158)   Evacuate Collection Set: 129.33ms
[4229.164s][info][gc,phases      ] GC(1158)   Post Evacuate Collection Set: 0.96ms
[4229.164s][info][gc,phases      ] GC(1158)   Other: 0.10ms
[4229.164s][info][gc,heap        ] GC(1158) Eden regions: 1106->0(1122)
[4229.164s][info][gc,heap        ] GC(1158) Survivor regions: 111->106(153)
[4229.164s][info][gc,heap        ] GC(1158) Old regions: 537->474
[4229.164s][info][gc,heap        ] GC(1158) Humongous regions: 80->80
[4229.164s][info][gc,metaspace   ] GC(1158) Metaspace: 28905K(29312K)->28905K(29312K) NonClass: 24036K(24256K)->24036K(24256K) Class: 4868K(5056K)->4868K(5056K)
[4229.164s][info][gc             ] GC(1158) Pause Young (Mixed) (G1 Evacuation Pause) 3665M->1317M(4096M) 131.627ms
[4229.164s][info][gc,cpu         ] GC(1158) User=0.78s Sys=0.00s Real=0.13s
..[4231.503s][info][gc,start       ] GC(1159) Pause Young (Concurrent Start) (G1 Evacuation Pause)
[4231.503s][info][gc,task        ] GC(1159) Using 6 workers of 6 for evacuation
[4231.621s][info][gc,phases      ] GC(1159)   Pre Evacuate Collection Set: 0.34ms
[4231.621s][info][gc,phases      ] GC(1159)   Merge Heap Roots: 0.47ms
[4231.621s][info][gc,phases      ] GC(1159)   Evacuate Collection Set: 115.92ms
[4231.621s][info][gc,phases      ] GC(1159)   Post Evacuate Collection Set: 0.86ms
[4231.621s][info][gc,phases      ] GC(1159)   Other: 0.10ms
[4231.621s][info][gc,heap        ] GC(1159) Eden regions: 1122->0(1118)
[4231.621s][info][gc,heap        ] GC(1159) Survivor regions: 106->110(154)
[4231.621s][info][gc,heap        ] GC(1159) Old regions: 474->505
[4231.621s][info][gc,heap        ] GC(1159) Humongous regions: 80->80
[4231.621s][info][gc,metaspace   ] GC(1159) Metaspace: 28905K(29312K)->28905K(29312K) NonClass: 24036K(24256K)->24036K(24256K) Class: 4868K(5056K)->4868K(5056K)
[4231.621s][info][gc             ] GC(1159) Pause Young (Concurrent Start) (G1 Evacuation Pause) 3561M->1387M(4096M) 117.817ms
[4231.621s][info][gc             ] GC(1160) Concurrent Mark Cycle
[4231.621s][info][gc,marking     ] GC(1160) Concurrent Scan Root Regions
[4231.621s][info][gc,cpu         ] GC(1159) User=0.70s Sys=0.00s Real=0.12s
.[4231.786s][info][gc,marking     ] GC(1160) Concurrent Scan Root Regions 165.501ms
[4231.786s][info][gc,marking     ] GC(1160) Concurrent Mark
[4231.786s][info][gc,marking     ] GC(1160) Concurrent Mark From Roots
[4231.786s][info][gc,task        ] GC(1160) Using 2 workers of 2 for marking
[4232.831s][info][gc,marking     ] GC(1160) Concurrent Mark From Roots 1044.975ms
[4232.831s][info][gc,marking     ] GC(1160) Concurrent Preclean
[4232.832s][info][gc,marking     ] GC(1160) Concurrent Preclean 0.102ms
[4232.833s][info][gc,start       ] GC(1160) Pause Remark
[4232.837s][info][gc             ] GC(1160) Pause Remark 2543M->2543M(4096M) 3.454ms
[4232.837s][info][gc,cpu         ] GC(1160) User=0.02s Sys=0.00s Real=0.01s
[4232.838s][info][gc,marking     ] GC(1160) Concurrent Mark 1051.536ms
[4232.838s][info][gc,marking     ] GC(1160) Concurrent Rebuild Remembered Sets and Scrub Regions
.[4233.112s][info][gc,marking     ] GC(1160) Concurrent Rebuild Remembered Sets and Scrub Regions 274.251ms
[4233.115s][info][gc,start       ] GC(1160) Pause Cleanup
[4233.115s][info][gc             ] GC(1160) Pause Cleanup 2835M->2835M(4096M) 0.141ms
[4233.115s][info][gc,cpu         ] GC(1160) User=0.00s Sys=0.00s Real=0.01s
[4233.115s][info][gc,marking     ] GC(1160) Concurrent Clear Claimed Marks
[4233.115s][info][gc,marking     ] GC(1160) Concurrent Clear Claimed Marks 0.022ms
[4233.115s][info][gc,marking     ] GC(1160) Concurrent Cleanup for Next Mark
[4233.121s][info][gc,marking     ] GC(1160) Concurrent Cleanup for Next Mark 6.601ms
[4233.122s][info][gc             ] GC(1160) Concurrent Mark Cycle 1500.708ms
.[4234.004s][info][gc,start       ] GC(1161) Pause Young (Prepare Mixed) (G1 Evacuation Pause)
[4234.004s][info][gc,task        ] GC(1161) Using 6 workers of 6 for evacuation
[4234.127s][info][gc,phases      ] GC(1161)   Pre Evacuate Collection Set: 0.31ms
[4234.127s][info][gc,phases      ] GC(1161)   Merge Heap Roots: 0.51ms
[4234.127s][info][gc,phases      ] GC(1161)   Evacuate Collection Set: 120.99ms
[4234.127s][info][gc,phases      ] GC(1161)   Post Evacuate Collection Set: 0.92ms
[4234.127s][info][gc,phases      ] GC(1161)   Other: 0.10ms
[4234.127s][info][gc,heap        ] GC(1161) Eden regions: 1118->0(1100)
[4234.127s][info][gc,heap        ] GC(1161) Survivor regions: 110->114(154)
[4234.127s][info][gc,heap        ] GC(1161) Old regions: 505->537
[4234.127s][info][gc,heap        ] GC(1161) Humongous regions: 80->80
[4234.127s][info][gc,metaspace   ] GC(1161) Metaspace: 28905K(29312K)->28905K(29312K) NonClass: 24036K(24256K)->24036K(24256K) Class: 4868K(5056K)->4868K(5056K)
[4234.127s][info][gc             ] GC(1161) Pause Young (Prepare Mixed) (G1 Evacuation Pause) 3623M->1460M(4096M) 122.956ms
[4234.127s][info][gc,cpu         ] GC(1161) User=0.74s Sys=0.00s Real=0.13s
..[4236.332s][info][gc,start       ] GC(1162) Pause Young (Mixed) (G1 Evacuation Pause)
[4236.332s][info][gc,task        ] GC(1162) Using 6 workers of 6 for evacuation
[4236.466s][info][gc,phases      ] GC(1162)   Pre Evacuate Collection Set: 0.33ms
[4236.466s][info][gc,phases      ] GC(1162)   Merge Heap Roots: 0.70ms
[4236.466s][info][gc,phases      ] GC(1162)   Evacuate Collection Set: 131.29ms
[4236.466s][info][gc,phases      ] GC(1162)   Post Evacuate Collection Set: 0.92ms
[4236.466s][info][gc,phases      ] GC(1162)   Other: 0.09ms
[4236.466s][info][gc,heap        ] GC(1162) Eden regions: 1100->0(1119)
[4236.466s][info][gc,heap        ] GC(1162) Survivor regions: 114->109(152)
[4236.466s][info][gc,heap        ] GC(1162) Old regions: 537->475
[4236.466s][info][gc,heap        ] GC(1162) Humongous regions: 80->80
[4236.466s][info][gc,metaspace   ] GC(1162) Metaspace: 28905K(29312K)->28905K(29312K) NonClass: 24036K(24256K)->24036K(24256K) Class: 4868K(5056K)->4868K(5056K)
[4236.466s][info][gc             ] GC(1162) Pause Young (Mixed) (G1 Evacuation Pause) 3660M->1325M(4096M) 133.453ms
[4236.466s][info][gc,cpu         ] GC(1162) User=0.80s Sys=0.00s Real=0.14s
..[4238.783s][info][gc,start       ] GC(1163) Pause Young (Concurrent Start) (G1 Evacuation Pause)
[4238.783s][info][gc,task        ] GC(1163) Using 6 workers of 6 for evacuation
[4238.901s][info][gc,phases      ] GC(1163)   Pre Evacuate Collection Set: 0.34ms
[4238.901s][info][gc,phases      ] GC(1163)   Merge Heap Roots: 0.48ms
[4238.901s][info][gc,phases      ] GC(1163)   Evacuate Collection Set: 116.11ms
[4238.901s][info][gc,phases      ] GC(1163)   Post Evacuate Collection Set: 0.90ms
[4238.901s][info][gc,phases      ] GC(1163)   Other: 0.11ms
[4238.901s][info][gc,heap        ] GC(1163) Eden regions: 1119->0(1118)
[4238.901s][info][gc,heap        ] GC(1163) Survivor regions: 109->110(154)
[4238.901s][info][gc,heap        ] GC(1163) Old regions: 475->508
[4238.901s][info][gc,heap        ] GC(1163) Humongous regions: 80->80
[4238.901s][info][gc,metaspace   ] GC(1163) Metaspace: 28905K(29312K)->28905K(29312K) NonClass: 24036K(24256K)->24036K(24256K) Class: 4868K(5056K)->4868K(5056K)
[4238.901s][info][gc             ] GC(1163) Pause Young (Concurrent Start) (G1 Evacuation Pause) 3563M->1393M(4096M) 118.078ms
[4238.901s][info][gc             ] GC(1164) Concurrent Mark Cycle
[4238.901s][info][gc,marking     ] GC(1164) Concurrent Scan Root Regions
[4238.901s][info][gc,cpu         ] GC(1163) User=0.71s Sys=0.00s Real=0.12s
.[4239.065s][info][gc,marking     ] GC(1164) Concurrent Scan Root Regions 163.794ms
[4239.065s][info][gc,marking     ] GC(1164) Concurrent Mark
[4239.065s][info][gc,marking     ] GC(1164) Concurrent Mark From Roots
[4239.065s][info][gc,task        ] GC(1164) Using 2 workers of 2 for marking
[4239.968s][info][gc,marking     ] GC(1164) Concurrent Mark From Roots 903.312ms
[4239.969s][info][gc,marking     ] GC(1164) Concurrent Preclean
[4239.969s][info][gc,marking     ] GC(1164) Concurrent Preclean 0.138ms
.[4239.971s][info][gc,start       ] GC(1164) Pause Remark
[4239.975s][info][gc             ] GC(1164) Pause Remark 2365M->2365M(4096M) 3.853ms
[4239.975s][info][gc,cpu         ] GC(1164) User=0.02s Sys=0.00s Real=0.01s
[4239.975s][info][gc,marking     ] GC(1164) Concurrent Mark 909.826ms
[4239.975s][info][gc,marking     ] GC(1164) Concurrent Rebuild Remembered Sets and Scrub Regions
[4240.370s][info][gc,marking     ] GC(1164) Concurrent Rebuild Remembered Sets and Scrub Regions 395.390ms
[4240.373s][info][gc,start       ] GC(1164) Pause Cleanup
[4240.374s][info][gc             ] GC(1164) Pause Cleanup 2795M->2795M(4096M) 0.140ms
[4240.374s][info][gc,cpu         ] GC(1164) User=0.00s Sys=0.00s Real=0.00s
[4240.374s][info][gc,marking     ] GC(1164) Concurrent Clear Claimed Marks
[4240.374s][info][gc,marking     ] GC(1164) Concurrent Clear Claimed Marks 0.036ms
[4240.374s][info][gc,marking     ] GC(1164) Concurrent Cleanup for Next Mark
[4240.380s][info][gc,marking     ] GC(1164) Concurrent Cleanup for Next Mark 6.770ms
[4240.380s][info][gc             ] GC(1164) Concurrent Mark Cycle 1479.210ms
.[4241.260s][info][gc,start       ] GC(1165) Pause Young (Prepare Mixed) (G1 Evacuation Pause)
[4241.260s][info][gc,task        ] GC(1165) Using 6 workers of 6 for evacuation
[4241.378s][info][gc,phases      ] GC(1165)   Pre Evacuate Collection Set: 0.35ms
[4241.378s][info][gc,phases      ] GC(1165)   Merge Heap Roots: 0.55ms
[4241.378s][info][gc,phases      ] GC(1165)   Evacuate Collection Set: 116.09ms
[4241.378s][info][gc,phases      ] GC(1165)   Post Evacuate Collection Set: 0.91ms
[4241.378s][info][gc,phases      ] GC(1165)   Other: 0.09ms
[4241.378s][info][gc,heap        ] GC(1165) Eden regions: 1118->0(1104)
[4241.378s][info][gc,heap        ] GC(1165) Survivor regions: 110->111(154)
[4241.378s][info][gc,heap        ] GC(1165) Old regions: 508->539
[4241.378s][info][gc,heap        ] GC(1165) Humongous regions: 80->80
[4241.378s][info][gc,metaspace   ] GC(1165) Metaspace: 28905K(29312K)->28905K(29312K) NonClass: 24036K(24256K)->24036K(24256K) Class: 4868K(5056K)->4868K(5056K)
[4241.378s][info][gc             ] GC(1165) Pause Young (Prepare Mixed) (G1 Evacuation Pause) 3629M->1457M(4096M) 118.122ms
[4241.378s][info][gc,cpu         ] GC(1165) User=0.70s Sys=0.00s Real=0.12s
..[4243.654s][info][gc,start       ] GC(1166) Pause Young (Mixed) (G1 Evacuation Pause)
[4243.655s][info][gc,task        ] GC(1166) Using 6 workers of 6 for evacuation
[4243.791s][info][gc,phases      ] GC(1166)   Pre Evacuate Collection Set: 0.38ms
[4243.791s][info][gc,phases      ] GC(1166)   Merge Heap Roots: 0.88ms
[4243.791s][info][gc,phases      ] GC(1166)   Evacuate Collection Set: 133.92ms
[4243.791s][info][gc,phases      ] GC(1166)   Post Evacuate Collection Set: 0.93ms
[4243.791s][info][gc,phases      ] GC(1166)   Other: 0.10ms
[4243.791s][info][gc,heap        ] GC(1166) Eden regions: 1104->0(1119)
[4243.791s][info][gc,heap        ] GC(1166) Survivor regions: 111->109(152)
[4243.791s][info][gc,heap        ] GC(1166) Old regions: 539->476
[4243.791s][info][gc,heap        ] GC(1166) Humongous regions: 80->80
[4243.791s][info][gc,metaspace   ] GC(1166) Metaspace: 28905K(29312K)->28905K(29312K) NonClass: 24036K(24256K)->24036K(24256K) Class: 4868K(5056K)->4868K(5056K)
[4243.791s][info][gc             ] GC(1166) Pause Young (Mixed) (G1 Evacuation Pause) 3665M->1327M(4096M) 136.348ms
[4243.791s][info][gc,cpu         ] GC(1166) User=0.81s Sys=0.00s Real=0.14s
...[4246.156s][info][gc,start       ] GC(1167) Pause Young (Concurrent Start) (G1 Evacuation Pause)
[4246.156s][info][gc,task        ] GC(1167) Using 6 workers of 6 for evacuation
[4246.275s][info][gc,phases      ] GC(1167)   Pre Evacuate Collection Set: 0.41ms
[4246.275s][info][gc,phases      ] GC(1167)   Merge Heap Roots: 0.52ms
[4246.275s][info][gc,phases      ] GC(1167)   Evacuate Collection Set: 117.15ms
[4246.275s][info][gc,phases      ] GC(1167)   Post Evacuate Collection Set: 0.87ms
[4246.275s][info][gc,phases      ] GC(1167)   Other: 0.13ms
[4246.275s][info][gc,heap        ] GC(1167) Eden regions: 1119->0(1116)
[4246.275s][info][gc,heap        ] GC(1167) Survivor regions: 109->112(154)
[4246.275s][info][gc,heap        ] GC(1167) Old regions: 476->508
[4246.275s][info][gc,heap        ] GC(1167) Humongous regions: 80->80
[4246.275s][info][gc,metaspace   ] GC(1167) Metaspace: 28905K(29312K)->28905K(29312K) NonClass: 24036K(24256K)->24036K(24256K) Class: 4868K(5056K)->4868K(5056K)
[4246.275s][info][gc             ] GC(1167) Pause Young (Concurrent Start) (G1 Evacuation Pause) 3565M->1396M(4096M) 119.223ms
[4246.275s][info][gc             ] GC(1168) Concurrent Mark Cycle
[4246.275s][info][gc,marking     ] GC(1168) Concurrent Scan Root Regions
[4246.275s][info][gc,cpu         ] GC(1167) User=0.71s Sys=0.00s Real=0.12s
[4246.412s][info][gc,marking     ] GC(1168) Concurrent Scan Root Regions 136.377ms
[4246.412s][info][gc,marking     ] GC(1168) Concurrent Mark
[4246.412s][info][gc,marking     ] GC(1168) Concurrent Mark From Roots
[4246.412s][info][gc,task        ] GC(1168) Using 2 workers of 2 for marking
.[4247.155s][info][gc,marking     ] GC(1168) Concurrent Mark From Roots 743.114ms
[4247.155s][info][gc,marking     ] GC(1168) Concurrent Preclean
[4247.155s][info][gc,marking     ] GC(1168) Concurrent Preclean 0.134ms
[4247.159s][info][gc,start       ] GC(1168) Pause Remark
[4247.161s][info][gc             ] GC(1168) Pause Remark 2216M->2216M(4096M) 2.297ms
[4247.161s][info][gc,cpu         ] GC(1168) User=0.02s Sys=0.00s Real=0.00s
[4247.162s][info][gc,marking     ] GC(1168) Concurrent Mark 749.968ms
[4247.162s][info][gc,marking     ] GC(1168) Concurrent Rebuild Remembered Sets and Scrub Regions
[4247.560s][info][gc,marking     ] GC(1168) Concurrent Rebuild Remembered Sets and Scrub Regions 398.547ms
[4247.561s][info][gc,start       ] GC(1168) Pause Cleanup
[4247.561s][info][gc             ] GC(1168) Pause Cleanup 2688M->2688M(4096M) 0.130ms
[4247.561s][info][gc,cpu         ] GC(1168) User=0.00s Sys=0.00s Real=0.00s
[4247.561s][info][gc,marking     ] GC(1168) Concurrent Clear Claimed Marks
[4247.561s][info][gc,marking     ] GC(1168) Concurrent Clear Claimed Marks 0.034ms
[4247.561s][info][gc,marking     ] GC(1168) Concurrent Cleanup for Next Mark
[4247.566s][info][gc,marking     ] GC(1168) Concurrent Cleanup for Next Mark 4.576ms
[4247.566s][info][gc             ] GC(1168) Concurrent Mark Cycle 1290.894ms
.[4248.531s][info][gc,start       ] GC(1169) Pause Young (Prepare Mixed) (G1 Evacuation Pause)
[4248.531s][info][gc,task        ] GC(1169) Using 6 workers of 6 for evacuation
[4248.649s][info][gc,phases      ] GC(1169)   Pre Evacuate Collection Set: 0.32ms
[4248.649s][info][gc,phases      ] GC(1169)   Merge Heap Roots: 0.55ms
[4248.649s][info][gc,phases      ] GC(1169)   Evacuate Collection Set: 116.68ms
[4248.649s][info][gc,phases      ] GC(1169)   Post Evacuate Collection Set: 0.93ms
[4248.649s][info][gc,phases      ] GC(1169)   Other: 0.09ms
[4248.649s][info][gc,heap        ] GC(1169) Eden regions: 1116->0(1104)
[4248.649s][info][gc,heap        ] GC(1169) Survivor regions: 112->111(154)
[4248.649s][info][gc,heap        ] GC(1169) Old regions: 508->539
[4248.649s][info][gc,heap        ] GC(1169) Humongous regions: 80->80
[4248.649s][info][gc,metaspace   ] GC(1169) Metaspace: 28905K(29312K)->28905K(29312K) NonClass: 24036K(24256K)->24036K(24256K) Class: 4868K(5056K)->4868K(5056K)
[4248.649s][info][gc             ] GC(1169) Pause Young (Prepare Mixed) (G1 Evacuation Pause) 3628M->1458M(4096M) 118.705ms
[4248.649s][info][gc,cpu         ] GC(1169) User=0.71s Sys=0.01s Real=0.12s
..[4250.967s][info][gc,start       ] GC(1170) Pause Young (Mixed) (G1 Evacuation Pause)
[4250.967s][info][gc,task        ] GC(1170) Using 6 workers of 6 for evacuation
[4251.105s][info][gc,phases      ] GC(1170)   Pre Evacuate Collection Set: 0.38ms
[4251.105s][info][gc,phases      ] GC(1170)   Merge Heap Roots: 0.77ms
[4251.105s][info][gc,phases      ] GC(1170)   Evacuate Collection Set: 135.65ms
[4251.105s][info][gc,phases      ] GC(1170)   Post Evacuate Collection Set: 0.93ms
[4251.105s][info][gc,phases      ] GC(1170)   Other: 0.09ms
[4251.105s][info][gc,heap        ] GC(1170) Eden regions: 1104->0(1116)
[4251.105s][info][gc,heap        ] GC(1170) Survivor regions: 111->112(152)
[4251.105s][info][gc,heap        ] GC(1170) Old regions: 539->476
[4251.105s][info][gc,heap        ] GC(1170) Humongous regions: 80->80
[4251.105s][info][gc,metaspace   ] GC(1170) Metaspace: 28905K(29312K)->28905K(29312K) NonClass: 24036K(24256K)->24036K(24256K) Class: 4868K(5056K)->4868K(5056K)
[4251.105s][info][gc             ] GC(1170) Pause Young (Mixed) (G1 Evacuation Pause) 3666M->1332M(4096M) 137.962ms
[4251.105s][info][gc,cpu         ] GC(1170) User=0.82s Sys=0.00s Real=0.14s
...[4253.425s][info][gc,start       ] GC(1171) Pause Young (Concurrent Start) (G1 Evacuation Pause)
[4253.425s][info][gc,task        ] GC(1171) Using 6 workers of 6 for evacuation
[4253.541s][info][gc,phases      ] GC(1171)   Pre Evacuate Collection Set: 0.40ms
[4253.541s][info][gc,phases      ] GC(1171)   Merge Heap Roots: 0.51ms
[4253.541s][info][gc,phases      ] GC(1171)   Evacuate Collection Set: 114.14ms
[4253.541s][info][gc,phases      ] GC(1171)   Post Evacuate Collection Set: 0.86ms
[4253.541s][info][gc,phases      ] GC(1171)   Other: 0.13ms
[4253.541s][info][gc,heap        ] GC(1171) Eden regions: 1116->0(1119)
[4253.541s][info][gc,heap        ] GC(1171) Survivor regions: 112->109(154)
[4253.541s][info][gc,heap        ] GC(1171) Old regions: 476->506
[4253.541s][info][gc,heap        ] GC(1171) Humongous regions: 80->80
[4253.541s][info][gc,metaspace   ] GC(1171) Metaspace: 28905K(29312K)->28905K(29312K) NonClass: 24036K(24256K)->24036K(24256K) Class: 4868K(5056K)->4868K(5056K)
[4253.541s][info][gc             ] GC(1171) Pause Young (Concurrent Start) (G1 Evacuation Pause) 3564M->1387M(4096M) 116.167ms
[4253.541s][info][gc             ] GC(1172) Concurrent Mark Cycle
[4253.541s][info][gc,marking     ] GC(1172) Concurrent Scan Root Regions
[4253.541s][info][gc,cpu         ] GC(1171) User=0.69s Sys=0.00s Real=0.11s
[4253.704s][info][gc,marking     ] GC(1172) Concurrent Scan Root Regions 162.090ms
[4253.704s][info][gc,marking     ] GC(1172) Concurrent Mark
[4253.704s][info][gc,marking     ] GC(1172) Concurrent Mark From Roots
[4253.704s][info][gc,task        ] GC(1172) Using 2 workers of 2 for marking
.[4254.664s][info][gc,marking     ] GC(1172) Concurrent Mark From Roots 960.622ms
[4254.664s][info][gc,marking     ] GC(1172) Concurrent Preclean
[4254.664s][info][gc,marking     ] GC(1172) Concurrent Preclean 0.134ms
[4254.666s][info][gc,start       ] GC(1172) Pause Remark
[4254.670s][info][gc             ] GC(1172) Pause Remark 2505M->2505M(4096M) 3.936ms
[4254.670s][info][gc,cpu         ] GC(1172) User=0.02s Sys=0.00s Real=0.00s
[4254.671s][info][gc,marking     ] GC(1172) Concurrent Mark 967.126ms
[4254.671s][info][gc,marking     ] GC(1172) Concurrent Rebuild Remembered Sets and Scrub Regions
[4255.013s][info][gc,marking     ] GC(1172) Concurrent Rebuild Remembered Sets and Scrub Regions 342.504ms
[4255.013s][info][gc,start       ] GC(1172) Pause Cleanup
[4255.013s][info][gc             ] GC(1172) Pause Cleanup 2763M->2763M(4096M) 0.110ms
[4255.013s][info][gc,cpu         ] GC(1172) User=0.00s Sys=0.00s Real=0.00s
[4255.014s][info][gc,marking     ] GC(1172) Concurrent Clear Claimed Marks
[4255.014s][info][gc,marking     ] GC(1172) Concurrent Clear Claimed Marks 0.038ms
[4255.014s][info][gc,marking     ] GC(1172) Concurrent Cleanup for Next Mark
[4255.021s][info][gc,marking     ] GC(1172) Concurrent Cleanup for Next Mark 6.568ms
[4255.021s][info][gc             ] GC(1172) Concurrent Mark Cycle 1479.419ms
.[4255.903s][info][gc,start       ] GC(1173) Pause Young (Prepare Mixed) (G1 Evacuation Pause)
[4255.903s][info][gc,task        ] GC(1173) Using 6 workers of 6 for evacuation
[4256.020s][info][gc,phases      ] GC(1173)   Pre Evacuate Collection Set: 0.33ms
[4256.020s][info][gc,phases      ] GC(1173)   Merge Heap Roots: 0.55ms
[4256.020s][info][gc,phases      ] GC(1173)   Evacuate Collection Set: 115.25ms
[4256.020s][info][gc,phases      ] GC(1173)   Post Evacuate Collection Set: 0.92ms
[4256.020s][info][gc,phases      ] GC(1173)   Other: 0.09ms
[4256.020s][info][gc,heap        ] GC(1173) Eden regions: 1119->0(1106)
[4256.020s][info][gc,heap        ] GC(1173) Survivor regions: 109->110(154)
[4256.020s][info][gc,heap        ] GC(1173) Old regions: 506->539
[4256.020s][info][gc,heap        ] GC(1173) Humongous regions: 80->80
[4256.020s][info][gc,metaspace   ] GC(1173) Metaspace: 28905K(29312K)->28905K(29312K) NonClass: 24036K(24256K)->24036K(24256K) Class: 4868K(5056K)->4868K(5056K)
[4256.020s][info][gc             ] GC(1173) Pause Young (Prepare Mixed) (G1 Evacuation Pause) 3625M->1455M(4096M) 117.284ms
[4256.020s][info][gc,cpu         ] GC(1173) User=0.69s Sys=0.00s Real=0.12s
...[4258.291s][info][gc,start       ] GC(1174) Pause Young (Mixed) (G1 Evacuation Pause)
[4258.291s][info][gc,task        ] GC(1174) Using 6 workers of 6 for evacuation
[4258.423s][info][gc,phases      ] GC(1174)   Pre Evacuate Collection Set: 0.38ms
[4258.423s][info][gc,phases      ] GC(1174)   Merge Heap Roots: 0.75ms
[4258.423s][info][gc,phases      ] GC(1174)   Evacuate Collection Set: 129.00ms
[4258.423s][info][gc,phases      ] GC(1174)   Post Evacuate Collection Set: 0.95ms
[4258.423s][info][gc,phases      ] GC(1174)   Other: 0.09ms
[4258.423s][info][gc,heap        ] GC(1174) Eden regions: 1106->0(1121)
[4258.423s][info][gc,heap        ] GC(1174) Survivor regions: 110->107(152)
[4258.423s][info][gc,heap        ] GC(1174) Old regions: 539->476
[4258.423s][info][gc,heap        ] GC(1174) Humongous regions: 80->80
[4258.423s][info][gc,metaspace   ] GC(1174) Metaspace: 28905K(29312K)->28905K(29312K) NonClass: 24036K(24256K)->24036K(24256K) Class: 4868K(5056K)->4868K(5056K)
[4258.423s][info][gc             ] GC(1174) Pause Young (Mixed) (G1 Evacuation Pause) 3667M->1323M(4096M) 131.300ms
[4258.423s][info][gc,cpu         ] GC(1174) User=0.78s Sys=0.00s Real=0.13s
..[4260.881s][info][gc,start       ] GC(1175) Pause Young (Concurrent Start) (G1 Evacuation Pause)
[4260.881s][info][gc,task        ] GC(1175) Using 6 workers of 6 for evacuation
[4261.006s][info][gc,phases      ] GC(1175)   Pre Evacuate Collection Set: 0.38ms
[4261.006s][info][gc,phases      ] GC(1175)   Merge Heap Roots: 0.49ms
[4261.006s][info][gc,phases      ] GC(1175)   Evacuate Collection Set: 122.98ms
[4261.006s][info][gc,phases      ] GC(1175)   Post Evacuate Collection Set: 0.76ms
[4261.006s][info][gc,phases      ] GC(1175)   Other: 0.12ms
[4261.006s][info][gc,heap        ] GC(1175) Eden regions: 1121->0(1112)
[4261.006s][info][gc,heap        ] GC(1175) Survivor regions: 107->116(154)
[4261.006s][info][gc,heap        ] GC(1175) Old regions: 476->508
[4261.006s][info][gc,heap        ] GC(1175) Humongous regions: 80->80
[4261.006s][info][gc,metaspace   ] GC(1175) Metaspace: 28905K(29312K)->28905K(29312K) NonClass: 24036K(24256K)->24036K(24256K) Class: 4868K(5056K)->4868K(5056K)
[4261.006s][info][gc             ] GC(1175) Pause Young (Concurrent Start) (G1 Evacuation Pause) 3565M->1404M(4096M) 124.875ms
[4261.006s][info][gc             ] GC(1176) Concurrent Mark Cycle
[4261.006s][info][gc,marking     ] GC(1176) Concurrent Scan Root Regions
[4261.006s][info][gc,cpu         ] GC(1175) User=0.74s Sys=0.00s Real=0.13s
[4261.146s][info][gc,marking     ] GC(1176) Concurrent Scan Root Regions 139.588ms
[4261.146s][info][gc,marking     ] GC(1176) Concurrent Mark
[4261.146s][info][gc,marking     ] GC(1176) Concurrent Mark From Roots
[4261.146s][info][gc,task        ] GC(1176) Using 2 workers of 2 for marking
.[4261.890s][info][gc,marking     ] GC(1176) Concurrent Mark From Roots 744.226ms
[4261.890s][info][gc,marking     ] GC(1176) Concurrent Preclean
[4261.890s][info][gc,marking     ] GC(1176) Concurrent Preclean 0.110ms
[4261.891s][info][gc,start       ] GC(1176) Pause Remark
[4261.894s][info][gc             ] GC(1176) Pause Remark 2169M->2169M(4096M) 3.146ms
[4261.894s][info][gc,cpu         ] GC(1176) User=0.01s Sys=0.00s Real=0.00s
[4261.894s][info][gc,marking     ] GC(1176) Concurrent Mark 748.182ms
[4261.894s][info][gc,marking     ] GC(1176) Concurrent Rebuild Remembered Sets and Scrub Regions
[4262.162s][info][gc,marking     ] GC(1176) Concurrent Rebuild Remembered Sets and Scrub Regions 268.078ms
[4262.162s][info][gc,start       ] GC(1176) Pause Cleanup
[4262.162s][info][gc             ] GC(1176) Pause Cleanup 2448M->2448M(4096M) 0.101ms
[4262.162s][info][gc,cpu         ] GC(1176) User=0.00s Sys=0.00s Real=0.00s
[4262.162s][info][gc,marking     ] GC(1176) Concurrent Clear Claimed Marks
[4262.162s][info][gc,marking     ] GC(1176) Concurrent Clear Claimed Marks 0.024ms
[4262.162s][info][gc,marking     ] GC(1176) Concurrent Cleanup for Next Mark
[4262.168s][info][gc,marking     ] GC(1176) Concurrent Cleanup for Next Mark 5.075ms
[4262.168s][info][gc             ] GC(1176) Concurrent Mark Cycle 1161.409ms
.[4263.255s][info][gc,start       ] GC(1177) Pause Young (Prepare Mixed) (G1 Evacuation Pause)
[4263.255s][info][gc,task        ] GC(1177) Using 6 workers of 6 for evacuation
[4263.373s][info][gc,phases      ] GC(1177)   Pre Evacuate Collection Set: 0.33ms
[4263.373s][info][gc,phases      ] GC(1177)   Merge Heap Roots: 0.51ms
[4263.373s][info][gc,phases      ] GC(1177)   Evacuate Collection Set: 115.94ms
[4263.373s][info][gc,phases      ] GC(1177)   Post Evacuate Collection Set: 0.93ms
[4263.373s][info][gc,phases      ] GC(1177)   Other: 0.09ms
[4263.373s][info][gc,heap        ] GC(1177) Eden regions: 1112->0(1106)
[4263.373s][info][gc,heap        ] GC(1177) Survivor regions: 116->110(154)
[4263.373s][info][gc,heap        ] GC(1177) Old regions: 508->539
[4263.373s][info][gc,heap        ] GC(1177) Humongous regions: 80->80
[4263.373s][info][gc,metaspace   ] GC(1177) Metaspace: 28905K(29312K)->28905K(29312K) NonClass: 24036K(24256K)->24036K(24256K) Class: 4868K(5056K)->4868K(5056K)
[4263.373s][info][gc             ] GC(1177) Pause Young (Prepare Mixed) (G1 Evacuation Pause) 3628M->1455M(4096M) 117.929ms
[4263.373s][info][gc,cpu         ] GC(1177) User=0.70s Sys=0.00s Real=0.11s
...[4265.713s][info][gc,start       ] GC(1178) Pause Young (Mixed) (G1 Evacuation Pause)
[4265.713s][info][gc,task        ] GC(1178) Using 6 workers of 6 for evacuation
[4265.854s][info][gc,phases      ] GC(1178)   Pre Evacuate Collection Set: 0.34ms
[4265.854s][info][gc,phases      ] GC(1178)   Merge Heap Roots: 0.65ms
[4265.854s][info][gc,phases      ] GC(1178)   Evacuate Collection Set: 139.12ms
[4265.854s][info][gc,phases      ] GC(1178)   Post Evacuate Collection Set: 0.96ms
[4265.854s][info][gc,phases      ] GC(1178)   Other: 0.09ms
[4265.854s][info][gc,heap        ] GC(1178) Eden regions: 1106->0(1114)
[4265.854s][info][gc,heap        ] GC(1178) Survivor regions: 110->114(152)
[4265.854s][info][gc,heap        ] GC(1178) Old regions: 539->474
[4265.854s][info][gc,heap        ] GC(1178) Humongous regions: 80->80
[4265.854s][info][gc,metaspace   ] GC(1178) Metaspace: 28905K(29312K)->28905K(29312K) NonClass: 24036K(24256K)->24036K(24256K) Class: 4868K(5056K)->4868K(5056K)
[4265.854s][info][gc             ] GC(1178) Pause Young (Mixed) (G1 Evacuation Pause) 3667M->1333M(4096M) 141.293ms
[4265.854s][info][gc,cpu         ] GC(1178) User=0.85s Sys=0.00s Real=0.14s
..[4268.142s][info][gc,start       ] GC(1179) Pause Young (Concurrent Start) (G1 Evacuation Pause)
[4268.142s][info][gc,task        ] GC(1179) Using 6 workers of 6 for evacuation
[4268.260s][info][gc,phases      ] GC(1179)   Pre Evacuate Collection Set: 0.35ms
[4268.260s][info][gc,phases      ] GC(1179)   Merge Heap Roots: 0.48ms
[4268.260s][info][gc,phases      ] GC(1179)   Evacuate Collection Set: 116.75ms
[4268.260s][info][gc,phases      ] GC(1179)   Post Evacuate Collection Set: 0.87ms
[4268.260s][info][gc,phases      ] GC(1179)   Other: 0.12ms
[4268.260s][info][gc,heap        ] GC(1179) Eden regions: 1114->0(1120)
[4268.260s][info][gc,heap        ] GC(1179) Survivor regions: 114->108(154)
[4268.260s][info][gc,heap        ] GC(1179) Old regions: 474->505
[4268.260s][info][gc,heap        ] GC(1179) Humongous regions: 80->80
[4268.260s][info][gc,metaspace   ] GC(1179) Metaspace: 28905K(29312K)->28905K(29312K) NonClass: 24036K(24256K)->24036K(24256K) Class: 4868K(5056K)->4868K(5056K)
[4268.260s][info][gc             ] GC(1179) Pause Young (Concurrent Start) (G1 Evacuation Pause) 3561M->1384M(4096M) 118.714ms
[4268.260s][info][gc             ] GC(1180) Concurrent Mark Cycle
[4268.260s][info][gc,marking     ] GC(1180) Concurrent Scan Root Regions
[4268.260s][info][gc,cpu         ] GC(1179) User=0.71s Sys=0.00s Real=0.12s
[4268.412s][info][gc,marking     ] GC(1180) Concurrent Scan Root Regions 151.910ms
[4268.412s][info][gc,marking     ] GC(1180) Concurrent Mark
[4268.412s][info][gc,marking     ] GC(1180) Concurrent Mark From Roots
[4268.412s][info][gc,task        ] GC(1180) Using 2 workers of 2 for marking
.[4269.167s][info][gc,marking     ] GC(1180) Concurrent Mark From Roots 754.533ms
[4269.167s][info][gc,marking     ] GC(1180) Concurrent Preclean
[4269.167s][info][gc,marking     ] GC(1180) Concurrent Preclean 0.125ms
[4269.170s][info][gc,start       ] GC(1180) Pause Remark
[4269.173s][info][gc             ] GC(1180) Pause Remark 2250M->2250M(4096M) 2.779ms
[4269.173s][info][gc,cpu         ] GC(1180) User=0.01s Sys=0.00s Real=0.00s
[4269.174s][info][gc,marking     ] GC(1180) Concurrent Mark 761.449ms
[4269.174s][info][gc,marking     ] GC(1180) Concurrent Rebuild Remembered Sets and Scrub Regions
.[4269.470s][info][gc,marking     ] GC(1180) Concurrent Rebuild Remembered Sets and Scrub Regions 296.185ms
[4269.471s][info][gc,start       ] GC(1180) Pause Cleanup
[4269.471s][info][gc             ] GC(1180) Pause Cleanup 2566M->2566M(4096M) 0.129ms
[4269.471s][info][gc,cpu         ] GC(1180) User=0.00s Sys=0.00s Real=0.00s
[4269.472s][info][gc,marking     ] GC(1180) Concurrent Clear Claimed Marks
[4269.473s][info][gc,marking     ] GC(1180) Concurrent Clear Claimed Marks 0.050ms
[4269.473s][info][gc,marking     ] GC(1180) Concurrent Cleanup for Next Mark
[4269.479s][info][gc,marking     ] GC(1180) Concurrent Cleanup for Next Mark 6.608ms
[4269.479s][info][gc             ] GC(1180) Concurrent Mark Cycle 1218.815ms
.[4270.558s][info][gc,start       ] GC(1181) Pause Young (Prepare Mixed) (G1 Evacuation Pause)
[4270.558s][info][gc,task        ] GC(1181) Using 6 workers of 6 for evacuation
[4270.675s][info][gc,phases      ] GC(1181)   Pre Evacuate Collection Set: 0.34ms
[4270.675s][info][gc,phases      ] GC(1181)   Merge Heap Roots: 0.53ms
[4270.675s][info][gc,phases      ] GC(1181)   Evacuate Collection Set: 115.04ms
[4270.675s][info][gc,phases      ] GC(1181)   Post Evacuate Collection Set: 0.93ms
[4270.675s][info][gc,phases      ] GC(1181)   Other: 0.08ms
[4270.675s][info][gc,heap        ] GC(1181) Eden regions: 1120->0(1109)
[4270.675s][info][gc,heap        ] GC(1181) Survivor regions: 108->109(154)
[4270.675s][info][gc,heap        ] GC(1181) Old regions: 505->538
[4270.675s][info][gc,heap        ] GC(1181) Humongous regions: 80->80
[4270.675s][info][gc,metaspace   ] GC(1181) Metaspace: 28905K(29312K)->28905K(29312K) NonClass: 24036K(24256K)->24036K(24256K) Class: 4868K(5056K)->4868K(5056K)
[4270.675s][info][gc             ] GC(1181) Pause Young (Prepare Mixed) (G1 Evacuation Pause) 3624M->1451M(4096M) 117.050ms
[4270.675s][info][gc,cpu         ] GC(1181) User=0.70s Sys=0.00s Real=0.12s
..[4273.082s][info][gc,start       ] GC(1182) Pause Young (Mixed) (G1 Evacuation Pause)
[4273.082s][info][gc,task        ] GC(1182) Using 6 workers of 6 for evacuation
[4273.217s][info][gc,phases      ] GC(1182)   Pre Evacuate Collection Set: 0.38ms
[4273.217s][info][gc,phases      ] GC(1182)   Merge Heap Roots: 0.77ms
[4273.217s][info][gc,phases      ] GC(1182)   Evacuate Collection Set: 132.63ms
[4273.217s][info][gc,phases      ] GC(1182)   Post Evacuate Collection Set: 0.95ms
[4273.217s][info][gc,phases      ] GC(1182)   Other: 0.09ms
[4273.217s][info][gc,heap        ] GC(1182) Eden regions: 1109->0(1120)
[4273.217s][info][gc,heap        ] GC(1182) Survivor regions: 109->108(153)
[4273.217s][info][gc,heap        ] GC(1182) Old regions: 538->474
[4273.217s][info][gc,heap        ] GC(1182) Humongous regions: 80->80
[4273.217s][info][gc,metaspace   ] GC(1182) Metaspace: 28905K(29312K)->28905K(29312K) NonClass: 24036K(24256K)->24036K(24256K) Class: 4868K(5056K)->4868K(5056K)
[4273.217s][info][gc             ] GC(1182) Pause Young (Mixed) (G1 Evacuation Pause) 3669M->1320M(4096M) 134.977ms
[4273.217s][info][gc,cpu         ] GC(1182) User=0.80s Sys=0.00s Real=0.14s
...[4275.550s][info][gc,start       ] GC(1183) Pause Young (Concurrent Start) (G1 Evacuation Pause)
[4275.550s][info][gc,task        ] GC(1183) Using 6 workers of 6 for evacuation
[4275.671s][info][gc,phases      ] GC(1183)   Pre Evacuate Collection Set: 0.36ms
[4275.671s][info][gc,phases      ] GC(1183)   Merge Heap Roots: 0.45ms
[4275.671s][info][gc,phases      ] GC(1183)   Evacuate Collection Set: 118.98ms
[4275.671s][info][gc,phases      ] GC(1183)   Post Evacuate Collection Set: 0.87ms
[4275.671s][info][gc,phases      ] GC(1183)   Other: 0.12ms
[4275.671s][info][gc,heap        ] GC(1183) Eden regions: 1120->0(1116)
[4275.671s][info][gc,heap        ] GC(1183) Survivor regions: 108->112(154)
[4275.671s][info][gc,heap        ] GC(1183) Old regions: 474->506
[4275.671s][info][gc,heap        ] GC(1183) Humongous regions: 80->80
[4275.671s][info][gc,metaspace   ] GC(1183) Metaspace: 28905K(29312K)->28905K(29312K) NonClass: 24036K(24256K)->24036K(24256K) Class: 4868K(5056K)->4868K(5056K)
[4275.671s][info][gc             ] GC(1183) Pause Young (Concurrent Start) (G1 Evacuation Pause) 3560M->1393M(4096M) 120.895ms
[4275.671s][info][gc             ] GC(1184) Concurrent Mark Cycle
[4275.671s][info][gc,marking     ] GC(1184) Concurrent Scan Root Regions
[4275.671s][info][gc,cpu         ] GC(1183) User=0.72s Sys=0.00s Real=0.12s
[4275.805s][info][gc,marking     ] GC(1184) Concurrent Scan Root Regions 133.909ms
[4275.805s][info][gc,marking     ] GC(1184) Concurrent Mark
[4275.805s][info][gc,marking     ] GC(1184) Concurrent Mark From Roots
[4275.805s][info][gc,task        ] GC(1184) Using 2 workers of 2 for marking
.[4276.558s][info][gc,marking     ] GC(1184) Concurrent Mark From Roots 752.921ms
[4276.558s][info][gc,marking     ] GC(1184) Concurrent Preclean
[4276.558s][info][gc,marking     ] GC(1184) Concurrent Preclean 0.135ms
[4276.564s][info][gc,start       ] GC(1184) Pause Remark
[4276.566s][info][gc             ] GC(1184) Pause Remark 2227M->2227M(4096M) 2.498ms
[4276.566s][info][gc,cpu         ] GC(1184) User=0.01s Sys=0.00s Real=0.01s
[4276.567s][info][gc,marking     ] GC(1184) Concurrent Mark 761.498ms
[4276.567s][info][gc,marking     ] GC(1184) Concurrent Rebuild Remembered Sets and Scrub Regions
[4276.886s][info][gc,marking     ] GC(1184) Concurrent Rebuild Remembered Sets and Scrub Regions 319.589ms
[4276.886s][info][gc,start       ] GC(1184) Pause Cleanup
[4276.887s][info][gc             ] GC(1184) Pause Cleanup 2499M->2499M(4096M) 0.115ms
[4276.887s][info][gc,cpu         ] GC(1184) User=0.00s Sys=0.00s Real=0.00s
[4276.887s][info][gc,marking     ] GC(1184) Concurrent Clear Claimed Marks
[4276.887s][info][gc,marking     ] GC(1184) Concurrent Clear Claimed Marks 0.039ms
[4276.887s][info][gc,marking     ] GC(1184) Concurrent Cleanup for Next Mark
[4276.895s][info][gc,marking     ] GC(1184) Concurrent Cleanup for Next Mark 7.837ms
[4276.895s][info][gc             ] GC(1184) Concurrent Mark Cycle 1223.473ms
.[4277.935s][info][gc,start       ] GC(1185) Pause Young (Prepare Mixed) (G1 Evacuation Pause)
[4277.935s][info][gc,task        ] GC(1185) Using 6 workers of 6 for evacuation
[4278.059s][info][gc,phases      ] GC(1185)   Pre Evacuate Collection Set: 0.34ms
[4278.059s][info][gc,phases      ] GC(1185)   Merge Heap Roots: 0.51ms
[4278.059s][info][gc,phases      ] GC(1185)   Evacuate Collection Set: 121.96ms
[4278.059s][info][gc,phases      ] GC(1185)   Post Evacuate Collection Set: 0.94ms
[4278.059s][info][gc,phases      ] GC(1185)   Other: 0.09ms
[4278.059s][info][gc,heap        ] GC(1185) Eden regions: 1116->0(1100)
[4278.059s][info][gc,heap        ] GC(1185) Survivor regions: 112->113(154)
[4278.059s][info][gc,heap        ] GC(1185) Old regions: 506->539
[4278.059s][info][gc,heap        ] GC(1185) Humongous regions: 80->80
[4278.059s][info][gc,metaspace   ] GC(1185) Metaspace: 28905K(29312K)->28905K(29312K) NonClass: 24036K(24256K)->24036K(24256K) Class: 4868K(5056K)->4868K(5056K)
[4278.059s][info][gc             ] GC(1185) Pause Young (Prepare Mixed) (G1 Evacuation Pause) 3625M->1461M(4096M) 123.981ms
[4278.059s][info][gc,cpu         ] GC(1185) User=0.73s Sys=0.01s Real=0.12s
.. (rIR:aIR:PR = 7610:7642:7642) (tPR = 112660) [OK] 
  4279s: Performance info:
         Transaction,    Success,    Partial,     Failed,   Receipts, AvgBarcode, 
             Overall,     465886,          0,          0,     442693,      59.48, 
         Response times:
             Request,    Success,    Partial,     Failed,   SkipFail,     Probes,    Samples,      min,      p50,      p90,      p95,      p99,      max, 
       TotalPurchase,     442684,          0,          0,          0,     360243,     395957,      200,     6400,    84000,   134000,   205000,   384000,
     InStorePurchase,     233221,          0,          0,          0,     190335,     209227,      300,     6500,    85000,   135000,   204000,   384000,
      OnlinePurchase,     162645,          0,          0,          0,     132257,     145140,      200,     6100,    82000,   131000,   203000,   369000,
        InstPurchase,      46818,          0,          0,          0,      37651,      41590,      400,     6500,    88000,   139000,   215000,   369000,
          AssocOfCat,        464,          0,          0,          0,        375,        481,    24000,    40000,   144000,   180900,   249080,   291000,
      AssocOfProduct,       4629,          0,          0,          0,       4280,       4938,      700,     5400,    74000,   128000,   202000,   344000,
      BusinessReport,       1160,          0,          0,          0,       1015,       1196,    26000,    46000,   149000,   199000,   258030,   345000,
          CustBuyBeh,       4649,          0,          0,          0,       4270,       4893,      600,     6500,    88000,   134000,   209000,   344000,
       ProductReturn,      12290,          0,          0,          0,       9335,      10542,      200,     5900,    77000,   127000,   214000,   344000,

  4279s: (56%)   IR =   7749 [4280.501s][info][gc,start       ] GC(1186) Pause Young (Mixed) (G1 Evacuation Pause)
[4280.501s][info][gc,task        ] GC(1186) Using 6 workers of 6 for evacuation
[4280.635s][info][gc,phases      ] GC(1186)   Pre Evacuate Collection Set: 0.35ms
[4280.635s][info][gc,phases      ] GC(1186)   Merge Heap Roots: 0.69ms
[4280.635s][info][gc,phases      ] GC(1186)   Evacuate Collection Set: 131.88ms
[4280.635s][info][gc,phases      ] GC(1186)   Post Evacuate Collection Set: 0.94ms
[4280.635s][info][gc,phases      ] GC(1186)   Other: 0.09ms
[4280.635s][info][gc,heap        ] GC(1186) Eden regions: 1100->0(1119)
[4280.635s][info][gc,heap        ] GC(1186) Survivor regions: 113->109(152)
[4280.635s][info][gc,heap        ] GC(1186) Old regions: 539->476
[4280.635s][info][gc,heap        ] GC(1186) Humongous regions: 80->80
[4280.635s][info][gc,metaspace   ] GC(1186) Metaspace: 28905K(29312K)->28905K(29312K) NonClass: 24036K(24256K)->24036K(24256K) Class: 4868K(5056K)->4868K(5056K)
[4280.635s][info][gc             ] GC(1186) Pause Young (Mixed) (G1 Evacuation Pause) 3661M->1327M(4096M) 134.071ms
[4280.635s][info][gc,cpu         ] GC(1186) User=0.80s Sys=0.00s Real=0.14s
...[4282.932s][info][gc,start       ] GC(1187) Pause Young (Concurrent Start) (G1 Evacuation Pause)
[4282.932s][info][gc,task        ] GC(1187) Using 6 workers of 6 for evacuation
[4283.050s][info][gc,phases      ] GC(1187)   Pre Evacuate Collection Set: 0.41ms
[4283.050s][info][gc,phases      ] GC(1187)   Merge Heap Roots: 0.52ms
[4283.050s][info][gc,phases      ] GC(1187)   Evacuate Collection Set: 116.29ms
[4283.050s][info][gc,phases      ] GC(1187)   Post Evacuate Collection Set: 0.89ms
[4283.050s][info][gc,phases      ] GC(1187)   Other: 0.12ms
[4283.050s][info][gc,heap        ] GC(1187) Eden regions: 1119->0(1117)
[4283.050s][info][gc,heap        ] GC(1187) Survivor regions: 109->111(154)
[4283.050s][info][gc,heap        ] GC(1187) Old regions: 476->507
[4283.050s][info][gc,heap        ] GC(1187) Humongous regions: 80->80
[4283.050s][info][gc,metaspace   ] GC(1187) Metaspace: 28905K(29312K)->28905K(29312K) NonClass: 24036K(24256K)->24036K(24256K) Class: 4868K(5056K)->4868K(5056K)
[4283.050s][info][gc             ] GC(1187) Pause Young (Concurrent Start) (G1 Evacuation Pause) 3565M->1394M(4096M) 118.395ms
[4283.050s][info][gc             ] GC(1188) Concurrent Mark Cycle
[4283.050s][info][gc,marking     ] GC(1188) Concurrent Scan Root Regions
[4283.050s][info][gc,cpu         ] GC(1187) User=0.70s Sys=0.00s Real=0.12s
[4283.228s][info][gc,marking     ] GC(1188) Concurrent Scan Root Regions 177.378ms
[4283.228s][info][gc,marking     ] GC(1188) Concurrent Mark
[4283.228s][info][gc,marking     ] GC(1188) Concurrent Mark From Roots
[4283.228s][info][gc,task        ] GC(1188) Using 2 workers of 2 for marking
.[4283.952s][info][gc,marking     ] GC(1188) Concurrent Mark From Roots 724.484ms
[4283.952s][info][gc,marking     ] GC(1188) Concurrent Preclean
[4283.952s][info][gc,marking     ] GC(1188) Concurrent Preclean 0.115ms
[4283.952s][info][gc,start       ] GC(1188) Pause Remark
[4283.955s][info][gc             ] GC(1188) Pause Remark 2233M->2233M(4096M) 2.372ms
[4283.955s][info][gc,cpu         ] GC(1188) User=0.01s Sys=0.00s Real=0.01s
[4283.955s][info][gc,marking     ] GC(1188) Concurrent Mark 727.263ms
[4283.955s][info][gc,marking     ] GC(1188) Concurrent Rebuild Remembered Sets and Scrub Regions
[4284.232s][info][gc,marking     ] GC(1188) Concurrent Rebuild Remembered Sets and Scrub Regions 277.386ms
[4284.232s][info][gc,start       ] GC(1188) Pause Cleanup
[4284.233s][info][gc             ] GC(1188) Pause Cleanup 2529M->2529M(4096M) 0.102ms
[4284.233s][info][gc,cpu         ] GC(1188) User=0.00s Sys=0.00s Real=0.00s
[4284.233s][info][gc,marking     ] GC(1188) Concurrent Clear Claimed Marks
[4284.233s][info][gc,marking     ] GC(1188) Concurrent Clear Claimed Marks 0.019ms
[4284.233s][info][gc,marking     ] GC(1188) Concurrent Cleanup for Next Mark
[4284.238s][info][gc,marking     ] GC(1188) Concurrent Cleanup for Next Mark 4.951ms
[4284.238s][info][gc             ] GC(1188) Concurrent Mark Cycle 1187.445ms
.[4285.320s][info][gc,start       ] GC(1189) Pause Young (Prepare Mixed) (G1 Evacuation Pause)
[4285.320s][info][gc,task        ] GC(1189) Using 6 workers of 6 for evacuation
[4285.440s][info][gc,phases      ] GC(1189)   Pre Evacuate Collection Set: 0.33ms
[4285.440s][info][gc,phases      ] GC(1189)   Merge Heap Roots: 0.55ms
[4285.440s][info][gc,phases      ] GC(1189)   Evacuate Collection Set: 118.36ms
[4285.440s][info][gc,phases      ] GC(1189)   Post Evacuate Collection Set: 0.89ms
[4285.440s][info][gc,phases      ] GC(1189)   Other: 0.09ms
[4285.440s][info][gc,heap        ] GC(1189) Eden regions: 1117->0(1106)
[4285.440s][info][gc,heap        ] GC(1189) Survivor regions: 111->109(154)
[4285.440s][info][gc,heap        ] GC(1189) Old regions: 507->541
[4285.440s][info][gc,heap        ] GC(1189) Humongous regions: 80->80
[4285.440s][info][gc,metaspace   ] GC(1189) Metaspace: 28905K(29312K)->28905K(29312K) NonClass: 24036K(24256K)->24036K(24256K) Class: 4868K(5056K)->4868K(5056K)
[4285.441s][info][gc             ] GC(1189) Pause Young (Prepare Mixed) (G1 Evacuation Pause) 3628M->1457M(4096M) 120.340ms
[4285.441s][info][gc,cpu         ] GC(1189) User=0.71s Sys=0.00s Real=0.12s
...[4287.730s][info][gc,start       ] GC(1190) Pause Young (Mixed) (G1 Evacuation Pause)
[4287.730s][info][gc,task        ] GC(1190) Using 6 workers of 6 for evacuation
[4287.863s][info][gc,phases      ] GC(1190)   Pre Evacuate Collection Set: 0.33ms
[4287.863s][info][gc,phases      ] GC(1190)   Merge Heap Roots: 0.68ms
[4287.863s][info][gc,phases      ] GC(1190)   Evacuate Collection Set: 130.72ms
[4287.863s][info][gc,phases      ] GC(1190)   Post Evacuate Collection Set: 0.93ms
[4287.863s][info][gc,phases      ] GC(1190)   Other: 0.09ms
[4287.863s][info][gc,heap        ] GC(1190) Eden regions: 1106->0(1118)
[4287.863s][info][gc,heap        ] GC(1190) Survivor regions: 109->110(152)
[4287.863s][info][gc,heap        ] GC(1190) Old regions: 541->474
[4287.863s][info][gc,heap        ] GC(1190) Humongous regions: 80->80
[4287.863s][info][gc,metaspace   ] GC(1190) Metaspace: 28905K(29312K)->28905K(29312K) NonClass: 24036K(24256K)->24036K(24256K) Class: 4868K(5056K)->4868K(5056K)
[4287.863s][info][gc             ] GC(1190) Pause Young (Mixed) (G1 Evacuation Pause) 3669M->1325M(4096M) 132.901ms
[4287.863s][info][gc,cpu         ] GC(1190) User=0.79s Sys=0.00s Real=0.13s
..[4290.140s][info][gc,start       ] GC(1191) Pause Young (Concurrent Start) (G1 Evacuation Pause)
[4290.140s][info][gc,task        ] GC(1191) Using 6 workers of 6 for evacuation
[4290.258s][info][gc,phases      ] GC(1191)   Pre Evacuate Collection Set: 0.38ms
[4290.258s][info][gc,phases      ] GC(1191)   Merge Heap Roots: 0.49ms
[4290.258s][info][gc,phases      ] GC(1191)   Evacuate Collection Set: 115.99ms
[4290.258s][info][gc,phases      ] GC(1191)   Post Evacuate Collection Set: 0.88ms
[4290.258s][info][gc,phases      ] GC(1191)   Other: 0.12ms
[4290.258s][info][gc,heap        ] GC(1191) Eden regions: 1118->0(1118)
[4290.258s][info][gc,heap        ] GC(1191) Survivor regions: 110->110(154)
[4290.258s][info][gc,heap        ] GC(1191) Old regions: 474->505
[4290.258s][info][gc,heap        ] GC(1191) Humongous regions: 80->80
[4290.258s][info][gc,metaspace   ] GC(1191) Metaspace: 28905K(29312K)->28905K(29312K) NonClass: 24036K(24256K)->24036K(24256K) Class: 4868K(5056K)->4868K(5056K)
[4290.258s][info][gc             ] GC(1191) Pause Young (Concurrent Start) (G1 Evacuation Pause) 3561M->1388M(4096M) 117.990ms
[4290.258s][info][gc             ] GC(1192) Concurrent Mark Cycle
[4290.258s][info][gc,marking     ] GC(1192) Concurrent Scan Root Regions
[4290.258s][info][gc,cpu         ] GC(1191) User=0.70s Sys=0.00s Real=0.12s
[4290.389s][info][gc,marking     ] GC(1192) Concurrent Scan Root Regions 130.279ms
[4290.389s][info][gc,marking     ] GC(1192) Concurrent Mark
[4290.389s][info][gc,marking     ] GC(1192) Concurrent Mark From Roots
[4290.389s][info][gc,task        ] GC(1192) Using 2 workers of 2 for marking
.[4291.114s][info][gc,marking     ] GC(1192) Concurrent Mark From Roots 725.292ms
[4291.114s][info][gc,marking     ] GC(1192) Concurrent Preclean
[4291.114s][info][gc,marking     ] GC(1192) Concurrent Preclean 0.109ms
[4291.117s][info][gc,start       ] GC(1192) Pause Remark
[4291.119s][info][gc             ] GC(1192) Pause Remark 2196M->2196M(4096M) 2.003ms
[4291.119s][info][gc,cpu         ] GC(1192) User=0.01s Sys=0.00s Real=0.00s
[4291.119s][info][gc,marking     ] GC(1192) Concurrent Mark 730.472ms
[4291.119s][info][gc,marking     ] GC(1192) Concurrent Rebuild Remembered Sets and Scrub Regions
[4291.478s][info][gc,marking     ] GC(1192) Concurrent Rebuild Remembered Sets and Scrub Regions 358.282ms
[4291.478s][info][gc,start       ] GC(1192) Pause Cleanup
[4291.478s][info][gc             ] GC(1192) Pause Cleanup 2541M->2541M(4096M) 0.109ms
[4291.478s][info][gc,cpu         ] GC(1192) User=0.00s Sys=0.00s Real=0.00s
[4291.478s][info][gc,marking     ] GC(1192) Concurrent Clear Claimed Marks
[4291.478s][info][gc,marking     ] GC(1192) Concurrent Clear Claimed Marks 0.032ms
[4291.478s][info][gc,marking     ] GC(1192) Concurrent Cleanup for Next Mark
[4291.502s][info][gc,marking     ] GC(1192) Concurrent Cleanup for Next Mark 24.406ms
[4291.502s][info][gc             ] GC(1192) Concurrent Mark Cycle 1243.937ms
.[4292.598s][info][gc,start       ] GC(1193) Pause Young (Prepare Mixed) (G1 Evacuation Pause)
[4292.598s][info][gc,task        ] GC(1193) Using 6 workers of 6 for evacuation
[4292.715s][info][gc,phases      ] GC(1193)   Pre Evacuate Collection Set: 0.34ms
[4292.715s][info][gc,phases      ] GC(1193)   Merge Heap Roots: 0.56ms
[4292.715s][info][gc,phases      ] GC(1193)   Evacuate Collection Set: 115.26ms
[4292.715s][info][gc,phases      ] GC(1193)   Post Evacuate Collection Set: 0.93ms
[4292.715s][info][gc,phases      ] GC(1193)   Other: 0.09ms
[4292.715s][info][gc,heap        ] GC(1193) Eden regions: 1118->0(1107)
[4292.715s][info][gc,heap        ] GC(1193) Survivor regions: 110->110(154)
[4292.715s][info][gc,heap        ] GC(1193) Old regions: 505->538
[4292.715s][info][gc,heap        ] GC(1193) Humongous regions: 80->80
[4292.715s][info][gc,metaspace   ] GC(1193) Metaspace: 28905K(29312K)->28905K(29312K) NonClass: 24036K(24256K)->24036K(24256K) Class: 4868K(5056K)->4868K(5056K)
[4292.715s][info][gc             ] GC(1193) Pause Young (Prepare Mixed) (G1 Evacuation Pause) 3624M->1453M(4096M) 117.317ms
[4292.715s][info][gc,cpu         ] GC(1193) User=0.70s Sys=0.00s Real=0.12s
.|..[4295.031s][info][gc,start       ] GC(1194) Pause Young (Mixed) (G1 Evacuation Pause)
[4295.031s][info][gc,task        ] GC(1194) Using 6 workers of 6 for evacuation
[4295.170s][info][gc,phases      ] GC(1194)   Pre Evacuate Collection Set: 0.35ms
[4295.170s][info][gc,phases      ] GC(1194)   Merge Heap Roots: 0.70ms
[4295.170s][info][gc,phases      ] GC(1194)   Evacuate Collection Set: 136.80ms
[4295.170s][info][gc,phases      ] GC(1194)   Post Evacuate Collection Set: 0.95ms
[4295.170s][info][gc,phases      ] GC(1194)   Other: 0.09ms
[4295.170s][info][gc,heap        ] GC(1194) Eden regions: 1107->0(1119)
[4295.170s][info][gc,heap        ] GC(1194) Survivor regions: 110->109(153)
[4295.170s][info][gc,heap        ] GC(1194) Old regions: 538->474
[4295.170s][info][gc,heap        ] GC(1194) Humongous regions: 80->80
[4295.170s][info][gc,metaspace   ] GC(1194) Metaspace: 28905K(29312K)->28905K(29312K) NonClass: 24036K(24256K)->24036K(24256K) Class: 4868K(5056K)->4868K(5056K)
[4295.170s][info][gc             ] GC(1194) Pause Young (Mixed) (G1 Evacuation Pause) 3667M->1323M(4096M) 139.016ms
[4295.170s][info][gc,cpu         ] GC(1194) User=0.82s Sys=0.00s Real=0.14s
..[4297.440s][info][gc,start       ] GC(1195) Pause Young (Concurrent Start) (G1 Evacuation Pause)
[4297.440s][info][gc,task        ] GC(1195) Using 6 workers of 6 for evacuation
[4297.559s][info][gc,phases      ] GC(1195)   Pre Evacuate Collection Set: 0.33ms
[4297.559s][info][gc,phases      ] GC(1195)   Merge Heap Roots: 0.45ms
[4297.559s][info][gc,phases      ] GC(1195)   Evacuate Collection Set: 117.46ms
[4297.559s][info][gc,phases      ] GC(1195)   Post Evacuate Collection Set: 0.87ms
[4297.559s][info][gc,phases      ] GC(1195)   Other: 0.11ms
[4297.559s][info][gc,heap        ] GC(1195) Eden regions: 1119->0(1117)
[4297.559s][info][gc,heap        ] GC(1195) Survivor regions: 109->111(154)
[4297.559s][info][gc,heap        ] GC(1195) Old regions: 474->506
[4297.559s][info][gc,heap        ] GC(1195) Humongous regions: 80->80
[4297.559s][info][gc,metaspace   ] GC(1195) Metaspace: 28905K(29312K)->28905K(29312K) NonClass: 24036K(24256K)->24036K(24256K) Class: 4868K(5056K)->4868K(5056K)
[4297.560s][info][gc             ] GC(1195) Pause Young (Concurrent Start) (G1 Evacuation Pause) 3561M->1390M(4096M) 119.351ms
[4297.560s][info][gc             ] GC(1196) Concurrent Mark Cycle
[4297.560s][info][gc,marking     ] GC(1196) Concurrent Scan Root Regions
[4297.560s][info][gc,cpu         ] GC(1195) User=0.71s Sys=0.00s Real=0.12s
[4297.750s][info][gc,marking     ] GC(1196) Concurrent Scan Root Regions 190.765ms
[4297.750s][info][gc,marking     ] GC(1196) Concurrent Mark
[4297.750s][info][gc,marking     ] GC(1196) Concurrent Mark From Roots
[4297.750s][info][gc,task        ] GC(1196) Using 2 workers of 2 for marking
.[4298.486s][info][gc,marking     ] GC(1196) Concurrent Mark From Roots 735.367ms
[4298.486s][info][gc,marking     ] GC(1196) Concurrent Preclean
[4298.486s][info][gc,marking     ] GC(1196) Concurrent Preclean 0.117ms
[4298.486s][info][gc,start       ] GC(1196) Pause Remark
[4298.490s][info][gc             ] GC(1196) Pause Remark 2220M->2220M(4096M) 3.434ms
[4298.490s][info][gc,cpu         ] GC(1196) User=0.01s Sys=0.00s Real=0.00s
[4298.490s][info][gc,marking     ] GC(1196) Concurrent Mark 739.630ms
[4298.490s][info][gc,marking     ] GC(1196) Concurrent Rebuild Remembered Sets and Scrub Regions
.[4298.884s][info][gc,marking     ] GC(1196) Concurrent Rebuild Remembered Sets and Scrub Regions 393.853ms
[4298.884s][info][gc,start       ] GC(1196) Pause Cleanup
[4298.884s][info][gc             ] GC(1196) Pause Cleanup 2623M->2623M(4096M) 0.112ms
[4298.884s][info][gc,cpu         ] GC(1196) User=0.00s Sys=0.00s Real=0.00s
[4298.884s][info][gc,marking     ] GC(1196) Concurrent Clear Claimed Marks
[4298.884s][info][gc,marking     ] GC(1196) Concurrent Clear Claimed Marks 0.028ms
[4298.884s][info][gc,marking     ] GC(1196) Concurrent Cleanup for Next Mark
[4298.889s][info][gc,marking     ] GC(1196) Concurrent Cleanup for Next Mark 4.919ms
[4298.889s][info][gc             ] GC(1196) Concurrent Mark Cycle 1329.744ms
.[4299.882s][info][gc,start       ] GC(1197) Pause Young (Prepare Mixed) (G1 Evacuation Pause)
[4299.882s][info][gc,task        ] GC(1197) Using 6 workers of 6 for evacuation
[4300.002s][info][gc,phases      ] GC(1197)   Pre Evacuate Collection Set: 0.31ms
[4300.002s][info][gc,phases      ] GC(1197)   Merge Heap Roots: 0.51ms
[4300.002s][info][gc,phases      ] GC(1197)   Evacuate Collection Set: 118.89ms
[4300.002s][info][gc,phases      ] GC(1197)   Post Evacuate Collection Set: 0.92ms
[4300.002s][info][gc,phases      ] GC(1197)   Other: 0.08ms
[4300.002s][info][gc,heap        ] GC(1197) Eden regions: 1117->0(1101)
[4300.002s][info][gc,heap        ] GC(1197) Survivor regions: 111->113(154)
[4300.002s][info][gc,heap        ] GC(1197) Old regions: 506->538
[4300.002s][info][gc,heap        ] GC(1197) Humongous regions: 80->80
[4300.002s][info][gc,metaspace   ] GC(1197) Metaspace: 28905K(29312K)->28905K(29312K) NonClass: 24036K(24256K)->24036K(24256K) Class: 4868K(5056K)->4868K(5056K)
[4300.002s][info][gc             ] GC(1197) Pause Young (Prepare Mixed) (G1 Evacuation Pause) 3624M->1458M(4096M) 120.842ms
[4300.003s][info][gc,cpu         ] GC(1197) User=0.72s Sys=0.00s Real=0.12s
..[4302.277s][info][gc,start       ] GC(1198) Pause Young (Mixed) (G1 Evacuation Pause)
[4302.278s][info][gc,task        ] GC(1198) Using 6 workers of 6 for evacuation
[4302.415s][info][gc,phases      ] GC(1198)   Pre Evacuate Collection Set: 0.36ms
[4302.415s][info][gc,phases      ] GC(1198)   Merge Heap Roots: 0.80ms
[4302.415s][info][gc,phases      ] GC(1198)   Evacuate Collection Set: 134.80ms
[4302.415s][info][gc,phases      ] GC(1198)   Post Evacuate Collection Set: 0.93ms
[4302.415s][info][gc,phases      ] GC(1198)   Other: 0.09ms
[4302.415s][info][gc,heap        ] GC(1198) Eden regions: 1101->0(1120)
[4302.415s][info][gc,heap        ] GC(1198) Survivor regions: 113->108(152)
[4302.415s][info][gc,heap        ] GC(1198) Old regions: 538->474
[4302.415s][info][gc,heap        ] GC(1198) Humongous regions: 80->80
[4302.415s][info][gc,metaspace   ] GC(1198) Metaspace: 28905K(29312K)->28905K(29312K) NonClass: 24036K(24256K)->24036K(24256K) Class: 4868K(5056K)->4868K(5056K)
[4302.415s][info][gc             ] GC(1198) Pause Young (Mixed) (G1 Evacuation Pause) 3660M->1322M(4096M) 137.111ms
[4302.415s][info][gc,cpu         ] GC(1198) User=0.82s Sys=0.00s Real=0.13s
..[4304.735s][info][gc,start       ] GC(1199) Pause Young (Concurrent Start) (G1 Evacuation Pause)
[4304.735s][info][gc,task        ] GC(1199) Using 6 workers of 6 for evacuation
[4304.852s][info][gc,phases      ] GC(1199)   Pre Evacuate Collection Set: 0.39ms
[4304.852s][info][gc,phases      ] GC(1199)   Merge Heap Roots: 0.48ms
[4304.852s][info][gc,phases      ] GC(1199)   Evacuate Collection Set: 115.47ms
[4304.852s][info][gc,phases      ] GC(1199)   Post Evacuate Collection Set: 0.86ms
[4304.852s][info][gc,phases      ] GC(1199)   Other: 0.13ms
[4304.852s][info][gc,heap        ] GC(1199) Eden regions: 1120->0(1118)
[4304.852s][info][gc,heap        ] GC(1199) Survivor regions: 108->110(154)
[4304.852s][info][gc,heap        ] GC(1199) Old regions: 474->506
[4304.852s][info][gc,heap        ] GC(1199) Humongous regions: 80->80
[4304.852s][info][gc,metaspace   ] GC(1199) Metaspace: 28905K(29312K)->28905K(29312K) NonClass: 24036K(24256K)->24036K(24256K) Class: 4868K(5056K)->4868K(5056K)
[4304.852s][info][gc             ] GC(1199) Pause Young (Concurrent Start) (G1 Evacuation Pause) 3562M->1388M(4096M) 117.465ms
[4304.852s][info][gc             ] GC(1200) Concurrent Mark Cycle
[4304.852s][info][gc,marking     ] GC(1200) Concurrent Scan Root Regions
[4304.852s][info][gc,cpu         ] GC(1199) User=0.70s Sys=0.00s Real=0.11s
.[4305.019s][info][gc,marking     ] GC(1200) Concurrent Scan Root Regions 166.808ms
[4305.019s][info][gc,marking     ] GC(1200) Concurrent Mark
[4305.019s][info][gc,marking     ] GC(1200) Concurrent Mark From Roots
[4305.019s][info][gc,task        ] GC(1200) Using 2 workers of 2 for marking
[4306.059s][info][gc,marking     ] GC(1200) Concurrent Mark From Roots 1040.170ms
[4306.059s][info][gc,marking     ] GC(1200) Concurrent Preclean
[4306.060s][info][gc,marking     ] GC(1200) Concurrent Preclean 0.127ms
[4306.061s][info][gc,start       ] GC(1200) Pause Remark
[4306.065s][info][gc             ] GC(1200) Pause Remark 2488M->2488M(4096M) 3.951ms
[4306.065s][info][gc,cpu         ] GC(1200) User=0.02s Sys=0.00s Real=0.01s
[4306.066s][info][gc,marking     ] GC(1200) Concurrent Mark 1046.364ms
[4306.066s][info][gc,marking     ] GC(1200) Concurrent Rebuild Remembered Sets and Scrub Regions
.[4306.355s][info][gc,marking     ] GC(1200) Concurrent Rebuild Remembered Sets and Scrub Regions 288.913ms
[4306.355s][info][gc,start       ] GC(1200) Pause Cleanup
[4306.355s][info][gc             ] GC(1200) Pause Cleanup 2822M->2822M(4096M) 0.107ms
[4306.355s][info][gc,cpu         ] GC(1200) User=0.00s Sys=0.00s Real=0.00s
[4306.355s][info][gc,marking     ] GC(1200) Concurrent Clear Claimed Marks
[4306.355s][info][gc,marking     ] GC(1200) Concurrent Clear Claimed Marks 0.030ms
[4306.355s][info][gc,marking     ] GC(1200) Concurrent Cleanup for Next Mark
[4306.360s][info][gc,marking     ] GC(1200) Concurrent Cleanup for Next Mark 4.572ms
[4306.360s][info][gc             ] GC(1200) Concurrent Mark Cycle 1507.281ms
[4307.096s][info][gc,start       ] GC(1201) Pause Young (Prepare Mixed) (G1 Evacuation Pause)
[4307.096s][info][gc,task        ] GC(1201) Using 6 workers of 6 for evacuation
[4307.211s][info][gc,phases      ] GC(1201)   Pre Evacuate Collection Set: 0.40ms
[4307.211s][info][gc,phases      ] GC(1201)   Merge Heap Roots: 0.59ms
[4307.211s][info][gc,phases      ] GC(1201)   Evacuate Collection Set: 112.18ms
[4307.211s][info][gc,phases      ] GC(1201)   Post Evacuate Collection Set: 0.90ms
[4307.211s][info][gc,phases      ] GC(1201)   Other: 0.86ms
[4307.211s][info][gc,heap        ] GC(1201) Eden regions: 1118->0(1114)
[4307.211s][info][gc,heap        ] GC(1201) Survivor regions: 110->107(154)
[4307.211s][info][gc,heap        ] GC(1201) Old regions: 506->537
[4307.211s][info][gc,heap        ] GC(1201) Humongous regions: 80->80
[4307.211s][info][gc,metaspace   ] GC(1201) Metaspace: 28905K(29312K)->28905K(29312K) NonClass: 24036K(24256K)->24036K(24256K) Class: 4868K(5056K)->4868K(5056K)
[4307.211s][info][gc             ] GC(1201) Pause Young (Prepare Mixed) (G1 Evacuation Pause) 3624M->1446M(4096M) 115.051ms
[4307.211s][info][gc,cpu         ] GC(1201) User=0.68s Sys=0.00s Real=0.11s
...[4309.519s][info][gc,start       ] GC(1202) Pause Young (Mixed) (G1 Evacuation Pause)
[4309.519s][info][gc,task        ] GC(1202) Using 6 workers of 6 for evacuation
[4309.656s][info][gc,phases      ] GC(1202)   Pre Evacuate Collection Set: 0.33ms
[4309.656s][info][gc,phases      ] GC(1202)   Merge Heap Roots: 0.75ms
[4309.656s][info][gc,phases      ] GC(1202)   Evacuate Collection Set: 135.05ms
[4309.656s][info][gc,phases      ] GC(1202)   Post Evacuate Collection Set: 0.93ms
[4309.656s][info][gc,phases      ] GC(1202)   Other: 0.09ms
[4309.656s][info][gc,heap        ] GC(1202) Eden regions: 1114->0(1116)
[4309.656s][info][gc,heap        ] GC(1202) Survivor regions: 107->112(153)
[4309.656s][info][gc,heap        ] GC(1202) Old regions: 537->473
[4309.656s][info][gc,heap        ] GC(1202) Humongous regions: 80->80
[4309.656s][info][gc,metaspace   ] GC(1202) Metaspace: 28905K(29312K)->28905K(29312K) NonClass: 24036K(24256K)->24036K(24256K) Class: 4868K(5056K)->4868K(5056K)
[4309.656s][info][gc             ] GC(1202) Pause Young (Mixed) (G1 Evacuation Pause) 3674M->1328M(4096M) 137.274ms
[4309.656s][info][gc,cpu         ] GC(1202) User=0.82s Sys=0.00s Real=0.14s
..[4311.963s][info][gc,start       ] GC(1203) Pause Young (Concurrent Start) (G1 Evacuation Pause)
[4311.963s][info][gc,task        ] GC(1203) Using 6 workers of 6 for evacuation
[4312.081s][info][gc,phases      ] GC(1203)   Pre Evacuate Collection Set: 0.39ms
[4312.081s][info][gc,phases      ] GC(1203)   Merge Heap Roots: 0.49ms
[4312.081s][info][gc,phases      ] GC(1203)   Evacuate Collection Set: 116.67ms
[4312.081s][info][gc,phases      ] GC(1203)   Post Evacuate Collection Set: 0.88ms
[4312.081s][info][gc,phases      ] GC(1203)   Other: 0.11ms
[4312.081s][info][gc,heap        ] GC(1203) Eden regions: 1116->0(1115)
[4312.081s][info][gc,heap        ] GC(1203) Survivor regions: 112->113(154)
[4312.081s][info][gc,heap        ] GC(1203) Old regions: 473->504
[4312.081s][info][gc,heap        ] GC(1203) Humongous regions: 80->80
[4312.081s][info][gc,metaspace   ] GC(1203) Metaspace: 28905K(29312K)->28905K(29312K) NonClass: 24036K(24256K)->24036K(24256K) Class: 4868K(5056K)->4868K(5056K)
[4312.081s][info][gc             ] GC(1203) Pause Young (Concurrent Start) (G1 Evacuation Pause) 3560M->1391M(4096M) 118.667ms
[4312.081s][info][gc             ] GC(1204) Concurrent Mark Cycle
[4312.081s][info][gc,marking     ] GC(1204) Concurrent Scan Root Regions
[4312.081s][info][gc,cpu         ] GC(1203) User=0.70s Sys=0.00s Real=0.12s
[4312.252s][info][gc,marking     ] GC(1204) Concurrent Scan Root Regions 170.390ms
[4312.252s][info][gc,marking     ] GC(1204) Concurrent Mark
[4312.252s][info][gc,marking     ] GC(1204) Concurrent Mark From Roots
[4312.252s][info][gc,task        ] GC(1204) Using 2 workers of 2 for marking
.[4313.091s][info][gc,marking     ] GC(1204) Concurrent Mark From Roots 839.527ms
[4313.092s][info][gc,marking     ] GC(1204) Concurrent Preclean
[4313.092s][info][gc,marking     ] GC(1204) Concurrent Preclean 0.127ms
[4313.092s][info][gc,start       ] GC(1204) Pause Remark
[4313.095s][info][gc             ] GC(1204) Pause Remark 2373M->2373M(4096M) 3.105ms
[4313.095s][info][gc,cpu         ] GC(1204) User=0.01s Sys=0.00s Real=0.01s
[4313.095s][info][gc,marking     ] GC(1204) Concurrent Mark 843.054ms
[4313.095s][info][gc,marking     ] GC(1204) Concurrent Rebuild Remembered Sets and Scrub Regions
[4313.381s][info][gc,marking     ] GC(1204) Concurrent Rebuild Remembered Sets and Scrub Regions 286.238ms
[4313.382s][info][gc,start       ] GC(1204) Pause Cleanup
[4313.382s][info][gc             ] GC(1204) Pause Cleanup 2673M->2673M(4096M) 0.108ms
[4313.382s][info][gc,cpu         ] GC(1204) User=0.00s Sys=0.00s Real=0.00s
[4313.382s][info][gc,marking     ] GC(1204) Concurrent Clear Claimed Marks
[4313.382s][info][gc,marking     ] GC(1204) Concurrent Clear Claimed Marks 0.021ms
[4313.382s][info][gc,marking     ] GC(1204) Concurrent Cleanup for Next Mark
[4313.389s][info][gc,marking     ] GC(1204) Concurrent Cleanup for Next Mark 7.299ms
[4313.389s][info][gc             ] GC(1204) Concurrent Mark Cycle 1307.981ms
.[4314.368s][info][gc,start       ] GC(1205) Pause Young (Prepare Mixed) (G1 Evacuation Pause)
[4314.368s][info][gc,task        ] GC(1205) Using 6 workers of 6 for evacuation
[4314.485s][info][gc,phases      ] GC(1205)   Pre Evacuate Collection Set: 0.34ms
[4314.485s][info][gc,phases      ] GC(1205)   Merge Heap Roots: 0.53ms
[4314.485s][info][gc,phases      ] GC(1205)   Evacuate Collection Set: 114.81ms
[4314.485s][info][gc,phases      ] GC(1205)   Post Evacuate Collection Set: 0.93ms
[4314.485s][info][gc,phases      ] GC(1205)   Other: 0.08ms
[4314.485s][info][gc,heap        ] GC(1205) Eden regions: 1115->0(1113)
[4314.485s][info][gc,heap        ] GC(1205) Survivor regions: 113->108(154)
[4314.485s][info][gc,heap        ] GC(1205) Old regions: 504->536
[4314.485s][info][gc,heap        ] GC(1205) Humongous regions: 80->80
[4314.485s][info][gc,metaspace   ] GC(1205) Metaspace: 28905K(29312K)->28905K(29312K) NonClass: 24036K(24256K)->24036K(24256K) Class: 4868K(5056K)->4868K(5056K)
[4314.485s][info][gc             ] GC(1205) Pause Young (Prepare Mixed) (G1 Evacuation Pause) 3621M->1446M(4096M) 116.826ms
[4314.485s][info][gc,cpu         ] GC(1205) User=0.69s Sys=0.00s Real=0.12s
...[4316.807s][info][gc,start       ] GC(1206) Pause Young (Mixed) (G1 Evacuation Pause)
[4316.807s][info][gc,task        ] GC(1206) Using 6 workers of 6 for evacuation
[4316.948s][info][gc,phases      ] GC(1206)   Pre Evacuate Collection Set: 0.35ms
[4316.948s][info][gc,phases      ] GC(1206)   Merge Heap Roots: 0.78ms
[4316.948s][info][gc,phases      ] GC(1206)   Evacuate Collection Set: 138.79ms
[4316.948s][info][gc,phases      ] GC(1206)   Post Evacuate Collection Set: 0.93ms
[4316.948s][info][gc,phases      ] GC(1206)   Other: 0.09ms
[4316.948s][info][gc,heap        ] GC(1206) Eden regions: 1113->0(1114)
[4316.948s][info][gc,heap        ] GC(1206) Survivor regions: 108->114(153)
[4316.948s][info][gc,heap        ] GC(1206) Old regions: 536->474
[4316.948s][info][gc,heap        ] GC(1206) Humongous regions: 80->80
[4316.948s][info][gc,metaspace   ] GC(1206) Metaspace: 28905K(29312K)->28905K(29312K) NonClass: 24036K(24256K)->24036K(24256K) Class: 4868K(5056K)->4868K(5056K)
[4316.948s][info][gc             ] GC(1206) Pause Young (Mixed) (G1 Evacuation Pause) 3672M->1332M(4096M) 141.074ms
[4316.948s][info][gc,cpu         ] GC(1206) User=0.84s Sys=0.00s Real=0.14s
..[4319.198s][info][gc,start       ] GC(1207) Pause Young (Concurrent Start) (G1 Evacuation Pause)
[4319.198s][info][gc,task        ] GC(1207) Using 6 workers of 6 for evacuation
[4319.312s][info][gc,phases      ] GC(1207)   Pre Evacuate Collection Set: 0.34ms
[4319.312s][info][gc,phases      ] GC(1207)   Merge Heap Roots: 0.46ms
[4319.312s][info][gc,phases      ] GC(1207)   Evacuate Collection Set: 112.09ms
[4319.312s][info][gc,phases      ] GC(1207)   Post Evacuate Collection Set: 0.88ms
[4319.312s][info][gc,phases      ] GC(1207)   Other: 0.10ms
[4319.312s][info][gc,heap        ] GC(1207) Eden regions: 1114->0(1120)
[4319.312s][info][gc,heap        ] GC(1207) Survivor regions: 114->108(154)
[4319.312s][info][gc,heap        ] GC(1207) Old regions: 474->505
[4319.312s][info][gc,heap        ] GC(1207) Humongous regions: 80->80
[4319.312s][info][gc,metaspace   ] GC(1207) Metaspace: 28905K(29312K)->28905K(29312K) NonClass: 24036K(24256K)->24036K(24256K) Class: 4868K(5056K)->4868K(5056K)
[4319.312s][info][gc             ] GC(1207) Pause Young (Concurrent Start) (G1 Evacuation Pause) 3560M->1382M(4096M) 113.989ms
[4319.312s][info][gc             ] GC(1208) Concurrent Mark Cycle
[4319.312s][info][gc,marking     ] GC(1208) Concurrent Scan Root Regions
[4319.312s][info][gc,cpu         ] GC(1207) User=0.67s Sys=0.00s Real=0.11s
[4319.482s][info][gc,marking     ] GC(1208) Concurrent Scan Root Regions 169.714ms
[4319.482s][info][gc,marking     ] GC(1208) Concurrent Mark
[4319.482s][info][gc,marking     ] GC(1208) Concurrent Mark From Roots
[4319.482s][info][gc,task        ] GC(1208) Using 2 workers of 2 for marking
.[4320.225s][info][gc,marking     ] GC(1208) Concurrent Mark From Roots 743.094ms
[4320.225s][info][gc,marking     ] GC(1208) Concurrent Preclean
[4320.225s][info][gc,marking     ] GC(1208) Concurrent Preclean 0.105ms
[4320.227s][info][gc,start       ] GC(1208) Pause Remark
[4320.230s][info][gc             ] GC(1208) Pause Remark 2214M->2214M(4096M) 2.884ms
[4320.230s][info][gc,cpu         ] GC(1208) User=0.02s Sys=0.00s Real=0.00s
[4320.231s][info][gc,marking     ] GC(1208) Concurrent Mark 749.388ms
[4320.231s][info][gc,marking     ] GC(1208) Concurrent Rebuild Remembered Sets and Scrub Regions
[4320.525s][info][gc,marking     ] GC(1208) Concurrent Rebuild Remembered Sets and Scrub Regions 294.282ms
[4320.528s][info][gc,start       ] GC(1208) Pause Cleanup
[4320.528s][info][gc             ] GC(1208) Pause Cleanup 2552M->2552M(4096M) 0.138ms
[4320.528s][info][gc,cpu         ] GC(1208) User=0.00s Sys=0.00s Real=0.00s
[4320.528s][info][gc,marking     ] GC(1208) Concurrent Clear Claimed Marks
[4320.528s][info][gc,marking     ] GC(1208) Concurrent Clear Claimed Marks 0.031ms
[4320.528s][info][gc,marking     ] GC(1208) Concurrent Cleanup for Next Mark
[4320.548s][info][gc,marking     ] GC(1208) Concurrent Cleanup for Next Mark 19.798ms
[4320.548s][info][gc             ] GC(1208) Concurrent Mark Cycle 1236.330ms
.[4321.611s][info][gc,start       ] GC(1209) Pause Young (Prepare Mixed) (G1 Evacuation Pause)
[4321.611s][info][gc,task        ] GC(1209) Using 6 workers of 6 for evacuation
[4321.728s][info][gc,phases      ] GC(1209)   Pre Evacuate Collection Set: 0.32ms
[4321.728s][info][gc,phases      ] GC(1209)   Merge Heap Roots: 0.53ms
[4321.728s][info][gc,phases      ] GC(1209)   Evacuate Collection Set: 115.46ms
[4321.728s][info][gc,phases      ] GC(1209)   Post Evacuate Collection Set: 0.93ms
[4321.728s][info][gc,phases      ] GC(1209)   Other: 0.09ms
[4321.728s][info][gc,heap        ] GC(1209) Eden regions: 1120->0(1113)
[4321.728s][info][gc,heap        ] GC(1209) Survivor regions: 108->107(154)
[4321.728s][info][gc,heap        ] GC(1209) Old regions: 505->538
[4321.728s][info][gc,heap        ] GC(1209) Humongous regions: 80->80
[4321.728s][info][gc,metaspace   ] GC(1209) Metaspace: 28905K(29312K)->28905K(29312K) NonClass: 24036K(24256K)->24036K(24256K) Class: 4868K(5056K)->4868K(5056K)
[4321.728s][info][gc             ] GC(1209) Pause Young (Prepare Mixed) (G1 Evacuation Pause) 3622M->1448M(4096M) 117.474ms
[4321.728s][info][gc,cpu         ] GC(1209) User=0.70s Sys=0.00s Real=0.12s
...[4324.020s][info][gc,start       ] GC(1210) Pause Young (Mixed) (G1 Evacuation Pause)
[4324.020s][info][gc,task        ] GC(1210) Using 6 workers of 6 for evacuation
[4324.152s][info][gc,phases      ] GC(1210)   Pre Evacuate Collection Set: 0.37ms
[4324.152s][info][gc,phases      ] GC(1210)   Merge Heap Roots: 0.68ms
[4324.152s][info][gc,phases      ] GC(1210)   Evacuate Collection Set: 129.52ms
[4324.152s][info][gc,phases      ] GC(1210)   Post Evacuate Collection Set: 1.00ms
[4324.152s][info][gc,phases      ] GC(1210)   Other: 0.09ms
[4324.152s][info][gc,heap        ] GC(1210) Eden regions: 1113->0(1121)
[4324.152s][info][gc,heap        ] GC(1210) Survivor regions: 107->107(153)
[4324.152s][info][gc,heap        ] GC(1210) Old regions: 538->474
[4324.152s][info][gc,heap        ] GC(1210) Humongous regions: 80->80
[4324.152s][info][gc,metaspace   ] GC(1210) Metaspace: 28905K(29312K)->28905K(29312K) NonClass: 24036K(24256K)->24036K(24256K) Class: 4868K(5056K)->4868K(5056K)
[4324.152s][info][gc             ] GC(1210) Pause Young (Mixed) (G1 Evacuation Pause) 3674M->1320M(4096M) 131.784ms
[4324.152s][info][gc,cpu         ] GC(1210) User=0.78s Sys=0.00s Real=0.13s
..[4326.456s][info][gc,start       ] GC(1211) Pause Young (Concurrent Start) (G1 Evacuation Pause)
[4326.456s][info][gc,task        ] GC(1211) Using 6 workers of 6 for evacuation
[4326.576s][info][gc,phases      ] GC(1211)   Pre Evacuate Collection Set: 0.38ms
[4326.576s][info][gc,phases      ] GC(1211)   Merge Heap Roots: 0.50ms
[4326.576s][info][gc,phases      ] GC(1211)   Evacuate Collection Set: 117.76ms
[4326.576s][info][gc,phases      ] GC(1211)   Post Evacuate Collection Set: 0.85ms
[4326.576s][info][gc,phases      ] GC(1211)   Other: 0.11ms
[4326.576s][info][gc,heap        ] GC(1211) Eden regions: 1121->0(1116)
[4326.576s][info][gc,heap        ] GC(1211) Survivor regions: 107->112(154)
[4326.576s][info][gc,heap        ] GC(1211) Old regions: 474->506
[4326.576s][info][gc,heap        ] GC(1211) Humongous regions: 80->80
[4326.576s][info][gc,metaspace   ] GC(1211) Metaspace: 28905K(29312K)->28905K(29312K) NonClass: 24036K(24256K)->24036K(24256K) Class: 4868K(5056K)->4868K(5056K)
[4326.576s][info][gc             ] GC(1211) Pause Young (Concurrent Start) (G1 Evacuation Pause) 3562M->1392M(4096M) 119.741ms
[4326.576s][info][gc             ] GC(1212) Concurrent Mark Cycle
[4326.576s][info][gc,marking     ] GC(1212) Concurrent Scan Root Regions
[4326.576s][info][gc,cpu         ] GC(1211) User=0.71s Sys=0.00s Real=0.12s
[4326.719s][info][gc,marking     ] GC(1212) Concurrent Scan Root Regions 142.940ms
[4326.719s][info][gc,marking     ] GC(1212) Concurrent Mark
[4326.719s][info][gc,marking     ] GC(1212) Concurrent Mark From Roots
[4326.719s][info][gc,task        ] GC(1212) Using 2 workers of 2 for marking
.[4327.452s][info][gc,marking     ] GC(1212) Concurrent Mark From Roots 733.318ms
[4327.452s][info][gc,marking     ] GC(1212) Concurrent Preclean
[4327.452s][info][gc,marking     ] GC(1212) Concurrent Preclean 0.116ms
[4327.455s][info][gc,start       ] GC(1212) Pause Remark
[4327.458s][info][gc             ] GC(1212) Pause Remark 2210M->2210M(4096M) 2.540ms
[4327.458s][info][gc,cpu         ] GC(1212) User=0.02s Sys=0.00s Real=0.00s
[4327.458s][info][gc,marking     ] GC(1212) Concurrent Mark 739.145ms
[4327.458s][info][gc,marking     ] GC(1212) Concurrent Rebuild Remembered Sets and Scrub Regions
[4327.745s][info][gc,marking     ] GC(1212) Concurrent Rebuild Remembered Sets and Scrub Regions 287.391ms
[4327.746s][info][gc,start       ] GC(1212) Pause Cleanup
[4327.746s][info][gc             ] GC(1212) Pause Cleanup 2500M->2500M(4096M) 0.544ms
[4327.746s][info][gc,cpu         ] GC(1212) User=0.00s Sys=0.00s Real=0.00s
[4327.746s][info][gc,marking     ] GC(1212) Concurrent Clear Claimed Marks
[4327.747s][info][gc,marking     ] GC(1212) Concurrent Clear Claimed Marks 0.038ms
[4327.747s][info][gc,marking     ] GC(1212) Concurrent Cleanup for Next Mark
[4327.752s][info][gc,marking     ] GC(1212) Concurrent Cleanup for Next Mark 5.227ms
[4327.752s][info][gc             ] GC(1212) Concurrent Mark Cycle 1176.056ms
.[4328.858s][info][gc,start       ] GC(1213) Pause Young (Prepare Mixed) (G1 Evacuation Pause)
[4328.858s][info][gc,task        ] GC(1213) Using 6 workers of 6 for evacuation
[4328.982s][info][gc,phases      ] GC(1213)   Pre Evacuate Collection Set: 0.33ms
[4328.982s][info][gc,phases      ] GC(1213)   Merge Heap Roots: 0.51ms
[4328.982s][info][gc,phases      ] GC(1213)   Evacuate Collection Set: 121.98ms
[4328.982s][info][gc,phases      ] GC(1213)   Post Evacuate Collection Set: 0.96ms
[4328.982s][info][gc,phases      ] GC(1213)   Other: 0.08ms
[4328.982s][info][gc,heap        ] GC(1213) Eden regions: 1116->0(1096)
[4328.982s][info][gc,heap        ] GC(1213) Survivor regions: 112->116(154)
[4328.982s][info][gc,heap        ] GC(1213) Old regions: 506->537
[4328.982s][info][gc,heap        ] GC(1213) Humongous regions: 80->80
[4328.982s][info][gc,metaspace   ] GC(1213) Metaspace: 28905K(29312K)->28905K(29312K) NonClass: 24036K(24256K)->24036K(24256K) Class: 4868K(5056K)->4868K(5056K)
[4328.982s][info][gc             ] GC(1213) Pause Young (Prepare Mixed) (G1 Evacuation Pause) 3624M->1463M(4096M) 124.009ms
[4328.982s][info][gc,cpu         ] GC(1213) User=0.73s Sys=0.00s Real=0.12s
...[4331.227s][info][gc,start       ] GC(1214) Pause Young (Mixed) (G1 Evacuation Pause)
[4331.227s][info][gc,task        ] GC(1214) Using 6 workers of 6 for evacuation
[4331.366s][info][gc,phases      ] GC(1214)   Pre Evacuate Collection Set: 0.36ms
[4331.366s][info][gc,phases      ] GC(1214)   Merge Heap Roots: 0.87ms
[4331.366s][info][gc,phases      ] GC(1214)   Evacuate Collection Set: 136.13ms
[4331.366s][info][gc,phases      ] GC(1214)   Post Evacuate Collection Set: 0.94ms
[4331.366s][info][gc,phases      ] GC(1214)   Other: 0.08ms
[4331.366s][info][gc,heap        ] GC(1214) Eden regions: 1096->0(1121)
[4331.366s][info][gc,heap        ] GC(1214) Survivor regions: 116->107(152)
[4331.366s][info][gc,heap        ] GC(1214) Old regions: 537->474
[4331.366s][info][gc,heap        ] GC(1214) Humongous regions: 80->80
[4331.366s][info][gc,metaspace   ] GC(1214) Metaspace: 28905K(29312K)->28905K(29312K) NonClass: 24036K(24256K)->24036K(24256K) Class: 4868K(5056K)->4868K(5056K)
[4331.366s][info][gc             ] GC(1214) Pause Young (Mixed) (G1 Evacuation Pause) 3655M->1320M(4096M) 138.531ms
[4331.366s][info][gc,cpu         ] GC(1214) User=0.82s Sys=0.00s Real=0.14s
..[4333.620s][info][gc,start       ] GC(1215) Pause Young (Concurrent Start) (G1 Evacuation Pause)
[4333.620s][info][gc,task        ] GC(1215) Using 6 workers of 6 for evacuation
[4333.739s][info][gc,phases      ] GC(1215)   Pre Evacuate Collection Set: 0.37ms
[4333.739s][info][gc,phases      ] GC(1215)   Merge Heap Roots: 0.47ms
[4333.739s][info][gc,phases      ] GC(1215)   Evacuate Collection Set: 117.26ms
[4333.739s][info][gc,phases      ] GC(1215)   Post Evacuate Collection Set: 0.88ms
[4333.739s][info][gc,phases      ] GC(1215)   Other: 0.13ms
[4333.739s][info][gc,heap        ] GC(1215) Eden regions: 1121->0(1118)
[4333.739s][info][gc,heap        ] GC(1215) Survivor regions: 107->110(154)
[4333.739s][info][gc,heap        ] GC(1215) Old regions: 474->506
[4333.739s][info][gc,heap        ] GC(1215) Humongous regions: 80->80
[4333.739s][info][gc,metaspace   ] GC(1215) Metaspace: 28905K(29312K)->28905K(29312K) NonClass: 24036K(24256K)->24036K(24256K) Class: 4868K(5056K)->4868K(5056K)
[4333.739s][info][gc             ] GC(1215) Pause Young (Concurrent Start) (G1 Evacuation Pause) 3562M->1390M(4096M) 119.263ms
[4333.740s][info][gc             ] GC(1216) Concurrent Mark Cycle
[4333.740s][info][gc,marking     ] GC(1216) Concurrent Scan Root Regions
[4333.740s][info][gc,cpu         ] GC(1215) User=0.71s Sys=0.01s Real=0.12s
[4333.907s][info][gc,marking     ] GC(1216) Concurrent Scan Root Regions 167.460ms
[4333.907s][info][gc,marking     ] GC(1216) Concurrent Mark
[4333.907s][info][gc,marking     ] GC(1216) Concurrent Mark From Roots
[4333.907s][info][gc,task        ] GC(1216) Using 2 workers of 2 for marking
.[4334.630s][info][gc,marking     ] GC(1216) Concurrent Mark From Roots 722.910ms
[4334.630s][info][gc,marking     ] GC(1216) Concurrent Preclean
[4334.630s][info][gc,marking     ] GC(1216) Concurrent Preclean 0.109ms
[4334.630s][info][gc,start       ] GC(1216) Pause Remark
[4334.634s][info][gc             ] GC(1216) Pause Remark 2226M->2226M(4096M) 3.335ms
[4334.634s][info][gc,cpu         ] GC(1216) User=0.02s Sys=0.00s Real=0.00s
[4334.634s][info][gc,marking     ] GC(1216) Concurrent Mark 726.578ms
[4334.634s][info][gc,marking     ] GC(1216) Concurrent Rebuild Remembered Sets and Scrub Regions
[4334.945s][info][gc,marking     ] GC(1216) Concurrent Rebuild Remembered Sets and Scrub Regions 310.995ms
[4334.945s][info][gc,start       ] GC(1216) Pause Cleanup
[4334.945s][info][gc             ] GC(1216) Pause Cleanup 2488M->2488M(4096M) 0.112ms
[4334.945s][info][gc,cpu         ] GC(1216) User=0.00s Sys=0.00s Real=0.00s
[4334.946s][info][gc,marking     ] GC(1216) Concurrent Clear Claimed Marks
[4334.946s][info][gc,marking     ] GC(1216) Concurrent Clear Claimed Marks 0.031ms
[4334.946s][info][gc,marking     ] GC(1216) Concurrent Cleanup for Next Mark
[4334.951s][info][gc,marking     ] GC(1216) Concurrent Cleanup for Next Mark 4.857ms
[4334.951s][info][gc             ] GC(1216) Concurrent Mark Cycle 1211.357ms
.[4336.069s][info][gc,start       ] GC(1217) Pause Young (Prepare Mixed) (G1 Evacuation Pause)
[4336.069s][info][gc,task        ] GC(1217) Using 6 workers of 6 for evacuation
[4336.185s][info][gc,phases      ] GC(1217)   Pre Evacuate Collection Set: 0.34ms
[4336.185s][info][gc,phases      ] GC(1217)   Merge Heap Roots: 0.53ms
[4336.185s][info][gc,phases      ] GC(1217)   Evacuate Collection Set: 113.84ms
[4336.185s][info][gc,phases      ] GC(1217)   Post Evacuate Collection Set: 0.96ms
[4336.185s][info][gc,phases      ] GC(1217)   Other: 0.08ms
[4336.185s][info][gc,heap        ] GC(1217) Eden regions: 1118->0(1111)
[4336.185s][info][gc,heap        ] GC(1217) Survivor regions: 110->108(154)
[4336.185s][info][gc,heap        ] GC(1217) Old regions: 506->538
[4336.185s][info][gc,heap        ] GC(1217) Humongous regions: 80->80
[4336.185s][info][gc,metaspace   ] GC(1217) Metaspace: 28905K(29312K)->28905K(29312K) NonClass: 24036K(24256K)->24036K(24256K) Class: 4868K(5056K)->4868K(5056K)
[4336.185s][info][gc             ] GC(1217) Pause Young (Prepare Mixed) (G1 Evacuation Pause) 3626M->1449M(4096M) 115.904ms
[4336.185s][info][gc,cpu         ] GC(1217) User=0.69s Sys=0.00s Real=0.12s
...[4338.490s][info][gc,start       ] GC(1218) Pause Young (Mixed) (G1 Evacuation Pause)
[4338.490s][info][gc,task        ] GC(1218) Using 6 workers of 6 for evacuation
[4338.631s][info][gc,phases      ] GC(1218)   Pre Evacuate Collection Set: 0.33ms
[4338.631s][info][gc,phases      ] GC(1218)   Merge Heap Roots: 0.69ms
[4338.631s][info][gc,phases      ] GC(1218)   Evacuate Collection Set: 139.15ms
[4338.631s][info][gc,phases      ] GC(1218)   Post Evacuate Collection Set: 0.89ms
[4338.631s][info][gc,phases      ] GC(1218)   Other: 0.10ms
[4338.631s][info][gc,heap        ] GC(1218) Eden regions: 1111->0(1114)
[4338.631s][info][gc,heap        ] GC(1218) Survivor regions: 108->114(153)
[4338.631s][info][gc,heap        ] GC(1218) Old regions: 538->475
[4338.631s][info][gc,heap        ] GC(1218) Humongous regions: 80->80
[4338.631s][info][gc,metaspace   ] GC(1218) Metaspace: 28905K(29312K)->28905K(29312K) NonClass: 24036K(24256K)->24036K(24256K) Class: 4868K(5056K)->4868K(5056K)
[4338.631s][info][gc             ] GC(1218) Pause Young (Mixed) (G1 Evacuation Pause) 3671M->1336M(4096M) 141.293ms
[4338.631s][info][gc,cpu         ] GC(1218) User=0.84s Sys=0.00s Real=0.14s
..[4340.979s][info][gc,start       ] GC(1219) Pause Young (Concurrent Start) (G1 Evacuation Pause)
[4340.979s][info][gc,task        ] GC(1219) Using 6 workers of 6 for evacuation
[4341.097s][info][gc,phases      ] GC(1219)   Pre Evacuate Collection Set: 0.35ms
[4341.097s][info][gc,phases      ] GC(1219)   Merge Heap Roots: 0.50ms
[4341.097s][info][gc,phases      ] GC(1219)   Evacuate Collection Set: 116.50ms
[4341.097s][info][gc,phases      ] GC(1219)   Post Evacuate Collection Set: 0.87ms
[4341.097s][info][gc,phases      ] GC(1219)   Other: 0.10ms
[4341.097s][info][gc,heap        ] GC(1219) Eden regions: 1114->0(1117)
[4341.097s][info][gc,heap        ] GC(1219) Survivor regions: 114->111(154)
[4341.097s][info][gc,heap        ] GC(1219) Old regions: 475->507
[4341.097s][info][gc,heap        ] GC(1219) Humongous regions: 80->80
[4341.097s][info][gc,metaspace   ] GC(1219) Metaspace: 28905K(29312K)->28905K(29312K) NonClass: 24036K(24256K)->24036K(24256K) Class: 4868K(5056K)->4868K(5056K)
[4341.097s][info][gc             ] GC(1219) Pause Young (Concurrent Start) (G1 Evacuation Pause) 3564M->1394M(4096M) 118.441ms
[4341.097s][info][gc             ] GC(1220) Concurrent Mark Cycle
[4341.097s][info][gc,marking     ] GC(1220) Concurrent Scan Root Regions
[4341.097s][info][gc,cpu         ] GC(1219) User=0.70s Sys=0.00s Real=0.12s
.[4341.273s][info][gc,marking     ] GC(1220) Concurrent Scan Root Regions 175.665ms
[4341.273s][info][gc,marking     ] GC(1220) Concurrent Mark
[4341.273s][info][gc,marking     ] GC(1220) Concurrent Mark From Roots
[4341.273s][info][gc,task        ] GC(1220) Using 2 workers of 2 for marking
[4341.992s][info][gc,marking     ] GC(1220) Concurrent Mark From Roots 719.419ms
[4341.993s][info][gc,marking     ] GC(1220) Concurrent Preclean
[4341.993s][info][gc,marking     ] GC(1220) Concurrent Preclean 0.103ms
[4341.993s][info][gc,start       ] GC(1220) Pause Remark
[4341.996s][info][gc             ] GC(1220) Pause Remark 2234M->2234M(4096M) 3.097ms
[4341.996s][info][gc,cpu         ] GC(1220) User=0.02s Sys=0.00s Real=0.01s
[4341.996s][info][gc,marking     ] GC(1220) Concurrent Mark 723.361ms
[4341.996s][info][gc,marking     ] GC(1220) Concurrent Rebuild Remembered Sets and Scrub Regions
.[4342.298s][info][gc,marking     ] GC(1220) Concurrent Rebuild Remembered Sets and Scrub Regions 301.285ms
[4342.298s][info][gc,start       ] GC(1220) Pause Cleanup
[4342.298s][info][gc             ] GC(1220) Pause Cleanup 2579M->2579M(4096M) 0.106ms
[4342.298s][info][gc,cpu         ] GC(1220) User=0.00s Sys=0.00s Real=0.00s
[4342.298s][info][gc,marking     ] GC(1220) Concurrent Clear Claimed Marks
[4342.298s][info][gc,marking     ] GC(1220) Concurrent Clear Claimed Marks 0.021ms
[4342.298s][info][gc,marking     ] GC(1220) Concurrent Cleanup for Next Mark
[4342.305s][info][gc,marking     ] GC(1220) Concurrent Cleanup for Next Mark 6.977ms
[4342.305s][info][gc             ] GC(1220) Concurrent Mark Cycle 1207.783ms
.[4343.383s][info][gc,start       ] GC(1221) Pause Young (Prepare Mixed) (G1 Evacuation Pause)
[4343.383s][info][gc,task        ] GC(1221) Using 6 workers of 6 for evacuation
[4343.504s][info][gc,phases      ] GC(1221)   Pre Evacuate Collection Set: 0.31ms
[4343.504s][info][gc,phases      ] GC(1221)   Merge Heap Roots: 0.55ms
[4343.504s][info][gc,phases      ] GC(1221)   Evacuate Collection Set: 118.42ms
[4343.504s][info][gc,phases      ] GC(1221)   Post Evacuate Collection Set: 0.91ms
[4343.504s][info][gc,phases      ] GC(1221)   Other: 0.10ms
[4343.504s][info][gc,heap        ] GC(1221) Eden regions: 1117->0(1104)
[4343.504s][info][gc,heap        ] GC(1221) Survivor regions: 111->111(154)
[4343.504s][info][gc,heap        ] GC(1221) Old regions: 507->539
[4343.504s][info][gc,heap        ] GC(1221) Humongous regions: 80->80
[4343.504s][info][gc,metaspace   ] GC(1221) Metaspace: 28905K(29312K)->28905K(29312K) NonClass: 24036K(24256K)->24036K(24256K) Class: 4868K(5056K)->4868K(5056K)
[4343.504s][info][gc             ] GC(1221) Pause Young (Prepare Mixed) (G1 Evacuation Pause) 3628M->1457M(4096M) 120.436ms
[4343.504s][info][gc,cpu         ] GC(1221) User=0.72s Sys=0.00s Real=0.12s
..[4345.793s][info][gc,start       ] GC(1222) Pause Young (Mixed) (G1 Evacuation Pause)
[4345.793s][info][gc,task        ] GC(1222) Using 6 workers of 6 for evacuation
[4345.926s][info][gc,phases      ] GC(1222)   Pre Evacuate Collection Set: 0.35ms
[4345.926s][info][gc,phases      ] GC(1222)   Merge Heap Roots: 0.63ms
[4345.926s][info][gc,phases      ] GC(1222)   Evacuate Collection Set: 130.64ms
[4345.926s][info][gc,phases      ] GC(1222)   Post Evacuate Collection Set: 0.95ms
[4345.926s][info][gc,phases      ] GC(1222)   Other: 0.08ms
[4345.926s][info][gc,heap        ] GC(1222) Eden regions: 1104->0(1118)
[4345.926s][info][gc,heap        ] GC(1222) Survivor regions: 111->110(152)
[4345.926s][info][gc,heap        ] GC(1222) Old regions: 539->474
[4345.926s][info][gc,heap        ] GC(1222) Humongous regions: 80->80
[4345.926s][info][gc,metaspace   ] GC(1222) Metaspace: 28905K(29312K)->28905K(29312K) NonClass: 24036K(24256K)->24036K(24256K) Class: 4868K(5056K)->4868K(5056K)
[4345.926s][info][gc             ] GC(1222) Pause Young (Mixed) (G1 Evacuation Pause) 3665M->1324M(4096M) 132.784ms
[4345.926s][info][gc,cpu         ] GC(1222) User=0.79s Sys=0.00s Real=0.14s
..[4348.252s][info][gc,start       ] GC(1223) Pause Young (Concurrent Start) (G1 Evacuation Pause)
[4348.252s][info][gc,task        ] GC(1223) Using 6 workers of 6 for evacuation
[4348.376s][info][gc,phases      ] GC(1223)   Pre Evacuate Collection Set: 0.39ms
[4348.376s][info][gc,phases      ] GC(1223)   Merge Heap Roots: 0.54ms
[4348.376s][info][gc,phases      ] GC(1223)   Evacuate Collection Set: 121.97ms
[4348.376s][info][gc,phases      ] GC(1223)   Post Evacuate Collection Set: 0.88ms
[4348.376s][info][gc,phases      ] GC(1223)   Other: 0.10ms
[4348.376s][info][gc,heap        ] GC(1223) Eden regions: 1118->0(1113)
[4348.376s][info][gc,heap        ] GC(1223) Survivor regions: 110->115(154)
[4348.376s][info][gc,heap        ] GC(1223) Old regions: 474->505
[4348.376s][info][gc,heap        ] GC(1223) Humongous regions: 80->80
[4348.376s][info][gc,metaspace   ] GC(1223) Metaspace: 28905K(29312K)->28905K(29312K) NonClass: 24036K(24256K)->24036K(24256K) Class: 4868K(5056K)->4868K(5056K)
[4348.376s][info][gc             ] GC(1223) Pause Young (Concurrent Start) (G1 Evacuation Pause) 3560M->1396M(4096M) 124.032ms
[4348.376s][info][gc             ] GC(1224) Concurrent Mark Cycle
[4348.376s][info][gc,marking     ] GC(1224) Concurrent Scan Root Regions
[4348.376s][info][gc,cpu         ] GC(1223) User=0.74s Sys=0.00s Real=0.13s
.[4348.550s][info][gc,marking     ] GC(1224) Concurrent Scan Root Regions 173.892ms
[4348.550s][info][gc,marking     ] GC(1224) Concurrent Mark
[4348.550s][info][gc,marking     ] GC(1224) Concurrent Mark From Roots
[4348.550s][info][gc,task        ] GC(1224) Using 2 workers of 2 for marking
.[4349.592s][info][gc,marking     ] GC(1224) Concurrent Mark From Roots 1041.977ms
[4349.592s][info][gc,marking     ] GC(1224) Concurrent Preclean
[4349.592s][info][gc,marking     ] GC(1224) Concurrent Preclean 0.125ms
[4349.595s][info][gc,start       ] GC(1224) Pause Remark
[4349.599s][info][gc             ] GC(1224) Pause Remark 2626M->2626M(4096M) 3.414ms
[4349.599s][info][gc,cpu         ] GC(1224) User=0.02s Sys=0.00s Real=0.00s
[4349.599s][info][gc,marking     ] GC(1224) Concurrent Mark 1048.562ms
[4349.599s][info][gc,marking     ] GC(1224) Concurrent Rebuild Remembered Sets and Scrub Regions
[4350.003s][info][gc,marking     ] GC(1224) Concurrent Rebuild Remembered Sets and Scrub Regions 404.595ms
[4350.004s][info][gc,start       ] GC(1224) Pause Cleanup
[4350.004s][info][gc             ] GC(1224) Pause Cleanup 3007M->3007M(4096M) 0.118ms
[4350.004s][info][gc,cpu         ] GC(1224) User=0.00s Sys=0.00s Real=0.00s
[4350.004s][info][gc,marking     ] GC(1224) Concurrent Clear Claimed Marks
[4350.004s][info][gc,marking     ] GC(1224) Concurrent Clear Claimed Marks 0.034ms
[4350.004s][info][gc,marking     ] GC(1224) Concurrent Cleanup for Next Mark
[4350.013s][info][gc,marking     ] GC(1224) Concurrent Cleanup for Next Mark 8.666ms
[4350.013s][info][gc             ] GC(1224) Concurrent Mark Cycle 1636.506ms
.[4350.603s][info][gc,start       ] GC(1225) Pause Young (Prepare Mixed) (G1 Evacuation Pause)
[4350.603s][info][gc,task        ] GC(1225) Using 6 workers of 6 for evacuation
[4350.719s][info][gc,phases      ] GC(1225)   Pre Evacuate Collection Set: 0.31ms
[4350.719s][info][gc,phases      ] GC(1225)   Merge Heap Roots: 0.50ms
[4350.719s][info][gc,phases      ] GC(1225)   Evacuate Collection Set: 114.12ms
[4350.719s][info][gc,phases      ] GC(1225)   Post Evacuate Collection Set: 0.94ms
[4350.719s][info][gc,phases      ] GC(1225)   Other: 0.09ms
[4350.719s][info][gc,heap        ] GC(1225) Eden regions: 1113->0(1109)
[4350.719s][info][gc,heap        ] GC(1225) Survivor regions: 115->110(154)
[4350.719s][info][gc,heap        ] GC(1225) Old regions: 505->536
[4350.719s][info][gc,heap        ] GC(1225) Humongous regions: 80->80
[4350.719s][info][gc,metaspace   ] GC(1225) Metaspace: 28905K(29312K)->28905K(29312K) NonClass: 24036K(24256K)->24036K(24256K) Class: 4868K(5056K)->4868K(5056K)
[4350.719s][info][gc             ] GC(1225) Pause Young (Prepare Mixed) (G1 Evacuation Pause) 3622M->1449M(4096M) 116.092ms
[4350.719s][info][gc,cpu         ] GC(1225) User=0.69s Sys=0.00s Real=0.12s
..[4353.044s][info][gc,start       ] GC(1226) Pause Young (Mixed) (G1 Evacuation Pause)
[4353.044s][info][gc,task        ] GC(1226) Using 6 workers of 6 for evacuation
[4353.185s][info][gc,phases      ] GC(1226)   Pre Evacuate Collection Set: 0.35ms
[4353.185s][info][gc,phases      ] GC(1226)   Merge Heap Roots: 0.81ms
[4353.185s][info][gc,phases      ] GC(1226)   Evacuate Collection Set: 139.06ms
[4353.185s][info][gc,phases      ] GC(1226)   Post Evacuate Collection Set: 0.91ms
[4353.185s][info][gc,phases      ] GC(1226)   Other: 0.09ms
[4353.185s][info][gc,heap        ] GC(1226) Eden regions: 1109->0(1117)
[4353.185s][info][gc,heap        ] GC(1226) Survivor regions: 110->111(153)
[4353.185s][info][gc,heap        ] GC(1226) Old regions: 536->475
[4353.185s][info][gc,heap        ] GC(1226) Humongous regions: 80->80
[4353.185s][info][gc,metaspace   ] GC(1226) Metaspace: 28905K(29312K)->28905K(29312K) NonClass: 24036K(24256K)->24036K(24256K) Class: 4868K(5056K)->4868K(5056K)
[4353.185s][info][gc             ] GC(1226) Pause Young (Mixed) (G1 Evacuation Pause) 3667M->1329M(4096M) 141.354ms
[4353.185s][info][gc,cpu         ] GC(1226) User=0.84s Sys=0.00s Real=0.15s
. (rIR:aIR:PR = 7749:7748:7747) (tPR = 115349) [OK] 
  4353s: Performance info:
         Transaction,    Success,    Partial,     Failed,   Receipts, AvgBarcode, 
             Overall,     470429,          0,          0,     447046,      59.47, 
         Response times:
             Request,    Success,    Partial,     Failed,   SkipFail,     Probes,    Samples,      min,      p50,      p90,      p95,      p99,      max, 
       TotalPurchase,     446900,          0,          0,          0,     360535,     446974,      300,     6500,    75000,   113000,   180000,   389000,
     InStorePurchase,     234324,          0,          0,          0,     189438,     234818,      300,     6500,    75000,   113000,   178000,   354000,
      OnlinePurchase,     165437,          0,          0,          0,     132528,     164247,      300,     6600,    76000,   115000,   186000,   319000,
        InstPurchase,      47139,          0,          0,          0,      38569,      47909,      300,     6400,    72000,   109000,   173000,   389000,
          AssocOfCat,        471,          0,          0,          0,        371,        564,    23000,    41000,   117500,   159000,   248400,   328000,
      AssocOfProduct,       4711,          0,          0,          0,       4449,       5746,      500,     4200,    61000,    97000,   162000,   241000,
      BusinessReport,       1180,          0,          0,          0,       1015,       1383,    25000,    47000,   134000,   178800,   257160,   292000,
          CustBuyBeh,       4707,          0,          0,          0,       4398,       5720,     1600,     7000,    75000,   106950,   194790,   235000,
       ProductReturn,      12471,          0,          0,          0,       9508,      11944,      200,     6700,    76000,   112000,   171000,   294000,

  4353s: (57%)   IR =   7887 .[4355.408s][info][gc,start       ] GC(1227) Pause Young (Concurrent Start) (G1 Evacuation Pause)
[4355.408s][info][gc,task        ] GC(1227) Using 6 workers of 6 for evacuation
[4355.524s][info][gc,phases      ] GC(1227)   Pre Evacuate Collection Set: 0.42ms
[4355.524s][info][gc,phases      ] GC(1227)   Merge Heap Roots: 0.54ms
[4355.524s][info][gc,phases      ] GC(1227)   Evacuate Collection Set: 113.91ms
[4355.524s][info][gc,phases      ] GC(1227)   Post Evacuate Collection Set: 0.86ms
[4355.524s][info][gc,phases      ] GC(1227)   Other: 0.14ms
[4355.524s][info][gc,heap        ] GC(1227) Eden regions: 1117->0(1118)
[4355.524s][info][gc,heap        ] GC(1227) Survivor regions: 111->110(154)
[4355.524s][info][gc,heap        ] GC(1227) Old regions: 475->507
[4355.524s][info][gc,heap        ] GC(1227) Humongous regions: 80->80
[4355.524s][info][gc,metaspace   ] GC(1227) Metaspace: 28905K(29312K)->28905K(29312K) NonClass: 24036K(24256K)->24036K(24256K) Class: 4868K(5056K)->4868K(5056K)
[4355.524s][info][gc             ] GC(1227) Pause Young (Concurrent Start) (G1 Evacuation Pause) 3563M->1390M(4096M) 116.024ms
[4355.524s][info][gc             ] GC(1228) Concurrent Mark Cycle
[4355.524s][info][gc,marking     ] GC(1228) Concurrent Scan Root Regions
[4355.524s][info][gc,cpu         ] GC(1227) User=0.69s Sys=0.00s Real=0.11s
.[4355.691s][info][gc,marking     ] GC(1228) Concurrent Scan Root Regions 166.709ms
[4355.691s][info][gc,marking     ] GC(1228) Concurrent Mark
[4355.691s][info][gc,marking     ] GC(1228) Concurrent Mark From Roots
[4355.691s][info][gc,task        ] GC(1228) Using 2 workers of 2 for marking
.[4356.674s][info][gc,marking     ] GC(1228) Concurrent Mark From Roots 983.345ms
[4356.674s][info][gc,marking     ] GC(1228) Concurrent Preclean
[4356.674s][info][gc,marking     ] GC(1228) Concurrent Preclean 0.130ms
[4356.674s][info][gc,start       ] GC(1228) Pause Remark
[4356.677s][info][gc             ] GC(1228) Pause Remark 2511M->2511M(4096M) 2.739ms
[4356.677s][info][gc,cpu         ] GC(1228) User=0.01s Sys=0.00s Real=0.01s
[4356.678s][info][gc,marking     ] GC(1228) Concurrent Mark 987.059ms
[4356.678s][info][gc,marking     ] GC(1228) Concurrent Rebuild Remembered Sets and Scrub Regions
[4357.099s][info][gc,marking     ] GC(1228) Concurrent Rebuild Remembered Sets and Scrub Regions 421.569ms
[4357.100s][info][gc,start       ] GC(1228) Pause Cleanup
[4357.100s][info][gc             ] GC(1228) Pause Cleanup 2931M->2931M(4096M) 0.114ms
[4357.100s][info][gc,cpu         ] GC(1228) User=0.00s Sys=0.00s Real=0.00s
[4357.100s][info][gc,marking     ] GC(1228) Concurrent Clear Claimed Marks
[4357.100s][info][gc,marking     ] GC(1228) Concurrent Clear Claimed Marks 0.029ms
[4357.100s][info][gc,marking     ] GC(1228) Concurrent Cleanup for Next Mark
[4357.104s][info][gc,marking     ] GC(1228) Concurrent Cleanup for Next Mark 4.704ms
[4357.105s][info][gc             ] GC(1228) Concurrent Mark Cycle 1580.663ms
.[4357.829s][info][gc,start       ] GC(1229) Pause Young (Prepare Mixed) (G1 Evacuation Pause)
[4357.829s][info][gc,task        ] GC(1229) Using 6 workers of 6 for evacuation
[4357.952s][info][gc,phases      ] GC(1229)   Pre Evacuate Collection Set: 0.30ms
[4357.952s][info][gc,phases      ] GC(1229)   Merge Heap Roots: 0.52ms
[4357.952s][info][gc,phases      ] GC(1229)   Evacuate Collection Set: 121.23ms
[4357.952s][info][gc,phases      ] GC(1229)   Post Evacuate Collection Set: 0.90ms
[4357.952s][info][gc,phases      ] GC(1229)   Other: 0.09ms
[4357.952s][info][gc,heap        ] GC(1229) Eden regions: 1118->0(1100)
[4357.952s][info][gc,heap        ] GC(1229) Survivor regions: 110->113(154)
[4357.952s][info][gc,heap        ] GC(1229) Old regions: 507->539
[4357.952s][info][gc,heap        ] GC(1229) Humongous regions: 80->80
[4357.952s][info][gc,metaspace   ] GC(1229) Metaspace: 28905K(29312K)->28905K(29312K) NonClass: 24036K(24256K)->24036K(24256K) Class: 4868K(5056K)->4868K(5056K)
[4357.953s][info][gc             ] GC(1229) Pause Young (Prepare Mixed) (G1 Evacuation Pause) 3626M->1461M(4096M) 123.165ms
[4357.953s][info][gc,cpu         ] GC(1229) User=0.73s Sys=0.00s Real=0.12s
..[4360.135s][info][gc,start       ] GC(1230) Pause Young (Mixed) (G1 Evacuation Pause)
[4360.135s][info][gc,task        ] GC(1230) Using 6 workers of 6 for evacuation
[4360.269s][info][gc,phases      ] GC(1230)   Pre Evacuate Collection Set: 0.34ms
[4360.269s][info][gc,phases      ] GC(1230)   Merge Heap Roots: 0.68ms
[4360.269s][info][gc,phases      ] GC(1230)   Evacuate Collection Set: 132.17ms
[4360.269s][info][gc,phases      ] GC(1230)   Post Evacuate Collection Set: 0.92ms
[4360.269s][info][gc,phases      ] GC(1230)   Other: 0.08ms
[4360.269s][info][gc,heap        ] GC(1230) Eden regions: 1100->0(1119)
[4360.269s][info][gc,heap        ] GC(1230) Survivor regions: 113->109(152)
[4360.269s][info][gc,heap        ] GC(1230) Old regions: 539->476
[4360.269s][info][gc,heap        ] GC(1230) Humongous regions: 80->80
[4360.269s][info][gc,metaspace   ] GC(1230) Metaspace: 28905K(29312K)->28905K(29312K) NonClass: 24036K(24256K)->24036K(24256K) Class: 4868K(5056K)->4868K(5056K)
[4360.269s][info][gc             ] GC(1230) Pause Young (Mixed) (G1 Evacuation Pause) 3661M->1326M(4096M) 134.316ms
[4360.269s][info][gc,cpu         ] GC(1230) User=0.80s Sys=0.00s Real=0.14s
..[4362.570s][info][gc,start       ] GC(1231) Pause Young (Concurrent Start) (G1 Evacuation Pause)
[4362.570s][info][gc,task        ] GC(1231) Using 6 workers of 6 for evacuation
[4362.688s][info][gc,phases      ] GC(1231)   Pre Evacuate Collection Set: 0.37ms
[4362.688s][info][gc,phases      ] GC(1231)   Merge Heap Roots: 0.47ms
[4362.688s][info][gc,phases      ] GC(1231)   Evacuate Collection Set: 116.50ms
[4362.688s][info][gc,phases      ] GC(1231)   Post Evacuate Collection Set: 0.86ms
[4362.688s][info][gc,phases      ] GC(1231)   Other: 0.10ms
[4362.688s][info][gc,heap        ] GC(1231) Eden regions: 1119->0(1118)
[4362.688s][info][gc,heap        ] GC(1231) Survivor regions: 109->110(154)
[4362.688s][info][gc,heap        ] GC(1231) Old regions: 476->508
[4362.688s][info][gc,heap        ] GC(1231) Humongous regions: 80->80
[4362.688s][info][gc,metaspace   ] GC(1231) Metaspace: 28905K(29312K)->28905K(29312K) NonClass: 24036K(24256K)->24036K(24256K) Class: 4868K(5056K)->4868K(5056K)
[4362.688s][info][gc             ] GC(1231) Pause Young (Concurrent Start) (G1 Evacuation Pause) 3564M->1393M(4096M) 118.436ms
[4362.688s][info][gc             ] GC(1232) Concurrent Mark Cycle
[4362.688s][info][gc,marking     ] GC(1232) Concurrent Scan Root Regions
[4362.688s][info][gc,cpu         ] GC(1231) User=0.71s Sys=0.00s Real=0.12s
.[4362.816s][info][gc,marking     ] GC(1232) Concurrent Scan Root Regions 128.096ms
[4362.816s][info][gc,marking     ] GC(1232) Concurrent Mark
[4362.816s][info][gc,marking     ] GC(1232) Concurrent Mark From Roots
[4362.816s][info][gc,task        ] GC(1232) Using 2 workers of 2 for marking
[4363.521s][info][gc,marking     ] GC(1232) Concurrent Mark From Roots 704.711ms
[4363.521s][info][gc,marking     ] GC(1232) Concurrent Preclean
[4363.521s][info][gc,marking     ] GC(1232) Concurrent Preclean 0.118ms
[4363.523s][info][gc,start       ] GC(1232) Pause Remark
[4363.526s][info][gc             ] GC(1232) Pause Remark 2165M->2165M(4096M) 2.677ms
[4363.526s][info][gc,cpu         ] GC(1232) User=0.01s Sys=0.00s Real=0.01s
[4363.526s][info][gc,marking     ] GC(1232) Concurrent Mark 709.427ms
[4363.526s][info][gc,marking     ] GC(1232) Concurrent Rebuild Remembered Sets and Scrub Regions
[4363.819s][info][gc,marking     ] GC(1232) Concurrent Rebuild Remembered Sets and Scrub Regions 293.183ms
[4363.822s][info][gc,start       ] GC(1232) Pause Cleanup
[4363.822s][info][gc             ] GC(1232) Pause Cleanup 2407M->2407M(4096M) 0.137ms
[4363.822s][info][gc,cpu         ] GC(1232) User=0.00s Sys=0.00s Real=0.00s
[4363.822s][info][gc,marking     ] GC(1232) Concurrent Clear Claimed Marks
[4363.822s][info][gc,marking     ] GC(1232) Concurrent Clear Claimed Marks 0.034ms
[4363.822s][info][gc,marking     ] GC(1232) Concurrent Cleanup for Next Mark
[4363.827s][info][gc,marking     ] GC(1232) Concurrent Cleanup for Next Mark 4.893ms
[4363.827s][info][gc             ] GC(1232) Concurrent Mark Cycle 1138.963ms
..[4365.023s][info][gc,start       ] GC(1233) Pause Young (Prepare Mixed) (G1 Evacuation Pause)
[4365.023s][info][gc,task        ] GC(1233) Using 6 workers of 6 for evacuation
[4365.149s][info][gc,phases      ] GC(1233)   Pre Evacuate Collection Set: 0.32ms
[4365.149s][info][gc,phases      ] GC(1233)   Merge Heap Roots: 0.50ms
[4365.149s][info][gc,phases      ] GC(1233)   Evacuate Collection Set: 124.62ms
[4365.149s][info][gc,phases      ] GC(1233)   Post Evacuate Collection Set: 0.91ms
[4365.149s][info][gc,phases      ] GC(1233)   Other: 0.09ms
[4365.149s][info][gc,heap        ] GC(1233) Eden regions: 1118->0(1090)
[4365.149s][info][gc,heap        ] GC(1233) Survivor regions: 110->118(154)
[4365.149s][info][gc,heap        ] GC(1233) Old regions: 508->539
[4365.149s][info][gc,heap        ] GC(1233) Humongous regions: 80->80
[4365.149s][info][gc,metaspace   ] GC(1233) Metaspace: 28905K(29312K)->28905K(29312K) NonClass: 24036K(24256K)->24036K(24256K) Class: 4868K(5056K)->4868K(5056K)
[4365.149s][info][gc             ] GC(1233) Pause Young (Prepare Mixed) (G1 Evacuation Pause) 3629M->1472M(4096M) 126.576ms
[4365.149s][info][gc,cpu         ] GC(1233) User=0.75s Sys=0.00s Real=0.13s
..[4367.262s][info][gc,start       ] GC(1234) Pause Young (Mixed) (G1 Evacuation Pause)
[4367.262s][info][gc,task        ] GC(1234) Using 6 workers of 6 for evacuation
[4367.401s][info][gc,phases      ] GC(1234)   Pre Evacuate Collection Set: 0.41ms
[4367.401s][info][gc,phases      ] GC(1234)   Merge Heap Roots: 0.88ms
[4367.401s][info][gc,phases      ] GC(1234)   Evacuate Collection Set: 136.57ms
[4367.401s][info][gc,phases      ] GC(1234)   Post Evacuate Collection Set: 0.98ms
[4367.401s][info][gc,phases      ] GC(1234)   Other: 0.09ms
[4367.401s][info][gc,heap        ] GC(1234) Eden regions: 1090->0(1116)
[4367.401s][info][gc,heap        ] GC(1234) Survivor regions: 118->112(151)
[4367.401s][info][gc,heap        ] GC(1234) Old regions: 539->475
[4367.401s][info][gc,heap        ] GC(1234) Humongous regions: 80->80
[4367.401s][info][gc,metaspace   ] GC(1234) Metaspace: 28905K(29312K)->28905K(29312K) NonClass: 24036K(24256K)->24036K(24256K) Class: 4868K(5056K)->4868K(5056K)
[4367.401s][info][gc             ] GC(1234) Pause Young (Mixed) (G1 Evacuation Pause) 3652M->1332M(4096M) 139.057ms
[4367.401s][info][gc,cpu         ] GC(1234) User=0.82s Sys=0.00s Real=0.14s
..[4369.721s][info][gc,start       ] GC(1235) Pause Young (Concurrent Start) (G1 Evacuation Pause)
[4369.721s][info][gc,task        ] GC(1235) Using 6 workers of 6 for evacuation
[4369.843s][info][gc,phases      ] GC(1235)   Pre Evacuate Collection Set: 0.38ms
[4369.843s][info][gc,phases      ] GC(1235)   Merge Heap Roots: 0.47ms
[4369.843s][info][gc,phases      ] GC(1235)   Evacuate Collection Set: 119.54ms
[4369.843s][info][gc,phases      ] GC(1235)   Post Evacuate Collection Set: 0.88ms
[4369.843s][info][gc,phases      ] GC(1235)   Other: 0.13ms
[4369.843s][info][gc,heap        ] GC(1235) Eden regions: 1116->0(1116)
[4369.843s][info][gc,heap        ] GC(1235) Survivor regions: 112->112(154)
[4369.843s][info][gc,heap        ] GC(1235) Old regions: 475->507
[4369.843s][info][gc,heap        ] GC(1235) Humongous regions: 80->80
[4369.843s][info][gc,metaspace   ] GC(1235) Metaspace: 28905K(29312K)->28905K(29312K) NonClass: 24036K(24256K)->24036K(24256K) Class: 4868K(5056K)->4868K(5056K)
[4369.843s][info][gc             ] GC(1235) Pause Young (Concurrent Start) (G1 Evacuation Pause) 3564M->1395M(4096M) 121.534ms
[4369.843s][info][gc             ] GC(1236) Concurrent Mark Cycle
[4369.843s][info][gc,marking     ] GC(1236) Concurrent Scan Root Regions
[4369.843s][info][gc,cpu         ] GC(1235) User=0.73s Sys=0.00s Real=0.12s
.[4370.012s][info][gc,marking     ] GC(1236) Concurrent Scan Root Regions 169.555ms
[4370.012s][info][gc,marking     ] GC(1236) Concurrent Mark
[4370.012s][info][gc,marking     ] GC(1236) Concurrent Mark From Roots
[4370.012s][info][gc,task        ] GC(1236) Using 2 workers of 2 for marking
[4371.059s][info][gc,marking     ] GC(1236) Concurrent Mark From Roots 1046.936ms
[4371.059s][info][gc,marking     ] GC(1236) Concurrent Preclean
.[4371.059s][info][gc,marking     ] GC(1236) Concurrent Preclean 0.142ms
[4371.064s][info][gc,start       ] GC(1236) Pause Remark
[4371.067s][info][gc             ] GC(1236) Pause Remark 2531M->2531M(4096M) 2.750ms
[4371.067s][info][gc,cpu         ] GC(1236) User=0.01s Sys=0.01s Real=0.01s
[4371.067s][info][gc,marking     ] GC(1236) Concurrent Mark 1054.974ms
[4371.067s][info][gc,marking     ] GC(1236) Concurrent Rebuild Remembered Sets and Scrub Regions
[4371.437s][info][gc,marking     ] GC(1236) Concurrent Rebuild Remembered Sets and Scrub Regions 369.900ms
[4371.437s][info][gc,start       ] GC(1236) Pause Cleanup
[4371.437s][info][gc             ] GC(1236) Pause Cleanup 2903M->2903M(4096M) 0.108ms
[4371.437s][info][gc,cpu         ] GC(1236) User=0.00s Sys=0.00s Real=0.00s
[4371.438s][info][gc,marking     ] GC(1236) Concurrent Clear Claimed Marks
[4371.438s][info][gc,marking     ] GC(1236) Concurrent Clear Claimed Marks 0.024ms
[4371.438s][info][gc,marking     ] GC(1236) Concurrent Cleanup for Next Mark
[4371.442s][info][gc,marking     ] GC(1236) Concurrent Cleanup for Next Mark 4.463ms
[4371.442s][info][gc             ] GC(1236) Concurrent Mark Cycle 1599.405ms
.[4372.130s][info][gc,start       ] GC(1237) Pause Young (Prepare Mixed) (G1 Evacuation Pause)
[4372.130s][info][gc,task        ] GC(1237) Using 6 workers of 6 for evacuation
[4372.252s][info][gc,phases      ] GC(1237)   Pre Evacuate Collection Set: 0.33ms
[4372.252s][info][gc,phases      ] GC(1237)   Merge Heap Roots: 0.52ms
[4372.252s][info][gc,phases      ] GC(1237)   Evacuate Collection Set: 120.13ms
[4372.252s][info][gc,phases      ] GC(1237)   Post Evacuate Collection Set: 0.92ms
[4372.252s][info][gc,phases      ] GC(1237)   Other: 0.09ms
[4372.252s][info][gc,heap        ] GC(1237) Eden regions: 1116->0(1101)
[4372.252s][info][gc,heap        ] GC(1237) Survivor regions: 112->113(154)
[4372.252s][info][gc,heap        ] GC(1237) Old regions: 507->538
[4372.252s][info][gc,heap        ] GC(1237) Humongous regions: 80->80
[4372.252s][info][gc,metaspace   ] GC(1237) Metaspace: 28905K(29312K)->28905K(29312K) NonClass: 24036K(24256K)->24036K(24256K) Class: 4868K(5056K)->4868K(5056K)
[4372.252s][info][gc             ] GC(1237) Pause Young (Prepare Mixed) (G1 Evacuation Pause) 3627M->1458M(4096M) 122.117ms
[4372.252s][info][gc,cpu         ] GC(1237) User=0.72s Sys=0.00s Real=0.12s
..[4374.457s][info][gc,start       ] GC(1238) Pause Young (Mixed) (G1 Evacuation Pause)
[4374.457s][info][gc,task        ] GC(1238) Using 6 workers of 6 for evacuation
[4374.595s][info][gc,phases      ] GC(1238)   Pre Evacuate Collection Set: 0.41ms
[4374.595s][info][gc,phases      ] GC(1238)   Merge Heap Roots: 0.76ms
[4374.595s][info][gc,phases      ] GC(1238)   Evacuate Collection Set: 135.10ms
[4374.595s][info][gc,phases      ] GC(1238)   Post Evacuate Collection Set: 0.95ms
[4374.595s][info][gc,phases      ] GC(1238)   Other: 0.09ms
[4374.595s][info][gc,heap        ] GC(1238) Eden regions: 1101->0(1118)
[4374.595s][info][gc,heap        ] GC(1238) Survivor regions: 113->110(152)
[4374.595s][info][gc,heap        ] GC(1238) Old regions: 538->476
[4374.595s][info][gc,heap        ] GC(1238) Humongous regions: 80->80
[4374.595s][info][gc,metaspace   ] GC(1238) Metaspace: 28905K(29312K)->28905K(29312K) NonClass: 24036K(24256K)->24036K(24256K) Class: 4868K(5056K)->4868K(5056K)
[4374.595s][info][gc             ] GC(1238) Pause Young (Mixed) (G1 Evacuation Pause) 3660M->1328M(4096M) 137.448ms
[4374.595s][info][gc,cpu         ] GC(1238) User=0.82s Sys=0.00s Real=0.14s
..[4376.869s][info][gc,start       ] GC(1239) Pause Young (Concurrent Start) (G1 Evacuation Pause)
[4376.869s][info][gc,task        ] GC(1239) Using 6 workers of 6 for evacuation
[4376.988s][info][gc,phases      ] GC(1239)   Pre Evacuate Collection Set: 0.39ms
[4376.988s][info][gc,phases      ] GC(1239)   Merge Heap Roots: 0.47ms
[4376.988s][info][gc,phases      ] GC(1239)   Evacuate Collection Set: 116.29ms
[4376.988s][info][gc,phases      ] GC(1239)   Post Evacuate Collection Set: 0.91ms
[4376.988s][info][gc,phases      ] GC(1239)   Other: 0.09ms
[4376.988s][info][gc,heap        ] GC(1239) Eden regions: 1118->0(1117)
[4376.988s][info][gc,heap        ] GC(1239) Survivor regions: 110->111(154)
[4376.988s][info][gc,heap        ] GC(1239) Old regions: 476->506
[4376.988s][info][gc,heap        ] GC(1239) Humongous regions: 80->80
[4376.988s][info][gc,metaspace   ] GC(1239) Metaspace: 28905K(29312K)->28905K(29312K) NonClass: 24036K(24256K)->24036K(24256K) Class: 4868K(5056K)->4868K(5056K)
[4376.988s][info][gc             ] GC(1239) Pause Young (Concurrent Start) (G1 Evacuation Pause) 3564M->1391M(4096M) 118.263ms
[4376.988s][info][gc             ] GC(1240) Concurrent Mark Cycle
[4376.988s][info][gc,marking     ] GC(1240) Concurrent Scan Root Regions
[4376.988s][info][gc,cpu         ] GC(1239) User=0.70s Sys=0.00s Real=0.12s
[4377.151s][info][gc,marking     ] GC(1240) Concurrent Scan Root Regions 162.813ms
[4377.151s][info][gc,marking     ] GC(1240) Concurrent Mark
[4377.151s][info][gc,marking     ] GC(1240) Concurrent Mark From Roots
[4377.151s][info][gc,task        ] GC(1240) Using 2 workers of 2 for marking
..[4378.239s][info][gc,marking     ] GC(1240) Concurrent Mark From Roots 1088.600ms
[4378.239s][info][gc,marking     ] GC(1240) Concurrent Preclean
[4378.239s][info][gc,marking     ] GC(1240) Concurrent Preclean 0.137ms
[4378.240s][info][gc,start       ] GC(1240) Pause Remark
[4378.244s][info][gc             ] GC(1240) Pause Remark 2655M->2655M(4096M) 3.884ms
[4378.244s][info][gc,cpu         ] GC(1240) User=0.02s Sys=0.00s Real=0.00s
[4378.244s][info][gc,marking     ] GC(1240) Concurrent Mark 1093.851ms
[4378.244s][info][gc,marking     ] GC(1240) Concurrent Rebuild Remembered Sets and Scrub Regions
[4378.687s][info][gc,marking     ] GC(1240) Concurrent Rebuild Remembered Sets and Scrub Regions 442.561ms
[4378.687s][info][gc,start       ] GC(1240) Pause Cleanup
[4378.687s][info][gc             ] GC(1240) Pause Cleanup 3179M->3179M(4096M) 0.112ms
[4378.687s][info][gc,cpu         ] GC(1240) User=0.00s Sys=0.00s Real=0.00s
[4378.687s][info][gc,marking     ] GC(1240) Concurrent Clear Claimed Marks
[4378.687s][info][gc,marking     ] GC(1240) Concurrent Clear Claimed Marks 0.022ms
[4378.687s][info][gc,marking     ] GC(1240) Concurrent Cleanup for Next Mark
[4378.691s][info][gc,marking     ] GC(1240) Concurrent Cleanup for Next Mark 3.208ms
[4378.691s][info][gc             ] GC(1240) Concurrent Mark Cycle 1702.860ms
[4379.185s][info][gc,start       ] GC(1241) Pause Young (Prepare Mixed) (G1 Evacuation Pause)
[4379.185s][info][gc,task        ] GC(1241) Using 6 workers of 6 for evacuation
[4379.303s][info][gc,phases      ] GC(1241)   Pre Evacuate Collection Set: 0.36ms
[4379.303s][info][gc,phases      ] GC(1241)   Merge Heap Roots: 0.55ms
[4379.303s][info][gc,phases      ] GC(1241)   Evacuate Collection Set: 115.08ms
[4379.303s][info][gc,phases      ] GC(1241)   Post Evacuate Collection Set: 0.94ms
[4379.303s][info][gc,phases      ] GC(1241)   Other: 0.83ms
[4379.303s][info][gc,heap        ] GC(1241) Eden regions: 1117->0(1107)
[4379.303s][info][gc,heap        ] GC(1241) Survivor regions: 111->110(154)
[4379.303s][info][gc,heap        ] GC(1241) Old regions: 506->538
[4379.303s][info][gc,heap        ] GC(1241) Humongous regions: 80->80
[4379.303s][info][gc,metaspace   ] GC(1241) Metaspace: 28905K(29312K)->28905K(29312K) NonClass: 24036K(24256K)->24036K(24256K) Class: 4868K(5056K)->4868K(5056K)
[4379.303s][info][gc             ] GC(1241) Pause Young (Prepare Mixed) (G1 Evacuation Pause) 3625M->1453M(4096M) 117.911ms
[4379.303s][info][gc,cpu         ] GC(1241) User=0.70s Sys=0.00s Real=0.11s
...[4381.520s][info][gc,start       ] GC(1242) Pause Young (Mixed) (G1 Evacuation Pause)
[4381.520s][info][gc,task        ] GC(1242) Using 6 workers of 6 for evacuation
[4381.654s][info][gc,phases      ] GC(1242)   Pre Evacuate Collection Set: 0.39ms
[4381.654s][info][gc,phases      ] GC(1242)   Merge Heap Roots: 0.74ms
[4381.654s][info][gc,phases      ] GC(1242)   Evacuate Collection Set: 131.45ms
[4381.654s][info][gc,phases      ] GC(1242)   Post Evacuate Collection Set: 0.97ms
[4381.654s][info][gc,phases      ] GC(1242)   Other: 0.08ms
[4381.654s][info][gc,heap        ] GC(1242) Eden regions: 1107->0(1120)
[4381.654s][info][gc,heap        ] GC(1242) Survivor regions: 110->108(153)
[4381.654s][info][gc,heap        ] GC(1242) Old regions: 538->474
[4381.654s][info][gc,heap        ] GC(1242) Humongous regions: 80->80
[4381.654s][info][gc,metaspace   ] GC(1242) Metaspace: 28905K(29312K)->28905K(29312K) NonClass: 24036K(24256K)->24036K(24256K) Class: 4868K(5056K)->4868K(5056K)
[4381.654s][info][gc             ] GC(1242) Pause Young (Mixed) (G1 Evacuation Pause) 3667M->1320M(4096M) 133.777ms
[4381.654s][info][gc,cpu         ] GC(1242) User=0.79s Sys=0.00s Real=0.13s
.|.[4383.944s][info][gc,start       ] GC(1243) Pause Young (Concurrent Start) (G1 Evacuation Pause)
[4383.944s][info][gc,task        ] GC(1243) Using 6 workers of 6 for evacuation
[4384.062s][info][gc,phases      ] GC(1243)   Pre Evacuate Collection Set: 0.39ms
[4384.062s][info][gc,phases      ] GC(1243)   Merge Heap Roots: 0.48ms
[4384.062s][info][gc,phases      ] GC(1243)   Evacuate Collection Set: 116.08ms
[4384.062s][info][gc,phases      ] GC(1243)   Post Evacuate Collection Set: 0.88ms
[4384.062s][info][gc,phases      ] GC(1243)   Other: 0.12ms
[4384.062s][info][gc,heap        ] GC(1243) Eden regions: 1120->0(1117)
[4384.062s][info][gc,heap        ] GC(1243) Survivor regions: 108->111(154)
[4384.062s][info][gc,heap        ] GC(1243) Old regions: 474->506
[4384.062s][info][gc,heap        ] GC(1243) Humongous regions: 80->80
[4384.062s][info][gc,metaspace   ] GC(1243) Metaspace: 28905K(29312K)->28905K(29312K) NonClass: 24036K(24256K)->24036K(24256K) Class: 4868K(5056K)->4868K(5056K)
[4384.062s][info][gc             ] GC(1243) Pause Young (Concurrent Start) (G1 Evacuation Pause) 3560M->1390M(4096M) 118.092ms
[4384.062s][info][gc             ] GC(1244) Concurrent Mark Cycle
[4384.062s][info][gc,marking     ] GC(1244) Concurrent Scan Root Regions
[4384.062s][info][gc,cpu         ] GC(1243) User=0.70s Sys=0.00s Real=0.12s
[4384.247s][info][gc,marking     ] GC(1244) Concurrent Scan Root Regions 185.058ms
[4384.285s][info][gc,marking     ] GC(1244) Concurrent Mark
[4384.285s][info][gc,marking     ] GC(1244) Concurrent Mark From Roots
[4384.285s][info][gc,task        ] GC(1244) Using 2 workers of 2 for marking
.[4385.283s][info][gc,marking     ] GC(1244) Concurrent Mark From Roots 998.174ms
[4385.283s][info][gc,marking     ] GC(1244) Concurrent Preclean
[4385.283s][info][gc,marking     ] GC(1244) Concurrent Preclean 0.144ms
[4385.285s][info][gc,start       ] GC(1244) Pause Remark
[4385.289s][info][gc             ] GC(1244) Pause Remark 2550M->2550M(4096M) 4.086ms
[4385.289s][info][gc,cpu         ] GC(1244) User=0.02s Sys=0.00s Real=0.00s
[4385.289s][info][gc,marking     ] GC(1244) Concurrent Mark 1004.437ms
[4385.289s][info][gc,marking     ] GC(1244) Concurrent Rebuild Remembered Sets and Scrub Regions
.[4385.625s][info][gc,marking     ] GC(1244) Concurrent Rebuild Remembered Sets and Scrub Regions 335.474ms
[4385.626s][info][gc,start       ] GC(1244) Pause Cleanup
[4385.626s][info][gc             ] GC(1244) Pause Cleanup 2946M->2946M(4096M) 0.124ms
[4385.626s][info][gc,cpu         ] GC(1244) User=0.00s Sys=0.00s Real=0.00s
[4385.627s][info][gc,marking     ] GC(1244) Concurrent Clear Claimed Marks
[4385.627s][info][gc,marking     ] GC(1244) Concurrent Clear Claimed Marks 0.045ms
[4385.627s][info][gc,marking     ] GC(1244) Concurrent Cleanup for Next Mark
[4385.633s][info][gc,marking     ] GC(1244) Concurrent Cleanup for Next Mark 6.357ms
[4385.633s][info][gc             ] GC(1244) Concurrent Mark Cycle 1571.296ms
.[4386.352s][info][gc,start       ] GC(1245) Pause Young (Prepare Mixed) (G1 Evacuation Pause)
[4386.352s][info][gc,task        ] GC(1245) Using 6 workers of 6 for evacuation
[4386.472s][info][gc,phases      ] GC(1245)   Pre Evacuate Collection Set: 0.37ms
[4386.472s][info][gc,phases      ] GC(1245)   Merge Heap Roots: 0.56ms
[4386.472s][info][gc,phases      ] GC(1245)   Evacuate Collection Set: 118.38ms
[4386.472s][info][gc,phases      ] GC(1245)   Post Evacuate Collection Set: 0.94ms
[4386.472s][info][gc,phases      ] GC(1245)   Other: 0.09ms
[4386.472s][info][gc,heap        ] GC(1245) Eden regions: 1117->0(1102)
[4386.472s][info][gc,heap        ] GC(1245) Survivor regions: 111->113(154)
[4386.472s][info][gc,heap        ] GC(1245) Old regions: 506->537
[4386.472s][info][gc,heap        ] GC(1245) Humongous regions: 80->80
[4386.472s][info][gc,metaspace   ] GC(1245) Metaspace: 28905K(29312K)->28905K(29312K) NonClass: 24036K(24256K)->24036K(24256K) Class: 4868K(5056K)->4868K(5056K)
[4386.472s][info][gc             ] GC(1245) Pause Young (Prepare Mixed) (G1 Evacuation Pause) 3624M->1456M(4096M) 120.461ms
[4386.472s][info][gc,cpu         ] GC(1245) User=0.72s Sys=0.00s Real=0.12s
..[4388.743s][info][gc,start       ] GC(1246) Pause Young (Mixed) (G1 Evacuation Pause)
[4388.743s][info][gc,task        ] GC(1246) Using 6 workers of 6 for evacuation
[4388.880s][info][gc,phases      ] GC(1246)   Pre Evacuate Collection Set: 0.35ms
[4388.880s][info][gc,phases      ] GC(1246)   Merge Heap Roots: 0.80ms
[4388.880s][info][gc,phases      ] GC(1246)   Evacuate Collection Set: 135.12ms
[4388.880s][info][gc,phases      ] GC(1246)   Post Evacuate Collection Set: 0.96ms
[4388.880s][info][gc,phases      ] GC(1246)   Other: 0.09ms
[4388.880s][info][gc,heap        ] GC(1246) Eden regions: 1102->0(1119)
[4388.880s][info][gc,heap        ] GC(1246) Survivor regions: 113->109(152)
[4388.880s][info][gc,heap        ] GC(1246) Old regions: 537->475
[4388.880s][info][gc,heap        ] GC(1246) Humongous regions: 80->80
[4388.880s][info][gc,metaspace   ] GC(1246) Metaspace: 28905K(29312K)->28905K(29312K) NonClass: 24036K(24256K)->24036K(24256K) Class: 4868K(5056K)->4868K(5056K)
[4388.880s][info][gc             ] GC(1246) Pause Young (Mixed) (G1 Evacuation Pause) 3660M->1326M(4096M) 137.473ms
[4388.880s][info][gc,cpu         ] GC(1246) User=0.82s Sys=0.00s Real=0.14s
..[4391.113s][info][gc,start       ] GC(1247) Pause Young (Concurrent Start) (G1 Evacuation Pause)
[4391.113s][info][gc,task        ] GC(1247) Using 6 workers of 6 for evacuation
[4391.228s][info][gc,phases      ] GC(1247)   Pre Evacuate Collection Set: 0.34ms
[4391.228s][info][gc,phases      ] GC(1247)   Merge Heap Roots: 0.47ms
[4391.228s][info][gc,phases      ] GC(1247)   Evacuate Collection Set: 113.73ms
[4391.228s][info][gc,phases      ] GC(1247)   Post Evacuate Collection Set: 0.86ms
[4391.228s][info][gc,phases      ] GC(1247)   Other: 0.10ms
[4391.228s][info][gc,heap        ] GC(1247) Eden regions: 1119->0(1121)
[4391.228s][info][gc,heap        ] GC(1247) Survivor regions: 109->107(154)
[4391.228s][info][gc,heap        ] GC(1247) Old regions: 475->507
[4391.228s][info][gc,heap        ] GC(1247) Humongous regions: 80->80
[4391.228s][info][gc,metaspace   ] GC(1247) Metaspace: 28905K(29312K)->28905K(29312K) NonClass: 24036K(24256K)->24036K(24256K) Class: 4868K(5056K)->4868K(5056K)
[4391.228s][info][gc             ] GC(1247) Pause Young (Concurrent Start) (G1 Evacuation Pause) 3564M->1385M(4096M) 115.650ms
[4391.228s][info][gc             ] GC(1248) Concurrent Mark Cycle
[4391.228s][info][gc,marking     ] GC(1248) Concurrent Scan Root Regions
[4391.228s][info][gc,cpu         ] GC(1247) User=0.69s Sys=0.00s Real=0.12s
.[4391.390s][info][gc,marking     ] GC(1248) Concurrent Scan Root Regions 161.289ms
[4391.390s][info][gc,marking     ] GC(1248) Concurrent Mark
[4391.390s][info][gc,marking     ] GC(1248) Concurrent Mark From Roots
[4391.390s][info][gc,task        ] GC(1248) Using 2 workers of 2 for marking
[4392.335s][info][gc,marking     ] GC(1248) Concurrent Mark From Roots 945.126ms
[4392.335s][info][gc,marking     ] GC(1248) Concurrent Preclean
[4392.335s][info][gc,marking     ] GC(1248) Concurrent Preclean 0.128ms
[4392.335s][info][gc,start       ] GC(1248) Pause Remark
[4392.339s][info][gc             ] GC(1248) Pause Remark 2421M->2421M(4096M) 3.917ms
[4392.339s][info][gc,cpu         ] GC(1248) User=0.02s Sys=0.00s Real=0.00s
[4392.339s][info][gc,marking     ] GC(1248) Concurrent Mark 949.545ms
[4392.339s][info][gc,marking     ] GC(1248) Concurrent Rebuild Remembered Sets and Scrub Regions
.[4392.695s][info][gc,marking     ] GC(1248) Concurrent Rebuild Remembered Sets and Scrub Regions 355.880ms
[4392.695s][info][gc,start       ] GC(1248) Pause Cleanup
[4392.695s][info][gc             ] GC(1248) Pause Cleanup 2806M->2806M(4096M) 0.101ms
[4392.695s][info][gc,cpu         ] GC(1248) User=0.00s Sys=0.00s Real=0.00s
[4392.696s][info][gc,marking     ] GC(1248) Concurrent Clear Claimed Marks
[4392.696s][info][gc,marking     ] GC(1248) Concurrent Clear Claimed Marks 0.035ms
[4392.696s][info][gc,marking     ] GC(1248) Concurrent Cleanup for Next Mark
[4392.706s][info][gc,marking     ] GC(1248) Concurrent Cleanup for Next Mark 10.034ms
[4392.707s][info][gc             ] GC(1248) Concurrent Mark Cycle 1478.191ms
.[4393.554s][info][gc,start       ] GC(1249) Pause Young (Prepare Mixed) (G1 Evacuation Pause)
[4393.554s][info][gc,task        ] GC(1249) Using 6 workers of 6 for evacuation
[4393.670s][info][gc,phases      ] GC(1249)   Pre Evacuate Collection Set: 0.31ms
[4393.670s][info][gc,phases      ] GC(1249)   Merge Heap Roots: 0.52ms
[4393.670s][info][gc,phases      ] GC(1249)   Evacuate Collection Set: 114.08ms
[4393.670s][info][gc,phases      ] GC(1249)   Post Evacuate Collection Set: 0.91ms
[4393.670s][info][gc,phases      ] GC(1249)   Other: 0.09ms
[4393.670s][info][gc,heap        ] GC(1249) Eden regions: 1121->0(1109)
[4393.670s][info][gc,heap        ] GC(1249) Survivor regions: 107->109(154)
[4393.670s][info][gc,heap        ] GC(1249) Old regions: 507->538
[4393.670s][info][gc,heap        ] GC(1249) Humongous regions: 80->80
[4393.670s][info][gc,metaspace   ] GC(1249) Metaspace: 28905K(29312K)->28905K(29312K) NonClass: 24036K(24256K)->24036K(24256K) Class: 4868K(5056K)->4868K(5056K)
[4393.670s][info][gc             ] GC(1249) Pause Young (Prepare Mixed) (G1 Evacuation Pause) 3627M->1451M(4096M) 116.040ms
[4393.670s][info][gc,cpu         ] GC(1249) User=0.69s Sys=0.00s Real=0.12s
..[4395.961s][info][gc,start       ] GC(1250) Pause Young (Mixed) (G1 Evacuation Pause)
[4395.961s][info][gc,task        ] GC(1250) Using 6 workers of 6 for evacuation
[4396.098s][info][gc,phases      ] GC(1250)   Pre Evacuate Collection Set: 0.37ms
[4396.098s][info][gc,phases      ] GC(1250)   Merge Heap Roots: 0.70ms
[4396.098s][info][gc,phases      ] GC(1250)   Evacuate Collection Set: 134.90ms
[4396.098s][info][gc,phases      ] GC(1250)   Post Evacuate Collection Set: 0.93ms
[4396.098s][info][gc,phases      ] GC(1250)   Other: 0.09ms
[4396.098s][info][gc,heap        ] GC(1250) Eden regions: 1109->0(1115)
[4396.098s][info][gc,heap        ] GC(1250) Survivor regions: 109->113(153)
[4396.098s][info][gc,heap        ] GC(1250) Old regions: 538->475
[4396.098s][info][gc,heap        ] GC(1250) Humongous regions: 80->80
[4396.098s][info][gc,metaspace   ] GC(1250) Metaspace: 28905K(29312K)->28905K(29312K) NonClass: 24036K(24256K)->24036K(24256K) Class: 4868K(5056K)->4868K(5056K)
[4396.098s][info][gc             ] GC(1250) Pause Young (Mixed) (G1 Evacuation Pause) 3669M->1333M(4096M) 137.142ms
[4396.098s][info][gc,cpu         ] GC(1250) User=0.81s Sys=0.00s Real=0.14s
..[4398.286s][info][gc,start       ] GC(1251) Pause Young (Concurrent Start) (G1 Evacuation Pause)
[4398.286s][info][gc,task        ] GC(1251) Using 6 workers of 6 for evacuation
[4398.401s][info][gc,phases      ] GC(1251)   Pre Evacuate Collection Set: 0.37ms
[4398.402s][info][gc,phases      ] GC(1251)   Merge Heap Roots: 0.45ms
[4398.402s][info][gc,phases      ] GC(1251)   Evacuate Collection Set: 113.56ms
[4398.402s][info][gc,phases      ] GC(1251)   Post Evacuate Collection Set: 0.89ms
[4398.402s][info][gc,phases      ] GC(1251)   Other: 0.09ms
[4398.402s][info][gc,heap        ] GC(1251) Eden regions: 1115->0(1120)
[4398.402s][info][gc,heap        ] GC(1251) Survivor regions: 113->108(154)
[4398.402s][info][gc,heap        ] GC(1251) Old regions: 475->507
[4398.402s][info][gc,heap        ] GC(1251) Humongous regions: 80->80
[4398.402s][info][gc,metaspace   ] GC(1251) Metaspace: 28905K(29312K)->28905K(29312K) NonClass: 24036K(24256K)->24036K(24256K) Class: 4868K(5056K)->4868K(5056K)
[4398.402s][info][gc             ] GC(1251) Pause Young (Concurrent Start) (G1 Evacuation Pause) 3563M->1386M(4096M) 115.485ms
[4398.402s][info][gc             ] GC(1252) Concurrent Mark Cycle
[4398.402s][info][gc,marking     ] GC(1252) Concurrent Scan Root Regions
[4398.402s][info][gc,cpu         ] GC(1251) User=0.69s Sys=0.00s Real=0.11s
.[4398.531s][info][gc,marking     ] GC(1252) Concurrent Scan Root Regions 129.407ms
[4398.531s][info][gc,marking     ] GC(1252) Concurrent Mark
[4398.531s][info][gc,marking     ] GC(1252) Concurrent Mark From Roots
[4398.531s][info][gc,task        ] GC(1252) Using 2 workers of 2 for marking
[4399.254s][info][gc,marking     ] GC(1252) Concurrent Mark From Roots 722.842ms
[4399.254s][info][gc,marking     ] GC(1252) Concurrent Preclean
[4399.254s][info][gc,marking     ] GC(1252) Concurrent Preclean 0.160ms
[4399.255s][info][gc,start       ] GC(1252) Pause Remark
[4399.258s][info][gc             ] GC(1252) Pause Remark 2172M->2172M(4096M) 3.093ms
[4399.258s][info][gc,cpu         ] GC(1252) User=0.02s Sys=0.00s Real=0.01s
[4399.259s][info][gc,marking     ] GC(1252) Concurrent Mark 727.982ms
[4399.259s][info][gc,marking     ] GC(1252) Concurrent Rebuild Remembered Sets and Scrub Regions
.[4399.536s][info][gc,marking     ] GC(1252) Concurrent Rebuild Remembered Sets and Scrub Regions 277.342ms
[4399.537s][info][gc,start       ] GC(1252) Pause Cleanup
[4399.537s][info][gc             ] GC(1252) Pause Cleanup 2448M->2448M(4096M) 0.125ms
[4399.537s][info][gc,cpu         ] GC(1252) User=0.00s Sys=0.00s Real=0.00s
[4399.537s][info][gc,marking     ] GC(1252) Concurrent Clear Claimed Marks
[4399.537s][info][gc,marking     ] GC(1252) Concurrent Clear Claimed Marks 0.036ms
[4399.537s][info][gc,marking     ] GC(1252) Concurrent Cleanup for Next Mark
[4399.564s][info][gc,marking     ] GC(1252) Concurrent Cleanup for Next Mark 26.392ms
[4399.564s][info][gc             ] GC(1252) Concurrent Mark Cycle 1162.343ms
.[4400.708s][info][gc,start       ] GC(1253) Pause Young (Prepare Mixed) (G1 Evacuation Pause)
[4400.708s][info][gc,task        ] GC(1253) Using 6 workers of 6 for evacuation
[4400.825s][info][gc,phases      ] GC(1253)   Pre Evacuate Collection Set: 0.33ms
[4400.825s][info][gc,phases      ] GC(1253)   Merge Heap Roots: 0.50ms
[4400.825s][info][gc,phases      ] GC(1253)   Evacuate Collection Set: 115.59ms
[4400.825s][info][gc,phases      ] GC(1253)   Post Evacuate Collection Set: 0.93ms
[4400.825s][info][gc,phases      ] GC(1253)   Other: 0.08ms
[4400.825s][info][gc,heap        ] GC(1253) Eden regions: 1120->0(1106)
[4400.825s][info][gc,heap        ] GC(1253) Survivor regions: 108->110(154)
[4400.825s][info][gc,heap        ] GC(1253) Old regions: 507->539
[4400.825s][info][gc,heap        ] GC(1253) Humongous regions: 80->80
[4400.825s][info][gc,metaspace   ] GC(1253) Metaspace: 28905K(29312K)->28905K(29312K) NonClass: 24036K(24256K)->24036K(24256K) Class: 4868K(5056K)->4868K(5056K)
[4400.825s][info][gc             ] GC(1253) Pause Young (Prepare Mixed) (G1 Evacuation Pause) 3626M->1454M(4096M) 117.599ms
[4400.825s][info][gc,cpu         ] GC(1253) User=0.70s Sys=0.00s Real=0.12s
..[4403.026s][info][gc,start       ] GC(1254) Pause Young (Mixed) (G1 Evacuation Pause)
[4403.026s][info][gc,task        ] GC(1254) Using 6 workers of 6 for evacuation
[4403.162s][info][gc,phases      ] GC(1254)   Pre Evacuate Collection Set: 0.36ms
[4403.162s][info][gc,phases      ] GC(1254)   Merge Heap Roots: 0.78ms
[4403.162s][info][gc,phases      ] GC(1254)   Evacuate Collection Set: 133.28ms
[4403.162s][info][gc,phases      ] GC(1254)   Post Evacuate Collection Set: 0.95ms
[4403.162s][info][gc,phases      ] GC(1254)   Other: 0.09ms
[4403.162s][info][gc,heap        ] GC(1254) Eden regions: 1106->0(1121)
[4403.162s][info][gc,heap        ] GC(1254) Survivor regions: 110->107(152)
[4403.162s][info][gc,heap        ] GC(1254) Old regions: 539->475
[4403.162s][info][gc,heap        ] GC(1254) Humongous regions: 80->80
[4403.162s][info][gc,metaspace   ] GC(1254) Metaspace: 28905K(29312K)->28905K(29312K) NonClass: 24036K(24256K)->24036K(24256K) Class: 4868K(5056K)->4868K(5056K)
[4403.162s][info][gc             ] GC(1254) Pause Young (Mixed) (G1 Evacuation Pause) 3666M->1321M(4096M) 135.595ms
[4403.162s][info][gc,cpu         ] GC(1254) User=0.81s Sys=0.00s Real=0.13s
..[4405.394s][info][gc,start       ] GC(1255) Pause Young (Concurrent Start) (G1 Evacuation Pause)
[4405.394s][info][gc,task        ] GC(1255) Using 6 workers of 6 for evacuation
[4405.511s][info][gc,phases      ] GC(1255)   Pre Evacuate Collection Set: 0.39ms
[4405.511s][info][gc,phases      ] GC(1255)   Merge Heap Roots: 0.50ms
[4405.511s][info][gc,phases      ] GC(1255)   Evacuate Collection Set: 114.94ms
[4405.511s][info][gc,phases      ] GC(1255)   Post Evacuate Collection Set: 0.86ms
[4405.511s][info][gc,phases      ] GC(1255)   Other: 0.13ms
[4405.511s][info][gc,heap        ] GC(1255) Eden regions: 1121->0(1119)
[4405.511s][info][gc,heap        ] GC(1255) Survivor regions: 107->109(154)
[4405.511s][info][gc,heap        ] GC(1255) Old regions: 475->506
[4405.511s][info][gc,heap        ] GC(1255) Humongous regions: 80->80
[4405.511s][info][gc,metaspace   ] GC(1255) Metaspace: 28905K(29312K)->28905K(29312K) NonClass: 24036K(24256K)->24036K(24256K) Class: 4868K(5056K)->4868K(5056K)
[4405.511s][info][gc             ] GC(1255) Pause Young (Concurrent Start) (G1 Evacuation Pause) 3563M->1388M(4096M) 116.943ms
[4405.511s][info][gc             ] GC(1256) Concurrent Mark Cycle
[4405.511s][info][gc,marking     ] GC(1256) Concurrent Scan Root Regions
[4405.511s][info][gc,cpu         ] GC(1255) User=0.70s Sys=0.00s Real=0.12s
.[4405.679s][info][gc,marking     ] GC(1256) Concurrent Scan Root Regions 167.480ms
[4405.679s][info][gc,marking     ] GC(1256) Concurrent Mark
[4405.679s][info][gc,marking     ] GC(1256) Concurrent Mark From Roots
[4405.679s][info][gc,task        ] GC(1256) Using 2 workers of 2 for marking
[4406.694s][info][gc,marking     ] GC(1256) Concurrent Mark From Roots 1014.988ms
[4406.694s][info][gc,marking     ] GC(1256) Concurrent Preclean
[4406.694s][info][gc,marking     ] GC(1256) Concurrent Preclean 0.122ms
[4406.695s][info][gc,start       ] GC(1256) Pause Remark
[4406.698s][info][gc             ] GC(1256) Pause Remark 2588M->2588M(4096M) 3.299ms
[4406.698s][info][gc,cpu         ] GC(1256) User=0.02s Sys=0.00s Real=0.00s
[4406.698s][info][gc,marking     ] GC(1256) Concurrent Mark 1019.385ms
[4406.698s][info][gc,marking     ] GC(1256) Concurrent Rebuild Remembered Sets and Scrub Regions
.[4407.113s][info][gc,marking     ] GC(1256) Concurrent Rebuild Remembered Sets and Scrub Regions 414.151ms
[4407.113s][info][gc,start       ] GC(1256) Pause Cleanup
[4407.113s][info][gc             ] GC(1256) Pause Cleanup 3004M->3004M(4096M) 0.111ms
[4407.113s][info][gc,cpu         ] GC(1256) User=0.00s Sys=0.00s Real=0.00s
[4407.113s][info][gc,marking     ] GC(1256) Concurrent Clear Claimed Marks
[4407.113s][info][gc,marking     ] GC(1256) Concurrent Clear Claimed Marks 0.022ms
[4407.113s][info][gc,marking     ] GC(1256) Concurrent Cleanup for Next Mark
[4407.116s][info][gc,marking     ] GC(1256) Concurrent Cleanup for Next Mark 3.342ms
[4407.116s][info][gc             ] GC(1256) Concurrent Mark Cycle 1604.799ms
[4407.689s][info][gc,start       ] GC(1257) Pause Young (Prepare Mixed) (G1 Evacuation Pause)
[4407.689s][info][gc,task        ] GC(1257) Using 6 workers of 6 for evacuation
[4407.806s][info][gc,phases      ] GC(1257)   Pre Evacuate Collection Set: 0.31ms
[4407.806s][info][gc,phases      ] GC(1257)   Merge Heap Roots: 0.54ms
[4407.806s][info][gc,phases      ] GC(1257)   Evacuate Collection Set: 115.55ms
[4407.806s][info][gc,phases      ] GC(1257)   Post Evacuate Collection Set: 0.90ms
[4407.806s][info][gc,phases      ] GC(1257)   Other: 0.09ms
[4407.806s][info][gc,heap        ] GC(1257) Eden regions: 1119->0(1107)
[4407.806s][info][gc,heap        ] GC(1257) Survivor regions: 109->110(154)
[4407.806s][info][gc,heap        ] GC(1257) Old regions: 506->538
[4407.806s][info][gc,heap        ] GC(1257) Humongous regions: 80->80
[4407.806s][info][gc,metaspace   ] GC(1257) Metaspace: 28905K(29312K)->28905K(29312K) NonClass: 24036K(24256K)->24036K(24256K) Class: 4868K(5056K)->4868K(5056K)
[4407.807s][info][gc             ] GC(1257) Pause Young (Prepare Mixed) (G1 Evacuation Pause) 3626M->1453M(4096M) 117.518ms
[4407.807s][info][gc,cpu         ] GC(1257) User=0.70s Sys=0.00s Real=0.12s
...[4409.999s][info][gc,start       ] GC(1258) Pause Young (Mixed) (G1 Evacuation Pause)
[4409.999s][info][gc,task        ] GC(1258) Using 6 workers of 6 for evacuation
[4410.140s][info][gc,phases      ] GC(1258)   Pre Evacuate Collection Set: 0.34ms
[4410.140s][info][gc,phases      ] GC(1258)   Merge Heap Roots: 0.80ms
[4410.140s][info][gc,phases      ] GC(1258)   Evacuate Collection Set: 138.88ms
[4410.140s][info][gc,phases      ] GC(1258)   Post Evacuate Collection Set: 0.92ms
[4410.140s][info][gc,phases      ] GC(1258)   Other: 0.08ms
[4410.140s][info][gc,heap        ] GC(1258) Eden regions: 1107->0(1114)
[4410.140s][info][gc,heap        ] GC(1258) Survivor regions: 110->114(153)
[4410.140s][info][gc,heap        ] GC(1258) Old regions: 538->473
[4410.140s][info][gc,heap        ] GC(1258) Humongous regions: 80->80
[4410.140s][info][gc,metaspace   ] GC(1258) Metaspace: 28905K(29312K)->28905K(29312K) NonClass: 24036K(24256K)->24036K(24256K) Class: 4868K(5056K)->4868K(5056K)
[4410.140s][info][gc             ] GC(1258) Pause Young (Mixed) (G1 Evacuation Pause) 3667M->1331M(4096M) 141.169ms
[4410.140s][info][gc,cpu         ] GC(1258) User=0.85s Sys=0.00s Real=0.14s
..[4412.471s][info][gc,start       ] GC(1259) Pause Young (Concurrent Start) (G1 Evacuation Pause)
[4412.471s][info][gc,task        ] GC(1259) Using 6 workers of 6 for evacuation
[4412.597s][info][gc,phases      ] GC(1259)   Pre Evacuate Collection Set: 0.32ms
[4412.597s][info][gc,phases      ] GC(1259)   Merge Heap Roots: 0.45ms
[4412.597s][info][gc,phases      ] GC(1259)   Evacuate Collection Set: 124.02ms
[4412.597s][info][gc,phases      ] GC(1259)   Post Evacuate Collection Set: 0.87ms
[4412.597s][info][gc,phases      ] GC(1259)   Other: 0.12ms
[4412.597s][info][gc,heap        ] GC(1259) Eden regions: 1114->0(1114)
[4412.597s][info][gc,heap        ] GC(1259) Survivor regions: 114->114(154)
[4412.597s][info][gc,heap        ] GC(1259) Old regions: 473->505
[4412.597s][info][gc,heap        ] GC(1259) Humongous regions: 80->80
[4412.597s][info][gc,metaspace   ] GC(1259) Metaspace: 28905K(29312K)->28905K(29312K) NonClass: 24036K(24256K)->24036K(24256K) Class: 4868K(5056K)->4868K(5056K)
[4412.597s][info][gc             ] GC(1259) Pause Young (Concurrent Start) (G1 Evacuation Pause) 3559M->1395M(4096M) 125.933ms
[4412.597s][info][gc             ] GC(1260) Concurrent Mark Cycle
[4412.597s][info][gc,marking     ] GC(1260) Concurrent Scan Root Regions
[4412.597s][info][gc,cpu         ] GC(1259) User=0.75s Sys=0.00s Real=0.13s
[4412.777s][info][gc,marking     ] GC(1260) Concurrent Scan Root Regions 179.823ms
[4412.777s][info][gc,marking     ] GC(1260) Concurrent Mark
[4412.777s][info][gc,marking     ] GC(1260) Concurrent Mark From Roots
[4412.777s][info][gc,task        ] GC(1260) Using 2 workers of 2 for marking
.[4413.823s][info][gc,marking     ] GC(1260) Concurrent Mark From Roots 1046.234ms
[4413.824s][info][gc,marking     ] GC(1260) Concurrent Preclean
[4413.824s][info][gc,marking     ] GC(1260) Concurrent Preclean 0.132ms
[4413.824s][info][gc,start       ] GC(1260) Pause Remark
[4413.828s][info][gc             ] GC(1260) Pause Remark 2518M->2518M(4096M) 4.065ms
[4413.828s][info][gc,cpu         ] GC(1260) User=0.02s Sys=0.00s Real=0.01s
[4413.828s][info][gc,marking     ] GC(1260) Concurrent Mark 1051.213ms
[4413.828s][info][gc,marking     ] GC(1260) Concurrent Rebuild Remembered Sets and Scrub Regions
.[4414.119s][info][gc,marking     ] GC(1260) Concurrent Rebuild Remembered Sets and Scrub Regions 290.681ms
[4414.119s][info][gc,start       ] GC(1260) Pause Cleanup
[4414.120s][info][gc             ] GC(1260) Pause Cleanup 2808M->2808M(4096M) 0.113ms
[4414.120s][info][gc,cpu         ] GC(1260) User=0.00s Sys=0.00s Real=0.00s
[4414.120s][info][gc,marking     ] GC(1260) Concurrent Clear Claimed Marks
[4414.120s][info][gc,marking     ] GC(1260) Concurrent Clear Claimed Marks 0.020ms
[4414.120s][info][gc,marking     ] GC(1260) Concurrent Cleanup for Next Mark
[4414.128s][info][gc,marking     ] GC(1260) Concurrent Cleanup for Next Mark 8.438ms
[4414.128s][info][gc             ] GC(1260) Concurrent Mark Cycle 1530.764ms
[4414.773s][info][gc,start       ] GC(1261) Pause Young (Prepare Mixed) (G1 Evacuation Pause)
[4414.773s][info][gc,task        ] GC(1261) Using 6 workers of 6 for evacuation
[4414.894s][info][gc,phases      ] GC(1261)   Pre Evacuate Collection Set: 0.35ms
[4414.894s][info][gc,phases      ] GC(1261)   Merge Heap Roots: 0.49ms
[4414.894s][info][gc,phases      ] GC(1261)   Evacuate Collection Set: 119.13ms
[4414.894s][info][gc,phases      ] GC(1261)   Post Evacuate Collection Set: 0.94ms
[4414.894s][info][gc,phases      ] GC(1261)   Other: 0.09ms
[4414.894s][info][gc,heap        ] GC(1261) Eden regions: 1114->0(1103)
[4414.894s][info][gc,heap        ] GC(1261) Survivor regions: 114->113(154)
[4414.894s][info][gc,heap        ] GC(1261) Old regions: 505->536
[4414.894s][info][gc,heap        ] GC(1261) Humongous regions: 80->80
[4414.894s][info][gc,metaspace   ] GC(1261) Metaspace: 28905K(29312K)->28905K(29312K) NonClass: 24036K(24256K)->24036K(24256K) Class: 4868K(5056K)->4868K(5056K)
[4414.894s][info][gc             ] GC(1261) Pause Young (Prepare Mixed) (G1 Evacuation Pause) 3623M->1454M(4096M) 121.138ms
[4414.894s][info][gc,cpu         ] GC(1261) User=0.71s Sys=0.00s Real=0.12s
...[4417.161s][info][gc,start       ] GC(1262) Pause Young (Mixed) (G1 Evacuation Pause)
[4417.161s][info][gc,task        ] GC(1262) Using 6 workers of 6 for evacuation
[4417.293s][info][gc,phases      ] GC(1262)   Pre Evacuate Collection Set: 0.35ms
[4417.293s][info][gc,phases      ] GC(1262)   Merge Heap Roots: 0.71ms
[4417.293s][info][gc,phases      ] GC(1262)   Evacuate Collection Set: 129.56ms
[4417.293s][info][gc,phases      ] GC(1262)   Post Evacuate Collection Set: 0.91ms
[4417.293s][info][gc,phases      ] GC(1262)   Other: 0.08ms
[4417.293s][info][gc,heap        ] GC(1262) Eden regions: 1103->0(1122)
[4417.293s][info][gc,heap        ] GC(1262) Survivor regions: 113->106(152)
[4417.293s][info][gc,heap        ] GC(1262) Old regions: 536->474
[4417.293s][info][gc,heap        ] GC(1262) Humongous regions: 80->80
[4417.293s][info][gc,metaspace   ] GC(1262) Metaspace: 28905K(29312K)->28905K(29312K) NonClass: 24036K(24256K)->24036K(24256K) Class: 4868K(5056K)->4868K(5056K)
[4417.293s][info][gc             ] GC(1262) Pause Young (Mixed) (G1 Evacuation Pause) 3660M->1317M(4096M) 131.760ms
[4417.293s][info][gc,cpu         ] GC(1262) User=0.78s Sys=0.00s Real=0.13s
..[4419.584s][info][gc,start       ] GC(1263) Pause Young (Concurrent Start) (G1 Evacuation Pause)
[4419.584s][info][gc,task        ] GC(1263) Using 6 workers of 6 for evacuation
[4419.700s][info][gc,phases      ] GC(1263)   Pre Evacuate Collection Set: 0.35ms
[4419.700s][info][gc,phases      ] GC(1263)   Merge Heap Roots: 0.49ms
[4419.700s][info][gc,phases      ] GC(1263)   Evacuate Collection Set: 114.31ms
[4419.700s][info][gc,phases      ] GC(1263)   Post Evacuate Collection Set: 0.87ms
[4419.700s][info][gc,phases      ] GC(1263)   Other: 0.10ms
[4419.700s][info][gc,heap        ] GC(1263) Eden regions: 1122->0(1119)
[4419.700s][info][gc,heap        ] GC(1263) Survivor regions: 106->109(154)
[4419.700s][info][gc,heap        ] GC(1263) Old regions: 474->506
[4419.700s][info][gc,heap        ] GC(1263) Humongous regions: 80->80
[4419.700s][info][gc,metaspace   ] GC(1263) Metaspace: 28905K(29312K)->28905K(29312K) NonClass: 24036K(24256K)->24036K(24256K) Class: 4868K(5056K)->4868K(5056K)
[4419.700s][info][gc             ] GC(1263) Pause Young (Concurrent Start) (G1 Evacuation Pause) 3561M->1387M(4096M) 116.251ms
[4419.700s][info][gc             ] GC(1264) Concurrent Mark Cycle
[4419.700s][info][gc,marking     ] GC(1264) Concurrent Scan Root Regions
[4419.700s][info][gc,cpu         ] GC(1263) User=0.69s Sys=0.00s Real=0.12s
[4419.865s][info][gc,marking     ] GC(1264) Concurrent Scan Root Regions 164.758ms
[4419.865s][info][gc,marking     ] GC(1264) Concurrent Mark
[4419.865s][info][gc,marking     ] GC(1264) Concurrent Mark From Roots
[4419.865s][info][gc,task        ] GC(1264) Using 2 workers of 2 for marking
.[4420.914s][info][gc,marking     ] GC(1264) Concurrent Mark From Roots 1049.339ms
[4420.914s][info][gc,marking     ] GC(1264) Concurrent Preclean
[4420.914s][info][gc,marking     ] GC(1264) Concurrent Preclean 0.134ms
[4420.915s][info][gc,start       ] GC(1264) Pause Remark
[4420.917s][info][gc             ] GC(1264) Pause Remark 2535M->2535M(4096M) 2.237ms
[4420.917s][info][gc,cpu         ] GC(1264) User=0.01s Sys=0.00s Real=0.01s
[4420.917s][info][gc,marking     ] GC(1264) Concurrent Mark 1052.039ms
[4420.917s][info][gc,marking     ] GC(1264) Concurrent Rebuild Remembered Sets and Scrub Regions
.[4421.285s][info][gc,marking     ] GC(1264) Concurrent Rebuild Remembered Sets and Scrub Regions 368.551ms
[4421.286s][info][gc,start       ] GC(1264) Pause Cleanup
[4421.286s][info][gc             ] GC(1264) Pause Cleanup 2897M->2897M(4096M) 0.125ms
[4421.286s][info][gc,cpu         ] GC(1264) User=0.00s Sys=0.00s Real=0.00s
[4421.286s][info][gc,marking     ] GC(1264) Concurrent Clear Claimed Marks
[4421.286s][info][gc,marking     ] GC(1264) Concurrent Clear Claimed Marks 0.039ms
[4421.286s][info][gc,marking     ] GC(1264) Concurrent Cleanup for Next Mark
[4421.291s][info][gc,marking     ] GC(1264) Concurrent Cleanup for Next Mark 4.553ms
[4421.291s][info][gc             ] GC(1264) Concurrent Mark Cycle 1590.960ms
.[4422.111s][info][gc,start       ] GC(1265) Pause Young (Prepare Mixed) (G1 Evacuation Pause)
[4422.111s][info][gc,task        ] GC(1265) Using 6 workers of 6 for evacuation
[4422.228s][info][gc,phases      ] GC(1265)   Pre Evacuate Collection Set: 0.33ms
[4422.228s][info][gc,phases      ] GC(1265)   Merge Heap Roots: 0.52ms
[4422.228s][info][gc,phases      ] GC(1265)   Evacuate Collection Set: 115.46ms
[4422.228s][info][gc,phases      ] GC(1265)   Post Evacuate Collection Set: 0.93ms
[4422.228s][info][gc,phases      ] GC(1265)   Other: 0.09ms
[4422.228s][info][gc,heap        ] GC(1265) Eden regions: 1119->0(1108)
[4422.228s][info][gc,heap        ] GC(1265) Survivor regions: 109->110(154)
[4422.228s][info][gc,heap        ] GC(1265) Old regions: 506->537
[4422.228s][info][gc,heap        ] GC(1265) Humongous regions: 80->80
[4422.228s][info][gc,metaspace   ] GC(1265) Metaspace: 28905K(29312K)->28905K(29312K) NonClass: 24036K(24256K)->24036K(24256K) Class: 4868K(5056K)->4868K(5056K)
[4422.228s][info][gc             ] GC(1265) Pause Young (Prepare Mixed) (G1 Evacuation Pause) 3625M->1451M(4096M) 117.470ms
[4422.228s][info][gc,cpu         ] GC(1265) User=0.70s Sys=0.00s Real=0.12s
..[4424.441s][info][gc,start       ] GC(1266) Pause Young (Mixed) (G1 Evacuation Pause)
[4424.441s][info][gc,task        ] GC(1266) Using 6 workers of 6 for evacuation
[4424.578s][info][gc,phases      ] GC(1266)   Pre Evacuate Collection Set: 0.40ms
[4424.578s][info][gc,phases      ] GC(1266)   Merge Heap Roots: 0.71ms
[4424.578s][info][gc,phases      ] GC(1266)   Evacuate Collection Set: 134.57ms
[4424.578s][info][gc,phases      ] GC(1266)   Post Evacuate Collection Set: 0.94ms
[4424.578s][info][gc,phases      ] GC(1266)   Other: 0.09ms
[4424.578s][info][gc,heap        ] GC(1266) Eden regions: 1108->0(1117)
[4424.578s][info][gc,heap        ] GC(1266) Survivor regions: 110->111(153)
[4424.578s][info][gc,heap        ] GC(1266) Old regions: 537->474
[4424.578s][info][gc,heap        ] GC(1266) Humongous regions: 80->80
[4424.578s][info][gc,metaspace   ] GC(1266) Metaspace: 28905K(29312K)->28905K(29312K) NonClass: 24036K(24256K)->24036K(24256K) Class: 4868K(5056K)->4868K(5056K)
[4424.578s][info][gc             ] GC(1266) Pause Young (Mixed) (G1 Evacuation Pause) 3667M->1328M(4096M) 136.837ms
[4424.578s][info][gc,cpu         ] GC(1266) User=0.82s Sys=0.00s Real=0.14s
..[4426.795s][info][gc,start       ] GC(1267) Pause Young (Concurrent Start) (G1 Evacuation Pause)
[4426.795s][info][gc,task        ] GC(1267) Using 6 workers of 6 for evacuation
[4426.911s][info][gc,phases      ] GC(1267)   Pre Evacuate Collection Set: 0.41ms
[4426.911s][info][gc,phases      ] GC(1267)   Merge Heap Roots: 0.48ms
[4426.911s][info][gc,phases      ] GC(1267)   Evacuate Collection Set: 114.35ms
[4426.911s][info][gc,phases      ] GC(1267)   Post Evacuate Collection Set: 0.85ms
[4426.911s][info][gc,phases      ] GC(1267)   Other: 0.13ms
[4426.911s][info][gc,heap        ] GC(1267) Eden regions: 1117->0(1119)
[4426.911s][info][gc,heap        ] GC(1267) Survivor regions: 111->109(154)
[4426.911s][info][gc,heap        ] GC(1267) Old regions: 474->507
[4426.911s][info][gc,heap        ] GC(1267) Humongous regions: 80->80
[4426.911s][info][gc,metaspace   ] GC(1267) Metaspace: 28905K(29312K)->28905K(29312K) NonClass: 24036K(24256K)->24036K(24256K) Class: 4868K(5056K)->4868K(5056K)
[4426.911s][info][gc             ] GC(1267) Pause Young (Concurrent Start) (G1 Evacuation Pause) 3562M->1390M(4096M) 116.343ms
[4426.911s][info][gc             ] GC(1268) Concurrent Mark Cycle
[4426.911s][info][gc,marking     ] GC(1268) Concurrent Scan Root Regions
[4426.911s][info][gc,cpu         ] GC(1267) User=0.69s Sys=0.00s Real=0.11s
[4427.077s][info][gc,marking     ] GC(1268) Concurrent Scan Root Regions 166.007ms
[4427.078s][info][gc,marking     ] GC(1268) Concurrent Mark
[4427.078s][info][gc,marking     ] GC(1268) Concurrent Mark From Roots
[4427.078s][info][gc,task        ] GC(1268) Using 2 workers of 2 for marking
.[4428.122s][info][gc,marking     ] GC(1268) Concurrent Mark From Roots 1044.721ms
[4428.122s][info][gc,marking     ] GC(1268) Concurrent Preclean
[4428.122s][info][gc,marking     ] GC(1268) Concurrent Preclean 0.136ms
[4428.125s][info][gc,start       ] GC(1268) Pause Remark
[4428.128s][info][gc             ] GC(1268) Pause Remark 2538M->2538M(4096M) 3.056ms
[4428.128s][info][gc,cpu         ] GC(1268) User=0.01s Sys=0.00s Real=0.00s
[4428.128s][info][gc,marking     ] GC(1268) Concurrent Mark 1050.669ms
[4428.128s][info][gc,marking     ] GC(1268) Concurrent Rebuild Remembered Sets and Scrub Regions
.[4428.501s][info][gc,marking     ] GC(1268) Concurrent Rebuild Remembered Sets and Scrub Regions 372.878ms
[4428.502s][info][gc,start       ] GC(1268) Pause Cleanup
[4428.502s][info][gc             ] GC(1268) Pause Cleanup 2960M->2960M(4096M) 0.118ms
[4428.502s][info][gc,cpu         ] GC(1268) User=0.00s Sys=0.00s Real=0.00s
[4428.502s][info][gc,marking     ] GC(1268) Concurrent Clear Claimed Marks
[4428.502s][info][gc,marking     ] GC(1268) Concurrent Clear Claimed Marks 0.031ms
[4428.502s][info][gc,marking     ] GC(1268) Concurrent Cleanup for Next Mark
[4428.506s][info][gc,marking     ] GC(1268) Concurrent Cleanup for Next Mark 3.958ms
[4428.506s][info][gc             ] GC(1268) Concurrent Mark Cycle 1594.548ms
.[4429.177s][info][gc,start       ] GC(1269) Pause Young (Prepare Mixed) (G1 Evacuation Pause)
[4429.177s][info][gc,task        ] GC(1269) Using 6 workers of 6 for evacuation
[4429.297s][info][gc,phases      ] GC(1269)   Pre Evacuate Collection Set: 0.32ms
[4429.297s][info][gc,phases      ] GC(1269)   Merge Heap Roots: 0.55ms
[4429.297s][info][gc,phases      ] GC(1269)   Evacuate Collection Set: 117.95ms
[4429.297s][info][gc,phases      ] GC(1269)   Post Evacuate Collection Set: 0.94ms
[4429.297s][info][gc,phases      ] GC(1269)   Other: 0.09ms
[4429.297s][info][gc,heap        ] GC(1269) Eden regions: 1119->0(1104)
[4429.297s][info][gc,heap        ] GC(1269) Survivor regions: 109->111(154)
[4429.297s][info][gc,heap        ] GC(1269) Old regions: 507->539
[4429.297s][info][gc,heap        ] GC(1269) Humongous regions: 80->80
[4429.297s][info][gc,metaspace   ] GC(1269) Metaspace: 28905K(29312K)->28905K(29312K) NonClass: 24036K(24256K)->24036K(24256K) Class: 4868K(5056K)->4868K(5056K)
[4429.297s][info][gc             ] GC(1269) Pause Young (Prepare Mixed) (G1 Evacuation Pause) 3628M->1457M(4096M) 119.971ms
[4429.297s][info][gc,cpu         ] GC(1269) User=0.71s Sys=0.00s Real=0.12s
..[4431.596s][info][gc,start       ] GC(1270) Pause Young (Mixed) (G1 Evacuation Pause)
[4431.596s][info][gc,task        ] GC(1270) Using 6 workers of 6 for evacuation
[4431.729s][info][gc,phases      ] GC(1270)   Pre Evacuate Collection Set: 0.35ms
[4431.729s][info][gc,phases      ] GC(1270)   Merge Heap Roots: 0.66ms
[4431.729s][info][gc,phases      ] GC(1270)   Evacuate Collection Set: 131.20ms
[4431.729s][info][gc,phases      ] GC(1270)   Post Evacuate Collection Set: 0.93ms
[4431.729s][info][gc,phases      ] GC(1270)   Other: 0.10ms
[4431.729s][info][gc,heap        ] GC(1270) Eden regions: 1104->0(1119)
[4431.729s][info][gc,heap        ] GC(1270) Survivor regions: 111->109(152)
[4431.729s][info][gc,heap        ] GC(1270) Old regions: 539->475
[4431.729s][info][gc,heap        ] GC(1270) Humongous regions: 80->80
[4431.729s][info][gc,metaspace   ] GC(1270) Metaspace: 28905K(29312K)->28905K(29312K) NonClass: 24036K(24256K)->24036K(24256K) Class: 4868K(5056K)->4868K(5056K)
[4431.729s][info][gc             ] GC(1270) Pause Young (Mixed) (G1 Evacuation Pause) 3665M->1325M(4096M) 133.366ms
[4431.729s][info][gc,cpu         ] GC(1270) User=0.79s Sys=0.00s Real=0.13s
..[4433.957s][info][gc,start       ] GC(1271) Pause Young (Concurrent Start) (G1 Evacuation Pause)
[4433.957s][info][gc,task        ] GC(1271) Using 6 workers of 6 for evacuation
[4434.074s][info][gc,phases      ] GC(1271)   Pre Evacuate Collection Set: 0.34ms
[4434.074s][info][gc,phases      ] GC(1271)   Merge Heap Roots: 0.45ms
[4434.074s][info][gc,phases      ] GC(1271)   Evacuate Collection Set: 115.24ms
[4434.074s][info][gc,phases      ] GC(1271)   Post Evacuate Collection Set: 0.89ms
[4434.074s][info][gc,phases      ] GC(1271)   Other: 0.11ms
[4434.074s][info][gc,heap        ] GC(1271) Eden regions: 1119->0(1116)
[4434.074s][info][gc,heap        ] GC(1271) Survivor regions: 109->112(154)
[4434.074s][info][gc,heap        ] GC(1271) Old regions: 475->506
[4434.074s][info][gc,heap        ] GC(1271) Humongous regions: 80->80
[4434.074s][info][gc,metaspace   ] GC(1271) Metaspace: 28905K(29312K)->28905K(29312K) NonClass: 24036K(24256K)->24036K(24256K) Class: 4868K(5056K)->4868K(5056K)
[4434.074s][info][gc             ] GC(1271) Pause Young (Concurrent Start) (G1 Evacuation Pause) 3563M->1393M(4096M) 117.171ms
[4434.074s][info][gc             ] GC(1272) Concurrent Mark Cycle
[4434.074s][info][gc,marking     ] GC(1272) Concurrent Scan Root Regions
[4434.074s][info][gc,cpu         ] GC(1271) User=0.69s Sys=0.00s Real=0.11s
.[4434.204s][info][gc,marking     ] GC(1272) Concurrent Scan Root Regions 129.581ms
[4434.204s][info][gc,marking     ] GC(1272) Concurrent Mark
[4434.204s][info][gc,marking     ] GC(1272) Concurrent Mark From Roots
[4434.204s][info][gc,task        ] GC(1272) Using 2 workers of 2 for marking
[4434.913s][info][gc,marking     ] GC(1272) Concurrent Mark From Roots 709.332ms
[4434.913s][info][gc,marking     ] GC(1272) Concurrent Preclean
[4434.914s][info][gc,marking     ] GC(1272) Concurrent Preclean 0.128ms
[4434.914s][info][gc,start       ] GC(1272) Pause Remark
[4434.917s][info][gc             ] GC(1272) Pause Remark 2114M->2114M(4096M) 3.395ms
[4434.917s][info][gc,cpu         ] GC(1272) User=0.02s Sys=0.00s Real=0.01s
[4434.917s][info][gc,marking     ] GC(1272) Concurrent Mark 713.255ms
[4434.917s][info][gc,marking     ] GC(1272) Concurrent Rebuild Remembered Sets and Scrub Regions
[4435.198s][info][gc,marking     ] GC(1272) Concurrent Rebuild Remembered Sets and Scrub Regions 280.343ms
.[4435.201s][info][gc,start       ] GC(1272) Pause Cleanup
[4435.201s][info][gc             ] GC(1272) Pause Cleanup 2387M->2387M(4096M) 0.133ms
[4435.201s][info][gc,cpu         ] GC(1272) User=0.00s Sys=0.00s Real=0.00s
[4435.201s][info][gc,marking     ] GC(1272) Concurrent Clear Claimed Marks
[4435.201s][info][gc,marking     ] GC(1272) Concurrent Clear Claimed Marks 0.027ms
[4435.201s][info][gc,marking     ] GC(1272) Concurrent Cleanup for Next Mark
[4435.208s][info][gc,marking     ] GC(1272) Concurrent Cleanup for Next Mark 6.960ms
[4435.208s][info][gc             ] GC(1272) Concurrent Mark Cycle 1133.990ms
.[4436.352s][info][gc,start       ] GC(1273) Pause Young (Prepare Mixed) (G1 Evacuation Pause)
[4436.352s][info][gc,task        ] GC(1273) Using 6 workers of 6 for evacuation
[4436.471s][info][gc,phases      ] GC(1273)   Pre Evacuate Collection Set: 0.30ms
[4436.472s][info][gc,phases      ] GC(1273)   Merge Heap Roots: 0.50ms
[4436.472s][info][gc,phases      ] GC(1273)   Evacuate Collection Set: 117.97ms
[4436.472s][info][gc,phases      ] GC(1273)   Post Evacuate Collection Set: 0.96ms
[4436.472s][info][gc,phases      ] GC(1273)   Other: 0.09ms
[4436.472s][info][gc,heap        ] GC(1273) Eden regions: 1116->0(1106)
[4436.472s][info][gc,heap        ] GC(1273) Survivor regions: 112->110(154)
[4436.472s][info][gc,heap        ] GC(1273) Old regions: 506->539
[4436.472s][info][gc,heap        ] GC(1273) Humongous regions: 80->80
[4436.472s][info][gc,metaspace   ] GC(1273) Metaspace: 28905K(29312K)->28905K(29312K) NonClass: 24036K(24256K)->24036K(24256K) Class: 4868K(5056K)->4868K(5056K)
[4436.472s][info][gc             ] GC(1273) Pause Young (Prepare Mixed) (G1 Evacuation Pause) 3625M->1455M(4096M) 119.940ms
[4436.472s][info][gc,cpu         ] GC(1273) User=0.72s Sys=0.00s Real=0.12s
..[4438.688s][info][gc,start       ] GC(1274) Pause Young (Mixed) (G1 Evacuation Pause)
[4438.688s][info][gc,task        ] GC(1274) Using 6 workers of 6 for evacuation
[4438.827s][info][gc,phases      ] GC(1274)   Pre Evacuate Collection Set: 0.38ms
[4438.827s][info][gc,phases      ] GC(1274)   Merge Heap Roots: 0.81ms
[4438.827s][info][gc,phases      ] GC(1274)   Evacuate Collection Set: 135.94ms
[4438.827s][info][gc,phases      ] GC(1274)   Post Evacuate Collection Set: 0.90ms
[4438.827s][info][gc,phases      ] GC(1274)   Other: 0.08ms
[4438.827s][info][gc,heap        ] GC(1274) Eden regions: 1106->0(1119)
[4438.827s][info][gc,heap        ] GC(1274) Survivor regions: 110->109(152)
[4438.827s][info][gc,heap        ] GC(1274) Old regions: 539->474
[4438.827s][info][gc,heap        ] GC(1274) Humongous regions: 80->80
[4438.827s][info][gc,metaspace   ] GC(1274) Metaspace: 28905K(29312K)->28905K(29312K) NonClass: 24036K(24256K)->24036K(24256K) Class: 4868K(5056K)->4868K(5056K)
[4438.827s][info][gc             ] GC(1274) Pause Young (Mixed) (G1 Evacuation Pause) 3667M->1324M(4096M) 138.242ms
[4438.827s][info][gc,cpu         ] GC(1274) User=0.83s Sys=0.00s Real=0.14s
..[4441.024s][info][gc,start       ] GC(1275) Pause Young (Concurrent Start) (G1 Evacuation Pause)
[4441.024s][info][gc,task        ] GC(1275) Using 6 workers of 6 for evacuation
[4441.151s][info][gc,phases      ] GC(1275)   Pre Evacuate Collection Set: 0.39ms
[4441.151s][info][gc,phases      ] GC(1275)   Merge Heap Roots: 0.47ms
[4441.151s][info][gc,phases      ] GC(1275)   Evacuate Collection Set: 124.87ms
[4441.151s][info][gc,phases      ] GC(1275)   Post Evacuate Collection Set: 0.88ms
[4441.151s][info][gc,phases      ] GC(1275)   Other: 0.11ms
[4441.151s][info][gc,heap        ] GC(1275) Eden regions: 1119->0(1109)
[4441.151s][info][gc,heap        ] GC(1275) Survivor regions: 109->119(154)
[4441.151s][info][gc,heap        ] GC(1275) Old regions: 474->506
[4441.151s][info][gc,heap        ] GC(1275) Humongous regions: 80->80
[4441.151s][info][gc,metaspace   ] GC(1275) Metaspace: 28905K(29312K)->28905K(29312K) NonClass: 24036K(24256K)->24036K(24256K) Class: 4868K(5056K)->4868K(5056K)
[4441.151s][info][gc             ] GC(1275) Pause Young (Concurrent Start) (G1 Evacuation Pause) 3562M->1406M(4096M) 126.862ms
[4441.151s][info][gc             ] GC(1276) Concurrent Mark Cycle
[4441.151s][info][gc,marking     ] GC(1276) Concurrent Scan Root Regions
[4441.151s][info][gc,cpu         ] GC(1275) User=0.76s Sys=0.00s Real=0.13s
.[4441.292s][info][gc,marking     ] GC(1276) Concurrent Scan Root Regions 140.788ms
[4441.292s][info][gc,marking     ] GC(1276) Concurrent Mark
[4441.292s][info][gc,marking     ] GC(1276) Concurrent Mark From Roots
[4441.292s][info][gc,task        ] GC(1276) Using 2 workers of 2 for marking
[4441.994s][info][gc,marking     ] GC(1276) Concurrent Mark From Roots 701.513ms
[4441.994s][info][gc,marking     ] GC(1276) Concurrent Preclean
[4441.994s][info][gc,marking     ] GC(1276) Concurrent Preclean 0.149ms
[4441.994s][info][gc,start       ] GC(1276) Pause Remark
[4441.996s][info][gc             ] GC(1276) Pause Remark 2147M->2147M(4096M) 2.235ms
[4441.996s][info][gc,cpu         ] GC(1276) User=0.01s Sys=0.00s Real=0.01s
[4441.998s][info][gc,marking     ] GC(1276) Concurrent Mark 706.283ms
[4441.998s][info][gc,marking     ] GC(1276) Concurrent Rebuild Remembered Sets and Scrub Regions
[4442.296s][info][gc,marking     ] GC(1276) Concurrent Rebuild Remembered Sets and Scrub Regions 297.927ms
.[4442.301s][info][gc,start       ] GC(1276) Pause Cleanup
[4442.301s][info][gc             ] GC(1276) Pause Cleanup 2458M->2458M(4096M) 0.131ms
[4442.301s][info][gc,cpu         ] GC(1276) User=0.00s Sys=0.00s Real=0.00s
[4442.301s][info][gc,marking     ] GC(1276) Concurrent Clear Claimed Marks
[4442.301s][info][gc,marking     ] GC(1276) Concurrent Clear Claimed Marks 0.028ms
[4442.301s][info][gc,marking     ] GC(1276) Concurrent Cleanup for Next Mark
[4442.309s][info][gc,marking     ] GC(1276) Concurrent Cleanup for Next Mark 7.653ms
[4442.309s][info][gc             ] GC(1276) Concurrent Mark Cycle 1157.504ms
.[4443.359s][info][gc,start       ] GC(1277) Pause Young (Prepare Mixed) (G1 Evacuation Pause)
[4443.359s][info][gc,task        ] GC(1277) Using 6 workers of 6 for evacuation
[4443.475s][info][gc,phases      ] GC(1277)   Pre Evacuate Collection Set: 0.33ms
[4443.475s][info][gc,phases      ] GC(1277)   Merge Heap Roots: 0.53ms
[4443.475s][info][gc,phases      ] GC(1277)   Evacuate Collection Set: 114.38ms
[4443.475s][info][gc,phases      ] GC(1277)   Post Evacuate Collection Set: 0.92ms
[4443.475s][info][gc,phases      ] GC(1277)   Other: 0.09ms
[4443.475s][info][gc,heap        ] GC(1277) Eden regions: 1109->0(1112)
[4443.475s][info][gc,heap        ] GC(1277) Survivor regions: 119->108(154)
[4443.475s][info][gc,heap        ] GC(1277) Old regions: 506->537
[4443.475s][info][gc,heap        ] GC(1277) Humongous regions: 80->80
[4443.475s][info][gc,metaspace   ] GC(1277) Metaspace: 28905K(29312K)->28905K(29312K) NonClass: 24036K(24256K)->24036K(24256K) Class: 4868K(5056K)->4868K(5056K)
[4443.475s][info][gc             ] GC(1277) Pause Young (Prepare Mixed) (G1 Evacuation Pause) 3624M->1448M(4096M) 116.371ms
[4443.475s][info][gc,cpu         ] GC(1277) User=0.69s Sys=0.00s Real=0.12s
 (rIR:aIR:PR = 7887:7857:7857) (tPR = 116542) [OK] 
  4443s: Performance info:
         Transaction,    Success,    Partial,     Failed,   Receipts, AvgBarcode, 
             Overall,     479119,          0,          0,     455111,      59.48, 
         Response times:
             Request,    Success,    Partial,     Failed,   SkipFail,     Probes,    Samples,      min,      p50,      p90,      p95,      p99,      max, 
       TotalPurchase,     455111,          0,          0,          0,     359041,     542548,      300,     6900,    92000,   126000,   187000,   454000,
     InStorePurchase,     239317,          0,          0,          0,     189051,     285362,      300,     6800,    91000,   126000,   187000,   363000,
      OnlinePurchase,     167734,          0,          0,          0,     131712,     199534,      300,     6900,    92000,   125000,   187000,   454000,
        InstPurchase,      48060,          0,          0,          0,      38278,      57652,      400,     7100,    93000,   127000,   188000,   363000,
          AssocOfCat,        482,          0,          0,          0,        387,        716,    22000,    45000,   154300,   187450,   254620,   375000,
      AssocOfProduct,       4816,          0,          0,          0,       4463,       7037,      500,     6700,    81000,   119000,   184000,   281000,
      BusinessReport,       1202,          0,          0,          0,       1084,       1835,    24000,    45000,   135000,   178000,   227560,   340000,
          CustBuyBeh,       4802,          0,          0,          0,       4490,       7085,      300,     7100,    90000,   126000,   192000,   233000,
       ProductReturn,      12706,          0,          0,          0,       9657,      15004,      200,     5900,    88000,   117000,   175000,   289000,

  4443s: (58%)   IR =   8025 ..[4445.715s][info][gc,start       ] GC(1278) Pause Young (Mixed) (G1 Evacuation Pause)
[4445.715s][info][gc,task        ] GC(1278) Using 6 workers of 6 for evacuation
[4445.849s][info][gc,phases      ] GC(1278)   Pre Evacuate Collection Set: 0.35ms
[4445.849s][info][gc,phases      ] GC(1278)   Merge Heap Roots: 0.69ms
[4445.849s][info][gc,phases      ] GC(1278)   Evacuate Collection Set: 131.93ms
[4445.849s][info][gc,phases      ] GC(1278)   Post Evacuate Collection Set: 0.93ms
[4445.849s][info][gc,phases      ] GC(1278)   Other: 0.08ms
[4445.849s][info][gc,heap        ] GC(1278) Eden regions: 1112->0(1119)
[4445.849s][info][gc,heap        ] GC(1278) Survivor regions: 108->109(153)
[4445.849s][info][gc,heap        ] GC(1278) Old regions: 537->475
[4445.849s][info][gc,heap        ] GC(1278) Humongous regions: 80->80
[4445.849s][info][gc,metaspace   ] GC(1278) Metaspace: 28906K(29312K)->28906K(29312K) NonClass: 24038K(24256K)->24038K(24256K) Class: 4868K(5056K)->4868K(5056K)
[4445.849s][info][gc             ] GC(1278) Pause Young (Mixed) (G1 Evacuation Pause) 3672M->1325M(4096M) 134.100ms
[4445.849s][info][gc,cpu         ] GC(1278) User=0.79s Sys=0.00s Real=0.13s
..[4448.093s][info][gc,start       ] GC(1279) Pause Young (Concurrent Start) (G1 Evacuation Pause)
[4448.093s][info][gc,task        ] GC(1279) Using 6 workers of 6 for evacuation
[4448.207s][info][gc,phases      ] GC(1279)   Pre Evacuate Collection Set: 0.39ms
[4448.207s][info][gc,phases      ] GC(1279)   Merge Heap Roots: 0.50ms
[4448.207s][info][gc,phases      ] GC(1279)   Evacuate Collection Set: 112.05ms
[4448.207s][info][gc,phases      ] GC(1279)   Post Evacuate Collection Set: 0.89ms
[4448.207s][info][gc,phases      ] GC(1279)   Other: 0.10ms
[4448.207s][info][gc,heap        ] GC(1279) Eden regions: 1119->0(1120)
[4448.207s][info][gc,heap        ] GC(1279) Survivor regions: 109->108(154)
[4448.207s][info][gc,heap        ] GC(1279) Old regions: 475->506
[4448.207s][info][gc,heap        ] GC(1279) Humongous regions: 80->80
[4448.207s][info][gc,metaspace   ] GC(1279) Metaspace: 28906K(29312K)->28906K(29312K) NonClass: 24038K(24256K)->24038K(24256K) Class: 4868K(5056K)->4868K(5056K)
[4448.207s][info][gc             ] GC(1279) Pause Young (Concurrent Start) (G1 Evacuation Pause) 3563M->1385M(4096M) 114.057ms
[4448.207s][info][gc             ] GC(1280) Concurrent Mark Cycle
[4448.207s][info][gc,marking     ] GC(1280) Concurrent Scan Root Regions
[4448.207s][info][gc,cpu         ] GC(1279) User=0.68s Sys=0.00s Real=0.12s
[4448.339s][info][gc,marking     ] GC(1280) Concurrent Scan Root Regions 132.122ms
[4448.339s][info][gc,marking     ] GC(1280) Concurrent Mark
[4448.339s][info][gc,marking     ] GC(1280) Concurrent Mark From Roots
[4448.339s][info][gc,task        ] GC(1280) Using 2 workers of 2 for marking
.[4449.132s][info][gc,marking     ] GC(1280) Concurrent Mark From Roots 793.138ms
[4449.132s][info][gc,marking     ] GC(1280) Concurrent Preclean
[4449.132s][info][gc,marking     ] GC(1280) Concurrent Preclean 0.126ms
[4449.135s][info][gc,start       ] GC(1280) Pause Remark
[4449.138s][info][gc             ] GC(1280) Pause Remark 2201M->2201M(4096M) 3.164ms
[4449.139s][info][gc,cpu         ] GC(1280) User=0.01s Sys=0.00s Real=0.00s
[4449.139s][info][gc,marking     ] GC(1280) Concurrent Mark 799.575ms
[4449.139s][info][gc,marking     ] GC(1280) Concurrent Rebuild Remembered Sets and Scrub Regions
[4449.423s][info][gc,marking     ] GC(1280) Concurrent Rebuild Remembered Sets and Scrub Regions 284.050ms
[4449.424s][info][gc,start       ] GC(1280) Pause Cleanup
[4449.424s][info][gc             ] GC(1280) Pause Cleanup 2523M->2523M(4096M) 0.127ms
[4449.424s][info][gc,cpu         ] GC(1280) User=0.00s Sys=0.00s Real=0.00s
[4449.425s][info][gc,marking     ] GC(1280) Concurrent Clear Claimed Marks
[4449.425s][info][gc,marking     ] GC(1280) Concurrent Clear Claimed Marks 0.034ms
[4449.425s][info][gc,marking     ] GC(1280) Concurrent Cleanup for Next Mark
[4449.430s][info][gc,marking     ] GC(1280) Concurrent Cleanup for Next Mark 5.356ms
[4449.431s][info][gc             ] GC(1280) Concurrent Mark Cycle 1223.739ms
.[4450.443s][info][gc,start       ] GC(1281) Pause Young (Prepare Mixed) (G1 Evacuation Pause)
[4450.443s][info][gc,task        ] GC(1281) Using 6 workers of 6 for evacuation
[4450.559s][info][gc,phases      ] GC(1281)   Pre Evacuate Collection Set: 0.31ms
[4450.559s][info][gc,phases      ] GC(1281)   Merge Heap Roots: 0.51ms
[4450.559s][info][gc,phases      ] GC(1281)   Evacuate Collection Set: 114.02ms
[4450.559s][info][gc,phases      ] GC(1281)   Post Evacuate Collection Set: 0.95ms
[4450.559s][info][gc,phases      ] GC(1281)   Other: 0.09ms
[4450.559s][info][gc,heap        ] GC(1281) Eden regions: 1120->0(1107)
[4450.559s][info][gc,heap        ] GC(1281) Survivor regions: 108->110(154)
[4450.559s][info][gc,heap        ] GC(1281) Old regions: 506->538
[4450.559s][info][gc,heap        ] GC(1281) Humongous regions: 80->80
[4450.559s][info][gc,metaspace   ] GC(1281) Metaspace: 28906K(29312K)->28906K(29312K) NonClass: 24038K(24256K)->24038K(24256K) Class: 4868K(5056K)->4868K(5056K)
[4450.559s][info][gc             ] GC(1281) Pause Young (Prepare Mixed) (G1 Evacuation Pause) 3625M->1452M(4096M) 116.031ms
[4450.559s][info][gc,cpu         ] GC(1281) User=0.69s Sys=0.00s Real=0.12s
...[4452.729s][info][gc,start       ] GC(1282) Pause Young (Mixed) (G1 Evacuation Pause)
[4452.729s][info][gc,task        ] GC(1282) Using 6 workers of 6 for evacuation
[4452.865s][info][gc,phases      ] GC(1282)   Pre Evacuate Collection Set: 0.35ms
[4452.865s][info][gc,phases      ] GC(1282)   Merge Heap Roots: 0.70ms
[4452.865s][info][gc,phases      ] GC(1282)   Evacuate Collection Set: 133.58ms
[4452.865s][info][gc,phases      ] GC(1282)   Post Evacuate Collection Set: 0.93ms
[4452.865s][info][gc,phases      ] GC(1282)   Other: 0.09ms
[4452.865s][info][gc,heap        ] GC(1282) Eden regions: 1107->0(1119)
[4452.865s][info][gc,heap        ] GC(1282) Survivor regions: 110->109(153)
[4452.865s][info][gc,heap        ] GC(1282) Old regions: 538->475
[4452.865s][info][gc,heap        ] GC(1282) Humongous regions: 80->80
[4452.865s][info][gc,metaspace   ] GC(1282) Metaspace: 28906K(29312K)->28906K(29312K) NonClass: 24038K(24256K)->24038K(24256K) Class: 4868K(5056K)->4868K(5056K)
[4452.865s][info][gc             ] GC(1282) Pause Young (Mixed) (G1 Evacuation Pause) 3666M->1325M(4096M) 135.775ms
[4452.865s][info][gc,cpu         ] GC(1282) User=0.80s Sys=0.00s Real=0.14s
.|.[4455.134s][info][gc,start       ] GC(1283) Pause Young (Concurrent Start) (G1 Evacuation Pause)
[4455.134s][info][gc,task        ] GC(1283) Using 6 workers of 6 for evacuation
[4455.251s][info][gc,phases      ] GC(1283)   Pre Evacuate Collection Set: 0.35ms
[4455.251s][info][gc,phases      ] GC(1283)   Merge Heap Roots: 0.49ms
[4455.251s][info][gc,phases      ] GC(1283)   Evacuate Collection Set: 114.78ms
[4455.251s][info][gc,phases      ] GC(1283)   Post Evacuate Collection Set: 0.88ms
[4455.251s][info][gc,phases      ] GC(1283)   Other: 0.12ms
[4455.251s][info][gc,heap        ] GC(1283) Eden regions: 1119->0(1120)
[4455.251s][info][gc,heap        ] GC(1283) Survivor regions: 109->108(154)
[4455.251s][info][gc,heap        ] GC(1283) Old regions: 475->507
[4455.251s][info][gc,heap        ] GC(1283) Humongous regions: 80->80
[4455.251s][info][gc,metaspace   ] GC(1283) Metaspace: 28906K(29312K)->28906K(29312K) NonClass: 24038K(24256K)->24038K(24256K) Class: 4868K(5056K)->4868K(5056K)
[4455.251s][info][gc             ] GC(1283) Pause Young (Concurrent Start) (G1 Evacuation Pause) 3563M->1387M(4096M) 116.761ms
[4455.251s][info][gc             ] GC(1284) Concurrent Mark Cycle
[4455.251s][info][gc,marking     ] GC(1284) Concurrent Scan Root Regions
[4455.251s][info][gc,cpu         ] GC(1283) User=0.69s Sys=0.00s Real=0.12s
[4455.416s][info][gc,marking     ] GC(1284) Concurrent Scan Root Regions 165.364ms
[4455.416s][info][gc,marking     ] GC(1284) Concurrent Mark
[4455.416s][info][gc,marking     ] GC(1284) Concurrent Mark From Roots
[4455.416s][info][gc,task        ] GC(1284) Using 2 workers of 2 for marking
.[4456.416s][info][gc,marking     ] GC(1284) Concurrent Mark From Roots 999.034ms
[4456.416s][info][gc,marking     ] GC(1284) Concurrent Preclean
[4456.416s][info][gc,marking     ] GC(1284) Concurrent Preclean 0.157ms
[4456.418s][info][gc,start       ] GC(1284) Pause Remark
[4456.420s][info][gc             ] GC(1284) Pause Remark 2521M->2521M(4096M) 2.893ms
[4456.421s][info][gc,cpu         ] GC(1284) User=0.02s Sys=0.00s Real=0.00s
[4456.421s][info][gc,marking     ] GC(1284) Concurrent Mark 1004.128ms
[4456.421s][info][gc,marking     ] GC(1284) Concurrent Rebuild Remembered Sets and Scrub Regions
.[4456.855s][info][gc,marking     ] GC(1284) Concurrent Rebuild Remembered Sets and Scrub Regions 434.069ms
[4456.855s][info][gc,start       ] GC(1284) Pause Cleanup
[4456.855s][info][gc             ] GC(1284) Pause Cleanup 2975M->2975M(4096M) 0.111ms
[4456.855s][info][gc,cpu         ] GC(1284) User=0.00s Sys=0.00s Real=0.00s
[4456.855s][info][gc,marking     ] GC(1284) Concurrent Clear Claimed Marks
[4456.855s][info][gc,marking     ] GC(1284) Concurrent Clear Claimed Marks 0.028ms
[4456.855s][info][gc,marking     ] GC(1284) Concurrent Cleanup for Next Mark
[4456.860s][info][gc,marking     ] GC(1284) Concurrent Cleanup for Next Mark 4.809ms
[4456.860s][info][gc             ] GC(1284) Concurrent Mark Cycle 1608.938ms
[4457.523s][info][gc,start       ] GC(1285) Pause Young (Prepare Mixed) (G1 Evacuation Pause)
[4457.523s][info][gc,task        ] GC(1285) Using 6 workers of 6 for evacuation
[4457.644s][info][gc,phases      ] GC(1285)   Pre Evacuate Collection Set: 0.34ms
[4457.644s][info][gc,phases      ] GC(1285)   Merge Heap Roots: 0.63ms
[4457.644s][info][gc,phases      ] GC(1285)   Evacuate Collection Set: 119.58ms
[4457.644s][info][gc,phases      ] GC(1285)   Post Evacuate Collection Set: 0.91ms
[4457.644s][info][gc,phases      ] GC(1285)   Other: 0.09ms
[4457.644s][info][gc,heap        ] GC(1285) Eden regions: 1120->0(1106)
[4457.644s][info][gc,heap        ] GC(1285) Survivor regions: 108->110(154)
[4457.644s][info][gc,heap        ] GC(1285) Old regions: 507->539
[4457.644s][info][gc,heap        ] GC(1285) Humongous regions: 80->80
[4457.644s][info][gc,metaspace   ] GC(1285) Metaspace: 28906K(29312K)->28906K(29312K) NonClass: 24038K(24256K)->24038K(24256K) Class: 4868K(5056K)->4868K(5056K)
[4457.644s][info][gc             ] GC(1285) Pause Young (Prepare Mixed) (G1 Evacuation Pause) 3627M->1455M(4096M) 121.683ms
[4457.644s][info][gc,cpu         ] GC(1285) User=0.72s Sys=0.00s Real=0.12s
...[4459.803s][info][gc,start       ] GC(1286) Pause Young (Mixed) (G1 Evacuation Pause)
[4459.803s][info][gc,task        ] GC(1286) Using 6 workers of 6 for evacuation
[4459.944s][info][gc,phases      ] GC(1286)   Pre Evacuate Collection Set: 0.34ms
[4459.944s][info][gc,phases      ] GC(1286)   Merge Heap Roots: 0.73ms
[4459.944s][info][gc,phases      ] GC(1286)   Evacuate Collection Set: 138.64ms
[4459.944s][info][gc,phases      ] GC(1286)   Post Evacuate Collection Set: 0.91ms
[4459.944s][info][gc,phases      ] GC(1286)   Other: 0.08ms
[4459.944s][info][gc,heap        ] GC(1286) Eden regions: 1106->0(1115)
[4459.944s][info][gc,heap        ] GC(1286) Survivor regions: 110->113(152)
[4459.944s][info][gc,heap        ] GC(1286) Old regions: 539->474
[4459.944s][info][gc,heap        ] GC(1286) Humongous regions: 80->80
[4459.944s][info][gc,metaspace   ] GC(1286) Metaspace: 28906K(29312K)->28906K(29312K) NonClass: 24038K(24256K)->24038K(24256K) Class: 4868K(5056K)->4868K(5056K)
[4459.944s][info][gc             ] GC(1286) Pause Young (Mixed) (G1 Evacuation Pause) 3667M->1331M(4096M) 140.854ms
[4459.944s][info][gc,cpu         ] GC(1286) User=0.84s Sys=0.00s Real=0.14s
..[4462.070s][info][gc,start       ] GC(1287) Pause Young (Concurrent Start) (G1 Evacuation Pause)
[4462.070s][info][gc,task        ] GC(1287) Using 6 workers of 6 for evacuation
[4462.184s][info][gc,phases      ] GC(1287)   Pre Evacuate Collection Set: 0.38ms
[4462.184s][info][gc,phases      ] GC(1287)   Merge Heap Roots: 0.47ms
[4462.184s][info][gc,phases      ] GC(1287)   Evacuate Collection Set: 112.64ms
[4462.184s][info][gc,phases      ] GC(1287)   Post Evacuate Collection Set: 0.87ms
[4462.184s][info][gc,phases      ] GC(1287)   Other: 0.12ms
[4462.184s][info][gc,heap        ] GC(1287) Eden regions: 1115->0(1120)
[4462.184s][info][gc,heap        ] GC(1287) Survivor regions: 113->108(154)
[4462.184s][info][gc,heap        ] GC(1287) Old regions: 474->505
[4462.184s][info][gc,heap        ] GC(1287) Humongous regions: 80->80
[4462.184s][info][gc,metaspace   ] GC(1287) Metaspace: 28906K(29312K)->28906K(29312K) NonClass: 24038K(24256K)->24038K(24256K) Class: 4868K(5056K)->4868K(5056K)
[4462.184s][info][gc             ] GC(1287) Pause Young (Concurrent Start) (G1 Evacuation Pause) 3561M->1383M(4096M) 114.596ms
[4462.184s][info][gc             ] GC(1288) Concurrent Mark Cycle
[4462.184s][info][gc,marking     ] GC(1288) Concurrent Scan Root Regions
[4462.185s][info][gc,cpu         ] GC(1287) User=0.68s Sys=0.00s Real=0.11s
[4462.322s][info][gc,marking     ] GC(1288) Concurrent Scan Root Regions 137.406ms
[4462.322s][info][gc,marking     ] GC(1288) Concurrent Mark
[4462.322s][info][gc,marking     ] GC(1288) Concurrent Mark From Roots
[4462.322s][info][gc,task        ] GC(1288) Using 2 workers of 2 for marking
.[4463.152s][info][gc,marking     ] GC(1288) Concurrent Mark From Roots 830.234ms
[4463.152s][info][gc,marking     ] GC(1288) Concurrent Preclean
[4463.152s][info][gc,marking     ] GC(1288) Concurrent Preclean 0.146ms
[4463.153s][info][gc,start       ] GC(1288) Pause Remark
[4463.157s][info][gc             ] GC(1288) Pause Remark 2303M->2303M(4096M) 3.183ms
[4463.157s][info][gc,cpu         ] GC(1288) User=0.02s Sys=0.00s Real=0.01s
[4463.157s][info][gc,marking     ] GC(1288) Concurrent Mark 835.154ms
[4463.157s][info][gc,marking     ] GC(1288) Concurrent Rebuild Remembered Sets and Scrub Regions
[4463.428s][info][gc,marking     ] GC(1288) Concurrent Rebuild Remembered Sets and Scrub Regions 270.876ms
[4463.429s][info][gc,start       ] GC(1288) Pause Cleanup
[4463.429s][info][gc             ] GC(1288) Pause Cleanup 2583M->2583M(4096M) 0.109ms
[4463.429s][info][gc,cpu         ] GC(1288) User=0.00s Sys=0.00s Real=0.00s
[4463.429s][info][gc,marking     ] GC(1288) Concurrent Clear Claimed Marks
[4463.429s][info][gc,marking     ] GC(1288) Concurrent Clear Claimed Marks 0.035ms
[4463.429s][info][gc,marking     ] GC(1288) Concurrent Cleanup for Next Mark
[4463.435s][info][gc,marking     ] GC(1288) Concurrent Cleanup for Next Mark 5.556ms
[4463.435s][info][gc             ] GC(1288) Concurrent Mark Cycle 1250.473ms
.[4464.439s][info][gc,start       ] GC(1289) Pause Young (Prepare Mixed) (G1 Evacuation Pause)
[4464.439s][info][gc,task        ] GC(1289) Using 6 workers of 6 for evacuation
[4464.559s][info][gc,phases      ] GC(1289)   Pre Evacuate Collection Set: 0.35ms
[4464.559s][info][gc,phases      ] GC(1289)   Merge Heap Roots: 0.60ms
[4464.559s][info][gc,phases      ] GC(1289)   Evacuate Collection Set: 117.85ms
[4464.559s][info][gc,phases      ] GC(1289)   Post Evacuate Collection Set: 0.94ms
[4464.559s][info][gc,phases      ] GC(1289)   Other: 0.08ms
[4464.559s][info][gc,heap        ] GC(1289) Eden regions: 1120->0(1105)
[4464.559s][info][gc,heap        ] GC(1289) Survivor regions: 108->111(154)
[4464.559s][info][gc,heap        ] GC(1289) Old regions: 505->538
[4464.559s][info][gc,heap        ] GC(1289) Humongous regions: 80->80
[4464.559s][info][gc,metaspace   ] GC(1289) Metaspace: 28906K(29312K)->28906K(29312K) NonClass: 24038K(24256K)->24038K(24256K) Class: 4868K(5056K)->4868K(5056K)
[4464.559s][info][gc             ] GC(1289) Pause Young (Prepare Mixed) (G1 Evacuation Pause) 3623M->1454M(4096M) 119.963ms
[4464.559s][info][gc,cpu         ] GC(1289) User=0.72s Sys=0.00s Real=0.12s
..[4466.674s][info][gc,start       ] GC(1290) Pause Young (Mixed) (G1 Evacuation Pause)
[4466.674s][info][gc,task        ] GC(1290) Using 6 workers of 6 for evacuation
[4466.811s][info][gc,phases      ] GC(1290)   Pre Evacuate Collection Set: 0.39ms
[4466.812s][info][gc,phases      ] GC(1290)   Merge Heap Roots: 0.72ms
[4466.812s][info][gc,phases      ] GC(1290)   Evacuate Collection Set: 134.97ms
[4466.812s][info][gc,phases      ] GC(1290)   Post Evacuate Collection Set: 0.92ms
[4466.812s][info][gc,phases      ] GC(1290)   Other: 0.09ms
[4466.812s][info][gc,heap        ] GC(1290) Eden regions: 1105->0(1116)
[4466.812s][info][gc,heap        ] GC(1290) Survivor regions: 111->112(152)
[4466.812s][info][gc,heap        ] GC(1290) Old regions: 538->472
[4466.812s][info][gc,heap        ] GC(1290) Humongous regions: 80->80
[4466.812s][info][gc,metaspace   ] GC(1290) Metaspace: 28906K(29312K)->28906K(29312K) NonClass: 24038K(24256K)->24038K(24256K) Class: 4868K(5056K)->4868K(5056K)
[4466.812s][info][gc             ] GC(1290) Pause Young (Mixed) (G1 Evacuation Pause) 3664M->1326M(4096M) 137.211ms
[4466.812s][info][gc,cpu         ] GC(1290) User=0.81s Sys=0.00s Real=0.14s
...[4468.983s][info][gc,start       ] GC(1291) Pause Young (Concurrent Start) (G1 Evacuation Pause)
[4468.983s][info][gc,task        ] GC(1291) Using 6 workers of 6 for evacuation
[4469.104s][info][gc,phases      ] GC(1291)   Pre Evacuate Collection Set: 0.33ms
[4469.104s][info][gc,phases      ] GC(1291)   Merge Heap Roots: 0.48ms
[4469.104s][info][gc,phases      ] GC(1291)   Evacuate Collection Set: 118.69ms
[4469.104s][info][gc,phases      ] GC(1291)   Post Evacuate Collection Set: 0.86ms
[4469.104s][info][gc,phases      ] GC(1291)   Other: 0.12ms
[4469.104s][info][gc,heap        ] GC(1291) Eden regions: 1116->0(1116)
[4469.104s][info][gc,heap        ] GC(1291) Survivor regions: 112->112(154)
[4469.104s][info][gc,heap        ] GC(1291) Old regions: 472->506
[4469.104s][info][gc,heap        ] GC(1291) Humongous regions: 80->80
[4469.104s][info][gc,metaspace   ] GC(1291) Metaspace: 28906K(29312K)->28906K(29312K) NonClass: 24038K(24256K)->24038K(24256K) Class: 4868K(5056K)->4868K(5056K)
[4469.104s][info][gc             ] GC(1291) Pause Young (Concurrent Start) (G1 Evacuation Pause) 3558M->1392M(4096M) 120.623ms
[4469.104s][info][gc             ] GC(1292) Concurrent Mark Cycle
[4469.104s][info][gc,marking     ] GC(1292) Concurrent Scan Root Regions
[4469.104s][info][gc,cpu         ] GC(1291) User=0.72s Sys=0.00s Real=0.12s
[4469.275s][info][gc,marking     ] GC(1292) Concurrent Scan Root Regions 171.387ms
[4469.275s][info][gc,marking     ] GC(1292) Concurrent Mark
[4469.275s][info][gc,marking     ] GC(1292) Concurrent Mark From Roots
[4469.275s][info][gc,task        ] GC(1292) Using 2 workers of 2 for marking
.[4470.298s][info][gc,marking     ] GC(1292) Concurrent Mark From Roots 1022.433ms
[4470.298s][info][gc,marking     ] GC(1292) Concurrent Preclean
[4470.298s][info][gc,marking     ] GC(1292) Concurrent Preclean 0.138ms
[4470.298s][info][gc,start       ] GC(1292) Pause Remark
[4470.300s][info][gc             ] GC(1292) Pause Remark 2552M->2552M(4096M) 2.438ms
[4470.301s][info][gc,cpu         ] GC(1292) User=0.01s Sys=0.00s Real=0.00s
[4470.301s][info][gc,marking     ] GC(1292) Concurrent Mark 1025.832ms
[4470.301s][info][gc,marking     ] GC(1292) Concurrent Rebuild Remembered Sets and Scrub Regions
[4470.675s][info][gc,marking     ] GC(1292) Concurrent Rebuild Remembered Sets and Scrub Regions 373.786ms
[4470.675s][info][gc,start       ] GC(1292) Pause Cleanup
[4470.675s][info][gc             ] GC(1292) Pause Cleanup 2964M->2964M(4096M) 0.118ms
[4470.675s][info][gc,cpu         ] GC(1292) User=0.00s Sys=0.00s Real=0.00s
[4470.675s][info][gc,marking     ] GC(1292) Concurrent Clear Claimed Marks
[4470.675s][info][gc,marking     ] GC(1292) Concurrent Clear Claimed Marks 0.026ms
[4470.675s][info][gc,marking     ] GC(1292) Concurrent Cleanup for Next Mark
[4470.680s][info][gc,marking     ] GC(1292) Concurrent Cleanup for Next Mark 4.559ms
[4470.680s][info][gc             ] GC(1292) Concurrent Mark Cycle 1576.133ms
.[4471.330s][info][gc,start       ] GC(1293) Pause Young (Prepare Mixed) (G1 Evacuation Pause)
[4471.330s][info][gc,task        ] GC(1293) Using 6 workers of 6 for evacuation
[4471.445s][info][gc,phases      ] GC(1293)   Pre Evacuate Collection Set: 0.34ms
[4471.445s][info][gc,phases      ] GC(1293)   Merge Heap Roots: 0.51ms
[4471.445s][info][gc,phases      ] GC(1293)   Evacuate Collection Set: 112.95ms
[4471.445s][info][gc,phases      ] GC(1293)   Post Evacuate Collection Set: 0.92ms
[4471.445s][info][gc,phases      ] GC(1293)   Other: 0.08ms
[4471.445s][info][gc,heap        ] GC(1293) Eden regions: 1116->0(1110)
[4471.445s][info][gc,heap        ] GC(1293) Survivor regions: 112->109(154)
[4471.445s][info][gc,heap        ] GC(1293) Old regions: 506->537
[4471.445s][info][gc,heap        ] GC(1293) Humongous regions: 80->80
[4471.445s][info][gc,metaspace   ] GC(1293) Metaspace: 28906K(29312K)->28906K(29312K) NonClass: 24038K(24256K)->24038K(24256K) Class: 4868K(5056K)->4868K(5056K)
[4471.445s][info][gc             ] GC(1293) Pause Young (Prepare Mixed) (G1 Evacuation Pause) 3624M->1450M(4096M) 114.936ms
[4471.445s][info][gc,cpu         ] GC(1293) User=0.68s Sys=0.00s Real=0.12s
..[4473.703s][info][gc,start       ] GC(1294) Pause Young (Mixed) (G1 Evacuation Pause)
[4473.704s][info][gc,task        ] GC(1294) Using 6 workers of 6 for evacuation
[4473.840s][info][gc,phases      ] GC(1294)   Pre Evacuate Collection Set: 0.36ms
[4473.840s][info][gc,phases      ] GC(1294)   Merge Heap Roots: 0.71ms
[4473.840s][info][gc,phases      ] GC(1294)   Evacuate Collection Set: 134.53ms
[4473.840s][info][gc,phases      ] GC(1294)   Post Evacuate Collection Set: 0.97ms
[4473.840s][info][gc,phases      ] GC(1294)   Other: 0.09ms
[4473.840s][info][gc,heap        ] GC(1294) Eden regions: 1110->0(1116)
[4473.840s][info][gc,heap        ] GC(1294) Survivor regions: 109->112(153)
[4473.840s][info][gc,heap        ] GC(1294) Old regions: 537->475
[4473.840s][info][gc,heap        ] GC(1294) Humongous regions: 80->80
[4473.840s][info][gc,metaspace   ] GC(1294) Metaspace: 28906K(29312K)->28906K(29312K) NonClass: 24038K(24256K)->24038K(24256K) Class: 4868K(5056K)->4868K(5056K)
[4473.840s][info][gc             ] GC(1294) Pause Young (Mixed) (G1 Evacuation Pause) 3670M->1331M(4096M) 136.782ms
[4473.840s][info][gc,cpu         ] GC(1294) User=0.81s Sys=0.00s Real=0.14s
...[4476.043s][info][gc,start       ] GC(1295) Pause Young (Concurrent Start) (G1 Evacuation Pause)
[4476.043s][info][gc,task        ] GC(1295) Using 6 workers of 6 for evacuation
[4476.165s][info][gc,phases      ] GC(1295)   Pre Evacuate Collection Set: 0.39ms
[4476.165s][info][gc,phases      ] GC(1295)   Merge Heap Roots: 0.48ms
[4476.165s][info][gc,phases      ] GC(1295)   Evacuate Collection Set: 120.34ms
[4476.165s][info][gc,phases      ] GC(1295)   Post Evacuate Collection Set: 0.86ms
[4476.165s][info][gc,phases      ] GC(1295)   Other: 0.11ms
[4476.165s][info][gc,heap        ] GC(1295) Eden regions: 1116->0(1115)
[4476.165s][info][gc,heap        ] GC(1295) Survivor regions: 112->113(154)
[4476.165s][info][gc,heap        ] GC(1295) Old regions: 475->507
[4476.165s][info][gc,heap        ] GC(1295) Humongous regions: 80->80
[4476.165s][info][gc,metaspace   ] GC(1295) Metaspace: 28906K(29312K)->28906K(29312K) NonClass: 24038K(24256K)->24038K(24256K) Class: 4868K(5056K)->4868K(5056K)
[4476.165s][info][gc             ] GC(1295) Pause Young (Concurrent Start) (G1 Evacuation Pause) 3563M->1397M(4096M) 122.320ms
[4476.165s][info][gc             ] GC(1296) Concurrent Mark Cycle
[4476.165s][info][gc,marking     ] GC(1296) Concurrent Scan Root Regions
[4476.165s][info][gc,cpu         ] GC(1295) User=0.73s Sys=0.00s Real=0.13s
[4476.410s][info][gc,marking     ] GC(1296) Concurrent Scan Root Regions 244.817ms
[4476.410s][info][gc,marking     ] GC(1296) Concurrent Mark
[4476.410s][info][gc,marking     ] GC(1296) Concurrent Mark From Roots
[4476.410s][info][gc,task        ] GC(1296) Using 2 workers of 2 for marking
.[4477.207s][info][gc,marking     ] GC(1296) Concurrent Mark From Roots 796.800ms
[4477.207s][info][gc,marking     ] GC(1296) Concurrent Preclean
[4477.207s][info][gc,marking     ] GC(1296) Concurrent Preclean 0.109ms
[4477.207s][info][gc,start       ] GC(1296) Pause Remark
[4477.211s][info][gc             ] GC(1296) Pause Remark 2433M->2433M(4096M) 3.850ms
[4477.211s][info][gc,cpu         ] GC(1296) User=0.03s Sys=0.00s Real=0.00s
[4477.211s][info][gc,marking     ] GC(1296) Concurrent Mark 801.063ms
[4477.211s][info][gc,marking     ] GC(1296) Concurrent Rebuild Remembered Sets and Scrub Regions
[4477.472s][info][gc,marking     ] GC(1296) Concurrent Rebuild Remembered Sets and Scrub Regions 260.858ms
[4477.473s][info][gc,start       ] GC(1296) Pause Cleanup
[4477.473s][info][gc             ] GC(1296) Pause Cleanup 2672M->2672M(4096M) 0.120ms
[4477.473s][info][gc,cpu         ] GC(1296) User=0.00s Sys=0.00s Real=0.00s
[4477.473s][info][gc,marking     ] GC(1296) Concurrent Clear Claimed Marks
[4477.473s][info][gc,marking     ] GC(1296) Concurrent Clear Claimed Marks 0.033ms
[4477.473s][info][gc,marking     ] GC(1296) Concurrent Cleanup for Next Mark
[4477.478s][info][gc,marking     ] GC(1296) Concurrent Cleanup for Next Mark 5.033ms
[4477.478s][info][gc             ] GC(1296) Concurrent Mark Cycle 1312.960ms
.[4478.355s][info][gc,start       ] GC(1297) Pause Young (Prepare Mixed) (G1 Evacuation Pause)
[4478.355s][info][gc,task        ] GC(1297) Using 6 workers of 6 for evacuation
[4478.472s][info][gc,phases      ] GC(1297)   Pre Evacuate Collection Set: 0.35ms
[4478.472s][info][gc,phases      ] GC(1297)   Merge Heap Roots: 0.55ms
[4478.472s][info][gc,phases      ] GC(1297)   Evacuate Collection Set: 114.61ms
[4478.472s][info][gc,phases      ] GC(1297)   Post Evacuate Collection Set: 0.97ms
[4478.472s][info][gc,phases      ] GC(1297)   Other: 0.09ms
[4478.472s][info][gc,heap        ] GC(1297) Eden regions: 1115->0(1110)
[4478.472s][info][gc,heap        ] GC(1297) Survivor regions: 113->108(154)
[4478.472s][info][gc,heap        ] GC(1297) Old regions: 507->539
[4478.472s][info][gc,heap        ] GC(1297) Humongous regions: 80->80
[4478.472s][info][gc,metaspace   ] GC(1297) Metaspace: 28906K(29312K)->28906K(29312K) NonClass: 24038K(24256K)->24038K(24256K) Class: 4868K(5056K)->4868K(5056K)
[4478.472s][info][gc             ] GC(1297) Pause Young (Prepare Mixed) (G1 Evacuation Pause) 3627M->1451M(4096M) 116.708ms
[4478.472s][info][gc,cpu         ] GC(1297) User=0.70s Sys=0.00s Real=0.11s
..[4480.656s][info][gc,start       ] GC(1298) Pause Young (Mixed) (G1 Evacuation Pause)
[4480.656s][info][gc,task        ] GC(1298) Using 6 workers of 6 for evacuation
[4480.791s][info][gc,phases      ] GC(1298)   Pre Evacuate Collection Set: 0.40ms
[4480.791s][info][gc,phases      ] GC(1298)   Merge Heap Roots: 0.76ms
[4480.791s][info][gc,phases      ] GC(1298)   Evacuate Collection Set: 133.01ms
[4480.791s][info][gc,phases      ] GC(1298)   Post Evacuate Collection Set: 0.94ms
[4480.791s][info][gc,phases      ] GC(1298)   Other: 0.08ms
[4480.791s][info][gc,heap        ] GC(1298) Eden regions: 1110->0(1117)
[4480.791s][info][gc,heap        ] GC(1298) Survivor regions: 108->111(153)
[4480.791s][info][gc,heap        ] GC(1298) Old regions: 539->473
[4480.791s][info][gc,heap        ] GC(1298) Humongous regions: 80->80
[4480.791s][info][gc,metaspace   ] GC(1298) Metaspace: 28906K(29312K)->28906K(29312K) NonClass: 24038K(24256K)->24038K(24256K) Class: 4868K(5056K)->4868K(5056K)
[4480.791s][info][gc             ] GC(1298) Pause Young (Mixed) (G1 Evacuation Pause) 3671M->1325M(4096M) 135.336ms
[4480.791s][info][gc,cpu         ] GC(1298) User=0.81s Sys=0.00s Real=0.13s
...[4483.055s][info][gc,start       ] GC(1299) Pause Young (Concurrent Start) (G1 Evacuation Pause)
[4483.055s][info][gc,task        ] GC(1299) Using 6 workers of 6 for evacuation
[4483.170s][info][gc,phases      ] GC(1299)   Pre Evacuate Collection Set: 0.38ms
[4483.170s][info][gc,phases      ] GC(1299)   Merge Heap Roots: 0.51ms
[4483.170s][info][gc,phases      ] GC(1299)   Evacuate Collection Set: 113.49ms
[4483.170s][info][gc,phases      ] GC(1299)   Post Evacuate Collection Set: 0.87ms
[4483.170s][info][gc,phases      ] GC(1299)   Other: 0.12ms
[4483.170s][info][gc,heap        ] GC(1299) Eden regions: 1117->0(1121)
[4483.170s][info][gc,heap        ] GC(1299) Survivor regions: 111->107(154)
[4483.170s][info][gc,heap        ] GC(1299) Old regions: 473->505
[4483.170s][info][gc,heap        ] GC(1299) Humongous regions: 80->80
[4483.170s][info][gc,metaspace   ] GC(1299) Metaspace: 28906K(29312K)->28906K(29312K) NonClass: 24038K(24256K)->24038K(24256K) Class: 4868K(5056K)->4868K(5056K)
[4483.170s][info][gc             ] GC(1299) Pause Young (Concurrent Start) (G1 Evacuation Pause) 3559M->1382M(4096M) 115.502ms
[4483.170s][info][gc             ] GC(1300) Concurrent Mark Cycle
[4483.170s][info][gc,marking     ] GC(1300) Concurrent Scan Root Regions
[4483.170s][info][gc,cpu         ] GC(1299) User=0.69s Sys=0.00s Real=0.11s
[4483.341s][info][gc,marking     ] GC(1300) Concurrent Scan Root Regions 170.706ms
[4483.341s][info][gc,marking     ] GC(1300) Concurrent Mark
[4483.341s][info][gc,marking     ] GC(1300) Concurrent Mark From Roots
[4483.341s][info][gc,task        ] GC(1300) Using 2 workers of 2 for marking
.[4484.320s][info][gc,marking     ] GC(1300) Concurrent Mark From Roots 978.908ms
[4484.320s][info][gc,marking     ] GC(1300) Concurrent Preclean
[4484.320s][info][gc,marking     ] GC(1300) Concurrent Preclean 0.131ms
[4484.323s][info][gc,start       ] GC(1300) Pause Remark
[4484.326s][info][gc             ] GC(1300) Pause Remark 2474M->2474M(4096M) 3.695ms
[4484.327s][info][gc,cpu         ] GC(1300) User=0.02s Sys=0.00s Real=0.01s
[4484.327s][info][gc,marking     ] GC(1300) Concurrent Mark 985.429ms
[4484.327s][info][gc,marking     ] GC(1300) Concurrent Rebuild Remembered Sets and Scrub Regions
[4484.701s][info][gc,marking     ] GC(1300) Concurrent Rebuild Remembered Sets and Scrub Regions 374.260ms
[4484.701s][info][gc,start       ] GC(1300) Pause Cleanup
[4484.701s][info][gc             ] GC(1300) Pause Cleanup 2919M->2919M(4096M) 0.116ms
[4484.701s][info][gc,cpu         ] GC(1300) User=0.00s Sys=0.00s Real=0.00s
[4484.701s][info][gc,marking     ] GC(1300) Concurrent Clear Claimed Marks
[4484.701s][info][gc,marking     ] GC(1300) Concurrent Clear Claimed Marks 0.027ms
[4484.701s][info][gc,marking     ] GC(1300) Concurrent Cleanup for Next Mark
[4484.708s][info][gc,marking     ] GC(1300) Concurrent Cleanup for Next Mark 7.138ms
[4484.708s][info][gc             ] GC(1300) Concurrent Mark Cycle 1538.119ms
.[4485.451s][info][gc,start       ] GC(1301) Pause Young (Prepare Mixed) (G1 Evacuation Pause)
[4485.451s][info][gc,task        ] GC(1301) Using 6 workers of 6 for evacuation
[4485.568s][info][gc,phases      ] GC(1301)   Pre Evacuate Collection Set: 0.34ms
[4485.568s][info][gc,phases      ] GC(1301)   Merge Heap Roots: 0.54ms
[4485.568s][info][gc,phases      ] GC(1301)   Evacuate Collection Set: 115.36ms
[4485.568s][info][gc,phases      ] GC(1301)   Post Evacuate Collection Set: 0.93ms
[4485.568s][info][gc,phases      ] GC(1301)   Other: 0.09ms
[4485.568s][info][gc,heap        ] GC(1301) Eden regions: 1121->0(1109)
[4485.568s][info][gc,heap        ] GC(1301) Survivor regions: 107->109(154)
[4485.568s][info][gc,heap        ] GC(1301) Old regions: 505->538
[4485.568s][info][gc,heap        ] GC(1301) Humongous regions: 80->80
[4485.568s][info][gc,metaspace   ] GC(1301) Metaspace: 28906K(29312K)->28906K(29312K) NonClass: 24038K(24256K)->24038K(24256K) Class: 4868K(5056K)->4868K(5056K)
[4485.568s][info][gc             ] GC(1301) Pause Young (Prepare Mixed) (G1 Evacuation Pause) 3624M->1451M(4096M) 117.405ms
[4485.568s][info][gc,cpu         ] GC(1301) User=0.70s Sys=0.00s Real=0.12s
..[4487.742s][info][gc,start       ] GC(1302) Pause Young (Mixed) (G1 Evacuation Pause)
[4487.742s][info][gc,task        ] GC(1302) Using 6 workers of 6 for evacuation
[4487.879s][info][gc,phases      ] GC(1302)   Pre Evacuate Collection Set: 0.33ms
[4487.879s][info][gc,phases      ] GC(1302)   Merge Heap Roots: 0.79ms
[4487.879s][info][gc,phases      ] GC(1302)   Evacuate Collection Set: 134.09ms
[4487.879s][info][gc,phases      ] GC(1302)   Post Evacuate Collection Set: 0.95ms
[4487.879s][info][gc,phases      ] GC(1302)   Other: 0.08ms
[4487.879s][info][gc,heap        ] GC(1302) Eden regions: 1109->0(1117)
[4487.879s][info][gc,heap        ] GC(1302) Survivor regions: 109->111(153)
[4487.879s][info][gc,heap        ] GC(1302) Old regions: 538->475
[4487.879s][info][gc,heap        ] GC(1302) Humongous regions: 80->80
[4487.879s][info][gc,metaspace   ] GC(1302) Metaspace: 28906K(29312K)->28906K(29312K) NonClass: 24038K(24256K)->24038K(24256K) Class: 4868K(5056K)->4868K(5056K)
[4487.879s][info][gc             ] GC(1302) Pause Young (Mixed) (G1 Evacuation Pause) 3669M->1329M(4096M) 136.382ms
[4487.879s][info][gc,cpu         ] GC(1302) User=0.81s Sys=0.00s Real=0.14s
...[4490.026s][info][gc,start       ] GC(1303) Pause Young (Concurrent Start) (G1 Evacuation Pause)
[4490.027s][info][gc,task        ] GC(1303) Using 6 workers of 6 for evacuation
[4490.144s][info][gc,phases      ] GC(1303)   Pre Evacuate Collection Set: 0.39ms
[4490.144s][info][gc,phases      ] GC(1303)   Merge Heap Roots: 0.46ms
[4490.144s][info][gc,phases      ] GC(1303)   Evacuate Collection Set: 115.20ms
[4490.144s][info][gc,phases      ] GC(1303)   Post Evacuate Collection Set: 0.88ms
[4490.144s][info][gc,phases      ] GC(1303)   Other: 0.10ms
[4490.144s][info][gc,heap        ] GC(1303) Eden regions: 1117->0(1117)
[4490.144s][info][gc,heap        ] GC(1303) Survivor regions: 111->111(154)
[4490.144s][info][gc,heap        ] GC(1303) Old regions: 475->506
[4490.144s][info][gc,heap        ] GC(1303) Humongous regions: 80->80
[4490.144s][info][gc,metaspace   ] GC(1303) Metaspace: 28906K(29312K)->28906K(29312K) NonClass: 24038K(24256K)->24038K(24256K) Class: 4868K(5056K)->4868K(5056K)
[4490.144s][info][gc             ] GC(1303) Pause Young (Concurrent Start) (G1 Evacuation Pause) 3563M->1391M(4096M) 117.167ms
[4490.144s][info][gc             ] GC(1304) Concurrent Mark Cycle
[4490.144s][info][gc,marking     ] GC(1304) Concurrent Scan Root Regions
[4490.144s][info][gc,cpu         ] GC(1303) User=0.70s Sys=0.00s Real=0.11s
[4490.278s][info][gc,marking     ] GC(1304) Concurrent Scan Root Regions 134.554ms
[4490.278s][info][gc,marking     ] GC(1304) Concurrent Mark
[4490.278s][info][gc,marking     ] GC(1304) Concurrent Mark From Roots
[4490.278s][info][gc,task        ] GC(1304) Using 2 workers of 2 for marking
.[4490.983s][info][gc,marking     ] GC(1304) Concurrent Mark From Roots 704.702ms
[4490.984s][info][gc,marking     ] GC(1304) Concurrent Preclean
[4490.984s][info][gc,marking     ] GC(1304) Concurrent Preclean 0.116ms
[4490.984s][info][gc,start       ] GC(1304) Pause Remark
[4490.987s][info][gc             ] GC(1304) Pause Remark 2139M->2139M(4096M) 2.705ms
[4490.987s][info][gc,cpu         ] GC(1304) User=0.01s Sys=0.00s Real=0.01s
[4490.990s][info][gc,marking     ] GC(1304) Concurrent Mark 711.197ms
[4490.990s][info][gc,marking     ] GC(1304) Concurrent Rebuild Remembered Sets and Scrub Regions
[4491.267s][info][gc,marking     ] GC(1304) Concurrent Rebuild Remembered Sets and Scrub Regions 277.107ms
[4491.270s][info][gc,start       ] GC(1304) Pause Cleanup
[4491.270s][info][gc             ] GC(1304) Pause Cleanup 2433M->2433M(4096M) 0.140ms
[4491.270s][info][gc,cpu         ] GC(1304) User=0.00s Sys=0.00s Real=0.00s
[4491.270s][info][gc,marking     ] GC(1304) Concurrent Clear Claimed Marks
[4491.270s][info][gc,marking     ] GC(1304) Concurrent Clear Claimed Marks 0.036ms
[4491.270s][info][gc,marking     ] GC(1304) Concurrent Cleanup for Next Mark
[4491.276s][info][gc,marking     ] GC(1304) Concurrent Cleanup for Next Mark 6.072ms
[4491.276s][info][gc             ] GC(1304) Concurrent Mark Cycle 1132.526ms
.[4492.388s][info][gc,start       ] GC(1305) Pause Young (Prepare Mixed) (G1 Evacuation Pause)
[4492.388s][info][gc,task        ] GC(1305) Using 6 workers of 6 for evacuation
[4492.507s][info][gc,phases      ] GC(1305)   Pre Evacuate Collection Set: 0.31ms
[4492.507s][info][gc,phases      ] GC(1305)   Merge Heap Roots: 0.50ms
[4492.507s][info][gc,phases      ] GC(1305)   Evacuate Collection Set: 117.47ms
[4492.507s][info][gc,phases      ] GC(1305)   Post Evacuate Collection Set: 0.94ms
[4492.507s][info][gc,phases      ] GC(1305)   Other: 0.09ms
[4492.507s][info][gc,heap        ] GC(1305) Eden regions: 1117->0(1103)
[4492.507s][info][gc,heap        ] GC(1305) Survivor regions: 111->112(154)
[4492.507s][info][gc,heap        ] GC(1305) Old regions: 506->538
[4492.507s][info][gc,heap        ] GC(1305) Humongous regions: 80->80
[4492.507s][info][gc,metaspace   ] GC(1305) Metaspace: 28906K(29312K)->28906K(29312K) NonClass: 24038K(24256K)->24038K(24256K) Class: 4868K(5056K)->4868K(5056K)
[4492.507s][info][gc             ] GC(1305) Pause Young (Prepare Mixed) (G1 Evacuation Pause) 3625M->1457M(4096M) 119.450ms
[4492.507s][info][gc,cpu         ] GC(1305) User=0.71s Sys=0.00s Real=0.12s
..[4494.700s][info][gc,start       ] GC(1306) Pause Young (Mixed) (G1 Evacuation Pause)
[4494.700s][info][gc,task        ] GC(1306) Using 6 workers of 6 for evacuation
[4494.840s][info][gc,phases      ] GC(1306)   Pre Evacuate Collection Set: 0.37ms
[4494.840s][info][gc,phases      ] GC(1306)   Merge Heap Roots: 0.79ms
[4494.840s][info][gc,phases      ] GC(1306)   Evacuate Collection Set: 137.60ms
[4494.840s][info][gc,phases      ] GC(1306)   Post Evacuate Collection Set: 0.96ms
[4494.840s][info][gc,phases      ] GC(1306)   Other: 0.09ms
[4494.840s][info][gc,heap        ] GC(1306) Eden regions: 1103->0(1117)
[4494.840s][info][gc,heap        ] GC(1306) Survivor regions: 112->111(152)
[4494.840s][info][gc,heap        ] GC(1306) Old regions: 538->475
[4494.840s][info][gc,heap        ] GC(1306) Humongous regions: 80->80
[4494.840s][info][gc,metaspace   ] GC(1306) Metaspace: 28906K(29312K)->28906K(29312K) NonClass: 24038K(24256K)->24038K(24256K) Class: 4868K(5056K)->4868K(5056K)
[4494.840s][info][gc             ] GC(1306) Pause Young (Mixed) (G1 Evacuation Pause) 3663M->1329M(4096M) 139.960ms
[4494.840s][info][gc,cpu         ] GC(1306) User=0.84s Sys=0.00s Real=0.14s
..[4497.016s][info][gc,start       ] GC(1307) Pause Young (Concurrent Start) (G1 Evacuation Pause)
[4497.016s][info][gc,task        ] GC(1307) Using 6 workers of 6 for evacuation
[4497.133s][info][gc,phases      ] GC(1307)   Pre Evacuate Collection Set: 0.39ms
[4497.133s][info][gc,phases      ] GC(1307)   Merge Heap Roots: 0.48ms
[4497.133s][info][gc,phases      ] GC(1307)   Evacuate Collection Set: 115.33ms
[4497.133s][info][gc,phases      ] GC(1307)   Post Evacuate Collection Set: 0.87ms
[4497.133s][info][gc,phases      ] GC(1307)   Other: 0.12ms
[4497.133s][info][gc,heap        ] GC(1307) Eden regions: 1117->0(1117)
[4497.133s][info][gc,heap        ] GC(1307) Survivor regions: 111->111(154)
[4497.133s][info][gc,heap        ] GC(1307) Old regions: 475->506
[4497.133s][info][gc,heap        ] GC(1307) Humongous regions: 80->80
[4497.133s][info][gc,metaspace   ] GC(1307) Metaspace: 28906K(29312K)->28906K(29312K) NonClass: 24038K(24256K)->24038K(24256K) Class: 4868K(5056K)->4868K(5056K)
[4497.133s][info][gc             ] GC(1307) Pause Young (Concurrent Start) (G1 Evacuation Pause) 3563M->1391M(4096M) 117.348ms
[4497.133s][info][gc             ] GC(1308) Concurrent Mark Cycle
[4497.133s][info][gc,marking     ] GC(1308) Concurrent Scan Root Regions
[4497.133s][info][gc,cpu         ] GC(1307) User=0.69s Sys=0.00s Real=0.11s
.[4497.300s][info][gc,marking     ] GC(1308) Concurrent Scan Root Regions 166.875ms
[4497.300s][info][gc,marking     ] GC(1308) Concurrent Mark
[4497.300s][info][gc,marking     ] GC(1308) Concurrent Mark From Roots
[4497.300s][info][gc,task        ] GC(1308) Using 2 workers of 2 for marking
.[4498.385s][info][gc,marking     ] GC(1308) Concurrent Mark From Roots 1084.796ms
[4498.385s][info][gc,marking     ] GC(1308) Concurrent Preclean
[4498.385s][info][gc,marking     ] GC(1308) Concurrent Preclean 0.136ms
[4498.386s][info][gc,start       ] GC(1308) Pause Remark
[4498.389s][info][gc             ] GC(1308) Pause Remark 2665M->2665M(4096M) 3.600ms
[4498.389s][info][gc,cpu         ] GC(1308) User=0.02s Sys=0.00s Real=0.00s
[4498.390s][info][gc,marking     ] GC(1308) Concurrent Mark 1090.341ms
[4498.390s][info][gc,marking     ] GC(1308) Concurrent Rebuild Remembered Sets and Scrub Regions
[4498.755s][info][gc,marking     ] GC(1308) Concurrent Rebuild Remembered Sets and Scrub Regions 364.675ms
[4498.756s][info][gc,start       ] GC(1308) Pause Cleanup
[4498.756s][info][gc             ] GC(1308) Pause Cleanup 3011M->3011M(4096M) 0.112ms
[4498.756s][info][gc,cpu         ] GC(1308) User=0.00s Sys=0.00s Real=0.00s
[4498.756s][info][gc,marking     ] GC(1308) Concurrent Clear Claimed Marks
[4498.756s][info][gc,marking     ] GC(1308) Concurrent Clear Claimed Marks 0.032ms
[4498.756s][info][gc,marking     ] GC(1308) Concurrent Cleanup for Next Mark
[4498.761s][info][gc,marking     ] GC(1308) Concurrent Cleanup for Next Mark 4.968ms
[4498.761s][info][gc             ] GC(1308) Concurrent Mark Cycle 1627.931ms
.[4499.412s][info][gc,start       ] GC(1309) Pause Young (Prepare Mixed) (G1 Evacuation Pause)
[4499.412s][info][gc,task        ] GC(1309) Using 6 workers of 6 for evacuation
[4499.532s][info][gc,phases      ] GC(1309)   Pre Evacuate Collection Set: 0.32ms
[4499.532s][info][gc,phases      ] GC(1309)   Merge Heap Roots: 0.53ms
[4499.532s][info][gc,phases      ] GC(1309)   Evacuate Collection Set: 118.80ms
[4499.532s][info][gc,phases      ] GC(1309)   Post Evacuate Collection Set: 0.91ms
[4499.532s][info][gc,phases      ] GC(1309)   Other: 0.08ms
[4499.532s][info][gc,heap        ] GC(1309) Eden regions: 1117->0(1103)
[4499.532s][info][gc,heap        ] GC(1309) Survivor regions: 111->112(154)
[4499.532s][info][gc,heap        ] GC(1309) Old regions: 506->538
[4499.532s][info][gc,heap        ] GC(1309) Humongous regions: 80->80
[4499.533s][info][gc,metaspace   ] GC(1309) Metaspace: 28906K(29312K)->28906K(29312K) NonClass: 24038K(24256K)->24038K(24256K) Class: 4868K(5056K)->4868K(5056K)
[4499.533s][info][gc             ] GC(1309) Pause Young (Prepare Mixed) (G1 Evacuation Pause) 3625M->1457M(4096M) 120.768ms
[4499.533s][info][gc,cpu         ] GC(1309) User=0.72s Sys=0.00s Real=0.12s
..[4501.739s][info][gc,start       ] GC(1310) Pause Young (Mixed) (G1 Evacuation Pause)
[4501.739s][info][gc,task        ] GC(1310) Using 6 workers of 6 for evacuation
[4501.876s][info][gc,phases      ] GC(1310)   Pre Evacuate Collection Set: 0.36ms
[4501.876s][info][gc,phases      ] GC(1310)   Merge Heap Roots: 0.67ms
[4501.876s][info][gc,phases      ] GC(1310)   Evacuate Collection Set: 135.11ms
[4501.876s][info][gc,phases      ] GC(1310)   Post Evacuate Collection Set: 0.94ms
[4501.876s][info][gc,phases      ] GC(1310)   Other: 0.08ms
[4501.876s][info][gc,heap        ] GC(1310) Eden regions: 1103->0(1115)
[4501.876s][info][gc,heap        ] GC(1310) Survivor regions: 112->113(152)
[4501.876s][info][gc,heap        ] GC(1310) Old regions: 538->473
[4501.876s][info][gc,heap        ] GC(1310) Humongous regions: 80->80
[4501.876s][info][gc,metaspace   ] GC(1310) Metaspace: 28906K(29312K)->28906K(29312K) NonClass: 24038K(24256K)->24038K(24256K) Class: 4868K(5056K)->4868K(5056K)
[4501.876s][info][gc             ] GC(1310) Pause Young (Mixed) (G1 Evacuation Pause) 3663M->1330M(4096M) 137.300ms
[4501.876s][info][gc,cpu         ] GC(1310) User=0.82s Sys=0.00s Real=0.14s
..[4504.129s][info][gc,start       ] GC(1311) Pause Young (Concurrent Start) (G1 Evacuation Pause)
[4504.129s][info][gc,task        ] GC(1311) Using 6 workers of 6 for evacuation
[4504.242s][info][gc,phases      ] GC(1311)   Pre Evacuate Collection Set: 0.40ms
[4504.242s][info][gc,phases      ] GC(1311)   Merge Heap Roots: 0.45ms
[4504.242s][info][gc,phases      ] GC(1311)   Evacuate Collection Set: 111.39ms
[4504.242s][info][gc,phases      ] GC(1311)   Post Evacuate Collection Set: 0.86ms
[4504.242s][info][gc,phases      ] GC(1311)   Other: 0.12ms
[4504.242s][info][gc,heap        ] GC(1311) Eden regions: 1115->0(1122)
[4504.242s][info][gc,heap        ] GC(1311) Survivor regions: 113->106(154)
[4504.242s][info][gc,heap        ] GC(1311) Old regions: 473->506
[4504.242s][info][gc,heap        ] GC(1311) Humongous regions: 80->80
[4504.242s][info][gc,metaspace   ] GC(1311) Metaspace: 28906K(29312K)->28906K(29312K) NonClass: 24038K(24256K)->24038K(24256K) Class: 4868K(5056K)->4868K(5056K)
[4504.242s][info][gc             ] GC(1311) Pause Young (Concurrent Start) (G1 Evacuation Pause) 3560M->1381M(4096M) 113.357ms
[4504.242s][info][gc             ] GC(1312) Concurrent Mark Cycle
[4504.242s][info][gc,marking     ] GC(1312) Concurrent Scan Root Regions
[4504.242s][info][gc,cpu         ] GC(1311) User=0.67s Sys=0.00s Real=0.11s
.[4504.432s][info][gc,marking     ] GC(1312) Concurrent Scan Root Regions 189.464ms
[4504.432s][info][gc,marking     ] GC(1312) Concurrent Mark
[4504.432s][info][gc,marking     ] GC(1312) Concurrent Mark From Roots
[4504.432s][info][gc,task        ] GC(1312) Using 2 workers of 2 for marking
.[4505.423s][info][gc,marking     ] GC(1312) Concurrent Mark From Roots 991.508ms
[4505.424s][info][gc,marking     ] GC(1312) Concurrent Preclean
[4505.424s][info][gc,marking     ] GC(1312) Concurrent Preclean 0.140ms
[4505.426s][info][gc,start       ] GC(1312) Pause Remark
[4505.430s][info][gc             ] GC(1312) Pause Remark 2551M->2551M(4096M) 3.829ms
[4505.430s][info][gc,cpu         ] GC(1312) User=0.02s Sys=0.00s Real=0.00s
[4505.432s][info][gc,marking     ] GC(1312) Concurrent Mark 999.725ms
[4505.432s][info][gc,marking     ] GC(1312) Concurrent Rebuild Remembered Sets and Scrub Regions
[4505.714s][info][gc,marking     ] GC(1312) Concurrent Rebuild Remembered Sets and Scrub Regions 282.529ms
[4505.714s][info][gc,start       ] GC(1312) Pause Cleanup
[4505.714s][info][gc             ] GC(1312) Pause Cleanup 2804M->2804M(4096M) 0.101ms
[4505.714s][info][gc,cpu         ] GC(1312) User=0.00s Sys=0.00s Real=0.00s
[4505.715s][info][gc,marking     ] GC(1312) Concurrent Clear Claimed Marks
[4505.715s][info][gc,marking     ] GC(1312) Concurrent Clear Claimed Marks 0.023ms
[4505.715s][info][gc,marking     ] GC(1312) Concurrent Cleanup for Next Mark
[4505.720s][info][gc,marking     ] GC(1312) Concurrent Cleanup for Next Mark 5.376ms
[4505.720s][info][gc             ] GC(1312) Concurrent Mark Cycle 1477.653ms
.[4506.498s][info][gc,start       ] GC(1313) Pause Young (Prepare Mixed) (G1 Evacuation Pause)
[4506.498s][info][gc,task        ] GC(1313) Using 6 workers of 6 for evacuation
[4506.619s][info][gc,phases      ] GC(1313)   Pre Evacuate Collection Set: 0.32ms
[4506.619s][info][gc,phases      ] GC(1313)   Merge Heap Roots: 0.53ms
[4506.619s][info][gc,phases      ] GC(1313)   Evacuate Collection Set: 118.90ms
[4506.619s][info][gc,phases      ] GC(1313)   Post Evacuate Collection Set: 0.91ms
[4506.619s][info][gc,phases      ] GC(1313)   Other: 0.09ms
[4506.619s][info][gc,heap        ] GC(1313) Eden regions: 1122->0(1102)
[4506.619s][info][gc,heap        ] GC(1313) Survivor regions: 106->113(154)
[4506.619s][info][gc,heap        ] GC(1313) Old regions: 506->537
[4506.619s][info][gc,heap        ] GC(1313) Humongous regions: 80->80
[4506.619s][info][gc,metaspace   ] GC(1313) Metaspace: 28906K(29312K)->28906K(29312K) NonClass: 24038K(24256K)->24038K(24256K) Class: 4868K(5056K)->4868K(5056K)
[4506.619s][info][gc             ] GC(1313) Pause Young (Prepare Mixed) (G1 Evacuation Pause) 3625M->1458M(4096M) 120.907ms
[4506.619s][info][gc,cpu         ] GC(1313) User=0.72s Sys=0.00s Real=0.12s
..[4508.758s][info][gc,start       ] GC(1314) Pause Young (Mixed) (G1 Evacuation Pause)
[4508.758s][info][gc,task        ] GC(1314) Using 6 workers of 6 for evacuation
[4508.899s][info][gc,phases      ] GC(1314)   Pre Evacuate Collection Set: 0.35ms
[4508.899s][info][gc,phases      ] GC(1314)   Merge Heap Roots: 0.81ms
[4508.899s][info][gc,phases      ] GC(1314)   Evacuate Collection Set: 139.00ms
[4508.899s][info][gc,phases      ] GC(1314)   Post Evacuate Collection Set: 0.95ms
[4508.899s][info][gc,phases      ] GC(1314)   Other: 0.09ms
[4508.899s][info][gc,heap        ] GC(1314) Eden regions: 1102->0(1113)
[4508.899s][info][gc,heap        ] GC(1314) Survivor regions: 113->115(152)
[4508.899s][info][gc,heap        ] GC(1314) Old regions: 537->474
[4508.899s][info][gc,heap        ] GC(1314) Humongous regions: 80->80
[4508.899s][info][gc,metaspace   ] GC(1314) Metaspace: 28906K(29312K)->28906K(29312K) NonClass: 24038K(24256K)->24038K(24256K) Class: 4868K(5056K)->4868K(5056K)
[4508.899s][info][gc             ] GC(1314) Pause Young (Mixed) (G1 Evacuation Pause) 3662M->1335M(4096M) 141.325ms
[4508.899s][info][gc,cpu         ] GC(1314) User=0.85s Sys=0.00s Real=0.14s
..[4511.113s][info][gc,start       ] GC(1315) Pause Young (Concurrent Start) (G1 Evacuation Pause)
[4511.113s][info][gc,task        ] GC(1315) Using 6 workers of 6 for evacuation
[4511.227s][info][gc,phases      ] GC(1315)   Pre Evacuate Collection Set: 0.35ms
[4511.227s][info][gc,phases      ] GC(1315)   Merge Heap Roots: 0.46ms
[4511.227s][info][gc,phases      ] GC(1315)   Evacuate Collection Set: 111.83ms
[4511.227s][info][gc,phases      ] GC(1315)   Post Evacuate Collection Set: 0.88ms
[4511.227s][info][gc,phases      ] GC(1315)   Other: 0.10ms
[4511.227s][info][gc,heap        ] GC(1315) Eden regions: 1113->0(1121)
[4511.227s][info][gc,heap        ] GC(1315) Survivor regions: 115->107(154)
[4511.227s][info][gc,heap        ] GC(1315) Old regions: 474->506
[4511.227s][info][gc,heap        ] GC(1315) Humongous regions: 80->80
[4511.227s][info][gc,metaspace   ] GC(1315) Metaspace: 28906K(29312K)->28906K(29312K) NonClass: 24038K(24256K)->24038K(24256K) Class: 4868K(5056K)->4868K(5056K)
[4511.227s][info][gc             ] GC(1315) Pause Young (Concurrent Start) (G1 Evacuation Pause) 3561M->1383M(4096M) 113.747ms
[4511.227s][info][gc             ] GC(1316) Concurrent Mark Cycle
[4511.227s][info][gc,marking     ] GC(1316) Concurrent Scan Root Regions
[4511.227s][info][gc,cpu         ] GC(1315) User=0.68s Sys=0.00s Real=0.12s
.[4511.360s][info][gc,marking     ] GC(1316) Concurrent Scan Root Regions 132.746ms
[4511.360s][info][gc,marking     ] GC(1316) Concurrent Mark
[4511.360s][info][gc,marking     ] GC(1316) Concurrent Mark From Roots
[4511.360s][info][gc,task        ] GC(1316) Using 2 workers of 2 for marking
[4512.116s][info][gc,marking     ] GC(1316) Concurrent Mark From Roots 755.619ms
[4512.116s][info][gc,marking     ] GC(1316) Concurrent Preclean
[4512.116s][info][gc,marking     ] GC(1316) Concurrent Preclean 0.116ms
[4512.116s][info][gc,start       ] GC(1316) Pause Remark
[4512.119s][info][gc             ] GC(1316) Pause Remark 2229M->2229M(4096M) 2.685ms
[4512.119s][info][gc,cpu         ] GC(1316) User=0.01s Sys=0.00s Real=0.00s
[4512.119s][info][gc,marking     ] GC(1316) Concurrent Mark 758.764ms
[4512.119s][info][gc,marking     ] GC(1316) Concurrent Rebuild Remembered Sets and Scrub Regions
.[4512.406s][info][gc,marking     ] GC(1316) Concurrent Rebuild Remembered Sets and Scrub Regions 286.989ms
[4512.407s][info][gc,start       ] GC(1316) Pause Cleanup
[4512.407s][info][gc             ] GC(1316) Pause Cleanup 2527M->2527M(4096M) 0.133ms
[4512.407s][info][gc,cpu         ] GC(1316) User=0.00s Sys=0.00s Real=0.00s
[4512.407s][info][gc,marking     ] GC(1316) Concurrent Clear Claimed Marks
[4512.408s][info][gc,marking     ] GC(1316) Concurrent Clear Claimed Marks 0.029ms
[4512.408s][info][gc,marking     ] GC(1316) Concurrent Cleanup for Next Mark
[4512.412s][info][gc,marking     ] GC(1316) Concurrent Cleanup for Next Mark 4.541ms
[4512.412s][info][gc             ] GC(1316) Concurrent Mark Cycle 1185.048ms
.[4513.420s][info][gc,start       ] GC(1317) Pause Young (Prepare Mixed) (G1 Evacuation Pause)
[4513.420s][info][gc,task        ] GC(1317) Using 6 workers of 6 for evacuation
[4513.538s][info][gc,phases      ] GC(1317)   Pre Evacuate Collection Set: 0.32ms
[4513.538s][info][gc,phases      ] GC(1317)   Merge Heap Roots: 0.54ms
[4513.538s][info][gc,phases      ] GC(1317)   Evacuate Collection Set: 116.06ms
[4513.538s][info][gc,phases      ] GC(1317)   Post Evacuate Collection Set: 0.94ms
[4513.538s][info][gc,phases      ] GC(1317)   Other: 0.09ms
[4513.538s][info][gc,heap        ] GC(1317) Eden regions: 1121->0(1107)
[4513.538s][info][gc,heap        ] GC(1317) Survivor regions: 107->110(154)
[4513.538s][info][gc,heap        ] GC(1317) Old regions: 506->538
[4513.538s][info][gc,heap        ] GC(1317) Humongous regions: 80->80
[4513.538s][info][gc,metaspace   ] GC(1317) Metaspace: 28906K(29312K)->28906K(29312K) NonClass: 24038K(24256K)->24038K(24256K) Class: 4868K(5056K)->4868K(5056K)
[4513.538s][info][gc             ] GC(1317) Pause Young (Prepare Mixed) (G1 Evacuation Pause) 3625M->1453M(4096M) 118.081ms
[4513.538s][info][gc,cpu         ] GC(1317) User=0.71s Sys=0.00s Real=0.12s
. (rIR:aIR:PR = 8025:8021:8021) (tPR = 117888) [OK] 
  4514s: Performance info:
         Transaction,    Success,    Partial,     Failed,   Receipts, AvgBarcode, 
             Overall,     487376,          0,          0,     462892,      59.47, 
         Response times:
             Request,    Success,    Partial,     Failed,   SkipFail,     Probes,    Samples,      min,      p50,      p90,      p95,      p99,      max, 
       TotalPurchase,     462870,          0,          0,          0,     357511,     426846,      200,     6600,    82000,   116000,   202000,   457000,
     InStorePurchase,     244905,          0,          0,          0,     188335,     224383,      300,     6500,    81000,   116000,   199000,   457000,
      OnlinePurchase,     168912,          0,          0,          0,     131565,     157384,      200,     6800,    83000,   117000,   205000,   371000,
        InstPurchase,      49053,          0,          0,          0,      37611,      45079,      400,     6700,    80000,   116000,   199000,   371000,
          AssocOfCat,        486,          0,          0,          0,        411,        598,    24000,    43000,   157100,   186000,   293040,   398000,
      AssocOfProduct,       4953,          0,          0,          0,       3405,       4225,      600,     6500,    80000,   112000,   197180,   308000,
      BusinessReport,       1220,          0,          0,          0,       1087,       1434,    26000,    49000,   147000,   189250,   268000,   348000,
          CustBuyBeh,       4899,          0,          0,          0,       3321,       4178,      300,     7000,    78000,   110000,   176210,   306000,
       ProductReturn,      12919,          0,          0,          0,       9768,      11938,      200,     6700,    85000,   119000,   204610,   337000,

  4514s: (59%)   IR =   8164 .[4515.793s][info][gc,start       ] GC(1318) Pause Young (Mixed) (G1 Evacuation Pause)
[4515.793s][info][gc,task        ] GC(1318) Using 6 workers of 6 for evacuation
[4515.934s][info][gc,phases      ] GC(1318)   Pre Evacuate Collection Set: 0.36ms
[4515.934s][info][gc,phases      ] GC(1318)   Merge Heap Roots: 0.72ms
[4515.934s][info][gc,phases      ] GC(1318)   Evacuate Collection Set: 138.20ms
[4515.934s][info][gc,phases      ] GC(1318)   Post Evacuate Collection Set: 0.95ms
[4515.934s][info][gc,phases      ] GC(1318)   Other: 0.09ms
[4515.934s][info][gc,heap        ] GC(1318) Eden regions: 1107->0(1116)
[4515.934s][info][gc,heap        ] GC(1318) Survivor regions: 110->112(153)
[4515.934s][info][gc,heap        ] GC(1318) Old regions: 538->475
[4515.934s][info][gc,heap        ] GC(1318) Humongous regions: 80->80
[4515.934s][info][gc,metaspace   ] GC(1318) Metaspace: 28906K(29312K)->28906K(29312K) NonClass: 24038K(24256K)->24038K(24256K) Class: 4868K(5056K)->4868K(5056K)
[4515.934s][info][gc             ] GC(1318) Pause Young (Mixed) (G1 Evacuation Pause) 3667M->1332M(4096M) 140.462ms
[4515.934s][info][gc,cpu         ] GC(1318) User=0.83s Sys=0.01s Real=0.14s
..[4518.077s][info][gc,start       ] GC(1319) Pause Young (Concurrent Start) (G1 Evacuation Pause)
[4518.077s][info][gc,task        ] GC(1319) Using 6 workers of 6 for evacuation
[4518.194s][info][gc,phases      ] GC(1319)   Pre Evacuate Collection Set: 0.40ms
[4518.194s][info][gc,phases      ] GC(1319)   Merge Heap Roots: 0.46ms
[4518.194s][info][gc,phases      ] GC(1319)   Evacuate Collection Set: 115.47ms
[4518.194s][info][gc,phases      ] GC(1319)   Post Evacuate Collection Set: 0.94ms
[4518.194s][info][gc,phases      ] GC(1319)   Other: 0.12ms
[4518.194s][info][gc,heap        ] GC(1319) Eden regions: 1116->0(1119)
[4518.194s][info][gc,heap        ] GC(1319) Survivor regions: 112->109(154)
[4518.194s][info][gc,heap        ] GC(1319) Old regions: 475->507
[4518.194s][info][gc,heap        ] GC(1319) Humongous regions: 80->80
[4518.194s][info][gc,metaspace   ] GC(1319) Metaspace: 28906K(29312K)->28906K(29312K) NonClass: 24038K(24256K)->24038K(24256K) Class: 4868K(5056K)->4868K(5056K)
[4518.194s][info][gc             ] GC(1319) Pause Young (Concurrent Start) (G1 Evacuation Pause) 3564M->1390M(4096M) 117.517ms
[4518.194s][info][gc             ] GC(1320) Concurrent Mark Cycle
[4518.194s][info][gc,marking     ] GC(1320) Concurrent Scan Root Regions
[4518.194s][info][gc,cpu         ] GC(1319) User=0.70s Sys=0.00s Real=0.11s
[4518.365s][info][gc,marking     ] GC(1320) Concurrent Scan Root Regions 170.800ms
[4518.365s][info][gc,marking     ] GC(1320) Concurrent Mark
[4518.365s][info][gc,marking     ] GC(1320) Concurrent Mark From Roots
[4518.365s][info][gc,task        ] GC(1320) Using 2 workers of 2 for marking
.[4519.362s][info][gc,marking     ] GC(1320) Concurrent Mark From Roots 996.317ms
[4519.362s][info][gc,marking     ] GC(1320) Concurrent Preclean
[4519.362s][info][gc,marking     ] GC(1320) Concurrent Preclean 0.145ms
[4519.363s][info][gc,start       ] GC(1320) Pause Remark
[4519.366s][info][gc             ] GC(1320) Pause Remark 2577M->2577M(4096M) 3.017ms
[4519.366s][info][gc,cpu         ] GC(1320) User=0.02s Sys=0.00s Real=0.01s
[4519.366s][info][gc,marking     ] GC(1320) Concurrent Mark 1000.683ms
[4519.366s][info][gc,marking     ] GC(1320) Concurrent Rebuild Remembered Sets and Scrub Regions
.[4519.744s][info][gc,marking     ] GC(1320) Concurrent Rebuild Remembered Sets and Scrub Regions 377.667ms
[4519.744s][info][gc,start       ] GC(1320) Pause Cleanup
[4519.744s][info][gc             ] GC(1320) Pause Cleanup 2991M->2991M(4096M) 0.111ms
[4519.744s][info][gc,cpu         ] GC(1320) User=0.00s Sys=0.00s Real=0.00s
[4519.744s][info][gc,marking     ] GC(1320) Concurrent Clear Claimed Marks
[4519.744s][info][gc,marking     ] GC(1320) Concurrent Clear Claimed Marks 0.026ms
[4519.744s][info][gc,marking     ] GC(1320) Concurrent Cleanup for Next Mark
[4519.749s][info][gc,marking     ] GC(1320) Concurrent Cleanup for Next Mark 4.461ms
[4519.749s][info][gc             ] GC(1320) Concurrent Mark Cycle 1554.178ms
[4520.331s][info][gc,start       ] GC(1321) Pause Young (Prepare Mixed) (G1 Evacuation Pause)
[4520.331s][info][gc,task        ] GC(1321) Using 6 workers of 6 for evacuation
[4520.448s][info][gc,phases      ] GC(1321)   Pre Evacuate Collection Set: 0.36ms
[4520.448s][info][gc,phases      ] GC(1321)   Merge Heap Roots: 0.52ms
[4520.448s][info][gc,phases      ] GC(1321)   Evacuate Collection Set: 114.63ms
[4520.448s][info][gc,phases      ] GC(1321)   Post Evacuate Collection Set: 0.90ms
[4520.448s][info][gc,phases      ] GC(1321)   Other: 0.09ms
[4520.448s][info][gc,heap        ] GC(1321) Eden regions: 1119->0(1110)
[4520.448s][info][gc,heap        ] GC(1321) Survivor regions: 109->108(154)
[4520.448s][info][gc,heap        ] GC(1321) Old regions: 507->539
[4520.448s][info][gc,heap        ] GC(1321) Humongous regions: 80->80
[4520.448s][info][gc,metaspace   ] GC(1321) Metaspace: 28906K(29312K)->28906K(29312K) NonClass: 24038K(24256K)->24038K(24256K) Class: 4868K(5056K)->4868K(5056K)
[4520.448s][info][gc             ] GC(1321) Pause Young (Prepare Mixed) (G1 Evacuation Pause) 3628M->1452M(4096M) 116.649ms
[4520.448s][info][gc,cpu         ] GC(1321) User=0.69s Sys=0.00s Real=0.12s
...[4522.647s][info][gc,start       ] GC(1322) Pause Young (Mixed) (G1 Evacuation Pause)
[4522.647s][info][gc,task        ] GC(1322) Using 6 workers of 6 for evacuation
[4522.786s][info][gc,phases      ] GC(1322)   Pre Evacuate Collection Set: 0.36ms
[4522.786s][info][gc,phases      ] GC(1322)   Merge Heap Roots: 0.65ms
[4522.786s][info][gc,phases      ] GC(1322)   Evacuate Collection Set: 137.04ms
[4522.786s][info][gc,phases      ] GC(1322)   Post Evacuate Collection Set: 0.97ms
[4522.786s][info][gc,phases      ] GC(1322)   Other: 0.10ms
[4522.786s][info][gc,heap        ] GC(1322) Eden regions: 1110->0(1113)
[4522.786s][info][gc,heap        ] GC(1322) Survivor regions: 108->115(153)
[4522.786s][info][gc,heap        ] GC(1322) Old regions: 539->473
[4522.786s][info][gc,heap        ] GC(1322) Humongous regions: 80->80
[4522.786s][info][gc,metaspace   ] GC(1322) Metaspace: 28906K(29312K)->28906K(29312K) NonClass: 24038K(24256K)->24038K(24256K) Class: 4868K(5056K)->4868K(5056K)
[4522.786s][info][gc             ] GC(1322) Pause Young (Mixed) (G1 Evacuation Pause) 3672M->1333M(4096M) 139.247ms
[4522.786s][info][gc,cpu         ] GC(1322) User=0.83s Sys=0.00s Real=0.14s
.|.[4524.945s][info][gc,start       ] GC(1323) Pause Young (Concurrent Start) (G1 Evacuation Pause)
[4524.945s][info][gc,task        ] GC(1323) Using 6 workers of 6 for evacuation
[4525.068s][info][gc,phases      ] GC(1323)   Pre Evacuate Collection Set: 0.40ms
[4525.068s][info][gc,phases      ] GC(1323)   Merge Heap Roots: 0.47ms
[4525.068s][info][gc,phases      ] GC(1323)   Evacuate Collection Set: 120.89ms
[4525.068s][info][gc,phases      ] GC(1323)   Post Evacuate Collection Set: 0.92ms
[4525.068s][info][gc,phases      ] GC(1323)   Other: 0.12ms
[4525.068s][info][gc,heap        ] GC(1323) Eden regions: 1113->0(1114)
[4525.068s][info][gc,heap        ] GC(1323) Survivor regions: 115->114(154)
[4525.068s][info][gc,heap        ] GC(1323) Old regions: 473->505
[4525.068s][info][gc,heap        ] GC(1323) Humongous regions: 80->80
[4525.068s][info][gc,metaspace   ] GC(1323) Metaspace: 28906K(29312K)->28906K(29312K) NonClass: 24038K(24256K)->24038K(24256K) Class: 4868K(5056K)->4868K(5056K)
[4525.068s][info][gc             ] GC(1323) Pause Young (Concurrent Start) (G1 Evacuation Pause) 3559M->1395M(4096M) 122.943ms
[4525.068s][info][gc             ] GC(1324) Concurrent Mark Cycle
[4525.068s][info][gc,marking     ] GC(1324) Concurrent Scan Root Regions
[4525.068s][info][gc,cpu         ] GC(1323) User=0.73s Sys=0.00s Real=0.12s
[4525.243s][info][gc,marking     ] GC(1324) Concurrent Scan Root Regions 174.280ms
[4525.243s][info][gc,marking     ] GC(1324) Concurrent Mark
[4525.243s][info][gc,marking     ] GC(1324) Concurrent Mark From Roots
[4525.243s][info][gc,task        ] GC(1324) Using 2 workers of 2 for marking
.[4526.242s][info][gc,marking     ] GC(1324) Concurrent Mark From Roots 999.762ms
[4526.242s][info][gc,marking     ] GC(1324) Concurrent Preclean
[4526.243s][info][gc,marking     ] GC(1324) Concurrent Preclean 0.127ms
[4526.243s][info][gc,start       ] GC(1324) Pause Remark
[4526.246s][info][gc             ] GC(1324) Pause Remark 2562M->2562M(4096M) 3.483ms
[4526.246s][info][gc,cpu         ] GC(1324) User=0.02s Sys=0.00s Real=0.01s
[4526.247s][info][gc,marking     ] GC(1324) Concurrent Mark 1004.724ms
[4526.247s][info][gc,marking     ] GC(1324) Concurrent Rebuild Remembered Sets and Scrub Regions
[4526.640s][info][gc,marking     ] GC(1324) Concurrent Rebuild Remembered Sets and Scrub Regions 392.941ms
[4526.643s][info][gc,start       ] GC(1324) Pause Cleanup
[4526.643s][info][gc             ] GC(1324) Pause Cleanup 3025M->3025M(4096M) 0.138ms
[4526.643s][info][gc,cpu         ] GC(1324) User=0.00s Sys=0.00s Real=0.00s
[4526.643s][info][gc,marking     ] GC(1324) Concurrent Clear Claimed Marks
[4526.643s][info][gc,marking     ] GC(1324) Concurrent Clear Claimed Marks 0.034ms
[4526.643s][info][gc,marking     ] GC(1324) Concurrent Cleanup for Next Mark
[4526.649s][info][gc,marking     ] GC(1324) Concurrent Cleanup for Next Mark 6.191ms
[4526.649s][info][gc             ] GC(1324) Concurrent Mark Cycle 1580.873ms
.[4527.219s][info][gc,start       ] GC(1325) Pause Young (Prepare Mixed) (G1 Evacuation Pause)
[4527.219s][info][gc,task        ] GC(1325) Using 6 workers of 6 for evacuation
[4527.336s][info][gc,phases      ] GC(1325)   Pre Evacuate Collection Set: 0.33ms
[4527.336s][info][gc,phases      ] GC(1325)   Merge Heap Roots: 0.52ms
[4527.336s][info][gc,phases      ] GC(1325)   Evacuate Collection Set: 115.06ms
[4527.336s][info][gc,phases      ] GC(1325)   Post Evacuate Collection Set: 0.94ms
[4527.336s][info][gc,phases      ] GC(1325)   Other: 0.09ms
[4527.336s][info][gc,heap        ] GC(1325) Eden regions: 1114->0(1109)
[4527.336s][info][gc,heap        ] GC(1325) Survivor regions: 114->109(154)
[4527.336s][info][gc,heap        ] GC(1325) Old regions: 505->538
[4527.336s][info][gc,heap        ] GC(1325) Humongous regions: 80->80
[4527.336s][info][gc,metaspace   ] GC(1325) Metaspace: 28906K(29312K)->28906K(29312K) NonClass: 24038K(24256K)->24038K(24256K) Class: 4868K(5056K)->4868K(5056K)
[4527.336s][info][gc             ] GC(1325) Pause Young (Prepare Mixed) (G1 Evacuation Pause) 3623M->1451M(4096M) 117.069ms
[4527.336s][info][gc,cpu         ] GC(1325) User=0.70s Sys=0.00s Real=0.12s
..[4529.475s][info][gc,start       ] GC(1326) Pause Young (Mixed) (G1 Evacuation Pause)
[4529.475s][info][gc,task        ] GC(1326) Using 6 workers of 6 for evacuation
[4529.615s][info][gc,phases      ] GC(1326)   Pre Evacuate Collection Set: 0.41ms
[4529.615s][info][gc,phases      ] GC(1326)   Merge Heap Roots: 0.87ms
[4529.615s][info][gc,phases      ] GC(1326)   Evacuate Collection Set: 138.29ms
[4529.615s][info][gc,phases      ] GC(1326)   Post Evacuate Collection Set: 0.95ms
[4529.615s][info][gc,phases      ] GC(1326)   Other: 0.10ms
[4529.615s][info][gc,heap        ] GC(1326) Eden regions: 1109->0(1119)
[4529.615s][info][gc,heap        ] GC(1326) Survivor regions: 109->109(153)
[4529.615s][info][gc,heap        ] GC(1326) Old regions: 538->475
[4529.615s][info][gc,heap        ] GC(1326) Humongous regions: 80->80
[4529.615s][info][gc,metaspace   ] GC(1326) Metaspace: 28906K(29312K)->28906K(29312K) NonClass: 24038K(24256K)->24038K(24256K) Class: 4868K(5056K)->4868K(5056K)
[4529.615s][info][gc             ] GC(1326) Pause Young (Mixed) (G1 Evacuation Pause) 3669M->1325M(4096M) 140.761ms
[4529.615s][info][gc,cpu         ] GC(1326) User=0.84s Sys=0.00s Real=0.15s
...[4531.789s][info][gc,start       ] GC(1327) Pause Young (Concurrent Start) (G1 Evacuation Pause)
[4531.789s][info][gc,task        ] GC(1327) Using 6 workers of 6 for evacuation
[4531.906s][info][gc,phases      ] GC(1327)   Pre Evacuate Collection Set: 0.38ms
[4531.906s][info][gc,phases      ] GC(1327)   Merge Heap Roots: 0.48ms
[4531.906s][info][gc,phases      ] GC(1327)   Evacuate Collection Set: 115.12ms
[4531.906s][info][gc,phases      ] GC(1327)   Post Evacuate Collection Set: 0.88ms
[4531.906s][info][gc,phases      ] GC(1327)   Other: 0.10ms
[4531.906s][info][gc,heap        ] GC(1327) Eden regions: 1119->0(1117)
[4531.906s][info][gc,heap        ] GC(1327) Survivor regions: 109->111(154)
[4531.906s][info][gc,heap        ] GC(1327) Old regions: 475->507
[4531.906s][info][gc,heap        ] GC(1327) Humongous regions: 80->80
[4531.906s][info][gc,metaspace   ] GC(1327) Metaspace: 28906K(29312K)->28906K(29312K) NonClass: 24038K(24256K)->24038K(24256K) Class: 4868K(5056K)->4868K(5056K)
[4531.906s][info][gc             ] GC(1327) Pause Young (Concurrent Start) (G1 Evacuation Pause) 3563M->1393M(4096M) 117.098ms
[4531.906s][info][gc             ] GC(1328) Concurrent Mark Cycle
[4531.906s][info][gc,marking     ] GC(1328) Concurrent Scan Root Regions
[4531.906s][info][gc,cpu         ] GC(1327) User=0.70s Sys=0.00s Real=0.12s
[4532.070s][info][gc,marking     ] GC(1328) Concurrent Scan Root Regions 164.189ms
[4532.070s][info][gc,marking     ] GC(1328) Concurrent Mark
[4532.070s][info][gc,marking     ] GC(1328) Concurrent Mark From Roots
[4532.070s][info][gc,task        ] GC(1328) Using 2 workers of 2 for marking
.[4533.106s][info][gc,marking     ] GC(1328) Concurrent Mark From Roots 1036.051ms
[4533.106s][info][gc,marking     ] GC(1328) Concurrent Preclean
[4533.106s][info][gc,marking     ] GC(1328) Concurrent Preclean 0.125ms
[4533.109s][info][gc,start       ] GC(1328) Pause Remark
[4533.112s][info][gc             ] GC(1328) Pause Remark 2555M->2555M(4096M) 2.468ms
[4533.112s][info][gc,cpu         ] GC(1328) User=0.01s Sys=0.00s Real=0.00s
[4533.112s][info][gc,marking     ] GC(1328) Concurrent Mark 1041.925ms
[4533.112s][info][gc,marking     ] GC(1328) Concurrent Rebuild Remembered Sets and Scrub Regions
[4533.491s][info][gc,marking     ] GC(1328) Concurrent Rebuild Remembered Sets and Scrub Regions 379.053ms
[4533.492s][info][gc,start       ] GC(1328) Pause Cleanup
[4533.492s][info][gc             ] GC(1328) Pause Cleanup 2975M->2975M(4096M) 0.119ms
[4533.492s][info][gc,cpu         ] GC(1328) User=0.00s Sys=0.00s Real=0.00s
[4533.492s][info][gc,marking     ] GC(1328) Concurrent Clear Claimed Marks
[4533.492s][info][gc,marking     ] GC(1328) Concurrent Clear Claimed Marks 0.027ms
[4533.492s][info][gc,marking     ] GC(1328) Concurrent Cleanup for Next Mark
[4533.497s][info][gc,marking     ] GC(1328) Concurrent Cleanup for Next Mark 4.891ms
[4533.497s][info][gc             ] GC(1328) Concurrent Mark Cycle 1590.724ms
.[4534.090s][info][gc,start       ] GC(1329) Pause Young (Prepare Mixed) (G1 Evacuation Pause)
[4534.090s][info][gc,task        ] GC(1329) Using 6 workers of 6 for evacuation
[4534.214s][info][gc,phases      ] GC(1329)   Pre Evacuate Collection Set: 0.29ms
[4534.214s][info][gc,phases      ] GC(1329)   Merge Heap Roots: 0.52ms
[4534.214s][info][gc,phases      ] GC(1329)   Evacuate Collection Set: 122.13ms
[4534.214s][info][gc,phases      ] GC(1329)   Post Evacuate Collection Set: 0.92ms
[4534.214s][info][gc,phases      ] GC(1329)   Other: 0.09ms
[4534.214s][info][gc,heap        ] GC(1329) Eden regions: 1117->0(1097)
[4534.214s][info][gc,heap        ] GC(1329) Survivor regions: 111->115(154)
[4534.214s][info][gc,heap        ] GC(1329) Old regions: 507->538
[4534.214s][info][gc,heap        ] GC(1329) Humongous regions: 80->80
[4534.214s][info][gc,metaspace   ] GC(1329) Metaspace: 28906K(29312K)->28906K(29312K) NonClass: 24038K(24256K)->24038K(24256K) Class: 4868K(5056K)->4868K(5056K)
[4534.214s][info][gc             ] GC(1329) Pause Young (Prepare Mixed) (G1 Evacuation Pause) 3627M->1464M(4096M) 124.092ms
[4534.214s][info][gc,cpu         ] GC(1329) User=0.74s Sys=0.00s Real=0.12s
..[4536.357s][info][gc,start       ] GC(1330) Pause Young (Mixed) (G1 Evacuation Pause)
[4536.357s][info][gc,task        ] GC(1330) Using 6 workers of 6 for evacuation
[4536.490s][info][gc,phases      ] GC(1330)   Pre Evacuate Collection Set: 0.38ms
[4536.491s][info][gc,phases      ] GC(1330)   Merge Heap Roots: 0.81ms
[4536.491s][info][gc,phases      ] GC(1330)   Evacuate Collection Set: 131.07ms
[4536.491s][info][gc,phases      ] GC(1330)   Post Evacuate Collection Set: 0.95ms
[4536.491s][info][gc,phases      ] GC(1330)   Other: 0.09ms
[4536.491s][info][gc,heap        ] GC(1330) Eden regions: 1097->0(1119)
[4536.491s][info][gc,heap        ] GC(1330) Survivor regions: 115->109(152)
[4536.491s][info][gc,heap        ] GC(1330) Old regions: 538->474
[4536.491s][info][gc,heap        ] GC(1330) Humongous regions: 80->80
[4536.491s][info][gc,metaspace   ] GC(1330) Metaspace: 28906K(29312K)->28906K(29312K) NonClass: 24038K(24256K)->24038K(24256K) Class: 4868K(5056K)->4868K(5056K)
[4536.491s][info][gc             ] GC(1330) Pause Young (Mixed) (G1 Evacuation Pause) 3658M->1323M(4096M) 133.451ms
[4536.491s][info][gc,cpu         ] GC(1330) User=0.79s Sys=0.00s Real=0.13s
..[4538.626s][info][gc,start       ] GC(1331) Pause Young (Concurrent Start) (G1 Evacuation Pause)
[4538.626s][info][gc,task        ] GC(1331) Using 6 workers of 6 for evacuation
[4538.745s][info][gc,phases      ] GC(1331)   Pre Evacuate Collection Set: 0.34ms
[4538.745s][info][gc,phases      ] GC(1331)   Merge Heap Roots: 0.45ms
[4538.745s][info][gc,phases      ] GC(1331)   Evacuate Collection Set: 117.34ms
[4538.745s][info][gc,phases      ] GC(1331)   Post Evacuate Collection Set: 0.88ms
[4538.745s][info][gc,phases      ] GC(1331)   Other: 0.12ms
[4538.745s][info][gc,heap        ] GC(1331) Eden regions: 1119->0(1118)
[4538.745s][info][gc,heap        ] GC(1331) Survivor regions: 109->110(154)
[4538.745s][info][gc,heap        ] GC(1331) Old regions: 474->506
[4538.745s][info][gc,heap        ] GC(1331) Humongous regions: 80->80
[4538.745s][info][gc,metaspace   ] GC(1331) Metaspace: 28906K(29312K)->28906K(29312K) NonClass: 24038K(24256K)->24038K(24256K) Class: 4868K(5056K)->4868K(5056K)
[4538.745s][info][gc             ] GC(1331) Pause Young (Concurrent Start) (G1 Evacuation Pause) 3561M->1389M(4096M) 119.247ms
[4538.746s][info][gc             ] GC(1332) Concurrent Mark Cycle
[4538.746s][info][gc,marking     ] GC(1332) Concurrent Scan Root Regions
[4538.746s][info][gc,cpu         ] GC(1331) User=0.71s Sys=0.00s Real=0.12s
.[4538.914s][info][gc,marking     ] GC(1332) Concurrent Scan Root Regions 168.449ms
[4538.914s][info][gc,marking     ] GC(1332) Concurrent Mark
[4538.914s][info][gc,marking     ] GC(1332) Concurrent Mark From Roots
[4538.914s][info][gc,task        ] GC(1332) Using 2 workers of 2 for marking
.[4539.971s][info][gc,marking     ] GC(1332) Concurrent Mark From Roots 1056.626ms
[4539.971s][info][gc,marking     ] GC(1332) Concurrent Preclean
[4539.971s][info][gc,marking     ] GC(1332) Concurrent Preclean 0.137ms
[4539.971s][info][gc,start       ] GC(1332) Pause Remark
[4539.974s][info][gc             ] GC(1332) Pause Remark 2577M->2577M(4096M) 2.930ms
[4539.974s][info][gc,cpu         ] GC(1332) User=0.02s Sys=0.00s Real=0.00s
[4539.976s][info][gc,marking     ] GC(1332) Concurrent Mark 1061.569ms
[4539.976s][info][gc,marking     ] GC(1332) Concurrent Rebuild Remembered Sets and Scrub Regions
[4540.369s][info][gc,marking     ] GC(1332) Concurrent Rebuild Remembered Sets and Scrub Regions 392.918ms
[4540.369s][info][gc,start       ] GC(1332) Pause Cleanup
[4540.369s][info][gc             ] GC(1332) Pause Cleanup 3024M->3024M(4096M) 0.116ms
[4540.369s][info][gc,cpu         ] GC(1332) User=0.00s Sys=0.00s Real=0.00s
[4540.369s][info][gc,marking     ] GC(1332) Concurrent Clear Claimed Marks
[4540.369s][info][gc,marking     ] GC(1332) Concurrent Clear Claimed Marks 0.024ms
[4540.369s][info][gc,marking     ] GC(1332) Concurrent Cleanup for Next Mark
[4540.375s][info][gc,marking     ] GC(1332) Concurrent Cleanup for Next Mark 5.753ms
[4540.375s][info][gc             ] GC(1332) Concurrent Mark Cycle 1629.273ms
.[4540.888s][info][gc,start       ] GC(1333) Pause Young (Prepare Mixed) (G1 Evacuation Pause)
[4540.888s][info][gc,task        ] GC(1333) Using 6 workers of 6 for evacuation
[4541.005s][info][gc,phases      ] GC(1333)   Pre Evacuate Collection Set: 0.31ms
[4541.005s][info][gc,phases      ] GC(1333)   Merge Heap Roots: 0.51ms
[4541.005s][info][gc,phases      ] GC(1333)   Evacuate Collection Set: 115.39ms
[4541.005s][info][gc,phases      ] GC(1333)   Post Evacuate Collection Set: 0.92ms
[4541.006s][info][gc,phases      ] GC(1333)   Other: 0.09ms
[4541.006s][info][gc,heap        ] GC(1333) Eden regions: 1118->0(1105)
[4541.006s][info][gc,heap        ] GC(1333) Survivor regions: 110->111(154)
[4541.006s][info][gc,heap        ] GC(1333) Old regions: 506->538
[4541.006s][info][gc,heap        ] GC(1333) Humongous regions: 80->80
[4541.006s][info][gc,metaspace   ] GC(1333) Metaspace: 28906K(29312K)->28906K(29312K) NonClass: 24038K(24256K)->24038K(24256K) Class: 4868K(5056K)->4868K(5056K)
[4541.006s][info][gc             ] GC(1333) Pause Young (Prepare Mixed) (G1 Evacuation Pause) 3625M->1454M(4096M) 117.362ms
[4541.006s][info][gc,cpu         ] GC(1333) User=0.70s Sys=0.00s Real=0.12s
..[4543.157s][info][gc,start       ] GC(1334) Pause Young (Mixed) (G1 Evacuation Pause)
[4543.157s][info][gc,task        ] GC(1334) Using 6 workers of 6 for evacuation
[4543.297s][info][gc,phases      ] GC(1334)   Pre Evacuate Collection Set: 0.33ms
[4543.297s][info][gc,phases      ] GC(1334)   Merge Heap Roots: 0.84ms
[4543.297s][info][gc,phases      ] GC(1334)   Evacuate Collection Set: 137.86ms
[4543.297s][info][gc,phases      ] GC(1334)   Post Evacuate Collection Set: 0.96ms
[4543.297s][info][gc,phases      ] GC(1334)   Other: 0.08ms
[4543.297s][info][gc,heap        ] GC(1334) Eden regions: 1105->0(1117)
[4543.297s][info][gc,heap        ] GC(1334) Survivor regions: 111->111(152)
[4543.297s][info][gc,heap        ] GC(1334) Old regions: 538->476
[4543.297s][info][gc,heap        ] GC(1334) Humongous regions: 80->80
[4543.297s][info][gc,metaspace   ] GC(1334) Metaspace: 28906K(29312K)->28906K(29312K) NonClass: 24038K(24256K)->24038K(24256K) Class: 4868K(5056K)->4868K(5056K)
[4543.297s][info][gc             ] GC(1334) Pause Young (Mixed) (G1 Evacuation Pause) 3664M->1330M(4096M) 140.200ms
[4543.297s][info][gc,cpu         ] GC(1334) User=0.83s Sys=0.00s Real=0.14s
..[4545.465s][info][gc,start       ] GC(1335) Pause Young (Concurrent Start) (G1 Evacuation Pause)
[4545.465s][info][gc,task        ] GC(1335) Using 6 workers of 6 for evacuation
[4545.584s][info][gc,phases      ] GC(1335)   Pre Evacuate Collection Set: 0.33ms
[4545.584s][info][gc,phases      ] GC(1335)   Merge Heap Roots: 0.47ms
[4545.584s][info][gc,phases      ] GC(1335)   Evacuate Collection Set: 117.02ms
[4545.584s][info][gc,phases      ] GC(1335)   Post Evacuate Collection Set: 0.86ms
[4545.584s][info][gc,phases      ] GC(1335)   Other: 0.10ms
[4545.584s][info][gc,heap        ] GC(1335) Eden regions: 1117->0(1117)
[4545.584s][info][gc,heap        ] GC(1335) Survivor regions: 111->111(154)
[4545.584s][info][gc,heap        ] GC(1335) Old regions: 476->507
[4545.584s][info][gc,heap        ] GC(1335) Humongous regions: 80->80
[4545.584s][info][gc,metaspace   ] GC(1335) Metaspace: 28906K(29312K)->28906K(29312K) NonClass: 24038K(24256K)->24038K(24256K) Class: 4868K(5056K)->4868K(5056K)
[4545.584s][info][gc             ] GC(1335) Pause Young (Concurrent Start) (G1 Evacuation Pause) 3564M->1394M(4096M) 118.924ms
[4545.584s][info][gc             ] GC(1336) Concurrent Mark Cycle
[4545.584s][info][gc,marking     ] GC(1336) Concurrent Scan Root Regions
[4545.584s][info][gc,cpu         ] GC(1335) User=0.71s Sys=0.00s Real=0.11s
[4545.713s][info][gc,marking     ] GC(1336) Concurrent Scan Root Regions 128.780ms
[4545.713s][info][gc,marking     ] GC(1336) Concurrent Mark
[4545.713s][info][gc,marking     ] GC(1336) Concurrent Mark From Roots
[4545.713s][info][gc,task        ] GC(1336) Using 2 workers of 2 for marking
.[4546.494s][info][gc,marking     ] GC(1336) Concurrent Mark From Roots 780.428ms
[4546.494s][info][gc,marking     ] GC(1336) Concurrent Preclean
[4546.494s][info][gc,marking     ] GC(1336) Concurrent Preclean 0.131ms
[4546.498s][info][gc,start       ] GC(1336) Pause Remark
[4546.501s][info][gc             ] GC(1336) Pause Remark 2254M->2254M(4096M) 3.365ms
[4546.501s][info][gc,cpu         ] GC(1336) User=0.02s Sys=0.00s Real=0.00s
[4546.501s][info][gc,marking     ] GC(1336) Concurrent Mark 787.975ms
[4546.501s][info][gc,marking     ] GC(1336) Concurrent Rebuild Remembered Sets and Scrub Regions
[4546.820s][info][gc,marking     ] GC(1336) Concurrent Rebuild Remembered Sets and Scrub Regions 318.341ms
[4546.820s][info][gc,start       ] GC(1336) Pause Cleanup
[4546.820s][info][gc             ] GC(1336) Pause Cleanup 2526M->2526M(4096M) 0.126ms
[4546.820s][info][gc,cpu         ] GC(1336) User=0.00s Sys=0.00s Real=0.00s
[4546.820s][info][gc,marking     ] GC(1336) Concurrent Clear Claimed Marks
[4546.820s][info][gc,marking     ] GC(1336) Concurrent Clear Claimed Marks 0.041ms
[4546.820s][info][gc,marking     ] GC(1336) Concurrent Cleanup for Next Mark
[4546.847s][info][gc,marking     ] GC(1336) Concurrent Cleanup for Next Mark 26.610ms
[4546.847s][info][gc             ] GC(1336) Concurrent Mark Cycle 1262.293ms
.[4547.688s][info][gc,start       ] GC(1337) Pause Young (Prepare Mixed) (G1 Evacuation Pause)
[4547.688s][info][gc,task        ] GC(1337) Using 6 workers of 6 for evacuation
[4547.804s][info][gc,phases      ] GC(1337)   Pre Evacuate Collection Set: 0.34ms
[4547.804s][info][gc,phases      ] GC(1337)   Merge Heap Roots: 0.50ms
[4547.804s][info][gc,phases      ] GC(1337)   Evacuate Collection Set: 114.02ms
[4547.804s][info][gc,phases      ] GC(1337)   Post Evacuate Collection Set: 0.90ms
[4547.804s][info][gc,phases      ] GC(1337)   Other: 0.09ms
[4547.804s][info][gc,heap        ] GC(1337) Eden regions: 1117->0(1107)
[4547.804s][info][gc,heap        ] GC(1337) Survivor regions: 111->109(154)
[4547.804s][info][gc,heap        ] GC(1337) Old regions: 507->540
[4547.804s][info][gc,heap        ] GC(1337) Humongous regions: 80->80
[4547.804s][info][gc,metaspace   ] GC(1337) Metaspace: 28906K(29312K)->28906K(29312K) NonClass: 24038K(24256K)->24038K(24256K) Class: 4868K(5056K)->4868K(5056K)
[4547.804s][info][gc             ] GC(1337) Pause Young (Prepare Mixed) (G1 Evacuation Pause) 3628M->1454M(4096M) 115.977ms
[4547.804s][info][gc,cpu         ] GC(1337) User=0.69s Sys=0.00s Real=0.11s
..[4550.019s][info][gc,start       ] GC(1338) Pause Young (Mixed) (G1 Evacuation Pause)
[4550.019s][info][gc,task        ] GC(1338) Using 6 workers of 6 for evacuation
[4550.155s][info][gc,phases      ] GC(1338)   Pre Evacuate Collection Set: 0.34ms
[4550.155s][info][gc,phases      ] GC(1338)   Merge Heap Roots: 0.69ms
[4550.155s][info][gc,phases      ] GC(1338)   Evacuate Collection Set: 133.54ms
[4550.155s][info][gc,phases      ] GC(1338)   Post Evacuate Collection Set: 0.94ms
[4550.155s][info][gc,phases      ] GC(1338)   Other: 0.09ms
[4550.155s][info][gc,heap        ] GC(1338) Eden regions: 1107->0(1116)
[4550.155s][info][gc,heap        ] GC(1338) Survivor regions: 109->112(152)
[4550.155s][info][gc,heap        ] GC(1338) Old regions: 540->474
[4550.155s][info][gc,heap        ] GC(1338) Humongous regions: 80->80
[4550.155s][info][gc,metaspace   ] GC(1338) Metaspace: 28906K(29312K)->28906K(29312K) NonClass: 24038K(24256K)->24038K(24256K) Class: 4868K(5056K)->4868K(5056K)
[4550.155s][info][gc             ] GC(1338) Pause Young (Mixed) (G1 Evacuation Pause) 3668M->1329M(4096M) 135.721ms
[4550.155s][info][gc,cpu         ] GC(1338) User=0.81s Sys=0.00s Real=0.13s
...[4552.341s][info][gc,start       ] GC(1339) Pause Young (Concurrent Start) (G1 Evacuation Pause)
[4552.341s][info][gc,task        ] GC(1339) Using 6 workers of 6 for evacuation
[4552.458s][info][gc,phases      ] GC(1339)   Pre Evacuate Collection Set: 0.34ms
[4552.458s][info][gc,phases      ] GC(1339)   Merge Heap Roots: 0.47ms
[4552.458s][info][gc,phases      ] GC(1339)   Evacuate Collection Set: 115.39ms
[4552.458s][info][gc,phases      ] GC(1339)   Post Evacuate Collection Set: 0.87ms
[4552.458s][info][gc,phases      ] GC(1339)   Other: 0.11ms
[4552.458s][info][gc,heap        ] GC(1339) Eden regions: 1116->0(1119)
[4552.458s][info][gc,heap        ] GC(1339) Survivor regions: 112->109(154)
[4552.458s][info][gc,heap        ] GC(1339) Old regions: 474->505
[4552.458s][info][gc,heap        ] GC(1339) Humongous regions: 80->80
[4552.458s][info][gc,metaspace   ] GC(1339) Metaspace: 28906K(29312K)->28906K(29312K) NonClass: 24038K(24256K)->24038K(24256K) Class: 4868K(5056K)->4868K(5056K)
[4552.458s][info][gc             ] GC(1339) Pause Young (Concurrent Start) (G1 Evacuation Pause) 3561M->1386M(4096M) 117.331ms
[4552.458s][info][gc             ] GC(1340) Concurrent Mark Cycle
[4552.458s][info][gc,marking     ] GC(1340) Concurrent Scan Root Regions
[4552.458s][info][gc,cpu         ] GC(1339) User=0.70s Sys=0.00s Real=0.12s
[4552.651s][info][gc,marking     ] GC(1340) Concurrent Scan Root Regions 192.933ms
[4552.651s][info][gc,marking     ] GC(1340) Concurrent Mark
[4552.651s][info][gc,marking     ] GC(1340) Concurrent Mark From Roots
[4552.651s][info][gc,task        ] GC(1340) Using 2 workers of 2 for marking
.[4553.386s][info][gc,marking     ] GC(1340) Concurrent Mark From Roots 735.343ms
[4553.386s][info][gc,marking     ] GC(1340) Concurrent Preclean
[4553.387s][info][gc,marking     ] GC(1340) Concurrent Preclean 0.109ms
[4553.389s][info][gc,start       ] GC(1340) Pause Remark
[4553.392s][info][gc             ] GC(1340) Pause Remark 2256M->2256M(4096M) 2.932ms
[4553.392s][info][gc,cpu         ] GC(1340) User=0.01s Sys=0.00s Real=0.00s
[4553.392s][info][gc,marking     ] GC(1340) Concurrent Mark 741.135ms
[4553.392s][info][gc,marking     ] GC(1340) Concurrent Rebuild Remembered Sets and Scrub Regions
[4553.699s][info][gc,marking     ] GC(1340) Concurrent Rebuild Remembered Sets and Scrub Regions 306.888ms
[4553.699s][info][gc,start       ] GC(1340) Pause Cleanup
[4553.699s][info][gc             ] GC(1340) Pause Cleanup 2561M->2561M(4096M) 0.122ms
[4553.699s][info][gc,cpu         ] GC(1340) User=0.00s Sys=0.00s Real=0.00s
[4553.699s][info][gc,marking     ] GC(1340) Concurrent Clear Claimed Marks
[4553.699s][info][gc,marking     ] GC(1340) Concurrent Clear Claimed Marks 0.021ms
[4553.699s][info][gc,marking     ] GC(1340) Concurrent Cleanup for Next Mark
[4553.713s][info][gc,marking     ] GC(1340) Concurrent Cleanup for Next Mark 13.383ms
[4553.713s][info][gc             ] GC(1340) Concurrent Mark Cycle 1254.878ms
.[4554.623s][info][gc,start       ] GC(1341) Pause Young (Prepare Mixed) (G1 Evacuation Pause)
[4554.623s][info][gc,task        ] GC(1341) Using 6 workers of 6 for evacuation
[4554.740s][info][gc,phases      ] GC(1341)   Pre Evacuate Collection Set: 0.34ms
[4554.740s][info][gc,phases      ] GC(1341)   Merge Heap Roots: 0.50ms
[4554.740s][info][gc,phases      ] GC(1341)   Evacuate Collection Set: 115.24ms
[4554.740s][info][gc,phases      ] GC(1341)   Post Evacuate Collection Set: 0.91ms
[4554.740s][info][gc,phases      ] GC(1341)   Other: 0.09ms
[4554.740s][info][gc,heap        ] GC(1341) Eden regions: 1119->0(1107)
[4554.740s][info][gc,heap        ] GC(1341) Survivor regions: 109->110(154)
[4554.740s][info][gc,heap        ] GC(1341) Old regions: 505->538
[4554.740s][info][gc,heap        ] GC(1341) Humongous regions: 80->80
[4554.740s][info][gc,metaspace   ] GC(1341) Metaspace: 28906K(29312K)->28906K(29312K) NonClass: 24038K(24256K)->24038K(24256K) Class: 4868K(5056K)->4868K(5056K)
[4554.740s][info][gc             ] GC(1341) Pause Young (Prepare Mixed) (G1 Evacuation Pause) 3624M->1453M(4096M) 117.233ms
[4554.740s][info][gc,cpu         ] GC(1341) User=0.70s Sys=0.00s Real=0.12s
..[4556.876s][info][gc,start       ] GC(1342) Pause Young (Mixed) (G1 Evacuation Pause)
[4556.876s][info][gc,task        ] GC(1342) Using 6 workers of 6 for evacuation
[4557.014s][info][gc,phases      ] GC(1342)   Pre Evacuate Collection Set: 0.35ms
[4557.014s][info][gc,phases      ] GC(1342)   Merge Heap Roots: 0.75ms
[4557.014s][info][gc,phases      ] GC(1342)   Evacuate Collection Set: 135.55ms
[4557.014s][info][gc,phases      ] GC(1342)   Post Evacuate Collection Set: 0.95ms
[4557.014s][info][gc,phases      ] GC(1342)   Other: 0.09ms
[4557.014s][info][gc,heap        ] GC(1342) Eden regions: 1107->0(1117)
[4557.014s][info][gc,heap        ] GC(1342) Survivor regions: 110->111(153)
[4557.014s][info][gc,heap        ] GC(1342) Old regions: 538->475
[4557.014s][info][gc,heap        ] GC(1342) Humongous regions: 80->80
[4557.014s][info][gc,metaspace   ] GC(1342) Metaspace: 28906K(29312K)->28906K(29312K) NonClass: 24038K(24256K)->24038K(24256K) Class: 4868K(5056K)->4868K(5056K)
[4557.014s][info][gc             ] GC(1342) Pause Young (Mixed) (G1 Evacuation Pause) 3667M->1329M(4096M) 137.826ms
[4557.014s][info][gc,cpu         ] GC(1342) User=0.82s Sys=0.00s Real=0.13s
..[4559.152s][info][gc,start       ] GC(1343) Pause Young (Concurrent Start) (G1 Evacuation Pause)
[4559.152s][info][gc,task        ] GC(1343) Using 6 workers of 6 for evacuation
[4559.266s][info][gc,phases      ] GC(1343)   Pre Evacuate Collection Set: 0.36ms
[4559.266s][info][gc,phases      ] GC(1343)   Merge Heap Roots: 0.45ms
[4559.266s][info][gc,phases      ] GC(1343)   Evacuate Collection Set: 112.27ms
[4559.266s][info][gc,phases      ] GC(1343)   Post Evacuate Collection Set: 0.85ms
[4559.266s][info][gc,phases      ] GC(1343)   Other: 0.12ms
[4559.266s][info][gc,heap        ] GC(1343) Eden regions: 1117->0(1120)
[4559.266s][info][gc,heap        ] GC(1343) Survivor regions: 111->108(154)
[4559.266s][info][gc,heap        ] GC(1343) Old regions: 475->507
[4559.266s][info][gc,heap        ] GC(1343) Humongous regions: 80->80
[4559.266s][info][gc,metaspace   ] GC(1343) Metaspace: 28906K(29312K)->28906K(29312K) NonClass: 24038K(24256K)->24038K(24256K) Class: 4868K(5056K)->4868K(5056K)
[4559.266s][info][gc             ] GC(1343) Pause Young (Concurrent Start) (G1 Evacuation Pause) 3563M->1386M(4096M) 114.182ms
[4559.266s][info][gc             ] GC(1344) Concurrent Mark Cycle
[4559.266s][info][gc,marking     ] GC(1344) Concurrent Scan Root Regions
[4559.266s][info][gc,cpu         ] GC(1343) User=0.68s Sys=0.00s Real=0.12s
.[4559.429s][info][gc,marking     ] GC(1344) Concurrent Scan Root Regions 162.582ms
[4559.429s][info][gc,marking     ] GC(1344) Concurrent Mark
[4559.429s][info][gc,marking     ] GC(1344) Concurrent Mark From Roots
[4559.429s][info][gc,task        ] GC(1344) Using 2 workers of 2 for marking
.[4560.446s][info][gc,marking     ] GC(1344) Concurrent Mark From Roots 1016.981ms
[4560.446s][info][gc,marking     ] GC(1344) Concurrent Preclean
[4560.446s][info][gc,marking     ] GC(1344) Concurrent Preclean 0.142ms
[4560.446s][info][gc,start       ] GC(1344) Pause Remark
[4560.450s][info][gc             ] GC(1344) Pause Remark 2568M->2568M(4096M) 3.794ms
[4560.450s][info][gc,cpu         ] GC(1344) User=0.03s Sys=0.00s Real=0.00s
[4560.450s][info][gc,marking     ] GC(1344) Concurrent Mark 1021.309ms
[4560.450s][info][gc,marking     ] GC(1344) Concurrent Rebuild Remembered Sets and Scrub Regions
[4560.868s][info][gc,marking     ] GC(1344) Concurrent Rebuild Remembered Sets and Scrub Regions 417.976ms
[4560.869s][info][gc,start       ] GC(1344) Pause Cleanup
[4560.869s][info][gc             ] GC(1344) Pause Cleanup 3010M->3010M(4096M) 0.105ms
[4560.869s][info][gc,cpu         ] GC(1344) User=0.00s Sys=0.00s Real=0.00s
[4560.870s][info][gc,marking     ] GC(1344) Concurrent Clear Claimed Marks
[4560.870s][info][gc,marking     ] GC(1344) Concurrent Clear Claimed Marks 0.031ms
[4560.870s][info][gc,marking     ] GC(1344) Concurrent Cleanup for Next Mark
[4560.875s][info][gc,marking     ] GC(1344) Concurrent Cleanup for Next Mark 5.426ms
[4560.875s][info][gc             ] GC(1344) Concurrent Mark Cycle 1608.644ms
.[4561.444s][info][gc,start       ] GC(1345) Pause Young (Prepare Mixed) (G1 Evacuation Pause)
[4561.444s][info][gc,task        ] GC(1345) Using 6 workers of 6 for evacuation
[4561.566s][info][gc,phases      ] GC(1345)   Pre Evacuate Collection Set: 0.30ms
[4561.566s][info][gc,phases      ] GC(1345)   Merge Heap Roots: 0.54ms
[4561.566s][info][gc,phases      ] GC(1345)   Evacuate Collection Set: 120.31ms
[4561.566s][info][gc,phases      ] GC(1345)   Post Evacuate Collection Set: 0.91ms
[4561.566s][info][gc,phases      ] GC(1345)   Other: 0.09ms
[4561.566s][info][gc,heap        ] GC(1345) Eden regions: 1120->0(1104)
[4561.566s][info][gc,heap        ] GC(1345) Survivor regions: 108->111(154)
[4561.566s][info][gc,heap        ] GC(1345) Old regions: 507->539
[4561.566s][info][gc,heap        ] GC(1345) Humongous regions: 80->80
[4561.566s][info][gc,metaspace   ] GC(1345) Metaspace: 28906K(29312K)->28906K(29312K) NonClass: 24038K(24256K)->24038K(24256K) Class: 4868K(5056K)->4868K(5056K)
[4561.566s][info][gc             ] GC(1345) Pause Young (Prepare Mixed) (G1 Evacuation Pause) 3626M->1457M(4096M) 122.273ms
[4561.566s][info][gc,cpu         ] GC(1345) User=0.73s Sys=0.00s Real=0.13s
..[4563.744s][info][gc,start       ] GC(1346) Pause Young (Mixed) (G1 Evacuation Pause)
[4563.744s][info][gc,task        ] GC(1346) Using 6 workers of 6 for evacuation
[4563.882s][info][gc,phases      ] GC(1346)   Pre Evacuate Collection Set: 0.35ms
[4563.882s][info][gc,phases      ] GC(1346)   Merge Heap Roots: 0.73ms
[4563.882s][info][gc,phases      ] GC(1346)   Evacuate Collection Set: 135.46ms
[4563.882s][info][gc,phases      ] GC(1346)   Post Evacuate Collection Set: 0.95ms
[4563.882s][info][gc,phases      ] GC(1346)   Other: 0.09ms
[4563.882s][info][gc,heap        ] GC(1346) Eden regions: 1104->0(1117)
[4563.882s][info][gc,heap        ] GC(1346) Survivor regions: 111->111(152)
[4563.882s][info][gc,heap        ] GC(1346) Old regions: 539->476
[4563.882s][info][gc,heap        ] GC(1346) Humongous regions: 80->80
[4563.882s][info][gc,metaspace   ] GC(1346) Metaspace: 28906K(29312K)->28906K(29312K) NonClass: 24038K(24256K)->24038K(24256K) Class: 4868K(5056K)->4868K(5056K)
[4563.882s][info][gc             ] GC(1346) Pause Young (Mixed) (G1 Evacuation Pause) 3665M->1331M(4096M) 137.703ms
[4563.882s][info][gc,cpu         ] GC(1346) User=0.82s Sys=0.00s Real=0.14s
..[4565.991s][info][gc,start       ] GC(1347) Pause Young (Concurrent Start) (G1 Evacuation Pause)
[4565.991s][info][gc,task        ] GC(1347) Using 6 workers of 6 for evacuation
[4566.111s][info][gc,phases      ] GC(1347)   Pre Evacuate Collection Set: 0.36ms
[4566.111s][info][gc,phases      ] GC(1347)   Merge Heap Roots: 0.48ms
[4566.111s][info][gc,phases      ] GC(1347)   Evacuate Collection Set: 117.92ms
[4566.111s][info][gc,phases      ] GC(1347)   Post Evacuate Collection Set: 0.89ms
[4566.111s][info][gc,phases      ] GC(1347)   Other: 0.09ms
[4566.111s][info][gc,heap        ] GC(1347) Eden regions: 1117->0(1116)
[4566.111s][info][gc,heap        ] GC(1347) Survivor regions: 111->112(154)
[4566.111s][info][gc,heap        ] GC(1347) Old regions: 476->508
[4566.111s][info][gc,heap        ] GC(1347) Humongous regions: 80->80
[4566.111s][info][gc,metaspace   ] GC(1347) Metaspace: 28906K(29312K)->28906K(29312K) NonClass: 24038K(24256K)->24038K(24256K) Class: 4868K(5056K)->4868K(5056K)
[4566.111s][info][gc             ] GC(1347) Pause Young (Concurrent Start) (G1 Evacuation Pause) 3565M->1396M(4096M) 119.860ms
[4566.111s][info][gc             ] GC(1348) Concurrent Mark Cycle
[4566.111s][info][gc,marking     ] GC(1348) Concurrent Scan Root Regions
[4566.111s][info][gc,cpu         ] GC(1347) User=0.71s Sys=0.00s Real=0.12s
[4566.284s][info][gc,marking     ] GC(1348) Concurrent Scan Root Regions 173.035ms
[4566.284s][info][gc,marking     ] GC(1348) Concurrent Mark
[4566.284s][info][gc,marking     ] GC(1348) Concurrent Mark From Roots
[4566.284s][info][gc,task        ] GC(1348) Using 2 workers of 2 for marking
.[4567.286s][info][gc,marking     ] GC(1348) Concurrent Mark From Roots 1001.396ms
[4567.286s][info][gc,marking     ] GC(1348) Concurrent Preclean
[4567.286s][info][gc,marking     ] GC(1348) Concurrent Preclean 0.131ms
[4567.286s][info][gc,start       ] GC(1348) Pause Remark
[4567.290s][info][gc             ] GC(1348) Pause Remark 2576M->2576M(4096M) 3.408ms
[4567.290s][info][gc,cpu         ] GC(1348) User=0.02s Sys=0.00s Real=0.00s
[4567.290s][info][gc,marking     ] GC(1348) Concurrent Mark 1005.644ms
[4567.290s][info][gc,marking     ] GC(1348) Concurrent Rebuild Remembered Sets and Scrub Regions
.[4567.650s][info][gc,marking     ] GC(1348) Concurrent Rebuild Remembered Sets and Scrub Regions 359.546ms
[4567.650s][info][gc,start       ] GC(1348) Pause Cleanup
[4567.650s][info][gc             ] GC(1348) Pause Cleanup 2961M->2961M(4096M) 0.123ms
[4567.650s][info][gc,cpu         ] GC(1348) User=0.00s Sys=0.00s Real=0.00s
[4567.650s][info][gc,marking     ] GC(1348) Concurrent Clear Claimed Marks
[4567.650s][info][gc,marking     ] GC(1348) Concurrent Clear Claimed Marks 0.026ms
[4567.650s][info][gc,marking     ] GC(1348) Concurrent Cleanup for Next Mark
[4567.654s][info][gc,marking     ] GC(1348) Concurrent Cleanup for Next Mark 4.438ms
[4567.654s][info][gc             ] GC(1348) Concurrent Mark Cycle 1543.209ms
.[4568.380s][info][gc,start       ] GC(1349) Pause Young (Prepare Mixed) (G1 Evacuation Pause)
[4568.380s][info][gc,task        ] GC(1349) Using 6 workers of 6 for evacuation
[4568.495s][info][gc,phases      ] GC(1349)   Pre Evacuate Collection Set: 0.34ms
[4568.495s][info][gc,phases      ] GC(1349)   Merge Heap Roots: 0.52ms
[4568.495s][info][gc,phases      ] GC(1349)   Evacuate Collection Set: 113.72ms
[4568.495s][info][gc,phases      ] GC(1349)   Post Evacuate Collection Set: 0.92ms
[4568.495s][info][gc,phases      ] GC(1349)   Other: 0.09ms
[4568.495s][info][gc,heap        ] GC(1349) Eden regions: 1116->0(1108)
[4568.495s][info][gc,heap        ] GC(1349) Survivor regions: 112->109(154)
[4568.495s][info][gc,heap        ] GC(1349) Old regions: 508->539
[4568.495s][info][gc,heap        ] GC(1349) Humongous regions: 80->80
[4568.495s][info][gc,metaspace   ] GC(1349) Metaspace: 28906K(29312K)->28906K(29312K) NonClass: 24038K(24256K)->24038K(24256K) Class: 4868K(5056K)->4868K(5056K)
[4568.495s][info][gc             ] GC(1349) Pause Young (Prepare Mixed) (G1 Evacuation Pause) 3628M->1453M(4096M) 115.709ms
[4568.495s][info][gc,cpu         ] GC(1349) User=0.69s Sys=0.00s Real=0.12s
..[4570.537s][info][gc,start       ] GC(1350) Pause Young (Mixed) (G1 Evacuation Pause)
[4570.537s][info][gc,task        ] GC(1350) Using 6 workers of 6 for evacuation
[4570.671s][info][gc,phases      ] GC(1350)   Pre Evacuate Collection Set: 0.38ms
[4570.671s][info][gc,phases      ] GC(1350)   Merge Heap Roots: 0.77ms
[4570.671s][info][gc,phases      ] GC(1350)   Evacuate Collection Set: 131.80ms
[4570.671s][info][gc,phases      ] GC(1350)   Post Evacuate Collection Set: 0.93ms
[4570.671s][info][gc,phases      ] GC(1350)   Other: 0.09ms
[4570.671s][info][gc,heap        ] GC(1350) Eden regions: 1108->0(1118)
[4570.671s][info][gc,heap        ] GC(1350) Survivor regions: 109->110(153)
[4570.671s][info][gc,heap        ] GC(1350) Old regions: 539->474
[4570.671s][info][gc,heap        ] GC(1350) Humongous regions: 80->80
[4570.671s][info][gc,metaspace   ] GC(1350) Metaspace: 28906K(29312K)->28906K(29312K) NonClass: 24038K(24256K)->24038K(24256K) Class: 4868K(5056K)->4868K(5056K)
[4570.671s][info][gc             ] GC(1350) Pause Young (Mixed) (G1 Evacuation Pause) 3669M->1325M(4096M) 134.108ms
[4570.671s][info][gc,cpu         ] GC(1350) User=0.80s Sys=0.00s Real=0.13s
..[4572.860s][info][gc,start       ] GC(1351) Pause Young (Concurrent Start) (G1 Evacuation Pause)
[4572.860s][info][gc,task        ] GC(1351) Using 6 workers of 6 for evacuation
[4572.979s][info][gc,phases      ] GC(1351)   Pre Evacuate Collection Set: 0.36ms
[4572.979s][info][gc,phases      ] GC(1351)   Merge Heap Roots: 0.49ms
[4572.979s][info][gc,phases      ] GC(1351)   Evacuate Collection Set: 116.95ms
[4572.979s][info][gc,phases      ] GC(1351)   Post Evacuate Collection Set: 0.88ms
[4572.979s][info][gc,phases      ] GC(1351)   Other: 0.11ms
[4572.979s][info][gc,heap        ] GC(1351) Eden regions: 1118->0(1117)
[4572.979s][info][gc,heap        ] GC(1351) Survivor regions: 110->111(154)
[4572.979s][info][gc,heap        ] GC(1351) Old regions: 474->507
[4572.979s][info][gc,heap        ] GC(1351) Humongous regions: 80->80
[4572.979s][info][gc,metaspace   ] GC(1351) Metaspace: 28906K(29312K)->28906K(29312K) NonClass: 24038K(24256K)->24038K(24256K) Class: 4868K(5056K)->4868K(5056K)
[4572.979s][info][gc             ] GC(1351) Pause Young (Concurrent Start) (G1 Evacuation Pause) 3561M->1393M(4096M) 118.955ms
[4572.979s][info][gc             ] GC(1352) Concurrent Mark Cycle
[4572.979s][info][gc,marking     ] GC(1352) Concurrent Scan Root Regions
[4572.979s][info][gc,cpu         ] GC(1351) User=0.70s Sys=0.01s Real=0.12s
[4573.149s][info][gc,marking     ] GC(1352) Concurrent Scan Root Regions 169.926ms
[4573.149s][info][gc,marking     ] GC(1352) Concurrent Mark
[4573.149s][info][gc,marking     ] GC(1352) Concurrent Mark From Roots
[4573.149s][info][gc,task        ] GC(1352) Using 2 workers of 2 for marking
.[4574.166s][info][gc,marking     ] GC(1352) Concurrent Mark From Roots 1016.917ms
[4574.166s][info][gc,marking     ] GC(1352) Concurrent Preclean
[4574.166s][info][gc,marking     ] GC(1352) Concurrent Preclean 0.148ms
[4574.167s][info][gc,start       ] GC(1352) Pause Remark
[4574.171s][info][gc             ] GC(1352) Pause Remark 2543M->2543M(4096M) 3.883ms
[4574.171s][info][gc,cpu         ] GC(1352) User=0.02s Sys=0.00s Real=0.00s
[4574.171s][info][gc,marking     ] GC(1352) Concurrent Mark 1022.604ms
[4574.171s][info][gc,marking     ] GC(1352) Concurrent Rebuild Remembered Sets and Scrub Regions
.[4574.567s][info][gc,marking     ] GC(1352) Concurrent Rebuild Remembered Sets and Scrub Regions 395.356ms
[4574.567s][info][gc,start       ] GC(1352) Pause Cleanup
[4574.567s][info][gc             ] GC(1352) Pause Cleanup 3007M->3007M(4096M) 0.115ms
[4574.567s][info][gc,cpu         ] GC(1352) User=0.00s Sys=0.00s Real=0.00s
[4574.567s][info][gc,marking     ] GC(1352) Concurrent Clear Claimed Marks
[4574.567s][info][gc,marking     ] GC(1352) Concurrent Clear Claimed Marks 0.026ms
[4574.567s][info][gc,marking     ] GC(1352) Concurrent Cleanup for Next Mark
[4574.572s][info][gc,marking     ] GC(1352) Concurrent Cleanup for Next Mark 4.926ms
[4574.572s][info][gc             ] GC(1352) Concurrent Mark Cycle 1593.353ms
[4575.160s][info][gc,start       ] GC(1353) Pause Young (Prepare Mixed) (G1 Evacuation Pause)
[4575.160s][info][gc,task        ] GC(1353) Using 6 workers of 6 for evacuation
[4575.279s][info][gc,phases      ] GC(1353)   Pre Evacuate Collection Set: 0.31ms
[4575.279s][info][gc,phases      ] GC(1353)   Merge Heap Roots: 0.53ms
[4575.279s][info][gc,phases      ] GC(1353)   Evacuate Collection Set: 117.32ms
[4575.279s][info][gc,phases      ] GC(1353)   Post Evacuate Collection Set: 0.94ms
[4575.279s][info][gc,phases      ] GC(1353)   Other: 0.08ms
[4575.279s][info][gc,heap        ] GC(1353) Eden regions: 1117->0(1105)
[4575.279s][info][gc,heap        ] GC(1353) Survivor regions: 111->111(154)
[4575.279s][info][gc,heap        ] GC(1353) Old regions: 507->538
[4575.279s][info][gc,heap        ] GC(1353) Humongous regions: 80->80
[4575.279s][info][gc,metaspace   ] GC(1353) Metaspace: 28906K(29312K)->28906K(29312K) NonClass: 24038K(24256K)->24038K(24256K) Class: 4868K(5056K)->4868K(5056K)
[4575.279s][info][gc             ] GC(1353) Pause Young (Prepare Mixed) (G1 Evacuation Pause) 3627M->1456M(4096M) 119.316ms
[4575.279s][info][gc,cpu         ] GC(1353) User=0.71s Sys=0.00s Real=0.12s
..[4577.370s][info][gc,start       ] GC(1354) Pause Young (Mixed) (G1 Evacuation Pause)
[4577.370s][info][gc,task        ] GC(1354) Using 6 workers of 6 for evacuation
[4577.502s][info][gc,phases      ] GC(1354)   Pre Evacuate Collection Set: 0.36ms
[4577.502s][info][gc,phases      ] GC(1354)   Merge Heap Roots: 0.65ms
[4577.502s][info][gc,phases      ] GC(1354)   Evacuate Collection Set: 129.36ms
[4577.502s][info][gc,phases      ] GC(1354)   Post Evacuate Collection Set: 0.95ms
[4577.502s][info][gc,phases      ] GC(1354)   Other: 0.09ms
[4577.502s][info][gc,heap        ] GC(1354) Eden regions: 1105->0(1120)
[4577.502s][info][gc,heap        ] GC(1354) Survivor regions: 111->108(152)
[4577.502s][info][gc,heap        ] GC(1354) Old regions: 538->477
[4577.502s][info][gc,heap        ] GC(1354) Humongous regions: 80->80
[4577.502s][info][gc,metaspace   ] GC(1354) Metaspace: 28906K(29312K)->28906K(29312K) NonClass: 24038K(24256K)->24038K(24256K) Class: 4868K(5056K)->4868K(5056K)
[4577.502s][info][gc             ] GC(1354) Pause Young (Mixed) (G1 Evacuation Pause) 3666M->1327M(4096M) 131.575ms
[4577.502s][info][gc,cpu         ] GC(1354) User=0.78s Sys=0.00s Real=0.13s
...[4579.735s][info][gc,start       ] GC(1355) Pause Young (Concurrent Start) (G1 Evacuation Pause)
[4579.735s][info][gc,task        ] GC(1355) Using 6 workers of 6 for evacuation
[4579.859s][info][gc,phases      ] GC(1355)   Pre Evacuate Collection Set: 0.33ms
[4579.859s][info][gc,phases      ] GC(1355)   Merge Heap Roots: 0.48ms
[4579.859s][info][gc,phases      ] GC(1355)   Evacuate Collection Set: 122.12ms
[4579.859s][info][gc,phases      ] GC(1355)   Post Evacuate Collection Set: 0.89ms
[4579.859s][info][gc,phases      ] GC(1355)   Other: 0.11ms
[4579.859s][info][gc,heap        ] GC(1355) Eden regions: 1120->0(1113)
[4579.859s][info][gc,heap        ] GC(1355) Survivor regions: 108->115(154)
[4579.859s][info][gc,heap        ] GC(1355) Old regions: 477->508
[4579.859s][info][gc,heap        ] GC(1355) Humongous regions: 80->80
[4579.859s][info][gc,metaspace   ] GC(1355) Metaspace: 28906K(29312K)->28906K(29312K) NonClass: 24038K(24256K)->24038K(24256K) Class: 4868K(5056K)->4868K(5056K)
[4579.859s][info][gc             ] GC(1355) Pause Young (Concurrent Start) (G1 Evacuation Pause) 3567M->1402M(4096M) 124.089ms
[4579.859s][info][gc             ] GC(1356) Concurrent Mark Cycle
[4579.859s][info][gc,marking     ] GC(1356) Concurrent Scan Root Regions
[4579.859s][info][gc,cpu         ] GC(1355) User=0.73s Sys=0.00s Real=0.12s
[4580.032s][info][gc,marking     ] GC(1356) Concurrent Scan Root Regions 172.767ms
[4580.032s][info][gc,marking     ] GC(1356) Concurrent Mark
[4580.032s][info][gc,marking     ] GC(1356) Concurrent Mark From Roots
[4580.032s][info][gc,task        ] GC(1356) Using 2 workers of 2 for marking
.[4581.081s][info][gc,marking     ] GC(1356) Concurrent Mark From Roots 1049.554ms
[4581.081s][info][gc,marking     ] GC(1356) Concurrent Preclean
[4581.082s][info][gc,marking     ] GC(1356) Concurrent Preclean 0.143ms
[4581.083s][info][gc,start       ] GC(1356) Pause Remark
[4581.088s][info][gc             ] GC(1356) Pause Remark 2622M->2622M(4096M) 4.226ms
[4581.088s][info][gc,cpu         ] GC(1356) User=0.02s Sys=0.00s Real=0.01s
[4581.088s][info][gc,marking     ] GC(1356) Concurrent Mark 1056.173ms
[4581.088s][info][gc,marking     ] GC(1356) Concurrent Rebuild Remembered Sets and Scrub Regions
[4581.501s][info][gc,marking     ] GC(1356) Concurrent Rebuild Remembered Sets and Scrub Regions 413.187ms
[4581.502s][info][gc,start       ] GC(1356) Pause Cleanup
[4581.503s][info][gc             ] GC(1356) Pause Cleanup 3090M->3090M(4096M) 0.126ms
[4581.503s][info][gc,cpu         ] GC(1356) User=0.00s Sys=0.00s Real=0.00s
[4581.503s][info][gc,marking     ] GC(1356) Concurrent Clear Claimed Marks
[4581.503s][info][gc,marking     ] GC(1356) Concurrent Clear Claimed Marks 0.026ms
[4581.503s][info][gc,marking     ] GC(1356) Concurrent Cleanup for Next Mark
[4581.519s][info][gc,marking     ] GC(1356) Concurrent Cleanup for Next Mark 16.514ms
[4581.519s][info][gc             ] GC(1356) Concurrent Mark Cycle 1660.305ms
.[4581.969s][info][gc,start       ] GC(1357) Pause Young (Prepare Mixed) (G1 Evacuation Pause)
[4581.969s][info][gc,task        ] GC(1357) Using 6 workers of 6 for evacuation
[4582.095s][info][gc,phases      ] GC(1357)   Pre Evacuate Collection Set: 0.29ms
[4582.096s][info][gc,phases      ] GC(1357)   Merge Heap Roots: 0.51ms
[4582.096s][info][gc,phases      ] GC(1357)   Evacuate Collection Set: 124.35ms
[4582.096s][info][gc,phases      ] GC(1357)   Post Evacuate Collection Set: 0.91ms
[4582.096s][info][gc,phases      ] GC(1357)   Other: 0.09ms
[4582.096s][info][gc,heap        ] GC(1357) Eden regions: 1113->0(1093)
[4582.096s][info][gc,heap        ] GC(1357) Survivor regions: 115->117(154)
[4582.096s][info][gc,heap        ] GC(1357) Old regions: 508->538
[4582.096s][info][gc,heap        ] GC(1357) Humongous regions: 80->80
[4582.096s][info][gc,metaspace   ] GC(1357) Metaspace: 28906K(29312K)->28906K(29312K) NonClass: 24038K(24256K)->24038K(24256K) Class: 4868K(5056K)->4868K(5056K)
[4582.096s][info][gc             ] GC(1357) Pause Young (Prepare Mixed) (G1 Evacuation Pause) 3628M->1467M(4096M) 126.278ms
[4582.096s][info][gc,cpu         ] GC(1357) User=0.75s Sys=0.01s Real=0.13s
.. (rIR:aIR:PR = 8164:8198:8198) (tPR = 121578) [OK] 
  4583s: Performance info:
         Transaction,    Success,    Partial,     Failed,   Receipts, AvgBarcode, 
             Overall,     493019,          0,          0,     468530,      59.47, 
         Response times:
             Request,    Success,    Partial,     Failed,   SkipFail,     Probes,    Samples,      min,      p50,      p90,      p95,      p99,      max, 
       TotalPurchase,     468530,          0,          0,          0,     353098,     415640,      300,     7300,    95000,   130000,   197590,   455000,
     InStorePurchase,     246743,          0,          0,          0,     185332,     217828,      300,     7200,    95000,   130000,   197000,   455000,
      OnlinePurchase,     172468,          0,          0,          0,     130142,     153318,      300,     7300,    97000,   131000,   200000,   443000,
        InstPurchase,      49319,          0,          0,          0,      37624,      44494,      400,     7300,    94000,   130000,   195000,   344000,
          AssocOfCat,        493,          0,          0,          0,        399,        576,    25000,    50000,   169300,   192000,   251760,   303000,
      AssocOfProduct,       4885,          0,          0,          0,       3394,       4145,      600,     8000,    98000,   131000,   204000,   265000,
      BusinessReport,       1227,          0,          0,          0,       1095,       1441,    28000,    51000,   158000,   191900,   275900,   450000,
          CustBuyBeh,       4945,          0,          0,          0,       3431,       4171,      300,     7800,   100000,   133000,   196280,   338000,
       ProductReturn,      12939,          0,          0,          0,       9902,      11836,      300,     7100,    98000,   130000,   210630,   342000,

  4583s: (60%)   IR =   8302 [4584.261s][info][gc,start       ] GC(1358) Pause Young (Mixed) (G1 Evacuation Pause)
[4584.261s][info][gc,task        ] GC(1358) Using 6 workers of 6 for evacuation
[4584.401s][info][gc,phases      ] GC(1358)   Pre Evacuate Collection Set: 0.39ms
[4584.401s][info][gc,phases      ] GC(1358)   Merge Heap Roots: 0.74ms
[4584.401s][info][gc,phases      ] GC(1358)   Evacuate Collection Set: 138.10ms
[4584.401s][info][gc,phases      ] GC(1358)   Post Evacuate Collection Set: 0.94ms
[4584.401s][info][gc,phases      ] GC(1358)   Other: 0.09ms
[4584.401s][info][gc,heap        ] GC(1358) Eden regions: 1093->0(1117)
[4584.401s][info][gc,heap        ] GC(1358) Survivor regions: 117->111(152)
[4584.401s][info][gc,heap        ] GC(1358) Old regions: 538->473
[4584.401s][info][gc,heap        ] GC(1358) Humongous regions: 80->80
[4584.401s][info][gc,metaspace   ] GC(1358) Metaspace: 28911K(29312K)->28911K(29312K) NonClass: 24043K(24256K)->24043K(24256K) Class: 4868K(5056K)->4868K(5056K)
[4584.401s][info][gc             ] GC(1358) Pause Young (Mixed) (G1 Evacuation Pause) 3653M->1325M(4096M) 140.378ms
[4584.401s][info][gc,cpu         ] GC(1358) User=0.84s Sys=0.00s Real=0.14s
..[4586.519s][info][gc,start       ] GC(1359) Pause Young (Concurrent Start) (G1 Evacuation Pause)
[4586.519s][info][gc,task        ] GC(1359) Using 6 workers of 6 for evacuation
[4586.638s][info][gc,phases      ] GC(1359)   Pre Evacuate Collection Set: 0.39ms
[4586.638s][info][gc,phases      ] GC(1359)   Merge Heap Roots: 0.48ms
[4586.638s][info][gc,phases      ] GC(1359)   Evacuate Collection Set: 117.39ms
[4586.638s][info][gc,phases      ] GC(1359)   Post Evacuate Collection Set: 0.90ms
[4586.638s][info][gc,phases      ] GC(1359)   Other: 0.10ms
[4586.638s][info][gc,heap        ] GC(1359) Eden regions: 1117->0(1116)
[4586.638s][info][gc,heap        ] GC(1359) Survivor regions: 111->112(154)
[4586.638s][info][gc,heap        ] GC(1359) Old regions: 473->504
[4586.638s][info][gc,heap        ] GC(1359) Humongous regions: 80->80
[4586.638s][info][gc,metaspace   ] GC(1359) Metaspace: 28911K(29312K)->28911K(29312K) NonClass: 24043K(24256K)->24043K(24256K) Class: 4868K(5056K)->4868K(5056K)
[4586.638s][info][gc             ] GC(1359) Pause Young (Concurrent Start) (G1 Evacuation Pause) 3559M->1389M(4096M) 119.410ms
[4586.638s][info][gc             ] GC(1360) Concurrent Mark Cycle
[4586.638s][info][gc,marking     ] GC(1360) Concurrent Scan Root Regions
[4586.638s][info][gc,cpu         ] GC(1359) User=0.71s Sys=0.00s Real=0.12s
.[4586.840s][info][gc,marking     ] GC(1360) Concurrent Scan Root Regions 201.512ms
[4586.840s][info][gc,marking     ] GC(1360) Concurrent Mark
[4586.840s][info][gc,marking     ] GC(1360) Concurrent Mark From Roots
[4586.840s][info][gc,task        ] GC(1360) Using 2 workers of 2 for marking
.[4587.887s][info][gc,marking     ] GC(1360) Concurrent Mark From Roots 1046.917ms
[4587.904s][info][gc,marking     ] GC(1360) Concurrent Preclean
[4587.905s][info][gc,marking     ] GC(1360) Concurrent Preclean 0.143ms
[4587.905s][info][gc,start       ] GC(1360) Pause Remark
[4587.907s][info][gc             ] GC(1360) Pause Remark 2591M->2591M(4096M) 2.581ms
[4587.907s][info][gc,cpu         ] GC(1360) User=0.01s Sys=0.00s Real=0.01s
[4587.907s][info][gc,marking     ] GC(1360) Concurrent Mark 1067.560ms
[4587.907s][info][gc,marking     ] GC(1360) Concurrent Rebuild Remembered Sets and Scrub Regions
[4588.263s][info][gc,marking     ] GC(1360) Concurrent Rebuild Remembered Sets and Scrub Regions 355.201ms
[4588.263s][info][gc,start       ] GC(1360) Pause Cleanup
[4588.263s][info][gc             ] GC(1360) Pause Cleanup 2963M->2963M(4096M) 0.115ms
[4588.263s][info][gc,cpu         ] GC(1360) User=0.00s Sys=0.00s Real=0.00s
[4588.264s][info][gc,marking     ] GC(1360) Concurrent Clear Claimed Marks
[4588.264s][info][gc,marking     ] GC(1360) Concurrent Clear Claimed Marks 0.039ms
[4588.264s][info][gc,marking     ] GC(1360) Concurrent Cleanup for Next Mark
[4588.272s][info][gc,marking     ] GC(1360) Concurrent Cleanup for Next Mark 8.198ms
[4588.272s][info][gc             ] GC(1360) Concurrent Mark Cycle 1633.939ms
[4588.901s][info][gc,start       ] GC(1361) Pause Young (Prepare Mixed) (G1 Evacuation Pause)
[4588.902s][info][gc,task        ] GC(1361) Using 6 workers of 6 for evacuation
[4589.022s][info][gc,phases      ] GC(1361)   Pre Evacuate Collection Set: 0.32ms
[4589.023s][info][gc,phases      ] GC(1361)   Merge Heap Roots: 0.52ms
[4589.023s][info][gc,phases      ] GC(1361)   Evacuate Collection Set: 119.10ms
[4589.023s][info][gc,phases      ] GC(1361)   Post Evacuate Collection Set: 0.96ms
[4589.023s][info][gc,phases      ] GC(1361)   Other: 0.09ms
[4589.023s][info][gc,heap        ] GC(1361) Eden regions: 1116->0(1103)
[4589.023s][info][gc,heap        ] GC(1361) Survivor regions: 112->113(154)
[4589.023s][info][gc,heap        ] GC(1361) Old regions: 504->536
[4589.023s][info][gc,heap        ] GC(1361) Humongous regions: 80->80
[4589.023s][info][gc,metaspace   ] GC(1361) Metaspace: 28911K(29312K)->28911K(29312K) NonClass: 24043K(24256K)->24043K(24256K) Class: 4868K(5056K)->4868K(5056K)
[4589.023s][info][gc             ] GC(1361) Pause Young (Prepare Mixed) (G1 Evacuation Pause) 3621M->1454M(4096M) 121.107ms
[4589.023s][info][gc,cpu         ] GC(1361) User=0.72s Sys=0.00s Real=0.12s
...[4591.115s][info][gc,start       ] GC(1362) Pause Young (Mixed) (G1 Evacuation Pause)
[4591.115s][info][gc,task        ] GC(1362) Using 6 workers of 6 for evacuation
[4591.247s][info][gc,phases      ] GC(1362)   Pre Evacuate Collection Set: 0.33ms
[4591.247s][info][gc,phases      ] GC(1362)   Merge Heap Roots: 0.70ms
[4591.247s][info][gc,phases      ] GC(1362)   Evacuate Collection Set: 129.58ms
[4591.247s][info][gc,phases      ] GC(1362)   Post Evacuate Collection Set: 0.93ms
[4591.247s][info][gc,phases      ] GC(1362)   Other: 0.08ms
[4591.247s][info][gc,heap        ] GC(1362) Eden regions: 1103->0(1121)
[4591.247s][info][gc,heap        ] GC(1362) Survivor regions: 113->107(152)
[4591.247s][info][gc,heap        ] GC(1362) Old regions: 536->474
[4591.247s][info][gc,heap        ] GC(1362) Humongous regions: 80->80
[4591.247s][info][gc,metaspace   ] GC(1362) Metaspace: 28911K(29312K)->28911K(29312K) NonClass: 24043K(24256K)->24043K(24256K) Class: 4868K(5056K)->4868K(5056K)
[4591.247s][info][gc             ] GC(1362) Pause Young (Mixed) (G1 Evacuation Pause) 3660M->1319M(4096M) 131.748ms
[4591.247s][info][gc,cpu         ] GC(1362) User=0.79s Sys=0.00s Real=0.13s
..[4593.403s][info][gc,start       ] GC(1363) Pause Young (Concurrent Start) (G1 Evacuation Pause)
[4593.403s][info][gc,task        ] GC(1363) Using 6 workers of 6 for evacuation
[4593.525s][info][gc,phases      ] GC(1363)   Pre Evacuate Collection Set: 0.38ms
[4593.525s][info][gc,phases      ] GC(1363)   Merge Heap Roots: 0.57ms
[4593.525s][info][gc,phases      ] GC(1363)   Evacuate Collection Set: 120.32ms
[4593.525s][info][gc,phases      ] GC(1363)   Post Evacuate Collection Set: 0.89ms
[4593.525s][info][gc,phases      ] GC(1363)   Other: 0.12ms
[4593.526s][info][gc,heap        ] GC(1363) Eden regions: 1121->0(1117)
[4593.526s][info][gc,heap        ] GC(1363) Survivor regions: 107->111(154)
[4593.526s][info][gc,heap        ] GC(1363) Old regions: 474->505
[4593.526s][info][gc,heap        ] GC(1363) Humongous regions: 80->80
[4593.526s][info][gc,metaspace   ] GC(1363) Metaspace: 28911K(29312K)->28911K(29312K) NonClass: 24043K(24256K)->24043K(24256K) Class: 4868K(5056K)->4868K(5056K)
[4593.526s][info][gc             ] GC(1363) Pause Young (Concurrent Start) (G1 Evacuation Pause) 3561M->1390M(4096M) 122.412ms
[4593.526s][info][gc             ] GC(1364) Concurrent Mark Cycle
[4593.526s][info][gc,marking     ] GC(1364) Concurrent Scan Root Regions
[4593.526s][info][gc,cpu         ] GC(1363) User=0.73s Sys=0.00s Real=0.13s
[4593.705s][info][gc,marking     ] GC(1364) Concurrent Scan Root Regions 179.812ms
[4593.705s][info][gc,marking     ] GC(1364) Concurrent Mark
[4593.705s][info][gc,marking     ] GC(1364) Concurrent Mark From Roots
[4593.705s][info][gc,task        ] GC(1364) Using 2 workers of 2 for marking
.[4594.580s][info][gc,marking     ] GC(1364) Concurrent Mark From Roots 874.570ms
[4594.580s][info][gc,marking     ] GC(1364) Concurrent Preclean
[4594.580s][info][gc,marking     ] GC(1364) Concurrent Preclean 0.138ms
[4594.581s][info][gc,start       ] GC(1364) Pause Remark
[4594.583s][info][gc             ] GC(1364) Pause Remark 2448M->2448M(4096M) 2.628ms
[4594.583s][info][gc,cpu         ] GC(1364) User=0.01s Sys=0.00s Real=0.00s
[4594.583s][info][gc,marking     ] GC(1364) Concurrent Mark 877.924ms
[4594.583s][info][gc,marking     ] GC(1364) Concurrent Rebuild Remembered Sets and Scrub Regions
[4594.971s][info][gc,marking     ] GC(1364) Concurrent Rebuild Remembered Sets and Scrub Regions 387.463ms
[4594.971s][info][gc,start       ] GC(1364) Pause Cleanup
[4594.971s][info][gc             ] GC(1364) Pause Cleanup 2789M->2789M(4096M) 0.103ms
[4594.971s][info][gc,cpu         ] GC(1364) User=0.00s Sys=0.00s Real=0.00s
[4594.971s][info][gc,marking     ] GC(1364) Concurrent Clear Claimed Marks
[4594.971s][info][gc,marking     ] GC(1364) Concurrent Clear Claimed Marks 0.023ms
[4594.971s][info][gc,marking     ] GC(1364) Concurrent Cleanup for Next Mark
[4594.978s][info][gc,marking     ] GC(1364) Concurrent Cleanup for Next Mark 6.965ms
[4594.978s][info][gc             ] GC(1364) Concurrent Mark Cycle 1452.651ms
.[4595.797s][info][gc,start       ] GC(1365) Pause Young (Prepare Mixed) (G1 Evacuation Pause)
[4595.797s][info][gc,task        ] GC(1365) Using 6 workers of 6 for evacuation
[4595.916s][info][gc,phases      ] GC(1365)   Pre Evacuate Collection Set: 0.32ms
[4595.916s][info][gc,phases      ] GC(1365)   Merge Heap Roots: 0.53ms
[4595.916s][info][gc,phases      ] GC(1365)   Evacuate Collection Set: 116.92ms
[4595.916s][info][gc,phases      ] GC(1365)   Post Evacuate Collection Set: 0.93ms
[4595.916s][info][gc,phases      ] GC(1365)   Other: 0.08ms
[4595.916s][info][gc,heap        ] GC(1365) Eden regions: 1117->0(1105)
[4595.916s][info][gc,heap        ] GC(1365) Survivor regions: 111->112(154)
[4595.916s][info][gc,heap        ] GC(1365) Old regions: 505->536
[4595.916s][info][gc,heap        ] GC(1365) Humongous regions: 80->80
[4595.916s][info][gc,metaspace   ] GC(1365) Metaspace: 28911K(29312K)->28911K(29312K) NonClass: 24043K(24256K)->24043K(24256K) Class: 4868K(5056K)->4868K(5056K)
[4595.916s][info][gc             ] GC(1365) Pause Young (Prepare Mixed) (G1 Evacuation Pause) 3624M->1453M(4096M) 118.910ms
[4595.916s][info][gc,cpu         ] GC(1365) User=0.71s Sys=0.00s Real=0.12s
..[4597.973s][info][gc,start       ] GC(1366) Pause Young (Mixed) (G1 Evacuation Pause)
[4597.973s][info][gc,task        ] GC(1366) Using 6 workers of 6 for evacuation
[4598.113s][info][gc,phases      ] GC(1366)   Pre Evacuate Collection Set: 0.35ms
[4598.113s][info][gc,phases      ] GC(1366)   Merge Heap Roots: 0.76ms
[4598.113s][info][gc,phases      ] GC(1366)   Evacuate Collection Set: 137.66ms
[4598.113s][info][gc,phases      ] GC(1366)   Post Evacuate Collection Set: 0.95ms
[4598.113s][info][gc,phases      ] GC(1366)   Other: 0.09ms
[4598.113s][info][gc,heap        ] GC(1366) Eden regions: 1105->0(1114)
[4598.113s][info][gc,heap        ] GC(1366) Survivor regions: 112->114(153)
[4598.113s][info][gc,heap        ] GC(1366) Old regions: 536->473
[4598.113s][info][gc,heap        ] GC(1366) Humongous regions: 80->80
[4598.113s][info][gc,metaspace   ] GC(1366) Metaspace: 28911K(29312K)->28911K(29312K) NonClass: 24043K(24256K)->24043K(24256K) Class: 4868K(5056K)->4868K(5056K)
[4598.113s][info][gc             ] GC(1366) Pause Young (Mixed) (G1 Evacuation Pause) 3663M->1331M(4096M) 139.979ms
[4598.113s][info][gc,cpu         ] GC(1366) User=0.83s Sys=0.00s Real=0.14s
...[4600.129s][info][gc,start       ] GC(1367) Pause Young (Concurrent Start) (G1 Evacuation Pause)
[4600.129s][info][gc,task        ] GC(1367) Using 6 workers of 6 for evacuation
[4600.248s][info][gc,phases      ] GC(1367)   Pre Evacuate Collection Set: 0.40ms
[4600.248s][info][gc,phases      ] GC(1367)   Merge Heap Roots: 0.48ms
[4600.248s][info][gc,phases      ] GC(1367)   Evacuate Collection Set: 117.40ms
[4600.248s][info][gc,phases      ] GC(1367)   Post Evacuate Collection Set: 0.90ms
[4600.248s][info][gc,phases      ] GC(1367)   Other: 0.14ms
[4600.248s][info][gc,heap        ] GC(1367) Eden regions: 1114->0(1118)
[4600.248s][info][gc,heap        ] GC(1367) Survivor regions: 114->110(154)
[4600.248s][info][gc,heap        ] GC(1367) Old regions: 473->505
[4600.248s][info][gc,heap        ] GC(1367) Humongous regions: 80->80
[4600.248s][info][gc,metaspace   ] GC(1367) Metaspace: 28911K(29312K)->28911K(29312K) NonClass: 24043K(24256K)->24043K(24256K) Class: 4868K(5056K)->4868K(5056K)
[4600.248s][info][gc             ] GC(1367) Pause Young (Concurrent Start) (G1 Evacuation Pause) 3559M->1388M(4096M) 119.451ms
[4600.248s][info][gc             ] GC(1368) Concurrent Mark Cycle
[4600.248s][info][gc,marking     ] GC(1368) Concurrent Scan Root Regions
[4600.248s][info][gc,cpu         ] GC(1367) User=0.71s Sys=0.00s Real=0.12s
[4600.415s][info][gc,marking     ] GC(1368) Concurrent Scan Root Regions 166.537ms
[4600.415s][info][gc,marking     ] GC(1368) Concurrent Mark
[4600.415s][info][gc,marking     ] GC(1368) Concurrent Mark From Roots
[4600.415s][info][gc,task        ] GC(1368) Using 2 workers of 2 for marking
.[4601.265s][info][gc,marking     ] GC(1368) Concurrent Mark From Roots 850.411ms
[4601.265s][info][gc,marking     ] GC(1368) Concurrent Preclean
[4601.266s][info][gc,marking     ] GC(1368) Concurrent Preclean 0.107ms
[4601.266s][info][gc,start       ] GC(1368) Pause Remark
[4601.269s][info][gc             ] GC(1368) Pause Remark 2378M->2378M(4096M) 3.468ms
[4601.270s][info][gc,cpu         ] GC(1368) User=0.02s Sys=0.00s Real=0.00s
[4601.270s][info][gc,marking     ] GC(1368) Concurrent Mark 855.271ms
[4601.270s][info][gc,marking     ] GC(1368) Concurrent Rebuild Remembered Sets and Scrub Regions
[4601.531s][info][gc,marking     ] GC(1368) Concurrent Rebuild Remembered Sets and Scrub Regions 261.237ms
[4601.532s][info][gc,start       ] GC(1368) Pause Cleanup
[4601.532s][info][gc             ] GC(1368) Pause Cleanup 2628M->2628M(4096M) 0.098ms
[4601.532s][info][gc,cpu         ] GC(1368) User=0.00s Sys=0.00s Real=0.00s
[4601.532s][info][gc,marking     ] GC(1368) Concurrent Clear Claimed Marks
[4601.532s][info][gc,marking     ] GC(1368) Concurrent Clear Claimed Marks 0.035ms
[4601.532s][info][gc,marking     ] GC(1368) Concurrent Cleanup for Next Mark
[4601.536s][info][gc,marking     ] GC(1368) Concurrent Cleanup for Next Mark 4.562ms
[4601.536s][info][gc             ] GC(1368) Concurrent Mark Cycle 1288.100ms
.[4602.403s][info][gc,start       ] GC(1369) Pause Young (Prepare Mixed) (G1 Evacuation Pause)
[4602.403s][info][gc,task        ] GC(1369) Using 6 workers of 6 for evacuation
[4602.525s][info][gc,phases      ] GC(1369)   Pre Evacuate Collection Set: 0.31ms
[4602.525s][info][gc,phases      ] GC(1369)   Merge Heap Roots: 0.55ms
[4602.525s][info][gc,phases      ] GC(1369)   Evacuate Collection Set: 119.25ms
[4602.525s][info][gc,phases      ] GC(1369)   Post Evacuate Collection Set: 0.94ms
[4602.525s][info][gc,phases      ] GC(1369)   Other: 0.09ms
[4602.525s][info][gc,heap        ] GC(1369) Eden regions: 1118->0(1108)
[4602.525s][info][gc,heap        ] GC(1369) Survivor regions: 110->110(154)
[4602.525s][info][gc,heap        ] GC(1369) Old regions: 505->537
[4602.525s][info][gc,heap        ] GC(1369) Humongous regions: 80->80
[4602.525s][info][gc,metaspace   ] GC(1369) Metaspace: 28911K(29312K)->28911K(29312K) NonClass: 24043K(24256K)->24043K(24256K) Class: 4868K(5056K)->4868K(5056K)
[4602.525s][info][gc             ] GC(1369) Pause Young (Prepare Mixed) (G1 Evacuation Pause) 3624M->1452M(4096M) 121.305ms
[4602.525s][info][gc,cpu         ] GC(1369) User=0.73s Sys=0.00s Real=0.13s
..|[4604.651s][info][gc,start       ] GC(1370) Pause Young (Mixed) (G1 Evacuation Pause)
[4604.652s][info][gc,task        ] GC(1370) Using 6 workers of 6 for evacuation
[4604.787s][info][gc,phases      ] GC(1370)   Pre Evacuate Collection Set: 0.39ms
[4604.787s][info][gc,phases      ] GC(1370)   Merge Heap Roots: 0.74ms
[4604.787s][info][gc,phases      ] GC(1370)   Evacuate Collection Set: 133.35ms
[4604.787s][info][gc,phases      ] GC(1370)   Post Evacuate Collection Set: 0.96ms
[4604.787s][info][gc,phases      ] GC(1370)   Other: 0.09ms
[4604.787s][info][gc,heap        ] GC(1370) Eden regions: 1108->0(1117)
[4604.787s][info][gc,heap        ] GC(1370) Survivor regions: 110->111(153)
[4604.787s][info][gc,heap        ] GC(1370) Old regions: 537->475
[4604.787s][info][gc,heap        ] GC(1370) Humongous regions: 80->80
[4604.787s][info][gc,metaspace   ] GC(1370) Metaspace: 28911K(29312K)->28911K(29312K) NonClass: 24043K(24256K)->24043K(24256K) Class: 4868K(5056K)->4868K(5056K)
[4604.787s][info][gc             ] GC(1370) Pause Young (Mixed) (G1 Evacuation Pause) 3668M->1328M(4096M) 135.690ms
[4604.787s][info][gc,cpu         ] GC(1370) User=0.81s Sys=0.00s Real=0.14s
..[4606.964s][info][gc,start       ] GC(1371) Pause Young (Concurrent Start) (G1 Evacuation Pause)
[4606.964s][info][gc,task        ] GC(1371) Using 6 workers of 6 for evacuation
[4607.082s][info][gc,phases      ] GC(1371)   Pre Evacuate Collection Set: 0.38ms
[4607.082s][info][gc,phases      ] GC(1371)   Merge Heap Roots: 0.46ms
[4607.082s][info][gc,phases      ] GC(1371)   Evacuate Collection Set: 116.57ms
[4607.082s][info][gc,phases      ] GC(1371)   Post Evacuate Collection Set: 0.90ms
[4607.082s][info][gc,phases      ] GC(1371)   Other: 0.10ms
[4607.082s][info][gc,heap        ] GC(1371) Eden regions: 1117->0(1117)
[4607.082s][info][gc,heap        ] GC(1371) Survivor regions: 111->111(154)
[4607.082s][info][gc,heap        ] GC(1371) Old regions: 475->507
[4607.082s][info][gc,heap        ] GC(1371) Humongous regions: 80->80
[4607.082s][info][gc,metaspace   ] GC(1371) Metaspace: 28911K(29312K)->28911K(29312K) NonClass: 24043K(24256K)->24043K(24256K) Class: 4868K(5056K)->4868K(5056K)
[4607.082s][info][gc             ] GC(1371) Pause Young (Concurrent Start) (G1 Evacuation Pause) 3562M->1394M(4096M) 118.541ms
[4607.082s][info][gc             ] GC(1372) Concurrent Mark Cycle
[4607.082s][info][gc,marking     ] GC(1372) Concurrent Scan Root Regions
[4607.082s][info][gc,cpu         ] GC(1371) User=0.71s Sys=0.00s Real=0.12s
.[4607.251s][info][gc,marking     ] GC(1372) Concurrent Scan Root Regions 169.304ms
[4607.252s][info][gc,marking     ] GC(1372) Concurrent Mark
[4607.252s][info][gc,marking     ] GC(1372) Concurrent Mark From Roots
[4607.252s][info][gc,task        ] GC(1372) Using 2 workers of 2 for marking
.[4608.316s][info][gc,marking     ] GC(1372) Concurrent Mark From Roots 1064.865ms
[4608.316s][info][gc,marking     ] GC(1372) Concurrent Preclean
[4608.317s][info][gc,marking     ] GC(1372) Concurrent Preclean 0.136ms
[4608.318s][info][gc,start       ] GC(1372) Pause Remark
[4608.321s][info][gc             ] GC(1372) Pause Remark 2582M->2582M(4096M) 3.326ms
[4608.321s][info][gc,cpu         ] GC(1372) User=0.01s Sys=0.00s Real=0.00s
[4608.322s][info][gc,marking     ] GC(1372) Concurrent Mark 1070.074ms
[4608.322s][info][gc,marking     ] GC(1372) Concurrent Rebuild Remembered Sets and Scrub Regions
[4608.686s][info][gc,marking     ] GC(1372) Concurrent Rebuild Remembered Sets and Scrub Regions 363.933ms
[4608.686s][info][gc,start       ] GC(1372) Pause Cleanup
[4608.686s][info][gc             ] GC(1372) Pause Cleanup 2970M->2970M(4096M) 0.116ms
[4608.686s][info][gc,cpu         ] GC(1372) User=0.00s Sys=0.00s Real=0.00s
[4608.686s][info][gc,marking     ] GC(1372) Concurrent Clear Claimed Marks
[4608.686s][info][gc,marking     ] GC(1372) Concurrent Clear Claimed Marks 0.022ms
[4608.686s][info][gc,marking     ] GC(1372) Concurrent Cleanup for Next Mark
[4608.690s][info][gc,marking     ] GC(1372) Concurrent Cleanup for Next Mark 4.163ms
[4608.690s][info][gc             ] GC(1372) Concurrent Mark Cycle 1607.935ms
.[4609.314s][info][gc,start       ] GC(1373) Pause Young (Prepare Mixed) (G1 Evacuation Pause)
[4609.314s][info][gc,task        ] GC(1373) Using 6 workers of 6 for evacuation
[4609.434s][info][gc,phases      ] GC(1373)   Pre Evacuate Collection Set: 0.30ms
[4609.434s][info][gc,phases      ] GC(1373)   Merge Heap Roots: 0.52ms
[4609.434s][info][gc,phases      ] GC(1373)   Evacuate Collection Set: 117.86ms
[4609.434s][info][gc,phases      ] GC(1373)   Post Evacuate Collection Set: 0.93ms
[4609.434s][info][gc,phases      ] GC(1373)   Other: 0.09ms
[4609.434s][info][gc,heap        ] GC(1373) Eden regions: 1117->0(1106)
[4609.434s][info][gc,heap        ] GC(1373) Survivor regions: 111->110(154)
[4609.434s][info][gc,heap        ] GC(1373) Old regions: 507->539
[4609.434s][info][gc,heap        ] GC(1373) Humongous regions: 80->80
[4609.434s][info][gc,metaspace   ] GC(1373) Metaspace: 28911K(29312K)->28911K(29312K) NonClass: 24043K(24256K)->24043K(24256K) Class: 4868K(5056K)->4868K(5056K)
[4609.434s][info][gc             ] GC(1373) Pause Young (Prepare Mixed) (G1 Evacuation Pause) 3628M->1454M(4096M) 119.832ms
[4609.434s][info][gc,cpu         ] GC(1373) User=0.71s Sys=0.00s Real=0.12s
..[4611.511s][info][gc,start       ] GC(1374) Pause Young (Mixed) (G1 Evacuation Pause)
[4611.511s][info][gc,task        ] GC(1374) Using 6 workers of 6 for evacuation
[4611.647s][info][gc,phases      ] GC(1374)   Pre Evacuate Collection Set: 0.35ms
[4611.647s][info][gc,phases      ] GC(1374)   Merge Heap Roots: 0.66ms
[4611.647s][info][gc,phases      ] GC(1374)   Evacuate Collection Set: 133.39ms
[4611.647s][info][gc,phases      ] GC(1374)   Post Evacuate Collection Set: 0.97ms
[4611.647s][info][gc,phases      ] GC(1374)   Other: 0.08ms
[4611.647s][info][gc,heap        ] GC(1374) Eden regions: 1106->0(1117)
[4611.647s][info][gc,heap        ] GC(1374) Survivor regions: 110->111(152)
[4611.647s][info][gc,heap        ] GC(1374) Old regions: 539->474
[4611.647s][info][gc,heap        ] GC(1374) Humongous regions: 80->80
[4611.647s][info][gc,metaspace   ] GC(1374) Metaspace: 28911K(29312K)->28911K(29312K) NonClass: 24043K(24256K)->24043K(24256K) Class: 4868K(5056K)->4868K(5056K)
[4611.647s][info][gc             ] GC(1374) Pause Young (Mixed) (G1 Evacuation Pause) 3666M->1327M(4096M) 135.587ms
[4611.647s][info][gc,cpu         ] GC(1374) User=0.81s Sys=0.00s Real=0.14s
..[4613.754s][info][gc,start       ] GC(1375) Pause Young (Concurrent Start) (G1 Evacuation Pause)
[4613.754s][info][gc,task        ] GC(1375) Using 6 workers of 6 for evacuation
[4613.871s][info][gc,phases      ] GC(1375)   Pre Evacuate Collection Set: 0.36ms
[4613.871s][info][gc,phases      ] GC(1375)   Merge Heap Roots: 0.50ms
[4613.871s][info][gc,phases      ] GC(1375)   Evacuate Collection Set: 115.18ms
[4613.871s][info][gc,phases      ] GC(1375)   Post Evacuate Collection Set: 0.88ms
[4613.871s][info][gc,phases      ] GC(1375)   Other: 0.11ms
[4613.871s][info][gc,heap        ] GC(1375) Eden regions: 1117->0(1119)
[4613.871s][info][gc,heap        ] GC(1375) Survivor regions: 111->109(154)
[4613.871s][info][gc,heap        ] GC(1375) Old regions: 474->507
[4613.871s][info][gc,heap        ] GC(1375) Humongous regions: 80->80
[4613.871s][info][gc,metaspace   ] GC(1375) Metaspace: 28911K(29312K)->28911K(29312K) NonClass: 24043K(24256K)->24043K(24256K) Class: 4868K(5056K)->4868K(5056K)
[4613.871s][info][gc             ] GC(1375) Pause Young (Concurrent Start) (G1 Evacuation Pause) 3561M->1389M(4096M) 117.190ms
[4613.871s][info][gc             ] GC(1376) Concurrent Mark Cycle
[4613.871s][info][gc,marking     ] GC(1376) Concurrent Scan Root Regions
[4613.871s][info][gc,cpu         ] GC(1375) User=0.70s Sys=0.00s Real=0.12s
[4613.998s][info][gc,marking     ] GC(1376) Concurrent Scan Root Regions 126.855ms
[4613.998s][info][gc,marking     ] GC(1376) Concurrent Mark
[4613.998s][info][gc,marking     ] GC(1376) Concurrent Mark From Roots
[4613.998s][info][gc,task        ] GC(1376) Using 2 workers of 2 for marking
.[4614.719s][info][gc,marking     ] GC(1376) Concurrent Mark From Roots 720.485ms
[4614.719s][info][gc,marking     ] GC(1376) Concurrent Preclean
[4614.719s][info][gc,marking     ] GC(1376) Concurrent Preclean 0.104ms
[4614.719s][info][gc,start       ] GC(1376) Pause Remark
[4614.722s][info][gc             ] GC(1376) Pause Remark 2221M->2221M(4096M) 2.744ms
[4614.722s][info][gc,cpu         ] GC(1376) User=0.01s Sys=0.00s Real=0.00s
[4614.722s][info][gc,marking     ] GC(1376) Concurrent Mark 723.691ms
[4614.722s][info][gc,marking     ] GC(1376) Concurrent Rebuild Remembered Sets and Scrub Regions
[4615.129s][info][gc,marking     ] GC(1376) Concurrent Rebuild Remembered Sets and Scrub Regions 407.562ms
[4615.130s][info][gc,start       ] GC(1376) Pause Cleanup
[4615.130s][info][gc             ] GC(1376) Pause Cleanup 2625M->2625M(4096M) 0.106ms
[4615.130s][info][gc,cpu         ] GC(1376) User=0.00s Sys=0.00s Real=0.00s
[4615.130s][info][gc,marking     ] GC(1376) Concurrent Clear Claimed Marks
[4615.130s][info][gc,marking     ] GC(1376) Concurrent Clear Claimed Marks 0.026ms
[4615.130s][info][gc,marking     ] GC(1376) Concurrent Cleanup for Next Mark
[4615.134s][info][gc,marking     ] GC(1376) Concurrent Cleanup for Next Mark 4.362ms
[4615.134s][info][gc             ] GC(1376) Concurrent Mark Cycle 1263.000ms
.[4616.065s][info][gc,start       ] GC(1377) Pause Young (Prepare Mixed) (G1 Evacuation Pause)
[4616.065s][info][gc,task        ] GC(1377) Using 6 workers of 6 for evacuation
[4616.182s][info][gc,phases      ] GC(1377)   Pre Evacuate Collection Set: 0.32ms
[4616.182s][info][gc,phases      ] GC(1377)   Merge Heap Roots: 0.54ms
[4616.182s][info][gc,phases      ] GC(1377)   Evacuate Collection Set: 114.98ms
[4616.182s][info][gc,phases      ] GC(1377)   Post Evacuate Collection Set: 0.98ms
[4616.182s][info][gc,phases      ] GC(1377)   Other: 0.08ms
[4616.182s][info][gc,heap        ] GC(1377) Eden regions: 1119->0(1110)
[4616.182s][info][gc,heap        ] GC(1377) Survivor regions: 109->108(154)
[4616.182s][info][gc,heap        ] GC(1377) Old regions: 507->539
[4616.182s][info][gc,heap        ] GC(1377) Humongous regions: 80->80
[4616.182s][info][gc,metaspace   ] GC(1377) Metaspace: 28911K(29312K)->28911K(29312K) NonClass: 24043K(24256K)->24043K(24256K) Class: 4868K(5056K)->4868K(5056K)
[4616.182s][info][gc             ] GC(1377) Pause Young (Prepare Mixed) (G1 Evacuation Pause) 3627M->1450M(4096M) 117.029ms
[4616.183s][info][gc,cpu         ] GC(1377) User=0.70s Sys=0.00s Real=0.11s
..[4618.198s][info][gc,start       ] GC(1378) Pause Young (Mixed) (G1 Evacuation Pause)
[4618.198s][info][gc,task        ] GC(1378) Using 6 workers of 6 for evacuation
[4618.333s][info][gc,phases      ] GC(1378)   Pre Evacuate Collection Set: 0.37ms
[4618.333s][info][gc,phases      ] GC(1378)   Merge Heap Roots: 0.78ms
[4618.333s][info][gc,phases      ] GC(1378)   Evacuate Collection Set: 133.40ms
[4618.333s][info][gc,phases      ] GC(1378)   Post Evacuate Collection Set: 0.98ms
[4618.333s][info][gc,phases      ] GC(1378)   Other: 0.09ms
[4618.333s][info][gc,heap        ] GC(1378) Eden regions: 1110->0(1118)
[4618.333s][info][gc,heap        ] GC(1378) Survivor regions: 108->110(153)
[4618.333s][info][gc,heap        ] GC(1378) Old regions: 539->476
[4618.333s][info][gc,heap        ] GC(1378) Humongous regions: 80->80
[4618.333s][info][gc,metaspace   ] GC(1378) Metaspace: 28911K(29312K)->28911K(29312K) NonClass: 24043K(24256K)->24043K(24256K) Class: 4868K(5056K)->4868K(5056K)
[4618.333s][info][gc             ] GC(1378) Pause Young (Mixed) (G1 Evacuation Pause) 3670M->1329M(4096M) 135.769ms
[4618.333s][info][gc,cpu         ] GC(1378) User=0.81s Sys=0.00s Real=0.13s
...[4620.555s][info][gc,start       ] GC(1379) Pause Young (Concurrent Start) (G1 Evacuation Pause)
[4620.555s][info][gc,task        ] GC(1379) Using 6 workers of 6 for evacuation
[4620.676s][info][gc,phases      ] GC(1379)   Pre Evacuate Collection Set: 0.34ms
[4620.676s][info][gc,phases      ] GC(1379)   Merge Heap Roots: 0.48ms
[4620.676s][info][gc,phases      ] GC(1379)   Evacuate Collection Set: 118.98ms
[4620.676s][info][gc,phases      ] GC(1379)   Post Evacuate Collection Set: 0.88ms
[4620.676s][info][gc,phases      ] GC(1379)   Other: 0.13ms
[4620.676s][info][gc,heap        ] GC(1379) Eden regions: 1118->0(1116)
[4620.676s][info][gc,heap        ] GC(1379) Survivor regions: 110->112(154)
[4620.676s][info][gc,heap        ] GC(1379) Old regions: 476->508
[4620.676s][info][gc,heap        ] GC(1379) Humongous regions: 80->80
[4620.676s][info][gc,metaspace   ] GC(1379) Metaspace: 28911K(29312K)->28911K(29312K) NonClass: 24043K(24256K)->24043K(24256K) Class: 4868K(5056K)->4868K(5056K)
[4620.676s][info][gc             ] GC(1379) Pause Young (Concurrent Start) (G1 Evacuation Pause) 3565M->1397M(4096M) 120.954ms
[4620.676s][info][gc             ] GC(1380) Concurrent Mark Cycle
[4620.676s][info][gc,marking     ] GC(1380) Concurrent Scan Root Regions
[4620.676s][info][gc,cpu         ] GC(1379) User=0.72s Sys=0.01s Real=0.12s
[4620.842s][info][gc,marking     ] GC(1380) Concurrent Scan Root Regions 166.236ms
[4620.842s][info][gc,marking     ] GC(1380) Concurrent Mark
[4620.842s][info][gc,marking     ] GC(1380) Concurrent Mark From Roots
[4620.842s][info][gc,task        ] GC(1380) Using 2 workers of 2 for marking
.[4621.868s][info][gc,marking     ] GC(1380) Concurrent Mark From Roots 1026.245ms
[4621.868s][info][gc,marking     ] GC(1380) Concurrent Preclean
[4621.869s][info][gc,marking     ] GC(1380) Concurrent Preclean 0.132ms
[4621.871s][info][gc,start       ] GC(1380) Pause Remark
[4621.874s][info][gc             ] GC(1380) Pause Remark 2509M->2509M(4096M) 3.774ms
[4621.875s][info][gc,cpu         ] GC(1380) User=0.02s Sys=0.00s Real=0.00s
[4621.875s][info][gc,marking     ] GC(1380) Concurrent Mark 1032.555ms
[4621.875s][info][gc,marking     ] GC(1380) Concurrent Rebuild Remembered Sets and Scrub Regions
[4622.292s][info][gc,marking     ] GC(1380) Concurrent Rebuild Remembered Sets and Scrub Regions 417.542ms
[4622.292s][info][gc,start       ] GC(1380) Pause Cleanup
[4622.293s][info][gc             ] GC(1380) Pause Cleanup 3063M->3063M(4096M) 0.117ms
[4622.293s][info][gc,cpu         ] GC(1380) User=0.00s Sys=0.00s Real=0.00s
[4622.293s][info][gc,marking     ] GC(1380) Concurrent Clear Claimed Marks
[4622.293s][info][gc,marking     ] GC(1380) Concurrent Clear Claimed Marks 0.024ms
[4622.293s][info][gc,marking     ] GC(1380) Concurrent Cleanup for Next Mark
[4622.305s][info][gc,marking     ] GC(1380) Concurrent Cleanup for Next Mark 12.457ms
[4622.305s][info][gc             ] GC(1380) Concurrent Mark Cycle 1629.331ms
.[4622.855s][info][gc,start       ] GC(1381) Pause Young (Prepare Mixed) (G1 Evacuation Pause)
[4622.855s][info][gc,task        ] GC(1381) Using 6 workers of 6 for evacuation
[4622.973s][info][gc,phases      ] GC(1381)   Pre Evacuate Collection Set: 0.31ms
[4622.973s][info][gc,phases      ] GC(1381)   Merge Heap Roots: 0.52ms
[4622.973s][info][gc,phases      ] GC(1381)   Evacuate Collection Set: 116.23ms
[4622.973s][info][gc,phases      ] GC(1381)   Post Evacuate Collection Set: 0.92ms
[4622.973s][info][gc,phases      ] GC(1381)   Other: 0.08ms
[4622.973s][info][gc,heap        ] GC(1381) Eden regions: 1116->0(1103)
[4622.973s][info][gc,heap        ] GC(1381) Survivor regions: 112->111(154)
[4622.973s][info][gc,heap        ] GC(1381) Old regions: 508->540
[4622.973s][info][gc,heap        ] GC(1381) Humongous regions: 80->80
[4622.973s][info][gc,metaspace   ] GC(1381) Metaspace: 28911K(29312K)->28911K(29312K) NonClass: 24043K(24256K)->24043K(24256K) Class: 4868K(5056K)->4868K(5056K)
[4622.973s][info][gc             ] GC(1381) Pause Young (Prepare Mixed) (G1 Evacuation Pause) 3629M->1459M(4096M) 118.208ms
[4622.973s][info][gc,cpu         ] GC(1381) User=0.71s Sys=0.00s Real=0.11s
..[4625.038s][info][gc,start       ] GC(1382) Pause Young (Mixed) (G1 Evacuation Pause)
[4625.038s][info][gc,task        ] GC(1382) Using 6 workers of 6 for evacuation
[4625.177s][info][gc,phases      ] GC(1382)   Pre Evacuate Collection Set: 0.36ms
[4625.177s][info][gc,phases      ] GC(1382)   Merge Heap Roots: 0.82ms
[4625.177s][info][gc,phases      ] GC(1382)   Evacuate Collection Set: 136.17ms
[4625.177s][info][gc,phases      ] GC(1382)   Post Evacuate Collection Set: 0.96ms
[4625.177s][info][gc,phases      ] GC(1382)   Other: 0.09ms
[4625.177s][info][gc,heap        ] GC(1382) Eden regions: 1103->0(1120)
[4625.177s][info][gc,heap        ] GC(1382) Survivor regions: 111->108(152)
[4625.177s][info][gc,heap        ] GC(1382) Old regions: 540->474
[4625.177s][info][gc,heap        ] GC(1382) Humongous regions: 80->80
[4625.177s][info][gc,metaspace   ] GC(1382) Metaspace: 28911K(29312K)->28911K(29312K) NonClass: 24043K(24256K)->24043K(24256K) Class: 4868K(5056K)->4868K(5056K)
[4625.177s][info][gc             ] GC(1382) Pause Young (Mixed) (G1 Evacuation Pause) 3665M->1322M(4096M) 138.554ms
[4625.177s][info][gc,cpu         ] GC(1382) User=0.82s Sys=0.00s Real=0.14s
..[4627.292s][info][gc,start       ] GC(1383) Pause Young (Concurrent Start) (G1 Evacuation Pause)
[4627.293s][info][gc,task        ] GC(1383) Using 6 workers of 6 for evacuation
[4627.411s][info][gc,phases      ] GC(1383)   Pre Evacuate Collection Set: 0.38ms
[4627.411s][info][gc,phases      ] GC(1383)   Merge Heap Roots: 0.49ms
[4627.411s][info][gc,phases      ] GC(1383)   Evacuate Collection Set: 117.06ms
[4627.411s][info][gc,phases      ] GC(1383)   Post Evacuate Collection Set: 0.88ms
[4627.411s][info][gc,phases      ] GC(1383)   Other: 0.12ms
[4627.411s][info][gc,heap        ] GC(1383) Eden regions: 1120->0(1116)
[4627.411s][info][gc,heap        ] GC(1383) Survivor regions: 108->112(154)
[4627.411s][info][gc,heap        ] GC(1383) Old regions: 474->505
[4627.412s][info][gc,heap        ] GC(1383) Humongous regions: 80->80
[4627.412s][info][gc,metaspace   ] GC(1383) Metaspace: 28911K(29312K)->28911K(29312K) NonClass: 24043K(24256K)->24043K(24256K) Class: 4868K(5056K)->4868K(5056K)
[4627.412s][info][gc             ] GC(1383) Pause Young (Concurrent Start) (G1 Evacuation Pause) 3562M->1391M(4096M) 119.064ms
[4627.412s][info][gc             ] GC(1384) Concurrent Mark Cycle
[4627.412s][info][gc,marking     ] GC(1384) Concurrent Scan Root Regions
[4627.412s][info][gc,cpu         ] GC(1383) User=0.71s Sys=0.00s Real=0.12s
.[4627.580s][info][gc,marking     ] GC(1384) Concurrent Scan Root Regions 168.606ms
[4627.580s][info][gc,marking     ] GC(1384) Concurrent Mark
[4627.580s][info][gc,marking     ] GC(1384) Concurrent Mark From Roots
[4627.580s][info][gc,task        ] GC(1384) Using 2 workers of 2 for marking
.[4628.622s][info][gc,marking     ] GC(1384) Concurrent Mark From Roots 1041.929ms
[4628.622s][info][gc,marking     ] GC(1384) Concurrent Preclean
[4628.622s][info][gc,marking     ] GC(1384) Concurrent Preclean 0.101ms
[4628.625s][info][gc,start       ] GC(1384) Pause Remark
[4628.629s][info][gc             ] GC(1384) Pause Remark 2611M->2611M(4096M) 3.540ms
[4628.629s][info][gc,cpu         ] GC(1384) User=0.02s Sys=0.00s Real=0.00s
[4628.629s][info][gc,marking     ] GC(1384) Concurrent Mark 1049.203ms
[4628.629s][info][gc,marking     ] GC(1384) Concurrent Rebuild Remembered Sets and Scrub Regions
[4629.006s][info][gc,marking     ] GC(1384) Concurrent Rebuild Remembered Sets and Scrub Regions 376.813ms
[4629.007s][info][gc,start       ] GC(1384) Pause Cleanup
[4629.007s][info][gc             ] GC(1384) Pause Cleanup 2949M->2949M(4096M) 0.122ms
[4629.007s][info][gc,cpu         ] GC(1384) User=0.00s Sys=0.00s Real=0.00s
[4629.008s][info][gc,marking     ] GC(1384) Concurrent Clear Claimed Marks
[4629.008s][info][gc,marking     ] GC(1384) Concurrent Clear Claimed Marks 0.036ms
[4629.008s][info][gc,marking     ] GC(1384) Concurrent Cleanup for Next Mark
[4629.031s][info][gc,marking     ] GC(1384) Concurrent Cleanup for Next Mark 22.456ms
[4629.031s][info][gc             ] GC(1384) Concurrent Mark Cycle 1618.981ms
[4629.501s][info][gc,start       ] GC(1385) Pause Young (Prepare Mixed) (G1 Evacuation Pause)
[4629.501s][info][gc,task        ] GC(1385) Using 6 workers of 6 for evacuation
[4629.622s][info][gc,phases      ] GC(1385)   Pre Evacuate Collection Set: 0.33ms
[4629.622s][info][gc,phases      ] GC(1385)   Merge Heap Roots: 0.53ms
[4629.622s][info][gc,phases      ] GC(1385)   Evacuate Collection Set: 118.78ms
[4629.622s][info][gc,phases      ] GC(1385)   Post Evacuate Collection Set: 0.89ms
[4629.622s][info][gc,phases      ] GC(1385)   Other: 0.09ms
[4629.622s][info][gc,heap        ] GC(1385) Eden regions: 1116->0(1102)
[4629.622s][info][gc,heap        ] GC(1385) Survivor regions: 112->113(154)
[4629.622s][info][gc,heap        ] GC(1385) Old regions: 505->537
[4629.622s][info][gc,heap        ] GC(1385) Humongous regions: 80->80
[4629.622s][info][gc,metaspace   ] GC(1385) Metaspace: 28911K(29312K)->28911K(29312K) NonClass: 24043K(24256K)->24043K(24256K) Class: 4868K(5056K)->4868K(5056K)
[4629.622s][info][gc             ] GC(1385) Pause Young (Prepare Mixed) (G1 Evacuation Pause) 3623M->1456M(4096M) 120.749ms
[4629.622s][info][gc,cpu         ] GC(1385) User=0.72s Sys=0.00s Real=0.12s
...[4631.702s][info][gc,start       ] GC(1386) Pause Young (Mixed) (G1 Evacuation Pause)
[4631.702s][info][gc,task        ] GC(1386) Using 6 workers of 6 for evacuation
[4631.838s][info][gc,phases      ] GC(1386)   Pre Evacuate Collection Set: 0.34ms
[4631.838s][info][gc,phases      ] GC(1386)   Merge Heap Roots: 0.67ms
[4631.838s][info][gc,phases      ] GC(1386)   Evacuate Collection Set: 133.81ms
[4631.838s][info][gc,phases      ] GC(1386)   Post Evacuate Collection Set: 0.93ms
[4631.838s][info][gc,phases      ] GC(1386)   Other: 0.09ms
[4631.838s][info][gc,heap        ] GC(1386) Eden regions: 1102->0(1117)
[4631.838s][info][gc,heap        ] GC(1386) Survivor regions: 113->111(152)
[4631.838s][info][gc,heap        ] GC(1386) Old regions: 537->474
[4631.838s][info][gc,heap        ] GC(1386) Humongous regions: 80->80
[4631.838s][info][gc,metaspace   ] GC(1386) Metaspace: 28911K(29312K)->28911K(29312K) NonClass: 24043K(24256K)->24043K(24256K) Class: 4868K(5056K)->4868K(5056K)
[4631.838s][info][gc             ] GC(1386) Pause Young (Mixed) (G1 Evacuation Pause) 3660M->1326M(4096M) 135.952ms
[4631.838s][info][gc,cpu         ] GC(1386) User=0.81s Sys=0.00s Real=0.14s
..[4633.984s][info][gc,start       ] GC(1387) Pause Young (Concurrent Start) (G1 Evacuation Pause)
[4633.984s][info][gc,task        ] GC(1387) Using 6 workers of 6 for evacuation
[4634.107s][info][gc,phases      ] GC(1387)   Pre Evacuate Collection Set: 0.37ms
[4634.107s][info][gc,phases      ] GC(1387)   Merge Heap Roots: 0.49ms
[4634.107s][info][gc,phases      ] GC(1387)   Evacuate Collection Set: 121.66ms
[4634.107s][info][gc,phases      ] GC(1387)   Post Evacuate Collection Set: 0.88ms
[4634.107s][info][gc,phases      ] GC(1387)   Other: 0.12ms
[4634.107s][info][gc,heap        ] GC(1387) Eden regions: 1117->0(1113)
[4634.107s][info][gc,heap        ] GC(1387) Survivor regions: 111->115(154)
[4634.107s][info][gc,heap        ] GC(1387) Old regions: 474->506
[4634.107s][info][gc,heap        ] GC(1387) Humongous regions: 80->80
[4634.107s][info][gc,metaspace   ] GC(1387) Metaspace: 28911K(29312K)->28911K(29312K) NonClass: 24043K(24256K)->24043K(24256K) Class: 4868K(5056K)->4868K(5056K)
[4634.107s][info][gc             ] GC(1387) Pause Young (Concurrent Start) (G1 Evacuation Pause) 3560M->1399M(4096M) 123.667ms
[4634.107s][info][gc             ] GC(1388) Concurrent Mark Cycle
[4634.107s][info][gc,marking     ] GC(1388) Concurrent Scan Root Regions
[4634.107s][info][gc,cpu         ] GC(1387) User=0.73s Sys=0.00s Real=0.13s
[4634.266s][info][gc,marking     ] GC(1388) Concurrent Scan Root Regions 158.899ms
[4634.266s][info][gc,marking     ] GC(1388) Concurrent Mark
[4634.266s][info][gc,marking     ] GC(1388) Concurrent Mark From Roots
[4634.266s][info][gc,task        ] GC(1388) Using 2 workers of 2 for marking
.[4635.085s][info][gc,marking     ] GC(1388) Concurrent Mark From Roots 818.879ms
[4635.085s][info][gc,marking     ] GC(1388) Concurrent Preclean
[4635.085s][info][gc,marking     ] GC(1388) Concurrent Preclean 0.105ms
[4635.086s][info][gc,start       ] GC(1388) Pause Remark
[4635.090s][info][gc             ] GC(1388) Pause Remark 2365M->2365M(4096M) 3.554ms
[4635.090s][info][gc,cpu         ] GC(1388) User=0.02s Sys=0.00s Real=0.00s
[4635.090s][info][gc,marking     ] GC(1388) Concurrent Mark 823.928ms
[4635.090s][info][gc,marking     ] GC(1388) Concurrent Rebuild Remembered Sets and Scrub Regions
[4635.401s][info][gc,marking     ] GC(1388) Concurrent Rebuild Remembered Sets and Scrub Regions 311.119ms
[4635.401s][info][gc,start       ] GC(1388) Pause Cleanup
[4635.402s][info][gc             ] GC(1388) Pause Cleanup 2699M->2699M(4096M) 0.108ms
[4635.402s][info][gc,cpu         ] GC(1388) User=0.00s Sys=0.00s Real=0.00s
[4635.402s][info][gc,marking     ] GC(1388) Concurrent Clear Claimed Marks
[4635.402s][info][gc,marking     ] GC(1388) Concurrent Clear Claimed Marks 0.021ms
[4635.402s][info][gc,marking     ] GC(1388) Concurrent Cleanup for Next Mark
[4635.407s][info][gc,marking     ] GC(1388) Concurrent Cleanup for Next Mark 5.103ms
[4635.407s][info][gc             ] GC(1388) Concurrent Mark Cycle 1299.512ms
.[4636.224s][info][gc,start       ] GC(1389) Pause Young (Prepare Mixed) (G1 Evacuation Pause)
[4636.224s][info][gc,task        ] GC(1389) Using 6 workers of 6 for evacuation
[4636.340s][info][gc,phases      ] GC(1389)   Pre Evacuate Collection Set: 0.34ms
[4636.340s][info][gc,phases      ] GC(1389)   Merge Heap Roots: 0.55ms
[4636.340s][info][gc,phases      ] GC(1389)   Evacuate Collection Set: 114.17ms
[4636.340s][info][gc,phases      ] GC(1389)   Post Evacuate Collection Set: 0.94ms
[4636.340s][info][gc,phases      ] GC(1389)   Other: 0.09ms
[4636.340s][info][gc,heap        ] GC(1389) Eden regions: 1113->0(1110)
[4636.340s][info][gc,heap        ] GC(1389) Survivor regions: 115->109(154)
[4636.340s][info][gc,heap        ] GC(1389) Old regions: 506->537
[4636.340s][info][gc,heap        ] GC(1389) Humongous regions: 80->80
[4636.340s][info][gc,metaspace   ] GC(1389) Metaspace: 28911K(29312K)->28911K(29312K) NonClass: 24043K(24256K)->24043K(24256K) Class: 4868K(5056K)->4868K(5056K)
[4636.340s][info][gc             ] GC(1389) Pause Young (Prepare Mixed) (G1 Evacuation Pause) 3625M->1449M(4096M) 116.207ms
[4636.340s][info][gc,cpu         ] GC(1389) User=0.69s Sys=0.00s Real=0.12s
..[4638.456s][info][gc,start       ] GC(1390) Pause Young (Mixed) (G1 Evacuation Pause)
[4638.456s][info][gc,task        ] GC(1390) Using 6 workers of 6 for evacuation
[4638.601s][info][gc,phases      ] GC(1390)   Pre Evacuate Collection Set: 0.39ms
[4638.601s][info][gc,phases      ] GC(1390)   Merge Heap Roots: 0.86ms
[4638.601s][info][gc,phases      ] GC(1390)   Evacuate Collection Set: 142.71ms
[4638.601s][info][gc,phases      ] GC(1390)   Post Evacuate Collection Set: 0.94ms
[4638.601s][info][gc,phases      ] GC(1390)   Other: 0.08ms
[4638.601s][info][gc,heap        ] GC(1390) Eden regions: 1110->0(1116)
[4638.601s][info][gc,heap        ] GC(1390) Survivor regions: 109->112(153)
[4638.601s][info][gc,heap        ] GC(1390) Old regions: 537->475
[4638.601s][info][gc,heap        ] GC(1390) Humongous regions: 80->80
[4638.601s][info][gc,metaspace   ] GC(1390) Metaspace: 28911K(29312K)->28911K(29312K) NonClass: 24043K(24256K)->24043K(24256K) Class: 4868K(5056K)->4868K(5056K)
[4638.601s][info][gc             ] GC(1390) Pause Young (Mixed) (G1 Evacuation Pause) 3669M->1332M(4096M) 145.111ms
[4638.601s][info][gc,cpu         ] GC(1390) User=0.86s Sys=0.00s Real=0.14s
..[4640.642s][info][gc,start       ] GC(1391) Pause Young (Concurrent Start) (G1 Evacuation Pause)
[4640.642s][info][gc,task        ] GC(1391) Using 6 workers of 6 for evacuation
[4640.766s][info][gc,phases      ] GC(1391)   Pre Evacuate Collection Set: 0.35ms
[4640.766s][info][gc,phases      ] GC(1391)   Merge Heap Roots: 0.49ms
[4640.766s][info][gc,phases      ] GC(1391)   Evacuate Collection Set: 122.59ms
[4640.766s][info][gc,phases      ] GC(1391)   Post Evacuate Collection Set: 0.87ms
[4640.766s][info][gc,phases      ] GC(1391)   Other: 0.11ms
[4640.766s][info][gc,heap        ] GC(1391) Eden regions: 1116->0(1114)
[4640.766s][info][gc,heap        ] GC(1391) Survivor regions: 112->114(154)
[4640.766s][info][gc,heap        ] GC(1391) Old regions: 475->508
[4640.766s][info][gc,heap        ] GC(1391) Humongous regions: 80->80
[4640.766s][info][gc,metaspace   ] GC(1391) Metaspace: 28911K(29312K)->28911K(29312K) NonClass: 24043K(24256K)->24043K(24256K) Class: 4868K(5056K)->4868K(5056K)
[4640.766s][info][gc             ] GC(1391) Pause Young (Concurrent Start) (G1 Evacuation Pause) 3564M->1401M(4096M) 124.537ms
[4640.766s][info][gc             ] GC(1392) Concurrent Mark Cycle
[4640.766s][info][gc,marking     ] GC(1392) Concurrent Scan Root Regions
[4640.766s][info][gc,cpu         ] GC(1391) User=0.74s Sys=0.00s Real=0.13s
[4640.935s][info][gc,marking     ] GC(1392) Concurrent Scan Root Regions 168.853ms
[4640.935s][info][gc,marking     ] GC(1392) Concurrent Mark
[4640.935s][info][gc,marking     ] GC(1392) Concurrent Mark From Roots
[4640.935s][info][gc,task        ] GC(1392) Using 2 workers of 2 for marking
.[4641.974s][info][gc,marking     ] GC(1392) Concurrent Mark From Roots 1038.480ms
[4641.974s][info][gc,marking     ] GC(1392) Concurrent Preclean
[4641.974s][info][gc,marking     ] GC(1392) Concurrent Preclean 0.092ms
[4641.978s][info][gc,start       ] GC(1392) Pause Remark
[4641.983s][info][gc             ] GC(1392) Pause Remark 2529M->2529M(4096M) 4.622ms
[4641.983s][info][gc,cpu         ] GC(1392) User=0.02s Sys=0.00s Real=0.00s
[4641.983s][info][gc,marking     ] GC(1392) Concurrent Mark 1047.530ms
[4641.983s][info][gc,marking     ] GC(1392) Concurrent Rebuild Remembered Sets and Scrub Regions
.[4642.257s][info][gc,marking     ] GC(1392) Concurrent Rebuild Remembered Sets and Scrub Regions 274.464ms
[4642.258s][info][gc,start       ] GC(1392) Pause Cleanup
[4642.258s][info][gc             ] GC(1392) Pause Cleanup 2828M->2828M(4096M) 0.117ms
[4642.258s][info][gc,cpu         ] GC(1392) User=0.00s Sys=0.00s Real=0.00s
[4642.258s][info][gc,marking     ] GC(1392) Concurrent Clear Claimed Marks
[4642.258s][info][gc,marking     ] GC(1392) Concurrent Clear Claimed Marks 0.030ms
[4642.258s][info][gc,marking     ] GC(1392) Concurrent Cleanup for Next Mark
[4642.264s][info][gc,marking     ] GC(1392) Concurrent Cleanup for Next Mark 6.070ms
[4642.265s][info][gc             ] GC(1392) Concurrent Mark Cycle 1498.080ms
[4642.975s][info][gc,start       ] GC(1393) Pause Young (Prepare Mixed) (G1 Evacuation Pause)
[4642.975s][info][gc,task        ] GC(1393) Using 6 workers of 6 for evacuation
[4643.103s][info][gc,phases      ] GC(1393)   Pre Evacuate Collection Set: 0.35ms
[4643.103s][info][gc,phases      ] GC(1393)   Merge Heap Roots: 0.60ms
[4643.103s][info][gc,phases      ] GC(1393)   Evacuate Collection Set: 126.58ms
[4643.103s][info][gc,phases      ] GC(1393)   Post Evacuate Collection Set: 0.89ms
[4643.103s][info][gc,phases      ] GC(1393)   Other: 0.09ms
[4643.103s][info][gc,heap        ] GC(1393) Eden regions: 1114->0(1090)
[4643.103s][info][gc,heap        ] GC(1393) Survivor regions: 114->118(154)
[4643.103s][info][gc,heap        ] GC(1393) Old regions: 508->539
[4643.103s][info][gc,heap        ] GC(1393) Humongous regions: 80->80
[4643.103s][info][gc,metaspace   ] GC(1393) Metaspace: 28911K(29312K)->28911K(29312K) NonClass: 24043K(24256K)->24043K(24256K) Class: 4868K(5056K)->4868K(5056K)
[4643.103s][info][gc             ] GC(1393) Pause Young (Prepare Mixed) (G1 Evacuation Pause) 3629M->1472M(4096M) 128.637ms
[4643.103s][info][gc,cpu         ] GC(1393) User=0.76s Sys=0.00s Real=0.13s
..[4645.137s][info][gc,start       ] GC(1394) Pause Young (Mixed) (G1 Evacuation Pause)
[4645.137s][info][gc,task        ] GC(1394) Using 6 workers of 6 for evacuation
[4645.269s][info][gc,phases      ] GC(1394)   Pre Evacuate Collection Set: 0.37ms
[4645.269s][info][gc,phases      ] GC(1394)   Merge Heap Roots: 0.73ms
[4645.269s][info][gc,phases      ] GC(1394)   Evacuate Collection Set: 129.81ms
[4645.269s][info][gc,phases      ] GC(1394)   Post Evacuate Collection Set: 0.94ms
[4645.269s][info][gc,phases      ] GC(1394)   Other: 0.09ms
[4645.269s][info][gc,heap        ] GC(1394) Eden regions: 1090->0(1122)
[4645.269s][info][gc,heap        ] GC(1394) Survivor regions: 118->106(151)
[4645.269s][info][gc,heap        ] GC(1394) Old regions: 539->476
[4645.269s][info][gc,heap        ] GC(1394) Humongous regions: 80->80
[4645.269s][info][gc,metaspace   ] GC(1394) Metaspace: 28911K(29312K)->28911K(29312K) NonClass: 24043K(24256K)->24043K(24256K) Class: 4868K(5056K)->4868K(5056K)
[4645.269s][info][gc             ] GC(1394) Pause Young (Mixed) (G1 Evacuation Pause) 3652M->1322M(4096M) 132.065ms
[4645.269s][info][gc,cpu         ] GC(1394) User=0.78s Sys=0.00s Real=0.13s
...[4647.422s][info][gc,start       ] GC(1395) Pause Young (Concurrent Start) (G1 Evacuation Pause)
[4647.422s][info][gc,task        ] GC(1395) Using 6 workers of 6 for evacuation
[4647.542s][info][gc,phases      ] GC(1395)   Pre Evacuate Collection Set: 0.33ms
[4647.542s][info][gc,phases      ] GC(1395)   Merge Heap Roots: 0.49ms
[4647.542s][info][gc,phases      ] GC(1395)   Evacuate Collection Set: 118.89ms
[4647.542s][info][gc,phases      ] GC(1395)   Post Evacuate Collection Set: 0.84ms
[4647.542s][info][gc,phases      ] GC(1395)   Other: 0.11ms
[4647.542s][info][gc,heap        ] GC(1395) Eden regions: 1122->0(1116)
[4647.542s][info][gc,heap        ] GC(1395) Survivor regions: 106->112(154)
[4647.542s][info][gc,heap        ] GC(1395) Old regions: 476->508
[4647.542s][info][gc,heap        ] GC(1395) Humongous regions: 80->80
[4647.542s][info][gc,metaspace   ] GC(1395) Metaspace: 28911K(29312K)->28911K(29312K) NonClass: 24043K(24256K)->24043K(24256K) Class: 4868K(5056K)->4868K(5056K)
[4647.542s][info][gc             ] GC(1395) Pause Young (Concurrent Start) (G1 Evacuation Pause) 3566M->1396M(4096M) 120.804ms
[4647.542s][info][gc             ] GC(1396) Concurrent Mark Cycle
[4647.542s][info][gc,marking     ] GC(1396) Concurrent Scan Root Regions
[4647.543s][info][gc,cpu         ] GC(1395) User=0.71s Sys=0.00s Real=0.12s
[4647.734s][info][gc,marking     ] GC(1396) Concurrent Scan Root Regions 191.504ms
[4647.734s][info][gc,marking     ] GC(1396) Concurrent Mark
[4647.734s][info][gc,marking     ] GC(1396) Concurrent Mark From Roots
[4647.734s][info][gc,task        ] GC(1396) Using 2 workers of 2 for marking
.[4648.842s][info][gc,marking     ] GC(1396) Concurrent Mark From Roots 1108.189ms
[4648.842s][info][gc,marking     ] GC(1396) Concurrent Preclean
[4648.842s][info][gc,marking     ] GC(1396) Concurrent Preclean 0.111ms
[4648.844s][info][gc,start       ] GC(1396) Pause Remark
[4648.846s][info][gc             ] GC(1396) Pause Remark 2708M->2708M(4096M) 2.754ms
[4648.846s][info][gc,cpu         ] GC(1396) User=0.01s Sys=0.00s Real=0.01s
[4648.847s][info][gc,marking     ] GC(1396) Concurrent Mark 1112.846ms
[4648.847s][info][gc,marking     ] GC(1396) Concurrent Rebuild Remembered Sets and Scrub Regions
[4649.224s][info][gc,marking     ] GC(1396) Concurrent Rebuild Remembered Sets and Scrub Regions 376.910ms
[4649.225s][info][gc,start       ] GC(1396) Pause Cleanup
[4649.225s][info][gc             ] GC(1396) Pause Cleanup 3110M->3110M(4096M) 0.118ms
[4649.225s][info][gc,cpu         ] GC(1396) User=0.00s Sys=0.00s Real=0.00s
[4649.225s][info][gc,marking     ] GC(1396) Concurrent Clear Claimed Marks
[4649.225s][info][gc,marking     ] GC(1396) Concurrent Clear Claimed Marks 0.021ms
[4649.225s][info][gc,marking     ] GC(1396) Concurrent Cleanup for Next Mark
[4649.235s][info][gc,marking     ] GC(1396) Concurrent Cleanup for Next Mark 9.452ms
[4649.235s][info][gc             ] GC(1396) Concurrent Mark Cycle 1692.094ms
.[4649.719s][info][gc,start       ] GC(1397) Pause Young (Prepare Mixed) (G1 Evacuation Pause)
[4649.719s][info][gc,task        ] GC(1397) Using 6 workers of 6 for evacuation
[4649.836s][info][gc,phases      ] GC(1397)   Pre Evacuate Collection Set: 0.35ms
[4649.836s][info][gc,phases      ] GC(1397)   Merge Heap Roots: 0.52ms
[4649.836s][info][gc,phases      ] GC(1397)   Evacuate Collection Set: 114.55ms
[4649.836s][info][gc,phases      ] GC(1397)   Post Evacuate Collection Set: 0.93ms
[4649.836s][info][gc,phases      ] GC(1397)   Other: 0.09ms
[4649.836s][info][gc,heap        ] GC(1397) Eden regions: 1116->0(1104)
[4649.836s][info][gc,heap        ] GC(1397) Survivor regions: 112->111(154)
[4649.836s][info][gc,heap        ] GC(1397) Old regions: 508->539
[4649.836s][info][gc,heap        ] GC(1397) Humongous regions: 80->80
[4649.836s][info][gc,metaspace   ] GC(1397) Metaspace: 28911K(29312K)->28911K(29312K) NonClass: 24043K(24256K)->24043K(24256K) Class: 4868K(5056K)->4868K(5056K)
[4649.836s][info][gc             ] GC(1397) Pause Young (Prepare Mixed) (G1 Evacuation Pause) 3628M->1456M(4096M) 116.568ms
[4649.836s][info][gc,cpu         ] GC(1397) User=0.69s Sys=0.00s Real=0.12s
..[4651.888s][info][gc,start       ] GC(1398) Pause Young (Mixed) (G1 Evacuation Pause)
[4651.888s][info][gc,task        ] GC(1398) Using 6 workers of 6 for evacuation
[4652.030s][info][gc,phases      ] GC(1398)   Pre Evacuate Collection Set: 0.35ms
[4652.030s][info][gc,phases      ] GC(1398)   Merge Heap Roots: 0.81ms
[4652.030s][info][gc,phases      ] GC(1398)   Evacuate Collection Set: 140.13ms
[4652.030s][info][gc,phases      ] GC(1398)   Post Evacuate Collection Set: 0.95ms
[4652.030s][info][gc,phases      ] GC(1398)   Other: 0.09ms
[4652.030s][info][gc,heap        ] GC(1398) Eden regions: 1104->0(1114)
[4652.030s][info][gc,heap        ] GC(1398) Survivor regions: 111->114(152)
[4652.030s][info][gc,heap        ] GC(1398) Old regions: 539->475
[4652.030s][info][gc,heap        ] GC(1398) Humongous regions: 80->80
[4652.030s][info][gc,metaspace   ] GC(1398) Metaspace: 28911K(29312K)->28911K(29312K) NonClass: 24043K(24256K)->24043K(24256K) Class: 4868K(5056K)->4868K(5056K)
[4652.030s][info][gc             ] GC(1398) Pause Young (Mixed) (G1 Evacuation Pause) 3664M->1335M(4096M) 142.457ms
[4652.030s][info][gc,cpu         ] GC(1398) User=0.85s Sys=0.00s Real=0.14s
..[4654.221s][info][gc,start       ] GC(1399) Pause Young (Concurrent Start) (G1 Evacuation Pause)
[4654.221s][info][gc,task        ] GC(1399) Using 6 workers of 6 for evacuation
[4654.337s][info][gc,phases      ] GC(1399)   Pre Evacuate Collection Set: 0.39ms
[4654.337s][info][gc,phases      ] GC(1399)   Merge Heap Roots: 0.53ms
[4654.337s][info][gc,phases      ] GC(1399)   Evacuate Collection Set: 114.07ms
[4654.337s][info][gc,phases      ] GC(1399)   Post Evacuate Collection Set: 0.88ms
[4654.337s][info][gc,phases      ] GC(1399)   Other: 0.11ms
[4654.337s][info][gc,heap        ] GC(1399) Eden regions: 1114->0(1120)
[4654.337s][info][gc,heap        ] GC(1399) Survivor regions: 114->108(154)
[4654.337s][info][gc,heap        ] GC(1399) Old regions: 475->507
[4654.337s][info][gc,heap        ] GC(1399) Humongous regions: 80->80
[4654.337s][info][gc,metaspace   ] GC(1399) Metaspace: 28911K(29312K)->28911K(29312K) NonClass: 24043K(24256K)->24043K(24256K) Class: 4868K(5056K)->4868K(5056K)
[4654.337s][info][gc             ] GC(1399) Pause Young (Concurrent Start) (G1 Evacuation Pause) 3563M->1386M(4096M) 116.136ms
[4654.337s][info][gc             ] GC(1400) Concurrent Mark Cycle
[4654.338s][info][gc,marking     ] GC(1400) Concurrent Scan Root Regions
[4654.338s][info][gc,cpu         ] GC(1399) User=0.69s Sys=0.00s Real=0.12s
.[4654.502s][info][gc,marking     ] GC(1400) Concurrent Scan Root Regions 164.848ms
[4654.502s][info][gc,marking     ] GC(1400) Concurrent Mark
[4654.502s][info][gc,marking     ] GC(1400) Concurrent Mark From Roots
[4654.502s][info][gc,task        ] GC(1400) Using 2 workers of 2 for marking
[4655.230s][info][gc,marking     ] GC(1400) Concurrent Mark From Roots 727.753ms
[4655.230s][info][gc,marking     ] GC(1400) Concurrent Preclean
[4655.230s][info][gc,marking     ] GC(1400) Concurrent Preclean 0.131ms
[4655.232s][info][gc,start       ] GC(1400) Pause Remark
[4655.235s][info][gc             ] GC(1400) Pause Remark 2206M->2206M(4096M) 2.964ms
[4655.235s][info][gc,cpu         ] GC(1400) User=0.02s Sys=0.00s Real=0.00s
[4655.235s][info][gc,marking     ] GC(1400) Concurrent Mark 732.293ms
[4655.235s][info][gc,marking     ] GC(1400) Concurrent Rebuild Remembered Sets and Scrub Regions
.[4655.652s][info][gc,marking     ] GC(1400) Concurrent Rebuild Remembered Sets and Scrub Regions 417.218ms
[4655.654s][info][gc,start       ] GC(1400) Pause Cleanup
[4655.654s][info][gc             ] GC(1400) Pause Cleanup 2744M->2744M(4096M) 0.137ms
[4655.654s][info][gc,cpu         ] GC(1400) User=0.00s Sys=0.00s Real=0.00s
[4655.654s][info][gc,marking     ] GC(1400) Concurrent Clear Claimed Marks
[4655.654s][info][gc,marking     ] GC(1400) Concurrent Clear Claimed Marks 0.028ms
[4655.654s][info][gc,marking     ] GC(1400) Concurrent Cleanup for Next Mark
[4655.661s][info][gc,marking     ] GC(1400) Concurrent Cleanup for Next Mark 6.699ms
[4655.661s][info][gc             ] GC(1400) Concurrent Mark Cycle 1323.648ms
[4656.527s][info][gc,start       ] GC(1401) Pause Young (Prepare Mixed) (G1 Evacuation Pause)
[4656.527s][info][gc,task        ] GC(1401) Using 6 workers of 6 for evacuation
[4656.643s][info][gc,phases      ] GC(1401)   Pre Evacuate Collection Set: 0.35ms
[4656.643s][info][gc,phases      ] GC(1401)   Merge Heap Roots: 0.54ms
[4656.643s][info][gc,phases      ] GC(1401)   Evacuate Collection Set: 114.72ms
[4656.643s][info][gc,phases      ] GC(1401)   Post Evacuate Collection Set: 0.95ms
[4656.643s][info][gc,phases      ] GC(1401)   Other: 0.08ms
[4656.643s][info][gc,heap        ] GC(1401) Eden regions: 1120->0(1107)
[4656.643s][info][gc,heap        ] GC(1401) Survivor regions: 108->110(154)
[4656.643s][info][gc,heap        ] GC(1401) Old regions: 507->538
[4656.643s][info][gc,heap        ] GC(1401) Humongous regions: 80->80
[4656.643s][info][gc,metaspace   ] GC(1401) Metaspace: 28911K(29312K)->28911K(29312K) NonClass: 24043K(24256K)->24043K(24256K) Class: 4868K(5056K)->4868K(5056K)
[4656.643s][info][gc             ] GC(1401) Pause Young (Prepare Mixed) (G1 Evacuation Pause) 3626M->1453M(4096M) 116.784ms
[4656.643s][info][gc,cpu         ] GC(1401) User=0.69s Sys=0.00s Real=0.11s
...[4658.772s][info][gc,start       ] GC(1402) Pause Young (Mixed) (G1 Evacuation Pause)
[4658.772s][info][gc,task        ] GC(1402) Using 6 workers of 6 for evacuation
[4658.911s][info][gc,phases      ] GC(1402)   Pre Evacuate Collection Set: 0.37ms
[4658.911s][info][gc,phases      ] GC(1402)   Merge Heap Roots: 0.80ms
[4658.911s][info][gc,phases      ] GC(1402)   Evacuate Collection Set: 136.71ms
[4658.911s][info][gc,phases      ] GC(1402)   Post Evacuate Collection Set: 0.96ms
[4658.911s][info][gc,phases      ] GC(1402)   Other: 0.09ms
[4658.911s][info][gc,heap        ] GC(1402) Eden regions: 1107->0(1118)
[4658.911s][info][gc,heap        ] GC(1402) Survivor regions: 110->110(153)
[4658.911s][info][gc,heap        ] GC(1402) Old regions: 538->476
[4658.911s][info][gc,heap        ] GC(1402) Humongous regions: 80->80
[4658.911s][info][gc,metaspace   ] GC(1402) Metaspace: 28911K(29312K)->28911K(29312K) NonClass: 24043K(24256K)->24043K(24256K) Class: 4868K(5056K)->4868K(5056K)
[4658.911s][info][gc             ] GC(1402) Pause Young (Mixed) (G1 Evacuation Pause) 3667M->1329M(4096M) 139.055ms
[4658.911s][info][gc,cpu         ] GC(1402) User=0.83s Sys=0.00s Real=0.14s
..[4660.970s][info][gc,start       ] GC(1403) Pause Young (Concurrent Start) (G1 Evacuation Pause)
[4660.970s][info][gc,task        ] GC(1403) Using 6 workers of 6 for evacuation
[4661.088s][info][gc,phases      ] GC(1403)   Pre Evacuate Collection Set: 0.34ms
[4661.088s][info][gc,phases      ] GC(1403)   Merge Heap Roots: 0.49ms
[4661.088s][info][gc,phases      ] GC(1403)   Evacuate Collection Set: 116.52ms
[4661.088s][info][gc,phases      ] GC(1403)   Post Evacuate Collection Set: 0.89ms
[4661.088s][info][gc,phases      ] GC(1403)   Other: 0.11ms
[4661.088s][info][gc,heap        ] GC(1403) Eden regions: 1118->0(1118)
[4661.088s][info][gc,heap        ] GC(1403) Survivor regions: 110->110(154)
[4661.088s][info][gc,heap        ] GC(1403) Old regions: 476->508
[4661.088s][info][gc,heap        ] GC(1403) Humongous regions: 80->80
[4661.088s][info][gc,metaspace   ] GC(1403) Metaspace: 28911K(29312K)->28911K(29312K) NonClass: 24043K(24256K)->24043K(24256K) Class: 4868K(5056K)->4868K(5056K)
[4661.089s][info][gc             ] GC(1403) Pause Young (Concurrent Start) (G1 Evacuation Pause) 3565M->1393M(4096M) 118.471ms
[4661.089s][info][gc             ] GC(1404) Concurrent Mark Cycle
[4661.089s][info][gc,marking     ] GC(1404) Concurrent Scan Root Regions
[4661.089s][info][gc,cpu         ] GC(1403) User=0.71s Sys=0.00s Real=0.12s
[4661.231s][info][gc,marking     ] GC(1404) Concurrent Scan Root Regions 142.447ms
[4661.231s][info][gc,marking     ] GC(1404) Concurrent Mark
[4661.231s][info][gc,marking     ] GC(1404) Concurrent Mark From Roots
[4661.231s][info][gc,task        ] GC(1404) Using 2 workers of 2 for marking
.[4661.980s][info][gc,marking     ] GC(1404) Concurrent Mark From Roots 748.852ms
[4661.980s][info][gc,marking     ] GC(1404) Concurrent Preclean
[4661.980s][info][gc,marking     ] GC(1404) Concurrent Preclean 0.139ms
[4661.983s][info][gc,start       ] GC(1404) Pause Remark
[4661.985s][info][gc             ] GC(1404) Pause Remark 2239M->2239M(4096M) 2.227ms
[4661.985s][info][gc,cpu         ] GC(1404) User=0.01s Sys=0.00s Real=0.01s
[4661.985s][info][gc,marking     ] GC(1404) Concurrent Mark 754.228ms
[4661.985s][info][gc,marking     ] GC(1404) Concurrent Rebuild Remembered Sets and Scrub Regions
[4662.283s][info][gc,marking     ] GC(1404) Concurrent Rebuild Remembered Sets and Scrub Regions 297.600ms
[4662.283s][info][gc,start       ] GC(1404) Pause Cleanup
[4662.283s][info][gc             ] GC(1404) Pause Cleanup 2579M->2579M(4096M) 0.116ms
[4662.283s][info][gc,cpu         ] GC(1404) User=0.00s Sys=0.00s Real=0.00s
[4662.284s][info][gc,marking     ] GC(1404) Concurrent Clear Claimed Marks
[4662.284s][info][gc,marking     ] GC(1404) Concurrent Clear Claimed Marks 0.030ms
[4662.284s][info][gc,marking     ] GC(1404) Concurrent Cleanup for Next Mark
[4662.289s][info][gc,marking     ] GC(1404) Concurrent Cleanup for Next Mark 4.860ms
[4662.289s][info][gc             ] GC(1404) Concurrent Mark Cycle 1200.468ms
.[4663.231s][info][gc,start       ] GC(1405) Pause Young (Prepare Mixed) (G1 Evacuation Pause)
[4663.232s][info][gc,task        ] GC(1405) Using 6 workers of 6 for evacuation
[4663.349s][info][gc,phases      ] GC(1405)   Pre Evacuate Collection Set: 0.31ms
[4663.349s][info][gc,phases      ] GC(1405)   Merge Heap Roots: 0.53ms
[4663.349s][info][gc,phases      ] GC(1405)   Evacuate Collection Set: 115.82ms
[4663.349s][info][gc,phases      ] GC(1405)   Post Evacuate Collection Set: 0.95ms
[4663.349s][info][gc,phases      ] GC(1405)   Other: 0.08ms
[4663.349s][info][gc,heap        ] GC(1405) Eden regions: 1118->0(1108)
[4663.349s][info][gc,heap        ] GC(1405) Survivor regions: 110->109(154)
[4663.349s][info][gc,heap        ] GC(1405) Old regions: 508->539
[4663.349s][info][gc,heap        ] GC(1405) Humongous regions: 80->80
[4663.349s][info][gc,metaspace   ] GC(1405) Metaspace: 28911K(29312K)->28911K(29312K) NonClass: 24043K(24256K)->24043K(24256K) Class: 4868K(5056K)->4868K(5056K)
[4663.349s][info][gc             ] GC(1405) Pause Young (Prepare Mixed) (G1 Evacuation Pause) 3629M->1453M(4096M) 117.830ms
[4663.349s][info][gc,cpu         ] GC(1405) User=0.70s Sys=0.00s Real=0.12s
.. (rIR:aIR:PR = 8302:8308:8308) (tPR = 122760) [OK] 
  4664s: Performance info:
         Transaction,    Success,    Partial,     Failed,   Receipts, AvgBarcode, 
             Overall,     504710,          0,          0,     479613,      59.48, 
         Response times:
             Request,    Success,    Partial,     Failed,   SkipFail,     Probes,    Samples,      min,      p50,      p90,      p95,      p99,      max, 
       TotalPurchase,     479615,          0,          0,          0,     354715,     490715,      300,     7200,   113000,   150000,   214000,   478000,
     InStorePurchase,     254206,          0,          0,          0,     186805,     258268,      300,     7100,   114000,   150000,   210000,   406000,
      OnlinePurchase,     175061,          0,          0,          0,     130301,     179899,      300,     7400,   113000,   152000,   217000,   478000,
        InstPurchase,      50348,          0,          0,          0,      37609,      52548,      300,     6800,   108000,   145000,   212000,   387000,
          AssocOfCat,        502,          0,          0,          0,        417,        674,    21000,    49000,   183000,   217250,   301250,   366000,
      AssocOfProduct,       5043,          0,          0,          0,       3536,       5069,      900,     8100,   123000,   155000,   220300,   404000,
      BusinessReport,       1261,          0,          0,          0,       1113,       1675,    25000,    50000,   173000,   205400,   275240,   356000,
          CustBuyBeh,       5065,          0,          0,          0,       3545,       5107,      100,     7200,   114000,   151000,   223920,   367000,
       ProductReturn,      13225,          0,          0,          0,       9182,      12904,      200,     7300,   111000,   152000,   221000,   425000,

  4664s: (61%)   IR =   8441 [4665.399s][info][gc,start       ] GC(1406) Pause Young (Mixed) (G1 Evacuation Pause)
[4665.399s][info][gc,task        ] GC(1406) Using 6 workers of 6 for evacuation
[4665.538s][info][gc,phases      ] GC(1406)   Pre Evacuate Collection Set: 0.34ms
[4665.538s][info][gc,phases      ] GC(1406)   Merge Heap Roots: 0.78ms
[4665.538s][info][gc,phases      ] GC(1406)   Evacuate Collection Set: 136.59ms
[4665.538s][info][gc,phases      ] GC(1406)   Post Evacuate Collection Set: 0.96ms
[4665.538s][info][gc,phases      ] GC(1406)   Other: 0.09ms
[4665.538s][info][gc,heap        ] GC(1406) Eden regions: 1108->0(1116)
[4665.538s][info][gc,heap        ] GC(1406) Survivor regions: 109->112(153)
[4665.538s][info][gc,heap        ] GC(1406) Old regions: 539->475
[4665.538s][info][gc,heap        ] GC(1406) Humongous regions: 80->80
[4665.538s][info][gc,metaspace   ] GC(1406) Metaspace: 28911K(29312K)->28911K(29312K) NonClass: 24043K(24256K)->24043K(24256K) Class: 4868K(5056K)->4868K(5056K)
[4665.538s][info][gc             ] GC(1406) Pause Young (Mixed) (G1 Evacuation Pause) 3669M->1332M(4096M) 138.898ms
[4665.538s][info][gc,cpu         ] GC(1406) User=0.83s Sys=0.00s Real=0.14s
..[4667.615s][info][gc,start       ] GC(1407) Pause Young (Concurrent Start) (G1 Evacuation Pause)
[4667.615s][info][gc,task        ] GC(1407) Using 6 workers of 6 for evacuation
[4667.731s][info][gc,phases      ] GC(1407)   Pre Evacuate Collection Set: 0.35ms
[4667.732s][info][gc,phases      ] GC(1407)   Merge Heap Roots: 0.49ms
[4667.732s][info][gc,phases      ] GC(1407)   Evacuate Collection Set: 114.59ms
[4667.732s][info][gc,phases      ] GC(1407)   Post Evacuate Collection Set: 0.88ms
[4667.732s][info][gc,phases      ] GC(1407)   Other: 0.10ms
[4667.732s][info][gc,heap        ] GC(1407) Eden regions: 1116->0(1119)
[4667.732s][info][gc,heap        ] GC(1407) Survivor regions: 112->109(154)
[4667.732s][info][gc,heap        ] GC(1407) Old regions: 475->508
[4667.732s][info][gc,heap        ] GC(1407) Humongous regions: 80->80
[4667.732s][info][gc,metaspace   ] GC(1407) Metaspace: 28911K(29312K)->28911K(29312K) NonClass: 24043K(24256K)->24043K(24256K) Class: 4868K(5056K)->4868K(5056K)
[4667.732s][info][gc             ] GC(1407) Pause Young (Concurrent Start) (G1 Evacuation Pause) 3564M->1392M(4096M) 116.552ms
[4667.732s][info][gc             ] GC(1408) Concurrent Mark Cycle
[4667.732s][info][gc,marking     ] GC(1408) Concurrent Scan Root Regions
[4667.732s][info][gc,cpu         ] GC(1407) User=0.69s Sys=0.00s Real=0.11s
[4667.911s][info][gc,marking     ] GC(1408) Concurrent Scan Root Regions 179.493ms
[4667.911s][info][gc,marking     ] GC(1408) Concurrent Mark
[4667.911s][info][gc,marking     ] GC(1408) Concurrent Mark From Roots
[4667.911s][info][gc,task        ] GC(1408) Using 2 workers of 2 for marking
.[4668.968s][info][gc,marking     ] GC(1408) Concurrent Mark From Roots 1056.593ms
[4668.968s][info][gc,marking     ] GC(1408) Concurrent Preclean
[4668.968s][info][gc,marking     ] GC(1408) Concurrent Preclean 0.126ms
[4668.972s][info][gc,start       ] GC(1408) Pause Remark
[4668.975s][info][gc             ] GC(1408) Pause Remark 2626M->2626M(4096M) 2.940ms
[4668.975s][info][gc,cpu         ] GC(1408) User=0.01s Sys=0.00s Real=0.00s
[4668.975s][info][gc,marking     ] GC(1408) Concurrent Mark 1063.541ms
[4668.975s][info][gc,marking     ] GC(1408) Concurrent Rebuild Remembered Sets and Scrub Regions
.[4669.419s][info][gc,marking     ] GC(1408) Concurrent Rebuild Remembered Sets and Scrub Regions 444.124ms
[4669.420s][info][gc,start       ] GC(1408) Pause Cleanup
[4669.421s][info][gc             ] GC(1408) Pause Cleanup 3172M->3172M(4096M) 0.140ms
[4669.421s][info][gc,cpu         ] GC(1408) User=0.00s Sys=0.00s Real=0.00s
[4669.421s][info][gc,marking     ] GC(1408) Concurrent Clear Claimed Marks
[4669.421s][info][gc,marking     ] GC(1408) Concurrent Clear Claimed Marks 0.030ms
[4669.421s][info][gc,marking     ] GC(1408) Concurrent Cleanup for Next Mark
[4669.427s][info][gc,marking     ] GC(1408) Concurrent Cleanup for Next Mark 6.167ms
[4669.427s][info][gc             ] GC(1408) Concurrent Mark Cycle 1695.364ms
[4669.802s][info][gc,start       ] GC(1409) Pause Young (Prepare Mixed) (G1 Evacuation Pause)
[4669.802s][info][gc,task        ] GC(1409) Using 6 workers of 6 for evacuation
[4669.923s][info][gc,phases      ] GC(1409)   Pre Evacuate Collection Set: 0.31ms
[4669.923s][info][gc,phases      ] GC(1409)   Merge Heap Roots: 0.52ms
[4669.923s][info][gc,phases      ] GC(1409)   Evacuate Collection Set: 119.20ms
[4669.923s][info][gc,phases      ] GC(1409)   Post Evacuate Collection Set: 0.94ms
[4669.923s][info][gc,phases      ] GC(1409)   Other: 0.09ms
[4669.923s][info][gc,heap        ] GC(1409) Eden regions: 1119->0(1102)
[4669.923s][info][gc,heap        ] GC(1409) Survivor regions: 109->112(154)
[4669.923s][info][gc,heap        ] GC(1409) Old regions: 508->539
[4669.923s][info][gc,heap        ] GC(1409) Humongous regions: 80->80
[4669.923s][info][gc,metaspace   ] GC(1409) Metaspace: 28911K(29312K)->28911K(29312K) NonClass: 24043K(24256K)->24043K(24256K) Class: 4868K(5056K)->4868K(5056K)
[4669.923s][info][gc             ] GC(1409) Pause Young (Prepare Mixed) (G1 Evacuation Pause) 3630M->1459M(4096M) 121.203ms
[4669.923s][info][gc,cpu         ] GC(1409) User=0.72s Sys=0.00s Real=0.12s
..[4671.934s][info][gc,start       ] GC(1410) Pause Young (Mixed) (G1 Evacuation Pause)
[4671.934s][info][gc,task        ] GC(1410) Using 6 workers of 6 for evacuation
[4672.073s][info][gc,phases      ] GC(1410)   Pre Evacuate Collection Set: 0.36ms
[4672.073s][info][gc,phases      ] GC(1410)   Merge Heap Roots: 0.75ms
[4672.073s][info][gc,phases      ] GC(1410)   Evacuate Collection Set: 136.68ms
[4672.073s][info][gc,phases      ] GC(1410)   Post Evacuate Collection Set: 0.94ms
[4672.073s][info][gc,phases      ] GC(1410)   Other: 0.09ms
[4672.073s][info][gc,heap        ] GC(1410) Eden regions: 1102->0(1116)
[4672.073s][info][gc,heap        ] GC(1410) Survivor regions: 112->112(152)
[4672.073s][info][gc,heap        ] GC(1410) Old regions: 539->475
[4672.073s][info][gc,heap        ] GC(1410) Humongous regions: 80->80
[4672.073s][info][gc,metaspace   ] GC(1410) Metaspace: 28911K(29312K)->28911K(29312K) NonClass: 24043K(24256K)->24043K(24256K) Class: 4868K(5056K)->4868K(5056K)
[4672.073s][info][gc             ] GC(1410) Pause Young (Mixed) (G1 Evacuation Pause) 3663M->1331M(4096M) 138.951ms
[4672.073s][info][gc,cpu         ] GC(1410) User=0.82s Sys=0.00s Real=0.14s
..[4674.176s][info][gc,start       ] GC(1411) Pause Young (Concurrent Start) (G1 Evacuation Pause)
[4674.176s][info][gc,task        ] GC(1411) Using 6 workers of 6 for evacuation
[4674.292s][info][gc,phases      ] GC(1411)   Pre Evacuate Collection Set: 0.36ms
[4674.292s][info][gc,phases      ] GC(1411)   Merge Heap Roots: 0.48ms
[4674.292s][info][gc,phases      ] GC(1411)   Evacuate Collection Set: 113.67ms
[4674.292s][info][gc,phases      ] GC(1411)   Post Evacuate Collection Set: 0.85ms
[4674.292s][info][gc,phases      ] GC(1411)   Other: 0.11ms
[4674.292s][info][gc,heap        ] GC(1411) Eden regions: 1116->0(1121)
[4674.292s][info][gc,heap        ] GC(1411) Survivor regions: 112->107(154)
[4674.292s][info][gc,heap        ] GC(1411) Old regions: 475->508
[4674.292s][info][gc,heap        ] GC(1411) Humongous regions: 80->80
[4674.292s][info][gc,metaspace   ] GC(1411) Metaspace: 28911K(29312K)->28911K(29312K) NonClass: 24043K(24256K)->24043K(24256K) Class: 4868K(5056K)->4868K(5056K)
[4674.292s][info][gc             ] GC(1411) Pause Young (Concurrent Start) (G1 Evacuation Pause) 3563M->1387M(4096M) 115.599ms
[4674.292s][info][gc             ] GC(1412) Concurrent Mark Cycle
[4674.292s][info][gc,marking     ] GC(1412) Concurrent Scan Root Regions
[4674.292s][info][gc,cpu         ] GC(1411) User=0.68s Sys=0.00s Real=0.11s
.[4674.455s][info][gc,marking     ] GC(1412) Concurrent Scan Root Regions 163.307ms
[4674.455s][info][gc,marking     ] GC(1412) Concurrent Mark
[4674.455s][info][gc,marking     ] GC(1412) Concurrent Mark From Roots
[4674.455s][info][gc,task        ] GC(1412) Using 2 workers of 2 for marking
.[4675.515s][info][gc,marking     ] GC(1412) Concurrent Mark From Roots 1059.640ms
[4675.515s][info][gc,marking     ] GC(1412) Concurrent Preclean
[4675.515s][info][gc,marking     ] GC(1412) Concurrent Preclean 0.126ms
[4675.516s][info][gc,start       ] GC(1412) Pause Remark
[4675.519s][info][gc             ] GC(1412) Pause Remark 2612M->2612M(4096M) 3.506ms
[4675.519s][info][gc,cpu         ] GC(1412) User=0.01s Sys=0.00s Real=0.00s
[4675.520s][info][gc,marking     ] GC(1412) Concurrent Mark 1065.250ms
[4675.521s][info][gc,marking     ] GC(1412) Concurrent Rebuild Remembered Sets and Scrub Regions
[4675.999s][info][gc,marking     ] GC(1412) Concurrent Rebuild Remembered Sets and Scrub Regions 478.839ms
[4676.001s][info][gc,start       ] GC(1412) Pause Cleanup
[4676.001s][info][gc             ] GC(1412) Pause Cleanup 3139M->3139M(4096M) 0.128ms
[4676.001s][info][gc,cpu         ] GC(1412) User=0.00s Sys=0.00s Real=0.00s
[4676.002s][info][gc,marking     ] GC(1412) Concurrent Clear Claimed Marks
[4676.002s][info][gc,marking     ] GC(1412) Concurrent Clear Claimed Marks 0.032ms
[4676.002s][info][gc,marking     ] GC(1412) Concurrent Cleanup for Next Mark
[4676.007s][info][gc,marking     ] GC(1412) Concurrent Cleanup for Next Mark 5.528ms
[4676.008s][info][gc             ] GC(1412) Concurrent Mark Cycle 1715.691ms
.[4676.404s][info][gc,start       ] GC(1413) Pause Young (Prepare Mixed) (G1 Evacuation Pause)
[4676.404s][info][gc,task        ] GC(1413) Using 6 workers of 6 for evacuation
[4676.524s][info][gc,phases      ] GC(1413)   Pre Evacuate Collection Set: 0.33ms
[4676.524s][info][gc,phases      ] GC(1413)   Merge Heap Roots: 0.51ms
[4676.524s][info][gc,phases      ] GC(1413)   Evacuate Collection Set: 117.92ms
[4676.524s][info][gc,phases      ] GC(1413)   Post Evacuate Collection Set: 0.90ms
[4676.524s][info][gc,phases      ] GC(1413)   Other: 0.09ms
[4676.524s][info][gc,heap        ] GC(1413) Eden regions: 1121->0(1102)
[4676.524s][info][gc,heap        ] GC(1413) Survivor regions: 107->112(154)
[4676.524s][info][gc,heap        ] GC(1413) Old regions: 508->539
[4676.524s][info][gc,heap        ] GC(1413) Humongous regions: 80->80
[4676.524s][info][gc,metaspace   ] GC(1413) Metaspace: 28911K(29312K)->28911K(29312K) NonClass: 24043K(24256K)->24043K(24256K) Class: 4868K(5056K)->4868K(5056K)
[4676.524s][info][gc             ] GC(1413) Pause Young (Prepare Mixed) (G1 Evacuation Pause) 3629M->1459M(4096M) 119.891ms
[4676.524s][info][gc,cpu         ] GC(1413) User=0.72s Sys=0.00s Real=0.12s
..[4678.590s][info][gc,start       ] GC(1414) Pause Young (Mixed) (G1 Evacuation Pause)
[4678.590s][info][gc,task        ] GC(1414) Using 6 workers of 6 for evacuation
[4678.726s][info][gc,phases      ] GC(1414)   Pre Evacuate Collection Set: 0.35ms
[4678.726s][info][gc,phases      ] GC(1414)   Merge Heap Roots: 0.72ms
[4678.726s][info][gc,phases      ] GC(1414)   Evacuate Collection Set: 133.37ms
[4678.726s][info][gc,phases      ] GC(1414)   Post Evacuate Collection Set: 0.93ms
[4678.726s][info][gc,phases      ] GC(1414)   Other: 0.09ms
[4678.726s][info][gc,heap        ] GC(1414) Eden regions: 1102->0(1118)
[4678.726s][info][gc,heap        ] GC(1414) Survivor regions: 112->110(152)
[4678.726s][info][gc,heap        ] GC(1414) Old regions: 539->475
[4678.726s][info][gc,heap        ] GC(1414) Humongous regions: 80->80
[4678.726s][info][gc,metaspace   ] GC(1414) Metaspace: 28911K(29312K)->28911K(29312K) NonClass: 24043K(24256K)->24043K(24256K) Class: 4868K(5056K)->4868K(5056K)
[4678.726s][info][gc             ] GC(1414) Pause Young (Mixed) (G1 Evacuation Pause) 3663M->1327M(4096M) 135.592ms
[4678.726s][info][gc,cpu         ] GC(1414) User=0.80s Sys=0.00s Real=0.14s
..[4680.820s][info][gc,start       ] GC(1415) Pause Young (Concurrent Start) (G1 Evacuation Pause)
[4680.820s][info][gc,task        ] GC(1415) Using 6 workers of 6 for evacuation
[4680.944s][info][gc,phases      ] GC(1415)   Pre Evacuate Collection Set: 0.35ms
[4680.944s][info][gc,phases      ] GC(1415)   Merge Heap Roots: 0.51ms
[4680.944s][info][gc,phases      ] GC(1415)   Evacuate Collection Set: 121.83ms
[4680.944s][info][gc,phases      ] GC(1415)   Post Evacuate Collection Set: 0.87ms
[4680.944s][info][gc,phases      ] GC(1415)   Other: 0.11ms
[4680.944s][info][gc,heap        ] GC(1415) Eden regions: 1118->0(1114)
[4680.944s][info][gc,heap        ] GC(1415) Survivor regions: 110->114(154)
[4680.944s][info][gc,heap        ] GC(1415) Old regions: 475->507
[4680.944s][info][gc,heap        ] GC(1415) Humongous regions: 80->80
[4680.944s][info][gc,metaspace   ] GC(1415) Metaspace: 28911K(29312K)->28911K(29312K) NonClass: 24043K(24256K)->24043K(24256K) Class: 4868K(5056K)->4868K(5056K)
[4680.944s][info][gc             ] GC(1415) Pause Young (Concurrent Start) (G1 Evacuation Pause) 3563M->1399M(4096M) 123.790ms
[4680.944s][info][gc             ] GC(1416) Concurrent Mark Cycle
[4680.944s][info][gc,marking     ] GC(1416) Concurrent Scan Root Regions
[4680.944s][info][gc,cpu         ] GC(1415) User=0.74s Sys=0.00s Real=0.12s
[4681.119s][info][gc,marking     ] GC(1416) Concurrent Scan Root Regions 174.682ms
[4681.119s][info][gc,marking     ] GC(1416) Concurrent Mark
[4681.119s][info][gc,marking     ] GC(1416) Concurrent Mark From Roots
[4681.119s][info][gc,task        ] GC(1416) Using 2 workers of 2 for marking
.[4682.196s][info][gc,marking     ] GC(1416) Concurrent Mark From Roots 1077.406ms
[4682.196s][info][gc,marking     ] GC(1416) Concurrent Preclean
[4682.197s][info][gc,marking     ] GC(1416) Concurrent Preclean 0.129ms
[4682.197s][info][gc,start       ] GC(1416) Pause Remark
[4682.200s][info][gc             ] GC(1416) Pause Remark 2623M->2623M(4096M) 2.796ms
[4682.200s][info][gc,cpu         ] GC(1416) User=0.01s Sys=0.00s Real=0.00s
[4682.203s][info][gc,marking     ] GC(1416) Concurrent Mark 1084.413ms
[4682.203s][info][gc,marking     ] GC(1416) Concurrent Rebuild Remembered Sets and Scrub Regions
.[4682.585s][info][gc,marking     ] GC(1416) Concurrent Rebuild Remembered Sets and Scrub Regions 381.746ms
[4682.586s][info][gc,start       ] GC(1416) Pause Cleanup
[4682.586s][info][gc             ] GC(1416) Pause Cleanup 3101M->3101M(4096M) 0.117ms
[4682.586s][info][gc,cpu         ] GC(1416) User=0.00s Sys=0.00s Real=0.00s
[4682.587s][info][gc,marking     ] GC(1416) Concurrent Clear Claimed Marks
[4682.587s][info][gc,marking     ] GC(1416) Concurrent Clear Claimed Marks 0.050ms
[4682.587s][info][gc,marking     ] GC(1416) Concurrent Cleanup for Next Mark
[4682.603s][info][gc,marking     ] GC(1416) Concurrent Cleanup for Next Mark 15.843ms
[4682.603s][info][gc             ] GC(1416) Concurrent Mark Cycle 1658.717ms
[4683.009s][info][gc,start       ] GC(1417) Pause Young (Prepare Mixed) (G1 Evacuation Pause)
[4683.009s][info][gc,task        ] GC(1417) Using 6 workers of 6 for evacuation
[4683.132s][info][gc,phases      ] GC(1417)   Pre Evacuate Collection Set: 0.32ms
[4683.132s][info][gc,phases      ] GC(1417)   Merge Heap Roots: 0.50ms
[4683.132s][info][gc,phases      ] GC(1417)   Evacuate Collection Set: 120.26ms
[4683.132s][info][gc,phases      ] GC(1417)   Post Evacuate Collection Set: 0.97ms
[4683.132s][info][gc,phases      ] GC(1417)   Other: 0.09ms
[4683.132s][info][gc,heap        ] GC(1417) Eden regions: 1114->0(1100)
[4683.132s][info][gc,heap        ] GC(1417) Survivor regions: 114->113(154)
[4683.132s][info][gc,heap        ] GC(1417) Old regions: 507->539
[4683.132s][info][gc,heap        ] GC(1417) Humongous regions: 80->80
[4683.132s][info][gc,metaspace   ] GC(1417) Metaspace: 28911K(29312K)->28911K(29312K) NonClass: 24043K(24256K)->24043K(24256K) Class: 4868K(5056K)->4868K(5056K)
[4683.132s][info][gc             ] GC(1417) Pause Young (Prepare Mixed) (G1 Evacuation Pause) 3627M->1462M(4096M) 122.272ms
[4683.132s][info][gc,cpu         ] GC(1417) User=0.72s Sys=0.00s Real=0.12s
.|.[4685.221s][info][gc,start       ] GC(1418) Pause Young (Mixed) (G1 Evacuation Pause)
[4685.221s][info][gc,task        ] GC(1418) Using 6 workers of 6 for evacuation
[4685.360s][info][gc,phases      ] GC(1418)   Pre Evacuate Collection Set: 0.35ms
[4685.360s][info][gc,phases      ] GC(1418)   Merge Heap Roots: 0.80ms
[4685.360s][info][gc,phases      ] GC(1418)   Evacuate Collection Set: 136.89ms
[4685.360s][info][gc,phases      ] GC(1418)   Post Evacuate Collection Set: 0.93ms
[4685.360s][info][gc,phases      ] GC(1418)   Other: 0.09ms
[4685.360s][info][gc,heap        ] GC(1418) Eden regions: 1100->0(1120)
[4685.360s][info][gc,heap        ] GC(1418) Survivor regions: 113->108(152)
[4685.360s][info][gc,heap        ] GC(1418) Old regions: 539->475
[4685.360s][info][gc,heap        ] GC(1418) Humongous regions: 80->80
[4685.360s][info][gc,metaspace   ] GC(1418) Metaspace: 28911K(29312K)->28911K(29312K) NonClass: 24043K(24256K)->24043K(24256K) Class: 4868K(5056K)->4868K(5056K)
[4685.360s][info][gc             ] GC(1418) Pause Young (Mixed) (G1 Evacuation Pause) 3662M->1324M(4096M) 139.189ms
[4685.360s][info][gc,cpu         ] GC(1418) User=0.83s Sys=0.00s Real=0.14s
..[4687.365s][info][gc,start       ] GC(1419) Pause Young (Concurrent Start) (G1 Evacuation Pause)
[4687.365s][info][gc,task        ] GC(1419) Using 6 workers of 6 for evacuation
[4687.489s][info][gc,phases      ] GC(1419)   Pre Evacuate Collection Set: 0.35ms
[4687.489s][info][gc,phases      ] GC(1419)   Merge Heap Roots: 0.45ms
[4687.489s][info][gc,phases      ] GC(1419)   Evacuate Collection Set: 122.08ms
[4687.489s][info][gc,phases      ] GC(1419)   Post Evacuate Collection Set: 0.87ms
[4687.489s][info][gc,phases      ] GC(1419)   Other: 0.13ms
[4687.489s][info][gc,heap        ] GC(1419) Eden regions: 1120->0(1113)
[4687.489s][info][gc,heap        ] GC(1419) Survivor regions: 108->115(154)
[4687.489s][info][gc,heap        ] GC(1419) Old regions: 475->507
[4687.489s][info][gc,heap        ] GC(1419) Humongous regions: 80->80
[4687.489s][info][gc,metaspace   ] GC(1419) Metaspace: 28911K(29312K)->28911K(29312K) NonClass: 24043K(24256K)->24043K(24256K) Class: 4868K(5056K)->4868K(5056K)
[4687.489s][info][gc             ] GC(1419) Pause Young (Concurrent Start) (G1 Evacuation Pause) 3564M->1402M(4096M) 124.011ms
[4687.489s][info][gc             ] GC(1420) Concurrent Mark Cycle
[4687.489s][info][gc,marking     ] GC(1420) Concurrent Scan Root Regions
[4687.489s][info][gc,cpu         ] GC(1419) User=0.74s Sys=0.00s Real=0.12s
.[4687.680s][info][gc,marking     ] GC(1420) Concurrent Scan Root Regions 191.071ms
[4687.680s][info][gc,marking     ] GC(1420) Concurrent Mark
[4687.680s][info][gc,marking     ] GC(1420) Concurrent Mark From Roots
[4687.680s][info][gc,task        ] GC(1420) Using 2 workers of 2 for marking
.[4688.902s][info][gc,marking     ] GC(1420) Concurrent Mark From Roots 1222.018ms
[4688.902s][info][gc,marking     ] GC(1420) Concurrent Preclean
[4688.902s][info][gc,marking     ] GC(1420) Concurrent Preclean 0.084ms
[4688.904s][info][gc,start       ] GC(1420) Pause Remark
[4688.908s][info][gc             ] GC(1420) Pause Remark 2796M->2796M(4096M) 3.421ms
[4688.908s][info][gc,cpu         ] GC(1420) User=0.02s Sys=0.00s Real=0.01s
[4688.908s][info][gc,marking     ] GC(1420) Concurrent Mark 1228.094ms
[4688.908s][info][gc,marking     ] GC(1420) Concurrent Rebuild Remembered Sets and Scrub Regions
[4689.190s][info][gc,marking     ] GC(1420) Concurrent Rebuild Remembered Sets and Scrub Regions 281.752ms
[4689.190s][info][gc,start       ] GC(1420) Pause Cleanup
[4689.190s][info][gc             ] GC(1420) Pause Cleanup 3103M->3103M(4096M) 0.114ms
[4689.190s][info][gc,cpu         ] GC(1420) User=0.00s Sys=0.00s Real=0.00s
[4689.192s][info][gc,marking     ] GC(1420) Concurrent Clear Claimed Marks
[4689.192s][info][gc,marking     ] GC(1420) Concurrent Clear Claimed Marks 0.048ms
[4689.192s][info][gc,marking     ] GC(1420) Concurrent Cleanup for Next Mark
[4689.198s][info][gc,marking     ] GC(1420) Concurrent Cleanup for Next Mark 6.315ms
[4689.199s][info][gc             ] GC(1420) Concurrent Mark Cycle 1709.652ms
[4689.640s][info][gc,start       ] GC(1421) Pause Young (Prepare Mixed) (G1 Evacuation Pause)
[4689.640s][info][gc,task        ] GC(1421) Using 6 workers of 6 for evacuation
[4689.758s][info][gc,phases      ] GC(1421)   Pre Evacuate Collection Set: 0.30ms
[4689.758s][info][gc,phases      ] GC(1421)   Merge Heap Roots: 0.55ms
[4689.758s][info][gc,phases      ] GC(1421)   Evacuate Collection Set: 116.11ms
[4689.758s][info][gc,phases      ] GC(1421)   Post Evacuate Collection Set: 0.91ms
[4689.758s][info][gc,phases      ] GC(1421)   Other: 0.09ms
[4689.758s][info][gc,heap        ] GC(1421) Eden regions: 1113->0(1106)
[4689.758s][info][gc,heap        ] GC(1421) Survivor regions: 115->110(154)
[4689.758s][info][gc,heap        ] GC(1421) Old regions: 507->539
[4689.758s][info][gc,heap        ] GC(1421) Humongous regions: 80->80
[4689.758s][info][gc,metaspace   ] GC(1421) Metaspace: 28911K(29312K)->28911K(29312K) NonClass: 24043K(24256K)->24043K(24256K) Class: 4868K(5056K)->4868K(5056K)
[4689.758s][info][gc             ] GC(1421) Pause Young (Prepare Mixed) (G1 Evacuation Pause) 3628M->1455M(4096M) 118.085ms
[4689.758s][info][gc,cpu         ] GC(1421) User=0.70s Sys=0.00s Real=0.12s
...[4691.794s][info][gc,start       ] GC(1422) Pause Young (Mixed) (G1 Evacuation Pause)
[4691.794s][info][gc,task        ] GC(1422) Using 6 workers of 6 for evacuation
[4691.927s][info][gc,phases      ] GC(1422)   Pre Evacuate Collection Set: 0.38ms
[4691.927s][info][gc,phases      ] GC(1422)   Merge Heap Roots: 0.69ms
[4691.927s][info][gc,phases      ] GC(1422)   Evacuate Collection Set: 131.21ms
[4691.927s][info][gc,phases      ] GC(1422)   Post Evacuate Collection Set: 0.95ms
[4691.927s][info][gc,phases      ] GC(1422)   Other: 0.09ms
[4691.927s][info][gc,heap        ] GC(1422) Eden regions: 1106->0(1119)
[4691.927s][info][gc,heap        ] GC(1422) Survivor regions: 110->109(152)
[4691.927s][info][gc,heap        ] GC(1422) Old regions: 539->476
[4691.927s][info][gc,heap        ] GC(1422) Humongous regions: 80->80
[4691.927s][info][gc,metaspace   ] GC(1422) Metaspace: 28911K(29312K)->28911K(29312K) NonClass: 24043K(24256K)->24043K(24256K) Class: 4868K(5056K)->4868K(5056K)
[4691.927s][info][gc             ] GC(1422) Pause Young (Mixed) (G1 Evacuation Pause) 3667M->1328M(4096M) 133.444ms
[4691.927s][info][gc,cpu         ] GC(1422) User=0.79s Sys=0.00s Real=0.14s
..[4693.999s][info][gc,start       ] GC(1423) Pause Young (Concurrent Start) (G1 Evacuation Pause)
[4693.999s][info][gc,task        ] GC(1423) Using 6 workers of 6 for evacuation
[4694.118s][info][gc,phases      ] GC(1423)   Pre Evacuate Collection Set: 0.40ms
[4694.118s][info][gc,phases      ] GC(1423)   Merge Heap Roots: 0.49ms
[4694.118s][info][gc,phases      ] GC(1423)   Evacuate Collection Set: 117.05ms
[4694.118s][info][gc,phases      ] GC(1423)   Post Evacuate Collection Set: 0.87ms
[4694.118s][info][gc,phases      ] GC(1423)   Other: 0.13ms
[4694.118s][info][gc,heap        ] GC(1423) Eden regions: 1119->0(1116)
[4694.118s][info][gc,heap        ] GC(1423) Survivor regions: 109->112(154)
[4694.118s][info][gc,heap        ] GC(1423) Old regions: 476->508
[4694.118s][info][gc,heap        ] GC(1423) Humongous regions: 80->80
[4694.118s][info][gc,metaspace   ] GC(1423) Metaspace: 28911K(29312K)->28911K(29312K) NonClass: 24043K(24256K)->24043K(24256K) Class: 4868K(5056K)->4868K(5056K)
[4694.118s][info][gc             ] GC(1423) Pause Young (Concurrent Start) (G1 Evacuation Pause) 3566M->1397M(4096M) 119.077ms
[4694.118s][info][gc             ] GC(1424) Concurrent Mark Cycle
[4694.118s][info][gc,marking     ] GC(1424) Concurrent Scan Root Regions
[4694.118s][info][gc,cpu         ] GC(1423) User=0.71s Sys=0.00s Real=0.12s
[4694.302s][info][gc,marking     ] GC(1424) Concurrent Scan Root Regions 183.553ms
[4694.302s][info][gc,marking     ] GC(1424) Concurrent Mark
[4694.302s][info][gc,marking     ] GC(1424) Concurrent Mark From Roots
[4694.302s][info][gc,task        ] GC(1424) Using 2 workers of 2 for marking
.[4695.352s][info][gc,marking     ] GC(1424) Concurrent Mark From Roots 1050.368ms
[4695.352s][info][gc,marking     ] GC(1424) Concurrent Preclean
[4695.353s][info][gc,marking     ] GC(1424) Concurrent Preclean 0.103ms
[4695.354s][info][gc,start       ] GC(1424) Pause Remark
[4695.358s][info][gc             ] GC(1424) Pause Remark 2673M->2673M(4096M) 3.888ms
[4695.358s][info][gc,cpu         ] GC(1424) User=0.02s Sys=0.00s Real=0.01s
[4695.359s][info][gc,marking     ] GC(1424) Concurrent Mark 1056.711ms
[4695.359s][info][gc,marking     ] GC(1424) Concurrent Rebuild Remembered Sets and Scrub Regions
[4695.648s][info][gc,marking     ] GC(1424) Concurrent Rebuild Remembered Sets and Scrub Regions 289.463ms
[4695.650s][info][gc,start       ] GC(1424) Pause Cleanup
[4695.650s][info][gc             ] GC(1424) Pause Cleanup 2993M->2993M(4096M) 0.141ms
[4695.650s][info][gc,cpu         ] GC(1424) User=0.00s Sys=0.00s Real=0.00s
[4695.651s][info][gc,marking     ] GC(1424) Concurrent Clear Claimed Marks
[4695.651s][info][gc,marking     ] GC(1424) Concurrent Clear Claimed Marks 0.041ms
[4695.651s][info][gc,marking     ] GC(1424) Concurrent Cleanup for Next Mark
[4695.658s][info][gc,marking     ] GC(1424) Concurrent Cleanup for Next Mark 6.342ms
[4695.658s][info][gc             ] GC(1424) Concurrent Mark Cycle 1539.343ms
.[4696.202s][info][gc,start       ] GC(1425) Pause Young (Prepare Mixed) (G1 Evacuation Pause)
[4696.202s][info][gc,task        ] GC(1425) Using 6 workers of 6 for evacuation
[4696.322s][info][gc,phases      ] GC(1425)   Pre Evacuate Collection Set: 0.31ms
[4696.322s][info][gc,phases      ] GC(1425)   Merge Heap Roots: 0.53ms
[4696.322s][info][gc,phases      ] GC(1425)   Evacuate Collection Set: 117.80ms
[4696.322s][info][gc,phases      ] GC(1425)   Post Evacuate Collection Set: 0.95ms
[4696.322s][info][gc,phases      ] GC(1425)   Other: 0.09ms
[4696.322s][info][gc,heap        ] GC(1425) Eden regions: 1116->0(1102)
[4696.322s][info][gc,heap        ] GC(1425) Survivor regions: 112->112(154)
[4696.322s][info][gc,heap        ] GC(1425) Old regions: 508->539
[4696.322s][info][gc,heap        ] GC(1425) Humongous regions: 80->80
[4696.322s][info][gc,metaspace   ] GC(1425) Metaspace: 28911K(29312K)->28911K(29312K) NonClass: 24043K(24256K)->24043K(24256K) Class: 4868K(5056K)->4868K(5056K)
[4696.322s][info][gc             ] GC(1425) Pause Young (Prepare Mixed) (G1 Evacuation Pause) 3629M->1459M(4096M) 119.801ms
[4696.322s][info][gc,cpu         ] GC(1425) User=0.71s Sys=0.00s Real=0.12s
..[4698.391s][info][gc,start       ] GC(1426) Pause Young (Mixed) (G1 Evacuation Pause)
[4698.391s][info][gc,task        ] GC(1426) Using 6 workers of 6 for evacuation
[4698.533s][info][gc,phases      ] GC(1426)   Pre Evacuate Collection Set: 0.35ms
[4698.533s][info][gc,phases      ] GC(1426)   Merge Heap Roots: 0.76ms
[4698.533s][info][gc,phases      ] GC(1426)   Evacuate Collection Set: 140.39ms
[4698.533s][info][gc,phases      ] GC(1426)   Post Evacuate Collection Set: 0.94ms
[4698.533s][info][gc,phases      ] GC(1426)   Other: 0.09ms
[4698.533s][info][gc,heap        ] GC(1426) Eden regions: 1102->0(1116)
[4698.533s][info][gc,heap        ] GC(1426) Survivor regions: 112->112(152)
[4698.533s][info][gc,heap        ] GC(1426) Old regions: 539->474
[4698.533s][info][gc,heap        ] GC(1426) Humongous regions: 80->80
[4698.533s][info][gc,metaspace   ] GC(1426) Metaspace: 28911K(29312K)->28911K(29312K) NonClass: 24043K(24256K)->24043K(24256K) Class: 4868K(5056K)->4868K(5056K)
[4698.533s][info][gc             ] GC(1426) Pause Young (Mixed) (G1 Evacuation Pause) 3663M->1328M(4096M) 142.666ms
[4698.533s][info][gc,cpu         ] GC(1426) User=0.85s Sys=0.00s Real=0.14s
..[4700.607s][info][gc,start       ] GC(1427) Pause Young (Concurrent Start) (G1 Evacuation Pause)
[4700.607s][info][gc,task        ] GC(1427) Using 6 workers of 6 for evacuation
[4700.731s][info][gc,phases      ] GC(1427)   Pre Evacuate Collection Set: 0.38ms
[4700.731s][info][gc,phases      ] GC(1427)   Merge Heap Roots: 0.51ms
[4700.731s][info][gc,phases      ] GC(1427)   Evacuate Collection Set: 121.61ms
[4700.731s][info][gc,phases      ] GC(1427)   Post Evacuate Collection Set: 0.93ms
[4700.731s][info][gc,phases      ] GC(1427)   Other: 0.13ms
[4700.731s][info][gc,heap        ] GC(1427) Eden regions: 1116->0(1115)
[4700.731s][info][gc,heap        ] GC(1427) Survivor regions: 112->113(154)
[4700.731s][info][gc,heap        ] GC(1427) Old regions: 474->506
[4700.731s][info][gc,heap        ] GC(1427) Humongous regions: 80->80
[4700.731s][info][gc,metaspace   ] GC(1427) Metaspace: 28911K(29312K)->28911K(29312K) NonClass: 24043K(24256K)->24043K(24256K) Class: 4868K(5056K)->4868K(5056K)
[4700.731s][info][gc             ] GC(1427) Pause Young (Concurrent Start) (G1 Evacuation Pause) 3560M->1396M(4096M) 123.690ms
[4700.731s][info][gc             ] GC(1428) Concurrent Mark Cycle
[4700.731s][info][gc,marking     ] GC(1428) Concurrent Scan Root Regions
[4700.731s][info][gc,cpu         ] GC(1427) User=0.73s Sys=0.00s Real=0.12s
.[4700.906s][info][gc,marking     ] GC(1428) Concurrent Scan Root Regions 175.480ms
[4700.906s][info][gc,marking     ] GC(1428) Concurrent Mark
[4700.906s][info][gc,marking     ] GC(1428) Concurrent Mark From Roots
[4700.906s][info][gc,task        ] GC(1428) Using 2 workers of 2 for marking
[4701.621s][info][gc,marking     ] GC(1428) Concurrent Mark From Roots 714.563ms
[4701.621s][info][gc,marking     ] GC(1428) Concurrent Preclean
[4701.621s][info][gc,marking     ] GC(1428) Concurrent Preclean 0.100ms
[4701.623s][info][gc,start       ] GC(1428) Pause Remark
[4701.626s][info][gc             ] GC(1428) Pause Remark 2264M->2264M(4096M) 2.769ms
[4701.626s][info][gc,cpu         ] GC(1428) User=0.02s Sys=0.00s Real=0.01s
[4701.626s][info][gc,marking     ] GC(1428) Concurrent Mark 719.679ms
[4701.626s][info][gc,marking     ] GC(1428) Concurrent Rebuild Remembered Sets and Scrub Regions
.[4702.041s][info][gc,marking     ] GC(1428) Concurrent Rebuild Remembered Sets and Scrub Regions 414.453ms
[4702.043s][info][gc,start       ] GC(1428) Pause Cleanup
[4702.043s][info][gc             ] GC(1428) Pause Cleanup 2664M->2664M(4096M) 0.138ms
[4702.043s][info][gc,cpu         ] GC(1428) User=0.00s Sys=0.00s Real=0.00s
[4702.043s][info][gc,marking     ] GC(1428) Concurrent Clear Claimed Marks
[4702.043s][info][gc,marking     ] GC(1428) Concurrent Clear Claimed Marks 0.038ms
[4702.043s][info][gc,marking     ] GC(1428) Concurrent Cleanup for Next Mark
[4702.056s][info][gc,marking     ] GC(1428) Concurrent Cleanup for Next Mark 12.243ms
[4702.056s][info][gc             ] GC(1428) Concurrent Mark Cycle 1324.760ms
[4702.858s][info][gc,start       ] GC(1429) Pause Young (Prepare Mixed) (G1 Evacuation Pause)
[4702.858s][info][gc,task        ] GC(1429) Using 6 workers of 6 for evacuation
[4702.978s][info][gc,phases      ] GC(1429)   Pre Evacuate Collection Set: 0.32ms
[4702.978s][info][gc,phases      ] GC(1429)   Merge Heap Roots: 0.53ms
[4702.978s][info][gc,phases      ] GC(1429)   Evacuate Collection Set: 117.92ms
[4702.978s][info][gc,phases      ] GC(1429)   Post Evacuate Collection Set: 0.94ms
[4702.978s][info][gc,phases      ] GC(1429)   Other: 0.08ms
[4702.978s][info][gc,heap        ] GC(1429) Eden regions: 1115->0(1104)
[4702.978s][info][gc,heap        ] GC(1429) Survivor regions: 113->112(154)
[4702.978s][info][gc,heap        ] GC(1429) Old regions: 506->537
[4702.978s][info][gc,heap        ] GC(1429) Humongous regions: 80->80
[4702.978s][info][gc,metaspace   ] GC(1429) Metaspace: 28911K(29312K)->28911K(29312K) NonClass: 24043K(24256K)->24043K(24256K) Class: 4868K(5056K)->4868K(5056K)
[4702.978s][info][gc             ] GC(1429) Pause Young (Prepare Mixed) (G1 Evacuation Pause) 3626M->1456M(4096M) 119.943ms
