[0.002s][info][gc,init] CardTable entry size: 512
[0.002s][info][gc     ] Using G1
[0.009s][info][gc,init] Version: 24-internal-adhoc.thomas.source (release)
[0.009s][info][gc,init] CPUs: 8 total, 6 available
[0.009s][info][gc,init] Memory: 15662M
[0.009s][info][gc,init] Large Page Support: Disabled
[0.009s][info][gc,init] NUMA Support: Disabled
[0.009s][info][gc,init] Compressed Oops: Enabled (Zero based)
[0.009s][info][gc,init] Heap Region Size: 2M
[0.009s][info][gc,init] Heap Min Capacity: 4G
[0.009s][info][gc,init] Heap Initial Capacity: 4G
[0.009s][info][gc,init] Heap Max Capacity: 4G
[0.009s][info][gc,init] Pre-touch: Disabled
[0.009s][info][gc,init] Parallel Workers: 6
[0.009s][info][gc,init] Concurrent Workers: 2
[0.009s][info][gc,init] Concurrent Refinement Workers: 6
[0.009s][info][gc,init] Periodic GC: Disabled
[0.009s][info][gc,metaspace] CDS archive(s) not mapped
[0.009s][info][gc,metaspace] Compressed class space mapped at: 0x000000003b000000-0x000000007b000000, reserved size: 1073741824
[0.009s][info][gc,metaspace] UseCompressedClassPointers 1, UseCompactObjectHeaders 1, narrow klass pointer bits 22, max shift 10
[0.009s][info][gc,metaspace] Narrow klass base: 0x000000003b000000, Narrow klass shift: 9, Narrow klass range: 0x40000000

SPECjbb2015 Java Business Benchmark
 (c) Standard Performance Evaluation Corporation, 2015

Preparing to launch All-in-one SPECjbb2015.

Reading property file: /shared/projects/openjdk/analysis/lilliput-benefits/specjbb/results-COH-ON-Parallel-0/./config/specjbb2015.props

     0s: Enumerating plugins...
     0s:    Connectivity:
     0s:             HTTP_Grizzly: Grizzly HTTP server, JDK HTTP client
     0s:              NIO_Grizzly: Grizzly NIO server, Grizzly NIO client
     0s:               HTTP_Jetty: Jetty HTTP server, JDK HTTP client
     0s:    Snapshot:
     0s:                 InMemory: Stores snapshots in heap memory
     0s:    Data Writers:
     0s:                     Demo: Send all frame to listener
     0s:                   InFile: Writing Data into file
     0s:                   Silent: Drop all frames
     0s: 
     0s: Kit validation is skipped.
     0s: Tests are skipped.
     0s: 
     0s: [0.817s][info][gc,start    ] GC(0) Pause Young (Normal) (G1 Evacuation Pause)
[0.818s][info][gc,task     ] GC(0) Using 6 workers of 6 for evacuation
[0.823s][info][gc,phases   ] GC(0)   Pre Evacuate Collection Set: 0.25ms
[0.823s][info][gc,phases   ] GC(0)   Merge Heap Roots: 0.08ms
[0.823s][info][gc,phases   ] GC(0)   Evacuate Collection Set: 4.30ms
[0.823s][info][gc,phases   ] GC(0)   Post Evacuate Collection Set: 0.44ms
[0.823s][info][gc,phases   ] GC(0)   Other: 0.36ms
[0.823s][info][gc,heap     ] GC(0) Eden regions: 102->0(99)
[0.823s][info][gc,heap     ] GC(0) Survivor regions: 0->3(13)
[0.823s][info][gc,heap     ] GC(0) Old regions: 0->0
[0.823s][info][gc,heap     ] GC(0) Humongous regions: 0->0
[0.823s][info][gc,metaspace] GC(0) Metaspace: 21087K(21312K)->21087K(21312K) NonClass: 17087K(17216K)->17087K(17216K) Class: 3999K(4096K)->3999K(4096K)
[0.823s][info][gc          ] GC(0) Pause Young (Normal) (G1 Evacuation Pause) 204M->4M(4096M) 5.613ms
[0.823s][info][gc,cpu      ] GC(0) User=0.02s Sys=0.00s Real=0.01s
[0.974s][info][gc,start    ] GC(1) Pause Young (Concurrent Start) (Metadata GC Threshold)
[0.974s][info][gc,task     ] GC(1) Using 6 workers of 6 for evacuation
[0.977s][info][gc,phases   ] GC(1)   Pre Evacuate Collection Set: 0.32ms
[0.977s][info][gc,phases   ] GC(1)   Merge Heap Roots: 0.03ms
[0.977s][info][gc,phases   ] GC(1)   Evacuate Collection Set: 2.15ms
[0.977s][info][gc,phases   ] GC(1)   Post Evacuate Collection Set: 0.31ms
[0.977s][info][gc,phases   ] GC(1)   Other: 0.05ms
[0.977s][info][gc,heap     ] GC(1) Eden regions: 47->0(99)
[0.977s][info][gc,heap     ] GC(1) Survivor regions: 3->3(13)
[0.977s][info][gc,heap     ] GC(1) Old regions: 0->0
[0.977s][info][gc,heap     ] GC(1) Humongous regions: 0->0
[0.977s][info][gc,metaspace] GC(1) Metaspace: 21403K(21504K)->21403K(21504K) NonClass: 17375K(17408K)->17375K(17408K) Class: 4028K(4096K)->4028K(4096K)
[0.977s][info][gc          ] GC(1) Pause Young (Concurrent Start) (Metadata GC Threshold) 98M->5M(4096M) 2.976ms
[0.977s][info][gc          ] GC(2) Concurrent Mark Cycle
[0.977s][info][gc,cpu      ] GC(1) User=0.01s Sys=0.00s Real=0.00s
[0.977s][info][gc,marking  ] GC(2) Concurrent Scan Root Regions
[0.978s][info][gc,marking  ] GC(2) Concurrent Scan Root Regions 1.372ms
[0.978s][info][gc,marking  ] GC(2) Concurrent Mark
[0.978s][info][gc,marking  ] GC(2) Concurrent Mark From Roots
[0.978s][info][gc,task     ] GC(2) Using 2 workers of 2 for marking
[0.979s][info][gc,marking  ] GC(2) Concurrent Mark From Roots 0.908ms
[0.979s][info][gc,marking  ] GC(2) Concurrent Preclean
[0.979s][info][gc,marking  ] GC(2) Concurrent Preclean 0.009ms
[0.979s][info][gc,start    ] GC(2) Pause Remark
[0.980s][info][gc          ] GC(2) Pause Remark 6M->6M(4096M) 0.779ms
[0.980s][info][gc,cpu      ] GC(2) User=0.00s Sys=0.00s Real=0.00s
[0.980s][info][gc,marking  ] GC(2) Concurrent Mark 1.771ms
[0.980s][info][gc,marking  ] GC(2) Concurrent Rebuild Remembered Sets and Scrub Regions
[0.980s][info][gc,marking  ] GC(2) Concurrent Rebuild Remembered Sets and Scrub Regions 0.062ms
[0.980s][info][gc,start    ] GC(2) Pause Cleanup
[0.980s][info][gc          ] GC(2) Pause Cleanup 6M->6M(4096M) 0.014ms
[0.980s][info][gc,cpu      ] GC(2) User=0.00s Sys=0.00s Real=0.00s
[0.980s][info][gc,marking  ] GC(2) Concurrent Clear Claimed Marks
[0.980s][info][gc,marking  ] GC(2) Concurrent Clear Claimed Marks 0.007ms
[0.980s][info][gc,marking  ] GC(2) Concurrent Cleanup for Next Mark
[0.987s][info][gc,marking  ] GC(2) Concurrent Cleanup for Next Mark 6.755ms
[0.987s][info][gc          ] GC(2) Concurrent Mark Cycle 10.139ms
Ladies and gentlemen, this is your Controller speaking.
     0s: We are delighted in having you for benchmark run today.
     0s: 
     0s: Binary log file is ./specjbb2015-C-20240907-00001.data.gz
     0s: 
     0s: Performing handshake with all agents ...
     0s: 
     0s:  Agent Group1.TxInjector.CompositeTxInjector has attached to Controller
     0s:  Agent Group1.Backend.CompositeBackend has attached to Controller
     0s: 
     0s: All agents have connected.
     0s: 
     0s: Attached agents info:

Group "Group1"
    TxInjectors:
        CompositeTxInjector, includes { Driver } @ [local in-Java link]
    Backends:
        CompositeBackend, includes { SM(2),SP(2) } @ [local in-Java link]

     0s: Initializing... (init[1.146s][info][gc,start    ] GC(3) Pause Young (Normal) (G1 Evacuation Pause)
[1.146s][info][gc,task     ] GC(3) Using 6 workers of 6 for evacuation
[1.209s][info][gc,phases   ] GC(3)   Pre Evacuate Collection Set: 0.29ms
[1.209s][info][gc,phases   ] GC(3)   Merge Heap Roots: 0.07ms
[1.209s][info][gc,phases   ] GC(3)   Evacuate Collection Set: 61.57ms
[1.209s][info][gc,phases   ] GC(3)   Post Evacuate Collection Set: 0.65ms
[1.209s][info][gc,phases   ] GC(3)   Other: 0.06ms
[1.209s][info][gc,heap     ] GC(3) Eden regions: 99->0(89)
[1.209s][info][gc,heap     ] GC(3) Survivor regions: 3->13(13)
[1.209s][info][gc,heap     ] GC(3) Old regions: 0->53
[1.209s][info][gc,heap     ] GC(3) Humongous regions: 14->14
[1.209s][info][gc,metaspace] GC(3) Metaspace: 22647K(22848K)->22647K(22848K) NonClass: 18386K(18496K)->18386K(18496K) Class: 4261K(4352K)->4261K(4352K)
[1.209s][info][gc          ] GC(3) Pause Young (Normal) (G1 Evacuation Pause) 231M->160M(4096M) 62.770ms
[1.209s][info][gc,cpu      ] GC(3) User=0.31s Sys=0.06s Real=0.06s
[1.409s][info][gc,start    ] GC(4) Pause Young (Normal) (G1 Evacuation Pause)
[1.409s][info][gc,task     ] GC(4) Using 6 workers of 6 for evacuation
[1.489s][info][gc,phases   ] GC(4)   Pre Evacuate Collection Set: 0.31ms
[1.489s][info][gc,phases   ] GC(4)   Merge Heap Roots: 0.23ms
[1.489s][info][gc,phases   ] GC(4)   Evacuate Collection Set: 78.76ms
[1.489s][info][gc,phases   ] GC(4)   Post Evacuate Collection Set: 0.51ms
[1.489s][info][gc,phases   ] GC(4)   Other: 0.05ms
[1.489s][info][gc,heap     ] GC(4) Eden regions: 89->0(89)
[1.489s][info][gc,heap     ] GC(4) Survivor regions: 13->13(13)
[1.489s][info][gc,heap     ] GC(4) Old regions: 53->114
[1.489s][info][gc,heap     ] GC(4) Humongous regions: 19->19
[1.489s][info][gc,metaspace] GC(4) Metaspace: 22697K(22912K)->22697K(22912K) NonClass: 18435K(18560K)->18435K(18560K) Class: 4261K(4352K)->4261K(4352K)
[1.489s][info][gc          ] GC(4) Pause Young (Normal) (G1 Evacuation Pause) 348M->292M(4096M) 80.018ms
[1.489s][info][gc,cpu      ] GC(4) User=0.45s Sys=0.02s Real=0.08s
[1.669s][info][gc,start    ] GC(5) Pause Young (Normal) (G1 Evacuation Pause)
[1.669s][info][gc,task     ] GC(5) Using 6 workers of 6 for evacuation
[1.749s][info][gc,phases   ] GC(5)   Pre Evacuate Collection Set: 0.37ms
[1.749s][info][gc,phases   ] GC(5)   Merge Heap Roots: 0.11ms
[1.749s][info][gc,phases   ] GC(5)   Evacuate Collection Set: 79.27ms
[1.749s][info][gc,phases   ] GC(5)   Post Evacuate Collection Set: 0.23ms
[1.749s][info][gc,phases   ] GC(5)   Other: 0.06ms
[1.749s][info][gc,heap     ] GC(5) Eden regions: 89->0(89)
[1.749s][info][gc,heap     ] GC(5) Survivor regions: 13->13(13)
[1.749s][info][gc,heap     ] GC(5) Old regions: 114->191
[1.749s][info][gc,heap     ] GC(5) Humongous regions: 19->19
[1.749s][info][gc,metaspace] GC(5) Metaspace: 22708K(22912K)->22708K(22912K) NonClass: 18446K(18560K)->18446K(18560K) Class: 4261K(4352K)->4261K(4352K)
[1.749s][info][gc          ] GC(5) Pause Young (Normal) (G1 Evacuation Pause) 470M->446M(4096M) 80.200ms
[1.749s][info][gc,cpu      ] GC(5) User=0.44s Sys=0.04s Real=0.08s
[1.895s][info][gc,start    ] GC(6) Pause Young (Normal) (G1 Evacuation Pause)
[1.895s][info][gc,task     ] GC(6) Using 6 workers of 6 for evacuation
[1.975s][info][gc,phases   ] GC(6)   Pre Evacuate Collection Set: 0.29ms
[1.975s][info][gc,phases   ] GC(6)   Merge Heap Roots: 0.05ms
[1.975s][info][gc,phases   ] GC(6)   Evacuate Collection Set: 79.60ms
[1.975s][info][gc,phases   ] GC(6)   Post Evacuate Collection Set: 0.22ms
[1.975s][info][gc,phases   ] GC(6)   Other: 0.06ms
[1.975s][info][gc,heap     ] GC(6) Eden regions: 89->0(89)
[1.975s][info][gc,heap     ] GC(6) Survivor regions: 13->13(13)
[1.975s][info][gc,heap     ] GC(6) Old regions: 191->265
[1.975s][info][gc,heap     ] GC(6) Humongous regions: 19->19
[1.975s][info][gc,metaspace] GC(6) Metaspace: 22717K(22976K)->22717K(22976K) NonClass: 18453K(18560K)->18453K(18560K) Class: 4263K(4416K)->4263K(4416K)
[1.975s][info][gc          ] GC(6) Pause Young (Normal) (G1 Evacuation Pause) 624M->594M(4096M) 80.347ms
[1.975s][info][gc,cpu      ] GC(6) User=0.45s Sys=0.02s Real=0.08s
[2.115s][info][gc,start    ] GC(7) Pause Young (Normal) (G1 Evacuation Pause)
[2.115s][info][gc,task     ] GC(7) Using 6 workers of 6 for evacuation
[2.187s][info][gc,phases   ] GC(7)   Pre Evacuate Collection Set: 0.32ms
[2.187s][info][gc,phases   ] GC(7)   Merge Heap Roots: 0.08ms
[2.187s][info][gc,phases   ] GC(7)   Evacuate Collection Set: 71.37ms
[2.187s][info][gc,phases   ] GC(7)   Post Evacuate Collection Set: 0.21ms
[2.187s][info][gc,phases   ] GC(7)   Other: 0.05ms
[2.187s][info][gc,heap     ] GC(7) Eden regions: 89->0(89)
[2.188s][info][gc,heap     ] GC(7) Survivor regions: 13->13(13)
[2.188s][info][gc,heap     ] GC(7) Old regions: 265->334
[2.188s][info][gc,heap     ] GC(7) Humongous regions: 25->25
[2.188s][info][gc,metaspace] GC(7) Metaspace: 22723K(22976K)->22723K(22976K) NonClass: 18459K(18560K)->18459K(18560K) Class: 4264K(4416K)->4264K(4416K)
[2.188s][info][gc          ] GC(7) Pause Young (Normal) (G1 Evacuation Pause) 784M->744M(4096M) 72.169ms
[2.188s][info][gc,cpu      ] GC(7) User=0.40s Sys=0.03s Real=0.07s
[2.299s][info][gc,start    ] GC(8) Pause Young (Normal) (G1 Evacuation Pause)
[2.299s][info][gc,task     ] GC(8) Using 6 workers of 6 for evacuation
[2.375s][info][gc,phases   ] GC(8)   Pre Evacuate Collection Set: 0.30ms
[2.375s][info][gc,phases   ] GC(8)   Merge Heap Roots: 0.13ms
[2.375s][info][gc,phases   ] GC(8)   Evacuate Collection Set: 75.26ms
[2.375s][info][gc,phases   ] GC(8)   Post Evacuate Collection Set: 0.23ms
[2.375s][info][gc,phases   ] GC(8)   Other: 0.05ms
[2.375s][info][gc,heap     ] GC(8) Eden regions: 89->0(89)
[2.375s][info][gc,heap     ] GC(8) Survivor regions: 13->13(13)
[2.375s][info][gc,heap     ] GC(8) Old regions: 334->402
[2.375s][info][gc,heap     ] GC(8) Humongous regions: 30->30
[2.375s][info][gc,metaspace] GC(8) Metaspace: 22742K(22976K)->22742K(22976K) NonClass: 18478K(18560K)->18478K(18560K) Class: 4264K(4416K)->4264K(4416K)
[2.375s][info][gc          ] GC(8) Pause Young (Normal) (G1 Evacuation Pause) 932M->890M(4096M) 76.102ms
[2.375s][info][gc,cpu      ] GC(8) User=0.43s Sys=0.03s Real=0.08s
[2.589s][info][gc,start    ] GC(9) Pause Young (Normal) (G1 Evacuation Pause)
[2.589s][info][gc,task     ] GC(9) Using 6 workers of 6 for evacuation
[2.668s][info][gc,phases   ] GC(9)   Pre Evacuate Collection Set: 0.34ms
[2.668s][info][gc,phases   ] GC(9)   Merge Heap Roots: 0.15ms
[2.668s][info][gc,phases   ] GC(9)   Evacuate Collection Set: 78.66ms
[2.668s][info][gc,phases   ] GC(9)   Post Evacuate Collection Set: 0.26ms
[2.668s][info][gc,phases   ] GC(9)   Other: 0.05ms
[2.668s][info][gc,heap     ] GC(9) Eden regions: 89->0(89)
[2.668s][info][gc,heap     ] GC(9) Survivor regions: 13->13(13)
[2.668s][info][gc,heap     ] GC(9) Old regions: 402->457
[2.668s][info][gc,heap     ] GC(9) Humongous regions: 39->39
[2.668s][info][gc,metaspace] GC(9) Metaspace: 22781K(22976K)->22781K(22976K) NonClass: 18515K(18560K)->18515K(18560K) Class: 4266K(4416K)->4266K(4416K)
[2.668s][info][gc          ] GC(9) Pause Young (Normal) (G1 Evacuation Pause) 1086M->1018M(4096M) 79.596ms
[2.668s][info][gc,cpu      ] GC(9) User=0.47s Sys=0.01s Real=0.08s
) OK
     2s: 
     2s: Check whether properties are compliant
     2s: (validation=PASSED) Property settings are COMPLIANT.
     2s: 
     2s: Searching for high-bound for max-jOPS possible for this system
     2s: Searching from base IR = 100
     2s:       rampup IR =      0 [reconfig (term) [2.970s][info][gc,start    ] GC(10) Pause Full (System.gc())
[2.970s][info][gc,task     ] GC(10) Using 6 workers of 6 for full compaction
[2.971s][info][gc,phases,start] GC(10) Phase 1: Mark live objects
[2.984s][info][gc,phases      ] GC(10) Phase 1: Mark live objects 13.230ms
[2.984s][info][gc,phases,start] GC(10) Phase 2: Prepare compaction
[2.990s][info][gc,phases      ] GC(10) Phase 2: Prepare compaction 6.010ms
[2.990s][info][gc,phases,start] GC(10) Phase 3: Adjust pointers
[2.998s][info][gc,phases      ] GC(10) Phase 3: Adjust pointers 7.729ms
[2.998s][info][gc,phases,start] GC(10) Phase 4: Compact heap
[3.006s][info][gc,phases      ] GC(10) Phase 4: Compact heap 8.594ms
[3.006s][info][gc,phases,start] GC(10) Phase 5: Reset Metadata
[3.008s][info][gc,phases      ] GC(10) Phase 5: Reset Metadata 2.079ms
[3.013s][info][gc,heap        ] GC(10) Eden regions: 68->0(102)
[3.013s][info][gc,heap        ] GC(10) Survivor regions: 13->0(13)
[3.013s][info][gc,heap        ] GC(10) Old regions: 457->34
[3.013s][info][gc,heap        ] GC(10) Humongous regions: 46->13
[3.013s][info][gc,metaspace   ] GC(10) Metaspace: 23036K(23232K)->23036K(23232K) NonClass: 18728K(18816K)->18728K(18816K) Class: 4307K(4416K)->4307K(4416K)
[3.013s][info][gc             ] GC(10) Pause Full (System.gc()) 1166M->86M(4096M) 42.865ms
[3.013s][info][gc,cpu         ] GC(10) User=0.23s Sys=0.00s Real=0.05s
(init[3.343s][info][gc,start       ] GC(11) Pause Young (Normal) (G1 Evacuation Pause)
[3.343s][info][gc,task        ] GC(11) Using 6 workers of 6 for evacuation
[3.397s][info][gc,phases      ] GC(11)   Pre Evacuate Collection Set: 0.34ms
[3.397s][info][gc,phases      ] GC(11)   Merge Heap Roots: 0.05ms
[3.397s][info][gc,phases      ] GC(11)   Evacuate Collection Set: 52.42ms
[3.397s][info][gc,phases      ] GC(11)   Post Evacuate Collection Set: 0.37ms
[3.397s][info][gc,phases      ] GC(11)   Other: 0.05ms
[3.397s][info][gc,heap        ] GC(11) Eden regions: 102->0(89)
[3.397s][info][gc,heap        ] GC(11) Survivor regions: 0->13(13)
[3.397s][info][gc,heap        ] GC(11) Old regions: 34->91
[3.397s][info][gc,heap        ] GC(11) Humongous regions: 15->15
[3.397s][info][gc,metaspace   ] GC(11) Metaspace: 23044K(23232K)->23044K(23232K) NonClass: 18736K(18816K)->18736K(18816K) Class: 4307K(4416K)->4307K(4416K)
[3.397s][info][gc             ] GC(11) Pause Young (Normal) (G1 Evacuation Pause) 294M->229M(4096M) 53.368ms
[3.397s][info][gc,cpu         ] GC(11) User=0.32s Sys=0.00s Real=0.05s
[3.456s][info][gc,start       ] GC(12) Pause Young (Normal) (G1 Evacuation Pause)
[3.456s][info][gc,task        ] GC(12) Using 6 workers of 6 for evacuation
[3.534s][info][gc,phases      ] GC(12)   Pre Evacuate Collection Set: 0.32ms
[3.534s][info][gc,phases      ] GC(12)   Merge Heap Roots: 0.30ms
[3.534s][info][gc,phases      ] GC(12)   Evacuate Collection Set: 77.22ms
[3.534s][info][gc,phases      ] GC(12)   Post Evacuate Collection Set: 0.22ms
[3.534s][info][gc,phases      ] GC(12)   Other: 0.05ms
[3.534s][info][gc,heap        ] GC(12) Eden regions: 89->0(89)
[3.534s][info][gc,heap        ] GC(12) Survivor regions: 13->13(13)
[3.534s][info][gc,heap        ] GC(12) Old regions: 91->165
[3.534s][info][gc,heap        ] GC(12) Humongous regions: 15->15
[3.534s][info][gc,metaspace   ] GC(12) Metaspace: 23044K(23232K)->23044K(23232K) NonClass: 18736K(18816K)->18736K(18816K) Class: 4307K(4416K)->4307K(4416K)
[3.534s][info][gc             ] GC(12) Pause Young (Normal) (G1 Evacuation Pause) 407M->378M(4096M) 78.247ms
[3.534s][info][gc,cpu         ] GC(12) User=0.46s Sys=0.00s Real=0.08s
[3.618s][info][gc,start       ] GC(13) Pause Young (Normal) (G1 Evacuation Pause)
[3.618s][info][gc,task        ] GC(13) Using 6 workers of 6 for evacuation
[3.690s][info][gc,phases      ] GC(13)   Pre Evacuate Collection Set: 0.43ms
[3.690s][info][gc,phases      ] GC(13)   Merge Heap Roots: 0.13ms
[3.690s][info][gc,phases      ] GC(13)   Evacuate Collection Set: 70.47ms
[3.690s][info][gc,phases      ] GC(13)   Post Evacuate Collection Set: 0.31ms
[3.690s][info][gc,phases      ] GC(13)   Other: 0.07ms
[3.690s][info][gc,heap        ] GC(13) Eden regions: 89->0(89)
[3.690s][info][gc,heap        ] GC(13) Survivor regions: 13->13(13)
[3.690s][info][gc,heap        ] GC(13) Old regions: 165->238
[3.690s][info][gc,heap        ] GC(13) Humongous regions: 15->15
[3.690s][info][gc,metaspace   ] GC(13) Metaspace: 23044K(23232K)->23044K(23232K) NonClass: 18736K(18816K)->18736K(18816K) Class: 4307K(4416K)->4307K(4416K)
[3.690s][info][gc             ] GC(13) Pause Young (Normal) (G1 Evacuation Pause) 556M->523M(4096M) 71.601ms
[3.690s][info][gc,cpu         ] GC(13) User=0.43s Sys=0.00s Real=0.07s
[3.815s][info][gc,start       ] GC(14) Pause Young (Normal) (G1 Evacuation Pause)
[3.815s][info][gc,task        ] GC(14) Using 6 workers of 6 for evacuation
[3.880s][info][gc,phases      ] GC(14)   Pre Evacuate Collection Set: 0.29ms
[3.880s][info][gc,phases      ] GC(14)   Merge Heap Roots: 0.14ms
[3.880s][info][gc,phases      ] GC(14)   Evacuate Collection Set: 63.84ms
[3.880s][info][gc,phases      ] GC(14)   Post Evacuate Collection Set: 0.21ms
[3.880s][info][gc,phases      ] GC(14)   Other: 0.05ms
[3.880s][info][gc,heap        ] GC(14) Eden regions: 89->0(89)
[3.880s][info][gc,heap        ] GC(14) Survivor regions: 13->13(13)
[3.880s][info][gc,heap        ] GC(14) Old regions: 238->313
[3.880s][info][gc,heap        ] GC(14) Humongous regions: 19->19
[3.880s][info][gc,metaspace   ] GC(14) Metaspace: 23047K(23232K)->23047K(23232K) NonClass: 18739K(18816K)->18739K(18816K) Class: 4307K(4416K)->4307K(4416K)
[3.880s][info][gc             ] GC(14) Pause Young (Normal) (G1 Evacuation Pause) 709M->682M(4096M) 64.661ms
[3.880s][info][gc,cpu         ] GC(14) User=0.39s Sys=0.00s Real=0.06s
[4.058s][info][gc,start       ] GC(15) Pause Young (Normal) (G1 Evacuation Pause)
[4.058s][info][gc,task        ] GC(15) Using 6 workers of 6 for evacuation
[4.151s][info][gc,phases      ] GC(15)   Pre Evacuate Collection Set: 0.35ms
[4.151s][info][gc,phases      ] GC(15)   Merge Heap Roots: 0.16ms
[4.151s][info][gc,phases      ] GC(15)   Evacuate Collection Set: 92.30ms
[4.151s][info][gc,phases      ] GC(15)   Post Evacuate Collection Set: 0.26ms
[4.151s][info][gc,phases      ] GC(15)   Other: 0.05ms
[4.151s][info][gc,heap        ] GC(15) Eden regions: 94->0(98)
[4.151s][info][gc,heap        ] GC(15) Survivor regions: 13->14(14)
[4.151s][info][gc,heap        ] GC(15) Old regions: 313->380
[4.151s][info][gc,heap        ] GC(15) Humongous regions: 25->25
[4.151s][info][gc,metaspace   ] GC(15) Metaspace: 23061K(23232K)->23061K(23232K) NonClass: 18754K(18816K)->18754K(18816K) Class: 4307K(4416K)->4307K(4416K)
[4.151s][info][gc             ] GC(15) Pause Young (Normal) (G1 Evacuation Pause) 882M->829M(4096M) 93.280ms
[4.151s][info][gc,cpu         ] GC(15) User=0.55s Sys=0.00s Real=0.09s
[4.300s][info][gc,start       ] GC(16) Pause Young (Normal) (G1 Evacuation Pause)
[4.300s][info][gc,task        ] GC(16) Using 6 workers of 6 for evacuation
[4.372s][info][gc,phases      ] GC(16)   Pre Evacuate Collection Set: 0.33ms
[4.372s][info][gc,phases      ] GC(16)   Merge Heap Roots: 0.34ms
[4.372s][info][gc,phases      ] GC(16)   Evacuate Collection Set: 70.89ms
[4.372s][info][gc,phases      ] GC(16)   Post Evacuate Collection Set: 0.28ms
[4.372s][info][gc,phases      ] GC(16)   Other: 0.05ms
[4.372s][info][gc,heap        ] GC(16) Eden regions: 88->0(111)
[4.372s][info][gc,heap        ] GC(16) Survivor regions: 14->13(13)
[4.372s][info][gc,heap        ] GC(16) Old regions: 380->428
[4.372s][info][gc,heap        ] GC(16) Humongous regions: 35->35
[4.372s][info][gc,metaspace   ] GC(16) Metaspace: 23062K(23232K)->23062K(23232K) NonClass: 18755K(18816K)->18755K(18816K) Class: 4307K(4416K)->4307K(4416K)
[4.372s][info][gc             ] GC(16) Pause Young (Normal) (G1 Evacuation Pause) 1025M->943M(4096M) 72.053ms
[4.372s][info][gc,cpu         ] GC(16) User=0.43s Sys=0.00s Real=0.08s
[4.728s][info][gc,start       ] GC(17) Pause Young (Normal) (G1 Evacuation Pause)
[4.728s][info][gc,task        ] GC(17) Using 6 workers of 6 for evacuation
[4.814s][info][gc,phases      ] GC(17)   Pre Evacuate Collection Set: 0.26ms
[4.814s][info][gc,phases      ] GC(17)   Merge Heap Roots: 0.24ms
[4.814s][info][gc,phases      ] GC(17)   Evacuate Collection Set: 85.34ms
[4.814s][info][gc,phases      ] GC(17)   Post Evacuate Collection Set: 0.27ms
[4.814s][info][gc,phases      ] GC(17)   Other: 0.06ms
[4.814s][info][gc,heap        ] GC(17) Eden regions: 98->0(121)
[4.814s][info][gc,heap        ] GC(17) Survivor regions: 13->14(14)
[4.814s][info][gc,heap        ] GC(17) Old regions: 428->486
[4.814s][info][gc,heap        ] GC(17) Humongous regions: 45->45
[4.814s][info][gc,metaspace   ] GC(17) Metaspace: 23062K(23232K)->23062K(23232K) NonClass: 18755K(18816K)->18755K(18816K) Class: 4307K(4416K)->4307K(4416K)
[4.814s][info][gc             ] GC(17) Pause Young (Normal) (G1 Evacuation Pause) 1159M->1081M(4096M) 86.284ms
[4.814s][info][gc,cpu         ] GC(17) User=0.51s Sys=0.01s Real=0.09s
) ] ... (rIR:aIR:PR = 0:0:0) (tPR = 0) [OK] 
     7s:       rampup IR =     10 ... (rIR:aIR:PR = 10:10:10) (tPR = 846) [OK] 
    10s:       rampup IR =     20 ... (rIR:aIR:PR = 20:20:20) (tPR = 1547) [OK] 
    13s:       rampup IR =     30 .... (rIR:aIR:PR = 30:30:30) (tPR = 2092) [OK] 
    17s:       rampup IR =     40 .... (rIR:aIR:PR = 40:43:43) (tPR = 3226) [OK] 
    21s:       rampup IR =     50 .... (rIR:aIR:PR = 50:52:52) (tPR = 3599) [OK] 
    25s:       rampup IR =     60 ..[28.223s][info][gc,start       ] GC(18) Pause Young (Normal) (G1 Evacuation Pause)
[28.223s][info][gc,task        ] GC(18) Using 6 workers of 6 for evacuation
[28.252s][info][gc,phases      ] GC(18)   Pre Evacuate Collection Set: 0.38ms
[28.252s][info][gc,phases      ] GC(18)   Merge Heap Roots: 0.19ms
[28.252s][info][gc,phases      ] GC(18)   Evacuate Collection Set: 27.47ms
[28.252s][info][gc,phases      ] GC(18)   Post Evacuate Collection Set: 0.31ms
[28.252s][info][gc,phases      ] GC(18)   Other: 0.08ms
[28.252s][info][gc,heap        ] GC(18) Eden regions: 132->0(164)
[28.252s][info][gc,heap        ] GC(18) Survivor regions: 14->7(19)
[28.252s][info][gc,heap        ] GC(18) Old regions: 486->501
[28.252s][info][gc,heap        ] GC(18) Humongous regions: 46->46
[28.252s][info][gc,metaspace   ] GC(18) Metaspace: 25054K(25216K)->25054K(25216K) NonClass: 20567K(20672K)->20567K(20672K) Class: 4486K(4544K)->4486K(4544K)
[28.252s][info][gc             ] GC(18) Pause Young (Normal) (G1 Evacuation Pause) 1347M->1099M(4096M) 28.577ms
[28.252s][info][gc,cpu         ] GC(18) User=0.15s Sys=0.02s Real=0.03s
.. (rIR:aIR:PR = 60:63:61) (tPR = 3883) [OK] 
    29s:       rampup IR =     70 .... (rIR:aIR:PR = 70:72:71) (tPR = 4426) [OK] 
    33s:       rampup IR =     80 .... (rIR:aIR:PR = 80:80:78) (tPR = 4342) [OK] 
    37s:       rampup IR =     90 .... (rIR:aIR:PR = 90:92:90) (tPR = 4466) [OK] 
    41s:       rampup IR =    100 .... (rIR:aIR:PR = 100:101:99) (tPR = 4519) [OK] 
    45s:    snapshot, IR =    100 ...[49.030s][info][gc,start       ] GC(19) Pause Young (Normal) (G1 Evacuation Pause)
[49.030s][info][gc,task        ] GC(19) Using 6 workers of 6 for evacuation
[49.052s][info][gc,phases      ] GC(19)   Pre Evacuate Collection Set: 0.35ms
[49.052s][info][gc,phases      ] GC(19)   Merge Heap Roots: 0.19ms
[49.052s][info][gc,phases      ] GC(19)   Evacuate Collection Set: 20.72ms
[49.052s][info][gc,phases      ] GC(19)   Post Evacuate Collection Set: 0.34ms
[49.052s][info][gc,phases      ] GC(19)   Other: 0.07ms
[49.052s][info][gc,heap        ] GC(19) Eden regions: 176->0(224)
[49.052s][info][gc,heap        ] GC(19) Survivor regions: 7->17(23)
[49.052s][info][gc,heap        ] GC(19) Old regions: 501->501
[49.052s][info][gc,heap        ] GC(19) Humongous regions: 46->46
[49.052s][info][gc,metaspace   ] GC(19) Metaspace: 25211K(25408K)->25211K(25408K) NonClass: 20722K(20864K)->20722K(20864K) Class: 4488K(4544K)->4488K(4544K)
[49.052s][info][gc             ] GC(19) Pause Young (Normal) (G1 Evacuation Pause) 1451M->1118M(4096M) 21.800ms
[49.052s][info][gc,cpu         ] GC(19) User=0.12s Sys=0.01s Real=0.03s
.|........................[74.186s][info][gc,start       ] GC(20) Pause Young (Normal) (G1 Evacuation Pause)
[74.186s][info][gc,task        ] GC(20) Using 6 workers of 6 for evacuation
[74.219s][info][gc,phases      ] GC(20)   Pre Evacuate Collection Set: 0.36ms
[74.219s][info][gc,phases      ] GC(20)   Merge Heap Roots: 0.21ms
[74.219s][info][gc,phases      ] GC(20)   Evacuate Collection Set: 31.69ms
[74.219s][info][gc,phases      ] GC(20)   Post Evacuate Collection Set: 0.43ms
[74.219s][info][gc,phases      ] GC(20)   Other: 0.08ms
[74.219s][info][gc,heap        ] GC(20) Eden regions: 236->0(270)
[74.219s][info][gc,heap        ] GC(20) Survivor regions: 17->25(32)
[74.219s][info][gc,heap        ] GC(20) Old regions: 501->508
[74.219s][info][gc,heap        ] GC(20) Humongous regions: 46->46
[74.219s][info][gc,metaspace   ] GC(20) Metaspace: 27208K(27456K)->27208K(27456K) NonClass: 22397K(22528K)->22397K(22528K) Class: 4811K(4928K)->4811K(4928K)
[74.219s][info][gc             ] GC(20) Pause Young (Normal) (G1 Evacuation Pause) 1590M->1148M(4096M) 32.909ms
[74.219s][info][gc,cpu         ] GC(20) User=0.18s Sys=0.00s Real=0.03s
...... (rIR:aIR:PR = 100:100:98) (tPR = 3026) [OK] 
    79s: Performing snapshot: (quiescence.....) (stop TxI) (stop BE) (saving... 103461 Kb) (term) [86.902s][info][gc,start       ] GC(21) Pause Full (System.gc())
[86.902s][info][gc,task        ] GC(21) Using 6 workers of 6 for full compaction
[86.902s][info][gc,phases,start] GC(21) Phase 1: Mark live objects
[86.917s][info][gc,phases      ] GC(21) Phase 1: Mark live objects 14.422ms
[86.917s][info][gc,phases,start] GC(21) Phase 2: Prepare compaction
[86.919s][info][gc,phases      ] GC(21) Phase 2: Prepare compaction 1.980ms
[86.919s][info][gc,phases,start] GC(21) Phase 3: Adjust pointers
[86.925s][info][gc,phases      ] GC(21) Phase 3: Adjust pointers 6.475ms
[86.925s][info][gc,phases,start] GC(21) Phase 4: Compact heap
[86.927s][info][gc,phases      ] GC(21) Phase 4: Compact heap 1.979ms
[86.927s][info][gc,phases,start] GC(21) Phase 5: Reset Metadata
[86.932s][info][gc,phases      ] GC(21) Phase 5: Reset Metadata 4.308ms
[86.938s][info][gc,heap        ] GC(21) Eden regions: 143->0(313)
[86.938s][info][gc,heap        ] GC(21) Survivor regions: 25->0(32)
[86.938s][info][gc,heap        ] GC(21) Old regions: 508->35
[86.938s][info][gc,heap        ] GC(21) Humongous regions: 331->66
[86.938s][info][gc,metaspace   ] GC(21) Metaspace: 27353K(27584K)->27353K(27584K) NonClass: 22533K(22656K)->22533K(22656K) Class: 4819K(4928K)->4819K(4928K)
[86.938s][info][gc             ] GC(21) Pause Full (System.gc()) 2003M->193M(4096M) 35.635ms
[86.938s][info][gc,cpu         ] GC(21) User=0.19s Sys=0.00s Real=0.03s
(init[87.637s][info][gc,start       ] GC(22) Pause Young (Normal) (G1 Evacuation Pause)
[87.637s][info][gc,task        ] GC(22) Using 6 workers of 6 for evacuation
[87.777s][info][gc,phases      ] GC(22)   Pre Evacuate Collection Set: 0.29ms
[87.777s][info][gc,phases      ] GC(22)   Merge Heap Roots: 0.29ms
[87.777s][info][gc,phases      ] GC(22)   Evacuate Collection Set: 138.52ms
[87.777s][info][gc,phases      ] GC(22)   Post Evacuate Collection Set: 0.44ms
[87.777s][info][gc,phases      ] GC(22)   Other: 0.07ms
[87.777s][info][gc,heap        ] GC(22) Eden regions: 289->0(244)
[87.777s][info][gc,heap        ] GC(22) Survivor regions: 0->37(37)
[87.777s][info][gc,heap        ] GC(22) Old regions: 35->93
[87.777s][info][gc,heap        ] GC(22) Humongous regions: 107->105
[87.777s][info][gc,metaspace   ] GC(22) Metaspace: 27427K(27648K)->27427K(27648K) NonClass: 22599K(22720K)->22599K(22720K) Class: 4828K(4928K)->4828K(4928K)
[87.777s][info][gc             ] GC(22) Pause Young (Normal) (G1 Evacuation Pause) 853M->461M(4096M) 139.731ms
[87.777s][info][gc,cpu         ] GC(22) User=0.82s Sys=0.01s Real=0.14s
[88.052s][info][gc,start       ] GC(23) Pause Young (Normal) (G1 Evacuation Pause)
[88.052s][info][gc,task        ] GC(23) Using 6 workers of 6 for evacuation
[88.190s][info][gc,phases      ] GC(23)   Pre Evacuate Collection Set: 0.32ms
[88.190s][info][gc,phases      ] GC(23)   Merge Heap Roots: 0.47ms
[88.190s][info][gc,phases      ] GC(23)   Evacuate Collection Set: 136.37ms
[88.190s][info][gc,phases      ] GC(23)   Post Evacuate Collection Set: 0.36ms
[88.190s][info][gc,phases      ] GC(23)   Other: 0.07ms
[88.190s][info][gc,heap        ] GC(23) Eden regions: 220->0(247)
[88.190s][info][gc,heap        ] GC(23) Survivor regions: 37->33(33)
[88.190s][info][gc,heap        ] GC(23) Old regions: 93->166
[88.190s][info][gc,heap        ] GC(23) Humongous regions: 124->123
[88.190s][info][gc,metaspace   ] GC(23) Metaspace: 27444K(27648K)->27444K(27648K) NonClass: 22614K(22720K)->22614K(22720K) Class: 4830K(4928K)->4830K(4928K)
[88.190s][info][gc             ] GC(23) Pause Young (Normal) (G1 Evacuation Pause) 939M->635M(4096M) 137.731ms
[88.190s][info][gc,cpu         ] GC(23) User=0.82s Sys=0.00s Real=0.13s
[88.700s][info][gc,start       ] GC(24) Pause Young (Normal) (G1 Evacuation Pause)
[88.700s][info][gc,task        ] GC(24) Using 6 workers of 6 for evacuation
[88.851s][info][gc,phases      ] GC(24)   Pre Evacuate Collection Set: 0.29ms
[88.851s][info][gc,phases      ] GC(24)   Merge Heap Roots: 0.35ms
[88.851s][info][gc,phases      ] GC(24)   Evacuate Collection Set: 150.17ms
[88.851s][info][gc,phases      ] GC(24)   Post Evacuate Collection Set: 0.49ms
[88.851s][info][gc,phases      ] GC(24)   Other: 0.06ms
[88.851s][info][gc,heap        ] GC(24) Eden regions: 241->0(228)
[88.851s][info][gc,heap        ] GC(24) Survivor regions: 33->35(35)
[88.851s][info][gc,heap        ] GC(24) Old regions: 166->290
[88.851s][info][gc,heap        ] GC(24) Humongous regions: 160->158
[88.851s][info][gc,metaspace   ] GC(24) Metaspace: 27452K(27648K)->27452K(27648K) NonClass: 22620K(22720K)->22620K(22720K) Class: 4831K(4928K)->4831K(4928K)
[88.851s][info][gc             ] GC(24) Pause Young (Normal) (G1 Evacuation Pause) 1191M->956M(4096M) 151.489ms
[88.851s][info][gc,cpu         ] GC(24) User=0.90s Sys=0.00s Real=0.15s
) ...
    91s:       rampup IR =      0 ... (rIR:aIR:PR = 0:0:0) (tPR = 0) [OK] 
    94s:       rampup IR =     10 ... (rIR:aIR:PR = 10:10:10) (tPR = 217) [OK] 
    97s:       rampup IR =     20 ... (rIR:aIR:PR = 20:21:21) (tPR = 581) [OK] 
   100s:       rampup IR =     30 .[102.314s][info][gc,start       ] GC(25) Pause Young (Normal) (G1 Evacuation Pause)
[102.314s][info][gc,task        ] GC(25) Using 6 workers of 6 for evacuation
[102.479s][info][gc,phases      ] GC(25)   Pre Evacuate Collection Set: 0.35ms
[102.479s][info][gc,phases      ] GC(25)   Merge Heap Roots: 0.39ms
[102.479s][info][gc,phases      ] GC(25)   Evacuate Collection Set: 164.28ms
[102.479s][info][gc,phases      ] GC(25)   Post Evacuate Collection Set: 0.34ms
[102.479s][info][gc,phases      ] GC(25)   Other: 0.07ms
[102.479s][info][gc,heap        ] GC(25) Eden regions: 235->0(195)
[102.479s][info][gc,heap        ] GC(25) Survivor regions: 35->34(34)
[102.479s][info][gc,heap        ] GC(25) Old regions: 290->473
[102.479s][info][gc,heap        ] GC(25) Humongous regions: 158->158
[102.479s][info][gc,metaspace   ] GC(25) Metaspace: 27501K(27712K)->27501K(27712K) NonClass: 22669K(22784K)->22669K(22784K) Class: 4831K(4928K)->4831K(4928K)
[102.479s][info][gc             ] GC(25) Pause Young (Normal) (G1 Evacuation Pause) 1426M->1320M(4096M) 165.590ms
[102.479s][info][gc,cpu         ] GC(25) User=0.99s Sys=0.00s Real=0.16s
... (rIR:aIR:PR = 30:29:29) (tPR = 610) [OK] 
   104s:       rampup IR =     40 .... (rIR:aIR:PR = 40:39:39) (tPR = 982) [OK] 
   108s:       rampup IR =     50 .... (rIR:aIR:PR = 50:50:49) (tPR = 971) [OK] 
   112s:       rampup IR =     60 .... (rIR:aIR:PR = 60:64:62) (tPR = 1110) [OK] 
   116s:       rampup IR =     70 .... (rIR:aIR:PR = 70:72:70) (tPR = 1699) [OK] 
   120s:       rampup IR =     80 .... (rIR:aIR:PR = 80:76:75) (tPR = 1878) [OK] 
   124s:       rampup IR =     90 .... (rIR:aIR:PR = 90:96:94) (tPR = 1929) [OK] 
   128s:       rampup IR =    100 .... (rIR:aIR:PR = 100:103:101) (tPR = 2100) [OK] 
   132s:       trying IR =    200 .... (rIR:aIR:PR = 200:204:201) (tPR = 4636) [OK] 
   136s:       trying IR =    220 ....[141.446s][info][gc,start       ] GC(26) Pause Young (Normal) (G1 Evacuation Pause)
[141.446s][info][gc,task        ] GC(26) Using 6 workers of 6 for evacuation
[141.495s][info][gc,phases      ] GC(26)   Pre Evacuate Collection Set: 0.35ms
[141.495s][info][gc,phases      ] GC(26)   Merge Heap Roots: 0.54ms
[141.495s][info][gc,phases      ] GC(26)   Evacuate Collection Set: 47.82ms
[141.495s][info][gc,phases      ] GC(26)   Post Evacuate Collection Set: 0.47ms
[141.495s][info][gc,phases      ] GC(26)   Other: 0.06ms
[141.495s][info][gc,heap        ] GC(26) Eden regions: 197->0(300)
[141.495s][info][gc,heap        ] GC(26) Survivor regions: 34->18(29)
[141.495s][info][gc,heap        ] GC(26) Old regions: 473->508
[141.495s][info][gc,heap        ] GC(26) Humongous regions: 158->158
[141.495s][info][gc,metaspace   ] GC(26) Metaspace: 27695K(27904K)->27695K(27904K) NonClass: 22862K(22976K)->22862K(22976K) Class: 4833K(4928K)->4833K(4928K)
[141.495s][info][gc             ] GC(26) Pause Young (Normal) (G1 Evacuation Pause) 1714M->1359M(4096M) 49.380ms
[141.495s][info][gc,cpu         ] GC(26) User=0.29s Sys=0.00s Real=0.05s
. (rIR:aIR:PR = 220:224:220) (tPR = 4870) [OK] 
   141s:       trying IR =    244 .... (rIR:aIR:PR = 244:255:249) (tPR = 4621) [OK] 
   145s:       trying IR =    273 ..... (rIR:aIR:PR = 273:268:262) (tPR = 4864) [OK] 
   150s:       trying IR =    307 ..... (rIR:aIR:PR = 307:309:302) (tPR = 5670) [OK] 
   155s:       trying IR =    349 [156.753s][info][gc,start       ] GC(27) Pause Young (Normal) (G1 Evacuation Pause)
[156.753s][info][gc,task        ] GC(27) Using 6 workers of 6 for evacuation
[156.798s][info][gc,phases      ] GC(27)   Pre Evacuate Collection Set: 0.37ms
[156.798s][info][gc,phases      ] GC(27)   Merge Heap Roots: 0.53ms
[156.798s][info][gc,phases      ] GC(27)   Evacuate Collection Set: 43.47ms
[156.798s][info][gc,phases      ] GC(27)   Post Evacuate Collection Set: 0.52ms
[156.798s][info][gc,phases      ] GC(27)   Other: 0.07ms
[156.798s][info][gc,heap        ] GC(27) Eden regions: 292->0(324)
[156.798s][info][gc,heap        ] GC(27) Survivor regions: 18->36(39)
[156.798s][info][gc,heap        ] GC(27) Old regions: 508->508
[156.798s][info][gc,heap        ] GC(27) Humongous regions: 158->158
[156.798s][info][gc,metaspace   ] GC(27) Metaspace: 27758K(27968K)->27758K(27968K) NonClass: 22924K(23040K)->22924K(23040K) Class: 4833K(4928K)->4833K(4928K)
[156.798s][info][gc             ] GC(27) Pause Young (Normal) (G1 Evacuation Pause) 1943M->1395M(4096M) 45.097ms
[156.798s][info][gc,cpu         ] GC(27) User=0.26s Sys=0.00s Real=0.04s
...... (rIR:aIR:PR = 349:348:341) (tPR = 6249) [OK] 
   161s:       trying IR =    399 .... (rIR:aIR:PR = 399:394:386) (tPR = 6719) [OK] 
   165s:       trying IR =    458 .[167.017s][info][gc,start       ] GC(28) Pause Young (Normal) (G1 Evacuation Pause)
[167.017s][info][gc,task        ] GC(28) Using 6 workers of 6 for evacuation
[167.074s][info][gc,phases      ] GC(28)   Pre Evacuate Collection Set: 0.35ms
[167.074s][info][gc,phases      ] GC(28)   Merge Heap Roots: 0.51ms
[167.074s][info][gc,phases      ] GC(28)   Evacuate Collection Set: 54.92ms
[167.074s][info][gc,phases      ] GC(28)   Post Evacuate Collection Set: 0.46ms
[167.074s][info][gc,phases      ] GC(28)   Other: 0.07ms
[167.074s][info][gc,heap        ] GC(28) Eden regions: 317->0(382)
[167.074s][info][gc,heap        ] GC(28) Survivor regions: 36->37(45)
[167.074s][info][gc,heap        ] GC(28) Old regions: 508->525
[167.074s][info][gc,heap        ] GC(28) Humongous regions: 158->158
[167.074s][info][gc,metaspace   ] GC(28) Metaspace: 27801K(28032K)->27801K(28032K) NonClass: 22965K(23104K)->22965K(23104K) Class: 4836K(4928K)->4836K(4928K)
[167.074s][info][gc             ] GC(28) Pause Young (Normal) (G1 Evacuation Pause) 2029M->1429M(4096M) 56.430ms
[167.074s][info][gc,cpu         ] GC(28) User=0.33s Sys=0.00s Real=0.06s
.... (rIR:aIR:PR = 458:463:454) (tPR = 8197) [OK] 
   170s:       trying IR =    530 ..... (rIR:aIR:PR = 530:538:527) (tPR = 9783) [OK] 
   175s:       trying IR =    616 [176.290s][info][gc,start       ] GC(29) Pause Young (Normal) (G1 Evacuation Pause)
[176.290s][info][gc,task        ] GC(29) Using 6 workers of 6 for evacuation
[176.346s][info][gc,phases      ] GC(29)   Pre Evacuate Collection Set: 0.36ms
[176.346s][info][gc,phases      ] GC(29)   Merge Heap Roots: 0.42ms
[176.346s][info][gc,phases      ] GC(29)   Evacuate Collection Set: 54.61ms
[176.346s][info][gc,phases      ] GC(29)   Post Evacuate Collection Set: 0.50ms
[176.346s][info][gc,phases      ] GC(29)   Other: 0.07ms
[176.346s][info][gc,heap        ] GC(29) Eden regions: 393->0(440)
[176.346s][info][gc,heap        ] GC(29) Survivor regions: 37->39(54)
[176.346s][info][gc,heap        ] GC(29) Old regions: 525->542
[176.346s][info][gc,heap        ] GC(29) Humongous regions: 158->158
[176.346s][info][gc,metaspace   ] GC(29) Metaspace: 27837K(28032K)->27837K(28032K) NonClass: 23001K(23104K)->23001K(23104K) Class: 4836K(4928K)->4836K(4928K)
[176.346s][info][gc             ] GC(29) Pause Young (Normal) (G1 Evacuation Pause) 2215M->1468M(4096M) 56.083ms
[176.346s][info][gc,cpu         ] GC(29) User=0.32s Sys=0.01s Real=0.06s
.... (rIR:aIR:PR = 616:626:612) (tPR = 10990) [OK] 
   179s:       trying IR =    719 .... (rIR:aIR:PR = 719:729:712) (tPR = 12839) [OK] 
   183s:       trying IR =    843 [184.197s][info][gc,start       ] GC(30) Pause Young (Normal) (G1 Evacuation Pause)
[184.197s][info][gc,task        ] GC(30) Using 6 workers of 6 for evacuation
[184.254s][info][gc,phases      ] GC(30)   Pre Evacuate Collection Set: 0.40ms
[184.254s][info][gc,phases      ] GC(30)   Merge Heap Roots: 0.40ms
[184.254s][info][gc,phases      ] GC(30)   Evacuate Collection Set: 55.98ms
[184.254s][info][gc,phases      ] GC(30)   Post Evacuate Collection Set: 0.49ms
[184.254s][info][gc,phases      ] GC(30)   Other: 0.08ms
[184.254s][info][gc,heap        ] GC(30) Eden regions: 455->0(506)
[184.254s][info][gc,heap        ] GC(30) Survivor regions: 39->44(62)
[184.254s][info][gc,heap        ] GC(30) Old regions: 542->558
[184.254s][info][gc,heap        ] GC(30) Humongous regions: 158->158
[184.254s][info][gc,metaspace   ] GC(30) Metaspace: 27896K(28096K)->27896K(28096K) NonClass: 23058K(23168K)->23058K(23168K) Class: 4838K(4928K)->4838K(4928K)
[184.254s][info][gc             ] GC(30) Pause Young (Normal) (G1 Evacuation Pause) 2378M->1511M(4096M) 57.501ms
[184.254s][info][gc,cpu         ] GC(30) User=0.33s Sys=0.01s Real=0.06s
..... (rIR:aIR:PR = 843:846:827) (tPR = 13955) [OK] 
   188s:       trying IR =    992 ..[191.122s][info][gc,start       ] GC(31) Pause Young (Normal) (G1 Evacuation Pause)
[191.122s][info][gc,task        ] GC(31) Using 6 workers of 6 for evacuation
[191.187s][info][gc,phases      ] GC(31)   Pre Evacuate Collection Set: 0.35ms
[191.187s][info][gc,phases      ] GC(31)   Merge Heap Roots: 0.36ms
[191.187s][info][gc,phases      ] GC(31)   Evacuate Collection Set: 63.61ms
[191.187s][info][gc,phases      ] GC(31)   Post Evacuate Collection Set: 0.57ms
[191.187s][info][gc,phases      ] GC(31)   Other: 0.09ms
[191.187s][info][gc,heap        ] GC(31) Eden regions: 521->0(563)
[191.187s][info][gc,heap        ] GC(31) Survivor regions: 44->50(71)
[191.187s][info][gc,heap        ] GC(31) Old regions: 558->576
[191.187s][info][gc,heap        ] GC(31) Humongous regions: 158->158
[191.187s][info][gc,metaspace   ] GC(31) Metaspace: 27926K(28160K)->27926K(28160K) NonClass: 23087K(23232K)->23087K(23232K) Class: 4838K(4928K)->4838K(4928K)
[191.187s][info][gc             ] GC(31) Pause Young (Normal) (G1 Evacuation Pause) 2553M->1559M(4096M) 65.110ms
[191.187s][info][gc,cpu         ] GC(31) User=0.37s Sys=0.03s Real=0.06s
.. (rIR:aIR:PR = 992:988:967) (tPR = 16175) [OK] 
   192s:       trying IR =   1170 ....[197.371s][info][gc,start       ] GC(32) Pause Young (Normal) (G1 Evacuation Pause)
[197.371s][info][gc,task        ] GC(32) Using 6 workers of 6 for evacuation
[197.441s][info][gc,phases      ] GC(32)   Pre Evacuate Collection Set: 0.36ms
[197.441s][info][gc,phases      ] GC(32)   Merge Heap Roots: 0.35ms
[197.441s][info][gc,phases      ] GC(32)   Evacuate Collection Set: 68.02ms
[197.441s][info][gc,phases      ] GC(32)   Post Evacuate Collection Set: 0.57ms
[197.441s][info][gc,phases      ] GC(32)   Other: 0.09ms
[197.441s][info][gc,heap        ] GC(32) Eden regions: 577->0(621)
[197.441s][info][gc,heap        ] GC(32) Survivor regions: 50->56(79)
[197.441s][info][gc,heap        ] GC(32) Old regions: 576->596
[197.441s][info][gc,heap        ] GC(32) Humongous regions: 158->158
[197.441s][info][gc,metaspace   ] GC(32) Metaspace: 28049K(28352K)->28049K(28352K) NonClass: 23195K(23360K)->23195K(23360K) Class: 4854K(4992K)->4854K(4992K)
[197.441s][info][gc             ] GC(32) Pause Young (Normal) (G1 Evacuation Pause) 2713M->1610M(4096M) 69.534ms
[197.441s][info][gc,cpu         ] GC(32) User=0.39s Sys=0.03s Real=0.06s
. (rIR:aIR:PR = 1170:1168:1152) (tPR = 20178) [OK] 
   197s:       trying IR =   1384 .... (rIR:aIR:PR = 1384:1380:1374) (tPR = 23695) [OK] 
   201s:       trying IR =   1641 [202.885s][info][gc,start       ] GC(33) Pause Young (Normal) (G1 Evacuation Pause)
[202.885s][info][gc,task        ] GC(33) Using 6 workers of 6 for evacuation
[202.966s][info][gc,phases      ] GC(33)   Pre Evacuate Collection Set: 0.37ms
[202.966s][info][gc,phases      ] GC(33)   Merge Heap Roots: 0.33ms
[202.966s][info][gc,phases      ] GC(33)   Evacuate Collection Set: 79.68ms
[202.966s][info][gc,phases      ] GC(33)   Post Evacuate Collection Set: 0.64ms
[202.966s][info][gc,phases      ] GC(33)   Other: 0.08ms
[202.966s][info][gc,heap        ] GC(33) Eden regions: 632->0(664)
[202.966s][info][gc,heap        ] GC(33) Survivor regions: 56->64(86)
[202.966s][info][gc,heap        ] GC(33) Old regions: 596->618
[202.966s][info][gc,heap        ] GC(33) Humongous regions: 160->160
[202.966s][info][gc,metaspace   ] GC(33) Metaspace: 28072K(28352K)->28072K(28352K) NonClass: 23218K(23360K)->23218K(23360K) Class: 4854K(4992K)->4854K(4992K)
[202.966s][info][gc             ] GC(33) Pause Young (Normal) (G1 Evacuation Pause) 2878M->1674M(4096M) 81.217ms
[202.966s][info][gc,cpu         ] GC(33) User=0.46s Sys=0.02s Real=0.08s
.... (rIR:aIR:PR = 1641:1626:1626) (tPR = 26986) [OK] 
   205s:       trying IR =   1949 .[207.507s][info][gc,start       ] GC(34) Pause Young (Normal) (G1 Evacuation Pause)
[207.507s][info][gc,task        ] GC(34) Using 6 workers of 6 for evacuation
[207.586s][info][gc,phases      ] GC(34)   Pre Evacuate Collection Set: 0.35ms
[207.586s][info][gc,phases      ] GC(34)   Merge Heap Roots: 0.33ms
[207.586s][info][gc,phases      ] GC(34)   Evacuate Collection Set: 77.29ms
[207.586s][info][gc,phases      ] GC(34)   Post Evacuate Collection Set: 0.70ms
[207.586s][info][gc,phases      ] GC(34)   Other: 0.07ms
[207.586s][info][gc,heap        ] GC(34) Eden regions: 669->0(728)
[207.586s][info][gc,heap        ] GC(34) Survivor regions: 64->65(92)
[207.586s][info][gc,heap        ] GC(34) Old regions: 618->642
[207.586s][info][gc,heap        ] GC(34) Humongous regions: 160->160
[207.586s][info][gc,metaspace   ] GC(34) Metaspace: 28098K(28352K)->28098K(28352K) NonClass: 23244K(23360K)->23244K(23360K) Class: 4854K(4992K)->4854K(4992K)
[207.586s][info][gc             ] GC(34) Pause Young (Normal) (G1 Evacuation Pause) 3012M->1725M(4096M) 78.867ms
[207.586s][info][gc,cpu         ] GC(34) User=0.46s Sys=0.01s Real=0.08s
.... (rIR:aIR:PR = 1949:1958:1958) (tPR = 32206) [OK] 
   210s:       trying IR =   2319 .[212.085s][info][gc,start       ] GC(35) Pause Young (Normal) (G1 Evacuation Pause)
[212.085s][info][gc,task        ] GC(35) Using 6 workers of 6 for evacuation
[212.174s][info][gc,phases      ] GC(35)   Pre Evacuate Collection Set: 0.34ms
[212.174s][info][gc,phases      ] GC(35)   Merge Heap Roots: 0.35ms
[212.174s][info][gc,phases      ] GC(35)   Evacuate Collection Set: 86.76ms
[212.174s][info][gc,phases      ] GC(35)   Post Evacuate Collection Set: 0.75ms
[212.174s][info][gc,phases      ] GC(35)   Other: 0.08ms
[212.174s][info][gc,heap        ] GC(35) Eden regions: 731->0(766)
[212.174s][info][gc,heap        ] GC(35) Survivor regions: 65->72(100)
[212.174s][info][gc,heap        ] GC(35) Old regions: 642->669
[212.174s][info][gc,heap        ] GC(35) Humongous regions: 160->160
[212.174s][info][gc,metaspace   ] GC(35) Metaspace: 28149K(28416K)->28149K(28416K) NonClass: 23295K(23424K)->23295K(23424K) Class: 4854K(4992K)->4854K(4992K)
[212.174s][info][gc             ] GC(35) Pause Young (Normal) (G1 Evacuation Pause) 3187M->1791M(4096M) 88.416ms
[212.174s][info][gc,cpu         ] GC(35) User=0.51s Sys=0.02s Real=0.09s
... (rIR:aIR:PR = 2319:2293:2293) (tPR = 37631) [OK] 
   214s:       trying IR =   2762 .[216.424s][info][gc,start       ] GC(36) Pause Young (Normal) (G1 Evacuation Pause)
[216.424s][info][gc,task        ] GC(36) Using 6 workers of 6 for evacuation
[216.519s][info][gc,phases      ] GC(36)   Pre Evacuate Collection Set: 0.34ms
[216.519s][info][gc,phases      ] GC(36)   Merge Heap Roots: 0.41ms
[216.519s][info][gc,phases      ] GC(36)   Evacuate Collection Set: 93.15ms
[216.519s][info][gc,phases      ] GC(36)   Post Evacuate Collection Set: 0.83ms
[216.519s][info][gc,phases      ] GC(36)   Other: 0.09ms
[216.519s][info][gc,heap        ] GC(36) Eden regions: 771->0(794)
[216.519s][info][gc,heap        ] GC(36) Survivor regions: 72->80(106)
[216.519s][info][gc,heap        ] GC(36) Old regions: 669->695
[216.519s][info][gc,heap        ] GC(36) Humongous regions: 160->160
[216.519s][info][gc,metaspace   ] GC(36) Metaspace: 28241K(28480K)->28241K(28480K) NonClass: 23375K(23488K)->23375K(23488K) Class: 4866K(4992K)->4866K(4992K)
[216.519s][info][gc             ] GC(36) Pause Young (Normal) (G1 Evacuation Pause) 3333M->1860M(4096M) 94.959ms
[216.519s][info][gc,cpu         ] GC(36) User=0.54s Sys=0.02s Real=0.09s
... (rIR:aIR:PR = 2762:2781:2781) (tPR = 44940) [OK] 
   218s:       trying IR =   3295 .[220.418s][info][gc,start       ] GC(37) Pause Young (Normal) (G1 Evacuation Pause)
[220.418s][info][gc,task        ] GC(37) Using 6 workers of 6 for evacuation
[220.515s][info][gc,phases      ] GC(37)   Pre Evacuate Collection Set: 0.36ms
[220.515s][info][gc,phases      ] GC(37)   Merge Heap Roots: 0.37ms
[220.515s][info][gc,phases      ] GC(37)   Evacuate Collection Set: 95.46ms
[220.515s][info][gc,phases      ] GC(37)   Post Evacuate Collection Set: 0.75ms
[220.515s][info][gc,phases      ] GC(37)   Other: 0.09ms
[220.515s][info][gc,heap        ] GC(37) Eden regions: 794->0(803)
[220.515s][info][gc,heap        ] GC(37) Survivor regions: 80->81(110)
[220.515s][info][gc,heap        ] GC(37) Old regions: 695->724
[220.515s][info][gc,heap        ] GC(37) Humongous regions: 160->160
[220.515s][info][gc,metaspace   ] GC(37) Metaspace: 28530K(28864K)->28530K(28864K) NonClass: 23649K(23808K)->23649K(23808K) Class: 4881K(5056K)->4881K(5056K)
[220.515s][info][gc             ] GC(37) Pause Young (Normal) (G1 Evacuation Pause) 3448M->1921M(4096M) 97.180ms
[220.515s][info][gc,cpu         ] GC(37) User=0.55s Sys=0.03s Real=0.10s
... (rIR:aIR:PR = 3295:3307:3305) (tPR = 49922) [OK] 
   222s:       trying IR =   3934 .[224.108s][info][gc,start       ] GC(38) Pause Young (Normal) (G1 Evacuation Pause)
[224.108s][info][gc,task        ] GC(38) Using 6 workers of 6 for evacuation
[224.205s][info][gc,phases      ] GC(38)   Pre Evacuate Collection Set: 0.36ms
[224.205s][info][gc,phases      ] GC(38)   Merge Heap Roots: 0.40ms
[224.205s][info][gc,phases      ] GC(38)   Evacuate Collection Set: 95.58ms
[224.205s][info][gc,phases      ] GC(38)   Post Evacuate Collection Set: 0.84ms
[224.205s][info][gc,phases      ] GC(38)   Other: 0.07ms
[224.205s][info][gc,heap        ] GC(38) Eden regions: 803->0(806)
[224.205s][info][gc,heap        ] GC(38) Survivor regions: 81->85(111)
[224.205s][info][gc,heap        ] GC(38) Old regions: 724->753
[224.205s][info][gc,heap        ] GC(38) Humongous regions: 160->160
[224.205s][info][gc,metaspace   ] GC(38) Metaspace: 28633K(28928K)->28633K(28928K) NonClass: 23752K(23872K)->23752K(23872K) Class: 4881K(5056K)->4881K(5056K)
[224.205s][info][gc             ] GC(38) Pause Young (Normal) (G1 Evacuation Pause) 3527M->1986M(4096M) 97.395ms
[224.205s][info][gc,cpu         ] GC(38) User=0.57s Sys=0.01s Real=0.10s
... (rIR:aIR:PR = 3934:3903:3903) (tPR = 61598) [OK] 
   226s:       trying IR =   4701 [227.310s][info][gc,start       ] GC(39) Pause Young (Normal) (G1 Evacuation Pause)
[227.310s][info][gc,task        ] GC(39) Using 6 workers of 6 for evacuation
[227.411s][info][gc,phases      ] GC(39)   Pre Evacuate Collection Set: 0.33ms
[227.411s][info][gc,phases      ] GC(39)   Merge Heap Roots: 0.39ms
[227.411s][info][gc,phases      ] GC(39)   Evacuate Collection Set: 99.29ms
[227.411s][info][gc,phases      ] GC(39)   Post Evacuate Collection Set: 0.82ms
[227.411s][info][gc,phases      ] GC(39)   Other: 0.08ms
[227.411s][info][gc,heap        ] GC(39) Eden regions: 806->0(804)
[227.411s][info][gc,heap        ] GC(39) Survivor regions: 85->87(112)
[227.411s][info][gc,heap        ] GC(39) Old regions: 753->783
[227.411s][info][gc,heap        ] GC(39) Humongous regions: 160->160
[227.411s][info][gc,metaspace   ] GC(39) Metaspace: 28643K(28928K)->28643K(28928K) NonClass: 23762K(23872K)->23762K(23872K) Class: 4881K(5056K)->4881K(5056K)
[227.411s][info][gc             ] GC(39) Pause Young (Normal) (G1 Evacuation Pause) 3598M->2050M(4096M) 101.038ms
[227.411s][info][gc,cpu         ] GC(39) User=0.58s Sys=0.01s Real=0.10s
..[230.030s][info][gc,start       ] GC(40) Pause Young (Concurrent Start) (G1 Evacuation Pause)
[230.030s][info][gc,task        ] GC(40) Using 6 workers of 6 for evacuation
[230.128s][info][gc,phases      ] GC(40)   Pre Evacuate Collection Set: 0.46ms
[230.128s][info][gc,phases      ] GC(40)   Merge Heap Roots: 0.40ms
[230.128s][info][gc,phases      ] GC(40)   Evacuate Collection Set: 96.54ms
[230.128s][info][gc,phases      ] GC(40)   Post Evacuate Collection Set: 0.78ms
[230.128s][info][gc,phases      ] GC(40)   Other: 0.12ms
[230.128s][info][gc,heap        ] GC(40) Eden regions: 804->0(799)
[230.128s][info][gc,heap        ] GC(40) Survivor regions: 87->86(112)
[230.128s][info][gc,heap        ] GC(40) Old regions: 783->814
[230.128s][info][gc,heap        ] GC(40) Humongous regions: 160->160
[230.128s][info][gc,metaspace   ] GC(40) Metaspace: 28644K(28928K)->28644K(28928K) NonClass: 23762K(23872K)->23762K(23872K) Class: 4882K(5056K)->4882K(5056K)
[230.128s][info][gc             ] GC(40) Pause Young (Concurrent Start) (G1 Evacuation Pause) 3658M->2110M(4096M) 98.453ms
[230.129s][info][gc             ] GC(41) Concurrent Mark Cycle
[230.129s][info][gc,marking     ] GC(41) Concurrent Scan Root Regions
[230.129s][info][gc,cpu         ] GC(40) User=0.58s Sys=0.01s Real=0.10s
.[230.271s][info][gc,marking     ] GC(41) Concurrent Scan Root Regions 142.293ms
[230.271s][info][gc,marking     ] GC(41) Concurrent Mark
[230.271s][info][gc,marking     ] GC(41) Concurrent Mark From Roots
[230.271s][info][gc,task        ] GC(41) Using 2 workers of 2 for marking
. (rIR:aIR:PR = 4701:4663:4663) (tPR = 73261) [OK] 
   230s:       trying IR =   5621 [231.232s][info][gc,marking     ] GC(41) Concurrent Mark From Roots 960.813ms
[231.232s][info][gc,marking     ] GC(41) Concurrent Preclean
[231.232s][info][gc,marking     ] GC(41) Concurrent Preclean 0.089ms
[231.232s][info][gc,start       ] GC(41) Pause Remark
[231.238s][info][gc             ] GC(41) Pause Remark 2754M->2524M(4096M) 5.790ms
[231.238s][info][gc,cpu         ] GC(41) User=0.03s Sys=0.00s Real=0.00s
[231.239s][info][gc,marking     ] GC(41) Concurrent Mark 968.552ms
[231.239s][info][gc,marking     ] GC(41) Concurrent Rebuild Remembered Sets and Scrub Regions
[231.612s][info][gc,marking     ] GC(41) Concurrent Rebuild Remembered Sets and Scrub Regions 373.014ms
[231.613s][info][gc,start       ] GC(41) Pause Cleanup
[231.613s][info][gc             ] GC(41) Pause Cleanup 2795M->2795M(4096M) 0.310ms
[231.613s][info][gc,cpu         ] GC(41) User=0.00s Sys=0.00s Real=0.00s
[231.613s][info][gc,marking     ] GC(41) Concurrent Clear Claimed Marks
[231.613s][info][gc,marking     ] GC(41) Concurrent Clear Claimed Marks 0.040ms
[231.613s][info][gc,marking     ] GC(41) Concurrent Cleanup for Next Mark
[231.618s][info][gc,marking     ] GC(41) Concurrent Cleanup for Next Mark 5.228ms
[231.618s][info][gc             ] GC(41) Concurrent Mark Cycle 1489.918ms
.[232.622s][info][gc,start       ] GC(42) Pause Young (Prepare Mixed) (G1 Evacuation Pause)
[232.622s][info][gc,task        ] GC(42) Using 6 workers of 6 for evacuation
[232.720s][info][gc,phases      ] GC(42)   Pre Evacuate Collection Set: 0.34ms
[232.720s][info][gc,phases      ] GC(42)   Merge Heap Roots: 0.46ms
[232.720s][info][gc,phases      ] GC(42)   Evacuate Collection Set: 96.66ms
[232.720s][info][gc,phases      ] GC(42)   Post Evacuate Collection Set: 0.76ms
[232.720s][info][gc,phases      ] GC(42)   Other: 0.09ms
[232.720s][info][gc,heap        ] GC(42) Eden regions: 799->0(861)
[232.720s][info][gc,heap        ] GC(42) Survivor regions: 86->88(111)
[232.720s][info][gc,heap        ] GC(42) Old regions: 781->812
[232.720s][info][gc,heap        ] GC(42) Humongous regions: 77->77
[232.720s][info][gc,metaspace   ] GC(42) Metaspace: 28661K(28928K)->28661K(28928K) NonClass: 23779K(23872K)->23779K(23872K) Class: 4882K(5056K)->4882K(5056K)
[232.720s][info][gc             ] GC(42) Pause Young (Prepare Mixed) (G1 Evacuation Pause) 3478M->1946M(4096M) 98.434ms
[232.721s][info][gc,cpu         ] GC(42) User=0.58s Sys=0.00s Real=0.09s
... (rIR:aIR:PR = 5621:5603:5604) (tPR = 85181) [OK] 
   234s:       trying IR =   6725 [235.197s][info][gc,start       ] GC(43) Pause Young (Mixed) (G1 Evacuation Pause)
[235.198s][info][gc,task        ] GC(43) Using 6 workers of 6 for evacuation
[235.306s][info][gc,phases      ] GC(43)   Pre Evacuate Collection Set: 0.38ms
[235.306s][info][gc,phases      ] GC(43)   Merge Heap Roots: 0.51ms
[235.306s][info][gc,phases      ] GC(43)   Evacuate Collection Set: 106.87ms
[235.306s][info][gc,phases      ] GC(43)   Post Evacuate Collection Set: 1.01ms
[235.306s][info][gc,phases      ] GC(43)   Other: 0.13ms
[235.306s][info][gc,heap        ] GC(43) Eden regions: 861->0(861)
[235.306s][info][gc,heap        ] GC(43) Survivor regions: 88->90(119)
[235.306s][info][gc,heap        ] GC(43) Old regions: 812->791
[235.306s][info][gc,heap        ] GC(43) Humongous regions: 77->77
[235.306s][info][gc,metaspace   ] GC(43) Metaspace: 28663K(28992K)->28663K(28992K) NonClass: 23781K(23936K)->23781K(23936K) Class: 4882K(5056K)->4882K(5056K)
[235.307s][info][gc             ] GC(43) Pause Young (Mixed) (G1 Evacuation Pause) 3668M->1911M(4096M) 109.035ms
[235.307s][info][gc,cpu         ] GC(43) User=0.63s Sys=0.02s Real=0.11s
..[237.366s][info][gc,start       ] GC(44) Pause Young (Mixed) (G1 Evacuation Pause)
[237.366s][info][gc,task        ] GC(44) Using 6 workers of 6 for evacuation
[237.475s][info][gc,phases      ] GC(44)   Pre Evacuate Collection Set: 0.41ms
[237.475s][info][gc,phases      ] GC(44)   Merge Heap Roots: 0.63ms
[237.475s][info][gc,phases      ] GC(44)   Evacuate Collection Set: 106.07ms
[237.475s][info][gc,phases      ] GC(44)   Merge Optional Heap Roots: 0.06ms
[237.475s][info][gc,phases      ] GC(44)   Evacuate Optional Collection Set: 0.63ms
[237.475s][info][gc,phases      ] GC(44)   Post Evacuate Collection Set: 1.03ms
[237.475s][info][gc,phases      ] GC(44)   Other: 0.11ms
[237.475s][info][gc,heap        ] GC(44) Eden regions: 861->0(898)
[237.475s][info][gc,heap        ] GC(44) Survivor regions: 90->92(119)
[237.475s][info][gc,heap        ] GC(44) Old regions: 791->755
[237.475s][info][gc,heap        ] GC(44) Humongous regions: 77->77
[237.475s][info][gc,metaspace   ] GC(44) Metaspace: 28699K(29056K)->28699K(29056K) NonClass: 23817K(24000K)->23817K(24000K) Class: 4882K(5056K)->4882K(5056K)
[237.475s][info][gc             ] GC(44) Pause Young (Mixed) (G1 Evacuation Pause) 3633M->1844M(4096M) 109.066ms
[237.475s][info][gc,cpu         ] GC(44) User=0.64s Sys=0.01s Real=0.11s
.. (rIR:aIR:PR = 6725:6669:6670) (tPR = 103566) [OK] 
   239s:       trying IR =   8050 [239.471s][info][gc,start       ] GC(45) Pause Young (Mixed) (G1 Evacuation Pause)
[239.471s][info][gc,task        ] GC(45) Using 6 workers of 6 for evacuation
[239.593s][info][gc,phases      ] GC(45)   Pre Evacuate Collection Set: 0.38ms
[239.593s][info][gc,phases      ] GC(45)   Merge Heap Roots: 0.70ms
[239.593s][info][gc,phases      ] GC(45)   Evacuate Collection Set: 117.98ms
[239.593s][info][gc,phases      ] GC(45)   Merge Optional Heap Roots: 0.07ms
[239.593s][info][gc,phases      ] GC(45)   Evacuate Optional Collection Set: 1.59ms
[239.593s][info][gc,phases      ] GC(45)   Post Evacuate Collection Set: 1.04ms
[239.593s][info][gc,phases      ] GC(45)   Other: 0.13ms
[239.593s][info][gc,heap        ] GC(45) Eden regions: 898->0(505)
[239.593s][info][gc,heap        ] GC(45) Survivor regions: 92->96(124)
[239.593s][info][gc,heap        ] GC(45) Old regions: 755->697
[239.593s][info][gc,heap        ] GC(45) Humongous regions: 77->77
[239.593s][info][gc,metaspace   ] GC(45) Metaspace: 28700K(29056K)->28700K(29056K) NonClass: 23817K(24000K)->23817K(24000K) Class: 4882K(5056K)->4882K(5056K)
[239.593s][info][gc             ] GC(45) Pause Young (Mixed) (G1 Evacuation Pause) 3640M->1736M(4096M) 122.028ms
[239.593s][info][gc,cpu         ] GC(45) User=0.72s Sys=0.01s Real=0.13s
.[240.656s][info][gc,start       ] GC(46) Pause Young (Mixed) (G1 Evacuation Pause)
[240.656s][info][gc,task        ] GC(46) Using 6 workers of 6 for evacuation
[240.767s][info][gc,phases      ] GC(46)   Pre Evacuate Collection Set: 0.35ms
[240.767s][info][gc,phases      ] GC(46)   Merge Heap Roots: 0.61ms
[240.767s][info][gc,phases      ] GC(46)   Evacuate Collection Set: 108.53ms
[240.767s][info][gc,phases      ] GC(46)   Post Evacuate Collection Set: 0.93ms
[240.767s][info][gc,phases      ] GC(46)   Other: 0.08ms
[240.767s][info][gc,heap        ] GC(46) Eden regions: 576->0(931)
[240.767s][info][gc,heap        ] GC(46) Survivor regions: 96->45(84)
[240.767s][info][gc,heap        ] GC(46) Old regions: 697->724
[240.767s][info][gc,heap        ] GC(46) Humongous regions: 77->77
[240.767s][info][gc,metaspace   ] GC(46) Metaspace: 28700K(29056K)->28700K(29056K) NonClass: 23817K(24000K)->23817K(24000K) Class: 4882K(5056K)->4882K(5056K)
[240.767s][info][gc             ] GC(46) Pause Young (Mixed) (G1 Evacuation Pause) 2888M->1688M(4096M) 110.630ms
[240.767s][info][gc,cpu         ] GC(46) User=0.66s Sys=0.00s Real=0.11s
..[242.592s][info][gc,start       ] GC(47) Pause Young (Mixed) (G1 Evacuation Pause)
[242.592s][info][gc,task        ] GC(47) Using 6 workers of 6 for evacuation
[242.694s][info][gc,phases      ] GC(47)   Pre Evacuate Collection Set: 0.37ms
[242.694s][info][gc,phases      ] GC(47)   Merge Heap Roots: 0.71ms
[242.694s][info][gc,phases      ] GC(47)   Evacuate Collection Set: 91.36ms
[242.694s][info][gc,phases      ] GC(47)   Merge Optional Heap Roots: 0.15ms
[242.694s][info][gc,phases      ] GC(47)   Evacuate Optional Collection Set: 8.83ms
[242.694s][info][gc,phases      ] GC(47)   Post Evacuate Collection Set: 1.07ms
[242.694s][info][gc,phases      ] GC(47)   Other: 0.13ms
[242.694s][info][gc,heap        ] GC(47) Eden regions: 933->0(947)
[242.694s][info][gc,heap        ] GC(47) Survivor regions: 45->88(123)
[242.694s][info][gc,heap        ] GC(47) Old regions: 724->663
[242.694s][info][gc,heap        ] GC(47) Humongous regions: 77->77
[242.694s][info][gc,metaspace   ] GC(47) Metaspace: 28705K(29056K)->28705K(29056K) NonClass: 23823K(24000K)->23823K(24000K) Class: 4882K(5056K)->4882K(5056K)
[242.694s][info][gc             ] GC(47) Pause Young (Mixed) (G1 Evacuation Pause) 3554M->1652M(4096M) 102.768ms
[242.694s][info][gc,cpu         ] GC(47) User=0.61s Sys=0.00s Real=0.10s
. (rIR:aIR:PR = 8050:8103:8103) (tPR = 120505) [OK] 
   243s:       trying IR =   9640 .[244.386s][info][gc,start       ] GC(48) Pause Young (Mixed) (G1 Evacuation Pause)
[244.386s][info][gc,task        ] GC(48) Using 6 workers of 6 for evacuation
[244.525s][info][gc,phases      ] GC(48)   Pre Evacuate Collection Set: 0.34ms
[244.525s][info][gc,phases      ] GC(48)   Merge Heap Roots: 1.05ms
[244.525s][info][gc,phases      ] GC(48)   Evacuate Collection Set: 136.19ms
[244.525s][info][gc,phases      ] GC(48)   Merge Optional Heap Roots: 0.02ms
[244.525s][info][gc,phases      ] GC(48)   Evacuate Optional Collection Set: 0.14ms
[244.525s][info][gc,phases      ] GC(48)   Post Evacuate Collection Set: 1.14ms
[244.525s][info][gc,phases      ] GC(48)   Other: 0.11ms
[244.525s][info][gc,heap        ] GC(48) Eden regions: 945->0(969)
[244.525s][info][gc,heap        ] GC(48) Survivor regions: 88->104(130)
[244.525s][info][gc,heap        ] GC(48) Old regions: 663->636
[244.525s][info][gc,heap        ] GC(48) Humongous regions: 77->77
[244.525s][info][gc,metaspace   ] GC(48) Metaspace: 28707K(29056K)->28707K(29056K) NonClass: 23825K(24000K)->23825K(24000K) Class: 4882K(5056K)->4882K(5056K)
[244.525s][info][gc             ] GC(48) Pause Young (Mixed) (G1 Evacuation Pause) 3542M->1631M(4096M) 139.119ms
[244.525s][info][gc,cpu         ] GC(48) User=0.83s Sys=0.00s Real=0.14s
.[246.079s][info][gc,start       ] GC(49) Pause Young (Mixed) (G1 Evacuation Pause)
[246.079s][info][gc,task        ] GC(49) Using 6 workers of 6 for evacuation
[246.210s][info][gc,phases      ] GC(49)   Pre Evacuate Collection Set: 0.33ms
[246.210s][info][gc,phases      ] GC(49)   Merge Heap Roots: 0.81ms
[246.210s][info][gc,phases      ] GC(49)   Evacuate Collection Set: 128.48ms
[246.210s][info][gc,phases      ] GC(49)   Post Evacuate Collection Set: 0.91ms
[246.210s][info][gc,phases      ] GC(49)   Other: 0.09ms
[246.210s][info][gc,heap        ] GC(49) Eden regions: 969->0(973)
[246.210s][info][gc,heap        ] GC(49) Survivor regions: 104->105(135)
[246.210s][info][gc,heap        ] GC(49) Old regions: 636->646
[246.210s][info][gc,heap        ] GC(49) Humongous regions: 77->77
[246.210s][info][gc,metaspace   ] GC(49) Metaspace: 28707K(29056K)->28707K(29056K) NonClass: 23825K(24000K)->23825K(24000K) Class: 4882K(5056K)->4882K(5056K)
[246.210s][info][gc             ] GC(49) Pause Young (Mixed) (G1 Evacuation Pause) 3569M->1652M(4096M) 130.736ms
[246.210s][info][gc,cpu         ] GC(49) User=0.78s Sys=0.01s Real=0.13s
..[247.732s][info][gc,start       ] GC(50) Pause Young (Normal) (G1 Evacuation Pause)
[247.732s][info][gc,task        ] GC(50) Using 6 workers of 6 for evacuation
[247.855s][info][gc,phases      ] GC(50)   Pre Evacuate Collection Set: 0.35ms
[247.855s][info][gc,phases      ] GC(50)   Merge Heap Roots: 0.51ms
[247.855s][info][gc,phases      ] GC(50)   Evacuate Collection Set: 121.80ms
[247.855s][info][gc,phases      ] GC(50)   Post Evacuate Collection Set: 0.79ms
[247.855s][info][gc,phases      ] GC(50)   Other: 0.09ms
[247.855s][info][gc,heap        ] GC(50) Eden regions: 973->0(961)
[247.855s][info][gc,heap        ] GC(50) Survivor regions: 105->112(135)
[247.855s][info][gc,heap        ] GC(50) Old regions: 646->678
[247.855s][info][gc,heap        ] GC(50) Humongous regions: 77->77
[247.855s][info][gc,metaspace   ] GC(50) Metaspace: 28729K(29056K)->28729K(29056K) NonClass: 23847K(24000K)->23847K(24000K) Class: 4882K(5056K)->4882K(5056K)
[247.855s][info][gc             ] GC(50) Pause Young (Normal) (G1 Evacuation Pause) 3598M->1732M(4096M) 123.683ms
[247.855s][info][gc,cpu         ] GC(50) User=0.73s Sys=0.00s Real=0.12s
.. (rIR:aIR:PR = 9640:9754:9757) (tPR = 147199) [OK] 
   249s:       trying IR =  11548 [249.420s][info][gc,start       ] GC(51) Pause Young (Normal) (G1 Evacuation Pause)
[249.420s][info][gc,task        ] GC(51) Using 6 workers of 6 for evacuation
[249.531s][info][gc,phases      ] GC(51)   Pre Evacuate Collection Set: 0.33ms
[249.531s][info][gc,phases      ] GC(51)   Merge Heap Roots: 0.44ms
[249.531s][info][gc,phases      ] GC(51)   Evacuate Collection Set: 109.31ms
[249.531s][info][gc,phases      ] GC(51)   Post Evacuate Collection Set: 0.81ms
[249.531s][info][gc,phases      ] GC(51)   Other: 0.08ms
[249.531s][info][gc,heap        ] GC(51) Eden regions: 961->0(955)
[249.531s][info][gc,heap        ] GC(51) Survivor regions: 112->64(135)
[249.531s][info][gc,heap        ] GC(51) Old regions: 678->749
[249.531s][info][gc,heap        ] GC(51) Humongous regions: 77->77
[249.531s][info][gc,metaspace   ] GC(51) Metaspace: 28742K(29056K)->28742K(29056K) NonClass: 23859K(24000K)->23859K(24000K) Class: 4882K(5056K)->4882K(5056K)
[249.531s][info][gc             ] GC(51) Pause Young (Normal) (G1 Evacuation Pause) 3654M->1777M(4096M) 111.107ms
[249.531s][info][gc,cpu         ] GC(51) User=0.66s Sys=0.00s Real=0.12s
.[250.833s][info][gc,start       ] GC(52) Pause Young (Normal) (G1 Evacuation Pause)
[250.833s][info][gc,task        ] GC(52) Using 6 workers of 6 for evacuation
[250.928s][info][gc,phases      ] GC(52)   Pre Evacuate Collection Set: 0.31ms
[250.928s][info][gc,phases      ] GC(52)   Merge Heap Roots: 0.37ms
[250.928s][info][gc,phases      ] GC(52)   Evacuate Collection Set: 93.40ms
[250.928s][info][gc,phases      ] GC(52)   Post Evacuate Collection Set: 0.78ms
[250.928s][info][gc,phases      ] GC(52)   Other: 0.07ms
[250.928s][info][gc,heap        ] GC(52) Eden regions: 955->0(901)
[250.928s][info][gc,heap        ] GC(52) Survivor regions: 64->109(128)
[250.928s][info][gc,heap        ] GC(52) Old regions: 749->749
[250.928s][info][gc,heap        ] GC(52) Humongous regions: 77->77
[250.928s][info][gc,metaspace   ] GC(52) Metaspace: 28744K(29056K)->28744K(29056K) NonClass: 23862K(24000K)->23862K(24000K) Class: 4882K(5056K)->4882K(5056K)
[250.928s][info][gc             ] GC(52) Pause Young (Normal) (G1 Evacuation Pause) 3687M->1867M(4096M) 95.074ms
[250.928s][info][gc,cpu         ] GC(52) User=0.56s Sys=0.00s Real=0.09s
.[252.192s][info][gc,start       ] GC(53) Pause Young (Normal) (G1 Evacuation Pause)
[252.192s][info][gc,task        ] GC(53) Using 6 workers of 6 for evacuation
[252.301s][info][gc,phases      ] GC(53)   Pre Evacuate Collection Set: 0.31ms
[252.301s][info][gc,phases      ] GC(53)   Merge Heap Roots: 0.46ms
[252.301s][info][gc,phases      ] GC(53)   Evacuate Collection Set: 107.41ms
[252.301s][info][gc,phases      ] GC(53)   Post Evacuate Collection Set: 0.72ms
[252.301s][info][gc,phases      ] GC(53)   Other: 0.08ms
[252.301s][info][gc,heap        ] GC(53) Eden regions: 901->0(917)
[252.301s][info][gc,heap        ] GC(53) Survivor regions: 109->57(127)
[252.301s][info][gc,heap        ] GC(53) Old regions: 749->823
[252.301s][info][gc,heap        ] GC(53) Humongous regions: 77->77
[252.301s][info][gc,metaspace   ] GC(53) Metaspace: 28744K(29056K)->28744K(29056K) NonClass: 23862K(24000K)->23862K(24000K) Class: 4882K(5056K)->4882K(5056K)
[252.301s][info][gc             ] GC(53) Pause Young (Normal) (G1 Evacuation Pause) 3669M->1912M(4096M) 109.111ms
[252.301s][info][gc,cpu         ] GC(53) User=0.65s Sys=0.00s Real=0.11s
..[253.595s][info][gc,start       ] GC(54) Pause Young (Normal) (G1 Evacuation Pause)
[253.595s][info][gc,task        ] GC(54) Using 6 workers of 6 for evacuation
[253.684s][info][gc,phases      ] GC(54)   Pre Evacuate Collection Set: 0.35ms
[253.684s][info][gc,phases      ] GC(54)   Merge Heap Roots: 0.44ms
[253.684s][info][gc,phases      ] GC(54)   Evacuate Collection Set: 87.55ms
[253.684s][info][gc,phases      ] GC(54)   Post Evacuate Collection Set: 0.76ms
[253.684s][info][gc,phases      ] GC(54)   Other: 0.08ms
[253.684s][info][gc,heap        ] GC(54) Eden regions: 917->0(845)
[253.685s][info][gc,heap        ] GC(54) Survivor regions: 57->100(122)
[253.685s][info][gc,heap        ] GC(54) Old regions: 823->823
[253.685s][info][gc,heap        ] GC(54) Humongous regions: 77->77
[253.685s][info][gc,metaspace   ] GC(54) Metaspace: 28750K(29056K)->28750K(29056K) NonClass: 23868K(24000K)->23868K(24000K) Class: 4882K(5056K)->4882K(5056K)
[253.685s][info][gc             ] GC(54) Pause Young (Normal) (G1 Evacuation Pause) 3746M->1997M(4096M) 89.320ms
[253.685s][info][gc,cpu         ] GC(54) User=0.53s Sys=0.01s Real=0.09s
.[254.806s][info][gc,start       ] GC(55) Pause Young (Normal) (G1 Evacuation Pause)
[254.806s][info][gc,task        ] GC(55) Using 6 workers of 6 for evacuation
[254.917s][info][gc,phases      ] GC(55)   Pre Evacuate Collection Set: 0.36ms
[254.917s][info][gc,phases      ] GC(55)   Merge Heap Roots: 0.42ms
[254.917s][info][gc,phases      ] GC(55)   Evacuate Collection Set: 109.28ms
[254.917s][info][gc,phases      ] GC(55)   Post Evacuate Collection Set: 0.70ms
[254.917s][info][gc,phases      ] GC(55)   Other: 0.08ms
[254.917s][info][gc,heap        ] GC(55) Eden regions: 845->0(853)
[254.917s][info][gc,heap        ] GC(55) Survivor regions: 100->61(119)
[254.917s][info][gc,heap        ] GC(55) Old regions: 823->893
[254.917s][info][gc,heap        ] GC(55) Humongous regions: 77->77
[254.917s][info][gc,metaspace   ] GC(55) Metaspace: 28750K(29056K)->28750K(29056K) NonClass: 23868K(24000K)->23868K(24000K) Class: 4882K(5056K)->4882K(5056K)
[254.917s][info][gc             ] GC(55) Pause Young (Normal) (G1 Evacuation Pause) 3687M->2059M(4096M) 110.966ms
[254.917s][info][gc,cpu         ] GC(55) User=0.66s Sys=0.01s Real=0.11s
. (rIR:aIR:PR = 11548:11229:11237) (tPR = 174644) [OK] 
   255s:       trying IR =  13837 [256.117s][info][gc,start       ] GC(56) Pause Young (Concurrent Start) (G1 Evacuation Pause)
[256.117s][info][gc,task        ] GC(56) Using 6 workers of 6 for evacuation
[256.200s][info][gc,phases      ] GC(56)   Pre Evacuate Collection Set: 0.39ms
[256.200s][info][gc,phases      ] GC(56)   Merge Heap Roots: 0.40ms
[256.200s][info][gc,phases      ] GC(56)   Evacuate Collection Set: 81.45ms
[256.200s][info][gc,phases      ] GC(56)   Post Evacuate Collection Set: 0.77ms
[256.201s][info][gc,phases      ] GC(56)   Other: 0.09ms
[256.201s][info][gc,heap        ] GC(56) Eden regions: 853->0(822)
[256.201s][info][gc,heap        ] GC(56) Survivor regions: 61->57(115)
[256.201s][info][gc,heap        ] GC(56) Old regions: 893->932
[256.201s][info][gc,heap        ] GC(56) Humongous regions: 77->77
[256.201s][info][gc,metaspace   ] GC(56) Metaspace: 28750K(29056K)->28750K(29056K) NonClass: 23868K(24000K)->23868K(24000K) Class: 4882K(5056K)->4882K(5056K)
[256.201s][info][gc             ] GC(56) Pause Young (Concurrent Start) (G1 Evacuation Pause) 3765M->2128M(4096M) 83.230ms
[256.201s][info][gc             ] GC(57) Concurrent Mark Cycle
[256.201s][info][gc,marking     ] GC(57) Concurrent Scan Root Regions
[256.201s][info][gc,cpu         ] GC(56) User=0.49s Sys=0.00s Real=0.08s
[256.348s][info][gc,marking     ] GC(57) Concurrent Scan Root Regions 147.536ms
[256.348s][info][gc,marking     ] GC(57) Concurrent Mark
[256.348s][info][gc,marking     ] GC(57) Concurrent Mark From Roots
[256.348s][info][gc,task        ] GC(57) Using 2 workers of 2 for marking
.[257.277s][info][gc,marking     ] GC(57) Concurrent Mark From Roots 928.979ms
[257.277s][info][gc,marking     ] GC(57) Concurrent Preclean
[257.277s][info][gc,marking     ] GC(57) Concurrent Preclean 0.190ms
[257.280s][info][gc,start       ] GC(57) Pause Remark
[257.285s][info][gc             ] GC(57) Pause Remark 3184M->3168M(4096M) 4.822ms
[257.285s][info][gc,cpu         ] GC(57) User=0.02s Sys=0.00s Real=0.01s
[257.285s][info][gc,marking     ] GC(57) Concurrent Mark 936.472ms
[257.285s][info][gc,marking     ] GC(57) Concurrent Rebuild Remembered Sets and Scrub Regions
[257.680s][info][gc,marking     ] GC(57) Concurrent Rebuild Remembered Sets and Scrub Regions 395.159ms
[257.680s][info][gc,start       ] GC(57) Pause Cleanup
[257.680s][info][gc             ] GC(57) Pause Cleanup 3543M->3543M(4096M) 0.318ms
[257.680s][info][gc,cpu         ] GC(57) User=0.00s Sys=0.00s Real=0.00s
[257.682s][info][gc,marking     ] GC(57) Concurrent Clear Claimed Marks
[257.682s][info][gc,marking     ] GC(57) Concurrent Clear Claimed Marks 0.037ms
[257.682s][info][gc,marking     ] GC(57) Concurrent Cleanup for Next Mark
[257.688s][info][gc,marking     ] GC(57) Concurrent Cleanup for Next Mark 6.836ms
[257.688s][info][gc             ] GC(57) Concurrent Mark Cycle 1487.875ms
.[257.820s][info][gc,start       ] GC(58) Pause Young (Prepare Mixed) (G1 Evacuation Pause)
[257.820s][info][gc,task        ] GC(58) Using 6 workers of 6 for evacuation
[257.900s][info][gc,phases      ] GC(58)   Pre Evacuate Collection Set: 0.35ms
[257.900s][info][gc,phases      ] GC(58)   Merge Heap Roots: 0.43ms
[257.900s][info][gc,phases      ] GC(58)   Evacuate Collection Set: 78.45ms
[257.900s][info][gc,phases      ] GC(58)   Post Evacuate Collection Set: 0.84ms
[257.900s][info][gc,phases      ] GC(58)   Other: 0.09ms
[257.900s][info][gc,heap        ] GC(58) Eden regions: 822->0(795)
[257.900s][info][gc,heap        ] GC(58) Survivor regions: 57->55(110)
[257.900s][info][gc,heap        ] GC(58) Old regions: 924->963
[257.900s][info][gc,heap        ] GC(58) Humongous regions: 77->77
[257.900s][info][gc,metaspace   ] GC(58) Metaspace: 28751K(29056K)->28751K(29056K) NonClass: 23868K(24000K)->23868K(24000K) Class: 4882K(5056K)->4882K(5056K)
[257.900s][info][gc             ] GC(58) Pause Young (Prepare Mixed) (G1 Evacuation Pause) 3756M->2188M(4096M) 80.279ms
[257.900s][info][gc,cpu         ] GC(58) User=0.47s Sys=0.00s Real=0.08s
[258.882s][info][gc,start       ] GC(59) Pause Young (Mixed) (G1 Evacuation Pause)
[258.882s][info][gc,task        ] GC(59) Using 6 workers of 6 for evacuation
[258.976s][info][gc,phases      ] GC(59)   Pre Evacuate Collection Set: 0.41ms
[258.976s][info][gc,phases      ] GC(59)   Merge Heap Roots: 0.50ms
[258.976s][info][gc,phases      ] GC(59)   Evacuate Collection Set: 92.38ms
[258.976s][info][gc,phases      ] GC(59)   Post Evacuate Collection Set: 0.94ms
[258.976s][info][gc,phases      ] GC(59)   Other: 0.10ms
[258.976s][info][gc,heap        ] GC(59) Eden regions: 795->0(937)
[258.976s][info][gc,heap        ] GC(59) Survivor regions: 55->63(107)
[258.976s][info][gc,heap        ] GC(59) Old regions: 963->802
[258.976s][info][gc,heap        ] GC(59) Humongous regions: 77->77
[258.976s][info][gc,metaspace   ] GC(59) Metaspace: 28751K(29056K)->28751K(29056K) NonClass: 23868K(24000K)->23868K(24000K) Class: 4882K(5056K)->4882K(5056K)
[258.976s][info][gc             ] GC(59) Pause Young (Mixed) (G1 Evacuation Pause) 3778M->1880M(4096M) 94.449ms
[258.976s][info][gc,cpu         ] GC(59) User=0.56s Sys=0.00s Real=0.09s
.[260.243s][info][gc,start       ] GC(60) Pause Young (Mixed) (G1 Evacuation Pause)
[260.243s][info][gc,task        ] GC(60) Using 6 workers of 6 for evacuation
[260.352s][info][gc,phases      ] GC(60)   Pre Evacuate Collection Set: 0.37ms
[260.352s][info][gc,phases      ] GC(60)   Merge Heap Roots: 0.67ms
[260.352s][info][gc,phases      ] GC(60)   Evacuate Collection Set: 106.43ms
[260.352s][info][gc,phases      ] GC(60)   Post Evacuate Collection Set: 1.06ms
[260.352s][info][gc,phases      ] GC(60)   Other: 0.11ms
[260.352s][info][gc,heap        ] GC(60) Eden regions: 937->0(1048)
[260.352s][info][gc,heap        ] GC(60) Survivor regions: 63->103(125)
[260.352s][info][gc,heap        ] GC(60) Old regions: 802->614
[260.352s][info][gc,heap        ] GC(60) Humongous regions: 77->77
[260.352s][info][gc,metaspace   ] GC(60) Metaspace: 28756K(29056K)->28756K(29056K) NonClass: 23873K(24000K)->23873K(24000K) Class: 4882K(5056K)->4882K(5056K)
[260.352s][info][gc             ] GC(60) Pause Young (Mixed) (G1 Evacuation Pause) 3754M->1585M(4096M) 108.773ms
[260.352s][info][gc,cpu         ] GC(60) User=0.65s Sys=0.00s Real=0.11s
..[261.915s][info][gc,start       ] GC(61) Pause Young (Mixed) (G1 Evacuation Pause)
[261.915s][info][gc,task        ] GC(61) Using 6 workers of 6 for evacuation
[262.051s][info][gc,phases      ] GC(61)   Pre Evacuate Collection Set: 0.35ms
[262.051s][info][gc,phases      ] GC(61)   Merge Heap Roots: 0.73ms
[262.051s][info][gc,phases      ] GC(61)   Evacuate Collection Set: 127.72ms
[262.051s][info][gc,phases      ] GC(61)   Merge Optional Heap Roots: 0.09ms
[262.051s][info][gc,phases      ] GC(61)   Evacuate Optional Collection Set: 5.24ms
[262.051s][info][gc,phases      ] GC(61)   Post Evacuate Collection Set: 1.19ms
[262.051s][info][gc,phases      ] GC(61)   Other: 0.15ms
[262.051s][info][gc,heap        ] GC(61) Eden regions: 1048->0(1043)
[262.051s][info][gc,heap        ] GC(61) Survivor regions: 103->102(144)
[262.051s][info][gc,heap        ] GC(61) Old regions: 614->574
[262.051s][info][gc,heap        ] GC(61) Humongous regions: 77->77
[262.051s][info][gc,metaspace   ] GC(61) Metaspace: 28760K(29056K)->28760K(29056K) NonClass: 23878K(24000K)->23878K(24000K) Class: 4882K(5056K)->4882K(5056K)
[262.051s][info][gc             ] GC(61) Pause Young (Mixed) (G1 Evacuation Pause) 3681M->1503M(4096M) 135.605ms
[262.051s][info][gc,cpu         ] GC(61) User=0.80s Sys=0.00s Real=0.13s
.[263.432s][info][gc,start       ] GC(62) Pause Young (Mixed) (G1 Evacuation Pause)
[263.432s][info][gc,task        ] GC(62) Using 6 workers of 6 for evacuation
[263.622s][info][gc,phases      ] GC(62)   Pre Evacuate Collection Set: 0.34ms
[263.622s][info][gc,phases      ] GC(62)   Merge Heap Roots: 1.02ms
[263.622s][info][gc,phases      ] GC(62)   Evacuate Collection Set: 187.14ms
[263.622s][info][gc,phases      ] GC(62)   Post Evacuate Collection Set: 0.95ms
[263.622s][info][gc,phases      ] GC(62)   Other: 0.10ms
[263.622s][info][gc,heap        ] GC(62) Eden regions: 1043->0(1054)
[263.622s][info][gc,heap        ] GC(62) Survivor regions: 102->103(144)
[263.622s][info][gc,heap        ] GC(62) Old regions: 574->582
[263.622s][info][gc,heap        ] GC(62) Humongous regions: 77->77
[263.622s][info][gc,metaspace   ] GC(62) Metaspace: 28760K(29056K)->28760K(29056K) NonClass: 23878K(24000K)->23878K(24000K) Class: 4882K(5056K)->4882K(5056K)
[263.622s][info][gc             ] GC(62) Pause Young (Mixed) (G1 Evacuation Pause) 3589M->1521M(4096M) 189.674ms
[263.622s][info][gc,cpu         ] GC(62) User=0.86s Sys=0.00s Real=0.19s
..[265.031s][info][gc,start       ] GC(63) Pause Young (Normal) (G1 Evacuation Pause)
[265.031s][info][gc,task        ] GC(63) Using 6 workers of 6 for evacuation
[265.148s][info][gc,phases      ] GC(63)   Pre Evacuate Collection Set: 0.34ms
[265.148s][info][gc,phases      ] GC(63)   Merge Heap Roots: 0.44ms
[265.148s][info][gc,phases      ] GC(63)   Evacuate Collection Set: 115.34ms
[265.149s][info][gc,phases      ] GC(63)   Post Evacuate Collection Set: 0.85ms
[265.149s][info][gc,phases      ] GC(63)   Other: 0.09ms
[265.149s][info][gc,heap        ] GC(63) Eden regions: 1054->0(1040)
[265.149s][info][gc,heap        ] GC(63) Survivor regions: 103->108(145)
[265.149s][info][gc,heap        ] GC(63) Old regions: 582->612
[265.149s][info][gc,heap        ] GC(63) Humongous regions: 77->77
[265.149s][info][gc,metaspace   ] GC(63) Metaspace: 28760K(29056K)->28760K(29056K) NonClass: 23878K(24000K)->23878K(24000K) Class: 4882K(5056K)->4882K(5056K)
[265.149s][info][gc             ] GC(63) Pause Young (Normal) (G1 Evacuation Pause) 3629M->1592M(4096M) 117.195ms
[265.149s][info][gc,cpu         ] GC(63) User=0.69s Sys=0.00s Real=0.11s
.[266.661s][info][gc,start       ] GC(64) Pause Young (Normal) (G1 Evacuation Pause)
[266.661s][info][gc,task        ] GC(64) Using 6 workers of 6 for evacuation
[266.778s][info][gc,phases      ] GC(64)   Pre Evacuate Collection Set: 0.34ms
[266.778s][info][gc,phases      ] GC(64)   Merge Heap Roots: 0.51ms
[266.778s][info][gc,phases      ] GC(64)   Evacuate Collection Set: 114.40ms
[266.778s][info][gc,phases      ] GC(64)   Post Evacuate Collection Set: 0.87ms
[266.778s][info][gc,phases      ] GC(64)   Other: 0.82ms
[266.778s][info][gc,heap        ] GC(64) Eden regions: 1040->0(1007)
[266.778s][info][gc,heap        ] GC(64) Survivor regions: 108->108(144)
[266.778s][info][gc,heap        ] GC(64) Old regions: 612->645
[266.778s][info][gc,heap        ] GC(64) Humongous regions: 77->77
[266.778s][info][gc,metaspace   ] GC(64) Metaspace: 28760K(29056K)->28760K(29056K) NonClass: 23878K(24000K)->23878K(24000K) Class: 4882K(5056K)->4882K(5056K)
[266.778s][info][gc             ] GC(64) Pause Young (Normal) (G1 Evacuation Pause) 3672M->1656M(4096M) 117.072ms
[266.778s][info][gc,cpu         ] GC(64) User=0.69s Sys=0.00s Real=0.11s
.[268.226s][info][gc,start       ] GC(65) Pause Young (Normal) (G1 Evacuation Pause)
[268.226s][info][gc,task        ] GC(65) Using 6 workers of 6 for evacuation
[268.348s][info][gc,phases      ] GC(65)   Pre Evacuate Collection Set: 0.33ms
[268.348s][info][gc,phases      ] GC(65)   Merge Heap Roots: 0.45ms
[268.348s][info][gc,phases      ] GC(65)   Evacuate Collection Set: 120.56ms
[268.348s][info][gc,phases      ] GC(65)   Post Evacuate Collection Set: 0.87ms
[268.348s][info][gc,phases      ] GC(65)   Other: 0.09ms
[268.348s][info][gc,heap        ] GC(65) Eden regions: 1007->0(965)
[268.348s][info][gc,heap        ] GC(65) Survivor regions: 108->112(140)
[268.348s][info][gc,heap        ] GC(65) Old regions: 645->679
[268.348s][info][gc,heap        ] GC(65) Humongous regions: 77->77
[268.348s][info][gc,metaspace   ] GC(65) Metaspace: 28764K(29056K)->28764K(29056K) NonClass: 23882K(24000K)->23882K(24000K) Class: 4882K(5056K)->4882K(5056K)
[268.348s][info][gc             ] GC(65) Pause Young (Normal) (G1 Evacuation Pause) 3670M->1732M(4096M) 122.444ms
[268.348s][info][gc,cpu         ] GC(65) User=0.72s Sys=0.00s Real=0.12s
.[269.537s][info][gc,start       ] GC(66) Pause Young (Normal) (G1 Evacuation Pause)
[269.537s][info][gc,task        ] GC(66) Using 6 workers of 6 for evacuation
[269.669s][info][gc,phases      ] GC(66)   Pre Evacuate Collection Set: 0.32ms
[269.669s][info][gc,phases      ] GC(66)   Merge Heap Roots: 0.43ms
[269.669s][info][gc,phases      ] GC(66)   Evacuate Collection Set: 130.25ms
[269.669s][info][gc,phases      ] GC(66)   Post Evacuate Collection Set: 0.78ms
[269.669s][info][gc,phases      ] GC(66)   Other: 0.08ms
[269.669s][info][gc,heap        ] GC(66) Eden regions: 965->0(953)
[269.669s][info][gc,heap        ] GC(66) Survivor regions: 112->82(135)
[269.669s][info][gc,heap        ] GC(66) Old regions: 679->751
[269.669s][info][gc,heap        ] GC(66) Humongous regions: 77->77
[269.669s][info][gc,metaspace   ] GC(66) Metaspace: 28764K(29056K)->28764K(29056K) NonClass: 23882K(24000K)->23882K(24000K) Class: 4882K(5056K)->4882K(5056K)
[269.669s][info][gc             ] GC(66) Pause Young (Normal) (G1 Evacuation Pause) 3662M->1818M(4096M) 131.993ms
[269.669s][info][gc,cpu         ] GC(66) User=0.79s Sys=0.00s Real=0.13s
.[270.783s][info][gc,start       ] GC(67) Pause Young (Normal) (G1 Evacuation Pause)
[270.783s][info][gc,task        ] GC(67) Using 6 workers of 6 for evacuation
[270.890s][info][gc,phases      ] GC(67)   Pre Evacuate Collection Set: 0.30ms
[270.890s][info][gc,phases      ] GC(67)   Merge Heap Roots: 0.45ms
[270.890s][info][gc,phases      ] GC(67)   Evacuate Collection Set: 104.78ms
[270.890s][info][gc,phases      ] GC(67)   Post Evacuate Collection Set: 0.76ms
[270.890s][info][gc,phases      ] GC(67)   Other: 0.07ms
[270.890s][info][gc,heap        ] GC(67) Eden regions: 953->0(917)
[270.890s][info][gc,heap        ] GC(67) Survivor regions: 82->71(130)
[270.890s][info][gc,heap        ] GC(67) Old regions: 751->806
[270.890s][info][gc,heap        ] GC(67) Humongous regions: 77->77
[270.890s][info][gc,metaspace   ] GC(67) Metaspace: 28764K(29056K)->28764K(29056K) NonClass: 23882K(24000K)->23882K(24000K) Class: 4882K(5056K)->4882K(5056K)
[270.890s][info][gc             ] GC(67) Pause Young (Normal) (G1 Evacuation Pause) 3724M->1904M(4096M) 106.491ms
[270.890s][info][gc,cpu         ] GC(67) User=0.64s Sys=0.00s Real=0.10s
.[272.067s][info][gc,start       ] GC(68) Pause Young (Normal) (G1 Evacuation Pause)
[272.067s][info][gc,task        ] GC(68) Using 6 workers of 6 for evacuation
[272.162s][info][gc,phases      ] GC(68)   Pre Evacuate Collection Set: 0.35ms
[272.162s][info][gc,phases      ] GC(68)   Merge Heap Roots: 0.44ms
[272.162s][info][gc,phases      ] GC(68)   Evacuate Collection Set: 92.85ms
[272.162s][info][gc,phases      ] GC(68)   Post Evacuate Collection Set: 0.78ms
[272.162s][info][gc,phases      ] GC(68)   Other: 0.86ms
[272.162s][info][gc,heap        ] GC(68) Eden regions: 917->0(886)
[272.162s][info][gc,heap        ] GC(68) Survivor regions: 71->65(124)
[272.162s][info][gc,heap        ] GC(68) Old regions: 806->849
[272.162s][info][gc,heap        ] GC(68) Humongous regions: 77->77
[272.162s][info][gc,metaspace   ] GC(68) Metaspace: 28766K(29056K)->28766K(29056K) NonClass: 23883K(24000K)->23883K(24000K) Class: 4882K(5056K)->4882K(5056K)
[272.162s][info][gc             ] GC(68) Pause Young (Normal) (G1 Evacuation Pause) 3738M->1980M(4096M) 95.411ms
[272.162s][info][gc,cpu         ] GC(68) User=0.56s Sys=0.00s Real=0.10s
.[273.348s][info][gc,start       ] GC(69) Pause Young (Concurrent Start) (G1 Evacuation Pause)
[273.348s][info][gc,task        ] GC(69) Using 6 workers of 6 for evacuation
[273.433s][info][gc,phases      ] GC(69)   Pre Evacuate Collection Set: 0.39ms
[273.433s][info][gc,phases      ] GC(69)   Merge Heap Roots: 0.41ms
[273.433s][info][gc,phases      ] GC(69)   Evacuate Collection Set: 83.40ms
[273.433s][info][gc,phases      ] GC(69)   Post Evacuate Collection Set: 0.69ms
[273.433s][info][gc,phases      ] GC(69)   Other: 0.12ms
[273.433s][info][gc,heap        ] GC(69) Eden regions: 886->0(861)
[273.434s][info][gc,heap        ] GC(69) Survivor regions: 65->58(119)
[273.434s][info][gc,heap        ] GC(69) Old regions: 849->891
[273.434s][info][gc,heap        ] GC(69) Humongous regions: 77->77
[273.434s][info][gc,metaspace   ] GC(69) Metaspace: 28766K(29056K)->28766K(29056K) NonClass: 23883K(24000K)->23883K(24000K) Class: 4882K(5056K)->4882K(5056K)
[273.434s][info][gc             ] GC(69) Pause Young (Concurrent Start) (G1 Evacuation Pause) 3752M->2049M(4096M) 85.149ms
[273.434s][info][gc             ] GC(70) Concurrent Mark Cycle
[273.434s][info][gc,marking     ] GC(70) Concurrent Scan Root Regions
[273.434s][info][gc,cpu         ] GC(69) User=0.51s Sys=0.00s Real=0.09s
[273.583s][info][gc,marking     ] GC(70) Concurrent Scan Root Regions 149.423ms
[273.583s][info][gc,marking     ] GC(70) Concurrent Mark
[273.583s][info][gc,marking     ] GC(70) Concurrent Mark From Roots
[273.583s][info][gc,task        ] GC(70) Using 2 workers of 2 for marking
.[274.229s][info][gc,marking     ] GC(70) Concurrent Mark From Roots 646.238ms
[274.229s][info][gc,marking     ] GC(70) Concurrent Preclean
[274.229s][info][gc,marking     ] GC(70) Concurrent Preclean 0.081ms
[274.234s][info][gc,start       ] GC(70) Pause Remark
[274.239s][info][gc             ] GC(70) Pause Remark 2553M->2545M(4096M) 4.944ms
[274.239s][info][gc,cpu         ] GC(70) User=0.03s Sys=0.00s Real=0.00s
[274.241s][info][gc,marking     ] GC(70) Concurrent Mark 658.151ms
[274.241s][info][gc,marking     ] GC(70) Concurrent Rebuild Remembered Sets and Scrub Regions
.[274.619s][info][gc,marking     ] GC(70) Concurrent Rebuild Remembered Sets and Scrub Regions 377.370ms
[274.619s][info][gc,start       ] GC(70) Pause Cleanup
[274.619s][info][gc             ] GC(70) Pause Cleanup 2908M->2908M(4096M) 0.344ms
[274.619s][info][gc,cpu         ] GC(70) User=0.00s Sys=0.00s Real=0.00s
[274.619s][info][gc,marking     ] GC(70) Concurrent Clear Claimed Marks
[274.619s][info][gc,marking     ] GC(70) Concurrent Clear Claimed Marks 0.045ms
[274.619s][info][gc,marking     ] GC(70) Concurrent Cleanup for Next Mark
[274.627s][info][gc,marking     ] GC(70) Concurrent Cleanup for Next Mark 7.715ms
[274.627s][info][gc             ] GC(70) Concurrent Mark Cycle 1193.723ms
[275.129s][info][gc,start       ] GC(71) Pause Young (Prepare Mixed) (G1 Evacuation Pause)
[275.129s][info][gc,task        ] GC(71) Using 6 workers of 6 for evacuation
[275.220s][info][gc,phases      ] GC(71)   Pre Evacuate Collection Set: 0.36ms
[275.220s][info][gc,phases      ] GC(71)   Merge Heap Roots: 0.42ms
[275.220s][info][gc,phases      ] GC(71)   Evacuate Collection Set: 89.70ms
[275.220s][info][gc,phases      ] GC(71)   Post Evacuate Collection Set: 0.82ms
[275.220s][info][gc,phases      ] GC(71)   Other: 0.09ms
[275.220s][info][gc,heap        ] GC(71) Eden regions: 861->0(775)
[275.220s][info][gc,heap        ] GC(71) Survivor regions: 58->103(115)
[275.220s][info][gc,heap        ] GC(71) Old regions: 887->887
[275.221s][info][gc,heap        ] GC(71) Humongous regions: 77->77
[275.221s][info][gc,metaspace   ] GC(71) Metaspace: 28767K(29056K)->28767K(29056K) NonClass: 23884K(24000K)->23884K(24000K) Class: 4882K(5056K)->4882K(5056K)
[275.221s][info][gc             ] GC(71) Pause Young (Prepare Mixed) (G1 Evacuation Pause) 3763M->2131M(4096M) 91.515ms
[275.221s][info][gc,cpu         ] GC(71) User=0.54s Sys=0.00s Real=0.09s
.[276.457s][info][gc,start       ] GC(72) Pause Young (Mixed) (G1 Evacuation Pause)
[276.457s][info][gc,task        ] GC(72) Using 6 workers of 6 for evacuation
[276.619s][info][gc,phases      ] GC(72)   Pre Evacuate Collection Set: 0.40ms
[276.619s][info][gc,phases      ] GC(72)   Merge Heap Roots: 0.47ms
[276.619s][info][gc,phases      ] GC(72)   Evacuate Collection Set: 160.62ms
[276.619s][info][gc,phases      ] GC(72)   Post Evacuate Collection Set: 0.92ms
[276.619s][info][gc,phases      ] GC(72)   Other: 0.10ms
[276.619s][info][gc,heap        ] GC(72) Eden regions: 775->0(967)
[276.619s][info][gc,heap        ] GC(72) Survivor regions: 103->54(110)
[276.619s][info][gc,heap        ] GC(72) Old regions: 887->768
[276.619s][info][gc,heap        ] GC(72) Humongous regions: 77->77
[276.619s][info][gc,metaspace   ] GC(72) Metaspace: 28769K(29056K)->28769K(29056K) NonClass: 23886K(24000K)->23886K(24000K) Class: 4882K(5056K)->4882K(5056K)
[276.619s][info][gc             ] GC(72) Pause Young (Mixed) (G1 Evacuation Pause) 3681M->1795M(4096M) 162.649ms
[276.619s][info][gc,cpu         ] GC(72) User=0.69s Sys=0.00s Real=0.16s
.[277.801s][info][gc,start       ] GC(73) Pause Young (Mixed) (G1 Evacuation Pause)
[277.801s][info][gc,task        ] GC(73) Using 6 workers of 6 for evacuation
[277.913s][info][gc,phases      ] GC(73)   Pre Evacuate Collection Set: 0.40ms
[277.913s][info][gc,phases      ] GC(73)   Merge Heap Roots: 0.69ms
[277.913s][info][gc,phases      ] GC(73)   Evacuate Collection Set: 109.96ms
[277.913s][info][gc,phases      ] GC(73)   Post Evacuate Collection Set: 1.01ms
[277.913s][info][gc,phases      ] GC(73)   Other: 0.11ms
[277.913s][info][gc,heap        ] GC(73) Eden regions: 967->0(1012)
[277.913s][info][gc,heap        ] GC(73) Survivor regions: 54->104(128)
[277.913s][info][gc,heap        ] GC(73) Old regions: 768->585
[277.913s][info][gc,heap        ] GC(73) Humongous regions: 77->77
[277.913s][info][gc,metaspace   ] GC(73) Metaspace: 28769K(29056K)->28769K(29056K) NonClass: 23886K(24000K)->23886K(24000K) Class: 4882K(5056K)->4882K(5056K)
[277.913s][info][gc             ] GC(73) Pause Young (Mixed) (G1 Evacuation Pause) 3729M->1530M(4096M) 112.299ms
[277.913s][info][gc,cpu         ] GC(73) User=0.67s Sys=0.00s Real=0.11s
.[279.100s][info][gc,start       ] GC(74) Pause Young (Mixed) (G1 Evacuation Pause)
[279.100s][info][gc,task        ] GC(74) Using 6 workers of 6 for evacuation
[279.233s][info][gc,phases      ] GC(74)   Pre Evacuate Collection Set: 0.35ms
[279.234s][info][gc,phases      ] GC(74)   Merge Heap Roots: 0.71ms
[279.234s][info][gc,phases      ] GC(74)   Evacuate Collection Set: 131.02ms
[279.234s][info][gc,phases      ] GC(74)   Post Evacuate Collection Set: 0.99ms
[279.234s][info][gc,phases      ] GC(74)   Other: 0.09ms
[279.234s][info][gc,heap        ] GC(74) Eden regions: 1037->0(1086)
[279.234s][info][gc,heap        ] GC(74) Survivor regions: 104->74(143)
[279.234s][info][gc,heap        ] GC(74) Old regions: 585->602
[279.234s][info][gc,heap        ] GC(74) Humongous regions: 77->77
[279.234s][info][gc,metaspace   ] GC(74) Metaspace: 28769K(29056K)->28769K(29056K) NonClass: 23886K(24000K)->23886K(24000K) Class: 4882K(5056K)->4882K(5056K)
[279.234s][info][gc             ] GC(74) Pause Young (Mixed) (G1 Evacuation Pause) 3604M->1502M(4096M) 133.290ms
[279.234s][info][gc,cpu         ] GC(74) User=0.80s Sys=0.00s Real=0.14s
.[280.823s][info][gc,start       ] GC(75) Pause Young (Mixed) (G1 Evacuation Pause)
[280.823s][info][gc,task        ] GC(75) Using 6 workers of 6 for evacuation
[280.934s][info][gc,phases      ] GC(75)   Pre Evacuate Collection Set: 0.36ms
[280.934s][info][gc,phases      ] GC(75)   Merge Heap Roots: 0.72ms
[280.934s][info][gc,phases      ] GC(75)   Evacuate Collection Set: 108.89ms
[280.934s][info][gc,phases      ] GC(75)   Post Evacuate Collection Set: 0.92ms
[280.935s][info][gc,phases      ] GC(75)   Other: 0.11ms
[280.935s][info][gc,heap        ] GC(75) Eden regions: 1086->0(1049)
[280.935s][info][gc,heap        ] GC(75) Survivor regions: 74->112(145)
[280.935s][info][gc,heap        ] GC(75) Old regions: 602->595
[280.935s][info][gc,heap        ] GC(75) Humongous regions: 77->77
[280.935s][info][gc,metaspace   ] GC(75) Metaspace: 28773K(29056K)->28773K(29056K) NonClass: 23890K(24000K)->23890K(24000K) Class: 4882K(5056K)->4882K(5056K)
[280.935s][info][gc             ] GC(75) Pause Young (Mixed) (G1 Evacuation Pause) 3674M->1566M(4096M) 111.125ms
[280.935s][info][gc,cpu         ] GC(75) User=0.66s Sys=0.00s Real=0.11s
..[282.676s][info][gc,start       ] GC(76) Pause Young (Concurrent Start) (G1 Evacuation Pause)
[282.676s][info][gc,task        ] GC(76) Using 6 workers of 6 for evacuation
[282.801s][info][gc,phases      ] GC(76)   Pre Evacuate Collection Set: 0.38ms
[282.801s][info][gc,phases      ] GC(76)   Merge Heap Roots: 0.50ms
[282.801s][info][gc,phases      ] GC(76)   Evacuate Collection Set: 123.20ms
[282.801s][info][gc,phases      ] GC(76)   Post Evacuate Collection Set: 0.88ms
[282.801s][info][gc,phases      ] GC(76)   Other: 0.11ms
[282.801s][info][gc,heap        ] GC(76) Eden regions: 1049->0(1012)
[282.801s][info][gc,heap        ] GC(76) Survivor regions: 112->113(146)
[282.801s][info][gc,heap        ] GC(76) Old regions: 595->630
[282.801s][info][gc,heap        ] GC(76) Humongous regions: 77->77
[282.801s][info][gc,metaspace   ] GC(76) Metaspace: 28773K(29056K)->28773K(29056K) NonClass: 23890K(24000K)->23890K(24000K) Class: 4882K(5056K)->4882K(5056K)
[282.802s][info][gc             ] GC(76) Pause Young (Concurrent Start) (G1 Evacuation Pause) 3664M->1637M(4096M) 125.219ms
[282.802s][info][gc             ] GC(77) Concurrent Mark Cycle
[282.802s][info][gc,marking     ] GC(77) Concurrent Scan Root Regions
[282.802s][info][gc,cpu         ] GC(76) User=0.75s Sys=0.00s Real=0.13s
[283.059s][info][gc,marking     ] GC(77) Concurrent Scan Root Regions 257.163ms
[283.059s][info][gc,marking     ] GC(77) Concurrent Mark
[283.059s][info][gc,marking     ] GC(77) Concurrent Mark From Roots
[283.059s][info][gc,task        ] GC(77) Using 2 workers of 2 for marking
.[283.862s][info][gc,marking     ] GC(77) Concurrent Mark From Roots 803.054ms
[283.862s][info][gc,marking     ] GC(77) Concurrent Preclean
[283.862s][info][gc,marking     ] GC(77) Concurrent Preclean 0.064ms
[283.864s][info][gc,start       ] GC(77) Pause Remark
[283.871s][info][gc             ] GC(77) Pause Remark 2749M->2749M(4096M) 7.950ms
[283.872s][info][gc,cpu         ] GC(77) User=0.05s Sys=0.00s Real=0.01s
[283.872s][info][gc,marking     ] GC(77) Concurrent Mark 813.411ms
[283.872s][info][gc,marking     ] GC(77) Concurrent Rebuild Remembered Sets and Scrub Regions
[284.276s][info][gc,marking     ] GC(77) Concurrent Rebuild Remembered Sets and Scrub Regions 404.199ms
[284.278s][info][gc,start       ] GC(77) Pause Cleanup
[284.278s][info][gc             ] GC(77) Pause Cleanup 3219M->3219M(4096M) 0.215ms
[284.278s][info][gc,cpu         ] GC(77) User=0.00s Sys=0.00s Real=0.00s
[284.278s][info][gc,marking     ] GC(77) Concurrent Clear Claimed Marks
[284.278s][info][gc,marking     ] GC(77) Concurrent Clear Claimed Marks 0.029ms
[284.278s][info][gc,marking     ] GC(77) Concurrent Cleanup for Next Mark
[284.283s][info][gc,marking     ] GC(77) Concurrent Cleanup for Next Mark 5.202ms
[284.283s][info][gc             ] GC(77) Concurrent Mark Cycle 1481.738ms
.[284.672s][info][gc,start       ] GC(78) Pause Young (Prepare Mixed) (G1 Evacuation Pause)
[284.672s][info][gc,task        ] GC(78) Using 6 workers of 6 for evacuation
[284.796s][info][gc,phases      ] GC(78)   Pre Evacuate Collection Set: 0.32ms
[284.796s][info][gc,phases      ] GC(78)   Merge Heap Roots: 0.51ms
[284.796s][info][gc,phases      ] GC(78)   Evacuate Collection Set: 121.50ms
[284.796s][info][gc,phases      ] GC(78)   Post Evacuate Collection Set: 0.91ms
[284.796s][info][gc,phases      ] GC(78)   Other: 0.09ms
[284.796s][info][gc,heap        ] GC(78) Eden regions: 1012->0(979)
[284.796s][info][gc,heap        ] GC(78) Survivor regions: 113->111(141)
[284.796s][info][gc,heap        ] GC(78) Old regions: 630->667
[284.796s][info][gc,heap        ] GC(78) Humongous regions: 77->77
[284.796s][info][gc,metaspace   ] GC(78) Metaspace: 28773K(29056K)->28773K(29056K) NonClass: 23890K(24000K)->23890K(24000K) Class: 4882K(5056K)->4882K(5056K)
[284.796s][info][gc             ] GC(78) Pause Young (Prepare Mixed) (G1 Evacuation Pause) 3661M->1708M(4096M) 123.456ms
[284.796s][info][gc,cpu         ] GC(78) User=0.73s Sys=0.00s Real=0.12s
.[285.953s][info][gc,start       ] GC(79) Pause Young (Mixed) (G1 Evacuation Pause)
[285.953s][info][gc,task        ] GC(79) Using 6 workers of 6 for evacuation
[286.096s][info][gc,phases      ] GC(79)   Pre Evacuate Collection Set: 0.35ms
[286.096s][info][gc,phases      ] GC(79)   Merge Heap Roots: 0.56ms
[286.096s][info][gc,phases      ] GC(79)   Evacuate Collection Set: 140.00ms
[286.096s][info][gc,phases      ] GC(79)   Merge Optional Heap Roots: 0.07ms
[286.096s][info][gc,phases      ] GC(79)   Evacuate Optional Collection Set: 0.79ms
[286.096s][info][gc,phases      ] GC(79)   Post Evacuate Collection Set: 0.97ms
[286.096s][info][gc,phases      ] GC(79)   Other: 0.10ms
[286.096s][info][gc,heap        ] GC(79) Eden regions: 979->0(1113)
[286.096s][info][gc,heap        ] GC(79) Survivor regions: 111->73(137)
[286.096s][info][gc,heap        ] GC(79) Old regions: 667->555
[286.096s][info][gc,heap        ] GC(79) Humongous regions: 77->77
[286.096s][info][gc,metaspace   ] GC(79) Metaspace: 28773K(29056K)->28773K(29056K) NonClass: 23890K(24000K)->23890K(24000K) Class: 4882K(5056K)->4882K(5056K)
[286.096s][info][gc             ] GC(79) Pause Young (Mixed) (G1 Evacuation Pause) 3666M->1408M(4096M) 142.970ms
[286.096s][info][gc,cpu         ] GC(79) User=0.86s Sys=0.00s Real=0.14s
. (rIR:aIR:PR = 13837:11229:11192) (tPR = 165097) [IR is under limit] [PR is under limit] 
   286s: Re-initializing (term[287.345s][info][gc,start       ] GC(80) Pause Young (Mixed) (G1 Evacuation Pause)
[287.345s][info][gc,task        ] GC(80) Using 6 workers of 6 for evacuation
[287.459s][info][gc,phases      ] GC(80)   Pre Evacuate Collection Set: 0.33ms
[287.459s][info][gc,phases      ] GC(80)   Merge Heap Roots: 0.74ms
[287.459s][info][gc,phases      ] GC(80)   Evacuate Collection Set: 111.69ms
[287.459s][info][gc,phases      ] GC(80)   Post Evacuate Collection Set: 0.94ms
[287.459s][info][gc,phases      ] GC(80)   Other: 0.09ms
[287.459s][info][gc,heap        ] GC(80) Eden regions: 1113->0(1104)
[287.459s][info][gc,heap        ] GC(80) Survivor regions: 73->115(149)
[287.459s][info][gc,heap        ] GC(80) Old regions: 555->523
[287.459s][info][gc,heap        ] GC(80) Humongous regions: 77->77
[287.459s][info][gc,metaspace   ] GC(80) Metaspace: 28773K(29056K)->28773K(29056K) NonClass: 23890K(24000K)->23890K(24000K) Class: 4882K(5056K)->4882K(5056K)
[287.459s][info][gc             ] GC(80) Pause Young (Mixed) (G1 Evacuation Pause) 3634M->1428M(4096M) 113.928ms
[287.459s][info][gc,cpu         ] GC(80) User=0.67s Sys=0.00s Real=0.11s
[289.108s][info][gc,start       ] GC(81) Pause Young (Concurrent Start) (G1 Evacuation Pause)
[289.108s][info][gc,task        ] GC(81) Using 6 workers of 6 for evacuation
[289.227s][info][gc,phases      ] GC(81)   Pre Evacuate Collection Set: 0.38ms
[289.227s][info][gc,phases      ] GC(81)   Merge Heap Roots: 0.43ms
[289.227s][info][gc,phases      ] GC(81)   Evacuate Collection Set: 117.18ms
[289.227s][info][gc,phases      ] GC(81)   Post Evacuate Collection Set: 0.87ms
[289.227s][info][gc,phases      ] GC(81)   Other: 0.11ms
[289.227s][info][gc,heap        ] GC(81) Eden regions: 1104->0(1085)
[289.227s][info][gc,heap        ] GC(81) Survivor regions: 115->115(153)
[289.227s][info][gc,heap        ] GC(81) Old regions: 523->553
[289.227s][info][gc,heap        ] GC(81) Humongous regions: 77->77
[289.227s][info][gc,metaspace   ] GC(81) Metaspace: 28773K(29056K)->28773K(29056K) NonClass: 23891K(24000K)->23891K(24000K) Class: 4882K(5056K)->4882K(5056K)
[289.227s][info][gc             ] GC(81) Pause Young (Concurrent Start) (G1 Evacuation Pause) 3636M->1487M(4096M) 119.098ms
[289.227s][info][gc             ] GC(82) Concurrent Mark Cycle
[289.227s][info][gc,marking     ] GC(82) Concurrent Scan Root Regions
[289.227s][info][gc,cpu         ] GC(81) User=0.71s Sys=0.00s Real=0.12s
[289.418s][info][gc,marking     ] GC(82) Concurrent Scan Root Regions 190.427ms
[289.418s][info][gc,marking     ] GC(82) Concurrent Mark
[289.418s][info][gc,marking     ] GC(82) Concurrent Mark From Roots
[289.418s][info][gc,task        ] GC(82) Using 2 workers of 2 for marking
[290.561s][info][gc,marking     ] GC(82) Concurrent Mark From Roots 1143.347ms
[290.561s][info][gc,marking     ] GC(82) Concurrent Preclean
[290.561s][info][gc,marking     ] GC(82) Concurrent Preclean 0.061ms
[290.561s][info][gc,start       ] GC(82) Pause Remark
[290.564s][info][gc             ] GC(82) Pause Remark 2383M->2383M(4096M) 2.787ms
[290.564s][info][gc,cpu         ] GC(82) User=0.01s Sys=0.00s Real=0.00s
[290.564s][info][gc,marking     ] GC(82) Concurrent Mark 1146.507ms
[290.564s][info][gc,marking     ] GC(82) Concurrent Rebuild Remembered Sets and Scrub Regions
[291.037s][info][gc,marking     ] GC(82) Concurrent Rebuild Remembered Sets and Scrub Regions 472.583ms
[291.037s][info][gc,start       ] GC(82) Pause Cleanup
[291.037s][info][gc             ] GC(82) Pause Cleanup 3102M->3102M(4096M) 0.174ms
[291.037s][info][gc,cpu         ] GC(82) User=0.00s Sys=0.00s Real=0.00s
[291.039s][info][gc,marking     ] GC(82) Concurrent Clear Claimed Marks
[291.039s][info][gc,marking     ] GC(82) Concurrent Clear Claimed Marks 0.050ms
[291.039s][info][gc,marking     ] GC(82) Concurrent Cleanup for Next Mark
[291.323s][info][gc,marking     ] GC(82) Concurrent Cleanup for Next Mark 283.870ms
[291.323s][info][gc             ] GC(82) Concurrent Mark Cycle 2095.650ms
[291.325s][info][gc,start       ] GC(83) Pause Young (Prepare Mixed) (G1 Evacuation Pause)
[291.325s][info][gc,task        ] GC(83) Using 6 workers of 6 for evacuation
[291.446s][info][gc,phases      ] GC(83)   Pre Evacuate Collection Set: 0.31ms
[291.446s][info][gc,phases      ] GC(83)   Merge Heap Roots: 0.48ms
[291.446s][info][gc,phases      ] GC(83)   Evacuate Collection Set: 119.19ms
[291.446s][info][gc,phases      ] GC(83)   Post Evacuate Collection Set: 0.94ms
[291.446s][info][gc,phases      ] GC(83)   Other: 0.08ms
[291.446s][info][gc,heap        ] GC(83) Eden regions: 1085->0(1054)
[291.446s][info][gc,heap        ] GC(83) Survivor regions: 115->113(150)
[291.446s][info][gc,heap        ] GC(83) Old regions: 553->588
[291.446s][info][gc,heap        ] GC(83) Humongous regions: 77->77
[291.446s][info][gc,metaspace   ] GC(83) Metaspace: 28773K(29056K)->28773K(29056K) NonClass: 23891K(24000K)->23891K(24000K) Class: 4882K(5056K)->4882K(5056K)
[291.446s][info][gc             ] GC(83) Pause Young (Prepare Mixed) (G1 Evacuation Pause) 3657M->1554M(4096M) 121.135ms
[291.446s][info][gc,cpu         ] GC(83) User=0.72s Sys=0.00s Real=0.12s
[292.739s][info][gc,start       ] GC(84) Pause Young (Mixed) (G1 Evacuation Pause)
[292.739s][info][gc,task        ] GC(84) Using 6 workers of 6 for evacuation
[292.905s][info][gc,phases      ] GC(84)   Pre Evacuate Collection Set: 0.38ms
[292.905s][info][gc,phases      ] GC(84)   Merge Heap Roots: 0.61ms
[292.905s][info][gc,phases      ] GC(84)   Evacuate Collection Set: 150.63ms
[292.905s][info][gc,phases      ] GC(84)   Merge Optional Heap Roots: 0.20ms
[292.905s][info][gc,phases      ] GC(84)   Evacuate Optional Collection Set: 12.92ms
[292.905s][info][gc,phases      ] GC(84)   Post Evacuate Collection Set: 1.10ms
[292.905s][info][gc,phases      ] GC(84)   Other: 0.10ms
[292.905s][info][gc,heap        ] GC(84) Eden regions: 1054->0(1096)
[292.905s][info][gc,heap        ] GC(84) Survivor regions: 113->132(146)
[292.905s][info][gc,heap        ] GC(84) Old regions: 588->472
[292.905s][info][gc,heap        ] GC(84) Humongous regions: 77->77
[292.905s][info][gc,metaspace   ] GC(84) Metaspace: 28773K(29056K)->28773K(29056K) NonClass: 23891K(24000K)->23891K(24000K) Class: 4882K(5056K)->4882K(5056K)
[292.905s][info][gc             ] GC(84) Pause Young (Mixed) (G1 Evacuation Pause) 3662M->1359M(4096M) 166.093ms
[292.905s][info][gc,cpu         ] GC(84) User=0.99s Sys=0.00s Real=0.17s
[294.308s][info][gc,start       ] GC(85) Pause Young (Concurrent Start) (G1 Evacuation Pause)
[294.308s][info][gc,task        ] GC(85) Using 6 workers of 6 for evacuation
[294.457s][info][gc,phases      ] GC(85)   Pre Evacuate Collection Set: 0.41ms
[294.457s][info][gc,phases      ] GC(85)   Merge Heap Roots: 0.50ms
[294.457s][info][gc,phases      ] GC(85)   Evacuate Collection Set: 146.47ms
[294.457s][info][gc,phases      ] GC(85)   Post Evacuate Collection Set: 0.86ms
[294.457s][info][gc,phases      ] GC(85)   Other: 0.10ms
[294.457s][info][gc,heap        ] GC(85) Eden regions: 1096->0(1096)
[294.457s][info][gc,heap        ] GC(85) Survivor regions: 132->87(154)
[294.457s][info][gc,heap        ] GC(85) Old regions: 472->568
[294.457s][info][gc,heap        ] GC(85) Humongous regions: 77->77
[294.457s][info][gc,metaspace   ] GC(85) Metaspace: 28773K(29056K)->28773K(29056K) NonClass: 23891K(24000K)->23891K(24000K) Class: 4882K(5056K)->4882K(5056K)
[294.457s][info][gc             ] GC(85) Pause Young (Concurrent Start) (G1 Evacuation Pause) 3551M->1460M(4096M) 148.462ms
[294.457s][info][gc             ] GC(86) Concurrent Mark Cycle
[294.457s][info][gc,marking     ] GC(86) Concurrent Scan Root Regions
[294.457s][info][gc,cpu         ] GC(85) User=0.88s Sys=0.00s Real=0.15s
) [294.688s][info][gc,start       ] GC(87) Pause Full (System.gc())
[294.689s][info][gc,task        ] GC(87) Using 6 workers of 6 for full compaction
[294.689s][info][gc,marking     ] GC(86) Concurrent Scan Root Regions 232.449ms
[294.689s][info][gc,marking     ] GC(86) Concurrent Mark
[294.689s][info][gc,marking     ] GC(86) Concurrent Mark From Roots
[294.689s][info][gc,task        ] GC(86) Using 2 workers of 2 for marking
[294.693s][info][gc,phases,start] GC(87) Phase 1: Mark live objects
[294.708s][info][gc,phases      ] GC(87) Phase 1: Mark live objects 14.535ms
[294.708s][info][gc,phases,start] GC(87) Phase 2: Prepare compaction
[294.710s][info][gc,phases      ] GC(87) Phase 2: Prepare compaction 1.887ms
[294.710s][info][gc,phases,start] GC(87) Phase 3: Adjust pointers
[294.716s][info][gc,phases      ] GC(87) Phase 3: Adjust pointers 6.306ms
[294.716s][info][gc,phases,start] GC(87) Phase 4: Compact heap
[294.718s][info][gc,phases      ] GC(87) Phase 4: Compact heap 1.896ms
[294.718s][info][gc,phases,start] GC(87) Phase 5: Reset Metadata
[294.723s][info][gc,phases      ] GC(87) Phase 5: Reset Metadata 4.411ms
[294.729s][info][gc,heap        ] GC(87) Eden regions: 112->0(1228)
[294.729s][info][gc,heap        ] GC(87) Survivor regions: 87->0(154)
[294.729s][info][gc,heap        ] GC(87) Old regions: 568->35
[294.729s][info][gc,heap        ] GC(87) Humongous regions: 77->66
[294.729s][info][gc,metaspace   ] GC(87) Metaspace: 28776K(29056K)->28776K(29056K) NonClass: 23893K(24000K)->23893K(24000K) Class: 4882K(5056K)->4882K(5056K)
[294.729s][info][gc             ] GC(87) Pause Full (System.gc()) 1683M->194M(4096M) 40.468ms
[294.729s][info][gc,cpu         ] GC(87) User=0.21s Sys=0.00s Real=0.04s
[294.729s][info][gc,marking     ] GC(86) Concurrent Mark From Roots 39.642ms
[294.729s][info][gc,marking     ] GC(86) Concurrent Mark Abort
[294.729s][info][gc             ] GC(86) Concurrent Mark Cycle 272.175ms
(init[294.967s][info][gc,start       ] GC(88) Pause Young (Concurrent Start) (G1 Humongous Allocation)
[294.967s][info][gc,task        ] GC(88) Using 6 workers of 6 for evacuation
[294.979s][info][gc,phases      ] GC(88)   Pre Evacuate Collection Set: 0.36ms
[294.979s][info][gc,phases      ] GC(88)   Merge Heap Roots: 0.03ms
[294.979s][info][gc,phases      ] GC(88)   Evacuate Collection Set: 10.63ms
[294.979s][info][gc,phases      ] GC(88)   Post Evacuate Collection Set: 0.23ms
[294.979s][info][gc,phases      ] GC(88)   Other: 0.07ms
[294.979s][info][gc,heap        ] GC(88) Eden regions: 39->0(1216)
[294.979s][info][gc,heap        ] GC(88) Survivor regions: 0->12(154)
[294.979s][info][gc,heap        ] GC(88) Old regions: 35->35
[294.979s][info][gc,heap        ] GC(88) Humongous regions: 66->66
[294.979s][info][gc,metaspace   ] GC(88) Metaspace: 28781K(29056K)->28781K(29056K) NonClass: 23899K(24000K)->23899K(24000K) Class: 4882K(5056K)->4882K(5056K)
[294.979s][info][gc             ] GC(88) Pause Young (Concurrent Start) (G1 Humongous Allocation) 272M->218M(4096M) 11.438ms
[294.979s][info][gc             ] GC(89) Concurrent Mark Cycle
[294.979s][info][gc,cpu         ] GC(88) User=0.07s Sys=0.00s Real=0.01s
[294.979s][info][gc,marking     ] GC(89) Concurrent Scan Root Regions
[294.986s][info][gc,marking     ] GC(89) Concurrent Scan Root Regions 7.065ms
[294.986s][info][gc,marking     ] GC(89) Concurrent Mark
[294.986s][info][gc,marking     ] GC(89) Concurrent Mark From Roots
[294.986s][info][gc,task        ] GC(89) Using 2 workers of 2 for marking
[295.033s][info][gc,marking     ] GC(89) Concurrent Mark From Roots 47.022ms
[295.033s][info][gc,marking     ] GC(89) Concurrent Preclean
[295.033s][info][gc,marking     ] GC(89) Concurrent Preclean 0.071ms
[295.033s][info][gc,start       ] GC(89) Pause Remark
[295.035s][info][gc             ] GC(89) Pause Remark 329M->329M(4096M) 1.816ms
[295.035s][info][gc,cpu         ] GC(89) User=0.01s Sys=0.00s Real=0.00s
[295.035s][info][gc,marking     ] GC(89) Concurrent Mark 49.076ms
[295.035s][info][gc,marking     ] GC(89) Concurrent Rebuild Remembered Sets and Scrub Regions
[295.057s][info][gc,marking     ] GC(89) Concurrent Rebuild Remembered Sets and Scrub Regions 21.787ms
[295.057s][info][gc,start       ] GC(89) Pause Cleanup
[295.057s][info][gc             ] GC(89) Pause Cleanup 396M->396M(4096M) 0.070ms
[295.057s][info][gc,cpu         ] GC(89) User=0.00s Sys=0.00s Real=0.00s
[295.057s][info][gc,marking     ] GC(89) Concurrent Clear Claimed Marks
[295.057s][info][gc,marking     ] GC(89) Concurrent Clear Claimed Marks 0.026ms
[295.057s][info][gc,marking     ] GC(89) Concurrent Cleanup for Next Mark
[295.062s][info][gc,marking     ] GC(89) Concurrent Cleanup for Next Mark 4.774ms
[295.062s][info][gc             ] GC(89) Concurrent Mark Cycle 83.081ms
) ... OK
   298s: Searching from base IR = 11548
   298s:       rampup IR =      0 ... (rIR:aIR:PR = 0:0:0) (tPR = 0) [OK] 
   301s:       rampup IR =   1155 ...[305.346s][info][gc,start       ] GC(90) Pause Young (Prepare Mixed) (G1 Evacuation Pause)
[305.346s][info][gc,task        ] GC(90) Using 6 workers of 6 for evacuation
[305.823s][info][gc,mmu         ] GC(90) MMU target violated: 201.0ms (200.0ms/201.0ms)
[305.823s][info][gc,phases      ] GC(90)   Pre Evacuate Collection Set: 0.34ms
[305.823s][info][gc,phases      ] GC(90)   Merge Heap Roots: 0.57ms
[305.823s][info][gc,phases      ] GC(90)   Evacuate Collection Set: 474.72ms
[305.823s][info][gc,phases      ] GC(90)   Post Evacuate Collection Set: 1.30ms
[305.823s][info][gc,phases      ] GC(90)   Other: 0.16ms
[305.823s][info][gc,heap        ] GC(90) Eden regions: 1216->0(446)
[305.823s][info][gc,heap        ] GC(90) Survivor regions: 12->154(154)
[305.823s][info][gc,heap        ] GC(90) Old regions: 35->343
[305.823s][info][gc,heap        ] GC(90) Humongous regions: 163->155
[305.823s][info][gc,metaspace   ] GC(90) Metaspace: 28793K(29120K)->28793K(29120K) NonClass: 23909K(24064K)->23909K(24064K) Class: 4883K(5056K)->4883K(5056K)
[305.823s][info][gc             ] GC(90) Pause Young (Prepare Mixed) (G1 Evacuation Pause) 2844M->1295M(4096M) 477.214ms
[305.823s][info][gc,cpu         ] GC(90) User=2.85s Sys=0.00s Real=0.48s
. (rIR:aIR:PR = 1155:1149:1124) (tPR = 22481) [OK] 
   305s:       rampup IR =   2310 ..[308.115s][info][gc,start       ] GC(91) Pause Young (Mixed) (G1 Evacuation Pause)
[308.115s][info][gc,task        ] GC(91) Using 6 workers of 6 for evacuation
[308.304s][info][gc,phases      ] GC(91)   Pre Evacuate Collection Set: 0.37ms
[308.304s][info][gc,phases      ] GC(91)   Merge Heap Roots: 0.54ms
[308.304s][info][gc,phases      ] GC(91)   Evacuate Collection Set: 188.19ms
[308.304s][info][gc,phases      ] GC(91)   Post Evacuate Collection Set: 0.61ms
[308.304s][info][gc,phases      ] GC(91)   Other: 0.06ms
[308.304s][info][gc,heap        ] GC(91) Eden regions: 428->0(708)
[308.304s][info][gc,heap        ] GC(91) Survivor regions: 154->26(73)
[308.304s][info][gc,heap        ] GC(91) Old regions: 343->494
[308.304s][info][gc,heap        ] GC(91) Humongous regions: 155->155
[308.304s][info][gc,metaspace   ] GC(91) Metaspace: 28793K(29120K)->28793K(29120K) NonClass: 23909K(24064K)->23909K(24064K) Class: 4883K(5056K)->4883K(5056K)
[308.304s][info][gc             ] GC(91) Pause Young (Mixed) (G1 Evacuation Pause) 2151M->1342M(4096M) 189.902ms
[308.305s][info][gc,cpu         ] GC(91) User=1.13s Sys=0.00s Real=0.19s
.. (rIR:aIR:PR = 2310:2284:2234) (tPR = 42946) [OK] 
   309s:       rampup IR =   3464 .[311.339s][info][gc,start       ] GC(92) Pause Young (Concurrent Start) (G1 Evacuation Pause)
[311.339s][info][gc,task        ] GC(92) Using 6 workers of 6 for evacuation
[311.400s][info][gc,phases      ] GC(92)   Pre Evacuate Collection Set: 0.40ms
[311.400s][info][gc,phases      ] GC(92)   Merge Heap Roots: 0.46ms
[311.400s][info][gc,phases      ] GC(92)   Evacuate Collection Set: 59.01ms
[311.400s][info][gc,phases      ] GC(92)   Post Evacuate Collection Set: 0.64ms
[311.400s][info][gc,phases      ] GC(92)   Other: 0.11ms
[311.400s][info][gc,heap        ] GC(92) Eden regions: 736->0(718)
[311.400s][info][gc,heap        ] GC(92) Survivor regions: 26->62(96)
[311.400s][info][gc,heap        ] GC(92) Old regions: 494->494
[311.400s][info][gc,heap        ] GC(92) Humongous regions: 155->155
[311.400s][info][gc,metaspace   ] GC(92) Metaspace: 28793K(29120K)->28793K(29120K) NonClass: 23909K(24064K)->23909K(24064K) Class: 4883K(5056K)->4883K(5056K)
[311.400s][info][gc             ] GC(92) Pause Young (Concurrent Start) (G1 Evacuation Pause) 2814M->1414M(4096M) 60.745ms
[311.400s][info][gc             ] GC(93) Concurrent Mark Cycle
[311.400s][info][gc,marking     ] GC(93) Concurrent Scan Root Regions
[311.400s][info][gc,cpu         ] GC(92) User=0.36s Sys=0.00s Real=0.06s
[311.488s][info][gc,marking     ] GC(93) Concurrent Scan Root Regions 87.908ms
[311.488s][info][gc,marking     ] GC(93) Concurrent Mark
[311.488s][info][gc,marking     ] GC(93) Concurrent Mark From Roots
[311.488s][info][gc,task        ] GC(93) Using 2 workers of 2 for marking
.[312.148s][info][gc,marking     ] GC(93) Concurrent Mark From Roots 659.718ms
[312.148s][info][gc,marking     ] GC(93) Concurrent Preclean
[312.148s][info][gc,marking     ] GC(93) Concurrent Preclean 0.071ms
[312.149s][info][gc,start       ] GC(93) Pause Remark
[312.157s][info][gc             ] GC(93) Pause Remark 1896M->1716M(4096M) 7.791ms
[312.157s][info][gc,cpu         ] GC(93) User=0.05s Sys=0.00s Real=0.01s
[312.157s][info][gc,marking     ] GC(93) Concurrent Mark 669.054ms
[312.157s][info][gc,marking     ] GC(93) Concurrent Rebuild Remembered Sets and Scrub Regions
[312.525s][info][gc,marking     ] GC(93) Concurrent Rebuild Remembered Sets and Scrub Regions 368.219ms
[312.525s][info][gc,start       ] GC(93) Pause Cleanup
[312.525s][info][gc             ] GC(93) Pause Cleanup 1954M->1954M(4096M) 0.114ms
[312.525s][info][gc,cpu         ] GC(93) User=0.00s Sys=0.00s Real=0.00s
[312.525s][info][gc,marking     ] GC(93) Concurrent Clear Claimed Marks
[312.526s][info][gc,marking     ] GC(93) Concurrent Clear Claimed Marks 0.030ms
[312.526s][info][gc,marking     ] GC(93) Concurrent Cleanup for Next Mark
[312.530s][info][gc,marking     ] GC(93) Concurrent Cleanup for Next Mark 4.709ms
[312.530s][info][gc             ] GC(93) Concurrent Mark Cycle 1130.358ms
.[313.762s][info][gc,start       ] GC(94) Pause Young (Prepare Mixed) (G1 Evacuation Pause)
[313.762s][info][gc,task        ] GC(94) Using 6 workers of 6 for evacuation
[313.846s][info][gc,phases      ] GC(94)   Pre Evacuate Collection Set: 0.32ms
[313.846s][info][gc,phases      ] GC(94)   Merge Heap Roots: 0.55ms
[313.846s][info][gc,phases      ] GC(94)   Evacuate Collection Set: 82.11ms
[313.846s][info][gc,phases      ] GC(94)   Post Evacuate Collection Set: 0.78ms
[313.846s][info][gc,phases      ] GC(94)   Other: 0.07ms
[313.846s][info][gc,heap        ] GC(94) Eden regions: 710->0(882)
[313.846s][info][gc,heap        ] GC(94) Survivor regions: 62->74(97)
[313.846s][info][gc,heap        ] GC(94) Old regions: 484->503
[313.846s][info][gc,heap        ] GC(94) Humongous regions: 75->75
[313.846s][info][gc,metaspace   ] GC(94) Metaspace: 28796K(29120K)->28796K(29120K) NonClass: 23912K(24064K)->23912K(24064K) Class: 4883K(5056K)->4883K(5056K)
[313.846s][info][gc             ] GC(94) Pause Young (Prepare Mixed) (G1 Evacuation Pause) 2654M->1297M(4096M) 84.000ms
[313.846s][info][gc,cpu         ] GC(94) User=0.50s Sys=0.00s Real=0.08s
. (rIR:aIR:PR = 3464:3476:3405) (tPR = 59877) [OK] 
   313s:       rampup IR =   4619 ..[316.464s][info][gc,start       ] GC(95) Pause Young (Mixed) (G1 Evacuation Pause)
[316.464s][info][gc,task        ] GC(95) Using 6 workers of 6 for evacuation
[316.562s][info][gc,phases      ] GC(95)   Pre Evacuate Collection Set: 0.33ms
[316.562s][info][gc,phases      ] GC(95)   Merge Heap Roots: 0.43ms
[316.562s][info][gc,phases      ] GC(95)   Evacuate Collection Set: 96.15ms
[316.562s][info][gc,phases      ] GC(95)   Post Evacuate Collection Set: 0.93ms
[316.562s][info][gc,phases      ] GC(95)   Other: 0.08ms
[316.562s][info][gc,heap        ] GC(95) Eden regions: 1002->0(1044)
[316.562s][info][gc,heap        ] GC(95) Survivor regions: 74->83(135)
[316.562s][info][gc,heap        ] GC(95) Old regions: 503->525
[316.562s][info][gc,heap        ] GC(95) Humongous regions: 75->75
[316.562s][info][gc,metaspace   ] GC(95) Metaspace: 28796K(29120K)->28796K(29120K) NonClass: 23913K(24064K)->23913K(24064K) Class: 4883K(5056K)->4883K(5056K)
[316.562s][info][gc             ] GC(95) Pause Young (Mixed) (G1 Evacuation Pause) 3301M->1365M(4096M) 98.046ms
[316.562s][info][gc,cpu         ] GC(95) User=0.58s Sys=0.00s Real=0.10s
.. (rIR:aIR:PR = 4619:4622:4576) (tPR = 76538) [OK] 
   317s:       rampup IR =   5774 [318.920s][info][gc,start       ] GC(96) Pause Young (Mixed) (G1 Evacuation Pause)
[318.920s][info][gc,task        ] GC(96) Using 6 workers of 6 for evacuation
[319.029s][info][gc,phases      ] GC(96)   Pre Evacuate Collection Set: 0.36ms
[319.029s][info][gc,phases      ] GC(96)   Merge Heap Roots: 0.42ms
[319.029s][info][gc,phases      ] GC(96)   Evacuate Collection Set: 105.55ms
[319.029s][info][gc,phases      ] GC(96)   Merge Optional Heap Roots: 0.02ms
[319.029s][info][gc,phases      ] GC(96)   Evacuate Optional Collection Set: 0.90ms
[319.029s][info][gc,phases      ] GC(96)   Post Evacuate Collection Set: 1.02ms
[319.029s][info][gc,phases      ] GC(96)   Other: 0.09ms
[319.029s][info][gc,heap        ] GC(96) Eden regions: 1048->0(1071)
[319.029s][info][gc,heap        ] GC(96) Survivor regions: 83->96(142)
[319.029s][info][gc,heap        ] GC(96) Old regions: 525->520
[319.029s][info][gc,heap        ] GC(96) Humongous regions: 77->77
[319.029s][info][gc,metaspace   ] GC(96) Metaspace: 28796K(29120K)->28796K(29120K) NonClass: 23913K(24064K)->23913K(24064K) Class: 4883K(5056K)->4883K(5056K)
[319.029s][info][gc             ] GC(96) Pause Young (Mixed) (G1 Evacuation Pause) 3465M->1384M(4096M) 108.499ms
[319.029s][info][gc,cpu         ] GC(96) User=0.65s Sys=0.00s Real=0.11s
...[321.260s][info][gc,start       ] GC(97) Pause Young (Mixed) (G1 Evacuation Pause)
[321.260s][info][gc,task        ] GC(97) Using 6 workers of 6 for evacuation
[321.375s][info][gc,phases      ] GC(97)   Pre Evacuate Collection Set: 0.39ms
[321.375s][info][gc,phases      ] GC(97)   Merge Heap Roots: 0.49ms
[321.375s][info][gc,phases      ] GC(97)   Evacuate Collection Set: 113.28ms
[321.375s][info][gc,phases      ] GC(97)   Post Evacuate Collection Set: 0.89ms
[321.375s][info][gc,phases      ] GC(97)   Other: 0.08ms
[321.375s][info][gc,heap        ] GC(97) Eden regions: 1071->0(1072)
[321.375s][info][gc,heap        ] GC(97) Survivor regions: 96->99(146)
[321.375s][info][gc,heap        ] GC(97) Old regions: 520->545
[321.375s][info][gc,heap        ] GC(97) Humongous regions: 77->77
[321.375s][info][gc,metaspace   ] GC(97) Metaspace: 28801K(29120K)->28801K(29120K) NonClass: 23917K(24064K)->23917K(24064K) Class: 4883K(5056K)->4883K(5056K)
[321.375s][info][gc             ] GC(97) Pause Young (Mixed) (G1 Evacuation Pause) 3526M->1440M(4096M) 115.275ms
[321.375s][info][gc,cpu         ] GC(97) User=0.68s Sys=0.00s Real=0.12s
. (rIR:aIR:PR = 5774:5906:5903) (tPR = 94497) [OK] 
   321s:       rampup IR =   6929 .[323.655s][info][gc,start       ] GC(98) Pause Young (Concurrent Start) (G1 Evacuation Pause)
[323.655s][info][gc,task        ] GC(98) Using 6 workers of 6 for evacuation
[323.774s][info][gc,phases      ] GC(98)   Pre Evacuate Collection Set: 0.40ms
[323.774s][info][gc,phases      ] GC(98)   Merge Heap Roots: 0.41ms
[323.774s][info][gc,phases      ] GC(98)   Evacuate Collection Set: 117.14ms
[323.774s][info][gc,phases      ] GC(98)   Post Evacuate Collection Set: 0.97ms
[323.774s][info][gc,phases      ] GC(98)   Other: 0.13ms
[323.774s][info][gc,heap        ] GC(98) Eden regions: 1072->0(1054)
[323.774s][info][gc,heap        ] GC(98) Survivor regions: 99->108(147)
[323.774s][info][gc,heap        ] GC(98) Old regions: 545->578
[323.774s][info][gc,heap        ] GC(98) Humongous regions: 77->77
[323.774s][info][gc,metaspace   ] GC(98) Metaspace: 28801K(29120K)->28801K(29120K) NonClass: 23917K(24064K)->23917K(24064K) Class: 4883K(5056K)->4883K(5056K)
[323.775s][info][gc             ] GC(98) Pause Young (Concurrent Start) (G1 Evacuation Pause) 3584M->1525M(4096M) 119.194ms
[323.775s][info][gc             ] GC(99) Concurrent Mark Cycle
[323.775s][info][gc,marking     ] GC(99) Concurrent Scan Root Regions
[323.775s][info][gc,cpu         ] GC(98) User=0.71s Sys=0.00s Real=0.12s
[323.966s][info][gc,marking     ] GC(99) Concurrent Scan Root Regions 191.468ms
[323.966s][info][gc,marking     ] GC(99) Concurrent Mark
[323.966s][info][gc,marking     ] GC(99) Concurrent Mark From Roots
[323.966s][info][gc,task        ] GC(99) Using 2 workers of 2 for marking
.[324.786s][info][gc,marking     ] GC(99) Concurrent Mark From Roots 820.194ms
[324.786s][info][gc,marking     ] GC(99) Concurrent Preclean
[324.786s][info][gc,marking     ] GC(99) Concurrent Preclean 0.085ms
[324.788s][info][gc,start       ] GC(99) Pause Remark
[324.796s][info][gc             ] GC(99) Pause Remark 2533M->2533M(4096M) 7.878ms
[324.796s][info][gc,cpu         ] GC(99) User=0.04s Sys=0.00s Real=0.01s
[324.796s][info][gc,marking     ] GC(99) Concurrent Mark 829.643ms
[324.796s][info][gc,marking     ] GC(99) Concurrent Rebuild Remembered Sets and Scrub Regions
[325.012s][info][gc,marking     ] GC(99) Concurrent Rebuild Remembered Sets and Scrub Regions 216.171ms
[325.012s][info][gc,start       ] GC(99) Pause Cleanup
[325.012s][info][gc             ] GC(99) Pause Cleanup 2721M->2721M(4096M) 0.178ms
[325.012s][info][gc,cpu         ] GC(99) User=0.00s Sys=0.00s Real=0.00s
[325.012s][info][gc,marking     ] GC(99) Concurrent Clear Claimed Marks
[325.013s][info][gc,marking     ] GC(99) Concurrent Clear Claimed Marks 0.036ms
[325.013s][info][gc,marking     ] GC(99) Concurrent Cleanup for Next Mark
[325.017s][info][gc,marking     ] GC(99) Concurrent Cleanup for Next Mark 4.755ms
[325.017s][info][gc             ] GC(99) Concurrent Mark Cycle 1242.790ms
.[326.027s][info][gc,start       ] GC(100) Pause Young (Prepare Mixed) (G1 Evacuation Pause)
[326.027s][info][gc,task        ] GC(100) Using 6 workers of 6 for evacuation
[326.145s][info][gc,phases      ] GC(100)   Pre Evacuate Collection Set: 0.34ms
[326.145s][info][gc,phases      ] GC(100)   Merge Heap Roots: 0.46ms
[326.145s][info][gc,phases      ] GC(100)   Evacuate Collection Set: 115.52ms
[326.145s][info][gc,phases      ] GC(100)   Post Evacuate Collection Set: 1.05ms
[326.145s][info][gc,phases      ] GC(100)   Other: 0.08ms
[326.145s][info][gc,heap        ] GC(100) Eden regions: 1054->0(1038)
[326.145s][info][gc,heap        ] GC(100) Survivor regions: 108->107(146)
[326.145s][info][gc,heap        ] GC(100) Old regions: 578->614
[326.145s][info][gc,heap        ] GC(100) Humongous regions: 77->77
[326.145s][info][gc,metaspace   ] GC(100) Metaspace: 28801K(29120K)->28801K(29120K) NonClass: 23917K(24064K)->23917K(24064K) Class: 4883K(5056K)->4883K(5056K)
[326.145s][info][gc             ] GC(100) Pause Young (Prepare Mixed) (G1 Evacuation Pause) 3633M->1593M(4096M) 117.574ms
[326.145s][info][gc,cpu         ] GC(100) User=0.70s Sys=0.00s Real=0.12s
. (rIR:aIR:PR = 6929:6744:6744) (tPR = 103028) [OK] 
   326s:       rampup IR =   8084 .[328.137s][info][gc,start       ] GC(101) Pause Young (Mixed) (G1 Evacuation Pause)
[328.137s][info][gc,task        ] GC(101) Using 6 workers of 6 for evacuation
[328.270s][info][gc,phases      ] GC(101)   Pre Evacuate Collection Set: 0.42ms
[328.270s][info][gc,phases      ] GC(101)   Merge Heap Roots: 0.58ms
[328.270s][info][gc,phases      ] GC(101)   Evacuate Collection Set: 127.73ms
[328.270s][info][gc,phases      ] GC(101)   Merge Optional Heap Roots: 0.06ms
[328.270s][info][gc,phases      ] GC(101)   Evacuate Optional Collection Set: 3.42ms
[328.270s][info][gc,phases      ] GC(101)   Post Evacuate Collection Set: 1.10ms
[328.270s][info][gc,phases      ] GC(101)   Other: 0.11ms
[328.270s][info][gc,heap        ] GC(101) Eden regions: 1038->0(1122)
[328.270s][info][gc,heap        ] GC(101) Survivor regions: 107->106(144)
[328.270s][info][gc,heap        ] GC(101) Old regions: 614->476
[328.270s][info][gc,heap        ] GC(101) Humongous regions: 77->77
[328.270s][info][gc,metaspace   ] GC(101) Metaspace: 28803K(29120K)->28803K(29120K) NonClass: 23919K(24064K)->23919K(24064K) Class: 4883K(5056K)->4883K(5056K)
[328.271s][info][gc             ] GC(101) Pause Young (Mixed) (G1 Evacuation Pause) 3669M->1316M(4096M) 133.555ms
[328.271s][info][gc,cpu         ] GC(101) User=0.80s Sys=0.00s Real=0.13s
...[330.404s][info][gc,start       ] GC(102) Pause Young (Mixed) (G1 Evacuation Pause)
[330.404s][info][gc,task        ] GC(102) Using 6 workers of 6 for evacuation
[330.532s][info][gc,phases      ] GC(102)   Pre Evacuate Collection Set: 0.33ms
[330.532s][info][gc,phases      ] GC(102)   Merge Heap Roots: 0.55ms
[330.532s][info][gc,phases      ] GC(102)   Evacuate Collection Set: 126.57ms
[330.532s][info][gc,phases      ] GC(102)   Post Evacuate Collection Set: 0.96ms
[330.532s][info][gc,phases      ] GC(102)   Other: 0.08ms
[330.532s][info][gc,heap        ] GC(102) Eden regions: 1122->0(1114)
[330.532s][info][gc,heap        ] GC(102) Survivor regions: 106->114(154)
[330.532s][info][gc,heap        ] GC(102) Old regions: 476->490
[330.532s][info][gc,heap        ] GC(102) Humongous regions: 77->77
[330.532s][info][gc,metaspace   ] GC(102) Metaspace: 28804K(29120K)->28804K(29120K) NonClass: 23921K(24064K)->23921K(24064K) Class: 4883K(5056K)->4883K(5056K)
[330.532s][info][gc             ] GC(102) Pause Young (Mixed) (G1 Evacuation Pause) 3560M->1360M(4096M) 128.626ms
[330.532s][info][gc,cpu         ] GC(102) User=0.76s Sys=0.00s Real=0.13s
. (rIR:aIR:PR = 8084:8213:8213) (tPR = 123990) [OK] 
   331s:       rampup IR =   9238 .[332.565s][info][gc,start       ] GC(103) Pause Young (Concurrent Start) (G1 Evacuation Pause)
[332.565s][info][gc,task        ] GC(103) Using 6 workers of 6 for evacuation
[332.694s][info][gc,phases      ] GC(103)   Pre Evacuate Collection Set: 0.41ms
[332.694s][info][gc,phases      ] GC(103)   Merge Heap Roots: 0.46ms
[332.694s][info][gc,phases      ] GC(103)   Evacuate Collection Set: 127.86ms
[332.694s][info][gc,phases      ] GC(103)   Post Evacuate Collection Set: 0.97ms
[332.694s][info][gc,phases      ] GC(103)   Other: 0.11ms
[332.694s][info][gc,heap        ] GC(103) Eden regions: 1114->0(1108)
[332.694s][info][gc,heap        ] GC(103) Survivor regions: 114->119(154)
[332.694s][info][gc,heap        ] GC(103) Old regions: 490->522
[332.694s][info][gc,heap        ] GC(103) Humongous regions: 77->77
[332.694s][info][gc,metaspace   ] GC(103) Metaspace: 28804K(29120K)->28804K(29120K) NonClass: 23921K(24064K)->23921K(24064K) Class: 4883K(5056K)->4883K(5056K)
[332.694s][info][gc             ] GC(103) Pause Young (Concurrent Start) (G1 Evacuation Pause) 3588M->1435M(4096M) 129.944ms
[332.695s][info][gc             ] GC(104) Concurrent Mark Cycle
[332.695s][info][gc,marking     ] GC(104) Concurrent Scan Root Regions
[332.695s][info][gc,cpu         ] GC(103) User=0.77s Sys=0.00s Real=0.13s
[332.849s][info][gc,marking     ] GC(104) Concurrent Scan Root Regions 154.055ms
[332.849s][info][gc,marking     ] GC(104) Concurrent Mark
[332.849s][info][gc,marking     ] GC(104) Concurrent Mark From Roots
[332.849s][info][gc,task        ] GC(104) Using 2 workers of 2 for marking
.[333.909s][info][gc,marking     ] GC(104) Concurrent Mark From Roots 1060.594ms
[333.909s][info][gc,marking     ] GC(104) Concurrent Preclean
[333.909s][info][gc,marking     ] GC(104) Concurrent Preclean 0.132ms
[333.910s][info][gc,start       ] GC(104) Pause Remark
[333.917s][info][gc             ] GC(104) Pause Remark 2624M->2624M(4096M) 7.462ms
[333.917s][info][gc,cpu         ] GC(104) User=0.03s Sys=0.00s Real=0.01s
[333.919s][info][gc,marking     ] GC(104) Concurrent Mark 1070.733ms
[333.919s][info][gc,marking     ] GC(104) Concurrent Rebuild Remembered Sets and Scrub Regions
[334.420s][info][gc,marking     ] GC(104) Concurrent Rebuild Remembered Sets and Scrub Regions 500.702ms
[334.424s][info][gc,start       ] GC(104) Pause Cleanup
[334.424s][info][gc             ] GC(104) Pause Cleanup 3199M->3199M(4096M) 0.177ms
[334.424s][info][gc,cpu         ] GC(104) User=0.00s Sys=0.00s Real=0.00s
[334.424s][info][gc,marking     ] GC(104) Concurrent Clear Claimed Marks
[334.424s][info][gc,marking     ] GC(104) Concurrent Clear Claimed Marks 0.036ms
[334.424s][info][gc,marking     ] GC(104) Concurrent Cleanup for Next Mark
[334.463s][info][gc,marking     ] GC(104) Concurrent Cleanup for Next Mark 39.107ms
[334.463s][info][gc             ] GC(104) Concurrent Mark Cycle 1768.648ms
.[334.744s][info][gc,start       ] GC(105) Pause Young (Prepare Mixed) (G1 Evacuation Pause)
[334.744s][info][gc,task        ] GC(105) Using 6 workers of 6 for evacuation
[334.867s][info][gc,phases      ] GC(105)   Pre Evacuate Collection Set: 0.36ms
[334.867s][info][gc,phases      ] GC(105)   Merge Heap Roots: 0.53ms
[334.867s][info][gc,phases      ] GC(105)   Evacuate Collection Set: 120.88ms
[334.867s][info][gc,phases      ] GC(105)   Post Evacuate Collection Set: 0.96ms
[334.867s][info][gc,phases      ] GC(105)   Other: 0.09ms
[334.867s][info][gc,heap        ] GC(105) Eden regions: 1108->0(1085)
[334.867s][info][gc,heap        ] GC(105) Survivor regions: 119->113(154)
[334.867s][info][gc,heap        ] GC(105) Old regions: 522->557
[334.867s][info][gc,heap        ] GC(105) Humongous regions: 77->77
[334.867s][info][gc,metaspace   ] GC(105) Metaspace: 28804K(29120K)->28804K(29120K) NonClass: 23921K(24064K)->23921K(24064K) Class: 4883K(5056K)->4883K(5056K)
[334.867s][info][gc             ] GC(105) Pause Young (Prepare Mixed) (G1 Evacuation Pause) 3651M->1493M(4096M) 122.968ms
[334.867s][info][gc,cpu         ] GC(105) User=0.73s Sys=0.00s Real=0.12s
.[336.390s][info][gc,start       ] GC(106) Pause Young (Mixed) (G1 Evacuation Pause)
[336.390s][info][gc,task        ] GC(106) Using 6 workers of 6 for evacuation
[336.566s][info][gc,phases      ] GC(106)   Pre Evacuate Collection Set: 0.40ms
[336.567s][info][gc,phases      ] GC(106)   Merge Heap Roots: 0.63ms
[336.567s][info][gc,phases      ] GC(106)   Evacuate Collection Set: 149.69ms
[336.567s][info][gc,phases      ] GC(106)   Merge Optional Heap Roots: 1.02ms
[336.567s][info][gc,phases      ] GC(106)   Evacuate Optional Collection Set: 23.59ms
[336.567s][info][gc,phases      ] GC(106)   Post Evacuate Collection Set: 1.28ms
[336.567s][info][gc,phases      ] GC(106)   Other: 0.10ms
[336.567s][info][gc,heap        ] GC(106) Eden regions: 1085->0(1114)
[336.567s][info][gc,heap        ] GC(106) Survivor regions: 113->114(150)
[336.567s][info][gc,heap        ] GC(106) Old regions: 557->463
[336.567s][info][gc,heap        ] GC(106) Humongous regions: 77->77
[336.567s][info][gc,metaspace   ] GC(106) Metaspace: 28804K(29120K)->28804K(29120K) NonClass: 23921K(24064K)->23921K(24064K) Class: 4883K(5056K)->4883K(5056K)
[336.567s][info][gc             ] GC(106) Pause Young (Mixed) (G1 Evacuation Pause) 3663M->1306M(4096M) 176.849ms
[336.567s][info][gc,cpu         ] GC(106) User=0.98s Sys=0.00s Real=0.18s
.. (rIR:aIR:PR = 9238:9390:9390) (tPR = 140166) [OK] 
   337s:       rampup IR =  10393 [338.323s][info][gc,start       ] GC(107) Pause Young (Concurrent Start) (G1 Evacuation Pause)
[338.323s][info][gc,task        ] GC(107) Using 6 workers of 6 for evacuation
[338.448s][info][gc,phases      ] GC(107)   Pre Evacuate Collection Set: 0.39ms
[338.448s][info][gc,phases      ] GC(107)   Merge Heap Roots: 0.64ms
[338.448s][info][gc,phases      ] GC(107)   Evacuate Collection Set: 123.14ms
[338.448s][info][gc,phases      ] GC(107)   Post Evacuate Collection Set: 0.98ms
[338.448s][info][gc,phases      ] GC(107)   Other: 0.10ms
[338.448s][info][gc,heap        ] GC(107) Eden regions: 1114->0(1118)
[338.448s][info][gc,heap        ] GC(107) Survivor regions: 114->110(154)
[338.448s][info][gc,heap        ] GC(107) Old regions: 463->496
[338.448s][info][gc,heap        ] GC(107) Humongous regions: 77->77
[338.448s][info][gc,metaspace   ] GC(107) Metaspace: 28804K(29120K)->28804K(29120K) NonClass: 23921K(24064K)->23921K(24064K) Class: 4883K(5056K)->4883K(5056K)
[338.448s][info][gc             ] GC(107) Pause Young (Concurrent Start) (G1 Evacuation Pause) 3534M->1364M(4096M) 125.390ms
[338.448s][info][gc             ] GC(108) Concurrent Mark Cycle
[338.448s][info][gc,marking     ] GC(108) Concurrent Scan Root Regions
[338.448s][info][gc,cpu         ] GC(107) User=0.75s Sys=0.00s Real=0.12s
[338.650s][info][gc,marking     ] GC(108) Concurrent Scan Root Regions 201.678ms
[338.650s][info][gc,marking     ] GC(108) Concurrent Mark
[338.650s][info][gc,marking     ] GC(108) Concurrent Mark From Roots
[338.650s][info][gc,task        ] GC(108) Using 2 workers of 2 for marking
.[339.606s][info][gc,marking     ] GC(108) Concurrent Mark From Roots 956.043ms
[339.606s][info][gc,marking     ] GC(108) Concurrent Preclean
[339.606s][info][gc,marking     ] GC(108) Concurrent Preclean 0.098ms
[339.608s][info][gc,start       ] GC(108) Pause Remark
[339.613s][info][gc             ] GC(108) Pause Remark 2488M->2488M(4096M) 4.663ms
[339.613s][info][gc,cpu         ] GC(108) User=0.03s Sys=0.00s Real=0.01s
[339.613s][info][gc,marking     ] GC(108) Concurrent Mark 962.878ms
[339.613s][info][gc,marking     ] GC(108) Concurrent Rebuild Remembered Sets and Scrub Regions
.[339.961s][info][gc,marking     ] GC(108) Concurrent Rebuild Remembered Sets and Scrub Regions 347.597ms
[339.963s][info][gc,start       ] GC(108) Pause Cleanup
[339.963s][info][gc             ] GC(108) Pause Cleanup 2832M->2832M(4096M) 0.159ms
[339.963s][info][gc,cpu         ] GC(108) User=0.00s Sys=0.00s Real=0.00s
[339.963s][info][gc,marking     ] GC(108) Concurrent Clear Claimed Marks
[339.963s][info][gc,marking     ] GC(108) Concurrent Clear Claimed Marks 0.032ms
[339.963s][info][gc,marking     ] GC(108) Concurrent Cleanup for Next Mark
[339.968s][info][gc,marking     ] GC(108) Concurrent Cleanup for Next Mark 4.623ms
[339.968s][info][gc             ] GC(108) Concurrent Mark Cycle 1519.637ms
[340.445s][info][gc,start       ] GC(109) Pause Young (Prepare Mixed) (G1 Evacuation Pause)
[340.446s][info][gc,task        ] GC(109) Using 6 workers of 6 for evacuation
[340.618s][info][gc,phases      ] GC(109)   Pre Evacuate Collection Set: 0.35ms
[340.618s][info][gc,phases      ] GC(109)   Merge Heap Roots: 0.53ms
[340.618s][info][gc,phases      ] GC(109)   Evacuate Collection Set: 170.56ms
[340.618s][info][gc,phases      ] GC(109)   Post Evacuate Collection Set: 0.94ms
[340.618s][info][gc,phases      ] GC(109)   Other: 0.09ms
[340.618s][info][gc,heap        ] GC(109) Eden regions: 1118->0(1103)
[340.618s][info][gc,heap        ] GC(109) Survivor regions: 110->119(154)
[340.618s][info][gc,heap        ] GC(109) Old regions: 496->527
[340.618s][info][gc,heap        ] GC(109) Humongous regions: 77->77
[340.618s][info][gc,metaspace   ] GC(109) Metaspace: 28804K(29120K)->28804K(29120K) NonClass: 23921K(24064K)->23921K(24064K) Class: 4883K(5056K)->4883K(5056K)
[340.618s][info][gc             ] GC(109) Pause Young (Prepare Mixed) (G1 Evacuation Pause) 3600M->1445M(4096M) 172.640ms
[340.618s][info][gc,cpu         ] GC(109) User=0.75s Sys=0.00s Real=0.17s
..[342.147s][info][gc,start       ] GC(110) Pause Young (Mixed) (G1 Evacuation Pause)
[342.147s][info][gc,task        ] GC(110) Using 6 workers of 6 for evacuation
[342.309s][info][gc,phases      ] GC(110)   Pre Evacuate Collection Set: 0.37ms
[342.309s][info][gc,phases      ] GC(110)   Merge Heap Roots: 0.66ms
[342.309s][info][gc,phases      ] GC(110)   Evacuate Collection Set: 143.45ms
[342.309s][info][gc,phases      ] GC(110)   Merge Optional Heap Roots: 0.83ms
[342.309s][info][gc,phases      ] GC(110)   Evacuate Optional Collection Set: 15.81ms
[342.309s][info][gc,phases      ] GC(110)   Post Evacuate Collection Set: 1.16ms
[342.309s][info][gc,phases      ] GC(110)   Other: 0.10ms
[342.309s][info][gc,heap        ] GC(110) Eden regions: 1103->0(1108)
[342.309s][info][gc,heap        ] GC(110) Survivor regions: 119->120(153)
[342.309s][info][gc,heap        ] GC(110) Old regions: 527->464
[342.309s][info][gc,heap        ] GC(110) Humongous regions: 77->77
[342.309s][info][gc,metaspace   ] GC(110) Metaspace: 28804K(29120K)->28804K(29120K) NonClass: 23921K(24064K)->23921K(24064K) Class: 4883K(5056K)->4883K(5056K)
[342.309s][info][gc             ] GC(110) Pause Young (Mixed) (G1 Evacuation Pause) 3651M->1320M(4096M) 162.524ms
[342.309s][info][gc,cpu         ] GC(110) User=0.96s Sys=0.00s Real=0.16s
.[343.805s][info][gc,start       ] GC(111) Pause Young (Concurrent Start) (G1 Evacuation Pause)
[343.805s][info][gc,task        ] GC(111) Using 6 workers of 6 for evacuation
[343.933s][info][gc,phases      ] GC(111)   Pre Evacuate Collection Set: 0.35ms
[343.933s][info][gc,phases      ] GC(111)   Merge Heap Roots: 0.54ms
[343.933s][info][gc,phases      ] GC(111)   Evacuate Collection Set: 126.67ms
[343.933s][info][gc,phases      ] GC(111)   Post Evacuate Collection Set: 0.90ms
[343.933s][info][gc,phases      ] GC(111)   Other: 0.11ms
[343.933s][info][gc,heap        ] GC(111) Eden regions: 1108->0(1113)
[343.933s][info][gc,heap        ] GC(111) Survivor regions: 120->115(154)
[343.933s][info][gc,heap        ] GC(111) Old regions: 464->497
[343.933s][info][gc,heap        ] GC(111) Humongous regions: 77->77
[343.933s][info][gc,metaspace   ] GC(111) Metaspace: 28804K(29120K)->28804K(29120K) NonClass: 23921K(24064K)->23921K(24064K) Class: 4883K(5056K)->4883K(5056K)
[343.934s][info][gc             ] GC(111) Pause Young (Concurrent Start) (G1 Evacuation Pause) 3536M->1377M(4096M) 128.700ms
[343.934s][info][gc             ] GC(112) Concurrent Mark Cycle
[343.934s][info][gc,marking     ] GC(112) Concurrent Scan Root Regions
[343.934s][info][gc,cpu         ] GC(111) User=0.76s Sys=0.00s Real=0.13s
. (rIR:aIR:PR = 10393:10126:10259) (tPR = 153220) [OK] 
   343s:       rampup IR =  11548 [344.121s][info][gc,marking     ] GC(112) Concurrent Scan Root Regions 187.156ms
[344.121s][info][gc,marking     ] GC(112) Concurrent Mark
[344.121s][info][gc,marking     ] GC(112) Concurrent Mark From Roots
[344.121s][info][gc,task        ] GC(112) Using 2 workers of 2 for marking
[345.070s][info][gc,marking     ] GC(112) Concurrent Mark From Roots 949.437ms
[345.070s][info][gc,marking     ] GC(112) Concurrent Preclean
[345.070s][info][gc,marking     ] GC(112) Concurrent Preclean 0.051ms
[345.072s][info][gc,start       ] GC(112) Pause Remark
[345.077s][info][gc             ] GC(112) Pause Remark 2391M->2391M(4096M) 4.998ms
[345.077s][info][gc,cpu         ] GC(112) User=0.02s Sys=0.00s Real=0.00s
[345.077s][info][gc,marking     ] GC(112) Concurrent Mark 956.662ms
[345.077s][info][gc,marking     ] GC(112) Concurrent Rebuild Remembered Sets and Scrub Regions
.[345.548s][info][gc,marking     ] GC(112) Concurrent Rebuild Remembered Sets and Scrub Regions 470.460ms
[345.550s][info][gc,start       ] GC(112) Pause Cleanup
[345.550s][info][gc             ] GC(112) Pause Cleanup 2909M->2909M(4096M) 0.159ms
[345.550s][info][gc,cpu         ] GC(112) User=0.00s Sys=0.00s Real=0.00s
[345.550s][info][gc,marking     ] GC(112) Concurrent Clear Claimed Marks
[345.550s][info][gc,marking     ] GC(112) Concurrent Clear Claimed Marks 0.038ms
[345.550s][info][gc,marking     ] GC(112) Concurrent Cleanup for Next Mark
[345.556s][info][gc,marking     ] GC(112) Concurrent Cleanup for Next Mark 5.266ms
[345.556s][info][gc             ] GC(112) Concurrent Mark Cycle 1622.266ms
[345.961s][info][gc,start       ] GC(113) Pause Young (Prepare Mixed) (G1 Evacuation Pause)
[345.961s][info][gc,task        ] GC(113) Using 6 workers of 6 for evacuation
[346.085s][info][gc,phases      ] GC(113)   Pre Evacuate Collection Set: 0.36ms
[346.085s][info][gc,phases      ] GC(113)   Merge Heap Roots: 0.60ms
[346.085s][info][gc,phases      ] GC(113)   Evacuate Collection Set: 121.13ms
[346.085s][info][gc,phases      ] GC(113)   Post Evacuate Collection Set: 0.96ms
[346.085s][info][gc,phases      ] GC(113)   Other: 0.83ms
[346.085s][info][gc,heap        ] GC(113) Eden regions: 1113->0(1107)
[346.085s][info][gc,heap        ] GC(113) Survivor regions: 115->116(154)
[346.085s][info][gc,heap        ] GC(113) Old regions: 497->529
[346.085s][info][gc,heap        ] GC(113) Humongous regions: 77->77
[346.085s][info][gc,metaspace   ] GC(113) Metaspace: 28809K(29120K)->28809K(29120K) NonClass: 23925K(24064K)->23925K(24064K) Class: 4883K(5056K)->4883K(5056K)
[346.085s][info][gc             ] GC(113) Pause Young (Prepare Mixed) (G1 Evacuation Pause) 3603M->1442M(4096M) 124.039ms
[346.085s][info][gc,cpu         ] GC(113) User=0.74s Sys=0.00s Real=0.12s
.[347.673s][info][gc,start       ] GC(114) Pause Young (Mixed) (G1 Evacuation Pause)
[347.673s][info][gc,task        ] GC(114) Using 6 workers of 6 for evacuation
[347.828s][info][gc,phases      ] GC(114)   Pre Evacuate Collection Set: 0.36ms
[347.828s][info][gc,phases      ] GC(114)   Merge Heap Roots: 0.77ms
[347.828s][info][gc,phases      ] GC(114)   Evacuate Collection Set: 142.78ms
[347.828s][info][gc,phases      ] GC(114)   Merge Optional Heap Roots: 0.23ms
[347.828s][info][gc,phases      ] GC(114)   Evacuate Optional Collection Set: 10.20ms
[347.828s][info][gc,phases      ] GC(114)   Post Evacuate Collection Set: 0.87ms
[347.828s][info][gc,phases      ] GC(114)   Other: 0.09ms
[347.828s][info][gc,heap        ] GC(114) Eden regions: 1107->0(1117)
[347.828s][info][gc,heap        ] GC(114) Survivor regions: 116->111(153)
[347.828s][info][gc,heap        ] GC(114) Old regions: 529->467
[347.828s][info][gc,heap        ] GC(114) Humongous regions: 77->77
[347.828s][info][gc,metaspace   ] GC(114) Metaspace: 28809K(29120K)->28809K(29120K) NonClass: 23926K(24064K)->23926K(24064K) Class: 4883K(5056K)->4883K(5056K)
[347.828s][info][gc             ] GC(114) Pause Young (Mixed) (G1 Evacuation Pause) 3656M->1307M(4096M) 155.439ms
[347.828s][info][gc,cpu         ] GC(114) User=0.93s Sys=0.00s Real=0.15s
..[349.335s][info][gc,start       ] GC(115) Pause Young (Concurrent Start) (G1 Evacuation Pause)
[349.335s][info][gc,task        ] GC(115) Using 6 workers of 6 for evacuation
[349.463s][info][gc,phases      ] GC(115)   Pre Evacuate Collection Set: 0.37ms
[349.463s][info][gc,phases      ] GC(115)   Merge Heap Roots: 0.49ms
[349.463s][info][gc,phases      ] GC(115)   Evacuate Collection Set: 125.29ms
[349.463s][info][gc,phases      ] GC(115)   Post Evacuate Collection Set: 0.94ms
[349.463s][info][gc,phases      ] GC(115)   Other: 0.11ms
[349.463s][info][gc,heap        ] GC(115) Eden regions: 1117->0(1114)
[349.463s][info][gc,heap        ] GC(115) Survivor regions: 111->114(154)
[349.463s][info][gc,heap        ] GC(115) Old regions: 467->500
[349.463s][info][gc,heap        ] GC(115) Humongous regions: 77->77
[349.463s][info][gc,metaspace   ] GC(115) Metaspace: 28809K(29120K)->28809K(29120K) NonClass: 23926K(24064K)->23926K(24064K) Class: 4883K(5056K)->4883K(5056K)
[349.463s][info][gc             ] GC(115) Pause Young (Concurrent Start) (G1 Evacuation Pause) 3541M->1381M(4096M) 127.333ms
[349.463s][info][gc             ] GC(116) Concurrent Mark Cycle
[349.463s][info][gc,marking     ] GC(116) Concurrent Scan Root Regions
[349.463s][info][gc,cpu         ] GC(115) User=0.75s Sys=0.00s Real=0.13s
[349.743s][info][gc,marking     ] GC(116) Concurrent Scan Root Regions 280.225ms
[349.743s][info][gc,marking     ] GC(116) Concurrent Mark
[349.743s][info][gc,marking     ] GC(116) Concurrent Mark From Roots
[349.743s][info][gc,task        ] GC(116) Using 2 workers of 2 for marking
.[351.121s][info][gc,marking     ] GC(116) Concurrent Mark From Roots 1377.719ms
[351.121s][info][gc,marking     ] GC(116) Concurrent Preclean
[351.121s][info][gc,marking     ] GC(116) Concurrent Preclean 0.079ms
[351.122s][info][gc,start       ] GC(116) Pause Remark
[351.127s][info][gc             ] GC(116) Pause Remark 3211M->3211M(4096M) 5.365ms
[351.128s][info][gc,cpu         ] GC(116) User=0.03s Sys=0.00s Real=0.00s
[351.128s][info][gc,marking     ] GC(116) Concurrent Mark 1384.594ms
[351.128s][info][gc,marking     ] GC(116) Concurrent Rebuild Remembered Sets and Scrub Regions
[351.544s][info][gc,start       ] GC(117) Pause Young (Normal) (G1 Evacuation Pause)
[351.544s][info][gc,task        ] GC(117) Using 6 workers of 6 for evacuation
[351.670s][info][gc,phases      ] GC(117)   Pre Evacuate Collection Set: 0.33ms
[351.670s][info][gc,phases      ] GC(117)   Merge Heap Roots: 0.53ms
[351.670s][info][gc,phases      ] GC(117)   Evacuate Collection Set: 123.79ms
[351.670s][info][gc,phases      ] GC(117)   Post Evacuate Collection Set: 0.99ms
[351.670s][info][gc,phases      ] GC(117)   Other: 0.09ms
[351.670s][info][gc,heap        ] GC(117) Eden regions: 1114->0(1099)
[351.670s][info][gc,heap        ] GC(117) Survivor regions: 114->119(154)
[351.670s][info][gc,heap        ] GC(117) Old regions: 500->531
[351.670s][info][gc,heap        ] GC(117) Humongous regions: 77->77
[351.670s][info][gc,metaspace   ] GC(117) Metaspace: 28809K(29120K)->28809K(29120K) NonClass: 23926K(24064K)->23926K(24064K) Class: 4883K(5056K)->4883K(5056K)
[351.670s][info][gc             ] GC(117) Pause Young (Normal) (G1 Evacuation Pause) 3609M->1453M(4096M) 125.864ms
[351.670s][info][gc,cpu         ] GC(117) User=0.75s Sys=0.00s Real=0.12s
[351.671s][info][gc,marking     ] GC(116) Concurrent Rebuild Remembered Sets and Scrub Regions 543.878ms
[351.672s][info][gc,start       ] GC(116) Pause Cleanup
[351.672s][info][gc             ] GC(116) Pause Cleanup 1457M->1457M(4096M) 0.102ms
[351.672s][info][gc,cpu         ] GC(116) User=0.00s Sys=0.00s Real=0.00s
[351.672s][info][gc,marking     ] GC(116) Concurrent Clear Claimed Marks
[351.672s][info][gc,marking     ] GC(116) Concurrent Clear Claimed Marks 0.026ms
[351.672s][info][gc,marking     ] GC(116) Concurrent Cleanup for Next Mark
[351.676s][info][gc,marking     ] GC(116) Concurrent Cleanup for Next Mark 4.494ms
[351.676s][info][gc             ] GC(116) Concurrent Mark Cycle 2213.661ms
..[353.031s][info][gc,start       ] GC(118) Pause Young (Prepare Mixed) (G1 Evacuation Pause)
[353.031s][info][gc,task        ] GC(118) Using 6 workers of 6 for evacuation
[353.160s][info][gc,phases      ] GC(118)   Pre Evacuate Collection Set: 0.32ms
[353.160s][info][gc,phases      ] GC(118)   Merge Heap Roots: 0.51ms
[353.160s][info][gc,phases      ] GC(118)   Evacuate Collection Set: 127.14ms
[353.160s][info][gc,phases      ] GC(118)   Post Evacuate Collection Set: 0.93ms
[353.160s][info][gc,phases      ] GC(118)   Other: 0.09ms
[353.160s][info][gc,heap        ] GC(118) Eden regions: 1099->0(1067)
[353.160s][info][gc,heap        ] GC(118) Survivor regions: 119->120(153)
[353.160s][info][gc,heap        ] GC(118) Old regions: 531->561
[353.160s][info][gc,heap        ] GC(118) Humongous regions: 77->77
[353.160s][info][gc,metaspace   ] GC(118) Metaspace: 28811K(29120K)->28811K(29120K) NonClass: 23927K(24064K)->23927K(24064K) Class: 4883K(5056K)->4883K(5056K)
[353.160s][info][gc             ] GC(118) Pause Young (Prepare Mixed) (G1 Evacuation Pause) 3651M->1514M(4096M) 129.117ms
[353.160s][info][gc,cpu         ] GC(118) User=0.77s Sys=0.00s Real=0.13s
.[354.736s][info][gc,start       ] GC(119) Pause Young (Mixed) (G1 Evacuation Pause)
[354.736s][info][gc,task        ] GC(119) Using 6 workers of 6 for evacuation
[354.884s][info][gc,phases      ] GC(119)   Pre Evacuate Collection Set: 0.36ms
[354.884s][info][gc,phases      ] GC(119)   Merge Heap Roots: 0.73ms
[354.884s][info][gc,phases      ] GC(119)   Evacuate Collection Set: 145.15ms
[354.884s][info][gc,phases      ] GC(119)   Post Evacuate Collection Set: 0.96ms
[354.884s][info][gc,phases      ] GC(119)   Other: 0.09ms
[354.884s][info][gc,heap        ] GC(119) Eden regions: 1067->0(1110)
[354.884s][info][gc,heap        ] GC(119) Survivor regions: 120->118(149)
[354.884s][info][gc,heap        ] GC(119) Old regions: 561->498
[354.884s][info][gc,heap        ] GC(119) Humongous regions: 77->77
[354.884s][info][gc,metaspace   ] GC(119) Metaspace: 28811K(29120K)->28811K(29120K) NonClass: 23928K(24064K)->23928K(24064K) Class: 4883K(5056K)->4883K(5056K)
[354.884s][info][gc             ] GC(119) Pause Young (Mixed) (G1 Evacuation Pause) 3648M->1384M(4096M) 147.417ms
[354.884s][info][gc,cpu         ] GC(119) User=0.87s Sys=0.00s Real=0.15s
.[356.219s][info][gc,start       ] GC(120) Pause Young (Concurrent Start) (G1 Evacuation Pause)
[356.219s][info][gc,task        ] GC(120) Using 6 workers of 6 for evacuation
[356.350s][info][gc,phases      ] GC(120)   Pre Evacuate Collection Set: 0.38ms
[356.350s][info][gc,phases      ] GC(120)   Merge Heap Roots: 0.57ms
[356.350s][info][gc,phases      ] GC(120)   Evacuate Collection Set: 127.85ms
[356.350s][info][gc,phases      ] GC(120)   Post Evacuate Collection Set: 0.97ms
[356.350s][info][gc,phases      ] GC(120)   Other: 0.86ms
[356.350s][info][gc,heap        ] GC(120) Eden regions: 1110->0(1101)
[356.350s][info][gc,heap        ] GC(120) Survivor regions: 118->118(154)
[356.350s][info][gc,heap        ] GC(120) Old regions: 498->531
[356.350s][info][gc,heap        ] GC(120) Humongous regions: 77->77
[356.350s][info][gc,metaspace   ] GC(120) Metaspace: 28814K(29120K)->28814K(29120K) NonClass: 23931K(24064K)->23931K(24064K) Class: 4883K(5056K)->4883K(5056K)
[356.350s][info][gc             ] GC(120) Pause Young (Concurrent Start) (G1 Evacuation Pause) 3604M->1450M(4096M) 130.775ms
[356.350s][info][gc             ] GC(121) Concurrent Mark Cycle
[356.350s][info][gc,marking     ] GC(121) Concurrent Scan Root Regions
[356.350s][info][gc,cpu         ] GC(120) User=0.77s Sys=0.00s Real=0.13s
[356.744s][info][gc,marking     ] GC(121) Concurrent Scan Root Regions 393.879ms
[356.744s][info][gc,marking     ] GC(121) Concurrent Mark
[356.744s][info][gc,marking     ] GC(121) Concurrent Mark From Roots
[356.744s][info][gc,task        ] GC(121) Using 2 workers of 2 for marking
..[357.813s][info][gc,marking     ] GC(121) Concurrent Mark From Roots 1069.080ms
[357.813s][info][gc,marking     ] GC(121) Concurrent Preclean
[357.813s][info][gc,marking     ] GC(121) Concurrent Preclean 0.069ms
[357.817s][info][gc,start       ] GC(121) Pause Remark
[357.821s][info][gc             ] GC(121) Pause Remark 2666M->2666M(4096M) 4.727ms
[357.821s][info][gc,cpu         ] GC(121) User=0.02s Sys=0.00s Real=0.01s
[357.822s][info][gc,marking     ] GC(121) Concurrent Mark 1077.764ms
[357.822s][info][gc,marking     ] GC(121) Concurrent Rebuild Remembered Sets and Scrub Regions
[358.455s][info][gc,start       ] GC(122) Pause Young (Normal) (G1 Evacuation Pause)
[358.455s][info][gc,task        ] GC(122) Using 6 workers of 6 for evacuation
[358.627s][info][gc,phases      ] GC(122)   Pre Evacuate Collection Set: 0.29ms
[358.627s][info][gc,phases      ] GC(122)   Merge Heap Roots: 0.50ms
[358.627s][info][gc,phases      ] GC(122)   Evacuate Collection Set: 170.91ms
[358.628s][info][gc,phases      ] GC(122)   Post Evacuate Collection Set: 0.97ms
[358.628s][info][gc,phases      ] GC(122)   Other: 0.09ms
[358.628s][info][gc,heap        ] GC(122) Eden regions: 1101->0(1091)
[358.628s][info][gc,heap        ] GC(122) Survivor regions: 118->75(153)
[358.628s][info][gc,heap        ] GC(122) Old regions: 531->610
[358.628s][info][gc,heap        ] GC(122) Humongous regions: 77->77
[358.628s][info][gc,metaspace   ] GC(122) Metaspace: 28816K(29120K)->28816K(29120K) NonClass: 23932K(24064K)->23932K(24064K) Class: 4883K(5056K)->4883K(5056K)
[358.628s][info][gc             ] GC(122) Pause Young (Normal) (G1 Evacuation Pause) 3652M->1522M(4096M) 172.885ms
[358.628s][info][gc,cpu         ] GC(122) User=0.75s Sys=0.00s Real=0.17s
[358.720s][info][gc,marking     ] GC(121) Concurrent Rebuild Remembered Sets and Scrub Regions 898.293ms
[358.720s][info][gc,start       ] GC(121) Pause Cleanup
[358.720s][info][gc             ] GC(121) Pause Cleanup 1614M->1614M(4096M) 0.143ms
[358.720s][info][gc,cpu         ] GC(121) User=0.00s Sys=0.00s Real=0.00s
[358.720s][info][gc,marking     ] GC(121) Concurrent Clear Claimed Marks
[358.720s][info][gc,marking     ] GC(121) Concurrent Clear Claimed Marks 0.031ms
[358.720s][info][gc,marking     ] GC(121) Concurrent Cleanup for Next Mark
[358.726s][info][gc,marking     ] GC(121) Concurrent Cleanup for Next Mark 5.265ms
[358.726s][info][gc             ] GC(121) Concurrent Mark Cycle 2375.791ms
..[360.079s][info][gc,start       ] GC(123) Pause Young (Prepare Mixed) (G1 Evacuation Pause)
[360.079s][info][gc,task        ] GC(123) Using 6 workers of 6 for evacuation
[360.173s][info][gc,phases      ] GC(123)   Pre Evacuate Collection Set: 0.40ms
[360.173s][info][gc,phases      ] GC(123)   Merge Heap Roots: 0.55ms
[360.173s][info][gc,phases      ] GC(123)   Evacuate Collection Set: 92.43ms
[360.173s][info][gc,phases      ] GC(123)   Post Evacuate Collection Set: 0.90ms
[360.173s][info][gc,phases      ] GC(123)   Other: 0.09ms
[360.173s][info][gc,heap        ] GC(123) Eden regions: 1091->0(1066)
[360.173s][info][gc,heap        ] GC(123) Survivor regions: 75->65(146)
[360.173s][info][gc,heap        ] GC(123) Old regions: 610->654
[360.173s][info][gc,heap        ] GC(123) Humongous regions: 77->77
[360.173s][info][gc,metaspace   ] GC(123) Metaspace: 28816K(29120K)->28816K(29120K) NonClass: 23932K(24064K)->23932K(24064K) Class: 4883K(5056K)->4883K(5056K)
[360.173s][info][gc             ] GC(123) Pause Young (Prepare Mixed) (G1 Evacuation Pause) 3704M->1590M(4096M) 94.485ms
[360.173s][info][gc,cpu         ] GC(123) User=0.56s Sys=0.00s Real=0.10s
.[361.616s][info][gc,start       ] GC(124) Pause Young (Mixed) (G1 Evacuation Pause)
[361.616s][info][gc,task        ] GC(124) Using 6 workers of 6 for evacuation
[361.748s][info][gc,phases      ] GC(124)   Pre Evacuate Collection Set: 0.43ms
[361.748s][info][gc,phases      ] GC(124)   Merge Heap Roots: 1.00ms
[361.748s][info][gc,phases      ] GC(124)   Evacuate Collection Set: 129.41ms
[361.748s][info][gc,phases      ] GC(124)   Post Evacuate Collection Set: 0.92ms
[361.748s][info][gc,phases      ] GC(124)   Other: 0.83ms
[361.748s][info][gc,heap        ] GC(124) Eden regions: 1066->0(1104)
[361.748s][info][gc,heap        ] GC(124) Survivor regions: 65->120(142)
[361.748s][info][gc,heap        ] GC(124) Old regions: 654->524
[361.748s][info][gc,heap        ] GC(124) Humongous regions: 77->77
[361.748s][info][gc,metaspace   ] GC(124) Metaspace: 28819K(29120K)->28819K(29120K) NonClass: 23936K(24064K)->23936K(24064K) Class: 4883K(5056K)->4883K(5056K)
[361.748s][info][gc             ] GC(124) Pause Young (Mixed) (G1 Evacuation Pause) 3722M->1440M(4096M) 132.730ms
[361.748s][info][gc,cpu         ] GC(124) User=0.79s Sys=0.00s Real=0.13s
.[363.167s][info][gc,start       ] GC(125) Pause Young (Concurrent Start) (G1 Evacuation Pause)
[363.167s][info][gc,task        ] GC(125) Using 6 workers of 6 for evacuation
[363.293s][info][gc,phases      ] GC(125)   Pre Evacuate Collection Set: 0.37ms
[363.293s][info][gc,phases      ] GC(125)   Merge Heap Roots: 0.50ms
[363.293s][info][gc,phases      ] GC(125)   Evacuate Collection Set: 124.02ms
[363.293s][info][gc,phases      ] GC(125)   Post Evacuate Collection Set: 0.93ms
[363.293s][info][gc,phases      ] GC(125)   Other: 0.10ms
[363.293s][info][gc,heap        ] GC(125) Eden regions: 1104->0(1079)
[363.293s][info][gc,heap        ] GC(125) Survivor regions: 120->116(153)
[363.293s][info][gc,heap        ] GC(125) Old regions: 524->557
[363.293s][info][gc,heap        ] GC(125) Humongous regions: 77->77
[363.293s][info][gc,metaspace   ] GC(125) Metaspace: 28821K(29120K)->28821K(29120K) NonClass: 23937K(24064K)->23937K(24064K) Class: 4883K(5056K)->4883K(5056K)
[363.293s][info][gc             ] GC(125) Pause Young (Concurrent Start) (G1 Evacuation Pause) 3648M->1499M(4096M) 126.053ms
[363.293s][info][gc             ] GC(126) Concurrent Mark Cycle
[363.293s][info][gc,marking     ] GC(126) Concurrent Scan Root Regions
[363.293s][info][gc,cpu         ] GC(125) User=0.74s Sys=0.00s Real=0.13s
[363.536s][info][gc,marking     ] GC(126) Concurrent Scan Root Regions 242.764ms
[363.536s][info][gc,marking     ] GC(126) Concurrent Mark
[363.536s][info][gc,marking     ] GC(126) Concurrent Mark From Roots
[363.536s][info][gc,task        ] GC(126) Using 2 workers of 2 for marking
.[364.985s][info][gc,marking     ] GC(126) Concurrent Mark From Roots 1449.041ms
[364.985s][info][gc,marking     ] GC(126) Concurrent Preclean
[364.985s][info][gc,marking     ] GC(126) Concurrent Preclean 0.067ms
[364.991s][info][gc,start       ] GC(126) Pause Remark
[364.994s][info][gc             ] GC(126) Pause Remark 3023M->3023M(4096M) 2.790ms
[364.994s][info][gc,cpu         ] GC(126) User=0.01s Sys=0.00s Real=0.00s
[364.994s][info][gc,marking     ] GC(126) Concurrent Mark 1458.132ms
[364.994s][info][gc,marking     ] GC(126) Concurrent Rebuild Remembered Sets and Scrub Regions
[365.383s][info][gc,marking     ] GC(126) Concurrent Rebuild Remembered Sets and Scrub Regions 388.385ms
[365.383s][info][gc,start       ] GC(126) Pause Cleanup
[365.383s][info][gc             ] GC(126) Pause Cleanup 3507M->3507M(4096M) 0.170ms
[365.383s][info][gc,cpu         ] GC(126) User=0.00s Sys=0.00s Real=0.00s
[365.383s][info][gc,marking     ] GC(126) Concurrent Clear Claimed Marks
[365.383s][info][gc,marking     ] GC(126) Concurrent Clear Claimed Marks 0.032ms
[365.383s][info][gc,marking     ] GC(126) Concurrent Cleanup for Next Mark
.[365.392s][info][gc,marking     ] GC(126) Concurrent Cleanup for Next Mark 8.757ms
[365.392s][info][gc             ] GC(126) Concurrent Mark Cycle 2098.720ms
[365.556s][info][gc,start       ] GC(127) Pause Young (Prepare Mixed) (G1 Evacuation Pause)
[365.556s][info][gc,task        ] GC(127) Using 6 workers of 6 for evacuation
[365.671s][info][gc,phases      ] GC(127)   Pre Evacuate Collection Set: 0.33ms
[365.671s][info][gc,phases      ] GC(127)   Merge Heap Roots: 0.50ms
[365.671s][info][gc,phases      ] GC(127)   Evacuate Collection Set: 113.24ms
[365.671s][info][gc,phases      ] GC(127)   Post Evacuate Collection Set: 0.98ms
[365.671s][info][gc,phases      ] GC(127)   Other: 0.09ms
[365.671s][info][gc,heap        ] GC(127) Eden regions: 1079->0(1063)
[365.671s][info][gc,heap        ] GC(127) Survivor regions: 116->107(150)
[365.671s][info][gc,heap        ] GC(127) Old regions: 557->591
[365.671s][info][gc,heap        ] GC(127) Humongous regions: 77->77
[365.671s][info][gc,metaspace   ] GC(127) Metaspace: 28821K(29120K)->28821K(29120K) NonClass: 23937K(24064K)->23937K(24064K) Class: 4883K(5056K)->4883K(5056K)
[365.671s][info][gc             ] GC(127) Pause Young (Prepare Mixed) (G1 Evacuation Pause) 3657M->1547M(4096M) 115.275ms
[365.671s][info][gc,cpu         ] GC(127) User=0.68s Sys=0.01s Real=0.12s
.[366.927s][info][gc,start       ] GC(128) Pause Young (Mixed) (G1 Evacuation Pause)
[366.927s][info][gc,task        ] GC(128) Using 6 workers of 6 for evacuation
[367.072s][info][gc,phases      ] GC(128)   Pre Evacuate Collection Set: 0.42ms
[367.072s][info][gc,phases      ] GC(128)   Merge Heap Roots: 0.69ms
[367.072s][info][gc,phases      ] GC(128)   Evacuate Collection Set: 143.16ms
[367.072s][info][gc,phases      ] GC(128)   Post Evacuate Collection Set: 1.05ms
[367.072s][info][gc,phases      ] GC(128)   Other: 0.09ms
[367.072s][info][gc,heap        ] GC(128) Eden regions: 1063->0(1113)
[367.072s][info][gc,heap        ] GC(128) Survivor regions: 107->115(147)
[367.072s][info][gc,heap        ] GC(128) Old regions: 591->470
[367.072s][info][gc,heap        ] GC(128) Humongous regions: 77->77
[367.072s][info][gc,metaspace   ] GC(128) Metaspace: 28821K(29120K)->28821K(29120K) NonClass: 23937K(24064K)->23937K(24064K) Class: 4883K(5056K)->4883K(5056K)
[367.072s][info][gc             ] GC(128) Pause Young (Mixed) (G1 Evacuation Pause) 3673M->1322M(4096M) 145.560ms
[367.072s][info][gc,cpu         ] GC(128) User=0.86s Sys=0.00s Real=0.15s
.[368.535s][info][gc,start       ] GC(129) Pause Young (Concurrent Start) (G1 Evacuation Pause)
[368.535s][info][gc,task        ] GC(129) Using 6 workers of 6 for evacuation
[368.662s][info][gc,phases      ] GC(129)   Pre Evacuate Collection Set: 0.37ms
[368.662s][info][gc,phases      ] GC(129)   Merge Heap Roots: 0.49ms
[368.662s][info][gc,phases      ] GC(129)   Evacuate Collection Set: 125.59ms
[368.662s][info][gc,phases      ] GC(129)   Post Evacuate Collection Set: 0.92ms
[368.662s][info][gc,phases      ] GC(129)   Other: 0.10ms
[368.662s][info][gc,heap        ] GC(129) Eden regions: 1113->0(1104)
[368.662s][info][gc,heap        ] GC(129) Survivor regions: 115->124(154)
[368.662s][info][gc,heap        ] GC(129) Old regions: 470->499
[368.662s][info][gc,heap        ] GC(129) Humongous regions: 77->77
[368.662s][info][gc,metaspace   ] GC(129) Metaspace: 28821K(29120K)->28821K(29120K) NonClass: 23937K(24064K)->23937K(24064K) Class: 4883K(5056K)->4883K(5056K)
[368.662s][info][gc             ] GC(129) Pause Young (Concurrent Start) (G1 Evacuation Pause) 3548M->1398M(4096M) 127.622ms
[368.663s][info][gc             ] GC(130) Concurrent Mark Cycle
[368.663s][info][gc,marking     ] GC(130) Concurrent Scan Root Regions
[368.663s][info][gc,cpu         ] GC(129) User=0.76s Sys=0.00s Real=0.13s
[368.914s][info][gc,marking     ] GC(130) Concurrent Scan Root Regions 251.803ms
[368.914s][info][gc,marking     ] GC(130) Concurrent Mark
[368.914s][info][gc,marking     ] GC(130) Concurrent Mark From Roots
[368.914s][info][gc,task        ] GC(130) Using 2 workers of 2 for marking
.[370.118s][info][gc,marking     ] GC(130) Concurrent Mark From Roots 1203.499ms
[370.118s][info][gc,marking     ] GC(130) Concurrent Preclean
[370.118s][info][gc,marking     ] GC(130) Concurrent Preclean 0.066ms
[370.120s][info][gc,start       ] GC(130) Pause Remark
[370.127s][info][gc             ] GC(130) Pause Remark 2902M->2902M(4096M) 6.180ms
[370.127s][info][gc,cpu         ] GC(130) User=0.03s Sys=0.00s Real=0.01s
[370.127s][info][gc,marking     ] GC(130) Concurrent Mark 1212.497ms
[370.127s][info][gc,marking     ] GC(130) Concurrent Rebuild Remembered Sets and Scrub Regions
.[370.646s][info][gc,marking     ] GC(130) Concurrent Rebuild Remembered Sets and Scrub Regions 519.178ms
[370.646s][info][gc,start       ] GC(130) Pause Cleanup
[370.646s][info][gc             ] GC(130) Pause Cleanup 3437M->3437M(4096M) 0.128ms
[370.646s][info][gc,cpu         ] GC(130) User=0.00s Sys=0.00s Real=0.00s
[370.646s][info][gc,marking     ] GC(130) Concurrent Clear Claimed Marks
[370.646s][info][gc,marking     ] GC(130) Concurrent Clear Claimed Marks 0.029ms
[370.646s][info][gc,marking     ] GC(130) Concurrent Cleanup for Next Mark
[370.652s][info][gc,marking     ] GC(130) Concurrent Cleanup for Next Mark 5.984ms
[370.652s][info][gc             ] GC(130) Concurrent Mark Cycle 1989.993ms
[370.750s][info][gc,start       ] GC(131) Pause Young (Prepare Mixed) (G1 Evacuation Pause)
[370.750s][info][gc,task        ] GC(131) Using 6 workers of 6 for evacuation
[370.878s][info][gc,phases      ] GC(131)   Pre Evacuate Collection Set: 0.35ms
[370.878s][info][gc,phases      ] GC(131)   Merge Heap Roots: 0.56ms
[370.878s][info][gc,phases      ] GC(131)   Evacuate Collection Set: 126.60ms
[370.878s][info][gc,phases      ] GC(131)   Post Evacuate Collection Set: 0.97ms
[370.878s][info][gc,phases      ] GC(131)   Other: 0.09ms
[370.878s][info][gc,heap        ] GC(131) Eden regions: 1104->0(1092)
[370.878s][info][gc,heap        ] GC(131) Survivor regions: 124->122(154)
[370.878s][info][gc,heap        ] GC(131) Old regions: 499->532
[370.878s][info][gc,heap        ] GC(131) Humongous regions: 77->77
[370.878s][info][gc,metaspace   ] GC(131) Metaspace: 28821K(29120K)->28821K(29120K) NonClass: 23937K(24064K)->23937K(24064K) Class: 4883K(5056K)->4883K(5056K)
[370.878s][info][gc             ] GC(131) Pause Young (Prepare Mixed) (G1 Evacuation Pause) 3606M->1459M(4096M) 128.695ms
[370.878s][info][gc,cpu         ] GC(131) User=0.76s Sys=0.00s Real=0.13s
.[372.242s][info][gc,start       ] GC(132) Pause Young (Mixed) (G1 Evacuation Pause)
[372.242s][info][gc,task        ] GC(132) Using 6 workers of 6 for evacuation
[372.387s][info][gc,phases      ] GC(132)   Pre Evacuate Collection Set: 0.41ms
[372.387s][info][gc,phases      ] GC(132)   Merge Heap Roots: 0.80ms
[372.387s][info][gc,phases      ] GC(132)   Evacuate Collection Set: 141.59ms
[372.387s][info][gc,phases      ] GC(132)   Post Evacuate Collection Set: 0.95ms
[372.387s][info][gc,phases      ] GC(132)   Other: 0.87ms
[372.387s][info][gc,heap        ] GC(132) Eden regions: 1092->0(1111)
[372.387s][info][gc,heap        ] GC(132) Survivor regions: 122->117(152)
[372.387s][info][gc,heap        ] GC(132) Old regions: 532->472
[372.387s][info][gc,heap        ] GC(132) Humongous regions: 77->77
[372.387s][info][gc,metaspace   ] GC(132) Metaspace: 28821K(29120K)->28821K(29120K) NonClass: 23937K(24064K)->23937K(24064K) Class: 4883K(5056K)->4883K(5056K)
[372.387s][info][gc             ] GC(132) Pause Young (Mixed) (G1 Evacuation Pause) 3643M->1330M(4096M) 144.747ms
[372.387s][info][gc,cpu         ] GC(132) User=0.86s Sys=0.00s Real=0.14s
.[373.886s][info][gc,start       ] GC(133) Pause Young (Concurrent Start) (G1 Evacuation Pause)
[373.886s][info][gc,task        ] GC(133) Using 6 workers of 6 for evacuation
[374.019s][info][gc,phases      ] GC(133)   Pre Evacuate Collection Set: 0.37ms
[374.019s][info][gc,phases      ] GC(133)   Merge Heap Roots: 0.47ms
[374.019s][info][gc,phases      ] GC(133)   Evacuate Collection Set: 131.48ms
[374.019s][info][gc,phases      ] GC(133)   Post Evacuate Collection Set: 0.91ms
[374.019s][info][gc,phases      ] GC(133)   Other: 0.12ms
[374.019s][info][gc,heap        ] GC(133) Eden regions: 1111->0(1104)
[374.019s][info][gc,heap        ] GC(133) Survivor regions: 117->124(154)
[374.019s][info][gc,heap        ] GC(133) Old regions: 472->504
[374.019s][info][gc,heap        ] GC(133) Humongous regions: 77->77
[374.019s][info][gc,metaspace   ] GC(133) Metaspace: 28827K(29120K)->28827K(29120K) NonClass: 23943K(24064K)->23943K(24064K) Class: 4883K(5056K)->4883K(5056K)
[374.019s][info][gc             ] GC(133) Pause Young (Concurrent Start) (G1 Evacuation Pause) 3552M->1408M(4096M) 133.473ms
[374.019s][info][gc             ] GC(134) Concurrent Mark Cycle
[374.019s][info][gc,marking     ] GC(134) Concurrent Scan Root Regions
[374.019s][info][gc,cpu         ] GC(133) User=0.80s Sys=0.00s Real=0.13s
.[374.171s][info][gc,marking     ] GC(134) Concurrent Scan Root Regions 151.963ms
[374.171s][info][gc,marking     ] GC(134) Concurrent Mark
[374.171s][info][gc,marking     ] GC(134) Concurrent Mark From Roots
[374.171s][info][gc,task        ] GC(134) Using 2 workers of 2 for marking
[374.884s][info][gc,marking     ] GC(134) Concurrent Mark From Roots 712.556ms
[374.884s][info][gc,marking     ] GC(134) Concurrent Preclean
[374.884s][info][gc,marking     ] GC(134) Concurrent Preclean 0.074ms
[374.889s][info][gc,start       ] GC(134) Pause Remark
[374.892s][info][gc             ] GC(134) Pause Remark 2130M->2130M(4096M) 3.427ms
[374.892s][info][gc,cpu         ] GC(134) User=0.02s Sys=0.00s Real=0.01s
[374.893s][info][gc,marking     ] GC(134) Concurrent Mark 721.417ms
[374.893s][info][gc,marking     ] GC(134) Concurrent Rebuild Remembered Sets and Scrub Regions
.[375.264s][info][gc,marking     ] GC(134) Concurrent Rebuild Remembered Sets and Scrub Regions 371.146ms
[375.265s][info][gc,start       ] GC(134) Pause Cleanup
[375.265s][info][gc             ] GC(134) Pause Cleanup 2572M->2572M(4096M) 0.147ms
[375.265s][info][gc,cpu         ] GC(134) User=0.00s Sys=0.00s Real=0.00s
[375.266s][info][gc,marking     ] GC(134) Concurrent Clear Claimed Marks
[375.266s][info][gc,marking     ] GC(134) Concurrent Clear Claimed Marks 0.040ms
[375.266s][info][gc,marking     ] GC(134) Concurrent Cleanup for Next Mark
[375.270s][info][gc,marking     ] GC(134) Concurrent Cleanup for Next Mark 4.567ms
[375.270s][info][gc             ] GC(134) Concurrent Mark Cycle 1251.334ms
 (rIR:aIR:PR = 11548:11065:10669) (tPR = 156759) [PR is under limit] 
   375s: Re-initializing (term[376.009s][info][gc,start       ] GC(135) Pause Young (Prepare Mixed) (G1 Evacuation Pause)
[376.009s][info][gc,task        ] GC(135) Using 6 workers of 6 for evacuation
[376.135s][info][gc,phases      ] GC(135)   Pre Evacuate Collection Set: 0.34ms
[376.135s][info][gc,phases      ] GC(135)   Merge Heap Roots: 0.49ms
[376.135s][info][gc,phases      ] GC(135)   Evacuate Collection Set: 124.86ms
[376.135s][info][gc,phases      ] GC(135)   Post Evacuate Collection Set: 0.99ms
[376.135s][info][gc,phases      ] GC(135)   Other: 0.09ms
[376.135s][info][gc,heap        ] GC(135) Eden regions: 1104->0(1115)
[376.135s][info][gc,heap        ] GC(135) Survivor regions: 124->75(154)
[376.135s][info][gc,heap        ] GC(135) Old regions: 504->581
[376.135s][info][gc,heap        ] GC(135) Humongous regions: 77->77
[376.135s][info][gc,metaspace   ] GC(135) Metaspace: 28827K(29120K)->28827K(29120K) NonClass: 23943K(24064K)->23943K(24064K) Class: 4883K(5056K)->4883K(5056K)
[376.135s][info][gc             ] GC(135) Pause Young (Prepare Mixed) (G1 Evacuation Pause) 3616M->1464M(4096M) 126.906ms
[376.136s][info][gc,cpu         ] GC(135) User=0.76s Sys=0.00s Real=0.13s
) [377.390s][info][gc,start       ] GC(136) Pause Full (System.gc())
[377.390s][info][gc,task        ] GC(136) Using 6 workers of 6 for full compaction
[377.390s][info][gc,phases,start] GC(136) Phase 1: Mark live objects
[377.405s][info][gc,phases      ] GC(136) Phase 1: Mark live objects 14.918ms
[377.405s][info][gc,phases,start] GC(136) Phase 2: Prepare compaction
[377.409s][info][gc,phases      ] GC(136) Phase 2: Prepare compaction 3.225ms
[377.409s][info][gc,phases,start] GC(136) Phase 3: Adjust pointers
[377.416s][info][gc,phases      ] GC(136) Phase 3: Adjust pointers 7.501ms
[377.416s][info][gc,phases,start] GC(136) Phase 4: Compact heap
[377.419s][info][gc,phases      ] GC(136) Phase 4: Compact heap 3.315ms
[377.419s][info][gc,phases,start] GC(136) Phase 5: Reset Metadata
[377.424s][info][gc,phases      ] GC(136) Phase 5: Reset Metadata 4.533ms
[377.430s][info][gc,heap        ] GC(136) Eden regions: 927->0(1228)
[377.430s][info][gc,heap        ] GC(136) Survivor regions: 75->0(154)
[377.430s][info][gc,heap        ] GC(136) Old regions: 581->36
[377.430s][info][gc,heap        ] GC(136) Humongous regions: 77->66
[377.430s][info][gc,metaspace   ] GC(136) Metaspace: 28827K(29120K)->28827K(29120K) NonClass: 23943K(24064K)->23943K(24064K) Class: 4883K(5056K)->4883K(5056K)
[377.430s][info][gc             ] GC(136) Pause Full (System.gc()) 3317M->194M(4096M) 40.492ms
[377.430s][info][gc,cpu         ] GC(136) User=0.21s Sys=0.00s Real=0.04s
(init[378.300s][info][gc,start       ] GC(137) Pause Young (Concurrent Start) (G1 Humongous Allocation)
[378.300s][info][gc,task        ] GC(137) Using 6 workers of 6 for evacuation
[378.575s][info][gc,mmu         ] GC(137) MMU target violated: 201.0ms (200.0ms/201.0ms)
[378.575s][info][gc,phases      ] GC(137)   Pre Evacuate Collection Set: 0.54ms
[378.575s][info][gc,phases      ] GC(137)   Merge Heap Roots: 0.48ms
[378.575s][info][gc,phases      ] GC(137)   Evacuate Collection Set: 273.09ms
[378.575s][info][gc,phases      ] GC(137)   Post Evacuate Collection Set: 0.69ms
[378.575s][info][gc,phases      ] GC(137)   Other: 0.13ms
[378.575s][info][gc,heap        ] GC(137) Eden regions: 490->0(180)
[378.575s][info][gc,heap        ] GC(137) Survivor regions: 0->154(154)
[378.575s][info][gc,heap        ] GC(137) Old regions: 36->83
[378.575s][info][gc,heap        ] GC(137) Humongous regions: 138->135
[378.575s][info][gc,metaspace   ] GC(137) Metaspace: 28827K(29120K)->28827K(29120K) NonClass: 23943K(24064K)->23943K(24064K) Class: 4883K(5056K)->4883K(5056K)
[378.575s][info][gc             ] GC(137) Pause Young (Concurrent Start) (G1 Humongous Allocation) 1318M->734M(4096M) 275.029ms
[378.575s][info][gc             ] GC(138) Concurrent Mark Cycle
[378.575s][info][gc,cpu         ] GC(137) User=1.64s Sys=0.00s Real=0.28s
[378.575s][info][gc,marking     ] GC(138) Concurrent Scan Root Regions
[378.724s][info][gc,marking     ] GC(138) Concurrent Scan Root Regions 148.113ms
[378.724s][info][gc,marking     ] GC(138) Concurrent Mark
[378.724s][info][gc,marking     ] GC(138) Concurrent Mark From Roots
[378.724s][info][gc,task        ] GC(138) Using 2 workers of 2 for marking
[378.789s][info][gc,marking     ] GC(138) Concurrent Mark From Roots 65.596ms
[378.789s][info][gc,marking     ] GC(138) Concurrent Preclean
[378.789s][info][gc,marking     ] GC(138) Concurrent Preclean 0.075ms
[378.789s][info][gc,start       ] GC(138) Pause Remark
[378.791s][info][gc             ] GC(138) Pause Remark 1038M->966M(4096M) 1.928ms
[378.791s][info][gc,cpu         ] GC(138) User=0.01s Sys=0.00s Real=0.01s
[378.791s][info][gc,marking     ] GC(138) Concurrent Mark 67.788ms
[378.791s][info][gc,marking     ] GC(138) Concurrent Rebuild Remembered Sets and Scrub Regions
[378.886s][info][gc,marking     ] GC(138) Concurrent Rebuild Remembered Sets and Scrub Regions 94.172ms
[378.886s][info][gc,start       ] GC(138) Pause Cleanup
[378.886s][info][gc             ] GC(138) Pause Cleanup 1057M->1057M(4096M) 0.081ms
[378.886s][info][gc,cpu         ] GC(138) User=0.00s Sys=0.00s Real=0.00s
[378.886s][info][gc,marking     ] GC(138) Concurrent Clear Claimed Marks
[378.886s][info][gc,marking     ] GC(138) Concurrent Clear Claimed Marks 0.028ms
[378.886s][info][gc,marking     ] GC(138) Concurrent Cleanup for Next Mark
[378.890s][info][gc,marking     ] GC(138) Concurrent Cleanup for Next Mark 3.680ms
[378.890s][info][gc             ] GC(138) Concurrent Mark Cycle 314.145ms
[378.892s][info][gc,start       ] GC(139) Pause Young (Prepare Mixed) (G1 Evacuation Pause)
[378.892s][info][gc,task        ] GC(139) Using 6 workers of 6 for evacuation
[379.071s][info][gc,phases      ] GC(139)   Pre Evacuate Collection Set: 0.33ms
[379.071s][info][gc,phases      ] GC(139)   Merge Heap Roots: 0.38ms
[379.071s][info][gc,phases      ] GC(139)   Evacuate Collection Set: 177.76ms
[379.071s][info][gc,phases      ] GC(139)   Post Evacuate Collection Set: 0.53ms
[379.071s][info][gc,phases      ] GC(139)   Other: 0.06ms
[379.071s][info][gc,heap        ] GC(139) Eden regions: 176->0(826)
[379.071s][info][gc,heap        ] GC(139) Survivor regions: 154->41(42)
[379.071s][info][gc,heap        ] GC(139) Old regions: 83->232
[379.071s][info][gc,heap        ] GC(139) Humongous regions: 122->117
[379.071s][info][gc,metaspace   ] GC(139) Metaspace: 28828K(29120K)->28828K(29120K) NonClass: 23944K(24064K)->23944K(24064K) Class: 4883K(5056K)->4883K(5056K)
[379.071s][info][gc             ] GC(139) Pause Young (Prepare Mixed) (G1 Evacuation Pause) 1060M->768M(4096M) 179.198ms
[379.071s][info][gc,cpu         ] GC(139) User=1.07s Sys=0.00s Real=0.18s
) ... OK
   382s: high-bound for max-jOPS is measured to be 13837
   382s: 
   382s: Restarting (term) [382.170s][info][gc,start       ] GC(140) Pause Full (System.gc())
[382.170s][info][gc,task        ] GC(140) Using 6 workers of 6 for full compaction
[382.171s][info][gc,phases,start] GC(140) Phase 1: Mark live objects
[382.186s][info][gc,phases      ] GC(140) Phase 1: Mark live objects 14.692ms
[382.186s][info][gc,phases,start] GC(140) Phase 2: Prepare compaction
[382.187s][info][gc,phases      ] GC(140) Phase 2: Prepare compaction 1.281ms
[382.187s][info][gc,phases,start] GC(140) Phase 3: Adjust pointers
[382.193s][info][gc,phases      ] GC(140) Phase 3: Adjust pointers 5.683ms
[382.193s][info][gc,phases,start] GC(140) Phase 4: Compact heap
[382.194s][info][gc,phases      ] GC(140) Phase 4: Compact heap 1.140ms
[382.194s][info][gc,phases,start] GC(140) Phase 5: Reset Metadata
[382.198s][info][gc,phases      ] GC(140) Phase 5: Reset Metadata 4.548ms
[382.205s][info][gc,heap        ] GC(140) Eden regions: 294->0(714)
[382.205s][info][gc,heap        ] GC(140) Survivor regions: 41->0(42)
[382.205s][info][gc,heap        ] GC(140) Old regions: 232->36
[382.205s][info][gc,heap        ] GC(140) Humongous regions: 119->66
[382.205s][info][gc,metaspace   ] GC(140) Metaspace: 28834K(29184K)->28834K(29184K) NonClass: 23950K(24128K)->23950K(24128K) Class: 4883K(5056K)->4883K(5056K)
[382.205s][info][gc             ] GC(140) Pause Full (System.gc()) 1358M->194M(4096M) 34.420ms
[382.205s][info][gc,cpu         ] GC(140) User=0.18s Sys=0.00s Real=0.04s
(init[383.389s][info][gc,start       ] GC(141) Pause Young (Normal) (G1 Evacuation Pause)
[383.389s][info][gc,task        ] GC(141) Using 6 workers of 6 for evacuation
[383.728s][info][gc,mmu         ] GC(141) MMU target violated: 201.0ms (200.0ms/201.0ms)
[383.728s][info][gc,phases      ] GC(141)   Pre Evacuate Collection Set: 0.32ms
[383.728s][info][gc,phases      ] GC(141)   Merge Heap Roots: 0.44ms
[383.728s][info][gc,phases      ] GC(141)   Evacuate Collection Set: 336.93ms
[383.728s][info][gc,phases      ] GC(141)   Post Evacuate Collection Set: 0.90ms
[383.728s][info][gc,phases      ] GC(141)   Other: 0.10ms
[383.728s][info][gc,heap        ] GC(141) Eden regions: 722->0(191)
[383.728s][info][gc,heap        ] GC(141) Survivor regions: 0->91(91)
[383.728s][info][gc,heap        ] GC(141) Old regions: 36->205
[383.728s][info][gc,heap        ] GC(141) Humongous regions: 163->155
[383.728s][info][gc,metaspace   ] GC(141) Metaspace: 28834K(29184K)->28834K(29184K) NonClass: 23951K(24128K)->23951K(24128K) Class: 4883K(5056K)->4883K(5056K)
[383.728s][info][gc             ] GC(141) Pause Young (Normal) (G1 Evacuation Pause) 1832M->891M(4096M) 338.794ms
[383.728s][info][gc,cpu         ] GC(141) User=2.02s Sys=0.00s Real=0.34s
[383.774s][info][gc,start       ] GC(142) Pause Young (Concurrent Start) (G1 Evacuation Pause)
[383.774s][info][gc,task        ] GC(142) Using 6 workers of 6 for evacuation
[384.003s][info][gc,mmu         ] GC(142) MMU target violated: 201.0ms (200.0ms/201.0ms)
[384.003s][info][gc,phases      ] GC(142)   Pre Evacuate Collection Set: 0.37ms
[384.003s][info][gc,phases      ] GC(142)   Merge Heap Roots: 0.50ms
[384.003s][info][gc,phases      ] GC(142)   Evacuate Collection Set: 227.85ms
[384.003s][info][gc,phases      ] GC(142)   Post Evacuate Collection Set: 0.38ms
[384.003s][info][gc,phases      ] GC(142)   Other: 0.10ms
[384.003s][info][gc,heap        ] GC(142) Eden regions: 199->0(200)
[384.003s][info][gc,heap        ] GC(142) Survivor regions: 91->37(37)
[384.003s][info][gc,heap        ] GC(142) Old regions: 205->432
[384.003s][info][gc,heap        ] GC(142) Humongous regions: 155->155
[384.003s][info][gc,metaspace   ] GC(142) Metaspace: 28834K(29184K)->28834K(29184K) NonClass: 23951K(24128K)->23951K(24128K) Class: 4883K(5056K)->4883K(5056K)
[384.003s][info][gc             ] GC(142) Pause Young (Concurrent Start) (G1 Evacuation Pause) 1289M->1237M(4096M) 229.318ms
[384.003s][info][gc,cpu         ] GC(142) User=1.37s Sys=0.00s Real=0.23s
[384.003s][info][gc             ] GC(143) Concurrent Mark Cycle
[384.003s][info][gc,marking     ] GC(143) Concurrent Scan Root Regions
) [384.144s][info][gc,marking     ] GC(143) Concurrent Scan Root Regions 140.791ms
[384.144s][info][gc,marking     ] GC(143) Concurrent Mark
[384.144s][info][gc,marking     ] GC(143) Concurrent Mark From Roots
[384.144s][info][gc,task        ] GC(143) Using 2 workers of 2 for marking
[384.391s][info][gc,marking     ] GC(143) Concurrent Mark From Roots 247.570ms
[384.392s][info][gc,marking     ] GC(143) Concurrent Preclean
[384.392s][info][gc,marking     ] GC(143) Concurrent Preclean 0.055ms
[384.392s][info][gc,start       ] GC(143) Pause Remark
[384.393s][info][gc             ] GC(143) Pause Remark 1313M->1121M(4096M) 1.848ms
[384.394s][info][gc,cpu         ] GC(143) User=0.01s Sys=0.00s Real=0.00s
[384.394s][info][gc,marking     ] GC(143) Concurrent Mark 249.614ms
[384.394s][info][gc,marking     ] GC(143) Concurrent Rebuild Remembered Sets and Scrub Regions
[384.628s][info][gc,marking     ] GC(143) Concurrent Rebuild Remembered Sets and Scrub Regions 234.948ms
[384.629s][info][gc,start       ] GC(143) Pause Cleanup
[384.629s][info][gc             ] GC(143) Pause Cleanup 1122M->1122M(4096M) 0.090ms
[384.629s][info][gc,cpu         ] GC(143) User=0.00s Sys=0.00s Real=0.00s
[384.629s][info][gc,marking     ] GC(143) Concurrent Clear Claimed Marks
[384.629s][info][gc,marking     ] GC(143) Concurrent Clear Claimed Marks 0.031ms
[384.629s][info][gc,marking     ] GC(143) Concurrent Cleanup for Next Mark
[384.632s][info][gc,marking     ] GC(143) Concurrent Cleanup for Next Mark 3.196ms
[384.632s][info][gc             ] GC(143) Concurrent Mark Cycle 628.931ms
... OK
   386s: 
   386s: Warmup for building throughput-responsetime curve
   386s: (10%)   IR =   1384 ..[389.359s][info][gc,start       ] GC(144) Pause Young (Prepare Mixed) (G1 Evacuation Pause)
[389.359s][info][gc,task        ] GC(144) Using 6 workers of 6 for evacuation
[389.432s][info][gc,phases      ] GC(144)   Pre Evacuate Collection Set: 0.33ms
[389.432s][info][gc,phases      ] GC(144)   Merge Heap Roots: 0.50ms
[389.432s][info][gc,phases      ] GC(144)   Evacuate Collection Set: 71.52ms
[389.432s][info][gc,phases      ] GC(144)   Post Evacuate Collection Set: 0.59ms
[389.432s][info][gc,phases      ] GC(144)   Other: 0.06ms
[389.432s][info][gc,heap        ] GC(144) Eden regions: 237->0(347)
[389.432s][info][gc,heap        ] GC(144) Survivor regions: 37->35(35)
[389.432s][info][gc,heap        ] GC(144) Old regions: 415->466
[389.432s][info][gc,heap        ] GC(144) Humongous regions: 76->76
[389.432s][info][gc,metaspace   ] GC(144) Metaspace: 28843K(29184K)->28843K(29184K) NonClass: 23959K(24128K)->23959K(24128K) Class: 4883K(5056K)->4883K(5056K)
[389.432s][info][gc             ] GC(144) Pause Young (Prepare Mixed) (G1 Evacuation Pause) 1519M->1143M(4096M) 73.121ms
[389.432s][info][gc,cpu         ] GC(144) User=0.44s Sys=0.00s Real=0.08s
...[392.806s][info][gc,start       ] GC(145) Pause Young (Mixed) (G1 Evacuation Pause)
[392.806s][info][gc,task        ] GC(145) Using 6 workers of 6 for evacuation
[392.863s][info][gc,phases      ] GC(145)   Pre Evacuate Collection Set: 0.35ms
[392.863s][info][gc,phases      ] GC(145)   Merge Heap Roots: 0.58ms
[392.863s][info][gc,phases      ] GC(145)   Evacuate Collection Set: 55.35ms
[392.863s][info][gc,phases      ] GC(145)   Post Evacuate Collection Set: 0.60ms
[392.863s][info][gc,phases      ] GC(145)   Other: 0.06ms
[392.863s][info][gc,heap        ] GC(145) Eden regions: 342->0(337)
[392.863s][info][gc,heap        ] GC(145) Survivor regions: 35->23(48)
[392.863s][info][gc,heap        ] GC(145) Old regions: 466->495
[392.863s][info][gc,heap        ] GC(145) Humongous regions: 76->76
[392.863s][info][gc,metaspace   ] GC(145) Metaspace: 28844K(29184K)->28844K(29184K) NonClass: 23960K(24128K)->23960K(24128K) Class: 4883K(5056K)->4883K(5056K)
[392.863s][info][gc             ] GC(145) Pause Young (Mixed) (G1 Evacuation Pause) 1827M->1186M(4096M) 57.080ms
[392.863s][info][gc,cpu         ] GC(145) User=0.33s Sys=0.00s Real=0.06s
...[395.716s][info][gc,start       ] GC(146) Pause Young (Concurrent Start) (G1 Evacuation Pause)
[395.716s][info][gc,task        ] GC(146) Using 6 workers of 6 for evacuation
[395.760s][info][gc,phases      ] GC(146)   Pre Evacuate Collection Set: 0.38ms
[395.760s][info][gc,phases      ] GC(146)   Merge Heap Roots: 0.41ms
[395.760s][info][gc,phases      ] GC(146)   Evacuate Collection Set: 42.57ms
[395.760s][info][gc,phases      ] GC(146)   Post Evacuate Collection Set: 0.54ms
[395.760s][info][gc,phases      ] GC(146)   Other: 0.08ms
[395.761s][info][gc,heap        ] GC(146) Eden regions: 359->0(382)
[395.761s][info][gc,heap        ] GC(146) Survivor regions: 23->40(48)
[395.761s][info][gc,heap        ] GC(146) Old regions: 495->495
[395.761s][info][gc,heap        ] GC(146) Humongous regions: 76->76
[395.761s][info][gc,metaspace   ] GC(146) Metaspace: 28844K(29184K)->28844K(29184K) NonClass: 23960K(24128K)->23960K(24128K) Class: 4883K(5056K)->4883K(5056K)
[395.761s][info][gc             ] GC(146) Pause Young (Concurrent Start) (G1 Evacuation Pause) 1904M->1220M(4096M) 44.107ms
[395.761s][info][gc             ] GC(147) Concurrent Mark Cycle
[395.761s][info][gc,marking     ] GC(147) Concurrent Scan Root Regions
[395.761s][info][gc,cpu         ] GC(146) User=0.26s Sys=0.00s Real=0.04s
[395.802s][info][gc,marking     ] GC(147) Concurrent Scan Root Regions 41.656ms
[395.802s][info][gc,marking     ] GC(147) Concurrent Mark
[395.802s][info][gc,marking     ] GC(147) Concurrent Mark From Roots
[395.802s][info][gc,task        ] GC(147) Using 2 workers of 2 for marking
.[396.385s][info][gc,marking     ] GC(147) Concurrent Mark From Roots 582.305ms
[396.385s][info][gc,marking     ] GC(147) Concurrent Preclean
[396.385s][info][gc,marking     ] GC(147) Concurrent Preclean 0.051ms
[396.385s][info][gc,start       ] GC(147) Pause Remark
[396.389s][info][gc             ] GC(147) Pause Remark 1375M->1349M(4096M) 3.708ms
[396.389s][info][gc,cpu         ] GC(147) User=0.02s Sys=0.00s Real=0.00s
[396.389s][info][gc,marking     ] GC(147) Concurrent Mark 586.454ms
[396.389s][info][gc,marking     ] GC(147) Concurrent Rebuild Remembered Sets and Scrub Regions
[396.610s][info][gc,marking     ] GC(147) Concurrent Rebuild Remembered Sets and Scrub Regions 221.361ms
[396.610s][info][gc,start       ] GC(147) Pause Cleanup
[396.610s][info][gc             ] GC(147) Pause Cleanup 1415M->1415M(4096M) 0.107ms
[396.610s][info][gc,cpu         ] GC(147) User=0.00s Sys=0.00s Real=0.00s
[396.610s][info][gc,marking     ] GC(147) Concurrent Clear Claimed Marks
[396.610s][info][gc,marking     ] GC(147) Concurrent Clear Claimed Marks 0.029ms
[396.610s][info][gc,marking     ] GC(147) Concurrent Cleanup for Next Mark
[396.614s][info][gc,marking     ] GC(147) Concurrent Cleanup for Next Mark 3.179ms
[396.614s][info][gc             ] GC(147) Concurrent Mark Cycle 853.109ms
...[399.034s][info][gc,start       ] GC(148) Pause Young (Prepare Mixed) (G1 Evacuation Pause)
[399.034s][info][gc,task        ] GC(148) Using 6 workers of 6 for evacuation
[399.092s][info][gc,phases      ] GC(148)   Pre Evacuate Collection Set: 0.33ms
[399.092s][info][gc,phases      ] GC(148)   Merge Heap Roots: 0.49ms
[399.092s][info][gc,phases      ] GC(148)   Evacuate Collection Set: 56.15ms
[399.092s][info][gc,phases      ] GC(148)   Post Evacuate Collection Set: 0.55ms
[399.092s][info][gc,phases      ] GC(148)   Other: 0.06ms
[399.092s][info][gc,heap        ] GC(148) Eden regions: 387->0(543)
[399.092s][info][gc,heap        ] GC(148) Survivor regions: 40->41(54)
[399.092s][info][gc,heap        ] GC(148) Old regions: 483->502
[399.092s][info][gc,heap        ] GC(148) Humongous regions: 75->75
[399.092s][info][gc,metaspace   ] GC(148) Metaspace: 28845K(29184K)->28845K(29184K) NonClass: 23961K(24128K)->23961K(24128K) Class: 4883K(5056K)->4883K(5056K)
[399.092s][info][gc             ] GC(148) Pause Young (Prepare Mixed) (G1 Evacuation Pause) 1968M->1235M(4096M) 57.713ms
[399.092s][info][gc,cpu         ] GC(148) User=0.34s Sys=0.00s Real=0.06s
....[403.791s][info][gc,start       ] GC(149) Pause Young (Mixed) (G1 Evacuation Pause)
[403.791s][info][gc,task        ] GC(149) Using 6 workers of 6 for evacuation
[403.852s][info][gc,phases      ] GC(149)   Pre Evacuate Collection Set: 0.37ms
[403.852s][info][gc,phases      ] GC(149)   Merge Heap Roots: 0.41ms
[403.852s][info][gc,phases      ] GC(149)   Evacuate Collection Set: 58.93ms
[403.852s][info][gc,phases      ] GC(149)   Merge Optional Heap Roots: 0.04ms
[403.852s][info][gc,phases      ] GC(149)   Evacuate Optional Collection Set: 0.42ms
[403.852s][info][gc,phases      ] GC(149)   Post Evacuate Collection Set: 0.61ms
[403.852s][info][gc,phases      ] GC(149)   Other: 0.08ms
[403.852s][info][gc,heap        ] GC(149) Eden regions: 559->0(613)
[403.852s][info][gc,heap        ] GC(149) Survivor regions: 41->49(75)
[403.852s][info][gc,heap        ] GC(149) Old regions: 502->508
[403.852s][info][gc,heap        ] GC(149) Humongous regions: 75->75
[403.852s][info][gc,metaspace   ] GC(149) Metaspace: 28851K(29184K)->28851K(29184K) NonClass: 23967K(24128K)->23967K(24128K) Class: 4883K(5056K)->4883K(5056K)
[403.852s][info][gc             ] GC(149) Pause Young (Mixed) (G1 Evacuation Pause) 2353M->1262M(4096M) 60.996ms
[403.852s][info][gc,cpu         ] GC(149) User=0.36s Sys=0.00s Real=0.07s
......[409.194s][info][gc,start       ] GC(150) Pause Young (Mixed) (G1 Evacuation Pause)
[409.194s][info][gc,task        ] GC(150) Using 6 workers of 6 for evacuation
[409.266s][info][gc,phases      ] GC(150)   Pre Evacuate Collection Set: 0.36ms
[409.266s][info][gc,phases      ] GC(150)   Merge Heap Roots: 0.37ms
[409.266s][info][gc,phases      ] GC(150)   Evacuate Collection Set: 69.35ms
[409.266s][info][gc,phases      ] GC(150)   Merge Optional Heap Roots: 0.02ms
[409.266s][info][gc,phases      ] GC(150)   Evacuate Optional Collection Set: 1.31ms
[409.266s][info][gc,phases      ] GC(150)   Post Evacuate Collection Set: 0.61ms
[409.266s][info][gc,phases      ] GC(150)   Other: 0.08ms
[409.266s][info][gc,heap        ] GC(150) Eden regions: 628->0(662)
[409.266s][info][gc,heap        ] GC(150) Survivor regions: 49->62(85)
[409.266s][info][gc,heap        ] GC(150) Old regions: 508->519
[409.266s][info][gc,heap        ] GC(150) Humongous regions: 75->75
[409.266s][info][gc,metaspace   ] GC(150) Metaspace: 28851K(29184K)->28851K(29184K) NonClass: 23967K(24128K)->23967K(24128K) Class: 4883K(5056K)->4883K(5056K)
[409.266s][info][gc             ] GC(150) Pause Young (Mixed) (G1 Evacuation Pause) 2518M->1309M(4096M) 72.232ms
[409.266s][info][gc,cpu         ] GC(150) User=0.42s Sys=0.00s Real=0.07s
.....[414.912s][info][gc,start       ] GC(151) Pause Young (Mixed) (G1 Evacuation Pause)
[414.912s][info][gc,task        ] GC(151) Using 6 workers of 6 for evacuation
[414.989s][info][gc,phases      ] GC(151)   Pre Evacuate Collection Set: 0.34ms
[414.989s][info][gc,phases      ] GC(151)   Merge Heap Roots: 0.37ms
[414.989s][info][gc,phases      ] GC(151)   Evacuate Collection Set: 74.41ms
[414.989s][info][gc,phases      ] GC(151)   Merge Optional Heap Roots: 0.02ms
[414.989s][info][gc,phases      ] GC(151)   Evacuate Optional Collection Set: 0.33ms
[414.989s][info][gc,phases      ] GC(151)   Post Evacuate Collection Set: 0.66ms
[414.989s][info][gc,phases      ] GC(151)   Other: 0.08ms
[414.989s][info][gc,heap        ] GC(151) Eden regions: 676->0(737)
[414.989s][info][gc,heap        ] GC(151) Survivor regions: 62->65(93)
[414.989s][info][gc,heap        ] GC(151) Old regions: 519->535
[414.989s][info][gc,heap        ] GC(151) Humongous regions: 75->75
[414.989s][info][gc,metaspace   ] GC(151) Metaspace: 28851K(29184K)->28851K(29184K) NonClass: 23967K(24128K)->23967K(24128K) Class: 4883K(5056K)->4883K(5056K)
[414.989s][info][gc             ] GC(151) Pause Young (Mixed) (G1 Evacuation Pause) 2661M->1349M(4096M) 76.332ms
[414.989s][info][gc,cpu         ] GC(151) User=0.46s Sys=0.00s Real=0.07s
.......[421.461s][info][gc,start       ] GC(152) Pause Young (Mixed) (G1 Evacuation Pause)
[421.461s][info][gc,task        ] GC(152) Using 6 workers of 6 for evacuation
[421.544s][info][gc,phases      ] GC(152)   Pre Evacuate Collection Set: 0.35ms
[421.544s][info][gc,phases      ] GC(152)   Merge Heap Roots: 0.39ms
[421.544s][info][gc,phases      ] GC(152)   Evacuate Collection Set: 81.04ms
[421.544s][info][gc,phases      ] GC(152)   Merge Optional Heap Roots: 0.02ms
[421.544s][info][gc,phases      ] GC(152)   Evacuate Optional Collection Set: 0.19ms
[421.544s][info][gc,phases      ] GC(152)   Post Evacuate Collection Set: 0.79ms
[421.544s][info][gc,phases      ] GC(152)   Other: 0.10ms
[421.544s][info][gc,heap        ] GC(152) Eden regions: 749->0(802)
[421.544s][info][gc,heap        ] GC(152) Survivor regions: 65->70(102)
[421.544s][info][gc,heap        ] GC(152) Old regions: 535->556
[421.544s][info][gc,heap        ] GC(152) Humongous regions: 77->77
[421.544s][info][gc,metaspace   ] GC(152) Metaspace: 28853K(29184K)->28853K(29184K) NonClass: 23969K(24128K)->23969K(24128K) Class: 4883K(5056K)->4883K(5056K)
[421.544s][info][gc             ] GC(152) Pause Young (Mixed) (G1 Evacuation Pause) 2851M->1404M(4096M) 83.044ms
[421.544s][info][gc,cpu         ] GC(152) User=0.50s Sys=0.00s Real=0.09s
.......[428.473s][info][gc,start       ] GC(153) Pause Young (Mixed) (G1 Evacuation Pause)
[428.473s][info][gc,task        ] GC(153) Using 6 workers of 6 for evacuation
[428.561s][info][gc,phases      ] GC(153)   Pre Evacuate Collection Set: 0.35ms
[428.561s][info][gc,phases      ] GC(153)   Merge Heap Roots: 0.42ms
[428.561s][info][gc,phases      ] GC(153)   Evacuate Collection Set: 86.61ms
[428.561s][info][gc,phases      ] GC(153)   Merge Optional Heap Roots: 0.03ms
[428.561s][info][gc,phases      ] GC(153)   Evacuate Optional Collection Set: 0.17ms
[428.561s][info][gc,phases      ] GC(153)   Post Evacuate Collection Set: 0.78ms
[428.561s][info][gc,phases      ] GC(153)   Other: 0.08ms
[428.561s][info][gc,heap        ] GC(153) Eden regions: 804->0(847)
[428.561s][info][gc,heap        ] GC(153) Survivor regions: 70->76(110)
[428.561s][info][gc,heap        ] GC(153) Old regions: 556->576
[428.561s][info][gc,heap        ] GC(153) Humongous regions: 77->77
[428.561s][info][gc,metaspace   ] GC(153) Metaspace: 28853K(29184K)->28853K(29184K) NonClass: 23969K(24128K)->23969K(24128K) Class: 4883K(5056K)->4883K(5056K)
[428.561s][info][gc             ] GC(153) Pause Young (Mixed) (G1 Evacuation Pause) 3012M->1457M(4096M) 88.559ms
[428.562s][info][gc,cpu         ] GC(153) User=0.52s Sys=0.00s Real=0.09s
........[436.795s][info][gc,start       ] GC(154) Pause Young (Mixed) (G1 Evacuation Pause)
[436.795s][info][gc,task        ] GC(154) Using 6 workers of 6 for evacuation
[436.903s][info][gc,phases      ] GC(154)   Pre Evacuate Collection Set: 0.31ms
[436.903s][info][gc,phases      ] GC(154)   Merge Heap Roots: 0.57ms
[436.903s][info][gc,phases      ] GC(154)   Evacuate Collection Set: 105.67ms
[436.903s][info][gc,phases      ] GC(154)   Post Evacuate Collection Set: 0.79ms
[436.903s][info][gc,phases      ] GC(154)   Other: 0.08ms
[436.903s][info][gc,heap        ] GC(154) Eden regions: 852->0(806)
[436.903s][info][gc,heap        ] GC(154) Survivor regions: 76->83(116)
[436.903s][info][gc,heap        ] GC(154) Old regions: 576->602
[436.903s][info][gc,heap        ] GC(154) Humongous regions: 77->77
[436.903s][info][gc,metaspace   ] GC(154) Metaspace: 28855K(29184K)->28855K(29184K) NonClass: 23972K(24128K)->23972K(24128K) Class: 4883K(5056K)->4883K(5056K)
[436.903s][info][gc             ] GC(154) Pause Young (Mixed) (G1 Evacuation Pause) 3161M->1522M(4096M) 107.534ms
[436.903s][info][gc,cpu         ] GC(154) User=0.64s Sys=0.00s Real=0.11s
.........[445.818s][info][gc,start       ] GC(155) Pause Young (Concurrent Start) (G1 Evacuation Pause)
[445.818s][info][gc,task        ] GC(155) Using 6 workers of 6 for evacuation
[445.916s][info][gc,phases      ] GC(155)   Pre Evacuate Collection Set: 0.39ms
[445.916s][info][gc,phases      ] GC(155)   Merge Heap Roots: 0.43ms
[445.916s][info][gc,phases      ] GC(155)   Evacuate Collection Set: 96.16ms
[445.916s][info][gc,phases      ] GC(155)   Post Evacuate Collection Set: 0.78ms
[445.916s][info][gc,phases      ] GC(155)   Other: 0.11ms
[445.916s][info][gc,heap        ] GC(155) Eden regions: 845->0(884)
[445.916s][info][gc,heap        ] GC(155) Survivor regions: 83->86(116)
[445.916s][info][gc,heap        ] GC(155) Old regions: 602->631
[445.916s][info][gc,heap        ] GC(155) Humongous regions: 77->77
[445.916s][info][gc,metaspace   ] GC(155) Metaspace: 28859K(29184K)->28859K(29184K) NonClass: 23976K(24128K)->23976K(24128K) Class: 4883K(5056K)->4883K(5056K)
[445.916s][info][gc             ] GC(155) Pause Young (Concurrent Start) (G1 Evacuation Pause) 3212M->1587M(4096M) 98.019ms
[445.916s][info][gc             ] GC(156) Concurrent Mark Cycle
[445.916s][info][gc,marking     ] GC(156) Concurrent Scan Root Regions
[445.916s][info][gc,cpu         ] GC(155) User=0.59s Sys=0.00s Real=0.10s
[446.019s][info][gc,marking     ] GC(156) Concurrent Scan Root Regions 102.416ms
[446.019s][info][gc,marking     ] GC(156) Concurrent Mark
[446.019s][info][gc,marking     ] GC(156) Concurrent Mark From Roots
[446.019s][info][gc,task        ] GC(156) Using 2 workers of 2 for marking
.[446.543s][info][gc,marking     ] GC(156) Concurrent Mark From Roots 524.182ms
[446.543s][info][gc,marking     ] GC(156) Concurrent Preclean
[446.543s][info][gc,marking     ] GC(156) Concurrent Preclean 0.051ms
[446.543s][info][gc,start       ] GC(156) Pause Remark
[446.547s][info][gc             ] GC(156) Pause Remark 1744M->1744M(4096M) 3.484ms
[446.547s][info][gc,cpu         ] GC(156) User=0.02s Sys=0.00s Real=0.00s
[446.547s][info][gc,marking     ] GC(156) Concurrent Mark 527.962ms
[446.547s][info][gc,marking     ] GC(156) Concurrent Rebuild Remembered Sets and Scrub Regions
[446.742s][info][gc,marking     ] GC(156) Concurrent Rebuild Remembered Sets and Scrub Regions 195.284ms
[446.742s][info][gc,start       ] GC(156) Pause Cleanup
[446.742s][info][gc             ] GC(156) Pause Cleanup 1780M->1780M(4096M) 0.195ms
[446.742s][info][gc,cpu         ] GC(156) User=0.00s Sys=0.00s Real=0.00s
[446.743s][info][gc,marking     ] GC(156) Concurrent Clear Claimed Marks
[446.743s][info][gc,marking     ] GC(156) Concurrent Clear Claimed Marks 0.037ms
[446.743s][info][gc,marking     ] GC(156) Concurrent Cleanup for Next Mark
[446.746s][info][gc,marking     ] GC(156) Concurrent Cleanup for Next Mark 3.242ms
[446.746s][info][gc             ] GC(156) Concurrent Mark Cycle 829.668ms
.........[455.815s][info][gc,start       ] GC(157) Pause Young (Prepare Mixed) (G1 Evacuation Pause)
[455.815s][info][gc,task        ] GC(157) Using 6 workers of 6 for evacuation
[455.917s][info][gc,phases      ] GC(157)   Pre Evacuate Collection Set: 0.35ms
[455.917s][info][gc,phases      ] GC(157)   Merge Heap Roots: 0.53ms
[455.917s][info][gc,phases      ] GC(157)   Evacuate Collection Set: 99.90ms
[455.917s][info][gc,phases      ] GC(157)   Post Evacuate Collection Set: 0.85ms
[455.917s][info][gc,phases      ] GC(157)   Other: 0.08ms
[455.917s][info][gc,heap        ] GC(157) Eden regions: 886->0(927)
[455.917s][info][gc,heap        ] GC(157) Survivor regions: 86->91(122)
[455.917s][info][gc,heap        ] GC(157) Old regions: 631->662
[455.917s][info][gc,heap        ] GC(157) Humongous regions: 77->77
[455.917s][info][gc,metaspace   ] GC(157) Metaspace: 28869K(29184K)->28869K(29184K) NonClass: 23985K(24128K)->23985K(24128K) Class: 4883K(5056K)->4883K(5056K)
[455.917s][info][gc             ] GC(157) Pause Young (Prepare Mixed) (G1 Evacuation Pause) 3359M->1658M(4096M) 101.832ms
[455.917s][info][gc,cpu         ] GC(157) User=0.60s Sys=0.00s Real=0.10s
...........[466.510s][info][gc,start       ] GC(158) Pause Young (Mixed) (G1 Evacuation Pause)
[466.510s][info][gc,task        ] GC(158) Using 6 workers of 6 for evacuation
[466.628s][info][gc,phases      ] GC(158)   Pre Evacuate Collection Set: 0.41ms
[466.628s][info][gc,phases      ] GC(158)   Merge Heap Roots: 0.54ms
[466.628s][info][gc,phases      ] GC(158)   Evacuate Collection Set: 112.87ms
[466.628s][info][gc,phases      ] GC(158)   Merge Optional Heap Roots: 0.04ms
[466.628s][info][gc,phases      ] GC(158)   Evacuate Optional Collection Set: 2.09ms
[466.628s][info][gc,phases      ] GC(158)   Post Evacuate Collection Set: 1.01ms
[466.628s][info][gc,phases      ] GC(158)   Other: 0.12ms
[466.628s][info][gc,heap        ] GC(158) Eden regions: 927->0(1001)
[466.628s][info][gc,heap        ] GC(158) Survivor regions: 91->96(128)
[466.628s][info][gc,heap        ] GC(158) Old regions: 662->568
[466.628s][info][gc,heap        ] GC(158) Humongous regions: 77->77
[466.628s][info][gc,metaspace   ] GC(158) Metaspace: 28873K(29184K)->28873K(29184K) NonClass: 23989K(24128K)->23989K(24128K) Class: 4883K(5056K)->4883K(5056K)
[466.628s][info][gc             ] GC(158) Pause Young (Mixed) (G1 Evacuation Pause) 3512M->1480M(4096M) 117.252ms
[466.628s][info][gc,cpu         ] GC(158) User=0.70s Sys=0.00s Real=0.12s
............[478.413s][info][gc,start       ] GC(159) Pause Young (Mixed) (G1 Evacuation Pause)
[478.413s][info][gc,task        ] GC(159) Using 6 workers of 6 for evacuation
[478.527s][info][gc,phases      ] GC(159)   Pre Evacuate Collection Set: 0.43ms
[478.527s][info][gc,phases      ] GC(159)   Merge Heap Roots: 0.57ms
[478.527s][info][gc,phases      ] GC(159)   Evacuate Collection Set: 110.08ms
[478.527s][info][gc,phases      ] GC(159)   Merge Optional Heap Roots: 0.05ms
[478.527s][info][gc,phases      ] GC(159)   Evacuate Optional Collection Set: 1.28ms
[478.527s][info][gc,phases      ] GC(159)   Post Evacuate Collection Set: 0.94ms
[478.527s][info][gc,phases      ] GC(159)   Other: 0.12ms
[478.527s][info][gc,heap        ] GC(159) Eden regions: 1001->0(1047)
[478.527s][info][gc,heap        ] GC(159) Survivor regions: 96->98(138)
[478.527s][info][gc,heap        ] GC(159) Old regions: 568->525
[478.527s][info][gc,heap        ] GC(159) Humongous regions: 77->77
[478.527s][info][gc,metaspace   ] GC(159) Metaspace: 28874K(29184K)->28874K(29184K) NonClass: 23990K(24128K)->23990K(24128K) Class: 4883K(5056K)->4883K(5056K)
[478.527s][info][gc             ] GC(159) Pause Young (Mixed) (G1 Evacuation Pause) 3482M->1398M(4096M) 113.618ms
[478.527s][info][gc,cpu         ] GC(159) User=0.67s Sys=0.00s Real=0.11s
............[490.957s][info][gc,start       ] GC(160) Pause Young (Mixed) (G1 Evacuation Pause)
[490.957s][info][gc,task        ] GC(160) Using 6 workers of 6 for evacuation
[491.074s][info][gc,phases      ] GC(160)   Pre Evacuate Collection Set: 0.40ms
[491.074s][info][gc,phases      ] GC(160)   Merge Heap Roots: 0.53ms
[491.074s][info][gc,phases      ] GC(160)   Evacuate Collection Set: 115.29ms
[491.074s][info][gc,phases      ] GC(160)   Post Evacuate Collection Set: 0.91ms
[491.074s][info][gc,phases      ] GC(160)   Other: 0.08ms
[491.074s][info][gc,heap        ] GC(160) Eden regions: 1047->0(1069)
[491.074s][info][gc,heap        ] GC(160) Survivor regions: 98->104(144)
[491.074s][info][gc,heap        ] GC(160) Old regions: 525->515
[491.074s][info][gc,heap        ] GC(160) Humongous regions: 77->77
[491.074s][info][gc,metaspace   ] GC(160) Metaspace: 28884K(29184K)->28884K(29184K) NonClass: 24000K(24128K)->24000K(24128K) Class: 4883K(5056K)->4883K(5056K)
[491.074s][info][gc             ] GC(160) Pause Young (Mixed) (G1 Evacuation Pause) 3492M->1390M(4096M) 117.346ms
[491.074s][info][gc,cpu         ] GC(160) User=0.69s Sys=0.00s Real=0.12s
.............[503.626s][info][gc,start       ] GC(161) Pause Young (Concurrent Start) (G1 Evacuation Pause)
[503.626s][info][gc,task        ] GC(161) Using 6 workers of 6 for evacuation
[503.741s][info][gc,phases      ] GC(161)   Pre Evacuate Collection Set: 0.42ms
[503.741s][info][gc,phases      ] GC(161)   Merge Heap Roots: 0.54ms
[503.741s][info][gc,phases      ] GC(161)   Evacuate Collection Set: 112.67ms
[503.741s][info][gc,phases      ] GC(161)   Post Evacuate Collection Set: 0.91ms
[503.741s][info][gc,phases      ] GC(161)   Other: 0.11ms
[503.741s][info][gc,heap        ] GC(161) Eden regions: 1069->0(1065)
[503.741s][info][gc,heap        ] GC(161) Survivor regions: 104->105(147)
[503.741s][info][gc,heap        ] GC(161) Old regions: 515->547
[503.741s][info][gc,heap        ] GC(161) Humongous regions: 77->77
[503.741s][info][gc,metaspace   ] GC(161) Metaspace: 28884K(29184K)->28884K(29184K) NonClass: 24000K(24128K)->24000K(24128K) Class: 4883K(5056K)->4883K(5056K)
[503.741s][info][gc             ] GC(161) Pause Young (Concurrent Start) (G1 Evacuation Pause) 3528M->1457M(4096M) 114.829ms
[503.741s][info][gc             ] GC(162) Concurrent Mark Cycle
[503.741s][info][gc,marking     ] GC(162) Concurrent Scan Root Regions
[503.741s][info][gc,cpu         ] GC(161) User=0.68s Sys=0.00s Real=0.11s
[503.863s][info][gc,marking     ] GC(162) Concurrent Scan Root Regions 122.039ms
[503.863s][info][gc,marking     ] GC(162) Concurrent Mark
[503.863s][info][gc,marking     ] GC(162) Concurrent Mark From Roots
[503.863s][info][gc,task        ] GC(162) Using 2 workers of 2 for marking
.[504.381s][info][gc,marking     ] GC(162) Concurrent Mark From Roots 517.876ms
[504.381s][info][gc,marking     ] GC(162) Concurrent Preclean
[504.381s][info][gc,marking     ] GC(162) Concurrent Preclean 0.044ms
[504.381s][info][gc,start       ] GC(162) Pause Remark
[504.384s][info][gc             ] GC(162) Pause Remark 1588M->1588M(4096M) 2.751ms
[504.384s][info][gc,cpu         ] GC(162) User=0.01s Sys=0.00s Real=0.00s
[504.384s][info][gc,marking     ] GC(162) Concurrent Mark 520.914ms
[504.384s][info][gc,marking     ] GC(162) Concurrent Rebuild Remembered Sets and Scrub Regions
[504.594s][info][gc,marking     ] GC(162) Concurrent Rebuild Remembered Sets and Scrub Regions 210.422ms
[504.595s][info][gc,start       ] GC(162) Pause Cleanup
[504.595s][info][gc             ] GC(162) Pause Cleanup 1625M->1625M(4096M) 0.165ms
[504.595s][info][gc,cpu         ] GC(162) User=0.00s Sys=0.00s Real=0.00s
[504.595s][info][gc,marking     ] GC(162) Concurrent Clear Claimed Marks
[504.595s][info][gc,marking     ] GC(162) Concurrent Clear Claimed Marks 0.032ms
[504.595s][info][gc,marking     ] GC(162) Concurrent Cleanup for Next Mark
[504.598s][info][gc,marking     ] GC(162) Concurrent Cleanup for Next Mark 3.122ms
[504.598s][info][gc             ] GC(162) Concurrent Mark Cycle 857.066ms
............[516.194s][info][gc,start       ] GC(163) Pause Young (Prepare Mixed) (G1 Evacuation Pause)
[516.194s][info][gc,task        ] GC(163) Using 6 workers of 6 for evacuation
[516.310s][info][gc,phases      ] GC(163)   Pre Evacuate Collection Set: 0.33ms
[516.310s][info][gc,phases      ] GC(163)   Merge Heap Roots: 0.53ms
[516.310s][info][gc,phases      ] GC(163)   Evacuate Collection Set: 113.50ms
[516.310s][info][gc,phases      ] GC(163)   Post Evacuate Collection Set: 0.94ms
[516.310s][info][gc,phases      ] GC(163)   Other: 0.09ms
[516.310s][info][gc,heap        ] GC(163) Eden regions: 1065->0(1057)
[516.310s][info][gc,heap        ] GC(163) Survivor regions: 105->105(147)
[516.310s][info][gc,heap        ] GC(163) Old regions: 547->580
[516.310s][info][gc,heap        ] GC(163) Humongous regions: 77->77
[516.310s][info][gc,metaspace   ] GC(163) Metaspace: 28884K(29184K)->28884K(29184K) NonClass: 24000K(24128K)->24000K(24128K) Class: 4883K(5056K)->4883K(5056K)
[516.310s][info][gc             ] GC(163) Pause Young (Prepare Mixed) (G1 Evacuation Pause) 3587M->1521M(4096M) 115.507ms
[516.310s][info][gc,cpu         ] GC(163) User=0.69s Sys=0.00s Real=0.11s
............[528.799s][info][gc,start       ] GC(164) Pause Young (Mixed) (G1 Evacuation Pause)
[528.799s][info][gc,task        ] GC(164) Using 6 workers of 6 for evacuation
[528.940s][info][gc,phases      ] GC(164)   Pre Evacuate Collection Set: 0.40ms
[528.940s][info][gc,phases      ] GC(164)   Merge Heap Roots: 0.80ms
[528.940s][info][gc,phases      ] GC(164)   Evacuate Collection Set: 131.73ms
[528.940s][info][gc,phases      ] GC(164)   Merge Optional Heap Roots: 0.21ms
[528.940s][info][gc,phases      ] GC(164)   Evacuate Optional Collection Set: 7.03ms
[528.940s][info][gc,phases      ] GC(164)   Post Evacuate Collection Set: 1.07ms
[528.940s][info][gc,phases      ] GC(164)   Other: 0.09ms
[528.940s][info][gc,heap        ] GC(164) Eden regions: 1057->0(1124)
[528.940s][info][gc,heap        ] GC(164) Survivor regions: 105->104(146)
[528.940s][info][gc,heap        ] GC(164) Old regions: 580->461
[528.940s][info][gc,heap        ] GC(164) Humongous regions: 77->77
[528.940s][info][gc,metaspace   ] GC(164) Metaspace: 28884K(29184K)->28884K(29184K) NonClass: 24000K(24128K)->24000K(24128K) Class: 4883K(5056K)->4883K(5056K)
[528.940s][info][gc             ] GC(164) Pause Young (Mixed) (G1 Evacuation Pause) 3635M->1283M(4096M) 141.502ms
[528.940s][info][gc,cpu         ] GC(164) User=0.84s Sys=0.01s Real=0.14s
..............[542.212s][info][gc,start       ] GC(165) Pause Young (Mixed) (G1 Evacuation Pause)
[542.212s][info][gc,task        ] GC(165) Using 6 workers of 6 for evacuation
[542.333s][info][gc,phases      ] GC(165)   Pre Evacuate Collection Set: 0.36ms
[542.333s][info][gc,phases      ] GC(165)   Merge Heap Roots: 0.72ms
[542.333s][info][gc,phases      ] GC(165)   Evacuate Collection Set: 118.71ms
[542.333s][info][gc,phases      ] GC(165)   Post Evacuate Collection Set: 0.88ms
[542.333s][info][gc,phases      ] GC(165)   Other: 0.10ms
[542.333s][info][gc,heap        ] GC(165) Eden regions: 1124->0(1122)
[542.333s][info][gc,heap        ] GC(165) Survivor regions: 104->106(154)
[542.333s][info][gc,heap        ] GC(165) Old regions: 461->493
[542.333s][info][gc,heap        ] GC(165) Humongous regions: 77->77
[542.333s][info][gc,metaspace   ] GC(165) Metaspace: 28885K(29184K)->28885K(29184K) NonClass: 24001K(24128K)->24001K(24128K) Class: 4883K(5056K)->4883K(5056K)
[542.333s][info][gc             ] GC(165) Pause Young (Mixed) (G1 Evacuation Pause) 3531M->1350M(4096M) 120.896ms
[542.333s][info][gc,cpu         ] GC(165) User=0.72s Sys=0.00s Real=0.12s
.............[555.805s][info][gc,start       ] GC(166) Pause Young (Concurrent Start) (G1 Evacuation Pause)
[555.805s][info][gc,task        ] GC(166) Using 6 workers of 6 for evacuation
[555.921s][info][gc,phases      ] GC(166)   Pre Evacuate Collection Set: 0.40ms
[555.921s][info][gc,phases      ] GC(166)   Merge Heap Roots: 0.49ms
[555.921s][info][gc,phases      ] GC(166)   Evacuate Collection Set: 113.39ms
[555.921s][info][gc,phases      ] GC(166)   Post Evacuate Collection Set: 0.90ms
[555.921s][info][gc,phases      ] GC(166)   Other: 0.14ms
[555.921s][info][gc,heap        ] GC(166) Eden regions: 1122->0(1119)
[555.921s][info][gc,heap        ] GC(166) Survivor regions: 106->109(154)
[555.921s][info][gc,heap        ] GC(166) Old regions: 493->524
[555.921s][info][gc,heap        ] GC(166) Humongous regions: 77->77
[555.921s][info][gc,metaspace   ] GC(166) Metaspace: 28885K(29184K)->28885K(29184K) NonClass: 24001K(24128K)->24001K(24128K) Class: 4883K(5056K)->4883K(5056K)
[555.921s][info][gc             ] GC(166) Pause Young (Concurrent Start) (G1 Evacuation Pause) 3594M->1418M(4096M) 115.446ms
[555.921s][info][gc             ] GC(167) Concurrent Mark Cycle
[555.921s][info][gc,marking     ] GC(167) Concurrent Scan Root Regions
[555.921s][info][gc,cpu         ] GC(166) User=0.68s Sys=0.00s Real=0.11s
[556.033s][info][gc,marking     ] GC(167) Concurrent Scan Root Regions 112.111ms
[556.033s][info][gc,marking     ] GC(167) Concurrent Mark
[556.033s][info][gc,marking     ] GC(167) Concurrent Mark From Roots
[556.033s][info][gc,task        ] GC(167) Using 2 workers of 2 for marking
.[556.534s][info][gc,marking     ] GC(167) Concurrent Mark From Roots 500.551ms
[556.534s][info][gc,marking     ] GC(167) Concurrent Preclean
[556.534s][info][gc,marking     ] GC(167) Concurrent Preclean 0.050ms
[556.534s][info][gc,start       ] GC(167) Pause Remark
[556.537s][info][gc             ] GC(167) Pause Remark 1519M->1519M(4096M) 2.872ms
[556.537s][info][gc,cpu         ] GC(167) User=0.01s Sys=0.00s Real=0.00s
[556.537s][info][gc,marking     ] GC(167) Concurrent Mark 503.748ms
[556.537s][info][gc,marking     ] GC(167) Concurrent Rebuild Remembered Sets and Scrub Regions
[556.757s][info][gc,marking     ] GC(167) Concurrent Rebuild Remembered Sets and Scrub Regions 220.709ms
[556.758s][info][gc,start       ] GC(167) Pause Cleanup
[556.758s][info][gc             ] GC(167) Pause Cleanup 1564M->1564M(4096M) 0.138ms
[556.758s][info][gc,cpu         ] GC(167) User=0.00s Sys=0.00s Real=0.00s
[556.758s][info][gc,marking     ] GC(167) Concurrent Clear Claimed Marks
[556.758s][info][gc,marking     ] GC(167) Concurrent Clear Claimed Marks 0.045ms
[556.758s][info][gc,marking     ] GC(167) Concurrent Cleanup for Next Mark
[556.761s][info][gc,marking     ] GC(167) Concurrent Cleanup for Next Mark 3.169ms
[556.761s][info][gc             ] GC(167) Concurrent Mark Cycle 840.250ms
........... (rIR:aIR:PR = 1384:1384:1384) (tPR = 21170) [OK] 
   566s: 
   566s: Building throughput-responsetime curve
   566s: ( 0%)   IR =      0 ...|............................................................ (rIR:aIR:PR = 0:0:0) (tPR = 0) [OK] 
   630s: Performance info:
         Transaction,    Success,    Partial,     Failed,   Receipts, AvgBarcode, 
         Response times:
             Request,    Success,    Partial,     Failed,   SkipFail,     Probes,    Samples,      min,      p50,      p90,      p95,      p99,      max, 

   630s: ( 1%)   IR =    138 ....|................[651.020s][info][gc,start       ] GC(168) Pause Young (Prepare Mixed) (G1 Evacuation Pause)
[651.020s][info][gc,task        ] GC(168) Using 6 workers of 6 for evacuation
[651.136s][info][gc,phases      ] GC(168)   Pre Evacuate Collection Set: 0.30ms
[651.136s][info][gc,phases      ] GC(168)   Merge Heap Roots: 0.56ms
[651.136s][info][gc,phases      ] GC(168)   Evacuate Collection Set: 114.00ms
[651.136s][info][gc,phases      ] GC(168)   Post Evacuate Collection Set: 0.98ms
[651.136s][info][gc,phases      ] GC(168)   Other: 0.09ms
[651.136s][info][gc,heap        ] GC(168) Eden regions: 1119->0(1095)
[651.136s][info][gc,heap        ] GC(168) Survivor regions: 109->108(154)
[651.136s][info][gc,heap        ] GC(168) Old regions: 524->557
[651.136s][info][gc,heap        ] GC(168) Humongous regions: 77->77
[651.136s][info][gc,metaspace   ] GC(168) Metaspace: 28888K(29184K)->28888K(29184K) NonClass: 24004K(24128K)->24004K(24128K) Class: 4883K(5056K)->4883K(5056K)
[651.136s][info][gc             ] GC(168) Pause Young (Prepare Mixed) (G1 Evacuation Pause) 3656M->1481M(4096M) 116.050ms
[651.136s][info][gc,cpu         ] GC(168) User=0.69s Sys=0.00s Real=0.12s
............................................ (rIR:aIR:PR = 138:138:138) (tPR = 2132) [OK] 
   694s: Performance info:
         Transaction,    Success,    Partial,     Failed,   Receipts, AvgBarcode, 
             Overall,       8311,          0,          0,       7891,      59.51, 
         Response times:
             Request,    Success,    Partial,     Failed,   SkipFail,     Probes,    Samples,      min,      p50,      p90,      p95,      p99,      max, 
       TotalPurchase,       7891,          0,          0,          0,       7245,       8284,      300,      400,      500,      600,      800,     1200,
     InStorePurchase,       4149,          0,          0,          0,       3885,       4428,      300,      400,      500,      600,      800,     1200,
      OnlinePurchase,       2914,          0,          0,          0,       2664,       3018,      300,      400,      600,      600,      800,     1100,
        InstPurchase,        828,          0,          0,          0,        696,        838,      400,      500,      600,      600,      800,     1100,
          AssocOfCat,         10,          0,          0,          0,          7,          8,    17400,    21000,    23000,    23000,    23000,    23000,
      AssocOfProduct,         83,          0,          0,          0,         76,         86,      400,      600,      700,      700,     1000,     1000,
      BusinessReport,         23,          0,          0,          0,         21,         22,    19600,    24000,    31200,    42350,    44000,    44000,
          CustBuyBeh,         84,          0,          0,          0,         79,         88,      200,      250,      300,      300,      500,      500,
       ProductReturn,        220,          0,          0,          0,        150,        209,      200,      300,      300,      400,      500,      500,

   694s: ( 2%)   IR =    277 ....|.......................................[737.718s][info][gc,start       ] GC(169) Pause Young (Mixed) (G1 Evacuation Pause)
[737.718s][info][gc,task        ] GC(169) Using 6 workers of 6 for evacuation
[737.863s][info][gc,phases      ] GC(169)   Pre Evacuate Collection Set: 0.39ms
[737.863s][info][gc,phases      ] GC(169)   Merge Heap Roots: 0.90ms
[737.863s][info][gc,phases      ] GC(169)   Evacuate Collection Set: 142.10ms
[737.863s][info][gc,phases      ] GC(169)   Post Evacuate Collection Set: 1.03ms
[737.863s][info][gc,phases      ] GC(169)   Other: 0.10ms
[737.863s][info][gc,heap        ] GC(169) Eden regions: 1095->0(1121)
[737.863s][info][gc,heap        ] GC(169) Survivor regions: 108->107(151)
[737.863s][info][gc,heap        ] GC(169) Old regions: 557->459
[737.863s][info][gc,heap        ] GC(169) Humongous regions: 77->77
[737.863s][info][gc,metaspace   ] GC(169) Metaspace: 28890K(29184K)->28890K(29184K) NonClass: 24006K(24128K)->24006K(24128K) Class: 4883K(5056K)->4883K(5056K)
[737.863s][info][gc             ] GC(169) Pause Young (Mixed) (G1 Evacuation Pause) 3671M->1284M(4096M) 144.636ms
[737.863s][info][gc,cpu         ] GC(169) User=0.86s Sys=0.00s Real=0.15s
..................... (rIR:aIR:PR = 277:277:277) (tPR = 4129) [OK] 
   758s: Performance info:
         Transaction,    Success,    Partial,     Failed,   Receipts, AvgBarcode, 
             Overall,      16635,          0,          0,      15800,      59.46, 
         Response times:
             Request,    Success,    Partial,     Failed,   SkipFail,     Probes,    Samples,      min,      p50,      p90,      p95,      p99,      max, 
       TotalPurchase,      15800,          0,          0,          0,      14858,      16670,      300,      500,      700,      800,     1000,   147000,
     InStorePurchase,       8322,          0,          0,          0,       7827,       8641,      300,      500,      700,      800,     1000,   147000,
      OnlinePurchase,       5812,          0,          0,          0,       5546,       6255,      300,      500,      700,      800,     1000,   147000,
        InstPurchase,       1666,          0,          0,          0,       1485,       1774,      300,      500,      800,      900,     1000,   147000,
          AssocOfCat,         18,          0,          0,          0,         15,         16,    16800,    22000,    26300,    27000,    27000,    27000,
      AssocOfProduct,        168,          0,          0,          0,        128,        180,      400,      700,      800,      900,     1200,     1200,
      BusinessReport,         42,          0,          0,          0,         41,         43,    18700,    26000,    29000,    33000,    39000,    39000,
          CustBuyBeh,        168,          0,          0,          0,        133,        194,      200,      300,      600,      600,      805,      900,
       ProductReturn,        439,          0,          0,          0,        344,        448,      200,      300,      610,      700,      900,     1000,

   758s: ( 3%)   IR =    415 ......|.........................[789.380s][info][gc,start       ] GC(170) Pause Young (Concurrent Start) (G1 Evacuation Pause)
[789.380s][info][gc,task        ] GC(170) Using 6 workers of 6 for evacuation
[789.498s][info][gc,phases      ] GC(170)   Pre Evacuate Collection Set: 0.40ms
[789.498s][info][gc,phases      ] GC(170)   Merge Heap Roots: 0.50ms
[789.498s][info][gc,phases      ] GC(170)   Evacuate Collection Set: 115.35ms
[789.498s][info][gc,phases      ] GC(170)   Post Evacuate Collection Set: 0.89ms
[789.498s][info][gc,phases      ] GC(170)   Other: 0.13ms
[789.498s][info][gc,heap        ] GC(170) Eden regions: 1121->0(1121)
[789.498s][info][gc,heap        ] GC(170) Survivor regions: 107->107(154)
[789.498s][info][gc,heap        ] GC(170) Old regions: 459->492
[789.498s][info][gc,heap        ] GC(170) Humongous regions: 77->77
[789.498s][info][gc,metaspace   ] GC(170) Metaspace: 28891K(29184K)->28891K(29184K) NonClass: 24007K(24128K)->24007K(24128K) Class: 4883K(5056K)->4883K(5056K)
[789.498s][info][gc             ] GC(170) Pause Young (Concurrent Start) (G1 Evacuation Pause) 3526M->1351M(4096M) 117.425ms
[789.498s][info][gc             ] GC(171) Concurrent Mark Cycle
[789.498s][info][gc,marking     ] GC(171) Concurrent Scan Root Regions
[789.498s][info][gc,cpu         ] GC(170) User=0.70s Sys=0.00s Real=0.12s
[789.604s][info][gc,marking     ] GC(171) Concurrent Scan Root Regions 106.393ms
[789.604s][info][gc,marking     ] GC(171) Concurrent Mark
[789.604s][info][gc,marking     ] GC(171) Concurrent Mark From Roots
[789.604s][info][gc,task        ] GC(171) Using 2 workers of 2 for marking
[790.088s][info][gc,marking     ] GC(171) Concurrent Mark From Roots 483.599ms
[790.088s][info][gc,marking     ] GC(171) Concurrent Preclean
[790.088s][info][gc,marking     ] GC(171) Concurrent Preclean 0.048ms
[790.088s][info][gc,start       ] GC(171) Pause Remark
[790.090s][info][gc             ] GC(171) Pause Remark 1387M->1387M(4096M) 2.249ms
[790.090s][info][gc,cpu         ] GC(171) User=0.01s Sys=0.00s Real=0.00s
[790.090s][info][gc,marking     ] GC(171) Concurrent Mark 486.125ms
[790.090s][info][gc,marking     ] GC(171) Concurrent Rebuild Remembered Sets and Scrub Regions
.[790.285s][info][gc,marking     ] GC(171) Concurrent Rebuild Remembered Sets and Scrub Regions 195.016ms
[790.286s][info][gc,start       ] GC(171) Pause Cleanup
[790.286s][info][gc             ] GC(171) Pause Cleanup 1394M->1394M(4096M) 0.118ms
[790.286s][info][gc,cpu         ] GC(171) User=0.00s Sys=0.00s Real=0.00s
[790.286s][info][gc,marking     ] GC(171) Concurrent Clear Claimed Marks
[790.286s][info][gc,marking     ] GC(171) Concurrent Clear Claimed Marks 0.026ms
[790.286s][info][gc,marking     ] GC(171) Concurrent Cleanup for Next Mark
[790.289s][info][gc,marking     ] GC(171) Concurrent Cleanup for Next Mark 3.172ms
[790.289s][info][gc             ] GC(171) Concurrent Mark Cycle 791.127ms
.................................. (rIR:aIR:PR = 415:415:415) (tPR = 6185) [OK] 
   824s: Performance info:
         Transaction,    Success,    Partial,     Failed,   Receipts, AvgBarcode, 
             Overall,      24918,          0,          0,      23672,      59.47, 
         Response times:
             Request,    Success,    Partial,     Failed,   SkipFail,     Probes,    Samples,      min,      p50,      p90,      p95,      p99,      max, 
       TotalPurchase,      23672,          0,          0,          0,      22434,      25492,      300,      600,      900,     1000,     1200,     6900,
     InStorePurchase,      12461,          0,          0,          0,      11899,      13317,      300,      500,      800,      900,     1100,     6600,
      OnlinePurchase,       8720,          0,          0,          0,       8277,       9488,      300,      600,      900,     1000,     1300,     6900,
        InstPurchase,       2491,          0,          0,          0,       2258,       2687,      400,      700,     1000,     1100,     1300,     6900,
          AssocOfCat,         24,          0,          0,          0,         24,         26,    17700,    23000,    26900,    30300,    31000,    31000,
      AssocOfProduct,        247,          0,          0,          0,        184,        261,      500,      800,     1100,     1200,     1690,     5700,
      BusinessReport,         63,          0,          0,          0,         55,         68,    20000,    27000,    31000,    34550,   158000,   158000,
          CustBuyBeh,        250,          0,          0,          0,        205,        275,      200,      500,      700,      900,      900,     1000,
       ProductReturn,        662,          0,          0,          0,        559,        698,      200,      500,      800,      900,     1201,     6900,

   824s: ( 4%)   IR =    553 ......|.[831.835s][info][gc,start       ] GC(172) Pause Young (Prepare Mixed) (G1 Evacuation Pause)
[831.835s][info][gc,task        ] GC(172) Using 6 workers of 6 for evacuation
[831.950s][info][gc,phases      ] GC(172)   Pre Evacuate Collection Set: 0.38ms
[831.950s][info][gc,phases      ] GC(172)   Merge Heap Roots: 0.58ms
[831.950s][info][gc,phases      ] GC(172)   Evacuate Collection Set: 113.17ms
[831.950s][info][gc,phases      ] GC(172)   Post Evacuate Collection Set: 0.95ms
[831.950s][info][gc,phases      ] GC(172)   Other: 0.10ms
[831.950s][info][gc,heap        ] GC(172) Eden regions: 1121->0(1120)
[831.950s][info][gc,heap        ] GC(172) Survivor regions: 107->108(154)
[831.950s][info][gc,heap        ] GC(172) Old regions: 492->524
[831.950s][info][gc,heap        ] GC(172) Humongous regions: 77->77
[831.950s][info][gc,metaspace   ] GC(172) Metaspace: 28896K(29184K)->28896K(29184K) NonClass: 24012K(24128K)->24012K(24128K) Class: 4883K(5056K)->4883K(5056K)
[831.950s][info][gc             ] GC(172) Pause Young (Prepare Mixed) (G1 Evacuation Pause) 3593M->1415M(4096M) 115.310ms
[831.950s][info][gc,cpu         ] GC(172) User=0.69s Sys=0.00s Real=0.11s
..................................[865.757s][info][gc,start       ] GC(173) Pause Young (Mixed) (G1 Evacuation Pause)
[865.757s][info][gc,task        ] GC(173) Using 6 workers of 6 for evacuation
[865.890s][info][gc,phases      ] GC(173)   Pre Evacuate Collection Set: 0.45ms
[865.890s][info][gc,phases      ] GC(173)   Merge Heap Roots: 0.82ms
[865.890s][info][gc,phases      ] GC(173)   Evacuate Collection Set: 130.98ms
[865.890s][info][gc,phases      ] GC(173)   Post Evacuate Collection Set: 0.97ms
[865.890s][info][gc,phases      ] GC(173)   Other: 0.09ms
[865.890s][info][gc,heap        ] GC(173) Eden regions: 1120->0(1120)
[865.890s][info][gc,heap        ] GC(173) Survivor regions: 108->108(154)
[865.890s][info][gc,heap        ] GC(173) Old regions: 524->464
[865.890s][info][gc,heap        ] GC(173) Humongous regions: 77->77
[865.890s][info][gc,metaspace   ] GC(173) Metaspace: 28896K(29184K)->28896K(29184K) NonClass: 24012K(24128K)->24012K(24128K) Class: 4883K(5056K)->4883K(5056K)
[865.890s][info][gc             ] GC(173) Pause Young (Mixed) (G1 Evacuation Pause) 3655M->1296M(4096M) 133.449ms
[865.890s][info][gc,cpu         ] GC(173) User=0.79s Sys=0.00s Real=0.13s
......................... (rIR:aIR:PR = 553:553:553) (tPR = 8248) [OK] 
   890s: Performance info:
         Transaction,    Success,    Partial,     Failed,   Receipts, AvgBarcode, 
             Overall,      33169,          0,          0,      31510,      59.48, 
         Response times:
             Request,    Success,    Partial,     Failed,   SkipFail,     Probes,    Samples,      min,      p50,      p90,      p95,      p99,      max, 
       TotalPurchase,      31510,          0,          0,          0,      30210,      34258,      300,      700,     1100,     1200,     1500,   136000,
     InStorePurchase,      16576,          0,          0,          0,      16025,      18075,      300,      700,     1100,     1200,     1500,   135000,
      OnlinePurchase,      11608,          0,          0,          0,      11117,      12599,      300,      700,     1100,     1200,     1500,   136000,
        InstPurchase,       3326,          0,          0,          0,       3068,       3584,      400,      800,     1100,     1300,     1500,   117000,
          AssocOfCat,         34,          0,          0,          0,         33,         36,    18100,    23000,    25300,    28450,    31000,    31000,
      AssocOfProduct,        331,          0,          0,          0,        257,        352,      400,     1000,     1200,     1400,     1888,     2700,
      BusinessReport,         83,          0,          0,          0,         80,         91,    19200,    26000,    30000,    32000,    32000,    32000,
          CustBuyBeh,        332,          0,          0,          0,        267,        368,      200,      500,      800,      900,     1193,     3300,
       ProductReturn,        879,          0,          0,          0,        753,        935,      200,      500,      900,     1000,     1200,     1900,

   890s: ( 5%)   IR =    692 ......|.[898.238s][info][gc,start       ] GC(174) Pause Young (Concurrent Start) (G1 Evacuation Pause)
[898.238s][info][gc,task        ] GC(174) Using 6 workers of 6 for evacuation
[898.358s][info][gc,phases      ] GC(174)   Pre Evacuate Collection Set: 0.43ms
[898.358s][info][gc,phases      ] GC(174)   Merge Heap Roots: 0.56ms
[898.358s][info][gc,phases      ] GC(174)   Evacuate Collection Set: 118.07ms
[898.358s][info][gc,phases      ] GC(174)   Post Evacuate Collection Set: 0.88ms
[898.358s][info][gc,phases      ] GC(174)   Other: 0.13ms
[898.358s][info][gc,heap        ] GC(174) Eden regions: 1120->0(1118)
[898.358s][info][gc,heap        ] GC(174) Survivor regions: 108->110(154)
[898.358s][info][gc,heap        ] GC(174) Old regions: 464->496
[898.358s][info][gc,heap        ] GC(174) Humongous regions: 77->77
[898.358s][info][gc,metaspace   ] GC(174) Metaspace: 28900K(29184K)->28900K(29184K) NonClass: 24016K(24128K)->24016K(24128K) Class: 4883K(5056K)->4883K(5056K)
[898.358s][info][gc             ] GC(174) Pause Young (Concurrent Start) (G1 Evacuation Pause) 3536M->1364M(4096M) 120.201ms
[898.358s][info][gc             ] GC(175) Concurrent Mark Cycle
[898.358s][info][gc,marking     ] GC(175) Concurrent Scan Root Regions
[898.358s][info][gc,cpu         ] GC(174) User=0.71s Sys=0.00s Real=0.12s
.[898.523s][info][gc,marking     ] GC(175) Concurrent Scan Root Regions 165.431ms
[898.523s][info][gc,marking     ] GC(175) Concurrent Mark
[898.523s][info][gc,marking     ] GC(175) Concurrent Mark From Roots
[898.523s][info][gc,task        ] GC(175) Using 2 workers of 2 for marking
[899.350s][info][gc,marking     ] GC(175) Concurrent Mark From Roots 826.929ms
[899.350s][info][gc,marking     ] GC(175) Concurrent Preclean
[899.350s][info][gc,marking     ] GC(175) Concurrent Preclean 0.044ms
[899.350s][info][gc,start       ] GC(175) Pause Remark
[899.353s][info][gc             ] GC(175) Pause Remark 1465M->1465M(4096M) 2.601ms
[899.353s][info][gc,cpu         ] GC(175) User=0.02s Sys=0.00s Real=0.01s
[899.353s][info][gc,marking     ] GC(175) Concurrent Mark 829.801ms
[899.353s][info][gc,marking     ] GC(175) Concurrent Rebuild Remembered Sets and Scrub Regions
.[899.723s][info][gc,marking     ] GC(175) Concurrent Rebuild Remembered Sets and Scrub Regions 370.004ms
[899.723s][info][gc,start       ] GC(175) Pause Cleanup
[899.723s][info][gc             ] GC(175) Pause Cleanup 1500M->1500M(4096M) 0.132ms
[899.723s][info][gc,cpu         ] GC(175) User=0.00s Sys=0.00s Real=0.00s
[899.724s][info][gc,marking     ] GC(175) Concurrent Clear Claimed Marks
[899.724s][info][gc,marking     ] GC(175) Concurrent Clear Claimed Marks 0.039ms
[899.724s][info][gc,marking     ] GC(175) Concurrent Cleanup for Next Mark
[899.727s][info][gc,marking     ] GC(175) Concurrent Cleanup for Next Mark 3.868ms
[899.727s][info][gc             ] GC(175) Concurrent Mark Cycle 1369.638ms
..........................[925.520s][info][gc,start       ] GC(176) Pause Young (Prepare Mixed) (G1 Evacuation Pause)
[925.520s][info][gc,task        ] GC(176) Using 6 workers of 6 for evacuation
[925.635s][info][gc,phases      ] GC(176)   Pre Evacuate Collection Set: 0.35ms
[925.635s][info][gc,phases      ] GC(176)   Merge Heap Roots: 0.54ms
[925.635s][info][gc,phases      ] GC(176)   Evacuate Collection Set: 113.12ms
[925.635s][info][gc,phases      ] GC(176)   Post Evacuate Collection Set: 0.89ms
[925.635s][info][gc,phases      ] GC(176)   Other: 0.09ms
[925.635s][info][gc,heap        ] GC(176) Eden regions: 1118->0(1120)
[925.635s][info][gc,heap        ] GC(176) Survivor regions: 110->108(154)
[925.635s][info][gc,heap        ] GC(176) Old regions: 496->527
[925.635s][info][gc,heap        ] GC(176) Humongous regions: 77->77
[925.635s][info][gc,metaspace   ] GC(176) Metaspace: 28901K(29184K)->28901K(29184K) NonClass: 24018K(24128K)->24018K(24128K) Class: 4883K(5056K)->4883K(5056K)
[925.635s][info][gc             ] GC(176) Pause Young (Prepare Mixed) (G1 Evacuation Pause) 3600M->1422M(4096M) 115.127ms
[925.635s][info][gc,cpu         ] GC(176) User=0.68s Sys=0.00s Real=0.12s
...........................[952.979s][info][gc,start       ] GC(177) Pause Young (Mixed) (G1 Evacuation Pause)
[952.979s][info][gc,task        ] GC(177) Using 6 workers of 6 for evacuation
[953.113s][info][gc,phases      ] GC(177)   Pre Evacuate Collection Set: 0.41ms
[953.113s][info][gc,phases      ] GC(177)   Merge Heap Roots: 0.70ms
[953.113s][info][gc,phases      ] GC(177)   Evacuate Collection Set: 132.41ms
[953.113s][info][gc,phases      ] GC(177)   Post Evacuate Collection Set: 0.97ms
[953.113s][info][gc,phases      ] GC(177)   Other: 0.10ms
[953.113s][info][gc,heap        ] GC(177) Eden regions: 1120->0(1119)
[953.113s][info][gc,heap        ] GC(177) Survivor regions: 108->109(154)
[953.113s][info][gc,heap        ] GC(177) Old regions: 527->461
[953.113s][info][gc,heap        ] GC(177) Humongous regions: 77->77
[953.113s][info][gc,metaspace   ] GC(177) Metaspace: 28901K(29184K)->28901K(29184K) NonClass: 24018K(24128K)->24018K(24128K) Class: 4883K(5056K)->4883K(5056K)
[953.113s][info][gc             ] GC(177) Pause Young (Mixed) (G1 Evacuation Pause) 3662M->1292M(4096M) 134.731ms
[953.113s][info][gc,cpu         ] GC(177) User=0.80s Sys=0.00s Real=0.14s
.... (rIR:aIR:PR = 692:692:692) (tPR = 10352) [OK] 
   956s: Performance info:
         Transaction,    Success,    Partial,     Failed,   Receipts, AvgBarcode, 
             Overall,      41579,          0,          0,      39503,      59.49, 
         Response times:
             Request,    Success,    Partial,     Failed,   SkipFail,     Probes,    Samples,      min,      p50,      p90,      p95,      p99,      max, 
       TotalPurchase,      39503,          0,          0,          0,      37887,      43062,      300,      900,     1300,     1400,     1800,   137000,
     InStorePurchase,      20796,          0,          0,          0,      20052,      22599,      300,      900,     1300,     1400,     1800,   137000,
      OnlinePurchase,      14548,          0,          0,          0,      13919,      15850,      300,      900,     1300,     1400,     1800,   137000,
        InstPurchase,       4159,          0,          0,          0,       3916,       4613,      400,      800,     1200,     1300,     1700,     6600,
          AssocOfCat,         40,          0,          0,          0,         38,         44,    18400,    23000,    27000,    29000,    32000,    32000,
      AssocOfProduct,        417,          0,          0,          0,        336,        441,      500,     1000,     1400,     1500,     4224,   118000,
      BusinessReport,        104,          0,          0,          0,        103,        113,    19300,    26000,    31000,    32600,   137020,   152000,
          CustBuyBeh,        414,          0,          0,          0,        339,        442,      200,      800,     1100,     1300,     3739,     4900,
       ProductReturn,       1101,          0,          0,          0,        999,       1248,      200,      900,     1200,     1300,     1700,   137000,

   956s: ( 6%)   IR =    830 ....|................[976.442s][info][gc,start       ] GC(178) Pause Young (Concurrent Start) (G1 Evacuation Pause)
[976.442s][info][gc,task        ] GC(178) Using 6 workers of 6 for evacuation
[976.560s][info][gc,phases      ] GC(178)   Pre Evacuate Collection Set: 0.45ms
[976.560s][info][gc,phases      ] GC(178)   Merge Heap Roots: 0.52ms
[976.560s][info][gc,phases      ] GC(178)   Evacuate Collection Set: 115.66ms
[976.560s][info][gc,phases      ] GC(178)   Post Evacuate Collection Set: 0.86ms
[976.560s][info][gc,phases      ] GC(178)   Other: 0.12ms
[976.560s][info][gc,heap        ] GC(178) Eden regions: 1119->0(1119)
[976.560s][info][gc,heap        ] GC(178) Survivor regions: 109->109(154)
[976.560s][info][gc,heap        ] GC(178) Old regions: 461->493
[976.560s][info][gc,heap        ] GC(178) Humongous regions: 77->77
[976.560s][info][gc,metaspace   ] GC(178) Metaspace: 28907K(29184K)->28907K(29184K) NonClass: 24023K(24128K)->24023K(24128K) Class: 4883K(5056K)->4883K(5056K)
[976.560s][info][gc             ] GC(178) Pause Young (Concurrent Start) (G1 Evacuation Pause) 3530M->1357M(4096M) 117.743ms
[976.560s][info][gc             ] GC(179) Concurrent Mark Cycle
[976.560s][info][gc,marking     ] GC(179) Concurrent Scan Root Regions
[976.560s][info][gc,cpu         ] GC(178) User=0.70s Sys=0.00s Real=0.11s
[976.670s][info][gc,marking     ] GC(179) Concurrent Scan Root Regions 110.454ms
[976.670s][info][gc,marking     ] GC(179) Concurrent Mark
[976.670s][info][gc,marking     ] GC(179) Concurrent Mark From Roots
[976.670s][info][gc,task        ] GC(179) Using 2 workers of 2 for marking
[977.174s][info][gc,marking     ] GC(179) Concurrent Mark From Roots 503.846ms
[977.174s][info][gc,marking     ] GC(179) Concurrent Preclean
[977.174s][info][gc,marking     ] GC(179) Concurrent Preclean 0.051ms
[977.174s][info][gc,start       ] GC(179) Pause Remark
[977.177s][info][gc             ] GC(179) Pause Remark 1425M->1425M(4096M) 2.456ms
[977.177s][info][gc,cpu         ] GC(179) User=0.01s Sys=0.00s Real=0.00s
[977.177s][info][gc,marking     ] GC(179) Concurrent Mark 506.594ms
[977.177s][info][gc,marking     ] GC(179) Concurrent Rebuild Remembered Sets and Scrub Regions
[977.373s][info][gc,marking     ] GC(179) Concurrent Rebuild Remembered Sets and Scrub Regions 195.599ms
[977.373s][info][gc,start       ] GC(179) Pause Cleanup
[977.373s][info][gc             ] GC(179) Pause Cleanup 1441M->1441M(4096M) 0.120ms
[977.373s][info][gc,cpu         ] GC(179) User=0.00s Sys=0.00s Real=0.00s
[977.373s][info][gc,marking     ] GC(179) Concurrent Clear Claimed Marks
[977.373s][info][gc,marking     ] GC(179) Concurrent Clear Claimed Marks 0.031ms
[977.373s][info][gc,marking     ] GC(179) Concurrent Cleanup for Next Mark
[977.376s][info][gc,marking     ] GC(179) Concurrent Cleanup for Next Mark 3.219ms
[977.376s][info][gc             ] GC(179) Concurrent Mark Cycle 816.386ms
.......................[999.627s][info][gc,start       ] GC(180) Pause Young (Prepare Mixed) (G1 Evacuation Pause)
[999.627s][info][gc,task        ] GC(180) Using 6 workers of 6 for evacuation
[999.743s][info][gc,phases      ] GC(180)   Pre Evacuate Collection Set: 0.33ms
[999.743s][info][gc,phases      ] GC(180)   Merge Heap Roots: 0.53ms
[999.743s][info][gc,phases      ] GC(180)   Evacuate Collection Set: 114.29ms
[999.743s][info][gc,phases      ] GC(180)   Post Evacuate Collection Set: 0.93ms
[999.743s][info][gc,phases      ] GC(180)   Other: 0.10ms
[999.743s][info][gc,heap        ] GC(180) Eden regions: 1119->0(1119)
[999.743s][info][gc,heap        ] GC(180) Survivor regions: 109->109(154)
[999.743s][info][gc,heap        ] GC(180) Old regions: 493->526
[999.743s][info][gc,heap        ] GC(180) Humongous regions: 77->77
[999.743s][info][gc,metaspace   ] GC(180) Metaspace: 28908K(29184K)->28908K(29184K) NonClass: 24024K(24128K)->24024K(24128K) Class: 4883K(5056K)->4883K(5056K)
[999.743s][info][gc             ] GC(180) Pause Young (Prepare Mixed) (G1 Evacuation Pause) 3595M->1421M(4096M) 116.330ms
[999.743s][info][gc,cpu         ] GC(180) User=0.69s Sys=0.00s Real=0.12s
..................... (rIR:aIR:PR = 830:830:830) (tPR = 12361) [OK] 
  1020s: Performance info:
         Transaction,    Success,    Partial,     Failed,   Receipts, AvgBarcode, 
             Overall,      49809,          0,          0,      47313,      59.47, 
         Response times:
             Request,    Success,    Partial,     Failed,   SkipFail,     Probes,    Samples,      min,      p50,      p90,      p95,      p99,      max, 
       TotalPurchase,      47313,          0,          0,          0,      45398,      49674,      300,     1000,     1400,     1500,     1900,   122000,
     InStorePurchase,      24929,          0,          0,          0,      24085,      26183,      300,     1000,     1400,     1500,     1900,   122000,
      OnlinePurchase,      17409,          0,          0,          0,      16638,      18247,      300,     1000,     1400,     1500,     1900,   120000,
        InstPurchase,       4975,          0,          0,          0,       4675,       5244,      400,     1000,     1400,     1600,     1900,     4200,
          AssocOfCat,         50,          0,          0,          0,         48,         52,    18000,    23000,    27000,    28000,    30000,    30000,
      AssocOfProduct,        501,          0,          0,          0,        419,        522,      500,     1000,     1300,     1400,     1600,     1900,
      BusinessReport,        128,          0,          0,          0,         86,        135,    19600,    27000,    31000,    37600,   123840,   162000,
          CustBuyBeh,        497,          0,          0,          0,        411,        519,      200,      800,     1300,     1400,     1600,     2200,
       ProductReturn,       1320,          0,          0,          0,       1174,       1338,      200,      900,     1200,     1400,     1561,     2500,

  1020s: ( 7%)   IR =    969 .[1022.329s][info][gc,start       ] GC(181) Pause Young (Mixed) (G1 Evacuation Pause)
[1022.329s][info][gc,task        ] GC(181) Using 6 workers of 6 for evacuation
[1022.459s][info][gc,phases      ] GC(181)   Pre Evacuate Collection Set: 0.41ms
[1022.459s][info][gc,phases      ] GC(181)   Merge Heap Roots: 0.68ms
[1022.459s][info][gc,phases      ] GC(181)   Evacuate Collection Set: 128.25ms
[1022.459s][info][gc,phases      ] GC(181)   Post Evacuate Collection Set: 0.95ms
[1022.459s][info][gc,phases      ] GC(181)   Other: 0.09ms
[1022.459s][info][gc,heap        ] GC(181) Eden regions: 1119->0(1119)
[1022.459s][info][gc,heap        ] GC(181) Survivor regions: 109->109(154)
[1022.459s][info][gc,heap        ] GC(181) Old regions: 526->463
[1022.459s][info][gc,heap        ] GC(181) Humongous regions: 77->77
[1022.459s][info][gc,metaspace   ] GC(181) Metaspace: 28911K(29184K)->28911K(29184K) NonClass: 24028K(24128K)->24028K(24128K) Class: 4883K(5056K)->4883K(5056K)
[1022.459s][info][gc             ] GC(181) Pause Young (Mixed) (G1 Evacuation Pause) 3659M->1296M(4096M) 130.514ms
[1022.459s][info][gc,cpu         ] GC(181) User=0.78s Sys=0.00s Real=0.13s
....|................[1041.874s][info][gc,start       ] GC(182) Pause Young (Concurrent Start) (G1 Evacuation Pause)
[1041.874s][info][gc,task        ] GC(182) Using 6 workers of 6 for evacuation
[1041.990s][info][gc,phases      ] GC(182)   Pre Evacuate Collection Set: 0.39ms
[1041.990s][info][gc,phases      ] GC(182)   Merge Heap Roots: 0.46ms
[1041.990s][info][gc,phases      ] GC(182)   Evacuate Collection Set: 114.19ms
[1041.990s][info][gc,phases      ] GC(182)   Post Evacuate Collection Set: 0.89ms
[1041.990s][info][gc,phases      ] GC(182)   Other: 0.11ms
[1041.990s][info][gc,heap        ] GC(182) Eden regions: 1119->0(1120)
[1041.990s][info][gc,heap        ] GC(182) Survivor regions: 109->108(154)
[1041.990s][info][gc,heap        ] GC(182) Old regions: 463->496
[1041.990s][info][gc,heap        ] GC(182) Humongous regions: 77->77
[1041.990s][info][gc,metaspace   ] GC(182) Metaspace: 28912K(29184K)->28912K(29184K) NonClass: 24029K(24128K)->24029K(24128K) Class: 4883K(5056K)->4883K(5056K)
[1041.991s][info][gc             ] GC(182) Pause Young (Concurrent Start) (G1 Evacuation Pause) 3534M->1361M(4096M) 116.180ms
[1041.991s][info][gc             ] GC(183) Concurrent Mark Cycle
[1041.991s][info][gc,marking     ] GC(183) Concurrent Scan Root Regions
[1041.991s][info][gc,cpu         ] GC(182) User=0.69s Sys=0.00s Real=0.11s
[1042.101s][info][gc,marking     ] GC(183) Concurrent Scan Root Regions 110.346ms
[1042.101s][info][gc,marking     ] GC(183) Concurrent Mark
[1042.101s][info][gc,marking     ] GC(183) Concurrent Mark From Roots
[1042.101s][info][gc,task        ] GC(183) Using 2 workers of 2 for marking
.[1042.601s][info][gc,marking     ] GC(183) Concurrent Mark From Roots 499.612ms
[1042.601s][info][gc,marking     ] GC(183) Concurrent Preclean
[1042.601s][info][gc,marking     ] GC(183) Concurrent Preclean 0.057ms
[1042.601s][info][gc,start       ] GC(183) Pause Remark
[1042.603s][info][gc             ] GC(183) Pause Remark 1437M->1437M(4096M) 2.593ms
[1042.603s][info][gc,cpu         ] GC(183) User=0.01s Sys=0.00s Real=0.01s
[1042.603s][info][gc,marking     ] GC(183) Concurrent Mark 502.526ms
[1042.604s][info][gc,marking     ] GC(183) Concurrent Rebuild Remembered Sets and Scrub Regions
[1042.798s][info][gc,marking     ] GC(183) Concurrent Rebuild Remembered Sets and Scrub Regions 194.574ms
[1042.798s][info][gc,start       ] GC(183) Pause Cleanup
[1042.798s][info][gc             ] GC(183) Pause Cleanup 1456M->1456M(4096M) 0.125ms
[1042.798s][info][gc,cpu         ] GC(183) User=0.00s Sys=0.00s Real=0.00s
[1042.798s][info][gc,marking     ] GC(183) Concurrent Clear Claimed Marks
[1042.798s][info][gc,marking     ] GC(183) Concurrent Clear Claimed Marks 0.032ms
[1042.798s][info][gc,marking     ] GC(183) Concurrent Cleanup for Next Mark
[1042.802s][info][gc,marking     ] GC(183) Concurrent Cleanup for Next Mark 3.153ms
[1042.802s][info][gc             ] GC(183) Concurrent Mark Cycle 811.078ms
...................[1061.725s][info][gc,start       ] GC(184) Pause Young (Prepare Mixed) (G1 Evacuation Pause)
[1061.725s][info][gc,task        ] GC(184) Using 6 workers of 6 for evacuation
[1061.842s][info][gc,phases      ] GC(184)   Pre Evacuate Collection Set: 0.35ms
[1061.842s][info][gc,phases      ] GC(184)   Merge Heap Roots: 0.54ms
[1061.842s][info][gc,phases      ] GC(184)   Evacuate Collection Set: 114.92ms
[1061.842s][info][gc,phases      ] GC(184)   Post Evacuate Collection Set: 0.96ms
[1061.842s][info][gc,phases      ] GC(184)   Other: 0.09ms
[1061.842s][info][gc,heap        ] GC(184) Eden regions: 1120->0(1119)
[1061.842s][info][gc,heap        ] GC(184) Survivor regions: 108->109(154)
[1061.842s][info][gc,heap        ] GC(184) Old regions: 496->529
[1061.842s][info][gc,heap        ] GC(184) Humongous regions: 77->77
[1061.842s][info][gc,metaspace   ] GC(184) Metaspace: 28913K(29184K)->28913K(29184K) NonClass: 24029K(24128K)->24029K(24128K) Class: 4883K(5056K)->4883K(5056K)
[1061.842s][info][gc             ] GC(184) Pause Young (Prepare Mixed) (G1 Evacuation Pause) 3601M->1427M(4096M) 117.018ms
[1061.842s][info][gc,cpu         ] GC(184) User=0.69s Sys=0.00s Real=0.12s
....................[1081.558s][info][gc,start       ] GC(185) Pause Young (Mixed) (G1 Evacuation Pause)
[1081.558s][info][gc,task        ] GC(185) Using 6 workers of 6 for evacuation
[1081.689s][info][gc,phases      ] GC(185)   Pre Evacuate Collection Set: 0.37ms
[1081.689s][info][gc,phases      ] GC(185)   Merge Heap Roots: 0.63ms
[1081.689s][info][gc,phases      ] GC(185)   Evacuate Collection Set: 129.28ms
[1081.689s][info][gc,phases      ] GC(185)   Post Evacuate Collection Set: 0.93ms
[1081.689s][info][gc,phases      ] GC(185)   Other: 0.09ms
[1081.689s][info][gc,heap        ] GC(185) Eden regions: 1119->0(1119)
[1081.689s][info][gc,heap        ] GC(185) Survivor regions: 109->109(154)
[1081.689s][info][gc,heap        ] GC(185) Old regions: 529->464
[1081.689s][info][gc,heap        ] GC(185) Humongous regions: 77->77
[1081.689s][info][gc,metaspace   ] GC(185) Metaspace: 28915K(29184K)->28915K(29184K) NonClass: 24032K(24128K)->24032K(24128K) Class: 4883K(5056K)->4883K(5056K)
[1081.689s][info][gc             ] GC(185) Pause Young (Mixed) (G1 Evacuation Pause) 3665M->1299M(4096M) 131.417ms
[1081.689s][info][gc,cpu         ] GC(185) User=0.79s Sys=0.00s Real=0.13s
.... (rIR:aIR:PR = 969:969:969) (tPR = 14490) [OK] 
  1085s: Performance info:
         Transaction,    Success,    Partial,     Failed,   Receipts, AvgBarcode, 
             Overall,      58191,          0,          0,      55288,      59.48, 
         Response times:
             Request,    Success,    Partial,     Failed,   SkipFail,     Probes,    Samples,      min,      p50,      p90,      p95,      p99,      max, 
       TotalPurchase,      55288,          0,          0,          0,      53703,      59284,      300,     1100,     1600,     1700,     2400,   134000,
     InStorePurchase,      29086,          0,          0,          0,      28486,      31320,      300,     1100,     1600,     1700,     2300,   133000,
      OnlinePurchase,      20385,          0,          0,          0,      19714,      21715,      300,     1100,     1600,     1700,     2500,   134000,
        InstPurchase,       5817,          0,          0,          0,       5503,       6249,      400,     1200,     1700,     1800,     2600,    10900,
          AssocOfCat,         58,          0,          0,          0,         54,         62,    17900,    24000,    27000,    28000,    32000,    32000,
      AssocOfProduct,        580,          0,          0,          0,        506,        656,      400,     1200,     1700,     1800,     2200,     3500,
      BusinessReport,        145,          0,          0,          0,        100,        139,    19400,    28000,    34000,    36000,    52000,    54000,
          CustBuyBeh,        580,          0,          0,          0,        468,        617,      300,     1000,     1500,     1600,     3530,     8600,
       ProductReturn,       1540,          0,          0,          0,       1384,       1632,      200,      900,     1300,     1500,     2434,     6900,

  1085s: ( 8%)   IR =   1107 ....|.........[1099.076s][info][gc,start       ] GC(186) Pause Young (Concurrent Start) (G1 Evacuation Pause)
[1099.076s][info][gc,task        ] GC(186) Using 6 workers of 6 for evacuation
[1099.193s][info][gc,phases      ] GC(186)   Pre Evacuate Collection Set: 0.45ms
[1099.193s][info][gc,phases      ] GC(186)   Merge Heap Roots: 0.51ms
[1099.193s][info][gc,phases      ] GC(186)   Evacuate Collection Set: 114.75ms
[1099.193s][info][gc,phases      ] GC(186)   Post Evacuate Collection Set: 0.89ms
[1099.193s][info][gc,phases      ] GC(186)   Other: 0.13ms
[1099.193s][info][gc,heap        ] GC(186) Eden regions: 1119->0(1119)
[1099.193s][info][gc,heap        ] GC(186) Survivor regions: 109->109(154)
[1099.193s][info][gc,heap        ] GC(186) Old regions: 464->497
[1099.193s][info][gc,heap        ] GC(186) Humongous regions: 77->77
[1099.193s][info][gc,metaspace   ] GC(186) Metaspace: 28916K(29184K)->28916K(29184K) NonClass: 24033K(24128K)->24033K(24128K) Class: 4883K(5056K)->4883K(5056K)
[1099.193s][info][gc             ] GC(186) Pause Young (Concurrent Start) (G1 Evacuation Pause) 3537M->1364M(4096M) 116.853ms
[1099.193s][info][gc             ] GC(187) Concurrent Mark Cycle
[1099.193s][info][gc,marking     ] GC(187) Concurrent Scan Root Regions
[1099.193s][info][gc,cpu         ] GC(186) User=0.69s Sys=0.00s Real=0.12s
[1099.306s][info][gc,marking     ] GC(187) Concurrent Scan Root Regions 112.945ms
[1099.306s][info][gc,marking     ] GC(187) Concurrent Mark
[1099.306s][info][gc,marking     ] GC(187) Concurrent Mark From Roots
[1099.306s][info][gc,task        ] GC(187) Using 2 workers of 2 for marking
.[1099.807s][info][gc,marking     ] GC(187) Concurrent Mark From Roots 500.856ms
[1099.807s][info][gc,marking     ] GC(187) Concurrent Preclean
[1099.807s][info][gc,marking     ] GC(187) Concurrent Preclean 0.052ms
[1099.807s][info][gc,start       ] GC(187) Pause Remark
[1099.810s][info][gc             ] GC(187) Pause Remark 1462M->1462M(4096M) 2.863ms
[1099.810s][info][gc,cpu         ] GC(187) User=0.01s Sys=0.00s Real=0.00s
[1099.810s][info][gc,marking     ] GC(187) Concurrent Mark 504.022ms
[1099.810s][info][gc,marking     ] GC(187) Concurrent Rebuild Remembered Sets and Scrub Regions
[1100.005s][info][gc,marking     ] GC(187) Concurrent Rebuild Remembered Sets and Scrub Regions 194.884ms
[1100.005s][info][gc,start       ] GC(187) Pause Cleanup
[1100.005s][info][gc             ] GC(187) Pause Cleanup 1483M->1483M(4096M) 0.121ms
[1100.005s][info][gc,cpu         ] GC(187) User=0.00s Sys=0.00s Real=0.00s
[1100.005s][info][gc,marking     ] GC(187) Concurrent Clear Claimed Marks
[1100.005s][info][gc,marking     ] GC(187) Concurrent Clear Claimed Marks 0.032ms
[1100.005s][info][gc,marking     ] GC(187) Concurrent Cleanup for Next Mark
[1100.008s][info][gc,marking     ] GC(187) Concurrent Cleanup for Next Mark 3.187ms
[1100.008s][info][gc             ] GC(187) Concurrent Mark Cycle 815.509ms
................[1116.358s][info][gc,start       ] GC(188) Pause Young (Prepare Mixed) (G1 Evacuation Pause)
[1116.358s][info][gc,task        ] GC(188) Using 6 workers of 6 for evacuation
[1116.476s][info][gc,phases      ] GC(188)   Pre Evacuate Collection Set: 0.35ms
[1116.476s][info][gc,phases      ] GC(188)   Merge Heap Roots: 0.54ms
[1116.476s][info][gc,phases      ] GC(188)   Evacuate Collection Set: 116.73ms
[1116.476s][info][gc,phases      ] GC(188)   Post Evacuate Collection Set: 0.93ms
[1116.476s][info][gc,phases      ] GC(188)   Other: 0.09ms
[1116.476s][info][gc,heap        ] GC(188) Eden regions: 1119->0(1118)
[1116.476s][info][gc,heap        ] GC(188) Survivor regions: 109->110(154)
[1116.476s][info][gc,heap        ] GC(188) Old regions: 497->530
[1116.476s][info][gc,heap        ] GC(188) Humongous regions: 77->77
[1116.477s][info][gc,metaspace   ] GC(188) Metaspace: 28916K(29184K)->28916K(29184K) NonClass: 24033K(24128K)->24033K(24128K) Class: 4883K(5056K)->4883K(5056K)
[1116.477s][info][gc             ] GC(188) Pause Young (Prepare Mixed) (G1 Evacuation Pause) 3602M->1431M(4096M) 118.783ms
[1116.477s][info][gc,cpu         ] GC(188) User=0.70s Sys=0.00s Real=0.12s
..................[1133.547s][info][gc,start       ] GC(189) Pause Young (Mixed) (G1 Evacuation Pause)
[1133.547s][info][gc,task        ] GC(189) Using 6 workers of 6 for evacuation
[1133.677s][info][gc,phases      ] GC(189)   Pre Evacuate Collection Set: 0.41ms
[1133.677s][info][gc,phases      ] GC(189)   Merge Heap Roots: 0.69ms
[1133.677s][info][gc,phases      ] GC(189)   Evacuate Collection Set: 127.42ms
[1133.677s][info][gc,phases      ] GC(189)   Post Evacuate Collection Set: 0.98ms
[1133.677s][info][gc,phases      ] GC(189)   Other: 0.09ms
[1133.677s][info][gc,heap        ] GC(189) Eden regions: 1118->0(1118)
[1133.677s][info][gc,heap        ] GC(189) Survivor regions: 110->110(154)
[1133.677s][info][gc,heap        ] GC(189) Old regions: 530->465
[1133.677s][info][gc,heap        ] GC(189) Humongous regions: 77->77
[1133.677s][info][gc,metaspace   ] GC(189) Metaspace: 28920K(29184K)->28920K(29184K) NonClass: 24036K(24128K)->24036K(24128K) Class: 4883K(5056K)->4883K(5056K)
[1133.677s][info][gc             ] GC(189) Pause Young (Mixed) (G1 Evacuation Pause) 3667M->1301M(4096M) 129.720ms
[1133.677s][info][gc,cpu         ] GC(189) User=0.77s Sys=0.00s Real=0.13s
................ (rIR:aIR:PR = 1107:1106:1106) (tPR = 16540) [OK] 
  1149s: Performance info:
         Transaction,    Success,    Partial,     Failed,   Receipts, AvgBarcode, 
             Overall,      66418,          0,          0,      63110,      59.49, 
         Response times:
             Request,    Success,    Partial,     Failed,   SkipFail,     Probes,    Samples,      min,      p50,      p90,      p95,      p99,      max, 
       TotalPurchase,      63110,          0,          0,          0,      60733,      66007,      300,     1200,     1700,     1900,     2400,   133000,
     InStorePurchase,      33172,          0,          0,          0,      32052,      34686,      300,     1100,     1700,     1800,     2300,   133000,
      OnlinePurchase,      23280,          0,          0,          0,      22424,      24387,      300,     1200,     1800,     1900,     2400,   125000,
        InstPurchase,       6658,          0,          0,          0,       6257,       6934,      400,     1200,     1700,     1900,     2300,   123000,
          AssocOfCat,         65,          0,          0,          0,         65,         69,    18200,    23000,    27000,    28500,    30000,    30000,
      AssocOfProduct,        662,          0,          0,          0,        555,        665,      600,     1500,     1900,     2000,     2400,   123000,
      BusinessReport,        167,          0,          0,          0,        119,        179,    18700,    28000,    32000,    38000,    64000,   148000,
          CustBuyBeh,        660,          0,          0,          0,        551,        724,      300,     1100,     1500,     1700,     3775,   119000,
       ProductReturn,       1754,          0,          0,          0,       1604,       1880,      200,      800,     1600,     1700,     2100,   121000,

  1149s: ( 9%)   IR =   1245 .[1150.928s][info][gc,start       ] GC(190) Pause Young (Concurrent Start) (G1 Evacuation Pause)
[1150.928s][info][gc,task        ] GC(190) Using 6 workers of 6 for evacuation
[1151.047s][info][gc,phases      ] GC(190)   Pre Evacuate Collection Set: 0.41ms
[1151.047s][info][gc,phases      ] GC(190)   Merge Heap Roots: 0.52ms
[1151.047s][info][gc,phases      ] GC(190)   Evacuate Collection Set: 117.16ms
[1151.047s][info][gc,phases      ] GC(190)   Post Evacuate Collection Set: 0.95ms
[1151.047s][info][gc,phases      ] GC(190)   Other: 0.15ms
[1151.047s][info][gc,heap        ] GC(190) Eden regions: 1118->0(1118)
[1151.047s][info][gc,heap        ] GC(190) Survivor regions: 110->110(154)
[1151.047s][info][gc,heap        ] GC(190) Old regions: 465->497
[1151.047s][info][gc,heap        ] GC(190) Humongous regions: 77->77
[1151.047s][info][gc,metaspace   ] GC(190) Metaspace: 28922K(29184K)->28922K(29184K) NonClass: 24039K(24128K)->24039K(24128K) Class: 4883K(5056K)->4883K(5056K)
[1151.047s][info][gc             ] GC(190) Pause Young (Concurrent Start) (G1 Evacuation Pause) 3537M->1366M(4096M) 119.342ms
[1151.047s][info][gc             ] GC(191) Concurrent Mark Cycle
[1151.047s][info][gc,marking     ] GC(191) Concurrent Scan Root Regions
[1151.047s][info][gc,cpu         ] GC(190) User=0.70s Sys=0.00s Real=0.12s
[1151.176s][info][gc,marking     ] GC(191) Concurrent Scan Root Regions 128.571ms
[1151.176s][info][gc,marking     ] GC(191) Concurrent Mark
[1151.176s][info][gc,marking     ] GC(191) Concurrent Mark From Roots
[1151.176s][info][gc,task        ] GC(191) Using 2 workers of 2 for marking
.[1151.723s][info][gc,marking     ] GC(191) Concurrent Mark From Roots 547.303ms
[1151.723s][info][gc,marking     ] GC(191) Concurrent Preclean
[1151.723s][info][gc,marking     ] GC(191) Concurrent Preclean 0.047ms
[1151.724s][info][gc,start       ] GC(191) Pause Remark
[1151.726s][info][gc             ] GC(191) Pause Remark 1512M->1512M(4096M) 2.649ms
[1151.726s][info][gc,cpu         ] GC(191) User=0.01s Sys=0.00s Real=0.00s
[1151.726s][info][gc,marking     ] GC(191) Concurrent Mark 550.239ms
[1151.726s][info][gc,marking     ] GC(191) Concurrent Rebuild Remembered Sets and Scrub Regions
[1151.922s][info][gc,marking     ] GC(191) Concurrent Rebuild Remembered Sets and Scrub Regions 195.737ms
[1151.922s][info][gc,start       ] GC(191) Pause Cleanup
[1151.922s][info][gc             ] GC(191) Pause Cleanup 1536M->1536M(4096M) 0.118ms
[1151.922s][info][gc,cpu         ] GC(191) User=0.00s Sys=0.00s Real=0.00s
[1151.922s][info][gc,marking     ] GC(191) Concurrent Clear Claimed Marks
[1151.922s][info][gc,marking     ] GC(191) Concurrent Clear Claimed Marks 0.030ms
[1151.922s][info][gc,marking     ] GC(191) Concurrent Cleanup for Next Mark
[1151.926s][info][gc,marking     ] GC(191) Concurrent Cleanup for Next Mark 3.196ms
[1151.926s][info][gc             ] GC(191) Concurrent Mark Cycle 878.213ms
......|........[1166.209s][info][gc,start       ] GC(192) Pause Young (Prepare Mixed) (G1 Evacuation Pause)
[1166.209s][info][gc,task        ] GC(192) Using 6 workers of 6 for evacuation
[1166.325s][info][gc,phases      ] GC(192)   Pre Evacuate Collection Set: 0.37ms
[1166.325s][info][gc,phases      ] GC(192)   Merge Heap Roots: 0.57ms
[1166.325s][info][gc,phases      ] GC(192)   Evacuate Collection Set: 113.98ms
[1166.325s][info][gc,phases      ] GC(192)   Post Evacuate Collection Set: 0.88ms
[1166.325s][info][gc,phases      ] GC(192)   Other: 0.11ms
[1166.325s][info][gc,heap        ] GC(192) Eden regions: 1118->0(1119)
[1166.325s][info][gc,heap        ] GC(192) Survivor regions: 110->109(154)
[1166.325s][info][gc,heap        ] GC(192) Old regions: 497->529
[1166.325s][info][gc,heap        ] GC(192) Humongous regions: 77->77
[1166.325s][info][gc,metaspace   ] GC(192) Metaspace: 28922K(29184K)->28922K(29184K) NonClass: 24039K(24128K)->24039K(24128K) Class: 4883K(5056K)->4883K(5056K)
[1166.325s][info][gc             ] GC(192) Pause Young (Prepare Mixed) (G1 Evacuation Pause) 3602M->1427M(4096M) 116.040ms
[1166.325s][info][gc,cpu         ] GC(192) User=0.69s Sys=0.00s Real=0.12s
...............[1181.423s][info][gc,start       ] GC(193) Pause Young (Mixed) (G1 Evacuation Pause)
[1181.423s][info][gc,task        ] GC(193) Using 6 workers of 6 for evacuation
[1181.553s][info][gc,phases      ] GC(193)   Pre Evacuate Collection Set: 0.37ms
[1181.553s][info][gc,phases      ] GC(193)   Merge Heap Roots: 0.62ms
[1181.553s][info][gc,phases      ] GC(193)   Evacuate Collection Set: 127.88ms
[1181.553s][info][gc,phases      ] GC(193)   Post Evacuate Collection Set: 0.95ms
[1181.553s][info][gc,phases      ] GC(193)   Other: 0.09ms
[1181.553s][info][gc,heap        ] GC(193) Eden regions: 1119->0(1120)
[1181.553s][info][gc,heap        ] GC(193) Survivor regions: 109->108(154)
[1181.553s][info][gc,heap        ] GC(193) Old regions: 529->465
[1181.553s][info][gc,heap        ] GC(193) Humongous regions: 77->77
[1181.553s][info][gc,metaspace   ] GC(193) Metaspace: 28922K(29184K)->28922K(29184K) NonClass: 24039K(24128K)->24039K(24128K) Class: 4883K(5056K)->4883K(5056K)
[1181.553s][info][gc             ] GC(193) Pause Young (Mixed) (G1 Evacuation Pause) 3665M->1298M(4096M) 130.049ms
[1181.553s][info][gc,cpu         ] GC(193) User=0.77s Sys=0.00s Real=0.13s
................[1196.933s][info][gc,start       ] GC(194) Pause Young (Concurrent Start) (G1 Evacuation Pause)
[1196.933s][info][gc,task        ] GC(194) Using 6 workers of 6 for evacuation
[1197.048s][info][gc,phases      ] GC(194)   Pre Evacuate Collection Set: 0.41ms
[1197.048s][info][gc,phases      ] GC(194)   Merge Heap Roots: 0.48ms
[1197.048s][info][gc,phases      ] GC(194)   Evacuate Collection Set: 113.08ms
[1197.048s][info][gc,phases      ] GC(194)   Post Evacuate Collection Set: 0.88ms
[1197.048s][info][gc,phases      ] GC(194)   Other: 0.11ms
[1197.048s][info][gc,heap        ] GC(194) Eden regions: 1120->0(1120)
[1197.048s][info][gc,heap        ] GC(194) Survivor regions: 108->108(154)
[1197.048s][info][gc,heap        ] GC(194) Old regions: 465->497
[1197.048s][info][gc,heap        ] GC(194) Humongous regions: 77->77
[1197.048s][info][gc,metaspace   ] GC(194) Metaspace: 28922K(29184K)->28922K(29184K) NonClass: 24039K(24128K)->24039K(24128K) Class: 4883K(5056K)->4883K(5056K)
[1197.048s][info][gc             ] GC(194) Pause Young (Concurrent Start) (G1 Evacuation Pause) 3538M->1361M(4096M) 115.090ms
[1197.048s][info][gc             ] GC(195) Concurrent Mark Cycle
[1197.048s][info][gc,marking     ] GC(195) Concurrent Scan Root Regions
[1197.048s][info][gc,cpu         ] GC(194) User=0.68s Sys=0.00s Real=0.11s
[1197.163s][info][gc,marking     ] GC(195) Concurrent Scan Root Regions 115.548ms
[1197.163s][info][gc,marking     ] GC(195) Concurrent Mark
[1197.163s][info][gc,marking     ] GC(195) Concurrent Mark From Roots
[1197.163s][info][gc,task        ] GC(195) Using 2 workers of 2 for marking
.[1197.708s][info][gc,marking     ] GC(195) Concurrent Mark From Roots 544.886ms
[1197.708s][info][gc,marking     ] GC(195) Concurrent Preclean
[1197.708s][info][gc,marking     ] GC(195) Concurrent Preclean 0.042ms
[1197.708s][info][gc,start       ] GC(195) Pause Remark
[1197.711s][info][gc             ] GC(195) Pause Remark 1498M->1498M(4096M) 2.738ms
[1197.711s][info][gc,cpu         ] GC(195) User=0.01s Sys=0.00s Real=0.01s
[1197.711s][info][gc,marking     ] GC(195) Concurrent Mark 547.930ms
[1197.711s][info][gc,marking     ] GC(195) Concurrent Rebuild Remembered Sets and Scrub Regions
[1197.912s][info][gc,marking     ] GC(195) Concurrent Rebuild Remembered Sets and Scrub Regions 200.348ms
[1197.912s][info][gc,start       ] GC(195) Pause Cleanup
[1197.912s][info][gc             ] GC(195) Pause Cleanup 1519M->1519M(4096M) 0.131ms
[1197.912s][info][gc,cpu         ] GC(195) User=0.00s Sys=0.00s Real=0.00s
[1197.912s][info][gc,marking     ] GC(195) Concurrent Clear Claimed Marks
[1197.912s][info][gc,marking     ] GC(195) Concurrent Clear Claimed Marks 0.035ms
[1197.912s][info][gc,marking     ] GC(195) Concurrent Cleanup for Next Mark
[1197.916s][info][gc,marking     ] GC(195) Concurrent Cleanup for Next Mark 3.974ms
[1197.916s][info][gc             ] GC(195) Concurrent Mark Cycle 868.289ms
..............[1212.106s][info][gc,start       ] GC(196) Pause Young (Prepare Mixed) (G1 Evacuation Pause)
[1212.107s][info][gc,task        ] GC(196) Using 6 workers of 6 for evacuation
[1212.222s][info][gc,phases      ] GC(196)   Pre Evacuate Collection Set: 0.38ms
[1212.222s][info][gc,phases      ] GC(196)   Merge Heap Roots: 0.53ms
[1212.222s][info][gc,phases      ] GC(196)   Evacuate Collection Set: 113.64ms
[1212.222s][info][gc,phases      ] GC(196)   Post Evacuate Collection Set: 0.90ms
[1212.222s][info][gc,phases      ] GC(196)   Other: 0.09ms
[1212.222s][info][gc,heap        ] GC(196) Eden regions: 1120->0(1120)
[1212.222s][info][gc,heap        ] GC(196) Survivor regions: 108->108(154)
[1212.222s][info][gc,heap        ] GC(196) Old regions: 497->529
[1212.222s][info][gc,heap        ] GC(196) Humongous regions: 77->77
[1212.222s][info][gc,metaspace   ] GC(196) Metaspace: 28922K(29184K)->28922K(29184K) NonClass: 24039K(24128K)->24039K(24128K) Class: 4883K(5056K)->4883K(5056K)
[1212.222s][info][gc             ] GC(196) Pause Young (Prepare Mixed) (G1 Evacuation Pause) 3601M->1426M(4096M) 115.696ms
[1212.222s][info][gc,cpu         ] GC(196) User=0.69s Sys=0.00s Real=0.12s
...... (rIR:aIR:PR = 1245:1244:1244) (tPR = 18427) [OK] 
  1217s: Performance info:
         Transaction,    Success,    Partial,     Failed,   Receipts, AvgBarcode, 
             Overall,      74688,          0,          0,      70963,      59.48, 
         Response times:
             Request,    Success,    Partial,     Failed,   SkipFail,     Probes,    Samples,      min,      p50,      p90,      p95,      p99,      max, 
       TotalPurchase,      70963,          0,          0,          0,      68951,      79158,      300,     1300,     1900,     2100,     3300,   133000,
     InStorePurchase,      37346,          0,          0,          0,      36423,      41538,      300,     1300,     1900,     2200,     3400,   132000,
      OnlinePurchase,      26163,          0,          0,          0,      25466,      29245,      300,     1300,     1900,     2100,     3100,   132000,
        InstPurchase,       7454,          0,          0,          0,       7062,       8375,      400,     1300,     1900,     2100,     3100,   133000,
          AssocOfCat,         74,          0,          0,          0,         74,         83,    18600,    24000,    30600,    33600,    51000,    51000,
      AssocOfProduct,        752,          0,          0,          0,        668,        904,      900,     1700,     2100,     2300,     4485,    23000,
      BusinessReport,        184,          0,          0,          0,        133,        207,    19100,    26000,    34000,    39600,    54360,    59000,
          CustBuyBeh,        746,          0,          0,          0,        650,        866,      100,     1100,     1830,     2000,     3400,     7800,
       ProductReturn,       1969,          0,          0,          0,       1802,       2167,      200,     1300,     1900,     2200,     2932,    26000,

  1217s: (10%)   IR =   1384 .....|...[1226.538s][info][gc,start       ] GC(197) Pause Young (Mixed) (G1 Evacuation Pause)
[1226.538s][info][gc,task        ] GC(197) Using 6 workers of 6 for evacuation
[1226.672s][info][gc,phases      ] GC(197)   Pre Evacuate Collection Set: 0.39ms
[1226.672s][info][gc,phases      ] GC(197)   Merge Heap Roots: 0.66ms
[1226.672s][info][gc,phases      ] GC(197)   Evacuate Collection Set: 132.05ms
[1226.672s][info][gc,phases      ] GC(197)   Post Evacuate Collection Set: 0.94ms
[1226.672s][info][gc,phases      ] GC(197)   Other: 0.09ms
[1226.672s][info][gc,heap        ] GC(197) Eden regions: 1120->0(1119)
[1226.672s][info][gc,heap        ] GC(197) Survivor regions: 108->109(154)
[1226.672s][info][gc,heap        ] GC(197) Old regions: 529->465
[1226.672s][info][gc,heap        ] GC(197) Humongous regions: 77->77
[1226.672s][info][gc,metaspace   ] GC(197) Metaspace: 28922K(29184K)->28922K(29184K) NonClass: 24039K(24128K)->24039K(24128K) Class: 4883K(5056K)->4883K(5056K)
[1226.672s][info][gc             ] GC(197) Pause Young (Mixed) (G1 Evacuation Pause) 3666M->1299M(4096M) 134.258ms
[1226.672s][info][gc,cpu         ] GC(197) User=0.80s Sys=0.00s Real=0.14s
..............[1240.405s][info][gc,start       ] GC(198) Pause Young (Concurrent Start) (G1 Evacuation Pause)
[1240.405s][info][gc,task        ] GC(198) Using 6 workers of 6 for evacuation
[1240.521s][info][gc,phases      ] GC(198)   Pre Evacuate Collection Set: 0.42ms
[1240.521s][info][gc,phases      ] GC(198)   Merge Heap Roots: 0.50ms
[1240.521s][info][gc,phases      ] GC(198)   Evacuate Collection Set: 113.77ms
[1240.521s][info][gc,phases      ] GC(198)   Post Evacuate Collection Set: 0.86ms
[1240.521s][info][gc,phases      ] GC(198)   Other: 0.14ms
[1240.521s][info][gc,heap        ] GC(198) Eden regions: 1119->0(1119)
[1240.521s][info][gc,heap        ] GC(198) Survivor regions: 109->109(154)
[1240.521s][info][gc,heap        ] GC(198) Old regions: 465->496
[1240.521s][info][gc,heap        ] GC(198) Humongous regions: 77->77
[1240.521s][info][gc,metaspace   ] GC(198) Metaspace: 28922K(29184K)->28922K(29184K) NonClass: 24039K(24128K)->24039K(24128K) Class: 4883K(5056K)->4883K(5056K)
[1240.521s][info][gc             ] GC(198) Pause Young (Concurrent Start) (G1 Evacuation Pause) 3537M->1363M(4096M) 115.834ms
[1240.521s][info][gc             ] GC(199) Concurrent Mark Cycle
[1240.521s][info][gc,marking     ] GC(199) Concurrent Scan Root Regions
[1240.521s][info][gc,cpu         ] GC(198) User=0.69s Sys=0.00s Real=0.12s
[1240.632s][info][gc,marking     ] GC(199) Concurrent Scan Root Regions 110.690ms
[1240.632s][info][gc,marking     ] GC(199) Concurrent Mark
[1240.632s][info][gc,marking     ] GC(199) Concurrent Mark From Roots
[1240.632s][info][gc,task        ] GC(199) Using 2 workers of 2 for marking
.[1241.138s][info][gc,marking     ] GC(199) Concurrent Mark From Roots 505.769ms
[1241.138s][info][gc,marking     ] GC(199) Concurrent Preclean
[1241.138s][info][gc,marking     ] GC(199) Concurrent Preclean 0.054ms
[1241.138s][info][gc,start       ] GC(199) Pause Remark
[1241.141s][info][gc             ] GC(199) Pause Remark 1491M->1491M(4096M) 2.859ms
[1241.141s][info][gc,cpu         ] GC(199) User=0.02s Sys=0.00s Real=0.00s
[1241.141s][info][gc,marking     ] GC(199) Concurrent Mark 508.931ms
[1241.141s][info][gc,marking     ] GC(199) Concurrent Rebuild Remembered Sets and Scrub Regions
[1241.343s][info][gc,marking     ] GC(199) Concurrent Rebuild Remembered Sets and Scrub Regions 201.942ms
[1241.343s][info][gc,start       ] GC(199) Pause Cleanup
[1241.343s][info][gc             ] GC(199) Pause Cleanup 1536M->1536M(4096M) 0.125ms
[1241.343s][info][gc,cpu         ] GC(199) User=0.00s Sys=0.00s Real=0.00s
[1241.343s][info][gc,marking     ] GC(199) Concurrent Clear Claimed Marks
[1241.343s][info][gc,marking     ] GC(199) Concurrent Clear Claimed Marks 0.030ms
[1241.343s][info][gc,marking     ] GC(199) Concurrent Cleanup for Next Mark
[1241.346s][info][gc,marking     ] GC(199) Concurrent Cleanup for Next Mark 3.169ms
[1241.346s][info][gc             ] GC(199) Concurrent Mark Cycle 825.206ms
.............[1254.073s][info][gc,start       ] GC(200) Pause Young (Prepare Mixed) (G1 Evacuation Pause)
[1254.073s][info][gc,task        ] GC(200) Using 6 workers of 6 for evacuation
[1254.188s][info][gc,phases      ] GC(200)   Pre Evacuate Collection Set: 0.36ms
[1254.188s][info][gc,phases      ] GC(200)   Merge Heap Roots: 0.52ms
[1254.188s][info][gc,phases      ] GC(200)   Evacuate Collection Set: 113.18ms
[1254.188s][info][gc,phases      ] GC(200)   Post Evacuate Collection Set: 0.91ms
[1254.188s][info][gc,phases      ] GC(200)   Other: 0.09ms
[1254.188s][info][gc,heap        ] GC(200) Eden regions: 1119->0(1120)
[1254.188s][info][gc,heap        ] GC(200) Survivor regions: 109->108(154)
[1254.188s][info][gc,heap        ] GC(200) Old regions: 496->528
[1254.188s][info][gc,heap        ] GC(200) Humongous regions: 77->77
[1254.188s][info][gc,metaspace   ] GC(200) Metaspace: 28923K(29184K)->28923K(29184K) NonClass: 24039K(24128K)->24039K(24128K) Class: 4883K(5056K)->4883K(5056K)
[1254.188s][info][gc             ] GC(200) Pause Young (Prepare Mixed) (G1 Evacuation Pause) 3601M->1425M(4096M) 115.196ms
[1254.188s][info][gc,cpu         ] GC(200) User=0.68s Sys=0.00s Real=0.11s
..............[1268.062s][info][gc,start       ] GC(201) Pause Young (Mixed) (G1 Evacuation Pause)
[1268.062s][info][gc,task        ] GC(201) Using 6 workers of 6 for evacuation
[1268.193s][info][gc,phases      ] GC(201)   Pre Evacuate Collection Set: 0.39ms
[1268.193s][info][gc,phases      ] GC(201)   Merge Heap Roots: 0.65ms
[1268.193s][info][gc,phases      ] GC(201)   Evacuate Collection Set: 128.42ms
[1268.193s][info][gc,phases      ] GC(201)   Post Evacuate Collection Set: 0.96ms
[1268.193s][info][gc,phases      ] GC(201)   Other: 0.09ms
[1268.193s][info][gc,heap        ] GC(201) Eden regions: 1120->0(1119)
[1268.193s][info][gc,heap        ] GC(201) Survivor regions: 108->109(154)
[1268.193s][info][gc,heap        ] GC(201) Old regions: 528->465
[1268.193s][info][gc,heap        ] GC(201) Humongous regions: 77->77
[1268.193s][info][gc,metaspace   ] GC(201) Metaspace: 28923K(29184K)->28923K(29184K) NonClass: 24039K(24128K)->24039K(24128K) Class: 4883K(5056K)->4883K(5056K)
[1268.193s][info][gc             ] GC(201) Pause Young (Mixed) (G1 Evacuation Pause) 3665M->1300M(4096M) 130.636ms
[1268.193s][info][gc,cpu         ] GC(201) User=0.77s Sys=0.00s Real=0.13s
.............[1281.683s][info][gc,start       ] GC(202) Pause Young (Concurrent Start) (G1 Evacuation Pause)
[1281.683s][info][gc,task        ] GC(202) Using 6 workers of 6 for evacuation
[1281.801s][info][gc,phases      ] GC(202)   Pre Evacuate Collection Set: 0.41ms
[1281.801s][info][gc,phases      ] GC(202)   Merge Heap Roots: 0.50ms
[1281.801s][info][gc,phases      ] GC(202)   Evacuate Collection Set: 115.71ms
[1281.801s][info][gc,phases      ] GC(202)   Post Evacuate Collection Set: 0.87ms
[1281.801s][info][gc,phases      ] GC(202)   Other: 0.14ms
[1281.801s][info][gc,heap        ] GC(202) Eden regions: 1119->0(1118)
[1281.801s][info][gc,heap        ] GC(202) Survivor regions: 109->110(154)
[1281.801s][info][gc,heap        ] GC(202) Old regions: 465->497
[1281.801s][info][gc,heap        ] GC(202) Humongous regions: 77->77
[1281.801s][info][gc,metaspace   ] GC(202) Metaspace: 28923K(29184K)->28923K(29184K) NonClass: 24039K(24128K)->24039K(24128K) Class: 4883K(5056K)->4883K(5056K)
[1281.801s][info][gc             ] GC(202) Pause Young (Concurrent Start) (G1 Evacuation Pause) 3538M->1366M(4096M) 117.746ms
[1281.801s][info][gc             ] GC(203) Concurrent Mark Cycle
[1281.801s][info][gc,marking     ] GC(203) Concurrent Scan Root Regions
[1281.801s][info][gc,cpu         ] GC(202) User=0.70s Sys=0.00s Real=0.12s
.[1281.926s][info][gc,marking     ] GC(203) Concurrent Scan Root Regions 124.674ms
[1281.926s][info][gc,marking     ] GC(203) Concurrent Mark
[1281.926s][info][gc,marking     ] GC(203) Concurrent Mark From Roots
[1281.926s][info][gc,task        ] GC(203) Using 2 workers of 2 for marking
[1282.444s][info][gc,marking     ] GC(203) Concurrent Mark From Roots 518.450ms
[1282.444s][info][gc,marking     ] GC(203) Concurrent Preclean
[1282.444s][info][gc,marking     ] GC(203) Concurrent Preclean 0.049ms
[1282.445s][info][gc,start       ] GC(203) Pause Remark
[1282.448s][info][gc             ] GC(203) Pause Remark 1488M->1488M(4096M) 2.540ms
[1282.448s][info][gc,cpu         ] GC(203) User=0.01s Sys=0.00s Real=0.00s
[1282.448s][info][gc,marking     ] GC(203) Concurrent Mark 522.118ms
[1282.448s][info][gc,marking     ] GC(203) Concurrent Rebuild Remembered Sets and Scrub Regions
[1282.652s][info][gc,marking     ] GC(203) Concurrent Rebuild Remembered Sets and Scrub Regions 203.502ms
[1282.652s][info][gc,start       ] GC(203) Pause Cleanup
[1282.652s][info][gc             ] GC(203) Pause Cleanup 1523M->1523M(4096M) 0.119ms
[1282.652s][info][gc,cpu         ] GC(203) User=0.00s Sys=0.00s Real=0.00s
[1282.652s][info][gc,marking     ] GC(203) Concurrent Clear Claimed Marks
[1282.652s][info][gc,marking     ] GC(203) Concurrent Clear Claimed Marks 0.027ms
[1282.652s][info][gc,marking     ] GC(203) Concurrent Cleanup for Next Mark
[1282.655s][info][gc,marking     ] GC(203) Concurrent Cleanup for Next Mark 3.166ms
[1282.655s][info][gc             ] GC(203) Concurrent Mark Cycle 853.905ms
. (rIR:aIR:PR = 1384:1384:1384) (tPR = 20633) [OK] 
  1282s: Performance info:
         Transaction,    Success,    Partial,     Failed,   Receipts, AvgBarcode, 
             Overall,      83338,          0,          0,      79172,      59.49, 
         Response times:
             Request,    Success,    Partial,     Failed,   SkipFail,     Probes,    Samples,      min,      p50,      p90,      p95,      p99,      max, 
       TotalPurchase,      79172,          0,          0,          0,      76646,      84401,      300,     1400,     2100,     2300,     4000,   139000,
     InStorePurchase,      41656,          0,          0,          0,      40660,      44796,      300,     1400,     2100,     2300,     4000,   137000,
      OnlinePurchase,      29163,          0,          0,          0,      28073,      30776,      300,     1500,     2100,     2400,     4400,   139000,
        InstPurchase,       8353,          0,          0,          0,       7913,       8829,      400,     1300,     2000,     2200,     3600,   119000,
          AssocOfCat,         82,          0,          0,          0,         81,         89,    19400,    24000,    28000,    30000,    68000,    68000,
      AssocOfProduct,        836,          0,          0,          0,        719,        896,      500,     1300,     1900,     2100,     5403,   118000,
      BusinessReport,        210,          0,          0,          0,        156,        215,    19500,    27000,    33400,    37400,    46680,   163000,
          CustBuyBeh,        836,          0,          0,          0,        719,        874,      200,     1300,     2000,     2300,     4900,    18400,
       ProductReturn,       2202,          0,          0,          0,       2005,       2384,      200,     1000,     1700,     1975,     4015,   119000,

  1282s: (11%)   IR =   1522 .......|....[1294.390s][info][gc,start       ] GC(204) Pause Young (Prepare Mixed) (G1 Evacuation Pause)
[1294.390s][info][gc,task        ] GC(204) Using 6 workers of 6 for evacuation
[1294.505s][info][gc,phases      ] GC(204)   Pre Evacuate Collection Set: 0.37ms
[1294.505s][info][gc,phases      ] GC(204)   Merge Heap Roots: 0.56ms
[1294.505s][info][gc,phases      ] GC(204)   Evacuate Collection Set: 113.35ms
[1294.505s][info][gc,phases      ] GC(204)   Post Evacuate Collection Set: 0.90ms
[1294.505s][info][gc,phases      ] GC(204)   Other: 0.09ms
[1294.505s][info][gc,heap        ] GC(204) Eden regions: 1118->0(1120)
[1294.505s][info][gc,heap        ] GC(204) Survivor regions: 110->108(154)
[1294.505s][info][gc,heap        ] GC(204) Old regions: 497->529
[1294.505s][info][gc,heap        ] GC(204) Humongous regions: 77->77
[1294.505s][info][gc,metaspace   ] GC(204) Metaspace: 28923K(29184K)->28923K(29184K) NonClass: 24040K(24128K)->24040K(24128K) Class: 4883K(5056K)->4883K(5056K)
[1294.505s][info][gc             ] GC(204) Pause Young (Prepare Mixed) (G1 Evacuation Pause) 3602M->1426M(4096M) 115.405ms
[1294.505s][info][gc,cpu         ] GC(204) User=0.69s Sys=0.00s Real=0.12s
.............[1307.034s][info][gc,start       ] GC(205) Pause Young (Mixed) (G1 Evacuation Pause)
[1307.034s][info][gc,task        ] GC(205) Using 6 workers of 6 for evacuation
[1307.163s][info][gc,phases      ] GC(205)   Pre Evacuate Collection Set: 0.36ms
[1307.163s][info][gc,phases      ] GC(205)   Merge Heap Roots: 0.65ms
[1307.163s][info][gc,phases      ] GC(205)   Evacuate Collection Set: 127.25ms
[1307.163s][info][gc,phases      ] GC(205)   Post Evacuate Collection Set: 0.93ms
[1307.163s][info][gc,phases      ] GC(205)   Other: 0.09ms
[1307.163s][info][gc,heap        ] GC(205) Eden regions: 1120->0(1119)
[1307.163s][info][gc,heap        ] GC(205) Survivor regions: 108->109(154)
[1307.163s][info][gc,heap        ] GC(205) Old regions: 529->464
[1307.163s][info][gc,heap        ] GC(205) Humongous regions: 77->77
[1307.163s][info][gc,metaspace   ] GC(205) Metaspace: 28926K(29184K)->28926K(29184K) NonClass: 24042K(24128K)->24042K(24128K) Class: 4883K(5056K)->4883K(5056K)
[1307.163s][info][gc             ] GC(205) Pause Young (Mixed) (G1 Evacuation Pause) 3666M->1299M(4096M) 129.438ms
[1307.163s][info][gc,cpu         ] GC(205) User=0.77s Sys=0.00s Real=0.13s
............[1319.517s][info][gc,start       ] GC(206) Pause Young (Concurrent Start) (G1 Evacuation Pause)
[1319.517s][info][gc,task        ] GC(206) Using 6 workers of 6 for evacuation
[1319.633s][info][gc,phases      ] GC(206)   Pre Evacuate Collection Set: 0.43ms
[1319.633s][info][gc,phases      ] GC(206)   Merge Heap Roots: 0.54ms
[1319.633s][info][gc,phases      ] GC(206)   Evacuate Collection Set: 113.86ms
[1319.633s][info][gc,phases      ] GC(206)   Post Evacuate Collection Set: 0.86ms
[1319.633s][info][gc,phases      ] GC(206)   Other: 0.11ms
[1319.633s][info][gc,heap        ] GC(206) Eden regions: 1119->0(1119)
[1319.633s][info][gc,heap        ] GC(206) Survivor regions: 109->109(154)
[1319.633s][info][gc,heap        ] GC(206) Old regions: 464->496
[1319.633s][info][gc,heap        ] GC(206) Humongous regions: 77->77
[1319.633s][info][gc,metaspace   ] GC(206) Metaspace: 28926K(29184K)->28926K(29184K) NonClass: 24042K(24128K)->24042K(24128K) Class: 4883K(5056K)->4883K(5056K)
[1319.633s][info][gc             ] GC(206) Pause Young (Concurrent Start) (G1 Evacuation Pause) 3537M->1362M(4096M) 115.924ms
[1319.633s][info][gc             ] GC(207) Concurrent Mark Cycle
[1319.633s][info][gc,marking     ] GC(207) Concurrent Scan Root Regions
[1319.633s][info][gc,cpu         ] GC(206) User=0.69s Sys=0.00s Real=0.12s
[1319.746s][info][gc,marking     ] GC(207) Concurrent Scan Root Regions 113.431ms
[1319.746s][info][gc,marking     ] GC(207) Concurrent Mark
[1319.746s][info][gc,marking     ] GC(207) Concurrent Mark From Roots
[1319.746s][info][gc,task        ] GC(207) Using 2 workers of 2 for marking
.[1320.270s][info][gc,marking     ] GC(207) Concurrent Mark From Roots 524.054ms
[1320.270s][info][gc,marking     ] GC(207) Concurrent Preclean
[1320.271s][info][gc,marking     ] GC(207) Concurrent Preclean 0.053ms
[1320.271s][info][gc,start       ] GC(207) Pause Remark
[1320.273s][info][gc             ] GC(207) Pause Remark 1508M->1508M(4096M) 2.835ms
[1320.273s][info][gc,cpu         ] GC(207) User=0.02s Sys=0.00s Real=0.01s
[1320.274s][info][gc,marking     ] GC(207) Concurrent Mark 527.187ms
[1320.274s][info][gc,marking     ] GC(207) Concurrent Rebuild Remembered Sets and Scrub Regions
[1320.471s][info][gc,marking     ] GC(207) Concurrent Rebuild Remembered Sets and Scrub Regions 197.037ms
[1320.471s][info][gc,start       ] GC(207) Pause Cleanup
[1320.471s][info][gc             ] GC(207) Pause Cleanup 1538M->1538M(4096M) 0.117ms
[1320.471s][info][gc,cpu         ] GC(207) User=0.00s Sys=0.00s Real=0.00s
[1320.471s][info][gc,marking     ] GC(207) Concurrent Clear Claimed Marks
[1320.471s][info][gc,marking     ] GC(207) Concurrent Clear Claimed Marks 0.027ms
[1320.471s][info][gc,marking     ] GC(207) Concurrent Cleanup for Next Mark
[1320.474s][info][gc,marking     ] GC(207) Concurrent Cleanup for Next Mark 3.226ms
[1320.474s][info][gc             ] GC(207) Concurrent Mark Cycle 841.318ms
............[1331.880s][info][gc,start       ] GC(208) Pause Young (Prepare Mixed) (G1 Evacuation Pause)
[1331.880s][info][gc,task        ] GC(208) Using 6 workers of 6 for evacuation
[1331.996s][info][gc,phases      ] GC(208)   Pre Evacuate Collection Set: 0.36ms
[1331.996s][info][gc,phases      ] GC(208)   Merge Heap Roots: 0.58ms
[1331.996s][info][gc,phases      ] GC(208)   Evacuate Collection Set: 113.98ms
[1331.996s][info][gc,phases      ] GC(208)   Post Evacuate Collection Set: 0.93ms
[1331.996s][info][gc,phases      ] GC(208)   Other: 0.10ms
[1331.996s][info][gc,heap        ] GC(208) Eden regions: 1119->0(1120)
[1331.996s][info][gc,heap        ] GC(208) Survivor regions: 109->108(154)
[1331.996s][info][gc,heap        ] GC(208) Old regions: 496->529
[1331.996s][info][gc,heap        ] GC(208) Humongous regions: 77->77
[1331.996s][info][gc,metaspace   ] GC(208) Metaspace: 28926K(29184K)->28926K(29184K) NonClass: 24042K(24128K)->24042K(24128K) Class: 4883K(5056K)->4883K(5056K)
[1331.996s][info][gc             ] GC(208) Pause Young (Prepare Mixed) (G1 Evacuation Pause) 3600M->1425M(4096M) 116.093ms
[1331.996s][info][gc,cpu         ] GC(208) User=0.69s Sys=0.00s Real=0.12s
............[1344.465s][info][gc,start       ] GC(209) Pause Young (Mixed) (G1 Evacuation Pause)
[1344.465s][info][gc,task        ] GC(209) Using 6 workers of 6 for evacuation
[1344.593s][info][gc,phases      ] GC(209)   Pre Evacuate Collection Set: 0.40ms
[1344.593s][info][gc,phases      ] GC(209)   Merge Heap Roots: 0.65ms
[1344.593s][info][gc,phases      ] GC(209)   Evacuate Collection Set: 126.24ms
[1344.593s][info][gc,phases      ] GC(209)   Post Evacuate Collection Set: 0.96ms
[1344.593s][info][gc,phases      ] GC(209)   Other: 0.09ms
[1344.593s][info][gc,heap        ] GC(209) Eden regions: 1120->0(1121)
[1344.593s][info][gc,heap        ] GC(209) Survivor regions: 108->107(154)
[1344.593s][info][gc,heap        ] GC(209) Old regions: 529->466
[1344.593s][info][gc,heap        ] GC(209) Humongous regions: 77->77
[1344.593s][info][gc,metaspace   ] GC(209) Metaspace: 28926K(29184K)->28926K(29184K) NonClass: 24042K(24128K)->24042K(24128K) Class: 4883K(5056K)->4883K(5056K)
[1344.593s][info][gc             ] GC(209) Pause Young (Mixed) (G1 Evacuation Pause) 3665M->1299M(4096M) 128.454ms
[1344.593s][info][gc,cpu         ] GC(209) User=0.77s Sys=0.00s Real=0.13s
...... (rIR:aIR:PR = 1522:1521:1521) (tPR = 22632) [OK] 
  1349s: Performance info:
         Transaction,    Success,    Partial,     Failed,   Receipts, AvgBarcode, 
             Overall,      91343,          0,          0,      86766,      59.48, 
         Response times:
             Request,    Success,    Partial,     Failed,   SkipFail,     Probes,    Samples,      min,      p50,      p90,      p95,      p99,      max, 
       TotalPurchase,      86766,          0,          0,          0,      84263,      95650,      300,     1500,     2200,     2400,     3800,   133000,
     InStorePurchase,      45662,          0,          0,          0,      44598,      50397,      300,     1500,     2200,     2400,     3600,   133000,
      OnlinePurchase,      31965,          0,          0,          0,      30957,      35112,      300,     1600,     2200,     2500,     3800,   133000,
        InstPurchase,       9139,          0,          0,          0,       8708,      10141,      400,     1500,     2200,     2400,     4558,   133000,
          AssocOfCat,         91,          0,          0,          0,         86,        100,    17800,    24000,    29000,    30950,    36970,    37000,
      AssocOfProduct,        916,          0,          0,          0,        820,       1053,      600,     1800,     2300,     2600,     4952,   120000,
      BusinessReport,        230,          0,          0,          0,        166,        245,    19700,    29000,    34000,    38400,    49940,   144000,
          CustBuyBeh,        913,          0,          0,          0,        781,        971,      300,     1400,     2000,     2200,     3100,     7300,
       ProductReturn,       2427,          0,          0,          0,       2218,       2721,      200,      800,     1600,     1900,     2878,   117000,

  1349s: (12%)   IR =   1660 ......[1356.439s][info][gc,start       ] GC(210) Pause Young (Concurrent Start) (G1 Evacuation Pause)
[1356.440s][info][gc,task        ] GC(210) Using 6 workers of 6 for evacuation
[1356.556s][info][gc,phases      ] GC(210)   Pre Evacuate Collection Set: 0.46ms
[1356.556s][info][gc,phases      ] GC(210)   Merge Heap Roots: 0.54ms
[1356.556s][info][gc,phases      ] GC(210)   Evacuate Collection Set: 114.31ms
[1356.556s][info][gc,phases      ] GC(210)   Post Evacuate Collection Set: 0.89ms
[1356.556s][info][gc,phases      ] GC(210)   Other: 0.13ms
[1356.556s][info][gc,heap        ] GC(210) Eden regions: 1121->0(1120)
[1356.556s][info][gc,heap        ] GC(210) Survivor regions: 107->108(154)
[1356.556s][info][gc,heap        ] GC(210) Old regions: 466->498
[1356.556s][info][gc,heap        ] GC(210) Humongous regions: 77->77
[1356.556s][info][gc,metaspace   ] GC(210) Metaspace: 28926K(29184K)->28926K(29184K) NonClass: 24042K(24128K)->24042K(24128K) Class: 4883K(5056K)->4883K(5056K)
[1356.556s][info][gc             ] GC(210) Pause Young (Concurrent Start) (G1 Evacuation Pause) 3541M->1364M(4096M) 116.490ms
[1356.556s][info][gc             ] GC(211) Concurrent Mark Cycle
[1356.556s][info][gc,marking     ] GC(211) Concurrent Scan Root Regions
[1356.556s][info][gc,cpu         ] GC(210) User=0.69s Sys=0.00s Real=0.12s
[1356.724s][info][gc,marking     ] GC(211) Concurrent Scan Root Regions 167.923ms
[1356.724s][info][gc,marking     ] GC(211) Concurrent Mark
[1356.724s][info][gc,marking     ] GC(211) Concurrent Mark From Roots
[1356.724s][info][gc,task        ] GC(211) Using 2 workers of 2 for marking
.|[1357.642s][info][gc,marking     ] GC(211) Concurrent Mark From Roots 918.132ms
[1357.642s][info][gc,marking     ] GC(211) Concurrent Preclean
[1357.642s][info][gc,marking     ] GC(211) Concurrent Preclean 0.053ms
[1357.642s][info][gc,start       ] GC(211) Pause Remark
[1357.646s][info][gc             ] GC(211) Pause Remark 1605M->1605M(4096M) 3.202ms
[1357.646s][info][gc,cpu         ] GC(211) User=0.02s Sys=0.00s Real=0.00s
[1357.646s][info][gc,marking     ] GC(211) Concurrent Mark 921.652ms
[1357.646s][info][gc,marking     ] GC(211) Concurrent Rebuild Remembered Sets and Scrub Regions
[1357.850s][info][gc,marking     ] GC(211) Concurrent Rebuild Remembered Sets and Scrub Regions 204.450ms
[1357.850s][info][gc,start       ] GC(211) Pause Cleanup
[1357.850s][info][gc             ] GC(211) Pause Cleanup 1641M->1641M(4096M) 0.127ms
[1357.850s][info][gc,cpu         ] GC(211) User=0.00s Sys=0.00s Real=0.00s
[1357.850s][info][gc,marking     ] GC(211) Concurrent Clear Claimed Marks
[1357.850s][info][gc,marking     ] GC(211) Concurrent Clear Claimed Marks 0.025ms
[1357.850s][info][gc,marking     ] GC(211) Concurrent Cleanup for Next Mark
[1357.854s][info][gc,marking     ] GC(211) Concurrent Cleanup for Next Mark 3.200ms
[1357.854s][info][gc             ] GC(211) Concurrent Mark Cycle 1297.649ms
...........[1367.965s][info][gc,start       ] GC(212) Pause Young (Prepare Mixed) (G1 Evacuation Pause)
[1367.965s][info][gc,task        ] GC(212) Using 6 workers of 6 for evacuation
[1368.081s][info][gc,phases      ] GC(212)   Pre Evacuate Collection Set: 0.39ms
[1368.081s][info][gc,phases      ] GC(212)   Merge Heap Roots: 0.56ms
[1368.081s][info][gc,phases      ] GC(212)   Evacuate Collection Set: 114.24ms
[1368.081s][info][gc,phases      ] GC(212)   Post Evacuate Collection Set: 0.91ms
[1368.081s][info][gc,phases      ] GC(212)   Other: 0.10ms
[1368.081s][info][gc,heap        ] GC(212) Eden regions: 1120->0(1119)
[1368.081s][info][gc,heap        ] GC(212) Survivor regions: 108->109(154)
[1368.081s][info][gc,heap        ] GC(212) Old regions: 498->530
[1368.081s][info][gc,heap        ] GC(212) Humongous regions: 77->77
[1368.081s][info][gc,metaspace   ] GC(212) Metaspace: 28926K(29184K)->28926K(29184K) NonClass: 24042K(24128K)->24042K(24128K) Class: 4883K(5056K)->4883K(5056K)
[1368.081s][info][gc             ] GC(212) Pause Young (Prepare Mixed) (G1 Evacuation Pause) 3604M->1430M(4096M) 116.342ms
[1368.081s][info][gc,cpu         ] GC(212) User=0.69s Sys=0.00s Real=0.12s
...........[1379.526s][info][gc,start       ] GC(213) Pause Young (Mixed) (G1 Evacuation Pause)
[1379.526s][info][gc,task        ] GC(213) Using 6 workers of 6 for evacuation
[1379.658s][info][gc,phases      ] GC(213)   Pre Evacuate Collection Set: 0.45ms
[1379.658s][info][gc,phases      ] GC(213)   Merge Heap Roots: 0.79ms
[1379.658s][info][gc,phases      ] GC(213)   Evacuate Collection Set: 129.72ms
[1379.658s][info][gc,phases      ] GC(213)   Post Evacuate Collection Set: 0.93ms
[1379.658s][info][gc,phases      ] GC(213)   Other: 0.09ms
[1379.658s][info][gc,heap        ] GC(213) Eden regions: 1119->0(1119)
[1379.658s][info][gc,heap        ] GC(213) Survivor regions: 109->109(154)
[1379.658s][info][gc,heap        ] GC(213) Old regions: 530->465
[1379.658s][info][gc,heap        ] GC(213) Humongous regions: 77->77
[1379.659s][info][gc,metaspace   ] GC(213) Metaspace: 28926K(29184K)->28926K(29184K) NonClass: 24042K(24128K)->24042K(24128K) Class: 4883K(5056K)->4883K(5056K)
[1379.659s][info][gc             ] GC(213) Pause Young (Mixed) (G1 Evacuation Pause) 3668M->1300M(4096M) 132.122ms
[1379.659s][info][gc,cpu         ] GC(213) User=0.79s Sys=0.00s Real=0.13s
............[1390.983s][info][gc,start       ] GC(214) Pause Young (Concurrent Start) (G1 Evacuation Pause)
[1390.983s][info][gc,task        ] GC(214) Using 6 workers of 6 for evacuation
[1391.099s][info][gc,phases      ] GC(214)   Pre Evacuate Collection Set: 0.39ms
[1391.099s][info][gc,phases      ] GC(214)   Merge Heap Roots: 0.48ms
[1391.099s][info][gc,phases      ] GC(214)   Evacuate Collection Set: 114.27ms
[1391.099s][info][gc,phases      ] GC(214)   Post Evacuate Collection Set: 0.88ms
[1391.099s][info][gc,phases      ] GC(214)   Other: 0.10ms
[1391.099s][info][gc,heap        ] GC(214) Eden regions: 1119->0(1119)
[1391.099s][info][gc,heap        ] GC(214) Survivor regions: 109->109(154)
[1391.099s][info][gc,heap        ] GC(214) Old regions: 465->497
[1391.099s][info][gc,heap        ] GC(214) Humongous regions: 77->77
[1391.099s][info][gc,metaspace   ] GC(214) Metaspace: 28926K(29184K)->28926K(29184K) NonClass: 24042K(24128K)->24042K(24128K) Class: 4883K(5056K)->4883K(5056K)
[1391.100s][info][gc             ] GC(214) Pause Young (Concurrent Start) (G1 Evacuation Pause) 3538M->1363M(4096M) 116.248ms
[1391.100s][info][gc             ] GC(215) Concurrent Mark Cycle
[1391.100s][info][gc,marking     ] GC(215) Concurrent Scan Root Regions
[1391.100s][info][gc,cpu         ] GC(214) User=0.70s Sys=0.00s Real=0.11s
[1391.211s][info][gc,marking     ] GC(215) Concurrent Scan Root Regions 111.932ms
[1391.212s][info][gc,marking     ] GC(215) Concurrent Mark
[1391.212s][info][gc,marking     ] GC(215) Concurrent Mark From Roots
[1391.212s][info][gc,task        ] GC(215) Using 2 workers of 2 for marking
[1391.740s][info][gc,marking     ] GC(215) Concurrent Mark From Roots 528.393ms
[1391.740s][info][gc,marking     ] GC(215) Concurrent Preclean
[1391.740s][info][gc,marking     ] GC(215) Concurrent Preclean 0.046ms
[1391.740s][info][gc,start       ] GC(215) Pause Remark
[1391.743s][info][gc             ] GC(215) Pause Remark 1515M->1515M(4096M) 2.841ms
[1391.743s][info][gc,cpu         ] GC(215) User=0.01s Sys=0.00s Real=0.01s
[1391.743s][info][gc,marking     ] GC(215) Concurrent Mark 531.536ms
[1391.743s][info][gc,marking     ] GC(215) Concurrent Rebuild Remembered Sets and Scrub Regions
.[1391.949s][info][gc,marking     ] GC(215) Concurrent Rebuild Remembered Sets and Scrub Regions 205.666ms
[1391.949s][info][gc,start       ] GC(215) Pause Cleanup
[1391.949s][info][gc             ] GC(215) Pause Cleanup 1563M->1563M(4096M) 0.120ms
[1391.949s][info][gc,cpu         ] GC(215) User=0.00s Sys=0.00s Real=0.00s
[1391.949s][info][gc,marking     ] GC(215) Concurrent Clear Claimed Marks
[1391.949s][info][gc,marking     ] GC(215) Concurrent Clear Claimed Marks 0.024ms
[1391.949s][info][gc,marking     ] GC(215) Concurrent Cleanup for Next Mark
[1391.952s][info][gc,marking     ] GC(215) Concurrent Cleanup for Next Mark 3.163ms
[1391.952s][info][gc             ] GC(215) Concurrent Mark Cycle 852.718ms
..........[1402.425s][info][gc,start       ] GC(216) Pause Young (Prepare Mixed) (G1 Evacuation Pause)
[1402.425s][info][gc,task        ] GC(216) Using 6 workers of 6 for evacuation
[1402.540s][info][gc,phases      ] GC(216)   Pre Evacuate Collection Set: 0.39ms
[1402.540s][info][gc,phases      ] GC(216)   Merge Heap Roots: 0.57ms
[1402.540s][info][gc,phases      ] GC(216)   Evacuate Collection Set: 113.20ms
[1402.540s][info][gc,phases      ] GC(216)   Post Evacuate Collection Set: 0.93ms
[1402.540s][info][gc,phases      ] GC(216)   Other: 0.10ms
[1402.540s][info][gc,heap        ] GC(216) Eden regions: 1119->0(1120)
[1402.540s][info][gc,heap        ] GC(216) Survivor regions: 109->108(154)
[1402.540s][info][gc,heap        ] GC(216) Old regions: 497->528
[1402.540s][info][gc,heap        ] GC(216) Humongous regions: 77->77
[1402.540s][info][gc,metaspace   ] GC(216) Metaspace: 28926K(29184K)->28926K(29184K) NonClass: 24042K(24128K)->24042K(24128K) Class: 4883K(5056K)->4883K(5056K)
[1402.540s][info][gc             ] GC(216) Pause Young (Prepare Mixed) (G1 Evacuation Pause) 3601M->1424M(4096M) 115.331ms
[1402.540s][info][gc,cpu         ] GC(216) User=0.68s Sys=0.01s Real=0.11s
...........[1413.804s][info][gc,start       ] GC(217) Pause Young (Mixed) (G1 Evacuation Pause)
[1413.804s][info][gc,task        ] GC(217) Using 6 workers of 6 for evacuation
[1413.934s][info][gc,phases      ] GC(217)   Pre Evacuate Collection Set: 0.38ms
[1413.934s][info][gc,phases      ] GC(217)   Merge Heap Roots: 0.61ms
[1413.934s][info][gc,phases      ] GC(217)   Evacuate Collection Set: 127.72ms
[1413.934s][info][gc,phases      ] GC(217)   Post Evacuate Collection Set: 0.98ms
[1413.934s][info][gc,phases      ] GC(217)   Other: 0.09ms
[1413.934s][info][gc,heap        ] GC(217) Eden regions: 1120->0(1118)
[1413.934s][info][gc,heap        ] GC(217) Survivor regions: 108->110(154)
[1413.934s][info][gc,heap        ] GC(217) Old regions: 528->465
[1413.934s][info][gc,heap        ] GC(217) Humongous regions: 77->77
[1413.934s][info][gc,metaspace   ] GC(217) Metaspace: 28927K(29184K)->28927K(29184K) NonClass: 24044K(24128K)->24044K(24128K) Class: 4883K(5056K)->4883K(5056K)
[1413.934s][info][gc             ] GC(217) Pause Young (Mixed) (G1 Evacuation Pause) 3664M->1303M(4096M) 129.922ms
[1413.934s][info][gc,cpu         ] GC(217) User=0.78s Sys=0.00s Real=0.13s
.... (rIR:aIR:PR = 1660:1659:1659) (tPR = 24305) [OK] 
  1416s: Performance info:
         Transaction,    Success,    Partial,     Failed,   Receipts, AvgBarcode, 
             Overall,      99666,          0,          0,      94680,      59.47, 
         Response times:
             Request,    Success,    Partial,     Failed,   SkipFail,     Probes,    Samples,      min,      p50,      p90,      p95,      p99,      max, 
       TotalPurchase,      94680,          0,          0,          0,      91914,     104143,      300,     1600,     2400,     2700,     4800,   136000,
     InStorePurchase,      49840,          0,          0,          0,      48411,      54610,      300,     1500,     2400,     2700,     5000,   135000,
      OnlinePurchase,      34866,          0,          0,          0,      33956,      38502,      300,     1600,     2400,     2700,     4800,   136000,
        InstPurchase,       9974,          0,          0,          0,       9547,      11031,      400,     1700,     2500,     2800,     4168,   122000,
          AssocOfCat,        100,          0,          0,          0,         96,        109,    17900,    25000,    30000,    34000,    42700,    43000,
      AssocOfProduct,        998,          0,          0,          0,        853,       1072,      900,     2300,     2900,     3100,     4735,    16500,
      BusinessReport,        249,          0,          0,          0,        187,        242,    19100,    30000,    35000,    40000,    59570,   159000,
          CustBuyBeh,        994,          0,          0,          0,        890,       1093,      200,      700,     1500,     1700,     2900,     7200,
       ProductReturn,       2645,          0,          0,          0,       2393,       2891,      200,     1900,     2600,     2900,     7400,   135000,

  1416s: (13%)   IR =   1799 .....|..[1424.697s][info][gc,start       ] GC(218) Pause Young (Concurrent Start) (G1 Evacuation Pause)
[1424.697s][info][gc,task        ] GC(218) Using 6 workers of 6 for evacuation
[1424.813s][info][gc,phases      ] GC(218)   Pre Evacuate Collection Set: 0.41ms
[1424.813s][info][gc,phases      ] GC(218)   Merge Heap Roots: 0.49ms
[1424.813s][info][gc,phases      ] GC(218)   Evacuate Collection Set: 114.46ms
[1424.813s][info][gc,phases      ] GC(218)   Post Evacuate Collection Set: 0.89ms
[1424.813s][info][gc,phases      ] GC(218)   Other: 0.11ms
[1424.813s][info][gc,heap        ] GC(218) Eden regions: 1118->0(1119)
[1424.813s][info][gc,heap        ] GC(218) Survivor regions: 110->109(154)
[1424.813s][info][gc,heap        ] GC(218) Old regions: 465->498
[1424.813s][info][gc,heap        ] GC(218) Humongous regions: 77->77
[1424.813s][info][gc,metaspace   ] GC(218) Metaspace: 28929K(29184K)->28929K(29184K) NonClass: 24046K(24128K)->24046K(24128K) Class: 4883K(5056K)->4883K(5056K)
[1424.813s][info][gc             ] GC(218) Pause Young (Concurrent Start) (G1 Evacuation Pause) 3539M->1365M(4096M) 116.500ms
[1424.813s][info][gc             ] GC(219) Concurrent Mark Cycle
[1424.813s][info][gc,marking     ] GC(219) Concurrent Scan Root Regions
[1424.813s][info][gc,cpu         ] GC(218) User=0.70s Sys=0.00s Real=0.12s
[1424.925s][info][gc,marking     ] GC(219) Concurrent Scan Root Regions 111.679ms
[1424.925s][info][gc,marking     ] GC(219) Concurrent Mark
[1424.925s][info][gc,marking     ] GC(219) Concurrent Mark From Roots
[1424.925s][info][gc,task        ] GC(219) Using 2 workers of 2 for marking
.[1425.439s][info][gc,marking     ] GC(219) Concurrent Mark From Roots 513.562ms
[1425.439s][info][gc,marking     ] GC(219) Concurrent Preclean
[1425.439s][info][gc,marking     ] GC(219) Concurrent Preclean 0.053ms
[1425.439s][info][gc,start       ] GC(219) Pause Remark
[1425.442s][info][gc             ] GC(219) Pause Remark 1512M->1512M(4096M) 2.885ms
[1425.442s][info][gc,cpu         ] GC(219) User=0.02s Sys=0.00s Real=0.01s
[1425.442s][info][gc,marking     ] GC(219) Concurrent Mark 517.248ms
[1425.442s][info][gc,marking     ] GC(219) Concurrent Rebuild Remembered Sets and Scrub Regions
[1425.642s][info][gc,marking     ] GC(219) Concurrent Rebuild Remembered Sets and Scrub Regions 199.883ms
[1425.642s][info][gc,start       ] GC(219) Pause Cleanup
[1425.642s][info][gc             ] GC(219) Pause Cleanup 1554M->1554M(4096M) 0.119ms
[1425.642s][info][gc,cpu         ] GC(219) User=0.00s Sys=0.00s Real=0.00s
[1425.642s][info][gc,marking     ] GC(219) Concurrent Clear Claimed Marks
[1425.643s][info][gc,marking     ] GC(219) Concurrent Clear Claimed Marks 0.030ms
[1425.643s][info][gc,marking     ] GC(219) Concurrent Cleanup for Next Mark
[1425.646s][info][gc,marking     ] GC(219) Concurrent Cleanup for Next Mark 3.365ms
[1425.646s][info][gc             ] GC(219) Concurrent Mark Cycle 832.660ms
..........[1435.496s][info][gc,start       ] GC(220) Pause Young (Prepare Mixed) (G1 Evacuation Pause)
[1435.496s][info][gc,task        ] GC(220) Using 6 workers of 6 for evacuation
[1435.612s][info][gc,phases      ] GC(220)   Pre Evacuate Collection Set: 0.35ms
[1435.612s][info][gc,phases      ] GC(220)   Merge Heap Roots: 0.52ms
[1435.612s][info][gc,phases      ] GC(220)   Evacuate Collection Set: 113.89ms
[1435.612s][info][gc,phases      ] GC(220)   Post Evacuate Collection Set: 0.91ms
[1435.612s][info][gc,phases      ] GC(220)   Other: 0.09ms
[1435.612s][info][gc,heap        ] GC(220) Eden regions: 1119->0(1119)
[1435.612s][info][gc,heap        ] GC(220) Survivor regions: 109->109(154)
[1435.612s][info][gc,heap        ] GC(220) Old regions: 498->529
[1435.612s][info][gc,heap        ] GC(220) Humongous regions: 77->77
[1435.612s][info][gc,metaspace   ] GC(220) Metaspace: 28929K(29184K)->28929K(29184K) NonClass: 24046K(24128K)->24046K(24128K) Class: 4883K(5056K)->4883K(5056K)
[1435.612s][info][gc             ] GC(220) Pause Young (Prepare Mixed) (G1 Evacuation Pause) 3603M->1429M(4096M) 115.889ms
[1435.612s][info][gc,cpu         ] GC(220) User=0.69s Sys=0.00s Real=0.12s
...........[1446.014s][info][gc,start       ] GC(221) Pause Young (Mixed) (G1 Evacuation Pause)
[1446.014s][info][gc,task        ] GC(221) Using 6 workers of 6 for evacuation
[1446.143s][info][gc,phases      ] GC(221)   Pre Evacuate Collection Set: 0.40ms
[1446.143s][info][gc,phases      ] GC(221)   Merge Heap Roots: 0.61ms
[1446.143s][info][gc,phases      ] GC(221)   Evacuate Collection Set: 126.92ms
[1446.143s][info][gc,phases      ] GC(221)   Post Evacuate Collection Set: 0.93ms
[1446.143s][info][gc,phases      ] GC(221)   Other: 0.08ms
[1446.143s][info][gc,heap        ] GC(221) Eden regions: 1119->0(1118)
[1446.143s][info][gc,heap        ] GC(221) Survivor regions: 109->110(154)
[1446.143s][info][gc,heap        ] GC(221) Old regions: 529->465
[1446.143s][info][gc,heap        ] GC(221) Humongous regions: 77->77
[1446.143s][info][gc,metaspace   ] GC(221) Metaspace: 28929K(29184K)->28929K(29184K) NonClass: 24046K(24128K)->24046K(24128K) Class: 4883K(5056K)->4883K(5056K)
[1446.143s][info][gc             ] GC(221) Pause Young (Mixed) (G1 Evacuation Pause) 3667M->1302M(4096M) 129.082ms
[1446.143s][info][gc,cpu         ] GC(221) User=0.77s Sys=0.00s Real=0.13s
..........[1456.583s][info][gc,start       ] GC(222) Pause Young (Concurrent Start) (G1 Evacuation Pause)
[1456.583s][info][gc,task        ] GC(222) Using 6 workers of 6 for evacuation
[1456.699s][info][gc,phases      ] GC(222)   Pre Evacuate Collection Set: 0.42ms
[1456.699s][info][gc,phases      ] GC(222)   Merge Heap Roots: 0.51ms
[1456.699s][info][gc,phases      ] GC(222)   Evacuate Collection Set: 113.76ms
[1456.699s][info][gc,phases      ] GC(222)   Post Evacuate Collection Set: 0.88ms
[1456.699s][info][gc,phases      ] GC(222)   Other: 0.12ms
[1456.699s][info][gc,heap        ] GC(222) Eden regions: 1118->0(1120)
[1456.699s][info][gc,heap        ] GC(222) Survivor regions: 110->108(154)
[1456.699s][info][gc,heap        ] GC(222) Old regions: 465->497
[1456.699s][info][gc,heap        ] GC(222) Humongous regions: 77->77
[1456.699s][info][gc,metaspace   ] GC(222) Metaspace: 28929K(29184K)->28929K(29184K) NonClass: 24046K(24128K)->24046K(24128K) Class: 4883K(5056K)->4883K(5056K)
[1456.699s][info][gc             ] GC(222) Pause Young (Concurrent Start) (G1 Evacuation Pause) 3538M->1362M(4096M) 115.826ms
[1456.699s][info][gc             ] GC(223) Concurrent Mark Cycle
[1456.699s][info][gc,marking     ] GC(223) Concurrent Scan Root Regions
[1456.699s][info][gc,cpu         ] GC(222) User=0.69s Sys=0.00s Real=0.11s
[1456.819s][info][gc,marking     ] GC(223) Concurrent Scan Root Regions 120.138ms
[1456.819s][info][gc,marking     ] GC(223) Concurrent Mark
[1456.820s][info][gc,marking     ] GC(223) Concurrent Mark From Roots
[1456.820s][info][gc,task        ] GC(223) Using 2 workers of 2 for marking
.[1457.399s][info][gc,marking     ] GC(223) Concurrent Mark From Roots 579.771ms
[1457.399s][info][gc,marking     ] GC(223) Concurrent Preclean
[1457.399s][info][gc,marking     ] GC(223) Concurrent Preclean 0.041ms
[1457.399s][info][gc,start       ] GC(223) Pause Remark
[1457.402s][info][gc             ] GC(223) Pause Remark 1569M->1569M(4096M) 2.908ms
[1457.402s][info][gc,cpu         ] GC(223) User=0.01s Sys=0.00s Real=0.01s
[1457.402s][info][gc,marking     ] GC(223) Concurrent Mark 582.979ms
[1457.402s][info][gc,marking     ] GC(223) Concurrent Rebuild Remembered Sets and Scrub Regions
[1457.601s][info][gc,marking     ] GC(223) Concurrent Rebuild Remembered Sets and Scrub Regions 198.252ms
[1457.601s][info][gc,start       ] GC(223) Pause Cleanup
[1457.601s][info][gc             ] GC(223) Pause Cleanup 1606M->1606M(4096M) 0.129ms
[1457.601s][info][gc,cpu         ] GC(223) User=0.00s Sys=0.00s Real=0.00s
[1457.601s][info][gc,marking     ] GC(223) Concurrent Clear Claimed Marks
[1457.601s][info][gc,marking     ] GC(223) Concurrent Clear Claimed Marks 0.031ms
[1457.601s][info][gc,marking     ] GC(223) Concurrent Cleanup for Next Mark
[1457.604s][info][gc,marking     ] GC(223) Concurrent Cleanup for Next Mark 3.224ms
[1457.604s][info][gc             ] GC(223) Concurrent Mark Cycle 905.118ms
..........[1467.182s][info][gc,start       ] GC(224) Pause Young (Prepare Mixed) (G1 Evacuation Pause)
[1467.182s][info][gc,task        ] GC(224) Using 6 workers of 6 for evacuation
[1467.302s][info][gc,phases      ] GC(224)   Pre Evacuate Collection Set: 0.34ms
[1467.302s][info][gc,phases      ] GC(224)   Merge Heap Roots: 0.65ms
[1467.302s][info][gc,phases      ] GC(224)   Evacuate Collection Set: 118.16ms
[1467.302s][info][gc,phases      ] GC(224)   Post Evacuate Collection Set: 0.95ms
[1467.302s][info][gc,phases      ] GC(224)   Other: 0.08ms
[1467.302s][info][gc,heap        ] GC(224) Eden regions: 1120->0(1117)
[1467.302s][info][gc,heap        ] GC(224) Survivor regions: 108->110(154)
[1467.302s][info][gc,heap        ] GC(224) Old regions: 497->528
[1467.302s][info][gc,heap        ] GC(224) Humongous regions: 80->80
[1467.302s][info][gc,metaspace   ] GC(224) Metaspace: 28929K(29184K)->28929K(29184K) NonClass: 24046K(24128K)->24046K(24128K) Class: 4883K(5056K)->4883K(5056K)
[1467.302s][info][gc             ] GC(224) Pause Young (Prepare Mixed) (G1 Evacuation Pause) 3608M->1435M(4096M) 120.308ms
[1467.302s][info][gc,cpu         ] GC(224) User=0.71s Sys=0.00s Real=0.12s
..........[1477.644s][info][gc,start       ] GC(225) Pause Young (Mixed) (G1 Evacuation Pause)
[1477.644s][info][gc,task        ] GC(225) Using 6 workers of 6 for evacuation
[1477.774s][info][gc,phases      ] GC(225)   Pre Evacuate Collection Set: 0.38ms
[1477.774s][info][gc,phases      ] GC(225)   Merge Heap Roots: 0.64ms
[1477.774s][info][gc,phases      ] GC(225)   Evacuate Collection Set: 127.67ms
[1477.774s][info][gc,phases      ] GC(225)   Post Evacuate Collection Set: 0.94ms
[1477.774s][info][gc,phases      ] GC(225)   Other: 0.09ms
[1477.774s][info][gc,heap        ] GC(225) Eden regions: 1117->0(1119)
[1477.774s][info][gc,heap        ] GC(225) Survivor regions: 110->109(154)
[1477.774s][info][gc,heap        ] GC(225) Old regions: 528->465
[1477.774s][info][gc,heap        ] GC(225) Humongous regions: 80->80
[1477.774s][info][gc,metaspace   ] GC(225) Metaspace: 28934K(29184K)->28934K(29184K) NonClass: 24050K(24128K)->24050K(24128K) Class: 4883K(5056K)->4883K(5056K)
[1477.774s][info][gc             ] GC(225) Pause Young (Mixed) (G1 Evacuation Pause) 3669M->1306M(4096M) 129.858ms
[1477.774s][info][gc,cpu         ] GC(225) User=0.77s Sys=0.00s Real=0.13s
..... (rIR:aIR:PR = 1799:1799:1799) (tPR = 26787) [OK] 
  1481s: Performance info:
         Transaction,    Success,    Partial,     Failed,   Receipts, AvgBarcode, 
             Overall,     107992,          0,          0,     102598,      59.48, 
         Response times:
             Request,    Success,    Partial,     Failed,   SkipFail,     Probes,    Samples,      min,      p50,      p90,      p95,      p99,      max, 
       TotalPurchase,     102598,          0,          0,          0,     100153,     109604,      300,     1700,     2500,     2800,     5300,   145000,
     InStorePurchase,      54010,          0,          0,          0,      52854,      57655,      300,     1700,     2500,     2800,     4900,   144000,
      OnlinePurchase,      37784,          0,          0,          0,      37049,      40525,      300,     1800,     2600,     2900,     6100,   145000,
        InstPurchase,      10804,          0,          0,          0,      10250,      11424,      400,     1500,     2400,     2700,     4500,   119000,
          AssocOfCat,        109,          0,          0,          0,        105,        115,    18200,    26000,    30000,    31200,    50440,    53000,
      AssocOfProduct,       1082,          0,          0,          0,        930,       1132,      600,     2300,     3000,     3400,    23000,   134000,
      BusinessReport,        271,          0,          0,          0,        201,        289,    21000,    29000,    35000,    38000,    50600,    60000,
          CustBuyBeh,       1077,          0,          0,          0,        933,       1141,      200,     1700,     2600,     2900,     5590,   133000,
       ProductReturn,       2855,          0,          0,          0,       2649,       3085,      200,     1800,     2600,     2900,     5940,   120000,

  1481s: (14%)   IR =   1937 .....|[1487.915s][info][gc,start       ] GC(226) Pause Young (Concurrent Start) (G1 Evacuation Pause)
[1487.915s][info][gc,task        ] GC(226) Using 6 workers of 6 for evacuation
[1488.033s][info][gc,phases      ] GC(226)   Pre Evacuate Collection Set: 0.40ms
[1488.033s][info][gc,phases      ] GC(226)   Merge Heap Roots: 0.50ms
[1488.033s][info][gc,phases      ] GC(226)   Evacuate Collection Set: 116.38ms
[1488.033s][info][gc,phases      ] GC(226)   Post Evacuate Collection Set: 0.88ms
[1488.033s][info][gc,phases      ] GC(226)   Other: 0.09ms
[1488.033s][info][gc,heap        ] GC(226) Eden regions: 1119->0(1119)
[1488.033s][info][gc,heap        ] GC(226) Survivor regions: 109->109(154)
[1488.033s][info][gc,heap        ] GC(226) Old regions: 465->498
[1488.033s][info][gc,heap        ] GC(226) Humongous regions: 80->80
[1488.033s][info][gc,metaspace   ] GC(226) Metaspace: 28934K(29184K)->28934K(29184K) NonClass: 24050K(24128K)->24050K(24128K) Class: 4883K(5056K)->4883K(5056K)
[1488.033s][info][gc             ] GC(226) Pause Young (Concurrent Start) (G1 Evacuation Pause) 3544M->1372M(4096M) 118.402ms
[1488.033s][info][gc             ] GC(227) Concurrent Mark Cycle
[1488.033s][info][gc,marking     ] GC(227) Concurrent Scan Root Regions
[1488.033s][info][gc,cpu         ] GC(226) User=0.70s Sys=0.01s Real=0.12s
.[1488.161s][info][gc,marking     ] GC(227) Concurrent Scan Root Regions 127.530ms
[1488.161s][info][gc,marking     ] GC(227) Concurrent Mark
[1488.161s][info][gc,marking     ] GC(227) Concurrent Mark From Roots
[1488.161s][info][gc,task        ] GC(227) Using 2 workers of 2 for marking
[1488.726s][info][gc,marking     ] GC(227) Concurrent Mark From Roots 565.788ms
[1488.726s][info][gc,marking     ] GC(227) Concurrent Preclean
[1488.726s][info][gc,marking     ] GC(227) Concurrent Preclean 0.058ms
[1488.727s][info][gc,start       ] GC(227) Pause Remark
[1488.730s][info][gc             ] GC(227) Pause Remark 1601M->1601M(4096M) 3.410ms
[1488.730s][info][gc,cpu         ] GC(227) User=0.02s Sys=0.00s Real=0.00s
[1488.730s][info][gc,marking     ] GC(227) Concurrent Mark 569.521ms
[1488.730s][info][gc,marking     ] GC(227) Concurrent Rebuild Remembered Sets and Scrub Regions
[1488.940s][info][gc,marking     ] GC(227) Concurrent Rebuild Remembered Sets and Scrub Regions 210.341ms
[1488.941s][info][gc,start       ] GC(227) Pause Cleanup
[1488.941s][info][gc             ] GC(227) Pause Cleanup 1639M->1639M(4096M) 0.116ms
[1488.941s][info][gc,cpu         ] GC(227) User=0.00s Sys=0.00s Real=0.00s
[1488.941s][info][gc,marking     ] GC(227) Concurrent Clear Claimed Marks
[1488.941s][info][gc,marking     ] GC(227) Concurrent Clear Claimed Marks 0.026ms
[1488.941s][info][gc,marking     ] GC(227) Concurrent Cleanup for Next Mark
[1488.945s][info][gc,marking     ] GC(227) Concurrent Cleanup for Next Mark 3.777ms
[1488.945s][info][gc             ] GC(227) Concurrent Mark Cycle 911.600ms
.........[1497.675s][info][gc,start       ] GC(228) Pause Young (Prepare Mixed) (G1 Evacuation Pause)
[1497.675s][info][gc,task        ] GC(228) Using 6 workers of 6 for evacuation
[1497.792s][info][gc,phases      ] GC(228)   Pre Evacuate Collection Set: 0.33ms
[1497.792s][info][gc,phases      ] GC(228)   Merge Heap Roots: 0.56ms
[1497.792s][info][gc,phases      ] GC(228)   Evacuate Collection Set: 115.12ms
[1497.792s][info][gc,phases      ] GC(228)   Post Evacuate Collection Set: 0.92ms
[1497.792s][info][gc,phases      ] GC(228)   Other: 0.08ms
[1497.792s][info][gc,heap        ] GC(228) Eden regions: 1119->0(1120)
[1497.792s][info][gc,heap        ] GC(228) Survivor regions: 109->108(154)
[1497.792s][info][gc,heap        ] GC(228) Old regions: 498->529
[1497.792s][info][gc,heap        ] GC(228) Humongous regions: 80->80
[1497.792s][info][gc,metaspace   ] GC(228) Metaspace: 28934K(29184K)->28934K(29184K) NonClass: 24050K(24128K)->24050K(24128K) Class: 4883K(5056K)->4883K(5056K)
[1497.792s][info][gc             ] GC(228) Pause Young (Prepare Mixed) (G1 Evacuation Pause) 3610M->1433M(4096M) 117.133ms
[1497.792s][info][gc,cpu         ] GC(228) User=0.69s Sys=0.00s Real=0.12s
..........[1507.552s][info][gc,start       ] GC(229) Pause Young (Mixed) (G1 Evacuation Pause)
[1507.552s][info][gc,task        ] GC(229) Using 6 workers of 6 for evacuation
[1507.687s][info][gc,phases      ] GC(229)   Pre Evacuate Collection Set: 0.41ms
[1507.687s][info][gc,phases      ] GC(229)   Merge Heap Roots: 0.66ms
[1507.687s][info][gc,phases      ] GC(229)   Evacuate Collection Set: 133.64ms
[1507.687s][info][gc,phases      ] GC(229)   Post Evacuate Collection Set: 0.94ms
[1507.687s][info][gc,phases      ] GC(229)   Other: 0.09ms
[1507.687s][info][gc,heap        ] GC(229) Eden regions: 1120->0(1120)
[1507.687s][info][gc,heap        ] GC(229) Survivor regions: 108->108(154)
[1507.687s][info][gc,heap        ] GC(229) Old regions: 529->464
[1507.687s][info][gc,heap        ] GC(229) Humongous regions: 80->80
[1507.687s][info][gc,metaspace   ] GC(229) Metaspace: 28934K(29184K)->28934K(29184K) NonClass: 24050K(24128K)->24050K(24128K) Class: 4883K(5056K)->4883K(5056K)
[1507.687s][info][gc             ] GC(229) Pause Young (Mixed) (G1 Evacuation Pause) 3673M->1302M(4096M) 135.891ms
[1507.687s][info][gc,cpu         ] GC(229) User=0.81s Sys=0.00s Real=0.13s
..........[1517.337s][info][gc,start       ] GC(230) Pause Young (Concurrent Start) (G1 Evacuation Pause)
[1517.337s][info][gc,task        ] GC(230) Using 6 workers of 6 for evacuation
[1517.454s][info][gc,phases      ] GC(230)   Pre Evacuate Collection Set: 0.40ms
[1517.454s][info][gc,phases      ] GC(230)   Merge Heap Roots: 0.54ms
[1517.454s][info][gc,phases      ] GC(230)   Evacuate Collection Set: 114.90ms
[1517.454s][info][gc,phases      ] GC(230)   Post Evacuate Collection Set: 0.90ms
[1517.454s][info][gc,phases      ] GC(230)   Other: 0.12ms
[1517.454s][info][gc,heap        ] GC(230) Eden regions: 1120->0(1118)
[1517.454s][info][gc,heap        ] GC(230) Survivor regions: 108->110(154)
[1517.454s][info][gc,heap        ] GC(230) Old regions: 464->496
[1517.454s][info][gc,heap        ] GC(230) Humongous regions: 80->80
[1517.454s][info][gc,metaspace   ] GC(230) Metaspace: 28934K(29184K)->28934K(29184K) NonClass: 24050K(24128K)->24050K(24128K) Class: 4883K(5056K)->4883K(5056K)
[1517.454s][info][gc             ] GC(230) Pause Young (Concurrent Start) (G1 Evacuation Pause) 3542M->1370M(4096M) 116.977ms
[1517.454s][info][gc             ] GC(231) Concurrent Mark Cycle
[1517.454s][info][gc,marking     ] GC(231) Concurrent Scan Root Regions
[1517.454s][info][gc,cpu         ] GC(230) User=0.69s Sys=0.00s Real=0.12s
[1517.584s][info][gc,marking     ] GC(231) Concurrent Scan Root Regions 129.814ms
[1517.584s][info][gc,marking     ] GC(231) Concurrent Mark
[1517.584s][info][gc,marking     ] GC(231) Concurrent Mark From Roots
[1517.584s][info][gc,task        ] GC(231) Using 2 workers of 2 for marking
.[1518.115s][info][gc,marking     ] GC(231) Concurrent Mark From Roots 531.270ms
[1518.115s][info][gc,marking     ] GC(231) Concurrent Preclean
[1518.115s][info][gc,marking     ] GC(231) Concurrent Preclean 0.043ms
[1518.115s][info][gc,start       ] GC(231) Pause Remark
[1518.118s][info][gc             ] GC(231) Pause Remark 1534M->1534M(4096M) 3.045ms
[1518.118s][info][gc,cpu         ] GC(231) User=0.01s Sys=0.00s Real=0.00s
[1518.118s][info][gc,marking     ] GC(231) Concurrent Mark 534.597ms
[1518.118s][info][gc,marking     ] GC(231) Concurrent Rebuild Remembered Sets and Scrub Regions
[1518.320s][info][gc,marking     ] GC(231) Concurrent Rebuild Remembered Sets and Scrub Regions 202.153ms
[1518.321s][info][gc,start       ] GC(231) Pause Cleanup
[1518.321s][info][gc             ] GC(231) Pause Cleanup 1592M->1592M(4096M) 0.116ms
[1518.321s][info][gc,cpu         ] GC(231) User=0.00s Sys=0.00s Real=0.00s
[1518.321s][info][gc,marking     ] GC(231) Concurrent Clear Claimed Marks
[1518.321s][info][gc,marking     ] GC(231) Concurrent Clear Claimed Marks 0.026ms
[1518.321s][info][gc,marking     ] GC(231) Concurrent Cleanup for Next Mark
[1518.325s][info][gc,marking     ] GC(231) Concurrent Cleanup for Next Mark 3.804ms
[1518.325s][info][gc             ] GC(231) Concurrent Mark Cycle 870.853ms
.........[1527.117s][info][gc,start       ] GC(232) Pause Young (Prepare Mixed) (G1 Evacuation Pause)
[1527.117s][info][gc,task        ] GC(232) Using 6 workers of 6 for evacuation
[1527.233s][info][gc,phases      ] GC(232)   Pre Evacuate Collection Set: 0.35ms
[1527.233s][info][gc,phases      ] GC(232)   Merge Heap Roots: 0.57ms
[1527.233s][info][gc,phases      ] GC(232)   Evacuate Collection Set: 113.74ms
[1527.233s][info][gc,phases      ] GC(232)   Post Evacuate Collection Set: 0.92ms
[1527.233s][info][gc,phases      ] GC(232)   Other: 0.09ms
[1527.233s][info][gc,heap        ] GC(232) Eden regions: 1118->0(1119)
[1527.233s][info][gc,heap        ] GC(232) Survivor regions: 110->109(154)
[1527.233s][info][gc,heap        ] GC(232) Old regions: 496->528
[1527.233s][info][gc,heap        ] GC(232) Humongous regions: 80->80
[1527.233s][info][gc,metaspace   ] GC(232) Metaspace: 28934K(29184K)->28934K(29184K) NonClass: 24050K(24128K)->24050K(24128K) Class: 4883K(5056K)->4883K(5056K)
[1527.233s][info][gc             ] GC(232) Pause Young (Prepare Mixed) (G1 Evacuation Pause) 3606M->1431M(4096M) 115.811ms
[1527.233s][info][gc,cpu         ] GC(232) User=0.69s Sys=0.00s Real=0.12s
.........[1537.052s][info][gc,start       ] GC(233) Pause Young (Mixed) (G1 Evacuation Pause)
[1537.052s][info][gc,task        ] GC(233) Using 6 workers of 6 for evacuation
[1537.181s][info][gc,phases      ] GC(233)   Pre Evacuate Collection Set: 0.38ms
[1537.181s][info][gc,phases      ] GC(233)   Merge Heap Roots: 0.64ms
[1537.181s][info][gc,phases      ] GC(233)   Evacuate Collection Set: 127.27ms
[1537.181s][info][gc,phases      ] GC(233)   Post Evacuate Collection Set: 0.92ms
[1537.181s][info][gc,phases      ] GC(233)   Other: 0.09ms
[1537.181s][info][gc,heap        ] GC(233) Eden regions: 1119->0(1119)
[1537.181s][info][gc,heap        ] GC(233) Survivor regions: 109->109(154)
[1537.182s][info][gc,heap        ] GC(233) Old regions: 528->466
[1537.182s][info][gc,heap        ] GC(233) Humongous regions: 80->80
[1537.182s][info][gc,metaspace   ] GC(233) Metaspace: 28934K(29184K)->28934K(29184K) NonClass: 24050K(24128K)->24050K(24128K) Class: 4883K(5056K)->4883K(5056K)
[1537.182s][info][gc             ] GC(233) Pause Young (Mixed) (G1 Evacuation Pause) 3669M->1308M(4096M) 129.417ms
[1537.182s][info][gc,cpu         ] GC(233) User=0.77s Sys=0.00s Real=0.13s
..........[1546.880s][info][gc,start       ] GC(234) Pause Young (Concurrent Start) (G1 Evacuation Pause)
[1546.880s][info][gc,task        ] GC(234) Using 6 workers of 6 for evacuation
[1546.996s][info][gc,phases      ] GC(234)   Pre Evacuate Collection Set: 0.41ms
[1546.996s][info][gc,phases      ] GC(234)   Merge Heap Roots: 0.47ms
[1546.996s][info][gc,phases      ] GC(234)   Evacuate Collection Set: 114.33ms
[1546.996s][info][gc,phases      ] GC(234)   Post Evacuate Collection Set: 0.89ms
[1546.996s][info][gc,phases      ] GC(234)   Other: 0.11ms
[1546.996s][info][gc,heap        ] GC(234) Eden regions: 1119->0(1119)
[1546.996s][info][gc,heap        ] GC(234) Survivor regions: 109->109(154)
[1546.996s][info][gc,heap        ] GC(234) Old regions: 466->497
[1546.996s][info][gc,heap        ] GC(234) Humongous regions: 80->80
[1546.996s][info][gc,metaspace   ] GC(234) Metaspace: 28934K(29184K)->28934K(29184K) NonClass: 24050K(24128K)->24050K(24128K) Class: 4883K(5056K)->4883K(5056K)
[1546.996s][info][gc             ] GC(234) Pause Young (Concurrent Start) (G1 Evacuation Pause) 3546M->1371M(4096M) 116.347ms
[1546.996s][info][gc             ] GC(235) Concurrent Mark Cycle
[1546.996s][info][gc,marking     ] GC(235) Concurrent Scan Root Regions
[1546.996s][info][gc,cpu         ] GC(234) User=0.70s Sys=0.00s Real=0.12s
[1547.115s][info][gc,marking     ] GC(235) Concurrent Scan Root Regions 119.127ms
[1547.115s][info][gc,marking     ] GC(235) Concurrent Mark
[1547.115s][info][gc,marking     ] GC(235) Concurrent Mark From Roots
[1547.115s][info][gc,task        ] GC(235) Using 2 workers of 2 for marking
. (rIR:aIR:PR = 1937:1937:1937) (tPR = 28813) [OK] 
  1547s: Performance info:
         Transaction,    Success,    Partial,     Failed,   Receipts, AvgBarcode, 
             Overall,     116574,          0,          0,     110730,      59.47, 
         Response times:
             Request,    Success,    Partial,     Failed,   SkipFail,     Probes,    Samples,      min,      p50,      p90,      p95,      p99,      max, 
       TotalPurchase,     110730,          0,          0,          0,     107850,     118215,      300,     1800,     2800,     3100,     7700,   140000,
     InStorePurchase,      58256,          0,          0,          0,      56923,      62291,      300,     1700,     2700,     3100,     7600,   140000,
      OnlinePurchase,      40824,          0,          0,          0,      39849,      43624,      300,     1900,     2800,     3200,     8775,   139000,
        InstPurchase,      11650,          0,          0,          0,      11078,      12300,      400,     1500,     2700,     3000,     5498,   138000,
          AssocOfCat,        118,          0,          0,          0,        118,        127,    18900,    26000,    32000,    37200,    75720,    76000,
      AssocOfProduct,       1173,          0,          0,          0,       1077,       1304,      500,     1700,     2500,     2800,     4300,    27000,
      BusinessReport,        290,          0,          0,          0,        225,        301,    19300,    30000,    37000,    43700,    69940,   172000,
          CustBuyBeh,       1163,          0,          0,          0,       1067,       1303,      300,     2000,     2900,     3300,    13500,   132000,
       ProductReturn,       3100,          0,          0,          0,       2829,       3218,      200,     1400,     2200,     2500,     7300,   119000,

  1547s: (15%)   IR =   2076 [1547.653s][info][gc,marking     ] GC(235) Concurrent Mark From Roots 538.115ms
[1547.653s][info][gc,marking     ] GC(235) Concurrent Preclean
[1547.653s][info][gc,marking     ] GC(235) Concurrent Preclean 0.050ms
[1547.654s][info][gc,start       ] GC(235) Pause Remark
[1547.657s][info][gc             ] GC(235) Pause Remark 1555M->1555M(4096M) 3.177ms
[1547.657s][info][gc,cpu         ] GC(235) User=0.01s Sys=0.00s Real=0.00s
[1547.657s][info][gc,marking     ] GC(235) Concurrent Mark 541.611ms
[1547.657s][info][gc,marking     ] GC(235) Concurrent Rebuild Remembered Sets and Scrub Regions
[1547.869s][info][gc,marking     ] GC(235) Concurrent Rebuild Remembered Sets and Scrub Regions 211.890ms
[1547.869s][info][gc,start       ] GC(235) Pause Cleanup
[1547.869s][info][gc             ] GC(235) Pause Cleanup 1610M->1610M(4096M) 0.120ms
[1547.869s][info][gc,cpu         ] GC(235) User=0.00s Sys=0.00s Real=0.00s
[1547.869s][info][gc,marking     ] GC(235) Concurrent Clear Claimed Marks
[1547.869s][info][gc,marking     ] GC(235) Concurrent Clear Claimed Marks 0.024ms
[1547.869s][info][gc,marking     ] GC(235) Concurrent Cleanup for Next Mark
[1547.872s][info][gc,marking     ] GC(235) Concurrent Cleanup for Next Mark 3.189ms
[1547.872s][info][gc             ] GC(235) Concurrent Mark Cycle 876.272ms
.....|...[1556.033s][info][gc,start       ] GC(236) Pause Young (Prepare Mixed) (G1 Evacuation Pause)
[1556.033s][info][gc,task        ] GC(236) Using 6 workers of 6 for evacuation
[1556.151s][info][gc,phases      ] GC(236)   Pre Evacuate Collection Set: 0.33ms
[1556.151s][info][gc,phases      ] GC(236)   Merge Heap Roots: 0.55ms
[1556.151s][info][gc,phases      ] GC(236)   Evacuate Collection Set: 115.28ms
[1556.151s][info][gc,phases      ] GC(236)   Post Evacuate Collection Set: 0.95ms
[1556.151s][info][gc,phases      ] GC(236)   Other: 0.10ms
[1556.151s][info][gc,heap        ] GC(236) Eden regions: 1119->0(1117)
[1556.151s][info][gc,heap        ] GC(236) Survivor regions: 109->109(154)
[1556.151s][info][gc,heap        ] GC(236) Old regions: 497->530
[1556.151s][info][gc,heap        ] GC(236) Humongous regions: 80->80
[1556.151s][info][gc,metaspace   ] GC(236) Metaspace: 28936K(29184K)->28936K(29184K) NonClass: 24052K(24128K)->24052K(24128K) Class: 4883K(5056K)->4883K(5056K)
[1556.151s][info][gc             ] GC(236) Pause Young (Prepare Mixed) (G1 Evacuation Pause) 3609M->1435M(4096M) 117.330ms
[1556.151s][info][gc,cpu         ] GC(236) User=0.70s Sys=0.00s Real=0.11s
.........[1565.207s][info][gc,start       ] GC(237) Pause Young (Mixed) (G1 Evacuation Pause)
[1565.207s][info][gc,task        ] GC(237) Using 6 workers of 6 for evacuation
[1565.351s][info][gc,phases      ] GC(237)   Pre Evacuate Collection Set: 0.44ms
[1565.351s][info][gc,phases      ] GC(237)   Merge Heap Roots: 0.78ms
[1565.351s][info][gc,phases      ] GC(237)   Evacuate Collection Set: 141.34ms
[1565.351s][info][gc,phases      ] GC(237)   Post Evacuate Collection Set: 0.95ms
[1565.351s][info][gc,phases      ] GC(237)   Other: 0.09ms
[1565.351s][info][gc,heap        ] GC(237) Eden regions: 1117->0(1118)
[1565.351s][info][gc,heap        ] GC(237) Survivor regions: 109->110(154)
[1565.351s][info][gc,heap        ] GC(237) Old regions: 530->466
[1565.351s][info][gc,heap        ] GC(237) Humongous regions: 80->80
[1565.351s][info][gc,metaspace   ] GC(237) Metaspace: 28937K(29184K)->28937K(29184K) NonClass: 24053K(24128K)->24053K(24128K) Class: 4883K(5056K)->4883K(5056K)
[1565.351s][info][gc             ] GC(237) Pause Young (Mixed) (G1 Evacuation Pause) 3669M->1310M(4096M) 143.754ms
[1565.351s][info][gc,cpu         ] GC(237) User=0.86s Sys=0.00s Real=0.14s
..........[1574.406s][info][gc,start       ] GC(238) Pause Young (Concurrent Start) (G1 Evacuation Pause)
[1574.406s][info][gc,task        ] GC(238) Using 6 workers of 6 for evacuation
[1574.521s][info][gc,phases      ] GC(238)   Pre Evacuate Collection Set: 0.43ms
[1574.521s][info][gc,phases      ] GC(238)   Merge Heap Roots: 0.55ms
[1574.522s][info][gc,phases      ] GC(238)   Evacuate Collection Set: 113.30ms
[1574.522s][info][gc,phases      ] GC(238)   Post Evacuate Collection Set: 0.90ms
[1574.522s][info][gc,phases      ] GC(238)   Other: 0.12ms
[1574.522s][info][gc,heap        ] GC(238) Eden regions: 1118->0(1120)
[1574.522s][info][gc,heap        ] GC(238) Survivor regions: 110->108(154)
[1574.522s][info][gc,heap        ] GC(238) Old regions: 466->498
[1574.522s][info][gc,heap        ] GC(238) Humongous regions: 80->80
[1574.522s][info][gc,metaspace   ] GC(238) Metaspace: 28937K(29184K)->28937K(29184K) NonClass: 24053K(24128K)->24053K(24128K) Class: 4883K(5056K)->4883K(5056K)
[1574.522s][info][gc             ] GC(238) Pause Young (Concurrent Start) (G1 Evacuation Pause) 3546M->1370M(4096M) 115.426ms
[1574.522s][info][gc             ] GC(239) Concurrent Mark Cycle
[1574.522s][info][gc,marking     ] GC(239) Concurrent Scan Root Regions
[1574.522s][info][gc,cpu         ] GC(238) User=0.68s Sys=0.00s Real=0.12s
[1574.652s][info][gc,marking     ] GC(239) Concurrent Scan Root Regions 130.831ms
[1574.652s][info][gc,marking     ] GC(239) Concurrent Mark
[1574.652s][info][gc,marking     ] GC(239) Concurrent Mark From Roots
[1574.652s][info][gc,task        ] GC(239) Using 2 workers of 2 for marking
[1575.237s][info][gc,marking     ] GC(239) Concurrent Mark From Roots 584.068ms
[1575.237s][info][gc,marking     ] GC(239) Concurrent Preclean
[1575.237s][info][gc,marking     ] GC(239) Concurrent Preclean 0.053ms
[1575.237s][info][gc,start       ] GC(239) Pause Remark
[1575.240s][info][gc             ] GC(239) Pause Remark 1591M->1591M(4096M) 3.308ms
[1575.240s][info][gc,cpu         ] GC(239) User=0.02s Sys=0.00s Real=0.00s
[1575.240s][info][gc,marking     ] GC(239) Concurrent Mark 587.712ms
[1575.240s][info][gc,marking     ] GC(239) Concurrent Rebuild Remembered Sets and Scrub Regions
.[1575.454s][info][gc,marking     ] GC(239) Concurrent Rebuild Remembered Sets and Scrub Regions 213.354ms
[1575.454s][info][gc,start       ] GC(239) Pause Cleanup
[1575.454s][info][gc             ] GC(239) Pause Cleanup 1646M->1646M(4096M) 0.132ms
[1575.454s][info][gc,cpu         ] GC(239) User=0.00s Sys=0.00s Real=0.00s
[1575.454s][info][gc,marking     ] GC(239) Concurrent Clear Claimed Marks
[1575.454s][info][gc,marking     ] GC(239) Concurrent Clear Claimed Marks 0.026ms
[1575.454s][info][gc,marking     ] GC(239) Concurrent Cleanup for Next Mark
[1575.457s][info][gc,marking     ] GC(239) Concurrent Cleanup for Next Mark 3.167ms
[1575.457s][info][gc             ] GC(239) Concurrent Mark Cycle 935.519ms
........[1583.597s][info][gc,start       ] GC(240) Pause Young (Prepare Mixed) (G1 Evacuation Pause)
[1583.597s][info][gc,task        ] GC(240) Using 6 workers of 6 for evacuation
[1583.712s][info][gc,phases      ] GC(240)   Pre Evacuate Collection Set: 0.35ms
[1583.712s][info][gc,phases      ] GC(240)   Merge Heap Roots: 0.52ms
[1583.712s][info][gc,phases      ] GC(240)   Evacuate Collection Set: 113.01ms
[1583.712s][info][gc,phases      ] GC(240)   Post Evacuate Collection Set: 0.93ms
[1583.712s][info][gc,phases      ] GC(240)   Other: 0.09ms
[1583.712s][info][gc,heap        ] GC(240) Eden regions: 1120->0(1118)
[1583.712s][info][gc,heap        ] GC(240) Survivor regions: 108->109(154)
[1583.712s][info][gc,heap        ] GC(240) Old regions: 498->529
[1583.712s][info][gc,heap        ] GC(240) Humongous regions: 80->80
[1583.712s][info][gc,metaspace   ] GC(240) Metaspace: 28937K(29184K)->28937K(29184K) NonClass: 24053K(24128K)->24053K(24128K) Class: 4883K(5056K)->4883K(5056K)
[1583.712s][info][gc             ] GC(240) Pause Young (Prepare Mixed) (G1 Evacuation Pause) 3610M->1435M(4096M) 115.067ms
[1583.713s][info][gc,cpu         ] GC(240) User=0.68s Sys=0.00s Real=0.12s
.........[1592.849s][info][gc,start       ] GC(241) Pause Young (Mixed) (G1 Evacuation Pause)
[1592.849s][info][gc,task        ] GC(241) Using 6 workers of 6 for evacuation
[1592.984s][info][gc,phases      ] GC(241)   Pre Evacuate Collection Set: 0.43ms
[1592.984s][info][gc,phases      ] GC(241)   Merge Heap Roots: 0.82ms
[1592.984s][info][gc,phases      ] GC(241)   Evacuate Collection Set: 132.71ms
[1592.984s][info][gc,phases      ] GC(241)   Post Evacuate Collection Set: 0.94ms
[1592.984s][info][gc,phases      ] GC(241)   Other: 0.09ms
[1592.984s][info][gc,heap        ] GC(241) Eden regions: 1118->0(1119)
[1592.984s][info][gc,heap        ] GC(241) Survivor regions: 109->109(154)
[1592.984s][info][gc,heap        ] GC(241) Old regions: 529->465
[1592.984s][info][gc,heap        ] GC(241) Humongous regions: 80->80
[1592.984s][info][gc,metaspace   ] GC(241) Metaspace: 28937K(29184K)->28937K(29184K) NonClass: 24053K(24128K)->24053K(24128K) Class: 4883K(5056K)->4883K(5056K)
[1592.984s][info][gc             ] GC(241) Pause Young (Mixed) (G1 Evacuation Pause) 3671M->1306M(4096M) 135.130ms
[1592.984s][info][gc,cpu         ] GC(241) User=0.80s Sys=0.00s Real=0.14s
.........[1601.918s][info][gc,start       ] GC(242) Pause Young (Concurrent Start) (G1 Evacuation Pause)
[1601.919s][info][gc,task        ] GC(242) Using 6 workers of 6 for evacuation
[1602.034s][info][gc,phases      ] GC(242)   Pre Evacuate Collection Set: 0.38ms
[1602.034s][info][gc,phases      ] GC(242)   Merge Heap Roots: 0.50ms
[1602.034s][info][gc,phases      ] GC(242)   Evacuate Collection Set: 113.83ms
[1602.034s][info][gc,phases      ] GC(242)   Post Evacuate Collection Set: 0.87ms
[1602.034s][info][gc,phases      ] GC(242)   Other: 0.12ms
[1602.034s][info][gc,heap        ] GC(242) Eden regions: 1119->0(1119)
[1602.034s][info][gc,heap        ] GC(242) Survivor regions: 109->109(154)
[1602.034s][info][gc,heap        ] GC(242) Old regions: 465->497
[1602.034s][info][gc,heap        ] GC(242) Humongous regions: 80->80
[1602.034s][info][gc,metaspace   ] GC(242) Metaspace: 28937K(29184K)->28937K(29184K) NonClass: 24053K(24128K)->24053K(24128K) Class: 4883K(5056K)->4883K(5056K)
[1602.034s][info][gc             ] GC(242) Pause Young (Concurrent Start) (G1 Evacuation Pause) 3544M->1370M(4096M) 115.827ms
[1602.034s][info][gc             ] GC(243) Concurrent Mark Cycle
[1602.034s][info][gc,marking     ] GC(243) Concurrent Scan Root Regions
[1602.034s][info][gc,cpu         ] GC(242) User=0.69s Sys=0.00s Real=0.12s
[1602.174s][info][gc,marking     ] GC(243) Concurrent Scan Root Regions 140.053ms
[1602.174s][info][gc,marking     ] GC(243) Concurrent Mark
[1602.174s][info][gc,marking     ] GC(243) Concurrent Mark From Roots
[1602.174s][info][gc,task        ] GC(243) Using 2 workers of 2 for marking
.[1602.732s][info][gc,marking     ] GC(243) Concurrent Mark From Roots 557.109ms
[1602.732s][info][gc,marking     ] GC(243) Concurrent Preclean
[1602.732s][info][gc,marking     ] GC(243) Concurrent Preclean 0.043ms
[1602.732s][info][gc,start       ] GC(243) Pause Remark
[1602.735s][info][gc             ] GC(243) Pause Remark 1568M->1568M(4096M) 3.046ms
[1602.735s][info][gc,cpu         ] GC(243) User=0.02s Sys=0.00s Real=0.00s
[1602.735s][info][gc,marking     ] GC(243) Concurrent Mark 560.442ms
[1602.735s][info][gc,marking     ] GC(243) Concurrent Rebuild Remembered Sets and Scrub Regions
[1602.954s][info][gc,marking     ] GC(243) Concurrent Rebuild Remembered Sets and Scrub Regions 219.221ms
[1602.954s][info][gc,start       ] GC(243) Pause Cleanup
[1602.954s][info][gc             ] GC(243) Pause Cleanup 1616M->1616M(4096M) 0.128ms
[1602.954s][info][gc,cpu         ] GC(243) User=0.00s Sys=0.00s Real=0.00s
[1602.954s][info][gc,marking     ] GC(243) Concurrent Clear Claimed Marks
[1602.955s][info][gc,marking     ] GC(243) Concurrent Clear Claimed Marks 0.033ms
[1602.955s][info][gc,marking     ] GC(243) Concurrent Cleanup for Next Mark
[1602.958s][info][gc,marking     ] GC(243) Concurrent Cleanup for Next Mark 3.432ms
[1602.958s][info][gc             ] GC(243) Concurrent Mark Cycle 923.642ms
........[1611.071s][info][gc,start       ] GC(244) Pause Young (Prepare Mixed) (G1 Evacuation Pause)
[1611.071s][info][gc,task        ] GC(244) Using 6 workers of 6 for evacuation
[1611.196s][info][gc,phases      ] GC(244)   Pre Evacuate Collection Set: 0.38ms
[1611.196s][info][gc,phases      ] GC(244)   Merge Heap Roots: 0.54ms
[1611.196s][info][gc,phases      ] GC(244)   Evacuate Collection Set: 122.70ms
[1611.196s][info][gc,phases      ] GC(244)   Post Evacuate Collection Set: 0.93ms
[1611.196s][info][gc,phases      ] GC(244)   Other: 0.09ms
[1611.196s][info][gc,heap        ] GC(244) Eden regions: 1119->0(1108)
[1611.196s][info][gc,heap        ] GC(244) Survivor regions: 109->114(154)
[1611.196s][info][gc,heap        ] GC(244) Old regions: 497->529
[1611.196s][info][gc,heap        ] GC(244) Humongous regions: 80->80
[1611.196s][info][gc,metaspace   ] GC(244) Metaspace: 28937K(29184K)->28937K(29184K) NonClass: 24053K(24128K)->24053K(24128K) Class: 4883K(5056K)->4883K(5056K)
[1611.196s][info][gc             ] GC(244) Pause Young (Prepare Mixed) (G1 Evacuation Pause) 3608M->1444M(4096M) 124.776ms
[1611.196s][info][gc,cpu         ] GC(244) User=0.74s Sys=0.01s Real=0.13s
.. (rIR:aIR:PR = 2076:2075:2075) (tPR = 30646) [OK] 
  1612s: Performance info:
         Transaction,    Success,    Partial,     Failed,   Receipts, AvgBarcode, 
             Overall,     124834,          0,          0,     118588,      59.47, 
         Response times:
             Request,    Success,    Partial,     Failed,   SkipFail,     Probes,    Samples,      min,      p50,      p90,      p95,      p99,      max, 
       TotalPurchase,     118588,          0,          0,          0,     115166,     125733,      300,     1900,     2800,     3200,    11700,   150000,
     InStorePurchase,      62394,          0,          0,          0,      60840,      66223,      300,     1900,     2900,     3200,    12200,   150000,
      OnlinePurchase,      43709,          0,          0,          0,      42397,      46206,      300,     1800,     2800,     3200,    11393,   147000,
        InstPurchase,      12485,          0,          0,          0,      11929,      13304,      400,     1700,     2800,     3100,    11595,   147000,
          AssocOfCat,        127,          0,          0,          0,         90,        129,    18000,    25000,    31000,    35500,   146100,   165000,
      AssocOfProduct,       1246,          0,          0,          0,       1115,       1347,      500,     2200,     3100,     3400,     9804,   132000,
      BusinessReport,        314,          0,          0,          0,        249,        344,    19800,    30000,    38000,    46750,   155550,   181000,
          CustBuyBeh,       1249,          0,          0,          0,       1085,       1262,      400,     2200,     3000,     3400,    10537,   139000,
       ProductReturn,       3310,          0,          0,          0,       3052,       3578,      200,     1300,     2800,     3100,     9100,   150000,

  1612s: (16%)   IR =   2214 .....|..[1619.709s][info][gc,start       ] GC(245) Pause Young (Mixed) (G1 Evacuation Pause)
[1619.709s][info][gc,task        ] GC(245) Using 6 workers of 6 for evacuation
[1619.845s][info][gc,phases      ] GC(245)   Pre Evacuate Collection Set: 0.38ms
[1619.845s][info][gc,phases      ] GC(245)   Merge Heap Roots: 0.64ms
[1619.845s][info][gc,phases      ] GC(245)   Evacuate Collection Set: 133.44ms
[1619.845s][info][gc,phases      ] GC(245)   Post Evacuate Collection Set: 0.96ms
[1619.845s][info][gc,phases      ] GC(245)   Other: 0.08ms
[1619.845s][info][gc,heap        ] GC(245) Eden regions: 1108->0(1120)
[1619.845s][info][gc,heap        ] GC(245) Survivor regions: 114->108(153)
[1619.845s][info][gc,heap        ] GC(245) Old regions: 529->466
[1619.845s][info][gc,heap        ] GC(245) Humongous regions: 80->80
[1619.845s][info][gc,metaspace   ] GC(245) Metaspace: 28939K(29184K)->28939K(29184K) NonClass: 24055K(24128K)->24055K(24128K) Class: 4883K(5056K)->4883K(5056K)
[1619.845s][info][gc             ] GC(245) Pause Young (Mixed) (G1 Evacuation Pause) 3660M->1306M(4096M) 135.624ms
[1619.845s][info][gc,cpu         ] GC(245) User=0.81s Sys=0.00s Real=0.14s
........[1628.278s][info][gc,start       ] GC(246) Pause Young (Concurrent Start) (G1 Evacuation Pause)
[1628.278s][info][gc,task        ] GC(246) Using 6 workers of 6 for evacuation
[1628.394s][info][gc,phases      ] GC(246)   Pre Evacuate Collection Set: 0.44ms
[1628.394s][info][gc,phases      ] GC(246)   Merge Heap Roots: 0.55ms
[1628.394s][info][gc,phases      ] GC(246)   Evacuate Collection Set: 114.64ms
[1628.394s][info][gc,phases      ] GC(246)   Post Evacuate Collection Set: 0.87ms
[1628.394s][info][gc,phases      ] GC(246)   Other: 0.12ms
[1628.394s][info][gc,heap        ] GC(246) Eden regions: 1120->0(1120)
[1628.394s][info][gc,heap        ] GC(246) Survivor regions: 108->108(154)
[1628.394s][info][gc,heap        ] GC(246) Old regions: 466->498
[1628.394s][info][gc,heap        ] GC(246) Humongous regions: 80->80
[1628.394s][info][gc,metaspace   ] GC(246) Metaspace: 28939K(29184K)->28939K(29184K) NonClass: 24055K(24128K)->24055K(24128K) Class: 4883K(5056K)->4883K(5056K)
[1628.394s][info][gc             ] GC(246) Pause Young (Concurrent Start) (G1 Evacuation Pause) 3546M->1370M(4096M) 116.746ms
[1628.394s][info][gc             ] GC(247) Concurrent Mark Cycle
[1628.394s][info][gc,marking     ] GC(247) Concurrent Scan Root Regions
[1628.394s][info][gc,cpu         ] GC(246) User=0.70s Sys=0.00s Real=0.12s
.[1628.514s][info][gc,marking     ] GC(247) Concurrent Scan Root Regions 119.863ms
[1628.514s][info][gc,marking     ] GC(247) Concurrent Mark
[1628.514s][info][gc,marking     ] GC(247) Concurrent Mark From Roots
[1628.514s][info][gc,task        ] GC(247) Using 2 workers of 2 for marking
[1629.065s][info][gc,marking     ] GC(247) Concurrent Mark From Roots 551.214ms
[1629.065s][info][gc,marking     ] GC(247) Concurrent Preclean
[1629.065s][info][gc,marking     ] GC(247) Concurrent Preclean 0.053ms
[1629.066s][info][gc,start       ] GC(247) Pause Remark
[1629.069s][info][gc             ] GC(247) Pause Remark 1546M->1546M(4096M) 3.081ms
[1629.069s][info][gc,cpu         ] GC(247) User=0.01s Sys=0.00s Real=0.00s
[1629.069s][info][gc,marking     ] GC(247) Concurrent Mark 554.595ms
[1629.069s][info][gc,marking     ] GC(247) Concurrent Rebuild Remembered Sets and Scrub Regions
[1629.285s][info][gc,marking     ] GC(247) Concurrent Rebuild Remembered Sets and Scrub Regions 215.792ms
[1629.285s][info][gc,start       ] GC(247) Pause Cleanup
[1629.285s][info][gc             ] GC(247) Pause Cleanup 1606M->1606M(4096M) 0.145ms
[1629.285s][info][gc,cpu         ] GC(247) User=0.00s Sys=0.00s Real=0.00s
[1629.285s][info][gc,marking     ] GC(247) Concurrent Clear Claimed Marks
[1629.285s][info][gc,marking     ] GC(247) Concurrent Clear Claimed Marks 0.025ms
[1629.285s][info][gc,marking     ] GC(247) Concurrent Cleanup for Next Mark
[1629.288s][info][gc,marking     ] GC(247) Concurrent Cleanup for Next Mark 3.188ms
[1629.288s][info][gc             ] GC(247) Concurrent Mark Cycle 893.930ms
........[1636.908s][info][gc,start       ] GC(248) Pause Young (Prepare Mixed) (G1 Evacuation Pause)
[1636.908s][info][gc,task        ] GC(248) Using 6 workers of 6 for evacuation
[1637.024s][info][gc,phases      ] GC(248)   Pre Evacuate Collection Set: 0.38ms
[1637.024s][info][gc,phases      ] GC(248)   Merge Heap Roots: 0.53ms
[1637.024s][info][gc,phases      ] GC(248)   Evacuate Collection Set: 114.67ms
[1637.024s][info][gc,phases      ] GC(248)   Post Evacuate Collection Set: 0.92ms
[1637.024s][info][gc,phases      ] GC(248)   Other: 0.08ms
[1637.025s][info][gc,heap        ] GC(248) Eden regions: 1120->0(1117)
[1637.025s][info][gc,heap        ] GC(248) Survivor regions: 108->109(154)
[1637.025s][info][gc,heap        ] GC(248) Old regions: 498->530
[1637.025s][info][gc,heap        ] GC(248) Humongous regions: 80->80
[1637.025s][info][gc,metaspace   ] GC(248) Metaspace: 28939K(29184K)->28939K(29184K) NonClass: 24055K(24128K)->24055K(24128K) Class: 4883K(5056K)->4883K(5056K)
[1637.025s][info][gc             ] GC(248) Pause Young (Prepare Mixed) (G1 Evacuation Pause) 3610M->1435M(4096M) 116.736ms
[1637.025s][info][gc,cpu         ] GC(248) User=0.70s Sys=0.00s Real=0.12s
.........[1645.459s][info][gc,start       ] GC(249) Pause Young (Mixed) (G1 Evacuation Pause)
[1645.459s][info][gc,task        ] GC(249) Using 6 workers of 6 for evacuation
[1645.593s][info][gc,phases      ] GC(249)   Pre Evacuate Collection Set: 0.40ms
[1645.593s][info][gc,phases      ] GC(249)   Merge Heap Roots: 0.66ms
[1645.593s][info][gc,phases      ] GC(249)   Evacuate Collection Set: 131.66ms
[1645.593s][info][gc,phases      ] GC(249)   Post Evacuate Collection Set: 0.92ms
[1645.593s][info][gc,phases      ] GC(249)   Other: 0.09ms
[1645.593s][info][gc,heap        ] GC(249) Eden regions: 1117->0(1117)
[1645.593s][info][gc,heap        ] GC(249) Survivor regions: 109->111(154)
[1645.593s][info][gc,heap        ] GC(249) Old regions: 530->466
[1645.593s][info][gc,heap        ] GC(249) Humongous regions: 80->80
[1645.593s][info][gc,metaspace   ] GC(249) Metaspace: 28939K(29184K)->28939K(29184K) NonClass: 24055K(24128K)->24055K(24128K) Class: 4883K(5056K)->4883K(5056K)
[1645.593s][info][gc             ] GC(249) Pause Young (Mixed) (G1 Evacuation Pause) 3669M->1312M(4096M) 133.867ms
[1645.593s][info][gc,cpu         ] GC(249) User=0.80s Sys=0.00s Real=0.14s
........[1654.092s][info][gc,start       ] GC(250) Pause Young (Concurrent Start) (G1 Evacuation Pause)
[1654.092s][info][gc,task        ] GC(250) Using 6 workers of 6 for evacuation
[1654.212s][info][gc,phases      ] GC(250)   Pre Evacuate Collection Set: 0.41ms
[1654.212s][info][gc,phases      ] GC(250)   Merge Heap Roots: 0.53ms
[1654.212s][info][gc,phases      ] GC(250)   Evacuate Collection Set: 117.46ms
[1654.212s][info][gc,phases      ] GC(250)   Post Evacuate Collection Set: 0.90ms
[1654.212s][info][gc,phases      ] GC(250)   Other: 0.12ms
[1654.212s][info][gc,heap        ] GC(250) Eden regions: 1117->0(1117)
[1654.212s][info][gc,heap        ] GC(250) Survivor regions: 111->111(154)
[1654.212s][info][gc,heap        ] GC(250) Old regions: 466->499
[1654.212s][info][gc,heap        ] GC(250) Humongous regions: 80->80
[1654.212s][info][gc,metaspace   ] GC(250) Metaspace: 28939K(29184K)->28939K(29184K) NonClass: 24055K(24128K)->24055K(24128K) Class: 4883K(5056K)->4883K(5056K)
[1654.212s][info][gc             ] GC(250) Pause Young (Concurrent Start) (G1 Evacuation Pause) 3546M->1377M(4096M) 119.541ms
[1654.212s][info][gc             ] GC(251) Concurrent Mark Cycle
[1654.212s][info][gc,marking     ] GC(251) Concurrent Scan Root Regions
[1654.212s][info][gc,cpu         ] GC(250) User=0.71s Sys=0.00s Real=0.12s
[1654.343s][info][gc,marking     ] GC(251) Concurrent Scan Root Regions 131.331ms
[1654.343s][info][gc,marking     ] GC(251) Concurrent Mark
[1654.343s][info][gc,marking     ] GC(251) Concurrent Mark From Roots
[1654.343s][info][gc,task        ] GC(251) Using 2 workers of 2 for marking
.[1654.935s][info][gc,marking     ] GC(251) Concurrent Mark From Roots 591.645ms
[1654.935s][info][gc,marking     ] GC(251) Concurrent Preclean
[1654.935s][info][gc,marking     ] GC(251) Concurrent Preclean 0.044ms
[1654.935s][info][gc,start       ] GC(251) Pause Remark
[1654.938s][info][gc             ] GC(251) Pause Remark 1601M->1601M(4096M) 3.216ms
[1654.939s][info][gc,cpu         ] GC(251) User=0.02s Sys=0.00s Real=0.00s
[1654.939s][info][gc,marking     ] GC(251) Concurrent Mark 595.165ms
[1654.939s][info][gc,marking     ] GC(251) Concurrent Rebuild Remembered Sets and Scrub Regions
[1655.154s][info][gc,marking     ] GC(251) Concurrent Rebuild Remembered Sets and Scrub Regions 215.821ms
[1655.155s][info][gc,start       ] GC(251) Pause Cleanup
[1655.155s][info][gc             ] GC(251) Pause Cleanup 1659M->1659M(4096M) 0.129ms
[1655.155s][info][gc,cpu         ] GC(251) User=0.00s Sys=0.00s Real=0.00s
[1655.155s][info][gc,marking     ] GC(251) Concurrent Clear Claimed Marks
[1655.155s][info][gc,marking     ] GC(251) Concurrent Clear Claimed Marks 0.028ms
[1655.155s][info][gc,marking     ] GC(251) Concurrent Cleanup for Next Mark
[1655.158s][info][gc,marking     ] GC(251) Concurrent Cleanup for Next Mark 3.591ms
[1655.158s][info][gc             ] GC(251) Concurrent Mark Cycle 946.393ms
........[1662.710s][info][gc,start       ] GC(252) Pause Young (Prepare Mixed) (G1 Evacuation Pause)
[1662.710s][info][gc,task        ] GC(252) Using 6 workers of 6 for evacuation
[1662.827s][info][gc,phases      ] GC(252)   Pre Evacuate Collection Set: 0.35ms
[1662.827s][info][gc,phases      ] GC(252)   Merge Heap Roots: 0.53ms
[1662.827s][info][gc,phases      ] GC(252)   Evacuate Collection Set: 114.79ms
[1662.827s][info][gc,phases      ] GC(252)   Post Evacuate Collection Set: 0.96ms
[1662.827s][info][gc,phases      ] GC(252)   Other: 0.09ms
[1662.827s][info][gc,heap        ] GC(252) Eden regions: 1117->0(1117)
[1662.827s][info][gc,heap        ] GC(252) Survivor regions: 111->109(154)
[1662.827s][info][gc,heap        ] GC(252) Old regions: 499->530
[1662.827s][info][gc,heap        ] GC(252) Humongous regions: 80->80
[1662.827s][info][gc,metaspace   ] GC(252) Metaspace: 28939K(29184K)->28939K(29184K) NonClass: 24055K(24128K)->24055K(24128K) Class: 4883K(5056K)->4883K(5056K)
[1662.827s][info][gc             ] GC(252) Pause Young (Prepare Mixed) (G1 Evacuation Pause) 3611M->1436M(4096M) 116.851ms
[1662.827s][info][gc,cpu         ] GC(252) User=0.69s Sys=0.01s Real=0.12s
........[1671.201s][info][gc,start       ] GC(253) Pause Young (Mixed) (G1 Evacuation Pause)
[1671.201s][info][gc,task        ] GC(253) Using 6 workers of 6 for evacuation
[1671.337s][info][gc,phases      ] GC(253)   Pre Evacuate Collection Set: 0.38ms
[1671.337s][info][gc,phases      ] GC(253)   Merge Heap Roots: 0.72ms
[1671.337s][info][gc,phases      ] GC(253)   Evacuate Collection Set: 133.71ms
[1671.337s][info][gc,phases      ] GC(253)   Post Evacuate Collection Set: 0.95ms
[1671.337s][info][gc,phases      ] GC(253)   Other: 0.09ms
[1671.337s][info][gc,heap        ] GC(253) Eden regions: 1117->0(1119)
[1671.337s][info][gc,heap        ] GC(253) Survivor regions: 109->109(154)
[1671.337s][info][gc,heap        ] GC(253) Old regions: 530->467
[1671.337s][info][gc,heap        ] GC(253) Humongous regions: 80->80
[1671.337s][info][gc,metaspace   ] GC(253) Metaspace: 28939K(29184K)->28939K(29184K) NonClass: 24055K(24128K)->24055K(24128K) Class: 4883K(5056K)->4883K(5056K)
[1671.337s][info][gc             ] GC(253) Pause Young (Mixed) (G1 Evacuation Pause) 3670M->1309M(4096M) 135.975ms
[1671.337s][info][gc,cpu         ] GC(253) User=0.81s Sys=0.00s Real=0.14s
....... (rIR:aIR:PR = 2214:2214:2214) (tPR = 33013) [OK] 
  1677s: Performance info:
         Transaction,    Success,    Partial,     Failed,   Receipts, AvgBarcode, 
             Overall,     132917,          0,          0,     126283,      59.47, 
         Response times:
             Request,    Success,    Partial,     Failed,   SkipFail,     Probes,    Samples,      min,      p50,      p90,      p95,      p99,      max, 
       TotalPurchase,     126283,          0,          0,          0,     123296,     134378,      300,     1900,     3000,     3400,     9900,   153000,
     InStorePurchase,      66454,          0,          0,          0,      65027,      70628,      300,     1800,     3000,     3300,     9500,   153000,
      OnlinePurchase,      46516,          0,          0,          0,      45501,      49573,      300,     2100,     3100,     3400,    10926,   140000,
        InstPurchase,      13313,          0,          0,          0,      12768,      14177,      400,     2000,     3000,     3400,    10822,   140000,
          AssocOfCat,        132,          0,          0,          0,         94,        135,    18400,    27000,    33000,    38400,   160600,   166000,
      AssocOfProduct,       1330,          0,          0,          0,       1182,       1410,      600,     2300,     3000,     3300,    10800,   120000,
      BusinessReport,        330,          0,          0,          0,        248,        329,    19900,    30000,    38000,    41000,   128200,   173000,
          CustBuyBeh,       1322,          0,          0,          0,       1157,       1391,      200,     2200,     3000,     3400,    13300,    40000,
       ProductReturn,       3520,          0,          0,          0,       3283,       3765,      200,     2000,     2900,     3300,    13302,   139000,

  1677s: (17%)   IR =   2352 ..[1679.697s][info][gc,start       ] GC(254) Pause Young (Concurrent Start) (G1 Evacuation Pause)
[1679.697s][info][gc,task        ] GC(254) Using 6 workers of 6 for evacuation
[1679.814s][info][gc,phases      ] GC(254)   Pre Evacuate Collection Set: 0.42ms
[1679.814s][info][gc,phases      ] GC(254)   Merge Heap Roots: 0.58ms
[1679.814s][info][gc,phases      ] GC(254)   Evacuate Collection Set: 115.22ms
[1679.814s][info][gc,phases      ] GC(254)   Post Evacuate Collection Set: 0.86ms
[1679.814s][info][gc,phases      ] GC(254)   Other: 0.13ms
[1679.814s][info][gc,heap        ] GC(254) Eden regions: 1119->0(1120)
[1679.814s][info][gc,heap        ] GC(254) Survivor regions: 109->108(154)
[1679.814s][info][gc,heap        ] GC(254) Old regions: 467->499
[1679.814s][info][gc,heap        ] GC(254) Humongous regions: 80->80
[1679.814s][info][gc,metaspace   ] GC(254) Metaspace: 28939K(29184K)->28939K(29184K) NonClass: 24055K(24128K)->24055K(24128K) Class: 4883K(5056K)->4883K(5056K)
[1679.814s][info][gc             ] GC(254) Pause Young (Concurrent Start) (G1 Evacuation Pause) 3547M->1372M(4096M) 117.346ms
[1679.814s][info][gc             ] GC(255) Concurrent Mark Cycle
[1679.815s][info][gc,marking     ] GC(255) Concurrent Scan Root Regions
[1679.815s][info][gc,cpu         ] GC(254) User=0.70s Sys=0.00s Real=0.12s
[1679.987s][info][gc,marking     ] GC(255) Concurrent Scan Root Regions 172.442ms
[1679.987s][info][gc,marking     ] GC(255) Concurrent Mark
[1679.987s][info][gc,marking     ] GC(255) Concurrent Mark From Roots
[1679.987s][info][gc,task        ] GC(255) Using 2 workers of 2 for marking
.[1680.731s][info][gc,marking     ] GC(255) Concurrent Mark From Roots 743.734ms
[1680.731s][info][gc,marking     ] GC(255) Concurrent Preclean
[1680.731s][info][gc,marking     ] GC(255) Concurrent Preclean 0.050ms
[1680.731s][info][gc,start       ] GC(255) Pause Remark
[1680.734s][info][gc             ] GC(255) Pause Remark 1662M->1662M(4096M) 3.546ms
[1680.735s][info][gc,cpu         ] GC(255) User=0.01s Sys=0.00s Real=0.01s
[1680.735s][info][gc,marking     ] GC(255) Concurrent Mark 747.573ms
[1680.735s][info][gc,marking     ] GC(255) Concurrent Rebuild Remembered Sets and Scrub Regions
[1681.080s][info][gc,marking     ] GC(255) Concurrent Rebuild Remembered Sets and Scrub Regions 345.280ms
[1681.081s][info][gc,start       ] GC(255) Pause Cleanup
[1681.081s][info][gc             ] GC(255) Pause Cleanup 1784M->1784M(4096M) 0.130ms
[1681.081s][info][gc,cpu         ] GC(255) User=0.00s Sys=0.00s Real=0.00s
[1681.081s][info][gc,marking     ] GC(255) Concurrent Clear Claimed Marks
[1681.081s][info][gc,marking     ] GC(255) Concurrent Clear Claimed Marks 0.031ms
[1681.081s][info][gc,marking     ] GC(255) Concurrent Cleanup for Next Mark
[1681.084s][info][gc,marking     ] GC(255) Concurrent Cleanup for Next Mark 3.263ms
[1681.084s][info][gc             ] GC(255) Concurrent Mark Cycle 1269.553ms
.|......[1687.825s][info][gc,start       ] GC(256) Pause Young (Prepare Mixed) (G1 Evacuation Pause)
[1687.826s][info][gc,task        ] GC(256) Using 6 workers of 6 for evacuation
[1687.944s][info][gc,phases      ] GC(256)   Pre Evacuate Collection Set: 0.38ms
[1687.944s][info][gc,phases      ] GC(256)   Merge Heap Roots: 0.52ms
[1687.944s][info][gc,phases      ] GC(256)   Evacuate Collection Set: 116.21ms
[1687.944s][info][gc,phases      ] GC(256)   Post Evacuate Collection Set: 0.88ms
[1687.944s][info][gc,phases      ] GC(256)   Other: 0.08ms
[1687.944s][info][gc,heap        ] GC(256) Eden regions: 1120->0(1114)
[1687.944s][info][gc,heap        ] GC(256) Survivor regions: 108->110(154)
[1687.944s][info][gc,heap        ] GC(256) Old regions: 499->531
[1687.944s][info][gc,heap        ] GC(256) Humongous regions: 80->80
[1687.944s][info][gc,metaspace   ] GC(256) Metaspace: 28939K(29184K)->28939K(29184K) NonClass: 24055K(24128K)->24055K(24128K) Class: 4883K(5056K)->4883K(5056K)
[1687.944s][info][gc             ] GC(256) Pause Young (Prepare Mixed) (G1 Evacuation Pause) 3612M->1439M(4096M) 118.223ms
[1687.944s][info][gc,cpu         ] GC(256) User=0.71s Sys=0.00s Real=0.12s
........[1695.857s][info][gc,start       ] GC(257) Pause Young (Mixed) (G1 Evacuation Pause)
[1695.857s][info][gc,task        ] GC(257) Using 6 workers of 6 for evacuation
[1695.992s][info][gc,phases      ] GC(257)   Pre Evacuate Collection Set: 0.40ms
[1695.992s][info][gc,phases      ] GC(257)   Merge Heap Roots: 0.69ms
[1695.992s][info][gc,phases      ] GC(257)   Evacuate Collection Set: 132.33ms
[1695.992s][info][gc,phases      ] GC(257)   Post Evacuate Collection Set: 0.95ms
[1695.992s][info][gc,phases      ] GC(257)   Other: 0.09ms
[1695.992s][info][gc,heap        ] GC(257) Eden regions: 1114->0(1119)
[1695.992s][info][gc,heap        ] GC(257) Survivor regions: 110->109(153)
[1695.992s][info][gc,heap        ] GC(257) Old regions: 531->468
[1695.992s][info][gc,heap        ] GC(257) Humongous regions: 80->80
[1695.992s][info][gc,metaspace   ] GC(257) Metaspace: 28939K(29184K)->28939K(29184K) NonClass: 24055K(24128K)->24055K(24128K) Class: 4883K(5056K)->4883K(5056K)
[1695.992s][info][gc             ] GC(257) Pause Young (Mixed) (G1 Evacuation Pause) 3667M->1312M(4096M) 134.589ms
[1695.992s][info][gc,cpu         ] GC(257) User=0.81s Sys=0.00s Real=0.14s
........[1703.845s][info][gc,start       ] GC(258) Pause Young (Concurrent Start) (G1 Evacuation Pause)
[1703.845s][info][gc,task        ] GC(258) Using 6 workers of 6 for evacuation
[1703.960s][info][gc,phases      ] GC(258)   Pre Evacuate Collection Set: 0.39ms
[1703.960s][info][gc,phases      ] GC(258)   Merge Heap Roots: 0.47ms
[1703.960s][info][gc,phases      ] GC(258)   Evacuate Collection Set: 113.10ms
[1703.960s][info][gc,phases      ] GC(258)   Post Evacuate Collection Set: 0.89ms
[1703.960s][info][gc,phases      ] GC(258)   Other: 0.10ms
[1703.960s][info][gc,heap        ] GC(258) Eden regions: 1119->0(1120)
[1703.960s][info][gc,heap        ] GC(258) Survivor regions: 109->108(154)
[1703.960s][info][gc,heap        ] GC(258) Old regions: 468->500
[1703.960s][info][gc,heap        ] GC(258) Humongous regions: 80->80
[1703.960s][info][gc,metaspace   ] GC(258) Metaspace: 28939K(29184K)->28939K(29184K) NonClass: 24055K(24128K)->24055K(24128K) Class: 4883K(5056K)->4883K(5056K)
[1703.960s][info][gc             ] GC(258) Pause Young (Concurrent Start) (G1 Evacuation Pause) 3550M->1374M(4096M) 115.079ms
[1703.960s][info][gc             ] GC(259) Concurrent Mark Cycle
[1703.960s][info][gc,marking     ] GC(259) Concurrent Scan Root Regions
[1703.960s][info][gc,cpu         ] GC(258) User=0.69s Sys=0.01s Real=0.11s
[1704.081s][info][gc,marking     ] GC(259) Concurrent Scan Root Regions 120.635ms
[1704.081s][info][gc,marking     ] GC(259) Concurrent Mark
[1704.081s][info][gc,marking     ] GC(259) Concurrent Mark From Roots
[1704.081s][info][gc,task        ] GC(259) Using 2 workers of 2 for marking
.[1704.632s][info][gc,marking     ] GC(259) Concurrent Mark From Roots 550.667ms
[1704.632s][info][gc,marking     ] GC(259) Concurrent Preclean
[1704.632s][info][gc,marking     ] GC(259) Concurrent Preclean 0.041ms
[1704.632s][info][gc,start       ] GC(259) Pause Remark
[1704.635s][info][gc             ] GC(259) Pause Remark 1600M->1600M(4096M) 3.336ms
[1704.635s][info][gc,cpu         ] GC(259) User=0.02s Sys=0.00s Real=0.00s
[1704.635s][info][gc,marking     ] GC(259) Concurrent Mark 554.325ms
[1704.635s][info][gc,marking     ] GC(259) Concurrent Rebuild Remembered Sets and Scrub Regions
[1704.843s][info][gc,marking     ] GC(259) Concurrent Rebuild Remembered Sets and Scrub Regions 207.970ms
[1704.843s][info][gc,start       ] GC(259) Pause Cleanup
[1704.844s][info][gc             ] GC(259) Pause Cleanup 1652M->1652M(4096M) 0.128ms
[1704.844s][info][gc,cpu         ] GC(259) User=0.00s Sys=0.00s Real=0.00s
[1704.844s][info][gc,marking     ] GC(259) Concurrent Clear Claimed Marks
[1704.844s][info][gc,marking     ] GC(259) Concurrent Clear Claimed Marks 0.028ms
[1704.844s][info][gc,marking     ] GC(259) Concurrent Cleanup for Next Mark
[1704.847s][info][gc,marking     ] GC(259) Concurrent Cleanup for Next Mark 3.277ms
[1704.847s][info][gc             ] GC(259) Concurrent Mark Cycle 886.750ms
.......[1711.988s][info][gc,start       ] GC(260) Pause Young (Prepare Mixed) (G1 Evacuation Pause)
[1711.988s][info][gc,task        ] GC(260) Using 6 workers of 6 for evacuation
[1712.104s][info][gc,phases      ] GC(260)   Pre Evacuate Collection Set: 0.34ms
[1712.104s][info][gc,phases      ] GC(260)   Merge Heap Roots: 0.53ms
[1712.104s][info][gc,phases      ] GC(260)   Evacuate Collection Set: 114.08ms
[1712.104s][info][gc,phases      ] GC(260)   Post Evacuate Collection Set: 0.94ms
[1712.104s][info][gc,phases      ] GC(260)   Other: 0.09ms
[1712.104s][info][gc,heap        ] GC(260) Eden regions: 1120->0(1118)
[1712.104s][info][gc,heap        ] GC(260) Survivor regions: 108->108(154)
[1712.104s][info][gc,heap        ] GC(260) Old regions: 500->531
[1712.104s][info][gc,heap        ] GC(260) Humongous regions: 80->80
[1712.104s][info][gc,metaspace   ] GC(260) Metaspace: 28939K(29184K)->28939K(29184K) NonClass: 24055K(24128K)->24055K(24128K) Class: 4883K(5056K)->4883K(5056K)
[1712.104s][info][gc             ] GC(260) Pause Young (Prepare Mixed) (G1 Evacuation Pause) 3614M->1437M(4096M) 116.103ms
[1712.104s][info][gc,cpu         ] GC(260) User=0.69s Sys=0.00s Real=0.12s
........[1720.016s][info][gc,start       ] GC(261) Pause Young (Mixed) (G1 Evacuation Pause)
[1720.017s][info][gc,task        ] GC(261) Using 6 workers of 6 for evacuation
[1720.153s][info][gc,phases      ] GC(261)   Pre Evacuate Collection Set: 0.37ms
[1720.153s][info][gc,phases      ] GC(261)   Merge Heap Roots: 0.77ms
[1720.153s][info][gc,phases      ] GC(261)   Evacuate Collection Set: 134.26ms
[1720.153s][info][gc,phases      ] GC(261)   Post Evacuate Collection Set: 0.97ms
[1720.153s][info][gc,phases      ] GC(261)   Other: 0.10ms
[1720.153s][info][gc,heap        ] GC(261) Eden regions: 1118->0(1118)
[1720.153s][info][gc,heap        ] GC(261) Survivor regions: 108->110(154)
[1720.153s][info][gc,heap        ] GC(261) Old regions: 531->466
[1720.153s][info][gc,heap        ] GC(261) Humongous regions: 80->80
[1720.153s][info][gc,metaspace   ] GC(261) Metaspace: 28939K(29184K)->28939K(29184K) NonClass: 24055K(24128K)->24055K(24128K) Class: 4883K(5056K)->4883K(5056K)
[1720.153s][info][gc             ] GC(261) Pause Young (Mixed) (G1 Evacuation Pause) 3673M->1309M(4096M) 136.594ms
[1720.153s][info][gc,cpu         ] GC(261) User=0.82s Sys=0.00s Real=0.14s
........[1728.126s][info][gc,start       ] GC(262) Pause Young (Concurrent Start) (G1 Evacuation Pause)
[1728.126s][info][gc,task        ] GC(262) Using 6 workers of 6 for evacuation
[1728.243s][info][gc,phases      ] GC(262)   Pre Evacuate Collection Set: 0.40ms
[1728.243s][info][gc,phases      ] GC(262)   Merge Heap Roots: 0.53ms
[1728.243s][info][gc,phases      ] GC(262)   Evacuate Collection Set: 115.23ms
[1728.243s][info][gc,phases      ] GC(262)   Post Evacuate Collection Set: 0.86ms
[1728.243s][info][gc,phases      ] GC(262)   Other: 0.11ms
[1728.243s][info][gc,heap        ] GC(262) Eden regions: 1118->0(1119)
[1728.243s][info][gc,heap        ] GC(262) Survivor regions: 110->109(154)
[1728.243s][info][gc,heap        ] GC(262) Old regions: 466->498
[1728.243s][info][gc,heap        ] GC(262) Humongous regions: 80->80
[1728.243s][info][gc,metaspace   ] GC(262) Metaspace: 28939K(29184K)->28939K(29184K) NonClass: 24055K(24128K)->24055K(24128K) Class: 4883K(5056K)->4883K(5056K)
[1728.243s][info][gc             ] GC(262) Pause Young (Concurrent Start) (G1 Evacuation Pause) 3545M->1371M(4096M) 117.279ms
[1728.243s][info][gc             ] GC(263) Concurrent Mark Cycle
[1728.243s][info][gc,marking     ] GC(263) Concurrent Scan Root Regions
[1728.243s][info][gc,cpu         ] GC(262) User=0.70s Sys=0.00s Real=0.12s
[1728.362s][info][gc,marking     ] GC(263) Concurrent Scan Root Regions 119.008ms
[1728.362s][info][gc,marking     ] GC(263) Concurrent Mark
[1728.362s][info][gc,marking     ] GC(263) Concurrent Mark From Roots
[1728.362s][info][gc,task        ] GC(263) Using 2 workers of 2 for marking
.[1728.927s][info][gc,marking     ] GC(263) Concurrent Mark From Roots 564.994ms
[1728.927s][info][gc,marking     ] GC(263) Concurrent Preclean
[1728.927s][info][gc,marking     ] GC(263) Concurrent Preclean 0.042ms
[1728.927s][info][gc,start       ] GC(263) Pause Remark
[1728.931s][info][gc             ] GC(263) Pause Remark 1610M->1610M(4096M) 3.274ms
[1728.931s][info][gc,cpu         ] GC(263) User=0.02s Sys=0.00s Real=0.00s
[1728.931s][info][gc,marking     ] GC(263) Concurrent Mark 568.545ms
[1728.931s][info][gc,marking     ] GC(263) Concurrent Rebuild Remembered Sets and Scrub Regions
[1729.274s][info][gc,marking     ] GC(263) Concurrent Rebuild Remembered Sets and Scrub Regions 343.448ms
[1729.275s][info][gc,start       ] GC(263) Pause Cleanup
[1729.275s][info][gc             ] GC(263) Pause Cleanup 1707M->1707M(4096M) 0.137ms
[1729.275s][info][gc,cpu         ] GC(263) User=0.00s Sys=0.00s Real=0.00s
[1729.275s][info][gc,marking     ] GC(263) Concurrent Clear Claimed Marks
[1729.275s][info][gc,marking     ] GC(263) Concurrent Clear Claimed Marks 0.039ms
[1729.275s][info][gc,marking     ] GC(263) Concurrent Cleanup for Next Mark
[1729.279s][info][gc,marking     ] GC(263) Concurrent Cleanup for Next Mark 3.577ms
[1729.279s][info][gc             ] GC(263) Concurrent Mark Cycle 1035.432ms
.......[1736.240s][info][gc,start       ] GC(264) Pause Young (Prepare Mixed) (G1 Evacuation Pause)
[1736.240s][info][gc,task        ] GC(264) Using 6 workers of 6 for evacuation
[1736.355s][info][gc,phases      ] GC(264)   Pre Evacuate Collection Set: 0.35ms
[1736.355s][info][gc,phases      ] GC(264)   Merge Heap Roots: 0.54ms
[1736.355s][info][gc,phases      ] GC(264)   Evacuate Collection Set: 113.14ms
[1736.355s][info][gc,phases      ] GC(264)   Post Evacuate Collection Set: 0.92ms
[1736.355s][info][gc,phases      ] GC(264)   Other: 0.09ms
[1736.355s][info][gc,heap        ] GC(264) Eden regions: 1119->0(1119)
[1736.355s][info][gc,heap        ] GC(264) Survivor regions: 109->108(154)
[1736.355s][info][gc,heap        ] GC(264) Old regions: 498->530
[1736.355s][info][gc,heap        ] GC(264) Humongous regions: 80->80
[1736.355s][info][gc,metaspace   ] GC(264) Metaspace: 28939K(29184K)->28939K(29184K) NonClass: 24055K(24128K)->24055K(24128K) Class: 4883K(5056K)->4883K(5056K)
[1736.355s][info][gc             ] GC(264) Pause Young (Prepare Mixed) (G1 Evacuation Pause) 3609M->1434M(4096M) 115.188ms
[1736.355s][info][gc,cpu         ] GC(264) User=0.69s Sys=0.00s Real=0.12s
...... (rIR:aIR:PR = 2352:2352:2352) (tPR = 34651) [OK] 
  1741s: Performance info:
         Transaction,    Success,    Partial,     Failed,   Receipts, AvgBarcode, 
             Overall,     141207,          0,          0,     134160,      59.48, 
         Response times:
             Request,    Success,    Partial,     Failed,   SkipFail,     Probes,    Samples,      min,      p50,      p90,      p95,      p99,      max, 
       TotalPurchase,     134160,          0,          0,          0,     131136,     140788,      300,     2100,     3300,     3800,    11100,   144000,
     InStorePurchase,      70646,          0,          0,          0,      69291,      74164,      300,     2000,     3200,     3700,    10800,   144000,
      OnlinePurchase,      49400,          0,          0,          0,      48277,      51775,      300,     2100,     3300,     3800,    10724,   142000,
        InstPurchase,      14114,          0,          0,          0,      13568,      14849,      400,     2200,     3400,     3900,    13500,   144000,
          AssocOfCat,        140,          0,          0,          0,        106,        160,    19300,    26000,    33800,    37950,   125790,   163000,
      AssocOfProduct,       1411,          0,          0,          0,       1275,       1492,      800,     2400,     3400,     4100,    13198,   139000,
      BusinessReport,        352,          0,          0,          0,        285,        404,    21000,    31000,    40000,    46750,    66750,    87000,
          CustBuyBeh,       1408,          0,          0,          0,       1287,       1515,      300,     2600,     3500,     4200,    22680,   142000,
       ProductReturn,       3736,          0,          0,          0,       3490,       3956,      200,     1800,     3200,     3600,     7586,   142000,

  1741s: (18%)   IR =   2491 ..[1744.169s][info][gc,start       ] GC(265) Pause Young (Mixed) (G1 Evacuation Pause)
[1744.169s][info][gc,task        ] GC(265) Using 6 workers of 6 for evacuation
[1744.309s][info][gc,phases      ] GC(265)   Pre Evacuate Collection Set: 0.38ms
[1744.309s][info][gc,phases      ] GC(265)   Merge Heap Roots: 0.74ms
[1744.309s][info][gc,phases      ] GC(265)   Evacuate Collection Set: 137.82ms
[1744.309s][info][gc,phases      ] GC(265)   Post Evacuate Collection Set: 0.97ms
[1744.309s][info][gc,phases      ] GC(265)   Other: 0.10ms
[1744.309s][info][gc,heap        ] GC(265) Eden regions: 1119->0(1117)
[1744.309s][info][gc,heap        ] GC(265) Survivor regions: 108->111(154)
[1744.309s][info][gc,heap        ] GC(265) Old regions: 530->467
[1744.309s][info][gc,heap        ] GC(265) Humongous regions: 80->80
[1744.309s][info][gc,metaspace   ] GC(265) Metaspace: 28939K(29184K)->28939K(29184K) NonClass: 24055K(24128K)->24055K(24128K) Class: 4883K(5056K)->4883K(5056K)
[1744.309s][info][gc             ] GC(265) Pause Young (Mixed) (G1 Evacuation Pause) 3672M->1314M(4096M) 140.147ms
[1744.309s][info][gc,cpu         ] GC(265) User=0.84s Sys=0.00s Real=0.14s
.....|...[1751.861s][info][gc,start       ] GC(266) Pause Young (Concurrent Start) (G1 Evacuation Pause)
[1751.861s][info][gc,task        ] GC(266) Using 6 workers of 6 for evacuation
[1751.978s][info][gc,phases      ] GC(266)   Pre Evacuate Collection Set: 0.43ms
[1751.978s][info][gc,phases      ] GC(266)   Merge Heap Roots: 0.51ms
[1751.978s][info][gc,phases      ] GC(266)   Evacuate Collection Set: 115.64ms
[1751.978s][info][gc,phases      ] GC(266)   Post Evacuate Collection Set: 0.91ms
[1751.978s][info][gc,phases      ] GC(266)   Other: 0.10ms
[1751.978s][info][gc,heap        ] GC(266) Eden regions: 1117->0(1116)
[1751.978s][info][gc,heap        ] GC(266) Survivor regions: 111->112(154)
[1751.978s][info][gc,heap        ] GC(266) Old regions: 467->498
[1751.978s][info][gc,heap        ] GC(266) Humongous regions: 80->80
[1751.978s][info][gc,metaspace   ] GC(266) Metaspace: 28939K(29184K)->28939K(29184K) NonClass: 24055K(24128K)->24055K(24128K) Class: 4883K(5056K)->4883K(5056K)
[1751.978s][info][gc             ] GC(266) Pause Young (Concurrent Start) (G1 Evacuation Pause) 3548M->1377M(4096M) 117.732ms
[1751.978s][info][gc             ] GC(267) Concurrent Mark Cycle
[1751.978s][info][gc,marking     ] GC(267) Concurrent Scan Root Regions
[1751.978s][info][gc,cpu         ] GC(266) User=0.70s Sys=0.00s Real=0.12s
[1752.111s][info][gc,marking     ] GC(267) Concurrent Scan Root Regions 132.233ms
[1752.111s][info][gc,marking     ] GC(267) Concurrent Mark
[1752.111s][info][gc,marking     ] GC(267) Concurrent Mark From Roots
[1752.111s][info][gc,task        ] GC(267) Using 2 workers of 2 for marking
.[1752.643s][info][gc,marking     ] GC(267) Concurrent Mark From Roots 532.136ms
[1752.643s][info][gc,marking     ] GC(267) Concurrent Preclean
[1752.643s][info][gc,marking     ] GC(267) Concurrent Preclean 0.053ms
[1752.643s][info][gc,start       ] GC(267) Pause Remark
[1752.646s][info][gc             ] GC(267) Pause Remark 1605M->1605M(4096M) 3.093ms
[1752.646s][info][gc,cpu         ] GC(267) User=0.01s Sys=0.00s Real=0.00s
[1752.646s][info][gc,marking     ] GC(267) Concurrent Mark 535.532ms
[1752.646s][info][gc,marking     ] GC(267) Concurrent Rebuild Remembered Sets and Scrub Regions
[1752.851s][info][gc,marking     ] GC(267) Concurrent Rebuild Remembered Sets and Scrub Regions 204.249ms
[1752.851s][info][gc,start       ] GC(267) Pause Cleanup
[1752.851s][info][gc             ] GC(267) Pause Cleanup 1657M->1657M(4096M) 0.114ms
[1752.851s][info][gc,cpu         ] GC(267) User=0.00s Sys=0.00s Real=0.00s
[1752.851s][info][gc,marking     ] GC(267) Concurrent Clear Claimed Marks
[1752.851s][info][gc,marking     ] GC(267) Concurrent Clear Claimed Marks 0.032ms
[1752.851s][info][gc,marking     ] GC(267) Concurrent Cleanup for Next Mark
[1752.854s][info][gc,marking     ] GC(267) Concurrent Cleanup for Next Mark 3.177ms
[1752.854s][info][gc             ] GC(267) Concurrent Mark Cycle 875.640ms
......[1759.443s][info][gc,start       ] GC(268) Pause Young (Prepare Mixed) (G1 Evacuation Pause)
[1759.443s][info][gc,task        ] GC(268) Using 6 workers of 6 for evacuation
[1759.560s][info][gc,phases      ] GC(268)   Pre Evacuate Collection Set: 0.33ms
[1759.560s][info][gc,phases      ] GC(268)   Merge Heap Roots: 0.56ms
[1759.560s][info][gc,phases      ] GC(268)   Evacuate Collection Set: 114.98ms
[1759.560s][info][gc,phases      ] GC(268)   Post Evacuate Collection Set: 0.95ms
[1759.560s][info][gc,phases      ] GC(268)   Other: 0.08ms
[1759.560s][info][gc,heap        ] GC(268) Eden regions: 1116->0(1117)
[1759.560s][info][gc,heap        ] GC(268) Survivor regions: 112->109(154)
[1759.560s][info][gc,heap        ] GC(268) Old regions: 498->530
[1759.560s][info][gc,heap        ] GC(268) Humongous regions: 80->80
[1759.560s][info][gc,metaspace   ] GC(268) Metaspace: 28939K(29184K)->28939K(29184K) NonClass: 24055K(24128K)->24055K(24128K) Class: 4883K(5056K)->4883K(5056K)
[1759.560s][info][gc             ] GC(268) Pause Young (Prepare Mixed) (G1 Evacuation Pause) 3609M->1437M(4096M) 117.058ms
[1759.560s][info][gc,cpu         ] GC(268) User=0.69s Sys=0.00s Real=0.11s
........[1767.011s][info][gc,start       ] GC(269) Pause Young (Mixed) (G1 Evacuation Pause)
[1767.011s][info][gc,task        ] GC(269) Using 6 workers of 6 for evacuation
[1767.142s][info][gc,phases      ] GC(269)   Pre Evacuate Collection Set: 0.38ms
[1767.142s][info][gc,phases      ] GC(269)   Merge Heap Roots: 0.70ms
[1767.142s][info][gc,phases      ] GC(269)   Evacuate Collection Set: 128.89ms
[1767.142s][info][gc,phases      ] GC(269)   Post Evacuate Collection Set: 0.95ms
[1767.142s][info][gc,phases      ] GC(269)   Other: 0.09ms
[1767.142s][info][gc,heap        ] GC(269) Eden regions: 1117->0(1119)
[1767.142s][info][gc,heap        ] GC(269) Survivor regions: 109->109(154)
[1767.142s][info][gc,heap        ] GC(269) Old regions: 530->467
[1767.142s][info][gc,heap        ] GC(269) Humongous regions: 80->80
[1767.142s][info][gc,metaspace   ] GC(269) Metaspace: 28940K(29248K)->28940K(29248K) NonClass: 24056K(24192K)->24056K(24192K) Class: 4883K(5056K)->4883K(5056K)
[1767.142s][info][gc             ] GC(269) Pause Young (Mixed) (G1 Evacuation Pause) 3671M->1309M(4096M) 131.160ms
[1767.142s][info][gc,cpu         ] GC(269) User=0.78s Sys=0.00s Real=0.14s
........[1774.674s][info][gc,start       ] GC(270) Pause Young (Concurrent Start) (G1 Evacuation Pause)
[1774.674s][info][gc,task        ] GC(270) Using 6 workers of 6 for evacuation
[1774.790s][info][gc,phases      ] GC(270)   Pre Evacuate Collection Set: 0.38ms
[1774.790s][info][gc,phases      ] GC(270)   Merge Heap Roots: 0.49ms
[1774.790s][info][gc,phases      ] GC(270)   Evacuate Collection Set: 113.91ms
[1774.790s][info][gc,phases      ] GC(270)   Post Evacuate Collection Set: 0.89ms
[1774.790s][info][gc,phases      ] GC(270)   Other: 0.11ms
[1774.790s][info][gc,heap        ] GC(270) Eden regions: 1119->0(1119)
[1774.790s][info][gc,heap        ] GC(270) Survivor regions: 109->109(154)
[1774.790s][info][gc,heap        ] GC(270) Old regions: 467->499
[1774.790s][info][gc,heap        ] GC(270) Humongous regions: 80->80
[1774.790s][info][gc,metaspace   ] GC(270) Metaspace: 28940K(29248K)->28940K(29248K) NonClass: 24056K(24192K)->24056K(24192K) Class: 4883K(5056K)->4883K(5056K)
[1774.790s][info][gc             ] GC(270) Pause Young (Concurrent Start) (G1 Evacuation Pause) 3547M->1373M(4096M) 115.915ms
[1774.790s][info][gc             ] GC(271) Concurrent Mark Cycle
[1774.790s][info][gc,marking     ] GC(271) Concurrent Scan Root Regions
[1774.790s][info][gc,cpu         ] GC(270) User=0.69s Sys=0.00s Real=0.11s
[1774.921s][info][gc,marking     ] GC(271) Concurrent Scan Root Regions 131.400ms
[1774.921s][info][gc,marking     ] GC(271) Concurrent Mark
[1774.921s][info][gc,marking     ] GC(271) Concurrent Mark From Roots
[1774.921s][info][gc,task        ] GC(271) Using 2 workers of 2 for marking
[1775.471s][info][gc,marking     ] GC(271) Concurrent Mark From Roots 550.128ms
[1775.471s][info][gc,marking     ] GC(271) Concurrent Preclean
[1775.472s][info][gc,marking     ] GC(271) Concurrent Preclean 0.057ms
[1775.472s][info][gc,start       ] GC(271) Pause Remark
[1775.475s][info][gc             ] GC(271) Pause Remark 1613M->1613M(4096M) 3.170ms
[1775.475s][info][gc,cpu         ] GC(271) User=0.01s Sys=0.00s Real=0.00s
[1775.475s][info][gc,marking     ] GC(271) Concurrent Mark 553.640ms
[1775.475s][info][gc,marking     ] GC(271) Concurrent Rebuild Remembered Sets and Scrub Regions
.[1775.697s][info][gc,marking     ] GC(271) Concurrent Rebuild Remembered Sets and Scrub Regions 221.993ms
[1775.697s][info][gc,start       ] GC(271) Pause Cleanup
[1775.697s][info][gc             ] GC(271) Pause Cleanup 1663M->1663M(4096M) 0.126ms
[1775.697s][info][gc,cpu         ] GC(271) User=0.00s Sys=0.00s Real=0.00s
[1775.697s][info][gc,marking     ] GC(271) Concurrent Clear Claimed Marks
[1775.697s][info][gc,marking     ] GC(271) Concurrent Clear Claimed Marks 0.035ms
[1775.697s][info][gc,marking     ] GC(271) Concurrent Cleanup for Next Mark
[1775.702s][info][gc,marking     ] GC(271) Concurrent Cleanup for Next Mark 4.623ms
[1775.702s][info][gc             ] GC(271) Concurrent Mark Cycle 912.138ms
......[1782.273s][info][gc,start       ] GC(272) Pause Young (Prepare Mixed) (G1 Evacuation Pause)
[1782.273s][info][gc,task        ] GC(272) Using 6 workers of 6 for evacuation
[1782.389s][info][gc,phases      ] GC(272)   Pre Evacuate Collection Set: 0.38ms
[1782.389s][info][gc,phases      ] GC(272)   Merge Heap Roots: 0.59ms
[1782.389s][info][gc,phases      ] GC(272)   Evacuate Collection Set: 114.33ms
[1782.389s][info][gc,phases      ] GC(272)   Post Evacuate Collection Set: 0.92ms
[1782.389s][info][gc,phases      ] GC(272)   Other: 0.09ms
[1782.389s][info][gc,heap        ] GC(272) Eden regions: 1119->0(1116)
[1782.389s][info][gc,heap        ] GC(272) Survivor regions: 109->109(154)
[1782.389s][info][gc,heap        ] GC(272) Old regions: 499->531
[1782.389s][info][gc,heap        ] GC(272) Humongous regions: 80->80
[1782.389s][info][gc,metaspace   ] GC(272) Metaspace: 28940K(29248K)->28940K(29248K) NonClass: 24056K(24192K)->24056K(24192K) Class: 4883K(5056K)->4883K(5056K)
[1782.389s][info][gc             ] GC(272) Pause Young (Prepare Mixed) (G1 Evacuation Pause) 3611M->1438M(4096M) 116.446ms
[1782.389s][info][gc,cpu         ] GC(272) User=0.69s Sys=0.00s Real=0.11s
........[1789.920s][info][gc,start       ] GC(273) Pause Young (Mixed) (G1 Evacuation Pause)
[1789.920s][info][gc,task        ] GC(273) Using 6 workers of 6 for evacuation
[1790.059s][info][gc,phases      ] GC(273)   Pre Evacuate Collection Set: 0.36ms
[1790.059s][info][gc,phases      ] GC(273)   Merge Heap Roots: 0.70ms
[1790.059s][info][gc,phases      ] GC(273)   Evacuate Collection Set: 136.43ms
[1790.059s][info][gc,phases      ] GC(273)   Post Evacuate Collection Set: 0.98ms
[1790.059s][info][gc,phases      ] GC(273)   Other: 0.09ms
[1790.059s][info][gc,heap        ] GC(273) Eden regions: 1116->0(1119)
[1790.059s][info][gc,heap        ] GC(273) Survivor regions: 109->109(154)
[1790.059s][info][gc,heap        ] GC(273) Old regions: 531->468
[1790.059s][info][gc,heap        ] GC(273) Humongous regions: 80->80
[1790.059s][info][gc,metaspace   ] GC(273) Metaspace: 28940K(29248K)->28940K(29248K) NonClass: 24056K(24192K)->24056K(24192K) Class: 4883K(5056K)->4883K(5056K)
[1790.059s][info][gc             ] GC(273) Pause Young (Mixed) (G1 Evacuation Pause) 3670M->1311M(4096M) 138.705ms
[1790.059s][info][gc,cpu         ] GC(273) User=0.82s Sys=0.00s Real=0.14s
........[1797.590s][info][gc,start       ] GC(274) Pause Young (Concurrent Start) (G1 Evacuation Pause)
[1797.590s][info][gc,task        ] GC(274) Using 6 workers of 6 for evacuation
[1797.709s][info][gc,phases      ] GC(274)   Pre Evacuate Collection Set: 0.41ms
[1797.709s][info][gc,phases      ] GC(274)   Merge Heap Roots: 0.49ms
[1797.709s][info][gc,phases      ] GC(274)   Evacuate Collection Set: 116.63ms
[1797.709s][info][gc,phases      ] GC(274)   Post Evacuate Collection Set: 0.89ms
[1797.709s][info][gc,phases      ] GC(274)   Other: 0.12ms
[1797.709s][info][gc,heap        ] GC(274) Eden regions: 1119->0(1117)
[1797.709s][info][gc,heap        ] GC(274) Survivor regions: 109->111(154)
[1797.709s][info][gc,heap        ] GC(274) Old regions: 468->499
[1797.709s][info][gc,heap        ] GC(274) Humongous regions: 80->80
[1797.709s][info][gc,metaspace   ] GC(274) Metaspace: 28941K(29248K)->28941K(29248K) NonClass: 24057K(24192K)->24057K(24192K) Class: 4883K(5056K)->4883K(5056K)
[1797.709s][info][gc             ] GC(274) Pause Young (Concurrent Start) (G1 Evacuation Pause) 3549M->1379M(4096M) 118.686ms
[1797.709s][info][gc             ] GC(275) Concurrent Mark Cycle
[1797.709s][info][gc,marking     ] GC(275) Concurrent Scan Root Regions
[1797.709s][info][gc,cpu         ] GC(274) User=0.70s Sys=0.00s Real=0.12s
[1797.887s][info][gc,marking     ] GC(275) Concurrent Scan Root Regions 177.850ms
[1797.887s][info][gc,marking     ] GC(275) Concurrent Mark
[1797.887s][info][gc,marking     ] GC(275) Concurrent Mark From Roots
[1797.887s][info][gc,task        ] GC(275) Using 2 workers of 2 for marking
.[1798.767s][info][gc,marking     ] GC(275) Concurrent Mark From Roots 880.143ms
[1798.767s][info][gc,marking     ] GC(275) Concurrent Preclean
[1798.767s][info][gc,marking     ] GC(275) Concurrent Preclean 0.045ms
[1798.767s][info][gc,start       ] GC(275) Pause Remark
[1798.771s][info][gc             ] GC(275) Pause Remark 1739M->1739M(4096M) 4.357ms
[1798.771s][info][gc,cpu         ] GC(275) User=0.03s Sys=0.00s Real=0.01s
[1798.772s][info][gc,marking     ] GC(275) Concurrent Mark 884.811ms
[1798.772s][info][gc,marking     ] GC(275) Concurrent Rebuild Remembered Sets and Scrub Regions
[1799.113s][info][gc,marking     ] GC(275) Concurrent Rebuild Remembered Sets and Scrub Regions 341.209ms
[1799.113s][info][gc,start       ] GC(275) Pause Cleanup
[1799.113s][info][gc             ] GC(275) Pause Cleanup 1839M->1839M(4096M) 0.140ms
[1799.113s][info][gc,cpu         ] GC(275) User=0.00s Sys=0.00s Real=0.00s
[1799.113s][info][gc,marking     ] GC(275) Concurrent Clear Claimed Marks
[1799.113s][info][gc,marking     ] GC(275) Concurrent Clear Claimed Marks 0.039ms
[1799.113s][info][gc,marking     ] GC(275) Concurrent Cleanup for Next Mark
[1799.117s][info][gc,marking     ] GC(275) Concurrent Cleanup for Next Mark 3.932ms
[1799.117s][info][gc             ] GC(275) Concurrent Mark Cycle 1408.373ms
......[1805.065s][info][gc,start       ] GC(276) Pause Young (Prepare Mixed) (G1 Evacuation Pause)
[1805.065s][info][gc,task        ] GC(276) Using 6 workers of 6 for evacuation
[1805.181s][info][gc,phases      ] GC(276)   Pre Evacuate Collection Set: 0.36ms
[1805.181s][info][gc,phases      ] GC(276)   Merge Heap Roots: 0.53ms
[1805.181s][info][gc,phases      ] GC(276)   Evacuate Collection Set: 114.18ms
[1805.181s][info][gc,phases      ] GC(276)   Post Evacuate Collection Set: 0.92ms
[1805.181s][info][gc,phases      ] GC(276)   Other: 0.09ms
[1805.181s][info][gc,heap        ] GC(276) Eden regions: 1117->0(1118)
[1805.181s][info][gc,heap        ] GC(276) Survivor regions: 111->108(154)
[1805.181s][info][gc,heap        ] GC(276) Old regions: 499->531
[1805.181s][info][gc,heap        ] GC(276) Humongous regions: 80->80
[1805.181s][info][gc,metaspace   ] GC(276) Metaspace: 28941K(29248K)->28941K(29248K) NonClass: 24057K(24192K)->24057K(24192K) Class: 4883K(5056K)->4883K(5056K)
[1805.181s][info][gc             ] GC(276) Pause Young (Prepare Mixed) (G1 Evacuation Pause) 3613M->1436M(4096M) 116.209ms
[1805.181s][info][gc,cpu         ] GC(276) User=0.69s Sys=0.00s Real=0.12s
.... (rIR:aIR:PR = 2491:2491:2491) (tPR = 36612) [OK] 
  1808s: Performance info:
         Transaction,    Success,    Partial,     Failed,   Receipts, AvgBarcode, 
             Overall,     149652,          0,          0,     142172,      59.47, 
         Response times:
             Request,    Success,    Partial,     Failed,   SkipFail,     Probes,    Samples,      min,      p50,      p90,      p95,      p99,      max, 
       TotalPurchase,     142170,          0,          0,          0,     139297,     156729,      300,     2200,     3400,     3900,    14570,   170000,
     InStorePurchase,      74794,          0,          0,          0,      73571,      82684,      300,     2200,     3400,     3900,    15100,   170000,
      OnlinePurchase,      52364,          0,          0,          0,      51296,      57532,      300,     2200,     3400,     3900,    14400,   170000,
        InstPurchase,      15012,          0,          0,          0,      14430,      16513,      400,     2000,     3300,     3800,    11886,   170000,
          AssocOfCat,        149,          0,          0,          0,        125,        187,    17800,    26000,    32000,    35600,    59400,    77000,
      AssocOfProduct,       1494,          0,          0,          0,       1371,       1687,      300,     1800,     2700,     3160,     6220,   141000,
      BusinessReport,        372,          0,          0,          0,        277,        367,    23000,    31000,    39000,    47600,   115320,   171000,
          CustBuyBeh,       1499,          0,          0,          0,       1343,       1655,      200,     2300,     3200,     3700,    10752,   136000,
       ProductReturn,       3965,          0,          0,          0,       3725,       4454,      200,     1400,     3100,     3500,     7025,   144000,

  1808s: (19%)   IR =   2629 ...[1812.570s][info][gc,start       ] GC(277) Pause Young (Mixed) (G1 Evacuation Pause)
[1812.571s][info][gc,task        ] GC(277) Using 6 workers of 6 for evacuation
[1812.703s][info][gc,phases      ] GC(277)   Pre Evacuate Collection Set: 0.39ms
[1812.703s][info][gc,phases      ] GC(277)   Merge Heap Roots: 0.70ms
[1812.703s][info][gc,phases      ] GC(277)   Evacuate Collection Set: 130.60ms
[1812.703s][info][gc,phases      ] GC(277)   Post Evacuate Collection Set: 0.98ms
[1812.703s][info][gc,phases      ] GC(277)   Other: 0.09ms
[1812.703s][info][gc,heap        ] GC(277) Eden regions: 1118->0(1121)
[1812.703s][info][gc,heap        ] GC(277) Survivor regions: 108->107(154)
[1812.703s][info][gc,heap        ] GC(277) Old regions: 531->465
[1812.703s][info][gc,heap        ] GC(277) Humongous regions: 80->80
[1812.703s][info][gc,metaspace   ] GC(277) Metaspace: 28942K(29312K)->28942K(29312K) NonClass: 24058K(24256K)->24058K(24256K) Class: 4883K(5056K)->4883K(5056K)
[1812.703s][info][gc             ] GC(277) Pause Young (Mixed) (G1 Evacuation Pause) 3672M->1303M(4096M) 132.914ms
[1812.703s][info][gc,cpu         ] GC(277) User=0.79s Sys=0.00s Real=0.14s
....|....[1819.832s][info][gc,start       ] GC(278) Pause Young (Concurrent Start) (G1 Evacuation Pause)
[1819.832s][info][gc,task        ] GC(278) Using 6 workers of 6 for evacuation
[1819.948s][info][gc,phases      ] GC(278)   Pre Evacuate Collection Set: 0.42ms
[1819.948s][info][gc,phases      ] GC(278)   Merge Heap Roots: 0.49ms
[1819.948s][info][gc,phases      ] GC(278)   Evacuate Collection Set: 113.55ms
[1819.948s][info][gc,phases      ] GC(278)   Post Evacuate Collection Set: 0.89ms
[1819.948s][info][gc,phases      ] GC(278)   Other: 0.13ms
[1819.948s][info][gc,heap        ] GC(278) Eden regions: 1121->0(1119)
[1819.948s][info][gc,heap        ] GC(278) Survivor regions: 107->109(154)
[1819.948s][info][gc,heap        ] GC(278) Old regions: 465->496
[1819.948s][info][gc,heap        ] GC(278) Humongous regions: 80->80
[1819.948s][info][gc,metaspace   ] GC(278) Metaspace: 28942K(29312K)->28942K(29312K) NonClass: 24058K(24256K)->24058K(24256K) Class: 4883K(5056K)->4883K(5056K)
[1819.948s][info][gc             ] GC(278) Pause Young (Concurrent Start) (G1 Evacuation Pause) 3545M->1368M(4096M) 115.620ms
[1819.948s][info][gc             ] GC(279) Concurrent Mark Cycle
[1819.948s][info][gc,marking     ] GC(279) Concurrent Scan Root Regions
[1819.948s][info][gc,cpu         ] GC(278) User=0.69s Sys=0.00s Real=0.11s
[1820.126s][info][gc,marking     ] GC(279) Concurrent Scan Root Regions 177.944ms
[1820.126s][info][gc,marking     ] GC(279) Concurrent Mark
[1820.126s][info][gc,marking     ] GC(279) Concurrent Mark From Roots
[1820.126s][info][gc,task        ] GC(279) Using 2 workers of 2 for marking
.[1821.013s][info][gc,marking     ] GC(279) Concurrent Mark From Roots 886.770ms
[1821.013s][info][gc,marking     ] GC(279) Concurrent Preclean
[1821.013s][info][gc,marking     ] GC(279) Concurrent Preclean 0.061ms
[1821.013s][info][gc,start       ] GC(279) Pause Remark
[1821.017s][info][gc             ] GC(279) Pause Remark 1743M->1743M(4096M) 3.688ms
[1821.017s][info][gc,cpu         ] GC(279) User=0.02s Sys=0.00s Real=0.00s
[1821.017s][info][gc,marking     ] GC(279) Concurrent Mark 890.778ms
[1821.017s][info][gc,marking     ] GC(279) Concurrent Rebuild Remembered Sets and Scrub Regions
[1821.360s][info][gc,marking     ] GC(279) Concurrent Rebuild Remembered Sets and Scrub Regions 343.154ms
[1821.360s][info][gc,start       ] GC(279) Pause Cleanup
[1821.360s][info][gc             ] GC(279) Pause Cleanup 1851M->1851M(4096M) 0.130ms
[1821.360s][info][gc,cpu         ] GC(279) User=0.00s Sys=0.00s Real=0.00s
[1821.360s][info][gc,marking     ] GC(279) Concurrent Clear Claimed Marks
[1821.360s][info][gc,marking     ] GC(279) Concurrent Clear Claimed Marks 0.033ms
[1821.360s][info][gc,marking     ] GC(279) Concurrent Cleanup for Next Mark
[1821.365s][info][gc,marking     ] GC(279) Concurrent Cleanup for Next Mark 4.733ms
[1821.365s][info][gc             ] GC(279) Concurrent Mark Cycle 1417.118ms
......[1827.084s][info][gc,start       ] GC(280) Pause Young (Prepare Mixed) (G1 Evacuation Pause)
[1827.084s][info][gc,task        ] GC(280) Using 6 workers of 6 for evacuation
[1827.201s][info][gc,phases      ] GC(280)   Pre Evacuate Collection Set: 0.36ms
[1827.201s][info][gc,phases      ] GC(280)   Merge Heap Roots: 0.55ms
[1827.201s][info][gc,phases      ] GC(280)   Evacuate Collection Set: 115.28ms
[1827.201s][info][gc,phases      ] GC(280)   Post Evacuate Collection Set: 0.94ms
[1827.201s][info][gc,phases      ] GC(280)   Other: 0.08ms
[1827.201s][info][gc,heap        ] GC(280) Eden regions: 1119->0(1117)
[1827.201s][info][gc,heap        ] GC(280) Survivor regions: 109->110(154)
[1827.201s][info][gc,heap        ] GC(280) Old regions: 496->528
[1827.201s][info][gc,heap        ] GC(280) Humongous regions: 80->80
[1827.202s][info][gc,metaspace   ] GC(280) Metaspace: 28943K(29312K)->28943K(29312K) NonClass: 24059K(24256K)->24059K(24256K) Class: 4883K(5056K)->4883K(5056K)
[1827.202s][info][gc             ] GC(280) Pause Young (Prepare Mixed) (G1 Evacuation Pause) 3606M->1434M(4096M) 117.351ms
[1827.202s][info][gc,cpu         ] GC(280) User=0.70s Sys=0.00s Real=0.12s
.......[1834.251s][info][gc,start       ] GC(281) Pause Young (Mixed) (G1 Evacuation Pause)
[1834.251s][info][gc,task        ] GC(281) Using 6 workers of 6 for evacuation
[1834.385s][info][gc,phases      ] GC(281)   Pre Evacuate Collection Set: 0.42ms
[1834.385s][info][gc,phases      ] GC(281)   Merge Heap Roots: 0.76ms
[1834.385s][info][gc,phases      ] GC(281)   Evacuate Collection Set: 131.35ms
[1834.385s][info][gc,phases      ] GC(281)   Post Evacuate Collection Set: 0.94ms
[1834.385s][info][gc,phases      ] GC(281)   Other: 0.09ms
[1834.385s][info][gc,heap        ] GC(281) Eden regions: 1117->0(1120)
[1834.385s][info][gc,heap        ] GC(281) Survivor regions: 110->108(154)
[1834.385s][info][gc,heap        ] GC(281) Old regions: 528->467
[1834.385s][info][gc,heap        ] GC(281) Humongous regions: 80->80
[1834.385s][info][gc,metaspace   ] GC(281) Metaspace: 28945K(29312K)->28945K(29312K) NonClass: 24061K(24256K)->24061K(24256K) Class: 4883K(5056K)->4883K(5056K)
[1834.385s][info][gc             ] GC(281) Pause Young (Mixed) (G1 Evacuation Pause) 3668M->1307M(4096M) 133.682ms
[1834.385s][info][gc,cpu         ] GC(281) User=0.80s Sys=0.00s Real=0.14s
.......[1841.559s][info][gc,start       ] GC(282) Pause Young (Concurrent Start) (G1 Evacuation Pause)
[1841.560s][info][gc,task        ] GC(282) Using 6 workers of 6 for evacuation
[1841.674s][info][gc,phases      ] GC(282)   Pre Evacuate Collection Set: 0.43ms
[1841.674s][info][gc,phases      ] GC(282)   Merge Heap Roots: 0.53ms
[1841.674s][info][gc,phases      ] GC(282)   Evacuate Collection Set: 112.91ms
[1841.674s][info][gc,phases      ] GC(282)   Post Evacuate Collection Set: 0.88ms
[1841.674s][info][gc,phases      ] GC(282)   Other: 0.13ms
[1841.674s][info][gc,heap        ] GC(282) Eden regions: 1120->0(1120)
[1841.674s][info][gc,heap        ] GC(282) Survivor regions: 108->108(154)
[1841.674s][info][gc,heap        ] GC(282) Old regions: 467->499
[1841.674s][info][gc,heap        ] GC(282) Humongous regions: 80->80
[1841.674s][info][gc,metaspace   ] GC(282) Metaspace: 28946K(29312K)->28946K(29312K) NonClass: 24062K(24256K)->24062K(24256K) Class: 4883K(5056K)->4883K(5056K)
[1841.675s][info][gc             ] GC(282) Pause Young (Concurrent Start) (G1 Evacuation Pause) 3547M->1371M(4096M) 115.003ms
[1841.675s][info][gc             ] GC(283) Concurrent Mark Cycle
[1841.675s][info][gc,marking     ] GC(283) Concurrent Scan Root Regions
[1841.675s][info][gc,cpu         ] GC(282) User=0.68s Sys=0.00s Real=0.12s
.[1841.851s][info][gc,marking     ] GC(283) Concurrent Scan Root Regions 176.789ms
[1841.851s][info][gc,marking     ] GC(283) Concurrent Mark
[1841.851s][info][gc,marking     ] GC(283) Concurrent Mark From Roots
[1841.851s][info][gc,task        ] GC(283) Using 2 workers of 2 for marking
[1842.756s][info][gc,marking     ] GC(283) Concurrent Mark From Roots 904.488ms
[1842.756s][info][gc,marking     ] GC(283) Concurrent Preclean
[1842.756s][info][gc,marking     ] GC(283) Concurrent Preclean 0.043ms
[1842.756s][info][gc,start       ] GC(283) Pause Remark
[1842.760s][info][gc             ] GC(283) Pause Remark 1771M->1771M(4096M) 4.179ms
[1842.760s][info][gc,cpu         ] GC(283) User=0.02s Sys=0.00s Real=0.00s
[1842.760s][info][gc,marking     ] GC(283) Concurrent Mark 908.963ms
[1842.760s][info][gc,marking     ] GC(283) Concurrent Rebuild Remembered Sets and Scrub Regions
.[1843.109s][info][gc,marking     ] GC(283) Concurrent Rebuild Remembered Sets and Scrub Regions 348.274ms
[1843.109s][info][gc,start       ] GC(283) Pause Cleanup
[1843.109s][info][gc             ] GC(283) Pause Cleanup 1883M->1883M(4096M) 0.132ms
[1843.109s][info][gc,cpu         ] GC(283) User=0.00s Sys=0.00s Real=0.00s
[1843.109s][info][gc,marking     ] GC(283) Concurrent Clear Claimed Marks
[1843.109s][info][gc,marking     ] GC(283) Concurrent Clear Claimed Marks 0.038ms
[1843.109s][info][gc,marking     ] GC(283) Concurrent Cleanup for Next Mark
[1843.114s][info][gc,marking     ] GC(283) Concurrent Cleanup for Next Mark 4.293ms
[1843.114s][info][gc             ] GC(283) Concurrent Mark Cycle 1439.252ms
.....[1848.709s][info][gc,start       ] GC(284) Pause Young (Prepare Mixed) (G1 Evacuation Pause)
[1848.709s][info][gc,task        ] GC(284) Using 6 workers of 6 for evacuation
[1848.824s][info][gc,phases      ] GC(284)   Pre Evacuate Collection Set: 0.33ms
[1848.824s][info][gc,phases      ] GC(284)   Merge Heap Roots: 0.55ms
[1848.824s][info][gc,phases      ] GC(284)   Evacuate Collection Set: 113.43ms
[1848.824s][info][gc,phases      ] GC(284)   Post Evacuate Collection Set: 0.93ms
[1848.824s][info][gc,phases      ] GC(284)   Other: 0.08ms
[1848.824s][info][gc,heap        ] GC(284) Eden regions: 1120->0(1117)
[1848.824s][info][gc,heap        ] GC(284) Survivor regions: 108->109(154)
[1848.824s][info][gc,heap        ] GC(284) Old regions: 499->530
[1848.824s][info][gc,heap        ] GC(284) Humongous regions: 80->80
[1848.824s][info][gc,metaspace   ] GC(284) Metaspace: 28946K(29312K)->28946K(29312K) NonClass: 24062K(24256K)->24062K(24256K) Class: 4883K(5056K)->4883K(5056K)
[1848.824s][info][gc             ] GC(284) Pause Young (Prepare Mixed) (G1 Evacuation Pause) 3611M->1436M(4096M) 115.456ms
[1848.824s][info][gc,cpu         ] GC(284) User=0.68s Sys=0.01s Real=0.12s
........[1855.994s][info][gc,start       ] GC(285) Pause Young (Mixed) (G1 Evacuation Pause)
[1855.994s][info][gc,task        ] GC(285) Using 6 workers of 6 for evacuation
[1856.133s][info][gc,phases      ] GC(285)   Pre Evacuate Collection Set: 0.39ms
[1856.133s][info][gc,phases      ] GC(285)   Merge Heap Roots: 0.70ms
[1856.133s][info][gc,phases      ] GC(285)   Evacuate Collection Set: 136.96ms
[1856.133s][info][gc,phases      ] GC(285)   Post Evacuate Collection Set: 0.97ms
[1856.133s][info][gc,phases      ] GC(285)   Other: 0.09ms
[1856.133s][info][gc,heap        ] GC(285) Eden regions: 1117->0(1117)
[1856.133s][info][gc,heap        ] GC(285) Survivor regions: 109->111(154)
[1856.133s][info][gc,heap        ] GC(285) Old regions: 530->468
[1856.133s][info][gc,heap        ] GC(285) Humongous regions: 80->80
[1856.133s][info][gc,metaspace   ] GC(285) Metaspace: 28946K(29312K)->28946K(29312K) NonClass: 24062K(24256K)->24062K(24256K) Class: 4883K(5056K)->4883K(5056K)
[1856.133s][info][gc             ] GC(285) Pause Young (Mixed) (G1 Evacuation Pause) 3670M->1316M(4096M) 139.243ms
[1856.133s][info][gc,cpu         ] GC(285) User=0.83s Sys=0.00s Real=0.14s
.......[1863.163s][info][gc,start       ] GC(286) Pause Young (Concurrent Start) (G1 Evacuation Pause)
[1863.163s][info][gc,task        ] GC(286) Using 6 workers of 6 for evacuation
[1863.282s][info][gc,phases      ] GC(286)   Pre Evacuate Collection Set: 0.38ms
[1863.282s][info][gc,phases      ] GC(286)   Merge Heap Roots: 0.50ms
[1863.282s][info][gc,phases      ] GC(286)   Evacuate Collection Set: 117.12ms
[1863.282s][info][gc,phases      ] GC(286)   Post Evacuate Collection Set: 0.90ms
[1863.282s][info][gc,phases      ] GC(286)   Other: 0.11ms
[1863.282s][info][gc,heap        ] GC(286) Eden regions: 1117->0(1117)
[1863.282s][info][gc,heap        ] GC(286) Survivor regions: 111->111(154)
[1863.282s][info][gc,heap        ] GC(286) Old regions: 468->500
[1863.282s][info][gc,heap        ] GC(286) Humongous regions: 80->80
[1863.282s][info][gc,metaspace   ] GC(286) Metaspace: 28946K(29312K)->28946K(29312K) NonClass: 24062K(24256K)->24062K(24256K) Class: 4883K(5056K)->4883K(5056K)
[1863.282s][info][gc             ] GC(286) Pause Young (Concurrent Start) (G1 Evacuation Pause) 3550M->1380M(4096M) 119.136ms
[1863.282s][info][gc             ] GC(287) Concurrent Mark Cycle
[1863.282s][info][gc,marking     ] GC(287) Concurrent Scan Root Regions
[1863.282s][info][gc,cpu         ] GC(286) User=0.71s Sys=0.00s Real=0.12s
[1863.421s][info][gc,marking     ] GC(287) Concurrent Scan Root Regions 139.527ms
[1863.421s][info][gc,marking     ] GC(287) Concurrent Mark
[1863.421s][info][gc,marking     ] GC(287) Concurrent Mark From Roots
[1863.421s][info][gc,task        ] GC(287) Using 2 workers of 2 for marking
.[1864.049s][info][gc,marking     ] GC(287) Concurrent Mark From Roots 627.538ms
[1864.049s][info][gc,marking     ] GC(287) Concurrent Preclean
[1864.049s][info][gc,marking     ] GC(287) Concurrent Preclean 0.060ms
[1864.049s][info][gc,start       ] GC(287) Pause Remark
[1864.052s][info][gc             ] GC(287) Pause Remark 1669M->1669M(4096M) 3.415ms
[1864.053s][info][gc,cpu         ] GC(287) User=0.02s Sys=0.00s Real=0.01s
[1864.053s][info][gc,marking     ] GC(287) Concurrent Mark 631.984ms
[1864.053s][info][gc,marking     ] GC(287) Concurrent Rebuild Remembered Sets and Scrub Regions
[1864.393s][info][gc,marking     ] GC(287) Concurrent Rebuild Remembered Sets and Scrub Regions 339.230ms
[1864.393s][info][gc,start       ] GC(287) Pause Cleanup
[1864.393s][info][gc             ] GC(287) Pause Cleanup 1780M->1780M(4096M) 0.130ms
[1864.393s][info][gc,cpu         ] GC(287) User=0.00s Sys=0.00s Real=0.00s
[1864.393s][info][gc,marking     ] GC(287) Concurrent Clear Claimed Marks
[1864.393s][info][gc,marking     ] GC(287) Concurrent Clear Claimed Marks 0.038ms
[1864.393s][info][gc,marking     ] GC(287) Concurrent Cleanup for Next Mark
[1864.397s][info][gc,marking     ] GC(287) Concurrent Cleanup for Next Mark 3.514ms
[1864.397s][info][gc             ] GC(287) Concurrent Mark Cycle 1114.848ms
......[1870.355s][info][gc,start       ] GC(288) Pause Young (Prepare Mixed) (G1 Evacuation Pause)
[1870.355s][info][gc,task        ] GC(288) Using 6 workers of 6 for evacuation
[1870.472s][info][gc,phases      ] GC(288)   Pre Evacuate Collection Set: 0.33ms
[1870.472s][info][gc,phases      ] GC(288)   Merge Heap Roots: 0.56ms
[1870.472s][info][gc,phases      ] GC(288)   Evacuate Collection Set: 115.11ms
[1870.472s][info][gc,phases      ] GC(288)   Post Evacuate Collection Set: 0.90ms
[1870.472s][info][gc,phases      ] GC(288)   Other: 0.08ms
[1870.472s][info][gc,heap        ] GC(288) Eden regions: 1117->0(1113)
[1870.472s][info][gc,heap        ] GC(288) Survivor regions: 111->110(154)
[1870.472s][info][gc,heap        ] GC(288) Old regions: 500->532
[1870.472s][info][gc,heap        ] GC(288) Humongous regions: 80->80
[1870.472s][info][gc,metaspace   ] GC(288) Metaspace: 28946K(29312K)->28946K(29312K) NonClass: 24062K(24256K)->24062K(24256K) Class: 4883K(5056K)->4883K(5056K)
[1870.472s][info][gc             ] GC(288) Pause Young (Prepare Mixed) (G1 Evacuation Pause) 3614M->1443M(4096M) 117.107ms
[1870.472s][info][gc,cpu         ] GC(288) User=0.70s Sys=0.00s Real=0.12s
...... (rIR:aIR:PR = 2629:2628:2628) (tPR = 38905) [OK] 
  1875s: Performance info:
         Transaction,    Success,    Partial,     Failed,   Receipts, AvgBarcode, 
             Overall,     158061,          0,          0,     150164,      59.47, 
         Response times:
             Request,    Success,    Partial,     Failed,   SkipFail,     Probes,    Samples,      min,      p50,      p90,      p95,      p99,      max, 
       TotalPurchase,     150164,          0,          0,          0,     146840,     165118,      300,     2300,     3600,     4200,    18100,   166000,
     InStorePurchase,      79067,          0,          0,          0,      77583,      86741,      300,     2200,     3500,     4200,    17600,   166000,
      OnlinePurchase,      55273,          0,          0,          0,      53996,      60823,      300,     2300,     3600,     4300,    18500,   166000,
        InstPurchase,      15824,          0,          0,          0,      15261,      17554,      400,     2200,     3700,     4300,    22000,   144000,
          AssocOfCat,        157,          0,          0,          0,        120,        184,    18500,    27000,    36000,    38750,    55150,    56000,
      AssocOfProduct,       1577,          0,          0,          0,       1437,       1767,      400,     2500,     3600,     4200,    15160,   138000,
      BusinessReport,        396,          0,          0,          0,        307,        401,    21000,    33000,    44000,    55700,   156960,   187000,
          CustBuyBeh,       1580,          0,          0,          0,       1457,       1829,      200,     1700,     3100,     3650,    17040,   138000,
       ProductReturn,       4187,          0,          0,          0,       3883,       4596,      300,     2600,     3700,     4600,    26000,   144000,

  1875s: (20%)   IR =   2767 .[1877.360s][info][gc,start       ] GC(289) Pause Young (Mixed) (G1 Evacuation Pause)
[1877.360s][info][gc,task        ] GC(289) Using 6 workers of 6 for evacuation
[1877.489s][info][gc,phases      ] GC(289)   Pre Evacuate Collection Set: 0.38ms
[1877.489s][info][gc,phases      ] GC(289)   Merge Heap Roots: 0.67ms
[1877.489s][info][gc,phases      ] GC(289)   Evacuate Collection Set: 126.86ms
[1877.489s][info][gc,phases      ] GC(289)   Post Evacuate Collection Set: 0.97ms
[1877.489s][info][gc,phases      ] GC(289)   Other: 0.10ms
[1877.489s][info][gc,heap        ] GC(289) Eden regions: 1113->0(1121)
[1877.489s][info][gc,heap        ] GC(289) Survivor regions: 110->107(153)
[1877.489s][info][gc,heap        ] GC(289) Old regions: 532->469
[1877.489s][info][gc,heap        ] GC(289) Humongous regions: 80->80
[1877.490s][info][gc,metaspace   ] GC(289) Metaspace: 28946K(29312K)->28946K(29312K) NonClass: 24062K(24256K)->24062K(24256K) Class: 4883K(5056K)->4883K(5056K)
[1877.490s][info][gc             ] GC(289) Pause Young (Mixed) (G1 Evacuation Pause) 3669M->1311M(4096M) 129.112ms
[1877.490s][info][gc,cpu         ] GC(289) User=0.77s Sys=0.00s Real=0.13s
...|....[1884.348s][info][gc,start       ] GC(290) Pause Young (Concurrent Start) (G1 Evacuation Pause)
[1884.348s][info][gc,task        ] GC(290) Using 6 workers of 6 for evacuation
[1884.467s][info][gc,phases      ] GC(290)   Pre Evacuate Collection Set: 0.42ms
[1884.467s][info][gc,phases      ] GC(290)   Merge Heap Roots: 0.60ms
[1884.467s][info][gc,phases      ] GC(290)   Evacuate Collection Set: 116.69ms
[1884.467s][info][gc,phases      ] GC(290)   Post Evacuate Collection Set: 0.88ms
[1884.467s][info][gc,phases      ] GC(290)   Other: 0.11ms
[1884.467s][info][gc,heap        ] GC(290) Eden regions: 1121->0(1119)
[1884.467s][info][gc,heap        ] GC(290) Survivor regions: 107->109(154)
[1884.467s][info][gc,heap        ] GC(290) Old regions: 469->501
[1884.467s][info][gc,heap        ] GC(290) Humongous regions: 80->80
[1884.467s][info][gc,metaspace   ] GC(290) Metaspace: 28946K(29312K)->28946K(29312K) NonClass: 24062K(24256K)->24062K(24256K) Class: 4883K(5056K)->4883K(5056K)
[1884.467s][info][gc             ] GC(290) Pause Young (Concurrent Start) (G1 Evacuation Pause) 3553M->1379M(4096M) 118.860ms
[1884.467s][info][gc             ] GC(291) Concurrent Mark Cycle
[1884.467s][info][gc,marking     ] GC(291) Concurrent Scan Root Regions
[1884.467s][info][gc,cpu         ] GC(290) User=0.70s Sys=0.01s Real=0.12s
[1884.616s][info][gc,marking     ] GC(291) Concurrent Scan Root Regions 148.952ms
[1884.616s][info][gc,marking     ] GC(291) Concurrent Mark
[1884.616s][info][gc,marking     ] GC(291) Concurrent Mark From Roots
[1884.616s][info][gc,task        ] GC(291) Using 2 workers of 2 for marking
.[1885.232s][info][gc,marking     ] GC(291) Concurrent Mark From Roots 616.497ms
[1885.232s][info][gc,marking     ] GC(291) Concurrent Preclean
[1885.232s][info][gc,marking     ] GC(291) Concurrent Preclean 0.054ms
[1885.232s][info][gc,start       ] GC(291) Pause Remark
[1885.236s][info][gc             ] GC(291) Pause Remark 1688M->1688M(4096M) 3.164ms
[1885.236s][info][gc,cpu         ] GC(291) User=0.01s Sys=0.00s Real=0.00s
[1885.236s][info][gc,marking     ] GC(291) Concurrent Mark 619.973ms
[1885.236s][info][gc,marking     ] GC(291) Concurrent Rebuild Remembered Sets and Scrub Regions
[1885.453s][info][gc,marking     ] GC(291) Concurrent Rebuild Remembered Sets and Scrub Regions 217.554ms
[1885.453s][info][gc,start       ] GC(291) Pause Cleanup
[1885.454s][info][gc             ] GC(291) Pause Cleanup 1778M->1778M(4096M) 0.127ms
[1885.454s][info][gc,cpu         ] GC(291) User=0.00s Sys=0.00s Real=0.00s
[1885.454s][info][gc,marking     ] GC(291) Concurrent Clear Claimed Marks
[1885.454s][info][gc,marking     ] GC(291) Concurrent Clear Claimed Marks 0.026ms
[1885.454s][info][gc,marking     ] GC(291) Concurrent Cleanup for Next Mark
[1885.457s][info][gc,marking     ] GC(291) Concurrent Cleanup for Next Mark 3.383ms
[1885.457s][info][gc             ] GC(291) Concurrent Mark Cycle 990.354ms
......[1891.183s][info][gc,start       ] GC(292) Pause Young (Prepare Mixed) (G1 Evacuation Pause)
[1891.183s][info][gc,task        ] GC(292) Using 6 workers of 6 for evacuation
[1891.299s][info][gc,phases      ] GC(292)   Pre Evacuate Collection Set: 0.39ms
[1891.299s][info][gc,phases      ] GC(292)   Merge Heap Roots: 0.54ms
[1891.299s][info][gc,phases      ] GC(292)   Evacuate Collection Set: 114.28ms
[1891.299s][info][gc,phases      ] GC(292)   Post Evacuate Collection Set: 0.97ms
[1891.299s][info][gc,phases      ] GC(292)   Other: 0.10ms
[1891.299s][info][gc,heap        ] GC(292) Eden regions: 1119->0(1113)
[1891.299s][info][gc,heap        ] GC(292) Survivor regions: 109->110(154)
[1891.299s][info][gc,heap        ] GC(292) Old regions: 501->532
[1891.299s][info][gc,heap        ] GC(292) Humongous regions: 80->80
[1891.299s][info][gc,metaspace   ] GC(292) Metaspace: 28946K(29312K)->28946K(29312K) NonClass: 24062K(24256K)->24062K(24256K) Class: 4883K(5056K)->4883K(5056K)
[1891.299s][info][gc             ] GC(292) Pause Young (Prepare Mixed) (G1 Evacuation Pause) 3617M->1441M(4096M) 116.432ms
[1891.299s][info][gc,cpu         ] GC(292) User=0.69s Sys=0.00s Real=0.11s
.......[1898.043s][info][gc,start       ] GC(293) Pause Young (Mixed) (G1 Evacuation Pause)
[1898.043s][info][gc,task        ] GC(293) Using 6 workers of 6 for evacuation
[1898.181s][info][gc,phases      ] GC(293)   Pre Evacuate Collection Set: 0.42ms
[1898.181s][info][gc,phases      ] GC(293)   Merge Heap Roots: 0.80ms
[1898.181s][info][gc,phases      ] GC(293)   Evacuate Collection Set: 136.04ms
[1898.181s][info][gc,phases      ] GC(293)   Post Evacuate Collection Set: 0.94ms
[1898.181s][info][gc,phases      ] GC(293)   Other: 0.09ms
[1898.181s][info][gc,heap        ] GC(293) Eden regions: 1113->0(1116)
[1898.181s][info][gc,heap        ] GC(293) Survivor regions: 110->112(153)
[1898.181s][info][gc,heap        ] GC(293) Old regions: 532->468
[1898.181s][info][gc,heap        ] GC(293) Humongous regions: 80->80
[1898.181s][info][gc,metaspace   ] GC(293) Metaspace: 28946K(29312K)->28946K(29312K) NonClass: 24062K(24256K)->24062K(24256K) Class: 4883K(5056K)->4883K(5056K)
[1898.181s][info][gc             ] GC(293) Pause Young (Mixed) (G1 Evacuation Pause) 3667M->1317M(4096M) 138.414ms
[1898.181s][info][gc,cpu         ] GC(293) User=0.83s Sys=0.00s Real=0.13s
......[1904.865s][info][gc,start       ] GC(294) Pause Young (Concurrent Start) (G1 Evacuation Pause)
[1904.865s][info][gc,task        ] GC(294) Using 6 workers of 6 for evacuation
[1904.983s][info][gc,phases      ] GC(294)   Pre Evacuate Collection Set: 0.38ms
[1904.983s][info][gc,phases      ] GC(294)   Merge Heap Roots: 0.50ms
[1904.983s][info][gc,phases      ] GC(294)   Evacuate Collection Set: 116.06ms
[1904.983s][info][gc,phases      ] GC(294)   Post Evacuate Collection Set: 0.89ms
[1904.983s][info][gc,phases      ] GC(294)   Other: 0.13ms
[1904.983s][info][gc,heap        ] GC(294) Eden regions: 1116->0(1118)
[1904.983s][info][gc,heap        ] GC(294) Survivor regions: 112->110(154)
[1904.983s][info][gc,heap        ] GC(294) Old regions: 468->499
[1904.983s][info][gc,heap        ] GC(294) Humongous regions: 80->80
[1904.983s][info][gc,metaspace   ] GC(294) Metaspace: 28946K(29312K)->28946K(29312K) NonClass: 24062K(24256K)->24062K(24256K) Class: 4883K(5056K)->4883K(5056K)
[1904.983s][info][gc             ] GC(294) Pause Young (Concurrent Start) (G1 Evacuation Pause) 3549M->1377M(4096M) 118.121ms
[1904.983s][info][gc             ] GC(295) Concurrent Mark Cycle
[1904.983s][info][gc,marking     ] GC(295) Concurrent Scan Root Regions
[1904.983s][info][gc,cpu         ] GC(294) User=0.71s Sys=0.00s Real=0.12s
.[1905.128s][info][gc,marking     ] GC(295) Concurrent Scan Root Regions 145.191ms
[1905.128s][info][gc,marking     ] GC(295) Concurrent Mark
[1905.128s][info][gc,marking     ] GC(295) Concurrent Mark From Roots
[1905.128s][info][gc,task        ] GC(295) Using 2 workers of 2 for marking
[1905.701s][info][gc,marking     ] GC(295) Concurrent Mark From Roots 573.294ms
[1905.701s][info][gc,marking     ] GC(295) Concurrent Preclean
[1905.701s][info][gc,marking     ] GC(295) Concurrent Preclean 0.049ms
[1905.702s][info][gc,start       ] GC(295) Pause Remark
[1905.705s][info][gc             ] GC(295) Pause Remark 1657M->1657M(4096M) 3.357ms
[1905.705s][info][gc,cpu         ] GC(295) User=0.01s Sys=0.00s Real=0.00s
[1905.705s][info][gc,marking     ] GC(295) Concurrent Mark 576.973ms
[1905.705s][info][gc,marking     ] GC(295) Concurrent Rebuild Remembered Sets and Scrub Regions
[1905.912s][info][gc,marking     ] GC(295) Concurrent Rebuild Remembered Sets and Scrub Regions 206.530ms
[1905.912s][info][gc,start       ] GC(295) Pause Cleanup
[1905.912s][info][gc             ] GC(295) Pause Cleanup 1724M->1724M(4096M) 0.133ms
[1905.912s][info][gc,cpu         ] GC(295) User=0.00s Sys=0.00s Real=0.00s
[1905.912s][info][gc,marking     ] GC(295) Concurrent Clear Claimed Marks
[1905.912s][info][gc,marking     ] GC(295) Concurrent Clear Claimed Marks 0.034ms
[1905.912s][info][gc,marking     ] GC(295) Concurrent Cleanup for Next Mark
[1905.915s][info][gc,marking     ] GC(295) Concurrent Cleanup for Next Mark 3.198ms
[1905.915s][info][gc             ] GC(295) Concurrent Mark Cycle 932.436ms
......[1911.681s][info][gc,start       ] GC(296) Pause Young (Prepare Mixed) (G1 Evacuation Pause)
[1911.681s][info][gc,task        ] GC(296) Using 6 workers of 6 for evacuation
[1911.797s][info][gc,phases      ] GC(296)   Pre Evacuate Collection Set: 0.33ms
[1911.797s][info][gc,phases      ] GC(296)   Merge Heap Roots: 0.52ms
[1911.797s][info][gc,phases      ] GC(296)   Evacuate Collection Set: 114.59ms
[1911.797s][info][gc,phases      ] GC(296)   Post Evacuate Collection Set: 0.93ms
[1911.797s][info][gc,phases      ] GC(296)   Other: 0.09ms
[1911.797s][info][gc,heap        ] GC(296) Eden regions: 1118->0(1117)
[1911.797s][info][gc,heap        ] GC(296) Survivor regions: 110->108(154)
[1911.797s][info][gc,heap        ] GC(296) Old regions: 499->532
[1911.797s][info][gc,heap        ] GC(296) Humongous regions: 80->80
[1911.797s][info][gc,metaspace   ] GC(296) Metaspace: 28946K(29312K)->28946K(29312K) NonClass: 24062K(24256K)->24062K(24256K) Class: 4883K(5056K)->4883K(5056K)
[1911.797s][info][gc             ] GC(296) Pause Young (Prepare Mixed) (G1 Evacuation Pause) 3613M->1437M(4096M) 116.588ms
[1911.797s][info][gc,cpu         ] GC(296) User=0.69s Sys=0.00s Real=0.12s
.......[1918.510s][info][gc,start       ] GC(297) Pause Young (Mixed) (G1 Evacuation Pause)
[1918.510s][info][gc,task        ] GC(297) Using 6 workers of 6 for evacuation
[1918.638s][info][gc,phases      ] GC(297)   Pre Evacuate Collection Set: 0.37ms
[1918.638s][info][gc,phases      ] GC(297)   Merge Heap Roots: 0.61ms
[1918.638s][info][gc,phases      ] GC(297)   Evacuate Collection Set: 126.19ms
[1918.638s][info][gc,phases      ] GC(297)   Post Evacuate Collection Set: 0.96ms
[1918.638s][info][gc,phases      ] GC(297)   Other: 0.09ms
[1918.638s][info][gc,heap        ] GC(297) Eden regions: 1117->0(1120)
[1918.638s][info][gc,heap        ] GC(297) Survivor regions: 108->108(154)
[1918.638s][info][gc,heap        ] GC(297) Old regions: 532->468
[1918.638s][info][gc,heap        ] GC(297) Humongous regions: 80->80
[1918.638s][info][gc,metaspace   ] GC(297) Metaspace: 28946K(29312K)->28946K(29312K) NonClass: 24062K(24256K)->24062K(24256K) Class: 4883K(5056K)->4883K(5056K)
[1918.638s][info][gc             ] GC(297) Pause Young (Mixed) (G1 Evacuation Pause) 3671M->1310M(4096M) 128.344ms
[1918.639s][info][gc,cpu         ] GC(297) User=0.77s Sys=0.00s Real=0.13s
.......[1925.465s][info][gc,start       ] GC(298) Pause Young (Concurrent Start) (G1 Evacuation Pause)
[1925.465s][info][gc,task        ] GC(298) Using 6 workers of 6 for evacuation
[1925.581s][info][gc,phases      ] GC(298)   Pre Evacuate Collection Set: 0.43ms
[1925.581s][info][gc,phases      ] GC(298)   Merge Heap Roots: 0.62ms
[1925.581s][info][gc,phases      ] GC(298)   Evacuate Collection Set: 113.18ms
[1925.581s][info][gc,phases      ] GC(298)   Post Evacuate Collection Set: 0.87ms
[1925.581s][info][gc,phases      ] GC(298)   Other: 0.15ms
[1925.581s][info][gc,heap        ] GC(298) Eden regions: 1120->0(1120)
[1925.581s][info][gc,heap        ] GC(298) Survivor regions: 108->108(154)
[1925.581s][info][gc,heap        ] GC(298) Old regions: 468->499
[1925.581s][info][gc,heap        ] GC(298) Humongous regions: 80->80
[1925.581s][info][gc,metaspace   ] GC(298) Metaspace: 28946K(29312K)->28946K(29312K) NonClass: 24062K(24256K)->24062K(24256K) Class: 4883K(5056K)->4883K(5056K)
[1925.581s][info][gc             ] GC(298) Pause Young (Concurrent Start) (G1 Evacuation Pause) 3550M->1372M(4096M) 115.397ms
[1925.581s][info][gc             ] GC(299) Concurrent Mark Cycle
[1925.581s][info][gc,marking     ] GC(299) Concurrent Scan Root Regions
[1925.581s][info][gc,cpu         ] GC(298) User=0.68s Sys=0.00s Real=0.11s
[1925.706s][info][gc,marking     ] GC(299) Concurrent Scan Root Regions 124.752ms
[1925.706s][info][gc,marking     ] GC(299) Concurrent Mark
[1925.706s][info][gc,marking     ] GC(299) Concurrent Mark From Roots
[1925.706s][info][gc,task        ] GC(299) Using 2 workers of 2 for marking
.[1926.280s][info][gc,marking     ] GC(299) Concurrent Mark From Roots 574.759ms
[1926.280s][info][gc,marking     ] GC(299) Concurrent Preclean
[1926.280s][info][gc,marking     ] GC(299) Concurrent Preclean 0.043ms
[1926.281s][info][gc,start       ] GC(299) Pause Remark
[1926.284s][info][gc             ] GC(299) Pause Remark 1656M->1656M(4096M) 3.533ms
[1926.284s][info][gc,cpu         ] GC(299) User=0.01s Sys=0.00s Real=0.01s
[1926.284s][info][gc,marking     ] GC(299) Concurrent Mark 578.565ms
[1926.284s][info][gc,marking     ] GC(299) Concurrent Rebuild Remembered Sets and Scrub Regions
[1926.526s][info][gc,marking     ] GC(299) Concurrent Rebuild Remembered Sets and Scrub Regions 241.865ms
[1926.526s][info][gc,start       ] GC(299) Pause Cleanup
[1926.526s][info][gc             ] GC(299) Pause Cleanup 1718M->1718M(4096M) 0.134ms
[1926.526s][info][gc,cpu         ] GC(299) User=0.00s Sys=0.00s Real=0.00s
[1926.526s][info][gc,marking     ] GC(299) Concurrent Clear Claimed Marks
[1926.526s][info][gc,marking     ] GC(299) Concurrent Clear Claimed Marks 0.034ms
[1926.526s][info][gc,marking     ] GC(299) Concurrent Cleanup for Next Mark
[1926.531s][info][gc,marking     ] GC(299) Concurrent Cleanup for Next Mark 4.818ms
[1926.531s][info][gc             ] GC(299) Concurrent Mark Cycle 950.587ms
......[1932.251s][info][gc,start       ] GC(300) Pause Young (Prepare Mixed) (G1 Evacuation Pause)
[1932.251s][info][gc,task        ] GC(300) Using 6 workers of 6 for evacuation
[1932.366s][info][gc,phases      ] GC(300)   Pre Evacuate Collection Set: 0.33ms
[1932.366s][info][gc,phases      ] GC(300)   Merge Heap Roots: 0.56ms
[1932.366s][info][gc,phases      ] GC(300)   Evacuate Collection Set: 112.87ms
[1932.366s][info][gc,phases      ] GC(300)   Post Evacuate Collection Set: 0.92ms
[1932.366s][info][gc,phases      ] GC(300)   Other: 0.09ms
[1932.366s][info][gc,heap        ] GC(300) Eden regions: 1120->0(1118)
[1932.366s][info][gc,heap        ] GC(300) Survivor regions: 108->108(154)
[1932.366s][info][gc,heap        ] GC(300) Old regions: 499->531
[1932.366s][info][gc,heap        ] GC(300) Humongous regions: 80->80
[1932.366s][info][gc,metaspace   ] GC(300) Metaspace: 28946K(29312K)->28946K(29312K) NonClass: 24062K(24256K)->24062K(24256K) Class: 4883K(5056K)->4883K(5056K)
[1932.366s][info][gc             ] GC(300) Pause Young (Prepare Mixed) (G1 Evacuation Pause) 3612M->1436M(4096M) 114.897ms
[1932.366s][info][gc,cpu         ] GC(300) User=0.68s Sys=0.00s Real=0.11s
.......[1939.116s][info][gc,start       ] GC(301) Pause Young (Mixed) (G1 Evacuation Pause)
[1939.116s][info][gc,task        ] GC(301) Using 6 workers of 6 for evacuation
[1939.253s][info][gc,phases      ] GC(301)   Pre Evacuate Collection Set: 0.40ms
[1939.253s][info][gc,phases      ] GC(301)   Merge Heap Roots: 0.66ms
[1939.253s][info][gc,phases      ] GC(301)   Evacuate Collection Set: 134.96ms
[1939.253s][info][gc,phases      ] GC(301)   Post Evacuate Collection Set: 0.98ms
[1939.253s][info][gc,phases      ] GC(301)   Other: 0.10ms
[1939.253s][info][gc,heap        ] GC(301) Eden regions: 1118->0(1119)
[1939.253s][info][gc,heap        ] GC(301) Survivor regions: 108->109(154)
[1939.253s][info][gc,heap        ] GC(301) Old regions: 531->468
[1939.253s][info][gc,heap        ] GC(301) Humongous regions: 80->80
[1939.253s][info][gc,metaspace   ] GC(301) Metaspace: 28946K(29312K)->28946K(29312K) NonClass: 24062K(24256K)->24062K(24256K) Class: 4883K(5056K)->4883K(5056K)
[1939.253s][info][gc             ] GC(301) Pause Young (Mixed) (G1 Evacuation Pause) 3672M->1311M(4096M) 137.249ms
[1939.253s][info][gc,cpu         ] GC(301) User=0.81s Sys=0.00s Real=0.14s
. (rIR:aIR:PR = 2767:2768:2768) (tPR = 41136) [OK] 
  1939s: Performance info:
         Transaction,    Success,    Partial,     Failed,   Receipts, AvgBarcode, 
             Overall,     166495,          0,          0,     158175,      59.47, 
         Response times:
             Request,    Success,    Partial,     Failed,   SkipFail,     Probes,    Samples,      min,      p50,      p90,      p95,      p99,      max, 
       TotalPurchase,     158175,          0,          0,          0,     154726,     165267,      300,     2300,     3700,     4400,    18500,   145000,
     InStorePurchase,      83261,          0,          0,          0,      81541,      86803,      300,     2300,     3700,     4400,    18000,   145000,
      OnlinePurchase,      58264,          0,          0,          0,      57078,      60994,      300,     2400,     3700,     4500,    18500,   145000,
        InstPurchase,      16650,          0,          0,          0,      16107,      17470,      400,     2500,     3800,     4500,    18790,   142000,
          AssocOfCat,        167,          0,          0,          0,        114,        161,    19200,    28000,    37000,    43000,   123780,   174000,
      AssocOfProduct,       1667,          0,          0,          0,       1466,       1670,      700,     2700,     3900,     4645,    20006,   134000,
      BusinessReport,        417,          0,          0,          0,        344,        452,    24000,    32000,    48000,    58000,   101940,   179000,
          CustBuyBeh,       1667,          0,          0,          0,       1506,       1766,      300,     3100,     4300,     5900,    26330,   142000,
       ProductReturn,       4402,          0,          0,          0,       4115,       4608,      200,     2400,     3700,     4500,    19146,   134000,

  1939s: (21%)   IR =   2906 ....|.[1945.741s][info][gc,start       ] GC(302) Pause Young (Concurrent Start) (G1 Evacuation Pause)
[1945.741s][info][gc,task        ] GC(302) Using 6 workers of 6 for evacuation
[1945.857s][info][gc,phases      ] GC(302)   Pre Evacuate Collection Set: 0.39ms
[1945.857s][info][gc,phases      ] GC(302)   Merge Heap Roots: 0.48ms
[1945.857s][info][gc,phases      ] GC(302)   Evacuate Collection Set: 113.81ms
[1945.857s][info][gc,phases      ] GC(302)   Post Evacuate Collection Set: 0.88ms
[1945.857s][info][gc,phases      ] GC(302)   Other: 0.10ms
[1945.857s][info][gc,heap        ] GC(302) Eden regions: 1119->0(1119)
[1945.857s][info][gc,heap        ] GC(302) Survivor regions: 109->109(154)
[1945.857s][info][gc,heap        ] GC(302) Old regions: 468->499
[1945.857s][info][gc,heap        ] GC(302) Humongous regions: 80->80
[1945.857s][info][gc,metaspace   ] GC(302) Metaspace: 28946K(29312K)->28946K(29312K) NonClass: 24062K(24256K)->24062K(24256K) Class: 4883K(5056K)->4883K(5056K)
[1945.857s][info][gc             ] GC(302) Pause Young (Concurrent Start) (G1 Evacuation Pause) 3549M->1375M(4096M) 115.808ms
[1945.857s][info][gc             ] GC(303) Concurrent Mark Cycle
[1945.857s][info][gc,marking     ] GC(303) Concurrent Scan Root Regions
[1945.857s][info][gc,cpu         ] GC(302) User=0.69s Sys=0.00s Real=0.11s
[1945.978s][info][gc,marking     ] GC(303) Concurrent Scan Root Regions 120.589ms
[1945.978s][info][gc,marking     ] GC(303) Concurrent Mark
[1945.978s][info][gc,marking     ] GC(303) Concurrent Mark From Roots
[1945.978s][info][gc,task        ] GC(303) Using 2 workers of 2 for marking
.[1946.531s][info][gc,marking     ] GC(303) Concurrent Mark From Roots 553.688ms
[1946.531s][info][gc,marking     ] GC(303) Concurrent Preclean
[1946.531s][info][gc,marking     ] GC(303) Concurrent Preclean 0.064ms
[1946.532s][info][gc,start       ] GC(303) Pause Remark
[1946.535s][info][gc             ] GC(303) Pause Remark 1628M->1628M(4096M) 3.773ms
[1946.535s][info][gc,cpu         ] GC(303) User=0.02s Sys=0.00s Real=0.00s
[1946.535s][info][gc,marking     ] GC(303) Concurrent Mark 557.787ms
[1946.535s][info][gc,marking     ] GC(303) Concurrent Rebuild Remembered Sets and Scrub Regions
[1946.752s][info][gc,marking     ] GC(303) Concurrent Rebuild Remembered Sets and Scrub Regions 216.253ms
[1946.752s][info][gc,start       ] GC(303) Pause Cleanup
[1946.752s][info][gc             ] GC(303) Pause Cleanup 1706M->1706M(4096M) 0.119ms
[1946.752s][info][gc,cpu         ] GC(303) User=0.00s Sys=0.00s Real=0.00s
[1946.752s][info][gc,marking     ] GC(303) Concurrent Clear Claimed Marks
[1946.752s][info][gc,marking     ] GC(303) Concurrent Clear Claimed Marks 0.036ms
[1946.752s][info][gc,marking     ] GC(303) Concurrent Cleanup for Next Mark
[1946.755s][info][gc,marking     ] GC(303) Concurrent Cleanup for Next Mark 3.156ms
[1946.755s][info][gc             ] GC(303) Concurrent Mark Cycle 898.291ms
......[1952.343s][info][gc,start       ] GC(304) Pause Young (Prepare Mixed) (G1 Evacuation Pause)
[1952.343s][info][gc,task        ] GC(304) Using 6 workers of 6 for evacuation
[1952.459s][info][gc,phases      ] GC(304)   Pre Evacuate Collection Set: 0.33ms
[1952.459s][info][gc,phases      ] GC(304)   Merge Heap Roots: 0.52ms
[1952.459s][info][gc,phases      ] GC(304)   Evacuate Collection Set: 113.96ms
[1952.459s][info][gc,phases      ] GC(304)   Post Evacuate Collection Set: 0.92ms
[1952.459s][info][gc,phases      ] GC(304)   Other: 0.08ms
[1952.459s][info][gc,heap        ] GC(304) Eden regions: 1119->0(1118)
[1952.459s][info][gc,heap        ] GC(304) Survivor regions: 109->108(154)
[1952.459s][info][gc,heap        ] GC(304) Old regions: 499->531
[1952.459s][info][gc,heap        ] GC(304) Humongous regions: 80->80
[1952.459s][info][gc,metaspace   ] GC(304) Metaspace: 28946K(29312K)->28946K(29312K) NonClass: 24062K(24256K)->24062K(24256K) Class: 4883K(5056K)->4883K(5056K)
[1952.459s][info][gc             ] GC(304) Pause Young (Prepare Mixed) (G1 Evacuation Pause) 3613M->1437M(4096M) 115.952ms
[1952.459s][info][gc,cpu         ] GC(304) User=0.69s Sys=0.00s Real=0.11s
......[1958.799s][info][gc,start       ] GC(305) Pause Young (Mixed) (G1 Evacuation Pause)
[1958.799s][info][gc,task        ] GC(305) Using 6 workers of 6 for evacuation
[1958.932s][info][gc,phases      ] GC(305)   Pre Evacuate Collection Set: 0.35ms
[1958.932s][info][gc,phases      ] GC(305)   Merge Heap Roots: 0.73ms
[1958.932s][info][gc,phases      ] GC(305)   Evacuate Collection Set: 131.05ms
[1958.932s][info][gc,phases      ] GC(305)   Post Evacuate Collection Set: 0.96ms
[1958.932s][info][gc,phases      ] GC(305)   Other: 0.09ms
[1958.932s][info][gc,heap        ] GC(305) Eden regions: 1118->0(1118)
[1958.932s][info][gc,heap        ] GC(305) Survivor regions: 108->110(154)
[1958.932s][info][gc,heap        ] GC(305) Old regions: 531->466
[1958.932s][info][gc,heap        ] GC(305) Humongous regions: 80->80
[1958.932s][info][gc,metaspace   ] GC(305) Metaspace: 28946K(29312K)->28946K(29312K) NonClass: 24062K(24256K)->24062K(24256K) Class: 4883K(5056K)->4883K(5056K)
[1958.932s][info][gc             ] GC(305) Pause Young (Mixed) (G1 Evacuation Pause) 3673M->1310M(4096M) 133.304ms
[1958.932s][info][gc,cpu         ] GC(305) User=0.80s Sys=0.00s Real=0.14s
.......[1965.398s][info][gc,start       ] GC(306) Pause Young (Concurrent Start) (G1 Evacuation Pause)
[1965.398s][info][gc,task        ] GC(306) Using 6 workers of 6 for evacuation
[1965.514s][info][gc,phases      ] GC(306)   Pre Evacuate Collection Set: 0.40ms
[1965.514s][info][gc,phases      ] GC(306)   Merge Heap Roots: 0.56ms
[1965.514s][info][gc,phases      ] GC(306)   Evacuate Collection Set: 114.22ms
[1965.514s][info][gc,phases      ] GC(306)   Post Evacuate Collection Set: 0.89ms
[1965.514s][info][gc,phases      ] GC(306)   Other: 0.12ms
[1965.514s][info][gc,heap        ] GC(306) Eden regions: 1118->0(1120)
[1965.514s][info][gc,heap        ] GC(306) Survivor regions: 110->108(154)
[1965.514s][info][gc,heap        ] GC(306) Old regions: 466->498
[1965.514s][info][gc,heap        ] GC(306) Humongous regions: 80->80
[1965.514s][info][gc,metaspace   ] GC(306) Metaspace: 28946K(29312K)->28946K(29312K) NonClass: 24062K(24256K)->24062K(24256K) Class: 4883K(5056K)->4883K(5056K)
[1965.514s][info][gc             ] GC(306) Pause Young (Concurrent Start) (G1 Evacuation Pause) 3546M->1370M(4096M) 116.365ms
[1965.514s][info][gc             ] GC(307) Concurrent Mark Cycle
[1965.514s][info][gc,marking     ] GC(307) Concurrent Scan Root Regions
[1965.514s][info][gc,cpu         ] GC(306) User=0.69s Sys=0.00s Real=0.12s
[1965.692s][info][gc,marking     ] GC(307) Concurrent Scan Root Regions 178.243ms
[1965.692s][info][gc,marking     ] GC(307) Concurrent Mark
[1965.692s][info][gc,marking     ] GC(307) Concurrent Mark From Roots
[1965.692s][info][gc,task        ] GC(307) Using 2 workers of 2 for marking
.[1966.640s][info][gc,marking     ] GC(307) Concurrent Mark From Roots 948.002ms
[1966.640s][info][gc,marking     ] GC(307) Concurrent Preclean
[1966.640s][info][gc,marking     ] GC(307) Concurrent Preclean 0.040ms
[1966.640s][info][gc,start       ] GC(307) Pause Remark
[1966.644s][info][gc             ] GC(307) Pause Remark 1820M->1820M(4096M) 4.055ms
[1966.645s][info][gc,cpu         ] GC(307) User=0.02s Sys=0.00s Real=0.01s
[1966.645s][info][gc,marking     ] GC(307) Concurrent Mark 952.334ms
[1966.645s][info][gc,marking     ] GC(307) Concurrent Rebuild Remembered Sets and Scrub Regions
[1966.997s][info][gc,marking     ] GC(307) Concurrent Rebuild Remembered Sets and Scrub Regions 351.985ms
[1966.997s][info][gc,start       ] GC(307) Pause Cleanup
[1966.997s][info][gc             ] GC(307) Pause Cleanup 1934M->1934M(4096M) 0.139ms
[1966.997s][info][gc,cpu         ] GC(307) User=0.00s Sys=0.00s Real=0.00s
[1966.998s][info][gc,marking     ] GC(307) Concurrent Clear Claimed Marks
[1966.998s][info][gc,marking     ] GC(307) Concurrent Clear Claimed Marks 0.035ms
[1966.998s][info][gc,marking     ] GC(307) Concurrent Cleanup for Next Mark
[1967.001s][info][gc,marking     ] GC(307) Concurrent Cleanup for Next Mark 3.573ms
[1967.001s][info][gc             ] GC(307) Concurrent Mark Cycle 1487.312ms
.....[1971.855s][info][gc,start       ] GC(308) Pause Young (Prepare Mixed) (G1 Evacuation Pause)
[1971.855s][info][gc,task        ] GC(308) Using 6 workers of 6 for evacuation
[1971.974s][info][gc,phases      ] GC(308)   Pre Evacuate Collection Set: 0.36ms
[1971.975s][info][gc,phases      ] GC(308)   Merge Heap Roots: 0.55ms
[1971.975s][info][gc,phases      ] GC(308)   Evacuate Collection Set: 117.23ms
[1971.975s][info][gc,phases      ] GC(308)   Post Evacuate Collection Set: 0.93ms
[1971.975s][info][gc,phases      ] GC(308)   Other: 0.09ms
[1971.975s][info][gc,heap        ] GC(308) Eden regions: 1120->0(1114)
[1971.975s][info][gc,heap        ] GC(308) Survivor regions: 108->111(154)
[1971.975s][info][gc,heap        ] GC(308) Old regions: 498->529
[1971.975s][info][gc,heap        ] GC(308) Humongous regions: 80->80
[1971.975s][info][gc,metaspace   ] GC(308) Metaspace: 28946K(29312K)->28946K(29312K) NonClass: 24062K(24256K)->24062K(24256K) Class: 4883K(5056K)->4883K(5056K)
[1971.975s][info][gc             ] GC(308) Pause Young (Prepare Mixed) (G1 Evacuation Pause) 3610M->1438M(4096M) 119.291ms
[1971.975s][info][gc,cpu         ] GC(308) User=0.71s Sys=0.00s Real=0.12s
.......[1978.402s][info][gc,start       ] GC(309) Pause Young (Mixed) (G1 Evacuation Pause)
[1978.402s][info][gc,task        ] GC(309) Using 6 workers of 6 for evacuation
[1978.538s][info][gc,phases      ] GC(309)   Pre Evacuate Collection Set: 0.42ms
[1978.538s][info][gc,phases      ] GC(309)   Merge Heap Roots: 0.74ms
[1978.538s][info][gc,phases      ] GC(309)   Evacuate Collection Set: 134.32ms
[1978.538s][info][gc,phases      ] GC(309)   Post Evacuate Collection Set: 0.95ms
[1978.538s][info][gc,phases      ] GC(309)   Other: 0.09ms
[1978.538s][info][gc,heap        ] GC(309) Eden regions: 1114->0(1121)
[1978.538s][info][gc,heap        ] GC(309) Survivor regions: 111->107(154)
[1978.538s][info][gc,heap        ] GC(309) Old regions: 529->467
[1978.538s][info][gc,heap        ] GC(309) Humongous regions: 80->80
[1978.539s][info][gc,metaspace   ] GC(309) Metaspace: 28946K(29312K)->28946K(29312K) NonClass: 24062K(24256K)->24062K(24256K) Class: 4883K(5056K)->4883K(5056K)
[1978.539s][info][gc             ] GC(309) Pause Young (Mixed) (G1 Evacuation Pause) 3666M->1307M(4096M) 136.681ms
[1978.539s][info][gc,cpu         ] GC(309) User=0.81s Sys=0.00s Real=0.13s
......[1984.905s][info][gc,start       ] GC(310) Pause Young (Concurrent Start) (G1 Evacuation Pause)
[1984.905s][info][gc,task        ] GC(310) Using 6 workers of 6 for evacuation
[1985.021s][info][gc,phases      ] GC(310)   Pre Evacuate Collection Set: 0.43ms
[1985.021s][info][gc,phases      ] GC(310)   Merge Heap Roots: 0.51ms
[1985.021s][info][gc,phases      ] GC(310)   Evacuate Collection Set: 114.00ms
[1985.021s][info][gc,phases      ] GC(310)   Post Evacuate Collection Set: 0.89ms
[1985.021s][info][gc,phases      ] GC(310)   Other: 0.13ms
[1985.021s][info][gc,heap        ] GC(310) Eden regions: 1121->0(1119)
[1985.021s][info][gc,heap        ] GC(310) Survivor regions: 107->109(154)
[1985.021s][info][gc,heap        ] GC(310) Old regions: 467->499
[1985.021s][info][gc,heap        ] GC(310) Humongous regions: 80->80
[1985.021s][info][gc,metaspace   ] GC(310) Metaspace: 28946K(29312K)->28946K(29312K) NonClass: 24062K(24256K)->24062K(24256K) Class: 4883K(5056K)->4883K(5056K)
[1985.021s][info][gc             ] GC(310) Pause Young (Concurrent Start) (G1 Evacuation Pause) 3549M->1374M(4096M) 116.083ms
[1985.021s][info][gc             ] GC(311) Concurrent Mark Cycle
[1985.021s][info][gc,marking     ] GC(311) Concurrent Scan Root Regions
[1985.021s][info][gc,cpu         ] GC(310) User=0.69s Sys=0.00s Real=0.11s
.[1985.193s][info][gc,marking     ] GC(311) Concurrent Scan Root Regions 171.856ms
[1985.193s][info][gc,marking     ] GC(311) Concurrent Mark
[1985.193s][info][gc,marking     ] GC(311) Concurrent Mark From Roots
[1985.193s][info][gc,task        ] GC(311) Using 2 workers of 2 for marking
.[1986.093s][info][gc,marking     ] GC(311) Concurrent Mark From Roots 899.628ms
[1986.093s][info][gc,marking     ] GC(311) Concurrent Preclean
[1986.093s][info][gc,marking     ] GC(311) Concurrent Preclean 0.059ms
[1986.093s][info][gc,start       ] GC(311) Pause Remark
[1986.097s][info][gc             ] GC(311) Pause Remark 1788M->1788M(4096M) 4.583ms
[1986.097s][info][gc,cpu         ] GC(311) User=0.03s Sys=0.00s Real=0.00s
[1986.097s][info][gc,marking     ] GC(311) Concurrent Mark 904.529ms
[1986.097s][info][gc,marking     ] GC(311) Concurrent Rebuild Remembered Sets and Scrub Regions
[1986.338s][info][gc,marking     ] GC(311) Concurrent Rebuild Remembered Sets and Scrub Regions 240.778ms
[1986.338s][info][gc,start       ] GC(311) Pause Cleanup
[1986.338s][info][gc             ] GC(311) Pause Cleanup 1873M->1873M(4096M) 0.119ms
[1986.338s][info][gc,cpu         ] GC(311) User=0.00s Sys=0.00s Real=0.00s
[1986.339s][info][gc,marking     ] GC(311) Concurrent Clear Claimed Marks
[1986.339s][info][gc,marking     ] GC(311) Concurrent Clear Claimed Marks 0.030ms
[1986.339s][info][gc,marking     ] GC(311) Concurrent Cleanup for Next Mark
[1986.343s][info][gc,marking     ] GC(311) Concurrent Cleanup for Next Mark 4.370ms
[1986.343s][info][gc             ] GC(311) Concurrent Mark Cycle 1321.997ms
.....[1991.419s][info][gc,start       ] GC(312) Pause Young (Prepare Mixed) (G1 Evacuation Pause)
[1991.419s][info][gc,task        ] GC(312) Using 6 workers of 6 for evacuation
[1991.540s][info][gc,phases      ] GC(312)   Pre Evacuate Collection Set: 0.32ms
[1991.540s][info][gc,phases      ] GC(312)   Merge Heap Roots: 0.51ms
[1991.540s][info][gc,phases      ] GC(312)   Evacuate Collection Set: 118.26ms
[1991.540s][info][gc,phases      ] GC(312)   Post Evacuate Collection Set: 0.88ms
[1991.540s][info][gc,phases      ] GC(312)   Other: 0.09ms
[1991.540s][info][gc,heap        ] GC(312) Eden regions: 1119->0(1114)
[1991.540s][info][gc,heap        ] GC(312) Survivor regions: 109->110(154)
[1991.540s][info][gc,heap        ] GC(312) Old regions: 499->531
[1991.540s][info][gc,heap        ] GC(312) Humongous regions: 80->80
[1991.540s][info][gc,metaspace   ] GC(312) Metaspace: 28946K(29312K)->28946K(29312K) NonClass: 24062K(24256K)->24062K(24256K) Class: 4883K(5056K)->4883K(5056K)
[1991.540s][info][gc             ] GC(312) Pause Young (Prepare Mixed) (G1 Evacuation Pause) 3612M->1441M(4096M) 120.201ms
[1991.540s][info][gc,cpu         ] GC(312) User=0.72s Sys=0.00s Real=0.12s
......[1997.912s][info][gc,start       ] GC(313) Pause Young (Mixed) (G1 Evacuation Pause)
[1997.912s][info][gc,task        ] GC(313) Using 6 workers of 6 for evacuation
[1998.048s][info][gc,phases      ] GC(313)   Pre Evacuate Collection Set: 0.37ms
[1998.048s][info][gc,phases      ] GC(313)   Merge Heap Roots: 0.77ms
[1998.048s][info][gc,phases      ] GC(313)   Evacuate Collection Set: 133.79ms
[1998.048s][info][gc,phases      ] GC(313)   Post Evacuate Collection Set: 0.99ms
[1998.048s][info][gc,phases      ] GC(313)   Other: 0.09ms
[1998.048s][info][gc,heap        ] GC(313) Eden regions: 1114->0(1117)
[1998.048s][info][gc,heap        ] GC(313) Survivor regions: 110->111(153)
[1998.048s][info][gc,heap        ] GC(313) Old regions: 531->470
[1998.048s][info][gc,heap        ] GC(313) Humongous regions: 80->80
[1998.048s][info][gc,metaspace   ] GC(313) Metaspace: 28946K(29312K)->28946K(29312K) NonClass: 24062K(24256K)->24062K(24256K) Class: 4883K(5056K)->4883K(5056K)
[1998.048s][info][gc             ] GC(313) Pause Young (Mixed) (G1 Evacuation Pause) 3669M->1319M(4096M) 136.135ms
[1998.048s][info][gc,cpu         ] GC(313) User=0.81s Sys=0.00s Real=0.13s
....... (rIR:aIR:PR = 2906:2907:2907) (tPR = 43205) [OK] 
  2003s: Performance info:
         Transaction,    Success,    Partial,     Failed,   Receipts, AvgBarcode, 
             Overall,     174575,          0,          0,     165846,      59.48, 
         Response times:
             Request,    Success,    Partial,     Failed,   SkipFail,     Probes,    Samples,      min,      p50,      p90,      p95,      p99,      max, 
       TotalPurchase,     165846,          0,          0,          0,     162396,     173785,      300,     2400,     3900,     4600,    16800,   134000,
     InStorePurchase,      87326,          0,          0,          0,      85597,      91414,      300,     2400,     3900,     4600,    17100,   129000,
      OnlinePurchase,      61042,          0,          0,          0,      59905,      64048,      300,     2400,     3900,     4600,    16451,   134000,
        InstPurchase,      17478,          0,          0,          0,      16894,      18323,      400,     2400,     3800,     4400,    16376,   128000,
          AssocOfCat,        177,          0,          0,          0,        122,        173,    19600,    28000,    38600,    46000,   154680,   168000,
      AssocOfProduct,       1749,          0,          0,          0,       1592,       1861,      500,     2300,     3400,     3900,    14100,   120000,
      BusinessReport,        435,          0,          0,          0,        346,        444,    23000,    32000,    45000,    51750,   151950,   172000,
          CustBuyBeh,       1745,          0,          0,          0,       1576,       1811,      300,     3200,     4300,     5100,    19700,   124000,
       ProductReturn,       4624,          0,          0,          0,       4388,       4997,      200,     2500,     3900,     4700,    19502,   126000,

  2003s: (22%)   IR =   3044 [2004.375s][info][gc,start       ] GC(314) Pause Young (Concurrent Start) (G1 Evacuation Pause)
[2004.375s][info][gc,task        ] GC(314) Using 6 workers of 6 for evacuation
[2004.490s][info][gc,phases      ] GC(314)   Pre Evacuate Collection Set: 0.39ms
[2004.490s][info][gc,phases      ] GC(314)   Merge Heap Roots: 0.47ms
[2004.490s][info][gc,phases      ] GC(314)   Evacuate Collection Set: 113.21ms
[2004.490s][info][gc,phases      ] GC(314)   Post Evacuate Collection Set: 0.88ms
[2004.490s][info][gc,phases      ] GC(314)   Other: 0.11ms
[2004.490s][info][gc,heap        ] GC(314) Eden regions: 1117->0(1120)
[2004.490s][info][gc,heap        ] GC(314) Survivor regions: 111->108(154)
[2004.490s][info][gc,heap        ] GC(314) Old regions: 470->502
[2004.490s][info][gc,heap        ] GC(314) Humongous regions: 80->80
[2004.490s][info][gc,metaspace   ] GC(314) Metaspace: 28946K(29312K)->28946K(29312K) NonClass: 24062K(24256K)->24062K(24256K) Class: 4883K(5056K)->4883K(5056K)
[2004.490s][info][gc             ] GC(314) Pause Young (Concurrent Start) (G1 Evacuation Pause) 3553M->1378M(4096M) 115.214ms
[2004.490s][info][gc             ] GC(315) Concurrent Mark Cycle
[2004.490s][info][gc,marking     ] GC(315) Concurrent Scan Root Regions
[2004.490s][info][gc,cpu         ] GC(314) User=0.68s Sys=0.00s Real=0.11s
[2004.662s][info][gc,marking     ] GC(315) Concurrent Scan Root Regions 171.938ms
[2004.662s][info][gc,marking     ] GC(315) Concurrent Mark
[2004.662s][info][gc,marking     ] GC(315) Concurrent Mark From Roots
[2004.662s][info][gc,task        ] GC(315) Using 2 workers of 2 for marking
.[2005.605s][info][gc,marking     ] GC(315) Concurrent Mark From Roots 942.740ms
[2005.605s][info][gc,marking     ] GC(315) Concurrent Preclean
[2005.605s][info][gc,marking     ] GC(315) Concurrent Preclean 0.060ms
[2005.605s][info][gc,start       ] GC(315) Pause Remark
[2005.610s][info][gc             ] GC(315) Pause Remark 1794M->1794M(4096M) 4.576ms
[2005.610s][info][gc,cpu         ] GC(315) User=0.02s Sys=0.00s Real=0.00s
[2005.610s][info][gc,marking     ] GC(315) Concurrent Mark 947.642ms
[2005.610s][info][gc,marking     ] GC(315) Concurrent Rebuild Remembered Sets and Scrub Regions
[2005.957s][info][gc,marking     ] GC(315) Concurrent Rebuild Remembered Sets and Scrub Regions 347.681ms
[2005.958s][info][gc,start       ] GC(315) Pause Cleanup
[2005.958s][info][gc             ] GC(315) Pause Cleanup 1924M->1924M(4096M) 0.118ms
[2005.958s][info][gc,cpu         ] GC(315) User=0.00s Sys=0.00s Real=0.00s
[2005.958s][info][gc,marking     ] GC(315) Concurrent Clear Claimed Marks
[2005.958s][info][gc,marking     ] GC(315) Concurrent Clear Claimed Marks 0.028ms
[2005.958s][info][gc,marking     ] GC(315) Concurrent Cleanup for Next Mark
[2005.963s][info][gc,marking     ] GC(315) Concurrent Cleanup for Next Mark 4.939ms
[2005.963s][info][gc             ] GC(315) Concurrent Mark Cycle 1472.799ms
.....|[2010.697s][info][gc,start       ] GC(316) Pause Young (Prepare Mixed) (G1 Evacuation Pause)
[2010.698s][info][gc,task        ] GC(316) Using 6 workers of 6 for evacuation
[2010.816s][info][gc,phases      ] GC(316)   Pre Evacuate Collection Set: 0.34ms
[2010.816s][info][gc,phases      ] GC(316)   Merge Heap Roots: 0.53ms
[2010.816s][info][gc,phases      ] GC(316)   Evacuate Collection Set: 116.55ms
[2010.816s][info][gc,phases      ] GC(316)   Post Evacuate Collection Set: 0.92ms
[2010.816s][info][gc,phases      ] GC(316)   Other: 0.08ms
[2010.816s][info][gc,heap        ] GC(316) Eden regions: 1120->0(1110)
[2010.816s][info][gc,heap        ] GC(316) Survivor regions: 108->111(154)
[2010.816s][info][gc,heap        ] GC(316) Old regions: 502->533
[2010.816s][info][gc,heap        ] GC(316) Humongous regions: 80->80
[2010.816s][info][gc,metaspace   ] GC(316) Metaspace: 28946K(29312K)->28946K(29312K) NonClass: 24062K(24256K)->24062K(24256K) Class: 4883K(5056K)->4883K(5056K)
[2010.816s][info][gc             ] GC(316) Pause Young (Prepare Mixed) (G1 Evacuation Pause) 3618M->1446M(4096M) 118.555ms
[2010.816s][info][gc,cpu         ] GC(316) User=0.70s Sys=0.00s Real=0.12s
......[2016.822s][info][gc,start       ] GC(317) Pause Young (Mixed) (G1 Evacuation Pause)
[2016.822s][info][gc,task        ] GC(317) Using 6 workers of 6 for evacuation
[2016.955s][info][gc,phases      ] GC(317)   Pre Evacuate Collection Set: 0.39ms
[2016.955s][info][gc,phases      ] GC(317)   Merge Heap Roots: 0.65ms
[2016.955s][info][gc,phases      ] GC(317)   Evacuate Collection Set: 130.95ms
[2016.955s][info][gc,phases      ] GC(317)   Post Evacuate Collection Set: 0.95ms
[2016.955s][info][gc,phases      ] GC(317)   Other: 0.10ms
[2016.955s][info][gc,heap        ] GC(317) Eden regions: 1110->0(1119)
[2016.955s][info][gc,heap        ] GC(317) Survivor regions: 111->109(153)
[2016.955s][info][gc,heap        ] GC(317) Old regions: 533->467
[2016.955s][info][gc,heap        ] GC(317) Humongous regions: 80->80
[2016.955s][info][gc,metaspace   ] GC(317) Metaspace: 28946K(29312K)->28946K(29312K) NonClass: 24062K(24256K)->24062K(24256K) Class: 4883K(5056K)->4883K(5056K)
[2016.955s][info][gc             ] GC(317) Pause Young (Mixed) (G1 Evacuation Pause) 3666M->1311M(4096M) 133.165ms
[2016.955s][info][gc,cpu         ] GC(317) User=0.79s Sys=0.00s Real=0.13s
......[2023.083s][info][gc,start       ] GC(318) Pause Young (Concurrent Start) (G1 Evacuation Pause)
[2023.083s][info][gc,task        ] GC(318) Using 6 workers of 6 for evacuation
[2023.202s][info][gc,phases      ] GC(318)   Pre Evacuate Collection Set: 0.38ms
[2023.202s][info][gc,phases      ] GC(318)   Merge Heap Roots: 0.53ms
[2023.202s][info][gc,phases      ] GC(318)   Evacuate Collection Set: 117.47ms
[2023.202s][info][gc,phases      ] GC(318)   Post Evacuate Collection Set: 0.89ms
[2023.202s][info][gc,phases      ] GC(318)   Other: 0.10ms
[2023.202s][info][gc,heap        ] GC(318) Eden regions: 1119->0(1117)
[2023.202s][info][gc,heap        ] GC(318) Survivor regions: 109->111(154)
[2023.202s][info][gc,heap        ] GC(318) Old regions: 467->499
[2023.202s][info][gc,heap        ] GC(318) Humongous regions: 80->80
[2023.202s][info][gc,metaspace   ] GC(318) Metaspace: 28946K(29312K)->28946K(29312K) NonClass: 24062K(24256K)->24062K(24256K) Class: 4883K(5056K)->4883K(5056K)
[2023.202s][info][gc             ] GC(318) Pause Young (Concurrent Start) (G1 Evacuation Pause) 3549M->1378M(4096M) 119.505ms
[2023.202s][info][gc             ] GC(319) Concurrent Mark Cycle
[2023.202s][info][gc,marking     ] GC(319) Concurrent Scan Root Regions
[2023.202s][info][gc,cpu         ] GC(318) User=0.71s Sys=0.01s Real=0.12s
.[2023.345s][info][gc,marking     ] GC(319) Concurrent Scan Root Regions 142.499ms
[2023.345s][info][gc,marking     ] GC(319) Concurrent Mark
[2023.345s][info][gc,marking     ] GC(319) Concurrent Mark From Roots
[2023.345s][info][gc,task        ] GC(319) Using 2 workers of 2 for marking
[2023.923s][info][gc,marking     ] GC(319) Concurrent Mark From Roots 578.448ms
[2023.923s][info][gc,marking     ] GC(319) Concurrent Preclean
[2023.923s][info][gc,marking     ] GC(319) Concurrent Preclean 0.042ms
[2023.923s][info][gc,start       ] GC(319) Pause Remark
[2023.927s][info][gc             ] GC(319) Pause Remark 1698M->1698M(4096M) 3.722ms
[2023.927s][info][gc,cpu         ] GC(319) User=0.02s Sys=0.00s Real=0.00s
[2023.927s][info][gc,marking     ] GC(319) Concurrent Mark 582.460ms
[2023.927s][info][gc,marking     ] GC(319) Concurrent Rebuild Remembered Sets and Scrub Regions
[2024.144s][info][gc,marking     ] GC(319) Concurrent Rebuild Remembered Sets and Scrub Regions 217.124ms
[2024.144s][info][gc,start       ] GC(319) Pause Cleanup
[2024.145s][info][gc             ] GC(319) Pause Cleanup 1762M->1762M(4096M) 0.135ms
[2024.145s][info][gc,cpu         ] GC(319) User=0.00s Sys=0.00s Real=0.00s
[2024.145s][info][gc,marking     ] GC(319) Concurrent Clear Claimed Marks
[2024.145s][info][gc,marking     ] GC(319) Concurrent Clear Claimed Marks 0.029ms
[2024.145s][info][gc,marking     ] GC(319) Concurrent Cleanup for Next Mark
[2024.148s][info][gc,marking     ] GC(319) Concurrent Cleanup for Next Mark 3.775ms
[2024.148s][info][gc             ] GC(319) Concurrent Mark Cycle 946.424ms
......[2029.308s][info][gc,start       ] GC(320) Pause Young (Prepare Mixed) (G1 Evacuation Pause)
[2029.308s][info][gc,task        ] GC(320) Using 6 workers of 6 for evacuation
[2029.424s][info][gc,phases      ] GC(320)   Pre Evacuate Collection Set: 0.34ms
[2029.424s][info][gc,phases      ] GC(320)   Merge Heap Roots: 0.57ms
[2029.424s][info][gc,phases      ] GC(320)   Evacuate Collection Set: 113.82ms
[2029.424s][info][gc,phases      ] GC(320)   Post Evacuate Collection Set: 0.94ms
[2029.424s][info][gc,phases      ] GC(320)   Other: 0.09ms
[2029.424s][info][gc,heap        ] GC(320) Eden regions: 1117->0(1120)
[2029.424s][info][gc,heap        ] GC(320) Survivor regions: 111->107(154)
[2029.424s][info][gc,heap        ] GC(320) Old regions: 499->531
[2029.424s][info][gc,heap        ] GC(320) Humongous regions: 80->80
[2029.424s][info][gc,metaspace   ] GC(320) Metaspace: 28946K(29312K)->28946K(29312K) NonClass: 24062K(24256K)->24062K(24256K) Class: 4883K(5056K)->4883K(5056K)
[2029.424s][info][gc             ] GC(320) Pause Young (Prepare Mixed) (G1 Evacuation Pause) 3612M->1435M(4096M) 115.905ms
[2029.424s][info][gc,cpu         ] GC(320) User=0.69s Sys=0.00s Real=0.12s
......[2035.491s][info][gc,start       ] GC(321) Pause Young (Mixed) (G1 Evacuation Pause)
[2035.491s][info][gc,task        ] GC(321) Using 6 workers of 6 for evacuation
[2035.627s][info][gc,phases      ] GC(321)   Pre Evacuate Collection Set: 0.39ms
[2035.627s][info][gc,phases      ] GC(321)   Merge Heap Roots: 0.79ms
[2035.627s][info][gc,phases      ] GC(321)   Evacuate Collection Set: 133.52ms
[2035.627s][info][gc,phases      ] GC(321)   Post Evacuate Collection Set: 0.95ms
[2035.627s][info][gc,phases      ] GC(321)   Other: 0.09ms
[2035.627s][info][gc,heap        ] GC(321) Eden regions: 1120->0(1120)
[2035.627s][info][gc,heap        ] GC(321) Survivor regions: 107->108(154)
[2035.627s][info][gc,heap        ] GC(321) Old regions: 531->469
[2035.627s][info][gc,heap        ] GC(321) Humongous regions: 80->80
[2035.627s][info][gc,metaspace   ] GC(321) Metaspace: 28946K(29312K)->28946K(29312K) NonClass: 24062K(24256K)->24062K(24256K) Class: 4883K(5056K)->4883K(5056K)
[2035.627s][info][gc             ] GC(321) Pause Young (Mixed) (G1 Evacuation Pause) 3675M->1311M(4096M) 135.867ms
[2035.627s][info][gc,cpu         ] GC(321) User=0.81s Sys=0.00s Real=0.14s
......[2041.733s][info][gc,start       ] GC(322) Pause Young (Concurrent Start) (G1 Evacuation Pause)
[2041.734s][info][gc,task        ] GC(322) Using 6 workers of 6 for evacuation
[2041.849s][info][gc,phases      ] GC(322)   Pre Evacuate Collection Set: 0.39ms
[2041.849s][info][gc,phases      ] GC(322)   Merge Heap Roots: 0.48ms
[2041.849s][info][gc,phases      ] GC(322)   Evacuate Collection Set: 114.04ms
[2041.849s][info][gc,phases      ] GC(322)   Post Evacuate Collection Set: 0.89ms
[2041.849s][info][gc,phases      ] GC(322)   Other: 0.10ms
[2041.849s][info][gc,heap        ] GC(322) Eden regions: 1120->0(1120)
[2041.849s][info][gc,heap        ] GC(322) Survivor regions: 108->108(154)
[2041.849s][info][gc,heap        ] GC(322) Old regions: 469->500
[2041.850s][info][gc,heap        ] GC(322) Humongous regions: 80->80
[2041.850s][info][gc,metaspace   ] GC(322) Metaspace: 28946K(29312K)->28946K(29312K) NonClass: 24062K(24256K)->24062K(24256K) Class: 4883K(5056K)->4883K(5056K)
[2041.850s][info][gc             ] GC(322) Pause Young (Concurrent Start) (G1 Evacuation Pause) 3551M->1375M(4096M) 116.054ms
[2041.850s][info][gc             ] GC(323) Concurrent Mark Cycle
[2041.850s][info][gc,marking     ] GC(323) Concurrent Scan Root Regions
[2041.850s][info][gc,cpu         ] GC(322) User=0.69s Sys=0.00s Real=0.11s
[2042.017s][info][gc,marking     ] GC(323) Concurrent Scan Root Regions 167.597ms
[2042.017s][info][gc,marking     ] GC(323) Concurrent Mark
[2042.017s][info][gc,marking     ] GC(323) Concurrent Mark From Roots
[2042.017s][info][gc,task        ] GC(323) Using 2 workers of 2 for marking
.[2042.579s][info][gc,marking     ] GC(323) Concurrent Mark From Roots 562.084ms
[2042.579s][info][gc,marking     ] GC(323) Concurrent Preclean
[2042.579s][info][gc,marking     ] GC(323) Concurrent Preclean 0.050ms
[2042.580s][info][gc,start       ] GC(323) Pause Remark
[2042.583s][info][gc             ] GC(323) Pause Remark 1661M->1661M(4096M) 3.801ms
[2042.583s][info][gc,cpu         ] GC(323) User=0.02s Sys=0.00s Real=0.01s
[2042.583s][info][gc,marking     ] GC(323) Concurrent Mark 566.197ms
[2042.583s][info][gc,marking     ] GC(323) Concurrent Rebuild Remembered Sets and Scrub Regions
[2042.801s][info][gc,marking     ] GC(323) Concurrent Rebuild Remembered Sets and Scrub Regions 217.314ms
[2042.801s][info][gc,start       ] GC(323) Pause Cleanup
[2042.801s][info][gc             ] GC(323) Pause Cleanup 1741M->1741M(4096M) 0.130ms
[2042.801s][info][gc,cpu         ] GC(323) User=0.00s Sys=0.00s Real=0.00s
[2042.801s][info][gc,marking     ] GC(323) Concurrent Clear Claimed Marks
[2042.801s][info][gc,marking     ] GC(323) Concurrent Clear Claimed Marks 0.029ms
[2042.801s][info][gc,marking     ] GC(323) Concurrent Cleanup for Next Mark
[2042.804s][info][gc,marking     ] GC(323) Concurrent Cleanup for Next Mark 3.307ms
[2042.804s][info][gc             ] GC(323) Concurrent Mark Cycle 954.902ms
.....[2047.997s][info][gc,start       ] GC(324) Pause Young (Prepare Mixed) (G1 Evacuation Pause)
[2047.997s][info][gc,task        ] GC(324) Using 6 workers of 6 for evacuation
[2048.113s][info][gc,phases      ] GC(324)   Pre Evacuate Collection Set: 0.35ms
[2048.113s][info][gc,phases      ] GC(324)   Merge Heap Roots: 0.57ms
[2048.113s][info][gc,phases      ] GC(324)   Evacuate Collection Set: 114.65ms
[2048.114s][info][gc,phases      ] GC(324)   Post Evacuate Collection Set: 0.96ms
[2048.114s][info][gc,phases      ] GC(324)   Other: 0.09ms
[2048.114s][info][gc,heap        ] GC(324) Eden regions: 1120->0(1114)
[2048.114s][info][gc,heap        ] GC(324) Survivor regions: 108->109(154)
[2048.114s][info][gc,heap        ] GC(324) Old regions: 500->533
[2048.114s][info][gc,heap        ] GC(324) Humongous regions: 80->80
[2048.114s][info][gc,metaspace   ] GC(324) Metaspace: 28946K(29312K)->28946K(29312K) NonClass: 24062K(24256K)->24062K(24256K) Class: 4883K(5056K)->4883K(5056K)
[2048.114s][info][gc             ] GC(324) Pause Young (Prepare Mixed) (G1 Evacuation Pause) 3615M->1442M(4096M) 116.761ms
[2048.114s][info][gc,cpu         ] GC(324) User=0.69s Sys=0.00s Real=0.12s
......[2054.185s][info][gc,start       ] GC(325) Pause Young (Mixed) (G1 Evacuation Pause)
[2054.185s][info][gc,task        ] GC(325) Using 6 workers of 6 for evacuation
[2054.321s][info][gc,phases      ] GC(325)   Pre Evacuate Collection Set: 0.38ms
[2054.321s][info][gc,phases      ] GC(325)   Merge Heap Roots: 0.63ms
[2054.321s][info][gc,phases      ] GC(325)   Evacuate Collection Set: 133.11ms
[2054.321s][info][gc,phases      ] GC(325)   Post Evacuate Collection Set: 0.96ms
[2054.321s][info][gc,phases      ] GC(325)   Other: 0.09ms
[2054.321s][info][gc,heap        ] GC(325) Eden regions: 1114->0(1119)
[2054.321s][info][gc,heap        ] GC(325) Survivor regions: 109->109(153)
[2054.321s][info][gc,heap        ] GC(325) Old regions: 533->470
[2054.321s][info][gc,heap        ] GC(325) Humongous regions: 80->80
[2054.321s][info][gc,metaspace   ] GC(325) Metaspace: 28946K(29312K)->28946K(29312K) NonClass: 24062K(24256K)->24062K(24256K) Class: 4883K(5056K)->4883K(5056K)
[2054.321s][info][gc             ] GC(325) Pause Young (Mixed) (G1 Evacuation Pause) 3670M->1315M(4096M) 135.302ms
[2054.321s][info][gc,cpu         ] GC(325) User=0.80s Sys=0.00s Real=0.13s
.......[2060.385s][info][gc,start       ] GC(326) Pause Young (Concurrent Start) (G1 Evacuation Pause)
[2060.385s][info][gc,task        ] GC(326) Using 6 workers of 6 for evacuation
[2060.500s][info][gc,phases      ] GC(326)   Pre Evacuate Collection Set: 0.38ms
[2060.500s][info][gc,phases      ] GC(326)   Merge Heap Roots: 0.49ms
[2060.500s][info][gc,phases      ] GC(326)   Evacuate Collection Set: 112.20ms
[2060.500s][info][gc,phases      ] GC(326)   Post Evacuate Collection Set: 0.87ms
[2060.500s][info][gc,phases      ] GC(326)   Other: 0.10ms
[2060.500s][info][gc,heap        ] GC(326) Eden regions: 1119->0(1120)
[2060.500s][info][gc,heap        ] GC(326) Survivor regions: 109->108(154)
[2060.500s][info][gc,heap        ] GC(326) Old regions: 470->501
[2060.500s][info][gc,heap        ] GC(326) Humongous regions: 80->80
[2060.500s][info][gc,metaspace   ] GC(326) Metaspace: 28946K(29312K)->28946K(29312K) NonClass: 24062K(24256K)->24062K(24256K) Class: 4883K(5056K)->4883K(5056K)
[2060.500s][info][gc             ] GC(326) Pause Young (Concurrent Start) (G1 Evacuation Pause) 3553M->1376M(4096M) 114.173ms
[2060.500s][info][gc             ] GC(327) Concurrent Mark Cycle
[2060.500s][info][gc,marking     ] GC(327) Concurrent Scan Root Regions
[2060.500s][info][gc,cpu         ] GC(326) User=0.68s Sys=0.00s Real=0.11s
[2060.617s][info][gc,marking     ] GC(327) Concurrent Scan Root Regions 117.703ms
[2060.617s][info][gc,marking     ] GC(327) Concurrent Mark
[2060.617s][info][gc,marking     ] GC(327) Concurrent Mark From Roots
[2060.617s][info][gc,task        ] GC(327) Using 2 workers of 2 for marking
[2061.194s][info][gc,marking     ] GC(327) Concurrent Mark From Roots 576.411ms
[2061.194s][info][gc,marking     ] GC(327) Concurrent Preclean
[2061.194s][info][gc,marking     ] GC(327) Concurrent Preclean 0.048ms
[2061.194s][info][gc,start       ] GC(327) Pause Remark
[2061.198s][info][gc             ] GC(327) Pause Remark 1659M->1659M(4096M) 3.762ms
[2061.198s][info][gc,cpu         ] GC(327) User=0.02s Sys=0.00s Real=0.00s
[2061.198s][info][gc,marking     ] GC(327) Concurrent Mark 580.498ms
[2061.198s][info][gc,marking     ] GC(327) Concurrent Rebuild Remembered Sets and Scrub Regions
.[2061.423s][info][gc,marking     ] GC(327) Concurrent Rebuild Remembered Sets and Scrub Regions 224.859ms
[2061.423s][info][gc,start       ] GC(327) Pause Cleanup
[2061.423s][info][gc             ] GC(327) Pause Cleanup 1746M->1746M(4096M) 0.130ms
[2061.423s][info][gc,cpu         ] GC(327) User=0.00s Sys=0.00s Real=0.00s
[2061.423s][info][gc,marking     ] GC(327) Concurrent Clear Claimed Marks
[2061.423s][info][gc,marking     ] GC(327) Concurrent Clear Claimed Marks 0.038ms
[2061.423s][info][gc,marking     ] GC(327) Concurrent Cleanup for Next Mark
[2061.427s][info][gc,marking     ] GC(327) Concurrent Cleanup for Next Mark 3.694ms
[2061.427s][info][gc             ] GC(327) Concurrent Mark Cycle 927.255ms
.....[2066.707s][info][gc,start       ] GC(328) Pause Young (Prepare Mixed) (G1 Evacuation Pause)
[2066.707s][info][gc,task        ] GC(328) Using 6 workers of 6 for evacuation
[2066.823s][info][gc,phases      ] GC(328)   Pre Evacuate Collection Set: 0.35ms
[2066.823s][info][gc,phases      ] GC(328)   Merge Heap Roots: 0.62ms
[2066.823s][info][gc,phases      ] GC(328)   Evacuate Collection Set: 114.14ms
[2066.823s][info][gc,phases      ] GC(328)   Post Evacuate Collection Set: 0.93ms
[2066.823s][info][gc,phases      ] GC(328)   Other: 0.08ms
[2066.823s][info][gc,heap        ] GC(328) Eden regions: 1120->0(1114)
[2066.823s][info][gc,heap        ] GC(328) Survivor regions: 108->109(154)
[2066.823s][info][gc,heap        ] GC(328) Old regions: 501->533
[2066.823s][info][gc,heap        ] GC(328) Humongous regions: 80->80
[2066.823s][info][gc,metaspace   ] GC(328) Metaspace: 28946K(29312K)->28946K(29312K) NonClass: 24062K(24256K)->24062K(24256K) Class: 4883K(5056K)->4883K(5056K)
[2066.823s][info][gc             ] GC(328) Pause Young (Prepare Mixed) (G1 Evacuation Pause) 3616M->1442M(4096M) 116.263ms
[2066.823s][info][gc,cpu         ] GC(328) User=0.69s Sys=0.00s Real=0.12s
.... (rIR:aIR:PR = 3044:3042:3042) (tPR = 45515) [OK] 
  2070s: Performance info:
         Transaction,    Success,    Partial,     Failed,   Receipts, AvgBarcode, 
             Overall,     183244,          0,          0,     174086,      59.49, 
         Response times:
             Request,    Success,    Partial,     Failed,   SkipFail,     Probes,    Samples,      min,      p50,      p90,      p95,      p99,      max, 
       TotalPurchase,     174086,          0,          0,          0,     170616,     188585,      300,     2600,     4100,     5000,    18400,   144000,
     InStorePurchase,      91689,          0,          0,          0,      90261,      99639,      300,     2500,     4100,     5000,    18400,   140000,
      OnlinePurchase,      64076,          0,          0,          0,      62745,      69226,      300,     2500,     4100,     4900,    16900,   144000,
        InstPurchase,      18321,          0,          0,          0,      17610,      19720,      400,     3100,     4400,     5500,    22000,   140000,
          AssocOfCat,        183,          0,          0,          0,        125,        178,    19800,    28000,    39000,    43000,    88560,   196000,
      AssocOfProduct,       1831,          0,          0,          0,       1660,       2015,      800,     2700,     4200,     5000,    13220,    49000,
      BusinessReport,        454,          0,          0,          0,        374,        514,    23000,    33000,    43500,    53250,   121850,   182000,
          CustBuyBeh,       1835,          0,          0,          0,       1674,       2011,      200,     1700,     3200,     3900,    11100,    43000,
       ProductReturn,       4855,          0,          0,          0,       4518,       5180,      200,     2200,     4000,     4800,    17476,   139000,

  2070s: (23%)   IR =   3183 ..[2072.792s][info][gc,start       ] GC(329) Pause Young (Mixed) (G1 Evacuation Pause)
[2072.792s][info][gc,task        ] GC(329) Using 6 workers of 6 for evacuation
[2072.927s][info][gc,phases      ] GC(329)   Pre Evacuate Collection Set: 0.38ms
[2072.928s][info][gc,phases      ] GC(329)   Merge Heap Roots: 0.82ms
[2072.928s][info][gc,phases      ] GC(329)   Evacuate Collection Set: 133.47ms
[2072.928s][info][gc,phases      ] GC(329)   Post Evacuate Collection Set: 0.95ms
[2072.928s][info][gc,phases      ] GC(329)   Other: 0.09ms
[2072.928s][info][gc,heap        ] GC(329) Eden regions: 1114->0(1120)
[2072.928s][info][gc,heap        ] GC(329) Survivor regions: 109->108(153)
[2072.928s][info][gc,heap        ] GC(329) Old regions: 533->469
[2072.928s][info][gc,heap        ] GC(329) Humongous regions: 80->80
[2072.928s][info][gc,metaspace   ] GC(329) Metaspace: 28947K(29312K)->28947K(29312K) NonClass: 24063K(24256K)->24063K(24256K) Class: 4883K(5056K)->4883K(5056K)
[2072.928s][info][gc             ] GC(329) Pause Young (Mixed) (G1 Evacuation Pause) 3670M->1312M(4096M) 135.841ms
[2072.928s][info][gc,cpu         ] GC(329) User=0.81s Sys=0.00s Real=0.13s
.....|.[2078.691s][info][gc,start       ] GC(330) Pause Young (Concurrent Start) (G1 Evacuation Pause)
[2078.691s][info][gc,task        ] GC(330) Using 6 workers of 6 for evacuation
[2078.810s][info][gc,phases      ] GC(330)   Pre Evacuate Collection Set: 0.40ms
[2078.810s][info][gc,phases      ] GC(330)   Merge Heap Roots: 0.55ms
[2078.810s][info][gc,phases      ] GC(330)   Evacuate Collection Set: 117.48ms
[2078.810s][info][gc,phases      ] GC(330)   Post Evacuate Collection Set: 0.91ms
[2078.810s][info][gc,phases      ] GC(330)   Other: 0.11ms
[2078.810s][info][gc,heap        ] GC(330) Eden regions: 1120->0(1117)
[2078.810s][info][gc,heap        ] GC(330) Survivor regions: 108->111(154)
[2078.810s][info][gc,heap        ] GC(330) Old regions: 469->502
[2078.810s][info][gc,heap        ] GC(330) Humongous regions: 80->80
[2078.810s][info][gc,metaspace   ] GC(330) Metaspace: 28947K(29312K)->28947K(29312K) NonClass: 24063K(24256K)->24063K(24256K) Class: 4883K(5056K)->4883K(5056K)
[2078.810s][info][gc             ] GC(330) Pause Young (Concurrent Start) (G1 Evacuation Pause) 3552M->1384M(4096M) 119.610ms
[2078.810s][info][gc             ] GC(331) Concurrent Mark Cycle
[2078.810s][info][gc,marking     ] GC(331) Concurrent Scan Root Regions
[2078.810s][info][gc,cpu         ] GC(330) User=0.71s Sys=0.00s Real=0.12s
[2078.953s][info][gc,marking     ] GC(331) Concurrent Scan Root Regions 143.018ms
[2078.954s][info][gc,marking     ] GC(331) Concurrent Mark
[2078.954s][info][gc,marking     ] GC(331) Concurrent Mark From Roots
[2078.954s][info][gc,task        ] GC(331) Using 2 workers of 2 for marking
.[2079.519s][info][gc,marking     ] GC(331) Concurrent Mark From Roots 565.339ms
[2079.519s][info][gc,marking     ] GC(331) Concurrent Preclean
[2079.519s][info][gc,marking     ] GC(331) Concurrent Preclean 0.055ms
[2079.520s][info][gc,start       ] GC(331) Pause Remark
[2079.524s][info][gc             ] GC(331) Pause Remark 1674M->1674M(4096M) 3.720ms
[2079.524s][info][gc,cpu         ] GC(331) User=0.02s Sys=0.00s Real=0.01s
[2079.524s][info][gc,marking     ] GC(331) Concurrent Mark 570.459ms
[2079.524s][info][gc,marking     ] GC(331) Concurrent Rebuild Remembered Sets and Scrub Regions
[2079.747s][info][gc,marking     ] GC(331) Concurrent Rebuild Remembered Sets and Scrub Regions 222.965ms
[2079.747s][info][gc,start       ] GC(331) Pause Cleanup
[2079.747s][info][gc             ] GC(331) Pause Cleanup 1760M->1760M(4096M) 0.117ms
[2079.747s][info][gc,cpu         ] GC(331) User=0.00s Sys=0.00s Real=0.00s
[2079.747s][info][gc,marking     ] GC(331) Concurrent Clear Claimed Marks
[2079.747s][info][gc,marking     ] GC(331) Concurrent Clear Claimed Marks 0.032ms
[2079.747s][info][gc,marking     ] GC(331) Concurrent Cleanup for Next Mark
[2079.750s][info][gc,marking     ] GC(331) Concurrent Cleanup for Next Mark 3.177ms
[2079.751s][info][gc             ] GC(331) Concurrent Mark Cycle 940.066ms
.....[2084.699s][info][gc,start       ] GC(332) Pause Young (Prepare Mixed) (G1 Evacuation Pause)
[2084.699s][info][gc,task        ] GC(332) Using 6 workers of 6 for evacuation
[2084.815s][info][gc,phases      ] GC(332)   Pre Evacuate Collection Set: 0.35ms
[2084.815s][info][gc,phases      ] GC(332)   Merge Heap Roots: 0.57ms
[2084.815s][info][gc,phases      ] GC(332)   Evacuate Collection Set: 113.69ms
[2084.815s][info][gc,phases      ] GC(332)   Post Evacuate Collection Set: 0.96ms
[2084.815s][info][gc,phases      ] GC(332)   Other: 0.09ms
[2084.815s][info][gc,heap        ] GC(332) Eden regions: 1117->0(1114)
[2084.815s][info][gc,heap        ] GC(332) Survivor regions: 111->109(154)
[2084.815s][info][gc,heap        ] GC(332) Old regions: 502->533
[2084.815s][info][gc,heap        ] GC(332) Humongous regions: 80->80
[2084.815s][info][gc,metaspace   ] GC(332) Metaspace: 28948K(29312K)->28948K(29312K) NonClass: 24064K(24256K)->24064K(24256K) Class: 4883K(5056K)->4883K(5056K)
[2084.815s][info][gc             ] GC(332) Pause Young (Prepare Mixed) (G1 Evacuation Pause) 3618M->1442M(4096M) 115.806ms
[2084.815s][info][gc,cpu         ] GC(332) User=0.68s Sys=0.00s Real=0.12s
......[2090.615s][info][gc,start       ] GC(333) Pause Young (Mixed) (G1 Evacuation Pause)
[2090.615s][info][gc,task        ] GC(333) Using 6 workers of 6 for evacuation
[2090.752s][info][gc,phases      ] GC(333)   Pre Evacuate Collection Set: 0.36ms
[2090.752s][info][gc,phases      ] GC(333)   Merge Heap Roots: 0.70ms
[2090.752s][info][gc,phases      ] GC(333)   Evacuate Collection Set: 134.43ms
[2090.752s][info][gc,phases      ] GC(333)   Post Evacuate Collection Set: 0.96ms
[2090.752s][info][gc,phases      ] GC(333)   Other: 0.09ms
[2090.752s][info][gc,heap        ] GC(333) Eden regions: 1114->0(1118)
[2090.752s][info][gc,heap        ] GC(333) Survivor regions: 109->110(153)
[2090.752s][info][gc,heap        ] GC(333) Old regions: 533->470
[2090.752s][info][gc,heap        ] GC(333) Humongous regions: 80->80
[2090.752s][info][gc,metaspace   ] GC(333) Metaspace: 28948K(29312K)->28948K(29312K) NonClass: 24064K(24256K)->24064K(24256K) Class: 4883K(5056K)->4883K(5056K)
[2090.752s][info][gc             ] GC(333) Pause Young (Mixed) (G1 Evacuation Pause) 3670M->1318M(4096M) 136.680ms
[2090.752s][info][gc,cpu         ] GC(333) User=0.82s Sys=0.00s Real=0.14s
......[2096.598s][info][gc,start       ] GC(334) Pause Young (Concurrent Start) (G1 Evacuation Pause)
[2096.598s][info][gc,task        ] GC(334) Using 6 workers of 6 for evacuation
[2096.714s][info][gc,phases      ] GC(334)   Pre Evacuate Collection Set: 0.38ms
[2096.714s][info][gc,phases      ] GC(334)   Merge Heap Roots: 0.49ms
[2096.714s][info][gc,phases      ] GC(334)   Evacuate Collection Set: 114.00ms
[2096.714s][info][gc,phases      ] GC(334)   Post Evacuate Collection Set: 0.86ms
[2096.714s][info][gc,phases      ] GC(334)   Other: 0.13ms
[2096.714s][info][gc,heap        ] GC(334) Eden regions: 1118->0(1120)
[2096.714s][info][gc,heap        ] GC(334) Survivor regions: 110->108(154)
[2096.714s][info][gc,heap        ] GC(334) Old regions: 470->502
[2096.714s][info][gc,heap        ] GC(334) Humongous regions: 80->80
[2096.714s][info][gc,metaspace   ] GC(334) Metaspace: 28948K(29312K)->28948K(29312K) NonClass: 24064K(24256K)->24064K(24256K) Class: 4883K(5056K)->4883K(5056K)
[2096.714s][info][gc             ] GC(334) Pause Young (Concurrent Start) (G1 Evacuation Pause) 3554M->1379M(4096M) 116.004ms
[2096.714s][info][gc             ] GC(335) Concurrent Mark Cycle
[2096.714s][info][gc,marking     ] GC(335) Concurrent Scan Root Regions
[2096.714s][info][gc,cpu         ] GC(334) User=0.69s Sys=0.00s Real=0.12s
[2096.874s][info][gc,marking     ] GC(335) Concurrent Scan Root Regions 160.025ms
[2096.874s][info][gc,marking     ] GC(335) Concurrent Mark
[2096.874s][info][gc,marking     ] GC(335) Concurrent Mark From Roots
[2096.874s][info][gc,task        ] GC(335) Using 2 workers of 2 for marking
.[2097.485s][info][gc,marking     ] GC(335) Concurrent Mark From Roots 611.412ms
[2097.485s][info][gc,marking     ] GC(335) Concurrent Preclean
[2097.486s][info][gc,marking     ] GC(335) Concurrent Preclean 0.055ms
[2097.486s][info][gc,start       ] GC(335) Pause Remark
[2097.489s][info][gc             ] GC(335) Pause Remark 1700M->1700M(4096M) 3.332ms
[2097.489s][info][gc,cpu         ] GC(335) User=0.02s Sys=0.00s Real=0.00s
[2097.489s][info][gc,marking     ] GC(335) Concurrent Mark 615.042ms
[2097.489s][info][gc,marking     ] GC(335) Concurrent Rebuild Remembered Sets and Scrub Regions
[2097.715s][info][gc,marking     ] GC(335) Concurrent Rebuild Remembered Sets and Scrub Regions 226.418ms
[2097.716s][info][gc,start       ] GC(335) Pause Cleanup
[2097.716s][info][gc             ] GC(335) Pause Cleanup 1795M->1795M(4096M) 0.130ms
[2097.716s][info][gc,cpu         ] GC(335) User=0.00s Sys=0.00s Real=0.00s
[2097.716s][info][gc,marking     ] GC(335) Concurrent Clear Claimed Marks
[2097.716s][info][gc,marking     ] GC(335) Concurrent Clear Claimed Marks 0.032ms
[2097.716s][info][gc,marking     ] GC(335) Concurrent Cleanup for Next Mark
[2097.719s][info][gc,marking     ] GC(335) Concurrent Cleanup for Next Mark 3.285ms
[2097.719s][info][gc             ] GC(335) Concurrent Mark Cycle 1005.270ms
.....[2102.522s][info][gc,start       ] GC(336) Pause Young (Prepare Mixed) (G1 Evacuation Pause)
[2102.522s][info][gc,task        ] GC(336) Using 6 workers of 6 for evacuation
[2102.638s][info][gc,phases      ] GC(336)   Pre Evacuate Collection Set: 0.37ms
[2102.638s][info][gc,phases      ] GC(336)   Merge Heap Roots: 0.63ms
[2102.638s][info][gc,phases      ] GC(336)   Evacuate Collection Set: 113.60ms
[2102.638s][info][gc,phases      ] GC(336)   Post Evacuate Collection Set: 0.91ms
[2102.638s][info][gc,phases      ] GC(336)   Other: 0.08ms
[2102.638s][info][gc,heap        ] GC(336) Eden regions: 1120->0(1114)
[2102.638s][info][gc,heap        ] GC(336) Survivor regions: 108->109(154)
[2102.638s][info][gc,heap        ] GC(336) Old regions: 502->533
[2102.638s][info][gc,heap        ] GC(336) Humongous regions: 80->80
[2102.638s][info][gc,metaspace   ] GC(336) Metaspace: 28948K(29312K)->28948K(29312K) NonClass: 24064K(24256K)->24064K(24256K) Class: 4883K(5056K)->4883K(5056K)
[2102.638s][info][gc             ] GC(336) Pause Young (Prepare Mixed) (G1 Evacuation Pause) 3619M->1442M(4096M) 115.717ms
[2102.638s][info][gc,cpu         ] GC(336) User=0.69s Sys=0.00s Real=0.11s
......[2108.462s][info][gc,start       ] GC(337) Pause Young (Mixed) (G1 Evacuation Pause)
[2108.462s][info][gc,task        ] GC(337) Using 6 workers of 6 for evacuation
[2108.598s][info][gc,phases      ] GC(337)   Pre Evacuate Collection Set: 0.38ms
[2108.598s][info][gc,phases      ] GC(337)   Merge Heap Roots: 0.74ms
[2108.598s][info][gc,phases      ] GC(337)   Evacuate Collection Set: 133.65ms
[2108.598s][info][gc,phases      ] GC(337)   Post Evacuate Collection Set: 0.97ms
[2108.598s][info][gc,phases      ] GC(337)   Other: 0.09ms
[2108.598s][info][gc,heap        ] GC(337) Eden regions: 1114->0(1120)
[2108.598s][info][gc,heap        ] GC(337) Survivor regions: 109->108(153)
[2108.598s][info][gc,heap        ] GC(337) Old regions: 533->470
[2108.598s][info][gc,heap        ] GC(337) Humongous regions: 80->80
[2108.598s][info][gc,metaspace   ] GC(337) Metaspace: 28948K(29312K)->28948K(29312K) NonClass: 24064K(24256K)->24064K(24256K) Class: 4883K(5056K)->4883K(5056K)
[2108.598s][info][gc             ] GC(337) Pause Young (Mixed) (G1 Evacuation Pause) 3670M->1313M(4096M) 135.971ms
[2108.598s][info][gc,cpu         ] GC(337) User=0.81s Sys=0.00s Real=0.13s
......[2114.486s][info][gc,start       ] GC(338) Pause Young (Concurrent Start) (G1 Evacuation Pause)
[2114.487s][info][gc,task        ] GC(338) Using 6 workers of 6 for evacuation
[2114.603s][info][gc,phases      ] GC(338)   Pre Evacuate Collection Set: 0.41ms
[2114.603s][info][gc,phases      ] GC(338)   Merge Heap Roots: 0.48ms
[2114.603s][info][gc,phases      ] GC(338)   Evacuate Collection Set: 114.36ms
[2114.603s][info][gc,phases      ] GC(338)   Post Evacuate Collection Set: 0.91ms
[2114.603s][info][gc,phases      ] GC(338)   Other: 0.12ms
[2114.603s][info][gc,heap        ] GC(338) Eden regions: 1120->0(1119)
[2114.603s][info][gc,heap        ] GC(338) Survivor regions: 108->109(154)
[2114.603s][info][gc,heap        ] GC(338) Old regions: 470->501
[2114.603s][info][gc,heap        ] GC(338) Humongous regions: 80->80
[2114.603s][info][gc,metaspace   ] GC(338) Metaspace: 28948K(29312K)->28948K(29312K) NonClass: 24064K(24256K)->24064K(24256K) Class: 4883K(5056K)->4883K(5056K)
[2114.603s][info][gc             ] GC(338) Pause Young (Concurrent Start) (G1 Evacuation Pause) 3553M->1378M(4096M) 116.420ms
[2114.603s][info][gc             ] GC(339) Concurrent Mark Cycle
[2114.603s][info][gc,marking     ] GC(339) Concurrent Scan Root Regions
[2114.603s][info][gc,cpu         ] GC(338) User=0.69s Sys=0.00s Real=0.12s
[2114.787s][info][gc,marking     ] GC(339) Concurrent Scan Root Regions 183.540ms
[2114.787s][info][gc,marking     ] GC(339) Concurrent Mark
[2114.787s][info][gc,marking     ] GC(339) Concurrent Mark From Roots
[2114.787s][info][gc,task        ] GC(339) Using 2 workers of 2 for marking
[2115.367s][info][gc,marking     ] GC(339) Concurrent Mark From Roots 580.824ms
[2115.367s][info][gc,marking     ] GC(339) Concurrent Preclean
[2115.367s][info][gc,marking     ] GC(339) Concurrent Preclean 0.051ms
[2115.368s][info][gc,start       ] GC(339) Pause Remark
[2115.372s][info][gc             ] GC(339) Pause Remark 1745M->1745M(4096M) 4.161ms
[2115.372s][info][gc,cpu         ] GC(339) User=0.02s Sys=0.01s Real=0.01s
[2115.372s][info][gc,marking     ] GC(339) Concurrent Mark 585.822ms
[2115.372s][info][gc,marking     ] GC(339) Concurrent Rebuild Remembered Sets and Scrub Regions
.[2115.637s][info][gc,marking     ] GC(339) Concurrent Rebuild Remembered Sets and Scrub Regions 265.051ms
[2115.638s][info][gc,start       ] GC(339) Pause Cleanup
[2115.638s][info][gc             ] GC(339) Pause Cleanup 1831M->1831M(4096M) 0.122ms
[2115.638s][info][gc,cpu         ] GC(339) User=0.00s Sys=0.00s Real=0.00s
[2115.638s][info][gc,marking     ] GC(339) Concurrent Clear Claimed Marks
[2115.638s][info][gc,marking     ] GC(339) Concurrent Clear Claimed Marks 0.031ms
[2115.638s][info][gc,marking     ] GC(339) Concurrent Cleanup for Next Mark
[2115.641s][info][gc,marking     ] GC(339) Concurrent Cleanup for Next Mark 3.300ms
[2115.641s][info][gc             ] GC(339) Concurrent Mark Cycle 1038.236ms
....[2120.365s][info][gc,start       ] GC(340) Pause Young (Prepare Mixed) (G1 Evacuation Pause)
[2120.365s][info][gc,task        ] GC(340) Using 6 workers of 6 for evacuation
[2120.481s][info][gc,phases      ] GC(340)   Pre Evacuate Collection Set: 0.33ms
[2120.481s][info][gc,phases      ] GC(340)   Merge Heap Roots: 0.61ms
[2120.481s][info][gc,phases      ] GC(340)   Evacuate Collection Set: 114.12ms
[2120.481s][info][gc,phases      ] GC(340)   Post Evacuate Collection Set: 0.93ms
[2120.481s][info][gc,phases      ] GC(340)   Other: 0.09ms
[2120.481s][info][gc,heap        ] GC(340) Eden regions: 1119->0(1116)
[2120.481s][info][gc,heap        ] GC(340) Survivor regions: 109->108(154)
[2120.481s][info][gc,heap        ] GC(340) Old regions: 501->533
[2120.481s][info][gc,heap        ] GC(340) Humongous regions: 80->80
[2120.481s][info][gc,metaspace   ] GC(340) Metaspace: 28948K(29312K)->28948K(29312K) NonClass: 24064K(24256K)->24064K(24256K) Class: 4883K(5056K)->4883K(5056K)
[2120.481s][info][gc             ] GC(340) Pause Young (Prepare Mixed) (G1 Evacuation Pause) 3616M->1441M(4096M) 116.220ms
[2120.481s][info][gc,cpu         ] GC(340) User=0.69s Sys=0.01s Real=0.12s
......[2126.311s][info][gc,start       ] GC(341) Pause Young (Mixed) (G1 Evacuation Pause)
[2126.311s][info][gc,task        ] GC(341) Using 6 workers of 6 for evacuation
[2126.440s][info][gc,phases      ] GC(341)   Pre Evacuate Collection Set: 0.37ms
[2126.440s][info][gc,phases      ] GC(341)   Merge Heap Roots: 0.65ms
[2126.440s][info][gc,phases      ] GC(341)   Evacuate Collection Set: 126.47ms
[2126.440s][info][gc,phases      ] GC(341)   Post Evacuate Collection Set: 0.97ms
[2126.440s][info][gc,phases      ] GC(341)   Other: 0.08ms
[2126.440s][info][gc,heap        ] GC(341) Eden regions: 1116->0(1119)
[2126.440s][info][gc,heap        ] GC(341) Survivor regions: 108->109(153)
[2126.440s][info][gc,heap        ] GC(341) Old regions: 533->469
[2126.440s][info][gc,heap        ] GC(341) Humongous regions: 80->80
[2126.440s][info][gc,metaspace   ] GC(341) Metaspace: 28948K(29312K)->28948K(29312K) NonClass: 24064K(24256K)->24064K(24256K) Class: 4883K(5056K)->4883K(5056K)
[2126.440s][info][gc             ] GC(341) Pause Young (Mixed) (G1 Evacuation Pause) 3673M->1314M(4096M) 128.670ms
[2126.440s][info][gc,cpu         ] GC(341) User=0.76s Sys=0.00s Real=0.12s
......[2132.284s][info][gc,start       ] GC(342) Pause Young (Concurrent Start) (G1 Evacuation Pause)
[2132.284s][info][gc,task        ] GC(342) Using 6 workers of 6 for evacuation
[2132.399s][info][gc,phases      ] GC(342)   Pre Evacuate Collection Set: 0.40ms
[2132.399s][info][gc,phases      ] GC(342)   Merge Heap Roots: 0.51ms
[2132.399s][info][gc,phases      ] GC(342)   Evacuate Collection Set: 112.54ms
[2132.399s][info][gc,phases      ] GC(342)   Post Evacuate Collection Set: 0.88ms
[2132.399s][info][gc,phases      ] GC(342)   Other: 0.13ms
[2132.399s][info][gc,heap        ] GC(342) Eden regions: 1119->0(1120)
[2132.399s][info][gc,heap        ] GC(342) Survivor regions: 109->108(154)
[2132.399s][info][gc,heap        ] GC(342) Old regions: 469->500
[2132.399s][info][gc,heap        ] GC(342) Humongous regions: 80->80
[2132.399s][info][gc,metaspace   ] GC(342) Metaspace: 28948K(29312K)->28948K(29312K) NonClass: 24064K(24256K)->24064K(24256K) Class: 4883K(5056K)->4883K(5056K)
[2132.399s][info][gc             ] GC(342) Pause Young (Concurrent Start) (G1 Evacuation Pause) 3552M->1375M(4096M) 114.588ms
[2132.399s][info][gc             ] GC(343) Concurrent Mark Cycle
[2132.399s][info][gc,marking     ] GC(343) Concurrent Scan Root Regions
[2132.399s][info][gc,cpu         ] GC(342) User=0.68s Sys=0.00s Real=0.11s
.[2132.537s][info][gc,marking     ] GC(343) Concurrent Scan Root Regions 137.947ms
[2132.537s][info][gc,marking     ] GC(343) Concurrent Mark
[2132.537s][info][gc,marking     ] GC(343) Concurrent Mark From Roots
[2132.537s][info][gc,task        ] GC(343) Using 2 workers of 2 for marking
[2133.216s][info][gc,marking     ] GC(343) Concurrent Mark From Roots 678.921ms
[2133.216s][info][gc,marking     ] GC(343) Concurrent Preclean
[2133.216s][info][gc,marking     ] GC(343) Concurrent Preclean 0.043ms
[2133.216s][info][gc,start       ] GC(343) Pause Remark
[2133.220s][info][gc             ] GC(343) Pause Remark 1765M->1765M(4096M) 4.152ms
[2133.220s][info][gc,cpu         ] GC(343) User=0.03s Sys=0.00s Real=0.00s
[2133.220s][info][gc,marking     ] GC(343) Concurrent Mark 683.388ms
[2133.220s][info][gc,marking     ] GC(343) Concurrent Rebuild Remembered Sets and Scrub Regions
.[2133.570s][info][gc,marking     ] GC(343) Concurrent Rebuild Remembered Sets and Scrub Regions 349.803ms
[2133.570s][info][gc,start       ] GC(343) Pause Cleanup
[2133.570s][info][gc             ] GC(343) Pause Cleanup 1880M->1880M(4096M) 0.125ms
[2133.570s][info][gc,cpu         ] GC(343) User=0.00s Sys=0.00s Real=0.00s
[2133.570s][info][gc,marking     ] GC(343) Concurrent Clear Claimed Marks
[2133.570s][info][gc,marking     ] GC(343) Concurrent Clear Claimed Marks 0.029ms
[2133.570s][info][gc,marking     ] GC(343) Concurrent Cleanup for Next Mark
[2133.574s][info][gc,marking     ] GC(343) Concurrent Cleanup for Next Mark 3.294ms
[2133.574s][info][gc             ] GC(343) Concurrent Mark Cycle 1174.940ms
.... (rIR:aIR:PR = 3183:3182:3182) (tPR = 46989) [OK] 
  2137s: Performance info:
         Transaction,    Success,    Partial,     Failed,   Receipts, AvgBarcode, 
             Overall,     191324,          0,          0,     181764,      59.48, 
         Response times:
             Request,    Success,    Partial,     Failed,   SkipFail,     Probes,    Samples,      min,      p50,      p90,      p95,      p99,      max, 
       TotalPurchase,     181764,          0,          0,          0,     177935,     200206,      300,     2700,     4500,     5500,    28000,   191000,
     InStorePurchase,      95635,          0,          0,          0,      93780,     105326,      300,     2500,     4400,     5400,    27000,   191000,
      OnlinePurchase,      67006,          0,          0,          0,      65635,      73687,      300,     2900,     4600,     5700,    30000,   161000,
        InstPurchase,      19123,          0,          0,          0,      18520,      21193,      400,     2800,     4500,     5500,    28000,   153000,
          AssocOfCat,        192,          0,          0,          0,        137,        201,    21000,    29000,    37800,    44900,    76820,    90000,
      AssocOfProduct,       1909,          0,          0,          0,       1734,       2121,      400,     2000,     4000,     4890,    26680,   140000,
      BusinessReport,        477,          0,          0,          0,        394,        534,    21000,    32000,    47000,    54250,   154650,   239000,
          CustBuyBeh,       1913,          0,          0,          0,       1721,       2124,      200,     1900,     3900,     4800,    20300,   142000,
       ProductReturn,       5069,          0,          0,          0,       4760,       5579,      200,     1500,     4100,     5000,    15920,   142000,

  2137s: (24%)   IR =   3321 [2138.263s][info][gc,start       ] GC(344) Pause Young (Prepare Mixed) (G1 Evacuation Pause)
[2138.263s][info][gc,task        ] GC(344) Using 6 workers of 6 for evacuation
[2138.379s][info][gc,phases      ] GC(344)   Pre Evacuate Collection Set: 0.32ms
[2138.379s][info][gc,phases      ] GC(344)   Merge Heap Roots: 0.61ms
[2138.379s][info][gc,phases      ] GC(344)   Evacuate Collection Set: 113.72ms
[2138.379s][info][gc,phases      ] GC(344)   Post Evacuate Collection Set: 0.89ms
[2138.379s][info][gc,phases      ] GC(344)   Other: 0.09ms
[2138.379s][info][gc,heap        ] GC(344) Eden regions: 1120->0(1117)
[2138.379s][info][gc,heap        ] GC(344) Survivor regions: 108->108(154)
[2138.379s][info][gc,heap        ] GC(344) Old regions: 500->532
[2138.379s][info][gc,heap        ] GC(344) Humongous regions: 80->80
[2138.379s][info][gc,metaspace   ] GC(344) Metaspace: 28948K(29312K)->28948K(29312K) NonClass: 24064K(24256K)->24064K(24256K) Class: 4883K(5056K)->4883K(5056K)
[2138.379s][info][gc             ] GC(344) Pause Young (Prepare Mixed) (G1 Evacuation Pause) 3615M->1438M(4096M) 115.768ms
[2138.379s][info][gc,cpu         ] GC(344) User=0.69s Sys=0.00s Real=0.11s
.....|.[2143.926s][info][gc,start       ] GC(345) Pause Young (Mixed) (G1 Evacuation Pause)
[2143.926s][info][gc,task        ] GC(345) Using 6 workers of 6 for evacuation
[2144.056s][info][gc,phases      ] GC(345)   Pre Evacuate Collection Set: 0.39ms
[2144.056s][info][gc,phases      ] GC(345)   Merge Heap Roots: 0.61ms
[2144.056s][info][gc,phases      ] GC(345)   Evacuate Collection Set: 128.17ms
[2144.056s][info][gc,phases      ] GC(345)   Post Evacuate Collection Set: 0.97ms
[2144.056s][info][gc,phases      ] GC(345)   Other: 0.09ms
[2144.056s][info][gc,heap        ] GC(345) Eden regions: 1117->0(1119)
[2144.056s][info][gc,heap        ] GC(345) Survivor regions: 108->109(154)
[2144.056s][info][gc,heap        ] GC(345) Old regions: 532->468
[2144.056s][info][gc,heap        ] GC(345) Humongous regions: 80->80
[2144.056s][info][gc,metaspace   ] GC(345) Metaspace: 28948K(29312K)->28948K(29312K) NonClass: 24064K(24256K)->24064K(24256K) Class: 4883K(5056K)->4883K(5056K)
[2144.056s][info][gc             ] GC(345) Pause Young (Mixed) (G1 Evacuation Pause) 3672M->1312M(4096M) 130.387ms
[2144.056s][info][gc,cpu         ] GC(345) User=0.78s Sys=0.00s Real=0.13s
......[2149.649s][info][gc,start       ] GC(346) Pause Young (Concurrent Start) (G1 Evacuation Pause)
[2149.649s][info][gc,task        ] GC(346) Using 6 workers of 6 for evacuation
[2149.772s][info][gc,phases      ] GC(346)   Pre Evacuate Collection Set: 0.41ms
[2149.772s][info][gc,phases      ] GC(346)   Merge Heap Roots: 0.49ms
[2149.772s][info][gc,phases      ] GC(346)   Evacuate Collection Set: 120.79ms
[2149.772s][info][gc,phases      ] GC(346)   Post Evacuate Collection Set: 0.88ms
[2149.772s][info][gc,phases      ] GC(346)   Other: 0.13ms
[2149.772s][info][gc,heap        ] GC(346) Eden regions: 1119->0(1116)
[2149.772s][info][gc,heap        ] GC(346) Survivor regions: 109->112(154)
[2149.772s][info][gc,heap        ] GC(346) Old regions: 468->500
[2149.772s][info][gc,heap        ] GC(346) Humongous regions: 80->80
[2149.772s][info][gc,metaspace   ] GC(346) Metaspace: 28948K(29312K)->28948K(29312K) NonClass: 24064K(24256K)->24064K(24256K) Class: 4883K(5056K)->4883K(5056K)
[2149.772s][info][gc             ] GC(346) Pause Young (Concurrent Start) (G1 Evacuation Pause) 3550M->1383M(4096M) 122.815ms
[2149.772s][info][gc             ] GC(347) Concurrent Mark Cycle
[2149.772s][info][gc,marking     ] GC(347) Concurrent Scan Root Regions
[2149.772s][info][gc,cpu         ] GC(346) User=0.73s Sys=0.00s Real=0.13s
[2149.958s][info][gc,marking     ] GC(347) Concurrent Scan Root Regions 185.873ms
[2149.958s][info][gc,marking     ] GC(347) Concurrent Mark
[2149.958s][info][gc,marking     ] GC(347) Concurrent Mark From Roots
[2149.958s][info][gc,task        ] GC(347) Using 2 workers of 2 for marking
.[2150.867s][info][gc,marking     ] GC(347) Concurrent Mark From Roots 909.202ms
[2150.867s][info][gc,marking     ] GC(347) Concurrent Preclean
[2150.868s][info][gc,marking     ] GC(347) Concurrent Preclean 0.072ms
[2150.868s][info][gc,start       ] GC(347) Pause Remark
[2150.872s][info][gc             ] GC(347) Pause Remark 1883M->1883M(4096M) 4.790ms
[2150.872s][info][gc,cpu         ] GC(347) User=0.03s Sys=0.00s Real=0.01s
[2150.873s][info][gc,marking     ] GC(347) Concurrent Mark 914.335ms
[2150.873s][info][gc,marking     ] GC(347) Concurrent Rebuild Remembered Sets and Scrub Regions
[2151.097s][info][gc,marking     ] GC(347) Concurrent Rebuild Remembered Sets and Scrub Regions 224.937ms
[2151.098s][info][gc,start       ] GC(347) Pause Cleanup
[2151.098s][info][gc             ] GC(347) Pause Cleanup 1973M->1973M(4096M) 0.132ms
[2151.098s][info][gc,cpu         ] GC(347) User=0.00s Sys=0.00s Real=0.00s
[2151.098s][info][gc,marking     ] GC(347) Concurrent Clear Claimed Marks
[2151.098s][info][gc,marking     ] GC(347) Concurrent Clear Claimed Marks 0.038ms
[2151.098s][info][gc,marking     ] GC(347) Concurrent Cleanup for Next Mark
[2151.102s][info][gc,marking     ] GC(347) Concurrent Cleanup for Next Mark 3.973ms
[2151.102s][info][gc             ] GC(347) Concurrent Mark Cycle 1330.041ms
....[2155.332s][info][gc,start       ] GC(348) Pause Young (Prepare Mixed) (G1 Evacuation Pause)
[2155.332s][info][gc,task        ] GC(348) Using 6 workers of 6 for evacuation
[2155.447s][info][gc,phases      ] GC(348)   Pre Evacuate Collection Set: 0.38ms
[2155.447s][info][gc,phases      ] GC(348)   Merge Heap Roots: 0.54ms
[2155.447s][info][gc,phases      ] GC(348)   Evacuate Collection Set: 113.10ms
[2155.447s][info][gc,phases      ] GC(348)   Post Evacuate Collection Set: 0.96ms
[2155.447s][info][gc,phases      ] GC(348)   Other: 0.09ms
[2155.447s][info][gc,heap        ] GC(348) Eden regions: 1116->0(1116)
[2155.447s][info][gc,heap        ] GC(348) Survivor regions: 112->109(154)
[2155.447s][info][gc,heap        ] GC(348) Old regions: 500->531
[2155.447s][info][gc,heap        ] GC(348) Humongous regions: 80->80
[2155.447s][info][gc,metaspace   ] GC(348) Metaspace: 28948K(29312K)->28948K(29312K) NonClass: 24064K(24256K)->24064K(24256K) Class: 4883K(5056K)->4883K(5056K)
[2155.447s][info][gc             ] GC(348) Pause Young (Prepare Mixed) (G1 Evacuation Pause) 3615M->1438M(4096M) 115.216ms
[2155.447s][info][gc,cpu         ] GC(348) User=0.68s Sys=0.00s Real=0.11s
......[2161.029s][info][gc,start       ] GC(349) Pause Young (Mixed) (G1 Evacuation Pause)
[2161.029s][info][gc,task        ] GC(349) Using 6 workers of 6 for evacuation
[2161.166s][info][gc,phases      ] GC(349)   Pre Evacuate Collection Set: 0.42ms
[2161.166s][info][gc,phases      ] GC(349)   Merge Heap Roots: 0.76ms
[2161.166s][info][gc,phases      ] GC(349)   Evacuate Collection Set: 135.14ms
[2161.167s][info][gc,phases      ] GC(349)   Post Evacuate Collection Set: 0.99ms
[2161.167s][info][gc,phases      ] GC(349)   Other: 0.10ms
[2161.167s][info][gc,heap        ] GC(349) Eden regions: 1116->0(1119)
[2161.167s][info][gc,heap        ] GC(349) Survivor regions: 109->109(154)
[2161.167s][info][gc,heap        ] GC(349) Old regions: 531->468
[2161.167s][info][gc,heap        ] GC(349) Humongous regions: 80->80
[2161.167s][info][gc,metaspace   ] GC(349) Metaspace: 28948K(29312K)->28948K(29312K) NonClass: 24064K(24256K)->24064K(24256K) Class: 4883K(5056K)->4883K(5056K)
[2161.167s][info][gc             ] GC(349) Pause Young (Mixed) (G1 Evacuation Pause) 3670M->1312M(4096M) 137.556ms
[2161.167s][info][gc,cpu         ] GC(349) User=0.82s Sys=0.00s Real=0.14s
......[2166.693s][info][gc,start       ] GC(350) Pause Young (Concurrent Start) (G1 Evacuation Pause)
[2166.693s][info][gc,task        ] GC(350) Using 6 workers of 6 for evacuation
[2166.810s][info][gc,phases      ] GC(350)   Pre Evacuate Collection Set: 0.40ms
[2166.810s][info][gc,phases      ] GC(350)   Merge Heap Roots: 0.49ms
[2166.810s][info][gc,phases      ] GC(350)   Evacuate Collection Set: 114.99ms
[2166.810s][info][gc,phases      ] GC(350)   Post Evacuate Collection Set: 0.88ms
[2166.810s][info][gc,phases      ] GC(350)   Other: 0.10ms
[2166.810s][info][gc,heap        ] GC(350) Eden regions: 1119->0(1120)
[2166.810s][info][gc,heap        ] GC(350) Survivor regions: 109->108(154)
[2166.810s][info][gc,heap        ] GC(350) Old regions: 468->500
[2166.810s][info][gc,heap        ] GC(350) Humongous regions: 80->80
[2166.810s][info][gc,metaspace   ] GC(350) Metaspace: 28948K(29312K)->28948K(29312K) NonClass: 24064K(24256K)->24064K(24256K) Class: 4883K(5056K)->4883K(5056K)
[2166.810s][info][gc             ] GC(350) Pause Young (Concurrent Start) (G1 Evacuation Pause) 3550M->1375M(4096M) 116.987ms
[2166.810s][info][gc             ] GC(351) Concurrent Mark Cycle
[2166.810s][info][gc,marking     ] GC(351) Concurrent Scan Root Regions
[2166.810s][info][gc,cpu         ] GC(350) User=0.69s Sys=0.00s Real=0.11s
[2166.950s][info][gc,marking     ] GC(351) Concurrent Scan Root Regions 140.206ms
[2166.950s][info][gc,marking     ] GC(351) Concurrent Mark
[2166.950s][info][gc,marking     ] GC(351) Concurrent Mark From Roots
[2166.950s][info][gc,task        ] GC(351) Using 2 workers of 2 for marking
[2167.521s][info][gc,marking     ] GC(351) Concurrent Mark From Roots 570.645ms
[2167.521s][info][gc,marking     ] GC(351) Concurrent Preclean
[2167.521s][info][gc,marking     ] GC(351) Concurrent Preclean 0.043ms
[2167.521s][info][gc,start       ] GC(351) Pause Remark
[2167.525s][info][gc             ] GC(351) Pause Remark 1689M->1689M(4096M) 3.695ms
[2167.525s][info][gc,cpu         ] GC(351) User=0.02s Sys=0.00s Real=0.01s
[2167.525s][info][gc,marking     ] GC(351) Concurrent Mark 574.634ms
[2167.525s][info][gc,marking     ] GC(351) Concurrent Rebuild Remembered Sets and Scrub Regions
.[2167.748s][info][gc,marking     ] GC(351) Concurrent Rebuild Remembered Sets and Scrub Regions 223.702ms
[2167.749s][info][gc,start       ] GC(351) Pause Cleanup
[2167.749s][info][gc             ] GC(351) Pause Cleanup 1776M->1776M(4096M) 0.134ms
[2167.749s][info][gc,cpu         ] GC(351) User=0.01s Sys=0.00s Real=0.00s
[2167.749s][info][gc,marking     ] GC(351) Concurrent Clear Claimed Marks
[2167.749s][info][gc,marking     ] GC(351) Concurrent Clear Claimed Marks 0.027ms
[2167.749s][info][gc,marking     ] GC(351) Concurrent Cleanup for Next Mark
[2167.752s][info][gc,marking     ] GC(351) Concurrent Cleanup for Next Mark 3.185ms
[2167.752s][info][gc             ] GC(351) Concurrent Mark Cycle 942.242ms
....[2172.432s][info][gc,start       ] GC(352) Pause Young (Prepare Mixed) (G1 Evacuation Pause)
[2172.432s][info][gc,task        ] GC(352) Using 6 workers of 6 for evacuation
[2172.548s][info][gc,phases      ] GC(352)   Pre Evacuate Collection Set: 0.33ms
[2172.548s][info][gc,phases      ] GC(352)   Merge Heap Roots: 0.56ms
[2172.548s][info][gc,phases      ] GC(352)   Evacuate Collection Set: 114.02ms
[2172.548s][info][gc,phases      ] GC(352)   Post Evacuate Collection Set: 0.91ms
[2172.548s][info][gc,phases      ] GC(352)   Other: 0.10ms
[2172.548s][info][gc,heap        ] GC(352) Eden regions: 1120->0(1117)
[2172.548s][info][gc,heap        ] GC(352) Survivor regions: 108->108(154)
[2172.548s][info][gc,heap        ] GC(352) Old regions: 500->532
[2172.548s][info][gc,heap        ] GC(352) Humongous regions: 80->80
[2172.548s][info][gc,metaspace   ] GC(352) Metaspace: 28948K(29312K)->28948K(29312K) NonClass: 24064K(24256K)->24064K(24256K) Class: 4883K(5056K)->4883K(5056K)
[2172.548s][info][gc             ] GC(352) Pause Young (Prepare Mixed) (G1 Evacuation Pause) 3615M->1437M(4096M) 116.054ms
[2172.548s][info][gc,cpu         ] GC(352) User=0.70s Sys=0.00s Real=0.11s
......[2178.132s][info][gc,start       ] GC(353) Pause Young (Mixed) (G1 Evacuation Pause)
[2178.132s][info][gc,task        ] GC(353) Using 6 workers of 6 for evacuation
[2178.262s][info][gc,phases      ] GC(353)   Pre Evacuate Collection Set: 0.38ms
[2178.262s][info][gc,phases      ] GC(353)   Merge Heap Roots: 0.65ms
[2178.262s][info][gc,phases      ] GC(353)   Evacuate Collection Set: 127.82ms
[2178.262s][info][gc,phases      ] GC(353)   Post Evacuate Collection Set: 0.97ms
[2178.262s][info][gc,phases      ] GC(353)   Other: 0.09ms
[2178.262s][info][gc,heap        ] GC(353) Eden regions: 1117->0(1119)
[2178.262s][info][gc,heap        ] GC(353) Survivor regions: 108->109(154)
[2178.262s][info][gc,heap        ] GC(353) Old regions: 532->467
[2178.262s][info][gc,heap        ] GC(353) Humongous regions: 80->80
[2178.262s][info][gc,metaspace   ] GC(353) Metaspace: 28948K(29312K)->28948K(29312K) NonClass: 24064K(24256K)->24064K(24256K) Class: 4883K(5056K)->4883K(5056K)
[2178.262s][info][gc             ] GC(353) Pause Young (Mixed) (G1 Evacuation Pause) 3671M->1310M(4096M) 130.039ms
[2178.263s][info][gc,cpu         ] GC(353) User=0.77s Sys=0.00s Real=0.13s
......[2183.834s][info][gc,start       ] GC(354) Pause Young (Concurrent Start) (G1 Evacuation Pause)
[2183.834s][info][gc,task        ] GC(354) Using 6 workers of 6 for evacuation
[2183.951s][info][gc,phases      ] GC(354)   Pre Evacuate Collection Set: 0.39ms
[2183.951s][info][gc,phases      ] GC(354)   Merge Heap Roots: 0.55ms
[2183.951s][info][gc,phases      ] GC(354)   Evacuate Collection Set: 114.88ms
[2183.951s][info][gc,phases      ] GC(354)   Post Evacuate Collection Set: 0.88ms
[2183.951s][info][gc,phases      ] GC(354)   Other: 0.11ms
[2183.951s][info][gc,heap        ] GC(354) Eden regions: 1119->0(1119)
[2183.951s][info][gc,heap        ] GC(354) Survivor regions: 109->109(154)
[2183.951s][info][gc,heap        ] GC(354) Old regions: 467->499
[2183.951s][info][gc,heap        ] GC(354) Humongous regions: 80->80
[2183.951s][info][gc,metaspace   ] GC(354) Metaspace: 28948K(29312K)->28948K(29312K) NonClass: 24064K(24256K)->24064K(24256K) Class: 4883K(5056K)->4883K(5056K)
[2183.951s][info][gc             ] GC(354) Pause Young (Concurrent Start) (G1 Evacuation Pause) 3548M->1374M(4096M) 116.941ms
[2183.951s][info][gc             ] GC(355) Concurrent Mark Cycle
[2183.951s][info][gc,marking     ] GC(355) Concurrent Scan Root Regions
[2183.951s][info][gc,cpu         ] GC(354) User=0.69s Sys=0.00s Real=0.11s
[2184.094s][info][gc,marking     ] GC(355) Concurrent Scan Root Regions 142.852ms
[2184.094s][info][gc,marking     ] GC(355) Concurrent Mark
[2184.094s][info][gc,marking     ] GC(355) Concurrent Mark From Roots
[2184.094s][info][gc,task        ] GC(355) Using 2 workers of 2 for marking
.[2184.681s][info][gc,marking     ] GC(355) Concurrent Mark From Roots 586.757ms
[2184.681s][info][gc,marking     ] GC(355) Concurrent Preclean
[2184.681s][info][gc,marking     ] GC(355) Concurrent Preclean 0.062ms
[2184.683s][info][gc,start       ] GC(355) Pause Remark
[2184.686s][info][gc             ] GC(355) Pause Remark 1708M->1708M(4096M) 3.871ms
[2184.687s][info][gc,cpu         ] GC(355) User=0.03s Sys=0.00s Real=0.00s
[2184.687s][info][gc,marking     ] GC(355) Concurrent Mark 592.606ms
[2184.687s][info][gc,marking     ] GC(355) Concurrent Rebuild Remembered Sets and Scrub Regions
[2184.936s][info][gc,marking     ] GC(355) Concurrent Rebuild Remembered Sets and Scrub Regions 249.894ms
[2184.937s][info][gc,start       ] GC(355) Pause Cleanup
[2184.937s][info][gc             ] GC(355) Pause Cleanup 1813M->1813M(4096M) 0.113ms
[2184.937s][info][gc,cpu         ] GC(355) User=0.00s Sys=0.00s Real=0.00s
[2184.937s][info][gc,marking     ] GC(355) Concurrent Clear Claimed Marks
[2184.937s][info][gc,marking     ] GC(355) Concurrent Clear Claimed Marks 0.027ms
[2184.937s][info][gc,marking     ] GC(355) Concurrent Cleanup for Next Mark
[2184.940s][info][gc,marking     ] GC(355) Concurrent Cleanup for Next Mark 3.133ms
[2184.940s][info][gc             ] GC(355) Concurrent Mark Cycle 988.986ms
.....[2189.563s][info][gc,start       ] GC(356) Pause Young (Prepare Mixed) (G1 Evacuation Pause)
[2189.563s][info][gc,task        ] GC(356) Using 6 workers of 6 for evacuation
[2189.681s][info][gc,phases      ] GC(356)   Pre Evacuate Collection Set: 0.33ms
[2189.681s][info][gc,phases      ] GC(356)   Merge Heap Roots: 0.56ms
[2189.681s][info][gc,phases      ] GC(356)   Evacuate Collection Set: 116.24ms
[2189.681s][info][gc,phases      ] GC(356)   Post Evacuate Collection Set: 0.95ms
[2189.681s][info][gc,phases      ] GC(356)   Other: 0.08ms
[2189.681s][info][gc,heap        ] GC(356) Eden regions: 1119->0(1113)
[2189.681s][info][gc,heap        ] GC(356) Survivor regions: 109->110(154)
[2189.681s][info][gc,heap        ] GC(356) Old regions: 499->532
[2189.681s][info][gc,heap        ] GC(356) Humongous regions: 80->80
[2189.681s][info][gc,metaspace   ] GC(356) Metaspace: 28948K(29312K)->28948K(29312K) NonClass: 24064K(24256K)->24064K(24256K) Class: 4883K(5056K)->4883K(5056K)
[2189.681s][info][gc             ] GC(356) Pause Young (Prepare Mixed) (G1 Evacuation Pause) 3612M->1442M(4096M) 118.282ms
[2189.681s][info][gc,cpu         ] GC(356) User=0.70s Sys=0.00s Real=0.11s
.....[2195.155s][info][gc,start       ] GC(357) Pause Young (Mixed) (G1 Evacuation Pause)
[2195.155s][info][gc,task        ] GC(357) Using 6 workers of 6 for evacuation
[2195.291s][info][gc,phases      ] GC(357)   Pre Evacuate Collection Set: 0.38ms
[2195.291s][info][gc,phases      ] GC(357)   Merge Heap Roots: 0.79ms
[2195.291s][info][gc,phases      ] GC(357)   Evacuate Collection Set: 134.07ms
[2195.291s][info][gc,phases      ] GC(357)   Post Evacuate Collection Set: 0.95ms
[2195.291s][info][gc,phases      ] GC(357)   Other: 0.09ms
[2195.291s][info][gc,heap        ] GC(357) Eden regions: 1113->0(1119)
[2195.291s][info][gc,heap        ] GC(357) Survivor regions: 110->109(153)
[2195.291s][info][gc,heap        ] GC(357) Old regions: 532->470
[2195.291s][info][gc,heap        ] GC(357) Humongous regions: 80->80
[2195.291s][info][gc,metaspace   ] GC(357) Metaspace: 28948K(29312K)->28948K(29312K) NonClass: 24064K(24256K)->24064K(24256K) Class: 4883K(5056K)->4883K(5056K)
[2195.291s][info][gc             ] GC(357) Pause Young (Mixed) (G1 Evacuation Pause) 3668M->1317M(4096M) 136.403ms
[2195.291s][info][gc,cpu         ] GC(357) User=0.81s Sys=0.00s Real=0.13s
......[2200.836s][info][gc,start       ] GC(358) Pause Young (Concurrent Start) (G1 Evacuation Pause)
[2200.836s][info][gc,task        ] GC(358) Using 6 workers of 6 for evacuation
[2200.951s][info][gc,phases      ] GC(358)   Pre Evacuate Collection Set: 0.40ms
[2200.951s][info][gc,phases      ] GC(358)   Merge Heap Roots: 0.47ms
[2200.951s][info][gc,phases      ] GC(358)   Evacuate Collection Set: 112.72ms
[2200.951s][info][gc,phases      ] GC(358)   Post Evacuate Collection Set: 0.86ms
[2200.951s][info][gc,phases      ] GC(358)   Other: 0.12ms
[2200.951s][info][gc,heap        ] GC(358) Eden regions: 1119->0(1120)
[2200.951s][info][gc,heap        ] GC(358) Survivor regions: 109->108(154)
[2200.951s][info][gc,heap        ] GC(358) Old regions: 470->503
[2200.951s][info][gc,heap        ] GC(358) Humongous regions: 80->80
[2200.951s][info][gc,metaspace   ] GC(358) Metaspace: 28948K(29312K)->28948K(29312K) NonClass: 24064K(24256K)->24064K(24256K) Class: 4883K(5056K)->4883K(5056K)
[2200.951s][info][gc             ] GC(358) Pause Young (Concurrent Start) (G1 Evacuation Pause) 3555M->1379M(4096M) 114.701ms
[2200.951s][info][gc             ] GC(359) Concurrent Mark Cycle
[2200.951s][info][gc,marking     ] GC(359) Concurrent Scan Root Regions
[2200.951s][info][gc,cpu         ] GC(358) User=0.68s Sys=0.00s Real=0.11s
[2201.083s][info][gc,marking     ] GC(359) Concurrent Scan Root Regions 131.910ms
[2201.083s][info][gc,marking     ] GC(359) Concurrent Mark
[2201.083s][info][gc,marking     ] GC(359) Concurrent Mark From Roots
[2201.083s][info][gc,task        ] GC(359) Using 2 workers of 2 for marking
.[2201.707s][info][gc,marking     ] GC(359) Concurrent Mark From Roots 624.154ms
[2201.707s][info][gc,marking     ] GC(359) Concurrent Preclean
[2201.707s][info][gc,marking     ] GC(359) Concurrent Preclean 0.049ms
[2201.707s][info][gc,start       ] GC(359) Pause Remark
[2201.711s][info][gc             ] GC(359) Pause Remark 1705M->1705M(4096M) 3.916ms
[2201.711s][info][gc,cpu         ] GC(359) User=0.02s Sys=0.00s Real=0.01s
[2201.711s][info][gc,marking     ] GC(359) Concurrent Mark 628.404ms
[2201.711s][info][gc,marking     ] GC(359) Concurrent Rebuild Remembered Sets and Scrub Regions
[2201.956s][info][gc,marking     ] GC(359) Concurrent Rebuild Remembered Sets and Scrub Regions 244.451ms
[2201.956s][info][gc,start       ] GC(359) Pause Cleanup
[2201.956s][info][gc             ] GC(359) Pause Cleanup 1802M->1802M(4096M) 0.116ms
[2201.956s][info][gc,cpu         ] GC(359) User=0.00s Sys=0.00s Real=0.00s
[2201.956s][info][gc,marking     ] GC(359) Concurrent Clear Claimed Marks
[2201.956s][info][gc,marking     ] GC(359) Concurrent Clear Claimed Marks 0.030ms
[2201.956s][info][gc,marking     ] GC(359) Concurrent Cleanup for Next Mark
[2201.961s][info][gc,marking     ] GC(359) Concurrent Cleanup for Next Mark 5.104ms
[2201.961s][info][gc             ] GC(359) Concurrent Mark Cycle 1010.320ms
. (rIR:aIR:PR = 3321:3318:3318) (tPR = 49358) [OK] 
  2202s: Performance info:
         Transaction,    Success,    Partial,     Failed,   Receipts, AvgBarcode, 
             Overall,     199253,          0,          0,     189290,      59.47, 
         Response times:
             Request,    Success,    Partial,     Failed,   SkipFail,     Probes,    Samples,      min,      p50,      p90,      p95,      p99,      max, 
       TotalPurchase,     189290,          0,          0,          0,     185120,     201522,      300,     2800,     4600,     5900,    28770,   220000,
     InStorePurchase,      99682,          0,          0,          0,      97149,     105422,      300,     2800,     4600,     5900,    29000,   220000,
      OnlinePurchase,      69700,          0,          0,          0,      68574,      74627,      300,     2800,     4600,     5800,    27000,   220000,
        InstPurchase,      19908,          0,          0,          0,      19397,      21473,      400,     2900,     4700,     6000,    30000,   220000,
          AssocOfCat,        199,          0,          0,          0,        139,        210,    20000,    29000,    38000,    52900,   103490,   156000,
      AssocOfProduct,       1993,          0,          0,          0,       1800,       2123,      600,     3200,     4800,     6780,    32000,   142000,
      BusinessReport,        499,          0,          0,          0,        398,        512,    22000,    33000,    46000,    58350,   116440,   201000,
          CustBuyBeh,       1990,          0,          0,          0,       1806,       2117,      500,     2800,     4600,     5700,    26000,   220000,
       ProductReturn,       5282,          0,          0,          0,       4928,       5591,      200,     2500,     4400,     5600,    28080,   200000,

  2202s: (25%)   IR =   3459 ...[2206.495s][info][gc,start       ] GC(360) Pause Young (Prepare Mixed) (G1 Evacuation Pause)
[2206.495s][info][gc,task        ] GC(360) Using 6 workers of 6 for evacuation
[2206.615s][info][gc,phases      ] GC(360)   Pre Evacuate Collection Set: 0.33ms
[2206.615s][info][gc,phases      ] GC(360)   Merge Heap Roots: 0.56ms
[2206.615s][info][gc,phases      ] GC(360)   Evacuate Collection Set: 117.61ms
[2206.615s][info][gc,phases      ] GC(360)   Post Evacuate Collection Set: 0.94ms
[2206.615s][info][gc,phases      ] GC(360)   Other: 0.09ms
[2206.615s][info][gc,heap        ] GC(360) Eden regions: 1120->0(1107)
[2206.615s][info][gc,heap        ] GC(360) Survivor regions: 108->112(154)
[2206.615s][info][gc,heap        ] GC(360) Old regions: 503->534
[2206.615s][info][gc,heap        ] GC(360) Humongous regions: 80->80
[2206.615s][info][gc,metaspace   ] GC(360) Metaspace: 28953K(29312K)->28953K(29312K) NonClass: 24069K(24256K)->24069K(24256K) Class: 4883K(5056K)->4883K(5056K)
[2206.615s][info][gc             ] GC(360) Pause Young (Prepare Mixed) (G1 Evacuation Pause) 3619M->1450M(4096M) 119.658ms
[2206.615s][info][gc,cpu         ] GC(360) User=0.72s Sys=0.00s Real=0.12s
....|..[2211.917s][info][gc,start       ] GC(361) Pause Young (Mixed) (G1 Evacuation Pause)
[2211.917s][info][gc,task        ] GC(361) Using 6 workers of 6 for evacuation
[2212.047s][info][gc,phases      ] GC(361)   Pre Evacuate Collection Set: 0.36ms
[2212.047s][info][gc,phases      ] GC(361)   Merge Heap Roots: 0.67ms
[2212.047s][info][gc,phases      ] GC(361)   Evacuate Collection Set: 127.72ms
[2212.047s][info][gc,phases      ] GC(361)   Post Evacuate Collection Set: 0.93ms
[2212.047s][info][gc,phases      ] GC(361)   Other: 0.10ms
[2212.047s][info][gc,heap        ] GC(361) Eden regions: 1107->0(1119)
[2212.047s][info][gc,heap        ] GC(361) Survivor regions: 112->109(153)
[2212.047s][info][gc,heap        ] GC(361) Old regions: 534->469
[2212.047s][info][gc,heap        ] GC(361) Humongous regions: 80->80
[2212.047s][info][gc,metaspace   ] GC(361) Metaspace: 28953K(29312K)->28953K(29312K) NonClass: 24069K(24256K)->24069K(24256K) Class: 4883K(5056K)->4883K(5056K)
[2212.047s][info][gc             ] GC(361) Pause Young (Mixed) (G1 Evacuation Pause) 3664M->1313M(4096M) 129.917ms
[2212.047s][info][gc,cpu         ] GC(361) User=0.77s Sys=0.00s Real=0.13s
.....[2217.351s][info][gc,start       ] GC(362) Pause Young (Concurrent Start) (G1 Evacuation Pause)
[2217.351s][info][gc,task        ] GC(362) Using 6 workers of 6 for evacuation
[2217.466s][info][gc,phases      ] GC(362)   Pre Evacuate Collection Set: 0.41ms
[2217.466s][info][gc,phases      ] GC(362)   Merge Heap Roots: 0.48ms
[2217.466s][info][gc,phases      ] GC(362)   Evacuate Collection Set: 113.09ms
[2217.466s][info][gc,phases      ] GC(362)   Post Evacuate Collection Set: 0.90ms
[2217.466s][info][gc,phases      ] GC(362)   Other: 0.13ms
[2217.466s][info][gc,heap        ] GC(362) Eden regions: 1119->0(1121)
[2217.466s][info][gc,heap        ] GC(362) Survivor regions: 109->107(154)
[2217.466s][info][gc,heap        ] GC(362) Old regions: 469->502
[2217.466s][info][gc,heap        ] GC(362) Humongous regions: 80->80
[2217.466s][info][gc,metaspace   ] GC(362) Metaspace: 28953K(29312K)->28953K(29312K) NonClass: 24069K(24256K)->24069K(24256K) Class: 4883K(5056K)->4883K(5056K)
[2217.466s][info][gc             ] GC(362) Pause Young (Concurrent Start) (G1 Evacuation Pause) 3551M->1376M(4096M) 115.137ms
[2217.466s][info][gc             ] GC(363) Concurrent Mark Cycle
[2217.466s][info][gc,marking     ] GC(363) Concurrent Scan Root Regions
[2217.466s][info][gc,cpu         ] GC(362) User=0.68s Sys=0.00s Real=0.11s
[2217.609s][info][gc,marking     ] GC(363) Concurrent Scan Root Regions 142.165ms
[2217.609s][info][gc,marking     ] GC(363) Concurrent Mark
[2217.609s][info][gc,marking     ] GC(363) Concurrent Mark From Roots
[2217.609s][info][gc,task        ] GC(363) Using 2 workers of 2 for marking
.[2218.267s][info][gc,marking     ] GC(363) Concurrent Mark From Roots 658.353ms
[2218.267s][info][gc,marking     ] GC(363) Concurrent Preclean
[2218.267s][info][gc,marking     ] GC(363) Concurrent Preclean 0.062ms
[2218.267s][info][gc,start       ] GC(363) Pause Remark
[2218.271s][info][gc             ] GC(363) Pause Remark 1734M->1734M(4096M) 4.264ms
[2218.272s][info][gc,cpu         ] GC(363) User=0.02s Sys=0.00s Real=0.01s
[2218.272s][info][gc,marking     ] GC(363) Concurrent Mark 662.928ms
[2218.272s][info][gc,marking     ] GC(363) Concurrent Rebuild Remembered Sets and Scrub Regions
[2218.546s][info][gc,marking     ] GC(363) Concurrent Rebuild Remembered Sets and Scrub Regions 274.398ms
[2218.546s][info][gc,start       ] GC(363) Pause Cleanup
[2218.546s][info][gc             ] GC(363) Pause Cleanup 1828M->1828M(4096M) 0.119ms
[2218.546s][info][gc,cpu         ] GC(363) User=0.00s Sys=0.00s Real=0.00s
[2218.546s][info][gc,marking     ] GC(363) Concurrent Clear Claimed Marks
[2218.546s][info][gc,marking     ] GC(363) Concurrent Clear Claimed Marks 0.027ms
[2218.546s][info][gc,marking     ] GC(363) Concurrent Cleanup for Next Mark
[2218.549s][info][gc,marking     ] GC(363) Concurrent Cleanup for Next Mark 3.167ms
[2218.550s][info][gc             ] GC(363) Concurrent Mark Cycle 1083.072ms
.....[2222.832s][info][gc,start       ] GC(364) Pause Young (Prepare Mixed) (G1 Evacuation Pause)
[2222.832s][info][gc,task        ] GC(364) Using 6 workers of 6 for evacuation
[2222.948s][info][gc,phases      ] GC(364)   Pre Evacuate Collection Set: 0.37ms
[2222.948s][info][gc,phases      ] GC(364)   Merge Heap Roots: 0.57ms
[2222.948s][info][gc,phases      ] GC(364)   Evacuate Collection Set: 113.64ms
[2222.948s][info][gc,phases      ] GC(364)   Post Evacuate Collection Set: 0.91ms
[2222.948s][info][gc,phases      ] GC(364)   Other: 0.09ms
[2222.948s][info][gc,heap        ] GC(364) Eden regions: 1121->0(1114)
[2222.948s][info][gc,heap        ] GC(364) Survivor regions: 107->109(154)
[2222.948s][info][gc,heap        ] GC(364) Old regions: 502->533
[2222.948s][info][gc,heap        ] GC(364) Humongous regions: 80->80
[2222.948s][info][gc,metaspace   ] GC(364) Metaspace: 28953K(29312K)->28953K(29312K) NonClass: 24069K(24256K)->24069K(24256K) Class: 4883K(5056K)->4883K(5056K)
[2222.948s][info][gc             ] GC(364) Pause Young (Prepare Mixed) (G1 Evacuation Pause) 3618M->1442M(4096M) 115.693ms
[2222.948s][info][gc,cpu         ] GC(364) User=0.69s Sys=0.00s Real=0.11s
.....[2228.291s][info][gc,start       ] GC(365) Pause Young (Mixed) (G1 Evacuation Pause)
[2228.291s][info][gc,task        ] GC(365) Using 6 workers of 6 for evacuation
[2228.419s][info][gc,phases      ] GC(365)   Pre Evacuate Collection Set: 0.39ms
[2228.419s][info][gc,phases      ] GC(365)   Merge Heap Roots: 0.63ms
[2228.419s][info][gc,phases      ] GC(365)   Evacuate Collection Set: 126.12ms
[2228.419s][info][gc,phases      ] GC(365)   Post Evacuate Collection Set: 0.95ms
[2228.419s][info][gc,phases      ] GC(365)   Other: 0.09ms
[2228.419s][info][gc,heap        ] GC(365) Eden regions: 1114->0(1121)
[2228.419s][info][gc,heap        ] GC(365) Survivor regions: 109->107(153)
[2228.419s][info][gc,heap        ] GC(365) Old regions: 533->470
[2228.419s][info][gc,heap        ] GC(365) Humongous regions: 80->80
[2228.419s][info][gc,metaspace   ] GC(365) Metaspace: 28953K(29312K)->28953K(29312K) NonClass: 24069K(24256K)->24069K(24256K) Class: 4883K(5056K)->4883K(5056K)
[2228.419s][info][gc             ] GC(365) Pause Young (Mixed) (G1 Evacuation Pause) 3670M->1312M(4096M) 128.302ms
[2228.419s][info][gc,cpu         ] GC(365) User=0.76s Sys=0.00s Real=0.13s
......[2233.763s][info][gc,start       ] GC(366) Pause Young (Concurrent Start) (G1 Evacuation Pause)
[2233.763s][info][gc,task        ] GC(366) Using 6 workers of 6 for evacuation
[2233.881s][info][gc,phases      ] GC(366)   Pre Evacuate Collection Set: 0.40ms
[2233.881s][info][gc,phases      ] GC(366)   Merge Heap Roots: 0.53ms
[2233.881s][info][gc,phases      ] GC(366)   Evacuate Collection Set: 115.34ms
[2233.881s][info][gc,phases      ] GC(366)   Post Evacuate Collection Set: 0.91ms
[2233.881s][info][gc,phases      ] GC(366)   Other: 0.12ms
[2233.881s][info][gc,heap        ] GC(366) Eden regions: 1121->0(1119)
[2233.881s][info][gc,heap        ] GC(366) Survivor regions: 107->109(154)
[2233.881s][info][gc,heap        ] GC(366) Old regions: 470->502
[2233.881s][info][gc,heap        ] GC(366) Humongous regions: 80->80
[2233.881s][info][gc,metaspace   ] GC(366) Metaspace: 28953K(29312K)->28953K(29312K) NonClass: 24069K(24256K)->24069K(24256K) Class: 4883K(5056K)->4883K(5056K)
[2233.881s][info][gc             ] GC(366) Pause Young (Concurrent Start) (G1 Evacuation Pause) 3554M->1380M(4096M) 117.464ms
[2233.881s][info][gc             ] GC(367) Concurrent Mark Cycle
[2233.881s][info][gc,marking     ] GC(367) Concurrent Scan Root Regions
[2233.881s][info][gc,cpu         ] GC(366) User=0.70s Sys=0.00s Real=0.11s
[2234.038s][info][gc,marking     ] GC(367) Concurrent Scan Root Regions 157.584ms
[2234.038s][info][gc,marking     ] GC(367) Concurrent Mark
[2234.038s][info][gc,marking     ] GC(367) Concurrent Mark From Roots
[2234.038s][info][gc,task        ] GC(367) Using 2 workers of 2 for marking
.[2234.673s][info][gc,marking     ] GC(367) Concurrent Mark From Roots 634.290ms
[2234.673s][info][gc,marking     ] GC(367) Concurrent Preclean
[2234.673s][info][gc,marking     ] GC(367) Concurrent Preclean 0.062ms
[2234.673s][info][gc,start       ] GC(367) Pause Remark
[2234.677s][info][gc             ] GC(367) Pause Remark 1744M->1744M(4096M) 3.791ms
[2234.677s][info][gc,cpu         ] GC(367) User=0.02s Sys=0.00s Real=0.00s
[2234.677s][info][gc,marking     ] GC(367) Concurrent Mark 638.896ms
[2234.677s][info][gc,marking     ] GC(367) Concurrent Rebuild Remembered Sets and Scrub Regions
[2234.903s][info][gc,marking     ] GC(367) Concurrent Rebuild Remembered Sets and Scrub Regions 225.543ms
[2234.903s][info][gc,start       ] GC(367) Pause Cleanup
[2234.903s][info][gc             ] GC(367) Pause Cleanup 1827M->1827M(4096M) 0.117ms
[2234.903s][info][gc,cpu         ] GC(367) User=0.00s Sys=0.00s Real=0.00s
[2234.903s][info][gc,marking     ] GC(367) Concurrent Clear Claimed Marks
[2234.903s][info][gc,marking     ] GC(367) Concurrent Clear Claimed Marks 0.031ms
[2234.903s][info][gc,marking     ] GC(367) Concurrent Cleanup for Next Mark
[2234.906s][info][gc,marking     ] GC(367) Concurrent Cleanup for Next Mark 3.234ms
[2234.906s][info][gc             ] GC(367) Concurrent Mark Cycle 1025.708ms
....[2239.229s][info][gc,start       ] GC(368) Pause Young (Prepare Mixed) (G1 Evacuation Pause)
[2239.229s][info][gc,task        ] GC(368) Using 6 workers of 6 for evacuation
[2239.347s][info][gc,phases      ] GC(368)   Pre Evacuate Collection Set: 0.35ms
[2239.347s][info][gc,phases      ] GC(368)   Merge Heap Roots: 0.52ms
[2239.347s][info][gc,phases      ] GC(368)   Evacuate Collection Set: 115.47ms
[2239.347s][info][gc,phases      ] GC(368)   Post Evacuate Collection Set: 0.94ms
[2239.347s][info][gc,phases      ] GC(368)   Other: 0.09ms
[2239.347s][info][gc,heap        ] GC(368) Eden regions: 1119->0(1111)
[2239.347s][info][gc,heap        ] GC(368) Survivor regions: 109->110(154)
[2239.347s][info][gc,heap        ] GC(368) Old regions: 502->534
[2239.347s][info][gc,heap        ] GC(368) Humongous regions: 80->80
[2239.347s][info][gc,metaspace   ] GC(368) Metaspace: 28953K(29312K)->28953K(29312K) NonClass: 24069K(24256K)->24069K(24256K) Class: 4883K(5056K)->4883K(5056K)
[2239.347s][info][gc             ] GC(368) Pause Young (Prepare Mixed) (G1 Evacuation Pause) 3618M->1445M(4096M) 117.487ms
[2239.347s][info][gc,cpu         ] GC(368) User=0.70s Sys=0.00s Real=0.12s
......[2244.674s][info][gc,start       ] GC(369) Pause Young (Mixed) (G1 Evacuation Pause)
[2244.674s][info][gc,task        ] GC(369) Using 6 workers of 6 for evacuation
[2244.811s][info][gc,phases      ] GC(369)   Pre Evacuate Collection Set: 0.40ms
[2244.811s][info][gc,phases      ] GC(369)   Merge Heap Roots: 0.76ms
[2244.811s][info][gc,phases      ] GC(369)   Evacuate Collection Set: 135.13ms
[2244.811s][info][gc,phases      ] GC(369)   Post Evacuate Collection Set: 0.97ms
[2244.811s][info][gc,phases      ] GC(369)   Other: 0.11ms
[2244.811s][info][gc,heap        ] GC(369) Eden regions: 1111->0(1119)
[2244.811s][info][gc,heap        ] GC(369) Survivor regions: 110->109(153)
[2244.811s][info][gc,heap        ] GC(369) Old regions: 534->470
[2244.811s][info][gc,heap        ] GC(369) Humongous regions: 80->80
[2244.811s][info][gc,metaspace   ] GC(369) Metaspace: 28953K(29312K)->28953K(29312K) NonClass: 24069K(24256K)->24069K(24256K) Class: 4883K(5056K)->4883K(5056K)
[2244.812s][info][gc             ] GC(369) Pause Young (Mixed) (G1 Evacuation Pause) 3667M->1315M(4096M) 137.503ms
[2244.812s][info][gc,cpu         ] GC(369) User=0.82s Sys=0.00s Real=0.14s
.....[2250.196s][info][gc,start       ] GC(370) Pause Young (Concurrent Start) (G1 Evacuation Pause)
[2250.196s][info][gc,task        ] GC(370) Using 6 workers of 6 for evacuation
[2250.311s][info][gc,phases      ] GC(370)   Pre Evacuate Collection Set: 0.40ms
[2250.311s][info][gc,phases      ] GC(370)   Merge Heap Roots: 0.48ms
[2250.311s][info][gc,phases      ] GC(370)   Evacuate Collection Set: 113.09ms
[2250.311s][info][gc,phases      ] GC(370)   Post Evacuate Collection Set: 0.89ms
[2250.311s][info][gc,phases      ] GC(370)   Other: 0.11ms
[2250.311s][info][gc,heap        ] GC(370) Eden regions: 1119->0(1120)
[2250.311s][info][gc,heap        ] GC(370) Survivor regions: 109->108(154)
[2250.311s][info][gc,heap        ] GC(370) Old regions: 470->502
[2250.311s][info][gc,heap        ] GC(370) Humongous regions: 80->80
[2250.311s][info][gc,metaspace   ] GC(370) Metaspace: 28953K(29312K)->28953K(29312K) NonClass: 24069K(24256K)->24069K(24256K) Class: 4883K(5056K)->4883K(5056K)
[2250.311s][info][gc             ] GC(370) Pause Young (Concurrent Start) (G1 Evacuation Pause) 3553M->1377M(4096M) 115.100ms
[2250.311s][info][gc             ] GC(371) Concurrent Mark Cycle
[2250.311s][info][gc,marking     ] GC(371) Concurrent Scan Root Regions
[2250.311s][info][gc,cpu         ] GC(370) User=0.68s Sys=0.00s Real=0.11s
[2250.444s][info][gc,marking     ] GC(371) Concurrent Scan Root Regions 132.974ms
[2250.444s][info][gc,marking     ] GC(371) Concurrent Mark
[2250.444s][info][gc,marking     ] GC(371) Concurrent Mark From Roots
[2250.444s][info][gc,task        ] GC(371) Using 2 workers of 2 for marking
.[2251.045s][info][gc,marking     ] GC(371) Concurrent Mark From Roots 601.284ms
[2251.045s][info][gc,marking     ] GC(371) Concurrent Preclean
[2251.045s][info][gc,marking     ] GC(371) Concurrent Preclean 0.058ms
[2251.045s][info][gc,start       ] GC(371) Pause Remark
[2251.050s][info][gc             ] GC(371) Pause Remark 1709M->1709M(4096M) 4.546ms
[2251.050s][info][gc,cpu         ] GC(371) User=0.02s Sys=0.00s Real=0.00s
[2251.050s][info][gc,marking     ] GC(371) Concurrent Mark 606.161ms
[2251.050s][info][gc,marking     ] GC(371) Concurrent Rebuild Remembered Sets and Scrub Regions
[2251.406s][info][gc,marking     ] GC(371) Concurrent Rebuild Remembered Sets and Scrub Regions 356.204ms
[2251.406s][info][gc,start       ] GC(371) Pause Cleanup
[2251.407s][info][gc             ] GC(371) Pause Cleanup 1874M->1874M(4096M) 0.133ms
[2251.407s][info][gc,cpu         ] GC(371) User=0.00s Sys=0.00s Real=0.00s
[2251.407s][info][gc,marking     ] GC(371) Concurrent Clear Claimed Marks
[2251.407s][info][gc,marking     ] GC(371) Concurrent Clear Claimed Marks 0.031ms
[2251.407s][info][gc,marking     ] GC(371) Concurrent Cleanup for Next Mark
[2251.410s][info][gc,marking     ] GC(371) Concurrent Cleanup for Next Mark 3.236ms
[2251.410s][info][gc             ] GC(371) Concurrent Mark Cycle 1099.071ms
.....[2255.749s][info][gc,start       ] GC(372) Pause Young (Prepare Mixed) (G1 Evacuation Pause)
[2255.749s][info][gc,task        ] GC(372) Using 6 workers of 6 for evacuation
[2255.866s][info][gc,phases      ] GC(372)   Pre Evacuate Collection Set: 0.38ms
[2255.866s][info][gc,phases      ] GC(372)   Merge Heap Roots: 0.58ms
[2255.866s][info][gc,phases      ] GC(372)   Evacuate Collection Set: 114.48ms
[2255.866s][info][gc,phases      ] GC(372)   Post Evacuate Collection Set: 0.93ms
[2255.866s][info][gc,phases      ] GC(372)   Other: 0.10ms
[2255.866s][info][gc,heap        ] GC(372) Eden regions: 1120->0(1113)
[2255.866s][info][gc,heap        ] GC(372) Survivor regions: 108->109(154)
[2255.866s][info][gc,heap        ] GC(372) Old regions: 502->534
[2255.866s][info][gc,heap        ] GC(372) Humongous regions: 80->80
[2255.866s][info][gc,metaspace   ] GC(372) Metaspace: 28953K(29312K)->28953K(29312K) NonClass: 24069K(24256K)->24069K(24256K) Class: 4883K(5056K)->4883K(5056K)
[2255.866s][info][gc             ] GC(372) Pause Young (Prepare Mixed) (G1 Evacuation Pause) 3617M->1444M(4096M) 116.605ms
[2255.866s][info][gc,cpu         ] GC(372) User=0.69s Sys=0.00s Real=0.12s
.....[2261.087s][info][gc,start       ] GC(373) Pause Young (Mixed) (G1 Evacuation Pause)
[2261.087s][info][gc,task        ] GC(373) Using 6 workers of 6 for evacuation
[2261.223s][info][gc,phases      ] GC(373)   Pre Evacuate Collection Set: 0.38ms
[2261.223s][info][gc,phases      ] GC(373)   Merge Heap Roots: 0.71ms
[2261.223s][info][gc,phases      ] GC(373)   Evacuate Collection Set: 134.32ms
[2261.223s][info][gc,phases      ] GC(373)   Post Evacuate Collection Set: 0.99ms
[2261.223s][info][gc,phases      ] GC(373)   Other: 0.10ms
[2261.223s][info][gc,heap        ] GC(373) Eden regions: 1113->0(1119)
[2261.223s][info][gc,heap        ] GC(373) Survivor regions: 109->109(153)
[2261.223s][info][gc,heap        ] GC(373) Old regions: 534->470
[2261.223s][info][gc,heap        ] GC(373) Humongous regions: 80->80
[2261.223s][info][gc,metaspace   ] GC(373) Metaspace: 28953K(29312K)->28953K(29312K) NonClass: 24069K(24256K)->24069K(24256K) Class: 4883K(5056K)->4883K(5056K)
[2261.223s][info][gc             ] GC(373) Pause Young (Mixed) (G1 Evacuation Pause) 3670M->1316M(4096M) 136.637ms
[2261.223s][info][gc,cpu         ] GC(373) User=0.82s Sys=0.00s Real=0.14s
.....[2266.546s][info][gc,start       ] GC(374) Pause Young (Concurrent Start) (G1 Evacuation Pause)
[2266.546s][info][gc,task        ] GC(374) Using 6 workers of 6 for evacuation
[2266.664s][info][gc,phases      ] GC(374)   Pre Evacuate Collection Set: 0.37ms
[2266.664s][info][gc,phases      ] GC(374)   Merge Heap Roots: 0.46ms
[2266.664s][info][gc,phases      ] GC(374)   Evacuate Collection Set: 116.37ms
[2266.664s][info][gc,phases      ] GC(374)   Post Evacuate Collection Set: 0.92ms
[2266.664s][info][gc,phases      ] GC(374)   Other: 0.10ms
[2266.664s][info][gc,heap        ] GC(374) Eden regions: 1119->0(1118)
[2266.664s][info][gc,heap        ] GC(374) Survivor regions: 109->110(154)
[2266.664s][info][gc,heap        ] GC(374) Old regions: 470->502
[2266.664s][info][gc,heap        ] GC(374) Humongous regions: 80->80
[2266.664s][info][gc,metaspace   ] GC(374) Metaspace: 28953K(29312K)->28953K(29312K) NonClass: 24069K(24256K)->24069K(24256K) Class: 4883K(5056K)->4883K(5056K)
[2266.664s][info][gc             ] GC(374) Pause Young (Concurrent Start) (G1 Evacuation Pause) 3554M->1383M(4096M) 118.364ms
[2266.664s][info][gc             ] GC(375) Concurrent Mark Cycle
[2266.664s][info][gc,marking     ] GC(375) Concurrent Scan Root Regions
[2266.664s][info][gc,cpu         ] GC(374) User=0.71s Sys=0.00s Real=0.12s
.[2266.848s][info][gc,marking     ] GC(375) Concurrent Scan Root Regions 184.119ms
[2266.848s][info][gc,marking     ] GC(375) Concurrent Mark
[2266.848s][info][gc,marking     ] GC(375) Concurrent Mark From Roots
[2266.848s][info][gc,task        ] GC(375) Using 2 workers of 2 for marking
[2267.525s][info][gc,marking     ] GC(375) Concurrent Mark From Roots 676.795ms
[2267.525s][info][gc,marking     ] GC(375) Concurrent Preclean
[2267.525s][info][gc,marking     ] GC(375) Concurrent Preclean 0.049ms
[2267.525s][info][gc,start       ] GC(375) Pause Remark
[2267.530s][info][gc             ] GC(375) Pause Remark 1769M->1769M(4096M) 4.380ms
[2267.530s][info][gc,cpu         ] GC(375) User=0.03s Sys=0.00s Real=0.00s
[2267.530s][info][gc,marking     ] GC(375) Concurrent Mark 681.542ms
[2267.530s][info][gc,marking     ] GC(375) Concurrent Rebuild Remembered Sets and Scrub Regions
.[2267.777s][info][gc,marking     ] GC(375) Concurrent Rebuild Remembered Sets and Scrub Regions 246.697ms
[2267.777s][info][gc,start       ] GC(375) Pause Cleanup
[2267.777s][info][gc             ] GC(375) Pause Cleanup 1879M->1879M(4096M) 0.131ms
[2267.777s][info][gc,cpu         ] GC(375) User=0.00s Sys=0.00s Real=0.00s
[2267.777s][info][gc,marking     ] GC(375) Concurrent Clear Claimed Marks
[2267.777s][info][gc,marking     ] GC(375) Concurrent Clear Claimed Marks 0.024ms
[2267.777s][info][gc,marking     ] GC(375) Concurrent Cleanup for Next Mark
[2267.780s][info][gc,marking     ] GC(375) Concurrent Cleanup for Next Mark 3.278ms
[2267.780s][info][gc             ] GC(375) Concurrent Mark Cycle 1116.120ms
.. (rIR:aIR:PR = 3459:3457:3457) (tPR = 51388) [OK] 
  2269s: Performance info:
         Transaction,    Success,    Partial,     Failed,   Receipts, AvgBarcode, 
             Overall,     207626,          0,          0,     197248,      59.48, 
         Response times:
             Request,    Success,    Partial,     Failed,   SkipFail,     Probes,    Samples,      min,      p50,      p90,      p95,      p99,      max, 
       TotalPurchase,     197248,          0,          0,          0,     193581,     217155,      300,     2900,     4900,     6100,    26000,   183000,
     InStorePurchase,     103834,          0,          0,          0,     101905,     113982,      300,     3000,     4900,     6200,    26000,   183000,
      OnlinePurchase,      72658,          0,          0,          0,      71675,      80541,      300,     2800,     4900,     6100,    26000,   179000,
        InstPurchase,      20756,          0,          0,          0,      20001,      22632,      400,     2800,     4600,     5800,    20670,   147000,
          AssocOfCat,        208,          0,          0,          0,        150,        231,    19000,    30000,    38800,    50400,   132120,   186000,
      AssocOfProduct,       2071,          0,          0,          0,       1893,       2293,      500,     2700,     4700,     6000,    21060,   127000,
      BusinessReport,        518,          0,          0,          0,        441,        588,    23000,    33000,    46100,    56550,   142210,   256000,
          CustBuyBeh,       2076,          0,          0,          0,       1894,       2278,      900,     3700,     5310,     6900,    31000,   125000,
       ProductReturn,       5505,          0,          0,          0,       5170,       6053,      200,     2900,     4900,     6130,    25000,   144000,

  2269s: (26%)   IR =   3598 ..[2271.989s][info][gc,start       ] GC(376) Pause Young (Prepare Mixed) (G1 Evacuation Pause)
[2271.989s][info][gc,task        ] GC(376) Using 6 workers of 6 for evacuation
[2272.106s][info][gc,phases      ] GC(376)   Pre Evacuate Collection Set: 0.34ms
[2272.106s][info][gc,phases      ] GC(376)   Merge Heap Roots: 0.57ms
[2272.106s][info][gc,phases      ] GC(376)   Evacuate Collection Set: 114.90ms
[2272.106s][info][gc,phases      ] GC(376)   Post Evacuate Collection Set: 0.92ms
[2272.106s][info][gc,phases      ] GC(376)   Other: 0.09ms
[2272.106s][info][gc,heap        ] GC(376) Eden regions: 1118->0(1111)
[2272.106s][info][gc,heap        ] GC(376) Survivor regions: 110->110(154)
[2272.106s][info][gc,heap        ] GC(376) Old regions: 502->534
[2272.106s][info][gc,heap        ] GC(376) Humongous regions: 80->80
[2272.106s][info][gc,metaspace   ] GC(376) Metaspace: 28960K(29312K)->28960K(29312K) NonClass: 24076K(24256K)->24076K(24256K) Class: 4883K(5056K)->4883K(5056K)
[2272.106s][info][gc             ] GC(376) Pause Young (Prepare Mixed) (G1 Evacuation Pause) 3619M->1446M(4096M) 116.941ms
[2272.106s][info][gc,cpu         ] GC(376) User=0.70s Sys=0.00s Real=0.12s
...|..[2277.198s][info][gc,start       ] GC(377) Pause Young (Mixed) (G1 Evacuation Pause)
[2277.198s][info][gc,task        ] GC(377) Using 6 workers of 6 for evacuation
[2277.332s][info][gc,phases      ] GC(377)   Pre Evacuate Collection Set: 0.41ms
[2277.332s][info][gc,phases      ] GC(377)   Merge Heap Roots: 0.71ms
[2277.332s][info][gc,phases      ] GC(377)   Evacuate Collection Set: 131.43ms
[2277.332s][info][gc,phases      ] GC(377)   Post Evacuate Collection Set: 0.97ms
[2277.332s][info][gc,phases      ] GC(377)   Other: 0.09ms
[2277.332s][info][gc,heap        ] GC(377) Eden regions: 1111->0(1118)
[2277.332s][info][gc,heap        ] GC(377) Survivor regions: 110->110(153)
[2277.332s][info][gc,heap        ] GC(377) Old regions: 534->469
[2277.332s][info][gc,heap        ] GC(377) Humongous regions: 80->80
[2277.332s][info][gc,metaspace   ] GC(377) Metaspace: 28960K(29312K)->28960K(29312K) NonClass: 24076K(24256K)->24076K(24256K) Class: 4883K(5056K)->4883K(5056K)
[2277.332s][info][gc             ] GC(377) Pause Young (Mixed) (G1 Evacuation Pause) 3668M->1316M(4096M) 133.729ms
[2277.332s][info][gc,cpu         ] GC(377) User=0.79s Sys=0.00s Real=0.14s
.....[2282.382s][info][gc,start       ] GC(378) Pause Young (Concurrent Start) (G1 Evacuation Pause)
[2282.382s][info][gc,task        ] GC(378) Using 6 workers of 6 for evacuation
[2282.504s][info][gc,phases      ] GC(378)   Pre Evacuate Collection Set: 0.40ms
[2282.504s][info][gc,phases      ] GC(378)   Merge Heap Roots: 0.50ms
[2282.504s][info][gc,phases      ] GC(378)   Evacuate Collection Set: 120.34ms
[2282.504s][info][gc,phases      ] GC(378)   Post Evacuate Collection Set: 0.77ms
[2282.504s][info][gc,phases      ] GC(378)   Other: 0.10ms
[2282.504s][info][gc,heap        ] GC(378) Eden regions: 1118->0(1116)
[2282.504s][info][gc,heap        ] GC(378) Survivor regions: 110->112(154)
[2282.504s][info][gc,heap        ] GC(378) Old regions: 469->502
[2282.504s][info][gc,heap        ] GC(378) Humongous regions: 80->80
[2282.504s][info][gc,metaspace   ] GC(378) Metaspace: 28960K(29312K)->28960K(29312K) NonClass: 24076K(24256K)->24076K(24256K) Class: 4883K(5056K)->4883K(5056K)
[2282.504s][info][gc             ] GC(378) Pause Young (Concurrent Start) (G1 Evacuation Pause) 3552M->1386M(4096M) 122.244ms
[2282.504s][info][gc             ] GC(379) Concurrent Mark Cycle
[2282.504s][info][gc,marking     ] GC(379) Concurrent Scan Root Regions
[2282.504s][info][gc,cpu         ] GC(378) User=0.72s Sys=0.00s Real=0.12s
[2282.673s][info][gc,marking     ] GC(379) Concurrent Scan Root Regions 168.991ms
[2282.673s][info][gc,marking     ] GC(379) Concurrent Mark
[2282.673s][info][gc,marking     ] GC(379) Concurrent Mark From Roots
[2282.673s][info][gc,task        ] GC(379) Using 2 workers of 2 for marking
.[2283.304s][info][gc,marking     ] GC(379) Concurrent Mark From Roots 630.670ms
[2283.304s][info][gc,marking     ] GC(379) Concurrent Preclean
[2283.304s][info][gc,marking     ] GC(379) Concurrent Preclean 0.084ms
[2283.304s][info][gc,start       ] GC(379) Pause Remark
[2283.308s][info][gc             ] GC(379) Pause Remark 1759M->1759M(4096M) 3.779ms
[2283.308s][info][gc,cpu         ] GC(379) User=0.02s Sys=0.00s Real=0.00s
[2283.308s][info][gc,marking     ] GC(379) Concurrent Mark 634.980ms
[2283.308s][info][gc,marking     ] GC(379) Concurrent Rebuild Remembered Sets and Scrub Regions
[2283.522s][info][gc,marking     ] GC(379) Concurrent Rebuild Remembered Sets and Scrub Regions 213.786ms
[2283.522s][info][gc,start       ] GC(379) Pause Cleanup
[2283.522s][info][gc             ] GC(379) Pause Cleanup 1827M->1827M(4096M) 0.136ms
[2283.522s][info][gc,cpu         ] GC(379) User=0.00s Sys=0.00s Real=0.00s
[2283.522s][info][gc,marking     ] GC(379) Concurrent Clear Claimed Marks
[2283.522s][info][gc,marking     ] GC(379) Concurrent Clear Claimed Marks 0.032ms
[2283.522s][info][gc,marking     ] GC(379) Concurrent Cleanup for Next Mark
[2283.527s][info][gc,marking     ] GC(379) Concurrent Cleanup for Next Mark 4.576ms
[2283.527s][info][gc             ] GC(379) Concurrent Mark Cycle 1023.118ms
....[2287.685s][info][gc,start       ] GC(380) Pause Young (Prepare Mixed) (G1 Evacuation Pause)
[2287.685s][info][gc,task        ] GC(380) Using 6 workers of 6 for evacuation
[2287.806s][info][gc,phases      ] GC(380)   Pre Evacuate Collection Set: 0.36ms
[2287.806s][info][gc,phases      ] GC(380)   Merge Heap Roots: 0.52ms
[2287.806s][info][gc,phases      ] GC(380)   Evacuate Collection Set: 118.14ms
[2287.806s][info][gc,phases      ] GC(380)   Post Evacuate Collection Set: 0.97ms
[2287.806s][info][gc,phases      ] GC(380)   Other: 0.09ms
[2287.806s][info][gc,heap        ] GC(380) Eden regions: 1116->0(1107)
[2287.806s][info][gc,heap        ] GC(380) Survivor regions: 112->112(154)
[2287.806s][info][gc,heap        ] GC(380) Old regions: 502->534
[2287.806s][info][gc,heap        ] GC(380) Humongous regions: 80->80
[2287.806s][info][gc,metaspace   ] GC(380) Metaspace: 28960K(29312K)->28960K(29312K) NonClass: 24076K(24256K)->24076K(24256K) Class: 4883K(5056K)->4883K(5056K)
[2287.806s][info][gc             ] GC(380) Pause Young (Prepare Mixed) (G1 Evacuation Pause) 3618M->1449M(4096M) 120.214ms
[2287.806s][info][gc,cpu         ] GC(380) User=0.71s Sys=0.00s Real=0.12s
......[2292.893s][info][gc,start       ] GC(381) Pause Young (Mixed) (G1 Evacuation Pause)
[2292.893s][info][gc,task        ] GC(381) Using 6 workers of 6 for evacuation
[2293.034s][info][gc,phases      ] GC(381)   Pre Evacuate Collection Set: 0.38ms
[2293.034s][info][gc,phases      ] GC(381)   Merge Heap Roots: 0.85ms
[2293.034s][info][gc,phases      ] GC(381)   Evacuate Collection Set: 138.92ms
[2293.034s][info][gc,phases      ] GC(381)   Post Evacuate Collection Set: 0.94ms
[2293.034s][info][gc,phases      ] GC(381)   Other: 0.09ms
[2293.034s][info][gc,heap        ] GC(381) Eden regions: 1107->0(1119)
[2293.034s][info][gc,heap        ] GC(381) Survivor regions: 112->109(153)
[2293.034s][info][gc,heap        ] GC(381) Old regions: 534->470
[2293.034s][info][gc,heap        ] GC(381) Humongous regions: 80->80
[2293.034s][info][gc,metaspace   ] GC(381) Metaspace: 28960K(29312K)->28960K(29312K) NonClass: 24076K(24256K)->24076K(24256K) Class: 4883K(5056K)->4883K(5056K)
[2293.034s][info][gc             ] GC(381) Pause Young (Mixed) (G1 Evacuation Pause) 3663M->1317M(4096M) 141.317ms
[2293.034s][info][gc,cpu         ] GC(381) User=0.84s Sys=0.01s Real=0.14s
.....[2298.198s][info][gc,start       ] GC(382) Pause Young (Concurrent Start) (G1 Evacuation Pause)
[2298.198s][info][gc,task        ] GC(382) Using 6 workers of 6 for evacuation
[2298.316s][info][gc,phases      ] GC(382)   Pre Evacuate Collection Set: 0.41ms
[2298.316s][info][gc,phases      ] GC(382)   Merge Heap Roots: 0.45ms
[2298.316s][info][gc,phases      ] GC(382)   Evacuate Collection Set: 115.65ms
[2298.316s][info][gc,phases      ] GC(382)   Post Evacuate Collection Set: 0.90ms
[2298.316s][info][gc,phases      ] GC(382)   Other: 0.10ms
[2298.316s][info][gc,heap        ] GC(382) Eden regions: 1119->0(1119)
[2298.316s][info][gc,heap        ] GC(382) Survivor regions: 109->109(154)
[2298.316s][info][gc,heap        ] GC(382) Old regions: 470->503
[2298.316s][info][gc,heap        ] GC(382) Humongous regions: 80->80
[2298.316s][info][gc,metaspace   ] GC(382) Metaspace: 28960K(29312K)->28960K(29312K) NonClass: 24076K(24256K)->24076K(24256K) Class: 4883K(5056K)->4883K(5056K)
[2298.316s][info][gc             ] GC(382) Pause Young (Concurrent Start) (G1 Evacuation Pause) 3555M->1382M(4096M) 117.660ms
[2298.316s][info][gc             ] GC(383) Concurrent Mark Cycle
[2298.316s][info][gc,marking     ] GC(383) Concurrent Scan Root Regions
[2298.316s][info][gc,cpu         ] GC(382) User=0.70s Sys=0.00s Real=0.12s
[2298.461s][info][gc,marking     ] GC(383) Concurrent Scan Root Regions 144.933ms
[2298.461s][info][gc,marking     ] GC(383) Concurrent Mark
[2298.461s][info][gc,marking     ] GC(383) Concurrent Mark From Roots
[2298.461s][info][gc,task        ] GC(383) Using 2 workers of 2 for marking
.[2299.076s][info][gc,marking     ] GC(383) Concurrent Mark From Roots 615.179ms
[2299.076s][info][gc,marking     ] GC(383) Concurrent Preclean
[2299.076s][info][gc,marking     ] GC(383) Concurrent Preclean 0.046ms
[2299.077s][info][gc,start       ] GC(383) Pause Remark
[2299.080s][info][gc             ] GC(383) Pause Remark 1820M->1820M(4096M) 3.857ms
[2299.080s][info][gc,cpu         ] GC(383) User=0.02s Sys=0.00s Real=0.00s
[2299.080s][info][gc,marking     ] GC(383) Concurrent Mark 619.333ms
[2299.080s][info][gc,marking     ] GC(383) Concurrent Rebuild Remembered Sets and Scrub Regions
[2299.287s][info][gc,marking     ] GC(383) Concurrent Rebuild Remembered Sets and Scrub Regions 206.736ms
[2299.287s][info][gc,start       ] GC(383) Pause Cleanup
[2299.288s][info][gc             ] GC(383) Pause Cleanup 1899M->1899M(4096M) 0.122ms
[2299.288s][info][gc,cpu         ] GC(383) User=0.00s Sys=0.00s Real=0.00s
[2299.288s][info][gc,marking     ] GC(383) Concurrent Clear Claimed Marks
[2299.288s][info][gc,marking     ] GC(383) Concurrent Clear Claimed Marks 0.034ms
[2299.288s][info][gc,marking     ] GC(383) Concurrent Cleanup for Next Mark
[2299.291s][info][gc,marking     ] GC(383) Concurrent Cleanup for Next Mark 3.267ms
[2299.291s][info][gc             ] GC(383) Concurrent Mark Cycle 974.808ms
....[2303.420s][info][gc,start       ] GC(384) Pause Young (Prepare Mixed) (G1 Evacuation Pause)
[2303.420s][info][gc,task        ] GC(384) Using 6 workers of 6 for evacuation
[2303.535s][info][gc,phases      ] GC(384)   Pre Evacuate Collection Set: 0.36ms
[2303.535s][info][gc,phases      ] GC(384)   Merge Heap Roots: 0.49ms
[2303.535s][info][gc,phases      ] GC(384)   Evacuate Collection Set: 113.17ms
[2303.535s][info][gc,phases      ] GC(384)   Post Evacuate Collection Set: 0.95ms
[2303.535s][info][gc,phases      ] GC(384)   Other: 0.09ms
[2303.535s][info][gc,heap        ] GC(384) Eden regions: 1119->0(1115)
[2303.535s][info][gc,heap        ] GC(384) Survivor regions: 109->108(154)
[2303.535s][info][gc,heap        ] GC(384) Old regions: 503->534
[2303.535s][info][gc,heap        ] GC(384) Humongous regions: 80->80
[2303.535s][info][gc,metaspace   ] GC(384) Metaspace: 28960K(29312K)->28960K(29312K) NonClass: 24076K(24256K)->24076K(24256K) Class: 4883K(5056K)->4883K(5056K)
[2303.535s][info][gc             ] GC(384) Pause Young (Prepare Mixed) (G1 Evacuation Pause) 3620M->1442M(4096M) 115.197ms
[2303.535s][info][gc,cpu         ] GC(384) User=0.69s Sys=0.00s Real=0.12s
.....[2308.686s][info][gc,start       ] GC(385) Pause Young (Mixed) (G1 Evacuation Pause)
[2308.686s][info][gc,task        ] GC(385) Using 6 workers of 6 for evacuation
[2308.825s][info][gc,phases      ] GC(385)   Pre Evacuate Collection Set: 0.39ms
[2308.825s][info][gc,phases      ] GC(385)   Merge Heap Roots: 0.73ms
[2308.825s][info][gc,phases      ] GC(385)   Evacuate Collection Set: 136.57ms
[2308.825s][info][gc,phases      ] GC(385)   Post Evacuate Collection Set: 0.96ms
[2308.825s][info][gc,phases      ] GC(385)   Other: 0.09ms
[2308.825s][info][gc,heap        ] GC(385) Eden regions: 1115->0(1118)
[2308.825s][info][gc,heap        ] GC(385) Survivor regions: 108->110(153)
[2308.825s][info][gc,heap        ] GC(385) Old regions: 534->470
[2308.825s][info][gc,heap        ] GC(385) Humongous regions: 80->80
[2308.825s][info][gc,metaspace   ] GC(385) Metaspace: 28960K(29312K)->28960K(29312K) NonClass: 24076K(24256K)->24076K(24256K) Class: 4883K(5056K)->4883K(5056K)
[2308.825s][info][gc             ] GC(385) Pause Young (Mixed) (G1 Evacuation Pause) 3672M->1318M(4096M) 138.870ms
[2308.825s][info][gc,cpu         ] GC(385) User=0.83s Sys=0.00s Real=0.14s
......[2313.926s][info][gc,start       ] GC(386) Pause Young (Concurrent Start) (G1 Evacuation Pause)
[2313.926s][info][gc,task        ] GC(386) Using 6 workers of 6 for evacuation
[2314.042s][info][gc,phases      ] GC(386)   Pre Evacuate Collection Set: 0.45ms
[2314.042s][info][gc,phases      ] GC(386)   Merge Heap Roots: 0.49ms
[2314.042s][info][gc,phases      ] GC(386)   Evacuate Collection Set: 114.23ms
[2314.042s][info][gc,phases      ] GC(386)   Post Evacuate Collection Set: 0.92ms
[2314.042s][info][gc,phases      ] GC(386)   Other: 0.12ms
[2314.042s][info][gc,heap        ] GC(386) Eden regions: 1118->0(1119)
[2314.042s][info][gc,heap        ] GC(386) Survivor regions: 110->109(154)
[2314.042s][info][gc,heap        ] GC(386) Old regions: 470->501
[2314.042s][info][gc,heap        ] GC(386) Humongous regions: 80->80
[2314.042s][info][gc,metaspace   ] GC(386) Metaspace: 28960K(29312K)->28960K(29312K) NonClass: 24076K(24256K)->24076K(24256K) Class: 4883K(5056K)->4883K(5056K)
[2314.042s][info][gc             ] GC(386) Pause Young (Concurrent Start) (G1 Evacuation Pause) 3554M->1378M(4096M) 116.351ms
[2314.042s][info][gc             ] GC(387) Concurrent Mark Cycle
[2314.042s][info][gc,marking     ] GC(387) Concurrent Scan Root Regions
[2314.042s][info][gc,cpu         ] GC(386) User=0.69s Sys=0.00s Real=0.12s
[2314.168s][info][gc,marking     ] GC(387) Concurrent Scan Root Regions 125.609ms
[2314.168s][info][gc,marking     ] GC(387) Concurrent Mark
[2314.168s][info][gc,marking     ] GC(387) Concurrent Mark From Roots
[2314.168s][info][gc,task        ] GC(387) Using 2 workers of 2 for marking
[2314.770s][info][gc,marking     ] GC(387) Concurrent Mark From Roots 601.745ms
[2314.770s][info][gc,marking     ] GC(387) Concurrent Preclean
[2314.770s][info][gc,marking     ] GC(387) Concurrent Preclean 0.054ms
[2314.770s][info][gc,start       ] GC(387) Pause Remark
[2314.774s][info][gc             ] GC(387) Pause Remark 1753M->1753M(4096M) 4.144ms
[2314.774s][info][gc,cpu         ] GC(387) User=0.02s Sys=0.00s Real=0.01s
[2314.774s][info][gc,marking     ] GC(387) Concurrent Mark 606.218ms
[2314.774s][info][gc,marking     ] GC(387) Concurrent Rebuild Remembered Sets and Scrub Regions
.[2314.995s][info][gc,marking     ] GC(387) Concurrent Rebuild Remembered Sets and Scrub Regions 221.030ms
[2314.995s][info][gc,start       ] GC(387) Pause Cleanup
[2314.996s][info][gc             ] GC(387) Pause Cleanup 1839M->1839M(4096M) 0.117ms
[2314.996s][info][gc,cpu         ] GC(387) User=0.00s Sys=0.00s Real=0.00s
[2314.996s][info][gc,marking     ] GC(387) Concurrent Clear Claimed Marks
[2314.996s][info][gc,marking     ] GC(387) Concurrent Clear Claimed Marks 0.038ms
[2314.996s][info][gc,marking     ] GC(387) Concurrent Cleanup for Next Mark
[2315.001s][info][gc,marking     ] GC(387) Concurrent Cleanup for Next Mark 4.957ms
[2315.001s][info][gc             ] GC(387) Concurrent Mark Cycle 958.477ms
....[2319.174s][info][gc,start       ] GC(388) Pause Young (Prepare Mixed) (G1 Evacuation Pause)
[2319.174s][info][gc,task        ] GC(388) Using 6 workers of 6 for evacuation
[2319.295s][info][gc,phases      ] GC(388)   Pre Evacuate Collection Set: 0.37ms
[2319.295s][info][gc,phases      ] GC(388)   Merge Heap Roots: 0.57ms
[2319.295s][info][gc,phases      ] GC(388)   Evacuate Collection Set: 119.40ms
[2319.295s][info][gc,phases      ] GC(388)   Post Evacuate Collection Set: 0.92ms
[2319.295s][info][gc,phases      ] GC(388)   Other: 0.09ms
[2319.295s][info][gc,heap        ] GC(388) Eden regions: 1119->0(1107)
[2319.295s][info][gc,heap        ] GC(388) Survivor regions: 109->112(154)
[2319.295s][info][gc,heap        ] GC(388) Old regions: 501->534
[2319.295s][info][gc,heap        ] GC(388) Humongous regions: 80->80
[2319.295s][info][gc,metaspace   ] GC(388) Metaspace: 28960K(29312K)->28960K(29312K) NonClass: 24076K(24256K)->24076K(24256K) Class: 4883K(5056K)->4883K(5056K)
[2319.295s][info][gc             ] GC(388) Pause Young (Prepare Mixed) (G1 Evacuation Pause) 3616M->1450M(4096M) 121.469ms
[2319.295s][info][gc,cpu         ] GC(388) User=0.72s Sys=0.00s Real=0.12s
.....[2324.339s][info][gc,start       ] GC(389) Pause Young (Mixed) (G1 Evacuation Pause)
[2324.339s][info][gc,task        ] GC(389) Using 6 workers of 6 for evacuation
[2324.469s][info][gc,phases      ] GC(389)   Pre Evacuate Collection Set: 0.39ms
[2324.469s][info][gc,phases      ] GC(389)   Merge Heap Roots: 0.72ms
[2324.469s][info][gc,phases      ] GC(389)   Evacuate Collection Set: 127.53ms
[2324.469s][info][gc,phases      ] GC(389)   Post Evacuate Collection Set: 1.00ms
[2324.469s][info][gc,phases      ] GC(389)   Other: 0.09ms
[2324.469s][info][gc,heap        ] GC(389) Eden regions: 1107->0(1121)
[2324.469s][info][gc,heap        ] GC(389) Survivor regions: 112->107(153)
[2324.469s][info][gc,heap        ] GC(389) Old regions: 534->469
[2324.469s][info][gc,heap        ] GC(389) Humongous regions: 80->80
[2324.469s][info][gc,metaspace   ] GC(389) Metaspace: 28960K(29312K)->28960K(29312K) NonClass: 24076K(24256K)->24076K(24256K) Class: 4883K(5056K)->4883K(5056K)
[2324.469s][info][gc             ] GC(389) Pause Young (Mixed) (G1 Evacuation Pause) 3664M->1311M(4096M) 129.868ms
[2324.469s][info][gc,cpu         ] GC(389) User=0.77s Sys=0.00s Real=0.13s
.....[2329.633s][info][gc,start       ] GC(390) Pause Young (Concurrent Start) (G1 Evacuation Pause)
[2329.634s][info][gc,task        ] GC(390) Using 6 workers of 6 for evacuation
[2329.749s][info][gc,phases      ] GC(390)   Pre Evacuate Collection Set: 0.39ms
[2329.749s][info][gc,phases      ] GC(390)   Merge Heap Roots: 0.52ms
[2329.749s][info][gc,phases      ] GC(390)   Evacuate Collection Set: 113.99ms
[2329.749s][info][gc,phases      ] GC(390)   Post Evacuate Collection Set: 0.90ms
[2329.749s][info][gc,phases      ] GC(390)   Other: 0.12ms
[2329.749s][info][gc,heap        ] GC(390) Eden regions: 1121->0(1119)
[2329.749s][info][gc,heap        ] GC(390) Survivor regions: 107->109(154)
[2329.749s][info][gc,heap        ] GC(390) Old regions: 469->500
[2329.749s][info][gc,heap        ] GC(390) Humongous regions: 80->80
[2329.749s][info][gc,metaspace   ] GC(390) Metaspace: 28960K(29312K)->28960K(29312K) NonClass: 24076K(24256K)->24076K(24256K) Class: 4883K(5056K)->4883K(5056K)
[2329.750s][info][gc             ] GC(390) Pause Young (Concurrent Start) (G1 Evacuation Pause) 3553M->1376M(4096M) 116.053ms
[2329.750s][info][gc             ] GC(391) Concurrent Mark Cycle
[2329.750s][info][gc,marking     ] GC(391) Concurrent Scan Root Regions
[2329.750s][info][gc,cpu         ] GC(390) User=0.69s Sys=0.00s Real=0.11s
.[2329.896s][info][gc,marking     ] GC(391) Concurrent Scan Root Regions 146.155ms
[2329.896s][info][gc,marking     ] GC(391) Concurrent Mark
[2329.896s][info][gc,marking     ] GC(391) Concurrent Mark From Roots
[2329.896s][info][gc,task        ] GC(391) Using 2 workers of 2 for marking
[2330.559s][info][gc,marking     ] GC(391) Concurrent Mark From Roots 662.886ms
[2330.559s][info][gc,marking     ] GC(391) Concurrent Preclean
[2330.559s][info][gc,marking     ] GC(391) Concurrent Preclean 0.044ms
[2330.559s][info][gc,start       ] GC(391) Pause Remark
[2330.563s][info][gc             ] GC(391) Pause Remark 1743M->1743M(4096M) 4.615ms
[2330.564s][info][gc,cpu         ] GC(391) User=0.02s Sys=0.00s Real=0.01s
[2330.564s][info][gc,marking     ] GC(391) Concurrent Mark 667.808ms
[2330.564s][info][gc,marking     ] GC(391) Concurrent Rebuild Remembered Sets and Scrub Regions
[2330.820s][info][gc,marking     ] GC(391) Concurrent Rebuild Remembered Sets and Scrub Regions 256.301ms
[2330.820s][info][gc,start       ] GC(391) Pause Cleanup
[2330.820s][info][gc             ] GC(391) Pause Cleanup 1854M->1854M(4096M) 0.131ms
[2330.820s][info][gc,cpu         ] GC(391) User=0.00s Sys=0.00s Real=0.00s
[2330.820s][info][gc,marking     ] GC(391) Concurrent Clear Claimed Marks
[2330.820s][info][gc,marking     ] GC(391) Concurrent Clear Claimed Marks 0.039ms
[2330.820s][info][gc,marking     ] GC(391) Concurrent Cleanup for Next Mark
[2330.823s][info][gc,marking     ] GC(391) Concurrent Cleanup for Next Mark 3.165ms
[2330.823s][info][gc             ] GC(391) Concurrent Mark Cycle 1073.890ms
....[2334.865s][info][gc,start       ] GC(392) Pause Young (Prepare Mixed) (G1 Evacuation Pause)
[2334.865s][info][gc,task        ] GC(392) Using 6 workers of 6 for evacuation
[2334.981s][info][gc,phases      ] GC(392)   Pre Evacuate Collection Set: 0.34ms
[2334.981s][info][gc,phases      ] GC(392)   Merge Heap Roots: 0.53ms
[2334.981s][info][gc,phases      ] GC(392)   Evacuate Collection Set: 113.45ms
[2334.981s][info][gc,phases      ] GC(392)   Post Evacuate Collection Set: 0.97ms
[2334.981s][info][gc,phases      ] GC(392)   Other: 0.09ms
[2334.981s][info][gc,heap        ] GC(392) Eden regions: 1119->0(1115)
[2334.981s][info][gc,heap        ] GC(392) Survivor regions: 109->109(154)
[2334.981s][info][gc,heap        ] GC(392) Old regions: 500->532
[2334.981s][info][gc,heap        ] GC(392) Humongous regions: 80->80
[2334.981s][info][gc,metaspace   ] GC(392) Metaspace: 28960K(29312K)->28960K(29312K) NonClass: 24076K(24256K)->24076K(24256K) Class: 4883K(5056K)->4883K(5056K)
[2334.981s][info][gc             ] GC(392) Pause Young (Prepare Mixed) (G1 Evacuation Pause) 3614M->1440M(4096M) 115.520ms
[2334.981s][info][gc,cpu         ] GC(392) User=0.69s Sys=0.00s Real=0.11s
. (rIR:aIR:PR = 3598:3593:3593) (tPR = 53632) [OK] 
  2334s: Performance info:
         Transaction,    Success,    Partial,     Failed,   Receipts, AvgBarcode, 
             Overall,     216602,          0,          0,     205783,      59.49, 
         Response times:
             Request,    Success,    Partial,     Failed,   SkipFail,     Probes,    Samples,      min,      p50,      p90,      p95,      p99,      max, 
       TotalPurchase,     205781,          0,          0,          0,     201708,     219314,      300,     3000,     5000,     6500,    27000,   155000,
     InStorePurchase,     108295,          0,          0,          0,     106398,     115493,      300,     2900,     4900,     6400,    27000,   155000,
      OnlinePurchase,      75831,          0,          0,          0,      74321,      80776,      300,     3000,     5100,     6600,    28000,   147000,
        InstPurchase,      21655,          0,          0,          0,      20989,      23045,      400,     3300,     5200,     6700,    29000,   151000,
          AssocOfCat,        213,          0,          0,          0,        150,        215,    19700,    30000,    46800,    76000,   181560,   197000,
      AssocOfProduct,       2167,          0,          0,          0,       1986,       2314,      600,     2300,     3600,     4600,    15785,   120000,
      BusinessReport,        543,          0,          0,          0,        453,        577,    19600,    33000,    47200,    59000,   127360,   260000,
          CustBuyBeh,       2165,          0,          0,          0,       1976,       2321,      200,     3100,     5000,     6790,    28000,   120000,
       ProductReturn,       5729,          0,          0,          0,       5470,       6208,      200,     2400,     4700,     6000,    23000,   147000,

  2334s: (27%)   IR =   3736 ....[2339.942s][info][gc,start       ] GC(393) Pause Young (Mixed) (G1 Evacuation Pause)
[2339.942s][info][gc,task        ] GC(393) Using 6 workers of 6 for evacuation
[2340.080s][info][gc,phases      ] GC(393)   Pre Evacuate Collection Set: 0.42ms
[2340.080s][info][gc,phases      ] GC(393)   Merge Heap Roots: 0.75ms
[2340.080s][info][gc,phases      ] GC(393)   Evacuate Collection Set: 135.81ms
[2340.080s][info][gc,phases      ] GC(393)   Post Evacuate Collection Set: 0.95ms
[2340.080s][info][gc,phases      ] GC(393)   Other: 0.10ms
[2340.080s][info][gc,heap        ] GC(393) Eden regions: 1115->0(1120)
[2340.080s][info][gc,heap        ] GC(393) Survivor regions: 109->108(153)
[2340.080s][info][gc,heap        ] GC(393) Old regions: 532->470
[2340.080s][info][gc,heap        ] GC(393) Humongous regions: 80->80
[2340.080s][info][gc,metaspace   ] GC(393) Metaspace: 28960K(29312K)->28960K(29312K) NonClass: 24076K(24256K)->24076K(24256K) Class: 4883K(5056K)->4883K(5056K)
[2340.080s][info][gc             ] GC(393) Pause Young (Mixed) (G1 Evacuation Pause) 3670M->1313M(4096M) 138.183ms
[2340.080s][info][gc,cpu         ] GC(393) User=0.82s Sys=0.00s Real=0.13s
....|.[2345.068s][info][gc,start       ] GC(394) Pause Young (Concurrent Start) (G1 Evacuation Pause)
[2345.068s][info][gc,task        ] GC(394) Using 6 workers of 6 for evacuation
[2345.186s][info][gc,phases      ] GC(394)   Pre Evacuate Collection Set: 0.41ms
[2345.186s][info][gc,phases      ] GC(394)   Merge Heap Roots: 0.52ms
[2345.186s][info][gc,phases      ] GC(394)   Evacuate Collection Set: 116.28ms
[2345.186s][info][gc,phases      ] GC(394)   Post Evacuate Collection Set: 0.88ms
[2345.186s][info][gc,phases      ] GC(394)   Other: 0.11ms
[2345.186s][info][gc,heap        ] GC(394) Eden regions: 1120->0(1118)
[2345.186s][info][gc,heap        ] GC(394) Survivor regions: 108->110(154)
[2345.186s][info][gc,heap        ] GC(394) Old regions: 470->502
[2345.186s][info][gc,heap        ] GC(394) Humongous regions: 80->80
[2345.186s][info][gc,metaspace   ] GC(394) Metaspace: 28960K(29312K)->28960K(29312K) NonClass: 24076K(24256K)->24076K(24256K) Class: 4883K(5056K)->4883K(5056K)
[2345.186s][info][gc             ] GC(394) Pause Young (Concurrent Start) (G1 Evacuation Pause) 3553M->1381M(4096M) 118.355ms
[2345.186s][info][gc             ] GC(395) Concurrent Mark Cycle
[2345.186s][info][gc,marking     ] GC(395) Concurrent Scan Root Regions
[2345.186s][info][gc,cpu         ] GC(394) User=0.70s Sys=0.00s Real=0.12s
.[2345.349s][info][gc,marking     ] GC(395) Concurrent Scan Root Regions 162.484ms
[2345.349s][info][gc,marking     ] GC(395) Concurrent Mark
[2345.349s][info][gc,marking     ] GC(395) Concurrent Mark From Roots
[2345.349s][info][gc,task        ] GC(395) Using 2 workers of 2 for marking
[2346.012s][info][gc,marking     ] GC(395) Concurrent Mark From Roots 663.251ms
[2346.012s][info][gc,marking     ] GC(395) Concurrent Preclean
[2346.012s][info][gc,marking     ] GC(395) Concurrent Preclean 0.074ms
[2346.013s][info][gc,start       ] GC(395) Pause Remark
[2346.018s][info][gc             ] GC(395) Pause Remark 1809M->1809M(4096M) 4.261ms
[2346.018s][info][gc,cpu         ] GC(395) User=0.02s Sys=0.00s Real=0.00s
[2346.018s][info][gc,marking     ] GC(395) Concurrent Mark 669.123ms
[2346.018s][info][gc,marking     ] GC(395) Concurrent Rebuild Remembered Sets and Scrub Regions
.[2346.239s][info][gc,marking     ] GC(395) Concurrent Rebuild Remembered Sets and Scrub Regions 221.483ms
[2346.239s][info][gc,start       ] GC(395) Pause Cleanup
[2346.240s][info][gc             ] GC(395) Pause Cleanup 1899M->1899M(4096M) 0.114ms
[2346.240s][info][gc,cpu         ] GC(395) User=0.00s Sys=0.00s Real=0.00s
[2346.240s][info][gc,marking     ] GC(395) Concurrent Clear Claimed Marks
[2346.240s][info][gc,marking     ] GC(395) Concurrent Clear Claimed Marks 0.030ms
[2346.240s][info][gc,marking     ] GC(395) Concurrent Cleanup for Next Mark
[2346.243s][info][gc,marking     ] GC(395) Concurrent Cleanup for Next Mark 3.197ms
[2346.243s][info][gc             ] GC(395) Concurrent Mark Cycle 1056.745ms
...[2350.107s][info][gc,start       ] GC(396) Pause Young (Prepare Mixed) (G1 Evacuation Pause)
[2350.107s][info][gc,task        ] GC(396) Using 6 workers of 6 for evacuation
[2350.226s][info][gc,phases      ] GC(396)   Pre Evacuate Collection Set: 0.36ms
[2350.226s][info][gc,phases      ] GC(396)   Merge Heap Roots: 0.53ms
[2350.226s][info][gc,phases      ] GC(396)   Evacuate Collection Set: 116.82ms
[2350.226s][info][gc,phases      ] GC(396)   Post Evacuate Collection Set: 0.92ms
[2350.226s][info][gc,phases      ] GC(396)   Other: 0.10ms
[2350.226s][info][gc,heap        ] GC(396) Eden regions: 1118->0(1110)
[2350.226s][info][gc,heap        ] GC(396) Survivor regions: 110->111(154)
[2350.226s][info][gc,heap        ] GC(396) Old regions: 502->533
[2350.226s][info][gc,heap        ] GC(396) Humongous regions: 80->80
[2350.226s][info][gc,metaspace   ] GC(396) Metaspace: 28960K(29312K)->28960K(29312K) NonClass: 24076K(24256K)->24076K(24256K) Class: 4883K(5056K)->4883K(5056K)
[2350.226s][info][gc             ] GC(396) Pause Young (Prepare Mixed) (G1 Evacuation Pause) 3617M->1446M(4096M) 118.867ms
[2350.226s][info][gc,cpu         ] GC(396) User=0.71s Sys=0.00s Real=0.12s
.....[2355.170s][info][gc,start       ] GC(397) Pause Young (Mixed) (G1 Evacuation Pause)
[2355.170s][info][gc,task        ] GC(397) Using 6 workers of 6 for evacuation
[2355.303s][info][gc,phases      ] GC(397)   Pre Evacuate Collection Set: 0.41ms
[2355.303s][info][gc,phases      ] GC(397)   Merge Heap Roots: 0.69ms
[2355.303s][info][gc,phases      ] GC(397)   Evacuate Collection Set: 130.38ms
[2355.303s][info][gc,phases      ] GC(397)   Post Evacuate Collection Set: 0.95ms
[2355.303s][info][gc,phases      ] GC(397)   Other: 0.09ms
[2355.303s][info][gc,heap        ] GC(397) Eden regions: 1110->0(1119)
[2355.303s][info][gc,heap        ] GC(397) Survivor regions: 111->109(153)
[2355.303s][info][gc,heap        ] GC(397) Old regions: 533->470
[2355.303s][info][gc,heap        ] GC(397) Humongous regions: 80->80
[2355.303s][info][gc,metaspace   ] GC(397) Metaspace: 28960K(29312K)->28960K(29312K) NonClass: 24076K(24256K)->24076K(24256K) Class: 4883K(5056K)->4883K(5056K)
[2355.303s][info][gc             ] GC(397) Pause Young (Mixed) (G1 Evacuation Pause) 3666M->1317M(4096M) 132.670ms
[2355.303s][info][gc,cpu         ] GC(397) User=0.79s Sys=0.00s Real=0.14s
.....[2360.126s][info][gc,start       ] GC(398) Pause Young (Concurrent Start) (G1 Evacuation Pause)
[2360.126s][info][gc,task        ] GC(398) Using 6 workers of 6 for evacuation
[2360.242s][info][gc,phases      ] GC(398)   Pre Evacuate Collection Set: 0.41ms
[2360.242s][info][gc,phases      ] GC(398)   Merge Heap Roots: 0.48ms
[2360.242s][info][gc,phases      ] GC(398)   Evacuate Collection Set: 113.83ms
[2360.242s][info][gc,phases      ] GC(398)   Post Evacuate Collection Set: 0.88ms
[2360.242s][info][gc,phases      ] GC(398)   Other: 0.12ms
[2360.242s][info][gc,heap        ] GC(398) Eden regions: 1119->0(1119)
[2360.242s][info][gc,heap        ] GC(398) Survivor regions: 109->109(154)
[2360.242s][info][gc,heap        ] GC(398) Old regions: 470->502
[2360.242s][info][gc,heap        ] GC(398) Humongous regions: 80->80
[2360.242s][info][gc,metaspace   ] GC(398) Metaspace: 28960K(29312K)->28960K(29312K) NonClass: 24076K(24256K)->24076K(24256K) Class: 4883K(5056K)->4883K(5056K)
[2360.242s][info][gc             ] GC(398) Pause Young (Concurrent Start) (G1 Evacuation Pause) 3555M->1380M(4096M) 115.867ms
[2360.242s][info][gc             ] GC(399) Concurrent Mark Cycle
[2360.242s][info][gc,marking     ] GC(399) Concurrent Scan Root Regions
[2360.242s][info][gc,cpu         ] GC(398) User=0.69s Sys=0.01s Real=0.12s
.[2360.369s][info][gc,marking     ] GC(399) Concurrent Scan Root Regions 127.261ms
[2360.369s][info][gc,marking     ] GC(399) Concurrent Mark
[2360.369s][info][gc,marking     ] GC(399) Concurrent Mark From Roots
[2360.369s][info][gc,task        ] GC(399) Using 2 workers of 2 for marking
[2360.937s][info][gc,marking     ] GC(399) Concurrent Mark From Roots 568.078ms
[2360.937s][info][gc,marking     ] GC(399) Concurrent Preclean
[2360.937s][info][gc,marking     ] GC(399) Concurrent Preclean 0.043ms
[2360.937s][info][gc,start       ] GC(399) Pause Remark
[2360.941s][info][gc             ] GC(399) Pause Remark 1697M->1697M(4096M) 4.040ms
[2360.941s][info][gc,cpu         ] GC(399) User=0.02s Sys=0.00s Real=0.01s
[2360.942s][info][gc,marking     ] GC(399) Concurrent Mark 572.414ms
[2360.942s][info][gc,marking     ] GC(399) Concurrent Rebuild Remembered Sets and Scrub Regions
[2361.179s][info][gc,marking     ] GC(399) Concurrent Rebuild Remembered Sets and Scrub Regions 237.185ms
[2361.179s][info][gc,start       ] GC(399) Pause Cleanup
[2361.179s][info][gc             ] GC(399) Pause Cleanup 1791M->1791M(4096M) 0.125ms
[2361.179s][info][gc,cpu         ] GC(399) User=0.00s Sys=0.00s Real=0.00s
[2361.179s][info][gc,marking     ] GC(399) Concurrent Clear Claimed Marks
[2361.179s][info][gc,marking     ] GC(399) Concurrent Clear Claimed Marks 0.027ms
[2361.179s][info][gc,marking     ] GC(399) Concurrent Cleanup for Next Mark
[2361.182s][info][gc,marking     ] GC(399) Concurrent Cleanup for Next Mark 3.310ms
[2361.182s][info][gc             ] GC(399) Concurrent Mark Cycle 940.612ms
....[2365.265s][info][gc,start       ] GC(400) Pause Young (Prepare Mixed) (G1 Evacuation Pause)
[2365.265s][info][gc,task        ] GC(400) Using 6 workers of 6 for evacuation
[2365.381s][info][gc,phases      ] GC(400)   Pre Evacuate Collection Set: 0.37ms
[2365.381s][info][gc,phases      ] GC(400)   Merge Heap Roots: 0.52ms
[2365.381s][info][gc,phases      ] GC(400)   Evacuate Collection Set: 113.47ms
[2365.381s][info][gc,phases      ] GC(400)   Post Evacuate Collection Set: 0.93ms
[2365.381s][info][gc,phases      ] GC(400)   Other: 0.09ms
[2365.381s][info][gc,heap        ] GC(400) Eden regions: 1119->0(1117)
[2365.381s][info][gc,heap        ] GC(400) Survivor regions: 109->107(154)
[2365.381s][info][gc,heap        ] GC(400) Old regions: 502->534
[2365.381s][info][gc,heap        ] GC(400) Humongous regions: 80->80
[2365.381s][info][gc,metaspace   ] GC(400) Metaspace: 28960K(29312K)->28960K(29312K) NonClass: 24076K(24256K)->24076K(24256K) Class: 4883K(5056K)->4883K(5056K)
[2365.381s][info][gc             ] GC(400) Pause Young (Prepare Mixed) (G1 Evacuation Pause) 3618M->1440M(4096M) 115.526ms
[2365.381s][info][gc,cpu         ] GC(400) User=0.68s Sys=0.00s Real=0.11s
.....[2370.309s][info][gc,start       ] GC(401) Pause Young (Mixed) (G1 Evacuation Pause)
[2370.309s][info][gc,task        ] GC(401) Using 6 workers of 6 for evacuation
[2370.441s][info][gc,phases      ] GC(401)   Pre Evacuate Collection Set: 0.38ms
[2370.441s][info][gc,phases      ] GC(401)   Merge Heap Roots: 0.80ms
[2370.441s][info][gc,phases      ] GC(401)   Evacuate Collection Set: 129.89ms
[2370.441s][info][gc,phases      ] GC(401)   Post Evacuate Collection Set: 0.97ms
[2370.441s][info][gc,phases      ] GC(401)   Other: 0.09ms
[2370.441s][info][gc,heap        ] GC(401) Eden regions: 1117->0(1118)
[2370.441s][info][gc,heap        ] GC(401) Survivor regions: 107->110(153)
[2370.441s][info][gc,heap        ] GC(401) Old regions: 534->471
[2370.441s][info][gc,heap        ] GC(401) Humongous regions: 80->80
[2370.441s][info][gc,metaspace   ] GC(401) Metaspace: 28960K(29312K)->28960K(29312K) NonClass: 24076K(24256K)->24076K(24256K) Class: 4883K(5056K)->4883K(5056K)
[2370.441s][info][gc             ] GC(401) Pause Young (Mixed) (G1 Evacuation Pause) 3674M->1320M(4096M) 132.290ms
[2370.441s][info][gc,cpu         ] GC(401) User=0.78s Sys=0.00s Real=0.14s
.....[2375.405s][info][gc,start       ] GC(402) Pause Young (Concurrent Start) (G1 Evacuation Pause)
[2375.405s][info][gc,task        ] GC(402) Using 6 workers of 6 for evacuation
[2375.523s][info][gc,phases      ] GC(402)   Pre Evacuate Collection Set: 0.40ms
[2375.524s][info][gc,phases      ] GC(402)   Merge Heap Roots: 0.52ms
[2375.524s][info][gc,phases      ] GC(402)   Evacuate Collection Set: 116.64ms
[2375.524s][info][gc,phases      ] GC(402)   Post Evacuate Collection Set: 0.89ms
[2375.524s][info][gc,phases      ] GC(402)   Other: 0.12ms
[2375.524s][info][gc,heap        ] GC(402) Eden regions: 1118->0(1118)
[2375.524s][info][gc,heap        ] GC(402) Survivor regions: 110->110(154)
[2375.524s][info][gc,heap        ] GC(402) Old regions: 471->504
[2375.524s][info][gc,heap        ] GC(402) Humongous regions: 80->80
[2375.524s][info][gc,metaspace   ] GC(402) Metaspace: 28960K(29312K)->28960K(29312K) NonClass: 24076K(24256K)->24076K(24256K) Class: 4883K(5056K)->4883K(5056K)
[2375.524s][info][gc             ] GC(402) Pause Young (Concurrent Start) (G1 Evacuation Pause) 3556M->1386M(4096M) 118.716ms
[2375.524s][info][gc             ] GC(403) Concurrent Mark Cycle
[2375.524s][info][gc,marking     ] GC(403) Concurrent Scan Root Regions
[2375.524s][info][gc,cpu         ] GC(402) User=0.70s Sys=0.00s Real=0.12s
.[2375.663s][info][gc,marking     ] GC(403) Concurrent Scan Root Regions 139.394ms
[2375.663s][info][gc,marking     ] GC(403) Concurrent Mark
[2375.663s][info][gc,marking     ] GC(403) Concurrent Mark From Roots
[2375.663s][info][gc,task        ] GC(403) Using 2 workers of 2 for marking
[2376.292s][info][gc,marking     ] GC(403) Concurrent Mark From Roots 628.697ms
[2376.292s][info][gc,marking     ] GC(403) Concurrent Preclean
[2376.292s][info][gc,marking     ] GC(403) Concurrent Preclean 0.047ms
[2376.292s][info][gc,start       ] GC(403) Pause Remark
[2376.296s][info][gc             ] GC(403) Pause Remark 1799M->1799M(4096M) 3.881ms
[2376.296s][info][gc,cpu         ] GC(403) User=0.02s Sys=0.00s Real=0.00s
[2376.296s][info][gc,marking     ] GC(403) Concurrent Mark 632.899ms
[2376.296s][info][gc,marking     ] GC(403) Concurrent Rebuild Remembered Sets and Scrub Regions
.[2376.647s][info][gc,marking     ] GC(403) Concurrent Rebuild Remembered Sets and Scrub Regions 351.368ms
[2376.647s][info][gc,start       ] GC(403) Pause Cleanup
[2376.648s][info][gc             ] GC(403) Pause Cleanup 1951M->1951M(4096M) 0.117ms
[2376.648s][info][gc,cpu         ] GC(403) User=0.00s Sys=0.00s Real=0.00s
[2376.648s][info][gc,marking     ] GC(403) Concurrent Clear Claimed Marks
[2376.648s][info][gc,marking     ] GC(403) Concurrent Clear Claimed Marks 0.027ms
[2376.648s][info][gc,marking     ] GC(403) Concurrent Cleanup for Next Mark
[2376.651s][info][gc,marking     ] GC(403) Concurrent Cleanup for Next Mark 3.331ms
[2376.651s][info][gc             ] GC(403) Concurrent Mark Cycle 1127.434ms
...[2380.403s][info][gc,start       ] GC(404) Pause Young (Prepare Mixed) (G1 Evacuation Pause)
[2380.403s][info][gc,task        ] GC(404) Using 6 workers of 6 for evacuation
[2380.520s][info][gc,phases      ] GC(404)   Pre Evacuate Collection Set: 0.34ms
[2380.520s][info][gc,phases      ] GC(404)   Merge Heap Roots: 0.53ms
[2380.520s][info][gc,phases      ] GC(404)   Evacuate Collection Set: 114.98ms
[2380.520s][info][gc,phases      ] GC(404)   Post Evacuate Collection Set: 0.98ms
[2380.520s][info][gc,phases      ] GC(404)   Other: 0.09ms
[2380.520s][info][gc,heap        ] GC(404) Eden regions: 1118->0(1112)
[2380.520s][info][gc,heap        ] GC(404) Survivor regions: 110->109(154)
[2380.520s][info][gc,heap        ] GC(404) Old regions: 504->535
[2380.520s][info][gc,heap        ] GC(404) Humongous regions: 80->80
[2380.520s][info][gc,metaspace   ] GC(404) Metaspace: 28960K(29312K)->28960K(29312K) NonClass: 24076K(24256K)->24076K(24256K) Class: 4883K(5056K)->4883K(5056K)
[2380.520s][info][gc             ] GC(404) Pause Young (Prepare Mixed) (G1 Evacuation Pause) 3622M->1447M(4096M) 117.053ms
[2380.520s][info][gc,cpu         ] GC(404) User=0.69s Sys=0.00s Real=0.11s
.....[2385.501s][info][gc,start       ] GC(405) Pause Young (Mixed) (G1 Evacuation Pause)
[2385.501s][info][gc,task        ] GC(405) Using 6 workers of 6 for evacuation
[2385.634s][info][gc,phases      ] GC(405)   Pre Evacuate Collection Set: 0.37ms
[2385.634s][info][gc,phases      ] GC(405)   Merge Heap Roots: 0.70ms
[2385.634s][info][gc,phases      ] GC(405)   Evacuate Collection Set: 131.36ms
[2385.634s][info][gc,phases      ] GC(405)   Post Evacuate Collection Set: 0.96ms
[2385.635s][info][gc,phases      ] GC(405)   Other: 0.09ms
[2385.635s][info][gc,heap        ] GC(405) Eden regions: 1112->0(1121)
[2385.635s][info][gc,heap        ] GC(405) Survivor regions: 109->107(153)
[2385.635s][info][gc,heap        ] GC(405) Old regions: 535->471
[2385.635s][info][gc,heap        ] GC(405) Humongous regions: 80->80
[2385.635s][info][gc,metaspace   ] GC(405) Metaspace: 28960K(29312K)->28960K(29312K) NonClass: 24076K(24256K)->24076K(24256K) Class: 4883K(5056K)->4883K(5056K)
[2385.635s][info][gc             ] GC(405) Pause Young (Mixed) (G1 Evacuation Pause) 3671M->1315M(4096M) 133.609ms
[2385.635s][info][gc,cpu         ] GC(405) User=0.79s Sys=0.00s Real=0.14s
.....[2390.518s][info][gc,start       ] GC(406) Pause Young (Concurrent Start) (G1 Evacuation Pause)
[2390.518s][info][gc,task        ] GC(406) Using 6 workers of 6 for evacuation
[2390.634s][info][gc,phases      ] GC(406)   Pre Evacuate Collection Set: 0.44ms
[2390.634s][info][gc,phases      ] GC(406)   Merge Heap Roots: 0.54ms
[2390.634s][info][gc,phases      ] GC(406)   Evacuate Collection Set: 114.04ms
[2390.634s][info][gc,phases      ] GC(406)   Post Evacuate Collection Set: 0.89ms
[2390.634s][info][gc,phases      ] GC(406)   Other: 0.14ms
[2390.634s][info][gc,heap        ] GC(406) Eden regions: 1121->0(1120)
[2390.634s][info][gc,heap        ] GC(406) Survivor regions: 107->108(154)
[2390.634s][info][gc,heap        ] GC(406) Old regions: 471->503
[2390.634s][info][gc,heap        ] GC(406) Humongous regions: 80->80
[2390.634s][info][gc,metaspace   ] GC(406) Metaspace: 28960K(29312K)->28960K(29312K) NonClass: 24076K(24256K)->24076K(24256K) Class: 4883K(5056K)->4883K(5056K)
[2390.634s][info][gc             ] GC(406) Pause Young (Concurrent Start) (G1 Evacuation Pause) 3557M->1379M(4096M) 116.197ms
[2390.634s][info][gc             ] GC(407) Concurrent Mark Cycle
[2390.634s][info][gc,marking     ] GC(407) Concurrent Scan Root Regions
[2390.634s][info][gc,cpu         ] GC(406) User=0.69s Sys=0.00s Real=0.12s
.[2390.813s][info][gc,marking     ] GC(407) Concurrent Scan Root Regions 178.939ms
[2390.813s][info][gc,marking     ] GC(407) Concurrent Mark
[2390.813s][info][gc,marking     ] GC(407) Concurrent Mark From Roots
[2390.813s][info][gc,task        ] GC(407) Using 2 workers of 2 for marking
.[2391.767s][info][gc,marking     ] GC(407) Concurrent Mark From Roots 954.284ms
[2391.767s][info][gc,marking     ] GC(407) Concurrent Preclean
[2391.767s][info][gc,marking     ] GC(407) Concurrent Preclean 0.063ms
[2391.768s][info][gc,start       ] GC(407) Pause Remark
[2391.773s][info][gc             ] GC(407) Pause Remark 1921M->1921M(4096M) 5.079ms
[2391.773s][info][gc,cpu         ] GC(407) User=0.03s Sys=0.00s Real=0.01s
[2391.773s][info][gc,marking     ] GC(407) Concurrent Mark 959.826ms
[2391.773s][info][gc,marking     ] GC(407) Concurrent Rebuild Remembered Sets and Scrub Regions
[2392.010s][info][gc,marking     ] GC(407) Concurrent Rebuild Remembered Sets and Scrub Regions 237.269ms
[2392.010s][info][gc,start       ] GC(407) Pause Cleanup
[2392.010s][info][gc             ] GC(407) Pause Cleanup 2053M->2053M(4096M) 0.115ms
[2392.010s][info][gc,cpu         ] GC(407) User=0.00s Sys=0.00s Real=0.00s
[2392.010s][info][gc,marking     ] GC(407) Concurrent Clear Claimed Marks
[2392.010s][info][gc,marking     ] GC(407) Concurrent Clear Claimed Marks 0.032ms
[2392.010s][info][gc,marking     ] GC(407) Concurrent Cleanup for Next Mark
[2392.014s][info][gc,marking     ] GC(407) Concurrent Cleanup for Next Mark 3.302ms
[2392.014s][info][gc             ] GC(407) Concurrent Mark Cycle 1379.790ms
...[2395.671s][info][gc,start       ] GC(408) Pause Young (Prepare Mixed) (G1 Evacuation Pause)
[2395.671s][info][gc,task        ] GC(408) Using 6 workers of 6 for evacuation
[2395.788s][info][gc,phases      ] GC(408)   Pre Evacuate Collection Set: 0.36ms
[2395.788s][info][gc,phases      ] GC(408)   Merge Heap Roots: 0.52ms
[2395.788s][info][gc,phases      ] GC(408)   Evacuate Collection Set: 115.08ms
[2395.788s][info][gc,phases      ] GC(408)   Post Evacuate Collection Set: 0.92ms
[2395.788s][info][gc,phases      ] GC(408)   Other: 0.08ms
[2395.788s][info][gc,heap        ] GC(408) Eden regions: 1120->0(1110)
[2395.788s][info][gc,heap        ] GC(408) Survivor regions: 108->110(154)
[2395.788s][info][gc,heap        ] GC(408) Old regions: 503->535
[2395.788s][info][gc,heap        ] GC(408) Humongous regions: 80->80
[2395.788s][info][gc,metaspace   ] GC(408) Metaspace: 28960K(29312K)->28960K(29312K) NonClass: 24076K(24256K)->24076K(24256K) Class: 4883K(5056K)->4883K(5056K)
[2395.788s][info][gc             ] GC(408) Pause Young (Prepare Mixed) (G1 Evacuation Pause) 3619M->1447M(4096M) 117.095ms
[2395.788s][info][gc,cpu         ] GC(408) User=0.70s Sys=0.00s Real=0.12s
.....[2400.586s][info][gc,start       ] GC(409) Pause Young (Mixed) (G1 Evacuation Pause)
[2400.586s][info][gc,task        ] GC(409) Using 6 workers of 6 for evacuation
[2400.718s][info][gc,phases      ] GC(409)   Pre Evacuate Collection Set: 0.36ms
[2400.718s][info][gc,phases      ] GC(409)   Merge Heap Roots: 0.70ms
[2400.718s][info][gc,phases      ] GC(409)   Evacuate Collection Set: 130.37ms
[2400.718s][info][gc,phases      ] GC(409)   Post Evacuate Collection Set: 0.94ms
[2400.718s][info][gc,phases      ] GC(409)   Other: 0.09ms
[2400.718s][info][gc,heap        ] GC(409) Eden regions: 1110->0(1119)
[2400.718s][info][gc,heap        ] GC(409) Survivor regions: 110->109(153)
[2400.718s][info][gc,heap        ] GC(409) Old regions: 535->471
[2400.718s][info][gc,heap        ] GC(409) Humongous regions: 80->80
[2400.718s][info][gc,metaspace   ] GC(409) Metaspace: 28960K(29312K)->28960K(29312K) NonClass: 24076K(24256K)->24076K(24256K) Class: 4883K(5056K)->4883K(5056K)
[2400.718s][info][gc             ] GC(409) Pause Young (Mixed) (G1 Evacuation Pause) 3667M->1319M(4096M) 132.618ms
[2400.718s][info][gc,cpu         ] GC(409) User=0.79s Sys=0.01s Real=0.13s
.... (rIR:aIR:PR = 3736:3737:3737) (tPR = 55363) [OK] 
  2403s: Performance info:
         Transaction,    Success,    Partial,     Failed,   Receipts, AvgBarcode, 
             Overall,     226860,          0,          0,     215501,      59.47, 
         Response times:
             Request,    Success,    Partial,     Failed,   SkipFail,     Probes,    Samples,      min,      p50,      p90,      p95,      p99,      max, 
       TotalPurchase,     215501,          0,          0,          0,     212222,     240454,      300,     3100,     5200,     6900,    29000,   176000,
     InStorePurchase,     113396,          0,          0,          0,     111965,     126476,      300,     2900,     5100,     6800,    28000,   176000,
      OnlinePurchase,      79413,          0,          0,          0,      78141,      88566,      300,     3200,     5200,     7000,    29000,   140000,
        InstPurchase,      22692,          0,          0,          0,      22116,      25412,      400,     3400,     5400,     7300,    31000,   164000,
          AssocOfCat,        230,          0,          0,          0,        168,        264,    19600,    30000,    38500,    48750,    73350,   146000,
      AssocOfProduct,       2272,          0,          0,          0,       2085,       2581,      400,     3800,     5600,     7200,    27000,   125000,
      BusinessReport,        566,          0,          0,          0,        479,        631,    23000,    33000,    48800,    57800,   106520,   184000,
          CustBuyBeh,       2269,          0,          0,          0,       2080,       2523,      600,     2700,     5000,     7000,    29760,   140000,
       ProductReturn,       6022,          0,          0,          0,       5654,       6620,      200,     3000,     5200,     7000,    28000,   125000,

  2403s: (28%)   IR =   3874 .[2405.588s][info][gc,start       ] GC(410) Pause Young (Concurrent Start) (G1 Evacuation Pause)
[2405.588s][info][gc,task        ] GC(410) Using 6 workers of 6 for evacuation
[2405.704s][info][gc,phases      ] GC(410)   Pre Evacuate Collection Set: 0.43ms
[2405.704s][info][gc,phases      ] GC(410)   Merge Heap Roots: 0.53ms
[2405.704s][info][gc,phases      ] GC(410)   Evacuate Collection Set: 114.55ms
[2405.704s][info][gc,phases      ] GC(410)   Post Evacuate Collection Set: 0.90ms
[2405.704s][info][gc,phases      ] GC(410)   Other: 0.12ms
[2405.704s][info][gc,heap        ] GC(410) Eden regions: 1119->0(1120)
[2405.704s][info][gc,heap        ] GC(410) Survivor regions: 109->108(154)
[2405.704s][info][gc,heap        ] GC(410) Old regions: 471->504
[2405.704s][info][gc,heap        ] GC(410) Humongous regions: 80->80
[2405.704s][info][gc,metaspace   ] GC(410) Metaspace: 28960K(29312K)->28960K(29312K) NonClass: 24076K(24256K)->24076K(24256K) Class: 4883K(5056K)->4883K(5056K)
[2405.704s][info][gc             ] GC(410) Pause Young (Concurrent Start) (G1 Evacuation Pause) 3557M->1382M(4096M) 116.673ms
[2405.704s][info][gc             ] GC(411) Concurrent Mark Cycle
[2405.704s][info][gc,marking     ] GC(411) Concurrent Scan Root Regions
[2405.704s][info][gc,cpu         ] GC(410) User=0.69s Sys=0.00s Real=0.12s
.[2405.879s][info][gc,marking     ] GC(411) Concurrent Scan Root Regions 174.257ms
[2405.879s][info][gc,marking     ] GC(411) Concurrent Mark
[2405.879s][info][gc,marking     ] GC(411) Concurrent Mark From Roots
[2405.879s][info][gc,task        ] GC(411) Using 2 workers of 2 for marking
[2406.792s][info][gc,marking     ] GC(411) Concurrent Mark From Roots 912.914ms
[2406.792s][info][gc,marking     ] GC(411) Concurrent Preclean
[2406.792s][info][gc,marking     ] GC(411) Concurrent Preclean 0.066ms
[2406.792s][info][gc,start       ] GC(411) Pause Remark
[2406.797s][info][gc             ] GC(411) Pause Remark 1928M->1928M(4096M) 5.471ms
[2406.797s][info][gc,cpu         ] GC(411) User=0.03s Sys=0.00s Real=0.00s
[2406.799s][info][gc,marking     ] GC(411) Concurrent Mark 920.050ms
[2406.799s][info][gc,marking     ] GC(411) Concurrent Rebuild Remembered Sets and Scrub Regions
.[2407.147s][info][gc,marking     ] GC(411) Concurrent Rebuild Remembered Sets and Scrub Regions 348.108ms
[2407.147s][info][gc,start       ] GC(411) Pause Cleanup
[2407.147s][info][gc             ] GC(411) Pause Cleanup 2099M->2099M(4096M) 0.113ms
[2407.147s][info][gc,cpu         ] GC(411) User=0.00s Sys=0.00s Real=0.00s
[2407.147s][info][gc,marking     ] GC(411) Concurrent Clear Claimed Marks
[2407.147s][info][gc,marking     ] GC(411) Concurrent Clear Claimed Marks 0.034ms
[2407.147s][info][gc,marking     ] GC(411) Concurrent Cleanup for Next Mark
[2407.150s][info][gc,marking     ] GC(411) Concurrent Cleanup for Next Mark 3.298ms
[2407.150s][info][gc             ] GC(411) Concurrent Mark Cycle 1446.158ms
...|[2410.478s][info][gc,start       ] GC(412) Pause Young (Prepare Mixed) (G1 Evacuation Pause)
[2410.478s][info][gc,task        ] GC(412) Using 6 workers of 6 for evacuation
[2410.597s][info][gc,phases      ] GC(412)   Pre Evacuate Collection Set: 0.37ms
[2410.597s][info][gc,phases      ] GC(412)   Merge Heap Roots: 0.54ms
[2410.597s][info][gc,phases      ] GC(412)   Evacuate Collection Set: 117.39ms
[2410.597s][info][gc,phases      ] GC(412)   Post Evacuate Collection Set: 0.94ms
[2410.597s][info][gc,phases      ] GC(412)   Other: 0.11ms
[2410.597s][info][gc,heap        ] GC(412) Eden regions: 1120->0(1108)
[2410.597s][info][gc,heap        ] GC(412) Survivor regions: 108->111(154)
[2410.597s][info][gc,heap        ] GC(412) Old regions: 504->535
[2410.597s][info][gc,heap        ] GC(412) Humongous regions: 80->80
[2410.597s][info][gc,metaspace   ] GC(412) Metaspace: 28960K(29312K)->28960K(29312K) NonClass: 24076K(24256K)->24076K(24256K) Class: 4883K(5056K)->4883K(5056K)
[2410.597s][info][gc             ] GC(412) Pause Young (Prepare Mixed) (G1 Evacuation Pause) 3622M->1451M(4096M) 119.475ms
[2410.597s][info][gc,cpu         ] GC(412) User=0.71s Sys=0.00s Real=0.12s
.....[2415.379s][info][gc,start       ] GC(413) Pause Young (Mixed) (G1 Evacuation Pause)
[2415.379s][info][gc,task        ] GC(413) Using 6 workers of 6 for evacuation
[2415.508s][info][gc,phases      ] GC(413)   Pre Evacuate Collection Set: 0.37ms
[2415.508s][info][gc,phases      ] GC(413)   Merge Heap Roots: 0.64ms
[2415.508s][info][gc,phases      ] GC(413)   Evacuate Collection Set: 126.09ms
[2415.508s][info][gc,phases      ] GC(413)   Post Evacuate Collection Set: 0.94ms
[2415.508s][info][gc,phases      ] GC(413)   Other: 0.09ms
[2415.508s][info][gc,heap        ] GC(413) Eden regions: 1108->0(1120)
[2415.508s][info][gc,heap        ] GC(413) Survivor regions: 111->108(153)
[2415.508s][info][gc,heap        ] GC(413) Old regions: 535->471
[2415.508s][info][gc,heap        ] GC(413) Humongous regions: 80->80
[2415.508s][info][gc,metaspace   ] GC(413) Metaspace: 28960K(29312K)->28960K(29312K) NonClass: 24076K(24256K)->24076K(24256K) Class: 4883K(5056K)->4883K(5056K)
[2415.508s][info][gc             ] GC(413) Pause Young (Mixed) (G1 Evacuation Pause) 3667M->1317M(4096M) 128.262ms
[2415.508s][info][gc,cpu         ] GC(413) User=0.77s Sys=0.00s Real=0.13s
.....[2420.269s][info][gc,start       ] GC(414) Pause Young (Concurrent Start) (G1 Evacuation Pause)
[2420.269s][info][gc,task        ] GC(414) Using 6 workers of 6 for evacuation
[2420.384s][info][gc,phases      ] GC(414)   Pre Evacuate Collection Set: 0.41ms
[2420.384s][info][gc,phases      ] GC(414)   Merge Heap Roots: 0.48ms
[2420.384s][info][gc,phases      ] GC(414)   Evacuate Collection Set: 113.30ms
[2420.384s][info][gc,phases      ] GC(414)   Post Evacuate Collection Set: 0.92ms
[2420.384s][info][gc,phases      ] GC(414)   Other: 0.10ms
[2420.384s][info][gc,heap        ] GC(414) Eden regions: 1120->0(1120)
[2420.384s][info][gc,heap        ] GC(414) Survivor regions: 108->108(154)
[2420.384s][info][gc,heap        ] GC(414) Old regions: 471->502
[2420.384s][info][gc,heap        ] GC(414) Humongous regions: 80->80
[2420.384s][info][gc,metaspace   ] GC(414) Metaspace: 28960K(29312K)->28960K(29312K) NonClass: 24076K(24256K)->24076K(24256K) Class: 4883K(5056K)->4883K(5056K)
[2420.384s][info][gc             ] GC(414) Pause Young (Concurrent Start) (G1 Evacuation Pause) 3557M->1379M(4096M) 115.356ms
[2420.384s][info][gc             ] GC(415) Concurrent Mark Cycle
[2420.384s][info][gc,marking     ] GC(415) Concurrent Scan Root Regions
[2420.384s][info][gc,cpu         ] GC(414) User=0.68s Sys=0.00s Real=0.12s
[2420.567s][info][gc,marking     ] GC(415) Concurrent Scan Root Regions 182.633ms
[2420.567s][info][gc,marking     ] GC(415) Concurrent Mark
[2420.567s][info][gc,marking     ] GC(415) Concurrent Mark From Roots
[2420.567s][info][gc,task        ] GC(415) Using 2 workers of 2 for marking
.[2421.527s][info][gc,marking     ] GC(415) Concurrent Mark From Roots 960.274ms
[2421.527s][info][gc,marking     ] GC(415) Concurrent Preclean
[2421.527s][info][gc,marking     ] GC(415) Concurrent Preclean 0.043ms
[2421.528s][info][gc,start       ] GC(415) Pause Remark
[2421.533s][info][gc             ] GC(415) Pause Remark 1963M->1963M(4096M) 5.417ms
[2421.533s][info][gc,cpu         ] GC(415) User=0.03s Sys=0.00s Real=0.01s
[2421.533s][info][gc,marking     ] GC(415) Concurrent Mark 965.965ms
[2421.533s][info][gc,marking     ] GC(415) Concurrent Rebuild Remembered Sets and Scrub Regions
.[2421.884s][info][gc,marking     ] GC(415) Concurrent Rebuild Remembered Sets and Scrub Regions 350.519ms
[2421.884s][info][gc,start       ] GC(415) Pause Cleanup
[2421.884s][info][gc             ] GC(415) Pause Cleanup 2108M->2108M(4096M) 0.127ms
[2421.884s][info][gc,cpu         ] GC(415) User=0.00s Sys=0.00s Real=0.00s
[2421.885s][info][gc,marking     ] GC(415) Concurrent Clear Claimed Marks
[2421.885s][info][gc,marking     ] GC(415) Concurrent Clear Claimed Marks 0.037ms
[2421.885s][info][gc,marking     ] GC(415) Concurrent Cleanup for Next Mark
[2421.889s][info][gc,marking     ] GC(415) Concurrent Cleanup for Next Mark 4.580ms
[2421.889s][info][gc             ] GC(415) Concurrent Mark Cycle 1504.847ms
...[2425.098s][info][gc,start       ] GC(416) Pause Young (Prepare Mixed) (G1 Evacuation Pause)
[2425.098s][info][gc,task        ] GC(416) Using 6 workers of 6 for evacuation
[2425.214s][info][gc,phases      ] GC(416)   Pre Evacuate Collection Set: 0.34ms
[2425.214s][info][gc,phases      ] GC(416)   Merge Heap Roots: 0.52ms
[2425.214s][info][gc,phases      ] GC(416)   Evacuate Collection Set: 114.39ms
[2425.214s][info][gc,phases      ] GC(416)   Post Evacuate Collection Set: 0.91ms
[2425.214s][info][gc,phases      ] GC(416)   Other: 0.09ms
[2425.214s][info][gc,heap        ] GC(416) Eden regions: 1120->0(1113)
[2425.214s][info][gc,heap        ] GC(416) Survivor regions: 108->109(154)
[2425.214s][info][gc,heap        ] GC(416) Old regions: 502->534
[2425.214s][info][gc,heap        ] GC(416) Humongous regions: 80->80
[2425.214s][info][gc,metaspace   ] GC(416) Metaspace: 28960K(29312K)->28960K(29312K) NonClass: 24076K(24256K)->24076K(24256K) Class: 4883K(5056K)->4883K(5056K)
[2425.214s][info][gc             ] GC(416) Pause Young (Prepare Mixed) (G1 Evacuation Pause) 3619M->1444M(4096M) 116.405ms
[2425.214s][info][gc,cpu         ] GC(416) User=0.69s Sys=0.00s Real=0.12s
.....[2429.966s][info][gc,start       ] GC(417) Pause Young (Mixed) (G1 Evacuation Pause)
[2429.966s][info][gc,task        ] GC(417) Using 6 workers of 6 for evacuation
[2430.101s][info][gc,phases      ] GC(417)   Pre Evacuate Collection Set: 0.38ms
[2430.101s][info][gc,phases      ] GC(417)   Merge Heap Roots: 0.73ms
[2430.101s][info][gc,phases      ] GC(417)   Evacuate Collection Set: 132.73ms
[2430.101s][info][gc,phases      ] GC(417)   Post Evacuate Collection Set: 0.95ms
[2430.101s][info][gc,phases      ] GC(417)   Other: 0.09ms
[2430.101s][info][gc,heap        ] GC(417) Eden regions: 1113->0(1117)
[2430.101s][info][gc,heap        ] GC(417) Survivor regions: 109->111(153)
[2430.101s][info][gc,heap        ] GC(417) Old regions: 534->469
[2430.101s][info][gc,heap        ] GC(417) Humongous regions: 80->80
[2430.101s][info][gc,metaspace   ] GC(417) Metaspace: 28960K(29312K)->28960K(29312K) NonClass: 24076K(24256K)->24076K(24256K) Class: 4883K(5056K)->4883K(5056K)
[2430.101s][info][gc             ] GC(417) Pause Young (Mixed) (G1 Evacuation Pause) 3670M->1318M(4096M) 135.028ms
[2430.101s][info][gc,cpu         ] GC(417) User=0.81s Sys=0.00s Real=0.13s
.....[2434.862s][info][gc,start       ] GC(418) Pause Young (Concurrent Start) (G1 Evacuation Pause)
[2434.862s][info][gc,task        ] GC(418) Using 6 workers of 6 for evacuation
[2434.979s][info][gc,phases      ] GC(418)   Pre Evacuate Collection Set: 0.41ms
[2434.979s][info][gc,phases      ] GC(418)   Merge Heap Roots: 0.49ms
[2434.979s][info][gc,phases      ] GC(418)   Evacuate Collection Set: 115.14ms
[2434.979s][info][gc,phases      ] GC(418)   Post Evacuate Collection Set: 0.89ms
[2434.979s][info][gc,phases      ] GC(418)   Other: 0.10ms
[2434.979s][info][gc,heap        ] GC(418) Eden regions: 1117->0(1119)
[2434.979s][info][gc,heap        ] GC(418) Survivor regions: 111->109(154)
[2434.979s][info][gc,heap        ] GC(418) Old regions: 469->501
[2434.980s][info][gc,heap        ] GC(418) Humongous regions: 80->80
[2434.980s][info][gc,metaspace   ] GC(418) Metaspace: 28960K(29312K)->28960K(29312K) NonClass: 24076K(24256K)->24076K(24256K) Class: 4883K(5056K)->4883K(5056K)
[2434.980s][info][gc             ] GC(418) Pause Young (Concurrent Start) (G1 Evacuation Pause) 3552M->1377M(4096M) 117.161ms
[2434.980s][info][gc             ] GC(419) Concurrent Mark Cycle
[2434.980s][info][gc,marking     ] GC(419) Concurrent Scan Root Regions
[2434.980s][info][gc,cpu         ] GC(418) User=0.69s Sys=0.00s Real=0.11s
[2435.122s][info][gc,marking     ] GC(419) Concurrent Scan Root Regions 142.347ms
[2435.122s][info][gc,marking     ] GC(419) Concurrent Mark
[2435.122s][info][gc,marking     ] GC(419) Concurrent Mark From Roots
[2435.122s][info][gc,task        ] GC(419) Using 2 workers of 2 for marking
[2435.736s][info][gc,marking     ] GC(419) Concurrent Mark From Roots 613.656ms
[2435.736s][info][gc,marking     ] GC(419) Concurrent Preclean
[2435.736s][info][gc,marking     ] GC(419) Concurrent Preclean 0.048ms
[2435.736s][info][gc,start       ] GC(419) Pause Remark
[2435.740s][info][gc             ] GC(419) Pause Remark 1780M->1780M(4096M) 4.228ms
[2435.740s][info][gc,cpu         ] GC(419) User=0.03s Sys=0.00s Real=0.00s
[2435.740s][info][gc,marking     ] GC(419) Concurrent Mark 618.211ms
[2435.740s][info][gc,marking     ] GC(419) Concurrent Rebuild Remembered Sets and Scrub Regions
.[2436.011s][info][gc,marking     ] GC(419) Concurrent Rebuild Remembered Sets and Scrub Regions 270.468ms
[2436.013s][info][gc,start       ] GC(419) Pause Cleanup
[2436.013s][info][gc             ] GC(419) Pause Cleanup 1923M->1923M(4096M) 0.146ms
[2436.013s][info][gc,cpu         ] GC(419) User=0.00s Sys=0.00s Real=0.00s
[2436.013s][info][gc,marking     ] GC(419) Concurrent Clear Claimed Marks
[2436.013s][info][gc,marking     ] GC(419) Concurrent Clear Claimed Marks 0.040ms
[2436.013s][info][gc,marking     ] GC(419) Concurrent Cleanup for Next Mark
[2436.020s][info][gc,marking     ] GC(419) Concurrent Cleanup for Next Mark 6.380ms
[2436.020s][info][gc             ] GC(419) Concurrent Mark Cycle 1040.035ms
...[2439.765s][info][gc,start       ] GC(420) Pause Young (Prepare Mixed) (G1 Evacuation Pause)
[2439.765s][info][gc,task        ] GC(420) Using 6 workers of 6 for evacuation
[2439.884s][info][gc,phases      ] GC(420)   Pre Evacuate Collection Set: 0.37ms
[2439.884s][info][gc,phases      ] GC(420)   Merge Heap Roots: 0.53ms
[2439.884s][info][gc,phases      ] GC(420)   Evacuate Collection Set: 117.01ms
[2439.884s][info][gc,phases      ] GC(420)   Post Evacuate Collection Set: 0.92ms
[2439.884s][info][gc,phases      ] GC(420)   Other: 0.09ms
[2439.884s][info][gc,heap        ] GC(420) Eden regions: 1119->0(1111)
[2439.884s][info][gc,heap        ] GC(420) Survivor regions: 109->111(154)
[2439.884s][info][gc,heap        ] GC(420) Old regions: 501->532
[2439.884s][info][gc,heap        ] GC(420) Humongous regions: 80->80
[2439.884s][info][gc,metaspace   ] GC(420) Metaspace: 28960K(29312K)->28960K(29312K) NonClass: 24076K(24256K)->24076K(24256K) Class: 4883K(5056K)->4883K(5056K)
[2439.884s][info][gc             ] GC(420) Pause Young (Prepare Mixed) (G1 Evacuation Pause) 3615M->1445M(4096M) 119.049ms
[2439.884s][info][gc,cpu         ] GC(420) User=0.71s Sys=0.00s Real=0.12s
.....[2444.552s][info][gc,start       ] GC(421) Pause Young (Mixed) (G1 Evacuation Pause)
[2444.552s][info][gc,task        ] GC(421) Using 6 workers of 6 for evacuation
[2444.683s][info][gc,phases      ] GC(421)   Pre Evacuate Collection Set: 0.40ms
[2444.683s][info][gc,phases      ] GC(421)   Merge Heap Roots: 0.71ms
[2444.683s][info][gc,phases      ] GC(421)   Evacuate Collection Set: 129.45ms
[2444.683s][info][gc,phases      ] GC(421)   Post Evacuate Collection Set: 0.95ms
[2444.683s][info][gc,phases      ] GC(421)   Other: 0.10ms
[2444.683s][info][gc,heap        ] GC(421) Eden regions: 1111->0(1121)
[2444.683s][info][gc,heap        ] GC(421) Survivor regions: 111->107(153)
[2444.683s][info][gc,heap        ] GC(421) Old regions: 532->471
[2444.683s][info][gc,heap        ] GC(421) Humongous regions: 80->80
[2444.683s][info][gc,metaspace   ] GC(421) Metaspace: 28960K(29312K)->28960K(29312K) NonClass: 24076K(24256K)->24076K(24256K) Class: 4883K(5056K)->4883K(5056K)
[2444.683s][info][gc             ] GC(421) Pause Young (Mixed) (G1 Evacuation Pause) 3667M->1314M(4096M) 131.749ms
[2444.683s][info][gc,cpu         ] GC(421) User=0.78s Sys=0.01s Real=0.13s
.....[2449.510s][info][gc,start       ] GC(422) Pause Young (Concurrent Start) (G1 Evacuation Pause)
[2449.510s][info][gc,task        ] GC(422) Using 6 workers of 6 for evacuation
[2449.631s][info][gc,phases      ] GC(422)   Pre Evacuate Collection Set: 0.41ms
[2449.631s][info][gc,phases      ] GC(422)   Merge Heap Roots: 0.50ms
[2449.631s][info][gc,phases      ] GC(422)   Evacuate Collection Set: 118.78ms
[2449.631s][info][gc,phases      ] GC(422)   Post Evacuate Collection Set: 0.88ms
[2449.631s][info][gc,phases      ] GC(422)   Other: 0.12ms
[2449.631s][info][gc,heap        ] GC(422) Eden regions: 1121->0(1115)
[2449.631s][info][gc,heap        ] GC(422) Survivor regions: 107->113(154)
[2449.631s][info][gc,heap        ] GC(422) Old regions: 471->502
[2449.631s][info][gc,heap        ] GC(422) Humongous regions: 80->80
[2449.631s][info][gc,metaspace   ] GC(422) Metaspace: 28960K(29312K)->28960K(29312K) NonClass: 24076K(24256K)->24076K(24256K) Class: 4883K(5056K)->4883K(5056K)
[2449.631s][info][gc             ] GC(422) Pause Young (Concurrent Start) (G1 Evacuation Pause) 3556M->1388M(4096M) 120.818ms
[2449.631s][info][gc             ] GC(423) Concurrent Mark Cycle
[2449.631s][info][gc,marking     ] GC(423) Concurrent Scan Root Regions
[2449.631s][info][gc,cpu         ] GC(422) User=0.72s Sys=0.00s Real=0.12s
[2449.824s][info][gc,marking     ] GC(423) Concurrent Scan Root Regions 193.388ms
[2449.824s][info][gc,marking     ] GC(423) Concurrent Mark
[2449.824s][info][gc,marking     ] GC(423) Concurrent Mark From Roots
[2449.824s][info][gc,task        ] GC(423) Using 2 workers of 2 for marking
.[2450.550s][info][gc,marking     ] GC(423) Concurrent Mark From Roots 725.927ms
[2450.550s][info][gc,marking     ] GC(423) Concurrent Preclean
[2450.550s][info][gc,marking     ] GC(423) Concurrent Preclean 0.041ms
[2450.551s][info][gc,start       ] GC(423) Pause Remark
[2450.555s][info][gc             ] GC(423) Pause Remark 1881M->1881M(4096M) 4.558ms
[2450.555s][info][gc,cpu         ] GC(423) User=0.03s Sys=0.00s Real=0.01s
[2450.555s][info][gc,marking     ] GC(423) Concurrent Mark 730.786ms
[2450.555s][info][gc,marking     ] GC(423) Concurrent Rebuild Remembered Sets and Scrub Regions
[2450.798s][info][gc,marking     ] GC(423) Concurrent Rebuild Remembered Sets and Scrub Regions 242.254ms
[2450.798s][info][gc,start       ] GC(423) Pause Cleanup
[2450.798s][info][gc             ] GC(423) Pause Cleanup 1989M->1989M(4096M) 0.135ms
[2450.798s][info][gc,cpu         ] GC(423) User=0.00s Sys=0.00s Real=0.00s
[2450.798s][info][gc,marking     ] GC(423) Concurrent Clear Claimed Marks
[2450.798s][info][gc,marking     ] GC(423) Concurrent Clear Claimed Marks 0.036ms
[2450.798s][info][gc,marking     ] GC(423) Concurrent Cleanup for Next Mark
[2450.804s][info][gc,marking     ] GC(423) Concurrent Cleanup for Next Mark 6.527ms
[2450.805s][info][gc             ] GC(423) Concurrent Mark Cycle 1173.504ms
....[2454.437s][info][gc,start       ] GC(424) Pause Young (Prepare Mixed) (G1 Evacuation Pause)
[2454.437s][info][gc,task        ] GC(424) Using 6 workers of 6 for evacuation
[2454.554s][info][gc,phases      ] GC(424)   Pre Evacuate Collection Set: 0.34ms
[2454.554s][info][gc,phases      ] GC(424)   Merge Heap Roots: 0.53ms
[2454.554s][info][gc,phases      ] GC(424)   Evacuate Collection Set: 114.45ms
[2454.554s][info][gc,phases      ] GC(424)   Post Evacuate Collection Set: 0.93ms
[2454.554s][info][gc,phases      ] GC(424)   Other: 0.08ms
[2454.554s][info][gc,heap        ] GC(424) Eden regions: 1115->0(1113)
[2454.554s][info][gc,heap        ] GC(424) Survivor regions: 113->109(154)
[2454.554s][info][gc,heap        ] GC(424) Old regions: 502->534
[2454.554s][info][gc,heap        ] GC(424) Humongous regions: 80->80
[2454.554s][info][gc,metaspace   ] GC(424) Metaspace: 28960K(29312K)->28960K(29312K) NonClass: 24076K(24256K)->24076K(24256K) Class: 4883K(5056K)->4883K(5056K)
[2454.554s][info][gc             ] GC(424) Pause Young (Prepare Mixed) (G1 Evacuation Pause) 3618M->1444M(4096M) 116.460ms
[2454.554s][info][gc,cpu         ] GC(424) User=0.70s Sys=0.00s Real=0.12s
.....[2459.200s][info][gc,start       ] GC(425) Pause Young (Mixed) (G1 Evacuation Pause)
[2459.200s][info][gc,task        ] GC(425) Using 6 workers of 6 for evacuation
[2459.330s][info][gc,phases      ] GC(425)   Pre Evacuate Collection Set: 0.43ms
[2459.330s][info][gc,phases      ] GC(425)   Merge Heap Roots: 0.62ms
[2459.330s][info][gc,phases      ] GC(425)   Evacuate Collection Set: 128.51ms
[2459.330s][info][gc,phases      ] GC(425)   Post Evacuate Collection Set: 0.98ms
[2459.330s][info][gc,phases      ] GC(425)   Other: 0.09ms
[2459.330s][info][gc,heap        ] GC(425) Eden regions: 1113->0(1119)
[2459.330s][info][gc,heap        ] GC(425) Survivor regions: 109->109(153)
[2459.330s][info][gc,heap        ] GC(425) Old regions: 534->470
[2459.330s][info][gc,heap        ] GC(425) Humongous regions: 80->80
[2459.330s][info][gc,metaspace   ] GC(425) Metaspace: 28960K(29312K)->28960K(29312K) NonClass: 24076K(24256K)->24076K(24256K) Class: 4883K(5056K)->4883K(5056K)
[2459.330s][info][gc             ] GC(425) Pause Young (Mixed) (G1 Evacuation Pause) 3670M->1316M(4096M) 130.761ms
[2459.330s][info][gc,cpu         ] GC(425) User=0.78s Sys=0.00s Real=0.13s
.....[2464.051s][info][gc,start       ] GC(426) Pause Young (Concurrent Start) (G1 Evacuation Pause)
[2464.051s][info][gc,task        ] GC(426) Using 6 workers of 6 for evacuation
[2464.168s][info][gc,phases      ] GC(426)   Pre Evacuate Collection Set: 0.41ms
[2464.168s][info][gc,phases      ] GC(426)   Merge Heap Roots: 0.50ms
[2464.168s][info][gc,phases      ] GC(426)   Evacuate Collection Set: 114.76ms
[2464.168s][info][gc,phases      ] GC(426)   Post Evacuate Collection Set: 0.91ms
[2464.168s][info][gc,phases      ] GC(426)   Other: 0.11ms
[2464.168s][info][gc,heap        ] GC(426) Eden regions: 1119->0(1120)
[2464.168s][info][gc,heap        ] GC(426) Survivor regions: 109->108(154)
[2464.168s][info][gc,heap        ] GC(426) Old regions: 470->503
[2464.168s][info][gc,heap        ] GC(426) Humongous regions: 80->80
[2464.168s][info][gc,metaspace   ] GC(426) Metaspace: 28960K(29312K)->28960K(29312K) NonClass: 24076K(24256K)->24076K(24256K) Class: 4883K(5056K)->4883K(5056K)
[2464.168s][info][gc             ] GC(426) Pause Young (Concurrent Start) (G1 Evacuation Pause) 3554M->1380M(4096M) 116.817ms
[2464.168s][info][gc             ] GC(427) Concurrent Mark Cycle
[2464.168s][info][gc,marking     ] GC(427) Concurrent Scan Root Regions
[2464.168s][info][gc,cpu         ] GC(426) User=0.70s Sys=0.00s Real=0.12s
[2464.334s][info][gc,marking     ] GC(427) Concurrent Scan Root Regions 166.795ms
[2464.335s][info][gc,marking     ] GC(427) Concurrent Mark
[2464.335s][info][gc,marking     ] GC(427) Concurrent Mark From Roots
[2464.335s][info][gc,task        ] GC(427) Using 2 workers of 2 for marking
.[2464.969s][info][gc,marking     ] GC(427) Concurrent Mark From Roots 634.294ms
[2464.969s][info][gc,marking     ] GC(427) Concurrent Preclean
[2464.969s][info][gc,marking     ] GC(427) Concurrent Preclean 0.062ms
[2464.969s][info][gc,start       ] GC(427) Pause Remark
[2464.973s][info][gc             ] GC(427) Pause Remark 1770M->1770M(4096M) 3.603ms
[2464.973s][info][gc,cpu         ] GC(427) User=0.02s Sys=0.00s Real=0.01s
[2464.973s][info][gc,marking     ] GC(427) Concurrent Mark 638.270ms
[2464.973s][info][gc,marking     ] GC(427) Concurrent Rebuild Remembered Sets and Scrub Regions
[2465.327s][info][gc,marking     ] GC(427) Concurrent Rebuild Remembered Sets and Scrub Regions 354.621ms
[2465.328s][info][gc,start       ] GC(427) Pause Cleanup
[2465.328s][info][gc             ] GC(427) Pause Cleanup 1953M->1953M(4096M) 0.119ms
[2465.328s][info][gc,cpu         ] GC(427) User=0.00s Sys=0.00s Real=0.00s
[2465.328s][info][gc,marking     ] GC(427) Concurrent Clear Claimed Marks
[2465.328s][info][gc,marking     ] GC(427) Concurrent Clear Claimed Marks 0.028ms
[2465.328s][info][gc,marking     ] GC(427) Concurrent Cleanup for Next Mark
[2465.331s][info][gc,marking     ] GC(427) Concurrent Cleanup for Next Mark 3.763ms
[2465.332s][info][gc             ] GC(427) Concurrent Mark Cycle 1163.876ms
....[2468.947s][info][gc,start       ] GC(428) Pause Young (Prepare Mixed) (G1 Evacuation Pause)
[2468.947s][info][gc,task        ] GC(428) Using 6 workers of 6 for evacuation
[2469.067s][info][gc,phases      ] GC(428)   Pre Evacuate Collection Set: 0.32ms
[2469.067s][info][gc,phases      ] GC(428)   Merge Heap Roots: 0.53ms
[2469.067s][info][gc,phases      ] GC(428)   Evacuate Collection Set: 117.68ms
[2469.067s][info][gc,phases      ] GC(428)   Post Evacuate Collection Set: 0.92ms
[2469.067s][info][gc,phases      ] GC(428)   Other: 0.10ms
[2469.067s][info][gc,heap        ] GC(428) Eden regions: 1120->0(1109)
[2469.067s][info][gc,heap        ] GC(428) Survivor regions: 108->111(154)
[2469.067s][info][gc,heap        ] GC(428) Old regions: 503->534
[2469.067s][info][gc,heap        ] GC(428) Humongous regions: 80->80
[2469.067s][info][gc,metaspace   ] GC(428) Metaspace: 28960K(29312K)->28960K(29312K) NonClass: 24076K(24256K)->24076K(24256K) Class: 4883K(5056K)->4883K(5056K)
[2469.067s][info][gc             ] GC(428) Pause Young (Prepare Mixed) (G1 Evacuation Pause) 3620M->1448M(4096M) 119.704ms
[2469.067s][info][gc,cpu         ] GC(428) User=0.71s Sys=0.00s Real=0.12s
. (rIR:aIR:PR = 3874:3872:3872) (tPR = 57632) [OK] 
  2469s: Performance info:
         Transaction,    Success,    Partial,     Failed,   Receipts, AvgBarcode, 
             Overall,     232711,          0,          0,     221073,      59.48, 
         Response times:
             Request,    Success,    Partial,     Failed,   SkipFail,     Probes,    Samples,      min,      p50,      p90,      p95,      p99,      max, 
       TotalPurchase,     221073,          0,          0,          0,     217665,     240176,      300,     3200,     5700,     8300,    38000,   194000,
     InStorePurchase,     116326,          0,          0,          0,     115040,     126575,      300,     3300,     5800,     8600,    39000,   178000,
      OnlinePurchase,      81482,          0,          0,          0,      80117,      88479,      300,     3100,     5600,     8000,    37000,   194000,
        InstPurchase,      23265,          0,          0,          0,      22508,      25122,      400,     3200,     5700,     7900,    40000,   141000,
          AssocOfCat,        233,          0,          0,          0,        168,        257,    18700,    30000,    40000,    52100,    79560,   178000,
      AssocOfProduct,       2327,          0,          0,          0,       2149,       2527,      500,     3300,     5900,     8920,    34000,   135000,
      BusinessReport,        579,          0,          0,          0,        481,        633,    24000,    36000,    54000,    68000,   157960,   303000,
          CustBuyBeh,       2327,          0,          0,          0,       2124,       2537,      200,     3700,     6300,     9500,    39620,   139000,
       ProductReturn,       6172,          0,          0,          0,       5805,       6589,      200,     2000,     5200,     7300,    32000,   135000,

  2469s: (29%)   IR =   4013 ...[2473.690s][info][gc,start       ] GC(429) Pause Young (Mixed) (G1 Evacuation Pause)
[2473.690s][info][gc,task        ] GC(429) Using 6 workers of 6 for evacuation
[2473.826s][info][gc,phases      ] GC(429)   Pre Evacuate Collection Set: 0.37ms
[2473.826s][info][gc,phases      ] GC(429)   Merge Heap Roots: 0.84ms
[2473.826s][info][gc,phases      ] GC(429)   Evacuate Collection Set: 133.05ms
[2473.826s][info][gc,phases      ] GC(429)   Post Evacuate Collection Set: 0.96ms
[2473.826s][info][gc,phases      ] GC(429)   Other: 0.09ms
[2473.826s][info][gc,heap        ] GC(429) Eden regions: 1109->0(1119)
[2473.826s][info][gc,heap        ] GC(429) Survivor regions: 111->109(153)
[2473.826s][info][gc,heap        ] GC(429) Old regions: 534->470
[2473.826s][info][gc,heap        ] GC(429) Humongous regions: 80->80
[2473.826s][info][gc,metaspace   ] GC(429) Metaspace: 28960K(29312K)->28960K(29312K) NonClass: 24076K(24256K)->24076K(24256K) Class: 4883K(5056K)->4883K(5056K)
[2473.826s][info][gc             ] GC(429) Pause Young (Mixed) (G1 Evacuation Pause) 3666M->1316M(4096M) 135.433ms
[2473.826s][info][gc,cpu         ] GC(429) User=0.81s Sys=0.00s Real=0.14s
.|....[2478.366s][info][gc,start       ] GC(430) Pause Young (Concurrent Start) (G1 Evacuation Pause)
[2478.366s][info][gc,task        ] GC(430) Using 6 workers of 6 for evacuation
[2478.486s][info][gc,phases      ] GC(430)   Pre Evacuate Collection Set: 0.41ms
[2478.486s][info][gc,phases      ] GC(430)   Merge Heap Roots: 0.55ms
[2478.486s][info][gc,phases      ] GC(430)   Evacuate Collection Set: 117.61ms
[2478.486s][info][gc,phases      ] GC(430)   Post Evacuate Collection Set: 0.93ms
[2478.486s][info][gc,phases      ] GC(430)   Other: 0.13ms
[2478.486s][info][gc,heap        ] GC(430) Eden regions: 1119->0(1118)
[2478.486s][info][gc,heap        ] GC(430) Survivor regions: 109->110(154)
[2478.486s][info][gc,heap        ] GC(430) Old regions: 470->502
[2478.486s][info][gc,heap        ] GC(430) Humongous regions: 80->80
[2478.486s][info][gc,metaspace   ] GC(430) Metaspace: 28960K(29312K)->28960K(29312K) NonClass: 24076K(24256K)->24076K(24256K) Class: 4883K(5056K)->4883K(5056K)
[2478.486s][info][gc             ] GC(430) Pause Young (Concurrent Start) (G1 Evacuation Pause) 3554M->1382M(4096M) 119.783ms
[2478.486s][info][gc             ] GC(431) Concurrent Mark Cycle
[2478.486s][info][gc,marking     ] GC(431) Concurrent Scan Root Regions
[2478.486s][info][gc,cpu         ] GC(430) User=0.72s Sys=0.00s Real=0.12s
[2478.629s][info][gc,marking     ] GC(431) Concurrent Scan Root Regions 142.843ms
[2478.629s][info][gc,marking     ] GC(431) Concurrent Mark
[2478.629s][info][gc,marking     ] GC(431) Concurrent Mark From Roots
[2478.629s][info][gc,task        ] GC(431) Using 2 workers of 2 for marking
.[2479.235s][info][gc,marking     ] GC(431) Concurrent Mark From Roots 606.389ms
[2479.235s][info][gc,marking     ] GC(431) Concurrent Preclean
[2479.235s][info][gc,marking     ] GC(431) Concurrent Preclean 0.059ms
[2479.236s][info][gc,start       ] GC(431) Pause Remark
[2479.239s][info][gc             ] GC(431) Pause Remark 1790M->1790M(4096M) 3.662ms
[2479.239s][info][gc,cpu         ] GC(431) User=0.02s Sys=0.00s Real=0.00s
[2479.239s][info][gc,marking     ] GC(431) Concurrent Mark 610.384ms
[2479.239s][info][gc,marking     ] GC(431) Concurrent Rebuild Remembered Sets and Scrub Regions
[2479.456s][info][gc,marking     ] GC(431) Concurrent Rebuild Remembered Sets and Scrub Regions 216.860ms
[2479.456s][info][gc,start       ] GC(431) Pause Cleanup
[2479.457s][info][gc             ] GC(431) Pause Cleanup 1878M->1878M(4096M) 0.143ms
[2479.457s][info][gc,cpu         ] GC(431) User=0.00s Sys=0.00s Real=0.00s
[2479.457s][info][gc,marking     ] GC(431) Concurrent Clear Claimed Marks
[2479.457s][info][gc,marking     ] GC(431) Concurrent Clear Claimed Marks 0.032ms
[2479.457s][info][gc,marking     ] GC(431) Concurrent Cleanup for Next Mark
[2479.460s][info][gc,marking     ] GC(431) Concurrent Cleanup for Next Mark 3.201ms
[2479.460s][info][gc             ] GC(431) Concurrent Mark Cycle 973.831ms
....[2483.193s][info][gc,start       ] GC(432) Pause Young (Prepare Mixed) (G1 Evacuation Pause)
[2483.193s][info][gc,task        ] GC(432) Using 6 workers of 6 for evacuation
[2483.317s][info][gc,phases      ] GC(432)   Pre Evacuate Collection Set: 0.35ms
[2483.317s][info][gc,phases      ] GC(432)   Merge Heap Roots: 0.61ms
[2483.317s][info][gc,phases      ] GC(432)   Evacuate Collection Set: 121.68ms
[2483.317s][info][gc,phases      ] GC(432)   Post Evacuate Collection Set: 0.93ms
[2483.317s][info][gc,phases      ] GC(432)   Other: 0.09ms
[2483.317s][info][gc,heap        ] GC(432) Eden regions: 1118->0(1106)
[2483.317s][info][gc,heap        ] GC(432) Survivor regions: 110->113(154)
[2483.317s][info][gc,heap        ] GC(432) Old regions: 502->533
[2483.317s][info][gc,heap        ] GC(432) Humongous regions: 80->80
[2483.317s][info][gc,metaspace   ] GC(432) Metaspace: 28960K(29312K)->28960K(29312K) NonClass: 24076K(24256K)->24076K(24256K) Class: 4883K(5056K)->4883K(5056K)
[2483.317s][info][gc             ] GC(432) Pause Young (Prepare Mixed) (G1 Evacuation Pause) 3618M->1451M(4096M) 123.786ms
[2483.317s][info][gc,cpu         ] GC(432) User=0.74s Sys=0.00s Real=0.12s
....[2487.820s][info][gc,start       ] GC(433) Pause Young (Mixed) (G1 Evacuation Pause)
[2487.820s][info][gc,task        ] GC(433) Using 6 workers of 6 for evacuation
[2487.951s][info][gc,phases      ] GC(433)   Pre Evacuate Collection Set: 0.40ms
[2487.951s][info][gc,phases      ] GC(433)   Merge Heap Roots: 0.65ms
[2487.951s][info][gc,phases      ] GC(433)   Evacuate Collection Set: 128.82ms
[2487.951s][info][gc,phases      ] GC(433)   Post Evacuate Collection Set: 0.97ms
[2487.951s][info][gc,phases      ] GC(433)   Other: 0.09ms
[2487.951s][info][gc,heap        ] GC(433) Eden regions: 1106->0(1119)
[2487.951s][info][gc,heap        ] GC(433) Survivor regions: 113->109(153)
[2487.951s][info][gc,heap        ] GC(433) Old regions: 533->470
[2487.951s][info][gc,heap        ] GC(433) Humongous regions: 80->80
[2487.951s][info][gc,metaspace   ] GC(433) Metaspace: 28960K(29312K)->28960K(29312K) NonClass: 24076K(24256K)->24076K(24256K) Class: 4883K(5056K)->4883K(5056K)
[2487.951s][info][gc             ] GC(433) Pause Young (Mixed) (G1 Evacuation Pause) 3663M->1316M(4096M) 131.063ms
[2487.951s][info][gc,cpu         ] GC(433) User=0.78s Sys=0.00s Real=0.13s
.....[2492.520s][info][gc,start       ] GC(434) Pause Young (Concurrent Start) (G1 Evacuation Pause)
[2492.520s][info][gc,task        ] GC(434) Using 6 workers of 6 for evacuation
[2492.641s][info][gc,phases      ] GC(434)   Pre Evacuate Collection Set: 0.37ms
[2492.641s][info][gc,phases      ] GC(434)   Merge Heap Roots: 0.47ms
[2492.641s][info][gc,phases      ] GC(434)   Evacuate Collection Set: 118.36ms
[2492.641s][info][gc,phases      ] GC(434)   Post Evacuate Collection Set: 0.91ms
[2492.641s][info][gc,phases      ] GC(434)   Other: 0.11ms
[2492.641s][info][gc,heap        ] GC(434) Eden regions: 1119->0(1117)
[2492.641s][info][gc,heap        ] GC(434) Survivor regions: 109->111(154)
[2492.641s][info][gc,heap        ] GC(434) Old regions: 470->503
[2492.641s][info][gc,heap        ] GC(434) Humongous regions: 80->80
[2492.641s][info][gc,metaspace   ] GC(434) Metaspace: 28960K(29312K)->28960K(29312K) NonClass: 24076K(24256K)->24076K(24256K) Class: 4883K(5056K)->4883K(5056K)
[2492.641s][info][gc             ] GC(434) Pause Young (Concurrent Start) (G1 Evacuation Pause) 3554M->1386M(4096M) 120.341ms
[2492.641s][info][gc             ] GC(435) Concurrent Mark Cycle
[2492.641s][info][gc,marking     ] GC(435) Concurrent Scan Root Regions
[2492.641s][info][gc,cpu         ] GC(434) User=0.71s Sys=0.00s Real=0.12s
[2492.783s][info][gc,marking     ] GC(435) Concurrent Scan Root Regions 142.753ms
[2492.783s][info][gc,marking     ] GC(435) Concurrent Mark
[2492.783s][info][gc,marking     ] GC(435) Concurrent Mark From Roots
[2492.783s][info][gc,task        ] GC(435) Using 2 workers of 2 for marking
.[2493.397s][info][gc,marking     ] GC(435) Concurrent Mark From Roots 613.927ms
[2493.397s][info][gc,marking     ] GC(435) Concurrent Preclean
[2493.397s][info][gc,marking     ] GC(435) Concurrent Preclean 0.047ms
[2493.398s][info][gc,start       ] GC(435) Pause Remark
[2493.402s][info][gc             ] GC(435) Pause Remark 1812M->1812M(4096M) 3.940ms
[2493.402s][info][gc,cpu         ] GC(435) User=0.02s Sys=0.00s Real=0.01s
[2493.402s][info][gc,marking     ] GC(435) Concurrent Mark 618.647ms
[2493.402s][info][gc,marking     ] GC(435) Concurrent Rebuild Remembered Sets and Scrub Regions
[2493.638s][info][gc,marking     ] GC(435) Concurrent Rebuild Remembered Sets and Scrub Regions 235.877ms
[2493.638s][info][gc,start       ] GC(435) Pause Cleanup
[2493.638s][info][gc             ] GC(435) Pause Cleanup 1928M->1928M(4096M) 0.121ms
[2493.638s][info][gc,cpu         ] GC(435) User=0.00s Sys=0.00s Real=0.00s
[2493.638s][info][gc,marking     ] GC(435) Concurrent Clear Claimed Marks
[2493.638s][info][gc,marking     ] GC(435) Concurrent Clear Claimed Marks 0.035ms
[2493.638s][info][gc,marking     ] GC(435) Concurrent Cleanup for Next Mark
[2493.644s][info][gc,marking     ] GC(435) Concurrent Cleanup for Next Mark 5.510ms
[2493.644s][info][gc             ] GC(435) Concurrent Mark Cycle 1003.343ms
....[2497.171s][info][gc,start       ] GC(436) Pause Young (Prepare Mixed) (G1 Evacuation Pause)
[2497.171s][info][gc,task        ] GC(436) Using 6 workers of 6 for evacuation
[2497.287s][info][gc,phases      ] GC(436)   Pre Evacuate Collection Set: 0.38ms
[2497.287s][info][gc,phases      ] GC(436)   Merge Heap Roots: 0.53ms
[2497.287s][info][gc,phases      ] GC(436)   Evacuate Collection Set: 114.38ms
[2497.287s][info][gc,phases      ] GC(436)   Post Evacuate Collection Set: 0.92ms
[2497.287s][info][gc,phases      ] GC(436)   Other: 0.09ms
[2497.287s][info][gc,heap        ] GC(436) Eden regions: 1117->0(1112)
[2497.287s][info][gc,heap        ] GC(436) Survivor regions: 111->110(154)
[2497.287s][info][gc,heap        ] GC(436) Old regions: 503->533
[2497.287s][info][gc,heap        ] GC(436) Humongous regions: 80->80
[2497.287s][info][gc,metaspace   ] GC(436) Metaspace: 28960K(29312K)->28960K(29312K) NonClass: 24076K(24256K)->24076K(24256K) Class: 4883K(5056K)->4883K(5056K)
[2497.287s][info][gc             ] GC(436) Pause Young (Prepare Mixed) (G1 Evacuation Pause) 3620M->1444M(4096M) 116.448ms
[2497.287s][info][gc,cpu         ] GC(436) User=0.69s Sys=0.00s Real=0.12s
....[2501.847s][info][gc,start       ] GC(437) Pause Young (Mixed) (G1 Evacuation Pause)
[2501.847s][info][gc,task        ] GC(437) Using 6 workers of 6 for evacuation
[2501.980s][info][gc,phases      ] GC(437)   Pre Evacuate Collection Set: 0.40ms
[2501.980s][info][gc,phases      ] GC(437)   Merge Heap Roots: 0.77ms
[2501.980s][info][gc,phases      ] GC(437)   Evacuate Collection Set: 130.43ms
[2501.980s][info][gc,phases      ] GC(437)   Post Evacuate Collection Set: 0.96ms
[2501.980s][info][gc,phases      ] GC(437)   Other: 0.10ms
[2501.980s][info][gc,heap        ] GC(437) Eden regions: 1112->0(1120)
[2501.980s][info][gc,heap        ] GC(437) Survivor regions: 110->108(153)
[2501.980s][info][gc,heap        ] GC(437) Old regions: 533->471
[2501.980s][info][gc,heap        ] GC(437) Humongous regions: 80->80
[2501.980s][info][gc,metaspace   ] GC(437) Metaspace: 28960K(29312K)->28960K(29312K) NonClass: 24076K(24256K)->24076K(24256K) Class: 4883K(5056K)->4883K(5056K)
[2501.980s][info][gc             ] GC(437) Pause Young (Mixed) (G1 Evacuation Pause) 3668M->1315M(4096M) 132.788ms
[2501.980s][info][gc,cpu         ] GC(437) User=0.79s Sys=0.00s Real=0.13s
.....[2506.543s][info][gc,start       ] GC(438) Pause Young (Concurrent Start) (G1 Evacuation Pause)
[2506.543s][info][gc,task        ] GC(438) Using 6 workers of 6 for evacuation
[2506.660s][info][gc,phases      ] GC(438)   Pre Evacuate Collection Set: 0.43ms
[2506.660s][info][gc,phases      ] GC(438)   Merge Heap Roots: 0.50ms
[2506.660s][info][gc,phases      ] GC(438)   Evacuate Collection Set: 114.67ms
[2506.660s][info][gc,phases      ] GC(438)   Post Evacuate Collection Set: 0.89ms
[2506.660s][info][gc,phases      ] GC(438)   Other: 0.12ms
[2506.660s][info][gc,heap        ] GC(438) Eden regions: 1120->0(1120)
[2506.660s][info][gc,heap        ] GC(438) Survivor regions: 108->108(154)
[2506.660s][info][gc,heap        ] GC(438) Old regions: 471->502
[2506.660s][info][gc,heap        ] GC(438) Humongous regions: 80->80
[2506.660s][info][gc,metaspace   ] GC(438) Metaspace: 28960K(29312K)->28960K(29312K) NonClass: 24076K(24256K)->24076K(24256K) Class: 4883K(5056K)->4883K(5056K)
[2506.660s][info][gc             ] GC(438) Pause Young (Concurrent Start) (G1 Evacuation Pause) 3555M->1379M(4096M) 116.762ms
[2506.660s][info][gc             ] GC(439) Concurrent Mark Cycle
[2506.660s][info][gc,marking     ] GC(439) Concurrent Scan Root Regions
[2506.660s][info][gc,cpu         ] GC(438) User=0.69s Sys=0.00s Real=0.11s
[2506.805s][info][gc,marking     ] GC(439) Concurrent Scan Root Regions 145.097ms
[2506.805s][info][gc,marking     ] GC(439) Concurrent Mark
[2506.805s][info][gc,marking     ] GC(439) Concurrent Mark From Roots
[2506.805s][info][gc,task        ] GC(439) Using 2 workers of 2 for marking
.[2507.402s][info][gc,marking     ] GC(439) Concurrent Mark From Roots 597.097ms
[2507.402s][info][gc,marking     ] GC(439) Concurrent Preclean
[2507.402s][info][gc,marking     ] GC(439) Concurrent Preclean 0.041ms
[2507.402s][info][gc,start       ] GC(439) Pause Remark
[2507.406s][info][gc             ] GC(439) Pause Remark 1789M->1789M(4096M) 4.114ms
[2507.407s][info][gc,cpu         ] GC(439) User=0.02s Sys=0.01s Real=0.00s
[2507.407s][info][gc,marking     ] GC(439) Concurrent Mark 601.493ms
[2507.407s][info][gc,marking     ] GC(439) Concurrent Rebuild Remembered Sets and Scrub Regions
[2507.763s][info][gc,marking     ] GC(439) Concurrent Rebuild Remembered Sets and Scrub Regions 356.002ms
[2507.763s][info][gc,start       ] GC(439) Pause Cleanup
[2507.763s][info][gc             ] GC(439) Pause Cleanup 1976M->1976M(4096M) 0.129ms
[2507.763s][info][gc,cpu         ] GC(439) User=0.00s Sys=0.00s Real=0.00s
[2507.763s][info][gc,marking     ] GC(439) Concurrent Clear Claimed Marks
[2507.763s][info][gc,marking     ] GC(439) Concurrent Clear Claimed Marks 0.033ms
[2507.763s][info][gc,marking     ] GC(439) Concurrent Cleanup for Next Mark
[2507.766s][info][gc,marking     ] GC(439) Concurrent Cleanup for Next Mark 3.243ms
[2507.766s][info][gc             ] GC(439) Concurrent Mark Cycle 1106.305ms
....[2511.245s][info][gc,start       ] GC(440) Pause Young (Prepare Mixed) (G1 Evacuation Pause)
[2511.245s][info][gc,task        ] GC(440) Using 6 workers of 6 for evacuation
[2511.360s][info][gc,phases      ] GC(440)   Pre Evacuate Collection Set: 0.41ms
[2511.360s][info][gc,phases      ] GC(440)   Merge Heap Roots: 0.51ms
[2511.360s][info][gc,phases      ] GC(440)   Evacuate Collection Set: 112.95ms
[2511.360s][info][gc,phases      ] GC(440)   Post Evacuate Collection Set: 0.94ms
[2511.360s][info][gc,phases      ] GC(440)   Other: 0.09ms
[2511.360s][info][gc,heap        ] GC(440) Eden regions: 1120->0(1115)
[2511.360s][info][gc,heap        ] GC(440) Survivor regions: 108->108(154)
[2511.360s][info][gc,heap        ] GC(440) Old regions: 502->534
[2511.360s][info][gc,heap        ] GC(440) Humongous regions: 80->80
[2511.360s][info][gc,metaspace   ] GC(440) Metaspace: 28960K(29312K)->28960K(29312K) NonClass: 24076K(24256K)->24076K(24256K) Class: 4883K(5056K)->4883K(5056K)
[2511.360s][info][gc             ] GC(440) Pause Young (Prepare Mixed) (G1 Evacuation Pause) 3619M->1441M(4096M) 115.029ms
[2511.360s][info][gc,cpu         ] GC(440) User=0.68s Sys=0.00s Real=0.11s
....[2516.000s][info][gc,start       ] GC(441) Pause Young (Mixed) (G1 Evacuation Pause)
[2516.000s][info][gc,task        ] GC(441) Using 6 workers of 6 for evacuation
[2516.131s][info][gc,phases      ] GC(441)   Pre Evacuate Collection Set: 0.40ms
[2516.131s][info][gc,phases      ] GC(441)   Merge Heap Roots: 0.68ms
[2516.131s][info][gc,phases      ] GC(441)   Evacuate Collection Set: 128.84ms
[2516.131s][info][gc,phases      ] GC(441)   Post Evacuate Collection Set: 0.96ms
[2516.131s][info][gc,phases      ] GC(441)   Other: 0.09ms
[2516.131s][info][gc,heap        ] GC(441) Eden regions: 1115->0(1119)
[2516.131s][info][gc,heap        ] GC(441) Survivor regions: 108->109(153)
[2516.131s][info][gc,heap        ] GC(441) Old regions: 534->471
[2516.131s][info][gc,heap        ] GC(441) Humongous regions: 80->80
[2516.131s][info][gc,metaspace   ] GC(441) Metaspace: 28960K(29312K)->28960K(29312K) NonClass: 24076K(24256K)->24076K(24256K) Class: 4883K(5056K)->4883K(5056K)
[2516.131s][info][gc             ] GC(441) Pause Young (Mixed) (G1 Evacuation Pause) 3671M->1318M(4096M) 131.101ms
[2516.131s][info][gc,cpu         ] GC(441) User=0.77s Sys=0.00s Real=0.14s
.....[2520.723s][info][gc,start       ] GC(442) Pause Young (Concurrent Start) (G1 Evacuation Pause)
[2520.724s][info][gc,task        ] GC(442) Using 6 workers of 6 for evacuation
[2520.842s][info][gc,phases      ] GC(442)   Pre Evacuate Collection Set: 0.42ms
[2520.842s][info][gc,phases      ] GC(442)   Merge Heap Roots: 0.49ms
[2520.842s][info][gc,phases      ] GC(442)   Evacuate Collection Set: 116.73ms
[2520.842s][info][gc,phases      ] GC(442)   Post Evacuate Collection Set: 0.87ms
[2520.842s][info][gc,phases      ] GC(442)   Other: 0.10ms
[2520.842s][info][gc,heap        ] GC(442) Eden regions: 1119->0(1117)
[2520.842s][info][gc,heap        ] GC(442) Survivor regions: 109->111(154)
[2520.842s][info][gc,heap        ] GC(442) Old regions: 471->502
[2520.842s][info][gc,heap        ] GC(442) Humongous regions: 80->80
[2520.842s][info][gc,metaspace   ] GC(442) Metaspace: 28960K(29312K)->28960K(29312K) NonClass: 24076K(24256K)->24076K(24256K) Class: 4883K(5056K)->4883K(5056K)
[2520.842s][info][gc             ] GC(442) Pause Young (Concurrent Start) (G1 Evacuation Pause) 3556M->1385M(4096M) 118.746ms
[2520.842s][info][gc             ] GC(443) Concurrent Mark Cycle
[2520.842s][info][gc,marking     ] GC(443) Concurrent Scan Root Regions
[2520.842s][info][gc,cpu         ] GC(442) User=0.71s Sys=0.00s Real=0.12s
[2521.026s][info][gc,marking     ] GC(443) Concurrent Scan Root Regions 183.740ms
[2521.026s][info][gc,marking     ] GC(443) Concurrent Mark
[2521.026s][info][gc,marking     ] GC(443) Concurrent Mark From Roots
[2521.026s][info][gc,task        ] GC(443) Using 2 workers of 2 for marking
.[2521.934s][info][gc,marking     ] GC(443) Concurrent Mark From Roots 907.729ms
[2521.934s][info][gc,marking     ] GC(443) Concurrent Preclean
[2521.934s][info][gc,marking     ] GC(443) Concurrent Preclean 0.054ms
[2521.934s][info][gc,start       ] GC(443) Pause Remark
[2521.940s][info][gc             ] GC(443) Pause Remark 1961M->1961M(4096M) 5.625ms
[2521.940s][info][gc,cpu         ] GC(443) User=0.03s Sys=0.00s Real=0.00s
[2521.940s][info][gc,marking     ] GC(443) Concurrent Mark 913.662ms
[2521.940s][info][gc,marking     ] GC(443) Concurrent Rebuild Remembered Sets and Scrub Regions
.[2522.291s][info][gc,marking     ] GC(443) Concurrent Rebuild Remembered Sets and Scrub Regions 351.594ms
[2522.292s][info][gc,start       ] GC(443) Pause Cleanup
[2522.292s][info][gc             ] GC(443) Pause Cleanup 2121M->2121M(4096M) 0.127ms
[2522.292s][info][gc,cpu         ] GC(443) User=0.00s Sys=0.00s Real=0.00s
[2522.293s][info][gc,marking     ] GC(443) Concurrent Clear Claimed Marks
[2522.293s][info][gc,marking     ] GC(443) Concurrent Clear Claimed Marks 0.038ms
[2522.293s][info][gc,marking     ] GC(443) Concurrent Cleanup for Next Mark
[2522.296s][info][gc,marking     ] GC(443) Concurrent Cleanup for Next Mark 3.333ms
[2522.296s][info][gc             ] GC(443) Concurrent Mark Cycle 1453.788ms
...[2525.523s][info][gc,start       ] GC(444) Pause Young (Prepare Mixed) (G1 Evacuation Pause)
[2525.523s][info][gc,task        ] GC(444) Using 6 workers of 6 for evacuation
[2525.641s][info][gc,phases      ] GC(444)   Pre Evacuate Collection Set: 0.37ms
[2525.641s][info][gc,phases      ] GC(444)   Merge Heap Roots: 0.53ms
[2525.641s][info][gc,phases      ] GC(444)   Evacuate Collection Set: 115.81ms
[2525.641s][info][gc,phases      ] GC(444)   Post Evacuate Collection Set: 0.91ms
[2525.641s][info][gc,phases      ] GC(444)   Other: 0.09ms
[2525.641s][info][gc,heap        ] GC(444) Eden regions: 1117->0(1111)
[2525.641s][info][gc,heap        ] GC(444) Survivor regions: 111->110(154)
[2525.641s][info][gc,heap        ] GC(444) Old regions: 502->534
[2525.641s][info][gc,heap        ] GC(444) Humongous regions: 80->80
[2525.641s][info][gc,metaspace   ] GC(444) Metaspace: 28960K(29312K)->28960K(29312K) NonClass: 24076K(24256K)->24076K(24256K) Class: 4883K(5056K)->4883K(5056K)
[2525.641s][info][gc             ] GC(444) Pause Young (Prepare Mixed) (G1 Evacuation Pause) 3619M->1445M(4096M) 117.841ms
[2525.641s][info][gc,cpu         ] GC(444) User=0.70s Sys=0.00s Real=0.12s
.....[2530.161s][info][gc,start       ] GC(445) Pause Young (Mixed) (G1 Evacuation Pause)
[2530.161s][info][gc,task        ] GC(445) Using 6 workers of 6 for evacuation
[2530.294s][info][gc,phases      ] GC(445)   Pre Evacuate Collection Set: 0.38ms
[2530.294s][info][gc,phases      ] GC(445)   Merge Heap Roots: 0.71ms
[2530.294s][info][gc,phases      ] GC(445)   Evacuate Collection Set: 131.15ms
[2530.294s][info][gc,phases      ] GC(445)   Post Evacuate Collection Set: 0.94ms
[2530.294s][info][gc,phases      ] GC(445)   Other: 0.10ms
[2530.294s][info][gc,heap        ] GC(445) Eden regions: 1111->0(1119)
[2530.294s][info][gc,heap        ] GC(445) Survivor regions: 110->109(153)
[2530.294s][info][gc,heap        ] GC(445) Old regions: 534->471
[2530.294s][info][gc,heap        ] GC(445) Humongous regions: 80->80
[2530.294s][info][gc,metaspace   ] GC(445) Metaspace: 28960K(29312K)->28960K(29312K) NonClass: 24076K(24256K)->24076K(24256K) Class: 4883K(5056K)->4883K(5056K)
[2530.294s][info][gc             ] GC(445) Pause Young (Mixed) (G1 Evacuation Pause) 3667M->1317M(4096M) 133.401ms
[2530.294s][info][gc,cpu         ] GC(445) User=0.79s Sys=0.00s Real=0.14s
.... (rIR:aIR:PR = 4013:4014:4014) (tPR = 59652) [OK] 
  2534s: Performance info:
         Transaction,    Success,    Partial,     Failed,   Receipts, AvgBarcode, 
             Overall,     241658,          0,          0,     229591,      59.48, 
         Response times:
             Request,    Success,    Partial,     Failed,   SkipFail,     Probes,    Samples,      min,      p50,      p90,      p95,      p99,      max, 
       TotalPurchase,     229593,          0,          0,          0,     226008,     241548,      300,     3300,     5700,     8000,    38000,   161000,
     InStorePurchase,     120796,          0,          0,          0,     119361,     127433,      300,     3300,     5700,     8000,    38000,   161000,
      OnlinePurchase,      84632,          0,          0,          0,      83226,      88864,      300,     3300,     5700,     8200,    39000,   161000,
        InstPurchase,      24165,          0,          0,          0,      23421,      25251,      400,     3100,     5600,     7800,    36000,   141000,
          AssocOfCat,        241,          0,          0,          0,        189,        248,    21000,    32000,    49000,    58550,   125210,   165000,
      AssocOfProduct,       2410,          0,          0,          0,       2255,       2621,      400,     3400,     5600,     7290,    34340,   141000,
      BusinessReport,        603,          0,          0,          0,        505,        642,    23000,    35000,    52000,    62000,   144390,   208000,
          CustBuyBeh,       2417,          0,          0,          0,       2197,       2468,      300,     3600,     6000,     9010,    37000,   139000,
       ProductReturn,       6395,          0,          0,          0,       6072,       6741,      300,     4100,     6580,    10290,    51000,   141000,

  2534s: (30%)   IR =   4151 [2534.856s][info][gc,start       ] GC(446) Pause Young (Concurrent Start) (G1 Evacuation Pause)
[2534.856s][info][gc,task        ] GC(446) Using 6 workers of 6 for evacuation
[2534.973s][info][gc,phases      ] GC(446)   Pre Evacuate Collection Set: 0.38ms
[2534.973s][info][gc,phases      ] GC(446)   Merge Heap Roots: 0.49ms
[2534.973s][info][gc,phases      ] GC(446)   Evacuate Collection Set: 115.64ms
[2534.973s][info][gc,phases      ] GC(446)   Post Evacuate Collection Set: 0.92ms
[2534.973s][info][gc,phases      ] GC(446)   Other: 0.11ms
[2534.973s][info][gc,heap        ] GC(446) Eden regions: 1119->0(1119)
[2534.973s][info][gc,heap        ] GC(446) Survivor regions: 109->109(154)
[2534.973s][info][gc,heap        ] GC(446) Old regions: 471->503
[2534.973s][info][gc,heap        ] GC(446) Humongous regions: 80->80
[2534.973s][info][gc,metaspace   ] GC(446) Metaspace: 28960K(29312K)->28960K(29312K) NonClass: 24076K(24256K)->24076K(24256K) Class: 4883K(5056K)->4883K(5056K)
[2534.973s][info][gc             ] GC(446) Pause Young (Concurrent Start) (G1 Evacuation Pause) 3555M->1382M(4096M) 117.662ms
[2534.973s][info][gc             ] GC(447) Concurrent Mark Cycle
[2534.973s][info][gc,marking     ] GC(447) Concurrent Scan Root Regions
[2534.973s][info][gc,cpu         ] GC(446) User=0.70s Sys=0.00s Real=0.12s
[2535.090s][info][gc,marking     ] GC(447) Concurrent Scan Root Regions 116.767ms
[2535.090s][info][gc,marking     ] GC(447) Concurrent Mark
[2535.090s][info][gc,marking     ] GC(447) Concurrent Mark From Roots
[2535.090s][info][gc,task        ] GC(447) Using 2 workers of 2 for marking
.[2535.629s][info][gc,marking     ] GC(447) Concurrent Mark From Roots 538.654ms
[2535.629s][info][gc,marking     ] GC(447) Concurrent Preclean
[2535.629s][info][gc,marking     ] GC(447) Concurrent Preclean 0.080ms
[2535.629s][info][gc,start       ] GC(447) Pause Remark
[2535.633s][info][gc             ] GC(447) Pause Remark 1787M->1787M(4096M) 3.868ms
[2535.633s][info][gc,cpu         ] GC(447) User=0.02s Sys=0.00s Real=0.01s
[2535.633s][info][gc,marking     ] GC(447) Concurrent Mark 542.890ms
[2535.633s][info][gc,marking     ] GC(447) Concurrent Rebuild Remembered Sets and Scrub Regions
[2535.875s][info][gc,marking     ] GC(447) Concurrent Rebuild Remembered Sets and Scrub Regions 241.528ms
[2535.875s][info][gc,start       ] GC(447) Pause Cleanup
[2535.875s][info][gc             ] GC(447) Pause Cleanup 1891M->1891M(4096M) 0.123ms
[2535.875s][info][gc,cpu         ] GC(447) User=0.00s Sys=0.00s Real=0.00s
[2535.875s][info][gc,marking     ] GC(447) Concurrent Clear Claimed Marks
[2535.875s][info][gc,marking     ] GC(447) Concurrent Clear Claimed Marks 0.027ms
[2535.875s][info][gc,marking     ] GC(447) Concurrent Cleanup for Next Mark
[2535.878s][info][gc,marking     ] GC(447) Concurrent Cleanup for Next Mark 3.133ms
[2535.878s][info][gc             ] GC(447) Concurrent Mark Cycle 904.786ms
....|[2539.375s][info][gc,start       ] GC(448) Pause Young (Prepare Mixed) (G1 Evacuation Pause)
[2539.375s][info][gc,task        ] GC(448) Using 6 workers of 6 for evacuation
[2539.490s][info][gc,phases      ] GC(448)   Pre Evacuate Collection Set: 0.33ms
[2539.490s][info][gc,phases      ] GC(448)   Merge Heap Roots: 0.61ms
[2539.490s][info][gc,phases      ] GC(448)   Evacuate Collection Set: 112.80ms
[2539.490s][info][gc,phases      ] GC(448)   Post Evacuate Collection Set: 0.91ms
[2539.490s][info][gc,phases      ] GC(448)   Other: 0.09ms
[2539.490s][info][gc,heap        ] GC(448) Eden regions: 1119->0(1114)
[2539.490s][info][gc,heap        ] GC(448) Survivor regions: 109->108(154)
[2539.490s][info][gc,heap        ] GC(448) Old regions: 503->535
[2539.490s][info][gc,heap        ] GC(448) Humongous regions: 80->80
[2539.490s][info][gc,metaspace   ] GC(448) Metaspace: 28960K(29312K)->28960K(29312K) NonClass: 24076K(24256K)->24076K(24256K) Class: 4883K(5056K)->4883K(5056K)
[2539.490s][info][gc             ] GC(448) Pause Young (Prepare Mixed) (G1 Evacuation Pause) 3620M->1443M(4096M) 114.876ms
[2539.490s][info][gc,cpu         ] GC(448) User=0.69s Sys=0.00s Real=0.11s
....[2543.874s][info][gc,start       ] GC(449) Pause Young (Mixed) (G1 Evacuation Pause)
[2543.874s][info][gc,task        ] GC(449) Using 6 workers of 6 for evacuation
[2544.004s][info][gc,phases      ] GC(449)   Pre Evacuate Collection Set: 0.37ms
[2544.004s][info][gc,phases      ] GC(449)   Merge Heap Roots: 0.67ms
[2544.004s][info][gc,phases      ] GC(449)   Evacuate Collection Set: 127.42ms
[2544.004s][info][gc,phases      ] GC(449)   Post Evacuate Collection Set: 0.95ms
[2544.004s][info][gc,phases      ] GC(449)   Other: 0.09ms
[2544.004s][info][gc,heap        ] GC(449) Eden regions: 1114->0(1120)
[2544.004s][info][gc,heap        ] GC(449) Survivor regions: 108->108(153)
[2544.004s][info][gc,heap        ] GC(449) Old regions: 535->472
[2544.004s][info][gc,heap        ] GC(449) Humongous regions: 80->80
[2544.004s][info][gc,metaspace   ] GC(449) Metaspace: 28960K(29312K)->28960K(29312K) NonClass: 24076K(24256K)->24076K(24256K) Class: 4883K(5056K)->4883K(5056K)
[2544.004s][info][gc             ] GC(449) Pause Young (Mixed) (G1 Evacuation Pause) 3671M->1318M(4096M) 129.620ms
[2544.004s][info][gc,cpu         ] GC(449) User=0.77s Sys=0.00s Real=0.13s
.....[2548.565s][info][gc,start       ] GC(450) Pause Young (Concurrent Start) (G1 Evacuation Pause)
[2548.565s][info][gc,task        ] GC(450) Using 6 workers of 6 for evacuation
[2548.683s][info][gc,phases      ] GC(450)   Pre Evacuate Collection Set: 0.38ms
[2548.683s][info][gc,phases      ] GC(450)   Merge Heap Roots: 0.49ms
[2548.683s][info][gc,phases      ] GC(450)   Evacuate Collection Set: 115.81ms
[2548.683s][info][gc,phases      ] GC(450)   Post Evacuate Collection Set: 0.89ms
[2548.683s][info][gc,phases      ] GC(450)   Other: 0.10ms
[2548.683s][info][gc,heap        ] GC(450) Eden regions: 1120->0(1118)
[2548.683s][info][gc,heap        ] GC(450) Survivor regions: 108->110(154)
[2548.683s][info][gc,heap        ] GC(450) Old regions: 472->503
[2548.683s][info][gc,heap        ] GC(450) Humongous regions: 80->80
[2548.683s][info][gc,metaspace   ] GC(450) Metaspace: 28960K(29312K)->28960K(29312K) NonClass: 24076K(24256K)->24076K(24256K) Class: 4883K(5056K)->4883K(5056K)
[2548.683s][info][gc             ] GC(450) Pause Young (Concurrent Start) (G1 Evacuation Pause) 3558M->1383M(4096M) 117.807ms
[2548.683s][info][gc             ] GC(451) Concurrent Mark Cycle
[2548.683s][info][gc,marking     ] GC(451) Concurrent Scan Root Regions
[2548.683s][info][gc,cpu         ] GC(450) User=0.70s Sys=0.00s Real=0.12s
[2548.864s][info][gc,marking     ] GC(451) Concurrent Scan Root Regions 181.260ms
[2548.864s][info][gc,marking     ] GC(451) Concurrent Mark
[2548.864s][info][gc,marking     ] GC(451) Concurrent Mark From Roots
[2548.864s][info][gc,task        ] GC(451) Using 2 workers of 2 for marking
.[2549.640s][info][gc,marking     ] GC(451) Concurrent Mark From Roots 776.463ms
[2549.640s][info][gc,marking     ] GC(451) Concurrent Preclean
[2549.641s][info][gc,marking     ] GC(451) Concurrent Preclean 0.062ms
[2549.641s][info][gc,start       ] GC(451) Pause Remark
[2549.646s][info][gc             ] GC(451) Pause Remark 1983M->1983M(4096M) 4.974ms
[2549.646s][info][gc,cpu         ] GC(451) User=0.03s Sys=0.00s Real=0.01s
[2549.646s][info][gc,marking     ] GC(451) Concurrent Mark 781.753ms
[2549.646s][info][gc,marking     ] GC(451) Concurrent Rebuild Remembered Sets and Scrub Regions
[2549.906s][info][gc,marking     ] GC(451) Concurrent Rebuild Remembered Sets and Scrub Regions 259.909ms
[2549.906s][info][gc,start       ] GC(451) Pause Cleanup
[2549.906s][info][gc             ] GC(451) Pause Cleanup 2107M->2107M(4096M) 0.127ms
[2549.906s][info][gc,cpu         ] GC(451) User=0.00s Sys=0.00s Real=0.00s
[2549.906s][info][gc,marking     ] GC(451) Concurrent Clear Claimed Marks
[2549.906s][info][gc,marking     ] GC(451) Concurrent Clear Claimed Marks 0.026ms
[2549.906s][info][gc,marking     ] GC(451) Concurrent Cleanup for Next Mark
[2549.909s][info][gc,marking     ] GC(451) Concurrent Cleanup for Next Mark 3.376ms
[2549.909s][info][gc             ] GC(451) Concurrent Mark Cycle 1226.811ms
...[2553.022s][info][gc,start       ] GC(452) Pause Young (Prepare Mixed) (G1 Evacuation Pause)
[2553.022s][info][gc,task        ] GC(452) Using 6 workers of 6 for evacuation
[2553.139s][info][gc,phases      ] GC(452)   Pre Evacuate Collection Set: 0.36ms
[2553.139s][info][gc,phases      ] GC(452)   Merge Heap Roots: 0.54ms
[2553.139s][info][gc,phases      ] GC(452)   Evacuate Collection Set: 114.70ms
[2553.139s][info][gc,phases      ] GC(452)   Post Evacuate Collection Set: 0.94ms
[2553.139s][info][gc,phases      ] GC(452)   Other: 0.08ms
[2553.139s][info][gc,heap        ] GC(452) Eden regions: 1118->0(1113)
[2553.139s][info][gc,heap        ] GC(452) Survivor regions: 110->109(154)
[2553.139s][info][gc,heap        ] GC(452) Old regions: 503->534
[2553.139s][info][gc,heap        ] GC(452) Humongous regions: 80->80
[2553.139s][info][gc,metaspace   ] GC(452) Metaspace: 28960K(29312K)->28960K(29312K) NonClass: 24076K(24256K)->24076K(24256K) Class: 4883K(5056K)->4883K(5056K)
[2553.139s][info][gc             ] GC(452) Pause Young (Prepare Mixed) (G1 Evacuation Pause) 3619M->1445M(4096M) 116.757ms
[2553.139s][info][gc,cpu         ] GC(452) User=0.69s Sys=0.00s Real=0.11s
.....[2557.549s][info][gc,start       ] GC(453) Pause Young (Mixed) (G1 Evacuation Pause)
[2557.549s][info][gc,task        ] GC(453) Using 6 workers of 6 for evacuation
[2557.680s][info][gc,phases      ] GC(453)   Pre Evacuate Collection Set: 0.40ms
[2557.680s][info][gc,phases      ] GC(453)   Merge Heap Roots: 0.70ms
[2557.680s][info][gc,phases      ] GC(453)   Evacuate Collection Set: 128.87ms
[2557.680s][info][gc,phases      ] GC(453)   Post Evacuate Collection Set: 0.96ms
[2557.680s][info][gc,phases      ] GC(453)   Other: 0.10ms
[2557.680s][info][gc,heap        ] GC(453) Eden regions: 1113->0(1119)
[2557.680s][info][gc,heap        ] GC(453) Survivor regions: 109->109(153)
[2557.680s][info][gc,heap        ] GC(453) Old regions: 534->469
[2557.680s][info][gc,heap        ] GC(453) Humongous regions: 80->80
[2557.680s][info][gc,metaspace   ] GC(453) Metaspace: 28960K(29312K)->28960K(29312K) NonClass: 24076K(24256K)->24076K(24256K) Class: 4883K(5056K)->4883K(5056K)
[2557.680s][info][gc             ] GC(453) Pause Young (Mixed) (G1 Evacuation Pause) 3671M->1315M(4096M) 131.182ms
[2557.680s][info][gc,cpu         ] GC(453) User=0.78s Sys=0.00s Real=0.13s
....[2562.082s][info][gc,start       ] GC(454) Pause Young (Concurrent Start) (G1 Evacuation Pause)
[2562.082s][info][gc,task        ] GC(454) Using 6 workers of 6 for evacuation
[2562.198s][info][gc,phases      ] GC(454)   Pre Evacuate Collection Set: 0.40ms
[2562.198s][info][gc,phases      ] GC(454)   Merge Heap Roots: 0.50ms
[2562.198s][info][gc,phases      ] GC(454)   Evacuate Collection Set: 113.89ms
[2562.198s][info][gc,phases      ] GC(454)   Post Evacuate Collection Set: 0.91ms
[2562.198s][info][gc,phases      ] GC(454)   Other: 0.15ms
[2562.198s][info][gc,heap        ] GC(454) Eden regions: 1119->0(1119)
[2562.198s][info][gc,heap        ] GC(454) Survivor regions: 109->109(154)
[2562.198s][info][gc,heap        ] GC(454) Old regions: 469->501
[2562.198s][info][gc,heap        ] GC(454) Humongous regions: 80->80
[2562.198s][info][gc,metaspace   ] GC(454) Metaspace: 28960K(29312K)->28960K(29312K) NonClass: 24076K(24256K)->24076K(24256K) Class: 4883K(5056K)->4883K(5056K)
[2562.198s][info][gc             ] GC(454) Pause Young (Concurrent Start) (G1 Evacuation Pause) 3553M->1378M(4096M) 115.990ms
[2562.198s][info][gc             ] GC(455) Concurrent Mark Cycle
[2562.198s][info][gc,marking     ] GC(455) Concurrent Scan Root Regions
[2562.198s][info][gc,cpu         ] GC(454) User=0.69s Sys=0.00s Real=0.11s
.[2562.379s][info][gc,marking     ] GC(455) Concurrent Scan Root Regions 180.232ms
[2562.379s][info][gc,marking     ] GC(455) Concurrent Mark
[2562.379s][info][gc,marking     ] GC(455) Concurrent Mark From Roots
[2562.379s][info][gc,task        ] GC(455) Using 2 workers of 2 for marking
[2563.016s][info][gc,marking     ] GC(455) Concurrent Mark From Roots 636.887ms
[2563.016s][info][gc,marking     ] GC(455) Concurrent Preclean
[2563.016s][info][gc,marking     ] GC(455) Concurrent Preclean 0.056ms
[2563.016s][info][gc,start       ] GC(455) Pause Remark
[2563.020s][info][gc             ] GC(455) Pause Remark 1801M->1801M(4096M) 4.472ms
[2563.020s][info][gc,cpu         ] GC(455) User=0.03s Sys=0.00s Real=0.00s
[2563.020s][info][gc,marking     ] GC(455) Concurrent Mark 641.687ms
[2563.020s][info][gc,marking     ] GC(455) Concurrent Rebuild Remembered Sets and Scrub Regions
[2563.281s][info][gc,marking     ] GC(455) Concurrent Rebuild Remembered Sets and Scrub Regions 260.723ms
[2563.281s][info][gc,start       ] GC(455) Pause Cleanup
[2563.281s][info][gc             ] GC(455) Pause Cleanup 1937M->1937M(4096M) 0.117ms
[2563.281s][info][gc,cpu         ] GC(455) User=0.00s Sys=0.00s Real=0.00s
[2563.281s][info][gc,marking     ] GC(455) Concurrent Clear Claimed Marks
[2563.281s][info][gc,marking     ] GC(455) Concurrent Clear Claimed Marks 0.027ms
[2563.281s][info][gc,marking     ] GC(455) Concurrent Cleanup for Next Mark
[2563.285s][info][gc,marking     ] GC(455) Concurrent Cleanup for Next Mark 3.184ms
[2563.285s][info][gc             ] GC(455) Concurrent Mark Cycle 1086.245ms
....[2566.702s][info][gc,start       ] GC(456) Pause Young (Prepare Mixed) (G1 Evacuation Pause)
[2566.702s][info][gc,task        ] GC(456) Using 6 workers of 6 for evacuation
[2566.818s][info][gc,phases      ] GC(456)   Pre Evacuate Collection Set: 0.34ms
[2566.818s][info][gc,phases      ] GC(456)   Merge Heap Roots: 0.52ms
[2566.818s][info][gc,phases      ] GC(456)   Evacuate Collection Set: 113.94ms
[2566.818s][info][gc,phases      ] GC(456)   Post Evacuate Collection Set: 0.95ms
[2566.818s][info][gc,phases      ] GC(456)   Other: 0.09ms
[2566.818s][info][gc,heap        ] GC(456) Eden regions: 1119->0(1117)
[2566.818s][info][gc,heap        ] GC(456) Survivor regions: 109->108(154)
[2566.818s][info][gc,heap        ] GC(456) Old regions: 501->532
[2566.818s][info][gc,heap        ] GC(456) Humongous regions: 80->80
[2566.818s][info][gc,metaspace   ] GC(456) Metaspace: 28960K(29312K)->28960K(29312K) NonClass: 24076K(24256K)->24076K(24256K) Class: 4883K(5056K)->4883K(5056K)
[2566.818s][info][gc             ] GC(456) Pause Young (Prepare Mixed) (G1 Evacuation Pause) 3616M->1439M(4096M) 115.967ms
[2566.818s][info][gc,cpu         ] GC(456) User=0.69s Sys=0.00s Real=0.11s
....[2571.306s][info][gc,start       ] GC(457) Pause Young (Mixed) (G1 Evacuation Pause)
[2571.306s][info][gc,task        ] GC(457) Using 6 workers of 6 for evacuation
[2571.436s][info][gc,phases      ] GC(457)   Pre Evacuate Collection Set: 0.41ms
[2571.436s][info][gc,phases      ] GC(457)   Merge Heap Roots: 0.67ms
[2571.436s][info][gc,phases      ] GC(457)   Evacuate Collection Set: 127.54ms
[2571.436s][info][gc,phases      ] GC(457)   Post Evacuate Collection Set: 0.94ms
[2571.436s][info][gc,phases      ] GC(457)   Other: 0.09ms
[2571.436s][info][gc,heap        ] GC(457) Eden regions: 1117->0(1120)
[2571.436s][info][gc,heap        ] GC(457) Survivor regions: 108->108(154)
[2571.436s][info][gc,heap        ] GC(457) Old regions: 532->471
[2571.436s][info][gc,heap        ] GC(457) Humongous regions: 80->80
[2571.436s][info][gc,metaspace   ] GC(457) Metaspace: 28960K(29312K)->28960K(29312K) NonClass: 24076K(24256K)->24076K(24256K) Class: 4883K(5056K)->4883K(5056K)
[2571.436s][info][gc             ] GC(457) Pause Young (Mixed) (G1 Evacuation Pause) 3673M->1317M(4096M) 129.763ms
[2571.436s][info][gc,cpu         ] GC(457) User=0.77s Sys=0.00s Real=0.13s
.....[2575.844s][info][gc,start       ] GC(458) Pause Young (Concurrent Start) (G1 Evacuation Pause)
[2575.844s][info][gc,task        ] GC(458) Using 6 workers of 6 for evacuation
[2575.963s][info][gc,phases      ] GC(458)   Pre Evacuate Collection Set: 0.42ms
[2575.963s][info][gc,phases      ] GC(458)   Merge Heap Roots: 0.50ms
[2575.963s][info][gc,phases      ] GC(458)   Evacuate Collection Set: 116.90ms
[2575.963s][info][gc,phases      ] GC(458)   Post Evacuate Collection Set: 0.89ms
[2575.963s][info][gc,phases      ] GC(458)   Other: 0.12ms
[2575.963s][info][gc,heap        ] GC(458) Eden regions: 1120->0(1117)
[2575.963s][info][gc,heap        ] GC(458) Survivor regions: 108->111(154)
[2575.963s][info][gc,heap        ] GC(458) Old regions: 471->504
[2575.963s][info][gc,heap        ] GC(458) Humongous regions: 80->80
[2575.963s][info][gc,metaspace   ] GC(458) Metaspace: 28960K(29312K)->28960K(29312K) NonClass: 24076K(24256K)->24076K(24256K) Class: 4883K(5056K)->4883K(5056K)
[2575.963s][info][gc             ] GC(458) Pause Young (Concurrent Start) (G1 Evacuation Pause) 3557M->1389M(4096M) 118.965ms
[2575.963s][info][gc             ] GC(459) Concurrent Mark Cycle
[2575.963s][info][gc,marking     ] GC(459) Concurrent Scan Root Regions
[2575.963s][info][gc,cpu         ] GC(458) User=0.70s Sys=0.00s Real=0.12s
[2576.149s][info][gc,marking     ] GC(459) Concurrent Scan Root Regions 185.689ms
[2576.149s][info][gc,marking     ] GC(459) Concurrent Mark
[2576.149s][info][gc,marking     ] GC(459) Concurrent Mark From Roots
[2576.149s][info][gc,task        ] GC(459) Using 2 workers of 2 for marking
.[2576.852s][info][gc,marking     ] GC(459) Concurrent Mark From Roots 703.083ms
[2576.852s][info][gc,marking     ] GC(459) Concurrent Preclean
[2576.852s][info][gc,marking     ] GC(459) Concurrent Preclean 0.073ms
[2576.853s][info][gc,start       ] GC(459) Pause Remark
[2576.857s][info][gc             ] GC(459) Pause Remark 1918M->1918M(4096M) 4.453ms
[2576.857s][info][gc,cpu         ] GC(459) User=0.02s Sys=0.00s Real=0.00s
[2576.857s][info][gc,marking     ] GC(459) Concurrent Mark 708.018ms
[2576.857s][info][gc,marking     ] GC(459) Concurrent Rebuild Remembered Sets and Scrub Regions
[2577.122s][info][gc,marking     ] GC(459) Concurrent Rebuild Remembered Sets and Scrub Regions 264.985ms
[2577.122s][info][gc,start       ] GC(459) Pause Cleanup
[2577.122s][info][gc             ] GC(459) Pause Cleanup 2055M->2055M(4096M) 0.119ms
[2577.123s][info][gc,cpu         ] GC(459) User=0.00s Sys=0.00s Real=0.00s
[2577.123s][info][gc,marking     ] GC(459) Concurrent Clear Claimed Marks
[2577.123s][info][gc,marking     ] GC(459) Concurrent Clear Claimed Marks 0.029ms
[2577.123s][info][gc,marking     ] GC(459) Concurrent Cleanup for Next Mark
[2577.126s][info][gc,marking     ] GC(459) Concurrent Cleanup for Next Mark 3.153ms
[2577.126s][info][gc             ] GC(459) Concurrent Mark Cycle 1162.351ms
...[2580.309s][info][gc,start       ] GC(460) Pause Young (Prepare Mixed) (G1 Evacuation Pause)
[2580.310s][info][gc,task        ] GC(460) Using 6 workers of 6 for evacuation
[2580.424s][info][gc,phases      ] GC(460)   Pre Evacuate Collection Set: 0.34ms
[2580.424s][info][gc,phases      ] GC(460)   Merge Heap Roots: 0.55ms
[2580.424s][info][gc,phases      ] GC(460)   Evacuate Collection Set: 112.71ms
[2580.424s][info][gc,phases      ] GC(460)   Post Evacuate Collection Set: 0.93ms
[2580.424s][info][gc,phases      ] GC(460)   Other: 0.09ms
[2580.424s][info][gc,heap        ] GC(460) Eden regions: 1117->0(1114)
[2580.424s][info][gc,heap        ] GC(460) Survivor regions: 111->107(154)
[2580.424s][info][gc,heap        ] GC(460) Old regions: 504->537
[2580.424s][info][gc,heap        ] GC(460) Humongous regions: 80->80
[2580.424s][info][gc,metaspace   ] GC(460) Metaspace: 28960K(29312K)->28960K(29312K) NonClass: 24076K(24256K)->24076K(24256K) Class: 4883K(5056K)->4883K(5056K)
[2580.424s][info][gc             ] GC(460) Pause Young (Prepare Mixed) (G1 Evacuation Pause) 3623M->1447M(4096M) 114.741ms
[2580.424s][info][gc,cpu         ] GC(460) User=0.69s Sys=0.00s Real=0.12s
.....[2584.886s][info][gc,start       ] GC(461) Pause Young (Mixed) (G1 Evacuation Pause)
[2584.886s][info][gc,task        ] GC(461) Using 6 workers of 6 for evacuation
[2585.017s][info][gc,phases      ] GC(461)   Pre Evacuate Collection Set: 0.38ms
[2585.017s][info][gc,phases      ] GC(461)   Merge Heap Roots: 0.70ms
[2585.017s][info][gc,phases      ] GC(461)   Evacuate Collection Set: 128.42ms
[2585.017s][info][gc,phases      ] GC(461)   Post Evacuate Collection Set: 0.94ms
[2585.017s][info][gc,phases      ] GC(461)   Other: 0.09ms
[2585.017s][info][gc,heap        ] GC(461) Eden regions: 1114->0(1120)
[2585.017s][info][gc,heap        ] GC(461) Survivor regions: 107->108(153)
[2585.017s][info][gc,heap        ] GC(461) Old regions: 537->472
[2585.017s][info][gc,heap        ] GC(461) Humongous regions: 80->80
[2585.017s][info][gc,metaspace   ] GC(461) Metaspace: 28960K(29312K)->28960K(29312K) NonClass: 24076K(24256K)->24076K(24256K) Class: 4883K(5056K)->4883K(5056K)
[2585.017s][info][gc             ] GC(461) Pause Young (Mixed) (G1 Evacuation Pause) 3675M->1318M(4096M) 130.693ms
[2585.017s][info][gc,cpu         ] GC(461) User=0.78s Sys=0.00s Real=0.13s
....[2589.461s][info][gc,start       ] GC(462) Pause Young (Concurrent Start) (G1 Evacuation Pause)
[2589.461s][info][gc,task        ] GC(462) Using 6 workers of 6 for evacuation
[2589.582s][info][gc,phases      ] GC(462)   Pre Evacuate Collection Set: 0.43ms
[2589.582s][info][gc,phases      ] GC(462)   Merge Heap Roots: 0.52ms
[2589.582s][info][gc,phases      ] GC(462)   Evacuate Collection Set: 118.58ms
[2589.582s][info][gc,phases      ] GC(462)   Post Evacuate Collection Set: 0.90ms
[2589.582s][info][gc,phases      ] GC(462)   Other: 0.13ms
[2589.582s][info][gc,heap        ] GC(462) Eden regions: 1120->0(1116)
[2589.582s][info][gc,heap        ] GC(462) Survivor regions: 108->112(154)
[2589.582s][info][gc,heap        ] GC(462) Old regions: 472->504
[2589.582s][info][gc,heap        ] GC(462) Humongous regions: 80->80
[2589.582s][info][gc,metaspace   ] GC(462) Metaspace: 28960K(29312K)->28960K(29312K) NonClass: 24076K(24256K)->24076K(24256K) Class: 4883K(5056K)->4883K(5056K)
[2589.582s][info][gc             ] GC(462) Pause Young (Concurrent Start) (G1 Evacuation Pause) 3558M->1390M(4096M) 120.684ms
[2589.582s][info][gc             ] GC(463) Concurrent Mark Cycle
[2589.582s][info][gc,marking     ] GC(463) Concurrent Scan Root Regions
[2589.582s][info][gc,cpu         ] GC(462) User=0.72s Sys=0.00s Real=0.13s
.[2589.742s][info][gc,marking     ] GC(463) Concurrent Scan Root Regions 159.859ms
[2589.742s][info][gc,marking     ] GC(463) Concurrent Mark
[2589.742s][info][gc,marking     ] GC(463) Concurrent Mark From Roots
[2589.742s][info][gc,task        ] GC(463) Using 2 workers of 2 for marking
[2590.525s][info][gc,marking     ] GC(463) Concurrent Mark From Roots 783.621ms
[2590.525s][info][gc,marking     ] GC(463) Concurrent Preclean
[2590.525s][info][gc,marking     ] GC(463) Concurrent Preclean 0.062ms
[2590.525s][info][gc,start       ] GC(463) Pause Remark
[2590.531s][info][gc             ] GC(463) Pause Remark 1922M->1922M(4096M) 5.278ms
[2590.531s][info][gc,cpu         ] GC(463) User=0.03s Sys=0.00s Real=0.00s
[2590.531s][info][gc,marking     ] GC(463) Concurrent Mark 789.249ms
[2590.531s][info][gc,marking     ] GC(463) Concurrent Rebuild Remembered Sets and Scrub Regions
.[2590.883s][info][gc,marking     ] GC(463) Concurrent Rebuild Remembered Sets and Scrub Regions 352.253ms
[2590.883s][info][gc,start       ] GC(463) Pause Cleanup
[2590.883s][info][gc             ] GC(463) Pause Cleanup 2106M->2106M(4096M) 0.127ms
[2590.883s][info][gc,cpu         ] GC(463) User=0.00s Sys=0.00s Real=0.00s
[2590.883s][info][gc,marking     ] GC(463) Concurrent Clear Claimed Marks
[2590.883s][info][gc,marking     ] GC(463) Concurrent Clear Claimed Marks 0.035ms
[2590.883s][info][gc,marking     ] GC(463) Concurrent Cleanup for Next Mark
[2590.887s][info][gc,marking     ] GC(463) Concurrent Cleanup for Next Mark 3.766ms
[2590.887s][info][gc             ] GC(463) Concurrent Mark Cycle 1305.616ms
...[2594.007s][info][gc,start       ] GC(464) Pause Young (Prepare Mixed) (G1 Evacuation Pause)
[2594.007s][info][gc,task        ] GC(464) Using 6 workers of 6 for evacuation
[2594.122s][info][gc,phases      ] GC(464)   Pre Evacuate Collection Set: 0.38ms
[2594.122s][info][gc,phases      ] GC(464)   Merge Heap Roots: 0.52ms
[2594.122s][info][gc,phases      ] GC(464)   Evacuate Collection Set: 113.06ms
[2594.122s][info][gc,phases      ] GC(464)   Post Evacuate Collection Set: 0.93ms
[2594.122s][info][gc,phases      ] GC(464)   Other: 0.10ms
[2594.122s][info][gc,heap        ] GC(464) Eden regions: 1116->0(1112)
[2594.122s][info][gc,heap        ] GC(464) Survivor regions: 112->109(154)
[2594.122s][info][gc,heap        ] GC(464) Old regions: 504->535
[2594.122s][info][gc,heap        ] GC(464) Humongous regions: 80->80
[2594.122s][info][gc,metaspace   ] GC(464) Metaspace: 28960K(29312K)->28960K(29312K) NonClass: 24076K(24256K)->24076K(24256K) Class: 4883K(5056K)->4883K(5056K)
[2594.122s][info][gc             ] GC(464) Pause Young (Prepare Mixed) (G1 Evacuation Pause) 3622M->1446M(4096M) 115.163ms
[2594.122s][info][gc,cpu         ] GC(464) User=0.69s Sys=0.00s Real=0.12s
....[2598.547s][info][gc,start       ] GC(465) Pause Young (Mixed) (G1 Evacuation Pause)
[2598.547s][info][gc,task        ] GC(465) Using 6 workers of 6 for evacuation
[2598.683s][info][gc,phases      ] GC(465)   Pre Evacuate Collection Set: 0.37ms
[2598.684s][info][gc,phases      ] GC(465)   Merge Heap Roots: 0.65ms
[2598.684s][info][gc,phases      ] GC(465)   Evacuate Collection Set: 134.04ms
[2598.684s][info][gc,phases      ] GC(465)   Post Evacuate Collection Set: 0.96ms
[2598.684s][info][gc,phases      ] GC(465)   Other: 0.09ms
[2598.684s][info][gc,heap        ] GC(465) Eden regions: 1112->0(1117)
[2598.684s][info][gc,heap        ] GC(465) Survivor regions: 109->111(153)
[2598.684s][info][gc,heap        ] GC(465) Old regions: 535->472
[2598.684s][info][gc,heap        ] GC(465) Humongous regions: 80->80
[2598.684s][info][gc,metaspace   ] GC(465) Metaspace: 28960K(29312K)->28960K(29312K) NonClass: 24076K(24256K)->24076K(24256K) Class: 4883K(5056K)->4883K(5056K)
[2598.684s][info][gc             ] GC(465) Pause Young (Mixed) (G1 Evacuation Pause) 3670M->1324M(4096M) 136.237ms
[2598.684s][info][gc,cpu         ] GC(465) User=0.81s Sys=0.00s Real=0.14s
.. (rIR:aIR:PR = 4151:4151:4150) (tPR = 61263) [OK] 
  2599s: Performance info:
         Transaction,    Success,    Partial,     Failed,   Receipts, AvgBarcode, 
             Overall,     251023,          0,          0,     238478,      59.48, 
         Response times:
             Request,    Success,    Partial,     Failed,   SkipFail,     Probes,    Samples,      min,      p50,      p90,      p95,      p99,      max, 
       TotalPurchase,     238486,          0,          0,          0,     234569,     254474,      300,     3400,     6300,    10600,    46000,   183000,
     InStorePurchase,     125496,          0,          0,          0,     123773,     134179,      300,     3400,     6300,    10500,    46000,   183000,
      OnlinePurchase,      87888,          0,          0,          0,      86385,      93476,      300,     3500,     6300,    10900,    48000,   170000,
        InstPurchase,      25102,          0,          0,          0,      24411,      26819,      400,     3300,     6200,    10100,    46000,   145000,
          AssocOfCat,        253,          0,          0,          0,        196,        287,    21000,    30000,    53200,    70800,   163040,   221000,
      AssocOfProduct,       2513,          0,          0,          0,       2324,       2683,      800,     4200,     6800,    15560,    50480,   137000,
      BusinessReport,        623,          0,          0,          0,        564,        741,    22000,    35000,    52800,    69000,   107860,   184000,
          CustBuyBeh,       2506,          0,          0,          0,       2303,       2701,      300,     3600,     6400,    12080,    49000,   136000,
       ProductReturn,       6650,          0,          0,          0,       6278,       7049,      200,     3200,     6000,     9000,    44500,   144000,

  2599s: (31%)   IR =   4289 ...[2603.007s][info][gc,start       ] GC(466) Pause Young (Concurrent Start) (G1 Evacuation Pause)
[2603.007s][info][gc,task        ] GC(466) Using 6 workers of 6 for evacuation
[2603.124s][info][gc,phases      ] GC(466)   Pre Evacuate Collection Set: 0.41ms
[2603.124s][info][gc,phases      ] GC(466)   Merge Heap Roots: 0.51ms
[2603.124s][info][gc,phases      ] GC(466)   Evacuate Collection Set: 114.86ms
[2603.124s][info][gc,phases      ] GC(466)   Post Evacuate Collection Set: 0.92ms
[2603.124s][info][gc,phases      ] GC(466)   Other: 0.11ms
[2603.124s][info][gc,heap        ] GC(466) Eden regions: 1117->0(1118)
[2603.124s][info][gc,heap        ] GC(466) Survivor regions: 111->110(154)
[2603.124s][info][gc,heap        ] GC(466) Old regions: 472->503
[2603.124s][info][gc,heap        ] GC(466) Humongous regions: 80->80
[2603.124s][info][gc,metaspace   ] GC(466) Metaspace: 28961K(29312K)->28961K(29312K) NonClass: 24078K(24256K)->24078K(24256K) Class: 4883K(5056K)->4883K(5056K)
[2603.124s][info][gc             ] GC(466) Pause Young (Concurrent Start) (G1 Evacuation Pause) 3558M->1384M(4096M) 116.953ms
[2603.124s][info][gc             ] GC(467) Concurrent Mark Cycle
[2603.124s][info][gc,marking     ] GC(467) Concurrent Scan Root Regions
[2603.124s][info][gc,cpu         ] GC(466) User=0.70s Sys=0.00s Real=0.12s
[2603.304s][info][gc,marking     ] GC(467) Concurrent Scan Root Regions 179.908ms
[2603.304s][info][gc,marking     ] GC(467) Concurrent Mark
[2603.304s][info][gc,marking     ] GC(467) Concurrent Mark From Roots
[2603.304s][info][gc,task        ] GC(467) Using 2 workers of 2 for marking
.[2604.211s][info][gc,marking     ] GC(467) Concurrent Mark From Roots 907.165ms
[2604.211s][info][gc,marking     ] GC(467) Concurrent Preclean
[2604.211s][info][gc,marking     ] GC(467) Concurrent Preclean 0.069ms
[2604.212s][info][gc,start       ] GC(467) Pause Remark
[2604.217s][info][gc             ] GC(467) Pause Remark 1964M->1964M(4096M) 5.660ms
[2604.217s][info][gc,cpu         ] GC(467) User=0.03s Sys=0.00s Real=0.00s
[2604.217s][info][gc,marking     ] GC(467) Concurrent Mark 913.160ms
[2604.217s][info][gc,marking     ] GC(467) Concurrent Rebuild Remembered Sets and Scrub Regions
[2604.615s][info][gc,marking     ] GC(467) Concurrent Rebuild Remembered Sets and Scrub Regions 397.790ms
[2604.615s][info][gc,start       ] GC(467) Pause Cleanup
[2604.615s][info][gc             ] GC(467) Pause Cleanup 2185M->2185M(4096M) 0.135ms
[2604.615s][info][gc,cpu         ] GC(467) User=0.00s Sys=0.00s Real=0.00s
[2604.616s][info][gc,marking     ] GC(467) Concurrent Clear Claimed Marks
[2604.616s][info][gc,marking     ] GC(467) Concurrent Clear Claimed Marks 0.035ms
[2604.616s][info][gc,marking     ] GC(467) Concurrent Cleanup for Next Mark
[2604.620s][info][gc,marking     ] GC(467) Concurrent Cleanup for Next Mark 4.341ms
[2604.620s][info][gc             ] GC(467) Concurrent Mark Cycle 1495.712ms
.|..[2607.455s][info][gc,start       ] GC(468) Pause Young (Prepare Mixed) (G1 Evacuation Pause)
[2607.455s][info][gc,task        ] GC(468) Using 6 workers of 6 for evacuation
[2607.570s][info][gc,phases      ] GC(468)   Pre Evacuate Collection Set: 0.36ms
[2607.570s][info][gc,phases      ] GC(468)   Merge Heap Roots: 0.56ms
[2607.570s][info][gc,phases      ] GC(468)   Evacuate Collection Set: 113.25ms
[2607.570s][info][gc,phases      ] GC(468)   Post Evacuate Collection Set: 0.94ms
[2607.570s][info][gc,phases      ] GC(468)   Other: 0.10ms
[2607.570s][info][gc,heap        ] GC(468) Eden regions: 1118->0(1114)
[2607.570s][info][gc,heap        ] GC(468) Survivor regions: 110->108(154)
[2607.570s][info][gc,heap        ] GC(468) Old regions: 503->535
[2607.570s][info][gc,heap        ] GC(468) Humongous regions: 80->80
[2607.570s][info][gc,metaspace   ] GC(468) Metaspace: 28961K(29312K)->28961K(29312K) NonClass: 24078K(24256K)->24078K(24256K) Class: 4883K(5056K)->4883K(5056K)
[2607.570s][info][gc             ] GC(468) Pause Young (Prepare Mixed) (G1 Evacuation Pause) 3620M->1444M(4096M) 115.334ms
[2607.570s][info][gc,cpu         ] GC(468) User=0.68s Sys=0.00s Real=0.11s
.....[2611.870s][info][gc,start       ] GC(469) Pause Young (Mixed) (G1 Evacuation Pause)
[2611.870s][info][gc,task        ] GC(469) Using 6 workers of 6 for evacuation
[2612.000s][info][gc,phases      ] GC(469)   Pre Evacuate Collection Set: 0.36ms
[2612.000s][info][gc,phases      ] GC(469)   Merge Heap Roots: 0.62ms
[2612.000s][info][gc,phases      ] GC(469)   Evacuate Collection Set: 127.23ms
[2612.000s][info][gc,phases      ] GC(469)   Post Evacuate Collection Set: 0.97ms
[2612.000s][info][gc,phases      ] GC(469)   Other: 0.09ms
[2612.000s][info][gc,heap        ] GC(469) Eden regions: 1114->0(1120)
[2612.000s][info][gc,heap        ] GC(469) Survivor regions: 108->108(153)
[2612.000s][info][gc,heap        ] GC(469) Old regions: 535->471
[2612.000s][info][gc,heap        ] GC(469) Humongous regions: 80->80
[2612.000s][info][gc,metaspace   ] GC(469) Metaspace: 28961K(29312K)->28961K(29312K) NonClass: 24078K(24256K)->24078K(24256K) Class: 4883K(5056K)->4883K(5056K)
[2612.000s][info][gc             ] GC(469) Pause Young (Mixed) (G1 Evacuation Pause) 3672M->1316M(4096M) 129.412ms
[2612.000s][info][gc,cpu         ] GC(469) User=0.77s Sys=0.00s Real=0.13s
....[2616.223s][info][gc,start       ] GC(470) Pause Young (Concurrent Start) (G1 Evacuation Pause)
[2616.223s][info][gc,task        ] GC(470) Using 6 workers of 6 for evacuation
[2616.338s][info][gc,phases      ] GC(470)   Pre Evacuate Collection Set: 0.38ms
[2616.338s][info][gc,phases      ] GC(470)   Merge Heap Roots: 0.48ms
[2616.338s][info][gc,phases      ] GC(470)   Evacuate Collection Set: 113.03ms
[2616.338s][info][gc,phases      ] GC(470)   Post Evacuate Collection Set: 0.90ms
[2616.338s][info][gc,phases      ] GC(470)   Other: 0.11ms
[2616.338s][info][gc,heap        ] GC(470) Eden regions: 1120->0(1121)
[2616.338s][info][gc,heap        ] GC(470) Survivor regions: 108->107(154)
[2616.338s][info][gc,heap        ] GC(470) Old regions: 471->502
[2616.338s][info][gc,heap        ] GC(470) Humongous regions: 80->80
[2616.338s][info][gc,metaspace   ] GC(470) Metaspace: 28961K(29312K)->28961K(29312K) NonClass: 24078K(24256K)->24078K(24256K) Class: 4883K(5056K)->4883K(5056K)
[2616.338s][info][gc             ] GC(470) Pause Young (Concurrent Start) (G1 Evacuation Pause) 3556M->1377M(4096M) 115.046ms
[2616.338s][info][gc             ] GC(471) Concurrent Mark Cycle
[2616.338s][info][gc,marking     ] GC(471) Concurrent Scan Root Regions
[2616.338s][info][gc,cpu         ] GC(470) User=0.69s Sys=0.00s Real=0.11s
[2616.479s][info][gc,marking     ] GC(471) Concurrent Scan Root Regions 140.625ms
[2616.479s][info][gc,marking     ] GC(471) Concurrent Mark
[2616.479s][info][gc,marking     ] GC(471) Concurrent Mark From Roots
[2616.479s][info][gc,task        ] GC(471) Using 2 workers of 2 for marking
.[2617.397s][info][gc,marking     ] GC(471) Concurrent Mark From Roots 918.215ms
[2617.397s][info][gc,marking     ] GC(471) Concurrent Preclean
[2617.397s][info][gc,marking     ] GC(471) Concurrent Preclean 0.049ms
[2617.397s][info][gc,start       ] GC(471) Pause Remark
[2617.403s][info][gc             ] GC(471) Pause Remark 1973M->1973M(4096M) 5.242ms
[2617.403s][info][gc,cpu         ] GC(471) User=0.03s Sys=0.00s Real=0.01s
[2617.403s][info][gc,marking     ] GC(471) Concurrent Mark 923.767ms
[2617.403s][info][gc,marking     ] GC(471) Concurrent Rebuild Remembered Sets and Scrub Regions
[2617.647s][info][gc,marking     ] GC(471) Concurrent Rebuild Remembered Sets and Scrub Regions 244.007ms
[2617.648s][info][gc,start       ] GC(471) Pause Cleanup
[2617.648s][info][gc             ] GC(471) Pause Cleanup 2089M->2089M(4096M) 0.140ms
[2617.648s][info][gc,cpu         ] GC(471) User=0.00s Sys=0.00s Real=0.00s
[2617.648s][info][gc,marking     ] GC(471) Concurrent Clear Claimed Marks
[2617.648s][info][gc,marking     ] GC(471) Concurrent Clear Claimed Marks 0.034ms
[2617.648s][info][gc,marking     ] GC(471) Concurrent Cleanup for Next Mark
[2617.652s][info][gc,marking     ] GC(471) Concurrent Cleanup for Next Mark 4.273ms
[2617.652s][info][gc             ] GC(471) Concurrent Mark Cycle 1314.174ms
...[2620.638s][info][gc,start       ] GC(472) Pause Young (Prepare Mixed) (G1 Evacuation Pause)
[2620.638s][info][gc,task        ] GC(472) Using 6 workers of 6 for evacuation
[2620.754s][info][gc,phases      ] GC(472)   Pre Evacuate Collection Set: 0.36ms
[2620.754s][info][gc,phases      ] GC(472)   Merge Heap Roots: 0.54ms
[2620.754s][info][gc,phases      ] GC(472)   Evacuate Collection Set: 114.27ms
[2620.754s][info][gc,phases      ] GC(472)   Post Evacuate Collection Set: 0.94ms
[2620.754s][info][gc,phases      ] GC(472)   Other: 0.09ms
[2620.754s][info][gc,heap        ] GC(472) Eden regions: 1121->0(1115)
[2620.754s][info][gc,heap        ] GC(472) Survivor regions: 107->108(154)
[2620.754s][info][gc,heap        ] GC(472) Old regions: 502->534
[2620.754s][info][gc,heap        ] GC(472) Humongous regions: 80->80
[2620.754s][info][gc,metaspace   ] GC(472) Metaspace: 28961K(29312K)->28961K(29312K) NonClass: 24078K(24256K)->24078K(24256K) Class: 4883K(5056K)->4883K(5056K)
[2620.754s][info][gc             ] GC(472) Pause Young (Prepare Mixed) (G1 Evacuation Pause) 3619M->1441M(4096M) 116.331ms
[2620.754s][info][gc,cpu         ] GC(472) User=0.69s Sys=0.00s Real=0.12s
.....[2625.120s][info][gc,start       ] GC(473) Pause Young (Mixed) (G1 Evacuation Pause)
[2625.120s][info][gc,task        ] GC(473) Using 6 workers of 6 for evacuation
[2625.252s][info][gc,phases      ] GC(473)   Pre Evacuate Collection Set: 0.38ms
[2625.252s][info][gc,phases      ] GC(473)   Merge Heap Roots: 0.63ms
[2625.252s][info][gc,phases      ] GC(473)   Evacuate Collection Set: 129.97ms
[2625.252s][info][gc,phases      ] GC(473)   Post Evacuate Collection Set: 0.97ms
[2625.252s][info][gc,phases      ] GC(473)   Other: 0.09ms
[2625.252s][info][gc,heap        ] GC(473) Eden regions: 1115->0(1118)
[2625.252s][info][gc,heap        ] GC(473) Survivor regions: 108->110(153)
[2625.252s][info][gc,heap        ] GC(473) Old regions: 534->469
[2625.252s][info][gc,heap        ] GC(473) Humongous regions: 80->80
[2625.252s][info][gc,metaspace   ] GC(473) Metaspace: 28961K(29312K)->28961K(29312K) NonClass: 24078K(24256K)->24078K(24256K) Class: 4883K(5056K)->4883K(5056K)
[2625.252s][info][gc             ] GC(473) Pause Young (Mixed) (G1 Evacuation Pause) 3671M->1316M(4096M) 132.174ms
[2625.252s][info][gc,cpu         ] GC(473) User=0.78s Sys=0.00s Real=0.14s
....[2629.455s][info][gc,start       ] GC(474) Pause Young (Concurrent Start) (G1 Evacuation Pause)
[2629.455s][info][gc,task        ] GC(474) Using 6 workers of 6 for evacuation
[2629.571s][info][gc,phases      ] GC(474)   Pre Evacuate Collection Set: 0.40ms
[2629.571s][info][gc,phases      ] GC(474)   Merge Heap Roots: 0.48ms
[2629.571s][info][gc,phases      ] GC(474)   Evacuate Collection Set: 113.60ms
[2629.571s][info][gc,phases      ] GC(474)   Post Evacuate Collection Set: 0.90ms
[2629.571s][info][gc,phases      ] GC(474)   Other: 0.12ms
[2629.571s][info][gc,heap        ] GC(474) Eden regions: 1118->0(1120)
[2629.571s][info][gc,heap        ] GC(474) Survivor regions: 110->108(154)
[2629.571s][info][gc,heap        ] GC(474) Old regions: 469->501
[2629.571s][info][gc,heap        ] GC(474) Humongous regions: 80->80
[2629.571s][info][gc,metaspace   ] GC(474) Metaspace: 28961K(29312K)->28961K(29312K) NonClass: 24078K(24256K)->24078K(24256K) Class: 4883K(5056K)->4883K(5056K)
[2629.571s][info][gc             ] GC(474) Pause Young (Concurrent Start) (G1 Evacuation Pause) 3552M->1377M(4096M) 115.638ms
[2629.571s][info][gc             ] GC(475) Concurrent Mark Cycle
[2629.571s][info][gc,marking     ] GC(475) Concurrent Scan Root Regions
[2629.571s][info][gc,cpu         ] GC(474) User=0.69s Sys=0.00s Real=0.11s
[2629.750s][info][gc,marking     ] GC(475) Concurrent Scan Root Regions 178.878ms
[2629.750s][info][gc,marking     ] GC(475) Concurrent Mark
[2629.750s][info][gc,marking     ] GC(475) Concurrent Mark From Roots
[2629.750s][info][gc,task        ] GC(475) Using 2 workers of 2 for marking
.[2630.719s][info][gc,marking     ] GC(475) Concurrent Mark From Roots 968.884ms
[2630.719s][info][gc,marking     ] GC(475) Concurrent Preclean
[2630.719s][info][gc,marking     ] GC(475) Concurrent Preclean 0.047ms
[2630.720s][info][gc,start       ] GC(475) Pause Remark
[2630.725s][info][gc             ] GC(475) Pause Remark 1999M->1999M(4096M) 5.234ms
[2630.725s][info][gc,cpu         ] GC(475) User=0.03s Sys=0.00s Real=0.01s
[2630.726s][info][gc,marking     ] GC(475) Concurrent Mark 976.263ms
[2630.726s][info][gc,marking     ] GC(475) Concurrent Rebuild Remembered Sets and Scrub Regions
.[2631.081s][info][gc,marking     ] GC(475) Concurrent Rebuild Remembered Sets and Scrub Regions 355.379ms
[2631.082s][info][gc,start       ] GC(475) Pause Cleanup
[2631.082s][info][gc             ] GC(475) Pause Cleanup 2197M->2197M(4096M) 0.130ms
[2631.082s][info][gc,cpu         ] GC(475) User=0.00s Sys=0.00s Real=0.00s
[2631.082s][info][gc,marking     ] GC(475) Concurrent Clear Claimed Marks
[2631.082s][info][gc,marking     ] GC(475) Concurrent Clear Claimed Marks 0.029ms
[2631.082s][info][gc,marking     ] GC(475) Concurrent Cleanup for Next Mark
[2631.086s][info][gc,marking     ] GC(475) Concurrent Cleanup for Next Mark 4.091ms
[2631.086s][info][gc             ] GC(475) Concurrent Mark Cycle 1515.123ms
...[2633.917s][info][gc,start       ] GC(476) Pause Young (Prepare Mixed) (G1 Evacuation Pause)
[2633.917s][info][gc,task        ] GC(476) Using 6 workers of 6 for evacuation
[2634.033s][info][gc,phases      ] GC(476)   Pre Evacuate Collection Set: 0.34ms
[2634.033s][info][gc,phases      ] GC(476)   Merge Heap Roots: 0.62ms
[2634.033s][info][gc,phases      ] GC(476)   Evacuate Collection Set: 114.29ms
[2634.033s][info][gc,phases      ] GC(476)   Post Evacuate Collection Set: 0.90ms
[2634.033s][info][gc,phases      ] GC(476)   Other: 0.09ms
[2634.033s][info][gc,heap        ] GC(476) Eden regions: 1120->0(1113)
[2634.033s][info][gc,heap        ] GC(476) Survivor regions: 108->109(154)
[2634.033s][info][gc,heap        ] GC(476) Old regions: 501->534
[2634.033s][info][gc,heap        ] GC(476) Humongous regions: 80->80
[2634.033s][info][gc,metaspace   ] GC(476) Metaspace: 28961K(29312K)->28961K(29312K) NonClass: 24078K(24256K)->24078K(24256K) Class: 4883K(5056K)->4883K(5056K)
[2634.033s][info][gc             ] GC(476) Pause Young (Prepare Mixed) (G1 Evacuation Pause) 3617M->1443M(4096M) 116.371ms
[2634.033s][info][gc,cpu         ] GC(476) User=0.69s Sys=0.00s Real=0.12s
....[2638.296s][info][gc,start       ] GC(477) Pause Young (Mixed) (G1 Evacuation Pause)
[2638.296s][info][gc,task        ] GC(477) Using 6 workers of 6 for evacuation
[2638.430s][info][gc,phases      ] GC(477)   Pre Evacuate Collection Set: 0.37ms
[2638.430s][info][gc,phases      ] GC(477)   Merge Heap Roots: 0.69ms
[2638.430s][info][gc,phases      ] GC(477)   Evacuate Collection Set: 131.64ms
[2638.430s][info][gc,phases      ] GC(477)   Post Evacuate Collection Set: 0.95ms
[2638.430s][info][gc,phases      ] GC(477)   Other: 0.09ms
[2638.430s][info][gc,heap        ] GC(477) Eden regions: 1113->0(1117)
[2638.430s][info][gc,heap        ] GC(477) Survivor regions: 109->111(153)
[2638.430s][info][gc,heap        ] GC(477) Old regions: 534->472
[2638.430s][info][gc,heap        ] GC(477) Humongous regions: 80->80
[2638.430s][info][gc,metaspace   ] GC(477) Metaspace: 28963K(29312K)->28963K(29312K) NonClass: 24080K(24256K)->24080K(24256K) Class: 4883K(5056K)->4883K(5056K)
[2638.430s][info][gc             ] GC(477) Pause Young (Mixed) (G1 Evacuation Pause) 3669M->1323M(4096M) 133.879ms
[2638.430s][info][gc,cpu         ] GC(477) User=0.80s Sys=0.00s Real=0.13s
....[2642.694s][info][gc,start       ] GC(478) Pause Young (Concurrent Start) (G1 Evacuation Pause)
[2642.694s][info][gc,task        ] GC(478) Using 6 workers of 6 for evacuation
[2642.813s][info][gc,phases      ] GC(478)   Pre Evacuate Collection Set: 0.39ms
[2642.813s][info][gc,phases      ] GC(478)   Merge Heap Roots: 0.48ms
[2642.813s][info][gc,phases      ] GC(478)   Evacuate Collection Set: 117.40ms
[2642.813s][info][gc,phases      ] GC(478)   Post Evacuate Collection Set: 0.88ms
[2642.813s][info][gc,phases      ] GC(478)   Other: 0.11ms
[2642.813s][info][gc,heap        ] GC(478) Eden regions: 1117->0(1117)
[2642.813s][info][gc,heap        ] GC(478) Survivor regions: 111->111(154)
[2642.813s][info][gc,heap        ] GC(478) Old regions: 472->503
[2642.813s][info][gc,heap        ] GC(478) Humongous regions: 80->80
[2642.813s][info][gc,metaspace   ] GC(478) Metaspace: 28963K(29312K)->28963K(29312K) NonClass: 24080K(24256K)->24080K(24256K) Class: 4883K(5056K)->4883K(5056K)
[2642.813s][info][gc             ] GC(478) Pause Young (Concurrent Start) (G1 Evacuation Pause) 3557M->1387M(4096M) 119.420ms
[2642.813s][info][gc             ] GC(479) Concurrent Mark Cycle
[2642.813s][info][gc,marking     ] GC(479) Concurrent Scan Root Regions
[2642.813s][info][gc,cpu         ] GC(478) User=0.71s Sys=0.00s Real=0.12s
.[2642.997s][info][gc,marking     ] GC(479) Concurrent Scan Root Regions 183.672ms
[2642.997s][info][gc,marking     ] GC(479) Concurrent Mark
[2642.997s][info][gc,marking     ] GC(479) Concurrent Mark From Roots
[2642.997s][info][gc,task        ] GC(479) Using 2 workers of 2 for marking
[2643.601s][info][gc,marking     ] GC(479) Concurrent Mark From Roots 603.713ms
[2643.601s][info][gc,marking     ] GC(479) Concurrent Preclean
[2643.601s][info][gc,marking     ] GC(479) Concurrent Preclean 0.044ms
[2643.601s][info][gc,start       ] GC(479) Pause Remark
[2643.605s][info][gc             ] GC(479) Pause Remark 1851M->1851M(4096M) 4.584ms
[2643.605s][info][gc,cpu         ] GC(479) User=0.03s Sys=0.00s Real=0.01s
[2643.605s][info][gc,marking     ] GC(479) Concurrent Mark 608.618ms
[2643.605s][info][gc,marking     ] GC(479) Concurrent Rebuild Remembered Sets and Scrub Regions
.[2643.835s][info][gc,marking     ] GC(479) Concurrent Rebuild Remembered Sets and Scrub Regions 229.239ms
[2643.835s][info][gc,start       ] GC(479) Pause Cleanup
[2643.835s][info][gc             ] GC(479) Pause Cleanup 1949M->1949M(4096M) 0.127ms
[2643.835s][info][gc,cpu         ] GC(479) User=0.00s Sys=0.00s Real=0.00s
[2643.836s][info][gc,marking     ] GC(479) Concurrent Clear Claimed Marks
[2643.836s][info][gc,marking     ] GC(479) Concurrent Clear Claimed Marks 0.038ms
[2643.836s][info][gc,marking     ] GC(479) Concurrent Cleanup for Next Mark
[2643.841s][info][gc,marking     ] GC(479) Concurrent Cleanup for Next Mark 5.148ms
[2643.841s][info][gc             ] GC(479) Concurrent Mark Cycle 1027.981ms
...[2647.151s][info][gc,start       ] GC(480) Pause Young (Prepare Mixed) (G1 Evacuation Pause)
[2647.151s][info][gc,task        ] GC(480) Using 6 workers of 6 for evacuation
[2647.268s][info][gc,phases      ] GC(480)   Pre Evacuate Collection Set: 0.32ms
[2647.268s][info][gc,phases      ] GC(480)   Merge Heap Roots: 0.51ms
[2647.268s][info][gc,phases      ] GC(480)   Evacuate Collection Set: 115.74ms
[2647.268s][info][gc,phases      ] GC(480)   Post Evacuate Collection Set: 0.93ms
[2647.268s][info][gc,phases      ] GC(480)   Other: 0.09ms
[2647.269s][info][gc,heap        ] GC(480) Eden regions: 1117->0(1108)
[2647.269s][info][gc,heap        ] GC(480) Survivor regions: 111->111(154)
[2647.269s][info][gc,heap        ] GC(480) Old regions: 503->535
[2647.269s][info][gc,heap        ] GC(480) Humongous regions: 80->80
[2647.269s][info][gc,metaspace   ] GC(480) Metaspace: 28963K(29312K)->28963K(29312K) NonClass: 24080K(24256K)->24080K(24256K) Class: 4883K(5056K)->4883K(5056K)
[2647.269s][info][gc             ] GC(480) Pause Young (Prepare Mixed) (G1 Evacuation Pause) 3621M->1449M(4096M) 117.724ms
[2647.269s][info][gc,cpu         ] GC(480) User=0.70s Sys=0.00s Real=0.12s
....[2651.507s][info][gc,start       ] GC(481) Pause Young (Mixed) (G1 Evacuation Pause)
[2651.507s][info][gc,task        ] GC(481) Using 6 workers of 6 for evacuation
[2651.641s][info][gc,phases      ] GC(481)   Pre Evacuate Collection Set: 0.39ms
[2651.641s][info][gc,phases      ] GC(481)   Merge Heap Roots: 0.77ms
[2651.641s][info][gc,phases      ] GC(481)   Evacuate Collection Set: 132.38ms
[2651.641s][info][gc,phases      ] GC(481)   Post Evacuate Collection Set: 0.96ms
[2651.641s][info][gc,phases      ] GC(481)   Other: 0.09ms
[2651.641s][info][gc,heap        ] GC(481) Eden regions: 1108->0(1118)
[2651.641s][info][gc,heap        ] GC(481) Survivor regions: 111->110(153)
[2651.641s][info][gc,heap        ] GC(481) Old regions: 535->471
[2651.641s][info][gc,heap        ] GC(481) Humongous regions: 80->80
[2651.641s][info][gc,metaspace   ] GC(481) Metaspace: 28963K(29312K)->28963K(29312K) NonClass: 24080K(24256K)->24080K(24256K) Class: 4883K(5056K)->4883K(5056K)
[2651.641s][info][gc             ] GC(481) Pause Young (Mixed) (G1 Evacuation Pause) 3665M->1320M(4096M) 134.760ms
[2651.641s][info][gc,cpu         ] GC(481) User=0.80s Sys=0.00s Real=0.14s
.....[2655.922s][info][gc,start       ] GC(482) Pause Young (Concurrent Start) (G1 Evacuation Pause)
[2655.922s][info][gc,task        ] GC(482) Using 6 workers of 6 for evacuation
[2656.041s][info][gc,phases      ] GC(482)   Pre Evacuate Collection Set: 0.41ms
[2656.041s][info][gc,phases      ] GC(482)   Merge Heap Roots: 0.57ms
[2656.041s][info][gc,phases      ] GC(482)   Evacuate Collection Set: 117.65ms
[2656.041s][info][gc,phases      ] GC(482)   Post Evacuate Collection Set: 0.93ms
[2656.041s][info][gc,phases      ] GC(482)   Other: 0.14ms
[2656.041s][info][gc,heap        ] GC(482) Eden regions: 1118->0(1118)
[2656.041s][info][gc,heap        ] GC(482) Survivor regions: 110->110(154)
[2656.041s][info][gc,heap        ] GC(482) Old regions: 471->503
[2656.041s][info][gc,heap        ] GC(482) Humongous regions: 80->80
[2656.041s][info][gc,metaspace   ] GC(482) Metaspace: 28968K(29312K)->28968K(29312K) NonClass: 24084K(24256K)->24084K(24256K) Class: 4883K(5056K)->4883K(5056K)
[2656.042s][info][gc             ] GC(482) Pause Young (Concurrent Start) (G1 Evacuation Pause) 3556M->1384M(4096M) 119.828ms
[2656.042s][info][gc             ] GC(483) Concurrent Mark Cycle
[2656.042s][info][gc,marking     ] GC(483) Concurrent Scan Root Regions
[2656.042s][info][gc,cpu         ] GC(482) User=0.71s Sys=0.00s Real=0.12s
[2656.228s][info][gc,marking     ] GC(483) Concurrent Scan Root Regions 186.540ms
[2656.228s][info][gc,marking     ] GC(483) Concurrent Mark
[2656.228s][info][gc,marking     ] GC(483) Concurrent Mark From Roots
[2656.228s][info][gc,task        ] GC(483) Using 2 workers of 2 for marking
.[2657.154s][info][gc,marking     ] GC(483) Concurrent Mark From Roots 925.781ms
[2657.154s][info][gc,marking     ] GC(483) Concurrent Preclean
[2657.154s][info][gc,marking     ] GC(483) Concurrent Preclean 0.064ms
[2657.154s][info][gc,start       ] GC(483) Pause Remark
[2657.159s][info][gc             ] GC(483) Pause Remark 2045M->2045M(4096M) 5.068ms
[2657.159s][info][gc,cpu         ] GC(483) User=0.03s Sys=0.00s Real=0.00s
[2657.159s][info][gc,marking     ] GC(483) Concurrent Mark 931.174ms
[2657.159s][info][gc,marking     ] GC(483) Concurrent Rebuild Remembered Sets and Scrub Regions
[2657.563s][info][gc,marking     ] GC(483) Concurrent Rebuild Remembered Sets and Scrub Regions 403.857ms
[2657.563s][info][gc,start       ] GC(483) Pause Cleanup
[2657.564s][info][gc             ] GC(483) Pause Cleanup 2231M->2231M(4096M) 0.117ms
[2657.564s][info][gc,cpu         ] GC(483) User=0.00s Sys=0.00s Real=0.00s
[2657.564s][info][gc,marking     ] GC(483) Concurrent Clear Claimed Marks
[2657.564s][info][gc,marking     ] GC(483) Concurrent Clear Claimed Marks 0.034ms
[2657.564s][info][gc,marking     ] GC(483) Concurrent Cleanup for Next Mark
[2657.568s][info][gc,marking     ] GC(483) Concurrent Cleanup for Next Mark 4.533ms
[2657.568s][info][gc             ] GC(483) Concurrent Mark Cycle 1526.645ms
...[2660.336s][info][gc,start       ] GC(484) Pause Young (Prepare Mixed) (G1 Evacuation Pause)
[2660.336s][info][gc,task        ] GC(484) Using 6 workers of 6 for evacuation
[2660.451s][info][gc,phases      ] GC(484)   Pre Evacuate Collection Set: 0.35ms
[2660.451s][info][gc,phases      ] GC(484)   Merge Heap Roots: 0.54ms
[2660.451s][info][gc,phases      ] GC(484)   Evacuate Collection Set: 113.45ms
[2660.451s][info][gc,phases      ] GC(484)   Post Evacuate Collection Set: 0.97ms
[2660.451s][info][gc,phases      ] GC(484)   Other: 0.09ms
[2660.451s][info][gc,heap        ] GC(484) Eden regions: 1118->0(1114)
[2660.451s][info][gc,heap        ] GC(484) Survivor regions: 110->108(154)
[2660.451s][info][gc,heap        ] GC(484) Old regions: 503->535
[2660.451s][info][gc,heap        ] GC(484) Humongous regions: 80->80
[2660.451s][info][gc,metaspace   ] GC(484) Metaspace: 28968K(29312K)->28968K(29312K) NonClass: 24084K(24256K)->24084K(24256K) Class: 4883K(5056K)->4883K(5056K)
[2660.451s][info][gc             ] GC(484) Pause Young (Prepare Mixed) (G1 Evacuation Pause) 3620M->1443M(4096M) 115.538ms
[2660.451s][info][gc,cpu         ] GC(484) User=0.68s Sys=0.01s Real=0.12s
....[2664.730s][info][gc,start       ] GC(485) Pause Young (Mixed) (G1 Evacuation Pause)
[2664.730s][info][gc,task        ] GC(485) Using 6 workers of 6 for evacuation
[2664.869s][info][gc,phases      ] GC(485)   Pre Evacuate Collection Set: 0.37ms
[2664.869s][info][gc,phases      ] GC(485)   Merge Heap Roots: 0.80ms
[2664.869s][info][gc,phases      ] GC(485)   Evacuate Collection Set: 136.31ms
[2664.869s][info][gc,phases      ] GC(485)   Post Evacuate Collection Set: 0.94ms
[2664.869s][info][gc,phases      ] GC(485)   Other: 0.09ms
[2664.869s][info][gc,heap        ] GC(485) Eden regions: 1114->0(1118)
[2664.869s][info][gc,heap        ] GC(485) Survivor regions: 108->110(153)
[2664.869s][info][gc,heap        ] GC(485) Old regions: 535->472
[2664.869s][info][gc,heap        ] GC(485) Humongous regions: 80->80
[2664.869s][info][gc,metaspace   ] GC(485) Metaspace: 28968K(29312K)->28968K(29312K) NonClass: 24084K(24256K)->24084K(24256K) Class: 4883K(5056K)->4883K(5056K)
[2664.869s][info][gc             ] GC(485) Pause Young (Mixed) (G1 Evacuation Pause) 3671M->1323M(4096M) 138.646ms
[2664.869s][info][gc,cpu         ] GC(485) User=0.83s Sys=0.00s Real=0.14s
. (rIR:aIR:PR = 4289:4284:4283) (tPR = 63666) [OK] 
  2664s: Performance info:
         Transaction,    Success,    Partial,     Failed,   Receipts, AvgBarcode, 
             Overall,     257643,          0,          0,     244744,      59.47, 
         Response times:
             Request,    Success,    Partial,     Failed,   SkipFail,     Probes,    Samples,      min,      p50,      p90,      p95,      p99,      max, 
       TotalPurchase,     244763,          0,          0,          0,     239903,     260558,      300,     3500,     6400,     9900,    45000,   171000,
     InStorePurchase,     128841,          0,          0,          0,     126468,     137215,      300,     3600,     6600,    10300,    49000,   171000,
      OnlinePurchase,      90122,          0,          0,          0,      88465,      96141,      300,     3300,     6100,     9500,    43000,   145000,
        InstPurchase,      25800,          0,          0,          0,      24970,      27202,      400,     3300,     6400,    10185,    39000,   145000,
          AssocOfCat,        259,          0,          0,          0,        194,        266,    19200,    31000,    44300,    54000,   167630,   176000,
      AssocOfProduct,       2591,          0,          0,          0,       2361,       2743,      500,     4400,     7100,    15860,    53680,   144000,
      BusinessReport,        641,          0,          0,          0,        554,        705,    26000,    36000,    54000,    73000,   115820,   201000,
          CustBuyBeh,       2594,          0,          0,          0,       2408,       2763,      100,     3800,     6860,    11480,    47720,   145000,
       ProductReturn,       6830,          0,          0,          0,       6531,       7370,      200,     3700,     6600,    10800,    41580,   142000,

  2664s: (32%)   IR =   4428 ....[2669.093s][info][gc,start       ] GC(486) Pause Young (Concurrent Start) (G1 Evacuation Pause)
[2669.093s][info][gc,task        ] GC(486) Using 6 workers of 6 for evacuation
[2669.209s][info][gc,phases      ] GC(486)   Pre Evacuate Collection Set: 0.38ms
[2669.209s][info][gc,phases      ] GC(486)   Merge Heap Roots: 0.48ms
[2669.209s][info][gc,phases      ] GC(486)   Evacuate Collection Set: 114.22ms
[2669.209s][info][gc,phases      ] GC(486)   Post Evacuate Collection Set: 0.92ms
[2669.209s][info][gc,phases      ] GC(486)   Other: 0.12ms
[2669.209s][info][gc,heap        ] GC(486) Eden regions: 1118->0(1119)
[2669.209s][info][gc,heap        ] GC(486) Survivor regions: 110->109(154)
[2669.209s][info][gc,heap        ] GC(486) Old regions: 472->504
[2669.209s][info][gc,heap        ] GC(486) Humongous regions: 80->80
[2669.209s][info][gc,metaspace   ] GC(486) Metaspace: 28968K(29312K)->28968K(29312K) NonClass: 24084K(24256K)->24084K(24256K) Class: 4883K(5056K)->4883K(5056K)
[2669.209s][info][gc             ] GC(486) Pause Young (Concurrent Start) (G1 Evacuation Pause) 3559M->1385M(4096M) 116.252ms
[2669.209s][info][gc             ] GC(487) Concurrent Mark Cycle
[2669.209s][info][gc,marking     ] GC(487) Concurrent Scan Root Regions
[2669.210s][info][gc,cpu         ] GC(486) User=0.69s Sys=0.00s Real=0.11s
[2669.393s][info][gc,marking     ] GC(487) Concurrent Scan Root Regions 183.731ms
[2669.393s][info][gc,marking     ] GC(487) Concurrent Mark
[2669.393s][info][gc,marking     ] GC(487) Concurrent Mark From Roots
[2669.393s][info][gc,task        ] GC(487) Using 2 workers of 2 for marking
.[2670.316s][info][gc,marking     ] GC(487) Concurrent Mark From Roots 922.720ms
[2670.316s][info][gc,marking     ] GC(487) Concurrent Preclean
[2670.316s][info][gc,marking     ] GC(487) Concurrent Preclean 0.072ms
[2670.316s][info][gc,start       ] GC(487) Pause Remark
[2670.322s][info][gc             ] GC(487) Pause Remark 2031M->2031M(4096M) 5.770ms
[2670.322s][info][gc,cpu         ] GC(487) User=0.03s Sys=0.00s Real=0.01s
[2670.322s][info][gc,marking     ] GC(487) Concurrent Mark 928.791ms
[2670.322s][info][gc,marking     ] GC(487) Concurrent Rebuild Remembered Sets and Scrub Regions
[2670.720s][info][gc,marking     ] GC(487) Concurrent Rebuild Remembered Sets and Scrub Regions 398.282ms
[2670.721s][info][gc,start       ] GC(487) Pause Cleanup
[2670.721s][info][gc             ] GC(487) Pause Cleanup 2253M->2253M(4096M) 0.129ms
[2670.721s][info][gc,cpu         ] GC(487) User=0.00s Sys=0.00s Real=0.00s
[2670.721s][info][gc,marking     ] GC(487) Concurrent Clear Claimed Marks
[2670.721s][info][gc,marking     ] GC(487) Concurrent Clear Claimed Marks 0.031ms
[2670.721s][info][gc,marking     ] GC(487) Concurrent Cleanup for Next Mark
[2670.725s][info][gc,marking     ] GC(487) Concurrent Cleanup for Next Mark 4.670ms
[2670.725s][info][gc             ] GC(487) Concurrent Mark Cycle 1515.990ms
..|.[2673.358s][info][gc,start       ] GC(488) Pause Young (Prepare Mixed) (G1 Evacuation Pause)
[2673.358s][info][gc,task        ] GC(488) Using 6 workers of 6 for evacuation
[2673.476s][info][gc,phases      ] GC(488)   Pre Evacuate Collection Set: 0.34ms
[2673.476s][info][gc,phases      ] GC(488)   Merge Heap Roots: 0.59ms
[2673.476s][info][gc,phases      ] GC(488)   Evacuate Collection Set: 115.54ms
[2673.476s][info][gc,phases      ] GC(488)   Post Evacuate Collection Set: 0.94ms
[2673.476s][info][gc,phases      ] GC(488)   Other: 0.09ms
[2673.476s][info][gc,heap        ] GC(488) Eden regions: 1119->0(1109)
[2673.476s][info][gc,heap        ] GC(488) Survivor regions: 109->110(154)
[2673.476s][info][gc,heap        ] GC(488) Old regions: 504->536
[2673.476s][info][gc,heap        ] GC(488) Humongous regions: 80->80
[2673.476s][info][gc,metaspace   ] GC(488) Metaspace: 28968K(29312K)->28968K(29312K) NonClass: 24085K(24256K)->24085K(24256K) Class: 4883K(5056K)->4883K(5056K)
[2673.476s][info][gc             ] GC(488) Pause Young (Prepare Mixed) (G1 Evacuation Pause) 3623M->1449M(4096M) 117.622ms
[2673.476s][info][gc,cpu         ] GC(488) User=0.70s Sys=0.00s Real=0.12s
....[2677.634s][info][gc,start       ] GC(489) Pause Young (Mixed) (G1 Evacuation Pause)
[2677.634s][info][gc,task        ] GC(489) Using 6 workers of 6 for evacuation
[2677.764s][info][gc,phases      ] GC(489)   Pre Evacuate Collection Set: 0.36ms
[2677.764s][info][gc,phases      ] GC(489)   Merge Heap Roots: 0.65ms
[2677.764s][info][gc,phases      ] GC(489)   Evacuate Collection Set: 128.70ms
[2677.764s][info][gc,phases      ] GC(489)   Post Evacuate Collection Set: 0.93ms
[2677.764s][info][gc,phases      ] GC(489)   Other: 0.09ms
[2677.764s][info][gc,heap        ] GC(489) Eden regions: 1109->0(1119)
[2677.764s][info][gc,heap        ] GC(489) Survivor regions: 110->109(153)
[2677.764s][info][gc,heap        ] GC(489) Old regions: 536->472
[2677.764s][info][gc,heap        ] GC(489) Humongous regions: 80->80
[2677.764s][info][gc,metaspace   ] GC(489) Metaspace: 28968K(29312K)->28968K(29312K) NonClass: 24085K(24256K)->24085K(24256K) Class: 4883K(5056K)->4883K(5056K)
[2677.764s][info][gc             ] GC(489) Pause Young (Mixed) (G1 Evacuation Pause) 3667M->1321M(4096M) 130.884ms
[2677.764s][info][gc,cpu         ] GC(489) User=0.78s Sys=0.00s Real=0.13s
....[2681.897s][info][gc,start       ] GC(490) Pause Young (Concurrent Start) (G1 Evacuation Pause)
[2681.897s][info][gc,task        ] GC(490) Using 6 workers of 6 for evacuation
[2682.016s][info][gc,phases      ] GC(490)   Pre Evacuate Collection Set: 0.38ms
[2682.016s][info][gc,phases      ] GC(490)   Merge Heap Roots: 0.47ms
[2682.016s][info][gc,phases      ] GC(490)   Evacuate Collection Set: 116.91ms
[2682.016s][info][gc,phases      ] GC(490)   Post Evacuate Collection Set: 0.89ms
[2682.016s][info][gc,phases      ] GC(490)   Other: 0.11ms
[2682.016s][info][gc,heap        ] GC(490) Eden regions: 1119->0(1117)
[2682.016s][info][gc,heap        ] GC(490) Survivor regions: 109->111(154)
[2682.016s][info][gc,heap        ] GC(490) Old regions: 472->504
[2682.016s][info][gc,heap        ] GC(490) Humongous regions: 80->80
[2682.016s][info][gc,metaspace   ] GC(490) Metaspace: 28968K(29312K)->28968K(29312K) NonClass: 24085K(24256K)->24085K(24256K) Class: 4883K(5056K)->4883K(5056K)
[2682.016s][info][gc             ] GC(490) Pause Young (Concurrent Start) (G1 Evacuation Pause) 3559M->1389M(4096M) 118.893ms
[2682.016s][info][gc             ] GC(491) Concurrent Mark Cycle
[2682.016s][info][gc,marking     ] GC(491) Concurrent Scan Root Regions
[2682.016s][info][gc,cpu         ] GC(490) User=0.70s Sys=0.00s Real=0.12s
.[2682.166s][info][gc,marking     ] GC(491) Concurrent Scan Root Regions 149.807ms
[2682.166s][info][gc,marking     ] GC(491) Concurrent Mark
[2682.166s][info][gc,marking     ] GC(491) Concurrent Mark From Roots
[2682.166s][info][gc,task        ] GC(491) Using 2 workers of 2 for marking
[2682.799s][info][gc,marking     ] GC(491) Concurrent Mark From Roots 633.660ms
[2682.799s][info][gc,marking     ] GC(491) Concurrent Preclean
[2682.800s][info][gc,marking     ] GC(491) Concurrent Preclean 0.069ms
[2682.800s][info][gc,start       ] GC(491) Pause Remark
[2682.804s][info][gc             ] GC(491) Pause Remark 1887M->1887M(4096M) 4.140ms
[2682.804s][info][gc,cpu         ] GC(491) User=0.03s Sys=0.00s Real=0.01s
[2682.804s][info][gc,marking     ] GC(491) Concurrent Mark 638.260ms
[2682.804s][info][gc,marking     ] GC(491) Concurrent Rebuild Remembered Sets and Scrub Regions
.[2683.023s][info][gc,marking     ] GC(491) Concurrent Rebuild Remembered Sets and Scrub Regions 219.004ms
[2683.024s][info][gc,start       ] GC(491) Pause Cleanup
[2683.024s][info][gc             ] GC(491) Pause Cleanup 1981M->1981M(4096M) 0.126ms
[2683.024s][info][gc,cpu         ] GC(491) User=0.00s Sys=0.00s Real=0.00s
[2683.024s][info][gc,marking     ] GC(491) Concurrent Clear Claimed Marks
[2683.024s][info][gc,marking     ] GC(491) Concurrent Clear Claimed Marks 0.028ms
[2683.024s][info][gc,marking     ] GC(491) Concurrent Cleanup for Next Mark
[2683.028s][info][gc,marking     ] GC(491) Concurrent Cleanup for Next Mark 4.286ms
[2683.028s][info][gc             ] GC(491) Concurrent Mark Cycle 1012.451ms
...[2686.175s][info][gc,start       ] GC(492) Pause Young (Prepare Mixed) (G1 Evacuation Pause)
[2686.175s][info][gc,task        ] GC(492) Using 6 workers of 6 for evacuation
[2686.293s][info][gc,phases      ] GC(492)   Pre Evacuate Collection Set: 0.34ms
[2686.293s][info][gc,phases      ] GC(492)   Merge Heap Roots: 0.51ms
[2686.293s][info][gc,phases      ] GC(492)   Evacuate Collection Set: 116.04ms
[2686.293s][info][gc,phases      ] GC(492)   Post Evacuate Collection Set: 0.92ms
[2686.293s][info][gc,phases      ] GC(492)   Other: 0.10ms
[2686.293s][info][gc,heap        ] GC(492) Eden regions: 1117->0(1105)
[2686.293s][info][gc,heap        ] GC(492) Survivor regions: 111->112(154)
[2686.293s][info][gc,heap        ] GC(492) Old regions: 504->536
[2686.293s][info][gc,heap        ] GC(492) Humongous regions: 80->80
[2686.293s][info][gc,metaspace   ] GC(492) Metaspace: 28968K(29312K)->28968K(29312K) NonClass: 24085K(24256K)->24085K(24256K) Class: 4883K(5056K)->4883K(5056K)
[2686.293s][info][gc             ] GC(492) Pause Young (Prepare Mixed) (G1 Evacuation Pause) 3623M->1453M(4096M) 118.051ms
[2686.293s][info][gc,cpu         ] GC(492) User=0.70s Sys=0.00s Real=0.12s
....[2690.378s][info][gc,start       ] GC(493) Pause Young (Mixed) (G1 Evacuation Pause)
[2690.378s][info][gc,task        ] GC(493) Using 6 workers of 6 for evacuation
[2690.509s][info][gc,phases      ] GC(493)   Pre Evacuate Collection Set: 0.38ms
[2690.509s][info][gc,phases      ] GC(493)   Merge Heap Roots: 0.65ms
[2690.509s][info][gc,phases      ] GC(493)   Evacuate Collection Set: 128.53ms
[2690.509s][info][gc,phases      ] GC(493)   Post Evacuate Collection Set: 0.96ms
[2690.509s][info][gc,phases      ] GC(493)   Other: 0.09ms
[2690.509s][info][gc,heap        ] GC(493) Eden regions: 1105->0(1120)
[2690.509s][info][gc,heap        ] GC(493) Survivor regions: 112->108(153)
[2690.509s][info][gc,heap        ] GC(493) Old regions: 536->471
[2690.509s][info][gc,heap        ] GC(493) Humongous regions: 80->80
[2690.509s][info][gc,metaspace   ] GC(493) Metaspace: 28968K(29312K)->28968K(29312K) NonClass: 24085K(24256K)->24085K(24256K) Class: 4883K(5056K)->4883K(5056K)
[2690.509s][info][gc             ] GC(493) Pause Young (Mixed) (G1 Evacuation Pause) 3663M->1317M(4096M) 130.744ms
[2690.509s][info][gc,cpu         ] GC(493) User=0.78s Sys=0.00s Real=0.13s
....[2694.695s][info][gc,start       ] GC(494) Pause Young (Concurrent Start) (G1 Evacuation Pause)
[2694.695s][info][gc,task        ] GC(494) Using 6 workers of 6 for evacuation
[2694.813s][info][gc,phases      ] GC(494)   Pre Evacuate Collection Set: 0.37ms
[2694.813s][info][gc,phases      ] GC(494)   Merge Heap Roots: 0.50ms
[2694.813s][info][gc,phases      ] GC(494)   Evacuate Collection Set: 115.58ms
[2694.813s][info][gc,phases      ] GC(494)   Post Evacuate Collection Set: 1.12ms
[2694.813s][info][gc,phases      ] GC(494)   Other: 0.11ms
[2694.813s][info][gc,heap        ] GC(494) Eden regions: 1120->0(1118)
[2694.813s][info][gc,heap        ] GC(494) Survivor regions: 108->110(154)
[2694.813s][info][gc,heap        ] GC(494) Old regions: 471->503
[2694.813s][info][gc,heap        ] GC(494) Humongous regions: 80->80
[2694.813s][info][gc,metaspace   ] GC(494) Metaspace: 28968K(29312K)->28968K(29312K) NonClass: 24085K(24256K)->24085K(24256K) Class: 4883K(5056K)->4883K(5056K)
[2694.813s][info][gc             ] GC(494) Pause Young (Concurrent Start) (G1 Evacuation Pause) 3557M->1385M(4096M) 117.825ms
[2694.813s][info][gc             ] GC(495) Concurrent Mark Cycle
[2694.813s][info][gc,marking     ] GC(495) Concurrent Scan Root Regions
[2694.813s][info][gc,cpu         ] GC(494) User=0.70s Sys=0.00s Real=0.12s
[2694.957s][info][gc,marking     ] GC(495) Concurrent Scan Root Regions 144.241ms
[2694.958s][info][gc,marking     ] GC(495) Concurrent Mark
[2694.958s][info][gc,marking     ] GC(495) Concurrent Mark From Roots
[2694.958s][info][gc,task        ] GC(495) Using 2 workers of 2 for marking
.[2695.584s][info][gc,marking     ] GC(495) Concurrent Mark From Roots 626.239ms
[2695.584s][info][gc,marking     ] GC(495) Concurrent Preclean
[2695.584s][info][gc,marking     ] GC(495) Concurrent Preclean 0.066ms
[2695.584s][info][gc,start       ] GC(495) Pause Remark
[2695.588s][info][gc             ] GC(495) Pause Remark 1848M->1848M(4096M) 4.209ms
[2695.588s][info][gc,cpu         ] GC(495) User=0.02s Sys=0.00s Real=0.00s
[2695.588s][info][gc,marking     ] GC(495) Concurrent Mark 630.851ms
[2695.588s][info][gc,marking     ] GC(495) Concurrent Rebuild Remembered Sets and Scrub Regions
[2695.826s][info][gc,marking     ] GC(495) Concurrent Rebuild Remembered Sets and Scrub Regions 237.606ms
[2695.826s][info][gc,start       ] GC(495) Pause Cleanup
[2695.826s][info][gc             ] GC(495) Pause Cleanup 1999M->1999M(4096M) 0.127ms
[2695.826s][info][gc,cpu         ] GC(495) User=0.00s Sys=0.00s Real=0.00s
[2695.826s][info][gc,marking     ] GC(495) Concurrent Clear Claimed Marks
[2695.826s][info][gc,marking     ] GC(495) Concurrent Clear Claimed Marks 0.029ms
[2695.826s][info][gc,marking     ] GC(495) Concurrent Cleanup for Next Mark
[2695.830s][info][gc,marking     ] GC(495) Concurrent Cleanup for Next Mark 3.656ms
[2695.830s][info][gc             ] GC(495) Concurrent Mark Cycle 1016.832ms
...[2698.870s][info][gc,start       ] GC(496) Pause Young (Prepare Mixed) (G1 Evacuation Pause)
[2698.870s][info][gc,task        ] GC(496) Using 6 workers of 6 for evacuation
[2698.985s][info][gc,phases      ] GC(496)   Pre Evacuate Collection Set: 0.33ms
[2698.985s][info][gc,phases      ] GC(496)   Merge Heap Roots: 0.50ms
[2698.985s][info][gc,phases      ] GC(496)   Evacuate Collection Set: 113.71ms
[2698.985s][info][gc,phases      ] GC(496)   Post Evacuate Collection Set: 0.91ms
[2698.985s][info][gc,phases      ] GC(496)   Other: 0.09ms
[2698.985s][info][gc,heap        ] GC(496) Eden regions: 1118->0(1112)
[2698.985s][info][gc,heap        ] GC(496) Survivor regions: 110->109(154)
[2698.985s][info][gc,heap        ] GC(496) Old regions: 503->535
[2698.985s][info][gc,heap        ] GC(496) Humongous regions: 80->80
[2698.985s][info][gc,metaspace   ] GC(496) Metaspace: 28968K(29312K)->28968K(29312K) NonClass: 24085K(24256K)->24085K(24256K) Class: 4883K(5056K)->4883K(5056K)
[2698.985s][info][gc             ] GC(496) Pause Young (Prepare Mixed) (G1 Evacuation Pause) 3621M->1445M(4096M) 115.664ms
[2698.985s][info][gc,cpu         ] GC(496) User=0.68s Sys=0.00s Real=0.12s
.....[2703.185s][info][gc,start       ] GC(497) Pause Young (Mixed) (G1 Evacuation Pause)
[2703.185s][info][gc,task        ] GC(497) Using 6 workers of 6 for evacuation
[2703.318s][info][gc,phases      ] GC(497)   Pre Evacuate Collection Set: 0.38ms
[2703.318s][info][gc,phases      ] GC(497)   Merge Heap Roots: 0.68ms
[2703.318s][info][gc,phases      ] GC(497)   Evacuate Collection Set: 130.32ms
[2703.318s][info][gc,phases      ] GC(497)   Post Evacuate Collection Set: 0.97ms
[2703.318s][info][gc,phases      ] GC(497)   Other: 0.09ms
[2703.318s][info][gc,heap        ] GC(497) Eden regions: 1112->0(1120)
[2703.318s][info][gc,heap        ] GC(497) Survivor regions: 109->108(153)
[2703.318s][info][gc,heap        ] GC(497) Old regions: 535->472
[2703.318s][info][gc,heap        ] GC(497) Humongous regions: 80->80
[2703.318s][info][gc,metaspace   ] GC(497) Metaspace: 28968K(29312K)->28968K(29312K) NonClass: 24085K(24256K)->24085K(24256K) Class: 4883K(5056K)->4883K(5056K)
[2703.318s][info][gc             ] GC(497) Pause Young (Mixed) (G1 Evacuation Pause) 3669M->1318M(4096M) 132.575ms
[2703.318s][info][gc,cpu         ] GC(497) User=0.79s Sys=0.00s Real=0.13s
....[2707.443s][info][gc,start       ] GC(498) Pause Young (Concurrent Start) (G1 Evacuation Pause)
[2707.444s][info][gc,task        ] GC(498) Using 6 workers of 6 for evacuation
[2707.559s][info][gc,phases      ] GC(498)   Pre Evacuate Collection Set: 0.40ms
[2707.559s][info][gc,phases      ] GC(498)   Merge Heap Roots: 0.50ms
[2707.559s][info][gc,phases      ] GC(498)   Evacuate Collection Set: 113.74ms
[2707.559s][info][gc,phases      ] GC(498)   Post Evacuate Collection Set: 0.92ms
[2707.559s][info][gc,phases      ] GC(498)   Other: 0.14ms
[2707.559s][info][gc,heap        ] GC(498) Eden regions: 1120->0(1119)
[2707.559s][info][gc,heap        ] GC(498) Survivor regions: 108->109(154)
[2707.559s][info][gc,heap        ] GC(498) Old regions: 472->503
[2707.559s][info][gc,heap        ] GC(498) Humongous regions: 80->80
[2707.559s][info][gc,metaspace   ] GC(498) Metaspace: 28968K(29312K)->28968K(29312K) NonClass: 24085K(24256K)->24085K(24256K) Class: 4883K(5056K)->4883K(5056K)
[2707.559s][info][gc             ] GC(498) Pause Young (Concurrent Start) (G1 Evacuation Pause) 3558M->1382M(4096M) 115.842ms
[2707.559s][info][gc             ] GC(499) Concurrent Mark Cycle
[2707.559s][info][gc,marking     ] GC(499) Concurrent Scan Root Regions
[2707.559s][info][gc,cpu         ] GC(498) User=0.69s Sys=0.00s Real=0.11s
[2707.702s][info][gc,marking     ] GC(499) Concurrent Scan Root Regions 142.360ms
[2707.702s][info][gc,marking     ] GC(499) Concurrent Mark
[2707.702s][info][gc,marking     ] GC(499) Concurrent Mark From Roots
[2707.702s][info][gc,task        ] GC(499) Using 2 workers of 2 for marking
.[2708.311s][info][gc,marking     ] GC(499) Concurrent Mark From Roots 609.140ms
[2708.311s][info][gc,marking     ] GC(499) Concurrent Preclean
[2708.311s][info][gc,marking     ] GC(499) Concurrent Preclean 0.049ms
[2708.311s][info][gc,start       ] GC(499) Pause Remark
[2708.315s][info][gc             ] GC(499) Pause Remark 1825M->1825M(4096M) 3.845ms
[2708.315s][info][gc,cpu         ] GC(499) User=0.02s Sys=0.00s Real=0.00s
[2708.315s][info][gc,marking     ] GC(499) Concurrent Mark 613.293ms
[2708.315s][info][gc,marking     ] GC(499) Concurrent Rebuild Remembered Sets and Scrub Regions
[2708.548s][info][gc,marking     ] GC(499) Concurrent Rebuild Remembered Sets and Scrub Regions 232.834ms
[2708.548s][info][gc,start       ] GC(499) Pause Cleanup
[2708.548s][info][gc             ] GC(499) Pause Cleanup 1969M->1969M(4096M) 0.135ms
[2708.548s][info][gc,cpu         ] GC(499) User=0.00s Sys=0.00s Real=0.00s
[2708.548s][info][gc,marking     ] GC(499) Concurrent Clear Claimed Marks
[2708.548s][info][gc,marking     ] GC(499) Concurrent Clear Claimed Marks 0.028ms
[2708.548s][info][gc,marking     ] GC(499) Concurrent Cleanup for Next Mark
[2708.552s][info][gc,marking     ] GC(499) Concurrent Cleanup for Next Mark 3.303ms
[2708.552s][info][gc             ] GC(499) Concurrent Mark Cycle 992.327ms
...[2711.705s][info][gc,start       ] GC(500) Pause Young (Prepare Mixed) (G1 Evacuation Pause)
[2711.705s][info][gc,task        ] GC(500) Using 6 workers of 6 for evacuation
[2711.823s][info][gc,phases      ] GC(500)   Pre Evacuate Collection Set: 0.32ms
[2711.823s][info][gc,phases      ] GC(500)   Merge Heap Roots: 0.53ms
[2711.823s][info][gc,phases      ] GC(500)   Evacuate Collection Set: 115.43ms
[2711.823s][info][gc,phases      ] GC(500)   Post Evacuate Collection Set: 0.92ms
[2711.823s][info][gc,phases      ] GC(500)   Other: 0.08ms
[2711.823s][info][gc,heap        ] GC(500) Eden regions: 1119->0(1107)
[2711.823s][info][gc,heap        ] GC(500) Survivor regions: 109->112(154)
[2711.823s][info][gc,heap        ] GC(500) Old regions: 503->534
[2711.823s][info][gc,heap        ] GC(500) Humongous regions: 80->80
[2711.823s][info][gc,metaspace   ] GC(500) Metaspace: 28969K(29312K)->28969K(29312K) NonClass: 24085K(24256K)->24085K(24256K) Class: 4883K(5056K)->4883K(5056K)
[2711.823s][info][gc             ] GC(500) Pause Young (Prepare Mixed) (G1 Evacuation Pause) 3620M->1450M(4096M) 117.427ms
[2711.823s][info][gc,cpu         ] GC(500) User=0.70s Sys=0.00s Real=0.12s
....[2715.942s][info][gc,start       ] GC(501) Pause Young (Mixed) (G1 Evacuation Pause)
[2715.942s][info][gc,task        ] GC(501) Using 6 workers of 6 for evacuation
[2716.073s][info][gc,phases      ] GC(501)   Pre Evacuate Collection Set: 0.38ms
[2716.073s][info][gc,phases      ] GC(501)   Merge Heap Roots: 0.61ms
[2716.073s][info][gc,phases      ] GC(501)   Evacuate Collection Set: 129.01ms
[2716.073s][info][gc,phases      ] GC(501)   Post Evacuate Collection Set: 0.96ms
[2716.074s][info][gc,phases      ] GC(501)   Other: 0.09ms
[2716.074s][info][gc,heap        ] GC(501) Eden regions: 1107->0(1120)
[2716.074s][info][gc,heap        ] GC(501) Survivor regions: 112->108(153)
[2716.074s][info][gc,heap        ] GC(501) Old regions: 534->471
[2716.074s][info][gc,heap        ] GC(501) Humongous regions: 80->80
[2716.074s][info][gc,metaspace   ] GC(501) Metaspace: 28969K(29312K)->28969K(29312K) NonClass: 24085K(24256K)->24085K(24256K) Class: 4883K(5056K)->4883K(5056K)
[2716.074s][info][gc             ] GC(501) Pause Young (Mixed) (G1 Evacuation Pause) 3664M->1316M(4096M) 131.192ms
[2716.074s][info][gc,cpu         ] GC(501) User=0.78s Sys=0.00s Real=0.13s
.....[2720.234s][info][gc,start       ] GC(502) Pause Young (Concurrent Start) (G1 Evacuation Pause)
[2720.234s][info][gc,task        ] GC(502) Using 6 workers of 6 for evacuation
[2720.350s][info][gc,phases      ] GC(502)   Pre Evacuate Collection Set: 0.39ms
[2720.351s][info][gc,phases      ] GC(502)   Merge Heap Roots: 0.48ms
[2720.351s][info][gc,phases      ] GC(502)   Evacuate Collection Set: 114.68ms
[2720.351s][info][gc,phases      ] GC(502)   Post Evacuate Collection Set: 0.89ms
[2720.351s][info][gc,phases      ] GC(502)   Other: 0.11ms
[2720.351s][info][gc,heap        ] GC(502) Eden regions: 1120->0(1118)
[2720.351s][info][gc,heap        ] GC(502) Survivor regions: 108->110(154)
[2720.351s][info][gc,heap        ] GC(502) Old regions: 471->503
[2720.351s][info][gc,heap        ] GC(502) Humongous regions: 80->80
[2720.351s][info][gc,metaspace   ] GC(502) Metaspace: 28969K(29312K)->28969K(29312K) NonClass: 24085K(24256K)->24085K(24256K) Class: 4883K(5056K)->4883K(5056K)
[2720.351s][info][gc             ] GC(502) Pause Young (Concurrent Start) (G1 Evacuation Pause) 3556M->1384M(4096M) 116.678ms
[2720.351s][info][gc             ] GC(503) Concurrent Mark Cycle
[2720.351s][info][gc,marking     ] GC(503) Concurrent Scan Root Regions
[2720.351s][info][gc,cpu         ] GC(502) User=0.70s Sys=0.00s Real=0.11s
[2720.492s][info][gc,marking     ] GC(503) Concurrent Scan Root Regions 141.479ms
[2720.492s][info][gc,marking     ] GC(503) Concurrent Mark
[2720.492s][info][gc,marking     ] GC(503) Concurrent Mark From Roots
[2720.492s][info][gc,task        ] GC(503) Using 2 workers of 2 for marking
.[2721.100s][info][gc,marking     ] GC(503) Concurrent Mark From Roots 607.938ms
[2721.100s][info][gc,marking     ] GC(503) Concurrent Preclean
[2721.100s][info][gc,marking     ] GC(503) Concurrent Preclean 0.116ms
[2721.100s][info][gc,start       ] GC(503) Pause Remark
[2721.106s][info][gc             ] GC(503) Pause Remark 1843M->1843M(4096M) 6.148ms
[2721.107s][info][gc,cpu         ] GC(503) User=0.04s Sys=0.00s Real=0.01s
[2721.107s][info][gc,marking     ] GC(503) Concurrent Mark 614.479ms
[2721.107s][info][gc,marking     ] GC(503) Concurrent Rebuild Remembered Sets and Scrub Regions
[2721.348s][info][gc,marking     ] GC(503) Concurrent Rebuild Remembered Sets and Scrub Regions 241.433ms
[2721.350s][info][gc,start       ] GC(503) Pause Cleanup
[2721.350s][info][gc             ] GC(503) Pause Cleanup 1964M->1964M(4096M) 0.166ms
[2721.350s][info][gc,cpu         ] GC(503) User=0.00s Sys=0.00s Real=0.00s
[2721.350s][info][gc,marking     ] GC(503) Concurrent Clear Claimed Marks
[2721.350s][info][gc,marking     ] GC(503) Concurrent Clear Claimed Marks 0.032ms
[2721.350s][info][gc,marking     ] GC(503) Concurrent Cleanup for Next Mark
[2721.361s][info][gc,marking     ] GC(503) Concurrent Cleanup for Next Mark 10.532ms
[2721.361s][info][gc             ] GC(503) Concurrent Mark Cycle 1010.348ms
...[2724.518s][info][gc,start       ] GC(504) Pause Young (Prepare Mixed) (G1 Evacuation Pause)
[2724.518s][info][gc,task        ] GC(504) Using 6 workers of 6 for evacuation
[2724.634s][info][gc,phases      ] GC(504)   Pre Evacuate Collection Set: 0.35ms
[2724.634s][info][gc,phases      ] GC(504)   Merge Heap Roots: 0.52ms
[2724.634s][info][gc,phases      ] GC(504)   Evacuate Collection Set: 114.21ms
[2724.634s][info][gc,phases      ] GC(504)   Post Evacuate Collection Set: 0.93ms
[2724.634s][info][gc,phases      ] GC(504)   Other: 0.09ms
[2724.634s][info][gc,heap        ] GC(504) Eden regions: 1118->0(1114)
[2724.634s][info][gc,heap        ] GC(504) Survivor regions: 110->108(154)
[2724.634s][info][gc,heap        ] GC(504) Old regions: 503->535
[2724.634s][info][gc,heap        ] GC(504) Humongous regions: 80->80
[2724.634s][info][gc,metaspace   ] GC(504) Metaspace: 28963K(29312K)->28963K(29312K) NonClass: 24083K(24256K)->24083K(24256K) Class: 4880K(5056K)->4880K(5056K)
[2724.634s][info][gc             ] GC(504) Pause Young (Prepare Mixed) (G1 Evacuation Pause) 3620M->1444M(4096M) 116.235ms
[2724.634s][info][gc,cpu         ] GC(504) User=0.69s Sys=0.00s Real=0.12s
....[2728.733s][info][gc,start       ] GC(505) Pause Young (Mixed) (G1 Evacuation Pause)
[2728.733s][info][gc,task        ] GC(505) Using 6 workers of 6 for evacuation
[2728.863s][info][gc,phases      ] GC(505)   Pre Evacuate Collection Set: 0.39ms
[2728.864s][info][gc,phases      ] GC(505)   Merge Heap Roots: 0.68ms
[2728.864s][info][gc,phases      ] GC(505)   Evacuate Collection Set: 128.59ms
[2728.864s][info][gc,phases      ] GC(505)   Post Evacuate Collection Set: 0.96ms
[2728.864s][info][gc,phases      ] GC(505)   Other: 0.10ms
[2728.864s][info][gc,heap        ] GC(505) Eden regions: 1114->0(1120)
[2728.864s][info][gc,heap        ] GC(505) Survivor regions: 108->108(153)
[2728.864s][info][gc,heap        ] GC(505) Old regions: 535->473
[2728.864s][info][gc,heap        ] GC(505) Humongous regions: 80->80
[2728.864s][info][gc,metaspace   ] GC(505) Metaspace: 28963K(29312K)->28963K(29312K) NonClass: 24083K(24256K)->24083K(24256K) Class: 4880K(5056K)->4880K(5056K)
[2728.864s][info][gc             ] GC(505) Pause Young (Mixed) (G1 Evacuation Pause) 3672M->1321M(4096M) 130.850ms
[2728.864s][info][gc,cpu         ] GC(505) User=0.78s Sys=0.00s Real=0.13s
.... (rIR:aIR:PR = 4428:4427:4427) (tPR = 65736) [OK] 
  2731s: Performance info:
         Transaction,    Success,    Partial,     Failed,   Receipts, AvgBarcode, 
             Overall,     266341,          0,          0,     253045,      59.48, 
         Response times:
             Request,    Success,    Partial,     Failed,   SkipFail,     Probes,    Samples,      min,      p50,      p90,      p95,      p99,      max, 
       TotalPurchase,     253017,          0,          0,          0,     248011,     278689,      300,     3600,     6700,    11500,    65000,   197000,
     InStorePurchase,     133177,          0,          0,          0,     130788,     146795,      300,     3900,     6900,    13000,    68000,   197000,
      OnlinePurchase,      93207,          0,          0,          0,      91364,     102612,      300,     3200,     6400,    10200,    61000,   197000,
        InstPurchase,      26633,          0,          0,          0,      25859,      29282,      400,     3700,     6800,    10700,    65000,   170000,
          AssocOfCat,        264,          0,          0,          0,        206,        286,    20000,    31000,    47000,    56000,    81170,   100000,
      AssocOfProduct,       2656,          0,          0,          0,       2526,       3114,      600,     3200,     5200,     8200,    55000,   138000,
      BusinessReport,        664,          0,          0,          0,        556,        730,    19500,    35000,    55000,    68450,   159140,   272000,
          CustBuyBeh,       2655,          0,          0,          0,       2456,       2969,      500,     3700,     7200,    13600,    73000,   137000,
       ProductReturn,       7064,          0,          0,          0,       6746,       7851,      200,     3100,     6400,    10700,    57000,   140000,

  2731s: (33%)   IR =   4566 [2733.102s][info][gc,start       ] GC(506) Pause Young (Concurrent Start) (G1 Evacuation Pause)
[2733.102s][info][gc,task        ] GC(506) Using 6 workers of 6 for evacuation
[2733.221s][info][gc,phases      ] GC(506)   Pre Evacuate Collection Set: 0.42ms
[2733.221s][info][gc,phases      ] GC(506)   Merge Heap Roots: 0.53ms
[2733.221s][info][gc,phases      ] GC(506)   Evacuate Collection Set: 115.93ms
[2733.221s][info][gc,phases      ] GC(506)   Post Evacuate Collection Set: 0.92ms
[2733.221s][info][gc,phases      ] GC(506)   Other: 0.83ms
[2733.221s][info][gc,heap        ] GC(506) Eden regions: 1120->0(1117)
[2733.221s][info][gc,heap        ] GC(506) Survivor regions: 108->111(154)
[2733.221s][info][gc,heap        ] GC(506) Old regions: 473->505
[2733.221s][info][gc,heap        ] GC(506) Humongous regions: 80->80
[2733.221s][info][gc,metaspace   ] GC(506) Metaspace: 28963K(29312K)->28963K(29312K) NonClass: 24083K(24256K)->24083K(24256K) Class: 4880K(5056K)->4880K(5056K)
[2733.221s][info][gc             ] GC(506) Pause Young (Concurrent Start) (G1 Evacuation Pause) 3561M->1389M(4096M) 118.765ms
[2733.221s][info][gc             ] GC(507) Concurrent Mark Cycle
[2733.221s][info][gc,marking     ] GC(507) Concurrent Scan Root Regions
[2733.221s][info][gc,cpu         ] GC(506) User=0.70s Sys=0.00s Real=0.11s
.[2733.410s][info][gc,marking     ] GC(507) Concurrent Scan Root Regions 189.237ms
[2733.410s][info][gc,marking     ] GC(507) Concurrent Mark
[2733.410s][info][gc,marking     ] GC(507) Concurrent Mark From Roots
[2733.410s][info][gc,task        ] GC(507) Using 2 workers of 2 for marking
.[2734.326s][info][gc,marking     ] GC(507) Concurrent Mark From Roots 916.468ms
[2734.327s][info][gc,marking     ] GC(507) Concurrent Preclean
[2734.327s][info][gc,marking     ] GC(507) Concurrent Preclean 0.120ms
[2734.327s][info][gc,start       ] GC(507) Pause Remark
[2734.333s][info][gc             ] GC(507) Pause Remark 2073M->2073M(4096M) 5.973ms
[2734.333s][info][gc,cpu         ] GC(507) User=0.03s Sys=0.00s Real=0.01s
[2734.333s][info][gc,marking     ] GC(507) Concurrent Mark 922.820ms
[2734.333s][info][gc,marking     ] GC(507) Concurrent Rebuild Remembered Sets and Scrub Regions
[2734.587s][info][gc,marking     ] GC(507) Concurrent Rebuild Remembered Sets and Scrub Regions 254.623ms
[2734.588s][info][gc,start       ] GC(507) Pause Cleanup
[2734.588s][info][gc             ] GC(507) Pause Cleanup 2223M->2223M(4096M) 0.122ms
[2734.588s][info][gc,cpu         ] GC(507) User=0.00s Sys=0.00s Real=0.00s
[2734.588s][info][gc,marking     ] GC(507) Concurrent Clear Claimed Marks
[2734.588s][info][gc,marking     ] GC(507) Concurrent Clear Claimed Marks 0.027ms
[2734.588s][info][gc,marking     ] GC(507) Concurrent Cleanup for Next Mark
[2734.591s][info][gc,marking     ] GC(507) Concurrent Cleanup for Next Mark 3.314ms
[2734.591s][info][gc             ] GC(507) Concurrent Mark Cycle 1370.458ms
..[2737.211s][info][gc,start       ] GC(508) Pause Young (Prepare Mixed) (G1 Evacuation Pause)
[2737.211s][info][gc,task        ] GC(508) Using 6 workers of 6 for evacuation
[2737.326s][info][gc,phases      ] GC(508)   Pre Evacuate Collection Set: 0.33ms
[2737.326s][info][gc,phases      ] GC(508)   Merge Heap Roots: 0.52ms
[2737.326s][info][gc,phases      ] GC(508)   Evacuate Collection Set: 113.64ms
[2737.326s][info][gc,phases      ] GC(508)   Post Evacuate Collection Set: 0.97ms
[2737.326s][info][gc,phases      ] GC(508)   Other: 0.09ms
[2737.326s][info][gc,heap        ] GC(508) Eden regions: 1117->0(1113)
[2737.326s][info][gc,heap        ] GC(508) Survivor regions: 111->108(154)
[2737.326s][info][gc,heap        ] GC(508) Old regions: 505->536
[2737.326s][info][gc,heap        ] GC(508) Humongous regions: 80->80
[2737.326s][info][gc,metaspace   ] GC(508) Metaspace: 28963K(29312K)->28963K(29312K) NonClass: 24083K(24256K)->24083K(24256K) Class: 4880K(5056K)->4880K(5056K)
[2737.326s][info][gc             ] GC(508) Pause Young (Prepare Mixed) (G1 Evacuation Pause) 3623M->1446M(4096M) 115.676ms
[2737.326s][info][gc,cpu         ] GC(508) User=0.69s Sys=0.00s Real=0.12s
.....[2741.363s][info][gc,start       ] GC(509) Pause Young (Mixed) (G1 Evacuation Pause)
[2741.363s][info][gc,task        ] GC(509) Using 6 workers of 6 for evacuation
[2741.495s][info][gc,phases      ] GC(509)   Pre Evacuate Collection Set: 0.42ms
[2741.495s][info][gc,phases      ] GC(509)   Merge Heap Roots: 0.64ms
[2741.495s][info][gc,phases      ] GC(509)   Evacuate Collection Set: 129.61ms
[2741.495s][info][gc,phases      ] GC(509)   Post Evacuate Collection Set: 0.98ms
[2741.495s][info][gc,phases      ] GC(509)   Other: 0.09ms
[2741.495s][info][gc,heap        ] GC(509) Eden regions: 1113->0(1119)
[2741.495s][info][gc,heap        ] GC(509) Survivor regions: 108->109(153)
[2741.495s][info][gc,heap        ] GC(509) Old regions: 536->471
[2741.495s][info][gc,heap        ] GC(509) Humongous regions: 80->80
[2741.495s][info][gc,metaspace   ] GC(509) Metaspace: 28963K(29312K)->28963K(29312K) NonClass: 24083K(24256K)->24083K(24256K) Class: 4880K(5056K)->4880K(5056K)
[2741.495s][info][gc             ] GC(509) Pause Young (Mixed) (G1 Evacuation Pause) 3672M->1318M(4096M) 131.857ms
[2741.495s][info][gc,cpu         ] GC(509) User=0.78s Sys=0.00s Real=0.13s
....[2745.491s][info][gc,start       ] GC(510) Pause Young (Concurrent Start) (G1 Evacuation Pause)
[2745.491s][info][gc,task        ] GC(510) Using 6 workers of 6 for evacuation
[2745.607s][info][gc,phases      ] GC(510)   Pre Evacuate Collection Set: 0.45ms
[2745.607s][info][gc,phases      ] GC(510)   Merge Heap Roots: 0.51ms
[2745.607s][info][gc,phases      ] GC(510)   Evacuate Collection Set: 113.84ms
[2745.607s][info][gc,phases      ] GC(510)   Post Evacuate Collection Set: 0.88ms
[2745.607s][info][gc,phases      ] GC(510)   Other: 0.14ms
[2745.607s][info][gc,heap        ] GC(510) Eden regions: 1119->0(1120)
[2745.607s][info][gc,heap        ] GC(510) Survivor regions: 109->108(154)
[2745.607s][info][gc,heap        ] GC(510) Old regions: 471->503
[2745.607s][info][gc,heap        ] GC(510) Humongous regions: 80->80
[2745.607s][info][gc,metaspace   ] GC(510) Metaspace: 28963K(29312K)->28963K(29312K) NonClass: 24083K(24256K)->24083K(24256K) Class: 4880K(5056K)->4880K(5056K)
[2745.607s][info][gc             ] GC(510) Pause Young (Concurrent Start) (G1 Evacuation Pause) 3556M->1380M(4096M) 115.967ms
[2745.607s][info][gc             ] GC(511) Concurrent Mark Cycle
[2745.607s][info][gc,marking     ] GC(511) Concurrent Scan Root Regions
[2745.607s][info][gc,cpu         ] GC(510) User=0.69s Sys=0.01s Real=0.11s
[2745.789s][info][gc,marking     ] GC(511) Concurrent Scan Root Regions 181.806ms
[2745.789s][info][gc,marking     ] GC(511) Concurrent Mark
[2745.789s][info][gc,marking     ] GC(511) Concurrent Mark From Roots
[2745.789s][info][gc,task        ] GC(511) Using 2 workers of 2 for marking
.[2746.632s][info][gc,marking     ] GC(511) Concurrent Mark From Roots 842.565ms
[2746.632s][info][gc,marking     ] GC(511) Concurrent Preclean
[2746.632s][info][gc,marking     ] GC(511) Concurrent Preclean 0.069ms
[2746.632s][info][gc,start       ] GC(511) Pause Remark
[2746.637s][info][gc             ] GC(511) Pause Remark 2022M->2022M(4096M) 5.444ms
[2746.637s][info][gc,cpu         ] GC(511) User=0.03s Sys=0.00s Real=0.00s
[2746.637s][info][gc,marking     ] GC(511) Concurrent Mark 848.332ms
[2746.637s][info][gc,marking     ] GC(511) Concurrent Rebuild Remembered Sets and Scrub Regions
[2746.882s][info][gc,marking     ] GC(511) Concurrent Rebuild Remembered Sets and Scrub Regions 244.121ms
[2746.882s][info][gc,start       ] GC(511) Pause Cleanup
[2746.882s][info][gc             ] GC(511) Pause Cleanup 2148M->2148M(4096M) 0.131ms
[2746.882s][info][gc,cpu         ] GC(511) User=0.00s Sys=0.00s Real=0.00s
[2746.882s][info][gc,marking     ] GC(511) Concurrent Clear Claimed Marks
[2746.882s][info][gc,marking     ] GC(511) Concurrent Clear Claimed Marks 0.033ms
[2746.882s][info][gc,marking     ] GC(511) Concurrent Cleanup for Next Mark
[2746.887s][info][gc,marking     ] GC(511) Concurrent Cleanup for Next Mark 5.027ms
[2746.887s][info][gc             ] GC(511) Concurrent Mark Cycle 1280.013ms
...|[2749.594s][info][gc,start       ] GC(512) Pause Young (Prepare Mixed) (G1 Evacuation Pause)
[2749.594s][info][gc,task        ] GC(512) Using 6 workers of 6 for evacuation
[2749.710s][info][gc,phases      ] GC(512)   Pre Evacuate Collection Set: 0.34ms
[2749.710s][info][gc,phases      ] GC(512)   Merge Heap Roots: 0.53ms
[2749.710s][info][gc,phases      ] GC(512)   Evacuate Collection Set: 114.06ms
[2749.710s][info][gc,phases      ] GC(512)   Post Evacuate Collection Set: 0.94ms
[2749.710s][info][gc,phases      ] GC(512)   Other: 0.09ms
[2749.710s][info][gc,heap        ] GC(512) Eden regions: 1120->0(1116)
[2749.710s][info][gc,heap        ] GC(512) Survivor regions: 108->107(154)
[2749.710s][info][gc,heap        ] GC(512) Old regions: 503->535
[2749.710s][info][gc,heap        ] GC(512) Humongous regions: 80->80
[2749.710s][info][gc,metaspace   ] GC(512) Metaspace: 28963K(29312K)->28963K(29312K) NonClass: 24083K(24256K)->24083K(24256K) Class: 4880K(5056K)->4880K(5056K)
[2749.710s][info][gc             ] GC(512) Pause Young (Prepare Mixed) (G1 Evacuation Pause) 3620M->1443M(4096M) 116.113ms
[2749.710s][info][gc,cpu         ] GC(512) User=0.69s Sys=0.00s Real=0.11s
....[2753.697s][info][gc,start       ] GC(513) Pause Young (Mixed) (G1 Evacuation Pause)
[2753.697s][info][gc,task        ] GC(513) Using 6 workers of 6 for evacuation
[2753.827s][info][gc,phases      ] GC(513)   Pre Evacuate Collection Set: 0.39ms
[2753.827s][info][gc,phases      ] GC(513)   Merge Heap Roots: 0.62ms
[2753.827s][info][gc,phases      ] GC(513)   Evacuate Collection Set: 128.17ms
[2753.827s][info][gc,phases      ] GC(513)   Post Evacuate Collection Set: 0.98ms
[2753.827s][info][gc,phases      ] GC(513)   Other: 0.09ms
[2753.827s][info][gc,heap        ] GC(513) Eden regions: 1116->0(1120)
[2753.827s][info][gc,heap        ] GC(513) Survivor regions: 107->108(153)
[2753.827s][info][gc,heap        ] GC(513) Old regions: 535->471
[2753.827s][info][gc,heap        ] GC(513) Humongous regions: 80->80
[2753.827s][info][gc,metaspace   ] GC(513) Metaspace: 28963K(29312K)->28963K(29312K) NonClass: 24083K(24256K)->24083K(24256K) Class: 4880K(5056K)->4880K(5056K)
[2753.827s][info][gc             ] GC(513) Pause Young (Mixed) (G1 Evacuation Pause) 3675M->1317M(4096M) 130.395ms
[2753.827s][info][gc,cpu         ] GC(513) User=0.77s Sys=0.00s Real=0.13s
....[2757.807s][info][gc,start       ] GC(514) Pause Young (Concurrent Start) (G1 Evacuation Pause)
[2757.807s][info][gc,task        ] GC(514) Using 6 workers of 6 for evacuation
[2757.927s][info][gc,phases      ] GC(514)   Pre Evacuate Collection Set: 0.40ms
[2757.927s][info][gc,phases      ] GC(514)   Merge Heap Roots: 0.49ms
[2757.927s][info][gc,phases      ] GC(514)   Evacuate Collection Set: 117.91ms
[2757.927s][info][gc,phases      ] GC(514)   Post Evacuate Collection Set: 0.89ms
[2757.927s][info][gc,phases      ] GC(514)   Other: 0.10ms
[2757.927s][info][gc,heap        ] GC(514) Eden regions: 1120->0(1119)
[2757.927s][info][gc,heap        ] GC(514) Survivor regions: 108->109(154)
[2757.927s][info][gc,heap        ] GC(514) Old regions: 471->504
[2757.927s][info][gc,heap        ] GC(514) Humongous regions: 80->80
[2757.927s][info][gc,metaspace   ] GC(514) Metaspace: 28963K(29312K)->28963K(29312K) NonClass: 24083K(24256K)->24083K(24256K) Class: 4880K(5056K)->4880K(5056K)
[2757.927s][info][gc             ] GC(514) Pause Young (Concurrent Start) (G1 Evacuation Pause) 3557M->1384M(4096M) 119.915ms
[2757.927s][info][gc             ] GC(515) Concurrent Mark Cycle
[2757.927s][info][gc,marking     ] GC(515) Concurrent Scan Root Regions
[2757.927s][info][gc,cpu         ] GC(514) User=0.71s Sys=0.00s Real=0.12s
[2758.105s][info][gc,marking     ] GC(515) Concurrent Scan Root Regions 178.387ms
[2758.105s][info][gc,marking     ] GC(515) Concurrent Mark
[2758.105s][info][gc,marking     ] GC(515) Concurrent Mark From Roots
[2758.105s][info][gc,task        ] GC(515) Using 2 workers of 2 for marking
.[2759.030s][info][gc,marking     ] GC(515) Concurrent Mark From Roots 924.380ms
[2759.030s][info][gc,marking     ] GC(515) Concurrent Preclean
[2759.030s][info][gc,marking     ] GC(515) Concurrent Preclean 0.097ms
[2759.030s][info][gc,start       ] GC(515) Pause Remark
[2759.036s][info][gc             ] GC(515) Pause Remark 2036M->2036M(4096M) 5.893ms
[2759.036s][info][gc,cpu         ] GC(515) User=0.03s Sys=0.00s Real=0.01s
[2759.036s][info][gc,marking     ] GC(515) Concurrent Mark 930.651ms
[2759.036s][info][gc,marking     ] GC(515) Concurrent Rebuild Remembered Sets and Scrub Regions
[2759.266s][info][gc,marking     ] GC(515) Concurrent Rebuild Remembered Sets and Scrub Regions 229.996ms
[2759.266s][info][gc,start       ] GC(515) Pause Cleanup
[2759.266s][info][gc             ] GC(515) Pause Cleanup 2148M->2148M(4096M) 0.130ms
[2759.266s][info][gc,cpu         ] GC(515) User=0.00s Sys=0.00s Real=0.00s
[2759.266s][info][gc,marking     ] GC(515) Concurrent Clear Claimed Marks
[2759.266s][info][gc,marking     ] GC(515) Concurrent Clear Claimed Marks 0.028ms
[2759.266s][info][gc,marking     ] GC(515) Concurrent Cleanup for Next Mark
[2759.270s][info][gc,marking     ] GC(515) Concurrent Cleanup for Next Mark 3.247ms
[2759.270s][info][gc             ] GC(515) Concurrent Mark Cycle 1342.725ms
...[2761.990s][info][gc,start       ] GC(516) Pause Young (Prepare Mixed) (G1 Evacuation Pause)
[2761.990s][info][gc,task        ] GC(516) Using 6 workers of 6 for evacuation
[2762.109s][info][gc,phases      ] GC(516)   Pre Evacuate Collection Set: 0.34ms
[2762.109s][info][gc,phases      ] GC(516)   Merge Heap Roots: 0.53ms
[2762.109s][info][gc,phases      ] GC(516)   Evacuate Collection Set: 116.67ms
[2762.109s][info][gc,phases      ] GC(516)   Post Evacuate Collection Set: 0.92ms
[2762.109s][info][gc,phases      ] GC(516)   Other: 0.09ms
[2762.109s][info][gc,heap        ] GC(516) Eden regions: 1119->0(1108)
[2762.109s][info][gc,heap        ] GC(516) Survivor regions: 109->111(154)
[2762.109s][info][gc,heap        ] GC(516) Old regions: 504->535
[2762.109s][info][gc,heap        ] GC(516) Humongous regions: 80->80
[2762.109s][info][gc,metaspace   ] GC(516) Metaspace: 28963K(29312K)->28963K(29312K) NonClass: 24083K(24256K)->24083K(24256K) Class: 4880K(5056K)->4880K(5056K)
[2762.109s][info][gc             ] GC(516) Pause Young (Prepare Mixed) (G1 Evacuation Pause) 3622M->1450M(4096M) 118.684ms
[2762.109s][info][gc,cpu         ] GC(516) User=0.71s Sys=0.00s Real=0.12s
....[2766.160s][info][gc,start       ] GC(517) Pause Young (Mixed) (G1 Evacuation Pause)
[2766.160s][info][gc,task        ] GC(517) Using 6 workers of 6 for evacuation
[2766.293s][info][gc,phases      ] GC(517)   Pre Evacuate Collection Set: 0.37ms
[2766.293s][info][gc,phases      ] GC(517)   Merge Heap Roots: 0.62ms
[2766.293s][info][gc,phases      ] GC(517)   Evacuate Collection Set: 130.17ms
[2766.293s][info][gc,phases      ] GC(517)   Post Evacuate Collection Set: 0.95ms
[2766.293s][info][gc,phases      ] GC(517)   Other: 0.09ms
[2766.293s][info][gc,heap        ] GC(517) Eden regions: 1108->0(1118)
[2766.293s][info][gc,heap        ] GC(517) Survivor regions: 111->110(153)
[2766.293s][info][gc,heap        ] GC(517) Old regions: 535->471
[2766.293s][info][gc,heap        ] GC(517) Humongous regions: 80->80
[2766.293s][info][gc,metaspace   ] GC(517) Metaspace: 28963K(29312K)->28963K(29312K) NonClass: 24083K(24256K)->24083K(24256K) Class: 4880K(5056K)->4880K(5056K)
[2766.293s][info][gc             ] GC(517) Pause Young (Mixed) (G1 Evacuation Pause) 3666M->1320M(4096M) 132.332ms
[2766.293s][info][gc,cpu         ] GC(517) User=0.78s Sys=0.00s Real=0.14s
....[2770.218s][info][gc,start       ] GC(518) Pause Young (Concurrent Start) (G1 Evacuation Pause)
[2770.218s][info][gc,task        ] GC(518) Using 6 workers of 6 for evacuation
[2770.332s][info][gc,phases      ] GC(518)   Pre Evacuate Collection Set: 0.41ms
[2770.332s][info][gc,phases      ] GC(518)   Merge Heap Roots: 0.48ms
[2770.332s][info][gc,phases      ] GC(518)   Evacuate Collection Set: 111.80ms
[2770.332s][info][gc,phases      ] GC(518)   Post Evacuate Collection Set: 0.91ms
[2770.332s][info][gc,phases      ] GC(518)   Other: 0.11ms
[2770.332s][info][gc,heap        ] GC(518) Eden regions: 1118->0(1122)
[2770.332s][info][gc,heap        ] GC(518) Survivor regions: 110->106(154)
[2770.332s][info][gc,heap        ] GC(518) Old regions: 471->503
[2770.332s][info][gc,heap        ] GC(518) Humongous regions: 80->80
[2770.332s][info][gc,metaspace   ] GC(518) Metaspace: 28963K(29312K)->28963K(29312K) NonClass: 24083K(24256K)->24083K(24256K) Class: 4880K(5056K)->4880K(5056K)
[2770.332s][info][gc             ] GC(518) Pause Young (Concurrent Start) (G1 Evacuation Pause) 3556M->1377M(4096M) 113.847ms
[2770.332s][info][gc             ] GC(519) Concurrent Mark Cycle
[2770.332s][info][gc,marking     ] GC(519) Concurrent Scan Root Regions
[2770.332s][info][gc,cpu         ] GC(518) User=0.68s Sys=0.00s Real=0.12s
.[2770.481s][info][gc,marking     ] GC(519) Concurrent Scan Root Regions 149.248ms
[2770.481s][info][gc,marking     ] GC(519) Concurrent Mark
[2770.481s][info][gc,marking     ] GC(519) Concurrent Mark From Roots
[2770.481s][info][gc,task        ] GC(519) Using 2 workers of 2 for marking
[2771.104s][info][gc,marking     ] GC(519) Concurrent Mark From Roots 622.964ms
[2771.104s][info][gc,marking     ] GC(519) Concurrent Preclean
[2771.105s][info][gc,marking     ] GC(519) Concurrent Preclean 0.081ms
[2771.105s][info][gc,start       ] GC(519) Pause Remark
[2771.110s][info][gc             ] GC(519) Pause Remark 1829M->1829M(4096M) 5.815ms
[2771.111s][info][gc,cpu         ] GC(519) User=0.03s Sys=0.00s Real=0.00s
[2771.111s][info][gc,marking     ] GC(519) Concurrent Mark 629.138ms
[2771.111s][info][gc,marking     ] GC(519) Concurrent Rebuild Remembered Sets and Scrub Regions
[2771.352s][info][gc,marking     ] GC(519) Concurrent Rebuild Remembered Sets and Scrub Regions 241.672ms
[2771.352s][info][gc,start       ] GC(519) Pause Cleanup
[2771.353s][info][gc             ] GC(519) Pause Cleanup 1982M->1982M(4096M) 0.128ms
[2771.353s][info][gc,cpu         ] GC(519) User=0.00s Sys=0.00s Real=0.00s
[2771.353s][info][gc,marking     ] GC(519) Concurrent Clear Claimed Marks
[2771.353s][info][gc,marking     ] GC(519) Concurrent Clear Claimed Marks 0.030ms
[2771.353s][info][gc,marking     ] GC(519) Concurrent Cleanup for Next Mark
[2771.356s][info][gc,marking     ] GC(519) Concurrent Cleanup for Next Mark 3.188ms
[2771.356s][info][gc             ] GC(519) Concurrent Mark Cycle 1023.709ms
....[2774.400s][info][gc,start       ] GC(520) Pause Young (Prepare Mixed) (G1 Evacuation Pause)
[2774.400s][info][gc,task        ] GC(520) Using 6 workers of 6 for evacuation
[2774.516s][info][gc,phases      ] GC(520)   Pre Evacuate Collection Set: 0.35ms
[2774.516s][info][gc,phases      ] GC(520)   Merge Heap Roots: 0.51ms
[2774.516s][info][gc,phases      ] GC(520)   Evacuate Collection Set: 114.13ms
[2774.516s][info][gc,phases      ] GC(520)   Post Evacuate Collection Set: 0.94ms
[2774.516s][info][gc,phases      ] GC(520)   Other: 0.09ms
[2774.516s][info][gc,heap        ] GC(520) Eden regions: 1122->0(1113)
[2774.516s][info][gc,heap        ] GC(520) Survivor regions: 106->109(154)
[2774.516s][info][gc,heap        ] GC(520) Old regions: 503->534
[2774.516s][info][gc,heap        ] GC(520) Humongous regions: 80->80
[2774.516s][info][gc,metaspace   ] GC(520) Metaspace: 28960K(29312K)->28960K(29312K) NonClass: 24081K(24256K)->24081K(24256K) Class: 4879K(5056K)->4879K(5056K)
[2774.516s][info][gc             ] GC(520) Pause Young (Prepare Mixed) (G1 Evacuation Pause) 3621M->1445M(4096M) 116.153ms
[2774.516s][info][gc,cpu         ] GC(520) User=0.69s Sys=0.00s Real=0.12s
....[2778.556s][info][gc,start       ] GC(521) Pause Young (Mixed) (G1 Evacuation Pause)
[2778.556s][info][gc,task        ] GC(521) Using 6 workers of 6 for evacuation
[2778.688s][info][gc,phases      ] GC(521)   Pre Evacuate Collection Set: 0.38ms
[2778.689s][info][gc,phases      ] GC(521)   Merge Heap Roots: 0.73ms
[2778.689s][info][gc,phases      ] GC(521)   Evacuate Collection Set: 130.09ms
[2778.689s][info][gc,phases      ] GC(521)   Post Evacuate Collection Set: 0.97ms
[2778.689s][info][gc,phases      ] GC(521)   Other: 0.10ms
[2778.689s][info][gc,heap        ] GC(521) Eden regions: 1113->0(1118)
[2778.689s][info][gc,heap        ] GC(521) Survivor regions: 109->110(153)
[2778.689s][info][gc,heap        ] GC(521) Old regions: 534->471
[2778.689s][info][gc,heap        ] GC(521) Humongous regions: 80->80
[2778.689s][info][gc,metaspace   ] GC(521) Metaspace: 28960K(29312K)->28960K(29312K) NonClass: 24081K(24256K)->24081K(24256K) Class: 4879K(5056K)->4879K(5056K)
[2778.689s][info][gc             ] GC(521) Pause Young (Mixed) (G1 Evacuation Pause) 3671M->1320M(4096M) 132.397ms
[2778.689s][info][gc,cpu         ] GC(521) User=0.79s Sys=0.00s Real=0.13s
....[2782.645s][info][gc,start       ] GC(522) Pause Young (Concurrent Start) (G1 Evacuation Pause)
[2782.645s][info][gc,task        ] GC(522) Using 6 workers of 6 for evacuation
[2782.765s][info][gc,phases      ] GC(522)   Pre Evacuate Collection Set: 0.39ms
[2782.765s][info][gc,phases      ] GC(522)   Merge Heap Roots: 0.50ms
[2782.765s][info][gc,phases      ] GC(522)   Evacuate Collection Set: 117.94ms
[2782.765s][info][gc,phases      ] GC(522)   Post Evacuate Collection Set: 0.90ms
[2782.765s][info][gc,phases      ] GC(522)   Other: 0.11ms
[2782.765s][info][gc,heap        ] GC(522) Eden regions: 1118->0(1115)
[2782.765s][info][gc,heap        ] GC(522) Survivor regions: 110->113(154)
[2782.765s][info][gc,heap        ] GC(522) Old regions: 471->503
[2782.765s][info][gc,heap        ] GC(522) Humongous regions: 80->80
[2782.765s][info][gc,metaspace   ] GC(522) Metaspace: 28960K(29312K)->28960K(29312K) NonClass: 24081K(24256K)->24081K(24256K) Class: 4879K(5056K)->4879K(5056K)
[2782.765s][info][gc             ] GC(522) Pause Young (Concurrent Start) (G1 Evacuation Pause) 3556M->1390M(4096M) 119.990ms
[2782.765s][info][gc             ] GC(523) Concurrent Mark Cycle
[2782.765s][info][gc,marking     ] GC(523) Concurrent Scan Root Regions
[2782.765s][info][gc,cpu         ] GC(522) User=0.72s Sys=0.00s Real=0.12s
[2782.953s][info][gc,marking     ] GC(523) Concurrent Scan Root Regions 188.136ms
[2782.954s][info][gc,marking     ] GC(523) Concurrent Mark
[2782.954s][info][gc,marking     ] GC(523) Concurrent Mark From Roots
[2782.954s][info][gc,task        ] GC(523) Using 2 workers of 2 for marking
.[2783.880s][info][gc,marking     ] GC(523) Concurrent Mark From Roots 926.003ms
[2783.880s][info][gc,marking     ] GC(523) Concurrent Preclean
[2783.880s][info][gc,marking     ] GC(523) Concurrent Preclean 0.093ms
[2783.880s][info][gc,start       ] GC(523) Pause Remark
[2783.884s][info][gc             ] GC(523) Pause Remark 2056M->2056M(4096M) 4.540ms
[2783.884s][info][gc,cpu         ] GC(523) User=0.02s Sys=0.00s Real=0.01s
[2783.884s][info][gc,marking     ] GC(523) Concurrent Mark 930.867ms
[2783.884s][info][gc,marking     ] GC(523) Concurrent Rebuild Remembered Sets and Scrub Regions
[2784.237s][info][gc,marking     ] GC(523) Concurrent Rebuild Remembered Sets and Scrub Regions 352.285ms
[2784.238s][info][gc,start       ] GC(523) Pause Cleanup
[2784.238s][info][gc             ] GC(523) Pause Cleanup 2230M->2230M(4096M) 0.135ms
[2784.238s][info][gc,cpu         ] GC(523) User=0.00s Sys=0.00s Real=0.00s
[2784.238s][info][gc,marking     ] GC(523) Concurrent Clear Claimed Marks
[2784.238s][info][gc,marking     ] GC(523) Concurrent Clear Claimed Marks 0.037ms
[2784.238s][info][gc,marking     ] GC(523) Concurrent Cleanup for Next Mark
[2784.242s][info][gc,marking     ] GC(523) Concurrent Cleanup for Next Mark 3.440ms
[2784.242s][info][gc             ] GC(523) Concurrent Mark Cycle 1476.308ms
...[2786.816s][info][gc,start       ] GC(524) Pause Young (Prepare Mixed) (G1 Evacuation Pause)
[2786.816s][info][gc,task        ] GC(524) Using 6 workers of 6 for evacuation
[2786.934s][info][gc,phases      ] GC(524)   Pre Evacuate Collection Set: 0.33ms
[2786.934s][info][gc,phases      ] GC(524)   Merge Heap Roots: 0.50ms
[2786.934s][info][gc,phases      ] GC(524)   Evacuate Collection Set: 116.58ms
[2786.934s][info][gc,phases      ] GC(524)   Post Evacuate Collection Set: 0.91ms
[2786.934s][info][gc,phases      ] GC(524)   Other: 0.09ms
[2786.934s][info][gc,heap        ] GC(524) Eden regions: 1115->0(1107)
[2786.934s][info][gc,heap        ] GC(524) Survivor regions: 113->111(154)
[2786.934s][info][gc,heap        ] GC(524) Old regions: 503->536
[2786.934s][info][gc,heap        ] GC(524) Humongous regions: 80->80
[2786.934s][info][gc,metaspace   ] GC(524) Metaspace: 28960K(29312K)->28960K(29312K) NonClass: 24081K(24256K)->24081K(24256K) Class: 4879K(5056K)->4879K(5056K)
[2786.934s][info][gc             ] GC(524) Pause Young (Prepare Mixed) (G1 Evacuation Pause) 3620M->1451M(4096M) 118.567ms
[2786.934s][info][gc,cpu         ] GC(524) User=0.71s Sys=0.00s Real=0.12s
....[2790.918s][info][gc,start       ] GC(525) Pause Young (Mixed) (G1 Evacuation Pause)
[2790.918s][info][gc,task        ] GC(525) Using 6 workers of 6 for evacuation
[2791.054s][info][gc,phases      ] GC(525)   Pre Evacuate Collection Set: 0.36ms
[2791.054s][info][gc,phases      ] GC(525)   Merge Heap Roots: 0.76ms
[2791.054s][info][gc,phases      ] GC(525)   Evacuate Collection Set: 134.40ms
[2791.054s][info][gc,phases      ] GC(525)   Post Evacuate Collection Set: 0.91ms
[2791.054s][info][gc,phases      ] GC(525)   Other: 0.09ms
[2791.054s][info][gc,heap        ] GC(525) Eden regions: 1107->0(1116)
[2791.055s][info][gc,heap        ] GC(525) Survivor regions: 111->112(153)
[2791.055s][info][gc,heap        ] GC(525) Old regions: 536->473
[2791.055s][info][gc,heap        ] GC(525) Humongous regions: 80->80
[2791.055s][info][gc,metaspace   ] GC(525) Metaspace: 28960K(29312K)->28960K(29312K) NonClass: 24081K(24256K)->24081K(24256K) Class: 4879K(5056K)->4879K(5056K)
[2791.055s][info][gc             ] GC(525) Pause Young (Mixed) (G1 Evacuation Pause) 3665M->1328M(4096M) 136.670ms
[2791.055s][info][gc,cpu         ] GC(525) User=0.81s Sys=0.00s Real=0.14s
....[2795.116s][info][gc,start       ] GC(526) Pause Young (Concurrent Start) (G1 Evacuation Pause)
[2795.116s][info][gc,task        ] GC(526) Using 6 workers of 6 for evacuation
[2795.235s][info][gc,phases      ] GC(526)   Pre Evacuate Collection Set: 0.42ms
[2795.235s][info][gc,phases      ] GC(526)   Merge Heap Roots: 0.49ms
[2795.235s][info][gc,phases      ] GC(526)   Evacuate Collection Set: 116.97ms
[2795.235s][info][gc,phases      ] GC(526)   Post Evacuate Collection Set: 0.89ms
[2795.235s][info][gc,phases      ] GC(526)   Other: 0.12ms
[2795.235s][info][gc,heap        ] GC(526) Eden regions: 1116->0(1118)
[2795.235s][info][gc,heap        ] GC(526) Survivor regions: 112->110(154)
[2795.235s][info][gc,heap        ] GC(526) Old regions: 473->505
[2795.235s][info][gc,heap        ] GC(526) Humongous regions: 80->80
[2795.235s][info][gc,metaspace   ] GC(526) Metaspace: 28960K(29312K)->28960K(29312K) NonClass: 24081K(24256K)->24081K(24256K) Class: 4879K(5056K)->4879K(5056K)
[2795.235s][info][gc             ] GC(526) Pause Young (Concurrent Start) (G1 Evacuation Pause) 3560M->1389M(4096M) 119.041ms
[2795.235s][info][gc             ] GC(527) Concurrent Mark Cycle
[2795.235s][info][gc,marking     ] GC(527) Concurrent Scan Root Regions
[2795.235s][info][gc,cpu         ] GC(526) User=0.70s Sys=0.01s Real=0.12s
[2795.374s][info][gc,marking     ] GC(527) Concurrent Scan Root Regions 139.028ms
[2795.374s][info][gc,marking     ] GC(527) Concurrent Mark
[2795.374s][info][gc,marking     ] GC(527) Concurrent Mark From Roots
[2795.374s][info][gc,task        ] GC(527) Using 2 workers of 2 for marking
.[2796.017s][info][gc,marking     ] GC(527) Concurrent Mark From Roots 642.676ms
[2796.017s][info][gc,marking     ] GC(527) Concurrent Preclean
[2796.017s][info][gc,marking     ] GC(527) Concurrent Preclean 0.091ms
[2796.017s][info][gc,start       ] GC(527) Pause Remark
[2796.022s][info][gc             ] GC(527) Pause Remark 1879M->1879M(4096M) 5.272ms
[2796.022s][info][gc,cpu         ] GC(527) User=0.03s Sys=0.00s Real=0.01s
[2796.023s][info][gc,marking     ] GC(527) Concurrent Mark 648.335ms
[2796.023s][info][gc,marking     ] GC(527) Concurrent Rebuild Remembered Sets and Scrub Regions
[2796.253s][info][gc,marking     ] GC(527) Concurrent Rebuild Remembered Sets and Scrub Regions 229.974ms
[2796.253s][info][gc,start       ] GC(527) Pause Cleanup
[2796.253s][info][gc             ] GC(527) Pause Cleanup 2007M->2007M(4096M) 0.140ms
[2796.253s][info][gc,cpu         ] GC(527) User=0.00s Sys=0.00s Real=0.00s
[2796.253s][info][gc,marking     ] GC(527) Concurrent Clear Claimed Marks
[2796.253s][info][gc,marking     ] GC(527) Concurrent Clear Claimed Marks 0.029ms
[2796.253s][info][gc,marking     ] GC(527) Concurrent Cleanup for Next Mark
[2796.256s][info][gc,marking     ] GC(527) Concurrent Cleanup for Next Mark 3.238ms
[2796.256s][info][gc             ] GC(527) Concurrent Mark Cycle 1021.084ms
...[2799.174s][info][gc,start       ] GC(528) Pause Young (Prepare Mixed) (G1 Evacuation Pause)
[2799.174s][info][gc,task        ] GC(528) Using 6 workers of 6 for evacuation
[2799.291s][info][gc,phases      ] GC(528)   Pre Evacuate Collection Set: 0.35ms
[2799.291s][info][gc,phases      ] GC(528)   Merge Heap Roots: 0.53ms
[2799.291s][info][gc,phases      ] GC(528)   Evacuate Collection Set: 114.55ms
[2799.291s][info][gc,phases      ] GC(528)   Post Evacuate Collection Set: 0.92ms
[2799.291s][info][gc,phases      ] GC(528)   Other: 0.09ms
[2799.291s][info][gc,heap        ] GC(528) Eden regions: 1118->0(1108)
[2799.291s][info][gc,heap        ] GC(528) Survivor regions: 110->110(154)
[2799.291s][info][gc,heap        ] GC(528) Old regions: 505->537
[2799.291s][info][gc,heap        ] GC(528) Humongous regions: 80->80
[2799.291s][info][gc,metaspace   ] GC(528) Metaspace: 28959K(29312K)->28959K(29312K) NonClass: 24080K(24256K)->24080K(24256K) Class: 4878K(5056K)->4878K(5056K)
[2799.291s][info][gc             ] GC(528) Pause Young (Prepare Mixed) (G1 Evacuation Pause) 3625M->1451M(4096M) 116.580ms
[2799.291s][info][gc,cpu         ] GC(528) User=0.69s Sys=0.00s Real=0.11s
....[2803.268s][info][gc,start       ] GC(529) Pause Young (Mixed) (G1 Evacuation Pause)
[2803.268s][info][gc,task        ] GC(529) Using 6 workers of 6 for evacuation
[2803.397s][info][gc,phases      ] GC(529)   Pre Evacuate Collection Set: 0.38ms
[2803.397s][info][gc,phases      ] GC(529)   Merge Heap Roots: 0.62ms
[2803.397s][info][gc,phases      ] GC(529)   Evacuate Collection Set: 127.62ms
[2803.397s][info][gc,phases      ] GC(529)   Post Evacuate Collection Set: 0.94ms
[2803.397s][info][gc,phases      ] GC(529)   Other: 0.09ms
[2803.397s][info][gc,heap        ] GC(529) Eden regions: 1108->0(1121)
[2803.397s][info][gc,heap        ] GC(529) Survivor regions: 110->107(153)
[2803.397s][info][gc,heap        ] GC(529) Old regions: 537->472
[2803.397s][info][gc,heap        ] GC(529) Humongous regions: 80->80
[2803.397s][info][gc,metaspace   ] GC(529) Metaspace: 28959K(29312K)->28959K(29312K) NonClass: 24080K(24256K)->24080K(24256K) Class: 4878K(5056K)->4878K(5056K)
[2803.397s][info][gc             ] GC(529) Pause Young (Mixed) (G1 Evacuation Pause) 3667M->1316M(4096M) 129.799ms
[2803.397s][info][gc,cpu         ] GC(529) User=0.78s Sys=0.00s Real=0.13s
....[2807.384s][info][gc,start       ] GC(530) Pause Young (Concurrent Start) (G1 Evacuation Pause)
[2807.384s][info][gc,task        ] GC(530) Using 6 workers of 6 for evacuation
[2807.499s][info][gc,phases      ] GC(530)   Pre Evacuate Collection Set: 0.38ms
[2807.499s][info][gc,phases      ] GC(530)   Merge Heap Roots: 0.44ms
[2807.499s][info][gc,phases      ] GC(530)   Evacuate Collection Set: 113.40ms
[2807.499s][info][gc,phases      ] GC(530)   Post Evacuate Collection Set: 0.85ms
[2807.500s][info][gc,phases      ] GC(530)   Other: 0.11ms
[2807.500s][info][gc,heap        ] GC(530) Eden regions: 1121->0(1119)
[2807.500s][info][gc,heap        ] GC(530) Survivor regions: 107->109(154)
[2807.500s][info][gc,heap        ] GC(530) Old regions: 472->503
[2807.500s][info][gc,heap        ] GC(530) Humongous regions: 80->80
[2807.500s][info][gc,metaspace   ] GC(530) Metaspace: 28959K(29312K)->28959K(29312K) NonClass: 24080K(24256K)->24080K(24256K) Class: 4878K(5056K)->4878K(5056K)
[2807.500s][info][gc             ] GC(530) Pause Young (Concurrent Start) (G1 Evacuation Pause) 3558M->1382M(4096M) 115.307ms
[2807.500s][info][gc             ] GC(531) Concurrent Mark Cycle
[2807.500s][info][gc,marking     ] GC(531) Concurrent Scan Root Regions
[2807.500s][info][gc,cpu         ] GC(530) User=0.69s Sys=0.00s Real=0.11s
.[2807.643s][info][gc,marking     ] GC(531) Concurrent Scan Root Regions 143.546ms
[2807.643s][info][gc,marking     ] GC(531) Concurrent Mark
[2807.643s][info][gc,marking     ] GC(531) Concurrent Mark From Roots
[2807.643s][info][gc,task        ] GC(531) Using 2 workers of 2 for marking
[2808.269s][info][gc,marking     ] GC(531) Concurrent Mark From Roots 625.863ms
[2808.269s][info][gc,marking     ] GC(531) Concurrent Preclean
[2808.270s][info][gc,marking     ] GC(531) Concurrent Preclean 0.437ms
[2808.270s][info][gc,start       ] GC(531) Pause Remark
[2808.274s][info][gc             ] GC(531) Pause Remark 1852M->1852M(4096M) 4.016ms
[2808.275s][info][gc,cpu         ] GC(531) User=0.02s Sys=0.00s Real=0.01s
[2808.275s][info][gc,marking     ] GC(531) Concurrent Mark 631.382ms
[2808.275s][info][gc,marking     ] GC(531) Concurrent Rebuild Remembered Sets and Scrub Regions
.[2808.551s][info][gc,marking     ] GC(531) Concurrent Rebuild Remembered Sets and Scrub Regions 276.500ms
[2808.552s][info][gc,start       ] GC(531) Pause Cleanup
[2808.552s][info][gc             ] GC(531) Pause Cleanup 2014M->2014M(4096M) 0.118ms
[2808.552s][info][gc,cpu         ] GC(531) User=0.00s Sys=0.00s Real=0.00s
[2808.552s][info][gc,marking     ] GC(531) Concurrent Clear Claimed Marks
[2808.552s][info][gc,marking     ] GC(531) Concurrent Clear Claimed Marks 0.029ms
[2808.552s][info][gc,marking     ] GC(531) Concurrent Cleanup for Next Mark
[2808.555s][info][gc,marking     ] GC(531) Concurrent Cleanup for Next Mark 3.200ms
[2808.555s][info][gc             ] GC(531) Concurrent Mark Cycle 1055.556ms
. (rIR:aIR:PR = 4566:4566:4566) (tPR = 68008) [OK] 
  2809s: Performance info:
         Transaction,    Success,    Partial,     Failed,   Receipts, AvgBarcode, 
             Overall,     274960,          0,          0,     261175,      59.48, 
         Response times:
             Request,    Success,    Partial,     Failed,   SkipFail,     Probes,    Samples,      min,      p50,      p90,      p95,      p99,      max, 
       TotalPurchase,     261175,          0,          0,          0,     256415,     331345,      300,     3700,     7300,    12600,    51000,   205000,
     InStorePurchase,     137407,          0,          0,          0,     135286,     174241,      300,     3800,     7400,    12890,    52000,   204000,
      OnlinePurchase,      96266,          0,          0,          0,      94526,     122483,      300,     3700,     7200,    12200,    51000,   205000,
        InstPurchase,      27502,          0,          0,          0,      26603,      34621,      300,     3800,     7300,    12800,    51000,   192000,
          AssocOfCat,        276,          0,          0,          0,        223,        354,    22000,    32000,    54000,    63500,   158250,   170000,
      AssocOfProduct,       2753,          0,          0,          0,       2511,       3477,      600,     3900,     7320,    14450,    59000,   139000,
      BusinessReport,        691,          0,          0,          0,        586,        867,    24000,    37000,    57000,    73000,   157280,   200000,
          CustBuyBeh,       2753,          0,          0,          0,       2539,       3510,      300,     2400,     6100,     9945,    46780,   136000,
       ProductReturn,       7311,          0,          0,          0,       7022,       9360,      200,     3900,     7500,    14200,    51000,   145000,

  2809s: (34%)   IR =   4705 .[2811.533s][info][gc,start       ] GC(532) Pause Young (Prepare Mixed) (G1 Evacuation Pause)
[2811.533s][info][gc,task        ] GC(532) Using 6 workers of 6 for evacuation
[2811.651s][info][gc,phases      ] GC(532)   Pre Evacuate Collection Set: 0.32ms
[2811.651s][info][gc,phases      ] GC(532)   Merge Heap Roots: 0.49ms
[2811.652s][info][gc,phases      ] GC(532)   Evacuate Collection Set: 116.95ms
[2811.652s][info][gc,phases      ] GC(532)   Post Evacuate Collection Set: 0.98ms
[2811.652s][info][gc,phases      ] GC(532)   Other: 0.08ms
[2811.652s][info][gc,heap        ] GC(532) Eden regions: 1119->0(1109)
[2811.652s][info][gc,heap        ] GC(532) Survivor regions: 109->111(154)
[2811.652s][info][gc,heap        ] GC(532) Old regions: 503->534
[2811.652s][info][gc,heap        ] GC(532) Humongous regions: 80->80
[2811.652s][info][gc,metaspace   ] GC(532) Metaspace: 28959K(29312K)->28959K(29312K) NonClass: 24080K(24256K)->24080K(24256K) Class: 4878K(5056K)->4878K(5056K)
[2811.652s][info][gc             ] GC(532) Pause Young (Prepare Mixed) (G1 Evacuation Pause) 3620M->1449M(4096M) 118.946ms
[2811.652s][info][gc,cpu         ] GC(532) User=0.71s Sys=0.00s Real=0.12s
....[2815.463s][info][gc,start       ] GC(533) Pause Young (Mixed) (G1 Evacuation Pause)
[2815.464s][info][gc,task        ] GC(533) Using 6 workers of 6 for evacuation
[2815.601s][info][gc,phases      ] GC(533)   Pre Evacuate Collection Set: 0.40ms
[2815.601s][info][gc,phases      ] GC(533)   Merge Heap Roots: 0.77ms
[2815.601s][info][gc,phases      ] GC(533)   Evacuate Collection Set: 134.86ms
[2815.601s][info][gc,phases      ] GC(533)   Post Evacuate Collection Set: 0.96ms
[2815.601s][info][gc,phases      ] GC(533)   Other: 0.09ms
[2815.601s][info][gc,heap        ] GC(533) Eden regions: 1109->0(1117)
[2815.601s][info][gc,heap        ] GC(533) Survivor regions: 111->111(153)
[2815.601s][info][gc,heap        ] GC(533) Old regions: 534->471
[2815.601s][info][gc,heap        ] GC(533) Humongous regions: 80->80
[2815.601s][info][gc,metaspace   ] GC(533) Metaspace: 28959K(29312K)->28959K(29312K) NonClass: 24080K(24256K)->24080K(24256K) Class: 4878K(5056K)->4878K(5056K)
[2815.601s][info][gc             ] GC(533) Pause Young (Mixed) (G1 Evacuation Pause) 3667M->1323M(4096M) 137.231ms
[2815.601s][info][gc,cpu         ] GC(533) User=0.82s Sys=0.00s Real=0.13s
....|[2819.503s][info][gc,start       ] GC(534) Pause Young (Concurrent Start) (G1 Evacuation Pause)
[2819.503s][info][gc,task        ] GC(534) Using 6 workers of 6 for evacuation
[2819.622s][info][gc,phases      ] GC(534)   Pre Evacuate Collection Set: 0.37ms
[2819.622s][info][gc,phases      ] GC(534)   Merge Heap Roots: 0.50ms
[2819.622s][info][gc,phases      ] GC(534)   Evacuate Collection Set: 116.87ms
[2819.622s][info][gc,phases      ] GC(534)   Post Evacuate Collection Set: 0.89ms
[2819.622s][info][gc,phases      ] GC(534)   Other: 0.11ms
[2819.622s][info][gc,heap        ] GC(534) Eden regions: 1117->0(1117)
[2819.622s][info][gc,heap        ] GC(534) Survivor regions: 111->111(154)
[2819.622s][info][gc,heap        ] GC(534) Old regions: 471->504
[2819.622s][info][gc,heap        ] GC(534) Humongous regions: 80->80
[2819.622s][info][gc,metaspace   ] GC(534) Metaspace: 28959K(29312K)->28959K(29312K) NonClass: 24080K(24256K)->24080K(24256K) Class: 4878K(5056K)->4878K(5056K)
[2819.622s][info][gc             ] GC(534) Pause Young (Concurrent Start) (G1 Evacuation Pause) 3557M->1387M(4096M) 118.896ms
[2819.622s][info][gc             ] GC(535) Concurrent Mark Cycle
[2819.622s][info][gc,marking     ] GC(535) Concurrent Scan Root Regions
[2819.622s][info][gc,cpu         ] GC(534) User=0.70s Sys=0.00s Real=0.12s
.[2819.764s][info][gc,marking     ] GC(535) Concurrent Scan Root Regions 141.527ms
[2819.764s][info][gc,marking     ] GC(535) Concurrent Mark
[2819.764s][info][gc,marking     ] GC(535) Concurrent Mark From Roots
[2819.764s][info][gc,task        ] GC(535) Using 2 workers of 2 for marking
[2820.444s][info][gc,marking     ] GC(535) Concurrent Mark From Roots 680.631ms
[2820.444s][info][gc,marking     ] GC(535) Concurrent Preclean
[2820.444s][info][gc,marking     ] GC(535) Concurrent Preclean 0.099ms
[2820.445s][info][gc,start       ] GC(535) Pause Remark
[2820.450s][info][gc             ] GC(535) Pause Remark 1971M->1971M(4096M) 5.112ms
[2820.450s][info][gc,cpu         ] GC(535) User=0.03s Sys=0.00s Real=0.00s
[2820.450s][info][gc,marking     ] GC(535) Concurrent Mark 686.776ms
[2820.450s][info][gc,marking     ] GC(535) Concurrent Rebuild Remembered Sets and Scrub Regions
.[2820.718s][info][gc,marking     ] GC(535) Concurrent Rebuild Remembered Sets and Scrub Regions 267.773ms
[2820.718s][info][gc,start       ] GC(535) Pause Cleanup
[2820.718s][info][gc             ] GC(535) Pause Cleanup 2094M->2094M(4096M) 0.109ms
[2820.719s][info][gc,cpu         ] GC(535) User=0.00s Sys=0.00s Real=0.00s
[2820.719s][info][gc,marking     ] GC(535) Concurrent Clear Claimed Marks
[2820.719s][info][gc,marking     ] GC(535) Concurrent Clear Claimed Marks 0.036ms
[2820.719s][info][gc,marking     ] GC(535) Concurrent Cleanup for Next Mark
[2820.726s][info][gc,marking     ] GC(535) Concurrent Cleanup for Next Mark 7.052ms
[2820.726s][info][gc             ] GC(535) Concurrent Mark Cycle 1103.743ms
..[2823.467s][info][gc,start       ] GC(536) Pause Young (Prepare Mixed) (G1 Evacuation Pause)
[2823.467s][info][gc,task        ] GC(536) Using 6 workers of 6 for evacuation
[2823.583s][info][gc,phases      ] GC(536)   Pre Evacuate Collection Set: 0.30ms
[2823.583s][info][gc,phases      ] GC(536)   Merge Heap Roots: 0.51ms
[2823.583s][info][gc,phases      ] GC(536)   Evacuate Collection Set: 113.80ms
[2823.583s][info][gc,phases      ] GC(536)   Post Evacuate Collection Set: 0.91ms
[2823.583s][info][gc,phases      ] GC(536)   Other: 0.08ms
[2823.583s][info][gc,heap        ] GC(536) Eden regions: 1117->0(1114)
[2823.583s][info][gc,heap        ] GC(536) Survivor regions: 111->108(154)
[2823.583s][info][gc,heap        ] GC(536) Old regions: 504->535
[2823.583s][info][gc,heap        ] GC(536) Humongous regions: 80->80
[2823.583s][info][gc,metaspace   ] GC(536) Metaspace: 28959K(29312K)->28959K(29312K) NonClass: 24080K(24256K)->24080K(24256K) Class: 4878K(5056K)->4878K(5056K)
[2823.583s][info][gc             ] GC(536) Pause Young (Prepare Mixed) (G1 Evacuation Pause) 3621M->1444M(4096M) 115.760ms
[2823.583s][info][gc,cpu         ] GC(536) User=0.69s Sys=0.00s Real=0.12s
....[2827.498s][info][gc,start       ] GC(537) Pause Young (Mixed) (G1 Evacuation Pause)
[2827.498s][info][gc,task        ] GC(537) Using 6 workers of 6 for evacuation
[2827.626s][info][gc,phases      ] GC(537)   Pre Evacuate Collection Set: 0.37ms
[2827.626s][info][gc,phases      ] GC(537)   Merge Heap Roots: 0.59ms
[2827.627s][info][gc,phases      ] GC(537)   Evacuate Collection Set: 126.53ms
[2827.627s][info][gc,phases      ] GC(537)   Post Evacuate Collection Set: 0.95ms
[2827.627s][info][gc,phases      ] GC(537)   Other: 0.09ms
[2827.627s][info][gc,heap        ] GC(537) Eden regions: 1114->0(1121)
[2827.627s][info][gc,heap        ] GC(537) Survivor regions: 108->107(153)
[2827.627s][info][gc,heap        ] GC(537) Old regions: 535->472
[2827.627s][info][gc,heap        ] GC(537) Humongous regions: 80->80
[2827.627s][info][gc,metaspace   ] GC(537) Metaspace: 28959K(29312K)->28959K(29312K) NonClass: 24080K(24256K)->24080K(24256K) Class: 4878K(5056K)->4878K(5056K)
[2827.627s][info][gc             ] GC(537) Pause Young (Mixed) (G1 Evacuation Pause) 3672M->1316M(4096M) 128.671ms
[2827.627s][info][gc,cpu         ] GC(537) User=0.76s Sys=0.00s Real=0.13s
....[2831.491s][info][gc,start       ] GC(538) Pause Young (Concurrent Start) (G1 Evacuation Pause)
[2831.491s][info][gc,task        ] GC(538) Using 6 workers of 6 for evacuation
[2831.609s][info][gc,phases      ] GC(538)   Pre Evacuate Collection Set: 0.36ms
[2831.609s][info][gc,phases      ] GC(538)   Merge Heap Roots: 0.48ms
[2831.609s][info][gc,phases      ] GC(538)   Evacuate Collection Set: 116.42ms
[2831.609s][info][gc,phases      ] GC(538)   Post Evacuate Collection Set: 0.90ms
[2831.609s][info][gc,phases      ] GC(538)   Other: 0.11ms
[2831.609s][info][gc,heap        ] GC(538) Eden regions: 1121->0(1117)
[2831.609s][info][gc,heap        ] GC(538) Survivor regions: 107->111(154)
[2831.609s][info][gc,heap        ] GC(538) Old regions: 472->503
[2831.609s][info][gc,heap        ] GC(538) Humongous regions: 80->80
[2831.609s][info][gc,metaspace   ] GC(538) Metaspace: 28959K(29312K)->28959K(29312K) NonClass: 24080K(24256K)->24080K(24256K) Class: 4878K(5056K)->4878K(5056K)
[2831.609s][info][gc             ] GC(538) Pause Young (Concurrent Start) (G1 Evacuation Pause) 3558M->1386M(4096M) 118.386ms
[2831.609s][info][gc             ] GC(539) Concurrent Mark Cycle
[2831.609s][info][gc,marking     ] GC(539) Concurrent Scan Root Regions
[2831.609s][info][gc,cpu         ] GC(538) User=0.70s Sys=0.00s Real=0.12s
.[2831.757s][info][gc,marking     ] GC(539) Concurrent Scan Root Regions 147.618ms
[2831.757s][info][gc,marking     ] GC(539) Concurrent Mark
[2831.757s][info][gc,marking     ] GC(539) Concurrent Mark From Roots
[2831.757s][info][gc,task        ] GC(539) Using 2 workers of 2 for marking
[2832.381s][info][gc,marking     ] GC(539) Concurrent Mark From Roots 624.304ms
[2832.381s][info][gc,marking     ] GC(539) Concurrent Preclean
[2832.381s][info][gc,marking     ] GC(539) Concurrent Preclean 0.111ms
[2832.383s][info][gc,start       ] GC(539) Pause Remark
[2832.388s][info][gc             ] GC(539) Pause Remark 1852M->1852M(4096M) 4.551ms
[2832.388s][info][gc,cpu         ] GC(539) User=0.03s Sys=0.00s Real=0.00s
[2832.388s][info][gc,marking     ] GC(539) Concurrent Mark 631.368ms
[2832.388s][info][gc,marking     ] GC(539) Concurrent Rebuild Remembered Sets and Scrub Regions
[2832.658s][info][gc,marking     ] GC(539) Concurrent Rebuild Remembered Sets and Scrub Regions 270.047ms
[2832.658s][info][gc,start       ] GC(539) Pause Cleanup
[2832.658s][info][gc             ] GC(539) Pause Cleanup 1993M->1993M(4096M) 0.104ms
[2832.658s][info][gc,cpu         ] GC(539) User=0.00s Sys=0.00s Real=0.00s
[2832.658s][info][gc,marking     ] GC(539) Concurrent Clear Claimed Marks
[2832.658s][info][gc,marking     ] GC(539) Concurrent Clear Claimed Marks 0.026ms
[2832.658s][info][gc,marking     ] GC(539) Concurrent Cleanup for Next Mark
[2832.662s][info][gc,marking     ] GC(539) Concurrent Cleanup for Next Mark 3.554ms
[2832.662s][info][gc             ] GC(539) Concurrent Mark Cycle 1053.093ms
...[2835.513s][info][gc,start       ] GC(540) Pause Young (Prepare Mixed) (G1 Evacuation Pause)
[2835.513s][info][gc,task        ] GC(540) Using 6 workers of 6 for evacuation
[2835.630s][info][gc,phases      ] GC(540)   Pre Evacuate Collection Set: 0.35ms
[2835.630s][info][gc,phases      ] GC(540)   Merge Heap Roots: 0.60ms
[2835.630s][info][gc,phases      ] GC(540)   Evacuate Collection Set: 114.88ms
[2835.630s][info][gc,phases      ] GC(540)   Post Evacuate Collection Set: 0.91ms
[2835.630s][info][gc,phases      ] GC(540)   Other: 0.09ms
[2835.630s][info][gc,heap        ] GC(540) Eden regions: 1117->0(1115)
[2835.630s][info][gc,heap        ] GC(540) Survivor regions: 111->108(154)
[2835.630s][info][gc,heap        ] GC(540) Old regions: 503->534
[2835.630s][info][gc,heap        ] GC(540) Humongous regions: 80->80
[2835.630s][info][gc,metaspace   ] GC(540) Metaspace: 28959K(29312K)->28959K(29312K) NonClass: 24080K(24256K)->24080K(24256K) Class: 4878K(5056K)->4878K(5056K)
[2835.630s][info][gc             ] GC(540) Pause Young (Prepare Mixed) (G1 Evacuation Pause) 3620M->1443M(4096M) 116.961ms
[2835.630s][info][gc,cpu         ] GC(540) User=0.69s Sys=0.00s Real=0.11s
....[2839.510s][info][gc,start       ] GC(541) Pause Young (Mixed) (G1 Evacuation Pause)
[2839.510s][info][gc,task        ] GC(541) Using 6 workers of 6 for evacuation
[2839.642s][info][gc,phases      ] GC(541)   Pre Evacuate Collection Set: 0.36ms
[2839.642s][info][gc,phases      ] GC(541)   Merge Heap Roots: 0.66ms
[2839.642s][info][gc,phases      ] GC(541)   Evacuate Collection Set: 130.24ms
[2839.642s][info][gc,phases      ] GC(541)   Post Evacuate Collection Set: 0.90ms
[2839.642s][info][gc,phases      ] GC(541)   Other: 0.09ms
[2839.642s][info][gc,heap        ] GC(541) Eden regions: 1115->0(1120)
[2839.642s][info][gc,heap        ] GC(541) Survivor regions: 108->108(153)
[2839.642s][info][gc,heap        ] GC(541) Old regions: 534->472
[2839.642s][info][gc,heap        ] GC(541) Humongous regions: 80->80
[2839.642s][info][gc,metaspace   ] GC(541) Metaspace: 28959K(29312K)->28959K(29312K) NonClass: 24080K(24256K)->24080K(24256K) Class: 4878K(5056K)->4878K(5056K)
[2839.642s][info][gc             ] GC(541) Pause Young (Mixed) (G1 Evacuation Pause) 3673M->1318M(4096M) 132.362ms
[2839.642s][info][gc,cpu         ] GC(541) User=0.79s Sys=0.00s Real=0.14s
....[2843.501s][info][gc,start       ] GC(542) Pause Young (Concurrent Start) (G1 Evacuation Pause)
[2843.501s][info][gc,task        ] GC(542) Using 6 workers of 6 for evacuation
[2843.621s][info][gc,phases      ] GC(542)   Pre Evacuate Collection Set: 0.35ms
[2843.621s][info][gc,phases      ] GC(542)   Merge Heap Roots: 0.48ms
[2843.621s][info][gc,phases      ] GC(542)   Evacuate Collection Set: 118.92ms
[2843.621s][info][gc,phases      ] GC(542)   Post Evacuate Collection Set: 0.87ms
[2843.621s][info][gc,phases      ] GC(542)   Other: 0.10ms
[2843.621s][info][gc,heap        ] GC(542) Eden regions: 1120->0(1117)
[2843.621s][info][gc,heap        ] GC(542) Survivor regions: 108->111(154)
[2843.621s][info][gc,heap        ] GC(542) Old regions: 472->504
[2843.621s][info][gc,heap        ] GC(542) Humongous regions: 80->80
[2843.621s][info][gc,metaspace   ] GC(542) Metaspace: 28959K(29312K)->28959K(29312K) NonClass: 24080K(24256K)->24080K(24256K) Class: 4878K(5056K)->4878K(5056K)
[2843.621s][info][gc             ] GC(542) Pause Young (Concurrent Start) (G1 Evacuation Pause) 3558M->1388M(4096M) 120.850ms
[2843.621s][info][gc             ] GC(543) Concurrent Mark Cycle
[2843.621s][info][gc,marking     ] GC(543) Concurrent Scan Root Regions
[2843.621s][info][gc,cpu         ] GC(542) User=0.72s Sys=0.00s Real=0.13s
.[2843.783s][info][gc,marking     ] GC(543) Concurrent Scan Root Regions 161.983ms
[2843.783s][info][gc,marking     ] GC(543) Concurrent Mark
[2843.783s][info][gc,marking     ] GC(543) Concurrent Mark From Roots
[2843.783s][info][gc,task        ] GC(543) Using 2 workers of 2 for marking
[2844.424s][info][gc,marking     ] GC(543) Concurrent Mark From Roots 640.638ms
[2844.424s][info][gc,marking     ] GC(543) Concurrent Preclean
[2844.424s][info][gc,marking     ] GC(543) Concurrent Preclean 0.116ms
[2844.424s][info][gc,start       ] GC(543) Pause Remark
[2844.429s][info][gc             ] GC(543) Pause Remark 1930M->1930M(4096M) 4.438ms
[2844.429s][info][gc,cpu         ] GC(543) User=0.03s Sys=0.00s Real=0.00s
[2844.429s][info][gc,marking     ] GC(543) Concurrent Mark 645.453ms
[2844.429s][info][gc,marking     ] GC(543) Concurrent Rebuild Remembered Sets and Scrub Regions
[2844.679s][info][gc,marking     ] GC(543) Concurrent Rebuild Remembered Sets and Scrub Regions 249.729ms
[2844.679s][info][gc,start       ] GC(543) Pause Cleanup
[2844.679s][info][gc             ] GC(543) Pause Cleanup 2036M->2036M(4096M) 0.110ms
[2844.679s][info][gc,cpu         ] GC(543) User=0.00s Sys=0.00s Real=0.00s
[2844.679s][info][gc,marking     ] GC(543) Concurrent Clear Claimed Marks
[2844.679s][info][gc,marking     ] GC(543) Concurrent Clear Claimed Marks 0.028ms
[2844.679s][info][gc,marking     ] GC(543) Concurrent Cleanup for Next Mark
[2844.683s][info][gc,marking     ] GC(543) Concurrent Cleanup for Next Mark 4.217ms
[2844.683s][info][gc             ] GC(543) Concurrent Mark Cycle 1061.841ms
...[2847.575s][info][gc,start       ] GC(544) Pause Young (Prepare Mixed) (G1 Evacuation Pause)
[2847.575s][info][gc,task        ] GC(544) Using 6 workers of 6 for evacuation
[2847.695s][info][gc,phases      ] GC(544)   Pre Evacuate Collection Set: 0.31ms
[2847.695s][info][gc,phases      ] GC(544)   Merge Heap Roots: 0.64ms
[2847.695s][info][gc,phases      ] GC(544)   Evacuate Collection Set: 117.34ms
[2847.695s][info][gc,phases      ] GC(544)   Post Evacuate Collection Set: 0.89ms
[2847.695s][info][gc,phases      ] GC(544)   Other: 0.09ms
[2847.695s][info][gc,heap        ] GC(544) Eden regions: 1117->0(1108)
[2847.695s][info][gc,heap        ] GC(544) Survivor regions: 111->111(154)
[2847.695s][info][gc,heap        ] GC(544) Old regions: 504->535
[2847.695s][info][gc,heap        ] GC(544) Humongous regions: 80->80
[2847.695s][info][gc,metaspace   ] GC(544) Metaspace: 28959K(29312K)->28959K(29312K) NonClass: 24080K(24256K)->24080K(24256K) Class: 4878K(5056K)->4878K(5056K)
[2847.695s][info][gc             ] GC(544) Pause Young (Prepare Mixed) (G1 Evacuation Pause) 3622M->1450M(4096M) 119.391ms
[2847.695s][info][gc,cpu         ] GC(544) User=0.71s Sys=0.00s Real=0.12s
....[2851.518s][info][gc,start       ] GC(545) Pause Young (Mixed) (G1 Evacuation Pause)
[2851.518s][info][gc,task        ] GC(545) Using 6 workers of 6 for evacuation
[2851.650s][info][gc,phases      ] GC(545)   Pre Evacuate Collection Set: 0.34ms
[2851.650s][info][gc,phases      ] GC(545)   Merge Heap Roots: 0.68ms
[2851.650s][info][gc,phases      ] GC(545)   Evacuate Collection Set: 129.57ms
[2851.650s][info][gc,phases      ] GC(545)   Post Evacuate Collection Set: 0.94ms
[2851.650s][info][gc,phases      ] GC(545)   Other: 0.09ms
[2851.650s][info][gc,heap        ] GC(545) Eden regions: 1108->0(1119)
[2851.650s][info][gc,heap        ] GC(545) Survivor regions: 111->109(153)
[2851.650s][info][gc,heap        ] GC(545) Old regions: 535->472
[2851.650s][info][gc,heap        ] GC(545) Humongous regions: 80->80
[2851.650s][info][gc,metaspace   ] GC(545) Metaspace: 28959K(29312K)->28959K(29312K) NonClass: 24080K(24256K)->24080K(24256K) Class: 4878K(5056K)->4878K(5056K)
[2851.650s][info][gc             ] GC(545) Pause Young (Mixed) (G1 Evacuation Pause) 3666M->1319M(4096M) 131.766ms
[2851.650s][info][gc,cpu         ] GC(545) User=0.79s Sys=0.00s Real=0.13s
....[2855.570s][info][gc,start       ] GC(546) Pause Young (Concurrent Start) (G1 Evacuation Pause)
[2855.570s][info][gc,task        ] GC(546) Using 6 workers of 6 for evacuation
[2855.692s][info][gc,phases      ] GC(546)   Pre Evacuate Collection Set: 0.41ms
[2855.692s][info][gc,phases      ] GC(546)   Merge Heap Roots: 0.51ms
[2855.692s][info][gc,phases      ] GC(546)   Evacuate Collection Set: 120.31ms
[2855.692s][info][gc,phases      ] GC(546)   Post Evacuate Collection Set: 0.87ms
[2855.692s][info][gc,phases      ] GC(546)   Other: 0.13ms
[2855.692s][info][gc,heap        ] GC(546) Eden regions: 1119->0(1114)
[2855.692s][info][gc,heap        ] GC(546) Survivor regions: 109->114(154)
[2855.692s][info][gc,heap        ] GC(546) Old regions: 472->504
[2855.692s][info][gc,heap        ] GC(546) Humongous regions: 80->80
[2855.692s][info][gc,metaspace   ] GC(546) Metaspace: 28959K(29312K)->28959K(29312K) NonClass: 24080K(24256K)->24080K(24256K) Class: 4878K(5056K)->4878K(5056K)
[2855.692s][info][gc             ] GC(546) Pause Young (Concurrent Start) (G1 Evacuation Pause) 3557M->1393M(4096M) 122.369ms
[2855.692s][info][gc             ] GC(547) Concurrent Mark Cycle
[2855.692s][info][gc,marking     ] GC(547) Concurrent Scan Root Regions
[2855.692s][info][gc,cpu         ] GC(546) User=0.72s Sys=0.00s Real=0.13s
.[2855.852s][info][gc,marking     ] GC(547) Concurrent Scan Root Regions 159.292ms
[2855.852s][info][gc,marking     ] GC(547) Concurrent Mark
[2855.852s][info][gc,marking     ] GC(547) Concurrent Mark From Roots
[2855.852s][info][gc,task        ] GC(547) Using 2 workers of 2 for marking
[2856.488s][info][gc,marking     ] GC(547) Concurrent Mark From Roots 636.226ms
[2856.488s][info][gc,marking     ] GC(547) Concurrent Preclean
[2856.488s][info][gc,marking     ] GC(547) Concurrent Preclean 0.126ms
[2856.489s][info][gc,start       ] GC(547) Pause Remark
[2856.493s][info][gc             ] GC(547) Pause Remark 1891M->1891M(4096M) 4.759ms
[2856.493s][info][gc,cpu         ] GC(547) User=0.03s Sys=0.00s Real=0.01s
[2856.525s][info][gc,marking     ] GC(547) Concurrent Mark 673.428ms
[2856.525s][info][gc,marking     ] GC(547) Concurrent Rebuild Remembered Sets and Scrub Regions
.[2856.781s][info][gc,marking     ] GC(547) Concurrent Rebuild Remembered Sets and Scrub Regions 255.310ms
[2856.781s][info][gc,start       ] GC(547) Pause Cleanup
[2856.781s][info][gc             ] GC(547) Pause Cleanup 2038M->2038M(4096M) 0.111ms
[2856.781s][info][gc,cpu         ] GC(547) User=0.00s Sys=0.00s Real=0.00s
[2856.781s][info][gc,marking     ] GC(547) Concurrent Clear Claimed Marks
[2856.781s][info][gc,marking     ] GC(547) Concurrent Clear Claimed Marks 0.036ms
[2856.781s][info][gc,marking     ] GC(547) Concurrent Cleanup for Next Mark
[2856.785s][info][gc,marking     ] GC(547) Concurrent Cleanup for Next Mark 4.259ms
[2856.785s][info][gc             ] GC(547) Concurrent Mark Cycle 1092.849ms
..[2859.588s][info][gc,start       ] GC(548) Pause Young (Prepare Mixed) (G1 Evacuation Pause)
[2859.588s][info][gc,task        ] GC(548) Using 6 workers of 6 for evacuation
[2859.706s][info][gc,phases      ] GC(548)   Pre Evacuate Collection Set: 0.31ms
[2859.706s][info][gc,phases      ] GC(548)   Merge Heap Roots: 0.54ms
[2859.706s][info][gc,phases      ] GC(548)   Evacuate Collection Set: 116.20ms
[2859.706s][info][gc,phases      ] GC(548)   Post Evacuate Collection Set: 0.90ms
[2859.706s][info][gc,phases      ] GC(548)   Other: 0.08ms
[2859.706s][info][gc,heap        ] GC(548) Eden regions: 1114->0(1109)
[2859.706s][info][gc,heap        ] GC(548) Survivor regions: 114->110(154)
[2859.706s][info][gc,heap        ] GC(548) Old regions: 504->536
[2859.706s][info][gc,heap        ] GC(548) Humongous regions: 80->80
[2859.706s][info][gc,metaspace   ] GC(548) Metaspace: 28959K(29312K)->28959K(29312K) NonClass: 24080K(24256K)->24080K(24256K) Class: 4878K(5056K)->4878K(5056K)
[2859.706s][info][gc             ] GC(548) Pause Young (Prepare Mixed) (G1 Evacuation Pause) 3621M->1449M(4096M) 118.182ms
[2859.706s][info][gc,cpu         ] GC(548) User=0.70s Sys=0.00s Real=0.12s
....[2863.587s][info][gc,start       ] GC(549) Pause Young (Mixed) (G1 Evacuation Pause)
[2863.587s][info][gc,task        ] GC(549) Using 6 workers of 6 for evacuation
[2863.718s][info][gc,phases      ] GC(549)   Pre Evacuate Collection Set: 0.36ms
[2863.718s][info][gc,phases      ] GC(549)   Merge Heap Roots: 0.53ms
[2863.718s][info][gc,phases      ] GC(549)   Evacuate Collection Set: 128.87ms
[2863.718s][info][gc,phases      ] GC(549)   Post Evacuate Collection Set: 0.93ms
[2863.718s][info][gc,phases      ] GC(549)   Other: 0.09ms
[2863.718s][info][gc,heap        ] GC(549) Eden regions: 1109->0(1118)
[2863.718s][info][gc,heap        ] GC(549) Survivor regions: 110->110(153)
[2863.718s][info][gc,heap        ] GC(549) Old regions: 536->471
[2863.718s][info][gc,heap        ] GC(549) Humongous regions: 80->80
[2863.718s][info][gc,metaspace   ] GC(549) Metaspace: 28959K(29312K)->28959K(29312K) NonClass: 24080K(24256K)->24080K(24256K) Class: 4878K(5056K)->4878K(5056K)
[2863.718s][info][gc             ] GC(549) Pause Young (Mixed) (G1 Evacuation Pause) 3667M->1320M(4096M) 130.900ms
[2863.718s][info][gc,cpu         ] GC(549) User=0.78s Sys=0.00s Real=0.13s
....[2867.610s][info][gc,start       ] GC(550) Pause Young (Concurrent Start) (G1 Evacuation Pause)
[2867.610s][info][gc,task        ] GC(550) Using 6 workers of 6 for evacuation
[2867.725s][info][gc,phases      ] GC(550)   Pre Evacuate Collection Set: 0.37ms
[2867.725s][info][gc,phases      ] GC(550)   Merge Heap Roots: 0.45ms
[2867.725s][info][gc,phases      ] GC(550)   Evacuate Collection Set: 113.92ms
[2867.725s][info][gc,phases      ] GC(550)   Post Evacuate Collection Set: 0.85ms
[2867.725s][info][gc,phases      ] GC(550)   Other: 0.12ms
[2867.725s][info][gc,heap        ] GC(550) Eden regions: 1118->0(1120)
[2867.725s][info][gc,heap        ] GC(550) Survivor regions: 110->108(154)
[2867.725s][info][gc,heap        ] GC(550) Old regions: 471->504
[2867.725s][info][gc,heap        ] GC(550) Humongous regions: 80->80
[2867.725s][info][gc,metaspace   ] GC(550) Metaspace: 28959K(29312K)->28959K(29312K) NonClass: 24080K(24256K)->24080K(24256K) Class: 4878K(5056K)->4878K(5056K)
[2867.725s][info][gc             ] GC(550) Pause Young (Concurrent Start) (G1 Evacuation Pause) 3556M->1382M(4096M) 115.830ms
[2867.725s][info][gc             ] GC(551) Concurrent Mark Cycle
[2867.725s][info][gc,marking     ] GC(551) Concurrent Scan Root Regions
[2867.725s][info][gc,cpu         ] GC(550) User=0.69s Sys=0.00s Real=0.12s
.[2867.870s][info][gc,marking     ] GC(551) Concurrent Scan Root Regions 144.403ms
[2867.870s][info][gc,marking     ] GC(551) Concurrent Mark
[2867.870s][info][gc,marking     ] GC(551) Concurrent Mark From Roots
[2867.870s][info][gc,task        ] GC(551) Using 2 workers of 2 for marking
[2868.527s][info][gc,marking     ] GC(551) Concurrent Mark From Roots 657.506ms
[2868.527s][info][gc,marking     ] GC(551) Concurrent Preclean
[2868.528s][info][gc,marking     ] GC(551) Concurrent Preclean 0.082ms
[2868.528s][info][gc,start       ] GC(551) Pause Remark
[2868.532s][info][gc             ] GC(551) Pause Remark 1925M->1925M(4096M) 4.394ms
[2868.532s][info][gc,cpu         ] GC(551) User=0.03s Sys=0.00s Real=0.01s
[2868.532s][info][gc,marking     ] GC(551) Concurrent Mark 662.231ms
[2868.532s][info][gc,marking     ] GC(551) Concurrent Rebuild Remembered Sets and Scrub Regions
[2868.764s][info][gc,marking     ] GC(551) Concurrent Rebuild Remembered Sets and Scrub Regions 232.348ms
[2868.765s][info][gc,start       ] GC(551) Pause Cleanup
[2868.765s][info][gc             ] GC(551) Pause Cleanup 2057M->2057M(4096M) 0.111ms
[2868.765s][info][gc,cpu         ] GC(551) User=0.00s Sys=0.00s Real=0.00s
[2868.765s][info][gc,marking     ] GC(551) Concurrent Clear Claimed Marks
[2868.765s][info][gc,marking     ] GC(551) Concurrent Clear Claimed Marks 0.025ms
[2868.765s][info][gc,marking     ] GC(551) Concurrent Cleanup for Next Mark
[2868.769s][info][gc,marking     ] GC(551) Concurrent Cleanup for Next Mark 3.760ms
[2868.769s][info][gc             ] GC(551) Concurrent Mark Cycle 1043.212ms
...[2871.534s][info][gc,start       ] GC(552) Pause Young (Prepare Mixed) (G1 Evacuation Pause)
[2871.534s][info][gc,task        ] GC(552) Using 6 workers of 6 for evacuation
[2871.649s][info][gc,phases      ] GC(552)   Pre Evacuate Collection Set: 0.29ms
[2871.649s][info][gc,phases      ] GC(552)   Merge Heap Roots: 0.47ms
[2871.649s][info][gc,phases      ] GC(552)   Evacuate Collection Set: 113.71ms
[2871.649s][info][gc,phases      ] GC(552)   Post Evacuate Collection Set: 0.90ms
[2871.649s][info][gc,phases      ] GC(552)   Other: 0.09ms
[2871.649s][info][gc,heap        ] GC(552) Eden regions: 1120->0(1111)
[2871.649s][info][gc,heap        ] GC(552) Survivor regions: 108->109(154)
[2871.649s][info][gc,heap        ] GC(552) Old regions: 504->536
[2871.649s][info][gc,heap        ] GC(552) Humongous regions: 80->80
[2871.649s][info][gc,metaspace   ] GC(552) Metaspace: 28959K(29312K)->28959K(29312K) NonClass: 24080K(24256K)->24080K(24256K) Class: 4878K(5056K)->4878K(5056K)
[2871.649s][info][gc             ] GC(552) Pause Young (Prepare Mixed) (G1 Evacuation Pause) 3622M->1447M(4096M) 115.590ms
[2871.649s][info][gc,cpu         ] GC(552) User=0.68s Sys=0.00s Real=0.11s
....[2875.591s][info][gc,start       ] GC(553) Pause Young (Mixed) (G1 Evacuation Pause)
[2875.591s][info][gc,task        ] GC(553) Using 6 workers of 6 for evacuation
[2875.723s][info][gc,phases      ] GC(553)   Pre Evacuate Collection Set: 0.34ms
[2875.723s][info][gc,phases      ] GC(553)   Merge Heap Roots: 0.72ms
[2875.723s][info][gc,phases      ] GC(553)   Evacuate Collection Set: 129.84ms
[2875.723s][info][gc,phases      ] GC(553)   Post Evacuate Collection Set: 0.92ms
[2875.723s][info][gc,phases      ] GC(553)   Other: 0.09ms
[2875.723s][info][gc,heap        ] GC(553) Eden regions: 1111->0(1119)
[2875.723s][info][gc,heap        ] GC(553) Survivor regions: 109->109(153)
[2875.723s][info][gc,heap        ] GC(553) Old regions: 536->472
[2875.723s][info][gc,heap        ] GC(553) Humongous regions: 80->80
[2875.723s][info][gc,metaspace   ] GC(553) Metaspace: 28959K(29312K)->28959K(29312K) NonClass: 24080K(24256K)->24080K(24256K) Class: 4878K(5056K)->4878K(5056K)
[2875.723s][info][gc             ] GC(553) Pause Young (Mixed) (G1 Evacuation Pause) 3669M->1320M(4096M) 132.037ms
[2875.723s][info][gc,cpu         ] GC(553) User=0.79s Sys=0.00s Real=0.14s
.... (rIR:aIR:PR = 4705:4705:4705) (tPR = 70534) [OK] 
  2878s: Performance info:
         Transaction,    Success,    Partial,     Failed,   Receipts, AvgBarcode, 
             Overall,     283217,          0,          0,     269069,      59.48, 
         Response times:
             Request,    Success,    Partial,     Failed,   SkipFail,     Probes,    Samples,      min,      p50,      p90,      p95,      p99,      max, 
       TotalPurchase,     269069,          0,          0,          0,     260377,     304689,      300,     3700,     6800,    11300,    49000,   198000,
     InStorePurchase,     141619,          0,          0,          0,     137088,     159967,      300,     3600,     6800,    11200,    49000,   198000,
      OnlinePurchase,      99152,          0,          0,          0,      95990,     112811,      300,     3700,     6800,    11040,    50000,   161000,
        InstPurchase,      28298,          0,          0,          0,      27299,      31911,      400,     3700,     6900,    13400,    43000,   143000,
          AssocOfCat,        282,          0,          0,          0,        221,        306,    21000,    32000,    51300,    61300,   173300,   198000,
      AssocOfProduct,       2836,          0,          0,          0,       2643,       3219,      700,     3600,     6200,    10100,    43000,   155000,
      BusinessReport,        704,          0,          0,          0,        588,        759,    24000,    36000,    59000,    78000,   179800,   309000,
          CustBuyBeh,       2827,          0,          0,          0,       2601,       3207,      300,     4600,     7500,    12760,    51000,   101000,
       ProductReturn,       7500,          0,          0,          0,       7149,       8526,      200,     3800,     7000,    12100,    49730,   143000,

  2878s: (35%)   IR =   4843 [2879.621s][info][gc,start       ] GC(554) Pause Young (Concurrent Start) (G1 Evacuation Pause)
[2879.621s][info][gc,task        ] GC(554) Using 6 workers of 6 for evacuation
[2879.737s][info][gc,phases      ] GC(554)   Pre Evacuate Collection Set: 0.36ms
[2879.737s][info][gc,phases      ] GC(554)   Merge Heap Roots: 0.46ms
[2879.737s][info][gc,phases      ] GC(554)   Evacuate Collection Set: 113.86ms
[2879.737s][info][gc,phases      ] GC(554)   Post Evacuate Collection Set: 0.89ms
[2879.737s][info][gc,phases      ] GC(554)   Other: 0.12ms
[2879.737s][info][gc,heap        ] GC(554) Eden regions: 1119->0(1118)
[2879.737s][info][gc,heap        ] GC(554) Survivor regions: 109->110(154)
[2879.737s][info][gc,heap        ] GC(554) Old regions: 472->503
[2879.737s][info][gc,heap        ] GC(554) Humongous regions: 80->80
[2879.737s][info][gc,metaspace   ] GC(554) Metaspace: 28959K(29312K)->28959K(29312K) NonClass: 24080K(24256K)->24080K(24256K) Class: 4878K(5056K)->4878K(5056K)
[2879.737s][info][gc             ] GC(554) Pause Young (Concurrent Start) (G1 Evacuation Pause) 3558M->1384M(4096M) 115.836ms
[2879.737s][info][gc             ] GC(555) Concurrent Mark Cycle
[2879.737s][info][gc,marking     ] GC(555) Concurrent Scan Root Regions
[2879.737s][info][gc,cpu         ] GC(554) User=0.68s Sys=0.00s Real=0.11s
[2879.878s][info][gc,marking     ] GC(555) Concurrent Scan Root Regions 140.743ms
[2879.878s][info][gc,marking     ] GC(555) Concurrent Mark
[2879.878s][info][gc,marking     ] GC(555) Concurrent Mark From Roots
[2879.878s][info][gc,task        ] GC(555) Using 2 workers of 2 for marking
.[2880.517s][info][gc,marking     ] GC(555) Concurrent Mark From Roots 639.505ms
[2880.517s][info][gc,marking     ] GC(555) Concurrent Preclean
[2880.517s][info][gc,marking     ] GC(555) Concurrent Preclean 0.089ms
[2880.518s][info][gc,start       ] GC(555) Pause Remark
[2880.522s][info][gc             ] GC(555) Pause Remark 1896M->1896M(4096M) 4.729ms
[2880.522s][info][gc,cpu         ] GC(555) User=0.02s Sys=0.00s Real=0.01s
[2880.522s][info][gc,marking     ] GC(555) Concurrent Mark 644.551ms
[2880.522s][info][gc,marking     ] GC(555) Concurrent Rebuild Remembered Sets and Scrub Regions
[2880.753s][info][gc,marking     ] GC(555) Concurrent Rebuild Remembered Sets and Scrub Regions 230.955ms
[2880.753s][info][gc,start       ] GC(555) Pause Cleanup
[2880.754s][info][gc             ] GC(555) Pause Cleanup 2032M->2032M(4096M) 0.110ms
[2880.754s][info][gc,cpu         ] GC(555) User=0.00s Sys=0.00s Real=0.00s
[2880.754s][info][gc,marking     ] GC(555) Concurrent Clear Claimed Marks
[2880.754s][info][gc,marking     ] GC(555) Concurrent Clear Claimed Marks 0.022ms
[2880.754s][info][gc,marking     ] GC(555) Concurrent Cleanup for Next Mark
[2880.757s][info][gc,marking     ] GC(555) Concurrent Cleanup for Next Mark 3.831ms
[2880.758s][info][gc             ] GC(555) Concurrent Mark Cycle 1020.523ms
...[2883.558s][info][gc,start       ] GC(556) Pause Young (Prepare Mixed) (G1 Evacuation Pause)
[2883.558s][info][gc,task        ] GC(556) Using 6 workers of 6 for evacuation
[2883.674s][info][gc,phases      ] GC(556)   Pre Evacuate Collection Set: 0.35ms
[2883.674s][info][gc,phases      ] GC(556)   Merge Heap Roots: 0.49ms
[2883.674s][info][gc,phases      ] GC(556)   Evacuate Collection Set: 113.43ms
[2883.674s][info][gc,phases      ] GC(556)   Post Evacuate Collection Set: 0.93ms
[2883.674s][info][gc,phases      ] GC(556)   Other: 0.09ms
[2883.674s][info][gc,heap        ] GC(556) Eden regions: 1118->0(1111)
[2883.674s][info][gc,heap        ] GC(556) Survivor regions: 110->109(154)
[2883.674s][info][gc,heap        ] GC(556) Old regions: 503->536
[2883.674s][info][gc,heap        ] GC(556) Humongous regions: 80->80
[2883.674s][info][gc,metaspace   ] GC(556) Metaspace: 28959K(29312K)->28959K(29312K) NonClass: 24080K(24256K)->24080K(24256K) Class: 4878K(5056K)->4878K(5056K)
[2883.674s][info][gc             ] GC(556) Pause Young (Prepare Mixed) (G1 Evacuation Pause) 3620M->1448M(4096M) 115.420ms
[2883.674s][info][gc,cpu         ] GC(556) User=0.69s Sys=0.00s Real=0.12s
....[2887.363s][info][gc,start       ] GC(557) Pause Young (Mixed) (G1 Evacuation Pause)
[2887.363s][info][gc,task        ] GC(557) Using 6 workers of 6 for evacuation
[2887.491s][info][gc,phases      ] GC(557)   Pre Evacuate Collection Set: 0.34ms
[2887.491s][info][gc,phases      ] GC(557)   Merge Heap Roots: 0.64ms
[2887.491s][info][gc,phases      ] GC(557)   Evacuate Collection Set: 126.19ms
[2887.491s][info][gc,phases      ] GC(557)   Post Evacuate Collection Set: 0.92ms
[2887.491s][info][gc,phases      ] GC(557)   Other: 0.08ms
[2887.491s][info][gc,heap        ] GC(557) Eden regions: 1111->0(1121)
[2887.491s][info][gc,heap        ] GC(557) Survivor regions: 109->107(153)
[2887.491s][info][gc,heap        ] GC(557) Old regions: 536->471
[2887.491s][info][gc,heap        ] GC(557) Humongous regions: 80->80
[2887.491s][info][gc,metaspace   ] GC(557) Metaspace: 28959K(29312K)->28959K(29312K) NonClass: 24080K(24256K)->24080K(24256K) Class: 4878K(5056K)->4878K(5056K)
[2887.491s][info][gc             ] GC(557) Pause Young (Mixed) (G1 Evacuation Pause) 3670M->1314M(4096M) 128.294ms
[2887.491s][info][gc,cpu         ] GC(557) User=0.76s Sys=0.00s Real=0.12s
.|...[2891.309s][info][gc,start       ] GC(558) Pause Young (Concurrent Start) (G1 Evacuation Pause)
[2891.309s][info][gc,task        ] GC(558) Using 6 workers of 6 for evacuation
[2891.424s][info][gc,phases      ] GC(558)   Pre Evacuate Collection Set: 0.38ms
[2891.424s][info][gc,phases      ] GC(558)   Merge Heap Roots: 0.47ms
[2891.424s][info][gc,phases      ] GC(558)   Evacuate Collection Set: 113.40ms
[2891.424s][info][gc,phases      ] GC(558)   Post Evacuate Collection Set: 0.89ms
[2891.424s][info][gc,phases      ] GC(558)   Other: 0.13ms
[2891.424s][info][gc,heap        ] GC(558) Eden regions: 1121->0(1121)
[2891.424s][info][gc,heap        ] GC(558) Survivor regions: 107->107(154)
[2891.424s][info][gc,heap        ] GC(558) Old regions: 471->503
[2891.424s][info][gc,heap        ] GC(558) Humongous regions: 80->80
[2891.424s][info][gc,metaspace   ] GC(558) Metaspace: 28959K(29312K)->28959K(29312K) NonClass: 24080K(24256K)->24080K(24256K) Class: 4878K(5056K)->4878K(5056K)
[2891.424s][info][gc             ] GC(558) Pause Young (Concurrent Start) (G1 Evacuation Pause) 3556M->1379M(4096M) 115.394ms
[2891.424s][info][gc             ] GC(559) Concurrent Mark Cycle
[2891.424s][info][gc,marking     ] GC(559) Concurrent Scan Root Regions
[2891.424s][info][gc,cpu         ] GC(558) User=0.69s Sys=0.00s Real=0.12s
[2891.565s][info][gc,marking     ] GC(559) Concurrent Scan Root Regions 141.000ms
[2891.565s][info][gc,marking     ] GC(559) Concurrent Mark
[2891.565s][info][gc,marking     ] GC(559) Concurrent Mark From Roots
[2891.565s][info][gc,task        ] GC(559) Using 2 workers of 2 for marking
.[2892.204s][info][gc,marking     ] GC(559) Concurrent Mark From Roots 639.300ms
[2892.205s][info][gc,marking     ] GC(559) Concurrent Preclean
[2892.205s][info][gc,marking     ] GC(559) Concurrent Preclean 0.135ms
[2892.205s][info][gc,start       ] GC(559) Pause Remark
[2892.210s][info][gc             ] GC(559) Pause Remark 1905M->1905M(4096M) 5.014ms
[2892.210s][info][gc,cpu         ] GC(559) User=0.03s Sys=0.00s Real=0.00s
[2892.211s][info][gc,marking     ] GC(559) Concurrent Mark 645.910ms
[2892.211s][info][gc,marking     ] GC(559) Concurrent Rebuild Remembered Sets and Scrub Regions
[2892.466s][info][gc,marking     ] GC(559) Concurrent Rebuild Remembered Sets and Scrub Regions 254.559ms
[2892.466s][info][gc,start       ] GC(559) Pause Cleanup
[2892.466s][info][gc             ] GC(559) Pause Cleanup 2049M->2049M(4096M) 0.107ms
[2892.466s][info][gc,cpu         ] GC(559) User=0.00s Sys=0.01s Real=0.00s
[2892.467s][info][gc,marking     ] GC(559) Concurrent Clear Claimed Marks
[2892.467s][info][gc,marking     ] GC(559) Concurrent Clear Claimed Marks 0.031ms
[2892.467s][info][gc,marking     ] GC(559) Concurrent Cleanup for Next Mark
[2892.473s][info][gc,marking     ] GC(559) Concurrent Cleanup for Next Mark 6.080ms
[2892.473s][info][gc             ] GC(559) Concurrent Mark Cycle 1048.989ms
...[2895.237s][info][gc,start       ] GC(560) Pause Young (Prepare Mixed) (G1 Evacuation Pause)
[2895.238s][info][gc,task        ] GC(560) Using 6 workers of 6 for evacuation
[2895.352s][info][gc,phases      ] GC(560)   Pre Evacuate Collection Set: 0.32ms
[2895.352s][info][gc,phases      ] GC(560)   Merge Heap Roots: 0.50ms
[2895.352s][info][gc,phases      ] GC(560)   Evacuate Collection Set: 112.43ms
[2895.352s][info][gc,phases      ] GC(560)   Post Evacuate Collection Set: 0.90ms
[2895.352s][info][gc,phases      ] GC(560)   Other: 0.09ms
[2895.352s][info][gc,heap        ] GC(560) Eden regions: 1121->0(1113)
[2895.352s][info][gc,heap        ] GC(560) Survivor regions: 107->109(154)
[2895.352s][info][gc,heap        ] GC(560) Old regions: 503->534
[2895.352s][info][gc,heap        ] GC(560) Humongous regions: 80->80
[2895.352s][info][gc,metaspace   ] GC(560) Metaspace: 28959K(29312K)->28959K(29312K) NonClass: 24080K(24256K)->24080K(24256K) Class: 4878K(5056K)->4878K(5056K)
[2895.352s][info][gc             ] GC(560) Pause Young (Prepare Mixed) (G1 Evacuation Pause) 3621M->1443M(4096M) 114.375ms
[2895.352s][info][gc,cpu         ] GC(560) User=0.68s Sys=0.00s Real=0.12s
....[2899.128s][info][gc,start       ] GC(561) Pause Young (Mixed) (G1 Evacuation Pause)
[2899.128s][info][gc,task        ] GC(561) Using 6 workers of 6 for evacuation
[2899.260s][info][gc,phases      ] GC(561)   Pre Evacuate Collection Set: 0.38ms
[2899.260s][info][gc,phases      ] GC(561)   Merge Heap Roots: 0.61ms
[2899.260s][info][gc,phases      ] GC(561)   Evacuate Collection Set: 129.97ms
[2899.260s][info][gc,phases      ] GC(561)   Post Evacuate Collection Set: 0.92ms
[2899.260s][info][gc,phases      ] GC(561)   Other: 0.09ms
[2899.260s][info][gc,heap        ] GC(561) Eden regions: 1113->0(1118)
[2899.260s][info][gc,heap        ] GC(561) Survivor regions: 109->110(153)
[2899.260s][info][gc,heap        ] GC(561) Old regions: 534->471
[2899.260s][info][gc,heap        ] GC(561) Humongous regions: 80->80
[2899.260s][info][gc,metaspace   ] GC(561) Metaspace: 28959K(29312K)->28959K(29312K) NonClass: 24080K(24256K)->24080K(24256K) Class: 4878K(5056K)->4878K(5056K)
[2899.260s][info][gc             ] GC(561) Pause Young (Mixed) (G1 Evacuation Pause) 3669M->1321M(4096M) 132.089ms
[2899.260s][info][gc,cpu         ] GC(561) User=0.79s Sys=0.00s Real=0.13s
....[2902.988s][info][gc,start       ] GC(562) Pause Young (Concurrent Start) (G1 Evacuation Pause)
[2902.988s][info][gc,task        ] GC(562) Using 6 workers of 6 for evacuation
[2903.106s][info][gc,phases      ] GC(562)   Pre Evacuate Collection Set: 0.36ms
[2903.106s][info][gc,phases      ] GC(562)   Merge Heap Roots: 0.51ms
[2903.106s][info][gc,phases      ] GC(562)   Evacuate Collection Set: 116.23ms
[2903.106s][info][gc,phases      ] GC(562)   Post Evacuate Collection Set: 0.86ms
[2903.106s][info][gc,phases      ] GC(562)   Other: 0.13ms
[2903.106s][info][gc,heap        ] GC(562) Eden regions: 1118->0(1117)
[2903.106s][info][gc,heap        ] GC(562) Survivor regions: 110->111(154)
[2903.106s][info][gc,heap        ] GC(562) Old regions: 471->504
[2903.106s][info][gc,heap        ] GC(562) Humongous regions: 80->80
[2903.106s][info][gc,metaspace   ] GC(562) Metaspace: 28959K(29312K)->28959K(29312K) NonClass: 24080K(24256K)->24080K(24256K) Class: 4878K(5056K)->4878K(5056K)
[2903.106s][info][gc             ] GC(562) Pause Young (Concurrent Start) (G1 Evacuation Pause) 3557M->1388M(4096M) 118.220ms
[2903.106s][info][gc             ] GC(563) Concurrent Mark Cycle
[2903.106s][info][gc,marking     ] GC(563) Concurrent Scan Root Regions
[2903.106s][info][gc,cpu         ] GC(562) User=0.70s Sys=0.00s Real=0.12s
[2903.295s][info][gc,marking     ] GC(563) Concurrent Scan Root Regions 188.662ms
[2903.295s][info][gc,marking     ] GC(563) Concurrent Mark
[2903.295s][info][gc,marking     ] GC(563) Concurrent Mark From Roots
[2903.295s][info][gc,task        ] GC(563) Using 2 workers of 2 for marking
.[2904.010s][info][gc,marking     ] GC(563) Concurrent Mark From Roots 714.817ms
[2904.010s][info][gc,marking     ] GC(563) Concurrent Preclean
[2904.010s][info][gc,marking     ] GC(563) Concurrent Preclean 0.123ms
[2904.010s][info][gc,start       ] GC(563) Pause Remark
[2904.014s][info][gc             ] GC(563) Pause Remark 1963M->1963M(4096M) 4.317ms
[2904.014s][info][gc,cpu         ] GC(563) User=0.02s Sys=0.00s Real=0.01s
[2904.015s][info][gc,marking     ] GC(563) Concurrent Mark 720.512ms
[2904.015s][info][gc,marking     ] GC(563) Concurrent Rebuild Remembered Sets and Scrub Regions
[2904.242s][info][gc,marking     ] GC(563) Concurrent Rebuild Remembered Sets and Scrub Regions 227.162ms
[2904.243s][info][gc,start       ] GC(563) Pause Cleanup
[2904.243s][info][gc             ] GC(563) Pause Cleanup 2102M->2102M(4096M) 0.100ms
[2904.243s][info][gc,cpu         ] GC(563) User=0.00s Sys=0.00s Real=0.00s
[2904.243s][info][gc,marking     ] GC(563) Concurrent Clear Claimed Marks
[2904.243s][info][gc,marking     ] GC(563) Concurrent Clear Claimed Marks 0.023ms
[2904.243s][info][gc,marking     ] GC(563) Concurrent Cleanup for Next Mark
[2904.246s][info][gc,marking     ] GC(563) Concurrent Cleanup for Next Mark 3.545ms
[2904.246s][info][gc             ] GC(563) Concurrent Mark Cycle 1140.318ms
..[2906.901s][info][gc,start       ] GC(564) Pause Young (Prepare Mixed) (G1 Evacuation Pause)
[2906.901s][info][gc,task        ] GC(564) Using 6 workers of 6 for evacuation
[2907.017s][info][gc,phases      ] GC(564)   Pre Evacuate Collection Set: 0.31ms
[2907.017s][info][gc,phases      ] GC(564)   Merge Heap Roots: 0.49ms
[2907.017s][info][gc,phases      ] GC(564)   Evacuate Collection Set: 114.69ms
[2907.017s][info][gc,phases      ] GC(564)   Post Evacuate Collection Set: 0.90ms
[2907.017s][info][gc,phases      ] GC(564)   Other: 0.08ms
[2907.017s][info][gc,heap        ] GC(564) Eden regions: 1117->0(1111)
[2907.017s][info][gc,heap        ] GC(564) Survivor regions: 111->109(154)
[2907.017s][info][gc,heap        ] GC(564) Old regions: 504->536
[2907.017s][info][gc,heap        ] GC(564) Humongous regions: 80->80
[2907.017s][info][gc,metaspace   ] GC(564) Metaspace: 28959K(29312K)->28959K(29312K) NonClass: 24080K(24256K)->24080K(24256K) Class: 4878K(5056K)->4878K(5056K)
[2907.017s][info][gc             ] GC(564) Pause Young (Prepare Mixed) (G1 Evacuation Pause) 3622M->1448M(4096M) 116.598ms
[2907.017s][info][gc,cpu         ] GC(564) User=0.70s Sys=0.00s Real=0.12s
....[2910.814s][info][gc,start       ] GC(565) Pause Young (Mixed) (G1 Evacuation Pause)
[2910.814s][info][gc,task        ] GC(565) Using 6 workers of 6 for evacuation
[2910.944s][info][gc,phases      ] GC(565)   Pre Evacuate Collection Set: 0.37ms
[2910.944s][info][gc,phases      ] GC(565)   Merge Heap Roots: 0.58ms
[2910.944s][info][gc,phases      ] GC(565)   Evacuate Collection Set: 127.70ms
[2910.944s][info][gc,phases      ] GC(565)   Post Evacuate Collection Set: 0.92ms
[2910.944s][info][gc,phases      ] GC(565)   Other: 0.09ms
[2910.944s][info][gc,heap        ] GC(565) Eden regions: 1111->0(1119)
[2910.944s][info][gc,heap        ] GC(565) Survivor regions: 109->109(153)
[2910.944s][info][gc,heap        ] GC(565) Old regions: 536->474
[2910.944s][info][gc,heap        ] GC(565) Humongous regions: 80->80
[2910.944s][info][gc,metaspace   ] GC(565) Metaspace: 28959K(29312K)->28959K(29312K) NonClass: 24080K(24256K)->24080K(24256K) Class: 4878K(5056K)->4878K(5056K)
[2910.944s][info][gc             ] GC(565) Pause Young (Mixed) (G1 Evacuation Pause) 3670M->1323M(4096M) 129.793ms
[2910.944s][info][gc,cpu         ] GC(565) User=0.77s Sys=0.00s Real=0.13s
....[2914.679s][info][gc,start       ] GC(566) Pause Young (Concurrent Start) (G1 Evacuation Pause)
[2914.679s][info][gc,task        ] GC(566) Using 6 workers of 6 for evacuation
[2914.795s][info][gc,phases      ] GC(566)   Pre Evacuate Collection Set: 0.40ms
[2914.795s][info][gc,phases      ] GC(566)   Merge Heap Roots: 0.44ms
[2914.795s][info][gc,phases      ] GC(566)   Evacuate Collection Set: 113.62ms
[2914.795s][info][gc,phases      ] GC(566)   Post Evacuate Collection Set: 0.87ms
[2914.795s][info][gc,phases      ] GC(566)   Other: 0.10ms
[2914.795s][info][gc,heap        ] GC(566) Eden regions: 1119->0(1120)
[2914.795s][info][gc,heap        ] GC(566) Survivor regions: 109->108(154)
[2914.795s][info][gc,heap        ] GC(566) Old regions: 474->506
[2914.795s][info][gc,heap        ] GC(566) Humongous regions: 80->80
[2914.795s][info][gc,metaspace   ] GC(566) Metaspace: 28959K(29312K)->28959K(29312K) NonClass: 24080K(24256K)->24080K(24256K) Class: 4878K(5056K)->4878K(5056K)
[2914.795s][info][gc             ] GC(566) Pause Young (Concurrent Start) (G1 Evacuation Pause) 3561M->1386M(4096M) 115.576ms
[2914.795s][info][gc             ] GC(567) Concurrent Mark Cycle
[2914.795s][info][gc,marking     ] GC(567) Concurrent Scan Root Regions
[2914.795s][info][gc,cpu         ] GC(566) User=0.69s Sys=0.00s Real=0.12s
[2914.933s][info][gc,marking     ] GC(567) Concurrent Scan Root Regions 138.148ms
[2914.933s][info][gc,marking     ] GC(567) Concurrent Mark
[2914.933s][info][gc,marking     ] GC(567) Concurrent Mark From Roots
[2914.933s][info][gc,task        ] GC(567) Using 2 workers of 2 for marking
.[2915.681s][info][gc,marking     ] GC(567) Concurrent Mark From Roots 748.133ms
[2915.681s][info][gc,marking     ] GC(567) Concurrent Preclean
[2915.681s][info][gc,marking     ] GC(567) Concurrent Preclean 0.133ms
[2915.683s][info][gc,start       ] GC(567) Pause Remark
[2915.688s][info][gc             ] GC(567) Pause Remark 1942M->1942M(4096M) 5.442ms
[2915.688s][info][gc,cpu         ] GC(567) User=0.03s Sys=0.00s Real=0.00s
[2915.688s][info][gc,marking     ] GC(567) Concurrent Mark 755.377ms
[2915.688s][info][gc,marking     ] GC(567) Concurrent Rebuild Remembered Sets and Scrub Regions
.[2916.039s][info][gc,marking     ] GC(567) Concurrent Rebuild Remembered Sets and Scrub Regions 350.433ms
[2916.039s][info][gc,start       ] GC(567) Pause Cleanup
[2916.039s][info][gc             ] GC(567) Pause Cleanup 2132M->2132M(4096M) 0.117ms
[2916.039s][info][gc,cpu         ] GC(567) User=0.00s Sys=0.00s Real=0.00s
[2916.040s][info][gc,marking     ] GC(567) Concurrent Clear Claimed Marks
[2916.040s][info][gc,marking     ] GC(567) Concurrent Clear Claimed Marks 0.036ms
[2916.040s][info][gc,marking     ] GC(567) Concurrent Cleanup for Next Mark
[2916.045s][info][gc,marking     ] GC(567) Concurrent Cleanup for Next Mark 5.486ms
[2916.045s][info][gc             ] GC(567) Concurrent Mark Cycle 1250.594ms
..[2918.589s][info][gc,start       ] GC(568) Pause Young (Prepare Mixed) (G1 Evacuation Pause)
[2918.589s][info][gc,task        ] GC(568) Using 6 workers of 6 for evacuation
[2918.704s][info][gc,phases      ] GC(568)   Pre Evacuate Collection Set: 0.31ms
[2918.704s][info][gc,phases      ] GC(568)   Merge Heap Roots: 0.52ms
[2918.704s][info][gc,phases      ] GC(568)   Evacuate Collection Set: 113.85ms
[2918.704s][info][gc,phases      ] GC(568)   Post Evacuate Collection Set: 0.91ms
[2918.704s][info][gc,phases      ] GC(568)   Other: 0.09ms
[2918.704s][info][gc,heap        ] GC(568) Eden regions: 1120->0(1110)
[2918.704s][info][gc,heap        ] GC(568) Survivor regions: 108->109(154)
[2918.704s][info][gc,heap        ] GC(568) Old regions: 506->537
[2918.704s][info][gc,heap        ] GC(568) Humongous regions: 80->80
[2918.704s][info][gc,metaspace   ] GC(568) Metaspace: 28959K(29312K)->28959K(29312K) NonClass: 24080K(24256K)->24080K(24256K) Class: 4878K(5056K)->4878K(5056K)
[2918.705s][info][gc             ] GC(568) Pause Young (Prepare Mixed) (G1 Evacuation Pause) 3626M->1450M(4096M) 115.820ms
[2918.705s][info][gc,cpu         ] GC(568) User=0.69s Sys=0.00s Real=0.12s
....[2922.416s][info][gc,start       ] GC(569) Pause Young (Mixed) (G1 Evacuation Pause)
[2922.416s][info][gc,task        ] GC(569) Using 6 workers of 6 for evacuation
[2922.546s][info][gc,phases      ] GC(569)   Pre Evacuate Collection Set: 0.34ms
[2922.546s][info][gc,phases      ] GC(569)   Merge Heap Roots: 0.61ms
[2922.546s][info][gc,phases      ] GC(569)   Evacuate Collection Set: 127.39ms
[2922.546s][info][gc,phases      ] GC(569)   Post Evacuate Collection Set: 0.92ms
[2922.546s][info][gc,phases      ] GC(569)   Other: 0.09ms
[2922.546s][info][gc,heap        ] GC(569) Eden regions: 1110->0(1121)
[2922.546s][info][gc,heap        ] GC(569) Survivor regions: 109->107(153)
[2922.546s][info][gc,heap        ] GC(569) Old regions: 537->471
[2922.546s][info][gc,heap        ] GC(569) Humongous regions: 80->80
[2922.546s][info][gc,metaspace   ] GC(569) Metaspace: 28959K(29312K)->28959K(29312K) NonClass: 24080K(24256K)->24080K(24256K) Class: 4878K(5056K)->4878K(5056K)
[2922.546s][info][gc             ] GC(569) Pause Young (Mixed) (G1 Evacuation Pause) 3670M->1314M(4096M) 129.495ms
[2922.546s][info][gc,cpu         ] GC(569) User=0.78s Sys=0.00s Real=0.13s
....[2926.346s][info][gc,start       ] GC(570) Pause Young (Concurrent Start) (G1 Evacuation Pause)
[2926.347s][info][gc,task        ] GC(570) Using 6 workers of 6 for evacuation
[2926.461s][info][gc,phases      ] GC(570)   Pre Evacuate Collection Set: 0.37ms
[2926.461s][info][gc,phases      ] GC(570)   Merge Heap Roots: 0.46ms
[2926.461s][info][gc,phases      ] GC(570)   Evacuate Collection Set: 112.37ms
[2926.461s][info][gc,phases      ] GC(570)   Post Evacuate Collection Set: 0.86ms
[2926.461s][info][gc,phases      ] GC(570)   Other: 0.13ms
[2926.461s][info][gc,heap        ] GC(570) Eden regions: 1121->0(1120)
[2926.461s][info][gc,heap        ] GC(570) Survivor regions: 107->108(154)
[2926.461s][info][gc,heap        ] GC(570) Old regions: 471->502
[2926.461s][info][gc,heap        ] GC(570) Humongous regions: 80->80
[2926.461s][info][gc,metaspace   ] GC(570) Metaspace: 28959K(29312K)->28959K(29312K) NonClass: 24080K(24256K)->24080K(24256K) Class: 4878K(5056K)->4878K(5056K)
[2926.461s][info][gc             ] GC(570) Pause Young (Concurrent Start) (G1 Evacuation Pause) 3556M->1378M(4096M) 114.313ms
[2926.461s][info][gc             ] GC(571) Concurrent Mark Cycle
[2926.461s][info][gc,marking     ] GC(571) Concurrent Scan Root Regions
[2926.461s][info][gc,cpu         ] GC(570) User=0.68s Sys=0.00s Real=0.11s
[2926.603s][info][gc,marking     ] GC(571) Concurrent Scan Root Regions 142.153ms
[2926.603s][info][gc,marking     ] GC(571) Concurrent Mark
[2926.603s][info][gc,marking     ] GC(571) Concurrent Mark From Roots
[2926.603s][info][gc,task        ] GC(571) Using 2 workers of 2 for marking
.[2927.216s][info][gc,marking     ] GC(571) Concurrent Mark From Roots 613.134ms
[2927.216s][info][gc,marking     ] GC(571) Concurrent Preclean
[2927.216s][info][gc,marking     ] GC(571) Concurrent Preclean 0.099ms
[2927.217s][info][gc,start       ] GC(571) Pause Remark
[2927.223s][info][gc             ] GC(571) Pause Remark 1850M->1850M(4096M) 6.054ms
[2927.223s][info][gc,cpu         ] GC(571) User=0.03s Sys=0.00s Real=0.01s
[2927.223s][info][gc,marking     ] GC(571) Concurrent Mark 620.021ms
[2927.223s][info][gc,marking     ] GC(571) Concurrent Rebuild Remembered Sets and Scrub Regions
[2927.460s][info][gc,marking     ] GC(571) Concurrent Rebuild Remembered Sets and Scrub Regions 236.454ms
[2927.460s][info][gc,start       ] GC(571) Pause Cleanup
[2927.460s][info][gc             ] GC(571) Pause Cleanup 1986M->1986M(4096M) 0.114ms
[2927.460s][info][gc,cpu         ] GC(571) User=0.00s Sys=0.00s Real=0.00s
[2927.460s][info][gc,marking     ] GC(571) Concurrent Clear Claimed Marks
[2927.460s][info][gc,marking     ] GC(571) Concurrent Clear Claimed Marks 0.024ms
[2927.460s][info][gc,marking     ] GC(571) Concurrent Cleanup for Next Mark
[2927.463s][info][gc,marking     ] GC(571) Concurrent Cleanup for Next Mark 3.519ms
[2927.463s][info][gc             ] GC(571) Concurrent Mark Cycle 1002.613ms
...[2930.281s][info][gc,start       ] GC(572) Pause Young (Prepare Mixed) (G1 Evacuation Pause)
[2930.281s][info][gc,task        ] GC(572) Using 6 workers of 6 for evacuation
[2930.396s][info][gc,phases      ] GC(572)   Pre Evacuate Collection Set: 0.34ms
[2930.396s][info][gc,phases      ] GC(572)   Merge Heap Roots: 0.50ms
[2930.396s][info][gc,phases      ] GC(572)   Evacuate Collection Set: 112.73ms
[2930.396s][info][gc,phases      ] GC(572)   Post Evacuate Collection Set: 0.90ms
[2930.396s][info][gc,phases      ] GC(572)   Other: 0.09ms
[2930.396s][info][gc,heap        ] GC(572) Eden regions: 1120->0(1116)
[2930.396s][info][gc,heap        ] GC(572) Survivor regions: 108->108(154)
[2930.396s][info][gc,heap        ] GC(572) Old regions: 502->533
[2930.396s][info][gc,heap        ] GC(572) Humongous regions: 80->80
[2930.396s][info][gc,metaspace   ] GC(572) Metaspace: 28956K(29312K)->28956K(29312K) NonClass: 24078K(24256K)->24078K(24256K) Class: 4877K(5056K)->4877K(5056K)
[2930.396s][info][gc             ] GC(572) Pause Young (Prepare Mixed) (G1 Evacuation Pause) 3618M->1441M(4096M) 114.701ms
[2930.396s][info][gc,cpu         ] GC(572) User=0.68s Sys=0.00s Real=0.11s
....[2934.158s][info][gc,start       ] GC(573) Pause Young (Mixed) (G1 Evacuation Pause)
[2934.158s][info][gc,task        ] GC(573) Using 6 workers of 6 for evacuation
[2934.294s][info][gc,phases      ] GC(573)   Pre Evacuate Collection Set: 0.37ms
[2934.295s][info][gc,phases      ] GC(573)   Merge Heap Roots: 0.72ms
[2934.295s][info][gc,phases      ] GC(573)   Evacuate Collection Set: 134.31ms
[2934.295s][info][gc,phases      ] GC(573)   Post Evacuate Collection Set: 0.94ms
[2934.295s][info][gc,phases      ] GC(573)   Other: 0.09ms
[2934.295s][info][gc,heap        ] GC(573) Eden regions: 1116->0(1118)
[2934.295s][info][gc,heap        ] GC(573) Survivor regions: 108->110(153)
[2934.295s][info][gc,heap        ] GC(573) Old regions: 533->472
[2934.295s][info][gc,heap        ] GC(573) Humongous regions: 80->80
[2934.295s][info][gc,metaspace   ] GC(573) Metaspace: 28956K(29312K)->28956K(29312K) NonClass: 24078K(24256K)->24078K(24256K) Class: 4877K(5056K)->4877K(5056K)
[2934.295s][info][gc             ] GC(573) Pause Young (Mixed) (G1 Evacuation Pause) 3673M->1322M(4096M) 136.544ms
[2934.295s][info][gc,cpu         ] GC(573) User=0.81s Sys=0.00s Real=0.14s
...[2938.043s][info][gc,start       ] GC(574) Pause Young (Concurrent Start) (G1 Evacuation Pause)
[2938.043s][info][gc,task        ] GC(574) Using 6 workers of 6 for evacuation
[2938.163s][info][gc,phases      ] GC(574)   Pre Evacuate Collection Set: 0.41ms
[2938.163s][info][gc,phases      ] GC(574)   Merge Heap Roots: 0.48ms
[2938.163s][info][gc,phases      ] GC(574)   Evacuate Collection Set: 118.36ms
[2938.163s][info][gc,phases      ] GC(574)   Post Evacuate Collection Set: 0.87ms
[2938.163s][info][gc,phases      ] GC(574)   Other: 0.11ms
[2938.163s][info][gc,heap        ] GC(574) Eden regions: 1118->0(1117)
[2938.163s][info][gc,heap        ] GC(574) Survivor regions: 110->111(154)
[2938.163s][info][gc,heap        ] GC(574) Old regions: 472->504
[2938.163s][info][gc,heap        ] GC(574) Humongous regions: 80->80
[2938.163s][info][gc,metaspace   ] GC(574) Metaspace: 28956K(29312K)->28956K(29312K) NonClass: 24078K(24256K)->24078K(24256K) Class: 4877K(5056K)->4877K(5056K)
[2938.163s][info][gc             ] GC(574) Pause Young (Concurrent Start) (G1 Evacuation Pause) 3558M->1387M(4096M) 120.379ms
[2938.163s][info][gc             ] GC(575) Concurrent Mark Cycle
[2938.163s][info][gc,marking     ] GC(575) Concurrent Scan Root Regions
[2938.163s][info][gc,cpu         ] GC(574) User=0.71s Sys=0.00s Real=0.12s
.[2938.378s][info][gc,marking     ] GC(575) Concurrent Scan Root Regions 214.896ms
[2938.378s][info][gc,marking     ] GC(575) Concurrent Mark
[2938.378s][info][gc,marking     ] GC(575) Concurrent Mark From Roots
[2938.378s][info][gc,task        ] GC(575) Using 2 workers of 2 for marking
[2939.012s][info][gc,marking     ] GC(575) Concurrent Mark From Roots 634.029ms
[2939.012s][info][gc,marking     ] GC(575) Concurrent Preclean
[2939.012s][info][gc,marking     ] GC(575) Concurrent Preclean 0.108ms
[2939.013s][info][gc,start       ] GC(575) Pause Remark
[2939.018s][info][gc             ] GC(575) Pause Remark 1957M->1957M(4096M) 4.920ms
[2939.018s][info][gc,cpu         ] GC(575) User=0.03s Sys=0.00s Real=0.00s
[2939.019s][info][gc,marking     ] GC(575) Concurrent Mark 640.415ms
[2939.019s][info][gc,marking     ] GC(575) Concurrent Rebuild Remembered Sets and Scrub Regions
.[2939.245s][info][gc,marking     ] GC(575) Concurrent Rebuild Remembered Sets and Scrub Regions 226.078ms
[2939.245s][info][gc,start       ] GC(575) Pause Cleanup
[2939.245s][info][gc             ] GC(575) Pause Cleanup 2081M->2081M(4096M) 0.112ms
[2939.245s][info][gc,cpu         ] GC(575) User=0.00s Sys=0.00s Real=0.00s
[2939.245s][info][gc,marking     ] GC(575) Concurrent Clear Claimed Marks
[2939.245s][info][gc,marking     ] GC(575) Concurrent Clear Claimed Marks 0.027ms
[2939.245s][info][gc,marking     ] GC(575) Concurrent Cleanup for Next Mark
[2939.249s][info][gc,marking     ] GC(575) Concurrent Cleanup for Next Mark 3.949ms
[2939.249s][info][gc             ] GC(575) Concurrent Mark Cycle 1085.818ms
..[2941.964s][info][gc,start       ] GC(576) Pause Young (Prepare Mixed) (G1 Evacuation Pause)
[2941.964s][info][gc,task        ] GC(576) Using 6 workers of 6 for evacuation
[2942.084s][info][gc,phases      ] GC(576)   Pre Evacuate Collection Set: 0.35ms
[2942.084s][info][gc,phases      ] GC(576)   Merge Heap Roots: 0.50ms
[2942.084s][info][gc,phases      ] GC(576)   Evacuate Collection Set: 117.70ms
[2942.084s][info][gc,phases      ] GC(576)   Post Evacuate Collection Set: 0.90ms
[2942.084s][info][gc,phases      ] GC(576)   Other: 0.10ms
[2942.084s][info][gc,heap        ] GC(576) Eden regions: 1117->0(1105)
[2942.084s][info][gc,heap        ] GC(576) Survivor regions: 111->112(154)
[2942.084s][info][gc,heap        ] GC(576) Old regions: 504->536
[2942.084s][info][gc,heap        ] GC(576) Humongous regions: 80->80
[2942.084s][info][gc,metaspace   ] GC(576) Metaspace: 28956K(29312K)->28956K(29312K) NonClass: 24078K(24256K)->24078K(24256K) Class: 4877K(5056K)->4877K(5056K)
[2942.084s][info][gc             ] GC(576) Pause Young (Prepare Mixed) (G1 Evacuation Pause) 3621M->1454M(4096M) 119.691ms
[2942.084s][info][gc,cpu         ] GC(576) User=0.71s Sys=0.00s Real=0.12s
....[2945.821s][info][gc,start       ] GC(577) Pause Young (Mixed) (G1 Evacuation Pause)
[2945.821s][info][gc,task        ] GC(577) Using 6 workers of 6 for evacuation
[2945.950s][info][gc,phases      ] GC(577)   Pre Evacuate Collection Set: 0.37ms
[2945.950s][info][gc,phases      ] GC(577)   Merge Heap Roots: 0.61ms
[2945.950s][info][gc,phases      ] GC(577)   Evacuate Collection Set: 127.26ms
[2945.951s][info][gc,phases      ] GC(577)   Post Evacuate Collection Set: 0.93ms
[2945.951s][info][gc,phases      ] GC(577)   Other: 0.09ms
[2945.951s][info][gc,heap        ] GC(577) Eden regions: 1105->0(1119)
[2945.951s][info][gc,heap        ] GC(577) Survivor regions: 112->109(153)
[2945.951s][info][gc,heap        ] GC(577) Old regions: 536->475
[2945.951s][info][gc,heap        ] GC(577) Humongous regions: 80->80
[2945.951s][info][gc,metaspace   ] GC(577) Metaspace: 28956K(29312K)->28956K(29312K) NonClass: 24078K(24256K)->24078K(24256K) Class: 4877K(5056K)->4877K(5056K)
[2945.951s][info][gc             ] GC(577) Pause Young (Mixed) (G1 Evacuation Pause) 3664M->1326M(4096M) 129.399ms
[2945.951s][info][gc,cpu         ] GC(577) User=0.77s Sys=0.00s Real=0.12s
... (rIR:aIR:PR = 4843:4841:4841) (tPR = 72430) [OK] 
  2948s: Performance info:
         Transaction,    Success,    Partial,     Failed,   Receipts, AvgBarcode, 
             Overall,     291813,          0,          0,     277236,      59.48, 
         Response times:
             Request,    Success,    Partial,     Failed,   SkipFail,     Probes,    Samples,      min,      p50,      p90,      p95,      p99,      max, 
       TotalPurchase,     277255,          0,          0,          0,     272808,     315311,      300,     3900,     7500,    13800,    54000,   178000,
     InStorePurchase,     145897,          0,          0,          0,     143869,     165705,      300,     3900,     7500,    13900,    54000,   170000,
      OnlinePurchase,     102188,          0,          0,          0,     100490,     116310,      300,     3900,     7500,    13800,    53000,   171000,
        InstPurchase,      29170,          0,          0,          0,      28449,      33296,      400,     3900,     7500,    13300,    53000,   178000,
          AssocOfCat,        294,          0,          0,          0,        238,        366,    23000,    32000,    51000,    67300,   122920,   213000,
      AssocOfProduct,       2914,          0,          0,          0,       2737,       3328,      600,     2500,     6700,     9800,    44710,   136000,
      BusinessReport,        727,          0,          0,          0,        642,        833,    24000,    35000,    55000,    70000,   157280,   200000,
          CustBuyBeh,       2911,          0,          0,          0,       2693,       3369,      200,     2100,     4300,     7700,    32300,   118000,
       ProductReturn,       7735,          0,          0,          0,       7292,       8725,      200,     3700,     7700,    15870,    51740,   136000,

  2948s: (36%)   IR =   4981 .[2949.771s][info][gc,start       ] GC(578) Pause Young (Concurrent Start) (G1 Evacuation Pause)
[2949.771s][info][gc,task        ] GC(578) Using 6 workers of 6 for evacuation
[2949.890s][info][gc,phases      ] GC(578)   Pre Evacuate Collection Set: 0.37ms
[2949.890s][info][gc,phases      ] GC(578)   Merge Heap Roots: 0.47ms
[2949.890s][info][gc,phases      ] GC(578)   Evacuate Collection Set: 117.88ms
[2949.890s][info][gc,phases      ] GC(578)   Post Evacuate Collection Set: 0.89ms
[2949.890s][info][gc,phases      ] GC(578)   Other: 0.12ms
[2949.890s][info][gc,heap        ] GC(578) Eden regions: 1119->0(1116)
[2949.890s][info][gc,heap        ] GC(578) Survivor regions: 109->112(154)
[2949.890s][info][gc,heap        ] GC(578) Old regions: 475->507
[2949.890s][info][gc,heap        ] GC(578) Humongous regions: 80->80
[2949.890s][info][gc,metaspace   ] GC(578) Metaspace: 28956K(29312K)->28956K(29312K) NonClass: 24078K(24256K)->24078K(24256K) Class: 4877K(5056K)->4877K(5056K)
[2949.890s][info][gc             ] GC(578) Pause Young (Concurrent Start) (G1 Evacuation Pause) 3564M->1396M(4096M) 119.878ms
[2949.890s][info][gc             ] GC(579) Concurrent Mark Cycle
[2949.890s][info][gc,marking     ] GC(579) Concurrent Scan Root Regions
[2949.890s][info][gc,cpu         ] GC(578) User=0.71s Sys=0.00s Real=0.12s
[2950.068s][info][gc,marking     ] GC(579) Concurrent Scan Root Regions 177.496ms
[2950.068s][info][gc,marking     ] GC(579) Concurrent Mark
[2950.068s][info][gc,marking     ] GC(579) Concurrent Mark From Roots
[2950.068s][info][gc,task        ] GC(579) Using 2 workers of 2 for marking
.[2950.807s][info][gc,marking     ] GC(579) Concurrent Mark From Roots 739.454ms
[2950.807s][info][gc,marking     ] GC(579) Concurrent Preclean
[2950.808s][info][gc,marking     ] GC(579) Concurrent Preclean 0.109ms
[2950.808s][info][gc,start       ] GC(579) Pause Remark
[2950.813s][info][gc             ] GC(579) Pause Remark 2008M->2008M(4096M) 5.622ms
[2950.813s][info][gc,cpu         ] GC(579) User=0.03s Sys=0.00s Real=0.01s
[2950.813s][info][gc,marking     ] GC(579) Concurrent Mark 745.451ms
[2950.813s][info][gc,marking     ] GC(579) Concurrent Rebuild Remembered Sets and Scrub Regions
[2951.060s][info][gc,marking     ] GC(579) Concurrent Rebuild Remembered Sets and Scrub Regions 246.353ms
[2951.060s][info][gc,start       ] GC(579) Pause Cleanup
[2951.060s][info][gc             ] GC(579) Pause Cleanup 2171M->2171M(4096M) 0.114ms
[2951.060s][info][gc,cpu         ] GC(579) User=0.00s Sys=0.00s Real=0.00s
[2951.060s][info][gc,marking     ] GC(579) Concurrent Clear Claimed Marks
[2951.060s][info][gc,marking     ] GC(579) Concurrent Clear Claimed Marks 0.023ms
[2951.060s][info][gc,marking     ] GC(579) Concurrent Cleanup for Next Mark
[2951.065s][info][gc,marking     ] GC(579) Concurrent Cleanup for Next Mark 4.712ms
[2951.065s][info][gc             ] GC(579) Concurrent Mark Cycle 1174.476ms
..|.[2953.543s][info][gc,start       ] GC(580) Pause Young (Prepare Mixed) (G1 Evacuation Pause)
[2953.543s][info][gc,task        ] GC(580) Using 6 workers of 6 for evacuation
[2953.659s][info][gc,phases      ] GC(580)   Pre Evacuate Collection Set: 0.36ms
[2953.659s][info][gc,phases      ] GC(580)   Merge Heap Roots: 0.51ms
[2953.659s][info][gc,phases      ] GC(580)   Evacuate Collection Set: 113.35ms
[2953.659s][info][gc,phases      ] GC(580)   Post Evacuate Collection Set: 0.92ms
[2953.659s][info][gc,phases      ] GC(580)   Other: 0.09ms
[2953.659s][info][gc,heap        ] GC(580) Eden regions: 1116->0(1109)
[2953.659s][info][gc,heap        ] GC(580) Survivor regions: 112->109(154)
[2953.659s][info][gc,heap        ] GC(580) Old regions: 507->538
[2953.659s][info][gc,heap        ] GC(580) Humongous regions: 80->80
[2953.659s][info][gc,metaspace   ] GC(580) Metaspace: 28956K(29312K)->28956K(29312K) NonClass: 24078K(24256K)->24078K(24256K) Class: 4877K(5056K)->4877K(5056K)
[2953.659s][info][gc             ] GC(580) Pause Young (Prepare Mixed) (G1 Evacuation Pause) 3628M->1452M(4096M) 115.357ms
[2953.659s][info][gc,cpu         ] GC(580) User=0.68s Sys=0.00s Real=0.11s
....[2957.303s][info][gc,start       ] GC(581) Pause Young (Mixed) (G1 Evacuation Pause)
[2957.303s][info][gc,task        ] GC(581) Using 6 workers of 6 for evacuation
[2957.438s][info][gc,phases      ] GC(581)   Pre Evacuate Collection Set: 0.37ms
[2957.438s][info][gc,phases      ] GC(581)   Merge Heap Roots: 0.63ms
[2957.438s][info][gc,phases      ] GC(581)   Evacuate Collection Set: 132.88ms
[2957.438s][info][gc,phases      ] GC(581)   Post Evacuate Collection Set: 0.92ms
[2957.438s][info][gc,phases      ] GC(581)   Other: 0.09ms
[2957.438s][info][gc,heap        ] GC(581) Eden regions: 1109->0(1117)
[2957.438s][info][gc,heap        ] GC(581) Survivor regions: 109->111(153)
[2957.438s][info][gc,heap        ] GC(581) Old regions: 538->471
[2957.438s][info][gc,heap        ] GC(581) Humongous regions: 80->80
[2957.438s][info][gc,metaspace   ] GC(581) Metaspace: 28956K(29312K)->28956K(29312K) NonClass: 24078K(24256K)->24078K(24256K) Class: 4877K(5056K)->4877K(5056K)
[2957.438s][info][gc             ] GC(581) Pause Young (Mixed) (G1 Evacuation Pause) 3670M->1322M(4096M) 135.017ms
[2957.438s][info][gc,cpu         ] GC(581) User=0.80s Sys=0.00s Real=0.13s
...[2961.004s][info][gc,start       ] GC(582) Pause Young (Concurrent Start) (G1 Evacuation Pause)
[2961.004s][info][gc,task        ] GC(582) Using 6 workers of 6 for evacuation
[2961.124s][info][gc,phases      ] GC(582)   Pre Evacuate Collection Set: 0.35ms
[2961.124s][info][gc,phases      ] GC(582)   Merge Heap Roots: 0.46ms
[2961.124s][info][gc,phases      ] GC(582)   Evacuate Collection Set: 118.29ms
[2961.124s][info][gc,phases      ] GC(582)   Post Evacuate Collection Set: 0.86ms
[2961.124s][info][gc,phases      ] GC(582)   Other: 0.11ms
[2961.124s][info][gc,heap        ] GC(582) Eden regions: 1117->0(1116)
[2961.124s][info][gc,heap        ] GC(582) Survivor regions: 111->112(154)
[2961.124s][info][gc,heap        ] GC(582) Old regions: 471->504
[2961.124s][info][gc,heap        ] GC(582) Humongous regions: 80->80
[2961.124s][info][gc,metaspace   ] GC(582) Metaspace: 28956K(29312K)->28956K(29312K) NonClass: 24078K(24256K)->24078K(24256K) Class: 4877K(5056K)->4877K(5056K)
[2961.124s][info][gc             ] GC(582) Pause Young (Concurrent Start) (G1 Evacuation Pause) 3556M->1389M(4096M) 120.195ms
[2961.124s][info][gc             ] GC(583) Concurrent Mark Cycle
[2961.124s][info][gc,marking     ] GC(583) Concurrent Scan Root Regions
[2961.124s][info][gc,cpu         ] GC(582) User=0.71s Sys=0.00s Real=0.12s
.[2961.306s][info][gc,marking     ] GC(583) Concurrent Scan Root Regions 182.646ms
[2961.306s][info][gc,marking     ] GC(583) Concurrent Mark
[2961.306s][info][gc,marking     ] GC(583) Concurrent Mark From Roots
[2961.306s][info][gc,task        ] GC(583) Using 2 workers of 2 for marking
[2962.231s][info][gc,marking     ] GC(583) Concurrent Mark From Roots 924.181ms
[2962.231s][info][gc,marking     ] GC(583) Concurrent Preclean
[2962.231s][info][gc,marking     ] GC(583) Concurrent Preclean 0.108ms
[2962.232s][info][gc,start       ] GC(583) Pause Remark
[2962.238s][info][gc             ] GC(583) Pause Remark 2065M->2065M(4096M) 6.141ms
[2962.238s][info][gc,cpu         ] GC(583) User=0.03s Sys=0.00s Real=0.00s
[2962.238s][info][gc,marking     ] GC(583) Concurrent Mark 931.855ms
[2962.238s][info][gc,marking     ] GC(583) Concurrent Rebuild Remembered Sets and Scrub Regions
.[2962.535s][info][gc,marking     ] GC(583) Concurrent Rebuild Remembered Sets and Scrub Regions 296.428ms
[2962.535s][info][gc,start       ] GC(583) Pause Cleanup
[2962.535s][info][gc             ] GC(583) Pause Cleanup 2238M->2238M(4096M) 0.113ms
[2962.535s][info][gc,cpu         ] GC(583) User=0.00s Sys=0.00s Real=0.00s
[2962.535s][info][gc,marking     ] GC(583) Concurrent Clear Claimed Marks
[2962.535s][info][gc,marking     ] GC(583) Concurrent Clear Claimed Marks 0.034ms
[2962.535s][info][gc,marking     ] GC(583) Concurrent Cleanup for Next Mark
[2962.539s][info][gc,marking     ] GC(583) Concurrent Cleanup for Next Mark 3.732ms
[2962.539s][info][gc             ] GC(583) Concurrent Mark Cycle 1415.128ms
..[2964.822s][info][gc,start       ] GC(584) Pause Young (Prepare Mixed) (G1 Evacuation Pause)
[2964.822s][info][gc,task        ] GC(584) Using 6 workers of 6 for evacuation
[2964.939s][info][gc,phases      ] GC(584)   Pre Evacuate Collection Set: 0.32ms
[2964.939s][info][gc,phases      ] GC(584)   Merge Heap Roots: 0.51ms
[2964.939s][info][gc,phases      ] GC(584)   Evacuate Collection Set: 115.18ms
[2964.939s][info][gc,phases      ] GC(584)   Post Evacuate Collection Set: 0.94ms
[2964.939s][info][gc,phases      ] GC(584)   Other: 0.09ms
[2964.939s][info][gc,heap        ] GC(584) Eden regions: 1116->0(1109)
[2964.939s][info][gc,heap        ] GC(584) Survivor regions: 112->110(154)
[2964.939s][info][gc,heap        ] GC(584) Old regions: 504->536
[2964.939s][info][gc,heap        ] GC(584) Humongous regions: 80->80
[2964.939s][info][gc,metaspace   ] GC(584) Metaspace: 28956K(29312K)->28956K(29312K) NonClass: 24078K(24256K)->24078K(24256K) Class: 4877K(5056K)->4877K(5056K)
[2964.939s][info][gc             ] GC(584) Pause Young (Prepare Mixed) (G1 Evacuation Pause) 3621M->1449M(4096M) 117.180ms
[2964.939s][info][gc,cpu         ] GC(584) User=0.70s Sys=0.00s Real=0.11s
....[2968.616s][info][gc,start       ] GC(585) Pause Young (Mixed) (G1 Evacuation Pause)
[2968.616s][info][gc,task        ] GC(585) Using 6 workers of 6 for evacuation
[2968.750s][info][gc,phases      ] GC(585)   Pre Evacuate Collection Set: 0.40ms
[2968.750s][info][gc,phases      ] GC(585)   Merge Heap Roots: 0.76ms
[2968.750s][info][gc,phases      ] GC(585)   Evacuate Collection Set: 131.14ms
[2968.750s][info][gc,phases      ] GC(585)   Post Evacuate Collection Set: 0.94ms
[2968.750s][info][gc,phases      ] GC(585)   Other: 0.10ms
[2968.750s][info][gc,heap        ] GC(585) Eden regions: 1109->0(1121)
[2968.750s][info][gc,heap        ] GC(585) Survivor regions: 110->107(153)
[2968.750s][info][gc,heap        ] GC(585) Old regions: 536->474
[2968.750s][info][gc,heap        ] GC(585) Humongous regions: 80->80
[2968.750s][info][gc,metaspace   ] GC(585) Metaspace: 28956K(29312K)->28956K(29312K) NonClass: 24078K(24256K)->24078K(24256K) Class: 4877K(5056K)->4877K(5056K)
[2968.750s][info][gc             ] GC(585) Pause Young (Mixed) (G1 Evacuation Pause) 3667M->1321M(4096M) 133.467ms
[2968.750s][info][gc,cpu         ] GC(585) User=0.79s Sys=0.00s Real=0.13s
....[2972.406s][info][gc,start       ] GC(586) Pause Young (Concurrent Start) (G1 Evacuation Pause)
[2972.406s][info][gc,task        ] GC(586) Using 6 workers of 6 for evacuation
[2972.521s][info][gc,phases      ] GC(586)   Pre Evacuate Collection Set: 0.39ms
[2972.521s][info][gc,phases      ] GC(586)   Merge Heap Roots: 0.47ms
[2972.521s][info][gc,phases      ] GC(586)   Evacuate Collection Set: 113.77ms
[2972.521s][info][gc,phases      ] GC(586)   Post Evacuate Collection Set: 0.88ms
[2972.521s][info][gc,phases      ] GC(586)   Other: 0.11ms
[2972.522s][info][gc,heap        ] GC(586) Eden regions: 1121->0(1120)
[2972.522s][info][gc,heap        ] GC(586) Survivor regions: 107->108(154)
[2972.522s][info][gc,heap        ] GC(586) Old regions: 474->506
[2972.522s][info][gc,heap        ] GC(586) Humongous regions: 80->80
[2972.522s][info][gc,metaspace   ] GC(586) Metaspace: 28956K(29312K)->28956K(29312K) NonClass: 24078K(24256K)->24078K(24256K) Class: 4877K(5056K)->4877K(5056K)
[2972.522s][info][gc             ] GC(586) Pause Young (Concurrent Start) (G1 Evacuation Pause) 3563M->1386M(4096M) 115.774ms
[2972.522s][info][gc             ] GC(587) Concurrent Mark Cycle
[2972.522s][info][gc,marking     ] GC(587) Concurrent Scan Root Regions
[2972.522s][info][gc,cpu         ] GC(586) User=0.69s Sys=0.00s Real=0.12s
[2972.701s][info][gc,marking     ] GC(587) Concurrent Scan Root Regions 179.419ms
[2972.701s][info][gc,marking     ] GC(587) Concurrent Mark
[2972.701s][info][gc,marking     ] GC(587) Concurrent Mark From Roots
[2972.701s][info][gc,task        ] GC(587) Using 2 workers of 2 for marking
.[2973.667s][info][gc,marking     ] GC(587) Concurrent Mark From Roots 966.002ms
[2973.667s][info][gc,marking     ] GC(587) Concurrent Preclean
[2973.667s][info][gc,marking     ] GC(587) Concurrent Preclean 0.102ms
[2973.670s][info][gc,start       ] GC(587) Pause Remark
[2973.676s][info][gc             ] GC(587) Pause Remark 2116M->2116M(4096M) 6.169ms
[2973.676s][info][gc,cpu         ] GC(587) User=0.03s Sys=0.00s Real=0.01s
[2973.677s][info][gc,marking     ] GC(587) Concurrent Mark 975.545ms
[2973.677s][info][gc,marking     ] GC(587) Concurrent Rebuild Remembered Sets and Scrub Regions
[2974.025s][info][gc,marking     ] GC(587) Concurrent Rebuild Remembered Sets and Scrub Regions 348.633ms
[2974.026s][info][gc,start       ] GC(587) Pause Cleanup
[2974.026s][info][gc             ] GC(587) Pause Cleanup 2330M->2330M(4096M) 0.120ms
[2974.026s][info][gc,cpu         ] GC(587) User=0.00s Sys=0.00s Real=0.00s
[2974.026s][info][gc,marking     ] GC(587) Concurrent Clear Claimed Marks
[2974.026s][info][gc,marking     ] GC(587) Concurrent Clear Claimed Marks 0.031ms
[2974.026s][info][gc,marking     ] GC(587) Concurrent Cleanup for Next Mark
[2974.030s][info][gc,marking     ] GC(587) Concurrent Cleanup for Next Mark 3.954ms
[2974.030s][info][gc             ] GC(587) Concurrent Mark Cycle 1508.669ms
..[2976.192s][info][gc,start       ] GC(588) Pause Young (Prepare Mixed) (G1 Evacuation Pause)
[2976.192s][info][gc,task        ] GC(588) Using 6 workers of 6 for evacuation
[2976.309s][info][gc,phases      ] GC(588)   Pre Evacuate Collection Set: 0.31ms
[2976.309s][info][gc,phases      ] GC(588)   Merge Heap Roots: 0.46ms
[2976.309s][info][gc,phases      ] GC(588)   Evacuate Collection Set: 115.67ms
[2976.309s][info][gc,phases      ] GC(588)   Post Evacuate Collection Set: 0.86ms
[2976.309s][info][gc,phases      ] GC(588)   Other: 0.09ms
[2976.309s][info][gc,heap        ] GC(588) Eden regions: 1120->0(1108)
[2976.309s][info][gc,heap        ] GC(588) Survivor regions: 108->110(154)
[2976.309s][info][gc,heap        ] GC(588) Old regions: 506->537
[2976.309s][info][gc,heap        ] GC(588) Humongous regions: 80->80
[2976.309s][info][gc,metaspace   ] GC(588) Metaspace: 28956K(29312K)->28956K(29312K) NonClass: 24078K(24256K)->24078K(24256K) Class: 4877K(5056K)->4877K(5056K)
[2976.309s][info][gc             ] GC(588) Pause Young (Prepare Mixed) (G1 Evacuation Pause) 3626M->1453M(4096M) 117.518ms
[2976.309s][info][gc,cpu         ] GC(588) User=0.70s Sys=0.00s Real=0.11s
....[2979.948s][info][gc,start       ] GC(589) Pause Young (Mixed) (G1 Evacuation Pause)
[2979.948s][info][gc,task        ] GC(589) Using 6 workers of 6 for evacuation
[2980.078s][info][gc,phases      ] GC(589)   Pre Evacuate Collection Set: 0.38ms
[2980.078s][info][gc,phases      ] GC(589)   Merge Heap Roots: 0.61ms
[2980.078s][info][gc,phases      ] GC(589)   Evacuate Collection Set: 128.41ms
[2980.078s][info][gc,phases      ] GC(589)   Post Evacuate Collection Set: 0.91ms
[2980.078s][info][gc,phases      ] GC(589)   Other: 0.08ms
[2980.078s][info][gc,heap        ] GC(589) Eden regions: 1108->0(1119)
[2980.078s][info][gc,heap        ] GC(589) Survivor regions: 110->109(153)
[2980.078s][info][gc,heap        ] GC(589) Old regions: 537->472
[2980.078s][info][gc,heap        ] GC(589) Humongous regions: 80->80
[2980.078s][info][gc,metaspace   ] GC(589) Metaspace: 28956K(29312K)->28956K(29312K) NonClass: 24078K(24256K)->24078K(24256K) Class: 4877K(5056K)->4877K(5056K)
[2980.078s][info][gc             ] GC(589) Pause Young (Mixed) (G1 Evacuation Pause) 3669M->1320M(4096M) 130.533ms
[2980.078s][info][gc,cpu         ] GC(589) User=0.78s Sys=0.00s Real=0.13s
....[2983.756s][info][gc,start       ] GC(590) Pause Young (Concurrent Start) (G1 Evacuation Pause)
[2983.756s][info][gc,task        ] GC(590) Using 6 workers of 6 for evacuation
[2983.872s][info][gc,phases      ] GC(590)   Pre Evacuate Collection Set: 0.36ms
[2983.872s][info][gc,phases      ] GC(590)   Merge Heap Roots: 0.51ms
[2983.872s][info][gc,phases      ] GC(590)   Evacuate Collection Set: 114.48ms
[2983.872s][info][gc,phases      ] GC(590)   Post Evacuate Collection Set: 0.91ms
[2983.872s][info][gc,phases      ] GC(590)   Other: 0.10ms
[2983.872s][info][gc,heap        ] GC(590) Eden regions: 1119->0(1120)
[2983.872s][info][gc,heap        ] GC(590) Survivor regions: 109->108(154)
[2983.872s][info][gc,heap        ] GC(590) Old regions: 472->505
[2983.872s][info][gc,heap        ] GC(590) Humongous regions: 80->80
[2983.872s][info][gc,metaspace   ] GC(590) Metaspace: 28956K(29312K)->28956K(29312K) NonClass: 24078K(24256K)->24078K(24256K) Class: 4877K(5056K)->4877K(5056K)
[2983.872s][info][gc             ] GC(590) Pause Young (Concurrent Start) (G1 Evacuation Pause) 3558M->1384M(4096M) 116.496ms
[2983.872s][info][gc             ] GC(591) Concurrent Mark Cycle
[2983.872s][info][gc,marking     ] GC(591) Concurrent Scan Root Regions
[2983.872s][info][gc,cpu         ] GC(590) User=0.70s Sys=0.00s Real=0.12s
[2984.058s][info][gc,marking     ] GC(591) Concurrent Scan Root Regions 186.090ms
[2984.058s][info][gc,marking     ] GC(591) Concurrent Mark
[2984.058s][info][gc,marking     ] GC(591) Concurrent Mark From Roots
[2984.058s][info][gc,task        ] GC(591) Using 2 workers of 2 for marking
.[2984.770s][info][gc,marking     ] GC(591) Concurrent Mark From Roots 711.205ms
[2984.770s][info][gc,marking     ] GC(591) Concurrent Preclean
[2984.770s][info][gc,marking     ] GC(591) Concurrent Preclean 0.102ms
[2984.770s][info][gc,start       ] GC(591) Pause Remark
[2984.775s][info][gc             ] GC(591) Pause Remark 1965M->1965M(4096M) 4.690ms
[2984.775s][info][gc,cpu         ] GC(591) User=0.03s Sys=0.00s Real=0.01s
[2984.776s][info][gc,marking     ] GC(591) Concurrent Mark 717.054ms
[2984.776s][info][gc,marking     ] GC(591) Concurrent Rebuild Remembered Sets and Scrub Regions
[2985.045s][info][gc,marking     ] GC(591) Concurrent Rebuild Remembered Sets and Scrub Regions 269.116ms
[2985.045s][info][gc,start       ] GC(591) Pause Cleanup
[2985.045s][info][gc             ] GC(591) Pause Cleanup 2129M->2129M(4096M) 0.105ms
[2985.045s][info][gc,cpu         ] GC(591) User=0.00s Sys=0.00s Real=0.00s
[2985.045s][info][gc,marking     ] GC(591) Concurrent Clear Claimed Marks
[2985.045s][info][gc,marking     ] GC(591) Concurrent Clear Claimed Marks 0.029ms
[2985.045s][info][gc,marking     ] GC(591) Concurrent Cleanup for Next Mark
[2985.049s][info][gc,marking     ] GC(591) Concurrent Cleanup for Next Mark 3.881ms
[2985.049s][info][gc             ] GC(591) Concurrent Mark Cycle 1176.654ms
...[2987.563s][info][gc,start       ] GC(592) Pause Young (Prepare Mixed) (G1 Evacuation Pause)
[2987.563s][info][gc,task        ] GC(592) Using 6 workers of 6 for evacuation
[2987.678s][info][gc,phases      ] GC(592)   Pre Evacuate Collection Set: 0.32ms
[2987.678s][info][gc,phases      ] GC(592)   Merge Heap Roots: 0.47ms
[2987.678s][info][gc,phases      ] GC(592)   Evacuate Collection Set: 113.27ms
[2987.678s][info][gc,phases      ] GC(592)   Post Evacuate Collection Set: 0.90ms
[2987.678s][info][gc,phases      ] GC(592)   Other: 0.09ms
[2987.678s][info][gc,heap        ] GC(592) Eden regions: 1120->0(1111)
[2987.678s][info][gc,heap        ] GC(592) Survivor regions: 108->109(154)
[2987.678s][info][gc,heap        ] GC(592) Old regions: 505->536
[2987.678s][info][gc,heap        ] GC(592) Humongous regions: 80->80
[2987.678s][info][gc,metaspace   ] GC(592) Metaspace: 28956K(29312K)->28956K(29312K) NonClass: 24078K(24256K)->24078K(24256K) Class: 4877K(5056K)->4877K(5056K)
[2987.678s][info][gc             ] GC(592) Pause Young (Prepare Mixed) (G1 Evacuation Pause) 3624M->1447M(4096M) 115.193ms
[2987.678s][info][gc,cpu         ] GC(592) User=0.68s Sys=0.00s Real=0.11s
...[2991.334s][info][gc,start       ] GC(593) Pause Young (Mixed) (G1 Evacuation Pause)
[2991.334s][info][gc,task        ] GC(593) Using 6 workers of 6 for evacuation
[2991.464s][info][gc,phases      ] GC(593)   Pre Evacuate Collection Set: 0.39ms
[2991.464s][info][gc,phases      ] GC(593)   Merge Heap Roots: 0.64ms
[2991.464s][info][gc,phases      ] GC(593)   Evacuate Collection Set: 127.26ms
[2991.464s][info][gc,phases      ] GC(593)   Post Evacuate Collection Set: 0.93ms
[2991.464s][info][gc,phases      ] GC(593)   Other: 0.10ms
[2991.464s][info][gc,heap        ] GC(593) Eden regions: 1111->0(1120)
[2991.464s][info][gc,heap        ] GC(593) Survivor regions: 109->108(153)
[2991.464s][info][gc,heap        ] GC(593) Old regions: 536->474
[2991.464s][info][gc,heap        ] GC(593) Humongous regions: 80->80
[2991.464s][info][gc,metaspace   ] GC(593) Metaspace: 28956K(29312K)->28956K(29312K) NonClass: 24078K(24256K)->24078K(24256K) Class: 4877K(5056K)->4877K(5056K)
[2991.464s][info][gc             ] GC(593) Pause Young (Mixed) (G1 Evacuation Pause) 3669M->1321M(4096M) 129.447ms
[2991.464s][info][gc,cpu         ] GC(593) User=0.77s Sys=0.00s Real=0.13s
....[2995.138s][info][gc,start       ] GC(594) Pause Young (Concurrent Start) (G1 Evacuation Pause)
[2995.138s][info][gc,task        ] GC(594) Using 6 workers of 6 for evacuation
[2995.257s][info][gc,phases      ] GC(594)   Pre Evacuate Collection Set: 0.37ms
[2995.257s][info][gc,phases      ] GC(594)   Merge Heap Roots: 0.46ms
[2995.257s][info][gc,phases      ] GC(594)   Evacuate Collection Set: 116.97ms
[2995.257s][info][gc,phases      ] GC(594)   Post Evacuate Collection Set: 0.84ms
[2995.257s][info][gc,phases      ] GC(594)   Other: 0.11ms
[2995.257s][info][gc,heap        ] GC(594) Eden regions: 1120->0(1116)
[2995.257s][info][gc,heap        ] GC(594) Survivor regions: 108->112(154)
[2995.257s][info][gc,heap        ] GC(594) Old regions: 474->506
[2995.257s][info][gc,heap        ] GC(594) Humongous regions: 80->80
[2995.257s][info][gc,metaspace   ] GC(594) Metaspace: 28956K(29312K)->28956K(29312K) NonClass: 24078K(24256K)->24078K(24256K) Class: 4877K(5056K)->4877K(5056K)
[2995.257s][info][gc             ] GC(594) Pause Young (Concurrent Start) (G1 Evacuation Pause) 3561M->1393M(4096M) 118.866ms
[2995.257s][info][gc             ] GC(595) Concurrent Mark Cycle
[2995.257s][info][gc,marking     ] GC(595) Concurrent Scan Root Regions
[2995.257s][info][gc,cpu         ] GC(594) User=0.71s Sys=0.00s Real=0.12s
[2995.438s][info][gc,marking     ] GC(595) Concurrent Scan Root Regions 181.408ms
[2995.438s][info][gc,marking     ] GC(595) Concurrent Mark
[2995.438s][info][gc,marking     ] GC(595) Concurrent Mark From Roots
[2995.438s][info][gc,task        ] GC(595) Using 2 workers of 2 for marking
.[2996.363s][info][gc,marking     ] GC(595) Concurrent Mark From Roots 924.671ms
[2996.363s][info][gc,marking     ] GC(595) Concurrent Preclean
[2996.363s][info][gc,marking     ] GC(595) Concurrent Preclean 0.087ms
[2996.363s][info][gc,start       ] GC(595) Pause Remark
[2996.369s][info][gc             ] GC(595) Pause Remark 2129M->2129M(4096M) 6.158ms
[2996.370s][info][gc,cpu         ] GC(595) User=0.03s Sys=0.00s Real=0.00s
[2996.370s][info][gc,marking     ] GC(595) Concurrent Mark 931.133ms
[2996.370s][info][gc,marking     ] GC(595) Concurrent Rebuild Remembered Sets and Scrub Regions
.[2996.764s][info][gc,marking     ] GC(595) Concurrent Rebuild Remembered Sets and Scrub Regions 394.568ms
[2996.764s][info][gc,start       ] GC(595) Pause Cleanup
[2996.764s][info][gc             ] GC(595) Pause Cleanup 2373M->2373M(4096M) 0.102ms
[2996.764s][info][gc,cpu         ] GC(595) User=0.00s Sys=0.00s Real=0.00s
[2996.764s][info][gc,marking     ] GC(595) Concurrent Clear Claimed Marks
[2996.764s][info][gc,marking     ] GC(595) Concurrent Clear Claimed Marks 0.023ms
[2996.764s][info][gc,marking     ] GC(595) Concurrent Cleanup for Next Mark
[2996.768s][info][gc,marking     ] GC(595) Concurrent Cleanup for Next Mark 3.273ms
[2996.768s][info][gc             ] GC(595) Concurrent Mark Cycle 1510.757ms
..[2998.939s][info][gc,start       ] GC(596) Pause Young (Prepare Mixed) (G1 Evacuation Pause)
[2998.939s][info][gc,task        ] GC(596) Using 6 workers of 6 for evacuation
[2999.056s][info][gc,phases      ] GC(596)   Pre Evacuate Collection Set: 0.33ms
[2999.056s][info][gc,phases      ] GC(596)   Merge Heap Roots: 0.59ms
[2999.056s][info][gc,phases      ] GC(596)   Evacuate Collection Set: 114.93ms
[2999.056s][info][gc,phases      ] GC(596)   Post Evacuate Collection Set: 0.87ms
[2999.056s][info][gc,phases      ] GC(596)   Other: 0.08ms
[2999.056s][info][gc,heap        ] GC(596) Eden regions: 1116->0(1108)
[2999.056s][info][gc,heap        ] GC(596) Survivor regions: 112->110(154)
[2999.056s][info][gc,heap        ] GC(596) Old regions: 506->537
[2999.056s][info][gc,heap        ] GC(596) Humongous regions: 80->80
[2999.056s][info][gc,metaspace   ] GC(596) Metaspace: 28956K(29312K)->28956K(29312K) NonClass: 24078K(24256K)->24078K(24256K) Class: 4877K(5056K)->4877K(5056K)
[2999.056s][info][gc             ] GC(596) Pause Young (Prepare Mixed) (G1 Evacuation Pause) 3625M->1452M(4096M) 116.950ms
[2999.056s][info][gc,cpu         ] GC(596) User=0.69s Sys=0.00s Real=0.12s
....[3002.635s][info][gc,start       ] GC(597) Pause Young (Mixed) (G1 Evacuation Pause)
[3002.635s][info][gc,task        ] GC(597) Using 6 workers of 6 for evacuation
[3002.764s][info][gc,phases      ] GC(597)   Pre Evacuate Collection Set: 0.36ms
[3002.764s][info][gc,phases      ] GC(597)   Merge Heap Roots: 0.56ms
[3002.764s][info][gc,phases      ] GC(597)   Evacuate Collection Set: 127.09ms
[3002.764s][info][gc,phases      ] GC(597)   Post Evacuate Collection Set: 0.93ms
[3002.764s][info][gc,phases      ] GC(597)   Other: 0.09ms
[3002.764s][info][gc,heap        ] GC(597) Eden regions: 1108->0(1120)
[3002.764s][info][gc,heap        ] GC(597) Survivor regions: 110->108(153)
[3002.764s][info][gc,heap        ] GC(597) Old regions: 537->471
[3002.764s][info][gc,heap        ] GC(597) Humongous regions: 80->80
[3002.764s][info][gc,metaspace   ] GC(597) Metaspace: 28956K(29312K)->28956K(29312K) NonClass: 24078K(24256K)->24078K(24256K) Class: 4877K(5056K)->4877K(5056K)
[3002.764s][info][gc             ] GC(597) Pause Young (Mixed) (G1 Evacuation Pause) 3668M->1317M(4096M) 129.185ms
[3002.764s][info][gc,cpu         ] GC(597) User=0.77s Sys=0.00s Real=0.13s
...[3006.479s][info][gc,start       ] GC(598) Pause Young (Concurrent Start) (G1 Evacuation Pause)
[3006.479s][info][gc,task        ] GC(598) Using 6 workers of 6 for evacuation
[3006.597s][info][gc,phases      ] GC(598)   Pre Evacuate Collection Set: 0.36ms
[3006.597s][info][gc,phases      ] GC(598)   Merge Heap Roots: 0.50ms
[3006.597s][info][gc,phases      ] GC(598)   Evacuate Collection Set: 116.44ms
[3006.597s][info][gc,phases      ] GC(598)   Post Evacuate Collection Set: 0.85ms
[3006.597s][info][gc,phases      ] GC(598)   Other: 0.12ms
[3006.597s][info][gc,heap        ] GC(598) Eden regions: 1120->0(1118)
[3006.597s][info][gc,heap        ] GC(598) Survivor regions: 108->110(154)
[3006.597s][info][gc,heap        ] GC(598) Old regions: 471->504
[3006.597s][info][gc,heap        ] GC(598) Humongous regions: 80->80
[3006.597s][info][gc,metaspace   ] GC(598) Metaspace: 28956K(29312K)->28956K(29312K) NonClass: 24078K(24256K)->24078K(24256K) Class: 4877K(5056K)->4877K(5056K)
[3006.597s][info][gc             ] GC(598) Pause Young (Concurrent Start) (G1 Evacuation Pause) 3557M->1385M(4096M) 118.396ms
[3006.597s][info][gc             ] GC(599) Concurrent Mark Cycle
[3006.597s][info][gc,marking     ] GC(599) Concurrent Scan Root Regions
[3006.597s][info][gc,cpu         ] GC(598) User=0.71s Sys=0.00s Real=0.12s
.[3006.781s][info][gc,marking     ] GC(599) Concurrent Scan Root Regions 183.861ms
[3006.781s][info][gc,marking     ] GC(599) Concurrent Mark
[3006.781s][info][gc,marking     ] GC(599) Concurrent Mark From Roots
[3006.781s][info][gc,task        ] GC(599) Using 2 workers of 2 for marking
[3007.434s][info][gc,marking     ] GC(599) Concurrent Mark From Roots 653.270ms
[3007.435s][info][gc,marking     ] GC(599) Concurrent Preclean
[3007.435s][info][gc,marking     ] GC(599) Concurrent Preclean 0.100ms
[3007.435s][info][gc,start       ] GC(599) Pause Remark
[3007.439s][info][gc             ] GC(599) Pause Remark 1985M->1985M(4096M) 4.447ms
[3007.439s][info][gc,cpu         ] GC(599) User=0.03s Sys=0.00s Real=0.00s
[3007.439s][info][gc,marking     ] GC(599) Concurrent Mark 658.103ms
[3007.439s][info][gc,marking     ] GC(599) Concurrent Rebuild Remembered Sets and Scrub Regions
.[3007.668s][info][gc,marking     ] GC(599) Concurrent Rebuild Remembered Sets and Scrub Regions 228.701ms
[3007.669s][info][gc,start       ] GC(599) Pause Cleanup
[3007.669s][info][gc             ] GC(599) Pause Cleanup 2101M->2101M(4096M) 0.121ms
[3007.669s][info][gc,cpu         ] GC(599) User=0.00s Sys=0.00s Real=0.00s
[3007.669s][info][gc,marking     ] GC(599) Concurrent Clear Claimed Marks
[3007.669s][info][gc,marking     ] GC(599) Concurrent Clear Claimed Marks 0.030ms
[3007.669s][info][gc,marking     ] GC(599) Concurrent Cleanup for Next Mark
[3007.673s][info][gc,marking     ] GC(599) Concurrent Cleanup for Next Mark 3.762ms
[3007.673s][info][gc             ] GC(599) Concurrent Mark Cycle 1075.932ms
..[3010.296s][info][gc,start       ] GC(600) Pause Young (Prepare Mixed) (G1 Evacuation Pause)
[3010.296s][info][gc,task        ] GC(600) Using 6 workers of 6 for evacuation
[3010.410s][info][gc,phases      ] GC(600)   Pre Evacuate Collection Set: 0.34ms
[3010.410s][info][gc,phases      ] GC(600)   Merge Heap Roots: 0.48ms
[3010.410s][info][gc,phases      ] GC(600)   Evacuate Collection Set: 112.55ms
[3010.410s][info][gc,phases      ] GC(600)   Post Evacuate Collection Set: 0.91ms
[3010.410s][info][gc,phases      ] GC(600)   Other: 0.09ms
[3010.410s][info][gc,heap        ] GC(600) Eden regions: 1118->0(1113)
[3010.410s][info][gc,heap        ] GC(600) Survivor regions: 110->109(154)
[3010.410s][info][gc,heap        ] GC(600) Old regions: 504->534
[3010.410s][info][gc,heap        ] GC(600) Humongous regions: 80->80
[3010.410s][info][gc,metaspace   ] GC(600) Metaspace: 28956K(29312K)->28956K(29312K) NonClass: 24078K(24256K)->24078K(24256K) Class: 4877K(5056K)->4877K(5056K)
[3010.410s][info][gc             ] GC(600) Pause Young (Prepare Mixed) (G1 Evacuation Pause) 3621M->1444M(4096M) 114.500ms
[3010.410s][info][gc,cpu         ] GC(600) User=0.68s Sys=0.00s Real=0.11s
... (rIR:aIR:PR = 4981:4980:4980) (tPR = 73973) [OK] 
  3012s: Performance info:
         Transaction,    Success,    Partial,     Failed,   Receipts, AvgBarcode, 
             Overall,     300777,          0,          0,     285721,      59.48, 
         Response times:
             Request,    Success,    Partial,     Failed,   SkipFail,     Probes,    Samples,      min,      p50,      p90,      p95,      p99,      max, 
       TotalPurchase,     285721,          0,          0,          0,     280796,     300224,      300,     4000,     8300,    16500,    56000,   255000,
     InStorePurchase,     150347,          0,          0,          0,     147836,     157655,      300,     3800,     8100,    16400,    54000,   221000,
      OnlinePurchase,     105287,          0,          0,          0,     103663,     111185,      300,     4200,     8500,    16300,    57000,   163000,
        InstPurchase,      30087,          0,          0,          0,      29297,      31384,      500,     4400,     8700,    17400,    58000,   255000,
          AssocOfCat,        301,          0,          0,          0,        228,        309,    23000,    33000,    51000,    63500,   107700,   109000,
      AssocOfProduct,       3012,          0,          0,          0,       2669,       3023,     1100,     4900,     9600,    22800,    57040,   139000,
      BusinessReport,        755,          0,          0,          0,        658,        799,    25000,    36000,    55000,    69000,   141000,   200000,
          CustBuyBeh,       3011,          0,          0,          0,       2778,       3131,      200,     2200,     6080,     9840,    39360,   126000,
       ProductReturn,       7977,          0,          0,          0,       7593,       8365,      200,     2900,     6900,    14600,    49340,   144000,

  3012s: (37%)   IR =   5120 .[3013.912s][info][gc,start       ] GC(601) Pause Young (Mixed) (G1 Evacuation Pause)
[3013.912s][info][gc,task        ] GC(601) Using 6 workers of 6 for evacuation
[3014.049s][info][gc,phases      ] GC(601)   Pre Evacuate Collection Set: 0.35ms
[3014.049s][info][gc,phases      ] GC(601)   Merge Heap Roots: 0.67ms
[3014.049s][info][gc,phases      ] GC(601)   Evacuate Collection Set: 134.39ms
[3014.049s][info][gc,phases      ] GC(601)   Post Evacuate Collection Set: 0.95ms
[3014.049s][info][gc,phases      ] GC(601)   Other: 0.08ms
[3014.049s][info][gc,heap        ] GC(601) Eden regions: 1113->0(1118)
[3014.049s][info][gc,heap        ] GC(601) Survivor regions: 109->110(153)
[3014.049s][info][gc,heap        ] GC(601) Old regions: 534->473
[3014.049s][info][gc,heap        ] GC(601) Humongous regions: 80->80
[3014.049s][info][gc,metaspace   ] GC(601) Metaspace: 28956K(29312K)->28956K(29312K) NonClass: 24078K(24256K)->24078K(24256K) Class: 4877K(5056K)->4877K(5056K)
[3014.049s][info][gc             ] GC(601) Pause Young (Mixed) (G1 Evacuation Pause) 3670M->1324M(4096M) 136.565ms
[3014.049s][info][gc,cpu         ] GC(601) User=0.82s Sys=0.00s Real=0.13s
...[3017.650s][info][gc,start       ] GC(602) Pause Young (Concurrent Start) (G1 Evacuation Pause)
[3017.650s][info][gc,task        ] GC(602) Using 6 workers of 6 for evacuation
[3017.768s][info][gc,phases      ] GC(602)   Pre Evacuate Collection Set: 0.35ms
[3017.768s][info][gc,phases      ] GC(602)   Merge Heap Roots: 0.47ms
[3017.768s][info][gc,phases      ] GC(602)   Evacuate Collection Set: 116.19ms
[3017.768s][info][gc,phases      ] GC(602)   Post Evacuate Collection Set: 0.91ms
[3017.768s][info][gc,phases      ] GC(602)   Other: 0.12ms
[3017.768s][info][gc,heap        ] GC(602) Eden regions: 1118->0(1117)
[3017.768s][info][gc,heap        ] GC(602) Survivor regions: 110->111(154)
[3017.768s][info][gc,heap        ] GC(602) Old regions: 473->505
[3017.768s][info][gc,heap        ] GC(602) Humongous regions: 80->80
[3017.768s][info][gc,metaspace   ] GC(602) Metaspace: 28956K(29312K)->28956K(29312K) NonClass: 24078K(24256K)->24078K(24256K) Class: 4877K(5056K)->4877K(5056K)
[3017.768s][info][gc             ] GC(602) Pause Young (Concurrent Start) (G1 Evacuation Pause) 3560M->1389M(4096M) 118.167ms
[3017.768s][info][gc             ] GC(603) Concurrent Mark Cycle
[3017.768s][info][gc,marking     ] GC(603) Concurrent Scan Root Regions
[3017.768s][info][gc,cpu         ] GC(602) User=0.70s Sys=0.00s Real=0.12s
.[3017.893s][info][gc,marking     ] GC(603) Concurrent Scan Root Regions 125.081ms
[3017.893s][info][gc,marking     ] GC(603) Concurrent Mark
[3017.893s][info][gc,marking     ] GC(603) Concurrent Mark From Roots
[3017.893s][info][gc,task        ] GC(603) Using 2 workers of 2 for marking
[3018.543s][info][gc,marking     ] GC(603) Concurrent Mark From Roots 649.907ms
[3018.543s][info][gc,marking     ] GC(603) Concurrent Preclean
[3018.543s][info][gc,marking     ] GC(603) Concurrent Preclean 0.092ms
[3018.543s][info][gc,start       ] GC(603) Pause Remark
[3018.548s][info][gc             ] GC(603) Pause Remark 1895M->1895M(4096M) 4.707ms
[3018.548s][info][gc,cpu         ] GC(603) User=0.03s Sys=0.00s Real=0.00s
[3018.548s][info][gc,marking     ] GC(603) Concurrent Mark 654.970ms
[3018.548s][info][gc,marking     ] GC(603) Concurrent Rebuild Remembered Sets and Scrub Regions
.[3018.900s][info][gc,marking     ] GC(603) Concurrent Rebuild Remembered Sets and Scrub Regions 351.571ms
[3018.900s][info][gc,start       ] GC(603) Pause Cleanup
[3018.900s][info][gc             ] GC(603) Pause Cleanup 2154M->2154M(4096M) 0.112ms
[3018.900s][info][gc,cpu         ] GC(603) User=0.00s Sys=0.00s Real=0.00s
[3018.900s][info][gc,marking     ] GC(603) Concurrent Clear Claimed Marks
[3018.900s][info][gc,marking     ] GC(603) Concurrent Clear Claimed Marks 0.032ms
[3018.900s][info][gc,marking     ] GC(603) Concurrent Cleanup for Next Mark
[3018.903s][info][gc,marking     ] GC(603) Concurrent Cleanup for Next Mark 3.447ms
[3018.903s][info][gc             ] GC(603) Concurrent Mark Cycle 1135.560ms
..|[3021.335s][info][gc,start       ] GC(604) Pause Young (Prepare Mixed) (G1 Evacuation Pause)
[3021.335s][info][gc,task        ] GC(604) Using 6 workers of 6 for evacuation
[3021.450s][info][gc,phases      ] GC(604)   Pre Evacuate Collection Set: 0.35ms
[3021.450s][info][gc,phases      ] GC(604)   Merge Heap Roots: 0.48ms
[3021.450s][info][gc,phases      ] GC(604)   Evacuate Collection Set: 112.22ms
[3021.450s][info][gc,phases      ] GC(604)   Post Evacuate Collection Set: 0.92ms
[3021.450s][info][gc,phases      ] GC(604)   Other: 0.09ms
[3021.450s][info][gc,heap        ] GC(604) Eden regions: 1117->0(1114)
[3021.450s][info][gc,heap        ] GC(604) Survivor regions: 111->108(154)
[3021.450s][info][gc,heap        ] GC(604) Old regions: 505->535
[3021.450s][info][gc,heap        ] GC(604) Humongous regions: 80->80
[3021.450s][info][gc,metaspace   ] GC(604) Metaspace: 28956K(29312K)->28956K(29312K) NonClass: 24078K(24256K)->24078K(24256K) Class: 4877K(5056K)->4877K(5056K)
[3021.450s][info][gc             ] GC(604) Pause Young (Prepare Mixed) (G1 Evacuation Pause) 3623M->1445M(4096M) 114.191ms
[3021.450s][info][gc,cpu         ] GC(604) User=0.68s Sys=0.00s Real=0.11s
....[3025.052s][info][gc,start       ] GC(605) Pause Young (Mixed) (G1 Evacuation Pause)
[3025.052s][info][gc,task        ] GC(605) Using 6 workers of 6 for evacuation
[3025.186s][info][gc,phases      ] GC(605)   Pre Evacuate Collection Set: 0.35ms
[3025.186s][info][gc,phases      ] GC(605)   Merge Heap Roots: 0.64ms
[3025.186s][info][gc,phases      ] GC(605)   Evacuate Collection Set: 131.33ms
[3025.186s][info][gc,phases      ] GC(605)   Post Evacuate Collection Set: 0.91ms
[3025.186s][info][gc,phases      ] GC(605)   Other: 0.09ms
[3025.186s][info][gc,heap        ] GC(605) Eden regions: 1114->0(1117)
[3025.186s][info][gc,heap        ] GC(605) Survivor regions: 108->111(153)
[3025.186s][info][gc,heap        ] GC(605) Old regions: 535->472
[3025.186s][info][gc,heap        ] GC(605) Humongous regions: 80->80
[3025.186s][info][gc,metaspace   ] GC(605) Metaspace: 28956K(29312K)->28956K(29312K) NonClass: 24078K(24256K)->24078K(24256K) Class: 4877K(5056K)->4877K(5056K)
[3025.186s][info][gc             ] GC(605) Pause Young (Mixed) (G1 Evacuation Pause) 3673M->1324M(4096M) 133.444ms
[3025.186s][info][gc,cpu         ] GC(605) User=0.80s Sys=0.00s Real=0.13s
...[3028.708s][info][gc,start       ] GC(606) Pause Young (Concurrent Start) (G1 Evacuation Pause)
[3028.708s][info][gc,task        ] GC(606) Using 6 workers of 6 for evacuation
[3028.825s][info][gc,phases      ] GC(606)   Pre Evacuate Collection Set: 0.35ms
[3028.825s][info][gc,phases      ] GC(606)   Merge Heap Roots: 0.47ms
[3028.825s][info][gc,phases      ] GC(606)   Evacuate Collection Set: 115.12ms
[3028.825s][info][gc,phases      ] GC(606)   Post Evacuate Collection Set: 0.86ms
[3028.825s][info][gc,phases      ] GC(606)   Other: 0.10ms
[3028.825s][info][gc,heap        ] GC(606) Eden regions: 1117->0(1118)
[3028.825s][info][gc,heap        ] GC(606) Survivor regions: 111->110(154)
[3028.825s][info][gc,heap        ] GC(606) Old regions: 472->504
[3028.825s][info][gc,heap        ] GC(606) Humongous regions: 80->80
[3028.825s][info][gc,metaspace   ] GC(606) Metaspace: 28956K(29312K)->28956K(29312K) NonClass: 24078K(24256K)->24078K(24256K) Class: 4877K(5056K)->4877K(5056K)
[3028.825s][info][gc             ] GC(606) Pause Young (Concurrent Start) (G1 Evacuation Pause) 3558M->1386M(4096M) 117.045ms
[3028.825s][info][gc             ] GC(607) Concurrent Mark Cycle
[3028.825s][info][gc,marking     ] GC(607) Concurrent Scan Root Regions
[3028.825s][info][gc,cpu         ] GC(606) User=0.70s Sys=0.00s Real=0.12s
.[3029.008s][info][gc,marking     ] GC(607) Concurrent Scan Root Regions 183.115ms
[3029.008s][info][gc,marking     ] GC(607) Concurrent Mark
[3029.008s][info][gc,marking     ] GC(607) Concurrent Mark From Roots
[3029.008s][info][gc,task        ] GC(607) Using 2 workers of 2 for marking
[3029.758s][info][gc,marking     ] GC(607) Concurrent Mark From Roots 749.260ms
[3029.758s][info][gc,marking     ] GC(607) Concurrent Preclean
[3029.758s][info][gc,marking     ] GC(607) Concurrent Preclean 0.096ms
[3029.759s][info][gc,start       ] GC(607) Pause Remark
[3029.764s][info][gc             ] GC(607) Pause Remark 2018M->2018M(4096M) 5.301ms
[3029.764s][info][gc,cpu         ] GC(607) User=0.03s Sys=0.00s Real=0.01s
[3029.764s][info][gc,marking     ] GC(607) Concurrent Mark 756.140ms
[3029.764s][info][gc,marking     ] GC(607) Concurrent Rebuild Remembered Sets and Scrub Regions
.[3030.017s][info][gc,marking     ] GC(607) Concurrent Rebuild Remembered Sets and Scrub Regions 252.805ms
[3030.017s][info][gc,start       ] GC(607) Pause Cleanup
[3030.017s][info][gc             ] GC(607) Pause Cleanup 2154M->2154M(4096M) 0.095ms
[3030.017s][info][gc,cpu         ] GC(607) User=0.00s Sys=0.00s Real=0.00s
[3030.017s][info][gc,marking     ] GC(607) Concurrent Clear Claimed Marks
[3030.017s][info][gc,marking     ] GC(607) Concurrent Clear Claimed Marks 0.025ms
[3030.017s][info][gc,marking     ] GC(607) Concurrent Cleanup for Next Mark
[3030.022s][info][gc,marking     ] GC(607) Concurrent Cleanup for Next Mark 4.658ms
[3030.022s][info][gc             ] GC(607) Concurrent Mark Cycle 1197.156ms
..[3032.450s][info][gc,start       ] GC(608) Pause Young (Prepare Mixed) (G1 Evacuation Pause)
[3032.450s][info][gc,task        ] GC(608) Using 6 workers of 6 for evacuation
[3032.569s][info][gc,phases      ] GC(608)   Pre Evacuate Collection Set: 0.36ms
[3032.569s][info][gc,phases      ] GC(608)   Merge Heap Roots: 0.55ms
[3032.569s][info][gc,phases      ] GC(608)   Evacuate Collection Set: 116.43ms
[3032.569s][info][gc,phases      ] GC(608)   Post Evacuate Collection Set: 0.88ms
[3032.569s][info][gc,phases      ] GC(608)   Other: 0.08ms
[3032.569s][info][gc,heap        ] GC(608) Eden regions: 1118->0(1107)
[3032.569s][info][gc,heap        ] GC(608) Survivor regions: 110->111(154)
[3032.569s][info][gc,heap        ] GC(608) Old regions: 504->536
[3032.569s][info][gc,heap        ] GC(608) Humongous regions: 80->80
[3032.569s][info][gc,metaspace   ] GC(608) Metaspace: 28956K(29312K)->28956K(29312K) NonClass: 24078K(24256K)->24078K(24256K) Class: 4877K(5056K)->4877K(5056K)
[3032.569s][info][gc             ] GC(608) Pause Young (Prepare Mixed) (G1 Evacuation Pause) 3622M->1452M(4096M) 118.439ms
[3032.569s][info][gc,cpu         ] GC(608) User=0.70s Sys=0.00s Real=0.12s
....[3036.049s][info][gc,start       ] GC(609) Pause Young (Mixed) (G1 Evacuation Pause)
[3036.049s][info][gc,task        ] GC(609) Using 6 workers of 6 for evacuation
[3036.178s][info][gc,phases      ] GC(609)   Pre Evacuate Collection Set: 0.36ms
[3036.178s][info][gc,phases      ] GC(609)   Merge Heap Roots: 0.56ms
[3036.178s][info][gc,phases      ] GC(609)   Evacuate Collection Set: 127.47ms
[3036.178s][info][gc,phases      ] GC(609)   Post Evacuate Collection Set: 0.91ms
[3036.178s][info][gc,phases      ] GC(609)   Other: 0.09ms
[3036.178s][info][gc,heap        ] GC(609) Eden regions: 1107->0(1118)
[3036.178s][info][gc,heap        ] GC(609) Survivor regions: 111->110(153)
[3036.178s][info][gc,heap        ] GC(609) Old regions: 536->473
[3036.178s][info][gc,heap        ] GC(609) Humongous regions: 80->80
[3036.178s][info][gc,metaspace   ] GC(609) Metaspace: 28956K(29312K)->28956K(29312K) NonClass: 24078K(24256K)->24078K(24256K) Class: 4877K(5056K)->4877K(5056K)
[3036.178s][info][gc             ] GC(609) Pause Young (Mixed) (G1 Evacuation Pause) 3666M->1325M(4096M) 129.527ms
[3036.178s][info][gc,cpu         ] GC(609) User=0.77s Sys=0.00s Real=0.13s
...[3039.798s][info][gc,start       ] GC(610) Pause Young (Concurrent Start) (G1 Evacuation Pause)
[3039.798s][info][gc,task        ] GC(610) Using 6 workers of 6 for evacuation
[3039.917s][info][gc,phases      ] GC(610)   Pre Evacuate Collection Set: 0.35ms
[3039.917s][info][gc,phases      ] GC(610)   Merge Heap Roots: 0.45ms
[3039.917s][info][gc,phases      ] GC(610)   Evacuate Collection Set: 117.64ms
[3039.917s][info][gc,phases      ] GC(610)   Post Evacuate Collection Set: 0.85ms
[3039.917s][info][gc,phases      ] GC(610)   Other: 0.11ms
[3039.917s][info][gc,heap        ] GC(610) Eden regions: 1118->0(1119)
[3039.917s][info][gc,heap        ] GC(610) Survivor regions: 110->109(154)
[3039.917s][info][gc,heap        ] GC(610) Old regions: 473->506
[3039.917s][info][gc,heap        ] GC(610) Humongous regions: 80->80
[3039.917s][info][gc,metaspace   ] GC(610) Metaspace: 28956K(29312K)->28956K(29312K) NonClass: 24078K(24256K)->24078K(24256K) Class: 4877K(5056K)->4877K(5056K)
[3039.917s][info][gc             ] GC(610) Pause Young (Concurrent Start) (G1 Evacuation Pause) 3561M->1388M(4096M) 119.524ms
[3039.917s][info][gc             ] GC(611) Concurrent Mark Cycle
[3039.917s][info][gc,marking     ] GC(611) Concurrent Scan Root Regions
[3039.917s][info][gc,cpu         ] GC(610) User=0.71s Sys=0.00s Real=0.12s
.[3040.097s][info][gc,marking     ] GC(611) Concurrent Scan Root Regions 179.985ms
[3040.097s][info][gc,marking     ] GC(611) Concurrent Mark
[3040.097s][info][gc,marking     ] GC(611) Concurrent Mark From Roots
[3040.097s][info][gc,task        ] GC(611) Using 2 workers of 2 for marking
[3040.756s][info][gc,marking     ] GC(611) Concurrent Mark From Roots 658.926ms
[3040.756s][info][gc,marking     ] GC(611) Concurrent Preclean
[3040.756s][info][gc,marking     ] GC(611) Concurrent Preclean 0.072ms
[3040.756s][info][gc,start       ] GC(611) Pause Remark
[3040.761s][info][gc             ] GC(611) Pause Remark 1989M->1989M(4096M) 4.659ms
[3040.761s][info][gc,cpu         ] GC(611) User=0.03s Sys=0.00s Real=0.00s
[3040.761s][info][gc,marking     ] GC(611) Concurrent Mark 663.901ms
[3040.761s][info][gc,marking     ] GC(611) Concurrent Rebuild Remembered Sets and Scrub Regions
.[3041.003s][info][gc,marking     ] GC(611) Concurrent Rebuild Remembered Sets and Scrub Regions 242.268ms
[3041.003s][info][gc,start       ] GC(611) Pause Cleanup
[3041.004s][info][gc             ] GC(611) Pause Cleanup 2142M->2142M(4096M) 0.110ms
[3041.004s][info][gc,cpu         ] GC(611) User=0.00s Sys=0.00s Real=0.00s
[3041.004s][info][gc,marking     ] GC(611) Concurrent Clear Claimed Marks
[3041.004s][info][gc,marking     ] GC(611) Concurrent Clear Claimed Marks 0.030ms
[3041.004s][info][gc,marking     ] GC(611) Concurrent Cleanup for Next Mark
[3041.009s][info][gc,marking     ] GC(611) Concurrent Cleanup for Next Mark 5.139ms
[3041.009s][info][gc             ] GC(611) Concurrent Mark Cycle 1091.784ms
..[3043.438s][info][gc,start       ] GC(612) Pause Young (Prepare Mixed) (G1 Evacuation Pause)
[3043.438s][info][gc,task        ] GC(612) Using 6 workers of 6 for evacuation
[3043.554s][info][gc,phases      ] GC(612)   Pre Evacuate Collection Set: 0.33ms
[3043.554s][info][gc,phases      ] GC(612)   Merge Heap Roots: 0.50ms
[3043.554s][info][gc,phases      ] GC(612)   Evacuate Collection Set: 114.51ms
[3043.554s][info][gc,phases      ] GC(612)   Post Evacuate Collection Set: 0.93ms
[3043.554s][info][gc,phases      ] GC(612)   Other: 0.10ms
[3043.555s][info][gc,heap        ] GC(612) Eden regions: 1119->0(1108)
[3043.555s][info][gc,heap        ] GC(612) Survivor regions: 109->110(154)
[3043.555s][info][gc,heap        ] GC(612) Old regions: 506->537
[3043.555s][info][gc,heap        ] GC(612) Humongous regions: 80->80
[3043.555s][info][gc,metaspace   ] GC(612) Metaspace: 28956K(29312K)->28956K(29312K) NonClass: 24078K(24256K)->24078K(24256K) Class: 4877K(5056K)->4877K(5056K)
[3043.555s][info][gc             ] GC(612) Pause Young (Prepare Mixed) (G1 Evacuation Pause) 3626M->1452M(4096M) 116.490ms
[3043.555s][info][gc,cpu         ] GC(612) User=0.69s Sys=0.00s Real=0.12s
....[3047.105s][info][gc,start       ] GC(613) Pause Young (Mixed) (G1 Evacuation Pause)
[3047.105s][info][gc,task        ] GC(613) Using 6 workers of 6 for evacuation
[3047.240s][info][gc,phases      ] GC(613)   Pre Evacuate Collection Set: 0.39ms
[3047.240s][info][gc,phases      ] GC(613)   Merge Heap Roots: 0.72ms
[3047.240s][info][gc,phases      ] GC(613)   Evacuate Collection Set: 132.08ms
[3047.240s][info][gc,phases      ] GC(613)   Post Evacuate Collection Set: 0.95ms
[3047.240s][info][gc,phases      ] GC(613)   Other: 0.09ms
[3047.240s][info][gc,heap        ] GC(613) Eden regions: 1108->0(1119)
[3047.240s][info][gc,heap        ] GC(613) Survivor regions: 110->109(153)
[3047.240s][info][gc,heap        ] GC(613) Old regions: 537->471
[3047.240s][info][gc,heap        ] GC(613) Humongous regions: 80->80
[3047.240s][info][gc,metaspace   ] GC(613) Metaspace: 28956K(29312K)->28956K(29312K) NonClass: 24078K(24256K)->24078K(24256K) Class: 4877K(5056K)->4877K(5056K)
[3047.240s][info][gc             ] GC(613) Pause Young (Mixed) (G1 Evacuation Pause) 3668M->1319M(4096M) 134.383ms
[3047.240s][info][gc,cpu         ] GC(613) User=0.80s Sys=0.00s Real=0.13s
...[3050.760s][info][gc,start       ] GC(614) Pause Young (Concurrent Start) (G1 Evacuation Pause)
[3050.760s][info][gc,task        ] GC(614) Using 6 workers of 6 for evacuation
[3050.875s][info][gc,phases      ] GC(614)   Pre Evacuate Collection Set: 0.37ms
[3050.875s][info][gc,phases      ] GC(614)   Merge Heap Roots: 0.45ms
[3050.875s][info][gc,phases      ] GC(614)   Evacuate Collection Set: 113.27ms
[3050.875s][info][gc,phases      ] GC(614)   Post Evacuate Collection Set: 0.87ms
[3050.875s][info][gc,phases      ] GC(614)   Other: 0.10ms
[3050.875s][info][gc,heap        ] GC(614) Eden regions: 1119->0(1119)
[3050.875s][info][gc,heap        ] GC(614) Survivor regions: 109->109(154)
[3050.875s][info][gc,heap        ] GC(614) Old regions: 471->503
[3050.875s][info][gc,heap        ] GC(614) Humongous regions: 80->80
[3050.875s][info][gc,metaspace   ] GC(614) Metaspace: 28956K(29312K)->28956K(29312K) NonClass: 24078K(24256K)->24078K(24256K) Class: 4877K(5056K)->4877K(5056K)
[3050.875s][info][gc             ] GC(614) Pause Young (Concurrent Start) (G1 Evacuation Pause) 3557M->1382M(4096M) 115.197ms
[3050.875s][info][gc             ] GC(615) Concurrent Mark Cycle
[3050.875s][info][gc,marking     ] GC(615) Concurrent Scan Root Regions
[3050.875s][info][gc,cpu         ] GC(614) User=0.68s Sys=0.00s Real=0.12s
.[3051.009s][info][gc,marking     ] GC(615) Concurrent Scan Root Regions 134.659ms
[3051.010s][info][gc,marking     ] GC(615) Concurrent Mark
[3051.010s][info][gc,marking     ] GC(615) Concurrent Mark From Roots
[3051.010s][info][gc,task        ] GC(615) Using 2 workers of 2 for marking
[3051.666s][info][gc,marking     ] GC(615) Concurrent Mark From Roots 656.331ms
[3051.666s][info][gc,marking     ] GC(615) Concurrent Preclean
[3051.666s][info][gc,marking     ] GC(615) Concurrent Preclean 0.082ms
[3051.666s][info][gc,start       ] GC(615) Pause Remark
[3051.670s][info][gc             ] GC(615) Pause Remark 1920M->1920M(4096M) 4.402ms
[3051.671s][info][gc,cpu         ] GC(615) User=0.02s Sys=0.00s Real=0.00s
[3051.673s][info][gc,marking     ] GC(615) Concurrent Mark 663.166ms
[3051.673s][info][gc,marking     ] GC(615) Concurrent Rebuild Remembered Sets and Scrub Regions
[3051.911s][info][gc,marking     ] GC(615) Concurrent Rebuild Remembered Sets and Scrub Regions 238.681ms
[3051.912s][info][gc,start       ] GC(615) Pause Cleanup
[3051.912s][info][gc             ] GC(615) Pause Cleanup 2070M->2070M(4096M) 0.101ms
[3051.912s][info][gc,cpu         ] GC(615) User=0.00s Sys=0.00s Real=0.00s
[3051.912s][info][gc,marking     ] GC(615) Concurrent Clear Claimed Marks
[3051.912s][info][gc,marking     ] GC(615) Concurrent Clear Claimed Marks 0.023ms
[3051.912s][info][gc,marking     ] GC(615) Concurrent Cleanup for Next Mark
[3051.916s][info][gc,marking     ] GC(615) Concurrent Cleanup for Next Mark 3.950ms
[3051.916s][info][gc             ] GC(615) Concurrent Mark Cycle 1040.916ms
...[3054.449s][info][gc,start       ] GC(616) Pause Young (Prepare Mixed) (G1 Evacuation Pause)
[3054.449s][info][gc,task        ] GC(616) Using 6 workers of 6 for evacuation
[3054.567s][info][gc,phases      ] GC(616)   Pre Evacuate Collection Set: 0.31ms
[3054.567s][info][gc,phases      ] GC(616)   Merge Heap Roots: 0.51ms
[3054.567s][info][gc,phases      ] GC(616)   Evacuate Collection Set: 116.16ms
[3054.567s][info][gc,phases      ] GC(616)   Post Evacuate Collection Set: 0.86ms
[3054.567s][info][gc,phases      ] GC(616)   Other: 0.09ms
[3054.567s][info][gc,heap        ] GC(616) Eden regions: 1119->0(1110)
[3054.567s][info][gc,heap        ] GC(616) Survivor regions: 109->110(154)
[3054.567s][info][gc,heap        ] GC(616) Old regions: 503->535
[3054.567s][info][gc,heap        ] GC(616) Humongous regions: 80->80
[3054.567s][info][gc,metaspace   ] GC(616) Metaspace: 28956K(29312K)->28956K(29312K) NonClass: 24078K(24256K)->24078K(24256K) Class: 4877K(5056K)->4877K(5056K)
[3054.567s][info][gc             ] GC(616) Pause Young (Prepare Mixed) (G1 Evacuation Pause) 3620M->1449M(4096M) 118.067ms
[3054.567s][info][gc,cpu         ] GC(616) User=0.70s Sys=0.00s Real=0.12s
....[3058.208s][info][gc,start       ] GC(617) Pause Young (Mixed) (G1 Evacuation Pause)
[3058.208s][info][gc,task        ] GC(617) Using 6 workers of 6 for evacuation
[3058.340s][info][gc,phases      ] GC(617)   Pre Evacuate Collection Set: 0.35ms
[3058.340s][info][gc,phases      ] GC(617)   Merge Heap Roots: 0.66ms
[3058.340s][info][gc,phases      ] GC(617)   Evacuate Collection Set: 129.17ms
[3058.340s][info][gc,phases      ] GC(617)   Post Evacuate Collection Set: 0.91ms
[3058.340s][info][gc,phases      ] GC(617)   Other: 0.09ms
[3058.340s][info][gc,heap        ] GC(617) Eden regions: 1110->0(1119)
[3058.340s][info][gc,heap        ] GC(617) Survivor regions: 110->109(153)
[3058.340s][info][gc,heap        ] GC(617) Old regions: 535->472
[3058.340s][info][gc,heap        ] GC(617) Humongous regions: 80->80
[3058.340s][info][gc,metaspace   ] GC(617) Metaspace: 28956K(29312K)->28956K(29312K) NonClass: 24078K(24256K)->24078K(24256K) Class: 4877K(5056K)->4877K(5056K)
[3058.340s][info][gc             ] GC(617) Pause Young (Mixed) (G1 Evacuation Pause) 3669M->1320M(4096M) 131.311ms
[3058.340s][info][gc,cpu         ] GC(617) User=0.78s Sys=0.00s Real=0.13s
...[3061.826s][info][gc,start       ] GC(618) Pause Young (Concurrent Start) (G1 Evacuation Pause)
[3061.826s][info][gc,task        ] GC(618) Using 6 workers of 6 for evacuation
[3061.941s][info][gc,phases      ] GC(618)   Pre Evacuate Collection Set: 0.40ms
[3061.941s][info][gc,phases      ] GC(618)   Merge Heap Roots: 0.46ms
[3061.941s][info][gc,phases      ] GC(618)   Evacuate Collection Set: 113.16ms
[3061.941s][info][gc,phases      ] GC(618)   Post Evacuate Collection Set: 0.88ms
[3061.941s][info][gc,phases      ] GC(618)   Other: 0.13ms
[3061.942s][info][gc,heap        ] GC(618) Eden regions: 1119->0(1119)
[3061.942s][info][gc,heap        ] GC(618) Survivor regions: 109->109(154)
[3061.942s][info][gc,heap        ] GC(618) Old regions: 472->504
[3061.942s][info][gc,heap        ] GC(618) Humongous regions: 80->80
[3061.942s][info][gc,metaspace   ] GC(618) Metaspace: 28956K(29312K)->28956K(29312K) NonClass: 24078K(24256K)->24078K(24256K) Class: 4877K(5056K)->4877K(5056K)
[3061.942s][info][gc             ] GC(618) Pause Young (Concurrent Start) (G1 Evacuation Pause) 3558M->1383M(4096M) 115.177ms
[3061.942s][info][gc             ] GC(619) Concurrent Mark Cycle
[3061.942s][info][gc,marking     ] GC(619) Concurrent Scan Root Regions
[3061.942s][info][gc,cpu         ] GC(618) User=0.69s Sys=0.00s Real=0.12s
.[3062.161s][info][gc,marking     ] GC(619) Concurrent Scan Root Regions 219.480ms
[3062.161s][info][gc,marking     ] GC(619) Concurrent Mark
[3062.161s][info][gc,marking     ] GC(619) Concurrent Mark From Roots
[3062.161s][info][gc,task        ] GC(619) Using 2 workers of 2 for marking
[3062.928s][info][gc,marking     ] GC(619) Concurrent Mark From Roots 767.260ms
[3062.928s][info][gc,marking     ] GC(619) Concurrent Preclean
[3062.929s][info][gc,marking     ] GC(619) Concurrent Preclean 0.114ms
[3062.930s][info][gc,start       ] GC(619) Pause Remark
[3062.934s][info][gc             ] GC(619) Pause Remark 2062M->2062M(4096M) 4.481ms
[3062.934s][info][gc,cpu         ] GC(619) User=0.03s Sys=0.00s Real=0.01s
[3062.935s][info][gc,marking     ] GC(619) Concurrent Mark 773.461ms
[3062.935s][info][gc,marking     ] GC(619) Concurrent Rebuild Remembered Sets and Scrub Regions
.[3063.199s][info][gc,marking     ] GC(619) Concurrent Rebuild Remembered Sets and Scrub Regions 263.962ms
[3063.199s][info][gc,start       ] GC(619) Pause Cleanup
[3063.199s][info][gc             ] GC(619) Pause Cleanup 2218M->2218M(4096M) 0.103ms
[3063.199s][info][gc,cpu         ] GC(619) User=0.00s Sys=0.00s Real=0.00s
[3063.199s][info][gc,marking     ] GC(619) Concurrent Clear Claimed Marks
[3063.199s][info][gc,marking     ] GC(619) Concurrent Clear Claimed Marks 0.022ms
[3063.199s][info][gc,marking     ] GC(619) Concurrent Cleanup for Next Mark
[3063.202s][info][gc,marking     ] GC(619) Concurrent Cleanup for Next Mark 3.201ms
[3063.202s][info][gc             ] GC(619) Concurrent Mark Cycle 1260.543ms
..[3065.600s][info][gc,start       ] GC(620) Pause Young (Prepare Mixed) (G1 Evacuation Pause)
[3065.600s][info][gc,task        ] GC(620) Using 6 workers of 6 for evacuation
[3065.716s][info][gc,phases      ] GC(620)   Pre Evacuate Collection Set: 0.32ms
[3065.716s][info][gc,phases      ] GC(620)   Merge Heap Roots: 0.52ms
[3065.716s][info][gc,phases      ] GC(620)   Evacuate Collection Set: 114.40ms
[3065.716s][info][gc,phases      ] GC(620)   Post Evacuate Collection Set: 0.92ms
[3065.716s][info][gc,phases      ] GC(620)   Other: 0.09ms
[3065.716s][info][gc,heap        ] GC(620) Eden regions: 1119->0(1112)
[3065.716s][info][gc,heap        ] GC(620) Survivor regions: 109->109(154)
[3065.716s][info][gc,heap        ] GC(620) Old regions: 504->535
[3065.716s][info][gc,heap        ] GC(620) Humongous regions: 80->80
[3065.716s][info][gc,metaspace   ] GC(620) Metaspace: 28956K(29312K)->28956K(29312K) NonClass: 24078K(24256K)->24078K(24256K) Class: 4877K(5056K)->4877K(5056K)
[3065.716s][info][gc             ] GC(620) Pause Young (Prepare Mixed) (G1 Evacuation Pause) 3621M->1446M(4096M) 116.371ms
[3065.716s][info][gc,cpu         ] GC(620) User=0.69s Sys=0.00s Real=0.12s
....[3069.233s][info][gc,start       ] GC(621) Pause Young (Mixed) (G1 Evacuation Pause)
[3069.233s][info][gc,task        ] GC(621) Using 6 workers of 6 for evacuation
[3069.363s][info][gc,phases      ] GC(621)   Pre Evacuate Collection Set: 0.36ms
[3069.363s][info][gc,phases      ] GC(621)   Merge Heap Roots: 0.69ms
[3069.363s][info][gc,phases      ] GC(621)   Evacuate Collection Set: 128.13ms
[3069.363s][info][gc,phases      ] GC(621)   Post Evacuate Collection Set: 0.93ms
[3069.363s][info][gc,phases      ] GC(621)   Other: 0.09ms
[3069.363s][info][gc,heap        ] GC(621) Eden regions: 1112->0(1121)
[3069.363s][info][gc,heap        ] GC(621) Survivor regions: 109->107(153)
[3069.363s][info][gc,heap        ] GC(621) Old regions: 535->470
[3069.363s][info][gc,heap        ] GC(621) Humongous regions: 80->80
[3069.363s][info][gc,metaspace   ] GC(621) Metaspace: 28956K(29312K)->28956K(29312K) NonClass: 24078K(24256K)->24078K(24256K) Class: 4877K(5056K)->4877K(5056K)
[3069.363s][info][gc             ] GC(621) Pause Young (Mixed) (G1 Evacuation Pause) 3670M->1313M(4096M) 130.333ms
[3069.363s][info][gc,cpu         ] GC(621) User=0.78s Sys=0.00s Real=0.13s
...[3072.937s][info][gc,start       ] GC(622) Pause Young (Concurrent Start) (G1 Evacuation Pause)
[3072.937s][info][gc,task        ] GC(622) Using 6 workers of 6 for evacuation
[3073.058s][info][gc,phases      ] GC(622)   Pre Evacuate Collection Set: 0.34ms
[3073.058s][info][gc,phases      ] GC(622)   Merge Heap Roots: 0.47ms
[3073.058s][info][gc,phases      ] GC(622)   Evacuate Collection Set: 118.87ms
[3073.058s][info][gc,phases      ] GC(622)   Post Evacuate Collection Set: 0.85ms
[3073.058s][info][gc,phases      ] GC(622)   Other: 0.11ms
[3073.058s][info][gc,heap        ] GC(622) Eden regions: 1121->0(1115)
[3073.058s][info][gc,heap        ] GC(622) Survivor regions: 107->113(154)
[3073.058s][info][gc,heap        ] GC(622) Old regions: 470->502
[3073.058s][info][gc,heap        ] GC(622) Humongous regions: 80->80
[3073.058s][info][gc,metaspace   ] GC(622) Metaspace: 28956K(29312K)->28956K(29312K) NonClass: 24078K(24256K)->24078K(24256K) Class: 4877K(5056K)->4877K(5056K)
[3073.058s][info][gc             ] GC(622) Pause Young (Concurrent Start) (G1 Evacuation Pause) 3555M->1388M(4096M) 120.803ms
[3073.058s][info][gc             ] GC(623) Concurrent Mark Cycle
[3073.058s][info][gc,marking     ] GC(623) Concurrent Scan Root Regions
[3073.058s][info][gc,cpu         ] GC(622) User=0.71s Sys=0.00s Real=0.12s
.[3073.250s][info][gc,marking     ] GC(623) Concurrent Scan Root Regions 192.306ms
[3073.250s][info][gc,marking     ] GC(623) Concurrent Mark
[3073.250s][info][gc,marking     ] GC(623) Concurrent Mark From Roots
[3073.250s][info][gc,task        ] GC(623) Using 2 workers of 2 for marking
[3074.034s][info][gc,marking     ] GC(623) Concurrent Mark From Roots 783.584ms
[3074.034s][info][gc,marking     ] GC(623) Concurrent Preclean
[3074.034s][info][gc,marking     ] GC(623) Concurrent Preclean 0.097ms
[3074.034s][info][gc,start       ] GC(623) Pause Remark
[3074.039s][info][gc             ] GC(623) Pause Remark 2091M->2091M(4096M) 4.834ms
[3074.039s][info][gc,cpu         ] GC(623) User=0.02s Sys=0.00s Real=0.00s
[3074.039s][info][gc,marking     ] GC(623) Concurrent Mark 788.775ms
[3074.039s][info][gc,marking     ] GC(623) Concurrent Rebuild Remembered Sets and Scrub Regions
.[3074.387s][info][gc,marking     ] GC(623) Concurrent Rebuild Remembered Sets and Scrub Regions 347.432ms
[3074.387s][info][gc,start       ] GC(623) Pause Cleanup
[3074.387s][info][gc             ] GC(623) Pause Cleanup 2267M->2267M(4096M) 0.100ms
[3074.387s][info][gc,cpu         ] GC(623) User=0.00s Sys=0.00s Real=0.00s
[3074.387s][info][gc,marking     ] GC(623) Concurrent Clear Claimed Marks
[3074.387s][info][gc,marking     ] GC(623) Concurrent Clear Claimed Marks 0.024ms
[3074.387s][info][gc,marking     ] GC(623) Concurrent Cleanup for Next Mark
[3074.392s][info][gc,marking     ] GC(623) Concurrent Cleanup for Next Mark 5.420ms
[3074.392s][info][gc             ] GC(623) Concurrent Mark Cycle 1334.404ms
..[3076.596s][info][gc,start       ] GC(624) Pause Young (Prepare Mixed) (G1 Evacuation Pause)
[3076.596s][info][gc,task        ] GC(624) Using 6 workers of 6 for evacuation
[3076.716s][info][gc,phases      ] GC(624)   Pre Evacuate Collection Set: 0.32ms
[3076.716s][info][gc,phases      ] GC(624)   Merge Heap Roots: 0.48ms
[3076.716s][info][gc,phases      ] GC(624)   Evacuate Collection Set: 118.48ms
[3076.716s][info][gc,phases      ] GC(624)   Post Evacuate Collection Set: 0.94ms
[3076.716s][info][gc,phases      ] GC(624)   Other: 0.09ms
[3076.716s][info][gc,heap        ] GC(624) Eden regions: 1115->0(1105)
[3076.716s][info][gc,heap        ] GC(624) Survivor regions: 113->113(154)
[3076.716s][info][gc,heap        ] GC(624) Old regions: 502->534
[3076.716s][info][gc,heap        ] GC(624) Humongous regions: 80->80
[3076.716s][info][gc,metaspace   ] GC(624) Metaspace: 28956K(29312K)->28956K(29312K) NonClass: 24078K(24256K)->24078K(24256K) Class: 4877K(5056K)->4877K(5056K)
[3076.716s][info][gc             ] GC(624) Pause Young (Prepare Mixed) (G1 Evacuation Pause) 3618M->1453M(4096M) 120.427ms
[3076.716s][info][gc,cpu         ] GC(624) User=0.71s Sys=0.00s Real=0.12s
....[3080.255s][info][gc,start       ] GC(625) Pause Young (Mixed) (G1 Evacuation Pause)
[3080.255s][info][gc,task        ] GC(625) Using 6 workers of 6 for evacuation
[3080.385s][info][gc,phases      ] GC(625)   Pre Evacuate Collection Set: 0.35ms
[3080.385s][info][gc,phases      ] GC(625)   Merge Heap Roots: 0.63ms
[3080.385s][info][gc,phases      ] GC(625)   Evacuate Collection Set: 128.32ms
[3080.385s][info][gc,phases      ] GC(625)   Post Evacuate Collection Set: 0.92ms
[3080.385s][info][gc,phases      ] GC(625)   Other: 0.09ms
[3080.385s][info][gc,heap        ] GC(625) Eden regions: 1105->0(1121)
[3080.385s][info][gc,heap        ] GC(625) Survivor regions: 113->107(153)
[3080.385s][info][gc,heap        ] GC(625) Old regions: 534->473
[3080.385s][info][gc,heap        ] GC(625) Humongous regions: 80->80
[3080.385s][info][gc,metaspace   ] GC(625) Metaspace: 28956K(29312K)->28956K(29312K) NonClass: 24078K(24256K)->24078K(24256K) Class: 4877K(5056K)->4877K(5056K)
[3080.385s][info][gc             ] GC(625) Pause Young (Mixed) (G1 Evacuation Pause) 3663M->1318M(4096M) 130.450ms
[3080.385s][info][gc,cpu         ] GC(625) User=0.78s Sys=0.00s Real=0.13s
. (rIR:aIR:PR = 5120:5121:5121) (tPR = 76046) [OK] 
  3080s: Performance info:
         Transaction,    Success,    Partial,     Failed,   Receipts, AvgBarcode, 
             Overall,     308701,          0,          0,     293254,      59.47, 
         Response times:
             Request,    Success,    Partial,     Failed,   SkipFail,     Probes,    Samples,      min,      p50,      p90,      p95,      p99,      max, 
       TotalPurchase,     293255,          0,          0,          0,     287787,     328283,      300,     4100,     8600,    18000,    61000,   193000,
     InStorePurchase,     154315,          0,          0,          0,     151718,     172495,      300,     4000,     8600,    18100,    61000,   193000,
      OnlinePurchase,     108063,          0,          0,          0,     105993,     121100,      300,     4300,     8700,    17900,    62000,   179000,
        InstPurchase,      30877,          0,          0,          0,      30076,      34688,      400,     3800,     8100,    17700,    59000,   149000,
          AssocOfCat,        310,          0,          0,          0,        246,        359,    23000,    33000,    58000,    87000,   172800,   196000,
      AssocOfProduct,       3086,          0,          0,          0,       2904,       3563,      500,     5300,    10400,    22000,    75360,   197000,
      BusinessReport,        774,          0,          0,          0,        662,        852,    24000,    36000,    59000,    75350,   170940,   214000,
          CustBuyBeh,       3092,          0,          0,          0,       2872,       3457,      100,     4300,     8300,    15300,    58420,   139000,
       ProductReturn,       8183,          0,          0,          0,       7775,       9083,      300,     4800,     9200,    22000,    66000,   145000,

  3080s: (38%)   IR =   5258 ..[3083.884s][info][gc,start       ] GC(626) Pause Young (Concurrent Start) (G1 Evacuation Pause)
[3083.884s][info][gc,task        ] GC(626) Using 6 workers of 6 for evacuation
[3084.003s][info][gc,phases      ] GC(626)   Pre Evacuate Collection Set: 0.41ms
[3084.003s][info][gc,phases      ] GC(626)   Merge Heap Roots: 0.53ms
[3084.003s][info][gc,phases      ] GC(626)   Evacuate Collection Set: 117.83ms
[3084.003s][info][gc,phases      ] GC(626)   Post Evacuate Collection Set: 0.88ms
[3084.003s][info][gc,phases      ] GC(626)   Other: 0.12ms
[3084.003s][info][gc,heap        ] GC(626) Eden regions: 1121->0(1116)
[3084.003s][info][gc,heap        ] GC(626) Survivor regions: 107->112(154)
[3084.003s][info][gc,heap        ] GC(626) Old regions: 473->505
[3084.003s][info][gc,heap        ] GC(626) Humongous regions: 80->80
[3084.003s][info][gc,metaspace   ] GC(626) Metaspace: 28956K(29312K)->28956K(29312K) NonClass: 24078K(24256K)->24078K(24256K) Class: 4877K(5056K)->4877K(5056K)
[3084.004s][info][gc             ] GC(626) Pause Young (Concurrent Start) (G1 Evacuation Pause) 3560M->1393M(4096M) 119.915ms
[3084.004s][info][gc             ] GC(627) Concurrent Mark Cycle
[3084.004s][info][gc,marking     ] GC(627) Concurrent Scan Root Regions
[3084.004s][info][gc,cpu         ] GC(626) User=0.71s Sys=0.00s Real=0.12s
.[3084.185s][info][gc,marking     ] GC(627) Concurrent Scan Root Regions 181.437ms
[3084.185s][info][gc,marking     ] GC(627) Concurrent Mark
[3084.185s][info][gc,marking     ] GC(627) Concurrent Mark From Roots
[3084.185s][info][gc,task        ] GC(627) Using 2 workers of 2 for marking
[3084.983s][info][gc,marking     ] GC(627) Concurrent Mark From Roots 797.717ms
[3084.983s][info][gc,marking     ] GC(627) Concurrent Preclean
[3084.983s][info][gc,marking     ] GC(627) Concurrent Preclean 0.131ms
[3084.983s][info][gc,start       ] GC(627) Pause Remark
[3084.988s][info][gc             ] GC(627) Pause Remark 2067M->2067M(4096M) 4.915ms
[3084.988s][info][gc,cpu         ] GC(627) User=0.03s Sys=0.00s Real=0.00s
[3084.988s][info][gc,marking     ] GC(627) Concurrent Mark 803.131ms
[3084.988s][info][gc,marking     ] GC(627) Concurrent Rebuild Remembered Sets and Scrub Regions
.[3085.220s][info][gc,marking     ] GC(627) Concurrent Rebuild Remembered Sets and Scrub Regions 231.903ms
[3085.220s][info][gc,start       ] GC(627) Pause Cleanup
[3085.220s][info][gc             ] GC(627) Pause Cleanup 2210M->2210M(4096M) 0.119ms
[3085.220s][info][gc,cpu         ] GC(627) User=0.00s Sys=0.00s Real=0.00s
[3085.220s][info][gc,marking     ] GC(627) Concurrent Clear Claimed Marks
[3085.220s][info][gc,marking     ] GC(627) Concurrent Clear Claimed Marks 0.034ms
[3085.220s][info][gc,marking     ] GC(627) Concurrent Cleanup for Next Mark
[3085.225s][info][gc,marking     ] GC(627) Concurrent Cleanup for Next Mark 4.168ms
[3085.225s][info][gc             ] GC(627) Concurrent Mark Cycle 1221.177ms
..|[3087.475s][info][gc,start       ] GC(628) Pause Young (Prepare Mixed) (G1 Evacuation Pause)
[3087.475s][info][gc,task        ] GC(628) Using 6 workers of 6 for evacuation
[3087.593s][info][gc,phases      ] GC(628)   Pre Evacuate Collection Set: 0.31ms
[3087.593s][info][gc,phases      ] GC(628)   Merge Heap Roots: 0.49ms
[3087.593s][info][gc,phases      ] GC(628)   Evacuate Collection Set: 116.26ms
[3087.593s][info][gc,phases      ] GC(628)   Post Evacuate Collection Set: 0.92ms
[3087.593s][info][gc,phases      ] GC(628)   Other: 0.09ms
[3087.593s][info][gc,heap        ] GC(628) Eden regions: 1116->0(1106)
[3087.593s][info][gc,heap        ] GC(628) Survivor regions: 112->111(154)
[3087.593s][info][gc,heap        ] GC(628) Old regions: 505->537
[3087.593s][info][gc,heap        ] GC(628) Humongous regions: 80->80
[3087.593s][info][gc,metaspace   ] GC(628) Metaspace: 28956K(29312K)->28956K(29312K) NonClass: 24078K(24256K)->24078K(24256K) Class: 4877K(5056K)->4877K(5056K)
[3087.593s][info][gc             ] GC(628) Pause Young (Prepare Mixed) (G1 Evacuation Pause) 3625M->1454M(4096M) 118.185ms
[3087.593s][info][gc,cpu         ] GC(628) User=0.70s Sys=0.00s Real=0.12s
...[3091.035s][info][gc,start       ] GC(629) Pause Young (Mixed) (G1 Evacuation Pause)
[3091.036s][info][gc,task        ] GC(629) Using 6 workers of 6 for evacuation
[3091.171s][info][gc,phases      ] GC(629)   Pre Evacuate Collection Set: 0.34ms
[3091.171s][info][gc,phases      ] GC(629)   Merge Heap Roots: 0.62ms
[3091.171s][info][gc,phases      ] GC(629)   Evacuate Collection Set: 133.24ms
[3091.171s][info][gc,phases      ] GC(629)   Post Evacuate Collection Set: 0.91ms
[3091.171s][info][gc,phases      ] GC(629)   Other: 0.10ms
[3091.171s][info][gc,heap        ] GC(629) Eden regions: 1106->0(1116)
[3091.171s][info][gc,heap        ] GC(629) Survivor regions: 111->112(153)
[3091.171s][info][gc,heap        ] GC(629) Old regions: 537->472
[3091.171s][info][gc,heap        ] GC(629) Humongous regions: 80->80
[3091.171s][info][gc,metaspace   ] GC(629) Metaspace: 28956K(29312K)->28956K(29312K) NonClass: 24078K(24256K)->24078K(24256K) Class: 4877K(5056K)->4877K(5056K)
[3091.171s][info][gc             ] GC(629) Pause Young (Mixed) (G1 Evacuation Pause) 3666M->1326M(4096M) 135.364ms
[3091.171s][info][gc,cpu         ] GC(629) User=0.81s Sys=0.00s Real=0.13s
....[3094.604s][info][gc,start       ] GC(630) Pause Young (Concurrent Start) (G1 Evacuation Pause)
[3094.605s][info][gc,task        ] GC(630) Using 6 workers of 6 for evacuation
[3094.719s][info][gc,phases      ] GC(630)   Pre Evacuate Collection Set: 0.36ms
[3094.719s][info][gc,phases      ] GC(630)   Merge Heap Roots: 0.46ms
[3094.719s][info][gc,phases      ] GC(630)   Evacuate Collection Set: 112.65ms
[3094.719s][info][gc,phases      ] GC(630)   Post Evacuate Collection Set: 0.84ms
[3094.719s][info][gc,phases      ] GC(630)   Other: 0.11ms
[3094.719s][info][gc,heap        ] GC(630) Eden regions: 1116->0(1120)
[3094.719s][info][gc,heap        ] GC(630) Survivor regions: 112->108(154)
[3094.719s][info][gc,heap        ] GC(630) Old regions: 472->504
[3094.719s][info][gc,heap        ] GC(630) Humongous regions: 80->80
[3094.719s][info][gc,metaspace   ] GC(630) Metaspace: 28956K(29312K)->28956K(29312K) NonClass: 24078K(24256K)->24078K(24256K) Class: 4877K(5056K)->4877K(5056K)
[3094.719s][info][gc             ] GC(630) Pause Young (Concurrent Start) (G1 Evacuation Pause) 3558M->1381M(4096M) 114.561ms
[3094.719s][info][gc             ] GC(631) Concurrent Mark Cycle
[3094.719s][info][gc,marking     ] GC(631) Concurrent Scan Root Regions
[3094.719s][info][gc,cpu         ] GC(630) User=0.68s Sys=0.00s Real=0.11s
[3094.861s][info][gc,marking     ] GC(631) Concurrent Scan Root Regions 141.717ms
[3094.861s][info][gc,marking     ] GC(631) Concurrent Mark
[3094.861s][info][gc,marking     ] GC(631) Concurrent Mark From Roots
[3094.861s][info][gc,task        ] GC(631) Using 2 workers of 2 for marking
.[3095.525s][info][gc,marking     ] GC(631) Concurrent Mark From Roots 664.287ms
[3095.525s][info][gc,marking     ] GC(631) Concurrent Preclean
[3095.525s][info][gc,marking     ] GC(631) Concurrent Preclean 0.082ms
[3095.525s][info][gc,start       ] GC(631) Pause Remark
[3095.530s][info][gc             ] GC(631) Pause Remark 1950M->1950M(4096M) 5.069ms
[3095.530s][info][gc,cpu         ] GC(631) User=0.03s Sys=0.00s Real=0.00s
[3095.532s][info][gc,marking     ] GC(631) Concurrent Mark 671.568ms
[3095.532s][info][gc,marking     ] GC(631) Concurrent Rebuild Remembered Sets and Scrub Regions
[3095.772s][info][gc,marking     ] GC(631) Concurrent Rebuild Remembered Sets and Scrub Regions 240.032ms
[3095.773s][info][gc,start       ] GC(631) Pause Cleanup
[3095.773s][info][gc             ] GC(631) Pause Cleanup 2123M->2123M(4096M) 0.119ms
[3095.773s][info][gc,cpu         ] GC(631) User=0.00s Sys=0.00s Real=0.00s
[3095.774s][info][gc,marking     ] GC(631) Concurrent Clear Claimed Marks
[3095.774s][info][gc,marking     ] GC(631) Concurrent Clear Claimed Marks 0.035ms
[3095.774s][info][gc,marking     ] GC(631) Concurrent Cleanup for Next Mark
[3095.779s][info][gc,marking     ] GC(631) Concurrent Cleanup for Next Mark 5.632ms
[3095.779s][info][gc             ] GC(631) Concurrent Mark Cycle 1060.438ms
...[3098.236s][info][gc,start       ] GC(632) Pause Young (Prepare Mixed) (G1 Evacuation Pause)
[3098.236s][info][gc,task        ] GC(632) Using 6 workers of 6 for evacuation
[3098.350s][info][gc,phases      ] GC(632)   Pre Evacuate Collection Set: 0.33ms
[3098.350s][info][gc,phases      ] GC(632)   Merge Heap Roots: 0.54ms
[3098.350s][info][gc,phases      ] GC(632)   Evacuate Collection Set: 112.15ms
[3098.350s][info][gc,phases      ] GC(632)   Post Evacuate Collection Set: 0.89ms
[3098.350s][info][gc,phases      ] GC(632)   Other: 0.09ms
[3098.350s][info][gc,heap        ] GC(632) Eden regions: 1120->0(1116)
[3098.350s][info][gc,heap        ] GC(632) Survivor regions: 108->107(154)
[3098.350s][info][gc,heap        ] GC(632) Old regions: 504->535
[3098.350s][info][gc,heap        ] GC(632) Humongous regions: 80->80
[3098.350s][info][gc,metaspace   ] GC(632) Metaspace: 28956K(29312K)->28956K(29312K) NonClass: 24078K(24256K)->24078K(24256K) Class: 4877K(5056K)->4877K(5056K)
[3098.350s][info][gc             ] GC(632) Pause Young (Prepare Mixed) (G1 Evacuation Pause) 3621M->1442M(4096M) 114.142ms
[3098.350s][info][gc,cpu         ] GC(632) User=0.68s Sys=0.00s Real=0.11s
...[3101.804s][info][gc,start       ] GC(633) Pause Young (Mixed) (G1 Evacuation Pause)
[3101.804s][info][gc,task        ] GC(633) Using 6 workers of 6 for evacuation
[3101.937s][info][gc,phases      ] GC(633)   Pre Evacuate Collection Set: 0.37ms
[3101.937s][info][gc,phases      ] GC(633)   Merge Heap Roots: 0.69ms
[3101.937s][info][gc,phases      ] GC(633)   Evacuate Collection Set: 131.23ms
[3101.937s][info][gc,phases      ] GC(633)   Post Evacuate Collection Set: 0.96ms
[3101.937s][info][gc,phases      ] GC(633)   Other: 0.09ms
[3101.937s][info][gc,heap        ] GC(633) Eden regions: 1116->0(1118)
[3101.937s][info][gc,heap        ] GC(633) Survivor regions: 107->110(153)
[3101.937s][info][gc,heap        ] GC(633) Old regions: 535->472
[3101.937s][info][gc,heap        ] GC(633) Humongous regions: 80->80
[3101.937s][info][gc,metaspace   ] GC(633) Metaspace: 28956K(29312K)->28956K(29312K) NonClass: 24078K(24256K)->24078K(24256K) Class: 4877K(5056K)->4877K(5056K)
[3101.937s][info][gc             ] GC(633) Pause Young (Mixed) (G1 Evacuation Pause) 3674M->1322M(4096M) 133.482ms
[3101.937s][info][gc,cpu         ] GC(633) User=0.79s Sys=0.00s Real=0.13s
....[3105.374s][info][gc,start       ] GC(634) Pause Young (Concurrent Start) (G1 Evacuation Pause)
[3105.374s][info][gc,task        ] GC(634) Using 6 workers of 6 for evacuation
[3105.489s][info][gc,phases      ] GC(634)   Pre Evacuate Collection Set: 0.39ms
[3105.489s][info][gc,phases      ] GC(634)   Merge Heap Roots: 0.45ms
[3105.489s][info][gc,phases      ] GC(634)   Evacuate Collection Set: 112.92ms
[3105.489s][info][gc,phases      ] GC(634)   Post Evacuate Collection Set: 0.88ms
[3105.489s][info][gc,phases      ] GC(634)   Other: 0.10ms
[3105.489s][info][gc,heap        ] GC(634) Eden regions: 1118->0(1121)
[3105.489s][info][gc,heap        ] GC(634) Survivor regions: 110->107(154)
[3105.489s][info][gc,heap        ] GC(634) Old regions: 472->505
[3105.489s][info][gc,heap        ] GC(634) Humongous regions: 80->80
[3105.489s][info][gc,metaspace   ] GC(634) Metaspace: 28956K(29312K)->28956K(29312K) NonClass: 24078K(24256K)->24078K(24256K) Class: 4877K(5056K)->4877K(5056K)
[3105.489s][info][gc             ] GC(634) Pause Young (Concurrent Start) (G1 Evacuation Pause) 3558M->1382M(4096M) 114.868ms
[3105.489s][info][gc             ] GC(635) Concurrent Mark Cycle
[3105.489s][info][gc,marking     ] GC(635) Concurrent Scan Root Regions
[3105.489s][info][gc,cpu         ] GC(634) User=0.69s Sys=0.00s Real=0.11s
[3105.675s][info][gc,marking     ] GC(635) Concurrent Scan Root Regions 185.323ms
[3105.675s][info][gc,marking     ] GC(635) Concurrent Mark
[3105.675s][info][gc,marking     ] GC(635) Concurrent Mark From Roots
[3105.675s][info][gc,task        ] GC(635) Using 2 workers of 2 for marking
.[3106.651s][info][gc,marking     ] GC(635) Concurrent Mark From Roots 975.892ms
[3106.651s][info][gc,marking     ] GC(635) Concurrent Preclean
[3106.651s][info][gc,marking     ] GC(635) Concurrent Preclean 0.239ms
[3106.651s][info][gc,start       ] GC(635) Pause Remark
[3106.658s][info][gc             ] GC(635) Pause Remark 2165M->2165M(4096M) 6.743ms
[3106.658s][info][gc,cpu         ] GC(635) User=0.04s Sys=0.00s Real=0.01s
[3106.658s][info][gc,marking     ] GC(635) Concurrent Mark 983.138ms
[3106.658s][info][gc,marking     ] GC(635) Concurrent Rebuild Remembered Sets and Scrub Regions
[3107.008s][info][gc,marking     ] GC(635) Concurrent Rebuild Remembered Sets and Scrub Regions 350.174ms
[3107.008s][info][gc,start       ] GC(635) Pause Cleanup
[3107.008s][info][gc             ] GC(635) Pause Cleanup 2425M->2425M(4096M) 0.105ms
[3107.008s][info][gc,cpu         ] GC(635) User=0.00s Sys=0.00s Real=0.00s
[3107.008s][info][gc,marking     ] GC(635) Concurrent Clear Claimed Marks
[3107.008s][info][gc,marking     ] GC(635) Concurrent Clear Claimed Marks 0.028ms
[3107.008s][info][gc,marking     ] GC(635) Concurrent Cleanup for Next Mark
[3107.013s][info][gc,marking     ] GC(635) Concurrent Cleanup for Next Mark 4.632ms
[3107.013s][info][gc             ] GC(635) Concurrent Mark Cycle 1523.770ms
..[3108.960s][info][gc,start       ] GC(636) Pause Young (Prepare Mixed) (G1 Evacuation Pause)
[3108.960s][info][gc,task        ] GC(636) Using 6 workers of 6 for evacuation
[3109.077s][info][gc,phases      ] GC(636)   Pre Evacuate Collection Set: 0.30ms
[3109.077s][info][gc,phases      ] GC(636)   Merge Heap Roots: 0.49ms
[3109.077s][info][gc,phases      ] GC(636)   Evacuate Collection Set: 114.65ms
[3109.077s][info][gc,phases      ] GC(636)   Post Evacuate Collection Set: 0.90ms
[3109.077s][info][gc,phases      ] GC(636)   Other: 0.09ms
[3109.077s][info][gc,heap        ] GC(636) Eden regions: 1121->0(1113)
[3109.077s][info][gc,heap        ] GC(636) Survivor regions: 107->108(154)
[3109.077s][info][gc,heap        ] GC(636) Old regions: 505->536
[3109.077s][info][gc,heap        ] GC(636) Humongous regions: 80->80
[3109.077s][info][gc,metaspace   ] GC(636) Metaspace: 28899K(29312K)->28899K(29312K) NonClass: 24030K(24256K)->24030K(24256K) Class: 4868K(5056K)->4868K(5056K)
[3109.077s][info][gc             ] GC(636) Pause Young (Prepare Mixed) (G1 Evacuation Pause) 3624M->1447M(4096M) 116.576ms
[3109.077s][info][gc,cpu         ] GC(636) User=0.70s Sys=0.00s Real=0.12s
....[3112.521s][info][gc,start       ] GC(637) Pause Young (Mixed) (G1 Evacuation Pause)
[3112.521s][info][gc,task        ] GC(637) Using 6 workers of 6 for evacuation
[3112.650s][info][gc,phases      ] GC(637)   Pre Evacuate Collection Set: 0.38ms
[3112.650s][info][gc,phases      ] GC(637)   Merge Heap Roots: 0.64ms
[3112.650s][info][gc,phases      ] GC(637)   Evacuate Collection Set: 126.85ms
[3112.650s][info][gc,phases      ] GC(637)   Post Evacuate Collection Set: 0.90ms
[3112.650s][info][gc,phases      ] GC(637)   Other: 0.09ms
[3112.650s][info][gc,heap        ] GC(637) Eden regions: 1113->0(1120)
[3112.650s][info][gc,heap        ] GC(637) Survivor regions: 108->108(153)
[3112.650s][info][gc,heap        ] GC(637) Old regions: 536->472
[3112.650s][info][gc,heap        ] GC(637) Humongous regions: 80->80
[3112.650s][info][gc,metaspace   ] GC(637) Metaspace: 28899K(29312K)->28899K(29312K) NonClass: 24030K(24256K)->24030K(24256K) Class: 4868K(5056K)->4868K(5056K)
[3112.650s][info][gc             ] GC(637) Pause Young (Mixed) (G1 Evacuation Pause) 3673M->1317M(4096M) 128.987ms
[3112.650s][info][gc,cpu         ] GC(637) User=0.77s Sys=0.00s Real=0.13s
...[3116.173s][info][gc,start       ] GC(638) Pause Young (Concurrent Start) (G1 Evacuation Pause)
[3116.173s][info][gc,task        ] GC(638) Using 6 workers of 6 for evacuation
[3116.292s][info][gc,phases      ] GC(638)   Pre Evacuate Collection Set: 0.41ms
[3116.292s][info][gc,phases      ] GC(638)   Merge Heap Roots: 0.46ms
[3116.292s][info][gc,phases      ] GC(638)   Evacuate Collection Set: 116.94ms
[3116.292s][info][gc,phases      ] GC(638)   Post Evacuate Collection Set: 0.87ms
[3116.292s][info][gc,phases      ] GC(638)   Other: 0.10ms
[3116.292s][info][gc,heap        ] GC(638) Eden regions: 1120->0(1118)
[3116.292s][info][gc,heap        ] GC(638) Survivor regions: 108->110(154)
[3116.292s][info][gc,heap        ] GC(638) Old regions: 472->504
[3116.292s][info][gc,heap        ] GC(638) Humongous regions: 80->80
[3116.292s][info][gc,metaspace   ] GC(638) Metaspace: 28899K(29312K)->28899K(29312K) NonClass: 24030K(24256K)->24030K(24256K) Class: 4868K(5056K)->4868K(5056K)
[3116.292s][info][gc             ] GC(638) Pause Young (Concurrent Start) (G1 Evacuation Pause) 3557M->1386M(4096M) 118.898ms
[3116.292s][info][gc             ] GC(639) Concurrent Mark Cycle
[3116.292s][info][gc,marking     ] GC(639) Concurrent Scan Root Regions
[3116.292s][info][gc,cpu         ] GC(638) User=0.71s Sys=0.00s Real=0.12s
.[3116.480s][info][gc,marking     ] GC(639) Concurrent Scan Root Regions 187.753ms
[3116.480s][info][gc,marking     ] GC(639) Concurrent Mark
[3116.480s][info][gc,marking     ] GC(639) Concurrent Mark From Roots
[3116.480s][info][gc,task        ] GC(639) Using 2 workers of 2 for marking
[3117.255s][info][gc,marking     ] GC(639) Concurrent Mark From Roots 774.945ms
[3117.255s][info][gc,marking     ] GC(639) Concurrent Preclean
[3117.257s][info][gc,marking     ] GC(639) Concurrent Preclean 1.695ms
[3117.257s][info][gc,start       ] GC(639) Pause Remark
[3117.264s][info][gc             ] GC(639) Pause Remark 2077M->2077M(4096M) 6.344ms
[3117.264s][info][gc,cpu         ] GC(639) User=0.03s Sys=0.00s Real=0.01s
[3117.264s][info][gc,marking     ] GC(639) Concurrent Mark 784.352ms
[3117.264s][info][gc,marking     ] GC(639) Concurrent Rebuild Remembered Sets and Scrub Regions
.[3117.572s][info][gc,marking     ] GC(639) Concurrent Rebuild Remembered Sets and Scrub Regions 307.421ms
[3117.573s][info][gc,start       ] GC(639) Pause Cleanup
[3117.573s][info][gc             ] GC(639) Pause Cleanup 2282M->2282M(4096M) 0.117ms
[3117.573s][info][gc,cpu         ] GC(639) User=0.00s Sys=0.00s Real=0.00s
[3117.573s][info][gc,marking     ] GC(639) Concurrent Clear Claimed Marks
[3117.573s][info][gc,marking     ] GC(639) Concurrent Clear Claimed Marks 0.025ms
[3117.573s][info][gc,marking     ] GC(639) Concurrent Cleanup for Next Mark
[3117.577s][info][gc,marking     ] GC(639) Concurrent Cleanup for Next Mark 3.528ms
[3117.577s][info][gc             ] GC(639) Concurrent Mark Cycle 1284.386ms
..[3119.725s][info][gc,start       ] GC(640) Pause Young (Prepare Mixed) (G1 Evacuation Pause)
[3119.725s][info][gc,task        ] GC(640) Using 6 workers of 6 for evacuation
[3119.842s][info][gc,phases      ] GC(640)   Pre Evacuate Collection Set: 0.33ms
[3119.842s][info][gc,phases      ] GC(640)   Merge Heap Roots: 0.48ms
[3119.842s][info][gc,phases      ] GC(640)   Evacuate Collection Set: 114.88ms
[3119.842s][info][gc,phases      ] GC(640)   Post Evacuate Collection Set: 0.90ms
[3119.842s][info][gc,phases      ] GC(640)   Other: 0.09ms
[3119.842s][info][gc,heap        ] GC(640) Eden regions: 1118->0(1110)
[3119.842s][info][gc,heap        ] GC(640) Survivor regions: 110->110(154)
[3119.842s][info][gc,heap        ] GC(640) Old regions: 504->535
[3119.842s][info][gc,heap        ] GC(640) Humongous regions: 80->80
[3119.842s][info][gc,metaspace   ] GC(640) Metaspace: 28899K(29312K)->28899K(29312K) NonClass: 24030K(24256K)->24030K(24256K) Class: 4868K(5056K)->4868K(5056K)
[3119.842s][info][gc             ] GC(640) Pause Young (Prepare Mixed) (G1 Evacuation Pause) 3622M->1449M(4096M) 116.807ms
[3119.842s][info][gc,cpu         ] GC(640) User=0.69s Sys=0.00s Real=0.12s
...[3123.272s][info][gc,start       ] GC(641) Pause Young (Mixed) (G1 Evacuation Pause)
[3123.272s][info][gc,task        ] GC(641) Using 6 workers of 6 for evacuation
[3123.407s][info][gc,phases      ] GC(641)   Pre Evacuate Collection Set: 0.34ms
[3123.407s][info][gc,phases      ] GC(641)   Merge Heap Roots: 0.63ms
[3123.407s][info][gc,phases      ] GC(641)   Evacuate Collection Set: 133.09ms
[3123.407s][info][gc,phases      ] GC(641)   Post Evacuate Collection Set: 0.92ms
[3123.407s][info][gc,phases      ] GC(641)   Other: 0.09ms
[3123.407s][info][gc,heap        ] GC(641) Eden regions: 1110->0(1117)
[3123.407s][info][gc,heap        ] GC(641) Survivor regions: 110->111(153)
[3123.407s][info][gc,heap        ] GC(641) Old regions: 535->471
[3123.407s][info][gc,heap        ] GC(641) Humongous regions: 80->80
[3123.407s][info][gc,metaspace   ] GC(641) Metaspace: 28899K(29312K)->28899K(29312K) NonClass: 24030K(24256K)->24030K(24256K) Class: 4868K(5056K)->4868K(5056K)
[3123.408s][info][gc             ] GC(641) Pause Young (Mixed) (G1 Evacuation Pause) 3669M->1323M(4096M) 135.193ms
[3123.408s][info][gc,cpu         ] GC(641) User=0.80s Sys=0.00s Real=0.13s
....[3126.957s][info][gc,start       ] GC(642) Pause Young (Concurrent Start) (G1 Evacuation Pause)
[3126.957s][info][gc,task        ] GC(642) Using 6 workers of 6 for evacuation
[3127.079s][info][gc,phases      ] GC(642)   Pre Evacuate Collection Set: 0.40ms
[3127.079s][info][gc,phases      ] GC(642)   Merge Heap Roots: 0.51ms
[3127.079s][info][gc,phases      ] GC(642)   Evacuate Collection Set: 119.93ms
[3127.079s][info][gc,phases      ] GC(642)   Post Evacuate Collection Set: 0.89ms
[3127.079s][info][gc,phases      ] GC(642)   Other: 0.11ms
[3127.079s][info][gc,heap        ] GC(642) Eden regions: 1117->0(1114)
[3127.079s][info][gc,heap        ] GC(642) Survivor regions: 111->114(154)
[3127.079s][info][gc,heap        ] GC(642) Old regions: 471->503
[3127.079s][info][gc,heap        ] GC(642) Humongous regions: 80->80
[3127.079s][info][gc,metaspace   ] GC(642) Metaspace: 28899K(29312K)->28899K(29312K) NonClass: 24030K(24256K)->24030K(24256K) Class: 4868K(5056K)->4868K(5056K)
[3127.079s][info][gc             ] GC(642) Pause Young (Concurrent Start) (G1 Evacuation Pause) 3557M->1391M(4096M) 122.013ms
[3127.079s][info][gc             ] GC(643) Concurrent Mark Cycle
[3127.079s][info][gc,marking     ] GC(643) Concurrent Scan Root Regions
[3127.079s][info][gc,cpu         ] GC(642) User=0.72s Sys=0.00s Real=0.12s
[3127.263s][info][gc,marking     ] GC(643) Concurrent Scan Root Regions 184.206ms
[3127.263s][info][gc,marking     ] GC(643) Concurrent Mark
[3127.263s][info][gc,marking     ] GC(643) Concurrent Mark From Roots
[3127.263s][info][gc,task        ] GC(643) Using 2 workers of 2 for marking
.[3127.910s][info][gc,marking     ] GC(643) Concurrent Mark From Roots 647.391ms
[3127.910s][info][gc,marking     ] GC(643) Concurrent Preclean
[3127.913s][info][gc,marking     ] GC(643) Concurrent Preclean 2.385ms
[3127.914s][info][gc,start       ] GC(643) Pause Remark
[3127.920s][info][gc             ] GC(643) Pause Remark 2001M->2001M(4096M) 6.823ms
[3127.921s][info][gc,cpu         ] GC(643) User=0.03s Sys=0.00s Real=0.00s
[3127.921s][info][gc,marking     ] GC(643) Concurrent Mark 658.135ms
[3127.921s][info][gc,marking     ] GC(643) Concurrent Rebuild Remembered Sets and Scrub Regions
[3128.165s][info][gc,marking     ] GC(643) Concurrent Rebuild Remembered Sets and Scrub Regions 243.422ms
[3128.165s][info][gc,start       ] GC(643) Pause Cleanup
[3128.165s][info][gc             ] GC(643) Pause Cleanup 2162M->2162M(4096M) 0.116ms
[3128.165s][info][gc,cpu         ] GC(643) User=0.00s Sys=0.00s Real=0.00s
[3128.165s][info][gc,marking     ] GC(643) Concurrent Clear Claimed Marks
[3128.165s][info][gc,marking     ] GC(643) Concurrent Clear Claimed Marks 0.024ms
[3128.165s][info][gc,marking     ] GC(643) Concurrent Cleanup for Next Mark
[3128.169s][info][gc,marking     ] GC(643) Concurrent Cleanup for Next Mark 4.131ms
[3128.169s][info][gc             ] GC(643) Concurrent Mark Cycle 1090.402ms
..[3130.479s][info][gc,start       ] GC(644) Pause Young (Prepare Mixed) (G1 Evacuation Pause)
[3130.479s][info][gc,task        ] GC(644) Using 6 workers of 6 for evacuation
[3130.595s][info][gc,phases      ] GC(644)   Pre Evacuate Collection Set: 0.35ms
[3130.595s][info][gc,phases      ] GC(644)   Merge Heap Roots: 0.55ms
[3130.595s][info][gc,phases      ] GC(644)   Evacuate Collection Set: 113.88ms
[3130.595s][info][gc,phases      ] GC(644)   Post Evacuate Collection Set: 0.88ms
[3130.595s][info][gc,phases      ] GC(644)   Other: 0.95ms
[3130.595s][info][gc,heap        ] GC(644) Eden regions: 1114->0(1116)
[3130.595s][info][gc,heap        ] GC(644) Survivor regions: 114->108(154)
[3130.595s][info][gc,heap        ] GC(644) Old regions: 503->533
[3130.595s][info][gc,heap        ] GC(644) Humongous regions: 80->80
[3130.595s][info][gc,metaspace   ] GC(644) Metaspace: 28899K(29312K)->28899K(29312K) NonClass: 24030K(24256K)->24030K(24256K) Class: 4868K(5056K)->4868K(5056K)
[3130.595s][info][gc             ] GC(644) Pause Young (Prepare Mixed) (G1 Evacuation Pause) 3619M->1441M(4096M) 116.739ms
[3130.595s][info][gc,cpu         ] GC(644) User=0.69s Sys=0.00s Real=0.12s
....[3134.038s][info][gc,start       ] GC(645) Pause Young (Mixed) (G1 Evacuation Pause)
[3134.038s][info][gc,task        ] GC(645) Using 6 workers of 6 for evacuation
[3134.169s][info][gc,phases      ] GC(645)   Pre Evacuate Collection Set: 0.36ms
[3134.169s][info][gc,phases      ] GC(645)   Merge Heap Roots: 0.61ms
[3134.169s][info][gc,phases      ] GC(645)   Evacuate Collection Set: 129.11ms
[3134.169s][info][gc,phases      ] GC(645)   Post Evacuate Collection Set: 0.89ms
[3134.169s][info][gc,phases      ] GC(645)   Other: 0.09ms
[3134.169s][info][gc,heap        ] GC(645) Eden regions: 1116->0(1118)
[3134.169s][info][gc,heap        ] GC(645) Survivor regions: 108->110(153)
[3134.169s][info][gc,heap        ] GC(645) Old regions: 533->470
[3134.169s][info][gc,heap        ] GC(645) Humongous regions: 80->80
[3134.169s][info][gc,metaspace   ] GC(645) Metaspace: 28899K(29312K)->28899K(29312K) NonClass: 24030K(24256K)->24030K(24256K) Class: 4868K(5056K)->4868K(5056K)
[3134.169s][info][gc             ] GC(645) Pause Young (Mixed) (G1 Evacuation Pause) 3673M->1318M(4096M) 131.215ms
[3134.169s][info][gc,cpu         ] GC(645) User=0.78s Sys=0.00s Real=0.13s
....[3137.655s][info][gc,start       ] GC(646) Pause Young (Concurrent Start) (G1 Evacuation Pause)
[3137.655s][info][gc,task        ] GC(646) Using 6 workers of 6 for evacuation
[3137.776s][info][gc,phases      ] GC(646)   Pre Evacuate Collection Set: 0.40ms
[3137.776s][info][gc,phases      ] GC(646)   Merge Heap Roots: 0.53ms
[3137.776s][info][gc,phases      ] GC(646)   Evacuate Collection Set: 118.59ms
[3137.776s][info][gc,phases      ] GC(646)   Post Evacuate Collection Set: 0.88ms
[3137.776s][info][gc,phases      ] GC(646)   Other: 0.13ms
[3137.776s][info][gc,heap        ] GC(646) Eden regions: 1118->0(1116)
[3137.776s][info][gc,heap        ] GC(646) Survivor regions: 110->112(154)
[3137.776s][info][gc,heap        ] GC(646) Old regions: 470->502
[3137.776s][info][gc,heap        ] GC(646) Humongous regions: 80->80
[3137.776s][info][gc,metaspace   ] GC(646) Metaspace: 28899K(29312K)->28899K(29312K) NonClass: 24030K(24256K)->24030K(24256K) Class: 4868K(5056K)->4868K(5056K)
[3137.776s][info][gc             ] GC(646) Pause Young (Concurrent Start) (G1 Evacuation Pause) 3554M->1385M(4096M) 120.651ms
[3137.776s][info][gc             ] GC(647) Concurrent Mark Cycle
[3137.776s][info][gc,marking     ] GC(647) Concurrent Scan Root Regions
[3137.776s][info][gc,cpu         ] GC(646) User=0.71s Sys=0.00s Real=0.12s
[3137.964s][info][gc,marking     ] GC(647) Concurrent Scan Root Regions 187.603ms
[3137.964s][info][gc,marking     ] GC(647) Concurrent Mark
[3137.964s][info][gc,marking     ] GC(647) Concurrent Mark From Roots
[3137.964s][info][gc,task        ] GC(647) Using 2 workers of 2 for marking
.[3138.733s][info][gc,marking     ] GC(647) Concurrent Mark From Roots 769.551ms
[3138.733s][info][gc,marking     ] GC(647) Concurrent Preclean
[3138.733s][info][gc,marking     ] GC(647) Concurrent Preclean 0.091ms
[3138.733s][info][gc,start       ] GC(647) Pause Remark
[3138.739s][info][gc             ] GC(647) Pause Remark 2058M->2058M(4096M) 5.216ms
[3138.739s][info][gc,cpu         ] GC(647) User=0.03s Sys=0.00s Real=0.00s
[3138.739s][info][gc,marking     ] GC(647) Concurrent Mark 775.106ms
[3138.739s][info][gc,marking     ] GC(647) Concurrent Rebuild Remembered Sets and Scrub Regions
[3139.008s][info][gc,marking     ] GC(647) Concurrent Rebuild Remembered Sets and Scrub Regions 269.003ms
[3139.008s][info][gc,start       ] GC(647) Pause Cleanup
[3139.008s][info][gc             ] GC(647) Pause Cleanup 2215M->2215M(4096M) 0.116ms
[3139.008s][info][gc,cpu         ] GC(647) User=0.00s Sys=0.00s Real=0.00s
[3139.008s][info][gc,marking     ] GC(647) Concurrent Clear Claimed Marks
[3139.008s][info][gc,marking     ] GC(647) Concurrent Clear Claimed Marks 0.025ms
[3139.008s][info][gc,marking     ] GC(647) Concurrent Cleanup for Next Mark
[3139.012s][info][gc,marking     ] GC(647) Concurrent Cleanup for Next Mark 3.412ms
[3139.012s][info][gc             ] GC(647) Concurrent Mark Cycle 1235.626ms
..[3141.253s][info][gc,start       ] GC(648) Pause Young (Prepare Mixed) (G1 Evacuation Pause)
[3141.254s][info][gc,task        ] GC(648) Using 6 workers of 6 for evacuation
[3141.369s][info][gc,phases      ] GC(648)   Pre Evacuate Collection Set: 0.31ms
[3141.370s][info][gc,phases      ] GC(648)   Merge Heap Roots: 0.50ms
[3141.370s][info][gc,phases      ] GC(648)   Evacuate Collection Set: 114.14ms
[3141.370s][info][gc,phases      ] GC(648)   Post Evacuate Collection Set: 0.91ms
[3141.370s][info][gc,phases      ] GC(648)   Other: 0.09ms
[3141.370s][info][gc,heap        ] GC(648) Eden regions: 1116->0(1117)
[3141.370s][info][gc,heap        ] GC(648) Survivor regions: 112->107(154)
[3141.370s][info][gc,heap        ] GC(648) Old regions: 502->534
[3141.370s][info][gc,heap        ] GC(648) Humongous regions: 80->80
[3141.370s][info][gc,metaspace   ] GC(648) Metaspace: 28899K(29312K)->28899K(29312K) NonClass: 24030K(24256K)->24030K(24256K) Class: 4868K(5056K)->4868K(5056K)
[3141.370s][info][gc             ] GC(648) Pause Young (Prepare Mixed) (G1 Evacuation Pause) 3617M->1439M(4096M) 116.097ms
[3141.370s][info][gc,cpu         ] GC(648) User=0.69s Sys=0.00s Real=0.11s
....[3144.855s][info][gc,start       ] GC(649) Pause Young (Mixed) (G1 Evacuation Pause)
[3144.855s][info][gc,task        ] GC(649) Using 6 workers of 6 for evacuation
[3144.990s][info][gc,phases      ] GC(649)   Pre Evacuate Collection Set: 0.35ms
[3144.990s][info][gc,phases      ] GC(649)   Merge Heap Roots: 0.66ms
[3144.990s][info][gc,phases      ] GC(649)   Evacuate Collection Set: 132.03ms
[3144.990s][info][gc,phases      ] GC(649)   Post Evacuate Collection Set: 0.92ms
[3144.990s][info][gc,phases      ] GC(649)   Other: 0.09ms
[3144.990s][info][gc,heap        ] GC(649) Eden regions: 1117->0(1118)
[3144.990s][info][gc,heap        ] GC(649) Survivor regions: 107->110(153)
[3144.990s][info][gc,heap        ] GC(649) Old regions: 534->472
[3144.990s][info][gc,heap        ] GC(649) Humongous regions: 80->80
[3144.990s][info][gc,metaspace   ] GC(649) Metaspace: 28899K(29312K)->28899K(29312K) NonClass: 24030K(24256K)->24030K(24256K) Class: 4868K(5056K)->4868K(5056K)
[3144.990s][info][gc             ] GC(649) Pause Young (Mixed) (G1 Evacuation Pause) 3673M->1321M(4096M) 134.168ms
[3144.990s][info][gc,cpu         ] GC(649) User=0.80s Sys=0.00s Real=0.13s
... (rIR:aIR:PR = 5258:5262:5262) (tPR = 78117) [OK] 
  3147s: Performance info:
         Transaction,    Success,    Partial,     Failed,   Receipts, AvgBarcode, 
             Overall,     318154,          0,          0,     302237,      59.47, 
         Response times:
             Request,    Success,    Partial,     Failed,   SkipFail,     Probes,    Samples,      min,      p50,      p90,      p95,      p99,      max, 
       TotalPurchase,     302245,          0,          0,          0,     295718,     326963,      200,     4100,     9100,    21000,    83000,   245000,
     InStorePurchase,     159087,          0,          0,          0,     155871,     172370,      300,     4200,     9400,    22000,    83000,   244000,
      OnlinePurchase,     111310,          0,          0,          0,     109067,     120252,      200,     4100,     8900,    19635,    86000,   245000,
        InstPurchase,      31848,          0,          0,          0,      30780,      34341,      300,     3700,     8600,    19300,    77000,   242000,
          AssocOfCat,        319,          0,          0,          0,        231,        306,    23000,    34000,    55300,    78850,   185510,   199000,
      AssocOfProduct,       3191,          0,          0,          0,       2954,       3448,      600,     5350,    10600,    23000,    82000,   168000,
      BusinessReport,        792,          0,          0,          0,        685,        852,    27000,    39000,    72700,    98000,   186940,   227000,
          CustBuyBeh,       3188,          0,          0,          0,       2941,       3477,      500,     5400,    11500,    29000,    83440,   139000,
       ProductReturn,       8428,          0,          0,          0,       7979,       9104,      200,     3800,     8700,    22000,    82000,   211000,

  3147s: (39%)   IR =   5396 [3148.364s][info][gc,start       ] GC(650) Pause Young (Concurrent Start) (G1 Evacuation Pause)
[3148.364s][info][gc,task        ] GC(650) Using 6 workers of 6 for evacuation
[3148.479s][info][gc,phases      ] GC(650)   Pre Evacuate Collection Set: 0.37ms
[3148.479s][info][gc,phases      ] GC(650)   Merge Heap Roots: 0.44ms
[3148.479s][info][gc,phases      ] GC(650)   Evacuate Collection Set: 112.51ms
[3148.479s][info][gc,phases      ] GC(650)   Post Evacuate Collection Set: 0.87ms
[3148.479s][info][gc,phases      ] GC(650)   Other: 0.10ms
[3148.479s][info][gc,heap        ] GC(650) Eden regions: 1118->0(1121)
[3148.479s][info][gc,heap        ] GC(650) Survivor regions: 110->107(154)
[3148.479s][info][gc,heap        ] GC(650) Old regions: 472->504
[3148.479s][info][gc,heap        ] GC(650) Humongous regions: 80->80
[3148.479s][info][gc,metaspace   ] GC(650) Metaspace: 28899K(29312K)->28899K(29312K) NonClass: 24030K(24256K)->24030K(24256K) Class: 4868K(5056K)->4868K(5056K)
[3148.479s][info][gc             ] GC(650) Pause Young (Concurrent Start) (G1 Evacuation Pause) 3557M->1381M(4096M) 114.422ms
[3148.479s][info][gc             ] GC(651) Concurrent Mark Cycle
[3148.479s][info][gc,marking     ] GC(651) Concurrent Scan Root Regions
[3148.479s][info][gc,cpu         ] GC(650) User=0.68s Sys=0.00s Real=0.11s
[3148.649s][info][gc,marking     ] GC(651) Concurrent Scan Root Regions 170.362ms
[3148.649s][info][gc,marking     ] GC(651) Concurrent Mark
[3148.649s][info][gc,marking     ] GC(651) Concurrent Mark From Roots
[3148.649s][info][gc,task        ] GC(651) Using 2 workers of 2 for marking
.[3149.400s][info][gc,marking     ] GC(651) Concurrent Mark From Roots 750.213ms
[3149.400s][info][gc,marking     ] GC(651) Concurrent Preclean
[3149.400s][info][gc,marking     ] GC(651) Concurrent Preclean 0.516ms
[3149.400s][info][gc,start       ] GC(651) Pause Remark
[3149.406s][info][gc             ] GC(651) Pause Remark 2011M->2011M(4096M) 5.905ms
[3149.406s][info][gc,cpu         ] GC(651) User=0.03s Sys=0.00s Real=0.01s
[3149.406s][info][gc,marking     ] GC(651) Concurrent Mark 756.933ms
[3149.406s][info][gc,marking     ] GC(651) Concurrent Rebuild Remembered Sets and Scrub Regions
.[3149.736s][info][gc,marking     ] GC(651) Concurrent Rebuild Remembered Sets and Scrub Regions 329.461ms
[3149.736s][info][gc,start       ] GC(651) Pause Cleanup
[3149.736s][info][gc             ] GC(651) Pause Cleanup 2237M->2237M(4096M) 0.106ms
[3149.736s][info][gc,cpu         ] GC(651) User=0.00s Sys=0.00s Real=0.00s
[3149.736s][info][gc,marking     ] GC(651) Concurrent Clear Claimed Marks
[3149.736s][info][gc,marking     ] GC(651) Concurrent Clear Claimed Marks 0.021ms
[3149.736s][info][gc,marking     ] GC(651) Concurrent Cleanup for Next Mark
[3149.739s][info][gc,marking     ] GC(651) Concurrent Cleanup for Next Mark 3.259ms
[3149.739s][info][gc             ] GC(651) Concurrent Mark Cycle 1260.444ms
..[3151.880s][info][gc,start       ] GC(652) Pause Young (Prepare Mixed) (G1 Evacuation Pause)
[3151.880s][info][gc,task        ] GC(652) Using 6 workers of 6 for evacuation
[3152.001s][info][gc,phases      ] GC(652)   Pre Evacuate Collection Set: 0.34ms
[3152.001s][info][gc,phases      ] GC(652)   Merge Heap Roots: 0.51ms
[3152.001s][info][gc,phases      ] GC(652)   Evacuate Collection Set: 118.86ms
[3152.001s][info][gc,phases      ] GC(652)   Post Evacuate Collection Set: 0.90ms
[3152.001s][info][gc,phases      ] GC(652)   Other: 0.09ms
[3152.001s][info][gc,heap        ] GC(652) Eden regions: 1121->0(1102)
[3152.001s][info][gc,heap        ] GC(652) Survivor regions: 107->113(154)
[3152.001s][info][gc,heap        ] GC(652) Old regions: 504->537
[3152.001s][info][gc,heap        ] GC(652) Humongous regions: 80->80
[3152.001s][info][gc,metaspace   ] GC(652) Metaspace: 28899K(29312K)->28899K(29312K) NonClass: 24030K(24256K)->24030K(24256K) Class: 4868K(5056K)->4868K(5056K)
[3152.001s][info][gc             ] GC(652) Pause Young (Prepare Mixed) (G1 Evacuation Pause) 3623M->1457M(4096M) 120.840ms
[3152.001s][info][gc,cpu         ] GC(652) User=0.71s Sys=0.00s Real=0.13s
..|.[3155.313s][info][gc,start       ] GC(653) Pause Young (Mixed) (G1 Evacuation Pause)
[3155.313s][info][gc,task        ] GC(653) Using 6 workers of 6 for evacuation
[3155.448s][info][gc,phases      ] GC(653)   Pre Evacuate Collection Set: 0.37ms
[3155.448s][info][gc,phases      ] GC(653)   Merge Heap Roots: 0.70ms
[3155.448s][info][gc,phases      ] GC(653)   Evacuate Collection Set: 133.70ms
[3155.448s][info][gc,phases      ] GC(653)   Post Evacuate Collection Set: 0.92ms
[3155.448s][info][gc,phases      ] GC(653)   Other: 0.09ms
[3155.448s][info][gc,heap        ] GC(653) Eden regions: 1102->0(1119)
[3155.448s][info][gc,heap        ] GC(653) Survivor regions: 113->109(152)
[3155.448s][info][gc,heap        ] GC(653) Old regions: 537->472
[3155.448s][info][gc,heap        ] GC(653) Humongous regions: 80->80
[3155.448s][info][gc,metaspace   ] GC(653) Metaspace: 28899K(29312K)->28899K(29312K) NonClass: 24030K(24256K)->24030K(24256K) Class: 4868K(5056K)->4868K(5056K)
[3155.449s][info][gc             ] GC(653) Pause Young (Mixed) (G1 Evacuation Pause) 3661M->1320M(4096M) 135.920ms
[3155.449s][info][gc,cpu         ] GC(653) User=0.81s Sys=0.00s Real=0.13s
....[3158.810s][info][gc,start       ] GC(654) Pause Young (Concurrent Start) (G1 Evacuation Pause)
[3158.810s][info][gc,task        ] GC(654) Using 6 workers of 6 for evacuation
[3158.928s][info][gc,phases      ] GC(654)   Pre Evacuate Collection Set: 0.34ms
[3158.929s][info][gc,phases      ] GC(654)   Merge Heap Roots: 0.44ms
[3158.929s][info][gc,phases      ] GC(654)   Evacuate Collection Set: 116.39ms
[3158.929s][info][gc,phases      ] GC(654)   Post Evacuate Collection Set: 0.88ms
[3158.929s][info][gc,phases      ] GC(654)   Other: 0.11ms
[3158.929s][info][gc,heap        ] GC(654) Eden regions: 1119->0(1117)
[3158.929s][info][gc,heap        ] GC(654) Survivor regions: 109->111(154)
[3158.929s][info][gc,heap        ] GC(654) Old regions: 472->505
[3158.929s][info][gc,heap        ] GC(654) Humongous regions: 80->80
[3158.929s][info][gc,metaspace   ] GC(654) Metaspace: 28899K(29312K)->28899K(29312K) NonClass: 24030K(24256K)->24030K(24256K) Class: 4868K(5056K)->4868K(5056K)
[3158.929s][info][gc             ] GC(654) Pause Young (Concurrent Start) (G1 Evacuation Pause) 3558M->1391M(4096M) 118.282ms
[3158.929s][info][gc             ] GC(655) Concurrent Mark Cycle
[3158.929s][info][gc,marking     ] GC(655) Concurrent Scan Root Regions
[3158.929s][info][gc,cpu         ] GC(654) User=0.70s Sys=0.00s Real=0.12s
[3159.117s][info][gc,marking     ] GC(655) Concurrent Scan Root Regions 188.208ms
[3159.117s][info][gc,marking     ] GC(655) Concurrent Mark
[3159.117s][info][gc,marking     ] GC(655) Concurrent Mark From Roots
[3159.117s][info][gc,task        ] GC(655) Using 2 workers of 2 for marking
.[3160.039s][info][gc,marking     ] GC(655) Concurrent Mark From Roots 922.239ms
[3160.039s][info][gc,marking     ] GC(655) Concurrent Preclean
[3160.040s][info][gc,marking     ] GC(655) Concurrent Preclean 0.728ms
[3160.040s][info][gc,start       ] GC(655) Pause Remark
[3160.046s][info][gc             ] GC(655) Pause Remark 2118M->2118M(4096M) 6.021ms
[3160.046s][info][gc,cpu         ] GC(655) User=0.03s Sys=0.00s Real=0.01s
[3160.046s][info][gc,marking     ] GC(655) Concurrent Mark 929.256ms
[3160.046s][info][gc,marking     ] GC(655) Concurrent Rebuild Remembered Sets and Scrub Regions
[3160.302s][info][gc,marking     ] GC(655) Concurrent Rebuild Remembered Sets and Scrub Regions 255.821ms
[3160.302s][info][gc,start       ] GC(655) Pause Cleanup
[3160.302s][info][gc             ] GC(655) Pause Cleanup 2319M->2319M(4096M) 0.116ms
[3160.302s][info][gc,cpu         ] GC(655) User=0.00s Sys=0.00s Real=0.00s
[3160.302s][info][gc,marking     ] GC(655) Concurrent Clear Claimed Marks
[3160.302s][info][gc,marking     ] GC(655) Concurrent Clear Claimed Marks 0.025ms
[3160.302s][info][gc,marking     ] GC(655) Concurrent Cleanup for Next Mark
[3160.307s][info][gc,marking     ] GC(655) Concurrent Cleanup for Next Mark 4.875ms
[3160.307s][info][gc             ] GC(655) Concurrent Mark Cycle 1378.762ms
..[3162.314s][info][gc,start       ] GC(656) Pause Young (Prepare Mixed) (G1 Evacuation Pause)
[3162.314s][info][gc,task        ] GC(656) Using 6 workers of 6 for evacuation
[3162.431s][info][gc,phases      ] GC(656)   Pre Evacuate Collection Set: 0.31ms
[3162.431s][info][gc,phases      ] GC(656)   Merge Heap Roots: 0.48ms
[3162.431s][info][gc,phases      ] GC(656)   Evacuate Collection Set: 114.63ms
[3162.431s][info][gc,phases      ] GC(656)   Post Evacuate Collection Set: 0.91ms
[3162.431s][info][gc,phases      ] GC(656)   Other: 0.09ms
[3162.431s][info][gc,heap        ] GC(656) Eden regions: 1117->0(1112)
[3162.431s][info][gc,heap        ] GC(656) Survivor regions: 111->108(154)
[3162.431s][info][gc,heap        ] GC(656) Old regions: 505->537
[3162.431s][info][gc,heap        ] GC(656) Humongous regions: 80->80
[3162.431s][info][gc,metaspace   ] GC(656) Metaspace: 28899K(29312K)->28899K(29312K) NonClass: 24030K(24256K)->24030K(24256K) Class: 4868K(5056K)->4868K(5056K)
[3162.431s][info][gc             ] GC(656) Pause Young (Prepare Mixed) (G1 Evacuation Pause) 3625M->1449M(4096M) 116.575ms
[3162.431s][info][gc,cpu         ] GC(656) User=0.69s Sys=0.00s Real=0.11s
....[3165.825s][info][gc,start       ] GC(657) Pause Young (Mixed) (G1 Evacuation Pause)
[3165.825s][info][gc,task        ] GC(657) Using 6 workers of 6 for evacuation
[3165.957s][info][gc,phases      ] GC(657)   Pre Evacuate Collection Set: 0.39ms
[3165.957s][info][gc,phases      ] GC(657)   Merge Heap Roots: 0.70ms
[3165.957s][info][gc,phases      ] GC(657)   Evacuate Collection Set: 129.77ms
[3165.957s][info][gc,phases      ] GC(657)   Post Evacuate Collection Set: 0.91ms
[3165.957s][info][gc,phases      ] GC(657)   Other: 0.10ms
[3165.957s][info][gc,heap        ] GC(657) Eden regions: 1112->0(1118)
[3165.957s][info][gc,heap        ] GC(657) Survivor regions: 108->110(153)
[3165.957s][info][gc,heap        ] GC(657) Old regions: 537->472
[3165.957s][info][gc,heap        ] GC(657) Humongous regions: 80->80
[3165.957s][info][gc,metaspace   ] GC(657) Metaspace: 28899K(29312K)->28899K(29312K) NonClass: 24030K(24256K)->24030K(24256K) Class: 4868K(5056K)->4868K(5056K)
[3165.957s][info][gc             ] GC(657) Pause Young (Mixed) (G1 Evacuation Pause) 3673M->1322M(4096M) 132.033ms
[3165.957s][info][gc,cpu         ] GC(657) User=0.78s Sys=0.00s Real=0.13s
...[3169.319s][info][gc,start       ] GC(658) Pause Young (Concurrent Start) (G1 Evacuation Pause)
[3169.319s][info][gc,task        ] GC(658) Using 6 workers of 6 for evacuation
[3169.437s][info][gc,phases      ] GC(658)   Pre Evacuate Collection Set: 0.39ms
[3169.437s][info][gc,phases      ] GC(658)   Merge Heap Roots: 0.49ms
[3169.437s][info][gc,phases      ] GC(658)   Evacuate Collection Set: 115.70ms
[3169.437s][info][gc,phases      ] GC(658)   Post Evacuate Collection Set: 0.84ms
[3169.437s][info][gc,phases      ] GC(658)   Other: 0.11ms
[3169.437s][info][gc,heap        ] GC(658) Eden regions: 1118->0(1120)
[3169.437s][info][gc,heap        ] GC(658) Survivor regions: 110->108(154)
[3169.437s][info][gc,heap        ] GC(658) Old regions: 472->504
[3169.437s][info][gc,heap        ] GC(658) Humongous regions: 80->80
[3169.437s][info][gc,metaspace   ] GC(658) Metaspace: 28899K(29312K)->28899K(29312K) NonClass: 24030K(24256K)->24030K(24256K) Class: 4868K(5056K)->4868K(5056K)
[3169.437s][info][gc             ] GC(658) Pause Young (Concurrent Start) (G1 Evacuation Pause) 3558M->1382M(4096M) 117.655ms
[3169.437s][info][gc             ] GC(659) Concurrent Mark Cycle
[3169.437s][info][gc,marking     ] GC(659) Concurrent Scan Root Regions
[3169.437s][info][gc,cpu         ] GC(658) User=0.70s Sys=0.00s Real=0.12s
[3169.581s][info][gc,marking     ] GC(659) Concurrent Scan Root Regions 144.108ms
[3169.581s][info][gc,marking     ] GC(659) Concurrent Mark
[3169.581s][info][gc,marking     ] GC(659) Concurrent Mark From Roots
[3169.581s][info][gc,task        ] GC(659) Using 2 workers of 2 for marking
.[3170.239s][info][gc,marking     ] GC(659) Concurrent Mark From Roots 658.079ms
[3170.239s][info][gc,marking     ] GC(659) Concurrent Preclean
[3170.240s][info][gc,marking     ] GC(659) Concurrent Preclean 0.265ms
[3170.240s][info][gc,start       ] GC(659) Pause Remark
[3170.245s][info][gc             ] GC(659) Pause Remark 1993M->1993M(4096M) 5.535ms
[3170.245s][info][gc,cpu         ] GC(659) User=0.03s Sys=0.00s Real=0.01s
[3170.246s][info][gc,marking     ] GC(659) Concurrent Mark 665.094ms
[3170.246s][info][gc,marking     ] GC(659) Concurrent Rebuild Remembered Sets and Scrub Regions
[3170.527s][info][gc,marking     ] GC(659) Concurrent Rebuild Remembered Sets and Scrub Regions 280.176ms
[3170.527s][info][gc,start       ] GC(659) Pause Cleanup
[3170.527s][info][gc             ] GC(659) Pause Cleanup 2174M->2174M(4096M) 0.114ms
[3170.527s][info][gc,cpu         ] GC(659) User=0.00s Sys=0.00s Real=0.00s
[3170.527s][info][gc,marking     ] GC(659) Concurrent Clear Claimed Marks
[3170.527s][info][gc,marking     ] GC(659) Concurrent Clear Claimed Marks 0.049ms
[3170.527s][info][gc,marking     ] GC(659) Concurrent Cleanup for Next Mark
[3170.531s][info][gc,marking     ] GC(659) Concurrent Cleanup for Next Mark 3.638ms
[3170.531s][info][gc             ] GC(659) Concurrent Mark Cycle 1093.778ms
...[3172.810s][info][gc,start       ] GC(660) Pause Young (Prepare Mixed) (G1 Evacuation Pause)
[3172.810s][info][gc,task        ] GC(660) Using 6 workers of 6 for evacuation
[3172.929s][info][gc,phases      ] GC(660)   Pre Evacuate Collection Set: 0.32ms
[3172.929s][info][gc,phases      ] GC(660)   Merge Heap Roots: 0.48ms
[3172.929s][info][gc,phases      ] GC(660)   Evacuate Collection Set: 117.09ms
[3172.929s][info][gc,phases      ] GC(660)   Post Evacuate Collection Set: 0.89ms
[3172.929s][info][gc,phases      ] GC(660)   Other: 0.09ms
[3172.929s][info][gc,heap        ] GC(660) Eden regions: 1120->0(1107)
[3172.929s][info][gc,heap        ] GC(660) Survivor regions: 108->111(154)
[3172.929s][info][gc,heap        ] GC(660) Old regions: 504->536
[3172.929s][info][gc,heap        ] GC(660) Humongous regions: 80->80
[3172.929s][info][gc,metaspace   ] GC(660) Metaspace: 28899K(29312K)->28899K(29312K) NonClass: 24030K(24256K)->24030K(24256K) Class: 4868K(5056K)->4868K(5056K)
[3172.929s][info][gc             ] GC(660) Pause Young (Prepare Mixed) (G1 Evacuation Pause) 3622M->1452M(4096M) 119.008ms
[3172.929s][info][gc,cpu         ] GC(660) User=0.71s Sys=0.00s Real=0.12s
...[3176.312s][info][gc,start       ] GC(661) Pause Young (Mixed) (G1 Evacuation Pause)
[3176.312s][info][gc,task        ] GC(661) Using 6 workers of 6 for evacuation
[3176.444s][info][gc,phases      ] GC(661)   Pre Evacuate Collection Set: 0.37ms
[3176.444s][info][gc,phases      ] GC(661)   Merge Heap Roots: 0.74ms
[3176.444s][info][gc,phases      ] GC(661)   Evacuate Collection Set: 129.38ms
[3176.444s][info][gc,phases      ] GC(661)   Post Evacuate Collection Set: 0.93ms
[3176.444s][info][gc,phases      ] GC(661)   Other: 0.09ms
[3176.444s][info][gc,heap        ] GC(661) Eden regions: 1107->0(1121)
[3176.444s][info][gc,heap        ] GC(661) Survivor regions: 111->107(153)
[3176.444s][info][gc,heap        ] GC(661) Old regions: 536->472
[3176.444s][info][gc,heap        ] GC(661) Humongous regions: 80->80
[3176.444s][info][gc,metaspace   ] GC(661) Metaspace: 28899K(29312K)->28899K(29312K) NonClass: 24030K(24256K)->24030K(24256K) Class: 4868K(5056K)->4868K(5056K)
[3176.444s][info][gc             ] GC(661) Pause Young (Mixed) (G1 Evacuation Pause) 3666M->1316M(4096M) 131.645ms
[3176.444s][info][gc,cpu         ] GC(661) User=0.78s Sys=0.00s Real=0.13s
....[3179.782s][info][gc,start       ] GC(662) Pause Young (Concurrent Start) (G1 Evacuation Pause)
[3179.782s][info][gc,task        ] GC(662) Using 6 workers of 6 for evacuation
[3179.898s][info][gc,phases      ] GC(662)   Pre Evacuate Collection Set: 0.40ms
[3179.898s][info][gc,phases      ] GC(662)   Merge Heap Roots: 0.47ms
[3179.898s][info][gc,phases      ] GC(662)   Evacuate Collection Set: 114.33ms
[3179.898s][info][gc,phases      ] GC(662)   Post Evacuate Collection Set: 0.87ms
[3179.898s][info][gc,phases      ] GC(662)   Other: 0.11ms
[3179.898s][info][gc,heap        ] GC(662) Eden regions: 1121->0(1119)
[3179.899s][info][gc,heap        ] GC(662) Survivor regions: 107->109(154)
[3179.899s][info][gc,heap        ] GC(662) Old regions: 472->503
[3179.899s][info][gc,heap        ] GC(662) Humongous regions: 80->80
[3179.899s][info][gc,metaspace   ] GC(662) Metaspace: 28899K(29312K)->28899K(29312K) NonClass: 24030K(24256K)->24030K(24256K) Class: 4868K(5056K)->4868K(5056K)
[3179.899s][info][gc             ] GC(662) Pause Young (Concurrent Start) (G1 Evacuation Pause) 3558M->1383M(4096M) 116.312ms
[3179.899s][info][gc             ] GC(663) Concurrent Mark Cycle
[3179.899s][info][gc,marking     ] GC(663) Concurrent Scan Root Regions
[3179.899s][info][gc,cpu         ] GC(662) User=0.69s Sys=0.00s Real=0.11s
[3180.034s][info][gc,marking     ] GC(663) Concurrent Scan Root Regions 134.968ms
[3180.034s][info][gc,marking     ] GC(663) Concurrent Mark
[3180.034s][info][gc,marking     ] GC(663) Concurrent Mark From Roots
[3180.034s][info][gc,task        ] GC(663) Using 2 workers of 2 for marking
[3180.664s][info][gc,marking     ] GC(663) Concurrent Mark From Roots 630.612ms
[3180.664s][info][gc,marking     ] GC(663) Concurrent Preclean
[3180.665s][info][gc,marking     ] GC(663) Concurrent Preclean 0.396ms
[3180.665s][info][gc,start       ] GC(663) Pause Remark
[3180.670s][info][gc             ] GC(663) Pause Remark 1915M->1915M(4096M) 5.430ms
[3180.670s][info][gc,cpu         ] GC(663) User=0.03s Sys=0.00s Real=0.00s
[3180.671s][info][gc,marking     ] GC(663) Concurrent Mark 637.698ms
[3180.671s][info][gc,marking     ] GC(663) Concurrent Rebuild Remembered Sets and Scrub Regions
.[3180.957s][info][gc,marking     ] GC(663) Concurrent Rebuild Remembered Sets and Scrub Regions 285.418ms
[3180.957s][info][gc,start       ] GC(663) Pause Cleanup
[3180.957s][info][gc             ] GC(663) Pause Cleanup 2113M->2113M(4096M) 0.111ms
[3180.957s][info][gc,cpu         ] GC(663) User=0.00s Sys=0.00s Real=0.00s
[3180.957s][info][gc,marking     ] GC(663) Concurrent Clear Claimed Marks
[3180.957s][info][gc,marking     ] GC(663) Concurrent Clear Claimed Marks 0.021ms
[3180.957s][info][gc,marking     ] GC(663) Concurrent Cleanup for Next Mark
[3180.960s][info][gc,marking     ] GC(663) Concurrent Cleanup for Next Mark 3.389ms
[3180.961s][info][gc             ] GC(663) Concurrent Mark Cycle 1061.933ms
..[3183.293s][info][gc,start       ] GC(664) Pause Young (Prepare Mixed) (G1 Evacuation Pause)
[3183.293s][info][gc,task        ] GC(664) Using 6 workers of 6 for evacuation
[3183.410s][info][gc,phases      ] GC(664)   Pre Evacuate Collection Set: 0.33ms
[3183.410s][info][gc,phases      ] GC(664)   Merge Heap Roots: 0.53ms
[3183.410s][info][gc,phases      ] GC(664)   Evacuate Collection Set: 114.50ms
[3183.410s][info][gc,phases      ] GC(664)   Post Evacuate Collection Set: 0.92ms
[3183.410s][info][gc,phases      ] GC(664)   Other: 0.09ms
[3183.410s][info][gc,heap        ] GC(664) Eden regions: 1119->0(1114)
[3183.410s][info][gc,heap        ] GC(664) Survivor regions: 109->108(154)
[3183.410s][info][gc,heap        ] GC(664) Old regions: 503->535
[3183.410s][info][gc,heap        ] GC(664) Humongous regions: 80->80
[3183.410s][info][gc,metaspace   ] GC(664) Metaspace: 28899K(29312K)->28899K(29312K) NonClass: 24030K(24256K)->24030K(24256K) Class: 4868K(5056K)->4868K(5056K)
[3183.410s][info][gc             ] GC(664) Pause Young (Prepare Mixed) (G1 Evacuation Pause) 3621M->1445M(4096M) 116.500ms
[3183.410s][info][gc,cpu         ] GC(664) User=0.69s Sys=0.00s Real=0.11s
...[3186.749s][info][gc,start       ] GC(665) Pause Young (Mixed) (G1 Evacuation Pause)
[3186.749s][info][gc,task        ] GC(665) Using 6 workers of 6 for evacuation
[3186.884s][info][gc,phases      ] GC(665)   Pre Evacuate Collection Set: 0.36ms
[3186.884s][info][gc,phases      ] GC(665)   Merge Heap Roots: 0.61ms
[3186.884s][info][gc,phases      ] GC(665)   Evacuate Collection Set: 132.96ms
[3186.884s][info][gc,phases      ] GC(665)   Post Evacuate Collection Set: 0.94ms
[3186.884s][info][gc,phases      ] GC(665)   Other: 0.09ms
[3186.884s][info][gc,heap        ] GC(665) Eden regions: 1114->0(1116)
[3186.884s][info][gc,heap        ] GC(665) Survivor regions: 108->112(153)
[3186.884s][info][gc,heap        ] GC(665) Old regions: 535->471
[3186.884s][info][gc,heap        ] GC(665) Humongous regions: 80->80
[3186.884s][info][gc,metaspace   ] GC(665) Metaspace: 28899K(29312K)->28899K(29312K) NonClass: 24030K(24256K)->24030K(24256K) Class: 4868K(5056K)->4868K(5056K)
[3186.884s][info][gc             ] GC(665) Pause Young (Mixed) (G1 Evacuation Pause) 3673M->1325M(4096M) 135.099ms
[3186.884s][info][gc,cpu         ] GC(665) User=0.81s Sys=0.00s Real=0.14s
....[3190.231s][info][gc,start       ] GC(666) Pause Young (Concurrent Start) (G1 Evacuation Pause)
[3190.231s][info][gc,task        ] GC(666) Using 6 workers of 6 for evacuation
[3190.351s][info][gc,phases      ] GC(666)   Pre Evacuate Collection Set: 0.34ms
[3190.351s][info][gc,phases      ] GC(666)   Merge Heap Roots: 0.46ms
[3190.351s][info][gc,phases      ] GC(666)   Evacuate Collection Set: 117.93ms
[3190.351s][info][gc,phases      ] GC(666)   Post Evacuate Collection Set: 0.88ms
[3190.351s][info][gc,phases      ] GC(666)   Other: 0.10ms
[3190.351s][info][gc,heap        ] GC(666) Eden regions: 1116->0(1118)
[3190.351s][info][gc,heap        ] GC(666) Survivor regions: 112->110(154)
[3190.351s][info][gc,heap        ] GC(666) Old regions: 471->503
[3190.351s][info][gc,heap        ] GC(666) Humongous regions: 80->80
[3190.351s][info][gc,metaspace   ] GC(666) Metaspace: 28899K(29312K)->28899K(29312K) NonClass: 24030K(24256K)->24030K(24256K) Class: 4868K(5056K)->4868K(5056K)
[3190.351s][info][gc             ] GC(666) Pause Young (Concurrent Start) (G1 Evacuation Pause) 3557M->1384M(4096M) 119.845ms
[3190.351s][info][gc             ] GC(667) Concurrent Mark Cycle
[3190.351s][info][gc,marking     ] GC(667) Concurrent Scan Root Regions
[3190.351s][info][gc,cpu         ] GC(666) User=0.71s Sys=0.00s Real=0.12s
[3190.501s][info][gc,marking     ] GC(667) Concurrent Scan Root Regions 150.234ms
[3190.501s][info][gc,marking     ] GC(667) Concurrent Mark
[3190.501s][info][gc,marking     ] GC(667) Concurrent Mark From Roots
[3190.501s][info][gc,task        ] GC(667) Using 2 workers of 2 for marking
.[3191.072s][info][gc,marking     ] GC(667) Concurrent Mark From Roots 570.142ms
[3191.072s][info][gc,marking     ] GC(667) Concurrent Preclean
[3191.072s][info][gc,marking     ] GC(667) Concurrent Preclean 0.258ms
[3191.072s][info][gc,start       ] GC(667) Pause Remark
[3191.076s][info][gc             ] GC(667) Pause Remark 1914M->1914M(4096M) 4.321ms
[3191.076s][info][gc,cpu         ] GC(667) User=0.02s Sys=0.00s Real=0.00s
[3191.076s][info][gc,marking     ] GC(667) Concurrent Mark 575.000ms
[3191.076s][info][gc,marking     ] GC(667) Concurrent Rebuild Remembered Sets and Scrub Regions
[3191.315s][info][gc,marking     ] GC(667) Concurrent Rebuild Remembered Sets and Scrub Regions 238.397ms
[3191.315s][info][gc,start       ] GC(667) Pause Cleanup
[3191.315s][info][gc             ] GC(667) Pause Cleanup 2061M->2061M(4096M) 0.113ms
[3191.315s][info][gc,cpu         ] GC(667) User=0.00s Sys=0.00s Real=0.00s
[3191.315s][info][gc,marking     ] GC(667) Concurrent Clear Claimed Marks
[3191.315s][info][gc,marking     ] GC(667) Concurrent Clear Claimed Marks 0.021ms
[3191.315s][info][gc,marking     ] GC(667) Concurrent Cleanup for Next Mark
[3191.318s][info][gc,marking     ] GC(667) Concurrent Cleanup for Next Mark 3.241ms
[3191.318s][info][gc             ] GC(667) Concurrent Mark Cycle 967.335ms
..[3193.715s][info][gc,start       ] GC(668) Pause Young (Prepare Mixed) (G1 Evacuation Pause)
[3193.715s][info][gc,task        ] GC(668) Using 6 workers of 6 for evacuation
[3193.832s][info][gc,phases      ] GC(668)   Pre Evacuate Collection Set: 0.34ms
[3193.832s][info][gc,phases      ] GC(668)   Merge Heap Roots: 0.61ms
[3193.832s][info][gc,phases      ] GC(668)   Evacuate Collection Set: 114.79ms
[3193.832s][info][gc,phases      ] GC(668)   Post Evacuate Collection Set: 0.91ms
[3193.832s][info][gc,phases      ] GC(668)   Other: 0.09ms
[3193.832s][info][gc,heap        ] GC(668) Eden regions: 1118->0(1113)
[3193.832s][info][gc,heap        ] GC(668) Survivor regions: 110->109(154)
[3193.832s][info][gc,heap        ] GC(668) Old regions: 503->534
[3193.832s][info][gc,heap        ] GC(668) Humongous regions: 80->80
[3193.832s][info][gc,metaspace   ] GC(668) Metaspace: 28899K(29312K)->28899K(29312K) NonClass: 24030K(24256K)->24030K(24256K) Class: 4868K(5056K)->4868K(5056K)
[3193.832s][info][gc             ] GC(668) Pause Young (Prepare Mixed) (G1 Evacuation Pause) 3620M->1444M(4096M) 116.892ms
[3193.832s][info][gc,cpu         ] GC(668) User=0.69s Sys=0.00s Real=0.12s
....[3197.199s][info][gc,start       ] GC(669) Pause Young (Mixed) (G1 Evacuation Pause)
[3197.199s][info][gc,task        ] GC(669) Using 6 workers of 6 for evacuation
[3197.330s][info][gc,phases      ] GC(669)   Pre Evacuate Collection Set: 0.40ms
[3197.330s][info][gc,phases      ] GC(669)   Merge Heap Roots: 0.66ms
[3197.330s][info][gc,phases      ] GC(669)   Evacuate Collection Set: 128.87ms
[3197.330s][info][gc,phases      ] GC(669)   Post Evacuate Collection Set: 0.91ms
[3197.330s][info][gc,phases      ] GC(669)   Other: 0.09ms
[3197.330s][info][gc,heap        ] GC(669) Eden regions: 1113->0(1121)
[3197.330s][info][gc,heap        ] GC(669) Survivor regions: 109->107(153)
[3197.330s][info][gc,heap        ] GC(669) Old regions: 534->471
[3197.330s][info][gc,heap        ] GC(669) Humongous regions: 80->80
[3197.330s][info][gc,metaspace   ] GC(669) Metaspace: 28899K(29312K)->28899K(29312K) NonClass: 24030K(24256K)->24030K(24256K) Class: 4868K(5056K)->4868K(5056K)
[3197.330s][info][gc             ] GC(669) Pause Young (Mixed) (G1 Evacuation Pause) 3670M->1313M(4096M) 131.079ms
[3197.330s][info][gc,cpu         ] GC(669) User=0.78s Sys=0.00s Real=0.13s
...[3200.745s][info][gc,start       ] GC(670) Pause Young (Concurrent Start) (G1 Evacuation Pause)
[3200.745s][info][gc,task        ] GC(670) Using 6 workers of 6 for evacuation
[3200.864s][info][gc,phases      ] GC(670)   Pre Evacuate Collection Set: 0.37ms
[3200.864s][info][gc,phases      ] GC(670)   Merge Heap Roots: 0.45ms
[3200.864s][info][gc,phases      ] GC(670)   Evacuate Collection Set: 116.74ms
[3200.864s][info][gc,phases      ] GC(670)   Post Evacuate Collection Set: 0.90ms
[3200.864s][info][gc,phases      ] GC(670)   Other: 0.10ms
[3200.864s][info][gc,heap        ] GC(670) Eden regions: 1121->0(1117)
[3200.864s][info][gc,heap        ] GC(670) Survivor regions: 107->111(154)
[3200.864s][info][gc,heap        ] GC(670) Old regions: 471->502
[3200.864s][info][gc,heap        ] GC(670) Humongous regions: 80->80
[3200.864s][info][gc,metaspace   ] GC(670) Metaspace: 28899K(29312K)->28899K(29312K) NonClass: 24030K(24256K)->24030K(24256K) Class: 4868K(5056K)->4868K(5056K)
[3200.864s][info][gc             ] GC(670) Pause Young (Concurrent Start) (G1 Evacuation Pause) 3555M->1384M(4096M) 118.697ms
[3200.864s][info][gc             ] GC(671) Concurrent Mark Cycle
[3200.864s][info][gc,marking     ] GC(671) Concurrent Scan Root Regions
[3200.864s][info][gc,cpu         ] GC(670) User=0.70s Sys=0.00s Real=0.12s
.[3201.051s][info][gc,marking     ] GC(671) Concurrent Scan Root Regions 187.359ms
[3201.052s][info][gc,marking     ] GC(671) Concurrent Mark
[3201.052s][info][gc,marking     ] GC(671) Concurrent Mark From Roots
[3201.052s][info][gc,task        ] GC(671) Using 2 workers of 2 for marking
[3201.974s][info][gc,marking     ] GC(671) Concurrent Mark From Roots 922.069ms
[3201.974s][info][gc,marking     ] GC(671) Concurrent Preclean
[3201.974s][info][gc,marking     ] GC(671) Concurrent Preclean 0.110ms
[3201.974s][info][gc,start       ] GC(671) Pause Remark
[3201.978s][info][gc             ] GC(671) Pause Remark 2148M->2148M(4096M) 4.254ms
[3201.978s][info][gc,cpu         ] GC(671) User=0.03s Sys=0.00s Real=0.00s
[3201.979s][info][gc,marking     ] GC(671) Concurrent Mark 927.420ms
[3201.979s][info][gc,marking     ] GC(671) Concurrent Rebuild Remembered Sets and Scrub Regions
.[3202.329s][info][gc,marking     ] GC(671) Concurrent Rebuild Remembered Sets and Scrub Regions 350.228ms
[3202.329s][info][gc,start       ] GC(671) Pause Cleanup
[3202.329s][info][gc             ] GC(671) Pause Cleanup 2413M->2413M(4096M) 0.115ms
[3202.329s][info][gc,cpu         ] GC(671) User=0.00s Sys=0.00s Real=0.00s
[3202.330s][info][gc,marking     ] GC(671) Concurrent Clear Claimed Marks
[3202.330s][info][gc,marking     ] GC(671) Concurrent Clear Claimed Marks 0.022ms
[3202.330s][info][gc,marking     ] GC(671) Concurrent Cleanup for Next Mark
[3202.334s][info][gc,marking     ] GC(671) Concurrent Cleanup for Next Mark 3.970ms
[3202.334s][info][gc             ] GC(671) Concurrent Mark Cycle 1469.500ms
..[3204.173s][info][gc,start       ] GC(672) Pause Young (Prepare Mixed) (G1 Evacuation Pause)
[3204.173s][info][gc,task        ] GC(672) Using 6 workers of 6 for evacuation
[3204.292s][info][gc,phases      ] GC(672)   Pre Evacuate Collection Set: 0.33ms
[3204.292s][info][gc,phases      ] GC(672)   Merge Heap Roots: 0.50ms
[3204.292s][info][gc,phases      ] GC(672)   Evacuate Collection Set: 117.24ms
[3204.292s][info][gc,phases      ] GC(672)   Post Evacuate Collection Set: 0.92ms
[3204.292s][info][gc,phases      ] GC(672)   Other: 0.09ms
[3204.292s][info][gc,heap        ] GC(672) Eden regions: 1117->0(1107)
[3204.292s][info][gc,heap        ] GC(672) Survivor regions: 111->112(154)
[3204.292s][info][gc,heap        ] GC(672) Old regions: 502->534
[3204.292s][info][gc,heap        ] GC(672) Humongous regions: 80->80
[3204.292s][info][gc,metaspace   ] GC(672) Metaspace: 28899K(29312K)->28899K(29312K) NonClass: 24030K(24256K)->24030K(24256K) Class: 4868K(5056K)->4868K(5056K)
[3204.292s][info][gc             ] GC(672) Pause Young (Prepare Mixed) (G1 Evacuation Pause) 3618M->1449M(4096M) 119.221ms
[3204.292s][info][gc,cpu         ] GC(672) User=0.71s Sys=0.00s Real=0.12s
...[3207.754s][info][gc,start       ] GC(673) Pause Young (Mixed) (G1 Evacuation Pause)
[3207.755s][info][gc,task        ] GC(673) Using 6 workers of 6 for evacuation
[3207.889s][info][gc,phases      ] GC(673)   Pre Evacuate Collection Set: 0.34ms
[3207.889s][info][gc,phases      ] GC(673)   Merge Heap Roots: 0.62ms
[3207.889s][info][gc,phases      ] GC(673)   Evacuate Collection Set: 132.82ms
[3207.889s][info][gc,phases      ] GC(673)   Post Evacuate Collection Set: 0.94ms
[3207.889s][info][gc,phases      ] GC(673)   Other: 0.09ms
[3207.889s][info][gc,heap        ] GC(673) Eden regions: 1107->0(1119)
[3207.889s][info][gc,heap        ] GC(673) Survivor regions: 112->109(153)
[3207.889s][info][gc,heap        ] GC(673) Old regions: 534->470
[3207.889s][info][gc,heap        ] GC(673) Humongous regions: 80->80
[3207.889s][info][gc,metaspace   ] GC(673) Metaspace: 28899K(29312K)->28899K(29312K) NonClass: 24030K(24256K)->24030K(24256K) Class: 4868K(5056K)->4868K(5056K)
[3207.889s][info][gc             ] GC(673) Pause Young (Mixed) (G1 Evacuation Pause) 3663M->1317M(4096M) 134.916ms
[3207.889s][info][gc,cpu         ] GC(673) User=0.80s Sys=0.00s Real=0.13s
....[3211.204s][info][gc,start       ] GC(674) Pause Young (Concurrent Start) (G1 Evacuation Pause)
[3211.204s][info][gc,task        ] GC(674) Using 6 workers of 6 for evacuation
[3211.324s][info][gc,phases      ] GC(674)   Pre Evacuate Collection Set: 0.38ms
[3211.324s][info][gc,phases      ] GC(674)   Merge Heap Roots: 0.47ms
[3211.324s][info][gc,phases      ] GC(674)   Evacuate Collection Set: 118.15ms
[3211.324s][info][gc,phases      ] GC(674)   Post Evacuate Collection Set: 0.88ms
[3211.324s][info][gc,phases      ] GC(674)   Other: 0.11ms
[3211.324s][info][gc,heap        ] GC(674) Eden regions: 1119->0(1115)
[3211.324s][info][gc,heap        ] GC(674) Survivor regions: 109->113(154)
[3211.324s][info][gc,heap        ] GC(674) Old regions: 470->502
[3211.324s][info][gc,heap        ] GC(674) Humongous regions: 80->80
[3211.324s][info][gc,metaspace   ] GC(674) Metaspace: 28899K(29312K)->28899K(29312K) NonClass: 24030K(24256K)->24030K(24256K) Class: 4868K(5056K)->4868K(5056K)
[3211.324s][info][gc             ] GC(674) Pause Young (Concurrent Start) (G1 Evacuation Pause) 3555M->1389M(4096M) 120.118ms
[3211.324s][info][gc             ] GC(675) Concurrent Mark Cycle
[3211.324s][info][gc,marking     ] GC(675) Concurrent Scan Root Regions
[3211.324s][info][gc,cpu         ] GC(674) User=0.72s Sys=0.00s Real=0.12s
[3211.495s][info][gc,marking     ] GC(675) Concurrent Scan Root Regions 170.998ms
[3211.495s][info][gc,marking     ] GC(675) Concurrent Mark
[3211.495s][info][gc,marking     ] GC(675) Concurrent Mark From Roots
[3211.495s][info][gc,task        ] GC(675) Using 2 workers of 2 for marking
.[3212.134s][info][gc,marking     ] GC(675) Concurrent Mark From Roots 638.781ms
[3212.134s][info][gc,marking     ] GC(675) Concurrent Preclean
[3212.134s][info][gc,marking     ] GC(675) Concurrent Preclean 0.331ms
[3212.134s][info][gc,start       ] GC(675) Pause Remark
[3212.139s][info][gc             ] GC(675) Pause Remark 1943M->1943M(4096M) 5.274ms
[3212.139s][info][gc,cpu         ] GC(675) User=0.03s Sys=0.00s Real=0.00s
[3212.140s][info][gc,marking     ] GC(675) Concurrent Mark 644.668ms
[3212.140s][info][gc,marking     ] GC(675) Concurrent Rebuild Remembered Sets and Scrub Regions
[3212.396s][info][gc,marking     ] GC(675) Concurrent Rebuild Remembered Sets and Scrub Regions 256.500ms
[3212.396s][info][gc,start       ] GC(675) Pause Cleanup
[3212.396s][info][gc             ] GC(675) Pause Cleanup 2129M->2129M(4096M) 0.117ms
[3212.396s][info][gc,cpu         ] GC(675) User=0.00s Sys=0.00s Real=0.00s
[3212.396s][info][gc,marking     ] GC(675) Concurrent Clear Claimed Marks
[3212.396s][info][gc,marking     ] GC(675) Concurrent Clear Claimed Marks 0.033ms
[3212.396s][info][gc,marking     ] GC(675) Concurrent Cleanup for Next Mark
[3212.401s][info][gc,marking     ] GC(675) Concurrent Cleanup for Next Mark 4.147ms
[3212.401s][info][gc             ] GC(675) Concurrent Mark Cycle 1076.912ms
.. (rIR:aIR:PR = 5396:5397:5397) (tPR = 80483) [OK] 
  3213s: Performance info:
         Transaction,    Success,    Partial,     Failed,   Receipts, AvgBarcode, 
             Overall,     325536,          0,          0,     309245,      59.48, 
         Response times:
             Request,    Success,    Partial,     Failed,   SkipFail,     Probes,    Samples,      min,      p50,      p90,      p95,      p99,      max, 
       TotalPurchase,     309245,          0,          0,          0,     304687,     334217,      300,     4300,    10000,    24000,    65000,   186000,
     InStorePurchase,     162829,          0,          0,          0,     160561,     175599,      300,     4500,    10200,    25000,    66000,   186000,
      OnlinePurchase,     113864,          0,          0,          0,     112261,     123410,      300,     4200,     9700,    24000,    64000,   184000,
        InstPurchase,      32552,          0,          0,          0,      31865,      35208,      300,     4100,     9700,    23550,    67000,   175000,
          AssocOfCat,        329,          0,          0,          0,        250,        351,    24000,    34000,    54800,    71800,   142320,   245000,
      AssocOfProduct,       3259,          0,          0,          0,       3043,       3538,      500,     2800,     7510,    15405,    54610,   153000,
      BusinessReport,        812,          0,          0,          0,        724,        958,    25000,    38000,    66000,   100000,   175820,   198000,
          CustBuyBeh,       3260,          0,          0,          0,       3072,       3588,      300,     4200,    10600,    25000,    67000,   145000,
       ProductReturn,       8631,          0,          0,          0,       8242,       9375,      200,     5400,    11800,    33000,    78240,   164000,

  3213s: (40%)   IR =   5535 [3214.713s][info][gc,start       ] GC(676) Pause Young (Prepare Mixed) (G1 Evacuation Pause)
[3214.713s][info][gc,task        ] GC(676) Using 6 workers of 6 for evacuation
[3214.830s][info][gc,phases      ] GC(676)   Pre Evacuate Collection Set: 0.31ms
[3214.830s][info][gc,phases      ] GC(676)   Merge Heap Roots: 0.48ms
[3214.830s][info][gc,phases      ] GC(676)   Evacuate Collection Set: 115.04ms
[3214.830s][info][gc,phases      ] GC(676)   Post Evacuate Collection Set: 0.90ms
[3214.830s][info][gc,phases      ] GC(676)   Other: 0.08ms
[3214.830s][info][gc,heap        ] GC(676) Eden regions: 1115->0(1110)
[3214.830s][info][gc,heap        ] GC(676) Survivor regions: 113->110(154)
[3214.830s][info][gc,heap        ] GC(676) Old regions: 502->535
[3214.830s][info][gc,heap        ] GC(676) Humongous regions: 80->80
[3214.830s][info][gc,metaspace   ] GC(676) Metaspace: 28899K(29312K)->28899K(29312K) NonClass: 24030K(24256K)->24030K(24256K) Class: 4868K(5056K)->4868K(5056K)
[3214.830s][info][gc             ] GC(676) Pause Young (Prepare Mixed) (G1 Evacuation Pause) 3619M->1447M(4096M) 116.938ms
[3214.830s][info][gc,cpu         ] GC(676) User=0.69s Sys=0.00s Real=0.11s
....|[3218.154s][info][gc,start       ] GC(677) Pause Young (Mixed) (G1 Evacuation Pause)
[3218.154s][info][gc,task        ] GC(677) Using 6 workers of 6 for evacuation
[3218.288s][info][gc,phases      ] GC(677)   Pre Evacuate Collection Set: 0.35ms
[3218.288s][info][gc,phases      ] GC(677)   Merge Heap Roots: 0.63ms
[3218.288s][info][gc,phases      ] GC(677)   Evacuate Collection Set: 131.46ms
[3218.288s][info][gc,phases      ] GC(677)   Post Evacuate Collection Set: 0.94ms
[3218.288s][info][gc,phases      ] GC(677)   Other: 0.09ms
[3218.288s][info][gc,heap        ] GC(677) Eden regions: 1110->0(1117)
[3218.288s][info][gc,heap        ] GC(677) Survivor regions: 110->111(153)
[3218.288s][info][gc,heap        ] GC(677) Old regions: 535->472
[3218.288s][info][gc,heap        ] GC(677) Humongous regions: 80->80
[3218.288s][info][gc,metaspace   ] GC(677) Metaspace: 28899K(29312K)->28899K(29312K) NonClass: 24030K(24256K)->24030K(24256K) Class: 4868K(5056K)->4868K(5056K)
[3218.288s][info][gc             ] GC(677) Pause Young (Mixed) (G1 Evacuation Pause) 3667M->1324M(4096M) 133.601ms
[3218.288s][info][gc,cpu         ] GC(677) User=0.79s Sys=0.00s Real=0.13s
...[3221.532s][info][gc,start       ] GC(678) Pause Young (Concurrent Start) (G1 Evacuation Pause)
[3221.532s][info][gc,task        ] GC(678) Using 6 workers of 6 for evacuation
[3221.648s][info][gc,phases      ] GC(678)   Pre Evacuate Collection Set: 0.37ms
[3221.648s][info][gc,phases      ] GC(678)   Merge Heap Roots: 0.49ms
[3221.648s][info][gc,phases      ] GC(678)   Evacuate Collection Set: 114.17ms
[3221.648s][info][gc,phases      ] GC(678)   Post Evacuate Collection Set: 0.89ms
[3221.648s][info][gc,phases      ] GC(678)   Other: 0.11ms
[3221.648s][info][gc,heap        ] GC(678) Eden regions: 1117->0(1120)
[3221.648s][info][gc,heap        ] GC(678) Survivor regions: 111->108(154)
[3221.648s][info][gc,heap        ] GC(678) Old regions: 472->503
[3221.648s][info][gc,heap        ] GC(678) Humongous regions: 80->80
[3221.648s][info][gc,metaspace   ] GC(678) Metaspace: 28899K(29312K)->28899K(29312K) NonClass: 24030K(24256K)->24030K(24256K) Class: 4868K(5056K)->4868K(5056K)
[3221.649s][info][gc             ] GC(678) Pause Young (Concurrent Start) (G1 Evacuation Pause) 3558M->1381M(4096M) 116.162ms
[3221.649s][info][gc             ] GC(679) Concurrent Mark Cycle
[3221.649s][info][gc,marking     ] GC(679) Concurrent Scan Root Regions
[3221.649s][info][gc,cpu         ] GC(678) User=0.69s Sys=0.00s Real=0.11s
[3221.772s][info][gc,marking     ] GC(679) Concurrent Scan Root Regions 123.221ms
[3221.772s][info][gc,marking     ] GC(679) Concurrent Mark
[3221.772s][info][gc,marking     ] GC(679) Concurrent Mark From Roots
[3221.772s][info][gc,task        ] GC(679) Using 2 workers of 2 for marking
.[3222.361s][info][gc,marking     ] GC(679) Concurrent Mark From Roots 589.360ms
[3222.361s][info][gc,marking     ] GC(679) Concurrent Preclean
[3222.361s][info][gc,marking     ] GC(679) Concurrent Preclean 0.127ms
[3222.362s][info][gc,start       ] GC(679) Pause Remark
[3222.366s][info][gc             ] GC(679) Pause Remark 1904M->1904M(4096M) 3.937ms
[3222.366s][info][gc,cpu         ] GC(679) User=0.02s Sys=0.00s Real=0.00s
[3222.366s][info][gc,marking     ] GC(679) Concurrent Mark 594.236ms
[3222.366s][info][gc,marking     ] GC(679) Concurrent Rebuild Remembered Sets and Scrub Regions
[3222.649s][info][gc,marking     ] GC(679) Concurrent Rebuild Remembered Sets and Scrub Regions 282.602ms
[3222.649s][info][gc,start       ] GC(679) Pause Cleanup
[3222.649s][info][gc             ] GC(679) Pause Cleanup 2107M->2107M(4096M) 0.118ms
[3222.649s][info][gc,cpu         ] GC(679) User=0.00s Sys=0.00s Real=0.00s
[3222.651s][info][gc,marking     ] GC(679) Concurrent Clear Claimed Marks
[3222.651s][info][gc,marking     ] GC(679) Concurrent Clear Claimed Marks 0.048ms
[3222.651s][info][gc,marking     ] GC(679) Concurrent Cleanup for Next Mark
[3222.656s][info][gc,marking     ] GC(679) Concurrent Cleanup for Next Mark 4.679ms
[3222.656s][info][gc             ] GC(679) Concurrent Mark Cycle 1007.112ms
..[3224.905s][info][gc,start       ] GC(680) Pause Young (Prepare Mixed) (G1 Evacuation Pause)
[3224.905s][info][gc,task        ] GC(680) Using 6 workers of 6 for evacuation
[3225.028s][info][gc,phases      ] GC(680)   Pre Evacuate Collection Set: 0.29ms
[3225.028s][info][gc,phases      ] GC(680)   Merge Heap Roots: 0.52ms
[3225.028s][info][gc,phases      ] GC(680)   Evacuate Collection Set: 120.40ms
[3225.028s][info][gc,phases      ] GC(680)   Post Evacuate Collection Set: 0.98ms
[3225.028s][info][gc,phases      ] GC(680)   Other: 0.10ms
[3225.028s][info][gc,heap        ] GC(680) Eden regions: 1120->0(1101)
[3225.028s][info][gc,heap        ] GC(680) Survivor regions: 108->114(154)
[3225.028s][info][gc,heap        ] GC(680) Old regions: 503->536
[3225.028s][info][gc,heap        ] GC(680) Humongous regions: 80->80
[3225.028s][info][gc,metaspace   ] GC(680) Metaspace: 28899K(29312K)->28899K(29312K) NonClass: 24030K(24256K)->24030K(24256K) Class: 4868K(5056K)->4868K(5056K)
[3225.028s][info][gc             ] GC(680) Pause Young (Prepare Mixed) (G1 Evacuation Pause) 3621M->1458M(4096M) 122.434ms
[3225.028s][info][gc,cpu         ] GC(680) User=0.73s Sys=0.00s Real=0.12s
....[3228.291s][info][gc,start       ] GC(681) Pause Young (Mixed) (G1 Evacuation Pause)
[3228.291s][info][gc,task        ] GC(681) Using 6 workers of 6 for evacuation
[3228.429s][info][gc,phases      ] GC(681)   Pre Evacuate Collection Set: 0.37ms
[3228.429s][info][gc,phases      ] GC(681)   Merge Heap Roots: 0.66ms
[3228.429s][info][gc,phases      ] GC(681)   Evacuate Collection Set: 135.92ms
[3228.429s][info][gc,phases      ] GC(681)   Post Evacuate Collection Set: 0.95ms
[3228.429s][info][gc,phases      ] GC(681)   Other: 0.08ms
[3228.429s][info][gc,heap        ] GC(681) Eden regions: 1101->0(1115)
[3228.429s][info][gc,heap        ] GC(681) Survivor regions: 114->113(152)
[3228.429s][info][gc,heap        ] GC(681) Old regions: 536->470
[3228.429s][info][gc,heap        ] GC(681) Humongous regions: 80->80
[3228.429s][info][gc,metaspace   ] GC(681) Metaspace: 28899K(29312K)->28899K(29312K) NonClass: 24030K(24256K)->24030K(24256K) Class: 4868K(5056K)->4868K(5056K)
[3228.429s][info][gc             ] GC(681) Pause Young (Mixed) (G1 Evacuation Pause) 3660M->1325M(4096M) 138.111ms
[3228.429s][info][gc,cpu         ] GC(681) User=0.82s Sys=0.00s Real=0.14s
...[3231.720s][info][gc,start       ] GC(682) Pause Young (Concurrent Start) (G1 Evacuation Pause)
[3231.720s][info][gc,task        ] GC(682) Using 6 workers of 6 for evacuation
[3231.837s][info][gc,phases      ] GC(682)   Pre Evacuate Collection Set: 0.40ms
[3231.837s][info][gc,phases      ] GC(682)   Merge Heap Roots: 0.47ms
[3231.837s][info][gc,phases      ] GC(682)   Evacuate Collection Set: 114.81ms
[3231.837s][info][gc,phases      ] GC(682)   Post Evacuate Collection Set: 0.84ms
[3231.837s][info][gc,phases      ] GC(682)   Other: 0.12ms
[3231.837s][info][gc,heap        ] GC(682) Eden regions: 1115->0(1119)
[3231.837s][info][gc,heap        ] GC(682) Survivor regions: 113->109(154)
[3231.837s][info][gc,heap        ] GC(682) Old regions: 470->501
[3231.837s][info][gc,heap        ] GC(682) Humongous regions: 80->80
[3231.837s][info][gc,metaspace   ] GC(682) Metaspace: 28899K(29312K)->28899K(29312K) NonClass: 24030K(24256K)->24030K(24256K) Class: 4868K(5056K)->4868K(5056K)
[3231.837s][info][gc             ] GC(682) Pause Young (Concurrent Start) (G1 Evacuation Pause) 3555M->1379M(4096M) 116.767ms
[3231.837s][info][gc             ] GC(683) Concurrent Mark Cycle
[3231.837s][info][gc,marking     ] GC(683) Concurrent Scan Root Regions
[3231.837s][info][gc,cpu         ] GC(682) User=0.69s Sys=0.00s Real=0.12s
[3231.979s][info][gc,marking     ] GC(683) Concurrent Scan Root Regions 142.012ms
[3231.979s][info][gc,marking     ] GC(683) Concurrent Mark
[3231.979s][info][gc,marking     ] GC(683) Concurrent Mark From Roots
[3231.979s][info][gc,task        ] GC(683) Using 2 workers of 2 for marking
.[3232.637s][info][gc,marking     ] GC(683) Concurrent Mark From Roots 658.231ms
[3232.637s][info][gc,marking     ] GC(683) Concurrent Preclean
[3232.637s][info][gc,marking     ] GC(683) Concurrent Preclean 0.076ms
[3232.639s][info][gc,start       ] GC(683) Pause Remark
[3232.643s][info][gc             ] GC(683) Pause Remark 1985M->1985M(4096M) 4.540ms
[3232.643s][info][gc,cpu         ] GC(683) User=0.03s Sys=0.00s Real=0.01s
[3232.644s][info][gc,marking     ] GC(683) Concurrent Mark 665.122ms
[3232.644s][info][gc,marking     ] GC(683) Concurrent Rebuild Remembered Sets and Scrub Regions
[3232.888s][info][gc,marking     ] GC(683) Concurrent Rebuild Remembered Sets and Scrub Regions 244.060ms
[3232.888s][info][gc,start       ] GC(683) Pause Cleanup
[3232.888s][info][gc             ] GC(683) Pause Cleanup 2151M->2151M(4096M) 0.123ms
[3232.888s][info][gc,cpu         ] GC(683) User=0.00s Sys=0.00s Real=0.00s
[3232.889s][info][gc,marking     ] GC(683) Concurrent Clear Claimed Marks
[3232.889s][info][gc,marking     ] GC(683) Concurrent Clear Claimed Marks 0.037ms
[3232.889s][info][gc,marking     ] GC(683) Concurrent Cleanup for Next Mark
[3232.894s][info][gc,marking     ] GC(683) Concurrent Cleanup for Next Mark 4.825ms
[3232.894s][info][gc             ] GC(683) Concurrent Mark Cycle 1057.048ms
...[3235.141s][info][gc,start       ] GC(684) Pause Young (Prepare Mixed) (G1 Evacuation Pause)
[3235.141s][info][gc,task        ] GC(684) Using 6 workers of 6 for evacuation
[3235.258s][info][gc,phases      ] GC(684)   Pre Evacuate Collection Set: 0.31ms
[3235.258s][info][gc,phases      ] GC(684)   Merge Heap Roots: 0.45ms
[3235.258s][info][gc,phases      ] GC(684)   Evacuate Collection Set: 115.74ms
[3235.258s][info][gc,phases      ] GC(684)   Post Evacuate Collection Set: 0.87ms
[3235.258s][info][gc,phases      ] GC(684)   Other: 0.08ms
[3235.258s][info][gc,heap        ] GC(684) Eden regions: 1119->0(1110)
[3235.258s][info][gc,heap        ] GC(684) Survivor regions: 109->111(154)
[3235.258s][info][gc,heap        ] GC(684) Old regions: 501->533
[3235.258s][info][gc,heap        ] GC(684) Humongous regions: 80->80
[3235.258s][info][gc,metaspace   ] GC(684) Metaspace: 28899K(29312K)->28899K(29312K) NonClass: 24030K(24256K)->24030K(24256K) Class: 4868K(5056K)->4868K(5056K)
[3235.258s][info][gc             ] GC(684) Pause Young (Prepare Mixed) (G1 Evacuation Pause) 3617M->1445M(4096M) 117.590ms
[3235.258s][info][gc,cpu         ] GC(684) User=0.70s Sys=0.00s Real=0.12s
...[3238.557s][info][gc,start       ] GC(685) Pause Young (Mixed) (G1 Evacuation Pause)
[3238.557s][info][gc,task        ] GC(685) Using 6 workers of 6 for evacuation
[3238.693s][info][gc,phases      ] GC(685)   Pre Evacuate Collection Set: 0.33ms
[3238.694s][info][gc,phases      ] GC(685)   Merge Heap Roots: 0.64ms
[3238.694s][info][gc,phases      ] GC(685)   Evacuate Collection Set: 134.76ms
[3238.694s][info][gc,phases      ] GC(685)   Post Evacuate Collection Set: 0.93ms
[3238.694s][info][gc,phases      ] GC(685)   Other: 0.09ms
[3238.694s][info][gc,heap        ] GC(685) Eden regions: 1110->0(1116)
[3238.694s][info][gc,heap        ] GC(685) Survivor regions: 111->112(153)
[3238.694s][info][gc,heap        ] GC(685) Old regions: 533->470
[3238.694s][info][gc,heap        ] GC(685) Humongous regions: 80->80
[3238.694s][info][gc,metaspace   ] GC(685) Metaspace: 28899K(29312K)->28899K(29312K) NonClass: 24030K(24256K)->24030K(24256K) Class: 4868K(5056K)->4868K(5056K)
[3238.694s][info][gc             ] GC(685) Pause Young (Mixed) (G1 Evacuation Pause) 3665M->1323M(4096M) 136.880ms
[3238.694s][info][gc,cpu         ] GC(685) User=0.82s Sys=0.01s Real=0.14s
...[3241.895s][info][gc,start       ] GC(686) Pause Young (Concurrent Start) (G1 Evacuation Pause)
[3241.895s][info][gc,task        ] GC(686) Using 6 workers of 6 for evacuation
[3242.011s][info][gc,phases      ] GC(686)   Pre Evacuate Collection Set: 0.38ms
[3242.011s][info][gc,phases      ] GC(686)   Merge Heap Roots: 0.45ms
[3242.011s][info][gc,phases      ] GC(686)   Evacuate Collection Set: 114.44ms
[3242.011s][info][gc,phases      ] GC(686)   Post Evacuate Collection Set: 0.85ms
[3242.011s][info][gc,phases      ] GC(686)   Other: 0.12ms
[3242.011s][info][gc,heap        ] GC(686) Eden regions: 1116->0(1120)
[3242.011s][info][gc,heap        ] GC(686) Survivor regions: 112->108(154)
[3242.011s][info][gc,heap        ] GC(686) Old regions: 470->503
[3242.011s][info][gc,heap        ] GC(686) Humongous regions: 80->80
[3242.011s][info][gc,metaspace   ] GC(686) Metaspace: 28899K(29312K)->28899K(29312K) NonClass: 24030K(24256K)->24030K(24256K) Class: 4868K(5056K)->4868K(5056K)
[3242.011s][info][gc             ] GC(686) Pause Young (Concurrent Start) (G1 Evacuation Pause) 3555M->1380M(4096M) 116.373ms
[3242.011s][info][gc             ] GC(687) Concurrent Mark Cycle
[3242.011s][info][gc,marking     ] GC(687) Concurrent Scan Root Regions
[3242.011s][info][gc,cpu         ] GC(686) User=0.69s Sys=0.00s Real=0.12s
.[3242.155s][info][gc,marking     ] GC(687) Concurrent Scan Root Regions 143.759ms
[3242.155s][info][gc,marking     ] GC(687) Concurrent Mark
[3242.155s][info][gc,marking     ] GC(687) Concurrent Mark From Roots
[3242.155s][info][gc,task        ] GC(687) Using 2 workers of 2 for marking
[3242.782s][info][gc,marking     ] GC(687) Concurrent Mark From Roots 627.393ms
[3242.782s][info][gc,marking     ] GC(687) Concurrent Preclean
[3242.783s][info][gc,marking     ] GC(687) Concurrent Preclean 0.180ms
[3242.783s][info][gc,start       ] GC(687) Pause Remark
[3242.788s][info][gc             ] GC(687) Pause Remark 1924M->1924M(4096M) 5.586ms
[3242.788s][info][gc,cpu         ] GC(687) User=0.03s Sys=0.00s Real=0.00s
[3242.788s][info][gc,marking     ] GC(687) Concurrent Mark 633.425ms
[3242.788s][info][gc,marking     ] GC(687) Concurrent Rebuild Remembered Sets and Scrub Regions
[3243.037s][info][gc,marking     ] GC(687) Concurrent Rebuild Remembered Sets and Scrub Regions 248.868ms
[3243.038s][info][gc,start       ] GC(687) Pause Cleanup
[3243.038s][info][gc             ] GC(687) Pause Cleanup 2108M->2108M(4096M) 0.109ms
[3243.038s][info][gc,cpu         ] GC(687) User=0.00s Sys=0.00s Real=0.00s
[3243.038s][info][gc,marking     ] GC(687) Concurrent Clear Claimed Marks
[3243.038s][info][gc,marking     ] GC(687) Concurrent Clear Claimed Marks 0.029ms
[3243.038s][info][gc,marking     ] GC(687) Concurrent Cleanup for Next Mark
[3243.042s][info][gc,marking     ] GC(687) Concurrent Cleanup for Next Mark 4.645ms
[3243.042s][info][gc             ] GC(687) Concurrent Mark Cycle 1031.248ms
...[3245.327s][info][gc,start       ] GC(688) Pause Young (Prepare Mixed) (G1 Evacuation Pause)
[3245.327s][info][gc,task        ] GC(688) Using 6 workers of 6 for evacuation
[3245.443s][info][gc,phases      ] GC(688)   Pre Evacuate Collection Set: 0.35ms
[3245.443s][info][gc,phases      ] GC(688)   Merge Heap Roots: 0.50ms
[3245.443s][info][gc,phases      ] GC(688)   Evacuate Collection Set: 114.73ms
[3245.443s][info][gc,phases      ] GC(688)   Post Evacuate Collection Set: 0.92ms
[3245.443s][info][gc,phases      ] GC(688)   Other: 0.09ms
[3245.443s][info][gc,heap        ] GC(688) Eden regions: 1120->0(1112)
[3245.443s][info][gc,heap        ] GC(688) Survivor regions: 108->109(154)
[3245.443s][info][gc,heap        ] GC(688) Old regions: 503->535
[3245.443s][info][gc,heap        ] GC(688) Humongous regions: 80->80
[3245.443s][info][gc,metaspace   ] GC(688) Metaspace: 28899K(29312K)->28899K(29312K) NonClass: 24030K(24256K)->24030K(24256K) Class: 4868K(5056K)->4868K(5056K)
[3245.443s][info][gc             ] GC(688) Pause Young (Prepare Mixed) (G1 Evacuation Pause) 3620M->1446M(4096M) 116.726ms
[3245.444s][info][gc,cpu         ] GC(688) User=0.70s Sys=0.00s Real=0.12s
...[3248.728s][info][gc,start       ] GC(689) Pause Young (Mixed) (G1 Evacuation Pause)
[3248.728s][info][gc,task        ] GC(689) Using 6 workers of 6 for evacuation
[3248.865s][info][gc,phases      ] GC(689)   Pre Evacuate Collection Set: 0.35ms
[3248.865s][info][gc,phases      ] GC(689)   Merge Heap Roots: 0.68ms
[3248.865s][info][gc,phases      ] GC(689)   Evacuate Collection Set: 134.39ms
[3248.865s][info][gc,phases      ] GC(689)   Post Evacuate Collection Set: 0.92ms
[3248.865s][info][gc,phases      ] GC(689)   Other: 0.09ms
[3248.865s][info][gc,heap        ] GC(689) Eden regions: 1112->0(1115)
[3248.865s][info][gc,heap        ] GC(689) Survivor regions: 109->113(153)
[3248.865s][info][gc,heap        ] GC(689) Old regions: 535->471
[3248.865s][info][gc,heap        ] GC(689) Humongous regions: 80->80
[3248.865s][info][gc,metaspace   ] GC(689) Metaspace: 28899K(29312K)->28899K(29312K) NonClass: 24030K(24256K)->24030K(24256K) Class: 4868K(5056K)->4868K(5056K)
[3248.865s][info][gc             ] GC(689) Pause Young (Mixed) (G1 Evacuation Pause) 3670M->1327M(4096M) 136.564ms
[3248.865s][info][gc,cpu         ] GC(689) User=0.81s Sys=0.00s Real=0.14s
...[3252.146s][info][gc,start       ] GC(690) Pause Young (Concurrent Start) (G1 Evacuation Pause)
[3252.146s][info][gc,task        ] GC(690) Using 6 workers of 6 for evacuation
[3252.268s][info][gc,phases      ] GC(690)   Pre Evacuate Collection Set: 0.40ms
[3252.268s][info][gc,phases      ] GC(690)   Merge Heap Roots: 0.56ms
[3252.268s][info][gc,phases      ] GC(690)   Evacuate Collection Set: 119.72ms
[3252.268s][info][gc,phases      ] GC(690)   Post Evacuate Collection Set: 0.87ms
[3252.268s][info][gc,phases      ] GC(690)   Other: 0.12ms
[3252.268s][info][gc,heap        ] GC(690) Eden regions: 1115->0(1116)
[3252.268s][info][gc,heap        ] GC(690) Survivor regions: 113->112(154)
[3252.268s][info][gc,heap        ] GC(690) Old regions: 471->502
[3252.268s][info][gc,heap        ] GC(690) Humongous regions: 80->80
[3252.268s][info][gc,metaspace   ] GC(690) Metaspace: 28899K(29312K)->28899K(29312K) NonClass: 24030K(24256K)->24030K(24256K) Class: 4868K(5056K)->4868K(5056K)
[3252.268s][info][gc             ] GC(690) Pause Young (Concurrent Start) (G1 Evacuation Pause) 3557M->1387M(4096M) 121.806ms
[3252.268s][info][gc             ] GC(691) Concurrent Mark Cycle
[3252.268s][info][gc,marking     ] GC(691) Concurrent Scan Root Regions
[3252.268s][info][gc,cpu         ] GC(690) User=0.72s Sys=0.00s Real=0.12s
.[3252.415s][info][gc,marking     ] GC(691) Concurrent Scan Root Regions 147.857ms
[3252.416s][info][gc,marking     ] GC(691) Concurrent Mark
[3252.416s][info][gc,marking     ] GC(691) Concurrent Mark From Roots
[3252.416s][info][gc,task        ] GC(691) Using 2 workers of 2 for marking
[3252.966s][info][gc,marking     ] GC(691) Concurrent Mark From Roots 550.522ms
[3252.966s][info][gc,marking     ] GC(691) Concurrent Preclean
[3252.966s][info][gc,marking     ] GC(691) Concurrent Preclean 0.240ms
[3252.966s][info][gc,start       ] GC(691) Pause Remark
[3252.972s][info][gc             ] GC(691) Pause Remark 1923M->1923M(4096M) 5.081ms
[3252.972s][info][gc,cpu         ] GC(691) User=0.03s Sys=0.00s Real=0.01s
[3252.972s][info][gc,marking     ] GC(691) Concurrent Mark 556.136ms
[3252.972s][info][gc,marking     ] GC(691) Concurrent Rebuild Remembered Sets and Scrub Regions
[3253.174s][info][gc,marking     ] GC(691) Concurrent Rebuild Remembered Sets and Scrub Regions 202.631ms
[3253.174s][info][gc,start       ] GC(691) Pause Cleanup
[3253.175s][info][gc             ] GC(691) Pause Cleanup 2052M->2052M(4096M) 0.109ms
[3253.175s][info][gc,cpu         ] GC(691) User=0.00s Sys=0.00s Real=0.00s
[3253.175s][info][gc,marking     ] GC(691) Concurrent Clear Claimed Marks
[3253.175s][info][gc,marking     ] GC(691) Concurrent Clear Claimed Marks 0.021ms
[3253.175s][info][gc,marking     ] GC(691) Concurrent Cleanup for Next Mark
[3253.180s][info][gc,marking     ] GC(691) Concurrent Cleanup for Next Mark 4.971ms
[3253.180s][info][gc             ] GC(691) Concurrent Mark Cycle 912.056ms
...[3255.622s][info][gc,start       ] GC(692) Pause Young (Prepare Mixed) (G1 Evacuation Pause)
[3255.622s][info][gc,task        ] GC(692) Using 6 workers of 6 for evacuation
[3255.742s][info][gc,phases      ] GC(692)   Pre Evacuate Collection Set: 0.37ms
[3255.742s][info][gc,phases      ] GC(692)   Merge Heap Roots: 0.56ms
[3255.742s][info][gc,phases      ] GC(692)   Evacuate Collection Set: 118.41ms
[3255.742s][info][gc,phases      ] GC(692)   Post Evacuate Collection Set: 0.89ms
[3255.742s][info][gc,phases      ] GC(692)   Other: 0.10ms
[3255.742s][info][gc,heap        ] GC(692) Eden regions: 1116->0(1108)
[3255.742s][info][gc,heap        ] GC(692) Survivor regions: 112->112(154)
[3255.742s][info][gc,heap        ] GC(692) Old regions: 502->533
[3255.742s][info][gc,heap        ] GC(692) Humongous regions: 80->80
[3255.742s][info][gc,metaspace   ] GC(692) Metaspace: 28899K(29312K)->28899K(29312K) NonClass: 24030K(24256K)->24030K(24256K) Class: 4868K(5056K)->4868K(5056K)
[3255.742s][info][gc             ] GC(692) Pause Young (Prepare Mixed) (G1 Evacuation Pause) 3619M->1448M(4096M) 120.492ms
[3255.742s][info][gc,cpu         ] GC(692) User=0.71s Sys=0.00s Real=0.12s
...[3258.927s][info][gc,start       ] GC(693) Pause Young (Mixed) (G1 Evacuation Pause)
[3258.927s][info][gc,task        ] GC(693) Using 6 workers of 6 for evacuation
[3259.057s][info][gc,phases      ] GC(693)   Pre Evacuate Collection Set: 0.36ms
[3259.057s][info][gc,phases      ] GC(693)   Merge Heap Roots: 0.54ms
[3259.057s][info][gc,phases      ] GC(693)   Evacuate Collection Set: 128.35ms
[3259.057s][info][gc,phases      ] GC(693)   Post Evacuate Collection Set: 0.94ms
[3259.057s][info][gc,phases      ] GC(693)   Other: 0.09ms
[3259.057s][info][gc,heap        ] GC(693) Eden regions: 1108->0(1117)
[3259.057s][info][gc,heap        ] GC(693) Survivor regions: 112->111(153)
[3259.057s][info][gc,heap        ] GC(693) Old regions: 533->468
[3259.057s][info][gc,heap        ] GC(693) Humongous regions: 80->80
[3259.057s][info][gc,metaspace   ] GC(693) Metaspace: 28899K(29312K)->28899K(29312K) NonClass: 24030K(24256K)->24030K(24256K) Class: 4868K(5056K)->4868K(5056K)
[3259.057s][info][gc             ] GC(693) Pause Young (Mixed) (G1 Evacuation Pause) 3664M->1316M(4096M) 130.416ms
[3259.058s][info][gc,cpu         ] GC(693) User=0.78s Sys=0.00s Real=0.13s
....[3262.319s][info][gc,start       ] GC(694) Pause Young (Concurrent Start) (G1 Evacuation Pause)
[3262.319s][info][gc,task        ] GC(694) Using 6 workers of 6 for evacuation
[3262.437s][info][gc,phases      ] GC(694)   Pre Evacuate Collection Set: 0.40ms
[3262.437s][info][gc,phases      ] GC(694)   Merge Heap Roots: 0.47ms
[3262.437s][info][gc,phases      ] GC(694)   Evacuate Collection Set: 115.92ms
[3262.437s][info][gc,phases      ] GC(694)   Post Evacuate Collection Set: 0.87ms
[3262.437s][info][gc,phases      ] GC(694)   Other: 0.12ms
[3262.437s][info][gc,heap        ] GC(694) Eden regions: 1117->0(1119)
[3262.437s][info][gc,heap        ] GC(694) Survivor regions: 111->109(154)
[3262.437s][info][gc,heap        ] GC(694) Old regions: 468->502
[3262.437s][info][gc,heap        ] GC(694) Humongous regions: 80->80
[3262.437s][info][gc,metaspace   ] GC(694) Metaspace: 28899K(29312K)->28899K(29312K) NonClass: 24030K(24256K)->24030K(24256K) Class: 4868K(5056K)->4868K(5056K)
[3262.437s][info][gc             ] GC(694) Pause Young (Concurrent Start) (G1 Evacuation Pause) 3550M->1379M(4096M) 117.922ms
[3262.437s][info][gc             ] GC(695) Concurrent Mark Cycle
[3262.437s][info][gc,marking     ] GC(695) Concurrent Scan Root Regions
[3262.437s][info][gc,cpu         ] GC(694) User=0.70s Sys=0.00s Real=0.12s
[3262.627s][info][gc,marking     ] GC(695) Concurrent Scan Root Regions 190.208ms
[3262.628s][info][gc,marking     ] GC(695) Concurrent Mark
[3262.628s][info][gc,marking     ] GC(695) Concurrent Mark From Roots
[3262.628s][info][gc,task        ] GC(695) Using 2 workers of 2 for marking
.[3263.292s][info][gc,marking     ] GC(695) Concurrent Mark From Roots 664.813ms
[3263.292s][info][gc,marking     ] GC(695) Concurrent Preclean
[3263.292s][info][gc,marking     ] GC(695) Concurrent Preclean 0.080ms
[3263.293s][info][gc,start       ] GC(695) Pause Remark
[3263.297s][info][gc             ] GC(695) Pause Remark 2010M->2010M(4096M) 4.596ms
[3263.297s][info][gc,cpu         ] GC(695) User=0.03s Sys=0.00s Real=0.00s
[3263.297s][info][gc,marking     ] GC(695) Concurrent Mark 669.966ms
[3263.297s][info][gc,marking     ] GC(695) Concurrent Rebuild Remembered Sets and Scrub Regions
[3263.590s][info][gc,marking     ] GC(695) Concurrent Rebuild Remembered Sets and Scrub Regions 292.769ms
[3263.590s][info][gc,start       ] GC(695) Pause Cleanup
[3263.591s][info][gc             ] GC(695) Pause Cleanup 2198M->2198M(4096M) 0.100ms
[3263.591s][info][gc,cpu         ] GC(695) User=0.00s Sys=0.00s Real=0.00s
[3263.591s][info][gc,marking     ] GC(695) Concurrent Clear Claimed Marks
[3263.591s][info][gc,marking     ] GC(695) Concurrent Clear Claimed Marks 0.024ms
[3263.591s][info][gc,marking     ] GC(695) Concurrent Cleanup for Next Mark
[3263.595s][info][gc,marking     ] GC(695) Concurrent Cleanup for Next Mark 4.119ms
[3263.595s][info][gc             ] GC(695) Concurrent Mark Cycle 1157.542ms
..[3265.744s][info][gc,start       ] GC(696) Pause Young (Prepare Mixed) (G1 Evacuation Pause)
[3265.744s][info][gc,task        ] GC(696) Using 6 workers of 6 for evacuation
[3265.858s][info][gc,phases      ] GC(696)   Pre Evacuate Collection Set: 0.33ms
[3265.858s][info][gc,phases      ] GC(696)   Merge Heap Roots: 0.47ms
[3265.858s][info][gc,phases      ] GC(696)   Evacuate Collection Set: 112.63ms
[3265.858s][info][gc,phases      ] GC(696)   Post Evacuate Collection Set: 0.91ms
[3265.858s][info][gc,phases      ] GC(696)   Other: 0.09ms
[3265.858s][info][gc,heap        ] GC(696) Eden regions: 1119->0(1116)
[3265.858s][info][gc,heap        ] GC(696) Survivor regions: 109->108(154)
[3265.858s][info][gc,heap        ] GC(696) Old regions: 502->533
[3265.858s][info][gc,heap        ] GC(696) Humongous regions: 80->80
[3265.858s][info][gc,metaspace   ] GC(696) Metaspace: 28899K(29312K)->28899K(29312K) NonClass: 24030K(24256K)->24030K(24256K) Class: 4868K(5056K)->4868K(5056K)
[3265.858s][info][gc             ] GC(696) Pause Young (Prepare Mixed) (G1 Evacuation Pause) 3617M->1440M(4096M) 114.548ms
[3265.858s][info][gc,cpu         ] GC(696) User=0.68s Sys=0.00s Real=0.11s
...[3269.138s][info][gc,start       ] GC(697) Pause Young (Mixed) (G1 Evacuation Pause)
[3269.138s][info][gc,task        ] GC(697) Using 6 workers of 6 for evacuation
[3269.275s][info][gc,phases      ] GC(697)   Pre Evacuate Collection Set: 0.38ms
[3269.275s][info][gc,phases      ] GC(697)   Merge Heap Roots: 0.69ms
[3269.275s][info][gc,phases      ] GC(697)   Evacuate Collection Set: 134.19ms
[3269.275s][info][gc,phases      ] GC(697)   Post Evacuate Collection Set: 0.94ms
[3269.275s][info][gc,phases      ] GC(697)   Other: 0.09ms
[3269.275s][info][gc,heap        ] GC(697) Eden regions: 1116->0(1115)
[3269.275s][info][gc,heap        ] GC(697) Survivor regions: 108->113(153)
[3269.275s][info][gc,heap        ] GC(697) Old regions: 533->471
[3269.275s][info][gc,heap        ] GC(697) Humongous regions: 80->80
[3269.275s][info][gc,metaspace   ] GC(697) Metaspace: 28899K(29312K)->28899K(29312K) NonClass: 24030K(24256K)->24030K(24256K) Class: 4868K(5056K)->4868K(5056K)
[3269.275s][info][gc             ] GC(697) Pause Young (Mixed) (G1 Evacuation Pause) 3672M->1325M(4096M) 136.416ms
[3269.275s][info][gc,cpu         ] GC(697) User=0.81s Sys=0.00s Real=0.14s
....[3272.583s][info][gc,start       ] GC(698) Pause Young (Concurrent Start) (G1 Evacuation Pause)
[3272.583s][info][gc,task        ] GC(698) Using 6 workers of 6 for evacuation
[3272.698s][info][gc,phases      ] GC(698)   Pre Evacuate Collection Set: 0.42ms
[3272.698s][info][gc,phases      ] GC(698)   Merge Heap Roots: 0.49ms
[3272.698s][info][gc,phases      ] GC(698)   Evacuate Collection Set: 113.79ms
[3272.698s][info][gc,phases      ] GC(698)   Post Evacuate Collection Set: 0.87ms
[3272.698s][info][gc,phases      ] GC(698)   Other: 0.12ms
[3272.698s][info][gc,heap        ] GC(698) Eden regions: 1115->0(1118)
[3272.698s][info][gc,heap        ] GC(698) Survivor regions: 113->110(154)
[3272.698s][info][gc,heap        ] GC(698) Old regions: 471->503
[3272.698s][info][gc,heap        ] GC(698) Humongous regions: 80->80
[3272.698s][info][gc,metaspace   ] GC(698) Metaspace: 28899K(29312K)->28899K(29312K) NonClass: 24030K(24256K)->24030K(24256K) Class: 4868K(5056K)->4868K(5056K)
[3272.698s][info][gc             ] GC(698) Pause Young (Concurrent Start) (G1 Evacuation Pause) 3555M->1383M(4096M) 115.819ms
[3272.698s][info][gc             ] GC(699) Concurrent Mark Cycle
[3272.698s][info][gc,marking     ] GC(699) Concurrent Scan Root Regions
[3272.698s][info][gc,cpu         ] GC(698) User=0.69s Sys=0.00s Real=0.11s
[3272.881s][info][gc,marking     ] GC(699) Concurrent Scan Root Regions 182.942ms
[3272.881s][info][gc,marking     ] GC(699) Concurrent Mark
[3272.881s][info][gc,marking     ] GC(699) Concurrent Mark From Roots
[3272.881s][info][gc,task        ] GC(699) Using 2 workers of 2 for marking
.[3273.800s][info][gc,marking     ] GC(699) Concurrent Mark From Roots 918.669ms
[3273.800s][info][gc,marking     ] GC(699) Concurrent Preclean
[3273.800s][info][gc,marking     ] GC(699) Concurrent Preclean 0.159ms
[3273.800s][info][gc,start       ] GC(699) Pause Remark
[3273.807s][info][gc             ] GC(699) Pause Remark 2189M->2189M(4096M) 6.500ms
[3273.807s][info][gc,cpu         ] GC(699) User=0.03s Sys=0.00s Real=0.01s
[3273.807s][info][gc,marking     ] GC(699) Concurrent Mark 925.588ms
[3273.807s][info][gc,marking     ] GC(699) Concurrent Rebuild Remembered Sets and Scrub Regions
[3274.158s][info][gc,marking     ] GC(699) Concurrent Rebuild Remembered Sets and Scrub Regions 351.132ms
[3274.158s][info][gc,start       ] GC(699) Pause Cleanup
[3274.158s][info][gc             ] GC(699) Pause Cleanup 2429M->2429M(4096M) 0.108ms
[3274.158s][info][gc,cpu         ] GC(699) User=0.00s Sys=0.00s Real=0.00s
[3274.158s][info][gc,marking     ] GC(699) Concurrent Clear Claimed Marks
[3274.158s][info][gc,marking     ] GC(699) Concurrent Clear Claimed Marks 0.021ms
[3274.158s][info][gc,marking     ] GC(699) Concurrent Cleanup for Next Mark
[3274.162s][info][gc,marking     ] GC(699) Concurrent Cleanup for Next Mark 3.666ms
[3274.162s][info][gc             ] GC(699) Concurrent Mark Cycle 1463.798ms
..[3275.921s][info][gc,start       ] GC(700) Pause Young (Prepare Mixed) (G1 Evacuation Pause)
[3275.921s][info][gc,task        ] GC(700) Using 6 workers of 6 for evacuation
[3276.039s][info][gc,phases      ] GC(700)   Pre Evacuate Collection Set: 0.31ms
[3276.039s][info][gc,phases      ] GC(700)   Merge Heap Roots: 0.50ms
[3276.039s][info][gc,phases      ] GC(700)   Evacuate Collection Set: 116.55ms
[3276.039s][info][gc,phases      ] GC(700)   Post Evacuate Collection Set: 0.89ms
[3276.039s][info][gc,phases      ] GC(700)   Other: 0.09ms
[3276.039s][info][gc,heap        ] GC(700) Eden regions: 1118->0(1107)
[3276.039s][info][gc,heap        ] GC(700) Survivor regions: 110->112(154)
[3276.039s][info][gc,heap        ] GC(700) Old regions: 503->534
[3276.039s][info][gc,heap        ] GC(700) Humongous regions: 80->80
[3276.039s][info][gc,metaspace   ] GC(700) Metaspace: 28899K(29312K)->28899K(29312K) NonClass: 24030K(24256K)->24030K(24256K) Class: 4868K(5056K)->4868K(5056K)
[3276.039s][info][gc             ] GC(700) Pause Young (Prepare Mixed) (G1 Evacuation Pause) 3619M->1450M(4096M) 118.477ms
[3276.039s][info][gc,cpu         ] GC(700) User=0.71s Sys=0.00s Real=0.12s
... (rIR:aIR:PR = 5535:5534:5534) (tPR = 81999) [OK] 
  3278s: Performance info:
         Transaction,    Success,    Partial,     Failed,   Receipts, AvgBarcode, 
             Overall,     333482,          0,          0,     316787,      59.48, 
         Response times:
             Request,    Success,    Partial,     Failed,   SkipFail,     Probes,    Samples,      min,      p50,      p90,      p95,      p99,      max, 
       TotalPurchase,     316793,          0,          0,          0,     311071,     332985,      300,     4500,    11100,    33000,    79000,   212000,
     InStorePurchase,     166761,          0,          0,          0,     163810,     175168,      300,     4500,    10800,    32000,    79000,   212000,
      OnlinePurchase,     116703,          0,          0,          0,     114831,     122961,      300,     4600,    11600,    33000,    80000,   212000,
        InstPurchase,      33329,          0,          0,          0,      32430,      34856,      400,     4400,    11330,    33000,    80000,   212000,
          AssocOfCat,        336,          0,          0,          0,        273,        354,    19500,    34000,    56000,    70500,   176050,   187000,
      AssocOfProduct,       3333,          0,          0,          0,       3098,       3493,      400,     3500,     8500,    23000,    58060,   145000,
      BusinessReport,        835,          0,          0,          0,        734,        891,    26000,    39000,    71000,   107000,   182000,   206000,
          CustBuyBeh,       3332,          0,          0,          0,       3056,       3465,      300,     4800,    11440,    34000,    77000,   204000,
       ProductReturn,       8859,          0,          0,          0,       8454,       9292,      200,     5200,    12670,    38000,    92000,   169000,

  3278s: (41%)   IR =   5673 .[3279.376s][info][gc,start       ] GC(701) Pause Young (Mixed) (G1 Evacuation Pause)
[3279.376s][info][gc,task        ] GC(701) Using 6 workers of 6 for evacuation
[3279.509s][info][gc,phases      ] GC(701)   Pre Evacuate Collection Set: 0.35ms
[3279.509s][info][gc,phases      ] GC(701)   Merge Heap Roots: 0.68ms
[3279.509s][info][gc,phases      ] GC(701)   Evacuate Collection Set: 131.64ms
[3279.509s][info][gc,phases      ] GC(701)   Post Evacuate Collection Set: 0.95ms
[3279.509s][info][gc,phases      ] GC(701)   Other: 0.09ms
[3279.509s][info][gc,heap        ] GC(701) Eden regions: 1107->0(1118)
[3279.509s][info][gc,heap        ] GC(701) Survivor regions: 112->110(153)
[3279.509s][info][gc,heap        ] GC(701) Old regions: 534->470
[3279.509s][info][gc,heap        ] GC(701) Humongous regions: 80->80
[3279.509s][info][gc,metaspace   ] GC(701) Metaspace: 28899K(29312K)->28899K(29312K) NonClass: 24030K(24256K)->24030K(24256K) Class: 4868K(5056K)->4868K(5056K)
[3279.509s][info][gc             ] GC(701) Pause Young (Mixed) (G1 Evacuation Pause) 3664M->1319M(4096M) 133.833ms
[3279.509s][info][gc,cpu         ] GC(701) User=0.80s Sys=0.00s Real=0.13s
...[3282.655s][info][gc,start       ] GC(702) Pause Young (Concurrent Start) (G1 Evacuation Pause)
[3282.655s][info][gc,task        ] GC(702) Using 6 workers of 6 for evacuation
[3282.770s][info][gc,phases      ] GC(702)   Pre Evacuate Collection Set: 0.36ms
[3282.770s][info][gc,phases      ] GC(702)   Merge Heap Roots: 0.46ms
[3282.770s][info][gc,phases      ] GC(702)   Evacuate Collection Set: 113.51ms
[3282.770s][info][gc,phases      ] GC(702)   Post Evacuate Collection Set: 0.86ms
[3282.770s][info][gc,phases      ] GC(702)   Other: 0.10ms
[3282.770s][info][gc,heap        ] GC(702) Eden regions: 1118->0(1119)
[3282.770s][info][gc,heap        ] GC(702) Survivor regions: 110->109(154)
[3282.770s][info][gc,heap        ] GC(702) Old regions: 470->501
[3282.770s][info][gc,heap        ] GC(702) Humongous regions: 80->80
[3282.770s][info][gc,metaspace   ] GC(702) Metaspace: 28899K(29312K)->28899K(29312K) NonClass: 24030K(24256K)->24030K(24256K) Class: 4868K(5056K)->4868K(5056K)
[3282.770s][info][gc             ] GC(702) Pause Young (Concurrent Start) (G1 Evacuation Pause) 3555M->1378M(4096M) 115.441ms
[3282.770s][info][gc             ] GC(703) Concurrent Mark Cycle
[3282.770s][info][gc,marking     ] GC(703) Concurrent Scan Root Regions
[3282.770s][info][gc,cpu         ] GC(702) User=0.69s Sys=0.00s Real=0.11s
[3282.949s][info][gc,marking     ] GC(703) Concurrent Scan Root Regions 178.511ms
[3282.949s][info][gc,marking     ] GC(703) Concurrent Mark
[3282.949s][info][gc,marking     ] GC(703) Concurrent Mark From Roots
[3282.949s][info][gc,task        ] GC(703) Using 2 workers of 2 for marking
.|[3283.717s][info][gc,marking     ] GC(703) Concurrent Mark From Roots 767.945ms
[3283.717s][info][gc,marking     ] GC(703) Concurrent Preclean
[3283.717s][info][gc,marking     ] GC(703) Concurrent Preclean 0.082ms
[3283.717s][info][gc,start       ] GC(703) Pause Remark
[3283.723s][info][gc             ] GC(703) Pause Remark 2045M->2045M(4096M) 5.917ms
[3283.723s][info][gc,cpu         ] GC(703) User=0.03s Sys=0.00s Real=0.01s
[3283.723s][info][gc,marking     ] GC(703) Concurrent Mark 774.193ms
[3283.723s][info][gc,marking     ] GC(703) Concurrent Rebuild Remembered Sets and Scrub Regions
[3283.974s][info][gc,marking     ] GC(703) Concurrent Rebuild Remembered Sets and Scrub Regions 250.757ms
[3283.974s][info][gc,start       ] GC(703) Pause Cleanup
[3283.974s][info][gc             ] GC(703) Pause Cleanup 2234M->2234M(4096M) 0.122ms
[3283.974s][info][gc,cpu         ] GC(703) User=0.00s Sys=0.00s Real=0.00s
[3283.974s][info][gc,marking     ] GC(703) Concurrent Clear Claimed Marks
[3283.974s][info][gc,marking     ] GC(703) Concurrent Clear Claimed Marks 0.026ms
[3283.974s][info][gc,marking     ] GC(703) Concurrent Cleanup for Next Mark
[3283.978s][info][gc,marking     ] GC(703) Concurrent Cleanup for Next Mark 3.983ms
[3283.978s][info][gc             ] GC(703) Concurrent Mark Cycle 1207.936ms
..[3285.987s][info][gc,start       ] GC(704) Pause Young (Prepare Mixed) (G1 Evacuation Pause)
[3285.987s][info][gc,task        ] GC(704) Using 6 workers of 6 for evacuation
[3286.105s][info][gc,phases      ] GC(704)   Pre Evacuate Collection Set: 0.32ms
[3286.105s][info][gc,phases      ] GC(704)   Merge Heap Roots: 0.51ms
[3286.105s][info][gc,phases      ] GC(704)   Evacuate Collection Set: 115.37ms
[3286.105s][info][gc,phases      ] GC(704)   Post Evacuate Collection Set: 0.90ms
[3286.105s][info][gc,phases      ] GC(704)   Other: 0.08ms
[3286.105s][info][gc,heap        ] GC(704) Eden regions: 1119->0(1114)
[3286.105s][info][gc,heap        ] GC(704) Survivor regions: 109->109(154)
[3286.105s][info][gc,heap        ] GC(704) Old regions: 501->533
[3286.105s][info][gc,heap        ] GC(704) Humongous regions: 80->80
[3286.105s][info][gc,metaspace   ] GC(704) Metaspace: 28899K(29312K)->28899K(29312K) NonClass: 24030K(24256K)->24030K(24256K) Class: 4868K(5056K)->4868K(5056K)
[3286.105s][info][gc             ] GC(704) Pause Young (Prepare Mixed) (G1 Evacuation Pause) 3616M->1442M(4096M) 117.325ms
[3286.105s][info][gc,cpu         ] GC(704) User=0.70s Sys=0.00s Real=0.12s
...[3289.269s][info][gc,start       ] GC(705) Pause Young (Mixed) (G1 Evacuation Pause)
[3289.269s][info][gc,task        ] GC(705) Using 6 workers of 6 for evacuation
[3289.401s][info][gc,phases      ] GC(705)   Pre Evacuate Collection Set: 0.33ms
[3289.401s][info][gc,phases      ] GC(705)   Merge Heap Roots: 0.70ms
[3289.401s][info][gc,phases      ] GC(705)   Evacuate Collection Set: 129.66ms
[3289.401s][info][gc,phases      ] GC(705)   Post Evacuate Collection Set: 0.92ms
[3289.401s][info][gc,phases      ] GC(705)   Other: 0.09ms
[3289.401s][info][gc,heap        ] GC(705) Eden regions: 1114->0(1121)
[3289.401s][info][gc,heap        ] GC(705) Survivor regions: 109->107(153)
[3289.401s][info][gc,heap        ] GC(705) Old regions: 533->472
[3289.401s][info][gc,heap        ] GC(705) Humongous regions: 80->80
[3289.401s][info][gc,metaspace   ] GC(705) Metaspace: 28899K(29312K)->28899K(29312K) NonClass: 24030K(24256K)->24030K(24256K) Class: 4868K(5056K)->4868K(5056K)
[3289.401s][info][gc             ] GC(705) Pause Young (Mixed) (G1 Evacuation Pause) 3670M->1315M(4096M) 131.822ms
[3289.401s][info][gc,cpu         ] GC(705) User=0.78s Sys=0.00s Real=0.13s
....[3292.640s][info][gc,start       ] GC(706) Pause Young (Concurrent Start) (G1 Evacuation Pause)
[3292.640s][info][gc,task        ] GC(706) Using 6 workers of 6 for evacuation
[3292.760s][info][gc,phases      ] GC(706)   Pre Evacuate Collection Set: 0.34ms
[3292.760s][info][gc,phases      ] GC(706)   Merge Heap Roots: 0.46ms
[3292.760s][info][gc,phases      ] GC(706)   Evacuate Collection Set: 117.62ms
[3292.760s][info][gc,phases      ] GC(706)   Post Evacuate Collection Set: 0.86ms
[3292.760s][info][gc,phases      ] GC(706)   Other: 0.10ms
[3292.760s][info][gc,heap        ] GC(706) Eden regions: 1121->0(1117)
[3292.760s][info][gc,heap        ] GC(706) Survivor regions: 107->111(154)
[3292.760s][info][gc,heap        ] GC(706) Old regions: 472->504
[3292.760s][info][gc,heap        ] GC(706) Humongous regions: 80->80
[3292.760s][info][gc,metaspace   ] GC(706) Metaspace: 28899K(29312K)->28899K(29312K) NonClass: 24030K(24256K)->24030K(24256K) Class: 4868K(5056K)->4868K(5056K)
[3292.760s][info][gc             ] GC(706) Pause Young (Concurrent Start) (G1 Evacuation Pause) 3557M->1388M(4096M) 119.514ms
[3292.760s][info][gc             ] GC(707) Concurrent Mark Cycle
[3292.760s][info][gc,marking     ] GC(707) Concurrent Scan Root Regions
[3292.760s][info][gc,cpu         ] GC(706) User=0.71s Sys=0.00s Real=0.12s
[3292.908s][info][gc,marking     ] GC(707) Concurrent Scan Root Regions 148.221ms
[3292.908s][info][gc,marking     ] GC(707) Concurrent Mark
[3292.908s][info][gc,marking     ] GC(707) Concurrent Mark From Roots
[3292.908s][info][gc,task        ] GC(707) Using 2 workers of 2 for marking
.[3293.574s][info][gc,marking     ] GC(707) Concurrent Mark From Roots 666.084ms
[3293.574s][info][gc,marking     ] GC(707) Concurrent Preclean
[3293.575s][info][gc,marking     ] GC(707) Concurrent Preclean 0.127ms
[3293.578s][info][gc,start       ] GC(707) Pause Remark
[3293.583s][info][gc             ] GC(707) Pause Remark 2018M->2018M(4096M) 4.664ms
[3293.583s][info][gc,cpu         ] GC(707) User=0.02s Sys=0.00s Real=0.01s
[3293.583s][info][gc,marking     ] GC(707) Concurrent Mark 674.706ms
[3293.583s][info][gc,marking     ] GC(707) Concurrent Rebuild Remembered Sets and Scrub Regions
[3293.824s][info][gc,marking     ] GC(707) Concurrent Rebuild Remembered Sets and Scrub Regions 241.537ms
[3293.825s][info][gc,start       ] GC(707) Pause Cleanup
[3293.825s][info][gc             ] GC(707) Pause Cleanup 2191M->2191M(4096M) 0.104ms
[3293.825s][info][gc,cpu         ] GC(707) User=0.00s Sys=0.00s Real=0.00s
[3293.825s][info][gc,marking     ] GC(707) Concurrent Clear Claimed Marks
[3293.825s][info][gc,marking     ] GC(707) Concurrent Clear Claimed Marks 0.025ms
[3293.825s][info][gc,marking     ] GC(707) Concurrent Cleanup for Next Mark
[3293.829s][info][gc,marking     ] GC(707) Concurrent Cleanup for Next Mark 4.427ms
[3293.829s][info][gc             ] GC(707) Concurrent Mark Cycle 1069.382ms
..[3295.938s][info][gc,start       ] GC(708) Pause Young (Prepare Mixed) (G1 Evacuation Pause)
[3295.938s][info][gc,task        ] GC(708) Using 6 workers of 6 for evacuation
[3296.055s][info][gc,phases      ] GC(708)   Pre Evacuate Collection Set: 0.31ms
[3296.055s][info][gc,phases      ] GC(708)   Merge Heap Roots: 0.49ms
[3296.055s][info][gc,phases      ] GC(708)   Evacuate Collection Set: 114.94ms
[3296.055s][info][gc,phases      ] GC(708)   Post Evacuate Collection Set: 0.92ms
[3296.055s][info][gc,phases      ] GC(708)   Other: 0.08ms
[3296.055s][info][gc,heap        ] GC(708) Eden regions: 1117->0(1110)
[3296.055s][info][gc,heap        ] GC(708) Survivor regions: 111->110(154)
[3296.055s][info][gc,heap        ] GC(708) Old regions: 504->535
[3296.055s][info][gc,heap        ] GC(708) Humongous regions: 80->80
[3296.055s][info][gc,metaspace   ] GC(708) Metaspace: 28899K(29312K)->28899K(29312K) NonClass: 24030K(24256K)->24030K(24256K) Class: 4868K(5056K)->4868K(5056K)
[3296.055s][info][gc             ] GC(708) Pause Young (Prepare Mixed) (G1 Evacuation Pause) 3622M->1448M(4096M) 116.873ms
[3296.055s][info][gc,cpu         ] GC(708) User=0.69s Sys=0.00s Real=0.12s
...[3299.194s][info][gc,start       ] GC(709) Pause Young (Mixed) (G1 Evacuation Pause)
[3299.194s][info][gc,task        ] GC(709) Using 6 workers of 6 for evacuation
[3299.327s][info][gc,phases      ] GC(709)   Pre Evacuate Collection Set: 0.36ms
[3299.327s][info][gc,phases      ] GC(709)   Merge Heap Roots: 0.62ms
[3299.327s][info][gc,phases      ] GC(709)   Evacuate Collection Set: 131.65ms
[3299.327s][info][gc,phases      ] GC(709)   Post Evacuate Collection Set: 0.92ms
[3299.327s][info][gc,phases      ] GC(709)   Other: 0.09ms
[3299.327s][info][gc,heap        ] GC(709) Eden regions: 1110->0(1119)
[3299.327s][info][gc,heap        ] GC(709) Survivor regions: 110->109(153)
[3299.327s][info][gc,heap        ] GC(709) Old regions: 535->473
[3299.327s][info][gc,heap        ] GC(709) Humongous regions: 80->80
[3299.327s][info][gc,metaspace   ] GC(709) Metaspace: 28899K(29312K)->28899K(29312K) NonClass: 24030K(24256K)->24030K(24256K) Class: 4868K(5056K)->4868K(5056K)
[3299.327s][info][gc             ] GC(709) Pause Young (Mixed) (G1 Evacuation Pause) 3668M->1322M(4096M) 133.756ms
[3299.327s][info][gc,cpu         ] GC(709) User=0.80s Sys=0.00s Real=0.13s
....[3302.620s][info][gc,start       ] GC(710) Pause Young (Concurrent Start) (G1 Evacuation Pause)
[3302.620s][info][gc,task        ] GC(710) Using 6 workers of 6 for evacuation
[3302.736s][info][gc,phases      ] GC(710)   Pre Evacuate Collection Set: 0.34ms
[3302.736s][info][gc,phases      ] GC(710)   Merge Heap Roots: 0.45ms
[3302.736s][info][gc,phases      ] GC(710)   Evacuate Collection Set: 113.99ms
[3302.736s][info][gc,phases      ] GC(710)   Post Evacuate Collection Set: 0.87ms
[3302.736s][info][gc,phases      ] GC(710)   Other: 0.10ms
[3302.736s][info][gc,heap        ] GC(710) Eden regions: 1119->0(1118)
[3302.736s][info][gc,heap        ] GC(710) Survivor regions: 109->110(154)
[3302.736s][info][gc,heap        ] GC(710) Old regions: 473->504
[3302.736s][info][gc,heap        ] GC(710) Humongous regions: 80->80
[3302.736s][info][gc,metaspace   ] GC(710) Metaspace: 28899K(29312K)->28899K(29312K) NonClass: 24030K(24256K)->24030K(24256K) Class: 4868K(5056K)->4868K(5056K)
[3302.736s][info][gc             ] GC(710) Pause Young (Concurrent Start) (G1 Evacuation Pause) 3560M->1387M(4096M) 115.887ms
[3302.736s][info][gc             ] GC(711) Concurrent Mark Cycle
[3302.736s][info][gc,marking     ] GC(711) Concurrent Scan Root Regions
[3302.736s][info][gc,cpu         ] GC(710) User=0.69s Sys=0.00s Real=0.12s
[3302.881s][info][gc,marking     ] GC(711) Concurrent Scan Root Regions 144.608ms
[3302.881s][info][gc,marking     ] GC(711) Concurrent Mark
[3302.881s][info][gc,marking     ] GC(711) Concurrent Mark From Roots
[3302.881s][info][gc,task        ] GC(711) Using 2 workers of 2 for marking
.[3303.532s][info][gc,marking     ] GC(711) Concurrent Mark From Roots 651.103ms
[3303.532s][info][gc,marking     ] GC(711) Concurrent Preclean
[3303.532s][info][gc,marking     ] GC(711) Concurrent Preclean 0.100ms
[3303.533s][info][gc,start       ] GC(711) Pause Remark
[3303.537s][info][gc             ] GC(711) Pause Remark 1977M->1977M(4096M) 4.224ms
[3303.537s][info][gc,cpu         ] GC(711) User=0.02s Sys=0.00s Real=0.00s
[3303.537s][info][gc,marking     ] GC(711) Concurrent Mark 656.585ms
[3303.537s][info][gc,marking     ] GC(711) Concurrent Rebuild Remembered Sets and Scrub Regions
[3303.777s][info][gc,marking     ] GC(711) Concurrent Rebuild Remembered Sets and Scrub Regions 240.108ms
[3303.778s][info][gc,start       ] GC(711) Pause Cleanup
[3303.778s][info][gc             ] GC(711) Pause Cleanup 2136M->2136M(4096M) 0.116ms
[3303.778s][info][gc,cpu         ] GC(711) User=0.00s Sys=0.00s Real=0.00s
[3303.779s][info][gc,marking     ] GC(711) Concurrent Clear Claimed Marks
[3303.779s][info][gc,marking     ] GC(711) Concurrent Clear Claimed Marks 0.041ms
[3303.779s][info][gc,marking     ] GC(711) Concurrent Cleanup for Next Mark
[3303.783s][info][gc,marking     ] GC(711) Concurrent Cleanup for Next Mark 4.047ms
[3303.783s][info][gc             ] GC(711) Concurrent Mark Cycle 1047.327ms
..[3305.915s][info][gc,start       ] GC(712) Pause Young (Prepare Mixed) (G1 Evacuation Pause)
[3305.915s][info][gc,task        ] GC(712) Using 6 workers of 6 for evacuation
[3306.031s][info][gc,phases      ] GC(712)   Pre Evacuate Collection Set: 0.34ms
[3306.031s][info][gc,phases      ] GC(712)   Merge Heap Roots: 0.49ms
[3306.031s][info][gc,phases      ] GC(712)   Evacuate Collection Set: 114.17ms
[3306.031s][info][gc,phases      ] GC(712)   Post Evacuate Collection Set: 0.90ms
[3306.031s][info][gc,phases      ] GC(712)   Other: 0.09ms
[3306.031s][info][gc,heap        ] GC(712) Eden regions: 1118->0(1109)
[3306.031s][info][gc,heap        ] GC(712) Survivor regions: 110->111(154)
[3306.031s][info][gc,heap        ] GC(712) Old regions: 504->534
[3306.031s][info][gc,heap        ] GC(712) Humongous regions: 80->80
[3306.031s][info][gc,metaspace   ] GC(712) Metaspace: 28899K(29312K)->28899K(29312K) NonClass: 24030K(24256K)->24030K(24256K) Class: 4868K(5056K)->4868K(5056K)
[3306.031s][info][gc             ] GC(712) Pause Young (Prepare Mixed) (G1 Evacuation Pause) 3623M->1449M(4096M) 116.118ms
[3306.031s][info][gc,cpu         ] GC(712) User=0.69s Sys=0.00s Real=0.12s
...[3309.216s][info][gc,start       ] GC(713) Pause Young (Mixed) (G1 Evacuation Pause)
[3309.216s][info][gc,task        ] GC(713) Using 6 workers of 6 for evacuation
[3309.350s][info][gc,phases      ] GC(713)   Pre Evacuate Collection Set: 0.39ms
[3309.350s][info][gc,phases      ] GC(713)   Merge Heap Roots: 0.71ms
[3309.351s][info][gc,phases      ] GC(713)   Evacuate Collection Set: 132.43ms
[3309.351s][info][gc,phases      ] GC(713)   Post Evacuate Collection Set: 0.92ms
[3309.351s][info][gc,phases      ] GC(713)   Other: 0.08ms
[3309.351s][info][gc,heap        ] GC(713) Eden regions: 1109->0(1120)
[3309.351s][info][gc,heap        ] GC(713) Survivor regions: 111->108(153)
[3309.351s][info][gc,heap        ] GC(713) Old regions: 534->471
[3309.351s][info][gc,heap        ] GC(713) Humongous regions: 80->80
[3309.351s][info][gc,metaspace   ] GC(713) Metaspace: 28899K(29312K)->28899K(29312K) NonClass: 24030K(24256K)->24030K(24256K) Class: 4868K(5056K)->4868K(5056K)
[3309.351s][info][gc             ] GC(713) Pause Young (Mixed) (G1 Evacuation Pause) 3667M->1317M(4096M) 134.666ms
[3309.351s][info][gc,cpu         ] GC(713) User=0.80s Sys=0.00s Real=0.13s
....[3312.568s][info][gc,start       ] GC(714) Pause Young (Concurrent Start) (G1 Evacuation Pause)
[3312.568s][info][gc,task        ] GC(714) Using 6 workers of 6 for evacuation
[3312.682s][info][gc,phases      ] GC(714)   Pre Evacuate Collection Set: 0.39ms
[3312.682s][info][gc,phases      ] GC(714)   Merge Heap Roots: 0.45ms
[3312.682s][info][gc,phases      ] GC(714)   Evacuate Collection Set: 112.28ms
[3312.682s][info][gc,phases      ] GC(714)   Post Evacuate Collection Set: 0.87ms
[3312.682s][info][gc,phases      ] GC(714)   Other: 0.12ms
[3312.682s][info][gc,heap        ] GC(714) Eden regions: 1120->0(1120)
[3312.682s][info][gc,heap        ] GC(714) Survivor regions: 108->108(154)
[3312.682s][info][gc,heap        ] GC(714) Old regions: 471->503
[3312.682s][info][gc,heap        ] GC(714) Humongous regions: 80->80
[3312.682s][info][gc,metaspace   ] GC(714) Metaspace: 28900K(29312K)->28900K(29312K) NonClass: 24032K(24256K)->24032K(24256K) Class: 4868K(5056K)->4868K(5056K)
[3312.682s][info][gc             ] GC(714) Pause Young (Concurrent Start) (G1 Evacuation Pause) 3557M->1380M(4096M) 114.243ms
[3312.682s][info][gc             ] GC(715) Concurrent Mark Cycle
[3312.682s][info][gc,marking     ] GC(715) Concurrent Scan Root Regions
[3312.682s][info][gc,cpu         ] GC(714) User=0.68s Sys=0.00s Real=0.12s
[3312.869s][info][gc,marking     ] GC(715) Concurrent Scan Root Regions 186.168ms
[3312.869s][info][gc,marking     ] GC(715) Concurrent Mark
[3312.869s][info][gc,marking     ] GC(715) Concurrent Mark From Roots
[3312.869s][info][gc,task        ] GC(715) Using 2 workers of 2 for marking
.[3313.811s][info][gc,marking     ] GC(715) Concurrent Mark From Roots 942.408ms
[3313.811s][info][gc,marking     ] GC(715) Concurrent Preclean
[3313.811s][info][gc,marking     ] GC(715) Concurrent Preclean 0.116ms
[3313.812s][info][gc,start       ] GC(715) Pause Remark
[3313.818s][info][gc             ] GC(715) Pause Remark 2230M->2230M(4096M) 6.794ms
[3313.818s][info][gc,cpu         ] GC(715) User=0.04s Sys=0.00s Real=0.00s
[3313.819s][info][gc,marking     ] GC(715) Concurrent Mark 949.973ms
[3313.819s][info][gc,marking     ] GC(715) Concurrent Rebuild Remembered Sets and Scrub Regions
[3314.063s][info][gc,marking     ] GC(715) Concurrent Rebuild Remembered Sets and Scrub Regions 244.489ms
[3314.063s][info][gc,start       ] GC(715) Pause Cleanup
[3314.063s][info][gc             ] GC(715) Pause Cleanup 2401M->2401M(4096M) 0.103ms
[3314.063s][info][gc,cpu         ] GC(715) User=0.00s Sys=0.00s Real=0.00s
[3314.063s][info][gc,marking     ] GC(715) Concurrent Clear Claimed Marks
[3314.063s][info][gc,marking     ] GC(715) Concurrent Clear Claimed Marks 0.019ms
[3314.063s][info][gc,marking     ] GC(715) Concurrent Cleanup for Next Mark
[3314.067s][info][gc,marking     ] GC(715) Concurrent Cleanup for Next Mark 3.477ms
[3314.067s][info][gc             ] GC(715) Concurrent Mark Cycle 1384.556ms
..[3315.886s][info][gc,start       ] GC(716) Pause Young (Prepare Mixed) (G1 Evacuation Pause)
[3315.886s][info][gc,task        ] GC(716) Using 6 workers of 6 for evacuation
[3316.010s][info][gc,phases      ] GC(716)   Pre Evacuate Collection Set: 0.33ms
[3316.010s][info][gc,phases      ] GC(716)   Merge Heap Roots: 0.52ms
[3316.010s][info][gc,phases      ] GC(716)   Evacuate Collection Set: 121.94ms
[3316.010s][info][gc,phases      ] GC(716)   Post Evacuate Collection Set: 0.93ms
[3316.010s][info][gc,phases      ] GC(716)   Other: 0.08ms
[3316.010s][info][gc,heap        ] GC(716) Eden regions: 1120->0(1100)
[3316.010s][info][gc,heap        ] GC(716) Survivor regions: 108->116(154)
[3316.010s][info][gc,heap        ] GC(716) Old regions: 503->533
[3316.010s][info][gc,heap        ] GC(716) Humongous regions: 80->80
[3316.010s][info][gc,metaspace   ] GC(716) Metaspace: 28900K(29312K)->28900K(29312K) NonClass: 24032K(24256K)->24032K(24256K) Class: 4868K(5056K)->4868K(5056K)
[3316.010s][info][gc             ] GC(716) Pause Young (Prepare Mixed) (G1 Evacuation Pause) 3620M->1457M(4096M) 123.923ms
[3316.010s][info][gc,cpu         ] GC(716) User=0.74s Sys=0.00s Real=0.12s
...[3319.125s][info][gc,start       ] GC(717) Pause Young (Mixed) (G1 Evacuation Pause)
[3319.125s][info][gc,task        ] GC(717) Using 6 workers of 6 for evacuation
[3319.263s][info][gc,phases      ] GC(717)   Pre Evacuate Collection Set: 0.37ms
[3319.263s][info][gc,phases      ] GC(717)   Merge Heap Roots: 0.62ms
[3319.263s][info][gc,phases      ] GC(717)   Evacuate Collection Set: 135.53ms
[3319.263s][info][gc,phases      ] GC(717)   Post Evacuate Collection Set: 0.94ms
[3319.263s][info][gc,phases      ] GC(717)   Other: 0.08ms
[3319.263s][info][gc,heap        ] GC(717) Eden regions: 1100->0(1115)
[3319.263s][info][gc,heap        ] GC(717) Survivor regions: 116->113(152)
[3319.263s][info][gc,heap        ] GC(717) Old regions: 533->471
[3319.263s][info][gc,heap        ] GC(717) Humongous regions: 80->80
[3319.263s][info][gc,metaspace   ] GC(717) Metaspace: 28900K(29312K)->28900K(29312K) NonClass: 24032K(24256K)->24032K(24256K) Class: 4868K(5056K)->4868K(5056K)
[3319.263s][info][gc             ] GC(717) Pause Young (Mixed) (G1 Evacuation Pause) 3657M->1327M(4096M) 137.668ms
[3319.263s][info][gc,cpu         ] GC(717) User=0.82s Sys=0.00s Real=0.14s
...[3322.489s][info][gc,start       ] GC(718) Pause Young (Concurrent Start) (G1 Evacuation Pause)
[3322.489s][info][gc,task        ] GC(718) Using 6 workers of 6 for evacuation
[3322.605s][info][gc,phases      ] GC(718)   Pre Evacuate Collection Set: 0.39ms
[3322.605s][info][gc,phases      ] GC(718)   Merge Heap Roots: 0.46ms
[3322.605s][info][gc,phases      ] GC(718)   Evacuate Collection Set: 114.27ms
[3322.605s][info][gc,phases      ] GC(718)   Post Evacuate Collection Set: 0.85ms
[3322.605s][info][gc,phases      ] GC(718)   Other: 0.11ms
[3322.605s][info][gc,heap        ] GC(718) Eden regions: 1115->0(1120)
[3322.605s][info][gc,heap        ] GC(718) Survivor regions: 113->108(154)
[3322.605s][info][gc,heap        ] GC(718) Old regions: 471->504
[3322.605s][info][gc,heap        ] GC(718) Humongous regions: 80->80
[3322.605s][info][gc,metaspace   ] GC(718) Metaspace: 28900K(29312K)->28900K(29312K) NonClass: 24032K(24256K)->24032K(24256K) Class: 4868K(5056K)->4868K(5056K)
[3322.605s][info][gc             ] GC(718) Pause Young (Concurrent Start) (G1 Evacuation Pause) 3557M->1381M(4096M) 116.216ms
[3322.606s][info][gc             ] GC(719) Concurrent Mark Cycle
[3322.606s][info][gc,marking     ] GC(719) Concurrent Scan Root Regions
[3322.606s][info][gc,cpu         ] GC(718) User=0.69s Sys=0.00s Real=0.12s
.[3322.787s][info][gc,marking     ] GC(719) Concurrent Scan Root Regions 181.314ms
[3322.787s][info][gc,marking     ] GC(719) Concurrent Mark
[3322.787s][info][gc,marking     ] GC(719) Concurrent Mark From Roots
[3322.787s][info][gc,task        ] GC(719) Using 2 workers of 2 for marking
[3323.600s][info][gc,marking     ] GC(719) Concurrent Mark From Roots 813.459ms
[3323.600s][info][gc,marking     ] GC(719) Concurrent Preclean
[3323.600s][info][gc,marking     ] GC(719) Concurrent Preclean 0.106ms
[3323.601s][info][gc,start       ] GC(719) Pause Remark
[3323.607s][info][gc             ] GC(719) Pause Remark 2115M->2115M(4096M) 5.748ms
[3323.607s][info][gc,cpu         ] GC(719) User=0.04s Sys=0.00s Real=0.00s
[3323.607s][info][gc,marking     ] GC(719) Concurrent Mark 820.432ms
[3323.607s][info][gc,marking     ] GC(719) Concurrent Rebuild Remembered Sets and Scrub Regions
.[3323.898s][info][gc,marking     ] GC(719) Concurrent Rebuild Remembered Sets and Scrub Regions 290.892ms
[3323.899s][info][gc,start       ] GC(719) Pause Cleanup
[3323.899s][info][gc             ] GC(719) Pause Cleanup 2329M->2329M(4096M) 0.116ms
[3323.899s][info][gc,cpu         ] GC(719) User=0.00s Sys=0.00s Real=0.00s
[3323.899s][info][gc,marking     ] GC(719) Concurrent Clear Claimed Marks
[3323.899s][info][gc,marking     ] GC(719) Concurrent Clear Claimed Marks 0.029ms
[3323.899s][info][gc,marking     ] GC(719) Concurrent Cleanup for Next Mark
[3323.905s][info][gc,marking     ] GC(719) Concurrent Cleanup for Next Mark 5.539ms
[3323.905s][info][gc             ] GC(719) Concurrent Mark Cycle 1299.144ms
..[3325.807s][info][gc,start       ] GC(720) Pause Young (Prepare Mixed) (G1 Evacuation Pause)
[3325.807s][info][gc,task        ] GC(720) Using 6 workers of 6 for evacuation
[3325.929s][info][gc,phases      ] GC(720)   Pre Evacuate Collection Set: 0.30ms
[3325.929s][info][gc,phases      ] GC(720)   Merge Heap Roots: 0.47ms
[3325.929s][info][gc,phases      ] GC(720)   Evacuate Collection Set: 120.70ms
[3325.929s][info][gc,phases      ] GC(720)   Post Evacuate Collection Set: 0.89ms
[3325.929s][info][gc,phases      ] GC(720)   Other: 0.08ms
[3325.929s][info][gc,heap        ] GC(720) Eden regions: 1120->0(1100)
[3325.929s][info][gc,heap        ] GC(720) Survivor regions: 108->115(154)
[3325.929s][info][gc,heap        ] GC(720) Old regions: 504->535
[3325.929s][info][gc,heap        ] GC(720) Humongous regions: 80->80
[3325.929s][info][gc,metaspace   ] GC(720) Metaspace: 28900K(29312K)->28900K(29312K) NonClass: 24032K(24256K)->24032K(24256K) Class: 4868K(5056K)->4868K(5056K)
[3325.929s][info][gc             ] GC(720) Pause Young (Prepare Mixed) (G1 Evacuation Pause) 3621M->1458M(4096M) 122.562ms
[3325.929s][info][gc,cpu         ] GC(720) User=0.73s Sys=0.00s Real=0.12s
...[3329.067s][info][gc,start       ] GC(721) Pause Young (Mixed) (G1 Evacuation Pause)
[3329.067s][info][gc,task        ] GC(721) Using 6 workers of 6 for evacuation
[3329.201s][info][gc,phases      ] GC(721)   Pre Evacuate Collection Set: 0.34ms
[3329.201s][info][gc,phases      ] GC(721)   Merge Heap Roots: 0.59ms
[3329.201s][info][gc,phases      ] GC(721)   Evacuate Collection Set: 131.52ms
[3329.201s][info][gc,phases      ] GC(721)   Post Evacuate Collection Set: 0.97ms
[3329.201s][info][gc,phases      ] GC(721)   Other: 0.08ms
[3329.201s][info][gc,heap        ] GC(721) Eden regions: 1100->0(1117)
[3329.201s][info][gc,heap        ] GC(721) Survivor regions: 115->111(152)
[3329.201s][info][gc,heap        ] GC(721) Old regions: 535->473
[3329.201s][info][gc,heap        ] GC(721) Humongous regions: 80->80
[3329.201s][info][gc,metaspace   ] GC(721) Metaspace: 28900K(29312K)->28900K(29312K) NonClass: 24032K(24256K)->24032K(24256K) Class: 4868K(5056K)->4868K(5056K)
[3329.201s][info][gc             ] GC(721) Pause Young (Mixed) (G1 Evacuation Pause) 3658M->1326M(4096M) 133.650ms
[3329.201s][info][gc,cpu         ] GC(721) User=0.79s Sys=0.00s Real=0.13s
...[3332.420s][info][gc,start       ] GC(722) Pause Young (Concurrent Start) (G1 Evacuation Pause)
[3332.420s][info][gc,task        ] GC(722) Using 6 workers of 6 for evacuation
[3332.537s][info][gc,phases      ] GC(722)   Pre Evacuate Collection Set: 0.34ms
[3332.537s][info][gc,phases      ] GC(722)   Merge Heap Roots: 0.44ms
[3332.537s][info][gc,phases      ] GC(722)   Evacuate Collection Set: 115.00ms
[3332.537s][info][gc,phases      ] GC(722)   Post Evacuate Collection Set: 0.85ms
[3332.537s][info][gc,phases      ] GC(722)   Other: 0.11ms
[3332.537s][info][gc,heap        ] GC(722) Eden regions: 1117->0(1120)
[3332.537s][info][gc,heap        ] GC(722) Survivor regions: 111->108(154)
[3332.537s][info][gc,heap        ] GC(722) Old regions: 473->504
[3332.537s][info][gc,heap        ] GC(722) Humongous regions: 80->80
[3332.537s][info][gc,metaspace   ] GC(722) Metaspace: 28902K(29312K)->28902K(29312K) NonClass: 24034K(24256K)->24034K(24256K) Class: 4868K(5056K)->4868K(5056K)
[3332.537s][info][gc             ] GC(722) Pause Young (Concurrent Start) (G1 Evacuation Pause) 3560M->1381M(4096M) 116.886ms
[3332.537s][info][gc             ] GC(723) Concurrent Mark Cycle
[3332.537s][info][gc,marking     ] GC(723) Concurrent Scan Root Regions
[3332.537s][info][gc,cpu         ] GC(722) User=0.70s Sys=0.00s Real=0.12s
[3332.713s][info][gc,marking     ] GC(723) Concurrent Scan Root Regions 175.543ms
[3332.713s][info][gc,marking     ] GC(723) Concurrent Mark
[3332.713s][info][gc,marking     ] GC(723) Concurrent Mark From Roots
[3332.713s][info][gc,task        ] GC(723) Using 2 workers of 2 for marking
.[3333.343s][info][gc,marking     ] GC(723) Concurrent Mark From Roots 630.780ms
[3333.343s][info][gc,marking     ] GC(723) Concurrent Preclean
[3333.344s][info][gc,marking     ] GC(723) Concurrent Preclean 0.091ms
[3333.344s][info][gc,start       ] GC(723) Pause Remark
[3333.349s][info][gc             ] GC(723) Pause Remark 1969M->1969M(4096M) 5.144ms
[3333.349s][info][gc,cpu         ] GC(723) User=0.03s Sys=0.00s Real=0.00s
[3333.350s][info][gc,marking     ] GC(723) Concurrent Mark 636.997ms
[3333.350s][info][gc,marking     ] GC(723) Concurrent Rebuild Remembered Sets and Scrub Regions
[3333.598s][info][gc,marking     ] GC(723) Concurrent Rebuild Remembered Sets and Scrub Regions 248.027ms
[3333.598s][info][gc,start       ] GC(723) Pause Cleanup
[3333.598s][info][gc             ] GC(723) Pause Cleanup 2137M->2137M(4096M) 0.113ms
[3333.598s][info][gc,cpu         ] GC(723) User=0.00s Sys=0.00s Real=0.00s
[3333.598s][info][gc,marking     ] GC(723) Concurrent Clear Claimed Marks
[3333.598s][info][gc,marking     ] GC(723) Concurrent Clear Claimed Marks 0.027ms
[3333.598s][info][gc,marking     ] GC(723) Concurrent Cleanup for Next Mark
[3333.603s][info][gc,marking     ] GC(723) Concurrent Cleanup for Next Mark 5.076ms
[3333.603s][info][gc             ] GC(723) Concurrent Mark Cycle 1066.216ms
..[3335.724s][info][gc,start       ] GC(724) Pause Young (Prepare Mixed) (G1 Evacuation Pause)
[3335.724s][info][gc,task        ] GC(724) Using 6 workers of 6 for evacuation
[3335.839s][info][gc,phases      ] GC(724)   Pre Evacuate Collection Set: 0.31ms
[3335.839s][info][gc,phases      ] GC(724)   Merge Heap Roots: 0.47ms
[3335.839s][info][gc,phases      ] GC(724)   Evacuate Collection Set: 113.56ms
[3335.839s][info][gc,phases      ] GC(724)   Post Evacuate Collection Set: 0.91ms
[3335.839s][info][gc,phases      ] GC(724)   Other: 0.09ms
[3335.839s][info][gc,heap        ] GC(724) Eden regions: 1120->0(1112)
[3335.839s][info][gc,heap        ] GC(724) Survivor regions: 108->109(154)
[3335.839s][info][gc,heap        ] GC(724) Old regions: 504->535
[3335.839s][info][gc,heap        ] GC(724) Humongous regions: 80->80
[3335.839s][info][gc,metaspace   ] GC(724) Metaspace: 28902K(29312K)->28902K(29312K) NonClass: 24034K(24256K)->24034K(24256K) Class: 4868K(5056K)->4868K(5056K)
[3335.839s][info][gc             ] GC(724) Pause Young (Prepare Mixed) (G1 Evacuation Pause) 3621M->1445M(4096M) 115.476ms
[3335.839s][info][gc,cpu         ] GC(724) User=0.69s Sys=0.00s Real=0.11s
....[3339.027s][info][gc,start       ] GC(725) Pause Young (Mixed) (G1 Evacuation Pause)
[3339.027s][info][gc,task        ] GC(725) Using 6 workers of 6 for evacuation
[3339.159s][info][gc,phases      ] GC(725)   Pre Evacuate Collection Set: 0.39ms
[3339.159s][info][gc,phases      ] GC(725)   Merge Heap Roots: 0.76ms
[3339.159s][info][gc,phases      ] GC(725)   Evacuate Collection Set: 129.79ms
[3339.159s][info][gc,phases      ] GC(725)   Post Evacuate Collection Set: 0.93ms
[3339.159s][info][gc,phases      ] GC(725)   Other: 0.09ms
[3339.159s][info][gc,heap        ] GC(725) Eden regions: 1112->0(1119)
[3339.159s][info][gc,heap        ] GC(725) Survivor regions: 109->109(153)
[3339.159s][info][gc,heap        ] GC(725) Old regions: 535->471
[3339.159s][info][gc,heap        ] GC(725) Humongous regions: 80->80
[3339.159s][info][gc,metaspace   ] GC(725) Metaspace: 28902K(29312K)->28902K(29312K) NonClass: 24034K(24256K)->24034K(24256K) Class: 4868K(5056K)->4868K(5056K)
[3339.159s][info][gc             ] GC(725) Pause Young (Mixed) (G1 Evacuation Pause) 3669M->1319M(4096M) 132.108ms
[3339.159s][info][gc,cpu         ] GC(725) User=0.78s Sys=0.00s Real=0.13s
...[3342.403s][info][gc,start       ] GC(726) Pause Young (Concurrent Start) (G1 Evacuation Pause)
[3342.403s][info][gc,task        ] GC(726) Using 6 workers of 6 for evacuation
[3342.519s][info][gc,phases      ] GC(726)   Pre Evacuate Collection Set: 0.35ms
[3342.519s][info][gc,phases      ] GC(726)   Merge Heap Roots: 0.46ms
[3342.519s][info][gc,phases      ] GC(726)   Evacuate Collection Set: 113.65ms
[3342.519s][info][gc,phases      ] GC(726)   Post Evacuate Collection Set: 0.85ms
[3342.519s][info][gc,phases      ] GC(726)   Other: 0.11ms
[3342.519s][info][gc,heap        ] GC(726) Eden regions: 1119->0(1120)
[3342.519s][info][gc,heap        ] GC(726) Survivor regions: 109->108(154)
[3342.519s][info][gc,heap        ] GC(726) Old regions: 471->503
[3342.519s][info][gc,heap        ] GC(726) Humongous regions: 80->80
[3342.519s][info][gc,metaspace   ] GC(726) Metaspace: 28902K(29312K)->28902K(29312K) NonClass: 24034K(24256K)->24034K(24256K) Class: 4868K(5056K)->4868K(5056K)
[3342.519s][info][gc             ] GC(726) Pause Young (Concurrent Start) (G1 Evacuation Pause) 3557M->1381M(4096M) 115.548ms
[3342.519s][info][gc             ] GC(727) Concurrent Mark Cycle
[3342.519s][info][gc,marking     ] GC(727) Concurrent Scan Root Regions
[3342.519s][info][gc,cpu         ] GC(726) User=0.69s Sys=0.01s Real=0.11s
[3342.636s][info][gc,marking     ] GC(727) Concurrent Scan Root Regions 116.707ms
[3342.636s][info][gc,marking     ] GC(727) Concurrent Mark
[3342.636s][info][gc,marking     ] GC(727) Concurrent Mark From Roots
[3342.636s][info][gc,task        ] GC(727) Using 2 workers of 2 for marking
.[3343.184s][info][gc,marking     ] GC(727) Concurrent Mark From Roots 547.991ms
[3343.184s][info][gc,marking     ] GC(727) Concurrent Preclean
[3343.184s][info][gc,marking     ] GC(727) Concurrent Preclean 0.129ms
[3343.185s][info][gc,start       ] GC(727) Pause Remark
[3343.190s][info][gc             ] GC(727) Pause Remark 1899M->1899M(4096M) 4.778ms
[3343.190s][info][gc,cpu         ] GC(727) User=0.03s Sys=0.00s Real=0.00s
[3343.190s][info][gc,marking     ] GC(727) Concurrent Mark 554.320ms
[3343.190s][info][gc,marking     ] GC(727) Concurrent Rebuild Remembered Sets and Scrub Regions
[3343.442s][info][gc,marking     ] GC(727) Concurrent Rebuild Remembered Sets and Scrub Regions 252.072ms
[3343.442s][info][gc,start       ] GC(727) Pause Cleanup
[3343.442s][info][gc             ] GC(727) Pause Cleanup 2109M->2109M(4096M) 0.112ms
[3343.443s][info][gc,cpu         ] GC(727) User=0.00s Sys=0.00s Real=0.00s
[3343.443s][info][gc,marking     ] GC(727) Concurrent Clear Claimed Marks
[3343.443s][info][gc,marking     ] GC(727) Concurrent Clear Claimed Marks 0.032ms
[3343.443s][info][gc,marking     ] GC(727) Concurrent Cleanup for Next Mark
[3343.447s][info][gc,marking     ] GC(727) Concurrent Cleanup for Next Mark 4.678ms
[3343.447s][info][gc             ] GC(727) Concurrent Mark Cycle 928.366ms
. (rIR:aIR:PR = 5673:5673:5673) (tPR = 84600) [OK] 
  3343s: Performance info:
         Transaction,    Success,    Partial,     Failed,   Receipts, AvgBarcode, 
             Overall,     343143,          0,          0,     326028,      59.47, 
         Response times:
             Request,    Success,    Partial,     Failed,   SkipFail,     Probes,    Samples,      min,      p50,      p90,      p95,      p99,      max, 
       TotalPurchase,     326030,          0,          0,          0,     319712,     347145,      300,     4600,    13300,    34000,    83000,   263000,
     InStorePurchase,     171587,          0,          0,          0,     168390,     182170,      300,     4400,    13000,    34000,    83000,   230000,
      OnlinePurchase,     120132,          0,          0,          0,     117830,     128105,      300,     4900,    13800,    36000,    84000,   203000,
        InstPurchase,      34311,          0,          0,          0,      33492,      36870,      400,     4300,    13000,    33000,    81000,   263000,
          AssocOfCat,        342,          0,          0,          0,        264,        355,    23000,    35000,    63000,    89800,   177440,   240000,
      AssocOfProduct,       3419,          0,          0,          0,       3107,       3508,      500,     4700,    11500,    32000,    80910,   159000,
      BusinessReport,        859,          0,          0,          0,        743,        919,    24000,    38000,    74000,   100000,   191000,   271000,
          CustBuyBeh,       3426,          0,          0,          0,       3193,       3676,      300,     3200,    10100,    26000,    68000,   191000,
       ProductReturn,       9068,          0,          0,          0,       8659,       9809,      200,     4000,    11500,    28000,    69900,   159000,

  3343s: (42%)   IR =   5812 .[3345.729s][info][gc,start       ] GC(728) Pause Young (Prepare Mixed) (G1 Evacuation Pause)
[3345.729s][info][gc,task        ] GC(728) Using 6 workers of 6 for evacuation
[3345.847s][info][gc,phases      ] GC(728)   Pre Evacuate Collection Set: 0.34ms
[3345.847s][info][gc,phases      ] GC(728)   Merge Heap Roots: 0.59ms
[3345.847s][info][gc,phases      ] GC(728)   Evacuate Collection Set: 115.75ms
[3345.847s][info][gc,phases      ] GC(728)   Post Evacuate Collection Set: 0.88ms
[3345.847s][info][gc,phases      ] GC(728)   Other: 0.08ms
[3345.847s][info][gc,heap        ] GC(728) Eden regions: 1120->0(1110)
[3345.847s][info][gc,heap        ] GC(728) Survivor regions: 108->110(154)
[3345.847s][info][gc,heap        ] GC(728) Old regions: 503->535
[3345.847s][info][gc,heap        ] GC(728) Humongous regions: 80->80
[3345.847s][info][gc,metaspace   ] GC(728) Metaspace: 28902K(29312K)->28902K(29312K) NonClass: 24034K(24256K)->24034K(24256K) Class: 4868K(5056K)->4868K(5056K)
[3345.847s][info][gc             ] GC(728) Pause Young (Prepare Mixed) (G1 Evacuation Pause) 3621M->1448M(4096M) 117.778ms
[3345.847s][info][gc,cpu         ] GC(728) User=0.70s Sys=0.00s Real=0.12s
....|[3348.932s][info][gc,start       ] GC(729) Pause Young (Mixed) (G1 Evacuation Pause)
[3348.932s][info][gc,task        ] GC(729) Using 6 workers of 6 for evacuation
[3349.065s][info][gc,phases      ] GC(729)   Pre Evacuate Collection Set: 0.33ms
[3349.065s][info][gc,phases      ] GC(729)   Merge Heap Roots: 0.69ms
[3349.065s][info][gc,phases      ] GC(729)   Evacuate Collection Set: 130.61ms
[3349.065s][info][gc,phases      ] GC(729)   Post Evacuate Collection Set: 0.95ms
[3349.065s][info][gc,phases      ] GC(729)   Other: 0.09ms
[3349.065s][info][gc,heap        ] GC(729) Eden regions: 1110->0(1117)
[3349.065s][info][gc,heap        ] GC(729) Survivor regions: 110->111(153)
[3349.065s][info][gc,heap        ] GC(729) Old regions: 535->469
[3349.065s][info][gc,heap        ] GC(729) Humongous regions: 80->80
[3349.065s][info][gc,metaspace   ] GC(729) Metaspace: 28902K(29312K)->28902K(29312K) NonClass: 24034K(24256K)->24034K(24256K) Class: 4868K(5056K)->4868K(5056K)
[3349.065s][info][gc             ] GC(729) Pause Young (Mixed) (G1 Evacuation Pause) 3668M->1318M(4096M) 132.807ms
[3349.065s][info][gc,cpu         ] GC(729) User=0.79s Sys=0.00s Real=0.13s
...[3352.179s][info][gc,start       ] GC(730) Pause Young (Concurrent Start) (G1 Evacuation Pause)
[3352.179s][info][gc,task        ] GC(730) Using 6 workers of 6 for evacuation
[3352.297s][info][gc,phases      ] GC(730)   Pre Evacuate Collection Set: 0.39ms
[3352.297s][info][gc,phases      ] GC(730)   Merge Heap Roots: 0.46ms
[3352.297s][info][gc,phases      ] GC(730)   Evacuate Collection Set: 115.96ms
[3352.297s][info][gc,phases      ] GC(730)   Post Evacuate Collection Set: 0.83ms
[3352.297s][info][gc,phases      ] GC(730)   Other: 0.11ms
[3352.297s][info][gc,heap        ] GC(730) Eden regions: 1117->0(1118)
[3352.297s][info][gc,heap        ] GC(730) Survivor regions: 111->110(154)
[3352.297s][info][gc,heap        ] GC(730) Old regions: 469->501
[3352.297s][info][gc,heap        ] GC(730) Humongous regions: 80->80
[3352.297s][info][gc,metaspace   ] GC(730) Metaspace: 28902K(29312K)->28902K(29312K) NonClass: 24034K(24256K)->24034K(24256K) Class: 4868K(5056K)->4868K(5056K)
[3352.297s][info][gc             ] GC(730) Pause Young (Concurrent Start) (G1 Evacuation Pause) 3552M->1380M(4096M) 117.899ms
[3352.297s][info][gc             ] GC(731) Concurrent Mark Cycle
[3352.297s][info][gc,marking     ] GC(731) Concurrent Scan Root Regions
[3352.297s][info][gc,cpu         ] GC(730) User=0.70s Sys=0.00s Real=0.12s
[3352.441s][info][gc,marking     ] GC(731) Concurrent Scan Root Regions 144.227ms
[3352.441s][info][gc,marking     ] GC(731) Concurrent Mark
[3352.441s][info][gc,marking     ] GC(731) Concurrent Mark From Roots
[3352.441s][info][gc,task        ] GC(731) Using 2 workers of 2 for marking
.[3353.127s][info][gc,marking     ] GC(731) Concurrent Mark From Roots 685.274ms
[3353.127s][info][gc,marking     ] GC(731) Concurrent Preclean
[3353.127s][info][gc,marking     ] GC(731) Concurrent Preclean 0.136ms
[3353.127s][info][gc,start       ] GC(731) Pause Remark
[3353.132s][info][gc             ] GC(731) Pause Remark 2044M->2044M(4096M) 4.718ms
[3353.132s][info][gc,cpu         ] GC(731) User=0.03s Sys=0.00s Real=0.01s
[3353.133s][info][gc,marking     ] GC(731) Concurrent Mark 691.313ms
[3353.133s][info][gc,marking     ] GC(731) Concurrent Rebuild Remembered Sets and Scrub Regions
[3353.379s][info][gc,marking     ] GC(731) Concurrent Rebuild Remembered Sets and Scrub Regions 246.410ms
[3353.379s][info][gc,start       ] GC(731) Pause Cleanup
[3353.379s][info][gc             ] GC(731) Pause Cleanup 2229M->2229M(4096M) 0.101ms
[3353.379s][info][gc,cpu         ] GC(731) User=0.00s Sys=0.00s Real=0.00s
[3353.379s][info][gc,marking     ] GC(731) Concurrent Clear Claimed Marks
[3353.380s][info][gc,marking     ] GC(731) Concurrent Clear Claimed Marks 0.022ms
[3353.380s][info][gc,marking     ] GC(731) Concurrent Cleanup for Next Mark
[3353.384s][info][gc,marking     ] GC(731) Concurrent Cleanup for Next Mark 4.495ms
[3353.384s][info][gc             ] GC(731) Concurrent Mark Cycle 1086.918ms
..[3355.451s][info][gc,start       ] GC(732) Pause Young (Prepare Mixed) (G1 Evacuation Pause)
[3355.451s][info][gc,task        ] GC(732) Using 6 workers of 6 for evacuation
[3355.567s][info][gc,phases      ] GC(732)   Pre Evacuate Collection Set: 0.31ms
[3355.567s][info][gc,phases      ] GC(732)   Merge Heap Roots: 0.49ms
[3355.567s][info][gc,phases      ] GC(732)   Evacuate Collection Set: 114.01ms
[3355.567s][info][gc,phases      ] GC(732)   Post Evacuate Collection Set: 0.88ms
[3355.567s][info][gc,phases      ] GC(732)   Other: 0.09ms
[3355.567s][info][gc,heap        ] GC(732) Eden regions: 1118->0(1114)
[3355.567s][info][gc,heap        ] GC(732) Survivor regions: 110->109(154)
[3355.567s][info][gc,heap        ] GC(732) Old regions: 501->533
[3355.567s][info][gc,heap        ] GC(732) Humongous regions: 80->80
[3355.567s][info][gc,metaspace   ] GC(732) Metaspace: 28902K(29312K)->28902K(29312K) NonClass: 24034K(24256K)->24034K(24256K) Class: 4868K(5056K)->4868K(5056K)
[3355.567s][info][gc             ] GC(732) Pause Young (Prepare Mixed) (G1 Evacuation Pause) 3616M->1442M(4096M) 115.910ms
[3355.567s][info][gc,cpu         ] GC(732) User=0.69s Sys=0.00s Real=0.11s
...[3358.652s][info][gc,start       ] GC(733) Pause Young (Mixed) (G1 Evacuation Pause)
[3358.652s][info][gc,task        ] GC(733) Using 6 workers of 6 for evacuation
[3358.784s][info][gc,phases      ] GC(733)   Pre Evacuate Collection Set: 0.37ms
[3358.784s][info][gc,phases      ] GC(733)   Merge Heap Roots: 0.58ms
[3358.784s][info][gc,phases      ] GC(733)   Evacuate Collection Set: 130.16ms
[3358.784s][info][gc,phases      ] GC(733)   Post Evacuate Collection Set: 0.91ms
[3358.784s][info][gc,phases      ] GC(733)   Other: 0.10ms
[3358.784s][info][gc,heap        ] GC(733) Eden regions: 1114->0(1118)
[3358.784s][info][gc,heap        ] GC(733) Survivor regions: 109->110(153)
[3358.784s][info][gc,heap        ] GC(733) Old regions: 533->472
[3358.784s][info][gc,heap        ] GC(733) Humongous regions: 80->80
[3358.784s][info][gc,metaspace   ] GC(733) Metaspace: 28902K(29312K)->28902K(29312K) NonClass: 24034K(24256K)->24034K(24256K) Class: 4868K(5056K)->4868K(5056K)
[3358.784s][info][gc             ] GC(733) Pause Young (Mixed) (G1 Evacuation Pause) 3670M->1323M(4096M) 132.263ms
[3358.784s][info][gc,cpu         ] GC(733) User=0.78s Sys=0.00s Real=0.13s
...[3361.930s][info][gc,start       ] GC(734) Pause Young (Concurrent Start) (G1 Evacuation Pause)
[3361.930s][info][gc,task        ] GC(734) Using 6 workers of 6 for evacuation
[3362.046s][info][gc,phases      ] GC(734)   Pre Evacuate Collection Set: 0.36ms
[3362.046s][info][gc,phases      ] GC(734)   Merge Heap Roots: 0.44ms
[3362.046s][info][gc,phases      ] GC(734)   Evacuate Collection Set: 114.42ms
[3362.046s][info][gc,phases      ] GC(734)   Post Evacuate Collection Set: 0.89ms
[3362.046s][info][gc,phases      ] GC(734)   Other: 0.10ms
[3362.046s][info][gc,heap        ] GC(734) Eden regions: 1118->0(1118)
[3362.046s][info][gc,heap        ] GC(734) Survivor regions: 110->110(154)
[3362.046s][info][gc,heap        ] GC(734) Old regions: 472->504
[3362.046s][info][gc,heap        ] GC(734) Humongous regions: 80->80
[3362.046s][info][gc,metaspace   ] GC(734) Metaspace: 28902K(29312K)->28902K(29312K) NonClass: 24034K(24256K)->24034K(24256K) Class: 4868K(5056K)->4868K(5056K)
[3362.046s][info][gc             ] GC(734) Pause Young (Concurrent Start) (G1 Evacuation Pause) 3559M->1386M(4096M) 116.351ms
[3362.046s][info][gc             ] GC(735) Concurrent Mark Cycle
[3362.046s][info][gc,marking     ] GC(735) Concurrent Scan Root Regions
[3362.046s][info][gc,cpu         ] GC(734) User=0.69s Sys=0.00s Real=0.12s
.[3362.179s][info][gc,marking     ] GC(735) Concurrent Scan Root Regions 132.565ms
[3362.179s][info][gc,marking     ] GC(735) Concurrent Mark
[3362.179s][info][gc,marking     ] GC(735) Concurrent Mark From Roots
[3362.179s][info][gc,task        ] GC(735) Using 2 workers of 2 for marking
[3362.832s][info][gc,marking     ] GC(735) Concurrent Mark From Roots 652.919ms
[3362.832s][info][gc,marking     ] GC(735) Concurrent Preclean
[3362.832s][info][gc,marking     ] GC(735) Concurrent Preclean 0.126ms
[3362.833s][info][gc,start       ] GC(735) Pause Remark
[3362.837s][info][gc             ] GC(735) Pause Remark 1930M->1930M(4096M) 4.788ms
[3362.837s][info][gc,cpu         ] GC(735) User=0.03s Sys=0.00s Real=0.00s
[3362.837s][info][gc,marking     ] GC(735) Concurrent Mark 658.757ms
[3362.838s][info][gc,marking     ] GC(735) Concurrent Rebuild Remembered Sets and Scrub Regions
[3363.099s][info][gc,marking     ] GC(735) Concurrent Rebuild Remembered Sets and Scrub Regions 261.905ms
[3363.100s][info][gc,start       ] GC(735) Pause Cleanup
[3363.100s][info][gc             ] GC(735) Pause Cleanup 2174M->2174M(4096M) 0.123ms
[3363.100s][info][gc,cpu         ] GC(735) User=0.00s Sys=0.00s Real=0.00s
[3363.100s][info][gc,marking     ] GC(735) Concurrent Clear Claimed Marks
[3363.100s][info][gc,marking     ] GC(735) Concurrent Clear Claimed Marks 0.031ms
[3363.100s][info][gc,marking     ] GC(735) Concurrent Cleanup for Next Mark
.[3363.107s][info][gc,marking     ] GC(735) Concurrent Cleanup for Next Mark 6.563ms
[3363.107s][info][gc             ] GC(735) Concurrent Mark Cycle 1060.497ms
..[3365.184s][info][gc,start       ] GC(736) Pause Young (Prepare Mixed) (G1 Evacuation Pause)
[3365.184s][info][gc,task        ] GC(736) Using 6 workers of 6 for evacuation
[3365.301s][info][gc,phases      ] GC(736)   Pre Evacuate Collection Set: 0.30ms
[3365.301s][info][gc,phases      ] GC(736)   Merge Heap Roots: 0.50ms
[3365.301s][info][gc,phases      ] GC(736)   Evacuate Collection Set: 115.93ms
[3365.301s][info][gc,phases      ] GC(736)   Post Evacuate Collection Set: 0.89ms
[3365.301s][info][gc,phases      ] GC(736)   Other: 0.08ms
[3365.301s][info][gc,heap        ] GC(736) Eden regions: 1118->0(1107)
[3365.301s][info][gc,heap        ] GC(736) Survivor regions: 110->111(154)
[3365.301s][info][gc,heap        ] GC(736) Old regions: 504->536
[3365.301s][info][gc,heap        ] GC(736) Humongous regions: 80->80
[3365.301s][info][gc,metaspace   ] GC(736) Metaspace: 28902K(29312K)->28902K(29312K) NonClass: 24034K(24256K)->24034K(24256K) Class: 4868K(5056K)->4868K(5056K)
[3365.301s][info][gc             ] GC(736) Pause Young (Prepare Mixed) (G1 Evacuation Pause) 3622M->1452M(4096M) 117.837ms
[3365.301s][info][gc,cpu         ] GC(736) User=0.70s Sys=0.00s Real=0.12s
...[3368.404s][info][gc,start       ] GC(737) Pause Young (Mixed) (G1 Evacuation Pause)
[3368.404s][info][gc,task        ] GC(737) Using 6 workers of 6 for evacuation
[3368.539s][info][gc,phases      ] GC(737)   Pre Evacuate Collection Set: 0.33ms
[3368.539s][info][gc,phases      ] GC(737)   Merge Heap Roots: 0.59ms
[3368.539s][info][gc,phases      ] GC(737)   Evacuate Collection Set: 133.07ms
[3368.539s][info][gc,phases      ] GC(737)   Post Evacuate Collection Set: 0.93ms
[3368.539s][info][gc,phases      ] GC(737)   Other: 0.09ms
[3368.539s][info][gc,heap        ] GC(737) Eden regions: 1107->0(1118)
[3368.539s][info][gc,heap        ] GC(737) Survivor regions: 111->110(153)
[3368.539s][info][gc,heap        ] GC(737) Old regions: 536->471
[3368.539s][info][gc,heap        ] GC(737) Humongous regions: 80->80
[3368.539s][info][gc,metaspace   ] GC(737) Metaspace: 28902K(29312K)->28902K(29312K) NonClass: 24034K(24256K)->24034K(24256K) Class: 4868K(5056K)->4868K(5056K)
[3368.539s][info][gc             ] GC(737) Pause Young (Mixed) (G1 Evacuation Pause) 3666M->1320M(4096M) 135.128ms
[3368.539s][info][gc,cpu         ] GC(737) User=0.80s Sys=0.00s Real=0.13s
...[3371.620s][info][gc,start       ] GC(738) Pause Young (Concurrent Start) (G1 Evacuation Pause)
[3371.620s][info][gc,task        ] GC(738) Using 6 workers of 6 for evacuation
[3371.736s][info][gc,phases      ] GC(738)   Pre Evacuate Collection Set: 0.35ms
[3371.736s][info][gc,phases      ] GC(738)   Merge Heap Roots: 0.47ms
[3371.736s][info][gc,phases      ] GC(738)   Evacuate Collection Set: 114.14ms
[3371.736s][info][gc,phases      ] GC(738)   Post Evacuate Collection Set: 0.86ms
[3371.736s][info][gc,phases      ] GC(738)   Other: 0.12ms
[3371.736s][info][gc,heap        ] GC(738) Eden regions: 1118->0(1120)
[3371.736s][info][gc,heap        ] GC(738) Survivor regions: 110->108(154)
[3371.736s][info][gc,heap        ] GC(738) Old regions: 471->503
[3371.736s][info][gc,heap        ] GC(738) Humongous regions: 80->80
[3371.736s][info][gc,metaspace   ] GC(738) Metaspace: 28902K(29312K)->28902K(29312K) NonClass: 24034K(24256K)->24034K(24256K) Class: 4868K(5056K)->4868K(5056K)
[3371.736s][info][gc             ] GC(738) Pause Young (Concurrent Start) (G1 Evacuation Pause) 3556M->1380M(4096M) 116.076ms
[3371.736s][info][gc             ] GC(739) Concurrent Mark Cycle
[3371.736s][info][gc,marking     ] GC(739) Concurrent Scan Root Regions
[3371.736s][info][gc,cpu         ] GC(738) User=0.69s Sys=0.00s Real=0.12s
[3371.919s][info][gc,marking     ] GC(739) Concurrent Scan Root Regions 183.408ms
[3371.919s][info][gc,marking     ] GC(739) Concurrent Mark
[3371.919s][info][gc,marking     ] GC(739) Concurrent Mark From Roots
[3371.919s][info][gc,task        ] GC(739) Using 2 workers of 2 for marking
.[3372.861s][info][gc,marking     ] GC(739) Concurrent Mark From Roots 941.344ms
[3372.861s][info][gc,marking     ] GC(739) Concurrent Preclean
[3372.861s][info][gc,marking     ] GC(739) Concurrent Preclean 0.094ms
[3372.861s][info][gc,start       ] GC(739) Pause Remark
[3372.868s][info][gc             ] GC(739) Pause Remark 2242M->2242M(4096M) 6.660ms
[3372.868s][info][gc,cpu         ] GC(739) User=0.03s Sys=0.00s Real=0.00s
[3372.868s][info][gc,marking     ] GC(739) Concurrent Mark 948.935ms
[3372.868s][info][gc,marking     ] GC(739) Concurrent Rebuild Remembered Sets and Scrub Regions
.[3373.226s][info][gc,marking     ] GC(739) Concurrent Rebuild Remembered Sets and Scrub Regions 357.838ms
[3373.226s][info][gc,start       ] GC(739) Pause Cleanup
[3373.226s][info][gc             ] GC(739) Pause Cleanup 2474M->2474M(4096M) 0.120ms
[3373.226s][info][gc,cpu         ] GC(739) User=0.00s Sys=0.00s Real=0.00s
[3373.226s][info][gc,marking     ] GC(739) Concurrent Clear Claimed Marks
[3373.226s][info][gc,marking     ] GC(739) Concurrent Clear Claimed Marks 0.024ms
[3373.226s][info][gc,marking     ] GC(739) Concurrent Cleanup for Next Mark
[3373.230s][info][gc,marking     ] GC(739) Concurrent Cleanup for Next Mark 3.560ms
[3373.230s][info][gc             ] GC(739) Concurrent Mark Cycle 1494.153ms
.[3374.905s][info][gc,start       ] GC(740) Pause Young (Prepare Mixed) (G1 Evacuation Pause)
[3374.905s][info][gc,task        ] GC(740) Using 6 workers of 6 for evacuation
[3375.020s][info][gc,phases      ] GC(740)   Pre Evacuate Collection Set: 0.36ms
[3375.021s][info][gc,phases      ] GC(740)   Merge Heap Roots: 0.49ms
[3375.021s][info][gc,phases      ] GC(740)   Evacuate Collection Set: 113.42ms
[3375.021s][info][gc,phases      ] GC(740)   Post Evacuate Collection Set: 0.91ms
[3375.021s][info][gc,phases      ] GC(740)   Other: 0.08ms
[3375.021s][info][gc,heap        ] GC(740) Eden regions: 1120->0(1110)
[3375.021s][info][gc,heap        ] GC(740) Survivor regions: 108->110(154)
[3375.021s][info][gc,heap        ] GC(740) Old regions: 503->535
[3375.021s][info][gc,heap        ] GC(740) Humongous regions: 80->80
[3375.021s][info][gc,metaspace   ] GC(740) Metaspace: 28902K(29312K)->28902K(29312K) NonClass: 24034K(24256K)->24034K(24256K) Class: 4868K(5056K)->4868K(5056K)
[3375.021s][info][gc             ] GC(740) Pause Young (Prepare Mixed) (G1 Evacuation Pause) 3620M->1447M(4096M) 115.382ms
[3375.021s][info][gc,cpu         ] GC(740) User=0.69s Sys=0.00s Real=0.11s
...[3378.099s][info][gc,start       ] GC(741) Pause Young (Mixed) (G1 Evacuation Pause)
[3378.099s][info][gc,task        ] GC(741) Using 6 workers of 6 for evacuation
[3378.232s][info][gc,phases      ] GC(741)   Pre Evacuate Collection Set: 0.39ms
[3378.232s][info][gc,phases      ] GC(741)   Merge Heap Roots: 0.70ms
[3378.232s][info][gc,phases      ] GC(741)   Evacuate Collection Set: 130.81ms
[3378.232s][info][gc,phases      ] GC(741)   Post Evacuate Collection Set: 0.92ms
[3378.232s][info][gc,phases      ] GC(741)   Other: 0.09ms
[3378.232s][info][gc,heap        ] GC(741) Eden regions: 1110->0(1118)
[3378.232s][info][gc,heap        ] GC(741) Survivor regions: 110->110(153)
[3378.232s][info][gc,heap        ] GC(741) Old regions: 535->472
[3378.232s][info][gc,heap        ] GC(741) Humongous regions: 80->80
[3378.232s][info][gc,metaspace   ] GC(741) Metaspace: 28902K(29312K)->28902K(29312K) NonClass: 24034K(24256K)->24034K(24256K) Class: 4868K(5056K)->4868K(5056K)
[3378.232s][info][gc             ] GC(741) Pause Young (Mixed) (G1 Evacuation Pause) 3667M->1323M(4096M) 133.063ms
[3378.232s][info][gc,cpu         ] GC(741) User=0.79s Sys=0.00s Real=0.14s
....[3381.350s][info][gc,start       ] GC(742) Pause Young (Concurrent Start) (G1 Evacuation Pause)
[3381.350s][info][gc,task        ] GC(742) Using 6 workers of 6 for evacuation
[3381.467s][info][gc,phases      ] GC(742)   Pre Evacuate Collection Set: 0.42ms
[3381.467s][info][gc,phases      ] GC(742)   Merge Heap Roots: 0.46ms
[3381.467s][info][gc,phases      ] GC(742)   Evacuate Collection Set: 115.50ms
[3381.467s][info][gc,phases      ] GC(742)   Post Evacuate Collection Set: 0.84ms
[3381.467s][info][gc,phases      ] GC(742)   Other: 0.12ms
[3381.467s][info][gc,heap        ] GC(742) Eden regions: 1118->0(1119)
[3381.467s][info][gc,heap        ] GC(742) Survivor regions: 110->109(154)
[3381.467s][info][gc,heap        ] GC(742) Old regions: 472->505
[3381.467s][info][gc,heap        ] GC(742) Humongous regions: 80->80
[3381.467s][info][gc,metaspace   ] GC(742) Metaspace: 28902K(29312K)->28902K(29312K) NonClass: 24034K(24256K)->24034K(24256K) Class: 4868K(5056K)->4868K(5056K)
[3381.467s][info][gc             ] GC(742) Pause Young (Concurrent Start) (G1 Evacuation Pause) 3559M->1386M(4096M) 117.488ms
[3381.467s][info][gc             ] GC(743) Concurrent Mark Cycle
[3381.467s][info][gc,marking     ] GC(743) Concurrent Scan Root Regions
[3381.467s][info][gc,cpu         ] GC(742) User=0.70s Sys=0.00s Real=0.12s
[3381.652s][info][gc,marking     ] GC(743) Concurrent Scan Root Regions 184.354ms
[3381.652s][info][gc,marking     ] GC(743) Concurrent Mark
[3381.652s][info][gc,marking     ] GC(743) Concurrent Mark From Roots
[3381.652s][info][gc,task        ] GC(743) Using 2 workers of 2 for marking
.[3382.630s][info][gc,marking     ] GC(743) Concurrent Mark From Roots 978.721ms
[3382.630s][info][gc,marking     ] GC(743) Concurrent Preclean
[3382.631s][info][gc,marking     ] GC(743) Concurrent Preclean 0.115ms
[3382.632s][info][gc,start       ] GC(743) Pause Remark
[3382.638s][info][gc             ] GC(743) Pause Remark 2280M->2280M(4096M) 5.834ms
[3382.638s][info][gc,cpu         ] GC(743) User=0.03s Sys=0.00s Real=0.00s
[3382.638s][info][gc,marking     ] GC(743) Concurrent Mark 985.994ms
[3382.638s][info][gc,marking     ] GC(743) Concurrent Rebuild Remembered Sets and Scrub Regions
[3382.990s][info][gc,marking     ] GC(743) Concurrent Rebuild Remembered Sets and Scrub Regions 352.774ms
[3382.991s][info][gc,start       ] GC(743) Pause Cleanup
[3382.991s][info][gc             ] GC(743) Pause Cleanup 2518M->2518M(4096M) 0.118ms
[3382.991s][info][gc,cpu         ] GC(743) User=0.00s Sys=0.00s Real=0.00s
[3382.991s][info][gc,marking     ] GC(743) Concurrent Clear Claimed Marks
[3382.991s][info][gc,marking     ] GC(743) Concurrent Clear Claimed Marks 0.037ms
[3382.991s][info][gc,marking     ] GC(743) Concurrent Cleanup for Next Mark
[3383.004s][info][gc,marking     ] GC(743) Concurrent Cleanup for Next Mark 13.015ms
[3383.004s][info][gc             ] GC(743) Concurrent Mark Cycle 1536.899ms
..[3384.578s][info][gc,start       ] GC(744) Pause Young (Prepare Mixed) (G1 Evacuation Pause)
[3384.578s][info][gc,task        ] GC(744) Using 6 workers of 6 for evacuation
[3384.696s][info][gc,phases      ] GC(744)   Pre Evacuate Collection Set: 0.30ms
[3384.696s][info][gc,phases      ] GC(744)   Merge Heap Roots: 0.48ms
[3384.696s][info][gc,phases      ] GC(744)   Evacuate Collection Set: 116.21ms
[3384.696s][info][gc,phases      ] GC(744)   Post Evacuate Collection Set: 0.91ms
[3384.696s][info][gc,phases      ] GC(744)   Other: 0.09ms
[3384.696s][info][gc,heap        ] GC(744) Eden regions: 1119->0(1106)
[3384.696s][info][gc,heap        ] GC(744) Survivor regions: 109->111(154)
[3384.696s][info][gc,heap        ] GC(744) Old regions: 505->537
[3384.696s][info][gc,heap        ] GC(744) Humongous regions: 80->80
[3384.696s][info][gc,metaspace   ] GC(744) Metaspace: 28902K(29312K)->28902K(29312K) NonClass: 24034K(24256K)->24034K(24256K) Class: 4868K(5056K)->4868K(5056K)
[3384.696s][info][gc             ] GC(744) Pause Young (Prepare Mixed) (G1 Evacuation Pause) 3624M->1453M(4096M) 118.114ms
[3384.696s][info][gc,cpu         ] GC(744) User=0.70s Sys=0.00s Real=0.12s
...[3387.857s][info][gc,start       ] GC(745) Pause Young (Mixed) (G1 Evacuation Pause)
[3387.857s][info][gc,task        ] GC(745) Using 6 workers of 6 for evacuation
[3387.989s][info][gc,phases      ] GC(745)   Pre Evacuate Collection Set: 0.38ms
[3387.989s][info][gc,phases      ] GC(745)   Merge Heap Roots: 0.60ms
[3387.989s][info][gc,phases      ] GC(745)   Evacuate Collection Set: 129.59ms
[3387.989s][info][gc,phases      ] GC(745)   Post Evacuate Collection Set: 0.92ms
[3387.989s][info][gc,phases      ] GC(745)   Other: 0.08ms
[3387.989s][info][gc,heap        ] GC(745) Eden regions: 1106->0(1119)
[3387.989s][info][gc,heap        ] GC(745) Survivor regions: 111->109(153)
[3387.989s][info][gc,heap        ] GC(745) Old regions: 537->472
[3387.989s][info][gc,heap        ] GC(745) Humongous regions: 80->80
[3387.989s][info][gc,metaspace   ] GC(745) Metaspace: 28902K(29312K)->28902K(29312K) NonClass: 24034K(24256K)->24034K(24256K) Class: 4868K(5056K)->4868K(5056K)
[3387.989s][info][gc             ] GC(745) Pause Young (Mixed) (G1 Evacuation Pause) 3665M->1320M(4096M) 131.711ms
[3387.989s][info][gc,cpu         ] GC(745) User=0.79s Sys=0.00s Real=0.13s
...[3391.090s][info][gc,start       ] GC(746) Pause Young (Concurrent Start) (G1 Evacuation Pause)
[3391.090s][info][gc,task        ] GC(746) Using 6 workers of 6 for evacuation
[3391.207s][info][gc,phases      ] GC(746)   Pre Evacuate Collection Set: 0.37ms
[3391.207s][info][gc,phases      ] GC(746)   Merge Heap Roots: 0.46ms
[3391.207s][info][gc,phases      ] GC(746)   Evacuate Collection Set: 115.06ms
[3391.207s][info][gc,phases      ] GC(746)   Post Evacuate Collection Set: 0.86ms
[3391.207s][info][gc,phases      ] GC(746)   Other: 0.12ms
[3391.207s][info][gc,heap        ] GC(746) Eden regions: 1119->0(1117)
[3391.207s][info][gc,heap        ] GC(746) Survivor regions: 109->111(154)
[3391.207s][info][gc,heap        ] GC(746) Old regions: 472->504
[3391.207s][info][gc,heap        ] GC(746) Humongous regions: 80->80
[3391.207s][info][gc,metaspace   ] GC(746) Metaspace: 28902K(29312K)->28902K(29312K) NonClass: 24034K(24256K)->24034K(24256K) Class: 4868K(5056K)->4868K(5056K)
[3391.207s][info][gc             ] GC(746) Pause Young (Concurrent Start) (G1 Evacuation Pause) 3558M->1388M(4096M) 116.985ms
[3391.207s][info][gc             ] GC(747) Concurrent Mark Cycle
[3391.207s][info][gc,marking     ] GC(747) Concurrent Scan Root Regions
[3391.207s][info][gc,cpu         ] GC(746) User=0.70s Sys=0.00s Real=0.12s
.[3391.356s][info][gc,marking     ] GC(747) Concurrent Scan Root Regions 148.286ms
[3391.356s][info][gc,marking     ] GC(747) Concurrent Mark
[3391.356s][info][gc,marking     ] GC(747) Concurrent Mark From Roots
[3391.356s][info][gc,task        ] GC(747) Using 2 workers of 2 for marking
[3392.032s][info][gc,marking     ] GC(747) Concurrent Mark From Roots 675.802ms
[3392.032s][info][gc,marking     ] GC(747) Concurrent Preclean
[3392.032s][info][gc,marking     ] GC(747) Concurrent Preclean 0.120ms
[3392.033s][info][gc,start       ] GC(747) Pause Remark
[3392.038s][info][gc             ] GC(747) Pause Remark 2044M->2044M(4096M) 5.287ms
[3392.038s][info][gc,cpu         ] GC(747) User=0.03s Sys=0.00s Real=0.00s
[3392.038s][info][gc,marking     ] GC(747) Concurrent Mark 682.611ms
[3392.038s][info][gc,marking     ] GC(747) Concurrent Rebuild Remembered Sets and Scrub Regions
[3392.288s][info][gc,marking     ] GC(747) Concurrent Rebuild Remembered Sets and Scrub Regions 249.526ms
[3392.288s][info][gc,start       ] GC(747) Pause Cleanup
[3392.288s][info][gc             ] GC(747) Pause Cleanup 2245M->2245M(4096M) 0.108ms
[3392.288s][info][gc,cpu         ] GC(747) User=0.00s Sys=0.00s Real=0.00s
[3392.288s][info][gc,marking     ] GC(747) Concurrent Clear Claimed Marks
[3392.288s][info][gc,marking     ] GC(747) Concurrent Clear Claimed Marks 0.025ms
[3392.288s][info][gc,marking     ] GC(747) Concurrent Cleanup for Next Mark
[3392.291s][info][gc,marking     ] GC(747) Concurrent Cleanup for Next Mark 3.198ms
[3392.291s][info][gc             ] GC(747) Concurrent Mark Cycle 1084.049ms
...[3394.347s][info][gc,start       ] GC(748) Pause Young (Prepare Mixed) (G1 Evacuation Pause)
[3394.347s][info][gc,task        ] GC(748) Using 6 workers of 6 for evacuation
[3394.462s][info][gc,phases      ] GC(748)   Pre Evacuate Collection Set: 0.36ms
[3394.462s][info][gc,phases      ] GC(748)   Merge Heap Roots: 0.53ms
[3394.462s][info][gc,phases      ] GC(748)   Evacuate Collection Set: 113.45ms
[3394.462s][info][gc,phases      ] GC(748)   Post Evacuate Collection Set: 0.89ms
[3394.462s][info][gc,phases      ] GC(748)   Other: 0.08ms
[3394.462s][info][gc,heap        ] GC(748) Eden regions: 1117->0(1115)
[3394.462s][info][gc,heap        ] GC(748) Survivor regions: 111->107(154)
[3394.462s][info][gc,heap        ] GC(748) Old regions: 504->536
[3394.462s][info][gc,heap        ] GC(748) Humongous regions: 80->80
[3394.462s][info][gc,metaspace   ] GC(748) Metaspace: 28902K(29312K)->28902K(29312K) NonClass: 24034K(24256K)->24034K(24256K) Class: 4868K(5056K)->4868K(5056K)
[3394.462s][info][gc             ] GC(748) Pause Young (Prepare Mixed) (G1 Evacuation Pause) 3622M->1445M(4096M) 115.454ms
[3394.462s][info][gc,cpu         ] GC(748) User=0.68s Sys=0.00s Real=0.12s
...[3397.567s][info][gc,start       ] GC(749) Pause Young (Mixed) (G1 Evacuation Pause)
[3397.567s][info][gc,task        ] GC(749) Using 6 workers of 6 for evacuation
[3397.697s][info][gc,phases      ] GC(749)   Pre Evacuate Collection Set: 0.40ms
[3397.697s][info][gc,phases      ] GC(749)   Merge Heap Roots: 0.62ms
[3397.697s][info][gc,phases      ] GC(749)   Evacuate Collection Set: 128.16ms
[3397.697s][info][gc,phases      ] GC(749)   Post Evacuate Collection Set: 0.94ms
[3397.697s][info][gc,phases      ] GC(749)   Other: 0.10ms
[3397.697s][info][gc,heap        ] GC(749) Eden regions: 1115->0(1119)
[3397.697s][info][gc,heap        ] GC(749) Survivor regions: 107->109(153)
[3397.697s][info][gc,heap        ] GC(749) Old regions: 536->472
[3397.697s][info][gc,heap        ] GC(749) Humongous regions: 80->80
[3397.697s][info][gc,metaspace   ] GC(749) Metaspace: 28902K(29312K)->28902K(29312K) NonClass: 24034K(24256K)->24034K(24256K) Class: 4868K(5056K)->4868K(5056K)
[3397.697s][info][gc             ] GC(749) Pause Young (Mixed) (G1 Evacuation Pause) 3675M->1319M(4096M) 130.338ms
[3397.697s][info][gc,cpu         ] GC(749) User=0.78s Sys=0.00s Real=0.13s
...[3400.772s][info][gc,start       ] GC(750) Pause Young (Concurrent Start) (G1 Evacuation Pause)
[3400.772s][info][gc,task        ] GC(750) Using 6 workers of 6 for evacuation
[3400.892s][info][gc,phases      ] GC(750)   Pre Evacuate Collection Set: 0.36ms
[3400.892s][info][gc,phases      ] GC(750)   Merge Heap Roots: 0.45ms
[3400.892s][info][gc,phases      ] GC(750)   Evacuate Collection Set: 118.22ms
[3400.892s][info][gc,phases      ] GC(750)   Post Evacuate Collection Set: 0.91ms
[3400.892s][info][gc,phases      ] GC(750)   Other: 0.13ms
[3400.892s][info][gc,heap        ] GC(750) Eden regions: 1119->0(1117)
[3400.892s][info][gc,heap        ] GC(750) Survivor regions: 109->111(154)
[3400.892s][info][gc,heap        ] GC(750) Old regions: 472->504
[3400.892s][info][gc,heap        ] GC(750) Humongous regions: 80->80
[3400.892s][info][gc,metaspace   ] GC(750) Metaspace: 28902K(29312K)->28902K(29312K) NonClass: 24034K(24256K)->24034K(24256K) Class: 4868K(5056K)->4868K(5056K)
[3400.892s][info][gc             ] GC(750) Pause Young (Concurrent Start) (G1 Evacuation Pause) 3557M->1389M(4096M) 120.210ms
[3400.892s][info][gc             ] GC(751) Concurrent Mark Cycle
[3400.892s][info][gc,marking     ] GC(751) Concurrent Scan Root Regions
[3400.892s][info][gc,cpu         ] GC(750) User=0.72s Sys=0.00s Real=0.12s
[3401.079s][info][gc,marking     ] GC(751) Concurrent Scan Root Regions 187.156ms
[3401.079s][info][gc,marking     ] GC(751) Concurrent Mark
[3401.079s][info][gc,marking     ] GC(751) Concurrent Mark From Roots
[3401.079s][info][gc,task        ] GC(751) Using 2 workers of 2 for marking
.[3401.872s][info][gc,marking     ] GC(751) Concurrent Mark From Roots 792.844ms
[3401.872s][info][gc,marking     ] GC(751) Concurrent Preclean
[3401.872s][info][gc,marking     ] GC(751) Concurrent Preclean 0.084ms
[3401.873s][info][gc,start       ] GC(751) Pause Remark
[3401.878s][info][gc             ] GC(751) Pause Remark 2122M->2122M(4096M) 5.143ms
[3401.878s][info][gc,cpu         ] GC(751) User=0.03s Sys=0.00s Real=0.00s
[3401.878s][info][gc,marking     ] GC(751) Concurrent Mark 798.318ms
[3401.878s][info][gc,marking     ] GC(751) Concurrent Rebuild Remembered Sets and Scrub Regions
[3402.161s][info][gc,marking     ] GC(751) Concurrent Rebuild Remembered Sets and Scrub Regions 283.113ms
[3402.161s][info][gc,start       ] GC(751) Pause Cleanup
[3402.161s][info][gc             ] GC(751) Pause Cleanup 2314M->2314M(4096M) 0.112ms
[3402.161s][info][gc,cpu         ] GC(751) User=0.00s Sys=0.00s Real=0.01s
[3402.161s][info][gc,marking     ] GC(751) Concurrent Clear Claimed Marks
[3402.161s][info][gc,marking     ] GC(751) Concurrent Clear Claimed Marks 0.028ms
[3402.161s][info][gc,marking     ] GC(751) Concurrent Cleanup for Next Mark
[3402.168s][info][gc,marking     ] GC(751) Concurrent Cleanup for Next Mark 6.346ms
[3402.168s][info][gc             ] GC(751) Concurrent Mark Cycle 1275.466ms
..[3403.978s][info][gc,start       ] GC(752) Pause Young (Prepare Mixed) (G1 Evacuation Pause)
[3403.978s][info][gc,task        ] GC(752) Using 6 workers of 6 for evacuation
[3404.095s][info][gc,phases      ] GC(752)   Pre Evacuate Collection Set: 0.32ms
[3404.095s][info][gc,phases      ] GC(752)   Merge Heap Roots: 0.48ms
[3404.095s][info][gc,phases      ] GC(752)   Evacuate Collection Set: 115.07ms
[3404.095s][info][gc,phases      ] GC(752)   Post Evacuate Collection Set: 0.92ms
[3404.095s][info][gc,phases      ] GC(752)   Other: 0.09ms
[3404.095s][info][gc,heap        ] GC(752) Eden regions: 1117->0(1111)
[3404.095s][info][gc,heap        ] GC(752) Survivor regions: 111->109(154)
[3404.095s][info][gc,heap        ] GC(752) Old regions: 504->536
[3404.095s][info][gc,heap        ] GC(752) Humongous regions: 80->80
[3404.095s][info][gc,metaspace   ] GC(752) Metaspace: 28902K(29312K)->28902K(29312K) NonClass: 24034K(24256K)->24034K(24256K) Class: 4868K(5056K)->4868K(5056K)
[3404.095s][info][gc             ] GC(752) Pause Young (Prepare Mixed) (G1 Evacuation Pause) 3623M->1447M(4096M) 117.011ms
[3404.095s][info][gc,cpu         ] GC(752) User=0.70s Sys=0.00s Real=0.12s
...[3407.238s][info][gc,start       ] GC(753) Pause Young (Mixed) (G1 Evacuation Pause)
[3407.238s][info][gc,task        ] GC(753) Using 6 workers of 6 for evacuation
[3407.371s][info][gc,phases      ] GC(753)   Pre Evacuate Collection Set: 0.34ms
[3407.371s][info][gc,phases      ] GC(753)   Merge Heap Roots: 0.70ms
[3407.371s][info][gc,phases      ] GC(753)   Evacuate Collection Set: 130.29ms
[3407.371s][info][gc,phases      ] GC(753)   Post Evacuate Collection Set: 0.94ms
[3407.371s][info][gc,phases      ] GC(753)   Other: 0.09ms
[3407.371s][info][gc,heap        ] GC(753) Eden regions: 1111->0(1120)
[3407.371s][info][gc,heap        ] GC(753) Survivor regions: 109->108(153)
[3407.371s][info][gc,heap        ] GC(753) Old regions: 536->471
[3407.371s][info][gc,heap        ] GC(753) Humongous regions: 80->80
[3407.371s][info][gc,metaspace   ] GC(753) Metaspace: 28902K(29312K)->28902K(29312K) NonClass: 24034K(24256K)->24034K(24256K) Class: 4868K(5056K)->4868K(5056K)
[3407.371s][info][gc             ] GC(753) Pause Young (Mixed) (G1 Evacuation Pause) 3669M->1317M(4096M) 132.511ms
[3407.371s][info][gc,cpu         ] GC(753) User=0.79s Sys=0.00s Real=0.13s
... (rIR:aIR:PR = 5812:5812:5812) (tPR = 86301) [OK] 
  3409s: Performance info:
         Transaction,    Success,    Partial,     Failed,   Receipts, AvgBarcode, 
             Overall,     351359,          0,          0,     333792,      59.48, 
         Response times:
             Request,    Success,    Partial,     Failed,   SkipFail,     Probes,    Samples,      min,      p50,      p90,      p95,      p99,      max, 
       TotalPurchase,     333792,          0,          0,          0,     327550,     356144,      300,     4700,    13000,    33000,    74000,   213000,
     InStorePurchase,     175703,          0,          0,          0,     172731,     187678,      300,     4700,    12900,    32000,    74000,   213000,
      OnlinePurchase,     122942,          0,          0,          0,     120636,     130849,      300,     4800,    13200,    33000,    75000,   185000,
        InstPurchase,      35147,          0,          0,          0,      34183,      37617,      400,     4400,    12400,    32000,    69000,   185000,
          AssocOfCat,        354,          0,          0,          0,        273,        364,    22000,    34000,    65000,    87750,   177000,   200000,
      AssocOfProduct,       3515,          0,          0,          0,       3238,       3656,      300,     4900,    13000,    31150,    68000,   147000,
      BusinessReport,        878,          0,          0,          0,        750,        919,    26000,    39000,    72000,    96000,   155000,   196000,
          CustBuyBeh,       3506,          0,          0,          0,       3306,       3861,      300,     3900,    12000,    27000,    68760,   213000,
       ProductReturn,       9314,          0,          0,          0,       8912,       9989,      200,     4900,    12300,    35000,    78000,   146000,

  3409s: (43%)   IR =   5950 .[3410.455s][info][gc,start       ] GC(754) Pause Young (Concurrent Start) (G1 Evacuation Pause)
[3410.455s][info][gc,task        ] GC(754) Using 6 workers of 6 for evacuation
[3410.570s][info][gc,phases      ] GC(754)   Pre Evacuate Collection Set: 0.31ms
[3410.570s][info][gc,phases      ] GC(754)   Merge Heap Roots: 0.48ms
[3410.570s][info][gc,phases      ] GC(754)   Evacuate Collection Set: 113.84ms
[3410.570s][info][gc,phases      ] GC(754)   Post Evacuate Collection Set: 0.88ms
[3410.570s][info][gc,phases      ] GC(754)   Other: 0.09ms
[3410.570s][info][gc,heap        ] GC(754) Eden regions: 1120->0(1119)
[3410.570s][info][gc,heap        ] GC(754) Survivor regions: 108->109(154)
[3410.570s][info][gc,heap        ] GC(754) Old regions: 471->503
[3410.570s][info][gc,heap        ] GC(754) Humongous regions: 80->80
[3410.570s][info][gc,metaspace   ] GC(754) Metaspace: 28902K(29312K)->28902K(29312K) NonClass: 24034K(24256K)->24034K(24256K) Class: 4868K(5056K)->4868K(5056K)
[3410.570s][info][gc             ] GC(754) Pause Young (Concurrent Start) (G1 Evacuation Pause) 3557M->1382M(4096M) 115.736ms
[3410.570s][info][gc             ] GC(755) Concurrent Mark Cycle
[3410.570s][info][gc,marking     ] GC(755) Concurrent Scan Root Regions
[3410.570s][info][gc,cpu         ] GC(754) User=0.69s Sys=0.00s Real=0.11s
[3410.714s][info][gc,marking     ] GC(755) Concurrent Scan Root Regions 143.275ms
[3410.714s][info][gc,marking     ] GC(755) Concurrent Mark
[3410.714s][info][gc,marking     ] GC(755) Concurrent Mark From Roots
[3410.714s][info][gc,task        ] GC(755) Using 2 workers of 2 for marking
[3411.424s][info][gc,marking     ] GC(755) Concurrent Mark From Roots 710.037ms
[3411.424s][info][gc,marking     ] GC(755) Concurrent Preclean
[3411.424s][info][gc,marking     ] GC(755) Concurrent Preclean 0.106ms
[3411.424s][info][gc,start       ] GC(755) Pause Remark
[3411.429s][info][gc             ] GC(755) Pause Remark 2077M->2077M(4096M) 4.725ms
[3411.429s][info][gc,cpu         ] GC(755) User=0.03s Sys=0.00s Real=0.00s
[3411.429s][info][gc,marking     ] GC(755) Concurrent Mark 715.146ms
[3411.429s][info][gc,marking     ] GC(755) Concurrent Rebuild Remembered Sets and Scrub Regions
.[3411.708s][info][gc,marking     ] GC(755) Concurrent Rebuild Remembered Sets and Scrub Regions 278.702ms
[3411.708s][info][gc,start       ] GC(755) Pause Cleanup
[3411.708s][info][gc             ] GC(755) Pause Cleanup 2251M->2251M(4096M) 0.100ms
[3411.708s][info][gc,cpu         ] GC(755) User=0.00s Sys=0.00s Real=0.00s
[3411.708s][info][gc,marking     ] GC(755) Concurrent Clear Claimed Marks
[3411.708s][info][gc,marking     ] GC(755) Concurrent Clear Claimed Marks 0.025ms
[3411.708s][info][gc,marking     ] GC(755) Concurrent Cleanup for Next Mark
[3411.713s][info][gc,marking     ] GC(755) Concurrent Cleanup for Next Mark 5.039ms
[3411.713s][info][gc             ] GC(755) Concurrent Mark Cycle 1142.739ms
..[3413.667s][info][gc,start       ] GC(756) Pause Young (Prepare Mixed) (G1 Evacuation Pause)
[3413.667s][info][gc,task        ] GC(756) Using 6 workers of 6 for evacuation
[3413.784s][info][gc,phases      ] GC(756)   Pre Evacuate Collection Set: 0.33ms
[3413.784s][info][gc,phases      ] GC(756)   Merge Heap Roots: 0.51ms
[3413.784s][info][gc,phases      ] GC(756)   Evacuate Collection Set: 114.40ms
[3413.784s][info][gc,phases      ] GC(756)   Post Evacuate Collection Set: 0.96ms
[3413.784s][info][gc,phases      ] GC(756)   Other: 0.10ms
[3413.784s][info][gc,heap        ] GC(756) Eden regions: 1119->0(1110)
[3413.784s][info][gc,heap        ] GC(756) Survivor regions: 109->110(154)
[3413.784s][info][gc,heap        ] GC(756) Old regions: 503->535
[3413.784s][info][gc,heap        ] GC(756) Humongous regions: 80->80
[3413.784s][info][gc,metaspace   ] GC(756) Metaspace: 28902K(29312K)->28902K(29312K) NonClass: 24034K(24256K)->24034K(24256K) Class: 4868K(5056K)->4868K(5056K)
[3413.784s][info][gc             ] GC(756) Pause Young (Prepare Mixed) (G1 Evacuation Pause) 3620M->1448M(4096M) 116.447ms
[3413.784s][info][gc,cpu         ] GC(756) User=0.69s Sys=0.01s Real=0.12s
.|..[3416.831s][info][gc,start       ] GC(757) Pause Young (Mixed) (G1 Evacuation Pause)
[3416.831s][info][gc,task        ] GC(757) Using 6 workers of 6 for evacuation
[3416.962s][info][gc,phases      ] GC(757)   Pre Evacuate Collection Set: 0.36ms
[3416.962s][info][gc,phases      ] GC(757)   Merge Heap Roots: 0.60ms
[3416.962s][info][gc,phases      ] GC(757)   Evacuate Collection Set: 129.15ms
[3416.962s][info][gc,phases      ] GC(757)   Post Evacuate Collection Set: 0.90ms
[3416.962s][info][gc,phases      ] GC(757)   Other: 0.09ms
[3416.962s][info][gc,heap        ] GC(757) Eden regions: 1110->0(1119)
[3416.962s][info][gc,heap        ] GC(757) Survivor regions: 110->109(153)
[3416.962s][info][gc,heap        ] GC(757) Old regions: 535->472
[3416.962s][info][gc,heap        ] GC(757) Humongous regions: 80->80
[3416.962s][info][gc,metaspace   ] GC(757) Metaspace: 28902K(29312K)->28902K(29312K) NonClass: 24034K(24256K)->24034K(24256K) Class: 4868K(5056K)->4868K(5056K)
[3416.962s][info][gc             ] GC(757) Pause Young (Mixed) (G1 Evacuation Pause) 3668M->1320M(4096M) 131.232ms
[3416.963s][info][gc,cpu         ] GC(757) User=0.78s Sys=0.00s Real=0.13s
...[3419.983s][info][gc,start       ] GC(758) Pause Young (Concurrent Start) (G1 Evacuation Pause)
[3419.983s][info][gc,task        ] GC(758) Using 6 workers of 6 for evacuation
[3420.100s][info][gc,phases      ] GC(758)   Pre Evacuate Collection Set: 0.35ms
[3420.100s][info][gc,phases      ] GC(758)   Merge Heap Roots: 0.43ms
[3420.100s][info][gc,phases      ] GC(758)   Evacuate Collection Set: 114.95ms
[3420.100s][info][gc,phases      ] GC(758)   Post Evacuate Collection Set: 0.89ms
[3420.100s][info][gc,phases      ] GC(758)   Other: 0.10ms
[3420.100s][info][gc,heap        ] GC(758) Eden regions: 1119->0(1118)
[3420.100s][info][gc,heap        ] GC(758) Survivor regions: 109->110(154)
[3420.100s][info][gc,heap        ] GC(758) Old regions: 472->504
[3420.100s][info][gc,heap        ] GC(758) Humongous regions: 80->80
[3420.100s][info][gc,metaspace   ] GC(758) Metaspace: 28902K(29312K)->28902K(29312K) NonClass: 24034K(24256K)->24034K(24256K) Class: 4868K(5056K)->4868K(5056K)
[3420.100s][info][gc             ] GC(758) Pause Young (Concurrent Start) (G1 Evacuation Pause) 3558M->1385M(4096M) 116.863ms
[3420.100s][info][gc             ] GC(759) Concurrent Mark Cycle
[3420.100s][info][gc,marking     ] GC(759) Concurrent Scan Root Regions
[3420.100s][info][gc,cpu         ] GC(758) User=0.69s Sys=0.00s Real=0.11s
[3420.245s][info][gc,marking     ] GC(759) Concurrent Scan Root Regions 144.917ms
[3420.245s][info][gc,marking     ] GC(759) Concurrent Mark
[3420.245s][info][gc,marking     ] GC(759) Concurrent Mark From Roots
[3420.245s][info][gc,task        ] GC(759) Using 2 workers of 2 for marking
.[3421.053s][info][gc,marking     ] GC(759) Concurrent Mark From Roots 808.238ms
[3421.053s][info][gc,marking     ] GC(759) Concurrent Preclean
[3421.053s][info][gc,marking     ] GC(759) Concurrent Preclean 0.086ms
[3421.053s][info][gc,start       ] GC(759) Pause Remark
[3421.060s][info][gc             ] GC(759) Pause Remark 2123M->2123M(4096M) 6.324ms
[3421.060s][info][gc,cpu         ] GC(759) User=0.04s Sys=0.00s Real=0.00s
[3421.060s][info][gc,marking     ] GC(759) Concurrent Mark 814.885ms
[3421.060s][info][gc,marking     ] GC(759) Concurrent Rebuild Remembered Sets and Scrub Regions
[3421.342s][info][gc,marking     ] GC(759) Concurrent Rebuild Remembered Sets and Scrub Regions 282.635ms
[3421.343s][info][gc,start       ] GC(759) Pause Cleanup
[3421.343s][info][gc             ] GC(759) Pause Cleanup 2319M->2319M(4096M) 0.108ms
[3421.343s][info][gc,cpu         ] GC(759) User=0.00s Sys=0.00s Real=0.00s
[3421.343s][info][gc,marking     ] GC(759) Concurrent Clear Claimed Marks
[3421.343s][info][gc,marking     ] GC(759) Concurrent Clear Claimed Marks 0.020ms
[3421.343s][info][gc,marking     ] GC(759) Concurrent Cleanup for Next Mark
[3421.347s][info][gc,marking     ] GC(759) Concurrent Cleanup for Next Mark 4.491ms
[3421.347s][info][gc             ] GC(759) Concurrent Mark Cycle 1247.447ms
..[3423.162s][info][gc,start       ] GC(760) Pause Young (Prepare Mixed) (G1 Evacuation Pause)
[3423.162s][info][gc,task        ] GC(760) Using 6 workers of 6 for evacuation
[3423.281s][info][gc,phases      ] GC(760)   Pre Evacuate Collection Set: 0.32ms
[3423.281s][info][gc,phases      ] GC(760)   Merge Heap Roots: 0.52ms
[3423.281s][info][gc,phases      ] GC(760)   Evacuate Collection Set: 116.89ms
[3423.281s][info][gc,phases      ] GC(760)   Post Evacuate Collection Set: 0.91ms
[3423.281s][info][gc,phases      ] GC(760)   Other: 0.08ms
[3423.281s][info][gc,heap        ] GC(760) Eden regions: 1118->0(1106)
[3423.281s][info][gc,heap        ] GC(760) Survivor regions: 110->112(154)
[3423.281s][info][gc,heap        ] GC(760) Old regions: 504->535
[3423.281s][info][gc,heap        ] GC(760) Humongous regions: 80->80
[3423.281s][info][gc,metaspace   ] GC(760) Metaspace: 28902K(29312K)->28902K(29312K) NonClass: 24034K(24256K)->24034K(24256K) Class: 4868K(5056K)->4868K(5056K)
[3423.281s][info][gc             ] GC(760) Pause Young (Prepare Mixed) (G1 Evacuation Pause) 3621M->1452M(4096M) 118.845ms
[3423.281s][info][gc,cpu         ] GC(760) User=0.70s Sys=0.01s Real=0.12s
...[3426.252s][info][gc,start       ] GC(761) Pause Young (Mixed) (G1 Evacuation Pause)
[3426.252s][info][gc,task        ] GC(761) Using 6 workers of 6 for evacuation
[3426.387s][info][gc,phases      ] GC(761)   Pre Evacuate Collection Set: 0.35ms
[3426.387s][info][gc,phases      ] GC(761)   Merge Heap Roots: 0.69ms
[3426.387s][info][gc,phases      ] GC(761)   Evacuate Collection Set: 132.13ms
[3426.387s][info][gc,phases      ] GC(761)   Post Evacuate Collection Set: 0.94ms
[3426.387s][info][gc,phases      ] GC(761)   Other: 0.09ms
[3426.387s][info][gc,heap        ] GC(761) Eden regions: 1106->0(1119)
[3426.387s][info][gc,heap        ] GC(761) Survivor regions: 112->109(153)
[3426.387s][info][gc,heap        ] GC(761) Old regions: 535->471
[3426.387s][info][gc,heap        ] GC(761) Humongous regions: 80->80
[3426.387s][info][gc,metaspace   ] GC(761) Metaspace: 28902K(29312K)->28902K(29312K) NonClass: 24034K(24256K)->24034K(24256K) Class: 4868K(5056K)->4868K(5056K)
[3426.387s][info][gc             ] GC(761) Pause Young (Mixed) (G1 Evacuation Pause) 3664M->1318M(4096M) 134.315ms
[3426.387s][info][gc,cpu         ] GC(761) User=0.80s Sys=0.00s Real=0.13s
....[3429.556s][info][gc,start       ] GC(762) Pause Young (Concurrent Start) (G1 Evacuation Pause)
[3429.556s][info][gc,task        ] GC(762) Using 6 workers of 6 for evacuation
[3429.671s][info][gc,phases      ] GC(762)   Pre Evacuate Collection Set: 0.39ms
[3429.671s][info][gc,phases      ] GC(762)   Merge Heap Roots: 0.46ms
[3429.671s][info][gc,phases      ] GC(762)   Evacuate Collection Set: 113.50ms
[3429.671s][info][gc,phases      ] GC(762)   Post Evacuate Collection Set: 0.87ms
[3429.671s][info][gc,phases      ] GC(762)   Other: 0.13ms
[3429.671s][info][gc,heap        ] GC(762) Eden regions: 1119->0(1119)
[3429.671s][info][gc,heap        ] GC(762) Survivor regions: 109->109(154)
[3429.671s][info][gc,heap        ] GC(762) Old regions: 471->503
[3429.671s][info][gc,heap        ] GC(762) Humongous regions: 80->80
[3429.671s][info][gc,metaspace   ] GC(762) Metaspace: 28902K(29312K)->28902K(29312K) NonClass: 24034K(24256K)->24034K(24256K) Class: 4868K(5056K)->4868K(5056K)
[3429.671s][info][gc             ] GC(762) Pause Young (Concurrent Start) (G1 Evacuation Pause) 3556M->1382M(4096M) 115.494ms
[3429.671s][info][gc             ] GC(763) Concurrent Mark Cycle
[3429.671s][info][gc,marking     ] GC(763) Concurrent Scan Root Regions
[3429.671s][info][gc,cpu         ] GC(762) User=0.68s Sys=0.00s Real=0.12s
[3429.856s][info][gc,marking     ] GC(763) Concurrent Scan Root Regions 185.015ms
[3429.856s][info][gc,marking     ] GC(763) Concurrent Mark
[3429.856s][info][gc,marking     ] GC(763) Concurrent Mark From Roots
[3429.856s][info][gc,task        ] GC(763) Using 2 workers of 2 for marking
.[3430.771s][info][gc,marking     ] GC(763) Concurrent Mark From Roots 914.839ms
[3430.771s][info][gc,marking     ] GC(763) Concurrent Preclean
[3430.771s][info][gc,marking     ] GC(763) Concurrent Preclean 0.095ms
[3430.772s][info][gc,start       ] GC(763) Pause Remark
[3430.778s][info][gc             ] GC(763) Pause Remark 2284M->2284M(4096M) 6.120ms
[3430.778s][info][gc,cpu         ] GC(763) User=0.03s Sys=0.00s Real=0.00s
[3430.778s][info][gc,marking     ] GC(763) Concurrent Mark 921.363ms
[3430.778s][info][gc,marking     ] GC(763) Concurrent Rebuild Remembered Sets and Scrub Regions
[3431.050s][info][gc,marking     ] GC(763) Concurrent Rebuild Remembered Sets and Scrub Regions 272.091ms
[3431.050s][info][gc,start       ] GC(763) Pause Cleanup
[3431.050s][info][gc             ] GC(763) Pause Cleanup 2468M->2468M(4096M) 0.125ms
[3431.050s][info][gc,cpu         ] GC(763) User=0.00s Sys=0.00s Real=0.00s
[3431.050s][info][gc,marking     ] GC(763) Concurrent Clear Claimed Marks
[3431.050s][info][gc,marking     ] GC(763) Concurrent Clear Claimed Marks 0.021ms
[3431.050s][info][gc,marking     ] GC(763) Concurrent Cleanup for Next Mark
[3431.054s][info][gc,marking     ] GC(763) Concurrent Cleanup for Next Mark 3.472ms
[3431.054s][info][gc             ] GC(763) Concurrent Mark Cycle 1382.454ms
..[3432.669s][info][gc,start       ] GC(764) Pause Young (Prepare Mixed) (G1 Evacuation Pause)
[3432.669s][info][gc,task        ] GC(764) Using 6 workers of 6 for evacuation
[3432.786s][info][gc,phases      ] GC(764)   Pre Evacuate Collection Set: 0.32ms
[3432.786s][info][gc,phases      ] GC(764)   Merge Heap Roots: 0.50ms
[3432.786s][info][gc,phases      ] GC(764)   Evacuate Collection Set: 115.13ms
[3432.786s][info][gc,phases      ] GC(764)   Post Evacuate Collection Set: 0.87ms
[3432.786s][info][gc,phases      ] GC(764)   Other: 0.09ms
[3432.786s][info][gc,heap        ] GC(764) Eden regions: 1119->0(1114)
[3432.786s][info][gc,heap        ] GC(764) Survivor regions: 109->109(154)
[3432.786s][info][gc,heap        ] GC(764) Old regions: 503->533
[3432.786s][info][gc,heap        ] GC(764) Humongous regions: 80->80
[3432.786s][info][gc,metaspace   ] GC(764) Metaspace: 28902K(29312K)->28902K(29312K) NonClass: 24034K(24256K)->24034K(24256K) Class: 4868K(5056K)->4868K(5056K)
[3432.786s][info][gc             ] GC(764) Pause Young (Prepare Mixed) (G1 Evacuation Pause) 3620M->1443M(4096M) 117.036ms
[3432.786s][info][gc,cpu         ] GC(764) User=0.70s Sys=0.00s Real=0.12s
...[3435.751s][info][gc,start       ] GC(765) Pause Young (Mixed) (G1 Evacuation Pause)
[3435.751s][info][gc,task        ] GC(765) Using 6 workers of 6 for evacuation
[3435.885s][info][gc,phases      ] GC(765)   Pre Evacuate Collection Set: 0.34ms
[3435.885s][info][gc,phases      ] GC(765)   Merge Heap Roots: 0.61ms
[3435.885s][info][gc,phases      ] GC(765)   Evacuate Collection Set: 131.77ms
[3435.885s][info][gc,phases      ] GC(765)   Post Evacuate Collection Set: 0.93ms
[3435.885s][info][gc,phases      ] GC(765)   Other: 0.09ms
[3435.885s][info][gc,heap        ] GC(765) Eden regions: 1114->0(1118)
[3435.885s][info][gc,heap        ] GC(765) Survivor regions: 109->110(153)
[3435.885s][info][gc,heap        ] GC(765) Old regions: 533->471
[3435.885s][info][gc,heap        ] GC(765) Humongous regions: 80->80
[3435.885s][info][gc,metaspace   ] GC(765) Metaspace: 28902K(29312K)->28902K(29312K) NonClass: 24034K(24256K)->24034K(24256K) Class: 4868K(5056K)->4868K(5056K)
[3435.885s][info][gc             ] GC(765) Pause Young (Mixed) (G1 Evacuation Pause) 3671M->1320M(4096M) 133.874ms
[3435.885s][info][gc,cpu         ] GC(765) User=0.79s Sys=0.01s Real=0.13s
...[3439.044s][info][gc,start       ] GC(766) Pause Young (Concurrent Start) (G1 Evacuation Pause)
[3439.044s][info][gc,task        ] GC(766) Using 6 workers of 6 for evacuation
[3439.162s][info][gc,phases      ] GC(766)   Pre Evacuate Collection Set: 0.36ms
[3439.162s][info][gc,phases      ] GC(766)   Merge Heap Roots: 0.50ms
[3439.162s][info][gc,phases      ] GC(766)   Evacuate Collection Set: 116.26ms
[3439.162s][info][gc,phases      ] GC(766)   Post Evacuate Collection Set: 0.88ms
[3439.162s][info][gc,phases      ] GC(766)   Other: 0.12ms
[3439.162s][info][gc,heap        ] GC(766) Eden regions: 1118->0(1117)
[3439.162s][info][gc,heap        ] GC(766) Survivor regions: 110->111(154)
[3439.162s][info][gc,heap        ] GC(766) Old regions: 471->502
[3439.162s][info][gc,heap        ] GC(766) Humongous regions: 80->80
[3439.162s][info][gc,metaspace   ] GC(766) Metaspace: 28902K(29312K)->28902K(29312K) NonClass: 24034K(24256K)->24034K(24256K) Class: 4868K(5056K)->4868K(5056K)
[3439.162s][info][gc             ] GC(766) Pause Young (Concurrent Start) (G1 Evacuation Pause) 3556M->1385M(4096M) 118.276ms
[3439.162s][info][gc             ] GC(767) Concurrent Mark Cycle
[3439.162s][info][gc,marking     ] GC(767) Concurrent Scan Root Regions
[3439.162s][info][gc,cpu         ] GC(766) User=0.70s Sys=0.00s Real=0.12s
[3439.325s][info][gc,marking     ] GC(767) Concurrent Scan Root Regions 162.857ms
[3439.325s][info][gc,marking     ] GC(767) Concurrent Mark
[3439.325s][info][gc,marking     ] GC(767) Concurrent Mark From Roots
[3439.325s][info][gc,task        ] GC(767) Using 2 workers of 2 for marking
.[3440.064s][info][gc,marking     ] GC(767) Concurrent Mark From Roots 738.917ms
[3440.064s][info][gc,marking     ] GC(767) Concurrent Preclean
[3440.064s][info][gc,marking     ] GC(767) Concurrent Preclean 0.098ms
[3440.065s][info][gc,start       ] GC(767) Pause Remark
[3440.071s][info][gc             ] GC(767) Pause Remark 2133M->2133M(4096M) 5.833ms
[3440.071s][info][gc,cpu         ] GC(767) User=0.03s Sys=0.00s Real=0.00s
[3440.071s][info][gc,marking     ] GC(767) Concurrent Mark 745.825ms
[3440.071s][info][gc,marking     ] GC(767) Concurrent Rebuild Remembered Sets and Scrub Regions
[3440.361s][info][gc,marking     ] GC(767) Concurrent Rebuild Remembered Sets and Scrub Regions 289.667ms
[3440.361s][info][gc,start       ] GC(767) Pause Cleanup
[3440.361s][info][gc             ] GC(767) Pause Cleanup 2346M->2346M(4096M) 0.114ms
[3440.361s][info][gc,cpu         ] GC(767) User=0.00s Sys=0.00s Real=0.01s
[3440.362s][info][gc,marking     ] GC(767) Concurrent Clear Claimed Marks
[3440.362s][info][gc,marking     ] GC(767) Concurrent Clear Claimed Marks 0.035ms
[3440.362s][info][gc,marking     ] GC(767) Concurrent Cleanup for Next Mark
[3440.366s][info][gc,marking     ] GC(767) Concurrent Cleanup for Next Mark 4.435ms
[3440.366s][info][gc             ] GC(767) Concurrent Mark Cycle 1203.723ms
..[3442.107s][info][gc,start       ] GC(768) Pause Young (Prepare Mixed) (G1 Evacuation Pause)
[3442.107s][info][gc,task        ] GC(768) Using 6 workers of 6 for evacuation
[3442.227s][info][gc,phases      ] GC(768)   Pre Evacuate Collection Set: 0.32ms
[3442.227s][info][gc,phases      ] GC(768)   Merge Heap Roots: 0.61ms
[3442.227s][info][gc,phases      ] GC(768)   Evacuate Collection Set: 117.71ms
[3442.227s][info][gc,phases      ] GC(768)   Post Evacuate Collection Set: 0.92ms
[3442.227s][info][gc,phases      ] GC(768)   Other: 0.08ms
[3442.227s][info][gc,heap        ] GC(768) Eden regions: 1117->0(1111)
[3442.227s][info][gc,heap        ] GC(768) Survivor regions: 111->110(154)
[3442.227s][info][gc,heap        ] GC(768) Old regions: 502->534
[3442.227s][info][gc,heap        ] GC(768) Humongous regions: 80->80
[3442.227s][info][gc,metaspace   ] GC(768) Metaspace: 28902K(29312K)->28902K(29312K) NonClass: 24034K(24256K)->24034K(24256K) Class: 4868K(5056K)->4868K(5056K)
[3442.227s][info][gc             ] GC(768) Pause Young (Prepare Mixed) (G1 Evacuation Pause) 3619M->1447M(4096M) 119.793ms
[3442.227s][info][gc,cpu         ] GC(768) User=0.71s Sys=0.00s Real=0.12s
...[3445.339s][info][gc,start       ] GC(769) Pause Young (Mixed) (G1 Evacuation Pause)
[3445.339s][info][gc,task        ] GC(769) Using 6 workers of 6 for evacuation
[3445.470s][info][gc,phases      ] GC(769)   Pre Evacuate Collection Set: 0.37ms
[3445.470s][info][gc,phases      ] GC(769)   Merge Heap Roots: 0.63ms
[3445.470s][info][gc,phases      ] GC(769)   Evacuate Collection Set: 129.16ms
[3445.470s][info][gc,phases      ] GC(769)   Post Evacuate Collection Set: 0.92ms
[3445.470s][info][gc,phases      ] GC(769)   Other: 0.09ms
[3445.470s][info][gc,heap        ] GC(769) Eden regions: 1111->0(1121)
[3445.470s][info][gc,heap        ] GC(769) Survivor regions: 110->107(153)
[3445.470s][info][gc,heap        ] GC(769) Old regions: 534->472
[3445.470s][info][gc,heap        ] GC(769) Humongous regions: 80->80
[3445.470s][info][gc,metaspace   ] GC(769) Metaspace: 28902K(29312K)->28902K(29312K) NonClass: 24034K(24256K)->24034K(24256K) Class: 4868K(5056K)->4868K(5056K)
[3445.470s][info][gc             ] GC(769) Pause Young (Mixed) (G1 Evacuation Pause) 3669M->1317M(4096M) 131.304ms
[3445.470s][info][gc,cpu         ] GC(769) User=0.78s Sys=0.00s Real=0.13s
...[3448.458s][info][gc,start       ] GC(770) Pause Young (Concurrent Start) (G1 Evacuation Pause)
[3448.458s][info][gc,task        ] GC(770) Using 6 workers of 6 for evacuation
[3448.574s][info][gc,phases      ] GC(770)   Pre Evacuate Collection Set: 0.37ms
[3448.574s][info][gc,phases      ] GC(770)   Merge Heap Roots: 0.48ms
[3448.574s][info][gc,phases      ] GC(770)   Evacuate Collection Set: 114.35ms
[3448.574s][info][gc,phases      ] GC(770)   Post Evacuate Collection Set: 0.89ms
[3448.574s][info][gc,phases      ] GC(770)   Other: 0.13ms
[3448.574s][info][gc,heap        ] GC(770) Eden regions: 1121->0(1117)
[3448.574s][info][gc,heap        ] GC(770) Survivor regions: 107->111(154)
[3448.574s][info][gc,heap        ] GC(770) Old regions: 472->503
[3448.574s][info][gc,heap        ] GC(770) Humongous regions: 80->80
[3448.574s][info][gc,metaspace   ] GC(770) Metaspace: 28902K(29312K)->28902K(29312K) NonClass: 24034K(24256K)->24034K(24256K) Class: 4868K(5056K)->4868K(5056K)
[3448.574s][info][gc             ] GC(770) Pause Young (Concurrent Start) (G1 Evacuation Pause) 3559M->1387M(4096M) 116.343ms
[3448.574s][info][gc             ] GC(771) Concurrent Mark Cycle
[3448.574s][info][gc,marking     ] GC(771) Concurrent Scan Root Regions
[3448.574s][info][gc,cpu         ] GC(770) User=0.69s Sys=0.00s Real=0.12s
.[3448.752s][info][gc,marking     ] GC(771) Concurrent Scan Root Regions 177.990ms
[3448.752s][info][gc,marking     ] GC(771) Concurrent Mark
[3448.752s][info][gc,marking     ] GC(771) Concurrent Mark From Roots
[3448.752s][info][gc,task        ] GC(771) Using 2 workers of 2 for marking
.[3449.735s][info][gc,marking     ] GC(771) Concurrent Mark From Roots 982.840ms
[3449.735s][info][gc,marking     ] GC(771) Concurrent Preclean
[3449.735s][info][gc,marking     ] GC(771) Concurrent Preclean 0.119ms
[3449.737s][info][gc,start       ] GC(771) Pause Remark
[3449.743s][info][gc             ] GC(771) Pause Remark 2281M->2281M(4096M) 6.449ms
[3449.743s][info][gc,cpu         ] GC(771) User=0.04s Sys=0.00s Real=0.01s
[3449.744s][info][gc,marking     ] GC(771) Concurrent Mark 991.308ms
[3449.744s][info][gc,marking     ] GC(771) Concurrent Rebuild Remembered Sets and Scrub Regions
[3450.016s][info][gc,marking     ] GC(771) Concurrent Rebuild Remembered Sets and Scrub Regions 272.243ms
[3450.016s][info][gc,start       ] GC(771) Pause Cleanup
[3450.016s][info][gc             ] GC(771) Pause Cleanup 2457M->2457M(4096M) 0.101ms
[3450.016s][info][gc,cpu         ] GC(771) User=0.00s Sys=0.00s Real=0.00s
[3450.016s][info][gc,marking     ] GC(771) Concurrent Clear Claimed Marks
[3450.016s][info][gc,marking     ] GC(771) Concurrent Clear Claimed Marks 0.022ms
[3450.016s][info][gc,marking     ] GC(771) Concurrent Cleanup for Next Mark
[3450.020s][info][gc,marking     ] GC(771) Concurrent Cleanup for Next Mark 3.788ms
[3450.020s][info][gc             ] GC(771) Concurrent Mark Cycle 1445.787ms
..[3451.647s][info][gc,start       ] GC(772) Pause Young (Prepare Mixed) (G1 Evacuation Pause)
[3451.647s][info][gc,task        ] GC(772) Using 6 workers of 6 for evacuation
[3451.767s][info][gc,phases      ] GC(772)   Pre Evacuate Collection Set: 0.33ms
[3451.767s][info][gc,phases      ] GC(772)   Merge Heap Roots: 0.50ms
[3451.767s][info][gc,phases      ] GC(772)   Evacuate Collection Set: 117.61ms
[3451.767s][info][gc,phases      ] GC(772)   Post Evacuate Collection Set: 0.89ms
[3451.767s][info][gc,phases      ] GC(772)   Other: 0.09ms
[3451.767s][info][gc,heap        ] GC(772) Eden regions: 1117->0(1108)
[3451.767s][info][gc,heap        ] GC(772) Survivor regions: 111->111(154)
[3451.767s][info][gc,heap        ] GC(772) Old regions: 503->535
[3451.767s][info][gc,heap        ] GC(772) Humongous regions: 80->80
[3451.767s][info][gc,metaspace   ] GC(772) Metaspace: 28902K(29312K)->28902K(29312K) NonClass: 24034K(24256K)->24034K(24256K) Class: 4868K(5056K)->4868K(5056K)
[3451.767s][info][gc             ] GC(772) Pause Young (Prepare Mixed) (G1 Evacuation Pause) 3621M->1451M(4096M) 119.570ms
[3451.767s][info][gc,cpu         ] GC(772) User=0.72s Sys=0.00s Real=0.12s
...[3454.824s][info][gc,start       ] GC(773) Pause Young (Mixed) (G1 Evacuation Pause)
[3454.824s][info][gc,task        ] GC(773) Using 6 workers of 6 for evacuation
[3454.955s][info][gc,phases      ] GC(773)   Pre Evacuate Collection Set: 0.38ms
[3454.955s][info][gc,phases      ] GC(773)   Merge Heap Roots: 0.63ms
[3454.955s][info][gc,phases      ] GC(773)   Evacuate Collection Set: 129.01ms
[3454.955s][info][gc,phases      ] GC(773)   Post Evacuate Collection Set: 0.92ms
[3454.955s][info][gc,phases      ] GC(773)   Other: 0.09ms
[3454.955s][info][gc,heap        ] GC(773) Eden regions: 1108->0(1119)
[3454.955s][info][gc,heap        ] GC(773) Survivor regions: 111->109(153)
[3454.955s][info][gc,heap        ] GC(773) Old regions: 535->471
[3454.955s][info][gc,heap        ] GC(773) Humongous regions: 80->80
[3454.955s][info][gc,metaspace   ] GC(773) Metaspace: 28902K(29312K)->28902K(29312K) NonClass: 24034K(24256K)->24034K(24256K) Class: 4868K(5056K)->4868K(5056K)
[3454.955s][info][gc             ] GC(773) Pause Young (Mixed) (G1 Evacuation Pause) 3667M->1318M(4096M) 131.140ms
[3454.955s][info][gc,cpu         ] GC(773) User=0.78s Sys=0.00s Real=0.13s
...[3457.954s][info][gc,start       ] GC(774) Pause Young (Concurrent Start) (G1 Evacuation Pause)
[3457.954s][info][gc,task        ] GC(774) Using 6 workers of 6 for evacuation
[3458.072s][info][gc,phases      ] GC(774)   Pre Evacuate Collection Set: 0.39ms
[3458.072s][info][gc,phases      ] GC(774)   Merge Heap Roots: 0.46ms
[3458.072s][info][gc,phases      ] GC(774)   Evacuate Collection Set: 115.84ms
[3458.072s][info][gc,phases      ] GC(774)   Post Evacuate Collection Set: 0.86ms
[3458.072s][info][gc,phases      ] GC(774)   Other: 0.13ms
[3458.072s][info][gc,heap        ] GC(774) Eden regions: 1119->0(1119)
[3458.072s][info][gc,heap        ] GC(774) Survivor regions: 109->109(154)
[3458.072s][info][gc,heap        ] GC(774) Old regions: 471->502
[3458.072s][info][gc,heap        ] GC(774) Humongous regions: 80->80
[3458.072s][info][gc,metaspace   ] GC(774) Metaspace: 28902K(29312K)->28902K(29312K) NonClass: 24034K(24256K)->24034K(24256K) Class: 4868K(5056K)->4868K(5056K)
[3458.072s][info][gc             ] GC(774) Pause Young (Concurrent Start) (G1 Evacuation Pause) 3556M->1381M(4096M) 117.803ms
[3458.072s][info][gc             ] GC(775) Concurrent Mark Cycle
[3458.072s][info][gc,marking     ] GC(775) Concurrent Scan Root Regions
[3458.072s][info][gc,cpu         ] GC(774) User=0.70s Sys=0.00s Real=0.12s
[3458.261s][info][gc,marking     ] GC(775) Concurrent Scan Root Regions 189.440ms
[3458.261s][info][gc,marking     ] GC(775) Concurrent Mark
[3458.261s][info][gc,marking     ] GC(775) Concurrent Mark From Roots
[3458.261s][info][gc,task        ] GC(775) Using 2 workers of 2 for marking
.[3459.063s][info][gc,marking     ] GC(775) Concurrent Mark From Roots 802.197ms
[3459.063s][info][gc,marking     ] GC(775) Concurrent Preclean
[3459.064s][info][gc,marking     ] GC(775) Concurrent Preclean 0.066ms
[3459.064s][info][gc,start       ] GC(775) Pause Remark
[3459.070s][info][gc             ] GC(775) Pause Remark 2142M->2142M(4096M) 6.025ms
[3459.070s][info][gc,cpu         ] GC(775) User=0.03s Sys=0.00s Real=0.00s
[3459.070s][info][gc,marking     ] GC(775) Concurrent Mark 808.566ms
[3459.070s][info][gc,marking     ] GC(775) Concurrent Rebuild Remembered Sets and Scrub Regions
[3459.374s][info][gc,marking     ] GC(775) Concurrent Rebuild Remembered Sets and Scrub Regions 304.493ms
[3459.375s][info][gc,start       ] GC(775) Pause Cleanup
[3459.375s][info][gc             ] GC(775) Pause Cleanup 2390M->2390M(4096M) 0.114ms
[3459.375s][info][gc,cpu         ] GC(775) User=0.00s Sys=0.00s Real=0.00s
[3459.375s][info][gc,marking     ] GC(775) Concurrent Clear Claimed Marks
[3459.375s][info][gc,marking     ] GC(775) Concurrent Clear Claimed Marks 0.026ms
[3459.375s][info][gc,marking     ] GC(775) Concurrent Cleanup for Next Mark
[3459.379s][info][gc,marking     ] GC(775) Concurrent Cleanup for Next Mark 4.569ms
[3459.379s][info][gc             ] GC(775) Concurrent Mark Cycle 1307.644ms
..[3461.143s][info][gc,start       ] GC(776) Pause Young (Prepare Mixed) (G1 Evacuation Pause)
[3461.143s][info][gc,task        ] GC(776) Using 6 workers of 6 for evacuation
[3461.265s][info][gc,phases      ] GC(776)   Pre Evacuate Collection Set: 0.34ms
[3461.265s][info][gc,phases      ] GC(776)   Merge Heap Roots: 0.54ms
[3461.265s][info][gc,phases      ] GC(776)   Evacuate Collection Set: 120.67ms
[3461.265s][info][gc,phases      ] GC(776)   Post Evacuate Collection Set: 0.93ms
[3461.265s][info][gc,phases      ] GC(776)   Other: 0.09ms
[3461.265s][info][gc,heap        ] GC(776) Eden regions: 1119->0(1102)
[3461.265s][info][gc,heap        ] GC(776) Survivor regions: 109->114(154)
[3461.265s][info][gc,heap        ] GC(776) Old regions: 502->535
[3461.265s][info][gc,heap        ] GC(776) Humongous regions: 80->80
[3461.265s][info][gc,metaspace   ] GC(776) Metaspace: 28902K(29312K)->28902K(29312K) NonClass: 24034K(24256K)->24034K(24256K) Class: 4868K(5056K)->4868K(5056K)
[3461.265s][info][gc             ] GC(776) Pause Young (Prepare Mixed) (G1 Evacuation Pause) 3619M->1456M(4096M) 122.706ms
[3461.265s][info][gc,cpu         ] GC(776) User=0.73s Sys=0.00s Real=0.12s
...[3464.234s][info][gc,start       ] GC(777) Pause Young (Mixed) (G1 Evacuation Pause)
[3464.234s][info][gc,task        ] GC(777) Using 6 workers of 6 for evacuation
[3464.366s][info][gc,phases      ] GC(777)   Pre Evacuate Collection Set: 0.38ms
[3464.366s][info][gc,phases      ] GC(777)   Merge Heap Roots: 0.61ms
[3464.366s][info][gc,phases      ] GC(777)   Evacuate Collection Set: 129.81ms
[3464.366s][info][gc,phases      ] GC(777)   Post Evacuate Collection Set: 0.95ms
[3464.366s][info][gc,phases      ] GC(777)   Other: 0.09ms
[3464.366s][info][gc,heap        ] GC(777) Eden regions: 1102->0(1119)
[3464.366s][info][gc,heap        ] GC(777) Survivor regions: 114->109(152)
[3464.366s][info][gc,heap        ] GC(777) Old regions: 535->473
[3464.366s][info][gc,heap        ] GC(777) Humongous regions: 80->80
[3464.366s][info][gc,metaspace   ] GC(777) Metaspace: 28902K(29312K)->28902K(29312K) NonClass: 24034K(24256K)->24034K(24256K) Class: 4868K(5056K)->4868K(5056K)
[3464.366s][info][gc             ] GC(777) Pause Young (Mixed) (G1 Evacuation Pause) 3660M->1321M(4096M) 131.967ms
[3464.366s][info][gc,cpu         ] GC(777) User=0.79s Sys=0.00s Real=0.13s
...[3467.421s][info][gc,start       ] GC(778) Pause Young (Concurrent Start) (G1 Evacuation Pause)
[3467.421s][info][gc,task        ] GC(778) Using 6 workers of 6 for evacuation
[3467.536s][info][gc,phases      ] GC(778)   Pre Evacuate Collection Set: 0.39ms
[3467.536s][info][gc,phases      ] GC(778)   Merge Heap Roots: 0.49ms
[3467.536s][info][gc,phases      ] GC(778)   Evacuate Collection Set: 112.64ms
[3467.536s][info][gc,phases      ] GC(778)   Post Evacuate Collection Set: 0.85ms
[3467.536s][info][gc,phases      ] GC(778)   Other: 0.11ms
[3467.536s][info][gc,heap        ] GC(778) Eden regions: 1119->0(1121)
[3467.536s][info][gc,heap        ] GC(778) Survivor regions: 109->107(154)
[3467.536s][info][gc,heap        ] GC(778) Old regions: 473->505
[3467.536s][info][gc,heap        ] GC(778) Humongous regions: 80->80
[3467.536s][info][gc,metaspace   ] GC(778) Metaspace: 28902K(29312K)->28902K(29312K) NonClass: 24034K(24256K)->24034K(24256K) Class: 4868K(5056K)->4868K(5056K)
[3467.536s][info][gc             ] GC(778) Pause Young (Concurrent Start) (G1 Evacuation Pause) 3559M->1383M(4096M) 114.654ms
[3467.536s][info][gc             ] GC(779) Concurrent Mark Cycle
[3467.536s][info][gc,marking     ] GC(779) Concurrent Scan Root Regions
[3467.536s][info][gc,cpu         ] GC(778) User=0.68s Sys=0.01s Real=0.12s
.[3467.721s][info][gc,marking     ] GC(779) Concurrent Scan Root Regions 185.388ms
[3467.721s][info][gc,marking     ] GC(779) Concurrent Mark
[3467.721s][info][gc,marking     ] GC(779) Concurrent Mark From Roots
[3467.721s][info][gc,task        ] GC(779) Using 2 workers of 2 for marking
[3468.605s][info][gc,marking     ] GC(779) Concurrent Mark From Roots 883.543ms
[3468.605s][info][gc,marking     ] GC(779) Concurrent Preclean
[3468.605s][info][gc,marking     ] GC(779) Concurrent Preclean 0.071ms
[3468.605s][info][gc,start       ] GC(779) Pause Remark
[3468.610s][info][gc             ] GC(779) Pause Remark 2217M->2217M(4096M) 5.180ms
[3468.610s][info][gc,cpu         ] GC(779) User=0.03s Sys=0.00s Real=0.00s
[3468.610s][info][gc,marking     ] GC(779) Concurrent Mark 889.038ms
[3468.610s][info][gc,marking     ] GC(779) Concurrent Rebuild Remembered Sets and Scrub Regions
.[3468.899s][info][gc,marking     ] GC(779) Concurrent Rebuild Remembered Sets and Scrub Regions 288.546ms
[3468.899s][info][gc,start       ] GC(779) Pause Cleanup
[3468.900s][info][gc             ] GC(779) Pause Cleanup 2423M->2423M(4096M) 0.123ms
[3468.900s][info][gc,cpu         ] GC(779) User=0.00s Sys=0.00s Real=0.00s
[3468.900s][info][gc,marking     ] GC(779) Concurrent Clear Claimed Marks
[3468.900s][info][gc,marking     ] GC(779) Concurrent Clear Claimed Marks 0.025ms
[3468.900s][info][gc,marking     ] GC(779) Concurrent Cleanup for Next Mark
[3468.905s][info][gc,marking     ] GC(779) Concurrent Cleanup for Next Mark 5.010ms
[3468.905s][info][gc             ] GC(779) Concurrent Mark Cycle 1369.003ms
.[3470.549s][info][gc,start       ] GC(780) Pause Young (Prepare Mixed) (G1 Evacuation Pause)
[3470.549s][info][gc,task        ] GC(780) Using 6 workers of 6 for evacuation
[3470.664s][info][gc,phases      ] GC(780)   Pre Evacuate Collection Set: 0.36ms
[3470.664s][info][gc,phases      ] GC(780)   Merge Heap Roots: 0.53ms
[3470.664s][info][gc,phases      ] GC(780)   Evacuate Collection Set: 113.09ms
[3470.664s][info][gc,phases      ] GC(780)   Post Evacuate Collection Set: 0.89ms
[3470.664s][info][gc,phases      ] GC(780)   Other: 0.09ms
[3470.664s][info][gc,heap        ] GC(780) Eden regions: 1121->0(1110)
[3470.664s][info][gc,heap        ] GC(780) Survivor regions: 107->109(154)
[3470.664s][info][gc,heap        ] GC(780) Old regions: 505->537
[3470.664s][info][gc,heap        ] GC(780) Humongous regions: 80->80
[3470.664s][info][gc,metaspace   ] GC(780) Metaspace: 28902K(29312K)->28902K(29312K) NonClass: 24034K(24256K)->24034K(24256K) Class: 4868K(5056K)->4868K(5056K)
[3470.664s][info][gc             ] GC(780) Pause Young (Prepare Mixed) (G1 Evacuation Pause) 3625M->1449M(4096M) 115.091ms
[3470.664s][info][gc,cpu         ] GC(780) User=0.69s Sys=0.00s Real=0.12s
...[3473.721s][info][gc,start       ] GC(781) Pause Young (Mixed) (G1 Evacuation Pause)
[3473.721s][info][gc,task        ] GC(781) Using 6 workers of 6 for evacuation
[3473.852s][info][gc,phases      ] GC(781)   Pre Evacuate Collection Set: 0.38ms
[3473.852s][info][gc,phases      ] GC(781)   Merge Heap Roots: 0.58ms
[3473.852s][info][gc,phases      ] GC(781)   Evacuate Collection Set: 129.53ms
[3473.852s][info][gc,phases      ] GC(781)   Post Evacuate Collection Set: 0.93ms
[3473.852s][info][gc,phases      ] GC(781)   Other: 0.09ms
[3473.852s][info][gc,heap        ] GC(781) Eden regions: 1110->0(1118)
[3473.852s][info][gc,heap        ] GC(781) Survivor regions: 109->110(153)
[3473.852s][info][gc,heap        ] GC(781) Old regions: 537->472
[3473.852s][info][gc,heap        ] GC(781) Humongous regions: 80->80
[3473.852s][info][gc,metaspace   ] GC(781) Metaspace: 28902K(29312K)->28902K(29312K) NonClass: 24034K(24256K)->24034K(24256K) Class: 4868K(5056K)->4868K(5056K)
[3473.853s][info][gc             ] GC(781) Pause Young (Mixed) (G1 Evacuation Pause) 3669M->1323M(4096M) 131.660ms
[3473.853s][info][gc,cpu         ] GC(781) User=0.79s Sys=0.00s Real=0.14s
.. (rIR:aIR:PR = 5950:5951:5951) (tPR = 88775) [OK] 
  3474s: Performance info:
         Transaction,    Success,    Partial,     Failed,   Receipts, AvgBarcode, 
             Overall,     359613,          0,          0,     341643,      59.48, 
         Response times:
             Request,    Success,    Partial,     Failed,   SkipFail,     Probes,    Samples,      min,      p50,      p90,      p95,      p99,      max, 
       TotalPurchase,     341642,          0,          0,          0,     334967,     363688,      300,     4800,    14500,    34000,    96000,   304000,
     InStorePurchase,     179747,          0,          0,          0,     176421,     191085,      300,     4800,    14500,    34000,    95000,   304000,
      OnlinePurchase,     125942,          0,          0,          0,     123446,     134094,      300,     4800,    14400,    34000,    95000,   304000,
        InstPurchase,      35953,          0,          0,          0,      35100,      38509,      400,     5000,    14800,    35000,    99000,   304000,
          AssocOfCat,        357,          0,          0,          0,        264,        352,    24000,    35000,    61400,    83350,   158870,   179000,
      AssocOfProduct,       3602,          0,          0,          0,       3345,       3838,      700,     6600,    22000,    47000,   123000,   302000,
      BusinessReport,        897,          0,          0,          0,        774,        949,    27000,    42000,    80000,   123000,   183000,   380000,
          CustBuyBeh,       3599,          0,          0,          0,       3365,       3865,      200,     2600,    10940,    23700,    88340,   166000,
       ProductReturn,       9515,          0,          0,          0,       9151,      10306,      200,     4000,    13500,    31000,    93930,   225000,

  3474s: (44%)   IR =   6088 ..[3476.931s][info][gc,start       ] GC(782) Pause Young (Concurrent Start) (G1 Evacuation Pause)
[3476.931s][info][gc,task        ] GC(782) Using 6 workers of 6 for evacuation
[3477.051s][info][gc,phases      ] GC(782)   Pre Evacuate Collection Set: 0.39ms
[3477.051s][info][gc,phases      ] GC(782)   Merge Heap Roots: 0.47ms
[3477.051s][info][gc,phases      ] GC(782)   Evacuate Collection Set: 118.51ms
[3477.051s][info][gc,phases      ] GC(782)   Post Evacuate Collection Set: 0.94ms
[3477.051s][info][gc,phases      ] GC(782)   Other: 0.12ms
[3477.051s][info][gc,heap        ] GC(782) Eden regions: 1118->0(1115)
[3477.051s][info][gc,heap        ] GC(782) Survivor regions: 110->113(154)
[3477.051s][info][gc,heap        ] GC(782) Old regions: 472->503
[3477.051s][info][gc,heap        ] GC(782) Humongous regions: 80->80
[3477.051s][info][gc,metaspace   ] GC(782) Metaspace: 28902K(29312K)->28902K(29312K) NonClass: 24034K(24256K)->24034K(24256K) Class: 4868K(5056K)->4868K(5056K)
[3477.051s][info][gc             ] GC(782) Pause Young (Concurrent Start) (G1 Evacuation Pause) 3559M->1390M(4096M) 120.561ms
[3477.051s][info][gc             ] GC(783) Concurrent Mark Cycle
[3477.051s][info][gc,marking     ] GC(783) Concurrent Scan Root Regions
[3477.051s][info][gc,cpu         ] GC(782) User=0.72s Sys=0.00s Real=0.13s
[3477.225s][info][gc,marking     ] GC(783) Concurrent Scan Root Regions 173.389ms
[3477.225s][info][gc,marking     ] GC(783) Concurrent Mark
[3477.225s][info][gc,marking     ] GC(783) Concurrent Mark From Roots
[3477.225s][info][gc,task        ] GC(783) Using 2 workers of 2 for marking
.[3478.083s][info][gc,marking     ] GC(783) Concurrent Mark From Roots 858.517ms
[3478.083s][info][gc,marking     ] GC(783) Concurrent Preclean
[3478.083s][info][gc,marking     ] GC(783) Concurrent Preclean 0.121ms
[3478.084s][info][gc,start       ] GC(783) Pause Remark
[3478.089s][info][gc             ] GC(783) Pause Remark 2214M->2214M(4096M) 4.914ms
[3478.089s][info][gc,cpu         ] GC(783) User=0.02s Sys=0.00s Real=0.00s
[3478.090s][info][gc,marking     ] GC(783) Concurrent Mark 865.621ms
[3478.090s][info][gc,marking     ] GC(783) Concurrent Rebuild Remembered Sets and Scrub Regions
[3478.397s][info][gc,marking     ] GC(783) Concurrent Rebuild Remembered Sets and Scrub Regions 306.689ms
[3478.397s][info][gc,start       ] GC(783) Pause Cleanup
[3478.397s][info][gc             ] GC(783) Pause Cleanup 2460M->2460M(4096M) 0.122ms
[3478.397s][info][gc,cpu         ] GC(783) User=0.00s Sys=0.00s Real=0.00s
[3478.397s][info][gc,marking     ] GC(783) Concurrent Clear Claimed Marks
[3478.397s][info][gc,marking     ] GC(783) Concurrent Clear Claimed Marks 0.021ms
[3478.397s][info][gc,marking     ] GC(783) Concurrent Cleanup for Next Mark
[3478.402s][info][gc,marking     ] GC(783) Concurrent Cleanup for Next Mark 4.409ms
[3478.402s][info][gc             ] GC(783) Concurrent Mark Cycle 1350.613ms
..[3479.970s][info][gc,start       ] GC(784) Pause Young (Prepare Mixed) (G1 Evacuation Pause)
[3479.970s][info][gc,task        ] GC(784) Using 6 workers of 6 for evacuation
[3480.086s][info][gc,phases      ] GC(784)   Pre Evacuate Collection Set: 0.33ms
[3480.086s][info][gc,phases      ] GC(784)   Merge Heap Roots: 0.47ms
[3480.086s][info][gc,phases      ] GC(784)   Evacuate Collection Set: 114.58ms
[3480.086s][info][gc,phases      ] GC(784)   Post Evacuate Collection Set: 0.89ms
[3480.086s][info][gc,phases      ] GC(784)   Other: 0.08ms
[3480.086s][info][gc,heap        ] GC(784) Eden regions: 1115->0(1110)
[3480.086s][info][gc,heap        ] GC(784) Survivor regions: 113->110(154)
[3480.086s][info][gc,heap        ] GC(784) Old regions: 503->535
[3480.086s][info][gc,heap        ] GC(784) Humongous regions: 80->80
[3480.086s][info][gc,metaspace   ] GC(784) Metaspace: 28902K(29312K)->28902K(29312K) NonClass: 24034K(24256K)->24034K(24256K) Class: 4868K(5056K)->4868K(5056K)
[3480.086s][info][gc             ] GC(784) Pause Young (Prepare Mixed) (G1 Evacuation Pause) 3620M->1448M(4096M) 116.485ms
[3480.086s][info][gc,cpu         ] GC(784) User=0.69s Sys=0.01s Real=0.12s
..|.[3483.145s][info][gc,start       ] GC(785) Pause Young (Mixed) (G1 Evacuation Pause)
[3483.145s][info][gc,task        ] GC(785) Using 6 workers of 6 for evacuation
[3483.282s][info][gc,phases      ] GC(785)   Pre Evacuate Collection Set: 0.38ms
[3483.282s][info][gc,phases      ] GC(785)   Merge Heap Roots: 0.63ms
[3483.282s][info][gc,phases      ] GC(785)   Evacuate Collection Set: 134.76ms
[3483.282s][info][gc,phases      ] GC(785)   Post Evacuate Collection Set: 0.92ms
[3483.282s][info][gc,phases      ] GC(785)   Other: 0.09ms
[3483.282s][info][gc,heap        ] GC(785) Eden regions: 1110->0(1115)
[3483.282s][info][gc,heap        ] GC(785) Survivor regions: 110->113(153)
[3483.282s][info][gc,heap        ] GC(785) Old regions: 535->471
[3483.282s][info][gc,heap        ] GC(785) Humongous regions: 80->80
[3483.282s][info][gc,metaspace   ] GC(785) Metaspace: 28902K(29312K)->28902K(29312K) NonClass: 24034K(24256K)->24034K(24256K) Class: 4868K(5056K)->4868K(5056K)
[3483.282s][info][gc             ] GC(785) Pause Young (Mixed) (G1 Evacuation Pause) 3668M->1326M(4096M) 136.898ms
[3483.282s][info][gc,cpu         ] GC(785) User=0.81s Sys=0.00s Real=0.14s
...[3486.237s][info][gc,start       ] GC(786) Pause Young (Concurrent Start) (G1 Evacuation Pause)
[3486.237s][info][gc,task        ] GC(786) Using 6 workers of 6 for evacuation
[3486.353s][info][gc,phases      ] GC(786)   Pre Evacuate Collection Set: 0.39ms
[3486.353s][info][gc,phases      ] GC(786)   Merge Heap Roots: 0.47ms
[3486.353s][info][gc,phases      ] GC(786)   Evacuate Collection Set: 113.88ms
[3486.353s][info][gc,phases      ] GC(786)   Post Evacuate Collection Set: 0.85ms
[3486.353s][info][gc,phases      ] GC(786)   Other: 0.11ms
[3486.353s][info][gc,heap        ] GC(786) Eden regions: 1115->0(1120)
[3486.353s][info][gc,heap        ] GC(786) Survivor regions: 113->108(154)
[3486.353s][info][gc,heap        ] GC(786) Old regions: 471->502
[3486.353s][info][gc,heap        ] GC(786) Humongous regions: 80->80
[3486.353s][info][gc,metaspace   ] GC(786) Metaspace: 28902K(29312K)->28902K(29312K) NonClass: 24034K(24256K)->24034K(24256K) Class: 4868K(5056K)->4868K(5056K)
[3486.353s][info][gc             ] GC(786) Pause Young (Concurrent Start) (G1 Evacuation Pause) 3556M->1378M(4096M) 115.829ms
[3486.353s][info][gc             ] GC(787) Concurrent Mark Cycle
[3486.353s][info][gc,marking     ] GC(787) Concurrent Scan Root Regions
[3486.353s][info][gc,cpu         ] GC(786) User=0.69s Sys=0.01s Real=0.12s
[3486.538s][info][gc,marking     ] GC(787) Concurrent Scan Root Regions 184.801ms
[3486.538s][info][gc,marking     ] GC(787) Concurrent Mark
[3486.538s][info][gc,marking     ] GC(787) Concurrent Mark From Roots
[3486.538s][info][gc,task        ] GC(787) Using 2 workers of 2 for marking
.[3487.438s][info][gc,marking     ] GC(787) Concurrent Mark From Roots 899.861ms
[3487.438s][info][gc,marking     ] GC(787) Concurrent Preclean
[3487.438s][info][gc,marking     ] GC(787) Concurrent Preclean 0.076ms
[3487.438s][info][gc,start       ] GC(787) Pause Remark
[3487.445s][info][gc             ] GC(787) Pause Remark 2289M->2289M(4096M) 7.031ms
[3487.445s][info][gc,cpu         ] GC(787) User=0.04s Sys=0.00s Real=0.01s
[3487.445s][info][gc,marking     ] GC(787) Concurrent Mark 907.187ms
[3487.445s][info][gc,marking     ] GC(787) Concurrent Rebuild Remembered Sets and Scrub Regions
[3487.788s][info][gc,marking     ] GC(787) Concurrent Rebuild Remembered Sets and Scrub Regions 342.632ms
[3487.788s][info][gc,start       ] GC(787) Pause Cleanup
[3487.788s][info][gc             ] GC(787) Pause Cleanup 2534M->2534M(4096M) 0.117ms
[3487.788s][info][gc,cpu         ] GC(787) User=0.00s Sys=0.00s Real=0.00s
[3487.788s][info][gc,marking     ] GC(787) Concurrent Clear Claimed Marks
[3487.788s][info][gc,marking     ] GC(787) Concurrent Clear Claimed Marks 0.019ms
[3487.788s][info][gc,marking     ] GC(787) Concurrent Cleanup for Next Mark
[3487.791s][info][gc,marking     ] GC(787) Concurrent Cleanup for Next Mark 3.337ms
[3487.791s][info][gc             ] GC(787) Concurrent Mark Cycle 1438.390ms
..[3489.385s][info][gc,start       ] GC(788) Pause Young (Prepare Mixed) (G1 Evacuation Pause)
[3489.385s][info][gc,task        ] GC(788) Using 6 workers of 6 for evacuation
[3489.501s][info][gc,phases      ] GC(788)   Pre Evacuate Collection Set: 0.31ms
[3489.501s][info][gc,phases      ] GC(788)   Merge Heap Roots: 0.52ms
[3489.501s][info][gc,phases      ] GC(788)   Evacuate Collection Set: 114.03ms
[3489.501s][info][gc,phases      ] GC(788)   Post Evacuate Collection Set: 0.88ms
[3489.501s][info][gc,phases      ] GC(788)   Other: 0.10ms
[3489.501s][info][gc,heap        ] GC(788) Eden regions: 1120->0(1113)
[3489.501s][info][gc,heap        ] GC(788) Survivor regions: 108->109(154)
[3489.501s][info][gc,heap        ] GC(788) Old regions: 502->534
[3489.501s][info][gc,heap        ] GC(788) Humongous regions: 80->80
[3489.501s][info][gc,metaspace   ] GC(788) Metaspace: 28904K(29312K)->28904K(29312K) NonClass: 24036K(24256K)->24036K(24256K) Class: 4868K(5056K)->4868K(5056K)
[3489.501s][info][gc             ] GC(788) Pause Young (Prepare Mixed) (G1 Evacuation Pause) 3618M->1444M(4096M) 115.976ms
[3489.501s][info][gc,cpu         ] GC(788) User=0.69s Sys=0.00s Real=0.12s
...[3492.411s][info][gc,start       ] GC(789) Pause Young (Mixed) (G1 Evacuation Pause)
[3492.411s][info][gc,task        ] GC(789) Using 6 workers of 6 for evacuation
[3492.540s][info][gc,phases      ] GC(789)   Pre Evacuate Collection Set: 0.35ms
[3492.540s][info][gc,phases      ] GC(789)   Merge Heap Roots: 0.61ms
[3492.540s][info][gc,phases      ] GC(789)   Evacuate Collection Set: 127.37ms
[3492.540s][info][gc,phases      ] GC(789)   Post Evacuate Collection Set: 0.95ms
[3492.540s][info][gc,phases      ] GC(789)   Other: 0.09ms
[3492.540s][info][gc,heap        ] GC(789) Eden regions: 1113->0(1120)
[3492.540s][info][gc,heap        ] GC(789) Survivor regions: 109->108(153)
[3492.540s][info][gc,heap        ] GC(789) Old regions: 534->470
[3492.540s][info][gc,heap        ] GC(789) Humongous regions: 80->80
[3492.540s][info][gc,metaspace   ] GC(789) Metaspace: 28904K(29312K)->28904K(29312K) NonClass: 24036K(24256K)->24036K(24256K) Class: 4868K(5056K)->4868K(5056K)
[3492.540s][info][gc             ] GC(789) Pause Young (Mixed) (G1 Evacuation Pause) 3670M->1315M(4096M) 129.527ms
[3492.541s][info][gc,cpu         ] GC(789) User=0.77s Sys=0.00s Real=0.13s
...[3495.540s][info][gc,start       ] GC(790) Pause Young (Concurrent Start) (G1 Evacuation Pause)
[3495.540s][info][gc,task        ] GC(790) Using 6 workers of 6 for evacuation
[3495.658s][info][gc,phases      ] GC(790)   Pre Evacuate Collection Set: 0.41ms
[3495.658s][info][gc,phases      ] GC(790)   Merge Heap Roots: 0.49ms
[3495.658s][info][gc,phases      ] GC(790)   Evacuate Collection Set: 116.26ms
[3495.658s][info][gc,phases      ] GC(790)   Post Evacuate Collection Set: 0.86ms
[3495.658s][info][gc,phases      ] GC(790)   Other: 0.12ms
[3495.658s][info][gc,heap        ] GC(790) Eden regions: 1120->0(1118)
[3495.658s][info][gc,heap        ] GC(790) Survivor regions: 108->110(154)
[3495.658s][info][gc,heap        ] GC(790) Old regions: 470->502
[3495.658s][info][gc,heap        ] GC(790) Humongous regions: 80->80
[3495.658s][info][gc,metaspace   ] GC(790) Metaspace: 28904K(29312K)->28904K(29312K) NonClass: 24036K(24256K)->24036K(24256K) Class: 4868K(5056K)->4868K(5056K)
[3495.658s][info][gc             ] GC(790) Pause Young (Concurrent Start) (G1 Evacuation Pause) 3555M->1383M(4096M) 118.300ms
[3495.658s][info][gc             ] GC(791) Concurrent Mark Cycle
[3495.658s][info][gc,marking     ] GC(791) Concurrent Scan Root Regions
[3495.658s][info][gc,cpu         ] GC(790) User=0.70s Sys=0.00s Real=0.12s
[3495.848s][info][gc,marking     ] GC(791) Concurrent Scan Root Regions 189.953ms
[3495.848s][info][gc,marking     ] GC(791) Concurrent Mark
[3495.848s][info][gc,marking     ] GC(791) Concurrent Mark From Roots
[3495.848s][info][gc,task        ] GC(791) Using 2 workers of 2 for marking
.[3496.754s][info][gc,marking     ] GC(791) Concurrent Mark From Roots 905.623ms
[3496.754s][info][gc,marking     ] GC(791) Concurrent Preclean
[3496.754s][info][gc,marking     ] GC(791) Concurrent Preclean 0.103ms
[3496.754s][info][gc,start       ] GC(791) Pause Remark
[3496.760s][info][gc             ] GC(791) Pause Remark 2282M->2282M(4096M) 6.064ms
[3496.760s][info][gc,cpu         ] GC(791) User=0.03s Sys=0.00s Real=0.00s
[3496.760s][info][gc,marking     ] GC(791) Concurrent Mark 912.159ms
[3496.760s][info][gc,marking     ] GC(791) Concurrent Rebuild Remembered Sets and Scrub Regions
.[3497.066s][info][gc,marking     ] GC(791) Concurrent Rebuild Remembered Sets and Scrub Regions 305.264ms
[3497.066s][info][gc,start       ] GC(791) Pause Cleanup
[3497.066s][info][gc             ] GC(791) Pause Cleanup 2520M->2520M(4096M) 0.095ms
[3497.066s][info][gc,cpu         ] GC(791) User=0.00s Sys=0.00s Real=0.00s
[3497.066s][info][gc,marking     ] GC(791) Concurrent Clear Claimed Marks
[3497.066s][info][gc,marking     ] GC(791) Concurrent Clear Claimed Marks 0.022ms
[3497.066s][info][gc,marking     ] GC(791) Concurrent Cleanup for Next Mark
[3497.070s][info][gc,marking     ] GC(791) Concurrent Cleanup for Next Mark 3.709ms
[3497.070s][info][gc             ] GC(791) Concurrent Mark Cycle 1411.520ms
.[3498.539s][info][gc,start       ] GC(792) Pause Young (Prepare Mixed) (G1 Evacuation Pause)
[3498.539s][info][gc,task        ] GC(792) Using 6 workers of 6 for evacuation
[3498.653s][info][gc,phases      ] GC(792)   Pre Evacuate Collection Set: 0.32ms
[3498.653s][info][gc,phases      ] GC(792)   Merge Heap Roots: 0.47ms
[3498.653s][info][gc,phases      ] GC(792)   Evacuate Collection Set: 112.07ms
[3498.653s][info][gc,phases      ] GC(792)   Post Evacuate Collection Set: 0.93ms
[3498.653s][info][gc,phases      ] GC(792)   Other: 0.10ms
[3498.653s][info][gc,heap        ] GC(792) Eden regions: 1118->0(1116)
[3498.653s][info][gc,heap        ] GC(792) Survivor regions: 110->108(154)
[3498.653s][info][gc,heap        ] GC(792) Old regions: 502->533
[3498.653s][info][gc,heap        ] GC(792) Humongous regions: 80->80
[3498.653s][info][gc,metaspace   ] GC(792) Metaspace: 28904K(29312K)->28904K(29312K) NonClass: 24036K(24256K)->24036K(24256K) Class: 4868K(5056K)->4868K(5056K)
[3498.653s][info][gc             ] GC(792) Pause Young (Prepare Mixed) (G1 Evacuation Pause) 3619M->1441M(4096M) 114.043ms
[3498.653s][info][gc,cpu         ] GC(792) User=0.67s Sys=0.00s Real=0.12s
...[3501.713s][info][gc,start       ] GC(793) Pause Young (Mixed) (G1 Evacuation Pause)
[3501.713s][info][gc,task        ] GC(793) Using 6 workers of 6 for evacuation
[3501.845s][info][gc,phases      ] GC(793)   Pre Evacuate Collection Set: 0.38ms
[3501.845s][info][gc,phases      ] GC(793)   Merge Heap Roots: 0.63ms
[3501.845s][info][gc,phases      ] GC(793)   Evacuate Collection Set: 129.94ms
[3501.845s][info][gc,phases      ] GC(793)   Post Evacuate Collection Set: 0.94ms
[3501.845s][info][gc,phases      ] GC(793)   Other: 0.08ms
[3501.845s][info][gc,heap        ] GC(793) Eden regions: 1116->0(1118)
[3501.845s][info][gc,heap        ] GC(793) Survivor regions: 108->110(153)
[3501.845s][info][gc,heap        ] GC(793) Old regions: 533->472
[3501.845s][info][gc,heap        ] GC(793) Humongous regions: 80->80
[3501.845s][info][gc,metaspace   ] GC(793) Metaspace: 28904K(29312K)->28904K(29312K) NonClass: 24036K(24256K)->24036K(24256K) Class: 4868K(5056K)->4868K(5056K)
[3501.845s][info][gc             ] GC(793) Pause Young (Mixed) (G1 Evacuation Pause) 3673M->1322M(4096M) 132.097ms
[3501.845s][info][gc,cpu         ] GC(793) User=0.79s Sys=0.00s Real=0.13s
...[3504.769s][info][gc,start       ] GC(794) Pause Young (Concurrent Start) (G1 Evacuation Pause)
[3504.769s][info][gc,task        ] GC(794) Using 6 workers of 6 for evacuation
[3504.884s][info][gc,phases      ] GC(794)   Pre Evacuate Collection Set: 0.40ms
[3504.885s][info][gc,phases      ] GC(794)   Merge Heap Roots: 0.47ms
[3504.885s][info][gc,phases      ] GC(794)   Evacuate Collection Set: 113.36ms
[3504.885s][info][gc,phases      ] GC(794)   Post Evacuate Collection Set: 0.86ms
[3504.885s][info][gc,phases      ] GC(794)   Other: 0.13ms
[3504.885s][info][gc,heap        ] GC(794) Eden regions: 1118->0(1118)
[3504.885s][info][gc,heap        ] GC(794) Survivor regions: 110->110(154)
[3504.885s][info][gc,heap        ] GC(794) Old regions: 472->504
[3504.885s][info][gc,heap        ] GC(794) Humongous regions: 80->80
[3504.885s][info][gc,metaspace   ] GC(794) Metaspace: 28904K(29312K)->28904K(29312K) NonClass: 24036K(24256K)->24036K(24256K) Class: 4868K(5056K)->4868K(5056K)
[3504.885s][info][gc             ] GC(794) Pause Young (Concurrent Start) (G1 Evacuation Pause) 3558M->1385M(4096M) 115.361ms
[3504.885s][info][gc             ] GC(795) Concurrent Mark Cycle
[3504.885s][info][gc,marking     ] GC(795) Concurrent Scan Root Regions
[3504.885s][info][gc,cpu         ] GC(794) User=0.68s Sys=0.00s Real=0.12s
.[3505.070s][info][gc,marking     ] GC(795) Concurrent Scan Root Regions 185.620ms
[3505.070s][info][gc,marking     ] GC(795) Concurrent Mark
[3505.070s][info][gc,marking     ] GC(795) Concurrent Mark From Roots
[3505.070s][info][gc,task        ] GC(795) Using 2 workers of 2 for marking
[3505.872s][info][gc,marking     ] GC(795) Concurrent Mark From Roots 801.886ms
[3505.872s][info][gc,marking     ] GC(795) Concurrent Preclean
[3505.872s][info][gc,marking     ] GC(795) Concurrent Preclean 0.134ms
[3505.872s][info][gc,start       ] GC(795) Pause Remark
[3505.879s][info][gc             ] GC(795) Pause Remark 2175M->2175M(4096M) 6.841ms
[3505.879s][info][gc,cpu         ] GC(795) User=0.04s Sys=0.00s Real=0.00s
[3505.879s][info][gc,marking     ] GC(795) Concurrent Mark 809.136ms
[3505.879s][info][gc,marking     ] GC(795) Concurrent Rebuild Remembered Sets and Scrub Regions
.[3506.119s][info][gc,marking     ] GC(795) Concurrent Rebuild Remembered Sets and Scrub Regions 239.550ms
[3506.119s][info][gc,start       ] GC(795) Pause Cleanup
[3506.119s][info][gc             ] GC(795) Pause Cleanup 2321M->2321M(4096M) 0.102ms
[3506.119s][info][gc,cpu         ] GC(795) User=0.00s Sys=0.00s Real=0.00s
[3506.119s][info][gc,marking     ] GC(795) Concurrent Clear Claimed Marks
[3506.119s][info][gc,marking     ] GC(795) Concurrent Clear Claimed Marks 0.022ms
[3506.119s][info][gc,marking     ] GC(795) Concurrent Cleanup for Next Mark
[3506.122s][info][gc,marking     ] GC(795) Concurrent Cleanup for Next Mark 3.131ms
[3506.122s][info][gc             ] GC(795) Concurrent Mark Cycle 1237.896ms
.[3507.836s][info][gc,start       ] GC(796) Pause Young (Prepare Mixed) (G1 Evacuation Pause)
[3507.836s][info][gc,task        ] GC(796) Using 6 workers of 6 for evacuation
[3507.955s][info][gc,phases      ] GC(796)   Pre Evacuate Collection Set: 0.31ms
[3507.955s][info][gc,phases      ] GC(796)   Merge Heap Roots: 0.48ms
[3507.955s][info][gc,phases      ] GC(796)   Evacuate Collection Set: 117.24ms
[3507.955s][info][gc,phases      ] GC(796)   Post Evacuate Collection Set: 0.93ms
[3507.955s][info][gc,phases      ] GC(796)   Other: 0.09ms
[3507.955s][info][gc,heap        ] GC(796) Eden regions: 1118->0(1105)
[3507.955s][info][gc,heap        ] GC(796) Survivor regions: 110->112(154)
[3507.955s][info][gc,heap        ] GC(796) Old regions: 504->536
[3507.955s][info][gc,heap        ] GC(796) Humongous regions: 80->80
[3507.955s][info][gc,metaspace   ] GC(796) Metaspace: 28904K(29312K)->28904K(29312K) NonClass: 24036K(24256K)->24036K(24256K) Class: 4868K(5056K)->4868K(5056K)
[3507.955s][info][gc             ] GC(796) Pause Young (Prepare Mixed) (G1 Evacuation Pause) 3621M->1454M(4096M) 119.179ms
[3507.955s][info][gc,cpu         ] GC(796) User=0.71s Sys=0.00s Real=0.12s
...[3510.939s][info][gc,start       ] GC(797) Pause Young (Mixed) (G1 Evacuation Pause)
[3510.939s][info][gc,task        ] GC(797) Using 6 workers of 6 for evacuation
[3511.071s][info][gc,phases      ] GC(797)   Pre Evacuate Collection Set: 0.39ms
[3511.071s][info][gc,phases      ] GC(797)   Merge Heap Roots: 0.66ms
[3511.071s][info][gc,phases      ] GC(797)   Evacuate Collection Set: 129.74ms
[3511.071s][info][gc,phases      ] GC(797)   Post Evacuate Collection Set: 0.91ms
[3511.071s][info][gc,phases      ] GC(797)   Other: 0.09ms
[3511.071s][info][gc,heap        ] GC(797) Eden regions: 1105->0(1119)
[3511.071s][info][gc,heap        ] GC(797) Survivor regions: 112->109(153)
[3511.071s][info][gc,heap        ] GC(797) Old regions: 536->473
[3511.071s][info][gc,heap        ] GC(797) Humongous regions: 80->80
[3511.071s][info][gc,metaspace   ] GC(797) Metaspace: 28904K(29312K)->28904K(29312K) NonClass: 24036K(24256K)->24036K(24256K) Class: 4868K(5056K)->4868K(5056K)
[3511.071s][info][gc             ] GC(797) Pause Young (Mixed) (G1 Evacuation Pause) 3664M->1323M(4096M) 131.928ms
[3511.071s][info][gc,cpu         ] GC(797) User=0.79s Sys=0.00s Real=0.13s
...[3514.048s][info][gc,start       ] GC(798) Pause Young (Concurrent Start) (G1 Evacuation Pause)
[3514.048s][info][gc,task        ] GC(798) Using 6 workers of 6 for evacuation
[3514.164s][info][gc,phases      ] GC(798)   Pre Evacuate Collection Set: 0.39ms
[3514.165s][info][gc,phases      ] GC(798)   Merge Heap Roots: 0.49ms
[3514.165s][info][gc,phases      ] GC(798)   Evacuate Collection Set: 114.74ms
[3514.165s][info][gc,phases      ] GC(798)   Post Evacuate Collection Set: 0.88ms
[3514.165s][info][gc,phases      ] GC(798)   Other: 0.11ms
[3514.165s][info][gc,heap        ] GC(798) Eden regions: 1119->0(1118)
[3514.165s][info][gc,heap        ] GC(798) Survivor regions: 109->110(154)
[3514.165s][info][gc,heap        ] GC(798) Old regions: 473->504
[3514.165s][info][gc,heap        ] GC(798) Humongous regions: 80->80
[3514.165s][info][gc,metaspace   ] GC(798) Metaspace: 28904K(29312K)->28904K(29312K) NonClass: 24036K(24256K)->24036K(24256K) Class: 4868K(5056K)->4868K(5056K)
[3514.165s][info][gc             ] GC(798) Pause Young (Concurrent Start) (G1 Evacuation Pause) 3561M->1387M(4096M) 116.729ms
[3514.165s][info][gc             ] GC(799) Concurrent Mark Cycle
[3514.165s][info][gc,marking     ] GC(799) Concurrent Scan Root Regions
[3514.165s][info][gc,cpu         ] GC(798) User=0.69s Sys=0.00s Real=0.12s
.[3514.310s][info][gc,marking     ] GC(799) Concurrent Scan Root Regions 145.051ms
[3514.310s][info][gc,marking     ] GC(799) Concurrent Mark
[3514.310s][info][gc,marking     ] GC(799) Concurrent Mark From Roots
[3514.310s][info][gc,task        ] GC(799) Using 2 workers of 2 for marking
[3514.966s][info][gc,marking     ] GC(799) Concurrent Mark From Roots 656.419ms
[3514.966s][info][gc,marking     ] GC(799) Concurrent Preclean
[3514.966s][info][gc,marking     ] GC(799) Concurrent Preclean 0.070ms
[3514.966s][info][gc,start       ] GC(799) Pause Remark
[3514.973s][info][gc             ] GC(799) Pause Remark 2022M->2022M(4096M) 6.281ms
[3514.973s][info][gc,cpu         ] GC(799) User=0.04s Sys=0.00s Real=0.01s
[3514.973s][info][gc,marking     ] GC(799) Concurrent Mark 663.031ms
[3514.973s][info][gc,marking     ] GC(799) Concurrent Rebuild Remembered Sets and Scrub Regions
.[3515.227s][info][gc,marking     ] GC(799) Concurrent Rebuild Remembered Sets and Scrub Regions 254.574ms
[3515.229s][info][gc,start       ] GC(799) Pause Cleanup
[3515.229s][info][gc             ] GC(799) Pause Cleanup 2219M->2219M(4096M) 0.123ms
[3515.229s][info][gc,cpu         ] GC(799) User=0.00s Sys=0.00s Real=0.00s
[3515.229s][info][gc,marking     ] GC(799) Concurrent Clear Claimed Marks
[3515.229s][info][gc,marking     ] GC(799) Concurrent Clear Claimed Marks 0.026ms
[3515.229s][info][gc,marking     ] GC(799) Concurrent Cleanup for Next Mark
[3515.233s][info][gc,marking     ] GC(799) Concurrent Cleanup for Next Mark 4.345ms
[3515.233s][info][gc             ] GC(799) Concurrent Mark Cycle 1068.618ms
.[3517.121s][info][gc,start       ] GC(800) Pause Young (Prepare Mixed) (G1 Evacuation Pause)
[3517.121s][info][gc,task        ] GC(800) Using 6 workers of 6 for evacuation
[3517.237s][info][gc,phases      ] GC(800)   Pre Evacuate Collection Set: 0.34ms
[3517.237s][info][gc,phases      ] GC(800)   Merge Heap Roots: 0.49ms
[3517.237s][info][gc,phases      ] GC(800)   Evacuate Collection Set: 114.48ms
[3517.237s][info][gc,phases      ] GC(800)   Post Evacuate Collection Set: 0.86ms
[3517.237s][info][gc,phases      ] GC(800)   Other: 0.09ms
[3517.237s][info][gc,heap        ] GC(800) Eden regions: 1118->0(1109)
[3517.237s][info][gc,heap        ] GC(800) Survivor regions: 110->110(154)
[3517.237s][info][gc,heap        ] GC(800) Old regions: 504->536
[3517.237s][info][gc,heap        ] GC(800) Humongous regions: 80->80
[3517.237s][info][gc,metaspace   ] GC(800) Metaspace: 28904K(29312K)->28904K(29312K) NonClass: 24036K(24256K)->24036K(24256K) Class: 4868K(5056K)->4868K(5056K)
[3517.237s][info][gc             ] GC(800) Pause Young (Prepare Mixed) (G1 Evacuation Pause) 3623M->1449M(4096M) 116.413ms
[3517.237s][info][gc,cpu         ] GC(800) User=0.69s Sys=0.00s Real=0.12s
...[3520.215s][info][gc,start       ] GC(801) Pause Young (Mixed) (G1 Evacuation Pause)
[3520.215s][info][gc,task        ] GC(801) Using 6 workers of 6 for evacuation
[3520.348s][info][gc,phases      ] GC(801)   Pre Evacuate Collection Set: 0.39ms
[3520.348s][info][gc,phases      ] GC(801)   Merge Heap Roots: 0.65ms
[3520.348s][info][gc,phases      ] GC(801)   Evacuate Collection Set: 131.23ms
[3520.348s][info][gc,phases      ] GC(801)   Post Evacuate Collection Set: 0.92ms
[3520.348s][info][gc,phases      ] GC(801)   Other: 0.09ms
[3520.348s][info][gc,heap        ] GC(801) Eden regions: 1109->0(1117)
[3520.348s][info][gc,heap        ] GC(801) Survivor regions: 110->111(153)
[3520.348s][info][gc,heap        ] GC(801) Old regions: 536->471
[3520.348s][info][gc,heap        ] GC(801) Humongous regions: 80->80
[3520.348s][info][gc,metaspace   ] GC(801) Metaspace: 28904K(29312K)->28904K(29312K) NonClass: 24036K(24256K)->24036K(24256K) Class: 4868K(5056K)->4868K(5056K)
[3520.348s][info][gc             ] GC(801) Pause Young (Mixed) (G1 Evacuation Pause) 3667M->1321M(4096M) 133.429ms
[3520.349s][info][gc,cpu         ] GC(801) User=0.80s Sys=0.00s Real=0.13s
...[3523.355s][info][gc,start       ] GC(802) Pause Young (Concurrent Start) (G1 Evacuation Pause)
[3523.356s][info][gc,task        ] GC(802) Using 6 workers of 6 for evacuation
[3523.469s][info][gc,phases      ] GC(802)   Pre Evacuate Collection Set: 0.41ms
[3523.469s][info][gc,phases      ] GC(802)   Merge Heap Roots: 0.49ms
[3523.469s][info][gc,phases      ] GC(802)   Evacuate Collection Set: 111.86ms
[3523.469s][info][gc,phases      ] GC(802)   Post Evacuate Collection Set: 0.85ms
[3523.469s][info][gc,phases      ] GC(802)   Other: 0.13ms
[3523.469s][info][gc,heap        ] GC(802) Eden regions: 1117->0(1121)
[3523.469s][info][gc,heap        ] GC(802) Survivor regions: 111->107(154)
[3523.469s][info][gc,heap        ] GC(802) Old regions: 471->503
[3523.469s][info][gc,heap        ] GC(802) Humongous regions: 80->80
[3523.469s][info][gc,metaspace   ] GC(802) Metaspace: 28904K(29312K)->28904K(29312K) NonClass: 24036K(24256K)->24036K(24256K) Class: 4868K(5056K)->4868K(5056K)
[3523.469s][info][gc             ] GC(802) Pause Young (Concurrent Start) (G1 Evacuation Pause) 3555M->1378M(4096M) 114.648ms
[3523.469s][info][gc             ] GC(803) Concurrent Mark Cycle
[3523.469s][info][gc,marking     ] GC(803) Concurrent Scan Root Regions
[3523.469s][info][gc,cpu         ] GC(802) User=0.68s Sys=0.00s Real=0.11s
.[3523.613s][info][gc,marking     ] GC(803) Concurrent Scan Root Regions 143.894ms
[3523.613s][info][gc,marking     ] GC(803) Concurrent Mark
[3523.613s][info][gc,marking     ] GC(803) Concurrent Mark From Roots
[3523.613s][info][gc,task        ] GC(803) Using 2 workers of 2 for marking
[3524.293s][info][gc,marking     ] GC(803) Concurrent Mark From Roots 680.153ms
[3524.294s][info][gc,marking     ] GC(803) Concurrent Preclean
[3524.294s][info][gc,marking     ] GC(803) Concurrent Preclean 0.083ms
[3524.294s][info][gc,start       ] GC(803) Pause Remark
[3524.300s][info][gc             ] GC(803) Pause Remark 2038M->2038M(4096M) 6.192ms
[3524.300s][info][gc,cpu         ] GC(803) User=0.04s Sys=0.00s Real=0.00s
[3524.300s][info][gc,marking     ] GC(803) Concurrent Mark 686.674ms
[3524.300s][info][gc,marking     ] GC(803) Concurrent Rebuild Remembered Sets and Scrub Regions
.[3524.590s][info][gc,marking     ] GC(803) Concurrent Rebuild Remembered Sets and Scrub Regions 289.534ms
[3524.590s][info][gc,start       ] GC(803) Pause Cleanup
[3524.591s][info][gc             ] GC(803) Pause Cleanup 2236M->2236M(4096M) 0.113ms
[3524.591s][info][gc,cpu         ] GC(803) User=0.00s Sys=0.00s Real=0.00s
[3524.591s][info][gc,marking     ] GC(803) Concurrent Clear Claimed Marks
[3524.591s][info][gc,marking     ] GC(803) Concurrent Clear Claimed Marks 0.027ms
[3524.591s][info][gc,marking     ] GC(803) Concurrent Cleanup for Next Mark
[3524.595s][info][gc,marking     ] GC(803) Concurrent Cleanup for Next Mark 4.171ms
[3524.595s][info][gc             ] GC(803) Concurrent Mark Cycle 1125.890ms
.[3526.456s][info][gc,start       ] GC(804) Pause Young (Prepare Mixed) (G1 Evacuation Pause)
[3526.456s][info][gc,task        ] GC(804) Using 6 workers of 6 for evacuation
[3526.569s][info][gc,phases      ] GC(804)   Pre Evacuate Collection Set: 0.34ms
[3526.570s][info][gc,phases      ] GC(804)   Merge Heap Roots: 0.49ms
[3526.570s][info][gc,phases      ] GC(804)   Evacuate Collection Set: 112.04ms
[3526.570s][info][gc,phases      ] GC(804)   Post Evacuate Collection Set: 0.87ms
[3526.570s][info][gc,phases      ] GC(804)   Other: 0.09ms
[3526.570s][info][gc,heap        ] GC(804) Eden regions: 1121->0(1115)
[3526.570s][info][gc,heap        ] GC(804) Survivor regions: 107->108(154)
[3526.570s][info][gc,heap        ] GC(804) Old regions: 503->534
[3526.570s][info][gc,heap        ] GC(804) Humongous regions: 80->80
[3526.570s][info][gc,metaspace   ] GC(804) Metaspace: 28904K(29312K)->28904K(29312K) NonClass: 24036K(24256K)->24036K(24256K) Class: 4868K(5056K)->4868K(5056K)
[3526.570s][info][gc             ] GC(804) Pause Young (Prepare Mixed) (G1 Evacuation Pause) 3620M->1442M(4096M) 113.964ms
[3526.570s][info][gc,cpu         ] GC(804) User=0.67s Sys=0.00s Real=0.11s
...[3529.504s][info][gc,start       ] GC(805) Pause Young (Mixed) (G1 Evacuation Pause)
[3529.504s][info][gc,task        ] GC(805) Using 6 workers of 6 for evacuation
[3529.637s][info][gc,phases      ] GC(805)   Pre Evacuate Collection Set: 0.39ms
[3529.637s][info][gc,phases      ] GC(805)   Merge Heap Roots: 0.60ms
[3529.637s][info][gc,phases      ] GC(805)   Evacuate Collection Set: 131.18ms
[3529.637s][info][gc,phases      ] GC(805)   Post Evacuate Collection Set: 0.95ms
[3529.637s][info][gc,phases      ] GC(805)   Other: 0.09ms
[3529.637s][info][gc,heap        ] GC(805) Eden regions: 1115->0(1118)
[3529.637s][info][gc,heap        ] GC(805) Survivor regions: 108->110(153)
[3529.637s][info][gc,heap        ] GC(805) Old regions: 534->472
[3529.637s][info][gc,heap        ] GC(805) Humongous regions: 80->80
[3529.637s][info][gc,metaspace   ] GC(805) Metaspace: 28904K(29312K)->28904K(29312K) NonClass: 24036K(24256K)->24036K(24256K) Class: 4868K(5056K)->4868K(5056K)
[3529.637s][info][gc             ] GC(805) Pause Young (Mixed) (G1 Evacuation Pause) 3672M->1322M(4096M) 133.339ms
[3529.637s][info][gc,cpu         ] GC(805) User=0.79s Sys=0.00s Real=0.13s
...[3532.654s][info][gc,start       ] GC(806) Pause Young (Concurrent Start) (G1 Evacuation Pause)
[3532.654s][info][gc,task        ] GC(806) Using 6 workers of 6 for evacuation
[3532.769s][info][gc,phases      ] GC(806)   Pre Evacuate Collection Set: 0.40ms
[3532.769s][info][gc,phases      ] GC(806)   Merge Heap Roots: 0.45ms
[3532.769s][info][gc,phases      ] GC(806)   Evacuate Collection Set: 113.12ms
[3532.769s][info][gc,phases      ] GC(806)   Post Evacuate Collection Set: 0.84ms
[3532.769s][info][gc,phases      ] GC(806)   Other: 0.12ms
[3532.769s][info][gc,heap        ] GC(806) Eden regions: 1118->0(1118)
[3532.769s][info][gc,heap        ] GC(806) Survivor regions: 110->110(154)
[3532.769s][info][gc,heap        ] GC(806) Old regions: 472->503
[3532.769s][info][gc,heap        ] GC(806) Humongous regions: 80->80
[3532.769s][info][gc,metaspace   ] GC(806) Metaspace: 28904K(29312K)->28904K(29312K) NonClass: 24036K(24256K)->24036K(24256K) Class: 4868K(5056K)->4868K(5056K)
[3532.769s][info][gc             ] GC(806) Pause Young (Concurrent Start) (G1 Evacuation Pause) 3558M->1384M(4096M) 115.079ms
[3532.769s][info][gc             ] GC(807) Concurrent Mark Cycle
[3532.770s][info][gc,marking     ] GC(807) Concurrent Scan Root Regions
[3532.770s][info][gc,cpu         ] GC(806) User=0.68s Sys=0.00s Real=0.11s
.[3532.948s][info][gc,marking     ] GC(807) Concurrent Scan Root Regions 178.356ms
[3532.948s][info][gc,marking     ] GC(807) Concurrent Mark
[3532.948s][info][gc,marking     ] GC(807) Concurrent Mark From Roots
[3532.948s][info][gc,task        ] GC(807) Using 2 workers of 2 for marking
[3533.649s][info][gc,marking     ] GC(807) Concurrent Mark From Roots 701.260ms
[3533.649s][info][gc,marking     ] GC(807) Concurrent Preclean
[3533.649s][info][gc,marking     ] GC(807) Concurrent Preclean 0.099ms
[3533.649s][info][gc,start       ] GC(807) Pause Remark
[3533.655s][info][gc             ] GC(807) Pause Remark 2125M->2125M(4096M) 5.383ms
[3533.655s][info][gc,cpu         ] GC(807) User=0.03s Sys=0.00s Real=0.01s
[3533.655s][info][gc,marking     ] GC(807) Concurrent Mark 707.034ms
[3533.655s][info][gc,marking     ] GC(807) Concurrent Rebuild Remembered Sets and Scrub Regions
.[3533.863s][info][gc,marking     ] GC(807) Concurrent Rebuild Remembered Sets and Scrub Regions 207.723ms
[3533.863s][info][gc,start       ] GC(807) Pause Cleanup
[3533.863s][info][gc             ] GC(807) Pause Cleanup 2290M->2290M(4096M) 0.114ms
[3533.863s][info][gc,cpu         ] GC(807) User=0.00s Sys=0.00s Real=0.00s
[3533.863s][info][gc,marking     ] GC(807) Concurrent Clear Claimed Marks
[3533.863s][info][gc,marking     ] GC(807) Concurrent Clear Claimed Marks 0.023ms
[3533.863s][info][gc,marking     ] GC(807) Concurrent Cleanup for Next Mark
[3533.869s][info][gc,marking     ] GC(807) Concurrent Cleanup for Next Mark 5.563ms
[3533.869s][info][gc             ] GC(807) Concurrent Mark Cycle 1099.197ms
.[3535.706s][info][gc,start       ] GC(808) Pause Young (Prepare Mixed) (G1 Evacuation Pause)
[3535.706s][info][gc,task        ] GC(808) Using 6 workers of 6 for evacuation
[3535.824s][info][gc,phases      ] GC(808)   Pre Evacuate Collection Set: 0.32ms
[3535.824s][info][gc,phases      ] GC(808)   Merge Heap Roots: 0.50ms
[3535.824s][info][gc,phases      ] GC(808)   Evacuate Collection Set: 116.21ms
[3535.824s][info][gc,phases      ] GC(808)   Post Evacuate Collection Set: 0.87ms
[3535.824s][info][gc,phases      ] GC(808)   Other: 0.08ms
[3535.824s][info][gc,heap        ] GC(808) Eden regions: 1118->0(1108)
[3535.824s][info][gc,heap        ] GC(808) Survivor regions: 110->111(154)
[3535.824s][info][gc,heap        ] GC(808) Old regions: 503->535
[3535.824s][info][gc,heap        ] GC(808) Humongous regions: 80->80
[3535.824s][info][gc,metaspace   ] GC(808) Metaspace: 28904K(29312K)->28904K(29312K) NonClass: 24036K(24256K)->24036K(24256K) Class: 4868K(5056K)->4868K(5056K)
[3535.824s][info][gc             ] GC(808) Pause Young (Prepare Mixed) (G1 Evacuation Pause) 3620M->1450M(4096M) 118.123ms
[3535.824s][info][gc,cpu         ] GC(808) User=0.70s Sys=0.00s Real=0.12s
...[3538.750s][info][gc,start       ] GC(809) Pause Young (Mixed) (G1 Evacuation Pause)
[3538.750s][info][gc,task        ] GC(809) Using 6 workers of 6 for evacuation
[3538.880s][info][gc,phases      ] GC(809)   Pre Evacuate Collection Set: 0.36ms
[3538.880s][info][gc,phases      ] GC(809)   Merge Heap Roots: 0.63ms
[3538.880s][info][gc,phases      ] GC(809)   Evacuate Collection Set: 128.02ms
[3538.880s][info][gc,phases      ] GC(809)   Post Evacuate Collection Set: 0.96ms
[3538.880s][info][gc,phases      ] GC(809)   Other: 0.09ms
[3538.880s][info][gc,heap        ] GC(809) Eden regions: 1108->0(1119)
[3538.880s][info][gc,heap        ] GC(809) Survivor regions: 111->109(153)
[3538.880s][info][gc,heap        ] GC(809) Old regions: 535->470
[3538.880s][info][gc,heap        ] GC(809) Humongous regions: 80->80
[3538.880s][info][gc,metaspace   ] GC(809) Metaspace: 28904K(29312K)->28904K(29312K) NonClass: 24036K(24256K)->24036K(24256K) Class: 4868K(5056K)->4868K(5056K)
[3538.880s][info][gc             ] GC(809) Pause Young (Mixed) (G1 Evacuation Pause) 3666M->1316M(4096M) 130.221ms
[3538.880s][info][gc,cpu         ] GC(809) User=0.78s Sys=0.00s Real=0.13s
....[3541.944s][info][gc,start       ] GC(810) Pause Young (Concurrent Start) (G1 Evacuation Pause)
[3541.944s][info][gc,task        ] GC(810) Using 6 workers of 6 for evacuation
[3542.060s][info][gc,phases      ] GC(810)   Pre Evacuate Collection Set: 0.40ms
[3542.060s][info][gc,phases      ] GC(810)   Merge Heap Roots: 0.49ms
[3542.060s][info][gc,phases      ] GC(810)   Evacuate Collection Set: 113.78ms
[3542.060s][info][gc,phases      ] GC(810)   Post Evacuate Collection Set: 0.88ms
[3542.060s][info][gc,phases      ] GC(810)   Other: 0.12ms
[3542.060s][info][gc,heap        ] GC(810) Eden regions: 1119->0(1118)
[3542.060s][info][gc,heap        ] GC(810) Survivor regions: 109->110(154)
[3542.060s][info][gc,heap        ] GC(810) Old regions: 470->502
[3542.060s][info][gc,heap        ] GC(810) Humongous regions: 80->80
[3542.060s][info][gc,metaspace   ] GC(810) Metaspace: 28904K(29312K)->28904K(29312K) NonClass: 24036K(24256K)->24036K(24256K) Class: 4868K(5056K)->4868K(5056K)
[3542.060s][info][gc             ] GC(810) Pause Young (Concurrent Start) (G1 Evacuation Pause) 3554M->1381M(4096M) 115.791ms
[3542.060s][info][gc             ] GC(811) Concurrent Mark Cycle
[3542.060s][info][gc,marking     ] GC(811) Concurrent Scan Root Regions
[3542.060s][info][gc,cpu         ] GC(810) User=0.69s Sys=0.00s Real=0.11s
[3542.205s][info][gc,marking     ] GC(811) Concurrent Scan Root Regions 144.898ms
[3542.205s][info][gc,marking     ] GC(811) Concurrent Mark
[3542.205s][info][gc,marking     ] GC(811) Concurrent Mark From Roots
[3542.205s][info][gc,task        ] GC(811) Using 2 workers of 2 for marking
[3542.878s][info][gc,marking     ] GC(811) Concurrent Mark From Roots 672.742ms
[3542.878s][info][gc,marking     ] GC(811) Concurrent Preclean
[3542.878s][info][gc,marking     ] GC(811) Concurrent Preclean 0.091ms
[3542.878s][info][gc,start       ] GC(811) Pause Remark
[3542.884s][info][gc             ] GC(811) Pause Remark 2019M->2019M(4096M) 5.493ms
[3542.884s][info][gc,cpu         ] GC(811) User=0.03s Sys=0.00s Real=0.01s
[3542.884s][info][gc,marking     ] GC(811) Concurrent Mark 679.096ms
[3542.884s][info][gc,marking     ] GC(811) Concurrent Rebuild Remembered Sets and Scrub Regions
. (rIR:aIR:PR = 6088:6082:6082) (tPR = 90129) [OK] 
  3542s: Performance info:
         Transaction,    Success,    Partial,     Failed,   Receipts, AvgBarcode, 
             Overall,     370814,          0,          0,     352284,      59.48, 
         Response times:
             Request,    Success,    Partial,     Failed,   SkipFail,     Probes,    Samples,      min,      p50,      p90,      p95,      p99,      max, 
       TotalPurchase,     352281,          0,          0,          0,     345738,     386434,      300,     5100,    23000,    50000,   110000,   251000,
     InStorePurchase,     185592,          0,          0,          0,     182505,     203361,      300,     5200,    23000,    50000,   110000,   251000,
      OnlinePurchase,     129656,          0,          0,          0,     127190,     142415,      300,     4900,    23000,    48000,   108000,   251000,
        InstPurchase,      37033,          0,          0,          0,      36043,      40658,      300,     5600,    24000,    52000,   112000,   251000,
          AssocOfCat,        369,          0,          0,          0,        309,        422,    24000,    38000,    80700,   113400,   170310,   201000,
      AssocOfProduct,       3712,          0,          0,          0,       3488,       4070,     1000,     5200,    22000,    46000,   105580,   150000,
      BusinessReport,        924,          0,          0,          0,        794,       1014,    25000,    40000,    84000,   119000,   181400,   217000,
          CustBuyBeh,       3704,          0,          0,          0,       3460,       4082,      500,     5400,    26000,    48000,   117170,   190000,
       ProductReturn,       9820,          0,          0,          0,       9431,      10850,      200,     5200,    21000,    48000,   107000,   169000,

  3542s: (45%)   IR =   6227 [3543.129s][info][gc,marking     ] GC(811) Concurrent Rebuild Remembered Sets and Scrub Regions 245.187ms
[3543.129s][info][gc,start       ] GC(811) Pause Cleanup
[3543.130s][info][gc             ] GC(811) Pause Cleanup 2177M->2177M(4096M) 0.111ms
[3543.130s][info][gc,cpu         ] GC(811) User=0.00s Sys=0.00s Real=0.00s
[3543.130s][info][gc,marking     ] GC(811) Concurrent Clear Claimed Marks
[3543.130s][info][gc,marking     ] GC(811) Concurrent Clear Claimed Marks 0.022ms
[3543.130s][info][gc,marking     ] GC(811) Concurrent Cleanup for Next Mark
[3543.133s][info][gc,marking     ] GC(811) Concurrent Cleanup for Next Mark 3.605ms
[3543.133s][info][gc             ] GC(811) Concurrent Mark Cycle 1073.239ms
..[3545.067s][info][gc,start       ] GC(812) Pause Young (Prepare Mixed) (G1 Evacuation Pause)
[3545.067s][info][gc,task        ] GC(812) Using 6 workers of 6 for evacuation
[3545.185s][info][gc,phases      ] GC(812)   Pre Evacuate Collection Set: 0.33ms
[3545.185s][info][gc,phases      ] GC(812)   Merge Heap Roots: 0.49ms
[3545.185s][info][gc,phases      ] GC(812)   Evacuate Collection Set: 116.53ms
[3545.185s][info][gc,phases      ] GC(812)   Post Evacuate Collection Set: 0.92ms
[3545.185s][info][gc,phases      ] GC(812)   Other: 0.09ms
[3545.185s][info][gc,heap        ] GC(812) Eden regions: 1118->0(1110)
[3545.186s][info][gc,heap        ] GC(812) Survivor regions: 110->111(154)
[3545.186s][info][gc,heap        ] GC(812) Old regions: 502->533
[3545.186s][info][gc,heap        ] GC(812) Humongous regions: 80->80
[3545.186s][info][gc,metaspace   ] GC(812) Metaspace: 28904K(29312K)->28904K(29312K) NonClass: 24036K(24256K)->24036K(24256K) Class: 4868K(5056K)->4868K(5056K)
[3545.186s][info][gc             ] GC(812) Pause Young (Prepare Mixed) (G1 Evacuation Pause) 3617M->1447M(4096M) 118.483ms
[3545.186s][info][gc,cpu         ] GC(812) User=0.70s Sys=0.00s Real=0.12s
..|.[3548.133s][info][gc,start       ] GC(813) Pause Young (Mixed) (G1 Evacuation Pause)
[3548.133s][info][gc,task        ] GC(813) Using 6 workers of 6 for evacuation
[3548.269s][info][gc,phases      ] GC(813)   Pre Evacuate Collection Set: 0.35ms
[3548.269s][info][gc,phases      ] GC(813)   Merge Heap Roots: 0.63ms
[3548.269s][info][gc,phases      ] GC(813)   Evacuate Collection Set: 133.88ms
[3548.269s][info][gc,phases      ] GC(813)   Post Evacuate Collection Set: 0.99ms
[3548.269s][info][gc,phases      ] GC(813)   Other: 0.10ms
[3548.269s][info][gc,heap        ] GC(813) Eden regions: 1110->0(1114)
[3548.269s][info][gc,heap        ] GC(813) Survivor regions: 111->114(153)
[3548.269s][info][gc,heap        ] GC(813) Old regions: 533->471
[3548.269s][info][gc,heap        ] GC(813) Humongous regions: 80->80
[3548.269s][info][gc,metaspace   ] GC(813) Metaspace: 28904K(29312K)->28904K(29312K) NonClass: 24036K(24256K)->24036K(24256K) Class: 4868K(5056K)->4868K(5056K)
[3548.269s][info][gc             ] GC(813) Pause Young (Mixed) (G1 Evacuation Pause) 3667M->1329M(4096M) 136.077ms
[3548.269s][info][gc,cpu         ] GC(813) User=0.81s Sys=0.00s Real=0.13s
...[3551.067s][info][gc,start       ] GC(814) Pause Young (Concurrent Start) (G1 Evacuation Pause)
[3551.067s][info][gc,task        ] GC(814) Using 6 workers of 6 for evacuation
[3551.185s][info][gc,phases      ] GC(814)   Pre Evacuate Collection Set: 0.39ms
[3551.185s][info][gc,phases      ] GC(814)   Merge Heap Roots: 0.47ms
[3551.185s][info][gc,phases      ] GC(814)   Evacuate Collection Set: 115.61ms
[3551.185s][info][gc,phases      ] GC(814)   Post Evacuate Collection Set: 0.86ms
[3551.185s][info][gc,phases      ] GC(814)   Other: 0.12ms
[3551.185s][info][gc,heap        ] GC(814) Eden regions: 1114->0(1118)
[3551.185s][info][gc,heap        ] GC(814) Survivor regions: 114->110(154)
[3551.185s][info][gc,heap        ] GC(814) Old regions: 471->503
[3551.185s][info][gc,heap        ] GC(814) Humongous regions: 80->80
[3551.185s][info][gc,metaspace   ] GC(814) Metaspace: 28904K(29312K)->28904K(29312K) NonClass: 24036K(24256K)->24036K(24256K) Class: 4868K(5056K)->4868K(5056K)
[3551.185s][info][gc             ] GC(814) Pause Young (Concurrent Start) (G1 Evacuation Pause) 3557M->1385M(4096M) 117.575ms
[3551.185s][info][gc             ] GC(815) Concurrent Mark Cycle
[3551.185s][info][gc,marking     ] GC(815) Concurrent Scan Root Regions
[3551.185s][info][gc,cpu         ] GC(814) User=0.70s Sys=0.00s Real=0.12s
[3551.333s][info][gc,marking     ] GC(815) Concurrent Scan Root Regions 148.437ms
[3551.333s][info][gc,marking     ] GC(815) Concurrent Mark
[3551.333s][info][gc,marking     ] GC(815) Concurrent Mark From Roots
[3551.333s][info][gc,task        ] GC(815) Using 2 workers of 2 for marking
.[3552.266s][info][gc,marking     ] GC(815) Concurrent Mark From Roots 932.190ms
[3552.266s][info][gc,marking     ] GC(815) Concurrent Preclean
[3552.266s][info][gc,marking     ] GC(815) Concurrent Preclean 0.155ms
[3552.266s][info][gc,start       ] GC(815) Pause Remark
[3552.271s][info][gc             ] GC(815) Pause Remark 2234M->2234M(4096M) 5.209ms
[3552.271s][info][gc,cpu         ] GC(815) User=0.03s Sys=0.00s Real=0.01s
[3552.273s][info][gc,marking     ] GC(815) Concurrent Mark 939.228ms
[3552.273s][info][gc,marking     ] GC(815) Concurrent Rebuild Remembered Sets and Scrub Regions
[3552.539s][info][gc,marking     ] GC(815) Concurrent Rebuild Remembered Sets and Scrub Regions 266.644ms
[3552.540s][info][gc,start       ] GC(815) Pause Cleanup
[3552.540s][info][gc             ] GC(815) Pause Cleanup 2451M->2451M(4096M) 0.102ms
[3552.540s][info][gc,cpu         ] GC(815) User=0.00s Sys=0.00s Real=0.00s
[3552.541s][info][gc,marking     ] GC(815) Concurrent Clear Claimed Marks
[3552.541s][info][gc,marking     ] GC(815) Concurrent Clear Claimed Marks 0.037ms
[3552.541s][info][gc,marking     ] GC(815) Concurrent Cleanup for Next Mark
[3552.547s][info][gc,marking     ] GC(815) Concurrent Cleanup for Next Mark 6.033ms
[3552.547s][info][gc             ] GC(815) Concurrent Mark Cycle 1362.025ms
..[3554.126s][info][gc,start       ] GC(816) Pause Young (Prepare Mixed) (G1 Evacuation Pause)
[3554.126s][info][gc,task        ] GC(816) Using 6 workers of 6 for evacuation
[3554.242s][info][gc,phases      ] GC(816)   Pre Evacuate Collection Set: 0.33ms
[3554.242s][info][gc,phases      ] GC(816)   Merge Heap Roots: 0.51ms
[3554.242s][info][gc,phases      ] GC(816)   Evacuate Collection Set: 114.08ms
[3554.242s][info][gc,phases      ] GC(816)   Post Evacuate Collection Set: 0.89ms
[3554.242s][info][gc,phases      ] GC(816)   Other: 0.09ms
[3554.242s][info][gc,heap        ] GC(816) Eden regions: 1118->0(1111)
[3554.242s][info][gc,heap        ] GC(816) Survivor regions: 110->109(154)
[3554.242s][info][gc,heap        ] GC(816) Old regions: 503->536
[3554.242s][info][gc,heap        ] GC(816) Humongous regions: 80->80
[3554.242s][info][gc,metaspace   ] GC(816) Metaspace: 28904K(29312K)->28904K(29312K) NonClass: 24036K(24256K)->24036K(24256K) Class: 4868K(5056K)->4868K(5056K)
[3554.242s][info][gc             ] GC(816) Pause Young (Prepare Mixed) (G1 Evacuation Pause) 3621M->1448M(4096M) 116.033ms
[3554.242s][info][gc,cpu         ] GC(816) User=0.69s Sys=0.00s Real=0.12s
...[3557.100s][info][gc,start       ] GC(817) Pause Young (Mixed) (G1 Evacuation Pause)
[3557.100s][info][gc,task        ] GC(817) Using 6 workers of 6 for evacuation
[3557.235s][info][gc,phases      ] GC(817)   Pre Evacuate Collection Set: 0.34ms
[3557.235s][info][gc,phases      ] GC(817)   Merge Heap Roots: 0.65ms
[3557.235s][info][gc,phases      ] GC(817)   Evacuate Collection Set: 132.38ms
[3557.235s][info][gc,phases      ] GC(817)   Post Evacuate Collection Set: 0.93ms
[3557.235s][info][gc,phases      ] GC(817)   Other: 0.09ms
[3557.235s][info][gc,heap        ] GC(817) Eden regions: 1111->0(1115)
[3557.235s][info][gc,heap        ] GC(817) Survivor regions: 109->113(153)
[3557.235s][info][gc,heap        ] GC(817) Old regions: 536->471
[3557.235s][info][gc,heap        ] GC(817) Humongous regions: 80->80
[3557.235s][info][gc,metaspace   ] GC(817) Metaspace: 28904K(29312K)->28904K(29312K) NonClass: 24036K(24256K)->24036K(24256K) Class: 4868K(5056K)->4868K(5056K)
[3557.235s][info][gc             ] GC(817) Pause Young (Mixed) (G1 Evacuation Pause) 3670M->1326M(4096M) 134.523ms
[3557.235s][info][gc,cpu         ] GC(817) User=0.80s Sys=0.00s Real=0.14s
...[3560.110s][info][gc,start       ] GC(818) Pause Young (Concurrent Start) (G1 Evacuation Pause)
[3560.111s][info][gc,task        ] GC(818) Using 6 workers of 6 for evacuation
[3560.228s][info][gc,phases      ] GC(818)   Pre Evacuate Collection Set: 0.40ms
[3560.228s][info][gc,phases      ] GC(818)   Merge Heap Roots: 0.49ms
[3560.228s][info][gc,phases      ] GC(818)   Evacuate Collection Set: 115.30ms
[3560.228s][info][gc,phases      ] GC(818)   Post Evacuate Collection Set: 0.88ms
[3560.228s][info][gc,phases      ] GC(818)   Other: 0.13ms
[3560.228s][info][gc,heap        ] GC(818) Eden regions: 1115->0(1117)
[3560.228s][info][gc,heap        ] GC(818) Survivor regions: 113->111(154)
[3560.228s][info][gc,heap        ] GC(818) Old regions: 471->502
[3560.228s][info][gc,heap        ] GC(818) Humongous regions: 80->80
[3560.228s][info][gc,metaspace   ] GC(818) Metaspace: 28904K(29312K)->28904K(29312K) NonClass: 24036K(24256K)->24036K(24256K) Class: 4868K(5056K)->4868K(5056K)
[3560.228s][info][gc             ] GC(818) Pause Young (Concurrent Start) (G1 Evacuation Pause) 3556M->1385M(4096M) 117.356ms
[3560.228s][info][gc             ] GC(819) Concurrent Mark Cycle
[3560.228s][info][gc,marking     ] GC(819) Concurrent Scan Root Regions
[3560.228s][info][gc,cpu         ] GC(818) User=0.70s Sys=0.00s Real=0.12s
[3560.413s][info][gc,marking     ] GC(819) Concurrent Scan Root Regions 185.264ms
[3560.413s][info][gc,marking     ] GC(819) Concurrent Mark
[3560.413s][info][gc,marking     ] GC(819) Concurrent Mark From Roots
[3560.413s][info][gc,task        ] GC(819) Using 2 workers of 2 for marking
.[3561.077s][info][gc,marking     ] GC(819) Concurrent Mark From Roots 663.718ms
[3561.077s][info][gc,marking     ] GC(819) Concurrent Preclean
[3561.077s][info][gc,marking     ] GC(819) Concurrent Preclean 0.123ms
[3561.078s][info][gc,start       ] GC(819) Pause Remark
[3561.084s][info][gc             ] GC(819) Pause Remark 2071M->2071M(4096M) 5.481ms
[3561.084s][info][gc,cpu         ] GC(819) User=0.03s Sys=0.00s Real=0.01s
[3561.084s][info][gc,marking     ] GC(819) Concurrent Mark 670.643ms
[3561.084s][info][gc,marking     ] GC(819) Concurrent Rebuild Remembered Sets and Scrub Regions
[3561.395s][info][gc,marking     ] GC(819) Concurrent Rebuild Remembered Sets and Scrub Regions 310.775ms
[3561.395s][info][gc,start       ] GC(819) Pause Cleanup
[3561.395s][info][gc             ] GC(819) Pause Cleanup 2320M->2320M(4096M) 0.114ms
[3561.395s][info][gc,cpu         ] GC(819) User=0.00s Sys=0.00s Real=0.00s
[3561.395s][info][gc,marking     ] GC(819) Concurrent Clear Claimed Marks
[3561.395s][info][gc,marking     ] GC(819) Concurrent Clear Claimed Marks 0.024ms
[3561.395s][info][gc,marking     ] GC(819) Concurrent Cleanup for Next Mark
[3561.400s][info][gc,marking     ] GC(819) Concurrent Cleanup for Next Mark 4.481ms
[3561.400s][info][gc             ] GC(819) Concurrent Mark Cycle 1171.702ms
..[3563.196s][info][gc,start       ] GC(820) Pause Young (Prepare Mixed) (G1 Evacuation Pause)
[3563.196s][info][gc,task        ] GC(820) Using 6 workers of 6 for evacuation
[3563.312s][info][gc,phases      ] GC(820)   Pre Evacuate Collection Set: 0.34ms
[3563.312s][info][gc,phases      ] GC(820)   Merge Heap Roots: 0.50ms
[3563.312s][info][gc,phases      ] GC(820)   Evacuate Collection Set: 113.99ms
[3563.312s][info][gc,phases      ] GC(820)   Post Evacuate Collection Set: 0.91ms
[3563.312s][info][gc,phases      ] GC(820)   Other: 0.08ms
[3563.312s][info][gc,heap        ] GC(820) Eden regions: 1117->0(1112)
[3563.312s][info][gc,heap        ] GC(820) Survivor regions: 111->110(154)
[3563.312s][info][gc,heap        ] GC(820) Old regions: 502->533
[3563.312s][info][gc,heap        ] GC(820) Humongous regions: 80->80
[3563.312s][info][gc,metaspace   ] GC(820) Metaspace: 28904K(29312K)->28904K(29312K) NonClass: 24036K(24256K)->24036K(24256K) Class: 4868K(5056K)->4868K(5056K)
[3563.312s][info][gc             ] GC(820) Pause Young (Prepare Mixed) (G1 Evacuation Pause) 3619M->1445M(4096M) 115.969ms
[3563.312s][info][gc,cpu         ] GC(820) User=0.69s Sys=0.00s Real=0.12s
...[3566.211s][info][gc,start       ] GC(821) Pause Young (Mixed) (G1 Evacuation Pause)
[3566.211s][info][gc,task        ] GC(821) Using 6 workers of 6 for evacuation
[3566.342s][info][gc,phases      ] GC(821)   Pre Evacuate Collection Set: 0.35ms
[3566.343s][info][gc,phases      ] GC(821)   Merge Heap Roots: 0.76ms
[3566.343s][info][gc,phases      ] GC(821)   Evacuate Collection Set: 129.24ms
[3566.343s][info][gc,phases      ] GC(821)   Post Evacuate Collection Set: 0.92ms
[3566.343s][info][gc,phases      ] GC(821)   Other: 0.09ms
[3566.343s][info][gc,heap        ] GC(821) Eden regions: 1112->0(1121)
[3566.343s][info][gc,heap        ] GC(821) Survivor regions: 110->107(153)
[3566.343s][info][gc,heap        ] GC(821) Old regions: 533->471
[3566.343s][info][gc,heap        ] GC(821) Humongous regions: 80->80
[3566.343s][info][gc,metaspace   ] GC(821) Metaspace: 28904K(29312K)->28904K(29312K) NonClass: 24036K(24256K)->24036K(24256K) Class: 4868K(5056K)->4868K(5056K)
[3566.343s][info][gc             ] GC(821) Pause Young (Mixed) (G1 Evacuation Pause) 3669M->1315M(4096M) 131.494ms
[3566.343s][info][gc,cpu         ] GC(821) User=0.78s Sys=0.00s Real=0.14s
...[3569.193s][info][gc,start       ] GC(822) Pause Young (Concurrent Start) (G1 Evacuation Pause)
[3569.193s][info][gc,task        ] GC(822) Using 6 workers of 6 for evacuation
[3569.310s][info][gc,phases      ] GC(822)   Pre Evacuate Collection Set: 0.37ms
[3569.310s][info][gc,phases      ] GC(822)   Merge Heap Roots: 0.45ms
[3569.310s][info][gc,phases      ] GC(822)   Evacuate Collection Set: 114.86ms
[3569.310s][info][gc,phases      ] GC(822)   Post Evacuate Collection Set: 0.86ms
[3569.310s][info][gc,phases      ] GC(822)   Other: 0.12ms
[3569.310s][info][gc,heap        ] GC(822) Eden regions: 1121->0(1118)
[3569.310s][info][gc,heap        ] GC(822) Survivor regions: 107->110(154)
[3569.310s][info][gc,heap        ] GC(822) Old regions: 471->504
[3569.310s][info][gc,heap        ] GC(822) Humongous regions: 80->80
[3569.310s][info][gc,metaspace   ] GC(822) Metaspace: 28904K(29312K)->28904K(29312K) NonClass: 24036K(24256K)->24036K(24256K) Class: 4868K(5056K)->4868K(5056K)
[3569.310s][info][gc             ] GC(822) Pause Young (Concurrent Start) (G1 Evacuation Pause) 3557M->1385M(4096M) 116.811ms
[3569.310s][info][gc             ] GC(823) Concurrent Mark Cycle
[3569.310s][info][gc,marking     ] GC(823) Concurrent Scan Root Regions
[3569.310s][info][gc,cpu         ] GC(822) User=0.70s Sys=0.01s Real=0.11s
[3569.480s][info][gc,marking     ] GC(823) Concurrent Scan Root Regions 169.997ms
[3569.480s][info][gc,marking     ] GC(823) Concurrent Mark
[3569.480s][info][gc,marking     ] GC(823) Concurrent Mark From Roots
[3569.480s][info][gc,task        ] GC(823) Using 2 workers of 2 for marking
.[3570.411s][info][gc,marking     ] GC(823) Concurrent Mark From Roots 930.358ms
[3570.411s][info][gc,marking     ] GC(823) Concurrent Preclean
[3570.411s][info][gc,marking     ] GC(823) Concurrent Preclean 0.128ms
[3570.411s][info][gc,start       ] GC(823) Pause Remark
[3570.418s][info][gc             ] GC(823) Pause Remark 2233M->2233M(4096M) 6.852ms
[3570.418s][info][gc,cpu         ] GC(823) User=0.04s Sys=0.00s Real=0.00s
[3570.419s][info][gc,marking     ] GC(823) Concurrent Mark 938.267ms
[3570.419s][info][gc,marking     ] GC(823) Concurrent Rebuild Remembered Sets and Scrub Regions
[3570.737s][info][gc,marking     ] GC(823) Concurrent Rebuild Remembered Sets and Scrub Regions 317.987ms
[3570.737s][info][gc,start       ] GC(823) Pause Cleanup
[3570.737s][info][gc             ] GC(823) Pause Cleanup 2472M->2472M(4096M) 0.105ms
[3570.737s][info][gc,cpu         ] GC(823) User=0.00s Sys=0.00s Real=0.00s
[3570.737s][info][gc,marking     ] GC(823) Concurrent Clear Claimed Marks
[3570.737s][info][gc,marking     ] GC(823) Concurrent Clear Claimed Marks 0.025ms
[3570.737s][info][gc,marking     ] GC(823) Concurrent Cleanup for Next Mark
[3570.741s][info][gc,marking     ] GC(823) Concurrent Cleanup for Next Mark 3.967ms
[3570.741s][info][gc             ] GC(823) Concurrent Mark Cycle 1430.705ms
..[3572.227s][info][gc,start       ] GC(824) Pause Young (Prepare Mixed) (G1 Evacuation Pause)
[3572.227s][info][gc,task        ] GC(824) Using 6 workers of 6 for evacuation
[3572.341s][info][gc,phases      ] GC(824)   Pre Evacuate Collection Set: 0.36ms
[3572.341s][info][gc,phases      ] GC(824)   Merge Heap Roots: 0.49ms
[3572.341s][info][gc,phases      ] GC(824)   Evacuate Collection Set: 112.18ms
[3572.341s][info][gc,phases      ] GC(824)   Post Evacuate Collection Set: 0.88ms
[3572.341s][info][gc,phases      ] GC(824)   Other: 0.09ms
[3572.341s][info][gc,heap        ] GC(824) Eden regions: 1118->0(1113)
[3572.341s][info][gc,heap        ] GC(824) Survivor regions: 110->108(154)
[3572.341s][info][gc,heap        ] GC(824) Old regions: 504->536
[3572.341s][info][gc,heap        ] GC(824) Humongous regions: 80->80
[3572.341s][info][gc,metaspace   ] GC(824) Metaspace: 28904K(29312K)->28904K(29312K) NonClass: 24036K(24256K)->24036K(24256K) Class: 4868K(5056K)->4868K(5056K)
[3572.341s][info][gc             ] GC(824) Pause Young (Prepare Mixed) (G1 Evacuation Pause) 3621M->1445M(4096M) 114.134ms
[3572.341s][info][gc,cpu         ] GC(824) User=0.68s Sys=0.00s Real=0.11s
...[3575.260s][info][gc,start       ] GC(825) Pause Young (Mixed) (G1 Evacuation Pause)
[3575.260s][info][gc,task        ] GC(825) Using 6 workers of 6 for evacuation
[3575.389s][info][gc,phases      ] GC(825)   Pre Evacuate Collection Set: 0.35ms
[3575.390s][info][gc,phases      ] GC(825)   Merge Heap Roots: 0.61ms
[3575.390s][info][gc,phases      ] GC(825)   Evacuate Collection Set: 127.75ms
[3575.390s][info][gc,phases      ] GC(825)   Post Evacuate Collection Set: 0.95ms
[3575.390s][info][gc,phases      ] GC(825)   Other: 0.09ms
[3575.390s][info][gc,heap        ] GC(825) Eden regions: 1113->0(1120)
[3575.390s][info][gc,heap        ] GC(825) Survivor regions: 108->108(153)
[3575.390s][info][gc,heap        ] GC(825) Old regions: 536->473
[3575.390s][info][gc,heap        ] GC(825) Humongous regions: 80->80
[3575.390s][info][gc,metaspace   ] GC(825) Metaspace: 28904K(29312K)->28904K(29312K) NonClass: 24036K(24256K)->24036K(24256K) Class: 4868K(5056K)->4868K(5056K)
[3575.390s][info][gc             ] GC(825) Pause Young (Mixed) (G1 Evacuation Pause) 3671M->1321M(4096M) 129.892ms
[3575.390s][info][gc,cpu         ] GC(825) User=0.78s Sys=0.00s Real=0.13s
...[3578.284s][info][gc,start       ] GC(826) Pause Young (Concurrent Start) (G1 Evacuation Pause)
[3578.284s][info][gc,task        ] GC(826) Using 6 workers of 6 for evacuation
[3578.404s][info][gc,phases      ] GC(826)   Pre Evacuate Collection Set: 0.38ms
[3578.404s][info][gc,phases      ] GC(826)   Merge Heap Roots: 0.49ms
[3578.404s][info][gc,phases      ] GC(826)   Evacuate Collection Set: 118.13ms
[3578.404s][info][gc,phases      ] GC(826)   Post Evacuate Collection Set: 0.88ms
[3578.404s][info][gc,phases      ] GC(826)   Other: 0.11ms
[3578.404s][info][gc,heap        ] GC(826) Eden regions: 1120->0(1117)
[3578.404s][info][gc,heap        ] GC(826) Survivor regions: 108->111(154)
[3578.404s][info][gc,heap        ] GC(826) Old regions: 473->505
[3578.404s][info][gc,heap        ] GC(826) Humongous regions: 80->80
[3578.404s][info][gc,metaspace   ] GC(826) Metaspace: 28904K(29312K)->28904K(29312K) NonClass: 24036K(24256K)->24036K(24256K) Class: 4868K(5056K)->4868K(5056K)
[3578.404s][info][gc             ] GC(826) Pause Young (Concurrent Start) (G1 Evacuation Pause) 3561M->1390M(4096M) 120.134ms
[3578.405s][info][gc             ] GC(827) Concurrent Mark Cycle
[3578.405s][info][gc,marking     ] GC(827) Concurrent Scan Root Regions
[3578.405s][info][gc,cpu         ] GC(826) User=0.71s Sys=0.00s Real=0.12s
[3578.595s][info][gc,marking     ] GC(827) Concurrent Scan Root Regions 190.401ms
[3578.595s][info][gc,marking     ] GC(827) Concurrent Mark
[3578.595s][info][gc,marking     ] GC(827) Concurrent Mark From Roots
[3578.595s][info][gc,task        ] GC(827) Using 2 workers of 2 for marking
.[3579.257s][info][gc,marking     ] GC(827) Concurrent Mark From Roots 661.721ms
[3579.257s][info][gc,marking     ] GC(827) Concurrent Preclean
[3579.257s][info][gc,marking     ] GC(827) Concurrent Preclean 0.098ms
[3579.259s][info][gc,start       ] GC(827) Pause Remark
[3579.264s][info][gc             ] GC(827) Pause Remark 2048M->2048M(4096M) 4.938ms
[3579.264s][info][gc,cpu         ] GC(827) User=0.02s Sys=0.00s Real=0.01s
[3579.264s][info][gc,marking     ] GC(827) Concurrent Mark 669.424ms
[3579.264s][info][gc,marking     ] GC(827) Concurrent Rebuild Remembered Sets and Scrub Regions
[3579.583s][info][gc,marking     ] GC(827) Concurrent Rebuild Remembered Sets and Scrub Regions 318.459ms
[3579.583s][info][gc,start       ] GC(827) Pause Cleanup
[3579.583s][info][gc             ] GC(827) Pause Cleanup 2304M->2304M(4096M) 0.112ms
[3579.583s][info][gc,cpu         ] GC(827) User=0.00s Sys=0.00s Real=0.00s
[3579.584s][info][gc,marking     ] GC(827) Concurrent Clear Claimed Marks
[3579.584s][info][gc,marking     ] GC(827) Concurrent Clear Claimed Marks 0.028ms
[3579.584s][info][gc,marking     ] GC(827) Concurrent Cleanup for Next Mark
[3579.588s][info][gc,marking     ] GC(827) Concurrent Cleanup for Next Mark 4.364ms
[3579.588s][info][gc             ] GC(827) Concurrent Mark Cycle 1183.852ms
..[3581.418s][info][gc,start       ] GC(828) Pause Young (Prepare Mixed) (G1 Evacuation Pause)
[3581.418s][info][gc,task        ] GC(828) Using 6 workers of 6 for evacuation
[3581.537s][info][gc,phases      ] GC(828)   Pre Evacuate Collection Set: 0.31ms
[3581.537s][info][gc,phases      ] GC(828)   Merge Heap Roots: 0.48ms
[3581.537s][info][gc,phases      ] GC(828)   Evacuate Collection Set: 116.66ms
[3581.537s][info][gc,phases      ] GC(828)   Post Evacuate Collection Set: 0.88ms
[3581.537s][info][gc,phases      ] GC(828)   Other: 0.09ms
[3581.537s][info][gc,heap        ] GC(828) Eden regions: 1117->0(1107)
[3581.537s][info][gc,heap        ] GC(828) Survivor regions: 111->111(154)
[3581.537s][info][gc,heap        ] GC(828) Old regions: 505->536
[3581.537s][info][gc,heap        ] GC(828) Humongous regions: 80->80
[3581.537s][info][gc,metaspace   ] GC(828) Metaspace: 28904K(29312K)->28904K(29312K) NonClass: 24036K(24256K)->24036K(24256K) Class: 4868K(5056K)->4868K(5056K)
[3581.537s][info][gc             ] GC(828) Pause Young (Prepare Mixed) (G1 Evacuation Pause) 3624M->1452M(4096M) 118.561ms
[3581.537s][info][gc,cpu         ] GC(828) User=0.70s Sys=0.00s Real=0.12s
...[3584.292s][info][gc,start       ] GC(829) Pause Young (Mixed) (G1 Evacuation Pause)
[3584.292s][info][gc,task        ] GC(829) Using 6 workers of 6 for evacuation
[3584.421s][info][gc,phases      ] GC(829)   Pre Evacuate Collection Set: 0.37ms
[3584.421s][info][gc,phases      ] GC(829)   Merge Heap Roots: 0.62ms
[3584.421s][info][gc,phases      ] GC(829)   Evacuate Collection Set: 127.39ms
[3584.421s][info][gc,phases      ] GC(829)   Post Evacuate Collection Set: 0.92ms
[3584.421s][info][gc,phases      ] GC(829)   Other: 0.09ms
[3584.421s][info][gc,heap        ] GC(829) Eden regions: 1107->0(1121)
[3584.421s][info][gc,heap        ] GC(829) Survivor regions: 111->107(153)
[3584.421s][info][gc,heap        ] GC(829) Old regions: 536->472
[3584.421s][info][gc,heap        ] GC(829) Humongous regions: 80->80
[3584.421s][info][gc,metaspace   ] GC(829) Metaspace: 28904K(29312K)->28904K(29312K) NonClass: 24036K(24256K)->24036K(24256K) Class: 4868K(5056K)->4868K(5056K)
[3584.421s][info][gc             ] GC(829) Pause Young (Mixed) (G1 Evacuation Pause) 3666M->1316M(4096M) 129.504ms
[3584.421s][info][gc,cpu         ] GC(829) User=0.77s Sys=0.00s Real=0.13s
...[3587.339s][info][gc,start       ] GC(830) Pause Young (Concurrent Start) (G1 Evacuation Pause)
[3587.340s][info][gc,task        ] GC(830) Using 6 workers of 6 for evacuation
[3587.454s][info][gc,phases      ] GC(830)   Pre Evacuate Collection Set: 0.34ms
[3587.454s][info][gc,phases      ] GC(830)   Merge Heap Roots: 0.44ms
[3587.454s][info][gc,phases      ] GC(830)   Evacuate Collection Set: 112.72ms
[3587.454s][info][gc,phases      ] GC(830)   Post Evacuate Collection Set: 0.87ms
[3587.454s][info][gc,phases      ] GC(830)   Other: 0.10ms
[3587.454s][info][gc,heap        ] GC(830) Eden regions: 1121->0(1122)
[3587.454s][info][gc,heap        ] GC(830) Survivor regions: 107->106(154)
[3587.454s][info][gc,heap        ] GC(830) Old regions: 472->505
[3587.454s][info][gc,heap        ] GC(830) Humongous regions: 80->80
[3587.454s][info][gc,metaspace   ] GC(830) Metaspace: 28904K(29312K)->28904K(29312K) NonClass: 24036K(24256K)->24036K(24256K) Class: 4868K(5056K)->4868K(5056K)
[3587.454s][info][gc             ] GC(830) Pause Young (Concurrent Start) (G1 Evacuation Pause) 3558M->1381M(4096M) 114.589ms
[3587.454s][info][gc             ] GC(831) Concurrent Mark Cycle
[3587.454s][info][gc,marking     ] GC(831) Concurrent Scan Root Regions
[3587.454s][info][gc,cpu         ] GC(830) User=0.68s Sys=0.00s Real=0.12s
[3587.656s][info][gc,marking     ] GC(831) Concurrent Scan Root Regions 202.246ms
[3587.656s][info][gc,marking     ] GC(831) Concurrent Mark
[3587.656s][info][gc,marking     ] GC(831) Concurrent Mark From Roots
[3587.656s][info][gc,task        ] GC(831) Using 2 workers of 2 for marking
.[3588.634s][info][gc,marking     ] GC(831) Concurrent Mark From Roots 978.005ms
[3588.634s][info][gc,marking     ] GC(831) Concurrent Preclean
[3588.635s][info][gc,marking     ] GC(831) Concurrent Preclean 0.088ms
[3588.636s][info][gc,start       ] GC(831) Pause Remark
[3588.641s][info][gc             ] GC(831) Pause Remark 2306M->2306M(4096M) 5.250ms
[3588.641s][info][gc,cpu         ] GC(831) User=0.03s Sys=0.00s Real=0.01s
[3588.641s][info][gc,marking     ] GC(831) Concurrent Mark 985.043ms
[3588.641s][info][gc,marking     ] GC(831) Concurrent Rebuild Remembered Sets and Scrub Regions
[3588.993s][info][gc,marking     ] GC(831) Concurrent Rebuild Remembered Sets and Scrub Regions 351.430ms
[3588.993s][info][gc,start       ] GC(831) Pause Cleanup
[3588.993s][info][gc             ] GC(831) Pause Cleanup 2531M->2531M(4096M) 0.101ms
[3588.993s][info][gc,cpu         ] GC(831) User=0.00s Sys=0.00s Real=0.00s
[3588.993s][info][gc,marking     ] GC(831) Concurrent Clear Claimed Marks
[3588.993s][info][gc,marking     ] GC(831) Concurrent Clear Claimed Marks 0.022ms
[3588.993s][info][gc,marking     ] GC(831) Concurrent Cleanup for Next Mark
[3588.998s][info][gc,marking     ] GC(831) Concurrent Cleanup for Next Mark 4.501ms
[3588.998s][info][gc             ] GC(831) Concurrent Mark Cycle 1543.657ms
..[3590.439s][info][gc,start       ] GC(832) Pause Young (Prepare Mixed) (G1 Evacuation Pause)
[3590.439s][info][gc,task        ] GC(832) Using 6 workers of 6 for evacuation
[3590.557s][info][gc,phases      ] GC(832)   Pre Evacuate Collection Set: 0.32ms
[3590.557s][info][gc,phases      ] GC(832)   Merge Heap Roots: 0.48ms
[3590.557s][info][gc,phases      ] GC(832)   Evacuate Collection Set: 116.75ms
[3590.557s][info][gc,phases      ] GC(832)   Post Evacuate Collection Set: 0.91ms
[3590.557s][info][gc,phases      ] GC(832)   Other: 0.08ms
[3590.557s][info][gc,heap        ] GC(832) Eden regions: 1122->0(1107)
[3590.557s][info][gc,heap        ] GC(832) Survivor regions: 106->111(154)
[3590.557s][info][gc,heap        ] GC(832) Old regions: 505->536
[3590.557s][info][gc,heap        ] GC(832) Humongous regions: 80->80
[3590.557s][info][gc,metaspace   ] GC(832) Metaspace: 28904K(29312K)->28904K(29312K) NonClass: 24036K(24256K)->24036K(24256K) Class: 4868K(5056K)->4868K(5056K)
[3590.557s][info][gc             ] GC(832) Pause Young (Prepare Mixed) (G1 Evacuation Pause) 3625M->1451M(4096M) 118.680ms
[3590.557s][info][gc,cpu         ] GC(832) User=0.71s Sys=0.00s Real=0.12s
...[3593.406s][info][gc,start       ] GC(833) Pause Young (Mixed) (G1 Evacuation Pause)
[3593.406s][info][gc,task        ] GC(833) Using 6 workers of 6 for evacuation
[3593.536s][info][gc,phases      ] GC(833)   Pre Evacuate Collection Set: 0.35ms
[3593.536s][info][gc,phases      ] GC(833)   Merge Heap Roots: 0.61ms
[3593.536s][info][gc,phases      ] GC(833)   Evacuate Collection Set: 128.40ms
[3593.536s][info][gc,phases      ] GC(833)   Post Evacuate Collection Set: 0.92ms
[3593.536s][info][gc,phases      ] GC(833)   Other: 0.09ms
[3593.536s][info][gc,heap        ] GC(833) Eden regions: 1107->0(1119)
[3593.536s][info][gc,heap        ] GC(833) Survivor regions: 111->109(153)
[3593.536s][info][gc,heap        ] GC(833) Old regions: 536->472
[3593.536s][info][gc,heap        ] GC(833) Humongous regions: 80->80
[3593.536s][info][gc,metaspace   ] GC(833) Metaspace: 28904K(29312K)->28904K(29312K) NonClass: 24036K(24256K)->24036K(24256K) Class: 4868K(5056K)->4868K(5056K)
[3593.536s][info][gc             ] GC(833) Pause Young (Mixed) (G1 Evacuation Pause) 3665M->1319M(4096M) 130.504ms
[3593.536s][info][gc,cpu         ] GC(833) User=0.78s Sys=0.00s Real=0.13s
...[3596.446s][info][gc,start       ] GC(834) Pause Young (Concurrent Start) (G1 Evacuation Pause)
[3596.446s][info][gc,task        ] GC(834) Using 6 workers of 6 for evacuation
[3596.565s][info][gc,phases      ] GC(834)   Pre Evacuate Collection Set: 0.38ms
[3596.565s][info][gc,phases      ] GC(834)   Merge Heap Roots: 0.46ms
[3596.565s][info][gc,phases      ] GC(834)   Evacuate Collection Set: 117.07ms
[3596.565s][info][gc,phases      ] GC(834)   Post Evacuate Collection Set: 0.82ms
[3596.565s][info][gc,phases      ] GC(834)   Other: 0.12ms
[3596.565s][info][gc,heap        ] GC(834) Eden regions: 1119->0(1117)
[3596.565s][info][gc,heap        ] GC(834) Survivor regions: 109->111(154)
[3596.565s][info][gc,heap        ] GC(834) Old regions: 472->504
[3596.565s][info][gc,heap        ] GC(834) Humongous regions: 80->80
[3596.565s][info][gc,metaspace   ] GC(834) Metaspace: 28904K(29312K)->28904K(29312K) NonClass: 24036K(24256K)->24036K(24256K) Class: 4868K(5056K)->4868K(5056K)
[3596.565s][info][gc             ] GC(834) Pause Young (Concurrent Start) (G1 Evacuation Pause) 3557M->1388M(4096M) 118.995ms
[3596.565s][info][gc             ] GC(835) Concurrent Mark Cycle
[3596.565s][info][gc,marking     ] GC(835) Concurrent Scan Root Regions
[3596.565s][info][gc,cpu         ] GC(834) User=0.71s Sys=0.00s Real=0.12s
[3596.751s][info][gc,marking     ] GC(835) Concurrent Scan Root Regions 185.884ms
[3596.751s][info][gc,marking     ] GC(835) Concurrent Mark
[3596.751s][info][gc,marking     ] GC(835) Concurrent Mark From Roots
[3596.751s][info][gc,task        ] GC(835) Using 2 workers of 2 for marking
.[3597.729s][info][gc,marking     ] GC(835) Concurrent Mark From Roots 978.190ms
[3597.729s][info][gc,marking     ] GC(835) Concurrent Preclean
[3597.730s][info][gc,marking     ] GC(835) Concurrent Preclean 0.093ms
[3597.730s][info][gc,start       ] GC(835) Pause Remark
[3597.736s][info][gc             ] GC(835) Pause Remark 2329M->2329M(4096M) 6.482ms
[3597.737s][info][gc,cpu         ] GC(835) User=0.04s Sys=0.00s Real=0.01s
[3597.737s][info][gc,marking     ] GC(835) Concurrent Mark 985.379ms
[3597.737s][info][gc,marking     ] GC(835) Concurrent Rebuild Remembered Sets and Scrub Regions
[3598.010s][info][gc,marking     ] GC(835) Concurrent Rebuild Remembered Sets and Scrub Regions 273.593ms
[3598.010s][info][gc,start       ] GC(835) Pause Cleanup
[3598.010s][info][gc             ] GC(835) Pause Cleanup 2514M->2514M(4096M) 0.103ms
[3598.010s][info][gc,cpu         ] GC(835) User=0.00s Sys=0.00s Real=0.00s
[3598.010s][info][gc,marking     ] GC(835) Concurrent Clear Claimed Marks
[3598.010s][info][gc,marking     ] GC(835) Concurrent Clear Claimed Marks 0.026ms
[3598.010s][info][gc,marking     ] GC(835) Concurrent Cleanup for Next Mark
[3598.022s][info][gc,marking     ] GC(835) Concurrent Cleanup for Next Mark 11.837ms
[3598.022s][info][gc             ] GC(835) Concurrent Mark Cycle 1457.154ms
..[3599.479s][info][gc,start       ] GC(836) Pause Young (Prepare Mixed) (G1 Evacuation Pause)
[3599.479s][info][gc,task        ] GC(836) Using 6 workers of 6 for evacuation
[3599.596s][info][gc,phases      ] GC(836)   Pre Evacuate Collection Set: 0.32ms
[3599.596s][info][gc,phases      ] GC(836)   Merge Heap Roots: 0.49ms
[3599.596s][info][gc,phases      ] GC(836)   Evacuate Collection Set: 115.12ms
[3599.596s][info][gc,phases      ] GC(836)   Post Evacuate Collection Set: 0.88ms
[3599.596s][info][gc,phases      ] GC(836)   Other: 0.09ms
[3599.596s][info][gc,heap        ] GC(836) Eden regions: 1117->0(1114)
[3599.596s][info][gc,heap        ] GC(836) Survivor regions: 111->108(154)
[3599.596s][info][gc,heap        ] GC(836) Old regions: 504->535
[3599.596s][info][gc,heap        ] GC(836) Humongous regions: 80->80
[3599.596s][info][gc,metaspace   ] GC(836) Metaspace: 28904K(29312K)->28904K(29312K) NonClass: 24036K(24256K)->24036K(24256K) Class: 4868K(5056K)->4868K(5056K)
[3599.596s][info][gc             ] GC(836) Pause Young (Prepare Mixed) (G1 Evacuation Pause) 3622M->1444M(4096M) 117.067ms
[3599.596s][info][gc,cpu         ] GC(836) User=0.69s Sys=0.00s Real=0.12s
...[3602.531s][info][gc,start       ] GC(837) Pause Young (Mixed) (G1 Evacuation Pause)
[3602.532s][info][gc,task        ] GC(837) Using 6 workers of 6 for evacuation
[3602.664s][info][gc,phases      ] GC(837)   Pre Evacuate Collection Set: 0.35ms
[3602.664s][info][gc,phases      ] GC(837)   Merge Heap Roots: 0.64ms
[3602.664s][info][gc,phases      ] GC(837)   Evacuate Collection Set: 130.29ms
[3602.664s][info][gc,phases      ] GC(837)   Post Evacuate Collection Set: 0.94ms
[3602.664s][info][gc,phases      ] GC(837)   Other: 0.08ms
[3602.664s][info][gc,heap        ] GC(837) Eden regions: 1114->0(1119)
[3602.664s][info][gc,heap        ] GC(837) Survivor regions: 108->109(153)
[3602.664s][info][gc,heap        ] GC(837) Old regions: 535->471
[3602.664s][info][gc,heap        ] GC(837) Humongous regions: 80->80
[3602.664s][info][gc,metaspace   ] GC(837) Metaspace: 28904K(29312K)->28904K(29312K) NonClass: 24036K(24256K)->24036K(24256K) Class: 4868K(5056K)->4868K(5056K)
[3602.664s][info][gc             ] GC(837) Pause Young (Mixed) (G1 Evacuation Pause) 3672M->1319M(4096M) 132.435ms
[3602.664s][info][gc,cpu         ] GC(837) User=0.79s Sys=0.00s Real=0.13s
...[3605.500s][info][gc,start       ] GC(838) Pause Young (Concurrent Start) (G1 Evacuation Pause)
[3605.500s][info][gc,task        ] GC(838) Using 6 workers of 6 for evacuation
[3605.618s][info][gc,phases      ] GC(838)   Pre Evacuate Collection Set: 0.38ms
[3605.618s][info][gc,phases      ] GC(838)   Merge Heap Roots: 0.47ms
[3605.618s][info][gc,phases      ] GC(838)   Evacuate Collection Set: 115.93ms
[3605.618s][info][gc,phases      ] GC(838)   Post Evacuate Collection Set: 0.85ms
[3605.618s][info][gc,phases      ] GC(838)   Other: 0.11ms
[3605.618s][info][gc,heap        ] GC(838) Eden regions: 1119->0(1120)
[3605.618s][info][gc,heap        ] GC(838) Survivor regions: 109->108(154)
[3605.618s][info][gc,heap        ] GC(838) Old regions: 471->504
[3605.618s][info][gc,heap        ] GC(838) Humongous regions: 80->80
[3605.618s][info][gc,metaspace   ] GC(838) Metaspace: 28904K(29312K)->28904K(29312K) NonClass: 24036K(24256K)->24036K(24256K) Class: 4868K(5056K)->4868K(5056K)
[3605.618s][info][gc             ] GC(838) Pause Young (Concurrent Start) (G1 Evacuation Pause) 3557M->1381M(4096M) 117.863ms
[3605.618s][info][gc             ] GC(839) Concurrent Mark Cycle
[3605.618s][info][gc,marking     ] GC(839) Concurrent Scan Root Regions
[3605.618s][info][gc,cpu         ] GC(838) User=0.71s Sys=0.00s Real=0.12s
[3605.797s][info][gc,marking     ] GC(839) Concurrent Scan Root Regions 179.401ms
[3605.797s][info][gc,marking     ] GC(839) Concurrent Mark
[3605.797s][info][gc,marking     ] GC(839) Concurrent Mark From Roots
[3605.797s][info][gc,task        ] GC(839) Using 2 workers of 2 for marking
.[3606.682s][info][gc,marking     ] GC(839) Concurrent Mark From Roots 884.421ms
[3606.682s][info][gc,marking     ] GC(839) Concurrent Preclean
[3606.682s][info][gc,marking     ] GC(839) Concurrent Preclean 0.129ms
[3606.682s][info][gc,start       ] GC(839) Pause Remark
[3606.688s][info][gc             ] GC(839) Pause Remark 2203M->2203M(4096M) 6.338ms
[3606.688s][info][gc,cpu         ] GC(839) User=0.04s Sys=0.00s Real=0.00s
[3606.689s][info][gc,marking     ] GC(839) Concurrent Mark 891.195ms
[3606.689s][info][gc,marking     ] GC(839) Concurrent Rebuild Remembered Sets and Scrub Regions
[3606.970s][info][gc,marking     ] GC(839) Concurrent Rebuild Remembered Sets and Scrub Regions 281.468ms
[3606.970s][info][gc,start       ] GC(839) Pause Cleanup
[3606.970s][info][gc             ] GC(839) Pause Cleanup 2416M->2416M(4096M) 0.113ms
[3606.970s][info][gc,cpu         ] GC(839) User=0.00s Sys=0.00s Real=0.00s
[3606.970s][info][gc,marking     ] GC(839) Concurrent Clear Claimed Marks
[3606.970s][info][gc,marking     ] GC(839) Concurrent Clear Claimed Marks 0.024ms
[3606.970s][info][gc,marking     ] GC(839) Concurrent Cleanup for Next Mark
[3606.974s][info][gc,marking     ] GC(839) Concurrent Cleanup for Next Mark 3.554ms
[3606.974s][info][gc             ] GC(839) Concurrent Mark Cycle 1356.094ms
. (rIR:aIR:PR = 6227:6228:6228) (tPR = 92679) [OK] 
  3607s: Performance info:
         Transaction,    Success,    Partial,     Failed,   Receipts, AvgBarcode, 
             Overall,     374855,          0,          0,     356112,      59.48, 
         Response times:
             Request,    Success,    Partial,     Failed,   SkipFail,     Probes,    Samples,      min,      p50,      p90,      p95,      p99,      max, 
       TotalPurchase,     356112,          0,          0,          0,     351815,     374220,      300,     5200,    15700,    40000,    84000,   284000,
     InStorePurchase,     187304,          0,          0,          0,     185311,     196944,      300,     5000,    15600,    39000,    83000,   284000,
      OnlinePurchase,     131312,          0,          0,          0,     129833,     138009,      300,     5300,    15700,    41000,    84000,   196000,
        InstPurchase,      37496,          0,          0,          0,      36671,      39267,      500,     5700,    17100,    42000,    87000,   191000,
          AssocOfCat,        374,          0,          0,          0,        270,        354,    24000,    37000,    65500,    89750,   172700,   211000,
      AssocOfProduct,       3747,          0,          0,          0,       3510,       3946,      600,     3500,    11900,    30000,    73000,   134000,
      BusinessReport,        937,          0,          0,          0,        824,       1001,    27000,    42000,    74000,   106000,   167980,   194000,
          CustBuyBeh,       3761,          0,          0,          0,       3554,       4003,      200,     2300,    10900,    33000,    76960,   179000,
       ProductReturn,       9924,          0,          0,          0,       9521,      10454,      200,     4900,    17400,    40000,    84000,   191000,

  3607s: (46%)   IR =   6365 .[3608.537s][info][gc,start       ] GC(840) Pause Young (Prepare Mixed) (G1 Evacuation Pause)
[3608.537s][info][gc,task        ] GC(840) Using 6 workers of 6 for evacuation
[3608.658s][info][gc,phases      ] GC(840)   Pre Evacuate Collection Set: 0.30ms
[3608.658s][info][gc,phases      ] GC(840)   Merge Heap Roots: 0.49ms
[3608.658s][info][gc,phases      ] GC(840)   Evacuate Collection Set: 119.66ms
[3608.658s][info][gc,phases      ] GC(840)   Post Evacuate Collection Set: 0.88ms
[3608.658s][info][gc,phases      ] GC(840)   Other: 0.08ms
[3608.658s][info][gc,heap        ] GC(840) Eden regions: 1120->0(1105)
[3608.658s][info][gc,heap        ] GC(840) Survivor regions: 108->112(154)
[3608.658s][info][gc,heap        ] GC(840) Old regions: 504->536
[3608.658s][info][gc,heap        ] GC(840) Humongous regions: 80->80
[3608.658s][info][gc,metaspace   ] GC(840) Metaspace: 28906K(29312K)->28906K(29312K) NonClass: 24038K(24256K)->24038K(24256K) Class: 4868K(5056K)->4868K(5056K)
[3608.658s][info][gc             ] GC(840) Pause Young (Prepare Mixed) (G1 Evacuation Pause) 3621M->1455M(4096M) 121.535ms
[3608.658s][info][gc,cpu         ] GC(840) User=0.72s Sys=0.00s Real=0.12s
...[3611.460s][info][gc,start       ] GC(841) Pause Young (Mixed) (G1 Evacuation Pause)
[3611.460s][info][gc,task        ] GC(841) Using 6 workers of 6 for evacuation
[3611.590s][info][gc,phases      ] GC(841)   Pre Evacuate Collection Set: 0.34ms
[3611.591s][info][gc,phases      ] GC(841)   Merge Heap Roots: 0.59ms
[3611.591s][info][gc,phases      ] GC(841)   Evacuate Collection Set: 128.26ms
[3611.591s][info][gc,phases      ] GC(841)   Post Evacuate Collection Set: 0.91ms
[3611.591s][info][gc,phases      ] GC(841)   Other: 0.09ms
[3611.591s][info][gc,heap        ] GC(841) Eden regions: 1105->0(1119)
[3611.591s][info][gc,heap        ] GC(841) Survivor regions: 112->109(153)
[3611.591s][info][gc,heap        ] GC(841) Old regions: 536->472
[3611.591s][info][gc,heap        ] GC(841) Humongous regions: 80->80
[3611.591s][info][gc,metaspace   ] GC(841) Metaspace: 28906K(29312K)->28906K(29312K) NonClass: 24038K(24256K)->24038K(24256K) Class: 4868K(5056K)->4868K(5056K)
[3611.591s][info][gc             ] GC(841) Pause Young (Mixed) (G1 Evacuation Pause) 3665M->1321M(4096M) 130.332ms
[3611.591s][info][gc,cpu         ] GC(841) User=0.78s Sys=0.00s Real=0.13s
.|..[3614.410s][info][gc,start       ] GC(842) Pause Young (Concurrent Start) (G1 Evacuation Pause)
[3614.410s][info][gc,task        ] GC(842) Using 6 workers of 6 for evacuation
[3614.525s][info][gc,phases      ] GC(842)   Pre Evacuate Collection Set: 0.39ms
[3614.525s][info][gc,phases      ] GC(842)   Merge Heap Roots: 0.45ms
[3614.525s][info][gc,phases      ] GC(842)   Evacuate Collection Set: 113.33ms
[3614.525s][info][gc,phases      ] GC(842)   Post Evacuate Collection Set: 0.89ms
[3614.525s][info][gc,phases      ] GC(842)   Other: 0.10ms
[3614.525s][info][gc,heap        ] GC(842) Eden regions: 1119->0(1121)
[3614.525s][info][gc,heap        ] GC(842) Survivor regions: 109->107(154)
[3614.525s][info][gc,heap        ] GC(842) Old regions: 472->505
[3614.525s][info][gc,heap        ] GC(842) Humongous regions: 80->80
[3614.525s][info][gc,metaspace   ] GC(842) Metaspace: 28906K(29312K)->28906K(29312K) NonClass: 24038K(24256K)->24038K(24256K) Class: 4868K(5056K)->4868K(5056K)
[3614.525s][info][gc             ] GC(842) Pause Young (Concurrent Start) (G1 Evacuation Pause) 3559M->1382M(4096M) 115.287ms
[3614.526s][info][gc             ] GC(843) Concurrent Mark Cycle
[3614.526s][info][gc,marking     ] GC(843) Concurrent Scan Root Regions
[3614.526s][info][gc,cpu         ] GC(842) User=0.69s Sys=0.00s Real=0.12s
[3614.708s][info][gc,marking     ] GC(843) Concurrent Scan Root Regions 181.991ms
[3614.708s][info][gc,marking     ] GC(843) Concurrent Mark
[3614.708s][info][gc,marking     ] GC(843) Concurrent Mark From Roots
[3614.708s][info][gc,task        ] GC(843) Using 2 workers of 2 for marking
.[3615.600s][info][gc,marking     ] GC(843) Concurrent Mark From Roots 892.542ms
[3615.600s][info][gc,marking     ] GC(843) Concurrent Preclean
[3615.600s][info][gc,marking     ] GC(843) Concurrent Preclean 0.107ms
[3615.600s][info][gc,start       ] GC(843) Pause Remark
[3615.606s][info][gc             ] GC(843) Pause Remark 2265M->2265M(4096M) 5.601ms
[3615.606s][info][gc,cpu         ] GC(843) User=0.03s Sys=0.00s Real=0.01s
[3615.606s][info][gc,marking     ] GC(843) Concurrent Mark 898.513ms
[3615.606s][info][gc,marking     ] GC(843) Concurrent Rebuild Remembered Sets and Scrub Regions
[3615.928s][info][gc,marking     ] GC(843) Concurrent Rebuild Remembered Sets and Scrub Regions 321.389ms
[3615.928s][info][gc,start       ] GC(843) Pause Cleanup
[3615.928s][info][gc             ] GC(843) Pause Cleanup 2544M->2544M(4096M) 0.116ms
[3615.928s][info][gc,cpu         ] GC(843) User=0.00s Sys=0.00s Real=0.00s
[3615.928s][info][gc,marking     ] GC(843) Concurrent Clear Claimed Marks
[3615.928s][info][gc,marking     ] GC(843) Concurrent Clear Claimed Marks 0.025ms
[3615.928s][info][gc,marking     ] GC(843) Concurrent Cleanup for Next Mark
[3615.933s][info][gc,marking     ] GC(843) Concurrent Cleanup for Next Mark 5.223ms
[3615.933s][info][gc             ] GC(843) Concurrent Mark Cycle 1407.673ms
..[3617.400s][info][gc,start       ] GC(844) Pause Young (Prepare Mixed) (G1 Evacuation Pause)
[3617.400s][info][gc,task        ] GC(844) Using 6 workers of 6 for evacuation
[3617.519s][info][gc,phases      ] GC(844)   Pre Evacuate Collection Set: 0.30ms
[3617.519s][info][gc,phases      ] GC(844)   Merge Heap Roots: 0.54ms
[3617.519s][info][gc,phases      ] GC(844)   Evacuate Collection Set: 117.00ms
[3617.519s][info][gc,phases      ] GC(844)   Post Evacuate Collection Set: 0.94ms
[3617.519s][info][gc,phases      ] GC(844)   Other: 0.08ms
[3617.519s][info][gc,heap        ] GC(844) Eden regions: 1121->0(1111)
[3617.519s][info][gc,heap        ] GC(844) Survivor regions: 107->109(154)
[3617.519s][info][gc,heap        ] GC(844) Old regions: 505->536
[3617.519s][info][gc,heap        ] GC(844) Humongous regions: 80->80
[3617.519s][info][gc,metaspace   ] GC(844) Metaspace: 28906K(29312K)->28906K(29312K) NonClass: 24038K(24256K)->24038K(24256K) Class: 4868K(5056K)->4868K(5056K)
[3617.519s][info][gc             ] GC(844) Pause Young (Prepare Mixed) (G1 Evacuation Pause) 3624M->1448M(4096M) 118.987ms
[3617.519s][info][gc,cpu         ] GC(844) User=0.70s Sys=0.00s Real=0.12s
...[3620.332s][info][gc,start       ] GC(845) Pause Young (Mixed) (G1 Evacuation Pause)
[3620.332s][info][gc,task        ] GC(845) Using 6 workers of 6 for evacuation
[3620.465s][info][gc,phases      ] GC(845)   Pre Evacuate Collection Set: 0.37ms
[3620.465s][info][gc,phases      ] GC(845)   Merge Heap Roots: 0.66ms
[3620.465s][info][gc,phases      ] GC(845)   Evacuate Collection Set: 131.78ms
[3620.465s][info][gc,phases      ] GC(845)   Post Evacuate Collection Set: 0.94ms
[3620.465s][info][gc,phases      ] GC(845)   Other: 0.09ms
[3620.465s][info][gc,heap        ] GC(845) Eden regions: 1111->0(1120)
[3620.465s][info][gc,heap        ] GC(845) Survivor regions: 109->108(153)
[3620.466s][info][gc,heap        ] GC(845) Old regions: 536->471
[3620.466s][info][gc,heap        ] GC(845) Humongous regions: 80->80
[3620.466s][info][gc,metaspace   ] GC(845) Metaspace: 28906K(29312K)->28906K(29312K) NonClass: 24038K(24256K)->24038K(24256K) Class: 4868K(5056K)->4868K(5056K)
[3620.466s][info][gc             ] GC(845) Pause Young (Mixed) (G1 Evacuation Pause) 3670M->1317M(4096M) 133.958ms
[3620.466s][info][gc,cpu         ] GC(845) User=0.80s Sys=0.00s Real=0.13s
...[3623.338s][info][gc,start       ] GC(846) Pause Young (Concurrent Start) (G1 Evacuation Pause)
[3623.338s][info][gc,task        ] GC(846) Using 6 workers of 6 for evacuation
[3623.455s][info][gc,phases      ] GC(846)   Pre Evacuate Collection Set: 0.39ms
[3623.455s][info][gc,phases      ] GC(846)   Merge Heap Roots: 0.46ms
[3623.455s][info][gc,phases      ] GC(846)   Evacuate Collection Set: 114.31ms
[3623.455s][info][gc,phases      ] GC(846)   Post Evacuate Collection Set: 0.88ms
[3623.455s][info][gc,phases      ] GC(846)   Other: 0.12ms
[3623.455s][info][gc,heap        ] GC(846) Eden regions: 1120->0(1119)
[3623.455s][info][gc,heap        ] GC(846) Survivor regions: 108->109(154)
[3623.455s][info][gc,heap        ] GC(846) Old regions: 471->503
[3623.455s][info][gc,heap        ] GC(846) Humongous regions: 80->80
[3623.455s][info][gc,metaspace   ] GC(846) Metaspace: 28906K(29312K)->28906K(29312K) NonClass: 24038K(24256K)->24038K(24256K) Class: 4868K(5056K)->4868K(5056K)
[3623.455s][info][gc             ] GC(846) Pause Young (Concurrent Start) (G1 Evacuation Pause) 3557M->1382M(4096M) 116.290ms
[3623.455s][info][gc             ] GC(847) Concurrent Mark Cycle
[3623.455s][info][gc,marking     ] GC(847) Concurrent Scan Root Regions
[3623.455s][info][gc,cpu         ] GC(846) User=0.69s Sys=0.00s Real=0.12s
[3623.642s][info][gc,marking     ] GC(847) Concurrent Scan Root Regions 187.557ms
[3623.642s][info][gc,marking     ] GC(847) Concurrent Mark
[3623.642s][info][gc,marking     ] GC(847) Concurrent Mark From Roots
[3623.642s][info][gc,task        ] GC(847) Using 2 workers of 2 for marking
.[3624.570s][info][gc,marking     ] GC(847) Concurrent Mark From Roots 927.791ms
[3624.570s][info][gc,marking     ] GC(847) Concurrent Preclean
[3624.570s][info][gc,marking     ] GC(847) Concurrent Preclean 0.119ms
[3624.571s][info][gc,start       ] GC(847) Pause Remark
[3624.577s][info][gc             ] GC(847) Pause Remark 2314M->2314M(4096M) 6.064ms
[3624.577s][info][gc,cpu         ] GC(847) User=0.04s Sys=0.00s Real=0.01s
[3624.578s][info][gc,marking     ] GC(847) Concurrent Mark 935.699ms
[3624.578s][info][gc,marking     ] GC(847) Concurrent Rebuild Remembered Sets and Scrub Regions
[3624.875s][info][gc,marking     ] GC(847) Concurrent Rebuild Remembered Sets and Scrub Regions 296.734ms
[3624.875s][info][gc,start       ] GC(847) Pause Cleanup
[3624.875s][info][gc             ] GC(847) Pause Cleanup 2546M->2546M(4096M) 0.109ms
[3624.875s][info][gc,cpu         ] GC(847) User=0.00s Sys=0.00s Real=0.00s
[3624.875s][info][gc,marking     ] GC(847) Concurrent Clear Claimed Marks
[3624.875s][info][gc,marking     ] GC(847) Concurrent Clear Claimed Marks 0.022ms
[3624.875s][info][gc,marking     ] GC(847) Concurrent Cleanup for Next Mark
[3624.878s][info][gc,marking     ] GC(847) Concurrent Cleanup for Next Mark 3.450ms
[3624.879s][info][gc             ] GC(847) Concurrent Mark Cycle 1423.896ms
..[3626.272s][info][gc,start       ] GC(848) Pause Young (Prepare Mixed) (G1 Evacuation Pause)
[3626.272s][info][gc,task        ] GC(848) Using 6 workers of 6 for evacuation
[3626.387s][info][gc,phases      ] GC(848)   Pre Evacuate Collection Set: 0.36ms
[3626.387s][info][gc,phases      ] GC(848)   Merge Heap Roots: 0.49ms
[3626.387s][info][gc,phases      ] GC(848)   Evacuate Collection Set: 112.96ms
[3626.387s][info][gc,phases      ] GC(848)   Post Evacuate Collection Set: 0.92ms
[3626.387s][info][gc,phases      ] GC(848)   Other: 0.09ms
[3626.387s][info][gc,heap        ] GC(848) Eden regions: 1119->0(1112)
[3626.387s][info][gc,heap        ] GC(848) Survivor regions: 109->109(154)
[3626.387s][info][gc,heap        ] GC(848) Old regions: 503->535
[3626.387s][info][gc,heap        ] GC(848) Humongous regions: 80->80
[3626.387s][info][gc,metaspace   ] GC(848) Metaspace: 28906K(29312K)->28906K(29312K) NonClass: 24038K(24256K)->24038K(24256K) Class: 4868K(5056K)->4868K(5056K)
[3626.387s][info][gc             ] GC(848) Pause Young (Prepare Mixed) (G1 Evacuation Pause) 3620M->1445M(4096M) 114.946ms
[3626.387s][info][gc,cpu         ] GC(848) User=0.68s Sys=0.00s Real=0.11s
...[3629.255s][info][gc,start       ] GC(849) Pause Young (Mixed) (G1 Evacuation Pause)
[3629.255s][info][gc,task        ] GC(849) Using 6 workers of 6 for evacuation
[3629.386s][info][gc,phases      ] GC(849)   Pre Evacuate Collection Set: 0.40ms
[3629.386s][info][gc,phases      ] GC(849)   Merge Heap Roots: 0.70ms
[3629.386s][info][gc,phases      ] GC(849)   Evacuate Collection Set: 129.15ms
[3629.386s][info][gc,phases      ] GC(849)   Post Evacuate Collection Set: 0.95ms
[3629.386s][info][gc,phases      ] GC(849)   Other: 0.09ms
[3629.386s][info][gc,heap        ] GC(849) Eden regions: 1112->0(1121)
[3629.386s][info][gc,heap        ] GC(849) Survivor regions: 109->107(153)
[3629.386s][info][gc,heap        ] GC(849) Old regions: 535->472
[3629.386s][info][gc,heap        ] GC(849) Humongous regions: 80->80
[3629.386s][info][gc,metaspace   ] GC(849) Metaspace: 28906K(29312K)->28906K(29312K) NonClass: 24038K(24256K)->24038K(24256K) Class: 4868K(5056K)->4868K(5056K)
[3629.386s][info][gc             ] GC(849) Pause Young (Mixed) (G1 Evacuation Pause) 3669M->1316M(4096M) 131.436ms
[3629.386s][info][gc,cpu         ] GC(849) User=0.79s Sys=0.00s Real=0.13s
..[3632.222s][info][gc,start       ] GC(850) Pause Young (Concurrent Start) (G1 Evacuation Pause)
[3632.222s][info][gc,task        ] GC(850) Using 6 workers of 6 for evacuation
[3632.337s][info][gc,phases      ] GC(850)   Pre Evacuate Collection Set: 0.36ms
[3632.337s][info][gc,phases      ] GC(850)   Merge Heap Roots: 0.47ms
[3632.337s][info][gc,phases      ] GC(850)   Evacuate Collection Set: 113.02ms
[3632.337s][info][gc,phases      ] GC(850)   Post Evacuate Collection Set: 0.86ms
[3632.337s][info][gc,phases      ] GC(850)   Other: 0.11ms
[3632.337s][info][gc,heap        ] GC(850) Eden regions: 1121->0(1121)
[3632.337s][info][gc,heap        ] GC(850) Survivor regions: 107->107(154)
[3632.337s][info][gc,heap        ] GC(850) Old regions: 472->504
[3632.337s][info][gc,heap        ] GC(850) Humongous regions: 80->80
[3632.337s][info][gc,metaspace   ] GC(850) Metaspace: 28906K(29312K)->28906K(29312K) NonClass: 24038K(24256K)->24038K(24256K) Class: 4868K(5056K)->4868K(5056K)
[3632.337s][info][gc             ] GC(850) Pause Young (Concurrent Start) (G1 Evacuation Pause) 3558M->1380M(4096M) 114.947ms
[3632.337s][info][gc             ] GC(851) Concurrent Mark Cycle
[3632.337s][info][gc,marking     ] GC(851) Concurrent Scan Root Regions
[3632.337s][info][gc,cpu         ] GC(850) User=0.68s Sys=0.00s Real=0.11s
.[3632.528s][info][gc,marking     ] GC(851) Concurrent Scan Root Regions 191.449ms
[3632.528s][info][gc,marking     ] GC(851) Concurrent Mark
[3632.528s][info][gc,marking     ] GC(851) Concurrent Mark From Roots
[3632.528s][info][gc,task        ] GC(851) Using 2 workers of 2 for marking
.[3633.457s][info][gc,marking     ] GC(851) Concurrent Mark From Roots 928.553ms
[3633.457s][info][gc,marking     ] GC(851) Concurrent Preclean
[3633.457s][info][gc,marking     ] GC(851) Concurrent Preclean 0.129ms
[3633.458s][info][gc,start       ] GC(851) Pause Remark
[3633.465s][info][gc             ] GC(851) Pause Remark 2324M->2324M(4096M) 7.522ms
[3633.465s][info][gc,cpu         ] GC(851) User=0.04s Sys=0.00s Real=0.01s
[3633.467s][info][gc,marking     ] GC(851) Concurrent Mark 938.360ms
[3633.467s][info][gc,marking     ] GC(851) Concurrent Rebuild Remembered Sets and Scrub Regions
[3633.824s][info][gc,marking     ] GC(851) Concurrent Rebuild Remembered Sets and Scrub Regions 356.939ms
[3633.824s][info][gc,start       ] GC(851) Pause Cleanup
[3633.824s][info][gc             ] GC(851) Pause Cleanup 2663M->2663M(4096M) 0.110ms
[3633.824s][info][gc,cpu         ] GC(851) User=0.00s Sys=0.00s Real=0.00s
[3633.824s][info][gc,marking     ] GC(851) Concurrent Clear Claimed Marks
[3633.824s][info][gc,marking     ] GC(851) Concurrent Clear Claimed Marks 0.024ms
[3633.824s][info][gc,marking     ] GC(851) Concurrent Cleanup for Next Mark
[3633.827s][info][gc,marking     ] GC(851) Concurrent Cleanup for Next Mark 3.271ms
[3633.827s][info][gc             ] GC(851) Concurrent Mark Cycle 1490.467ms
.[3635.163s][info][gc,start       ] GC(852) Pause Young (Prepare Mixed) (G1 Evacuation Pause)
[3635.163s][info][gc,task        ] GC(852) Using 6 workers of 6 for evacuation
[3635.284s][info][gc,phases      ] GC(852)   Pre Evacuate Collection Set: 0.34ms
[3635.284s][info][gc,phases      ] GC(852)   Merge Heap Roots: 0.51ms
[3635.284s][info][gc,phases      ] GC(852)   Evacuate Collection Set: 118.44ms
[3635.284s][info][gc,phases      ] GC(852)   Post Evacuate Collection Set: 0.90ms
[3635.284s][info][gc,phases      ] GC(852)   Other: 0.08ms
[3635.284s][info][gc,heap        ] GC(852) Eden regions: 1121->0(1104)
[3635.284s][info][gc,heap        ] GC(852) Survivor regions: 107->113(154)
[3635.284s][info][gc,heap        ] GC(852) Old regions: 504->535
[3635.284s][info][gc,heap        ] GC(852) Humongous regions: 80->80
[3635.284s][info][gc,metaspace   ] GC(852) Metaspace: 28906K(29312K)->28906K(29312K) NonClass: 24038K(24256K)->24038K(24256K) Class: 4868K(5056K)->4868K(5056K)
[3635.284s][info][gc             ] GC(852) Pause Young (Prepare Mixed) (G1 Evacuation Pause) 3622M->1453M(4096M) 120.413ms
[3635.284s][info][gc,cpu         ] GC(852) User=0.71s Sys=0.00s Real=0.12s
...[3638.128s][info][gc,start       ] GC(853) Pause Young (Mixed) (G1 Evacuation Pause)
[3638.128s][info][gc,task        ] GC(853) Using 6 workers of 6 for evacuation
[3638.260s][info][gc,phases      ] GC(853)   Pre Evacuate Collection Set: 0.38ms
[3638.260s][info][gc,phases      ] GC(853)   Merge Heap Roots: 0.67ms
[3638.260s][info][gc,phases      ] GC(853)   Evacuate Collection Set: 130.61ms
[3638.260s][info][gc,phases      ] GC(853)   Post Evacuate Collection Set: 0.90ms
[3638.260s][info][gc,phases      ] GC(853)   Other: 0.09ms
[3638.260s][info][gc,heap        ] GC(853) Eden regions: 1104->0(1118)
[3638.260s][info][gc,heap        ] GC(853) Survivor regions: 113->110(153)
[3638.260s][info][gc,heap        ] GC(853) Old regions: 535->472
[3638.260s][info][gc,heap        ] GC(853) Humongous regions: 80->80
[3638.260s][info][gc,metaspace   ] GC(853) Metaspace: 28906K(29312K)->28906K(29312K) NonClass: 24038K(24256K)->24038K(24256K) Class: 4868K(5056K)->4868K(5056K)
[3638.260s][info][gc             ] GC(853) Pause Young (Mixed) (G1 Evacuation Pause) 3661M->1322M(4096M) 132.784ms
[3638.260s][info][gc,cpu         ] GC(853) User=0.79s Sys=0.00s Real=0.13s
...[3641.146s][info][gc,start       ] GC(854) Pause Young (Concurrent Start) (G1 Evacuation Pause)
[3641.147s][info][gc,task        ] GC(854) Using 6 workers of 6 for evacuation
[3641.266s][info][gc,phases      ] GC(854)   Pre Evacuate Collection Set: 0.36ms
[3641.266s][info][gc,phases      ] GC(854)   Merge Heap Roots: 0.46ms
[3641.266s][info][gc,phases      ] GC(854)   Evacuate Collection Set: 117.74ms
[3641.266s][info][gc,phases      ] GC(854)   Post Evacuate Collection Set: 0.86ms
[3641.266s][info][gc,phases      ] GC(854)   Other: 0.11ms
[3641.266s][info][gc,heap        ] GC(854) Eden regions: 1118->0(1116)
[3641.266s][info][gc,heap        ] GC(854) Survivor regions: 110->112(154)
[3641.266s][info][gc,heap        ] GC(854) Old regions: 472->504
[3641.266s][info][gc,heap        ] GC(854) Humongous regions: 80->80
[3641.266s][info][gc,metaspace   ] GC(854) Metaspace: 28906K(29312K)->28906K(29312K) NonClass: 24038K(24256K)->24038K(24256K) Class: 4868K(5056K)->4868K(5056K)
[3641.266s][info][gc             ] GC(854) Pause Young (Concurrent Start) (G1 Evacuation Pause) 3558M->1390M(4096M) 119.660ms
[3641.266s][info][gc             ] GC(855) Concurrent Mark Cycle
[3641.266s][info][gc,marking     ] GC(855) Concurrent Scan Root Regions
[3641.266s][info][gc,cpu         ] GC(854) User=0.71s Sys=0.00s Real=0.12s
.[3641.413s][info][gc,marking     ] GC(855) Concurrent Scan Root Regions 147.235ms
[3641.413s][info][gc,marking     ] GC(855) Concurrent Mark
[3641.413s][info][gc,marking     ] GC(855) Concurrent Mark From Roots
[3641.413s][info][gc,task        ] GC(855) Using 2 workers of 2 for marking
[3642.215s][info][gc,marking     ] GC(855) Concurrent Mark From Roots 801.675ms
[3642.215s][info][gc,marking     ] GC(855) Concurrent Preclean
[3642.215s][info][gc,marking     ] GC(855) Concurrent Preclean 0.130ms
[3642.215s][info][gc,start       ] GC(855) Pause Remark
[3642.219s][info][gc             ] GC(855) Pause Remark 2227M->2227M(4096M) 3.209ms
[3642.219s][info][gc,cpu         ] GC(855) User=0.02s Sys=0.00s Real=0.00s
[3642.219s][info][gc,marking     ] GC(855) Concurrent Mark 805.242ms
[3642.219s][info][gc,marking     ] GC(855) Concurrent Rebuild Remembered Sets and Scrub Regions
.[3642.459s][info][gc,marking     ] GC(855) Concurrent Rebuild Remembered Sets and Scrub Regions 240.354ms
[3642.460s][info][gc,start       ] GC(855) Pause Cleanup
[3642.460s][info][gc             ] GC(855) Pause Cleanup 2388M->2388M(4096M) 0.117ms
[3642.460s][info][gc,cpu         ] GC(855) User=0.00s Sys=0.00s Real=0.00s
[3642.460s][info][gc,marking     ] GC(855) Concurrent Clear Claimed Marks
[3642.460s][info][gc,marking     ] GC(855) Concurrent Clear Claimed Marks 0.030ms
[3642.460s][info][gc,marking     ] GC(855) Concurrent Cleanup for Next Mark
[3642.465s][info][gc,marking     ] GC(855) Concurrent Cleanup for Next Mark 4.764ms
[3642.465s][info][gc             ] GC(855) Concurrent Mark Cycle 1198.866ms
.[3644.007s][info][gc,start       ] GC(856) Pause Young (Prepare Mixed) (G1 Evacuation Pause)
[3644.007s][info][gc,task        ] GC(856) Using 6 workers of 6 for evacuation
[3644.126s][info][gc,phases      ] GC(856)   Pre Evacuate Collection Set: 0.32ms
[3644.126s][info][gc,phases      ] GC(856)   Merge Heap Roots: 0.50ms
[3644.126s][info][gc,phases      ] GC(856)   Evacuate Collection Set: 117.59ms
[3644.126s][info][gc,phases      ] GC(856)   Post Evacuate Collection Set: 0.90ms
[3644.126s][info][gc,phases      ] GC(856)   Other: 0.08ms
[3644.126s][info][gc,heap        ] GC(856) Eden regions: 1116->0(1106)
[3644.126s][info][gc,heap        ] GC(856) Survivor regions: 112->112(154)
[3644.126s][info][gc,heap        ] GC(856) Old regions: 504->535
[3644.126s][info][gc,heap        ] GC(856) Humongous regions: 80->80
[3644.126s][info][gc,metaspace   ] GC(856) Metaspace: 28906K(29312K)->28906K(29312K) NonClass: 24038K(24256K)->24038K(24256K) Class: 4868K(5056K)->4868K(5056K)
[3644.126s][info][gc             ] GC(856) Pause Young (Prepare Mixed) (G1 Evacuation Pause) 3622M->1451M(4096M) 119.504ms
[3644.126s][info][gc,cpu         ] GC(856) User=0.71s Sys=0.00s Real=0.12s
...[3646.984s][info][gc,start       ] GC(857) Pause Young (Mixed) (G1 Evacuation Pause)
[3646.984s][info][gc,task        ] GC(857) Using 6 workers of 6 for evacuation
[3647.117s][info][gc,phases      ] GC(857)   Pre Evacuate Collection Set: 0.35ms
[3647.118s][info][gc,phases      ] GC(857)   Merge Heap Roots: 0.62ms
[3647.118s][info][gc,phases      ] GC(857)   Evacuate Collection Set: 131.85ms
[3647.118s][info][gc,phases      ] GC(857)   Post Evacuate Collection Set: 0.93ms
[3647.118s][info][gc,phases      ] GC(857)   Other: 0.08ms
[3647.118s][info][gc,heap        ] GC(857) Eden regions: 1106->0(1117)
[3647.118s][info][gc,heap        ] GC(857) Survivor regions: 112->111(153)
[3647.118s][info][gc,heap        ] GC(857) Old regions: 535->472
[3647.118s][info][gc,heap        ] GC(857) Humongous regions: 80->80
[3647.118s][info][gc,metaspace   ] GC(857) Metaspace: 28906K(29312K)->28906K(29312K) NonClass: 24038K(24256K)->24038K(24256K) Class: 4868K(5056K)->4868K(5056K)
[3647.118s][info][gc             ] GC(857) Pause Young (Mixed) (G1 Evacuation Pause) 3663M->1324M(4096M) 133.947ms
[3647.118s][info][gc,cpu         ] GC(857) User=0.80s Sys=0.00s Real=0.13s
...[3649.944s][info][gc,start       ] GC(858) Pause Young (Concurrent Start) (G1 Evacuation Pause)
[3649.944s][info][gc,task        ] GC(858) Using 6 workers of 6 for evacuation
[3650.060s][info][gc,phases      ] GC(858)   Pre Evacuate Collection Set: 0.36ms
[3650.060s][info][gc,phases      ] GC(858)   Merge Heap Roots: 0.46ms
[3650.060s][info][gc,phases      ] GC(858)   Evacuate Collection Set: 114.02ms
[3650.060s][info][gc,phases      ] GC(858)   Post Evacuate Collection Set: 0.87ms
[3650.060s][info][gc,phases      ] GC(858)   Other: 0.11ms
[3650.060s][info][gc,heap        ] GC(858) Eden regions: 1117->0(1118)
[3650.060s][info][gc,heap        ] GC(858) Survivor regions: 111->110(154)
[3650.060s][info][gc,heap        ] GC(858) Old regions: 472->502
[3650.060s][info][gc,heap        ] GC(858) Humongous regions: 80->80
[3650.060s][info][gc,metaspace   ] GC(858) Metaspace: 28906K(29312K)->28906K(29312K) NonClass: 24038K(24256K)->24038K(24256K) Class: 4868K(5056K)->4868K(5056K)
[3650.060s][info][gc             ] GC(858) Pause Young (Concurrent Start) (G1 Evacuation Pause) 3558M->1383M(4096M) 115.975ms
[3650.060s][info][gc             ] GC(859) Concurrent Mark Cycle
[3650.060s][info][gc,marking     ] GC(859) Concurrent Scan Root Regions
[3650.060s][info][gc,cpu         ] GC(858) User=0.69s Sys=0.00s Real=0.11s
[3650.250s][info][gc,marking     ] GC(859) Concurrent Scan Root Regions 190.071ms
[3650.250s][info][gc,marking     ] GC(859) Concurrent Mark
[3650.250s][info][gc,marking     ] GC(859) Concurrent Mark From Roots
[3650.250s][info][gc,task        ] GC(859) Using 2 workers of 2 for marking
.[3650.827s][info][gc,marking     ] GC(859) Concurrent Mark From Roots 576.389ms
[3650.827s][info][gc,marking     ] GC(859) Concurrent Preclean
[3650.827s][info][gc,marking     ] GC(859) Concurrent Preclean 0.123ms
[3650.829s][info][gc,start       ] GC(859) Pause Remark
[3650.834s][info][gc             ] GC(859) Pause Remark 1997M->1997M(4096M) 5.459ms
[3650.834s][info][gc,cpu         ] GC(859) User=0.03s Sys=0.00s Real=0.01s
[3650.835s][info][gc,marking     ] GC(859) Concurrent Mark 584.939ms
[3650.835s][info][gc,marking     ] GC(859) Concurrent Rebuild Remembered Sets and Scrub Regions
[3651.094s][info][gc,marking     ] GC(859) Concurrent Rebuild Remembered Sets and Scrub Regions 259.022ms
[3651.094s][info][gc,start       ] GC(859) Pause Cleanup
[3651.094s][info][gc             ] GC(859) Pause Cleanup 2246M->2246M(4096M) 0.110ms
[3651.094s][info][gc,cpu         ] GC(859) User=0.00s Sys=0.00s Real=0.00s
[3651.095s][info][gc,marking     ] GC(859) Concurrent Clear Claimed Marks
[3651.095s][info][gc,marking     ] GC(859) Concurrent Clear Claimed Marks 0.038ms
[3651.095s][info][gc,marking     ] GC(859) Concurrent Cleanup for Next Mark
[3651.100s][info][gc,marking     ] GC(859) Concurrent Cleanup for Next Mark 4.694ms
[3651.100s][info][gc             ] GC(859) Concurrent Mark Cycle 1039.660ms
..[3652.824s][info][gc,start       ] GC(860) Pause Young (Prepare Mixed) (G1 Evacuation Pause)
[3652.824s][info][gc,task        ] GC(860) Using 6 workers of 6 for evacuation
[3652.943s][info][gc,phases      ] GC(860)   Pre Evacuate Collection Set: 0.34ms
[3652.943s][info][gc,phases      ] GC(860)   Merge Heap Roots: 0.52ms
[3652.943s][info][gc,phases      ] GC(860)   Evacuate Collection Set: 117.63ms
[3652.943s][info][gc,phases      ] GC(860)   Post Evacuate Collection Set: 0.90ms
[3652.943s][info][gc,phases      ] GC(860)   Other: 0.09ms
[3652.943s][info][gc,heap        ] GC(860) Eden regions: 1118->0(1108)
[3652.943s][info][gc,heap        ] GC(860) Survivor regions: 110->111(154)
[3652.943s][info][gc,heap        ] GC(860) Old regions: 502->535
[3652.943s][info][gc,heap        ] GC(860) Humongous regions: 80->80
[3652.943s][info][gc,metaspace   ] GC(860) Metaspace: 28906K(29312K)->28906K(29312K) NonClass: 24038K(24256K)->24038K(24256K) Class: 4868K(5056K)->4868K(5056K)
[3652.943s][info][gc             ] GC(860) Pause Young (Prepare Mixed) (G1 Evacuation Pause) 3619M->1450M(4096M) 119.627ms
[3652.943s][info][gc,cpu         ] GC(860) User=0.71s Sys=0.00s Real=0.12s
...[3655.747s][info][gc,start       ] GC(861) Pause Young (Mixed) (G1 Evacuation Pause)
[3655.747s][info][gc,task        ] GC(861) Using 6 workers of 6 for evacuation
[3655.876s][info][gc,phases      ] GC(861)   Pre Evacuate Collection Set: 0.39ms
[3655.876s][info][gc,phases      ] GC(861)   Merge Heap Roots: 0.64ms
[3655.876s][info][gc,phases      ] GC(861)   Evacuate Collection Set: 127.52ms
[3655.876s][info][gc,phases      ] GC(861)   Post Evacuate Collection Set: 0.92ms
[3655.876s][info][gc,phases      ] GC(861)   Other: 0.08ms
[3655.876s][info][gc,heap        ] GC(861) Eden regions: 1108->0(1120)
[3655.876s][info][gc,heap        ] GC(861) Survivor regions: 111->108(153)
[3655.876s][info][gc,heap        ] GC(861) Old regions: 535->473
[3655.876s][info][gc,heap        ] GC(861) Humongous regions: 80->80
[3655.876s][info][gc,metaspace   ] GC(861) Metaspace: 28906K(29312K)->28906K(29312K) NonClass: 24038K(24256K)->24038K(24256K) Class: 4868K(5056K)->4868K(5056K)
[3655.876s][info][gc             ] GC(861) Pause Young (Mixed) (G1 Evacuation Pause) 3666M->1320M(4096M) 129.688ms
[3655.876s][info][gc,cpu         ] GC(861) User=0.77s Sys=0.00s Real=0.13s
...[3658.821s][info][gc,start       ] GC(862) Pause Young (Concurrent Start) (G1 Evacuation Pause)
[3658.821s][info][gc,task        ] GC(862) Using 6 workers of 6 for evacuation
[3658.940s][info][gc,phases      ] GC(862)   Pre Evacuate Collection Set: 0.38ms
[3658.940s][info][gc,phases      ] GC(862)   Merge Heap Roots: 0.51ms
[3658.940s][info][gc,phases      ] GC(862)   Evacuate Collection Set: 116.53ms
[3658.940s][info][gc,phases      ] GC(862)   Post Evacuate Collection Set: 0.84ms
[3658.940s][info][gc,phases      ] GC(862)   Other: 0.12ms
[3658.940s][info][gc,heap        ] GC(862) Eden regions: 1120->0(1116)
[3658.940s][info][gc,heap        ] GC(862) Survivor regions: 108->112(154)
[3658.940s][info][gc,heap        ] GC(862) Old regions: 473->504
[3658.940s][info][gc,heap        ] GC(862) Humongous regions: 80->80
[3658.940s][info][gc,metaspace   ] GC(862) Metaspace: 28906K(29312K)->28906K(29312K) NonClass: 24038K(24256K)->24038K(24256K) Class: 4868K(5056K)->4868K(5056K)
[3658.940s][info][gc             ] GC(862) Pause Young (Concurrent Start) (G1 Evacuation Pause) 3560M->1390M(4096M) 118.510ms
[3658.940s][info][gc             ] GC(863) Concurrent Mark Cycle
[3658.940s][info][gc,marking     ] GC(863) Concurrent Scan Root Regions
[3658.940s][info][gc,cpu         ] GC(862) User=0.71s Sys=0.00s Real=0.11s
[3659.136s][info][gc,marking     ] GC(863) Concurrent Scan Root Regions 196.338ms
[3659.136s][info][gc,marking     ] GC(863) Concurrent Mark
[3659.136s][info][gc,marking     ] GC(863) Concurrent Mark From Roots
[3659.136s][info][gc,task        ] GC(863) Using 2 workers of 2 for marking
.[3659.862s][info][gc,marking     ] GC(863) Concurrent Mark From Roots 725.407ms
[3659.862s][info][gc,marking     ] GC(863) Concurrent Preclean
[3659.862s][info][gc,marking     ] GC(863) Concurrent Preclean 0.120ms
[3659.862s][info][gc,start       ] GC(863) Pause Remark
[3659.867s][info][gc             ] GC(863) Pause Remark 2160M->2160M(4096M) 4.867ms
[3659.867s][info][gc,cpu         ] GC(863) User=0.03s Sys=0.00s Real=0.00s
[3659.867s][info][gc,marking     ] GC(863) Concurrent Mark 730.735ms
[3659.867s][info][gc,marking     ] GC(863) Concurrent Rebuild Remembered Sets and Scrub Regions
[3660.122s][info][gc,marking     ] GC(863) Concurrent Rebuild Remembered Sets and Scrub Regions 255.406ms
[3660.123s][info][gc,start       ] GC(863) Pause Cleanup
[3660.123s][info][gc             ] GC(863) Pause Cleanup 2396M->2396M(4096M) 0.117ms
[3660.123s][info][gc,cpu         ] GC(863) User=0.00s Sys=0.00s Real=0.00s
[3660.123s][info][gc,marking     ] GC(863) Concurrent Clear Claimed Marks
[3660.123s][info][gc,marking     ] GC(863) Concurrent Clear Claimed Marks 0.025ms
[3660.123s][info][gc,marking     ] GC(863) Concurrent Cleanup for Next Mark
[3660.127s][info][gc,marking     ] GC(863) Concurrent Cleanup for Next Mark 4.213ms
[3660.127s][info][gc             ] GC(863) Concurrent Mark Cycle 1187.211ms
..[3661.736s][info][gc,start       ] GC(864) Pause Young (Prepare Mixed) (G1 Evacuation Pause)
[3661.736s][info][gc,task        ] GC(864) Using 6 workers of 6 for evacuation
[3661.853s][info][gc,phases      ] GC(864)   Pre Evacuate Collection Set: 0.35ms
[3661.853s][info][gc,phases      ] GC(864)   Merge Heap Roots: 0.50ms
[3661.853s][info][gc,phases      ] GC(864)   Evacuate Collection Set: 115.53ms
[3661.853s][info][gc,phases      ] GC(864)   Post Evacuate Collection Set: 0.90ms
[3661.853s][info][gc,phases      ] GC(864)   Other: 0.09ms
[3661.853s][info][gc,heap        ] GC(864) Eden regions: 1116->0(1107)
[3661.853s][info][gc,heap        ] GC(864) Survivor regions: 112->111(154)
[3661.853s][info][gc,heap        ] GC(864) Old regions: 504->536
[3661.853s][info][gc,heap        ] GC(864) Humongous regions: 80->80
[3661.853s][info][gc,metaspace   ] GC(864) Metaspace: 28906K(29312K)->28906K(29312K) NonClass: 24038K(24256K)->24038K(24256K) Class: 4868K(5056K)->4868K(5056K)
[3661.853s][info][gc             ] GC(864) Pause Young (Prepare Mixed) (G1 Evacuation Pause) 3622M->1451M(4096M) 117.497ms
[3661.853s][info][gc,cpu         ] GC(864) User=0.69s Sys=0.00s Real=0.12s
..[3664.670s][info][gc,start       ] GC(865) Pause Young (Mixed) (G1 Evacuation Pause)
[3664.670s][info][gc,task        ] GC(865) Using 6 workers of 6 for evacuation
[3664.803s][info][gc,phases      ] GC(865)   Pre Evacuate Collection Set: 0.36ms
[3664.803s][info][gc,phases      ] GC(865)   Merge Heap Roots: 0.64ms
[3664.803s][info][gc,phases      ] GC(865)   Evacuate Collection Set: 131.03ms
[3664.803s][info][gc,phases      ] GC(865)   Post Evacuate Collection Set: 0.93ms
[3664.803s][info][gc,phases      ] GC(865)   Other: 0.09ms
[3664.803s][info][gc,heap        ] GC(865) Eden regions: 1107->0(1119)
[3664.803s][info][gc,heap        ] GC(865) Survivor regions: 111->109(153)
[3664.803s][info][gc,heap        ] GC(865) Old regions: 536->471
[3664.803s][info][gc,heap        ] GC(865) Humongous regions: 80->80
[3664.803s][info][gc,metaspace   ] GC(865) Metaspace: 28906K(29312K)->28906K(29312K) NonClass: 24038K(24256K)->24038K(24256K) Class: 4868K(5056K)->4868K(5056K)
[3664.803s][info][gc             ] GC(865) Pause Young (Mixed) (G1 Evacuation Pause) 3665M->1318M(4096M) 133.195ms
[3664.803s][info][gc,cpu         ] GC(865) User=0.79s Sys=0.00s Real=0.14s
...[3667.633s][info][gc,start       ] GC(866) Pause Young (Concurrent Start) (G1 Evacuation Pause)
[3667.633s][info][gc,task        ] GC(866) Using 6 workers of 6 for evacuation
[3667.751s][info][gc,phases      ] GC(866)   Pre Evacuate Collection Set: 0.40ms
[3667.751s][info][gc,phases      ] GC(866)   Merge Heap Roots: 0.48ms
[3667.751s][info][gc,phases      ] GC(866)   Evacuate Collection Set: 115.87ms
[3667.751s][info][gc,phases      ] GC(866)   Post Evacuate Collection Set: 0.86ms
[3667.751s][info][gc,phases      ] GC(866)   Other: 0.13ms
[3667.751s][info][gc,heap        ] GC(866) Eden regions: 1119->0(1118)
[3667.751s][info][gc,heap        ] GC(866) Survivor regions: 109->110(154)
[3667.751s][info][gc,heap        ] GC(866) Old regions: 471->503
[3667.751s][info][gc,heap        ] GC(866) Humongous regions: 80->80
[3667.751s][info][gc,metaspace   ] GC(866) Metaspace: 28906K(29312K)->28906K(29312K) NonClass: 24038K(24256K)->24038K(24256K) Class: 4868K(5056K)->4868K(5056K)
[3667.751s][info][gc             ] GC(866) Pause Young (Concurrent Start) (G1 Evacuation Pause) 3556M->1383M(4096M) 117.880ms
[3667.751s][info][gc             ] GC(867) Concurrent Mark Cycle
[3667.751s][info][gc,marking     ] GC(867) Concurrent Scan Root Regions
[3667.751s][info][gc,cpu         ] GC(866) User=0.70s Sys=0.00s Real=0.11s
.[3667.950s][info][gc,marking     ] GC(867) Concurrent Scan Root Regions 198.886ms
[3667.950s][info][gc,marking     ] GC(867) Concurrent Mark
[3667.950s][info][gc,marking     ] GC(867) Concurrent Mark From Roots
[3667.950s][info][gc,task        ] GC(867) Using 2 workers of 2 for marking
[3668.801s][info][gc,marking     ] GC(867) Concurrent Mark From Roots 851.536ms
[3668.801s][info][gc,marking     ] GC(867) Concurrent Preclean
[3668.801s][info][gc,marking     ] GC(867) Concurrent Preclean 0.087ms
[3668.802s][info][gc,start       ] GC(867) Pause Remark
[3668.809s][info][gc             ] GC(867) Pause Remark 2257M->2257M(4096M) 7.000ms
[3668.809s][info][gc,cpu         ] GC(867) User=0.04s Sys=0.00s Real=0.00s
[3668.809s][info][gc,marking     ] GC(867) Concurrent Mark 858.881ms
[3668.809s][info][gc,marking     ] GC(867) Concurrent Rebuild Remembered Sets and Scrub Regions
.[3669.083s][info][gc,marking     ] GC(867) Concurrent Rebuild Remembered Sets and Scrub Regions 274.323ms
[3669.083s][info][gc,start       ] GC(867) Pause Cleanup
[3669.083s][info][gc             ] GC(867) Pause Cleanup 2449M->2449M(4096M) 0.121ms
[3669.083s][info][gc,cpu         ] GC(867) User=0.00s Sys=0.00s Real=0.00s
[3669.083s][info][gc,marking     ] GC(867) Concurrent Clear Claimed Marks
[3669.083s][info][gc,marking     ] GC(867) Concurrent Clear Claimed Marks 0.025ms
[3669.083s][info][gc,marking     ] GC(867) Concurrent Cleanup for Next Mark
[3669.087s][info][gc,marking     ] GC(867) Concurrent Cleanup for Next Mark 3.509ms
[3669.087s][info][gc             ] GC(867) Concurrent Mark Cycle 1336.038ms
.[3670.603s][info][gc,start       ] GC(868) Pause Young (Prepare Mixed) (G1 Evacuation Pause)
[3670.603s][info][gc,task        ] GC(868) Using 6 workers of 6 for evacuation
[3670.720s][info][gc,phases      ] GC(868)   Pre Evacuate Collection Set: 0.33ms
[3670.720s][info][gc,phases      ] GC(868)   Merge Heap Roots: 0.53ms
[3670.720s][info][gc,phases      ] GC(868)   Evacuate Collection Set: 115.05ms
[3670.720s][info][gc,phases      ] GC(868)   Post Evacuate Collection Set: 0.88ms
[3670.720s][info][gc,phases      ] GC(868)   Other: 0.09ms
[3670.720s][info][gc,heap        ] GC(868) Eden regions: 1118->0(1111)
[3670.720s][info][gc,heap        ] GC(868) Survivor regions: 110->110(154)
[3670.720s][info][gc,heap        ] GC(868) Old regions: 503->534
[3670.720s][info][gc,heap        ] GC(868) Humongous regions: 80->80
[3670.720s][info][gc,metaspace   ] GC(868) Metaspace: 28906K(29312K)->28906K(29312K) NonClass: 24038K(24256K)->24038K(24256K) Class: 4868K(5056K)->4868K(5056K)
[3670.720s][info][gc             ] GC(868) Pause Young (Prepare Mixed) (G1 Evacuation Pause) 3619M->1446M(4096M) 117.007ms
[3670.720s][info][gc,cpu         ] GC(868) User=0.70s Sys=0.00s Real=0.11s
... (rIR:aIR:PR = 6365:6365:6365) (tPR = 94618) [OK] 
  3672s: Performance info:
         Transaction,    Success,    Partial,     Failed,   Receipts, AvgBarcode, 
             Overall,     386067,          0,          0,     366750,      59.47, 
         Response times:
             Request,    Success,    Partial,     Failed,   SkipFail,     Probes,    Samples,      min,      p50,      p90,      p95,      p99,      max, 
       TotalPurchase,     366750,          0,          0,          0,     358819,     390623,      300,     5400,    39000,    75000,   132000,   306000,
     InStorePurchase,     193066,          0,          0,          0,     189188,     205443,      300,     5500,    39000,    75000,   133000,   266000,
      OnlinePurchase,     135093,          0,          0,          0,     132192,     144067,      300,     5500,    39000,    75000,   132000,   306000,
        InstPurchase,      38591,          0,          0,          0,      37439,      41113,      400,     5000,    36000,    71000,   129000,   257000,
          AssocOfCat,        388,          0,          0,          0,        325,        445,    24000,    37000,    91200,   134000,   193540,   242000,
      AssocOfProduct,       3867,          0,          0,          0,       3597,       4173,      300,     5100,    35000,    73000,   128520,   232000,
      BusinessReport,        964,          0,          0,          0,        830,       1025,    26000,    40000,    92200,   132700,   200740,   275000,
          CustBuyBeh,       3863,          0,          0,          0,       3593,       4077,      700,     5400,    40000,    74000,   126000,   178000,
       ProductReturn,      10235,          0,          0,          0,       9687,      10754,      200,     6200,    45000,    80000,   138450,   226000,

  3672s: (47%)   IR =   6503 [3673.510s][info][gc,start       ] GC(869) Pause Young (Mixed) (G1 Evacuation Pause)
[3673.510s][info][gc,task        ] GC(869) Using 6 workers of 6 for evacuation
[3673.640s][info][gc,phases      ] GC(869)   Pre Evacuate Collection Set: 0.34ms
[3673.640s][info][gc,phases      ] GC(869)   Merge Heap Roots: 0.66ms
[3673.640s][info][gc,phases      ] GC(869)   Evacuate Collection Set: 128.69ms
[3673.641s][info][gc,phases      ] GC(869)   Post Evacuate Collection Set: 0.97ms
[3673.641s][info][gc,phases      ] GC(869)   Other: 0.09ms
[3673.641s][info][gc,heap        ] GC(869) Eden regions: 1111->0(1120)
[3673.641s][info][gc,heap        ] GC(869) Survivor regions: 110->108(153)
[3673.641s][info][gc,heap        ] GC(869) Old regions: 534->474
[3673.641s][info][gc,heap        ] GC(869) Humongous regions: 80->80
[3673.641s][info][gc,metaspace   ] GC(869) Metaspace: 28907K(29312K)->28907K(29312K) NonClass: 24039K(24256K)->24039K(24256K) Class: 4868K(5056K)->4868K(5056K)
[3673.641s][info][gc             ] GC(869) Pause Young (Mixed) (G1 Evacuation Pause) 3668M->1321M(4096M) 130.887ms
[3673.641s][info][gc,cpu         ] GC(869) User=0.78s Sys=0.00s Real=0.13s
...[3676.455s][info][gc,start       ] GC(870) Pause Young (Concurrent Start) (G1 Evacuation Pause)
[3676.455s][info][gc,task        ] GC(870) Using 6 workers of 6 for evacuation
[3676.573s][info][gc,phases      ] GC(870)   Pre Evacuate Collection Set: 0.38ms
[3676.573s][info][gc,phases      ] GC(870)   Merge Heap Roots: 0.48ms
[3676.573s][info][gc,phases      ] GC(870)   Evacuate Collection Set: 116.22ms
[3676.573s][info][gc,phases      ] GC(870)   Post Evacuate Collection Set: 0.89ms
[3676.573s][info][gc,phases      ] GC(870)   Other: 0.12ms
[3676.573s][info][gc,heap        ] GC(870) Eden regions: 1120->0(1119)
[3676.573s][info][gc,heap        ] GC(870) Survivor regions: 108->109(154)
[3676.573s][info][gc,heap        ] GC(870) Old regions: 474->505
[3676.573s][info][gc,heap        ] GC(870) Humongous regions: 80->80
[3676.573s][info][gc,metaspace   ] GC(870) Metaspace: 28907K(29312K)->28907K(29312K) NonClass: 24039K(24256K)->24039K(24256K) Class: 4868K(5056K)->4868K(5056K)
[3676.573s][info][gc             ] GC(870) Pause Young (Concurrent Start) (G1 Evacuation Pause) 3561M->1386M(4096M) 118.223ms
[3676.573s][info][gc             ] GC(871) Concurrent Mark Cycle
[3676.573s][info][gc,marking     ] GC(871) Concurrent Scan Root Regions
[3676.573s][info][gc,cpu         ] GC(870) User=0.71s Sys=0.00s Real=0.12s
[3676.759s][info][gc,marking     ] GC(871) Concurrent Scan Root Regions 185.408ms
[3676.759s][info][gc,marking     ] GC(871) Concurrent Mark
[3676.759s][info][gc,marking     ] GC(871) Concurrent Mark From Roots
[3676.759s][info][gc,task        ] GC(871) Using 2 workers of 2 for marking
.[3677.631s][info][gc,marking     ] GC(871) Concurrent Mark From Roots 871.904ms
[3677.631s][info][gc,marking     ] GC(871) Concurrent Preclean
[3677.631s][info][gc,marking     ] GC(871) Concurrent Preclean 0.132ms
[3677.632s][info][gc,start       ] GC(871) Pause Remark
[3677.639s][info][gc             ] GC(871) Pause Remark 2232M->2232M(4096M) 6.498ms
[3677.639s][info][gc,cpu         ] GC(871) User=0.04s Sys=0.00s Real=0.00s
[3677.639s][info][gc,marking     ] GC(871) Concurrent Mark 879.856ms
[3677.639s][info][gc,marking     ] GC(871) Concurrent Rebuild Remembered Sets and Scrub Regions
[3677.932s][info][gc,marking     ] GC(871) Concurrent Rebuild Remembered Sets and Scrub Regions 293.193ms
[3677.932s][info][gc,start       ] GC(871) Pause Cleanup
[3677.932s][info][gc             ] GC(871) Pause Cleanup 2459M->2459M(4096M) 0.118ms
[3677.932s][info][gc,cpu         ] GC(871) User=0.00s Sys=0.00s Real=0.00s
[3677.932s][info][gc,marking     ] GC(871) Concurrent Clear Claimed Marks
[3677.932s][info][gc,marking     ] GC(871) Concurrent Clear Claimed Marks 0.026ms
[3677.932s][info][gc,marking     ] GC(871) Concurrent Cleanup for Next Mark
[3677.937s][info][gc,marking     ] GC(871) Concurrent Cleanup for Next Mark 4.434ms
[3677.937s][info][gc             ] GC(871) Concurrent Mark Cycle 1363.472ms
..[3679.364s][info][gc,start       ] GC(872) Pause Young (Prepare Mixed) (G1 Evacuation Pause)
[3679.364s][info][gc,task        ] GC(872) Using 6 workers of 6 for evacuation
[3679.482s][info][gc,phases      ] GC(872)   Pre Evacuate Collection Set: 0.32ms
[3679.482s][info][gc,phases      ] GC(872)   Merge Heap Roots: 0.51ms
[3679.482s][info][gc,phases      ] GC(872)   Evacuate Collection Set: 116.19ms
[3679.482s][info][gc,phases      ] GC(872)   Post Evacuate Collection Set: 0.91ms
[3679.482s][info][gc,phases      ] GC(872)   Other: 0.09ms
[3679.482s][info][gc,heap        ] GC(872) Eden regions: 1119->0(1107)
[3679.482s][info][gc,heap        ] GC(872) Survivor regions: 109->111(154)
[3679.482s][info][gc,heap        ] GC(872) Old regions: 505->536
[3679.482s][info][gc,heap        ] GC(872) Humongous regions: 80->80
[3679.482s][info][gc,metaspace   ] GC(872) Metaspace: 28907K(29312K)->28907K(29312K) NonClass: 24039K(24256K)->24039K(24256K) Class: 4868K(5056K)->4868K(5056K)
[3679.482s][info][gc             ] GC(872) Pause Young (Prepare Mixed) (G1 Evacuation Pause) 3624M->1453M(4096M) 118.175ms
[3679.482s][info][gc,cpu         ] GC(872) User=0.71s Sys=0.00s Real=0.12s
.|..[3682.204s][info][gc,start       ] GC(873) Pause Young (Mixed) (G1 Evacuation Pause)
[3682.204s][info][gc,task        ] GC(873) Using 6 workers of 6 for evacuation
[3682.332s][info][gc,phases      ] GC(873)   Pre Evacuate Collection Set: 0.32ms
[3682.332s][info][gc,phases      ] GC(873)   Merge Heap Roots: 0.62ms
[3682.332s][info][gc,phases      ] GC(873)   Evacuate Collection Set: 126.45ms
[3682.332s][info][gc,phases      ] GC(873)   Post Evacuate Collection Set: 0.93ms
[3682.332s][info][gc,phases      ] GC(873)   Other: 0.09ms
[3682.332s][info][gc,heap        ] GC(873) Eden regions: 1107->0(1122)
[3682.332s][info][gc,heap        ] GC(873) Survivor regions: 111->106(153)
[3682.332s][info][gc,heap        ] GC(873) Old regions: 536->472
[3682.332s][info][gc,heap        ] GC(873) Humongous regions: 80->80
[3682.332s][info][gc,metaspace   ] GC(873) Metaspace: 28907K(29312K)->28907K(29312K) NonClass: 24039K(24256K)->24039K(24256K) Class: 4868K(5056K)->4868K(5056K)
[3682.332s][info][gc             ] GC(873) Pause Young (Mixed) (G1 Evacuation Pause) 3667M->1314M(4096M) 128.556ms
[3682.332s][info][gc,cpu         ] GC(873) User=0.77s Sys=0.00s Real=0.13s
...[3685.197s][info][gc,start       ] GC(874) Pause Young (Concurrent Start) (G1 Evacuation Pause)
[3685.197s][info][gc,task        ] GC(874) Using 6 workers of 6 for evacuation
[3685.319s][info][gc,phases      ] GC(874)   Pre Evacuate Collection Set: 0.39ms
[3685.319s][info][gc,phases      ] GC(874)   Merge Heap Roots: 0.48ms
[3685.319s][info][gc,phases      ] GC(874)   Evacuate Collection Set: 120.00ms
[3685.319s][info][gc,phases      ] GC(874)   Post Evacuate Collection Set: 0.89ms
[3685.319s][info][gc,phases      ] GC(874)   Other: 0.13ms
[3685.319s][info][gc,heap        ] GC(874) Eden regions: 1122->0(1113)
[3685.319s][info][gc,heap        ] GC(874) Survivor regions: 106->115(154)
[3685.319s][info][gc,heap        ] GC(874) Old regions: 472->504
[3685.319s][info][gc,heap        ] GC(874) Humongous regions: 80->80
[3685.319s][info][gc,metaspace   ] GC(874) Metaspace: 28907K(29312K)->28907K(29312K) NonClass: 24039K(24256K)->24039K(24256K) Class: 4868K(5056K)->4868K(5056K)
[3685.319s][info][gc             ] GC(874) Pause Young (Concurrent Start) (G1 Evacuation Pause) 3558M->1395M(4096M) 122.024ms
[3685.319s][info][gc             ] GC(875) Concurrent Mark Cycle
[3685.319s][info][gc,marking     ] GC(875) Concurrent Scan Root Regions
[3685.319s][info][gc,cpu         ] GC(874) User=0.73s Sys=0.00s Real=0.12s
[3685.513s][info][gc,marking     ] GC(875) Concurrent Scan Root Regions 193.501ms
[3685.513s][info][gc,marking     ] GC(875) Concurrent Mark
[3685.513s][info][gc,marking     ] GC(875) Concurrent Mark From Roots
[3685.513s][info][gc,task        ] GC(875) Using 2 workers of 2 for marking
.[3686.271s][info][gc,marking     ] GC(875) Concurrent Mark From Roots 757.883ms
[3686.271s][info][gc,marking     ] GC(875) Concurrent Preclean
[3686.271s][info][gc,marking     ] GC(875) Concurrent Preclean 0.141ms
[3686.271s][info][gc,start       ] GC(875) Pause Remark
[3686.277s][info][gc             ] GC(875) Pause Remark 2189M->2189M(4096M) 5.724ms
[3686.277s][info][gc,cpu         ] GC(875) User=0.04s Sys=0.00s Real=0.00s
[3686.277s][info][gc,marking     ] GC(875) Concurrent Mark 764.115ms
[3686.277s][info][gc,marking     ] GC(875) Concurrent Rebuild Remembered Sets and Scrub Regions
[3686.594s][info][gc,marking     ] GC(875) Concurrent Rebuild Remembered Sets and Scrub Regions 317.133ms
[3686.595s][info][gc,start       ] GC(875) Pause Cleanup
[3686.595s][info][gc             ] GC(875) Pause Cleanup 2443M->2443M(4096M) 0.120ms
[3686.595s][info][gc,cpu         ] GC(875) User=0.00s Sys=0.00s Real=0.00s
[3686.595s][info][gc,marking     ] GC(875) Concurrent Clear Claimed Marks
[3686.595s][info][gc,marking     ] GC(875) Concurrent Clear Claimed Marks 0.026ms
[3686.595s][info][gc,marking     ] GC(875) Concurrent Cleanup for Next Mark
[3686.601s][info][gc,marking     ] GC(875) Concurrent Cleanup for Next Mark 6.225ms
[3686.601s][info][gc             ] GC(875) Concurrent Mark Cycle 1282.063ms
.[3688.014s][info][gc,start       ] GC(876) Pause Young (Prepare Mixed) (G1 Evacuation Pause)
[3688.014s][info][gc,task        ] GC(876) Using 6 workers of 6 for evacuation
[3688.134s][info][gc,phases      ] GC(876)   Pre Evacuate Collection Set: 0.31ms
[3688.134s][info][gc,phases      ] GC(876)   Merge Heap Roots: 0.53ms
[3688.134s][info][gc,phases      ] GC(876)   Evacuate Collection Set: 118.11ms
[3688.134s][info][gc,phases      ] GC(876)   Post Evacuate Collection Set: 0.85ms
[3688.134s][info][gc,phases      ] GC(876)   Other: 0.07ms
[3688.134s][info][gc,heap        ] GC(876) Eden regions: 1113->0(1106)
[3688.134s][info][gc,heap        ] GC(876) Survivor regions: 115->112(154)
[3688.134s][info][gc,heap        ] GC(876) Old regions: 504->535
[3688.134s][info][gc,heap        ] GC(876) Humongous regions: 80->80
[3688.134s][info][gc,metaspace   ] GC(876) Metaspace: 28907K(29312K)->28907K(29312K) NonClass: 24039K(24256K)->24039K(24256K) Class: 4868K(5056K)->4868K(5056K)
[3688.134s][info][gc             ] GC(876) Pause Young (Prepare Mixed) (G1 Evacuation Pause) 3621M->1451M(4096M) 119.991ms
[3688.134s][info][gc,cpu         ] GC(876) User=0.71s Sys=0.00s Real=0.12s
...[3690.876s][info][gc,start       ] GC(877) Pause Young (Mixed) (G1 Evacuation Pause)
[3690.876s][info][gc,task        ] GC(877) Using 6 workers of 6 for evacuation
[3691.012s][info][gc,phases      ] GC(877)   Pre Evacuate Collection Set: 0.35ms
[3691.012s][info][gc,phases      ] GC(877)   Merge Heap Roots: 0.66ms
[3691.012s][info][gc,phases      ] GC(877)   Evacuate Collection Set: 133.99ms
[3691.012s][info][gc,phases      ] GC(877)   Post Evacuate Collection Set: 0.95ms
[3691.012s][info][gc,phases      ] GC(877)   Other: 0.09ms
[3691.012s][info][gc,heap        ] GC(877) Eden regions: 1106->0(1117)
[3691.012s][info][gc,heap        ] GC(877) Survivor regions: 112->111(153)
[3691.012s][info][gc,heap        ] GC(877) Old regions: 535->473
[3691.012s][info][gc,heap        ] GC(877) Humongous regions: 80->80
[3691.012s][info][gc,metaspace   ] GC(877) Metaspace: 28907K(29312K)->28907K(29312K) NonClass: 24039K(24256K)->24039K(24256K) Class: 4868K(5056K)->4868K(5056K)
[3691.012s][info][gc             ] GC(877) Pause Young (Mixed) (G1 Evacuation Pause) 3663M->1325M(4096M) 136.166ms
[3691.012s][info][gc,cpu         ] GC(877) User=0.81s Sys=0.00s Real=0.14s
...[3693.825s][info][gc,start       ] GC(878) Pause Young (Concurrent Start) (G1 Evacuation Pause)
[3693.825s][info][gc,task        ] GC(878) Using 6 workers of 6 for evacuation
[3693.942s][info][gc,phases      ] GC(878)   Pre Evacuate Collection Set: 0.34ms
[3693.942s][info][gc,phases      ] GC(878)   Merge Heap Roots: 0.44ms
[3693.942s][info][gc,phases      ] GC(878)   Evacuate Collection Set: 115.49ms
[3693.942s][info][gc,phases      ] GC(878)   Post Evacuate Collection Set: 0.88ms
[3693.942s][info][gc,phases      ] GC(878)   Other: 0.11ms
[3693.942s][info][gc,heap        ] GC(878) Eden regions: 1117->0(1117)
[3693.942s][info][gc,heap        ] GC(878) Survivor regions: 111->111(154)
[3693.942s][info][gc,heap        ] GC(878) Old regions: 473->504
[3693.942s][info][gc,heap        ] GC(878) Humongous regions: 80->80
[3693.942s][info][gc,metaspace   ] GC(878) Metaspace: 28907K(29312K)->28907K(29312K) NonClass: 24039K(24256K)->24039K(24256K) Class: 4868K(5056K)->4868K(5056K)
[3693.943s][info][gc             ] GC(878) Pause Young (Concurrent Start) (G1 Evacuation Pause) 3559M->1387M(4096M) 117.398ms
[3693.943s][info][gc             ] GC(879) Concurrent Mark Cycle
[3693.943s][info][gc,marking     ] GC(879) Concurrent Scan Root Regions
[3693.943s][info][gc,cpu         ] GC(878) User=0.70s Sys=0.00s Real=0.12s
[3694.090s][info][gc,marking     ] GC(879) Concurrent Scan Root Regions 147.544ms
[3694.090s][info][gc,marking     ] GC(879) Concurrent Mark
[3694.090s][info][gc,marking     ] GC(879) Concurrent Mark From Roots
[3694.090s][info][gc,task        ] GC(879) Using 2 workers of 2 for marking
.[3694.791s][info][gc,marking     ] GC(879) Concurrent Mark From Roots 700.420ms
[3694.791s][info][gc,marking     ] GC(879) Concurrent Preclean
[3694.791s][info][gc,marking     ] GC(879) Concurrent Preclean 0.100ms
[3694.791s][info][gc,start       ] GC(879) Pause Remark
[3694.796s][info][gc             ] GC(879) Pause Remark 2106M->2106M(4096M) 5.550ms
[3694.796s][info][gc,cpu         ] GC(879) User=0.03s Sys=0.00s Real=0.01s
[3694.797s][info][gc,marking     ] GC(879) Concurrent Mark 706.397ms
[3694.797s][info][gc,marking     ] GC(879) Concurrent Rebuild Remembered Sets and Scrub Regions
[3695.057s][info][gc,marking     ] GC(879) Concurrent Rebuild Remembered Sets and Scrub Regions 260.078ms
[3695.057s][info][gc,start       ] GC(879) Pause Cleanup
[3695.057s][info][gc             ] GC(879) Pause Cleanup 2343M->2343M(4096M) 0.106ms
[3695.057s][info][gc,cpu         ] GC(879) User=0.00s Sys=0.00s Real=0.00s
[3695.057s][info][gc,marking     ] GC(879) Concurrent Clear Claimed Marks
[3695.057s][info][gc,marking     ] GC(879) Concurrent Clear Claimed Marks 0.022ms
[3695.057s][info][gc,marking     ] GC(879) Concurrent Cleanup for Next Mark
[3695.062s][info][gc,marking     ] GC(879) Concurrent Cleanup for Next Mark 4.939ms
[3695.062s][info][gc             ] GC(879) Concurrent Mark Cycle 1119.468ms
..[3696.704s][info][gc,start       ] GC(880) Pause Young (Prepare Mixed) (G1 Evacuation Pause)
[3696.704s][info][gc,task        ] GC(880) Using 6 workers of 6 for evacuation
[3696.823s][info][gc,phases      ] GC(880)   Pre Evacuate Collection Set: 0.34ms
[3696.823s][info][gc,phases      ] GC(880)   Merge Heap Roots: 0.54ms
[3696.823s][info][gc,phases      ] GC(880)   Evacuate Collection Set: 117.79ms
[3696.823s][info][gc,phases      ] GC(880)   Post Evacuate Collection Set: 0.90ms
[3696.823s][info][gc,phases      ] GC(880)   Other: 0.08ms
[3696.823s][info][gc,heap        ] GC(880) Eden regions: 1117->0(1104)
[3696.823s][info][gc,heap        ] GC(880) Survivor regions: 111->113(154)
[3696.823s][info][gc,heap        ] GC(880) Old regions: 504->535
[3696.823s][info][gc,heap        ] GC(880) Humongous regions: 80->80
[3696.823s][info][gc,metaspace   ] GC(880) Metaspace: 28907K(29312K)->28907K(29312K) NonClass: 24039K(24256K)->24039K(24256K) Class: 4868K(5056K)->4868K(5056K)
[3696.823s][info][gc             ] GC(880) Pause Young (Prepare Mixed) (G1 Evacuation Pause) 3621M->1454M(4096M) 119.785ms
[3696.824s][info][gc,cpu         ] GC(880) User=0.72s Sys=0.00s Real=0.12s
...[3699.559s][info][gc,start       ] GC(881) Pause Young (Mixed) (G1 Evacuation Pause)
[3699.559s][info][gc,task        ] GC(881) Using 6 workers of 6 for evacuation
[3699.691s][info][gc,phases      ] GC(881)   Pre Evacuate Collection Set: 0.35ms
[3699.691s][info][gc,phases      ] GC(881)   Merge Heap Roots: 0.66ms
[3699.691s][info][gc,phases      ] GC(881)   Evacuate Collection Set: 130.03ms
[3699.691s][info][gc,phases      ] GC(881)   Post Evacuate Collection Set: 0.94ms
[3699.691s][info][gc,phases      ] GC(881)   Other: 0.09ms
[3699.691s][info][gc,heap        ] GC(881) Eden regions: 1104->0(1119)
[3699.691s][info][gc,heap        ] GC(881) Survivor regions: 113->109(153)
[3699.691s][info][gc,heap        ] GC(881) Old regions: 535->472
[3699.691s][info][gc,heap        ] GC(881) Humongous regions: 80->80
[3699.691s][info][gc,metaspace   ] GC(881) Metaspace: 28907K(29312K)->28907K(29312K) NonClass: 24039K(24256K)->24039K(24256K) Class: 4868K(5056K)->4868K(5056K)
[3699.691s][info][gc             ] GC(881) Pause Young (Mixed) (G1 Evacuation Pause) 3662M->1320M(4096M) 132.196ms
[3699.691s][info][gc,cpu         ] GC(881) User=0.79s Sys=0.00s Real=0.13s
...[3702.450s][info][gc,start       ] GC(882) Pause Young (Concurrent Start) (G1 Evacuation Pause)
[3702.450s][info][gc,task        ] GC(882) Using 6 workers of 6 for evacuation
[3702.567s][info][gc,phases      ] GC(882)   Pre Evacuate Collection Set: 0.38ms
[3702.567s][info][gc,phases      ] GC(882)   Merge Heap Roots: 0.46ms
[3702.567s][info][gc,phases      ] GC(882)   Evacuate Collection Set: 115.10ms
[3702.567s][info][gc,phases      ] GC(882)   Post Evacuate Collection Set: 0.86ms
[3702.567s][info][gc,phases      ] GC(882)   Other: 0.12ms
[3702.567s][info][gc,heap        ] GC(882) Eden regions: 1119->0(1119)
[3702.567s][info][gc,heap        ] GC(882) Survivor regions: 109->109(154)
[3702.567s][info][gc,heap        ] GC(882) Old regions: 472->504
[3702.567s][info][gc,heap        ] GC(882) Humongous regions: 80->80
[3702.567s][info][gc,metaspace   ] GC(882) Metaspace: 28907K(29312K)->28907K(29312K) NonClass: 24039K(24256K)->24039K(24256K) Class: 4868K(5056K)->4868K(5056K)
[3702.567s][info][gc             ] GC(882) Pause Young (Concurrent Start) (G1 Evacuation Pause) 3558M->1385M(4096M) 117.058ms
[3702.567s][info][gc             ] GC(883) Concurrent Mark Cycle
[3702.567s][info][gc,marking     ] GC(883) Concurrent Scan Root Regions
[3702.567s][info][gc,cpu         ] GC(882) User=0.70s Sys=0.00s Real=0.12s
[3702.709s][info][gc,marking     ] GC(883) Concurrent Scan Root Regions 141.782ms
[3702.709s][info][gc,marking     ] GC(883) Concurrent Mark
[3702.709s][info][gc,marking     ] GC(883) Concurrent Mark From Roots
[3702.709s][info][gc,task        ] GC(883) Using 2 workers of 2 for marking
.[3703.413s][info][gc,marking     ] GC(883) Concurrent Mark From Roots 703.887ms
[3703.413s][info][gc,marking     ] GC(883) Concurrent Preclean
[3703.413s][info][gc,marking     ] GC(883) Concurrent Preclean 0.066ms
[3703.413s][info][gc,start       ] GC(883) Pause Remark
[3703.419s][info][gc             ] GC(883) Pause Remark 2097M->2097M(4096M) 5.931ms
[3703.419s][info][gc,cpu         ] GC(883) User=0.04s Sys=0.00s Real=0.00s
[3703.419s][info][gc,marking     ] GC(883) Concurrent Mark 710.146ms
[3703.419s][info][gc,marking     ] GC(883) Concurrent Rebuild Remembered Sets and Scrub Regions
[3703.713s][info][gc,marking     ] GC(883) Concurrent Rebuild Remembered Sets and Scrub Regions 293.664ms
[3703.713s][info][gc,start       ] GC(883) Pause Cleanup
[3703.713s][info][gc             ] GC(883) Pause Cleanup 2328M->2328M(4096M) 0.122ms
[3703.713s][info][gc,cpu         ] GC(883) User=0.00s Sys=0.00s Real=0.00s
[3703.713s][info][gc,marking     ] GC(883) Concurrent Clear Claimed Marks
[3703.713s][info][gc,marking     ] GC(883) Concurrent Clear Claimed Marks 0.031ms
[3703.713s][info][gc,marking     ] GC(883) Concurrent Cleanup for Next Mark
[3703.718s][info][gc,marking     ] GC(883) Concurrent Cleanup for Next Mark 4.084ms
[3703.718s][info][gc             ] GC(883) Concurrent Mark Cycle 1150.252ms
..[3705.376s][info][gc,start       ] GC(884) Pause Young (Prepare Mixed) (G1 Evacuation Pause)
[3705.376s][info][gc,task        ] GC(884) Using 6 workers of 6 for evacuation
[3705.491s][info][gc,phases      ] GC(884)   Pre Evacuate Collection Set: 0.33ms
[3705.491s][info][gc,phases      ] GC(884)   Merge Heap Roots: 0.47ms
[3705.491s][info][gc,phases      ] GC(884)   Evacuate Collection Set: 112.53ms
[3705.491s][info][gc,phases      ] GC(884)   Post Evacuate Collection Set: 0.90ms
[3705.491s][info][gc,phases      ] GC(884)   Other: 0.10ms
[3705.491s][info][gc,heap        ] GC(884) Eden regions: 1119->0(1114)
[3705.491s][info][gc,heap        ] GC(884) Survivor regions: 109->108(154)
[3705.491s][info][gc,heap        ] GC(884) Old regions: 504->535
[3705.491s][info][gc,heap        ] GC(884) Humongous regions: 80->80
[3705.491s][info][gc,metaspace   ] GC(884) Metaspace: 28907K(29312K)->28907K(29312K) NonClass: 24039K(24256K)->24039K(24256K) Class: 4868K(5056K)->4868K(5056K)
[3705.491s][info][gc             ] GC(884) Pause Young (Prepare Mixed) (G1 Evacuation Pause) 3623M->1445M(4096M) 114.474ms
[3705.491s][info][gc,cpu         ] GC(884) User=0.68s Sys=0.00s Real=0.11s
..[3708.251s][info][gc,start       ] GC(885) Pause Young (Mixed) (G1 Evacuation Pause)
[3708.251s][info][gc,task        ] GC(885) Using 6 workers of 6 for evacuation
[3708.380s][info][gc,phases      ] GC(885)   Pre Evacuate Collection Set: 0.37ms
[3708.380s][info][gc,phases      ] GC(885)   Merge Heap Roots: 0.64ms
[3708.380s][info][gc,phases      ] GC(885)   Evacuate Collection Set: 126.62ms
[3708.380s][info][gc,phases      ] GC(885)   Post Evacuate Collection Set: 0.92ms
[3708.380s][info][gc,phases      ] GC(885)   Other: 0.09ms
[3708.380s][info][gc,heap        ] GC(885) Eden regions: 1114->0(1120)
[3708.380s][info][gc,heap        ] GC(885) Survivor regions: 108->108(153)
[3708.380s][info][gc,heap        ] GC(885) Old regions: 535->472
[3708.380s][info][gc,heap        ] GC(885) Humongous regions: 80->80
[3708.380s][info][gc,metaspace   ] GC(885) Metaspace: 28907K(29312K)->28907K(29312K) NonClass: 24039K(24256K)->24039K(24256K) Class: 4868K(5056K)->4868K(5056K)
[3708.380s][info][gc             ] GC(885) Pause Young (Mixed) (G1 Evacuation Pause) 3673M->1317M(4096M) 128.763ms
[3708.380s][info][gc,cpu         ] GC(885) User=0.76s Sys=0.00s Real=0.13s
...[3711.194s][info][gc,start       ] GC(886) Pause Young (Concurrent Start) (G1 Evacuation Pause)
[3711.194s][info][gc,task        ] GC(886) Using 6 workers of 6 for evacuation
[3711.315s][info][gc,phases      ] GC(886)   Pre Evacuate Collection Set: 0.38ms
[3711.315s][info][gc,phases      ] GC(886)   Merge Heap Roots: 0.44ms
[3711.315s][info][gc,phases      ] GC(886)   Evacuate Collection Set: 119.52ms
[3711.315s][info][gc,phases      ] GC(886)   Post Evacuate Collection Set: 0.86ms
[3711.315s][info][gc,phases      ] GC(886)   Other: 0.12ms
[3711.315s][info][gc,heap        ] GC(886) Eden regions: 1120->0(1114)
[3711.315s][info][gc,heap        ] GC(886) Survivor regions: 108->114(154)
[3711.315s][info][gc,heap        ] GC(886) Old regions: 472->503
[3711.315s][info][gc,heap        ] GC(886) Humongous regions: 80->80
[3711.315s][info][gc,metaspace   ] GC(886) Metaspace: 28907K(29312K)->28907K(29312K) NonClass: 24039K(24256K)->24039K(24256K) Class: 4868K(5056K)->4868K(5056K)
[3711.315s][info][gc             ] GC(886) Pause Young (Concurrent Start) (G1 Evacuation Pause) 3557M->1392M(4096M) 121.464ms
[3711.315s][info][gc             ] GC(887) Concurrent Mark Cycle
[3711.315s][info][gc,marking     ] GC(887) Concurrent Scan Root Regions
[3711.315s][info][gc,cpu         ] GC(886) User=0.73s Sys=0.00s Real=0.12s
.[3711.440s][info][gc,marking     ] GC(887) Concurrent Scan Root Regions 125.175ms
[3711.440s][info][gc,marking     ] GC(887) Concurrent Mark
[3711.440s][info][gc,marking     ] GC(887) Concurrent Mark From Roots
[3711.440s][info][gc,task        ] GC(887) Using 2 workers of 2 for marking
[3712.004s][info][gc,marking     ] GC(887) Concurrent Mark From Roots 563.443ms
[3712.004s][info][gc,marking     ] GC(887) Concurrent Preclean
[3712.004s][info][gc,marking     ] GC(887) Concurrent Preclean 0.083ms
[3712.004s][info][gc,start       ] GC(887) Pause Remark
[3712.009s][info][gc             ] GC(887) Pause Remark 1927M->1927M(4096M) 5.220ms
[3712.009s][info][gc,cpu         ] GC(887) User=0.03s Sys=0.00s Real=0.00s
[3712.010s][info][gc,marking     ] GC(887) Concurrent Mark 569.089ms
[3712.010s][info][gc,marking     ] GC(887) Concurrent Rebuild Remembered Sets and Scrub Regions
[3712.250s][info][gc,marking     ] GC(887) Concurrent Rebuild Remembered Sets and Scrub Regions 240.379ms
[3712.250s][info][gc,start       ] GC(887) Pause Cleanup
[3712.250s][info][gc             ] GC(887) Pause Cleanup 2145M->2145M(4096M) 0.114ms
[3712.250s][info][gc,cpu         ] GC(887) User=0.00s Sys=0.00s Real=0.00s
[3712.250s][info][gc,marking     ] GC(887) Concurrent Clear Claimed Marks
[3712.250s][info][gc,marking     ] GC(887) Concurrent Clear Claimed Marks 0.031ms
[3712.250s][info][gc,marking     ] GC(887) Concurrent Cleanup for Next Mark
[3712.255s][info][gc,marking     ] GC(887) Concurrent Cleanup for Next Mark 4.468ms
[3712.255s][info][gc             ] GC(887) Concurrent Mark Cycle 939.585ms
..[3714.045s][info][gc,start       ] GC(888) Pause Young (Prepare Mixed) (G1 Evacuation Pause)
[3714.045s][info][gc,task        ] GC(888) Using 6 workers of 6 for evacuation
[3714.163s][info][gc,phases      ] GC(888)   Pre Evacuate Collection Set: 0.32ms
[3714.163s][info][gc,phases      ] GC(888)   Merge Heap Roots: 0.50ms
[3714.163s][info][gc,phases      ] GC(888)   Evacuate Collection Set: 116.50ms
[3714.163s][info][gc,phases      ] GC(888)   Post Evacuate Collection Set: 0.88ms
[3714.163s][info][gc,phases      ] GC(888)   Other: 0.08ms
[3714.163s][info][gc,heap        ] GC(888) Eden regions: 1114->0(1109)
[3714.163s][info][gc,heap        ] GC(888) Survivor regions: 114->111(154)
[3714.163s][info][gc,heap        ] GC(888) Old regions: 503->534
[3714.163s][info][gc,heap        ] GC(888) Humongous regions: 80->80
[3714.163s][info][gc,metaspace   ] GC(888) Metaspace: 28907K(29312K)->28907K(29312K) NonClass: 24039K(24256K)->24039K(24256K) Class: 4868K(5056K)->4868K(5056K)
[3714.163s][info][gc             ] GC(888) Pause Young (Prepare Mixed) (G1 Evacuation Pause) 3620M->1449M(4096M) 118.415ms
[3714.164s][info][gc,cpu         ] GC(888) User=0.70s Sys=0.00s Real=0.12s
...[3716.954s][info][gc,start       ] GC(889) Pause Young (Mixed) (G1 Evacuation Pause)
[3716.954s][info][gc,task        ] GC(889) Using 6 workers of 6 for evacuation
[3717.086s][info][gc,phases      ] GC(889)   Pre Evacuate Collection Set: 0.34ms
[3717.086s][info][gc,phases      ] GC(889)   Merge Heap Roots: 0.56ms
[3717.086s][info][gc,phases      ] GC(889)   Evacuate Collection Set: 130.37ms
[3717.086s][info][gc,phases      ] GC(889)   Post Evacuate Collection Set: 0.90ms
[3717.086s][info][gc,phases      ] GC(889)   Other: 0.08ms
[3717.086s][info][gc,heap        ] GC(889) Eden regions: 1109->0(1117)
[3717.086s][info][gc,heap        ] GC(889) Survivor regions: 111->111(153)
[3717.086s][info][gc,heap        ] GC(889) Old regions: 534->470
[3717.086s][info][gc,heap        ] GC(889) Humongous regions: 80->80
[3717.086s][info][gc,metaspace   ] GC(889) Metaspace: 28907K(29312K)->28907K(29312K) NonClass: 24039K(24256K)->24039K(24256K) Class: 4868K(5056K)->4868K(5056K)
[3717.086s][info][gc             ] GC(889) Pause Young (Mixed) (G1 Evacuation Pause) 3667M->1321M(4096M) 132.376ms
[3717.086s][info][gc,cpu         ] GC(889) User=0.78s Sys=0.00s Real=0.13s
...[3719.832s][info][gc,start       ] GC(890) Pause Young (Concurrent Start) (G1 Evacuation Pause)
[3719.832s][info][gc,task        ] GC(890) Using 6 workers of 6 for evacuation
[3719.950s][info][gc,phases      ] GC(890)   Pre Evacuate Collection Set: 0.37ms
[3719.950s][info][gc,phases      ] GC(890)   Merge Heap Roots: 0.46ms
[3719.950s][info][gc,phases      ] GC(890)   Evacuate Collection Set: 115.76ms
[3719.950s][info][gc,phases      ] GC(890)   Post Evacuate Collection Set: 0.91ms
[3719.950s][info][gc,phases      ] GC(890)   Other: 0.12ms
[3719.950s][info][gc,heap        ] GC(890) Eden regions: 1117->0(1116)
[3719.950s][info][gc,heap        ] GC(890) Survivor regions: 111->112(154)
[3719.950s][info][gc,heap        ] GC(890) Old regions: 470->502
[3719.950s][info][gc,heap        ] GC(890) Humongous regions: 80->80
[3719.950s][info][gc,metaspace   ] GC(890) Metaspace: 28907K(29312K)->28907K(29312K) NonClass: 24039K(24256K)->24039K(24256K) Class: 4868K(5056K)->4868K(5056K)
[3719.950s][info][gc             ] GC(890) Pause Young (Concurrent Start) (G1 Evacuation Pause) 3555M->1385M(4096M) 117.784ms
[3719.950s][info][gc             ] GC(891) Concurrent Mark Cycle
[3719.950s][info][gc,marking     ] GC(891) Concurrent Scan Root Regions
[3719.950s][info][gc,cpu         ] GC(890) User=0.70s Sys=0.00s Real=0.11s
[3720.144s][info][gc,marking     ] GC(891) Concurrent Scan Root Regions 193.817ms
[3720.144s][info][gc,marking     ] GC(891) Concurrent Mark
[3720.144s][info][gc,marking     ] GC(891) Concurrent Mark From Roots
[3720.144s][info][gc,task        ] GC(891) Using 2 workers of 2 for marking
.[3721.002s][info][gc,marking     ] GC(891) Concurrent Mark From Roots 858.070ms
[3721.002s][info][gc,marking     ] GC(891) Concurrent Preclean
[3721.002s][info][gc,marking     ] GC(891) Concurrent Preclean 0.101ms
[3721.004s][info][gc,start       ] GC(891) Pause Remark
[3721.010s][info][gc             ] GC(891) Pause Remark 2247M->2247M(4096M) 6.516ms
[3721.010s][info][gc,cpu         ] GC(891) User=0.04s Sys=0.00s Real=0.00s
[3721.010s][info][gc,marking     ] GC(891) Concurrent Mark 866.543ms
[3721.010s][info][gc,marking     ] GC(891) Concurrent Rebuild Remembered Sets and Scrub Regions
[3721.308s][info][gc,marking     ] GC(891) Concurrent Rebuild Remembered Sets and Scrub Regions 297.770ms
[3721.308s][info][gc,start       ] GC(891) Pause Cleanup
[3721.308s][info][gc             ] GC(891) Pause Cleanup 2482M->2482M(4096M) 0.106ms
[3721.308s][info][gc,cpu         ] GC(891) User=0.00s Sys=0.00s Real=0.00s
[3721.309s][info][gc,marking     ] GC(891) Concurrent Clear Claimed Marks
[3721.309s][info][gc,marking     ] GC(891) Concurrent Clear Claimed Marks 0.022ms
[3721.309s][info][gc,marking     ] GC(891) Concurrent Cleanup for Next Mark
[3721.312s][info][gc,marking     ] GC(891) Concurrent Cleanup for Next Mark 3.651ms
[3721.312s][info][gc             ] GC(891) Concurrent Mark Cycle 1362.259ms
..[3722.747s][info][gc,start       ] GC(892) Pause Young (Prepare Mixed) (G1 Evacuation Pause)
[3722.747s][info][gc,task        ] GC(892) Using 6 workers of 6 for evacuation
[3722.867s][info][gc,phases      ] GC(892)   Pre Evacuate Collection Set: 0.31ms
[3722.867s][info][gc,phases      ] GC(892)   Merge Heap Roots: 0.48ms
[3722.867s][info][gc,phases      ] GC(892)   Evacuate Collection Set: 118.04ms
[3722.867s][info][gc,phases      ] GC(892)   Post Evacuate Collection Set: 0.91ms
[3722.867s][info][gc,phases      ] GC(892)   Other: 0.09ms
[3722.867s][info][gc,heap        ] GC(892) Eden regions: 1116->0(1111)
[3722.867s][info][gc,heap        ] GC(892) Survivor regions: 112->110(154)
[3722.867s][info][gc,heap        ] GC(892) Old regions: 502->534
[3722.867s][info][gc,heap        ] GC(892) Humongous regions: 80->80
[3722.867s][info][gc,metaspace   ] GC(892) Metaspace: 28907K(29312K)->28907K(29312K) NonClass: 24039K(24256K)->24039K(24256K) Class: 4868K(5056K)->4868K(5056K)
[3722.867s][info][gc             ] GC(892) Pause Young (Prepare Mixed) (G1 Evacuation Pause) 3617M->1446M(4096M) 119.952ms
[3722.867s][info][gc,cpu         ] GC(892) User=0.72s Sys=0.00s Real=0.12s
...[3725.545s][info][gc,start       ] GC(893) Pause Young (Mixed) (G1 Evacuation Pause)
[3725.545s][info][gc,task        ] GC(893) Using 6 workers of 6 for evacuation
[3725.678s][info][gc,phases      ] GC(893)   Pre Evacuate Collection Set: 0.36ms
[3725.678s][info][gc,phases      ] GC(893)   Merge Heap Roots: 0.67ms
[3725.678s][info][gc,phases      ] GC(893)   Evacuate Collection Set: 131.03ms
[3725.678s][info][gc,phases      ] GC(893)   Post Evacuate Collection Set: 0.92ms
[3725.678s][info][gc,phases      ] GC(893)   Other: 0.10ms
[3725.678s][info][gc,heap        ] GC(893) Eden regions: 1111->0(1118)
[3725.678s][info][gc,heap        ] GC(893) Survivor regions: 110->110(153)
[3725.678s][info][gc,heap        ] GC(893) Old regions: 534->473
[3725.678s][info][gc,heap        ] GC(893) Humongous regions: 80->80
[3725.678s][info][gc,metaspace   ] GC(893) Metaspace: 28907K(29312K)->28907K(29312K) NonClass: 24039K(24256K)->24039K(24256K) Class: 4868K(5056K)->4868K(5056K)
[3725.678s][info][gc             ] GC(893) Pause Young (Mixed) (G1 Evacuation Pause) 3668M->1324M(4096M) 133.200ms
[3725.678s][info][gc,cpu         ] GC(893) User=0.79s Sys=0.00s Real=0.13s
...[3728.520s][info][gc,start       ] GC(894) Pause Young (Concurrent Start) (G1 Evacuation Pause)
[3728.520s][info][gc,task        ] GC(894) Using 6 workers of 6 for evacuation
[3728.636s][info][gc,phases      ] GC(894)   Pre Evacuate Collection Set: 0.41ms
[3728.636s][info][gc,phases      ] GC(894)   Merge Heap Roots: 0.48ms
[3728.636s][info][gc,phases      ] GC(894)   Evacuate Collection Set: 114.17ms
[3728.636s][info][gc,phases      ] GC(894)   Post Evacuate Collection Set: 0.86ms
[3728.636s][info][gc,phases      ] GC(894)   Other: 0.10ms
[3728.636s][info][gc,heap        ] GC(894) Eden regions: 1118->0(1119)
[3728.636s][info][gc,heap        ] GC(894) Survivor regions: 110->109(154)
[3728.636s][info][gc,heap        ] GC(894) Old regions: 473->505
[3728.636s][info][gc,heap        ] GC(894) Humongous regions: 80->80
[3728.636s][info][gc,metaspace   ] GC(894) Metaspace: 28907K(29312K)->28907K(29312K) NonClass: 24039K(24256K)->24039K(24256K) Class: 4868K(5056K)->4868K(5056K)
[3728.636s][info][gc             ] GC(894) Pause Young (Concurrent Start) (G1 Evacuation Pause) 3560M->1386M(4096M) 116.168ms
[3728.636s][info][gc             ] GC(895) Concurrent Mark Cycle
[3728.636s][info][gc,marking     ] GC(895) Concurrent Scan Root Regions
[3728.636s][info][gc,cpu         ] GC(894) User=0.69s Sys=0.00s Real=0.12s
[3728.822s][info][gc,marking     ] GC(895) Concurrent Scan Root Regions 186.280ms
[3728.822s][info][gc,marking     ] GC(895) Concurrent Mark
[3728.822s][info][gc,marking     ] GC(895) Concurrent Mark From Roots
[3728.822s][info][gc,task        ] GC(895) Using 2 workers of 2 for marking
.[3729.738s][info][gc,marking     ] GC(895) Concurrent Mark From Roots 915.800ms
[3729.738s][info][gc,marking     ] GC(895) Concurrent Preclean
[3729.738s][info][gc,marking     ] GC(895) Concurrent Preclean 0.085ms
[3729.738s][info][gc,start       ] GC(895) Pause Remark
[3729.746s][info][gc             ] GC(895) Pause Remark 2332M->2332M(4096M) 7.752ms
[3729.746s][info][gc,cpu         ] GC(895) User=0.04s Sys=0.00s Real=0.01s
[3729.746s][info][gc,marking     ] GC(895) Concurrent Mark 923.911ms
[3729.746s][info][gc,marking     ] GC(895) Concurrent Rebuild Remembered Sets and Scrub Regions
[3729.996s][info][gc,marking     ] GC(895) Concurrent Rebuild Remembered Sets and Scrub Regions 249.864ms
[3729.997s][info][gc,start       ] GC(895) Pause Cleanup
[3729.997s][info][gc             ] GC(895) Pause Cleanup 2526M->2526M(4096M) 0.130ms
[3729.997s][info][gc,cpu         ] GC(895) User=0.00s Sys=0.01s Real=0.00s
[3729.997s][info][gc,marking     ] GC(895) Concurrent Clear Claimed Marks
[3729.997s][info][gc,marking     ] GC(895) Concurrent Clear Claimed Marks 0.031ms
[3729.997s][info][gc,marking     ] GC(895) Concurrent Cleanup for Next Mark
[3730.003s][info][gc,marking     ] GC(895) Concurrent Cleanup for Next Mark 5.713ms
[3730.003s][info][gc             ] GC(895) Concurrent Mark Cycle 1367.250ms
.[3731.386s][info][gc,start       ] GC(896) Pause Young (Prepare Mixed) (G1 Evacuation Pause)
[3731.386s][info][gc,task        ] GC(896) Using 6 workers of 6 for evacuation
[3731.501s][info][gc,phases      ] GC(896)   Pre Evacuate Collection Set: 0.32ms
[3731.501s][info][gc,phases      ] GC(896)   Merge Heap Roots: 0.52ms
[3731.501s][info][gc,phases      ] GC(896)   Evacuate Collection Set: 113.57ms
[3731.501s][info][gc,phases      ] GC(896)   Post Evacuate Collection Set: 0.90ms
[3731.501s][info][gc,phases      ] GC(896)   Other: 0.08ms
[3731.501s][info][gc,heap        ] GC(896) Eden regions: 1119->0(1110)
[3731.501s][info][gc,heap        ] GC(896) Survivor regions: 109->109(154)
[3731.501s][info][gc,heap        ] GC(896) Old regions: 505->537
[3731.501s][info][gc,heap        ] GC(896) Humongous regions: 80->80
[3731.501s][info][gc,metaspace   ] GC(896) Metaspace: 28907K(29312K)->28907K(29312K) NonClass: 24039K(24256K)->24039K(24256K) Class: 4868K(5056K)->4868K(5056K)
[3731.501s][info][gc             ] GC(896) Pause Young (Prepare Mixed) (G1 Evacuation Pause) 3624M->1449M(4096M) 115.514ms
[3731.502s][info][gc,cpu         ] GC(896) User=0.68s Sys=0.00s Real=0.12s
...[3734.279s][info][gc,start       ] GC(897) Pause Young (Mixed) (G1 Evacuation Pause)
[3734.279s][info][gc,task        ] GC(897) Using 6 workers of 6 for evacuation
[3734.413s][info][gc,phases      ] GC(897)   Pre Evacuate Collection Set: 0.34ms
[3734.413s][info][gc,phases      ] GC(897)   Merge Heap Roots: 0.63ms
[3734.413s][info][gc,phases      ] GC(897)   Evacuate Collection Set: 132.68ms
[3734.413s][info][gc,phases      ] GC(897)   Post Evacuate Collection Set: 0.91ms
[3734.413s][info][gc,phases      ] GC(897)   Other: 0.08ms
[3734.413s][info][gc,heap        ] GC(897) Eden regions: 1110->0(1118)
[3734.414s][info][gc,heap        ] GC(897) Survivor regions: 109->110(153)
[3734.414s][info][gc,heap        ] GC(897) Old regions: 537->474
[3734.414s][info][gc,heap        ] GC(897) Humongous regions: 80->80
[3734.414s][info][gc,metaspace   ] GC(897) Metaspace: 28907K(29312K)->28907K(29312K) NonClass: 24039K(24256K)->24039K(24256K) Class: 4868K(5056K)->4868K(5056K)
[3734.414s][info][gc             ] GC(897) Pause Young (Mixed) (G1 Evacuation Pause) 3669M->1327M(4096M) 134.781ms
[3734.414s][info][gc,cpu         ] GC(897) User=0.81s Sys=0.00s Real=0.14s
...[3737.181s][info][gc,start       ] GC(898) Pause Young (Concurrent Start) (G1 Evacuation Pause)
[3737.181s][info][gc,task        ] GC(898) Using 6 workers of 6 for evacuation
[3737.298s][info][gc,phases      ] GC(898)   Pre Evacuate Collection Set: 0.40ms
[3737.298s][info][gc,phases      ] GC(898)   Merge Heap Roots: 0.45ms
[3737.298s][info][gc,phases      ] GC(898)   Evacuate Collection Set: 114.80ms
[3737.298s][info][gc,phases      ] GC(898)   Post Evacuate Collection Set: 0.88ms
[3737.298s][info][gc,phases      ] GC(898)   Other: 0.10ms
[3737.298s][info][gc,heap        ] GC(898) Eden regions: 1118->0(1117)
[3737.298s][info][gc,heap        ] GC(898) Survivor regions: 110->111(154)
[3737.298s][info][gc,heap        ] GC(898) Old regions: 474->506
[3737.298s][info][gc,heap        ] GC(898) Humongous regions: 80->80
[3737.298s][info][gc,metaspace   ] GC(898) Metaspace: 28907K(29312K)->28907K(29312K) NonClass: 24039K(24256K)->24039K(24256K) Class: 4868K(5056K)->4868K(5056K)
[3737.298s][info][gc             ] GC(898) Pause Young (Concurrent Start) (G1 Evacuation Pause) 3563M->1392M(4096M) 116.763ms
[3737.298s][info][gc             ] GC(899) Concurrent Mark Cycle
[3737.298s][info][gc,marking     ] GC(899) Concurrent Scan Root Regions
[3737.298s][info][gc,cpu         ] GC(898) User=0.70s Sys=0.00s Real=0.11s
[3737.486s][info][gc,marking     ] GC(899) Concurrent Scan Root Regions 188.174ms
[3737.486s][info][gc,marking     ] GC(899) Concurrent Mark
[3737.486s][info][gc,marking     ] GC(899) Concurrent Mark From Roots
[3737.486s][info][gc,task        ] GC(899) Using 2 workers of 2 for marking
.[3738.331s][info][gc,marking     ] GC(899) Concurrent Mark From Roots 844.266ms
[3738.331s][info][gc,marking     ] GC(899) Concurrent Preclean
[3738.331s][info][gc,marking     ] GC(899) Concurrent Preclean 0.128ms
[3738.334s][info][gc,start       ] GC(899) Pause Remark
[3738.341s][info][gc             ] GC(899) Pause Remark 2256M->2256M(4096M) 6.780ms
[3738.341s][info][gc,cpu         ] GC(899) User=0.04s Sys=0.00s Real=0.00s
[3738.341s][info][gc,marking     ] GC(899) Concurrent Mark 854.392ms
[3738.341s][info][gc,marking     ] GC(899) Concurrent Rebuild Remembered Sets and Scrub Regions
.[3738.685s][info][gc,marking     ] GC(899) Concurrent Rebuild Remembered Sets and Scrub Regions 343.821ms
[3738.685s][info][gc,start       ] GC(899) Pause Cleanup
[3738.685s][info][gc             ] GC(899) Pause Cleanup 2535M->2535M(4096M) 0.105ms
[3738.685s][info][gc,cpu         ] GC(899) User=0.00s Sys=0.00s Real=0.00s
[3738.685s][info][gc,marking     ] GC(899) Concurrent Clear Claimed Marks
[3738.685s][info][gc,marking     ] GC(899) Concurrent Clear Claimed Marks 0.025ms
[3738.685s][info][gc,marking     ] GC(899) Concurrent Cleanup for Next Mark
[3738.689s][info][gc,marking     ] GC(899) Concurrent Cleanup for Next Mark 4.352ms
[3738.689s][info][gc             ] GC(899) Concurrent Mark Cycle 1391.250ms
.[3740.080s][info][gc,start       ] GC(900) Pause Young (Prepare Mixed) (G1 Evacuation Pause)
[3740.080s][info][gc,task        ] GC(900) Using 6 workers of 6 for evacuation
[3740.197s][info][gc,phases      ] GC(900)   Pre Evacuate Collection Set: 0.34ms
[3740.197s][info][gc,phases      ] GC(900)   Merge Heap Roots: 0.49ms
[3740.197s][info][gc,phases      ] GC(900)   Evacuate Collection Set: 115.44ms
[3740.197s][info][gc,phases      ] GC(900)   Post Evacuate Collection Set: 0.89ms
[3740.197s][info][gc,phases      ] GC(900)   Other: 0.09ms
[3740.197s][info][gc,heap        ] GC(900) Eden regions: 1117->0(1104)
[3740.197s][info][gc,heap        ] GC(900) Survivor regions: 111->112(154)
[3740.197s][info][gc,heap        ] GC(900) Old regions: 506->537
[3740.197s][info][gc,heap        ] GC(900) Humongous regions: 80->80
[3740.197s][info][gc,metaspace   ] GC(900) Metaspace: 28907K(29312K)->28907K(29312K) NonClass: 24039K(24256K)->24039K(24256K) Class: 4868K(5056K)->4868K(5056K)
[3740.197s][info][gc             ] GC(900) Pause Young (Prepare Mixed) (G1 Evacuation Pause) 3626M->1456M(4096M) 117.399ms
[3740.197s][info][gc,cpu         ] GC(900) User=0.70s Sys=0.00s Real=0.12s
. (rIR:aIR:PR = 6503:6499:6499) (tPR = 96308) [OK] 
  3740s: Performance info:
         Transaction,    Success,    Partial,     Failed,   Receipts, AvgBarcode, 
             Overall,     392896,          0,          0,     373232,      59.48, 
         Response times:
             Request,    Success,    Partial,     Failed,   SkipFail,     Probes,    Samples,      min,      p50,      p90,      p95,      p99,      max, 
       TotalPurchase,     373230,          0,          0,          0,     362226,     409360,      300,     5600,    34000,    73000,   156000,   300000,
     InStorePurchase,     196356,          0,          0,          0,     190605,     214970,      300,     5500,    34000,    73000,   156290,   300000,
      OnlinePurchase,     137640,          0,          0,          0,     133385,     150908,      300,     5600,    35000,    73000,   156000,   300000,
        InstPurchase,      39234,          0,          0,          0,      38236,      43482,      400,     5600,    32000,    73000,   157000,   252000,
          AssocOfCat,        393,          0,          0,          0,        306,        411,    21000,    38000,    76200,   143000,   222520,   255000,
      AssocOfProduct,       3930,          0,          0,          0,       3653,       4313,      300,     5700,    31000,    74000,   144000,   268000,
      BusinessReport,        985,          0,          0,          0,        873,       1108,    28000,    44000,    99000,   155000,   242910,   288000,
          CustBuyBeh,       3939,          0,          0,          0,       3714,       4411,      200,     6400,    38000,    78400,   155880,   252000,
       ProductReturn,      10417,          0,          0,          0,       9959,      11397,      300,     5400,    33000,    71000,   157000,   300000,

  3740s: (48%)   IR =   6642 ..[3742.973s][info][gc,start       ] GC(901) Pause Young (Mixed) (G1 Evacuation Pause)
[3742.973s][info][gc,task        ] GC(901) Using 6 workers of 6 for evacuation
[3743.106s][info][gc,phases      ] GC(901)   Pre Evacuate Collection Set: 0.35ms
[3743.106s][info][gc,phases      ] GC(901)   Merge Heap Roots: 0.62ms
[3743.106s][info][gc,phases      ] GC(901)   Evacuate Collection Set: 130.65ms
[3743.106s][info][gc,phases      ] GC(901)   Post Evacuate Collection Set: 0.92ms
[3743.106s][info][gc,phases      ] GC(901)   Other: 0.09ms
[3743.106s][info][gc,heap        ] GC(901) Eden regions: 1104->0(1117)
[3743.106s][info][gc,heap        ] GC(901) Survivor regions: 112->111(152)
[3743.106s][info][gc,heap        ] GC(901) Old regions: 537->472
[3743.106s][info][gc,heap        ] GC(901) Humongous regions: 80->80
[3743.106s][info][gc,metaspace   ] GC(901) Metaspace: 28907K(29312K)->28907K(29312K) NonClass: 24039K(24256K)->24039K(24256K) Class: 4868K(5056K)->4868K(5056K)
[3743.106s][info][gc             ] GC(901) Pause Young (Mixed) (G1 Evacuation Pause) 3664M->1323M(4096M) 132.748ms
[3743.106s][info][gc,cpu         ] GC(901) User=0.79s Sys=0.00s Real=0.13s
...|[3745.740s][info][gc,start       ] GC(902) Pause Young (Concurrent Start) (G1 Evacuation Pause)
[3745.740s][info][gc,task        ] GC(902) Using 6 workers of 6 for evacuation
[3745.855s][info][gc,phases      ] GC(902)   Pre Evacuate Collection Set: 0.41ms
[3745.855s][info][gc,phases      ] GC(902)   Merge Heap Roots: 0.48ms
[3745.855s][info][gc,phases      ] GC(902)   Evacuate Collection Set: 112.84ms
[3745.855s][info][gc,phases      ] GC(902)   Post Evacuate Collection Set: 0.91ms
[3745.855s][info][gc,phases      ] GC(902)   Other: 0.12ms
[3745.855s][info][gc,heap        ] GC(902) Eden regions: 1117->0(1120)
[3745.855s][info][gc,heap        ] GC(902) Survivor regions: 111->108(154)
[3745.855s][info][gc,heap        ] GC(902) Old regions: 472->503
[3745.855s][info][gc,heap        ] GC(902) Humongous regions: 80->80
[3745.855s][info][gc,metaspace   ] GC(902) Metaspace: 28907K(29312K)->28907K(29312K) NonClass: 24039K(24256K)->24039K(24256K) Class: 4868K(5056K)->4868K(5056K)
[3745.855s][info][gc             ] GC(902) Pause Young (Concurrent Start) (G1 Evacuation Pause) 3557M->1381M(4096M) 114.913ms
[3745.855s][info][gc             ] GC(903) Concurrent Mark Cycle
[3745.855s][info][gc,marking     ] GC(903) Concurrent Scan Root Regions
[3745.855s][info][gc,cpu         ] GC(902) User=0.68s Sys=0.01s Real=0.12s
[3746.052s][info][gc,marking     ] GC(903) Concurrent Scan Root Regions 196.486ms
[3746.052s][info][gc,marking     ] GC(903) Concurrent Mark
[3746.052s][info][gc,marking     ] GC(903) Concurrent Mark From Roots
[3746.052s][info][gc,task        ] GC(903) Using 2 workers of 2 for marking
.[3746.936s][info][gc,marking     ] GC(903) Concurrent Mark From Roots 884.376ms
[3746.936s][info][gc,marking     ] GC(903) Concurrent Preclean
[3746.936s][info][gc,marking     ] GC(903) Concurrent Preclean 0.134ms
[3746.937s][info][gc,start       ] GC(903) Pause Remark
[3746.944s][info][gc             ] GC(903) Pause Remark 2328M->2328M(4096M) 6.561ms
[3746.944s][info][gc,cpu         ] GC(903) User=0.04s Sys=0.00s Real=0.01s
[3746.944s][info][gc,marking     ] GC(903) Concurrent Mark 892.460ms
[3746.944s][info][gc,marking     ] GC(903) Concurrent Rebuild Remembered Sets and Scrub Regions
[3747.234s][info][gc,marking     ] GC(903) Concurrent Rebuild Remembered Sets and Scrub Regions 289.635ms
[3747.234s][info][gc,start       ] GC(903) Pause Cleanup
[3747.234s][info][gc             ] GC(903) Pause Cleanup 2545M->2545M(4096M) 0.110ms
[3747.234s][info][gc,cpu         ] GC(903) User=0.00s Sys=0.00s Real=0.00s
[3747.234s][info][gc,marking     ] GC(903) Concurrent Clear Claimed Marks
[3747.234s][info][gc,marking     ] GC(903) Concurrent Clear Claimed Marks 0.022ms
[3747.234s][info][gc,marking     ] GC(903) Concurrent Cleanup for Next Mark
[3747.239s][info][gc,marking     ] GC(903) Concurrent Cleanup for Next Mark 5.154ms
[3747.239s][info][gc             ] GC(903) Concurrent Mark Cycle 1384.233ms
.[3748.622s][info][gc,start       ] GC(904) Pause Young (Prepare Mixed) (G1 Evacuation Pause)
[3748.622s][info][gc,task        ] GC(904) Using 6 workers of 6 for evacuation
[3748.737s][info][gc,phases      ] GC(904)   Pre Evacuate Collection Set: 0.32ms
[3748.737s][info][gc,phases      ] GC(904)   Merge Heap Roots: 0.52ms
[3748.737s][info][gc,phases      ] GC(904)   Evacuate Collection Set: 113.52ms
[3748.737s][info][gc,phases      ] GC(904)   Post Evacuate Collection Set: 0.92ms
[3748.737s][info][gc,phases      ] GC(904)   Other: 0.09ms
[3748.737s][info][gc,heap        ] GC(904) Eden regions: 1120->0(1113)
[3748.737s][info][gc,heap        ] GC(904) Survivor regions: 108->108(154)
[3748.737s][info][gc,heap        ] GC(904) Old regions: 503->536
[3748.737s][info][gc,heap        ] GC(904) Humongous regions: 80->80
[3748.737s][info][gc,metaspace   ] GC(904) Metaspace: 28907K(29312K)->28907K(29312K) NonClass: 24039K(24256K)->24039K(24256K) Class: 4868K(5056K)->4868K(5056K)
[3748.737s][info][gc             ] GC(904) Pause Young (Prepare Mixed) (G1 Evacuation Pause) 3621M->1446M(4096M) 115.500ms
[3748.737s][info][gc,cpu         ] GC(904) User=0.68s Sys=0.00s Real=0.11s
...[3751.472s][info][gc,start       ] GC(905) Pause Young (Mixed) (G1 Evacuation Pause)
[3751.472s][info][gc,task        ] GC(905) Using 6 workers of 6 for evacuation
[3751.602s][info][gc,phases      ] GC(905)   Pre Evacuate Collection Set: 0.38ms
[3751.602s][info][gc,phases      ] GC(905)   Merge Heap Roots: 0.71ms
[3751.602s][info][gc,phases      ] GC(905)   Evacuate Collection Set: 128.38ms
[3751.602s][info][gc,phases      ] GC(905)   Post Evacuate Collection Set: 0.92ms
[3751.602s][info][gc,phases      ] GC(905)   Other: 0.10ms
[3751.602s][info][gc,heap        ] GC(905) Eden regions: 1113->0(1120)
[3751.602s][info][gc,heap        ] GC(905) Survivor regions: 108->108(153)
[3751.602s][info][gc,heap        ] GC(905) Old regions: 536->473
[3751.602s][info][gc,heap        ] GC(905) Humongous regions: 80->80
[3751.602s][info][gc,metaspace   ] GC(905) Metaspace: 28907K(29312K)->28907K(29312K) NonClass: 24039K(24256K)->24039K(24256K) Class: 4868K(5056K)->4868K(5056K)
[3751.602s][info][gc             ] GC(905) Pause Young (Mixed) (G1 Evacuation Pause) 3672M->1321M(4096M) 130.626ms
[3751.602s][info][gc,cpu         ] GC(905) User=0.77s Sys=0.00s Real=0.13s
...[3754.247s][info][gc,start       ] GC(906) Pause Young (Concurrent Start) (G1 Evacuation Pause)
[3754.247s][info][gc,task        ] GC(906) Using 6 workers of 6 for evacuation
[3754.361s][info][gc,phases      ] GC(906)   Pre Evacuate Collection Set: 0.38ms
[3754.361s][info][gc,phases      ] GC(906)   Merge Heap Roots: 0.43ms
[3754.361s][info][gc,phases      ] GC(906)   Evacuate Collection Set: 111.48ms
[3754.361s][info][gc,phases      ] GC(906)   Post Evacuate Collection Set: 0.84ms
[3754.361s][info][gc,phases      ] GC(906)   Other: 0.12ms
[3754.361s][info][gc,heap        ] GC(906) Eden regions: 1120->0(1121)
[3754.361s][info][gc,heap        ] GC(906) Survivor regions: 108->107(154)
[3754.361s][info][gc,heap        ] GC(906) Old regions: 473->506
[3754.361s][info][gc,heap        ] GC(906) Humongous regions: 80->80
[3754.361s][info][gc,metaspace   ] GC(906) Metaspace: 28907K(29312K)->28907K(29312K) NonClass: 24039K(24256K)->24039K(24256K) Class: 4868K(5056K)->4868K(5056K)
[3754.361s][info][gc             ] GC(906) Pause Young (Concurrent Start) (G1 Evacuation Pause) 3561M->1383M(4096M) 113.369ms
[3754.361s][info][gc             ] GC(907) Concurrent Mark Cycle
[3754.361s][info][gc,marking     ] GC(907) Concurrent Scan Root Regions
[3754.361s][info][gc,cpu         ] GC(906) User=0.67s Sys=0.00s Real=0.11s
[3754.545s][info][gc,marking     ] GC(907) Concurrent Scan Root Regions 183.826ms
[3754.545s][info][gc,marking     ] GC(907) Concurrent Mark
[3754.545s][info][gc,marking     ] GC(907) Concurrent Mark From Roots
[3754.545s][info][gc,task        ] GC(907) Using 2 workers of 2 for marking
.[3755.529s][info][gc,marking     ] GC(907) Concurrent Mark From Roots 984.363ms
[3755.529s][info][gc,marking     ] GC(907) Concurrent Preclean
[3755.529s][info][gc,marking     ] GC(907) Concurrent Preclean 0.114ms
[3755.529s][info][gc,start       ] GC(907) Pause Remark
[3755.536s][info][gc             ] GC(907) Pause Remark 2344M->2344M(4096M) 6.724ms
[3755.536s][info][gc,cpu         ] GC(907) User=0.03s Sys=0.00s Real=0.01s
[3755.536s][info][gc,marking     ] GC(907) Concurrent Mark 991.494ms
[3755.536s][info][gc,marking     ] GC(907) Concurrent Rebuild Remembered Sets and Scrub Regions
.[3755.887s][info][gc,marking     ] GC(907) Concurrent Rebuild Remembered Sets and Scrub Regions 350.902ms
[3755.887s][info][gc,start       ] GC(907) Pause Cleanup
[3755.887s][info][gc             ] GC(907) Pause Cleanup 2591M->2591M(4096M) 0.107ms
[3755.887s][info][gc,cpu         ] GC(907) User=0.01s Sys=0.00s Real=0.00s
[3755.887s][info][gc,marking     ] GC(907) Concurrent Clear Claimed Marks
[3755.887s][info][gc,marking     ] GC(907) Concurrent Clear Claimed Marks 0.031ms
[3755.887s][info][gc,marking     ] GC(907) Concurrent Cleanup for Next Mark
[3755.892s][info][gc,marking     ] GC(907) Concurrent Cleanup for Next Mark 4.467ms
[3755.892s][info][gc             ] GC(907) Concurrent Mark Cycle 1531.221ms
.[3757.172s][info][gc,start       ] GC(908) Pause Young (Prepare Mixed) (G1 Evacuation Pause)
[3757.172s][info][gc,task        ] GC(908) Using 6 workers of 6 for evacuation
[3757.296s][info][gc,phases      ] GC(908)   Pre Evacuate Collection Set: 0.32ms
[3757.296s][info][gc,phases      ] GC(908)   Merge Heap Roots: 0.48ms
[3757.296s][info][gc,phases      ] GC(908)   Evacuate Collection Set: 121.71ms
[3757.296s][info][gc,phases      ] GC(908)   Post Evacuate Collection Set: 0.91ms
[3757.296s][info][gc,phases      ] GC(908)   Other: 0.10ms
[3757.296s][info][gc,heap        ] GC(908) Eden regions: 1121->0(1096)
[3757.296s][info][gc,heap        ] GC(908) Survivor regions: 107->116(154)
[3757.296s][info][gc,heap        ] GC(908) Old regions: 506->537
[3757.296s][info][gc,heap        ] GC(908) Humongous regions: 80->80
[3757.296s][info][gc,metaspace   ] GC(908) Metaspace: 28907K(29312K)->28907K(29312K) NonClass: 24039K(24256K)->24039K(24256K) Class: 4868K(5056K)->4868K(5056K)
[3757.296s][info][gc             ] GC(908) Pause Young (Prepare Mixed) (G1 Evacuation Pause) 3625M->1464M(4096M) 123.650ms
[3757.296s][info][gc,cpu         ] GC(908) User=0.74s Sys=0.00s Real=0.12s
...[3759.995s][info][gc,start       ] GC(909) Pause Young (Mixed) (G1 Evacuation Pause)
[3759.995s][info][gc,task        ] GC(909) Using 6 workers of 6 for evacuation
[3760.136s][info][gc,phases      ] GC(909)   Pre Evacuate Collection Set: 0.33ms
[3760.136s][info][gc,phases      ] GC(909)   Merge Heap Roots: 0.66ms
[3760.136s][info][gc,phases      ] GC(909)   Evacuate Collection Set: 138.64ms
[3760.136s][info][gc,phases      ] GC(909)   Post Evacuate Collection Set: 0.94ms
[3760.136s][info][gc,phases      ] GC(909)   Other: 0.09ms
[3760.136s][info][gc,heap        ] GC(909) Eden regions: 1096->0(1113)
[3760.136s][info][gc,heap        ] GC(909) Survivor regions: 116->115(152)
[3760.136s][info][gc,heap        ] GC(909) Old regions: 537->471
[3760.136s][info][gc,heap        ] GC(909) Humongous regions: 80->80
[3760.136s][info][gc,metaspace   ] GC(909) Metaspace: 28907K(29312K)->28907K(29312K) NonClass: 24039K(24256K)->24039K(24256K) Class: 4868K(5056K)->4868K(5056K)
[3760.136s][info][gc             ] GC(909) Pause Young (Mixed) (G1 Evacuation Pause) 3656M->1329M(4096M) 140.781ms
[3760.136s][info][gc,cpu         ] GC(909) User=0.84s Sys=0.00s Real=0.14s
..[3762.763s][info][gc,start       ] GC(910) Pause Young (Concurrent Start) (G1 Evacuation Pause)
[3762.763s][info][gc,task        ] GC(910) Using 6 workers of 6 for evacuation
[3762.883s][info][gc,phases      ] GC(910)   Pre Evacuate Collection Set: 0.35ms
[3762.883s][info][gc,phases      ] GC(910)   Merge Heap Roots: 0.43ms
[3762.883s][info][gc,phases      ] GC(910)   Evacuate Collection Set: 117.91ms
[3762.883s][info][gc,phases      ] GC(910)   Post Evacuate Collection Set: 0.86ms
[3762.883s][info][gc,phases      ] GC(910)   Other: 0.10ms
[3762.883s][info][gc,heap        ] GC(910) Eden regions: 1113->0(1117)
[3762.883s][info][gc,heap        ] GC(910) Survivor regions: 115->111(154)
[3762.883s][info][gc,heap        ] GC(910) Old regions: 471->503
[3762.883s][info][gc,heap        ] GC(910) Humongous regions: 80->80
[3762.883s][info][gc,metaspace   ] GC(910) Metaspace: 28907K(29312K)->28907K(29312K) NonClass: 24039K(24256K)->24039K(24256K) Class: 4868K(5056K)->4868K(5056K)
[3762.883s][info][gc             ] GC(910) Pause Young (Concurrent Start) (G1 Evacuation Pause) 3555M->1385M(4096M) 119.758ms
[3762.883s][info][gc             ] GC(911) Concurrent Mark Cycle
[3762.883s][info][gc,marking     ] GC(911) Concurrent Scan Root Regions
[3762.883s][info][gc,cpu         ] GC(910) User=0.71s Sys=0.00s Real=0.12s
.[3763.086s][info][gc,marking     ] GC(911) Concurrent Scan Root Regions 202.254ms
[3763.086s][info][gc,marking     ] GC(911) Concurrent Mark
[3763.086s][info][gc,marking     ] GC(911) Concurrent Mark From Roots
[3763.086s][info][gc,task        ] GC(911) Using 2 workers of 2 for marking
.[3763.937s][info][gc,marking     ] GC(911) Concurrent Mark From Roots 851.740ms
[3763.937s][info][gc,marking     ] GC(911) Concurrent Preclean
[3763.937s][info][gc,marking     ] GC(911) Concurrent Preclean 0.084ms
[3763.938s][info][gc,start       ] GC(911) Pause Remark
[3763.944s][info][gc             ] GC(911) Pause Remark 2267M->2267M(4096M) 6.758ms
[3763.944s][info][gc,cpu         ] GC(911) User=0.04s Sys=0.00s Real=0.01s
[3763.944s][info][gc,marking     ] GC(911) Concurrent Mark 858.850ms
[3763.944s][info][gc,marking     ] GC(911) Concurrent Rebuild Remembered Sets and Scrub Regions
[3764.195s][info][gc,marking     ] GC(911) Concurrent Rebuild Remembered Sets and Scrub Regions 251.032ms
[3764.196s][info][gc,start       ] GC(911) Pause Cleanup
[3764.196s][info][gc             ] GC(911) Pause Cleanup 2474M->2474M(4096M) 0.124ms
[3764.196s][info][gc,cpu         ] GC(911) User=0.00s Sys=0.00s Real=0.00s
[3764.196s][info][gc,marking     ] GC(911) Concurrent Clear Claimed Marks
[3764.196s][info][gc,marking     ] GC(911) Concurrent Clear Claimed Marks 0.030ms
[3764.196s][info][gc,marking     ] GC(911) Concurrent Cleanup for Next Mark
[3764.201s][info][gc,marking     ] GC(911) Concurrent Cleanup for Next Mark 4.747ms
[3764.201s][info][gc             ] GC(911) Concurrent Mark Cycle 1317.641ms
.[3765.597s][info][gc,start       ] GC(912) Pause Young (Prepare Mixed) (G1 Evacuation Pause)
[3765.597s][info][gc,task        ] GC(912) Using 6 workers of 6 for evacuation
[3765.715s][info][gc,phases      ] GC(912)   Pre Evacuate Collection Set: 0.34ms
[3765.715s][info][gc,phases      ] GC(912)   Merge Heap Roots: 0.48ms
[3765.715s][info][gc,phases      ] GC(912)   Evacuate Collection Set: 116.24ms
[3765.715s][info][gc,phases      ] GC(912)   Post Evacuate Collection Set: 0.90ms
[3765.715s][info][gc,phases      ] GC(912)   Other: 0.09ms
[3765.715s][info][gc,heap        ] GC(912) Eden regions: 1117->0(1110)
[3765.715s][info][gc,heap        ] GC(912) Survivor regions: 111->110(154)
[3765.715s][info][gc,heap        ] GC(912) Old regions: 503->535
[3765.715s][info][gc,heap        ] GC(912) Humongous regions: 80->80
[3765.715s][info][gc,metaspace   ] GC(912) Metaspace: 28907K(29312K)->28907K(29312K) NonClass: 24039K(24256K)->24039K(24256K) Class: 4868K(5056K)->4868K(5056K)
[3765.715s][info][gc             ] GC(912) Pause Young (Prepare Mixed) (G1 Evacuation Pause) 3619M->1448M(4096M) 118.170ms
[3765.715s][info][gc,cpu         ] GC(912) User=0.71s Sys=0.00s Real=0.12s
...[3768.366s][info][gc,start       ] GC(913) Pause Young (Mixed) (G1 Evacuation Pause)
[3768.366s][info][gc,task        ] GC(913) Using 6 workers of 6 for evacuation
[3768.499s][info][gc,phases      ] GC(913)   Pre Evacuate Collection Set: 0.38ms
[3768.499s][info][gc,phases      ] GC(913)   Merge Heap Roots: 0.60ms
[3768.499s][info][gc,phases      ] GC(913)   Evacuate Collection Set: 130.62ms
[3768.499s][info][gc,phases      ] GC(913)   Post Evacuate Collection Set: 0.92ms
[3768.499s][info][gc,phases      ] GC(913)   Other: 0.09ms
[3768.499s][info][gc,heap        ] GC(913) Eden regions: 1110->0(1118)
[3768.499s][info][gc,heap        ] GC(913) Survivor regions: 110->110(153)
[3768.499s][info][gc,heap        ] GC(913) Old regions: 535->473
[3768.499s][info][gc,heap        ] GC(913) Humongous regions: 80->80
[3768.499s][info][gc,metaspace   ] GC(913) Metaspace: 28907K(29312K)->28907K(29312K) NonClass: 24039K(24256K)->24039K(24256K) Class: 4868K(5056K)->4868K(5056K)
[3768.499s][info][gc             ] GC(913) Pause Young (Mixed) (G1 Evacuation Pause) 3668M->1323M(4096M) 132.732ms
[3768.499s][info][gc,cpu         ] GC(913) User=0.79s Sys=0.00s Real=0.13s
...[3771.234s][info][gc,start       ] GC(914) Pause Young (Concurrent Start) (G1 Evacuation Pause)
[3771.234s][info][gc,task        ] GC(914) Using 6 workers of 6 for evacuation
[3771.356s][info][gc,phases      ] GC(914)   Pre Evacuate Collection Set: 0.34ms
[3771.356s][info][gc,phases      ] GC(914)   Merge Heap Roots: 0.45ms
[3771.356s][info][gc,phases      ] GC(914)   Evacuate Collection Set: 120.22ms
[3771.356s][info][gc,phases      ] GC(914)   Post Evacuate Collection Set: 0.86ms
[3771.356s][info][gc,phases      ] GC(914)   Other: 0.11ms
[3771.356s][info][gc,heap        ] GC(914) Eden regions: 1118->0(1114)
[3771.356s][info][gc,heap        ] GC(914) Survivor regions: 110->114(154)
[3771.356s][info][gc,heap        ] GC(914) Old regions: 473->505
[3771.356s][info][gc,heap        ] GC(914) Humongous regions: 80->80
[3771.356s][info][gc,metaspace   ] GC(914) Metaspace: 28907K(29312K)->28907K(29312K) NonClass: 24039K(24256K)->24039K(24256K) Class: 4868K(5056K)->4868K(5056K)
[3771.356s][info][gc             ] GC(914) Pause Young (Concurrent Start) (G1 Evacuation Pause) 3559M->1395M(4096M) 122.107ms
[3771.356s][info][gc             ] GC(915) Concurrent Mark Cycle
[3771.356s][info][gc,marking     ] GC(915) Concurrent Scan Root Regions
[3771.356s][info][gc,cpu         ] GC(914) User=0.73s Sys=0.00s Real=0.12s
[3771.505s][info][gc,marking     ] GC(915) Concurrent Scan Root Regions 148.443ms
[3771.505s][info][gc,marking     ] GC(915) Concurrent Mark
[3771.505s][info][gc,marking     ] GC(915) Concurrent Mark From Roots
[3771.505s][info][gc,task        ] GC(915) Using 2 workers of 2 for marking
.[3772.194s][info][gc,marking     ] GC(915) Concurrent Mark From Roots 688.882ms
[3772.194s][info][gc,marking     ] GC(915) Concurrent Preclean
[3772.194s][info][gc,marking     ] GC(915) Concurrent Preclean 0.086ms
[3772.194s][info][gc,start       ] GC(915) Pause Remark
[3772.198s][info][gc             ] GC(915) Pause Remark 2105M->2105M(4096M) 4.401ms
[3772.198s][info][gc,cpu         ] GC(915) User=0.02s Sys=0.00s Real=0.00s
[3772.198s][info][gc,marking     ] GC(915) Concurrent Mark 693.605ms
[3772.198s][info][gc,marking     ] GC(915) Concurrent Rebuild Remembered Sets and Scrub Regions
[3772.451s][info][gc,marking     ] GC(915) Concurrent Rebuild Remembered Sets and Scrub Regions 252.939ms
[3772.452s][info][gc,start       ] GC(915) Pause Cleanup
[3772.453s][info][gc             ] GC(915) Pause Cleanup 2309M->2309M(4096M) 0.124ms
[3772.453s][info][gc,cpu         ] GC(915) User=0.00s Sys=0.00s Real=0.00s
[3772.453s][info][gc,marking     ] GC(915) Concurrent Clear Claimed Marks
[3772.453s][info][gc,marking     ] GC(915) Concurrent Clear Claimed Marks 0.030ms
[3772.453s][info][gc,marking     ] GC(915) Concurrent Cleanup for Next Mark
[3772.456s][info][gc,marking     ] GC(915) Concurrent Cleanup for Next Mark 3.315ms
[3772.456s][info][gc             ] GC(915) Concurrent Mark Cycle 1099.739ms
..[3774.118s][info][gc,start       ] GC(916) Pause Young (Prepare Mixed) (G1 Evacuation Pause)
[3774.118s][info][gc,task        ] GC(916) Using 6 workers of 6 for evacuation
[3774.238s][info][gc,phases      ] GC(916)   Pre Evacuate Collection Set: 0.32ms
[3774.238s][info][gc,phases      ] GC(916)   Merge Heap Roots: 0.51ms
[3774.238s][info][gc,phases      ] GC(916)   Evacuate Collection Set: 118.67ms
[3774.238s][info][gc,phases      ] GC(916)   Post Evacuate Collection Set: 0.91ms
[3774.238s][info][gc,phases      ] GC(916)   Other: 0.08ms
[3774.238s][info][gc,heap        ] GC(916) Eden regions: 1114->0(1104)
[3774.238s][info][gc,heap        ] GC(916) Survivor regions: 114->112(154)
[3774.238s][info][gc,heap        ] GC(916) Old regions: 505->537
[3774.238s][info][gc,heap        ] GC(916) Humongous regions: 80->80
[3774.238s][info][gc,metaspace   ] GC(916) Metaspace: 28907K(29312K)->28907K(29312K) NonClass: 24039K(24256K)->24039K(24256K) Class: 4868K(5056K)->4868K(5056K)
[3774.238s][info][gc             ] GC(916) Pause Young (Prepare Mixed) (G1 Evacuation Pause) 3623M->1456M(4096M) 120.628ms
[3774.238s][info][gc,cpu         ] GC(916) User=0.71s Sys=0.00s Real=0.12s
..[3776.897s][info][gc,start       ] GC(917) Pause Young (Mixed) (G1 Evacuation Pause)
[3776.897s][info][gc,task        ] GC(917) Using 6 workers of 6 for evacuation
[3777.033s][info][gc,phases      ] GC(917)   Pre Evacuate Collection Set: 0.37ms
[3777.033s][info][gc,phases      ] GC(917)   Merge Heap Roots: 0.66ms
[3777.033s][info][gc,phases      ] GC(917)   Evacuate Collection Set: 134.35ms
[3777.033s][info][gc,phases      ] GC(917)   Post Evacuate Collection Set: 0.88ms
[3777.033s][info][gc,phases      ] GC(917)   Other: 0.09ms
[3777.033s][info][gc,heap        ] GC(917) Eden regions: 1104->0(1118)
[3777.033s][info][gc,heap        ] GC(917) Survivor regions: 112->110(152)
[3777.033s][info][gc,heap        ] GC(917) Old regions: 537->474
[3777.033s][info][gc,heap        ] GC(917) Humongous regions: 80->80
[3777.033s][info][gc,metaspace   ] GC(917) Metaspace: 28907K(29312K)->28907K(29312K) NonClass: 24039K(24256K)->24039K(24256K) Class: 4868K(5056K)->4868K(5056K)
[3777.033s][info][gc             ] GC(917) Pause Young (Mixed) (G1 Evacuation Pause) 3664M->1326M(4096M) 136.494ms
[3777.033s][info][gc,cpu         ] GC(917) User=0.81s Sys=0.00s Real=0.14s
...[3779.723s][info][gc,start       ] GC(918) Pause Young (Concurrent Start) (G1 Evacuation Pause)
[3779.723s][info][gc,task        ] GC(918) Using 6 workers of 6 for evacuation
[3779.844s][info][gc,phases      ] GC(918)   Pre Evacuate Collection Set: 0.38ms
[3779.844s][info][gc,phases      ] GC(918)   Merge Heap Roots: 0.44ms
[3779.844s][info][gc,phases      ] GC(918)   Evacuate Collection Set: 119.33ms
[3779.844s][info][gc,phases      ] GC(918)   Post Evacuate Collection Set: 0.81ms
[3779.844s][info][gc,phases      ] GC(918)   Other: 0.13ms
[3779.844s][info][gc,heap        ] GC(918) Eden regions: 1118->0(1116)
[3779.844s][info][gc,heap        ] GC(918) Survivor regions: 110->112(154)
[3779.844s][info][gc,heap        ] GC(918) Old regions: 474->506
[3779.844s][info][gc,heap        ] GC(918) Humongous regions: 80->80
[3779.844s][info][gc,metaspace   ] GC(918) Metaspace: 28907K(29312K)->28907K(29312K) NonClass: 24039K(24256K)->24039K(24256K) Class: 4868K(5056K)->4868K(5056K)
[3779.844s][info][gc             ] GC(918) Pause Young (Concurrent Start) (G1 Evacuation Pause) 3562M->1394M(4096M) 121.210ms
[3779.844s][info][gc             ] GC(919) Concurrent Mark Cycle
[3779.844s][info][gc,marking     ] GC(919) Concurrent Scan Root Regions
[3779.844s][info][gc,cpu         ] GC(918) User=0.73s Sys=0.00s Real=0.12s
[3779.989s][info][gc,marking     ] GC(919) Concurrent Scan Root Regions 145.234ms
[3779.989s][info][gc,marking     ] GC(919) Concurrent Mark
[3779.989s][info][gc,marking     ] GC(919) Concurrent Mark From Roots
[3779.990s][info][gc,task        ] GC(919) Using 2 workers of 2 for marking
.[3780.690s][info][gc,marking     ] GC(919) Concurrent Mark From Roots 700.439ms
[3780.690s][info][gc,marking     ] GC(919) Concurrent Preclean
[3780.690s][info][gc,marking     ] GC(919) Concurrent Preclean 0.098ms
[3780.690s][info][gc,start       ] GC(919) Pause Remark
[3780.695s][info][gc             ] GC(919) Pause Remark 2116M->2116M(4096M) 4.873ms
[3780.695s][info][gc,cpu         ] GC(919) User=0.03s Sys=0.00s Real=0.01s
[3780.695s][info][gc,marking     ] GC(919) Concurrent Mark 705.807ms
[3780.695s][info][gc,marking     ] GC(919) Concurrent Rebuild Remembered Sets and Scrub Regions
[3780.985s][info][gc,marking     ] GC(919) Concurrent Rebuild Remembered Sets and Scrub Regions 290.099ms
[3780.986s][info][gc,start       ] GC(919) Pause Cleanup
[3780.986s][info][gc             ] GC(919) Pause Cleanup 2357M->2357M(4096M) 0.105ms
[3780.986s][info][gc,cpu         ] GC(919) User=0.00s Sys=0.00s Real=0.00s
[3780.986s][info][gc,marking     ] GC(919) Concurrent Clear Claimed Marks
[3780.986s][info][gc,marking     ] GC(919) Concurrent Clear Claimed Marks 0.022ms
[3780.986s][info][gc,marking     ] GC(919) Concurrent Cleanup for Next Mark
[3780.989s][info][gc,marking     ] GC(919) Concurrent Cleanup for Next Mark 3.128ms
[3780.989s][info][gc             ] GC(919) Concurrent Mark Cycle 1144.657ms
..[3782.556s][info][gc,start       ] GC(920) Pause Young (Prepare Mixed) (G1 Evacuation Pause)
[3782.556s][info][gc,task        ] GC(920) Using 6 workers of 6 for evacuation
[3782.670s][info][gc,phases      ] GC(920)   Pre Evacuate Collection Set: 0.30ms
[3782.670s][info][gc,phases      ] GC(920)   Merge Heap Roots: 0.46ms
[3782.670s][info][gc,phases      ] GC(920)   Evacuate Collection Set: 111.38ms
[3782.670s][info][gc,phases      ] GC(920)   Post Evacuate Collection Set: 0.89ms
[3782.670s][info][gc,phases      ] GC(920)   Other: 0.09ms
[3782.670s][info][gc,heap        ] GC(920) Eden regions: 1116->0(1111)
[3782.670s][info][gc,heap        ] GC(920) Survivor regions: 112->108(154)
[3782.670s][info][gc,heap        ] GC(920) Old regions: 506->538
[3782.670s][info][gc,heap        ] GC(920) Humongous regions: 80->80
[3782.670s][info][gc,metaspace   ] GC(920) Metaspace: 28907K(29312K)->28907K(29312K) NonClass: 24039K(24256K)->24039K(24256K) Class: 4868K(5056K)->4868K(5056K)
[3782.670s][info][gc             ] GC(920) Pause Young (Prepare Mixed) (G1 Evacuation Pause) 3626M->1450M(4096M) 113.286ms
[3782.670s][info][gc,cpu         ] GC(920) User=0.68s Sys=0.00s Real=0.11s
...[3785.432s][info][gc,start       ] GC(921) Pause Young (Mixed) (G1 Evacuation Pause)
[3785.432s][info][gc,task        ] GC(921) Using 6 workers of 6 for evacuation
[3785.563s][info][gc,phases      ] GC(921)   Pre Evacuate Collection Set: 0.38ms
[3785.563s][info][gc,phases      ] GC(921)   Merge Heap Roots: 0.58ms
[3785.563s][info][gc,phases      ] GC(921)   Evacuate Collection Set: 128.92ms
[3785.563s][info][gc,phases      ] GC(921)   Post Evacuate Collection Set: 0.92ms
[3785.563s][info][gc,phases      ] GC(921)   Other: 0.09ms
[3785.563s][info][gc,heap        ] GC(921) Eden regions: 1111->0(1118)
[3785.563s][info][gc,heap        ] GC(921) Survivor regions: 108->110(153)
[3785.563s][info][gc,heap        ] GC(921) Old regions: 538->472
[3785.563s][info][gc,heap        ] GC(921) Humongous regions: 80->80
[3785.563s][info][gc,metaspace   ] GC(921) Metaspace: 28907K(29312K)->28907K(29312K) NonClass: 24039K(24256K)->24039K(24256K) Class: 4868K(5056K)->4868K(5056K)
[3785.563s][info][gc             ] GC(921) Pause Young (Mixed) (G1 Evacuation Pause) 3672M->1322M(4096M) 131.013ms
[3785.563s][info][gc,cpu         ] GC(921) User=0.78s Sys=0.00s Real=0.13s
...[3788.226s][info][gc,start       ] GC(922) Pause Young (Concurrent Start) (G1 Evacuation Pause)
[3788.226s][info][gc,task        ] GC(922) Using 6 workers of 6 for evacuation
[3788.340s][info][gc,phases      ] GC(922)   Pre Evacuate Collection Set: 0.36ms
[3788.340s][info][gc,phases      ] GC(922)   Merge Heap Roots: 0.43ms
[3788.340s][info][gc,phases      ] GC(922)   Evacuate Collection Set: 112.68ms
[3788.340s][info][gc,phases      ] GC(922)   Post Evacuate Collection Set: 0.87ms
[3788.340s][info][gc,phases      ] GC(922)   Other: 0.11ms
[3788.340s][info][gc,heap        ] GC(922) Eden regions: 1118->0(1120)
[3788.340s][info][gc,heap        ] GC(922) Survivor regions: 110->108(154)
[3788.340s][info][gc,heap        ] GC(922) Old regions: 472->504
[3788.340s][info][gc,heap        ] GC(922) Humongous regions: 80->80
[3788.340s][info][gc,metaspace   ] GC(922) Metaspace: 28907K(29312K)->28907K(29312K) NonClass: 24039K(24256K)->24039K(24256K) Class: 4868K(5056K)->4868K(5056K)
[3788.340s][info][gc             ] GC(922) Pause Young (Concurrent Start) (G1 Evacuation Pause) 3558M->1383M(4096M) 114.586ms
[3788.340s][info][gc             ] GC(923) Concurrent Mark Cycle
[3788.340s][info][gc,marking     ] GC(923) Concurrent Scan Root Regions
[3788.340s][info][gc,cpu         ] GC(922) User=0.68s Sys=0.00s Real=0.11s
[3788.516s][info][gc,marking     ] GC(923) Concurrent Scan Root Regions 176.065ms
[3788.516s][info][gc,marking     ] GC(923) Concurrent Mark
[3788.516s][info][gc,marking     ] GC(923) Concurrent Mark From Roots
[3788.516s][info][gc,task        ] GC(923) Using 2 workers of 2 for marking
.[3789.387s][info][gc,marking     ] GC(923) Concurrent Mark From Roots 870.494ms
[3789.387s][info][gc,marking     ] GC(923) Concurrent Preclean
[3789.387s][info][gc,marking     ] GC(923) Concurrent Preclean 0.128ms
[3789.388s][info][gc,start       ] GC(923) Pause Remark
[3789.394s][info][gc             ] GC(923) Pause Remark 2265M->2265M(4096M) 5.326ms
[3789.394s][info][gc,cpu         ] GC(923) User=0.03s Sys=0.00s Real=0.01s
[3789.394s][info][gc,marking     ] GC(923) Concurrent Mark 877.688ms
[3789.394s][info][gc,marking     ] GC(923) Concurrent Rebuild Remembered Sets and Scrub Regions
[3789.699s][info][gc,marking     ] GC(923) Concurrent Rebuild Remembered Sets and Scrub Regions 304.625ms
[3789.699s][info][gc,start       ] GC(923) Pause Cleanup
[3789.699s][info][gc             ] GC(923) Pause Cleanup 2508M->2508M(4096M) 0.096ms
[3789.699s][info][gc,cpu         ] GC(923) User=0.00s Sys=0.00s Real=0.00s
[3789.699s][info][gc,marking     ] GC(923) Concurrent Clear Claimed Marks
[3789.699s][info][gc,marking     ] GC(923) Concurrent Clear Claimed Marks 0.029ms
[3789.699s][info][gc,marking     ] GC(923) Concurrent Cleanup for Next Mark
[3789.703s][info][gc,marking     ] GC(923) Concurrent Cleanup for Next Mark 4.533ms
[3789.704s][info][gc             ] GC(923) Concurrent Mark Cycle 1363.440ms
.[3791.105s][info][gc,start       ] GC(924) Pause Young (Prepare Mixed) (G1 Evacuation Pause)
[3791.105s][info][gc,task        ] GC(924) Using 6 workers of 6 for evacuation
[3791.222s][info][gc,phases      ] GC(924)   Pre Evacuate Collection Set: 0.33ms
[3791.222s][info][gc,phases      ] GC(924)   Merge Heap Roots: 0.55ms
[3791.222s][info][gc,phases      ] GC(924)   Evacuate Collection Set: 115.24ms
[3791.222s][info][gc,phases      ] GC(924)   Post Evacuate Collection Set: 0.90ms
[3791.222s][info][gc,phases      ] GC(924)   Other: 0.08ms
[3791.222s][info][gc,heap        ] GC(924) Eden regions: 1120->0(1107)
[3791.222s][info][gc,heap        ] GC(924) Survivor regions: 108->111(154)
[3791.222s][info][gc,heap        ] GC(924) Old regions: 504->536
[3791.222s][info][gc,heap        ] GC(924) Humongous regions: 80->80
[3791.222s][info][gc,metaspace   ] GC(924) Metaspace: 28907K(29312K)->28907K(29312K) NonClass: 24039K(24256K)->24039K(24256K) Class: 4868K(5056K)->4868K(5056K)
[3791.222s][info][gc             ] GC(924) Pause Young (Prepare Mixed) (G1 Evacuation Pause) 3623M->1453M(4096M) 117.241ms
[3791.223s][info][gc,cpu         ] GC(924) User=0.69s Sys=0.00s Real=0.12s
...[3793.904s][info][gc,start       ] GC(925) Pause Young (Mixed) (G1 Evacuation Pause)
[3793.904s][info][gc,task        ] GC(925) Using 6 workers of 6 for evacuation
[3794.035s][info][gc,phases      ] GC(925)   Pre Evacuate Collection Set: 0.36ms
[3794.035s][info][gc,phases      ] GC(925)   Merge Heap Roots: 0.61ms
[3794.035s][info][gc,phases      ] GC(925)   Evacuate Collection Set: 129.02ms
[3794.035s][info][gc,phases      ] GC(925)   Post Evacuate Collection Set: 0.92ms
[3794.035s][info][gc,phases      ] GC(925)   Other: 0.09ms
[3794.035s][info][gc,heap        ] GC(925) Eden regions: 1107->0(1119)
[3794.035s][info][gc,heap        ] GC(925) Survivor regions: 111->109(153)
[3794.035s][info][gc,heap        ] GC(925) Old regions: 536->471
[3794.035s][info][gc,heap        ] GC(925) Humongous regions: 80->80
[3794.035s][info][gc,metaspace   ] GC(925) Metaspace: 28907K(29312K)->28907K(29312K) NonClass: 24039K(24256K)->24039K(24256K) Class: 4868K(5056K)->4868K(5056K)
[3794.035s][info][gc             ] GC(925) Pause Young (Mixed) (G1 Evacuation Pause) 3667M->1318M(4096M) 131.125ms
[3794.035s][info][gc,cpu         ] GC(925) User=0.78s Sys=0.00s Real=0.13s
...[3796.739s][info][gc,start       ] GC(926) Pause Young (Concurrent Start) (G1 Evacuation Pause)
[3796.740s][info][gc,task        ] GC(926) Using 6 workers of 6 for evacuation
[3796.856s][info][gc,phases      ] GC(926)   Pre Evacuate Collection Set: 0.38ms
[3796.856s][info][gc,phases      ] GC(926)   Merge Heap Roots: 0.48ms
[3796.856s][info][gc,phases      ] GC(926)   Evacuate Collection Set: 114.51ms
[3796.856s][info][gc,phases      ] GC(926)   Post Evacuate Collection Set: 0.88ms
[3796.856s][info][gc,phases      ] GC(926)   Other: 0.11ms
[3796.856s][info][gc,heap        ] GC(926) Eden regions: 1119->0(1120)
[3796.856s][info][gc,heap        ] GC(926) Survivor regions: 109->108(154)
[3796.856s][info][gc,heap        ] GC(926) Old regions: 471->502
[3796.856s][info][gc,heap        ] GC(926) Humongous regions: 80->80
[3796.856s][info][gc,metaspace   ] GC(926) Metaspace: 28907K(29312K)->28907K(29312K) NonClass: 24039K(24256K)->24039K(24256K) Class: 4868K(5056K)->4868K(5056K)
[3796.856s][info][gc             ] GC(926) Pause Young (Concurrent Start) (G1 Evacuation Pause) 3556M->1379M(4096M) 116.522ms
[3796.856s][info][gc             ] GC(927) Concurrent Mark Cycle
[3796.856s][info][gc,marking     ] GC(927) Concurrent Scan Root Regions
[3796.856s][info][gc,cpu         ] GC(926) User=0.69s Sys=0.00s Real=0.12s
[3797.044s][info][gc,marking     ] GC(927) Concurrent Scan Root Regions 187.497ms
[3797.044s][info][gc,marking     ] GC(927) Concurrent Mark
[3797.044s][info][gc,marking     ] GC(927) Concurrent Mark From Roots
[3797.044s][info][gc,task        ] GC(927) Using 2 workers of 2 for marking
.[3797.908s][info][gc,marking     ] GC(927) Concurrent Mark From Roots 864.706ms
[3797.908s][info][gc,marking     ] GC(927) Concurrent Preclean
[3797.908s][info][gc,marking     ] GC(927) Concurrent Preclean 0.106ms
[3797.909s][info][gc,start       ] GC(927) Pause Remark
[3797.915s][info][gc             ] GC(927) Pause Remark 2291M->2291M(4096M) 6.720ms
[3797.915s][info][gc,cpu         ] GC(927) User=0.04s Sys=0.00s Real=0.01s
[3797.915s][info][gc,marking     ] GC(927) Concurrent Mark 871.776ms
[3797.915s][info][gc,marking     ] GC(927) Concurrent Rebuild Remembered Sets and Scrub Regions
[3798.248s][info][gc,marking     ] GC(927) Concurrent Rebuild Remembered Sets and Scrub Regions 332.541ms
[3798.249s][info][gc,start       ] GC(927) Pause Cleanup
[3798.250s][info][gc             ] GC(927) Pause Cleanup 2571M->2571M(4096M) 0.128ms
[3798.250s][info][gc,cpu         ] GC(927) User=0.00s Sys=0.00s Real=0.00s
[3798.250s][info][gc,marking     ] GC(927) Concurrent Clear Claimed Marks
[3798.250s][info][gc,marking     ] GC(927) Concurrent Clear Claimed Marks 0.032ms
[3798.250s][info][gc,marking     ] GC(927) Concurrent Cleanup for Next Mark
[3798.255s][info][gc,marking     ] GC(927) Concurrent Cleanup for Next Mark 5.417ms
[3798.255s][info][gc             ] GC(927) Concurrent Mark Cycle 1399.198ms
..[3799.590s][info][gc,start       ] GC(928) Pause Young (Prepare Mixed) (G1 Evacuation Pause)
[3799.590s][info][gc,task        ] GC(928) Using 6 workers of 6 for evacuation
[3799.708s][info][gc,phases      ] GC(928)   Pre Evacuate Collection Set: 0.35ms
[3799.708s][info][gc,phases      ] GC(928)   Merge Heap Roots: 0.55ms
[3799.708s][info][gc,phases      ] GC(928)   Evacuate Collection Set: 115.66ms
[3799.708s][info][gc,phases      ] GC(928)   Post Evacuate Collection Set: 0.90ms
[3799.708s][info][gc,phases      ] GC(928)   Other: 0.09ms
[3799.708s][info][gc,heap        ] GC(928) Eden regions: 1120->0(1113)
[3799.708s][info][gc,heap        ] GC(928) Survivor regions: 108->109(154)
[3799.708s][info][gc,heap        ] GC(928) Old regions: 502->534
[3799.708s][info][gc,heap        ] GC(928) Humongous regions: 80->80
[3799.708s][info][gc,metaspace   ] GC(928) Metaspace: 28907K(29312K)->28907K(29312K) NonClass: 24039K(24256K)->24039K(24256K) Class: 4868K(5056K)->4868K(5056K)
[3799.708s][info][gc             ] GC(928) Pause Young (Prepare Mixed) (G1 Evacuation Pause) 3619M->1444M(4096M) 117.686ms
[3799.708s][info][gc,cpu         ] GC(928) User=0.70s Sys=0.00s Real=0.12s
...[3802.431s][info][gc,start       ] GC(929) Pause Young (Mixed) (G1 Evacuation Pause)
[3802.431s][info][gc,task        ] GC(929) Using 6 workers of 6 for evacuation
[3802.567s][info][gc,phases      ] GC(929)   Pre Evacuate Collection Set: 0.35ms
[3802.567s][info][gc,phases      ] GC(929)   Merge Heap Roots: 0.70ms
[3802.567s][info][gc,phases      ] GC(929)   Evacuate Collection Set: 133.66ms
[3802.567s][info][gc,phases      ] GC(929)   Post Evacuate Collection Set: 0.92ms
[3802.567s][info][gc,phases      ] GC(929)   Other: 0.09ms
[3802.567s][info][gc,heap        ] GC(929) Eden regions: 1113->0(1120)
[3802.567s][info][gc,heap        ] GC(929) Survivor regions: 109->108(153)
[3802.567s][info][gc,heap        ] GC(929) Old regions: 534->472
[3802.567s][info][gc,heap        ] GC(929) Humongous regions: 80->80
[3802.567s][info][gc,metaspace   ] GC(929) Metaspace: 28907K(29312K)->28907K(29312K) NonClass: 24039K(24256K)->24039K(24256K) Class: 4868K(5056K)->4868K(5056K)
[3802.567s][info][gc             ] GC(929) Pause Young (Mixed) (G1 Evacuation Pause) 3670M->1319M(4096M) 135.851ms
[3802.567s][info][gc,cpu         ] GC(929) User=0.80s Sys=0.00s Real=0.13s
..[3805.225s][info][gc,start       ] GC(930) Pause Young (Concurrent Start) (G1 Evacuation Pause)
[3805.225s][info][gc,task        ] GC(930) Using 6 workers of 6 for evacuation
[3805.338s][info][gc,phases      ] GC(930)   Pre Evacuate Collection Set: 0.37ms
[3805.338s][info][gc,phases      ] GC(930)   Merge Heap Roots: 0.46ms
[3805.338s][info][gc,phases      ] GC(930)   Evacuate Collection Set: 111.18ms
[3805.338s][info][gc,phases      ] GC(930)   Post Evacuate Collection Set: 0.85ms
[3805.338s][info][gc,phases      ] GC(930)   Other: 0.11ms
[3805.338s][info][gc,heap        ] GC(930) Eden regions: 1120->0(1121)
[3805.338s][info][gc,heap        ] GC(930) Survivor regions: 108->107(154)
[3805.338s][info][gc,heap        ] GC(930) Old regions: 472->505
[3805.338s][info][gc,heap        ] GC(930) Humongous regions: 80->80
[3805.338s][info][gc,metaspace   ] GC(930) Metaspace: 28907K(29312K)->28907K(29312K) NonClass: 24039K(24256K)->24039K(24256K) Class: 4868K(5056K)->4868K(5056K)
[3805.338s][info][gc             ] GC(930) Pause Young (Concurrent Start) (G1 Evacuation Pause) 3559M->1382M(4096M) 113.110ms
[3805.338s][info][gc             ] GC(931) Concurrent Mark Cycle
[3805.338s][info][gc,marking     ] GC(931) Concurrent Scan Root Regions
[3805.338s][info][gc,cpu         ] GC(930) User=0.67s Sys=0.00s Real=0.11s
.[3805.482s][info][gc,marking     ] GC(931) Concurrent Scan Root Regions 144.229ms
[3805.482s][info][gc,marking     ] GC(931) Concurrent Mark
[3805.482s][info][gc,marking     ] GC(931) Concurrent Mark From Roots
[3805.482s][info][gc,task        ] GC(931) Using 2 workers of 2 for marking
[3806.161s][info][gc,marking     ] GC(931) Concurrent Mark From Roots 679.132ms
[3806.161s][info][gc,marking     ] GC(931) Concurrent Preclean
[3806.161s][info][gc,marking     ] GC(931) Concurrent Preclean 0.085ms
[3806.162s][info][gc,start       ] GC(931) Pause Remark
[3806.167s][info][gc             ] GC(931) Pause Remark 2068M->2068M(4096M) 5.533ms
[3806.167s][info][gc,cpu         ] GC(931) User=0.03s Sys=0.00s Real=0.00s
[3806.167s][info][gc,marking     ] GC(931) Concurrent Mark 685.035ms
[3806.167s][info][gc,marking     ] GC(931) Concurrent Rebuild Remembered Sets and Scrub Regions
.[3806.414s][info][gc,marking     ] GC(931) Concurrent Rebuild Remembered Sets and Scrub Regions 246.886ms
[3806.415s][info][gc,start       ] GC(931) Pause Cleanup
[3806.415s][info][gc             ] GC(931) Pause Cleanup 2261M->2261M(4096M) 0.117ms
[3806.415s][info][gc,cpu         ] GC(931) User=0.00s Sys=0.00s Real=0.00s
[3806.417s][info][gc,marking     ] GC(931) Concurrent Clear Claimed Marks
[3806.417s][info][gc,marking     ] GC(931) Concurrent Clear Claimed Marks 0.047ms
[3806.417s][info][gc,marking     ] GC(931) Concurrent Cleanup for Next Mark
[3806.423s][info][gc,marking     ] GC(931) Concurrent Cleanup for Next Mark 6.235ms
[3806.423s][info][gc             ] GC(931) Concurrent Mark Cycle 1085.099ms
 (rIR:aIR:PR = 6642:6637:6637) (tPR = 98013) [OK] 
  3806s: Performance info:
         Transaction,    Success,    Partial,     Failed,   Receipts, AvgBarcode, 
             Overall,     403511,          0,          0,     383293,      59.48, 
         Response times:
             Request,    Success,    Partial,     Failed,   SkipFail,     Probes,    Samples,      min,      p50,      p90,      p95,      p99,      max, 
       TotalPurchase,     383289,          0,          0,          0,     362277,     396060,      300,     5500,    27000,    58000,   123000,   259000,
     InStorePurchase,     201829,          0,          0,          0,     190584,     208333,      300,     5500,    26000,    57000,   122000,   259000,
      OnlinePurchase,     141037,          0,          0,          0,     133763,     146074,      300,     5400,    27000,    57000,   124000,   259000,
        InstPurchase,      40423,          0,          0,          0,      37930,      41653,      300,     6100,    29000,    61000,   124000,   259000,
          AssocOfCat,        402,          0,          0,          0,        346,        461,    22000,    38000,    81000,   135400,   189940,   217000,
      AssocOfProduct,       4061,          0,          0,          0,       3773,       4361,     1300,     7100,    36000,    66900,   133380,   216000,
      BusinessReport,       1004,          0,          0,          0,        860,       1056,    26000,    46000,    96600,   131300,   203860,   269000,
          CustBuyBeh,       4046,          0,          0,          0,       3723,       4211,      200,     6800,    29000,    63000,   120000,   216000,
       ProductReturn,      10695,          0,          0,          0,      10230,      11494,      200,     5300,    26000,    57000,   121000,   222000,

  3806s: (49%)   IR =   6780 .[3808.104s][info][gc,start       ] GC(932) Pause Young (Prepare Mixed) (G1 Evacuation Pause)
[3808.104s][info][gc,task        ] GC(932) Using 6 workers of 6 for evacuation
[3808.224s][info][gc,phases      ] GC(932)   Pre Evacuate Collection Set: 0.34ms
[3808.224s][info][gc,phases      ] GC(932)   Merge Heap Roots: 0.51ms
[3808.224s][info][gc,phases      ] GC(932)   Evacuate Collection Set: 118.28ms
[3808.224s][info][gc,phases      ] GC(932)   Post Evacuate Collection Set: 0.89ms
[3808.224s][info][gc,phases      ] GC(932)   Other: 0.09ms
[3808.224s][info][gc,heap        ] GC(932) Eden regions: 1121->0(1100)
[3808.224s][info][gc,heap        ] GC(932) Survivor regions: 107->114(154)
[3808.224s][info][gc,heap        ] GC(932) Old regions: 505->537
[3808.224s][info][gc,heap        ] GC(932) Humongous regions: 80->80
[3808.224s][info][gc,metaspace   ] GC(932) Metaspace: 28907K(29312K)->28907K(29312K) NonClass: 24039K(24256K)->24039K(24256K) Class: 4868K(5056K)->4868K(5056K)
[3808.224s][info][gc             ] GC(932) Pause Young (Prepare Mixed) (G1 Evacuation Pause) 3624M->1460M(4096M) 120.240ms
[3808.224s][info][gc,cpu         ] GC(932) User=0.71s Sys=0.00s Real=0.12s
...[3810.837s][info][gc,start       ] GC(933) Pause Young (Mixed) (G1 Evacuation Pause)
[3810.838s][info][gc,task        ] GC(933) Using 6 workers of 6 for evacuation
[3810.972s][info][gc,phases      ] GC(933)   Pre Evacuate Collection Set: 0.36ms
[3810.972s][info][gc,phases      ] GC(933)   Merge Heap Roots: 0.59ms
[3810.972s][info][gc,phases      ] GC(933)   Evacuate Collection Set: 132.25ms
[3810.972s][info][gc,phases      ] GC(933)   Post Evacuate Collection Set: 0.91ms
[3810.972s][info][gc,phases      ] GC(933)   Other: 0.09ms
[3810.972s][info][gc,heap        ] GC(933) Eden regions: 1100->0(1116)
[3810.972s][info][gc,heap        ] GC(933) Survivor regions: 114->112(152)
[3810.972s][info][gc,heap        ] GC(933) Old regions: 537->474
[3810.972s][info][gc,heap        ] GC(933) Humongous regions: 80->80
[3810.972s][info][gc,metaspace   ] GC(933) Metaspace: 28907K(29312K)->28907K(29312K) NonClass: 24039K(24256K)->24039K(24256K) Class: 4868K(5056K)->4868K(5056K)
[3810.972s][info][gc             ] GC(933) Pause Young (Mixed) (G1 Evacuation Pause) 3660M->1330M(4096M) 134.324ms
[3810.972s][info][gc,cpu         ] GC(933) User=0.80s Sys=0.00s Real=0.14s
.|..[3813.622s][info][gc,start       ] GC(934) Pause Young (Concurrent Start) (G1 Evacuation Pause)
[3813.622s][info][gc,task        ] GC(934) Using 6 workers of 6 for evacuation
[3813.741s][info][gc,phases      ] GC(934)   Pre Evacuate Collection Set: 0.39ms
[3813.741s][info][gc,phases      ] GC(934)   Merge Heap Roots: 0.47ms
[3813.741s][info][gc,phases      ] GC(934)   Evacuate Collection Set: 116.83ms
[3813.741s][info][gc,phases      ] GC(934)   Post Evacuate Collection Set: 0.87ms
[3813.741s][info][gc,phases      ] GC(934)   Other: 0.13ms
[3813.741s][info][gc,heap        ] GC(934) Eden regions: 1116->0(1116)
[3813.741s][info][gc,heap        ] GC(934) Survivor regions: 112->112(154)
[3813.741s][info][gc,heap        ] GC(934) Old regions: 474->507
[3813.741s][info][gc,heap        ] GC(934) Humongous regions: 80->80
[3813.741s][info][gc,metaspace   ] GC(934) Metaspace: 28907K(29312K)->28907K(29312K) NonClass: 24039K(24256K)->24039K(24256K) Class: 4868K(5056K)->4868K(5056K)
[3813.741s][info][gc             ] GC(934) Pause Young (Concurrent Start) (G1 Evacuation Pause) 3562M->1395M(4096M) 118.845ms
[3813.741s][info][gc             ] GC(935) Concurrent Mark Cycle
[3813.741s][info][gc,marking     ] GC(935) Concurrent Scan Root Regions
[3813.741s][info][gc,cpu         ] GC(934) User=0.71s Sys=0.00s Real=0.12s
[3813.929s][info][gc,marking     ] GC(935) Concurrent Scan Root Regions 187.574ms
[3813.929s][info][gc,marking     ] GC(935) Concurrent Mark
[3813.929s][info][gc,marking     ] GC(935) Concurrent Mark From Roots
[3813.929s][info][gc,task        ] GC(935) Using 2 workers of 2 for marking
.[3814.854s][info][gc,marking     ] GC(935) Concurrent Mark From Roots 925.287ms
[3814.854s][info][gc,marking     ] GC(935) Concurrent Preclean
[3814.854s][info][gc,marking     ] GC(935) Concurrent Preclean 0.125ms
[3814.854s][info][gc,start       ] GC(935) Pause Remark
[3814.862s][info][gc             ] GC(935) Pause Remark 2377M->2377M(4096M) 7.098ms
[3814.862s][info][gc,cpu         ] GC(935) User=0.04s Sys=0.00s Real=0.01s
[3814.862s][info][gc,marking     ] GC(935) Concurrent Mark 933.601ms
[3814.862s][info][gc,marking     ] GC(935) Concurrent Rebuild Remembered Sets and Scrub Regions
[3815.191s][info][gc,marking     ] GC(935) Concurrent Rebuild Remembered Sets and Scrub Regions 328.879ms
[3815.192s][info][gc,start       ] GC(935) Pause Cleanup
[3815.192s][info][gc             ] GC(935) Pause Cleanup 2668M->2668M(4096M) 0.110ms
[3815.192s][info][gc,cpu         ] GC(935) User=0.00s Sys=0.00s Real=0.00s
[3815.192s][info][gc,marking     ] GC(935) Concurrent Clear Claimed Marks
[3815.192s][info][gc,marking     ] GC(935) Concurrent Clear Claimed Marks 0.021ms
[3815.192s][info][gc,marking     ] GC(935) Concurrent Cleanup for Next Mark
[3815.197s][info][gc,marking     ] GC(935) Concurrent Cleanup for Next Mark 5.612ms
[3815.197s][info][gc             ] GC(935) Concurrent Mark Cycle 1456.196ms
.[3816.337s][info][gc,start       ] GC(936) Pause Young (Prepare Mixed) (G1 Evacuation Pause)
[3816.338s][info][gc,task        ] GC(936) Using 6 workers of 6 for evacuation
[3816.454s][info][gc,phases      ] GC(936)   Pre Evacuate Collection Set: 0.30ms
[3816.454s][info][gc,phases      ] GC(936)   Merge Heap Roots: 0.54ms
[3816.454s][info][gc,phases      ] GC(936)   Evacuate Collection Set: 114.34ms
[3816.454s][info][gc,phases      ] GC(936)   Post Evacuate Collection Set: 0.91ms
[3816.454s][info][gc,phases      ] GC(936)   Other: 0.09ms
[3816.454s][info][gc,heap        ] GC(936) Eden regions: 1116->0(1109)
[3816.454s][info][gc,heap        ] GC(936) Survivor regions: 112->109(154)
[3816.454s][info][gc,heap        ] GC(936) Old regions: 507->538
[3816.454s][info][gc,heap        ] GC(936) Humongous regions: 80->80
[3816.454s][info][gc,metaspace   ] GC(936) Metaspace: 28907K(29312K)->28907K(29312K) NonClass: 24039K(24256K)->24039K(24256K) Class: 4868K(5056K)->4868K(5056K)
[3816.454s][info][gc             ] GC(936) Pause Young (Prepare Mixed) (G1 Evacuation Pause) 3627M->1452M(4096M) 116.339ms
[3816.454s][info][gc,cpu         ] GC(936) User=0.69s Sys=0.00s Real=0.12s
...[3819.139s][info][gc,start       ] GC(937) Pause Young (Mixed) (G1 Evacuation Pause)
[3819.139s][info][gc,task        ] GC(937) Using 6 workers of 6 for evacuation
[3819.271s][info][gc,phases      ] GC(937)   Pre Evacuate Collection Set: 0.40ms
[3819.271s][info][gc,phases      ] GC(937)   Merge Heap Roots: 0.66ms
[3819.271s][info][gc,phases      ] GC(937)   Evacuate Collection Set: 129.63ms
[3819.271s][info][gc,phases      ] GC(937)   Post Evacuate Collection Set: 0.93ms
[3819.271s][info][gc,phases      ] GC(937)   Other: 0.10ms
[3819.271s][info][gc,heap        ] GC(937) Eden regions: 1109->0(1118)
[3819.271s][info][gc,heap        ] GC(937) Survivor regions: 109->110(153)
[3819.271s][info][gc,heap        ] GC(937) Old regions: 538->472
[3819.271s][info][gc,heap        ] GC(937) Humongous regions: 80->80
[3819.271s][info][gc,metaspace   ] GC(937) Metaspace: 28907K(29312K)->28907K(29312K) NonClass: 24039K(24256K)->24039K(24256K) Class: 4868K(5056K)->4868K(5056K)
[3819.271s][info][gc             ] GC(937) Pause Young (Mixed) (G1 Evacuation Pause) 3670M->1322M(4096M) 131.859ms
[3819.271s][info][gc,cpu         ] GC(937) User=0.78s Sys=0.00s Real=0.13s
...[3821.927s][info][gc,start       ] GC(938) Pause Young (Concurrent Start) (G1 Evacuation Pause)
[3821.927s][info][gc,task        ] GC(938) Using 6 workers of 6 for evacuation
[3822.042s][info][gc,phases      ] GC(938)   Pre Evacuate Collection Set: 0.37ms
[3822.042s][info][gc,phases      ] GC(938)   Merge Heap Roots: 0.44ms
[3822.042s][info][gc,phases      ] GC(938)   Evacuate Collection Set: 113.03ms
[3822.042s][info][gc,phases      ] GC(938)   Post Evacuate Collection Set: 0.84ms
[3822.042s][info][gc,phases      ] GC(938)   Other: 0.10ms
[3822.042s][info][gc,heap        ] GC(938) Eden regions: 1118->0(1118)
[3822.042s][info][gc,heap        ] GC(938) Survivor regions: 110->110(154)
[3822.042s][info][gc,heap        ] GC(938) Old regions: 472->504
[3822.042s][info][gc,heap        ] GC(938) Humongous regions: 80->80
[3822.042s][info][gc,metaspace   ] GC(938) Metaspace: 28907K(29312K)->28907K(29312K) NonClass: 24039K(24256K)->24039K(24256K) Class: 4868K(5056K)->4868K(5056K)
[3822.042s][info][gc             ] GC(938) Pause Young (Concurrent Start) (G1 Evacuation Pause) 3558M->1385M(4096M) 114.907ms
[3822.042s][info][gc             ] GC(939) Concurrent Mark Cycle
[3822.042s][info][gc,marking     ] GC(939) Concurrent Scan Root Regions
[3822.042s][info][gc,cpu         ] GC(938) User=0.68s Sys=0.00s Real=0.12s
[3822.233s][info][gc,marking     ] GC(939) Concurrent Scan Root Regions 191.181ms
[3822.233s][info][gc,marking     ] GC(939) Concurrent Mark
[3822.233s][info][gc,marking     ] GC(939) Concurrent Mark From Roots
[3822.233s][info][gc,task        ] GC(939) Using 2 workers of 2 for marking
.[3823.156s][info][gc,marking     ] GC(939) Concurrent Mark From Roots 922.569ms
[3823.156s][info][gc,marking     ] GC(939) Concurrent Preclean
[3823.156s][info][gc,marking     ] GC(939) Concurrent Preclean 0.133ms
[3823.156s][info][gc,start       ] GC(939) Pause Remark
[3823.163s][info][gc             ] GC(939) Pause Remark 2369M->2369M(4096M) 6.299ms
[3823.163s][info][gc,cpu         ] GC(939) User=0.04s Sys=0.00s Real=0.01s
[3823.163s][info][gc,marking     ] GC(939) Concurrent Mark 929.601ms
[3823.163s][info][gc,marking     ] GC(939) Concurrent Rebuild Remembered Sets and Scrub Regions
[3823.478s][info][gc,marking     ] GC(939) Concurrent Rebuild Remembered Sets and Scrub Regions 314.964ms
[3823.478s][info][gc,start       ] GC(939) Pause Cleanup
[3823.478s][info][gc             ] GC(939) Pause Cleanup 2633M->2633M(4096M) 0.106ms
[3823.478s][info][gc,cpu         ] GC(939) User=0.00s Sys=0.00s Real=0.00s
[3823.478s][info][gc,marking     ] GC(939) Concurrent Clear Claimed Marks
[3823.478s][info][gc,marking     ] GC(939) Concurrent Clear Claimed Marks 0.021ms
[3823.478s][info][gc,marking     ] GC(939) Concurrent Cleanup for Next Mark
.[3823.532s][info][gc,marking     ] GC(939) Concurrent Cleanup for Next Mark 53.200ms
[3823.532s][info][gc             ] GC(939) Concurrent Mark Cycle 1489.439ms
.[3824.678s][info][gc,start       ] GC(940) Pause Young (Prepare Mixed) (G1 Evacuation Pause)
[3824.678s][info][gc,task        ] GC(940) Using 6 workers of 6 for evacuation
[3824.798s][info][gc,phases      ] GC(940)   Pre Evacuate Collection Set: 0.30ms
[3824.798s][info][gc,phases      ] GC(940)   Merge Heap Roots: 0.50ms
[3824.798s][info][gc,phases      ] GC(940)   Evacuate Collection Set: 118.16ms
[3824.798s][info][gc,phases      ] GC(940)   Post Evacuate Collection Set: 0.88ms
[3824.798s][info][gc,phases      ] GC(940)   Other: 0.08ms
[3824.798s][info][gc,heap        ] GC(940) Eden regions: 1118->0(1104)
[3824.798s][info][gc,heap        ] GC(940) Survivor regions: 110->113(154)
[3824.798s][info][gc,heap        ] GC(940) Old regions: 504->535
[3824.798s][info][gc,heap        ] GC(940) Humongous regions: 80->80
[3824.798s][info][gc,metaspace   ] GC(940) Metaspace: 28907K(29312K)->28907K(29312K) NonClass: 24039K(24256K)->24039K(24256K) Class: 4868K(5056K)->4868K(5056K)
[3824.798s][info][gc             ] GC(940) Pause Young (Prepare Mixed) (G1 Evacuation Pause) 3621M->1455M(4096M) 120.045ms
[3824.799s][info][gc,cpu         ] GC(940) User=0.72s Sys=0.00s Real=0.12s
..[3827.447s][info][gc,start       ] GC(941) Pause Young (Mixed) (G1 Evacuation Pause)
[3827.447s][info][gc,task        ] GC(941) Using 6 workers of 6 for evacuation
[3827.582s][info][gc,phases      ] GC(941)   Pre Evacuate Collection Set: 0.34ms
[3827.582s][info][gc,phases      ] GC(941)   Merge Heap Roots: 0.66ms
[3827.582s][info][gc,phases      ] GC(941)   Evacuate Collection Set: 132.80ms
[3827.582s][info][gc,phases      ] GC(941)   Post Evacuate Collection Set: 1.00ms
[3827.582s][info][gc,phases      ] GC(941)   Other: 0.09ms
[3827.582s][info][gc,heap        ] GC(941) Eden regions: 1104->0(1116)
[3827.582s][info][gc,heap        ] GC(941) Survivor regions: 113->112(153)
[3827.582s][info][gc,heap        ] GC(941) Old regions: 535->473
[3827.582s][info][gc,heap        ] GC(941) Humongous regions: 80->80
[3827.582s][info][gc,metaspace   ] GC(941) Metaspace: 28907K(29312K)->28907K(29312K) NonClass: 24039K(24256K)->24039K(24256K) Class: 4868K(5056K)->4868K(5056K)
[3827.582s][info][gc             ] GC(941) Pause Young (Mixed) (G1 Evacuation Pause) 3663M->1327M(4096M) 135.043ms
[3827.582s][info][gc,cpu         ] GC(941) User=0.80s Sys=0.00s Real=0.14s
...[3830.218s][info][gc,start       ] GC(942) Pause Young (Concurrent Start) (G1 Evacuation Pause)
[3830.218s][info][gc,task        ] GC(942) Using 6 workers of 6 for evacuation
[3830.338s][info][gc,phases      ] GC(942)   Pre Evacuate Collection Set: 0.36ms
[3830.338s][info][gc,phases      ] GC(942)   Merge Heap Roots: 0.44ms
[3830.338s][info][gc,phases      ] GC(942)   Evacuate Collection Set: 117.69ms
[3830.338s][info][gc,phases      ] GC(942)   Post Evacuate Collection Set: 0.86ms
[3830.338s][info][gc,phases      ] GC(942)   Other: 0.12ms
[3830.338s][info][gc,heap        ] GC(942) Eden regions: 1116->0(1117)
[3830.338s][info][gc,heap        ] GC(942) Survivor regions: 112->111(154)
[3830.338s][info][gc,heap        ] GC(942) Old regions: 473->504
[3830.338s][info][gc,heap        ] GC(942) Humongous regions: 80->80
[3830.338s][info][gc,metaspace   ] GC(942) Metaspace: 28907K(29312K)->28907K(29312K) NonClass: 24039K(24256K)->24039K(24256K) Class: 4868K(5056K)->4868K(5056K)
[3830.338s][info][gc             ] GC(942) Pause Young (Concurrent Start) (G1 Evacuation Pause) 3559M->1389M(4096M) 119.603ms
[3830.338s][info][gc             ] GC(943) Concurrent Mark Cycle
[3830.338s][info][gc,marking     ] GC(943) Concurrent Scan Root Regions
[3830.338s][info][gc,cpu         ] GC(942) User=0.71s Sys=0.00s Real=0.12s
[3830.523s][info][gc,marking     ] GC(943) Concurrent Scan Root Regions 185.419ms
[3830.524s][info][gc,marking     ] GC(943) Concurrent Mark
[3830.524s][info][gc,marking     ] GC(943) Concurrent Mark From Roots
[3830.524s][info][gc,task        ] GC(943) Using 2 workers of 2 for marking
.[3831.249s][info][gc,marking     ] GC(943) Concurrent Mark From Roots 725.265ms
[3831.249s][info][gc,marking     ] GC(943) Concurrent Preclean
[3831.249s][info][gc,marking     ] GC(943) Concurrent Preclean 0.072ms
[3831.251s][info][gc,start       ] GC(943) Pause Remark
[3831.257s][info][gc             ] GC(943) Pause Remark 2185M->2185M(4096M) 6.016ms
[3831.257s][info][gc,cpu         ] GC(943) User=0.03s Sys=0.00s Real=0.01s
[3831.257s][info][gc,marking     ] GC(943) Concurrent Mark 733.438ms
[3831.257s][info][gc,marking     ] GC(943) Concurrent Rebuild Remembered Sets and Scrub Regions
[3831.611s][info][gc,marking     ] GC(943) Concurrent Rebuild Remembered Sets and Scrub Regions 354.073ms
[3831.615s][info][gc,start       ] GC(943) Pause Cleanup
[3831.615s][info][gc             ] GC(943) Pause Cleanup 2487M->2487M(4096M) 0.153ms
[3831.615s][info][gc,cpu         ] GC(943) User=0.00s Sys=0.00s Real=0.00s
[3831.616s][info][gc,marking     ] GC(943) Concurrent Clear Claimed Marks
[3831.616s][info][gc,marking     ] GC(943) Concurrent Clear Claimed Marks 0.032ms
[3831.616s][info][gc,marking     ] GC(943) Concurrent Cleanup for Next Mark
[3831.620s][info][gc,marking     ] GC(943) Concurrent Cleanup for Next Mark 4.755ms
[3831.620s][info][gc             ] GC(943) Concurrent Mark Cycle 1282.389ms
..[3832.977s][info][gc,start       ] GC(944) Pause Young (Prepare Mixed) (G1 Evacuation Pause)
[3832.977s][info][gc,task        ] GC(944) Using 6 workers of 6 for evacuation
[3833.097s][info][gc,phases      ] GC(944)   Pre Evacuate Collection Set: 0.30ms
[3833.097s][info][gc,phases      ] GC(944)   Merge Heap Roots: 0.49ms
[3833.097s][info][gc,phases      ] GC(944)   Evacuate Collection Set: 117.59ms
[3833.097s][info][gc,phases      ] GC(944)   Post Evacuate Collection Set: 0.90ms
[3833.097s][info][gc,phases      ] GC(944)   Other: 0.09ms
[3833.097s][info][gc,heap        ] GC(944) Eden regions: 1117->0(1102)
[3833.097s][info][gc,heap        ] GC(944) Survivor regions: 111->114(154)
[3833.097s][info][gc,heap        ] GC(944) Old regions: 504->535
[3833.097s][info][gc,heap        ] GC(944) Humongous regions: 80->80
[3833.097s][info][gc,metaspace   ] GC(944) Metaspace: 28907K(29312K)->28907K(29312K) NonClass: 24039K(24256K)->24039K(24256K) Class: 4868K(5056K)->4868K(5056K)
[3833.097s][info][gc             ] GC(944) Pause Young (Prepare Mixed) (G1 Evacuation Pause) 3623M->1457M(4096M) 119.500ms
[3833.097s][info][gc,cpu         ] GC(944) User=0.71s Sys=0.00s Real=0.12s
..[3835.677s][info][gc,start       ] GC(945) Pause Young (Mixed) (G1 Evacuation Pause)
[3835.677s][info][gc,task        ] GC(945) Using 6 workers of 6 for evacuation
[3835.808s][info][gc,phases      ] GC(945)   Pre Evacuate Collection Set: 0.39ms
[3835.808s][info][gc,phases      ] GC(945)   Merge Heap Roots: 0.67ms
[3835.808s][info][gc,phases      ] GC(945)   Evacuate Collection Set: 129.34ms
[3835.808s][info][gc,phases      ] GC(945)   Post Evacuate Collection Set: 0.95ms
[3835.809s][info][gc,phases      ] GC(945)   Other: 0.09ms
[3835.809s][info][gc,heap        ] GC(945) Eden regions: 1102->0(1120)
[3835.809s][info][gc,heap        ] GC(945) Survivor regions: 114->108(152)
[3835.809s][info][gc,heap        ] GC(945) Old regions: 535->471
[3835.809s][info][gc,heap        ] GC(945) Humongous regions: 80->80
[3835.809s][info][gc,metaspace   ] GC(945) Metaspace: 28907K(29312K)->28907K(29312K) NonClass: 24039K(24256K)->24039K(24256K) Class: 4868K(5056K)->4868K(5056K)
[3835.809s][info][gc             ] GC(945) Pause Young (Mixed) (G1 Evacuation Pause) 3661M->1317M(4096M) 131.595ms
[3835.809s][info][gc,cpu         ] GC(945) User=0.78s Sys=0.00s Real=0.13s
...[3838.486s][info][gc,start       ] GC(946) Pause Young (Concurrent Start) (G1 Evacuation Pause)
[3838.486s][info][gc,task        ] GC(946) Using 6 workers of 6 for evacuation
[3838.610s][info][gc,phases      ] GC(946)   Pre Evacuate Collection Set: 0.34ms
[3838.610s][info][gc,phases      ] GC(946)   Merge Heap Roots: 0.50ms
[3838.610s][info][gc,phases      ] GC(946)   Evacuate Collection Set: 121.63ms
[3838.610s][info][gc,phases      ] GC(946)   Post Evacuate Collection Set: 0.88ms
[3838.610s][info][gc,phases      ] GC(946)   Other: 0.11ms
[3838.610s][info][gc,heap        ] GC(946) Eden regions: 1120->0(1115)
[3838.610s][info][gc,heap        ] GC(946) Survivor regions: 108->113(154)
[3838.610s][info][gc,heap        ] GC(946) Old regions: 471->503
[3838.610s][info][gc,heap        ] GC(946) Humongous regions: 80->80
[3838.610s][info][gc,metaspace   ] GC(946) Metaspace: 28907K(29312K)->28907K(29312K) NonClass: 24039K(24256K)->24039K(24256K) Class: 4868K(5056K)->4868K(5056K)
[3838.610s][info][gc             ] GC(946) Pause Young (Concurrent Start) (G1 Evacuation Pause) 3557M->1390M(4096M) 123.585ms
[3838.610s][info][gc             ] GC(947) Concurrent Mark Cycle
[3838.610s][info][gc,marking     ] GC(947) Concurrent Scan Root Regions
[3838.610s][info][gc,cpu         ] GC(946) User=0.73s Sys=0.00s Real=0.12s
[3838.729s][info][gc,marking     ] GC(947) Concurrent Scan Root Regions 119.065ms
[3838.729s][info][gc,marking     ] GC(947) Concurrent Mark
[3838.729s][info][gc,marking     ] GC(947) Concurrent Mark From Roots
[3838.729s][info][gc,task        ] GC(947) Using 2 workers of 2 for marking
.[3839.287s][info][gc,marking     ] GC(947) Concurrent Mark From Roots 557.967ms
[3839.287s][info][gc,marking     ] GC(947) Concurrent Preclean
[3839.287s][info][gc,marking     ] GC(947) Concurrent Preclean 0.116ms
[3839.287s][info][gc,start       ] GC(947) Pause Remark
[3839.292s][info][gc             ] GC(947) Pause Remark 1864M->1864M(4096M) 4.467ms
[3839.292s][info][gc,cpu         ] GC(947) User=0.02s Sys=0.00s Real=0.01s
[3839.292s][info][gc,marking     ] GC(947) Concurrent Mark 563.133ms
[3839.292s][info][gc,marking     ] GC(947) Concurrent Rebuild Remembered Sets and Scrub Regions
[3839.570s][info][gc,marking     ] GC(947) Concurrent Rebuild Remembered Sets and Scrub Regions 278.101ms
[3839.570s][info][gc,start       ] GC(947) Pause Cleanup
[3839.570s][info][gc             ] GC(947) Pause Cleanup 2106M->2106M(4096M) 0.101ms
[3839.570s][info][gc,cpu         ] GC(947) User=0.00s Sys=0.00s Real=0.00s
[3839.573s][info][gc,marking     ] GC(947) Concurrent Clear Claimed Marks
[3839.573s][info][gc,marking     ] GC(947) Concurrent Clear Claimed Marks 0.044ms
[3839.573s][info][gc,marking     ] GC(947) Concurrent Cleanup for Next Mark
[3839.577s][info][gc,marking     ] GC(947) Concurrent Cleanup for Next Mark 4.525ms
[3839.577s][info][gc             ] GC(947) Concurrent Mark Cycle 967.408ms
..[3841.235s][info][gc,start       ] GC(948) Pause Young (Prepare Mixed) (G1 Evacuation Pause)
[3841.235s][info][gc,task        ] GC(948) Using 6 workers of 6 for evacuation
[3841.349s][info][gc,phases      ] GC(948)   Pre Evacuate Collection Set: 0.32ms
[3841.350s][info][gc,phases      ] GC(948)   Merge Heap Roots: 0.51ms
[3841.350s][info][gc,phases      ] GC(948)   Evacuate Collection Set: 112.38ms
[3841.350s][info][gc,phases      ] GC(948)   Post Evacuate Collection Set: 0.89ms
[3841.350s][info][gc,phases      ] GC(948)   Other: 0.08ms
[3841.350s][info][gc,heap        ] GC(948) Eden regions: 1115->0(1117)
[3841.350s][info][gc,heap        ] GC(948) Survivor regions: 113->107(154)
[3841.350s][info][gc,heap        ] GC(948) Old regions: 503->534
[3841.350s][info][gc,heap        ] GC(948) Humongous regions: 80->80
[3841.350s][info][gc,metaspace   ] GC(948) Metaspace: 28907K(29312K)->28907K(29312K) NonClass: 24039K(24256K)->24039K(24256K) Class: 4868K(5056K)->4868K(5056K)
[3841.350s][info][gc             ] GC(948) Pause Young (Prepare Mixed) (G1 Evacuation Pause) 3620M->1440M(4096M) 114.327ms
[3841.350s][info][gc,cpu         ] GC(948) User=0.68s Sys=0.00s Real=0.11s
...[3843.995s][info][gc,start       ] GC(949) Pause Young (Mixed) (G1 Evacuation Pause)
[3843.995s][info][gc,task        ] GC(949) Using 6 workers of 6 for evacuation
[3844.130s][info][gc,phases      ] GC(949)   Pre Evacuate Collection Set: 0.35ms
[3844.130s][info][gc,phases      ] GC(949)   Merge Heap Roots: 0.65ms
[3844.130s][info][gc,phases      ] GC(949)   Evacuate Collection Set: 132.30ms
[3844.130s][info][gc,phases      ] GC(949)   Post Evacuate Collection Set: 0.93ms
[3844.130s][info][gc,phases      ] GC(949)   Other: 0.09ms
[3844.130s][info][gc,heap        ] GC(949) Eden regions: 1117->0(1116)
[3844.130s][info][gc,heap        ] GC(949) Survivor regions: 107->112(153)
[3844.130s][info][gc,heap        ] GC(949) Old regions: 534->471
[3844.130s][info][gc,heap        ] GC(949) Humongous regions: 80->80
[3844.130s][info][gc,metaspace   ] GC(949) Metaspace: 28907K(29312K)->28907K(29312K) NonClass: 24039K(24256K)->24039K(24256K) Class: 4868K(5056K)->4868K(5056K)
[3844.130s][info][gc             ] GC(949) Pause Young (Mixed) (G1 Evacuation Pause) 3674M->1323M(4096M) 134.465ms
[3844.130s][info][gc,cpu         ] GC(949) User=0.80s Sys=0.00s Real=0.13s
..[3846.815s][info][gc,start       ] GC(950) Pause Young (Concurrent Start) (G1 Evacuation Pause)
[3846.815s][info][gc,task        ] GC(950) Using 6 workers of 6 for evacuation
[3846.931s][info][gc,phases      ] GC(950)   Pre Evacuate Collection Set: 0.37ms
[3846.931s][info][gc,phases      ] GC(950)   Merge Heap Roots: 0.44ms
[3846.931s][info][gc,phases      ] GC(950)   Evacuate Collection Set: 114.30ms
[3846.931s][info][gc,phases      ] GC(950)   Post Evacuate Collection Set: 0.85ms
[3846.931s][info][gc,phases      ] GC(950)   Other: 0.12ms
[3846.931s][info][gc,heap        ] GC(950) Eden regions: 1116->0(1118)
[3846.931s][info][gc,heap        ] GC(950) Survivor regions: 112->110(154)
[3846.931s][info][gc,heap        ] GC(950) Old regions: 471->502
[3846.931s][info][gc,heap        ] GC(950) Humongous regions: 80->80
[3846.931s][info][gc,metaspace   ] GC(950) Metaspace: 28907K(29312K)->28907K(29312K) NonClass: 24039K(24256K)->24039K(24256K) Class: 4868K(5056K)->4868K(5056K)
[3846.931s][info][gc             ] GC(950) Pause Young (Concurrent Start) (G1 Evacuation Pause) 3555M->1382M(4096M) 116.249ms
[3846.931s][info][gc             ] GC(951) Concurrent Mark Cycle
[3846.931s][info][gc,marking     ] GC(951) Concurrent Scan Root Regions
[3846.931s][info][gc,cpu         ] GC(950) User=0.69s Sys=0.00s Real=0.11s
.[3847.110s][info][gc,marking     ] GC(951) Concurrent Scan Root Regions 179.111ms
[3847.110s][info][gc,marking     ] GC(951) Concurrent Mark
[3847.110s][info][gc,marking     ] GC(951) Concurrent Mark From Roots
[3847.110s][info][gc,task        ] GC(951) Using 2 workers of 2 for marking
[3847.809s][info][gc,marking     ] GC(951) Concurrent Mark From Roots 698.473ms
[3847.809s][info][gc,marking     ] GC(951) Concurrent Preclean
[3847.809s][info][gc,marking     ] GC(951) Concurrent Preclean 0.128ms
[3847.809s][info][gc,start       ] GC(951) Pause Remark
[3847.815s][info][gc             ] GC(951) Pause Remark 2148M->2148M(4096M) 5.903ms
[3847.815s][info][gc,cpu         ] GC(951) User=0.04s Sys=0.00s Real=0.01s
[3847.816s][info][gc,marking     ] GC(951) Concurrent Mark 705.447ms
[3847.816s][info][gc,marking     ] GC(951) Concurrent Rebuild Remembered Sets and Scrub Regions
.[3848.084s][info][gc,marking     ] GC(951) Concurrent Rebuild Remembered Sets and Scrub Regions 268.386ms
[3848.084s][info][gc,start       ] GC(951) Pause Cleanup
[3848.085s][info][gc             ] GC(951) Pause Cleanup 2353M->2353M(4096M) 0.115ms
[3848.085s][info][gc,cpu         ] GC(951) User=0.00s Sys=0.00s Real=0.00s
[3848.086s][info][gc,marking     ] GC(951) Concurrent Clear Claimed Marks
[3848.086s][info][gc,marking     ] GC(951) Concurrent Clear Claimed Marks 0.039ms
[3848.086s][info][gc,marking     ] GC(951) Concurrent Cleanup for Next Mark
[3848.091s][info][gc,marking     ] GC(951) Concurrent Cleanup for Next Mark 5.211ms
[3848.091s][info][gc             ] GC(951) Concurrent Mark Cycle 1159.995ms
.[3849.570s][info][gc,start       ] GC(952) Pause Young (Prepare Mixed) (G1 Evacuation Pause)
[3849.570s][info][gc,task        ] GC(952) Using 6 workers of 6 for evacuation
[3849.693s][info][gc,phases      ] GC(952)   Pre Evacuate Collection Set: 0.30ms
[3849.693s][info][gc,phases      ] GC(952)   Merge Heap Roots: 0.49ms
[3849.693s][info][gc,phases      ] GC(952)   Evacuate Collection Set: 120.61ms
[3849.693s][info][gc,phases      ] GC(952)   Post Evacuate Collection Set: 0.93ms
[3849.693s][info][gc,phases      ] GC(952)   Other: 0.09ms
[3849.693s][info][gc,heap        ] GC(952) Eden regions: 1118->0(1105)
[3849.693s][info][gc,heap        ] GC(952) Survivor regions: 110->113(154)
[3849.693s][info][gc,heap        ] GC(952) Old regions: 502->534
[3849.693s][info][gc,heap        ] GC(952) Humongous regions: 80->80
[3849.693s][info][gc,metaspace   ] GC(952) Metaspace: 28907K(29312K)->28907K(29312K) NonClass: 24039K(24256K)->24039K(24256K) Class: 4868K(5056K)->4868K(5056K)
[3849.693s][info][gc             ] GC(952) Pause Young (Prepare Mixed) (G1 Evacuation Pause) 3618M->1452M(4096M) 122.539ms
[3849.693s][info][gc,cpu         ] GC(952) User=0.72s Sys=0.00s Real=0.13s
...[3852.295s][info][gc,start       ] GC(953) Pause Young (Mixed) (G1 Evacuation Pause)
[3852.295s][info][gc,task        ] GC(953) Using 6 workers of 6 for evacuation
[3852.426s][info][gc,phases      ] GC(953)   Pre Evacuate Collection Set: 0.39ms
[3852.426s][info][gc,phases      ] GC(953)   Merge Heap Roots: 0.70ms
[3852.426s][info][gc,phases      ] GC(953)   Evacuate Collection Set: 129.52ms
[3852.426s][info][gc,phases      ] GC(953)   Post Evacuate Collection Set: 0.91ms
[3852.426s][info][gc,phases      ] GC(953)   Other: 0.10ms
[3852.426s][info][gc,heap        ] GC(953) Eden regions: 1105->0(1121)
[3852.426s][info][gc,heap        ] GC(953) Survivor regions: 113->107(153)
[3852.426s][info][gc,heap        ] GC(953) Old regions: 534->472
[3852.426s][info][gc,heap        ] GC(953) Humongous regions: 80->80
[3852.427s][info][gc,metaspace   ] GC(953) Metaspace: 28907K(29312K)->28907K(29312K) NonClass: 24039K(24256K)->24039K(24256K) Class: 4868K(5056K)->4868K(5056K)
[3852.427s][info][gc             ] GC(953) Pause Young (Mixed) (G1 Evacuation Pause) 3662M->1316M(4096M) 131.775ms
[3852.427s][info][gc,cpu         ] GC(953) User=0.78s Sys=0.00s Real=0.13s
...[3855.125s][info][gc,start       ] GC(954) Pause Young (Concurrent Start) (G1 Evacuation Pause)
[3855.125s][info][gc,task        ] GC(954) Using 6 workers of 6 for evacuation
[3855.246s][info][gc,phases      ] GC(954)   Pre Evacuate Collection Set: 0.40ms
[3855.246s][info][gc,phases      ] GC(954)   Merge Heap Roots: 0.51ms
[3855.246s][info][gc,phases      ] GC(954)   Evacuate Collection Set: 118.45ms
[3855.246s][info][gc,phases      ] GC(954)   Post Evacuate Collection Set: 0.85ms
[3855.246s][info][gc,phases      ] GC(954)   Other: 0.10ms
[3855.246s][info][gc,heap        ] GC(954) Eden regions: 1121->0(1116)
[3855.246s][info][gc,heap        ] GC(954) Survivor regions: 107->112(154)
[3855.246s][info][gc,heap        ] GC(954) Old regions: 472->503
[3855.246s][info][gc,heap        ] GC(954) Humongous regions: 80->80
[3855.246s][info][gc,metaspace   ] GC(954) Metaspace: 28907K(29312K)->28907K(29312K) NonClass: 24039K(24256K)->24039K(24256K) Class: 4868K(5056K)->4868K(5056K)
[3855.246s][info][gc             ] GC(954) Pause Young (Concurrent Start) (G1 Evacuation Pause) 3558M->1388M(4096M) 120.455ms
[3855.246s][info][gc             ] GC(955) Concurrent Mark Cycle
[3855.246s][info][gc,marking     ] GC(955) Concurrent Scan Root Regions
[3855.246s][info][gc,cpu         ] GC(954) User=0.72s Sys=0.00s Real=0.12s
[3855.454s][info][gc,marking     ] GC(955) Concurrent Scan Root Regions 208.583ms
[3855.454s][info][gc,marking     ] GC(955) Concurrent Mark
[3855.454s][info][gc,marking     ] GC(955) Concurrent Mark From Roots
[3855.454s][info][gc,task        ] GC(955) Using 2 workers of 2 for marking
.[3856.365s][info][gc,marking     ] GC(955) Concurrent Mark From Roots 911.182ms
[3856.365s][info][gc,marking     ] GC(955) Concurrent Preclean
[3856.366s][info][gc,marking     ] GC(955) Concurrent Preclean 0.108ms
[3856.366s][info][gc,start       ] GC(955) Pause Remark
[3856.373s][info][gc             ] GC(955) Pause Remark 2370M->2370M(4096M) 7.266ms
[3856.373s][info][gc,cpu         ] GC(955) User=0.05s Sys=0.00s Real=0.01s
[3856.373s][info][gc,marking     ] GC(955) Concurrent Mark 918.815ms
[3856.373s][info][gc,marking     ] GC(955) Concurrent Rebuild Remembered Sets and Scrub Regions
[3856.650s][info][gc,marking     ] GC(955) Concurrent Rebuild Remembered Sets and Scrub Regions 276.826ms
[3856.650s][info][gc,start       ] GC(955) Pause Cleanup
[3856.651s][info][gc             ] GC(955) Pause Cleanup 2602M->2602M(4096M) 0.117ms
[3856.651s][info][gc,cpu         ] GC(955) User=0.00s Sys=0.00s Real=0.00s
[3856.651s][info][gc,marking     ] GC(955) Concurrent Clear Claimed Marks
[3856.651s][info][gc,marking     ] GC(955) Concurrent Clear Claimed Marks 0.029ms
[3856.651s][info][gc,marking     ] GC(955) Concurrent Cleanup for Next Mark
[3856.662s][info][gc,marking     ] GC(955) Concurrent Cleanup for Next Mark 10.942ms
[3856.662s][info][gc             ] GC(955) Concurrent Mark Cycle 1416.621ms
.[3857.843s][info][gc,start       ] GC(956) Pause Young (Prepare Mixed) (G1 Evacuation Pause)
[3857.843s][info][gc,task        ] GC(956) Using 6 workers of 6 for evacuation
[3857.960s][info][gc,phases      ] GC(956)   Pre Evacuate Collection Set: 0.33ms
[3857.960s][info][gc,phases      ] GC(956)   Merge Heap Roots: 0.60ms
[3857.960s][info][gc,phases      ] GC(956)   Evacuate Collection Set: 115.00ms
[3857.960s][info][gc,phases      ] GC(956)   Post Evacuate Collection Set: 0.89ms
[3857.960s][info][gc,phases      ] GC(956)   Other: 0.09ms
[3857.960s][info][gc,heap        ] GC(956) Eden regions: 1116->0(1111)
[3857.960s][info][gc,heap        ] GC(956) Survivor regions: 112->110(154)
[3857.960s][info][gc,heap        ] GC(956) Old regions: 503->534
[3857.960s][info][gc,heap        ] GC(956) Humongous regions: 80->80
[3857.960s][info][gc,metaspace   ] GC(956) Metaspace: 28907K(29312K)->28907K(29312K) NonClass: 24039K(24256K)->24039K(24256K) Class: 4868K(5056K)->4868K(5056K)
[3857.960s][info][gc             ] GC(956) Pause Young (Prepare Mixed) (G1 Evacuation Pause) 3620M->1446M(4096M) 117.036ms
[3857.960s][info][gc,cpu         ] GC(956) User=0.69s Sys=0.00s Real=0.11s
...[3860.668s][info][gc,start       ] GC(957) Pause Young (Mixed) (G1 Evacuation Pause)
[3860.668s][info][gc,task        ] GC(957) Using 6 workers of 6 for evacuation
[3860.798s][info][gc,phases      ] GC(957)   Pre Evacuate Collection Set: 0.35ms
[3860.799s][info][gc,phases      ] GC(957)   Merge Heap Roots: 0.63ms
[3860.799s][info][gc,phases      ] GC(957)   Evacuate Collection Set: 128.86ms
[3860.799s][info][gc,phases      ] GC(957)   Post Evacuate Collection Set: 0.91ms
[3860.799s][info][gc,phases      ] GC(957)   Other: 0.09ms
[3860.799s][info][gc,heap        ] GC(957) Eden regions: 1111->0(1120)
[3860.799s][info][gc,heap        ] GC(957) Survivor regions: 110->108(153)
[3860.799s][info][gc,heap        ] GC(957) Old regions: 534->472
[3860.799s][info][gc,heap        ] GC(957) Humongous regions: 80->80
[3860.799s][info][gc,metaspace   ] GC(957) Metaspace: 28907K(29312K)->28907K(29312K) NonClass: 24039K(24256K)->24039K(24256K) Class: 4868K(5056K)->4868K(5056K)
[3860.799s][info][gc             ] GC(957) Pause Young (Mixed) (G1 Evacuation Pause) 3668M->1318M(4096M) 130.963ms
[3860.799s][info][gc,cpu         ] GC(957) User=0.78s Sys=0.00s Real=0.13s
...[3863.484s][info][gc,start       ] GC(958) Pause Young (Concurrent Start) (G1 Evacuation Pause)
[3863.484s][info][gc,task        ] GC(958) Using 6 workers of 6 for evacuation
[3863.601s][info][gc,phases      ] GC(958)   Pre Evacuate Collection Set: 0.39ms
[3863.601s][info][gc,phases      ] GC(958)   Merge Heap Roots: 0.49ms
[3863.601s][info][gc,phases      ] GC(958)   Evacuate Collection Set: 114.36ms
[3863.601s][info][gc,phases      ] GC(958)   Post Evacuate Collection Set: 0.90ms
[3863.601s][info][gc,phases      ] GC(958)   Other: 0.12ms
[3863.601s][info][gc,heap        ] GC(958) Eden regions: 1120->0(1119)
[3863.601s][info][gc,heap        ] GC(958) Survivor regions: 108->109(154)
[3863.601s][info][gc,heap        ] GC(958) Old regions: 472->503
[3863.601s][info][gc,heap        ] GC(958) Humongous regions: 80->80
[3863.601s][info][gc,metaspace   ] GC(958) Metaspace: 28907K(29312K)->28907K(29312K) NonClass: 24039K(24256K)->24039K(24256K) Class: 4868K(5056K)->4868K(5056K)
[3863.601s][info][gc             ] GC(958) Pause Young (Concurrent Start) (G1 Evacuation Pause) 3558M->1383M(4096M) 116.422ms
[3863.601s][info][gc             ] GC(959) Concurrent Mark Cycle
[3863.601s][info][gc,marking     ] GC(959) Concurrent Scan Root Regions
[3863.601s][info][gc,cpu         ] GC(958) User=0.69s Sys=0.00s Real=0.11s
[3863.744s][info][gc,marking     ] GC(959) Concurrent Scan Root Regions 143.191ms
[3863.744s][info][gc,marking     ] GC(959) Concurrent Mark
[3863.744s][info][gc,marking     ] GC(959) Concurrent Mark From Roots
[3863.744s][info][gc,task        ] GC(959) Using 2 workers of 2 for marking
.[3864.466s][info][gc,marking     ] GC(959) Concurrent Mark From Roots 721.855ms
[3864.466s][info][gc,marking     ] GC(959) Concurrent Preclean
[3864.466s][info][gc,marking     ] GC(959) Concurrent Preclean 0.098ms
[3864.468s][info][gc,start       ] GC(959) Pause Remark
[3864.474s][info][gc             ] GC(959) Pause Remark 2101M->2101M(4096M) 5.590ms
[3864.474s][info][gc,cpu         ] GC(959) User=0.03s Sys=0.00s Real=0.01s
[3864.475s][info][gc,marking     ] GC(959) Concurrent Mark 730.630ms
[3864.475s][info][gc,marking     ] GC(959) Concurrent Rebuild Remembered Sets and Scrub Regions
[3864.871s][info][gc,marking     ] GC(959) Concurrent Rebuild Remembered Sets and Scrub Regions 396.428ms
[3864.871s][info][gc,start       ] GC(959) Pause Cleanup
[3864.872s][info][gc             ] GC(959) Pause Cleanup 2459M->2459M(4096M) 0.125ms
[3864.872s][info][gc,cpu         ] GC(959) User=0.00s Sys=0.00s Real=0.00s
[3864.872s][info][gc,marking     ] GC(959) Concurrent Clear Claimed Marks
[3864.872s][info][gc,marking     ] GC(959) Concurrent Clear Claimed Marks 0.032ms
[3864.872s][info][gc,marking     ] GC(959) Concurrent Cleanup for Next Mark
[3864.881s][info][gc,marking     ] GC(959) Concurrent Cleanup for Next Mark 9.212ms
[3864.881s][info][gc             ] GC(959) Concurrent Mark Cycle 1280.370ms
..[3866.275s][info][gc,start       ] GC(960) Pause Young (Prepare Mixed) (G1 Evacuation Pause)
[3866.275s][info][gc,task        ] GC(960) Using 6 workers of 6 for evacuation
[3866.394s][info][gc,phases      ] GC(960)   Pre Evacuate Collection Set: 0.32ms
[3866.394s][info][gc,phases      ] GC(960)   Merge Heap Roots: 0.53ms
[3866.394s][info][gc,phases      ] GC(960)   Evacuate Collection Set: 116.54ms
[3866.394s][info][gc,phases      ] GC(960)   Post Evacuate Collection Set: 0.93ms
[3866.394s][info][gc,phases      ] GC(960)   Other: 0.09ms
[3866.394s][info][gc,heap        ] GC(960) Eden regions: 1119->0(1109)
[3866.394s][info][gc,heap        ] GC(960) Survivor regions: 109->111(154)
[3866.394s][info][gc,heap        ] GC(960) Old regions: 503->534
[3866.394s][info][gc,heap        ] GC(960) Humongous regions: 80->80
[3866.394s][info][gc,metaspace   ] GC(960) Metaspace: 28907K(29312K)->28907K(29312K) NonClass: 24039K(24256K)->24039K(24256K) Class: 4868K(5056K)->4868K(5056K)
[3866.394s][info][gc             ] GC(960) Pause Young (Prepare Mixed) (G1 Evacuation Pause) 3621M->1448M(4096M) 118.538ms
[3866.394s][info][gc,cpu         ] GC(960) User=0.71s Sys=0.00s Real=0.12s
..[3868.982s][info][gc,start       ] GC(961) Pause Young (Mixed) (G1 Evacuation Pause)
[3868.982s][info][gc,task        ] GC(961) Using 6 workers of 6 for evacuation
[3869.115s][info][gc,phases      ] GC(961)   Pre Evacuate Collection Set: 0.34ms
[3869.115s][info][gc,phases      ] GC(961)   Merge Heap Roots: 0.56ms
[3869.115s][info][gc,phases      ] GC(961)   Evacuate Collection Set: 130.62ms
[3869.115s][info][gc,phases      ] GC(961)   Post Evacuate Collection Set: 0.93ms
[3869.115s][info][gc,phases      ] GC(961)   Other: 0.09ms
[3869.115s][info][gc,heap        ] GC(961) Eden regions: 1109->0(1116)
[3869.115s][info][gc,heap        ] GC(961) Survivor regions: 111->112(153)
[3869.115s][info][gc,heap        ] GC(961) Old regions: 534->471
[3869.115s][info][gc,heap        ] GC(961) Humongous regions: 80->80
[3869.115s][info][gc,metaspace   ] GC(961) Metaspace: 28907K(29312K)->28907K(29312K) NonClass: 24039K(24256K)->24039K(24256K) Class: 4868K(5056K)->4868K(5056K)
[3869.115s][info][gc             ] GC(961) Pause Young (Mixed) (G1 Evacuation Pause) 3666M->1324M(4096M) 132.664ms
[3869.115s][info][gc,cpu         ] GC(961) User=0.79s Sys=0.00s Real=0.13s
...[3871.776s][info][gc,start       ] GC(962) Pause Young (Concurrent Start) (G1 Evacuation Pause)
[3871.776s][info][gc,task        ] GC(962) Using 6 workers of 6 for evacuation
[3871.895s][info][gc,phases      ] GC(962)   Pre Evacuate Collection Set: 0.36ms
[3871.895s][info][gc,phases      ] GC(962)   Merge Heap Roots: 0.48ms
[3871.895s][info][gc,phases      ] GC(962)   Evacuate Collection Set: 117.51ms
[3871.895s][info][gc,phases      ] GC(962)   Post Evacuate Collection Set: 0.86ms
[3871.895s][info][gc,phases      ] GC(962)   Other: 0.09ms
[3871.895s][info][gc,heap        ] GC(962) Eden regions: 1116->0(1117)
[3871.895s][info][gc,heap        ] GC(962) Survivor regions: 112->111(154)
[3871.895s][info][gc,heap        ] GC(962) Old regions: 471->503
[3871.895s][info][gc,heap        ] GC(962) Humongous regions: 80->80
[3871.895s][info][gc,metaspace   ] GC(962) Metaspace: 28907K(29312K)->28907K(29312K) NonClass: 24039K(24256K)->24039K(24256K) Class: 4868K(5056K)->4868K(5056K)
[3871.895s][info][gc             ] GC(962) Pause Young (Concurrent Start) (G1 Evacuation Pause) 3556M->1386M(4096M) 119.451ms
[3871.895s][info][gc             ] GC(963) Concurrent Mark Cycle
[3871.895s][info][gc,marking     ] GC(963) Concurrent Scan Root Regions
[3871.895s][info][gc,cpu         ] GC(962) User=0.71s Sys=0.00s Real=0.12s
[3872.112s][info][gc,marking     ] GC(963) Concurrent Scan Root Regions 216.297ms
[3872.113s][info][gc,marking     ] GC(963) Concurrent Mark
[3872.113s][info][gc,marking     ] GC(963) Concurrent Mark From Roots
[3872.113s][info][gc,task        ] GC(963) Using 2 workers of 2 for marking
. (rIR:aIR:PR = 6780:6789:6789) (tPR = 100997) [OK] 
  3872s: Performance info:
         Transaction,    Success,    Partial,     Failed,   Receipts, AvgBarcode, 
             Overall,     411843,          0,          0,     391282,      59.47, 
         Response times:
             Request,    Success,    Partial,     Failed,   SkipFail,     Probes,    Samples,      min,      p50,      p90,      p95,      p99,      max, 
       TotalPurchase,     391349,          0,          0,          0,     360101,     396106,      300,     5800,    43000,    75000,   211000,   569000,
     InStorePurchase,     205894,          0,          0,          0,     189090,     207610,      300,     5800,    42000,    75000,   211000,   526000,
      OnlinePurchase,     144373,          0,          0,          0,     132453,     145738,      300,     5800,    43000,    73000,   212000,   569000,
        InstPurchase,      41082,          0,          0,          0,      38558,      42758,      400,     5800,    43000,    77000,   209000,   360000,
          AssocOfCat,        412,          0,          0,          0,        349,        493,    23000,    38000,   109800,   162300,   257360,   316000,
      AssocOfProduct,       4113,          0,          0,          0,       3831,       4400,      400,     5850,    40000,    75000,   219000,   315000,
      BusinessReport,       1030,          0,          0,          0,        924,       1163,    21000,    47000,   123000,   165000,   327920,   526000,
          CustBuyBeh,       4114,          0,          0,          0,       3823,       4410,      200,     6500,    45900,    77450,   217000,   327000,
       ProductReturn,      10895,          0,          0,          0,      10402,      11686,      200,     6100,    49000,    81000,   221130,   525000,

  3872s: (50%)   IR =   6918 [3873.004s][info][gc,marking     ] GC(963) Concurrent Mark From Roots 891.658ms
[3873.004s][info][gc,marking     ] GC(963) Concurrent Preclean
[3873.004s][info][gc,marking     ] GC(963) Concurrent Preclean 0.097ms
[3873.005s][info][gc,start       ] GC(963) Pause Remark
[3873.011s][info][gc             ] GC(963) Pause Remark 2319M->2319M(4096M) 5.637ms
[3873.011s][info][gc,cpu         ] GC(963) User=0.03s Sys=0.00s Real=0.00s
[3873.011s][info][gc,marking     ] GC(963) Concurrent Mark 898.582ms
[3873.011s][info][gc,marking     ] GC(963) Concurrent Rebuild Remembered Sets and Scrub Regions
.[3873.318s][info][gc,marking     ] GC(963) Concurrent Rebuild Remembered Sets and Scrub Regions 306.627ms
[3873.318s][info][gc,start       ] GC(963) Pause Cleanup
[3873.318s][info][gc             ] GC(963) Pause Cleanup 2570M->2570M(4096M) 0.116ms
[3873.318s][info][gc,cpu         ] GC(963) User=0.00s Sys=0.00s Real=0.00s
[3873.318s][info][gc,marking     ] GC(963) Concurrent Clear Claimed Marks
[3873.318s][info][gc,marking     ] GC(963) Concurrent Clear Claimed Marks 0.029ms
[3873.318s][info][gc,marking     ] GC(963) Concurrent Cleanup for Next Mark
[3873.324s][info][gc,marking     ] GC(963) Concurrent Cleanup for Next Mark 5.823ms
[3873.324s][info][gc             ] GC(963) Concurrent Mark Cycle 1428.755ms
.[3874.572s][info][gc,start       ] GC(964) Pause Young (Prepare Mixed) (G1 Evacuation Pause)
[3874.572s][info][gc,task        ] GC(964) Using 6 workers of 6 for evacuation
[3874.694s][info][gc,phases      ] GC(964)   Pre Evacuate Collection Set: 0.31ms
[3874.694s][info][gc,phases      ] GC(964)   Merge Heap Roots: 0.50ms
[3874.694s][info][gc,phases      ] GC(964)   Evacuate Collection Set: 119.48ms
[3874.694s][info][gc,phases      ] GC(964)   Post Evacuate Collection Set: 0.96ms
[3874.694s][info][gc,phases      ] GC(964)   Other: 0.10ms
[3874.694s][info][gc,heap        ] GC(964) Eden regions: 1117->0(1103)
[3874.694s][info][gc,heap        ] GC(964) Survivor regions: 111->114(154)
[3874.694s][info][gc,heap        ] GC(964) Old regions: 503->534
[3874.694s][info][gc,heap        ] GC(964) Humongous regions: 80->80
[3874.694s][info][gc,metaspace   ] GC(964) Metaspace: 28907K(29312K)->28907K(29312K) NonClass: 24039K(24256K)->24039K(24256K) Class: 4868K(5056K)->4868K(5056K)
[3874.694s][info][gc             ] GC(964) Pause Young (Prepare Mixed) (G1 Evacuation Pause) 3620M->1453M(4096M) 121.512ms
[3874.694s][info][gc,cpu         ] GC(964) User=0.72s Sys=0.00s Real=0.12s
...|[3877.311s][info][gc,start       ] GC(965) Pause Young (Mixed) (G1 Evacuation Pause)
[3877.311s][info][gc,task        ] GC(965) Using 6 workers of 6 for evacuation
[3877.445s][info][gc,phases      ] GC(965)   Pre Evacuate Collection Set: 0.38ms
[3877.445s][info][gc,phases      ] GC(965)   Merge Heap Roots: 0.71ms
[3877.445s][info][gc,phases      ] GC(965)   Evacuate Collection Set: 132.37ms
[3877.445s][info][gc,phases      ] GC(965)   Post Evacuate Collection Set: 0.97ms
[3877.445s][info][gc,phases      ] GC(965)   Other: 0.08ms
[3877.446s][info][gc,heap        ] GC(965) Eden regions: 1103->0(1118)
[3877.446s][info][gc,heap        ] GC(965) Survivor regions: 114->110(153)
[3877.446s][info][gc,heap        ] GC(965) Old regions: 534->472
[3877.446s][info][gc,heap        ] GC(965) Humongous regions: 80->80
[3877.446s][info][gc,metaspace   ] GC(965) Metaspace: 28907K(29312K)->28907K(29312K) NonClass: 24039K(24256K)->24039K(24256K) Class: 4868K(5056K)->4868K(5056K)
[3877.446s][info][gc             ] GC(965) Pause Young (Mixed) (G1 Evacuation Pause) 3659M->1322M(4096M) 134.640ms
[3877.446s][info][gc,cpu         ] GC(965) User=0.80s Sys=0.00s Real=0.14s
..[3880.016s][info][gc,start       ] GC(966) Pause Young (Concurrent Start) (G1 Evacuation Pause)
[3880.016s][info][gc,task        ] GC(966) Using 6 workers of 6 for evacuation
[3880.134s][info][gc,phases      ] GC(966)   Pre Evacuate Collection Set: 0.35ms
[3880.134s][info][gc,phases      ] GC(966)   Merge Heap Roots: 0.45ms
[3880.134s][info][gc,phases      ] GC(966)   Evacuate Collection Set: 115.95ms
[3880.134s][info][gc,phases      ] GC(966)   Post Evacuate Collection Set: 0.86ms
[3880.134s][info][gc,phases      ] GC(966)   Other: 0.13ms
[3880.134s][info][gc,heap        ] GC(966) Eden regions: 1118->0(1118)
[3880.134s][info][gc,heap        ] GC(966) Survivor regions: 110->110(154)
[3880.134s][info][gc,heap        ] GC(966) Old regions: 472->504
[3880.134s][info][gc,heap        ] GC(966) Humongous regions: 80->80
[3880.134s][info][gc,metaspace   ] GC(966) Metaspace: 28907K(29312K)->28907K(29312K) NonClass: 24039K(24256K)->24039K(24256K) Class: 4868K(5056K)->4868K(5056K)
[3880.134s][info][gc             ] GC(966) Pause Young (Concurrent Start) (G1 Evacuation Pause) 3558M->1386M(4096M) 117.879ms
[3880.134s][info][gc             ] GC(967) Concurrent Mark Cycle
[3880.134s][info][gc,marking     ] GC(967) Concurrent Scan Root Regions
[3880.134s][info][gc,cpu         ] GC(966) User=0.70s Sys=0.00s Real=0.12s
[3880.325s][info][gc,marking     ] GC(967) Concurrent Scan Root Regions 190.918ms
[3880.325s][info][gc,marking     ] GC(967) Concurrent Mark
[3880.325s][info][gc,marking     ] GC(967) Concurrent Mark From Roots
[3880.325s][info][gc,task        ] GC(967) Using 2 workers of 2 for marking
.[3881.238s][info][gc,marking     ] GC(967) Concurrent Mark From Roots 912.638ms
[3881.238s][info][gc,marking     ] GC(967) Concurrent Preclean
[3881.238s][info][gc,marking     ] GC(967) Concurrent Preclean 0.118ms
[3881.239s][info][gc,start       ] GC(967) Pause Remark
[3881.246s][info][gc             ] GC(967) Pause Remark 2380M->2380M(4096M) 7.593ms
[3881.246s][info][gc,cpu         ] GC(967) User=0.04s Sys=0.00s Real=0.01s
[3881.246s][info][gc,marking     ] GC(967) Concurrent Mark 921.190ms
[3881.246s][info][gc,marking     ] GC(967) Concurrent Rebuild Remembered Sets and Scrub Regions
.[3881.555s][info][gc,marking     ] GC(967) Concurrent Rebuild Remembered Sets and Scrub Regions 308.154ms
[3881.555s][info][gc,start       ] GC(967) Pause Cleanup
[3881.555s][info][gc             ] GC(967) Pause Cleanup 2665M->2665M(4096M) 0.103ms
[3881.555s][info][gc,cpu         ] GC(967) User=0.01s Sys=0.00s Real=0.00s
[3881.555s][info][gc,marking     ] GC(967) Concurrent Clear Claimed Marks
[3881.555s][info][gc,marking     ] GC(967) Concurrent Clear Claimed Marks 0.023ms
[3881.555s][info][gc,marking     ] GC(967) Concurrent Cleanup for Next Mark
[3881.559s][info][gc,marking     ] GC(967) Concurrent Cleanup for Next Mark 4.523ms
[3881.560s][info][gc             ] GC(967) Concurrent Mark Cycle 1425.267ms
.[3882.729s][info][gc,start       ] GC(968) Pause Young (Prepare Mixed) (G1 Evacuation Pause)
[3882.729s][info][gc,task        ] GC(968) Using 6 workers of 6 for evacuation
[3882.849s][info][gc,phases      ] GC(968)   Pre Evacuate Collection Set: 0.31ms
[3882.849s][info][gc,phases      ] GC(968)   Merge Heap Roots: 0.50ms
[3882.849s][info][gc,phases      ] GC(968)   Evacuate Collection Set: 117.85ms
[3882.849s][info][gc,phases      ] GC(968)   Post Evacuate Collection Set: 0.89ms
[3882.849s][info][gc,phases      ] GC(968)   Other: 0.09ms
[3882.849s][info][gc,heap        ] GC(968) Eden regions: 1118->0(1108)
[3882.849s][info][gc,heap        ] GC(968) Survivor regions: 110->111(154)
[3882.849s][info][gc,heap        ] GC(968) Old regions: 504->535
[3882.849s][info][gc,heap        ] GC(968) Humongous regions: 80->80
[3882.849s][info][gc,metaspace   ] GC(968) Metaspace: 28907K(29312K)->28907K(29312K) NonClass: 24039K(24256K)->24039K(24256K) Class: 4868K(5056K)->4868K(5056K)
[3882.849s][info][gc             ] GC(968) Pause Young (Prepare Mixed) (G1 Evacuation Pause) 3622M->1450M(4096M) 119.758ms
[3882.849s][info][gc,cpu         ] GC(968) User=0.71s Sys=0.00s Real=0.12s
...[3885.387s][info][gc,start       ] GC(969) Pause Young (Mixed) (G1 Evacuation Pause)
[3885.387s][info][gc,task        ] GC(969) Using 6 workers of 6 for evacuation
[3885.524s][info][gc,phases      ] GC(969)   Pre Evacuate Collection Set: 0.34ms
[3885.524s][info][gc,phases      ] GC(969)   Merge Heap Roots: 0.62ms
[3885.524s][info][gc,phases      ] GC(969)   Evacuate Collection Set: 135.42ms
[3885.524s][info][gc,phases      ] GC(969)   Post Evacuate Collection Set: 0.92ms
[3885.524s][info][gc,phases      ] GC(969)   Other: 0.09ms
[3885.524s][info][gc,heap        ] GC(969) Eden regions: 1108->0(1115)
[3885.524s][info][gc,heap        ] GC(969) Survivor regions: 111->113(153)
[3885.524s][info][gc,heap        ] GC(969) Old regions: 535->471
[3885.524s][info][gc,heap        ] GC(969) Humongous regions: 80->80
[3885.524s][info][gc,metaspace   ] GC(969) Metaspace: 28907K(29312K)->28907K(29312K) NonClass: 24039K(24256K)->24039K(24256K) Class: 4868K(5056K)->4868K(5056K)
[3885.524s][info][gc             ] GC(969) Pause Young (Mixed) (G1 Evacuation Pause) 3666M->1327M(4096M) 137.507ms
[3885.524s][info][gc,cpu         ] GC(969) User=0.82s Sys=0.00s Real=0.14s
..[3888.136s][info][gc,start       ] GC(970) Pause Young (Concurrent Start) (G1 Evacuation Pause)
[3888.136s][info][gc,task        ] GC(970) Using 6 workers of 6 for evacuation
[3888.253s][info][gc,phases      ] GC(970)   Pre Evacuate Collection Set: 0.35ms
[3888.253s][info][gc,phases      ] GC(970)   Merge Heap Roots: 0.44ms
[3888.253s][info][gc,phases      ] GC(970)   Evacuate Collection Set: 115.30ms
[3888.253s][info][gc,phases      ] GC(970)   Post Evacuate Collection Set: 0.88ms
[3888.253s][info][gc,phases      ] GC(970)   Other: 0.09ms
[3888.253s][info][gc,heap        ] GC(970) Eden regions: 1115->0(1117)
[3888.253s][info][gc,heap        ] GC(970) Survivor regions: 113->111(154)
[3888.253s][info][gc,heap        ] GC(970) Old regions: 471->503
[3888.253s][info][gc,heap        ] GC(970) Humongous regions: 80->80
[3888.253s][info][gc,metaspace   ] GC(970) Metaspace: 28907K(29312K)->28907K(29312K) NonClass: 24039K(24256K)->24039K(24256K) Class: 4868K(5056K)->4868K(5056K)
[3888.253s][info][gc             ] GC(970) Pause Young (Concurrent Start) (G1 Evacuation Pause) 3557M->1385M(4096M) 117.211ms
[3888.253s][info][gc             ] GC(971) Concurrent Mark Cycle
[3888.253s][info][gc,marking     ] GC(971) Concurrent Scan Root Regions
[3888.254s][info][gc,cpu         ] GC(970) User=0.70s Sys=0.00s Real=0.12s
.[3888.405s][info][gc,marking     ] GC(971) Concurrent Scan Root Regions 151.949ms
[3888.406s][info][gc,marking     ] GC(971) Concurrent Mark
[3888.406s][info][gc,marking     ] GC(971) Concurrent Mark From Roots
[3888.406s][info][gc,task        ] GC(971) Using 2 workers of 2 for marking
[3889.114s][info][gc,marking     ] GC(971) Concurrent Mark From Roots 708.269ms
[3889.114s][info][gc,marking     ] GC(971) Concurrent Preclean
[3889.114s][info][gc,marking     ] GC(971) Concurrent Preclean 0.124ms
[3889.116s][info][gc,start       ] GC(971) Pause Remark
[3889.122s][info][gc             ] GC(971) Pause Remark 2141M->2141M(4096M) 6.311ms
[3889.122s][info][gc,cpu         ] GC(971) User=0.04s Sys=0.00s Real=0.01s
[3889.122s][info][gc,marking     ] GC(971) Concurrent Mark 716.662ms
[3889.122s][info][gc,marking     ] GC(971) Concurrent Rebuild Remembered Sets and Scrub Regions
[3889.375s][info][gc,marking     ] GC(971) Concurrent Rebuild Remembered Sets and Scrub Regions 252.848ms
[3889.377s][info][gc,start       ] GC(971) Pause Cleanup
[3889.377s][info][gc             ] GC(971) Pause Cleanup 2367M->2367M(4096M) 0.140ms
[3889.377s][info][gc,cpu         ] GC(971) User=0.00s Sys=0.00s Real=0.00s
[3889.377s][info][gc,marking     ] GC(971) Concurrent Clear Claimed Marks
[3889.377s][info][gc,marking     ] GC(971) Concurrent Clear Claimed Marks 0.030ms
[3889.377s][info][gc,marking     ] GC(971) Concurrent Cleanup for Next Mark
[3889.382s][info][gc,marking     ] GC(971) Concurrent Cleanup for Next Mark 4.481ms
[3889.382s][info][gc             ] GC(971) Concurrent Mark Cycle 1128.534ms
..[3890.814s][info][gc,start       ] GC(972) Pause Young (Prepare Mixed) (G1 Evacuation Pause)
[3890.814s][info][gc,task        ] GC(972) Using 6 workers of 6 for evacuation
[3890.932s][info][gc,phases      ] GC(972)   Pre Evacuate Collection Set: 0.30ms
[3890.932s][info][gc,phases      ] GC(972)   Merge Heap Roots: 0.55ms
[3890.932s][info][gc,phases      ] GC(972)   Evacuate Collection Set: 116.88ms
[3890.932s][info][gc,phases      ] GC(972)   Post Evacuate Collection Set: 0.82ms
[3890.932s][info][gc,phases      ] GC(972)   Other: 0.09ms
[3890.932s][info][gc,heap        ] GC(972) Eden regions: 1117->0(1109)
[3890.932s][info][gc,heap        ] GC(972) Survivor regions: 111->111(154)
[3890.932s][info][gc,heap        ] GC(972) Old regions: 503->534
[3890.932s][info][gc,heap        ] GC(972) Humongous regions: 80->80
[3890.932s][info][gc,metaspace   ] GC(972) Metaspace: 28907K(29312K)->28907K(29312K) NonClass: 24039K(24256K)->24039K(24256K) Class: 4868K(5056K)->4868K(5056K)
[3890.932s][info][gc             ] GC(972) Pause Young (Prepare Mixed) (G1 Evacuation Pause) 3619M->1448M(4096M) 118.762ms
[3890.932s][info][gc,cpu         ] GC(972) User=0.71s Sys=0.00s Real=0.12s
...[3893.537s][info][gc,start       ] GC(973) Pause Young (Mixed) (G1 Evacuation Pause)
[3893.537s][info][gc,task        ] GC(973) Using 6 workers of 6 for evacuation
[3893.669s][info][gc,phases      ] GC(973)   Pre Evacuate Collection Set: 0.32ms
[3893.669s][info][gc,phases      ] GC(973)   Merge Heap Roots: 0.65ms
[3893.669s][info][gc,phases      ] GC(973)   Evacuate Collection Set: 130.73ms
[3893.669s][info][gc,phases      ] GC(973)   Post Evacuate Collection Set: 0.91ms
[3893.669s][info][gc,phases      ] GC(973)   Other: 0.09ms
[3893.669s][info][gc,heap        ] GC(973) Eden regions: 1109->0(1120)
[3893.669s][info][gc,heap        ] GC(973) Survivor regions: 111->108(153)
[3893.669s][info][gc,heap        ] GC(973) Old regions: 534->472
[3893.669s][info][gc,heap        ] GC(973) Humongous regions: 80->80
[3893.669s][info][gc,metaspace   ] GC(973) Metaspace: 28907K(29312K)->28907K(29312K) NonClass: 24039K(24256K)->24039K(24256K) Class: 4868K(5056K)->4868K(5056K)
[3893.669s][info][gc             ] GC(973) Pause Young (Mixed) (G1 Evacuation Pause) 3666M->1317M(4096M) 132.839ms
[3893.669s][info][gc,cpu         ] GC(973) User=0.79s Sys=0.00s Real=0.13s
..[3896.290s][info][gc,start       ] GC(974) Pause Young (Concurrent Start) (G1 Evacuation Pause)
[3896.290s][info][gc,task        ] GC(974) Using 6 workers of 6 for evacuation
[3896.409s][info][gc,phases      ] GC(974)   Pre Evacuate Collection Set: 0.35ms
[3896.409s][info][gc,phases      ] GC(974)   Merge Heap Roots: 0.44ms
[3896.409s][info][gc,phases      ] GC(974)   Evacuate Collection Set: 116.77ms
[3896.409s][info][gc,phases      ] GC(974)   Post Evacuate Collection Set: 0.88ms
[3896.409s][info][gc,phases      ] GC(974)   Other: 0.09ms
[3896.409s][info][gc,heap        ] GC(974) Eden regions: 1120->0(1117)
[3896.409s][info][gc,heap        ] GC(974) Survivor regions: 108->111(154)
[3896.409s][info][gc,heap        ] GC(974) Old regions: 472->504
[3896.409s][info][gc,heap        ] GC(974) Humongous regions: 80->80
[3896.409s][info][gc,metaspace   ] GC(974) Metaspace: 28907K(29312K)->28907K(29312K) NonClass: 24039K(24256K)->24039K(24256K) Class: 4868K(5056K)->4868K(5056K)
[3896.409s][info][gc             ] GC(974) Pause Young (Concurrent Start) (G1 Evacuation Pause) 3557M->1387M(4096M) 118.687ms
[3896.409s][info][gc             ] GC(975) Concurrent Mark Cycle
[3896.409s][info][gc,marking     ] GC(975) Concurrent Scan Root Regions
[3896.409s][info][gc,cpu         ] GC(974) User=0.71s Sys=0.00s Real=0.12s
.[3896.560s][info][gc,marking     ] GC(975) Concurrent Scan Root Regions 151.253ms
[3896.560s][info][gc,marking     ] GC(975) Concurrent Mark
[3896.560s][info][gc,marking     ] GC(975) Concurrent Mark From Roots
[3896.560s][info][gc,task        ] GC(975) Using 2 workers of 2 for marking
[3897.258s][info][gc,marking     ] GC(975) Concurrent Mark From Roots 697.736ms
[3897.258s][info][gc,marking     ] GC(975) Concurrent Preclean
[3897.258s][info][gc,marking     ] GC(975) Concurrent Preclean 0.136ms
[3897.260s][info][gc,start       ] GC(975) Pause Remark
[3897.266s][info][gc             ] GC(975) Pause Remark 2151M->2151M(4096M) 6.058ms
[3897.266s][info][gc,cpu         ] GC(975) User=0.03s Sys=0.00s Real=0.01s
[3897.267s][info][gc,marking     ] GC(975) Concurrent Mark 706.845ms
[3897.267s][info][gc,marking     ] GC(975) Concurrent Rebuild Remembered Sets and Scrub Regions
[3897.582s][info][gc,marking     ] GC(975) Concurrent Rebuild Remembered Sets and Scrub Regions 314.984ms
.[3897.585s][info][gc,start       ] GC(975) Pause Cleanup
[3897.585s][info][gc             ] GC(975) Pause Cleanup 2431M->2431M(4096M) 0.128ms
[3897.585s][info][gc,cpu         ] GC(975) User=0.00s Sys=0.00s Real=0.00s
[3897.587s][info][gc,marking     ] GC(975) Concurrent Clear Claimed Marks
[3897.587s][info][gc,marking     ] GC(975) Concurrent Clear Claimed Marks 0.042ms
[3897.587s][info][gc,marking     ] GC(975) Concurrent Cleanup for Next Mark
[3897.592s][info][gc,marking     ] GC(975) Concurrent Cleanup for Next Mark 4.868ms
[3897.592s][info][gc             ] GC(975) Concurrent Mark Cycle 1182.733ms
.[3898.994s][info][gc,start       ] GC(976) Pause Young (Prepare Mixed) (G1 Evacuation Pause)
[3898.994s][info][gc,task        ] GC(976) Using 6 workers of 6 for evacuation
[3899.111s][info][gc,phases      ] GC(976)   Pre Evacuate Collection Set: 0.34ms
[3899.111s][info][gc,phases      ] GC(976)   Merge Heap Roots: 0.51ms
[3899.111s][info][gc,phases      ] GC(976)   Evacuate Collection Set: 115.29ms
[3899.111s][info][gc,phases      ] GC(976)   Post Evacuate Collection Set: 0.89ms
[3899.111s][info][gc,phases      ] GC(976)   Other: 0.10ms
[3899.111s][info][gc,heap        ] GC(976) Eden regions: 1117->0(1110)
[3899.111s][info][gc,heap        ] GC(976) Survivor regions: 111->110(154)
[3899.111s][info][gc,heap        ] GC(976) Old regions: 504->535
[3899.111s][info][gc,heap        ] GC(976) Humongous regions: 80->80
[3899.111s][info][gc,metaspace   ] GC(976) Metaspace: 28907K(29312K)->28907K(29312K) NonClass: 24039K(24256K)->24039K(24256K) Class: 4868K(5056K)->4868K(5056K)
[3899.111s][info][gc             ] GC(976) Pause Young (Prepare Mixed) (G1 Evacuation Pause) 3621M->1448M(4096M) 117.290ms
[3899.111s][info][gc,cpu         ] GC(976) User=0.70s Sys=0.00s Real=0.12s
...[3901.666s][info][gc,start       ] GC(977) Pause Young (Mixed) (G1 Evacuation Pause)
[3901.666s][info][gc,task        ] GC(977) Using 6 workers of 6 for evacuation
[3901.800s][info][gc,phases      ] GC(977)   Pre Evacuate Collection Set: 0.39ms
[3901.800s][info][gc,phases      ] GC(977)   Merge Heap Roots: 0.79ms
[3901.800s][info][gc,phases      ] GC(977)   Evacuate Collection Set: 131.82ms
[3901.800s][info][gc,phases      ] GC(977)   Post Evacuate Collection Set: 0.91ms
[3901.800s][info][gc,phases      ] GC(977)   Other: 0.09ms
[3901.800s][info][gc,heap        ] GC(977) Eden regions: 1110->0(1118)
[3901.800s][info][gc,heap        ] GC(977) Survivor regions: 110->110(153)
[3901.800s][info][gc,heap        ] GC(977) Old regions: 535->472
[3901.800s][info][gc,heap        ] GC(977) Humongous regions: 80->80
[3901.800s][info][gc,metaspace   ] GC(977) Metaspace: 28907K(29312K)->28907K(29312K) NonClass: 24039K(24256K)->24039K(24256K) Class: 4868K(5056K)->4868K(5056K)
[3901.800s][info][gc             ] GC(977) Pause Young (Mixed) (G1 Evacuation Pause) 3668M->1322M(4096M) 134.133ms
[3901.800s][info][gc,cpu         ] GC(977) User=0.80s Sys=0.00s Real=0.13s
..[3904.392s][info][gc,start       ] GC(978) Pause Young (Concurrent Start) (G1 Evacuation Pause)
[3904.393s][info][gc,task        ] GC(978) Using 6 workers of 6 for evacuation
[3904.506s][info][gc,phases      ] GC(978)   Pre Evacuate Collection Set: 0.39ms
[3904.506s][info][gc,phases      ] GC(978)   Merge Heap Roots: 0.43ms
[3904.506s][info][gc,phases      ] GC(978)   Evacuate Collection Set: 111.99ms
[3904.506s][info][gc,phases      ] GC(978)   Post Evacuate Collection Set: 0.84ms
[3904.506s][info][gc,phases      ] GC(978)   Other: 0.12ms
[3904.506s][info][gc,heap        ] GC(978) Eden regions: 1118->0(1121)
[3904.506s][info][gc,heap        ] GC(978) Survivor regions: 110->107(154)
[3904.506s][info][gc,heap        ] GC(978) Old regions: 472->505
[3904.506s][info][gc,heap        ] GC(978) Humongous regions: 80->80
[3904.506s][info][gc,metaspace   ] GC(978) Metaspace: 28907K(29312K)->28907K(29312K) NonClass: 24039K(24256K)->24039K(24256K) Class: 4868K(5056K)->4868K(5056K)
[3904.506s][info][gc             ] GC(978) Pause Young (Concurrent Start) (G1 Evacuation Pause) 3558M->1381M(4096M) 113.898ms
[3904.506s][info][gc             ] GC(979) Concurrent Mark Cycle
[3904.506s][info][gc,marking     ] GC(979) Concurrent Scan Root Regions
[3904.506s][info][gc,cpu         ] GC(978) User=0.68s Sys=0.00s Real=0.11s
.[3904.688s][info][gc,marking     ] GC(979) Concurrent Scan Root Regions 181.724ms
[3904.688s][info][gc,marking     ] GC(979) Concurrent Mark
[3904.688s][info][gc,marking     ] GC(979) Concurrent Mark From Roots
[3904.688s][info][gc,task        ] GC(979) Using 2 workers of 2 for marking
.[3905.705s][info][gc,marking     ] GC(979) Concurrent Mark From Roots 1016.546ms
[3905.705s][info][gc,marking     ] GC(979) Concurrent Preclean
[3905.705s][info][gc,marking     ] GC(979) Concurrent Preclean 0.120ms
[3905.705s][info][gc,start       ] GC(979) Pause Remark
[3905.713s][info][gc             ] GC(979) Pause Remark 2427M->2427M(4096M) 7.330ms
[3905.713s][info][gc,cpu         ] GC(979) User=0.04s Sys=0.01s Real=0.01s
[3905.714s][info][gc,marking     ] GC(979) Concurrent Mark 1025.812ms
[3905.714s][info][gc,marking     ] GC(979) Concurrent Rebuild Remembered Sets and Scrub Regions
[3906.041s][info][gc,marking     ] GC(979) Concurrent Rebuild Remembered Sets and Scrub Regions 327.301ms
[3906.041s][info][gc,start       ] GC(979) Pause Cleanup
[3906.042s][info][gc             ] GC(979) Pause Cleanup 2719M->2719M(4096M) 0.109ms
[3906.042s][info][gc,cpu         ] GC(979) User=0.00s Sys=0.00s Real=0.00s
[3906.042s][info][gc,marking     ] GC(979) Concurrent Clear Claimed Marks
[3906.042s][info][gc,marking     ] GC(979) Concurrent Clear Claimed Marks 0.027ms
[3906.042s][info][gc,marking     ] GC(979) Concurrent Cleanup for Next Mark
[3906.045s][info][gc,marking     ] GC(979) Concurrent Cleanup for Next Mark 3.592ms
[3906.045s][info][gc             ] GC(979) Concurrent Mark Cycle 1538.870ms
.[3907.130s][info][gc,start       ] GC(980) Pause Young (Prepare Mixed) (G1 Evacuation Pause)
[3907.130s][info][gc,task        ] GC(980) Using 6 workers of 6 for evacuation
[3907.248s][info][gc,phases      ] GC(980)   Pre Evacuate Collection Set: 0.35ms
[3907.248s][info][gc,phases      ] GC(980)   Merge Heap Roots: 0.52ms
[3907.248s][info][gc,phases      ] GC(980)   Evacuate Collection Set: 115.27ms
[3907.248s][info][gc,phases      ] GC(980)   Post Evacuate Collection Set: 0.93ms
[3907.248s][info][gc,phases      ] GC(980)   Other: 0.09ms
[3907.248s][info][gc,heap        ] GC(980) Eden regions: 1121->0(1107)
[3907.248s][info][gc,heap        ] GC(980) Survivor regions: 107->111(154)
[3907.248s][info][gc,heap        ] GC(980) Old regions: 505->536
[3907.248s][info][gc,heap        ] GC(980) Humongous regions: 80->80
[3907.248s][info][gc,metaspace   ] GC(980) Metaspace: 28907K(29312K)->28907K(29312K) NonClass: 24039K(24256K)->24039K(24256K) Class: 4868K(5056K)->4868K(5056K)
[3907.248s][info][gc             ] GC(980) Pause Young (Prepare Mixed) (G1 Evacuation Pause) 3623M->1452M(4096M) 117.312ms
[3907.248s][info][gc,cpu         ] GC(980) User=0.70s Sys=0.00s Real=0.12s
...[3909.862s][info][gc,start       ] GC(981) Pause Young (Mixed) (G1 Evacuation Pause)
[3909.862s][info][gc,task        ] GC(981) Using 6 workers of 6 for evacuation
[3910.003s][info][gc,phases      ] GC(981)   Pre Evacuate Collection Set: 0.36ms
[3910.003s][info][gc,phases      ] GC(981)   Merge Heap Roots: 0.70ms
[3910.003s][info][gc,phases      ] GC(981)   Evacuate Collection Set: 139.27ms
[3910.003s][info][gc,phases      ] GC(981)   Post Evacuate Collection Set: 0.92ms
[3910.003s][info][gc,phases      ] GC(981)   Other: 0.08ms
[3910.003s][info][gc,heap        ] GC(981) Eden regions: 1107->0(1117)
[3910.003s][info][gc,heap        ] GC(981) Survivor regions: 111->111(153)
[3910.003s][info][gc,heap        ] GC(981) Old regions: 536->474
[3910.003s][info][gc,heap        ] GC(981) Humongous regions: 80->80
[3910.003s][info][gc,metaspace   ] GC(981) Metaspace: 28907K(29312K)->28907K(29312K) NonClass: 24039K(24256K)->24039K(24256K) Class: 4868K(5056K)->4868K(5056K)
[3910.003s][info][gc             ] GC(981) Pause Young (Mixed) (G1 Evacuation Pause) 3666M->1328M(4096M) 141.454ms
[3910.003s][info][gc,cpu         ] GC(981) User=0.84s Sys=0.00s Real=0.14s
..[3912.619s][info][gc,start       ] GC(982) Pause Young (Concurrent Start) (G1 Evacuation Pause)
[3912.619s][info][gc,task        ] GC(982) Using 6 workers of 6 for evacuation
[3912.743s][info][gc,phases      ] GC(982)   Pre Evacuate Collection Set: 0.41ms
[3912.743s][info][gc,phases      ] GC(982)   Merge Heap Roots: 0.53ms
[3912.743s][info][gc,phases      ] GC(982)   Evacuate Collection Set: 120.40ms
[3912.743s][info][gc,phases      ] GC(982)   Post Evacuate Collection Set: 0.89ms
[3912.743s][info][gc,phases      ] GC(982)   Other: 0.87ms
[3912.743s][info][gc,heap        ] GC(982) Eden regions: 1117->0(1114)
[3912.743s][info][gc,heap        ] GC(982) Survivor regions: 111->114(154)
[3912.743s][info][gc,heap        ] GC(982) Old regions: 474->506
[3912.743s][info][gc,heap        ] GC(982) Humongous regions: 80->80
[3912.743s][info][gc,metaspace   ] GC(982) Metaspace: 28907K(29312K)->28907K(29312K) NonClass: 24039K(24256K)->24039K(24256K) Class: 4868K(5056K)->4868K(5056K)
[3912.743s][info][gc             ] GC(982) Pause Young (Concurrent Start) (G1 Evacuation Pause) 3562M->1398M(4096M) 123.225ms
[3912.743s][info][gc             ] GC(983) Concurrent Mark Cycle
[3912.743s][info][gc,marking     ] GC(983) Concurrent Scan Root Regions
[3912.743s][info][gc,cpu         ] GC(982) User=0.73s Sys=0.00s Real=0.13s
.[3912.937s][info][gc,marking     ] GC(983) Concurrent Scan Root Regions 194.055ms
[3912.937s][info][gc,marking     ] GC(983) Concurrent Mark
[3912.937s][info][gc,marking     ] GC(983) Concurrent Mark From Roots
[3912.937s][info][gc,task        ] GC(983) Using 2 workers of 2 for marking
.[3913.904s][info][gc,marking     ] GC(983) Concurrent Mark From Roots 966.958ms
[3913.904s][info][gc,marking     ] GC(983) Concurrent Preclean
[3913.904s][info][gc,marking     ] GC(983) Concurrent Preclean 0.126ms
[3913.905s][info][gc,start       ] GC(983) Pause Remark
[3913.912s][info][gc             ] GC(983) Pause Remark 2476M->2476M(4096M) 7.067ms
[3913.912s][info][gc,cpu         ] GC(983) User=0.04s Sys=0.00s Real=0.01s
[3913.912s][info][gc,marking     ] GC(983) Concurrent Mark 975.441ms
[3913.912s][info][gc,marking     ] GC(983) Concurrent Rebuild Remembered Sets and Scrub Regions
[3914.250s][info][gc,marking     ] GC(983) Concurrent Rebuild Remembered Sets and Scrub Regions 337.327ms
[3914.250s][info][gc,start       ] GC(983) Pause Cleanup
[3914.250s][info][gc             ] GC(983) Pause Cleanup 2790M->2790M(4096M) 0.104ms
[3914.250s][info][gc,cpu         ] GC(983) User=0.00s Sys=0.00s Real=0.00s
[3914.250s][info][gc,marking     ] GC(983) Concurrent Clear Claimed Marks
[3914.250s][info][gc,marking     ] GC(983) Concurrent Clear Claimed Marks 0.020ms
[3914.250s][info][gc,marking     ] GC(983) Concurrent Cleanup for Next Mark
[3914.254s][info][gc,marking     ] GC(983) Concurrent Cleanup for Next Mark 3.896ms
[3914.254s][info][gc             ] GC(983) Concurrent Mark Cycle 1511.172ms
.[3915.282s][info][gc,start       ] GC(984) Pause Young (Prepare Mixed) (G1 Evacuation Pause)
[3915.282s][info][gc,task        ] GC(984) Using 6 workers of 6 for evacuation
[3915.397s][info][gc,phases      ] GC(984)   Pre Evacuate Collection Set: 0.34ms
[3915.397s][info][gc,phases      ] GC(984)   Merge Heap Roots: 0.50ms
[3915.397s][info][gc,phases      ] GC(984)   Evacuate Collection Set: 113.67ms
[3915.397s][info][gc,phases      ] GC(984)   Post Evacuate Collection Set: 0.87ms
[3915.398s][info][gc,phases      ] GC(984)   Other: 0.09ms
[3915.398s][info][gc,heap        ] GC(984) Eden regions: 1114->0(1115)
[3915.398s][info][gc,heap        ] GC(984) Survivor regions: 114->106(154)
[3915.398s][info][gc,heap        ] GC(984) Old regions: 506->538
[3915.398s][info][gc,heap        ] GC(984) Humongous regions: 80->80
[3915.398s][info][gc,metaspace   ] GC(984) Metaspace: 28907K(29312K)->28907K(29312K) NonClass: 24039K(24256K)->24039K(24256K) Class: 4868K(5056K)->4868K(5056K)
[3915.398s][info][gc             ] GC(984) Pause Young (Prepare Mixed) (G1 Evacuation Pause) 3626M->1447M(4096M) 115.585ms
[3915.398s][info][gc,cpu         ] GC(984) User=0.69s Sys=0.00s Real=0.11s
...[3918.026s][info][gc,start       ] GC(985) Pause Young (Mixed) (G1 Evacuation Pause)
[3918.026s][info][gc,task        ] GC(985) Using 6 workers of 6 for evacuation
[3918.160s][info][gc,phases      ] GC(985)   Pre Evacuate Collection Set: 0.36ms
[3918.160s][info][gc,phases      ] GC(985)   Merge Heap Roots: 0.68ms
[3918.160s][info][gc,phases      ] GC(985)   Evacuate Collection Set: 131.01ms
[3918.160s][info][gc,phases      ] GC(985)   Post Evacuate Collection Set: 0.91ms
[3918.160s][info][gc,phases      ] GC(985)   Other: 0.08ms
[3918.160s][info][gc,heap        ] GC(985) Eden regions: 1115->0(1118)
[3918.160s][info][gc,heap        ] GC(985) Survivor regions: 106->110(153)
[3918.160s][info][gc,heap        ] GC(985) Old regions: 538->474
[3918.160s][info][gc,heap        ] GC(985) Humongous regions: 80->80
[3918.160s][info][gc,metaspace   ] GC(985) Metaspace: 28907K(29312K)->28907K(29312K) NonClass: 24039K(24256K)->24039K(24256K) Class: 4868K(5056K)->4868K(5056K)
[3918.160s][info][gc             ] GC(985) Pause Young (Mixed) (G1 Evacuation Pause) 3677M->1326M(4096M) 133.160ms
[3918.160s][info][gc,cpu         ] GC(985) User=0.79s Sys=0.00s Real=0.13s
..[3920.733s][info][gc,start       ] GC(986) Pause Young (Concurrent Start) (G1 Evacuation Pause)
[3920.733s][info][gc,task        ] GC(986) Using 6 workers of 6 for evacuation
[3920.847s][info][gc,phases      ] GC(986)   Pre Evacuate Collection Set: 0.35ms
[3920.847s][info][gc,phases      ] GC(986)   Merge Heap Roots: 0.43ms
[3920.847s][info][gc,phases      ] GC(986)   Evacuate Collection Set: 112.27ms
[3920.847s][info][gc,phases      ] GC(986)   Post Evacuate Collection Set: 0.86ms
[3920.847s][info][gc,phases      ] GC(986)   Other: 0.11ms
[3920.847s][info][gc,heap        ] GC(986) Eden regions: 1118->0(1120)
[3920.847s][info][gc,heap        ] GC(986) Survivor regions: 110->108(154)
[3920.847s][info][gc,heap        ] GC(986) Old regions: 474->505
[3920.847s][info][gc,heap        ] GC(986) Humongous regions: 80->80
[3920.847s][info][gc,metaspace   ] GC(986) Metaspace: 28907K(29312K)->28907K(29312K) NonClass: 24039K(24256K)->24039K(24256K) Class: 4868K(5056K)->4868K(5056K)
[3920.847s][info][gc             ] GC(986) Pause Young (Concurrent Start) (G1 Evacuation Pause) 3562M->1385M(4096M) 114.190ms
[3920.847s][info][gc             ] GC(987) Concurrent Mark Cycle
[3920.847s][info][gc,marking     ] GC(987) Concurrent Scan Root Regions
[3920.847s][info][gc,cpu         ] GC(986) User=0.67s Sys=0.00s Real=0.11s
.[3921.035s][info][gc,marking     ] GC(987) Concurrent Scan Root Regions 187.175ms
[3921.035s][info][gc,marking     ] GC(987) Concurrent Mark
[3921.035s][info][gc,marking     ] GC(987) Concurrent Mark From Roots
[3921.035s][info][gc,task        ] GC(987) Using 2 workers of 2 for marking
[3921.722s][info][gc,marking     ] GC(987) Concurrent Mark From Roots 687.385ms
[3921.722s][info][gc,marking     ] GC(987) Concurrent Preclean
[3921.722s][info][gc,marking     ] GC(987) Concurrent Preclean 0.089ms
[3921.722s][info][gc,start       ] GC(987) Pause Remark
[3921.728s][info][gc             ] GC(987) Pause Remark 2161M->2161M(4096M) 5.537ms
[3921.728s][info][gc,cpu         ] GC(987) User=0.03s Sys=0.00s Real=0.00s
[3921.728s][info][gc,marking     ] GC(987) Concurrent Mark 693.364ms
[3921.728s][info][gc,marking     ] GC(987) Concurrent Rebuild Remembered Sets and Scrub Regions
.[3921.988s][info][gc,marking     ] GC(987) Concurrent Rebuild Remembered Sets and Scrub Regions 259.965ms
[3921.989s][info][gc,start       ] GC(987) Pause Cleanup
[3921.989s][info][gc             ] GC(987) Pause Cleanup 2391M->2391M(4096M) 0.122ms
[3921.989s][info][gc,cpu         ] GC(987) User=0.00s Sys=0.00s Real=0.00s
[3921.989s][info][gc,marking     ] GC(987) Concurrent Clear Claimed Marks
[3921.989s][info][gc,marking     ] GC(987) Concurrent Clear Claimed Marks 0.022ms
[3921.989s][info][gc,marking     ] GC(987) Concurrent Cleanup for Next Mark
[3921.994s][info][gc,marking     ] GC(987) Concurrent Cleanup for Next Mark 5.443ms
[3921.994s][info][gc             ] GC(987) Concurrent Mark Cycle 1146.975ms
.[3923.448s][info][gc,start       ] GC(988) Pause Young (Prepare Mixed) (G1 Evacuation Pause)
[3923.448s][info][gc,task        ] GC(988) Using 6 workers of 6 for evacuation
[3923.565s][info][gc,phases      ] GC(988)   Pre Evacuate Collection Set: 0.34ms
[3923.565s][info][gc,phases      ] GC(988)   Merge Heap Roots: 0.49ms
[3923.565s][info][gc,phases      ] GC(988)   Evacuate Collection Set: 115.53ms
[3923.565s][info][gc,phases      ] GC(988)   Post Evacuate Collection Set: 0.94ms
[3923.565s][info][gc,phases      ] GC(988)   Other: 0.09ms
[3923.565s][info][gc,heap        ] GC(988) Eden regions: 1120->0(1108)
[3923.565s][info][gc,heap        ] GC(988) Survivor regions: 108->110(154)
[3923.565s][info][gc,heap        ] GC(988) Old regions: 505->537
[3923.565s][info][gc,heap        ] GC(988) Humongous regions: 80->80
[3923.565s][info][gc,metaspace   ] GC(988) Metaspace: 28907K(29312K)->28907K(29312K) NonClass: 24039K(24256K)->24039K(24256K) Class: 4868K(5056K)->4868K(5056K)
[3923.565s][info][gc             ] GC(988) Pause Young (Prepare Mixed) (G1 Evacuation Pause) 3625M->1452M(4096M) 117.503ms
[3923.565s][info][gc,cpu         ] GC(988) User=0.70s Sys=0.00s Real=0.12s
...[3926.167s][info][gc,start       ] GC(989) Pause Young (Mixed) (G1 Evacuation Pause)
[3926.167s][info][gc,task        ] GC(989) Using 6 workers of 6 for evacuation
[3926.304s][info][gc,phases      ] GC(989)   Pre Evacuate Collection Set: 0.39ms
[3926.304s][info][gc,phases      ] GC(989)   Merge Heap Roots: 0.73ms
[3926.304s][info][gc,phases      ] GC(989)   Evacuate Collection Set: 134.66ms
[3926.304s][info][gc,phases      ] GC(989)   Post Evacuate Collection Set: 0.92ms
[3926.304s][info][gc,phases      ] GC(989)   Other: 0.09ms
[3926.304s][info][gc,heap        ] GC(989) Eden regions: 1108->0(1117)
[3926.304s][info][gc,heap        ] GC(989) Survivor regions: 110->111(153)
[3926.304s][info][gc,heap        ] GC(989) Old regions: 537->472
[3926.304s][info][gc,heap        ] GC(989) Humongous regions: 80->80
[3926.304s][info][gc,metaspace   ] GC(989) Metaspace: 28907K(29312K)->28907K(29312K) NonClass: 24039K(24256K)->24039K(24256K) Class: 4868K(5056K)->4868K(5056K)
[3926.304s][info][gc             ] GC(989) Pause Young (Mixed) (G1 Evacuation Pause) 3668M->1325M(4096M) 136.935ms
[3926.304s][info][gc,cpu         ] GC(989) User=0.82s Sys=0.00s Real=0.14s
..[3928.861s][info][gc,start       ] GC(990) Pause Young (Concurrent Start) (G1 Evacuation Pause)
[3928.861s][info][gc,task        ] GC(990) Using 6 workers of 6 for evacuation
[3928.977s][info][gc,phases      ] GC(990)   Pre Evacuate Collection Set: 0.41ms
[3928.977s][info][gc,phases      ] GC(990)   Merge Heap Roots: 0.44ms
[3928.977s][info][gc,phases      ] GC(990)   Evacuate Collection Set: 113.65ms
[3928.977s][info][gc,phases      ] GC(990)   Post Evacuate Collection Set: 0.87ms
[3928.977s][info][gc,phases      ] GC(990)   Other: 0.12ms
[3928.977s][info][gc,heap        ] GC(990) Eden regions: 1117->0(1119)
[3928.977s][info][gc,heap        ] GC(990) Survivor regions: 111->109(154)
[3928.977s][info][gc,heap        ] GC(990) Old regions: 472->505
[3928.977s][info][gc,heap        ] GC(990) Humongous regions: 80->80
[3928.977s][info][gc,metaspace   ] GC(990) Metaspace: 28907K(29312K)->28907K(29312K) NonClass: 24039K(24256K)->24039K(24256K) Class: 4868K(5056K)->4868K(5056K)
[3928.977s][info][gc             ] GC(990) Pause Young (Concurrent Start) (G1 Evacuation Pause) 3559M->1386M(4096M) 115.624ms
[3928.977s][info][gc             ] GC(991) Concurrent Mark Cycle
[3928.977s][info][gc,marking     ] GC(991) Concurrent Scan Root Regions
[3928.977s][info][gc,cpu         ] GC(990) User=0.69s Sys=0.00s Real=0.11s
.[3929.128s][info][gc,marking     ] GC(991) Concurrent Scan Root Regions 151.443ms
[3929.128s][info][gc,marking     ] GC(991) Concurrent Mark
[3929.129s][info][gc,marking     ] GC(991) Concurrent Mark From Roots
[3929.129s][info][gc,task        ] GC(991) Using 2 workers of 2 for marking
[3929.797s][info][gc,marking     ] GC(991) Concurrent Mark From Roots 668.033ms
[3929.797s][info][gc,marking     ] GC(991) Concurrent Preclean
[3929.797s][info][gc,marking     ] GC(991) Concurrent Preclean 0.097ms
[3929.797s][info][gc,start       ] GC(991) Pause Remark
[3929.803s][info][gc             ] GC(991) Pause Remark 2070M->2070M(4096M) 5.530ms
[3929.803s][info][gc,cpu         ] GC(991) User=0.03s Sys=0.00s Real=0.01s
[3929.804s][info][gc,marking     ] GC(991) Concurrent Mark 675.120ms
[3929.804s][info][gc,marking     ] GC(991) Concurrent Rebuild Remembered Sets and Scrub Regions
.[3930.041s][info][gc,marking     ] GC(991) Concurrent Rebuild Remembered Sets and Scrub Regions 237.691ms
[3930.042s][info][gc,start       ] GC(991) Pause Cleanup
[3930.042s][info][gc             ] GC(991) Pause Cleanup 2247M->2247M(4096M) 0.113ms
[3930.042s][info][gc,cpu         ] GC(991) User=0.00s Sys=0.00s Real=0.00s
[3930.042s][info][gc,marking     ] GC(991) Concurrent Clear Claimed Marks
[3930.042s][info][gc,marking     ] GC(991) Concurrent Clear Claimed Marks 0.037ms
[3930.042s][info][gc,marking     ] GC(991) Concurrent Cleanup for Next Mark
[3930.047s][info][gc,marking     ] GC(991) Concurrent Cleanup for Next Mark 5.139ms
[3930.047s][info][gc             ] GC(991) Concurrent Mark Cycle 1069.978ms
.[3931.648s][info][gc,start       ] GC(992) Pause Young (Prepare Mixed) (G1 Evacuation Pause)
[3931.648s][info][gc,task        ] GC(992) Using 6 workers of 6 for evacuation
[3931.769s][info][gc,phases      ] GC(992)   Pre Evacuate Collection Set: 0.36ms
[3931.769s][info][gc,phases      ] GC(992)   Merge Heap Roots: 0.53ms
[3931.769s][info][gc,phases      ] GC(992)   Evacuate Collection Set: 119.09ms
[3931.769s][info][gc,phases      ] GC(992)   Post Evacuate Collection Set: 0.89ms
[3931.769s][info][gc,phases      ] GC(992)   Other: 0.09ms
[3931.769s][info][gc,heap        ] GC(992) Eden regions: 1119->0(1102)
[3931.769s][info][gc,heap        ] GC(992) Survivor regions: 109->113(154)
[3931.769s][info][gc,heap        ] GC(992) Old regions: 505->537
[3931.769s][info][gc,heap        ] GC(992) Humongous regions: 80->80
[3931.769s][info][gc,metaspace   ] GC(992) Metaspace: 28907K(29312K)->28907K(29312K) NonClass: 24039K(24256K)->24039K(24256K) Class: 4868K(5056K)->4868K(5056K)
[3931.769s][info][gc             ] GC(992) Pause Young (Prepare Mixed) (G1 Evacuation Pause) 3624M->1457M(4096M) 121.095ms
[3931.769s][info][gc,cpu         ] GC(992) User=0.72s Sys=0.00s Real=0.12s
...[3934.345s][info][gc,start       ] GC(993) Pause Young (Mixed) (G1 Evacuation Pause)
[3934.345s][info][gc,task        ] GC(993) Using 6 workers of 6 for evacuation
[3934.478s][info][gc,phases      ] GC(993)   Pre Evacuate Collection Set: 0.33ms
[3934.478s][info][gc,phases      ] GC(993)   Merge Heap Roots: 0.60ms
[3934.478s][info][gc,phases      ] GC(993)   Evacuate Collection Set: 130.91ms
[3934.478s][info][gc,phases      ] GC(993)   Post Evacuate Collection Set: 0.92ms
[3934.478s][info][gc,phases      ] GC(993)   Other: 0.09ms
[3934.478s][info][gc,heap        ] GC(993) Eden regions: 1102->0(1118)
[3934.478s][info][gc,heap        ] GC(993) Survivor regions: 113->110(152)
[3934.478s][info][gc,heap        ] GC(993) Old regions: 537->474
[3934.478s][info][gc,heap        ] GC(993) Humongous regions: 80->80
[3934.478s][info][gc,metaspace   ] GC(993) Metaspace: 28907K(29312K)->28907K(29312K) NonClass: 24039K(24256K)->24039K(24256K) Class: 4868K(5056K)->4868K(5056K)
[3934.478s][info][gc             ] GC(993) Pause Young (Mixed) (G1 Evacuation Pause) 3661M->1326M(4096M) 132.970ms
[3934.478s][info][gc,cpu         ] GC(993) User=0.80s Sys=0.00s Real=0.13s
...[3937.119s][info][gc,start       ] GC(994) Pause Young (Concurrent Start) (G1 Evacuation Pause)
[3937.119s][info][gc,task        ] GC(994) Using 6 workers of 6 for evacuation
[3937.244s][info][gc,phases      ] GC(994)   Pre Evacuate Collection Set: 0.36ms
[3937.244s][info][gc,phases      ] GC(994)   Merge Heap Roots: 0.43ms
[3937.244s][info][gc,phases      ] GC(994)   Evacuate Collection Set: 123.80ms
[3937.244s][info][gc,phases      ] GC(994)   Post Evacuate Collection Set: 0.84ms
[3937.244s][info][gc,phases      ] GC(994)   Other: 0.12ms
[3937.244s][info][gc,heap        ] GC(994) Eden regions: 1118->0(1110)
[3937.244s][info][gc,heap        ] GC(994) Survivor regions: 110->118(154)
[3937.244s][info][gc,heap        ] GC(994) Old regions: 474->505
[3937.244s][info][gc,heap        ] GC(994) Humongous regions: 80->80
[3937.244s][info][gc,metaspace   ] GC(994) Metaspace: 28907K(29312K)->28907K(29312K) NonClass: 24039K(24256K)->24039K(24256K) Class: 4868K(5056K)->4868K(5056K)
[3937.244s][info][gc             ] GC(994) Pause Young (Concurrent Start) (G1 Evacuation Pause) 3562M->1405M(4096M) 125.693ms
[3937.244s][info][gc             ] GC(995) Concurrent Mark Cycle
[3937.244s][info][gc,marking     ] GC(995) Concurrent Scan Root Regions
[3937.244s][info][gc,cpu         ] GC(994) User=0.75s Sys=0.00s Real=0.13s
[3937.403s][info][gc,marking     ] GC(995) Concurrent Scan Root Regions 158.878ms
[3937.403s][info][gc,marking     ] GC(995) Concurrent Mark
[3937.403s][info][gc,marking     ] GC(995) Concurrent Mark From Roots
[3937.403s][info][gc,task        ] GC(995) Using 2 workers of 2 for marking
[3937.986s][info][gc,marking     ] GC(995) Concurrent Mark From Roots 582.358ms
[3937.986s][info][gc,marking     ] GC(995) Concurrent Preclean
[3937.986s][info][gc,marking     ] GC(995) Concurrent Preclean 0.099ms
[3937.987s][info][gc,start       ] GC(995) Pause Remark
[3937.993s][info][gc             ] GC(995) Pause Remark 2027M->2027M(4096M) 5.642ms
[3937.993s][info][gc,cpu         ] GC(995) User=0.03s Sys=0.00s Real=0.01s
[3937.994s][info][gc,marking     ] GC(995) Concurrent Mark 590.629ms
[3937.994s][info][gc,marking     ] GC(995) Concurrent Rebuild Remembered Sets and Scrub Regions
. (rIR:aIR:PR = 6918:6910:6911) (tPR = 102414) [OK] 
  3937s: Performance info:
         Transaction,    Success,    Partial,     Failed,   Receipts, AvgBarcode, 
             Overall,     419867,          0,          0,     398891,      59.47, 
         Response times:
             Request,    Success,    Partial,     Failed,   SkipFail,     Probes,    Samples,      min,      p50,      p90,      p95,      p99,      max, 
       TotalPurchase,     398891,          0,          0,          0,     361767,     396873,      300,     6000,    49000,    74000,   122000,   323000,
     InStorePurchase,     209518,          0,          0,          0,     190767,     209132,      300,     6100,    49000,    74000,   122000,   323000,
      OnlinePurchase,     147336,          0,          0,          0,     132662,     145582,      300,     5800,    49000,    73000,   121000,   235000,
        InstPurchase,      42037,          0,          0,          0,      38338,      42159,      400,     5800,    48000,    72000,   118000,   222000,
          AssocOfCat,        417,          0,          0,          0,        357,        487,    26000,    39000,   103000,   135400,   187000,   281000,
      AssocOfProduct,       4205,          0,          0,          0,       3990,       4596,      600,     4400,    45000,    69000,   118030,   191000,
      BusinessReport,       1051,          0,          0,          0,        919,       1105,    26000,    48000,   108800,   149700,   201880,   299000,
          CustBuyBeh,       4204,          0,          0,          0,       3865,       4438,      200,     6500,    55000,    82000,   127000,   206000,
       ProductReturn,      11106,          0,          0,          0,       9412,      10511,      200,     4300,    43000,    69000,   112000,   233000,

  3937s: (51%)   IR =   7057 [3938.257s][info][gc,marking     ] GC(995) Concurrent Rebuild Remembered Sets and Scrub Regions 263.164ms
[3938.258s][info][gc,start       ] GC(995) Pause Cleanup
[3938.258s][info][gc             ] GC(995) Pause Cleanup 2269M->2269M(4096M) 0.123ms
[3938.258s][info][gc,cpu         ] GC(995) User=0.00s Sys=0.00s Real=0.00s
[3938.258s][info][gc,marking     ] GC(995) Concurrent Clear Claimed Marks
[3938.258s][info][gc,marking     ] GC(995) Concurrent Clear Claimed Marks 0.032ms
[3938.258s][info][gc,marking     ] GC(995) Concurrent Cleanup for Next Mark
[3938.262s][info][gc,marking     ] GC(995) Concurrent Cleanup for Next Mark 3.813ms
[3938.262s][info][gc             ] GC(995) Concurrent Mark Cycle 1017.660ms
.[3939.837s][info][gc,start       ] GC(996) Pause Young (Prepare Mixed) (G1 Evacuation Pause)
[3939.838s][info][gc,task        ] GC(996) Using 6 workers of 6 for evacuation
[3939.955s][info][gc,phases      ] GC(996)   Pre Evacuate Collection Set: 0.32ms
[3939.955s][info][gc,phases      ] GC(996)   Merge Heap Roots: 0.53ms
[3939.955s][info][gc,phases      ] GC(996)   Evacuate Collection Set: 115.30ms
[3939.955s][info][gc,phases      ] GC(996)   Post Evacuate Collection Set: 0.92ms
[3939.955s][info][gc,phases      ] GC(996)   Other: 0.10ms
[3939.955s][info][gc,heap        ] GC(996) Eden regions: 1110->0(1110)
[3939.955s][info][gc,heap        ] GC(996) Survivor regions: 118->109(154)
[3939.955s][info][gc,heap        ] GC(996) Old regions: 505->537
[3939.955s][info][gc,heap        ] GC(996) Humongous regions: 80->80
[3939.955s][info][gc,metaspace   ] GC(996) Metaspace: 28907K(29312K)->28907K(29312K) NonClass: 24039K(24256K)->24039K(24256K) Class: 4868K(5056K)->4868K(5056K)
[3939.955s][info][gc             ] GC(996) Pause Young (Prepare Mixed) (G1 Evacuation Pause) 3625M->1450M(4096M) 117.294ms
[3939.955s][info][gc,cpu         ] GC(996) User=0.70s Sys=0.00s Real=0.12s
...|[3942.481s][info][gc,start       ] GC(997) Pause Young (Mixed) (G1 Evacuation Pause)
[3942.481s][info][gc,task        ] GC(997) Using 6 workers of 6 for evacuation
[3942.622s][info][gc,phases      ] GC(997)   Pre Evacuate Collection Set: 0.34ms
[3942.622s][info][gc,phases      ] GC(997)   Merge Heap Roots: 0.70ms
[3942.622s][info][gc,phases      ] GC(997)   Evacuate Collection Set: 139.05ms
[3942.622s][info][gc,phases      ] GC(997)   Post Evacuate Collection Set: 0.90ms
[3942.622s][info][gc,phases      ] GC(997)   Other: 0.08ms
[3942.622s][info][gc,heap        ] GC(997) Eden regions: 1110->0(1117)
[3942.622s][info][gc,heap        ] GC(997) Survivor regions: 109->111(153)
[3942.622s][info][gc,heap        ] GC(997) Old regions: 537->472
[3942.622s][info][gc,heap        ] GC(997) Humongous regions: 80->80
[3942.622s][info][gc,metaspace   ] GC(997) Metaspace: 28907K(29312K)->28907K(29312K) NonClass: 24039K(24256K)->24039K(24256K) Class: 4868K(5056K)->4868K(5056K)
[3942.622s][info][gc             ] GC(997) Pause Young (Mixed) (G1 Evacuation Pause) 3670M->1325M(4096M) 141.213ms
[3942.622s][info][gc,cpu         ] GC(997) User=0.84s Sys=0.00s Real=0.15s
...[3945.191s][info][gc,start       ] GC(998) Pause Young (Concurrent Start) (G1 Evacuation Pause)
[3945.191s][info][gc,task        ] GC(998) Using 6 workers of 6 for evacuation
[3945.308s][info][gc,phases      ] GC(998)   Pre Evacuate Collection Set: 0.43ms
[3945.308s][info][gc,phases      ] GC(998)   Merge Heap Roots: 0.52ms
[3945.308s][info][gc,phases      ] GC(998)   Evacuate Collection Set: 115.48ms
[3945.308s][info][gc,phases      ] GC(998)   Post Evacuate Collection Set: 0.85ms
[3945.308s][info][gc,phases      ] GC(998)   Other: 0.14ms
[3945.308s][info][gc,heap        ] GC(998) Eden regions: 1117->0(1117)
[3945.308s][info][gc,heap        ] GC(998) Survivor regions: 111->111(154)
[3945.308s][info][gc,heap        ] GC(998) Old regions: 472->503
[3945.308s][info][gc,heap        ] GC(998) Humongous regions: 80->80
[3945.308s][info][gc,metaspace   ] GC(998) Metaspace: 28907K(29312K)->28907K(29312K) NonClass: 24039K(24256K)->24039K(24256K) Class: 4868K(5056K)->4868K(5056K)
[3945.308s][info][gc             ] GC(998) Pause Young (Concurrent Start) (G1 Evacuation Pause) 3559M->1386M(4096M) 117.562ms
[3945.308s][info][gc             ] GC(999) Concurrent Mark Cycle
[3945.308s][info][gc,marking     ] GC(999) Concurrent Scan Root Regions
[3945.308s][info][gc,cpu         ] GC(998) User=0.70s Sys=0.00s Real=0.12s
[3945.500s][info][gc,marking     ] GC(999) Concurrent Scan Root Regions 191.045ms
[3945.500s][info][gc,marking     ] GC(999) Concurrent Mark
[3945.500s][info][gc,marking     ] GC(999) Concurrent Mark From Roots
[3945.500s][info][gc,task        ] GC(999) Using 2 workers of 2 for marking
.[3946.539s][info][gc,marking     ] GC(999) Concurrent Mark From Roots 1038.968ms
[3946.539s][info][gc,marking     ] GC(999) Concurrent Preclean
[3946.539s][info][gc,marking     ] GC(999) Concurrent Preclean 0.118ms
[3946.540s][info][gc,start       ] GC(999) Pause Remark
[3946.546s][info][gc             ] GC(999) Pause Remark 2508M->2508M(4096M) 6.209ms
[3946.546s][info][gc,cpu         ] GC(999) User=0.03s Sys=0.00s Real=0.01s
[3946.546s][info][gc,marking     ] GC(999) Concurrent Mark 1046.327ms
[3946.546s][info][gc,marking     ] GC(999) Concurrent Rebuild Remembered Sets and Scrub Regions
[3946.802s][info][gc,marking     ] GC(999) Concurrent Rebuild Remembered Sets and Scrub Regions 255.997ms
[3946.802s][info][gc,start       ] GC(999) Pause Cleanup
[3946.802s][info][gc             ] GC(999) Pause Cleanup 2732M->2732M(4096M) 0.102ms
[3946.802s][info][gc,cpu         ] GC(999) User=0.00s Sys=0.00s Real=0.00s
[3946.802s][info][gc,marking     ] GC(999) Concurrent Clear Claimed Marks
[3946.802s][info][gc,marking     ] GC(999) Concurrent Clear Claimed Marks 0.026ms
[3946.802s][info][gc,marking     ] GC(999) Concurrent Cleanup for Next Mark
[3946.806s][info][gc,marking     ] GC(999) Concurrent Cleanup for Next Mark 4.182ms
[3946.806s][info][gc             ] GC(999) Concurrent Mark Cycle 1498.008ms
.[3947.777s][info][gc,start       ] GC(1000) Pause Young (Prepare Mixed) (G1 Evacuation Pause)
[3947.777s][info][gc,task        ] GC(1000) Using 6 workers of 6 for evacuation
[3947.893s][info][gc,phases      ] GC(1000)   Pre Evacuate Collection Set: 0.31ms
[3947.893s][info][gc,phases      ] GC(1000)   Merge Heap Roots: 0.54ms
[3947.893s][info][gc,phases      ] GC(1000)   Evacuate Collection Set: 113.89ms
[3947.893s][info][gc,phases      ] GC(1000)   Post Evacuate Collection Set: 0.92ms
[3947.893s][info][gc,phases      ] GC(1000)   Other: 0.10ms
[3947.893s][info][gc,heap        ] GC(1000) Eden regions: 1117->0(1113)
[3947.893s][info][gc,heap        ] GC(1000) Survivor regions: 111->109(154)
[3947.893s][info][gc,heap        ] GC(1000) Old regions: 503->534
[3947.893s][info][gc,heap        ] GC(1000) Humongous regions: 80->80
[3947.893s][info][gc,metaspace   ] GC(1000) Metaspace: 28907K(29312K)->28907K(29312K) NonClass: 24039K(24256K)->24039K(24256K) Class: 4868K(5056K)->4868K(5056K)
[3947.893s][info][gc             ] GC(1000) Pause Young (Prepare Mixed) (G1 Evacuation Pause) 3620M->1444M(4096M) 115.886ms
[3947.893s][info][gc,cpu         ] GC(1000) User=0.69s Sys=0.00s Real=0.12s
...[3950.498s][info][gc,start       ] GC(1001) Pause Young (Mixed) (G1 Evacuation Pause)
[3950.498s][info][gc,task        ] GC(1001) Using 6 workers of 6 for evacuation
[3950.631s][info][gc,phases      ] GC(1001)   Pre Evacuate Collection Set: 0.37ms
[3950.631s][info][gc,phases      ] GC(1001)   Merge Heap Roots: 0.65ms
[3950.631s][info][gc,phases      ] GC(1001)   Evacuate Collection Set: 131.14ms
[3950.631s][info][gc,phases      ] GC(1001)   Post Evacuate Collection Set: 0.92ms
[3950.631s][info][gc,phases      ] GC(1001)   Other: 0.09ms
[3950.631s][info][gc,heap        ] GC(1001) Eden regions: 1113->0(1119)
[3950.631s][info][gc,heap        ] GC(1001) Survivor regions: 109->109(153)
[3950.631s][info][gc,heap        ] GC(1001) Old regions: 534->470
[3950.631s][info][gc,heap        ] GC(1001) Humongous regions: 80->80
[3950.631s][info][gc,metaspace   ] GC(1001) Metaspace: 28907K(29312K)->28907K(29312K) NonClass: 24039K(24256K)->24039K(24256K) Class: 4868K(5056K)->4868K(5056K)
[3950.631s][info][gc             ] GC(1001) Pause Young (Mixed) (G1 Evacuation Pause) 3670M->1316M(4096M) 133.307ms
[3950.631s][info][gc,cpu         ] GC(1001) User=0.79s Sys=0.00s Real=0.13s
...[3953.178s][info][gc,start       ] GC(1002) Pause Young (Concurrent Start) (G1 Evacuation Pause)
[3953.178s][info][gc,task        ] GC(1002) Using 6 workers of 6 for evacuation
[3953.296s][info][gc,phases      ] GC(1002)   Pre Evacuate Collection Set: 0.42ms
[3953.296s][info][gc,phases      ] GC(1002)   Merge Heap Roots: 0.46ms
[3953.296s][info][gc,phases      ] GC(1002)   Evacuate Collection Set: 115.98ms
[3953.296s][info][gc,phases      ] GC(1002)   Post Evacuate Collection Set: 0.86ms
[3953.296s][info][gc,phases      ] GC(1002)   Other: 0.13ms
[3953.296s][info][gc,heap        ] GC(1002) Eden regions: 1119->0(1116)
[3953.296s][info][gc,heap        ] GC(1002) Survivor regions: 109->112(154)
[3953.296s][info][gc,heap        ] GC(1002) Old regions: 470->501
[3953.296s][info][gc,heap        ] GC(1002) Humongous regions: 80->80
[3953.296s][info][gc,metaspace   ] GC(1002) Metaspace: 28907K(29312K)->28907K(29312K) NonClass: 24039K(24256K)->24039K(24256K) Class: 4868K(5056K)->4868K(5056K)
[3953.296s][info][gc             ] GC(1002) Pause Young (Concurrent Start) (G1 Evacuation Pause) 3554M->1385M(4096M) 117.997ms
[3953.296s][info][gc             ] GC(1003) Concurrent Mark Cycle
[3953.296s][info][gc,marking     ] GC(1003) Concurrent Scan Root Regions
[3953.296s][info][gc,cpu         ] GC(1002) User=0.70s Sys=0.00s Real=0.12s
[3953.481s][info][gc,marking     ] GC(1003) Concurrent Scan Root Regions 185.162ms
[3953.481s][info][gc,marking     ] GC(1003) Concurrent Mark
[3953.481s][info][gc,marking     ] GC(1003) Concurrent Mark From Roots
[3953.481s][info][gc,task        ] GC(1003) Using 2 workers of 2 for marking
.[3954.413s][info][gc,marking     ] GC(1003) Concurrent Mark From Roots 931.871ms
[3954.413s][info][gc,marking     ] GC(1003) Concurrent Preclean
[3954.413s][info][gc,marking     ] GC(1003) Concurrent Preclean 0.110ms
[3954.416s][info][gc,start       ] GC(1003) Pause Remark
[3954.422s][info][gc             ] GC(1003) Pause Remark 2421M->2421M(4096M) 6.579ms
[3954.422s][info][gc,cpu         ] GC(1003) User=0.03s Sys=0.00s Real=0.01s
[3954.423s][info][gc,marking     ] GC(1003) Concurrent Mark 941.808ms
[3954.423s][info][gc,marking     ] GC(1003) Concurrent Rebuild Remembered Sets and Scrub Regions
[3954.740s][info][gc,marking     ] GC(1003) Concurrent Rebuild Remembered Sets and Scrub Regions 317.435ms
[3954.741s][info][gc,start       ] GC(1003) Pause Cleanup
[3954.741s][info][gc             ] GC(1003) Pause Cleanup 2681M->2681M(4096M) 0.111ms
[3954.741s][info][gc,cpu         ] GC(1003) User=0.00s Sys=0.00s Real=0.00s
[3954.741s][info][gc,marking     ] GC(1003) Concurrent Clear Claimed Marks
[3954.741s][info][gc,marking     ] GC(1003) Concurrent Clear Claimed Marks 0.022ms
[3954.741s][info][gc,marking     ] GC(1003) Concurrent Cleanup for Next Mark
[3954.746s][info][gc,marking     ] GC(1003) Concurrent Cleanup for Next Mark 4.941ms
[3954.746s][info][gc             ] GC(1003) Concurrent Mark Cycle 1449.902ms
.[3955.832s][info][gc,start       ] GC(1004) Pause Young (Prepare Mixed) (G1 Evacuation Pause)
[3955.832s][info][gc,task        ] GC(1004) Using 6 workers of 6 for evacuation
[3955.950s][info][gc,phases      ] GC(1004)   Pre Evacuate Collection Set: 0.28ms
[3955.951s][info][gc,phases      ] GC(1004)   Merge Heap Roots: 0.48ms
[3955.951s][info][gc,phases      ] GC(1004)   Evacuate Collection Set: 117.08ms
[3955.951s][info][gc,phases      ] GC(1004)   Post Evacuate Collection Set: 0.94ms
[3955.951s][info][gc,phases      ] GC(1004)   Other: 0.08ms
[3955.951s][info][gc,heap        ] GC(1004) Eden regions: 1116->0(1107)
[3955.951s][info][gc,heap        ] GC(1004) Survivor regions: 112->112(154)
[3955.951s][info][gc,heap        ] GC(1004) Old regions: 501->534
[3955.951s][info][gc,heap        ] GC(1004) Humongous regions: 80->80
[3955.951s][info][gc,metaspace   ] GC(1004) Metaspace: 28907K(29312K)->28907K(29312K) NonClass: 24039K(24256K)->24039K(24256K) Class: 4868K(5056K)->4868K(5056K)
[3955.951s][info][gc             ] GC(1004) Pause Young (Prepare Mixed) (G1 Evacuation Pause) 3617M->1449M(4096M) 119.002ms
[3955.951s][info][gc,cpu         ] GC(1004) User=0.71s Sys=0.00s Real=0.11s
...[3958.503s][info][gc,start       ] GC(1005) Pause Young (Mixed) (G1 Evacuation Pause)
[3958.503s][info][gc,task        ] GC(1005) Using 6 workers of 6 for evacuation
[3958.636s][info][gc,phases      ] GC(1005)   Pre Evacuate Collection Set: 0.39ms
[3958.636s][info][gc,phases      ] GC(1005)   Merge Heap Roots: 0.74ms
[3958.636s][info][gc,phases      ] GC(1005)   Evacuate Collection Set: 130.74ms
[3958.636s][info][gc,phases      ] GC(1005)   Post Evacuate Collection Set: 0.94ms
[3958.636s][info][gc,phases      ] GC(1005)   Other: 0.09ms
[3958.636s][info][gc,heap        ] GC(1005) Eden regions: 1107->0(1120)
[3958.636s][info][gc,heap        ] GC(1005) Survivor regions: 112->108(153)
[3958.636s][info][gc,heap        ] GC(1005) Old regions: 534->474
[3958.636s][info][gc,heap        ] GC(1005) Humongous regions: 80->80
[3958.636s][info][gc,metaspace   ] GC(1005) Metaspace: 28907K(29312K)->28907K(29312K) NonClass: 24039K(24256K)->24039K(24256K) Class: 4868K(5056K)->4868K(5056K)
[3958.636s][info][gc             ] GC(1005) Pause Young (Mixed) (G1 Evacuation Pause) 3663M->1321M(4096M) 133.042ms
[3958.636s][info][gc,cpu         ] GC(1005) User=0.79s Sys=0.00s Real=0.13s
..[3961.162s][info][gc,start       ] GC(1006) Pause Young (Concurrent Start) (G1 Evacuation Pause)
[3961.162s][info][gc,task        ] GC(1006) Using 6 workers of 6 for evacuation
[3961.282s][info][gc,phases      ] GC(1006)   Pre Evacuate Collection Set: 0.40ms
[3961.282s][info][gc,phases      ] GC(1006)   Merge Heap Roots: 0.47ms
[3961.282s][info][gc,phases      ] GC(1006)   Evacuate Collection Set: 117.53ms
[3961.282s][info][gc,phases      ] GC(1006)   Post Evacuate Collection Set: 0.84ms
[3961.282s][info][gc,phases      ] GC(1006)   Other: 0.12ms
[3961.282s][info][gc,heap        ] GC(1006) Eden regions: 1120->0(1115)
[3961.282s][info][gc,heap        ] GC(1006) Survivor regions: 108->113(154)
[3961.282s][info][gc,heap        ] GC(1006) Old regions: 474->505
[3961.282s][info][gc,heap        ] GC(1006) Humongous regions: 80->80
[3961.282s][info][gc,metaspace   ] GC(1006) Metaspace: 28907K(29312K)->28907K(29312K) NonClass: 24039K(24256K)->24039K(24256K) Class: 4868K(5056K)->4868K(5056K)
[3961.282s][info][gc             ] GC(1006) Pause Young (Concurrent Start) (G1 Evacuation Pause) 3561M->1394M(4096M) 119.504ms
[3961.282s][info][gc             ] GC(1007) Concurrent Mark Cycle
[3961.282s][info][gc,marking     ] GC(1007) Concurrent Scan Root Regions
[3961.282s][info][gc,cpu         ] GC(1006) User=0.71s Sys=0.00s Real=0.12s
.[3961.491s][info][gc,marking     ] GC(1007) Concurrent Scan Root Regions 209.206ms
[3961.491s][info][gc,marking     ] GC(1007) Concurrent Mark
[3961.491s][info][gc,marking     ] GC(1007) Concurrent Mark From Roots
[3961.491s][info][gc,task        ] GC(1007) Using 2 workers of 2 for marking
[3962.182s][info][gc,marking     ] GC(1007) Concurrent Mark From Roots 690.378ms
[3962.182s][info][gc,marking     ] GC(1007) Concurrent Preclean
[3962.182s][info][gc,marking     ] GC(1007) Concurrent Preclean 0.095ms
[3962.182s][info][gc,start       ] GC(1007) Pause Remark
[3962.188s][info][gc             ] GC(1007) Pause Remark 2159M->2159M(4096M) 6.090ms
[3962.188s][info][gc,cpu         ] GC(1007) User=0.03s Sys=0.00s Real=0.00s
[3962.188s][info][gc,marking     ] GC(1007) Concurrent Mark 697.180ms
[3962.188s][info][gc,marking     ] GC(1007) Concurrent Rebuild Remembered Sets and Scrub Regions
[3962.452s][info][gc,marking     ] GC(1007) Concurrent Rebuild Remembered Sets and Scrub Regions 263.801ms
.[3962.452s][info][gc,start       ] GC(1007) Pause Cleanup
[3962.453s][info][gc             ] GC(1007) Pause Cleanup 2407M->2407M(4096M) 0.117ms
[3962.453s][info][gc,cpu         ] GC(1007) User=0.01s Sys=0.00s Real=0.00s
[3962.453s][info][gc,marking     ] GC(1007) Concurrent Clear Claimed Marks
[3962.453s][info][gc,marking     ] GC(1007) Concurrent Clear Claimed Marks 0.024ms
[3962.453s][info][gc,marking     ] GC(1007) Concurrent Cleanup for Next Mark
[3962.459s][info][gc,marking     ] GC(1007) Concurrent Cleanup for Next Mark 6.018ms
[3962.459s][info][gc             ] GC(1007) Concurrent Mark Cycle 1176.841ms
.[3963.913s][info][gc,start       ] GC(1008) Pause Young (Prepare Mixed) (G1 Evacuation Pause)
[3963.913s][info][gc,task        ] GC(1008) Using 6 workers of 6 for evacuation
[3964.034s][info][gc,phases      ] GC(1008)   Pre Evacuate Collection Set: 0.34ms
[3964.034s][info][gc,phases      ] GC(1008)   Merge Heap Roots: 0.59ms
[3964.034s][info][gc,phases      ] GC(1008)   Evacuate Collection Set: 119.06ms
[3964.034s][info][gc,phases      ] GC(1008)   Post Evacuate Collection Set: 0.92ms
[3964.034s][info][gc,phases      ] GC(1008)   Other: 0.09ms
[3964.034s][info][gc,heap        ] GC(1008) Eden regions: 1115->0(1106)
[3964.034s][info][gc,heap        ] GC(1008) Survivor regions: 113->111(154)
[3964.034s][info][gc,heap        ] GC(1008) Old regions: 505->537
[3964.034s][info][gc,heap        ] GC(1008) Humongous regions: 80->80
[3964.034s][info][gc,metaspace   ] GC(1008) Metaspace: 28907K(29312K)->28907K(29312K) NonClass: 24039K(24256K)->24039K(24256K) Class: 4868K(5056K)->4868K(5056K)
[3964.034s][info][gc             ] GC(1008) Pause Young (Prepare Mixed) (G1 Evacuation Pause) 3624M->1455M(4096M) 121.145ms
[3964.034s][info][gc,cpu         ] GC(1008) User=0.72s Sys=0.00s Real=0.12s
...[3966.556s][info][gc,start       ] GC(1009) Pause Young (Mixed) (G1 Evacuation Pause)
[3966.556s][info][gc,task        ] GC(1009) Using 6 workers of 6 for evacuation
[3966.694s][info][gc,phases      ] GC(1009)   Pre Evacuate Collection Set: 0.35ms
[3966.694s][info][gc,phases      ] GC(1009)   Merge Heap Roots: 0.66ms
[3966.694s][info][gc,phases      ] GC(1009)   Evacuate Collection Set: 135.39ms
[3966.694s][info][gc,phases      ] GC(1009)   Post Evacuate Collection Set: 0.90ms
[3966.694s][info][gc,phases      ] GC(1009)   Other: 0.09ms
[3966.694s][info][gc,heap        ] GC(1009) Eden regions: 1106->0(1118)
[3966.694s][info][gc,heap        ] GC(1009) Survivor regions: 111->110(153)
[3966.694s][info][gc,heap        ] GC(1009) Old regions: 537->473
[3966.694s][info][gc,heap        ] GC(1009) Humongous regions: 80->80
[3966.694s][info][gc,metaspace   ] GC(1009) Metaspace: 28907K(29312K)->28907K(29312K) NonClass: 24039K(24256K)->24039K(24256K) Class: 4868K(5056K)->4868K(5056K)
[3966.694s][info][gc             ] GC(1009) Pause Young (Mixed) (G1 Evacuation Pause) 3667M->1325M(4096M) 137.533ms
[3966.694s][info][gc,cpu         ] GC(1009) User=0.81s Sys=0.00s Real=0.14s
..[3969.205s][info][gc,start       ] GC(1010) Pause Young (Concurrent Start) (G1 Evacuation Pause)
[3969.205s][info][gc,task        ] GC(1010) Using 6 workers of 6 for evacuation
[3969.321s][info][gc,phases      ] GC(1010)   Pre Evacuate Collection Set: 0.35ms
[3969.321s][info][gc,phases      ] GC(1010)   Merge Heap Roots: 0.45ms
[3969.321s][info][gc,phases      ] GC(1010)   Evacuate Collection Set: 114.57ms
[3969.321s][info][gc,phases      ] GC(1010)   Post Evacuate Collection Set: 0.86ms
[3969.321s][info][gc,phases      ] GC(1010)   Other: 0.11ms
[3969.321s][info][gc,heap        ] GC(1010) Eden regions: 1118->0(1120)
[3969.321s][info][gc,heap        ] GC(1010) Survivor regions: 110->108(154)
[3969.321s][info][gc,heap        ] GC(1010) Old regions: 473->506
[3969.321s][info][gc,heap        ] GC(1010) Humongous regions: 80->80
[3969.321s][info][gc,metaspace   ] GC(1010) Metaspace: 28907K(29312K)->28907K(29312K) NonClass: 24039K(24256K)->24039K(24256K) Class: 4868K(5056K)->4868K(5056K)
[3969.321s][info][gc             ] GC(1010) Pause Young (Concurrent Start) (G1 Evacuation Pause) 3561M->1385M(4096M) 116.485ms
[3969.321s][info][gc             ] GC(1011) Concurrent Mark Cycle
[3969.321s][info][gc,marking     ] GC(1011) Concurrent Scan Root Regions
[3969.321s][info][gc,cpu         ] GC(1010) User=0.69s Sys=0.00s Real=0.12s
.[3969.505s][info][gc,marking     ] GC(1011) Concurrent Scan Root Regions 183.537ms
[3969.505s][info][gc,marking     ] GC(1011) Concurrent Mark
[3969.505s][info][gc,marking     ] GC(1011) Concurrent Mark From Roots
[3969.505s][info][gc,task        ] GC(1011) Using 2 workers of 2 for marking
[3970.407s][info][gc,marking     ] GC(1011) Concurrent Mark From Roots 901.622ms
[3970.407s][info][gc,marking     ] GC(1011) Concurrent Preclean
[3970.407s][info][gc,marking     ] GC(1011) Concurrent Preclean 0.076ms
[3970.409s][info][gc,start       ] GC(1011) Pause Remark
[3970.413s][info][gc             ] GC(1011) Pause Remark 2375M->2375M(4096M) 4.296ms
[3970.413s][info][gc,cpu         ] GC(1011) User=0.02s Sys=0.01s Real=0.01s
[3970.414s][info][gc,marking     ] GC(1011) Concurrent Mark 908.566ms
[3970.414s][info][gc,marking     ] GC(1011) Concurrent Rebuild Remembered Sets and Scrub Regions
.[3970.656s][info][gc,marking     ] GC(1011) Concurrent Rebuild Remembered Sets and Scrub Regions 242.463ms
[3970.656s][info][gc,start       ] GC(1011) Pause Cleanup
[3970.656s][info][gc             ] GC(1011) Pause Cleanup 2549M->2549M(4096M) 0.112ms
[3970.656s][info][gc,cpu         ] GC(1011) User=0.00s Sys=0.00s Real=0.00s
[3970.656s][info][gc,marking     ] GC(1011) Concurrent Clear Claimed Marks
[3970.656s][info][gc,marking     ] GC(1011) Concurrent Clear Claimed Marks 0.028ms
[3970.656s][info][gc,marking     ] GC(1011) Concurrent Cleanup for Next Mark
[3970.660s][info][gc,marking     ] GC(1011) Concurrent Cleanup for Next Mark 3.340ms
[3970.660s][info][gc             ] GC(1011) Concurrent Mark Cycle 1338.413ms
.[3971.935s][info][gc,start       ] GC(1012) Pause Young (Prepare Mixed) (G1 Evacuation Pause)
[3971.935s][info][gc,task        ] GC(1012) Using 6 workers of 6 for evacuation
[3972.054s][info][gc,phases      ] GC(1012)   Pre Evacuate Collection Set: 0.31ms
[3972.054s][info][gc,phases      ] GC(1012)   Merge Heap Roots: 0.50ms
[3972.054s][info][gc,phases      ] GC(1012)   Evacuate Collection Set: 116.46ms
[3972.054s][info][gc,phases      ] GC(1012)   Post Evacuate Collection Set: 0.91ms
[3972.054s][info][gc,phases      ] GC(1012)   Other: 0.08ms
[3972.054s][info][gc,heap        ] GC(1012) Eden regions: 1120->0(1104)
[3972.054s][info][gc,heap        ] GC(1012) Survivor regions: 108->112(154)
[3972.054s][info][gc,heap        ] GC(1012) Old regions: 506->537
[3972.054s][info][gc,heap        ] GC(1012) Humongous regions: 80->80
[3972.054s][info][gc,metaspace   ] GC(1012) Metaspace: 28907K(29312K)->28907K(29312K) NonClass: 24039K(24256K)->24039K(24256K) Class: 4868K(5056K)->4868K(5056K)
[3972.054s][info][gc             ] GC(1012) Pause Young (Prepare Mixed) (G1 Evacuation Pause) 3625M->1457M(4096M) 118.399ms
[3972.054s][info][gc,cpu         ] GC(1012) User=0.70s Sys=0.01s Real=0.12s
...[3974.559s][info][gc,start       ] GC(1013) Pause Young (Mixed) (G1 Evacuation Pause)
[3974.559s][info][gc,task        ] GC(1013) Using 6 workers of 6 for evacuation
[3974.693s][info][gc,phases      ] GC(1013)   Pre Evacuate Collection Set: 0.36ms
[3974.693s][info][gc,phases      ] GC(1013)   Merge Heap Roots: 0.66ms
[3974.693s][info][gc,phases      ] GC(1013)   Evacuate Collection Set: 132.50ms
[3974.693s][info][gc,phases      ] GC(1013)   Post Evacuate Collection Set: 0.93ms
[3974.693s][info][gc,phases      ] GC(1013)   Other: 0.09ms
[3974.693s][info][gc,heap        ] GC(1013) Eden regions: 1104->0(1117)
[3974.693s][info][gc,heap        ] GC(1013) Survivor regions: 112->111(152)
[3974.693s][info][gc,heap        ] GC(1013) Old regions: 537->474
[3974.693s][info][gc,heap        ] GC(1013) Humongous regions: 80->80
[3974.693s][info][gc,metaspace   ] GC(1013) Metaspace: 28907K(29312K)->28907K(29312K) NonClass: 24039K(24256K)->24039K(24256K) Class: 4868K(5056K)->4868K(5056K)
[3974.693s][info][gc             ] GC(1013) Pause Young (Mixed) (G1 Evacuation Pause) 3665M->1327M(4096M) 134.662ms
[3974.693s][info][gc,cpu         ] GC(1013) User=0.80s Sys=0.00s Real=0.14s
..[3977.225s][info][gc,start       ] GC(1014) Pause Young (Concurrent Start) (G1 Evacuation Pause)
[3977.225s][info][gc,task        ] GC(1014) Using 6 workers of 6 for evacuation
[3977.343s][info][gc,phases      ] GC(1014)   Pre Evacuate Collection Set: 0.40ms
[3977.343s][info][gc,phases      ] GC(1014)   Merge Heap Roots: 0.49ms
[3977.343s][info][gc,phases      ] GC(1014)   Evacuate Collection Set: 116.03ms
[3977.343s][info][gc,phases      ] GC(1014)   Post Evacuate Collection Set: 0.87ms
[3977.343s][info][gc,phases      ] GC(1014)   Other: 0.11ms
[3977.343s][info][gc,heap        ] GC(1014) Eden regions: 1117->0(1119)
[3977.343s][info][gc,heap        ] GC(1014) Survivor regions: 111->109(154)
[3977.343s][info][gc,heap        ] GC(1014) Old regions: 474->507
[3977.343s][info][gc,heap        ] GC(1014) Humongous regions: 80->80
[3977.343s][info][gc,metaspace   ] GC(1014) Metaspace: 28907K(29312K)->28907K(29312K) NonClass: 24039K(24256K)->24039K(24256K) Class: 4868K(5056K)->4868K(5056K)
[3977.343s][info][gc             ] GC(1014) Pause Young (Concurrent Start) (G1 Evacuation Pause) 3561M->1389M(4096M) 118.053ms
[3977.343s][info][gc             ] GC(1015) Concurrent Mark Cycle
[3977.343s][info][gc,marking     ] GC(1015) Concurrent Scan Root Regions
[3977.343s][info][gc,cpu         ] GC(1014) User=0.70s Sys=0.00s Real=0.12s
.[3977.527s][info][gc,marking     ] GC(1015) Concurrent Scan Root Regions 183.992ms
[3977.527s][info][gc,marking     ] GC(1015) Concurrent Mark
[3977.527s][info][gc,marking     ] GC(1015) Concurrent Mark From Roots
[3977.527s][info][gc,task        ] GC(1015) Using 2 workers of 2 for marking
[3978.455s][info][gc,marking     ] GC(1015) Concurrent Mark From Roots 928.445ms
[3978.455s][info][gc,marking     ] GC(1015) Concurrent Preclean
[3978.456s][info][gc,marking     ] GC(1015) Concurrent Preclean 0.066ms
[3978.456s][info][gc,start       ] GC(1015) Pause Remark
[3978.463s][info][gc             ] GC(1015) Pause Remark 2369M->2369M(4096M) 7.090ms
[3978.463s][info][gc,cpu         ] GC(1015) User=0.04s Sys=0.00s Real=0.01s
[3978.463s][info][gc,marking     ] GC(1015) Concurrent Mark 935.842ms
[3978.463s][info][gc,marking     ] GC(1015) Concurrent Rebuild Remembered Sets and Scrub Regions
.[3978.871s][info][gc,marking     ] GC(1015) Concurrent Rebuild Remembered Sets and Scrub Regions 407.811ms
[3978.871s][info][gc,start       ] GC(1015) Pause Cleanup
[3978.871s][info][gc             ] GC(1015) Pause Cleanup 2727M->2727M(4096M) 0.117ms
[3978.871s][info][gc,cpu         ] GC(1015) User=0.00s Sys=0.00s Real=0.00s
[3978.871s][info][gc,marking     ] GC(1015) Concurrent Clear Claimed Marks
[3978.871s][info][gc,marking     ] GC(1015) Concurrent Clear Claimed Marks 0.028ms
[3978.871s][info][gc,marking     ] GC(1015) Concurrent Cleanup for Next Mark
[3978.876s][info][gc,marking     ] GC(1015) Concurrent Cleanup for Next Mark 4.641ms
[3978.876s][info][gc             ] GC(1015) Concurrent Mark Cycle 1532.832ms
.[3979.990s][info][gc,start       ] GC(1016) Pause Young (Prepare Mixed) (G1 Evacuation Pause)
[3979.990s][info][gc,task        ] GC(1016) Using 6 workers of 6 for evacuation
[3980.111s][info][gc,phases      ] GC(1016)   Pre Evacuate Collection Set: 0.33ms
[3980.111s][info][gc,phases      ] GC(1016)   Merge Heap Roots: 0.49ms
[3980.111s][info][gc,phases      ] GC(1016)   Evacuate Collection Set: 118.74ms
[3980.111s][info][gc,phases      ] GC(1016)   Post Evacuate Collection Set: 0.92ms
[3980.111s][info][gc,phases      ] GC(1016)   Other: 0.08ms
[3980.111s][info][gc,heap        ] GC(1016) Eden regions: 1119->0(1099)
[3980.111s][info][gc,heap        ] GC(1016) Survivor regions: 109->114(154)
[3980.111s][info][gc,heap        ] GC(1016) Old regions: 507->538
[3980.111s][info][gc,heap        ] GC(1016) Humongous regions: 80->80
[3980.111s][info][gc,metaspace   ] GC(1016) Metaspace: 28907K(29312K)->28907K(29312K) NonClass: 24039K(24256K)->24039K(24256K) Class: 4868K(5056K)->4868K(5056K)
[3980.111s][info][gc             ] GC(1016) Pause Young (Prepare Mixed) (G1 Evacuation Pause) 3627M->1462M(4096M) 120.687ms
[3980.111s][info][gc,cpu         ] GC(1016) User=0.72s Sys=0.00s Real=0.12s
...[3982.566s][info][gc,start       ] GC(1017) Pause Young (Mixed) (G1 Evacuation Pause)
[3982.566s][info][gc,task        ] GC(1017) Using 6 workers of 6 for evacuation
[3982.701s][info][gc,phases      ] GC(1017)   Pre Evacuate Collection Set: 0.38ms
[3982.701s][info][gc,phases      ] GC(1017)   Merge Heap Roots: 0.70ms
[3982.701s][info][gc,phases      ] GC(1017)   Evacuate Collection Set: 133.05ms
[3982.701s][info][gc,phases      ] GC(1017)   Post Evacuate Collection Set: 0.90ms
[3982.701s][info][gc,phases      ] GC(1017)   Other: 0.09ms
[3982.701s][info][gc,heap        ] GC(1017) Eden regions: 1099->0(1119)
[3982.701s][info][gc,heap        ] GC(1017) Survivor regions: 114->109(152)
[3982.701s][info][gc,heap        ] GC(1017) Old regions: 538->474
[3982.701s][info][gc,heap        ] GC(1017) Humongous regions: 80->80
[3982.701s][info][gc,metaspace   ] GC(1017) Metaspace: 28907K(29312K)->28907K(29312K) NonClass: 24039K(24256K)->24039K(24256K) Class: 4868K(5056K)->4868K(5056K)
[3982.701s][info][gc             ] GC(1017) Pause Young (Mixed) (G1 Evacuation Pause) 3660M->1323M(4096M) 135.258ms
[3982.702s][info][gc,cpu         ] GC(1017) User=0.80s Sys=0.00s Real=0.14s
..[3985.229s][info][gc,start       ] GC(1018) Pause Young (Concurrent Start) (G1 Evacuation Pause)
[3985.229s][info][gc,task        ] GC(1018) Using 6 workers of 6 for evacuation
[3985.346s][info][gc,phases      ] GC(1018)   Pre Evacuate Collection Set: 0.33ms
[3985.346s][info][gc,phases      ] GC(1018)   Merge Heap Roots: 0.44ms
[3985.346s][info][gc,phases      ] GC(1018)   Evacuate Collection Set: 115.04ms
[3985.346s][info][gc,phases      ] GC(1018)   Post Evacuate Collection Set: 0.87ms
[3985.346s][info][gc,phases      ] GC(1018)   Other: 0.11ms
[3985.346s][info][gc,heap        ] GC(1018) Eden regions: 1119->0(1121)
[3985.346s][info][gc,heap        ] GC(1018) Survivor regions: 109->107(154)
[3985.346s][info][gc,heap        ] GC(1018) Old regions: 474->507
[3985.346s][info][gc,heap        ] GC(1018) Humongous regions: 80->80
[3985.346s][info][gc,metaspace   ] GC(1018) Metaspace: 28907K(29312K)->28907K(29312K) NonClass: 24039K(24256K)->24039K(24256K) Class: 4868K(5056K)->4868K(5056K)
[3985.346s][info][gc             ] GC(1018) Pause Young (Concurrent Start) (G1 Evacuation Pause) 3561M->1387M(4096M) 116.924ms
[3985.346s][info][gc             ] GC(1019) Concurrent Mark Cycle
[3985.346s][info][gc,marking     ] GC(1019) Concurrent Scan Root Regions
[3985.346s][info][gc,cpu         ] GC(1018) User=0.70s Sys=0.00s Real=0.12s
.[3985.530s][info][gc,marking     ] GC(1019) Concurrent Scan Root Regions 183.515ms
[3985.530s][info][gc,marking     ] GC(1019) Concurrent Mark
[3985.530s][info][gc,marking     ] GC(1019) Concurrent Mark From Roots
[3985.530s][info][gc,task        ] GC(1019) Using 2 workers of 2 for marking
.[3986.542s][info][gc,marking     ] GC(1019) Concurrent Mark From Roots 1012.009ms
[3986.542s][info][gc,marking     ] GC(1019) Concurrent Preclean
[3986.542s][info][gc,marking     ] GC(1019) Concurrent Preclean 0.087ms
[3986.543s][info][gc,start       ] GC(1019) Pause Remark
[3986.547s][info][gc             ] GC(1019) Pause Remark 2457M->2457M(4096M) 4.167ms
[3986.547s][info][gc,cpu         ] GC(1019) User=0.02s Sys=0.00s Real=0.00s
[3986.548s][info][gc,marking     ] GC(1019) Concurrent Mark 1017.780ms
[3986.548s][info][gc,marking     ] GC(1019) Concurrent Rebuild Remembered Sets and Scrub Regions
[3986.852s][info][gc,marking     ] GC(1019) Concurrent Rebuild Remembered Sets and Scrub Regions 304.247ms
[3986.852s][info][gc,start       ] GC(1019) Pause Cleanup
[3986.852s][info][gc             ] GC(1019) Pause Cleanup 2702M->2702M(4096M) 0.113ms
[3986.852s][info][gc,cpu         ] GC(1019) User=0.00s Sys=0.00s Real=0.00s
[3986.852s][info][gc,marking     ] GC(1019) Concurrent Clear Claimed Marks
[3986.852s][info][gc,marking     ] GC(1019) Concurrent Clear Claimed Marks 0.021ms
[3986.852s][info][gc,marking     ] GC(1019) Concurrent Cleanup for Next Mark
[3986.855s][info][gc,marking     ] GC(1019) Concurrent Cleanup for Next Mark 3.262ms
[3986.855s][info][gc             ] GC(1019) Concurrent Mark Cycle 1509.216ms
.[3987.968s][info][gc,start       ] GC(1020) Pause Young (Prepare Mixed) (G1 Evacuation Pause)
[3987.968s][info][gc,task        ] GC(1020) Using 6 workers of 6 for evacuation
[3988.086s][info][gc,phases      ] GC(1020)   Pre Evacuate Collection Set: 0.31ms
[3988.086s][info][gc,phases      ] GC(1020)   Merge Heap Roots: 0.56ms
[3988.086s][info][gc,phases      ] GC(1020)   Evacuate Collection Set: 116.46ms
[3988.086s][info][gc,phases      ] GC(1020)   Post Evacuate Collection Set: 0.91ms
[3988.086s][info][gc,phases      ] GC(1020)   Other: 0.09ms
[3988.086s][info][gc,heap        ] GC(1020) Eden regions: 1121->0(1104)
[3988.086s][info][gc,heap        ] GC(1020) Survivor regions: 107->112(154)
[3988.086s][info][gc,heap        ] GC(1020) Old regions: 507->537
[3988.086s][info][gc,heap        ] GC(1020) Humongous regions: 80->80
[3988.086s][info][gc,metaspace   ] GC(1020) Metaspace: 28907K(29312K)->28907K(29312K) NonClass: 24039K(24256K)->24039K(24256K) Class: 4868K(5056K)->4868K(5056K)
[3988.086s][info][gc             ] GC(1020) Pause Young (Prepare Mixed) (G1 Evacuation Pause) 3629M->1457M(4096M) 118.456ms
[3988.086s][info][gc,cpu         ] GC(1020) User=0.70s Sys=0.01s Real=0.12s
...[3990.586s][info][gc,start       ] GC(1021) Pause Young (Mixed) (G1 Evacuation Pause)
[3990.586s][info][gc,task        ] GC(1021) Using 6 workers of 6 for evacuation
[3990.723s][info][gc,phases      ] GC(1021)   Pre Evacuate Collection Set: 0.32ms
[3990.723s][info][gc,phases      ] GC(1021)   Merge Heap Roots: 0.75ms
[3990.723s][info][gc,phases      ] GC(1021)   Evacuate Collection Set: 135.39ms
[3990.723s][info][gc,phases      ] GC(1021)   Post Evacuate Collection Set: 0.94ms
[3990.723s][info][gc,phases      ] GC(1021)   Other: 0.08ms
[3990.723s][info][gc,heap        ] GC(1021) Eden regions: 1104->0(1118)
[3990.723s][info][gc,heap        ] GC(1021) Survivor regions: 112->110(152)
[3990.723s][info][gc,heap        ] GC(1021) Old regions: 537->474
[3990.723s][info][gc,heap        ] GC(1021) Humongous regions: 80->80
[3990.723s][info][gc,metaspace   ] GC(1021) Metaspace: 28907K(29312K)->28907K(29312K) NonClass: 24039K(24256K)->24039K(24256K) Class: 4868K(5056K)->4868K(5056K)
[3990.723s][info][gc             ] GC(1021) Pause Young (Mixed) (G1 Evacuation Pause) 3665M->1325M(4096M) 137.605ms
[3990.723s][info][gc,cpu         ] GC(1021) User=0.82s Sys=0.00s Real=0.14s
..[3993.224s][info][gc,start       ] GC(1022) Pause Young (Concurrent Start) (G1 Evacuation Pause)
[3993.224s][info][gc,task        ] GC(1022) Using 6 workers of 6 for evacuation
[3993.339s][info][gc,phases      ] GC(1022)   Pre Evacuate Collection Set: 0.37ms
[3993.339s][info][gc,phases      ] GC(1022)   Merge Heap Roots: 0.47ms
[3993.339s][info][gc,phases      ] GC(1022)   Evacuate Collection Set: 113.07ms
[3993.339s][info][gc,phases      ] GC(1022)   Post Evacuate Collection Set: 0.89ms
[3993.339s][info][gc,phases      ] GC(1022)   Other: 0.11ms
[3993.339s][info][gc,heap        ] GC(1022) Eden regions: 1118->0(1122)
[3993.339s][info][gc,heap        ] GC(1022) Survivor regions: 110->106(154)
[3993.339s][info][gc,heap        ] GC(1022) Old regions: 474->507
[3993.339s][info][gc,heap        ] GC(1022) Humongous regions: 80->80
[3993.339s][info][gc,metaspace   ] GC(1022) Metaspace: 28907K(29312K)->28907K(29312K) NonClass: 24039K(24256K)->24039K(24256K) Class: 4868K(5056K)->4868K(5056K)
[3993.339s][info][gc             ] GC(1022) Pause Young (Concurrent Start) (G1 Evacuation Pause) 3561M->1384M(4096M) 115.028ms
[3993.339s][info][gc             ] GC(1023) Concurrent Mark Cycle
[3993.339s][info][gc,marking     ] GC(1023) Concurrent Scan Root Regions
[3993.339s][info][gc,cpu         ] GC(1022) User=0.69s Sys=0.00s Real=0.11s
[3993.524s][info][gc,marking     ] GC(1023) Concurrent Scan Root Regions 185.285ms
[3993.524s][info][gc,marking     ] GC(1023) Concurrent Mark
[3993.524s][info][gc,marking     ] GC(1023) Concurrent Mark From Roots
[3993.524s][info][gc,task        ] GC(1023) Using 2 workers of 2 for marking
.[3994.431s][info][gc,marking     ] GC(1023) Concurrent Mark From Roots 907.433ms
[3994.432s][info][gc,marking     ] GC(1023) Concurrent Preclean
[3994.432s][info][gc,marking     ] GC(1023) Concurrent Preclean 0.070ms
[3994.432s][info][gc,start       ] GC(1023) Pause Remark
[3994.439s][info][gc             ] GC(1023) Pause Remark 2372M->2372M(4096M) 7.708ms
[3994.439s][info][gc,cpu         ] GC(1023) User=0.05s Sys=0.00s Real=0.00s
[3994.439s][info][gc,marking     ] GC(1023) Concurrent Mark 915.477ms
[3994.440s][info][gc,marking     ] GC(1023) Concurrent Rebuild Remembered Sets and Scrub Regions
.[3994.779s][info][gc,marking     ] GC(1023) Concurrent Rebuild Remembered Sets and Scrub Regions 339.488ms
[3994.779s][info][gc,start       ] GC(1023) Pause Cleanup
[3994.779s][info][gc             ] GC(1023) Pause Cleanup 2673M->2673M(4096M) 0.116ms
[3994.779s][info][gc,cpu         ] GC(1023) User=0.00s Sys=0.00s Real=0.00s
[3994.779s][info][gc,marking     ] GC(1023) Concurrent Clear Claimed Marks
[3994.779s][info][gc,marking     ] GC(1023) Concurrent Clear Claimed Marks 0.031ms
[3994.779s][info][gc,marking     ] GC(1023) Concurrent Cleanup for Next Mark
[3994.786s][info][gc,marking     ] GC(1023) Concurrent Cleanup for Next Mark 6.340ms
[3994.786s][info][gc             ] GC(1023) Concurrent Mark Cycle 1447.129ms
.[3995.994s][info][gc,start       ] GC(1024) Pause Young (Prepare Mixed) (G1 Evacuation Pause)
[3995.994s][info][gc,task        ] GC(1024) Using 6 workers of 6 for evacuation
[3996.113s][info][gc,phases      ] GC(1024)   Pre Evacuate Collection Set: 0.32ms
[3996.113s][info][gc,phases      ] GC(1024)   Merge Heap Roots: 0.47ms
[3996.113s][info][gc,phases      ] GC(1024)   Evacuate Collection Set: 117.23ms
[3996.113s][info][gc,phases      ] GC(1024)   Post Evacuate Collection Set: 0.91ms
[3996.113s][info][gc,phases      ] GC(1024)   Other: 0.09ms
[3996.113s][info][gc,heap        ] GC(1024) Eden regions: 1122->0(1102)
[3996.113s][info][gc,heap        ] GC(1024) Survivor regions: 106->113(154)
[3996.113s][info][gc,heap        ] GC(1024) Old regions: 507->537
[3996.113s][info][gc,heap        ] GC(1024) Humongous regions: 80->80
[3996.113s][info][gc,metaspace   ] GC(1024) Metaspace: 28907K(29312K)->28907K(29312K) NonClass: 24039K(24256K)->24039K(24256K) Class: 4868K(5056K)->4868K(5056K)
[3996.113s][info][gc             ] GC(1024) Pause Young (Prepare Mixed) (G1 Evacuation Pause) 3628M->1458M(4096M) 119.160ms
[3996.113s][info][gc,cpu         ] GC(1024) User=0.71s Sys=0.00s Real=0.12s
...[3998.619s][info][gc,start       ] GC(1025) Pause Young (Mixed) (G1 Evacuation Pause)
[3998.619s][info][gc,task        ] GC(1025) Using 6 workers of 6 for evacuation
[3998.754s][info][gc,phases      ] GC(1025)   Pre Evacuate Collection Set: 0.39ms
[3998.754s][info][gc,phases      ] GC(1025)   Merge Heap Roots: 0.77ms
[3998.754s][info][gc,phases      ] GC(1025)   Evacuate Collection Set: 133.48ms
[3998.754s][info][gc,phases      ] GC(1025)   Post Evacuate Collection Set: 0.94ms
[3998.754s][info][gc,phases      ] GC(1025)   Other: 0.09ms
[3998.754s][info][gc,heap        ] GC(1025) Eden regions: 1102->0(1116)
[3998.754s][info][gc,heap        ] GC(1025) Survivor regions: 113->112(152)
[3998.754s][info][gc,heap        ] GC(1025) Old regions: 537->474
[3998.754s][info][gc,heap        ] GC(1025) Humongous regions: 80->80
[3998.754s][info][gc,metaspace   ] GC(1025) Metaspace: 28907K(29312K)->28907K(29312K) NonClass: 24039K(24256K)->24039K(24256K) Class: 4868K(5056K)->4868K(5056K)
[3998.754s][info][gc             ] GC(1025) Pause Young (Mixed) (G1 Evacuation Pause) 3662M->1329M(4096M) 135.794ms
[3998.755s][info][gc,cpu         ] GC(1025) User=0.81s Sys=0.00s Real=0.14s
..[4001.258s][info][gc,start       ] GC(1026) Pause Young (Concurrent Start) (G1 Evacuation Pause)
[4001.258s][info][gc,task        ] GC(1026) Using 6 workers of 6 for evacuation
[4001.371s][info][gc,phases      ] GC(1026)   Pre Evacuate Collection Set: 0.38ms
[4001.371s][info][gc,phases      ] GC(1026)   Merge Heap Roots: 0.47ms
[4001.371s][info][gc,phases      ] GC(1026)   Evacuate Collection Set: 111.44ms
[4001.371s][info][gc,phases      ] GC(1026)   Post Evacuate Collection Set: 0.87ms
[4001.371s][info][gc,phases      ] GC(1026)   Other: 0.13ms
[4001.371s][info][gc,heap        ] GC(1026) Eden regions: 1116->0(1122)
[4001.371s][info][gc,heap        ] GC(1026) Survivor regions: 112->106(154)
[4001.371s][info][gc,heap        ] GC(1026) Old regions: 474->506
[4001.371s][info][gc,heap        ] GC(1026) Humongous regions: 80->80
[4001.371s][info][gc,metaspace   ] GC(1026) Metaspace: 28907K(29312K)->28907K(29312K) NonClass: 24039K(24256K)->24039K(24256K) Class: 4868K(5056K)->4868K(5056K)
[4001.371s][info][gc             ] GC(1026) Pause Young (Concurrent Start) (G1 Evacuation Pause) 3561M->1383M(4096M) 113.415ms
[4001.371s][info][gc             ] GC(1027) Concurrent Mark Cycle
[4001.371s][info][gc,marking     ] GC(1027) Concurrent Scan Root Regions
[4001.371s][info][gc,cpu         ] GC(1026) User=0.67s Sys=0.00s Real=0.12s
[4001.528s][info][gc,marking     ] GC(1027) Concurrent Scan Root Regions 156.586ms
[4001.528s][info][gc,marking     ] GC(1027) Concurrent Mark
[4001.528s][info][gc,marking     ] GC(1027) Concurrent Mark From Roots
[4001.528s][info][gc,task        ] GC(1027) Using 2 workers of 2 for marking
.[4002.280s][info][gc,marking     ] GC(1027) Concurrent Mark From Roots 752.376ms
[4002.280s][info][gc,marking     ] GC(1027) Concurrent Preclean
[4002.281s][info][gc,marking     ] GC(1027) Concurrent Preclean 0.096ms
[4002.283s][info][gc,start       ] GC(1027) Pause Remark
[4002.288s][info][gc             ] GC(1027) Pause Remark 2175M->2175M(4096M) 5.363ms
[4002.288s][info][gc,cpu         ] GC(1027) User=0.03s Sys=0.00s Real=0.00s
[4002.288s][info][gc,marking     ] GC(1027) Concurrent Mark 760.320ms
[4002.288s][info][gc,marking     ] GC(1027) Concurrent Rebuild Remembered Sets and Scrub Regions
[4002.546s][info][gc,marking     ] GC(1027) Concurrent Rebuild Remembered Sets and Scrub Regions 257.693ms
[4002.546s][info][gc,start       ] GC(1027) Pause Cleanup
[4002.546s][info][gc             ] GC(1027) Pause Cleanup 2386M->2386M(4096M) 0.114ms
[4002.546s][info][gc,cpu         ] GC(1027) User=0.00s Sys=0.00s Real=0.00s
[4002.547s][info][gc,marking     ] GC(1027) Concurrent Clear Claimed Marks
[4002.547s][info][gc,marking     ] GC(1027) Concurrent Clear Claimed Marks 0.034ms
[4002.547s][info][gc,marking     ] GC(1027) Concurrent Cleanup for Next Mark
[4002.552s][info][gc,marking     ] GC(1027) Concurrent Cleanup for Next Mark 4.825ms
[4002.552s][info][gc             ] GC(1027) Concurrent Mark Cycle 1180.227ms
. (rIR:aIR:PR = 7057:7030:7030) (tPR = 104109) [OK] 
  4002s: Performance info:
         Transaction,    Success,    Partial,     Failed,   Receipts, AvgBarcode, 
             Overall,     425666,          0,          0,     404268,      59.48, 
         Response times:
             Request,    Success,    Partial,     Failed,   SkipFail,     Probes,    Samples,      min,      p50,      p90,      p95,      p99,      max, 
       TotalPurchase,     404268,          0,          0,          0,     362246,     387655,      300,     5800,    40000,    67000,   134000,   279000,
     InStorePurchase,     212627,          0,          0,          0,     190935,     203686,      300,     5900,    41000,    67000,   132000,   279000,
      OnlinePurchase,     149033,          0,          0,          0,     133268,     142954,      300,     5600,    38000,    65000,   135000,   269000,
        InstPurchase,      42608,          0,          0,          0,      38043,      41015,      400,     6400,    43000,    70000,   135000,   243000,
          AssocOfCat,        426,          0,          0,          0,        358,        476,    22000,    38000,    87000,   133450,   193380,   266000,
      AssocOfProduct,       4274,          0,          0,          0,       4007,       4501,      400,     4400,    31000,    59000,   127000,   215000,
      BusinessReport,       1066,          0,          0,          0,        949,       1171,    30000,    49000,   121000,   165000,   222840,   277000,
          CustBuyBeh,       4273,          0,          0,          0,       4063,       4575,      300,     4700,    36400,    64200,   135480,   203000,
       ProductReturn,      11359,          0,          0,          0,       9642,      10723,      200,     6000,    40000,    69000,   134760,   216000,

  4002s: (52%)   IR =   7195 .[4003.977s][info][gc,start       ] GC(1028) Pause Young (Prepare Mixed) (G1 Evacuation Pause)
[4003.977s][info][gc,task        ] GC(1028) Using 6 workers of 6 for evacuation
[4004.094s][info][gc,phases      ] GC(1028)   Pre Evacuate Collection Set: 0.31ms
[4004.094s][info][gc,phases      ] GC(1028)   Merge Heap Roots: 0.53ms
[4004.094s][info][gc,phases      ] GC(1028)   Evacuate Collection Set: 115.75ms
[4004.094s][info][gc,phases      ] GC(1028)   Post Evacuate Collection Set: 0.94ms
[4004.094s][info][gc,phases      ] GC(1028)   Other: 0.09ms
[4004.094s][info][gc,heap        ] GC(1028) Eden regions: 1122->0(1106)
[4004.094s][info][gc,heap        ] GC(1028) Survivor regions: 106->111(154)
[4004.094s][info][gc,heap        ] GC(1028) Old regions: 506->537
[4004.094s][info][gc,heap        ] GC(1028) Humongous regions: 80->80
[4004.094s][info][gc,metaspace   ] GC(1028) Metaspace: 28907K(29312K)->28907K(29312K) NonClass: 24039K(24256K)->24039K(24256K) Class: 4868K(5056K)->4868K(5056K)
[4004.094s][info][gc             ] GC(1028) Pause Young (Prepare Mixed) (G1 Evacuation Pause) 3627M->1454M(4096M) 117.770ms
[4004.094s][info][gc,cpu         ] GC(1028) User=0.70s Sys=0.00s Real=0.12s
..[4006.569s][info][gc,start       ] GC(1029) Pause Young (Mixed) (G1 Evacuation Pause)
[4006.569s][info][gc,task        ] GC(1029) Using 6 workers of 6 for evacuation
[4006.701s][info][gc,phases      ] GC(1029)   Pre Evacuate Collection Set: 0.38ms
[4006.701s][info][gc,phases      ] GC(1029)   Merge Heap Roots: 0.64ms
[4006.701s][info][gc,phases      ] GC(1029)   Evacuate Collection Set: 130.16ms
[4006.701s][info][gc,phases      ] GC(1029)   Post Evacuate Collection Set: 0.92ms
[4006.701s][info][gc,phases      ] GC(1029)   Other: 0.09ms
[4006.701s][info][gc,heap        ] GC(1029) Eden regions: 1106->0(1119)
[4006.701s][info][gc,heap        ] GC(1029) Survivor regions: 111->109(153)
[4006.701s][info][gc,heap        ] GC(1029) Old regions: 537->473
[4006.701s][info][gc,heap        ] GC(1029) Humongous regions: 80->80
[4006.701s][info][gc,metaspace   ] GC(1029) Metaspace: 28907K(29312K)->28907K(29312K) NonClass: 24039K(24256K)->24039K(24256K) Class: 4868K(5056K)->4868K(5056K)
[4006.701s][info][gc             ] GC(1029) Pause Young (Mixed) (G1 Evacuation Pause) 3666M->1321M(4096M) 132.324ms
[4006.701s][info][gc,cpu         ] GC(1029) User=0.79s Sys=0.00s Real=0.13s
...[4009.232s][info][gc,start       ] GC(1030) Pause Young (Concurrent Start) (G1 Evacuation Pause)
[4009.232s][info][gc,task        ] GC(1030) Using 6 workers of 6 for evacuation
[4009.346s][info][gc,phases      ] GC(1030)   Pre Evacuate Collection Set: 0.39ms
[4009.346s][info][gc,phases      ] GC(1030)   Merge Heap Roots: 0.45ms
[4009.346s][info][gc,phases      ] GC(1030)   Evacuate Collection Set: 111.89ms
[4009.346s][info][gc,phases      ] GC(1030)   Post Evacuate Collection Set: 0.84ms
[4009.346s][info][gc,phases      ] GC(1030)   Other: 0.13ms
[4009.346s][info][gc,heap        ] GC(1030) Eden regions: 1119->0(1120)
[4009.346s][info][gc,heap        ] GC(1030) Survivor regions: 109->108(154)
[4009.346s][info][gc,heap        ] GC(1030) Old regions: 473->504
[4009.346s][info][gc,heap        ] GC(1030) Humongous regions: 80->80
[4009.346s][info][gc,metaspace   ] GC(1030) Metaspace: 28908K(29312K)->28908K(29312K) NonClass: 24040K(24256K)->24040K(24256K) Class: 4868K(5056K)->4868K(5056K)
[4009.346s][info][gc             ] GC(1030) Pause Young (Concurrent Start) (G1 Evacuation Pause) 3559M->1383M(4096M) 113.827ms
[4009.346s][info][gc             ] GC(1031) Concurrent Mark Cycle
[4009.346s][info][gc,marking     ] GC(1031) Concurrent Scan Root Regions
[4009.346s][info][gc,cpu         ] GC(1030) User=0.68s Sys=0.00s Real=0.11s
[4009.541s][info][gc,marking     ] GC(1031) Concurrent Scan Root Regions 194.619ms
[4009.541s][info][gc,marking     ] GC(1031) Concurrent Mark
[4009.541s][info][gc,marking     ] GC(1031) Concurrent Mark From Roots
[4009.541s][info][gc,task        ] GC(1031) Using 2 workers of 2 for marking
.[4010.568s][info][gc,marking     ] GC(1031) Concurrent Mark From Roots 1027.242ms
[4010.568s][info][gc,marking     ] GC(1031) Concurrent Preclean
[4010.568s][info][gc,marking     ] GC(1031) Concurrent Preclean 0.124ms
[4010.571s][info][gc,start       ] GC(1031) Pause Remark
[4010.579s][info][gc             ] GC(1031) Pause Remark 2471M->2471M(4096M) 7.666ms
[4010.579s][info][gc,cpu         ] GC(1031) User=0.04s Sys=0.00s Real=0.00s
[4010.579s][info][gc,marking     ] GC(1031) Concurrent Mark 1038.281ms
[4010.579s][info][gc,marking     ] GC(1031) Concurrent Rebuild Remembered Sets and Scrub Regions
.[4010.846s][info][gc,marking     ] GC(1031) Concurrent Rebuild Remembered Sets and Scrub Regions 266.860ms
[4010.846s][info][gc,start       ] GC(1031) Pause Cleanup
[4010.846s][info][gc             ] GC(1031) Pause Cleanup 2757M->2757M(4096M) 0.114ms
[4010.846s][info][gc,cpu         ] GC(1031) User=0.00s Sys=0.00s Real=0.00s
[4010.847s][info][gc,marking     ] GC(1031) Concurrent Clear Claimed Marks
[4010.847s][info][gc,marking     ] GC(1031) Concurrent Clear Claimed Marks 0.033ms
[4010.847s][info][gc,marking     ] GC(1031) Concurrent Cleanup for Next Mark
[4010.853s][info][gc,marking     ] GC(1031) Concurrent Cleanup for Next Mark 5.489ms
[4010.853s][info][gc             ] GC(1031) Concurrent Mark Cycle 1506.523ms
[4011.832s][info][gc,start       ] GC(1032) Pause Young (Prepare Mixed) (G1 Evacuation Pause)
[4011.832s][info][gc,task        ] GC(1032) Using 6 workers of 6 for evacuation
[4011.957s][info][gc,phases      ] GC(1032)   Pre Evacuate Collection Set: 0.33ms
[4011.957s][info][gc,phases      ] GC(1032)   Merge Heap Roots: 0.58ms
[4011.957s][info][gc,phases      ] GC(1032)   Evacuate Collection Set: 122.27ms
[4011.957s][info][gc,phases      ] GC(1032)   Post Evacuate Collection Set: 0.95ms
[4011.957s][info][gc,phases      ] GC(1032)   Other: 0.09ms
[4011.957s][info][gc,heap        ] GC(1032) Eden regions: 1120->0(1097)
[4011.957s][info][gc,heap        ] GC(1032) Survivor regions: 108->116(154)
[4011.957s][info][gc,heap        ] GC(1032) Old regions: 504->536
[4011.957s][info][gc,heap        ] GC(1032) Humongous regions: 80->80
[4011.957s][info][gc,metaspace   ] GC(1032) Metaspace: 28908K(29312K)->28908K(29312K) NonClass: 24040K(24256K)->24040K(24256K) Class: 4868K(5056K)->4868K(5056K)
[4011.957s][info][gc             ] GC(1032) Pause Young (Prepare Mixed) (G1 Evacuation Pause) 3623M->1462M(4096M) 124.357ms
[4011.957s][info][gc,cpu         ] GC(1032) User=0.74s Sys=0.00s Real=0.12s
...[4014.373s][info][gc,start       ] GC(1033) Pause Young (Mixed) (G1 Evacuation Pause)
[4014.373s][info][gc,task        ] GC(1033) Using 6 workers of 6 for evacuation
[4014.507s][info][gc,phases      ] GC(1033)   Pre Evacuate Collection Set: 0.38ms
[4014.507s][info][gc,phases      ] GC(1033)   Merge Heap Roots: 0.69ms
[4014.507s][info][gc,phases      ] GC(1033)   Evacuate Collection Set: 132.09ms
[4014.507s][info][gc,phases      ] GC(1033)   Post Evacuate Collection Set: 0.94ms
[4014.507s][info][gc,phases      ] GC(1033)   Other: 0.09ms
[4014.507s][info][gc,heap        ] GC(1033) Eden regions: 1097->0(1119)
[4014.508s][info][gc,heap        ] GC(1033) Survivor regions: 116->109(152)
[4014.508s][info][gc,heap        ] GC(1033) Old regions: 536->472
[4014.508s][info][gc,heap        ] GC(1033) Humongous regions: 80->80
[4014.508s][info][gc,metaspace   ] GC(1033) Metaspace: 28908K(29312K)->28908K(29312K) NonClass: 24040K(24256K)->24040K(24256K) Class: 4868K(5056K)->4868K(5056K)
[4014.508s][info][gc             ] GC(1033) Pause Young (Mixed) (G1 Evacuation Pause) 3656M->1321M(4096M) 134.325ms
[4014.508s][info][gc,cpu         ] GC(1033) User=0.80s Sys=0.00s Real=0.13s
.|..[4017.012s][info][gc,start       ] GC(1034) Pause Young (Concurrent Start) (G1 Evacuation Pause)
[4017.012s][info][gc,task        ] GC(1034) Using 6 workers of 6 for evacuation
[4017.131s][info][gc,phases      ] GC(1034)   Pre Evacuate Collection Set: 0.40ms
[4017.131s][info][gc,phases      ] GC(1034)   Merge Heap Roots: 0.45ms
[4017.131s][info][gc,phases      ] GC(1034)   Evacuate Collection Set: 117.32ms
[4017.131s][info][gc,phases      ] GC(1034)   Post Evacuate Collection Set: 0.86ms
[4017.131s][info][gc,phases      ] GC(1034)   Other: 0.12ms
[4017.131s][info][gc,heap        ] GC(1034) Eden regions: 1119->0(1116)
[4017.131s][info][gc,heap        ] GC(1034) Survivor regions: 109->112(154)
[4017.131s][info][gc,heap        ] GC(1034) Old regions: 472->504
[4017.131s][info][gc,heap        ] GC(1034) Humongous regions: 80->80
[4017.131s][info][gc,metaspace   ] GC(1034) Metaspace: 28908K(29312K)->28908K(29312K) NonClass: 24040K(24256K)->24040K(24256K) Class: 4868K(5056K)->4868K(5056K)
[4017.131s][info][gc             ] GC(1034) Pause Young (Concurrent Start) (G1 Evacuation Pause) 3559M->1389M(4096M) 119.268ms
[4017.131s][info][gc             ] GC(1035) Concurrent Mark Cycle
[4017.131s][info][gc,marking     ] GC(1035) Concurrent Scan Root Regions
[4017.131s][info][gc,cpu         ] GC(1034) User=0.71s Sys=0.01s Real=0.12s
[4017.321s][info][gc,marking     ] GC(1035) Concurrent Scan Root Regions 189.469ms
[4017.321s][info][gc,marking     ] GC(1035) Concurrent Mark
[4017.321s][info][gc,marking     ] GC(1035) Concurrent Mark From Roots
[4017.321s][info][gc,task        ] GC(1035) Using 2 workers of 2 for marking
.[4018.215s][info][gc,marking     ] GC(1035) Concurrent Mark From Roots 893.765ms
[4018.215s][info][gc,marking     ] GC(1035) Concurrent Preclean
[4018.215s][info][gc,marking     ] GC(1035) Concurrent Preclean 0.129ms
[4018.215s][info][gc,start       ] GC(1035) Pause Remark
[4018.222s][info][gc             ] GC(1035) Pause Remark 2399M->2399M(4096M) 7.520ms
[4018.223s][info][gc,cpu         ] GC(1035) User=0.04s Sys=0.01s Real=0.01s
[4018.223s][info][gc,marking     ] GC(1035) Concurrent Mark 902.061ms
[4018.223s][info][gc,marking     ] GC(1035) Concurrent Rebuild Remembered Sets and Scrub Regions
[4018.597s][info][gc,marking     ] GC(1035) Concurrent Rebuild Remembered Sets and Scrub Regions 374.619ms
[4018.598s][info][gc,start       ] GC(1035) Pause Cleanup
[4018.598s][info][gc             ] GC(1035) Pause Cleanup 2742M->2742M(4096M) 0.104ms
[4018.598s][info][gc,cpu         ] GC(1035) User=0.00s Sys=0.00s Real=0.00s
[4018.598s][info][gc,marking     ] GC(1035) Concurrent Clear Claimed Marks
[4018.598s][info][gc,marking     ] GC(1035) Concurrent Clear Claimed Marks 0.022ms
[4018.598s][info][gc,marking     ] GC(1035) Concurrent Cleanup for Next Mark
[4018.601s][info][gc,marking     ] GC(1035) Concurrent Cleanup for Next Mark 3.158ms
[4018.601s][info][gc             ] GC(1035) Concurrent Mark Cycle 1469.714ms
.[4019.614s][info][gc,start       ] GC(1036) Pause Young (Prepare Mixed) (G1 Evacuation Pause)
[4019.614s][info][gc,task        ] GC(1036) Using 6 workers of 6 for evacuation
[4019.733s][info][gc,phases      ] GC(1036)   Pre Evacuate Collection Set: 0.32ms
[4019.733s][info][gc,phases      ] GC(1036)   Merge Heap Roots: 0.57ms
[4019.733s][info][gc,phases      ] GC(1036)   Evacuate Collection Set: 116.80ms
[4019.733s][info][gc,phases      ] GC(1036)   Post Evacuate Collection Set: 0.90ms
[4019.733s][info][gc,phases      ] GC(1036)   Other: 0.09ms
[4019.733s][info][gc,heap        ] GC(1036) Eden regions: 1116->0(1110)
[4019.733s][info][gc,heap        ] GC(1036) Survivor regions: 112->110(154)
[4019.733s][info][gc,heap        ] GC(1036) Old regions: 504->535
[4019.733s][info][gc,heap        ] GC(1036) Humongous regions: 80->80
[4019.733s][info][gc,metaspace   ] GC(1036) Metaspace: 28908K(29312K)->28908K(29312K) NonClass: 24040K(24256K)->24040K(24256K) Class: 4868K(5056K)->4868K(5056K)
[4019.733s][info][gc             ] GC(1036) Pause Young (Prepare Mixed) (G1 Evacuation Pause) 3621M->1449M(4096M) 118.823ms
[4019.733s][info][gc,cpu         ] GC(1036) User=0.70s Sys=0.00s Real=0.12s
...[4022.195s][info][gc,start       ] GC(1037) Pause Young (Mixed) (G1 Evacuation Pause)
[4022.195s][info][gc,task        ] GC(1037) Using 6 workers of 6 for evacuation
[4022.331s][info][gc,phases      ] GC(1037)   Pre Evacuate Collection Set: 0.39ms
[4022.331s][info][gc,phases      ] GC(1037)   Merge Heap Roots: 0.84ms
[4022.331s][info][gc,phases      ] GC(1037)   Evacuate Collection Set: 133.89ms
[4022.331s][info][gc,phases      ] GC(1037)   Post Evacuate Collection Set: 0.91ms
[4022.331s][info][gc,phases      ] GC(1037)   Other: 0.09ms
[4022.331s][info][gc,heap        ] GC(1037) Eden regions: 1110->0(1120)
[4022.331s][info][gc,heap        ] GC(1037) Survivor regions: 110->108(153)
[4022.331s][info][gc,heap        ] GC(1037) Old regions: 535->473
[4022.331s][info][gc,heap        ] GC(1037) Humongous regions: 80->80
[4022.331s][info][gc,metaspace   ] GC(1037) Metaspace: 28908K(29312K)->28908K(29312K) NonClass: 24040K(24256K)->24040K(24256K) Class: 4868K(5056K)->4868K(5056K)
[4022.331s][info][gc             ] GC(1037) Pause Young (Mixed) (G1 Evacuation Pause) 3669M->1319M(4096M) 136.234ms
[4022.331s][info][gc,cpu         ] GC(1037) User=0.81s Sys=0.00s Real=0.14s
..[4024.788s][info][gc,start       ] GC(1038) Pause Young (Concurrent Start) (G1 Evacuation Pause)
[4024.788s][info][gc,task        ] GC(1038) Using 6 workers of 6 for evacuation
[4024.904s][info][gc,phases      ] GC(1038)   Pre Evacuate Collection Set: 0.36ms
[4024.904s][info][gc,phases      ] GC(1038)   Merge Heap Roots: 0.44ms
[4024.904s][info][gc,phases      ] GC(1038)   Evacuate Collection Set: 114.12ms
[4024.904s][info][gc,phases      ] GC(1038)   Post Evacuate Collection Set: 0.85ms
[4024.904s][info][gc,phases      ] GC(1038)   Other: 0.11ms
[4024.904s][info][gc,heap        ] GC(1038) Eden regions: 1120->0(1120)
[4024.904s][info][gc,heap        ] GC(1038) Survivor regions: 108->108(154)
[4024.904s][info][gc,heap        ] GC(1038) Old regions: 473->506
[4024.904s][info][gc,heap        ] GC(1038) Humongous regions: 80->80
[4024.904s][info][gc,metaspace   ] GC(1038) Metaspace: 28908K(29312K)->28908K(29312K) NonClass: 24040K(24256K)->24040K(24256K) Class: 4868K(5056K)->4868K(5056K)
[4024.904s][info][gc             ] GC(1038) Pause Young (Concurrent Start) (G1 Evacuation Pause) 3559M->1386M(4096M) 116.024ms
[4024.904s][info][gc             ] GC(1039) Concurrent Mark Cycle
[4024.904s][info][gc,marking     ] GC(1039) Concurrent Scan Root Regions
[4024.904s][info][gc,cpu         ] GC(1038) User=0.69s Sys=0.00s Real=0.12s
.[4025.095s][info][gc,marking     ] GC(1039) Concurrent Scan Root Regions 190.811ms
[4025.095s][info][gc,marking     ] GC(1039) Concurrent Mark
[4025.095s][info][gc,marking     ] GC(1039) Concurrent Mark From Roots
[4025.095s][info][gc,task        ] GC(1039) Using 2 workers of 2 for marking
.[4026.026s][info][gc,marking     ] GC(1039) Concurrent Mark From Roots 931.178ms
[4026.026s][info][gc,marking     ] GC(1039) Concurrent Preclean
[4026.026s][info][gc,marking     ] GC(1039) Concurrent Preclean 0.136ms
[4026.031s][info][gc,start       ] GC(1039) Pause Remark
[4026.038s][info][gc             ] GC(1039) Pause Remark 2384M->2384M(4096M) 6.759ms
[4026.038s][info][gc,cpu         ] GC(1039) User=0.04s Sys=0.00s Real=0.00s
[4026.040s][info][gc,marking     ] GC(1039) Concurrent Mark 945.207ms
[4026.040s][info][gc,marking     ] GC(1039) Concurrent Rebuild Remembered Sets and Scrub Regions
[4026.323s][info][gc,marking     ] GC(1039) Concurrent Rebuild Remembered Sets and Scrub Regions 282.499ms
[4026.323s][info][gc,start       ] GC(1039) Pause Cleanup
[4026.324s][info][gc             ] GC(1039) Pause Cleanup 2641M->2641M(4096M) 0.122ms
[4026.324s][info][gc,cpu         ] GC(1039) User=0.00s Sys=0.00s Real=0.00s
[4026.324s][info][gc,marking     ] GC(1039) Concurrent Clear Claimed Marks
[4026.324s][info][gc,marking     ] GC(1039) Concurrent Clear Claimed Marks 0.034ms
[4026.324s][info][gc,marking     ] GC(1039) Concurrent Cleanup for Next Mark
[4026.330s][info][gc,marking     ] GC(1039) Concurrent Cleanup for Next Mark 5.586ms
[4026.330s][info][gc             ] GC(1039) Concurrent Mark Cycle 1425.561ms
.[4027.372s][info][gc,start       ] GC(1040) Pause Young (Prepare Mixed) (G1 Evacuation Pause)
[4027.372s][info][gc,task        ] GC(1040) Using 6 workers of 6 for evacuation
[4027.486s][info][gc,phases      ] GC(1040)   Pre Evacuate Collection Set: 0.34ms
[4027.486s][info][gc,phases      ] GC(1040)   Merge Heap Roots: 0.50ms
[4027.486s][info][gc,phases      ] GC(1040)   Evacuate Collection Set: 112.18ms
[4027.486s][info][gc,phases      ] GC(1040)   Post Evacuate Collection Set: 0.89ms
[4027.486s][info][gc,phases      ] GC(1040)   Other: 0.09ms
[4027.486s][info][gc,heap        ] GC(1040) Eden regions: 1120->0(1115)
[4027.486s][info][gc,heap        ] GC(1040) Survivor regions: 108->106(154)
[4027.486s][info][gc,heap        ] GC(1040) Old regions: 506->538
[4027.486s][info][gc,heap        ] GC(1040) Humongous regions: 80->80
[4027.486s][info][gc,metaspace   ] GC(1040) Metaspace: 28908K(29312K)->28908K(29312K) NonClass: 24040K(24256K)->24040K(24256K) Class: 4868K(5056K)->4868K(5056K)
[4027.486s][info][gc             ] GC(1040) Pause Young (Prepare Mixed) (G1 Evacuation Pause) 3626M->1446M(4096M) 114.125ms
[4027.486s][info][gc,cpu         ] GC(1040) User=0.68s Sys=0.00s Real=0.11s
...[4030.045s][info][gc,start       ] GC(1041) Pause Young (Mixed) (G1 Evacuation Pause)
[4030.045s][info][gc,task        ] GC(1041) Using 6 workers of 6 for evacuation
[4030.177s][info][gc,phases      ] GC(1041)   Pre Evacuate Collection Set: 0.37ms
[4030.177s][info][gc,phases      ] GC(1041)   Merge Heap Roots: 0.63ms
[4030.177s][info][gc,phases      ] GC(1041)   Evacuate Collection Set: 129.69ms
[4030.177s][info][gc,phases      ] GC(1041)   Post Evacuate Collection Set: 0.92ms
[4030.177s][info][gc,phases      ] GC(1041)   Other: 0.09ms
[4030.177s][info][gc,heap        ] GC(1041) Eden regions: 1115->0(1117)
[4030.177s][info][gc,heap        ] GC(1041) Survivor regions: 106->111(153)
[4030.177s][info][gc,heap        ] GC(1041) Old regions: 538->473
[4030.177s][info][gc,heap        ] GC(1041) Humongous regions: 80->80
[4030.177s][info][gc,metaspace   ] GC(1041) Metaspace: 28908K(29312K)->28908K(29312K) NonClass: 24040K(24256K)->24040K(24256K) Class: 4868K(5056K)->4868K(5056K)
[4030.177s][info][gc             ] GC(1041) Pause Young (Mixed) (G1 Evacuation Pause) 3676M->1326M(4096M) 131.826ms
[4030.177s][info][gc,cpu         ] GC(1041) User=0.79s Sys=0.00s Real=0.13s
..[4032.602s][info][gc,start       ] GC(1042) Pause Young (Concurrent Start) (G1 Evacuation Pause)
[4032.602s][info][gc,task        ] GC(1042) Using 6 workers of 6 for evacuation
[4032.719s][info][gc,phases      ] GC(1042)   Pre Evacuate Collection Set: 0.40ms
[4032.719s][info][gc,phases      ] GC(1042)   Merge Heap Roots: 0.54ms
[4032.719s][info][gc,phases      ] GC(1042)   Evacuate Collection Set: 114.73ms
[4032.719s][info][gc,phases      ] GC(1042)   Post Evacuate Collection Set: 0.89ms
[4032.719s][info][gc,phases      ] GC(1042)   Other: 0.12ms
[4032.719s][info][gc,heap        ] GC(1042) Eden regions: 1117->0(1118)
[4032.719s][info][gc,heap        ] GC(1042) Survivor regions: 111->110(154)
[4032.719s][info][gc,heap        ] GC(1042) Old regions: 473->504
[4032.719s][info][gc,heap        ] GC(1042) Humongous regions: 80->80
[4032.719s][info][gc,metaspace   ] GC(1042) Metaspace: 28908K(29312K)->28908K(29312K) NonClass: 24040K(24256K)->24040K(24256K) Class: 4868K(5056K)->4868K(5056K)
[4032.719s][info][gc             ] GC(1042) Pause Young (Concurrent Start) (G1 Evacuation Pause) 3560M->1386M(4096M) 116.796ms
[4032.719s][info][gc             ] GC(1043) Concurrent Mark Cycle
[4032.719s][info][gc,marking     ] GC(1043) Concurrent Scan Root Regions
[4032.719s][info][gc,cpu         ] GC(1042) User=0.70s Sys=0.00s Real=0.11s
[4032.904s][info][gc,marking     ] GC(1043) Concurrent Scan Root Regions 185.591ms
[4032.904s][info][gc,marking     ] GC(1043) Concurrent Mark
[4032.904s][info][gc,marking     ] GC(1043) Concurrent Mark From Roots
[4032.904s][info][gc,task        ] GC(1043) Using 2 workers of 2 for marking
.[4033.647s][info][gc,marking     ] GC(1043) Concurrent Mark From Roots 742.625ms
[4033.647s][info][gc,marking     ] GC(1043) Concurrent Preclean
[4033.647s][info][gc,marking     ] GC(1043) Concurrent Preclean 0.111ms
[4033.649s][info][gc,start       ] GC(1043) Pause Remark
[4033.655s][info][gc             ] GC(1043) Pause Remark 2228M->2228M(4096M) 5.539ms
[4033.655s][info][gc,cpu         ] GC(1043) User=0.03s Sys=0.00s Real=0.01s
[4033.655s][info][gc,marking     ] GC(1043) Concurrent Mark 750.820ms
[4033.655s][info][gc,marking     ] GC(1043) Concurrent Rebuild Remembered Sets and Scrub Regions
[4033.910s][info][gc,marking     ] GC(1043) Concurrent Rebuild Remembered Sets and Scrub Regions 254.768ms
[4033.910s][info][gc,start       ] GC(1043) Pause Cleanup
[4033.910s][info][gc             ] GC(1043) Pause Cleanup 2448M->2448M(4096M) 0.123ms
[4033.910s][info][gc,cpu         ] GC(1043) User=0.00s Sys=0.00s Real=0.00s
[4033.911s][info][gc,marking     ] GC(1043) Concurrent Clear Claimed Marks
[4033.911s][info][gc,marking     ] GC(1043) Concurrent Clear Claimed Marks 0.037ms
[4033.911s][info][gc,marking     ] GC(1043) Concurrent Cleanup for Next Mark
[4033.916s][info][gc,marking     ] GC(1043) Concurrent Cleanup for Next Mark 5.503ms
[4033.916s][info][gc             ] GC(1043) Concurrent Mark Cycle 1197.821ms
..[4035.233s][info][gc,start       ] GC(1044) Pause Young (Prepare Mixed) (G1 Evacuation Pause)
[4035.233s][info][gc,task        ] GC(1044) Using 6 workers of 6 for evacuation
[4035.353s][info][gc,phases      ] GC(1044)   Pre Evacuate Collection Set: 0.33ms
[4035.353s][info][gc,phases      ] GC(1044)   Merge Heap Roots: 0.53ms
[4035.353s][info][gc,phases      ] GC(1044)   Evacuate Collection Set: 117.52ms
[4035.353s][info][gc,phases      ] GC(1044)   Post Evacuate Collection Set: 0.94ms
[4035.353s][info][gc,phases      ] GC(1044)   Other: 0.09ms
[4035.353s][info][gc,heap        ] GC(1044) Eden regions: 1118->0(1109)
[4035.353s][info][gc,heap        ] GC(1044) Survivor regions: 110->110(154)
[4035.353s][info][gc,heap        ] GC(1044) Old regions: 504->536
[4035.353s][info][gc,heap        ] GC(1044) Humongous regions: 80->80
[4035.353s][info][gc,metaspace   ] GC(1044) Metaspace: 28908K(29312K)->28908K(29312K) NonClass: 24040K(24256K)->24040K(24256K) Class: 4868K(5056K)->4868K(5056K)
[4035.353s][info][gc             ] GC(1044) Pause Young (Prepare Mixed) (G1 Evacuation Pause) 3622M->1450M(4096M) 119.533ms
[4035.353s][info][gc,cpu         ] GC(1044) User=0.71s Sys=0.00s Real=0.12s
..[4037.772s][info][gc,start       ] GC(1045) Pause Young (Mixed) (G1 Evacuation Pause)
[4037.772s][info][gc,task        ] GC(1045) Using 6 workers of 6 for evacuation
[4037.913s][info][gc,phases      ] GC(1045)   Pre Evacuate Collection Set: 0.36ms
[4037.913s][info][gc,phases      ] GC(1045)   Merge Heap Roots: 0.77ms
[4037.913s][info][gc,phases      ] GC(1045)   Evacuate Collection Set: 138.54ms
[4037.913s][info][gc,phases      ] GC(1045)   Post Evacuate Collection Set: 0.84ms
[4037.913s][info][gc,phases      ] GC(1045)   Other: 0.09ms
[4037.913s][info][gc,heap        ] GC(1045) Eden regions: 1109->0(1118)
[4037.913s][info][gc,heap        ] GC(1045) Survivor regions: 110->110(153)
[4037.913s][info][gc,heap        ] GC(1045) Old regions: 536->471
[4037.913s][info][gc,heap        ] GC(1045) Humongous regions: 80->80
[4037.913s][info][gc,metaspace   ] GC(1045) Metaspace: 28908K(29312K)->28908K(29312K) NonClass: 24040K(24256K)->24040K(24256K) Class: 4868K(5056K)->4868K(5056K)
[4037.913s][info][gc             ] GC(1045) Pause Young (Mixed) (G1 Evacuation Pause) 3668M->1321M(4096M) 140.757ms
[4037.913s][info][gc,cpu         ] GC(1045) User=0.84s Sys=0.01s Real=0.14s
...[4040.446s][info][gc,start       ] GC(1046) Pause Young (Concurrent Start) (G1 Evacuation Pause)
[4040.446s][info][gc,task        ] GC(1046) Using 6 workers of 6 for evacuation
[4040.562s][info][gc,phases      ] GC(1046)   Pre Evacuate Collection Set: 0.36ms
[4040.563s][info][gc,phases      ] GC(1046)   Merge Heap Roots: 0.47ms
[4040.563s][info][gc,phases      ] GC(1046)   Evacuate Collection Set: 114.37ms
[4040.563s][info][gc,phases      ] GC(1046)   Post Evacuate Collection Set: 0.87ms
[4040.563s][info][gc,phases      ] GC(1046)   Other: 0.12ms
[4040.563s][info][gc,heap        ] GC(1046) Eden regions: 1118->0(1119)
[4040.563s][info][gc,heap        ] GC(1046) Survivor regions: 110->109(154)
[4040.563s][info][gc,heap        ] GC(1046) Old regions: 471->504
[4040.563s][info][gc,heap        ] GC(1046) Humongous regions: 80->80
[4040.563s][info][gc,metaspace   ] GC(1046) Metaspace: 28908K(29312K)->28908K(29312K) NonClass: 24040K(24256K)->24040K(24256K) Class: 4868K(5056K)->4868K(5056K)
[4040.563s][info][gc             ] GC(1046) Pause Young (Concurrent Start) (G1 Evacuation Pause) 3557M->1383M(4096M) 116.329ms
[4040.563s][info][gc             ] GC(1047) Concurrent Mark Cycle
[4040.563s][info][gc,marking     ] GC(1047) Concurrent Scan Root Regions
[4040.563s][info][gc,cpu         ] GC(1046) User=0.69s Sys=0.00s Real=0.12s
[4040.710s][info][gc,marking     ] GC(1047) Concurrent Scan Root Regions 147.538ms
[4040.710s][info][gc,marking     ] GC(1047) Concurrent Mark
[4040.710s][info][gc,marking     ] GC(1047) Concurrent Mark From Roots
[4040.710s][info][gc,task        ] GC(1047) Using 2 workers of 2 for marking
.[4041.406s][info][gc,marking     ] GC(1047) Concurrent Mark From Roots 695.402ms
[4041.406s][info][gc,marking     ] GC(1047) Concurrent Preclean
[4041.406s][info][gc,marking     ] GC(1047) Concurrent Preclean 0.113ms
[4041.408s][info][gc,start       ] GC(1047) Pause Remark
[4041.415s][info][gc             ] GC(1047) Pause Remark 2147M->2147M(4096M) 6.175ms
[4041.415s][info][gc,cpu         ] GC(1047) User=0.03s Sys=0.00s Real=0.01s
[4041.415s][info][gc,marking     ] GC(1047) Concurrent Mark 704.538ms
[4041.415s][info][gc,marking     ] GC(1047) Concurrent Rebuild Remembered Sets and Scrub Regions
[4041.727s][info][gc,marking     ] GC(1047) Concurrent Rebuild Remembered Sets and Scrub Regions 312.349ms
[4041.727s][info][gc,start       ] GC(1047) Pause Cleanup
[4041.727s][info][gc             ] GC(1047) Pause Cleanup 2431M->2431M(4096M) 0.114ms
[4041.727s][info][gc,cpu         ] GC(1047) User=0.00s Sys=0.00s Real=0.00s
[4041.727s][info][gc,marking     ] GC(1047) Concurrent Clear Claimed Marks
[4041.727s][info][gc,marking     ] GC(1047) Concurrent Clear Claimed Marks 0.026ms
[4041.727s][info][gc,marking     ] GC(1047) Concurrent Cleanup for Next Mark
[4041.733s][info][gc,marking     ] GC(1047) Concurrent Cleanup for Next Mark 5.251ms
[4041.733s][info][gc             ] GC(1047) Concurrent Mark Cycle 1170.213ms
.[4043.070s][info][gc,start       ] GC(1048) Pause Young (Prepare Mixed) (G1 Evacuation Pause)
[4043.070s][info][gc,task        ] GC(1048) Using 6 workers of 6 for evacuation
[4043.189s][info][gc,phases      ] GC(1048)   Pre Evacuate Collection Set: 0.31ms
[4043.189s][info][gc,phases      ] GC(1048)   Merge Heap Roots: 0.47ms
[4043.189s][info][gc,phases      ] GC(1048)   Evacuate Collection Set: 117.50ms
[4043.189s][info][gc,phases      ] GC(1048)   Post Evacuate Collection Set: 0.89ms
[4043.189s][info][gc,phases      ] GC(1048)   Other: 0.09ms
[4043.189s][info][gc,heap        ] GC(1048) Eden regions: 1119->0(1104)
[4043.189s][info][gc,heap        ] GC(1048) Survivor regions: 109->113(154)
[4043.189s][info][gc,heap        ] GC(1048) Old regions: 504->535
[4043.189s][info][gc,heap        ] GC(1048) Humongous regions: 80->80
[4043.189s][info][gc,metaspace   ] GC(1048) Metaspace: 28908K(29312K)->28908K(29312K) NonClass: 24040K(24256K)->24040K(24256K) Class: 4868K(5056K)->4868K(5056K)
[4043.189s][info][gc             ] GC(1048) Pause Young (Prepare Mixed) (G1 Evacuation Pause) 3621M->1454M(4096M) 119.404ms
[4043.189s][info][gc,cpu         ] GC(1048) User=0.71s Sys=0.00s Real=0.12s
...[4045.679s][info][gc,start       ] GC(1049) Pause Young (Mixed) (G1 Evacuation Pause)
[4045.679s][info][gc,task        ] GC(1049) Using 6 workers of 6 for evacuation
[4045.812s][info][gc,phases      ] GC(1049)   Pre Evacuate Collection Set: 0.38ms
[4045.812s][info][gc,phases      ] GC(1049)   Merge Heap Roots: 0.60ms
[4045.812s][info][gc,phases      ] GC(1049)   Evacuate Collection Set: 130.97ms
[4045.812s][info][gc,phases      ] GC(1049)   Post Evacuate Collection Set: 0.93ms
[4045.812s][info][gc,phases      ] GC(1049)   Other: 0.09ms
[4045.812s][info][gc,heap        ] GC(1049) Eden regions: 1104->0(1119)
[4045.812s][info][gc,heap        ] GC(1049) Survivor regions: 113->109(153)
[4045.812s][info][gc,heap        ] GC(1049) Old regions: 535->473
[4045.812s][info][gc,heap        ] GC(1049) Humongous regions: 80->80
[4045.812s][info][gc,metaspace   ] GC(1049) Metaspace: 28908K(29312K)->28908K(29312K) NonClass: 24040K(24256K)->24040K(24256K) Class: 4868K(5056K)->4868K(5056K)
[4045.812s][info][gc             ] GC(1049) Pause Young (Mixed) (G1 Evacuation Pause) 3662M->1322M(4096M) 133.104ms
[4045.812s][info][gc,cpu         ] GC(1049) User=0.79s Sys=0.00s Real=0.14s
...[4048.285s][info][gc,start       ] GC(1050) Pause Young (Concurrent Start) (G1 Evacuation Pause)
[4048.285s][info][gc,task        ] GC(1050) Using 6 workers of 6 for evacuation
[4048.406s][info][gc,phases      ] GC(1050)   Pre Evacuate Collection Set: 0.40ms
[4048.406s][info][gc,phases      ] GC(1050)   Merge Heap Roots: 0.51ms
[4048.406s][info][gc,phases      ] GC(1050)   Evacuate Collection Set: 119.28ms
[4048.406s][info][gc,phases      ] GC(1050)   Post Evacuate Collection Set: 0.86ms
[4048.406s][info][gc,phases      ] GC(1050)   Other: 0.12ms
[4048.406s][info][gc,heap        ] GC(1050) Eden regions: 1119->0(1118)
[4048.406s][info][gc,heap        ] GC(1050) Survivor regions: 109->110(154)
[4048.406s][info][gc,heap        ] GC(1050) Old regions: 473->505
[4048.406s][info][gc,heap        ] GC(1050) Humongous regions: 80->80
[4048.406s][info][gc,metaspace   ] GC(1050) Metaspace: 28908K(29312K)->28908K(29312K) NonClass: 24040K(24256K)->24040K(24256K) Class: 4868K(5056K)->4868K(5056K)
[4048.406s][info][gc             ] GC(1050) Pause Young (Concurrent Start) (G1 Evacuation Pause) 3560M->1388M(4096M) 121.304ms
[4048.406s][info][gc             ] GC(1051) Concurrent Mark Cycle
[4048.406s][info][gc,marking     ] GC(1051) Concurrent Scan Root Regions
[4048.406s][info][gc,cpu         ] GC(1050) User=0.72s Sys=0.00s Real=0.12s
[4048.551s][info][gc,marking     ] GC(1051) Concurrent Scan Root Regions 144.291ms
[4048.551s][info][gc,marking     ] GC(1051) Concurrent Mark
[4048.551s][info][gc,marking     ] GC(1051) Concurrent Mark From Roots
[4048.551s][info][gc,task        ] GC(1051) Using 2 workers of 2 for marking
.[4049.270s][info][gc,marking     ] GC(1051) Concurrent Mark From Roots 718.987ms
[4049.270s][info][gc,marking     ] GC(1051) Concurrent Preclean
[4049.270s][info][gc,marking     ] GC(1051) Concurrent Preclean 0.099ms
[4049.272s][info][gc,start       ] GC(1051) Pause Remark
[4049.278s][info][gc             ] GC(1051) Pause Remark 2122M->2122M(4096M) 6.329ms
[4049.278s][info][gc,cpu         ] GC(1051) User=0.04s Sys=0.00s Real=0.00s
[4049.279s][info][gc,marking     ] GC(1051) Concurrent Mark 727.993ms
[4049.279s][info][gc,marking     ] GC(1051) Concurrent Rebuild Remembered Sets and Scrub Regions
[4049.608s][info][gc,marking     ] GC(1051) Concurrent Rebuild Remembered Sets and Scrub Regions 329.516ms
[4049.609s][info][gc,start       ] GC(1051) Pause Cleanup
[4049.609s][info][gc             ] GC(1051) Pause Cleanup 2432M->2432M(4096M) 0.129ms
[4049.609s][info][gc,cpu         ] GC(1051) User=0.00s Sys=0.00s Real=0.00s
[4049.609s][info][gc,marking     ] GC(1051) Concurrent Clear Claimed Marks
[4049.609s][info][gc,marking     ] GC(1051) Concurrent Clear Claimed Marks 0.025ms
[4049.609s][info][gc,marking     ] GC(1051) Concurrent Cleanup for Next Mark
[4049.614s][info][gc,marking     ] GC(1051) Concurrent Cleanup for Next Mark 5.251ms
[4049.614s][info][gc             ] GC(1051) Concurrent Mark Cycle 1208.158ms
.[4050.913s][info][gc,start       ] GC(1052) Pause Young (Prepare Mixed) (G1 Evacuation Pause)
[4050.913s][info][gc,task        ] GC(1052) Using 6 workers of 6 for evacuation
[4051.029s][info][gc,phases      ] GC(1052)   Pre Evacuate Collection Set: 0.35ms
[4051.029s][info][gc,phases      ] GC(1052)   Merge Heap Roots: 0.49ms
[4051.029s][info][gc,phases      ] GC(1052)   Evacuate Collection Set: 114.31ms
[4051.029s][info][gc,phases      ] GC(1052)   Post Evacuate Collection Set: 0.92ms
[4051.029s][info][gc,phases      ] GC(1052)   Other: 0.08ms
[4051.029s][info][gc,heap        ] GC(1052) Eden regions: 1118->0(1111)
[4051.029s][info][gc,heap        ] GC(1052) Survivor regions: 110->109(154)
[4051.029s][info][gc,heap        ] GC(1052) Old regions: 505->536
[4051.029s][info][gc,heap        ] GC(1052) Humongous regions: 80->80
[4051.029s][info][gc,metaspace   ] GC(1052) Metaspace: 28908K(29312K)->28908K(29312K) NonClass: 24040K(24256K)->24040K(24256K) Class: 4868K(5056K)->4868K(5056K)
[4051.029s][info][gc             ] GC(1052) Pause Young (Prepare Mixed) (G1 Evacuation Pause) 3624M->1448M(4096M) 116.282ms
[4051.029s][info][gc,cpu         ] GC(1052) User=0.69s Sys=0.00s Real=0.11s
...[4053.493s][info][gc,start       ] GC(1053) Pause Young (Mixed) (G1 Evacuation Pause)
[4053.493s][info][gc,task        ] GC(1053) Using 6 workers of 6 for evacuation
[4053.629s][info][gc,phases      ] GC(1053)   Pre Evacuate Collection Set: 0.35ms
[4053.629s][info][gc,phases      ] GC(1053)   Merge Heap Roots: 0.77ms
[4053.629s][info][gc,phases      ] GC(1053)   Evacuate Collection Set: 134.08ms
[4053.629s][info][gc,phases      ] GC(1053)   Post Evacuate Collection Set: 0.91ms
[4053.629s][info][gc,phases      ] GC(1053)   Other: 0.09ms
[4053.629s][info][gc,heap        ] GC(1053) Eden regions: 1111->0(1119)
[4053.629s][info][gc,heap        ] GC(1053) Survivor regions: 109->109(153)
[4053.629s][info][gc,heap        ] GC(1053) Old regions: 536->471
[4053.629s][info][gc,heap        ] GC(1053) Humongous regions: 80->80
[4053.629s][info][gc,metaspace   ] GC(1053) Metaspace: 28908K(29312K)->28908K(29312K) NonClass: 24040K(24256K)->24040K(24256K) Class: 4868K(5056K)->4868K(5056K)
[4053.629s][info][gc             ] GC(1053) Pause Young (Mixed) (G1 Evacuation Pause) 3670M->1318M(4096M) 136.336ms
[4053.629s][info][gc,cpu         ] GC(1053) User=0.81s Sys=0.00s Real=0.13s
..[4056.099s][info][gc,start       ] GC(1054) Pause Young (Concurrent Start) (G1 Evacuation Pause)
[4056.099s][info][gc,task        ] GC(1054) Using 6 workers of 6 for evacuation
[4056.216s][info][gc,phases      ] GC(1054)   Pre Evacuate Collection Set: 0.39ms
[4056.216s][info][gc,phases      ] GC(1054)   Merge Heap Roots: 0.45ms
[4056.216s][info][gc,phases      ] GC(1054)   Evacuate Collection Set: 115.65ms
[4056.216s][info][gc,phases      ] GC(1054)   Post Evacuate Collection Set: 0.86ms
[4056.216s][info][gc,phases      ] GC(1054)   Other: 0.11ms
[4056.216s][info][gc,heap        ] GC(1054) Eden regions: 1119->0(1118)
[4056.216s][info][gc,heap        ] GC(1054) Survivor regions: 109->110(154)
[4056.216s][info][gc,heap        ] GC(1054) Old regions: 471->503
[4056.216s][info][gc,heap        ] GC(1054) Humongous regions: 80->80
[4056.216s][info][gc,metaspace   ] GC(1054) Metaspace: 28908K(29312K)->28908K(29312K) NonClass: 24040K(24256K)->24040K(24256K) Class: 4868K(5056K)->4868K(5056K)
[4056.216s][info][gc             ] GC(1054) Pause Young (Concurrent Start) (G1 Evacuation Pause) 3556M->1385M(4096M) 117.602ms
[4056.216s][info][gc             ] GC(1055) Concurrent Mark Cycle
[4056.216s][info][gc,marking     ] GC(1055) Concurrent Scan Root Regions
[4056.216s][info][gc,cpu         ] GC(1054) User=0.70s Sys=0.00s Real=0.12s
.[4056.365s][info][gc,marking     ] GC(1055) Concurrent Scan Root Regions 148.504ms
[4056.365s][info][gc,marking     ] GC(1055) Concurrent Mark
[4056.365s][info][gc,marking     ] GC(1055) Concurrent Mark From Roots
[4056.365s][info][gc,task        ] GC(1055) Using 2 workers of 2 for marking
[4057.222s][info][gc,marking     ] GC(1055) Concurrent Mark From Roots 857.324ms
[4057.222s][info][gc,marking     ] GC(1055) Concurrent Preclean
[4057.222s][info][gc,marking     ] GC(1055) Concurrent Preclean 0.096ms
[4057.223s][info][gc,start       ] GC(1055) Pause Remark
[4057.230s][info][gc             ] GC(1055) Pause Remark 2261M->2261M(4096M) 6.466ms
[4057.230s][info][gc,cpu         ] GC(1055) User=0.04s Sys=0.00s Real=0.00s
[4057.230s][info][gc,marking     ] GC(1055) Concurrent Mark 864.865ms
[4057.230s][info][gc,marking     ] GC(1055) Concurrent Rebuild Remembered Sets and Scrub Regions
.[4057.628s][info][gc,marking     ] GC(1055) Concurrent Rebuild Remembered Sets and Scrub Regions 398.728ms
[4057.630s][info][gc,start       ] GC(1055) Pause Cleanup
[4057.630s][info][gc             ] GC(1055) Pause Cleanup 2633M->2633M(4096M) 0.129ms
[4057.630s][info][gc,cpu         ] GC(1055) User=0.00s Sys=0.00s Real=0.00s
[4057.630s][info][gc,marking     ] GC(1055) Concurrent Clear Claimed Marks
[4057.630s][info][gc,marking     ] GC(1055) Concurrent Clear Claimed Marks 0.039ms
[4057.630s][info][gc,marking     ] GC(1055) Concurrent Cleanup for Next Mark
[4057.636s][info][gc,marking     ] GC(1055) Concurrent Cleanup for Next Mark 5.553ms
[4057.636s][info][gc             ] GC(1055) Concurrent Mark Cycle 1419.597ms
.[4058.705s][info][gc,start       ] GC(1056) Pause Young (Prepare Mixed) (G1 Evacuation Pause)
[4058.705s][info][gc,task        ] GC(1056) Using 6 workers of 6 for evacuation
[4058.823s][info][gc,phases      ] GC(1056)   Pre Evacuate Collection Set: 0.32ms
[4058.823s][info][gc,phases      ] GC(1056)   Merge Heap Roots: 0.50ms
[4058.823s][info][gc,phases      ] GC(1056)   Evacuate Collection Set: 116.06ms
[4058.823s][info][gc,phases      ] GC(1056)   Post Evacuate Collection Set: 0.90ms
[4058.823s][info][gc,phases      ] GC(1056)   Other: 0.09ms
[4058.823s][info][gc,heap        ] GC(1056) Eden regions: 1118->0(1110)
[4058.823s][info][gc,heap        ] GC(1056) Survivor regions: 110->110(154)
[4058.823s][info][gc,heap        ] GC(1056) Old regions: 503->535
[4058.823s][info][gc,heap        ] GC(1056) Humongous regions: 80->80
[4058.823s][info][gc,metaspace   ] GC(1056) Metaspace: 28908K(29312K)->28908K(29312K) NonClass: 24040K(24256K)->24040K(24256K) Class: 4868K(5056K)->4868K(5056K)
[4058.823s][info][gc             ] GC(1056) Pause Young (Prepare Mixed) (G1 Evacuation Pause) 3621M->1449M(4096M) 117.998ms
[4058.823s][info][gc,cpu         ] GC(1056) User=0.70s Sys=0.00s Real=0.12s
..[4061.332s][info][gc,start       ] GC(1057) Pause Young (Mixed) (G1 Evacuation Pause)
[4061.332s][info][gc,task        ] GC(1057) Using 6 workers of 6 for evacuation
[4061.464s][info][gc,phases      ] GC(1057)   Pre Evacuate Collection Set: 0.37ms
[4061.464s][info][gc,phases      ] GC(1057)   Merge Heap Roots: 0.72ms
[4061.464s][info][gc,phases      ] GC(1057)   Evacuate Collection Set: 130.60ms
[4061.464s][info][gc,phases      ] GC(1057)   Post Evacuate Collection Set: 0.95ms
[4061.464s][info][gc,phases      ] GC(1057)   Other: 0.09ms
[4061.464s][info][gc,heap        ] GC(1057) Eden regions: 1110->0(1120)
[4061.464s][info][gc,heap        ] GC(1057) Survivor regions: 110->108(153)
[4061.464s][info][gc,heap        ] GC(1057) Old regions: 535->472
[4061.464s][info][gc,heap        ] GC(1057) Humongous regions: 80->80
[4061.464s][info][gc,metaspace   ] GC(1057) Metaspace: 28908K(29312K)->28908K(29312K) NonClass: 24040K(24256K)->24040K(24256K) Class: 4868K(5056K)->4868K(5056K)
[4061.464s][info][gc             ] GC(1057) Pause Young (Mixed) (G1 Evacuation Pause) 3669M->1318M(4096M) 132.871ms
[4061.464s][info][gc,cpu         ] GC(1057) User=0.79s Sys=0.00s Real=0.13s
...[4063.944s][info][gc,start       ] GC(1058) Pause Young (Concurrent Start) (G1 Evacuation Pause)
[4063.944s][info][gc,task        ] GC(1058) Using 6 workers of 6 for evacuation
[4064.062s][info][gc,phases      ] GC(1058)   Pre Evacuate Collection Set: 0.40ms
[4064.062s][info][gc,phases      ] GC(1058)   Merge Heap Roots: 0.46ms
[4064.062s][info][gc,phases      ] GC(1058)   Evacuate Collection Set: 116.11ms
[4064.062s][info][gc,phases      ] GC(1058)   Post Evacuate Collection Set: 0.86ms
[4064.062s][info][gc,phases      ] GC(1058)   Other: 0.12ms
[4064.062s][info][gc,heap        ] GC(1058) Eden regions: 1120->0(1118)
[4064.062s][info][gc,heap        ] GC(1058) Survivor regions: 108->110(154)
[4064.062s][info][gc,heap        ] GC(1058) Old regions: 472->504
[4064.062s][info][gc,heap        ] GC(1058) Humongous regions: 80->80
[4064.062s][info][gc,metaspace   ] GC(1058) Metaspace: 28908K(29312K)->28908K(29312K) NonClass: 24040K(24256K)->24040K(24256K) Class: 4868K(5056K)->4868K(5056K)
[4064.062s][info][gc             ] GC(1058) Pause Young (Concurrent Start) (G1 Evacuation Pause) 3558M->1386M(4096M) 118.091ms
[4064.062s][info][gc             ] GC(1059) Concurrent Mark Cycle
[4064.062s][info][gc,marking     ] GC(1059) Concurrent Scan Root Regions
[4064.062s][info][gc,cpu         ] GC(1058) User=0.71s Sys=0.00s Real=0.12s
[4064.208s][info][gc,marking     ] GC(1059) Concurrent Scan Root Regions 145.607ms
[4064.208s][info][gc,marking     ] GC(1059) Concurrent Mark
[4064.208s][info][gc,marking     ] GC(1059) Concurrent Mark From Roots
[4064.208s][info][gc,task        ] GC(1059) Using 2 workers of 2 for marking
.[4064.983s][info][gc,marking     ] GC(1059) Concurrent Mark From Roots 774.533ms
[4064.983s][info][gc,marking     ] GC(1059) Concurrent Preclean
[4064.983s][info][gc,marking     ] GC(1059) Concurrent Preclean 0.074ms
[4064.985s][info][gc,start       ] GC(1059) Pause Remark
[4064.990s][info][gc             ] GC(1059) Pause Remark 2212M->2212M(4096M) 5.101ms
[4064.990s][info][gc,cpu         ] GC(1059) User=0.03s Sys=0.00s Real=0.00s
[4064.992s][info][gc,marking     ] GC(1059) Concurrent Mark 783.728ms
[4064.992s][info][gc,marking     ] GC(1059) Concurrent Rebuild Remembered Sets and Scrub Regions
[4065.295s][info][gc,marking     ] GC(1059) Concurrent Rebuild Remembered Sets and Scrub Regions 303.529ms
[4065.297s][info][gc,start       ] GC(1059) Pause Cleanup
[4065.297s][info][gc             ] GC(1059) Pause Cleanup 2510M->2510M(4096M) 0.133ms
[4065.297s][info][gc,cpu         ] GC(1059) User=0.00s Sys=0.00s Real=0.00s
[4065.298s][info][gc,marking     ] GC(1059) Concurrent Clear Claimed Marks
[4065.298s][info][gc,marking     ] GC(1059) Concurrent Clear Claimed Marks 0.038ms
[4065.298s][info][gc,marking     ] GC(1059) Concurrent Cleanup for Next Mark
[4065.305s][info][gc,marking     ] GC(1059) Concurrent Cleanup for Next Mark 6.983ms
[4065.305s][info][gc             ] GC(1059) Concurrent Mark Cycle 1242.776ms
.[4066.607s][info][gc,start       ] GC(1060) Pause Young (Prepare Mixed) (G1 Evacuation Pause)
[4066.607s][info][gc,task        ] GC(1060) Using 6 workers of 6 for evacuation
[4066.725s][info][gc,phases      ] GC(1060)   Pre Evacuate Collection Set: 0.33ms
[4066.726s][info][gc,phases      ] GC(1060)   Merge Heap Roots: 0.49ms
[4066.726s][info][gc,phases      ] GC(1060)   Evacuate Collection Set: 116.73ms
[4066.726s][info][gc,phases      ] GC(1060)   Post Evacuate Collection Set: 0.94ms
[4066.726s][info][gc,phases      ] GC(1060)   Other: 0.09ms
[4066.726s][info][gc,heap        ] GC(1060) Eden regions: 1118->0(1107)
[4066.726s][info][gc,heap        ] GC(1060) Survivor regions: 110->111(154)
[4066.726s][info][gc,heap        ] GC(1060) Old regions: 504->536
[4066.726s][info][gc,heap        ] GC(1060) Humongous regions: 80->80
[4066.726s][info][gc,metaspace   ] GC(1060) Metaspace: 28908K(29312K)->28908K(29312K) NonClass: 24040K(24256K)->24040K(24256K) Class: 4868K(5056K)->4868K(5056K)
[4066.726s][info][gc             ] GC(1060) Pause Young (Prepare Mixed) (G1 Evacuation Pause) 3622M->1452M(4096M) 118.724ms
[4066.726s][info][gc,cpu         ] GC(1060) User=0.71s Sys=0.00s Real=0.12s
...[4069.190s][info][gc,start       ] GC(1061) Pause Young (Mixed) (G1 Evacuation Pause)
[4069.190s][info][gc,task        ] GC(1061) Using 6 workers of 6 for evacuation
[4069.327s][info][gc,phases      ] GC(1061)   Pre Evacuate Collection Set: 0.34ms
[4069.327s][info][gc,phases      ] GC(1061)   Merge Heap Roots: 0.61ms
[4069.327s][info][gc,phases      ] GC(1061)   Evacuate Collection Set: 135.24ms
[4069.327s][info][gc,phases      ] GC(1061)   Post Evacuate Collection Set: 0.91ms
[4069.327s][info][gc,phases      ] GC(1061)   Other: 0.08ms
[4069.327s][info][gc,heap        ] GC(1061) Eden regions: 1107->0(1116)
[4069.327s][info][gc,heap        ] GC(1061) Survivor regions: 111->112(153)
[4069.327s][info][gc,heap        ] GC(1061) Old regions: 536->473
[4069.327s][info][gc,heap        ] GC(1061) Humongous regions: 80->80
[4069.327s][info][gc,metaspace   ] GC(1061) Metaspace: 28908K(29312K)->28908K(29312K) NonClass: 24040K(24256K)->24040K(24256K) Class: 4868K(5056K)->4868K(5056K)
[4069.327s][info][gc             ] GC(1061) Pause Young (Mixed) (G1 Evacuation Pause) 3666M->1329M(4096M) 137.318ms
[4069.327s][info][gc,cpu         ] GC(1061) User=0.81s Sys=0.01s Real=0.14s
..[4071.817s][info][gc,start       ] GC(1062) Pause Young (Concurrent Start) (G1 Evacuation Pause)
[4071.817s][info][gc,task        ] GC(1062) Using 6 workers of 6 for evacuation
[4071.938s][info][gc,phases      ] GC(1062)   Pre Evacuate Collection Set: 0.40ms
[4071.938s][info][gc,phases      ] GC(1062)   Merge Heap Roots: 0.46ms
[4071.938s][info][gc,phases      ] GC(1062)   Evacuate Collection Set: 118.56ms
[4071.938s][info][gc,phases      ] GC(1062)   Post Evacuate Collection Set: 0.88ms
[4071.938s][info][gc,phases      ] GC(1062)   Other: 0.10ms
[4071.938s][info][gc,heap        ] GC(1062) Eden regions: 1116->0(1115)
[4071.938s][info][gc,heap        ] GC(1062) Survivor regions: 112->113(154)
[4071.938s][info][gc,heap        ] GC(1062) Old regions: 473->504
[4071.938s][info][gc,heap        ] GC(1062) Humongous regions: 80->80
[4071.938s][info][gc,metaspace   ] GC(1062) Metaspace: 28908K(29312K)->28908K(29312K) NonClass: 24040K(24256K)->24040K(24256K) Class: 4868K(5056K)->4868K(5056K)
[4071.938s][info][gc             ] GC(1062) Pause Young (Concurrent Start) (G1 Evacuation Pause) 3561M->1393M(4096M) 120.530ms
[4071.938s][info][gc             ] GC(1063) Concurrent Mark Cycle
[4071.938s][info][gc,marking     ] GC(1063) Concurrent Scan Root Regions
[4071.938s][info][gc,cpu         ] GC(1062) User=0.71s Sys=0.00s Real=0.12s
.[4072.128s][info][gc,marking     ] GC(1063) Concurrent Scan Root Regions 190.567ms
[4072.128s][info][gc,marking     ] GC(1063) Concurrent Mark
[4072.128s][info][gc,marking     ] GC(1063) Concurrent Mark From Roots
[4072.128s][info][gc,task        ] GC(1063) Using 2 workers of 2 for marking
[4072.856s][info][gc,marking     ] GC(1063) Concurrent Mark From Roots 727.094ms
[4072.856s][info][gc,marking     ] GC(1063) Concurrent Preclean
[4072.856s][info][gc,marking     ] GC(1063) Concurrent Preclean 0.099ms
[4072.856s][info][gc,start       ] GC(1063) Pause Remark
[4072.863s][info][gc             ] GC(1063) Pause Remark 2246M->2246M(4096M) 7.033ms
[4072.863s][info][gc,cpu         ] GC(1063) User=0.04s Sys=0.00s Real=0.01s
[4072.863s][info][gc,marking     ] GC(1063) Concurrent Mark 734.776ms
[4072.863s][info][gc,marking     ] GC(1063) Concurrent Rebuild Remembered Sets and Scrub Regions
.[4073.226s][info][gc,marking     ] GC(1063) Concurrent Rebuild Remembered Sets and Scrub Regions 362.453ms
[4073.226s][info][gc,start       ] GC(1063) Pause Cleanup
[4073.226s][info][gc             ] GC(1063) Pause Cleanup 2597M->2597M(4096M) 0.114ms
[4073.226s][info][gc,cpu         ] GC(1063) User=0.00s Sys=0.00s Real=0.00s
[4073.226s][info][gc,marking     ] GC(1063) Concurrent Clear Claimed Marks
[4073.226s][info][gc,marking     ] GC(1063) Concurrent Clear Claimed Marks 0.023ms
[4073.226s][info][gc,marking     ] GC(1063) Concurrent Cleanup for Next Mark
[4073.231s][info][gc,marking     ] GC(1063) Concurrent Cleanup for Next Mark 4.650ms
[4073.231s][info][gc             ] GC(1063) Concurrent Mark Cycle 1293.003ms
.[4074.500s][info][gc,start       ] GC(1064) Pause Young (Prepare Mixed) (G1 Evacuation Pause)
[4074.500s][info][gc,task        ] GC(1064) Using 6 workers of 6 for evacuation
[4074.616s][info][gc,phases      ] GC(1064)   Pre Evacuate Collection Set: 0.33ms
[4074.616s][info][gc,phases      ] GC(1064)   Merge Heap Roots: 0.49ms
[4074.616s][info][gc,phases      ] GC(1064)   Evacuate Collection Set: 113.96ms
[4074.616s][info][gc,phases      ] GC(1064)   Post Evacuate Collection Set: 0.96ms
[4074.616s][info][gc,phases      ] GC(1064)   Other: 0.08ms
[4074.616s][info][gc,heap        ] GC(1064) Eden regions: 1115->0(1112)
[4074.616s][info][gc,heap        ] GC(1064) Survivor regions: 113->109(154)
[4074.616s][info][gc,heap        ] GC(1064) Old regions: 504->535
[4074.616s][info][gc,heap        ] GC(1064) Humongous regions: 80->80
[4074.616s][info][gc,metaspace   ] GC(1064) Metaspace: 28908K(29312K)->28908K(29312K) NonClass: 24040K(24256K)->24040K(24256K) Class: 4868K(5056K)->4868K(5056K)
[4074.616s][info][gc             ] GC(1064) Pause Young (Prepare Mixed) (G1 Evacuation Pause) 3623M->1446M(4096M) 115.958ms
[4074.616s][info][gc,cpu         ] GC(1064) User=0.69s Sys=0.01s Real=0.12s
. (rIR:aIR:PR = 7195:7208:7208) (tPR = 107457) [OK] 
  4074s: Performance info:
         Transaction,    Success,    Partial,     Failed,   Receipts, AvgBarcode, 
             Overall,     433324,          0,          0,     411683,      59.48, 
         Response times:
             Request,    Success,    Partial,     Failed,   SkipFail,     Probes,    Samples,      min,      p50,      p90,      p95,      p99,      max, 
       TotalPurchase,     411683,          0,          0,          0,     361158,     438526,      200,     6100,    50000,    90000,   171000,   442000,
     InStorePurchase,     216082,          0,          0,          0,     189456,     229544,      300,     6000,    50000,    90000,   171000,   442000,
      OnlinePurchase,     152335,          0,          0,          0,     133080,     161735,      200,     6200,    51000,    90000,   171000,   410000,
        InstPurchase,      43266,          0,          0,          0,      38622,      47247,      300,     5900,    50000,    90000,   170000,   410000,
          AssocOfCat,        433,          0,          0,          0,        351,        517,    21000,    37000,    79200,   127300,   183820,   299000,
      AssocOfProduct,       4330,          0,          0,          0,       4087,       5177,     3000,     7900,    64000,   108000,   181000,   411000,
      BusinessReport,       1078,          0,          0,          0,        939,       1314,    30000,    50000,   137000,   195500,   255400,   290000,
          CustBuyBeh,       4316,          0,          0,          0,       4024,       5200,      500,     7100,    58000,   104000,   177990,   265000,
       ProductReturn,      11485,          0,          0,          0,       9800,      12190,      200,     5700,    49000,    93000,   178000,   285000,

  4074s: (53%)   IR =   7334 .[4076.967s][info][gc,start       ] GC(1065) Pause Young (Mixed) (G1 Evacuation Pause)
[4076.967s][info][gc,task        ] GC(1065) Using 6 workers of 6 for evacuation
[4077.109s][info][gc,phases      ] GC(1065)   Pre Evacuate Collection Set: 0.36ms
[4077.109s][info][gc,phases      ] GC(1065)   Merge Heap Roots: 0.81ms
[4077.109s][info][gc,phases      ] GC(1065)   Evacuate Collection Set: 139.58ms
[4077.109s][info][gc,phases      ] GC(1065)   Post Evacuate Collection Set: 1.01ms
[4077.109s][info][gc,phases      ] GC(1065)   Other: 0.09ms
[4077.109s][info][gc,heap        ] GC(1065) Eden regions: 1112->0(1116)
[4077.109s][info][gc,heap        ] GC(1065) Survivor regions: 109->112(153)
[4077.109s][info][gc,heap        ] GC(1065) Old regions: 535->473
[4077.109s][info][gc,heap        ] GC(1065) Humongous regions: 80->80
[4077.109s][info][gc,metaspace   ] GC(1065) Metaspace: 28908K(29312K)->28908K(29312K) NonClass: 24040K(24256K)->24040K(24256K) Class: 4868K(5056K)->4868K(5056K)
[4077.109s][info][gc             ] GC(1065) Pause Young (Mixed) (G1 Evacuation Pause) 3670M->1329M(4096M) 141.985ms
[4077.109s][info][gc,cpu         ] GC(1065) User=0.85s Sys=0.00s Real=0.14s
...[4079.611s][info][gc,start       ] GC(1066) Pause Young (Concurrent Start) (G1 Evacuation Pause)
[4079.611s][info][gc,task        ] GC(1066) Using 6 workers of 6 for evacuation
[4079.727s][info][gc,phases      ] GC(1066)   Pre Evacuate Collection Set: 0.41ms
[4079.727s][info][gc,phases      ] GC(1066)   Merge Heap Roots: 0.47ms
[4079.727s][info][gc,phases      ] GC(1066)   Evacuate Collection Set: 114.44ms
[4079.727s][info][gc,phases      ] GC(1066)   Post Evacuate Collection Set: 0.89ms
[4079.727s][info][gc,phases      ] GC(1066)   Other: 0.12ms
[4079.727s][info][gc,heap        ] GC(1066) Eden regions: 1116->0(1118)
[4079.727s][info][gc,heap        ] GC(1066) Survivor regions: 112->110(154)
[4079.727s][info][gc,heap        ] GC(1066) Old regions: 473->505
[4079.727s][info][gc,heap        ] GC(1066) Humongous regions: 80->80
[4079.727s][info][gc,metaspace   ] GC(1066) Metaspace: 28908K(29312K)->28908K(29312K) NonClass: 24040K(24256K)->24040K(24256K) Class: 4868K(5056K)->4868K(5056K)
[4079.727s][info][gc             ] GC(1066) Pause Young (Concurrent Start) (G1 Evacuation Pause) 3561M->1387M(4096M) 116.454ms
[4079.727s][info][gc             ] GC(1067) Concurrent Mark Cycle
[4079.727s][info][gc,marking     ] GC(1067) Concurrent Scan Root Regions
[4079.727s][info][gc,cpu         ] GC(1066) User=0.69s Sys=0.00s Real=0.12s
[4079.913s][info][gc,marking     ] GC(1067) Concurrent Scan Root Regions 185.539ms
[4079.913s][info][gc,marking     ] GC(1067) Concurrent Mark
[4079.913s][info][gc,marking     ] GC(1067) Concurrent Mark From Roots
[4079.913s][info][gc,task        ] GC(1067) Using 2 workers of 2 for marking
.[4080.853s][info][gc,marking     ] GC(1067) Concurrent Mark From Roots 939.904ms
[4080.853s][info][gc,marking     ] GC(1067) Concurrent Preclean
[4080.853s][info][gc,marking     ] GC(1067) Concurrent Preclean 0.118ms
[4080.853s][info][gc,start       ] GC(1067) Pause Remark
[4080.861s][info][gc             ] GC(1067) Pause Remark 2415M->2415M(4096M) 7.771ms
[4080.861s][info][gc,cpu         ] GC(1067) User=0.04s Sys=0.01s Real=0.00s
[4080.861s][info][gc,marking     ] GC(1067) Concurrent Mark 948.497ms
[4080.861s][info][gc,marking     ] GC(1067) Concurrent Rebuild Remembered Sets and Scrub Regions
[4081.129s][info][gc,marking     ] GC(1067) Concurrent Rebuild Remembered Sets and Scrub Regions 267.916ms
[4081.129s][info][gc,start       ] GC(1067) Pause Cleanup
[4081.130s][info][gc             ] GC(1067) Pause Cleanup 2664M->2664M(4096M) 0.102ms
[4081.130s][info][gc,cpu         ] GC(1067) User=0.00s Sys=0.00s Real=0.00s
[4081.130s][info][gc,marking     ] GC(1067) Concurrent Clear Claimed Marks
[4081.130s][info][gc,marking     ] GC(1067) Concurrent Clear Claimed Marks 0.019ms
[4081.130s][info][gc,marking     ] GC(1067) Concurrent Cleanup for Next Mark
[4081.136s][info][gc,marking     ] GC(1067) Concurrent Cleanup for Next Mark 6.664ms
[4081.136s][info][gc             ] GC(1067) Concurrent Mark Cycle 1409.074ms
.[4082.203s][info][gc,start       ] GC(1068) Pause Young (Prepare Mixed) (G1 Evacuation Pause)
[4082.203s][info][gc,task        ] GC(1068) Using 6 workers of 6 for evacuation
[4082.317s][info][gc,phases      ] GC(1068)   Pre Evacuate Collection Set: 0.34ms
[4082.317s][info][gc,phases      ] GC(1068)   Merge Heap Roots: 0.51ms
[4082.317s][info][gc,phases      ] GC(1068)   Evacuate Collection Set: 112.10ms
[4082.317s][info][gc,phases      ] GC(1068)   Post Evacuate Collection Set: 0.90ms
[4082.317s][info][gc,phases      ] GC(1068)   Other: 0.09ms
[4082.317s][info][gc,heap        ] GC(1068) Eden regions: 1118->0(1112)
[4082.317s][info][gc,heap        ] GC(1068) Survivor regions: 110->109(154)
[4082.317s][info][gc,heap        ] GC(1068) Old regions: 505->535
[4082.317s][info][gc,heap        ] GC(1068) Humongous regions: 80->80
[4082.317s][info][gc,metaspace   ] GC(1068) Metaspace: 28908K(29312K)->28908K(29312K) NonClass: 24040K(24256K)->24040K(24256K) Class: 4868K(5056K)->4868K(5056K)
[4082.317s][info][gc             ] GC(1068) Pause Young (Prepare Mixed) (G1 Evacuation Pause) 3623M->1446M(4096M) 114.085ms
[4082.317s][info][gc,cpu         ] GC(1068) User=0.68s Sys=0.00s Real=0.11s
...[4084.629s][info][gc,start       ] GC(1069) Pause Young (Mixed) (G1 Evacuation Pause)
[4084.629s][info][gc,task        ] GC(1069) Using 6 workers of 6 for evacuation
[4084.770s][info][gc,phases      ] GC(1069)   Pre Evacuate Collection Set: 0.36ms
[4084.770s][info][gc,phases      ] GC(1069)   Merge Heap Roots: 0.73ms
[4084.770s][info][gc,phases      ] GC(1069)   Evacuate Collection Set: 138.21ms
[4084.770s][info][gc,phases      ] GC(1069)   Post Evacuate Collection Set: 0.93ms
[4084.770s][info][gc,phases      ] GC(1069)   Other: 0.08ms
[4084.770s][info][gc,heap        ] GC(1069) Eden regions: 1112->0(1117)
[4084.770s][info][gc,heap        ] GC(1069) Survivor regions: 109->111(153)
[4084.770s][info][gc,heap        ] GC(1069) Old regions: 535->473
[4084.770s][info][gc,heap        ] GC(1069) Humongous regions: 80->80
[4084.770s][info][gc,metaspace   ] GC(1069) Metaspace: 28908K(29312K)->28908K(29312K) NonClass: 24040K(24256K)->24040K(24256K) Class: 4868K(5056K)->4868K(5056K)
[4084.770s][info][gc             ] GC(1069) Pause Young (Mixed) (G1 Evacuation Pause) 3670M->1326M(4096M) 140.443ms
[4084.770s][info][gc,cpu         ] GC(1069) User=0.84s Sys=0.00s Real=0.14s
.|.[4087.287s][info][gc,start       ] GC(1070) Pause Young (Concurrent Start) (G1 Evacuation Pause)
[4087.287s][info][gc,task        ] GC(1070) Using 6 workers of 6 for evacuation
[4087.405s][info][gc,phases      ] GC(1070)   Pre Evacuate Collection Set: 0.36ms
[4087.405s][info][gc,phases      ] GC(1070)   Merge Heap Roots: 0.47ms
[4087.405s][info][gc,phases      ] GC(1070)   Evacuate Collection Set: 116.36ms
[4087.405s][info][gc,phases      ] GC(1070)   Post Evacuate Collection Set: 0.89ms
[4087.405s][info][gc,phases      ] GC(1070)   Other: 0.11ms
[4087.405s][info][gc,heap        ] GC(1070) Eden regions: 1117->0(1119)
[4087.405s][info][gc,heap        ] GC(1070) Survivor regions: 111->109(154)
[4087.405s][info][gc,heap        ] GC(1070) Old regions: 473->505
[4087.405s][info][gc,heap        ] GC(1070) Humongous regions: 80->80
[4087.405s][info][gc,metaspace   ] GC(1070) Metaspace: 28908K(29312K)->28908K(29312K) NonClass: 24040K(24256K)->24040K(24256K) Class: 4868K(5056K)->4868K(5056K)
[4087.405s][info][gc             ] GC(1070) Pause Young (Concurrent Start) (G1 Evacuation Pause) 3560M->1387M(4096M) 118.312ms
[4087.405s][info][gc             ] GC(1071) Concurrent Mark Cycle
[4087.405s][info][gc,marking     ] GC(1071) Concurrent Scan Root Regions
[4087.405s][info][gc,cpu         ] GC(1070) User=0.70s Sys=0.00s Real=0.12s
.[4087.592s][info][gc,marking     ] GC(1071) Concurrent Scan Root Regions 187.227ms
[4087.592s][info][gc,marking     ] GC(1071) Concurrent Mark
[4087.592s][info][gc,marking     ] GC(1071) Concurrent Mark From Roots
[4087.592s][info][gc,task        ] GC(1071) Using 2 workers of 2 for marking
.[4088.617s][info][gc,marking     ] GC(1071) Concurrent Mark From Roots 1024.245ms
[4088.617s][info][gc,marking     ] GC(1071) Concurrent Preclean
[4088.617s][info][gc,marking     ] GC(1071) Concurrent Preclean 0.142ms
[4088.619s][info][gc,start       ] GC(1071) Pause Remark
[4088.625s][info][gc             ] GC(1071) Pause Remark 2493M->2493M(4096M) 5.044ms
[4088.625s][info][gc,cpu         ] GC(1071) User=0.03s Sys=0.00s Real=0.01s
[4088.625s][info][gc,marking     ] GC(1071) Concurrent Mark 1032.497ms
[4088.625s][info][gc,marking     ] GC(1071) Concurrent Rebuild Remembered Sets and Scrub Regions
[4088.915s][info][gc,marking     ] GC(1071) Concurrent Rebuild Remembered Sets and Scrub Regions 290.074ms
[4088.918s][info][gc,start       ] GC(1071) Pause Cleanup
[4088.918s][info][gc             ] GC(1071) Pause Cleanup 2789M->2789M(4096M) 0.134ms
[4088.918s][info][gc,cpu         ] GC(1071) User=0.00s Sys=0.00s Real=0.00s
[4088.918s][info][gc,marking     ] GC(1071) Concurrent Clear Claimed Marks
[4088.918s][info][gc,marking     ] GC(1071) Concurrent Clear Claimed Marks 0.023ms
[4088.918s][info][gc,marking     ] GC(1071) Concurrent Cleanup for Next Mark
[4088.924s][info][gc,marking     ] GC(1071) Concurrent Cleanup for Next Mark 5.675ms
[4088.924s][info][gc             ] GC(1071) Concurrent Mark Cycle 1518.755ms
.[4089.851s][info][gc,start       ] GC(1072) Pause Young (Prepare Mixed) (G1 Evacuation Pause)
[4089.851s][info][gc,task        ] GC(1072) Using 6 workers of 6 for evacuation
[4089.973s][info][gc,phases      ] GC(1072)   Pre Evacuate Collection Set: 0.35ms
[4089.973s][info][gc,phases      ] GC(1072)   Merge Heap Roots: 0.56ms
[4089.973s][info][gc,phases      ] GC(1072)   Evacuate Collection Set: 120.15ms
[4089.973s][info][gc,phases      ] GC(1072)   Post Evacuate Collection Set: 0.90ms
[4089.973s][info][gc,phases      ] GC(1072)   Other: 0.08ms
[4089.973s][info][gc,heap        ] GC(1072) Eden regions: 1119->0(1098)
[4089.973s][info][gc,heap        ] GC(1072) Survivor regions: 109->115(154)
[4089.973s][info][gc,heap        ] GC(1072) Old regions: 505->537
[4089.973s][info][gc,heap        ] GC(1072) Humongous regions: 80->80
[4089.973s][info][gc,metaspace   ] GC(1072) Metaspace: 28908K(29312K)->28908K(29312K) NonClass: 24040K(24256K)->24040K(24256K) Class: 4868K(5056K)->4868K(5056K)
[4089.973s][info][gc             ] GC(1072) Pause Young (Prepare Mixed) (G1 Evacuation Pause) 3625M->1461M(4096M) 122.182ms
[4089.973s][info][gc,cpu         ] GC(1072) User=0.73s Sys=0.00s Real=0.13s
..[4092.423s][info][gc,start       ] GC(1073) Pause Young (Mixed) (G1 Evacuation Pause)
[4092.423s][info][gc,task        ] GC(1073) Using 6 workers of 6 for evacuation
[4092.557s][info][gc,phases      ] GC(1073)   Pre Evacuate Collection Set: 0.38ms
[4092.557s][info][gc,phases      ] GC(1073)   Merge Heap Roots: 0.67ms
[4092.557s][info][gc,phases      ] GC(1073)   Evacuate Collection Set: 131.76ms
[4092.557s][info][gc,phases      ] GC(1073)   Post Evacuate Collection Set: 0.91ms
[4092.557s][info][gc,phases      ] GC(1073)   Other: 0.09ms
[4092.557s][info][gc,heap        ] GC(1073) Eden regions: 1098->0(1119)
[4092.557s][info][gc,heap        ] GC(1073) Survivor regions: 115->109(152)
[4092.557s][info][gc,heap        ] GC(1073) Old regions: 537->475
[4092.557s][info][gc,heap        ] GC(1073) Humongous regions: 80->80
[4092.557s][info][gc,metaspace   ] GC(1073) Metaspace: 28908K(29312K)->28908K(29312K) NonClass: 24040K(24256K)->24040K(24256K) Class: 4868K(5056K)->4868K(5056K)
[4092.557s][info][gc             ] GC(1073) Pause Young (Mixed) (G1 Evacuation Pause) 3657M->1326M(4096M) 133.941ms
[4092.557s][info][gc,cpu         ] GC(1073) User=0.80s Sys=0.00s Real=0.13s
...[4094.995s][info][gc,start       ] GC(1074) Pause Young (Concurrent Start) (G1 Evacuation Pause)
[4094.995s][info][gc,task        ] GC(1074) Using 6 workers of 6 for evacuation
[4095.115s][info][gc,phases      ] GC(1074)   Pre Evacuate Collection Set: 0.35ms
[4095.115s][info][gc,phases      ] GC(1074)   Merge Heap Roots: 0.47ms
[4095.115s][info][gc,phases      ] GC(1074)   Evacuate Collection Set: 118.26ms
[4095.115s][info][gc,phases      ] GC(1074)   Post Evacuate Collection Set: 0.86ms
[4095.115s][info][gc,phases      ] GC(1074)   Other: 0.10ms
[4095.115s][info][gc,heap        ] GC(1074) Eden regions: 1119->0(1116)
[4095.115s][info][gc,heap        ] GC(1074) Survivor regions: 109->112(154)
[4095.115s][info][gc,heap        ] GC(1074) Old regions: 475->507
[4095.115s][info][gc,heap        ] GC(1074) Humongous regions: 80->80
[4095.115s][info][gc,metaspace   ] GC(1074) Metaspace: 28908K(29312K)->28908K(29312K) NonClass: 24040K(24256K)->24040K(24256K) Class: 4868K(5056K)->4868K(5056K)
[4095.115s][info][gc             ] GC(1074) Pause Young (Concurrent Start) (G1 Evacuation Pause) 3564M->1397M(4096M) 120.177ms
[4095.115s][info][gc             ] GC(1075) Concurrent Mark Cycle
[4095.115s][info][gc,cpu         ] GC(1074) User=0.72s Sys=0.00s Real=0.12s
[4095.115s][info][gc,marking     ] GC(1075) Concurrent Scan Root Regions
[4095.306s][info][gc,marking     ] GC(1075) Concurrent Scan Root Regions 190.807ms
[4095.306s][info][gc,marking     ] GC(1075) Concurrent Mark
[4095.306s][info][gc,marking     ] GC(1075) Concurrent Mark From Roots
[4095.306s][info][gc,task        ] GC(1075) Using 2 workers of 2 for marking
.[4096.184s][info][gc,marking     ] GC(1075) Concurrent Mark From Roots 877.909ms
[4096.184s][info][gc,marking     ] GC(1075) Concurrent Preclean
[4096.184s][info][gc,marking     ] GC(1075) Concurrent Preclean 0.139ms
[4096.184s][info][gc,start       ] GC(1075) Pause Remark
[4096.190s][info][gc             ] GC(1075) Pause Remark 2329M->2329M(4096M) 6.259ms
[4096.190s][info][gc,cpu         ] GC(1075) User=0.04s Sys=0.00s Real=0.00s
[4096.192s][info][gc,marking     ] GC(1075) Concurrent Mark 885.928ms
[4096.192s][info][gc,marking     ] GC(1075) Concurrent Rebuild Remembered Sets and Scrub Regions
[4096.572s][info][gc,marking     ] GC(1075) Concurrent Rebuild Remembered Sets and Scrub Regions 380.676ms
[4096.573s][info][gc,start       ] GC(1075) Pause Cleanup
[4096.573s][info][gc             ] GC(1075) Pause Cleanup 2723M->2723M(4096M) 0.098ms
[4096.573s][info][gc,cpu         ] GC(1075) User=0.00s Sys=0.00s Real=0.00s
[4096.573s][info][gc,marking     ] GC(1075) Concurrent Clear Claimed Marks
[4096.573s][info][gc,marking     ] GC(1075) Concurrent Clear Claimed Marks 0.023ms
[4096.573s][info][gc,marking     ] GC(1075) Concurrent Cleanup for Next Mark
[4096.576s][info][gc,marking     ] GC(1075) Concurrent Cleanup for Next Mark 3.568ms
[4096.576s][info][gc             ] GC(1075) Concurrent Mark Cycle 1461.443ms
.[4097.585s][info][gc,start       ] GC(1076) Pause Young (Prepare Mixed) (G1 Evacuation Pause)
[4097.585s][info][gc,task        ] GC(1076) Using 6 workers of 6 for evacuation
[4097.703s][info][gc,phases      ] GC(1076)   Pre Evacuate Collection Set: 0.34ms
[4097.703s][info][gc,phases      ] GC(1076)   Merge Heap Roots: 0.48ms
[4097.703s][info][gc,phases      ] GC(1076)   Evacuate Collection Set: 115.36ms
[4097.703s][info][gc,phases      ] GC(1076)   Post Evacuate Collection Set: 0.89ms
[4097.703s][info][gc,phases      ] GC(1076)   Other: 0.09ms
[4097.703s][info][gc,heap        ] GC(1076) Eden regions: 1116->0(1106)
[4097.703s][info][gc,heap        ] GC(1076) Survivor regions: 112->110(154)
[4097.703s][info][gc,heap        ] GC(1076) Old regions: 507->539
[4097.703s][info][gc,heap        ] GC(1076) Humongous regions: 80->80
[4097.703s][info][gc,metaspace   ] GC(1076) Metaspace: 28908K(29312K)->28908K(29312K) NonClass: 24040K(24256K)->24040K(24256K) Class: 4868K(5056K)->4868K(5056K)
[4097.703s][info][gc             ] GC(1076) Pause Young (Prepare Mixed) (G1 Evacuation Pause) 3629M->1455M(4096M) 117.286ms
[4097.703s][info][gc,cpu         ] GC(1076) User=0.70s Sys=0.00s Real=0.12s
...[4100.229s][info][gc,start       ] GC(1077) Pause Young (Mixed) (G1 Evacuation Pause)
[4100.229s][info][gc,task        ] GC(1077) Using 6 workers of 6 for evacuation
[4100.362s][info][gc,phases      ] GC(1077)   Pre Evacuate Collection Set: 0.34ms
[4100.362s][info][gc,phases      ] GC(1077)   Merge Heap Roots: 0.63ms
[4100.362s][info][gc,phases      ] GC(1077)   Evacuate Collection Set: 130.83ms
[4100.362s][info][gc,phases      ] GC(1077)   Post Evacuate Collection Set: 0.92ms
[4100.362s][info][gc,phases      ] GC(1077)   Other: 0.09ms
[4100.362s][info][gc,heap        ] GC(1077) Eden regions: 1106->0(1118)
[4100.362s][info][gc,heap        ] GC(1077) Survivor regions: 110->110(152)
[4100.362s][info][gc,heap        ] GC(1077) Old regions: 539->473
[4100.362s][info][gc,heap        ] GC(1077) Humongous regions: 80->80
[4100.362s][info][gc,metaspace   ] GC(1077) Metaspace: 28908K(29312K)->28908K(29312K) NonClass: 24040K(24256K)->24040K(24256K) Class: 4868K(5056K)->4868K(5056K)
[4100.362s][info][gc             ] GC(1077) Pause Young (Mixed) (G1 Evacuation Pause) 3667M->1325M(4096M) 132.950ms
[4100.362s][info][gc,cpu         ] GC(1077) User=0.79s Sys=0.00s Real=0.14s
..[4102.662s][info][gc,start       ] GC(1078) Pause Young (Concurrent Start) (G1 Evacuation Pause)
[4102.662s][info][gc,task        ] GC(1078) Using 6 workers of 6 for evacuation
[4102.781s][info][gc,phases      ] GC(1078)   Pre Evacuate Collection Set: 0.34ms
[4102.781s][info][gc,phases      ] GC(1078)   Merge Heap Roots: 0.47ms
[4102.781s][info][gc,phases      ] GC(1078)   Evacuate Collection Set: 117.78ms
[4102.781s][info][gc,phases      ] GC(1078)   Post Evacuate Collection Set: 0.87ms
[4102.781s][info][gc,phases      ] GC(1078)   Other: 0.11ms
[4102.782s][info][gc,heap        ] GC(1078) Eden regions: 1118->0(1116)
[4102.782s][info][gc,heap        ] GC(1078) Survivor regions: 110->112(154)
[4102.782s][info][gc,heap        ] GC(1078) Old regions: 473->504
[4102.782s][info][gc,heap        ] GC(1078) Humongous regions: 80->80
[4102.782s][info][gc,metaspace   ] GC(1078) Metaspace: 28908K(29312K)->28908K(29312K) NonClass: 24040K(24256K)->24040K(24256K) Class: 4868K(5056K)->4868K(5056K)
[4102.782s][info][gc             ] GC(1078) Pause Young (Concurrent Start) (G1 Evacuation Pause) 3561M->1390M(4096M) 119.683ms
[4102.782s][info][gc             ] GC(1079) Concurrent Mark Cycle
[4102.782s][info][gc,marking     ] GC(1079) Concurrent Scan Root Regions
[4102.782s][info][gc,cpu         ] GC(1078) User=0.71s Sys=0.00s Real=0.12s
.[4102.968s][info][gc,marking     ] GC(1079) Concurrent Scan Root Regions 186.602ms
[4102.968s][info][gc,marking     ] GC(1079) Concurrent Mark
[4102.968s][info][gc,marking     ] GC(1079) Concurrent Mark From Roots
[4102.968s][info][gc,task        ] GC(1079) Using 2 workers of 2 for marking
.[4103.875s][info][gc,marking     ] GC(1079) Concurrent Mark From Roots 906.850ms
[4103.875s][info][gc,marking     ] GC(1079) Concurrent Preclean
[4103.875s][info][gc,marking     ] GC(1079) Concurrent Preclean 0.068ms
[4103.875s][info][gc,start       ] GC(1079) Pause Remark
[4103.882s][info][gc             ] GC(1079) Pause Remark 2375M->2375M(4096M) 6.936ms
[4103.882s][info][gc,cpu         ] GC(1079) User=0.04s Sys=0.00s Real=0.01s
[4103.882s][info][gc,marking     ] GC(1079) Concurrent Mark 914.091ms
[4103.882s][info][gc,marking     ] GC(1079) Concurrent Rebuild Remembered Sets and Scrub Regions
[4104.132s][info][gc,marking     ] GC(1079) Concurrent Rebuild Remembered Sets and Scrub Regions 250.067ms
[4104.133s][info][gc,start       ] GC(1079) Pause Cleanup
[4104.133s][info][gc             ] GC(1079) Pause Cleanup 2579M->2579M(4096M) 0.105ms
[4104.133s][info][gc,cpu         ] GC(1079) User=0.00s Sys=0.00s Real=0.00s
[4104.133s][info][gc,marking     ] GC(1079) Concurrent Clear Claimed Marks
[4104.133s][info][gc,marking     ] GC(1079) Concurrent Clear Claimed Marks 0.025ms
[4104.133s][info][gc,marking     ] GC(1079) Concurrent Cleanup for Next Mark
[4104.138s][info][gc,marking     ] GC(1079) Concurrent Cleanup for Next Mark 4.873ms
[4104.138s][info][gc             ] GC(1079) Concurrent Mark Cycle 1356.164ms
.[4105.224s][info][gc,start       ] GC(1080) Pause Young (Prepare Mixed) (G1 Evacuation Pause)
[4105.224s][info][gc,task        ] GC(1080) Using 6 workers of 6 for evacuation
[4105.338s][info][gc,phases      ] GC(1080)   Pre Evacuate Collection Set: 0.34ms
[4105.338s][info][gc,phases      ] GC(1080)   Merge Heap Roots: 0.54ms
[4105.338s][info][gc,phases      ] GC(1080)   Evacuate Collection Set: 111.39ms
[4105.338s][info][gc,phases      ] GC(1080)   Post Evacuate Collection Set: 0.89ms
[4105.338s][info][gc,phases      ] GC(1080)   Other: 0.09ms
[4105.338s][info][gc,heap        ] GC(1080) Eden regions: 1116->0(1116)
[4105.338s][info][gc,heap        ] GC(1080) Survivor regions: 112->106(154)
[4105.338s][info][gc,heap        ] GC(1080) Old regions: 504->537
[4105.338s][info][gc,heap        ] GC(1080) Humongous regions: 80->80
[4105.338s][info][gc,metaspace   ] GC(1080) Metaspace: 28908K(29312K)->28908K(29312K) NonClass: 24040K(24256K)->24040K(24256K) Class: 4868K(5056K)->4868K(5056K)
[4105.338s][info][gc             ] GC(1080) Pause Young (Prepare Mixed) (G1 Evacuation Pause) 3622M->1443M(4096M) 113.393ms
[4105.338s][info][gc,cpu         ] GC(1080) User=0.67s Sys=0.00s Real=0.11s
...[4107.850s][info][gc,start       ] GC(1081) Pause Young (Mixed) (G1 Evacuation Pause)
[4107.850s][info][gc,task        ] GC(1081) Using 6 workers of 6 for evacuation
[4107.987s][info][gc,phases      ] GC(1081)   Pre Evacuate Collection Set: 0.38ms
[4107.987s][info][gc,phases      ] GC(1081)   Merge Heap Roots: 0.70ms
[4107.987s][info][gc,phases      ] GC(1081)   Evacuate Collection Set: 134.61ms
[4107.987s][info][gc,phases      ] GC(1081)   Post Evacuate Collection Set: 0.90ms
[4107.987s][info][gc,phases      ] GC(1081)   Other: 0.09ms
[4107.987s][info][gc,heap        ] GC(1081) Eden regions: 1116->0(1116)
[4107.987s][info][gc,heap        ] GC(1081) Survivor regions: 106->112(153)
[4107.987s][info][gc,heap        ] GC(1081) Old regions: 537->472
[4107.987s][info][gc,heap        ] GC(1081) Humongous regions: 80->80
[4107.987s][info][gc,metaspace   ] GC(1081) Metaspace: 28908K(29312K)->28908K(29312K) NonClass: 24040K(24256K)->24040K(24256K) Class: 4868K(5056K)->4868K(5056K)
[4107.987s][info][gc             ] GC(1081) Pause Young (Mixed) (G1 Evacuation Pause) 3675M->1326M(4096M) 136.810ms
[4107.987s][info][gc,cpu         ] GC(1081) User=0.82s Sys=0.00s Real=0.14s
..[4110.390s][info][gc,start       ] GC(1082) Pause Young (Concurrent Start) (G1 Evacuation Pause)
[4110.390s][info][gc,task        ] GC(1082) Using 6 workers of 6 for evacuation
[4110.506s][info][gc,phases      ] GC(1082)   Pre Evacuate Collection Set: 0.40ms
[4110.506s][info][gc,phases      ] GC(1082)   Merge Heap Roots: 0.48ms
[4110.506s][info][gc,phases      ] GC(1082)   Evacuate Collection Set: 113.46ms
[4110.506s][info][gc,phases      ] GC(1082)   Post Evacuate Collection Set: 0.89ms
[4110.506s][info][gc,phases      ] GC(1082)   Other: 0.13ms
[4110.506s][info][gc,heap        ] GC(1082) Eden regions: 1116->0(1120)
[4110.506s][info][gc,heap        ] GC(1082) Survivor regions: 112->108(154)
[4110.506s][info][gc,heap        ] GC(1082) Old regions: 472->503
[4110.506s][info][gc,heap        ] GC(1082) Humongous regions: 80->80
[4110.506s][info][gc,metaspace   ] GC(1082) Metaspace: 28908K(29312K)->28908K(29312K) NonClass: 24040K(24256K)->24040K(24256K) Class: 4868K(5056K)->4868K(5056K)
[4110.506s][info][gc             ] GC(1082) Pause Young (Concurrent Start) (G1 Evacuation Pause) 3558M->1380M(4096M) 115.490ms
[4110.506s][info][gc             ] GC(1083) Concurrent Mark Cycle
[4110.506s][info][gc,marking     ] GC(1083) Concurrent Scan Root Regions
[4110.506s][info][gc,cpu         ] GC(1082) User=0.68s Sys=0.00s Real=0.12s
[4110.693s][info][gc,marking     ] GC(1083) Concurrent Scan Root Regions 187.446ms
[4110.693s][info][gc,marking     ] GC(1083) Concurrent Mark
[4110.693s][info][gc,marking     ] GC(1083) Concurrent Mark From Roots
[4110.693s][info][gc,task        ] GC(1083) Using 2 workers of 2 for marking
.[4111.646s][info][gc,marking     ] GC(1083) Concurrent Mark From Roots 952.426ms
[4111.646s][info][gc,marking     ] GC(1083) Concurrent Preclean
[4111.646s][info][gc,marking     ] GC(1083) Concurrent Preclean 0.087ms
[4111.646s][info][gc,start       ] GC(1083) Pause Remark
[4111.653s][info][gc             ] GC(1083) Pause Remark 2456M->2456M(4096M) 6.611ms
[4111.653s][info][gc,cpu         ] GC(1083) User=0.04s Sys=0.00s Real=0.01s
[4111.654s][info][gc,marking     ] GC(1083) Concurrent Mark 961.047ms
[4111.654s][info][gc,marking     ] GC(1083) Concurrent Rebuild Remembered Sets and Scrub Regions
.[4111.964s][info][gc,marking     ] GC(1083) Concurrent Rebuild Remembered Sets and Scrub Regions 309.541ms
[4111.965s][info][gc,start       ] GC(1083) Pause Cleanup
[4111.965s][info][gc             ] GC(1083) Pause Cleanup 2730M->2730M(4096M) 0.122ms
[4111.965s][info][gc,cpu         ] GC(1083) User=0.00s Sys=0.00s Real=0.00s
[4111.965s][info][gc,marking     ] GC(1083) Concurrent Clear Claimed Marks
[4111.966s][info][gc,marking     ] GC(1083) Concurrent Clear Claimed Marks 0.029ms
[4111.966s][info][gc,marking     ] GC(1083) Concurrent Cleanup for Next Mark
[4111.970s][info][gc,marking     ] GC(1083) Concurrent Cleanup for Next Mark 4.302ms
[4111.970s][info][gc             ] GC(1083) Concurrent Mark Cycle 1464.192ms
.[4112.938s][info][gc,start       ] GC(1084) Pause Young (Prepare Mixed) (G1 Evacuation Pause)
[4112.938s][info][gc,task        ] GC(1084) Using 6 workers of 6 for evacuation
[4113.057s][info][gc,phases      ] GC(1084)   Pre Evacuate Collection Set: 0.34ms
[4113.057s][info][gc,phases      ] GC(1084)   Merge Heap Roots: 0.48ms
[4113.057s][info][gc,phases      ] GC(1084)   Evacuate Collection Set: 116.66ms
[4113.057s][info][gc,phases      ] GC(1084)   Post Evacuate Collection Set: 0.92ms
[4113.057s][info][gc,phases      ] GC(1084)   Other: 0.08ms
[4113.057s][info][gc,heap        ] GC(1084) Eden regions: 1120->0(1106)
[4113.057s][info][gc,heap        ] GC(1084) Survivor regions: 108->112(154)
[4113.057s][info][gc,heap        ] GC(1084) Old regions: 503->535
[4113.057s][info][gc,heap        ] GC(1084) Humongous regions: 80->80
[4113.057s][info][gc,metaspace   ] GC(1084) Metaspace: 28908K(29312K)->28908K(29312K) NonClass: 24040K(24256K)->24040K(24256K) Class: 4868K(5056K)->4868K(5056K)
[4113.057s][info][gc             ] GC(1084) Pause Young (Prepare Mixed) (G1 Evacuation Pause) 3620M->1453M(4096M) 118.607ms
[4113.057s][info][gc,cpu         ] GC(1084) User=0.71s Sys=0.00s Real=0.12s
..[4115.586s][info][gc,start       ] GC(1085) Pause Young (Mixed) (G1 Evacuation Pause)
[4115.586s][info][gc,task        ] GC(1085) Using 6 workers of 6 for evacuation
[4115.727s][info][gc,phases      ] GC(1085)   Pre Evacuate Collection Set: 0.39ms
[4115.727s][info][gc,phases      ] GC(1085)   Merge Heap Roots: 0.65ms
[4115.727s][info][gc,phases      ] GC(1085)   Evacuate Collection Set: 139.10ms
[4115.727s][info][gc,phases      ] GC(1085)   Post Evacuate Collection Set: 0.93ms
[4115.727s][info][gc,phases      ] GC(1085)   Other: 0.09ms
[4115.727s][info][gc,heap        ] GC(1085) Eden regions: 1106->0(1113)
[4115.727s][info][gc,heap        ] GC(1085) Survivor regions: 112->115(153)
[4115.727s][info][gc,heap        ] GC(1085) Old regions: 535->472
[4115.727s][info][gc,heap        ] GC(1085) Humongous regions: 80->80
[4115.727s][info][gc,metaspace   ] GC(1085) Metaspace: 28908K(29312K)->28908K(29312K) NonClass: 24040K(24256K)->24040K(24256K) Class: 4868K(5056K)->4868K(5056K)
[4115.727s][info][gc             ] GC(1085) Pause Young (Mixed) (G1 Evacuation Pause) 3665M->1332M(4096M) 141.272ms
[4115.727s][info][gc,cpu         ] GC(1085) User=0.85s Sys=0.00s Real=0.14s
...[4118.126s][info][gc,start       ] GC(1086) Pause Young (Concurrent Start) (G1 Evacuation Pause)
[4118.126s][info][gc,task        ] GC(1086) Using 6 workers of 6 for evacuation
[4118.247s][info][gc,phases      ] GC(1086)   Pre Evacuate Collection Set: 0.34ms
[4118.247s][info][gc,phases      ] GC(1086)   Merge Heap Roots: 0.44ms
[4118.247s][info][gc,phases      ] GC(1086)   Evacuate Collection Set: 119.50ms
[4118.247s][info][gc,phases      ] GC(1086)   Post Evacuate Collection Set: 0.85ms
[4118.247s][info][gc,phases      ] GC(1086)   Other: 0.11ms
[4118.247s][info][gc,heap        ] GC(1086) Eden regions: 1113->0(1113)
[4118.247s][info][gc,heap        ] GC(1086) Survivor regions: 115->115(154)
[4118.248s][info][gc,heap        ] GC(1086) Old regions: 472->504
[4118.248s][info][gc,heap        ] GC(1086) Humongous regions: 80->80
[4118.248s][info][gc,metaspace   ] GC(1086) Metaspace: 28908K(29312K)->28908K(29312K) NonClass: 24040K(24256K)->24040K(24256K) Class: 4868K(5056K)->4868K(5056K)
[4118.248s][info][gc             ] GC(1086) Pause Young (Concurrent Start) (G1 Evacuation Pause) 3558M->1396M(4096M) 121.404ms
[4118.248s][info][gc             ] GC(1087) Concurrent Mark Cycle
[4118.248s][info][gc,marking     ] GC(1087) Concurrent Scan Root Regions
[4118.248s][info][gc,cpu         ] GC(1086) User=0.72s Sys=0.00s Real=0.12s
[4118.395s][info][gc,marking     ] GC(1087) Concurrent Scan Root Regions 147.870ms
[4118.396s][info][gc,marking     ] GC(1087) Concurrent Mark
[4118.396s][info][gc,marking     ] GC(1087) Concurrent Mark From Roots
[4118.396s][info][gc,task        ] GC(1087) Using 2 workers of 2 for marking
.[4119.099s][info][gc,marking     ] GC(1087) Concurrent Mark From Roots 703.726ms
[4119.099s][info][gc,marking     ] GC(1087) Concurrent Preclean
[4119.099s][info][gc,marking     ] GC(1087) Concurrent Preclean 0.091ms
[4119.100s][info][gc,start       ] GC(1087) Pause Remark
[4119.106s][info][gc             ] GC(1087) Pause Remark 2128M->2128M(4096M) 5.451ms
[4119.106s][info][gc,cpu         ] GC(1087) User=0.03s Sys=0.00s Real=0.01s
[4119.107s][info][gc,marking     ] GC(1087) Concurrent Mark 711.649ms
[4119.107s][info][gc,marking     ] GC(1087) Concurrent Rebuild Remembered Sets and Scrub Regions
[4119.374s][info][gc,marking     ] GC(1087) Concurrent Rebuild Remembered Sets and Scrub Regions 267.181ms
[4119.377s][info][gc,start       ] GC(1087) Pause Cleanup
[4119.377s][info][gc             ] GC(1087) Pause Cleanup 2404M->2404M(4096M) 0.134ms
[4119.377s][info][gc,cpu         ] GC(1087) User=0.00s Sys=0.00s Real=0.00s
[4119.377s][info][gc,marking     ] GC(1087) Concurrent Clear Claimed Marks
[4119.377s][info][gc,marking     ] GC(1087) Concurrent Clear Claimed Marks 0.029ms
[4119.377s][info][gc,marking     ] GC(1087) Concurrent Cleanup for Next Mark
[4119.383s][info][gc,marking     ] GC(1087) Concurrent Cleanup for Next Mark 6.248ms
[4119.383s][info][gc             ] GC(1087) Concurrent Mark Cycle 1135.606ms
.[4120.660s][info][gc,start       ] GC(1088) Pause Young (Prepare Mixed) (G1 Evacuation Pause)
[4120.660s][info][gc,task        ] GC(1088) Using 6 workers of 6 for evacuation
[4120.779s][info][gc,phases      ] GC(1088)   Pre Evacuate Collection Set: 0.32ms
[4120.779s][info][gc,phases      ] GC(1088)   Merge Heap Roots: 0.53ms
[4120.779s][info][gc,phases      ] GC(1088)   Evacuate Collection Set: 117.16ms
[4120.779s][info][gc,phases      ] GC(1088)   Post Evacuate Collection Set: 0.94ms
[4120.779s][info][gc,phases      ] GC(1088)   Other: 0.09ms
[4120.779s][info][gc,heap        ] GC(1088) Eden regions: 1113->0(1108)
[4120.779s][info][gc,heap        ] GC(1088) Survivor regions: 115->110(154)
[4120.779s][info][gc,heap        ] GC(1088) Old regions: 504->537
[4120.779s][info][gc,heap        ] GC(1088) Humongous regions: 80->80
[4120.779s][info][gc,metaspace   ] GC(1088) Metaspace: 28908K(29312K)->28908K(29312K) NonClass: 24040K(24256K)->24040K(24256K) Class: 4868K(5056K)->4868K(5056K)
[4120.779s][info][gc             ] GC(1088) Pause Young (Prepare Mixed) (G1 Evacuation Pause) 3622M->1452M(4096M) 119.171ms
[4120.779s][info][gc,cpu         ] GC(1088) User=0.71s Sys=0.00s Real=0.12s
...[4123.222s][info][gc,start       ] GC(1089) Pause Young (Mixed) (G1 Evacuation Pause)
[4123.222s][info][gc,task        ] GC(1089) Using 6 workers of 6 for evacuation
[4123.359s][info][gc,phases      ] GC(1089)   Pre Evacuate Collection Set: 0.39ms
[4123.359s][info][gc,phases      ] GC(1089)   Merge Heap Roots: 0.67ms
[4123.359s][info][gc,phases      ] GC(1089)   Evacuate Collection Set: 134.50ms
[4123.359s][info][gc,phases      ] GC(1089)   Post Evacuate Collection Set: 0.93ms
[4123.359s][info][gc,phases      ] GC(1089)   Other: 0.08ms
[4123.359s][info][gc,heap        ] GC(1089) Eden regions: 1108->0(1118)
[4123.359s][info][gc,heap        ] GC(1089) Survivor regions: 110->110(153)
[4123.359s][info][gc,heap        ] GC(1089) Old regions: 537->473
[4123.359s][info][gc,heap        ] GC(1089) Humongous regions: 80->80
[4123.359s][info][gc,metaspace   ] GC(1089) Metaspace: 28908K(29312K)->28908K(29312K) NonClass: 24040K(24256K)->24040K(24256K) Class: 4868K(5056K)->4868K(5056K)
[4123.359s][info][gc             ] GC(1089) Pause Young (Mixed) (G1 Evacuation Pause) 3668M->1324M(4096M) 136.717ms
[4123.359s][info][gc,cpu         ] GC(1089) User=0.81s Sys=0.00s Real=0.13s
..[4125.790s][info][gc,start       ] GC(1090) Pause Young (Concurrent Start) (G1 Evacuation Pause)
[4125.790s][info][gc,task        ] GC(1090) Using 6 workers of 6 for evacuation
[4125.907s][info][gc,phases      ] GC(1090)   Pre Evacuate Collection Set: 0.39ms
[4125.907s][info][gc,phases      ] GC(1090)   Merge Heap Roots: 0.56ms
[4125.907s][info][gc,phases      ] GC(1090)   Evacuate Collection Set: 114.61ms
[4125.907s][info][gc,phases      ] GC(1090)   Post Evacuate Collection Set: 0.85ms
[4125.907s][info][gc,phases      ] GC(1090)   Other: 0.11ms
[4125.907s][info][gc,heap        ] GC(1090) Eden regions: 1118->0(1118)
[4125.907s][info][gc,heap        ] GC(1090) Survivor regions: 110->110(154)
[4125.907s][info][gc,heap        ] GC(1090) Old regions: 473->504
[4125.907s][info][gc,heap        ] GC(1090) Humongous regions: 80->80
[4125.907s][info][gc,metaspace   ] GC(1090) Metaspace: 28908K(29312K)->28908K(29312K) NonClass: 24040K(24256K)->24040K(24256K) Class: 4868K(5056K)->4868K(5056K)
[4125.907s][info][gc             ] GC(1090) Pause Young (Concurrent Start) (G1 Evacuation Pause) 3560M->1386M(4096M) 116.659ms
[4125.907s][info][gc             ] GC(1091) Concurrent Mark Cycle
[4125.907s][info][gc,marking     ] GC(1091) Concurrent Scan Root Regions
[4125.907s][info][gc,cpu         ] GC(1090) User=0.70s Sys=0.01s Real=0.12s
[4126.052s][info][gc,marking     ] GC(1091) Concurrent Scan Root Regions 144.670ms
[4126.052s][info][gc,marking     ] GC(1091) Concurrent Mark
[4126.052s][info][gc,marking     ] GC(1091) Concurrent Mark From Roots
[4126.052s][info][gc,task        ] GC(1091) Using 2 workers of 2 for marking
.[4126.988s][info][gc,marking     ] GC(1091) Concurrent Mark From Roots 935.716ms
[4126.988s][info][gc,marking     ] GC(1091) Concurrent Preclean
[4126.988s][info][gc,marking     ] GC(1091) Concurrent Preclean 0.101ms
[4126.988s][info][gc,start       ] GC(1091) Pause Remark
[4126.994s][info][gc             ] GC(1091) Pause Remark 2373M->2373M(4096M) 6.068ms
[4126.994s][info][gc,cpu         ] GC(1091) User=0.03s Sys=0.00s Real=0.01s
[4126.995s][info][gc,marking     ] GC(1091) Concurrent Mark 943.409ms
[4126.995s][info][gc,marking     ] GC(1091) Concurrent Rebuild Remembered Sets and Scrub Regions
.[4127.360s][info][gc,marking     ] GC(1091) Concurrent Rebuild Remembered Sets and Scrub Regions 364.667ms
[4127.360s][info][gc,start       ] GC(1091) Pause Cleanup
[4127.361s][info][gc             ] GC(1091) Pause Cleanup 2748M->2748M(4096M) 0.119ms
[4127.361s][info][gc,cpu         ] GC(1091) User=0.00s Sys=0.00s Real=0.00s
[4127.361s][info][gc,marking     ] GC(1091) Concurrent Clear Claimed Marks
[4127.361s][info][gc,marking     ] GC(1091) Concurrent Clear Claimed Marks 0.024ms
[4127.361s][info][gc,marking     ] GC(1091) Concurrent Cleanup for Next Mark
[4127.368s][info][gc,marking     ] GC(1091) Concurrent Cleanup for Next Mark 6.779ms
[4127.368s][info][gc             ] GC(1091) Concurrent Mark Cycle 1460.507ms
.[4128.321s][info][gc,start       ] GC(1092) Pause Young (Prepare Mixed) (G1 Evacuation Pause)
[4128.321s][info][gc,task        ] GC(1092) Using 6 workers of 6 for evacuation
[4128.435s][info][gc,phases      ] GC(1092)   Pre Evacuate Collection Set: 0.34ms
[4128.435s][info][gc,phases      ] GC(1092)   Merge Heap Roots: 0.48ms
[4128.435s][info][gc,phases      ] GC(1092)   Evacuate Collection Set: 112.30ms
[4128.435s][info][gc,phases      ] GC(1092)   Post Evacuate Collection Set: 0.90ms
[4128.435s][info][gc,phases      ] GC(1092)   Other: 0.08ms
[4128.435s][info][gc,heap        ] GC(1092) Eden regions: 1118->0(1113)
[4128.435s][info][gc,heap        ] GC(1092) Survivor regions: 110->108(154)
[4128.435s][info][gc,heap        ] GC(1092) Old regions: 504->536
[4128.435s][info][gc,heap        ] GC(1092) Humongous regions: 80->80
[4128.435s][info][gc,metaspace   ] GC(1092) Metaspace: 28908K(29312K)->28908K(29312K) NonClass: 24040K(24256K)->24040K(24256K) Class: 4868K(5056K)->4868K(5056K)
[4128.435s][info][gc             ] GC(1092) Pause Young (Prepare Mixed) (G1 Evacuation Pause) 3622M->1446M(4096M) 114.241ms
[4128.435s][info][gc,cpu         ] GC(1092) User=0.68s Sys=0.00s Real=0.12s
..[4130.943s][info][gc,start       ] GC(1093) Pause Young (Mixed) (G1 Evacuation Pause)
[4130.944s][info][gc,task        ] GC(1093) Using 6 workers of 6 for evacuation
[4131.082s][info][gc,phases      ] GC(1093)   Pre Evacuate Collection Set: 0.39ms
[4131.082s][info][gc,phases      ] GC(1093)   Merge Heap Roots: 0.79ms
[4131.082s][info][gc,phases      ] GC(1093)   Evacuate Collection Set: 136.29ms
[4131.082s][info][gc,phases      ] GC(1093)   Post Evacuate Collection Set: 0.93ms
[4131.082s][info][gc,phases      ] GC(1093)   Other: 0.09ms
[4131.082s][info][gc,heap        ] GC(1093) Eden regions: 1113->0(1118)
[4131.082s][info][gc,heap        ] GC(1093) Survivor regions: 108->110(153)
[4131.082s][info][gc,heap        ] GC(1093) Old regions: 536->473
[4131.082s][info][gc,heap        ] GC(1093) Humongous regions: 80->80
[4131.082s][info][gc,metaspace   ] GC(1093) Metaspace: 28908K(29312K)->28908K(29312K) NonClass: 24040K(24256K)->24040K(24256K) Class: 4868K(5056K)->4868K(5056K)
[4131.082s][info][gc             ] GC(1093) Pause Young (Mixed) (G1 Evacuation Pause) 3672M->1323M(4096M) 138.627ms
[4131.082s][info][gc,cpu         ] GC(1093) User=0.82s Sys=0.00s Real=0.14s
...[4133.504s][info][gc,start       ] GC(1094) Pause Young (Concurrent Start) (G1 Evacuation Pause)
[4133.504s][info][gc,task        ] GC(1094) Using 6 workers of 6 for evacuation
[4133.620s][info][gc,phases      ] GC(1094)   Pre Evacuate Collection Set: 0.35ms
[4133.620s][info][gc,phases      ] GC(1094)   Merge Heap Roots: 0.46ms
[4133.620s][info][gc,phases      ] GC(1094)   Evacuate Collection Set: 114.47ms
[4133.620s][info][gc,phases      ] GC(1094)   Post Evacuate Collection Set: 0.86ms
[4133.620s][info][gc,phases      ] GC(1094)   Other: 0.11ms
[4133.620s][info][gc,heap        ] GC(1094) Eden regions: 1118->0(1118)
[4133.620s][info][gc,heap        ] GC(1094) Survivor regions: 110->110(154)
[4133.620s][info][gc,heap        ] GC(1094) Old regions: 473->503
[4133.620s][info][gc,heap        ] GC(1094) Humongous regions: 80->80
[4133.620s][info][gc,metaspace   ] GC(1094) Metaspace: 28908K(29312K)->28908K(29312K) NonClass: 24040K(24256K)->24040K(24256K) Class: 4868K(5056K)->4868K(5056K)
[4133.620s][info][gc             ] GC(1094) Pause Young (Concurrent Start) (G1 Evacuation Pause) 3559M->1385M(4096M) 116.386ms
[4133.620s][info][gc             ] GC(1095) Concurrent Mark Cycle
[4133.620s][info][gc,marking     ] GC(1095) Concurrent Scan Root Regions
[4133.620s][info][gc,cpu         ] GC(1094) User=0.69s Sys=0.00s Real=0.11s
[4133.807s][info][gc,marking     ] GC(1095) Concurrent Scan Root Regions 187.273ms
[4133.807s][info][gc,marking     ] GC(1095) Concurrent Mark
[4133.807s][info][gc,marking     ] GC(1095) Concurrent Mark From Roots
[4133.807s][info][gc,task        ] GC(1095) Using 2 workers of 2 for marking
.[4134.810s][info][gc,marking     ] GC(1095) Concurrent Mark From Roots 1002.349ms
[4134.810s][info][gc,marking     ] GC(1095) Concurrent Preclean
[4134.810s][info][gc,marking     ] GC(1095) Concurrent Preclean 0.087ms
[4134.811s][info][gc,start       ] GC(1095) Pause Remark
[4134.817s][info][gc             ] GC(1095) Pause Remark 2449M->2449M(4096M) 5.719ms
[4134.817s][info][gc,cpu         ] GC(1095) User=0.03s Sys=0.00s Real=0.00s
[4134.817s][info][gc,marking     ] GC(1095) Concurrent Mark 1009.798ms
[4134.817s][info][gc,marking     ] GC(1095) Concurrent Rebuild Remembered Sets and Scrub Regions
[4135.177s][info][gc,marking     ] GC(1095) Concurrent Rebuild Remembered Sets and Scrub Regions 360.304ms
[4135.178s][info][gc,start       ] GC(1095) Pause Cleanup
[4135.178s][info][gc             ] GC(1095) Pause Cleanup 2789M->2789M(4096M) 0.111ms
[4135.178s][info][gc,cpu         ] GC(1095) User=0.00s Sys=0.00s Real=0.00s
[4135.178s][info][gc,marking     ] GC(1095) Concurrent Clear Claimed Marks
[4135.178s][info][gc,marking     ] GC(1095) Concurrent Clear Claimed Marks 0.021ms
[4135.178s][info][gc,marking     ] GC(1095) Concurrent Cleanup for Next Mark
[4135.182s][info][gc,marking     ] GC(1095) Concurrent Cleanup for Next Mark 3.869ms
[4135.182s][info][gc             ] GC(1095) Concurrent Mark Cycle 1561.739ms
.[4136.119s][info][gc,start       ] GC(1096) Pause Young (Prepare Mixed) (G1 Evacuation Pause)
[4136.119s][info][gc,task        ] GC(1096) Using 6 workers of 6 for evacuation
[4136.241s][info][gc,phases      ] GC(1096)   Pre Evacuate Collection Set: 0.35ms
[4136.241s][info][gc,phases      ] GC(1096)   Merge Heap Roots: 0.56ms
[4136.241s][info][gc,phases      ] GC(1096)   Evacuate Collection Set: 119.57ms
[4136.241s][info][gc,phases      ] GC(1096)   Post Evacuate Collection Set: 0.93ms
[4136.241s][info][gc,phases      ] GC(1096)   Other: 0.09ms
[4136.241s][info][gc,heap        ] GC(1096) Eden regions: 1118->0(1103)
[4136.241s][info][gc,heap        ] GC(1096) Survivor regions: 110->114(154)
[4136.241s][info][gc,heap        ] GC(1096) Old regions: 503->534
[4136.241s][info][gc,heap        ] GC(1096) Humongous regions: 80->80
[4136.241s][info][gc,metaspace   ] GC(1096) Metaspace: 28908K(29312K)->28908K(29312K) NonClass: 24040K(24256K)->24040K(24256K) Class: 4868K(5056K)->4868K(5056K)
[4136.241s][info][gc             ] GC(1096) Pause Young (Prepare Mixed) (G1 Evacuation Pause) 3621M->1455M(4096M) 121.628ms
[4136.241s][info][gc,cpu         ] GC(1096) User=0.72s Sys=0.00s Real=0.12s
...[4138.608s][info][gc,start       ] GC(1097) Pause Young (Mixed) (G1 Evacuation Pause)
[4138.608s][info][gc,task        ] GC(1097) Using 6 workers of 6 for evacuation
[4138.741s][info][gc,phases      ] GC(1097)   Pre Evacuate Collection Set: 0.35ms
[4138.741s][info][gc,phases      ] GC(1097)   Merge Heap Roots: 0.69ms
[4138.741s][info][gc,phases      ] GC(1097)   Evacuate Collection Set: 131.59ms
[4138.741s][info][gc,phases      ] GC(1097)   Post Evacuate Collection Set: 0.94ms
[4138.741s][info][gc,phases      ] GC(1097)   Other: 0.08ms
[4138.741s][info][gc,heap        ] GC(1097) Eden regions: 1103->0(1118)
[4138.741s][info][gc,heap        ] GC(1097) Survivor regions: 114->110(153)
[4138.741s][info][gc,heap        ] GC(1097) Old regions: 534->473
[4138.741s][info][gc,heap        ] GC(1097) Humongous regions: 80->80
[4138.741s][info][gc,metaspace   ] GC(1097) Metaspace: 28908K(29312K)->28908K(29312K) NonClass: 24040K(24256K)->24040K(24256K) Class: 4868K(5056K)->4868K(5056K)
[4138.741s][info][gc             ] GC(1097) Pause Young (Mixed) (G1 Evacuation Pause) 3661M->1324M(4096M) 133.781ms
[4138.741s][info][gc,cpu         ] GC(1097) User=0.80s Sys=0.00s Real=0.14s
..[4141.210s][info][gc,start       ] GC(1098) Pause Young (Concurrent Start) (G1 Evacuation Pause)
[4141.210s][info][gc,task        ] GC(1098) Using 6 workers of 6 for evacuation
[4141.324s][info][gc,phases      ] GC(1098)   Pre Evacuate Collection Set: 0.36ms
[4141.324s][info][gc,phases      ] GC(1098)   Merge Heap Roots: 0.44ms
[4141.324s][info][gc,phases      ] GC(1098)   Evacuate Collection Set: 112.41ms
[4141.324s][info][gc,phases      ] GC(1098)   Post Evacuate Collection Set: 0.83ms
[4141.324s][info][gc,phases      ] GC(1098)   Other: 0.11ms
[4141.324s][info][gc,heap        ] GC(1098) Eden regions: 1118->0(1121)
[4141.324s][info][gc,heap        ] GC(1098) Survivor regions: 110->107(154)
[4141.324s][info][gc,heap        ] GC(1098) Old regions: 473->505
[4141.324s][info][gc,heap        ] GC(1098) Humongous regions: 80->80
[4141.324s][info][gc,metaspace   ] GC(1098) Metaspace: 28908K(29312K)->28908K(29312K) NonClass: 24040K(24256K)->24040K(24256K) Class: 4868K(5056K)->4868K(5056K)
[4141.324s][info][gc             ] GC(1098) Pause Young (Concurrent Start) (G1 Evacuation Pause) 3560M->1382M(4096M) 114.315ms
[4141.324s][info][gc             ] GC(1099) Concurrent Mark Cycle
[4141.324s][info][gc,marking     ] GC(1099) Concurrent Scan Root Regions
[4141.324s][info][gc,cpu         ] GC(1098) User=0.68s Sys=0.00s Real=0.12s
.[4141.505s][info][gc,marking     ] GC(1099) Concurrent Scan Root Regions 180.901ms
[4141.505s][info][gc,marking     ] GC(1099) Concurrent Mark
[4141.505s][info][gc,marking     ] GC(1099) Concurrent Mark From Roots
[4141.505s][info][gc,task        ] GC(1099) Using 2 workers of 2 for marking
.[4142.450s][info][gc,marking     ] GC(1099) Concurrent Mark From Roots 945.224ms
[4142.450s][info][gc,marking     ] GC(1099) Concurrent Preclean
[4142.450s][info][gc,marking     ] GC(1099) Concurrent Preclean 0.073ms
[4142.450s][info][gc,start       ] GC(1099) Pause Remark
[4142.457s][info][gc             ] GC(1099) Pause Remark 2477M->2477M(4096M) 6.261ms
[4142.457s][info][gc,cpu         ] GC(1099) User=0.03s Sys=0.00s Real=0.01s
[4142.457s][info][gc,marking     ] GC(1099) Concurrent Mark 951.790ms
[4142.457s][info][gc,marking     ] GC(1099) Concurrent Rebuild Remembered Sets and Scrub Regions
[4142.867s][info][gc,marking     ] GC(1099) Concurrent Rebuild Remembered Sets and Scrub Regions 410.312ms
[4142.869s][info][gc,start       ] GC(1099) Pause Cleanup
[4142.869s][info][gc             ] GC(1099) Pause Cleanup 2850M->2850M(4096M) 0.128ms
[4142.869s][info][gc,cpu         ] GC(1099) User=0.00s Sys=0.00s Real=0.00s
[4142.870s][info][gc,marking     ] GC(1099) Concurrent Clear Claimed Marks
[4142.870s][info][gc,marking     ] GC(1099) Concurrent Clear Claimed Marks 0.035ms
[4142.870s][info][gc,marking     ] GC(1099) Concurrent Cleanup for Next Mark
[4142.874s][info][gc,marking     ] GC(1099) Concurrent Cleanup for Next Mark 4.580ms
[4142.874s][info][gc             ] GC(1099) Concurrent Mark Cycle 1550.273ms
.[4143.736s][info][gc,start       ] GC(1100) Pause Young (Prepare Mixed) (G1 Evacuation Pause)
[4143.736s][info][gc,task        ] GC(1100) Using 6 workers of 6 for evacuation
[4143.853s][info][gc,phases      ] GC(1100)   Pre Evacuate Collection Set: 0.32ms
[4143.853s][info][gc,phases      ] GC(1100)   Merge Heap Roots: 0.47ms
[4143.853s][info][gc,phases      ] GC(1100)   Evacuate Collection Set: 115.39ms
[4143.853s][info][gc,phases      ] GC(1100)   Post Evacuate Collection Set: 0.92ms
[4143.853s][info][gc,phases      ] GC(1100)   Other: 0.10ms
[4143.853s][info][gc,heap        ] GC(1100) Eden regions: 1121->0(1109)
[4143.853s][info][gc,heap        ] GC(1100) Survivor regions: 107->110(154)
[4143.853s][info][gc,heap        ] GC(1100) Old regions: 505->536
[4143.853s][info][gc,heap        ] GC(1100) Humongous regions: 80->80
[4143.853s][info][gc,metaspace   ] GC(1100) Metaspace: 28908K(29312K)->28908K(29312K) NonClass: 24040K(24256K)->24040K(24256K) Class: 4868K(5056K)->4868K(5056K)
[4143.853s][info][gc             ] GC(1100) Pause Young (Prepare Mixed) (G1 Evacuation Pause) 3624M->1451M(4096M) 117.324ms
[4143.853s][info][gc,cpu         ] GC(1100) User=0.70s Sys=0.00s Real=0.12s
.. (rIR:aIR:PR = 7334:7321:7321) (tPR = 108747) [OK] 
  4145s: Performance info:
         Transaction,    Success,    Partial,     Failed,   Receipts, AvgBarcode, 
             Overall,     439596,          0,          0,     417584,      59.48, 
         Response times:
             Request,    Success,    Partial,     Failed,   SkipFail,     Probes,    Samples,      min,      p50,      p90,      p95,      p99,      max, 
       TotalPurchase,     417584,          0,          0,          0,     358246,     423313,      300,     6400,    59000,   103000,   155000,   337000,
     InStorePurchase,     219612,          0,          0,          0,     188261,     221941,      300,     6200,    58000,   102000,   155000,   337000,
      OnlinePurchase,     153927,          0,          0,          0,     132007,     155922,      300,     6600,    59000,   104000,   156000,   281000,
        InstPurchase,      44045,          0,          0,          0,      37978,      45450,      400,     6500,    57000,   100000,   153000,   261000,
          AssocOfCat,        441,          0,          0,          0,        357,        521,    25000,    41000,   122800,   167500,   202120,   228000,
      AssocOfProduct,       4397,          0,          0,          0,       4123,       5180,      500,     5200,    52000,    91000,   150000,   205000,
      BusinessReport,       1104,          0,          0,          0,        975,       1269,    27000,    50000,   137000,   177500,   218600,   316000,
          CustBuyBeh,       4395,          0,          0,          0,       4092,       5144,      200,     7900,    72000,   112750,   155000,   234000,
       ProductReturn,      11675,          0,          0,          0,       9886,      12049,      200,     6900,    61000,   103000,   153500,   272000,

  4145s: (54%)   IR =   7472 [4146.317s][info][gc,start       ] GC(1101) Pause Young (Mixed) (G1 Evacuation Pause)
[4146.317s][info][gc,task        ] GC(1101) Using 6 workers of 6 for evacuation
[4146.455s][info][gc,phases      ] GC(1101)   Pre Evacuate Collection Set: 0.35ms
[4146.455s][info][gc,phases      ] GC(1101)   Merge Heap Roots: 0.76ms
[4146.455s][info][gc,phases      ] GC(1101)   Evacuate Collection Set: 135.81ms
[4146.455s][info][gc,phases      ] GC(1101)   Post Evacuate Collection Set: 0.94ms
[4146.455s][info][gc,phases      ] GC(1101)   Other: 0.09ms
[4146.455s][info][gc,heap        ] GC(1101) Eden regions: 1109->0(1119)
[4146.455s][info][gc,heap        ] GC(1101) Survivor regions: 110->109(153)
[4146.455s][info][gc,heap        ] GC(1101) Old regions: 536->473
[4146.455s][info][gc,heap        ] GC(1101) Humongous regions: 80->80
[4146.455s][info][gc,metaspace   ] GC(1101) Metaspace: 28908K(29312K)->28908K(29312K) NonClass: 24040K(24256K)->24040K(24256K) Class: 4868K(5056K)->4868K(5056K)
[4146.455s][info][gc             ] GC(1101) Pause Young (Mixed) (G1 Evacuation Pause) 3669M->1321M(4096M) 138.083ms
[4146.455s][info][gc,cpu         ] GC(1101) User=0.83s Sys=0.00s Real=0.14s
...[4148.820s][info][gc,start       ] GC(1102) Pause Young (Concurrent Start) (G1 Evacuation Pause)
[4148.820s][info][gc,task        ] GC(1102) Using 6 workers of 6 for evacuation
[4148.938s][info][gc,phases      ] GC(1102)   Pre Evacuate Collection Set: 0.38ms
[4148.938s][info][gc,phases      ] GC(1102)   Merge Heap Roots: 0.45ms
[4148.938s][info][gc,phases      ] GC(1102)   Evacuate Collection Set: 116.11ms
[4148.938s][info][gc,phases      ] GC(1102)   Post Evacuate Collection Set: 0.92ms
[4148.938s][info][gc,phases      ] GC(1102)   Other: 0.11ms
[4148.938s][info][gc,heap        ] GC(1102) Eden regions: 1119->0(1119)
[4148.938s][info][gc,heap        ] GC(1102) Survivor regions: 109->109(154)
[4148.938s][info][gc,heap        ] GC(1102) Old regions: 473->504
[4148.938s][info][gc,heap        ] GC(1102) Humongous regions: 80->80
[4148.938s][info][gc,metaspace   ] GC(1102) Metaspace: 28908K(29312K)->28908K(29312K) NonClass: 24040K(24256K)->24040K(24256K) Class: 4868K(5056K)->4868K(5056K)
[4148.938s][info][gc             ] GC(1102) Pause Young (Concurrent Start) (G1 Evacuation Pause) 3559M->1385M(4096M) 118.088ms
[4148.938s][info][gc             ] GC(1103) Concurrent Mark Cycle
[4148.938s][info][gc,marking     ] GC(1103) Concurrent Scan Root Regions
[4148.938s][info][gc,cpu         ] GC(1102) User=0.70s Sys=0.00s Real=0.12s
[4149.092s][info][gc,marking     ] GC(1103) Concurrent Scan Root Regions 153.970ms
[4149.092s][info][gc,marking     ] GC(1103) Concurrent Mark
[4149.092s][info][gc,marking     ] GC(1103) Concurrent Mark From Roots
[4149.092s][info][gc,task        ] GC(1103) Using 2 workers of 2 for marking
.[4149.828s][info][gc,marking     ] GC(1103) Concurrent Mark From Roots 736.533ms
[4149.828s][info][gc,marking     ] GC(1103) Concurrent Preclean
[4149.828s][info][gc,marking     ] GC(1103) Concurrent Preclean 0.102ms
[4149.830s][info][gc,start       ] GC(1103) Pause Remark
[4149.836s][info][gc             ] GC(1103) Pause Remark 2169M->2169M(4096M) 6.179ms
[4149.836s][info][gc,cpu         ] GC(1103) User=0.03s Sys=0.00s Real=0.01s
[4149.837s][info][gc,marking     ] GC(1103) Concurrent Mark 745.723ms
[4149.837s][info][gc,marking     ] GC(1103) Concurrent Rebuild Remembered Sets and Scrub Regions
[4150.108s][info][gc,marking     ] GC(1103) Concurrent Rebuild Remembered Sets and Scrub Regions 270.639ms
[4150.108s][info][gc,start       ] GC(1103) Pause Cleanup
[4150.108s][info][gc             ] GC(1103) Pause Cleanup 2461M->2461M(4096M) 0.113ms
[4150.108s][info][gc,cpu         ] GC(1103) User=0.00s Sys=0.00s Real=0.00s
[4150.108s][info][gc,marking     ] GC(1103) Concurrent Clear Claimed Marks
[4150.108s][info][gc,marking     ] GC(1103) Concurrent Clear Claimed Marks 0.024ms
[4150.108s][info][gc,marking     ] GC(1103) Concurrent Cleanup for Next Mark
[4150.113s][info][gc,marking     ] GC(1103) Concurrent Cleanup for Next Mark 4.599ms
[4150.113s][info][gc             ] GC(1103) Concurrent Mark Cycle 1175.544ms
.[4151.347s][info][gc,start       ] GC(1104) Pause Young (Prepare Mixed) (G1 Evacuation Pause)
[4151.347s][info][gc,task        ] GC(1104) Using 6 workers of 6 for evacuation
[4151.463s][info][gc,phases      ] GC(1104)   Pre Evacuate Collection Set: 0.37ms
[4151.463s][info][gc,phases      ] GC(1104)   Merge Heap Roots: 0.54ms
[4151.463s][info][gc,phases      ] GC(1104)   Evacuate Collection Set: 113.45ms
[4151.463s][info][gc,phases      ] GC(1104)   Post Evacuate Collection Set: 0.94ms
[4151.463s][info][gc,phases      ] GC(1104)   Other: 0.09ms
[4151.463s][info][gc,heap        ] GC(1104) Eden regions: 1119->0(1113)
[4151.463s][info][gc,heap        ] GC(1104) Survivor regions: 109->108(154)
[4151.463s][info][gc,heap        ] GC(1104) Old regions: 504->536
[4151.463s][info][gc,heap        ] GC(1104) Humongous regions: 80->80
[4151.463s][info][gc,metaspace   ] GC(1104) Metaspace: 28908K(29312K)->28908K(29312K) NonClass: 24040K(24256K)->24040K(24256K) Class: 4868K(5056K)->4868K(5056K)
[4151.463s][info][gc             ] GC(1104) Pause Young (Prepare Mixed) (G1 Evacuation Pause) 3623M->1446M(4096M) 115.541ms
[4151.463s][info][gc,cpu         ] GC(1104) User=0.68s Sys=0.00s Real=0.12s
...[4153.846s][info][gc,start       ] GC(1105) Pause Young (Mixed) (G1 Evacuation Pause)
[4153.846s][info][gc,task        ] GC(1105) Using 6 workers of 6 for evacuation
[4153.987s][info][gc,phases      ] GC(1105)   Pre Evacuate Collection Set: 0.35ms
[4153.987s][info][gc,phases      ] GC(1105)   Merge Heap Roots: 0.77ms
[4153.987s][info][gc,phases      ] GC(1105)   Evacuate Collection Set: 138.16ms
[4153.987s][info][gc,phases      ] GC(1105)   Post Evacuate Collection Set: 0.92ms
[4153.987s][info][gc,phases      ] GC(1105)   Other: 0.08ms
[4153.987s][info][gc,heap        ] GC(1105) Eden regions: 1113->0(1112)
[4153.987s][info][gc,heap        ] GC(1105) Survivor regions: 108->116(153)
[4153.987s][info][gc,heap        ] GC(1105) Old regions: 536->474
[4153.987s][info][gc,heap        ] GC(1105) Humongous regions: 80->80
[4153.987s][info][gc,metaspace   ] GC(1105) Metaspace: 28908K(29312K)->28908K(29312K) NonClass: 24040K(24256K)->24040K(24256K) Class: 4868K(5056K)->4868K(5056K)
[4153.987s][info][gc             ] GC(1105) Pause Young (Mixed) (G1 Evacuation Pause) 3672M->1337M(4096M) 140.406ms
[4153.987s][info][gc,cpu         ] GC(1105) User=0.84s Sys=0.00s Real=0.14s
..[4156.307s][info][gc,start       ] GC(1106) Pause Young (Concurrent Start) (G1 Evacuation Pause)
[4156.307s][info][gc,task        ] GC(1106) Using 6 workers of 6 for evacuation
[4156.420s][info][gc,phases      ] GC(1106)   Pre Evacuate Collection Set: 0.40ms
[4156.420s][info][gc,phases      ] GC(1106)   Merge Heap Roots: 0.42ms
[4156.420s][info][gc,phases      ] GC(1106)   Evacuate Collection Set: 111.43ms
[4156.420s][info][gc,phases      ] GC(1106)   Post Evacuate Collection Set: 0.86ms
[4156.420s][info][gc,phases      ] GC(1106)   Other: 0.12ms
[4156.420s][info][gc,heap        ] GC(1106) Eden regions: 1112->0(1121)
[4156.420s][info][gc,heap        ] GC(1106) Survivor regions: 116->107(154)
[4156.420s][info][gc,heap        ] GC(1106) Old regions: 474->506
[4156.420s][info][gc,heap        ] GC(1106) Humongous regions: 80->80
[4156.420s][info][gc,metaspace   ] GC(1106) Metaspace: 28908K(29312K)->28908K(29312K) NonClass: 24040K(24256K)->24040K(24256K) Class: 4868K(5056K)->4868K(5056K)
[4156.420s][info][gc             ] GC(1106) Pause Young (Concurrent Start) (G1 Evacuation Pause) 3561M->1383M(4096M) 113.377ms
[4156.420s][info][gc             ] GC(1107) Concurrent Mark Cycle
[4156.420s][info][gc,marking     ] GC(1107) Concurrent Scan Root Regions
[4156.420s][info][gc,cpu         ] GC(1106) User=0.67s Sys=0.00s Real=0.11s
[4156.565s][info][gc,marking     ] GC(1107) Concurrent Scan Root Regions 144.429ms
[4156.565s][info][gc,marking     ] GC(1107) Concurrent Mark
[4156.565s][info][gc,marking     ] GC(1107) Concurrent Mark From Roots
[4156.565s][info][gc,task        ] GC(1107) Using 2 workers of 2 for marking
.[4157.256s][info][gc,marking     ] GC(1107) Concurrent Mark From Roots 690.972ms
[4157.256s][info][gc,marking     ] GC(1107) Concurrent Preclean
[4157.256s][info][gc,marking     ] GC(1107) Concurrent Preclean 0.130ms
[4157.257s][info][gc,start       ] GC(1107) Pause Remark
[4157.263s][info][gc             ] GC(1107) Pause Remark 2111M->2111M(4096M) 6.514ms
[4157.263s][info][gc,cpu         ] GC(1107) User=0.04s Sys=0.00s Real=0.01s
[4157.263s][info][gc,marking     ] GC(1107) Concurrent Mark 698.861ms
[4157.263s][info][gc,marking     ] GC(1107) Concurrent Rebuild Remembered Sets and Scrub Regions
[4157.570s][info][gc,marking     ] GC(1107) Concurrent Rebuild Remembered Sets and Scrub Regions 306.560ms
[4157.570s][info][gc,start       ] GC(1107) Pause Cleanup
[4157.570s][info][gc             ] GC(1107) Pause Cleanup 2409M->2409M(4096M) 0.118ms
[4157.570s][info][gc,cpu         ] GC(1107) User=0.00s Sys=0.00s Real=0.00s
[4157.570s][info][gc,marking     ] GC(1107) Concurrent Clear Claimed Marks
[4157.570s][info][gc,marking     ] GC(1107) Concurrent Clear Claimed Marks 0.029ms
[4157.570s][info][gc,marking     ] GC(1107) Concurrent Cleanup for Next Mark
[4157.580s][info][gc,marking     ] GC(1107) Concurrent Cleanup for Next Mark 9.156ms
[4157.580s][info][gc             ] GC(1107) Concurrent Mark Cycle 1159.570ms
..[4158.910s][info][gc,start       ] GC(1108) Pause Young (Prepare Mixed) (G1 Evacuation Pause)
[4158.910s][info][gc,task        ] GC(1108) Using 6 workers of 6 for evacuation
[4159.028s][info][gc,phases      ] GC(1108)   Pre Evacuate Collection Set: 0.31ms
[4159.028s][info][gc,phases      ] GC(1108)   Merge Heap Roots: 0.55ms
[4159.028s][info][gc,phases      ] GC(1108)   Evacuate Collection Set: 116.07ms
[4159.028s][info][gc,phases      ] GC(1108)   Post Evacuate Collection Set: 0.95ms
[4159.028s][info][gc,phases      ] GC(1108)   Other: 0.09ms
[4159.028s][info][gc,heap        ] GC(1108) Eden regions: 1121->0(1107)
[4159.028s][info][gc,heap        ] GC(1108) Survivor regions: 107->110(154)
[4159.028s][info][gc,heap        ] GC(1108) Old regions: 506->538
[4159.028s][info][gc,heap        ] GC(1108) Humongous regions: 80->80
[4159.028s][info][gc,metaspace   ] GC(1108) Metaspace: 28908K(29312K)->28908K(29312K) NonClass: 24040K(24256K)->24040K(24256K) Class: 4868K(5056K)->4868K(5056K)
[4159.028s][info][gc             ] GC(1108) Pause Young (Prepare Mixed) (G1 Evacuation Pause) 3625M->1455M(4096M) 118.125ms
[4159.028s][info][gc,cpu         ] GC(1108) User=0.70s Sys=0.00s Real=0.12s
..[4161.342s][info][gc,start       ] GC(1109) Pause Young (Mixed) (G1 Evacuation Pause)
[4161.342s][info][gc,task        ] GC(1109) Using 6 workers of 6 for evacuation
[4161.476s][info][gc,phases      ] GC(1109)   Pre Evacuate Collection Set: 0.35ms
[4161.476s][info][gc,phases      ] GC(1109)   Merge Heap Roots: 0.71ms
[4161.476s][info][gc,phases      ] GC(1109)   Evacuate Collection Set: 132.05ms
[4161.476s][info][gc,phases      ] GC(1109)   Post Evacuate Collection Set: 0.92ms
[4161.476s][info][gc,phases      ] GC(1109)   Other: 0.09ms
[4161.476s][info][gc,heap        ] GC(1109) Eden regions: 1107->0(1120)
[4161.476s][info][gc,heap        ] GC(1109) Survivor regions: 110->108(153)
[4161.476s][info][gc,heap        ] GC(1109) Old regions: 538->474
[4161.477s][info][gc,heap        ] GC(1109) Humongous regions: 80->80
[4161.477s][info][gc,metaspace   ] GC(1109) Metaspace: 28908K(29312K)->28908K(29312K) NonClass: 24040K(24256K)->24040K(24256K) Class: 4868K(5056K)->4868K(5056K)
[4161.477s][info][gc             ] GC(1109) Pause Young (Mixed) (G1 Evacuation Pause) 3669M->1322M(4096M) 134.277ms
[4161.477s][info][gc,cpu         ] GC(1109) User=0.80s Sys=0.00s Real=0.13s
...[4163.921s][info][gc,start       ] GC(1110) Pause Young (Concurrent Start) (G1 Evacuation Pause)
[4163.921s][info][gc,task        ] GC(1110) Using 6 workers of 6 for evacuation
[4164.039s][info][gc,phases      ] GC(1110)   Pre Evacuate Collection Set: 0.35ms
[4164.039s][info][gc,phases      ] GC(1110)   Merge Heap Roots: 0.46ms
[4164.039s][info][gc,phases      ] GC(1110)   Evacuate Collection Set: 116.30ms
[4164.039s][info][gc,phases      ] GC(1110)   Post Evacuate Collection Set: 0.87ms
[4164.039s][info][gc,phases      ] GC(1110)   Other: 0.11ms
[4164.039s][info][gc,heap        ] GC(1110) Eden regions: 1120->0(1118)
[4164.039s][info][gc,heap        ] GC(1110) Survivor regions: 108->110(154)
[4164.039s][info][gc,heap        ] GC(1110) Old regions: 474->506
[4164.039s][info][gc,heap        ] GC(1110) Humongous regions: 80->80
[4164.039s][info][gc,metaspace   ] GC(1110) Metaspace: 28908K(29312K)->28908K(29312K) NonClass: 24040K(24256K)->24040K(24256K) Class: 4868K(5056K)->4868K(5056K)
[4164.039s][info][gc             ] GC(1110) Pause Young (Concurrent Start) (G1 Evacuation Pause) 3562M->1390M(4096M) 118.235ms
[4164.039s][info][gc             ] GC(1111) Concurrent Mark Cycle
[4164.039s][info][gc,marking     ] GC(1111) Concurrent Scan Root Regions
[4164.039s][info][gc,cpu         ] GC(1110) User=0.70s Sys=0.00s Real=0.12s
[4164.255s][info][gc,marking     ] GC(1111) Concurrent Scan Root Regions 215.802ms
[4164.255s][info][gc,marking     ] GC(1111) Concurrent Mark
[4164.255s][info][gc,marking     ] GC(1111) Concurrent Mark From Roots
[4164.255s][info][gc,task        ] GC(1111) Using 2 workers of 2 for marking
.[4165.202s][info][gc,marking     ] GC(1111) Concurrent Mark From Roots 947.183ms
[4165.202s][info][gc,marking     ] GC(1111) Concurrent Preclean
[4165.202s][info][gc,marking     ] GC(1111) Concurrent Preclean 0.113ms
[4165.202s][info][gc,start       ] GC(1111) Pause Remark
[4165.208s][info][gc             ] GC(1111) Pause Remark 2451M->2451M(4096M) 6.010ms
[4165.209s][info][gc,cpu         ] GC(1111) User=0.03s Sys=0.00s Real=0.00s
[4165.211s][info][gc,marking     ] GC(1111) Concurrent Mark 956.026ms
[4165.211s][info][gc,marking     ] GC(1111) Concurrent Rebuild Remembered Sets and Scrub Regions
[4165.566s][info][gc,marking     ] GC(1111) Concurrent Rebuild Remembered Sets and Scrub Regions 355.382ms
[4165.567s][info][gc,start       ] GC(1111) Pause Cleanup
[4165.568s][info][gc             ] GC(1111) Pause Cleanup 2816M->2816M(4096M) 0.129ms
[4165.568s][info][gc,cpu         ] GC(1111) User=0.00s Sys=0.00s Real=0.00s
[4165.568s][info][gc,marking     ] GC(1111) Concurrent Clear Claimed Marks
[4165.568s][info][gc,marking     ] GC(1111) Concurrent Clear Claimed Marks 0.030ms
[4165.568s][info][gc,marking     ] GC(1111) Concurrent Cleanup for Next Mark
[4165.580s][info][gc,marking     ] GC(1111) Concurrent Cleanup for Next Mark 12.552ms
[4165.580s][info][gc             ] GC(1111) Concurrent Mark Cycle 1541.362ms
.[4166.445s][info][gc,start       ] GC(1112) Pause Young (Prepare Mixed) (G1 Evacuation Pause)
[4166.445s][info][gc,task        ] GC(1112) Using 6 workers of 6 for evacuation
[4166.565s][info][gc,phases      ] GC(1112)   Pre Evacuate Collection Set: 0.31ms
[4166.565s][info][gc,phases      ] GC(1112)   Merge Heap Roots: 0.49ms
[4166.565s][info][gc,phases      ] GC(1112)   Evacuate Collection Set: 117.95ms
[4166.565s][info][gc,phases      ] GC(1112)   Post Evacuate Collection Set: 0.91ms
[4166.565s][info][gc,phases      ] GC(1112)   Other: 0.09ms
[4166.565s][info][gc,heap        ] GC(1112) Eden regions: 1118->0(1106)
[4166.565s][info][gc,heap        ] GC(1112) Survivor regions: 110->111(154)
[4166.565s][info][gc,heap        ] GC(1112) Old regions: 506->537
[4166.565s][info][gc,heap        ] GC(1112) Humongous regions: 80->80
[4166.565s][info][gc,metaspace   ] GC(1112) Metaspace: 28908K(29312K)->28908K(29312K) NonClass: 24040K(24256K)->24040K(24256K) Class: 4868K(5056K)->4868K(5056K)
[4166.565s][info][gc             ] GC(1112) Pause Young (Prepare Mixed) (G1 Evacuation Pause) 3626M->1454M(4096M) 119.891ms
[4166.565s][info][gc,cpu         ] GC(1112) User=0.71s Sys=0.00s Real=0.12s
...|[4168.888s][info][gc,start       ] GC(1113) Pause Young (Mixed) (G1 Evacuation Pause)
[4168.888s][info][gc,task        ] GC(1113) Using 6 workers of 6 for evacuation
[4169.023s][info][gc,phases      ] GC(1113)   Pre Evacuate Collection Set: 0.40ms
[4169.023s][info][gc,phases      ] GC(1113)   Merge Heap Roots: 0.67ms
[4169.023s][info][gc,phases      ] GC(1113)   Evacuate Collection Set: 133.37ms
[4169.023s][info][gc,phases      ] GC(1113)   Post Evacuate Collection Set: 0.95ms
[4169.023s][info][gc,phases      ] GC(1113)   Other: 0.09ms
[4169.023s][info][gc,heap        ] GC(1113) Eden regions: 1106->0(1118)
[4169.023s][info][gc,heap        ] GC(1113) Survivor regions: 111->110(153)
[4169.023s][info][gc,heap        ] GC(1113) Old regions: 537->473
[4169.023s][info][gc,heap        ] GC(1113) Humongous regions: 80->80
[4169.023s][info][gc,metaspace   ] GC(1113) Metaspace: 28908K(29312K)->28908K(29312K) NonClass: 24040K(24256K)->24040K(24256K) Class: 4868K(5056K)->4868K(5056K)
[4169.023s][info][gc             ] GC(1113) Pause Young (Mixed) (G1 Evacuation Pause) 3666M->1323M(4096M) 135.622ms
[4169.023s][info][gc,cpu         ] GC(1113) User=0.81s Sys=0.00s Real=0.14s
..[4171.391s][info][gc,start       ] GC(1114) Pause Young (Concurrent Start) (G1 Evacuation Pause)
[4171.391s][info][gc,task        ] GC(1114) Using 6 workers of 6 for evacuation
[4171.516s][info][gc,phases      ] GC(1114)   Pre Evacuate Collection Set: 0.38ms
[4171.516s][info][gc,phases      ] GC(1114)   Merge Heap Roots: 0.45ms
[4171.516s][info][gc,phases      ] GC(1114)   Evacuate Collection Set: 122.56ms
[4171.516s][info][gc,phases      ] GC(1114)   Post Evacuate Collection Set: 0.86ms
[4171.516s][info][gc,phases      ] GC(1114)   Other: 0.13ms
[4171.516s][info][gc,heap        ] GC(1114) Eden regions: 1118->0(1113)
[4171.516s][info][gc,heap        ] GC(1114) Survivor regions: 110->115(154)
[4171.516s][info][gc,heap        ] GC(1114) Old regions: 473->505
[4171.516s][info][gc,heap        ] GC(1114) Humongous regions: 80->80
[4171.516s][info][gc,metaspace   ] GC(1114) Metaspace: 28908K(29312K)->28908K(29312K) NonClass: 24040K(24256K)->24040K(24256K) Class: 4868K(5056K)->4868K(5056K)
[4171.516s][info][gc             ] GC(1114) Pause Young (Concurrent Start) (G1 Evacuation Pause) 3559M->1398M(4096M) 124.530ms
[4171.516s][info][gc             ] GC(1115) Concurrent Mark Cycle
[4171.516s][info][gc,marking     ] GC(1115) Concurrent Scan Root Regions
[4171.516s][info][gc,cpu         ] GC(1114) User=0.74s Sys=0.01s Real=0.13s
[4171.708s][info][gc,marking     ] GC(1115) Concurrent Scan Root Regions 192.752ms
[4171.708s][info][gc,marking     ] GC(1115) Concurrent Mark
[4171.708s][info][gc,marking     ] GC(1115) Concurrent Mark From Roots
[4171.708s][info][gc,task        ] GC(1115) Using 2 workers of 2 for marking
.[4172.553s][info][gc,marking     ] GC(1115) Concurrent Mark From Roots 844.833ms
[4172.553s][info][gc,marking     ] GC(1115) Concurrent Preclean
[4172.553s][info][gc,marking     ] GC(1115) Concurrent Preclean 0.082ms
[4172.555s][info][gc,start       ] GC(1115) Pause Remark
[4172.561s][info][gc             ] GC(1115) Pause Remark 2352M->2352M(4096M) 5.933ms
[4172.561s][info][gc,cpu         ] GC(1115) User=0.03s Sys=0.00s Real=0.01s
[4172.561s][info][gc,marking     ] GC(1115) Concurrent Mark 852.871ms
[4172.561s][info][gc,marking     ] GC(1115) Concurrent Rebuild Remembered Sets and Scrub Regions
[4172.853s][info][gc,marking     ] GC(1115) Concurrent Rebuild Remembered Sets and Scrub Regions 292.083ms
[4172.854s][info][gc,start       ] GC(1115) Pause Cleanup
[4172.854s][info][gc             ] GC(1115) Pause Cleanup 2596M->2596M(4096M) 0.110ms
[4172.854s][info][gc,cpu         ] GC(1115) User=0.00s Sys=0.00s Real=0.00s
[4172.854s][info][gc,marking     ] GC(1115) Concurrent Clear Claimed Marks
[4172.854s][info][gc,marking     ] GC(1115) Concurrent Clear Claimed Marks 0.034ms
[4172.854s][info][gc,marking     ] GC(1115) Concurrent Cleanup for Next Mark
[4172.857s][info][gc,marking     ] GC(1115) Concurrent Cleanup for Next Mark 3.585ms
[4172.857s][info][gc             ] GC(1115) Concurrent Mark Cycle 1341.760ms
.[4173.882s][info][gc,start       ] GC(1116) Pause Young (Prepare Mixed) (G1 Evacuation Pause)
[4173.882s][info][gc,task        ] GC(1116) Using 6 workers of 6 for evacuation
[4174.001s][info][gc,phases      ] GC(1116)   Pre Evacuate Collection Set: 0.33ms
[4174.001s][info][gc,phases      ] GC(1116)   Merge Heap Roots: 0.56ms
[4174.001s][info][gc,phases      ] GC(1116)   Evacuate Collection Set: 117.02ms
[4174.001s][info][gc,phases      ] GC(1116)   Post Evacuate Collection Set: 0.92ms
[4174.001s][info][gc,phases      ] GC(1116)   Other: 0.08ms
[4174.001s][info][gc,heap        ] GC(1116) Eden regions: 1113->0(1104)
[4174.001s][info][gc,heap        ] GC(1116) Survivor regions: 115->112(154)
[4174.001s][info][gc,heap        ] GC(1116) Old regions: 505->537
[4174.001s][info][gc,heap        ] GC(1116) Humongous regions: 80->80
[4174.001s][info][gc,metaspace   ] GC(1116) Metaspace: 28908K(29312K)->28908K(29312K) NonClass: 24040K(24256K)->24040K(24256K) Class: 4868K(5056K)->4868K(5056K)
[4174.001s][info][gc             ] GC(1116) Pause Young (Prepare Mixed) (G1 Evacuation Pause) 3624M->1456M(4096M) 119.053ms
[4174.001s][info][gc,cpu         ] GC(1116) User=0.71s Sys=0.00s Real=0.11s
...[4176.384s][info][gc,start       ] GC(1117) Pause Young (Mixed) (G1 Evacuation Pause)
[4176.384s][info][gc,task        ] GC(1117) Using 6 workers of 6 for evacuation
[4176.520s][info][gc,phases      ] GC(1117)   Pre Evacuate Collection Set: 0.34ms
[4176.520s][info][gc,phases      ] GC(1117)   Merge Heap Roots: 0.69ms
[4176.520s][info][gc,phases      ] GC(1117)   Evacuate Collection Set: 134.12ms
[4176.520s][info][gc,phases      ] GC(1117)   Post Evacuate Collection Set: 0.91ms
[4176.520s][info][gc,phases      ] GC(1117)   Other: 0.08ms
[4176.520s][info][gc,heap        ] GC(1117) Eden regions: 1104->0(1118)
[4176.520s][info][gc,heap        ] GC(1117) Survivor regions: 112->110(152)
[4176.520s][info][gc,heap        ] GC(1117) Old regions: 537->474
[4176.520s][info][gc,heap        ] GC(1117) Humongous regions: 80->80
[4176.520s][info][gc,metaspace   ] GC(1117) Metaspace: 28908K(29312K)->28908K(29312K) NonClass: 24040K(24256K)->24040K(24256K) Class: 4868K(5056K)->4868K(5056K)
[4176.520s][info][gc             ] GC(1117) Pause Young (Mixed) (G1 Evacuation Pause) 3664M->1327M(4096M) 136.266ms
[4176.520s][info][gc,cpu         ] GC(1117) User=0.81s Sys=0.00s Real=0.13s
..[4178.944s][info][gc,start       ] GC(1118) Pause Young (Concurrent Start) (G1 Evacuation Pause)
[4178.944s][info][gc,task        ] GC(1118) Using 6 workers of 6 for evacuation
[4179.067s][info][gc,phases      ] GC(1118)   Pre Evacuate Collection Set: 0.35ms
[4179.067s][info][gc,phases      ] GC(1118)   Merge Heap Roots: 0.53ms
[4179.067s][info][gc,phases      ] GC(1118)   Evacuate Collection Set: 120.32ms
[4179.067s][info][gc,phases      ] GC(1118)   Post Evacuate Collection Set: 0.94ms
[4179.067s][info][gc,phases      ] GC(1118)   Other: 0.10ms
[4179.067s][info][gc,heap        ] GC(1118) Eden regions: 1118->0(1114)
[4179.067s][info][gc,heap        ] GC(1118) Survivor regions: 110->114(154)
[4179.067s][info][gc,heap        ] GC(1118) Old regions: 474->506
[4179.067s][info][gc,heap        ] GC(1118) Humongous regions: 80->80
[4179.067s][info][gc,metaspace   ] GC(1118) Metaspace: 28908K(29312K)->28908K(29312K) NonClass: 24040K(24256K)->24040K(24256K) Class: 4868K(5056K)->4868K(5056K)
[4179.067s][info][gc             ] GC(1118) Pause Young (Concurrent Start) (G1 Evacuation Pause) 3563M->1398M(4096M) 122.379ms
[4179.067s][info][gc             ] GC(1119) Concurrent Mark Cycle
[4179.067s][info][gc,marking     ] GC(1119) Concurrent Scan Root Regions
[4179.067s][info][gc,cpu         ] GC(1118) User=0.73s Sys=0.00s Real=0.12s
.[4179.268s][info][gc,marking     ] GC(1119) Concurrent Scan Root Regions 201.522ms
[4179.268s][info][gc,marking     ] GC(1119) Concurrent Mark
[4179.268s][info][gc,marking     ] GC(1119) Concurrent Mark From Roots
[4179.268s][info][gc,task        ] GC(1119) Using 2 workers of 2 for marking
[4180.231s][info][gc,marking     ] GC(1119) Concurrent Mark From Roots 962.780ms
[4180.231s][info][gc,marking     ] GC(1119) Concurrent Preclean
[4180.231s][info][gc,marking     ] GC(1119) Concurrent Preclean 0.088ms
[4180.235s][info][gc,start       ] GC(1119) Pause Remark
[4180.242s][info][gc             ] GC(1119) Pause Remark 2490M->2490M(4096M) 6.506ms
[4180.242s][info][gc,cpu         ] GC(1119) User=0.03s Sys=0.00s Real=0.01s
[4180.243s][info][gc,marking     ] GC(1119) Concurrent Mark 974.419ms
[4180.243s][info][gc,marking     ] GC(1119) Concurrent Rebuild Remembered Sets and Scrub Regions
.[4180.545s][info][gc,marking     ] GC(1119) Concurrent Rebuild Remembered Sets and Scrub Regions 302.539ms
[4180.546s][info][gc,start       ] GC(1119) Pause Cleanup
[4180.546s][info][gc             ] GC(1119) Pause Cleanup 2775M->2775M(4096M) 0.124ms
[4180.546s][info][gc,cpu         ] GC(1119) User=0.00s Sys=0.00s Real=0.00s
[4180.546s][info][gc,marking     ] GC(1119) Concurrent Clear Claimed Marks
[4180.546s][info][gc,marking     ] GC(1119) Concurrent Clear Claimed Marks 0.029ms
[4180.546s][info][gc,marking     ] GC(1119) Concurrent Cleanup for Next Mark
[4180.553s][info][gc,marking     ] GC(1119) Concurrent Cleanup for Next Mark 6.853ms
[4180.553s][info][gc             ] GC(1119) Concurrent Mark Cycle 1485.994ms
.[4181.425s][info][gc,start       ] GC(1120) Pause Young (Prepare Mixed) (G1 Evacuation Pause)
[4181.425s][info][gc,task        ] GC(1120) Using 6 workers of 6 for evacuation
[4181.544s][info][gc,phases      ] GC(1120)   Pre Evacuate Collection Set: 0.33ms
[4181.544s][info][gc,phases      ] GC(1120)   Merge Heap Roots: 0.49ms
[4181.544s][info][gc,phases      ] GC(1120)   Evacuate Collection Set: 117.07ms
[4181.544s][info][gc,phases      ] GC(1120)   Post Evacuate Collection Set: 0.91ms
[4181.544s][info][gc,phases      ] GC(1120)   Other: 0.09ms
[4181.544s][info][gc,heap        ] GC(1120) Eden regions: 1114->0(1103)
[4181.544s][info][gc,heap        ] GC(1120) Survivor regions: 114->112(154)
[4181.544s][info][gc,heap        ] GC(1120) Old regions: 506->538
[4181.544s][info][gc,heap        ] GC(1120) Humongous regions: 80->80
[4181.544s][info][gc,metaspace   ] GC(1120) Metaspace: 28908K(29312K)->28908K(29312K) NonClass: 24040K(24256K)->24040K(24256K) Class: 4868K(5056K)->4868K(5056K)
[4181.544s][info][gc             ] GC(1120) Pause Young (Prepare Mixed) (G1 Evacuation Pause) 3626M->1458M(4096M) 119.018ms
[4181.544s][info][gc,cpu         ] GC(1120) User=0.71s Sys=0.00s Real=0.12s
..[4183.971s][info][gc,start       ] GC(1121) Pause Young (Mixed) (G1 Evacuation Pause)
[4183.971s][info][gc,task        ] GC(1121) Using 6 workers of 6 for evacuation
[4184.109s][info][gc,phases      ] GC(1121)   Pre Evacuate Collection Set: 0.36ms
[4184.109s][info][gc,phases      ] GC(1121)   Merge Heap Roots: 0.76ms
[4184.109s][info][gc,phases      ] GC(1121)   Evacuate Collection Set: 135.89ms
[4184.109s][info][gc,phases      ] GC(1121)   Post Evacuate Collection Set: 0.94ms
[4184.109s][info][gc,phases      ] GC(1121)   Other: 0.09ms
[4184.109s][info][gc,heap        ] GC(1121) Eden regions: 1103->0(1118)
[4184.109s][info][gc,heap        ] GC(1121) Survivor regions: 112->110(152)
[4184.109s][info][gc,heap        ] GC(1121) Old regions: 538->473
[4184.109s][info][gc,heap        ] GC(1121) Humongous regions: 80->80
[4184.109s][info][gc,metaspace   ] GC(1121) Metaspace: 28908K(29312K)->28908K(29312K) NonClass: 24040K(24256K)->24040K(24256K) Class: 4868K(5056K)->4868K(5056K)
[4184.109s][info][gc             ] GC(1121) Pause Young (Mixed) (G1 Evacuation Pause) 3664M->1323M(4096M) 138.171ms
[4184.109s][info][gc,cpu         ] GC(1121) User=0.82s Sys=0.00s Real=0.14s
...[4186.460s][info][gc,start       ] GC(1122) Pause Young (Concurrent Start) (G1 Evacuation Pause)
[4186.460s][info][gc,task        ] GC(1122) Using 6 workers of 6 for evacuation
[4186.579s][info][gc,phases      ] GC(1122)   Pre Evacuate Collection Set: 0.36ms
[4186.580s][info][gc,phases      ] GC(1122)   Merge Heap Roots: 0.50ms
[4186.580s][info][gc,phases      ] GC(1122)   Evacuate Collection Set: 117.42ms
[4186.580s][info][gc,phases      ] GC(1122)   Post Evacuate Collection Set: 0.85ms
[4186.580s][info][gc,phases      ] GC(1122)   Other: 0.12ms
[4186.580s][info][gc,heap        ] GC(1122) Eden regions: 1118->0(1118)
[4186.580s][info][gc,heap        ] GC(1122) Survivor regions: 110->110(154)
[4186.580s][info][gc,heap        ] GC(1122) Old regions: 473->504
[4186.580s][info][gc,heap        ] GC(1122) Humongous regions: 80->80
[4186.580s][info][gc,metaspace   ] GC(1122) Metaspace: 28908K(29312K)->28908K(29312K) NonClass: 24040K(24256K)->24040K(24256K) Class: 4868K(5056K)->4868K(5056K)
[4186.580s][info][gc             ] GC(1122) Pause Young (Concurrent Start) (G1 Evacuation Pause) 3559M->1386M(4096M) 119.402ms
[4186.580s][info][gc             ] GC(1123) Concurrent Mark Cycle
[4186.580s][info][gc,marking     ] GC(1123) Concurrent Scan Root Regions
[4186.580s][info][gc,cpu         ] GC(1122) User=0.71s Sys=0.00s Real=0.12s
[4186.737s][info][gc,marking     ] GC(1123) Concurrent Scan Root Regions 157.304ms
[4186.737s][info][gc,marking     ] GC(1123) Concurrent Mark
[4186.737s][info][gc,marking     ] GC(1123) Concurrent Mark From Roots
[4186.737s][info][gc,task        ] GC(1123) Using 2 workers of 2 for marking
.[4187.442s][info][gc,marking     ] GC(1123) Concurrent Mark From Roots 704.614ms
[4187.442s][info][gc,marking     ] GC(1123) Concurrent Preclean
[4187.442s][info][gc,marking     ] GC(1123) Concurrent Preclean 0.100ms
[4187.442s][info][gc,start       ] GC(1123) Pause Remark
[4187.449s][info][gc             ] GC(1123) Pause Remark 2124M->2124M(4096M) 6.520ms
[4187.449s][info][gc,cpu         ] GC(1123) User=0.04s Sys=0.00s Real=0.00s
[4187.450s][info][gc,marking     ] GC(1123) Concurrent Mark 712.903ms
[4187.450s][info][gc,marking     ] GC(1123) Concurrent Rebuild Remembered Sets and Scrub Regions
[4187.767s][info][gc,marking     ] GC(1123) Concurrent Rebuild Remembered Sets and Scrub Regions 316.913ms
[4187.767s][info][gc,start       ] GC(1123) Pause Cleanup
[4187.768s][info][gc             ] GC(1123) Pause Cleanup 2390M->2390M(4096M) 0.117ms
[4187.768s][info][gc,cpu         ] GC(1123) User=0.00s Sys=0.00s Real=0.00s
[4187.768s][info][gc,marking     ] GC(1123) Concurrent Clear Claimed Marks
[4187.768s][info][gc,marking     ] GC(1123) Concurrent Clear Claimed Marks 0.031ms
[4187.768s][info][gc,marking     ] GC(1123) Concurrent Cleanup for Next Mark
[4187.851s][info][gc,marking     ] GC(1123) Concurrent Cleanup for Next Mark 82.829ms
[4187.851s][info][gc             ] GC(1123) Concurrent Mark Cycle 1271.091ms
.[4189.004s][info][gc,start       ] GC(1124) Pause Young (Prepare Mixed) (G1 Evacuation Pause)
[4189.004s][info][gc,task        ] GC(1124) Using 6 workers of 6 for evacuation
[4189.127s][info][gc,phases      ] GC(1124)   Pre Evacuate Collection Set: 0.32ms
[4189.127s][info][gc,phases      ] GC(1124)   Merge Heap Roots: 0.49ms
[4189.127s][info][gc,phases      ] GC(1124)   Evacuate Collection Set: 121.30ms
[4189.127s][info][gc,phases      ] GC(1124)   Post Evacuate Collection Set: 0.89ms
[4189.127s][info][gc,phases      ] GC(1124)   Other: 0.09ms
[4189.127s][info][gc,heap        ] GC(1124) Eden regions: 1118->0(1098)
[4189.127s][info][gc,heap        ] GC(1124) Survivor regions: 110->115(154)
[4189.127s][info][gc,heap        ] GC(1124) Old regions: 504->537
[4189.127s][info][gc,heap        ] GC(1124) Humongous regions: 80->80
[4189.127s][info][gc,metaspace   ] GC(1124) Metaspace: 28908K(29312K)->28908K(29312K) NonClass: 24040K(24256K)->24040K(24256K) Class: 4868K(5056K)->4868K(5056K)
[4189.127s][info][gc             ] GC(1124) Pause Young (Prepare Mixed) (G1 Evacuation Pause) 3622M->1461M(4096M) 123.214ms
[4189.127s][info][gc,cpu         ] GC(1124) User=0.73s Sys=0.00s Real=0.12s
...[4191.546s][info][gc,start       ] GC(1125) Pause Young (Mixed) (G1 Evacuation Pause)
[4191.546s][info][gc,task        ] GC(1125) Using 6 workers of 6 for evacuation
[4191.676s][info][gc,phases      ] GC(1125)   Pre Evacuate Collection Set: 0.33ms
[4191.676s][info][gc,phases      ] GC(1125)   Merge Heap Roots: 0.59ms
[4191.676s][info][gc,phases      ] GC(1125)   Evacuate Collection Set: 128.84ms
[4191.676s][info][gc,phases      ] GC(1125)   Post Evacuate Collection Set: 0.94ms
[4191.676s][info][gc,phases      ] GC(1125)   Other: 0.08ms
[4191.676s][info][gc,heap        ] GC(1125) Eden regions: 1098->0(1119)
[4191.676s][info][gc,heap        ] GC(1125) Survivor regions: 115->109(152)
[4191.676s][info][gc,heap        ] GC(1125) Old regions: 537->475
[4191.676s][info][gc,heap        ] GC(1125) Humongous regions: 80->80
[4191.676s][info][gc,metaspace   ] GC(1125) Metaspace: 28909K(29312K)->28909K(29312K) NonClass: 24041K(24256K)->24041K(24256K) Class: 4868K(5056K)->4868K(5056K)
[4191.676s][info][gc             ] GC(1125) Pause Young (Mixed) (G1 Evacuation Pause) 3657M->1326M(4096M) 130.918ms
[4191.676s][info][gc,cpu         ] GC(1125) User=0.78s Sys=0.00s Real=0.13s
..[4194.055s][info][gc,start       ] GC(1126) Pause Young (Concurrent Start) (G1 Evacuation Pause)
[4194.055s][info][gc,task        ] GC(1126) Using 6 workers of 6 for evacuation
[4194.172s][info][gc,phases      ] GC(1126)   Pre Evacuate Collection Set: 0.35ms
[4194.172s][info][gc,phases      ] GC(1126)   Merge Heap Roots: 0.45ms
[4194.172s][info][gc,phases      ] GC(1126)   Evacuate Collection Set: 115.20ms
[4194.172s][info][gc,phases      ] GC(1126)   Post Evacuate Collection Set: 0.88ms
[4194.172s][info][gc,phases      ] GC(1126)   Other: 0.11ms
[4194.172s][info][gc,heap        ] GC(1126) Eden regions: 1119->0(1117)
[4194.172s][info][gc,heap        ] GC(1126) Survivor regions: 109->111(154)
[4194.172s][info][gc,heap        ] GC(1126) Old regions: 475->507
[4194.172s][info][gc,heap        ] GC(1126) Humongous regions: 80->80
[4194.172s][info][gc,metaspace   ] GC(1126) Metaspace: 28909K(29312K)->28909K(29312K) NonClass: 24041K(24256K)->24041K(24256K) Class: 4868K(5056K)->4868K(5056K)
[4194.172s][info][gc             ] GC(1126) Pause Young (Concurrent Start) (G1 Evacuation Pause) 3564M->1393M(4096M) 117.111ms
[4194.173s][info][gc             ] GC(1127) Concurrent Mark Cycle
[4194.173s][info][gc,marking     ] GC(1127) Concurrent Scan Root Regions
[4194.173s][info][gc,cpu         ] GC(1126) User=0.70s Sys=0.00s Real=0.12s
[4194.370s][info][gc,marking     ] GC(1127) Concurrent Scan Root Regions 197.219ms
[4194.370s][info][gc,marking     ] GC(1127) Concurrent Mark
[4194.370s][info][gc,marking     ] GC(1127) Concurrent Mark From Roots
[4194.370s][info][gc,task        ] GC(1127) Using 2 workers of 2 for marking
.[4195.318s][info][gc,marking     ] GC(1127) Concurrent Mark From Roots 948.081ms
[4195.318s][info][gc,marking     ] GC(1127) Concurrent Preclean
[4195.318s][info][gc,marking     ] GC(1127) Concurrent Preclean 0.117ms
[4195.320s][info][gc,start       ] GC(1127) Pause Remark
[4195.326s][info][gc             ] GC(1127) Pause Remark 2455M->2455M(4096M) 6.709ms
[4195.326s][info][gc,cpu         ] GC(1127) User=0.04s Sys=0.00s Real=0.01s
[4195.327s][info][gc,marking     ] GC(1127) Concurrent Mark 956.774ms
[4195.327s][info][gc,marking     ] GC(1127) Concurrent Rebuild Remembered Sets and Scrub Regions
.[4195.738s][info][gc,marking     ] GC(1127) Concurrent Rebuild Remembered Sets and Scrub Regions 411.099ms
[4195.740s][info][gc,start       ] GC(1127) Pause Cleanup
[4195.740s][info][gc             ] GC(1127) Pause Cleanup 2821M->2821M(4096M) 0.133ms
[4195.740s][info][gc,cpu         ] GC(1127) User=0.00s Sys=0.00s Real=0.00s
[4195.740s][info][gc,marking     ] GC(1127) Concurrent Clear Claimed Marks
[4195.740s][info][gc,marking     ] GC(1127) Concurrent Clear Claimed Marks 0.037ms
[4195.740s][info][gc,marking     ] GC(1127) Concurrent Cleanup for Next Mark
[4195.746s][info][gc,marking     ] GC(1127) Concurrent Cleanup for Next Mark 5.178ms
[4195.746s][info][gc             ] GC(1127) Concurrent Mark Cycle 1573.101ms
[4196.548s][info][gc,start       ] GC(1128) Pause Young (Prepare Mixed) (G1 Evacuation Pause)
[4196.548s][info][gc,task        ] GC(1128) Using 6 workers of 6 for evacuation
[4196.666s][info][gc,phases      ] GC(1128)   Pre Evacuate Collection Set: 0.33ms
[4196.666s][info][gc,phases      ] GC(1128)   Merge Heap Roots: 0.50ms
[4196.666s][info][gc,phases      ] GC(1128)   Evacuate Collection Set: 116.55ms
[4196.666s][info][gc,phases      ] GC(1128)   Post Evacuate Collection Set: 0.79ms
[4196.666s][info][gc,phases      ] GC(1128)   Other: 0.09ms
[4196.666s][info][gc,heap        ] GC(1128) Eden regions: 1117->0(1105)
[4196.666s][info][gc,heap        ] GC(1128) Survivor regions: 111->111(154)
[4196.666s][info][gc,heap        ] GC(1128) Old regions: 507->538
[4196.666s][info][gc,heap        ] GC(1128) Humongous regions: 80->80
[4196.666s][info][gc,metaspace   ] GC(1128) Metaspace: 28909K(29312K)->28909K(29312K) NonClass: 24041K(24256K)->24041K(24256K) Class: 4868K(5056K)->4868K(5056K)
[4196.666s][info][gc             ] GC(1128) Pause Young (Prepare Mixed) (G1 Evacuation Pause) 3627M->1457M(4096M) 118.404ms
[4196.666s][info][gc,cpu         ] GC(1128) User=0.71s Sys=0.00s Real=0.12s
...[4199.089s][info][gc,start       ] GC(1129) Pause Young (Mixed) (G1 Evacuation Pause)
[4199.089s][info][gc,task        ] GC(1129) Using 6 workers of 6 for evacuation
[4199.227s][info][gc,phases      ] GC(1129)   Pre Evacuate Collection Set: 0.35ms
[4199.227s][info][gc,phases      ] GC(1129)   Merge Heap Roots: 0.65ms
[4199.228s][info][gc,phases      ] GC(1129)   Evacuate Collection Set: 136.71ms
[4199.228s][info][gc,phases      ] GC(1129)   Post Evacuate Collection Set: 0.93ms
[4199.228s][info][gc,phases      ] GC(1129)   Other: 0.08ms
[4199.228s][info][gc,heap        ] GC(1129) Eden regions: 1105->0(1114)
[4199.228s][info][gc,heap        ] GC(1129) Survivor regions: 111->114(152)
[4199.228s][info][gc,heap        ] GC(1129) Old regions: 538->473
[4199.228s][info][gc,heap        ] GC(1129) Humongous regions: 80->80
[4199.228s][info][gc,metaspace   ] GC(1129) Metaspace: 28909K(29312K)->28909K(29312K) NonClass: 24041K(24256K)->24041K(24256K) Class: 4868K(5056K)->4868K(5056K)
[4199.228s][info][gc             ] GC(1129) Pause Young (Mixed) (G1 Evacuation Pause) 3667M->1331M(4096M) 138.849ms
[4199.228s][info][gc,cpu         ] GC(1129) User=0.83s Sys=0.00s Real=0.14s
..[4201.623s][info][gc,start       ] GC(1130) Pause Young (Concurrent Start) (G1 Evacuation Pause)
[4201.623s][info][gc,task        ] GC(1130) Using 6 workers of 6 for evacuation
[4201.741s][info][gc,phases      ] GC(1130)   Pre Evacuate Collection Set: 0.33ms
[4201.741s][info][gc,phases      ] GC(1130)   Merge Heap Roots: 0.44ms
[4201.741s][info][gc,phases      ] GC(1130)   Evacuate Collection Set: 115.78ms
[4201.741s][info][gc,phases      ] GC(1130)   Post Evacuate Collection Set: 0.93ms
[4201.741s][info][gc,phases      ] GC(1130)   Other: 0.11ms
[4201.741s][info][gc,heap        ] GC(1130) Eden regions: 1114->0(1116)
[4201.741s][info][gc,heap        ] GC(1130) Survivor regions: 114->112(154)
[4201.741s][info][gc,heap        ] GC(1130) Old regions: 473->504
[4201.741s][info][gc,heap        ] GC(1130) Humongous regions: 80->80
[4201.741s][info][gc,metaspace   ] GC(1130) Metaspace: 28909K(29312K)->28909K(29312K) NonClass: 24041K(24256K)->24041K(24256K) Class: 4868K(5056K)->4868K(5056K)
[4201.741s][info][gc             ] GC(1130) Pause Young (Concurrent Start) (G1 Evacuation Pause) 3559M->1390M(4096M) 117.749ms
[4201.741s][info][gc             ] GC(1131) Concurrent Mark Cycle
[4201.741s][info][gc,marking     ] GC(1131) Concurrent Scan Root Regions
[4201.741s][info][gc,cpu         ] GC(1130) User=0.70s Sys=0.00s Real=0.11s
.[4201.927s][info][gc,marking     ] GC(1131) Concurrent Scan Root Regions 186.357ms
[4201.927s][info][gc,marking     ] GC(1131) Concurrent Mark
[4201.927s][info][gc,marking     ] GC(1131) Concurrent Mark From Roots
[4201.927s][info][gc,task        ] GC(1131) Using 2 workers of 2 for marking
.[4202.887s][info][gc,marking     ] GC(1131) Concurrent Mark From Roots 960.101ms
[4202.887s][info][gc,marking     ] GC(1131) Concurrent Preclean
[4202.888s][info][gc,marking     ] GC(1131) Concurrent Preclean 0.127ms
[4202.891s][info][gc,start       ] GC(1131) Pause Remark
[4202.898s][info][gc             ] GC(1131) Pause Remark 2464M->2464M(4096M) 7.369ms
[4202.898s][info][gc,cpu         ] GC(1131) User=0.04s Sys=0.00s Real=0.01s
[4202.898s][info][gc,marking     ] GC(1131) Concurrent Mark 970.769ms
[4202.898s][info][gc,marking     ] GC(1131) Concurrent Rebuild Remembered Sets and Scrub Regions
[4203.179s][info][gc,marking     ] GC(1131) Concurrent Rebuild Remembered Sets and Scrub Regions 281.206ms
[4203.182s][info][gc,start       ] GC(1131) Pause Cleanup
[4203.183s][info][gc             ] GC(1131) Pause Cleanup 2746M->2746M(4096M) 0.142ms
[4203.183s][info][gc,cpu         ] GC(1131) User=0.00s Sys=0.00s Real=0.00s
[4203.183s][info][gc,marking     ] GC(1131) Concurrent Clear Claimed Marks
[4203.183s][info][gc,marking     ] GC(1131) Concurrent Clear Claimed Marks 0.041ms
[4203.183s][info][gc,marking     ] GC(1131) Concurrent Cleanup for Next Mark
[4203.191s][info][gc,marking     ] GC(1131) Concurrent Cleanup for Next Mark 8.352ms
[4203.191s][info][gc             ] GC(1131) Concurrent Mark Cycle 1450.486ms
.[4204.109s][info][gc,start       ] GC(1132) Pause Young (Prepare Mixed) (G1 Evacuation Pause)
[4204.109s][info][gc,task        ] GC(1132) Using 6 workers of 6 for evacuation
[4204.226s][info][gc,phases      ] GC(1132)   Pre Evacuate Collection Set: 0.34ms
[4204.227s][info][gc,phases      ] GC(1132)   Merge Heap Roots: 0.55ms
[4204.227s][info][gc,phases      ] GC(1132)   Evacuate Collection Set: 115.71ms
[4204.227s][info][gc,phases      ] GC(1132)   Post Evacuate Collection Set: 0.91ms
[4204.227s][info][gc,phases      ] GC(1132)   Other: 0.09ms
[4204.227s][info][gc,heap        ] GC(1132) Eden regions: 1116->0(1109)
[4204.227s][info][gc,heap        ] GC(1132) Survivor regions: 112->110(154)
[4204.227s][info][gc,heap        ] GC(1132) Old regions: 504->536
[4204.227s][info][gc,heap        ] GC(1132) Humongous regions: 80->80
[4204.227s][info][gc,metaspace   ] GC(1132) Metaspace: 28909K(29312K)->28909K(29312K) NonClass: 24041K(24256K)->24041K(24256K) Class: 4868K(5056K)->4868K(5056K)
[4204.227s][info][gc             ] GC(1132) Pause Young (Prepare Mixed) (G1 Evacuation Pause) 3622M->1451M(4096M) 117.734ms
[4204.227s][info][gc,cpu         ] GC(1132) User=0.71s Sys=0.00s Real=0.12s
..[4206.655s][info][gc,start       ] GC(1133) Pause Young (Mixed) (G1 Evacuation Pause)
[4206.655s][info][gc,task        ] GC(1133) Using 6 workers of 6 for evacuation
[4206.795s][info][gc,phases      ] GC(1133)   Pre Evacuate Collection Set: 0.38ms
[4206.795s][info][gc,phases      ] GC(1133)   Merge Heap Roots: 0.83ms
[4206.795s][info][gc,phases      ] GC(1133)   Evacuate Collection Set: 137.89ms
[4206.795s][info][gc,phases      ] GC(1133)   Post Evacuate Collection Set: 0.91ms
[4206.795s][info][gc,phases      ] GC(1133)   Other: 0.10ms
[4206.795s][info][gc,heap        ] GC(1133) Eden regions: 1109->0(1115)
[4206.795s][info][gc,heap        ] GC(1133) Survivor regions: 110->113(153)
[4206.795s][info][gc,heap        ] GC(1133) Old regions: 536->474
[4206.795s][info][gc,heap        ] GC(1133) Humongous regions: 80->80
[4206.795s][info][gc,metaspace   ] GC(1133) Metaspace: 28909K(29312K)->28909K(29312K) NonClass: 24041K(24256K)->24041K(24256K) Class: 4868K(5056K)->4868K(5056K)
[4206.795s][info][gc             ] GC(1133) Pause Young (Mixed) (G1 Evacuation Pause) 3669M->1332M(4096M) 140.252ms
[4206.795s][info][gc,cpu         ] GC(1133) User=0.83s Sys=0.00s Real=0.14s
...[4209.120s][info][gc,start       ] GC(1134) Pause Young (Concurrent Start) (G1 Evacuation Pause)
[4209.120s][info][gc,task        ] GC(1134) Using 6 workers of 6 for evacuation
[4209.243s][info][gc,phases      ] GC(1134)   Pre Evacuate Collection Set: 0.38ms
[4209.243s][info][gc,phases      ] GC(1134)   Merge Heap Roots: 0.53ms
[4209.243s][info][gc,phases      ] GC(1134)   Evacuate Collection Set: 120.38ms
[4209.243s][info][gc,phases      ] GC(1134)   Post Evacuate Collection Set: 0.87ms
[4209.243s][info][gc,phases      ] GC(1134)   Other: 0.13ms
[4209.243s][info][gc,heap        ] GC(1134) Eden regions: 1115->0(1113)
[4209.243s][info][gc,heap        ] GC(1134) Survivor regions: 113->115(154)
[4209.243s][info][gc,heap        ] GC(1134) Old regions: 474->505
[4209.243s][info][gc,heap        ] GC(1134) Humongous regions: 80->80
[4209.243s][info][gc,metaspace   ] GC(1134) Metaspace: 28909K(29312K)->28909K(29312K) NonClass: 24041K(24256K)->24041K(24256K) Class: 4868K(5056K)->4868K(5056K)
[4209.243s][info][gc             ] GC(1134) Pause Young (Concurrent Start) (G1 Evacuation Pause) 3562M->1399M(4096M) 122.435ms
[4209.243s][info][gc             ] GC(1135) Concurrent Mark Cycle
[4209.243s][info][gc,marking     ] GC(1135) Concurrent Scan Root Regions
[4209.243s][info][gc,cpu         ] GC(1134) User=0.72s Sys=0.00s Real=0.13s
[4209.434s][info][gc,marking     ] GC(1135) Concurrent Scan Root Regions 190.716ms
[4209.434s][info][gc,marking     ] GC(1135) Concurrent Mark
[4209.434s][info][gc,marking     ] GC(1135) Concurrent Mark From Roots
[4209.434s][info][gc,task        ] GC(1135) Using 2 workers of 2 for marking
.[4210.380s][info][gc,marking     ] GC(1135) Concurrent Mark From Roots 945.881ms
[4210.380s][info][gc,marking     ] GC(1135) Concurrent Preclean
[4210.380s][info][gc,marking     ] GC(1135) Concurrent Preclean 0.118ms
[4210.380s][info][gc,start       ] GC(1135) Pause Remark
[4210.387s][info][gc             ] GC(1135) Pause Remark 2464M->2464M(4096M) 7.385ms
[4210.387s][info][gc,cpu         ] GC(1135) User=0.04s Sys=0.00s Real=0.01s
[4210.389s][info][gc,marking     ] GC(1135) Concurrent Mark 955.335ms
[4210.389s][info][gc,marking     ] GC(1135) Concurrent Rebuild Remembered Sets and Scrub Regions
[4210.811s][info][gc,marking     ] GC(1135) Concurrent Rebuild Remembered Sets and Scrub Regions 422.296ms
[4210.812s][info][gc,start       ] GC(1135) Pause Cleanup
[4210.812s][info][gc             ] GC(1135) Pause Cleanup 2895M->2895M(4096M) 0.117ms
[4210.812s][info][gc,cpu         ] GC(1135) User=0.00s Sys=0.00s Real=0.00s
[4210.812s][info][gc,marking     ] GC(1135) Concurrent Clear Claimed Marks
[4210.812s][info][gc,marking     ] GC(1135) Concurrent Clear Claimed Marks 0.031ms
[4210.812s][info][gc,marking     ] GC(1135) Concurrent Cleanup for Next Mark
[4210.817s][info][gc,marking     ] GC(1135) Concurrent Cleanup for Next Mark 4.655ms
[4210.817s][info][gc             ] GC(1135) Concurrent Mark Cycle 1574.078ms
.[4211.643s][info][gc,start       ] GC(1136) Pause Young (Prepare Mixed) (G1 Evacuation Pause)
[4211.643s][info][gc,task        ] GC(1136) Using 6 workers of 6 for evacuation
[4211.761s][info][gc,phases      ] GC(1136)   Pre Evacuate Collection Set: 0.32ms
[4211.761s][info][gc,phases      ] GC(1136)   Merge Heap Roots: 0.57ms
[4211.761s][info][gc,phases      ] GC(1136)   Evacuate Collection Set: 116.26ms
[4211.761s][info][gc,phases      ] GC(1136)   Post Evacuate Collection Set: 0.91ms
[4211.761s][info][gc,phases      ] GC(1136)   Other: 0.09ms
[4211.761s][info][gc,heap        ] GC(1136) Eden regions: 1113->0(1107)
[4211.761s][info][gc,heap        ] GC(1136) Survivor regions: 115->110(154)
[4211.761s][info][gc,heap        ] GC(1136) Old regions: 505->538
[4211.761s][info][gc,heap        ] GC(1136) Humongous regions: 80->80
[4211.761s][info][gc,metaspace   ] GC(1136) Metaspace: 28909K(29312K)->28909K(29312K) NonClass: 24041K(24256K)->24041K(24256K) Class: 4868K(5056K)->4868K(5056K)
[4211.761s][info][gc             ] GC(1136) Pause Young (Prepare Mixed) (G1 Evacuation Pause) 3625M->1453M(4096M) 118.287ms
[4211.761s][info][gc,cpu         ] GC(1136) User=0.70s Sys=0.00s Real=0.12s
...[4214.083s][info][gc,start       ] GC(1137) Pause Young (Mixed) (G1 Evacuation Pause)
[4214.083s][info][gc,task        ] GC(1137) Using 6 workers of 6 for evacuation
[4214.217s][info][gc,phases      ] GC(1137)   Pre Evacuate Collection Set: 0.35ms
[4214.218s][info][gc,phases      ] GC(1137)   Merge Heap Roots: 0.66ms
[4214.218s][info][gc,phases      ] GC(1137)   Evacuate Collection Set: 132.63ms
[4214.218s][info][gc,phases      ] GC(1137)   Post Evacuate Collection Set: 0.91ms
[4214.218s][info][gc,phases      ] GC(1137)   Other: 0.09ms
[4214.218s][info][gc,heap        ] GC(1137) Eden regions: 1107->0(1116)
[4214.218s][info][gc,heap        ] GC(1137) Survivor regions: 110->112(153)
[4214.218s][info][gc,heap        ] GC(1137) Old regions: 538->472
[4214.218s][info][gc,heap        ] GC(1137) Humongous regions: 80->80
[4214.218s][info][gc,metaspace   ] GC(1137) Metaspace: 28909K(29312K)->28909K(29312K) NonClass: 24041K(24256K)->24041K(24256K) Class: 4868K(5056K)->4868K(5056K)
[4214.218s][info][gc             ] GC(1137) Pause Young (Mixed) (G1 Evacuation Pause) 3667M->1326M(4096M) 134.781ms
[4214.218s][info][gc,cpu         ] GC(1137) User=0.81s Sys=0.00s Real=0.13s
..[4216.605s][info][gc,start       ] GC(1138) Pause Young (Concurrent Start) (G1 Evacuation Pause)
[4216.605s][info][gc,task        ] GC(1138) Using 6 workers of 6 for evacuation
[4216.724s][info][gc,phases      ] GC(1138)   Pre Evacuate Collection Set: 0.37ms
[4216.724s][info][gc,phases      ] GC(1138)   Merge Heap Roots: 0.46ms
[4216.724s][info][gc,phases      ] GC(1138)   Evacuate Collection Set: 117.39ms
[4216.724s][info][gc,phases      ] GC(1138)   Post Evacuate Collection Set: 0.89ms
[4216.724s][info][gc,phases      ] GC(1138)   Other: 0.13ms
[4216.724s][info][gc,heap        ] GC(1138) Eden regions: 1116->0(1118)
[4216.724s][info][gc,heap        ] GC(1138) Survivor regions: 112->110(154)
[4216.724s][info][gc,heap        ] GC(1138) Old regions: 472->504
[4216.724s][info][gc,heap        ] GC(1138) Humongous regions: 80->80
[4216.724s][info][gc,metaspace   ] GC(1138) Metaspace: 28909K(29312K)->28909K(29312K) NonClass: 24041K(24256K)->24041K(24256K) Class: 4868K(5056K)->4868K(5056K)
[4216.724s][info][gc             ] GC(1138) Pause Young (Concurrent Start) (G1 Evacuation Pause) 3558M->1386M(4096M) 119.377ms
[4216.724s][info][gc             ] GC(1139) Concurrent Mark Cycle
[4216.724s][info][gc,marking     ] GC(1139) Concurrent Scan Root Regions
[4216.724s][info][gc,cpu         ] GC(1138) User=0.71s Sys=0.01s Real=0.12s
.[4216.922s][info][gc,marking     ] GC(1139) Concurrent Scan Root Regions 197.392ms
[4216.922s][info][gc,marking     ] GC(1139) Concurrent Mark
[4216.922s][info][gc,marking     ] GC(1139) Concurrent Mark From Roots
[4216.922s][info][gc,task        ] GC(1139) Using 2 workers of 2 for marking
[4217.899s][info][gc,marking     ] GC(1139) Concurrent Mark From Roots 977.359ms
[4217.900s][info][gc,marking     ] GC(1139) Concurrent Preclean
[4217.900s][info][gc,marking     ] GC(1139) Concurrent Preclean 0.132ms
[4217.902s][info][gc,start       ] GC(1139) Pause Remark
[4217.909s][info][gc             ] GC(1139) Pause Remark 2530M->2530M(4096M) 7.400ms
[4217.909s][info][gc,cpu         ] GC(1139) User=0.04s Sys=0.00s Real=0.00s
[4217.910s][info][gc,marking     ] GC(1139) Concurrent Mark 988.678ms
[4217.910s][info][gc,marking     ] GC(1139) Concurrent Rebuild Remembered Sets and Scrub Regions
.[4218.229s][info][gc,marking     ] GC(1139) Concurrent Rebuild Remembered Sets and Scrub Regions 318.317ms
[4218.229s][info][gc,start       ] GC(1139) Pause Cleanup
[4218.229s][info][gc             ] GC(1139) Pause Cleanup 2809M->2809M(4096M) 0.107ms
[4218.229s][info][gc,cpu         ] GC(1139) User=0.00s Sys=0.00s Real=0.00s
[4218.229s][info][gc,marking     ] GC(1139) Concurrent Clear Claimed Marks
[4218.229s][info][gc,marking     ] GC(1139) Concurrent Clear Claimed Marks 0.033ms
[4218.229s][info][gc,marking     ] GC(1139) Concurrent Cleanup for Next Mark
[4218.234s][info][gc,marking     ] GC(1139) Concurrent Cleanup for Next Mark 4.592ms
[4218.234s][info][gc             ] GC(1139) Concurrent Mark Cycle 1509.477ms
.[4219.128s][info][gc,start       ] GC(1140) Pause Young (Prepare Mixed) (G1 Evacuation Pause)
[4219.128s][info][gc,task        ] GC(1140) Using 6 workers of 6 for evacuation
[4219.250s][info][gc,phases      ] GC(1140)   Pre Evacuate Collection Set: 0.34ms
[4219.250s][info][gc,phases      ] GC(1140)   Merge Heap Roots: 0.58ms
[4219.250s][info][gc,phases      ] GC(1140)   Evacuate Collection Set: 119.35ms
[4219.250s][info][gc,phases      ] GC(1140)   Post Evacuate Collection Set: 0.85ms
[4219.250s][info][gc,phases      ] GC(1140)   Other: 0.09ms
[4219.250s][info][gc,heap        ] GC(1140) Eden regions: 1118->0(1101)
[4219.250s][info][gc,heap        ] GC(1140) Survivor regions: 110->114(154)
[4219.250s][info][gc,heap        ] GC(1140) Old regions: 504->536
[4219.250s][info][gc,heap        ] GC(1140) Humongous regions: 80->80
[4219.250s][info][gc,metaspace   ] GC(1140) Metaspace: 28909K(29312K)->28909K(29312K) NonClass: 24041K(24256K)->24041K(24256K) Class: 4868K(5056K)->4868K(5056K)
[4219.250s][info][gc             ] GC(1140) Pause Young (Prepare Mixed) (G1 Evacuation Pause) 3622M->1457M(4096M) 121.361ms
[4219.250s][info][gc,cpu         ] GC(1140) User=0.72s Sys=0.00s Real=0.12s
..[4221.612s][info][gc,start       ] GC(1141) Pause Young (Mixed) (G1 Evacuation Pause)
[4221.612s][info][gc,task        ] GC(1141) Using 6 workers of 6 for evacuation
[4221.749s][info][gc,phases      ] GC(1141)   Pre Evacuate Collection Set: 0.38ms
[4221.749s][info][gc,phases      ] GC(1141)   Merge Heap Roots: 0.69ms
[4221.749s][info][gc,phases      ] GC(1141)   Evacuate Collection Set: 135.03ms
[4221.749s][info][gc,phases      ] GC(1141)   Post Evacuate Collection Set: 0.93ms
[4221.749s][info][gc,phases      ] GC(1141)   Other: 0.09ms
[4221.749s][info][gc,heap        ] GC(1141) Eden regions: 1101->0(1117)
[4221.749s][info][gc,heap        ] GC(1141) Survivor regions: 114->111(152)
[4221.749s][info][gc,heap        ] GC(1141) Old regions: 536->473
[4221.749s][info][gc,heap        ] GC(1141) Humongous regions: 80->80
[4221.749s][info][gc,metaspace   ] GC(1141) Metaspace: 28909K(29312K)->28909K(29312K) NonClass: 24041K(24256K)->24041K(24256K) Class: 4868K(5056K)->4868K(5056K)
[4221.749s][info][gc             ] GC(1141) Pause Young (Mixed) (G1 Evacuation Pause) 3659M->1325M(4096M) 137.238ms
[4221.749s][info][gc,cpu         ] GC(1141) User=0.82s Sys=0.00s Real=0.13s
...[4224.168s][info][gc,start       ] GC(1142) Pause Young (Concurrent Start) (G1 Evacuation Pause)
[4224.169s][info][gc,task        ] GC(1142) Using 6 workers of 6 for evacuation
[4224.290s][info][gc,phases      ] GC(1142)   Pre Evacuate Collection Set: 0.34ms
[4224.290s][info][gc,phases      ] GC(1142)   Merge Heap Roots: 0.43ms
[4224.290s][info][gc,phases      ] GC(1142)   Evacuate Collection Set: 120.11ms
[4224.290s][info][gc,phases      ] GC(1142)   Post Evacuate Collection Set: 0.85ms
[4224.290s][info][gc,phases      ] GC(1142)   Other: 0.11ms
[4224.290s][info][gc,heap        ] GC(1142) Eden regions: 1117->0(1114)
[4224.290s][info][gc,heap        ] GC(1142) Survivor regions: 111->114(154)
[4224.290s][info][gc,heap        ] GC(1142) Old regions: 473->504
[4224.290s][info][gc,heap        ] GC(1142) Humongous regions: 80->80
[4224.290s][info][gc,metaspace   ] GC(1142) Metaspace: 28909K(29312K)->28909K(29312K) NonClass: 24041K(24256K)->24041K(24256K) Class: 4868K(5056K)->4868K(5056K)
[4224.290s][info][gc             ] GC(1142) Pause Young (Concurrent Start) (G1 Evacuation Pause) 3559M->1395M(4096M) 121.977ms
[4224.290s][info][gc             ] GC(1143) Concurrent Mark Cycle
[4224.291s][info][gc,marking     ] GC(1143) Concurrent Scan Root Regions
[4224.291s][info][gc,cpu         ] GC(1142) User=0.72s Sys=0.00s Real=0.12s
[4224.504s][info][gc,marking     ] GC(1143) Concurrent Scan Root Regions 213.273ms
[4224.504s][info][gc,marking     ] GC(1143) Concurrent Mark
[4224.504s][info][gc,marking     ] GC(1143) Concurrent Mark From Roots
[4224.504s][info][gc,task        ] GC(1143) Using 2 workers of 2 for marking
.[4225.213s][info][gc,marking     ] GC(1143) Concurrent Mark From Roots 709.569ms
[4225.214s][info][gc,marking     ] GC(1143) Concurrent Preclean
[4225.214s][info][gc,marking     ] GC(1143) Concurrent Preclean 0.128ms
[4225.217s][info][gc,start       ] GC(1143) Pause Remark
[4225.221s][info][gc             ] GC(1143) Pause Remark 2247M->2247M(4096M) 4.976ms
[4225.222s][info][gc,cpu         ] GC(1143) User=0.03s Sys=0.00s Real=0.01s
[4225.223s][info][gc,marking     ] GC(1143) Concurrent Mark 719.066ms
[4225.223s][info][gc,marking     ] GC(1143) Concurrent Rebuild Remembered Sets and Scrub Regions
[4225.637s][info][gc,marking     ] GC(1143) Concurrent Rebuild Remembered Sets and Scrub Regions 413.727ms
[4225.637s][info][gc,start       ] GC(1143) Pause Cleanup
[4225.637s][info][gc             ] GC(1143) Pause Cleanup 2648M->2648M(4096M) 0.120ms
[4225.637s][info][gc,cpu         ] GC(1143) User=0.00s Sys=0.00s Real=0.00s
[4225.639s][info][gc,marking     ] GC(1143) Concurrent Clear Claimed Marks
[4225.639s][info][gc,marking     ] GC(1143) Concurrent Clear Claimed Marks 0.040ms
[4225.639s][info][gc,marking     ] GC(1143) Concurrent Cleanup for Next Mark
[4225.648s][info][gc,marking     ] GC(1143) Concurrent Cleanup for Next Mark 9.631ms
[4225.648s][info][gc             ] GC(1143) Concurrent Mark Cycle 1357.881ms
.[4226.713s][info][gc,start       ] GC(1144) Pause Young (Prepare Mixed) (G1 Evacuation Pause)
[4226.713s][info][gc,task        ] GC(1144) Using 6 workers of 6 for evacuation
[4226.831s][info][gc,phases      ] GC(1144)   Pre Evacuate Collection Set: 0.31ms
[4226.831s][info][gc,phases      ] GC(1144)   Merge Heap Roots: 0.50ms
[4226.831s][info][gc,phases      ] GC(1144)   Evacuate Collection Set: 116.22ms
[4226.831s][info][gc,phases      ] GC(1144)   Post Evacuate Collection Set: 0.90ms
[4226.831s][info][gc,phases      ] GC(1144)   Other: 0.09ms
[4226.831s][info][gc,heap        ] GC(1144) Eden regions: 1114->0(1106)
[4226.831s][info][gc,heap        ] GC(1144) Survivor regions: 114->112(154)
[4226.831s][info][gc,heap        ] GC(1144) Old regions: 504->535
[4226.831s][info][gc,heap        ] GC(1144) Humongous regions: 80->80
[4226.831s][info][gc,metaspace   ] GC(1144) Metaspace: 28909K(29312K)->28909K(29312K) NonClass: 24041K(24256K)->24041K(24256K) Class: 4868K(5056K)->4868K(5056K)
[4226.831s][info][gc             ] GC(1144) Pause Young (Prepare Mixed) (G1 Evacuation Pause) 3623M->1452M(4096M) 118.158ms
[4226.831s][info][gc,cpu         ] GC(1144) User=0.70s Sys=0.00s Real=0.12s
... (rIR:aIR:PR = 7472:7472:7473) (tPR = 111072) [OK] 
  4229s: Performance info:
         Transaction,    Success,    Partial,     Failed,   Receipts, AvgBarcode, 
             Overall,     451179,          0,          0,     428643,      59.48, 
         Response times:
             Request,    Success,    Partial,     Failed,   SkipFail,     Probes,    Samples,      min,      p50,      p90,      p95,      p99,      max, 
       TotalPurchase,     428632,          0,          0,          0,     355703,     507167,      200,     6500,    68000,   110000,   195000,   445000,
     InStorePurchase,     225758,          0,          0,          0,     187224,     266936,      200,     6600,    68000,   109000,   195000,   445000,
      OnlinePurchase,     157745,          0,          0,          0,     130992,     186686,      300,     6400,    68000,   111000,   195000,   420000,
        InstPurchase,      45129,          0,          0,          0,      37487,      53545,      400,     6700,    69000,   111700,   197000,   396000,
          AssocOfCat,        452,          0,          0,          0,        373,        621,    24000,    43000,   140800,   180000,   301000,   355000,
      AssocOfProduct,       4502,          0,          0,          0,       4207,       6198,      500,     5600,    60000,    94050,   192020,   304000,
      BusinessReport,       1122,          0,          0,          0,       1008,       1580,    27000,    51000,   149900,   191000,   335950,   391000,
          CustBuyBeh,       4527,          0,          0,          0,       4205,       6170,      200,     6400,    62000,   101000,   186000,   321000,
       ProductReturn,      11933,          0,          0,          0,      10123,      14621,      200,     5600,    63000,   104000,   194000,   379000,

  4229s: (55%)   IR =   7610 [4229.198s][info][gc,start       ] GC(1145) Pause Young (Mixed) (G1 Evacuation Pause)
[4229.198s][info][gc,task        ] GC(1145) Using 6 workers of 6 for evacuation
[4229.337s][info][gc,phases      ] GC(1145)   Pre Evacuate Collection Set: 0.35ms
[4229.337s][info][gc,phases      ] GC(1145)   Merge Heap Roots: 0.69ms
[4229.337s][info][gc,phases      ] GC(1145)   Evacuate Collection Set: 137.29ms
[4229.337s][info][gc,phases      ] GC(1145)   Post Evacuate Collection Set: 0.91ms
[4229.337s][info][gc,phases      ] GC(1145)   Other: 0.09ms
[4229.337s][info][gc,heap        ] GC(1145) Eden regions: 1106->0(1115)
[4229.337s][info][gc,heap        ] GC(1145) Survivor regions: 112->113(153)
[4229.337s][info][gc,heap        ] GC(1145) Old regions: 535->473
[4229.337s][info][gc,heap        ] GC(1145) Humongous regions: 80->80
[4229.337s][info][gc,metaspace   ] GC(1145) Metaspace: 28909K(29312K)->28909K(29312K) NonClass: 24041K(24256K)->24041K(24256K) Class: 4868K(5056K)->4868K(5056K)
[4229.337s][info][gc             ] GC(1145) Pause Young (Mixed) (G1 Evacuation Pause) 3664M->1330M(4096M) 139.465ms
[4229.337s][info][gc,cpu         ] GC(1145) User=0.83s Sys=0.00s Real=0.14s
..[4231.606s][info][gc,start       ] GC(1146) Pause Young (Concurrent Start) (G1 Evacuation Pause)
[4231.606s][info][gc,task        ] GC(1146) Using 6 workers of 6 for evacuation
[4231.729s][info][gc,phases      ] GC(1146)   Pre Evacuate Collection Set: 0.36ms
[4231.729s][info][gc,phases      ] GC(1146)   Merge Heap Roots: 0.42ms
[4231.729s][info][gc,phases      ] GC(1146)   Evacuate Collection Set: 121.30ms
[4231.729s][info][gc,phases      ] GC(1146)   Post Evacuate Collection Set: 0.87ms
[4231.729s][info][gc,phases      ] GC(1146)   Other: 0.09ms
[4231.729s][info][gc,heap        ] GC(1146) Eden regions: 1115->0(1114)
[4231.729s][info][gc,heap        ] GC(1146) Survivor regions: 113->114(154)
[4231.729s][info][gc,heap        ] GC(1146) Old regions: 473->505
[4231.729s][info][gc,heap        ] GC(1146) Humongous regions: 80->80
[4231.729s][info][gc,metaspace   ] GC(1146) Metaspace: 28909K(29312K)->28909K(29312K) NonClass: 24041K(24256K)->24041K(24256K) Class: 4868K(5056K)->4868K(5056K)
[4231.729s][info][gc             ] GC(1146) Pause Young (Concurrent Start) (G1 Evacuation Pause) 3560M->1396M(4096M) 123.170ms
[4231.729s][info][gc             ] GC(1147) Concurrent Mark Cycle
[4231.729s][info][gc,marking     ] GC(1147) Concurrent Scan Root Regions
[4231.729s][info][gc,cpu         ] GC(1146) User=0.73s Sys=0.00s Real=0.12s
[4231.916s][info][gc,marking     ] GC(1147) Concurrent Scan Root Regions 186.664ms
[4231.916s][info][gc,marking     ] GC(1147) Concurrent Mark
[4231.916s][info][gc,marking     ] GC(1147) Concurrent Mark From Roots
[4231.916s][info][gc,task        ] GC(1147) Using 2 workers of 2 for marking
.[4232.662s][info][gc,marking     ] GC(1147) Concurrent Mark From Roots 746.010ms
[4232.662s][info][gc,marking     ] GC(1147) Concurrent Preclean
[4232.662s][info][gc,marking     ] GC(1147) Concurrent Preclean 0.133ms
[4232.662s][info][gc,start       ] GC(1147) Pause Remark
[4232.669s][info][gc             ] GC(1147) Pause Remark 2178M->2178M(4096M) 6.702ms
[4232.669s][info][gc,cpu         ] GC(1147) User=0.04s Sys=0.00s Real=0.00s
[4232.672s][info][gc,marking     ] GC(1147) Concurrent Mark 756.311ms
[4232.672s][info][gc,marking     ] GC(1147) Concurrent Rebuild Remembered Sets and Scrub Regions
[4233.028s][info][gc,marking     ] GC(1147) Concurrent Rebuild Remembered Sets and Scrub Regions 356.203ms
[4233.031s][info][gc,start       ] GC(1147) Pause Cleanup
[4233.031s][info][gc             ] GC(1147) Pause Cleanup 2546M->2546M(4096M) 0.128ms
[4233.031s][info][gc,cpu         ] GC(1147) User=0.00s Sys=0.00s Real=0.00s
[4233.031s][info][gc,marking     ] GC(1147) Concurrent Clear Claimed Marks
[4233.031s][info][gc,marking     ] GC(1147) Concurrent Clear Claimed Marks 0.024ms
[4233.031s][info][gc,marking     ] GC(1147) Concurrent Cleanup for Next Mark
[4233.036s][info][gc,marking     ] GC(1147) Concurrent Cleanup for Next Mark 4.634ms
[4233.036s][info][gc             ] GC(1147) Concurrent Mark Cycle 1307.110ms
.[4234.062s][info][gc,start       ] GC(1148) Pause Young (Prepare Mixed) (G1 Evacuation Pause)
[4234.062s][info][gc,task        ] GC(1148) Using 6 workers of 6 for evacuation
[4234.179s][info][gc,phases      ] GC(1148)   Pre Evacuate Collection Set: 0.31ms
[4234.179s][info][gc,phases      ] GC(1148)   Merge Heap Roots: 0.49ms
[4234.179s][info][gc,phases      ] GC(1148)   Evacuate Collection Set: 114.92ms
[4234.179s][info][gc,phases      ] GC(1148)   Post Evacuate Collection Set: 0.90ms
[4234.179s][info][gc,phases      ] GC(1148)   Other: 0.11ms
[4234.179s][info][gc,heap        ] GC(1148) Eden regions: 1114->0(1109)
[4234.179s][info][gc,heap        ] GC(1148) Survivor regions: 114->110(154)
[4234.179s][info][gc,heap        ] GC(1148) Old regions: 505->536
[4234.179s][info][gc,heap        ] GC(1148) Humongous regions: 80->80
[4234.179s][info][gc,metaspace   ] GC(1148) Metaspace: 28909K(29312K)->28909K(29312K) NonClass: 24041K(24256K)->24041K(24256K) Class: 4868K(5056K)->4868K(5056K)
[4234.179s][info][gc             ] GC(1148) Pause Young (Prepare Mixed) (G1 Evacuation Pause) 3624M->1451M(4096M) 116.871ms
[4234.179s][info][gc,cpu         ] GC(1148) User=0.69s Sys=0.00s Real=0.11s
...[4236.496s][info][gc,start       ] GC(1149) Pause Young (Mixed) (G1 Evacuation Pause)
[4236.496s][info][gc,task        ] GC(1149) Using 6 workers of 6 for evacuation
[4236.634s][info][gc,phases      ] GC(1149)   Pre Evacuate Collection Set: 0.35ms
[4236.634s][info][gc,phases      ] GC(1149)   Merge Heap Roots: 0.70ms
[4236.634s][info][gc,phases      ] GC(1149)   Evacuate Collection Set: 135.67ms
[4236.634s][info][gc,phases      ] GC(1149)   Post Evacuate Collection Set: 0.91ms
[4236.634s][info][gc,phases      ] GC(1149)   Other: 0.08ms
[4236.634s][info][gc,heap        ] GC(1149) Eden regions: 1109->0(1118)
[4236.634s][info][gc,heap        ] GC(1149) Survivor regions: 110->110(153)
[4236.634s][info][gc,heap        ] GC(1149) Old regions: 536->473
[4236.634s][info][gc,heap        ] GC(1149) Humongous regions: 80->80
[4236.634s][info][gc,metaspace   ] GC(1149) Metaspace: 28909K(29312K)->28909K(29312K) NonClass: 24041K(24256K)->24041K(24256K) Class: 4868K(5056K)->4868K(5056K)
[4236.634s][info][gc             ] GC(1149) Pause Young (Mixed) (G1 Evacuation Pause) 3669M->1325M(4096M) 137.845ms
[4236.634s][info][gc,cpu         ] GC(1149) User=0.82s Sys=0.00s Real=0.14s
..[4239.028s][info][gc,start       ] GC(1150) Pause Young (Concurrent Start) (G1 Evacuation Pause)
[4239.028s][info][gc,task        ] GC(1150) Using 6 workers of 6 for evacuation
[4239.151s][info][gc,phases      ] GC(1150)   Pre Evacuate Collection Set: 0.34ms
[4239.151s][info][gc,phases      ] GC(1150)   Merge Heap Roots: 0.48ms
[4239.151s][info][gc,phases      ] GC(1150)   Evacuate Collection Set: 120.93ms
[4239.151s][info][gc,phases      ] GC(1150)   Post Evacuate Collection Set: 0.86ms
[4239.151s][info][gc,phases      ] GC(1150)   Other: 0.11ms
[4239.151s][info][gc,heap        ] GC(1150) Eden regions: 1118->0(1114)
[4239.151s][info][gc,heap        ] GC(1150) Survivor regions: 110->114(154)
[4239.151s][info][gc,heap        ] GC(1150) Old regions: 473->504
[4239.151s][info][gc,heap        ] GC(1150) Humongous regions: 80->80
[4239.151s][info][gc,metaspace   ] GC(1150) Metaspace: 28909K(29312K)->28909K(29312K) NonClass: 24041K(24256K)->24041K(24256K) Class: 4868K(5056K)->4868K(5056K)
[4239.151s][info][gc             ] GC(1150) Pause Young (Concurrent Start) (G1 Evacuation Pause) 3561M->1394M(4096M) 122.843ms
[4239.151s][info][gc             ] GC(1151) Concurrent Mark Cycle
[4239.151s][info][gc,marking     ] GC(1151) Concurrent Scan Root Regions
[4239.151s][info][gc,cpu         ] GC(1150) User=0.74s Sys=0.00s Real=0.12s
[4239.351s][info][gc,marking     ] GC(1151) Concurrent Scan Root Regions 200.714ms
[4239.352s][info][gc,marking     ] GC(1151) Concurrent Mark
[4239.352s][info][gc,marking     ] GC(1151) Concurrent Mark From Roots
[4239.352s][info][gc,task        ] GC(1151) Using 2 workers of 2 for marking
.[4240.067s][info][gc,marking     ] GC(1151) Concurrent Mark From Roots 715.180ms
[4240.067s][info][gc,marking     ] GC(1151) Concurrent Preclean
[4240.067s][info][gc,marking     ] GC(1151) Concurrent Preclean 0.072ms
[4240.067s][info][gc,start       ] GC(1151) Pause Remark
[4240.074s][info][gc             ] GC(1151) Pause Remark 2196M->2196M(4096M) 6.178ms
[4240.074s][info][gc,cpu         ] GC(1151) User=0.03s Sys=0.00s Real=0.01s
[4240.074s][info][gc,marking     ] GC(1151) Concurrent Mark 722.776ms
[4240.074s][info][gc,marking     ] GC(1151) Concurrent Rebuild Remembered Sets and Scrub Regions
[4240.438s][info][gc,marking     ] GC(1151) Concurrent Rebuild Remembered Sets and Scrub Regions 363.762ms
[4240.440s][info][gc,start       ] GC(1151) Pause Cleanup
[4240.440s][info][gc             ] GC(1151) Pause Cleanup 2602M->2602M(4096M) 0.133ms
[4240.441s][info][gc,cpu         ] GC(1151) User=0.00s Sys=0.00s Real=0.00s
[4240.441s][info][gc,marking     ] GC(1151) Concurrent Clear Claimed Marks
[4240.441s][info][gc,marking     ] GC(1151) Concurrent Clear Claimed Marks 0.031ms
[4240.441s][info][gc,marking     ] GC(1151) Concurrent Cleanup for Next Mark
[4240.448s][info][gc,marking     ] GC(1151) Concurrent Cleanup for Next Mark 7.127ms
[4240.448s][info][gc             ] GC(1151) Concurrent Mark Cycle 1297.205ms
..[4241.498s][info][gc,start       ] GC(1152) Pause Young (Prepare Mixed) (G1 Evacuation Pause)
[4241.498s][info][gc,task        ] GC(1152) Using 6 workers of 6 for evacuation
[4241.618s][info][gc,phases      ] GC(1152)   Pre Evacuate Collection Set: 0.35ms
[4241.618s][info][gc,phases      ] GC(1152)   Merge Heap Roots: 0.52ms
[4241.618s][info][gc,phases      ] GC(1152)   Evacuate Collection Set: 118.01ms
[4241.618s][info][gc,phases      ] GC(1152)   Post Evacuate Collection Set: 0.91ms
[4241.618s][info][gc,phases      ] GC(1152)   Other: 0.08ms
[4241.618s][info][gc,heap        ] GC(1152) Eden regions: 1114->0(1103)
[4241.618s][info][gc,heap        ] GC(1152) Survivor regions: 114->113(154)
[4241.618s][info][gc,heap        ] GC(1152) Old regions: 504->536
[4241.618s][info][gc,heap        ] GC(1152) Humongous regions: 80->80
[4241.618s][info][gc,metaspace   ] GC(1152) Metaspace: 28909K(29312K)->28909K(29312K) NonClass: 24041K(24256K)->24041K(24256K) Class: 4868K(5056K)->4868K(5056K)
[4241.618s][info][gc             ] GC(1152) Pause Young (Prepare Mixed) (G1 Evacuation Pause) 3622M->1455M(4096M) 119.991ms
[4241.618s][info][gc,cpu         ] GC(1152) User=0.71s Sys=0.00s Real=0.12s
.|.[4243.975s][info][gc,start       ] GC(1153) Pause Young (Mixed) (G1 Evacuation Pause)
[4243.975s][info][gc,task        ] GC(1153) Using 6 workers of 6 for evacuation
[4244.121s][info][gc,phases      ] GC(1153)   Pre Evacuate Collection Set: 0.34ms
[4244.121s][info][gc,phases      ] GC(1153)   Merge Heap Roots: 0.66ms
[4244.121s][info][gc,phases      ] GC(1153)   Evacuate Collection Set: 144.44ms
[4244.121s][info][gc,phases      ] GC(1153)   Post Evacuate Collection Set: 0.94ms
[4244.121s][info][gc,phases      ] GC(1153)   Other: 0.09ms
[4244.121s][info][gc,heap        ] GC(1153) Eden regions: 1103->0(1109)
[4244.121s][info][gc,heap        ] GC(1153) Survivor regions: 113->119(152)
[4244.121s][info][gc,heap        ] GC(1153) Old regions: 536->473
[4244.121s][info][gc,heap        ] GC(1153) Humongous regions: 80->80
[4244.121s][info][gc,metaspace   ] GC(1153) Metaspace: 28909K(29312K)->28909K(29312K) NonClass: 24041K(24256K)->24041K(24256K) Class: 4868K(5056K)->4868K(5056K)
[4244.121s][info][gc             ] GC(1153) Pause Young (Mixed) (G1 Evacuation Pause) 3661M->1343M(4096M) 146.599ms
[4244.121s][info][gc,cpu         ] GC(1153) User=0.88s Sys=0.00s Real=0.15s
..[4246.449s][info][gc,start       ] GC(1154) Pause Young (Concurrent Start) (G1 Evacuation Pause)
[4246.449s][info][gc,task        ] GC(1154) Using 6 workers of 6 for evacuation
[4246.566s][info][gc,phases      ] GC(1154)   Pre Evacuate Collection Set: 0.35ms
[4246.566s][info][gc,phases      ] GC(1154)   Merge Heap Roots: 0.45ms
[4246.566s][info][gc,phases      ] GC(1154)   Evacuate Collection Set: 115.60ms
[4246.566s][info][gc,phases      ] GC(1154)   Post Evacuate Collection Set: 0.87ms
[4246.566s][info][gc,phases      ] GC(1154)   Other: 0.11ms
[4246.566s][info][gc,heap        ] GC(1154) Eden regions: 1109->0(1119)
[4246.566s][info][gc,heap        ] GC(1154) Survivor regions: 119->109(154)
[4246.566s][info][gc,heap        ] GC(1154) Old regions: 473->505
[4246.566s][info][gc,heap        ] GC(1154) Humongous regions: 80->80
[4246.566s][info][gc,metaspace   ] GC(1154) Metaspace: 28909K(29312K)->28909K(29312K) NonClass: 24041K(24256K)->24041K(24256K) Class: 4868K(5056K)->4868K(5056K)
[4246.566s][info][gc             ] GC(1154) Pause Young (Concurrent Start) (G1 Evacuation Pause) 3561M->1386M(4096M) 117.524ms
[4246.566s][info][gc             ] GC(1155) Concurrent Mark Cycle
[4246.566s][info][gc,marking     ] GC(1155) Concurrent Scan Root Regions
[4246.566s][info][gc,cpu         ] GC(1154) User=0.70s Sys=0.00s Real=0.12s
.[4246.753s][info][gc,marking     ] GC(1155) Concurrent Scan Root Regions 187.278ms
[4246.754s][info][gc,marking     ] GC(1155) Concurrent Mark
[4246.754s][info][gc,marking     ] GC(1155) Concurrent Mark From Roots
[4246.754s][info][gc,task        ] GC(1155) Using 2 workers of 2 for marking
.[4247.751s][info][gc,marking     ] GC(1155) Concurrent Mark From Roots 997.811ms
[4247.751s][info][gc,marking     ] GC(1155) Concurrent Preclean
[4247.752s][info][gc,marking     ] GC(1155) Concurrent Preclean 0.127ms
[4247.754s][info][gc,start       ] GC(1155) Pause Remark
[4247.761s][info][gc             ] GC(1155) Pause Remark 2442M->2442M(4096M) 6.644ms
[4247.761s][info][gc,cpu         ] GC(1155) User=0.04s Sys=0.00s Real=0.01s
[4247.762s][info][gc,marking     ] GC(1155) Concurrent Mark 1008.759ms
[4247.762s][info][gc,marking     ] GC(1155) Concurrent Rebuild Remembered Sets and Scrub Regions
[4248.029s][info][gc,marking     ] GC(1155) Concurrent Rebuild Remembered Sets and Scrub Regions 266.839ms
[4248.030s][info][gc,start       ] GC(1155) Pause Cleanup
[4248.030s][info][gc             ] GC(1155) Pause Cleanup 2738M->2738M(4096M) 0.116ms
[4248.030s][info][gc,cpu         ] GC(1155) User=0.00s Sys=0.00s Real=0.00s
[4248.031s][info][gc,marking     ] GC(1155) Concurrent Clear Claimed Marks
[4248.031s][info][gc,marking     ] GC(1155) Concurrent Clear Claimed Marks 0.064ms
[4248.031s][info][gc,marking     ] GC(1155) Concurrent Cleanup for Next Mark
[4248.041s][info][gc,marking     ] GC(1155) Concurrent Cleanup for Next Mark 9.541ms
[4248.041s][info][gc             ] GC(1155) Concurrent Mark Cycle 1474.672ms
.[4248.938s][info][gc,start       ] GC(1156) Pause Young (Prepare Mixed) (G1 Evacuation Pause)
[4248.938s][info][gc,task        ] GC(1156) Using 6 workers of 6 for evacuation
[4249.057s][info][gc,phases      ] GC(1156)   Pre Evacuate Collection Set: 0.31ms
[4249.057s][info][gc,phases      ] GC(1156)   Merge Heap Roots: 0.50ms
[4249.057s][info][gc,phases      ] GC(1156)   Evacuate Collection Set: 116.90ms
[4249.057s][info][gc,phases      ] GC(1156)   Post Evacuate Collection Set: 0.90ms
[4249.057s][info][gc,phases      ] GC(1156)   Other: 0.09ms
[4249.057s][info][gc,heap        ] GC(1156) Eden regions: 1119->0(1105)
[4249.057s][info][gc,heap        ] GC(1156) Survivor regions: 109->112(154)
[4249.057s][info][gc,heap        ] GC(1156) Old regions: 505->536
[4249.057s][info][gc,heap        ] GC(1156) Humongous regions: 80->80
[4249.057s][info][gc,metaspace   ] GC(1156) Metaspace: 28909K(29312K)->28909K(29312K) NonClass: 24041K(24256K)->24041K(24256K) Class: 4868K(5056K)->4868K(5056K)
[4249.057s][info][gc             ] GC(1156) Pause Young (Prepare Mixed) (G1 Evacuation Pause) 3624M->1454M(4096M) 118.824ms
[4249.057s][info][gc,cpu         ] GC(1156) User=0.71s Sys=0.00s Real=0.12s
..[4251.389s][info][gc,start       ] GC(1157) Pause Young (Mixed) (G1 Evacuation Pause)
[4251.389s][info][gc,task        ] GC(1157) Using 6 workers of 6 for evacuation
[4251.524s][info][gc,phases      ] GC(1157)   Pre Evacuate Collection Set: 0.34ms
[4251.524s][info][gc,phases      ] GC(1157)   Merge Heap Roots: 0.60ms
[4251.524s][info][gc,phases      ] GC(1157)   Evacuate Collection Set: 133.35ms
[4251.524s][info][gc,phases      ] GC(1157)   Post Evacuate Collection Set: 0.94ms
[4251.524s][info][gc,phases      ] GC(1157)   Other: 0.09ms
[4251.524s][info][gc,heap        ] GC(1157) Eden regions: 1105->0(1116)
[4251.524s][info][gc,heap        ] GC(1157) Survivor regions: 112->112(153)
[4251.524s][info][gc,heap        ] GC(1157) Old regions: 536->473
[4251.524s][info][gc,heap        ] GC(1157) Humongous regions: 80->80
[4251.524s][info][gc,metaspace   ] GC(1157) Metaspace: 28909K(29312K)->28909K(29312K) NonClass: 24041K(24256K)->24041K(24256K) Class: 4868K(5056K)->4868K(5056K)
[4251.524s][info][gc             ] GC(1157) Pause Young (Mixed) (G1 Evacuation Pause) 3664M->1329M(4096M) 135.459ms
[4251.524s][info][gc,cpu         ] GC(1157) User=0.80s Sys=0.00s Real=0.14s
...[4253.898s][info][gc,start       ] GC(1158) Pause Young (Concurrent Start) (G1 Evacuation Pause)
[4253.898s][info][gc,task        ] GC(1158) Using 6 workers of 6 for evacuation
[4254.022s][info][gc,phases      ] GC(1158)   Pre Evacuate Collection Set: 0.41ms
[4254.022s][info][gc,phases      ] GC(1158)   Merge Heap Roots: 0.55ms
[4254.022s][info][gc,phases      ] GC(1158)   Evacuate Collection Set: 122.03ms
[4254.022s][info][gc,phases      ] GC(1158)   Post Evacuate Collection Set: 0.88ms
[4254.022s][info][gc,phases      ] GC(1158)   Other: 0.13ms
[4254.022s][info][gc,heap        ] GC(1158) Eden regions: 1116->0(1113)
[4254.022s][info][gc,heap        ] GC(1158) Survivor regions: 112->115(154)
[4254.022s][info][gc,heap        ] GC(1158) Old regions: 473->505
[4254.022s][info][gc,heap        ] GC(1158) Humongous regions: 80->80
[4254.022s][info][gc,metaspace   ] GC(1158) Metaspace: 28909K(29312K)->28909K(29312K) NonClass: 24041K(24256K)->24041K(24256K) Class: 4868K(5056K)->4868K(5056K)
[4254.022s][info][gc             ] GC(1158) Pause Young (Concurrent Start) (G1 Evacuation Pause) 3561M->1397M(4096M) 124.115ms
[4254.022s][info][gc             ] GC(1159) Concurrent Mark Cycle
[4254.022s][info][gc,marking     ] GC(1159) Concurrent Scan Root Regions
[4254.022s][info][gc,cpu         ] GC(1158) User=0.74s Sys=0.00s Real=0.13s
[4254.177s][info][gc,marking     ] GC(1159) Concurrent Scan Root Regions 154.985ms
[4254.177s][info][gc,marking     ] GC(1159) Concurrent Mark
[4254.177s][info][gc,marking     ] GC(1159) Concurrent Mark From Roots
[4254.177s][info][gc,task        ] GC(1159) Using 2 workers of 2 for marking
.[4254.918s][info][gc,marking     ] GC(1159) Concurrent Mark From Roots 740.760ms
[4254.918s][info][gc,marking     ] GC(1159) Concurrent Preclean
[4254.918s][info][gc,marking     ] GC(1159) Concurrent Preclean 0.093ms
[4254.921s][info][gc,start       ] GC(1159) Pause Remark
[4254.927s][info][gc             ] GC(1159) Pause Remark 2217M->2217M(4096M) 6.188ms
[4254.927s][info][gc,cpu         ] GC(1159) User=0.04s Sys=0.00s Real=0.01s
[4254.927s][info][gc,marking     ] GC(1159) Concurrent Mark 749.986ms
[4254.927s][info][gc,marking     ] GC(1159) Concurrent Rebuild Remembered Sets and Scrub Regions
[4255.252s][info][gc,marking     ] GC(1159) Concurrent Rebuild Remembered Sets and Scrub Regions 324.744ms
[4255.254s][info][gc,start       ] GC(1159) Pause Cleanup
[4255.255s][info][gc             ] GC(1159) Pause Cleanup 2549M->2549M(4096M) 0.132ms
[4255.255s][info][gc,cpu         ] GC(1159) User=0.00s Sys=0.00s Real=0.00s
[4255.255s][info][gc,marking     ] GC(1159) Concurrent Clear Claimed Marks
[4255.255s][info][gc,marking     ] GC(1159) Concurrent Clear Claimed Marks 0.035ms
[4255.255s][info][gc,marking     ] GC(1159) Concurrent Cleanup for Next Mark
[4255.260s][info][gc,marking     ] GC(1159) Concurrent Cleanup for Next Mark 4.626ms
[4255.260s][info][gc             ] GC(1159) Concurrent Mark Cycle 1237.333ms
.[4256.352s][info][gc,start       ] GC(1160) Pause Young (Prepare Mixed) (G1 Evacuation Pause)
[4256.352s][info][gc,task        ] GC(1160) Using 6 workers of 6 for evacuation
[4256.467s][info][gc,phases      ] GC(1160)   Pre Evacuate Collection Set: 0.34ms
[4256.467s][info][gc,phases      ] GC(1160)   Merge Heap Roots: 0.49ms
[4256.467s][info][gc,phases      ] GC(1160)   Evacuate Collection Set: 112.42ms
[4256.467s][info][gc,phases      ] GC(1160)   Post Evacuate Collection Set: 0.91ms
[4256.467s][info][gc,phases      ] GC(1160)   Other: 0.09ms
[4256.467s][info][gc,heap        ] GC(1160) Eden regions: 1113->0(1112)
[4256.467s][info][gc,heap        ] GC(1160) Survivor regions: 115->109(154)
[4256.467s][info][gc,heap        ] GC(1160) Old regions: 505->535
[4256.467s][info][gc,heap        ] GC(1160) Humongous regions: 80->80
[4256.467s][info][gc,metaspace   ] GC(1160) Metaspace: 28909K(29312K)->28909K(29312K) NonClass: 24041K(24256K)->24041K(24256K) Class: 4868K(5056K)->4868K(5056K)
[4256.467s][info][gc             ] GC(1160) Pause Young (Prepare Mixed) (G1 Evacuation Pause) 3623M->1446M(4096M) 114.383ms
[4256.467s][info][gc,cpu         ] GC(1160) User=0.68s Sys=0.00s Real=0.11s
...[4258.801s][info][gc,start       ] GC(1161) Pause Young (Mixed) (G1 Evacuation Pause)
[4258.801s][info][gc,task        ] GC(1161) Using 6 workers of 6 for evacuation
[4258.941s][info][gc,phases      ] GC(1161)   Pre Evacuate Collection Set: 0.34ms
[4258.941s][info][gc,phases      ] GC(1161)   Merge Heap Roots: 0.79ms
[4258.941s][info][gc,phases      ] GC(1161)   Evacuate Collection Set: 137.91ms
[4258.941s][info][gc,phases      ] GC(1161)   Post Evacuate Collection Set: 0.92ms
[4258.941s][info][gc,phases      ] GC(1161)   Other: 0.09ms
[4258.941s][info][gc,heap        ] GC(1161) Eden regions: 1112->0(1117)
[4258.941s][info][gc,heap        ] GC(1161) Survivor regions: 109->111(153)
[4258.941s][info][gc,heap        ] GC(1161) Old regions: 535->473
[4258.941s][info][gc,heap        ] GC(1161) Humongous regions: 80->80
[4258.941s][info][gc,metaspace   ] GC(1161) Metaspace: 28909K(29312K)->28909K(29312K) NonClass: 24041K(24256K)->24041K(24256K) Class: 4868K(5056K)->4868K(5056K)
[4258.941s][info][gc             ] GC(1161) Pause Young (Mixed) (G1 Evacuation Pause) 3670M->1326M(4096M) 140.169ms
[4258.941s][info][gc,cpu         ] GC(1161) User=0.83s Sys=0.00s Real=0.14s
..[4261.231s][info][gc,start       ] GC(1162) Pause Young (Concurrent Start) (G1 Evacuation Pause)
[4261.231s][info][gc,task        ] GC(1162) Using 6 workers of 6 for evacuation
[4261.360s][info][gc,phases      ] GC(1162)   Pre Evacuate Collection Set: 0.38ms
[4261.360s][info][gc,phases      ] GC(1162)   Merge Heap Roots: 0.45ms
[4261.360s][info][gc,phases      ] GC(1162)   Evacuate Collection Set: 127.14ms
[4261.360s][info][gc,phases      ] GC(1162)   Post Evacuate Collection Set: 0.84ms
[4261.360s][info][gc,phases      ] GC(1162)   Other: 0.12ms
[4261.360s][info][gc,heap        ] GC(1162) Eden regions: 1117->0(1118)
[4261.360s][info][gc,heap        ] GC(1162) Survivor regions: 111->110(154)
[4261.360s][info][gc,heap        ] GC(1162) Old regions: 473->505
[4261.360s][info][gc,heap        ] GC(1162) Humongous regions: 80->80
[4261.360s][info][gc,metaspace   ] GC(1162) Metaspace: 28909K(29312K)->28909K(29312K) NonClass: 24041K(24256K)->24041K(24256K) Class: 4868K(5056K)->4868K(5056K)
[4261.360s][info][gc             ] GC(1162) Pause Young (Concurrent Start) (G1 Evacuation Pause) 3560M->1387M(4096M) 129.052ms
[4261.360s][info][gc             ] GC(1163) Concurrent Mark Cycle
[4261.360s][info][gc,marking     ] GC(1163) Concurrent Scan Root Regions
[4261.360s][info][gc,cpu         ] GC(1162) User=0.77s Sys=0.00s Real=0.13s
[4261.553s][info][gc,marking     ] GC(1163) Concurrent Scan Root Regions 193.016ms
[4261.553s][info][gc,marking     ] GC(1163) Concurrent Mark
[4261.553s][info][gc,marking     ] GC(1163) Concurrent Mark From Roots
[4261.553s][info][gc,task        ] GC(1163) Using 2 workers of 2 for marking
.[4262.587s][info][gc,marking     ] GC(1163) Concurrent Mark From Roots 1033.397ms
[4262.587s][info][gc,marking     ] GC(1163) Concurrent Preclean
[4262.587s][info][gc,marking     ] GC(1163) Concurrent Preclean 0.101ms
[4262.589s][info][gc,start       ] GC(1163) Pause Remark
[4262.596s][info][gc             ] GC(1163) Pause Remark 2499M->2499M(4096M) 6.860ms
[4262.596s][info][gc,cpu         ] GC(1163) User=0.04s Sys=0.00s Real=0.01s
[4262.597s][info][gc,marking     ] GC(1163) Concurrent Mark 1043.288ms
[4262.597s][info][gc,marking     ] GC(1163) Concurrent Rebuild Remembered Sets and Scrub Regions
.[4262.948s][info][gc,marking     ] GC(1163) Concurrent Rebuild Remembered Sets and Scrub Regions 351.525ms
[4262.949s][info][gc,start       ] GC(1163) Pause Cleanup
[4262.949s][info][gc             ] GC(1163) Pause Cleanup 2827M->2827M(4096M) 0.118ms
[4262.949s][info][gc,cpu         ] GC(1163) User=0.00s Sys=0.00s Real=0.00s
[4262.950s][info][gc,marking     ] GC(1163) Concurrent Clear Claimed Marks
[4262.950s][info][gc,marking     ] GC(1163) Concurrent Clear Claimed Marks 0.034ms
[4262.950s][info][gc,marking     ] GC(1163) Concurrent Cleanup for Next Mark
[4262.966s][info][gc,marking     ] GC(1163) Concurrent Cleanup for Next Mark 16.265ms
[4262.966s][info][gc             ] GC(1163) Concurrent Mark Cycle 1606.103ms
[4263.710s][info][gc,start       ] GC(1164) Pause Young (Prepare Mixed) (G1 Evacuation Pause)
[4263.710s][info][gc,task        ] GC(1164) Using 6 workers of 6 for evacuation
[4263.828s][info][gc,phases      ] GC(1164)   Pre Evacuate Collection Set: 0.37ms
[4263.828s][info][gc,phases      ] GC(1164)   Merge Heap Roots: 0.53ms
[4263.828s][info][gc,phases      ] GC(1164)   Evacuate Collection Set: 115.06ms
[4263.828s][info][gc,phases      ] GC(1164)   Post Evacuate Collection Set: 0.93ms
[4263.828s][info][gc,phases      ] GC(1164)   Other: 0.87ms
[4263.828s][info][gc,heap        ] GC(1164) Eden regions: 1118->0(1107)
[4263.828s][info][gc,heap        ] GC(1164) Survivor regions: 110->111(154)
[4263.828s][info][gc,heap        ] GC(1164) Old regions: 505->536
[4263.828s][info][gc,heap        ] GC(1164) Humongous regions: 80->80
[4263.828s][info][gc,metaspace   ] GC(1164) Metaspace: 28909K(29312K)->28909K(29312K) NonClass: 24041K(24256K)->24041K(24256K) Class: 4868K(5056K)->4868K(5056K)
[4263.828s][info][gc             ] GC(1164) Pause Young (Prepare Mixed) (G1 Evacuation Pause) 3623M->1452M(4096M) 117.880ms
[4263.828s][info][gc,cpu         ] GC(1164) User=0.70s Sys=0.01s Real=0.12s
...[4266.104s][info][gc,start       ] GC(1165) Pause Young (Mixed) (G1 Evacuation Pause)
[4266.104s][info][gc,task        ] GC(1165) Using 6 workers of 6 for evacuation
[4266.243s][info][gc,phases      ] GC(1165)   Pre Evacuate Collection Set: 0.36ms
[4266.243s][info][gc,phases      ] GC(1165)   Merge Heap Roots: 0.67ms
[4266.243s][info][gc,phases      ] GC(1165)   Evacuate Collection Set: 137.01ms
[4266.243s][info][gc,phases      ] GC(1165)   Post Evacuate Collection Set: 0.92ms
[4266.243s][info][gc,phases      ] GC(1165)   Other: 0.09ms
[4266.243s][info][gc,heap        ] GC(1165) Eden regions: 1107->0(1113)
[4266.243s][info][gc,heap        ] GC(1165) Survivor regions: 111->115(153)
[4266.243s][info][gc,heap        ] GC(1165) Old regions: 536->473
[4266.243s][info][gc,heap        ] GC(1165) Humongous regions: 80->80
[4266.243s][info][gc,metaspace   ] GC(1165) Metaspace: 28909K(29312K)->28909K(29312K) NonClass: 24041K(24256K)->24041K(24256K) Class: 4868K(5056K)->4868K(5056K)
[4266.243s][info][gc             ] GC(1165) Pause Young (Mixed) (G1 Evacuation Pause) 3666M->1334M(4096M) 139.171ms
[4266.243s][info][gc,cpu         ] GC(1165) User=0.83s Sys=0.00s Real=0.14s
..[4268.574s][info][gc,start       ] GC(1166) Pause Young (Concurrent Start) (G1 Evacuation Pause)
[4268.574s][info][gc,task        ] GC(1166) Using 6 workers of 6 for evacuation
[4268.692s][info][gc,phases      ] GC(1166)   Pre Evacuate Collection Set: 0.38ms
[4268.692s][info][gc,phases      ] GC(1166)   Merge Heap Roots: 0.48ms
[4268.692s][info][gc,phases      ] GC(1166)   Evacuate Collection Set: 115.38ms
[4268.692s][info][gc,phases      ] GC(1166)   Post Evacuate Collection Set: 0.86ms
[4268.692s][info][gc,phases      ] GC(1166)   Other: 0.11ms
[4268.692s][info][gc,heap        ] GC(1166) Eden regions: 1113->0(1120)
[4268.692s][info][gc,heap        ] GC(1166) Survivor regions: 115->108(154)
[4268.692s][info][gc,heap        ] GC(1166) Old regions: 473->506
[4268.692s][info][gc,heap        ] GC(1166) Humongous regions: 80->80
[4268.692s][info][gc,metaspace   ] GC(1166) Metaspace: 28909K(29312K)->28909K(29312K) NonClass: 24041K(24256K)->24041K(24256K) Class: 4868K(5056K)->4868K(5056K)
[4268.692s][info][gc             ] GC(1166) Pause Young (Concurrent Start) (G1 Evacuation Pause) 3560M->1386M(4096M) 117.342ms
[4268.692s][info][gc             ] GC(1167) Concurrent Mark Cycle
[4268.692s][info][gc,marking     ] GC(1167) Concurrent Scan Root Regions
[4268.692s][info][gc,cpu         ] GC(1166) User=0.70s Sys=0.00s Real=0.12s
.[4268.876s][info][gc,marking     ] GC(1167) Concurrent Scan Root Regions 184.084ms
[4268.876s][info][gc,marking     ] GC(1167) Concurrent Mark
[4268.876s][info][gc,marking     ] GC(1167) Concurrent Mark From Roots
[4268.876s][info][gc,task        ] GC(1167) Using 2 workers of 2 for marking
[4269.844s][info][gc,marking     ] GC(1167) Concurrent Mark From Roots 968.460ms
[4269.844s][info][gc,marking     ] GC(1167) Concurrent Preclean
[4269.845s][info][gc,marking     ] GC(1167) Concurrent Preclean 0.106ms
[4269.846s][info][gc,start       ] GC(1167) Pause Remark
[4269.853s][info][gc             ] GC(1167) Pause Remark 2466M->2466M(4096M) 7.435ms
[4269.853s][info][gc,cpu         ] GC(1167) User=0.04s Sys=0.00s Real=0.01s
[4269.853s][info][gc,marking     ] GC(1167) Concurrent Mark 977.551ms
[4269.853s][info][gc,marking     ] GC(1167) Concurrent Rebuild Remembered Sets and Scrub Regions
.[4270.169s][info][gc,marking     ] GC(1167) Concurrent Rebuild Remembered Sets and Scrub Regions 315.577ms
[4270.169s][info][gc,start       ] GC(1167) Pause Cleanup
[4270.169s][info][gc             ] GC(1167) Pause Cleanup 2758M->2758M(4096M) 0.115ms
[4270.169s][info][gc,cpu         ] GC(1167) User=0.00s Sys=0.00s Real=0.00s
[4270.171s][info][gc,marking     ] GC(1167) Concurrent Clear Claimed Marks
[4270.171s][info][gc,marking     ] GC(1167) Concurrent Clear Claimed Marks 0.045ms
[4270.171s][info][gc,marking     ] GC(1167) Concurrent Cleanup for Next Mark
[4270.176s][info][gc,marking     ] GC(1167) Concurrent Cleanup for Next Mark 5.179ms
[4270.176s][info][gc             ] GC(1167) Concurrent Mark Cycle 1484.173ms
.[4271.062s][info][gc,start       ] GC(1168) Pause Young (Prepare Mixed) (G1 Evacuation Pause)
[4271.062s][info][gc,task        ] GC(1168) Using 6 workers of 6 for evacuation
[4271.180s][info][gc,phases      ] GC(1168)   Pre Evacuate Collection Set: 0.32ms
[4271.180s][info][gc,phases      ] GC(1168)   Merge Heap Roots: 0.55ms
[4271.180s][info][gc,phases      ] GC(1168)   Evacuate Collection Set: 115.83ms
[4271.180s][info][gc,phases      ] GC(1168)   Post Evacuate Collection Set: 0.92ms
[4271.180s][info][gc,phases      ] GC(1168)   Other: 0.10ms
[4271.180s][info][gc,heap        ] GC(1168) Eden regions: 1120->0(1106)
[4271.180s][info][gc,heap        ] GC(1168) Survivor regions: 108->111(154)
[4271.180s][info][gc,heap        ] GC(1168) Old regions: 506->537
[4271.180s][info][gc,heap        ] GC(1168) Humongous regions: 80->80
[4271.180s][info][gc,metaspace   ] GC(1168) Metaspace: 28909K(29312K)->28909K(29312K) NonClass: 24041K(24256K)->24041K(24256K) Class: 4868K(5056K)->4868K(5056K)
[4271.180s][info][gc             ] GC(1168) Pause Young (Prepare Mixed) (G1 Evacuation Pause) 3626M->1453M(4096M) 117.846ms
[4271.180s][info][gc,cpu         ] GC(1168) User=0.70s Sys=0.00s Real=0.11s
..[4273.494s][info][gc,start       ] GC(1169) Pause Young (Mixed) (G1 Evacuation Pause)
[4273.494s][info][gc,task        ] GC(1169) Using 6 workers of 6 for evacuation
[4273.629s][info][gc,phases      ] GC(1169)   Pre Evacuate Collection Set: 0.34ms
[4273.629s][info][gc,phases      ] GC(1169)   Merge Heap Roots: 0.64ms
[4273.629s][info][gc,phases      ] GC(1169)   Evacuate Collection Set: 133.05ms
[4273.629s][info][gc,phases      ] GC(1169)   Post Evacuate Collection Set: 0.94ms
[4273.629s][info][gc,phases      ] GC(1169)   Other: 0.08ms
[4273.629s][info][gc,heap        ] GC(1169) Eden regions: 1106->0(1117)
[4273.629s][info][gc,heap        ] GC(1169) Survivor regions: 111->111(153)
[4273.629s][info][gc,heap        ] GC(1169) Old regions: 537->472
[4273.629s][info][gc,heap        ] GC(1169) Humongous regions: 80->80
[4273.629s][info][gc,metaspace   ] GC(1169) Metaspace: 28909K(29312K)->28909K(29312K) NonClass: 24041K(24256K)->24041K(24256K) Class: 4868K(5056K)->4868K(5056K)
[4273.629s][info][gc             ] GC(1169) Pause Young (Mixed) (G1 Evacuation Pause) 3665M->1325M(4096M) 135.187ms
[4273.629s][info][gc,cpu         ] GC(1169) User=0.80s Sys=0.00s Real=0.13s
..[4275.950s][info][gc,start       ] GC(1170) Pause Young (Concurrent Start) (G1 Evacuation Pause)
[4275.950s][info][gc,task        ] GC(1170) Using 6 workers of 6 for evacuation
[4276.069s][info][gc,phases      ] GC(1170)   Pre Evacuate Collection Set: 0.34ms
[4276.069s][info][gc,phases      ] GC(1170)   Merge Heap Roots: 0.47ms
[4276.069s][info][gc,phases      ] GC(1170)   Evacuate Collection Set: 117.31ms
[4276.069s][info][gc,phases      ] GC(1170)   Post Evacuate Collection Set: 0.87ms
[4276.069s][info][gc,phases      ] GC(1170)   Other: 0.12ms
[4276.069s][info][gc,heap        ] GC(1170) Eden regions: 1117->0(1116)
[4276.069s][info][gc,heap        ] GC(1170) Survivor regions: 111->112(154)
[4276.069s][info][gc,heap        ] GC(1170) Old regions: 472->504
[4276.069s][info][gc,heap        ] GC(1170) Humongous regions: 80->80
[4276.069s][info][gc,metaspace   ] GC(1170) Metaspace: 28909K(29312K)->28909K(29312K) NonClass: 24041K(24256K)->24041K(24256K) Class: 4868K(5056K)->4868K(5056K)
[4276.069s][info][gc             ] GC(1170) Pause Young (Concurrent Start) (G1 Evacuation Pause) 3559M->1391M(4096M) 119.245ms
[4276.069s][info][gc             ] GC(1171) Concurrent Mark Cycle
[4276.069s][info][gc,marking     ] GC(1171) Concurrent Scan Root Regions
[4276.069s][info][gc,cpu         ] GC(1170) User=0.71s Sys=0.00s Real=0.12s
.[4276.257s][info][gc,marking     ] GC(1171) Concurrent Scan Root Regions 187.690ms
[4276.257s][info][gc,marking     ] GC(1171) Concurrent Mark
[4276.257s][info][gc,marking     ] GC(1171) Concurrent Mark From Roots
[4276.257s][info][gc,task        ] GC(1171) Using 2 workers of 2 for marking
.[4277.221s][info][gc,marking     ] GC(1171) Concurrent Mark From Roots 963.993ms
[4277.221s][info][gc,marking     ] GC(1171) Concurrent Preclean
[4277.221s][info][gc,marking     ] GC(1171) Concurrent Preclean 0.091ms
[4277.221s][info][gc,start       ] GC(1171) Pause Remark
[4277.228s][info][gc             ] GC(1171) Pause Remark 2472M->2472M(4096M) 7.114ms
[4277.228s][info][gc,cpu         ] GC(1171) User=0.04s Sys=0.00s Real=0.01s
[4277.228s][info][gc,marking     ] GC(1171) Concurrent Mark 971.659ms
[4277.228s][info][gc,marking     ] GC(1171) Concurrent Rebuild Remembered Sets and Scrub Regions
[4277.645s][info][gc,marking     ] GC(1171) Concurrent Rebuild Remembered Sets and Scrub Regions 416.637ms
[4277.647s][info][gc,start       ] GC(1171) Pause Cleanup
[4277.647s][info][gc             ] GC(1171) Pause Cleanup 2877M->2877M(4096M) 0.128ms
[4277.647s][info][gc,cpu         ] GC(1171) User=0.00s Sys=0.00s Real=0.00s
[4277.647s][info][gc,marking     ] GC(1171) Concurrent Clear Claimed Marks
[4277.647s][info][gc,marking     ] GC(1171) Concurrent Clear Claimed Marks 0.032ms
[4277.647s][info][gc,marking     ] GC(1171) Concurrent Cleanup for Next Mark
[4277.652s][info][gc,marking     ] GC(1171) Concurrent Cleanup for Next Mark 4.727ms
[4277.652s][info][gc             ] GC(1171) Concurrent Mark Cycle 1583.052ms
.[4278.437s][info][gc,start       ] GC(1172) Pause Young (Prepare Mixed) (G1 Evacuation Pause)
[4278.437s][info][gc,task        ] GC(1172) Using 6 workers of 6 for evacuation
[4278.552s][info][gc,phases      ] GC(1172)   Pre Evacuate Collection Set: 0.36ms
[4278.552s][info][gc,phases      ] GC(1172)   Merge Heap Roots: 0.50ms
[4278.552s][info][gc,phases      ] GC(1172)   Evacuate Collection Set: 112.66ms
[4278.552s][info][gc,phases      ] GC(1172)   Post Evacuate Collection Set: 0.91ms
[4278.552s][info][gc,phases      ] GC(1172)   Other: 0.09ms
[4278.552s][info][gc,heap        ] GC(1172) Eden regions: 1116->0(1113)
[4278.552s][info][gc,heap        ] GC(1172) Survivor regions: 112->109(154)
[4278.552s][info][gc,heap        ] GC(1172) Old regions: 504->534
[4278.552s][info][gc,heap        ] GC(1172) Humongous regions: 80->80
[4278.552s][info][gc,metaspace   ] GC(1172) Metaspace: 28909K(29312K)->28909K(29312K) NonClass: 24041K(24256K)->24041K(24256K) Class: 4868K(5056K)->4868K(5056K)
[4278.552s][info][gc             ] GC(1172) Pause Young (Prepare Mixed) (G1 Evacuation Pause) 3623M->1445M(4096M) 114.659ms
[4278.552s][info][gc,cpu         ] GC(1172) User=0.69s Sys=0.00s Real=0.12s
..[4280.844s][info][gc,start       ] GC(1173) Pause Young (Mixed) (G1 Evacuation Pause)
[4280.845s][info][gc,task        ] GC(1173) Using 6 workers of 6 for evacuation
[4280.981s][info][gc,phases      ] GC(1173)   Pre Evacuate Collection Set: 0.40ms
[4280.981s][info][gc,phases      ] GC(1173)   Merge Heap Roots: 0.71ms
[4280.981s][info][gc,phases      ] GC(1173)   Evacuate Collection Set: 133.83ms
[4280.981s][info][gc,phases      ] GC(1173)   Post Evacuate Collection Set: 0.95ms
[4280.981s][info][gc,phases      ] GC(1173)   Other: 0.09ms
[4280.981s][info][gc,heap        ] GC(1173) Eden regions: 1113->0(1118)
[4280.981s][info][gc,heap        ] GC(1173) Survivor regions: 109->110(153)
[4280.981s][info][gc,heap        ] GC(1173) Old regions: 534->472
[4280.981s][info][gc,heap        ] GC(1173) Humongous regions: 80->80
[4280.981s][info][gc,metaspace   ] GC(1173) Metaspace: 28909K(29312K)->28909K(29312K) NonClass: 24041K(24256K)->24041K(24256K) Class: 4868K(5056K)->4868K(5056K)
[4280.981s][info][gc             ] GC(1173) Pause Young (Mixed) (G1 Evacuation Pause) 3671M->1322M(4096M) 136.101ms
[4280.981s][info][gc,cpu         ] GC(1173) User=0.81s Sys=0.00s Real=0.13s
...[4283.337s][info][gc,start       ] GC(1174) Pause Young (Concurrent Start) (G1 Evacuation Pause)
[4283.337s][info][gc,task        ] GC(1174) Using 6 workers of 6 for evacuation
[4283.454s][info][gc,phases      ] GC(1174)   Pre Evacuate Collection Set: 0.39ms
[4283.454s][info][gc,phases      ] GC(1174)   Merge Heap Roots: 0.48ms
[4283.454s][info][gc,phases      ] GC(1174)   Evacuate Collection Set: 115.36ms
[4283.454s][info][gc,phases      ] GC(1174)   Post Evacuate Collection Set: 0.84ms
[4283.454s][info][gc,phases      ] GC(1174)   Other: 0.13ms
[4283.454s][info][gc,heap        ] GC(1174) Eden regions: 1118->0(1118)
[4283.454s][info][gc,heap        ] GC(1174) Survivor regions: 110->110(154)
[4283.454s][info][gc,heap        ] GC(1174) Old regions: 472->504
[4283.454s][info][gc,heap        ] GC(1174) Humongous regions: 80->80
[4283.454s][info][gc,metaspace   ] GC(1174) Metaspace: 28909K(29312K)->28909K(29312K) NonClass: 24041K(24256K)->24041K(24256K) Class: 4868K(5056K)->4868K(5056K)
[4283.454s][info][gc             ] GC(1174) Pause Young (Concurrent Start) (G1 Evacuation Pause) 3558M->1386M(4096M) 117.315ms
[4283.454s][info][gc             ] GC(1175) Concurrent Mark Cycle
[4283.454s][info][gc,marking     ] GC(1175) Concurrent Scan Root Regions
[4283.454s][info][gc,cpu         ] GC(1174) User=0.70s Sys=0.00s Real=0.12s
[4283.647s][info][gc,marking     ] GC(1175) Concurrent Scan Root Regions 192.310ms
[4283.647s][info][gc,marking     ] GC(1175) Concurrent Mark
[4283.647s][info][gc,marking     ] GC(1175) Concurrent Mark From Roots
[4283.647s][info][gc,task        ] GC(1175) Using 2 workers of 2 for marking
.[4284.663s][info][gc,marking     ] GC(1175) Concurrent Mark From Roots 1016.436ms
[4284.663s][info][gc,marking     ] GC(1175) Concurrent Preclean
[4284.663s][info][gc,marking     ] GC(1175) Concurrent Preclean 0.096ms
[4284.664s][info][gc,start       ] GC(1175) Pause Remark
[4284.670s][info][gc             ] GC(1175) Pause Remark 2506M->2506M(4096M) 5.645ms
[4284.670s][info][gc,cpu         ] GC(1175) User=0.03s Sys=0.00s Real=0.00s
[4284.670s][info][gc,marking     ] GC(1175) Concurrent Mark 1023.322ms
[4284.670s][info][gc,marking     ] GC(1175) Concurrent Rebuild Remembered Sets and Scrub Regions
[4284.954s][info][gc,marking     ] GC(1175) Concurrent Rebuild Remembered Sets and Scrub Regions 284.360ms
[4284.955s][info][gc,start       ] GC(1175) Pause Cleanup
[4284.955s][info][gc             ] GC(1175) Pause Cleanup 2797M->2797M(4096M) 0.113ms
[4284.955s][info][gc,cpu         ] GC(1175) User=0.00s Sys=0.00s Real=0.00s
[4284.955s][info][gc,marking     ] GC(1175) Concurrent Clear Claimed Marks
[4284.955s][info][gc,marking     ] GC(1175) Concurrent Clear Claimed Marks 0.032ms
[4284.955s][info][gc,marking     ] GC(1175) Concurrent Cleanup for Next Mark
[4284.961s][info][gc,marking     ] GC(1175) Concurrent Cleanup for Next Mark 5.930ms
[4284.961s][info][gc             ] GC(1175) Concurrent Mark Cycle 1506.480ms
.[4285.798s][info][gc,start       ] GC(1176) Pause Young (Prepare Mixed) (G1 Evacuation Pause)
[4285.798s][info][gc,task        ] GC(1176) Using 6 workers of 6 for evacuation
[4285.915s][info][gc,phases      ] GC(1176)   Pre Evacuate Collection Set: 0.36ms
[4285.915s][info][gc,phases      ] GC(1176)   Merge Heap Roots: 0.56ms
[4285.915s][info][gc,phases      ] GC(1176)   Evacuate Collection Set: 115.43ms
[4285.915s][info][gc,phases      ] GC(1176)   Post Evacuate Collection Set: 0.90ms
[4285.915s][info][gc,phases      ] GC(1176)   Other: 0.08ms
[4285.915s][info][gc,heap        ] GC(1176) Eden regions: 1118->0(1109)
[4285.915s][info][gc,heap        ] GC(1176) Survivor regions: 110->110(154)
[4285.915s][info][gc,heap        ] GC(1176) Old regions: 504->536
[4285.915s][info][gc,heap        ] GC(1176) Humongous regions: 80->80
[4285.915s][info][gc,metaspace   ] GC(1176) Metaspace: 28909K(29312K)->28909K(29312K) NonClass: 24041K(24256K)->24041K(24256K) Class: 4868K(5056K)->4868K(5056K)
[4285.915s][info][gc             ] GC(1176) Pause Young (Prepare Mixed) (G1 Evacuation Pause) 3622M->1449M(4096M) 117.484ms
[4285.915s][info][gc,cpu         ] GC(1176) User=0.70s Sys=0.00s Real=0.12s
...[4288.261s][info][gc,start       ] GC(1177) Pause Young (Mixed) (G1 Evacuation Pause)
[4288.261s][info][gc,task        ] GC(1177) Using 6 workers of 6 for evacuation
[4288.397s][info][gc,phases      ] GC(1177)   Pre Evacuate Collection Set: 0.38ms
[4288.397s][info][gc,phases      ] GC(1177)   Merge Heap Roots: 0.75ms
[4288.397s][info][gc,phases      ] GC(1177)   Evacuate Collection Set: 133.76ms
[4288.397s][info][gc,phases      ] GC(1177)   Post Evacuate Collection Set: 0.92ms
[4288.397s][info][gc,phases      ] GC(1177)   Other: 0.09ms
[4288.397s][info][gc,heap        ] GC(1177) Eden regions: 1109->0(1117)
[4288.397s][info][gc,heap        ] GC(1177) Survivor regions: 110->111(153)
[4288.397s][info][gc,heap        ] GC(1177) Old regions: 536->473
[4288.397s][info][gc,heap        ] GC(1177) Humongous regions: 80->80
[4288.397s][info][gc,metaspace   ] GC(1177) Metaspace: 28909K(29312K)->28909K(29312K) NonClass: 24041K(24256K)->24041K(24256K) Class: 4868K(5056K)->4868K(5056K)
[4288.397s][info][gc             ] GC(1177) Pause Young (Mixed) (G1 Evacuation Pause) 3667M->1325M(4096M) 136.020ms
[4288.397s][info][gc,cpu         ] GC(1177) User=0.81s Sys=0.00s Real=0.14s
..[4290.674s][info][gc,start       ] GC(1178) Pause Young (Concurrent Start) (G1 Evacuation Pause)
[4290.674s][info][gc,task        ] GC(1178) Using 6 workers of 6 for evacuation
[4290.794s][info][gc,phases      ] GC(1178)   Pre Evacuate Collection Set: 0.41ms
[4290.794s][info][gc,phases      ] GC(1178)   Merge Heap Roots: 0.44ms
[4290.794s][info][gc,phases      ] GC(1178)   Evacuate Collection Set: 118.41ms
[4290.794s][info][gc,phases      ] GC(1178)   Post Evacuate Collection Set: 0.77ms
[4290.794s][info][gc,phases      ] GC(1178)   Other: 0.12ms
[4290.794s][info][gc,heap        ] GC(1178) Eden regions: 1117->0(1114)
[4290.794s][info][gc,heap        ] GC(1178) Survivor regions: 111->114(154)
[4290.794s][info][gc,heap        ] GC(1178) Old regions: 473->505
[4290.794s][info][gc,heap        ] GC(1178) Humongous regions: 80->80
[4290.794s][info][gc,metaspace   ] GC(1178) Metaspace: 28909K(29312K)->28909K(29312K) NonClass: 24041K(24256K)->24041K(24256K) Class: 4868K(5056K)->4868K(5056K)
[4290.794s][info][gc             ] GC(1178) Pause Young (Concurrent Start) (G1 Evacuation Pause) 3559M->1395M(4096M) 120.267ms
[4290.794s][info][gc             ] GC(1179) Concurrent Mark Cycle
[4290.794s][info][gc,marking     ] GC(1179) Concurrent Scan Root Regions
[4290.794s][info][gc,cpu         ] GC(1178) User=0.71s Sys=0.00s Real=0.12s
[4290.982s][info][gc,marking     ] GC(1179) Concurrent Scan Root Regions 188.084ms
[4290.982s][info][gc,marking     ] GC(1179) Concurrent Mark
[4290.982s][info][gc,marking     ] GC(1179) Concurrent Mark From Roots
[4290.982s][info][gc,task        ] GC(1179) Using 2 workers of 2 for marking
.[4291.925s][info][gc,marking     ] GC(1179) Concurrent Mark From Roots 943.104ms
[4291.925s][info][gc,marking     ] GC(1179) Concurrent Preclean
[4291.925s][info][gc,marking     ] GC(1179) Concurrent Preclean 0.094ms
[4291.926s][info][gc,start       ] GC(1179) Pause Remark
[4291.932s][info][gc             ] GC(1179) Pause Remark 2473M->2473M(4096M) 6.277ms
[4291.932s][info][gc,cpu         ] GC(1179) User=0.03s Sys=0.01s Real=0.01s
[4291.932s][info][gc,marking     ] GC(1179) Concurrent Mark 949.918ms
[4291.932s][info][gc,marking     ] GC(1179) Concurrent Rebuild Remembered Sets and Scrub Regions
.[4292.293s][info][gc,marking     ] GC(1179) Concurrent Rebuild Remembered Sets and Scrub Regions 361.075ms
[4292.293s][info][gc,start       ] GC(1179) Pause Cleanup
[4292.293s][info][gc             ] GC(1179) Pause Cleanup 2817M->2817M(4096M) 0.115ms
[4292.293s][info][gc,cpu         ] GC(1179) User=0.00s Sys=0.00s Real=0.00s
[4292.294s][info][gc,marking     ] GC(1179) Concurrent Clear Claimed Marks
[4292.294s][info][gc,marking     ] GC(1179) Concurrent Clear Claimed Marks 0.032ms
[4292.294s][info][gc,marking     ] GC(1179) Concurrent Cleanup for Next Mark
[4292.301s][info][gc,marking     ] GC(1179) Concurrent Cleanup for Next Mark 7.353ms
[4292.301s][info][gc             ] GC(1179) Concurrent Mark Cycle 1507.021ms
[4293.138s][info][gc,start       ] GC(1180) Pause Young (Prepare Mixed) (G1 Evacuation Pause)
[4293.138s][info][gc,task        ] GC(1180) Using 6 workers of 6 for evacuation
[4293.255s][info][gc,phases      ] GC(1180)   Pre Evacuate Collection Set: 0.33ms
[4293.255s][info][gc,phases      ] GC(1180)   Merge Heap Roots: 0.51ms
[4293.255s][info][gc,phases      ] GC(1180)   Evacuate Collection Set: 115.55ms
[4293.255s][info][gc,phases      ] GC(1180)   Post Evacuate Collection Set: 0.94ms
[4293.255s][info][gc,phases      ] GC(1180)   Other: 0.09ms
[4293.255s][info][gc,heap        ] GC(1180) Eden regions: 1114->0(1106)
[4293.255s][info][gc,heap        ] GC(1180) Survivor regions: 114->111(154)
[4293.255s][info][gc,heap        ] GC(1180) Old regions: 505->537
[4293.255s][info][gc,heap        ] GC(1180) Humongous regions: 80->80
[4293.255s][info][gc,metaspace   ] GC(1180) Metaspace: 28909K(29312K)->28909K(29312K) NonClass: 24041K(24256K)->24041K(24256K) Class: 4868K(5056K)->4868K(5056K)
[4293.255s][info][gc             ] GC(1180) Pause Young (Prepare Mixed) (G1 Evacuation Pause) 3623M->1454M(4096M) 117.551ms
[4293.255s][info][gc,cpu         ] GC(1180) User=0.70s Sys=0.00s Real=0.12s
...[4295.641s][info][gc,start       ] GC(1181) Pause Young (Mixed) (G1 Evacuation Pause)
[4295.641s][info][gc,task        ] GC(1181) Using 6 workers of 6 for evacuation
[4295.778s][info][gc,phases      ] GC(1181)   Pre Evacuate Collection Set: 0.35ms
[4295.778s][info][gc,phases      ] GC(1181)   Merge Heap Roots: 0.68ms
[4295.778s][info][gc,phases      ] GC(1181)   Evacuate Collection Set: 134.84ms
[4295.778s][info][gc,phases      ] GC(1181)   Post Evacuate Collection Set: 0.91ms
[4295.778s][info][gc,phases      ] GC(1181)   Other: 0.08ms
[4295.778s][info][gc,heap        ] GC(1181) Eden regions: 1106->0(1116)
[4295.778s][info][gc,heap        ] GC(1181) Survivor regions: 111->112(153)
[4295.778s][info][gc,heap        ] GC(1181) Old regions: 537->473
[4295.778s][info][gc,heap        ] GC(1181) Humongous regions: 80->80
[4295.778s][info][gc,metaspace   ] GC(1181) Metaspace: 28909K(29312K)->28909K(29312K) NonClass: 24041K(24256K)->24041K(24256K) Class: 4868K(5056K)->4868K(5056K)
[4295.778s][info][gc             ] GC(1181) Pause Young (Mixed) (G1 Evacuation Pause) 3666M->1329M(4096M) 137.006ms
[4295.778s][info][gc,cpu         ] GC(1181) User=0.82s Sys=0.00s Real=0.14s
..[4298.081s][info][gc,start       ] GC(1182) Pause Young (Concurrent Start) (G1 Evacuation Pause)
[4298.081s][info][gc,task        ] GC(1182) Using 6 workers of 6 for evacuation
[4298.203s][info][gc,phases      ] GC(1182)   Pre Evacuate Collection Set: 0.35ms
[4298.203s][info][gc,phases      ] GC(1182)   Merge Heap Roots: 0.47ms
[4298.203s][info][gc,phases      ] GC(1182)   Evacuate Collection Set: 120.61ms
[4298.203s][info][gc,phases      ] GC(1182)   Post Evacuate Collection Set: 0.86ms
[4298.203s][info][gc,phases      ] GC(1182)   Other: 0.12ms
[4298.203s][info][gc,heap        ] GC(1182) Eden regions: 1116->0(1115)
[4298.203s][info][gc,heap        ] GC(1182) Survivor regions: 112->113(154)
[4298.203s][info][gc,heap        ] GC(1182) Old regions: 473->506
[4298.203s][info][gc,heap        ] GC(1182) Humongous regions: 80->80
[4298.203s][info][gc,metaspace   ] GC(1182) Metaspace: 28909K(29312K)->28909K(29312K) NonClass: 24041K(24256K)->24041K(24256K) Class: 4868K(5056K)->4868K(5056K)
[4298.203s][info][gc             ] GC(1182) Pause Young (Concurrent Start) (G1 Evacuation Pause) 3561M->1396M(4096M) 122.541ms
[4298.203s][info][gc             ] GC(1183) Concurrent Mark Cycle
[4298.203s][info][gc,marking     ] GC(1183) Concurrent Scan Root Regions
[4298.203s][info][gc,cpu         ] GC(1182) User=0.73s Sys=0.00s Real=0.13s
.[4298.392s][info][gc,marking     ] GC(1183) Concurrent Scan Root Regions 188.473ms
[4298.392s][info][gc,marking     ] GC(1183) Concurrent Mark
[4298.392s][info][gc,marking     ] GC(1183) Concurrent Mark From Roots
[4298.392s][info][gc,task        ] GC(1183) Using 2 workers of 2 for marking
[4299.331s][info][gc,marking     ] GC(1183) Concurrent Mark From Roots 939.480ms
[4299.331s][info][gc,marking     ] GC(1183) Concurrent Preclean
[4299.332s][info][gc,marking     ] GC(1183) Concurrent Preclean 0.099ms
[4299.332s][info][gc,start       ] GC(1183) Pause Remark
[4299.340s][info][gc             ] GC(1183) Pause Remark 2453M->2453M(4096M) 8.546ms
[4299.340s][info][gc,cpu         ] GC(1183) User=0.04s Sys=0.00s Real=0.00s
[4299.341s][info][gc,marking     ] GC(1183) Concurrent Mark 948.682ms
[4299.341s][info][gc,marking     ] GC(1183) Concurrent Rebuild Remembered Sets and Scrub Regions
.[4299.753s][info][gc,marking     ] GC(1183) Concurrent Rebuild Remembered Sets and Scrub Regions 412.205ms
[4299.753s][info][gc,start       ] GC(1183) Pause Cleanup
[4299.753s][info][gc             ] GC(1183) Pause Cleanup 2805M->2805M(4096M) 0.115ms
[4299.753s][info][gc,cpu         ] GC(1183) User=0.00s Sys=0.00s Real=0.00s
[4299.757s][info][gc,marking     ] GC(1183) Concurrent Clear Claimed Marks
[4299.757s][info][gc,marking     ] GC(1183) Concurrent Clear Claimed Marks 0.059ms
[4299.757s][info][gc,marking     ] GC(1183) Concurrent Cleanup for Next Mark
[4299.770s][info][gc,marking     ] GC(1183) Concurrent Cleanup for Next Mark 13.413ms
[4299.770s][info][gc             ] GC(1183) Concurrent Mark Cycle 1566.911ms
.[4300.559s][info][gc,start       ] GC(1184) Pause Young (Prepare Mixed) (G1 Evacuation Pause)
[4300.559s][info][gc,task        ] GC(1184) Using 6 workers of 6 for evacuation
[4300.674s][info][gc,phases      ] GC(1184)   Pre Evacuate Collection Set: 0.32ms
[4300.674s][info][gc,phases      ] GC(1184)   Merge Heap Roots: 0.45ms
[4300.674s][info][gc,phases      ] GC(1184)   Evacuate Collection Set: 112.64ms
[4300.674s][info][gc,phases      ] GC(1184)   Post Evacuate Collection Set: 0.93ms
[4300.674s][info][gc,phases      ] GC(1184)   Other: 0.09ms
[4300.674s][info][gc,heap        ] GC(1184) Eden regions: 1115->0(1111)
[4300.674s][info][gc,heap        ] GC(1184) Survivor regions: 113->108(154)
[4300.674s][info][gc,heap        ] GC(1184) Old regions: 506->538
[4300.674s][info][gc,heap        ] GC(1184) Humongous regions: 80->80
[4300.674s][info][gc,metaspace   ] GC(1184) Metaspace: 28909K(29312K)->28909K(29312K) NonClass: 24041K(24256K)->24041K(24256K) Class: 4868K(5056K)->4868K(5056K)
[4300.674s][info][gc             ] GC(1184) Pause Young (Prepare Mixed) (G1 Evacuation Pause) 3626M->1451M(4096M) 114.556ms
[4300.674s][info][gc,cpu         ] GC(1184) User=0.68s Sys=0.00s Real=0.12s
..[4302.971s][info][gc,start       ] GC(1185) Pause Young (Mixed) (G1 Evacuation Pause)
[4302.971s][info][gc,task        ] GC(1185) Using 6 workers of 6 for evacuation
[4303.114s][info][gc,phases      ] GC(1185)   Pre Evacuate Collection Set: 0.36ms
[4303.114s][info][gc,phases      ] GC(1185)   Merge Heap Roots: 0.75ms
[4303.114s][info][gc,phases      ] GC(1185)   Evacuate Collection Set: 140.26ms
[4303.114s][info][gc,phases      ] GC(1185)   Post Evacuate Collection Set: 0.92ms
[4303.114s][info][gc,phases      ] GC(1185)   Other: 0.09ms
[4303.114s][info][gc,heap        ] GC(1185) Eden regions: 1111->0(1114)
[4303.114s][info][gc,heap        ] GC(1185) Survivor regions: 108->114(153)
[4303.114s][info][gc,heap        ] GC(1185) Old regions: 538->474
[4303.114s][info][gc,heap        ] GC(1185) Humongous regions: 80->80
[4303.114s][info][gc,metaspace   ] GC(1185) Metaspace: 28909K(29312K)->28909K(29312K) NonClass: 24041K(24256K)->24041K(24256K) Class: 4868K(5056K)->4868K(5056K)
[4303.114s][info][gc             ] GC(1185) Pause Young (Mixed) (G1 Evacuation Pause) 3673M->1335M(4096M) 142.522ms
[4303.114s][info][gc,cpu         ] GC(1185) User=0.85s Sys=0.00s Real=0.15s
. (rIR:aIR:PR = 7610:7645:7645) (tPR = 113927) [OK] 
  4303s: Performance info:
         Transaction,    Success,    Partial,     Failed,   Receipts, AvgBarcode, 
             Overall,     465866,          0,          0,     442587,      59.47, 
         Response times:
             Request,    Success,    Partial,     Failed,   SkipFail,     Probes,    Samples,      min,      p50,      p90,      p95,      p99,      max, 
       TotalPurchase,     442585,          0,          0,          0,     359207,     446127,      300,     6700,    72000,   113000,   173000,   466000,
     InStorePurchase,     232841,          0,          0,          0,     189002,     234615,      300,     6600,    72000,   112000,   173000,   466000,
      OnlinePurchase,     163381,          0,          0,          0,     132601,     164592,      300,     6800,    72000,   113000,   173000,   448000,
        InstPurchase,      46363,          0,          0,          0,      37604,      46920,      300,     7000,    72000,   114000,   173000,   292000,
          AssocOfCat,        457,          0,          0,          0,        366,        551,    26000,    44000,   115800,   166000,   205680,   256000,
      AssocOfProduct,       4643,          0,          0,          0,       4224,       5489,      500,     7200,    75000,   116000,   171200,   207000,
      BusinessReport,       1160,          0,          0,          0,       1037,       1416,    27000,    50000,   126300,   178150,   222000,   283000,
          CustBuyBeh,       4645,          0,          0,          0,       4327,       5588,      300,     7800,    77000,   116000,   172000,   259000,
       ProductReturn,      12374,          0,          0,          0,       9302,      11854,      200,     7700,    78000,   118000,   173450,   434000,

  4303s: (56%)   IR =   7749 .[4305.412s][info][gc,start       ] GC(1186) Pause Young (Concurrent Start) (G1 Evacuation Pause)
[4305.412s][info][gc,task        ] GC(1186) Using 6 workers of 6 for evacuation
[4305.529s][info][gc,phases      ] GC(1186)   Pre Evacuate Collection Set: 0.35ms
[4305.529s][info][gc,phases      ] GC(1186)   Merge Heap Roots: 0.48ms
[4305.529s][info][gc,phases      ] GC(1186)   Evacuate Collection Set: 114.95ms
[4305.529s][info][gc,phases      ] GC(1186)   Post Evacuate Collection Set: 0.87ms
[4305.529s][info][gc,phases      ] GC(1186)   Other: 0.11ms
[4305.529s][info][gc,heap        ] GC(1186) Eden regions: 1114->0(1118)
[4305.529s][info][gc,heap        ] GC(1186) Survivor regions: 114->110(154)
[4305.529s][info][gc,heap        ] GC(1186) Old regions: 474->506
[4305.529s][info][gc,heap        ] GC(1186) Humongous regions: 80->80
[4305.529s][info][gc,metaspace   ] GC(1186) Metaspace: 28909K(29312K)->28909K(29312K) NonClass: 24041K(24256K)->24041K(24256K) Class: 4868K(5056K)->4868K(5056K)
[4305.529s][info][gc             ] GC(1186) Pause Young (Concurrent Start) (G1 Evacuation Pause) 3563M->1390M(4096M) 116.898ms
[4305.529s][info][gc             ] GC(1187) Concurrent Mark Cycle
[4305.529s][info][gc,marking     ] GC(1187) Concurrent Scan Root Regions
[4305.529s][info][gc,cpu         ] GC(1186) User=0.70s Sys=0.00s Real=0.11s
.[4305.670s][info][gc,marking     ] GC(1187) Concurrent Scan Root Regions 141.093ms
[4305.670s][info][gc,marking     ] GC(1187) Concurrent Mark
[4305.670s][info][gc,marking     ] GC(1187) Concurrent Mark From Roots
[4305.670s][info][gc,task        ] GC(1187) Using 2 workers of 2 for marking
[4306.373s][info][gc,marking     ] GC(1187) Concurrent Mark From Roots 702.901ms
[4306.373s][info][gc,marking     ] GC(1187) Concurrent Preclean
[4306.373s][info][gc,marking     ] GC(1187) Concurrent Preclean 0.115ms
[4306.374s][info][gc,start       ] GC(1187) Pause Remark
[4306.378s][info][gc             ] GC(1187) Pause Remark 2171M->2171M(4096M) 4.578ms
[4306.378s][info][gc,cpu         ] GC(1187) User=0.02s Sys=0.00s Real=0.00s
[4306.378s][info][gc,marking     ] GC(1187) Concurrent Mark 707.929ms
[4306.378s][info][gc,marking     ] GC(1187) Concurrent Rebuild Remembered Sets and Scrub Regions
.[4306.699s][info][gc,marking     ] GC(1187) Concurrent Rebuild Remembered Sets and Scrub Regions 320.764ms
[4306.699s][info][gc,start       ] GC(1187) Pause Cleanup
[4306.699s][info][gc             ] GC(1187) Pause Cleanup 2437M->2437M(4096M) 0.117ms
[4306.699s][info][gc,cpu         ] GC(1187) User=0.00s Sys=0.00s Real=0.00s
[4306.699s][info][gc,marking     ] GC(1187) Concurrent Clear Claimed Marks
[4306.699s][info][gc,marking     ] GC(1187) Concurrent Clear Claimed Marks 0.045ms
[4306.699s][info][gc,marking     ] GC(1187) Concurrent Cleanup for Next Mark
[4306.710s][info][gc,marking     ] GC(1187) Concurrent Cleanup for Next Mark 10.743ms
[4306.710s][info][gc             ] GC(1187) Concurrent Mark Cycle 1181.153ms
.[4307.836s][info][gc,start       ] GC(1188) Pause Young (Prepare Mixed) (G1 Evacuation Pause)
[4307.836s][info][gc,task        ] GC(1188) Using 6 workers of 6 for evacuation
[4307.959s][info][gc,phases      ] GC(1188)   Pre Evacuate Collection Set: 0.35ms
[4307.959s][info][gc,phases      ] GC(1188)   Merge Heap Roots: 0.54ms
[4307.959s][info][gc,phases      ] GC(1188)   Evacuate Collection Set: 121.55ms
[4307.959s][info][gc,phases      ] GC(1188)   Post Evacuate Collection Set: 0.91ms
[4307.959s][info][gc,phases      ] GC(1188)   Other: 0.08ms
[4307.959s][info][gc,heap        ] GC(1188) Eden regions: 1118->0(1096)
[4307.959s][info][gc,heap        ] GC(1188) Survivor regions: 110->115(154)
[4307.959s][info][gc,heap        ] GC(1188) Old regions: 506->539
[4307.959s][info][gc,heap        ] GC(1188) Humongous regions: 80->80
[4307.959s][info][gc,metaspace   ] GC(1188) Metaspace: 28909K(29312K)->28909K(29312K) NonClass: 24041K(24256K)->24041K(24256K) Class: 4868K(5056K)->4868K(5056K)
[4307.959s][info][gc             ] GC(1188) Pause Young (Prepare Mixed) (G1 Evacuation Pause) 3626M->1466M(4096M) 123.548ms
[4307.959s][info][gc,cpu         ] GC(1188) User=0.74s Sys=0.00s Real=0.12s
..|[4310.217s][info][gc,start       ] GC(1189) Pause Young (Mixed) (G1 Evacuation Pause)
[4310.217s][info][gc,task        ] GC(1189) Using 6 workers of 6 for evacuation
[4310.348s][info][gc,phases      ] GC(1189)   Pre Evacuate Collection Set: 0.35ms
[4310.348s][info][gc,phases      ] GC(1189)   Merge Heap Roots: 0.69ms
[4310.348s][info][gc,phases      ] GC(1189)   Evacuate Collection Set: 129.12ms
[4310.348s][info][gc,phases      ] GC(1189)   Post Evacuate Collection Set: 0.99ms
[4310.348s][info][gc,phases      ] GC(1189)   Other: 0.09ms
[4310.348s][info][gc,heap        ] GC(1189) Eden regions: 1096->0(1121)
[4310.348s][info][gc,heap        ] GC(1189) Survivor regions: 115->107(152)
[4310.348s][info][gc,heap        ] GC(1189) Old regions: 539->475
[4310.348s][info][gc,heap        ] GC(1189) Humongous regions: 80->80
[4310.348s][info][gc,metaspace   ] GC(1189) Metaspace: 28909K(29312K)->28909K(29312K) NonClass: 24041K(24256K)->24041K(24256K) Class: 4868K(5056K)->4868K(5056K)
[4310.348s][info][gc             ] GC(1189) Pause Young (Mixed) (G1 Evacuation Pause) 3658M->1321M(4096M) 131.389ms
[4310.348s][info][gc,cpu         ] GC(1189) User=0.78s Sys=0.00s Real=0.13s
...[4312.647s][info][gc,start       ] GC(1190) Pause Young (Concurrent Start) (G1 Evacuation Pause)
[4312.648s][info][gc,task        ] GC(1190) Using 6 workers of 6 for evacuation
[4312.764s][info][gc,phases      ] GC(1190)   Pre Evacuate Collection Set: 0.41ms
[4312.764s][info][gc,phases      ] GC(1190)   Merge Heap Roots: 0.47ms
[4312.764s][info][gc,phases      ] GC(1190)   Evacuate Collection Set: 114.46ms
[4312.764s][info][gc,phases      ] GC(1190)   Post Evacuate Collection Set: 0.86ms
[4312.764s][info][gc,phases      ] GC(1190)   Other: 0.12ms
[4312.764s][info][gc,heap        ] GC(1190) Eden regions: 1121->0(1120)
[4312.764s][info][gc,heap        ] GC(1190) Survivor regions: 107->108(154)
[4312.764s][info][gc,heap        ] GC(1190) Old regions: 475->507
[4312.764s][info][gc,heap        ] GC(1190) Humongous regions: 80->80
[4312.764s][info][gc,metaspace   ] GC(1190) Metaspace: 28909K(29312K)->28909K(29312K) NonClass: 24041K(24256K)->24041K(24256K) Class: 4868K(5056K)->4868K(5056K)
[4312.764s][info][gc             ] GC(1190) Pause Young (Concurrent Start) (G1 Evacuation Pause) 3563M->1389M(4096M) 116.439ms
[4312.764s][info][gc             ] GC(1191) Concurrent Mark Cycle
[4312.764s][info][gc,marking     ] GC(1191) Concurrent Scan Root Regions
[4312.764s][info][gc,cpu         ] GC(1190) User=0.70s Sys=0.00s Real=0.12s
[4312.906s][info][gc,marking     ] GC(1191) Concurrent Scan Root Regions 142.490ms
[4312.907s][info][gc,marking     ] GC(1191) Concurrent Mark
[4312.907s][info][gc,marking     ] GC(1191) Concurrent Mark From Roots
[4312.907s][info][gc,task        ] GC(1191) Using 2 workers of 2 for marking
.[4313.716s][info][gc,marking     ] GC(1191) Concurrent Mark From Roots 809.038ms
[4313.716s][info][gc,marking     ] GC(1191) Concurrent Preclean
[4313.716s][info][gc,marking     ] GC(1191) Concurrent Preclean 0.097ms
[4313.718s][info][gc,start       ] GC(1191) Pause Remark
[4313.723s][info][gc             ] GC(1191) Pause Remark 2257M->2257M(4096M) 5.600ms
[4313.723s][info][gc,cpu         ] GC(1191) User=0.03s Sys=0.00s Real=0.01s
[4313.723s][info][gc,marking     ] GC(1191) Concurrent Mark 816.953ms
[4313.724s][info][gc,marking     ] GC(1191) Concurrent Rebuild Remembered Sets and Scrub Regions
[4313.992s][info][gc,marking     ] GC(1191) Concurrent Rebuild Remembered Sets and Scrub Regions 268.117ms
[4313.992s][info][gc,start       ] GC(1191) Pause Cleanup
[4313.992s][info][gc             ] GC(1191) Pause Cleanup 2536M->2536M(4096M) 0.115ms
[4313.992s][info][gc,cpu         ] GC(1191) User=0.00s Sys=0.00s Real=0.00s
[4313.992s][info][gc,marking     ] GC(1191) Concurrent Clear Claimed Marks
[4313.992s][info][gc,marking     ] GC(1191) Concurrent Clear Claimed Marks 0.026ms
[4313.992s][info][gc,marking     ] GC(1191) Concurrent Cleanup for Next Mark
[4313.997s][info][gc,marking     ] GC(1191) Concurrent Cleanup for Next Mark 4.572ms
[4313.997s][info][gc             ] GC(1191) Concurrent Mark Cycle 1232.687ms
.[4315.126s][info][gc,start       ] GC(1192) Pause Young (Prepare Mixed) (G1 Evacuation Pause)
[4315.127s][info][gc,task        ] GC(1192) Using 6 workers of 6 for evacuation
[4315.244s][info][gc,phases      ] GC(1192)   Pre Evacuate Collection Set: 0.35ms
[4315.244s][info][gc,phases      ] GC(1192)   Merge Heap Roots: 0.49ms
[4315.244s][info][gc,phases      ] GC(1192)   Evacuate Collection Set: 115.95ms
[4315.244s][info][gc,phases      ] GC(1192)   Post Evacuate Collection Set: 0.90ms
[4315.244s][info][gc,phases      ] GC(1192)   Other: 0.09ms
[4315.244s][info][gc,heap        ] GC(1192) Eden regions: 1120->0(1103)
[4315.244s][info][gc,heap        ] GC(1192) Survivor regions: 108->112(154)
[4315.244s][info][gc,heap        ] GC(1192) Old regions: 507->538
[4315.244s][info][gc,heap        ] GC(1192) Humongous regions: 80->80
[4315.244s][info][gc,metaspace   ] GC(1192) Metaspace: 28909K(29312K)->28909K(29312K) NonClass: 24041K(24256K)->24041K(24256K) Class: 4868K(5056K)->4868K(5056K)
[4315.244s][info][gc             ] GC(1192) Pause Young (Prepare Mixed) (G1 Evacuation Pause) 3629M->1458M(4096M) 117.904ms
[4315.244s][info][gc,cpu         ] GC(1192) User=0.70s Sys=0.00s Real=0.12s
..[4317.444s][info][gc,start       ] GC(1193) Pause Young (Mixed) (G1 Evacuation Pause)
[4317.444s][info][gc,task        ] GC(1193) Using 6 workers of 6 for evacuation
[4317.580s][info][gc,phases      ] GC(1193)   Pre Evacuate Collection Set: 0.35ms
[4317.580s][info][gc,phases      ] GC(1193)   Merge Heap Roots: 0.68ms
[4317.580s][info][gc,phases      ] GC(1193)   Evacuate Collection Set: 133.44ms
[4317.580s][info][gc,phases      ] GC(1193)   Post Evacuate Collection Set: 0.91ms
[4317.580s][info][gc,phases      ] GC(1193)   Other: 0.09ms
[4317.580s][info][gc,heap        ] GC(1193) Eden regions: 1103->0(1116)
[4317.580s][info][gc,heap        ] GC(1193) Survivor regions: 112->112(152)
[4317.580s][info][gc,heap        ] GC(1193) Old regions: 538->475
[4317.580s][info][gc,heap        ] GC(1193) Humongous regions: 80->80
[4317.580s][info][gc,metaspace   ] GC(1193) Metaspace: 28909K(29312K)->28909K(29312K) NonClass: 24041K(24256K)->24041K(24256K) Class: 4868K(5056K)->4868K(5056K)
[4317.580s][info][gc             ] GC(1193) Pause Young (Mixed) (G1 Evacuation Pause) 3664M->1331M(4096M) 135.603ms
[4317.580s][info][gc,cpu         ] GC(1193) User=0.80s Sys=0.00s Real=0.13s
...[4319.854s][info][gc,start       ] GC(1194) Pause Young (Concurrent Start) (G1 Evacuation Pause)
[4319.854s][info][gc,task        ] GC(1194) Using 6 workers of 6 for evacuation
[4319.975s][info][gc,phases      ] GC(1194)   Pre Evacuate Collection Set: 0.36ms
[4319.975s][info][gc,phases      ] GC(1194)   Merge Heap Roots: 0.44ms
[4319.975s][info][gc,phases      ] GC(1194)   Evacuate Collection Set: 119.96ms
[4319.975s][info][gc,phases      ] GC(1194)   Post Evacuate Collection Set: 0.89ms
[4319.975s][info][gc,phases      ] GC(1194)   Other: 0.12ms
[4319.975s][info][gc,heap        ] GC(1194) Eden regions: 1116->0(1114)
[4319.975s][info][gc,heap        ] GC(1194) Survivor regions: 112->114(154)
[4319.975s][info][gc,heap        ] GC(1194) Old regions: 475->507
[4319.975s][info][gc,heap        ] GC(1194) Humongous regions: 80->80
[4319.975s][info][gc,metaspace   ] GC(1194) Metaspace: 28909K(29312K)->28909K(29312K) NonClass: 24041K(24256K)->24041K(24256K) Class: 4868K(5056K)->4868K(5056K)
[4319.976s][info][gc             ] GC(1194) Pause Young (Concurrent Start) (G1 Evacuation Pause) 3563M->1401M(4096M) 121.909ms
[4319.976s][info][gc             ] GC(1195) Concurrent Mark Cycle
[4319.976s][info][gc,marking     ] GC(1195) Concurrent Scan Root Regions
[4319.976s][info][gc,cpu         ] GC(1194) User=0.73s Sys=0.00s Real=0.12s
[4320.129s][info][gc,marking     ] GC(1195) Concurrent Scan Root Regions 153.137ms
[4320.129s][info][gc,marking     ] GC(1195) Concurrent Mark
[4320.129s][info][gc,marking     ] GC(1195) Concurrent Mark From Roots
[4320.129s][info][gc,task        ] GC(1195) Using 2 workers of 2 for marking
.[4320.826s][info][gc,marking     ] GC(1195) Concurrent Mark From Roots 697.510ms
[4320.826s][info][gc,marking     ] GC(1195) Concurrent Preclean
[4320.826s][info][gc,marking     ] GC(1195) Concurrent Preclean 0.098ms
[4320.827s][info][gc,start       ] GC(1195) Pause Remark
[4320.833s][info][gc             ] GC(1195) Pause Remark 2177M->2177M(4096M) 5.871ms
[4320.833s][info][gc,cpu         ] GC(1195) User=0.04s Sys=0.00s Real=0.01s
[4320.833s][info][gc,marking     ] GC(1195) Concurrent Mark 704.662ms
[4320.833s][info][gc,marking     ] GC(1195) Concurrent Rebuild Remembered Sets and Scrub Regions
[4321.100s][info][gc,marking     ] GC(1195) Concurrent Rebuild Remembered Sets and Scrub Regions 266.416ms
[4321.100s][info][gc,start       ] GC(1195) Pause Cleanup
[4321.100s][info][gc             ] GC(1195) Pause Cleanup 2459M->2459M(4096M) 0.134ms
[4321.100s][info][gc,cpu         ] GC(1195) User=0.00s Sys=0.00s Real=0.00s
[4321.100s][info][gc,marking     ] GC(1195) Concurrent Clear Claimed Marks
[4321.100s][info][gc,marking     ] GC(1195) Concurrent Clear Claimed Marks 0.023ms
[4321.100s][info][gc,marking     ] GC(1195) Concurrent Cleanup for Next Mark
[4321.105s][info][gc,marking     ] GC(1195) Concurrent Cleanup for Next Mark 5.126ms
[4321.105s][info][gc             ] GC(1195) Concurrent Mark Cycle 1129.916ms
.[4322.245s][info][gc,start       ] GC(1196) Pause Young (Prepare Mixed) (G1 Evacuation Pause)
[4322.245s][info][gc,task        ] GC(1196) Using 6 workers of 6 for evacuation
[4322.365s][info][gc,phases      ] GC(1196)   Pre Evacuate Collection Set: 0.31ms
[4322.365s][info][gc,phases      ] GC(1196)   Merge Heap Roots: 0.52ms
[4322.365s][info][gc,phases      ] GC(1196)   Evacuate Collection Set: 118.39ms
[4322.365s][info][gc,phases      ] GC(1196)   Post Evacuate Collection Set: 0.89ms
[4322.365s][info][gc,phases      ] GC(1196)   Other: 0.09ms
[4322.365s][info][gc,heap        ] GC(1196) Eden regions: 1114->0(1103)
[4322.365s][info][gc,heap        ] GC(1196) Survivor regions: 114->112(154)
[4322.365s][info][gc,heap        ] GC(1196) Old regions: 507->538
[4322.365s][info][gc,heap        ] GC(1196) Humongous regions: 80->80
[4322.365s][info][gc,metaspace   ] GC(1196) Metaspace: 28909K(29312K)->28909K(29312K) NonClass: 24041K(24256K)->24041K(24256K) Class: 4868K(5056K)->4868K(5056K)
[4322.365s][info][gc             ] GC(1196) Pause Young (Prepare Mixed) (G1 Evacuation Pause) 3629M->1458M(4096M) 120.344ms
[4322.365s][info][gc,cpu         ] GC(1196) User=0.72s Sys=0.00s Real=0.12s
..[4324.643s][info][gc,start       ] GC(1197) Pause Young (Mixed) (G1 Evacuation Pause)
[4324.643s][info][gc,task        ] GC(1197) Using 6 workers of 6 for evacuation
[4324.784s][info][gc,phases      ] GC(1197)   Pre Evacuate Collection Set: 0.36ms
[4324.784s][info][gc,phases      ] GC(1197)   Merge Heap Roots: 0.60ms
[4324.784s][info][gc,phases      ] GC(1197)   Evacuate Collection Set: 139.13ms
[4324.784s][info][gc,phases      ] GC(1197)   Post Evacuate Collection Set: 0.95ms
[4324.784s][info][gc,phases      ] GC(1197)   Other: 0.09ms
[4324.784s][info][gc,heap        ] GC(1197) Eden regions: 1103->0(1110)
[4324.784s][info][gc,heap        ] GC(1197) Survivor regions: 112->118(152)
[4324.784s][info][gc,heap        ] GC(1197) Old regions: 538->473
[4324.784s][info][gc,heap        ] GC(1197) Humongous regions: 80->80
[4324.784s][info][gc,metaspace   ] GC(1197) Metaspace: 28909K(29312K)->28909K(29312K) NonClass: 24041K(24256K)->24041K(24256K) Class: 4868K(5056K)->4868K(5056K)
[4324.784s][info][gc             ] GC(1197) Pause Young (Mixed) (G1 Evacuation Pause) 3664M->1340M(4096M) 141.289ms
[4324.784s][info][gc,cpu         ] GC(1197) User=0.84s Sys=0.00s Real=0.14s
...[4327.020s][info][gc,start       ] GC(1198) Pause Young (Concurrent Start) (G1 Evacuation Pause)
[4327.020s][info][gc,task        ] GC(1198) Using 6 workers of 6 for evacuation
[4327.137s][info][gc,phases      ] GC(1198)   Pre Evacuate Collection Set: 0.33ms
[4327.137s][info][gc,phases      ] GC(1198)   Merge Heap Roots: 0.45ms
[4327.137s][info][gc,phases      ] GC(1198)   Evacuate Collection Set: 114.39ms
[4327.137s][info][gc,phases      ] GC(1198)   Post Evacuate Collection Set: 0.89ms
[4327.137s][info][gc,phases      ] GC(1198)   Other: 0.11ms
[4327.137s][info][gc,heap        ] GC(1198) Eden regions: 1110->0(1118)
[4327.137s][info][gc,heap        ] GC(1198) Survivor regions: 118->110(154)
[4327.137s][info][gc,heap        ] GC(1198) Old regions: 473->505
[4327.137s][info][gc,heap        ] GC(1198) Humongous regions: 80->80
[4327.137s][info][gc,metaspace   ] GC(1198) Metaspace: 28909K(29312K)->28909K(29312K) NonClass: 24041K(24256K)->24041K(24256K) Class: 4868K(5056K)->4868K(5056K)
[4327.137s][info][gc             ] GC(1198) Pause Young (Concurrent Start) (G1 Evacuation Pause) 3560M->1389M(4096M) 116.306ms
[4327.137s][info][gc             ] GC(1199) Concurrent Mark Cycle
[4327.137s][info][gc,marking     ] GC(1199) Concurrent Scan Root Regions
[4327.137s][info][gc,cpu         ] GC(1198) User=0.69s Sys=0.00s Real=0.12s
[4327.280s][info][gc,marking     ] GC(1199) Concurrent Scan Root Regions 143.096ms
[4327.280s][info][gc,marking     ] GC(1199) Concurrent Mark
[4327.280s][info][gc,marking     ] GC(1199) Concurrent Mark From Roots
[4327.280s][info][gc,task        ] GC(1199) Using 2 workers of 2 for marking
.[4327.979s][info][gc,marking     ] GC(1199) Concurrent Mark From Roots 698.672ms
[4327.979s][info][gc,marking     ] GC(1199) Concurrent Preclean
[4327.979s][info][gc,marking     ] GC(1199) Concurrent Preclean 0.097ms
[4327.981s][info][gc,start       ] GC(1199) Pause Remark
[4327.986s][info][gc             ] GC(1199) Pause Remark 2147M->2147M(4096M) 5.613ms
[4327.986s][info][gc,cpu         ] GC(1199) User=0.04s Sys=0.00s Real=0.01s
[4327.986s][info][gc,marking     ] GC(1199) Concurrent Mark 706.445ms
[4327.986s][info][gc,marking     ] GC(1199) Concurrent Rebuild Remembered Sets and Scrub Regions
[4328.249s][info][gc,marking     ] GC(1199) Concurrent Rebuild Remembered Sets and Scrub Regions 263.076ms
[4328.250s][info][gc,start       ] GC(1199) Pause Cleanup
[4328.250s][info][gc             ] GC(1199) Pause Cleanup 2393M->2393M(4096M) 0.099ms
[4328.250s][info][gc,cpu         ] GC(1199) User=0.00s Sys=0.00s Real=0.00s
[4328.250s][info][gc,marking     ] GC(1199) Concurrent Clear Claimed Marks
[4328.250s][info][gc,marking     ] GC(1199) Concurrent Clear Claimed Marks 0.022ms
[4328.250s][info][gc,marking     ] GC(1199) Concurrent Cleanup for Next Mark
[4328.255s][info][gc,marking     ] GC(1199) Concurrent Cleanup for Next Mark 5.209ms
[4328.255s][info][gc             ] GC(1199) Concurrent Mark Cycle 1118.603ms
.[4329.529s][info][gc,start       ] GC(1200) Pause Young (Prepare Mixed) (G1 Evacuation Pause)
[4329.529s][info][gc,task        ] GC(1200) Using 6 workers of 6 for evacuation
[4329.644s][info][gc,phases      ] GC(1200)   Pre Evacuate Collection Set: 0.31ms
[4329.644s][info][gc,phases      ] GC(1200)   Merge Heap Roots: 0.50ms
[4329.644s][info][gc,phases      ] GC(1200)   Evacuate Collection Set: 113.48ms
[4329.644s][info][gc,phases      ] GC(1200)   Post Evacuate Collection Set: 0.88ms
[4329.644s][info][gc,phases      ] GC(1200)   Other: 0.08ms
[4329.644s][info][gc,heap        ] GC(1200) Eden regions: 1118->0(1110)
[4329.644s][info][gc,heap        ] GC(1200) Survivor regions: 110->109(154)
[4329.644s][info][gc,heap        ] GC(1200) Old regions: 505->537
[4329.644s][info][gc,heap        ] GC(1200) Humongous regions: 80->80
[4329.644s][info][gc,metaspace   ] GC(1200) Metaspace: 28909K(29312K)->28909K(29312K) NonClass: 24041K(24256K)->24041K(24256K) Class: 4868K(5056K)->4868K(5056K)
[4329.644s][info][gc             ] GC(1200) Pause Young (Prepare Mixed) (G1 Evacuation Pause) 3625M->1450M(4096M) 115.377ms
[4329.644s][info][gc,cpu         ] GC(1200) User=0.69s Sys=0.00s Real=0.12s
...[4331.859s][info][gc,start       ] GC(1201) Pause Young (Mixed) (G1 Evacuation Pause)
[4331.859s][info][gc,task        ] GC(1201) Using 6 workers of 6 for evacuation
[4331.998s][info][gc,phases      ] GC(1201)   Pre Evacuate Collection Set: 0.35ms
[4331.998s][info][gc,phases      ] GC(1201)   Merge Heap Roots: 0.75ms
[4331.998s][info][gc,phases      ] GC(1201)   Evacuate Collection Set: 136.78ms
[4331.998s][info][gc,phases      ] GC(1201)   Post Evacuate Collection Set: 0.91ms
[4331.998s][info][gc,phases      ] GC(1201)   Other: 0.09ms
[4331.998s][info][gc,heap        ] GC(1201) Eden regions: 1110->0(1115)
[4331.998s][info][gc,heap        ] GC(1201) Survivor regions: 109->113(153)
[4331.998s][info][gc,heap        ] GC(1201) Old regions: 537->475
[4331.998s][info][gc,heap        ] GC(1201) Humongous regions: 80->80
[4331.998s][info][gc,metaspace   ] GC(1201) Metaspace: 28909K(29312K)->28909K(29312K) NonClass: 24041K(24256K)->24041K(24256K) Class: 4868K(5056K)->4868K(5056K)
[4331.998s][info][gc             ] GC(1201) Pause Young (Mixed) (G1 Evacuation Pause) 3670M->1334M(4096M) 139.003ms
[4331.998s][info][gc,cpu         ] GC(1201) User=0.82s Sys=0.00s Real=0.14s
..[4334.349s][info][gc,start       ] GC(1202) Pause Young (Concurrent Start) (G1 Evacuation Pause)
[4334.349s][info][gc,task        ] GC(1202) Using 6 workers of 6 for evacuation
[4334.463s][info][gc,phases      ] GC(1202)   Pre Evacuate Collection Set: 0.39ms
[4334.463s][info][gc,phases      ] GC(1202)   Merge Heap Roots: 0.43ms
[4334.463s][info][gc,phases      ] GC(1202)   Evacuate Collection Set: 112.11ms
[4334.463s][info][gc,phases      ] GC(1202)   Post Evacuate Collection Set: 0.86ms
[4334.463s][info][gc,phases      ] GC(1202)   Other: 0.13ms
[4334.463s][info][gc,heap        ] GC(1202) Eden regions: 1115->0(1121)
[4334.463s][info][gc,heap        ] GC(1202) Survivor regions: 113->107(154)
[4334.463s][info][gc,heap        ] GC(1202) Old regions: 475->508
[4334.463s][info][gc,heap        ] GC(1202) Humongous regions: 80->80
[4334.463s][info][gc,metaspace   ] GC(1202) Metaspace: 28909K(29312K)->28909K(29312K) NonClass: 24041K(24256K)->24041K(24256K) Class: 4868K(5056K)->4868K(5056K)
[4334.463s][info][gc             ] GC(1202) Pause Young (Concurrent Start) (G1 Evacuation Pause) 3564M->1387M(4096M) 114.073ms
[4334.463s][info][gc             ] GC(1203) Concurrent Mark Cycle
[4334.463s][info][gc,marking     ] GC(1203) Concurrent Scan Root Regions
[4334.463s][info][gc,cpu         ] GC(1202) User=0.68s Sys=0.00s Real=0.12s
[4334.609s][info][gc,marking     ] GC(1203) Concurrent Scan Root Regions 146.294ms
[4334.609s][info][gc,marking     ] GC(1203) Concurrent Mark
[4334.609s][info][gc,marking     ] GC(1203) Concurrent Mark From Roots
[4334.609s][info][gc,task        ] GC(1203) Using 2 workers of 2 for marking
.[4335.163s][info][gc,marking     ] GC(1203) Concurrent Mark From Roots 554.187ms
[4335.163s][info][gc,marking     ] GC(1203) Concurrent Preclean
[4335.163s][info][gc,marking     ] GC(1203) Concurrent Preclean 0.075ms
[4335.164s][info][gc,start       ] GC(1203) Pause Remark
[4335.169s][info][gc             ] GC(1203) Pause Remark 1978M->1978M(4096M) 5.106ms
[4335.169s][info][gc,cpu         ] GC(1203) User=0.03s Sys=0.00s Real=0.00s
[4335.169s][info][gc,marking     ] GC(1203) Concurrent Mark 559.657ms
[4335.169s][info][gc,marking     ] GC(1203) Concurrent Rebuild Remembered Sets and Scrub Regions
[4335.377s][info][gc,marking     ] GC(1203) Concurrent Rebuild Remembered Sets and Scrub Regions 208.076ms
[4335.377s][info][gc,start       ] GC(1203) Pause Cleanup
[4335.377s][info][gc             ] GC(1203) Pause Cleanup 2155M->2155M(4096M) 0.114ms
[4335.377s][info][gc,cpu         ] GC(1203) User=0.00s Sys=0.00s Real=0.00s
[4335.377s][info][gc,marking     ] GC(1203) Concurrent Clear Claimed Marks
[4335.377s][info][gc,marking     ] GC(1203) Concurrent Clear Claimed Marks 0.021ms
[4335.377s][info][gc,marking     ] GC(1203) Concurrent Cleanup for Next Mark
[4335.382s][info][gc,marking     ] GC(1203) Concurrent Cleanup for Next Mark 5.092ms
[4335.382s][info][gc             ] GC(1203) Concurrent Mark Cycle 919.621ms
.[4336.792s][info][gc,start       ] GC(1204) Pause Young (Prepare Mixed) (G1 Evacuation Pause)
[4336.792s][info][gc,task        ] GC(1204) Using 6 workers of 6 for evacuation
[4336.916s][info][gc,phases      ] GC(1204)   Pre Evacuate Collection Set: 0.33ms
[4336.916s][info][gc,phases      ] GC(1204)   Merge Heap Roots: 0.48ms
[4336.916s][info][gc,phases      ] GC(1204)   Evacuate Collection Set: 122.14ms
[4336.916s][info][gc,phases      ] GC(1204)   Post Evacuate Collection Set: 0.91ms
[4336.916s][info][gc,phases      ] GC(1204)   Other: 0.09ms
[4336.916s][info][gc,heap        ] GC(1204) Eden regions: 1121->0(1094)
[4336.916s][info][gc,heap        ] GC(1204) Survivor regions: 107->116(154)
[4336.916s][info][gc,heap        ] GC(1204) Old regions: 508->539
[4336.916s][info][gc,heap        ] GC(1204) Humongous regions: 80->80
[4336.916s][info][gc,metaspace   ] GC(1204) Metaspace: 28909K(29312K)->28909K(29312K) NonClass: 24041K(24256K)->24041K(24256K) Class: 4868K(5056K)->4868K(5056K)
[4336.916s][info][gc             ] GC(1204) Pause Young (Prepare Mixed) (G1 Evacuation Pause) 3629M->1469M(4096M) 124.087ms
[4336.916s][info][gc,cpu         ] GC(1204) User=0.74s Sys=0.00s Real=0.12s
...[4339.175s][info][gc,start       ] GC(1205) Pause Young (Mixed) (G1 Evacuation Pause)
[4339.175s][info][gc,task        ] GC(1205) Using 6 workers of 6 for evacuation
[4339.310s][info][gc,phases      ] GC(1205)   Pre Evacuate Collection Set: 0.35ms
[4339.310s][info][gc,phases      ] GC(1205)   Merge Heap Roots: 0.72ms
[4339.310s][info][gc,phases      ] GC(1205)   Evacuate Collection Set: 132.37ms
[4339.310s][info][gc,phases      ] GC(1205)   Post Evacuate Collection Set: 0.93ms
[4339.310s][info][gc,phases      ] GC(1205)   Other: 0.10ms
[4339.310s][info][gc,heap        ] GC(1205) Eden regions: 1094->0(1116)
[4339.310s][info][gc,heap        ] GC(1205) Survivor regions: 116->112(152)
[4339.310s][info][gc,heap        ] GC(1205) Old regions: 539->473
[4339.310s][info][gc,heap        ] GC(1205) Humongous regions: 80->80
[4339.310s][info][gc,metaspace   ] GC(1205) Metaspace: 28909K(29312K)->28909K(29312K) NonClass: 24041K(24256K)->24041K(24256K) Class: 4868K(5056K)->4868K(5056K)
[4339.310s][info][gc             ] GC(1205) Pause Young (Mixed) (G1 Evacuation Pause) 3657M->1328M(4096M) 134.614ms
[4339.310s][info][gc,cpu         ] GC(1205) User=0.80s Sys=0.00s Real=0.13s
..[4341.646s][info][gc,start       ] GC(1206) Pause Young (Concurrent Start) (G1 Evacuation Pause)
[4341.646s][info][gc,task        ] GC(1206) Using 6 workers of 6 for evacuation
[4341.764s][info][gc,phases      ] GC(1206)   Pre Evacuate Collection Set: 0.41ms
[4341.764s][info][gc,phases      ] GC(1206)   Merge Heap Roots: 0.46ms
[4341.764s][info][gc,phases      ] GC(1206)   Evacuate Collection Set: 115.77ms
[4341.764s][info][gc,phases      ] GC(1206)   Post Evacuate Collection Set: 0.87ms
[4341.764s][info][gc,phases      ] GC(1206)   Other: 0.12ms
[4341.764s][info][gc,heap        ] GC(1206) Eden regions: 1116->0(1119)
[4341.764s][info][gc,heap        ] GC(1206) Survivor regions: 112->109(154)
[4341.764s][info][gc,heap        ] GC(1206) Old regions: 473->506
[4341.764s][info][gc,heap        ] GC(1206) Humongous regions: 80->80
[4341.764s][info][gc,metaspace   ] GC(1206) Metaspace: 28909K(29312K)->28909K(29312K) NonClass: 24041K(24256K)->24041K(24256K) Class: 4868K(5056K)->4868K(5056K)
[4341.764s][info][gc             ] GC(1206) Pause Young (Concurrent Start) (G1 Evacuation Pause) 3560M->1388M(4096M) 117.786ms
[4341.764s][info][gc             ] GC(1207) Concurrent Mark Cycle
[4341.764s][info][gc,marking     ] GC(1207) Concurrent Scan Root Regions
[4341.764s][info][gc,cpu         ] GC(1206) User=0.70s Sys=0.00s Real=0.12s
[4341.946s][info][gc,marking     ] GC(1207) Concurrent Scan Root Regions 182.537ms
[4341.946s][info][gc,marking     ] GC(1207) Concurrent Mark
[4341.946s][info][gc,marking     ] GC(1207) Concurrent Mark From Roots
[4341.946s][info][gc,task        ] GC(1207) Using 2 workers of 2 for marking
.[4342.904s][info][gc,marking     ] GC(1207) Concurrent Mark From Roots 957.926ms
[4342.904s][info][gc,marking     ] GC(1207) Concurrent Preclean
[4342.905s][info][gc,marking     ] GC(1207) Concurrent Preclean 0.131ms
[4342.905s][info][gc,start       ] GC(1207) Pause Remark
[4342.912s][info][gc             ] GC(1207) Pause Remark 2486M->2486M(4096M) 6.599ms
[4342.912s][info][gc,cpu         ] GC(1207) User=0.04s Sys=0.00s Real=0.01s
[4342.912s][info][gc,marking     ] GC(1207) Concurrent Mark 965.317ms
[4342.912s][info][gc,marking     ] GC(1207) Concurrent Rebuild Remembered Sets and Scrub Regions
.[4343.329s][info][gc,marking     ] GC(1207) Concurrent Rebuild Remembered Sets and Scrub Regions 417.163ms
[4343.330s][info][gc,start       ] GC(1207) Pause Cleanup
[4343.330s][info][gc             ] GC(1207) Pause Cleanup 2916M->2916M(4096M) 0.116ms
[4343.330s][info][gc,cpu         ] GC(1207) User=0.00s Sys=0.00s Real=0.00s
[4343.330s][info][gc,marking     ] GC(1207) Concurrent Clear Claimed Marks
[4343.330s][info][gc,marking     ] GC(1207) Concurrent Clear Claimed Marks 0.028ms
[4343.330s][info][gc,marking     ] GC(1207) Concurrent Cleanup for Next Mark
[4343.340s][info][gc,marking     ] GC(1207) Concurrent Cleanup for Next Mark 10.529ms
[4343.340s][info][gc             ] GC(1207) Concurrent Mark Cycle 1576.602ms
.[4344.064s][info][gc,start       ] GC(1208) Pause Young (Prepare Mixed) (G1 Evacuation Pause)
[4344.064s][info][gc,task        ] GC(1208) Using 6 workers of 6 for evacuation
[4344.182s][info][gc,phases      ] GC(1208)   Pre Evacuate Collection Set: 0.34ms
[4344.182s][info][gc,phases      ] GC(1208)   Merge Heap Roots: 0.53ms
[4344.182s][info][gc,phases      ] GC(1208)   Evacuate Collection Set: 116.16ms
[4344.182s][info][gc,phases      ] GC(1208)   Post Evacuate Collection Set: 0.91ms
[4344.182s][info][gc,phases      ] GC(1208)   Other: 0.11ms
[4344.182s][info][gc,heap        ] GC(1208) Eden regions: 1119->0(1105)
[4344.182s][info][gc,heap        ] GC(1208) Survivor regions: 109->111(154)
[4344.182s][info][gc,heap        ] GC(1208) Old regions: 506->538
[4344.182s][info][gc,heap        ] GC(1208) Humongous regions: 80->80
[4344.182s][info][gc,metaspace   ] GC(1208) Metaspace: 28909K(29312K)->28909K(29312K) NonClass: 24041K(24256K)->24041K(24256K) Class: 4868K(5056K)->4868K(5056K)
[4344.182s][info][gc             ] GC(1208) Pause Young (Prepare Mixed) (G1 Evacuation Pause) 3626M->1455M(4096M) 118.174ms
[4344.182s][info][gc,cpu         ] GC(1208) User=0.70s Sys=0.00s Real=0.12s
..[4346.426s][info][gc,start       ] GC(1209) Pause Young (Mixed) (G1 Evacuation Pause)
[4346.426s][info][gc,task        ] GC(1209) Using 6 workers of 6 for evacuation
[4346.561s][info][gc,phases      ] GC(1209)   Pre Evacuate Collection Set: 0.37ms
[4346.561s][info][gc,phases      ] GC(1209)   Merge Heap Roots: 0.67ms
[4346.561s][info][gc,phases      ] GC(1209)   Evacuate Collection Set: 133.33ms
[4346.561s][info][gc,phases      ] GC(1209)   Post Evacuate Collection Set: 0.95ms
[4346.561s][info][gc,phases      ] GC(1209)   Other: 0.09ms
[4346.561s][info][gc,heap        ] GC(1209) Eden regions: 1105->0(1119)
[4346.561s][info][gc,heap        ] GC(1209) Survivor regions: 111->109(152)
[4346.561s][info][gc,heap        ] GC(1209) Old regions: 538->475
[4346.561s][info][gc,heap        ] GC(1209) Humongous regions: 80->80
[4346.561s][info][gc,metaspace   ] GC(1209) Metaspace: 28909K(29312K)->28909K(29312K) NonClass: 24041K(24256K)->24041K(24256K) Class: 4868K(5056K)->4868K(5056K)
[4346.561s][info][gc             ] GC(1209) Pause Young (Mixed) (G1 Evacuation Pause) 3665M->1326M(4096M) 135.550ms
[4346.561s][info][gc,cpu         ] GC(1209) User=0.80s Sys=0.00s Real=0.13s
..[4348.934s][info][gc,start       ] GC(1210) Pause Young (Concurrent Start) (G1 Evacuation Pause)
[4348.934s][info][gc,task        ] GC(1210) Using 6 workers of 6 for evacuation
[4349.051s][info][gc,phases      ] GC(1210)   Pre Evacuate Collection Set: 0.38ms
[4349.051s][info][gc,phases      ] GC(1210)   Merge Heap Roots: 0.45ms
[4349.051s][info][gc,phases      ] GC(1210)   Evacuate Collection Set: 115.66ms
[4349.051s][info][gc,phases      ] GC(1210)   Post Evacuate Collection Set: 0.87ms
[4349.051s][info][gc,phases      ] GC(1210)   Other: 0.10ms
[4349.051s][info][gc,heap        ] GC(1210) Eden regions: 1119->0(1117)
[4349.051s][info][gc,heap        ] GC(1210) Survivor regions: 109->111(154)
[4349.051s][info][gc,heap        ] GC(1210) Old regions: 475->506
[4349.051s][info][gc,heap        ] GC(1210) Humongous regions: 80->80
[4349.051s][info][gc,metaspace   ] GC(1210) Metaspace: 28909K(29312K)->28909K(29312K) NonClass: 24041K(24256K)->24041K(24256K) Class: 4868K(5056K)->4868K(5056K)
[4349.051s][info][gc             ] GC(1210) Pause Young (Concurrent Start) (G1 Evacuation Pause) 3564M->1392M(4096M) 117.608ms
[4349.051s][info][gc             ] GC(1211) Concurrent Mark Cycle
[4349.051s][info][gc,marking     ] GC(1211) Concurrent Scan Root Regions
[4349.051s][info][gc,cpu         ] GC(1210) User=0.70s Sys=0.00s Real=0.12s
.[4349.239s][info][gc,marking     ] GC(1211) Concurrent Scan Root Regions 187.240ms
[4349.239s][info][gc,marking     ] GC(1211) Concurrent Mark
[4349.239s][info][gc,marking     ] GC(1211) Concurrent Mark From Roots
[4349.239s][info][gc,task        ] GC(1211) Using 2 workers of 2 for marking
[4350.083s][info][gc,marking     ] GC(1211) Concurrent Mark From Roots 844.142ms
[4350.083s][info][gc,marking     ] GC(1211) Concurrent Preclean
[4350.083s][info][gc,marking     ] GC(1211) Concurrent Preclean 0.128ms
[4350.085s][info][gc,start       ] GC(1211) Pause Remark
[4350.092s][info][gc             ] GC(1211) Pause Remark 2308M->2308M(4096M) 7.616ms
[4350.092s][info][gc,cpu         ] GC(1211) User=0.04s Sys=0.00s Real=0.01s
[4350.093s][info][gc,marking     ] GC(1211) Concurrent Mark 853.760ms
[4350.093s][info][gc,marking     ] GC(1211) Concurrent Rebuild Remembered Sets and Scrub Regions
.[4350.396s][info][gc,marking     ] GC(1211) Concurrent Rebuild Remembered Sets and Scrub Regions 303.102ms
[4350.396s][info][gc,start       ] GC(1211) Pause Cleanup
[4350.396s][info][gc             ] GC(1211) Pause Cleanup 2614M->2614M(4096M) 0.121ms
[4350.396s][info][gc,cpu         ] GC(1211) User=0.00s Sys=0.00s Real=0.00s
[4350.396s][info][gc,marking     ] GC(1211) Concurrent Clear Claimed Marks
[4350.396s][info][gc,marking     ] GC(1211) Concurrent Clear Claimed Marks 0.024ms
[4350.396s][info][gc,marking     ] GC(1211) Concurrent Cleanup for Next Mark
[4350.446s][info][gc,marking     ] GC(1211) Concurrent Cleanup for Next Mark 49.375ms
[4350.446s][info][gc             ] GC(1211) Concurrent Mark Cycle 1394.351ms
.[4351.326s][info][gc,start       ] GC(1212) Pause Young (Prepare Mixed) (G1 Evacuation Pause)
[4351.326s][info][gc,task        ] GC(1212) Using 6 workers of 6 for evacuation
[4351.443s][info][gc,phases      ] GC(1212)   Pre Evacuate Collection Set: 0.34ms
[4351.443s][info][gc,phases      ] GC(1212)   Merge Heap Roots: 0.51ms
[4351.443s][info][gc,phases      ] GC(1212)   Evacuate Collection Set: 115.38ms
[4351.443s][info][gc,phases      ] GC(1212)   Post Evacuate Collection Set: 0.92ms
[4351.443s][info][gc,phases      ] GC(1212)   Other: 0.09ms
[4351.443s][info][gc,heap        ] GC(1212) Eden regions: 1117->0(1107)
[4351.443s][info][gc,heap        ] GC(1212) Survivor regions: 111->110(154)
[4351.443s][info][gc,heap        ] GC(1212) Old regions: 506->538
[4351.443s][info][gc,heap        ] GC(1212) Humongous regions: 80->80
[4351.443s][info][gc,metaspace   ] GC(1212) Metaspace: 28909K(29312K)->28909K(29312K) NonClass: 24041K(24256K)->24041K(24256K) Class: 4868K(5056K)->4868K(5056K)
[4351.443s][info][gc             ] GC(1212) Pause Young (Prepare Mixed) (G1 Evacuation Pause) 3626M->1453M(4096M) 117.364ms
[4351.443s][info][gc,cpu         ] GC(1212) User=0.70s Sys=0.00s Real=0.12s
..[4353.749s][info][gc,start       ] GC(1213) Pause Young (Mixed) (G1 Evacuation Pause)
[4353.749s][info][gc,task        ] GC(1213) Using 6 workers of 6 for evacuation
[4353.889s][info][gc,phases      ] GC(1213)   Pre Evacuate Collection Set: 0.38ms
[4353.889s][info][gc,phases      ] GC(1213)   Merge Heap Roots: 0.72ms
[4353.889s][info][gc,phases      ] GC(1213)   Evacuate Collection Set: 137.53ms
[4353.889s][info][gc,phases      ] GC(1213)   Post Evacuate Collection Set: 0.91ms
[4353.889s][info][gc,phases      ] GC(1213)   Other: 0.09ms
[4353.889s][info][gc,heap        ] GC(1213) Eden regions: 1107->0(1116)
[4353.889s][info][gc,heap        ] GC(1213) Survivor regions: 110->112(153)
[4353.889s][info][gc,heap        ] GC(1213) Old regions: 538->473
[4353.889s][info][gc,heap        ] GC(1213) Humongous regions: 80->80
[4353.889s][info][gc,metaspace   ] GC(1213) Metaspace: 28909K(29312K)->28909K(29312K) NonClass: 24041K(24256K)->24041K(24256K) Class: 4868K(5056K)->4868K(5056K)
[4353.889s][info][gc             ] GC(1213) Pause Young (Mixed) (G1 Evacuation Pause) 3667M->1329M(4096M) 139.754ms
[4353.889s][info][gc,cpu         ] GC(1213) User=0.83s Sys=0.00s Real=0.14s
...[4356.173s][info][gc,start       ] GC(1214) Pause Young (Concurrent Start) (G1 Evacuation Pause)
[4356.173s][info][gc,task        ] GC(1214) Using 6 workers of 6 for evacuation
[4356.291s][info][gc,phases      ] GC(1214)   Pre Evacuate Collection Set: 0.41ms
[4356.291s][info][gc,phases      ] GC(1214)   Merge Heap Roots: 0.45ms
[4356.291s][info][gc,phases      ] GC(1214)   Evacuate Collection Set: 116.38ms
[4356.291s][info][gc,phases      ] GC(1214)   Post Evacuate Collection Set: 0.85ms
[4356.291s][info][gc,phases      ] GC(1214)   Other: 0.12ms
[4356.291s][info][gc,heap        ] GC(1214) Eden regions: 1116->0(1117)
[4356.291s][info][gc,heap        ] GC(1214) Survivor regions: 112->111(154)
[4356.292s][info][gc,heap        ] GC(1214) Old regions: 473->505
[4356.292s][info][gc,heap        ] GC(1214) Humongous regions: 80->80
[4356.292s][info][gc,metaspace   ] GC(1214) Metaspace: 28909K(29312K)->28909K(29312K) NonClass: 24041K(24256K)->24041K(24256K) Class: 4868K(5056K)->4868K(5056K)
[4356.292s][info][gc             ] GC(1214) Pause Young (Concurrent Start) (G1 Evacuation Pause) 3561M->1391M(4096M) 118.364ms
[4356.292s][info][gc             ] GC(1215) Concurrent Mark Cycle
[4356.292s][info][gc,marking     ] GC(1215) Concurrent Scan Root Regions
[4356.292s][info][gc,cpu         ] GC(1214) User=0.71s Sys=0.00s Real=0.12s
[4356.436s][info][gc,marking     ] GC(1215) Concurrent Scan Root Regions 144.070ms
[4356.436s][info][gc,marking     ] GC(1215) Concurrent Mark
[4356.436s][info][gc,marking     ] GC(1215) Concurrent Mark From Roots
[4356.436s][info][gc,task        ] GC(1215) Using 2 workers of 2 for marking
[4357.195s][info][gc,marking     ] GC(1215) Concurrent Mark From Roots 758.944ms
[4357.195s][info][gc,marking     ] GC(1215) Concurrent Preclean
[4357.195s][info][gc,marking     ] GC(1215) Concurrent Preclean 0.072ms
[4357.196s][info][gc,start       ] GC(1215) Pause Remark
[4357.200s][info][gc             ] GC(1215) Pause Remark 2191M->2191M(4096M) 4.013ms
[4357.200s][info][gc,cpu         ] GC(1215) User=0.03s Sys=0.00s Real=0.00s
[4357.200s][info][gc,marking     ] GC(1215) Concurrent Mark 763.956ms
[4357.200s][info][gc,marking     ] GC(1215) Concurrent Rebuild Remembered Sets and Scrub Regions
.[4357.538s][info][gc,marking     ] GC(1215) Concurrent Rebuild Remembered Sets and Scrub Regions 338.711ms
[4357.539s][info][gc,start       ] GC(1215) Pause Cleanup
[4357.539s][info][gc             ] GC(1215) Pause Cleanup 2516M->2516M(4096M) 0.116ms
[4357.539s][info][gc,cpu         ] GC(1215) User=0.00s Sys=0.00s Real=0.00s
[4357.540s][info][gc,marking     ] GC(1215) Concurrent Clear Claimed Marks
[4357.540s][info][gc,marking     ] GC(1215) Concurrent Clear Claimed Marks 0.039ms
[4357.540s][info][gc,marking     ] GC(1215) Concurrent Cleanup for Next Mark
[4357.548s][info][gc,marking     ] GC(1215) Concurrent Cleanup for Next Mark 7.759ms
[4357.548s][info][gc             ] GC(1215) Concurrent Mark Cycle 1256.459ms
.[4358.540s][info][gc,start       ] GC(1216) Pause Young (Prepare Mixed) (G1 Evacuation Pause)
[4358.540s][info][gc,task        ] GC(1216) Using 6 workers of 6 for evacuation
[4358.665s][info][gc,phases      ] GC(1216)   Pre Evacuate Collection Set: 0.34ms
[4358.665s][info][gc,phases      ] GC(1216)   Merge Heap Roots: 0.55ms
[4358.665s][info][gc,phases      ] GC(1216)   Evacuate Collection Set: 122.65ms
[4358.665s][info][gc,phases      ] GC(1216)   Post Evacuate Collection Set: 0.96ms
[4358.665s][info][gc,phases      ] GC(1216)   Other: 0.09ms
[4358.665s][info][gc,heap        ] GC(1216) Eden regions: 1117->0(1098)
[4358.665s][info][gc,heap        ] GC(1216) Survivor regions: 111->115(154)
[4358.665s][info][gc,heap        ] GC(1216) Old regions: 505->537
[4358.665s][info][gc,heap        ] GC(1216) Humongous regions: 80->80
[4358.665s][info][gc,metaspace   ] GC(1216) Metaspace: 28909K(29312K)->28909K(29312K) NonClass: 24041K(24256K)->24041K(24256K) Class: 4868K(5056K)->4868K(5056K)
[4358.665s][info][gc             ] GC(1216) Pause Young (Prepare Mixed) (G1 Evacuation Pause) 3625M->1463M(4096M) 124.718ms
[4358.665s][info][gc,cpu         ] GC(1216) User=0.74s Sys=0.00s Real=0.13s
..[4360.922s][info][gc,start       ] GC(1217) Pause Young (Mixed) (G1 Evacuation Pause)
[4360.922s][info][gc,task        ] GC(1217) Using 6 workers of 6 for evacuation
[4361.056s][info][gc,phases      ] GC(1217)   Pre Evacuate Collection Set: 0.35ms
[4361.056s][info][gc,phases      ] GC(1217)   Merge Heap Roots: 0.71ms
[4361.056s][info][gc,phases      ] GC(1217)   Evacuate Collection Set: 132.03ms
[4361.056s][info][gc,phases      ] GC(1217)   Post Evacuate Collection Set: 0.96ms
[4361.056s][info][gc,phases      ] GC(1217)   Other: 0.09ms
[4361.056s][info][gc,heap        ] GC(1217) Eden regions: 1098->0(1118)
[4361.056s][info][gc,heap        ] GC(1217) Survivor regions: 115->110(152)
[4361.056s][info][gc,heap        ] GC(1217) Old regions: 537->475
[4361.056s][info][gc,heap        ] GC(1217) Humongous regions: 80->80
[4361.056s][info][gc,metaspace   ] GC(1217) Metaspace: 28909K(29312K)->28909K(29312K) NonClass: 24041K(24256K)->24041K(24256K) Class: 4868K(5056K)->4868K(5056K)
[4361.056s][info][gc             ] GC(1217) Pause Young (Mixed) (G1 Evacuation Pause) 3659M->1328M(4096M) 134.291ms
[4361.056s][info][gc,cpu         ] GC(1217) User=0.80s Sys=0.00s Real=0.13s
..[4363.339s][info][gc,start       ] GC(1218) Pause Young (Concurrent Start) (G1 Evacuation Pause)
[4363.339s][info][gc,task        ] GC(1218) Using 6 workers of 6 for evacuation
[4363.457s][info][gc,phases      ] GC(1218)   Pre Evacuate Collection Set: 0.37ms
[4363.457s][info][gc,phases      ] GC(1218)   Merge Heap Roots: 0.54ms
[4363.457s][info][gc,phases      ] GC(1218)   Evacuate Collection Set: 116.58ms
[4363.457s][info][gc,phases      ] GC(1218)   Post Evacuate Collection Set: 0.89ms
[4363.457s][info][gc,phases      ] GC(1218)   Other: 0.12ms
[4363.457s][info][gc,heap        ] GC(1218) Eden regions: 1118->0(1119)
[4363.457s][info][gc,heap        ] GC(1218) Survivor regions: 110->109(154)
[4363.457s][info][gc,heap        ] GC(1218) Old regions: 475->507
[4363.457s][info][gc,heap        ] GC(1218) Humongous regions: 80->80
[4363.457s][info][gc,metaspace   ] GC(1218) Metaspace: 28909K(29312K)->28909K(29312K) NonClass: 24041K(24256K)->24041K(24256K) Class: 4868K(5056K)->4868K(5056K)
[4363.457s][info][gc             ] GC(1218) Pause Young (Concurrent Start) (G1 Evacuation Pause) 3564M->1389M(4096M) 118.651ms
[4363.457s][info][gc             ] GC(1219) Concurrent Mark Cycle
[4363.457s][info][gc,marking     ] GC(1219) Concurrent Scan Root Regions
[4363.457s][info][gc,cpu         ] GC(1218) User=0.71s Sys=0.00s Real=0.12s
[4363.736s][info][gc,marking     ] GC(1219) Concurrent Scan Root Regions 278.785ms
[4363.736s][info][gc,marking     ] GC(1219) Concurrent Mark
[4363.736s][info][gc,marking     ] GC(1219) Concurrent Mark From Roots
[4363.736s][info][gc,task        ] GC(1219) Using 2 workers of 2 for marking
..[4364.817s][info][gc,marking     ] GC(1219) Concurrent Mark From Roots 1080.512ms
[4364.817s][info][gc,marking     ] GC(1219) Concurrent Preclean
[4364.817s][info][gc,marking     ] GC(1219) Concurrent Preclean 0.077ms
[4364.819s][info][gc,start       ] GC(1219) Pause Remark
[4364.827s][info][gc             ] GC(1219) Pause Remark 2729M->2729M(4096M) 8.380ms
[4364.827s][info][gc,cpu         ] GC(1219) User=0.05s Sys=0.00s Real=0.01s
[4364.827s][info][gc,marking     ] GC(1219) Concurrent Mark 1091.004ms
[4364.827s][info][gc,marking     ] GC(1219) Concurrent Rebuild Remembered Sets and Scrub Regions
[4365.142s][info][gc,marking     ] GC(1219) Concurrent Rebuild Remembered Sets and Scrub Regions 315.029ms
[4365.142s][info][gc,start       ] GC(1219) Pause Cleanup
[4365.143s][info][gc             ] GC(1219) Pause Cleanup 3003M->3003M(4096M) 0.106ms
[4365.143s][info][gc,cpu         ] GC(1219) User=0.00s Sys=0.00s Real=0.00s
[4365.143s][info][gc,marking     ] GC(1219) Concurrent Clear Claimed Marks
[4365.143s][info][gc,marking     ] GC(1219) Concurrent Clear Claimed Marks 0.022ms
[4365.143s][info][gc,marking     ] GC(1219) Concurrent Cleanup for Next Mark
[4365.147s][info][gc,marking     ] GC(1219) Concurrent Cleanup for Next Mark 4.708ms
[4365.147s][info][gc             ] GC(1219) Concurrent Mark Cycle 1690.055ms
[4365.754s][info][gc,start       ] GC(1220) Pause Young (Prepare Mixed) (G1 Evacuation Pause)
[4365.754s][info][gc,task        ] GC(1220) Using 6 workers of 6 for evacuation
[4365.878s][info][gc,phases      ] GC(1220)   Pre Evacuate Collection Set: 0.34ms
[4365.878s][info][gc,phases      ] GC(1220)   Merge Heap Roots: 0.51ms
[4365.878s][info][gc,phases      ] GC(1220)   Evacuate Collection Set: 122.18ms
[4365.878s][info][gc,phases      ] GC(1220)   Post Evacuate Collection Set: 0.93ms
[4365.878s][info][gc,phases      ] GC(1220)   Other: 0.09ms
[4365.878s][info][gc,heap        ] GC(1220) Eden regions: 1119->0(1094)
[4365.878s][info][gc,heap        ] GC(1220) Survivor regions: 109->116(154)
[4365.878s][info][gc,heap        ] GC(1220) Old regions: 507->539
[4365.878s][info][gc,heap        ] GC(1220) Humongous regions: 80->80
[4365.878s][info][gc,metaspace   ] GC(1220) Metaspace: 28909K(29312K)->28909K(29312K) NonClass: 24041K(24256K)->24041K(24256K) Class: 4868K(5056K)->4868K(5056K)
[4365.878s][info][gc             ] GC(1220) Pause Young (Prepare Mixed) (G1 Evacuation Pause) 3627M->1467M(4096M) 124.202ms
[4365.878s][info][gc,cpu         ] GC(1220) User=0.74s Sys=0.00s Real=0.12s
...[4368.105s][info][gc,start       ] GC(1221) Pause Young (Mixed) (G1 Evacuation Pause)
[4368.105s][info][gc,task        ] GC(1221) Using 6 workers of 6 for evacuation
[4368.247s][info][gc,phases      ] GC(1221)   Pre Evacuate Collection Set: 0.38ms
[4368.247s][info][gc,phases      ] GC(1221)   Merge Heap Roots: 0.63ms
[4368.247s][info][gc,phases      ] GC(1221)   Evacuate Collection Set: 140.13ms
[4368.247s][info][gc,phases      ] GC(1221)   Post Evacuate Collection Set: 0.98ms
[4368.247s][info][gc,phases      ] GC(1221)   Other: 0.09ms
[4368.247s][info][gc,heap        ] GC(1221) Eden regions: 1094->0(1113)
[4368.247s][info][gc,heap        ] GC(1221) Survivor regions: 116->115(152)
[4368.247s][info][gc,heap        ] GC(1221) Old regions: 539->475
[4368.247s][info][gc,heap        ] GC(1221) Humongous regions: 80->80
[4368.247s][info][gc,metaspace   ] GC(1221) Metaspace: 28909K(29312K)->28909K(29312K) NonClass: 24041K(24256K)->24041K(24256K) Class: 4868K(5056K)->4868K(5056K)
[4368.247s][info][gc             ] GC(1221) Pause Young (Mixed) (G1 Evacuation Pause) 3655M->1338M(4096M) 142.349ms
[4368.247s][info][gc,cpu         ] GC(1221) User=0.84s Sys=0.00s Real=0.14s
.. (rIR:aIR:PR = 7749:7784:7784) (tPR = 115797) [OK] 
  4369s: Performance info:
         Transaction,    Success,    Partial,     Failed,   Receipts, AvgBarcode, 
             Overall,     468989,          0,          0,     445658,      59.48, 
         Response times:
             Request,    Success,    Partial,     Failed,   SkipFail,     Probes,    Samples,      min,      p50,      p90,      p95,      p99,      max, 
       TotalPurchase,     445658,          0,          0,          0,     354320,     399819,      300,     7000,    96000,   138000,   203000,   403000,
     InStorePurchase,     234785,          0,          0,          0,     186184,     210176,      300,     7000,    96000,   137000,   200000,   388000,
      OnlinePurchase,     163705,          0,          0,          0,     130390,     147009,      300,     7000,    97000,   141000,   203000,   403000,
        InstPurchase,      47168,          0,          0,          0,      37746,      42634,      400,     7000,    96000,   137000,   205000,   360000,
          AssocOfCat,        467,          0,          0,          0,        338,        470,    25000,    44000,   138000,   191450,   247160,   277000,
      AssocOfProduct,       4667,          0,          0,          0,       4337,       4968,      600,     7100,    95000,   140550,   198000,   360000,
      BusinessReport,       1171,          0,          0,          0,       1024,       1269,    29000,    52000,   162000,   206500,   260200,   372000,
          CustBuyBeh,       4670,          0,          0,          0,       4318,       5071,      200,     6100,    88800,   134000,   202000,   359000,
       ProductReturn,      12356,          0,          0,          0,       9403,      10731,      200,     6200,    91000,   128000,   194000,   360000,

  4369s: (57%)   IR =   7887 [4370.476s][info][gc,start       ] GC(1222) Pause Young (Concurrent Start) (G1 Evacuation Pause)
[4370.476s][info][gc,task        ] GC(1222) Using 6 workers of 6 for evacuation
[4370.591s][info][gc,phases      ] GC(1222)   Pre Evacuate Collection Set: 0.36ms
[4370.591s][info][gc,phases      ] GC(1222)   Merge Heap Roots: 0.44ms
[4370.591s][info][gc,phases      ] GC(1222)   Evacuate Collection Set: 113.07ms
[4370.591s][info][gc,phases      ] GC(1222)   Post Evacuate Collection Set: 0.86ms
[4370.591s][info][gc,phases      ] GC(1222)   Other: 0.11ms
[4370.591s][info][gc,heap        ] GC(1222) Eden regions: 1113->0(1121)
[4370.591s][info][gc,heap        ] GC(1222) Survivor regions: 115->107(154)
[4370.591s][info][gc,heap        ] GC(1222) Old regions: 475->508
[4370.591s][info][gc,heap        ] GC(1222) Humongous regions: 80->80
[4370.591s][info][gc,metaspace   ] GC(1222) Metaspace: 28909K(29312K)->28909K(29312K) NonClass: 24041K(24256K)->24041K(24256K) Class: 4868K(5056K)->4868K(5056K)
[4370.591s][info][gc             ] GC(1222) Pause Young (Concurrent Start) (G1 Evacuation Pause) 3564M->1388M(4096M) 114.980ms
[4370.591s][info][gc             ] GC(1223) Concurrent Mark Cycle
[4370.591s][info][gc,marking     ] GC(1223) Concurrent Scan Root Regions
[4370.591s][info][gc,cpu         ] GC(1222) User=0.68s Sys=0.00s Real=0.12s
[4370.805s][info][gc,marking     ] GC(1223) Concurrent Scan Root Regions 213.855ms
[4370.805s][info][gc,marking     ] GC(1223) Concurrent Mark
[4370.805s][info][gc,marking     ] GC(1223) Concurrent Mark From Roots
[4370.805s][info][gc,task        ] GC(1223) Using 2 workers of 2 for marking
..[4372.014s][info][gc,marking     ] GC(1223) Concurrent Mark From Roots 1209.130ms
[4372.014s][info][gc,marking     ] GC(1223) Concurrent Preclean
[4372.015s][info][gc,marking     ] GC(1223) Concurrent Preclean 0.126ms
[4372.015s][info][gc,start       ] GC(1223) Pause Remark
[4372.019s][info][gc             ] GC(1223) Pause Remark 2794M->2794M(4096M) 4.149ms
[4372.019s][info][gc,cpu         ] GC(1223) User=0.02s Sys=0.00s Real=0.00s
[4372.020s][info][gc,marking     ] GC(1223) Concurrent Mark 1214.774ms
[4372.020s][info][gc,marking     ] GC(1223) Concurrent Rebuild Remembered Sets and Scrub Regions
[4372.291s][info][gc,marking     ] GC(1223) Concurrent Rebuild Remembered Sets and Scrub Regions 271.034ms
[4372.291s][info][gc,start       ] GC(1223) Pause Cleanup
[4372.291s][info][gc             ] GC(1223) Pause Cleanup 3036M->3036M(4096M) 0.113ms
[4372.291s][info][gc,cpu         ] GC(1223) User=0.00s Sys=0.00s Real=0.00s
[4372.291s][info][gc,marking     ] GC(1223) Concurrent Clear Claimed Marks
[4372.291s][info][gc,marking     ] GC(1223) Concurrent Clear Claimed Marks 0.026ms
[4372.292s][info][gc,marking     ] GC(1223) Concurrent Cleanup for Next Mark
[4372.297s][info][gc,marking     ] GC(1223) Concurrent Cleanup for Next Mark 5.604ms
[4372.297s][info][gc             ] GC(1223) Concurrent Mark Cycle 1705.866ms
.[4372.944s][info][gc,start       ] GC(1224) Pause Young (Prepare Mixed) (G1 Evacuation Pause)
[4372.944s][info][gc,task        ] GC(1224) Using 6 workers of 6 for evacuation
[4373.066s][info][gc,phases      ] GC(1224)   Pre Evacuate Collection Set: 0.31ms
[4373.066s][info][gc,phases      ] GC(1224)   Merge Heap Roots: 0.49ms
[4373.066s][info][gc,phases      ] GC(1224)   Evacuate Collection Set: 119.49ms
[4373.066s][info][gc,phases      ] GC(1224)   Post Evacuate Collection Set: 0.90ms
[4373.066s][info][gc,phases      ] GC(1224)   Other: 0.09ms
[4373.066s][info][gc,heap        ] GC(1224) Eden regions: 1121->0(1100)
[4373.066s][info][gc,heap        ] GC(1224) Survivor regions: 107->113(154)
[4373.066s][info][gc,heap        ] GC(1224) Old regions: 508->539
[4373.066s][info][gc,heap        ] GC(1224) Humongous regions: 80->80
[4373.066s][info][gc,metaspace   ] GC(1224) Metaspace: 28909K(29312K)->28909K(29312K) NonClass: 24041K(24256K)->24041K(24256K) Class: 4868K(5056K)->4868K(5056K)
[4373.066s][info][gc             ] GC(1224) Pause Young (Prepare Mixed) (G1 Evacuation Pause) 3630M->1463M(4096M) 121.398ms
[4373.066s][info][gc,cpu         ] GC(1224) User=0.73s Sys=0.00s Real=0.12s
..|[4375.243s][info][gc,start       ] GC(1225) Pause Young (Mixed) (G1 Evacuation Pause)
[4375.243s][info][gc,task        ] GC(1225) Using 6 workers of 6 for evacuation
[4375.376s][info][gc,phases      ] GC(1225)   Pre Evacuate Collection Set: 0.35ms
[4375.376s][info][gc,phases      ] GC(1225)   Merge Heap Roots: 0.65ms
[4375.376s][info][gc,phases      ] GC(1225)   Evacuate Collection Set: 131.05ms
[4375.376s][info][gc,phases      ] GC(1225)   Post Evacuate Collection Set: 0.93ms
[4375.376s][info][gc,phases      ] GC(1225)   Other: 0.09ms
[4375.376s][info][gc,heap        ] GC(1225) Eden regions: 1100->0(1120)
[4375.376s][info][gc,heap        ] GC(1225) Survivor regions: 113->108(152)
[4375.376s][info][gc,heap        ] GC(1225) Old regions: 539->474
[4375.376s][info][gc,heap        ] GC(1225) Humongous regions: 80->80
[4375.376s][info][gc,metaspace   ] GC(1225) Metaspace: 28909K(29312K)->28909K(29312K) NonClass: 24041K(24256K)->24041K(24256K) Class: 4868K(5056K)->4868K(5056K)
[4375.376s][info][gc             ] GC(1225) Pause Young (Mixed) (G1 Evacuation Pause) 3663M->1322M(4096M) 133.205ms
[4375.376s][info][gc,cpu         ] GC(1225) User=0.79s Sys=0.00s Real=0.13s
..[4377.629s][info][gc,start       ] GC(1226) Pause Young (Concurrent Start) (G1 Evacuation Pause)
[4377.629s][info][gc,task        ] GC(1226) Using 6 workers of 6 for evacuation
[4377.750s][info][gc,phases      ] GC(1226)   Pre Evacuate Collection Set: 0.34ms
[4377.750s][info][gc,phases      ] GC(1226)   Merge Heap Roots: 0.46ms
[4377.750s][info][gc,phases      ] GC(1226)   Evacuate Collection Set: 119.55ms
[4377.750s][info][gc,phases      ] GC(1226)   Post Evacuate Collection Set: 0.86ms
[4377.750s][info][gc,phases      ] GC(1226)   Other: 0.10ms
[4377.750s][info][gc,heap        ] GC(1226) Eden regions: 1120->0(1116)
[4377.750s][info][gc,heap        ] GC(1226) Survivor regions: 108->112(154)
[4377.750s][info][gc,heap        ] GC(1226) Old regions: 474->507
[4377.750s][info][gc,heap        ] GC(1226) Humongous regions: 80->80
[4377.750s][info][gc,metaspace   ] GC(1226) Metaspace: 28909K(29312K)->28909K(29312K) NonClass: 24041K(24256K)->24041K(24256K) Class: 4868K(5056K)->4868K(5056K)
[4377.750s][info][gc             ] GC(1226) Pause Young (Concurrent Start) (G1 Evacuation Pause) 3562M->1396M(4096M) 121.430ms
[4377.750s][info][gc             ] GC(1227) Concurrent Mark Cycle
[4377.750s][info][gc,marking     ] GC(1227) Concurrent Scan Root Regions
[4377.750s][info][gc,cpu         ] GC(1226) User=0.72s Sys=0.00s Real=0.12s
[4377.893s][info][gc,marking     ] GC(1227) Concurrent Scan Root Regions 143.391ms
[4377.893s][info][gc,marking     ] GC(1227) Concurrent Mark
[4377.893s][info][gc,marking     ] GC(1227) Concurrent Mark From Roots
[4377.893s][info][gc,task        ] GC(1227) Using 2 workers of 2 for marking
.[4378.585s][info][gc,marking     ] GC(1227) Concurrent Mark From Roots 691.141ms
[4378.585s][info][gc,marking     ] GC(1227) Concurrent Preclean
[4378.585s][info][gc,marking     ] GC(1227) Concurrent Preclean 0.111ms
[4378.587s][info][gc,start       ] GC(1227) Pause Remark
[4378.592s][info][gc             ] GC(1227) Pause Remark 2166M->2166M(4096M) 5.142ms
[4378.592s][info][gc,cpu         ] GC(1227) User=0.03s Sys=0.00s Real=0.01s
[4378.592s][info][gc,marking     ] GC(1227) Concurrent Mark 698.356ms
[4378.592s][info][gc,marking     ] GC(1227) Concurrent Rebuild Remembered Sets and Scrub Regions
[4378.867s][info][gc,marking     ] GC(1227) Concurrent Rebuild Remembered Sets and Scrub Regions 274.829ms
[4378.867s][info][gc,start       ] GC(1227) Pause Cleanup
[4378.867s][info][gc             ] GC(1227) Pause Cleanup 2449M->2449M(4096M) 0.113ms
[4378.867s][info][gc,cpu         ] GC(1227) User=0.00s Sys=0.00s Real=0.00s
[4378.867s][info][gc,marking     ] GC(1227) Concurrent Clear Claimed Marks
[4378.867s][info][gc,marking     ] GC(1227) Concurrent Clear Claimed Marks 0.025ms
[4378.867s][info][gc,marking     ] GC(1227) Concurrent Cleanup for Next Mark
[4378.872s][info][gc,marking     ] GC(1227) Concurrent Cleanup for Next Mark 4.902ms
[4378.872s][info][gc             ] GC(1227) Concurrent Mark Cycle 1122.032ms
..[4380.123s][info][gc,start       ] GC(1228) Pause Young (Prepare Mixed) (G1 Evacuation Pause)
[4380.123s][info][gc,task        ] GC(1228) Using 6 workers of 6 for evacuation
[4380.251s][info][gc,phases      ] GC(1228)   Pre Evacuate Collection Set: 0.32ms
[4380.251s][info][gc,phases      ] GC(1228)   Merge Heap Roots: 0.49ms
[4380.251s][info][gc,phases      ] GC(1228)   Evacuate Collection Set: 125.85ms
[4380.251s][info][gc,phases      ] GC(1228)   Post Evacuate Collection Set: 0.95ms
[4380.251s][info][gc,phases      ] GC(1228)   Other: 0.09ms
[4380.251s][info][gc,heap        ] GC(1228) Eden regions: 1116->0(1087)
[4380.251s][info][gc,heap        ] GC(1228) Survivor regions: 112->120(154)
[4380.251s][info][gc,heap        ] GC(1228) Old regions: 507->538
[4380.251s][info][gc,heap        ] GC(1228) Humongous regions: 80->80
[4380.251s][info][gc,metaspace   ] GC(1228) Metaspace: 28909K(29312K)->28909K(29312K) NonClass: 24041K(24256K)->24041K(24256K) Class: 4868K(5056K)->4868K(5056K)
[4380.251s][info][gc             ] GC(1228) Pause Young (Prepare Mixed) (G1 Evacuation Pause) 3628M->1473M(4096M) 127.834ms
[4380.251s][info][gc,cpu         ] GC(1228) User=0.76s Sys=0.00s Real=0.12s
..[4382.390s][info][gc,start       ] GC(1229) Pause Young (Mixed) (G1 Evacuation Pause)
[4382.390s][info][gc,task        ] GC(1229) Using 6 workers of 6 for evacuation
[4382.524s][info][gc,phases      ] GC(1229)   Pre Evacuate Collection Set: 0.34ms
[4382.524s][info][gc,phases      ] GC(1229)   Merge Heap Roots: 0.66ms
[4382.524s][info][gc,phases      ] GC(1229)   Evacuate Collection Set: 131.39ms
[4382.524s][info][gc,phases      ] GC(1229)   Post Evacuate Collection Set: 0.92ms
[4382.524s][info][gc,phases      ] GC(1229)   Other: 0.08ms
[4382.524s][info][gc,heap        ] GC(1229) Eden regions: 1087->0(1118)
[4382.524s][info][gc,heap        ] GC(1229) Survivor regions: 120->110(151)
[4382.524s][info][gc,heap        ] GC(1229) Old regions: 538->473
[4382.524s][info][gc,heap        ] GC(1229) Humongous regions: 80->80
[4382.524s][info][gc,metaspace   ] GC(1229) Metaspace: 28909K(29312K)->28909K(29312K) NonClass: 24041K(24256K)->24041K(24256K) Class: 4868K(5056K)->4868K(5056K)
[4382.524s][info][gc             ] GC(1229) Pause Young (Mixed) (G1 Evacuation Pause) 3647M->1324M(4096M) 133.518ms
[4382.524s][info][gc,cpu         ] GC(1229) User=0.79s Sys=0.00s Real=0.14s
..[4384.855s][info][gc,start       ] GC(1230) Pause Young (Concurrent Start) (G1 Evacuation Pause)
[4384.855s][info][gc,task        ] GC(1230) Using 6 workers of 6 for evacuation
[4384.974s][info][gc,phases      ] GC(1230)   Pre Evacuate Collection Set: 0.35ms
[4384.974s][info][gc,phases      ] GC(1230)   Merge Heap Roots: 0.43ms
[4384.974s][info][gc,phases      ] GC(1230)   Evacuate Collection Set: 117.32ms
[4384.974s][info][gc,phases      ] GC(1230)   Post Evacuate Collection Set: 0.87ms
[4384.974s][info][gc,phases      ] GC(1230)   Other: 0.10ms
[4384.974s][info][gc,heap        ] GC(1230) Eden regions: 1118->0(1118)
[4384.974s][info][gc,heap        ] GC(1230) Survivor regions: 110->110(154)
[4384.974s][info][gc,heap        ] GC(1230) Old regions: 473->506
[4384.974s][info][gc,heap        ] GC(1230) Humongous regions: 80->80
[4384.974s][info][gc,metaspace   ] GC(1230) Metaspace: 28909K(29312K)->28909K(29312K) NonClass: 24041K(24256K)->24041K(24256K) Class: 4868K(5056K)->4868K(5056K)
[4384.974s][info][gc             ] GC(1230) Pause Young (Concurrent Start) (G1 Evacuation Pause) 3560M->1390M(4096M) 119.200ms
[4384.974s][info][gc             ] GC(1231) Concurrent Mark Cycle
[4384.974s][info][gc,marking     ] GC(1231) Concurrent Scan Root Regions
[4384.974s][info][gc,cpu         ] GC(1230) User=0.71s Sys=0.00s Real=0.12s
.[4385.132s][info][gc,marking     ] GC(1231) Concurrent Scan Root Regions 158.528ms
[4385.133s][info][gc,marking     ] GC(1231) Concurrent Mark
[4385.133s][info][gc,marking     ] GC(1231) Concurrent Mark From Roots
[4385.133s][info][gc,task        ] GC(1231) Using 2 workers of 2 for marking
[4385.864s][info][gc,marking     ] GC(1231) Concurrent Mark From Roots 731.900ms
[4385.864s][info][gc,marking     ] GC(1231) Concurrent Preclean
[4385.865s][info][gc,marking     ] GC(1231) Concurrent Preclean 0.102ms
[4385.866s][info][gc,start       ] GC(1231) Pause Remark
[4385.869s][info][gc             ] GC(1231) Pause Remark 2220M->2220M(4096M) 3.540ms
[4385.869s][info][gc,cpu         ] GC(1231) User=0.02s Sys=0.00s Real=0.00s
[4385.869s][info][gc,marking     ] GC(1231) Concurrent Mark 736.897ms
[4385.869s][info][gc,marking     ] GC(1231) Concurrent Rebuild Remembered Sets and Scrub Regions
.[4386.192s][info][gc,marking     ] GC(1231) Concurrent Rebuild Remembered Sets and Scrub Regions 322.464ms
[4386.196s][info][gc,start       ] GC(1231) Pause Cleanup
[4386.196s][info][gc             ] GC(1231) Pause Cleanup 2564M->2564M(4096M) 0.138ms
[4386.196s][info][gc,cpu         ] GC(1231) User=0.00s Sys=0.00s Real=0.00s
[4386.196s][info][gc,marking     ] GC(1231) Concurrent Clear Claimed Marks
[4386.196s][info][gc,marking     ] GC(1231) Concurrent Clear Claimed Marks 0.034ms
[4386.196s][info][gc,marking     ] GC(1231) Concurrent Cleanup for Next Mark
[4386.202s][info][gc,marking     ] GC(1231) Concurrent Cleanup for Next Mark 6.278ms
[4386.202s][info][gc             ] GC(1231) Concurrent Mark Cycle 1228.288ms
.[4387.259s][info][gc,start       ] GC(1232) Pause Young (Prepare Mixed) (G1 Evacuation Pause)
[4387.259s][info][gc,task        ] GC(1232) Using 6 workers of 6 for evacuation
[4387.376s][info][gc,phases      ] GC(1232)   Pre Evacuate Collection Set: 0.34ms
[4387.376s][info][gc,phases      ] GC(1232)   Merge Heap Roots: 0.48ms
[4387.376s][info][gc,phases      ] GC(1232)   Evacuate Collection Set: 115.10ms
[4387.376s][info][gc,phases      ] GC(1232)   Post Evacuate Collection Set: 0.89ms
[4387.376s][info][gc,phases      ] GC(1232)   Other: 0.09ms
[4387.376s][info][gc,heap        ] GC(1232) Eden regions: 1118->0(1109)
[4387.376s][info][gc,heap        ] GC(1232) Survivor regions: 110->110(154)
[4387.376s][info][gc,heap        ] GC(1232) Old regions: 506->536
[4387.376s][info][gc,heap        ] GC(1232) Humongous regions: 80->80
[4387.376s][info][gc,metaspace   ] GC(1232) Metaspace: 28909K(29312K)->28909K(29312K) NonClass: 24041K(24256K)->24041K(24256K) Class: 4868K(5056K)->4868K(5056K)
[4387.376s][info][gc             ] GC(1232) Pause Young (Prepare Mixed) (G1 Evacuation Pause) 3626M->1450M(4096M) 117.038ms
[4387.376s][info][gc,cpu         ] GC(1232) User=0.69s Sys=0.00s Real=0.12s
..[4389.563s][info][gc,start       ] GC(1233) Pause Young (Mixed) (G1 Evacuation Pause)
[4389.563s][info][gc,task        ] GC(1233) Using 6 workers of 6 for evacuation
[4389.695s][info][gc,phases      ] GC(1233)   Pre Evacuate Collection Set: 0.33ms
[4389.695s][info][gc,phases      ] GC(1233)   Merge Heap Roots: 0.64ms
[4389.695s][info][gc,phases      ] GC(1233)   Evacuate Collection Set: 130.19ms
[4389.695s][info][gc,phases      ] GC(1233)   Post Evacuate Collection Set: 0.92ms
[4389.695s][info][gc,phases      ] GC(1233)   Other: 0.08ms
[4389.695s][info][gc,heap        ] GC(1233) Eden regions: 1109->0(1119)
[4389.695s][info][gc,heap        ] GC(1233) Survivor regions: 110->109(153)
[4389.695s][info][gc,heap        ] GC(1233) Old regions: 536->472
[4389.695s][info][gc,heap        ] GC(1233) Humongous regions: 80->80
[4389.695s][info][gc,metaspace   ] GC(1233) Metaspace: 28909K(29312K)->28909K(29312K) NonClass: 24041K(24256K)->24041K(24256K) Class: 4868K(5056K)->4868K(5056K)
[4389.695s][info][gc             ] GC(1233) Pause Young (Mixed) (G1 Evacuation Pause) 3668M->1319M(4096M) 132.294ms
[4389.695s][info][gc,cpu         ] GC(1233) User=0.79s Sys=0.00s Real=0.13s
..[4391.863s][info][gc,start       ] GC(1234) Pause Young (Concurrent Start) (G1 Evacuation Pause)
[4391.863s][info][gc,task        ] GC(1234) Using 6 workers of 6 for evacuation
[4391.987s][info][gc,phases      ] GC(1234)   Pre Evacuate Collection Set: 0.39ms
[4391.987s][info][gc,phases      ] GC(1234)   Merge Heap Roots: 0.47ms
[4391.987s][info][gc,phases      ] GC(1234)   Evacuate Collection Set: 122.06ms
[4391.987s][info][gc,phases      ] GC(1234)   Post Evacuate Collection Set: 0.89ms
[4391.987s][info][gc,phases      ] GC(1234)   Other: 0.12ms
[4391.987s][info][gc,heap        ] GC(1234) Eden regions: 1119->0(1114)
[4391.987s][info][gc,heap        ] GC(1234) Survivor regions: 109->114(154)
[4391.987s][info][gc,heap        ] GC(1234) Old regions: 472->504
[4391.987s][info][gc,heap        ] GC(1234) Humongous regions: 80->80
[4391.987s][info][gc,metaspace   ] GC(1234) Metaspace: 28909K(29312K)->28909K(29312K) NonClass: 24041K(24256K)->24041K(24256K) Class: 4868K(5056K)->4868K(5056K)
[4391.987s][info][gc             ] GC(1234) Pause Young (Concurrent Start) (G1 Evacuation Pause) 3557M->1394M(4096M) 124.078ms
[4391.987s][info][gc             ] GC(1235) Concurrent Mark Cycle
[4391.987s][info][gc,marking     ] GC(1235) Concurrent Scan Root Regions
[4391.987s][info][gc,cpu         ] GC(1234) User=0.74s Sys=0.00s Real=0.12s
.[4392.177s][info][gc,marking     ] GC(1235) Concurrent Scan Root Regions 189.298ms
[4392.177s][info][gc,marking     ] GC(1235) Concurrent Mark
[4392.177s][info][gc,marking     ] GC(1235) Concurrent Mark From Roots
[4392.177s][info][gc,task        ] GC(1235) Using 2 workers of 2 for marking
[4393.125s][info][gc,marking     ] GC(1235) Concurrent Mark From Roots 948.390ms
[4393.125s][info][gc,marking     ] GC(1235) Concurrent Preclean
[4393.125s][info][gc,marking     ] GC(1235) Concurrent Preclean 0.127ms
[4393.127s][info][gc,start       ] GC(1235) Pause Remark
[4393.131s][info][gc             ] GC(1235) Pause Remark 2508M->2508M(4096M) 3.702ms
[4393.131s][info][gc,cpu         ] GC(1235) User=0.02s Sys=0.00s Real=0.01s
[4393.131s][info][gc,marking     ] GC(1235) Concurrent Mark 954.477ms
[4393.131s][info][gc,marking     ] GC(1235) Concurrent Rebuild Remembered Sets and Scrub Regions
.[4393.527s][info][gc,marking     ] GC(1235) Concurrent Rebuild Remembered Sets and Scrub Regions 395.327ms
[4393.528s][info][gc,start       ] GC(1235) Pause Cleanup
[4393.528s][info][gc             ] GC(1235) Pause Cleanup 2904M->2904M(4096M) 0.153ms
[4393.528s][info][gc,cpu         ] GC(1235) User=0.00s Sys=0.00s Real=0.00s
[4393.529s][info][gc,marking     ] GC(1235) Concurrent Clear Claimed Marks
[4393.529s][info][gc,marking     ] GC(1235) Concurrent Clear Claimed Marks 0.036ms
[4393.529s][info][gc,marking     ] GC(1235) Concurrent Cleanup for Next Mark
[4393.537s][info][gc,marking     ] GC(1235) Concurrent Cleanup for Next Mark 7.835ms
[4393.537s][info][gc             ] GC(1235) Concurrent Mark Cycle 1549.192ms
.[4394.262s][info][gc,start       ] GC(1236) Pause Young (Prepare Mixed) (G1 Evacuation Pause)
[4394.262s][info][gc,task        ] GC(1236) Using 6 workers of 6 for evacuation
[4394.376s][info][gc,phases      ] GC(1236)   Pre Evacuate Collection Set: 0.34ms
[4394.376s][info][gc,phases      ] GC(1236)   Merge Heap Roots: 0.46ms
[4394.376s][info][gc,phases      ] GC(1236)   Evacuate Collection Set: 112.73ms
[4394.376s][info][gc,phases      ] GC(1236)   Post Evacuate Collection Set: 0.90ms
[4394.376s][info][gc,phases      ] GC(1236)   Other: 0.08ms
[4394.376s][info][gc,heap        ] GC(1236) Eden regions: 1114->0(1114)
[4394.376s][info][gc,heap        ] GC(1236) Survivor regions: 114->108(154)
[4394.376s][info][gc,heap        ] GC(1236) Old regions: 504->535
[4394.376s][info][gc,heap        ] GC(1236) Humongous regions: 80->80
[4394.376s][info][gc,metaspace   ] GC(1236) Metaspace: 28909K(29312K)->28909K(29312K) NonClass: 24041K(24256K)->24041K(24256K) Class: 4868K(5056K)->4868K(5056K)
[4394.376s][info][gc             ] GC(1236) Pause Young (Prepare Mixed) (G1 Evacuation Pause) 3622M->1445M(4096M) 114.650ms
[4394.376s][info][gc,cpu         ] GC(1236) User=0.68s Sys=0.00s Real=0.11s
..[4396.608s][info][gc,start       ] GC(1237) Pause Young (Mixed) (G1 Evacuation Pause)
[4396.608s][info][gc,task        ] GC(1237) Using 6 workers of 6 for evacuation
[4396.747s][info][gc,phases      ] GC(1237)   Pre Evacuate Collection Set: 0.37ms
[4396.747s][info][gc,phases      ] GC(1237)   Merge Heap Roots: 0.69ms
[4396.747s][info][gc,phases      ] GC(1237)   Evacuate Collection Set: 136.74ms
[4396.747s][info][gc,phases      ] GC(1237)   Post Evacuate Collection Set: 0.94ms
[4396.747s][info][gc,phases      ] GC(1237)   Other: 0.09ms
[4396.747s][info][gc,heap        ] GC(1237) Eden regions: 1114->0(1116)
[4396.747s][info][gc,heap        ] GC(1237) Survivor regions: 108->112(153)
[4396.747s][info][gc,heap        ] GC(1237) Old regions: 535->473
[4396.747s][info][gc,heap        ] GC(1237) Humongous regions: 80->80
[4396.747s][info][gc,metaspace   ] GC(1237) Metaspace: 28909K(29312K)->28909K(29312K) NonClass: 24041K(24256K)->24041K(24256K) Class: 4868K(5056K)->4868K(5056K)
[4396.747s][info][gc             ] GC(1237) Pause Young (Mixed) (G1 Evacuation Pause) 3673M->1329M(4096M) 138.979ms
[4396.747s][info][gc,cpu         ] GC(1237) User=0.82s Sys=0.00s Real=0.14s
..[4398.896s][info][gc,start       ] GC(1238) Pause Young (Concurrent Start) (G1 Evacuation Pause)
[4398.896s][info][gc,task        ] GC(1238) Using 6 workers of 6 for evacuation
[4399.013s][info][gc,phases      ] GC(1238)   Pre Evacuate Collection Set: 0.45ms
[4399.013s][info][gc,phases      ] GC(1238)   Merge Heap Roots: 0.55ms
[4399.013s][info][gc,phases      ] GC(1238)   Evacuate Collection Set: 115.37ms
[4399.013s][info][gc,phases      ] GC(1238)   Post Evacuate Collection Set: 0.90ms
[4399.013s][info][gc,phases      ] GC(1238)   Other: 0.14ms
[4399.013s][info][gc,heap        ] GC(1238) Eden regions: 1116->0(1119)
[4399.013s][info][gc,heap        ] GC(1238) Survivor regions: 112->109(154)
[4399.013s][info][gc,heap        ] GC(1238) Old regions: 473->506
[4399.013s][info][gc,heap        ] GC(1238) Humongous regions: 80->80
[4399.013s][info][gc,metaspace   ] GC(1238) Metaspace: 28909K(29312K)->28909K(29312K) NonClass: 24041K(24256K)->24041K(24256K) Class: 4868K(5056K)->4868K(5056K)
[4399.014s][info][gc             ] GC(1238) Pause Young (Concurrent Start) (G1 Evacuation Pause) 3561M->1388M(4096M) 117.534ms
[4399.014s][info][gc             ] GC(1239) Concurrent Mark Cycle
[4399.014s][info][gc,marking     ] GC(1239) Concurrent Scan Root Regions
[4399.014s][info][gc,cpu         ] GC(1238) User=0.69s Sys=0.00s Real=0.12s
.[4399.278s][info][gc,marking     ] GC(1239) Concurrent Scan Root Regions 264.700ms
[4399.278s][info][gc,marking     ] GC(1239) Concurrent Mark
[4399.278s][info][gc,marking     ] GC(1239) Concurrent Mark From Roots
[4399.278s][info][gc,task        ] GC(1239) Using 2 workers of 2 for marking
[4400.014s][info][gc,marking     ] GC(1239) Concurrent Mark From Roots 735.346ms
[4400.014s][info][gc,marking     ] GC(1239) Concurrent Preclean
[4400.014s][info][gc,marking     ] GC(1239) Concurrent Preclean 0.101ms
[4400.014s][info][gc,start       ] GC(1239) Pause Remark
[4400.020s][info][gc             ] GC(1239) Pause Remark 2347M->2347M(4096M) 5.627ms
[4400.020s][info][gc,cpu         ] GC(1239) User=0.03s Sys=0.00s Real=0.00s
[4400.020s][info][gc,marking     ] GC(1239) Concurrent Mark 741.374ms
[4400.020s][info][gc,marking     ] GC(1239) Concurrent Rebuild Remembered Sets and Scrub Regions
.[4400.286s][info][gc,marking     ] GC(1239) Concurrent Rebuild Remembered Sets and Scrub Regions 265.993ms
[4400.286s][info][gc,start       ] GC(1239) Pause Cleanup
[4400.286s][info][gc             ] GC(1239) Pause Cleanup 2626M->2626M(4096M) 0.113ms
[4400.286s][info][gc,cpu         ] GC(1239) User=0.00s Sys=0.00s Real=0.00s
[4400.286s][info][gc,marking     ] GC(1239) Concurrent Clear Claimed Marks
[4400.286s][info][gc,marking     ] GC(1239) Concurrent Clear Claimed Marks 0.023ms
[4400.286s][info][gc,marking     ] GC(1239) Concurrent Cleanup for Next Mark
[4400.291s][info][gc,marking     ] GC(1239) Concurrent Cleanup for Next Mark 5.012ms
[4400.291s][info][gc             ] GC(1239) Concurrent Mark Cycle 1277.597ms
.[4401.331s][info][gc,start       ] GC(1240) Pause Young (Prepare Mixed) (G1 Evacuation Pause)
[4401.331s][info][gc,task        ] GC(1240) Using 6 workers of 6 for evacuation
[4401.446s][info][gc,phases      ] GC(1240)   Pre Evacuate Collection Set: 0.38ms
[4401.446s][info][gc,phases      ] GC(1240)   Merge Heap Roots: 0.58ms
[4401.446s][info][gc,phases      ] GC(1240)   Evacuate Collection Set: 113.11ms
[4401.446s][info][gc,phases      ] GC(1240)   Post Evacuate Collection Set: 0.93ms
[4401.446s][info][gc,phases      ] GC(1240)   Other: 0.09ms
[4401.446s][info][gc,heap        ] GC(1240) Eden regions: 1119->0(1114)
[4401.446s][info][gc,heap        ] GC(1240) Survivor regions: 109->107(154)
[4401.446s][info][gc,heap        ] GC(1240) Old regions: 506->537
[4401.446s][info][gc,heap        ] GC(1240) Humongous regions: 80->80
[4401.446s][info][gc,metaspace   ] GC(1240) Metaspace: 28909K(29312K)->28909K(29312K) NonClass: 24041K(24256K)->24041K(24256K) Class: 4868K(5056K)->4868K(5056K)
[4401.446s][info][gc             ] GC(1240) Pause Young (Prepare Mixed) (G1 Evacuation Pause) 3626M->1447M(4096M) 115.242ms
[4401.446s][info][gc,cpu         ] GC(1240) User=0.69s Sys=0.00s Real=0.12s
..[4403.708s][info][gc,start       ] GC(1241) Pause Young (Mixed) (G1 Evacuation Pause)
[4403.708s][info][gc,task        ] GC(1241) Using 6 workers of 6 for evacuation
[4403.842s][info][gc,phases      ] GC(1241)   Pre Evacuate Collection Set: 0.37ms
[4403.842s][info][gc,phases      ] GC(1241)   Merge Heap Roots: 0.74ms
[4403.842s][info][gc,phases      ] GC(1241)   Evacuate Collection Set: 131.64ms
[4403.842s][info][gc,phases      ] GC(1241)   Post Evacuate Collection Set: 0.91ms
[4403.842s][info][gc,phases      ] GC(1241)   Other: 0.09ms
[4403.842s][info][gc,heap        ] GC(1241) Eden regions: 1114->0(1118)
[4403.842s][info][gc,heap        ] GC(1241) Survivor regions: 107->110(153)
[4403.842s][info][gc,heap        ] GC(1241) Old regions: 537->473
[4403.842s][info][gc,heap        ] GC(1241) Humongous regions: 80->80
[4403.842s][info][gc,metaspace   ] GC(1241) Metaspace: 28909K(29312K)->28909K(29312K) NonClass: 24041K(24256K)->24041K(24256K) Class: 4868K(5056K)->4868K(5056K)
[4403.842s][info][gc             ] GC(1241) Pause Young (Mixed) (G1 Evacuation Pause) 3675M->1323M(4096M) 133.877ms
[4403.842s][info][gc,cpu         ] GC(1241) User=0.79s Sys=0.00s Real=0.14s
..[4406.129s][info][gc,start       ] GC(1242) Pause Young (Concurrent Start) (G1 Evacuation Pause)
[4406.129s][info][gc,task        ] GC(1242) Using 6 workers of 6 for evacuation
[4406.245s][info][gc,phases      ] GC(1242)   Pre Evacuate Collection Set: 0.40ms
[4406.245s][info][gc,phases      ] GC(1242)   Merge Heap Roots: 0.42ms
[4406.245s][info][gc,phases      ] GC(1242)   Evacuate Collection Set: 114.38ms
[4406.245s][info][gc,phases      ] GC(1242)   Post Evacuate Collection Set: 0.85ms
[4406.245s][info][gc,phases      ] GC(1242)   Other: 0.11ms
[4406.245s][info][gc,heap        ] GC(1242) Eden regions: 1118->0(1117)
[4406.245s][info][gc,heap        ] GC(1242) Survivor regions: 110->111(154)
[4406.245s][info][gc,heap        ] GC(1242) Old regions: 473->505
[4406.245s][info][gc,heap        ] GC(1242) Humongous regions: 80->80
[4406.245s][info][gc,metaspace   ] GC(1242) Metaspace: 28909K(29312K)->28909K(29312K) NonClass: 24041K(24256K)->24041K(24256K) Class: 4868K(5056K)->4868K(5056K)
[4406.245s][info][gc             ] GC(1242) Pause Young (Concurrent Start) (G1 Evacuation Pause) 3559M->1390M(4096M) 116.286ms
[4406.245s][info][gc             ] GC(1243) Concurrent Mark Cycle
[4406.245s][info][gc,marking     ] GC(1243) Concurrent Scan Root Regions
[4406.245s][info][gc,cpu         ] GC(1242) User=0.70s Sys=0.00s Real=0.12s
.[4406.468s][info][gc,marking     ] GC(1243) Concurrent Scan Root Regions 223.022ms
[4406.468s][info][gc,marking     ] GC(1243) Concurrent Mark
[4406.468s][info][gc,marking     ] GC(1243) Concurrent Mark From Roots
[4406.468s][info][gc,task        ] GC(1243) Using 2 workers of 2 for marking
.[4407.411s][info][gc,marking     ] GC(1243) Concurrent Mark From Roots 942.682ms
[4407.411s][info][gc,marking     ] GC(1243) Concurrent Preclean
[4407.411s][info][gc,marking     ] GC(1243) Concurrent Preclean 0.107ms
[4407.414s][info][gc,start       ] GC(1243) Pause Remark
[4407.421s][info][gc             ] GC(1243) Pause Remark 2548M->2548M(4096M) 7.660ms
[4407.421s][info][gc,cpu         ] GC(1243) User=0.05s Sys=0.00s Real=0.01s
[4407.421s][info][gc,marking     ] GC(1243) Concurrent Mark 953.076ms
[4407.421s][info][gc,marking     ] GC(1243) Concurrent Rebuild Remembered Sets and Scrub Regions
[4407.736s][info][gc,marking     ] GC(1243) Concurrent Rebuild Remembered Sets and Scrub Regions 314.462ms
[4407.736s][info][gc,start       ] GC(1243) Pause Cleanup
[4407.736s][info][gc             ] GC(1243) Pause Cleanup 2836M->2836M(4096M) 0.134ms
[4407.736s][info][gc,cpu         ] GC(1243) User=0.00s Sys=0.00s Real=0.00s
[4407.737s][info][gc,marking     ] GC(1243) Concurrent Clear Claimed Marks
[4407.737s][info][gc,marking     ] GC(1243) Concurrent Clear Claimed Marks 0.032ms
[4407.737s][info][gc,marking     ] GC(1243) Concurrent Cleanup for Next Mark
[4407.743s][info][gc,marking     ] GC(1243) Concurrent Cleanup for Next Mark 6.271ms
[4407.743s][info][gc             ] GC(1243) Concurrent Mark Cycle 1498.084ms
.[4408.543s][info][gc,start       ] GC(1244) Pause Young (Prepare Mixed) (G1 Evacuation Pause)
[4408.543s][info][gc,task        ] GC(1244) Using 6 workers of 6 for evacuation
[4408.663s][info][gc,phases      ] GC(1244)   Pre Evacuate Collection Set: 0.35ms
[4408.663s][info][gc,phases      ] GC(1244)   Merge Heap Roots: 0.50ms
[4408.663s][info][gc,phases      ] GC(1244)   Evacuate Collection Set: 118.35ms
[4408.663s][info][gc,phases      ] GC(1244)   Post Evacuate Collection Set: 0.91ms
[4408.663s][info][gc,phases      ] GC(1244)   Other: 0.09ms
[4408.663s][info][gc,heap        ] GC(1244) Eden regions: 1117->0(1104)
[4408.663s][info][gc,heap        ] GC(1244) Survivor regions: 111->112(154)
[4408.663s][info][gc,heap        ] GC(1244) Old regions: 505->537
[4408.663s][info][gc,heap        ] GC(1244) Humongous regions: 80->80
[4408.663s][info][gc,metaspace   ] GC(1244) Metaspace: 28909K(29312K)->28909K(29312K) NonClass: 24041K(24256K)->24041K(24256K) Class: 4868K(5056K)->4868K(5056K)
[4408.663s][info][gc             ] GC(1244) Pause Young (Prepare Mixed) (G1 Evacuation Pause) 3624M->1455M(4096M) 120.331ms
[4408.663s][info][gc,cpu         ] GC(1244) User=0.72s Sys=0.00s Real=0.12s
..[4410.879s][info][gc,start       ] GC(1245) Pause Young (Mixed) (G1 Evacuation Pause)
[4410.879s][info][gc,task        ] GC(1245) Using 6 workers of 6 for evacuation
[4411.020s][info][gc,phases      ] GC(1245)   Pre Evacuate Collection Set: 0.38ms
[4411.020s][info][gc,phases      ] GC(1245)   Merge Heap Roots: 0.74ms
[4411.020s][info][gc,phases      ] GC(1245)   Evacuate Collection Set: 138.42ms
[4411.020s][info][gc,phases      ] GC(1245)   Post Evacuate Collection Set: 0.96ms
[4411.020s][info][gc,phases      ] GC(1245)   Other: 0.09ms
[4411.020s][info][gc,heap        ] GC(1245) Eden regions: 1104->0(1113)
[4411.020s][info][gc,heap        ] GC(1245) Survivor regions: 112->115(152)
[4411.020s][info][gc,heap        ] GC(1245) Old regions: 537->473
[4411.020s][info][gc,heap        ] GC(1245) Humongous regions: 80->80
[4411.020s][info][gc,metaspace   ] GC(1245) Metaspace: 28909K(29312K)->28909K(29312K) NonClass: 24041K(24256K)->24041K(24256K) Class: 4868K(5056K)->4868K(5056K)
[4411.020s][info][gc             ] GC(1245) Pause Young (Mixed) (G1 Evacuation Pause) 3663M->1334M(4096M) 140.724ms
[4411.020s][info][gc,cpu         ] GC(1245) User=0.84s Sys=0.00s Real=0.14s
..[4413.373s][info][gc,start       ] GC(1246) Pause Young (Concurrent Start) (G1 Evacuation Pause)
[4413.373s][info][gc,task        ] GC(1246) Using 6 workers of 6 for evacuation
[4413.490s][info][gc,phases      ] GC(1246)   Pre Evacuate Collection Set: 0.41ms
[4413.490s][info][gc,phases      ] GC(1246)   Merge Heap Roots: 0.50ms
[4413.490s][info][gc,phases      ] GC(1246)   Evacuate Collection Set: 114.66ms
[4413.490s][info][gc,phases      ] GC(1246)   Post Evacuate Collection Set: 0.86ms
[4413.490s][info][gc,phases      ] GC(1246)   Other: 0.12ms
[4413.490s][info][gc,heap        ] GC(1246) Eden regions: 1113->0(1121)
[4413.490s][info][gc,heap        ] GC(1246) Survivor regions: 115->107(154)
[4413.490s][info][gc,heap        ] GC(1246) Old regions: 473->505
[4413.490s][info][gc,heap        ] GC(1246) Humongous regions: 80->80
[4413.490s][info][gc,metaspace   ] GC(1246) Metaspace: 28909K(29312K)->28909K(29312K) NonClass: 24041K(24256K)->24041K(24256K) Class: 4868K(5056K)->4868K(5056K)
[4413.490s][info][gc             ] GC(1246) Pause Young (Concurrent Start) (G1 Evacuation Pause) 3560M->1383M(4096M) 116.689ms
[4413.490s][info][gc             ] GC(1247) Concurrent Mark Cycle
[4413.490s][info][gc,marking     ] GC(1247) Concurrent Scan Root Regions
[4413.490s][info][gc,cpu         ] GC(1246) User=0.69s Sys=0.00s Real=0.11s
.[4413.675s][info][gc,marking     ] GC(1247) Concurrent Scan Root Regions 184.944ms
[4413.675s][info][gc,marking     ] GC(1247) Concurrent Mark
[4413.675s][info][gc,marking     ] GC(1247) Concurrent Mark From Roots
[4413.675s][info][gc,task        ] GC(1247) Using 2 workers of 2 for marking
.[4414.673s][info][gc,marking     ] GC(1247) Concurrent Mark From Roots 998.346ms
[4414.673s][info][gc,marking     ] GC(1247) Concurrent Preclean
[4414.673s][info][gc,marking     ] GC(1247) Concurrent Preclean 0.133ms
[4414.676s][info][gc,start       ] GC(1247) Pause Remark
[4414.683s][info][gc             ] GC(1247) Pause Remark 2483M->2483M(4096M) 6.746ms
[4414.683s][info][gc,cpu         ] GC(1247) User=0.03s Sys=0.00s Real=0.01s
[4414.683s][info][gc,marking     ] GC(1247) Concurrent Mark 1008.065ms
[4414.683s][info][gc,marking     ] GC(1247) Concurrent Rebuild Remembered Sets and Scrub Regions
[4414.954s][info][gc,marking     ] GC(1247) Concurrent Rebuild Remembered Sets and Scrub Regions 271.395ms
[4414.955s][info][gc,start       ] GC(1247) Pause Cleanup
[4414.955s][info][gc             ] GC(1247) Pause Cleanup 2770M->2770M(4096M) 0.128ms
[4414.955s][info][gc,cpu         ] GC(1247) User=0.00s Sys=0.00s Real=0.00s
[4414.955s][info][gc,marking     ] GC(1247) Concurrent Clear Claimed Marks
[4414.955s][info][gc,marking     ] GC(1247) Concurrent Clear Claimed Marks 0.026ms
[4414.955s][info][gc,marking     ] GC(1247) Concurrent Cleanup for Next Mark
[4414.965s][info][gc,marking     ] GC(1247) Concurrent Cleanup for Next Mark 10.130ms
[4414.965s][info][gc             ] GC(1247) Concurrent Mark Cycle 1475.576ms
.[4415.765s][info][gc,start       ] GC(1248) Pause Young (Prepare Mixed) (G1 Evacuation Pause)
[4415.765s][info][gc,task        ] GC(1248) Using 6 workers of 6 for evacuation
[4415.884s][info][gc,phases      ] GC(1248)   Pre Evacuate Collection Set: 0.33ms
[4415.884s][info][gc,phases      ] GC(1248)   Merge Heap Roots: 0.47ms
[4415.884s][info][gc,phases      ] GC(1248)   Evacuate Collection Set: 117.12ms
[4415.884s][info][gc,phases      ] GC(1248)   Post Evacuate Collection Set: 0.91ms
[4415.884s][info][gc,phases      ] GC(1248)   Other: 0.09ms
[4415.884s][info][gc,heap        ] GC(1248) Eden regions: 1121->0(1102)
[4415.884s][info][gc,heap        ] GC(1248) Survivor regions: 107->113(154)
[4415.884s][info][gc,heap        ] GC(1248) Old regions: 505->537
[4415.884s][info][gc,heap        ] GC(1248) Humongous regions: 80->80
[4415.884s][info][gc,metaspace   ] GC(1248) Metaspace: 28909K(29312K)->28909K(29312K) NonClass: 24041K(24256K)->24041K(24256K) Class: 4868K(5056K)->4868K(5056K)
[4415.884s][info][gc             ] GC(1248) Pause Young (Prepare Mixed) (G1 Evacuation Pause) 3625M->1458M(4096M) 119.040ms
[4415.884s][info][gc,cpu         ] GC(1248) User=0.71s Sys=0.00s Real=0.12s
..[4418.199s][info][gc,start       ] GC(1249) Pause Young (Mixed) (G1 Evacuation Pause)
[4418.199s][info][gc,task        ] GC(1249) Using 6 workers of 6 for evacuation
[4418.332s][info][gc,phases      ] GC(1249)   Pre Evacuate Collection Set: 0.36ms
[4418.332s][info][gc,phases      ] GC(1249)   Merge Heap Roots: 0.69ms
[4418.332s][info][gc,phases      ] GC(1249)   Evacuate Collection Set: 130.91ms
[4418.332s][info][gc,phases      ] GC(1249)   Post Evacuate Collection Set: 0.90ms
[4418.332s][info][gc,phases      ] GC(1249)   Other: 0.09ms
[4418.332s][info][gc,heap        ] GC(1249) Eden regions: 1102->0(1120)
[4418.332s][info][gc,heap        ] GC(1249) Survivor regions: 113->108(152)
[4418.332s][info][gc,heap        ] GC(1249) Old regions: 537->474
[4418.332s][info][gc,heap        ] GC(1249) Humongous regions: 80->80
[4418.332s][info][gc,metaspace   ] GC(1249) Metaspace: 28909K(29312K)->28909K(29312K) NonClass: 24041K(24256K)->24041K(24256K) Class: 4868K(5056K)->4868K(5056K)
[4418.332s][info][gc             ] GC(1249) Pause Young (Mixed) (G1 Evacuation Pause) 3662M->1322M(4096M) 133.080ms
[4418.332s][info][gc,cpu         ] GC(1249) User=0.79s Sys=0.00s Real=0.14s
...[4420.643s][info][gc,start       ] GC(1250) Pause Young (Concurrent Start) (G1 Evacuation Pause)
[4420.643s][info][gc,task        ] GC(1250) Using 6 workers of 6 for evacuation
[4420.762s][info][gc,phases      ] GC(1250)   Pre Evacuate Collection Set: 0.35ms
[4420.762s][info][gc,phases      ] GC(1250)   Merge Heap Roots: 0.44ms
[4420.762s][info][gc,phases      ] GC(1250)   Evacuate Collection Set: 117.13ms
[4420.762s][info][gc,phases      ] GC(1250)   Post Evacuate Collection Set: 0.86ms
[4420.762s][info][gc,phases      ] GC(1250)   Other: 0.11ms
[4420.762s][info][gc,heap        ] GC(1250) Eden regions: 1120->0(1117)
[4420.762s][info][gc,heap        ] GC(1250) Survivor regions: 108->111(154)
[4420.762s][info][gc,heap        ] GC(1250) Old regions: 474->507
[4420.762s][info][gc,heap        ] GC(1250) Humongous regions: 80->80
[4420.762s][info][gc,metaspace   ] GC(1250) Metaspace: 28909K(29312K)->28909K(29312K) NonClass: 24041K(24256K)->24041K(24256K) Class: 4868K(5056K)->4868K(5056K)
[4420.762s][info][gc             ] GC(1250) Pause Young (Concurrent Start) (G1 Evacuation Pause) 3562M->1394M(4096M) 119.027ms
[4420.762s][info][gc             ] GC(1251) Concurrent Mark Cycle
[4420.762s][info][gc,marking     ] GC(1251) Concurrent Scan Root Regions
[4420.762s][info][gc,cpu         ] GC(1250) User=0.71s Sys=0.00s Real=0.12s
[4420.929s][info][gc,marking     ] GC(1251) Concurrent Scan Root Regions 166.975ms
[4420.929s][info][gc,marking     ] GC(1251) Concurrent Mark
[4420.929s][info][gc,marking     ] GC(1251) Concurrent Mark From Roots
[4420.929s][info][gc,task        ] GC(1251) Using 2 workers of 2 for marking
.[4421.760s][info][gc,marking     ] GC(1251) Concurrent Mark From Roots 831.390ms
[4421.760s][info][gc,marking     ] GC(1251) Concurrent Preclean
[4421.760s][info][gc,marking     ] GC(1251) Concurrent Preclean 0.125ms
[4421.763s][info][gc,start       ] GC(1251) Pause Remark
[4421.767s][info][gc             ] GC(1251) Pause Remark 2318M->2318M(4096M) 4.514ms
[4421.767s][info][gc,cpu         ] GC(1251) User=0.02s Sys=0.00s Real=0.00s
[4421.768s][info][gc,marking     ] GC(1251) Concurrent Mark 838.677ms
[4421.768s][info][gc,marking     ] GC(1251) Concurrent Rebuild Remembered Sets and Scrub Regions
[4422.119s][info][gc,marking     ] GC(1251) Concurrent Rebuild Remembered Sets and Scrub Regions 351.285ms
[4422.119s][info][gc,start       ] GC(1251) Pause Cleanup
[4422.119s][info][gc             ] GC(1251) Pause Cleanup 2670M->2670M(4096M) 0.122ms
[4422.119s][info][gc,cpu         ] GC(1251) User=0.00s Sys=0.00s Real=0.00s
[4422.119s][info][gc,marking     ] GC(1251) Concurrent Clear Claimed Marks
[4422.119s][info][gc,marking     ] GC(1251) Concurrent Clear Claimed Marks 0.027ms
[4422.119s][info][gc,marking     ] GC(1251) Concurrent Cleanup for Next Mark
[4422.127s][info][gc,marking     ] GC(1251) Concurrent Cleanup for Next Mark 7.329ms
[4422.127s][info][gc             ] GC(1251) Concurrent Mark Cycle 1365.116ms
.[4423.067s][info][gc,start       ] GC(1252) Pause Young (Prepare Mixed) (G1 Evacuation Pause)
[4423.067s][info][gc,task        ] GC(1252) Using 6 workers of 6 for evacuation
[4423.185s][info][gc,phases      ] GC(1252)   Pre Evacuate Collection Set: 0.34ms
[4423.185s][info][gc,phases      ] GC(1252)   Merge Heap Roots: 0.46ms
[4423.185s][info][gc,phases      ] GC(1252)   Evacuate Collection Set: 115.83ms
[4423.185s][info][gc,phases      ] GC(1252)   Post Evacuate Collection Set: 0.92ms
[4423.185s][info][gc,phases      ] GC(1252)   Other: 0.08ms
[4423.185s][info][gc,heap        ] GC(1252) Eden regions: 1117->0(1104)
[4423.185s][info][gc,heap        ] GC(1252) Survivor regions: 111->111(154)
[4423.185s][info][gc,heap        ] GC(1252) Old regions: 507->539
[4423.185s][info][gc,heap        ] GC(1252) Humongous regions: 80->80
[4423.185s][info][gc,metaspace   ] GC(1252) Metaspace: 28909K(29312K)->28909K(29312K) NonClass: 24041K(24256K)->24041K(24256K) Class: 4868K(5056K)->4868K(5056K)
[4423.185s][info][gc             ] GC(1252) Pause Young (Prepare Mixed) (G1 Evacuation Pause) 3628M->1458M(4096M) 117.753ms
[4423.185s][info][gc,cpu         ] GC(1252) User=0.70s Sys=0.00s Real=0.12s
..[4425.402s][info][gc,start       ] GC(1253) Pause Young (Mixed) (G1 Evacuation Pause)
[4425.402s][info][gc,task        ] GC(1253) Using 6 workers of 6 for evacuation
[4425.535s][info][gc,phases      ] GC(1253)   Pre Evacuate Collection Set: 0.33ms
[4425.535s][info][gc,phases      ] GC(1253)   Merge Heap Roots: 0.60ms
[4425.535s][info][gc,phases      ] GC(1253)   Evacuate Collection Set: 131.35ms
[4425.535s][info][gc,phases      ] GC(1253)   Post Evacuate Collection Set: 0.96ms
[4425.535s][info][gc,phases      ] GC(1253)   Other: 0.09ms
[4425.535s][info][gc,heap        ] GC(1253) Eden regions: 1104->0(1119)
[4425.535s][info][gc,heap        ] GC(1253) Survivor regions: 111->109(152)
[4425.535s][info][gc,heap        ] GC(1253) Old regions: 539->475
[4425.535s][info][gc,heap        ] GC(1253) Humongous regions: 80->80
[4425.535s][info][gc,metaspace   ] GC(1253) Metaspace: 28909K(29312K)->28909K(29312K) NonClass: 24041K(24256K)->24041K(24256K) Class: 4868K(5056K)->4868K(5056K)
[4425.535s][info][gc             ] GC(1253) Pause Young (Mixed) (G1 Evacuation Pause) 3666M->1326M(4096M) 133.471ms
[4425.535s][info][gc,cpu         ] GC(1253) User=0.79s Sys=0.00s Real=0.13s
...[4427.800s][info][gc,start       ] GC(1254) Pause Young (Concurrent Start) (G1 Evacuation Pause)
[4427.800s][info][gc,task        ] GC(1254) Using 6 workers of 6 for evacuation
[4427.918s][info][gc,phases      ] GC(1254)   Pre Evacuate Collection Set: 0.36ms
[4427.918s][info][gc,phases      ] GC(1254)   Merge Heap Roots: 0.46ms
[4427.918s][info][gc,phases      ] GC(1254)   Evacuate Collection Set: 116.62ms
[4427.918s][info][gc,phases      ] GC(1254)   Post Evacuate Collection Set: 0.85ms
[4427.918s][info][gc,phases      ] GC(1254)   Other: 0.12ms
[4427.918s][info][gc,heap        ] GC(1254) Eden regions: 1119->0(1118)
[4427.918s][info][gc,heap        ] GC(1254) Survivor regions: 109->110(154)
[4427.918s][info][gc,heap        ] GC(1254) Old regions: 475->507
[4427.918s][info][gc,heap        ] GC(1254) Humongous regions: 80->80
[4427.918s][info][gc,metaspace   ] GC(1254) Metaspace: 28909K(29312K)->28909K(29312K) NonClass: 24041K(24256K)->24041K(24256K) Class: 4868K(5056K)->4868K(5056K)
[4427.918s][info][gc             ] GC(1254) Pause Young (Concurrent Start) (G1 Evacuation Pause) 3564M->1392M(4096M) 118.544ms
[4427.918s][info][gc             ] GC(1255) Concurrent Mark Cycle
[4427.918s][info][gc,marking     ] GC(1255) Concurrent Scan Root Regions
[4427.918s][info][gc,cpu         ] GC(1254) User=0.70s Sys=0.00s Real=0.12s
[4428.125s][info][gc,marking     ] GC(1255) Concurrent Scan Root Regions 206.675ms
[4428.125s][info][gc,marking     ] GC(1255) Concurrent Mark
[4428.125s][info][gc,marking     ] GC(1255) Concurrent Mark From Roots
[4428.125s][info][gc,task        ] GC(1255) Using 2 workers of 2 for marking
.[4429.126s][info][gc,marking     ] GC(1255) Concurrent Mark From Roots 1001.142ms
[4429.126s][info][gc,marking     ] GC(1255) Concurrent Preclean
[4429.126s][info][gc,marking     ] GC(1255) Concurrent Preclean 0.140ms
[4429.127s][info][gc,start       ] GC(1255) Pause Remark
[4429.133s][info][gc             ] GC(1255) Pause Remark 2601M->2601M(4096M) 6.855ms
[4429.133s][info][gc,cpu         ] GC(1255) User=0.04s Sys=0.00s Real=0.01s
[4429.134s][info][gc,marking     ] GC(1255) Concurrent Mark 1008.446ms
[4429.134s][info][gc,marking     ] GC(1255) Concurrent Rebuild Remembered Sets and Scrub Regions
[4429.530s][info][gc,marking     ] GC(1255) Concurrent Rebuild Remembered Sets and Scrub Regions 396.103ms
[4429.530s][info][gc,start       ] GC(1255) Pause Cleanup
[4429.530s][info][gc             ] GC(1255) Pause Cleanup 2966M->2966M(4096M) 0.116ms
[4429.530s][info][gc,cpu         ] GC(1255) User=0.00s Sys=0.00s Real=0.00s
[4429.530s][info][gc,marking     ] GC(1255) Concurrent Clear Claimed Marks
[4429.530s][info][gc,marking     ] GC(1255) Concurrent Clear Claimed Marks 0.026ms
[4429.530s][info][gc,marking     ] GC(1255) Concurrent Cleanup for Next Mark
[4429.535s][info][gc,marking     ] GC(1255) Concurrent Cleanup for Next Mark 5.037ms
[4429.535s][info][gc             ] GC(1255) Concurrent Mark Cycle 1616.818ms
.[4430.155s][info][gc,start       ] GC(1256) Pause Young (Prepare Mixed) (G1 Evacuation Pause)
[4430.155s][info][gc,task        ] GC(1256) Using 6 workers of 6 for evacuation
[4430.279s][info][gc,phases      ] GC(1256)   Pre Evacuate Collection Set: 0.32ms
[4430.279s][info][gc,phases      ] GC(1256)   Merge Heap Roots: 0.57ms
[4430.279s][info][gc,phases      ] GC(1256)   Evacuate Collection Set: 122.05ms
[4430.279s][info][gc,phases      ] GC(1256)   Post Evacuate Collection Set: 0.99ms
[4430.279s][info][gc,phases      ] GC(1256)   Other: 0.09ms
[4430.279s][info][gc,heap        ] GC(1256) Eden regions: 1118->0(1095)
[4430.279s][info][gc,heap        ] GC(1256) Survivor regions: 110->116(154)
[4430.279s][info][gc,heap        ] GC(1256) Old regions: 507->538
[4430.279s][info][gc,heap        ] GC(1256) Humongous regions: 80->80
[4430.279s][info][gc,metaspace   ] GC(1256) Metaspace: 28909K(29312K)->28909K(29312K) NonClass: 24041K(24256K)->24041K(24256K) Class: 4868K(5056K)->4868K(5056K)
[4430.279s][info][gc             ] GC(1256) Pause Young (Prepare Mixed) (G1 Evacuation Pause) 3628M->1466M(4096M) 124.146ms
[4430.279s][info][gc,cpu         ] GC(1256) User=0.74s Sys=0.00s Real=0.12s
..[4432.515s][info][gc,start       ] GC(1257) Pause Young (Mixed) (G1 Evacuation Pause)
[4432.515s][info][gc,task        ] GC(1257) Using 6 workers of 6 for evacuation
[4432.649s][info][gc,phases      ] GC(1257)   Pre Evacuate Collection Set: 0.35ms
[4432.649s][info][gc,phases      ] GC(1257)   Merge Heap Roots: 0.68ms
[4432.649s][info][gc,phases      ] GC(1257)   Evacuate Collection Set: 132.08ms
[4432.649s][info][gc,phases      ] GC(1257)   Post Evacuate Collection Set: 0.96ms
[4432.649s][info][gc,phases      ] GC(1257)   Other: 0.09ms
[4432.649s][info][gc,heap        ] GC(1257) Eden regions: 1095->0(1119)
[4432.649s][info][gc,heap        ] GC(1257) Survivor regions: 116->109(152)
[4432.649s][info][gc,heap        ] GC(1257) Old regions: 538->473
[4432.649s][info][gc,heap        ] GC(1257) Humongous regions: 80->80
[4432.649s][info][gc,metaspace   ] GC(1257) Metaspace: 28909K(29312K)->28909K(29312K) NonClass: 24041K(24256K)->24041K(24256K) Class: 4868K(5056K)->4868K(5056K)
[4432.649s][info][gc             ] GC(1257) Pause Young (Mixed) (G1 Evacuation Pause) 3656M->1322M(4096M) 134.290ms
[4432.649s][info][gc,cpu         ] GC(1257) User=0.80s Sys=0.00s Real=0.13s
...[4434.872s][info][gc,start       ] GC(1258) Pause Young (Concurrent Start) (G1 Evacuation Pause)
[4434.872s][info][gc,task        ] GC(1258) Using 6 workers of 6 for evacuation
[4434.988s][info][gc,phases      ] GC(1258)   Pre Evacuate Collection Set: 0.35ms
[4434.988s][info][gc,phases      ] GC(1258)   Merge Heap Roots: 0.46ms
[4434.988s][info][gc,phases      ] GC(1258)   Evacuate Collection Set: 114.01ms
[4434.988s][info][gc,phases      ] GC(1258)   Post Evacuate Collection Set: 0.84ms
[4434.988s][info][gc,phases      ] GC(1258)   Other: 0.12ms
[4434.988s][info][gc,heap        ] GC(1258) Eden regions: 1119->0(1119)
[4434.988s][info][gc,heap        ] GC(1258) Survivor regions: 109->109(154)
[4434.988s][info][gc,heap        ] GC(1258) Old regions: 473->505
[4434.988s][info][gc,heap        ] GC(1258) Humongous regions: 80->80
[4434.988s][info][gc,metaspace   ] GC(1258) Metaspace: 28909K(29312K)->28909K(29312K) NonClass: 24041K(24256K)->24041K(24256K) Class: 4868K(5056K)->4868K(5056K)
[4434.988s][info][gc             ] GC(1258) Pause Young (Concurrent Start) (G1 Evacuation Pause) 3560M->1387M(4096M) 115.899ms
[4434.988s][info][gc             ] GC(1259) Concurrent Mark Cycle
[4434.988s][info][gc,marking     ] GC(1259) Concurrent Scan Root Regions
[4434.988s][info][gc,cpu         ] GC(1258) User=0.69s Sys=0.00s Real=0.11s
[4435.133s][info][gc,marking     ] GC(1259) Concurrent Scan Root Regions 145.010ms
[4435.133s][info][gc,marking     ] GC(1259) Concurrent Mark
[4435.133s][info][gc,marking     ] GC(1259) Concurrent Mark From Roots
[4435.133s][info][gc,task        ] GC(1259) Using 2 workers of 2 for marking
.[4435.847s][info][gc,marking     ] GC(1259) Concurrent Mark From Roots 713.883ms
[4435.847s][info][gc,marking     ] GC(1259) Concurrent Preclean
[4435.847s][info][gc,marking     ] GC(1259) Concurrent Preclean 0.121ms
[4435.851s][info][gc,start       ] GC(1259) Pause Remark
[4435.855s][info][gc             ] GC(1259) Pause Remark 2181M->2181M(4096M) 4.797ms
[4435.856s][info][gc,cpu         ] GC(1259) User=0.02s Sys=0.00s Real=0.01s
[4435.856s][info][gc,marking     ] GC(1259) Concurrent Mark 723.048ms
[4435.856s][info][gc,marking     ] GC(1259) Concurrent Rebuild Remembered Sets and Scrub Regions
 (rIR:aIR:PR = 7887:7863:7863) (tPR = 117309) [OK] 
  4435s: Performance info:
         Transaction,    Success,    Partial,     Failed,   Receipts, AvgBarcode, 
             Overall,     477903,          0,          0,     454107,      59.47, 
         Response times:
             Request,    Success,    Partial,     Failed,   SkipFail,     Probes,    Samples,      min,      p50,      p90,      p95,      p99,      max, 
       TotalPurchase,     454840,          0,          0,          0,     357766,     394765,      300,     6700,    82000,   126000,   229000,   509000,
     InStorePurchase,     238998,          0,          0,          0,     188358,     207557,      300,     6800,    83000,   126000,   230000,   509000,
      OnlinePurchase,     167577,          0,          0,          0,     131685,     145157,      300,     6700,    82000,   126000,   228000,   358000,
        InstPurchase,      48265,          0,          0,          0,      37723,      42051,      400,     6500,    81000,   124000,   228000,   345000,
          AssocOfCat,        476,          0,          0,          0,        395,        512,    25000,    44000,   144400,   184400,   250350,   392000,
      AssocOfProduct,       4788,          0,          0,          0,       4477,       5147,      400,     7100,    84000,   127000,   225520,   316000,
      BusinessReport,       1195,          0,          0,          0,       1070,       1313,    30000,    56000,   174000,   208900,   314860,   411000,
          CustBuyBeh,       4785,          0,          0,          0,       4463,       5154,      200,     7100,    85000,   129000,   225000,   294000,
       ProductReturn,      12588,          0,          0,          0,       9546,      10788,      200,     7200,    84100,   133000,   230000,   365000,

  4435s: (58%)   IR =   8025 [4436.223s][info][gc,marking     ] GC(1259) Concurrent Rebuild Remembered Sets and Scrub Regions 366.838ms
[4436.226s][info][gc,start       ] GC(1259) Pause Cleanup
[4436.226s][info][gc             ] GC(1259) Pause Cleanup 2415M->2415M(4096M) 0.134ms
[4436.226s][info][gc,cpu         ] GC(1259) User=0.00s Sys=0.00s Real=0.00s
[4436.226s][info][gc,marking     ] GC(1259) Concurrent Clear Claimed Marks
[4436.226s][info][gc,marking     ] GC(1259) Concurrent Clear Claimed Marks 0.026ms
[4436.226s][info][gc,marking     ] GC(1259) Concurrent Cleanup for Next Mark
[4436.264s][info][gc,marking     ] GC(1259) Concurrent Cleanup for Next Mark 37.334ms
[4436.264s][info][gc             ] GC(1259) Concurrent Mark Cycle 1275.867ms
.[4437.219s][info][gc,start       ] GC(1260) Pause Young (Prepare Mixed) (G1 Evacuation Pause)
[4437.219s][info][gc,task        ] GC(1260) Using 6 workers of 6 for evacuation
[4437.336s][info][gc,phases      ] GC(1260)   Pre Evacuate Collection Set: 0.30ms
[4437.336s][info][gc,phases      ] GC(1260)   Merge Heap Roots: 0.49ms
[4437.336s][info][gc,phases      ] GC(1260)   Evacuate Collection Set: 115.03ms
[4437.336s][info][gc,phases      ] GC(1260)   Post Evacuate Collection Set: 0.92ms
[4437.336s][info][gc,phases      ] GC(1260)   Other: 0.09ms
[4437.336s][info][gc,heap        ] GC(1260) Eden regions: 1119->0(1112)
[4437.336s][info][gc,heap        ] GC(1260) Survivor regions: 109->108(154)
[4437.336s][info][gc,heap        ] GC(1260) Old regions: 505->537
[4437.336s][info][gc,heap        ] GC(1260) Humongous regions: 80->80
[4437.336s][info][gc,metaspace   ] GC(1260) Metaspace: 28909K(29312K)->28909K(29312K) NonClass: 24041K(24256K)->24041K(24256K) Class: 4868K(5056K)->4868K(5056K)
[4437.336s][info][gc             ] GC(1260) Pause Young (Prepare Mixed) (G1 Evacuation Pause) 3625M->1447M(4096M) 116.979ms
[4437.336s][info][gc,cpu         ] GC(1260) User=0.70s Sys=0.00s Real=0.12s
..[4439.536s][info][gc,start       ] GC(1261) Pause Young (Mixed) (G1 Evacuation Pause)
[4439.536s][info][gc,task        ] GC(1261) Using 6 workers of 6 for evacuation
[4439.672s][info][gc,phases      ] GC(1261)   Pre Evacuate Collection Set: 0.34ms
[4439.672s][info][gc,phases      ] GC(1261)   Merge Heap Roots: 0.76ms
[4439.672s][info][gc,phases      ] GC(1261)   Evacuate Collection Set: 133.62ms
[4439.672s][info][gc,phases      ] GC(1261)   Post Evacuate Collection Set: 0.97ms
[4439.672s][info][gc,phases      ] GC(1261)   Other: 0.08ms
[4439.672s][info][gc,heap        ] GC(1261) Eden regions: 1112->0(1120)
[4439.672s][info][gc,heap        ] GC(1261) Survivor regions: 108->108(153)
[4439.672s][info][gc,heap        ] GC(1261) Old regions: 537->476
[4439.672s][info][gc,heap        ] GC(1261) Humongous regions: 80->80
[4439.672s][info][gc,metaspace   ] GC(1261) Metaspace: 28909K(29312K)->28909K(29312K) NonClass: 24041K(24256K)->24041K(24256K) Class: 4868K(5056K)->4868K(5056K)
[4439.672s][info][gc             ] GC(1261) Pause Young (Mixed) (G1 Evacuation Pause) 3671M->1325M(4096M) 135.930ms
[4439.672s][info][gc,cpu         ] GC(1261) User=0.81s Sys=0.00s Real=0.14s
..[4441.906s][info][gc,start       ] GC(1262) Pause Young (Concurrent Start) (G1 Evacuation Pause)
[4441.906s][info][gc,task        ] GC(1262) Using 6 workers of 6 for evacuation
[4442.027s][info][gc,phases      ] GC(1262)   Pre Evacuate Collection Set: 0.34ms
[4442.027s][info][gc,phases      ] GC(1262)   Merge Heap Roots: 0.48ms
[4442.027s][info][gc,phases      ] GC(1262)   Evacuate Collection Set: 119.02ms
[4442.027s][info][gc,phases      ] GC(1262)   Post Evacuate Collection Set: 0.88ms
[4442.027s][info][gc,phases      ] GC(1262)   Other: 0.12ms
[4442.027s][info][gc,heap        ] GC(1262) Eden regions: 1120->0(1116)
[4442.027s][info][gc,heap        ] GC(1262) Survivor regions: 108->112(154)
[4442.027s][info][gc,heap        ] GC(1262) Old regions: 476->506
[4442.027s][info][gc,heap        ] GC(1262) Humongous regions: 80->80
[4442.027s][info][gc,metaspace   ] GC(1262) Metaspace: 28909K(29312K)->28909K(29312K) NonClass: 24041K(24256K)->24041K(24256K) Class: 4868K(5056K)->4868K(5056K)
[4442.027s][info][gc             ] GC(1262) Pause Young (Concurrent Start) (G1 Evacuation Pause) 3565M->1394M(4096M) 120.980ms
[4442.027s][info][gc             ] GC(1263) Concurrent Mark Cycle
[4442.027s][info][gc,marking     ] GC(1263) Concurrent Scan Root Regions
[4442.027s][info][gc,cpu         ] GC(1262) User=0.71s Sys=0.00s Real=0.12s
.[4442.220s][info][gc,marking     ] GC(1263) Concurrent Scan Root Regions 193.024ms
[4442.220s][info][gc,marking     ] GC(1263) Concurrent Mark
[4442.220s][info][gc,marking     ] GC(1263) Concurrent Mark From Roots
[4442.220s][info][gc,task        ] GC(1263) Using 2 workers of 2 for marking
[4442.948s][info][gc,marking     ] GC(1263) Concurrent Mark From Roots 728.090ms
[4442.948s][info][gc,marking     ] GC(1263) Concurrent Preclean
[4442.949s][info][gc,marking     ] GC(1263) Concurrent Preclean 0.121ms
[4442.951s][info][gc,start       ] GC(1263) Pause Remark
[4442.957s][info][gc             ] GC(1263) Pause Remark 2192M->2192M(4096M) 6.121ms
[4442.958s][info][gc,cpu         ] GC(1263) User=0.04s Sys=0.00s Real=0.00s
[4442.958s][info][gc,marking     ] GC(1263) Concurrent Mark 737.396ms
[4442.958s][info][gc,marking     ] GC(1263) Concurrent Rebuild Remembered Sets and Scrub Regions
.[4443.239s][info][gc,marking     ] GC(1263) Concurrent Rebuild Remembered Sets and Scrub Regions 281.200ms
[4443.239s][info][gc,start       ] GC(1263) Pause Cleanup
[4443.239s][info][gc             ] GC(1263) Pause Cleanup 2519M->2519M(4096M) 0.127ms
[4443.239s][info][gc,cpu         ] GC(1263) User=0.00s Sys=0.00s Real=0.00s
[4443.239s][info][gc,marking     ] GC(1263) Concurrent Clear Claimed Marks
[4443.239s][info][gc,marking     ] GC(1263) Concurrent Clear Claimed Marks 0.029ms
[4443.239s][info][gc,marking     ] GC(1263) Concurrent Cleanup for Next Mark
[4443.244s][info][gc,marking     ] GC(1263) Concurrent Cleanup for Next Mark 5.101ms
[4443.244s][info][gc             ] GC(1263) Concurrent Mark Cycle 1217.325ms
.[4444.202s][info][gc,start       ] GC(1264) Pause Young (Prepare Mixed) (G1 Evacuation Pause)
[4444.202s][info][gc,task        ] GC(1264) Using 6 workers of 6 for evacuation
[4444.322s][info][gc,phases      ] GC(1264)   Pre Evacuate Collection Set: 0.32ms
[4444.322s][info][gc,phases      ] GC(1264)   Merge Heap Roots: 0.47ms
[4444.322s][info][gc,phases      ] GC(1264)   Evacuate Collection Set: 118.42ms
[4444.322s][info][gc,phases      ] GC(1264)   Post Evacuate Collection Set: 0.91ms
[4444.322s][info][gc,phases      ] GC(1264)   Other: 0.08ms
[4444.322s][info][gc,heap        ] GC(1264) Eden regions: 1116->0(1104)
[4444.322s][info][gc,heap        ] GC(1264) Survivor regions: 112->112(154)
[4444.322s][info][gc,heap        ] GC(1264) Old regions: 506->537
[4444.322s][info][gc,heap        ] GC(1264) Humongous regions: 80->80
[4444.322s][info][gc,metaspace   ] GC(1264) Metaspace: 28909K(29312K)->28909K(29312K) NonClass: 24041K(24256K)->24041K(24256K) Class: 4868K(5056K)->4868K(5056K)
[4444.322s][info][gc             ] GC(1264) Pause Young (Prepare Mixed) (G1 Evacuation Pause) 3626M->1456M(4096M) 120.331ms
[4444.322s][info][gc,cpu         ] GC(1264) User=0.72s Sys=0.00s Real=0.12s
..[4446.632s][info][gc,start       ] GC(1265) Pause Young (Mixed) (G1 Evacuation Pause)
[4446.633s][info][gc,task        ] GC(1265) Using 6 workers of 6 for evacuation
[4446.768s][info][gc,phases      ] GC(1265)   Pre Evacuate Collection Set: 0.35ms
[4446.768s][info][gc,phases      ] GC(1265)   Merge Heap Roots: 0.69ms
[4446.768s][info][gc,phases      ] GC(1265)   Evacuate Collection Set: 133.00ms
[4446.768s][info][gc,phases      ] GC(1265)   Post Evacuate Collection Set: 0.90ms
[4446.768s][info][gc,phases      ] GC(1265)   Other: 0.09ms
[4446.768s][info][gc,heap        ] GC(1265) Eden regions: 1104->0(1119)
[4446.768s][info][gc,heap        ] GC(1265) Survivor regions: 112->109(152)
[4446.768s][info][gc,heap        ] GC(1265) Old regions: 537->474
[4446.768s][info][gc,heap        ] GC(1265) Humongous regions: 80->80
[4446.768s][info][gc,metaspace   ] GC(1265) Metaspace: 28909K(29312K)->28909K(29312K) NonClass: 24041K(24256K)->24041K(24256K) Class: 4868K(5056K)->4868K(5056K)
[4446.768s][info][gc             ] GC(1265) Pause Young (Mixed) (G1 Evacuation Pause) 3664M->1323M(4096M) 135.160ms
[4446.768s][info][gc,cpu         ] GC(1265) User=0.80s Sys=0.00s Real=0.13s
.|.[4448.979s][info][gc,start       ] GC(1266) Pause Young (Concurrent Start) (G1 Evacuation Pause)
[4448.979s][info][gc,task        ] GC(1266) Using 6 workers of 6 for evacuation
[4449.099s][info][gc,phases      ] GC(1266)   Pre Evacuate Collection Set: 0.38ms
[4449.099s][info][gc,phases      ] GC(1266)   Merge Heap Roots: 0.46ms
[4449.099s][info][gc,phases      ] GC(1266)   Evacuate Collection Set: 117.89ms
[4449.099s][info][gc,phases      ] GC(1266)   Post Evacuate Collection Set: 0.85ms
[4449.099s][info][gc,phases      ] GC(1266)   Other: 0.10ms
[4449.099s][info][gc,heap        ] GC(1266) Eden regions: 1119->0(1116)
[4449.099s][info][gc,heap        ] GC(1266) Survivor regions: 109->112(154)
[4449.099s][info][gc,heap        ] GC(1266) Old regions: 474->504
[4449.099s][info][gc,heap        ] GC(1266) Humongous regions: 80->80
[4449.099s][info][gc,metaspace   ] GC(1266) Metaspace: 28909K(29312K)->28909K(29312K) NonClass: 24041K(24256K)->24041K(24256K) Class: 4868K(5056K)->4868K(5056K)
[4449.099s][info][gc             ] GC(1266) Pause Young (Concurrent Start) (G1 Evacuation Pause) 3561M->1391M(4096M) 119.818ms
[4449.099s][info][gc             ] GC(1267) Concurrent Mark Cycle
[4449.099s][info][gc,marking     ] GC(1267) Concurrent Scan Root Regions
[4449.099s][info][gc,cpu         ] GC(1266) User=0.71s Sys=0.00s Real=0.12s
.[4449.245s][info][gc,marking     ] GC(1267) Concurrent Scan Root Regions 145.450ms
[4449.245s][info][gc,marking     ] GC(1267) Concurrent Mark
[4449.245s][info][gc,marking     ] GC(1267) Concurrent Mark From Roots
[4449.245s][info][gc,task        ] GC(1267) Using 2 workers of 2 for marking
[4450.203s][info][gc,marking     ] GC(1267) Concurrent Mark From Roots 958.317ms
[4450.203s][info][gc,marking     ] GC(1267) Concurrent Preclean
[4450.203s][info][gc,marking     ] GC(1267) Concurrent Preclean 0.105ms
[4450.203s][info][gc,start       ] GC(1267) Pause Remark
[4450.210s][info][gc             ] GC(1267) Pause Remark 2460M->2460M(4096M) 7.012ms
[4450.210s][info][gc,cpu         ] GC(1267) User=0.04s Sys=0.00s Real=0.00s
[4450.210s][info][gc,marking     ] GC(1267) Concurrent Mark 965.758ms
[4450.210s][info][gc,marking     ] GC(1267) Concurrent Rebuild Remembered Sets and Scrub Regions
.[4450.621s][info][gc,marking     ] GC(1267) Concurrent Rebuild Remembered Sets and Scrub Regions 410.080ms
[4450.621s][info][gc,start       ] GC(1267) Pause Cleanup
[4450.621s][info][gc             ] GC(1267) Pause Cleanup 2870M->2870M(4096M) 0.107ms
[4450.621s][info][gc,cpu         ] GC(1267) User=0.00s Sys=0.00s Real=0.00s
[4450.621s][info][gc,marking     ] GC(1267) Concurrent Clear Claimed Marks
[4450.621s][info][gc,marking     ] GC(1267) Concurrent Clear Claimed Marks 0.024ms
[4450.621s][info][gc,marking     ] GC(1267) Concurrent Cleanup for Next Mark
[4450.626s][info][gc,marking     ] GC(1267) Concurrent Cleanup for Next Mark 5.172ms
[4450.626s][info][gc             ] GC(1267) Concurrent Mark Cycle 1527.008ms
[4451.283s][info][gc,start       ] GC(1268) Pause Young (Prepare Mixed) (G1 Evacuation Pause)
[4451.283s][info][gc,task        ] GC(1268) Using 6 workers of 6 for evacuation
[4451.405s][info][gc,phases      ] GC(1268)   Pre Evacuate Collection Set: 0.32ms
[4451.405s][info][gc,phases      ] GC(1268)   Merge Heap Roots: 0.47ms
[4451.405s][info][gc,phases      ] GC(1268)   Evacuate Collection Set: 119.88ms
[4451.405s][info][gc,phases      ] GC(1268)   Post Evacuate Collection Set: 0.92ms
[4451.405s][info][gc,phases      ] GC(1268)   Other: 0.10ms
[4451.405s][info][gc,heap        ] GC(1268) Eden regions: 1116->0(1105)
[4451.405s][info][gc,heap        ] GC(1268) Survivor regions: 112->112(154)
[4451.405s][info][gc,heap        ] GC(1268) Old regions: 504->536
[4451.405s][info][gc,heap        ] GC(1268) Humongous regions: 80->80
[4451.405s][info][gc,metaspace   ] GC(1268) Metaspace: 28909K(29312K)->28909K(29312K) NonClass: 24041K(24256K)->24041K(24256K) Class: 4868K(5056K)->4868K(5056K)
[4451.405s][info][gc             ] GC(1268) Pause Young (Prepare Mixed) (G1 Evacuation Pause) 3623M->1453M(4096M) 121.817ms
[4451.405s][info][gc,cpu         ] GC(1268) User=0.72s Sys=0.00s Real=0.12s
...[4453.593s][info][gc,start       ] GC(1269) Pause Young (Mixed) (G1 Evacuation Pause)
[4453.593s][info][gc,task        ] GC(1269) Using 6 workers of 6 for evacuation
[4453.725s][info][gc,phases      ] GC(1269)   Pre Evacuate Collection Set: 0.39ms
[4453.725s][info][gc,phases      ] GC(1269)   Merge Heap Roots: 0.72ms
[4453.725s][info][gc,phases      ] GC(1269)   Evacuate Collection Set: 130.22ms
[4453.725s][info][gc,phases      ] GC(1269)   Post Evacuate Collection Set: 0.93ms
[4453.725s][info][gc,phases      ] GC(1269)   Other: 0.09ms
[4453.725s][info][gc,heap        ] GC(1269) Eden regions: 1105->0(1119)
[4453.725s][info][gc,heap        ] GC(1269) Survivor regions: 112->109(153)
[4453.725s][info][gc,heap        ] GC(1269) Old regions: 536->472
[4453.725s][info][gc,heap        ] GC(1269) Humongous regions: 80->80
[4453.725s][info][gc,metaspace   ] GC(1269) Metaspace: 28909K(29312K)->28909K(29312K) NonClass: 24041K(24256K)->24041K(24256K) Class: 4868K(5056K)->4868K(5056K)
[4453.725s][info][gc             ] GC(1269) Pause Young (Mixed) (G1 Evacuation Pause) 3663M->1320M(4096M) 132.484ms
[4453.725s][info][gc,cpu         ] GC(1269) User=0.78s Sys=0.00s Real=0.13s
..[4456.066s][info][gc,start       ] GC(1270) Pause Young (Concurrent Start) (G1 Evacuation Pause)
[4456.066s][info][gc,task        ] GC(1270) Using 6 workers of 6 for evacuation
[4456.189s][info][gc,phases      ] GC(1270)   Pre Evacuate Collection Set: 0.33ms
[4456.189s][info][gc,phases      ] GC(1270)   Merge Heap Roots: 0.43ms
[4456.189s][info][gc,phases      ] GC(1270)   Evacuate Collection Set: 121.93ms
[4456.189s][info][gc,phases      ] GC(1270)   Post Evacuate Collection Set: 0.90ms
[4456.190s][info][gc,phases      ] GC(1270)   Other: 0.11ms
[4456.190s][info][gc,heap        ] GC(1270) Eden regions: 1119->0(1113)
[4456.190s][info][gc,heap        ] GC(1270) Survivor regions: 109->115(154)
[4456.190s][info][gc,heap        ] GC(1270) Old regions: 472->504
[4456.190s][info][gc,heap        ] GC(1270) Humongous regions: 80->80
[4456.190s][info][gc,metaspace   ] GC(1270) Metaspace: 28909K(29312K)->28909K(29312K) NonClass: 24041K(24256K)->24041K(24256K) Class: 4868K(5056K)->4868K(5056K)
[4456.190s][info][gc             ] GC(1270) Pause Young (Concurrent Start) (G1 Evacuation Pause) 3558M->1396M(4096M) 123.837ms
[4456.190s][info][gc             ] GC(1271) Concurrent Mark Cycle
[4456.190s][info][gc,marking     ] GC(1271) Concurrent Scan Root Regions
[4456.190s][info][gc,cpu         ] GC(1270) User=0.74s Sys=0.00s Real=0.12s
[4456.336s][info][gc,marking     ] GC(1271) Concurrent Scan Root Regions 146.319ms
[4456.336s][info][gc,marking     ] GC(1271) Concurrent Mark
[4456.336s][info][gc,marking     ] GC(1271) Concurrent Mark From Roots
[4456.336s][info][gc,task        ] GC(1271) Using 2 workers of 2 for marking
.[4457.083s][info][gc,marking     ] GC(1271) Concurrent Mark From Roots 747.096ms
[4457.083s][info][gc,marking     ] GC(1271) Concurrent Preclean
[4457.083s][info][gc,marking     ] GC(1271) Concurrent Preclean 0.097ms
[4457.086s][info][gc,start       ] GC(1271) Pause Remark
[4457.092s][info][gc             ] GC(1271) Pause Remark 2146M->2146M(4096M) 5.991ms
[4457.092s][info][gc,cpu         ] GC(1271) User=0.03s Sys=0.00s Real=0.01s
[4457.092s][info][gc,marking     ] GC(1271) Concurrent Mark 756.466ms
[4457.092s][info][gc,marking     ] GC(1271) Concurrent Rebuild Remembered Sets and Scrub Regions
[4457.355s][info][gc,marking     ] GC(1271) Concurrent Rebuild Remembered Sets and Scrub Regions 262.696ms
[4457.355s][info][gc,start       ] GC(1271) Pause Cleanup
[4457.355s][info][gc             ] GC(1271) Pause Cleanup 2431M->2431M(4096M) 0.110ms
[4457.355s][info][gc,cpu         ] GC(1271) User=0.00s Sys=0.00s Real=0.00s
[4457.356s][info][gc,marking     ] GC(1271) Concurrent Clear Claimed Marks
[4457.356s][info][gc,marking     ] GC(1271) Concurrent Clear Claimed Marks 0.031ms
[4457.356s][info][gc,marking     ] GC(1271) Concurrent Cleanup for Next Mark
[4457.360s][info][gc,marking     ] GC(1271) Concurrent Cleanup for Next Mark 4.636ms
[4457.361s][info][gc             ] GC(1271) Concurrent Mark Cycle 1170.966ms
..[4458.451s][info][gc,start       ] GC(1272) Pause Young (Prepare Mixed) (G1 Evacuation Pause)
[4458.451s][info][gc,task        ] GC(1272) Using 6 workers of 6 for evacuation
[4458.569s][info][gc,phases      ] GC(1272)   Pre Evacuate Collection Set: 0.32ms
[4458.569s][info][gc,phases      ] GC(1272)   Merge Heap Roots: 0.56ms
[4458.569s][info][gc,phases      ] GC(1272)   Evacuate Collection Set: 116.73ms
[4458.569s][info][gc,phases      ] GC(1272)   Post Evacuate Collection Set: 0.90ms
[4458.569s][info][gc,phases      ] GC(1272)   Other: 0.09ms
[4458.569s][info][gc,heap        ] GC(1272) Eden regions: 1113->0(1105)
[4458.569s][info][gc,heap        ] GC(1272) Survivor regions: 115->112(154)
[4458.569s][info][gc,heap        ] GC(1272) Old regions: 504->536
[4458.569s][info][gc,heap        ] GC(1272) Humongous regions: 80->80
[4458.569s][info][gc,metaspace   ] GC(1272) Metaspace: 28909K(29312K)->28909K(29312K) NonClass: 24041K(24256K)->24041K(24256K) Class: 4868K(5056K)->4868K(5056K)
[4458.569s][info][gc             ] GC(1272) Pause Young (Prepare Mixed) (G1 Evacuation Pause) 3622M->1453M(4096M) 118.735ms
[4458.569s][info][gc,cpu         ] GC(1272) User=0.71s Sys=0.00s Real=0.12s
..[4460.778s][info][gc,start       ] GC(1273) Pause Young (Mixed) (G1 Evacuation Pause)
[4460.778s][info][gc,task        ] GC(1273) Using 6 workers of 6 for evacuation
[4460.912s][info][gc,phases      ] GC(1273)   Pre Evacuate Collection Set: 0.35ms
[4460.912s][info][gc,phases      ] GC(1273)   Merge Heap Roots: 0.68ms
[4460.912s][info][gc,phases      ] GC(1273)   Evacuate Collection Set: 131.90ms
[4460.912s][info][gc,phases      ] GC(1273)   Post Evacuate Collection Set: 0.93ms
[4460.912s][info][gc,phases      ] GC(1273)   Other: 0.09ms
[4460.912s][info][gc,heap        ] GC(1273) Eden regions: 1105->0(1119)
[4460.912s][info][gc,heap        ] GC(1273) Survivor regions: 112->109(153)
[4460.912s][info][gc,heap        ] GC(1273) Old regions: 536->473
[4460.912s][info][gc,heap        ] GC(1273) Humongous regions: 80->80
[4460.912s][info][gc,metaspace   ] GC(1273) Metaspace: 28909K(29312K)->28909K(29312K) NonClass: 24041K(24256K)->24041K(24256K) Class: 4868K(5056K)->4868K(5056K)
[4460.912s][info][gc             ] GC(1273) Pause Young (Mixed) (G1 Evacuation Pause) 3663M->1323M(4096M) 134.096ms
[4460.912s][info][gc,cpu         ] GC(1273) User=0.80s Sys=0.00s Real=0.14s
..[4463.174s][info][gc,start       ] GC(1274) Pause Young (Concurrent Start) (G1 Evacuation Pause)
[4463.174s][info][gc,task        ] GC(1274) Using 6 workers of 6 for evacuation
[4463.300s][info][gc,phases      ] GC(1274)   Pre Evacuate Collection Set: 0.34ms
[4463.300s][info][gc,phases      ] GC(1274)   Merge Heap Roots: 0.48ms
[4463.300s][info][gc,phases      ] GC(1274)   Evacuate Collection Set: 123.97ms
[4463.300s][info][gc,phases      ] GC(1274)   Post Evacuate Collection Set: 0.87ms
[4463.300s][info][gc,phases      ] GC(1274)   Other: 0.11ms
[4463.300s][info][gc,heap        ] GC(1274) Eden regions: 1119->0(1113)
[4463.300s][info][gc,heap        ] GC(1274) Survivor regions: 109->115(154)
[4463.300s][info][gc,heap        ] GC(1274) Old regions: 473->506
[4463.300s][info][gc,heap        ] GC(1274) Humongous regions: 80->80
[4463.300s][info][gc,metaspace   ] GC(1274) Metaspace: 28909K(29312K)->28909K(29312K) NonClass: 24041K(24256K)->24041K(24256K) Class: 4868K(5056K)->4868K(5056K)
[4463.300s][info][gc             ] GC(1274) Pause Young (Concurrent Start) (G1 Evacuation Pause) 3561M->1400M(4096M) 125.913ms
[4463.300s][info][gc             ] GC(1275) Concurrent Mark Cycle
[4463.300s][info][gc,marking     ] GC(1275) Concurrent Scan Root Regions
[4463.300s][info][gc,cpu         ] GC(1274) User=0.75s Sys=0.00s Real=0.12s
.[4463.492s][info][gc,marking     ] GC(1275) Concurrent Scan Root Regions 192.556ms
[4463.492s][info][gc,marking     ] GC(1275) Concurrent Mark
[4463.492s][info][gc,marking     ] GC(1275) Concurrent Mark From Roots
[4463.492s][info][gc,task        ] GC(1275) Using 2 workers of 2 for marking
[4464.453s][info][gc,marking     ] GC(1275) Concurrent Mark From Roots 960.097ms
[4464.453s][info][gc,marking     ] GC(1275) Concurrent Preclean
[4464.453s][info][gc,marking     ] GC(1275) Concurrent Preclean 0.113ms
[4464.453s][info][gc,start       ] GC(1275) Pause Remark
[4464.460s][info][gc             ] GC(1275) Pause Remark 2522M->2522M(4096M) 6.878ms
[4464.460s][info][gc,cpu         ] GC(1275) User=0.04s Sys=0.00s Real=0.00s
[4464.460s][info][gc,marking     ] GC(1275) Concurrent Mark 967.425ms
[4464.460s][info][gc,marking     ] GC(1275) Concurrent Rebuild Remembered Sets and Scrub Regions
.[4464.893s][info][gc,marking     ] GC(1275) Concurrent Rebuild Remembered Sets and Scrub Regions 433.111ms
[4464.893s][info][gc,start       ] GC(1275) Pause Cleanup
[4464.893s][info][gc             ] GC(1275) Pause Cleanup 2948M->2948M(4096M) 0.123ms
[4464.893s][info][gc,cpu         ] GC(1275) User=0.00s Sys=0.00s Real=0.00s
[4464.897s][info][gc,marking     ] GC(1275) Concurrent Clear Claimed Marks
[4464.897s][info][gc,marking     ] GC(1275) Concurrent Clear Claimed Marks 0.057ms
[4464.897s][info][gc,marking     ] GC(1275) Concurrent Cleanup for Next Mark
[4464.927s][info][gc,marking     ] GC(1275) Concurrent Cleanup for Next Mark 29.945ms
[4464.927s][info][gc             ] GC(1275) Concurrent Mark Cycle 1627.331ms
[4465.520s][info][gc,start       ] GC(1276) Pause Young (Prepare Mixed) (G1 Evacuation Pause)
[4465.520s][info][gc,task        ] GC(1276) Using 6 workers of 6 for evacuation
[4465.634s][info][gc,phases      ] GC(1276)   Pre Evacuate Collection Set: 0.36ms
[4465.634s][info][gc,phases      ] GC(1276)   Merge Heap Roots: 0.48ms
[4465.634s][info][gc,phases      ] GC(1276)   Evacuate Collection Set: 112.56ms
[4465.634s][info][gc,phases      ] GC(1276)   Post Evacuate Collection Set: 0.90ms
[4465.634s][info][gc,phases      ] GC(1276)   Other: 0.09ms
[4465.634s][info][gc,heap        ] GC(1276) Eden regions: 1113->0(1112)
[4465.634s][info][gc,heap        ] GC(1276) Survivor regions: 115->108(154)
[4465.634s][info][gc,heap        ] GC(1276) Old regions: 506->537
[4465.634s][info][gc,heap        ] GC(1276) Humongous regions: 80->80
[4465.634s][info][gc,metaspace   ] GC(1276) Metaspace: 28909K(29312K)->28909K(29312K) NonClass: 24041K(24256K)->24041K(24256K) Class: 4868K(5056K)->4868K(5056K)
[4465.634s][info][gc             ] GC(1276) Pause Young (Prepare Mixed) (G1 Evacuation Pause) 3626M->1449M(4096M) 114.522ms
[4465.634s][info][gc,cpu         ] GC(1276) User=0.68s Sys=0.00s Real=0.12s
...[4467.848s][info][gc,start       ] GC(1277) Pause Young (Mixed) (G1 Evacuation Pause)
[4467.848s][info][gc,task        ] GC(1277) Using 6 workers of 6 for evacuation
[4467.993s][info][gc,phases      ] GC(1277)   Pre Evacuate Collection Set: 0.34ms
[4467.993s][info][gc,phases      ] GC(1277)   Merge Heap Roots: 0.78ms
[4467.993s][info][gc,phases      ] GC(1277)   Evacuate Collection Set: 143.03ms
[4467.993s][info][gc,phases      ] GC(1277)   Post Evacuate Collection Set: 0.96ms
[4467.993s][info][gc,phases      ] GC(1277)   Other: 0.10ms
[4467.993s][info][gc,heap        ] GC(1277) Eden regions: 1112->0(1112)
[4467.993s][info][gc,heap        ] GC(1277) Survivor regions: 108->116(153)
[4467.993s][info][gc,heap        ] GC(1277) Old regions: 537->475
[4467.993s][info][gc,heap        ] GC(1277) Humongous regions: 80->80
[4467.993s][info][gc,metaspace   ] GC(1277) Metaspace: 28909K(29312K)->28909K(29312K) NonClass: 24041K(24256K)->24041K(24256K) Class: 4868K(5056K)->4868K(5056K)
[4467.993s][info][gc             ] GC(1277) Pause Young (Mixed) (G1 Evacuation Pause) 3673M->1340M(4096M) 145.350ms
[4467.993s][info][gc,cpu         ] GC(1277) User=0.87s Sys=0.00s Real=0.15s
..[4470.280s][info][gc,start       ] GC(1278) Pause Young (Concurrent Start) (G1 Evacuation Pause)
[4470.280s][info][gc,task        ] GC(1278) Using 6 workers of 6 for evacuation
[4470.395s][info][gc,phases      ] GC(1278)   Pre Evacuate Collection Set: 0.36ms
[4470.395s][info][gc,phases      ] GC(1278)   Merge Heap Roots: 0.48ms
[4470.395s][info][gc,phases      ] GC(1278)   Evacuate Collection Set: 113.49ms
[4470.395s][info][gc,phases      ] GC(1278)   Post Evacuate Collection Set: 0.86ms
[4470.395s][info][gc,phases      ] GC(1278)   Other: 0.12ms
[4470.395s][info][gc,heap        ] GC(1278) Eden regions: 1112->0(1121)
[4470.395s][info][gc,heap        ] GC(1278) Survivor regions: 116->107(154)
[4470.395s][info][gc,heap        ] GC(1278) Old regions: 475->507
[4470.395s][info][gc,heap        ] GC(1278) Humongous regions: 80->80
[4470.395s][info][gc,metaspace   ] GC(1278) Metaspace: 28909K(29312K)->28909K(29312K) NonClass: 24041K(24256K)->24041K(24256K) Class: 4868K(5056K)->4868K(5056K)
[4470.395s][info][gc             ] GC(1278) Pause Young (Concurrent Start) (G1 Evacuation Pause) 3564M->1387M(4096M) 115.433ms
[4470.395s][info][gc             ] GC(1279) Concurrent Mark Cycle
[4470.395s][info][gc,marking     ] GC(1279) Concurrent Scan Root Regions
[4470.395s][info][gc,cpu         ] GC(1278) User=0.69s Sys=0.00s Real=0.12s
[4470.628s][info][gc,marking     ] GC(1279) Concurrent Scan Root Regions 233.025ms
[4470.628s][info][gc,marking     ] GC(1279) Concurrent Mark
[4470.628s][info][gc,marking     ] GC(1279) Concurrent Mark From Roots
[4470.628s][info][gc,task        ] GC(1279) Using 2 workers of 2 for marking
.[4471.674s][info][gc,marking     ] GC(1279) Concurrent Mark From Roots 1046.370ms
[4471.675s][info][gc,marking     ] GC(1279) Concurrent Preclean
[4471.675s][info][gc,marking     ] GC(1279) Concurrent Preclean 0.078ms
[4471.676s][info][gc,start       ] GC(1279) Pause Remark
[4471.684s][info][gc             ] GC(1279) Pause Remark 2589M->2589M(4096M) 7.530ms
[4471.684s][info][gc,cpu         ] GC(1279) User=0.04s Sys=0.00s Real=0.01s
[4471.684s][info][gc,marking     ] GC(1279) Concurrent Mark 1055.777ms
[4471.684s][info][gc,marking     ] GC(1279) Concurrent Rebuild Remembered Sets and Scrub Regions
.[4471.960s][info][gc,marking     ] GC(1279) Concurrent Rebuild Remembered Sets and Scrub Regions 276.189ms
[4471.960s][info][gc,start       ] GC(1279) Pause Cleanup
[4471.960s][info][gc             ] GC(1279) Pause Cleanup 2844M->2844M(4096M) 0.093ms
[4471.960s][info][gc,cpu         ] GC(1279) User=0.00s Sys=0.00s Real=0.00s
[4471.960s][info][gc,marking     ] GC(1279) Concurrent Clear Claimed Marks
[4471.960s][info][gc,marking     ] GC(1279) Concurrent Clear Claimed Marks 0.023ms
[4471.960s][info][gc,marking     ] GC(1279) Concurrent Cleanup for Next Mark
[4471.968s][info][gc,marking     ] GC(1279) Concurrent Cleanup for Next Mark 7.569ms
[4471.968s][info][gc             ] GC(1279) Concurrent Mark Cycle 1573.099ms
[4472.552s][info][gc,start       ] GC(1280) Pause Young (Prepare Mixed) (G1 Evacuation Pause)
[4472.552s][info][gc,task        ] GC(1280) Using 6 workers of 6 for evacuation
[4472.669s][info][gc,phases      ] GC(1280)   Pre Evacuate Collection Set: 0.31ms
[4472.669s][info][gc,phases      ] GC(1280)   Merge Heap Roots: 0.51ms
[4472.669s][info][gc,phases      ] GC(1280)   Evacuate Collection Set: 114.49ms
[4472.669s][info][gc,phases      ] GC(1280)   Post Evacuate Collection Set: 0.90ms
[4472.669s][info][gc,phases      ] GC(1280)   Other: 0.08ms
[4472.669s][info][gc,heap        ] GC(1280) Eden regions: 1121->0(1106)
[4472.669s][info][gc,heap        ] GC(1280) Survivor regions: 107->110(154)
[4472.669s][info][gc,heap        ] GC(1280) Old regions: 507->539
[4472.669s][info][gc,heap        ] GC(1280) Humongous regions: 80->80
[4472.669s][info][gc,metaspace   ] GC(1280) Metaspace: 28909K(29312K)->28909K(29312K) NonClass: 24041K(24256K)->24041K(24256K) Class: 4868K(5056K)->4868K(5056K)
[4472.669s][info][gc             ] GC(1280) Pause Young (Prepare Mixed) (G1 Evacuation Pause) 3629M->1455M(4096M) 116.424ms
[4472.669s][info][gc,cpu         ] GC(1280) User=0.69s Sys=0.00s Real=0.11s
..[4474.841s][info][gc,start       ] GC(1281) Pause Young (Mixed) (G1 Evacuation Pause)
[4474.841s][info][gc,task        ] GC(1281) Using 6 workers of 6 for evacuation
[4474.980s][info][gc,phases      ] GC(1281)   Pre Evacuate Collection Set: 0.36ms
[4474.980s][info][gc,phases      ] GC(1281)   Merge Heap Roots: 0.64ms
[4474.980s][info][gc,phases      ] GC(1281)   Evacuate Collection Set: 136.41ms
[4474.980s][info][gc,phases      ] GC(1281)   Post Evacuate Collection Set: 0.92ms
[4474.980s][info][gc,phases      ] GC(1281)   Other: 0.08ms
[4474.980s][info][gc,heap        ] GC(1281) Eden regions: 1106->0(1114)
[4474.980s][info][gc,heap        ] GC(1281) Survivor regions: 110->114(152)
[4474.980s][info][gc,heap        ] GC(1281) Old regions: 539->475
[4474.980s][info][gc,heap        ] GC(1281) Humongous regions: 80->80
[4474.980s][info][gc,metaspace   ] GC(1281) Metaspace: 28909K(29312K)->28909K(29312K) NonClass: 24041K(24256K)->24041K(24256K) Class: 4868K(5056K)->4868K(5056K)
[4474.980s][info][gc             ] GC(1281) Pause Young (Mixed) (G1 Evacuation Pause) 3667M->1335M(4096M) 138.534ms
[4474.980s][info][gc,cpu         ] GC(1281) User=0.83s Sys=0.00s Real=0.13s
...[4477.116s][info][gc,start       ] GC(1282) Pause Young (Concurrent Start) (G1 Evacuation Pause)
[4477.117s][info][gc,task        ] GC(1282) Using 6 workers of 6 for evacuation
[4477.239s][info][gc,phases      ] GC(1282)   Pre Evacuate Collection Set: 0.36ms
[4477.239s][info][gc,phases      ] GC(1282)   Merge Heap Roots: 0.44ms
[4477.239s][info][gc,phases      ] GC(1282)   Evacuate Collection Set: 120.43ms
[4477.239s][info][gc,phases      ] GC(1282)   Post Evacuate Collection Set: 0.88ms
[4477.239s][info][gc,phases      ] GC(1282)   Other: 0.11ms
[4477.239s][info][gc,heap        ] GC(1282) Eden regions: 1114->0(1114)
[4477.239s][info][gc,heap        ] GC(1282) Survivor regions: 114->114(154)
[4477.239s][info][gc,heap        ] GC(1282) Old regions: 475->506
[4477.239s][info][gc,heap        ] GC(1282) Humongous regions: 80->80
[4477.239s][info][gc,metaspace   ] GC(1282) Metaspace: 28909K(29312K)->28909K(29312K) NonClass: 24041K(24256K)->24041K(24256K) Class: 4868K(5056K)->4868K(5056K)
[4477.239s][info][gc             ] GC(1282) Pause Young (Concurrent Start) (G1 Evacuation Pause) 3563M->1399M(4096M) 122.372ms
[4477.239s][info][gc             ] GC(1283) Concurrent Mark Cycle
[4477.239s][info][gc,marking     ] GC(1283) Concurrent Scan Root Regions
[4477.239s][info][gc,cpu         ] GC(1282) User=0.73s Sys=0.00s Real=0.12s
[4477.435s][info][gc,marking     ] GC(1283) Concurrent Scan Root Regions 196.052ms
[4477.435s][info][gc,marking     ] GC(1283) Concurrent Mark
[4477.435s][info][gc,marking     ] GC(1283) Concurrent Mark From Roots
[4477.435s][info][gc,task        ] GC(1283) Using 2 workers of 2 for marking
.[4478.392s][info][gc,marking     ] GC(1283) Concurrent Mark From Roots 956.950ms
[4478.392s][info][gc,marking     ] GC(1283) Concurrent Preclean
[4478.392s][info][gc,marking     ] GC(1283) Concurrent Preclean 0.094ms
[4478.392s][info][gc,start       ] GC(1283) Pause Remark
[4478.399s][info][gc             ] GC(1283) Pause Remark 2513M->2513M(4096M) 6.644ms
[4478.399s][info][gc,cpu         ] GC(1283) User=0.04s Sys=0.01s Real=0.00s
[4478.399s][info][gc,marking     ] GC(1283) Concurrent Mark 964.432ms
[4478.399s][info][gc,marking     ] GC(1283) Concurrent Rebuild Remembered Sets and Scrub Regions
[4478.823s][info][gc,marking     ] GC(1283) Concurrent Rebuild Remembered Sets and Scrub Regions 423.325ms
[4478.823s][info][gc,start       ] GC(1283) Pause Cleanup
[4478.823s][info][gc             ] GC(1283) Pause Cleanup 2930M->2930M(4096M) 0.127ms
[4478.823s][info][gc,cpu         ] GC(1283) User=0.00s Sys=0.00s Real=0.00s
[4478.826s][info][gc,marking     ] GC(1283) Concurrent Clear Claimed Marks
[4478.826s][info][gc,marking     ] GC(1283) Concurrent Clear Claimed Marks 0.061ms
[4478.826s][info][gc,marking     ] GC(1283) Concurrent Cleanup for Next Mark
[4478.830s][info][gc,marking     ] GC(1283) Concurrent Cleanup for Next Mark 4.456ms
[4478.830s][info][gc             ] GC(1283) Concurrent Mark Cycle 1591.613ms
.[4479.496s][info][gc,start       ] GC(1284) Pause Young (Prepare Mixed) (G1 Evacuation Pause)
[4479.496s][info][gc,task        ] GC(1284) Using 6 workers of 6 for evacuation
[4479.613s][info][gc,phases      ] GC(1284)   Pre Evacuate Collection Set: 0.33ms
[4479.613s][info][gc,phases      ] GC(1284)   Merge Heap Roots: 0.50ms
[4479.613s][info][gc,phases      ] GC(1284)   Evacuate Collection Set: 115.40ms
[4479.613s][info][gc,phases      ] GC(1284)   Post Evacuate Collection Set: 0.90ms
[4479.613s][info][gc,phases      ] GC(1284)   Other: 0.08ms
[4479.613s][info][gc,heap        ] GC(1284) Eden regions: 1114->0(1108)
[4479.613s][info][gc,heap        ] GC(1284) Survivor regions: 114->110(154)
[4479.613s][info][gc,heap        ] GC(1284) Old regions: 506->537
[4479.613s][info][gc,heap        ] GC(1284) Humongous regions: 80->80
[4479.613s][info][gc,metaspace   ] GC(1284) Metaspace: 28909K(29312K)->28909K(29312K) NonClass: 24041K(24256K)->24041K(24256K) Class: 4868K(5056K)->4868K(5056K)
[4479.613s][info][gc             ] GC(1284) Pause Young (Prepare Mixed) (G1 Evacuation Pause) 3627M->1453M(4096M) 117.369ms
[4479.613s][info][gc,cpu         ] GC(1284) User=0.70s Sys=0.00s Real=0.12s
..[4481.746s][info][gc,start       ] GC(1285) Pause Young (Mixed) (G1 Evacuation Pause)
[4481.746s][info][gc,task        ] GC(1285) Using 6 workers of 6 for evacuation
[4481.879s][info][gc,phases      ] GC(1285)   Pre Evacuate Collection Set: 0.38ms
[4481.879s][info][gc,phases      ] GC(1285)   Merge Heap Roots: 0.71ms
[4481.879s][info][gc,phases      ] GC(1285)   Evacuate Collection Set: 131.00ms
[4481.879s][info][gc,phases      ] GC(1285)   Post Evacuate Collection Set: 0.93ms
[4481.879s][info][gc,phases      ] GC(1285)   Other: 0.09ms
[4481.879s][info][gc,heap        ] GC(1285) Eden regions: 1108->0(1120)
[4481.879s][info][gc,heap        ] GC(1285) Survivor regions: 110->108(153)
[4481.879s][info][gc,heap        ] GC(1285) Old regions: 537->472
[4481.879s][info][gc,heap        ] GC(1285) Humongous regions: 80->80
[4481.879s][info][gc,metaspace   ] GC(1285) Metaspace: 28909K(29312K)->28909K(29312K) NonClass: 24041K(24256K)->24041K(24256K) Class: 4868K(5056K)->4868K(5056K)
[4481.879s][info][gc             ] GC(1285) Pause Young (Mixed) (G1 Evacuation Pause) 3669M->1319M(4096M) 133.245ms
[4481.879s][info][gc,cpu         ] GC(1285) User=0.80s Sys=0.00s Real=0.13s
...[4484.185s][info][gc,start       ] GC(1286) Pause Young (Concurrent Start) (G1 Evacuation Pause)
[4484.185s][info][gc,task        ] GC(1286) Using 6 workers of 6 for evacuation
[4484.308s][info][gc,phases      ] GC(1286)   Pre Evacuate Collection Set: 0.34ms
[4484.308s][info][gc,phases      ] GC(1286)   Merge Heap Roots: 0.48ms
[4484.308s][info][gc,phases      ] GC(1286)   Evacuate Collection Set: 121.03ms
[4484.308s][info][gc,phases      ] GC(1286)   Post Evacuate Collection Set: 0.89ms
[4484.308s][info][gc,phases      ] GC(1286)   Other: 0.11ms
[4484.308s][info][gc,heap        ] GC(1286) Eden regions: 1120->0(1115)
[4484.308s][info][gc,heap        ] GC(1286) Survivor regions: 108->113(154)
[4484.308s][info][gc,heap        ] GC(1286) Old regions: 472->505
[4484.308s][info][gc,heap        ] GC(1286) Humongous regions: 80->80
[4484.308s][info][gc,metaspace   ] GC(1286) Metaspace: 28909K(29312K)->28909K(29312K) NonClass: 24041K(24256K)->24041K(24256K) Class: 4868K(5056K)->4868K(5056K)
[4484.308s][info][gc             ] GC(1286) Pause Young (Concurrent Start) (G1 Evacuation Pause) 3559M->1394M(4096M) 123.014ms
[4484.308s][info][gc             ] GC(1287) Concurrent Mark Cycle
[4484.308s][info][gc,marking     ] GC(1287) Concurrent Scan Root Regions
[4484.308s][info][gc,cpu         ] GC(1286) User=0.73s Sys=0.00s Real=0.12s
[4484.500s][info][gc,marking     ] GC(1287) Concurrent Scan Root Regions 191.587ms
[4484.500s][info][gc,marking     ] GC(1287) Concurrent Mark
[4484.500s][info][gc,marking     ] GC(1287) Concurrent Mark From Roots
[4484.500s][info][gc,task        ] GC(1287) Using 2 workers of 2 for marking
.[4485.331s][info][gc,marking     ] GC(1287) Concurrent Mark From Roots 831.596ms
[4485.331s][info][gc,marking     ] GC(1287) Concurrent Preclean
[4485.332s][info][gc,marking     ] GC(1287) Concurrent Preclean 0.087ms
[4485.333s][info][gc,start       ] GC(1287) Pause Remark
[4485.339s][info][gc             ] GC(1287) Pause Remark 2386M->2386M(4096M) 5.679ms
[4485.339s][info][gc,cpu         ] GC(1287) User=0.03s Sys=0.00s Real=0.00s
[4485.339s][info][gc,marking     ] GC(1287) Concurrent Mark 839.453ms
[4485.339s][info][gc,marking     ] GC(1287) Concurrent Rebuild Remembered Sets and Scrub Regions
[4485.652s][info][gc,marking     ] GC(1287) Concurrent Rebuild Remembered Sets and Scrub Regions 312.314ms
[4485.652s][info][gc,start       ] GC(1287) Pause Cleanup
[4485.652s][info][gc             ] GC(1287) Pause Cleanup 2668M->2668M(4096M) 0.116ms
[4485.652s][info][gc,cpu         ] GC(1287) User=0.00s Sys=0.00s Real=0.00s
[4485.652s][info][gc,marking     ] GC(1287) Concurrent Clear Claimed Marks
[4485.652s][info][gc,marking     ] GC(1287) Concurrent Clear Claimed Marks 0.023ms
[4485.652s][info][gc,marking     ] GC(1287) Concurrent Cleanup for Next Mark
[4485.657s][info][gc,marking     ] GC(1287) Concurrent Cleanup for Next Mark 4.699ms
[4485.657s][info][gc             ] GC(1287) Concurrent Mark Cycle 1348.606ms
.[4486.494s][info][gc,start       ] GC(1288) Pause Young (Prepare Mixed) (G1 Evacuation Pause)
[4486.494s][info][gc,task        ] GC(1288) Using 6 workers of 6 for evacuation
[4486.617s][info][gc,phases      ] GC(1288)   Pre Evacuate Collection Set: 0.32ms
[4486.617s][info][gc,phases      ] GC(1288)   Merge Heap Roots: 0.52ms
[4486.617s][info][gc,phases      ] GC(1288)   Evacuate Collection Set: 120.89ms
[4486.617s][info][gc,phases      ] GC(1288)   Post Evacuate Collection Set: 0.91ms
[4486.617s][info][gc,phases      ] GC(1288)   Other: 0.09ms
[4486.617s][info][gc,heap        ] GC(1288) Eden regions: 1115->0(1101)
[4486.617s][info][gc,heap        ] GC(1288) Survivor regions: 113->114(154)
[4486.617s][info][gc,heap        ] GC(1288) Old regions: 505->536
[4486.617s][info][gc,heap        ] GC(1288) Humongous regions: 80->80
[4486.617s][info][gc,metaspace   ] GC(1288) Metaspace: 28909K(29312K)->28909K(29312K) NonClass: 24041K(24256K)->24041K(24256K) Class: 4868K(5056K)->4868K(5056K)
[4486.617s][info][gc             ] GC(1288) Pause Young (Prepare Mixed) (G1 Evacuation Pause) 3624M->1457M(4096M) 122.894ms
[4486.617s][info][gc,cpu         ] GC(1288) User=0.73s Sys=0.00s Real=0.12s
..[4488.799s][info][gc,start       ] GC(1289) Pause Young (Mixed) (G1 Evacuation Pause)
[4488.799s][info][gc,task        ] GC(1289) Using 6 workers of 6 for evacuation
[4488.934s][info][gc,phases      ] GC(1289)   Pre Evacuate Collection Set: 0.41ms
[4488.934s][info][gc,phases      ] GC(1289)   Merge Heap Roots: 0.68ms
[4488.934s][info][gc,phases      ] GC(1289)   Evacuate Collection Set: 133.66ms
[4488.934s][info][gc,phases      ] GC(1289)   Post Evacuate Collection Set: 0.93ms
[4488.934s][info][gc,phases      ] GC(1289)   Other: 0.10ms
[4488.934s][info][gc,heap        ] GC(1289) Eden regions: 1101->0(1116)
[4488.934s][info][gc,heap        ] GC(1289) Survivor regions: 114->112(152)
[4488.934s][info][gc,heap        ] GC(1289) Old regions: 536->473
[4488.934s][info][gc,heap        ] GC(1289) Humongous regions: 80->80
[4488.934s][info][gc,metaspace   ] GC(1289) Metaspace: 28909K(29312K)->28909K(29312K) NonClass: 24041K(24256K)->24041K(24256K) Class: 4868K(5056K)->4868K(5056K)
[4488.934s][info][gc             ] GC(1289) Pause Young (Mixed) (G1 Evacuation Pause) 3659M->1328M(4096M) 135.923ms
[4488.935s][info][gc,cpu         ] GC(1289) User=0.81s Sys=0.00s Real=0.14s
..[4491.159s][info][gc,start       ] GC(1290) Pause Young (Concurrent Start) (G1 Evacuation Pause)
[4491.159s][info][gc,task        ] GC(1290) Using 6 workers of 6 for evacuation
[4491.278s][info][gc,phases      ] GC(1290)   Pre Evacuate Collection Set: 0.37ms
[4491.278s][info][gc,phases      ] GC(1290)   Merge Heap Roots: 0.46ms
[4491.278s][info][gc,phases      ] GC(1290)   Evacuate Collection Set: 116.50ms
[4491.278s][info][gc,phases      ] GC(1290)   Post Evacuate Collection Set: 0.89ms
[4491.278s][info][gc,phases      ] GC(1290)   Other: 0.13ms
[4491.278s][info][gc,heap        ] GC(1290) Eden regions: 1116->0(1116)
[4491.278s][info][gc,heap        ] GC(1290) Survivor regions: 112->112(154)
[4491.278s][info][gc,heap        ] GC(1290) Old regions: 473->505
[4491.278s][info][gc,heap        ] GC(1290) Humongous regions: 80->80
[4491.278s][info][gc,metaspace   ] GC(1290) Metaspace: 28909K(29312K)->28909K(29312K) NonClass: 24041K(24256K)->24041K(24256K) Class: 4868K(5056K)->4868K(5056K)
[4491.278s][info][gc             ] GC(1290) Pause Young (Concurrent Start) (G1 Evacuation Pause) 3560M->1391M(4096M) 118.471ms
[4491.278s][info][gc             ] GC(1291) Concurrent Mark Cycle
[4491.278s][info][gc,marking     ] GC(1291) Concurrent Scan Root Regions
[4491.278s][info][gc,cpu         ] GC(1290) User=0.71s Sys=0.00s Real=0.12s
.[4491.436s][info][gc,marking     ] GC(1291) Concurrent Scan Root Regions 158.118ms
[4491.436s][info][gc,marking     ] GC(1291) Concurrent Mark
[4491.436s][info][gc,marking     ] GC(1291) Concurrent Mark From Roots
[4491.436s][info][gc,task        ] GC(1291) Using 2 workers of 2 for marking
[4492.245s][info][gc,marking     ] GC(1291) Concurrent Mark From Roots 808.703ms
[4492.245s][info][gc,marking     ] GC(1291) Concurrent Preclean
[4492.245s][info][gc,marking     ] GC(1291) Concurrent Preclean 0.100ms
[4492.245s][info][gc,start       ] GC(1291) Pause Remark
[4492.251s][info][gc             ] GC(1291) Pause Remark 2323M->2323M(4096M) 5.829ms
[4492.251s][info][gc,cpu         ] GC(1291) User=0.03s Sys=0.00s Real=0.01s
[4492.253s][info][gc,marking     ] GC(1291) Concurrent Mark 816.803ms
[4492.253s][info][gc,marking     ] GC(1291) Concurrent Rebuild Remembered Sets and Scrub Regions
.[4492.596s][info][gc,marking     ] GC(1291) Concurrent Rebuild Remembered Sets and Scrub Regions 343.674ms
[4492.597s][info][gc,start       ] GC(1291) Pause Cleanup
[4492.597s][info][gc             ] GC(1291) Pause Cleanup 2626M->2626M(4096M) 0.100ms
[4492.597s][info][gc,cpu         ] GC(1291) User=0.00s Sys=0.00s Real=0.00s
[4492.597s][info][gc,marking     ] GC(1291) Concurrent Clear Claimed Marks
[4492.597s][info][gc,marking     ] GC(1291) Concurrent Clear Claimed Marks 0.024ms
[4492.597s][info][gc,marking     ] GC(1291) Concurrent Cleanup for Next Mark
[4492.601s][info][gc,marking     ] GC(1291) Concurrent Cleanup for Next Mark 4.582ms
[4492.601s][info][gc             ] GC(1291) Concurrent Mark Cycle 1323.732ms
.[4493.490s][info][gc,start       ] GC(1292) Pause Young (Prepare Mixed) (G1 Evacuation Pause)
[4493.490s][info][gc,task        ] GC(1292) Using 6 workers of 6 for evacuation
[4493.606s][info][gc,phases      ] GC(1292)   Pre Evacuate Collection Set: 0.34ms
[4493.606s][info][gc,phases      ] GC(1292)   Merge Heap Roots: 0.48ms
[4493.606s][info][gc,phases      ] GC(1292)   Evacuate Collection Set: 114.03ms
[4493.606s][info][gc,phases      ] GC(1292)   Post Evacuate Collection Set: 0.92ms
[4493.606s][info][gc,phases      ] GC(1292)   Other: 0.09ms
[4493.606s][info][gc,heap        ] GC(1292) Eden regions: 1116->0(1111)
[4493.606s][info][gc,heap        ] GC(1292) Survivor regions: 112->109(154)
[4493.606s][info][gc,heap        ] GC(1292) Old regions: 505->536
[4493.606s][info][gc,heap        ] GC(1292) Humongous regions: 80->80
[4493.606s][info][gc,metaspace   ] GC(1292) Metaspace: 28909K(29312K)->28909K(29312K) NonClass: 24041K(24256K)->24041K(24256K) Class: 4868K(5056K)->4868K(5056K)
[4493.606s][info][gc             ] GC(1292) Pause Young (Prepare Mixed) (G1 Evacuation Pause) 3623M->1447M(4096M) 115.978ms
[4493.606s][info][gc,cpu         ] GC(1292) User=0.69s Sys=0.00s Real=0.12s
..[4495.799s][info][gc,start       ] GC(1293) Pause Young (Mixed) (G1 Evacuation Pause)
[4495.799s][info][gc,task        ] GC(1293) Using 6 workers of 6 for evacuation
[4495.937s][info][gc,phases      ] GC(1293)   Pre Evacuate Collection Set: 0.34ms
[4495.937s][info][gc,phases      ] GC(1293)   Merge Heap Roots: 0.78ms
[4495.937s][info][gc,phases      ] GC(1293)   Evacuate Collection Set: 135.62ms
[4495.937s][info][gc,phases      ] GC(1293)   Post Evacuate Collection Set: 0.93ms
[4495.937s][info][gc,phases      ] GC(1293)   Other: 0.09ms
[4495.937s][info][gc,heap        ] GC(1293) Eden regions: 1111->0(1118)
[4495.937s][info][gc,heap        ] GC(1293) Survivor regions: 109->110(153)
[4495.937s][info][gc,heap        ] GC(1293) Old regions: 536->474
[4495.937s][info][gc,heap        ] GC(1293) Humongous regions: 80->80
[4495.937s][info][gc,metaspace   ] GC(1293) Metaspace: 28909K(29312K)->28909K(29312K) NonClass: 24041K(24256K)->24041K(24256K) Class: 4868K(5056K)->4868K(5056K)
[4495.937s][info][gc             ] GC(1293) Pause Young (Mixed) (G1 Evacuation Pause) 3669M->1326M(4096M) 137.891ms
[4495.937s][info][gc,cpu         ] GC(1293) User=0.82s Sys=0.01s Real=0.14s
..[4498.106s][info][gc,start       ] GC(1294) Pause Young (Concurrent Start) (G1 Evacuation Pause)
[4498.106s][info][gc,task        ] GC(1294) Using 6 workers of 6 for evacuation
[4498.225s][info][gc,phases      ] GC(1294)   Pre Evacuate Collection Set: 0.35ms
[4498.225s][info][gc,phases      ] GC(1294)   Merge Heap Roots: 0.46ms
[4498.225s][info][gc,phases      ] GC(1294)   Evacuate Collection Set: 117.57ms
[4498.225s][info][gc,phases      ] GC(1294)   Post Evacuate Collection Set: 0.86ms
[4498.225s][info][gc,phases      ] GC(1294)   Other: 0.11ms
[4498.225s][info][gc,heap        ] GC(1294) Eden regions: 1118->0(1117)
[4498.225s][info][gc,heap        ] GC(1294) Survivor regions: 110->111(154)
[4498.225s][info][gc,heap        ] GC(1294) Old regions: 474->506
[4498.225s][info][gc,heap        ] GC(1294) Humongous regions: 80->80
[4498.225s][info][gc,metaspace   ] GC(1294) Metaspace: 28909K(29312K)->28909K(29312K) NonClass: 24041K(24256K)->24041K(24256K) Class: 4868K(5056K)->4868K(5056K)
[4498.225s][info][gc             ] GC(1294) Pause Young (Concurrent Start) (G1 Evacuation Pause) 3562M->1392M(4096M) 119.470ms
[4498.225s][info][gc             ] GC(1295) Concurrent Mark Cycle
[4498.225s][info][gc,marking     ] GC(1295) Concurrent Scan Root Regions
[4498.225s][info][gc,cpu         ] GC(1294) User=0.71s Sys=0.00s Real=0.12s
[4498.421s][info][gc,marking     ] GC(1295) Concurrent Scan Root Regions 195.544ms
[4498.421s][info][gc,marking     ] GC(1295) Concurrent Mark
[4498.422s][info][gc,marking     ] GC(1295) Concurrent Mark From Roots
[4498.422s][info][gc,task        ] GC(1295) Using 2 workers of 2 for marking
.[4499.358s][info][gc,marking     ] GC(1295) Concurrent Mark From Roots 936.122ms
[4499.358s][info][gc,marking     ] GC(1295) Concurrent Preclean
[4499.358s][info][gc,marking     ] GC(1295) Concurrent Preclean 0.099ms
[4499.359s][info][gc,start       ] GC(1295) Pause Remark
[4499.367s][info][gc             ] GC(1295) Pause Remark 2484M->2484M(4096M) 7.850ms
[4499.367s][info][gc,cpu         ] GC(1295) User=0.05s Sys=0.00s Real=0.01s
[4499.367s][info][gc,marking     ] GC(1295) Concurrent Mark 946.781ms
[4499.367s][info][gc,marking     ] GC(1295) Concurrent Rebuild Remembered Sets and Scrub Regions
.[4499.761s][info][gc,marking     ] GC(1295) Concurrent Rebuild Remembered Sets and Scrub Regions 393.292ms
[4499.761s][info][gc,start       ] GC(1295) Pause Cleanup
[4499.761s][info][gc             ] GC(1295) Pause Cleanup 2870M->2870M(4096M) 0.115ms
[4499.761s][info][gc,cpu         ] GC(1295) User=0.00s Sys=0.00s Real=0.00s
[4499.761s][info][gc,marking     ] GC(1295) Concurrent Clear Claimed Marks
[4499.761s][info][gc,marking     ] GC(1295) Concurrent Clear Claimed Marks 0.033ms
[4499.761s][info][gc,marking     ] GC(1295) Concurrent Cleanup for Next Mark
[4499.769s][info][gc,marking     ] GC(1295) Concurrent Cleanup for Next Mark 7.944ms
[4499.769s][info][gc             ] GC(1295) Concurrent Mark Cycle 1544.358ms
[4500.423s][info][gc,start       ] GC(1296) Pause Young (Prepare Mixed) (G1 Evacuation Pause)
[4500.423s][info][gc,task        ] GC(1296) Using 6 workers of 6 for evacuation
[4500.538s][info][gc,phases      ] GC(1296)   Pre Evacuate Collection Set: 0.32ms
[4500.538s][info][gc,phases      ] GC(1296)   Merge Heap Roots: 0.47ms
[4500.538s][info][gc,phases      ] GC(1296)   Evacuate Collection Set: 112.76ms
[4500.538s][info][gc,phases      ] GC(1296)   Post Evacuate Collection Set: 0.89ms
[4500.538s][info][gc,phases      ] GC(1296)   Other: 0.08ms
[4500.538s][info][gc,heap        ] GC(1296) Eden regions: 1117->0(1110)
[4500.538s][info][gc,heap        ] GC(1296) Survivor regions: 111->109(154)
[4500.538s][info][gc,heap        ] GC(1296) Old regions: 506->537
[4500.538s][info][gc,heap        ] GC(1296) Humongous regions: 80->80
[4500.538s][info][gc,metaspace   ] GC(1296) Metaspace: 28909K(29312K)->28909K(29312K) NonClass: 24041K(24256K)->24041K(24256K) Class: 4868K(5056K)->4868K(5056K)
[4500.538s][info][gc             ] GC(1296) Pause Young (Prepare Mixed) (G1 Evacuation Pause) 3626M->1450M(4096M) 114.640ms
[4500.538s][info][gc,cpu         ] GC(1296) User=0.69s Sys=0.00s Real=0.11s
...[4502.732s][info][gc,start       ] GC(1297) Pause Young (Mixed) (G1 Evacuation Pause)
[4502.732s][info][gc,task        ] GC(1297) Using 6 workers of 6 for evacuation
[4502.866s][info][gc,phases      ] GC(1297)   Pre Evacuate Collection Set: 0.34ms
[4502.866s][info][gc,phases      ] GC(1297)   Merge Heap Roots: 0.72ms
[4502.866s][info][gc,phases      ] GC(1297)   Evacuate Collection Set: 132.15ms
[4502.866s][info][gc,phases      ] GC(1297)   Post Evacuate Collection Set: 0.94ms
[4502.866s][info][gc,phases      ] GC(1297)   Other: 0.09ms
[4502.866s][info][gc,heap        ] GC(1297) Eden regions: 1110->0(1118)
[4502.866s][info][gc,heap        ] GC(1297) Survivor regions: 109->110(153)
[4502.866s][info][gc,heap        ] GC(1297) Old regions: 537->473
[4502.866s][info][gc,heap        ] GC(1297) Humongous regions: 80->80
[4502.866s][info][gc,metaspace   ] GC(1297) Metaspace: 28909K(29312K)->28909K(29312K) NonClass: 24041K(24256K)->24041K(24256K) Class: 4868K(5056K)->4868K(5056K)
[4502.866s][info][gc             ] GC(1297) Pause Young (Mixed) (G1 Evacuation Pause) 3670M->1325M(4096M) 134.382ms
[4502.866s][info][gc,cpu         ] GC(1297) User=0.80s Sys=0.00s Real=0.13s
..[4505.103s][info][gc,start       ] GC(1298) Pause Young (Concurrent Start) (G1 Evacuation Pause)
[4505.103s][info][gc,task        ] GC(1298) Using 6 workers of 6 for evacuation
[4505.223s][info][gc,phases      ] GC(1298)   Pre Evacuate Collection Set: 0.36ms
[4505.223s][info][gc,phases      ] GC(1298)   Merge Heap Roots: 0.47ms
[4505.223s][info][gc,phases      ] GC(1298)   Evacuate Collection Set: 118.51ms
[4505.223s][info][gc,phases      ] GC(1298)   Post Evacuate Collection Set: 0.88ms
[4505.223s][info][gc,phases      ] GC(1298)   Other: 0.11ms
[4505.223s][info][gc,heap        ] GC(1298) Eden regions: 1118->0(1116)
[4505.223s][info][gc,heap        ] GC(1298) Survivor regions: 110->112(154)
[4505.223s][info][gc,heap        ] GC(1298) Old regions: 473->505
[4505.223s][info][gc,heap        ] GC(1298) Humongous regions: 80->80
[4505.223s][info][gc,metaspace   ] GC(1298) Metaspace: 28909K(29312K)->28909K(29312K) NonClass: 24041K(24256K)->24041K(24256K) Class: 4868K(5056K)->4868K(5056K)
[4505.223s][info][gc             ] GC(1298) Pause Young (Concurrent Start) (G1 Evacuation Pause) 3561M->1393M(4096M) 120.489ms
[4505.223s][info][gc             ] GC(1299) Concurrent Mark Cycle
[4505.223s][info][gc,marking     ] GC(1299) Concurrent Scan Root Regions
[4505.223s][info][gc,cpu         ] GC(1298) User=0.72s Sys=0.00s Real=0.12s
[4505.409s][info][gc,marking     ] GC(1299) Concurrent Scan Root Regions 185.684ms
[4505.409s][info][gc,marking     ] GC(1299) Concurrent Mark
[4505.409s][info][gc,marking     ] GC(1299) Concurrent Mark From Roots
[4505.409s][info][gc,task        ] GC(1299) Using 2 workers of 2 for marking
.[4506.382s][info][gc,marking     ] GC(1299) Concurrent Mark From Roots 972.878ms
[4506.382s][info][gc,marking     ] GC(1299) Concurrent Preclean
[4506.382s][info][gc,marking     ] GC(1299) Concurrent Preclean 0.098ms
[4506.383s][info][gc,start       ] GC(1299) Pause Remark
[4506.389s][info][gc             ] GC(1299) Pause Remark 2489M->2489M(4096M) 5.893ms
[4506.389s][info][gc,cpu         ] GC(1299) User=0.04s Sys=0.00s Real=0.00s
[4506.390s][info][gc,marking     ] GC(1299) Concurrent Mark 980.605ms
[4506.390s][info][gc,marking     ] GC(1299) Concurrent Rebuild Remembered Sets and Scrub Regions
.[4506.801s][info][gc,marking     ] GC(1299) Concurrent Rebuild Remembered Sets and Scrub Regions 411.388ms
[4506.801s][info][gc,start       ] GC(1299) Pause Cleanup
[4506.801s][info][gc             ] GC(1299) Pause Cleanup 2886M->2886M(4096M) 0.119ms
[4506.801s][info][gc,cpu         ] GC(1299) User=0.00s Sys=0.00s Real=0.00s
[4506.801s][info][gc,marking     ] GC(1299) Concurrent Clear Claimed Marks
[4506.801s][info][gc,marking     ] GC(1299) Concurrent Clear Claimed Marks 0.027ms
[4506.802s][info][gc,marking     ] GC(1299) Concurrent Cleanup for Next Mark
[4506.806s][info][gc,marking     ] GC(1299) Concurrent Cleanup for Next Mark 4.910ms
[4506.806s][info][gc             ] GC(1299) Concurrent Mark Cycle 1583.182ms
[4507.408s][info][gc,start       ] GC(1300) Pause Young (Prepare Mixed) (G1 Evacuation Pause)
[4507.408s][info][gc,task        ] GC(1300) Using 6 workers of 6 for evacuation
[4507.527s][info][gc,phases      ] GC(1300)   Pre Evacuate Collection Set: 0.35ms
[4507.527s][info][gc,phases      ] GC(1300)   Merge Heap Roots: 0.61ms
[4507.527s][info][gc,phases      ] GC(1300)   Evacuate Collection Set: 117.05ms
[4507.527s][info][gc,phases      ] GC(1300)   Post Evacuate Collection Set: 0.92ms
[4507.527s][info][gc,phases      ] GC(1300)   Other: 0.09ms
[4507.527s][info][gc,heap        ] GC(1300) Eden regions: 1116->0(1108)
[4507.527s][info][gc,heap        ] GC(1300) Survivor regions: 112->110(154)
[4507.527s][info][gc,heap        ] GC(1300) Old regions: 505->537
[4507.527s][info][gc,heap        ] GC(1300) Humongous regions: 80->80
[4507.527s][info][gc,metaspace   ] GC(1300) Metaspace: 28909K(29312K)->28909K(29312K) NonClass: 24041K(24256K)->24041K(24256K) Class: 4868K(5056K)->4868K(5056K)
[4507.527s][info][gc             ] GC(1300) Pause Young (Prepare Mixed) (G1 Evacuation Pause) 3625M->1452M(4096M) 119.158ms
[4507.527s][info][gc,cpu         ] GC(1300) User=0.71s Sys=0.00s Real=0.12s
. (rIR:aIR:PR = 8025:8039:8039) (tPR = 118918) [OK] 
  4507s: Performance info:
         Transaction,    Success,    Partial,     Failed,   Receipts, AvgBarcode, 
             Overall,     486081,          0,          0,     461808,      59.48, 
         Response times:
             Request,    Success,    Partial,     Failed,   SkipFail,     Probes,    Samples,      min,      p50,      p90,      p95,      p99,      max, 
       TotalPurchase,     461808,          0,          0,          0,     351143,     432249,      200,     7400,   124000,   163000,   236000,   432000,
     InStorePurchase,     244625,          0,          0,          0,     184626,     227416,      200,     7400,   126000,   163000,   237000,   383000,
      OnlinePurchase,     169030,          0,          0,          0,     129485,     159359,      300,     7300,   123000,   163000,   237000,   432000,
        InstPurchase,      48153,          0,          0,          0,      37032,      45474,      400,     7500,   121000,   163000,   233000,   409000,
          AssocOfCat,        486,          0,          0,          0,        375,        546,    26000,    50000,   178300,   215000,   284060,   454000,
      AssocOfProduct,       4887,          0,          0,          0,       3295,       4282,      700,     6700,   106700,   157000,   226170,   353000,
      BusinessReport,       1220,          0,          0,          0,       1067,       1415,    28000,    53000,   176000,   225200,   297680,   469000,
          CustBuyBeh,       4848,          0,          0,          0,       3368,       4282,      200,     4700,   104000,   153850,   234000,   281000,
       ProductReturn,      12830,          0,          0,          0,       9815,      12323,      200,     7400,   119600,   160000,   227000,   373000,

  4507s: (59%)   IR =   8164 ..[4509.724s][info][gc,start       ] GC(1301) Pause Young (Mixed) (G1 Evacuation Pause)
[4509.724s][info][gc,task        ] GC(1301) Using 6 workers of 6 for evacuation
[4509.859s][info][gc,phases      ] GC(1301)   Pre Evacuate Collection Set: 0.35ms
[4509.859s][info][gc,phases      ] GC(1301)   Merge Heap Roots: 0.83ms
[4509.859s][info][gc,phases      ] GC(1301)   Evacuate Collection Set: 133.10ms
[4509.859s][info][gc,phases      ] GC(1301)   Post Evacuate Collection Set: 0.94ms
[4509.859s][info][gc,phases      ] GC(1301)   Other: 0.09ms
[4509.859s][info][gc,heap        ] GC(1301) Eden regions: 1108->0(1119)
[4509.859s][info][gc,heap        ] GC(1301) Survivor regions: 110->109(153)
[4509.859s][info][gc,heap        ] GC(1301) Old regions: 537->473
[4509.859s][info][gc,heap        ] GC(1301) Humongous regions: 80->80
[4509.859s][info][gc,metaspace   ] GC(1301) Metaspace: 28910K(29312K)->28910K(29312K) NonClass: 24042K(24256K)->24042K(24256K) Class: 4868K(5056K)->4868K(5056K)
[4509.859s][info][gc             ] GC(1301) Pause Young (Mixed) (G1 Evacuation Pause) 3668M->1322M(4096M) 135.431ms
[4509.859s][info][gc,cpu         ] GC(1301) User=0.81s Sys=0.00s Real=0.13s
..|[4512.007s][info][gc,start       ] GC(1302) Pause Young (Concurrent Start) (G1 Evacuation Pause)
[4512.007s][info][gc,task        ] GC(1302) Using 6 workers of 6 for evacuation
[4512.125s][info][gc,phases      ] GC(1302)   Pre Evacuate Collection Set: 0.37ms
[4512.125s][info][gc,phases      ] GC(1302)   Merge Heap Roots: 0.44ms
[4512.125s][info][gc,phases      ] GC(1302)   Evacuate Collection Set: 116.81ms
[4512.125s][info][gc,phases      ] GC(1302)   Post Evacuate Collection Set: 0.93ms
[4512.125s][info][gc,phases      ] GC(1302)   Other: 0.12ms
[4512.125s][info][gc,heap        ] GC(1302) Eden regions: 1119->0(1117)
[4512.125s][info][gc,heap        ] GC(1302) Survivor regions: 109->111(154)
[4512.125s][info][gc,heap        ] GC(1302) Old regions: 473->504
[4512.125s][info][gc,heap        ] GC(1302) Humongous regions: 80->80
[4512.125s][info][gc,metaspace   ] GC(1302) Metaspace: 28910K(29312K)->28910K(29312K) NonClass: 24042K(24256K)->24042K(24256K) Class: 4868K(5056K)->4868K(5056K)
[4512.125s][info][gc             ] GC(1302) Pause Young (Concurrent Start) (G1 Evacuation Pause) 3560M->1387M(4096M) 118.816ms
[4512.125s][info][gc             ] GC(1303) Concurrent Mark Cycle
[4512.125s][info][gc,marking     ] GC(1303) Concurrent Scan Root Regions
[4512.126s][info][gc,cpu         ] GC(1302) User=0.70s Sys=0.00s Real=0.12s
[4512.311s][info][gc,marking     ] GC(1303) Concurrent Scan Root Regions 185.494ms
[4512.311s][info][gc,marking     ] GC(1303) Concurrent Mark
[4512.311s][info][gc,marking     ] GC(1303) Concurrent Mark From Roots
[4512.311s][info][gc,task        ] GC(1303) Using 2 workers of 2 for marking
.[4513.273s][info][gc,marking     ] GC(1303) Concurrent Mark From Roots 961.515ms
[4513.273s][info][gc,marking     ] GC(1303) Concurrent Preclean
[4513.273s][info][gc,marking     ] GC(1303) Concurrent Preclean 0.129ms
[4513.274s][info][gc,start       ] GC(1303) Pause Remark
[4513.279s][info][gc             ] GC(1303) Pause Remark 2491M->2491M(4096M) 5.037ms
[4513.279s][info][gc,cpu         ] GC(1303) User=0.03s Sys=0.00s Real=0.00s
[4513.280s][info][gc,marking     ] GC(1303) Concurrent Mark 968.821ms
[4513.280s][info][gc,marking     ] GC(1303) Concurrent Rebuild Remembered Sets and Scrub Regions
[4513.688s][info][gc,marking     ] GC(1303) Concurrent Rebuild Remembered Sets and Scrub Regions 407.900ms
[4513.688s][info][gc,start       ] GC(1303) Pause Cleanup
[4513.688s][info][gc             ] GC(1303) Pause Cleanup 2883M->2883M(4096M) 0.129ms
[4513.688s][info][gc,cpu         ] GC(1303) User=0.00s Sys=0.00s Real=0.00s
[4513.688s][info][gc,marking     ] GC(1303) Concurrent Clear Claimed Marks
[4513.688s][info][gc,marking     ] GC(1303) Concurrent Clear Claimed Marks 0.028ms
[4513.688s][info][gc,marking     ] GC(1303) Concurrent Cleanup for Next Mark
[4513.695s][info][gc,marking     ] GC(1303) Concurrent Cleanup for Next Mark 6.549ms
[4513.695s][info][gc             ] GC(1303) Concurrent Mark Cycle 1569.346ms
.[4514.281s][info][gc,start       ] GC(1304) Pause Young (Prepare Mixed) (G1 Evacuation Pause)
[4514.281s][info][gc,task        ] GC(1304) Using 6 workers of 6 for evacuation
[4514.402s][info][gc,phases      ] GC(1304)   Pre Evacuate Collection Set: 0.30ms
[4514.402s][info][gc,phases      ] GC(1304)   Merge Heap Roots: 0.47ms
[4514.402s][info][gc,phases      ] GC(1304)   Evacuate Collection Set: 118.96ms
[4514.402s][info][gc,phases      ] GC(1304)   Post Evacuate Collection Set: 0.91ms
[4514.402s][info][gc,phases      ] GC(1304)   Other: 0.09ms
[4514.402s][info][gc,heap        ] GC(1304) Eden regions: 1117->0(1105)
[4514.402s][info][gc,heap        ] GC(1304) Survivor regions: 111->112(154)
[4514.402s][info][gc,heap        ] GC(1304) Old regions: 504->536
[4514.402s][info][gc,heap        ] GC(1304) Humongous regions: 80->80
[4514.402s][info][gc,metaspace   ] GC(1304) Metaspace: 28910K(29312K)->28910K(29312K) NonClass: 24042K(24256K)->24042K(24256K) Class: 4868K(5056K)->4868K(5056K)
[4514.402s][info][gc             ] GC(1304) Pause Young (Prepare Mixed) (G1 Evacuation Pause) 3621M->1454M(4096M) 120.863ms
[4514.402s][info][gc,cpu         ] GC(1304) User=0.72s Sys=0.00s Real=0.12s
..[4516.506s][info][gc,start       ] GC(1305) Pause Young (Mixed) (G1 Evacuation Pause)
[4516.506s][info][gc,task        ] GC(1305) Using 6 workers of 6 for evacuation
[4516.645s][info][gc,phases      ] GC(1305)   Pre Evacuate Collection Set: 0.38ms
[4516.645s][info][gc,phases      ] GC(1305)   Merge Heap Roots: 0.77ms
[4516.645s][info][gc,phases      ] GC(1305)   Evacuate Collection Set: 136.89ms
[4516.645s][info][gc,phases      ] GC(1305)   Post Evacuate Collection Set: 0.93ms
[4516.645s][info][gc,phases      ] GC(1305)   Other: 0.09ms
[4516.645s][info][gc,heap        ] GC(1305) Eden regions: 1105->0(1117)
[4516.645s][info][gc,heap        ] GC(1305) Survivor regions: 112->111(153)
[4516.645s][info][gc,heap        ] GC(1305) Old regions: 536->474
[4516.645s][info][gc,heap        ] GC(1305) Humongous regions: 80->80
[4516.645s][info][gc,metaspace   ] GC(1305) Metaspace: 28910K(29312K)->28910K(29312K) NonClass: 24042K(24256K)->24042K(24256K) Class: 4868K(5056K)->4868K(5056K)
[4516.645s][info][gc             ] GC(1305) Pause Young (Mixed) (G1 Evacuation Pause) 3664M->1328M(4096M) 139.203ms
[4516.645s][info][gc,cpu         ] GC(1305) User=0.83s Sys=0.00s Real=0.14s
...[4518.888s][info][gc,start       ] GC(1306) Pause Young (Concurrent Start) (G1 Evacuation Pause)
[4518.888s][info][gc,task        ] GC(1306) Using 6 workers of 6 for evacuation
[4519.008s][info][gc,phases      ] GC(1306)   Pre Evacuate Collection Set: 0.36ms
[4519.008s][info][gc,phases      ] GC(1306)   Merge Heap Roots: 0.49ms
[4519.008s][info][gc,phases      ] GC(1306)   Evacuate Collection Set: 118.45ms
[4519.008s][info][gc,phases      ] GC(1306)   Post Evacuate Collection Set: 0.87ms
[4519.008s][info][gc,phases      ] GC(1306)   Other: 0.11ms
[4519.008s][info][gc,heap        ] GC(1306) Eden regions: 1117->0(1115)
[4519.008s][info][gc,heap        ] GC(1306) Survivor regions: 111->113(154)
[4519.008s][info][gc,heap        ] GC(1306) Old regions: 474->506
[4519.008s][info][gc,heap        ] GC(1306) Humongous regions: 80->80
[4519.008s][info][gc,metaspace   ] GC(1306) Metaspace: 28910K(29312K)->28910K(29312K) NonClass: 24042K(24256K)->24042K(24256K) Class: 4868K(5056K)->4868K(5056K)
[4519.008s][info][gc             ] GC(1306) Pause Young (Concurrent Start) (G1 Evacuation Pause) 3562M->1396M(4096M) 120.399ms
[4519.008s][info][gc             ] GC(1307) Concurrent Mark Cycle
[4519.008s][info][gc,marking     ] GC(1307) Concurrent Scan Root Regions
[4519.008s][info][gc,cpu         ] GC(1306) User=0.72s Sys=0.00s Real=0.12s
[4519.188s][info][gc,marking     ] GC(1307) Concurrent Scan Root Regions 180.106ms
[4519.188s][info][gc,marking     ] GC(1307) Concurrent Mark
[4519.188s][info][gc,marking     ] GC(1307) Concurrent Mark From Roots
[4519.188s][info][gc,task        ] GC(1307) Using 2 workers of 2 for marking
.[4519.991s][info][gc,marking     ] GC(1307) Concurrent Mark From Roots 802.903ms
[4519.991s][info][gc,marking     ] GC(1307) Concurrent Preclean
[4519.991s][info][gc,marking     ] GC(1307) Concurrent Preclean 0.097ms
[4519.993s][info][gc,start       ] GC(1307) Pause Remark
[4519.999s][info][gc             ] GC(1307) Pause Remark 2296M->2296M(4096M) 6.444ms
[4519.999s][info][gc,cpu         ] GC(1307) User=0.03s Sys=0.00s Real=0.00s
[4520.001s][info][gc,marking     ] GC(1307) Concurrent Mark 813.068ms
[4520.001s][info][gc,marking     ] GC(1307) Concurrent Rebuild Remembered Sets and Scrub Regions
[4520.270s][info][gc,marking     ] GC(1307) Concurrent Rebuild Remembered Sets and Scrub Regions 269.009ms
[4520.271s][info][gc,start       ] GC(1307) Pause Cleanup
[4520.271s][info][gc             ] GC(1307) Pause Cleanup 2562M->2562M(4096M) 0.110ms
[4520.271s][info][gc,cpu         ] GC(1307) User=0.00s Sys=0.00s Real=0.00s
[4520.271s][info][gc,marking     ] GC(1307) Concurrent Clear Claimed Marks
[4520.271s][info][gc,marking     ] GC(1307) Concurrent Clear Claimed Marks 0.021ms
[4520.271s][info][gc,marking     ] GC(1307) Concurrent Cleanup for Next Mark
[4520.286s][info][gc,marking     ] GC(1307) Concurrent Cleanup for Next Mark 15.079ms
[4520.286s][info][gc             ] GC(1307) Concurrent Mark Cycle 1277.854ms
.[4521.189s][info][gc,start       ] GC(1308) Pause Young (Prepare Mixed) (G1 Evacuation Pause)
[4521.189s][info][gc,task        ] GC(1308) Using 6 workers of 6 for evacuation
[4521.309s][info][gc,phases      ] GC(1308)   Pre Evacuate Collection Set: 0.32ms
[4521.309s][info][gc,phases      ] GC(1308)   Merge Heap Roots: 0.51ms
[4521.309s][info][gc,phases      ] GC(1308)   Evacuate Collection Set: 118.24ms
[4521.309s][info][gc,phases      ] GC(1308)   Post Evacuate Collection Set: 0.90ms
[4521.309s][info][gc,phases      ] GC(1308)   Other: 0.08ms
[4521.309s][info][gc,heap        ] GC(1308) Eden regions: 1115->0(1101)
[4521.309s][info][gc,heap        ] GC(1308) Survivor regions: 113->113(154)
[4521.309s][info][gc,heap        ] GC(1308) Old regions: 506->538
[4521.309s][info][gc,heap        ] GC(1308) Humongous regions: 80->80
[4521.309s][info][gc,metaspace   ] GC(1308) Metaspace: 28910K(29312K)->28910K(29312K) NonClass: 24042K(24256K)->24042K(24256K) Class: 4868K(5056K)->4868K(5056K)
[4521.309s][info][gc             ] GC(1308) Pause Young (Prepare Mixed) (G1 Evacuation Pause) 3626M->1459M(4096M) 120.199ms
[4521.310s][info][gc,cpu         ] GC(1308) User=0.71s Sys=0.00s Real=0.12s
..[4523.326s][info][gc,start       ] GC(1309) Pause Young (Mixed) (G1 Evacuation Pause)
[4523.326s][info][gc,task        ] GC(1309) Using 6 workers of 6 for evacuation
[4523.459s][info][gc,phases      ] GC(1309)   Pre Evacuate Collection Set: 0.34ms
[4523.459s][info][gc,phases      ] GC(1309)   Merge Heap Roots: 0.60ms
[4523.459s][info][gc,phases      ] GC(1309)   Evacuate Collection Set: 131.24ms
[4523.459s][info][gc,phases      ] GC(1309)   Post Evacuate Collection Set: 0.93ms
[4523.459s][info][gc,phases      ] GC(1309)   Other: 0.09ms
[4523.459s][info][gc,heap        ] GC(1309) Eden regions: 1101->0(1119)
[4523.459s][info][gc,heap        ] GC(1309) Survivor regions: 113->109(152)
[4523.459s][info][gc,heap        ] GC(1309) Old regions: 538->476
[4523.459s][info][gc,heap        ] GC(1309) Humongous regions: 80->80
[4523.459s][info][gc,metaspace   ] GC(1309) Metaspace: 28910K(29312K)->28910K(29312K) NonClass: 24042K(24256K)->24042K(24256K) Class: 4868K(5056K)->4868K(5056K)
[4523.459s][info][gc             ] GC(1309) Pause Young (Mixed) (G1 Evacuation Pause) 3661M->1329M(4096M) 133.332ms
[4523.459s][info][gc,cpu         ] GC(1309) User=0.80s Sys=0.00s Real=0.13s
..[4525.683s][info][gc,start       ] GC(1310) Pause Young (Concurrent Start) (G1 Evacuation Pause)
[4525.683s][info][gc,task        ] GC(1310) Using 6 workers of 6 for evacuation
[4525.800s][info][gc,phases      ] GC(1310)   Pre Evacuate Collection Set: 0.33ms
[4525.800s][info][gc,phases      ] GC(1310)   Merge Heap Roots: 0.44ms
[4525.800s][info][gc,phases      ] GC(1310)   Evacuate Collection Set: 116.04ms
[4525.800s][info][gc,phases      ] GC(1310)   Post Evacuate Collection Set: 0.86ms
[4525.800s][info][gc,phases      ] GC(1310)   Other: 0.11ms
[4525.800s][info][gc,heap        ] GC(1310) Eden regions: 1119->0(1117)
[4525.800s][info][gc,heap        ] GC(1310) Survivor regions: 109->111(154)
[4525.800s][info][gc,heap        ] GC(1310) Old regions: 476->508
[4525.800s][info][gc,heap        ] GC(1310) Humongous regions: 80->80
[4525.800s][info][gc,metaspace   ] GC(1310) Metaspace: 28910K(29312K)->28910K(29312K) NonClass: 24042K(24256K)->24042K(24256K) Class: 4868K(5056K)->4868K(5056K)
[4525.800s][info][gc             ] GC(1310) Pause Young (Concurrent Start) (G1 Evacuation Pause) 3567M->1396M(4096M) 117.906ms
[4525.800s][info][gc             ] GC(1311) Concurrent Mark Cycle
[4525.800s][info][gc,marking     ] GC(1311) Concurrent Scan Root Regions
[4525.800s][info][gc,cpu         ] GC(1310) User=0.70s Sys=0.00s Real=0.11s
.[4525.951s][info][gc,marking     ] GC(1311) Concurrent Scan Root Regions 150.871ms
[4525.951s][info][gc,marking     ] GC(1311) Concurrent Mark
[4525.951s][info][gc,marking     ] GC(1311) Concurrent Mark From Roots
[4525.951s][info][gc,task        ] GC(1311) Using 2 workers of 2 for marking
[4526.684s][info][gc,marking     ] GC(1311) Concurrent Mark From Roots 732.952ms
[4526.684s][info][gc,marking     ] GC(1311) Concurrent Preclean
[4526.684s][info][gc,marking     ] GC(1311) Concurrent Preclean 0.091ms
[4526.686s][info][gc,start       ] GC(1311) Pause Remark
[4526.691s][info][gc             ] GC(1311) Pause Remark 2210M->2210M(4096M) 5.198ms
[4526.691s][info][gc,cpu         ] GC(1311) User=0.03s Sys=0.00s Real=0.01s
[4526.692s][info][gc,marking     ] GC(1311) Concurrent Mark 740.249ms
[4526.692s][info][gc,marking     ] GC(1311) Concurrent Rebuild Remembered Sets and Scrub Regions
.[4526.959s][info][gc,marking     ] GC(1311) Concurrent Rebuild Remembered Sets and Scrub Regions 267.550ms
[4526.959s][info][gc,start       ] GC(1311) Pause Cleanup
[4526.959s][info][gc             ] GC(1311) Pause Cleanup 2497M->2497M(4096M) 0.117ms
[4526.959s][info][gc,cpu         ] GC(1311) User=0.00s Sys=0.00s Real=0.00s
[4526.960s][info][gc,marking     ] GC(1311) Concurrent Clear Claimed Marks
[4526.960s][info][gc,marking     ] GC(1311) Concurrent Clear Claimed Marks 0.024ms
[4526.960s][info][gc,marking     ] GC(1311) Concurrent Cleanup for Next Mark
[4526.963s][info][gc,marking     ] GC(1311) Concurrent Cleanup for Next Mark 3.318ms
[4526.963s][info][gc             ] GC(1311) Concurrent Mark Cycle 1162.464ms
.[4528.088s][info][gc,start       ] GC(1312) Pause Young (Prepare Mixed) (G1 Evacuation Pause)
[4528.088s][info][gc,task        ] GC(1312) Using 6 workers of 6 for evacuation
[4528.210s][info][gc,phases      ] GC(1312)   Pre Evacuate Collection Set: 0.33ms
[4528.210s][info][gc,phases      ] GC(1312)   Merge Heap Roots: 0.58ms
[4528.210s][info][gc,phases      ] GC(1312)   Evacuate Collection Set: 120.23ms
[4528.210s][info][gc,phases      ] GC(1312)   Post Evacuate Collection Set: 0.90ms
[4528.210s][info][gc,phases      ] GC(1312)   Other: 0.08ms
[4528.210s][info][gc,heap        ] GC(1312) Eden regions: 1117->0(1100)
[4528.210s][info][gc,heap        ] GC(1312) Survivor regions: 111->113(154)
[4528.210s][info][gc,heap        ] GC(1312) Old regions: 508->539
[4528.210s][info][gc,heap        ] GC(1312) Humongous regions: 80->80
[4528.210s][info][gc,metaspace   ] GC(1312) Metaspace: 28910K(29312K)->28910K(29312K) NonClass: 24042K(24256K)->24042K(24256K) Class: 4868K(5056K)->4868K(5056K)
[4528.211s][info][gc             ] GC(1312) Pause Young (Prepare Mixed) (G1 Evacuation Pause) 3630M->1462M(4096M) 122.279ms
[4528.211s][info][gc,cpu         ] GC(1312) User=0.72s Sys=0.00s Real=0.12s
..[4530.437s][info][gc,start       ] GC(1313) Pause Young (Mixed) (G1 Evacuation Pause)
[4530.437s][info][gc,task        ] GC(1313) Using 6 workers of 6 for evacuation
[4530.571s][info][gc,phases      ] GC(1313)   Pre Evacuate Collection Set: 0.36ms
[4530.571s][info][gc,phases      ] GC(1313)   Merge Heap Roots: 0.70ms
[4530.571s][info][gc,phases      ] GC(1313)   Evacuate Collection Set: 131.68ms
[4530.571s][info][gc,phases      ] GC(1313)   Post Evacuate Collection Set: 0.92ms
[4530.571s][info][gc,phases      ] GC(1313)   Other: 0.09ms
[4530.571s][info][gc,heap        ] GC(1313) Eden regions: 1100->0(1119)
[4530.571s][info][gc,heap        ] GC(1313) Survivor regions: 113->109(152)
[4530.571s][info][gc,heap        ] GC(1313) Old regions: 539->474
[4530.571s][info][gc,heap        ] GC(1313) Humongous regions: 80->80
[4530.571s][info][gc,metaspace   ] GC(1313) Metaspace: 28910K(29312K)->28910K(29312K) NonClass: 24042K(24256K)->24042K(24256K) Class: 4868K(5056K)->4868K(5056K)
[4530.571s][info][gc             ] GC(1313) Pause Young (Mixed) (G1 Evacuation Pause) 3662M->1324M(4096M) 133.878ms
[4530.571s][info][gc,cpu         ] GC(1313) User=0.80s Sys=0.00s Real=0.13s
..[4532.780s][info][gc,start       ] GC(1314) Pause Young (Concurrent Start) (G1 Evacuation Pause)
[4532.780s][info][gc,task        ] GC(1314) Using 6 workers of 6 for evacuation
[4532.897s][info][gc,phases      ] GC(1314)   Pre Evacuate Collection Set: 0.36ms
[4532.897s][info][gc,phases      ] GC(1314)   Merge Heap Roots: 0.48ms
[4532.897s][info][gc,phases      ] GC(1314)   Evacuate Collection Set: 115.25ms
[4532.897s][info][gc,phases      ] GC(1314)   Post Evacuate Collection Set: 0.88ms
[4532.897s][info][gc,phases      ] GC(1314)   Other: 0.11ms
[4532.897s][info][gc,heap        ] GC(1314) Eden regions: 1119->0(1119)
[4532.897s][info][gc,heap        ] GC(1314) Survivor regions: 109->109(154)
[4532.897s][info][gc,heap        ] GC(1314) Old regions: 474->506
[4532.897s][info][gc,heap        ] GC(1314) Humongous regions: 80->80
[4532.897s][info][gc,metaspace   ] GC(1314) Metaspace: 28910K(29312K)->28910K(29312K) NonClass: 24042K(24256K)->24042K(24256K) Class: 4868K(5056K)->4868K(5056K)
[4532.897s][info][gc             ] GC(1314) Pause Young (Concurrent Start) (G1 Evacuation Pause) 3562M->1388M(4096M) 117.206ms
[4532.897s][info][gc             ] GC(1315) Concurrent Mark Cycle
[4532.897s][info][gc,marking     ] GC(1315) Concurrent Scan Root Regions
[4532.897s][info][gc,cpu         ] GC(1314) User=0.70s Sys=0.00s Real=0.12s
.[4533.039s][info][gc,marking     ] GC(1315) Concurrent Scan Root Regions 142.087ms
[4533.039s][info][gc,marking     ] GC(1315) Concurrent Mark
[4533.039s][info][gc,marking     ] GC(1315) Concurrent Mark From Roots
[4533.039s][info][gc,task        ] GC(1315) Using 2 workers of 2 for marking
[4533.731s][info][gc,marking     ] GC(1315) Concurrent Mark From Roots 691.756ms
[4533.731s][info][gc,marking     ] GC(1315) Concurrent Preclean
[4533.731s][info][gc,marking     ] GC(1315) Concurrent Preclean 0.109ms
[4533.731s][info][gc,start       ] GC(1315) Pause Remark
[4533.737s][info][gc             ] GC(1315) Pause Remark 2143M->2143M(4096M) 5.416ms
[4533.737s][info][gc,cpu         ] GC(1315) User=0.02s Sys=0.00s Real=0.00s
[4533.737s][info][gc,marking     ] GC(1315) Concurrent Mark 697.652ms
[4533.737s][info][gc,marking     ] GC(1315) Concurrent Rebuild Remembered Sets and Scrub Regions
[4533.996s][info][gc,marking     ] GC(1315) Concurrent Rebuild Remembered Sets and Scrub Regions 259.663ms
[4533.998s][info][gc,start       ] GC(1315) Pause Cleanup
[4533.999s][info][gc             ] GC(1315) Pause Cleanup 2350M->2350M(4096M) 0.131ms
[4533.999s][info][gc,cpu         ] GC(1315) User=0.00s Sys=0.00s Real=0.00s
[4533.999s][info][gc,marking     ] GC(1315) Concurrent Clear Claimed Marks
[4533.999s][info][gc,marking     ] GC(1315) Concurrent Clear Claimed Marks 0.038ms
[4533.999s][info][gc,marking     ] GC(1315) Concurrent Cleanup for Next Mark
[4534.009s][info][gc,marking     ] GC(1315) Concurrent Cleanup for Next Mark 10.303ms
[4534.010s][info][gc             ] GC(1315) Concurrent Mark Cycle 1112.631ms
..[4535.081s][info][gc,start       ] GC(1316) Pause Young (Prepare Mixed) (G1 Evacuation Pause)
[4535.081s][info][gc,task        ] GC(1316) Using 6 workers of 6 for evacuation
[4535.207s][info][gc,phases      ] GC(1316)   Pre Evacuate Collection Set: 0.31ms
[4535.207s][info][gc,phases      ] GC(1316)   Merge Heap Roots: 0.52ms
[4535.207s][info][gc,phases      ] GC(1316)   Evacuate Collection Set: 124.43ms
[4535.207s][info][gc,phases      ] GC(1316)   Post Evacuate Collection Set: 0.91ms
[4535.207s][info][gc,phases      ] GC(1316)   Other: 0.09ms
[4535.207s][info][gc,heap        ] GC(1316) Eden regions: 1119->0(1096)
[4535.207s][info][gc,heap        ] GC(1316) Survivor regions: 109->116(154)
[4535.207s][info][gc,heap        ] GC(1316) Old regions: 506->537
[4535.207s][info][gc,heap        ] GC(1316) Humongous regions: 80->80
[4535.207s][info][gc,metaspace   ] GC(1316) Metaspace: 28910K(29312K)->28910K(29312K) NonClass: 24042K(24256K)->24042K(24256K) Class: 4868K(5056K)->4868K(5056K)
[4535.207s][info][gc             ] GC(1316) Pause Young (Prepare Mixed) (G1 Evacuation Pause) 3626M->1465M(4096M) 126.393ms
[4535.207s][info][gc,cpu         ] GC(1316) User=0.75s Sys=0.00s Real=0.13s
..[4537.356s][info][gc,start       ] GC(1317) Pause Young (Mixed) (G1 Evacuation Pause)
[4537.356s][info][gc,task        ] GC(1317) Using 6 workers of 6 for evacuation
[4537.485s][info][gc,phases      ] GC(1317)   Pre Evacuate Collection Set: 0.36ms
[4537.485s][info][gc,phases      ] GC(1317)   Merge Heap Roots: 0.68ms
[4537.485s][info][gc,phases      ] GC(1317)   Evacuate Collection Set: 127.04ms
[4537.485s][info][gc,phases      ] GC(1317)   Post Evacuate Collection Set: 0.94ms
[4537.485s][info][gc,phases      ] GC(1317)   Other: 0.08ms
[4537.485s][info][gc,heap        ] GC(1317) Eden regions: 1096->0(1120)
[4537.485s][info][gc,heap        ] GC(1317) Survivor regions: 116->108(152)
[4537.485s][info][gc,heap        ] GC(1317) Old regions: 537->474
[4537.485s][info][gc,heap        ] GC(1317) Humongous regions: 80->80
[4537.485s][info][gc,metaspace   ] GC(1317) Metaspace: 28910K(29312K)->28910K(29312K) NonClass: 24042K(24256K)->24042K(24256K) Class: 4868K(5056K)->4868K(5056K)
[4537.485s][info][gc             ] GC(1317) Pause Young (Mixed) (G1 Evacuation Pause) 3657M->1321M(4096M) 129.240ms
[4537.485s][info][gc,cpu         ] GC(1317) User=0.77s Sys=0.00s Real=0.13s
..[4539.754s][info][gc,start       ] GC(1318) Pause Young (Concurrent Start) (G1 Evacuation Pause)
[4539.754s][info][gc,task        ] GC(1318) Using 6 workers of 6 for evacuation
[4539.873s][info][gc,phases      ] GC(1318)   Pre Evacuate Collection Set: 0.39ms
[4539.873s][info][gc,phases      ] GC(1318)   Merge Heap Roots: 0.46ms
[4539.873s][info][gc,phases      ] GC(1318)   Evacuate Collection Set: 117.77ms
[4539.873s][info][gc,phases      ] GC(1318)   Post Evacuate Collection Set: 0.87ms
[4539.873s][info][gc,phases      ] GC(1318)   Other: 0.10ms
[4539.874s][info][gc,heap        ] GC(1318) Eden regions: 1120->0(1117)
[4539.874s][info][gc,heap        ] GC(1318) Survivor regions: 108->111(154)
[4539.874s][info][gc,heap        ] GC(1318) Old regions: 474->505
[4539.874s][info][gc,heap        ] GC(1318) Humongous regions: 80->80
[4539.874s][info][gc,metaspace   ] GC(1318) Metaspace: 28910K(29312K)->28910K(29312K) NonClass: 24042K(24256K)->24042K(24256K) Class: 4868K(5056K)->4868K(5056K)
[4539.874s][info][gc             ] GC(1318) Pause Young (Concurrent Start) (G1 Evacuation Pause) 3561M->1391M(4096M) 119.717ms
[4539.874s][info][gc             ] GC(1319) Concurrent Mark Cycle
[4539.874s][info][gc,marking     ] GC(1319) Concurrent Scan Root Regions
[4539.874s][info][gc,cpu         ] GC(1318) User=0.71s Sys=0.00s Real=0.12s
[4540.019s][info][gc,marking     ] GC(1319) Concurrent Scan Root Regions 145.011ms
[4540.019s][info][gc,marking     ] GC(1319) Concurrent Mark
[4540.019s][info][gc,marking     ] GC(1319) Concurrent Mark From Roots
[4540.019s][info][gc,task        ] GC(1319) Using 2 workers of 2 for marking
.[4540.703s][info][gc,marking     ] GC(1319) Concurrent Mark From Roots 683.996ms
[4540.703s][info][gc,marking     ] GC(1319) Concurrent Preclean
[4540.703s][info][gc,marking     ] GC(1319) Concurrent Preclean 0.122ms
[4540.705s][info][gc,start       ] GC(1319) Pause Remark
[4540.710s][info][gc             ] GC(1319) Pause Remark 2101M->2101M(4096M) 5.540ms
[4540.710s][info][gc,cpu         ] GC(1319) User=0.03s Sys=0.00s Real=0.00s
[4540.710s][info][gc,marking     ] GC(1319) Concurrent Mark 691.550ms
[4540.710s][info][gc,marking     ] GC(1319) Concurrent Rebuild Remembered Sets and Scrub Regions
[4541.028s][info][gc,marking     ] GC(1319) Concurrent Rebuild Remembered Sets and Scrub Regions 318.265ms
[4541.030s][info][gc,start       ] GC(1319) Pause Cleanup
[4541.030s][info][gc             ] GC(1319) Pause Cleanup 2457M->2457M(4096M) 0.128ms
[4541.030s][info][gc,cpu         ] GC(1319) User=0.00s Sys=0.00s Real=0.00s
[4541.030s][info][gc,marking     ] GC(1319) Concurrent Clear Claimed Marks
[4541.030s][info][gc,marking     ] GC(1319) Concurrent Clear Claimed Marks 0.023ms
[4541.030s][info][gc,marking     ] GC(1319) Concurrent Cleanup for Next Mark
[4541.039s][info][gc,marking     ] GC(1319) Concurrent Cleanup for Next Mark 8.647ms
[4541.039s][info][gc             ] GC(1319) Concurrent Mark Cycle 1165.623ms
.[4542.035s][info][gc,start       ] GC(1320) Pause Young (Prepare Mixed) (G1 Evacuation Pause)
[4542.035s][info][gc,task        ] GC(1320) Using 6 workers of 6 for evacuation
[4542.152s][info][gc,phases      ] GC(1320)   Pre Evacuate Collection Set: 0.32ms
[4542.152s][info][gc,phases      ] GC(1320)   Merge Heap Roots: 0.50ms
[4542.152s][info][gc,phases      ] GC(1320)   Evacuate Collection Set: 114.70ms
[4542.152s][info][gc,phases      ] GC(1320)   Post Evacuate Collection Set: 0.91ms
[4542.152s][info][gc,phases      ] GC(1320)   Other: 0.10ms
[4542.152s][info][gc,heap        ] GC(1320) Eden regions: 1117->0(1105)
[4542.152s][info][gc,heap        ] GC(1320) Survivor regions: 111->112(154)
[4542.152s][info][gc,heap        ] GC(1320) Old regions: 505->536
[4542.152s][info][gc,heap        ] GC(1320) Humongous regions: 80->80
[4542.152s][info][gc,metaspace   ] GC(1320) Metaspace: 28910K(29312K)->28910K(29312K) NonClass: 24042K(24256K)->24042K(24256K) Class: 4868K(5056K)->4868K(5056K)
[4542.152s][info][gc             ] GC(1320) Pause Young (Prepare Mixed) (G1 Evacuation Pause) 3625M->1454M(4096M) 116.664ms
[4542.152s][info][gc,cpu         ] GC(1320) User=0.70s Sys=0.00s Real=0.12s
...[4544.437s][info][gc,start       ] GC(1321) Pause Young (Mixed) (G1 Evacuation Pause)
[4544.437s][info][gc,task        ] GC(1321) Using 6 workers of 6 for evacuation
[4544.580s][info][gc,phases      ] GC(1321)   Pre Evacuate Collection Set: 0.37ms
[4544.580s][info][gc,phases      ] GC(1321)   Merge Heap Roots: 0.66ms
[4544.580s][info][gc,phases      ] GC(1321)   Evacuate Collection Set: 140.13ms
[4544.580s][info][gc,phases      ] GC(1321)   Post Evacuate Collection Set: 0.92ms
[4544.580s][info][gc,phases      ] GC(1321)   Other: 0.09ms
[4544.580s][info][gc,heap        ] GC(1321) Eden regions: 1105->0(1112)
[4544.580s][info][gc,heap        ] GC(1321) Survivor regions: 112->116(153)
[4544.580s][info][gc,heap        ] GC(1321) Old regions: 536->473
[4544.580s][info][gc,heap        ] GC(1321) Humongous regions: 80->80
[4544.580s][info][gc,metaspace   ] GC(1321) Metaspace: 28910K(29312K)->28910K(29312K) NonClass: 24042K(24256K)->24042K(24256K) Class: 4868K(5056K)->4868K(5056K)
[4544.580s][info][gc             ] GC(1321) Pause Young (Mixed) (G1 Evacuation Pause) 3664M->1335M(4096M) 142.301ms
[4544.580s][info][gc,cpu         ] GC(1321) User=0.84s Sys=0.00s Real=0.14s
..[4546.732s][info][gc,start       ] GC(1322) Pause Young (Concurrent Start) (G1 Evacuation Pause)
[4546.732s][info][gc,task        ] GC(1322) Using 6 workers of 6 for evacuation
[4546.854s][info][gc,phases      ] GC(1322)   Pre Evacuate Collection Set: 0.43ms
[4546.855s][info][gc,phases      ] GC(1322)   Merge Heap Roots: 0.58ms
[4546.855s][info][gc,phases      ] GC(1322)   Evacuate Collection Set: 120.66ms
[4546.855s][info][gc,phases      ] GC(1322)   Post Evacuate Collection Set: 0.87ms
[4546.855s][info][gc,phases      ] GC(1322)   Other: 0.15ms
[4546.855s][info][gc,heap        ] GC(1322) Eden regions: 1112->0(1114)
[4546.855s][info][gc,heap        ] GC(1322) Survivor regions: 116->114(154)
[4546.855s][info][gc,heap        ] GC(1322) Old regions: 473->504
[4546.855s][info][gc,heap        ] GC(1322) Humongous regions: 80->80
[4546.855s][info][gc,metaspace   ] GC(1322) Metaspace: 28910K(29312K)->28910K(29312K) NonClass: 24042K(24256K)->24042K(24256K) Class: 4868K(5056K)->4868K(5056K)
[4546.855s][info][gc             ] GC(1322) Pause Young (Concurrent Start) (G1 Evacuation Pause) 3559M->1393M(4096M) 122.821ms
[4546.855s][info][gc             ] GC(1323) Concurrent Mark Cycle
[4546.855s][info][gc,marking     ] GC(1323) Concurrent Scan Root Regions
[4546.855s][info][gc,cpu         ] GC(1322) User=0.73s Sys=0.00s Real=0.12s
[4547.064s][info][gc,marking     ] GC(1323) Concurrent Scan Root Regions 209.879ms
[4547.065s][info][gc,marking     ] GC(1323) Concurrent Mark
[4547.065s][info][gc,marking     ] GC(1323) Concurrent Mark From Roots
[4547.065s][info][gc,task        ] GC(1323) Using 2 workers of 2 for marking
.[4548.085s][info][gc,marking     ] GC(1323) Concurrent Mark From Roots 1020.003ms
[4548.085s][info][gc,marking     ] GC(1323) Concurrent Preclean
[4548.085s][info][gc,marking     ] GC(1323) Concurrent Preclean 0.101ms
[4548.088s][info][gc,start       ] GC(1323) Pause Remark
[4548.096s][info][gc             ] GC(1323) Pause Remark 2581M->2581M(4096M) 7.969ms
[4548.096s][info][gc,cpu         ] GC(1323) User=0.05s Sys=0.00s Real=0.01s
[4548.096s][info][gc,marking     ] GC(1323) Concurrent Mark 1031.391ms
[4548.096s][info][gc,marking     ] GC(1323) Concurrent Rebuild Remembered Sets and Scrub Regions
[4548.476s][info][gc,marking     ] GC(1323) Concurrent Rebuild Remembered Sets and Scrub Regions 380.364ms
[4548.525s][info][gc,start       ] GC(1323) Pause Cleanup
[4548.525s][info][gc             ] GC(1323) Pause Cleanup 3017M->3017M(4096M) 0.141ms
[4548.525s][info][gc,cpu         ] GC(1323) User=0.00s Sys=0.00s Real=0.00s
[4548.525s][info][gc,marking     ] GC(1323) Concurrent Clear Claimed Marks
[4548.526s][info][gc,marking     ] GC(1323) Concurrent Clear Claimed Marks 0.033ms
[4548.526s][info][gc,marking     ] GC(1323) Concurrent Cleanup for Next Mark
[4548.546s][info][gc,marking     ] GC(1323) Concurrent Cleanup for Next Mark 20.300ms
[4548.546s][info][gc             ] GC(1323) Concurrent Mark Cycle 1691.306ms
.[4549.023s][info][gc,start       ] GC(1324) Pause Young (Prepare Mixed) (G1 Evacuation Pause)
[4549.023s][info][gc,task        ] GC(1324) Using 6 workers of 6 for evacuation
[4549.140s][info][gc,phases      ] GC(1324)   Pre Evacuate Collection Set: 0.29ms
[4549.140s][info][gc,phases      ] GC(1324)   Merge Heap Roots: 0.53ms
[4549.140s][info][gc,phases      ] GC(1324)   Evacuate Collection Set: 115.97ms
[4549.140s][info][gc,phases      ] GC(1324)   Post Evacuate Collection Set: 0.90ms
[4549.140s][info][gc,phases      ] GC(1324)   Other: 0.09ms
[4549.140s][info][gc,heap        ] GC(1324) Eden regions: 1114->0(1107)
[4549.140s][info][gc,heap        ] GC(1324) Survivor regions: 114->111(154)
[4549.140s][info][gc,heap        ] GC(1324) Old regions: 504->536
[4549.140s][info][gc,heap        ] GC(1324) Humongous regions: 80->80
[4549.140s][info][gc,metaspace   ] GC(1324) Metaspace: 28910K(29312K)->28910K(29312K) NonClass: 24042K(24256K)->24042K(24256K) Class: 4868K(5056K)->4868K(5056K)
[4549.140s][info][gc             ] GC(1324) Pause Young (Prepare Mixed) (G1 Evacuation Pause) 3621M->1451M(4096M) 117.917ms
[4549.141s][info][gc,cpu         ] GC(1324) User=0.70s Sys=0.00s Real=0.11s
..[4551.262s][info][gc,start       ] GC(1325) Pause Young (Mixed) (G1 Evacuation Pause)
[4551.262s][info][gc,task        ] GC(1325) Using 6 workers of 6 for evacuation
[4551.397s][info][gc,phases      ] GC(1325)   Pre Evacuate Collection Set: 0.34ms
[4551.397s][info][gc,phases      ] GC(1325)   Merge Heap Roots: 0.66ms
[4551.397s][info][gc,phases      ] GC(1325)   Evacuate Collection Set: 133.16ms
[4551.397s][info][gc,phases      ] GC(1325)   Post Evacuate Collection Set: 0.93ms
[4551.397s][info][gc,phases      ] GC(1325)   Other: 0.09ms
[4551.397s][info][gc,heap        ] GC(1325) Eden regions: 1107->0(1118)
[4551.397s][info][gc,heap        ] GC(1325) Survivor regions: 111->110(153)
[4551.397s][info][gc,heap        ] GC(1325) Old regions: 536->474
[4551.397s][info][gc,heap        ] GC(1325) Humongous regions: 80->80
[4551.397s][info][gc,metaspace   ] GC(1325) Metaspace: 28910K(29312K)->28910K(29312K) NonClass: 24042K(24256K)->24042K(24256K) Class: 4868K(5056K)->4868K(5056K)
[4551.397s][info][gc             ] GC(1325) Pause Young (Mixed) (G1 Evacuation Pause) 3665M->1326M(4096M) 135.323ms
[4551.398s][info][gc,cpu         ] GC(1325) User=0.80s Sys=0.00s Real=0.13s
..[4553.567s][info][gc,start       ] GC(1326) Pause Young (Concurrent Start) (G1 Evacuation Pause)
[4553.567s][info][gc,task        ] GC(1326) Using 6 workers of 6 for evacuation
[4553.683s][info][gc,phases      ] GC(1326)   Pre Evacuate Collection Set: 0.36ms
[4553.683s][info][gc,phases      ] GC(1326)   Merge Heap Roots: 0.45ms
[4553.683s][info][gc,phases      ] GC(1326)   Evacuate Collection Set: 113.69ms
[4553.683s][info][gc,phases      ] GC(1326)   Post Evacuate Collection Set: 0.84ms
[4553.683s][info][gc,phases      ] GC(1326)   Other: 0.10ms
[4553.683s][info][gc,heap        ] GC(1326) Eden regions: 1118->0(1119)
[4553.683s][info][gc,heap        ] GC(1326) Survivor regions: 110->109(154)
[4553.683s][info][gc,heap        ] GC(1326) Old regions: 474->506
[4553.683s][info][gc,heap        ] GC(1326) Humongous regions: 80->80
[4553.683s][info][gc,metaspace   ] GC(1326) Metaspace: 28910K(29312K)->28910K(29312K) NonClass: 24042K(24256K)->24042K(24256K) Class: 4868K(5056K)->4868K(5056K)
[4553.683s][info][gc             ] GC(1326) Pause Young (Concurrent Start) (G1 Evacuation Pause) 3562M->1388M(4096M) 115.565ms
[4553.683s][info][gc             ] GC(1327) Concurrent Mark Cycle
[4553.683s][info][gc,marking     ] GC(1327) Concurrent Scan Root Regions
[4553.683s][info][gc,cpu         ] GC(1326) User=0.68s Sys=0.00s Real=0.12s
.[4553.824s][info][gc,marking     ] GC(1327) Concurrent Scan Root Regions 141.704ms
[4553.824s][info][gc,marking     ] GC(1327) Concurrent Mark
[4553.824s][info][gc,marking     ] GC(1327) Concurrent Mark From Roots
[4553.824s][info][gc,task        ] GC(1327) Using 2 workers of 2 for marking
[4554.605s][info][gc,marking     ] GC(1327) Concurrent Mark From Roots 780.085ms
[4554.605s][info][gc,marking     ] GC(1327) Concurrent Preclean
[4554.605s][info][gc,marking     ] GC(1327) Concurrent Preclean 0.096ms
[4554.608s][info][gc,start       ] GC(1327) Pause Remark
[4554.613s][info][gc             ] GC(1327) Pause Remark 2216M->2216M(4096M) 5.464ms
[4554.613s][info][gc,cpu         ] GC(1327) User=0.03s Sys=0.00s Real=0.01s
[4554.613s][info][gc,marking     ] GC(1327) Concurrent Mark 788.849ms
[4554.613s][info][gc,marking     ] GC(1327) Concurrent Rebuild Remembered Sets and Scrub Regions
.[4554.901s][info][gc,marking     ] GC(1327) Concurrent Rebuild Remembered Sets and Scrub Regions 287.537ms
[4554.902s][info][gc,start       ] GC(1327) Pause Cleanup
[4554.902s][info][gc             ] GC(1327) Pause Cleanup 2520M->2520M(4096M) 0.137ms
[4554.902s][info][gc,cpu         ] GC(1327) User=0.00s Sys=0.00s Real=0.00s
[4554.903s][info][gc,marking     ] GC(1327) Concurrent Clear Claimed Marks
[4554.903s][info][gc,marking     ] GC(1327) Concurrent Clear Claimed Marks 0.029ms
[4554.903s][info][gc,marking     ] GC(1327) Concurrent Cleanup for Next Mark
[4554.912s][info][gc,marking     ] GC(1327) Concurrent Cleanup for Next Mark 9.862ms
[4554.913s][info][gc             ] GC(1327) Concurrent Mark Cycle 1229.840ms
.[4555.926s][info][gc,start       ] GC(1328) Pause Young (Prepare Mixed) (G1 Evacuation Pause)
[4555.926s][info][gc,task        ] GC(1328) Using 6 workers of 6 for evacuation
[4556.047s][info][gc,phases      ] GC(1328)   Pre Evacuate Collection Set: 0.32ms
[4556.047s][info][gc,phases      ] GC(1328)   Merge Heap Roots: 0.51ms
[4556.047s][info][gc,phases      ] GC(1328)   Evacuate Collection Set: 118.64ms
[4556.047s][info][gc,phases      ] GC(1328)   Post Evacuate Collection Set: 0.94ms
[4556.047s][info][gc,phases      ] GC(1328)   Other: 0.09ms
[4556.047s][info][gc,heap        ] GC(1328) Eden regions: 1119->0(1100)
[4556.047s][info][gc,heap        ] GC(1328) Survivor regions: 109->114(154)
[4556.047s][info][gc,heap        ] GC(1328) Old regions: 506->537
[4556.047s][info][gc,heap        ] GC(1328) Humongous regions: 80->80
[4556.047s][info][gc,metaspace   ] GC(1328) Metaspace: 28910K(29312K)->28910K(29312K) NonClass: 24042K(24256K)->24042K(24256K) Class: 4868K(5056K)->4868K(5056K)
[4556.047s][info][gc             ] GC(1328) Pause Young (Prepare Mixed) (G1 Evacuation Pause) 3626M->1459M(4096M) 120.619ms
[4556.047s][info][gc,cpu         ] GC(1328) User=0.71s Sys=0.00s Real=0.12s
..[4558.206s][info][gc,start       ] GC(1329) Pause Young (Mixed) (G1 Evacuation Pause)
[4558.206s][info][gc,task        ] GC(1329) Using 6 workers of 6 for evacuation
[4558.348s][info][gc,phases      ] GC(1329)   Pre Evacuate Collection Set: 0.35ms
[4558.348s][info][gc,phases      ] GC(1329)   Merge Heap Roots: 0.72ms
[4558.348s][info][gc,phases      ] GC(1329)   Evacuate Collection Set: 139.07ms
[4558.348s][info][gc,phases      ] GC(1329)   Post Evacuate Collection Set: 0.95ms
[4558.348s][info][gc,phases      ] GC(1329)   Other: 0.09ms
[4558.348s][info][gc,heap        ] GC(1329) Eden regions: 1100->0(1114)
[4558.348s][info][gc,heap        ] GC(1329) Survivor regions: 114->114(152)
[4558.348s][info][gc,heap        ] GC(1329) Old regions: 537->473
[4558.348s][info][gc,heap        ] GC(1329) Humongous regions: 80->80
[4558.348s][info][gc,metaspace   ] GC(1329) Metaspace: 28910K(29312K)->28910K(29312K) NonClass: 24042K(24256K)->24042K(24256K) Class: 4868K(5056K)->4868K(5056K)
[4558.348s][info][gc             ] GC(1329) Pause Young (Mixed) (G1 Evacuation Pause) 3659M->1332M(4096M) 141.311ms
[4558.348s][info][gc,cpu         ] GC(1329) User=0.84s Sys=0.00s Real=0.14s
..[4560.503s][info][gc,start       ] GC(1330) Pause Young (Concurrent Start) (G1 Evacuation Pause)
[4560.503s][info][gc,task        ] GC(1330) Using 6 workers of 6 for evacuation
[4560.617s][info][gc,phases      ] GC(1330)   Pre Evacuate Collection Set: 0.40ms
[4560.617s][info][gc,phases      ] GC(1330)   Merge Heap Roots: 0.46ms
[4560.617s][info][gc,phases      ] GC(1330)   Evacuate Collection Set: 111.94ms
[4560.617s][info][gc,phases      ] GC(1330)   Post Evacuate Collection Set: 0.86ms
[4560.617s][info][gc,phases      ] GC(1330)   Other: 0.12ms
[4560.617s][info][gc,heap        ] GC(1330) Eden regions: 1114->0(1120)
[4560.617s][info][gc,heap        ] GC(1330) Survivor regions: 114->108(154)
[4560.617s][info][gc,heap        ] GC(1330) Old regions: 473->505
[4560.617s][info][gc,heap        ] GC(1330) Humongous regions: 80->80
[4560.617s][info][gc,metaspace   ] GC(1330) Metaspace: 28910K(29312K)->28910K(29312K) NonClass: 24042K(24256K)->24042K(24256K) Class: 4868K(5056K)->4868K(5056K)
[4560.617s][info][gc             ] GC(1330) Pause Young (Concurrent Start) (G1 Evacuation Pause) 3560M->1384M(4096M) 113.903ms
[4560.617s][info][gc             ] GC(1331) Concurrent Mark Cycle
[4560.617s][info][gc,marking     ] GC(1331) Concurrent Scan Root Regions
[4560.617s][info][gc,cpu         ] GC(1330) User=0.68s Sys=0.00s Real=0.11s
[4560.757s][info][gc,marking     ] GC(1331) Concurrent Scan Root Regions 140.027ms
[4560.757s][info][gc,marking     ] GC(1331) Concurrent Mark
[4560.757s][info][gc,marking     ] GC(1331) Concurrent Mark From Roots
[4560.757s][info][gc,task        ] GC(1331) Using 2 workers of 2 for marking
.[4561.540s][info][gc,marking     ] GC(1331) Concurrent Mark From Roots 782.828ms
[4561.540s][info][gc,marking     ] GC(1331) Concurrent Preclean
[4561.540s][info][gc,marking     ] GC(1331) Concurrent Preclean 0.088ms
[4561.543s][info][gc,start       ] GC(1331) Pause Remark
[4561.547s][info][gc             ] GC(1331) Pause Remark 2150M->2150M(4096M) 4.574ms
[4561.547s][info][gc,cpu         ] GC(1331) User=0.03s Sys=0.00s Real=0.00s
[4561.548s][info][gc,marking     ] GC(1331) Concurrent Mark 790.144ms
[4561.548s][info][gc,marking     ] GC(1331) Concurrent Rebuild Remembered Sets and Scrub Regions
[4561.883s][info][gc,marking     ] GC(1331) Concurrent Rebuild Remembered Sets and Scrub Regions 335.543ms
[4561.887s][info][gc,start       ] GC(1331) Pause Cleanup
[4561.887s][info][gc             ] GC(1331) Pause Cleanup 2580M->2580M(4096M) 0.136ms
[4561.887s][info][gc,cpu         ] GC(1331) User=0.00s Sys=0.00s Real=0.00s
[4561.887s][info][gc,marking     ] GC(1331) Concurrent Clear Claimed Marks
[4561.887s][info][gc,marking     ] GC(1331) Concurrent Clear Claimed Marks 0.027ms
[4561.887s][info][gc,marking     ] GC(1331) Concurrent Cleanup for Next Mark
[4561.893s][info][gc,marking     ] GC(1331) Concurrent Cleanup for Next Mark 5.768ms
[4561.893s][info][gc             ] GC(1331) Concurrent Mark Cycle 1275.612ms
.[4562.843s][info][gc,start       ] GC(1332) Pause Young (Prepare Mixed) (G1 Evacuation Pause)
[4562.843s][info][gc,task        ] GC(1332) Using 6 workers of 6 for evacuation
[4562.962s][info][gc,phases      ] GC(1332)   Pre Evacuate Collection Set: 0.33ms
[4562.962s][info][gc,phases      ] GC(1332)   Merge Heap Roots: 0.53ms
[4562.962s][info][gc,phases      ] GC(1332)   Evacuate Collection Set: 117.02ms
[4562.962s][info][gc,phases      ] GC(1332)   Post Evacuate Collection Set: 0.99ms
[4562.962s][info][gc,phases      ] GC(1332)   Other: 0.09ms
[4562.962s][info][gc,heap        ] GC(1332) Eden regions: 1120->0(1105)
[4562.962s][info][gc,heap        ] GC(1332) Survivor regions: 108->112(154)
[4562.962s][info][gc,heap        ] GC(1332) Old regions: 505->536
[4562.962s][info][gc,heap        ] GC(1332) Humongous regions: 80->80
[4562.962s][info][gc,metaspace   ] GC(1332) Metaspace: 28910K(29312K)->28910K(29312K) NonClass: 24042K(24256K)->24042K(24256K) Class: 4868K(5056K)->4868K(5056K)
[4562.962s][info][gc             ] GC(1332) Pause Young (Prepare Mixed) (G1 Evacuation Pause) 3624M->1455M(4096M) 119.090ms
[4562.962s][info][gc,cpu         ] GC(1332) User=0.71s Sys=0.00s Real=0.12s
...[4565.120s][info][gc,start       ] GC(1333) Pause Young (Mixed) (G1 Evacuation Pause)
[4565.120s][info][gc,task        ] GC(1333) Using 6 workers of 6 for evacuation
[4565.255s][info][gc,phases      ] GC(1333)   Pre Evacuate Collection Set: 0.39ms
[4565.255s][info][gc,phases      ] GC(1333)   Merge Heap Roots: 0.74ms
[4565.255s][info][gc,phases      ] GC(1333)   Evacuate Collection Set: 133.14ms
[4565.255s][info][gc,phases      ] GC(1333)   Post Evacuate Collection Set: 0.94ms
[4565.255s][info][gc,phases      ] GC(1333)   Other: 0.09ms
[4565.255s][info][gc,heap        ] GC(1333) Eden regions: 1105->0(1116)
[4565.255s][info][gc,heap        ] GC(1333) Survivor regions: 112->112(153)
[4565.255s][info][gc,heap        ] GC(1333) Old regions: 536->474
[4565.255s][info][gc,heap        ] GC(1333) Humongous regions: 80->80
[4565.255s][info][gc,metaspace   ] GC(1333) Metaspace: 28910K(29312K)->28910K(29312K) NonClass: 24042K(24256K)->24042K(24256K) Class: 4868K(5056K)->4868K(5056K)
[4565.255s][info][gc             ] GC(1333) Pause Young (Mixed) (G1 Evacuation Pause) 3665M->1330M(4096M) 135.430ms
[4565.255s][info][gc,cpu         ] GC(1333) User=0.80s Sys=0.00s Real=0.14s
..[4567.454s][info][gc,start       ] GC(1334) Pause Young (Concurrent Start) (G1 Evacuation Pause)
[4567.454s][info][gc,task        ] GC(1334) Using 6 workers of 6 for evacuation
[4567.573s][info][gc,phases      ] GC(1334)   Pre Evacuate Collection Set: 0.38ms
[4567.573s][info][gc,phases      ] GC(1334)   Merge Heap Roots: 0.46ms
[4567.573s][info][gc,phases      ] GC(1334)   Evacuate Collection Set: 117.62ms
[4567.573s][info][gc,phases      ] GC(1334)   Post Evacuate Collection Set: 0.86ms
[4567.573s][info][gc,phases      ] GC(1334)   Other: 0.12ms
[4567.573s][info][gc,heap        ] GC(1334) Eden regions: 1116->0(1116)
[4567.573s][info][gc,heap        ] GC(1334) Survivor regions: 112->112(154)
[4567.573s][info][gc,heap        ] GC(1334) Old regions: 474->506
[4567.573s][info][gc,heap        ] GC(1334) Humongous regions: 80->80
[4567.573s][info][gc,metaspace   ] GC(1334) Metaspace: 28910K(29312K)->28910K(29312K) NonClass: 24042K(24256K)->24042K(24256K) Class: 4868K(5056K)->4868K(5056K)
[4567.573s][info][gc             ] GC(1334) Pause Young (Concurrent Start) (G1 Evacuation Pause) 3562M->1394M(4096M) 119.578ms
[4567.573s][info][gc             ] GC(1335) Concurrent Mark Cycle
[4567.573s][info][gc,marking     ] GC(1335) Concurrent Scan Root Regions
[4567.573s][info][gc,cpu         ] GC(1334) User=0.71s Sys=0.00s Real=0.12s
[4567.822s][info][gc,marking     ] GC(1335) Concurrent Scan Root Regions 249.148ms
[4567.823s][info][gc,marking     ] GC(1335) Concurrent Mark
[4567.823s][info][gc,marking     ] GC(1335) Concurrent Mark From Roots
[4567.823s][info][gc,task        ] GC(1335) Using 2 workers of 2 for marking
.[4568.628s][info][gc,marking     ] GC(1335) Concurrent Mark From Roots 805.572ms
[4568.628s][info][gc,marking     ] GC(1335) Concurrent Preclean
[4568.628s][info][gc,marking     ] GC(1335) Concurrent Preclean 0.128ms
[4568.631s][info][gc,start       ] GC(1335) Pause Remark
[4568.636s][info][gc             ] GC(1335) Pause Remark 2348M->2348M(4096M) 4.705ms
[4568.636s][info][gc,cpu         ] GC(1335) User=0.02s Sys=0.00s Real=0.01s
[4568.637s][info][gc,marking     ] GC(1335) Concurrent Mark 814.007ms
[4568.637s][info][gc,marking     ] GC(1335) Concurrent Rebuild Remembered Sets and Scrub Regions
[4568.941s][info][gc,marking     ] GC(1335) Concurrent Rebuild Remembered Sets and Scrub Regions 304.784ms
[4568.945s][info][gc,start       ] GC(1335) Pause Cleanup
[4568.946s][info][gc             ] GC(1335) Pause Cleanup 2678M->2678M(4096M) 0.166ms
[4568.946s][info][gc,cpu         ] GC(1335) User=0.00s Sys=0.00s Real=0.00s
[4568.946s][info][gc,marking     ] GC(1335) Concurrent Clear Claimed Marks
[4568.946s][info][gc,marking     ] GC(1335) Concurrent Clear Claimed Marks 0.033ms
[4568.946s][info][gc,marking     ] GC(1335) Concurrent Cleanup for Next Mark
[4568.951s][info][gc,marking     ] GC(1335) Concurrent Cleanup for Next Mark 5.078ms
[4568.951s][info][gc             ] GC(1335) Concurrent Mark Cycle 1377.519ms
.[4569.751s][info][gc,start       ] GC(1336) Pause Young (Prepare Mixed) (G1 Evacuation Pause)
[4569.751s][info][gc,task        ] GC(1336) Using 6 workers of 6 for evacuation
[4569.869s][info][gc,phases      ] GC(1336)   Pre Evacuate Collection Set: 0.33ms
[4569.869s][info][gc,phases      ] GC(1336)   Merge Heap Roots: 0.49ms
[4569.869s][info][gc,phases      ] GC(1336)   Evacuate Collection Set: 116.39ms
[4569.869s][info][gc,phases      ] GC(1336)   Post Evacuate Collection Set: 0.90ms
[4569.869s][info][gc,phases      ] GC(1336)   Other: 0.09ms
[4569.869s][info][gc,heap        ] GC(1336) Eden regions: 1116->0(1107)
[4569.869s][info][gc,heap        ] GC(1336) Survivor regions: 112->110(154)
[4569.869s][info][gc,heap        ] GC(1336) Old regions: 506->538
[4569.869s][info][gc,heap        ] GC(1336) Humongous regions: 80->80
[4569.869s][info][gc,metaspace   ] GC(1336) Metaspace: 28910K(29312K)->28910K(29312K) NonClass: 24042K(24256K)->24042K(24256K) Class: 4868K(5056K)->4868K(5056K)
[4569.869s][info][gc             ] GC(1336) Pause Young (Prepare Mixed) (G1 Evacuation Pause) 3626M->1453M(4096M) 118.331ms
[4569.869s][info][gc,cpu         ] GC(1336) User=0.70s Sys=0.00s Real=0.12s
... (rIR:aIR:PR = 8164:8120:8120) (tPR = 120120) [OK] 
  4571s: Performance info:
         Transaction,    Success,    Partial,     Failed,   Receipts, AvgBarcode, 
             Overall,     489928,          0,          0,     465272,      59.48, 
         Response times:
             Request,    Success,    Partial,     Failed,   SkipFail,     Probes,    Samples,      min,      p50,      p90,      p95,      p99,      max, 
       TotalPurchase,     465272,          0,          0,          0,     352406,     387136,      300,     7200,   121000,   169000,   244000,   550000,
     InStorePurchase,     245795,          0,          0,          0,     184604,     202747,      300,     7200,   122000,   169000,   245000,   550000,
      OnlinePurchase,     170226,          0,          0,          0,     129901,     142639,      300,     7100,   117000,   167000,   242000,   550000,
        InstPurchase,      49251,          0,          0,          0,      37901,      41750,      400,     7600,   122000,   175000,   249490,   375000,
          AssocOfCat,        490,          0,          0,          0,        411,        527,    27000,    50000,   184200,   234000,   314440,   353000,
      AssocOfProduct,       4878,          0,          0,          0,       3438,       3971,      500,     5500,    99000,   154400,   239000,   550000,
      BusinessReport,       1224,          0,          0,          0,       1075,       1289,    28000,    54000,   187000,   227500,   304200,   630000,
          CustBuyBeh,       4954,          0,          0,          0,       3390,       3803,      100,     6800,   110000,   171000,   226000,   314000,
       ProductReturn,      13111,          0,          0,          0,      10125,      11352,      200,     7700,   120000,   171000,   264000,   360000,

  4571s: (60%)   IR =   8302 [4572.143s][info][gc,start       ] GC(1337) Pause Young (Mixed) (G1 Evacuation Pause)
[4572.143s][info][gc,task        ] GC(1337) Using 6 workers of 6 for evacuation
[4572.277s][info][gc,phases      ] GC(1337)   Pre Evacuate Collection Set: 0.37ms
[4572.277s][info][gc,phases      ] GC(1337)   Merge Heap Roots: 0.66ms
[4572.277s][info][gc,phases      ] GC(1337)   Evacuate Collection Set: 132.58ms
[4572.277s][info][gc,phases      ] GC(1337)   Post Evacuate Collection Set: 0.92ms
[4572.277s][info][gc,phases      ] GC(1337)   Other: 0.08ms
[4572.277s][info][gc,heap        ] GC(1337) Eden regions: 1107->0(1116)
[4572.277s][info][gc,heap        ] GC(1337) Survivor regions: 110->112(153)
[4572.277s][info][gc,heap        ] GC(1337) Old regions: 538->475
[4572.277s][info][gc,heap        ] GC(1337) Humongous regions: 80->80
[4572.277s][info][gc,metaspace   ] GC(1337) Metaspace: 28910K(29312K)->28910K(29312K) NonClass: 24042K(24256K)->24042K(24256K) Class: 4868K(5056K)->4868K(5056K)
[4572.277s][info][gc             ] GC(1337) Pause Young (Mixed) (G1 Evacuation Pause) 3667M->1332M(4096M) 134.754ms
[4572.278s][info][gc,cpu         ] GC(1337) User=0.80s Sys=0.00s Real=0.13s
..[4574.389s][info][gc,start       ] GC(1338) Pause Young (Concurrent Start) (G1 Evacuation Pause)
[4574.389s][info][gc,task        ] GC(1338) Using 6 workers of 6 for evacuation
[4574.513s][info][gc,phases      ] GC(1338)   Pre Evacuate Collection Set: 0.36ms
[4574.513s][info][gc,phases      ] GC(1338)   Merge Heap Roots: 0.46ms
[4574.513s][info][gc,phases      ] GC(1338)   Evacuate Collection Set: 122.85ms
[4574.513s][info][gc,phases      ] GC(1338)   Post Evacuate Collection Set: 0.89ms
[4574.513s][info][gc,phases      ] GC(1338)   Other: 0.10ms
[4574.513s][info][gc,heap        ] GC(1338) Eden regions: 1116->0(1112)
[4574.513s][info][gc,heap        ] GC(1338) Survivor regions: 112->116(154)
[4574.513s][info][gc,heap        ] GC(1338) Old regions: 475->506
[4574.513s][info][gc,heap        ] GC(1338) Humongous regions: 80->80
[4574.513s][info][gc,metaspace   ] GC(1338) Metaspace: 28910K(29312K)->28910K(29312K) NonClass: 24042K(24256K)->24042K(24256K) Class: 4868K(5056K)->4868K(5056K)
[4574.513s][info][gc             ] GC(1338) Pause Young (Concurrent Start) (G1 Evacuation Pause) 3564M->1402M(4096M) 124.793ms
[4574.513s][info][gc             ] GC(1339) Concurrent Mark Cycle
[4574.513s][info][gc,marking     ] GC(1339) Concurrent Scan Root Regions
[4574.513s][info][gc,cpu         ] GC(1338) User=0.74s Sys=0.00s Real=0.13s
[4574.703s][info][gc,marking     ] GC(1339) Concurrent Scan Root Regions 190.094ms
[4574.704s][info][gc,marking     ] GC(1339) Concurrent Mark
[4574.704s][info][gc,marking     ] GC(1339) Concurrent Mark From Roots
[4574.704s][info][gc,task        ] GC(1339) Using 2 workers of 2 for marking
.[4575.475s][info][gc,marking     ] GC(1339) Concurrent Mark From Roots 771.251ms
[4575.475s][info][gc,marking     ] GC(1339) Concurrent Preclean
[4575.475s][info][gc,marking     ] GC(1339) Concurrent Preclean 0.110ms
[4575.475s][info][gc,start       ] GC(1339) Pause Remark
[4575.527s][info][gc             ] GC(1339) Pause Remark 2256M->2256M(4096M) 51.789ms
[4575.527s][info][gc,cpu         ] GC(1339) User=0.02s Sys=0.00s Real=0.05s
[4575.528s][info][gc,marking     ] GC(1339) Concurrent Mark 824.905ms
[4575.528s][info][gc,marking     ] GC(1339) Concurrent Rebuild Remembered Sets and Scrub Regions
[4575.841s][info][gc,marking     ] GC(1339) Concurrent Rebuild Remembered Sets and Scrub Regions 312.699ms
[4575.844s][info][gc,start       ] GC(1339) Pause Cleanup
[4575.844s][info][gc             ] GC(1339) Pause Cleanup 2680M->2680M(4096M) 0.140ms
[4575.844s][info][gc,cpu         ] GC(1339) User=0.00s Sys=0.00s Real=0.00s
[4575.844s][info][gc,marking     ] GC(1339) Concurrent Clear Claimed Marks
[4575.844s][info][gc,marking     ] GC(1339) Concurrent Clear Claimed Marks 0.030ms
[4575.844s][info][gc,marking     ] GC(1339) Concurrent Cleanup for Next Mark
[4575.857s][info][gc,marking     ] GC(1339) Concurrent Cleanup for Next Mark 12.652ms
[4575.857s][info][gc             ] GC(1339) Concurrent Mark Cycle 1343.409ms
.[4576.663s][info][gc,start       ] GC(1340) Pause Young (Prepare Mixed) (G1 Evacuation Pause)
[4576.663s][info][gc,task        ] GC(1340) Using 6 workers of 6 for evacuation
[4576.782s][info][gc,phases      ] GC(1340)   Pre Evacuate Collection Set: 0.34ms
[4576.782s][info][gc,phases      ] GC(1340)   Merge Heap Roots: 0.55ms
[4576.782s][info][gc,phases      ] GC(1340)   Evacuate Collection Set: 117.24ms
[4576.782s][info][gc,phases      ] GC(1340)   Post Evacuate Collection Set: 0.90ms
[4576.782s][info][gc,phases      ] GC(1340)   Other: 0.09ms
[4576.782s][info][gc,heap        ] GC(1340) Eden regions: 1112->0(1108)
[4576.782s][info][gc,heap        ] GC(1340) Survivor regions: 116->109(154)
[4576.782s][info][gc,heap        ] GC(1340) Old regions: 506->539
[4576.782s][info][gc,heap        ] GC(1340) Humongous regions: 80->80
[4576.782s][info][gc,metaspace   ] GC(1340) Metaspace: 28910K(29312K)->28910K(29312K) NonClass: 24042K(24256K)->24042K(24256K) Class: 4868K(5056K)->4868K(5056K)
[4576.782s][info][gc             ] GC(1340) Pause Young (Prepare Mixed) (G1 Evacuation Pause) 3626M->1454M(4096M) 119.274ms
[4576.782s][info][gc,cpu         ] GC(1340) User=0.70s Sys=0.00s Real=0.12s
..|[4578.910s][info][gc,start       ] GC(1341) Pause Young (Mixed) (G1 Evacuation Pause)
[4578.911s][info][gc,task        ] GC(1341) Using 6 workers of 6 for evacuation
[4579.051s][info][gc,phases      ] GC(1341)   Pre Evacuate Collection Set: 0.35ms
[4579.051s][info][gc,phases      ] GC(1341)   Merge Heap Roots: 0.70ms
[4579.051s][info][gc,phases      ] GC(1341)   Evacuate Collection Set: 137.98ms
[4579.051s][info][gc,phases      ] GC(1341)   Post Evacuate Collection Set: 0.93ms
[4579.051s][info][gc,phases      ] GC(1341)   Other: 0.09ms
[4579.051s][info][gc,heap        ] GC(1341) Eden regions: 1108->0(1115)
[4579.051s][info][gc,heap        ] GC(1341) Survivor regions: 109->113(153)
[4579.051s][info][gc,heap        ] GC(1341) Old regions: 539->473
[4579.051s][info][gc,heap        ] GC(1341) Humongous regions: 80->80
[4579.051s][info][gc,metaspace   ] GC(1341) Metaspace: 28910K(29312K)->28910K(29312K) NonClass: 24042K(24256K)->24042K(24256K) Class: 4868K(5056K)->4868K(5056K)
[4579.051s][info][gc             ] GC(1341) Pause Young (Mixed) (G1 Evacuation Pause) 3670M->1331M(4096M) 140.177ms
[4579.051s][info][gc,cpu         ] GC(1341) User=0.84s Sys=0.00s Real=0.14s
..[4581.250s][info][gc,start       ] GC(1342) Pause Young (Concurrent Start) (G1 Evacuation Pause)
[4581.250s][info][gc,task        ] GC(1342) Using 6 workers of 6 for evacuation
[4581.366s][info][gc,phases      ] GC(1342)   Pre Evacuate Collection Set: 0.41ms
[4581.366s][info][gc,phases      ] GC(1342)   Merge Heap Roots: 0.50ms
[4581.366s][info][gc,phases      ] GC(1342)   Evacuate Collection Set: 114.12ms
[4581.366s][info][gc,phases      ] GC(1342)   Post Evacuate Collection Set: 0.88ms
[4581.366s][info][gc,phases      ] GC(1342)   Other: 0.11ms
[4581.366s][info][gc,heap        ] GC(1342) Eden regions: 1115->0(1121)
[4581.366s][info][gc,heap        ] GC(1342) Survivor regions: 113->107(154)
[4581.366s][info][gc,heap        ] GC(1342) Old regions: 473->505
[4581.366s][info][gc,heap        ] GC(1342) Humongous regions: 80->80
[4581.366s][info][gc,metaspace   ] GC(1342) Metaspace: 28910K(29312K)->28910K(29312K) NonClass: 24042K(24256K)->24042K(24256K) Class: 4868K(5056K)->4868K(5056K)
[4581.366s][info][gc             ] GC(1342) Pause Young (Concurrent Start) (G1 Evacuation Pause) 3561M->1382M(4096M) 116.144ms
[4581.366s][info][gc             ] GC(1343) Concurrent Mark Cycle
[4581.366s][info][gc,marking     ] GC(1343) Concurrent Scan Root Regions
[4581.366s][info][gc,cpu         ] GC(1342) User=0.70s Sys=0.00s Real=0.12s
.[4581.517s][info][gc,marking     ] GC(1343) Concurrent Scan Root Regions 151.286ms
[4581.517s][info][gc,marking     ] GC(1343) Concurrent Mark
[4581.517s][info][gc,marking     ] GC(1343) Concurrent Mark From Roots
[4581.517s][info][gc,task        ] GC(1343) Using 2 workers of 2 for marking
[4582.280s][info][gc,marking     ] GC(1343) Concurrent Mark From Roots 762.647ms
[4582.280s][info][gc,marking     ] GC(1343) Concurrent Preclean
[4582.280s][info][gc,marking     ] GC(1343) Concurrent Preclean 0.091ms
[4582.280s][info][gc,start       ] GC(1343) Pause Remark
[4582.286s][info][gc             ] GC(1343) Pause Remark 2209M->2209M(4096M) 6.201ms
[4582.286s][info][gc,cpu         ] GC(1343) User=0.03s Sys=0.00s Real=0.01s
[4582.286s][info][gc,marking     ] GC(1343) Concurrent Mark 769.483ms
[4582.287s][info][gc,marking     ] GC(1343) Concurrent Rebuild Remembered Sets and Scrub Regions
.[4582.611s][info][gc,marking     ] GC(1343) Concurrent Rebuild Remembered Sets and Scrub Regions 324.594ms
[4582.611s][info][gc,start       ] GC(1343) Pause Cleanup
[4582.611s][info][gc             ] GC(1343) Pause Cleanup 2528M->2528M(4096M) 0.116ms
[4582.611s][info][gc,cpu         ] GC(1343) User=0.00s Sys=0.00s Real=0.00s
[4582.611s][info][gc,marking     ] GC(1343) Concurrent Clear Claimed Marks
[4582.612s][info][gc,marking     ] GC(1343) Concurrent Clear Claimed Marks 0.038ms
[4582.612s][info][gc,marking     ] GC(1343) Concurrent Cleanup for Next Mark
[4582.623s][info][gc,marking     ] GC(1343) Concurrent Cleanup for Next Mark 11.850ms
[4582.623s][info][gc             ] GC(1343) Concurrent Mark Cycle 1257.783ms
[4583.538s][info][gc,start       ] GC(1344) Pause Young (Prepare Mixed) (G1 Evacuation Pause)
[4583.538s][info][gc,task        ] GC(1344) Using 6 workers of 6 for evacuation
[4583.655s][info][gc,phases      ] GC(1344)   Pre Evacuate Collection Set: 0.33ms
[4583.655s][info][gc,phases      ] GC(1344)   Merge Heap Roots: 0.50ms
[4583.655s][info][gc,phases      ] GC(1344)   Evacuate Collection Set: 115.21ms
[4583.655s][info][gc,phases      ] GC(1344)   Post Evacuate Collection Set: 0.90ms
[4583.655s][info][gc,phases      ] GC(1344)   Other: 0.09ms
[4583.655s][info][gc,heap        ] GC(1344) Eden regions: 1121->0(1110)
[4583.655s][info][gc,heap        ] GC(1344) Survivor regions: 107->110(154)
[4583.655s][info][gc,heap        ] GC(1344) Old regions: 505->535
[4583.655s][info][gc,heap        ] GC(1344) Humongous regions: 80->80
[4583.655s][info][gc,metaspace   ] GC(1344) Metaspace: 28910K(29312K)->28910K(29312K) NonClass: 24042K(24256K)->24042K(24256K) Class: 4868K(5056K)->4868K(5056K)
[4583.655s][info][gc             ] GC(1344) Pause Young (Prepare Mixed) (G1 Evacuation Pause) 3624M->1449M(4096M) 117.164ms
[4583.655s][info][gc,cpu         ] GC(1344) User=0.69s Sys=0.00s Real=0.12s
...[4585.738s][info][gc,start       ] GC(1345) Pause Young (Mixed) (G1 Evacuation Pause)
[4585.738s][info][gc,task        ] GC(1345) Using 6 workers of 6 for evacuation
[4585.875s][info][gc,phases      ] GC(1345)   Pre Evacuate Collection Set: 0.36ms
[4585.875s][info][gc,phases      ] GC(1345)   Merge Heap Roots: 0.69ms
[4585.875s][info][gc,phases      ] GC(1345)   Evacuate Collection Set: 134.85ms
[4585.875s][info][gc,phases      ] GC(1345)   Post Evacuate Collection Set: 0.94ms
[4585.875s][info][gc,phases      ] GC(1345)   Other: 0.09ms
[4585.875s][info][gc,heap        ] GC(1345) Eden regions: 1110->0(1119)
[4585.875s][info][gc,heap        ] GC(1345) Survivor regions: 110->109(153)
[4585.875s][info][gc,heap        ] GC(1345) Old regions: 535->473
[4585.875s][info][gc,heap        ] GC(1345) Humongous regions: 80->80
[4585.875s][info][gc,metaspace   ] GC(1345) Metaspace: 28910K(29312K)->28910K(29312K) NonClass: 24042K(24256K)->24042K(24256K) Class: 4868K(5056K)->4868K(5056K)
[4585.875s][info][gc             ] GC(1345) Pause Young (Mixed) (G1 Evacuation Pause) 3669M->1323M(4096M) 137.058ms
[4585.875s][info][gc,cpu         ] GC(1345) User=0.82s Sys=0.00s Real=0.14s
..[4588.004s][info][gc,start       ] GC(1346) Pause Young (Concurrent Start) (G1 Evacuation Pause)
[4588.004s][info][gc,task        ] GC(1346) Using 6 workers of 6 for evacuation
[4588.124s][info][gc,phases      ] GC(1346)   Pre Evacuate Collection Set: 0.39ms
[4588.124s][info][gc,phases      ] GC(1346)   Merge Heap Roots: 0.46ms
[4588.124s][info][gc,phases      ] GC(1346)   Evacuate Collection Set: 118.59ms
[4588.124s][info][gc,phases      ] GC(1346)   Post Evacuate Collection Set: 0.87ms
[4588.124s][info][gc,phases      ] GC(1346)   Other: 0.12ms
[4588.124s][info][gc,heap        ] GC(1346) Eden regions: 1119->0(1115)
[4588.124s][info][gc,heap        ] GC(1346) Survivor regions: 109->113(154)
[4588.124s][info][gc,heap        ] GC(1346) Old regions: 473->505
[4588.124s][info][gc,heap        ] GC(1346) Humongous regions: 80->80
[4588.124s][info][gc,metaspace   ] GC(1346) Metaspace: 28910K(29312K)->28910K(29312K) NonClass: 24042K(24256K)->24042K(24256K) Class: 4868K(5056K)->4868K(5056K)
[4588.124s][info][gc             ] GC(1346) Pause Young (Concurrent Start) (G1 Evacuation Pause) 3561M->1393M(4096M) 120.552ms
[4588.124s][info][gc             ] GC(1347) Concurrent Mark Cycle
[4588.124s][info][gc,marking     ] GC(1347) Concurrent Scan Root Regions
[4588.124s][info][gc,cpu         ] GC(1346) User=0.72s Sys=0.00s Real=0.12s
[4588.326s][info][gc,marking     ] GC(1347) Concurrent Scan Root Regions 202.070ms
[4588.326s][info][gc,marking     ] GC(1347) Concurrent Mark
[4588.326s][info][gc,marking     ] GC(1347) Concurrent Mark From Roots
[4588.326s][info][gc,task        ] GC(1347) Using 2 workers of 2 for marking
.[4589.079s][info][gc,marking     ] GC(1347) Concurrent Mark From Roots 752.744ms
[4589.079s][info][gc,marking     ] GC(1347) Concurrent Preclean
[4589.079s][info][gc,marking     ] GC(1347) Concurrent Preclean 0.074ms
[4589.081s][info][gc,start       ] GC(1347) Pause Remark
[4589.086s][info][gc             ] GC(1347) Pause Remark 2311M->2311M(4096M) 4.886ms
[4589.086s][info][gc,cpu         ] GC(1347) User=0.03s Sys=0.00s Real=0.01s
[4589.087s][info][gc,marking     ] GC(1347) Concurrent Mark 760.293ms
[4589.087s][info][gc,marking     ] GC(1347) Concurrent Rebuild Remembered Sets and Scrub Regions
[4589.397s][info][gc,marking     ] GC(1347) Concurrent Rebuild Remembered Sets and Scrub Regions 310.523ms
[4589.400s][info][gc,start       ] GC(1347) Pause Cleanup
[4589.400s][info][gc             ] GC(1347) Pause Cleanup 2645M->2645M(4096M) 0.130ms
[4589.400s][info][gc,cpu         ] GC(1347) User=0.00s Sys=0.00s Real=0.00s
[4589.400s][info][gc,marking     ] GC(1347) Concurrent Clear Claimed Marks
[4589.400s][info][gc,marking     ] GC(1347) Concurrent Clear Claimed Marks 0.021ms
[4589.400s][info][gc,marking     ] GC(1347) Concurrent Cleanup for Next Mark
[4589.409s][info][gc,marking     ] GC(1347) Concurrent Cleanup for Next Mark 9.035ms
[4589.409s][info][gc             ] GC(1347) Concurrent Mark Cycle 1284.534ms
.[4590.354s][info][gc,start       ] GC(1348) Pause Young (Prepare Mixed) (G1 Evacuation Pause)
[4590.354s][info][gc,task        ] GC(1348) Using 6 workers of 6 for evacuation
[4590.473s][info][gc,phases      ] GC(1348)   Pre Evacuate Collection Set: 0.32ms
[4590.473s][info][gc,phases      ] GC(1348)   Merge Heap Roots: 0.51ms
[4590.473s][info][gc,phases      ] GC(1348)   Evacuate Collection Set: 116.91ms
[4590.473s][info][gc,phases      ] GC(1348)   Post Evacuate Collection Set: 0.91ms
[4590.473s][info][gc,phases      ] GC(1348)   Other: 0.09ms
[4590.473s][info][gc,heap        ] GC(1348) Eden regions: 1115->0(1108)
[4590.473s][info][gc,heap        ] GC(1348) Survivor regions: 113->111(154)
[4590.473s][info][gc,heap        ] GC(1348) Old regions: 505->535
[4590.473s][info][gc,heap        ] GC(1348) Humongous regions: 80->80
[4590.473s][info][gc,metaspace   ] GC(1348) Metaspace: 28910K(29312K)->28910K(29312K) NonClass: 24042K(24256K)->24042K(24256K) Class: 4868K(5056K)->4868K(5056K)
[4590.473s][info][gc             ] GC(1348) Pause Young (Prepare Mixed) (G1 Evacuation Pause) 3623M->1451M(4096M) 118.874ms
[4590.473s][info][gc,cpu         ] GC(1348) User=0.71s Sys=0.00s Real=0.12s
..[4592.473s][info][gc,start       ] GC(1349) Pause Young (Mixed) (G1 Evacuation Pause)
[4592.474s][info][gc,task        ] GC(1349) Using 6 workers of 6 for evacuation
[4592.607s][info][gc,phases      ] GC(1349)   Pre Evacuate Collection Set: 0.35ms
[4592.607s][info][gc,phases      ] GC(1349)   Merge Heap Roots: 0.68ms
[4592.607s][info][gc,phases      ] GC(1349)   Evacuate Collection Set: 131.69ms
[4592.607s][info][gc,phases      ] GC(1349)   Post Evacuate Collection Set: 0.91ms
[4592.607s][info][gc,phases      ] GC(1349)   Other: 0.09ms
[4592.607s][info][gc,heap        ] GC(1349) Eden regions: 1108->0(1119)
[4592.607s][info][gc,heap        ] GC(1349) Survivor regions: 111->109(153)
[4592.607s][info][gc,heap        ] GC(1349) Old regions: 535->474
[4592.607s][info][gc,heap        ] GC(1349) Humongous regions: 80->80
[4592.607s][info][gc,metaspace   ] GC(1349) Metaspace: 28910K(29312K)->28910K(29312K) NonClass: 24042K(24256K)->24042K(24256K) Class: 4868K(5056K)->4868K(5056K)
[4592.607s][info][gc             ] GC(1349) Pause Young (Mixed) (G1 Evacuation Pause) 3667M->1324M(4096M) 133.843ms
[4592.607s][info][gc,cpu         ] GC(1349) User=0.80s Sys=0.00s Real=0.13s
..[4594.737s][info][gc,start       ] GC(1350) Pause Young (Concurrent Start) (G1 Evacuation Pause)
[4594.737s][info][gc,task        ] GC(1350) Using 6 workers of 6 for evacuation
[4594.851s][info][gc,phases      ] GC(1350)   Pre Evacuate Collection Set: 0.38ms
[4594.851s][info][gc,phases      ] GC(1350)   Merge Heap Roots: 0.45ms
[4594.851s][info][gc,phases      ] GC(1350)   Evacuate Collection Set: 112.98ms
[4594.851s][info][gc,phases      ] GC(1350)   Post Evacuate Collection Set: 0.85ms
[4594.851s][info][gc,phases      ] GC(1350)   Other: 0.13ms
[4594.851s][info][gc,heap        ] GC(1350) Eden regions: 1119->0(1119)
[4594.851s][info][gc,heap        ] GC(1350) Survivor regions: 109->109(154)
[4594.851s][info][gc,heap        ] GC(1350) Old regions: 474->506
[4594.851s][info][gc,heap        ] GC(1350) Humongous regions: 80->80
[4594.851s][info][gc,metaspace   ] GC(1350) Metaspace: 28910K(29312K)->28910K(29312K) NonClass: 24042K(24256K)->24042K(24256K) Class: 4868K(5056K)->4868K(5056K)
[4594.852s][info][gc             ] GC(1350) Pause Young (Concurrent Start) (G1 Evacuation Pause) 3562M->1388M(4096M) 114.908ms
[4594.852s][info][gc             ] GC(1351) Concurrent Mark Cycle
[4594.852s][info][gc,marking     ] GC(1351) Concurrent Scan Root Regions
[4594.852s][info][gc,cpu         ] GC(1350) User=0.68s Sys=0.00s Real=0.12s
.[4595.037s][info][gc,marking     ] GC(1351) Concurrent Scan Root Regions 185.581ms
[4595.037s][info][gc,marking     ] GC(1351) Concurrent Mark
[4595.037s][info][gc,marking     ] GC(1351) Concurrent Mark From Roots
[4595.037s][info][gc,task        ] GC(1351) Using 2 workers of 2 for marking
.[4595.995s][info][gc,marking     ] GC(1351) Concurrent Mark From Roots 958.097ms
[4595.995s][info][gc,marking     ] GC(1351) Concurrent Preclean
[4595.995s][info][gc,marking     ] GC(1351) Concurrent Preclean 0.093ms
[4595.997s][info][gc,start       ] GC(1351) Pause Remark
[4596.001s][info][gc             ] GC(1351) Pause Remark 2520M->2520M(4096M) 4.738ms
[4596.001s][info][gc,cpu         ] GC(1351) User=0.03s Sys=0.00s Real=0.01s
[4596.002s][info][gc,marking     ] GC(1351) Concurrent Mark 964.364ms
[4596.002s][info][gc,marking     ] GC(1351) Concurrent Rebuild Remembered Sets and Scrub Regions
[4596.362s][info][gc,marking     ] GC(1351) Concurrent Rebuild Remembered Sets and Scrub Regions 360.085ms
[4596.362s][info][gc,start       ] GC(1351) Pause Cleanup
[4596.362s][info][gc             ] GC(1351) Pause Cleanup 2896M->2896M(4096M) 0.116ms
[4596.362s][info][gc,cpu         ] GC(1351) User=0.00s Sys=0.00s Real=0.00s
[4596.362s][info][gc,marking     ] GC(1351) Concurrent Clear Claimed Marks
[4596.362s][info][gc,marking     ] GC(1351) Concurrent Clear Claimed Marks 0.024ms
[4596.362s][info][gc,marking     ] GC(1351) Concurrent Cleanup for Next Mark
[4596.367s][info][gc,marking     ] GC(1351) Concurrent Cleanup for Next Mark 4.957ms
[4596.367s][info][gc             ] GC(1351) Concurrent Mark Cycle 1515.543ms
.[4597.016s][info][gc,start       ] GC(1352) Pause Young (Prepare Mixed) (G1 Evacuation Pause)
[4597.016s][info][gc,task        ] GC(1352) Using 6 workers of 6 for evacuation
[4597.133s][info][gc,phases      ] GC(1352)   Pre Evacuate Collection Set: 0.32ms
[4597.133s][info][gc,phases      ] GC(1352)   Merge Heap Roots: 0.49ms
[4597.133s][info][gc,phases      ] GC(1352)   Evacuate Collection Set: 115.19ms
[4597.134s][info][gc,phases      ] GC(1352)   Post Evacuate Collection Set: 0.89ms
[4597.134s][info][gc,phases      ] GC(1352)   Other: 0.08ms
[4597.134s][info][gc,heap        ] GC(1352) Eden regions: 1119->0(1106)
[4597.134s][info][gc,heap        ] GC(1352) Survivor regions: 109->111(154)
[4597.134s][info][gc,heap        ] GC(1352) Old regions: 506->537
[4597.134s][info][gc,heap        ] GC(1352) Humongous regions: 80->80
[4597.134s][info][gc,metaspace   ] GC(1352) Metaspace: 28910K(29312K)->28910K(29312K) NonClass: 24042K(24256K)->24042K(24256K) Class: 4868K(5056K)->4868K(5056K)
[4597.134s][info][gc             ] GC(1352) Pause Young (Prepare Mixed) (G1 Evacuation Pause) 3626M->1453M(4096M) 117.102ms
[4597.134s][info][gc,cpu         ] GC(1352) User=0.70s Sys=0.00s Real=0.12s
..[4599.306s][info][gc,start       ] GC(1353) Pause Young (Mixed) (G1 Evacuation Pause)
[4599.306s][info][gc,task        ] GC(1353) Using 6 workers of 6 for evacuation
[4599.437s][info][gc,phases      ] GC(1353)   Pre Evacuate Collection Set: 0.34ms
[4599.437s][info][gc,phases      ] GC(1353)   Merge Heap Roots: 0.56ms
[4599.437s][info][gc,phases      ] GC(1353)   Evacuate Collection Set: 129.00ms
[4599.437s][info][gc,phases      ] GC(1353)   Post Evacuate Collection Set: 0.94ms
[4599.437s][info][gc,phases      ] GC(1353)   Other: 0.10ms
[4599.437s][info][gc,heap        ] GC(1353) Eden regions: 1106->0(1118)
[4599.437s][info][gc,heap        ] GC(1353) Survivor regions: 111->110(153)
[4599.437s][info][gc,heap        ] GC(1353) Old regions: 537->473
[4599.437s][info][gc,heap        ] GC(1353) Humongous regions: 80->80
[4599.437s][info][gc,metaspace   ] GC(1353) Metaspace: 28910K(29312K)->28910K(29312K) NonClass: 24042K(24256K)->24042K(24256K) Class: 4868K(5056K)->4868K(5056K)
[4599.437s][info][gc             ] GC(1353) Pause Young (Mixed) (G1 Evacuation Pause) 3665M->1324M(4096M) 131.071ms
[4599.437s][info][gc,cpu         ] GC(1353) User=0.78s Sys=0.00s Real=0.13s
..[4601.533s][info][gc,start       ] GC(1354) Pause Young (Concurrent Start) (G1 Evacuation Pause)
[4601.533s][info][gc,task        ] GC(1354) Using 6 workers of 6 for evacuation
[4601.648s][info][gc,phases      ] GC(1354)   Pre Evacuate Collection Set: 0.37ms
[4601.648s][info][gc,phases      ] GC(1354)   Merge Heap Roots: 0.46ms
[4601.648s][info][gc,phases      ] GC(1354)   Evacuate Collection Set: 113.23ms
[4601.648s][info][gc,phases      ] GC(1354)   Post Evacuate Collection Set: 0.88ms
[4601.648s][info][gc,phases      ] GC(1354)   Other: 0.10ms
[4601.648s][info][gc,heap        ] GC(1354) Eden regions: 1118->0(1119)
[4601.648s][info][gc,heap        ] GC(1354) Survivor regions: 110->109(154)
[4601.648s][info][gc,heap        ] GC(1354) Old regions: 473->505
[4601.648s][info][gc,heap        ] GC(1354) Humongous regions: 80->80
[4601.648s][info][gc,metaspace   ] GC(1354) Metaspace: 28910K(29312K)->28910K(29312K) NonClass: 24042K(24256K)->24042K(24256K) Class: 4868K(5056K)->4868K(5056K)
[4601.648s][info][gc             ] GC(1354) Pause Young (Concurrent Start) (G1 Evacuation Pause) 3560M->1385M(4096M) 115.173ms
[4601.648s][info][gc             ] GC(1355) Concurrent Mark Cycle
[4601.648s][info][gc,marking     ] GC(1355) Concurrent Scan Root Regions
[4601.648s][info][gc,cpu         ] GC(1354) User=0.68s Sys=0.00s Real=0.11s
[4601.839s][info][gc,marking     ] GC(1355) Concurrent Scan Root Regions 190.813ms
[4601.839s][info][gc,marking     ] GC(1355) Concurrent Mark
[4601.839s][info][gc,marking     ] GC(1355) Concurrent Mark From Roots
[4601.839s][info][gc,task        ] GC(1355) Using 2 workers of 2 for marking
.[4602.970s][info][gc,marking     ] GC(1355) Concurrent Mark From Roots 1130.900ms
[4602.970s][info][gc,marking     ] GC(1355) Concurrent Preclean
[4602.970s][info][gc,marking     ] GC(1355) Concurrent Preclean 0.073ms
[4602.972s][info][gc,start       ] GC(1355) Pause Remark
[4602.981s][info][gc             ] GC(1355) Pause Remark 2681M->2681M(4096M) 8.611ms
[4602.981s][info][gc,cpu         ] GC(1355) User=0.05s Sys=0.00s Real=0.01s
[4602.981s][info][gc,marking     ] GC(1355) Concurrent Mark 1141.987ms
[4602.981s][info][gc,marking     ] GC(1355) Concurrent Rebuild Remembered Sets and Scrub Regions
.[4603.355s][info][gc,marking     ] GC(1355) Concurrent Rebuild Remembered Sets and Scrub Regions 374.106ms
[4603.358s][info][gc,start       ] GC(1355) Pause Cleanup
[4603.358s][info][gc             ] GC(1355) Pause Cleanup 3093M->3093M(4096M) 0.132ms
[4603.358s][info][gc,cpu         ] GC(1355) User=0.00s Sys=0.00s Real=0.00s
[4603.358s][info][gc,marking     ] GC(1355) Concurrent Clear Claimed Marks
[4603.358s][info][gc,marking     ] GC(1355) Concurrent Clear Claimed Marks 0.034ms
[4603.358s][info][gc,marking     ] GC(1355) Concurrent Cleanup for Next Mark
[4603.366s][info][gc,marking     ] GC(1355) Concurrent Cleanup for Next Mark 7.926ms
[4603.366s][info][gc             ] GC(1355) Concurrent Mark Cycle 1717.662ms
[4603.767s][info][gc,start       ] GC(1356) Pause Young (Prepare Mixed) (G1 Evacuation Pause)
[4603.767s][info][gc,task        ] GC(1356) Using 6 workers of 6 for evacuation
[4603.888s][info][gc,phases      ] GC(1356)   Pre Evacuate Collection Set: 0.33ms
[4603.888s][info][gc,phases      ] GC(1356)   Merge Heap Roots: 0.48ms
[4603.888s][info][gc,phases      ] GC(1356)   Evacuate Collection Set: 118.69ms
[4603.888s][info][gc,phases      ] GC(1356)   Post Evacuate Collection Set: 0.91ms
[4603.888s][info][gc,phases      ] GC(1356)   Other: 0.09ms
[4603.888s][info][gc,heap        ] GC(1356) Eden regions: 1119->0(1104)
[4603.888s][info][gc,heap        ] GC(1356) Survivor regions: 109->112(154)
[4603.888s][info][gc,heap        ] GC(1356) Old regions: 505->537
[4603.888s][info][gc,heap        ] GC(1356) Humongous regions: 80->80
[4603.888s][info][gc,metaspace   ] GC(1356) Metaspace: 28910K(29312K)->28910K(29312K) NonClass: 24042K(24256K)->24042K(24256K) Class: 4868K(5056K)->4868K(5056K)
[4603.888s][info][gc             ] GC(1356) Pause Young (Prepare Mixed) (G1 Evacuation Pause) 3623M->1457M(4096M) 120.640ms
[4603.888s][info][gc,cpu         ] GC(1356) User=0.72s Sys=0.00s Real=0.12s
...[4606.062s][info][gc,start       ] GC(1357) Pause Young (Mixed) (G1 Evacuation Pause)
[4606.062s][info][gc,task        ] GC(1357) Using 6 workers of 6 for evacuation
[4606.203s][info][gc,phases      ] GC(1357)   Pre Evacuate Collection Set: 0.35ms
[4606.203s][info][gc,phases      ] GC(1357)   Merge Heap Roots: 0.71ms
[4606.203s][info][gc,phases      ] GC(1357)   Evacuate Collection Set: 138.24ms
[4606.203s][info][gc,phases      ] GC(1357)   Post Evacuate Collection Set: 0.95ms
[4606.203s][info][gc,phases      ] GC(1357)   Other: 0.09ms
[4606.203s][info][gc,heap        ] GC(1357) Eden regions: 1104->0(1115)
[4606.203s][info][gc,heap        ] GC(1357) Survivor regions: 112->113(152)
[4606.203s][info][gc,heap        ] GC(1357) Old regions: 537->474
[4606.203s][info][gc,heap        ] GC(1357) Humongous regions: 80->80
[4606.203s][info][gc,metaspace   ] GC(1357) Metaspace: 28910K(29312K)->28910K(29312K) NonClass: 24042K(24256K)->24042K(24256K) Class: 4868K(5056K)->4868K(5056K)
[4606.203s][info][gc             ] GC(1357) Pause Young (Mixed) (G1 Evacuation Pause) 3665M->1332M(4096M) 140.463ms
[4606.203s][info][gc,cpu         ] GC(1357) User=0.83s Sys=0.00s Real=0.14s
..[4608.402s][info][gc,start       ] GC(1358) Pause Young (Concurrent Start) (G1 Evacuation Pause)
[4608.402s][info][gc,task        ] GC(1358) Using 6 workers of 6 for evacuation
[4608.521s][info][gc,phases      ] GC(1358)   Pre Evacuate Collection Set: 0.34ms
[4608.521s][info][gc,phases      ] GC(1358)   Merge Heap Roots: 0.50ms
[4608.521s][info][gc,phases      ] GC(1358)   Evacuate Collection Set: 117.81ms
[4608.521s][info][gc,phases      ] GC(1358)   Post Evacuate Collection Set: 0.87ms
[4608.522s][info][gc,phases      ] GC(1358)   Other: 0.10ms
[4608.522s][info][gc,heap        ] GC(1358) Eden regions: 1115->0(1117)
[4608.522s][info][gc,heap        ] GC(1358) Survivor regions: 113->111(154)
[4608.522s][info][gc,heap        ] GC(1358) Old regions: 474->506
[4608.522s][info][gc,heap        ] GC(1358) Humongous regions: 80->80
[4608.522s][info][gc,metaspace   ] GC(1358) Metaspace: 28910K(29312K)->28910K(29312K) NonClass: 24042K(24256K)->24042K(24256K) Class: 4868K(5056K)->4868K(5056K)
[4608.522s][info][gc             ] GC(1358) Pause Young (Concurrent Start) (G1 Evacuation Pause) 3562M->1391M(4096M) 119.753ms
[4608.522s][info][gc             ] GC(1359) Concurrent Mark Cycle
[4608.522s][info][gc,marking     ] GC(1359) Concurrent Scan Root Regions
[4608.522s][info][gc,cpu         ] GC(1358) User=0.71s Sys=0.00s Real=0.12s
[4608.728s][info][gc,marking     ] GC(1359) Concurrent Scan Root Regions 206.014ms
[4608.728s][info][gc,marking     ] GC(1359) Concurrent Mark
[4608.728s][info][gc,marking     ] GC(1359) Concurrent Mark From Roots
[4608.728s][info][gc,task        ] GC(1359) Using 2 workers of 2 for marking
.[4609.756s][info][gc,marking     ] GC(1359) Concurrent Mark From Roots 1028.459ms
[4609.756s][info][gc,marking     ] GC(1359) Concurrent Preclean
[4609.756s][info][gc,marking     ] GC(1359) Concurrent Preclean 0.093ms
[4609.758s][info][gc,start       ] GC(1359) Pause Remark
[4609.765s][info][gc             ] GC(1359) Pause Remark 2561M->2561M(4096M) 6.628ms
[4609.765s][info][gc,cpu         ] GC(1359) User=0.04s Sys=0.00s Real=0.01s
[4609.765s][info][gc,marking     ] GC(1359) Concurrent Mark 1037.204ms
[4609.765s][info][gc,marking     ] GC(1359) Concurrent Rebuild Remembered Sets and Scrub Regions
[4610.034s][info][gc,marking     ] GC(1359) Concurrent Rebuild Remembered Sets and Scrub Regions 269.007ms
[4610.034s][info][gc,start       ] GC(1359) Pause Cleanup
[4610.034s][info][gc             ] GC(1359) Pause Cleanup 2811M->2811M(4096M) 0.131ms
[4610.034s][info][gc,cpu         ] GC(1359) User=0.00s Sys=0.00s Real=0.00s
[4610.034s][info][gc,marking     ] GC(1359) Concurrent Clear Claimed Marks
[4610.034s][info][gc,marking     ] GC(1359) Concurrent Clear Claimed Marks 0.031ms
[4610.034s][info][gc,marking     ] GC(1359) Concurrent Cleanup for Next Mark
[4610.042s][info][gc,marking     ] GC(1359) Concurrent Cleanup for Next Mark 7.321ms
[4610.042s][info][gc             ] GC(1359) Concurrent Mark Cycle 1520.224ms
.[4610.659s][info][gc,start       ] GC(1360) Pause Young (Prepare Mixed) (G1 Evacuation Pause)
[4610.659s][info][gc,task        ] GC(1360) Using 6 workers of 6 for evacuation
[4610.778s][info][gc,phases      ] GC(1360)   Pre Evacuate Collection Set: 0.32ms
[4610.778s][info][gc,phases      ] GC(1360)   Merge Heap Roots: 0.47ms
[4610.778s][info][gc,phases      ] GC(1360)   Evacuate Collection Set: 117.31ms
[4610.778s][info][gc,phases      ] GC(1360)   Post Evacuate Collection Set: 0.89ms
[4610.778s][info][gc,phases      ] GC(1360)   Other: 0.08ms
[4610.778s][info][gc,heap        ] GC(1360) Eden regions: 1117->0(1106)
[4610.778s][info][gc,heap        ] GC(1360) Survivor regions: 111->111(154)
[4610.778s][info][gc,heap        ] GC(1360) Old regions: 506->537
[4610.778s][info][gc,heap        ] GC(1360) Humongous regions: 80->80
[4610.778s][info][gc,metaspace   ] GC(1360) Metaspace: 28910K(29312K)->28910K(29312K) NonClass: 24042K(24256K)->24042K(24256K) Class: 4868K(5056K)->4868K(5056K)
[4610.778s][info][gc             ] GC(1360) Pause Young (Prepare Mixed) (G1 Evacuation Pause) 3625M->1455M(4096M) 119.196ms
[4610.778s][info][gc,cpu         ] GC(1360) User=0.71s Sys=0.00s Real=0.12s
..[4612.852s][info][gc,start       ] GC(1361) Pause Young (Mixed) (G1 Evacuation Pause)
[4612.853s][info][gc,task        ] GC(1361) Using 6 workers of 6 for evacuation
[4612.994s][info][gc,phases      ] GC(1361)   Pre Evacuate Collection Set: 0.33ms
[4612.994s][info][gc,phases      ] GC(1361)   Merge Heap Roots: 0.68ms
[4612.994s][info][gc,phases      ] GC(1361)   Evacuate Collection Set: 139.14ms
[4612.994s][info][gc,phases      ] GC(1361)   Post Evacuate Collection Set: 0.91ms
[4612.994s][info][gc,phases      ] GC(1361)   Other: 0.08ms
[4612.994s][info][gc,heap        ] GC(1361) Eden regions: 1106->0(1114)
[4612.994s][info][gc,heap        ] GC(1361) Survivor regions: 111->114(153)
[4612.994s][info][gc,heap        ] GC(1361) Old regions: 537->474
[4612.994s][info][gc,heap        ] GC(1361) Humongous regions: 80->80
[4612.994s][info][gc,metaspace   ] GC(1361) Metaspace: 28910K(29312K)->28910K(29312K) NonClass: 24042K(24256K)->24042K(24256K) Class: 4868K(5056K)->4868K(5056K)
[4612.994s][info][gc             ] GC(1361) Pause Young (Mixed) (G1 Evacuation Pause) 3667M->1333M(4096M) 141.275ms
[4612.994s][info][gc,cpu         ] GC(1361) User=0.84s Sys=0.00s Real=0.14s
...[4615.124s][info][gc,start       ] GC(1362) Pause Young (Concurrent Start) (G1 Evacuation Pause)
[4615.124s][info][gc,task        ] GC(1362) Using 6 workers of 6 for evacuation
[4615.245s][info][gc,phases      ] GC(1362)   Pre Evacuate Collection Set: 0.36ms
[4615.245s][info][gc,phases      ] GC(1362)   Merge Heap Roots: 0.47ms
[4615.245s][info][gc,phases      ] GC(1362)   Evacuate Collection Set: 119.73ms
[4615.245s][info][gc,phases      ] GC(1362)   Post Evacuate Collection Set: 0.85ms
[4615.245s][info][gc,phases      ] GC(1362)   Other: 0.12ms
[4615.246s][info][gc,heap        ] GC(1362) Eden regions: 1114->0(1114)
[4615.246s][info][gc,heap        ] GC(1362) Survivor regions: 114->114(154)
[4615.246s][info][gc,heap        ] GC(1362) Old regions: 474->506
[4615.246s][info][gc,heap        ] GC(1362) Humongous regions: 80->80
[4615.246s][info][gc,metaspace   ] GC(1362) Metaspace: 28910K(29312K)->28910K(29312K) NonClass: 24042K(24256K)->24042K(24256K) Class: 4868K(5056K)->4868K(5056K)
[4615.246s][info][gc             ] GC(1362) Pause Young (Concurrent Start) (G1 Evacuation Pause) 3561M->1397M(4096M) 121.677ms
[4615.246s][info][gc             ] GC(1363) Concurrent Mark Cycle
[4615.246s][info][gc,marking     ] GC(1363) Concurrent Scan Root Regions
[4615.246s][info][gc,cpu         ] GC(1362) User=0.73s Sys=0.00s Real=0.12s
[4615.434s][info][gc,marking     ] GC(1363) Concurrent Scan Root Regions 188.813ms
[4615.434s][info][gc,marking     ] GC(1363) Concurrent Mark
[4615.435s][info][gc,marking     ] GC(1363) Concurrent Mark From Roots
[4615.435s][info][gc,task        ] GC(1363) Using 2 workers of 2 for marking
.[4616.146s][info][gc,marking     ] GC(1363) Concurrent Mark From Roots 711.440ms
[4616.146s][info][gc,marking     ] GC(1363) Concurrent Preclean
[4616.146s][info][gc,marking     ] GC(1363) Concurrent Preclean 0.093ms
[4616.147s][info][gc,start       ] GC(1363) Pause Remark
[4616.152s][info][gc             ] GC(1363) Pause Remark 2269M->2269M(4096M) 5.132ms
[4616.152s][info][gc,cpu         ] GC(1363) User=0.03s Sys=0.00s Real=0.01s
[4616.154s][info][gc,marking     ] GC(1363) Concurrent Mark 719.372ms
[4616.154s][info][gc,marking     ] GC(1363) Concurrent Rebuild Remembered Sets and Scrub Regions
[4616.418s][info][gc,marking     ] GC(1363) Concurrent Rebuild Remembered Sets and Scrub Regions 264.403ms
[4616.419s][info][gc,start       ] GC(1363) Pause Cleanup
[4616.419s][info][gc             ] GC(1363) Pause Cleanup 2525M->2525M(4096M) 0.121ms
[4616.419s][info][gc,cpu         ] GC(1363) User=0.00s Sys=0.00s Real=0.00s
[4616.419s][info][gc,marking     ] GC(1363) Concurrent Clear Claimed Marks
[4616.419s][info][gc,marking     ] GC(1363) Concurrent Clear Claimed Marks 0.027ms
[4616.419s][info][gc,marking     ] GC(1363) Concurrent Cleanup for Next Mark
[4616.424s][info][gc,marking     ] GC(1363) Concurrent Cleanup for Next Mark 4.601ms
[4616.424s][info][gc             ] GC(1363) Concurrent Mark Cycle 1178.306ms
.[4617.414s][info][gc,start       ] GC(1364) Pause Young (Prepare Mixed) (G1 Evacuation Pause)
[4617.414s][info][gc,task        ] GC(1364) Using 6 workers of 6 for evacuation
[4617.532s][info][gc,phases      ] GC(1364)   Pre Evacuate Collection Set: 0.33ms
[4617.532s][info][gc,phases      ] GC(1364)   Merge Heap Roots: 0.51ms
[4617.532s][info][gc,phases      ] GC(1364)   Evacuate Collection Set: 115.60ms
[4617.532s][info][gc,phases      ] GC(1364)   Post Evacuate Collection Set: 0.91ms
[4617.532s][info][gc,phases      ] GC(1364)   Other: 0.09ms
[4617.532s][info][gc,heap        ] GC(1364) Eden regions: 1114->0(1109)
[4617.532s][info][gc,heap        ] GC(1364) Survivor regions: 114->109(154)
[4617.532s][info][gc,heap        ] GC(1364) Old regions: 506->538
[4617.532s][info][gc,heap        ] GC(1364) Humongous regions: 80->80
[4617.532s][info][gc,metaspace   ] GC(1364) Metaspace: 28910K(29312K)->28910K(29312K) NonClass: 24042K(24256K)->24042K(24256K) Class: 4868K(5056K)->4868K(5056K)
[4617.532s][info][gc             ] GC(1364) Pause Young (Prepare Mixed) (G1 Evacuation Pause) 3625M->1452M(4096M) 117.565ms
[4617.532s][info][gc,cpu         ] GC(1364) User=0.70s Sys=0.00s Real=0.12s
..[4619.701s][info][gc,start       ] GC(1365) Pause Young (Mixed) (G1 Evacuation Pause)
[4619.701s][info][gc,task        ] GC(1365) Using 6 workers of 6 for evacuation
[4619.836s][info][gc,phases      ] GC(1365)   Pre Evacuate Collection Set: 0.37ms
[4619.836s][info][gc,phases      ] GC(1365)   Merge Heap Roots: 0.71ms
[4619.836s][info][gc,phases      ] GC(1365)   Evacuate Collection Set: 132.41ms
[4619.836s][info][gc,phases      ] GC(1365)   Post Evacuate Collection Set: 0.94ms
[4619.836s][info][gc,phases      ] GC(1365)   Other: 0.09ms
[4619.836s][info][gc,heap        ] GC(1365) Eden regions: 1109->0(1119)
[4619.836s][info][gc,heap        ] GC(1365) Survivor regions: 109->109(153)
[4619.836s][info][gc,heap        ] GC(1365) Old regions: 538->475
[4619.836s][info][gc,heap        ] GC(1365) Humongous regions: 80->80
[4619.836s][info][gc,metaspace   ] GC(1365) Metaspace: 28910K(29312K)->28910K(29312K) NonClass: 24042K(24256K)->24042K(24256K) Class: 4868K(5056K)->4868K(5056K)
[4619.836s][info][gc             ] GC(1365) Pause Young (Mixed) (G1 Evacuation Pause) 3670M->1326M(4096M) 134.660ms
[4619.836s][info][gc,cpu         ] GC(1365) User=0.80s Sys=0.00s Real=0.13s
..[4621.977s][info][gc,start       ] GC(1366) Pause Young (Concurrent Start) (G1 Evacuation Pause)
[4621.977s][info][gc,task        ] GC(1366) Using 6 workers of 6 for evacuation
[4622.096s][info][gc,phases      ] GC(1366)   Pre Evacuate Collection Set: 0.36ms
[4622.096s][info][gc,phases      ] GC(1366)   Merge Heap Roots: 0.52ms
[4622.096s][info][gc,phases      ] GC(1366)   Evacuate Collection Set: 116.57ms
[4622.096s][info][gc,phases      ] GC(1366)   Post Evacuate Collection Set: 0.87ms
[4622.096s][info][gc,phases      ] GC(1366)   Other: 0.12ms
[4622.096s][info][gc,heap        ] GC(1366) Eden regions: 1119->0(1118)
[4622.096s][info][gc,heap        ] GC(1366) Survivor regions: 109->110(154)
[4622.096s][info][gc,heap        ] GC(1366) Old regions: 475->507
[4622.096s][info][gc,heap        ] GC(1366) Humongous regions: 80->80
[4622.096s][info][gc,metaspace   ] GC(1366) Metaspace: 28910K(29312K)->28910K(29312K) NonClass: 24042K(24256K)->24042K(24256K) Class: 4868K(5056K)->4868K(5056K)
[4622.096s][info][gc             ] GC(1366) Pause Young (Concurrent Start) (G1 Evacuation Pause) 3564M->1392M(4096M) 118.556ms
[4622.096s][info][gc             ] GC(1367) Concurrent Mark Cycle
[4622.096s][info][gc,marking     ] GC(1367) Concurrent Scan Root Regions
[4622.096s][info][gc,cpu         ] GC(1366) User=0.70s Sys=0.00s Real=0.12s
.[4622.331s][info][gc,marking     ] GC(1367) Concurrent Scan Root Regions 235.620ms
[4622.331s][info][gc,marking     ] GC(1367) Concurrent Mark
[4622.331s][info][gc,marking     ] GC(1367) Concurrent Mark From Roots
[4622.331s][info][gc,task        ] GC(1367) Using 2 workers of 2 for marking
.[4623.333s][info][gc,marking     ] GC(1367) Concurrent Mark From Roots 1001.551ms
[4623.333s][info][gc,marking     ] GC(1367) Concurrent Preclean
[4623.333s][info][gc,marking     ] GC(1367) Concurrent Preclean 0.105ms
[4623.338s][info][gc,start       ] GC(1367) Pause Remark
[4623.344s][info][gc             ] GC(1367) Pause Remark 2562M->2562M(4096M) 5.820ms
[4623.344s][info][gc,cpu         ] GC(1367) User=0.03s Sys=0.00s Real=0.01s
[4623.347s][info][gc,marking     ] GC(1367) Concurrent Mark 1015.201ms
[4623.347s][info][gc,marking     ] GC(1367) Concurrent Rebuild Remembered Sets and Scrub Regions
[4623.760s][info][gc,marking     ] GC(1367) Concurrent Rebuild Remembered Sets and Scrub Regions 413.664ms
[4623.763s][info][gc,start       ] GC(1367) Pause Cleanup
[4623.763s][info][gc             ] GC(1367) Pause Cleanup 3048M->3048M(4096M) 0.134ms
[4623.763s][info][gc,cpu         ] GC(1367) User=0.00s Sys=0.00s Real=0.00s
[4623.763s][info][gc,marking     ] GC(1367) Concurrent Clear Claimed Marks
[4623.763s][info][gc,marking     ] GC(1367) Concurrent Clear Claimed Marks 0.033ms
[4623.763s][info][gc,marking     ] GC(1367) Concurrent Cleanup for Next Mark
[4623.768s][info][gc,marking     ] GC(1367) Concurrent Cleanup for Next Mark 4.495ms
[4623.768s][info][gc             ] GC(1367) Concurrent Mark Cycle 1671.837ms
.[4624.315s][info][gc,start       ] GC(1368) Pause Young (Prepare Mixed) (G1 Evacuation Pause)
[4624.315s][info][gc,task        ] GC(1368) Using 6 workers of 6 for evacuation
[4624.429s][info][gc,phases      ] GC(1368)   Pre Evacuate Collection Set: 0.32ms
[4624.429s][info][gc,phases      ] GC(1368)   Merge Heap Roots: 0.50ms
[4624.429s][info][gc,phases      ] GC(1368)   Evacuate Collection Set: 112.47ms
[4624.429s][info][gc,phases      ] GC(1368)   Post Evacuate Collection Set: 0.90ms
[4624.429s][info][gc,phases      ] GC(1368)   Other: 0.09ms
[4624.429s][info][gc,heap        ] GC(1368) Eden regions: 1118->0(1111)
[4624.429s][info][gc,heap        ] GC(1368) Survivor regions: 110->108(154)
[4624.429s][info][gc,heap        ] GC(1368) Old regions: 507->538
[4624.429s][info][gc,heap        ] GC(1368) Humongous regions: 80->80
[4624.429s][info][gc,metaspace   ] GC(1368) Metaspace: 28910K(29312K)->28910K(29312K) NonClass: 24042K(24256K)->24042K(24256K) Class: 4868K(5056K)->4868K(5056K)
[4624.429s][info][gc             ] GC(1368) Pause Young (Prepare Mixed) (G1 Evacuation Pause) 3628M->1451M(4096M) 114.418ms
[4624.429s][info][gc,cpu         ] GC(1368) User=0.69s Sys=0.00s Real=0.11s
..[4626.598s][info][gc,start       ] GC(1369) Pause Young (Mixed) (G1 Evacuation Pause)
[4626.598s][info][gc,task        ] GC(1369) Using 6 workers of 6 for evacuation
[4626.729s][info][gc,phases      ] GC(1369)   Pre Evacuate Collection Set: 0.35ms
[4626.729s][info][gc,phases      ] GC(1369)   Merge Heap Roots: 0.63ms
[4626.729s][info][gc,phases      ] GC(1369)   Evacuate Collection Set: 129.67ms
[4626.729s][info][gc,phases      ] GC(1369)   Post Evacuate Collection Set: 0.92ms
[4626.729s][info][gc,phases      ] GC(1369)   Other: 0.09ms
[4626.729s][info][gc,heap        ] GC(1369) Eden regions: 1111->0(1119)
[4626.729s][info][gc,heap        ] GC(1369) Survivor regions: 108->109(153)
[4626.729s][info][gc,heap        ] GC(1369) Old regions: 538->473
[4626.729s][info][gc,heap        ] GC(1369) Humongous regions: 80->80
[4626.729s][info][gc,metaspace   ] GC(1369) Metaspace: 28910K(29312K)->28910K(29312K) NonClass: 24042K(24256K)->24042K(24256K) Class: 4868K(5056K)->4868K(5056K)
[4626.729s][info][gc             ] GC(1369) Pause Young (Mixed) (G1 Evacuation Pause) 3673M->1322M(4096M) 131.779ms
[4626.729s][info][gc,cpu         ] GC(1369) User=0.79s Sys=0.00s Real=0.13s
..[4628.835s][info][gc,start       ] GC(1370) Pause Young (Concurrent Start) (G1 Evacuation Pause)
[4628.835s][info][gc,task        ] GC(1370) Using 6 workers of 6 for evacuation
[4628.955s][info][gc,phases      ] GC(1370)   Pre Evacuate Collection Set: 0.39ms
[4628.955s][info][gc,phases      ] GC(1370)   Merge Heap Roots: 0.43ms
[4628.955s][info][gc,phases      ] GC(1370)   Evacuate Collection Set: 118.64ms
[4628.955s][info][gc,phases      ] GC(1370)   Post Evacuate Collection Set: 0.83ms
[4628.955s][info][gc,phases      ] GC(1370)   Other: 0.12ms
[4628.955s][info][gc,heap        ] GC(1370) Eden regions: 1119->0(1116)
[4628.955s][info][gc,heap        ] GC(1370) Survivor regions: 109->112(154)
[4628.955s][info][gc,heap        ] GC(1370) Old regions: 473->506
[4628.955s][info][gc,heap        ] GC(1370) Humongous regions: 80->80
[4628.955s][info][gc,metaspace   ] GC(1370) Metaspace: 28910K(29312K)->28910K(29312K) NonClass: 24042K(24256K)->24042K(24256K) Class: 4868K(5056K)->4868K(5056K)
[4628.955s][info][gc             ] GC(1370) Pause Young (Concurrent Start) (G1 Evacuation Pause) 3560M->1393M(4096M) 120.533ms
[4628.955s][info][gc             ] GC(1371) Concurrent Mark Cycle
[4628.955s][info][gc,marking     ] GC(1371) Concurrent Scan Root Regions
[4628.955s][info][gc,cpu         ] GC(1370) User=0.72s Sys=0.00s Real=0.12s
[4629.177s][info][gc,marking     ] GC(1371) Concurrent Scan Root Regions 221.772ms
[4629.177s][info][gc,marking     ] GC(1371) Concurrent Mark
[4629.177s][info][gc,marking     ] GC(1371) Concurrent Mark From Roots
[4629.177s][info][gc,task        ] GC(1371) Using 2 workers of 2 for marking
.[4630.250s][info][gc,marking     ] GC(1371) Concurrent Mark From Roots 1072.697ms
[4630.250s][info][gc,marking     ] GC(1371) Concurrent Preclean
[4630.250s][info][gc,marking     ] GC(1371) Concurrent Preclean 0.090ms
[4630.250s][info][gc,start       ] GC(1371) Pause Remark
[4630.257s][info][gc             ] GC(1371) Pause Remark 2689M->2689M(4096M) 6.714ms
[4630.257s][info][gc,cpu         ] GC(1371) User=0.03s Sys=0.00s Real=0.01s
[4630.257s][info][gc,marking     ] GC(1371) Concurrent Mark 1080.104ms
[4630.257s][info][gc,marking     ] GC(1371) Concurrent Rebuild Remembered Sets and Scrub Regions
.[4630.671s][info][gc,marking     ] GC(1371) Concurrent Rebuild Remembered Sets and Scrub Regions 413.995ms
[4630.671s][info][gc,start       ] GC(1371) Pause Cleanup
[4630.672s][info][gc             ] GC(1371) Pause Cleanup 3083M->3083M(4096M) 0.109ms
[4630.672s][info][gc,cpu         ] GC(1371) User=0.00s Sys=0.00s Real=0.00s
[4630.672s][info][gc,marking     ] GC(1371) Concurrent Clear Claimed Marks
[4630.672s][info][gc,marking     ] GC(1371) Concurrent Clear Claimed Marks 0.030ms
[4630.672s][info][gc,marking     ] GC(1371) Concurrent Cleanup for Next Mark
[4630.680s][info][gc,marking     ] GC(1371) Concurrent Cleanup for Next Mark 8.648ms
[4630.680s][info][gc             ] GC(1371) Concurrent Mark Cycle 1725.136ms
[4631.139s][info][gc,start       ] GC(1372) Pause Young (Prepare Mixed) (G1 Evacuation Pause)
[4631.139s][info][gc,task        ] GC(1372) Using 6 workers of 6 for evacuation
[4631.261s][info][gc,phases      ] GC(1372)   Pre Evacuate Collection Set: 0.33ms
[4631.261s][info][gc,phases      ] GC(1372)   Merge Heap Roots: 0.46ms
[4631.261s][info][gc,phases      ] GC(1372)   Evacuate Collection Set: 120.23ms
[4631.261s][info][gc,phases      ] GC(1372)   Post Evacuate Collection Set: 0.92ms
[4631.261s][info][gc,phases      ] GC(1372)   Other: 0.08ms
[4631.261s][info][gc,heap        ] GC(1372) Eden regions: 1116->0(1102)
[4631.261s][info][gc,heap        ] GC(1372) Survivor regions: 112->113(154)
[4631.261s][info][gc,heap        ] GC(1372) Old regions: 506->537
[4631.261s][info][gc,heap        ] GC(1372) Humongous regions: 80->80
[4631.261s][info][gc,metaspace   ] GC(1372) Metaspace: 28910K(29312K)->28910K(29312K) NonClass: 24042K(24256K)->24042K(24256K) Class: 4868K(5056K)->4868K(5056K)
[4631.261s][info][gc             ] GC(1372) Pause Young (Prepare Mixed) (G1 Evacuation Pause) 3625M->1459M(4096M) 122.151ms
[4631.262s][info][gc,cpu         ] GC(1372) User=0.72s Sys=0.00s Real=0.13s
..[4633.343s][info][gc,start       ] GC(1373) Pause Young (Mixed) (G1 Evacuation Pause)
[4633.343s][info][gc,task        ] GC(1373) Using 6 workers of 6 for evacuation
[4633.478s][info][gc,phases      ] GC(1373)   Pre Evacuate Collection Set: 0.36ms
[4633.478s][info][gc,phases      ] GC(1373)   Merge Heap Roots: 0.85ms
[4633.478s][info][gc,phases      ] GC(1373)   Evacuate Collection Set: 133.57ms
[4633.478s][info][gc,phases      ] GC(1373)   Post Evacuate Collection Set: 0.94ms
[4633.478s][info][gc,phases      ] GC(1373)   Other: 0.09ms
[4633.478s][info][gc,heap        ] GC(1373) Eden regions: 1102->0(1119)
[4633.478s][info][gc,heap        ] GC(1373) Survivor regions: 113->109(152)
[4633.478s][info][gc,heap        ] GC(1373) Old regions: 537->475
[4633.478s][info][gc,heap        ] GC(1373) Humongous regions: 80->80
[4633.479s][info][gc,metaspace   ] GC(1373) Metaspace: 28910K(29312K)->28910K(29312K) NonClass: 24042K(24256K)->24042K(24256K) Class: 4868K(5056K)->4868K(5056K)
[4633.479s][info][gc             ] GC(1373) Pause Young (Mixed) (G1 Evacuation Pause) 3663M->1326M(4096M) 135.938ms
[4633.479s][info][gc,cpu         ] GC(1373) User=0.81s Sys=0.00s Real=0.13s
...[4635.586s][info][gc,start       ] GC(1374) Pause Young (Concurrent Start) (G1 Evacuation Pause)
[4635.586s][info][gc,task        ] GC(1374) Using 6 workers of 6 for evacuation
[4635.708s][info][gc,phases      ] GC(1374)   Pre Evacuate Collection Set: 0.34ms
[4635.708s][info][gc,phases      ] GC(1374)   Merge Heap Roots: 0.47ms
[4635.708s][info][gc,phases      ] GC(1374)   Evacuate Collection Set: 119.72ms
[4635.708s][info][gc,phases      ] GC(1374)   Post Evacuate Collection Set: 0.86ms
[4635.708s][info][gc,phases      ] GC(1374)   Other: 0.11ms
[4635.708s][info][gc,heap        ] GC(1374) Eden regions: 1119->0(1115)
[4635.708s][info][gc,heap        ] GC(1374) Survivor regions: 109->113(154)
[4635.708s][info][gc,heap        ] GC(1374) Old regions: 475->507
[4635.708s][info][gc,heap        ] GC(1374) Humongous regions: 80->80
[4635.708s][info][gc,metaspace   ] GC(1374) Metaspace: 28910K(29312K)->28910K(29312K) NonClass: 24042K(24256K)->24042K(24256K) Class: 4868K(5056K)->4868K(5056K)
[4635.708s][info][gc             ] GC(1374) Pause Young (Concurrent Start) (G1 Evacuation Pause) 3564M->1397M(4096M) 121.651ms
[4635.708s][info][gc             ] GC(1375) Concurrent Mark Cycle
[4635.708s][info][gc,marking     ] GC(1375) Concurrent Scan Root Regions
[4635.708s][info][gc,cpu         ] GC(1374) User=0.73s Sys=0.00s Real=0.12s
[4635.852s][info][gc,marking     ] GC(1375) Concurrent Scan Root Regions 144.356ms
[4635.852s][info][gc,marking     ] GC(1375) Concurrent Mark
[4635.852s][info][gc,marking     ] GC(1375) Concurrent Mark From Roots
[4635.852s][info][gc,task        ] GC(1375) Using 2 workers of 2 for marking
.[4636.875s][info][gc,marking     ] GC(1375) Concurrent Mark From Roots 1022.980ms
[4636.875s][info][gc,marking     ] GC(1375) Concurrent Preclean
[4636.876s][info][gc,marking     ] GC(1375) Concurrent Preclean 0.089ms
[4636.876s][info][gc,start       ] GC(1375) Pause Remark
[4636.881s][info][gc             ] GC(1375) Pause Remark 2491M->2491M(4096M) 4.879ms
[4636.881s][info][gc,cpu         ] GC(1375) User=0.03s Sys=0.00s Real=0.01s
[4636.881s][info][gc,marking     ] GC(1375) Concurrent Mark 1028.893ms
[4636.881s][info][gc,marking     ] GC(1375) Concurrent Rebuild Remembered Sets and Scrub Regions
[4637.238s][info][gc,marking     ] GC(1375) Concurrent Rebuild Remembered Sets and Scrub Regions 356.868ms
[4637.239s][info][gc,start       ] GC(1375) Pause Cleanup
[4637.239s][info][gc             ] GC(1375) Pause Cleanup 2887M->2887M(4096M) 0.126ms
[4637.239s][info][gc,cpu         ] GC(1375) User=0.00s Sys=0.00s Real=0.00s
[4637.240s][info][gc,marking     ] GC(1375) Concurrent Clear Claimed Marks
[4637.240s][info][gc,marking     ] GC(1375) Concurrent Clear Claimed Marks 0.031ms
[4637.240s][info][gc,marking     ] GC(1375) Concurrent Cleanup for Next Mark
[4637.257s][info][gc,marking     ] GC(1375) Concurrent Cleanup for Next Mark 16.763ms
[4637.257s][info][gc             ] GC(1375) Concurrent Mark Cycle 1549.209ms
.[4637.920s][info][gc,start       ] GC(1376) Pause Young (Prepare Mixed) (G1 Evacuation Pause)
[4637.920s][info][gc,task        ] GC(1376) Using 6 workers of 6 for evacuation
[4638.041s][info][gc,phases      ] GC(1376)   Pre Evacuate Collection Set: 0.32ms
[4638.041s][info][gc,phases      ] GC(1376)   Merge Heap Roots: 0.63ms
[4638.041s][info][gc,phases      ] GC(1376)   Evacuate Collection Set: 118.55ms
[4638.041s][info][gc,phases      ] GC(1376)   Post Evacuate Collection Set: 0.89ms
[4638.041s][info][gc,phases      ] GC(1376)   Other: 0.09ms
[4638.041s][info][gc,heap        ] GC(1376) Eden regions: 1115->0(1100)
[4638.041s][info][gc,heap        ] GC(1376) Survivor regions: 113->113(154)
[4638.041s][info][gc,heap        ] GC(1376) Old regions: 507->539
[4638.041s][info][gc,heap        ] GC(1376) Humongous regions: 80->80
[4638.041s][info][gc,metaspace   ] GC(1376) Metaspace: 28910K(29312K)->28910K(29312K) NonClass: 24042K(24256K)->24042K(24256K) Class: 4868K(5056K)->4868K(5056K)
[4638.041s][info][gc             ] GC(1376) Pause Young (Prepare Mixed) (G1 Evacuation Pause) 3627M->1462M(4096M) 120.606ms
[4638.041s][info][gc,cpu         ] GC(1376) User=0.71s Sys=0.01s Real=0.12s
. (rIR:aIR:PR = 8302:8285:8285) (tPR = 123770) [OK] 
  4638s: Performance info:
         Transaction,    Success,    Partial,     Failed,   Receipts, AvgBarcode, 
             Overall,     500430,          0,          0,     475426,      59.48, 
         Response times:
             Request,    Success,    Partial,     Failed,   SkipFail,     Probes,    Samples,      min,      p50,      p90,      p95,      p99,      max, 
       TotalPurchase,     475426,          0,          0,          0,     353465,     401636,      200,     7700,   103000,   165000,   276000,   544000,
     InStorePurchase,     249418,          0,          0,          0,     185972,     210712,      200,     7700,   103000,   165000,   275000,   544000,
      OnlinePurchase,     176064,          0,          0,          0,     130084,     147858,      300,     7800,   104000,   166000,   277000,   454000,
        InstPurchase,      49944,          0,          0,          0,      37409,      43066,      400,     7600,   102000,   164000,   271330,   454000,
          AssocOfCat,        497,          0,          0,          0,        405,        551,    23000,    50000,   161000,   209200,   348920,   409000,
      AssocOfProduct,       5021,          0,          0,          0,       3487,       4116,      500,     6900,    98300,   162450,   284490,   374000,
      BusinessReport,       1249,          0,          0,          0,       1098,       1358,    30000,    56000,   182100,   245000,   344690,   408000,
          CustBuyBeh,       4994,          0,          0,          0,       3451,       4048,      300,     8400,   111000,   185550,   295000,   374000,
       ProductReturn,      13243,          0,          0,          0,       9147,      10582,      200,     6300,    91000,   150000,   264340,   439000,

  4638s: (61%)   IR =   8441 .[4640.212s][info][gc,start       ] GC(1377) Pause Young (Mixed) (G1 Evacuation Pause)
[4640.212s][info][gc,task        ] GC(1377) Using 6 workers of 6 for evacuation
[4640.340s][info][gc,phases      ] GC(1377)   Pre Evacuate Collection Set: 0.34ms
[4640.340s][info][gc,phases      ] GC(1377)   Merge Heap Roots: 0.61ms
[4640.340s][info][gc,phases      ] GC(1377)   Evacuate Collection Set: 126.83ms
[4640.340s][info][gc,phases      ] GC(1377)   Post Evacuate Collection Set: 0.96ms
[4640.340s][info][gc,phases      ] GC(1377)   Other: 0.09ms
[4640.340s][info][gc,heap        ] GC(1377) Eden regions: 1100->0(1120)
[4640.340s][info][gc,heap        ] GC(1377) Survivor regions: 113->108(152)
[4640.340s][info][gc,heap        ] GC(1377) Old regions: 539->474
[4640.340s][info][gc,heap        ] GC(1377) Humongous regions: 80->80
[4640.340s][info][gc,metaspace   ] GC(1377) Metaspace: 28915K(29312K)->28915K(29312K) NonClass: 24047K(24256K)->24047K(24256K) Class: 4868K(5056K)->4868K(5056K)
[4640.340s][info][gc             ] GC(1377) Pause Young (Mixed) (G1 Evacuation Pause) 3662M->1321M(4096M) 128.965ms
[4640.341s][info][gc,cpu         ] GC(1377) User=0.77s Sys=0.00s Real=0.12s
..[4642.454s][info][gc,start       ] GC(1378) Pause Young (Concurrent Start) (G1 Evacuation Pause)
[4642.454s][info][gc,task        ] GC(1378) Using 6 workers of 6 for evacuation
[4642.570s][info][gc,phases      ] GC(1378)   Pre Evacuate Collection Set: 0.37ms
[4642.570s][info][gc,phases      ] GC(1378)   Merge Heap Roots: 0.46ms
[4642.570s][info][gc,phases      ] GC(1378)   Evacuate Collection Set: 113.89ms
[4642.570s][info][gc,phases      ] GC(1378)   Post Evacuate Collection Set: 0.85ms
[4642.570s][info][gc,phases      ] GC(1378)   Other: 0.12ms
[4642.570s][info][gc,heap        ] GC(1378) Eden regions: 1120->0(1119)
[4642.570s][info][gc,heap        ] GC(1378) Survivor regions: 108->109(154)
[4642.570s][info][gc,heap        ] GC(1378) Old regions: 474->505
[4642.570s][info][gc,heap        ] GC(1378) Humongous regions: 80->80
[4642.570s][info][gc,metaspace   ] GC(1378) Metaspace: 28915K(29312K)->28915K(29312K) NonClass: 24047K(24256K)->24047K(24256K) Class: 4868K(5056K)->4868K(5056K)
[4642.570s][info][gc             ] GC(1378) Pause Young (Concurrent Start) (G1 Evacuation Pause) 3561M->1387M(4096M) 115.826ms
[4642.570s][info][gc             ] GC(1379) Concurrent Mark Cycle
[4642.570s][info][gc,marking     ] GC(1379) Concurrent Scan Root Regions
[4642.570s][info][gc,cpu         ] GC(1378) User=0.69s Sys=0.00s Real=0.11s
[4642.750s][info][gc,marking     ] GC(1379) Concurrent Scan Root Regions 179.757ms
[4642.750s][info][gc,marking     ] GC(1379) Concurrent Mark
[4642.750s][info][gc,marking     ] GC(1379) Concurrent Mark From Roots
[4642.750s][info][gc,task        ] GC(1379) Using 2 workers of 2 for marking
.[4643.792s][info][gc,marking     ] GC(1379) Concurrent Mark From Roots 1042.335ms
[4643.792s][info][gc,marking     ] GC(1379) Concurrent Preclean
[4643.792s][info][gc,marking     ] GC(1379) Concurrent Preclean 0.124ms
[4643.795s][info][gc,start       ] GC(1379) Pause Remark
[4643.803s][info][gc             ] GC(1379) Pause Remark 2523M->2523M(4096M) 8.015ms
[4643.803s][info][gc,cpu         ] GC(1379) User=0.04s Sys=0.00s Real=0.01s
[4643.803s][info][gc,marking     ] GC(1379) Concurrent Mark 1053.151ms
[4643.803s][info][gc,marking     ] GC(1379) Concurrent Rebuild Remembered Sets and Scrub Regions
[4644.069s][info][gc,marking     ] GC(1379) Concurrent Rebuild Remembered Sets and Scrub Regions 266.036ms
[4644.069s][info][gc,start       ] GC(1379) Pause Cleanup
[4644.069s][info][gc             ] GC(1379) Pause Cleanup 2781M->2781M(4096M) 0.113ms
[4644.070s][info][gc,cpu         ] GC(1379) User=0.00s Sys=0.00s Real=0.00s
[4644.070s][info][gc,marking     ] GC(1379) Concurrent Clear Claimed Marks
[4644.070s][info][gc,marking     ] GC(1379) Concurrent Clear Claimed Marks 0.028ms
[4644.070s][info][gc,marking     ] GC(1379) Concurrent Cleanup for Next Mark
[4644.075s][info][gc,marking     ] GC(1379) Concurrent Cleanup for Next Mark 5.001ms
[4644.075s][info][gc             ] GC(1379) Concurrent Mark Cycle 1504.514ms
.[4644.703s][info][gc,start       ] GC(1380) Pause Young (Prepare Mixed) (G1 Evacuation Pause)
[4644.703s][info][gc,task        ] GC(1380) Using 6 workers of 6 for evacuation
[4644.820s][info][gc,phases      ] GC(1380)   Pre Evacuate Collection Set: 0.32ms
[4644.820s][info][gc,phases      ] GC(1380)   Merge Heap Roots: 0.51ms
[4644.820s][info][gc,phases      ] GC(1380)   Evacuate Collection Set: 115.43ms
[4644.820s][info][gc,phases      ] GC(1380)   Post Evacuate Collection Set: 0.89ms
[4644.820s][info][gc,phases      ] GC(1380)   Other: 0.09ms
[4644.820s][info][gc,heap        ] GC(1380) Eden regions: 1119->0(1107)
[4644.820s][info][gc,heap        ] GC(1380) Survivor regions: 109->110(154)
[4644.820s][info][gc,heap        ] GC(1380) Old regions: 505->538
[4644.820s][info][gc,heap        ] GC(1380) Humongous regions: 80->80
[4644.820s][info][gc,metaspace   ] GC(1380) Metaspace: 28915K(29312K)->28915K(29312K) NonClass: 24047K(24256K)->24047K(24256K) Class: 4868K(5056K)->4868K(5056K)
[4644.820s][info][gc             ] GC(1380) Pause Young (Prepare Mixed) (G1 Evacuation Pause) 3625M->1454M(4096M) 117.381ms
[4644.820s][info][gc,cpu         ] GC(1380) User=0.70s Sys=0.00s Real=0.11s
..[4646.865s][info][gc,start       ] GC(1381) Pause Young (Mixed) (G1 Evacuation Pause)
[4646.865s][info][gc,task        ] GC(1381) Using 6 workers of 6 for evacuation
[4647.002s][info][gc,phases      ] GC(1381)   Pre Evacuate Collection Set: 0.38ms
[4647.002s][info][gc,phases      ] GC(1381)   Merge Heap Roots: 0.77ms
[4647.002s][info][gc,phases      ] GC(1381)   Evacuate Collection Set: 134.32ms
[4647.002s][info][gc,phases      ] GC(1381)   Post Evacuate Collection Set: 0.92ms
[4647.002s][info][gc,phases      ] GC(1381)   Other: 0.82ms
[4647.002s][info][gc,heap        ] GC(1381) Eden regions: 1107->0(1117)
[4647.002s][info][gc,heap        ] GC(1381) Survivor regions: 110->111(153)
[4647.002s][info][gc,heap        ] GC(1381) Old regions: 538->474
[4647.002s][info][gc,heap        ] GC(1381) Humongous regions: 80->80
[4647.002s][info][gc,metaspace   ] GC(1381) Metaspace: 28915K(29312K)->28915K(29312K) NonClass: 24047K(24256K)->24047K(24256K) Class: 4868K(5056K)->4868K(5056K)
[4647.002s][info][gc             ] GC(1381) Pause Young (Mixed) (G1 Evacuation Pause) 3668M->1329M(4096M) 137.341ms
[4647.002s][info][gc,cpu         ] GC(1381) User=0.81s Sys=0.00s Real=0.14s
..|.[4649.151s][info][gc,start       ] GC(1382) Pause Young (Concurrent Start) (G1 Evacuation Pause)
[4649.151s][info][gc,task        ] GC(1382) Using 6 workers of 6 for evacuation
[4649.269s][info][gc,phases      ] GC(1382)   Pre Evacuate Collection Set: 0.36ms
[4649.269s][info][gc,phases      ] GC(1382)   Merge Heap Roots: 0.51ms
[4649.269s][info][gc,phases      ] GC(1382)   Evacuate Collection Set: 116.19ms
[4649.269s][info][gc,phases      ] GC(1382)   Post Evacuate Collection Set: 0.90ms
[4649.269s][info][gc,phases      ] GC(1382)   Other: 0.11ms
[4649.269s][info][gc,heap        ] GC(1382) Eden regions: 1117->0(1117)
[4649.269s][info][gc,heap        ] GC(1382) Survivor regions: 111->111(154)
[4649.269s][info][gc,heap        ] GC(1382) Old regions: 474->506
[4649.269s][info][gc,heap        ] GC(1382) Humongous regions: 80->80
[4649.270s][info][gc,metaspace   ] GC(1382) Metaspace: 28915K(29312K)->28915K(29312K) NonClass: 24047K(24256K)->24047K(24256K) Class: 4868K(5056K)->4868K(5056K)
[4649.270s][info][gc             ] GC(1382) Pause Young (Concurrent Start) (G1 Evacuation Pause) 3563M->1392M(4096M) 118.203ms
[4649.270s][info][gc             ] GC(1383) Concurrent Mark Cycle
[4649.270s][info][gc,marking     ] GC(1383) Concurrent Scan Root Regions
[4649.270s][info][gc,cpu         ] GC(1382) User=0.70s Sys=0.00s Real=0.11s
[4649.471s][info][gc,marking     ] GC(1383) Concurrent Scan Root Regions 201.105ms
[4649.471s][info][gc,marking     ] GC(1383) Concurrent Mark
[4649.471s][info][gc,marking     ] GC(1383) Concurrent Mark From Roots
[4649.471s][info][gc,task        ] GC(1383) Using 2 workers of 2 for marking
.[4650.528s][info][gc,marking     ] GC(1383) Concurrent Mark From Roots 1057.351ms
[4650.528s][info][gc,marking     ] GC(1383) Concurrent Preclean
[4650.528s][info][gc,marking     ] GC(1383) Concurrent Preclean 0.092ms
[4650.528s][info][gc,start       ] GC(1383) Pause Remark
[4650.534s][info][gc             ] GC(1383) Pause Remark 2672M->2672M(4096M) 5.087ms
[4650.534s][info][gc,cpu         ] GC(1383) User=0.03s Sys=0.00s Real=0.01s
[4650.534s][info][gc,marking     ] GC(1383) Concurrent Mark 1063.043ms
[4650.534s][info][gc,marking     ] GC(1383) Concurrent Rebuild Remembered Sets and Scrub Regions
[4650.849s][info][gc,marking     ] GC(1383) Concurrent Rebuild Remembered Sets and Scrub Regions 315.160ms
[4650.849s][info][gc,start       ] GC(1383) Pause Cleanup
[4650.850s][info][gc             ] GC(1383) Pause Cleanup 3000M->3000M(4096M) 0.122ms
[4650.850s][info][gc,cpu         ] GC(1383) User=0.00s Sys=0.00s Real=0.00s
[4650.850s][info][gc,marking     ] GC(1383) Concurrent Clear Claimed Marks
[4650.850s][info][gc,marking     ] GC(1383) Concurrent Clear Claimed Marks 0.023ms
[4650.850s][info][gc,marking     ] GC(1383) Concurrent Cleanup for Next Mark
[4650.855s][info][gc,marking     ] GC(1383) Concurrent Cleanup for Next Mark 5.102ms
[4650.855s][info][gc             ] GC(1383) Concurrent Mark Cycle 1585.313ms
.[4651.397s][info][gc,start       ] GC(1384) Pause Young (Prepare Mixed) (G1 Evacuation Pause)
[4651.397s][info][gc,task        ] GC(1384) Using 6 workers of 6 for evacuation
[4651.512s][info][gc,phases      ] GC(1384)   Pre Evacuate Collection Set: 0.35ms
[4651.512s][info][gc,phases      ] GC(1384)   Merge Heap Roots: 0.50ms
[4651.512s][info][gc,phases      ] GC(1384)   Evacuate Collection Set: 113.57ms
[4651.512s][info][gc,phases      ] GC(1384)   Post Evacuate Collection Set: 0.88ms
[4651.512s][info][gc,phases      ] GC(1384)   Other: 0.08ms
[4651.512s][info][gc,heap        ] GC(1384) Eden regions: 1117->0(1112)
[4651.512s][info][gc,heap        ] GC(1384) Survivor regions: 111->108(154)
[4651.512s][info][gc,heap        ] GC(1384) Old regions: 506->537
[4651.512s][info][gc,heap        ] GC(1384) Humongous regions: 80->80
[4651.512s][info][gc,metaspace   ] GC(1384) Metaspace: 28915K(29312K)->28915K(29312K) NonClass: 24047K(24256K)->24047K(24256K) Class: 4868K(5056K)->4868K(5056K)
[4651.512s][info][gc             ] GC(1384) Pause Young (Prepare Mixed) (G1 Evacuation Pause) 3626M->1448M(4096M) 115.500ms
[4651.512s][info][gc,cpu         ] GC(1384) User=0.69s Sys=0.00s Real=0.12s
..[4653.561s][info][gc,start       ] GC(1385) Pause Young (Mixed) (G1 Evacuation Pause)
[4653.561s][info][gc,task        ] GC(1385) Using 6 workers of 6 for evacuation
[4653.696s][info][gc,phases      ] GC(1385)   Pre Evacuate Collection Set: 0.37ms
[4653.696s][info][gc,phases      ] GC(1385)   Merge Heap Roots: 0.61ms
[4653.696s][info][gc,phases      ] GC(1385)   Evacuate Collection Set: 132.97ms
[4653.696s][info][gc,phases      ] GC(1385)   Post Evacuate Collection Set: 0.93ms
[4653.696s][info][gc,phases      ] GC(1385)   Other: 0.09ms
[4653.696s][info][gc,heap        ] GC(1385) Eden regions: 1112->0(1116)
[4653.696s][info][gc,heap        ] GC(1385) Survivor regions: 108->112(153)
[4653.696s][info][gc,heap        ] GC(1385) Old regions: 537->474
[4653.696s][info][gc,heap        ] GC(1385) Humongous regions: 80->80
[4653.696s][info][gc,metaspace   ] GC(1385) Metaspace: 28915K(29312K)->28915K(29312K) NonClass: 24047K(24256K)->24047K(24256K) Class: 4868K(5056K)->4868K(5056K)
[4653.696s][info][gc             ] GC(1385) Pause Young (Mixed) (G1 Evacuation Pause) 3672M->1331M(4096M) 135.107ms
[4653.696s][info][gc,cpu         ] GC(1385) User=0.80s Sys=0.00s Real=0.14s
..[4655.840s][info][gc,start       ] GC(1386) Pause Young (Concurrent Start) (G1 Evacuation Pause)
[4655.840s][info][gc,task        ] GC(1386) Using 6 workers of 6 for evacuation
[4655.957s][info][gc,phases      ] GC(1386)   Pre Evacuate Collection Set: 0.33ms
[4655.957s][info][gc,phases      ] GC(1386)   Merge Heap Roots: 0.45ms
[4655.957s][info][gc,phases      ] GC(1386)   Evacuate Collection Set: 115.36ms
[4655.957s][info][gc,phases      ] GC(1386)   Post Evacuate Collection Set: 0.86ms
[4655.957s][info][gc,phases      ] GC(1386)   Other: 0.10ms
[4655.957s][info][gc,heap        ] GC(1386) Eden regions: 1116->0(1119)
[4655.957s][info][gc,heap        ] GC(1386) Survivor regions: 112->109(154)
[4655.957s][info][gc,heap        ] GC(1386) Old regions: 474->506
[4655.957s][info][gc,heap        ] GC(1386) Humongous regions: 80->80
[4655.957s][info][gc,metaspace   ] GC(1386) Metaspace: 28915K(29312K)->28915K(29312K) NonClass: 24047K(24256K)->24047K(24256K) Class: 4868K(5056K)->4868K(5056K)
[4655.957s][info][gc             ] GC(1386) Pause Young (Concurrent Start) (G1 Evacuation Pause) 3563M->1389M(4096M) 117.232ms
[4655.957s][info][gc             ] GC(1387) Concurrent Mark Cycle
[4655.957s][info][gc,marking     ] GC(1387) Concurrent Scan Root Regions
[4655.957s][info][gc,cpu         ] GC(1386) User=0.69s Sys=0.00s Real=0.12s
[4656.141s][info][gc,marking     ] GC(1387) Concurrent Scan Root Regions 184.392ms
[4656.141s][info][gc,marking     ] GC(1387) Concurrent Mark
[4656.141s][info][gc,marking     ] GC(1387) Concurrent Mark From Roots
[4656.141s][info][gc,task        ] GC(1387) Using 2 workers of 2 for marking
.[4657.081s][info][gc,marking     ] GC(1387) Concurrent Mark From Roots 940.202ms
[4657.082s][info][gc,marking     ] GC(1387) Concurrent Preclean
[4657.082s][info][gc,marking     ] GC(1387) Concurrent Preclean 0.097ms
[4657.082s][info][gc,start       ] GC(1387) Pause Remark
[4657.090s][info][gc             ] GC(1387) Pause Remark 2477M->2477M(4096M) 8.201ms
[4657.090s][info][gc,cpu         ] GC(1387) User=0.05s Sys=0.00s Real=0.00s
[4657.091s][info][gc,marking     ] GC(1387) Concurrent Mark 949.273ms
[4657.091s][info][gc,marking     ] GC(1387) Concurrent Rebuild Remembered Sets and Scrub Regions
.[4657.449s][info][gc,marking     ] GC(1387) Concurrent Rebuild Remembered Sets and Scrub Regions 357.953ms
[4657.450s][info][gc,start       ] GC(1387) Pause Cleanup
[4657.450s][info][gc             ] GC(1387) Pause Cleanup 2837M->2837M(4096M) 0.127ms
[4657.450s][info][gc,cpu         ] GC(1387) User=0.00s Sys=0.00s Real=0.00s
[4657.451s][info][gc,marking     ] GC(1387) Concurrent Clear Claimed Marks
[4657.451s][info][gc,marking     ] GC(1387) Concurrent Clear Claimed Marks 0.038ms
[4657.451s][info][gc,marking     ] GC(1387) Concurrent Cleanup for Next Mark
[4657.456s][info][gc,marking     ] GC(1387) Concurrent Cleanup for Next Mark 5.164ms
[4657.456s][info][gc             ] GC(1387) Concurrent Mark Cycle 1499.016ms
[4658.078s][info][gc,start       ] GC(1388) Pause Young (Prepare Mixed) (G1 Evacuation Pause)
[4658.078s][info][gc,task        ] GC(1388) Using 6 workers of 6 for evacuation
[4658.198s][info][gc,phases      ] GC(1388)   Pre Evacuate Collection Set: 0.34ms
[4658.198s][info][gc,phases      ] GC(1388)   Merge Heap Roots: 0.51ms
[4658.198s][info][gc,phases      ] GC(1388)   Evacuate Collection Set: 117.46ms
[4658.198s][info][gc,phases      ] GC(1388)   Post Evacuate Collection Set: 0.89ms
[4658.198s][info][gc,phases      ] GC(1388)   Other: 0.08ms
[4658.198s][info][gc,heap        ] GC(1388) Eden regions: 1119->0(1100)
[4658.198s][info][gc,heap        ] GC(1388) Survivor regions: 109->114(154)
[4658.198s][info][gc,heap        ] GC(1388) Old regions: 506->537
[4658.198s][info][gc,heap        ] GC(1388) Humongous regions: 80->80
[4658.198s][info][gc,metaspace   ] GC(1388) Metaspace: 28915K(29312K)->28915K(29312K) NonClass: 24047K(24256K)->24047K(24256K) Class: 4868K(5056K)->4868K(5056K)
[4658.198s][info][gc             ] GC(1388) Pause Young (Prepare Mixed) (G1 Evacuation Pause) 3627M->1460M(4096M) 119.420ms
[4658.198s][info][gc,cpu         ] GC(1388) User=0.71s Sys=0.00s Real=0.12s
..[4660.266s][info][gc,start       ] GC(1389) Pause Young (Mixed) (G1 Evacuation Pause)
[4660.267s][info][gc,task        ] GC(1389) Using 6 workers of 6 for evacuation
[4660.401s][info][gc,phases      ] GC(1389)   Pre Evacuate Collection Set: 0.34ms
[4660.401s][info][gc,phases      ] GC(1389)   Merge Heap Roots: 0.65ms
[4660.401s][info][gc,phases      ] GC(1389)   Evacuate Collection Set: 132.95ms
[4660.402s][info][gc,phases      ] GC(1389)   Post Evacuate Collection Set: 0.94ms
[4660.402s][info][gc,phases      ] GC(1389)   Other: 0.09ms
[4660.402s][info][gc,heap        ] GC(1389) Eden regions: 1100->0(1118)
[4660.402s][info][gc,heap        ] GC(1389) Survivor regions: 114->110(152)
[4660.402s][info][gc,heap        ] GC(1389) Old regions: 537->474
[4660.402s][info][gc,heap        ] GC(1389) Humongous regions: 80->80
[4660.402s][info][gc,metaspace   ] GC(1389) Metaspace: 28915K(29312K)->28915K(29312K) NonClass: 24047K(24256K)->24047K(24256K) Class: 4868K(5056K)->4868K(5056K)
[4660.402s][info][gc             ] GC(1389) Pause Young (Mixed) (G1 Evacuation Pause) 3660M->1325M(4096M) 135.082ms
[4660.402s][info][gc,cpu         ] GC(1389) User=0.81s Sys=0.00s Real=0.14s
...[4662.538s][info][gc,start       ] GC(1390) Pause Young (Concurrent Start) (G1 Evacuation Pause)
[4662.539s][info][gc,task        ] GC(1390) Using 6 workers of 6 for evacuation
[4662.652s][info][gc,phases      ] GC(1390)   Pre Evacuate Collection Set: 0.41ms
[4662.652s][info][gc,phases      ] GC(1390)   Merge Heap Roots: 0.47ms
[4662.652s][info][gc,phases      ] GC(1390)   Evacuate Collection Set: 112.00ms
[4662.652s][info][gc,phases      ] GC(1390)   Post Evacuate Collection Set: 0.86ms
[4662.652s][info][gc,phases      ] GC(1390)   Other: 0.13ms
[4662.652s][info][gc,heap        ] GC(1390) Eden regions: 1118->0(1121)
[4662.652s][info][gc,heap        ] GC(1390) Survivor regions: 110->107(154)
[4662.652s][info][gc,heap        ] GC(1390) Old regions: 474->505
[4662.652s][info][gc,heap        ] GC(1390) Humongous regions: 80->80
[4662.652s][info][gc,metaspace   ] GC(1390) Metaspace: 28915K(29312K)->28915K(29312K) NonClass: 24047K(24256K)->24047K(24256K) Class: 4868K(5056K)->4868K(5056K)
[4662.652s][info][gc             ] GC(1390) Pause Young (Concurrent Start) (G1 Evacuation Pause) 3561M->1383M(4096M) 113.998ms
[4662.653s][info][gc             ] GC(1391) Concurrent Mark Cycle
[4662.653s][info][gc,marking     ] GC(1391) Concurrent Scan Root Regions
[4662.653s][info][gc,cpu         ] GC(1390) User=0.68s Sys=0.00s Real=0.12s
[4662.890s][info][gc,marking     ] GC(1391) Concurrent Scan Root Regions 237.698ms
[4662.890s][info][gc,marking     ] GC(1391) Concurrent Mark
[4662.890s][info][gc,marking     ] GC(1391) Concurrent Mark From Roots
[4662.890s][info][gc,task        ] GC(1391) Using 2 workers of 2 for marking
.[4663.885s][info][gc,marking     ] GC(1391) Concurrent Mark From Roots 994.966ms
[4663.885s][info][gc,marking     ] GC(1391) Concurrent Preclean
[4663.885s][info][gc,marking     ] GC(1391) Concurrent Preclean 0.092ms
[4663.886s][info][gc,start       ] GC(1391) Pause Remark
[4663.893s][info][gc             ] GC(1391) Pause Remark 2613M->2613M(4096M) 7.196ms
[4663.893s][info][gc,cpu         ] GC(1391) User=0.04s Sys=0.00s Real=0.01s
[4663.895s][info][gc,marking     ] GC(1391) Concurrent Mark 1004.837ms
[4663.895s][info][gc,marking     ] GC(1391) Concurrent Rebuild Remembered Sets and Scrub Regions
[4664.330s][info][gc,marking     ] GC(1391) Concurrent Rebuild Remembered Sets and Scrub Regions 434.910ms
[4664.331s][info][gc,start       ] GC(1391) Pause Cleanup
[4664.332s][info][gc             ] GC(1391) Pause Cleanup 3047M->3047M(4096M) 0.125ms
[4664.332s][info][gc,cpu         ] GC(1391) User=0.00s Sys=0.00s Real=0.00s
[4664.332s][info][gc,marking     ] GC(1391) Concurrent Clear Claimed Marks
[4664.332s][info][gc,marking     ] GC(1391) Concurrent Clear Claimed Marks 0.034ms
[4664.332s][info][gc,marking     ] GC(1391) Concurrent Cleanup for Next Mark
[4664.337s][info][gc,marking     ] GC(1391) Concurrent Cleanup for Next Mark 4.810ms
[4664.337s][info][gc             ] GC(1391) Concurrent Mark Cycle 1684.370ms
.[4664.840s][info][gc,start       ] GC(1392) Pause Young (Prepare Mixed) (G1 Evacuation Pause)
[4664.840s][info][gc,task        ] GC(1392) Using 6 workers of 6 for evacuation
[4664.957s][info][gc,phases      ] GC(1392)   Pre Evacuate Collection Set: 0.31ms
[4664.957s][info][gc,phases      ] GC(1392)   Merge Heap Roots: 0.51ms
[4664.957s][info][gc,phases      ] GC(1392)   Evacuate Collection Set: 115.50ms
[4664.957s][info][gc,phases      ] GC(1392)   Post Evacuate Collection Set: 0.94ms
[4664.957s][info][gc,phases      ] GC(1392)   Other: 0.08ms
[4664.957s][info][gc,heap        ] GC(1392) Eden regions: 1121->0(1107)
[4664.957s][info][gc,heap        ] GC(1392) Survivor regions: 107->111(154)
[4664.957s][info][gc,heap        ] GC(1392) Old regions: 505->536
[4664.957s][info][gc,heap        ] GC(1392) Humongous regions: 80->80
[4664.957s][info][gc,metaspace   ] GC(1392) Metaspace: 28915K(29312K)->28915K(29312K) NonClass: 24047K(24256K)->24047K(24256K) Class: 4868K(5056K)->4868K(5056K)
[4664.957s][info][gc             ] GC(1392) Pause Young (Prepare Mixed) (G1 Evacuation Pause) 3625M->1452M(4096M) 117.472ms
[4664.958s][info][gc,cpu         ] GC(1392) User=0.70s Sys=0.00s Real=0.12s
..[4666.939s][info][gc,start       ] GC(1393) Pause Young (Mixed) (G1 Evacuation Pause)
[4666.939s][info][gc,task        ] GC(1393) Using 6 workers of 6 for evacuation
[4667.079s][info][gc,phases      ] GC(1393)   Pre Evacuate Collection Set: 0.36ms
[4667.079s][info][gc,phases      ] GC(1393)   Merge Heap Roots: 0.77ms
[4667.079s][info][gc,phases      ] GC(1393)   Evacuate Collection Set: 137.02ms
[4667.079s][info][gc,phases      ] GC(1393)   Post Evacuate Collection Set: 0.93ms
[4667.079s][info][gc,phases      ] GC(1393)   Other: 0.09ms
[4667.079s][info][gc,heap        ] GC(1393) Eden regions: 1107->0(1116)
[4667.079s][info][gc,heap        ] GC(1393) Survivor regions: 111->112(153)
[4667.079s][info][gc,heap        ] GC(1393) Old regions: 536->474
[4667.079s][info][gc,heap        ] GC(1393) Humongous regions: 80->80
[4667.079s][info][gc,metaspace   ] GC(1393) Metaspace: 28915K(29312K)->28915K(29312K) NonClass: 24047K(24256K)->24047K(24256K) Class: 4868K(5056K)->4868K(5056K)
[4667.079s][info][gc             ] GC(1393) Pause Young (Mixed) (G1 Evacuation Pause) 3666M->1330M(4096M) 139.302ms
[4667.079s][info][gc,cpu         ] GC(1393) User=0.83s Sys=0.00s Real=0.14s
..[4669.202s][info][gc,start       ] GC(1394) Pause Young (Concurrent Start) (G1 Evacuation Pause)
[4669.202s][info][gc,task        ] GC(1394) Using 6 workers of 6 for evacuation
[4669.332s][info][gc,phases      ] GC(1394)   Pre Evacuate Collection Set: 0.34ms
[4669.332s][info][gc,phases      ] GC(1394)   Merge Heap Roots: 0.47ms
[4669.332s][info][gc,phases      ] GC(1394)   Evacuate Collection Set: 128.31ms
[4669.332s][info][gc,phases      ] GC(1394)   Post Evacuate Collection Set: 0.84ms
[4669.332s][info][gc,phases      ] GC(1394)   Other: 0.11ms
[4669.332s][info][gc,heap        ] GC(1394) Eden regions: 1116->0(1108)
[4669.332s][info][gc,heap        ] GC(1394) Survivor regions: 112->120(154)
[4669.332s][info][gc,heap        ] GC(1394) Old regions: 474->507
[4669.332s][info][gc,heap        ] GC(1394) Humongous regions: 80->80
[4669.332s][info][gc,metaspace   ] GC(1394) Metaspace: 28915K(29312K)->28915K(29312K) NonClass: 24047K(24256K)->24047K(24256K) Class: 4868K(5056K)->4868K(5056K)
[4669.332s][info][gc             ] GC(1394) Pause Young (Concurrent Start) (G1 Evacuation Pause) 3562M->1412M(4096M) 130.197ms
[4669.332s][info][gc             ] GC(1395) Concurrent Mark Cycle
[4669.332s][info][gc,marking     ] GC(1395) Concurrent Scan Root Regions
[4669.332s][info][gc,cpu         ] GC(1394) User=0.77s Sys=0.00s Real=0.13s
[4669.483s][info][gc,marking     ] GC(1395) Concurrent Scan Root Regions 150.859ms
[4669.483s][info][gc,marking     ] GC(1395) Concurrent Mark
[4669.483s][info][gc,marking     ] GC(1395) Concurrent Mark From Roots
[4669.483s][info][gc,task        ] GC(1395) Using 2 workers of 2 for marking
.[4670.228s][info][gc,marking     ] GC(1395) Concurrent Mark From Roots 745.577ms
[4670.228s][info][gc,marking     ] GC(1395) Concurrent Preclean
[4670.228s][info][gc,marking     ] GC(1395) Concurrent Preclean 0.100ms
[4670.233s][info][gc,start       ] GC(1395) Pause Remark
[4670.238s][info][gc             ] GC(1395) Pause Remark 2248M->2248M(4096M) 4.292ms
[4670.238s][info][gc,cpu         ] GC(1395) User=0.03s Sys=0.00s Real=0.00s
[4670.238s][info][gc,marking     ] GC(1395) Concurrent Mark 755.220ms
[4670.238s][info][gc,marking     ] GC(1395) Concurrent Rebuild Remembered Sets and Scrub Regions
[4670.572s][info][gc,marking     ] GC(1395) Concurrent Rebuild Remembered Sets and Scrub Regions 334.518ms
[4670.573s][info][gc,start       ] GC(1395) Pause Cleanup
[4670.573s][info][gc             ] GC(1395) Pause Cleanup 2558M->2558M(4096M) 0.107ms
[4670.573s][info][gc,cpu         ] GC(1395) User=0.00s Sys=0.00s Real=0.00s
[4670.573s][info][gc,marking     ] GC(1395) Concurrent Clear Claimed Marks
[4670.573s][info][gc,marking     ] GC(1395) Concurrent Clear Claimed Marks 0.028ms
[4670.573s][info][gc,marking     ] GC(1395) Concurrent Cleanup for Next Mark
[4670.578s][info][gc,marking     ] GC(1395) Concurrent Cleanup for Next Mark 4.959ms
[4670.578s][info][gc             ] GC(1395) Concurrent Mark Cycle 1246.131ms
.[4671.441s][info][gc,start       ] GC(1396) Pause Young (Prepare Mixed) (G1 Evacuation Pause)
[4671.441s][info][gc,task        ] GC(1396) Using 6 workers of 6 for evacuation
[4671.557s][info][gc,phases      ] GC(1396)   Pre Evacuate Collection Set: 0.36ms
[4671.557s][info][gc,phases      ] GC(1396)   Merge Heap Roots: 0.49ms
[4671.557s][info][gc,phases      ] GC(1396)   Evacuate Collection Set: 114.22ms
[4671.557s][info][gc,phases      ] GC(1396)   Post Evacuate Collection Set: 0.90ms
[4671.557s][info][gc,phases      ] GC(1396)   Other: 0.08ms
[4671.557s][info][gc,heap        ] GC(1396) Eden regions: 1108->0(1108)
[4671.557s][info][gc,heap        ] GC(1396) Survivor regions: 120->109(154)
[4671.557s][info][gc,heap        ] GC(1396) Old regions: 507->539
[4671.557s][info][gc,heap        ] GC(1396) Humongous regions: 80->80
[4671.557s][info][gc,metaspace   ] GC(1396) Metaspace: 28915K(29312K)->28915K(29312K) NonClass: 24047K(24256K)->24047K(24256K) Class: 4868K(5056K)->4868K(5056K)
[4671.557s][info][gc             ] GC(1396) Pause Young (Prepare Mixed) (G1 Evacuation Pause) 3628M->1453M(4096M) 116.176ms
[4671.557s][info][gc,cpu         ] GC(1396) User=0.69s Sys=0.00s Real=0.12s
..[4673.644s][info][gc,start       ] GC(1397) Pause Young (Mixed) (G1 Evacuation Pause)
[4673.644s][info][gc,task        ] GC(1397) Using 6 workers of 6 for evacuation
[4673.775s][info][gc,phases      ] GC(1397)   Pre Evacuate Collection Set: 0.35ms
[4673.775s][info][gc,phases      ] GC(1397)   Merge Heap Roots: 0.63ms
[4673.775s][info][gc,phases      ] GC(1397)   Evacuate Collection Set: 129.28ms
[4673.775s][info][gc,phases      ] GC(1397)   Post Evacuate Collection Set: 0.91ms
[4673.775s][info][gc,phases      ] GC(1397)   Other: 0.09ms
[4673.775s][info][gc,heap        ] GC(1397) Eden regions: 1108->0(1119)
[4673.775s][info][gc,heap        ] GC(1397) Survivor regions: 109->109(153)
[4673.775s][info][gc,heap        ] GC(1397) Old regions: 539->475
[4673.775s][info][gc,heap        ] GC(1397) Humongous regions: 80->80
[4673.775s][info][gc,metaspace   ] GC(1397) Metaspace: 28915K(29312K)->28915K(29312K) NonClass: 24047K(24256K)->24047K(24256K) Class: 4868K(5056K)->4868K(5056K)
[4673.775s][info][gc             ] GC(1397) Pause Young (Mixed) (G1 Evacuation Pause) 3669M->1326M(4096M) 131.397ms
[4673.775s][info][gc,cpu         ] GC(1397) User=0.78s Sys=0.00s Real=0.13s
...[4675.866s][info][gc,start       ] GC(1398) Pause Young (Concurrent Start) (G1 Evacuation Pause)
[4675.866s][info][gc,task        ] GC(1398) Using 6 workers of 6 for evacuation
[4675.982s][info][gc,phases      ] GC(1398)   Pre Evacuate Collection Set: 0.38ms
[4675.982s][info][gc,phases      ] GC(1398)   Merge Heap Roots: 0.44ms
[4675.982s][info][gc,phases      ] GC(1398)   Evacuate Collection Set: 114.12ms
[4675.982s][info][gc,phases      ] GC(1398)   Post Evacuate Collection Set: 0.84ms
[4675.982s][info][gc,phases      ] GC(1398)   Other: 0.10ms
[4675.982s][info][gc,heap        ] GC(1398) Eden regions: 1119->0(1118)
[4675.982s][info][gc,heap        ] GC(1398) Survivor regions: 109->110(154)
[4675.982s][info][gc,heap        ] GC(1398) Old regions: 475->506
[4675.982s][info][gc,heap        ] GC(1398) Humongous regions: 80->80
[4675.982s][info][gc,metaspace   ] GC(1398) Metaspace: 28915K(29312K)->28915K(29312K) NonClass: 24047K(24256K)->24047K(24256K) Class: 4868K(5056K)->4868K(5056K)
[4675.982s][info][gc             ] GC(1398) Pause Young (Concurrent Start) (G1 Evacuation Pause) 3564M->1391M(4096M) 116.013ms
[4675.982s][info][gc             ] GC(1399) Concurrent Mark Cycle
[4675.982s][info][gc,marking     ] GC(1399) Concurrent Scan Root Regions
[4675.982s][info][gc,cpu         ] GC(1398) User=0.69s Sys=0.00s Real=0.12s
[4676.175s][info][gc,marking     ] GC(1399) Concurrent Scan Root Regions 193.015ms
[4676.175s][info][gc,marking     ] GC(1399) Concurrent Mark
[4676.175s][info][gc,marking     ] GC(1399) Concurrent Mark From Roots
[4676.175s][info][gc,task        ] GC(1399) Using 2 workers of 2 for marking
.[4677.204s][info][gc,marking     ] GC(1399) Concurrent Mark From Roots 1028.366ms
[4677.204s][info][gc,marking     ] GC(1399) Concurrent Preclean
[4677.204s][info][gc,marking     ] GC(1399) Concurrent Preclean 0.093ms
[4677.204s][info][gc,start       ] GC(1399) Pause Remark
[4677.211s][info][gc             ] GC(1399) Pause Remark 2610M->2610M(4096M) 7.168ms
[4677.211s][info][gc,cpu         ] GC(1399) User=0.04s Sys=0.00s Real=0.01s
[4677.211s][info][gc,marking     ] GC(1399) Concurrent Mark 1036.058ms
[4677.211s][info][gc,marking     ] GC(1399) Concurrent Rebuild Remembered Sets and Scrub Regions
[4677.648s][info][gc,marking     ] GC(1399) Concurrent Rebuild Remembered Sets and Scrub Regions 436.004ms
[4677.649s][info][gc,start       ] GC(1399) Pause Cleanup
[4677.649s][info][gc             ] GC(1399) Pause Cleanup 3075M->3075M(4096M) 0.128ms
[4677.649s][info][gc,cpu         ] GC(1399) User=0.00s Sys=0.00s Real=0.00s
[4677.649s][info][gc,marking     ] GC(1399) Concurrent Clear Claimed Marks
[4677.649s][info][gc,marking     ] GC(1399) Concurrent Clear Claimed Marks 0.037ms
[4677.649s][info][gc,marking     ] GC(1399) Concurrent Cleanup for Next Mark
[4677.653s][info][gc,marking     ] GC(1399) Concurrent Cleanup for Next Mark 4.572ms
[4677.654s][info][gc             ] GC(1399) Concurrent Mark Cycle 1671.215ms
.[4678.116s][info][gc,start       ] GC(1400) Pause Young (Prepare Mixed) (G1 Evacuation Pause)
[4678.116s][info][gc,task        ] GC(1400) Using 6 workers of 6 for evacuation
[4678.242s][info][gc,phases      ] GC(1400)   Pre Evacuate Collection Set: 0.31ms
[4678.242s][info][gc,phases      ] GC(1400)   Merge Heap Roots: 0.54ms
[4678.242s][info][gc,phases      ] GC(1400)   Evacuate Collection Set: 124.28ms
[4678.242s][info][gc,phases      ] GC(1400)   Post Evacuate Collection Set: 0.83ms
[4678.242s][info][gc,phases      ] GC(1400)   Other: 0.10ms
[4678.242s][info][gc,heap        ] GC(1400) Eden regions: 1118->0(1096)
[4678.242s][info][gc,heap        ] GC(1400) Survivor regions: 110->116(154)
[4678.242s][info][gc,heap        ] GC(1400) Old regions: 506->537
[4678.242s][info][gc,heap        ] GC(1400) Humongous regions: 80->80
[4678.242s][info][gc,metaspace   ] GC(1400) Metaspace: 28915K(29312K)->28915K(29312K) NonClass: 24047K(24256K)->24047K(24256K) Class: 4868K(5056K)->4868K(5056K)
[4678.242s][info][gc             ] GC(1400) Pause Young (Prepare Mixed) (G1 Evacuation Pause) 3627M->1465M(4096M) 126.204ms
[4678.242s][info][gc,cpu         ] GC(1400) User=0.75s Sys=0.00s Real=0.13s
..[4680.302s][info][gc,start       ] GC(1401) Pause Young (Mixed) (G1 Evacuation Pause)
[4680.302s][info][gc,task        ] GC(1401) Using 6 workers of 6 for evacuation
[4680.444s][info][gc,phases      ] GC(1401)   Pre Evacuate Collection Set: 0.34ms
[4680.444s][info][gc,phases      ] GC(1401)   Merge Heap Roots: 0.77ms
[4680.444s][info][gc,phases      ] GC(1401)   Evacuate Collection Set: 139.28ms
[4680.444s][info][gc,phases      ] GC(1401)   Post Evacuate Collection Set: 0.94ms
[4680.444s][info][gc,phases      ] GC(1401)   Other: 0.10ms
[4680.444s][info][gc,heap        ] GC(1401) Eden regions: 1096->0(1119)
[4680.444s][info][gc,heap        ] GC(1401) Survivor regions: 116->109(152)
[4680.444s][info][gc,heap        ] GC(1401) Old regions: 537->473
[4680.444s][info][gc,heap        ] GC(1401) Humongous regions: 80->80
[4680.444s][info][gc,metaspace   ] GC(1401) Metaspace: 28915K(29312K)->28915K(29312K) NonClass: 24047K(24256K)->24047K(24256K) Class: 4868K(5056K)->4868K(5056K)
[4680.444s][info][gc             ] GC(1401) Pause Young (Mixed) (G1 Evacuation Pause) 3657M->1323M(4096M) 141.563ms
[4680.444s][info][gc,cpu         ] GC(1401) User=0.84s Sys=0.00s Real=0.14s
..[4682.591s][info][gc,start       ] GC(1402) Pause Young (Concurrent Start) (G1 Evacuation Pause)
[4682.591s][info][gc,task        ] GC(1402) Using 6 workers of 6 for evacuation
[4682.708s][info][gc,phases      ] GC(1402)   Pre Evacuate Collection Set: 0.38ms
[4682.708s][info][gc,phases      ] GC(1402)   Merge Heap Roots: 0.47ms
[4682.708s][info][gc,phases      ] GC(1402)   Evacuate Collection Set: 115.32ms
[4682.708s][info][gc,phases      ] GC(1402)   Post Evacuate Collection Set: 0.85ms
[4682.708s][info][gc,phases      ] GC(1402)   Other: 0.11ms
[4682.708s][info][gc,heap        ] GC(1402) Eden regions: 1119->0(1119)
[4682.708s][info][gc,heap        ] GC(1402) Survivor regions: 109->109(154)
[4682.708s][info][gc,heap        ] GC(1402) Old regions: 473->506
[4682.708s][info][gc,heap        ] GC(1402) Humongous regions: 80->80
[4682.708s][info][gc,metaspace   ] GC(1402) Metaspace: 28915K(29312K)->28915K(29312K) NonClass: 24047K(24256K)->24047K(24256K) Class: 4868K(5056K)->4868K(5056K)
[4682.708s][info][gc             ] GC(1402) Pause Young (Concurrent Start) (G1 Evacuation Pause) 3561M->1389M(4096M) 117.268ms
[4682.708s][info][gc             ] GC(1403) Concurrent Mark Cycle
[4682.708s][info][gc,marking     ] GC(1403) Concurrent Scan Root Regions
[4682.708s][info][gc,cpu         ] GC(1402) User=0.70s Sys=0.00s Real=0.12s
[4682.929s][info][gc,marking     ] GC(1403) Concurrent Scan Root Regions 220.933ms
[4682.929s][info][gc,marking     ] GC(1403) Concurrent Mark
[4682.929s][info][gc,marking     ] GC(1403) Concurrent Mark From Roots
[4682.929s][info][gc,task        ] GC(1403) Using 2 workers of 2 for marking
..[4684.068s][info][gc,marking     ] GC(1403) Concurrent Mark From Roots 1138.553ms
[4684.068s][info][gc,marking     ] GC(1403) Concurrent Preclean
[4684.068s][info][gc,marking     ] GC(1403) Concurrent Preclean 0.095ms
[4684.069s][info][gc,start       ] GC(1403) Pause Remark
[4684.077s][info][gc             ] GC(1403) Pause Remark 2781M->2781M(4096M) 7.659ms
[4684.077s][info][gc,cpu         ] GC(1403) User=0.04s Sys=0.00s Real=0.01s
[4684.078s][info][gc,marking     ] GC(1403) Concurrent Mark 1148.557ms
[4684.078s][info][gc,marking     ] GC(1403) Concurrent Rebuild Remembered Sets and Scrub Regions
[4684.362s][info][gc,marking     ] GC(1403) Concurrent Rebuild Remembered Sets and Scrub Regions 284.054ms
[4684.363s][info][gc,start       ] GC(1403) Pause Cleanup
[4684.363s][info][gc             ] GC(1403) Pause Cleanup 3087M->3087M(4096M) 0.120ms
[4684.363s][info][gc,cpu         ] GC(1403) User=0.00s Sys=0.00s Real=0.00s
[4684.363s][info][gc,marking     ] GC(1403) Concurrent Clear Claimed Marks
[4684.363s][info][gc,marking     ] GC(1403) Concurrent Clear Claimed Marks 0.021ms
[4684.363s][info][gc,marking     ] GC(1403) Concurrent Cleanup for Next Mark
[4684.369s][info][gc,marking     ] GC(1403) Concurrent Cleanup for Next Mark 5.451ms
[4684.369s][info][gc             ] GC(1403) Concurrent Mark Cycle 1660.586ms
[4684.824s][info][gc,start       ] GC(1404) Pause Young (Prepare Mixed) (G1 Evacuation Pause)
[4684.824s][info][gc,task        ] GC(1404) Using 6 workers of 6 for evacuation
[4684.940s][info][gc,phases      ] GC(1404)   Pre Evacuate Collection Set: 0.34ms
[4684.940s][info][gc,phases      ] GC(1404)   Merge Heap Roots: 0.49ms
[4684.940s][info][gc,phases      ] GC(1404)   Evacuate Collection Set: 114.13ms
[4684.940s][info][gc,phases      ] GC(1404)   Post Evacuate Collection Set: 0.91ms
[4684.940s][info][gc,phases      ] GC(1404)   Other: 0.08ms
[4684.940s][info][gc,heap        ] GC(1404) Eden regions: 1119->0(1108)
[4684.940s][info][gc,heap        ] GC(1404) Survivor regions: 109->110(154)
[4684.940s][info][gc,heap        ] GC(1404) Old regions: 506->537
[4684.940s][info][gc,heap        ] GC(1404) Humongous regions: 80->80
[4684.940s][info][gc,metaspace   ] GC(1404) Metaspace: 28915K(29312K)->28915K(29312K) NonClass: 24047K(24256K)->24047K(24256K) Class: 4868K(5056K)->4868K(5056K)
[4684.940s][info][gc             ] GC(1404) Pause Young (Prepare Mixed) (G1 Evacuation Pause) 3627M->1453M(4096M) 116.096ms
[4684.940s][info][gc,cpu         ] GC(1404) User=0.69s Sys=0.00s Real=0.11s
..[4687.018s][info][gc,start       ] GC(1405) Pause Young (Mixed) (G1 Evacuation Pause)
[4687.018s][info][gc,task        ] GC(1405) Using 6 workers of 6 for evacuation
[4687.153s][info][gc,phases      ] GC(1405)   Pre Evacuate Collection Set: 0.35ms
[4687.153s][info][gc,phases      ] GC(1405)   Merge Heap Roots: 0.61ms
[4687.153s][info][gc,phases      ] GC(1405)   Evacuate Collection Set: 133.45ms
[4687.153s][info][gc,phases      ] GC(1405)   Post Evacuate Collection Set: 0.90ms
[4687.153s][info][gc,phases      ] GC(1405)   Other: 0.09ms
[4687.153s][info][gc,heap        ] GC(1405) Eden regions: 1108->0(1115)
[4687.153s][info][gc,heap        ] GC(1405) Survivor regions: 110->113(153)
[4687.153s][info][gc,heap        ] GC(1405) Old regions: 537->476
[4687.153s][info][gc,heap        ] GC(1405) Humongous regions: 80->80
[4687.153s][info][gc,metaspace   ] GC(1405) Metaspace: 28915K(29312K)->28915K(29312K) NonClass: 24047K(24256K)->24047K(24256K) Class: 4868K(5056K)->4868K(5056K)
[4687.153s][info][gc             ] GC(1405) Pause Young (Mixed) (G1 Evacuation Pause) 3669M->1336M(4096M) 135.544ms
[4687.153s][info][gc,cpu         ] GC(1405) User=0.80s Sys=0.00s Real=0.14s
...[4689.207s][info][gc,start       ] GC(1406) Pause Young (Concurrent Start) (G1 Evacuation Pause)
[4689.207s][info][gc,task        ] GC(1406) Using 6 workers of 6 for evacuation
[4689.328s][info][gc,phases      ] GC(1406)   Pre Evacuate Collection Set: 0.35ms
[4689.328s][info][gc,phases      ] GC(1406)   Merge Heap Roots: 0.44ms
[4689.328s][info][gc,phases      ] GC(1406)   Evacuate Collection Set: 119.14ms
[4689.328s][info][gc,phases      ] GC(1406)   Post Evacuate Collection Set: 0.87ms
[4689.328s][info][gc,phases      ] GC(1406)   Other: 0.10ms
[4689.328s][info][gc,heap        ] GC(1406) Eden regions: 1115->0(1115)
[4689.328s][info][gc,heap        ] GC(1406) Survivor regions: 113->113(154)
[4689.328s][info][gc,heap        ] GC(1406) Old regions: 476->508
[4689.328s][info][gc,heap        ] GC(1406) Humongous regions: 80->80
[4689.328s][info][gc,metaspace   ] GC(1406) Metaspace: 28915K(29312K)->28915K(29312K) NonClass: 24047K(24256K)->24047K(24256K) Class: 4868K(5056K)->4868K(5056K)
[4689.328s][info][gc             ] GC(1406) Pause Young (Concurrent Start) (G1 Evacuation Pause) 3566M->1401M(4096M) 121.055ms
[4689.328s][info][gc             ] GC(1407) Concurrent Mark Cycle
[4689.328s][info][gc,marking     ] GC(1407) Concurrent Scan Root Regions
[4689.328s][info][gc,cpu         ] GC(1406) User=0.72s Sys=0.00s Real=0.12s
[4689.516s][info][gc,marking     ] GC(1407) Concurrent Scan Root Regions 188.201ms
[4689.516s][info][gc,marking     ] GC(1407) Concurrent Mark
[4689.516s][info][gc,marking     ] GC(1407) Concurrent Mark From Roots
[4689.516s][info][gc,task        ] GC(1407) Using 2 workers of 2 for marking
.[4690.461s][info][gc,marking     ] GC(1407) Concurrent Mark From Roots 944.769ms
[4690.461s][info][gc,marking     ] GC(1407) Concurrent Preclean
[4690.461s][info][gc,marking     ] GC(1407) Concurrent Preclean 0.092ms
[4690.464s][info][gc,start       ] GC(1407) Pause Remark
[4690.472s][info][gc             ] GC(1407) Pause Remark 2495M->2495M(4096M) 8.117ms
[4690.472s][info][gc,cpu         ] GC(1407) User=0.04s Sys=0.00s Real=0.01s
[4690.472s][info][gc,marking     ] GC(1407) Concurrent Mark 956.106ms
[4690.472s][info][gc,marking     ] GC(1407) Concurrent Rebuild Remembered Sets and Scrub Regions
[4690.845s][info][gc,marking     ] GC(1407) Concurrent Rebuild Remembered Sets and Scrub Regions 372.934ms
[4690.846s][info][gc,start       ] GC(1407) Pause Cleanup
[4690.847s][info][gc             ] GC(1407) Pause Cleanup 2839M->2839M(4096M) 0.123ms
[4690.847s][info][gc,cpu         ] GC(1407) User=0.00s Sys=0.00s Real=0.00s
[4690.847s][info][gc,marking     ] GC(1407) Concurrent Clear Claimed Marks
[4690.847s][info][gc,marking     ] GC(1407) Concurrent Clear Claimed Marks 0.025ms
[4690.847s][info][gc,marking     ] GC(1407) Concurrent Cleanup for Next Mark
[4690.852s][info][gc,marking     ] GC(1407) Concurrent Cleanup for Next Mark 5.007ms
[4690.852s][info][gc             ] GC(1407) Concurrent Mark Cycle 1523.916ms
.[4691.464s][info][gc,start       ] GC(1408) Pause Young (Prepare Mixed) (G1 Evacuation Pause)
[4691.464s][info][gc,task        ] GC(1408) Using 6 workers of 6 for evacuation
[4691.584s][info][gc,phases      ] GC(1408)   Pre Evacuate Collection Set: 0.32ms
[4691.584s][info][gc,phases      ] GC(1408)   Merge Heap Roots: 0.50ms
[4691.584s][info][gc,phases      ] GC(1408)   Evacuate Collection Set: 117.83ms
[4691.584s][info][gc,phases      ] GC(1408)   Post Evacuate Collection Set: 0.89ms
[4691.584s][info][gc,phases      ] GC(1408)   Other: 0.09ms
[4691.584s][info][gc,heap        ] GC(1408) Eden regions: 1115->0(1099)
[4691.584s][info][gc,heap        ] GC(1408) Survivor regions: 113->113(154)
[4691.584s][info][gc,heap        ] GC(1408) Old regions: 508->540
[4691.584s][info][gc,heap        ] GC(1408) Humongous regions: 80->80
[4691.584s][info][gc,metaspace   ] GC(1408) Metaspace: 28915K(29312K)->28915K(29312K) NonClass: 24047K(24256K)->24047K(24256K) Class: 4868K(5056K)->4868K(5056K)
[4691.584s][info][gc             ] GC(1408) Pause Young (Prepare Mixed) (G1 Evacuation Pause) 3631M->1463M(4096M) 119.752ms
[4691.584s][info][gc,cpu         ] GC(1408) User=0.71s Sys=0.00s Real=0.12s
..[4693.649s][info][gc,start       ] GC(1409) Pause Young (Mixed) (G1 Evacuation Pause)
[4693.649s][info][gc,task        ] GC(1409) Using 6 workers of 6 for evacuation
[4693.786s][info][gc,phases      ] GC(1409)   Pre Evacuate Collection Set: 0.40ms
[4693.786s][info][gc,phases      ] GC(1409)   Merge Heap Roots: 0.71ms
[4693.786s][info][gc,phases      ] GC(1409)   Evacuate Collection Set: 135.11ms
[4693.786s][info][gc,phases      ] GC(1409)   Post Evacuate Collection Set: 0.93ms
[4693.786s][info][gc,phases      ] GC(1409)   Other: 0.09ms
[4693.786s][info][gc,heap        ] GC(1409) Eden regions: 1099->0(1116)
[4693.786s][info][gc,heap        ] GC(1409) Survivor regions: 113->112(152)
[4693.786s][info][gc,heap        ] GC(1409) Old regions: 540->474
[4693.786s][info][gc,heap        ] GC(1409) Humongous regions: 80->80
[4693.786s][info][gc,metaspace   ] GC(1409) Metaspace: 28915K(29312K)->28915K(29312K) NonClass: 24047K(24256K)->24047K(24256K) Class: 4868K(5056K)->4868K(5056K)
[4693.786s][info][gc             ] GC(1409) Pause Young (Mixed) (G1 Evacuation Pause) 3661M->1330M(4096M) 137.361ms
[4693.786s][info][gc,cpu         ] GC(1409) User=0.82s Sys=0.00s Real=0.14s
..[4695.803s][info][gc,start       ] GC(1410) Pause Young (Concurrent Start) (G1 Evacuation Pause)
[4695.803s][info][gc,task        ] GC(1410) Using 6 workers of 6 for evacuation
[4695.924s][info][gc,phases      ] GC(1410)   Pre Evacuate Collection Set: 0.35ms
[4695.924s][info][gc,phases      ] GC(1410)   Merge Heap Roots: 0.44ms
[4695.924s][info][gc,phases      ] GC(1410)   Evacuate Collection Set: 118.87ms
[4695.924s][info][gc,phases      ] GC(1410)   Post Evacuate Collection Set: 0.88ms
[4695.924s][info][gc,phases      ] GC(1410)   Other: 0.11ms
[4695.924s][info][gc,heap        ] GC(1410) Eden regions: 1116->0(1115)
[4695.924s][info][gc,heap        ] GC(1410) Survivor regions: 112->113(154)
[4695.924s][info][gc,heap        ] GC(1410) Old regions: 474->506
[4695.924s][info][gc,heap        ] GC(1410) Humongous regions: 80->80
[4695.924s][info][gc,metaspace   ] GC(1410) Metaspace: 28915K(29312K)->28915K(29312K) NonClass: 24047K(24256K)->24047K(24256K) Class: 4868K(5056K)->4868K(5056K)
[4695.924s][info][gc             ] GC(1410) Pause Young (Concurrent Start) (G1 Evacuation Pause) 3562M->1396M(4096M) 120.785ms
[4695.924s][info][gc             ] GC(1411) Concurrent Mark Cycle
[4695.924s][info][gc,marking     ] GC(1411) Concurrent Scan Root Regions
[4695.924s][info][gc,cpu         ] GC(1410) User=0.72s Sys=0.00s Real=0.12s
[4696.071s][info][gc,marking     ] GC(1411) Concurrent Scan Root Regions 147.009ms
[4696.071s][info][gc,marking     ] GC(1411) Concurrent Mark
[4696.071s][info][gc,marking     ] GC(1411) Concurrent Mark From Roots
[4696.071s][info][gc,task        ] GC(1411) Using 2 workers of 2 for marking
.[4696.760s][info][gc,marking     ] GC(1411) Concurrent Mark From Roots 688.736ms
[4696.760s][info][gc,marking     ] GC(1411) Concurrent Preclean
[4696.760s][info][gc,marking     ] GC(1411) Concurrent Preclean 0.076ms
[4696.763s][info][gc,start       ] GC(1411) Pause Remark
[4696.770s][info][gc             ] GC(1411) Pause Remark 2166M->2166M(4096M) 6.527ms
[4696.770s][info][gc,cpu         ] GC(1411) User=0.04s Sys=0.00s Real=0.00s
[4696.770s][info][gc,marking     ] GC(1411) Concurrent Mark 698.865ms
[4696.770s][info][gc,marking     ] GC(1411) Concurrent Rebuild Remembered Sets and Scrub Regions
[4697.040s][info][gc,marking     ] GC(1411) Concurrent Rebuild Remembered Sets and Scrub Regions 270.625ms
[4697.041s][info][gc,start       ] GC(1411) Pause Cleanup
[4697.041s][info][gc             ] GC(1411) Pause Cleanup 2402M->2402M(4096M) 0.114ms
[4697.041s][info][gc,cpu         ] GC(1411) User=0.00s Sys=0.00s Real=0.00s
[4697.041s][info][gc,marking     ] GC(1411) Concurrent Clear Claimed Marks
[4697.041s][info][gc,marking     ] GC(1411) Concurrent Clear Claimed Marks 0.022ms
[4697.041s][info][gc,marking     ] GC(1411) Concurrent Cleanup for Next Mark
[4697.047s][info][gc,marking     ] GC(1411) Concurrent Cleanup for Next Mark 6.011ms
[4697.047s][info][gc             ] GC(1411) Concurrent Mark Cycle 1123.076ms
.[4698.036s][info][gc,start       ] GC(1412) Pause Young (Prepare Mixed) (G1 Evacuation Pause)
[4698.036s][info][gc,task        ] GC(1412) Using 6 workers of 6 for evacuation
[4698.159s][info][gc,phases      ] GC(1412)   Pre Evacuate Collection Set: 0.31ms
[4698.159s][info][gc,phases      ] GC(1412)   Merge Heap Roots: 0.53ms
[4698.159s][info][gc,phases      ] GC(1412)   Evacuate Collection Set: 121.31ms
[4698.159s][info][gc,phases      ] GC(1412)   Post Evacuate Collection Set: 0.89ms
[4698.159s][info][gc,phases      ] GC(1412)   Other: 0.09ms
[4698.159s][info][gc,heap        ] GC(1412) Eden regions: 1115->0(1099)
[4698.159s][info][gc,heap        ] GC(1412) Survivor regions: 113->114(154)
[4698.159s][info][gc,heap        ] GC(1412) Old regions: 506->538
[4698.159s][info][gc,heap        ] GC(1412) Humongous regions: 80->80
[4698.159s][info][gc,metaspace   ] GC(1412) Metaspace: 28915K(29312K)->28915K(29312K) NonClass: 24047K(24256K)->24047K(24256K) Class: 4868K(5056K)->4868K(5056K)
[4698.159s][info][gc             ] GC(1412) Pause Young (Prepare Mixed) (G1 Evacuation Pause) 3626M->1462M(4096M) 123.265ms
[4698.159s][info][gc,cpu         ] GC(1412) User=0.73s Sys=0.00s Real=0.12s
..[4700.234s][info][gc,start       ] GC(1413) Pause Young (Mixed) (G1 Evacuation Pause)
[4700.234s][info][gc,task        ] GC(1413) Using 6 workers of 6 for evacuation
[4700.371s][info][gc,phases      ] GC(1413)   Pre Evacuate Collection Set: 0.34ms
[4700.371s][info][gc,phases      ] GC(1413)   Merge Heap Roots: 0.69ms
[4700.371s][info][gc,phases      ] GC(1413)   Evacuate Collection Set: 134.95ms
[4700.371s][info][gc,phases      ] GC(1413)   Post Evacuate Collection Set: 0.92ms
[4700.371s][info][gc,phases      ] GC(1413)   Other: 0.10ms
[4700.371s][info][gc,heap        ] GC(1413) Eden regions: 1099->0(1120)
[4700.371s][info][gc,heap        ] GC(1413) Survivor regions: 114->108(152)
[4700.371s][info][gc,heap        ] GC(1413) Old regions: 538->473
[4700.371s][info][gc,heap        ] GC(1413) Humongous regions: 80->80
[4700.371s][info][gc,metaspace   ] GC(1413) Metaspace: 28915K(29312K)->28915K(29312K) NonClass: 24047K(24256K)->24047K(24256K) Class: 4868K(5056K)->4868K(5056K)
[4700.371s][info][gc             ] GC(1413) Pause Young (Mixed) (G1 Evacuation Pause) 3660M->1321M(4096M) 137.128ms
[4700.371s][info][gc,cpu         ] GC(1413) User=0.81s Sys=0.00s Real=0.14s
...[4702.512s][info][gc,start       ] GC(1414) Pause Young (Concurrent Start) (G1 Evacuation Pause)
[4702.512s][info][gc,task        ] GC(1414) Using 6 workers of 6 for evacuation
[4702.632s][info][gc,phases      ] GC(1414)   Pre Evacuate Collection Set: 0.35ms
[4702.632s][info][gc,phases      ] GC(1414)   Merge Heap Roots: 0.45ms
[4702.632s][info][gc,phases      ] GC(1414)   Evacuate Collection Set: 117.97ms
[4702.632s][info][gc,phases      ] GC(1414)   Post Evacuate Collection Set: 0.84ms
[4702.632s][info][gc,phases      ] GC(1414)   Other: 0.11ms
[4702.632s][info][gc,heap        ] GC(1414) Eden regions: 1120->0(1116)
[4702.632s][info][gc,heap        ] GC(1414) Survivor regions: 108->112(154)
[4702.632s][info][gc,heap        ] GC(1414) Old regions: 473->506
[4702.632s][info][gc,heap        ] GC(1414) Humongous regions: 80->80
[4702.632s][info][gc,metaspace   ] GC(1414) Metaspace: 28915K(29312K)->28915K(29312K) NonClass: 24047K(24256K)->24047K(24256K) Class: 4868K(5056K)->4868K(5056K)
[4702.632s][info][gc             ] GC(1414) Pause Young (Concurrent Start) (G1 Evacuation Pause) 3561M->1395M(4096M) 119.838ms
[4702.632s][info][gc             ] GC(1415) Concurrent Mark Cycle
[4702.632s][info][gc,marking     ] GC(1415) Concurrent Scan Root Regions
[4702.632s][info][gc,cpu         ] GC(1414) User=0.72s Sys=0.00s Real=0.12s
[4702.817s][info][gc,marking     ] GC(1415) Concurrent Scan Root Regions 185.045ms
[4702.817s][info][gc,marking     ] GC(1415) Concurrent Mark
[4702.817s][info][gc,marking     ] GC(1415) Concurrent Mark From Roots
[4702.817s][info][gc,task        ] GC(1415) Using 2 workers of 2 for marking
.[4703.819s][info][gc,marking     ] GC(1415) Concurrent Mark From Roots 1002.323ms
[4703.819s][info][gc,marking     ] GC(1415) Concurrent Preclean
[4703.819s][info][gc,marking     ] GC(1415) Concurrent Preclean 0.094ms
[4703.822s][info][gc,start       ] GC(1415) Pause Remark
[4703.828s][info][gc             ] GC(1415) Pause Remark 2453M->2453M(4096M) 6.439ms
[4703.828s][info][gc,cpu         ] GC(1415) User=0.04s Sys=0.00s Real=0.00s
[4703.829s][info][gc,marking     ] GC(1415) Concurrent Mark 1011.569ms
[4703.829s][info][gc,marking     ] GC(1415) Concurrent Rebuild Remembered Sets and Scrub Regions
[4704.204s][info][gc,marking     ] GC(1415) Concurrent Rebuild Remembered Sets and Scrub Regions 375.668ms
[4704.205s][info][gc,start       ] GC(1415) Pause Cleanup
[4704.206s][info][gc             ] GC(1415) Pause Cleanup 2869M->2869M(4096M) 0.126ms
[4704.206s][info][gc,cpu         ] GC(1415) User=0.00s Sys=0.00s Real=0.00s
[4704.206s][info][gc,marking     ] GC(1415) Concurrent Clear Claimed Marks
[4704.206s][info][gc,marking     ] GC(1415) Concurrent Clear Claimed Marks 0.030ms
[4704.206s][info][gc,marking     ] GC(1415) Concurrent Cleanup for Next Mark
[4704.211s][info][gc,marking     ] GC(1415) Concurrent Cleanup for Next Mark 4.886ms
[4704.211s][info][gc             ] GC(1415) Concurrent Mark Cycle 1578.858ms
.[4704.776s][info][gc,start       ] GC(1416) Pause Young (Prepare Mixed) (G1 Evacuation Pause)
[4704.776s][info][gc,task        ] GC(1416) Using 6 workers of 6 for evacuation
[4704.893s][info][gc,phases      ] GC(1416)   Pre Evacuate Collection Set: 0.32ms
[4704.893s][info][gc,phases      ] GC(1416)   Merge Heap Roots: 0.46ms
[4704.893s][info][gc,phases      ] GC(1416)   Evacuate Collection Set: 115.16ms
[4704.893s][info][gc,phases      ] GC(1416)   Post Evacuate Collection Set: 0.88ms
[4704.893s][info][gc,phases      ] GC(1416)   Other: 0.09ms
[4704.893s][info][gc,heap        ] GC(1416) Eden regions: 1116->0(1104)
[4704.893s][info][gc,heap        ] GC(1416) Survivor regions: 112->112(154)
[4704.893s][info][gc,heap        ] GC(1416) Old regions: 506->537
[4704.893s][info][gc,heap        ] GC(1416) Humongous regions: 80->80
[4704.893s][info][gc,metaspace   ] GC(1416) Metaspace: 28915K(29312K)->28915K(29312K) NonClass: 24047K(24256K)->24047K(24256K) Class: 4868K(5056K)->4868K(5056K)
[4704.893s][info][gc             ] GC(1416) Pause Young (Prepare Mixed) (G1 Evacuation Pause) 3627M->1457M(4096M) 117.041ms
[4704.893s][info][gc,cpu         ] GC(1416) User=0.70s Sys=0.00s Real=0.12s
..[4706.998s][info][gc,start       ] GC(1417) Pause Young (Mixed) (G1 Evacuation Pause)
[4706.998s][info][gc,task        ] GC(1417) Using 6 workers of 6 for evacuation
[4707.142s][info][gc,phases      ] GC(1417)   Pre Evacuate Collection Set: 0.34ms
[4707.142s][info][gc,phases      ] GC(1417)   Merge Heap Roots: 0.67ms
[4707.142s][info][gc,phases      ] GC(1417)   Evacuate Collection Set: 142.03ms
[4707.142s][info][gc,phases      ] GC(1417)   Post Evacuate Collection Set: 0.92ms
[4707.142s][info][gc,phases      ] GC(1417)   Other: 0.10ms
[4707.142s][info][gc,heap        ] GC(1417) Eden regions: 1104->0(1111)
[4707.142s][info][gc,heap        ] GC(1417) Survivor regions: 112->117(152)
[4707.142s][info][gc,heap        ] GC(1417) Old regions: 537->476
[4707.142s][info][gc,heap        ] GC(1417) Humongous regions: 80->80
[4707.142s][info][gc,metaspace   ] GC(1417) Metaspace: 28915K(29312K)->28915K(29312K) NonClass: 24047K(24256K)->24047K(24256K) Class: 4868K(5056K)->4868K(5056K)
[4707.142s][info][gc             ] GC(1417) Pause Young (Mixed) (G1 Evacuation Pause) 3665M->1345M(4096M) 144.182ms
[4707.142s][info][gc,cpu         ] GC(1417) User=0.85s Sys=0.00s Real=0.15s
.. (rIR:aIR:PR = 8441:8439:8439) (tPR = 124494) [OK] 
  4708s: Performance info:
         Transaction,    Success,    Partial,     Failed,   Receipts, AvgBarcode, 
             Overall,     508913,          0,          0,     483615,      59.48, 
         Response times:
             Request,    Success,    Partial,     Failed,   SkipFail,     Probes,    Samples,      min,      p50,      p90,      p95,      p99,      max, 
       TotalPurchase,     483615,          0,          0,          0,     347840,     418111,      300,     8500,   151000,   213000,   283000,   740000,
     InStorePurchase,     256105,          0,          0,          0,     182006,     219436,      300,     8500,   152000,   216000,   282000,   660000,
      OnlinePurchase,     176788,          0,          0,          0,     128711,     154527,      300,     8200,   150000,   210000,   282000,   740000,
        InstPurchase,      50722,          0,          0,          0,      37123,      44148,      400,     9000,   151000,   216000,   288000,   546000,
          AssocOfCat,        505,          0,          0,          0,        426,        591,    23000,    53000,   222800,   270200,   329080,   410000,
      AssocOfProduct,       5071,          0,          0,          0,       3531,       4452,      800,     9100,   148000,   210000,   271470,   370000,
      BusinessReport,       1274,          0,          0,          0,       1125,       1482,    28000,    58000,   222700,   269850,   343510,   466000,
          CustBuyBeh,       5080,          0,          0,          0,       3503,       4401,      600,     8900,   150000,   218000,   270980,   382000,
       ProductReturn,      13368,          0,          0,          0,       9258,      11166,      100,     8000,   148000,   206000,   283000,   670000,

  4708s: (62%)   IR =   8579 [4709.217s][info][gc,start       ] GC(1418) Pause Young (Concurrent Start) (G1 Evacuation Pause)
[4709.217s][info][gc,task        ] GC(1418) Using 6 workers of 6 for evacuation
[4709.332s][info][gc,phases      ] GC(1418)   Pre Evacuate Collection Set: 0.36ms
[4709.332s][info][gc,phases      ] GC(1418)   Merge Heap Roots: 0.46ms
[4709.332s][info][gc,phases      ] GC(1418)   Evacuate Collection Set: 113.78ms
[4709.332s][info][gc,phases      ] GC(1418)   Post Evacuate Collection Set: 0.85ms
[4709.332s][info][gc,phases      ] GC(1418)   Other: 0.13ms
[4709.332s][info][gc,heap        ] GC(1418) Eden regions: 1111->0(1120)
[4709.332s][info][gc,heap        ] GC(1418) Survivor regions: 117->108(154)
[4709.332s][info][gc,heap        ] GC(1418) Old regions: 476->508
[4709.332s][info][gc,heap        ] GC(1418) Humongous regions: 80->80
[4709.332s][info][gc,metaspace   ] GC(1418) Metaspace: 28916K(29312K)->28916K(29312K) NonClass: 24047K(24256K)->24047K(24256K) Class: 4868K(5056K)->4868K(5056K)
[4709.332s][info][gc             ] GC(1418) Pause Young (Concurrent Start) (G1 Evacuation Pause) 3567M->1390M(4096M) 115.723ms
[4709.332s][info][gc             ] GC(1419) Concurrent Mark Cycle
[4709.332s][info][gc,marking     ] GC(1419) Concurrent Scan Root Regions
[4709.332s][info][gc,cpu         ] GC(1418) User=0.69s Sys=0.00s Real=0.12s
[4709.477s][info][gc,marking     ] GC(1419) Concurrent Scan Root Regions 144.523ms
[4709.477s][info][gc,marking     ] GC(1419) Concurrent Mark
[4709.477s][info][gc,marking     ] GC(1419) Concurrent Mark From Roots
[4709.477s][info][gc,task        ] GC(1419) Using 2 workers of 2 for marking
.[4710.170s][info][gc,marking     ] GC(1419) Concurrent Mark From Roots 692.781ms
[4710.170s][info][gc,marking     ] GC(1419) Concurrent Preclean
[4710.170s][info][gc,marking     ] GC(1419) Concurrent Preclean 0.132ms
[4710.170s][info][gc,start       ] GC(1419) Pause Remark
[4710.176s][info][gc             ] GC(1419) Pause Remark 2109M->2109M(4096M) 5.963ms
[4710.176s][info][gc,cpu         ] GC(1419) User=0.03s Sys=0.00s Real=0.01s
[4710.178s][info][gc,marking     ] GC(1419) Concurrent Mark 701.488ms
[4710.178s][info][gc,marking     ] GC(1419) Concurrent Rebuild Remembered Sets and Scrub Regions
[4710.451s][info][gc,marking     ] GC(1419) Concurrent Rebuild Remembered Sets and Scrub Regions 272.166ms
[4710.451s][info][gc,start       ] GC(1419) Pause Cleanup
[4710.452s][info][gc             ] GC(1419) Pause Cleanup 2408M->2408M(4096M) 0.127ms
[4710.452s][info][gc,cpu         ] GC(1419) User=0.01s Sys=0.00s Real=0.00s
[4710.452s][info][gc,marking     ] GC(1419) Concurrent Clear Claimed Marks
[4710.452s][info][gc,marking     ] GC(1419) Concurrent Clear Claimed Marks 0.028ms
[4710.452s][info][gc,marking     ] GC(1419) Concurrent Cleanup for Next Mark
[4710.457s][info][gc,marking     ] GC(1419) Concurrent Cleanup for Next Mark 5.201ms
[4710.457s][info][gc             ] GC(1419) Concurrent Mark Cycle 1124.938ms
.[4711.382s][info][gc,start       ] GC(1420) Pause Young (Prepare Mixed) (G1 Evacuation Pause)
[4711.382s][info][gc,task        ] GC(1420) Using 6 workers of 6 for evacuation
[4711.501s][info][gc,phases      ] GC(1420)   Pre Evacuate Collection Set: 0.35ms
[4711.501s][info][gc,phases      ] GC(1420)   Merge Heap Roots: 0.52ms
[4711.501s][info][gc,phases      ] GC(1420)   Evacuate Collection Set: 116.86ms
[4711.501s][info][gc,phases      ] GC(1420)   Post Evacuate Collection Set: 0.93ms
[4711.501s][info][gc,phases      ] GC(1420)   Other: 0.08ms
[4711.501s][info][gc,heap        ] GC(1420) Eden regions: 1120->0(1102)
[4711.501s][info][gc,heap        ] GC(1420) Survivor regions: 108->112(154)
[4711.501s][info][gc,heap        ] GC(1420) Old regions: 508->539
[4711.501s][info][gc,heap        ] GC(1420) Humongous regions: 80->80
[4711.501s][info][gc,metaspace   ] GC(1420) Metaspace: 28916K(29312K)->28916K(29312K) NonClass: 24047K(24256K)->24047K(24256K) Class: 4868K(5056K)->4868K(5056K)
[4711.501s][info][gc             ] GC(1420) Pause Young (Prepare Mixed) (G1 Evacuation Pause) 3630M->1460M(4096M) 118.873ms
[4711.501s][info][gc,cpu         ] GC(1420) User=0.70s Sys=0.00s Real=0.11s
..[4713.579s][info][gc,start       ] GC(1421) Pause Young (Mixed) (G1 Evacuation Pause)
[4713.579s][info][gc,task        ] GC(1421) Using 6 workers of 6 for evacuation
[4713.716s][info][gc,phases      ] GC(1421)   Pre Evacuate Collection Set: 0.35ms
[4713.716s][info][gc,phases      ] GC(1421)   Merge Heap Roots: 0.78ms
[4713.716s][info][gc,phases      ] GC(1421)   Evacuate Collection Set: 135.22ms
[4713.716s][info][gc,phases      ] GC(1421)   Post Evacuate Collection Set: 0.90ms
[4713.716s][info][gc,phases      ] GC(1421)   Other: 0.10ms
[4713.716s][info][gc,heap        ] GC(1421) Eden regions: 1102->0(1117)
[4713.716s][info][gc,heap        ] GC(1421) Survivor regions: 112->111(152)
[4713.716s][info][gc,heap        ] GC(1421) Old regions: 539->475
[4713.716s][info][gc,heap        ] GC(1421) Humongous regions: 80->80
[4713.716s][info][gc,metaspace   ] GC(1421) Metaspace: 28916K(29312K)->28916K(29312K) NonClass: 24047K(24256K)->24047K(24256K) Class: 4868K(5056K)->4868K(5056K)
[4713.716s][info][gc             ] GC(1421) Pause Young (Mixed) (G1 Evacuation Pause) 3664M->1331M(4096M) 137.461ms
[4713.716s][info][gc,cpu         ] GC(1421) User=0.82s Sys=0.00s Real=0.14s
..[4715.808s][info][gc,start       ] GC(1422) Pause Young (Concurrent Start) (G1 Evacuation Pause)
[4715.808s][info][gc,task        ] GC(1422) Using 6 workers of 6 for evacuation
[4715.927s][info][gc,phases      ] GC(1422)   Pre Evacuate Collection Set: 0.38ms
[4715.927s][info][gc,phases      ] GC(1422)   Merge Heap Roots: 0.50ms
[4715.927s][info][gc,phases      ] GC(1422)   Evacuate Collection Set: 117.22ms
[4715.927s][info][gc,phases      ] GC(1422)   Post Evacuate Collection Set: 0.86ms
[4715.927s][info][gc,phases      ] GC(1422)   Other: 0.15ms
[4715.927s][info][gc,heap        ] GC(1422) Eden regions: 1117->0(1115)
[4715.927s][info][gc,heap        ] GC(1422) Survivor regions: 111->113(154)
[4715.927s][info][gc,heap        ] GC(1422) Old regions: 475->507
[4715.927s][info][gc,heap        ] GC(1422) Humongous regions: 80->80
[4715.927s][info][gc,metaspace   ] GC(1422) Metaspace: 28916K(29312K)->28916K(29312K) NonClass: 24047K(24256K)->24047K(24256K) Class: 4868K(5056K)->4868K(5056K)
[4715.927s][info][gc             ] GC(1422) Pause Young (Concurrent Start) (G1 Evacuation Pause) 3565M->1397M(4096M) 119.275ms
[4715.927s][info][gc             ] GC(1423) Concurrent Mark Cycle
[4715.927s][info][gc,marking     ] GC(1423) Concurrent Scan Root Regions
[4715.927s][info][gc,cpu         ] GC(1422) User=0.71s Sys=0.00s Real=0.12s
.[4716.121s][info][gc,marking     ] GC(1423) Concurrent Scan Root Regions 193.287ms
[4716.121s][info][gc,marking     ] GC(1423) Concurrent Mark
[4716.121s][info][gc,marking     ] GC(1423) Concurrent Mark From Roots
[4716.121s][info][gc,task        ] GC(1423) Using 2 workers of 2 for marking
[4717.061s][info][gc,marking     ] GC(1423) Concurrent Mark From Roots 940.324ms
[4717.061s][info][gc,marking     ] GC(1423) Concurrent Preclean
[4717.061s][info][gc,marking     ] GC(1423) Concurrent Preclean 0.097ms
.[4717.061s][info][gc,start       ] GC(1423) Pause Remark
[4717.068s][info][gc             ] GC(1423) Pause Remark 2485M->2485M(4096M) 7.023ms
[4717.068s][info][gc,cpu         ] GC(1423) User=0.04s Sys=0.00s Real=0.00s
[4717.069s][info][gc,marking     ] GC(1423) Concurrent Mark 948.076ms
[4717.069s][info][gc,marking     ] GC(1423) Concurrent Rebuild Remembered Sets and Scrub Regions
[4717.469s][info][gc,marking     ] GC(1423) Concurrent Rebuild Remembered Sets and Scrub Regions 400.045ms
[4717.469s][info][gc,start       ] GC(1423) Pause Cleanup
[4717.469s][info][gc             ] GC(1423) Pause Cleanup 2925M->2925M(4096M) 0.121ms
[4717.469s][info][gc,cpu         ] GC(1423) User=0.00s Sys=0.00s Real=0.00s
[4717.469s][info][gc,marking     ] GC(1423) Concurrent Clear Claimed Marks
[4717.469s][info][gc,marking     ] GC(1423) Concurrent Clear Claimed Marks 0.032ms
[4717.469s][info][gc,marking     ] GC(1423) Concurrent Cleanup for Next Mark
[4717.477s][info][gc,marking     ] GC(1423) Concurrent Cleanup for Next Mark 7.811ms
[4717.477s][info][gc             ] GC(1423) Concurrent Mark Cycle 1549.799ms
[4718.014s][info][gc,start       ] GC(1424) Pause Young (Prepare Mixed) (G1 Evacuation Pause)
[4718.014s][info][gc,task        ] GC(1424) Using 6 workers of 6 for evacuation
[4718.136s][info][gc,phases      ] GC(1424)   Pre Evacuate Collection Set: 0.31ms
[4718.136s][info][gc,phases      ] GC(1424)   Merge Heap Roots: 0.51ms
[4718.136s][info][gc,phases      ] GC(1424)   Evacuate Collection Set: 120.56ms
[4718.136s][info][gc,phases      ] GC(1424)   Post Evacuate Collection Set: 0.90ms
[4718.136s][info][gc,phases      ] GC(1424)   Other: 0.09ms
[4718.136s][info][gc,heap        ] GC(1424) Eden regions: 1115->0(1097)
[4718.136s][info][gc,heap        ] GC(1424) Survivor regions: 113->114(154)
[4718.136s][info][gc,heap        ] GC(1424) Old regions: 507->540
[4718.136s][info][gc,heap        ] GC(1424) Humongous regions: 80->80
[4718.136s][info][gc,metaspace   ] GC(1424) Metaspace: 28916K(29312K)->28916K(29312K) NonClass: 24047K(24256K)->24047K(24256K) Class: 4868K(5056K)->4868K(5056K)
[4718.136s][info][gc             ] GC(1424) Pause Young (Prepare Mixed) (G1 Evacuation Pause) 3627M->1465M(4096M) 122.499ms
[4718.136s][info][gc,cpu         ] GC(1424) User=0.73s Sys=0.00s Real=0.12s
.|.[4720.096s][info][gc,start       ] GC(1425) Pause Young (Mixed) (G1 Evacuation Pause)
[4720.096s][info][gc,task        ] GC(1425) Using 6 workers of 6 for evacuation
[4720.235s][info][gc,phases      ] GC(1425)   Pre Evacuate Collection Set: 0.36ms
[4720.235s][info][gc,phases      ] GC(1425)   Merge Heap Roots: 0.67ms
[4720.235s][info][gc,phases      ] GC(1425)   Evacuate Collection Set: 136.71ms
[4720.235s][info][gc,phases      ] GC(1425)   Post Evacuate Collection Set: 0.95ms
[4720.235s][info][gc,phases      ] GC(1425)   Other: 0.09ms
[4720.235s][info][gc,heap        ] GC(1425) Eden regions: 1097->0(1113)
[4720.235s][info][gc,heap        ] GC(1425) Survivor regions: 114->115(152)
[4720.235s][info][gc,heap        ] GC(1425) Old regions: 540->475
[4720.235s][info][gc,heap        ] GC(1425) Humongous regions: 80->80
[4720.235s][info][gc,metaspace   ] GC(1425) Metaspace: 28916K(29312K)->28916K(29312K) NonClass: 24047K(24256K)->24047K(24256K) Class: 4868K(5056K)->4868K(5056K)
[4720.235s][info][gc             ] GC(1425) Pause Young (Mixed) (G1 Evacuation Pause) 3659M->1338M(4096M) 138.935ms
[4720.235s][info][gc,cpu         ] GC(1425) User=0.83s Sys=0.00s Real=0.14s
..[4722.217s][info][gc,start       ] GC(1426) Pause Young (Concurrent Start) (G1 Evacuation Pause)
[4722.217s][info][gc,task        ] GC(1426) Using 6 workers of 6 for evacuation
[4722.337s][info][gc,phases      ] GC(1426)   Pre Evacuate Collection Set: 0.39ms
[4722.337s][info][gc,phases      ] GC(1426)   Merge Heap Roots: 0.48ms
[4722.337s][info][gc,phases      ] GC(1426)   Evacuate Collection Set: 117.93ms
[4722.337s][info][gc,phases      ] GC(1426)   Post Evacuate Collection Set: 0.91ms
[4722.337s][info][gc,phases      ] GC(1426)   Other: 0.13ms
[4722.337s][info][gc,heap        ] GC(1426) Eden regions: 1113->0(1117)
[4722.337s][info][gc,heap        ] GC(1426) Survivor regions: 115->111(154)
[4722.337s][info][gc,heap        ] GC(1426) Old regions: 475->506
[4722.337s][info][gc,heap        ] GC(1426) Humongous regions: 80->80
[4722.337s][info][gc,metaspace   ] GC(1426) Metaspace: 28916K(29312K)->28916K(29312K) NonClass: 24047K(24256K)->24047K(24256K) Class: 4868K(5056K)->4868K(5056K)
[4722.337s][info][gc             ] GC(1426) Pause Young (Concurrent Start) (G1 Evacuation Pause) 3564M->1392M(4096M) 119.976ms
[4722.337s][info][gc             ] GC(1427) Concurrent Mark Cycle
[4722.337s][info][gc,marking     ] GC(1427) Concurrent Scan Root Regions
[4722.337s][info][gc,cpu         ] GC(1426) User=0.72s Sys=0.00s Real=0.12s
.[4722.529s][info][gc,marking     ] GC(1427) Concurrent Scan Root Regions 191.383ms
[4722.529s][info][gc,marking     ] GC(1427) Concurrent Mark
[4722.529s][info][gc,marking     ] GC(1427) Concurrent Mark From Roots
[4722.529s][info][gc,task        ] GC(1427) Using 2 workers of 2 for marking
.[4723.559s][info][gc,marking     ] GC(1427) Concurrent Mark From Roots 1030.076ms
[4723.559s][info][gc,marking     ] GC(1427) Concurrent Preclean
[4723.559s][info][gc,marking     ] GC(1427) Concurrent Preclean 0.117ms
[4723.559s][info][gc,start       ] GC(1427) Pause Remark
[4723.567s][info][gc             ] GC(1427) Pause Remark 2516M->2516M(4096M) 7.365ms
[4723.567s][info][gc,cpu         ] GC(1427) User=0.05s Sys=0.00s Real=0.01s
[4723.569s][info][gc,marking     ] GC(1427) Concurrent Mark 1040.444ms
[4723.569s][info][gc,marking     ] GC(1427) Concurrent Rebuild Remembered Sets and Scrub Regions
[4724.023s][info][gc,marking     ] GC(1427) Concurrent Rebuild Remembered Sets and Scrub Regions 453.782ms
[4724.024s][info][gc,start       ] GC(1427) Pause Cleanup
[4724.024s][info][gc             ] GC(1427) Pause Cleanup 3084M->3084M(4096M) 0.129ms
[4724.024s][info][gc,cpu         ] GC(1427) User=0.01s Sys=0.00s Real=0.00s
[4724.024s][info][gc,marking     ] GC(1427) Concurrent Clear Claimed Marks
